--------- beginning of /dev/log/main
02-25 10:43:41.219 D/AndroidRuntime( 7695): 
02-25 10:43:41.219 D/AndroidRuntime( 7695): >>>>>> AndroidRuntime START com.android.internal.os.RuntimeInit <<<<<<
02-25 10:43:41.219 D/AndroidRuntime( 7695): CheckJNI is OFF
02-25 10:43:41.219 I/AndroidRuntime( 7695): Kernel Release Version: 3.10.20-gf818079
02-25 10:43:41.219 I/dalvikvm( 7695): No library specified. The standard exception handler will be used
02-25 10:43:41.239 I/dalvikvm( 7695): 
02-25 10:43:41.239 I/dalvikvm( 7695): +++++++++++++ Using PCG. +++++++++++++++++++++
02-25 10:43:41.249 D/dalvikvm( 7695): Trying to load lib libjavacore.so 0x0
02-25 10:43:41.249 D/dalvikvm( 7695): Added shared lib libjavacore.so 0x0
02-25 10:43:41.249 D/dalvikvm( 7695): Trying to load lib libnativehelper.so 0x0
02-25 10:43:41.249 D/dalvikvm( 7695): Added shared lib libnativehelper.so 0x0
02-25 10:43:41.249 D/dalvikvm( 7695): No JNI_OnLoad found in libnativehelper.so 0x0, skipping init
02-25 10:43:41.259 D/dalvikvm( 7695): Extra Options: not specified
02-25 10:43:41.269 D/dalvikvm( 7695): Note: class Landroid/app/ActivityManagerNative; has 186 unimplemented (abstract) methods
02-25 10:43:41.339 E/memtrack( 7695): Couldn't load memtrack module (No such file or directory)
02-25 10:43:41.339 E/android.os.Debug( 7695): failed to load memtrack module: -2
02-25 10:43:41.369 D/AndroidRuntime( 7695): Calling main entry com.android.commands.am.Am
02-25 10:43:41.399 D/AndroidRuntime( 7695): Shutting down VM
02-25 10:43:41.399 D/dalvikvm( 7695): GC_CONCURRENT freed 108K, 16% free 638K/760K, paused 0ms+1ms, total 1ms
--------- beginning of /dev/log/system
02-25 10:43:41.399 I/ActivityManager(  506): Force stopping org.xwalk.webapi_noneservice_tests appid=10259 user=0: from pid 7695
02-25 10:43:41.409 D/dalvikvm( 7695): Compiler shutdown in progress - discarding request
02-25 10:43:41.409 D/dalvikvm( 7695): Compiler shutdown in progress - discarding request
02-25 10:43:41.409 D/dalvikvm( 7695): Compiler shutdown in progress - discarding request
02-25 10:43:41.409 D/dalvikvm( 7695): Compiler shutdown in progress - discarding request
02-25 10:43:41.409 D/dalvikvm( 7695): Compiler shutdown in progress - discarding request
02-25 10:43:41.409 D/dalvikvm( 7695): Compiler shutdown in progress - discarding request
02-25 10:43:41.409 D/dalvikvm( 7695): Compiler shutdown in progress - discarding request
02-25 10:43:41.409 D/dalvikvm( 7695): Compiler shutdown in progress - discarding request
02-25 10:43:41.409 D/dalvikvm( 7695): Compiler shutdown in progress - discarding request
02-25 10:43:41.409 D/dalvikvm( 7695): Compiler shutdown in progress - discarding request
02-25 10:43:41.409 D/dalvikvm( 7695): Compiler shutdown in progress - discarding request
02-25 10:43:41.409 D/dalvikvm( 7695): Compiler shutdown in progress - discarding request
02-25 10:43:41.409 D/dalvikvm( 7695): Compiler shutdown in progress - discarding request
02-25 10:43:41.409 D/dalvikvm( 7695): Compiler shutdown in progress - discarding request
02-25 10:43:41.409 D/dalvikvm( 7695): Compiler shutdown in progress - discarding request
02-25 10:43:41.409 D/dalvikvm( 7695): Compiler shutdown in progress - discarding request
02-25 10:43:41.409 D/dalvikvm( 7695): Compiler shutdown in progress - discarding request
02-25 10:43:41.409 D/dalvikvm( 7695): Compiler shutdown in progress - discarding request
02-25 10:43:41.409 D/dalvikvm( 7695): Compiler shutdown in progress - discarding request
02-25 10:43:41.409 D/dalvikvm( 7695): Compiler shutdown in progress - discarding request
02-25 10:43:41.409 D/dalvikvm( 7695): Compiler shutdown in progress - discarding request
02-25 10:43:41.409 D/dalvikvm( 7695): Compiler shutdown in progress - discarding request
02-25 10:43:41.409 D/dalvikvm( 7695): Compiler shutdown in progress - discarding request
02-25 10:43:41.409 D/dalvikvm( 7695): Compiler shutdown in progress - discarding request
02-25 10:43:41.409 D/dalvikvm( 7695): Compiler shutdown in progress - discarding request
02-25 10:43:41.409 D/dalvikvm( 7695): Compiler shutdown in progress - discarding request
02-25 10:43:41.409 D/dalvikvm( 7695): Compiler shutdown in progress - discarding request
02-25 10:43:41.409 D/dalvikvm( 7695): Compiler shutdown in progress - discarding request
02-25 10:43:41.409 D/dalvikvm( 7695): Compiler shutdown in progress - discarding request
02-25 10:43:41.409 D/dalvikvm( 7695): Compiler shutdown in progress - discarding request
02-25 10:43:41.409 D/dalvikvm( 7695): Compiler shutdown in progress - discarding request
02-25 10:43:41.409 D/dalvikvm( 7695): Compiler shutdown in progress - discarding request
02-25 10:43:41.409 D/dalvikvm( 7695): Compiler shutdown in progress - discarding request
02-25 10:43:41.409 D/dalvikvm( 7695): Compiler shutdown in progress - discarding request
02-25 10:43:41.409 D/dalvikvm( 7695): Compiler shutdown in progress - discarding request
02-25 10:43:41.409 D/dalvikvm( 7695): Compiler shutdown in progress - discarding request
02-25 10:43:41.409 D/dalvikvm( 7695): Compiler shutdown in progress - discarding request
02-25 10:43:41.409 D/dalvikvm( 7695): Compiler shutdown in progress - discarding request
02-25 10:43:41.409 D/dalvikvm( 7695): Compiler shutdown in progress - discarding request
02-25 10:43:41.409 D/dalvikvm( 7695): Compiler shutdown in progress - discarding request
02-25 10:43:41.409 D/dalvikvm( 7695): Compiler shutdown in progress - discarding request
02-25 10:43:41.409 D/dalvikvm( 7695): Compiler shutdown in progress - discarding request
02-25 10:43:41.409 D/dalvikvm( 7695): Compiler shutdown in progress - discarding request
02-25 10:43:41.409 D/dalvikvm( 7695): Compiler shutdown in progress - discarding request
02-25 10:43:41.409 D/dalvikvm( 7695): Compiler shutdown in progress - discarding request
02-25 10:43:42.009 D/AndroidRuntime( 7706): 
02-25 10:43:42.009 D/AndroidRuntime( 7706): >>>>>> AndroidRuntime START com.android.internal.os.RuntimeInit <<<<<<
02-25 10:43:42.009 D/AndroidRuntime( 7706): CheckJNI is OFF
02-25 10:43:42.009 I/AndroidRuntime( 7706): Kernel Release Version: 3.10.20-gf818079
02-25 10:43:42.009 I/dalvikvm( 7706): No library specified. The standard exception handler will be used
02-25 10:43:42.009 I/dalvikvm( 7706): 
02-25 10:43:42.009 I/dalvikvm( 7706): +++++++++++++ Using PCG. +++++++++++++++++++++
02-25 10:43:42.019 D/dalvikvm( 7706): Trying to load lib libjavacore.so 0x0
02-25 10:43:42.019 D/dalvikvm( 7706): Added shared lib libjavacore.so 0x0
02-25 10:43:42.019 D/dalvikvm( 7706): Trying to load lib libnativehelper.so 0x0
02-25 10:43:42.019 D/dalvikvm( 7706): Added shared lib libnativehelper.so 0x0
02-25 10:43:42.019 D/dalvikvm( 7706): No JNI_OnLoad found in libnativehelper.so 0x0, skipping init
02-25 10:43:42.029 D/dalvikvm( 7706): Extra Options: not specified
02-25 10:43:42.039 D/dalvikvm( 7706): Note: class Landroid/app/ActivityManagerNative; has 186 unimplemented (abstract) methods
02-25 10:43:42.109 E/memtrack( 7706): Couldn't load memtrack module (No such file or directory)
02-25 10:43:42.109 E/android.os.Debug( 7706): failed to load memtrack module: -2
02-25 10:43:42.139 D/AndroidRuntime( 7706): Calling main entry com.android.commands.am.Am
02-25 10:43:42.189 D/AndroidRuntime( 7706): Shutting down VM
02-25 10:43:42.189 D/dalvikvm( 7706): GC_CONCURRENT freed 117K, 17% free 670K/800K, paused 1ms+0ms, total 2ms
02-25 10:43:42.189 D/dalvikvm( 7706): Compiler shutdown in progress - discarding request
02-25 10:43:42.189 D/dalvikvm( 7706): Compiler shutdown in progress - discarding request
02-25 10:43:42.189 D/dalvikvm( 7706): Compiler shutdown in progress - discarding request
02-25 10:43:42.189 D/dalvikvm( 7706): Compiler shutdown in progress - discarding request
02-25 10:43:42.189 D/dalvikvm( 7706): Compiler shutdown in progress - discarding request
02-25 10:43:42.189 D/dalvikvm( 7706): Compiler shutdown in progress - discarding request
02-25 10:43:42.189 D/dalvikvm( 7706): Compiler shutdown in progress - discarding request
02-25 10:43:42.189 D/dalvikvm( 7706): Compiler shutdown in progress - discarding request
02-25 10:43:42.189 D/dalvikvm( 7706): Compiler shutdown in progress - discarding request
02-25 10:43:42.189 D/dalvikvm( 7706): Compiler shutdown in progress - discarding request
02-25 10:43:42.189 D/dalvikvm( 7706): Compiler shutdown in progress - discarding request
02-25 10:43:42.189 D/dalvikvm( 7706): Compiler shutdown in progress - discarding request
02-25 10:43:42.189 D/dalvikvm( 7706): Compiler shutdown in progress - discarding request
02-25 10:43:42.189 D/dalvikvm( 7706): Compiler shutdown in progress - discarding request
02-25 10:43:42.189 D/dalvikvm( 7706): Compiler shutdown in progress - discarding request
02-25 10:43:42.189 D/dalvikvm( 7706): Compiler shutdown in progress - discarding request
02-25 10:43:42.189 D/dalvikvm( 7706): Compiler shutdown in progress - discarding request
02-25 10:43:42.189 D/dalvikvm( 7706): Compiler shutdown in progress - discarding request
02-25 10:43:42.189 D/dalvikvm( 7706): Compiler shutdown in progress - discarding request
02-25 10:43:42.189 D/dalvikvm( 7706): Compiler shutdown in progress - discarding request
02-25 10:43:42.189 D/dalvikvm( 7706): Compiler shutdown in progress - discarding request
02-25 10:43:42.189 D/dalvikvm( 7706): Compiler shutdown in progress - discarding request
02-25 10:43:42.189 D/dalvikvm( 7706): Compiler shutdown in progress - discarding request
02-25 10:43:42.189 D/dalvikvm( 7706): Compiler shutdown in progress - discarding request
02-25 10:43:42.189 D/dalvikvm( 7706): Compiler shutdown in progress - discarding request
02-25 10:43:42.189 D/dalvikvm( 7706): Compiler shutdown in progress - discarding request
02-25 10:43:42.189 D/dalvikvm( 7706): Compiler shutdown in progress - discarding request
02-25 10:43:42.189 D/dalvikvm( 7706): Compiler shutdown in progress - discarding request
02-25 10:43:42.189 D/dalvikvm( 7706): Compiler shutdown in progress - discarding request
02-25 10:43:42.189 D/dalvikvm( 7706): Compiler shutdown in progress - discarding request
02-25 10:43:42.189 D/dalvikvm( 7706): Compiler shutdown in progress - discarding request
02-25 10:43:42.189 D/dalvikvm( 7706): Compiler shutdown in progress - discarding request
02-25 10:43:42.189 D/dalvikvm( 7706): Compiler shutdown in progress - discarding request
02-25 10:43:42.189 D/dalvikvm( 7706): Compiler shutdown in progress - discarding request
02-25 10:43:42.189 D/dalvikvm( 7706): Compiler shutdown in progress - discarding request
02-25 10:43:42.189 D/dalvikvm( 7706): Compiler shutdown in progress - discarding request
02-25 10:43:42.189 D/dalvikvm( 7706): Compiler shutdown in progress - discarding request
02-25 10:43:42.189 D/dalvikvm( 7706): Compiler shutdown in progress - discarding request
02-25 10:43:42.189 D/dalvikvm( 7706): Compiler shutdown in progress - discarding request
02-25 10:43:42.189 D/dalvikvm( 7706): Compiler shutdown in progress - discarding request
02-25 10:43:42.189 D/dalvikvm( 7706): Compiler shutdown in progress - discarding request
02-25 10:43:42.189 D/dalvikvm( 7706): Compiler shutdown in progress - discarding request
02-25 10:43:42.189 D/dalvikvm( 7706): Compiler shutdown in progress - discarding request
02-25 10:43:42.189 D/dalvikvm( 7706): Compiler shutdown in progress - discarding request
02-25 10:43:42.189 D/dalvikvm( 7706): Compiler shutdown in progress - discarding request
02-25 10:43:42.189 I/ActivityManager(  506): START u0 {flg=0x10000000 cmp=org.xwalk.webapi_noneservice_tests/.webapi_noneservice_testsActivity} from pid 7706
02-25 10:43:42.809 D/AndroidRuntime( 7717): 
02-25 10:43:42.809 D/AndroidRuntime( 7717): >>>>>> AndroidRuntime START com.android.internal.os.RuntimeInit <<<<<<
02-25 10:43:42.809 D/AndroidRuntime( 7717): CheckJNI is OFF
02-25 10:43:42.819 I/AndroidRuntime( 7717): Kernel Release Version: 3.10.20-gf818079
02-25 10:43:42.819 I/dalvikvm( 7717): No library specified. The standard exception handler will be used
02-25 10:43:42.819 I/dalvikvm( 7717): 
02-25 10:43:42.819 I/dalvikvm( 7717): +++++++++++++ Using PCG. +++++++++++++++++++++
02-25 10:43:42.829 D/dalvikvm( 7717): Trying to load lib libjavacore.so 0x0
02-25 10:43:42.829 D/dalvikvm( 7717): Added shared lib libjavacore.so 0x0
02-25 10:43:42.829 D/dalvikvm( 7717): Trying to load lib libnativehelper.so 0x0
02-25 10:43:42.829 D/dalvikvm( 7717): Added shared lib libnativehelper.so 0x0
02-25 10:43:42.829 D/dalvikvm( 7717): No JNI_OnLoad found in libnativehelper.so 0x0, skipping init
02-25 10:43:42.839 D/dalvikvm( 7717): Extra Options: not specified
02-25 10:43:42.849 D/dalvikvm( 7717): Note: class Landroid/app/ActivityManagerNative; has 186 unimplemented (abstract) methods
02-25 10:43:42.919 E/memtrack( 7717): Couldn't load memtrack module (No such file or directory)
02-25 10:43:42.919 E/android.os.Debug( 7717): failed to load memtrack module: -2
02-25 10:43:42.949 D/AndroidRuntime( 7717): Calling main entry com.android.commands.am.Am
02-25 10:43:42.989 I/ActivityManager(  506): START u0 {flg=0x10000000 cmp=org.xwalk.webapi_noneservice_tests/.webapi_noneservice_tests} from pid 7717
02-25 10:43:42.999 V/WeatherTimeProvider( 1537): widget on Visibility Changed
02-25 10:43:42.999 D/AndroidRuntime( 7717): Shutting down VM
02-25 10:43:42.999 I/SecurityManagerService(  602): SMS received security event: App[START/org.xwalk.webapi_noneservice_tests]
02-25 10:43:43.009 D/dalvikvm( 7717): GC_CONCURRENT freed 110K, 16% free 673K/800K, paused 4ms+1ms, total 5ms
02-25 10:43:43.009 D/dalvikvm( 7728): Late-enabling CheckJNI
02-25 10:43:43.009 D/dalvikvm( 7728): Try to disable coredump for pid 7728
02-25 10:43:43.009 D/dalvikvm( 7728): Process 7728 nice name: org.xwalk.webapi_noneservice_tests
02-25 10:43:43.009 D/dalvikvm( 7717): Compiler shutdown in progress - discarding request
02-25 10:43:43.009 D/dalvikvm( 7717): Compiler shutdown in progress - discarding request
02-25 10:43:43.009 D/dalvikvm( 7717): Compiler shutdown in progress - discarding request
02-25 10:43:43.009 D/dalvikvm( 7717): Compiler shutdown in progress - discarding request
02-25 10:43:43.009 D/dalvikvm( 7717): Compiler shutdown in progress - discarding request
02-25 10:43:43.009 D/dalvikvm( 7728): Extra Options: not specified
02-25 10:43:43.009 D/dalvikvm( 7717): Compiler shutdown in progress - discarding request
02-25 10:43:43.009 D/dalvikvm( 7717): Compiler shutdown in progress - discarding request
02-25 10:43:43.009 D/dalvikvm( 7717): Compiler shutdown in progress - discarding request
02-25 10:43:43.009 D/dalvikvm( 7717): Compiler shutdown in progress - discarding request
02-25 10:43:43.009 D/dalvikvm( 7717): Compiler shutdown in progress - discarding request
02-25 10:43:43.009 D/dalvikvm( 7717): Compiler shutdown in progress - discarding request
02-25 10:43:43.009 D/dalvikvm( 7717): Compiler shutdown in progress - discarding request
02-25 10:43:43.009 D/dalvikvm( 7717): Compiler shutdown in progress - discarding request
02-25 10:43:43.009 D/dalvikvm( 7717): Compiler shutdown in progress - discarding request
02-25 10:43:43.009 D/dalvikvm( 7717): Compiler shutdown in progress - discarding request
02-25 10:43:43.009 D/dalvikvm( 7717): Compiler shutdown in progress - discarding request
02-25 10:43:43.009 D/dalvikvm( 7717): Compiler shutdown in progress - discarding request
02-25 10:43:43.009 D/dalvikvm( 7717): Compiler shutdown in progress - discarding request
02-25 10:43:43.009 D/dalvikvm( 7717): Compiler shutdown in progress - discarding request
02-25 10:43:43.009 D/dalvikvm( 7717): Compiler shutdown in progress - discarding request
02-25 10:43:43.009 D/dalvikvm( 7717): Compiler shutdown in progress - discarding request
02-25 10:43:43.009 D/dalvikvm( 7717): Compiler shutdown in progress - discarding request
02-25 10:43:43.009 D/dalvikvm( 7717): Compiler shutdown in progress - discarding request
02-25 10:43:43.009 D/dalvikvm( 7717): Compiler shutdown in progress - discarding request
02-25 10:43:43.009 D/dalvikvm( 7717): Compiler shutdown in progress - discarding request
02-25 10:43:43.009 D/dalvikvm( 7717): Compiler shutdown in progress - discarding request
02-25 10:43:43.009 D/dalvikvm( 7717): Compiler shutdown in progress - discarding request
02-25 10:43:43.009 D/dalvikvm( 7717): Compiler shutdown in progress - discarding request
02-25 10:43:43.009 D/dalvikvm( 7717): Compiler shutdown in progress - discarding request
02-25 10:43:43.009 D/dalvikvm( 7717): Compiler shutdown in progress - discarding request
02-25 10:43:43.009 D/dalvikvm( 7717): Compiler shutdown in progress - discarding request
02-25 10:43:43.009 D/dalvikvm( 7717): Compiler shutdown in progress - discarding request
02-25 10:43:43.009 D/dalvikvm( 7717): Compiler shutdown in progress - discarding request
02-25 10:43:43.009 I/ActivityManager(  506): Start proc org.xwalk.webapi_noneservice_tests for activity org.xwalk.webapi_noneservice_tests/.webapi_noneservice_tests: pid=7728 uid=10259 gids={50259, 3003, 1028, 1015}
02-25 10:43:43.019 D/dalvikvm( 7717): Compiler shutdown in progress - discarding request
02-25 10:43:43.019 D/dalvikvm( 7717): Compiler shutdown in progress - discarding request
02-25 10:43:43.019 D/dalvikvm( 7717): Compiler shutdown in progress - discarding request
02-25 10:43:43.019 D/dalvikvm( 7717): Compiler shutdown in progress - discarding request
02-25 10:43:43.019 D/dalvikvm( 7717): Compiler shutdown in progress - discarding request
02-25 10:43:43.019 D/dalvikvm( 7717): Compiler shutdown in progress - discarding request
02-25 10:43:43.019 D/dalvikvm( 7717): Compiler shutdown in progress - discarding request
02-25 10:43:43.019 D/dalvikvm( 7717): Compiler shutdown in progress - discarding request
02-25 10:43:43.019 D/dalvikvm( 7717): Compiler shutdown in progress - discarding request
02-25 10:43:43.019 D/dalvikvm( 7717): Compiler shutdown in progress - discarding request
02-25 10:43:43.019 D/dalvikvm( 7717): Compiler shutdown in progress - discarding request
02-25 10:43:43.019 D/dalvikvm( 7717): Compiler shutdown in progress - discarding request
02-25 10:43:43.029 D/WindowManager(  506): adjustConfigurationLw, config:{1.0 ?mcc?mnc ?locale ?layoutDir sw600dp w600dp h888dp 213dpi lrg port ?uimode ?night finger -keyb/v/h -nav/v} mLidState:1 mHasDockFeature:false mHasKeyboardFeature:false mHasHallSensorFeature:true config.hardKeyboardHidden:2
02-25 10:43:43.029 I/ActivityManager(  506): [TopPkgCurBat]	NowPkgName[org.xwalk.webapi_noneservice_tests]	Battery[100]	TimeTick[1424832223045]	OldPkgName[com.asus.launcher]
02-25 10:43:43.039 D/        (  702): Surface destroy: ANDROID_NATIVE_WINDOW_MAGIC
02-25 10:43:43.059 I/CordovaLog( 7728): Changing log level to DEBUG(3)
02-25 10:43:43.059 D/CordovaActivity( 7728): CordovaActivity.init()
02-25 10:43:43.059 D/dalvikvm( 7728): Trying to load lib /data/app-lib/org.xwalk.webapi_noneservice_tests-1/libxwalkcore.so 0x43d88740
02-25 10:43:43.069 D/dalvikvm( 7728): Added shared lib /data/app-lib/org.xwalk.webapi_noneservice_tests-1/libxwalkcore.so 0x43d88740
02-25 10:43:43.069 I/LibraryLoader( 7728): Time to load native libraries: 11 ms (timestamps 7278-7289)
02-25 10:43:43.069 I/LibraryLoader( 7728): Expected native library version number "",actual native library version number ""
02-25 10:43:43.089 I/LibraryLoader( 7728): Expected native library version number "",actual native library version number ""
02-25 10:43:43.089 I/chromium( 7728): [INFO:library_loader_hooks.cc(112)] Chromium logging enabled: level = 0, default verbosity = 0
02-25 10:43:43.099 I/BrowserStartupController( 7728): Initializing chromium process, singleProcess=true
02-25 10:43:43.389 D/ImageWallpaper(  571): onVisibilityChanged: mVisible, visible=true, false
02-25 10:43:43.389 D/ImageWallpaper(  571): Visibility changed to visible=false
02-25 10:43:43.389 D/ImageWallpaper(  571): Suppressed drawFrame since redraw is not needed and offsets have not changed.
02-25 10:43:43.489 W/chromium( 7728): [WARNING:dns_config_service_posix.cc(293)] Failed to read DnsConfig.
02-25 10:43:43.489 W/AudioManagerAndroid( 7728): Requires BLUETOOTH permission
02-25 10:43:43.499 I/ufoGralloc( 7728): Hello, this is UFO GRALLOC/Intel Corporation
02-25 10:43:43.499 D/        ( 7728): Pixel Format : GGL_PIXEL_FORMAT_RGBA_8888
02-25 10:43:43.499 D/        ( 7728): droid_create_context : config id = 1 conf->NativeVisualID=1
02-25 10:43:43.499 D/        ( 7728): Pixel Format : GGL_PIXEL_FORMAT_RGBA_8888
02-25 10:43:43.499 I/        ( 7728): Requested context : GLES 2.0
02-25 10:43:43.519 W/chromium( 7728): [WARNING:proxy_service.cc(899)] PAC support disabled because there is no system implementation
02-25 10:43:43.529 W/dalvikvm( 7728): VFY: unable to find class referenced in signature (Landroid/view/inputmethod/CursorAnchorInfo;)
02-25 10:43:43.529 I/dalvikvm( 7728): Could not find method android.view.inputmethod.InputMethodManager.updateCursorAnchorInfo, referenced from method org.chromium.content.browser.input.InputMethodManagerWrapper.updateCursorAnchorInfo
02-25 10:43:43.529 W/dalvikvm( 7728): VFY: unable to resolve virtual method 1368: Landroid/view/inputmethod/InputMethodManager;.updateCursorAnchorInfo (Landroid/view/View;Landroid/view/inputmethod/CursorAnchorInfo;)V
02-25 10:43:43.529 D/dalvikvm( 7728): VFY: replacing opcode 0x6e at 0x000a
02-25 10:43:43.579 E/cutils  (  163): Failed to mkdirat(/Removable/MicroSD): Read-only file system
02-25 10:43:43.579 W/ContextImpl( 7728): Failed to ensure directory: /Removable/MicroSD/Android/data/org.xwalk.webapi_noneservice_tests/cache
02-25 10:43:43.579 D/CordovaActivity( 7728): CordovaActivity.createViews()
02-25 10:43:43.579 D/CordovaWebView( 7728): >>> loadUrl(file:///android_asset/www/index.html)
02-25 10:43:43.579 D/PluginManager( 7728): init()
02-25 10:43:43.579 E/chromium( 7728): [ERROR:unix_domain_server_socket_posix.cc(106)] Not implemented reached in virtual int net::UnixDomainServerSocket::GetLocalAddress(net::IPEndPoint*) const
02-25 10:43:43.579 W/Vold    (  163): Returning OperationFailed - no handler for errno 30
02-25 10:43:43.589 E/cutils  (  163): Failed to mkdirat(/Removable/MicroSD): Read-only file system
02-25 10:43:43.589 W/ContextImpl( 7728): Failed to ensure directory: /Removable/MicroSD/Android/data/org.xwalk.webapi_noneservice_tests/files
02-25 10:43:43.589 E/cutils  (  163): Failed to mkdirat(/Removable/MicroSD): Read-only file system
02-25 10:43:43.589 W/ContextImpl( 7728): Failed to ensure directory: /Removable/MicroSD/Android/data/org.xwalk.webapi_noneservice_tests/cache
02-25 10:43:43.589 D/CordovaWebView( 7728): >>> loadUrlNow()
02-25 10:43:43.589 I/dalvikvm( 7728): Could not find method android.app.Activity.finishAndRemoveTask, referenced from method org.chromium.base.ApiCompatibilityUtils.finishAndRemoveTask
02-25 10:43:43.589 W/dalvikvm( 7728): VFY: unable to resolve virtual method 6: Landroid/app/Activity;.finishAndRemoveTask ()V
02-25 10:43:43.589 D/dalvikvm( 7728): VFY: replacing opcode 0x6e at 0x0006
02-25 10:43:43.589 I/dalvikvm( 7728): Could not find method android.os.PowerManager.isInteractive, referenced from method org.chromium.base.ApiCompatibilityUtils.isInteractive
02-25 10:43:43.589 W/dalvikvm( 7728): VFY: unable to resolve virtual method 874: Landroid/os/PowerManager;.isInteractive ()Z
02-25 10:43:43.589 D/dalvikvm( 7728): VFY: replacing opcode 0x6e at 0x000e
02-25 10:43:43.589 I/dalvikvm( 7728): Could not find method android.view.Window.getNavigationBarColor, referenced from method org.chromium.base.ApiCompatibilityUtils.setStatusBarColor
02-25 10:43:43.589 W/dalvikvm( 7728): VFY: unable to resolve virtual method 1268: Landroid/view/Window;.getNavigationBarColor ()I
02-25 10:43:43.589 D/dalvikvm( 7728): VFY: replacing opcode 0x6e at 0x0010
02-25 10:43:43.589 I/dalvikvm( 7728): Could not find method android.view.Window.setStatusBarColor, referenced from method org.chromium.base.ApiCompatibilityUtils.setStatusBarColor
02-25 10:43:43.589 W/dalvikvm( 7728): VFY: unable to resolve virtual method 1274: Landroid/view/Window;.setStatusBarColor (I)V
02-25 10:43:43.589 D/dalvikvm( 7728): VFY: replacing opcode 0x6e at 0x0019
02-25 10:43:43.589 E/dalvikvm( 7728): Could not find class 'android.app.ActivityManager$TaskDescription', referenced from method org.chromium.base.ApiCompatibilityUtils.setTaskDescription
02-25 10:43:43.589 W/dalvikvm( 7728): VFY: unable to resolve new-instance 13 (Landroid/app/ActivityManager$TaskDescription;) in Lorg/chromium/base/ApiCompatibilityUtils;
02-25 10:43:43.589 D/dalvikvm( 7728): VFY: replacing opcode 0x22 at 0x0006
02-25 10:43:43.589 D/dalvikvm( 7728): DexOpt: unable to opt direct call 0x002f at 0x08 in Lorg/chromium/base/ApiCompatibilityUtils;.setTaskDescription
02-25 10:43:43.589 W/Vold    (  163): Returning OperationFailed - no handler for errno 30
02-25 10:43:43.589 W/Vold    (  163): Returning OperationFailed - no handler for errno 30
02-25 10:43:43.599 I/chromium( 7728): [INFO:xwalk_extension_renderer_controller.cc(47)] EXTENSION PROCESS DISABLED.
02-25 10:43:43.599 D/CordovaActivity( 7728): Resuming the App
02-25 10:43:43.619 D/SoftKeyboardDetect( 7728): Ignore this event
02-25 10:43:43.629 D/        ( 7728): Pixel Format : GGL_PIXEL_FORMAT_RGBA_8888
02-25 10:43:43.629 D/        ( 7728): droid_create_context : config id = 1 conf->NativeVisualID=1
02-25 10:43:43.629 D/        ( 7728): Pixel Format : GGL_PIXEL_FORMAT_RGBA_8888
02-25 10:43:43.629 I/        ( 7728): Requested context : GLES 2.0
02-25 10:43:43.639 D/        ( 7728): droid_create_context : config id = 5 conf->NativeVisualID=1
02-25 10:43:43.639 D/        ( 7728): Pixel Format : GGL_PIXEL_FORMAT_RGBA_8888
02-25 10:43:43.639 I/        ( 7728): Requested context : GLES 2.0
02-25 10:43:43.649 D/        ( 7728): Pixel Format : GGL_PIXEL_FORMAT_RGBA_8888
02-25 10:43:43.659 D/OpenGLRenderer( 7728): Enabling debug mode 0
02-25 10:43:43.659 D/CordovaActivity( 7728): onMessage(onPageStarted,file:///android_asset/www/index.html)
02-25 10:43:43.659 W/BindingManager( 7728): Cannot call determinedVisibility() - never saw a connection for the pid: 7728
02-25 10:43:43.669 D/XT9IME  (  731): new subtype :zh_CN ,pinyin
02-25 10:43:43.669 D/SoftKeyboardDetect( 7728): Ignore this event
02-25 10:43:43.689 D/BatteryStatsImpl(  506): noteStopWakeLocked system isFromForeground = false
02-25 10:43:43.699 I/ActivityManager(  506): Displayed org.xwalk.webapi_noneservice_tests/.webapi_noneservice_tests: +702ms
02-25 10:43:43.699 D/CordovaActivity( 7728): onMessage(onPageFinished,file:///android_asset/www/index.html)
02-25 10:43:44.709 D/CordovaActivity( 7728): onMessage(onPageStarted,file:///android_asset/www/index_real.html?testprefix=./)
02-25 10:43:44.789 W/BindingManager( 7728): Cannot call determinedVisibility() - never saw a connection for the pid: 7728
02-25 10:43:44.999 I/chromium( 7728): [INFO:CONSOLE(0)] "Synchronous XMLHttpRequest on the main thread is deprecated because of its detrimental effects to the end user's experience. For more help, check http://xhr.spec.whatwg.org/.", source:  (0)
02-25 10:43:45.049 D/CordovaActivity( 7728): onMessage(onPageFinished,file:///android_asset/www/index_real.html?testprefix=./)
02-25 10:43:45.709 D/CordovaActivity( 7728): onMessage(spinner,stop)
02-25 10:43:45.749 D/        ( 7728): Pixel Format : GGL_PIXEL_FORMAT_RGBA_8888
02-25 10:43:45.749 D/        ( 7728): droid_create_context : config id = 1 conf->NativeVisualID=1
02-25 10:43:45.749 D/        ( 7728): Pixel Format : GGL_PIXEL_FORMAT_RGBA_8888
02-25 10:43:45.749 I/        ( 7728): Requested context : GLES 2.0
02-25 10:43:45.769 D/        ( 7728): Swap interval set to = 1 value
02-25 10:43:45.779 D/        ( 7728): Pixel Format : GGL_PIXEL_FORMAT_RGBA_8888
02-25 10:43:45.779 D/        ( 7728): droid_create_context : config id = 1 conf->NativeVisualID=1
02-25 10:43:45.779 D/        ( 7728): Pixel Format : GGL_PIXEL_FORMAT_RGBA_8888
02-25 10:43:45.779 I/        ( 7728): Requested context : GLES 2.0
02-25 10:43:46.679 W/System.err( 7728): java.lang.SecurityException: Permission Denial: opening provider com.android.providers.telephony.SmsProvider from ProcessRecord{2204d9b8 7728:org.xwalk.webapi_noneservice_tests/u0a259} (pid=7728, uid=10259) requires android.permission.READ_SMS or android.permission.WRITE_SMS
02-25 10:43:46.679 W/ActivityManager(  506): Permission Denial: opening provider com.android.providers.telephony.SmsProvider from ProcessRecord{2204d9b8 7728:org.xwalk.webapi_noneservice_tests/u0a259} (pid=7728, uid=10259) requires android.permission.READ_SMS or android.permission.WRITE_SMS
02-25 10:43:46.699 W/System.err( 7728): 	at android.os.Parcel.readException(Parcel.java:1465)
02-25 10:43:46.699 W/System.err( 7728): 	at android.os.Parcel.readException(Parcel.java:1419)
02-25 10:43:46.699 W/System.err( 7728): 	at android.app.ActivityManagerProxy.getContentProvider(ActivityManagerNative.java:2912)
02-25 10:43:46.699 W/System.err( 7728): 	at android.app.ActivityThread.acquireProvider(ActivityThread.java:4455)
02-25 10:43:46.699 W/System.err( 7728): 	at android.app.ContextImpl$ApplicationContentResolver.acquireUnstableProvider(ContextImpl.java:2539)
02-25 10:43:46.699 W/System.err( 7728): 	at android.content.ContentResolver.acquireUnstableProvider(ContentResolver.java:1425)
02-25 10:43:46.699 W/System.err( 7728): 	at android.content.ContentResolver.query(ContentResolver.java:445)
02-25 10:43:46.699 W/System.err( 7728): 	at android.content.ContentResolver.query(ContentResolver.java:404)
02-25 10:43:46.699 W/System.err( 7728): 	at org.xwalk.core.internal.extension.api.messaging.MessagingManager.queryMessage(MessagingManager.java:125)
02-25 10:43:46.699 W/System.err( 7728): 	at org.xwalk.core.internal.extension.api.messaging.MessagingManager.onMsgFindMessages(MessagingManager.java:46)
02-25 10:43:46.699 W/System.err( 7728): 	at org.xwalk.core.internal.extension.api.messaging.Messaging$4.runCommand(Messaging.java:60)
02-25 10:43:46.699 W/System.err( 7728): 	at org.xwalk.core.internal.extension.api.messaging.Messaging.onMessage(Messaging.java:121)
02-25 10:43:46.699 W/System.err( 7728): 	at dalvik.system.NativeStart.run(Native Method)
02-25 10:43:46.699 W/System.err( 7728): java.lang.SecurityException: Permission Denial: opening provider com.android.providers.telephony.SmsProvider from ProcessRecord{2204d9b8 7728:org.xwalk.webapi_noneservice_tests/u0a259} (pid=7728, uid=10259) requires android.permission.READ_SMS or android.permission.WRITE_SMS
02-25 10:43:46.699 W/System.err( 7728): 	at android.os.Parcel.readException(Parcel.java:1465)
02-25 10:43:46.699 W/System.err( 7728): 	at android.os.Parcel.readException(Parcel.java:1419)
02-25 10:43:46.699 W/System.err( 7728): 	at android.app.ActivityManagerProxy.getContentProvider(ActivityManagerNative.java:2912)
02-25 10:43:46.699 W/System.err( 7728): 	at android.app.ActivityThread.acquireProvider(ActivityThread.java:4455)
02-25 10:43:46.699 W/System.err( 7728): 	at android.app.ContextImpl$ApplicationContentResolver.acquireUnstableProvider(ContextImpl.java:2539)
02-25 10:43:46.699 W/System.err( 7728): 	at android.content.ContentResolver.acquireUnstableProvider(ContentResolver.java:1425)
02-25 10:43:46.699 W/System.err( 7728): 	at android.content.ContentResolver.query(ContentResolver.java:445)
02-25 10:43:46.699 W/System.err( 7728): 	at android.content.ContentResolver.query(ContentResolver.java:404)
02-25 10:43:46.699 W/System.err( 7728): 	at org.xwalk.core.internal.extension.api.messaging.MessagingManager.queryMessage(MessagingManager.java:125)
02-25 10:43:46.699 W/System.err( 7728): 	at org.xwalk.core.internal.extension.api.messaging.MessagingManager.onMsgFindMessages(MessagingManager.java:46)
02-25 10:43:46.699 W/System.err( 7728): 	at org.xwalk.core.internal.extension.api.messaging.Messaging$4.runCommand(Messaging.java:60)
02-25 10:43:46.699 W/System.err( 7728): 	at org.xwalk.core.internal.extension.api.messaging.Messaging.onMessage(Messaging.java:121)
02-25 10:43:46.699 W/System.err( 7728): 	at dalvik.system.NativeStart.run(Native Method)
02-25 10:43:46.699 W/System.err( 7728): java.lang.SecurityException: Permission Denial: opening provider com.android.providers.telephony.SmsProvider from ProcessRecord{2204d9b8 7728:org.xwalk.webapi_noneservice_tests/u0a259} (pid=7728, uid=10259) requires android.permission.READ_SMS or android.permission.WRITE_SMS
02-25 10:43:46.699 W/System.err( 7728): 	at android.os.Parcel.readException(Parcel.java:1465)
02-25 10:43:46.699 W/System.err( 7728): 	at android.os.Parcel.readException(Parcel.java:1419)
02-25 10:43:46.699 W/System.err( 7728): 	at android.app.ActivityManagerProxy.getContentProvider(ActivityManagerNative.java:2912)
02-25 10:43:46.699 W/System.err( 7728): 	at android.app.ActivityThread.acquireProvider(ActivityThread.java:4455)
02-25 10:43:46.699 W/System.err( 7728): 	at android.app.ContextImpl$ApplicationContentResolver.acquireUnstableProvider(ContextImpl.java:2539)
02-25 10:43:46.699 W/System.err( 7728): 	at android.content.ContentResolver.acquireUnstableProvider(ContentResolver.java:1425)
02-25 10:43:46.699 W/System.err( 7728): 	at android.content.ContentResolver.query(ContentResolver.java:445)
02-25 10:43:46.699 W/System.err( 7728): 	at android.content.ContentResolver.query(ContentResolver.java:404)
02-25 10:43:46.699 W/System.err( 7728): 	at org.xwalk.core.internal.extension.api.messaging.MessagingManager.queryMessage(MessagingManager.java:125)
02-25 10:43:46.699 W/System.err( 7728): 	at org.xwalk.core.internal.extension.api.messaging.MessagingManager.onMsgFindMessages(MessagingManager.java:46)
02-25 10:43:46.699 W/System.err( 7728): 	at org.xwalk.core.internal.extension.api.messaging.Messaging$4.runCommand(Messaging.java:60)
02-25 10:43:46.699 W/System.err( 7728): 	at org.xwalk.core.internal.extension.api.messaging.Messaging.onMessage(Messaging.java:121)
02-25 10:43:46.699 W/System.err( 7728): 	at dalvik.system.NativeStart.run(Native Method)
02-25 10:43:46.699 W/ActivityManager(  506): Permission Denial: opening provider com.android.providers.telephony.SmsProvider from ProcessRecord{2204d9b8 7728:org.xwalk.webapi_noneservice_tests/u0a259} (pid=7728, uid=10259) requires android.permission.READ_SMS or android.permission.WRITE_SMS
02-25 10:43:46.699 W/ActivityManager(  506): Permission Denial: opening provider com.android.providers.telephony.SmsProvider from ProcessRecord{2204d9b8 7728:org.xwalk.webapi_noneservice_tests/u0a259} (pid=7728, uid=10259) requires android.permission.READ_SMS or android.permission.WRITE_SMS
02-25 10:43:47.059 D/CordovaActivity( 7728): onMessage(spinner,stop)
02-25 10:43:48.929 W/BindingManager( 7728): Cannot call determinedVisibility() - never saw a connection for the pid: 7728
02-25 10:43:48.979 W/System.err( 7728): java.lang.SecurityException: Permission Denial: opening provider com.android.providers.telephony.SmsProvider from ProcessRecord{2204d9b8 7728:org.xwalk.webapi_noneservice_tests/u0a259} (pid=7728, uid=10259) requires android.permission.READ_SMS or android.permission.WRITE_SMS
02-25 10:43:48.979 W/System.err( 7728): 	at android.os.Parcel.readException(Parcel.java:1465)
02-25 10:43:48.979 W/System.err( 7728): 	at android.os.Parcel.readException(Parcel.java:1419)
02-25 10:43:48.979 W/System.err( 7728): 	at android.app.ActivityManagerProxy.getContentProvider(ActivityManagerNative.java:2912)
02-25 10:43:48.979 W/System.err( 7728): 	at android.app.ActivityThread.acquireProvider(ActivityThread.java:4455)
02-25 10:43:48.979 W/System.err( 7728): 	at android.app.ContextImpl$ApplicationContentResolver.acquireProvider(ContextImpl.java:2524)
02-25 10:43:48.979 W/System.err( 7728): 	at android.content.ContentResolver.acquireProvider(ContentResolver.java:1378)
02-25 10:43:48.979 W/System.err( 7728): 	at android.content.ContentResolver.update(ContentResolver.java:1310)
02-25 10:43:48.979 W/System.err( 7728): 	at org.xwalk.core.internal.extension.api.messaging.MessagingManager.operation(MessagingManager.java:205)
02-25 10:43:48.979 W/System.err( 7728): 	at org.xwalk.core.internal.extension.api.messaging.MessagingManager.onMsgMarkConversationRead(MessagingManager.java:66)
02-25 10:43:48.979 W/System.err( 7728): 	at org.xwalk.core.internal.extension.api.messaging.Messaging$9.runCommand(Messaging.java:85)
02-25 10:43:48.979 W/System.err( 7728): 	at org.xwalk.core.internal.extension.api.messaging.Messaging.onMessage(Messaging.java:121)
02-25 10:43:48.979 W/System.err( 7728): 	at dalvik.system.NativeStart.run(Native Method)
02-25 10:43:48.979 W/System.err( 7728): java.lang.SecurityException: Permission Denial: opening provider com.android.providers.telephony.SmsProvider from ProcessRecord{2204d9b8 7728:org.xwalk.webapi_noneservice_tests/u0a259} (pid=7728, uid=10259) requires android.permission.READ_SMS or android.permission.WRITE_SMS
02-25 10:43:48.979 W/System.err( 7728): 	at android.os.Parcel.readException(Parcel.java:1465)
02-25 10:43:48.979 W/System.err( 7728): 	at android.os.Parcel.readException(Parcel.java:1419)
02-25 10:43:48.979 W/System.err( 7728): 	at android.app.ActivityManagerProxy.getContentProvider(ActivityManagerNative.java:2912)
02-25 10:43:48.979 W/System.err( 7728): 	at android.app.ActivityThread.acquireProvider(ActivityThread.java:4455)
02-25 10:43:48.979 W/System.err( 7728): 	at android.app.ContextImpl$ApplicationContentResolver.acquireProvider(ContextImpl.java:2524)
02-25 10:43:48.979 W/System.err( 7728): 	at android.content.ContentResolver.acquireProvider(ContentResolver.java:1378)
02-25 10:43:48.979 W/System.err( 7728): 	at android.content.ContentResolver.update(ContentResolver.java:1310)
02-25 10:43:48.979 W/System.err( 7728): 	at org.xwalk.core.internal.extension.api.messaging.MessagingManager.operation(MessagingManager.java:205)
02-25 10:43:48.979 W/System.err( 7728): 	at org.xwalk.core.internal.extension.api.messaging.MessagingManager.onMsgMarkConversationRead(MessagingManager.java:66)
02-25 10:43:48.979 W/System.err( 7728): 	at org.xwalk.core.internal.extension.api.messaging.Messaging$9.runCommand(Messaging.java:85)
02-25 10:43:48.979 W/System.err( 7728): 	at org.xwalk.core.internal.extension.api.messaging.Messaging.onMessage(Messaging.java:121)
02-25 10:43:48.979 W/System.err( 7728): 	at dalvik.system.NativeStart.run(Native Method)
02-25 10:43:48.979 W/System.err( 7728): org.json.JSONException: No value for conversationID
02-25 10:43:48.979 W/ActivityManager(  506): Permission Denial: opening provider com.android.providers.telephony.SmsProvider from ProcessRecord{2204d9b8 7728:org.xwalk.webapi_noneservice_tests/u0a259} (pid=7728, uid=10259) requires android.permission.READ_SMS or android.permission.WRITE_SMS
02-25 10:43:48.979 W/ActivityManager(  506): Permission Denial: opening provider com.android.providers.telephony.SmsProvider from ProcessRecord{2204d9b8 7728:org.xwalk.webapi_noneservice_tests/u0a259} (pid=7728, uid=10259) requires android.permission.READ_SMS or android.permission.WRITE_SMS
02-25 10:43:48.999 W/System.err( 7728): 	at org.json.JSONObject.get(JSONObject.java:355)
02-25 10:43:48.999 W/System.err( 7728): 	at org.json.JSONObject.getString(JSONObject.java:515)
02-25 10:43:48.999 W/System.err( 7728): 	at org.xwalk.core.internal.extension.api.messaging.MessagingManager.operation(MessagingManager.java:177)
02-25 10:43:48.999 W/System.err( 7728): 	at org.xwalk.core.internal.extension.api.messaging.MessagingManager.onMsgDeleteConversation(MessagingManager.java:58)
02-25 10:43:48.999 W/System.err( 7728): 	at org.xwalk.core.internal.extension.api.messaging.Messaging$7.runCommand(Messaging.java:75)
02-25 10:43:48.999 W/System.err( 7728): 	at org.xwalk.core.internal.extension.api.messaging.Messaging.onMessage(Messaging.java:121)
02-25 10:43:48.999 W/System.err( 7728): 	at dalvik.system.NativeStart.run(Native Method)
02-25 10:43:51.179 W/BindingManager( 7728): Cannot call determinedVisibility() - never saw a connection for the pid: 7728
02-25 10:43:51.209 W/System.err( 7728): java.lang.SecurityException: Permission Denial: opening provider com.android.providers.telephony.SmsProvider from ProcessRecord{2204d9b8 7728:org.xwalk.webapi_noneservice_tests/u0a259} (pid=7728, uid=10259) requires android.permission.READ_SMS or android.permission.WRITE_SMS
02-25 10:43:51.209 W/System.err( 7728): 	at android.os.Parcel.readException(Parcel.java:1465)
02-25 10:43:51.209 W/System.err( 7728): 	at android.os.Parcel.readException(Parcel.java:1419)
02-25 10:43:51.209 W/System.err( 7728): 	at android.app.ActivityManagerProxy.getContentProvider(ActivityManagerNative.java:2912)
02-25 10:43:51.209 W/System.err( 7728): 	at android.app.ActivityThread.acquireProvider(ActivityThread.java:4455)
02-25 10:43:51.209 W/System.err( 7728): 	at android.app.ContextImpl$ApplicationContentResolver.acquireUnstableProvider(ContextImpl.java:2539)
02-25 10:43:51.209 W/System.err( 7728): 	at android.content.ContentResolver.acquireUnstableProvider(ContentResolver.java:1425)
02-25 10:43:51.209 W/System.err( 7728): 	at android.content.ContentResolver.query(ContentResolver.java:445)
02-25 10:43:51.209 W/System.err( 7728): 	at android.content.ContentResolver.query(ContentResolver.java:404)
02-25 10:43:51.209 W/System.err( 7728): 	at org.xwalk.core.internal.extension.api.messaging.MessagingManager.queryMessage(MessagingManager.java:125)
02-25 10:43:51.209 W/System.err( 7728): 	at org.xwalk.core.internal.extension.api.messaging.MessagingManager.onMsgFindMessages(MessagingManager.java:46)
02-25 10:43:51.209 W/System.err( 7728): 	at org.xwalk.core.internal.extension.api.messaging.Messaging$4.runCommand(Messaging.java:60)
02-25 10:43:51.209 W/System.err( 7728): 	at org.xwalk.core.internal.extension.api.messaging.Messaging.onMessage(Messaging.java:121)
02-25 10:43:51.209 W/System.err( 7728): 	at dalvik.system.NativeStart.run(Native Method)
02-25 10:43:51.209 E/MessagingManager( 7728): Invalidate message type: 0123456
02-25 10:43:51.209 W/ActivityManager(  506): Permission Denial: opening provider com.android.providers.telephony.SmsProvider from ProcessRecord{2204d9b8 7728:org.xwalk.webapi_noneservice_tests/u0a259} (pid=7728, uid=10259) requires android.permission.READ_SMS or android.permission.WRITE_SMS
02-25 10:43:51.219 W/System.err( 7728): java.lang.SecurityException: Permission Denial: opening provider com.android.providers.telephony.SmsProvider from ProcessRecord{2204d9b8 7728:org.xwalk.webapi_noneservice_tests/u0a259} (pid=7728, uid=10259) requires android.permission.READ_SMS or android.permission.WRITE_SMS
02-25 10:43:51.219 W/System.err( 7728): 	at android.os.Parcel.readException(Parcel.java:1465)
02-25 10:43:51.219 W/System.err( 7728): 	at android.os.Parcel.readException(Parcel.java:1419)
02-25 10:43:51.219 W/System.err( 7728): 	at android.app.ActivityManagerProxy.getContentProvider(ActivityManagerNative.java:2912)
02-25 10:43:51.219 W/System.err( 7728): 	at android.app.ActivityThread.acquireProvider(ActivityThread.java:4455)
02-25 10:43:51.219 W/System.err( 7728): 	at android.app.ContextImpl$ApplicationContentResolver.acquireProvider(ContextImpl.java:2524)
02-25 10:43:51.219 W/System.err( 7728): 	at android.content.ContentResolver.acquireProvider(ContentResolver.java:1378)
02-25 10:43:51.219 W/System.err( 7728): 	at android.content.ContentResolver.update(ContentResolver.java:1310)
02-25 10:43:51.219 W/System.err( 7728): 	at org.xwalk.core.internal.extension.api.messaging.MessagingManager.operation(MessagingManager.java:205)
02-25 10:43:51.219 W/System.err( 7728): 	at org.xwalk.core.internal.extension.api.messaging.MessagingManager.onMsgMarkMessageRead(MessagingManager.java:62)
02-25 10:43:51.219 W/System.err( 7728): 	at org.xwalk.core.internal.extension.api.messaging.Messaging$8.runCommand(Messaging.java:80)
02-25 10:43:51.219 W/System.err( 7728): 	at org.xwalk.core.internal.extension.api.messaging.Messaging.onMessage(Messaging.java:121)
02-25 10:43:51.219 W/System.err( 7728): 	at dalvik.system.NativeStart.run(Native Method)
02-25 10:43:51.219 W/System.err( 7728): java.lang.SecurityException: Permission Denial: opening provider com.android.providers.telephony.SmsProvider from ProcessRecord{2204d9b8 7728:org.xwalk.webapi_noneservice_tests/u0a259} (pid=7728, uid=10259) requires android.permission.READ_SMS or android.permission.WRITE_SMS
02-25 10:43:51.219 W/System.err( 7728): 	at android.os.Parcel.readException(Parcel.java:1465)
02-25 10:43:51.219 W/System.err( 7728): 	at android.os.Parcel.readException(Parcel.java:1419)
02-25 10:43:51.219 W/System.err( 7728): 	at android.app.ActivityManagerProxy.getContentProvider(ActivityManagerNative.java:2912)
02-25 10:43:51.219 W/System.err( 7728): 	at android.app.ActivityThread.acquireProvider(ActivityThread.java:4455)
02-25 10:43:51.219 W/System.err( 7728): 	at android.app.ContextImpl$ApplicationContentResolver.acquireProvider(ContextImpl.java:2524)
02-25 10:43:51.219 W/System.err( 7728): 	at android.content.ContentResolver.acquireProvider(ContentResolver.java:1378)
02-25 10:43:51.219 W/System.err( 7728): 	at android.content.ContentResolver.update(ContentResolver.java:1310)
02-25 10:43:51.219 W/System.err( 7728): 	at org.xwalk.core.internal.extension.api.messaging.MessagingManager.operation(MessagingManager.java:205)
02-25 10:43:51.219 W/System.err( 7728): 	at org.xwalk.core.internal.extension.api.messaging.MessagingManager.onMsgMarkMessageRead(MessagingManager.java:62)
02-25 10:43:51.219 W/System.err( 7728): 	at org.xwalk.core.internal.extension.api.messaging.Messaging$8.runCommand(Messaging.java:80)
02-25 10:43:51.219 W/System.err( 7728): 	at org.xwalk.core.internal.extension.api.messaging.Messaging.onMessage(Messaging.java:121)
02-25 10:43:51.219 W/System.err( 7728): 	at dalvik.system.NativeStart.run(Native Method)
02-25 10:43:51.219 W/ActivityManager(  506): Permission Denial: opening provider com.android.providers.telephony.SmsProvider from ProcessRecord{2204d9b8 7728:org.xwalk.webapi_noneservice_tests/u0a259} (pid=7728, uid=10259) requires android.permission.READ_SMS or android.permission.WRITE_SMS
02-25 10:43:51.219 W/ActivityManager(  506): Permission Denial: opening provider com.android.providers.telephony.SmsProvider from ProcessRecord{2204d9b8 7728:org.xwalk.webapi_noneservice_tests/u0a259} (pid=7728, uid=10259) requires android.permission.READ_SMS or android.permission.WRITE_SMS
02-25 10:43:51.229 W/System.err( 7728): org.json.JSONException: No value for conversationID
02-25 10:43:51.229 W/System.err( 7728): 	at org.json.JSONObject.get(JSONObject.java:355)
02-25 10:43:51.229 W/System.err( 7728): 	at org.json.JSONObject.getString(JSONObject.java:515)
02-25 10:43:51.229 W/System.err( 7728): 	at org.xwalk.core.internal.extension.api.messaging.MessagingManager.operation(MessagingManager.java:177)
02-25 10:43:51.229 W/System.err( 7728): 	at org.xwalk.core.internal.extension.api.messaging.MessagingManager.onMsgDeleteMessage(MessagingManager.java:54)
02-25 10:43:51.229 W/System.err( 7728): 	at org.xwalk.core.internal.extension.api.messaging.Messaging$6.runCommand(Messaging.java:70)
02-25 10:43:51.229 W/System.err( 7728): 	at org.xwalk.core.internal.extension.api.messaging.Messaging.onMessage(Messaging.java:121)
02-25 10:43:51.229 W/System.err( 7728): 	at dalvik.system.NativeStart.run(Native Method)
02-25 10:43:53.419 D/EVENT_THREAD(  186): void CEventThread::run() POLLIN event on Fd (1)
02-25 10:43:53.419 D/EVENT_THREAD(  186): void CEventThread::run() Do poll with timeout: -1
02-25 10:43:55.549 W/BindingManager( 7728): Cannot call determinedVisibility() - never saw a connection for the pid: 7728
02-25 10:43:57.179 W/System.err( 7728): java.lang.SecurityException: Permission Denial: opening provider com.android.providers.telephony.MmsProvider from ProcessRecord{2204d9b8 7728:org.xwalk.webapi_noneservice_tests/u0a259} (pid=7728, uid=10259) requires android.permission.READ_SMS or android.permission.WRITE_SMS
02-25 10:43:57.179 W/System.err( 7728): 	at android.os.Parcel.readException(Parcel.java:1465)
02-25 10:43:57.179 W/System.err( 7728): 	at android.os.Parcel.readException(Parcel.java:1419)
02-25 10:43:57.179 W/System.err( 7728): 	at android.app.ActivityManagerProxy.getContentProvider(ActivityManagerNative.java:2912)
02-25 10:43:57.179 W/System.err( 7728): 	at android.app.ActivityThread.acquireProvider(ActivityThread.java:4455)
02-25 10:43:57.179 W/System.err( 7728): 	at android.app.ContextImpl$ApplicationContentResolver.acquireUnstableProvider(ContextImpl.java:2539)
02-25 10:43:57.179 W/System.err( 7728): 	at android.content.ContentResolver.acquireUnstableProvider(ContentResolver.java:1425)
02-25 10:43:57.179 W/System.err( 7728): 	at android.content.ContentResolver.query(ContentResolver.java:445)
02-25 10:43:57.179 W/System.err( 7728): 	at android.content.ContentResolver.query(ContentResolver.java:404)
02-25 10:43:57.179 W/System.err( 7728): 	at org.xwalk.core.internal.extension.api.messaging.MessagingManager.queryMessage(MessagingManager.java:125)
02-25 10:43:57.179 W/System.err( 7728): 	at org.xwalk.core.internal.extension.api.messaging.MessagingManager.onMsgFindMessages(MessagingManager.java:46)
02-25 10:43:57.179 W/System.err( 7728): 	at org.xwalk.core.internal.extension.api.messaging.Messaging$4.runCommand(Messaging.java:60)
02-25 10:43:57.179 W/System.err( 7728): 	at org.xwalk.core.internal.extension.api.messaging.Messaging.onMessage(Messaging.java:121)
02-25 10:43:57.179 W/System.err( 7728): 	at dalvik.system.NativeStart.run(Native Method)
02-25 10:43:57.179 W/System.err( 7728): java.lang.SecurityException: Permission Denial: opening provider com.android.providers.telephony.MmsProvider from ProcessRecord{2204d9b8 7728:org.xwalk.webapi_noneservice_tests/u0a259} (pid=7728, uid=10259) requires android.permission.READ_SMS or android.permission.WRITE_SMS
02-25 10:43:57.179 W/System.err( 7728): 	at android.os.Parcel.readException(Parcel.java:1465)
02-25 10:43:57.179 W/System.err( 7728): 	at android.os.Parcel.readException(Parcel.java:1419)
02-25 10:43:57.179 W/System.err( 7728): 	at android.app.ActivityManagerProxy.getContentProvider(ActivityManagerNative.java:2912)
