02-25 10:44:40.219 W/System.err( 7728): 	at org.xwalk.core.internal.extension.api.messaging.MessagingManager.queryMessage(MessagingManager.java:125)
02-25 10:44:40.219 W/System.err( 7728): 	at org.xwalk.core.internal.extension.api.messaging.MessagingManager.onMsgFindMessages(MessagingManager.java:46)
02-25 10:44:40.219 W/System.err( 7728): 	at org.xwalk.core.internal.extension.api.messaging.Messaging$4.runCommand(Messaging.java:60)
02-25 10:44:40.219 W/System.err( 7728): 	at org.xwalk.core.internal.extension.api.messaging.Messaging.onMessage(Messaging.java:121)
02-25 10:44:40.219 W/System.err( 7728): 	at dalvik.system.NativeStart.run(Native Method)
02-25 10:44:40.219 W/System.err( 7728): java.lang.SecurityException: Permission Denial: opening provider com.android.providers.telephony.MmsProvider from ProcessRecord{2204d9b8 7728:org.xwalk.webapi_noneservice_tests/u0a259} (pid=7728, uid=10259) requires android.permission.READ_SMS or android.permission.WRITE_SMS
02-25 10:44:40.219 W/System.err( 7728): 	at android.os.Parcel.readException(Parcel.java:1465)
02-25 10:44:40.219 W/System.err( 7728): 	at android.os.Parcel.readException(Parcel.java:1419)
02-25 10:44:40.219 W/System.err( 7728): 	at android.app.ActivityManagerProxy.getContentProvider(ActivityManagerNative.java:2912)
02-25 10:44:40.219 W/System.err( 7728): 	at android.app.ActivityThread.acquireProvider(ActivityThread.java:4455)
02-25 10:44:40.219 W/ActivityManager(  506): Permission Denial: opening provider com.android.providers.telephony.MmsProvider from ProcessRecord{2204d9b8 7728:org.xwalk.webapi_noneservice_tests/u0a259} (pid=7728, uid=10259) requires android.permission.READ_SMS or android.permission.WRITE_SMS
02-25 10:44:40.219 W/ActivityManager(  506): Permission Denial: opening provider com.android.providers.telephony.MmsProvider from ProcessRecord{2204d9b8 7728:org.xwalk.webapi_noneservice_tests/u0a259} (pid=7728, uid=10259) requires android.permission.READ_SMS or android.permission.WRITE_SMS
02-25 10:44:40.219 W/ActivityManager(  506): Permission Denial: opening provider com.android.providers.telephony.MmsProvider from ProcessRecord{2204d9b8 7728:org.xwalk.webapi_noneservice_tests/u0a259} (pid=7728, uid=10259) requires android.permission.READ_SMS or android.permission.WRITE_SMS
02-25 10:44:40.229 W/System.err( 7728): 	at android.app.ContextImpl$ApplicationContentResolver.acquireUnstableProvider(ContextImpl.java:2539)
02-25 10:44:40.229 W/System.err( 7728): 	at android.content.ContentResolver.acquireUnstableProvider(ContentResolver.java:1425)
02-25 10:44:40.229 W/System.err( 7728): 	at android.content.ContentResolver.query(ContentResolver.java:445)
02-25 10:44:40.229 W/System.err( 7728): 	at android.content.ContentResolver.query(ContentResolver.java:404)
02-25 10:44:40.229 W/System.err( 7728): 	at org.xwalk.core.internal.extension.api.messaging.MessagingManager.queryMessage(MessagingManager.java:125)
02-25 10:44:40.229 W/System.err( 7728): 	at org.xwalk.core.internal.extension.api.messaging.MessagingManager.onMsgFindMessages(MessagingManager.java:46)
02-25 10:44:40.229 W/System.err( 7728): 	at org.xwalk.core.internal.extension.api.messaging.Messaging$4.runCommand(Messaging.java:60)
02-25 10:44:40.229 W/System.err( 7728): 	at org.xwalk.core.internal.extension.api.messaging.Messaging.onMessage(Messaging.java:121)
02-25 10:44:40.229 W/System.err( 7728): 	at dalvik.system.NativeStart.run(Native Method)
02-25 10:44:40.229 W/System.err( 7728): java.lang.SecurityException: Permission Denial: opening provider com.android.providers.telephony.MmsProvider from ProcessRecord{2204d9b8 7728:org.xwalk.webapi_noneservice_tests/u0a259} (pid=7728, uid=10259) requires android.permission.READ_SMS or android.permission.WRITE_SMS
02-25 10:44:40.229 W/System.err( 7728): 	at android.os.Parcel.readException(Parcel.java:1465)
02-25 10:44:40.229 W/System.err( 7728): 	at android.os.Parcel.readException(Parcel.java:1419)
02-25 10:44:40.229 W/System.err( 7728): 	at android.app.ActivityManagerProxy.getContentProvider(ActivityManagerNative.java:2912)
02-25 10:44:40.229 W/System.err( 7728): 	at android.app.ActivityThread.acquireProvider(ActivityThread.java:4455)
02-25 10:44:40.229 W/System.err( 7728): 	at android.app.ContextImpl$ApplicationContentResolver.acquireUnstableProvider(ContextImpl.java:2539)
02-25 10:44:40.229 W/System.err( 7728): 	at android.content.ContentResolver.acquireUnstableProvider(ContentResolver.java:1425)
02-25 10:44:40.229 W/System.err( 7728): 	at android.content.ContentResolver.query(ContentResolver.java:445)
02-25 10:44:40.229 W/System.err( 7728): 	at android.content.ContentResolver.query(ContentResolver.java:404)
02-25 10:44:40.229 W/System.err( 7728): 	at org.xwalk.core.internal.extension.api.messaging.MessagingManager.queryMessage(MessagingManager.java:125)
02-25 10:44:40.229 W/System.err( 7728): 	at org.xwalk.core.internal.extension.api.messaging.MessagingManager.onMsgFindMessages(MessagingManager.java:46)
02-25 10:44:40.229 W/System.err( 7728): 	at org.xwalk.core.internal.extension.api.messaging.Messaging$4.runCommand(Messaging.java:60)
02-25 10:44:40.229 W/System.err( 7728): 	at org.xwalk.core.internal.extension.api.messaging.Messaging.onMessage(Messaging.java:121)
02-25 10:44:40.229 W/System.err( 7728): 	at dalvik.system.NativeStart.run(Native Method)
02-25 10:44:40.229 W/ActivityManager(  506): Permission Denial: opening provider com.android.providers.telephony.MmsProvider from ProcessRecord{2204d9b8 7728:org.xwalk.webapi_noneservice_tests/u0a259} (pid=7728, uid=10259) requires android.permission.READ_SMS or android.permission.WRITE_SMS
02-25 10:44:43.879 D/wpa_supplicant(  694): wlan0: Starting AP scan for wildcard SSID
02-25 10:44:43.879 D/wpa_supplicant(  694): WPS: Building WPS IE for Probe Request
02-25 10:44:43.879 D/wpa_supplicant(  694): WPS:  * Version (hardcoded 0x10)
02-25 10:44:43.879 D/wpa_supplicant(  694): WPS:  * Request Type
02-25 10:44:43.879 D/wpa_supplicant(  694): WPS:  * Config Methods (4288)
02-25 10:44:43.879 D/wpa_supplicant(  694): WPS:  * UUID-E
02-25 10:44:43.879 D/wpa_supplicant(  694): WPS:  * Primary Device Type
02-25 10:44:43.879 D/wpa_supplicant(  694): WPS:  * RF Bands (1)
02-25 10:44:43.879 D/wpa_supplicant(  694): WPS:  * Association State
02-25 10:44:43.879 D/wpa_supplicant(  694): WPS:  * Configuration Error (0)
02-25 10:44:43.879 D/wpa_supplicant(  694): WPS:  * Device Password ID (0)
02-25 10:44:43.879 D/wpa_supplicant(  694): WPS:  * Manufacturer
02-25 10:44:43.879 D/wpa_supplicant(  694): WPS:  * Model Name
02-25 10:44:43.879 D/wpa_supplicant(  694): WPS:  * Model Number
02-25 10:44:43.879 D/wpa_supplicant(  694): WPS:  * Device Name
02-25 10:44:43.879 D/wpa_supplicant(  694): WPS:  * Version2 (0x20)
02-25 10:44:43.879 D/wpa_supplicant(  694): P2P: * P2P IE header
02-25 10:44:43.879 D/wpa_supplicant(  694): P2P: * Capability dev=25 group=00
02-25 10:44:43.879 D/wpa_supplicant(  694): P2P: * Listen Channel: Regulatory Class 81 Channel 6
02-25 10:44:43.879 D/wpa_supplicant(  694): wlan0: nl80211: scan request
02-25 10:44:43.919 W/ufoGralloc(  171): registerBuffer() handle 0xb94c1d40/68 didn't require registration
02-25 10:44:43.939 D/CordovaActivity( 7728): Paused the application!
02-25 10:44:43.939 D/CordovaWebView( 7728): Handle the pause
02-25 10:44:43.949 D/WindowManager(  506): adjustConfigurationLw, config:{1.0 ?mcc?mnc ?locale ?layoutDir sw600dp w600dp h888dp 213dpi lrg port ?uimode ?night finger -keyb/v/h -nav/v} mLidState:1 mHasDockFeature:false mHasKeyboardFeature:false mHasHallSensorFeature:true config.hardKeyboardHidden:2
02-25 10:44:43.949 I/ActivityManager(  506): [TopPkgCurBat]	NowPkgName[com.asus.launcher]	Battery[100]	TimeTick[1424832283963]	OldPkgName[org.xwalk.webapi_noneservice_tests]
02-25 10:44:43.959 I/chromium( 7728): [INFO:CONSOLE(1)] "exception firing pause event from native", source:  (1)
02-25 10:44:43.959 V/WeatherTimeProvider( 1537): widget on Visibility Changed
02-25 10:44:43.969 D/        (  702): Pixel Format : GGL_PIXEL_FORMAT_RGBA_8888
02-25 10:44:43.969 W/IInputConnectionWrapper( 7728): showStatusIcon on inactive InputConnection
02-25 10:44:43.969 D/XT9IME  (  731): new subtype :zh_CN ,pinyin
02-25 10:44:43.989 D/wpa_supplicant(  694): Scan requested (ret=0) - scan timeout 30 seconds
02-25 10:44:43.989 D/wpa_supplicant(  694): nl80211: Drv Event 33 (NL80211_CMD_TRIGGER_SCAN) received for wlan0
02-25 10:44:43.989 D/wpa_supplicant(  694): wlan0: nl80211: Scan trigger
02-25 10:44:43.999 D/BatteryStatsImpl(  506): noteStopWakeLocked system isFromForeground = false
02-25 10:44:43.999 D/ImageWallpaper(  571): onVisibilityChanged: mVisible, visible=false, true
02-25 10:44:43.999 D/ImageWallpaper(  571): Visibility changed to visible=true
02-25 10:44:43.999 D/ImageWallpaper(  571): Suppressed drawFrame since redraw is not needed and offsets have not changed.
02-25 10:44:44.019 D/        ( 7728): Surface destroy: ANDROID_NATIVE_WINDOW_MAGIC
02-25 10:44:44.019 D/        ( 7728): Surface destroy: ANDROID_NATIVE_WINDOW_MAGIC
02-25 10:44:44.429 W/SurfaceFlinger(  171): couldn't log to binary event log: overflow.
02-25 10:44:44.429 D/        ( 7728): Pixel Format : GGL_PIXEL_FORMAT_RGBA_8888
02-25 10:44:44.439 D/CordovaActivity( 7728): CordovaActivity.onDestroy()
02-25 10:44:44.439 D/CordovaWebView( 7728): >>> loadUrlNow()
02-25 10:44:44.449 W/ScreenOrientationListener( 7728): Removing an inexistent observer!
02-25 10:44:44.509 D/dalvikvm(  506): GC_EXPLICIT freed 1846K, 23% free 15188K/19704K, paused 1ms+5ms, total 48ms
02-25 10:44:45.109 D/wpa_supplicant(  694): RTM_NEWLINK: operstate=0 ifi_flags=0x11003 ([UP][LOWER_UP])
02-25 10:44:45.109 D/wpa_supplicant(  694): RTM_NEWLINK, IFLA_IFNAME: Interface 'wlan0' added
02-25 10:44:45.109 D/wpa_supplicant(  694): nl80211: if_removed already cleared - ignore event
02-25 10:44:45.109 D/wpa_supplicant(  694): nl80211: Drv Event 34 (NL80211_CMD_NEW_SCAN_RESULTS) received for wlan0
02-25 10:44:45.109 D/wpa_supplicant(  694): wlan0: nl80211: New scan results available
02-25 10:44:45.109 D/wpa_supplicant(  694): wlan0: Event SCAN_RESULTS (3) received
02-25 10:44:45.109 D/wpa_supplicant(  694): nl80211: Received scan results (23 BSSes)
02-25 10:44:45.109 D/wpa_supplicant(  694): nl80211: Survey data missing
02-25 10:44:45.109 D/wpa_supplicant(  694): wlan0: BSS: Start scan result update 85
02-25 10:44:45.109 D/wpa_supplicant(  694): wlan0: BSS: Add new id 111 BSSID 02:1a:11:f9:f0:51 SSID 'AndroidSystem'
02-25 10:44:45.109 D/wpa_supplicant(  694): CTRL_IFACE monitor send - hexdump(len=39): 2f 64 61 74 61 2f 6d 69 73 63 2f 77 69 66 69 2f 73 6f 63 6b 65 74 73 2f 77 70 61 5f 63 74 72 6c ...
02-25 10:44:45.109 D/wpa_supplicant(  694): wlan0: BSS: Add new id 112 BSSID 0c:82:68:4c:26:a0 SSID 'AP321'
02-25 10:44:45.109 D/wpa_supplicant(  694): CTRL_IFACE monitor send - hexdump(len=39): 2f 64 61 74 61 2f 6d 69 73 63 2f 77 69 66 69 2f 73 6f 63 6b 65 74 73 2f 77 70 61 5f 63 74 72 6c ...
02-25 10:44:45.109 I/WifiHW  (  506): EVENT: IFNAME=wlan0 CTRL-EVENT-BSS-ADDED 111 02:1a:11:f9:f0:51
02-25 10:44:45.109 D/wpa_supplicant(  694): wlan0: BSS: Add new id 113 BSSID 02:09:4c:d9:8b:51 SSID 'DIRECT-'
02-25 10:44:45.109 D/wpa_supplicant(  694): CTRL_IFACE monitor send - hexdump(len=39): 2f 64 61 74 61 2f 6d 69 73 63 2f 77 69 66 69 2f 73 6f 63 6b 65 74 73 2f 77 70 61 5f 63 74 72 6c ...
02-25 10:44:45.109 I/WifiHW  (  506): EVENT: IFNAME=wlan0 CTRL-EVENT-BSS-ADDED 112 0c:82:68:4c:26:a0
02-25 10:44:45.109 D/wpa_supplicant(  694): wlan0: BSS: Remove id 40 BSSID 74:e5:43:24:f4:5b SSID 'Dttest' due to no match in scan
02-25 10:44:45.109 I/WifiHW  (  506): EVENT: IFNAME=wlan0 CTRL-EVENT-BSS-ADDED 113 02:09:4c:d9:8b:51
02-25 10:44:45.109 D/wpa_supplicant(  694): CTRL_IFACE monitor send - hexdump(len=39): 2f 64 61 74 61 2f 6d 69 73 63 2f 77 69 66 69 2f 73 6f 63 6b 65 74 73 2f 77 70 61 5f 63 74 72 6c ...
02-25 10:44:45.109 D/wpa_supplicant(  694): wlan0: BSS: Remove id 107 BSSID 00:25:86:5c:5e:30 SSID 'internet' due to no match in scan
02-25 10:44:45.109 I/WifiHW  (  506): EVENT: IFNAME=wlan0 CTRL-EVENT-BSS-REMOVED 40 74:e5:43:24:f4:5b
02-25 10:44:45.109 D/wpa_supplicant(  694): CTRL_IFACE monitor send - hexdump(len=39): 2f 64 61 74 61 2f 6d 69 73 63 2f 77 69 66 69 2f 73 6f 63 6b 65 74 73 2f 77 70 61 5f 63 74 72 6c ...
02-25 10:44:45.109 D/wpa_supplicant(  694): BSS: last_scan_res_used=23/32 last_scan_full=0
02-25 10:44:45.109 D/wpa_supplicant(  694): wlan0: New scan results available
02-25 10:44:45.109 D/wpa_supplicant(  694): CTRL_IFACE monitor send - hexdump(len=39): 2f 64 61 74 61 2f 6d 69 73 63 2f 77 69 66 69 2f 73 6f 63 6b 65 74 73 2f 77 70 61 5f 63 74 72 6c ...
02-25 10:44:45.109 D/wpa_supplicant(  694): CTRL_IFACE monitor send - hexdump(len=39): 2f 64 61 74 61 2f 6d 69 73 63 2f 77 69 66 69 2f 73 6f 63 6b 65 74 73 2f 77 70 61 5f 63 74 72 6c ...
02-25 10:44:45.109 D/wpa_supplicant(  694): Authorize channel 1
02-25 10:44:45.109 D/wpa_supplicant(  694): Authorize channel 2
02-25 10:44:45.109 D/wpa_supplicant(  694): Authorize channel 3
02-25 10:44:45.109 D/wpa_supplicant(  694): Authorize channel 4
02-25 10:44:45.109 D/wpa_supplicant(  694): Authorize channel 5
02-25 10:44:45.109 D/wpa_supplicant(  694): Authorize channel 6
02-25 10:44:45.109 D/wpa_supplicant(  694): Authorize channel 7
02-25 10:44:45.109 D/wpa_supplicant(  694): Authorize channel 8
02-25 10:44:45.109 D/wpa_supplicant(  694): Authorize channel 9
02-25 10:44:45.109 D/wpa_supplicant(  694): Authorize channel 10
02-25 10:44:45.109 D/wpa_supplicant(  694): Authorize channel 11
02-25 10:44:45.109 D/wpa_supplicant(  694): Authorize channel 12
02-25 10:44:45.109 D/wpa_supplicant(  694): Authorize channel 13
02-25 10:44:45.109 D/wpa_supplicant(  694): Authorize channel 1
02-25 10:44:45.109 D/wpa_supplicant(  694): Authorize channel 2
02-25 10:44:45.109 D/wpa_supplicant(  694): Authorize channel 3
02-25 10:44:45.109 D/wpa_supplicant(  694): Authorize channel 4
02-25 10:44:45.109 D/wpa_supplicant(  694): Authorize channel 5
02-25 10:44:45.109 D/wpa_supplicant(  694): Authorize channel 6
02-25 10:44:45.109 D/wpa_supplicant(  694): Authorize channel 7
02-25 10:44:45.109 D/wpa_supplicant(  694): Authorize channel 8
02-25 10:44:45.109 D/wpa_supplicant(  694): Authorize channel 9
02-25 10:44:45.109 D/wpa_supplicant(  694): Authorize channel 10
02-25 10:44:45.109 D/wpa_supplicant(  694): Authorize channel 11
02-25 10:44:45.109 D/wpa_supplicant(  694): Authorize channel 12
02-25 10:44:45.109 D/wpa_supplicant(  694): Authorize channel 13
02-25 10:44:45.109 D/wpa_supplicant(  694): Add access point on channel 6
02-25 10:44:45.109 D/wpa_supplicant(  694): Add access point on channel 6
02-25 10:44:45.109 D/wpa_supplicant(  694): Add access point on channel 1
02-25 10:44:45.109 D/wpa_supplicant(  694): Add access point on channel 11
02-25 10:44:45.109 D/wpa_supplicant(  694): Add access point on channel 3
02-25 10:44:45.109 D/wpa_supplicant(  694): Add access point on channel 1
02-25 10:44:45.109 D/wpa_supplicant(  694): Add access point on channel 1
02-25 10:44:45.109 D/wpa_supplicant(  694): Add access point on channel 9
02-25 10:44:45.109 D/wpa_supplicant(  694): Add access point on channel 11
02-25 10:44:45.109 D/wpa_supplicant(  694): Add access point on channel 6
02-25 10:44:45.109 D/wpa_supplicant(  694): Add access point on channel 6
02-25 10:44:45.109 D/wpa_supplicant(  694): Add access point on channel 11
02-25 10:44:45.109 D/wpa_supplicant(  694): Add access point on channel 11
02-25 10:44:45.109 D/wpa_supplicant(  694): Add access point on channel 6
02-25 10:44:45.109 D/wpa_supplicant(  694): Add access point on channel 6
02-25 10:44:45.109 D/wpa_supplicant(  694): Add access point on channel 6
02-25 10:44:45.109 D/wpa_supplicant(  694): Add access point on channel 2
02-25 10:44:45.109 D/wpa_supplicant(  694): Add access point on channel 8
02-25 10:44:45.109 D/wpa_supplicant(  694): Add access point on channel 1
02-25 10:44:45.109 D/wpa_supplicant(  694): Add access point on channel 6
02-25 10:44:45.109 D/wpa_supplicant(  694): Add access point on channel 6
02-25 10:44:45.109 D/wpa_supplicant(  694): Add access point on channel 1
02-25 10:44:45.109 D/wpa_supplicant(  694): Add access point on channel 1
02-25 10:44:45.109 D/wpa_supplicant(  694): Best Operating channel is = 11
02-25 10:44:45.109 D/wpa_supplicant(  694): WPS: AP[0] f8:d1:11:e7:99:e8 type=0 tries=0 last_attempt=-1 sec ago blacklist=0
02-25 10:44:45.109 D/wpa_supplicant(  694): WPS: AP[1] cc:34:29:2c:fb:ec type=0 tries=0 last_attempt=-1 sec ago blacklist=0
02-25 10:44:45.109 D/wpa_supplicant(  694): WPS: AP[2] cc:34:29:2b:26:4c type=0 tries=0 last_attempt=-1 sec ago blacklist=0
02-25 10:44:45.109 D/wpa_supplicant(  694): WPS: AP[3] b0:48:7a:51:ff:cc type=0 tries=0 last_attempt=-1 sec ago blacklist=0
02-25 10:44:45.109 D/wpa_supplicant(  694): WPS: AP[4] c0:a0:bb:20:3b:84 type=0 tries=0 last_attempt=-1 sec ago blacklist=0
02-25 10:44:45.109 D/wpa_supplicant(  694): WPS: AP[5] 2c:b0:5d:7f:f4:24 type=0 tries=0 last_attempt=-1 sec ago blacklist=0
02-25 10:44:45.109 D/wpa_supplicant(  694): WPS: AP[6] 9c:21:6a:0d:eb:72 type=0 tries=0 last_attempt=-1 sec ago blacklist=0
02-25 10:44:45.109 D/wpa_supplicant(  694): WPS: AP[7] c8:d7:19:60:62:f2 type=0 tries=0 last_attempt=-1 sec ago blacklist=0
02-25 10:44:45.109 D/wpa_supplicant(  694): WPS: AP[8] 44:94:fc:3d:da:38 type=0 tries=0 last_attempt=-1 sec ago blacklist=0
02-25 10:44:45.109 D/wpa_supplicant(  694): WPS: AP[9] 10:c3:7b:d2:e5:e0 type=0 tries=0 last_attempt=-1 sec ago blacklist=0
02-25 10:44:45.109 D/wpa_supplicant(  694): wlan0: Selecting BSS from priority group 19
02-25 10:44:45.109 D/wpa_supplicant(  694): wlan0: 0: f8:d1:11:e7:99:e8 ssid='videotest' wpa_ie_len=22 rsn_ie_len=20 caps=0x531 level=-39 wps
02-25 10:44:45.109 D/wpa_supplicant(  694): wlan0:    skip - SSID mismatch
02-25 10:44:45.109 D/wpa_supplicant(  694): wlan0: 1: c8:d7:19:60:62:f2 ssid='E3000-2.4G' wpa_ie_len=0 rsn_ie_len=20 caps=0x411 level=-50 wps
02-25 10:44:45.109 D/wpa_supplicant(  694): wlan0:    skip - SSID mismatch
02-25 10:44:45.109 D/wpa_supplicant(  694): wlan0: 2: 90:94:e4:03:45:f5 ssid='DAP-2553_D' wpa_ie_len=0 rsn_ie_len=24 caps=0x431 level=-51
02-25 10:44:45.109 D/wpa_supplicant(  694): wlan0:    skip - SSID mismatch
02-25 10:44:45.109 D/wpa_supplicant(  694): wlan0: 3: cc:34:29:2b:26:4c ssid='cws-test' wpa_ie_len=0 rsn_ie_len=20 caps=0x431 level=-53 wps
02-25 10:44:45.109 D/wpa_supplicant(  694): wlan0:    skip - SSID mismatch
02-25 10:44:45.109 D/wpa_supplicant(  694): wlan0: 4: 02:1a:11:ff:f7:0a ssid='io1' wpa_ie_len=0 rsn_ie_len=20 caps=0x431 level=-55
02-25 10:44:45.109 D/wpa_supplicant(  694): wlan0:    skip - SSID mismatch
02-25 10:44:45.109 D/wpa_supplicant(  694): wlan0: 5: 10:c3:7b:d2:e5:e0 ssid='ASUS_RT-AC66U-2.4G' wpa_ie_len=0 rsn_ie_len=20 caps=0x411 level=-56 wps
02-25 10:44:45.109 D/wpa_supplicant(  694): wlan0:    skip - SSID mismatch
02-25 10:44:45.109 D/wpa_supplicant(  694): wlan0: 6: 98:fc:11:81:35:fb ssid='E2000EE' wpa_ie_len=0 rsn_ie_len=20 caps=0x411 level=-58
02-25 10:44:45.109 D/wpa_supplicant(  694): wlan0:    skip - SSID mismatch
02-25 10:44:45.109 D/wpa_supplicant(  694): wlan0: 7: 44:94:fc:3d:da:38 ssid='6300' wpa_ie_len=0 rsn_ie_len=20 caps=0x411 level=-59 wps
02-25 10:44:45.109 D/wpa_supplicant(  694): wlan0:    skip - SSID mismatch
02-25 10:44:45.109 D/wpa_supplicant(  694): wlan0: 8: b0:48:7a:51:ff:cc ssid='Neusoft TP' wpa_ie_len=22 rsn_ie_len=20 caps=0x431 level=-62 wps
02-25 10:44:45.109 D/wpa_supplicant(  694): wlan0:    skip - SSID mismatch
02-25 10:44:45.109 D/wpa_supplicant(  694): wlan0: 9: c4:17:fe:3f:4f:fb ssid='cmcm' wpa_ie_len=0 rsn_ie_len=20 caps=0x511 level=-68
02-25 10:44:45.109 D/wpa_supplicant(  694): wlan0:    skip - SSID mismatch
02-25 10:44:45.109 D/wpa_supplicant(  694): wlan0: 10: e4:d3:32:c0:cf:a4 ssid='fast' wpa_ie_len=0 rsn_ie_len=20 caps=0x411 level=-70
02-25 10:44:45.109 D/wpa_supplicant(  694): wlan0:    skip - SSID mismatch
02-25 10:44:45.109 D/wpa_supplicant(  694): wlan0: 11: 22:48:9a:ac:31:5b ssid='dean1' wpa_ie_len=0 rsn_ie_len=20 caps=0x431 level=-70
02-25 10:44:45.109 D/wpa_supplicant(  694): wlan0:    skip - SSID mismatch
02-25 10:44:45.109 D/wpa_supplicant(  694): wlan0: 12: cc:34:29:2c:fb:ec ssid='linksys' wpa_ie_len=22 rsn_ie_len=20 caps=0x431 level=-73 wps
02-25 10:44:45.109 D/wpa_supplicant(  694): wlan0:    skip - SSID mismatch
02-25 10:44:45.109 D/wpa_supplicant(  694): wlan0: 13: cc:b2:55:e2:84:70 ssid='DLINK_APK' wpa_ie_len=22 rsn_ie_len=20 caps=0x411 level=-74
02-25 10:44:45.109 D/wpa_supplicant(  694): wlan0:    skip - SSID mismatch
02-25 10:44:45.109 D/wpa_supplicant(  694): wlan0: 14: c0:a0:bb:20:3b:84 ssid='dlink-3B84' wpa_ie_len=26 rsn_ie_len=24 caps=0x411 level=-74 wps
02-25 10:44:45.109 D/wpa_supplicant(  694): wlan0:    skip - SSID mismatch
02-25 10:44:45.109 D/wpa_supplicant(  694): wlan0: 15: 80:1f:02:43:fb:e8 ssid='Edimax AP' wpa_ie_len=0 rsn_ie_len=20 caps=0x411 level=-75
02-25 10:44:45.109 D/wpa_supplicant(  694): wlan0:    skip - SSID mismatch
02-25 10:44:45.109 D/wpa_supplicant(  694): wlan0: 16: 00:0f:e2:0f:9f:c1 ssid='321_WAN' wpa_ie_len=28 rsn_ie_len=24 caps=0x411 level=-79
02-25 10:44:45.109 D/wpa_supplicant(  694): wlan0:    skip - SSID mismatch
02-25 10:44:45.109 D/wpa_supplicant(  694): wlan0: 17: 02:1a:11:f9:f0:51 ssid='AndroidSystem' wpa_ie_len=0 rsn_ie_len=20 caps=0x511 level=-80
02-25 10:44:45.109 D/wpa_supplicant(  694): wlan0:    skip - SSID mismatch
02-25 10:44:45.109 D/wpa_supplicant(  694): wlan0: 18: 0c:82:68:4c:26:a0 ssid='AP321' wpa_ie_len=0 rsn_ie_len=20 caps=0x431 level=-89
02-25 10:44:45.109 D/wpa_supplicant(  694): wlan0:    skip - SSID mismatch
02-25 10:44:45.109 D/wpa_supplicant(  694): wlan0: 19: 02:09:4c:d9:8b:51 ssid='DIRECT-' wpa_ie_len=0 rsn_ie_len=0 caps=0x410 level=-65
02-25 10:44:45.109 D/wpa_supplicant(  694): wlan0:    skip - SSID mismatch
02-25 10:44:45.109 D/wpa_supplicant(  694): wlan0: 20: 02:09:4c:95:ac:84 ssid='DIRECT-' wpa_ie_len=0 rsn_ie_len=0 caps=0x410 level=-73
02-25 10:44:45.109 D/wpa_supplicant(  694): wlan0:    skip - SSID mismatch
02-25 10:44:45.109 D/wpa_supplicant(  694): wlan0: 21: 50:bd:5f:4b:29:92 ssid='Internet-2' wpa_ie_len=0 rsn_ie_len=0 caps=0x421 level=-66
02-25 10:44:45.109 D/wpa_supplicant(  694): wlan0:    skip - SSID mismatch
02-25 10:44:45.109 D/wpa_supplicant(  694): wlan0: 22: e4:d3:32:dd:18:62 ssid='Internet' wpa_ie_len=0 rsn_ie_len=0 caps=0x421 level=-77
02-25 10:44:45.109 D/wpa_supplicant(  694): wlan0:    skip - SSID mismatch
02-25 10:44:45.109 D/wpa_supplicant(  694): wlan0: Selecting BSS from priority group 18
02-25 10:44:45.109 D/wpa_supplicant(  694): wlan0: 0: f8:d1:11:e7:99:e8 ssid='videotest' wpa_ie_len=22 rsn_ie_len=20 caps=0x531 level=-39 wps
02-25 10:44:45.109 D/wpa_supplicant(  694): wlan0:    skip - SSID mismatch
02-25 10:44:45.109 D/wpa_supplicant(  694): wlan0: 1: c8:d7:19:60:62:f2 ssid='E3000-2.4G' wpa_ie_len=0 rsn_ie_len=20 caps=0x411 level=-50 wps
02-25 10:44:45.109 D/wpa_supplicant(  694): wlan0:    skip - SSID mismatch
02-25 10:44:45.109 D/wpa_supplicant(  694): wlan0: 2: 90:94:e4:03:45:f5 ssid='DAP-2553_D' wpa_ie_len=0 rsn_ie_len=24 caps=0x431 level=-51
02-25 10:44:45.109 D/wpa_supplicant(  694): wlan0:    skip - SSID mismatch
02-25 10:44:45.109 D/wpa_supplicant(  694): wlan0: 3: cc:34:29:2b:26:4c ssid='cws-test' wpa_ie_len=0 rsn_ie_len=20 caps=0x431 level=-53 wps
02-25 10:44:45.109 D/wpa_supplicant(  694): wlan0:    skip - SSID mismatch
02-25 10:44:45.109 D/wpa_supplicant(  694): wlan0: 4: 02:1a:11:ff:f7:0a ssid='io1' wpa_ie_len=0 rsn_ie_len=20 caps=0x431 level=-55
02-25 10:44:45.109 D/wpa_supplicant(  694): wlan0:    skip - SSID mismatch
02-25 10:44:45.109 D/wpa_supplicant(  694): wlan0: 5: 10:c3:7b:d2:e5:e0 ssid='ASUS_RT-AC66U-2.4G' wpa_ie_len=0 rsn_ie_len=20 caps=0x411 level=-56 wps
02-25 10:44:45.109 D/wpa_supplicant(  694): wlan0:    skip - SSID mismatch
02-25 10:44:45.109 D/wpa_supplicant(  694): wlan0: 6: 98:fc:11:81:35:fb ssid='E2000EE' wpa_ie_len=0 rsn_ie_len=20 caps=0x411 level=-58
02-25 10:44:45.109 D/wpa_supplicant(  694): wlan0:    skip - SSID mismatch
02-25 10:44:45.109 D/wpa_supplicant(  694): wlan0: 7: 44:94:fc:3d:da:38 ssid='6300' wpa_ie_len=0 rsn_ie_len=20 caps=0x411 level=-59 wps
02-25 10:44:45.109 D/wpa_supplicant(  694): wlan0:    skip - SSID mismatch
02-25 10:44:45.109 D/wpa_supplicant(  694): wlan0: 8: b0:48:7a:51:ff:cc ssid='Neusoft TP' wpa_ie_len=22 rsn_ie_len=20 caps=0x431 level=-62 wps
02-25 10:44:45.109 D/wpa_supplicant(  694): wlan0:    skip - SSID mismatch
02-25 10:44:45.109 D/wpa_supplicant(  694): wlan0: 9: c4:17:fe:3f:4f:fb ssid='cmcm' wpa_ie_len=0 rsn_ie_len=20 caps=0x511 level=-68
02-25 10:44:45.109 D/wpa_supplicant(  694): wlan0:    skip - SSID mismatch
02-25 10:44:45.109 D/wpa_supplicant(  694): wlan0: 10: e4:d3:32:c0:cf:a4 ssid='fast' wpa_ie_len=0 rsn_ie_len=20 caps=0x411 level=-70
02-25 10:44:45.109 D/wpa_supplicant(  694): wlan0:    skip - SSID mismatch
02-25 10:44:45.109 D/wpa_supplicant(  694): wlan0: 11: 22:48:9a:ac:31:5b ssid='dean1' wpa_ie_len=0 rsn_ie_len=20 caps=0x431 level=-70
02-25 10:44:45.109 D/wpa_supplicant(  694): wlan0:    skip - SSID mismatch
02-25 10:44:45.109 D/wpa_supplicant(  694): wlan0: 12: cc:34:29:2c:fb:ec ssid='linksys' wpa_ie_len=22 rsn_ie_len=20 caps=0x431 level=-73 wps
02-25 10:44:45.109 D/wpa_supplicant(  694): wlan0:    skip - SSID mismatch
02-25 10:44:45.109 D/wpa_supplicant(  694): wlan0: 13: cc:b2:55:e2:84:70 ssid='DLINK_APK' wpa_ie_len=22 rsn_ie_len=20 caps=0x411 level=-74
02-25 10:44:45.109 D/wpa_supplicant(  694): wlan0:    skip - SSID mismatch
02-25 10:44:45.109 D/wpa_supplicant(  694): wlan0: 14: c0:a0:bb:20:3b:84 ssid='dlink-3B84' wpa_ie_len=26 rsn_ie_len=24 caps=0x411 level=-74 wps
02-25 10:44:45.109 D/wpa_supplicant(  694): wlan0:    skip - SSID mismatch
02-25 10:44:45.109 D/wpa_supplicant(  694): wlan0: 15: 80:1f:02:43:fb:e8 ssid='Edimax AP' wpa_ie_len=0 rsn_ie_len=20 caps=0x411 level=-75
02-25 10:44:45.109 D/wpa_supplicant(  694): wlan0:    skip - SSID mismatch
02-25 10:44:45.109 D/wpa_supplicant(  694): wlan0: 16: 00:0f:e2:0f:9f:c1 ssid='321_WAN' wpa_ie_len=28 rsn_ie_len=24 caps=0x411 level=-79
02-25 10:44:45.109 D/wpa_supplicant(  694): wlan0:    skip - SSID mismatch
02-25 10:44:45.109 D/wpa_supplicant(  694): wlan0: 17: 02:1a:11:f9:f0:51 ssid='AndroidSystem' wpa_ie_len=0 rsn_ie_len=20 caps=0x511 level=-80
02-25 10:44:45.109 D/wpa_supplicant(  694): wlan0:    skip - SSID mismatch
02-25 10:44:45.109 D/wpa_supplicant(  694): wlan0: 18: 0c:82:68:4c:26:a0 ssid='AP321' wpa_ie_len=0 rsn_ie_len=20 caps=0x431 level=-89
02-25 10:44:45.109 D/wpa_supplicant(  694): wlan0:    skip - SSID mismatch
02-25 10:44:45.109 D/wpa_supplicant(  694): wlan0: 19: 02:09:4c:d9:8b:51 ssid='DIRECT-' wpa_ie_len=0 rsn_ie_len=0 caps=0x410 level=-65
02-25 10:44:45.109 D/wpa_supplicant(  694): wlan0:    skip - SSID mismatch
02-25 10:44:45.109 D/wpa_supplicant(  694): wlan0: 20: 02:09:4c:95:ac:84 ssid='DIRECT-' wpa_ie_len=0 rsn_ie_len=0 caps=0x410 level=-73
02-25 10:44:45.109 D/wpa_supplicant(  694): wlan0:    skip - SSID mismatch
02-25 10:44:45.109 D/wpa_supplicant(  694): wlan0: 21: 50:bd:5f:4b:29:92 ssid='Internet-2' wpa_ie_len=0 rsn_ie_len=0 caps=0x421 level=-66
02-25 10:44:45.109 D/wpa_supplicant(  694): wlan0:    skip - SSID mismatch
02-25 10:44:45.109 D/wpa_supplicant(  694): wlan0: 22: e4:d3:32:dd:18:62 ssid='Internet' wpa_ie_len=0 rsn_ie_len=0 caps=0x421 level=-77
02-25 10:44:45.109 D/wpa_supplicant(  694): wlan0:    skip - SSID mismatch
02-25 10:44:45.109 D/wpa_supplicant(  694): wlan0: Selecting BSS from priority group 17
02-25 10:44:45.109 D/wpa_supplicant(  694): wlan0: 0: f8:d1:11:e7:99:e8 ssid='videotest' wpa_ie_len=22 rsn_ie_len=20 caps=0x531 level=-39 wps
02-25 10:44:45.109 D/wpa_supplicant(  694): wlan0:    skip - SSID mismatch
02-25 10:44:45.109 D/wpa_supplicant(  694): wlan0: 1: c8:d7:19:60:62:f2 ssid='E3000-2.4G' wpa_ie_len=0 rsn_ie_len=20 caps=0x411 level=-50 wps
02-25 10:44:45.109 D/wpa_supplicant(  694): wlan0:    skip - SSID mismatch
02-25 10:44:45.109 D/wpa_supplicant(  694): wlan0: 2: 90:94:e4:03:45:f5 ssid='DAP-2553_D' wpa_ie_len=0 rsn_ie_len=24 caps=0x431 level=-51
02-25 10:44:45.109 D/wpa_supplicant(  694): wlan0:    skip - SSID mismatch
02-25 10:44:45.109 D/wpa_supplicant(  694): wlan0: 3: cc:34:29:2b:26:4c ssid='cws-test' wpa_ie_len=0 rsn_ie_len=20 caps=0x431 level=-53 wps
02-25 10:44:45.109 D/wpa_supplicant(  694): wlan0:    skip - SSID mismatch
02-25 10:44:45.109 D/wpa_supplicant(  694): wlan0: 4: 02:1a:11:ff:f7:0a ssid='io1' wpa_ie_len=0 rsn_ie_len=20 caps=0x431 level=-55
02-25 10:44:45.109 D/wpa_supplicant(  694): wlan0:    skip - SSID mismatch
02-25 10:44:45.109 D/wpa_supplicant(  694): wlan0: 5: 10:c3:7b:d2:e5:e0 ssid='ASUS_RT-AC66U-2.4G' wpa_ie_len=0 rsn_ie_len=20 caps=0x411 level=-56 wps
02-25 10:44:45.109 D/wpa_supplicant(  694): wlan0:    skip - SSID mismatch
02-25 10:44:45.109 D/wpa_supplicant(  694): wlan0: 6: 98:fc:11:81:35:fb ssid='E2000EE' wpa_ie_len=0 rsn_ie_len=20 caps=0x411 level=-58
02-25 10:44:45.109 D/wpa_supplicant(  694): wlan0:    skip - SSID mismatch
02-25 10:44:45.109 D/wpa_supplicant(  694): wlan0: 7: 44:94:fc:3d:da:38 ssid='6300' wpa_ie_len=0 rsn_ie_len=20 caps=0x411 level=-59 wps
02-25 10:44:45.109 D/wpa_supplicant(  694): wlan0:    skip - SSID mismatch
02-25 10:44:45.109 D/wpa_supplicant(  694): wlan0: 8: b0:48:7a:51:ff:cc ssid='Neusoft TP' wpa_ie_len=22 rsn_ie_len=20 caps=0x431 level=-62 wps
02-25 10:44:45.109 D/wpa_supplicant(  694): wlan0:    skip - SSID mismatch
02-25 10:44:45.109 D/wpa_supplicant(  694): wlan0: 9: c4:17:fe:3f:4f:fb ssid='cmcm' wpa_ie_len=0 rsn_ie_len=20 caps=0x511 level=-68
02-25 10:44:45.109 D/wpa_supplicant(  694): wlan0:    skip - SSID mismatch
02-25 10:44:45.109 D/wpa_supplicant(  694): wlan0: 10: e4:d3:32:c0:cf:a4 ssid='fast' wpa_ie_len=0 rsn_ie_len=20 caps=0x411 level=-70
02-25 10:44:45.109 D/wpa_supplicant(  694): wlan0:    skip - SSID mismatch
02-25 10:44:45.109 D/wpa_supplicant(  694): wlan0: 11: 22:48:9a:ac:31:5b ssid='dean1' wpa_ie_len=0 rsn_ie_len=20 caps=0x431 level=-70
02-25 10:44:45.109 D/wpa_supplicant(  694): wlan0:    skip - SSID mismatch
02-25 10:44:45.109 D/wpa_supplicant(  694): wlan0: 12: cc:34:29:2c:fb:ec ssid='linksys' wpa_ie_len=22 rsn_ie_len=20 caps=0x431 level=-73 wps
02-25 10:44:45.109 D/wpa_supplicant(  694): wlan0:    skip - SSID mismatch
02-25 10:44:45.109 D/wpa_supplicant(  694): wlan0: 13: cc:b2:55:e2:84:70 ssid='DLINK_APK' wpa_ie_len=22 rsn_ie_len=20 caps=0x411 level=-74
02-25 10:44:45.109 D/wpa_supplicant(  694): wlan0:    skip - SSID mismatch
02-25 10:44:45.109 D/wpa_supplicant(  694): wlan0: 14: c0:a0:bb:20:3b:84 ssid='dlink-3B84' wpa_ie_len=26 rsn_ie_len=24 caps=0x411 level=-74 wps
02-25 10:44:45.109 D/wpa_supplicant(  694): wlan0:    skip - SSID mismatch
02-25 10:44:45.109 D/wpa_supplicant(  694): wlan0: 15: 80:1f:02:43:fb:e8 ssid='Edimax AP' wpa_ie_len=0 rsn_ie_len=20 caps=0x411 level=-75
02-25 10:44:45.109 D/wpa_supplicant(  694): wlan0:    skip - SSID mismatch
02-25 10:44:45.109 D/wpa_supplicant(  694): wlan0: 16: 00:0f:e2:0f:9f:c1 ssid='321_WAN' wpa_ie_len=28 rsn_ie_len=24 caps=0x411 level=-79
02-25 10:44:45.109 D/wpa_supplicant(  694): wlan0:    skip - SSID mismatch
02-25 10:44:45.109 D/wpa_supplicant(  694): wlan0: 17: 02:1a:11:f9:f0:51 ssid='AndroidSystem' wpa_ie_len=0 rsn_ie_len=20 caps=0x511 level=-80
02-25 10:44:45.109 D/wpa_supplicant(  694): wlan0:    skip - SSID mismatch
02-25 10:44:45.109 D/wpa_supplicant(  694): wlan0: 18: 0c:82:68:4c:26:a0 ssid='AP321' wpa_ie_len=0 rsn_ie_len=20 caps=0x431 level=-89
02-25 10:44:45.109 D/wpa_supplicant(  694): wlan0:    skip - SSID mismatch
02-25 10:44:45.109 D/wpa_supplicant(  694): wlan0: 19: 02:09:4c:d9:8b:51 ssid='DIRECT-' wpa_ie_len=0 rsn_ie_len=0 caps=0x410 level=-65
02-25 10:44:45.109 D/wpa_supplicant(  694): wlan0:    skip - SSID mismatch
02-25 10:44:45.109 D/wpa_supplicant(  694): wlan0: 20: 02:09:4c:95:ac:84 ssid='DIRECT-' wpa_ie_len=0 rsn_ie_len=0 caps=0x410 level=-73
02-25 10:44:45.109 D/wpa_supplicant(  694): wlan0:    skip - SSID mismatch
02-25 10:44:45.109 D/wpa_supplicant(  694): wlan0: 21: 50:bd:5f:4b:29:92 ssid='Internet-2' wpa_ie_len=0 rsn_ie_len=0 caps=0x421 level=-66
02-25 10:44:45.109 D/wpa_supplicant(  694): wlan0:    skip - SSID mismatch
02-25 10:44:45.109 D/wpa_supplicant(  694): wlan0: 22: e4:d3:32:dd:18:62 ssid='Internet' wpa_ie_len=0 rsn_ie_len=0 caps=0x421 level=-77
02-25 10:44:45.109 D/wpa_supplicant(  694): wlan0:    skip - SSID mismatch
02-25 10:44:45.109 D/wpa_supplicant(  694): wlan0: Selecting BSS from priority group 15
02-25 10:44:45.109 D/wpa_supplicant(  694): wlan0: 0: f8:d1:11:e7:99:e8 ssid='videotest' wpa_ie_len=22 rsn_ie_len=20 caps=0x531 level=-39 wps
02-25 10:44:45.109 D/wpa_supplicant(  694): wlan0:    skip - SSID mismatch
02-25 10:44:45.109 D/wpa_supplicant(  694): wlan0: 1: c8:d7:19:60:62:f2 ssid='E3000-2.4G' wpa_ie_len=0 rsn_ie_len=20 caps=0x411 level=-50 wps
02-25 10:44:45.109 D/wpa_supplicant(  694): wlan0:    skip - SSID mismatch
02-25 10:44:45.109 D/wpa_supplicant(  694): wlan0: 2: 90:94:e4:03:45:f5 ssid='DAP-2553_D' wpa_ie_len=0 rsn_ie_len=24 caps=0x431 level=-51
02-25 10:44:45.109 D/wpa_supplicant(  694): wlan0:    skip - SSID mismatch
02-25 10:44:45.109 D/wpa_supplicant(  694): wlan0: 3: cc:34:29:2b:26:4c ssid='cws-test' wpa_ie_len=0 rsn_ie_len=20 caps=0x431 level=-53 wps
02-25 10:44:45.109 D/wpa_supplicant(  694): wlan0:    skip - SSID mismatch
02-25 10:44:45.109 D/wpa_supplicant(  694): wlan0: 4: 02:1a:11:ff:f7:0a ssid='io1' wpa_ie_len=0 rsn_ie_len=20 caps=0x431 level=-55
02-25 10:44:45.109 D/wpa_supplicant(  694): wlan0:    skip - SSID mismatch
02-25 10:44:45.109 D/wpa_supplicant(  694): wlan0: 5: 10:c3:7b:d2:e5:e0 ssid='ASUS_RT-AC66U-2.4G' wpa_ie_len=0 rsn_ie_len=20 caps=0x411 level=-56 wps
02-25 10:44:45.109 D/wpa_supplicant(  694): wlan0:    skip - SSID mismatch
02-25 10:44:45.109 D/wpa_supplicant(  694): wlan0: 6: 98:fc:11:81:35:fb ssid='E2000EE' wpa_ie_len=0 rsn_ie_len=20 caps=0x411 level=-58
02-25 10:44:45.109 D/wpa_supplicant(  694): wlan0:    skip - SSID mismatch
02-25 10:44:45.109 D/wpa_supplicant(  694): wlan0: 7: 44:94:fc:3d:da:38 ssid='6300' wpa_ie_len=0 rsn_ie_len=20 caps=0x411 level=-59 wps
02-25 10:44:45.109 D/wpa_supplicant(  694): wlan0:    skip - SSID mismatch
02-25 10:44:45.109 D/wpa_supplicant(  694): wlan0: 8: b0:48:7a:51:ff:cc ssid='Neusoft TP' wpa_ie_len=22 rsn_ie_len=20 caps=0x431 level=-62 wps
02-25 10:44:45.109 D/wpa_supplicant(  694): wlan0:    skip - SSID mismatch
02-25 10:44:45.109 D/wpa_supplicant(  694): wlan0: 9: c4:17:fe:3f:4f:fb ssid='cmcm' wpa_ie_len=0 rsn_ie_len=20 caps=0x511 level=-68
02-25 10:44:45.109 D/wpa_supplicant(  694): wlan0:    skip - SSID mismatch
02-25 10:44:45.109 D/wpa_supplicant(  694): wlan0: 10: e4:d3:32:c0:cf:a4 ssid='fast' wpa_ie_len=0 rsn_ie_len=20 caps=0x411 level=-70
02-25 10:44:45.109 D/wpa_supplicant(  694): wlan0:    skip - SSID mismatch
02-25 10:44:45.109 D/wpa_supplicant(  694): wlan0: 11: 22:48:9a:ac:31:5b ssid='dean1' wpa_ie_len=0 rsn_ie_len=20 caps=0x431 level=-70
02-25 10:44:45.109 D/wpa_supplicant(  694): wlan0:    skip - SSID mismatch
02-25 10:44:45.109 D/wpa_supplicant(  694): wlan0: 12: cc:34:29:2c:fb:ec ssid='linksys' wpa_ie_len=22 rsn_ie_len=20 caps=0x431 level=-73 wps
02-25 10:44:45.109 D/wpa_supplicant(  694): wlan0:    skip - SSID mismatch
02-25 10:44:45.109 D/wpa_supplicant(  694): wlan0: 13: cc:b2:55:e2:84:70 ssid='DLINK_APK' wpa_ie_len=22 rsn_ie_len=20 caps=0x411 level=-74
02-25 10:44:45.109 D/wpa_supplicant(  694): wlan0:    skip - SSID mismatch
02-25 10:44:45.109 D/wpa_supplicant(  694): wlan0: 14: c0:a0:bb:20:3b:84 ssid='dlink-3B84' wpa_ie_len=26 rsn_ie_len=24 caps=0x411 level=-74 wps
02-25 10:44:45.109 D/wpa_supplicant(  694): wlan0:    skip - SSID mismatch
02-25 10:44:45.109 D/wpa_supplicant(  694): wlan0: 15: 80:1f:02:43:fb:e8 ssid='Edimax AP' wpa_ie_len=0 rsn_ie_len=20 caps=0x411 level=-75
02-25 10:44:45.109 D/wpa_supplicant(  694): wlan0:    skip - SSID mismatch
02-25 10:44:45.109 D/wpa_supplicant(  694): wlan0: 16: 00:0f:e2:0f:9f:c1 ssid='321_WAN' wpa_ie_len=28 rsn_ie_len=24 caps=0x411 level=-79
02-25 10:44:45.109 D/wpa_supplicant(  694): wlan0:    skip - SSID mismatch
02-25 10:44:45.109 D/wpa_supplicant(  694): wlan0: 17: 02:1a:11:f9:f0:51 ssid='AndroidSystem' wpa_ie_len=0 rsn_ie_len=20 caps=0x511 level=-80
02-25 10:44:45.109 D/wpa_supplicant(  694): wlan0:    skip - SSID mismatch
02-25 10:44:45.109 D/wpa_supplicant(  694): wlan0: 18: 0c:82:68:4c:26:a0 ssid='AP321' wpa_ie_len=0 rsn_ie_len=20 caps=0x431 level=-89
02-25 10:44:45.109 D/wpa_supplicant(  694): wlan0:    skip - SSID mismatch
02-25 10:44:45.109 D/wpa_supplicant(  694): wlan0: 19: 02:09:4c:d9:8b:51 ssid='DIRECT-' wpa_ie_len=0 rsn_ie_len=0 caps=0x410 level=-65
02-25 10:44:45.109 D/wpa_supplicant(  694): wlan0:    skip - SSID mismatch
02-25 10:44:45.109 D/wpa_supplicant(  694): wlan0: 20: 02:09:4c:95:ac:84 ssid='DIRECT-' wpa_ie_len=0 rsn_ie_len=0 caps=0x410 level=-73
02-25 10:44:45.109 D/wpa_supplicant(  694): wlan0:    skip - SSID mismatch
02-25 10:44:45.109 D/wpa_supplicant(  694): wlan0: 21: 50:bd:5f:4b:29:92 ssid='Internet-2' wpa_ie_len=0 rsn_ie_len=0 caps=0x421 level=-66
02-25 10:44:45.109 D/wpa_supplicant(  694): wlan0:    skip - SSID mismatch
02-25 10:44:45.109 D/wpa_supplicant(  694): wlan0: 22: e4:d3:32:dd:18:62 ssid='Internet' wpa_ie_len=0 rsn_ie_len=0 caps=0x421 level=-77
02-25 10:44:45.109 D/wpa_supplicant(  694): wlan0:    skip - SSID mismatch
02-25 10:44:45.109 D/wpa_supplicant(  694): wlan0: Selecting BSS from priority group 4
02-25 10:44:45.109 D/wpa_supplicant(  694): wlan0: 0: f8:d1:11:e7:99:e8 ssid='videotest' wpa_ie_len=22 rsn_ie_len=20 caps=0x531 level=-39 wps
02-25 10:44:45.109 D/wpa_supplicant(  694): wlan0:    skip - SSID mismatch
02-25 10:44:45.109 D/wpa_supplicant(  694): wlan0: 1: c8:d7:19:60:62:f2 ssid='E3000-2.4G' wpa_ie_len=0 rsn_ie_len=20 caps=0x411 level=-50 wps
02-25 10:44:45.109 D/wpa_supplicant(  694): wlan0:    skip - SSID mismatch
02-25 10:44:45.109 D/wpa_supplicant(  694): wlan0: 2: 90:94:e4:03:45:f5 ssid='DAP-2553_D' wpa_ie_len=0 rsn_ie_len=24 caps=0x431 level=-51
02-25 10:44:45.109 D/wpa_supplicant(  694): wlan0:    skip - SSID mismatch
02-25 10:44:45.109 D/wpa_supplicant(  694): wlan0: 3: cc:34:29:2b:26:4c ssid='cws-test' wpa_ie_len=0 rsn_ie_len=20 caps=0x431 level=-53 wps
02-25 10:44:45.109 D/wpa_supplicant(  694): wlan0:    skip - SSID mismatch
02-25 10:44:45.109 D/wpa_supplicant(  694): wlan0: 4: 02:1a:11:ff:f7:0a ssid='io1' wpa_ie_len=0 rsn_ie_len=20 caps=0x431 level=-55
02-25 10:44:45.109 D/wpa_supplicant(  694): wlan0:    skip - SSID mismatch
02-25 10:44:45.109 D/wpa_supplicant(  694): wlan0: 5: 10:c3:7b:d2:e5:e0 ssid='ASUS_RT-AC66U-2.4G' wpa_ie_len=0 rsn_ie_len=20 caps=0x411 level=-56 wps
02-25 10:44:45.109 D/wpa_supplicant(  694): wlan0:    skip - SSID mismatch
02-25 10:44:45.109 D/wpa_supplicant(  694): wlan0: 6: 98:fc:11:81:35:fb ssid='E2000EE' wpa_ie_len=0 rsn_ie_len=20 caps=0x411 level=-58
02-25 10:44:45.109 D/wpa_supplicant(  694): wlan0:    skip - SSID mismatch
02-25 10:44:45.109 D/wpa_supplicant(  694): wlan0: 7: 44:94:fc:3d:da:38 ssid='6300' wpa_ie_len=0 rsn_ie_len=20 caps=0x411 level=-59 wps
02-25 10:44:45.109 D/wpa_supplicant(  694): wlan0:    skip - SSID mismatch
02-25 10:44:45.109 D/wpa_supplicant(  694): wlan0: 8: b0:48:7a:51:ff:cc ssid='Neusoft TP' wpa_ie_len=22 rsn_ie_len=20 caps=0x431 level=-62 wps
02-25 10:44:45.109 D/wpa_supplicant(  694): wlan0:    skip - SSID mismatch
02-25 10:44:45.109 D/wpa_supplicant(  694): wlan0: 9: c4:17:fe:3f:4f:fb ssid='cmcm' wpa_ie_len=0 rsn_ie_len=20 caps=0x511 level=-68
02-25 10:44:45.109 D/wpa_supplicant(  694): wlan0:    skip - SSID mismatch
02-25 10:44:45.109 D/wpa_supplicant(  694): wlan0: 10: e4:d3:32:c0:cf:a4 ssid='fast' wpa_ie_len=0 rsn_ie_len=20 caps=0x411 level=-70
02-25 10:44:45.109 D/wpa_supplicant(  694): wlan0:    skip - SSID mismatch
02-25 10:44:45.109 D/wpa_supplicant(  694): wlan0: 11: 22:48:9a:ac:31:5b ssid='dean1' wpa_ie_len=0 rsn_ie_len=20 caps=0x431 level=-70
02-25 10:44:45.109 D/wpa_supplicant(  694): wlan0:    skip - SSID mismatch
02-25 10:44:45.109 D/wpa_supplicant(  694): wlan0: 12: cc:34:29:2c:fb:ec ssid='linksys' wpa_ie_len=22 rsn_ie_len=20 caps=0x431 level=-73 wps
02-25 10:44:45.109 D/wpa_supplicant(  694): wlan0:    skip - SSID mismatch
02-25 10:44:45.109 D/wpa_supplicant(  694): wlan0: 13: cc:b2:55:e2:84:70 ssid='DLINK_APK' wpa_ie_len=22 rsn_ie_len=20 caps=0x411 level=-74
02-25 10:44:45.109 D/wpa_supplicant(  694): wlan0:    skip - SSID mismatch
02-25 10:44:45.109 D/wpa_supplicant(  694): wlan0: 14: c0:a0:bb:20:3b:84 ssid='dlink-3B84' wpa_ie_len=26 rsn_ie_len=24 caps=0x411 level=-74 wps
02-25 10:44:45.109 D/wpa_supplicant(  694): wlan0:    skip - SSID mismatch
02-25 10:44:45.109 D/wpa_supplicant(  694): wlan0: 15: 80:1f:02:43:fb:e8 ssid='Edimax AP' wpa_ie_len=0 rsn_ie_len=20 caps=0x411 level=-75
02-25 10:44:45.109 D/wpa_supplicant(  694): wlan0:    skip - SSID mismatch
02-25 10:44:45.109 D/wpa_supplicant(  694): wlan0: 16: 00:0f:e2:0f:9f:c1 ssid='321_WAN' wpa_ie_len=28 rsn_ie_len=24 caps=0x411 level=-79
02-25 10:44:45.109 D/wpa_supplicant(  694): wlan0:    skip - SSID mismatch
02-25 10:44:45.109 D/wpa_supplicant(  694): wlan0: 17: 02:1a:11:f9:f0:51 ssid='AndroidSystem' wpa_ie_len=0 rsn_ie_len=20 caps=0x511 level=-80
02-25 10:44:45.109 D/wpa_supplicant(  694): wlan0:    skip - SSID mismatch
02-25 10:44:45.109 D/wpa_supplicant(  694): wlan0: 18: 0c:82:68:4c:26:a0 ssid='AP321' wpa_ie_len=0 rsn_ie_len=20 caps=0x431 level=-89
02-25 10:44:45.109 D/wpa_supplicant(  694): wlan0:    skip - SSID mismatch
02-25 10:44:45.109 D/wpa_supplicant(  694): wlan0: 19: 02:09:4c:d9:8b:51 ssid='DIRECT-' wpa_ie_len=0 rsn_ie_len=0 caps=0x410 level=-65
02-25 10:44:45.109 D/wpa_supplicant(  694): wlan0:    skip - SSID mismatch
02-25 10:44:45.109 D/wpa_supplicant(  694): wlan0: 20: 02:09:4c:95:ac:84 ssid='DIRECT-' wpa_ie_len=0 rsn_ie_len=0 caps=0x410 level=-73
02-25 10:44:45.109 D/wpa_supplicant(  694): wlan0:    skip - SSID mismatch
02-25 10:44:45.109 D/wpa_supplicant(  694): wlan0: 21: 50:bd:5f:4b:29:92 ssid='Internet-2' wpa_ie_len=0 rsn_ie_len=0 caps=0x421 level=-66
02-25 10:44:45.109 D/wpa_supplicant(  694): wlan0:    skip - SSID mismatch
02-25 10:44:45.109 D/wpa_supplicant(  694): wlan0: 22: e4:d3:32:dd:18:62 ssid='Internet' wpa_ie_len=0 rsn_ie_len=0 caps=0x421 level=-77
02-25 10:44:45.109 D/wpa_supplicant(  694): wlan0:    skip - SSID mismatch
02-25 10:44:45.109 D/wpa_supplicant(  694): wlan0: No suitable network found
02-25 10:44:45.109 D/wpa_supplicant(  694): wlan0: Setting scan request: 40 sec 0 usec
02-25 10:44:45.109 D/wpa_supplicant(  694): wlan0: Checking for other virtual interfaces sharing same radio (phy0) in event_scan_results
02-25 10:44:45.109 D/wpa_supplicant(  694): p2p-dev-wlan0: Updating scan results from sibling
02-25 10:44:45.109 D/wpa_supplicant(  694): nl80211: Received scan results (23 BSSes)
02-25 10:44:45.109 D/wpa_supplicant(  694): nl80211: Survey data missing
02-25 10:44:45.109 D/wpa_supplicant(  694): p2p-dev-wlan0: BSS: Start scan result update 85
02-25 10:44:45.109 D/wpa_supplicant(  694): BSS: No P2P IE - skipping BSS f8:d1:11:e7:99:e8 update for P2P interface
02-25 10:44:45.109 D/wpa_supplicant(  694): BSS: No P2P IE - skipping BSS c8:d7:19:60:62:f2 update for P2P interface
02-25 10:44:45.109 D/wpa_supplicant(  694): BSS: No P2P IE - skipping BSS 90:94:e4:03:45:f5 update for P2P interface
02-25 10:44:45.109 D/wpa_supplicant(  694): BSS: No P2P IE - skipping BSS cc:34:29:2b:26:4c update for P2P interface
02-25 10:44:45.109 D/wpa_supplicant(  694): BSS: No P2P IE - skipping BSS 02:1a:11:ff:f7:0a update for P2P interface
02-25 10:44:45.109 D/wpa_supplicant(  694): BSS: No P2P IE - skipping BSS 10:c3:7b:d2:e5:e0 update for P2P interface
02-25 10:44:45.109 D/wpa_supplicant(  694): BSS: No P2P IE - skipping BSS 98:fc:11:81:35:fb update for P2P interface
02-25 10:44:45.109 D/wpa_supplicant(  694): BSS: No P2P IE - skipping BSS 44:94:fc:3d:da:38 update for P2P interface
02-25 10:44:45.109 D/wpa_supplicant(  694): BSS: No P2P IE - skipping BSS b0:48:7a:51:ff:cc update for P2P interface
02-25 10:44:45.109 D/wpa_supplicant(  694): BSS: No P2P IE - skipping BSS c4:17:fe:3f:4f:fb update for P2P interface
02-25 10:44:45.109 D/wpa_supplicant(  694): BSS: No P2P IE - skipping BSS e4:d3:32:c0:cf:a4 update for P2P interface
02-25 10:44:45.109 D/wpa_supplicant(  694): BSS: No P2P IE - skipping BSS 22:48:9a:ac:31:5b update for P2P interface
02-25 10:44:45.109 D/wpa_supplicant(  694): BSS: No P2P IE - skipping BSS cc:34:29:2c:fb:ec update for P2P interface
02-25 10:44:45.109 D/wpa_supplicant(  694): BSS: No P2P IE - skipping BSS cc:b2:55:e2:84:70 update for P2P interface
02-25 10:44:45.109 D/wpa_supplicant(  694): BSS: No P2P IE - skipping BSS c0:a0:bb:20:3b:84 update for P2P interface
02-25 10:44:45.109 D/wpa_supplicant(  694): BSS: No P2P IE - skipping BSS 80:1f:02:43:fb:e8 update for P2P interface
02-25 10:44:45.109 D/wpa_supplicant(  694): BSS: No P2P IE - skipping BSS 00:0f:e2:0f:9f:c1 update for P2P interface
02-25 10:44:45.109 D/wpa_supplicant(  694): BSS: No P2P IE - skipping BSS 02:1a:11:f9:f0:51 update for P2P interface
02-25 10:44:45.109 D/wpa_supplicant(  694): BSS: No P2P IE - skipping BSS 0c:82:68:4c:26:a0 update for P2P interface
02-25 10:44:45.109 D/wpa_supplicant(  694): BSS: No P2P IE - skipping BSS 02:09:4c:d9:8b:51 update for P2P interface
02-25 10:44:45.109 D/wpa_supplicant(  694): BSS: No P2P IE - skipping BSS 02:09:4c:95:ac:84 update for P2P interface
02-25 10:44:45.109 D/wpa_supplicant(  694): BSS: No P2P IE - skipping BSS 50:bd:5f:4b:29:92 update for P2P interface
02-25 10:44:45.109 D/wpa_supplicant(  694): BSS: No P2P IE - skipping BSS e4:d3:32:dd:18:62 update for P2P interface
02-25 10:44:45.109 D/wpa_supplicant(  694): BSS: last_scan_res_used=0/0 last_scan_full=0
02-25 10:44:45.109 D/wpa_supplicant(  694): p2p-dev-wlan0: New scan results available
02-25 10:44:45.109 D/wpa_supplicant(  694): CTRL_IFACE monitor send - hexdump(len=39): 2f 64 61 74 61 2f 6d 69 73 63 2f 77 69 66 69 2f 73 6f 63 6b 65 74 73 2f 77 70 61 5f 63 74 72 6c ...
02-25 10:44:45.109 D/wpa_supplicant(  694): WPS: AP[0] f8:d1:11:e7:99:e8 type=0 tries=0 last_attempt=-1 sec ago blacklist=0
02-25 10:44:45.109 D/wpa_supplicant(  694): WPS: AP[1] cc:34:29:2c:fb:ec type=0 tries=0 last_attempt=-1 sec ago blacklist=0
02-25 10:44:45.109 D/wpa_supplicant(  694): WPS: AP[2] cc:34:29:2b:26:4c type=0 tries=0 last_attempt=-1 sec ago blacklist=0
02-25 10:44:45.109 D/wpa_supplicant(  694): WPS: AP[3] b0:48:7a:51:ff:cc type=0 tries=0 last_attempt=-1 sec ago blacklist=0
02-25 10:44:45.109 D/wpa_supplicant(  694): WPS: AP[4] c0:a0:bb:20:3b:84 type=0 tries=0 last_attempt=-1 sec ago blacklist=0
02-25 10:44:45.109 D/wpa_supplicant(  694): WPS: AP[5] 2c:b0:5d:7f:f4:24 type=0 tries=0 last_attempt=-1 sec ago blacklist=0
02-25 10:44:45.109 D/wpa_supplicant(  694): WPS: AP[6] 9c:21:6a:0d:eb:72 type=0 tries=0 last_attempt=-1 sec ago blacklist=0
02-25 10:44:45.109 D/wpa_supplicant(  694): WPS: AP[7] c8:d7:19:60:62:f2 type=0 tries=0 last_attempt=-1 sec ago blacklist=0
02-25 10:44:45.109 D/wpa_supplicant(  694): WPS: AP[8] 44:94:fc:3d:da:38 type=0 tries=0 last_attempt=-1 sec ago blacklist=0
02-25 10:44:45.109 D/wpa_supplicant(  694): WPS: AP[9] 10:c3:7b:d2:e5:e0 type=0 tries=0 last_attempt=-1 sec ago blacklist=0
02-25 10:44:45.109 D/wpa_supplicant(  694): p2p-dev-wlan0: No suitable network found
02-25 10:44:45.109 D/wpa_supplicant(  694): p2p-dev-wlan0: Short-circuit new scan request since there are no enabled networks
02-25 10:44:45.109 D/wpa_supplicant(  694): p2p-dev-wlan0: State: INACTIVE -> INACTIVE
02-25 10:44:45.109 D/wpa_supplicant(  694): wlan0: P2P: Station mode scan operation not pending anymore (sta_scan_pending=0 p2p_cb_on_scan_complete=0)
02-25 10:44:45.109 I/WifiHW  (  506): EVENT: IFNAME=wlan0 CTRL-EVENT-BSS-REMOVED 107 00:25:86:5c:5e:30
02-25 10:44:45.109 I/WifiHW  (  506): EVENT: IFNAME=wlan0 CTRL-EVENT-SCAN-RESULTS 
02-25 10:44:45.109 I/WifiHW  (  506): EVENT: IFNAME=wlan0 WPS-AP-AVAILABLE 
02-25 10:44:45.109 I/WifiHW  (  506): EVENT: IFNAME=p2p-dev-wlan0 CTRL-EVENT-SCAN-RESULTS 
02-25 10:44:45.109 I/WifiHW  (  506): CMD: IFNAME=wlan0 BSS RANGE=0- MASK=0x21987
02-25 10:44:45.109 D/wpa_supplicant(  694): RX ctrl_iface - hexdump(len=25): 42 53 53 20 52 41 4e 47 45 3d 30 2d 20 4d 41 53 4b 3d 30 78 32 31 39 38 37
02-25 10:44:45.109 D/wpa_supplicant(  694): wlan0: Control interface command 'BSS RANGE=0- MASK=0x21987'
02-25 10:44:45.109 I/WifiHW  (  506): REPLY: id=0
02-25 10:44:45.109 I/WifiHW  (  506): REPLY: bssid=f8:d1:11:e7:99:e8
02-25 10:44:45.109 I/WifiHW  (  506): REPLY: freq=2437
02-25 10:44:45.109 I/WifiHW  (  506): REPLY: level=-39
02-25 10:44:45.109 I/WifiHW  (  506): REPLY: tsf=0000003459322366
02-25 10:44:45.109 I/WifiHW  (  506): REPLY: flags=[WPA-PSK-CCMP][WPA2-PSK-CCMP][WPS][ESS]
02-25 10:44:45.109 I/WifiHW  (  506): REPLY: ssid=videotest
02-25 10:44:45.109 I/WifiHW  (  506): REPLY: ====
02-25 10:44:45.109 I/WifiHW  (  506): REPLY: id=1
02-25 10:44:45.109 I/WifiHW  (  506): REPLY: bssid=02:1a:11:ff:f7:0a
02-25 10:44:45.109 I/WifiHW  (  506): REPLY: freq=2437
02-25 10:44:45.109 I/WifiHW  (  506): REPLY: level=-55
02-25 10:44:45.109 I/WifiHW  (  506): REPLY: tsf=0000003459322362
02-25 10:44:45.109 I/WifiHW  (  506): REPLY: flags=[WPA2-PSK-CCMP][ESS]
02-25 10:44:45.109 I/WifiHW  (  506): REPLY: ssid=io1
02-25 10:44:45.109 I/WifiHW  (  506): REPLY: ====
02-25 10:44:45.109 I/WifiHW  (  506): REPLY: id=2
02-25 10:44:45.109 I/WifiHW  (  506): REPLY: bssid=cc:34:29:2c:fb:ec
02-25 10:44:45.109 I/WifiHW  (  506): REPLY: freq=2412
02-25 10:44:45.109 I/WifiHW  (  506): REPLY: level=-73
02-25 10:44:45.109 I/WifiHW  (  506): REPLY: tsf=0000003459322343
02-25 10:44:45.109 I/WifiHW  (  506): REPLY: flags=[WPA-PSK-CCMP][WPA2-PSK-CCMP][WPS][ESS]
02-25 10:44:45.109 I/WifiHW  (  506): REPLY: ssid=linksys
02-25 10:44:45.109 I/WifiHW  (  506): REPLY: ====
