--------- beginning of /dev/log/main
02-25 10:39:31.129 D/AndroidRuntime( 6925): 
02-25 10:39:31.129 D/AndroidRuntime( 6925): >>>>>> AndroidRuntime START com.android.internal.os.RuntimeInit <<<<<<
02-25 10:39:31.129 D/AndroidRuntime( 6925): CheckJNI is OFF
02-25 10:39:31.129 I/AndroidRuntime( 6925): Kernel Release Version: 3.10.20-gf818079
02-25 10:39:31.129 I/dalvikvm( 6925): No library specified. The standard exception handler will be used
02-25 10:39:31.129 I/dalvikvm( 6925): 
02-25 10:39:31.129 I/dalvikvm( 6925): +++++++++++++ Using PCG. +++++++++++++++++++++
02-25 10:39:31.139 D/dalvikvm( 6925): Trying to load lib libjavacore.so 0x0
02-25 10:39:31.139 D/dalvikvm( 6925): Added shared lib libjavacore.so 0x0
02-25 10:39:31.139 D/dalvikvm( 6925): Trying to load lib libnativehelper.so 0x0
02-25 10:39:31.139 D/dalvikvm( 6925): Added shared lib libnativehelper.so 0x0
02-25 10:39:31.139 D/dalvikvm( 6925): No JNI_OnLoad found in libnativehelper.so 0x0, skipping init
02-25 10:39:31.149 D/dalvikvm( 6925): Extra Options: not specified
02-25 10:39:31.159 D/dalvikvm( 6925): Note: class Landroid/app/ActivityManagerNative; has 186 unimplemented (abstract) methods
02-25 10:39:31.239 E/memtrack( 6925): Couldn't load memtrack module (No such file or directory)
02-25 10:39:31.239 E/android.os.Debug( 6925): failed to load memtrack module: -2
02-25 10:39:31.279 D/AndroidRuntime( 6925): Calling main entry com.android.commands.am.Am
02-25 10:39:31.299 D/AndroidRuntime( 6925): Shutting down VM
02-25 10:39:31.299 D/dalvikvm( 6925): GC_CONCURRENT freed 112K, 16% free 666K/792K, paused 0ms+0ms, total 1ms
--------- beginning of /dev/log/system
02-25 10:39:31.299 I/ActivityManager(  506): Force stopping org.xwalk.webapi_noneservice_tests appid=10259 user=0: from pid 6925
02-25 10:39:31.309 D/dalvikvm( 6925): Compiler shutdown in progress - discarding request
02-25 10:39:31.309 D/dalvikvm( 6925): Compiler shutdown in progress - discarding request
02-25 10:39:31.309 D/dalvikvm( 6925): Compiler shutdown in progress - discarding request
02-25 10:39:31.309 D/dalvikvm( 6925): Compiler shutdown in progress - discarding request
02-25 10:39:31.309 D/dalvikvm( 6925): Compiler shutdown in progress - discarding request
02-25 10:39:31.309 D/dalvikvm( 6925): Compiler shutdown in progress - discarding request
02-25 10:39:31.309 D/dalvikvm( 6925): Compiler shutdown in progress - discarding request
02-25 10:39:31.309 D/dalvikvm( 6925): Compiler shutdown in progress - discarding request
02-25 10:39:31.309 D/dalvikvm( 6925): Compiler shutdown in progress - discarding request
02-25 10:39:31.309 D/dalvikvm( 6925): Compiler shutdown in progress - discarding request
02-25 10:39:31.309 D/dalvikvm( 6925): Compiler shutdown in progress - discarding request
02-25 10:39:31.309 D/dalvikvm( 6925): Compiler shutdown in progress - discarding request
02-25 10:39:31.309 D/dalvikvm( 6925): Compiler shutdown in progress - discarding request
02-25 10:39:31.309 D/dalvikvm( 6925): Compiler shutdown in progress - discarding request
02-25 10:39:31.309 D/dalvikvm( 6925): Compiler shutdown in progress - discarding request
02-25 10:39:31.309 D/dalvikvm( 6925): Compiler shutdown in progress - discarding request
02-25 10:39:31.309 D/dalvikvm( 6925): Compiler shutdown in progress - discarding request
02-25 10:39:31.309 D/dalvikvm( 6925): Compiler shutdown in progress - discarding request
02-25 10:39:31.309 D/dalvikvm( 6925): Compiler shutdown in progress - discarding request
02-25 10:39:31.309 D/dalvikvm( 6925): Compiler shutdown in progress - discarding request
02-25 10:39:31.309 D/dalvikvm( 6925): Compiler shutdown in progress - discarding request
02-25 10:39:31.309 D/dalvikvm( 6925): Compiler shutdown in progress - discarding request
02-25 10:39:31.309 D/dalvikvm( 6925): Compiler shutdown in progress - discarding request
02-25 10:39:31.309 D/dalvikvm( 6925): Compiler shutdown in progress - discarding request
02-25 10:39:31.309 D/dalvikvm( 6925): Compiler shutdown in progress - discarding request
02-25 10:39:31.309 D/dalvikvm( 6925): Compiler shutdown in progress - discarding request
02-25 10:39:31.309 D/dalvikvm( 6925): Compiler shutdown in progress - discarding request
02-25 10:39:31.309 D/dalvikvm( 6925): Compiler shutdown in progress - discarding request
02-25 10:39:31.309 D/dalvikvm( 6925): Compiler shutdown in progress - discarding request
02-25 10:39:31.309 D/dalvikvm( 6925): Compiler shutdown in progress - discarding request
02-25 10:39:31.309 D/dalvikvm( 6925): Compiler shutdown in progress - discarding request
02-25 10:39:31.309 D/dalvikvm( 6925): Compiler shutdown in progress - discarding request
02-25 10:39:31.309 D/dalvikvm( 6925): Compiler shutdown in progress - discarding request
02-25 10:39:31.309 D/dalvikvm( 6925): Compiler shutdown in progress - discarding request
02-25 10:39:31.309 D/dalvikvm( 6925): Compiler shutdown in progress - discarding request
02-25 10:39:31.309 D/dalvikvm( 6925): Compiler shutdown in progress - discarding request
02-25 10:39:31.309 D/dalvikvm( 6925): Compiler shutdown in progress - discarding request
02-25 10:39:31.309 D/dalvikvm( 6925): Compiler shutdown in progress - discarding request
02-25 10:39:31.309 D/dalvikvm( 6925): Compiler shutdown in progress - discarding request
02-25 10:39:31.309 D/dalvikvm( 6925): Compiler shutdown in progress - discarding request
02-25 10:39:31.309 D/dalvikvm( 6925): Compiler shutdown in progress - discarding request
02-25 10:39:31.309 D/dalvikvm( 6925): Compiler shutdown in progress - discarding request
02-25 10:39:31.309 D/dalvikvm( 6925): Compiler shutdown in progress - discarding request
02-25 10:39:31.309 D/dalvikvm( 6925): Compiler shutdown in progress - discarding request
02-25 10:39:31.939 D/PROPERTY(  186): get media.dump_output.befconv: 0
02-25 10:39:31.939 D/PROPERTY(  186): get media.dump_output.aftconv: 0
02-25 10:39:31.939 D/RouteManager(  186): stopStream: {+++ RECONSIDER ROUTING +++} due to output stream stop event
02-25 10:39:31.939 D/RouteManager(  186): reconsiderRouting
02-25 10:39:31.939 D/EVENT_THREAD(  186): void CEventThread::trig(uint16_t): in
02-25 10:39:31.939 D/EVENT_THREAD(  186): void CEventThread::trig(uint16_t): out
02-25 10:39:31.939 D/RouteManager(  186): doReconsiderRouting:       Platform State:
02-25 10:39:31.939 D/RouteManager(  186): doReconsiderRouting:          -Modem Alive = 0 
02-25 10:39:31.939 D/RouteManager(  186): doReconsiderRouting:          -Modem Call Active = 0 
02-25 10:39:31.939 D/RouteManager(  186): doReconsiderRouting:          -Is Shared I2S glitch free=1 
02-25 10:39:31.939 D/RouteManager(  186): doReconsiderRouting:          -Android Telephony Mode = Normal 
02-25 10:39:31.939 D/RouteManager(  186): doReconsiderRouting:          -RTE MGR HW Mode = Normal 
02-25 10:39:31.939 D/RouteManager(  186): doReconsiderRouting:          -BT Enabled = 1 
02-25 10:39:31.939 D/RouteManager(  186): doReconsiderRouting:          -BT NREC = 0 
02-25 10:39:31.939 D/RouteManager(  186): doReconsiderRouting:          -BT Band = NB 
02-25 10:39:31.939 D/RouteManager(  186): doReconsiderRouting:          -Platform output device = IHF 
02-25 10:39:31.939 D/RouteManager(  186): doReconsiderRouting:          -Platform input device = <none> 
02-25 10:39:31.939 D/RouteManager(  186): doReconsiderRouting:          -Platform input source = None 
02-25 10:39:31.939 D/RouteManager(  186): doReconsiderRouting:          -Platform Band type = NB 
02-25 10:39:31.939 D/RouteManager(  186): doReconsiderRouting:          -Platform Has Direct Stream = no 
02-25 10:39:31.939 D/RouteManager(  186): doReconsiderRouting:          -Platform TTY direction = <none> 
02-25 10:39:31.939 D/RouteManager(  186): doReconsiderRouting:          -Platform HAC Mode = Off 
02-25 10:39:31.939 D/RouteManager(  186): doReconsiderRouting:          -Platform Screen State = On 
02-25 10:39:31.939 D/RouteManager(  186): doReconsiderRouting:          -Platform Context Awareness = false 
02-25 10:39:31.939 D/RouteManager(  186): doReconsiderRouting:          -Platform Always Listening = false 
02-25 10:39:31.939 D/RouteManager(  186): doReconsiderRouting:          -Platform FM State = Off 
02-25 10:39:31.939 D/RouteManager(  186): doReconsiderRouting:          -Platform Bypass Non Linear PP State = Off 
02-25 10:39:31.939 D/RouteManager(  186): doReconsiderRouting:          -Platform Bypass Linear PP State = Off 
02-25 10:39:31.939 D/RouteManager(  186): doReconsiderRouting:          -Platform MicMute = Off 
02-25 10:39:31.939 D/RouteManager(  186): doReconsiderRouting:      Route state:
02-25 10:39:31.939 D/RouteManager(  186): doReconsiderRouting:          -Previously Enabled Route in Input = <none>
02-25 10:39:31.939 D/RouteManager(  186): doReconsiderRouting:          -Previously Enabled Route in Output = Media|HwCodecMedia
02-25 10:39:31.939 D/RouteManager(  186): doReconsiderRouting:          -Selected Route in Input = <none>
02-25 10:39:31.939 D/RouteManager(  186): doReconsiderRouting:          -Selected Route in Output = <none>
02-25 10:39:31.939 D/RouteManager(  186): doReconsiderRouting:          -Route that need reconfiguration in Input = <none>
02-25 10:39:31.939 D/RouteManager(  186): doReconsiderRouting:          -Route that need reconfiguration in Output = <none>
02-25 10:39:31.939 D/RouteManager(  186): executeMuteStage: --------------- Routing Stage = Mute ---------------
02-25 10:39:31.939 D/RouteManager(  186): parameter-framework: Selection criterion changed event: Criterion name: RoutageState, current state: Flow
02-25 10:39:31.939 D/RouteManager(  186): muteRoutes: Expected Routes to be muted in Output = Media|HwCodecMedia
02-25 10:39:31.939 D/RouteManager(  186): parameter-framework: Selection criterion changed event: Criterion name: ClosingPlaybackRoutes, current state: Media|HwCodecMedia
02-25 10:39:31.939 D/RouteManager(  186): parameter-framework: Selection criterion changed event: Criterion name: OpenedPlaybackRoutes, current state: <none>
02-25 10:39:31.939 D/RouteManager(  186): parameter-framework: Configuration application request {
02-25 10:39:31.939 D/RouteManager(  186): parameter-framework:     Applying configurations {
02-25 10:39:31.939 D/RouteManager(  186): parameter-framework:     } Applying configurations
02-25 10:39:31.939 D/RouteManager(  186): parameter-framework: } Configuration application request
02-25 10:39:31.939 D/RouteManager(  186): executeDisableStage: --------------- Routing Stage = Disable ---------------
02-25 10:39:31.939 D/RouteManager(  186): parameter-framework: Selection criterion changed event: Criterion name: RoutageState, current state: Path
02-25 10:39:31.939 D/RouteManager(  186): prepareDisableRoutes: Routes to be disabled(unrouted) in Output = Media|HwCodecMedia
02-25 10:39:31.939 D/ALSAStreamOps(  186): detachRouteL output stream
02-25 10:39:31.939 D/RouteManager/StreamRoute(  186): closePcmDevice called for card (baytrailaudio,0)
02-25 10:39:31.949 D/AndroidRuntime( 6936): 
02-25 10:39:31.949 D/AndroidRuntime( 6936): >>>>>> AndroidRuntime START com.android.internal.os.RuntimeInit <<<<<<
02-25 10:39:31.949 D/AndroidRuntime( 6936): CheckJNI is OFF
02-25 10:39:31.949 I/AndroidRuntime( 6936): Kernel Release Version: 3.10.20-gf818079
02-25 10:39:31.949 I/dalvikvm( 6936): No library specified. The standard exception handler will be used
02-25 10:39:31.949 I/dalvikvm( 6936): 
02-25 10:39:31.949 I/dalvikvm( 6936): +++++++++++++ Using PCG. +++++++++++++++++++++
02-25 10:39:31.959 D/dalvikvm( 6936): Trying to load lib libjavacore.so 0x0
02-25 10:39:31.959 D/dalvikvm( 6936): Added shared lib libjavacore.so 0x0
02-25 10:39:31.959 D/dalvikvm( 6936): Trying to load lib libnativehelper.so 0x0
02-25 10:39:31.959 D/dalvikvm( 6936): Added shared lib libnativehelper.so 0x0
02-25 10:39:31.959 D/dalvikvm( 6936): No JNI_OnLoad found in libnativehelper.so 0x0, skipping init
02-25 10:39:31.969 D/dalvikvm( 6936): Extra Options: not specified
02-25 10:39:31.969 D/RouteManager(  186): parameter-framework: Configuration application request {
02-25 10:39:31.969 D/RouteManager(  186): parameter-framework:     Applying configurations {
02-25 10:39:31.969 D/RouteManager(  186): parameter-framework:         Applying configuration "Disable" from domain "Routing.Enable.HWCodec.Playback.IHF"
02-25 10:39:31.969 D/RouteManager(  186): parameter-framework:         Applying configuration "Disable" from domain "Routing.Enable.HWCodec.Playback.Multimedia.IHF"
02-25 10:39:31.969 D/RouteManager(  186): parameter-framework:         Applying configuration "Disable" from domain "Routing.Enable.HWCodec.Playback.Multimedia.Playback"
02-25 10:39:31.969 D/RouteManager(  186): parameter-framework:     } Applying configurations
02-25 10:39:31.969 D/RouteManager(  186): parameter-framework: } Configuration application request
02-25 10:39:31.969 D/RouteManager(  186): executeConfigureStage: --------------- Routing Stage = Configure ---------------
02-25 10:39:31.969 D/RouteManager(  186): parameter-framework: Selection criterion changed event: Criterion name: RoutageState, current state: Configure
02-25 10:39:31.969 D/RouteManager(  186): parameter-framework: Selection criterion changed event: Criterion name: ClosingPlaybackRoutes, current state: <none>
02-25 10:39:31.969 D/RouteManager(  186): parameter-framework: Configuration application request {
02-25 10:39:31.969 D/RouteManager(  186): parameter-framework:     Applying configurations {
02-25 10:39:31.969 D/RouteManager(  186): parameter-framework:         Applying configuration "Deactivated" from domain "Routing.Configure.LPE_Mixer.IHF"
02-25 10:39:31.969 D/RouteManager(  186): parameter-framework:     } Applying configurations
02-25 10:39:31.969 D/RouteManager(  186): parameter-framework: } Configuration application request
02-25 10:39:31.969 D/RouteManager(  186): executeEnableStage: --------------- Routing Stage = Enable ---------------
02-25 10:39:31.969 D/RouteManager(  186): parameter-framework: Selection criterion changed event: Criterion name: RoutageState, current state: Path|Configure
02-25 10:39:31.969 D/RouteManager(  186): parameter-framework: Configuration application request {
02-25 10:39:31.969 D/RouteManager(  186): parameter-framework:     Applying configurations {
02-25 10:39:31.969 D/RouteManager(  186): parameter-framework:     } Applying configurations
02-25 10:39:31.969 D/RouteManager(  186): parameter-framework: } Configuration application request
02-25 10:39:31.969 D/RouteManager(  186): executeUnmuteStage: --------------- Routing Stage = Unmute ---------------
02-25 10:39:31.969 D/RouteManager(  186): parameter-framework: Selection criterion changed event: Criterion name: RoutageState, current state: Flow|Path|Configure
02-25 10:39:31.969 D/RouteManager(  186): parameter-framework: Configuration application request {
02-25 10:39:31.969 D/RouteManager(  186): parameter-framework:     Applying configurations {
02-25 10:39:31.969 D/RouteManager(  186): parameter-framework:     } Applying configurations
02-25 10:39:31.969 D/RouteManager(  186): parameter-framework: } Configuration application request
02-25 10:39:31.969 D/RouteManager(  186): reconsiderRouting: DONE
02-25 10:39:31.979 D/EVENT_THREAD(  186): void CEventThread::run() Do poll with timeout: -1
02-25 10:39:31.979 D/dalvikvm( 6936): Note: class Landroid/app/ActivityManagerNative; has 186 unimplemented (abstract) methods
02-25 10:39:32.049 E/memtrack( 6936): Couldn't load memtrack module (No such file or directory)
02-25 10:39:32.049 E/android.os.Debug( 6936): failed to load memtrack module: -2
02-25 10:39:32.089 D/AndroidRuntime( 6936): Calling main entry com.android.commands.am.Am
02-25 10:39:32.119 D/AndroidRuntime( 6936): Shutting down VM
02-25 10:39:32.119 D/dalvikvm( 6936): GC_CONCURRENT freed 117K, 16% free 702K/832K, paused 0ms+0ms, total 1ms
02-25 10:39:32.119 D/dalvikvm( 6936): Compiler shutdown in progress - discarding request
02-25 10:39:32.119 D/dalvikvm( 6936): Compiler shutdown in progress - discarding request
02-25 10:39:32.119 D/dalvikvm( 6936): Compiler shutdown in progress - discarding request
02-25 10:39:32.119 D/dalvikvm( 6936): Compiler shutdown in progress - discarding request
02-25 10:39:32.119 D/dalvikvm( 6936): Compiler shutdown in progress - discarding request
02-25 10:39:32.119 D/dalvikvm( 6936): Compiler shutdown in progress - discarding request
02-25 10:39:32.119 D/dalvikvm( 6936): Compiler shutdown in progress - discarding request
02-25 10:39:32.119 D/dalvikvm( 6936): Compiler shutdown in progress - discarding request
02-25 10:39:32.119 D/dalvikvm( 6936): Compiler shutdown in progress - discarding request
02-25 10:39:32.119 D/dalvikvm( 6936): Compiler shutdown in progress - discarding request
02-25 10:39:32.119 D/dalvikvm( 6936): Compiler shutdown in progress - discarding request
02-25 10:39:32.119 D/dalvikvm( 6936): Compiler shutdown in progress - discarding request
02-25 10:39:32.119 D/dalvikvm( 6936): Compiler shutdown in progress - discarding request
02-25 10:39:32.119 D/dalvikvm( 6936): Compiler shutdown in progress - discarding request
02-25 10:39:32.119 D/dalvikvm( 6936): Compiler shutdown in progress - discarding request
02-25 10:39:32.119 D/dalvikvm( 6936): Compiler shutdown in progress - discarding request
02-25 10:39:32.119 D/dalvikvm( 6936): Compiler shutdown in progress - discarding request
02-25 10:39:32.119 D/dalvikvm( 6936): Compiler shutdown in progress - discarding request
02-25 10:39:32.119 D/dalvikvm( 6936): Compiler shutdown in progress - discarding request
02-25 10:39:32.119 D/dalvikvm( 6936): Compiler shutdown in progress - discarding request
02-25 10:39:32.119 D/dalvikvm( 6936): Compiler shutdown in progress - discarding request
02-25 10:39:32.119 D/dalvikvm( 6936): Compiler shutdown in progress - discarding request
02-25 10:39:32.119 D/dalvikvm( 6936): Compiler shutdown in progress - discarding request
02-25 10:39:32.119 D/dalvikvm( 6936): Compiler shutdown in progress - discarding request
02-25 10:39:32.119 D/dalvikvm( 6936): Compiler shutdown in progress - discarding request
02-25 10:39:32.119 D/dalvikvm( 6936): Compiler shutdown in progress - discarding request
02-25 10:39:32.119 D/dalvikvm( 6936): Compiler shutdown in progress - discarding request
02-25 10:39:32.119 D/dalvikvm( 6936): Compiler shutdown in progress - discarding request
02-25 10:39:32.119 D/dalvikvm( 6936): Compiler shutdown in progress - discarding request
02-25 10:39:32.119 D/dalvikvm( 6936): Compiler shutdown in progress - discarding request
02-25 10:39:32.119 D/dalvikvm( 6936): Compiler shutdown in progress - discarding request
02-25 10:39:32.119 D/dalvikvm( 6936): Compiler shutdown in progress - discarding request
02-25 10:39:32.119 D/dalvikvm( 6936): Compiler shutdown in progress - discarding request
02-25 10:39:32.119 D/dalvikvm( 6936): Compiler shutdown in progress - discarding request
02-25 10:39:32.119 D/dalvikvm( 6936): Compiler shutdown in progress - discarding request
02-25 10:39:32.119 D/dalvikvm( 6936): Compiler shutdown in progress - discarding request
02-25 10:39:32.119 D/dalvikvm( 6936): Compiler shutdown in progress - discarding request
02-25 10:39:32.119 D/dalvikvm( 6936): Compiler shutdown in progress - discarding request
02-25 10:39:32.119 D/dalvikvm( 6936): Compiler shutdown in progress - discarding request
02-25 10:39:32.119 D/dalvikvm( 6936): Compiler shutdown in progress - discarding request
02-25 10:39:32.119 D/dalvikvm( 6936): Compiler shutdown in progress - discarding request
02-25 10:39:32.119 D/dalvikvm( 6936): Compiler shutdown in progress - discarding request
02-25 10:39:32.119 D/dalvikvm( 6936): Compiler shutdown in progress - discarding request
02-25 10:39:32.119 D/dalvikvm( 6936): Compiler shutdown in progress - discarding request
02-25 10:39:32.119 D/dalvikvm( 6936): Compiler shutdown in progress - discarding request
02-25 10:39:32.119 D/dalvikvm( 6936): Compiler shutdown in progress - discarding request
02-25 10:39:32.119 I/ActivityManager(  506): START u0 {flg=0x10000000 cmp=org.xwalk.webapi_noneservice_tests/.webapi_noneservice_testsActivity} from pid 6936
02-25 10:39:32.669 D/AndroidRuntime( 6947): 
02-25 10:39:32.669 D/AndroidRuntime( 6947): >>>>>> AndroidRuntime START com.android.internal.os.RuntimeInit <<<<<<
02-25 10:39:32.669 D/AndroidRuntime( 6947): CheckJNI is OFF
02-25 10:39:32.669 I/AndroidRuntime( 6947): Kernel Release Version: 3.10.20-gf818079
02-25 10:39:32.669 I/dalvikvm( 6947): No library specified. The standard exception handler will be used
02-25 10:39:32.669 I/dalvikvm( 6947): 
02-25 10:39:32.669 I/dalvikvm( 6947): +++++++++++++ Using PCG. +++++++++++++++++++++
02-25 10:39:32.679 D/dalvikvm( 6947): Trying to load lib libjavacore.so 0x0
02-25 10:39:32.679 D/dalvikvm( 6947): Added shared lib libjavacore.so 0x0
02-25 10:39:32.679 D/dalvikvm( 6947): Trying to load lib libnativehelper.so 0x0
02-25 10:39:32.679 D/dalvikvm( 6947): Added shared lib libnativehelper.so 0x0
02-25 10:39:32.679 D/dalvikvm( 6947): No JNI_OnLoad found in libnativehelper.so 0x0, skipping init
02-25 10:39:32.689 D/dalvikvm( 6947): Extra Options: not specified
02-25 10:39:32.699 D/dalvikvm( 6947): Note: class Landroid/app/ActivityManagerNative; has 186 unimplemented (abstract) methods
02-25 10:39:32.769 E/memtrack( 6947): Couldn't load memtrack module (No such file or directory)
02-25 10:39:32.769 E/android.os.Debug( 6947): failed to load memtrack module: -2
02-25 10:39:32.829 D/AndroidRuntime( 6947): Calling main entry com.android.commands.am.Am
02-25 10:39:32.859 D/AndroidRuntime( 6947): Shutting down VM
02-25 10:39:32.859 I/SecurityManagerService(  602): SMS received security event: App[START/org.xwalk.webapi_noneservice_tests]
02-25 10:39:32.859 I/ActivityManager(  506): START u0 {flg=0x10000000 cmp=org.xwalk.webapi_noneservice_tests/.webapi_noneservice_tests} from pid 6947
02-25 10:39:32.869 V/WeatherTimeProvider( 1537): widget on Visibility Changed
02-25 10:39:32.869 D/dalvikvm( 6947): GC_CONCURRENT freed 110K, 16% free 673K/800K, paused 1ms+1ms, total 2ms
02-25 10:39:32.869 D/dalvikvm( 6947): Compiler shutdown in progress - discarding request
02-25 10:39:32.869 D/dalvikvm( 6958): Late-enabling CheckJNI
02-25 10:39:32.869 D/dalvikvm( 6958): Try to disable coredump for pid 6958
02-25 10:39:32.869 D/dalvikvm( 6958): Process 6958 nice name: org.xwalk.webapi_noneservice_tests
02-25 10:39:32.869 D/dalvikvm( 6958): Extra Options: not specified
02-25 10:39:32.869 D/dalvikvm( 6947): Compiler shutdown in progress - discarding request
02-25 10:39:32.869 D/dalvikvm( 6947): Compiler shutdown in progress - discarding request
02-25 10:39:32.869 D/dalvikvm( 6947): Compiler shutdown in progress - discarding request
02-25 10:39:32.869 D/dalvikvm( 6947): Compiler shutdown in progress - discarding request
02-25 10:39:32.869 D/dalvikvm( 6947): Compiler shutdown in progress - discarding request
02-25 10:39:32.869 D/dalvikvm( 6947): Compiler shutdown in progress - discarding request
02-25 10:39:32.869 D/dalvikvm( 6947): Compiler shutdown in progress - discarding request
02-25 10:39:32.869 D/dalvikvm( 6947): Compiler shutdown in progress - discarding request
02-25 10:39:32.869 D/dalvikvm( 6947): Compiler shutdown in progress - discarding request
02-25 10:39:32.869 D/dalvikvm( 6947): Compiler shutdown in progress - discarding request
02-25 10:39:32.869 D/dalvikvm( 6947): Compiler shutdown in progress - discarding request
02-25 10:39:32.869 D/dalvikvm( 6947): Compiler shutdown in progress - discarding request
02-25 10:39:32.869 D/dalvikvm( 6947): Compiler shutdown in progress - discarding request
02-25 10:39:32.869 D/dalvikvm( 6947): Compiler shutdown in progress - discarding request
02-25 10:39:32.869 D/dalvikvm( 6947): Compiler shutdown in progress - discarding request
02-25 10:39:32.869 D/dalvikvm( 6947): Compiler shutdown in progress - discarding request
02-25 10:39:32.869 D/dalvikvm( 6947): Compiler shutdown in progress - discarding request
02-25 10:39:32.869 D/dalvikvm( 6947): Compiler shutdown in progress - discarding request
02-25 10:39:32.869 D/dalvikvm( 6947): Compiler shutdown in progress - discarding request
02-25 10:39:32.869 D/dalvikvm( 6947): Compiler shutdown in progress - discarding request
02-25 10:39:32.869 D/dalvikvm( 6947): Compiler shutdown in progress - discarding request
02-25 10:39:32.869 D/dalvikvm( 6947): Compiler shutdown in progress - discarding request
02-25 10:39:32.869 D/dalvikvm( 6947): Compiler shutdown in progress - discarding request
02-25 10:39:32.869 D/dalvikvm( 6947): Compiler shutdown in progress - discarding request
02-25 10:39:32.869 D/dalvikvm( 6947): Compiler shutdown in progress - discarding request
02-25 10:39:32.869 D/dalvikvm( 6947): Compiler shutdown in progress - discarding request
02-25 10:39:32.869 D/dalvikvm( 6947): Compiler shutdown in progress - discarding request
02-25 10:39:32.869 D/dalvikvm( 6947): Compiler shutdown in progress - discarding request
02-25 10:39:32.869 D/dalvikvm( 6947): Compiler shutdown in progress - discarding request
02-25 10:39:32.869 D/dalvikvm( 6947): Compiler shutdown in progress - discarding request
02-25 10:39:32.869 D/dalvikvm( 6947): Compiler shutdown in progress - discarding request
02-25 10:39:32.869 D/dalvikvm( 6947): Compiler shutdown in progress - discarding request
02-25 10:39:32.869 D/dalvikvm( 6947): Compiler shutdown in progress - discarding request
02-25 10:39:32.869 D/dalvikvm( 6947): Compiler shutdown in progress - discarding request
02-25 10:39:32.869 D/dalvikvm( 6947): Compiler shutdown in progress - discarding request
02-25 10:39:32.869 D/dalvikvm( 6947): Compiler shutdown in progress - discarding request
02-25 10:39:32.869 D/dalvikvm( 6947): Compiler shutdown in progress - discarding request
02-25 10:39:32.869 D/dalvikvm( 6947): Compiler shutdown in progress - discarding request
02-25 10:39:32.869 D/dalvikvm( 6947): Compiler shutdown in progress - discarding request
02-25 10:39:32.869 D/dalvikvm( 6947): Compiler shutdown in progress - discarding request
02-25 10:39:32.869 D/dalvikvm( 6947): Compiler shutdown in progress - discarding request
02-25 10:39:32.869 D/dalvikvm( 6947): Compiler shutdown in progress - discarding request
02-25 10:39:32.869 D/dalvikvm( 6947): Compiler shutdown in progress - discarding request
02-25 10:39:32.869 D/dalvikvm( 6947): Compiler shutdown in progress - discarding request
02-25 10:39:32.869 I/ActivityManager(  506): Start proc org.xwalk.webapi_noneservice_tests for activity org.xwalk.webapi_noneservice_tests/.webapi_noneservice_tests: pid=6958 uid=10259 gids={50259, 3003, 1028, 1015}
02-25 10:39:32.879 D/WindowManager(  506): adjustConfigurationLw, config:{1.0 ?mcc?mnc ?locale ?layoutDir sw600dp w600dp h888dp 213dpi lrg port ?uimode ?night finger -keyb/v/h -nav/v} mLidState:1 mHasDockFeature:false mHasKeyboardFeature:false mHasHallSensorFeature:true config.hardKeyboardHidden:2
02-25 10:39:32.879 I/ActivityManager(  506): [TopPkgCurBat]	NowPkgName[org.xwalk.webapi_noneservice_tests]	Battery[100]	TimeTick[1424831972896]	OldPkgName[com.asus.launcher]
02-25 10:39:32.909 D/        (  702): Surface destroy: ANDROID_NATIVE_WINDOW_MAGIC
02-25 10:39:32.949 I/CordovaLog( 6958): Changing log level to DEBUG(3)
02-25 10:39:32.949 D/CordovaActivity( 6958): CordovaActivity.init()
02-25 10:39:32.949 D/dalvikvm( 6958): Trying to load lib /data/app-lib/org.xwalk.webapi_noneservice_tests-1/libxwalkcore.so 0x43d87060
02-25 10:39:33.029 D/dalvikvm( 6958): Added shared lib /data/app-lib/org.xwalk.webapi_noneservice_tests-1/libxwalkcore.so 0x43d87060
02-25 10:39:33.049 I/LibraryLoader( 6958): Time to load native libraries: 94 ms (timestamps 7168-7262)
02-25 10:39:33.049 I/LibraryLoader( 6958): Expected native library version number "",actual native library version number ""
02-25 10:39:33.069 I/LibraryLoader( 6958): Expected native library version number "",actual native library version number ""
02-25 10:39:33.069 I/chromium( 6958): [INFO:library_loader_hooks.cc(112)] Chromium logging enabled: level = 0, default verbosity = 0
02-25 10:39:33.119 I/BrowserStartupController( 6958): Initializing chromium process, singleProcess=true
02-25 10:39:33.249 D/ImageWallpaper(  571): onVisibilityChanged: mVisible, visible=true, false
02-25 10:39:33.249 D/ImageWallpaper(  571): Visibility changed to visible=false
02-25 10:39:33.249 D/ImageWallpaper(  571): Suppressed drawFrame since redraw is not needed and offsets have not changed.
02-25 10:39:33.559 W/chromium( 6958): [WARNING:dns_config_service_posix.cc(293)] Failed to read DnsConfig.
02-25 10:39:33.569 W/AudioManagerAndroid( 6958): Requires BLUETOOTH permission
02-25 10:39:33.569 I/ufoGralloc( 6958): Hello, this is UFO GRALLOC/Intel Corporation
02-25 10:39:33.579 D/        ( 6958): Pixel Format : GGL_PIXEL_FORMAT_RGBA_8888
02-25 10:39:33.579 D/        ( 6958): droid_create_context : config id = 1 conf->NativeVisualID=1
02-25 10:39:33.579 D/        ( 6958): Pixel Format : GGL_PIXEL_FORMAT_RGBA_8888
02-25 10:39:33.579 I/        ( 6958): Requested context : GLES 2.0
02-25 10:39:33.619 W/chromium( 6958): [WARNING:proxy_service.cc(899)] PAC support disabled because there is no system implementation
02-25 10:39:33.629 W/dalvikvm( 6958): VFY: unable to find class referenced in signature (Landroid/view/inputmethod/CursorAnchorInfo;)
02-25 10:39:33.629 I/dalvikvm( 6958): Could not find method android.view.inputmethod.InputMethodManager.updateCursorAnchorInfo, referenced from method org.chromium.content.browser.input.InputMethodManagerWrapper.updateCursorAnchorInfo
02-25 10:39:33.629 W/dalvikvm( 6958): VFY: unable to resolve virtual method 1368: Landroid/view/inputmethod/InputMethodManager;.updateCursorAnchorInfo (Landroid/view/View;Landroid/view/inputmethod/CursorAnchorInfo;)V
02-25 10:39:33.629 D/dalvikvm( 6958): VFY: replacing opcode 0x6e at 0x000a
02-25 10:39:33.699 E/cutils  (  163): Failed to mkdirat(/Removable/MicroSD): Read-only file system
02-25 10:39:33.699 W/ContextImpl( 6958): Failed to ensure directory: /Removable/MicroSD/Android/data/org.xwalk.webapi_noneservice_tests/cache
02-25 10:39:33.699 W/Vold    (  163): Returning OperationFailed - no handler for errno 30
02-25 10:39:33.709 D/CordovaActivity( 6958): CordovaActivity.createViews()
02-25 10:39:33.709 E/chromium( 6958): [ERROR:unix_domain_server_socket_posix.cc(106)] Not implemented reached in virtual int net::UnixDomainServerSocket::GetLocalAddress(net::IPEndPoint*) const
02-25 10:39:33.709 D/CordovaWebView( 6958): >>> loadUrl(file:///android_asset/www/index.html)
02-25 10:39:33.709 D/PluginManager( 6958): init()
02-25 10:39:33.709 E/cutils  (  163): Failed to mkdirat(/Removable/MicroSD): Read-only file system
02-25 10:39:33.709 W/ContextImpl( 6958): Failed to ensure directory: /Removable/MicroSD/Android/data/org.xwalk.webapi_noneservice_tests/files
02-25 10:39:33.709 E/cutils  (  163): Failed to mkdirat(/Removable/MicroSD): Read-only file system
02-25 10:39:33.709 W/ContextImpl( 6958): Failed to ensure directory: /Removable/MicroSD/Android/data/org.xwalk.webapi_noneservice_tests/cache
02-25 10:39:33.709 D/CordovaWebView( 6958): >>> loadUrlNow()
02-25 10:39:33.709 W/Vold    (  163): Returning OperationFailed - no handler for errno 30
02-25 10:39:33.709 W/Vold    (  163): Returning OperationFailed - no handler for errno 30
02-25 10:39:33.719 I/dalvikvm( 6958): Could not find method android.app.Activity.finishAndRemoveTask, referenced from method org.chromium.base.ApiCompatibilityUtils.finishAndRemoveTask
02-25 10:39:33.719 W/dalvikvm( 6958): VFY: unable to resolve virtual method 6: Landroid/app/Activity;.finishAndRemoveTask ()V
02-25 10:39:33.719 D/dalvikvm( 6958): VFY: replacing opcode 0x6e at 0x0006
02-25 10:39:33.719 I/dalvikvm( 6958): Could not find method android.os.PowerManager.isInteractive, referenced from method org.chromium.base.ApiCompatibilityUtils.isInteractive
02-25 10:39:33.719 W/dalvikvm( 6958): VFY: unable to resolve virtual method 874: Landroid/os/PowerManager;.isInteractive ()Z
02-25 10:39:33.719 D/dalvikvm( 6958): VFY: replacing opcode 0x6e at 0x000e
02-25 10:39:33.719 I/dalvikvm( 6958): Could not find method android.view.Window.getNavigationBarColor, referenced from method org.chromium.base.ApiCompatibilityUtils.setStatusBarColor
02-25 10:39:33.719 W/dalvikvm( 6958): VFY: unable to resolve virtual method 1268: Landroid/view/Window;.getNavigationBarColor ()I
02-25 10:39:33.719 D/dalvikvm( 6958): VFY: replacing opcode 0x6e at 0x0010
02-25 10:39:33.719 I/dalvikvm( 6958): Could not find method android.view.Window.setStatusBarColor, referenced from method org.chromium.base.ApiCompatibilityUtils.setStatusBarColor
02-25 10:39:33.719 W/dalvikvm( 6958): VFY: unable to resolve virtual method 1274: Landroid/view/Window;.setStatusBarColor (I)V
02-25 10:39:33.719 D/dalvikvm( 6958): VFY: replacing opcode 0x6e at 0x0019
02-25 10:39:33.719 E/dalvikvm( 6958): Could not find class 'android.app.ActivityManager$TaskDescription', referenced from method org.chromium.base.ApiCompatibilityUtils.setTaskDescription
02-25 10:39:33.719 W/dalvikvm( 6958): VFY: unable to resolve new-instance 13 (Landroid/app/ActivityManager$TaskDescription;) in Lorg/chromium/base/ApiCompatibilityUtils;
02-25 10:39:33.719 D/dalvikvm( 6958): VFY: replacing opcode 0x22 at 0x0006
02-25 10:39:33.719 D/dalvikvm( 6958): DexOpt: unable to opt direct call 0x002f at 0x08 in Lorg/chromium/base/ApiCompatibilityUtils;.setTaskDescription
02-25 10:39:33.769 I/chromium( 6958): [INFO:xwalk_extension_renderer_controller.cc(47)] EXTENSION PROCESS DISABLED.
02-25 10:39:33.779 D/CordovaActivity( 6958): Resuming the App
02-25 10:39:33.789 D/SoftKeyboardDetect( 6958): Ignore this event
02-25 10:39:33.799 D/        ( 6958): droid_create_context : config id = 5 conf->NativeVisualID=1
02-25 10:39:33.799 D/        ( 6958): Pixel Format : GGL_PIXEL_FORMAT_RGBA_8888
02-25 10:39:33.799 I/        ( 6958): Requested context : GLES 2.0
02-25 10:39:33.809 D/        ( 6958): Pixel Format : GGL_PIXEL_FORMAT_RGBA_8888
02-25 10:39:33.809 D/OpenGLRenderer( 6958): Enabling debug mode 0
02-25 10:39:33.819 D/SoftKeyboardDetect( 6958): Ignore this event
02-25 10:39:33.819 D/XT9IME  (  731): new subtype :zh_CN ,pinyin
02-25 10:39:33.839 D/BatteryStatsImpl(  506): noteStopWakeLocked system isFromForeground = false
02-25 10:39:33.849 I/ActivityManager(  506): Displayed org.xwalk.webapi_noneservice_tests/.webapi_noneservice_tests: +993ms
02-25 10:39:33.949 D/CordovaActivity( 6958): onMessage(onPageStarted,file:///android_asset/www/index.html)
02-25 10:39:33.989 D/        ( 6958): Pixel Format : GGL_PIXEL_FORMAT_RGBA_8888
02-25 10:39:33.989 D/        ( 6958): droid_create_context : config id = 1 conf->NativeVisualID=1
02-25 10:39:33.989 D/        ( 6958): Pixel Format : GGL_PIXEL_FORMAT_RGBA_8888
02-25 10:39:33.989 I/        ( 6958): Requested context : GLES 2.0
02-25 10:39:34.019 W/BindingManager( 6958): Cannot call determinedVisibility() - never saw a connection for the pid: 6958
02-25 10:39:34.089 D/CordovaActivity( 6958): onMessage(onPageFinished,file:///android_asset/www/index.html)
02-25 10:39:35.099 D/CordovaActivity( 6958): onMessage(onPageStarted,file:///android_asset/www/index_real.html?testprefix=./)
02-25 10:39:35.199 W/BindingManager( 6958): Cannot call determinedVisibility() - never saw a connection for the pid: 6958
02-25 10:39:35.449 I/chromium( 6958): [INFO:CONSOLE(0)] "Synchronous XMLHttpRequest on the main thread is deprecated because of its detrimental effects to the end user's experience. For more help, check http://xhr.spec.whatwg.org/.", source:  (0)
02-25 10:39:35.509 D/CordovaActivity( 6958): onMessage(onPageFinished,file:///android_asset/www/index_real.html?testprefix=./)
02-25 10:39:36.099 D/CordovaActivity( 6958): onMessage(spinner,stop)
02-25 10:39:36.129 D/        ( 6958): Pixel Format : GGL_PIXEL_FORMAT_RGBA_8888
02-25 10:39:36.129 D/        ( 6958): droid_create_context : config id = 1 conf->NativeVisualID=1
02-25 10:39:36.129 D/        ( 6958): Pixel Format : GGL_PIXEL_FORMAT_RGBA_8888
02-25 10:39:36.129 I/        ( 6958): Requested context : GLES 2.0
02-25 10:39:36.159 D/        ( 6958): Swap interval set to = 1 value
02-25 10:39:36.219 D/        ( 6958): Pixel Format : GGL_PIXEL_FORMAT_RGBA_8888
02-25 10:39:36.219 D/        ( 6958): droid_create_context : config id = 1 conf->NativeVisualID=1
02-25 10:39:36.219 D/        ( 6958): Pixel Format : GGL_PIXEL_FORMAT_RGBA_8888
02-25 10:39:36.219 I/        ( 6958): Requested context : GLES 2.0
02-25 10:39:37.509 D/CordovaActivity( 6958): onMessage(spinner,stop)
02-25 10:39:40.129 I/SecurityManagerService(  602): SMS received security event: App[START/com.android.providers.contacts]
02-25 10:39:40.129 D/dalvikvm( 7174): Process 7174 nice name: android.process.acore
02-25 10:39:40.129 D/dalvikvm( 7174): Extra Options: not specified
02-25 10:39:40.129 I/ActivityManager(  506): Start proc android.process.acore for content provider com.android.providers.contacts/.ContactsProvider2: pid=7174 uid=10004 gids={50004, 3003, 1028, 1015, 1023}
02-25 10:39:40.159 D/AsusCallerIDProvider( 7174): is touchPal installed = false
02-25 10:39:40.179 D/AsusSimContactsManager( 7174): Google
02-25 10:39:40.179 D/ContactsProvider:SimCardReceiver( 7174): initialSimCardState: mHasIccCard = false mHasIccCard2 = false
02-25 10:39:40.339 I/ContactLocale( 7174): AddressBook Labels [zh_CN]: [, A, B, C, D, E, F, G, H, I, J, K, L, M, N, O, P, Q, R, S, T, U, V, W, X, Y, Z, Α, Β, Γ, Δ, Ε, Ζ, Η, Θ, Ι, Κ, Λ, Μ, Ν, Ξ, Ο, Π, Ρ, Σ, Τ, Υ, Φ, Χ, Ψ, Ω, , А, Б, В, Г, Д, Е, Є, Ж, З, И, І, Ї, Й, К, Л, М, Н, О, П, Р, С, Т, У, Ф, Х, Ц, Ч, Ш, Щ, Ю, Я, , א, ב, ג, ד, ה, ו, ז, ח, ט, י, כ, ל, מ, נ, ס, ע, פ, צ, ק, ר, ש, ת, , ا, ب, ت, ث, ج, ح, خ, د, ذ, ر, ز, س, ش, ص, ض, ط, ظ, ع, غ, ف, ق, ك, ل, م, ن, ه, و, ي, , ก, ข, ฃ, ค, ฅ, ฆ, ง, จ, ฉ, ช, ซ, ฌ, ญ, ฎ, ฏ, ฐ, ฑ, ฒ, ณ, ด, ต, ถ, ท, ธ, น, บ, ป, ผ, ฝ, พ, ฟ, ภ, ม, ย, ร, ฤ, ล, ฦ, ว, ศ, ษ, ส, ห, ฬ, อ, ฮ, #, ]
02-25 10:39:40.409 D/AsusTelephonyManager( 1011): getDefault
02-25 10:39:40.409 D/AsusTelephonyManager( 1011): getDefault
02-25 10:39:40.409 D/AsusTelephonyManager( 1011): getDefault
02-25 10:39:40.409 D/AsusTelephonyManager( 1011): getDefault
02-25 10:39:40.409 D/AsusTelephonyManager( 1011): getDefault
02-25 10:39:40.409 D/AsusTelephonyManager( 1011): getDefault
02-25 10:39:40.409 D/SimCardContactsManager( 1011): isSimEditable = false
02-25 10:39:40.409 D/AsusTelephonyManager( 1011): getDefault
02-25 10:39:40.409 D/AsusTelephonyManager( 1011): getDefault
02-25 10:39:40.409 W/Settings( 1011): Setting airplane_mode_on has moved from android.provider.Settings.System to android.provider.Settings.Global, returning read-only value.
02-25 10:39:40.409 D/SimCardContactsManager( 1011): (getIccCardState) hasIccCard 1 = false
02-25 10:39:40.409 D/SimCardContactsManager( 1011): (getIccCardState) isFlyMode 1 = false
02-25 10:39:40.409 D/SimCardContactsManager( 1011): (getIccCardState) SimSerialNumber  1 is null
02-25 10:39:40.409 D/SimCardContactsManager( 1011): (getIccCardState) ASUS_ICC_CARD_READY 1 = false
02-25 10:39:40.409 D/AsusTelephonyManager( 1011): getDefault
02-25 10:39:40.409 D/SimCardContactsManager( 1011): get asushadIccCard1 :false
02-25 10:39:40.409 D/AccountTypeManager( 1011): 1 : getIccCardState(false)
02-25 10:39:40.409 D/AsusTelephonyManager( 1011): getDefault
02-25 10:39:40.409 D/SimCardContactsManager( 1011): get asushadIccCard1 :false
02-25 10:39:40.409 D/DialerDefaultTabReceiver( 1011): updateSettingTable
02-25 10:39:40.409 D/AsusProfileAddEmail( 1011): No profile, do not need to insert email
02-25 10:39:40.469 I/dalvikvm( 6958): Total arena pages for JIT: 11
02-25 10:39:40.469 I/dalvikvm( 6958): Total arena pages for JIT: 12
02-25 10:39:40.469 D/123     ( 1011): updateSettingTable: query time = 57
02-25 10:39:40.469 D/DialerDefaultTabReceiver( 1011): Account exist: Device/asus.local.phone
02-25 10:39:40.469 I/dalvikvm( 6958): Total arena pages for JIT: 13
02-25 10:39:40.469 I/dalvikvm( 6958): Total arena pages for JIT: 14
02-25 10:39:40.469 I/dalvikvm( 6958): Total arena pages for JIT: 15
02-25 10:39:40.489 D/SendBroadcastHandler( 7174): startTimer() SEND_TO_CONTACTS_INSERT 
02-25 10:39:40.499 D/CountryDetector(  506): The first listener is added
02-25 10:39:40.519 D/AsusPreferenceManager( 1011): getUpdateSettingTable: false
02-25 10:39:40.519 D/AsusPreferenceManager( 1011): getUpdateSettingTable: false
02-25 10:39:41.349 D/SendBroadcastHandler( 7174): startTimer() SEND_TO_CONTACTS_WIDGET_DELETE 
02-25 10:39:41.419 I/chromium( 6958): [INFO:CONSOLE(70)] "WARNING: Message from backend doesn't have data.", source:  (70)
02-25 10:39:41.779 W/BindingManager( 6958): Cannot call determinedVisibility() - never saw a connection for the pid: 6958
02-25 10:39:41.819 I/chromium( 6958): [INFO:CONSOLE(70)] "WARNING: Message from backend doesn't have data.", source:  (70)
02-25 10:39:42.399 W/BindingManager( 6958): Cannot call determinedVisibility() - never saw a connection for the pid: 6958
02-25 10:39:42.529 I/chromium( 6958): [INFO:CONSOLE(70)] "WARNING: Message from backend doesn't have data.", source:  (70)
02-25 10:39:42.999 W/BindingManager( 6958): Cannot call determinedVisibility() - never saw a connection for the pid: 6958
02-25 10:39:43.119 I/chromium( 6958): [INFO:CONSOLE(70)] "WARNING: Message from backend doesn't have data.", source:  (70)
02-25 10:39:43.359 I/SecurityManagerService(  602): SMS received security event: App[START/com.android.providers.calendar]
02-25 10:39:43.369 D/dalvikvm(  602): GC_CONCURRENT freed 4802K, 45% free 5999K/10856K, paused 1ms+1ms, total 6ms
02-25 10:39:43.369 D/dalvikvm( 7207): Process 7207 nice name: com.android.providers.calendar
02-25 10:39:43.369 D/dalvikvm( 7207): Extra Options: not specified
02-25 10:39:43.369 I/ActivityManager(  506): Start proc com.android.providers.calendar for broadcast com.android.providers.calendar/.ContactsEventUpdateReceiver: pid=7207 uid=10031 gids={50031, 3003, 1028, 1015}
02-25 10:39:43.379 D/dalvikvm(  172): GC_EXPLICIT freed 47K, 2% free 5801K/5892K, paused 0ms+1ms, total 15ms
02-25 10:39:43.399 D/dalvikvm(  172): GC_EXPLICIT freed <1K, 2% free 5801K/5892K, paused 1ms+1ms, total 13ms
02-25 10:39:43.409 D/dalvikvm(  172): GC_EXPLICIT freed <1K, 2% free 5801K/5892K, paused 1ms+1ms, total 11ms
02-25 10:39:43.459 V/ActivityManager(  506): Remove bg service from mStartingBackground ,r=ServiceRecord{22209828 u0 com.android.providers.calendar/.ContactsEventUpdateIntentService},r used time=38,left r count=1
02-25 10:39:43.489 D/SendBroadcastHandler( 7174): mTimerTask sendMessage CONTACTS_INSERT 
02-25 10:39:43.499 D/SendBroadcastHandler( 7174): (insert) sendBroadcast mInsertRawContacts:4
02-25 10:39:43.499 D/SendBroadcastHandler( 7174): (insert) sendBroadcast mInsertName:4
02-25 10:39:43.499 D/SendBroadcastHandler( 7174): (insert) sendBroadcast mInsertNameDetail:4
02-25 10:39:43.499 D/SendBroadcastHandler( 7174): sendBroadcast insert to voice agent
02-25 10:39:43.639 W/BindingManager( 6958): Cannot call determinedVisibility() - never saw a connection for the pid: 6958
02-25 10:39:43.779 I/chromium( 6958): [INFO:CONSOLE(70)] "WARNING: Message from backend doesn't have data.", source:  (70)
02-25 10:39:43.819 D/SendBroadcastHandler( 7174): startTimer() SEND_TO_CONTACTS_INSERT 
02-25 10:39:43.969 D/dalvikvm( 7174): GC_EXPLICIT freed 1188K, 15% free 7487K/8788K, paused 1ms+3ms, total 19ms
02-25 10:39:44.009 D/dalvikvm(  506): GC_EXPLICIT freed 1148K, 23% free 15173K/19704K, paused 1ms+3ms, total 40ms
02-25 10:39:44.279 W/BindingManager( 6958): Cannot call determinedVisibility() - never saw a connection for the pid: 6958
02-25 10:39:44.349 D/SendBroadcastHandler( 7174): mTimerTask sendMessage CONTACTS_DELETE 
02-25 10:39:44.349 D/SendBroadcastHandler( 7174): sendBroadcast delete to voice agent
02-25 10:39:44.349 D/SendBroadcastHandler( 7174): (Delete) sendBroadcast mDeleteContacts:5
02-25 10:39:44.349 D/SendBroadcastHandler( 7174): (Delete) sendBroadcast mDeleteRawContactsVoice:6
02-25 10:39:44.349 D/SendBroadcastHandler( 7174): sendBroadcast CONTACTS_DELETE
02-25 10:39:44.349 D/AsusContactWigdetSync( 1011): ready to sync contact id = 5
02-25 10:39:44.349 D/AsusContactWigdetSync( 1011): ready to sync widget
02-25 10:39:44.359 D/AsusContactWigdetSync( 1011): delete contact_id = 364
02-25 10:39:44.359 D/AsusContactWigdetSync( 1011): delete contact_id = 366
02-25 10:39:44.359 D/AsusContactWigdetSync( 1011): delete contact_id = 367
02-25 10:39:44.359 D/AsusContactWigdetSync( 1011): delete contact_id = 368
02-25 10:39:44.359 D/AsusContactWigdetSync( 1011): delete contact_id = 369
02-25 10:39:44.359 D/AsusContactWigdetSync( 1011): sync isdelete = true
02-25 10:39:44.359 I/SecurityManagerService(  602): SMS received security event: App[START/com.asus.contactswidget]
02-25 10:39:44.359 D/dalvikvm( 7233): Process 7233 nice name: com.asus.contactswidget
02-25 10:39:44.359 D/dalvikvm( 7233): Extra Options: not specified
02-25 10:39:44.369 I/ActivityManager(  506): Start proc com.asus.contactswidget for broadcast com.asus.contactswidget/.ContactsWidgetReceiver: pid=7233 uid=10046 gids={50046}
02-25 10:39:44.389 D/AsusContactWigdetSync( 7233): ready to sync contact id = 5
02-25 10:39:44.389 D/AsusContactWigdetSync( 7233): ready to sync widget
02-25 10:39:44.389 D/AsusContactWigdetSync( 7233): delete contact_id = 364
02-25 10:39:44.389 D/AsusContactWigdetSync( 7233): delete contact_id = 366
02-25 10:39:44.389 D/AsusContactWigdetSync( 7233): delete contact_id = 367
02-25 10:39:44.389 D/AsusContactWigdetSync( 7233): delete contact_id = 368
02-25 10:39:44.389 D/AsusContactWigdetSync( 7233): delete contact_id = 369
02-25 10:39:44.389 D/AsusContactWigdetSync( 7233): sync isdelete = true
02-25 10:39:44.419 I/chromium( 6958): [INFO:CONSOLE(70)] "WARNING: Message from backend doesn't have data.", source:  (70)
02-25 10:39:44.429 I/CalendarProvider2( 7207): Sending countdown intent: Intent { act=asuscalendar.intent.action.COUNTDOWN_CHANGED dat=content://com.android.calendar }
02-25 10:39:44.429 W/ContentResolver( 7207): Failed to get type for: content://com.android.calendar (Unknown URL content://com.android.calendar)
02-25 10:39:44.429 I/SecurityManagerService(  602): SMS received security event: App[START/com.asus.calendar]
02-25 10:39:44.449 D/dalvikvm( 7246): Process 7246 nice name: com.asus.calendar
02-25 10:39:44.449 D/dalvikvm( 7246): Extra Options: not specified
02-25 10:39:44.449 I/ActivityManager(  506): Start proc com.asus.calendar for broadcast com.asus.calendar/com.asus.countdown.CountdownReceiver: pid=7246 uid=10002 gids={50002, 3003, 1028, 1015, 3002}
02-25 10:39:44.459 I/CalendarProvider2( 7207): Sending notification intent: Intent { act=android.intent.action.PROVIDER_CHANGED dat=content://com.android.calendar }
02-25 10:39:44.459 W/ContentResolver( 7207): Failed to get type for: content://com.android.calendar (Unknown URL content://com.android.calendar)
02-25 10:39:44.469 V/ActivityManager(  506): Remove bg service from mStartingBackground ,r=ServiceRecord{221e9bc0 u0 com.android.providers.calendar/.EmptyService},r used time=1046,left r count=2
02-25 10:39:44.549 V/ActivityManager(  506): Remove bg service from mStartingBackground ,r=ServiceRecord{223cf290 u0 com.asus.calendar/com.asus.countdown.CountdownService},r used time=9,left r count=2
02-25 10:39:44.559 D/AlertReceiver( 7246): onReceive: a=android.intent.action.PROVIDER_CHANGED Intent { act=android.intent.action.PROVIDER_CHANGED dat=content://com.android.calendar flg=0x10 cmp=com.asus.calendar/com.android.calendar.alerts.AlertReceiver }
02-25 10:39:44.599 D/AlertService( 7246): 0 Action = android.intent.action.PROVIDER_CHANGED
02-25 10:39:44.599 D/AlertService( 7246): Beginning updateAlertNotification
02-25 10:39:44.609 D/AlertService( 7246): No fired or scheduled alerts
02-25 10:39:44.619 I/ActivityManager(  506): Killing 1805:com.wandoujia.phoenix2/u0a29 (adj 15): empty for 3006s
02-25 10:39:44.629 D/BatteryStatsImpl(  506): noteStopWakeLocked com.asus.calendar isFromForeground = false
02-25 10:39:44.629 V/ActivityManager(  506): Remove bg service from mStartingBackground ,r=ServiceRecord{222416b0 u0 com.asus.calendar/com.android.calendar.alerts.AlertService},r used time=66,left r count=2
02-25 10:39:44.649 I/SecurityManagerService(  602): SMS received security event: App[STOP/com.wandoujia.phoenix2]
02-25 10:39:44.829 E/ContactJson( 6958): getStringArray(fields): Failed to parse json data: org.json.JSONException: Value givenNames at fields of type java.lang.String cannot be converted to JSONArray
02-25 10:39:45.359 D/AsusContactWigdetSync( 1011): sync start
02-25 10:39:45.359 D/AsusContactWigdetSync( 1011): sync selection = null
02-25 10:39:45.359 D/AsusContactWigdetSync( 1011): sync delete selection = contact_id IN ( 364, 366, 367, 369, 368)
02-25 10:39:45.379 D/AsusContactWigdetSync( 1011): sync stop
02-25 10:39:45.379 V/ActivityManager(  506): Remove bg service from mStartingBackground ,r=ServiceRecord{223ebf80 u0 com.asus.contacts/com.android.contacts.miniwidget.SyncService},r used time=1023,left r count=1
02-25 10:39:45.399 D/AsusContactWigdetSync( 7233): sync start
02-25 10:39:45.399 D/AsusContactWigdetSync( 7233): sync selection = null
02-25 10:39:45.399 D/AsusContactWigdetSync( 7233): sync delete selection = contact_id IN ( 364, 366, 367, 369, 368)
02-25 10:39:45.409 D/AsusContactWigdetSync( 7233): sync stop
02-25 10:39:45.409 V/ActivityManager(  506): Remove bg service from mStartingBackground ,r=ServiceRecord{223e43f0 u0 com.asus.contactswidget/.SyncService},r used time=1019,left r count=0
02-25 10:39:45.419 W/BindingManager( 6958): Cannot call determinedVisibility() - never saw a connection for the pid: 6958
02-25 10:39:45.459 D/SendBroadcastHandler( 7174): startTimer() SEND_TO_CONTACTS_WIDGET_DELETE 
02-25 10:39:45.589 I/chromium( 6958): [INFO:CONSOLE(70)] "WARNING: Message from backend doesn't have data.", source:  (70)
02-25 10:39:45.779 D/dalvikvm( 6958): GC_EXPLICIT freed 2160K, 25% free 7235K/9544K, paused 0ms+3ms, total 21ms
