02-25 17:14:55.359 D/EVENT_THREAD(  183): void CEventThread::run() POLLIN event on Fd (1)
02-25 17:14:55.359 D/EVENT_THREAD(  183): void CEventThread::run() Do poll with timeout: -1
02-25 17:14:55.979 D/EVENT_THREAD(  183): void CEventThread::run() POLLIN event on Fd (1)
02-25 17:14:55.979 D/EVENT_THREAD(  183): void CEventThread::run() Do poll with timeout: -1
02-25 17:14:55.979 D/EVENT_THREAD(  183): void CEventThread::run() POLLIN event on Fd (1)
02-25 17:14:55.979 D/EVENT_THREAD(  183): void CEventThread::run() Do poll with timeout: -1
02-25 17:14:56.079 I/upi_ug31xx(  166): (525) update_capacity
02-25 17:14:56.079 I/[UPI]   (  166): <UG31/E>[UpiReadCapacity]: V=3959(3960), T=323(324-390), I=-24, C=0(0-0)
02-25 17:14:56.079 I/[UPI]   (  166): <UG31/E>[UpiReadCapacity]: (0x0001254a) 2814 (2654) / 3822 (4027) = 74
02-25 17:14:56.079 I/[UPI]   (  166): <UG31/E>[UpiReadCapacity]: (0x0001254a) 2814 (2654) / 3822 (4027) = 74
02-25 17:14:56.079 I/[UPI]   (  166): <UG31/E>[UpiReadCapacity]: (0x0001254a) 2814 (2814) / 3822 (4027) = 74
02-25 17:14:56.079 I/[UPI]   (  166): <UG31/E>[RsocFilterCountTime]: (0x0001254a) Step=10(638940), Full=10(638940), Lock=638940(11844000)
02-25 17:14:56.079 I/[UPI]   (  166): <UG31/E>[UpiReadCapacity]: (0x0001254a) 2814 (2814) / 3822 (4027) = 74 (-24--24)
02-25 17:14:56.079 I/[UPI]   (  166): <UG31/E><BATT> M:normal, P:74(74-74)%, V:3961mV, C:-24mA, T:32.4C(390), S:0x0001254a(000), R:2814mAh, F:3822mAh, Q:-451mAh, CC:3, P:0.630(451-0)s, BO:7, 97:615:0-44af-9m:B001-20140514-144301 (16)
02-25 17:14:56.079 I/upi_ug31xx(  166): (526) backup_data 
02-25 17:14:56.079 V/upi_ug31xx(  166): state->check_backup_count = 21
02-25 17:14:56.079 D/EVENT_THREAD(  183): void CEventThread::run() POLLIN event on Fd (1)
02-25 17:14:56.079 D/EVENT_THREAD(  183): void CEventThread::run() Do poll with timeout: -1
02-25 17:14:56.089 I/[UPI]   (  166): <UG31/E>[upi_lib_backup_data]: Driver backup data not ready.
02-25 17:14:59.999 I/SecurityManagerService(  680): SMS received security event: App[START/com.asus.sitd.whatsnext]
02-25 17:15:00.009 D/dalvikvm( 5340): Process 5340 nice name: com.asus.sitd.whatsnext
02-25 17:15:00.009 D/dalvikvm( 5340): Extra Options: not specified
02-25 17:15:00.009 I/ActivityManager(  506): Start proc com.asus.sitd.whatsnext for service com.asus.sitd.whatsnext/.service.WhatsNextService: pid=5340 uid=10082 gids={50082, 3003, 1028, 1015}
02-25 17:15:00.019 D/xmlCheckExt( 5340): <neon>
02-25 17:15:00.019 D/xmlCheckExt( 5340):  pkgName = air.eti.uzzu.unalis
02-25 17:15:00.019 D/xmlCheckExt( 5340): <arch>
02-25 17:15:00.019 D/xmlCheckExt( 5340):  pkgName = com.evy.guessword
02-25 17:15:00.019 D/xmlCheckExt( 5340): <arch>
02-25 17:15:00.019 D/xmlCheckExt( 5340):  pkgName = com.bpiotor.lot
02-25 17:15:00.019 D/xmlCheckExt( 5340): <arch>
02-25 17:15:00.019 D/xmlCheckExt( 5340):  pkgName = com.goodstudent.app
02-25 17:15:00.019 D/xmlCheckExt( 5340): <arch>
02-25 17:15:00.019 D/xmlCheckExt( 5340):  pkgName = com.flyfish.supermario
02-25 17:15:00.019 D/xmlCheckExt( 5340): <arch>
02-25 17:15:00.019 D/xmlCheckExt( 5340):  pkgName = excel.sgs
02-25 17:15:00.019 D/xmlCheckExt( 5340): <arch>
02-25 17:15:00.019 D/xmlCheckExt( 5340):  pkgName = com.gamevil.doz.global
02-25 17:15:00.019 D/xmlCheckExt( 5340): <arch>
02-25 17:15:00.019 D/xmlCheckExt( 5340):  pkgName = com.tblin.HandsetGuardant
02-25 17:15:00.019 D/xmlCheckExt( 5340): <arch>
02-25 17:15:00.019 D/xmlCheckExt( 5340):  pkgName = com.baoliei.lmotuolijhhe
02-25 17:15:00.019 D/xmlCheckExt( 5340): <arch>
02-25 17:15:00.019 D/xmlCheckExt( 5340):  pkgName = com.bpiotor.fingerprint
02-25 17:15:00.019 D/xmlCheckExt( 5340): <arch>
02-25 17:15:00.019 D/xmlCheckExt( 5340):  pkgName = com.philzhu.www.ddz
02-25 17:15:00.019 D/xmlCheckExt( 5340): <arch>
02-25 17:15:00.019 D/xmlCheckExt( 5340):  pkgName = hh.root
02-25 17:15:00.019 D/xmlCheckExt( 5340): <arch>
02-25 17:15:00.019 D/xmlCheckExt( 5340):  pkgName = com.rao.love.yy.zjhmuti
02-25 17:15:00.019 D/xmlCheckExt( 5340): <arch>
02-25 17:15:00.019 D/xmlCheckExt( 5340):  pkgName = com.rao.flyfish.huntfish
02-25 17:15:00.019 D/xmlCheckExt( 5340): <arch>
02-25 17:15:00.019 D/xmlCheckExt( 5340):  pkgName = com.yucai.escape.tow
02-25 17:15:00.019 D/xmlCheckExt( 5340): <white>
02-25 17:15:00.019 D/xmlCheckExt( 5340):  pkgName = com.eembc.coremark
02-25 17:15:00.029 D/Zygote  ( 5340): Setting os.arch
02-25 17:15:00.029 I/dalvikvm( 5340): Enabling JNI app bug workarounds for target SDK version 13...
02-25 17:15:00.089 E/dalvikvm( 5340): Could not find class 'org.joda.time.tz.ZoneInfoProvider', referenced from method org.joda.time.DateTimeZone.getDefaultProvider
02-25 17:15:00.089 W/dalvikvm( 5340): VFY: unable to resolve new-instance 2988 (Lorg/joda/time/tz/ZoneInfoProvider;) in Lorg/joda/time/DateTimeZone;
02-25 17:15:00.089 D/dalvikvm( 5340): VFY: replacing opcode 0x22 at 0x0016
02-25 17:15:00.089 D/dalvikvm( 5340): DexOpt: unable to opt direct call 0x52e8 at 0x1a in Lorg/joda/time/DateTimeZone;.getDefaultProvider
02-25 17:15:00.109 D/AlarmManager(  506): Added alarm Alarm{21fcee30 type 0 android} type:RTC_WAKEUP when: At 15-2-25 下午5:30 repeatInterval: 0h:30m:0.0s
02-25 17:15:00.119 D/BatteryStatsImpl(  506): noteStopWakeLocked system isFromForeground = false
02-25 17:15:00.119 D/Clock   (  567): ACTION_TIME_TICK
02-25 17:15:00.119 D/Clock   (  567): update clock:下午5:15
02-25 17:15:00.129 D/WhatsNext( 5340): >> WhatsNext enable: false
02-25 17:15:00.149 D/BatteryStatsImpl(  506): noteStopWakeLocked system isFromForeground = false
02-25 17:15:00.149 V/ActivityManager(  506): Remove bg service from mStartingBackground ,r=ServiceRecord{226a55b8 u0 com.asus.sitd.whatsnext/.widget.LockScreenWidgetProvider$UpdateService},r used time=13,left r count=1
02-25 17:15:00.159 V/ActivityManager(  506): Remove bg service from mStartingBackground ,r=ServiceRecord{226aff70 u0 com.asus.sitd.whatsnext/.widget.WhatsNextWidgetProvider$UpdateService},r used time=22,left r count=0
02-25 17:15:04.169 D/AndroidRuntime( 5359): 
02-25 17:15:04.169 D/AndroidRuntime( 5359): >>>>>> AndroidRuntime START com.android.internal.os.RuntimeInit <<<<<<
02-25 17:15:04.169 D/AndroidRuntime( 5359): CheckJNI is OFF
02-25 17:15:04.169 I/AndroidRuntime( 5359): Kernel Release Version: 3.10.20-gf818079
02-25 17:15:04.169 I/dalvikvm( 5359): No library specified. The standard exception handler will be used
02-25 17:15:04.189 I/dalvikvm( 5359): 
02-25 17:15:04.189 I/dalvikvm( 5359): +++++++++++++ Using PCG. +++++++++++++++++++++
02-25 17:15:04.239 D/dalvikvm( 5359): Trying to load lib libjavacore.so 0x0
02-25 17:15:04.249 D/dalvikvm( 5359): Added shared lib libjavacore.so 0x0
02-25 17:15:04.249 D/dalvikvm( 5359): Trying to load lib libnativehelper.so 0x0
02-25 17:15:04.249 D/dalvikvm( 5359): Added shared lib libnativehelper.so 0x0
02-25 17:15:04.249 D/dalvikvm( 5359): No JNI_OnLoad found in libnativehelper.so 0x0, skipping init
02-25 17:15:04.259 D/dalvikvm( 5359): Extra Options: not specified
02-25 17:15:04.269 D/dalvikvm( 5359): Note: class Landroid/app/ActivityManagerNative; has 186 unimplemented (abstract) methods
02-25 17:15:04.349 E/memtrack( 5359): Couldn't load memtrack module (No such file or directory)
02-25 17:15:04.349 E/android.os.Debug( 5359): failed to load memtrack module: -2
02-25 17:15:04.389 D/AndroidRuntime( 5359): Calling main entry com.android.commands.am.Am
02-25 17:15:04.409 D/AndroidRuntime( 5359): Shutting down VM
02-25 17:15:04.409 I/ActivityManager(  506): Force stopping org.xwalk.webapi_noneservice_tests appid=10294 user=0: from pid 5359
02-25 17:15:04.429 D/dalvikvm( 5359): GC_CONCURRENT freed 108K, 16% free 638K/760K, paused 0ms+1ms, total 10ms
02-25 17:15:04.429 D/dalvikvm( 5359): Compiler shutdown in progress - discarding request
02-25 17:15:04.429 D/dalvikvm( 5359): Compiler shutdown in progress - discarding request
02-25 17:15:04.429 D/dalvikvm( 5359): Compiler shutdown in progress - discarding request
02-25 17:15:04.429 D/dalvikvm( 5359): Compiler shutdown in progress - discarding request
02-25 17:15:04.429 D/dalvikvm( 5359): Compiler shutdown in progress - discarding request
02-25 17:15:04.429 D/dalvikvm( 5359): Compiler shutdown in progress - discarding request
02-25 17:15:04.429 D/dalvikvm( 5359): Compiler shutdown in progress - discarding request
02-25 17:15:04.429 D/dalvikvm( 5359): Compiler shutdown in progress - discarding request
02-25 17:15:04.429 D/dalvikvm( 5359): Compiler shutdown in progress - discarding request
02-25 17:15:04.429 D/dalvikvm( 5359): Compiler shutdown in progress - discarding request
02-25 17:15:04.429 D/dalvikvm( 5359): Compiler shutdown in progress - discarding request
02-25 17:15:04.429 D/dalvikvm( 5359): Compiler shutdown in progress - discarding request
02-25 17:15:04.429 D/dalvikvm( 5359): Compiler shutdown in progress - discarding request
02-25 17:15:04.429 D/dalvikvm( 5359): Compiler shutdown in progress - discarding request
02-25 17:15:04.429 D/dalvikvm( 5359): Compiler shutdown in progress - discarding request
02-25 17:15:04.429 D/dalvikvm( 5359): Compiler shutdown in progress - discarding request
02-25 17:15:04.429 D/dalvikvm( 5359): Compiler shutdown in progress - discarding request
02-25 17:15:04.429 D/dalvikvm( 5359): Compiler shutdown in progress - discarding request
02-25 17:15:04.429 D/dalvikvm( 5359): Compiler shutdown in progress - discarding request
02-25 17:15:04.429 D/dalvikvm( 5359): Compiler shutdown in progress - discarding request
02-25 17:15:04.429 D/dalvikvm( 5359): Compiler shutdown in progress - discarding request
02-25 17:15:04.429 D/dalvikvm( 5359): Compiler shutdown in progress - discarding request
02-25 17:15:04.429 D/dalvikvm( 5359): Compiler shutdown in progress - discarding request
02-25 17:15:04.429 D/dalvikvm( 5359): Compiler shutdown in progress - discarding request
02-25 17:15:04.429 D/dalvikvm( 5359): Compiler shutdown in progress - discarding request
02-25 17:15:04.429 D/dalvikvm( 5359): Compiler shutdown in progress - discarding request
02-25 17:15:04.429 D/dalvikvm( 5359): Compiler shutdown in progress - discarding request
02-25 17:15:04.429 D/dalvikvm( 5359): Compiler shutdown in progress - discarding request
02-25 17:15:04.429 D/dalvikvm( 5359): Compiler shutdown in progress - discarding request
02-25 17:15:04.429 D/dalvikvm( 5359): Compiler shutdown in progress - discarding request
02-25 17:15:04.429 D/dalvikvm( 5359): Compiler shutdown in progress - discarding request
02-25 17:15:04.429 D/dalvikvm( 5359): Compiler shutdown in progress - discarding request
02-25 17:15:04.429 D/dalvikvm( 5359): Compiler shutdown in progress - discarding request
02-25 17:15:04.429 D/dalvikvm( 5359): Compiler shutdown in progress - discarding request
02-25 17:15:04.429 D/dalvikvm( 5359): Compiler shutdown in progress - discarding request
02-25 17:15:04.429 D/dalvikvm( 5359): Compiler shutdown in progress - discarding request
02-25 17:15:04.429 D/dalvikvm( 5359): Compiler shutdown in progress - discarding request
02-25 17:15:04.429 D/dalvikvm( 5359): Compiler shutdown in progress - discarding request
02-25 17:15:04.429 D/dalvikvm( 5359): Compiler shutdown in progress - discarding request
02-25 17:15:04.429 D/dalvikvm( 5359): Compiler shutdown in progress - discarding request
02-25 17:15:04.429 D/dalvikvm( 5359): Compiler shutdown in progress - discarding request
02-25 17:15:04.429 D/dalvikvm( 5359): Compiler shutdown in progress - discarding request
02-25 17:15:04.429 D/dalvikvm( 5359): Compiler shutdown in progress - discarding request
02-25 17:15:04.789 D/wpa_supplicant(  642): wlan0: Starting AP scan for wildcard SSID
02-25 17:15:04.789 D/wpa_supplicant(  642): WPS: Building WPS IE for Probe Request
02-25 17:15:04.789 D/wpa_supplicant(  642): WPS:  * Version (hardcoded 0x10)
02-25 17:15:04.789 D/wpa_supplicant(  642): WPS:  * Request Type
02-25 17:15:04.789 D/wpa_supplicant(  642): WPS:  * Config Methods (4288)
02-25 17:15:04.789 D/wpa_supplicant(  642): WPS:  * UUID-E
02-25 17:15:04.789 D/wpa_supplicant(  642): WPS:  * Primary Device Type
02-25 17:15:04.789 D/wpa_supplicant(  642): WPS:  * RF Bands (1)
02-25 17:15:04.789 D/wpa_supplicant(  642): WPS:  * Association State
02-25 17:15:04.789 D/wpa_supplicant(  642): WPS:  * Configuration Error (0)
02-25 17:15:04.789 D/wpa_supplicant(  642): WPS:  * Device Password ID (0)
02-25 17:15:04.789 D/wpa_supplicant(  642): WPS:  * Manufacturer
02-25 17:15:04.789 D/wpa_supplicant(  642): WPS:  * Model Name
02-25 17:15:04.789 D/wpa_supplicant(  642): WPS:  * Model Number
02-25 17:15:04.789 D/wpa_supplicant(  642): WPS:  * Device Name
02-25 17:15:04.789 D/wpa_supplicant(  642): WPS:  * Version2 (0x20)
02-25 17:15:04.789 D/wpa_supplicant(  642): P2P: * P2P IE header
02-25 17:15:04.789 D/wpa_supplicant(  642): P2P: * Capability dev=25 group=00
02-25 17:15:04.789 D/wpa_supplicant(  642): P2P: * Listen Channel: Regulatory Class 81 Channel 6
02-25 17:15:04.789 D/wpa_supplicant(  642): wlan0: nl80211: scan request
02-25 17:15:04.879 D/wpa_supplicant(  642): Scan requested (ret=0) - scan timeout 30 seconds
02-25 17:15:04.879 D/wpa_supplicant(  642): nl80211: Drv Event 33 (NL80211_CMD_TRIGGER_SCAN) received for wlan0
02-25 17:15:04.879 D/wpa_supplicant(  642): wlan0: nl80211: Scan trigger
02-25 17:15:04.879 D/AndroidRuntime( 5370): 
02-25 17:15:04.879 D/AndroidRuntime( 5370): >>>>>> AndroidRuntime START com.android.internal.os.RuntimeInit <<<<<<
02-25 17:15:04.879 D/AndroidRuntime( 5370): CheckJNI is OFF
02-25 17:15:04.879 I/AndroidRuntime( 5370): Kernel Release Version: 3.10.20-gf818079
02-25 17:15:04.879 I/dalvikvm( 5370): No library specified. The standard exception handler will be used
02-25 17:15:04.879 I/dalvikvm( 5370): 
02-25 17:15:04.879 I/dalvikvm( 5370): +++++++++++++ Using PCG. +++++++++++++++++++++
02-25 17:15:04.889 D/dalvikvm( 5370): Trying to load lib libjavacore.so 0x0
02-25 17:15:04.889 D/dalvikvm( 5370): Added shared lib libjavacore.so 0x0
02-25 17:15:04.899 D/dalvikvm( 5370): Trying to load lib libnativehelper.so 0x0
02-25 17:15:04.899 D/dalvikvm( 5370): Added shared lib libnativehelper.so 0x0
02-25 17:15:04.899 D/dalvikvm( 5370): No JNI_OnLoad found in libnativehelper.so 0x0, skipping init
02-25 17:15:04.899 D/dalvikvm( 5370): Extra Options: not specified
02-25 17:15:04.909 D/dalvikvm( 5370): Note: class Landroid/app/ActivityManagerNative; has 186 unimplemented (abstract) methods
02-25 17:15:04.989 E/memtrack( 5370): Couldn't load memtrack module (No such file or directory)
02-25 17:15:04.989 E/android.os.Debug( 5370): failed to load memtrack module: -2
02-25 17:15:05.029 D/AndroidRuntime( 5370): Calling main entry com.android.commands.am.Am
02-25 17:15:05.059 D/AndroidRuntime( 5370): Shutting down VM
02-25 17:15:05.059 I/ActivityManager(  506): START u0 {flg=0x10000000 cmp=org.xwalk.webapi_noneservice_tests/.webapi_noneservice_testsActivity} from pid 5370
02-25 17:15:05.069 D/dalvikvm( 5370): GC_CONCURRENT freed 117K, 15% free 702K/824K, paused 0ms+1ms, total 1ms
02-25 17:15:05.069 D/dalvikvm( 5370): Compiler shutdown in progress - discarding request
02-25 17:15:05.069 D/dalvikvm( 5370): Compiler shutdown in progress - discarding request
02-25 17:15:05.069 D/dalvikvm( 5370): Compiler shutdown in progress - discarding request
02-25 17:15:05.069 D/dalvikvm( 5370): Compiler shutdown in progress - discarding request
02-25 17:15:05.069 D/dalvikvm( 5370): Compiler shutdown in progress - discarding request
02-25 17:15:05.069 D/dalvikvm( 5370): Compiler shutdown in progress - discarding request
02-25 17:15:05.069 D/dalvikvm( 5370): Compiler shutdown in progress - discarding request
02-25 17:15:05.069 D/dalvikvm( 5370): Compiler shutdown in progress - discarding request
02-25 17:15:05.069 D/dalvikvm( 5370): Compiler shutdown in progress - discarding request
02-25 17:15:05.069 D/dalvikvm( 5370): Compiler shutdown in progress - discarding request
02-25 17:15:05.069 D/dalvikvm( 5370): Compiler shutdown in progress - discarding request
02-25 17:15:05.069 D/dalvikvm( 5370): Compiler shutdown in progress - discarding request
02-25 17:15:05.069 D/dalvikvm( 5370): Compiler shutdown in progress - discarding request
02-25 17:15:05.069 D/dalvikvm( 5370): Compiler shutdown in progress - discarding request
02-25 17:15:05.069 D/dalvikvm( 5370): Compiler shutdown in progress - discarding request
02-25 17:15:05.069 D/dalvikvm( 5370): Compiler shutdown in progress - discarding request
02-25 17:15:05.069 D/dalvikvm( 5370): Compiler shutdown in progress - discarding request
02-25 17:15:05.069 D/dalvikvm( 5370): Compiler shutdown in progress - discarding request
02-25 17:15:05.069 D/dalvikvm( 5370): Compiler shutdown in progress - discarding request
02-25 17:15:05.069 D/dalvikvm( 5370): Compiler shutdown in progress - discarding request
02-25 17:15:05.069 D/dalvikvm( 5370): Compiler shutdown in progress - discarding request
02-25 17:15:05.069 D/dalvikvm( 5370): Compiler shutdown in progress - discarding request
02-25 17:15:05.069 D/dalvikvm( 5370): Compiler shutdown in progress - discarding request
02-25 17:15:05.069 D/dalvikvm( 5370): Compiler shutdown in progress - discarding request
02-25 17:15:05.069 D/dalvikvm( 5370): Compiler shutdown in progress - discarding request
02-25 17:15:05.069 D/dalvikvm( 5370): Compiler shutdown in progress - discarding request
02-25 17:15:05.069 D/dalvikvm( 5370): Compiler shutdown in progress - discarding request
02-25 17:15:05.069 D/dalvikvm( 5370): Compiler shutdown in progress - discarding request
02-25 17:15:05.069 D/dalvikvm( 5370): Compiler shutdown in progress - discarding request
02-25 17:15:05.069 D/dalvikvm( 5370): Compiler shutdown in progress - discarding request
02-25 17:15:05.069 D/dalvikvm( 5370): Compiler shutdown in progress - discarding request
02-25 17:15:05.069 D/dalvikvm( 5370): Compiler shutdown in progress - discarding request
02-25 17:15:05.069 D/dalvikvm( 5370): Compiler shutdown in progress - discarding request
02-25 17:15:05.069 D/dalvikvm( 5370): Compiler shutdown in progress - discarding request
02-25 17:15:05.069 D/dalvikvm( 5370): Compiler shutdown in progress - discarding request
02-25 17:15:05.069 D/dalvikvm( 5370): Compiler shutdown in progress - discarding request
02-25 17:15:05.069 D/dalvikvm( 5370): Compiler shutdown in progress - discarding request
02-25 17:15:05.069 D/dalvikvm( 5370): Compiler shutdown in progress - discarding request
02-25 17:15:05.069 D/dalvikvm( 5370): Compiler shutdown in progress - discarding request
02-25 17:15:05.069 D/dalvikvm( 5370): Compiler shutdown in progress - discarding request
02-25 17:15:05.069 D/dalvikvm( 5370): Compiler shutdown in progress - discarding request
02-25 17:15:05.069 D/dalvikvm( 5370): Compiler shutdown in progress - discarding request
02-25 17:15:05.069 D/dalvikvm( 5370): Compiler shutdown in progress - discarding request
02-25 17:15:05.069 D/dalvikvm( 5370): Compiler shutdown in progress - discarding request
02-25 17:15:05.069 D/dalvikvm( 5370): Compiler shutdown in progress - discarding request
02-25 17:15:05.699 D/AndroidRuntime( 5381): 
02-25 17:15:05.699 D/AndroidRuntime( 5381): >>>>>> AndroidRuntime START com.android.internal.os.RuntimeInit <<<<<<
02-25 17:15:05.699 D/AndroidRuntime( 5381): CheckJNI is OFF
02-25 17:15:05.699 I/AndroidRuntime( 5381): Kernel Release Version: 3.10.20-gf818079
02-25 17:15:05.699 I/dalvikvm( 5381): No library specified. The standard exception handler will be used
02-25 17:15:05.699 I/dalvikvm( 5381): 
02-25 17:15:05.699 I/dalvikvm( 5381): +++++++++++++ Using PCG. +++++++++++++++++++++
02-25 17:15:05.709 D/dalvikvm( 5381): Trying to load lib libjavacore.so 0x0
02-25 17:15:05.709 D/dalvikvm( 5381): Added shared lib libjavacore.so 0x0
02-25 17:15:05.719 D/dalvikvm( 5381): Trying to load lib libnativehelper.so 0x0
02-25 17:15:05.719 D/dalvikvm( 5381): Added shared lib libnativehelper.so 0x0
02-25 17:15:05.719 D/dalvikvm( 5381): No JNI_OnLoad found in libnativehelper.so 0x0, skipping init
02-25 17:15:05.719 D/dalvikvm( 5381): Extra Options: not specified
02-25 17:15:05.729 D/dalvikvm( 5381): Note: class Landroid/app/ActivityManagerNative; has 186 unimplemented (abstract) methods
02-25 17:15:05.809 E/memtrack( 5381): Couldn't load memtrack module (No such file or directory)
02-25 17:15:05.809 E/android.os.Debug( 5381): failed to load memtrack module: -2
02-25 17:15:05.849 D/AndroidRuntime( 5381): Calling main entry com.android.commands.am.Am
02-25 17:15:05.879 D/AndroidRuntime( 5381): Shutting down VM
02-25 17:15:05.879 D/dalvikvm( 5381): GC_CONCURRENT freed 117K, 17% free 670K/800K, paused 1ms+0ms, total 2ms
02-25 17:15:05.879 I/ActivityManager(  506): START u0 {flg=0x10000000 cmp=org.xwalk.webapi_noneservice_tests/.webapi_noneservice_tests} from pid 5381
02-25 17:15:05.889 D/dalvikvm( 5381): Compiler shutdown in progress - discarding request
02-25 17:15:05.889 D/dalvikvm( 5381): Compiler shutdown in progress - discarding request
02-25 17:15:05.889 D/dalvikvm( 5381): Compiler shutdown in progress - discarding request
02-25 17:15:05.889 D/dalvikvm( 5381): Compiler shutdown in progress - discarding request
02-25 17:15:05.889 D/dalvikvm( 5381): Compiler shutdown in progress - discarding request
02-25 17:15:05.889 D/dalvikvm( 5381): Compiler shutdown in progress - discarding request
02-25 17:15:05.889 D/dalvikvm( 5381): Compiler shutdown in progress - discarding request
02-25 17:15:05.889 D/dalvikvm( 5381): Compiler shutdown in progress - discarding request
02-25 17:15:05.889 D/dalvikvm( 5381): Compiler shutdown in progress - discarding request
02-25 17:15:05.889 D/dalvikvm( 5381): Compiler shutdown in progress - discarding request
02-25 17:15:05.889 D/dalvikvm( 5381): Compiler shutdown in progress - discarding request
02-25 17:15:05.889 D/dalvikvm( 5381): Compiler shutdown in progress - discarding request
02-25 17:15:05.889 D/dalvikvm( 5381): Compiler shutdown in progress - discarding request
02-25 17:15:05.889 D/dalvikvm( 5381): Compiler shutdown in progress - discarding request
02-25 17:15:05.889 D/dalvikvm( 5381): Compiler shutdown in progress - discarding request
02-25 17:15:05.889 D/dalvikvm( 5381): Compiler shutdown in progress - discarding request
02-25 17:15:05.889 D/dalvikvm( 5381): Compiler shutdown in progress - discarding request
02-25 17:15:05.889 D/dalvikvm( 5381): Compiler shutdown in progress - discarding request
02-25 17:15:05.889 D/dalvikvm( 5381): Compiler shutdown in progress - discarding request
02-25 17:15:05.889 D/dalvikvm( 5381): Compiler shutdown in progress - discarding request
02-25 17:15:05.889 D/dalvikvm( 5381): Compiler shutdown in progress - discarding request
02-25 17:15:05.889 D/dalvikvm( 5381): Compiler shutdown in progress - discarding request
02-25 17:15:05.889 D/dalvikvm( 5381): Compiler shutdown in progress - discarding request
02-25 17:15:05.889 D/dalvikvm( 5381): Compiler shutdown in progress - discarding request
02-25 17:15:05.889 D/dalvikvm( 5381): Compiler shutdown in progress - discarding request
02-25 17:15:05.889 D/dalvikvm( 5381): Compiler shutdown in progress - discarding request
02-25 17:15:05.889 D/dalvikvm( 5381): Compiler shutdown in progress - discarding request
02-25 17:15:05.889 D/dalvikvm( 5381): Compiler shutdown in progress - discarding request
02-25 17:15:05.889 D/dalvikvm( 5381): Compiler shutdown in progress - discarding request
02-25 17:15:05.889 D/dalvikvm( 5381): Compiler shutdown in progress - discarding request
02-25 17:15:05.889 D/dalvikvm( 5381): Compiler shutdown in progress - discarding request
02-25 17:15:05.889 D/dalvikvm( 5381): Compiler shutdown in progress - discarding request
02-25 17:15:05.889 D/dalvikvm( 5381): Compiler shutdown in progress - discarding request
02-25 17:15:05.889 D/dalvikvm( 5381): Compiler shutdown in progress - discarding request
02-25 17:15:05.889 D/dalvikvm( 5381): Compiler shutdown in progress - discarding request
02-25 17:15:05.889 D/dalvikvm( 5381): Compiler shutdown in progress - discarding request
02-25 17:15:05.889 D/dalvikvm( 5381): Compiler shutdown in progress - discarding request
02-25 17:15:05.889 D/dalvikvm( 5381): Compiler shutdown in progress - discarding request
02-25 17:15:05.889 D/dalvikvm( 5381): Compiler shutdown in progress - discarding request
02-25 17:15:05.889 D/dalvikvm( 5381): Compiler shutdown in progress - discarding request
02-25 17:15:05.889 D/dalvikvm( 5381): Compiler shutdown in progress - discarding request
02-25 17:15:05.889 D/dalvikvm( 5381): Compiler shutdown in progress - discarding request
02-25 17:15:05.889 D/dalvikvm( 5381): Compiler shutdown in progress - discarding request
02-25 17:15:05.889 D/dalvikvm( 5381): Compiler shutdown in progress - discarding request
02-25 17:15:05.889 D/dalvikvm( 5381): Compiler shutdown in progress - discarding request
02-25 17:15:05.889 D/dalvikvm( 5381): Compiler shutdown in progress - discarding request
02-25 17:15:05.889 D/dalvikvm( 5381): Compiler shutdown in progress - discarding request
02-25 17:15:05.889 D/dalvikvm( 5381): Compiler shutdown in progress - discarding request
02-25 17:15:05.989 D/wpa_supplicant(  642): nl80211: Drv Event 34 (NL80211_CMD_NEW_SCAN_RESULTS) received for wlan0
02-25 17:15:05.989 D/wpa_supplicant(  642): wlan0: nl80211: New scan results available
02-25 17:15:05.989 D/wpa_supplicant(  642): wlan0: Event SCAN_RESULTS (3) received
02-25 17:15:05.989 D/wpa_supplicant(  642): nl80211: Received scan results (18 BSSes)
02-25 17:15:05.989 D/wpa_supplicant(  642): nl80211: Survey data missing
02-25 17:15:05.999 D/wpa_supplicant(  642): wlan0: BSS: Start scan result update 184
02-25 17:15:05.999 D/wpa_supplicant(  642): wlan0: BSS: Add new id 303 BSSID cc:b2:55:e2:84:70 SSID 'DLINK_APK'
02-25 17:15:05.999 D/wpa_supplicant(  642): CTRL_IFACE monitor send - hexdump(len=39): 2f 64 61 74 61 2f 6d 69 73 63 2f 77 69 66 69 2f 73 6f 63 6b 65 74 73 2f 77 70 61 5f 63 74 72 6c ...
02-25 17:15:05.999 I/WifiHW  (  506): EVENT: IFNAME=wlan0 CTRL-EVENT-BSS-ADDED 303 cc:b2:55:e2:84:70
02-25 17:15:05.999 D/wpa_supplicant(  642): wlan0: BSS: Remove id 299 BSSID 18:dc:56:b2:b6:3d SSID 'AP_7620L-B63D' due to no match in scan
02-25 17:15:05.999 D/wpa_supplicant(  642): CTRL_IFACE monitor send - hexdump(len=39): 2f 64 61 74 61 2f 6d 69 73 63 2f 77 69 66 69 2f 73 6f 63 6b 65 74 73 2f 77 70 61 5f 63 74 72 6c ...
02-25 17:15:05.999 I/WifiHW  (  506): EVENT: IFNAME=wlan0 CTRL-EVENT-BSS-REMOVED 299 18:dc:56:b2:b6:3d
02-25 17:15:05.999 D/wpa_supplicant(  642): wlan0: BSS: Remove id 301 BSSID e4:d3:32:dd:18:62 SSID 'Internet' due to no match in scan
02-25 17:15:05.999 D/wpa_supplicant(  642): CTRL_IFACE monitor send - hexdump(len=39): 2f 64 61 74 61 2f 6d 69 73 63 2f 77 69 66 69 2f 73 6f 63 6b 65 74 73 2f 77 70 61 5f 63 74 72 6c ...
02-25 17:15:05.999 I/WifiHW  (  506): EVENT: IFNAME=wlan0 CTRL-EVENT-BSS-REMOVED 301 e4:d3:32:dd:18:62
02-25 17:15:05.999 D/wpa_supplicant(  642): BSS: last_scan_res_used=18/32 last_scan_full=0
02-25 17:15:05.999 D/wpa_supplicant(  642): wlan0: New scan results available
02-25 17:15:05.999 D/wpa_supplicant(  642): CTRL_IFACE monitor send - hexdump(len=39): 2f 64 61 74 61 2f 6d 69 73 63 2f 77 69 66 69 2f 73 6f 63 6b 65 74 73 2f 77 70 61 5f 63 74 72 6c ...
02-25 17:15:05.999 I/WifiHW  (  506): EVENT: IFNAME=wlan0 CTRL-EVENT-SCAN-RESULTS 
02-25 17:15:05.999 I/WifiHW  (  506): CMD: IFNAME=wlan0 BSS RANGE=0- MASK=0x21987
02-25 17:15:05.999 D/wpa_supplicant(  642): CTRL_IFACE monitor send - hexdump(len=39): 2f 64 61 74 61 2f 6d 69 73 63 2f 77 69 66 69 2f 73 6f 63 6b 65 74 73 2f 77 70 61 5f 63 74 72 6c ...
02-25 17:15:05.999 I/WifiHW  (  506): EVENT: IFNAME=wlan0 WPS-AP-AVAILABLE 
02-25 17:15:05.999 D/wpa_supplicant(  642): Authorize channel 1
02-25 17:15:05.999 D/wpa_supplicant(  642): Authorize channel 2
02-25 17:15:05.999 D/wpa_supplicant(  642): Authorize channel 3
02-25 17:15:05.999 D/wpa_supplicant(  642): Authorize channel 4
02-25 17:15:05.999 D/wpa_supplicant(  642): Authorize channel 5
02-25 17:15:05.999 D/wpa_supplicant(  642): Authorize channel 6
02-25 17:15:05.999 D/wpa_supplicant(  642): Authorize channel 7
02-25 17:15:05.999 D/wpa_supplicant(  642): Authorize channel 8
02-25 17:15:05.999 D/wpa_supplicant(  642): Authorize channel 9
02-25 17:15:05.999 D/wpa_supplicant(  642): Authorize channel 10
02-25 17:15:05.999 D/wpa_supplicant(  642): Authorize channel 11
02-25 17:15:05.999 D/wpa_supplicant(  642): Authorize channel 12
02-25 17:15:05.999 D/wpa_supplicant(  642): Authorize channel 13
02-25 17:15:05.999 D/wpa_supplicant(  642): Authorize channel 1
02-25 17:15:05.999 D/wpa_supplicant(  642): Authorize channel 2
02-25 17:15:05.999 D/wpa_supplicant(  642): Authorize channel 3
02-25 17:15:05.999 D/wpa_supplicant(  642): Authorize channel 4
02-25 17:15:05.999 D/wpa_supplicant(  642): Authorize channel 5
02-25 17:15:05.999 D/wpa_supplicant(  642): Authorize channel 6
02-25 17:15:05.999 D/wpa_supplicant(  642): Authorize channel 7
02-25 17:15:05.999 D/wpa_supplicant(  642): Authorize channel 8
02-25 17:15:05.999 D/wpa_supplicant(  642): Authorize channel 9
02-25 17:15:05.999 D/wpa_supplicant(  642): Authorize channel 10
02-25 17:15:05.999 D/wpa_supplicant(  642): Authorize channel 11
02-25 17:15:05.999 D/wpa_supplicant(  642): Authorize channel 12
02-25 17:15:05.999 D/wpa_supplicant(  642): Authorize channel 13
02-25 17:15:05.999 D/wpa_supplicant(  642): Add access point on channel 6
02-25 17:15:05.999 D/wpa_supplicant(  642): Add access point on channel 6
02-25 17:15:05.999 D/wpa_supplicant(  642): Add access point on channel 6
02-25 17:15:05.999 D/wpa_supplicant(  642): Add access point on channel 11
02-25 17:15:05.999 D/wpa_supplicant(  642): Add access point on channel 11
02-25 17:15:05.999 D/wpa_supplicant(  642): Add access point on channel 3
02-25 17:15:05.999 D/wpa_supplicant(  642): Add access point on channel 11
02-25 17:15:05.999 D/wpa_supplicant(  642): Add access point on channel 1
02-25 17:15:05.999 D/wpa_supplicant(  642): Add access point on channel 1
02-25 17:15:05.999 D/wpa_supplicant(  642): Add access point on channel 1
02-25 17:15:05.999 D/wpa_supplicant(  642): Add access point on channel 1
02-25 17:15:05.999 D/wpa_supplicant(  642): Add access point on channel 6
02-25 17:15:05.999 D/wpa_supplicant(  642): Add access point on channel 6
02-25 17:15:05.999 D/wpa_supplicant(  642): Add access point on channel 1
02-25 17:15:05.999 D/wpa_supplicant(  642): Add access point on channel 11
02-25 17:15:05.999 D/wpa_supplicant(  642): Add access point on channel 1
02-25 17:15:05.999 D/wpa_supplicant(  642): Add access point on channel 11
02-25 17:15:05.999 D/wpa_supplicant(  642): Add access point on channel 9
02-25 17:15:05.999 D/wpa_supplicant(  642): Add access point on channel 2
02-25 17:15:05.999 D/wpa_supplicant(  642): Add access point on channel 6
02-25 17:15:05.999 D/wpa_supplicant(  642): Add access point on channel 6
02-25 17:15:05.999 D/wpa_supplicant(  642): Add access point on channel 1
02-25 17:15:05.999 D/wpa_supplicant(  642): Add access point on channel 8
02-25 17:15:05.999 D/wpa_supplicant(  642): Best Operating channel is = 11
02-25 17:15:05.999 D/wpa_supplicant(  642): WPS: AP[0] f8:d1:11:e7:99:e8 type=0 tries=0 last_attempt=-1 sec ago blacklist=0
02-25 17:15:05.999 D/wpa_supplicant(  642): WPS: AP[1] c8:d7:19:60:62:f2 type=0 tries=0 last_attempt=-1 sec ago blacklist=0
02-25 17:15:05.999 D/wpa_supplicant(  642): WPS: AP[2] 44:94:fc:3d:da:38 type=0 tries=0 last_attempt=-1 sec ago blacklist=0
02-25 17:15:05.999 D/wpa_supplicant(  642): WPS: AP[3] 10:c3:7b:d2:e5:e0 type=0 tries=0 last_attempt=-1 sec ago blacklist=0
02-25 17:15:05.999 D/wpa_supplicant(  642): WPS: AP[4] cc:34:29:2b:26:4c type=0 tries=0 last_attempt=-1 sec ago blacklist=0
02-25 17:15:05.999 D/wpa_supplicant(  642): WPS: AP[5] b0:48:7a:51:ff:cc type=0 tries=0 last_attempt=-1 sec ago blacklist=0
02-25 17:15:05.999 D/wpa_supplicant(  642): WPS: AP[6] cc:34:29:2c:fb:ec type=0 tries=0 last_attempt=-1 sec ago blacklist=0
02-25 17:15:05.999 D/wpa_supplicant(  642): WPS: AP[7] c0:a0:bb:20:3b:84 type=0 tries=0 last_attempt=-1 sec ago blacklist=0
02-25 17:15:05.999 D/wpa_supplicant(  642): WPS: AP[8] 02:09:4c:f8:ae:8e type=0 tries=0 last_attempt=-1 sec ago blacklist=0
02-25 17:15:05.999 D/wpa_supplicant(  642): WPS: AP[9] 10:9f:a9:dc:b1:fc type=0 tries=0 last_attempt=-1 sec ago blacklist=0
02-25 17:15:05.999 D/wpa_supplicant(  642): WPS: AP[10] 2c:b0:5d:7f:f4:24 type=0 tries=0 last_attempt=-1 sec ago blacklist=0
02-25 17:15:05.999 D/wpa_supplicant(  642): WPS: AP[11] 5e:f3:70:11:dc:fa type=0 tries=0 last_attempt=-1 sec ago blacklist=0
02-25 17:15:05.999 D/wpa_supplicant(  642): WPS: AP[12] 02:09:4c:a9:a9:11 type=0 tries=0 last_attempt=-1 sec ago blacklist=0
02-25 17:15:05.999 D/wpa_supplicant(  642): WPS: AP[13] 9c:21:6a:0d:eb:72 type=0 tries=0 last_attempt=-1 sec ago blacklist=0
02-25 17:15:05.999 D/wpa_supplicant(  642): WPS: AP[14] 98:fc:11:81:35:fb type=0 tries=0 last_attempt=-1 sec ago blacklist=0
02-25 17:15:05.999 D/wpa_supplicant(  642): wlan0: Selecting BSS from priority group 19
02-25 17:15:05.999 D/wpa_supplicant(  642): wlan0: 0: c8:d7:19:60:62:f2 ssid='E3000-2.4G' wpa_ie_len=0 rsn_ie_len=20 caps=0x411 level=-47 wps
02-25 17:15:05.999 D/wpa_supplicant(  642): wlan0:    skip - SSID mismatch
02-25 17:15:05.999 D/wpa_supplicant(  642): wlan0: 1: f8:d1:11:e7:99:e8 ssid='videotest' wpa_ie_len=22 rsn_ie_len=20 caps=0x531 level=-53 wps
02-25 17:15:05.999 D/wpa_supplicant(  642): wlan0:    skip - SSID mismatch
02-25 17:15:05.999 D/wpa_supplicant(  642): wlan0: 2: 02:1a:11:ff:f7:0a ssid='io1' wpa_ie_len=0 rsn_ie_len=20 caps=0x431 level=-54
02-25 17:15:05.999 D/wpa_supplicant(  642): wlan0:    skip - SSID mismatch
02-25 17:15:05.999 D/wpa_supplicant(  642): wlan0: 3: 44:94:fc:3d:da:38 ssid='6300' wpa_ie_len=0 rsn_ie_len=20 caps=0x411 level=-54 wps
02-25 17:15:05.999 D/wpa_supplicant(  642): wlan0:    skip - SSID mismatch
02-25 17:15:05.999 D/wpa_supplicant(  642): wlan0: 4: cc:34:29:2b:26:4c ssid='cws-test' wpa_ie_len=0 rsn_ie_len=20 caps=0x431 level=-56 wps
02-25 17:15:05.999 D/wpa_supplicant(  642): wlan0:    skip - SSID mismatch
02-25 17:15:05.999 D/wpa_supplicant(  642): wlan0: 5: 10:c3:7b:d2:e5:e0 ssid='ASUS_RT-AC66U-2.4G' wpa_ie_len=0 rsn_ie_len=20 caps=0x411 level=-56 wps
02-25 17:15:05.999 D/wpa_supplicant(  642): wlan0:    skip - SSID mismatch
02-25 17:15:05.999 D/wpa_supplicant(  642): wlan0: 6: 90:94:e4:03:45:f5 ssid='DAP-2553_D' wpa_ie_len=0 rsn_ie_len=24 caps=0x431 level=-62
02-25 17:15:05.999 D/wpa_supplicant(  642): wlan0:    skip - SSID mismatch
02-25 17:15:05.999 D/wpa_supplicant(  642): wlan0: 7: cc:34:29:2c:fb:ec ssid='linksys' wpa_ie_len=22 rsn_ie_len=20 caps=0x431 level=-66 wps
02-25 17:15:05.999 D/wpa_supplicant(  642): wlan0:    skip - SSID mismatch
02-25 17:15:05.999 D/wpa_supplicant(  642): wlan0: 8: cc:b2:55:e2:84:70 ssid='DLINK_APK' wpa_ie_len=22 rsn_ie_len=20 caps=0x411 level=-66
02-25 17:15:05.999 D/wpa_supplicant(  642): wlan0:    skip - SSID mismatch
02-25 17:15:05.999 D/wpa_supplicant(  642): wlan0: 9: c4:17:fe:3f:4f:fb ssid='cmcm' wpa_ie_len=0 rsn_ie_len=20 caps=0x511 level=-67
02-25 17:15:05.999 D/wpa_supplicant(  642): wlan0:    skip - SSID mismatch
02-25 17:15:05.999 D/wpa_supplicant(  642): wlan0: 10: b0:48:7a:51:ff:cc ssid='Neusoft TP' wpa_ie_len=22 rsn_ie_len=20 caps=0x431 level=-68 wps
02-25 17:15:05.999 D/wpa_supplicant(  642): wlan0:    skip - SSID mismatch
02-25 17:15:05.999 D/wpa_supplicant(  642): wlan0: 11: 80:1f:02:43:fb:e8 ssid='Edimax AP' wpa_ie_len=0 rsn_ie_len=20 caps=0x411 level=-71
02-25 17:15:05.999 D/wpa_supplicant(  642): wlan0:    skip - SSID mismatch
02-25 17:15:05.999 D/wpa_supplicant(  642): wlan0: 12: c0:a0:bb:20:3b:84 ssid='dlink-3B84' wpa_ie_len=26 rsn_ie_len=24 caps=0x411 level=-71 wps
02-25 17:15:05.999 D/wpa_supplicant(  642): wlan0:    skip - SSID mismatch
02-25 17:15:05.999 D/wpa_supplicant(  642): wlan0: 13: 00:0f:e2:0f:9f:c1 ssid='321_WAN' wpa_ie_len=28 rsn_ie_len=24 caps=0x411 level=-73
02-25 17:15:05.999 D/wpa_supplicant(  642): wlan0:    skip - SSID mismatch
02-25 17:15:05.999 D/wpa_supplicant(  642): wlan0: 14: 2c:b0:5d:7f:f4:24 ssid='NETGEAR38' wpa_ie_len=0 rsn_ie_len=20 caps=0x431 level=-88 wps
02-25 17:15:05.999 D/wpa_supplicant(  642): wlan0:    skip - SSID mismatch
02-25 17:15:05.999 D/wpa_supplicant(  642): wlan0: 15: 7a:24:af:1e:df:58 ssid='DIRECT-' wpa_ie_len=0 rsn_ie_len=0 caps=0x410 level=-50
02-25 17:15:05.999 D/wpa_supplicant(  642): wlan0:    skip - SSID mismatch
02-25 17:15:05.999 D/wpa_supplicant(  642): wlan0: 16: 7a:24:af:24:0f:48 ssid='DIRECT-' wpa_ie_len=0 rsn_ie_len=0 caps=0x410 level=-53
02-25 17:15:05.999 D/wpa_supplicant(  642): wlan0:    skip - SSID mismatch
02-25 17:15:05.999 D/wpa_supplicant(  642): wlan0: 17: 50:bd:5f:4b:29:92 ssid='Internet-2' wpa_ie_len=0 rsn_ie_len=0 caps=0x421 level=-71
02-25 17:15:05.999 D/wpa_supplicant(  642): wlan0:    skip - SSID mismatch
02-25 17:15:05.999 D/wpa_supplicant(  642): wlan0: Selecting BSS from priority group 18
02-25 17:15:05.999 D/wpa_supplicant(  642): wlan0: 0: c8:d7:19:60:62:f2 ssid='E3000-2.4G' wpa_ie_len=0 rsn_ie_len=20 caps=0x411 level=-47 wps
02-25 17:15:05.999 D/wpa_supplicant(  642): wlan0:    skip - SSID mismatch
02-25 17:15:05.999 D/wpa_supplicant(  642): wlan0: 1: f8:d1:11:e7:99:e8 ssid='videotest' wpa_ie_len=22 rsn_ie_len=20 caps=0x531 level=-53 wps
02-25 17:15:05.999 D/wpa_supplicant(  642): wlan0:    skip - SSID mismatch
02-25 17:15:05.999 D/wpa_supplicant(  642): wlan0: 2: 02:1a:11:ff:f7:0a ssid='io1' wpa_ie_len=0 rsn_ie_len=20 caps=0x431 level=-54
02-25 17:15:05.999 D/wpa_supplicant(  642): wlan0:    skip - SSID mismatch
02-25 17:15:05.999 D/wpa_supplicant(  642): wlan0: 3: 44:94:fc:3d:da:38 ssid='6300' wpa_ie_len=0 rsn_ie_len=20 caps=0x411 level=-54 wps
02-25 17:15:05.999 D/wpa_supplicant(  642): wlan0:    skip - SSID mismatch
02-25 17:15:05.999 D/wpa_supplicant(  642): wlan0: 4: cc:34:29:2b:26:4c ssid='cws-test' wpa_ie_len=0 rsn_ie_len=20 caps=0x431 level=-56 wps
02-25 17:15:05.999 D/wpa_supplicant(  642): wlan0:    skip - SSID mismatch
02-25 17:15:05.999 D/wpa_supplicant(  642): wlan0: 5: 10:c3:7b:d2:e5:e0 ssid='ASUS_RT-AC66U-2.4G' wpa_ie_len=0 rsn_ie_len=20 caps=0x411 level=-56 wps
02-25 17:15:05.999 D/wpa_supplicant(  642): wlan0:    skip - SSID mismatch
02-25 17:15:05.999 D/wpa_supplicant(  642): wlan0: 6: 90:94:e4:03:45:f5 ssid='DAP-2553_D' wpa_ie_len=0 rsn_ie_len=24 caps=0x431 level=-62
02-25 17:15:05.999 D/wpa_supplicant(  642): wlan0:    skip - SSID mismatch
02-25 17:15:05.999 D/wpa_supplicant(  642): wlan0: 7: cc:34:29:2c:fb:ec ssid='linksys' wpa_ie_len=22 rsn_ie_len=20 caps=0x431 level=-66 wps
02-25 17:15:05.999 D/wpa_supplicant(  642): wlan0:    skip - SSID mismatch
02-25 17:15:05.999 D/wpa_supplicant(  642): wlan0: 8: cc:b2:55:e2:84:70 ssid='DLINK_APK' wpa_ie_len=22 rsn_ie_len=20 caps=0x411 level=-66
02-25 17:15:05.999 D/wpa_supplicant(  642): wlan0:    skip - SSID mismatch
02-25 17:15:05.999 D/wpa_supplicant(  642): wlan0: 9: c4:17:fe:3f:4f:fb ssid='cmcm' wpa_ie_len=0 rsn_ie_len=20 caps=0x511 level=-67
02-25 17:15:05.999 D/wpa_supplicant(  642): wlan0:    skip - SSID mismatch
02-25 17:15:05.999 D/wpa_supplicant(  642): wlan0: 10: b0:48:7a:51:ff:cc ssid='Neusoft TP' wpa_ie_len=22 rsn_ie_len=20 caps=0x431 level=-68 wps
02-25 17:15:05.999 D/wpa_supplicant(  642): wlan0:    skip - SSID mismatch
02-25 17:15:05.999 D/wpa_supplicant(  642): wlan0: 11: 80:1f:02:43:fb:e8 ssid='Edimax AP' wpa_ie_len=0 rsn_ie_len=20 caps=0x411 level=-71
02-25 17:15:05.999 D/wpa_supplicant(  642): wlan0:    skip - SSID mismatch
02-25 17:15:05.999 D/wpa_supplicant(  642): wlan0: 12: c0:a0:bb:20:3b:84 ssid='dlink-3B84' wpa_ie_len=26 rsn_ie_len=24 caps=0x411 level=-71 wps
02-25 17:15:05.999 D/wpa_supplicant(  642): wlan0:    skip - SSID mismatch
02-25 17:15:05.999 D/wpa_supplicant(  642): wlan0: 13: 00:0f:e2:0f:9f:c1 ssid='321_WAN' wpa_ie_len=28 rsn_ie_len=24 caps=0x411 level=-73
02-25 17:15:05.999 D/wpa_supplicant(  642): wlan0:    skip - SSID mismatch
02-25 17:15:05.999 D/wpa_supplicant(  642): wlan0: 14: 2c:b0:5d:7f:f4:24 ssid='NETGEAR38' wpa_ie_len=0 rsn_ie_len=20 caps=0x431 level=-88 wps
02-25 17:15:05.999 D/wpa_supplicant(  642): wlan0:    skip - SSID mismatch
02-25 17:15:05.999 D/wpa_supplicant(  642): wlan0: 15: 7a:24:af:1e:df:58 ssid='DIRECT-' wpa_ie_len=0 rsn_ie_len=0 caps=0x410 level=-50
02-25 17:15:05.999 D/wpa_supplicant(  642): wlan0:    skip - SSID mismatch
02-25 17:15:05.999 D/wpa_supplicant(  642): wlan0: 16: 7a:24:af:24:0f:48 ssid='DIRECT-' wpa_ie_len=0 rsn_ie_len=0 caps=0x410 level=-53
02-25 17:15:05.999 D/wpa_supplicant(  642): wlan0:    skip - SSID mismatch
02-25 17:15:05.999 D/wpa_supplicant(  642): wlan0: 17: 50:bd:5f:4b:29:92 ssid='Internet-2' wpa_ie_len=0 rsn_ie_len=0 caps=0x421 level=-71
02-25 17:15:05.999 D/wpa_supplicant(  642): wlan0:    skip - SSID mismatch
02-25 17:15:05.999 D/wpa_supplicant(  642): wlan0: Selecting BSS from priority group 17
02-25 17:15:05.999 D/wpa_supplicant(  642): wlan0: 0: c8:d7:19:60:62:f2 ssid='E3000-2.4G' wpa_ie_len=0 rsn_ie_len=20 caps=0x411 level=-47 wps
02-25 17:15:05.999 D/wpa_supplicant(  642): wlan0:    skip - SSID mismatch
02-25 17:15:05.999 D/wpa_supplicant(  642): wlan0: 1: f8:d1:11:e7:99:e8 ssid='videotest' wpa_ie_len=22 rsn_ie_len=20 caps=0x531 level=-53 wps
02-25 17:15:05.999 D/wpa_supplicant(  642): wlan0:    skip - SSID mismatch
02-25 17:15:05.999 D/wpa_supplicant(  642): wlan0: 2: 02:1a:11:ff:f7:0a ssid='io1' wpa_ie_len=0 rsn_ie_len=20 caps=0x431 level=-54
02-25 17:15:05.999 D/wpa_supplicant(  642): wlan0:    skip - SSID mismatch
02-25 17:15:05.999 D/wpa_supplicant(  642): wlan0: 3: 44:94:fc:3d:da:38 ssid='6300' wpa_ie_len=0 rsn_ie_len=20 caps=0x411 level=-54 wps
02-25 17:15:05.999 D/wpa_supplicant(  642): wlan0:    skip - SSID mismatch
02-25 17:15:05.999 D/wpa_supplicant(  642): wlan0: 4: cc:34:29:2b:26:4c ssid='cws-test' wpa_ie_len=0 rsn_ie_len=20 caps=0x431 level=-56 wps
02-25 17:15:05.999 D/wpa_supplicant(  642): wlan0:    skip - SSID mismatch
02-25 17:15:05.999 D/wpa_supplicant(  642): wlan0: 5: 10:c3:7b:d2:e5:e0 ssid='ASUS_RT-AC66U-2.4G' wpa_ie_len=0 rsn_ie_len=20 caps=0x411 level=-56 wps
02-25 17:15:05.999 D/wpa_supplicant(  642): wlan0:    skip - SSID mismatch
02-25 17:15:05.999 D/wpa_supplicant(  642): wlan0: 6: 90:94:e4:03:45:f5 ssid='DAP-2553_D' wpa_ie_len=0 rsn_ie_len=24 caps=0x431 level=-62
02-25 17:15:05.999 D/wpa_supplicant(  642): wlan0:    skip - SSID mismatch
02-25 17:15:05.999 D/wpa_supplicant(  642): wlan0: 7: cc:34:29:2c:fb:ec ssid='linksys' wpa_ie_len=22 rsn_ie_len=20 caps=0x431 level=-66 wps
02-25 17:15:05.999 D/wpa_supplicant(  642): wlan0:    skip - SSID mismatch
02-25 17:15:05.999 D/wpa_supplicant(  642): wlan0: 8: cc:b2:55:e2:84:70 ssid='DLINK_APK' wpa_ie_len=22 rsn_ie_len=20 caps=0x411 level=-66
02-25 17:15:05.999 D/wpa_supplicant(  642): wlan0:    skip - SSID mismatch
02-25 17:15:05.999 D/wpa_supplicant(  642): wlan0: 9: c4:17:fe:3f:4f:fb ssid='cmcm' wpa_ie_len=0 rsn_ie_len=20 caps=0x511 level=-67
02-25 17:15:05.999 D/wpa_supplicant(  642): wlan0:    skip - SSID mismatch
02-25 17:15:05.999 D/wpa_supplicant(  642): wlan0: 10: b0:48:7a:51:ff:cc ssid='Neusoft TP' wpa_ie_len=22 rsn_ie_len=20 caps=0x431 level=-68 wps
02-25 17:15:05.999 D/wpa_supplicant(  642): wlan0:    skip - SSID mismatch
02-25 17:15:05.999 D/wpa_supplicant(  642): wlan0: 11: 80:1f:02:43:fb:e8 ssid='Edimax AP' wpa_ie_len=0 rsn_ie_len=20 caps=0x411 level=-71
02-25 17:15:05.999 D/wpa_supplicant(  642): wlan0:    skip - SSID mismatch
02-25 17:15:05.999 D/wpa_supplicant(  642): wlan0: 12: c0:a0:bb:20:3b:84 ssid='dlink-3B84' wpa_ie_len=26 rsn_ie_len=24 caps=0x411 level=-71 wps
02-25 17:15:05.999 D/wpa_supplicant(  642): wlan0:    skip - SSID mismatch
02-25 17:15:05.999 D/wpa_supplicant(  642): wlan0: 13: 00:0f:e2:0f:9f:c1 ssid='321_WAN' wpa_ie_len=28 rsn_ie_len=24 caps=0x411 level=-73
02-25 17:15:05.999 D/wpa_supplicant(  642): wlan0:    skip - SSID mismatch
02-25 17:15:05.999 D/wpa_supplicant(  642): wlan0: 14: 2c:b0:5d:7f:f4:24 ssid='NETGEAR38' wpa_ie_len=0 rsn_ie_len=20 caps=0x431 level=-88 wps
02-25 17:15:05.999 D/wpa_supplicant(  642): wlan0:    skip - SSID mismatch
02-25 17:15:05.999 D/wpa_supplicant(  642): wlan0: 15: 7a:24:af:1e:df:58 ssid='DIRECT-' wpa_ie_len=0 rsn_ie_len=0 caps=0x410 level=-50
02-25 17:15:05.999 D/wpa_supplicant(  642): wlan0:    skip - SSID mismatch
02-25 17:15:05.999 D/wpa_supplicant(  642): wlan0: 16: 7a:24:af:24:0f:48 ssid='DIRECT-' wpa_ie_len=0 rsn_ie_len=0 caps=0x410 level=-53
02-25 17:15:05.999 D/wpa_supplicant(  642): wlan0:    skip - SSID mismatch
02-25 17:15:05.999 D/wpa_supplicant(  642): wlan0: 17: 50:bd:5f:4b:29:92 ssid='Internet-2' wpa_ie_len=0 rsn_ie_len=0 caps=0x421 level=-71
02-25 17:15:05.999 D/wpa_supplicant(  642): wlan0:    skip - SSID mismatch
02-25 17:15:05.999 D/wpa_supplicant(  642): wlan0: Selecting BSS from priority group 15
02-25 17:15:05.999 D/wpa_supplicant(  642): wlan0: 0: c8:d7:19:60:62:f2 ssid='E3000-2.4G' wpa_ie_len=0 rsn_ie_len=20 caps=0x411 level=-47 wps
02-25 17:15:05.999 D/wpa_supplicant(  642): wlan0:    skip - SSID mismatch
02-25 17:15:05.999 D/wpa_supplicant(  642): wlan0: 1: f8:d1:11:e7:99:e8 ssid='videotest' wpa_ie_len=22 rsn_ie_len=20 caps=0x531 level=-53 wps
02-25 17:15:05.999 D/wpa_supplicant(  642): wlan0:    skip - SSID mismatch
02-25 17:15:05.999 D/wpa_supplicant(  642): wlan0: 2: 02:1a:11:ff:f7:0a ssid='io1' wpa_ie_len=0 rsn_ie_len=20 caps=0x431 level=-54
02-25 17:15:05.999 D/wpa_supplicant(  642): wlan0:    skip - SSID mismatch
02-25 17:15:05.999 D/wpa_supplicant(  642): wlan0: 3: 44:94:fc:3d:da:38 ssid='6300' wpa_ie_len=0 rsn_ie_len=20 caps=0x411 level=-54 wps
02-25 17:15:05.999 D/wpa_supplicant(  642): wlan0:    skip - SSID mismatch
02-25 17:15:05.999 D/wpa_supplicant(  642): wlan0: 4: cc:34:29:2b:26:4c ssid='cws-test' wpa_ie_len=0 rsn_ie_len=20 caps=0x431 level=-56 wps
02-25 17:15:05.999 D/wpa_supplicant(  642): wlan0:    skip - SSID mismatch
02-25 17:15:05.999 D/wpa_supplicant(  642): wlan0: 5: 10:c3:7b:d2:e5:e0 ssid='ASUS_RT-AC66U-2.4G' wpa_ie_len=0 rsn_ie_len=20 caps=0x411 level=-56 wps
02-25 17:15:05.999 D/wpa_supplicant(  642): wlan0:    skip - SSID mismatch
02-25 17:15:05.999 D/wpa_supplicant(  642): wlan0: 6: 90:94:e4:03:45:f5 ssid='DAP-2553_D' wpa_ie_len=0 rsn_ie_len=24 caps=0x431 level=-62
02-25 17:15:05.999 D/wpa_supplicant(  642): wlan0:    skip - SSID mismatch
02-25 17:15:05.999 D/wpa_supplicant(  642): wlan0: 7: cc:34:29:2c:fb:ec ssid='linksys' wpa_ie_len=22 rsn_ie_len=20 caps=0x431 level=-66 wps
02-25 17:15:05.999 D/wpa_supplicant(  642): wlan0:    skip - SSID mismatch
02-25 17:15:05.999 D/wpa_supplicant(  642): wlan0: 8: cc:b2:55:e2:84:70 ssid='DLINK_APK' wpa_ie_len=22 rsn_ie_len=20 caps=0x411 level=-66
02-25 17:15:05.999 D/wpa_supplicant(  642): wlan0:    skip - SSID mismatch
02-25 17:15:05.999 D/wpa_supplicant(  642): wlan0: 9: c4:17:fe:3f:4f:fb ssid='cmcm' wpa_ie_len=0 rsn_ie_len=20 caps=0x511 level=-67
02-25 17:15:05.999 D/wpa_supplicant(  642): wlan0:    skip - SSID mismatch
02-25 17:15:05.999 D/wpa_supplicant(  642): wlan0: 10: b0:48:7a:51:ff:cc ssid='Neusoft TP' wpa_ie_len=22 rsn_ie_len=20 caps=0x431 level=-68 wps
02-25 17:15:05.999 D/wpa_supplicant(  642): wlan0:    skip - SSID mismatch
02-25 17:15:05.999 D/wpa_supplicant(  642): wlan0: 11: 80:1f:02:43:fb:e8 ssid='Edimax AP' wpa_ie_len=0 rsn_ie_len=20 caps=0x411 level=-71
02-25 17:15:05.999 D/wpa_supplicant(  642): wlan0:    skip - SSID mismatch
02-25 17:15:05.999 D/wpa_supplicant(  642): wlan0: 12: c0:a0:bb:20:3b:84 ssid='dlink-3B84' wpa_ie_len=26 rsn_ie_len=24 caps=0x411 level=-71 wps
02-25 17:15:05.999 D/wpa_supplicant(  642): wlan0:    skip - SSID mismatch
02-25 17:15:05.999 D/wpa_supplicant(  642): wlan0: 13: 00:0f:e2:0f:9f:c1 ssid='321_WAN' wpa_ie_len=28 rsn_ie_len=24 caps=0x411 level=-73
02-25 17:15:05.999 D/wpa_supplicant(  642): wlan0:    skip - SSID mismatch
02-25 17:15:05.999 D/wpa_supplicant(  642): wlan0: 14: 2c:b0:5d:7f:f4:24 ssid='NETGEAR38' wpa_ie_len=0 rsn_ie_len=20 caps=0x431 level=-88 wps
02-25 17:15:05.999 D/wpa_supplicant(  642): wlan0:    skip - SSID mismatch
02-25 17:15:05.999 D/wpa_supplicant(  642): wlan0: 15: 7a:24:af:1e:df:58 ssid='DIRECT-' wpa_ie_len=0 rsn_ie_len=0 caps=0x410 level=-50
02-25 17:15:05.999 D/wpa_supplicant(  642): wlan0:    skip - SSID mismatch
02-25 17:15:05.999 D/wpa_supplicant(  642): wlan0: 16: 7a:24:af:24:0f:48 ssid='DIRECT-' wpa_ie_len=0 rsn_ie_len=0 caps=0x410 level=-53
02-25 17:15:06.009 D/wpa_supplicant(  642): wlan0:    skip - SSID mismatch
02-25 17:15:06.009 D/wpa_supplicant(  642): wlan0: 17: 50:bd:5f:4b:29:92 ssid='Internet-2' wpa_ie_len=0 rsn_ie_len=0 caps=0x421 level=-71
02-25 17:15:06.009 D/wpa_supplicant(  642): wlan0:    skip - SSID mismatch
02-25 17:15:06.009 D/wpa_supplicant(  642): wlan0: Selecting BSS from priority group 4
02-25 17:15:06.009 D/wpa_supplicant(  642): wlan0: 0: c8:d7:19:60:62:f2 ssid='E3000-2.4G' wpa_ie_len=0 rsn_ie_len=20 caps=0x411 level=-47 wps
02-25 17:15:06.009 D/wpa_supplicant(  642): wlan0:    skip - SSID mismatch
02-25 17:15:06.009 D/wpa_supplicant(  642): wlan0: 1: f8:d1:11:e7:99:e8 ssid='videotest' wpa_ie_len=22 rsn_ie_len=20 caps=0x531 level=-53 wps
02-25 17:15:06.009 D/wpa_supplicant(  642): wlan0:    skip - SSID mismatch
02-25 17:15:06.009 D/wpa_supplicant(  642): wlan0: 2: 02:1a:11:ff:f7:0a ssid='io1' wpa_ie_len=0 rsn_ie_len=20 caps=0x431 level=-54
02-25 17:15:06.009 D/wpa_supplicant(  642): wlan0:    skip - SSID mismatch
02-25 17:15:06.009 D/wpa_supplicant(  642): wlan0: 3: 44:94:fc:3d:da:38 ssid='6300' wpa_ie_len=0 rsn_ie_len=20 caps=0x411 level=-54 wps
02-25 17:15:06.009 D/wpa_supplicant(  642): wlan0:    skip - SSID mismatch
02-25 17:15:06.009 D/wpa_supplicant(  642): wlan0: 4: cc:34:29:2b:26:4c ssid='cws-test' wpa_ie_len=0 rsn_ie_len=20 caps=0x431 level=-56 wps
02-25 17:15:06.009 D/wpa_supplicant(  642): wlan0:    skip - SSID mismatch
02-25 17:15:06.009 D/wpa_supplicant(  642): wlan0: 5: 10:c3:7b:d2:e5:e0 ssid='ASUS_RT-AC66U-2.4G' wpa_ie_len=0 rsn_ie_len=20 caps=0x411 level=-56 wps
02-25 17:15:06.009 D/wpa_supplicant(  642): wlan0:    skip - SSID mismatch
