02-25 10:43:57.179 W/System.err( 7728): 	at android.app.ActivityThread.acquireProvider(ActivityThread.java:4455)
02-25 10:43:57.179 W/System.err( 7728): 	at android.app.ContextImpl$ApplicationContentResolver.acquireUnstableProvider(ContextImpl.java:2539)
02-25 10:43:57.179 W/System.err( 7728): 	at android.content.ContentResolver.acquireUnstableProvider(ContentResolver.java:1425)
02-25 10:43:57.179 W/System.err( 7728): 	at android.content.ContentResolver.query(ContentResolver.java:445)
02-25 10:43:57.179 W/System.err( 7728): 	at android.content.ContentResolver.query(ContentResolver.java:404)
02-25 10:43:57.179 W/System.err( 7728): 	at org.xwalk.core.internal.extension.api.messaging.MessagingManager.queryMessage(MessagingManager.java:125)
02-25 10:43:57.179 W/System.err( 7728): 	at org.xwalk.core.internal.extension.api.messaging.MessagingManager.onMsgFindMessages(MessagingManager.java:46)
02-25 10:43:57.179 W/ActivityManager(  506): Permission Denial: opening provider com.android.providers.telephony.MmsProvider from ProcessRecord{2204d9b8 7728:org.xwalk.webapi_noneservice_tests/u0a259} (pid=7728, uid=10259) requires android.permission.READ_SMS or android.permission.WRITE_SMS
02-25 10:43:57.179 W/ActivityManager(  506): Permission Denial: opening provider com.android.providers.telephony.MmsProvider from ProcessRecord{2204d9b8 7728:org.xwalk.webapi_noneservice_tests/u0a259} (pid=7728, uid=10259) requires android.permission.READ_SMS or android.permission.WRITE_SMS
02-25 10:43:57.189 W/System.err( 7728): 	at org.xwalk.core.internal.extension.api.messaging.Messaging$4.runCommand(Messaging.java:60)
02-25 10:43:57.189 W/System.err( 7728): 	at org.xwalk.core.internal.extension.api.messaging.Messaging.onMessage(Messaging.java:121)
02-25 10:43:57.189 W/System.err( 7728): 	at dalvik.system.NativeStart.run(Native Method)
02-25 10:43:57.189 W/System.err( 7728): java.lang.SecurityException: Permission Denial: opening provider com.android.providers.telephony.MmsProvider from ProcessRecord{2204d9b8 7728:org.xwalk.webapi_noneservice_tests/u0a259} (pid=7728, uid=10259) requires android.permission.READ_SMS or android.permission.WRITE_SMS
02-25 10:43:57.189 W/System.err( 7728): 	at android.os.Parcel.readException(Parcel.java:1465)
02-25 10:43:57.189 W/System.err( 7728): 	at android.os.Parcel.readException(Parcel.java:1419)
02-25 10:43:57.189 W/System.err( 7728): 	at android.app.ActivityManagerProxy.getContentProvider(ActivityManagerNative.java:2912)
02-25 10:43:57.189 W/System.err( 7728): 	at android.app.ActivityThread.acquireProvider(ActivityThread.java:4455)
02-25 10:43:57.189 W/System.err( 7728): 	at android.app.ContextImpl$ApplicationContentResolver.acquireUnstableProvider(ContextImpl.java:2539)
02-25 10:43:57.189 W/System.err( 7728): 	at android.content.ContentResolver.acquireUnstableProvider(ContentResolver.java:1425)
02-25 10:43:57.189 W/System.err( 7728): 	at android.content.ContentResolver.query(ContentResolver.java:445)
02-25 10:43:57.189 W/System.err( 7728): 	at android.content.ContentResolver.query(ContentResolver.java:404)
02-25 10:43:57.189 W/System.err( 7728): 	at org.xwalk.core.internal.extension.api.messaging.MessagingManager.queryMessage(MessagingManager.java:125)
02-25 10:43:57.189 W/System.err( 7728): 	at org.xwalk.core.internal.extension.api.messaging.MessagingManager.onMsgFindMessages(MessagingManager.java:46)
02-25 10:43:57.189 W/System.err( 7728): 	at org.xwalk.core.internal.extension.api.messaging.Messaging$4.runCommand(Messaging.java:60)
02-25 10:43:57.189 W/System.err( 7728): 	at org.xwalk.core.internal.extension.api.messaging.Messaging.onMessage(Messaging.java:121)
02-25 10:43:57.189 W/System.err( 7728): 	at dalvik.system.NativeStart.run(Native Method)
02-25 10:43:57.189 W/System.err( 7728): java.lang.SecurityException: Permission Denial: opening provider com.android.providers.telephony.MmsProvider from ProcessRecord{2204d9b8 7728:org.xwalk.webapi_noneservice_tests/u0a259} (pid=7728, uid=10259) requires android.permission.READ_SMS or android.permission.WRITE_SMS
02-25 10:43:57.189 W/System.err( 7728): 	at android.os.Parcel.readException(Parcel.java:1465)
02-25 10:43:57.189 W/System.err( 7728): 	at android.os.Parcel.readException(Parcel.java:1419)
02-25 10:43:57.189 W/System.err( 7728): 	at android.app.ActivityManagerProxy.getContentProvider(ActivityManagerNative.java:2912)
02-25 10:43:57.189 W/System.err( 7728): 	at android.app.ActivityThread.acquireProvider(ActivityThread.java:4455)
02-25 10:43:57.189 W/System.err( 7728): 	at android.app.ContextImpl$ApplicationContentResolver.acquireUnstableProvider(ContextImpl.java:2539)
02-25 10:43:57.189 W/System.err( 7728): 	at android.content.ContentResolver.acquireUnstableProvider(ContentResolver.java:1425)
02-25 10:43:57.189 W/System.err( 7728): 	at android.content.ContentResolver.query(ContentResolver.java:445)
02-25 10:43:57.189 W/System.err( 7728): 	at android.content.ContentResolver.query(ContentResolver.java:404)
02-25 10:43:57.189 W/System.err( 7728): 	at org.xwalk.core.internal.extension.api.messaging.MessagingManager.queryMessage(MessagingManager.java:125)
02-25 10:43:57.189 W/System.err( 7728): 	at org.xwalk.core.internal.extension.api.messaging.MessagingManager.onMsgFindMessages(MessagingManager.java:46)
02-25 10:43:57.189 W/System.err( 7728): 	at org.xwalk.core.internal.extension.api.messaging.Messaging$4.runCommand(Messaging.java:60)
02-25 10:43:57.189 W/System.err( 7728): 	at org.xwalk.core.internal.extension.api.messaging.Messaging.onMessage(Messaging.java:121)
02-25 10:43:57.189 W/System.err( 7728): 	at dalvik.system.NativeStart.run(Native Method)
02-25 10:43:57.189 W/System.err( 7728): java.lang.SecurityException: Permission Denial: opening provider com.android.providers.telephony.MmsProvider from ProcessRecord{2204d9b8 7728:org.xwalk.webapi_noneservice_tests/u0a259} (pid=7728, uid=10259) requires android.permission.READ_SMS or android.permission.WRITE_SMS
02-25 10:43:57.189 W/System.err( 7728): 	at android.os.Parcel.readException(Parcel.java:1465)
02-25 10:43:57.189 W/System.err( 7728): 	at android.os.Parcel.readException(Parcel.java:1419)
02-25 10:43:57.189 W/System.err( 7728): 	at android.app.ActivityManagerProxy.getContentProvider(ActivityManagerNative.java:2912)
02-25 10:43:57.189 W/System.err( 7728): 	at android.app.ActivityThread.acquireProvider(ActivityThread.java:4455)
02-25 10:43:57.189 W/System.err( 7728): 	at android.app.ContextImpl$ApplicationContentResolver.acquireUnstableProvider(ContextImpl.java:2539)
02-25 10:43:57.189 W/System.err( 7728): 	at android.content.ContentResolver.acquireUnstableProvider(ContentResolver.java:1425)
02-25 10:43:57.189 W/System.err( 7728): 	at android.content.ContentResolver.query(ContentResolver.java:445)
02-25 10:43:57.189 W/System.err( 7728): 	at android.content.ContentResolver.query(ContentResolver.java:404)
02-25 10:43:57.189 W/System.err( 7728): 	at org.xwalk.core.internal.extension.api.messaging.MessagingManager.queryMessage(MessagingManager.java:125)
02-25 10:43:57.189 W/System.err( 7728): 	at org.xwalk.core.internal.extension.api.messaging.MessagingManager.onMsgFindMessages(MessagingManager.java:46)
02-25 10:43:57.189 W/System.err( 7728): 	at org.xwalk.core.internal.extension.api.messaging.Messaging$4.runCommand(Messaging.java:60)
02-25 10:43:57.189 W/System.err( 7728): 	at org.xwalk.core.internal.extension.api.messaging.Messaging.onMessage(Messaging.java:121)
02-25 10:43:57.189 W/System.err( 7728): 	at dalvik.system.NativeStart.run(Native Method)
02-25 10:43:57.189 W/ActivityManager(  506): Permission Denial: opening provider com.android.providers.telephony.MmsProvider from ProcessRecord{2204d9b8 7728:org.xwalk.webapi_noneservice_tests/u0a259} (pid=7728, uid=10259) requires android.permission.READ_SMS or android.permission.WRITE_SMS
02-25 10:43:57.189 W/ActivityManager(  506): Permission Denial: opening provider com.android.providers.telephony.MmsProvider from ProcessRecord{2204d9b8 7728:org.xwalk.webapi_noneservice_tests/u0a259} (pid=7728, uid=10259) requires android.permission.READ_SMS or android.permission.WRITE_SMS
02-25 10:43:57.189 W/ActivityManager(  506): Permission Denial: opening provider com.android.providers.telephony.MmsProvider from ProcessRecord{2204d9b8 7728:org.xwalk.webapi_noneservice_tests/u0a259} (pid=7728, uid=10259) requires android.permission.READ_SMS or android.permission.WRITE_SMS
02-25 10:43:57.189 W/ActivityManager(  506): Permission Denial: opening provider com.android.providers.telephony.MmsProvider from ProcessRecord{2204d9b8 7728:org.xwalk.webapi_noneservice_tests/u0a259} (pid=7728, uid=10259) requires android.permission.READ_SMS or android.permission.WRITE_SMS
02-25 10:43:57.199 W/System.err( 7728): java.lang.SecurityException: Permission Denial: opening provider com.android.providers.telephony.MmsProvider from ProcessRecord{2204d9b8 7728:org.xwalk.webapi_noneservice_tests/u0a259} (pid=7728, uid=10259) requires android.permission.READ_SMS or android.permission.WRITE_SMS
02-25 10:43:57.199 W/System.err( 7728): 	at android.os.Parcel.readException(Parcel.java:1465)
02-25 10:43:57.199 W/System.err( 7728): 	at android.os.Parcel.readException(Parcel.java:1419)
02-25 10:43:57.199 W/System.err( 7728): 	at android.app.ActivityManagerProxy.getContentProvider(ActivityManagerNative.java:2912)
02-25 10:43:57.199 W/System.err( 7728): 	at android.app.ActivityThread.acquireProvider(ActivityThread.java:4455)
02-25 10:43:57.199 W/System.err( 7728): 	at android.app.ContextImpl$ApplicationContentResolver.acquireUnstableProvider(ContextImpl.java:2539)
02-25 10:43:57.199 W/System.err( 7728): 	at android.content.ContentResolver.acquireUnstableProvider(ContentResolver.java:1425)
02-25 10:43:57.199 W/System.err( 7728): 	at android.content.ContentResolver.query(ContentResolver.java:445)
02-25 10:43:57.199 W/System.err( 7728): 	at android.content.ContentResolver.query(ContentResolver.java:404)
02-25 10:43:57.199 W/System.err( 7728): 	at org.xwalk.core.internal.extension.api.messaging.MessagingManager.queryMessage(MessagingManager.java:125)
02-25 10:43:57.199 W/System.err( 7728): 	at org.xwalk.core.internal.extension.api.messaging.MessagingManager.onMsgFindMessages(MessagingManager.java:46)
02-25 10:43:57.199 W/System.err( 7728): 	at org.xwalk.core.internal.extension.api.messaging.Messaging$4.runCommand(Messaging.java:60)
02-25 10:43:57.199 W/System.err( 7728): 	at org.xwalk.core.internal.extension.api.messaging.Messaging.onMessage(Messaging.java:121)
02-25 10:43:57.199 W/System.err( 7728): 	at dalvik.system.NativeStart.run(Native Method)
02-25 10:43:57.199 W/System.err( 7728): java.lang.SecurityException: Permission Denial: opening provider com.android.providers.telephony.MmsProvider from ProcessRecord{2204d9b8 7728:org.xwalk.webapi_noneservice_tests/u0a259} (pid=7728, uid=10259) requires android.permission.READ_SMS or android.permission.WRITE_SMS
02-25 10:43:57.199 W/System.err( 7728): 	at android.os.Parcel.readException(Parcel.java:1465)
02-25 10:43:57.199 W/System.err( 7728): 	at android.os.Parcel.readException(Parcel.java:1419)
02-25 10:43:57.199 W/System.err( 7728): 	at android.app.ActivityManagerProxy.getContentProvider(ActivityManagerNative.java:2912)
02-25 10:43:57.199 W/System.err( 7728): 	at android.app.ActivityThread.acquireProvider(ActivityThread.java:4455)
02-25 10:43:57.199 W/System.err( 7728): 	at android.app.ContextImpl$ApplicationContentResolver.acquireUnstableProvider(ContextImpl.java:2539)
02-25 10:43:57.199 W/System.err( 7728): 	at android.content.ContentResolver.acquireUnstableProvider(ContentResolver.java:1425)
02-25 10:43:57.199 W/System.err( 7728): 	at android.content.ContentResolver.query(ContentResolver.java:445)
02-25 10:43:57.199 W/System.err( 7728): 	at android.content.ContentResolver.query(ContentResolver.java:404)
02-25 10:43:57.199 W/System.err( 7728): 	at org.xwalk.core.internal.extension.api.messaging.MessagingManager.queryMessage(MessagingManager.java:125)
02-25 10:43:57.199 W/System.err( 7728): 	at org.xwalk.core.internal.extension.api.messaging.MessagingManager.onMsgFindMessages(MessagingManager.java:46)
02-25 10:43:57.199 W/System.err( 7728): 	at org.xwalk.core.internal.extension.api.messaging.Messaging$4.runCommand(Messaging.java:60)
02-25 10:43:57.199 W/System.err( 7728): 	at org.xwalk.core.internal.extension.api.messaging.Messaging.onMessage(Messaging.java:121)
02-25 10:43:57.199 W/System.err( 7728): 	at dalvik.system.NativeStart.run(Native Method)
02-25 10:43:57.199 W/System.err( 7728): java.lang.SecurityException: Permission Denial: opening provider com.android.providers.telephony.MmsProvider from ProcessRecord{2204d9b8 7728:org.xwalk.webapi_noneservice_tests/u0a259} (pid=7728, uid=10259) requires android.permission.READ_SMS or android.permission.WRITE_SMS
02-25 10:43:57.199 W/System.err( 7728): 	at android.os.Parcel.readException(Parcel.java:1465)
02-25 10:43:57.199 W/System.err( 7728): 	at android.os.Parcel.readException(Parcel.java:1419)
02-25 10:43:57.199 W/System.err( 7728): 	at android.app.ActivityManagerProxy.getContentProvider(ActivityManagerNative.java:2912)
02-25 10:43:57.199 W/System.err( 7728): 	at android.app.ActivityThread.acquireProvider(ActivityThread.java:4455)
02-25 10:43:57.199 W/System.err( 7728): 	at android.app.ContextImpl$ApplicationContentResolver.acquireUnstableProvider(ContextImpl.java:2539)
02-25 10:43:57.199 W/System.err( 7728): 	at android.content.ContentResolver.acquireUnstableProvider(ContentResolver.java:1425)
02-25 10:43:57.199 W/System.err( 7728): 	at android.content.ContentResolver.query(ContentResolver.java:445)
02-25 10:43:57.199 W/System.err( 7728): 	at android.content.ContentResolver.query(ContentResolver.java:404)
02-25 10:43:57.199 W/System.err( 7728): 	at org.xwalk.core.internal.extension.api.messaging.MessagingManager.queryMessage(MessagingManager.java:125)
02-25 10:43:57.199 W/System.err( 7728): 	at org.xwalk.core.internal.extension.api.messaging.MessagingManager.onMsgFindMessages(MessagingManager.java:46)
02-25 10:43:57.199 W/System.err( 7728): 	at org.xwalk.core.internal.extension.api.messaging.Messaging$4.runCommand(Messaging.java:60)
02-25 10:43:57.199 W/System.err( 7728): 	at org.xwalk.core.internal.extension.api.messaging.Messaging.onMessage(Messaging.java:121)
02-25 10:43:57.199 W/System.err( 7728): 	at dalvik.system.NativeStart.run(Native Method)
02-25 10:43:57.199 W/System.err( 7728): java.lang.SecurityException: Permission Denial: opening provider com.android.providers.telephony.MmsProvider from ProcessRecord{2204d9b8 7728:org.xwalk.webapi_noneservice_tests/u0a259} (pid=7728, uid=10259) requires android.permission.READ_SMS or android.permission.WRITE_SMS
02-25 10:43:57.199 W/System.err( 7728): 	at android.os.Parcel.readException(Parcel.java:1465)
02-25 10:43:57.199 W/System.err( 7728): 	at android.os.Parcel.readException(Parcel.java:1419)
02-25 10:43:57.199 W/System.err( 7728): 	at android.app.ActivityManagerProxy.getContentProvider(ActivityManagerNative.java:2912)
02-25 10:43:57.199 W/System.err( 7728): 	at android.app.ActivityThread.acquireProvider(ActivityThread.java:4455)
02-25 10:43:57.199 W/System.err( 7728): 	at android.app.ContextImpl$ApplicationContentResolver.acquireUnstableProvider(ContextImpl.java:2539)
02-25 10:43:57.199 W/System.err( 7728): 	at android.content.ContentResolver.acquireUnstableProvider(ContentResolver.java:1425)
02-25 10:43:57.199 W/System.err( 7728): 	at android.content.ContentResolver.query(ContentResolver.java:445)
02-25 10:43:57.199 W/ActivityManager(  506): Permission Denial: opening provider com.android.providers.telephony.MmsProvider from ProcessRecord{2204d9b8 7728:org.xwalk.webapi_noneservice_tests/u0a259} (pid=7728, uid=10259) requires android.permission.READ_SMS or android.permission.WRITE_SMS
02-25 10:43:57.199 W/ActivityManager(  506): Permission Denial: opening provider com.android.providers.telephony.MmsProvider from ProcessRecord{2204d9b8 7728:org.xwalk.webapi_noneservice_tests/u0a259} (pid=7728, uid=10259) requires android.permission.READ_SMS or android.permission.WRITE_SMS
02-25 10:43:57.199 W/ActivityManager(  506): Permission Denial: opening provider com.android.providers.telephony.MmsProvider from ProcessRecord{2204d9b8 7728:org.xwalk.webapi_noneservice_tests/u0a259} (pid=7728, uid=10259) requires android.permission.READ_SMS or android.permission.WRITE_SMS
02-25 10:43:57.209 W/System.err( 7728): 	at android.content.ContentResolver.query(ContentResolver.java:404)
02-25 10:43:57.209 W/System.err( 7728): 	at org.xwalk.core.internal.extension.api.messaging.MessagingManager.queryMessage(MessagingManager.java:125)
02-25 10:43:57.209 W/System.err( 7728): 	at org.xwalk.core.internal.extension.api.messaging.MessagingManager.onMsgFindMessages(MessagingManager.java:46)
02-25 10:43:57.209 W/System.err( 7728): 	at org.xwalk.core.internal.extension.api.messaging.Messaging$4.runCommand(Messaging.java:60)
02-25 10:43:57.209 W/System.err( 7728): 	at org.xwalk.core.internal.extension.api.messaging.Messaging.onMessage(Messaging.java:121)
02-25 10:43:57.209 W/System.err( 7728): 	at dalvik.system.NativeStart.run(Native Method)
02-25 10:43:57.209 W/System.err( 7728): java.lang.SecurityException: Permission Denial: opening provider com.android.providers.telephony.MmsProvider from ProcessRecord{2204d9b8 7728:org.xwalk.webapi_noneservice_tests/u0a259} (pid=7728, uid=10259) requires android.permission.READ_SMS or android.permission.WRITE_SMS
02-25 10:43:57.209 W/System.err( 7728): 	at android.os.Parcel.readException(Parcel.java:1465)
02-25 10:43:57.209 W/System.err( 7728): 	at android.os.Parcel.readException(Parcel.java:1419)
02-25 10:43:57.209 W/System.err( 7728): 	at android.app.ActivityManagerProxy.getContentProvider(ActivityManagerNative.java:2912)
02-25 10:43:57.209 W/System.err( 7728): 	at android.app.ActivityThread.acquireProvider(ActivityThread.java:4455)
02-25 10:43:57.209 W/System.err( 7728): 	at android.app.ContextImpl$ApplicationContentResolver.acquireUnstableProvider(ContextImpl.java:2539)
02-25 10:43:57.209 W/System.err( 7728): 	at android.content.ContentResolver.acquireUnstableProvider(ContentResolver.java:1425)
02-25 10:43:57.209 W/System.err( 7728): 	at android.content.ContentResolver.query(ContentResolver.java:445)
02-25 10:43:57.209 W/System.err( 7728): 	at android.content.ContentResolver.query(ContentResolver.java:404)
02-25 10:43:57.209 W/System.err( 7728): 	at org.xwalk.core.internal.extension.api.messaging.MessagingManager.queryMessage(MessagingManager.java:125)
02-25 10:43:57.209 W/System.err( 7728): 	at org.xwalk.core.internal.extension.api.messaging.MessagingManager.onMsgFindMessages(MessagingManager.java:46)
02-25 10:43:57.209 W/System.err( 7728): 	at org.xwalk.core.internal.extension.api.messaging.Messaging$4.runCommand(Messaging.java:60)
02-25 10:43:57.209 W/System.err( 7728): 	at org.xwalk.core.internal.extension.api.messaging.Messaging.onMessage(Messaging.java:121)
02-25 10:43:57.209 W/System.err( 7728): 	at dalvik.system.NativeStart.run(Native Method)
02-25 10:43:57.209 W/System.err( 7728): java.lang.SecurityException: Permission Denial: opening provider com.android.providers.telephony.MmsProvider from ProcessRecord{2204d9b8 7728:org.xwalk.webapi_noneservice_tests/u0a259} (pid=7728, uid=10259) requires android.permission.READ_SMS or android.permission.WRITE_SMS
02-25 10:43:57.209 W/System.err( 7728): 	at android.os.Parcel.readException(Parcel.java:1465)
02-25 10:43:57.209 W/System.err( 7728): 	at android.os.Parcel.readException(Parcel.java:1419)
02-25 10:43:57.209 W/System.err( 7728): 	at android.app.ActivityManagerProxy.getContentProvider(ActivityManagerNative.java:2912)
02-25 10:43:57.209 W/System.err( 7728): 	at android.app.ActivityThread.acquireProvider(ActivityThread.java:4455)
02-25 10:43:57.209 W/System.err( 7728): 	at android.app.ContextImpl$ApplicationContentResolver.acquireUnstableProvider(ContextImpl.java:2539)
02-25 10:43:57.209 W/System.err( 7728): 	at android.content.ContentResolver.acquireUnstableProvider(ContentResolver.java:1425)
02-25 10:43:57.209 W/System.err( 7728): 	at android.content.ContentResolver.query(ContentResolver.java:445)
02-25 10:43:57.209 W/System.err( 7728): 	at android.content.ContentResolver.query(ContentResolver.java:404)
02-25 10:43:57.209 W/System.err( 7728): 	at org.xwalk.core.internal.extension.api.messaging.MessagingManager.queryMessage(MessagingManager.java:125)
02-25 10:43:57.209 W/System.err( 7728): 	at org.xwalk.core.internal.extension.api.messaging.MessagingManager.onMsgFindMessages(MessagingManager.java:46)
02-25 10:43:57.209 W/System.err( 7728): 	at org.xwalk.core.internal.extension.api.messaging.Messaging$4.runCommand(Messaging.java:60)
02-25 10:43:57.209 W/System.err( 7728): 	at org.xwalk.core.internal.extension.api.messaging.Messaging.onMessage(Messaging.java:121)
02-25 10:43:57.209 W/System.err( 7728): 	at dalvik.system.NativeStart.run(Native Method)
02-25 10:43:57.209 W/System.err( 7728): java.lang.SecurityException: Permission Denial: opening provider com.android.providers.telephony.MmsProvider from ProcessRecord{2204d9b8 7728:org.xwalk.webapi_noneservice_tests/u0a259} (pid=7728, uid=10259) requires android.permission.READ_SMS or android.permission.WRITE_SMS
02-25 10:43:57.209 W/System.err( 7728): 	at android.os.Parcel.readException(Parcel.java:1465)
02-25 10:43:57.209 W/System.err( 7728): 	at android.os.Parcel.readException(Parcel.java:1419)
02-25 10:43:57.209 W/System.err( 7728): 	at android.app.ActivityManagerProxy.getContentProvider(ActivityManagerNative.java:2912)
02-25 10:43:57.209 W/System.err( 7728): 	at android.app.ActivityThread.acquireProvider(ActivityThread.java:4455)
02-25 10:43:57.209 W/System.err( 7728): 	at android.app.ContextImpl$ApplicationContentResolver.acquireUnstableProvider(ContextImpl.java:2539)
02-25 10:43:57.209 W/System.err( 7728): 	at android.content.ContentResolver.acquireUnstableProvider(ContentResolver.java:1425)
02-25 10:43:57.209 W/System.err( 7728): 	at android.content.ContentResolver.query(ContentResolver.java:445)
02-25 10:43:57.209 W/System.err( 7728): 	at android.content.ContentResolver.query(ContentResolver.java:404)
02-25 10:43:57.209 W/System.err( 7728): 	at org.xwalk.core.internal.extension.api.messaging.MessagingManager.queryMessage(MessagingManager.java:125)
02-25 10:43:57.209 W/System.err( 7728): 	at org.xwalk.core.internal.extension.api.messaging.MessagingManager.onMsgFindMessages(MessagingManager.java:46)
02-25 10:43:57.209 W/System.err( 7728): 	at org.xwalk.core.internal.extension.api.messaging.Messaging$4.runCommand(Messaging.java:60)
02-25 10:43:57.209 W/System.err( 7728): 	at org.xwalk.core.internal.extension.api.messaging.Messaging.onMessage(Messaging.java:121)
02-25 10:43:57.209 W/System.err( 7728): 	at dalvik.system.NativeStart.run(Native Method)
02-25 10:43:57.209 W/System.err( 7728): java.lang.SecurityException: Permission Denial: opening provider com.android.providers.telephony.MmsProvider from ProcessRecord{2204d9b8 7728:org.xwalk.webapi_noneservice_tests/u0a259} (pid=7728, uid=10259) requires android.permission.READ_SMS or android.permission.WRITE_SMS
02-25 10:43:57.209 W/System.err( 7728): 	at android.os.Parcel.readException(Parcel.java:1465)
02-25 10:43:57.209 W/System.err( 7728): 	at android.os.Parcel.readException(Parcel.java:1419)
02-25 10:43:57.209 W/System.err( 7728): 	at android.app.ActivityManagerProxy.getContentProvider(ActivityManagerNative.java:2912)
02-25 10:43:57.209 W/System.err( 7728): 	at android.app.ActivityThread.acquireProvider(ActivityThread.java:4455)
02-25 10:43:57.209 W/System.err( 7728): 	at android.app.ContextImpl$ApplicationContentResolver.acquireUnstableProvider(ContextImpl.java:2539)
02-25 10:43:57.209 W/System.err( 7728): 	at android.content.ContentResolver.acquireUnstableProvider(ContentResolver.java:1425)
02-25 10:43:57.209 W/System.err( 7728): 	at android.content.ContentResolver.query(ContentResolver.java:445)
02-25 10:43:57.209 W/System.err( 7728): 	at android.content.ContentResolver.query(ContentResolver.java:404)
02-25 10:43:57.209 W/System.err( 7728): 	at org.xwalk.core.internal.extension.api.messaging.MessagingManager.queryMessage(MessagingManager.java:125)
02-25 10:43:57.209 W/System.err( 7728): 	at org.xwalk.core.internal.extension.api.messaging.MessagingManager.onMsgFindMessages(MessagingManager.java:46)
02-25 10:43:57.209 W/System.err( 7728): 	at org.xwalk.core.internal.extension.api.messaging.Messaging$4.runCommand(Messaging.java:60)
02-25 10:43:57.209 W/System.err( 7728): 	at org.xwalk.core.internal.extension.api.messaging.Messaging.onMessage(Messaging.java:121)
02-25 10:43:57.209 W/System.err( 7728): 	at dalvik.system.NativeStart.run(Native Method)
02-25 10:43:57.209 W/System.err( 7728): java.lang.SecurityException: Permission Denial: opening provider com.android.providers.telephony.MmsProvider from ProcessRecord{2204d9b8 7728:org.xwalk.webapi_noneservice_tests/u0a259} (pid=7728, uid=10259) requires android.permission.READ_SMS or android.permission.WRITE_SMS
02-25 10:43:57.209 W/System.err( 7728): 	at android.os.Parcel.readException(Parcel.java:1465)
02-25 10:43:57.209 W/System.err( 7728): 	at android.os.Parcel.readException(Parcel.java:1419)
02-25 10:43:57.209 W/System.err( 7728): 	at android.app.ActivityManagerProxy.getContentProvider(ActivityManagerNative.java:2912)
02-25 10:43:57.209 W/System.err( 7728): 	at android.app.ActivityThread.acquireProvider(ActivityThread.java:4455)
02-25 10:43:57.209 W/System.err( 7728): 	at android.app.ContextImpl$ApplicationContentResolver.acquireUnstableProvider(ContextImpl.java:2539)
02-25 10:43:57.209 W/System.err( 7728): 	at android.content.ContentResolver.acquireUnstableProvider(ContentResolver.java:1425)
02-25 10:43:57.209 W/System.err( 7728): 	at android.content.ContentResolver.query(ContentResolver.java:445)
02-25 10:43:57.209 W/System.err( 7728): 	at android.content.ContentResolver.query(ContentResolver.java:404)
02-25 10:43:57.209 W/System.err( 7728): 	at org.xwalk.core.internal.extension.api.messaging.MessagingManager.queryMessage(MessagingManager.java:125)
02-25 10:43:57.209 W/System.err( 7728): 	at org.xwalk.core.internal.extension.api.messaging.MessagingManager.onMsgFindMessages(MessagingManager.java:46)
02-25 10:43:57.209 W/System.err( 7728): 	at org.xwalk.core.internal.extension.api.messaging.Messaging$4.runCommand(Messaging.java:60)
02-25 10:43:57.209 W/System.err( 7728): 	at org.xwalk.core.internal.extension.api.messaging.Messaging.onMessage(Messaging.java:121)
02-25 10:43:57.209 W/System.err( 7728): 	at dalvik.system.NativeStart.run(Native Method)
02-25 10:43:57.209 W/ActivityManager(  506): Permission Denial: opening provider com.android.providers.telephony.MmsProvider from ProcessRecord{2204d9b8 7728:org.xwalk.webapi_noneservice_tests/u0a259} (pid=7728, uid=10259) requires android.permission.READ_SMS or android.permission.WRITE_SMS
02-25 10:43:57.209 W/ActivityManager(  506): Permission Denial: opening provider com.android.providers.telephony.MmsProvider from ProcessRecord{2204d9b8 7728:org.xwalk.webapi_noneservice_tests/u0a259} (pid=7728, uid=10259) requires android.permission.READ_SMS or android.permission.WRITE_SMS
02-25 10:43:57.209 W/ActivityManager(  506): Permission Denial: opening provider com.android.providers.telephony.MmsProvider from ProcessRecord{2204d9b8 7728:org.xwalk.webapi_noneservice_tests/u0a259} (pid=7728, uid=10259) requires android.permission.READ_SMS or android.permission.WRITE_SMS
02-25 10:43:57.209 W/ActivityManager(  506): Permission Denial: opening provider com.android.providers.telephony.MmsProvider from ProcessRecord{2204d9b8 7728:org.xwalk.webapi_noneservice_tests/u0a259} (pid=7728, uid=10259) requires android.permission.READ_SMS or android.permission.WRITE_SMS
02-25 10:43:57.209 W/ActivityManager(  506): Permission Denial: opening provider com.android.providers.telephony.MmsProvider from ProcessRecord{2204d9b8 7728:org.xwalk.webapi_noneservice_tests/u0a259} (pid=7728, uid=10259) requires android.permission.READ_SMS or android.permission.WRITE_SMS
02-25 10:43:57.219 W/System.err( 7728): java.lang.SecurityException: Permission Denial: opening provider com.android.providers.telephony.MmsProvider from ProcessRecord{2204d9b8 7728:org.xwalk.webapi_noneservice_tests/u0a259} (pid=7728, uid=10259) requires android.permission.READ_SMS or android.permission.WRITE_SMS
02-25 10:43:57.219 W/System.err( 7728): 	at android.os.Parcel.readException(Parcel.java:1465)
02-25 10:43:57.219 W/System.err( 7728): 	at android.os.Parcel.readException(Parcel.java:1419)
02-25 10:43:57.219 W/System.err( 7728): 	at android.app.ActivityManagerProxy.getContentProvider(ActivityManagerNative.java:2912)
02-25 10:43:57.219 W/System.err( 7728): 	at android.app.ActivityThread.acquireProvider(ActivityThread.java:4455)
02-25 10:43:57.219 W/System.err( 7728): 	at android.app.ContextImpl$ApplicationContentResolver.acquireUnstableProvider(ContextImpl.java:2539)
02-25 10:43:57.219 W/System.err( 7728): 	at android.content.ContentResolver.acquireUnstableProvider(ContentResolver.java:1425)
02-25 10:43:57.219 W/System.err( 7728): 	at android.content.ContentResolver.query(ContentResolver.java:445)
02-25 10:43:57.219 W/System.err( 7728): 	at android.content.ContentResolver.query(ContentResolver.java:404)
02-25 10:43:57.219 W/System.err( 7728): 	at org.xwalk.core.internal.extension.api.messaging.MessagingManager.queryMessage(MessagingManager.java:125)
02-25 10:43:57.219 W/System.err( 7728): 	at org.xwalk.core.internal.extension.api.messaging.MessagingManager.onMsgFindMessages(MessagingManager.java:46)
02-25 10:43:57.219 W/System.err( 7728): 	at org.xwalk.core.internal.extension.api.messaging.Messaging$4.runCommand(Messaging.java:60)
02-25 10:43:57.219 W/System.err( 7728): 	at org.xwalk.core.internal.extension.api.messaging.Messaging.onMessage(Messaging.java:121)
02-25 10:43:57.219 W/System.err( 7728): 	at dalvik.system.NativeStart.run(Native Method)
02-25 10:43:57.219 W/System.err( 7728): java.lang.SecurityException: Permission Denial: opening provider com.android.providers.telephony.MmsProvider from ProcessRecord{2204d9b8 7728:org.xwalk.webapi_noneservice_tests/u0a259} (pid=7728, uid=10259) requires android.permission.READ_SMS or android.permission.WRITE_SMS
02-25 10:43:57.219 W/System.err( 7728): 	at android.os.Parcel.readException(Parcel.java:1465)
02-25 10:43:57.219 W/System.err( 7728): 	at android.os.Parcel.readException(Parcel.java:1419)
02-25 10:43:57.219 W/System.err( 7728): 	at android.app.ActivityManagerProxy.getContentProvider(ActivityManagerNative.java:2912)
02-25 10:43:57.219 W/System.err( 7728): 	at android.app.ActivityThread.acquireProvider(ActivityThread.java:4455)
02-25 10:43:57.219 W/System.err( 7728): 	at android.app.ContextImpl$ApplicationContentResolver.acquireUnstableProvider(ContextImpl.java:2539)
02-25 10:43:57.219 W/System.err( 7728): 	at android.content.ContentResolver.acquireUnstableProvider(ContentResolver.java:1425)
02-25 10:43:57.219 W/System.err( 7728): 	at android.content.ContentResolver.query(ContentResolver.java:445)
02-25 10:43:57.219 W/System.err( 7728): 	at android.content.ContentResolver.query(ContentResolver.java:404)
02-25 10:43:57.219 W/System.err( 7728): 	at org.xwalk.core.internal.extension.api.messaging.MessagingManager.queryMessage(MessagingManager.java:125)
02-25 10:43:57.219 W/System.err( 7728): 	at org.xwalk.core.internal.extension.api.messaging.MessagingManager.onMsgFindMessages(MessagingManager.java:46)
02-25 10:43:57.219 W/System.err( 7728): 	at org.xwalk.core.internal.extension.api.messaging.Messaging$4.runCommand(Messaging.java:60)
02-25 10:43:57.219 W/System.err( 7728): 	at org.xwalk.core.internal.extension.api.messaging.Messaging.onMessage(Messaging.java:121)
02-25 10:43:57.219 W/System.err( 7728): 	at dalvik.system.NativeStart.run(Native Method)
02-25 10:43:57.219 W/ActivityManager(  506): Permission Denial: opening provider com.android.providers.telephony.MmsProvider from ProcessRecord{2204d9b8 7728:org.xwalk.webapi_noneservice_tests/u0a259} (pid=7728, uid=10259) requires android.permission.READ_SMS or android.permission.WRITE_SMS
02-25 10:43:57.219 W/ActivityManager(  506): Permission Denial: opening provider com.android.providers.telephony.MmsProvider from ProcessRecord{2204d9b8 7728:org.xwalk.webapi_noneservice_tests/u0a259} (pid=7728, uid=10259) requires android.permission.READ_SMS or android.permission.WRITE_SMS
02-25 10:43:59.809 W/BindingManager( 7728): Cannot call determinedVisibility() - never saw a connection for the pid: 7728
02-25 10:43:59.859 D/EVENT_THREAD(  186): void CEventThread::run() POLLIN event on Fd (1)
02-25 10:43:59.859 D/EVENT_THREAD(  186): void CEventThread::run() Do poll with timeout: -1
02-25 10:43:59.859 D/EVENT_THREAD(  186): void CEventThread::run() POLLIN event on Fd (1)
02-25 10:43:59.859 D/EVENT_THREAD(  186): void CEventThread::run() Do poll with timeout: -1
02-25 10:43:59.859 I/upi_ug31xx(  166): (446) update_capacity
02-25 10:43:59.859 I/[UPI]   (  166): <UG31/E>[UpiReadCapacity]: V=4253(4252), T=305(307-366), I=-374, C=-2(-2-0)
02-25 10:43:59.859 I/[UPI]   (  166): <UG31/E>[UpiReadCapacity]: (0x0080095a) 3907 (3808) / 3926 (3926) = 100
02-25 10:43:59.859 I/[UPI]   (  166): <UG31/E>[UpiReadCapacity]: (0x0080095a) 3907 (3808) / 3926 (3926) = 100
02-25 10:43:59.859 I/[UPI]   (  166): <UG31/E>[UpiReadCapacity]: (0x0080095a) 3905 (3905) / 3926 (3926) = 99
02-25 10:43:59.859 I/[UPI]   (  166): <UG31/E>[RsocFilterCountTime]: (0x0080095a) Step=0(30300), Full=28(3383544), Lock=30300(1800000)
02-25 10:43:59.859 I/[UPI]   (  166): <UG31/E>[UpiReadCapacity]: (0x0080095a) 3907 (3905) / 3926 (3926) = 100 (-374--374)
02-25 10:43:59.859 I/[UPI]   (  166): <UG31/E><BATT> M:normal, P:100(100-99)%, V:4251mV, C:-492mA, T:30.7C(366), S:0x0080095a(100), R:3907mAh, F:3926mAh, Q:-68mAh, CC:3, P:30.300(66-0)s, BO:7, 97:615:0-44af-9m:B001-20140514-144301 (1)
02-25 10:43:59.859 I/upi_ug31xx(  166): (447) backup_data 
02-25 10:43:59.859 V/upi_ug31xx(  166): state->check_backup_count = 2
02-25 10:43:59.869 W/System.err( 7728): java.lang.SecurityException: Permission Denial: opening provider com.android.providers.telephony.SmsProvider from ProcessRecord{2204d9b8 7728:org.xwalk.webapi_noneservice_tests/u0a259} (pid=7728, uid=10259) requires android.permission.READ_SMS or android.permission.WRITE_SMS
02-25 10:43:59.869 W/System.err( 7728): 	at android.os.Parcel.readException(Parcel.java:1465)
02-25 10:43:59.869 W/System.err( 7728): 	at android.os.Parcel.readException(Parcel.java:1419)
02-25 10:43:59.869 W/System.err( 7728): 	at android.app.ActivityManagerProxy.getContentProvider(ActivityManagerNative.java:2912)
02-25 10:43:59.869 W/System.err( 7728): 	at android.app.ActivityThread.acquireProvider(ActivityThread.java:4455)
02-25 10:43:59.869 W/System.err( 7728): 	at android.app.ContextImpl$ApplicationContentResolver.acquireProvider(ContextImpl.java:2524)
02-25 10:43:59.869 W/System.err( 7728): 	at android.content.ContentResolver.acquireProvider(ContentResolver.java:1378)
02-25 10:43:59.869 W/System.err( 7728): 	at android.content.ContentResolver.delete(ContentResolver.java:1276)
02-25 10:43:59.869 W/System.err( 7728): 	at org.xwalk.core.internal.extension.api.messaging.MessagingSmsManager.onSmsClear(MessagingSmsManager.java:136)
02-25 10:43:59.869 W/System.err( 7728): 	at org.xwalk.core.internal.extension.api.messaging.Messaging$2.runCommand(Messaging.java:50)
02-25 10:43:59.869 W/System.err( 7728): 	at org.xwalk.core.internal.extension.api.messaging.Messaging.onMessage(Messaging.java:121)
02-25 10:43:59.869 W/System.err( 7728): 	at dalvik.system.NativeStart.run(Native Method)
02-25 10:43:59.869 W/ActivityManager(  506): Permission Denial: opening provider com.android.providers.telephony.SmsProvider from ProcessRecord{2204d9b8 7728:org.xwalk.webapi_noneservice_tests/u0a259} (pid=7728, uid=10259) requires android.permission.READ_SMS or android.permission.WRITE_SMS
02-25 10:43:59.879 W/chromium( 7728): [WARNING:xwalk_extension_module.cc(203)] Exception when running message listener: undefined:246:20 ReferenceError: g_promises is not defined
02-25 10:43:59.879 W/chromium( 7728):     if (_isFunction(g_promises[msgObj.asyncCallId].resolve)) {
02-25 10:43:59.879 W/chromium( 7728): 
02-25 10:43:59.889 W/chromium( 7728): [WARNING:xwalk_extension_module.cc(203)] Exception when running message listener: undefined:246:20 ReferenceError: g_promises is not defined
02-25 10:43:59.889 W/chromium( 7728):     if (_isFunction(g_promises[msgObj.asyncCallId].resolve)) {
02-25 10:43:59.889 W/chromium( 7728): 
02-25 10:43:59.889 W/chromium( 7728): [WARNING:xwalk_extension_module.cc(203)] Exception when running message listener: undefined:246:20 ReferenceError: g_promises is not defined
02-25 10:43:59.889 W/chromium( 7728):     if (_isFunction(g_promises[msgObj.asyncCallId].resolve)) {
02-25 10:43:59.889 W/chromium( 7728): 
02-25 10:43:59.999 D/Clock   (  571): ACTION_TIME_TICK
02-25 10:43:59.999 D/Clock   (  571): update clock:10:44
02-25 10:44:00.019 D/BatteryStatsImpl(  506): noteStopWakeLocked system isFromForeground = false
02-25 10:44:01.989 W/BindingManager( 7728): Cannot call determinedVisibility() - never saw a connection for the pid: 7728
02-25 10:44:02.009 E/MessagingSmsManager( 7728): No Sim Card
02-25 10:44:02.029 E/MessagingSmsManager( 7728): Failed to send SMS message.
02-25 10:44:02.029 E/MessagingSmsManager( 7728): java.lang.SecurityException: Sending SMS message: uid 10259 does not have android.permission.SEND_SMS.
02-25 10:44:02.029 E/MessagingSmsManager( 7728): 	at android.os.Parcel.readException(Parcel.java:1465)
02-25 10:44:02.029 E/MessagingSmsManager( 7728): 	at android.os.Parcel.readException(Parcel.java:1419)
02-25 10:44:02.029 E/MessagingSmsManager( 7728): 	at com.android.internal.telephony.ISms$Stub$Proxy.sendText(ISms.java:467)
02-25 10:44:02.029 E/MessagingSmsManager( 7728): 	at android.telephony.SmsManager.sendTextMessage(SmsManager.java:101)
02-25 10:44:02.029 E/MessagingSmsManager( 7728): 	at org.xwalk.core.internal.extension.api.messaging.MessagingSmsManager.onSmsSend(MessagingSmsManager.java:112)
02-25 10:44:02.029 E/MessagingSmsManager( 7728): 	at org.xwalk.core.internal.extension.api.messaging.Messaging$1.runCommand(Messaging.java:45)
02-25 10:44:02.029 E/MessagingSmsManager( 7728): 	at org.xwalk.core.internal.extension.api.messaging.Messaging.onMessage(Messaging.java:121)
02-25 10:44:02.029 E/MessagingSmsManager( 7728): 	at dalvik.system.NativeStart.run(Native Method)
02-25 10:44:02.639 D/wpa_supplicant(  694): wlan0: Starting AP scan for wildcard SSID
02-25 10:44:02.639 D/wpa_supplicant(  694): WPS: Building WPS IE for Probe Request
02-25 10:44:02.639 D/wpa_supplicant(  694): WPS:  * Version (hardcoded 0x10)
02-25 10:44:02.639 D/wpa_supplicant(  694): WPS:  * Request Type
02-25 10:44:02.639 D/wpa_supplicant(  694): WPS:  * Config Methods (4288)
02-25 10:44:02.639 D/wpa_supplicant(  694): WPS:  * UUID-E
02-25 10:44:02.639 D/wpa_supplicant(  694): WPS:  * Primary Device Type
02-25 10:44:02.639 D/wpa_supplicant(  694): WPS:  * RF Bands (1)
02-25 10:44:02.639 D/wpa_supplicant(  694): WPS:  * Association State
02-25 10:44:02.639 D/wpa_supplicant(  694): WPS:  * Configuration Error (0)
02-25 10:44:02.639 D/wpa_supplicant(  694): WPS:  * Device Password ID (0)
02-25 10:44:02.639 D/wpa_supplicant(  694): WPS:  * Manufacturer
02-25 10:44:02.639 D/wpa_supplicant(  694): WPS:  * Model Name
02-25 10:44:02.639 D/wpa_supplicant(  694): WPS:  * Model Number
02-25 10:44:02.639 D/wpa_supplicant(  694): WPS:  * Device Name
02-25 10:44:02.639 D/wpa_supplicant(  694): WPS:  * Version2 (0x20)
02-25 10:44:02.639 D/wpa_supplicant(  694): P2P: * P2P IE header
02-25 10:44:02.639 D/wpa_supplicant(  694): P2P: * Capability dev=25 group=00
02-25 10:44:02.639 D/wpa_supplicant(  694): P2P: * Listen Channel: Regulatory Class 81 Channel 6
02-25 10:44:02.639 D/wpa_supplicant(  694): wlan0: nl80211: scan request
02-25 10:44:02.749 D/wpa_supplicant(  694): Scan requested (ret=0) - scan timeout 30 seconds
02-25 10:44:02.749 D/wpa_supplicant(  694): nl80211: Drv Event 33 (NL80211_CMD_TRIGGER_SCAN) received for wlan0
02-25 10:44:02.749 D/wpa_supplicant(  694): wlan0: nl80211: Scan trigger
02-25 10:44:03.859 D/wpa_supplicant(  694): nl80211: Drv Event 34 (NL80211_CMD_NEW_SCAN_RESULTS) received for wlan0
02-25 10:44:03.859 D/wpa_supplicant(  694): wlan0: nl80211: New scan results available
02-25 10:44:03.859 D/wpa_supplicant(  694): wlan0: Event SCAN_RESULTS (3) received
02-25 10:44:03.859 D/wpa_supplicant(  694): nl80211: Received scan results (19 BSSes)
02-25 10:44:03.859 D/wpa_supplicant(  694): nl80211: Survey data missing
02-25 10:44:03.859 D/wpa_supplicant(  694): wlan0: BSS: Start scan result update 84
02-25 10:44:03.859 D/wpa_supplicant(  694): wlan0: BSS: Add new id 108 BSSID cc:b2:55:e2:84:70 SSID 'DLINK_APK'
02-25 10:44:03.859 D/wpa_supplicant(  694): CTRL_IFACE monitor send - hexdump(len=39): 2f 64 61 74 61 2f 6d 69 73 63 2f 77 69 66 69 2f 73 6f 63 6b 65 74 73 2f 77 70 61 5f 63 74 72 6c ...
02-25 10:44:03.859 I/WifiHW  (  506): EVENT: IFNAME=wlan0 CTRL-EVENT-BSS-ADDED 108 cc:b2:55:e2:84:70
02-25 10:44:03.859 D/wpa_supplicant(  694): wlan0: BSS: Add new id 109 BSSID 02:09:4c:95:ac:84 SSID 'DIRECT-'
02-25 10:44:03.859 D/wpa_supplicant(  694): CTRL_IFACE monitor send - hexdump(len=39): 2f 64 61 74 61 2f 6d 69 73 63 2f 77 69 66 69 2f 73 6f 63 6b 65 74 73 2f 77 70 61 5f 63 74 72 6c ...
02-25 10:44:03.859 I/WifiHW  (  506): EVENT: IFNAME=wlan0 CTRL-EVENT-BSS-ADDED 109 02:09:4c:95:ac:84
02-25 10:44:03.859 D/wpa_supplicant(  694): wlan0: BSS: Add new id 110 BSSID e4:d3:32:dd:18:62 SSID 'Internet'
02-25 10:44:03.859 D/wpa_supplicant(  694): CTRL_IFACE monitor send - hexdump(len=39): 2f 64 61 74 61 2f 6d 69 73 63 2f 77 69 66 69 2f 73 6f 63 6b 65 74 73 2f 77 70 61 5f 63 74 72 6c ...
02-25 10:44:03.859 I/WifiHW  (  506): EVENT: IFNAME=wlan0 CTRL-EVENT-BSS-ADDED 110 e4:d3:32:dd:18:62
02-25 10:44:03.859 D/wpa_supplicant(  694): wlan0: BSS: Remove id 101 BSSID 02:09:4c:23:ef:0a SSID 'DIRECT-' due to no match in scan
02-25 10:44:03.859 D/wpa_supplicant(  694): CTRL_IFACE monitor send - hexdump(len=39): 2f 64 61 74 61 2f 6d 69 73 63 2f 77 69 66 69 2f 73 6f 63 6b 65 74 73 2f 77 70 61 5f 63 74 72 6c ...
02-25 10:44:03.859 I/WifiHW  (  506): EVENT: IFNAME=wlan0 CTRL-EVENT-BSS-REMOVED 101 02:09:4c:23:ef:0a
02-25 10:44:03.859 D/wpa_supplicant(  694): BSS: last_scan_res_used=19/32 last_scan_full=0
02-25 10:44:03.859 D/wpa_supplicant(  694): wlan0: New scan results available
02-25 10:44:03.859 D/wpa_supplicant(  694): CTRL_IFACE monitor send - hexdump(len=39): 2f 64 61 74 61 2f 6d 69 73 63 2f 77 69 66 69 2f 73 6f 63 6b 65 74 73 2f 77 70 61 5f 63 74 72 6c ...
02-25 10:44:03.859 I/WifiHW  (  506): EVENT: IFNAME=wlan0 CTRL-EVENT-SCAN-RESULTS 
02-25 10:44:03.859 I/WifiHW  (  506): CMD: IFNAME=wlan0 BSS RANGE=0- MASK=0x21987
02-25 10:44:03.859 D/wpa_supplicant(  694): CTRL_IFACE monitor send - hexdump(len=39): 2f 64 61 74 61 2f 6d 69 73 63 2f 77 69 66 69 2f 73 6f 63 6b 65 74 73 2f 77 70 61 5f 63 74 72 6c ...
02-25 10:44:03.859 I/WifiHW  (  506): EVENT: IFNAME=wlan0 WPS-AP-AVAILABLE 
02-25 10:44:03.859 D/wpa_supplicant(  694): Authorize channel 1
02-25 10:44:03.859 D/wpa_supplicant(  694): Authorize channel 2
02-25 10:44:03.859 D/wpa_supplicant(  694): Authorize channel 3
02-25 10:44:03.859 D/wpa_supplicant(  694): Authorize channel 4
02-25 10:44:03.859 D/wpa_supplicant(  694): Authorize channel 5
02-25 10:44:03.859 D/wpa_supplicant(  694): Authorize channel 6
02-25 10:44:03.859 D/wpa_supplicant(  694): Authorize channel 7
02-25 10:44:03.859 D/wpa_supplicant(  694): Authorize channel 8
02-25 10:44:03.859 D/wpa_supplicant(  694): Authorize channel 9
02-25 10:44:03.859 D/wpa_supplicant(  694): Authorize channel 10
02-25 10:44:03.859 D/wpa_supplicant(  694): Authorize channel 11
02-25 10:44:03.859 D/wpa_supplicant(  694): Authorize channel 12
02-25 10:44:03.859 D/wpa_supplicant(  694): Authorize channel 13
02-25 10:44:03.859 D/wpa_supplicant(  694): Authorize channel 1
02-25 10:44:03.859 D/wpa_supplicant(  694): Authorize channel 2
02-25 10:44:03.859 D/wpa_supplicant(  694): Authorize channel 3
02-25 10:44:03.859 D/wpa_supplicant(  694): Authorize channel 4
02-25 10:44:03.859 D/wpa_supplicant(  694): Authorize channel 5
02-25 10:44:03.859 D/wpa_supplicant(  694): Authorize channel 6
02-25 10:44:03.859 D/wpa_supplicant(  694): Authorize channel 7
02-25 10:44:03.859 D/wpa_supplicant(  694): Authorize channel 8
02-25 10:44:03.859 D/wpa_supplicant(  694): Authorize channel 9
02-25 10:44:03.859 D/wpa_supplicant(  694): Authorize channel 10
02-25 10:44:03.859 D/wpa_supplicant(  694): Authorize channel 11
02-25 10:44:03.859 D/wpa_supplicant(  694): Authorize channel 12
02-25 10:44:03.859 D/wpa_supplicant(  694): Authorize channel 13
02-25 10:44:03.859 D/wpa_supplicant(  694): Add access point on channel 6
02-25 10:44:03.859 D/wpa_supplicant(  694): Add access point on channel 6
02-25 10:44:03.859 D/wpa_supplicant(  694): Add access point on channel 1
02-25 10:44:03.859 D/wpa_supplicant(  694): Add access point on channel 11
02-25 10:44:03.859 D/wpa_supplicant(  694): Add access point on channel 3
02-25 10:44:03.859 D/wpa_supplicant(  694): Add access point on channel 1
02-25 10:44:03.859 D/wpa_supplicant(  694): Add access point on channel 1
02-25 10:44:03.859 D/wpa_supplicant(  694): Add access point on channel 9
02-25 10:44:03.859 D/wpa_supplicant(  694): Add access point on channel 11
02-25 10:44:03.859 D/wpa_supplicant(  694): Add access point on channel 6
02-25 10:44:03.859 D/wpa_supplicant(  694): Add access point on channel 6
02-25 10:44:03.859 D/wpa_supplicant(  694): Add access point on channel 11
02-25 10:44:03.859 D/wpa_supplicant(  694): Add access point on channel 11
02-25 10:44:03.859 D/wpa_supplicant(  694): Add access point on channel 1
02-25 10:44:03.859 D/wpa_supplicant(  694): Add access point on channel 6
02-25 10:44:03.859 D/wpa_supplicant(  694): Add access point on channel 6
02-25 10:44:03.859 D/wpa_supplicant(  694): Add access point on channel 6
02-25 10:44:03.859 D/wpa_supplicant(  694): Add access point on channel 2
02-25 10:44:03.859 D/wpa_supplicant(  694): Add access point on channel 6
02-25 10:44:03.859 D/wpa_supplicant(  694): Add access point on channel 8
02-25 10:44:03.859 D/wpa_supplicant(  694): Add access point on channel 1
02-25 10:44:03.859 D/wpa_supplicant(  694): Add access point on channel 6
02-25 10:44:03.859 D/wpa_supplicant(  694): Best Operating channel is = 11
02-25 10:44:03.859 D/wpa_supplicant(  694): WPS: AP[0] f8:d1:11:e7:99:e8 type=0 tries=0 last_attempt=-1 sec ago blacklist=0
02-25 10:44:03.859 D/wpa_supplicant(  694): WPS: AP[1] cc:34:29:2c:fb:ec type=0 tries=0 last_attempt=-1 sec ago blacklist=0
02-25 10:44:03.859 D/wpa_supplicant(  694): WPS: AP[2] cc:34:29:2b:26:4c type=0 tries=0 last_attempt=-1 sec ago blacklist=0
02-25 10:44:03.859 D/wpa_supplicant(  694): WPS: AP[3] b0:48:7a:51:ff:cc type=0 tries=0 last_attempt=-1 sec ago blacklist=0
02-25 10:44:03.859 D/wpa_supplicant(  694): WPS: AP[4] c0:a0:bb:20:3b:84 type=0 tries=0 last_attempt=-1 sec ago blacklist=0
02-25 10:44:03.859 D/wpa_supplicant(  694): WPS: AP[5] 2c:b0:5d:7f:f4:24 type=0 tries=0 last_attempt=-1 sec ago blacklist=0
02-25 10:44:03.859 D/wpa_supplicant(  694): WPS: AP[6] 9c:21:6a:0d:eb:72 type=0 tries=0 last_attempt=-1 sec ago blacklist=0
02-25 10:44:03.859 D/wpa_supplicant(  694): WPS: AP[7] c8:d7:19:60:62:f2 type=0 tries=0 last_attempt=-1 sec ago blacklist=0
02-25 10:44:03.859 D/wpa_supplicant(  694): WPS: AP[8] 44:94:fc:3d:da:38 type=0 tries=0 last_attempt=-1 sec ago blacklist=0
02-25 10:44:03.859 D/wpa_supplicant(  694): WPS: AP[9] 10:c3:7b:d2:e5:e0 type=0 tries=0 last_attempt=-1 sec ago blacklist=0
02-25 10:44:03.859 D/wpa_supplicant(  694): wlan0: Selecting BSS from priority group 19
02-25 10:44:03.859 D/wpa_supplicant(  694): wlan0: 0: f8:d1:11:e7:99:e8 ssid='videotest' wpa_ie_len=22 rsn_ie_len=20 caps=0x531 level=-39 wps
02-25 10:44:03.859 D/wpa_supplicant(  694): wlan0:    skip - SSID mismatch
02-25 10:44:03.859 D/wpa_supplicant(  694): wlan0: 1: c8:d7:19:60:62:f2 ssid='E3000-2.4G' wpa_ie_len=0 rsn_ie_len=20 caps=0x411 level=-48 wps
02-25 10:44:03.859 D/wpa_supplicant(  694): wlan0:    skip - SSID mismatch
02-25 10:44:03.859 D/wpa_supplicant(  694): wlan0: 2: 90:94:e4:03:45:f5 ssid='DAP-2553_D' wpa_ie_len=0 rsn_ie_len=24 caps=0x431 level=-52
02-25 10:44:03.859 D/wpa_supplicant(  694): wlan0:    skip - SSID mismatch
02-25 10:44:03.859 D/wpa_supplicant(  694): wlan0: 3: 02:1a:11:ff:f7:0a ssid='io1' wpa_ie_len=0 rsn_ie_len=20 caps=0x431 level=-53
02-25 10:44:03.859 D/wpa_supplicant(  694): wlan0:    skip - SSID mismatch
02-25 10:44:03.859 D/wpa_supplicant(  694): wlan0: 4: 10:c3:7b:d2:e5:e0 ssid='ASUS_RT-AC66U-2.4G' wpa_ie_len=0 rsn_ie_len=20 caps=0x411 level=-54 wps
02-25 10:44:03.859 D/wpa_supplicant(  694): wlan0:    skip - SSID mismatch
02-25 10:44:03.859 D/wpa_supplicant(  694): wlan0: 5: cc:34:29:2b:26:4c ssid='cws-test' wpa_ie_len=0 rsn_ie_len=20 caps=0x431 level=-55 wps
02-25 10:44:03.859 D/wpa_supplicant(  694): wlan0:    skip - SSID mismatch
02-25 10:44:03.859 D/wpa_supplicant(  694): wlan0: 6: b0:48:7a:51:ff:cc ssid='Neusoft TP' wpa_ie_len=22 rsn_ie_len=20 caps=0x431 level=-62 wps
02-25 10:44:03.859 D/wpa_supplicant(  694): wlan0:    skip - SSID mismatch
02-25 10:44:03.859 D/wpa_supplicant(  694): wlan0: 7: 98:fc:11:81:35:fb ssid='E2000EE' wpa_ie_len=0 rsn_ie_len=20 caps=0x411 level=-62
02-25 10:44:03.859 D/wpa_supplicant(  694): wlan0:    skip - SSID mismatch
02-25 10:44:03.859 D/wpa_supplicant(  694): wlan0: 8: 22:48:9a:ac:31:5b ssid='dean1' wpa_ie_len=0 rsn_ie_len=20 caps=0x431 level=-65
02-25 10:44:03.859 D/wpa_supplicant(  694): wlan0:    skip - SSID mismatch
02-25 10:44:03.859 D/wpa_supplicant(  694): wlan0: 9: c4:17:fe:3f:4f:fb ssid='cmcm' wpa_ie_len=0 rsn_ie_len=20 caps=0x511 level=-67
02-25 10:44:03.859 D/wpa_supplicant(  694): wlan0:    skip - SSID mismatch
