02-25 11:03:59.959 D/wpa_supplicant(  694): wlan0: 1: c8:d7:19:60:62:f2 ssid='E3000-2.4G' wpa_ie_len=0 rsn_ie_len=20 caps=0x411 level=-44 wps
02-25 11:03:59.959 D/wpa_supplicant(  694): wlan0:    skip - SSID mismatch
02-25 11:03:59.959 D/wpa_supplicant(  694): wlan0: 2: 02:1a:11:ff:f7:0a ssid='io1' wpa_ie_len=0 rsn_ie_len=20 caps=0x431 level=-50
02-25 11:03:59.959 D/wpa_supplicant(  694): wlan0:    skip - SSID mismatch
02-25 11:03:59.959 D/wpa_supplicant(  694): wlan0: 3: cc:34:29:2b:26:4c ssid='cws-test' wpa_ie_len=0 rsn_ie_len=20 caps=0x431 level=-54 wps
02-25 11:03:59.959 D/wpa_supplicant(  694): wlan0:    skip - SSID mismatch
02-25 11:03:59.959 D/wpa_supplicant(  694): wlan0: 4: 10:c3:7b:d2:e5:e0 ssid='ASUS_RT-AC66U-2.4G' wpa_ie_len=0 rsn_ie_len=20 caps=0x411 level=-55 wps
02-25 11:03:59.959 D/wpa_supplicant(  694): wlan0:    skip - SSID mismatch
02-25 11:03:59.959 D/wpa_supplicant(  694): wlan0: 5: 90:94:e4:03:45:f5 ssid='DAP-2553_D' wpa_ie_len=0 rsn_ie_len=24 caps=0x431 level=-57
02-25 11:03:59.959 D/wpa_supplicant(  694): wlan0:    skip - SSID mismatch
02-25 11:03:59.959 D/wpa_supplicant(  694): wlan0: 6: 44:94:fc:3d:da:38 ssid='6300' wpa_ie_len=0 rsn_ie_len=20 caps=0x411 level=-58 wps
02-25 11:03:59.959 D/wpa_supplicant(  694): wlan0:    skip - SSID mismatch
02-25 11:03:59.959 D/wpa_supplicant(  694): wlan0: 7: b0:48:7a:51:ff:cc ssid='Neusoft TP' wpa_ie_len=22 rsn_ie_len=20 caps=0x431 level=-60 wps
02-25 11:03:59.959 D/wpa_supplicant(  694): wlan0:    skip - SSID mismatch
02-25 11:03:59.959 D/wpa_supplicant(  694): wlan0: 8: 98:fc:11:81:35:fb ssid='E2000EE' wpa_ie_len=0 rsn_ie_len=20 caps=0x411 level=-64
02-25 11:03:59.959 D/wpa_supplicant(  694): wlan0:    skip - SSID mismatch
02-25 11:03:59.959 I/WifiHW  (  506): EVENT: IFNAME=wlan0 CTRL-EVENT-BSS-ADDED 150 02:09:4c:d9:8b:51
02-25 11:03:59.959 I/WifiHW  (  506): EVENT: IFNAME=wlan0 CTRL-EVENT-BSS-REMOVED 149 02:09:4c:23:ef:0a
02-25 11:03:59.959 D/wpa_supplicant(  694): wlan0: 9: c4:17:fe:3f:4f:fb ssid='cmcm' wpa_ie_len=0 rsn_ie_len=20 caps=0x511 level=-66
02-25 11:03:59.959 D/wpa_supplicant(  694): wlan0:    skip - SSID mismatch
02-25 11:03:59.959 D/wpa_supplicant(  694): wlan0: 10: 22:48:9a:ac:31:5b ssid='dean1' wpa_ie_len=0 rsn_ie_len=20 caps=0x431 level=-70
02-25 11:03:59.959 D/wpa_supplicant(  694): wlan0:    skip - SSID mismatch
02-25 11:03:59.959 D/wpa_supplicant(  694): wlan0: 11: 80:1f:02:43:fb:e8 ssid='Edimax AP' wpa_ie_len=0 rsn_ie_len=20 caps=0x411 level=-71
02-25 11:03:59.959 D/wpa_supplicant(  694): wlan0:    skip - SSID mismatch
02-25 11:03:59.959 D/wpa_supplicant(  694): wlan0: 12: cc:34:29:2c:fb:ec ssid='linksys' wpa_ie_len=22 rsn_ie_len=20 caps=0x431 level=-72 wps
02-25 11:03:59.959 D/wpa_supplicant(  694): wlan0:    skip - SSID mismatch
02-25 11:03:59.959 D/wpa_supplicant(  694): wlan0: 13: c0:a0:bb:20:3b:84 ssid='dlink-3B84' wpa_ie_len=26 rsn_ie_len=24 caps=0x411 level=-75 wps
02-25 11:03:59.959 I/WifiHW  (  506): EVENT: IFNAME=wlan0 CTRL-EVENT-SCAN-RESULTS 
02-25 11:03:59.959 I/WifiHW  (  506): EVENT: IFNAME=wlan0 WPS-AP-AVAILABLE 
02-25 11:03:59.959 D/wpa_supplicant(  694): wlan0:    skip - SSID mismatch
02-25 11:03:59.959 D/wpa_supplicant(  694): wlan0: 14: 00:0f:e2:0f:9f:c1 ssid='321_WAN' wpa_ie_len=28 rsn_ie_len=24 caps=0x411 level=-76
02-25 11:03:59.959 D/wpa_supplicant(  694): wlan0:    skip - SSID mismatch
02-25 11:03:59.959 D/wpa_supplicant(  694): wlan0: 15: 2c:b0:5d:7f:f4:24 ssid='NETGEAR38' wpa_ie_len=0 rsn_ie_len=20 caps=0x431 level=-88 wps
02-25 11:03:59.959 D/wpa_supplicant(  694): wlan0:    skip - SSID mismatch
02-25 11:03:59.959 D/wpa_supplicant(  694): wlan0: 16: 02:09:4c:d9:8b:51 ssid='DIRECT-' wpa_ie_len=0 rsn_ie_len=0 caps=0x410 level=-62
02-25 11:03:59.959 D/wpa_supplicant(  694): wlan0:    skip - SSID mismatch
02-25 11:03:59.959 D/wpa_supplicant(  694): wlan0: 17: 50:bd:5f:4b:29:92 ssid='Internet-2' wpa_ie_len=0 rsn_ie_len=0 caps=0x421 level=-63
02-25 11:03:59.959 D/wpa_supplicant(  694): wlan0:    skip - SSID mismatch
02-25 11:03:59.959 D/wpa_supplicant(  694): wlan0: Selecting BSS from priority group 18
02-25 11:03:59.959 D/wpa_supplicant(  694): wlan0: 0: f8:d1:11:e7:99:e8 ssid='videotest' wpa_ie_len=22 rsn_ie_len=20 caps=0x531 level=-41 wps
02-25 11:03:59.959 D/wpa_supplicant(  694): wlan0:    skip - SSID mismatch
02-25 11:03:59.959 D/wpa_supplicant(  694): wlan0: 1: c8:d7:19:60:62:f2 ssid='E3000-2.4G' wpa_ie_len=0 rsn_ie_len=20 caps=0x411 level=-44 wps
02-25 11:03:59.959 D/wpa_supplicant(  694): wlan0:    skip - SSID mismatch
02-25 11:03:59.959 D/wpa_supplicant(  694): wlan0: 2: 02:1a:11:ff:f7:0a ssid='io1' wpa_ie_len=0 rsn_ie_len=20 caps=0x431 level=-50
02-25 11:03:59.959 D/wpa_supplicant(  694): wlan0:    skip - SSID mismatch
02-25 11:03:59.959 D/wpa_supplicant(  694): wlan0: 3: cc:34:29:2b:26:4c ssid='cws-test' wpa_ie_len=0 rsn_ie_len=20 caps=0x431 level=-54 wps
02-25 11:03:59.959 D/wpa_supplicant(  694): wlan0:    skip - SSID mismatch
02-25 11:03:59.959 D/wpa_supplicant(  694): wlan0: 4: 10:c3:7b:d2:e5:e0 ssid='ASUS_RT-AC66U-2.4G' wpa_ie_len=0 rsn_ie_len=20 caps=0x411 level=-55 wps
02-25 11:03:59.959 D/wpa_supplicant(  694): wlan0:    skip - SSID mismatch
02-25 11:03:59.959 D/wpa_supplicant(  694): wlan0: 5: 90:94:e4:03:45:f5 ssid='DAP-2553_D' wpa_ie_len=0 rsn_ie_len=24 caps=0x431 level=-57
02-25 11:03:59.959 I/WifiHW  (  506): CMD: IFNAME=wlan0 BSS RANGE=0- MASK=0x21987
02-25 11:03:59.959 D/wpa_supplicant(  694): wlan0:    skip - SSID mismatch
02-25 11:03:59.959 D/wpa_supplicant(  694): wlan0: 6: 44:94:fc:3d:da:38 ssid='6300' wpa_ie_len=0 rsn_ie_len=20 caps=0x411 level=-58 wps
02-25 11:03:59.959 D/wpa_supplicant(  694): wlan0:    skip - SSID mismatch
02-25 11:03:59.959 D/wpa_supplicant(  694): wlan0: 7: b0:48:7a:51:ff:cc ssid='Neusoft TP' wpa_ie_len=22 rsn_ie_len=20 caps=0x431 level=-60 wps
02-25 11:03:59.959 D/wpa_supplicant(  694): wlan0:    skip - SSID mismatch
02-25 11:03:59.959 D/wpa_supplicant(  694): wlan0: 8: 98:fc:11:81:35:fb ssid='E2000EE' wpa_ie_len=0 rsn_ie_len=20 caps=0x411 level=-64
02-25 11:03:59.959 D/wpa_supplicant(  694): wlan0:    skip - SSID mismatch
02-25 11:03:59.959 D/wpa_supplicant(  694): wlan0: 9: c4:17:fe:3f:4f:fb ssid='cmcm' wpa_ie_len=0 rsn_ie_len=20 caps=0x511 level=-66
02-25 11:03:59.959 D/wpa_supplicant(  694): wlan0:    skip - SSID mismatch
02-25 11:03:59.959 D/wpa_supplicant(  694): wlan0: 10: 22:48:9a:ac:31:5b ssid='dean1' wpa_ie_len=0 rsn_ie_len=20 caps=0x431 level=-70
02-25 11:03:59.959 D/wpa_supplicant(  694): wlan0:    skip - SSID mismatch
02-25 11:03:59.959 D/wpa_supplicant(  694): wlan0: 11: 80:1f:02:43:fb:e8 ssid='Edimax AP' wpa_ie_len=0 rsn_ie_len=20 caps=0x411 level=-71
02-25 11:03:59.959 D/wpa_supplicant(  694): wlan0:    skip - SSID mismatch
02-25 11:03:59.959 D/wpa_supplicant(  694): wlan0: 12: cc:34:29:2c:fb:ec ssid='linksys' wpa_ie_len=22 rsn_ie_len=20 caps=0x431 level=-72 wps
02-25 11:03:59.959 D/wpa_supplicant(  694): wlan0:    skip - SSID mismatch
02-25 11:03:59.959 D/wpa_supplicant(  694): wlan0: 13: c0:a0:bb:20:3b:84 ssid='dlink-3B84' wpa_ie_len=26 rsn_ie_len=24 caps=0x411 level=-75 wps
02-25 11:03:59.959 D/wpa_supplicant(  694): wlan0:    skip - SSID mismatch
02-25 11:03:59.959 D/wpa_supplicant(  694): wlan0: 14: 00:0f:e2:0f:9f:c1 ssid='321_WAN' wpa_ie_len=28 rsn_ie_len=24 caps=0x411 level=-76
02-25 11:03:59.959 D/wpa_supplicant(  694): wlan0:    skip - SSID mismatch
02-25 11:03:59.959 D/wpa_supplicant(  694): wlan0: 15: 2c:b0:5d:7f:f4:24 ssid='NETGEAR38' wpa_ie_len=0 rsn_ie_len=20 caps=0x431 level=-88 wps
02-25 11:03:59.959 D/wpa_supplicant(  694): wlan0:    skip - SSID mismatch
02-25 11:03:59.959 D/wpa_supplicant(  694): wlan0: 16: 02:09:4c:d9:8b:51 ssid='DIRECT-' wpa_ie_len=0 rsn_ie_len=0 caps=0x410 level=-62
02-25 11:03:59.959 D/wpa_supplicant(  694): wlan0:    skip - SSID mismatch
02-25 11:03:59.959 D/wpa_supplicant(  694): wlan0: 17: 50:bd:5f:4b:29:92 ssid='Internet-2' wpa_ie_len=0 rsn_ie_len=0 caps=0x421 level=-63
02-25 11:03:59.959 D/wpa_supplicant(  694): wlan0:    skip - SSID mismatch
02-25 11:03:59.959 D/wpa_supplicant(  694): wlan0: Selecting BSS from priority group 17
02-25 11:03:59.959 D/wpa_supplicant(  694): wlan0: 0: f8:d1:11:e7:99:e8 ssid='videotest' wpa_ie_len=22 rsn_ie_len=20 caps=0x531 level=-41 wps
02-25 11:03:59.959 D/wpa_supplicant(  694): wlan0:    skip - SSID mismatch
02-25 11:03:59.959 D/wpa_supplicant(  694): wlan0: 1: c8:d7:19:60:62:f2 ssid='E3000-2.4G' wpa_ie_len=0 rsn_ie_len=20 caps=0x411 level=-44 wps
02-25 11:03:59.959 D/wpa_supplicant(  694): wlan0:    skip - SSID mismatch
02-25 11:03:59.959 D/wpa_supplicant(  694): wlan0: 2: 02:1a:11:ff:f7:0a ssid='io1' wpa_ie_len=0 rsn_ie_len=20 caps=0x431 level=-50
02-25 11:03:59.959 D/wpa_supplicant(  694): wlan0:    skip - SSID mismatch
02-25 11:03:59.959 D/wpa_supplicant(  694): wlan0: 3: cc:34:29:2b:26:4c ssid='cws-test' wpa_ie_len=0 rsn_ie_len=20 caps=0x431 level=-54 wps
02-25 11:03:59.959 D/wpa_supplicant(  694): wlan0:    skip - SSID mismatch
02-25 11:03:59.959 D/wpa_supplicant(  694): wlan0: 4: 10:c3:7b:d2:e5:e0 ssid='ASUS_RT-AC66U-2.4G' wpa_ie_len=0 rsn_ie_len=20 caps=0x411 level=-55 wps
02-25 11:03:59.959 D/wpa_supplicant(  694): wlan0:    skip - SSID mismatch
02-25 11:03:59.959 D/wpa_supplicant(  694): wlan0: 5: 90:94:e4:03:45:f5 ssid='DAP-2553_D' wpa_ie_len=0 rsn_ie_len=24 caps=0x431 level=-57
02-25 11:03:59.959 D/wpa_supplicant(  694): wlan0:    skip - SSID mismatch
02-25 11:03:59.959 D/wpa_supplicant(  694): wlan0: 6: 44:94:fc:3d:da:38 ssid='6300' wpa_ie_len=0 rsn_ie_len=20 caps=0x411 level=-58 wps
02-25 11:03:59.959 D/wpa_supplicant(  694): wlan0:    skip - SSID mismatch
02-25 11:03:59.959 D/wpa_supplicant(  694): wlan0: 7: b0:48:7a:51:ff:cc ssid='Neusoft TP' wpa_ie_len=22 rsn_ie_len=20 caps=0x431 level=-60 wps
02-25 11:03:59.959 D/wpa_supplicant(  694): wlan0:    skip - SSID mismatch
02-25 11:03:59.959 D/wpa_supplicant(  694): wlan0: 8: 98:fc:11:81:35:fb ssid='E2000EE' wpa_ie_len=0 rsn_ie_len=20 caps=0x411 level=-64
02-25 11:03:59.959 D/wpa_supplicant(  694): wlan0:    skip - SSID mismatch
02-25 11:03:59.959 D/wpa_supplicant(  694): wlan0: 9: c4:17:fe:3f:4f:fb ssid='cmcm' wpa_ie_len=0 rsn_ie_len=20 caps=0x511 level=-66
02-25 11:03:59.959 D/wpa_supplicant(  694): wlan0:    skip - SSID mismatch
02-25 11:03:59.959 D/wpa_supplicant(  694): wlan0: 10: 22:48:9a:ac:31:5b ssid='dean1' wpa_ie_len=0 rsn_ie_len=20 caps=0x431 level=-70
02-25 11:03:59.959 D/wpa_supplicant(  694): wlan0:    skip - SSID mismatch
02-25 11:03:59.959 D/wpa_supplicant(  694): wlan0: 11: 80:1f:02:43:fb:e8 ssid='Edimax AP' wpa_ie_len=0 rsn_ie_len=20 caps=0x411 level=-71
02-25 11:03:59.959 D/wpa_supplicant(  694): wlan0:    skip - SSID mismatch
02-25 11:03:59.959 D/wpa_supplicant(  694): wlan0: 12: cc:34:29:2c:fb:ec ssid='linksys' wpa_ie_len=22 rsn_ie_len=20 caps=0x431 level=-72 wps
02-25 11:03:59.959 D/wpa_supplicant(  694): wlan0:    skip - SSID mismatch
02-25 11:03:59.959 D/wpa_supplicant(  694): wlan0: 13: c0:a0:bb:20:3b:84 ssid='dlink-3B84' wpa_ie_len=26 rsn_ie_len=24 caps=0x411 level=-75 wps
02-25 11:03:59.959 D/wpa_supplicant(  694): wlan0:    skip - SSID mismatch
02-25 11:03:59.959 D/wpa_supplicant(  694): wlan0: 14: 00:0f:e2:0f:9f:c1 ssid='321_WAN' wpa_ie_len=28 rsn_ie_len=24 caps=0x411 level=-76
02-25 11:03:59.959 D/wpa_supplicant(  694): wlan0:    skip - SSID mismatch
02-25 11:03:59.959 D/wpa_supplicant(  694): wlan0: 15: 2c:b0:5d:7f:f4:24 ssid='NETGEAR38' wpa_ie_len=0 rsn_ie_len=20 caps=0x431 level=-88 wps
02-25 11:03:59.959 D/wpa_supplicant(  694): wlan0:    skip - SSID mismatch
02-25 11:03:59.959 D/wpa_supplicant(  694): wlan0: 16: 02:09:4c:d9:8b:51 ssid='DIRECT-' wpa_ie_len=0 rsn_ie_len=0 caps=0x410 level=-62
02-25 11:03:59.959 D/wpa_supplicant(  694): wlan0:    skip - SSID mismatch
02-25 11:03:59.959 D/wpa_supplicant(  694): wlan0: 17: 50:bd:5f:4b:29:92 ssid='Internet-2' wpa_ie_len=0 rsn_ie_len=0 caps=0x421 level=-63
02-25 11:03:59.959 D/wpa_supplicant(  694): wlan0:    skip - SSID mismatch
02-25 11:03:59.959 D/wpa_supplicant(  694): wlan0: Selecting BSS from priority group 15
02-25 11:03:59.959 D/wpa_supplicant(  694): wlan0: 0: f8:d1:11:e7:99:e8 ssid='videotest' wpa_ie_len=22 rsn_ie_len=20 caps=0x531 level=-41 wps
02-25 11:03:59.959 D/wpa_supplicant(  694): wlan0:    skip - SSID mismatch
02-25 11:03:59.959 D/wpa_supplicant(  694): wlan0: 1: c8:d7:19:60:62:f2 ssid='E3000-2.4G' wpa_ie_len=0 rsn_ie_len=20 caps=0x411 level=-44 wps
02-25 11:03:59.959 D/wpa_supplicant(  694): wlan0:    skip - SSID mismatch
02-25 11:03:59.959 D/wpa_supplicant(  694): wlan0: 2: 02:1a:11:ff:f7:0a ssid='io1' wpa_ie_len=0 rsn_ie_len=20 caps=0x431 level=-50
02-25 11:03:59.959 D/wpa_supplicant(  694): wlan0:    skip - SSID mismatch
02-25 11:03:59.959 D/wpa_supplicant(  694): wlan0: 3: cc:34:29:2b:26:4c ssid='cws-test' wpa_ie_len=0 rsn_ie_len=20 caps=0x431 level=-54 wps
02-25 11:03:59.959 D/wpa_supplicant(  694): wlan0:    skip - SSID mismatch
02-25 11:03:59.959 D/wpa_supplicant(  694): wlan0: 4: 10:c3:7b:d2:e5:e0 ssid='ASUS_RT-AC66U-2.4G' wpa_ie_len=0 rsn_ie_len=20 caps=0x411 level=-55 wps
02-25 11:03:59.959 D/wpa_supplicant(  694): wlan0:    skip - SSID mismatch
02-25 11:03:59.959 D/wpa_supplicant(  694): wlan0: 5: 90:94:e4:03:45:f5 ssid='DAP-2553_D' wpa_ie_len=0 rsn_ie_len=24 caps=0x431 level=-57
02-25 11:03:59.959 D/wpa_supplicant(  694): wlan0:    skip - SSID mismatch
02-25 11:03:59.959 D/wpa_supplicant(  694): wlan0: 6: 44:94:fc:3d:da:38 ssid='6300' wpa_ie_len=0 rsn_ie_len=20 caps=0x411 level=-58 wps
02-25 11:03:59.959 D/wpa_supplicant(  694): wlan0:    skip - SSID mismatch
02-25 11:03:59.959 D/wpa_supplicant(  694): wlan0: 7: b0:48:7a:51:ff:cc ssid='Neusoft TP' wpa_ie_len=22 rsn_ie_len=20 caps=0x431 level=-60 wps
02-25 11:03:59.959 D/wpa_supplicant(  694): wlan0:    skip - SSID mismatch
02-25 11:03:59.959 D/wpa_supplicant(  694): wlan0: 8: 98:fc:11:81:35:fb ssid='E2000EE' wpa_ie_len=0 rsn_ie_len=20 caps=0x411 level=-64
02-25 11:03:59.959 D/wpa_supplicant(  694): wlan0:    skip - SSID mismatch
02-25 11:03:59.959 D/wpa_supplicant(  694): wlan0: 9: c4:17:fe:3f:4f:fb ssid='cmcm' wpa_ie_len=0 rsn_ie_len=20 caps=0x511 level=-66
02-25 11:03:59.959 D/wpa_supplicant(  694): wlan0:    skip - SSID mismatch
02-25 11:03:59.959 D/wpa_supplicant(  694): wlan0: 10: 22:48:9a:ac:31:5b ssid='dean1' wpa_ie_len=0 rsn_ie_len=20 caps=0x431 level=-70
02-25 11:03:59.959 D/wpa_supplicant(  694): wlan0:    skip - SSID mismatch
02-25 11:03:59.959 D/wpa_supplicant(  694): wlan0: 11: 80:1f:02:43:fb:e8 ssid='Edimax AP' wpa_ie_len=0 rsn_ie_len=20 caps=0x411 level=-71
02-25 11:03:59.959 D/wpa_supplicant(  694): wlan0:    skip - SSID mismatch
02-25 11:03:59.959 D/wpa_supplicant(  694): wlan0: 12: cc:34:29:2c:fb:ec ssid='linksys' wpa_ie_len=22 rsn_ie_len=20 caps=0x431 level=-72 wps
02-25 11:03:59.959 D/wpa_supplicant(  694): wlan0:    skip - SSID mismatch
02-25 11:03:59.959 D/wpa_supplicant(  694): wlan0: 13: c0:a0:bb:20:3b:84 ssid='dlink-3B84' wpa_ie_len=26 rsn_ie_len=24 caps=0x411 level=-75 wps
02-25 11:03:59.959 D/wpa_supplicant(  694): wlan0:    skip - SSID mismatch
02-25 11:03:59.959 D/wpa_supplicant(  694): wlan0: 14: 00:0f:e2:0f:9f:c1 ssid='321_WAN' wpa_ie_len=28 rsn_ie_len=24 caps=0x411 level=-76
02-25 11:03:59.959 D/wpa_supplicant(  694): wlan0:    skip - SSID mismatch
02-25 11:03:59.959 D/wpa_supplicant(  694): wlan0: 15: 2c:b0:5d:7f:f4:24 ssid='NETGEAR38' wpa_ie_len=0 rsn_ie_len=20 caps=0x431 level=-88 wps
02-25 11:03:59.959 D/wpa_supplicant(  694): wlan0:    skip - SSID mismatch
02-25 11:03:59.959 D/wpa_supplicant(  694): wlan0: 16: 02:09:4c:d9:8b:51 ssid='DIRECT-' wpa_ie_len=0 rsn_ie_len=0 caps=0x410 level=-62
02-25 11:03:59.959 D/wpa_supplicant(  694): wlan0:    skip - SSID mismatch
02-25 11:03:59.959 D/wpa_supplicant(  694): wlan0: 17: 50:bd:5f:4b:29:92 ssid='Internet-2' wpa_ie_len=0 rsn_ie_len=0 caps=0x421 level=-63
02-25 11:03:59.959 D/wpa_supplicant(  694): wlan0:    skip - SSID mismatch
02-25 11:03:59.959 D/wpa_supplicant(  694): wlan0: Selecting BSS from priority group 4
02-25 11:03:59.959 D/wpa_supplicant(  694): wlan0: 0: f8:d1:11:e7:99:e8 ssid='videotest' wpa_ie_len=22 rsn_ie_len=20 caps=0x531 level=-41 wps
02-25 11:03:59.959 D/wpa_supplicant(  694): wlan0:    skip - SSID mismatch
02-25 11:03:59.959 D/wpa_supplicant(  694): wlan0: 1: c8:d7:19:60:62:f2 ssid='E3000-2.4G' wpa_ie_len=0 rsn_ie_len=20 caps=0x411 level=-44 wps
02-25 11:03:59.959 D/wpa_supplicant(  694): wlan0:    skip - SSID mismatch
02-25 11:03:59.959 D/wpa_supplicant(  694): wlan0: 2: 02:1a:11:ff:f7:0a ssid='io1' wpa_ie_len=0 rsn_ie_len=20 caps=0x431 level=-50
02-25 11:03:59.959 D/wpa_supplicant(  694): wlan0:    skip - SSID mismatch
02-25 11:03:59.959 D/wpa_supplicant(  694): wlan0: 3: cc:34:29:2b:26:4c ssid='cws-test' wpa_ie_len=0 rsn_ie_len=20 caps=0x431 level=-54 wps
02-25 11:03:59.959 D/wpa_supplicant(  694): wlan0:    skip - SSID mismatch
02-25 11:03:59.959 D/wpa_supplicant(  694): wlan0: 4: 10:c3:7b:d2:e5:e0 ssid='ASUS_RT-AC66U-2.4G' wpa_ie_len=0 rsn_ie_len=20 caps=0x411 level=-55 wps
02-25 11:03:59.959 D/wpa_supplicant(  694): wlan0:    skip - SSID mismatch
02-25 11:03:59.959 D/wpa_supplicant(  694): wlan0: 5: 90:94:e4:03:45:f5 ssid='DAP-2553_D' wpa_ie_len=0 rsn_ie_len=24 caps=0x431 level=-57
02-25 11:03:59.959 D/wpa_supplicant(  694): wlan0:    skip - SSID mismatch
02-25 11:03:59.959 D/wpa_supplicant(  694): wlan0: 6: 44:94:fc:3d:da:38 ssid='6300' wpa_ie_len=0 rsn_ie_len=20 caps=0x411 level=-58 wps
02-25 11:03:59.959 D/wpa_supplicant(  694): wlan0:    skip - SSID mismatch
02-25 11:03:59.959 D/wpa_supplicant(  694): wlan0: 7: b0:48:7a:51:ff:cc ssid='Neusoft TP' wpa_ie_len=22 rsn_ie_len=20 caps=0x431 level=-60 wps
02-25 11:03:59.959 D/wpa_supplicant(  694): wlan0:    skip - SSID mismatch
02-25 11:03:59.959 D/wpa_supplicant(  694): wlan0: 8: 98:fc:11:81:35:fb ssid='E2000EE' wpa_ie_len=0 rsn_ie_len=20 caps=0x411 level=-64
02-25 11:03:59.959 D/wpa_supplicant(  694): wlan0:    skip - SSID mismatch
02-25 11:03:59.959 D/wpa_supplicant(  694): wlan0: 9: c4:17:fe:3f:4f:fb ssid='cmcm' wpa_ie_len=0 rsn_ie_len=20 caps=0x511 level=-66
02-25 11:03:59.959 D/wpa_supplicant(  694): wlan0:    skip - SSID mismatch
02-25 11:03:59.959 D/wpa_supplicant(  694): wlan0: 10: 22:48:9a:ac:31:5b ssid='dean1' wpa_ie_len=0 rsn_ie_len=20 caps=0x431 level=-70
02-25 11:03:59.959 D/wpa_supplicant(  694): wlan0:    skip - SSID mismatch
02-25 11:03:59.959 D/wpa_supplicant(  694): wlan0: 11: 80:1f:02:43:fb:e8 ssid='Edimax AP' wpa_ie_len=0 rsn_ie_len=20 caps=0x411 level=-71
02-25 11:03:59.959 D/wpa_supplicant(  694): wlan0:    skip - SSID mismatch
02-25 11:03:59.959 D/wpa_supplicant(  694): wlan0: 12: cc:34:29:2c:fb:ec ssid='linksys' wpa_ie_len=22 rsn_ie_len=20 caps=0x431 level=-72 wps
02-25 11:03:59.959 D/wpa_supplicant(  694): wlan0:    skip - SSID mismatch
02-25 11:03:59.959 D/wpa_supplicant(  694): wlan0: 13: c0:a0:bb:20:3b:84 ssid='dlink-3B84' wpa_ie_len=26 rsn_ie_len=24 caps=0x411 level=-75 wps
02-25 11:03:59.959 D/wpa_supplicant(  694): wlan0:    skip - SSID mismatch
02-25 11:03:59.959 D/wpa_supplicant(  694): wlan0: 14: 00:0f:e2:0f:9f:c1 ssid='321_WAN' wpa_ie_len=28 rsn_ie_len=24 caps=0x411 level=-76
02-25 11:03:59.959 D/wpa_supplicant(  694): wlan0:    skip - SSID mismatch
02-25 11:03:59.959 D/wpa_supplicant(  694): wlan0: 15: 2c:b0:5d:7f:f4:24 ssid='NETGEAR38' wpa_ie_len=0 rsn_ie_len=20 caps=0x431 level=-88 wps
02-25 11:03:59.959 D/wpa_supplicant(  694): wlan0:    skip - SSID mismatch
02-25 11:03:59.959 D/wpa_supplicant(  694): wlan0: 16: 02:09:4c:d9:8b:51 ssid='DIRECT-' wpa_ie_len=0 rsn_ie_len=0 caps=0x410 level=-62
02-25 11:03:59.959 D/wpa_supplicant(  694): wlan0:    skip - SSID mismatch
02-25 11:03:59.959 D/wpa_supplicant(  694): wlan0: 17: 50:bd:5f:4b:29:92 ssid='Internet-2' wpa_ie_len=0 rsn_ie_len=0 caps=0x421 level=-63
02-25 11:03:59.959 D/wpa_supplicant(  694): wlan0:    skip - SSID mismatch
02-25 11:03:59.959 D/wpa_supplicant(  694): wlan0: No suitable network found
02-25 11:03:59.959 D/wpa_supplicant(  694): wlan0: Setting scan request: 40 sec 0 usec
02-25 11:03:59.959 D/wpa_supplicant(  694): wlan0: Checking for other virtual interfaces sharing same radio (phy0) in event_scan_results
02-25 11:03:59.959 D/wpa_supplicant(  694): p2p-dev-wlan0: Updating scan results from sibling
02-25 11:03:59.959 D/wpa_supplicant(  694): nl80211: Received scan results (18 BSSes)
02-25 11:03:59.959 D/wpa_supplicant(  694): nl80211: Survey data missing
02-25 11:03:59.959 D/wpa_supplicant(  694): p2p-dev-wlan0: BSS: Start scan result update 113
02-25 11:03:59.959 D/wpa_supplicant(  694): BSS: No P2P IE - skipping BSS f8:d1:11:e7:99:e8 update for P2P interface
02-25 11:03:59.959 D/wpa_supplicant(  694): BSS: No P2P IE - skipping BSS c8:d7:19:60:62:f2 update for P2P interface
02-25 11:03:59.959 D/wpa_supplicant(  694): BSS: No P2P IE - skipping BSS 02:1a:11:ff:f7:0a update for P2P interface
02-25 11:03:59.959 D/wpa_supplicant(  694): BSS: No P2P IE - skipping BSS cc:34:29:2b:26:4c update for P2P interface
02-25 11:03:59.959 D/wpa_supplicant(  694): BSS: No P2P IE - skipping BSS 10:c3:7b:d2:e5:e0 update for P2P interface
02-25 11:03:59.959 D/wpa_supplicant(  694): BSS: No P2P IE - skipping BSS 90:94:e4:03:45:f5 update for P2P interface
02-25 11:03:59.959 D/wpa_supplicant(  694): BSS: No P2P IE - skipping BSS 44:94:fc:3d:da:38 update for P2P interface
02-25 11:03:59.959 D/wpa_supplicant(  694): BSS: No P2P IE - skipping BSS b0:48:7a:51:ff:cc update for P2P interface
02-25 11:03:59.959 D/wpa_supplicant(  694): BSS: No P2P IE - skipping BSS 98:fc:11:81:35:fb update for P2P interface
02-25 11:03:59.959 D/wpa_supplicant(  694): BSS: No P2P IE - skipping BSS c4:17:fe:3f:4f:fb update for P2P interface
02-25 11:03:59.959 D/wpa_supplicant(  694): BSS: No P2P IE - skipping BSS 22:48:9a:ac:31:5b update for P2P interface
02-25 11:03:59.959 D/wpa_supplicant(  694): BSS: No P2P IE - skipping BSS 80:1f:02:43:fb:e8 update for P2P interface
02-25 11:03:59.959 D/wpa_supplicant(  694): BSS: No P2P IE - skipping BSS cc:34:29:2c:fb:ec update for P2P interface
02-25 11:03:59.959 D/wpa_supplicant(  694): BSS: No P2P IE - skipping BSS c0:a0:bb:20:3b:84 update for P2P interface
02-25 11:03:59.959 D/wpa_supplicant(  694): BSS: No P2P IE - skipping BSS 00:0f:e2:0f:9f:c1 update for P2P interface
02-25 11:03:59.959 D/wpa_supplicant(  694): BSS: No P2P IE - skipping BSS 2c:b0:5d:7f:f4:24 update for P2P interface
02-25 11:03:59.959 D/wpa_supplicant(  694): BSS: No P2P IE - skipping BSS 02:09:4c:d9:8b:51 update for P2P interface
02-25 11:03:59.959 D/wpa_supplicant(  694): BSS: No P2P IE - skipping BSS 50:bd:5f:4b:29:92 update for P2P interface
02-25 11:03:59.959 D/wpa_supplicant(  694): BSS: last_scan_res_used=0/0 last_scan_full=0
02-25 11:03:59.959 D/wpa_supplicant(  694): p2p-dev-wlan0: New scan results available
02-25 11:03:59.959 D/wpa_supplicant(  694): CTRL_IFACE monitor send - hexdump(len=39): 2f 64 61 74 61 2f 6d 69 73 63 2f 77 69 66 69 2f 73 6f 63 6b 65 74 73 2f 77 70 61 5f 63 74 72 6c ...
02-25 11:03:59.959 D/wpa_supplicant(  694): WPS: AP[0] f8:d1:11:e7:99:e8 type=0 tries=0 last_attempt=-1 sec ago blacklist=0
02-25 11:03:59.959 D/wpa_supplicant(  694): WPS: AP[1] cc:34:29:2c:fb:ec type=0 tries=0 last_attempt=-1 sec ago blacklist=0
02-25 11:03:59.959 D/wpa_supplicant(  694): WPS: AP[2] cc:34:29:2b:26:4c type=0 tries=0 last_attempt=-1 sec ago blacklist=0
02-25 11:03:59.959 D/wpa_supplicant(  694): WPS: AP[3] b0:48:7a:51:ff:cc type=0 tries=0 last_attempt=-1 sec ago blacklist=0
02-25 11:03:59.959 D/wpa_supplicant(  694): WPS: AP[4] c0:a0:bb:20:3b:84 type=0 tries=0 last_attempt=-1 sec ago blacklist=0
02-25 11:03:59.959 D/wpa_supplicant(  694): WPS: AP[5] 2c:b0:5d:7f:f4:24 type=0 tries=0 last_attempt=-1 sec ago blacklist=0
02-25 11:03:59.959 D/wpa_supplicant(  694): WPS: AP[6] 9c:21:6a:0d:eb:72 type=0 tries=0 last_attempt=-1 sec ago blacklist=0
02-25 11:03:59.959 D/wpa_supplicant(  694): WPS: AP[7] c8:d7:19:60:62:f2 type=0 tries=0 last_attempt=-1 sec ago blacklist=0
02-25 11:03:59.959 D/wpa_supplicant(  694): WPS: AP[8] 44:94:fc:3d:da:38 type=0 tries=0 last_attempt=-1 sec ago blacklist=0
02-25 11:03:59.959 D/wpa_supplicant(  694): WPS: AP[9] 10:c3:7b:d2:e5:e0 type=0 tries=0 last_attempt=-1 sec ago blacklist=0
02-25 11:03:59.959 D/wpa_supplicant(  694): p2p-dev-wlan0: No suitable network found
02-25 11:03:59.959 D/wpa_supplicant(  694): p2p-dev-wlan0: Short-circuit new scan request since there are no enabled networks
02-25 11:03:59.959 D/wpa_supplicant(  694): p2p-dev-wlan0: State: INACTIVE -> INACTIVE
02-25 11:03:59.959 D/wpa_supplicant(  694): wlan0: P2P: Station mode scan operation not pending anymore (sta_scan_pending=0 p2p_cb_on_scan_complete=0)
02-25 11:03:59.959 D/wpa_supplicant(  694): RX ctrl_iface - hexdump(len=25): 42 53 53 20 52 41 4e 47 45 3d 30 2d 20 4d 41 53 4b 3d 30 78 32 31 39 38 37
02-25 11:03:59.959 D/wpa_supplicant(  694): wlan0: Control interface command 'BSS RANGE=0- MASK=0x21987'
02-25 11:03:59.969 I/WifiHW  (  506): REPLY: id=0
02-25 11:03:59.969 I/WifiHW  (  506): REPLY: bssid=f8:d1:11:e7:99:e8
02-25 11:03:59.969 I/WifiHW  (  506): REPLY: freq=2437
02-25 11:03:59.969 I/WifiHW  (  506): REPLY: level=-41
02-25 11:03:59.969 I/WifiHW  (  506): REPLY: tsf=0000004614164994
02-25 11:03:59.969 I/WifiHW  (  506): REPLY: flags=[WPA-PSK-CCMP][WPA2-PSK-CCMP][WPS][ESS]
02-25 11:03:59.969 I/WifiHW  (  506): REPLY: ssid=videotest
02-25 11:03:59.969 I/WifiHW  (  506): REPLY: ====
02-25 11:03:59.969 I/WifiHW  (  506): EVENT: IFNAME=p2p-dev-wlan0 CTRL-EVENT-SCAN-RESULTS 
02-25 11:03:59.969 I/WifiHW  (  506): REPLY: id=1
02-25 11:03:59.969 I/WifiHW  (  506): REPLY: bssid=02:1a:11:ff:f7:0a
02-25 11:03:59.969 I/WifiHW  (  506): REPLY: freq=2437
02-25 11:03:59.969 I/WifiHW  (  506): REPLY: level=-50
02-25 11:03:59.969 I/WifiHW  (  506): REPLY: tsf=0000004614165007
02-25 11:03:59.969 I/WifiHW  (  506): REPLY: flags=[WPA2-PSK-CCMP][ESS]
02-25 11:03:59.969 I/WifiHW  (  506): REPLY: ssid=io1
02-25 11:03:59.969 I/WifiHW  (  506): REPLY: ====
02-25 11:03:59.969 I/WifiHW  (  506): REPLY: id=2
02-25 11:03:59.969 I/WifiHW  (  506): REPLY: bssid=cc:34:29:2c:fb:ec
02-25 11:03:59.969 I/WifiHW  (  506): REPLY: freq=2412
02-25 11:03:59.969 I/WifiHW  (  506): REPLY: level=-72
02-25 11:03:59.969 I/WifiHW  (  506): REPLY: tsf=0000004614164920
02-25 11:03:59.969 I/WifiHW  (  506): REPLY: flags=[WPA-PSK-CCMP][WPA2-PSK-CCMP][WPS][ESS]
02-25 11:03:59.969 I/WifiHW  (  506): REPLY: ssid=linksys
02-25 11:03:59.969 I/WifiHW  (  506): REPLY: ====
02-25 11:03:59.969 I/WifiHW  (  506): REPLY: id=3
02-25 11:03:59.969 I/WifiHW  (  506): REPLY: bssid=cc:34:29:2b:26:4c
02-25 11:03:59.969 I/WifiHW  (  506): REPLY: freq=2462
02-25 11:03:59.969 I/WifiHW  (  506): REPLY: level=-54
02-25 11:03:59.969 I/WifiHW  (  506): REPLY: tsf=0000004614165091
02-25 11:03:59.969 I/WifiHW  (  506): REPLY: flags=[WPA2-PSK-CCMP][WPS][ESS]
02-25 11:03:59.969 I/WifiHW  (  506): REPLY: ssid=cws-test
02-25 11:03:59.969 I/WifiHW  (  506): REPLY: ====
02-25 11:03:59.969 I/WifiHW  (  506): REPLY: id=4
02-25 11:03:59.969 I/WifiHW  (  506): REPLY: bssid=90:94:e4:03:45:f5
02-25 11:03:59.969 I/WifiHW  (  506): REPLY: freq=2422
02-25 11:03:59.969 I/WifiHW  (  506): REPLY: level=-57
02-25 11:03:59.969 I/WifiHW  (  506): REPLY: tsf=0000004614164947
02-25 11:03:59.969 I/WifiHW  (  506): REPLY: flags=[WPA2-PSK-CCMP+TKIP][ESS]
02-25 11:03:59.969 I/WifiHW  (  506): REPLY: ssid=DAP-2553_D
02-25 11:03:59.969 I/WifiHW  (  506): REPLY: ====
02-25 11:03:59.969 I/WifiHW  (  506): REPLY: id=5
02-25 11:03:59.969 I/WifiHW  (  506): REPLY: bssid=98:fc:11:81:35:fb
02-25 11:03:59.969 I/WifiHW  (  506): REPLY: freq=2412
02-25 11:03:59.969 I/WifiHW  (  506): REPLY: level=-64
02-25 11:03:59.969 I/WifiHW  (  506): REPLY: tsf=0000004614164910
02-25 11:03:59.969 I/WifiHW  (  506): REPLY: flags=[WPA2-EAP-CCMP-preauth][ESS]
02-25 11:03:59.969 I/WifiHW  (  506): REPLY: ssid=E2000EE
02-25 11:03:59.969 I/WifiHW  (  506): REPLY: ====
02-25 11:03:59.969 I/WifiHW  (  506): REPLY: id=6
02-25 11:03:59.969 I/WifiHW  (  506): REPLY: bssid=80:1f:02:43:fb:e8
02-25 11:03:59.969 I/WifiHW  (  506): REPLY: freq=2412
02-25 11:03:59.969 I/WifiHW  (  506): REPLY: level=-71
02-25 11:03:59.969 I/WifiHW  (  506): REPLY: tsf=0000004614164930
02-25 11:03:59.969 I/WifiHW  (  506): REPLY: flags=[WPA2-PSK-CCMP-preauth][ESS]
02-25 11:03:59.969 I/WifiHW  (  506): REPLY: ssid=Edimax AP
02-25 11:03:59.969 I/WifiHW  (  506): REPLY: ====
02-25 11:03:59.969 I/WifiHW  (  506): REPLY: id=8
02-25 11:03:59.969 I/WifiHW  (  506): REPLY: bssid=b0:48:7a:51:ff:cc
02-25 11:03:59.969 I/WifiHW  (  506): REPLY: freq=2452
02-25 11:03:59.969 I/WifiHW  (  506): REPLY: level=-60
02-25 11:03:59.969 I/WifiHW  (  506): REPLY: tsf=0000004614165063
02-25 11:03:59.969 I/WifiHW  (  506): REPLY: flags=[WPA-PSK-CCMP][WPA2-PSK-CCMP][WPS][ESS]
02-25 11:03:59.969 I/WifiHW  (  506): REPLY: ssid=Neusoft TP
02-25 11:03:59.969 I/WifiHW  (  506): REPLY: ====
02-25 11:03:59.969 I/WifiHW  (  506): REPLY: id=17
02-25 11:03:59.969 I/WifiHW  (  506): REPLY: bssid=50:bd:5f:4b:29:92
02-25 11:03:59.969 I/WifiHW  (  506): REPLY: freq=2437
02-25 11:03:59.969 I/WifiHW  (  506): REPLY: level=-63
02-25 11:03:59.969 I/WifiHW  (  506): REPLY: tsf=0000004614165025
02-25 11:03:59.969 I/WifiHW  (  506): REPLY: flags=[ESS]
02-25 11:03:59.969 I/WifiHW  (  506): REPLY: ssid=Internet-2
02-25 11:03:59.969 I/WifiHW  (  506): REPLY: ====
02-25 11:03:59.969 I/WifiHW  (  506): REPLY: id=29
02-25 11:03:59.969 I/WifiHW  (  506): REPLY: bssid=c8:d7:19:60:62:f2
02-25 11:03:59.969 I/WifiHW  (  506): REPLY: freq=2437
02-25 11:03:59.969 I/WifiHW  (  506): REPLY: level=-44
02-25 11:03:59.969 I/WifiHW  (  506): REPLY: tsf=0000004614165016
02-25 11:03:59.969 I/WifiHW  (  506): REPLY: flags=[WPA2-PSK-CCMP][WPS][ESS]
02-25 11:03:59.969 I/WifiHW  (  506): REPLY: ssid=E3000-2.4G
02-25 11:03:59.969 I/WifiHW  (  506): REPLY: ====
02-25 11:03:59.969 I/WifiHW  (  506): REPLY: id=31
02-25 11:03:59.969 I/WifiHW  (  506): REPLY: bssid=44:94:fc:3d:da:38
02-25 11:03:59.969 I/WifiHW  (  506): REPLY: freq=2462
02-25 11:03:59.969 I/WifiHW  (  506): REPLY: level=-58
02-25 11:03:59.969 I/WifiHW  (  506): REPLY: tsf=0000004614165082
02-25 11:03:59.969 I/WifiHW  (  506): REPLY: flags=[WPA2-EAP-CCMP-preauth][WPS][ESS]
02-25 11:03:59.969 I/WifiHW  (  506): REPLY: ssid=6300
02-25 11:03:59.969 I/WifiHW  (  506): REPLY: ====
02-25 11:03:59.969 I/WifiHW  (  506): REPLY: id=32
02-25 11:03:59.969 I/WifiHW  (  506): REPLY: bssid=10:c3:7b:d2:e5:e0
02-25 11:03:59.969 I/WifiHW  (  506): REPLY: freq=2462
02-25 11:03:59.969 I/WifiHW  (  506): REPLY: level=-55
02-25 11:03:59.969 I/WifiHW  (  506): REPLY: tsf=0000004614165072
02-25 11:03:59.969 I/WifiHW  (  506): REPLY: flags=[WPA2-PSK-CCMP][WPS][ESS]
02-25 11:03:59.969 I/WifiHW  (  506): REPLY: ssid=ASUS_RT-AC66U-2.4G
02-25 11:03:59.969 I/WifiHW  (  506): REPLY: ====
02-25 11:03:59.969 I/WifiHW  (  506): REPLY: id=80
02-25 11:03:59.969 I/WifiHW  (  506): REPLY: bssid=c4:17:fe:3f:4f:fb
02-25 11:03:59.969 I/WifiHW  (  506): REPLY: freq=2437
02-25 11:03:59.969 I/WifiHW  (  506): REPLY: level=-66
02-25 11:03:59.969 I/WifiHW  (  506): REPLY: tsf=0000004614165043
02-25 11:03:59.969 I/WifiHW  (  506): REPLY: flags=[WPA2-PSK-CCMP][ESS]
02-25 11:03:59.969 I/WifiHW  (  506): REPLY: ssid=cmcm
02-25 11:03:59.969 I/WifiHW  (  506): REPLY: ====
02-25 11:03:59.969 I/WifiHW  (  506): REPLY: id=96
02-25 11:03:59.969 I/WifiHW  (  506): REPLY: bssid=22:48:9a:ac:31:5b
02-25 11:03:59.969 I/WifiHW  (  506): REPLY: freq=2437
02-25 11:03:59.969 I/WifiHW  (  506): REPLY: level=-70
02-25 11:03:59.969 I/WifiHW  (  506): REPLY: tsf=0000004614165052
02-25 11:03:59.969 I/WifiHW  (  506): REPLY: flags=[WPA2-PSK-CCMP][ESS]
02-25 11:03:59.969 I/WifiHW  (  506): REPLY: ssid=dean1
02-25 11:03:59.969 I/WifiHW  (  506): REPLY: ====
02-25 11:03:59.969 I/WifiHW  (  506): REPLY: id=122
02-25 11:03:59.969 I/WifiHW  (  506): REPLY: bssid=c0:a0:bb:20:3b:84
02-25 11:03:59.969 I/WifiHW  (  506): REPLY: freq=2417
02-25 11:03:59.969 I/WifiHW  (  506): REPLY: level=-75
02-25 11:03:59.969 I/WifiHW  (  506): REPLY: tsf=0000004614164956
02-25 11:03:59.969 I/WifiHW  (  506): REPLY: flags=[WPA-PSK-CCMP+TKIP][WPA2-PSK-CCMP+TKIP][WPS][ESS]
02-25 11:03:59.969 I/WifiHW  (  506): REPLY: ssid=dlink-3B84
02-25 11:03:59.969 I/WifiHW  (  506): REPLY: ====
02-25 11:03:59.969 I/WifiHW  (  506): REPLY: id=142
02-25 11:03:59.969 I/WifiHW  (  506): REPLY: bssid=e4:d3:32:c0:cf:a4
02-25 11:03:59.969 I/WifiHW  (  506): REPLY: freq=2437
02-25 11:03:59.969 I/WifiHW  (  506): REPLY: level=-67
02-25 11:03:59.969 I/WifiHW  (  506): REPLY: tsf=0000004572926737
02-25 11:03:59.969 I/WifiHW  (  506): REPLY: flags=[WPA2-PSK-CCMP][ESS]
02-25 11:03:59.969 I/WifiHW  (  506): REPLY: ssid=fast
02-25 11:03:59.969 I/WifiHW  (  506): REPLY: ====
02-25 11:03:59.969 I/WifiHW  (  506): REPLY: id=145
02-25 11:03:59.969 I/WifiHW  (  506): REPLY: bssid=00:0f:e2:0f:9f:c1
02-25 11:03:59.969 I/WifiHW  (  506): REPLY: freq=2462
02-25 11:03:59.969 I/WifiHW  (  506): REPLY: level=-76
02-25 11:03:59.969 I/WifiHW  (  506): REPLY: tsf=0000004614165099
02-25 11:03:59.969 I/WifiHW  (  506): REPLY: flags=[WPA-PSK-CCMP+TKIP][WPA2-PSK-CCMP+TKIP][ESS]
02-25 11:03:59.969 I/WifiHW  (  506): REPLY: ssid=321_WAN
02-25 11:03:59.969 I/WifiHW  (  506): REPLY: ====
02-25 11:03:59.969 I/WifiHW  (  506): REPLY: id=146
02-25 11:03:59.969 I/WifiHW  (  506): REPLY: bssid=cc:b2:55:e2:84:70
02-25 11:03:59.969 I/WifiHW  (  506): REPLY: freq=2447
02-25 11:03:59.969 I/WifiHW  (  506): REPLY: level=-64
02-25 11:03:59.969 I/WifiHW  (  506): REPLY: tsf=0000004572926758
02-25 11:03:59.969 I/WifiHW  (  506): REPLY: flags=[WPA-PSK-TKIP][WPA2-PSK-TKIP][ESS]
02-25 11:03:59.969 I/WifiHW  (  506): REPLY: ssid=DLINK_APK
02-25 11:03:59.969 I/WifiHW  (  506): REPLY: ====
02-25 11:03:59.969 I/WifiHW  (  506): REPLY: id=148
02-25 11:03:59.969 I/WifiHW  (  506): REPLY: bssid=2c:b0:5d:7f:f4:24
02-25 11:03:59.969 I/WifiHW  (  506): REPLY: freq=2412
02-25 11:03:59.969 I/WifiHW  (  506): REPLY: level=-88
02-25 11:03:59.969 I/WifiHW  (  506): REPLY: tsf=0000004614164939
02-25 11:03:59.969 I/WifiHW  (  506): REPLY: flags=[WPA2-PSK-CCMP][WPS][ESS]
02-25 11:03:59.969 I/WifiHW  (  506): REPLY: ssid=NETGEAR38
02-25 11:03:59.969 I/WifiHW  (  506): REPLY: ====
02-25 11:03:59.969 I/WifiHW  (  506): REPLY: id=150
02-25 11:03:59.969 I/WifiHW  (  506): REPLY: bssid=02:09:4c:d9:8b:51
02-25 11:03:59.969 I/WifiHW  (  506): REPLY: freq=2412
02-25 11:03:59.969 I/WifiHW  (  506): REPLY: level=-62
02-25 11:03:59.969 I/WifiHW  (  506): REPLY: tsf=0000004614165033
02-25 11:03:59.969 I/WifiHW  (  506): REPLY: flags=[WEP]
02-25 11:03:59.969 I/WifiHW  (  506): REPLY: ssid=DIRECT-
02-25 11:03:59.969 I/WifiHW  (  506): REPLY: ####
02-25 11:03:59.999 D/Clock   (  571): ACTION_TIME_TICK
02-25 11:03:59.999 D/Clock   (  571): update clock:11:04
02-25 11:04:00.009 D/BatteryStatsImpl(  506): noteStopWakeLocked system isFromForeground = false
02-25 11:04:00.479 W/BindingManager(11670): Cannot call determinedVisibility() - never saw a connection for the pid: 11670
02-25 11:04:00.499 D/PROPERTY(  186): get media.dump_input.befconv: 0
02-25 11:04:00.499 D/PROPERTY(  186): get media.dump_input.aftconv: 0
02-25 11:04:00.499 D/RouteManager(  186): stopStream: {+++ RECONSIDER ROUTING +++} due to output stream stop event
02-25 11:04:00.499 D/RouteManager(  186): reconsiderRouting
02-25 11:04:00.499 D/EVENT_THREAD(  186): void CEventThread::trig(uint16_t): in
02-25 11:04:00.499 D/EVENT_THREAD(  186): void CEventThread::trig(uint16_t): out
02-25 11:04:00.499 D/RouteManager(  186): doReconsiderRouting:       Platform State:
02-25 11:04:00.499 D/RouteManager(  186): doReconsiderRouting:          -Modem Alive = 0 
02-25 11:04:00.499 D/RouteManager(  186): doReconsiderRouting:          -Modem Call Active = 0 
02-25 11:04:00.499 D/RouteManager(  186): doReconsiderRouting:          -Is Shared I2S glitch free=1 
02-25 11:04:00.499 D/RouteManager(  186): doReconsiderRouting:          -Android Telephony Mode = InVoipCall 
02-25 11:04:00.499 D/RouteManager(  186): doReconsiderRouting:          -RTE MGR HW Mode = InVoipCall 
02-25 11:04:00.499 D/RouteManager(  186): doReconsiderRouting:          -BT Enabled = 1 
02-25 11:04:00.499 D/RouteManager(  186): doReconsiderRouting:          -BT NREC = 0 
02-25 11:04:00.499 D/RouteManager(  186): doReconsiderRouting:          -BT Band = NB 
02-25 11:04:00.499 D/RouteManager(  186): doReconsiderRouting:          -Platform output device = IHF 
02-25 11:04:00.499 D/RouteManager(  186): doReconsiderRouting:          -Platform input device = Main 
02-25 11:04:00.499 D/RouteManager(  186): doReconsiderRouting:          -Platform input source = VoiceCommunication 
02-25 11:04:00.499 D/RouteManager(  186): doReconsiderRouting:          -Platform Band type = WB 
02-25 11:04:00.499 D/RouteManager(  186): doReconsiderRouting:          -Platform Has Direct Stream = no 
02-25 11:04:00.499 D/RouteManager(  186): doReconsiderRouting:          -Platform TTY direction = <none> 
02-25 11:04:00.499 D/RouteManager(  186): doReconsiderRouting:          -Platform HAC Mode = Off 
02-25 11:04:00.499 D/RouteManager(  186): doReconsiderRouting:          -Platform Screen State = On 
02-25 11:04:00.499 D/RouteManager(  186): doReconsiderRouting:          -Platform Context Awareness = false 
02-25 11:04:00.499 D/RouteManager(  186): doReconsiderRouting:          -Platform Always Listening = false 
02-25 11:04:00.499 D/RouteManager(  186): doReconsiderRouting:          -Platform FM State = Off 
02-25 11:04:00.499 D/RouteManager(  186): doReconsiderRouting:          -Platform Bypass Non Linear PP State = Off 
02-25 11:04:00.499 D/RouteManager(  186): doReconsiderRouting:          -Platform Bypass Linear PP State = Off 
02-25 11:04:00.499 D/RouteManager(  186): doReconsiderRouting:          -Platform MicMute = Off 
02-25 11:04:00.499 D/RouteManager(  186): doReconsiderRouting:      Route state:
02-25 11:04:00.499 D/RouteManager(  186): doReconsiderRouting:          -Previously Enabled Route in Input = Media|HwCodecMedia
02-25 11:04:00.499 D/RouteManager(  186): doReconsiderRouting:          -Previously Enabled Route in Output = <none>
02-25 11:04:00.499 D/RouteManager(  186): doReconsiderRouting:          -Selected Route in Input = <none>
02-25 11:04:00.499 D/RouteManager(  186): doReconsiderRouting:          -Selected Route in Output = <none>
02-25 11:04:00.499 D/RouteManager(  186): doReconsiderRouting:          -Route that need reconfiguration in Input = <none>
02-25 11:04:00.499 D/RouteManager(  186): doReconsiderRouting:          -Route that need reconfiguration in Output = <none>
02-25 11:04:00.499 D/RouteManager(  186): executeMuteStage: --------------- Routing Stage = Mute ---------------
02-25 11:04:00.499 D/RouteManager(  186): parameter-framework: Selection criterion changed event: Criterion name: RoutageState, current state: Flow
02-25 11:04:00.499 D/RouteManager(  186): muteRoutes: Expected Routes to be muted in Input = Media|HwCodecMedia
02-25 11:04:00.499 D/RouteManager(  186): parameter-framework: Selection criterion changed event: Criterion name: ClosingCaptureRoutes, current state: Media|HwCodecMedia
02-25 11:04:00.499 D/RouteManager(  186): parameter-framework: Selection criterion changed event: Criterion name: OpenedCaptureRoutes, current state: <none>
02-25 11:04:00.499 D/RouteManager(  186): parameter-framework: Configuration application request {
02-25 11:04:00.499 D/RouteManager(  186): parameter-framework:     Applying configurations {
02-25 11:04:00.499 D/RouteManager(  186): parameter-framework:         Applying configuration "Mute" from domain "Routing.Mute.HWCodec.Capture"
02-25 11:04:00.509 D/RouteManager(  186): parameter-framework:     } Applying configurations
02-25 11:04:00.509 D/RouteManager(  186): parameter-framework: } Configuration application request
02-25 11:04:00.509 D/RouteManager(  186): executeDisableStage: --------------- Routing Stage = Disable ---------------
02-25 11:04:00.509 D/RouteManager(  186): parameter-framework: Selection criterion changed event: Criterion name: RoutageState, current state: Path
02-25 11:04:00.509 D/RouteManager(  186): prepareDisableRoutes: Routes to be disabled(unrouted) in Input = Media|HwCodecMedia
02-25 11:04:00.509 D/AudioStreamInALSA(  186): checkAndRemoveAudioEffects list contains 0 effects
02-25 11:04:00.509 D/ALSAStreamOps(  186): detachRouteL input stream
02-25 11:04:00.509 D/RouteManager/StreamRoute(  186): closePcmDevice called for card (baytrailaudio,0)
02-25 11:04:00.529 D/RouteManager(  186): parameter-framework: Configuration application request {
02-25 11:04:00.529 D/RouteManager(  186): parameter-framework:     Applying configurations {
02-25 11:04:00.529 D/RouteManager(  186): parameter-framework:     } Applying configurations
02-25 11:04:00.529 D/RouteManager(  186): parameter-framework: } Configuration application request
02-25 11:04:00.529 D/RouteManager(  186): executeConfigureStage: --------------- Routing Stage = Configure ---------------
02-25 11:04:00.529 D/RouteManager(  186): parameter-framework: Selection criterion changed event: Criterion name: RoutageState, current state: Configure
02-25 11:04:00.529 D/RouteManager(  186): parameter-framework: Selection criterion changed event: Criterion name: ClosingCaptureRoutes, current state: <none>
02-25 11:04:00.529 D/RouteManager(  186): parameter-framework: Configuration application request {
02-25 11:04:00.529 D/RouteManager(  186): parameter-framework:     Applying configurations {
02-25 11:04:00.529 D/RouteManager(  186): parameter-framework:         Applying configuration "Disable" from domain "Routing.Configure.HwCodec.Capture.AllMics"
02-25 11:04:00.529 D/RouteManager(  186): parameter-framework:     } Applying configurations
02-25 11:04:00.529 D/RouteManager(  186): parameter-framework: } Configuration application request
02-25 11:04:00.529 D/RouteManager(  186): executeEnableStage: --------------- Routing Stage = Enable ---------------
02-25 11:04:00.529 D/RouteManager(  186): parameter-framework: Selection criterion changed event: Criterion name: RoutageState, current state: Path|Configure
02-25 11:04:00.529 D/RouteManager(  186): parameter-framework: Configuration application request {
02-25 11:04:00.529 D/RouteManager(  186): parameter-framework:     Applying configurations {
02-25 11:04:00.529 D/RouteManager(  186): parameter-framework:     } Applying configurations
02-25 11:04:00.529 D/RouteManager(  186): parameter-framework: } Configuration application request
02-25 11:04:00.529 D/RouteManager(  186): executeUnmuteStage: --------------- Routing Stage = Unmute ---------------
02-25 11:04:00.529 D/RouteManager(  186): parameter-framework: Selection criterion changed event: Criterion name: RoutageState, current state: Flow|Path|Configure
02-25 11:04:00.529 D/RouteManager(  186): parameter-framework: Configuration application request {
02-25 11:04:00.529 D/RouteManager(  186): parameter-framework:     Applying configurations {
02-25 11:04:00.529 D/RouteManager(  186): parameter-framework:     } Applying configurations
02-25 11:04:00.529 D/RouteManager(  186): parameter-framework: } Configuration application request
02-25 11:04:00.529 D/EVENT_THREAD(  186): void CEventThread::run() Do poll with timeout: -1
02-25 11:04:00.529 D/RouteManager(  186): reconsiderRouting: DONE
02-25 11:04:00.529 D/AudioStreamInALSA(  186): setParameters in.
02-25 11:04:00.529 D/AudioHardwareALSA(  186): setStreamParameters: key value pair routing=0
02-25 11:04:00.529 D/RouteManager(  186): setDevices: 0x0
02-25 11:04:00.529 D/RouteManager(  186): setDevices: 0x0
02-25 11:04:00.529 D/RouteManager(  186): setDevices: set device = <none> to input stream
02-25 11:04:00.529 D/RouteManager(  186): setInputSourceMask: inputSource = None
02-25 11:04:00.529 D/RouteManager(  186): setStreamParameters: {+++ RECONSIDER ROUTING +++} due to input stream parameter change
02-25 11:04:00.529 D/RouteManager(  186): reconsiderRouting
02-25 11:04:00.529 D/EVENT_THREAD(  186): void CEventThread::trig(uint16_t): in
02-25 11:04:00.529 D/EVENT_THREAD(  186): void CEventThread::trig(uint16_t): out
02-25 11:04:00.529 D/RouteManager(  186): doReconsiderRouting:       Platform Changes:
02-25 11:04:00.529 D/RouteManager(  186): doReconsiderRouting:          -Platform input device = <none> [has changed]
02-25 11:04:00.529 D/RouteManager(  186): doReconsiderRouting:          -Platform input source = None [has changed]
02-25 11:04:00.529 D/EVENT_THREAD(  186): void CEventThread::run() Do poll with timeout: -1
02-25 11:04:00.529 D/RouteManager(  186): reconsiderRouting: DONE
02-25 11:04:00.529 D/AudioPolicyManagerALSA(  186): releaseInput(input 98) mInputs.size() = 0
02-25 11:04:00.529 D/AudioHardwareInterface(  186): setMode(NORMAL)
02-25 11:04:00.539 D/AudioHardwareALSA(  186): setStreamParameters: key value pair routing=2;stream_flags=2
02-25 11:04:00.539 D/RouteManager(  186): setOutputFlags: output flags = 0x2 (Prev Flags=0x2)
02-25 11:04:00.539 D/RouteManager(  186): setDevices: 0x2
02-25 11:04:00.539 D/RouteManager(  186): setDevices: 0x2
02-25 11:04:00.539 D/RouteManager(  186): setDevices: set device = IHF to output stream
02-25 11:04:00.539 D/RouteManager(  186): setStreamParameters: {+++ RECONSIDER ROUTING +++} due to output stream parameter change
02-25 11:04:00.539 D/RouteManager(  186): reconsiderRouting
02-25 11:04:00.539 D/EVENT_THREAD(  186): void CEventThread::trig(uint16_t): in
02-25 11:04:00.539 D/EVENT_THREAD(  186): void CEventThread::trig(uint16_t): out
02-25 11:04:00.539 D/RouteManager(  186): doReconsiderRouting:       Platform Changes:
02-25 11:04:00.539 D/RouteManager(  186): doReconsiderRouting:          -Android Telephony Mode = Normal [has changed]
02-25 11:04:00.539 D/RouteManager(  186): doReconsiderRouting:          -RTE MGR HW Mode = Normal [has changed]
02-25 11:04:00.539 D/EVENT_THREAD(  186): void CEventThread::run() Do poll with timeout: -1
02-25 11:04:00.539 D/RouteManager(  186): reconsiderRouting: DONE
02-25 11:04:00.559 D/AudioHardwareInterface(  186): setMode(IN_COMMUNICATION)
02-25 11:04:00.559 I/chromium(11670): [INFO:CONSOLE(63)] "Uncaught TypeError: Failed to execute 'getStats' on 'RTCPeerConnection': The callback provided as parameter 1 is not a function.", source: file:///android_asset/www//opt/webapi-webrtc-w3c-tests/webrtc/RTCStatsReport_RTCStats_basic.html (63)
02-25 11:04:00.569 D/AudioHardwareALSA(  186): setStreamParameters: key value pair routing=2;stream_flags=2
02-25 11:04:00.569 D/RouteManager(  186): setOutputFlags: output flags = 0x2 (Prev Flags=0x2)
02-25 11:04:00.569 D/RouteManager(  186): setDevices: 0x2
02-25 11:04:00.569 D/RouteManager(  186): setDevices: 0x2
02-25 11:04:00.569 D/RouteManager(  186): setDevices: set device = IHF to output stream
02-25 11:04:00.569 D/RouteManager(  186): setStreamParameters: {+++ RECONSIDER ROUTING +++} due to output stream parameter change
02-25 11:04:00.569 D/RouteManager(  186): reconsiderRouting
02-25 11:04:00.569 D/EVENT_THREAD(  186): void CEventThread::trig(uint16_t): in
02-25 11:04:00.569 D/EVENT_THREAD(  186): void CEventThread::trig(uint16_t): out
02-25 11:04:00.569 D/RouteManager(  186): doReconsiderRouting:       Platform Changes:
02-25 11:04:00.569 D/RouteManager(  186): doReconsiderRouting:          -Android Telephony Mode = InVoipCall [has changed]
02-25 11:04:00.569 D/RouteManager(  186): doReconsiderRouting:          -RTE MGR HW Mode = InVoipCall [has changed]
02-25 11:04:00.569 D/EVENT_THREAD(  186): void CEventThread::run() Do poll with timeout: -1
02-25 11:04:00.569 D/RouteManager(  186): reconsiderRouting: DONE
02-25 11:04:00.579 D/AudioHardwareALSA(  186): openInputStream: IN
02-25 11:04:00.579 D/ALSAStreamOps(  186): set(requested channels: 0x10 (popcount returns 1))
02-25 11:04:00.579 D/ALSAStreamOps(  186): set: set channels to 0x10
02-25 11:04:00.579 D/ALSAStreamOps(  186): set(requested rate: 48000))
02-25 11:04:00.579 D/ALSAStreamOps(  186): set: set rate to 48000
02-25 11:04:00.579 D/ALSAStreamOps(  186): set(requested format: 1))
02-25 11:04:00.579 D/ALSAStreamOps(  186): set : set format to 1 (1)
02-25 11:04:00.579 D/ALSAStreamOps(  186): set() -- OUT
02-25 11:04:00.579 D/AudioHardwareALSA(  186): openInputStream: OUT status=0
02-25 11:04:00.579 D/ALSAStreamOps(  186): getBufferSize: 2208 (in bytes) for input stream
02-25 11:04:00.579 E/chromium(11670): [ERROR:audio_record_input.cc(129)] Not implemented reached in virtual bool media::AudioRecordInputStream::SetAutomaticGainControl(bool)
02-25 11:04:00.579 I/AudioPolicyManagerALSA(  186): startInput: input 100
02-25 11:04:00.579 D/AudioStreamInALSA(  186): setParameters in.
02-25 11:04:00.579 D/AudioHardwareALSA(  186): setStreamParameters: key value pair input_source=7;routing=262144
02-25 11:04:00.579 D/RouteManager(  186): setDevices: 0x40000
02-25 11:04:00.579 D/RouteManager(  186): setDevices: 0x40000
02-25 11:04:00.579 D/RouteManager(  186): setDevices: set device = Main to input stream
02-25 11:04:00.579 D/RouteManager(  186): setInputSourceMask: inputSource = VoiceCommunication
02-25 11:04:00.579 D/RouteManager(  186): setStreamParameters: {+++ RECONSIDER ROUTING +++} due to input stream parameter change
02-25 11:04:00.579 D/RouteManager(  186): reconsiderRouting
02-25 11:04:00.579 D/EVENT_THREAD(  186): void CEventThread::trig(uint16_t): in
02-25 11:04:00.579 D/EVENT_THREAD(  186): void CEventThread::trig(uint16_t): out
02-25 11:04:00.579 D/RouteManager(  186): doReconsiderRouting:       Platform Changes:
02-25 11:04:00.579 D/RouteManager(  186): doReconsiderRouting:          -Platform input device = Main [has changed]
02-25 11:04:00.579 D/RouteManager(  186): doReconsiderRouting:          -Platform input source = VoiceCommunication [has changed]
02-25 11:04:00.579 D/EVENT_THREAD(  186): void CEventThread::run() Do poll with timeout: -1
02-25 11:04:00.579 D/RouteManager(  186): reconsiderRouting: DONE
02-25 11:04:00.579 D/PROPERTY(  186): get media.dump_input.befconv: 0
