02-25 17:15:47.239 D/wpa_supplicant(  642): wlan0: 14: 7a:24:af:1e:df:58 ssid='DIRECT-' wpa_ie_len=0 rsn_ie_len=0 caps=0x410 level=-50
02-25 17:15:47.239 D/wpa_supplicant(  642): wlan0:    skip - SSID mismatch
02-25 17:15:47.239 D/wpa_supplicant(  642): wlan0: 15: 7a:24:af:24:0f:48 ssid='DIRECT-' wpa_ie_len=0 rsn_ie_len=0 caps=0x410 level=-50
02-25 17:15:47.239 D/wpa_supplicant(  642): wlan0:    skip - SSID mismatch
02-25 17:15:47.239 D/wpa_supplicant(  642): wlan0: 16: 98:fc:11:81:35:fb ssid='E2000EE' wpa_ie_len=0 rsn_ie_len=0 caps=0x401 level=-65 wps
02-25 17:15:47.239 D/wpa_supplicant(  642): wlan0:    skip - SSID mismatch
02-25 17:15:47.239 D/wpa_supplicant(  642): wlan0: 17: 50:bd:5f:4b:29:92 ssid='Internet-2' wpa_ie_len=0 rsn_ie_len=0 caps=0x421 level=-68
02-25 17:15:47.239 D/wpa_supplicant(  642): wlan0:    skip - SSID mismatch
02-25 17:15:47.239 D/wpa_supplicant(  642): wlan0: Selecting BSS from priority group 18
02-25 17:15:47.239 D/wpa_supplicant(  642): wlan0: 0: f8:d1:11:e7:99:e8 ssid='videotest' wpa_ie_len=22 rsn_ie_len=20 caps=0x531 level=-51 wps
02-25 17:15:47.239 D/wpa_supplicant(  642): wlan0:    skip - SSID mismatch
02-25 17:15:47.239 D/wpa_supplicant(  642): wlan0: 1: 44:94:fc:3d:da:38 ssid='6300' wpa_ie_len=0 rsn_ie_len=20 caps=0x411 level=-53 wps
02-25 17:15:47.239 D/wpa_supplicant(  642): wlan0:    skip - SSID mismatch
02-25 17:15:47.239 D/wpa_supplicant(  642): wlan0: 2: c8:d7:19:60:62:f2 ssid='E3000-2.4G' wpa_ie_len=0 rsn_ie_len=20 caps=0x411 level=-54 wps
02-25 17:15:47.239 D/wpa_supplicant(  642): wlan0:    skip - SSID mismatch
02-25 17:15:47.239 D/wpa_supplicant(  642): wlan0: 3: cc:34:29:2b:26:4c ssid='cws-test' wpa_ie_len=0 rsn_ie_len=20 caps=0x431 level=-55 wps
02-25 17:15:47.239 D/wpa_supplicant(  642): wlan0:    skip - SSID mismatch
02-25 17:15:47.239 D/wpa_supplicant(  642): wlan0: 4: 02:1a:11:ff:f7:0a ssid='io1' wpa_ie_len=0 rsn_ie_len=20 caps=0x431 level=-55
02-25 17:15:47.239 D/wpa_supplicant(  642): wlan0:    skip - SSID mismatch
02-25 17:15:47.239 D/wpa_supplicant(  642): wlan0: 5: 10:c3:7b:d2:e5:e0 ssid='ASUS_RT-AC66U-2.4G' wpa_ie_len=0 rsn_ie_len=20 caps=0x411 level=-56 wps
02-25 17:15:47.239 D/wpa_supplicant(  642): wlan0:    skip - SSID mismatch
02-25 17:15:47.239 D/wpa_supplicant(  642): wlan0: 6: 02:09:4c:a9:a9:11 ssid='DIRECT-aW-Android_e09d' wpa_ie_len=0 rsn_ie_len=20 caps=0x411 level=-61 wps
02-25 17:15:47.239 D/wpa_supplicant(  642): wlan0:    skip - SSID mismatch
02-25 17:15:47.239 D/wpa_supplicant(  642): wlan0: 7: 90:94:e4:03:45:f5 ssid='DAP-2553_D' wpa_ie_len=0 rsn_ie_len=24 caps=0x431 level=-62
02-25 17:15:47.239 D/wpa_supplicant(  642): wlan0:    skip - SSID mismatch
02-25 17:15:47.239 D/wpa_supplicant(  642): wlan0: 8: c4:17:fe:3f:4f:fb ssid='cmcm' wpa_ie_len=0 rsn_ie_len=20 caps=0x511 level=-66
02-25 17:15:47.239 D/wpa_supplicant(  642): wlan0:    skip - SSID mismatch
02-25 17:15:47.239 D/wpa_supplicant(  642): wlan0: 9: b0:48:7a:51:ff:cc ssid='Neusoft TP' wpa_ie_len=22 rsn_ie_len=20 caps=0x431 level=-68
02-25 17:15:47.239 D/wpa_supplicant(  642): wlan0:    skip - SSID mismatch
02-25 17:15:47.239 D/wpa_supplicant(  642): wlan0: 10: 80:1f:02:43:fb:e8 ssid='Edimax AP' wpa_ie_len=0 rsn_ie_len=20 caps=0x411 level=-71
02-25 17:15:47.239 D/wpa_supplicant(  642): wlan0:    skip - SSID mismatch
02-25 17:15:47.239 D/wpa_supplicant(  642): wlan0: 11: 00:0f:e2:0f:9f:c1 ssid='321_WAN' wpa_ie_len=28 rsn_ie_len=24 caps=0x411 level=-72
02-25 17:15:47.239 D/wpa_supplicant(  642): wlan0:    skip - SSID mismatch
02-25 17:15:47.239 D/wpa_supplicant(  642): wlan0: 12: c0:a0:bb:20:3b:84 ssid='dlink-3B84' wpa_ie_len=26 rsn_ie_len=24 caps=0x411 level=-72 wps
02-25 17:15:47.239 D/wpa_supplicant(  642): wlan0:    skip - SSID mismatch
02-25 17:15:47.239 D/wpa_supplicant(  642): wlan0: 13: cc:34:29:2c:fb:ec ssid='linksys' wpa_ie_len=22 rsn_ie_len=20 caps=0x431 level=-73 wps
02-25 17:15:47.239 D/wpa_supplicant(  642): wlan0:    skip - SSID mismatch
02-25 17:15:47.239 D/wpa_supplicant(  642): wlan0: 14: 7a:24:af:1e:df:58 ssid='DIRECT-' wpa_ie_len=0 rsn_ie_len=0 caps=0x410 level=-50
02-25 17:15:47.239 D/wpa_supplicant(  642): wlan0:    skip - SSID mismatch
02-25 17:15:47.239 D/wpa_supplicant(  642): wlan0: 15: 7a:24:af:24:0f:48 ssid='DIRECT-' wpa_ie_len=0 rsn_ie_len=0 caps=0x410 level=-50
02-25 17:15:47.239 D/wpa_supplicant(  642): wlan0:    skip - SSID mismatch
02-25 17:15:47.239 D/wpa_supplicant(  642): wlan0: 16: 98:fc:11:81:35:fb ssid='E2000EE' wpa_ie_len=0 rsn_ie_len=0 caps=0x401 level=-65 wps
02-25 17:15:47.239 D/wpa_supplicant(  642): wlan0:    skip - SSID mismatch
02-25 17:15:47.239 D/wpa_supplicant(  642): wlan0: 17: 50:bd:5f:4b:29:92 ssid='Internet-2' wpa_ie_len=0 rsn_ie_len=0 caps=0x421 level=-68
02-25 17:15:47.239 D/wpa_supplicant(  642): wlan0:    skip - SSID mismatch
02-25 17:15:47.239 D/wpa_supplicant(  642): wlan0: Selecting BSS from priority group 17
02-25 17:15:47.239 D/wpa_supplicant(  642): wlan0: 0: f8:d1:11:e7:99:e8 ssid='videotest' wpa_ie_len=22 rsn_ie_len=20 caps=0x531 level=-51 wps
02-25 17:15:47.239 D/wpa_supplicant(  642): wlan0:    skip - SSID mismatch
02-25 17:15:47.239 D/wpa_supplicant(  642): wlan0: 1: 44:94:fc:3d:da:38 ssid='6300' wpa_ie_len=0 rsn_ie_len=20 caps=0x411 level=-53 wps
02-25 17:15:47.239 D/wpa_supplicant(  642): wlan0:    skip - SSID mismatch
02-25 17:15:47.239 D/wpa_supplicant(  642): wlan0: 2: c8:d7:19:60:62:f2 ssid='E3000-2.4G' wpa_ie_len=0 rsn_ie_len=20 caps=0x411 level=-54 wps
02-25 17:15:47.239 D/wpa_supplicant(  642): wlan0:    skip - SSID mismatch
02-25 17:15:47.239 D/wpa_supplicant(  642): wlan0: 3: cc:34:29:2b:26:4c ssid='cws-test' wpa_ie_len=0 rsn_ie_len=20 caps=0x431 level=-55 wps
02-25 17:15:47.239 D/wpa_supplicant(  642): wlan0:    skip - SSID mismatch
02-25 17:15:47.239 D/wpa_supplicant(  642): wlan0: 4: 02:1a:11:ff:f7:0a ssid='io1' wpa_ie_len=0 rsn_ie_len=20 caps=0x431 level=-55
02-25 17:15:47.239 D/wpa_supplicant(  642): wlan0:    skip - SSID mismatch
02-25 17:15:47.239 D/wpa_supplicant(  642): wlan0: 5: 10:c3:7b:d2:e5:e0 ssid='ASUS_RT-AC66U-2.4G' wpa_ie_len=0 rsn_ie_len=20 caps=0x411 level=-56 wps
02-25 17:15:47.239 D/wpa_supplicant(  642): wlan0:    skip - SSID mismatch
02-25 17:15:47.239 D/wpa_supplicant(  642): wlan0: 6: 02:09:4c:a9:a9:11 ssid='DIRECT-aW-Android_e09d' wpa_ie_len=0 rsn_ie_len=20 caps=0x411 level=-61 wps
02-25 17:15:47.239 D/wpa_supplicant(  642): wlan0:    skip - SSID mismatch
02-25 17:15:47.239 D/wpa_supplicant(  642): wlan0: 7: 90:94:e4:03:45:f5 ssid='DAP-2553_D' wpa_ie_len=0 rsn_ie_len=24 caps=0x431 level=-62
02-25 17:15:47.239 D/wpa_supplicant(  642): wlan0:    skip - SSID mismatch
02-25 17:15:47.239 D/wpa_supplicant(  642): wlan0: 8: c4:17:fe:3f:4f:fb ssid='cmcm' wpa_ie_len=0 rsn_ie_len=20 caps=0x511 level=-66
02-25 17:15:47.239 D/wpa_supplicant(  642): wlan0:    skip - SSID mismatch
02-25 17:15:47.239 D/wpa_supplicant(  642): wlan0: 9: b0:48:7a:51:ff:cc ssid='Neusoft TP' wpa_ie_len=22 rsn_ie_len=20 caps=0x431 level=-68
02-25 17:15:47.239 D/wpa_supplicant(  642): wlan0:    skip - SSID mismatch
02-25 17:15:47.239 D/wpa_supplicant(  642): wlan0: 10: 80:1f:02:43:fb:e8 ssid='Edimax AP' wpa_ie_len=0 rsn_ie_len=20 caps=0x411 level=-71
02-25 17:15:47.239 D/wpa_supplicant(  642): wlan0:    skip - SSID mismatch
02-25 17:15:47.239 D/wpa_supplicant(  642): wlan0: 11: 00:0f:e2:0f:9f:c1 ssid='321_WAN' wpa_ie_len=28 rsn_ie_len=24 caps=0x411 level=-72
02-25 17:15:47.239 D/wpa_supplicant(  642): wlan0:    skip - SSID mismatch
02-25 17:15:47.239 D/wpa_supplicant(  642): wlan0: 12: c0:a0:bb:20:3b:84 ssid='dlink-3B84' wpa_ie_len=26 rsn_ie_len=24 caps=0x411 level=-72 wps
02-25 17:15:47.239 D/wpa_supplicant(  642): wlan0:    skip - SSID mismatch
02-25 17:15:47.239 D/wpa_supplicant(  642): wlan0: 13: cc:34:29:2c:fb:ec ssid='linksys' wpa_ie_len=22 rsn_ie_len=20 caps=0x431 level=-73 wps
02-25 17:15:47.239 D/wpa_supplicant(  642): wlan0:    skip - SSID mismatch
02-25 17:15:47.239 D/wpa_supplicant(  642): wlan0: 14: 7a:24:af:1e:df:58 ssid='DIRECT-' wpa_ie_len=0 rsn_ie_len=0 caps=0x410 level=-50
02-25 17:15:47.239 D/wpa_supplicant(  642): wlan0:    skip - SSID mismatch
02-25 17:15:47.239 D/wpa_supplicant(  642): wlan0: 15: 7a:24:af:24:0f:48 ssid='DIRECT-' wpa_ie_len=0 rsn_ie_len=0 caps=0x410 level=-50
02-25 17:15:47.239 D/wpa_supplicant(  642): wlan0:    skip - SSID mismatch
02-25 17:15:47.239 D/wpa_supplicant(  642): wlan0: 16: 98:fc:11:81:35:fb ssid='E2000EE' wpa_ie_len=0 rsn_ie_len=0 caps=0x401 level=-65 wps
02-25 17:15:47.239 D/wpa_supplicant(  642): wlan0:    skip - SSID mismatch
02-25 17:15:47.239 D/wpa_supplicant(  642): wlan0: 17: 50:bd:5f:4b:29:92 ssid='Internet-2' wpa_ie_len=0 rsn_ie_len=0 caps=0x421 level=-68
02-25 17:15:47.239 D/wpa_supplicant(  642): wlan0:    skip - SSID mismatch
02-25 17:15:47.239 D/wpa_supplicant(  642): wlan0: Selecting BSS from priority group 15
02-25 17:15:47.239 D/wpa_supplicant(  642): wlan0: 0: f8:d1:11:e7:99:e8 ssid='videotest' wpa_ie_len=22 rsn_ie_len=20 caps=0x531 level=-51 wps
02-25 17:15:47.239 D/wpa_supplicant(  642): wlan0:    skip - SSID mismatch
02-25 17:15:47.239 D/wpa_supplicant(  642): wlan0: 1: 44:94:fc:3d:da:38 ssid='6300' wpa_ie_len=0 rsn_ie_len=20 caps=0x411 level=-53 wps
02-25 17:15:47.239 D/wpa_supplicant(  642): wlan0:    skip - SSID mismatch
02-25 17:15:47.239 D/wpa_supplicant(  642): wlan0: 2: c8:d7:19:60:62:f2 ssid='E3000-2.4G' wpa_ie_len=0 rsn_ie_len=20 caps=0x411 level=-54 wps
02-25 17:15:47.239 D/wpa_supplicant(  642): wlan0:    skip - SSID mismatch
02-25 17:15:47.239 D/wpa_supplicant(  642): wlan0: 3: cc:34:29:2b:26:4c ssid='cws-test' wpa_ie_len=0 rsn_ie_len=20 caps=0x431 level=-55 wps
02-25 17:15:47.239 D/wpa_supplicant(  642): wlan0:    skip - SSID mismatch
02-25 17:15:47.239 D/wpa_supplicant(  642): wlan0: 4: 02:1a:11:ff:f7:0a ssid='io1' wpa_ie_len=0 rsn_ie_len=20 caps=0x431 level=-55
02-25 17:15:47.239 D/wpa_supplicant(  642): wlan0:    skip - SSID mismatch
02-25 17:15:47.239 D/wpa_supplicant(  642): wlan0: 5: 10:c3:7b:d2:e5:e0 ssid='ASUS_RT-AC66U-2.4G' wpa_ie_len=0 rsn_ie_len=20 caps=0x411 level=-56 wps
02-25 17:15:47.239 D/wpa_supplicant(  642): wlan0:    skip - SSID mismatch
02-25 17:15:47.239 D/wpa_supplicant(  642): wlan0: 6: 02:09:4c:a9:a9:11 ssid='DIRECT-aW-Android_e09d' wpa_ie_len=0 rsn_ie_len=20 caps=0x411 level=-61 wps
02-25 17:15:47.239 D/wpa_supplicant(  642): wlan0:    skip - SSID mismatch
02-25 17:15:47.239 D/wpa_supplicant(  642): wlan0: 7: 90:94:e4:03:45:f5 ssid='DAP-2553_D' wpa_ie_len=0 rsn_ie_len=24 caps=0x431 level=-62
02-25 17:15:47.239 D/wpa_supplicant(  642): wlan0:    skip - SSID mismatch
02-25 17:15:47.239 D/wpa_supplicant(  642): wlan0: 8: c4:17:fe:3f:4f:fb ssid='cmcm' wpa_ie_len=0 rsn_ie_len=20 caps=0x511 level=-66
02-25 17:15:47.239 D/wpa_supplicant(  642): wlan0:    skip - SSID mismatch
02-25 17:15:47.239 D/wpa_supplicant(  642): wlan0: 9: b0:48:7a:51:ff:cc ssid='Neusoft TP' wpa_ie_len=22 rsn_ie_len=20 caps=0x431 level=-68
02-25 17:15:47.239 D/wpa_supplicant(  642): wlan0:    skip - SSID mismatch
02-25 17:15:47.239 D/wpa_supplicant(  642): wlan0: 10: 80:1f:02:43:fb:e8 ssid='Edimax AP' wpa_ie_len=0 rsn_ie_len=20 caps=0x411 level=-71
02-25 17:15:47.239 D/wpa_supplicant(  642): wlan0:    skip - SSID mismatch
02-25 17:15:47.239 D/wpa_supplicant(  642): wlan0: 11: 00:0f:e2:0f:9f:c1 ssid='321_WAN' wpa_ie_len=28 rsn_ie_len=24 caps=0x411 level=-72
02-25 17:15:47.239 D/wpa_supplicant(  642): wlan0:    skip - SSID mismatch
02-25 17:15:47.239 D/wpa_supplicant(  642): wlan0: 12: c0:a0:bb:20:3b:84 ssid='dlink-3B84' wpa_ie_len=26 rsn_ie_len=24 caps=0x411 level=-72 wps
02-25 17:15:47.239 D/wpa_supplicant(  642): wlan0:    skip - SSID mismatch
02-25 17:15:47.239 D/wpa_supplicant(  642): wlan0: 13: cc:34:29:2c:fb:ec ssid='linksys' wpa_ie_len=22 rsn_ie_len=20 caps=0x431 level=-73 wps
02-25 17:15:47.239 D/wpa_supplicant(  642): wlan0:    skip - SSID mismatch
02-25 17:15:47.239 D/wpa_supplicant(  642): wlan0: 14: 7a:24:af:1e:df:58 ssid='DIRECT-' wpa_ie_len=0 rsn_ie_len=0 caps=0x410 level=-50
02-25 17:15:47.239 D/wpa_supplicant(  642): wlan0:    skip - SSID mismatch
02-25 17:15:47.239 D/wpa_supplicant(  642): wlan0: 15: 7a:24:af:24:0f:48 ssid='DIRECT-' wpa_ie_len=0 rsn_ie_len=0 caps=0x410 level=-50
02-25 17:15:47.239 D/wpa_supplicant(  642): wlan0:    skip - SSID mismatch
02-25 17:15:47.239 D/wpa_supplicant(  642): wlan0: 16: 98:fc:11:81:35:fb ssid='E2000EE' wpa_ie_len=0 rsn_ie_len=0 caps=0x401 level=-65 wps
02-25 17:15:47.239 D/wpa_supplicant(  642): wlan0:    skip - SSID mismatch
02-25 17:15:47.239 D/wpa_supplicant(  642): wlan0: 17: 50:bd:5f:4b:29:92 ssid='Internet-2' wpa_ie_len=0 rsn_ie_len=0 caps=0x421 level=-68
02-25 17:15:47.239 D/wpa_supplicant(  642): wlan0:    skip - SSID mismatch
02-25 17:15:47.239 D/wpa_supplicant(  642): wlan0: Selecting BSS from priority group 4
02-25 17:15:47.239 D/wpa_supplicant(  642): wlan0: 0: f8:d1:11:e7:99:e8 ssid='videotest' wpa_ie_len=22 rsn_ie_len=20 caps=0x531 level=-51 wps
02-25 17:15:47.239 D/wpa_supplicant(  642): wlan0:    skip - SSID mismatch
02-25 17:15:47.239 D/wpa_supplicant(  642): wlan0: 1: 44:94:fc:3d:da:38 ssid='6300' wpa_ie_len=0 rsn_ie_len=20 caps=0x411 level=-53 wps
02-25 17:15:47.239 D/wpa_supplicant(  642): wlan0:    skip - SSID mismatch
02-25 17:15:47.239 D/wpa_supplicant(  642): wlan0: 2: c8:d7:19:60:62:f2 ssid='E3000-2.4G' wpa_ie_len=0 rsn_ie_len=20 caps=0x411 level=-54 wps
02-25 17:15:47.239 D/wpa_supplicant(  642): wlan0:    skip - SSID mismatch
02-25 17:15:47.239 D/wpa_supplicant(  642): wlan0: 3: cc:34:29:2b:26:4c ssid='cws-test' wpa_ie_len=0 rsn_ie_len=20 caps=0x431 level=-55 wps
02-25 17:15:47.239 D/wpa_supplicant(  642): wlan0:    skip - SSID mismatch
02-25 17:15:47.239 D/wpa_supplicant(  642): wlan0: 4: 02:1a:11:ff:f7:0a ssid='io1' wpa_ie_len=0 rsn_ie_len=20 caps=0x431 level=-55
02-25 17:15:47.239 D/wpa_supplicant(  642): wlan0:    skip - SSID mismatch
02-25 17:15:47.239 D/wpa_supplicant(  642): wlan0: 5: 10:c3:7b:d2:e5:e0 ssid='ASUS_RT-AC66U-2.4G' wpa_ie_len=0 rsn_ie_len=20 caps=0x411 level=-56 wps
02-25 17:15:47.239 D/wpa_supplicant(  642): wlan0:    skip - SSID mismatch
02-25 17:15:47.239 D/wpa_supplicant(  642): wlan0: 6: 02:09:4c:a9:a9:11 ssid='DIRECT-aW-Android_e09d' wpa_ie_len=0 rsn_ie_len=20 caps=0x411 level=-61 wps
02-25 17:15:47.239 D/wpa_supplicant(  642): wlan0:    skip - SSID mismatch
02-25 17:15:47.239 D/wpa_supplicant(  642): wlan0: 7: 90:94:e4:03:45:f5 ssid='DAP-2553_D' wpa_ie_len=0 rsn_ie_len=24 caps=0x431 level=-62
02-25 17:15:47.239 D/wpa_supplicant(  642): wlan0:    skip - SSID mismatch
02-25 17:15:47.239 D/wpa_supplicant(  642): wlan0: 8: c4:17:fe:3f:4f:fb ssid='cmcm' wpa_ie_len=0 rsn_ie_len=20 caps=0x511 level=-66
02-25 17:15:47.239 D/wpa_supplicant(  642): wlan0:    skip - SSID mismatch
02-25 17:15:47.239 D/wpa_supplicant(  642): wlan0: 9: b0:48:7a:51:ff:cc ssid='Neusoft TP' wpa_ie_len=22 rsn_ie_len=20 caps=0x431 level=-68
02-25 17:15:47.239 D/wpa_supplicant(  642): wlan0:    skip - SSID mismatch
02-25 17:15:47.239 D/wpa_supplicant(  642): wlan0: 10: 80:1f:02:43:fb:e8 ssid='Edimax AP' wpa_ie_len=0 rsn_ie_len=20 caps=0x411 level=-71
02-25 17:15:47.239 D/wpa_supplicant(  642): wlan0:    skip - SSID mismatch
02-25 17:15:47.239 D/wpa_supplicant(  642): wlan0: 11: 00:0f:e2:0f:9f:c1 ssid='321_WAN' wpa_ie_len=28 rsn_ie_len=24 caps=0x411 level=-72
02-25 17:15:47.239 D/wpa_supplicant(  642): wlan0:    skip - SSID mismatch
02-25 17:15:47.239 D/wpa_supplicant(  642): wlan0: 12: c0:a0:bb:20:3b:84 ssid='dlink-3B84' wpa_ie_len=26 rsn_ie_len=24 caps=0x411 level=-72 wps
02-25 17:15:47.239 D/wpa_supplicant(  642): wlan0:    skip - SSID mismatch
02-25 17:15:47.239 D/wpa_supplicant(  642): wlan0: 13: cc:34:29:2c:fb:ec ssid='linksys' wpa_ie_len=22 rsn_ie_len=20 caps=0x431 level=-73 wps
02-25 17:15:47.239 D/wpa_supplicant(  642): wlan0:    skip - SSID mismatch
02-25 17:15:47.239 D/wpa_supplicant(  642): wlan0: 14: 7a:24:af:1e:df:58 ssid='DIRECT-' wpa_ie_len=0 rsn_ie_len=0 caps=0x410 level=-50
02-25 17:15:47.239 D/wpa_supplicant(  642): wlan0:    skip - SSID mismatch
02-25 17:15:47.239 D/wpa_supplicant(  642): wlan0: 15: 7a:24:af:24:0f:48 ssid='DIRECT-' wpa_ie_len=0 rsn_ie_len=0 caps=0x410 level=-50
02-25 17:15:47.239 D/wpa_supplicant(  642): wlan0:    skip - SSID mismatch
02-25 17:15:47.239 D/wpa_supplicant(  642): wlan0: 16: 98:fc:11:81:35:fb ssid='E2000EE' wpa_ie_len=0 rsn_ie_len=0 caps=0x401 level=-65 wps
02-25 17:15:47.239 D/wpa_supplicant(  642): wlan0:    skip - SSID mismatch
02-25 17:15:47.239 D/wpa_supplicant(  642): wlan0: 17: 50:bd:5f:4b:29:92 ssid='Internet-2' wpa_ie_len=0 rsn_ie_len=0 caps=0x421 level=-68
02-25 17:15:47.239 D/wpa_supplicant(  642): wlan0:    skip - SSID mismatch
02-25 17:15:47.239 D/wpa_supplicant(  642): wlan0: No suitable network found
02-25 17:15:47.239 D/wpa_supplicant(  642): wlan0: Setting scan request: 40 sec 0 usec
02-25 17:15:47.239 D/wpa_supplicant(  642): wlan0: Checking for other virtual interfaces sharing same radio (phy0) in event_scan_results
02-25 17:15:47.239 D/wpa_supplicant(  642): p2p-dev-wlan0: Updating scan results from sibling
02-25 17:15:47.239 D/wpa_supplicant(  642): nl80211: Received scan results (18 BSSes)
02-25 17:15:47.239 D/wpa_supplicant(  642): nl80211: Survey data missing
02-25 17:15:47.239 D/wpa_supplicant(  642): p2p-dev-wlan0: BSS: Start scan result update 185
02-25 17:15:47.239 D/wpa_supplicant(  642): BSS: No P2P IE - skipping BSS f8:d1:11:e7:99:e8 update for P2P interface
02-25 17:15:47.239 D/wpa_supplicant(  642): BSS: No P2P IE - skipping BSS 44:94:fc:3d:da:38 update for P2P interface
02-25 17:15:47.239 D/wpa_supplicant(  642): BSS: No P2P IE - skipping BSS c8:d7:19:60:62:f2 update for P2P interface
02-25 17:15:47.239 D/wpa_supplicant(  642): BSS: No P2P IE - skipping BSS cc:34:29:2b:26:4c update for P2P interface
02-25 17:15:47.239 D/wpa_supplicant(  642): BSS: No P2P IE - skipping BSS 02:1a:11:ff:f7:0a update for P2P interface
02-25 17:15:47.239 D/wpa_supplicant(  642): BSS: No P2P IE - skipping BSS 10:c3:7b:d2:e5:e0 update for P2P interface
02-25 17:15:47.239 D/wpa_supplicant(  642): p2p-dev-wlan0: BSS: Add new id 26 BSSID 02:09:4c:a9:a9:11 SSID 'DIRECT-aW-Android_e09d'
02-25 17:15:47.239 D/wpa_supplicant(  642): CTRL_IFACE monitor send - hexdump(len=39): 2f 64 61 74 61 2f 6d 69 73 63 2f 77 69 66 69 2f 73 6f 63 6b 65 74 73 2f 77 70 61 5f 63 74 72 6c ...
02-25 17:15:47.239 D/wpa_supplicant(  642): BSS: No P2P IE - skipping BSS 90:94:e4:03:45:f5 update for P2P interface
02-25 17:15:47.239 D/wpa_supplicant(  642): BSS: No P2P IE - skipping BSS c4:17:fe:3f:4f:fb update for P2P interface
02-25 17:15:47.239 D/wpa_supplicant(  642): BSS: No P2P IE - skipping BSS b0:48:7a:51:ff:cc update for P2P interface
02-25 17:15:47.239 D/wpa_supplicant(  642): BSS: No P2P IE - skipping BSS 80:1f:02:43:fb:e8 update for P2P interface
02-25 17:15:47.239 D/wpa_supplicant(  642): BSS: No P2P IE - skipping BSS 00:0f:e2:0f:9f:c1 update for P2P interface
02-25 17:15:47.239 D/wpa_supplicant(  642): BSS: No P2P IE - skipping BSS c0:a0:bb:20:3b:84 update for P2P interface
02-25 17:15:47.239 D/wpa_supplicant(  642): BSS: No P2P IE - skipping BSS cc:34:29:2c:fb:ec update for P2P interface
02-25 17:15:47.239 I/WifiHW  (  506): EVENT: IFNAME=p2p-dev-wlan0 CTRL-EVENT-BSS-ADDED 26 02:09:4c:a9:a9:11
02-25 17:15:47.239 D/wpa_supplicant(  642): BSS: No P2P IE - skipping BSS 7a:24:af:1e:df:58 update for P2P interface
02-25 17:15:47.239 D/wpa_supplicant(  642): BSS: No P2P IE - skipping BSS 7a:24:af:24:0f:48 update for P2P interface
02-25 17:15:47.239 D/wpa_supplicant(  642): BSS: No P2P IE - skipping BSS 98:fc:11:81:35:fb update for P2P interface
02-25 17:15:47.239 D/wpa_supplicant(  642): BSS: No P2P IE - skipping BSS 50:bd:5f:4b:29:92 update for P2P interface
02-25 17:15:47.239 D/wpa_supplicant(  642): p2p-dev-wlan0: BSS: Remove id 25 BSSID 5e:f3:70:11:dc:fa SSID 'DIRECT-n0-Android_48db' due to no match in scan
02-25 17:15:47.239 D/wpa_supplicant(  642): CTRL_IFACE monitor send - hexdump(len=39): 2f 64 61 74 61 2f 6d 69 73 63 2f 77 69 66 69 2f 73 6f 63 6b 65 74 73 2f 77 70 61 5f 63 74 72 6c ...
02-25 17:15:47.239 D/wpa_supplicant(  642): BSS: last_scan_res_used=1/32 last_scan_full=0
02-25 17:15:47.239 D/wpa_supplicant(  642): p2p-dev-wlan0: New scan results available
02-25 17:15:47.239 D/wpa_supplicant(  642): CTRL_IFACE monitor send - hexdump(len=39): 2f 64 61 74 61 2f 6d 69 73 63 2f 77 69 66 69 2f 73 6f 63 6b 65 74 73 2f 77 70 61 5f 63 74 72 6c ...
02-25 17:15:47.239 D/wpa_supplicant(  642): CTRL_IFACE monitor send - hexdump(len=39): 2f 64 61 74 61 2f 6d 69 73 63 2f 77 69 66 69 2f 73 6f 63 6b 65 74 73 2f 77 70 61 5f 63 74 72 6c ...
02-25 17:15:47.239 D/wpa_supplicant(  642): WPS: AP[0] f8:d1:11:e7:99:e8 type=0 tries=0 last_attempt=-1 sec ago blacklist=0
02-25 17:15:47.239 D/wpa_supplicant(  642): WPS: AP[1] c8:d7:19:60:62:f2 type=0 tries=0 last_attempt=-1 sec ago blacklist=0
02-25 17:15:47.239 D/wpa_supplicant(  642): WPS: AP[2] 44:94:fc:3d:da:38 type=0 tries=0 last_attempt=-1 sec ago blacklist=0
02-25 17:15:47.239 D/wpa_supplicant(  642): WPS: AP[3] 10:c3:7b:d2:e5:e0 type=0 tries=0 last_attempt=-1 sec ago blacklist=0
02-25 17:15:47.239 D/wpa_supplicant(  642): WPS: AP[4] cc:34:29:2b:26:4c type=0 tries=0 last_attempt=-1 sec ago blacklist=0
02-25 17:15:47.239 D/wpa_supplicant(  642): WPS: AP[5] b0:48:7a:51:ff:cc type=0 tries=0 last_attempt=-1 sec ago blacklist=0
02-25 17:15:47.239 D/wpa_supplicant(  642): WPS: AP[6] cc:34:29:2c:fb:ec type=0 tries=0 last_attempt=-1 sec ago blacklist=0
02-25 17:15:47.239 D/wpa_supplicant(  642): WPS: AP[7] c0:a0:bb:20:3b:84 type=0 tries=0 last_attempt=-1 sec ago blacklist=0
02-25 17:15:47.239 D/wpa_supplicant(  642): WPS: AP[8] 02:09:4c:f8:ae:8e type=0 tries=0 last_attempt=-1 sec ago blacklist=0
02-25 17:15:47.239 D/wpa_supplicant(  642): WPS: AP[9] 10:9f:a9:dc:b1:fc type=0 tries=0 last_attempt=-1 sec ago blacklist=0
02-25 17:15:47.239 D/wpa_supplicant(  642): WPS: AP[10] 2c:b0:5d:7f:f4:24 type=0 tries=0 last_attempt=-1 sec ago blacklist=0
02-25 17:15:47.239 D/wpa_supplicant(  642): WPS: AP[11] 5e:f3:70:11:dc:fa type=0 tries=0 last_attempt=-1 sec ago blacklist=0
02-25 17:15:47.239 D/wpa_supplicant(  642): WPS: AP[12] 02:09:4c:a9:a9:11 type=0 tries=0 last_attempt=-1 sec ago blacklist=0
02-25 17:15:47.239 D/wpa_supplicant(  642): WPS: AP[13] 9c:21:6a:0d:eb:72 type=0 tries=0 last_attempt=-1 sec ago blacklist=0
02-25 17:15:47.239 D/wpa_supplicant(  642): WPS: AP[14] 98:fc:11:81:35:fb type=0 tries=0 last_attempt=-1 sec ago blacklist=0
02-25 17:15:47.239 D/wpa_supplicant(  642): p2p-dev-wlan0: No suitable network found
02-25 17:15:47.239 D/wpa_supplicant(  642): p2p-dev-wlan0: Short-circuit new scan request since there are no enabled networks
02-25 17:15:47.239 D/wpa_supplicant(  642): p2p-dev-wlan0: State: INACTIVE -> INACTIVE
02-25 17:15:47.239 D/wpa_supplicant(  642): wlan0: P2P: Station mode scan operation not pending anymore (sta_scan_pending=0 p2p_cb_on_scan_complete=0)
02-25 17:15:47.239 D/wpa_supplicant(  642): RX ctrl_iface - hexdump(len=25): 42 53 53 20 52 41 4e 47 45 3d 30 2d 20 4d 41 53 4b 3d 30 78 32 31 39 38 37
02-25 17:15:47.239 D/wpa_supplicant(  642): wlan0: Control interface command 'BSS RANGE=0- MASK=0x21987'
02-25 17:15:47.239 D/wpa_supplicant(  642): RTM_NEWLINK: operstate=0 ifi_flags=0x11003 ([UP][LOWER_UP])
02-25 17:15:47.239 D/wpa_supplicant(  642): RTM_NEWLINK, IFLA_IFNAME: Interface 'wlan0' added
02-25 17:15:47.239 D/wpa_supplicant(  642): nl80211: if_removed already cleared - ignore event
02-25 17:15:47.249 I/WifiHW  (  506): REPLY: id=0
02-25 17:15:47.249 I/WifiHW  (  506): REPLY: bssid=f8:d1:11:e7:99:e8
02-25 17:15:47.249 I/WifiHW  (  506): REPLY: freq=2437
02-25 17:15:47.249 I/WifiHW  (  506): REPLY: level=-51
02-25 17:15:47.249 I/WifiHW  (  506): REPLY: tsf=0000007587801522
02-25 17:15:47.249 I/WifiHW  (  506): REPLY: flags=[WPA-PSK-CCMP][WPA2-PSK-CCMP][WPS][ESS]
02-25 17:15:47.249 I/WifiHW  (  506): REPLY: ssid=videotest
02-25 17:15:47.249 I/WifiHW  (  506): REPLY: ====
02-25 17:15:47.249 I/WifiHW  (  506): REPLY: id=1
02-25 17:15:47.249 I/WifiHW  (  506): REPLY: bssid=c8:d7:19:60:62:f2
02-25 17:15:47.249 I/WifiHW  (  506): REPLY: freq=2437
02-25 17:15:47.249 I/WifiHW  (  506): REPLY: level=-54
02-25 17:15:47.249 I/WifiHW  (  506): REPLY: tsf=0000007587801519
02-25 17:15:47.249 I/WifiHW  (  506): REPLY: flags=[WPA2-PSK-CCMP][WPS][ESS]
02-25 17:15:47.249 I/WifiHW  (  506): REPLY: ssid=E3000-2.4G
02-25 17:15:47.249 I/WifiHW  (  506): REPLY: ====
02-25 17:15:47.249 I/WifiHW  (  506): REPLY: id=2
02-25 17:15:47.249 I/WifiHW  (  506): REPLY: bssid=02:1a:11:ff:f7:0a
02-25 17:15:47.249 I/WifiHW  (  506): REPLY: freq=2437
02-25 17:15:47.249 I/WifiHW  (  506): REPLY: level=-55
02-25 17:15:47.249 I/WifiHW  (  506): REPLY: tsf=0000007587801524
02-25 17:15:47.249 I/WifiHW  (  506): REPLY: flags=[WPA2-PSK-CCMP][ESS]
02-25 17:15:47.249 I/WifiHW  (  506): REPLY: ssid=io1
02-25 17:15:47.249 I/WifiHW  (  506): REPLY: ====
02-25 17:15:47.249 I/WifiHW  (  506): REPLY: id=3
02-25 17:15:47.249 I/WifiHW  (  506): REPLY: bssid=44:94:fc:3d:da:38
02-25 17:15:47.249 I/WifiHW  (  506): REPLY: freq=2462
02-25 17:15:47.249 I/WifiHW  (  506): REPLY: level=-53
02-25 17:15:47.249 I/WifiHW  (  506): REPLY: tsf=0000007587801547
02-25 17:15:47.249 I/WifiHW  (  506): REPLY: flags=[WPA2-EAP-CCMP-preauth][WPS][ESS]
02-25 17:15:47.249 I/WifiHW  (  506): REPLY: ssid=6300
02-25 17:15:47.249 I/WifiHW  (  506): REPLY: ====
02-25 17:15:47.249 I/WifiHW  (  506): REPLY: id=4
02-25 17:15:47.249 I/WifiHW  (  506): REPLY: bssid=10:c3:7b:d2:e5:e0
02-25 17:15:47.249 I/WifiHW  (  506): REPLY: freq=2462
02-25 17:15:47.249 I/WifiHW  (  506): REPLY: level=-56
02-25 17:15:47.249 I/WifiHW  (  506): REPLY: tsf=0000007587801534
02-25 17:15:47.249 I/WifiHW  (  506): REPLY: flags=[WPA2-PSK-CCMP][WPS][ESS]
02-25 17:15:47.249 I/WifiHW  (  506): REPLY: ssid=ASUS_RT-AC66U-2.4G
02-25 17:15:47.249 I/WifiHW  (  506): REPLY: ====
02-25 17:15:47.249 I/WifiHW  (  506): REPLY: id=5
02-25 17:15:47.249 I/WifiHW  (  506): REPLY: bssid=90:94:e4:03:45:f5
02-25 17:15:47.249 I/WifiHW  (  506): REPLY: freq=2422
02-25 17:15:47.249 I/WifiHW  (  506): REPLY: level=-62
02-25 17:15:47.249 I/WifiHW  (  506): REPLY: tsf=0000007587801517
02-25 17:15:47.249 I/WifiHW  (  506): REPLY: flags=[WPA2-PSK-CCMP+TKIP][ESS]
02-25 17:15:47.249 I/WifiHW  (  506): REPLY: ssid=DAP-2553_D
02-25 17:15:47.249 I/WifiHW  (  506): REPLY: ====
02-25 17:15:47.249 I/WifiHW  (  506): REPLY: id=7
02-25 17:15:47.249 I/WifiHW  (  506): REPLY: bssid=cc:34:29:2b:26:4c
02-25 17:15:47.249 I/WifiHW  (  506): REPLY: freq=2462
02-25 17:15:47.249 I/WifiHW  (  506): REPLY: level=-55
02-25 17:15:47.249 I/WifiHW  (  506): REPLY: tsf=0000007587801539
02-25 17:15:47.249 I/WifiHW  (  506): REPLY: flags=[WPA2-PSK-CCMP][WPS][ESS]
02-25 17:15:47.249 I/WifiHW  (  506): REPLY: ssid=cws-test
02-25 17:15:47.249 I/WifiHW  (  506): REPLY: ====
02-25 17:15:47.249 I/WifiHW  (  506): REPLY: id=9
02-25 17:15:47.249 I/WifiHW  (  506): REPLY: bssid=cc:34:29:2c:fb:ec
02-25 17:15:47.249 I/WifiHW  (  506): REPLY: freq=2412
02-25 17:15:47.249 I/WifiHW  (  506): REPLY: level=-73
02-25 17:15:47.249 I/WifiHW  (  506): REPLY: tsf=0000007587801505
02-25 17:15:47.249 I/WifiHW  (  506): REPLY: flags=[WPA-PSK-CCMP][WPA2-PSK-CCMP][WPS][ESS]
02-25 17:15:47.249 I/WifiHW  (  506): REPLY: ssid=linksys
02-25 17:15:47.249 I/WifiHW  (  506): REPLY: ====
02-25 17:15:47.249 I/WifiHW  (  506): REPLY: id=11
02-25 17:15:47.249 I/WifiHW  (  506): REPLY: bssid=80:1f:02:43:fb:e8
02-25 17:15:47.249 I/WifiHW  (  506): REPLY: freq=2412
02-25 17:15:47.249 I/WifiHW  (  506): REPLY: level=-71
02-25 17:15:47.249 I/WifiHW  (  506): REPLY: tsf=0000007587801510
02-25 17:15:47.249 I/WifiHW  (  506): REPLY: flags=[WPA2-PSK-CCMP-preauth][ESS]
02-25 17:15:47.249 I/WifiHW  (  506): REPLY: ssid=Edimax AP
02-25 17:15:47.249 I/WifiHW  (  506): REPLY: ====
02-25 17:15:47.249 I/WifiHW  (  506): REPLY: id=17
02-25 17:15:47.249 I/WifiHW  (  506): REPLY: bssid=7a:24:af:1e:df:58
02-25 17:15:47.249 I/WifiHW  (  506): REPLY: freq=2412
02-25 17:15:47.249 I/WifiHW  (  506): REPLY: level=-50
02-25 17:15:47.249 I/WifiHW  (  506): REPLY: tsf=0000007587801542
02-25 17:15:47.249 I/WifiHW  (  506): REPLY: flags=[WEP]
02-25 17:15:47.249 I/WifiHW  (  506): REPLY: ssid=DIRECT-
02-25 17:15:47.249 I/WifiHW  (  506): REPLY: ====
02-25 17:15:47.249 I/WifiHW  (  506): REPLY: id=248
02-25 17:15:47.249 I/WifiHW  (  506): REPLY: bssid=7a:24:af:24:0f:48
02-25 17:15:47.249 I/WifiHW  (  506): REPLY: freq=2412
02-25 17:15:47.249 I/WifiHW  (  506): REPLY: level=-50
02-25 17:15:47.249 I/WifiHW  (  506): REPLY: tsf=0000007587801544
02-25 17:15:47.249 I/WifiHW  (  506): REPLY: flags=[WEP]
02-25 17:15:47.249 I/WifiHW  (  506): REPLY: ssid=DIRECT-
02-25 17:15:47.249 I/WifiHW  (  506): REPLY: ====
02-25 17:15:47.249 I/WifiHW  (  506): REPLY: id=256
02-25 17:15:47.249 I/WifiHW  (  506): REPLY: bssid=50:bd:5f:4b:29:92
02-25 17:15:47.249 I/WifiHW  (  506): REPLY: freq=2437
02-25 17:15:47.249 I/WifiHW  (  506): REPLY: level=-68
02-25 17:15:47.249 I/WifiHW  (  506): REPLY: tsf=0000007587801527
02-25 17:15:47.249 I/WifiHW  (  506): REPLY: flags=[ESS]
02-25 17:15:47.249 I/WifiHW  (  506): REPLY: ssid=Internet-2
02-25 17:15:47.249 I/WifiHW  (  506): REPLY: ====
02-25 17:15:47.249 I/WifiHW  (  506): REPLY: id=263
02-25 17:15:47.249 I/WifiHW  (  506): REPLY: bssid=c4:17:fe:3f:4f:fb
02-25 17:15:47.249 I/WifiHW  (  506): REPLY: freq=2437
02-25 17:15:47.249 I/WifiHW  (  506): REPLY: level=-66
02-25 17:15:47.249 I/WifiHW  (  506): REPLY: tsf=0000007587801532
02-25 17:15:47.249 I/WifiHW  (  506): REPLY: flags=[WPA2-PSK-CCMP][ESS]
02-25 17:15:47.249 I/WifiHW  (  506): REPLY: ssid=cmcm
02-25 17:15:47.249 I/WifiHW  (  506): REPLY: ====
02-25 17:15:47.249 I/WifiHW  (  506): REPLY: id=269
02-25 17:15:47.249 I/WifiHW  (  506): REPLY: bssid=00:0f:e2:0f:9f:c1
02-25 17:15:47.249 I/WifiHW  (  506): REPLY: freq=2462
02-25 17:15:47.249 I/WifiHW  (  506): REPLY: level=-72
02-25 17:15:47.249 I/WifiHW  (  506): REPLY: tsf=0000007587801551
02-25 17:15:47.249 I/WifiHW  (  506): REPLY: flags=[WPA-PSK-CCMP+TKIP][WPA2-PSK-CCMP+TKIP][ESS]
02-25 17:15:47.249 I/WifiHW  (  506): REPLY: ssid=321_WAN
02-25 17:15:47.249 I/WifiHW  (  506): REPLY: ====
02-25 17:15:47.249 I/WifiHW  (  506): REPLY: id=286
02-25 17:15:47.249 I/WifiHW  (  506): REPLY: bssid=2c:b0:5d:7f:f4:24
02-25 17:15:47.249 I/WifiHW  (  506): REPLY: freq=2412
02-25 17:15:47.249 I/WifiHW  (  506): REPLY: level=-88
02-25 17:15:47.249 I/WifiHW  (  506): REPLY: tsf=0000007546558494
02-25 17:15:47.249 I/WifiHW  (  506): REPLY: flags=[WPA2-PSK-CCMP][WPS][ESS]
02-25 17:15:47.249 I/WifiHW  (  506): REPLY: ssid=NETGEAR38
02-25 17:15:47.249 I/WifiHW  (  506): REPLY: ====
02-25 17:15:47.249 I/WifiHW  (  506): REPLY: id=293
02-25 17:15:47.249 I/WifiHW  (  506): REPLY: bssid=b0:48:7a:51:ff:cc
02-25 17:15:47.249 I/WifiHW  (  506): REPLY: freq=2452
02-25 17:15:47.249 I/WifiHW  (  506): REPLY: level=-68
02-25 17:15:47.249 I/WifiHW  (  506): REPLY: tsf=0000007587801537
02-25 17:15:47.249 I/WifiHW  (  506): REPLY: flags=[WPA-PSK-CCMP][WPA2-PSK-CCMP][ESS]
02-25 17:15:47.249 I/WifiHW  (  506): REPLY: ssid=Neusoft TP
02-25 17:15:47.249 I/WifiHW  (  506): REPLY: ====
02-25 17:15:47.249 I/WifiHW  (  506): REPLY: id=294
02-25 17:15:47.249 I/WifiHW  (  506): REPLY: bssid=c0:a0:bb:20:3b:84
02-25 17:15:47.249 I/WifiHW  (  506): REPLY: freq=2417
02-25 17:15:47.249 I/WifiHW  (  506): REPLY: level=-72
02-25 17:15:47.249 I/WifiHW  (  506): REPLY: tsf=0000007587801514
02-25 17:15:47.249 I/WifiHW  (  506): REPLY: flags=[WPA-PSK-CCMP+TKIP][WPA2-PSK-CCMP+TKIP][WPS][ESS]
02-25 17:15:47.249 I/WifiHW  (  506): REPLY: ssid=dlink-3B84
02-25 17:15:47.249 I/WifiHW  (  506): REPLY: ====
02-25 17:15:47.249 I/WifiHW  (  506): REPLY: id=302
02-25 17:15:47.249 I/WifiHW  (  506): REPLY: bssid=98:fc:11:81:35:fb
02-25 17:15:47.249 I/WifiHW  (  506): REPLY: freq=2412
02-25 17:15:47.249 I/WifiHW  (  506): REPLY: level=-65
02-25 17:15:47.249 I/WifiHW  (  506): REPLY: tsf=0000007587801508
02-25 17:15:47.249 I/WifiHW  (  506): REPLY: flags=[WPS][ESS]
02-25 17:15:47.249 I/WifiHW  (  506): REPLY: ssid=E2000EE
02-25 17:15:47.249 I/WifiHW  (  506): REPLY: ====
02-25 17:15:47.249 I/WifiHW  (  506): REPLY: id=303
02-25 17:15:47.249 I/WifiHW  (  506): REPLY: bssid=cc:b2:55:e2:84:70
02-25 17:15:47.249 I/WifiHW  (  506): REPLY: freq=2447
02-25 17:15:47.249 I/WifiHW  (  506): REPLY: level=-66
02-25 17:15:47.249 I/WifiHW  (  506): REPLY: tsf=0000007546558576
02-25 17:15:47.249 I/WifiHW  (  506): REPLY: flags=[WPA-PSK-TKIP][WPA2-PSK-TKIP][ESS]
02-25 17:15:47.249 I/WifiHW  (  506): REPLY: ssid=DLINK_APK
02-25 17:15:47.249 I/WifiHW  (  506): REPLY: ====
02-25 17:15:47.249 I/WifiHW  (  506): REPLY: id=304
02-25 17:15:47.249 I/WifiHW  (  506): REPLY: bssid=02:09:4c:a9:a9:11
02-25 17:15:47.249 I/WifiHW  (  506): REPLY: freq=2437
02-25 17:15:47.249 I/WifiHW  (  506): REPLY: level=-61
02-25 17:15:47.249 I/WifiHW  (  506): REPLY: tsf=0000007587801529
02-25 17:15:47.249 I/WifiHW  (  506): REPLY: flags=[WPA2-PSK-CCMP][WPS][ESS][P2P]
02-25 17:15:47.249 I/WifiHW  (  506): REPLY: ssid=DIRECT-aW-Android_e09d
02-25 17:15:47.249 I/WifiHW  (  506): REPLY: ####
02-25 17:15:47.249 I/WifiHW  (  506): EVENT: IFNAME=p2p-dev-wlan0 CTRL-EVENT-BSS-REMOVED 25 5e:f3:70:11:dc:fa
02-25 17:15:47.249 I/WifiHW  (  506): EVENT: IFNAME=p2p-dev-wlan0 CTRL-EVENT-SCAN-RESULTS 
02-25 17:15:47.249 I/WifiHW  (  506): EVENT: IFNAME=p2p-dev-wlan0 WPS-AP-AVAILABLE 
02-25 17:15:55.619 D/EVENT_THREAD(  183): void CEventThread::run() POLLIN event on Fd (1)
02-25 17:15:55.619 D/EVENT_THREAD(  183): void CEventThread::run() Do poll with timeout: -1
02-25 17:15:56.649 D/EVENT_THREAD(  183): void CEventThread::run() POLLIN event on Fd (1)
02-25 17:15:56.649 D/EVENT_THREAD(  183): void CEventThread::run() Do poll with timeout: -1
02-25 17:15:56.649 I/upi_ug31xx(  166): (529) update_capacity
02-25 17:15:56.649 I/[UPI]   (  166): <UG31/E>[UpiReadCapacity]: V=3956(3949), T=325(327-393), I=-403, C=-5(-5-0)
02-25 17:15:56.649 I/[UPI]   (  166): <UG31/E>[UpiReadCapacity]: (0x0001254a) 2812 (2639) / 3822 (4027) = 74
02-25 17:15:56.649 I/[UPI]   (  166): <UG31/E>[UpiReadCapacity]: (0x0001254a) 2812 (2639) / 3822 (4027) = 74
02-25 17:15:56.649 I/[UPI]   (  166): <UG31/E>[UpiReadCapacity]: (0x0001254a) 2807 (2807) / 3822 (4027) = 73
02-25 17:15:56.649 I/[UPI]   (  166): <UG31/E>[RsocFilterCountTime]: (0x0001254a) Step=11(699820), Full=11(699820), Lock=699820(1800000)
02-25 17:15:56.649 I/[UPI]   (  166): <UG31/E>[UpiReadCapacity]: (0x0001254a) 2807 (2807) / 3822 (4027) = 73 (-403--403)
02-25 17:15:56.649 I/[UPI]   (  166): <UG31/E><BATT> M:normal, P:73(73-73)%, V:3945mV, C:-406mA, T:32.7C(393), S:0x0001254a(000), R:2807mAh, F:3822mAh, Q:-458mAh, CC:3, P:30.250(458-0)s, BO:7, 97:615:0-44af-9m:B001-20140514-144301 (16)
02-25 17:15:56.649 D/EVENT_THREAD(  183): void CEventThread::run() POLLIN event on Fd (1)
02-25 17:15:56.649 D/EVENT_THREAD(  183): void CEventThread::run() Do poll with timeout: -1
02-25 17:15:56.649 I/upi_ug31xx(  166): (530) backup_data 
02-25 17:15:56.649 V/upi_ug31xx(  166): state->check_backup_count = 1
02-25 17:15:56.889 D/EVENT_THREAD(  183): void CEventThread::run() POLLIN event on Fd (1)
02-25 17:15:56.889 D/EVENT_THREAD(  183): void CEventThread::run() Do poll with timeout: -1
02-25 17:16:00.009 D/BatteryStatsImpl(  506): noteStopWakeLocked system isFromForeground = false
02-25 17:16:00.029 D/AlarmManager(  506): Added alarm Alarm{22048690 type 0 android} type:RTC_WAKEUP when: At 15-2-25 下午5:30 repeatInterval: 0h:30m:0.0s
02-25 17:16:00.049 D/Clock   (  567): ACTION_TIME_TICK
02-25 17:16:00.049 D/Clock   (  567): update clock:下午5:16
02-25 17:16:00.059 D/BatteryStatsImpl(  506): noteStopWakeLocked system isFromForeground = false
02-25 17:16:16.309 W/ufoGralloc(  171): registerBuffer() handle 0xb93f7cd0/52 didn't require registration
02-25 17:16:16.399 D/WindowManager(  506): adjustConfigurationLw, config:{1.0 ?mcc?mnc ?locale ?layoutDir sw600dp w600dp h888dp 213dpi lrg port ?uimode ?night finger -keyb/v/h -nav/v} mLidState:1 mHasDockFeature:false mHasKeyboardFeature:false mHasHallSensorFeature:true config.hardKeyboardHidden:2
02-25 17:16:16.399 I/ActivityManager(  506): [TopPkgCurBat]	NowPkgName[testkit.stub]	Battery[73]	TimeTick[1424855776410]	OldPkgName[org.xwalk.webapi_noneservice_tests]
02-25 17:16:16.459 V/AsusPhoneStatusBar(  567): setLightsOn(true)
02-25 17:16:16.469 D/BatteryStatsImpl(  506): noteStopWakeLocked system isFromForeground = false
02-25 17:16:16.559 D/XT9IME  ( 5443): new subtype :zh_CN ,pinyin
02-25 17:16:16.569 W/IInputConnectionWrapper( 5404): showStatusIcon on inactive InputConnection
02-25 17:16:16.669 D/        ( 5404): Surface destroy: ANDROID_NATIVE_WINDOW_MAGIC
02-25 17:16:16.679 D/        ( 5404): Surface destroy: ANDROID_NATIVE_WINDOW_MAGIC
02-25 17:16:17.229 W/SurfaceFlinger(  171): couldn't log to binary event log: overflow.
02-25 17:16:17.229 D/        ( 5404): Pixel Format : GGL_PIXEL_FORMAT_RGBA_8888
02-25 17:16:17.249 W/ManagedEGLContext( 5404): doTerminate failed: EGL count is 2 but managed count is 1
02-25 17:16:17.299 W/ScreenOrientationListener( 5404): Removing an inexistent observer!
02-25 17:16:17.979 D/AndroidRuntime( 5536): 
02-25 17:16:17.979 D/AndroidRuntime( 5536): >>>>>> AndroidRuntime START com.android.internal.os.RuntimeInit <<<<<<
02-25 17:16:17.979 D/AndroidRuntime( 5536): CheckJNI is OFF
02-25 17:16:17.979 I/AndroidRuntime( 5536): Kernel Release Version: 3.10.20-gf818079
02-25 17:16:17.979 I/dalvikvm( 5536): No library specified. The standard exception handler will be used
02-25 17:16:17.999 I/dalvikvm( 5536): 
02-25 17:16:17.999 I/dalvikvm( 5536): +++++++++++++ Using PCG. +++++++++++++++++++++
02-25 17:16:18.129 D/dalvikvm( 5536): Trying to load lib libjavacore.so 0x0
02-25 17:16:18.139 D/dalvikvm( 5536): Added shared lib libjavacore.so 0x0
02-25 17:16:18.159 D/dalvikvm( 5536): Trying to load lib libnativehelper.so 0x0
02-25 17:16:18.159 D/dalvikvm( 5536): Added shared lib libnativehelper.so 0x0
02-25 17:16:18.159 D/dalvikvm( 5536): No JNI_OnLoad found in libnativehelper.so 0x0, skipping init
02-25 17:16:18.179 D/dalvikvm( 5536): Extra Options: not specified
02-25 17:16:18.289 D/dalvikvm( 5536): Note: class Landroid/app/ActivityManagerNative; has 186 unimplemented (abstract) methods
02-25 17:16:18.419 E/memtrack( 5536): Couldn't load memtrack module (No such file or directory)
02-25 17:16:18.419 E/android.os.Debug( 5536): failed to load memtrack module: -2
02-25 17:16:18.489 D/AndroidRuntime( 5536): Calling main entry com.android.commands.am.Am
02-25 17:16:18.519 I/ActivityManager(  506): Force stopping org.xwalk.webapi_noneservice_tests appid=10294 user=0: from pid 5536
02-25 17:16:18.519 I/dalvikvm( 5536): Total arena pages for JIT: 11
02-25 17:16:18.519 I/dalvikvm( 5536): Total arena pages for JIT: 12
02-25 17:16:18.519 I/ActivityManager(  506): Killing 5404:org.xwalk.webapi_noneservice_tests/u0a294 (adj 9): stop org.xwalk.webapi_noneservice_tests
02-25 17:16:18.529 I/dalvikvm( 5536): Total arena pages for JIT: 13
02-25 17:16:18.529 I/dalvikvm( 5536): Total arena pages for JIT: 14
02-25 17:16:18.529 I/dalvikvm( 5536): Total arena pages for JIT: 15
02-25 17:16:18.529 I/SecurityManagerService(  680): SMS received security event: App[STOP/org.xwalk.webapi_noneservice_tests]
02-25 17:16:18.529 D/AndroidRuntime( 5536): Shutting down VM
02-25 17:16:18.539 D/dalvikvm( 5536): GC_CONCURRENT freed 108K, 16% free 638K/760K, paused 2ms+0ms, total 3ms
02-25 17:16:18.559 D/dalvikvm( 5536): Compiler shutdown in progress - discarding request
02-25 17:16:18.559 D/dalvikvm( 5536): Compiler shutdown in progress - discarding request
02-25 17:16:18.559 D/dalvikvm( 5536): Compiler shutdown in progress - discarding request
02-25 17:16:18.559 D/dalvikvm( 5536): Compiler shutdown in progress - discarding request
02-25 17:16:18.559 D/dalvikvm( 5536): Compiler shutdown in progress - discarding request
02-25 17:16:18.559 D/dalvikvm( 5536): Compiler shutdown in progress - discarding request
02-25 17:16:18.559 D/dalvikvm( 5536): Compiler shutdown in progress - discarding request
02-25 17:16:18.559 D/dalvikvm( 5536): Compiler shutdown in progress - discarding request
02-25 17:16:18.559 D/dalvikvm( 5536): Compiler shutdown in progress - discarding request
02-25 17:16:18.559 D/dalvikvm( 5536): Compiler shutdown in progress - discarding request
02-25 17:16:18.559 D/dalvikvm( 5536): Compiler shutdown in progress - discarding request
02-25 17:16:18.559 D/dalvikvm( 5536): Compiler shutdown in progress - discarding request
02-25 17:16:18.559 D/dalvikvm( 5536): Compiler shutdown in progress - discarding request
02-25 17:16:18.559 D/dalvikvm( 5536): Compiler shutdown in progress - discarding request
02-25 17:16:18.559 D/dalvikvm( 5536): Compiler shutdown in progress - discarding request
02-25 17:16:18.559 D/dalvikvm( 5536): Compiler shutdown in progress - discarding request
02-25 17:16:18.559 D/dalvikvm( 5536): Compiler shutdown in progress - discarding request
02-25 17:16:18.559 D/dalvikvm( 5536): Compiler shutdown in progress - discarding request
02-25 17:16:18.559 D/dalvikvm( 5536): Compiler shutdown in progress - discarding request
02-25 17:16:18.559 D/dalvikvm( 5536): Compiler shutdown in progress - discarding request
02-25 17:16:18.559 D/dalvikvm( 5536): Compiler shutdown in progress - discarding request
02-25 17:16:18.559 D/dalvikvm( 5536): Compiler shutdown in progress - discarding request
02-25 17:16:18.559 D/dalvikvm( 5536): Compiler shutdown in progress - discarding request
02-25 17:16:18.559 D/dalvikvm( 5536): Compiler shutdown in progress - discarding request
02-25 17:16:18.559 D/dalvikvm( 5536): Compiler shutdown in progress - discarding request
02-25 17:16:18.559 D/dalvikvm( 5536): Compiler shutdown in progress - discarding request
02-25 17:16:18.559 D/dalvikvm( 5536): Compiler shutdown in progress - discarding request
02-25 17:16:18.559 D/dalvikvm( 5536): Compiler shutdown in progress - discarding request
