02-25 10:44:37.549 W/ActivityManager(  506): Permission Denial: opening provider com.android.providers.telephony.SmsProvider from ProcessRecord{2204d9b8 7728:org.xwalk.webapi_noneservice_tests/u0a259} (pid=7728, uid=10259) requires android.permission.READ_SMS or android.permission.WRITE_SMS
02-25 10:44:37.559 W/System.err( 7728): 	at org.xwalk.core.internal.extension.api.messaging.MessagingManager.onMsgFindMessages(MessagingManager.java:46)
02-25 10:44:37.559 W/System.err( 7728): 	at org.xwalk.core.internal.extension.api.messaging.Messaging$4.runCommand(Messaging.java:60)
02-25 10:44:37.559 W/System.err( 7728): 	at org.xwalk.core.internal.extension.api.messaging.Messaging.onMessage(Messaging.java:121)
02-25 10:44:37.559 W/System.err( 7728): 	at dalvik.system.NativeStart.run(Native Method)
02-25 10:44:37.559 W/System.err( 7728): java.lang.SecurityException: Permission Denial: opening provider com.android.providers.telephony.SmsProvider from ProcessRecord{2204d9b8 7728:org.xwalk.webapi_noneservice_tests/u0a259} (pid=7728, uid=10259) requires android.permission.READ_SMS or android.permission.WRITE_SMS
02-25 10:44:37.559 W/System.err( 7728): 	at android.os.Parcel.readException(Parcel.java:1465)
02-25 10:44:37.559 W/System.err( 7728): 	at android.os.Parcel.readException(Parcel.java:1419)
02-25 10:44:37.559 W/System.err( 7728): 	at android.app.ActivityManagerProxy.getContentProvider(ActivityManagerNative.java:2912)
02-25 10:44:37.559 W/System.err( 7728): 	at android.app.ActivityThread.acquireProvider(ActivityThread.java:4455)
02-25 10:44:37.559 W/System.err( 7728): 	at android.app.ContextImpl$ApplicationContentResolver.acquireUnstableProvider(ContextImpl.java:2539)
02-25 10:44:37.559 W/System.err( 7728): 	at android.content.ContentResolver.acquireUnstableProvider(ContentResolver.java:1425)
02-25 10:44:37.559 W/System.err( 7728): 	at android.content.ContentResolver.query(ContentResolver.java:445)
02-25 10:44:37.559 W/System.err( 7728): 	at android.content.ContentResolver.query(ContentResolver.java:404)
02-25 10:44:37.559 W/System.err( 7728): 	at org.xwalk.core.internal.extension.api.messaging.MessagingManager.queryMessage(MessagingManager.java:125)
02-25 10:44:37.559 W/System.err( 7728): 	at org.xwalk.core.internal.extension.api.messaging.MessagingManager.onMsgFindMessages(MessagingManager.java:46)
02-25 10:44:37.559 W/System.err( 7728): 	at org.xwalk.core.internal.extension.api.messaging.Messaging$4.runCommand(Messaging.java:60)
02-25 10:44:37.559 W/System.err( 7728): 	at org.xwalk.core.internal.extension.api.messaging.Messaging.onMessage(Messaging.java:121)
02-25 10:44:37.559 W/System.err( 7728): 	at dalvik.system.NativeStart.run(Native Method)
02-25 10:44:37.559 W/ActivityManager(  506): Permission Denial: opening provider com.android.providers.telephony.SmsProvider from ProcessRecord{2204d9b8 7728:org.xwalk.webapi_noneservice_tests/u0a259} (pid=7728, uid=10259) requires android.permission.READ_SMS or android.permission.WRITE_SMS
02-25 10:44:37.559 W/ActivityManager(  506): Permission Denial: opening provider com.android.providers.telephony.SmsProvider from ProcessRecord{2204d9b8 7728:org.xwalk.webapi_noneservice_tests/u0a259} (pid=7728, uid=10259) requires android.permission.READ_SMS or android.permission.WRITE_SMS
02-25 10:44:37.569 D/dalvikvm( 7728): GC_CONCURRENT freed 2219K, 23% free 7579K/9832K, paused 1ms+3ms, total 13ms
02-25 10:44:37.569 W/System.err( 7728): java.lang.SecurityException: Permission Denial: opening provider com.android.providers.telephony.SmsProvider from ProcessRecord{2204d9b8 7728:org.xwalk.webapi_noneservice_tests/u0a259} (pid=7728, uid=10259) requires android.permission.READ_SMS or android.permission.WRITE_SMS
02-25 10:44:37.569 W/System.err( 7728): 	at android.os.Parcel.readException(Parcel.java:1465)
02-25 10:44:37.569 W/System.err( 7728): 	at android.os.Parcel.readException(Parcel.java:1419)
02-25 10:44:37.569 W/System.err( 7728): 	at android.app.ActivityManagerProxy.getContentProvider(ActivityManagerNative.java:2912)
02-25 10:44:37.569 W/System.err( 7728): 	at android.app.ActivityThread.acquireProvider(ActivityThread.java:4455)
02-25 10:44:37.569 W/System.err( 7728): 	at android.app.ContextImpl$ApplicationContentResolver.acquireUnstableProvider(ContextImpl.java:2539)
02-25 10:44:37.569 W/System.err( 7728): 	at android.content.ContentResolver.acquireUnstableProvider(ContentResolver.java:1425)
02-25 10:44:37.569 W/System.err( 7728): 	at android.content.ContentResolver.query(ContentResolver.java:445)
02-25 10:44:37.569 W/System.err( 7728): 	at android.content.ContentResolver.query(ContentResolver.java:404)
02-25 10:44:37.569 W/System.err( 7728): 	at org.xwalk.core.internal.extension.api.messaging.MessagingManager.queryMessage(MessagingManager.java:125)
02-25 10:44:37.569 W/System.err( 7728): 	at org.xwalk.core.internal.extension.api.messaging.MessagingManager.onMsgFindMessages(MessagingManager.java:46)
02-25 10:44:37.569 W/System.err( 7728): 	at org.xwalk.core.internal.extension.api.messaging.Messaging$4.runCommand(Messaging.java:60)
02-25 10:44:37.569 W/System.err( 7728): 	at org.xwalk.core.internal.extension.api.messaging.Messaging.onMessage(Messaging.java:121)
02-25 10:44:37.569 W/System.err( 7728): 	at dalvik.system.NativeStart.run(Native Method)
02-25 10:44:37.569 W/System.err( 7728): java.lang.SecurityException: Permission Denial: opening provider com.android.providers.telephony.SmsProvider from ProcessRecord{2204d9b8 7728:org.xwalk.webapi_noneservice_tests/u0a259} (pid=7728, uid=10259) requires android.permission.READ_SMS or android.permission.WRITE_SMS
02-25 10:44:37.569 W/System.err( 7728): 	at android.os.Parcel.readException(Parcel.java:1465)
02-25 10:44:37.569 W/System.err( 7728): 	at android.os.Parcel.readException(Parcel.java:1419)
02-25 10:44:37.569 W/System.err( 7728): 	at android.app.ActivityManagerProxy.getContentProvider(ActivityManagerNative.java:2912)
02-25 10:44:37.569 W/System.err( 7728): 	at android.app.ActivityThread.acquireProvider(ActivityThread.java:4455)
02-25 10:44:37.569 W/ActivityManager(  506): Permission Denial: opening provider com.android.providers.telephony.SmsProvider from ProcessRecord{2204d9b8 7728:org.xwalk.webapi_noneservice_tests/u0a259} (pid=7728, uid=10259) requires android.permission.READ_SMS or android.permission.WRITE_SMS
02-25 10:44:37.579 W/System.err( 7728): 	at android.app.ContextImpl$ApplicationContentResolver.acquireUnstableProvider(ContextImpl.java:2539)
02-25 10:44:37.579 W/System.err( 7728): 	at android.content.ContentResolver.acquireUnstableProvider(ContentResolver.java:1425)
02-25 10:44:37.579 W/System.err( 7728): 	at android.content.ContentResolver.query(ContentResolver.java:445)
02-25 10:44:37.579 W/System.err( 7728): 	at android.content.ContentResolver.query(ContentResolver.java:404)
02-25 10:44:37.579 W/System.err( 7728): 	at org.xwalk.core.internal.extension.api.messaging.MessagingManager.queryMessage(MessagingManager.java:125)
02-25 10:44:37.579 W/System.err( 7728): 	at org.xwalk.core.internal.extension.api.messaging.MessagingManager.onMsgFindMessages(MessagingManager.java:46)
02-25 10:44:37.579 W/System.err( 7728): 	at org.xwalk.core.internal.extension.api.messaging.Messaging$4.runCommand(Messaging.java:60)
02-25 10:44:37.579 W/System.err( 7728): 	at org.xwalk.core.internal.extension.api.messaging.Messaging.onMessage(Messaging.java:121)
02-25 10:44:37.579 W/System.err( 7728): 	at dalvik.system.NativeStart.run(Native Method)
02-25 10:44:37.579 W/System.err( 7728): java.lang.SecurityException: Permission Denial: opening provider com.android.providers.telephony.SmsProvider from ProcessRecord{2204d9b8 7728:org.xwalk.webapi_noneservice_tests/u0a259} (pid=7728, uid=10259) requires android.permission.READ_SMS or android.permission.WRITE_SMS
02-25 10:44:37.579 W/System.err( 7728): 	at android.os.Parcel.readException(Parcel.java:1465)
02-25 10:44:37.579 W/System.err( 7728): 	at android.os.Parcel.readException(Parcel.java:1419)
02-25 10:44:37.579 W/System.err( 7728): 	at android.app.ActivityManagerProxy.getContentProvider(ActivityManagerNative.java:2912)
02-25 10:44:37.579 W/System.err( 7728): 	at android.app.ActivityThread.acquireProvider(ActivityThread.java:4455)
02-25 10:44:37.579 W/System.err( 7728): 	at android.app.ContextImpl$ApplicationContentResolver.acquireUnstableProvider(ContextImpl.java:2539)
02-25 10:44:37.579 W/System.err( 7728): 	at android.content.ContentResolver.acquireUnstableProvider(ContentResolver.java:1425)
02-25 10:44:37.579 W/System.err( 7728): 	at android.content.ContentResolver.query(ContentResolver.java:445)
02-25 10:44:37.579 W/System.err( 7728): 	at android.content.ContentResolver.query(ContentResolver.java:404)
02-25 10:44:37.579 W/System.err( 7728): 	at org.xwalk.core.internal.extension.api.messaging.MessagingManager.queryMessage(MessagingManager.java:125)
02-25 10:44:37.579 W/System.err( 7728): 	at org.xwalk.core.internal.extension.api.messaging.MessagingManager.onMsgFindMessages(MessagingManager.java:46)
02-25 10:44:37.579 W/System.err( 7728): 	at org.xwalk.core.internal.extension.api.messaging.Messaging$4.runCommand(Messaging.java:60)
02-25 10:44:37.579 W/System.err( 7728): 	at org.xwalk.core.internal.extension.api.messaging.Messaging.onMessage(Messaging.java:121)
02-25 10:44:37.579 W/System.err( 7728): 	at dalvik.system.NativeStart.run(Native Method)
02-25 10:44:37.579 W/System.err( 7728): java.lang.SecurityException: Permission Denial: opening provider com.android.providers.telephony.SmsProvider from ProcessRecord{2204d9b8 7728:org.xwalk.webapi_noneservice_tests/u0a259} (pid=7728, uid=10259) requires android.permission.READ_SMS or android.permission.WRITE_SMS
02-25 10:44:37.579 W/System.err( 7728): 	at android.os.Parcel.readException(Parcel.java:1465)
02-25 10:44:37.579 W/System.err( 7728): 	at android.os.Parcel.readException(Parcel.java:1419)
02-25 10:44:37.579 W/System.err( 7728): 	at android.app.ActivityManagerProxy.getContentProvider(ActivityManagerNative.java:2912)
02-25 10:44:37.579 W/System.err( 7728): 	at android.app.ActivityThread.acquireProvider(ActivityThread.java:4455)
02-25 10:44:37.579 W/System.err( 7728): 	at android.app.ContextImpl$ApplicationContentResolver.acquireUnstableProvider(ContextImpl.java:2539)
02-25 10:44:37.579 W/System.err( 7728): 	at android.content.ContentResolver.acquireUnstableProvider(ContentResolver.java:1425)
02-25 10:44:37.579 W/System.err( 7728): 	at android.content.ContentResolver.query(ContentResolver.java:445)
02-25 10:44:37.579 W/System.err( 7728): 	at android.content.ContentResolver.query(ContentResolver.java:404)
02-25 10:44:37.579 W/System.err( 7728): 	at org.xwalk.core.internal.extension.api.messaging.MessagingManager.queryMessage(MessagingManager.java:125)
02-25 10:44:37.579 W/System.err( 7728): 	at org.xwalk.core.internal.extension.api.messaging.MessagingManager.onMsgFindMessages(MessagingManager.java:46)
02-25 10:44:37.579 W/System.err( 7728): 	at org.xwalk.core.internal.extension.api.messaging.Messaging$4.runCommand(Messaging.java:60)
02-25 10:44:37.579 W/ActivityManager(  506): Permission Denial: opening provider com.android.providers.telephony.SmsProvider from ProcessRecord{2204d9b8 7728:org.xwalk.webapi_noneservice_tests/u0a259} (pid=7728, uid=10259) requires android.permission.READ_SMS or android.permission.WRITE_SMS
02-25 10:44:37.579 W/ActivityManager(  506): Permission Denial: opening provider com.android.providers.telephony.SmsProvider from ProcessRecord{2204d9b8 7728:org.xwalk.webapi_noneservice_tests/u0a259} (pid=7728, uid=10259) requires android.permission.READ_SMS or android.permission.WRITE_SMS
02-25 10:44:37.589 W/System.err( 7728): 	at org.xwalk.core.internal.extension.api.messaging.Messaging.onMessage(Messaging.java:121)
02-25 10:44:37.589 W/System.err( 7728): 	at dalvik.system.NativeStart.run(Native Method)
02-25 10:44:37.589 W/System.err( 7728): java.lang.SecurityException: Permission Denial: opening provider com.android.providers.telephony.SmsProvider from ProcessRecord{2204d9b8 7728:org.xwalk.webapi_noneservice_tests/u0a259} (pid=7728, uid=10259) requires android.permission.READ_SMS or android.permission.WRITE_SMS
02-25 10:44:37.589 W/System.err( 7728): 	at android.os.Parcel.readException(Parcel.java:1465)
02-25 10:44:37.589 W/System.err( 7728): 	at android.os.Parcel.readException(Parcel.java:1419)
02-25 10:44:37.589 W/System.err( 7728): 	at android.app.ActivityManagerProxy.getContentProvider(ActivityManagerNative.java:2912)
02-25 10:44:37.589 W/System.err( 7728): 	at android.app.ActivityThread.acquireProvider(ActivityThread.java:4455)
02-25 10:44:37.589 W/System.err( 7728): 	at android.app.ContextImpl$ApplicationContentResolver.acquireUnstableProvider(ContextImpl.java:2539)
02-25 10:44:37.589 W/System.err( 7728): 	at android.content.ContentResolver.acquireUnstableProvider(ContentResolver.java:1425)
02-25 10:44:37.589 W/System.err( 7728): 	at android.content.ContentResolver.query(ContentResolver.java:445)
02-25 10:44:37.589 W/System.err( 7728): 	at android.content.ContentResolver.query(ContentResolver.java:404)
02-25 10:44:37.589 W/System.err( 7728): 	at org.xwalk.core.internal.extension.api.messaging.MessagingManager.queryMessage(MessagingManager.java:125)
02-25 10:44:37.589 W/System.err( 7728): 	at org.xwalk.core.internal.extension.api.messaging.MessagingManager.onMsgFindMessages(MessagingManager.java:46)
02-25 10:44:37.589 W/System.err( 7728): 	at org.xwalk.core.internal.extension.api.messaging.Messaging$4.runCommand(Messaging.java:60)
02-25 10:44:37.589 W/System.err( 7728): 	at org.xwalk.core.internal.extension.api.messaging.Messaging.onMessage(Messaging.java:121)
02-25 10:44:37.589 W/System.err( 7728): 	at dalvik.system.NativeStart.run(Native Method)
02-25 10:44:37.589 W/System.err( 7728): java.lang.SecurityException: Permission Denial: opening provider com.android.providers.telephony.SmsProvider from ProcessRecord{2204d9b8 7728:org.xwalk.webapi_noneservice_tests/u0a259} (pid=7728, uid=10259) requires android.permission.READ_SMS or android.permission.WRITE_SMS
02-25 10:44:37.589 W/System.err( 7728): 	at android.os.Parcel.readException(Parcel.java:1465)
02-25 10:44:37.589 W/System.err( 7728): 	at android.os.Parcel.readException(Parcel.java:1419)
02-25 10:44:37.589 W/System.err( 7728): 	at android.app.ActivityManagerProxy.getContentProvider(ActivityManagerNative.java:2912)
02-25 10:44:37.589 W/System.err( 7728): 	at android.app.ActivityThread.acquireProvider(ActivityThread.java:4455)
02-25 10:44:37.589 W/System.err( 7728): 	at android.app.ContextImpl$ApplicationContentResolver.acquireUnstableProvider(ContextImpl.java:2539)
02-25 10:44:37.589 W/System.err( 7728): 	at android.content.ContentResolver.acquireUnstableProvider(ContentResolver.java:1425)
02-25 10:44:37.589 W/System.err( 7728): 	at android.content.ContentResolver.query(ContentResolver.java:445)
02-25 10:44:37.589 W/System.err( 7728): 	at android.content.ContentResolver.query(ContentResolver.java:404)
02-25 10:44:37.589 W/System.err( 7728): 	at org.xwalk.core.internal.extension.api.messaging.MessagingManager.queryMessage(MessagingManager.java:125)
02-25 10:44:37.589 W/System.err( 7728): 	at org.xwalk.core.internal.extension.api.messaging.MessagingManager.onMsgFindMessages(MessagingManager.java:46)
02-25 10:44:37.589 W/System.err( 7728): 	at org.xwalk.core.internal.extension.api.messaging.Messaging$4.runCommand(Messaging.java:60)
02-25 10:44:37.589 W/System.err( 7728): 	at org.xwalk.core.internal.extension.api.messaging.Messaging.onMessage(Messaging.java:121)
02-25 10:44:37.589 W/System.err( 7728): 	at dalvik.system.NativeStart.run(Native Method)
02-25 10:44:37.589 W/ActivityManager(  506): Permission Denial: opening provider com.android.providers.telephony.SmsProvider from ProcessRecord{2204d9b8 7728:org.xwalk.webapi_noneservice_tests/u0a259} (pid=7728, uid=10259) requires android.permission.READ_SMS or android.permission.WRITE_SMS
02-25 10:44:37.589 W/ActivityManager(  506): Permission Denial: opening provider com.android.providers.telephony.SmsProvider from ProcessRecord{2204d9b8 7728:org.xwalk.webapi_noneservice_tests/u0a259} (pid=7728, uid=10259) requires android.permission.READ_SMS or android.permission.WRITE_SMS
02-25 10:44:37.599 W/System.err( 7728): java.lang.SecurityException: Permission Denial: opening provider com.android.providers.telephony.SmsProvider from ProcessRecord{2204d9b8 7728:org.xwalk.webapi_noneservice_tests/u0a259} (pid=7728, uid=10259) requires android.permission.READ_SMS or android.permission.WRITE_SMS
02-25 10:44:37.599 W/System.err( 7728): 	at android.os.Parcel.readException(Parcel.java:1465)
02-25 10:44:37.599 W/System.err( 7728): 	at android.os.Parcel.readException(Parcel.java:1419)
02-25 10:44:37.599 W/System.err( 7728): 	at android.app.ActivityManagerProxy.getContentProvider(ActivityManagerNative.java:2912)
02-25 10:44:37.599 W/System.err( 7728): 	at android.app.ActivityThread.acquireProvider(ActivityThread.java:4455)
02-25 10:44:37.599 W/System.err( 7728): 	at android.app.ContextImpl$ApplicationContentResolver.acquireUnstableProvider(ContextImpl.java:2539)
02-25 10:44:37.599 W/System.err( 7728): 	at android.content.ContentResolver.acquireUnstableProvider(ContentResolver.java:1425)
02-25 10:44:37.599 W/System.err( 7728): 	at android.content.ContentResolver.query(ContentResolver.java:445)
02-25 10:44:37.599 W/System.err( 7728): 	at android.content.ContentResolver.query(ContentResolver.java:404)
02-25 10:44:37.599 W/System.err( 7728): 	at org.xwalk.core.internal.extension.api.messaging.MessagingManager.queryMessage(MessagingManager.java:125)
02-25 10:44:37.599 W/System.err( 7728): 	at org.xwalk.core.internal.extension.api.messaging.MessagingManager.onMsgFindMessages(MessagingManager.java:46)
02-25 10:44:37.599 W/System.err( 7728): 	at org.xwalk.core.internal.extension.api.messaging.Messaging$4.runCommand(Messaging.java:60)
02-25 10:44:37.599 W/System.err( 7728): 	at org.xwalk.core.internal.extension.api.messaging.Messaging.onMessage(Messaging.java:121)
02-25 10:44:37.599 W/System.err( 7728): 	at dalvik.system.NativeStart.run(Native Method)
02-25 10:44:37.599 W/System.err( 7728): java.lang.SecurityException: Permission Denial: opening provider com.android.providers.telephony.SmsProvider from ProcessRecord{2204d9b8 7728:org.xwalk.webapi_noneservice_tests/u0a259} (pid=7728, uid=10259) requires android.permission.READ_SMS or android.permission.WRITE_SMS
02-25 10:44:37.599 W/System.err( 7728): 	at android.os.Parcel.readException(Parcel.java:1465)
02-25 10:44:37.599 W/System.err( 7728): 	at android.os.Parcel.readException(Parcel.java:1419)
02-25 10:44:37.599 W/System.err( 7728): 	at android.app.ActivityManagerProxy.getContentProvider(ActivityManagerNative.java:2912)
02-25 10:44:37.599 W/System.err( 7728): 	at android.app.ActivityThread.acquireProvider(ActivityThread.java:4455)
02-25 10:44:37.599 W/System.err( 7728): 	at android.app.ContextImpl$ApplicationContentResolver.acquireUnstableProvider(ContextImpl.java:2539)
02-25 10:44:37.599 W/System.err( 7728): 	at android.content.ContentResolver.acquireUnstableProvider(ContentResolver.java:1425)
02-25 10:44:37.599 W/System.err( 7728): 	at android.content.ContentResolver.query(ContentResolver.java:445)
02-25 10:44:37.599 W/System.err( 7728): 	at android.content.ContentResolver.query(ContentResolver.java:404)
02-25 10:44:37.599 W/System.err( 7728): 	at org.xwalk.core.internal.extension.api.messaging.MessagingManager.queryMessage(MessagingManager.java:125)
02-25 10:44:37.599 W/System.err( 7728): 	at org.xwalk.core.internal.extension.api.messaging.MessagingManager.onMsgFindMessages(MessagingManager.java:46)
02-25 10:44:37.599 W/System.err( 7728): 	at org.xwalk.core.internal.extension.api.messaging.Messaging$4.runCommand(Messaging.java:60)
02-25 10:44:37.599 W/System.err( 7728): 	at org.xwalk.core.internal.extension.api.messaging.Messaging.onMessage(Messaging.java:121)
02-25 10:44:37.599 W/System.err( 7728): 	at dalvik.system.NativeStart.run(Native Method)
02-25 10:44:37.599 W/ActivityManager(  506): Permission Denial: opening provider com.android.providers.telephony.SmsProvider from ProcessRecord{2204d9b8 7728:org.xwalk.webapi_noneservice_tests/u0a259} (pid=7728, uid=10259) requires android.permission.READ_SMS or android.permission.WRITE_SMS
02-25 10:44:37.599 W/ActivityManager(  506): Permission Denial: opening provider com.android.providers.telephony.SmsProvider from ProcessRecord{2204d9b8 7728:org.xwalk.webapi_noneservice_tests/u0a259} (pid=7728, uid=10259) requires android.permission.READ_SMS or android.permission.WRITE_SMS
02-25 10:44:40.129 W/BindingManager( 7728): Cannot call determinedVisibility() - never saw a connection for the pid: 7728
02-25 10:44:40.179 W/System.err( 7728): java.lang.SecurityException: Permission Denial: opening provider com.android.providers.telephony.MmsProvider from ProcessRecord{2204d9b8 7728:org.xwalk.webapi_noneservice_tests/u0a259} (pid=7728, uid=10259) requires android.permission.READ_SMS or android.permission.WRITE_SMS
02-25 10:44:40.179 W/System.err( 7728): 	at android.os.Parcel.readException(Parcel.java:1465)
02-25 10:44:40.179 W/System.err( 7728): 	at android.os.Parcel.readException(Parcel.java:1419)
02-25 10:44:40.179 W/System.err( 7728): 	at android.app.ActivityManagerProxy.getContentProvider(ActivityManagerNative.java:2912)
02-25 10:44:40.179 W/System.err( 7728): 	at android.app.ActivityThread.acquireProvider(ActivityThread.java:4455)
02-25 10:44:40.179 W/System.err( 7728): 	at android.app.ContextImpl$ApplicationContentResolver.acquireUnstableProvider(ContextImpl.java:2539)
02-25 10:44:40.179 W/System.err( 7728): 	at android.content.ContentResolver.acquireUnstableProvider(ContentResolver.java:1425)
02-25 10:44:40.179 W/System.err( 7728): 	at android.content.ContentResolver.query(ContentResolver.java:445)
02-25 10:44:40.179 W/System.err( 7728): 	at android.content.ContentResolver.query(ContentResolver.java:404)
02-25 10:44:40.179 W/System.err( 7728): 	at org.xwalk.core.internal.extension.api.messaging.MessagingManager.queryMessage(MessagingManager.java:125)
02-25 10:44:40.179 W/System.err( 7728): 	at org.xwalk.core.internal.extension.api.messaging.MessagingManager.onMsgFindMessages(MessagingManager.java:46)
02-25 10:44:40.179 W/System.err( 7728): 	at org.xwalk.core.internal.extension.api.messaging.Messaging$4.runCommand(Messaging.java:60)
02-25 10:44:40.179 W/System.err( 7728): 	at org.xwalk.core.internal.extension.api.messaging.Messaging.onMessage(Messaging.java:121)
02-25 10:44:40.179 W/System.err( 7728): 	at dalvik.system.NativeStart.run(Native Method)
02-25 10:44:40.179 W/System.err( 7728): java.lang.SecurityException: Permission Denial: opening provider com.android.providers.telephony.MmsProvider from ProcessRecord{2204d9b8 7728:org.xwalk.webapi_noneservice_tests/u0a259} (pid=7728, uid=10259) requires android.permission.READ_SMS or android.permission.WRITE_SMS
02-25 10:44:40.179 W/System.err( 7728): 	at android.os.Parcel.readException(Parcel.java:1465)
02-25 10:44:40.179 W/System.err( 7728): 	at android.os.Parcel.readException(Parcel.java:1419)
02-25 10:44:40.179 W/System.err( 7728): 	at android.app.ActivityManagerProxy.getContentProvider(ActivityManagerNative.java:2912)
02-25 10:44:40.179 W/System.err( 7728): 	at android.app.ActivityThread.acquireProvider(ActivityThread.java:4455)
02-25 10:44:40.179 W/System.err( 7728): 	at android.app.ContextImpl$ApplicationContentResolver.acquireUnstableProvider(ContextImpl.java:2539)
02-25 10:44:40.179 W/System.err( 7728): 	at android.content.ContentResolver.acquireUnstableProvider(ContentResolver.java:1425)
02-25 10:44:40.179 W/ActivityManager(  506): Permission Denial: opening provider com.android.providers.telephony.MmsProvider from ProcessRecord{2204d9b8 7728:org.xwalk.webapi_noneservice_tests/u0a259} (pid=7728, uid=10259) requires android.permission.READ_SMS or android.permission.WRITE_SMS
02-25 10:44:40.179 W/ActivityManager(  506): Permission Denial: opening provider com.android.providers.telephony.MmsProvider from ProcessRecord{2204d9b8 7728:org.xwalk.webapi_noneservice_tests/u0a259} (pid=7728, uid=10259) requires android.permission.READ_SMS or android.permission.WRITE_SMS
02-25 10:44:40.189 W/System.err( 7728): 	at android.content.ContentResolver.query(ContentResolver.java:445)
02-25 10:44:40.189 W/System.err( 7728): 	at android.content.ContentResolver.query(ContentResolver.java:404)
02-25 10:44:40.189 W/System.err( 7728): 	at org.xwalk.core.internal.extension.api.messaging.MessagingManager.queryMessage(MessagingManager.java:125)
02-25 10:44:40.189 W/System.err( 7728): 	at org.xwalk.core.internal.extension.api.messaging.MessagingManager.onMsgFindMessages(MessagingManager.java:46)
02-25 10:44:40.189 W/System.err( 7728): 	at org.xwalk.core.internal.extension.api.messaging.Messaging$4.runCommand(Messaging.java:60)
02-25 10:44:40.189 W/System.err( 7728): 	at org.xwalk.core.internal.extension.api.messaging.Messaging.onMessage(Messaging.java:121)
02-25 10:44:40.189 W/System.err( 7728): 	at dalvik.system.NativeStart.run(Native Method)
02-25 10:44:40.189 W/System.err( 7728): java.lang.SecurityException: Permission Denial: opening provider com.android.providers.telephony.MmsProvider from ProcessRecord{2204d9b8 7728:org.xwalk.webapi_noneservice_tests/u0a259} (pid=7728, uid=10259) requires android.permission.READ_SMS or android.permission.WRITE_SMS
02-25 10:44:40.189 W/System.err( 7728): 	at android.os.Parcel.readException(Parcel.java:1465)
02-25 10:44:40.189 W/System.err( 7728): 	at android.os.Parcel.readException(Parcel.java:1419)
02-25 10:44:40.189 W/System.err( 7728): 	at android.app.ActivityManagerProxy.getContentProvider(ActivityManagerNative.java:2912)
02-25 10:44:40.189 W/System.err( 7728): 	at android.app.ActivityThread.acquireProvider(ActivityThread.java:4455)
02-25 10:44:40.189 W/System.err( 7728): 	at android.app.ContextImpl$ApplicationContentResolver.acquireUnstableProvider(ContextImpl.java:2539)
02-25 10:44:40.189 W/System.err( 7728): 	at android.content.ContentResolver.acquireUnstableProvider(ContentResolver.java:1425)
02-25 10:44:40.189 W/System.err( 7728): 	at android.content.ContentResolver.query(ContentResolver.java:445)
02-25 10:44:40.189 W/System.err( 7728): 	at android.content.ContentResolver.query(ContentResolver.java:404)
02-25 10:44:40.189 W/System.err( 7728): 	at org.xwalk.core.internal.extension.api.messaging.MessagingManager.queryMessage(MessagingManager.java:125)
02-25 10:44:40.189 W/System.err( 7728): 	at org.xwalk.core.internal.extension.api.messaging.MessagingManager.onMsgFindMessages(MessagingManager.java:46)
02-25 10:44:40.189 W/System.err( 7728): 	at org.xwalk.core.internal.extension.api.messaging.Messaging$4.runCommand(Messaging.java:60)
02-25 10:44:40.189 W/System.err( 7728): 	at org.xwalk.core.internal.extension.api.messaging.Messaging.onMessage(Messaging.java:121)
02-25 10:44:40.189 W/System.err( 7728): 	at dalvik.system.NativeStart.run(Native Method)
02-25 10:44:40.189 W/System.err( 7728): java.lang.SecurityException: Permission Denial: opening provider com.android.providers.telephony.MmsProvider from ProcessRecord{2204d9b8 7728:org.xwalk.webapi_noneservice_tests/u0a259} (pid=7728, uid=10259) requires android.permission.READ_SMS or android.permission.WRITE_SMS
02-25 10:44:40.189 W/System.err( 7728): 	at android.os.Parcel.readException(Parcel.java:1465)
02-25 10:44:40.189 W/System.err( 7728): 	at android.os.Parcel.readException(Parcel.java:1419)
02-25 10:44:40.189 W/System.err( 7728): 	at android.app.ActivityManagerProxy.getContentProvider(ActivityManagerNative.java:2912)
02-25 10:44:40.189 W/System.err( 7728): 	at android.app.ActivityThread.acquireProvider(ActivityThread.java:4455)
02-25 10:44:40.189 W/System.err( 7728): 	at android.app.ContextImpl$ApplicationContentResolver.acquireUnstableProvider(ContextImpl.java:2539)
02-25 10:44:40.189 W/System.err( 7728): 	at android.content.ContentResolver.acquireUnstableProvider(ContentResolver.java:1425)
02-25 10:44:40.189 W/System.err( 7728): 	at android.content.ContentResolver.query(ContentResolver.java:445)
02-25 10:44:40.189 W/System.err( 7728): 	at android.content.ContentResolver.query(ContentResolver.java:404)
02-25 10:44:40.189 W/System.err( 7728): 	at org.xwalk.core.internal.extension.api.messaging.MessagingManager.queryMessage(MessagingManager.java:125)
02-25 10:44:40.189 W/System.err( 7728): 	at org.xwalk.core.internal.extension.api.messaging.MessagingManager.onMsgFindMessages(MessagingManager.java:46)
02-25 10:44:40.189 W/System.err( 7728): 	at org.xwalk.core.internal.extension.api.messaging.Messaging$4.runCommand(Messaging.java:60)
02-25 10:44:40.189 W/System.err( 7728): 	at org.xwalk.core.internal.extension.api.messaging.Messaging.onMessage(Messaging.java:121)
02-25 10:44:40.189 W/System.err( 7728): 	at dalvik.system.NativeStart.run(Native Method)
02-25 10:44:40.189 W/ActivityManager(  506): Permission Denial: opening provider com.android.providers.telephony.MmsProvider from ProcessRecord{2204d9b8 7728:org.xwalk.webapi_noneservice_tests/u0a259} (pid=7728, uid=10259) requires android.permission.READ_SMS or android.permission.WRITE_SMS
02-25 10:44:40.189 W/ActivityManager(  506): Permission Denial: opening provider com.android.providers.telephony.MmsProvider from ProcessRecord{2204d9b8 7728:org.xwalk.webapi_noneservice_tests/u0a259} (pid=7728, uid=10259) requires android.permission.READ_SMS or android.permission.WRITE_SMS
02-25 10:44:40.189 W/ActivityManager(  506): Permission Denial: opening provider com.android.providers.telephony.MmsProvider from ProcessRecord{2204d9b8 7728:org.xwalk.webapi_noneservice_tests/u0a259} (pid=7728, uid=10259) requires android.permission.READ_SMS or android.permission.WRITE_SMS
02-25 10:44:40.199 W/System.err( 7728): java.lang.SecurityException: Permission Denial: opening provider com.android.providers.telephony.MmsProvider from ProcessRecord{2204d9b8 7728:org.xwalk.webapi_noneservice_tests/u0a259} (pid=7728, uid=10259) requires android.permission.READ_SMS or android.permission.WRITE_SMS
02-25 10:44:40.199 W/System.err( 7728): 	at android.os.Parcel.readException(Parcel.java:1465)
02-25 10:44:40.199 W/System.err( 7728): 	at android.os.Parcel.readException(Parcel.java:1419)
02-25 10:44:40.199 W/System.err( 7728): 	at android.app.ActivityManagerProxy.getContentProvider(ActivityManagerNative.java:2912)
02-25 10:44:40.199 W/System.err( 7728): 	at android.app.ActivityThread.acquireProvider(ActivityThread.java:4455)
02-25 10:44:40.199 W/System.err( 7728): 	at android.app.ContextImpl$ApplicationContentResolver.acquireUnstableProvider(ContextImpl.java:2539)
02-25 10:44:40.199 W/System.err( 7728): 	at android.content.ContentResolver.acquireUnstableProvider(ContentResolver.java:1425)
02-25 10:44:40.199 W/System.err( 7728): 	at android.content.ContentResolver.query(ContentResolver.java:445)
02-25 10:44:40.199 W/System.err( 7728): 	at android.content.ContentResolver.query(ContentResolver.java:404)
02-25 10:44:40.199 W/System.err( 7728): 	at org.xwalk.core.internal.extension.api.messaging.MessagingManager.queryMessage(MessagingManager.java:125)
02-25 10:44:40.199 W/System.err( 7728): 	at org.xwalk.core.internal.extension.api.messaging.MessagingManager.onMsgFindMessages(MessagingManager.java:46)
02-25 10:44:40.199 W/System.err( 7728): 	at org.xwalk.core.internal.extension.api.messaging.Messaging$4.runCommand(Messaging.java:60)
02-25 10:44:40.199 W/System.err( 7728): 	at org.xwalk.core.internal.extension.api.messaging.Messaging.onMessage(Messaging.java:121)
02-25 10:44:40.199 W/System.err( 7728): 	at dalvik.system.NativeStart.run(Native Method)
02-25 10:44:40.199 W/System.err( 7728): java.lang.SecurityException: Permission Denial: opening provider com.android.providers.telephony.MmsProvider from ProcessRecord{2204d9b8 7728:org.xwalk.webapi_noneservice_tests/u0a259} (pid=7728, uid=10259) requires android.permission.READ_SMS or android.permission.WRITE_SMS
02-25 10:44:40.199 W/System.err( 7728): 	at android.os.Parcel.readException(Parcel.java:1465)
02-25 10:44:40.199 W/System.err( 7728): 	at android.os.Parcel.readException(Parcel.java:1419)
02-25 10:44:40.199 W/System.err( 7728): 	at android.app.ActivityManagerProxy.getContentProvider(ActivityManagerNative.java:2912)
02-25 10:44:40.199 W/System.err( 7728): 	at android.app.ActivityThread.acquireProvider(ActivityThread.java:4455)
02-25 10:44:40.199 W/System.err( 7728): 	at android.app.ContextImpl$ApplicationContentResolver.acquireUnstableProvider(ContextImpl.java:2539)
02-25 10:44:40.199 W/System.err( 7728): 	at android.content.ContentResolver.acquireUnstableProvider(ContentResolver.java:1425)
02-25 10:44:40.199 W/System.err( 7728): 	at android.content.ContentResolver.query(ContentResolver.java:445)
02-25 10:44:40.199 W/System.err( 7728): 	at android.content.ContentResolver.query(ContentResolver.java:404)
02-25 10:44:40.199 W/System.err( 7728): 	at org.xwalk.core.internal.extension.api.messaging.MessagingManager.queryMessage(MessagingManager.java:125)
02-25 10:44:40.199 W/System.err( 7728): 	at org.xwalk.core.internal.extension.api.messaging.MessagingManager.onMsgFindMessages(MessagingManager.java:46)
02-25 10:44:40.199 W/System.err( 7728): 	at org.xwalk.core.internal.extension.api.messaging.Messaging$4.runCommand(Messaging.java:60)
02-25 10:44:40.199 W/System.err( 7728): 	at org.xwalk.core.internal.extension.api.messaging.Messaging.onMessage(Messaging.java:121)
02-25 10:44:40.199 W/System.err( 7728): 	at dalvik.system.NativeStart.run(Native Method)
02-25 10:44:40.199 W/System.err( 7728): java.lang.SecurityException: Permission Denial: opening provider com.android.providers.telephony.MmsProvider from ProcessRecord{2204d9b8 7728:org.xwalk.webapi_noneservice_tests/u0a259} (pid=7728, uid=10259) requires android.permission.READ_SMS or android.permission.WRITE_SMS
02-25 10:44:40.199 W/System.err( 7728): 	at android.os.Parcel.readException(Parcel.java:1465)
02-25 10:44:40.199 W/System.err( 7728): 	at android.os.Parcel.readException(Parcel.java:1419)
02-25 10:44:40.199 W/System.err( 7728): 	at android.app.ActivityManagerProxy.getContentProvider(ActivityManagerNative.java:2912)
02-25 10:44:40.199 W/System.err( 7728): 	at android.app.ActivityThread.acquireProvider(ActivityThread.java:4455)
02-25 10:44:40.199 W/System.err( 7728): 	at android.app.ContextImpl$ApplicationContentResolver.acquireUnstableProvider(ContextImpl.java:2539)
02-25 10:44:40.199 W/System.err( 7728): 	at android.content.ContentResolver.acquireUnstableProvider(ContentResolver.java:1425)
02-25 10:44:40.199 W/System.err( 7728): 	at android.content.ContentResolver.query(ContentResolver.java:445)
02-25 10:44:40.199 W/System.err( 7728): 	at android.content.ContentResolver.query(ContentResolver.java:404)
02-25 10:44:40.199 W/System.err( 7728): 	at org.xwalk.core.internal.extension.api.messaging.MessagingManager.queryMessage(MessagingManager.java:125)
02-25 10:44:40.199 W/System.err( 7728): 	at org.xwalk.core.internal.extension.api.messaging.MessagingManager.onMsgFindMessages(MessagingManager.java:46)
02-25 10:44:40.199 W/System.err( 7728): 	at org.xwalk.core.internal.extension.api.messaging.Messaging$4.runCommand(Messaging.java:60)
02-25 10:44:40.199 W/System.err( 7728): 	at org.xwalk.core.internal.extension.api.messaging.Messaging.onMessage(Messaging.java:121)
02-25 10:44:40.199 W/System.err( 7728): 	at dalvik.system.NativeStart.run(Native Method)
02-25 10:44:40.199 W/ActivityManager(  506): Permission Denial: opening provider com.android.providers.telephony.MmsProvider from ProcessRecord{2204d9b8 7728:org.xwalk.webapi_noneservice_tests/u0a259} (pid=7728, uid=10259) requires android.permission.READ_SMS or android.permission.WRITE_SMS
02-25 10:44:40.199 W/ActivityManager(  506): Permission Denial: opening provider com.android.providers.telephony.MmsProvider from ProcessRecord{2204d9b8 7728:org.xwalk.webapi_noneservice_tests/u0a259} (pid=7728, uid=10259) requires android.permission.READ_SMS or android.permission.WRITE_SMS
02-25 10:44:40.209 W/System.err( 7728): java.lang.SecurityException: Permission Denial: opening provider com.android.providers.telephony.MmsProvider from ProcessRecord{2204d9b8 7728:org.xwalk.webapi_noneservice_tests/u0a259} (pid=7728, uid=10259) requires android.permission.READ_SMS or android.permission.WRITE_SMS
02-25 10:44:40.209 W/System.err( 7728): 	at android.os.Parcel.readException(Parcel.java:1465)
02-25 10:44:40.209 W/System.err( 7728): 	at android.os.Parcel.readException(Parcel.java:1419)
02-25 10:44:40.209 W/System.err( 7728): 	at android.app.ActivityManagerProxy.getContentProvider(ActivityManagerNative.java:2912)
02-25 10:44:40.209 W/System.err( 7728): 	at android.app.ActivityThread.acquireProvider(ActivityThread.java:4455)
02-25 10:44:40.209 W/System.err( 7728): 	at android.app.ContextImpl$ApplicationContentResolver.acquireUnstableProvider(ContextImpl.java:2539)
02-25 10:44:40.209 W/System.err( 7728): 	at android.content.ContentResolver.acquireUnstableProvider(ContentResolver.java:1425)
02-25 10:44:40.209 W/System.err( 7728): 	at android.content.ContentResolver.query(ContentResolver.java:445)
02-25 10:44:40.209 W/System.err( 7728): 	at android.content.ContentResolver.query(ContentResolver.java:404)
02-25 10:44:40.209 W/System.err( 7728): 	at org.xwalk.core.internal.extension.api.messaging.MessagingManager.queryMessage(MessagingManager.java:125)
02-25 10:44:40.209 W/System.err( 7728): 	at org.xwalk.core.internal.extension.api.messaging.MessagingManager.onMsgFindMessages(MessagingManager.java:46)
02-25 10:44:40.209 W/System.err( 7728): 	at org.xwalk.core.internal.extension.api.messaging.Messaging$4.runCommand(Messaging.java:60)
02-25 10:44:40.209 W/System.err( 7728): 	at org.xwalk.core.internal.extension.api.messaging.Messaging.onMessage(Messaging.java:121)
02-25 10:44:40.209 W/System.err( 7728): 	at dalvik.system.NativeStart.run(Native Method)
02-25 10:44:40.209 W/System.err( 7728): java.lang.SecurityException: Permission Denial: opening provider com.android.providers.telephony.MmsProvider from ProcessRecord{2204d9b8 7728:org.xwalk.webapi_noneservice_tests/u0a259} (pid=7728, uid=10259) requires android.permission.READ_SMS or android.permission.WRITE_SMS
02-25 10:44:40.209 W/System.err( 7728): 	at android.os.Parcel.readException(Parcel.java:1465)
02-25 10:44:40.209 W/System.err( 7728): 	at android.os.Parcel.readException(Parcel.java:1419)
02-25 10:44:40.209 W/System.err( 7728): 	at android.app.ActivityManagerProxy.getContentProvider(ActivityManagerNative.java:2912)
02-25 10:44:40.209 W/System.err( 7728): 	at android.app.ActivityThread.acquireProvider(ActivityThread.java:4455)
02-25 10:44:40.209 W/System.err( 7728): 	at android.app.ContextImpl$ApplicationContentResolver.acquireUnstableProvider(ContextImpl.java:2539)
02-25 10:44:40.209 W/System.err( 7728): 	at android.content.ContentResolver.acquireUnstableProvider(ContentResolver.java:1425)
02-25 10:44:40.209 W/System.err( 7728): 	at android.content.ContentResolver.query(ContentResolver.java:445)
02-25 10:44:40.209 W/System.err( 7728): 	at android.content.ContentResolver.query(ContentResolver.java:404)
02-25 10:44:40.209 W/System.err( 7728): 	at org.xwalk.core.internal.extension.api.messaging.MessagingManager.queryMessage(MessagingManager.java:125)
02-25 10:44:40.209 W/System.err( 7728): 	at org.xwalk.core.internal.extension.api.messaging.MessagingManager.onMsgFindMessages(MessagingManager.java:46)
02-25 10:44:40.209 W/System.err( 7728): 	at org.xwalk.core.internal.extension.api.messaging.Messaging$4.runCommand(Messaging.java:60)
02-25 10:44:40.209 W/System.err( 7728): 	at org.xwalk.core.internal.extension.api.messaging.Messaging.onMessage(Messaging.java:121)
02-25 10:44:40.209 W/System.err( 7728): 	at dalvik.system.NativeStart.run(Native Method)
02-25 10:44:40.209 W/System.err( 7728): java.lang.SecurityException: Permission Denial: opening provider com.android.providers.telephony.MmsProvider from ProcessRecord{2204d9b8 7728:org.xwalk.webapi_noneservice_tests/u0a259} (pid=7728, uid=10259) requires android.permission.READ_SMS or android.permission.WRITE_SMS
02-25 10:44:40.209 W/System.err( 7728): 	at android.os.Parcel.readException(Parcel.java:1465)
02-25 10:44:40.209 W/System.err( 7728): 	at android.os.Parcel.readException(Parcel.java:1419)
02-25 10:44:40.209 W/System.err( 7728): 	at android.app.ActivityManagerProxy.getContentProvider(ActivityManagerNative.java:2912)
02-25 10:44:40.209 W/System.err( 7728): 	at android.app.ActivityThread.acquireProvider(ActivityThread.java:4455)
02-25 10:44:40.209 W/System.err( 7728): 	at android.app.ContextImpl$ApplicationContentResolver.acquireUnstableProvider(ContextImpl.java:2539)
02-25 10:44:40.209 W/System.err( 7728): 	at android.content.ContentResolver.acquireUnstableProvider(ContentResolver.java:1425)
02-25 10:44:40.209 W/System.err( 7728): 	at android.content.ContentResolver.query(ContentResolver.java:445)
02-25 10:44:40.209 W/System.err( 7728): 	at android.content.ContentResolver.query(ContentResolver.java:404)
02-25 10:44:40.209 W/System.err( 7728): 	at org.xwalk.core.internal.extension.api.messaging.MessagingManager.queryMessage(MessagingManager.java:125)
02-25 10:44:40.209 W/System.err( 7728): 	at org.xwalk.core.internal.extension.api.messaging.MessagingManager.onMsgFindMessages(MessagingManager.java:46)
02-25 10:44:40.209 W/System.err( 7728): 	at org.xwalk.core.internal.extension.api.messaging.Messaging$4.runCommand(Messaging.java:60)
02-25 10:44:40.209 W/System.err( 7728): 	at org.xwalk.core.internal.extension.api.messaging.Messaging.onMessage(Messaging.java:121)
02-25 10:44:40.209 W/System.err( 7728): 	at dalvik.system.NativeStart.run(Native Method)
02-25 10:44:40.209 W/System.err( 7728): java.lang.SecurityException: Permission Denial: opening provider com.android.providers.telephony.MmsProvider from ProcessRecord{2204d9b8 7728:org.xwalk.webapi_noneservice_tests/u0a259} (pid=7728, uid=10259) requires android.permission.READ_SMS or android.permission.WRITE_SMS
02-25 10:44:40.209 W/System.err( 7728): 	at android.os.Parcel.readException(Parcel.java:1465)
02-25 10:44:40.209 W/System.err( 7728): 	at android.os.Parcel.readException(Parcel.java:1419)
02-25 10:44:40.209 W/System.err( 7728): 	at android.app.ActivityManagerProxy.getContentProvider(ActivityManagerNative.java:2912)
02-25 10:44:40.209 W/System.err( 7728): 	at android.app.ActivityThread.acquireProvider(ActivityThread.java:4455)
02-25 10:44:40.209 W/System.err( 7728): 	at android.app.ContextImpl$ApplicationContentResolver.acquireUnstableProvider(ContextImpl.java:2539)
02-25 10:44:40.209 W/System.err( 7728): 	at android.content.ContentResolver.acquireUnstableProvider(ContentResolver.java:1425)
02-25 10:44:40.209 W/System.err( 7728): 	at android.content.ContentResolver.query(ContentResolver.java:445)
02-25 10:44:40.209 W/System.err( 7728): 	at android.content.ContentResolver.query(ContentResolver.java:404)
02-25 10:44:40.209 W/System.err( 7728): 	at org.xwalk.core.internal.extension.api.messaging.MessagingManager.queryMessage(MessagingManager.java:125)
02-25 10:44:40.209 W/System.err( 7728): 	at org.xwalk.core.internal.extension.api.messaging.MessagingManager.onMsgFindMessages(MessagingManager.java:46)
02-25 10:44:40.209 W/System.err( 7728): 	at org.xwalk.core.internal.extension.api.messaging.Messaging$4.runCommand(Messaging.java:60)
02-25 10:44:40.209 W/System.err( 7728): 	at org.xwalk.core.internal.extension.api.messaging.Messaging.onMessage(Messaging.java:121)
02-25 10:44:40.209 W/System.err( 7728): 	at dalvik.system.NativeStart.run(Native Method)
02-25 10:44:40.209 W/System.err( 7728): java.lang.SecurityException: Permission Denial: opening provider com.android.providers.telephony.MmsProvider from ProcessRecord{2204d9b8 7728:org.xwalk.webapi_noneservice_tests/u0a259} (pid=7728, uid=10259) requires android.permission.READ_SMS or android.permission.WRITE_SMS
02-25 10:44:40.209 W/System.err( 7728): 	at android.os.Parcel.readException(Parcel.java:1465)
02-25 10:44:40.209 W/System.err( 7728): 	at android.os.Parcel.readException(Parcel.java:1419)
02-25 10:44:40.209 W/System.err( 7728): 	at android.app.ActivityManagerProxy.getContentProvider(ActivityManagerNative.java:2912)
02-25 10:44:40.209 W/System.err( 7728): 	at android.app.ActivityThread.acquireProvider(ActivityThread.java:4455)
02-25 10:44:40.209 W/System.err( 7728): 	at android.app.ContextImpl$ApplicationContentResolver.acquireUnstableProvider(ContextImpl.java:2539)
02-25 10:44:40.209 W/System.err( 7728): 	at android.content.ContentResolver.acquireUnstableProvider(ContentResolver.java:1425)
02-25 10:44:40.209 W/System.err( 7728): 	at android.content.ContentResolver.query(ContentResolver.java:445)
02-25 10:44:40.209 W/System.err( 7728): 	at android.content.ContentResolver.query(ContentResolver.java:404)
02-25 10:44:40.209 W/System.err( 7728): 	at org.xwalk.core.internal.extension.api.messaging.MessagingManager.queryMessage(MessagingManager.java:125)
02-25 10:44:40.209 W/System.err( 7728): 	at org.xwalk.core.internal.extension.api.messaging.MessagingManager.onMsgFindMessages(MessagingManager.java:46)
02-25 10:44:40.209 W/System.err( 7728): 	at org.xwalk.core.internal.extension.api.messaging.Messaging$4.runCommand(Messaging.java:60)
02-25 10:44:40.209 W/System.err( 7728): 	at org.xwalk.core.internal.extension.api.messaging.Messaging.onMessage(Messaging.java:121)
02-25 10:44:40.209 W/System.err( 7728): 	at dalvik.system.NativeStart.run(Native Method)
02-25 10:44:40.209 W/ActivityManager(  506): Permission Denial: opening provider com.android.providers.telephony.MmsProvider from ProcessRecord{2204d9b8 7728:org.xwalk.webapi_noneservice_tests/u0a259} (pid=7728, uid=10259) requires android.permission.READ_SMS or android.permission.WRITE_SMS
02-25 10:44:40.209 W/ActivityManager(  506): Permission Denial: opening provider com.android.providers.telephony.MmsProvider from ProcessRecord{2204d9b8 7728:org.xwalk.webapi_noneservice_tests/u0a259} (pid=7728, uid=10259) requires android.permission.READ_SMS or android.permission.WRITE_SMS
02-25 10:44:40.209 W/ActivityManager(  506): Permission Denial: opening provider com.android.providers.telephony.MmsProvider from ProcessRecord{2204d9b8 7728:org.xwalk.webapi_noneservice_tests/u0a259} (pid=7728, uid=10259) requires android.permission.READ_SMS or android.permission.WRITE_SMS
02-25 10:44:40.209 W/ActivityManager(  506): Permission Denial: opening provider com.android.providers.telephony.MmsProvider from ProcessRecord{2204d9b8 7728:org.xwalk.webapi_noneservice_tests/u0a259} (pid=7728, uid=10259) requires android.permission.READ_SMS or android.permission.WRITE_SMS
02-25 10:44:40.209 W/ActivityManager(  506): Permission Denial: opening provider com.android.providers.telephony.MmsProvider from ProcessRecord{2204d9b8 7728:org.xwalk.webapi_noneservice_tests/u0a259} (pid=7728, uid=10259) requires android.permission.READ_SMS or android.permission.WRITE_SMS
02-25 10:44:40.219 W/System.err( 7728): java.lang.SecurityException: Permission Denial: opening provider com.android.providers.telephony.MmsProvider from ProcessRecord{2204d9b8 7728:org.xwalk.webapi_noneservice_tests/u0a259} (pid=7728, uid=10259) requires android.permission.READ_SMS or android.permission.WRITE_SMS
02-25 10:44:40.219 W/System.err( 7728): 	at android.os.Parcel.readException(Parcel.java:1465)
02-25 10:44:40.219 W/System.err( 7728): 	at android.os.Parcel.readException(Parcel.java:1419)
02-25 10:44:40.219 W/System.err( 7728): 	at android.app.ActivityManagerProxy.getContentProvider(ActivityManagerNative.java:2912)
02-25 10:44:40.219 W/System.err( 7728): 	at android.app.ActivityThread.acquireProvider(ActivityThread.java:4455)
02-25 10:44:40.219 W/System.err( 7728): 	at android.app.ContextImpl$ApplicationContentResolver.acquireUnstableProvider(ContextImpl.java:2539)
02-25 10:44:40.219 W/System.err( 7728): 	at android.content.ContentResolver.acquireUnstableProvider(ContentResolver.java:1425)
02-25 10:44:40.219 W/System.err( 7728): 	at android.content.ContentResolver.query(ContentResolver.java:445)
02-25 10:44:40.219 W/System.err( 7728): 	at android.content.ContentResolver.query(ContentResolver.java:404)
02-25 10:44:40.219 W/System.err( 7728): 	at org.xwalk.core.internal.extension.api.messaging.MessagingManager.queryMessage(MessagingManager.java:125)
02-25 10:44:40.219 W/System.err( 7728): 	at org.xwalk.core.internal.extension.api.messaging.MessagingManager.onMsgFindMessages(MessagingManager.java:46)
02-25 10:44:40.219 W/System.err( 7728): 	at org.xwalk.core.internal.extension.api.messaging.Messaging$4.runCommand(Messaging.java:60)
02-25 10:44:40.219 W/System.err( 7728): 	at org.xwalk.core.internal.extension.api.messaging.Messaging.onMessage(Messaging.java:121)
02-25 10:44:40.219 W/System.err( 7728): 	at dalvik.system.NativeStart.run(Native Method)
02-25 10:44:40.219 W/System.err( 7728): java.lang.SecurityException: Permission Denial: opening provider com.android.providers.telephony.MmsProvider from ProcessRecord{2204d9b8 7728:org.xwalk.webapi_noneservice_tests/u0a259} (pid=7728, uid=10259) requires android.permission.READ_SMS or android.permission.WRITE_SMS
02-25 10:44:40.219 W/System.err( 7728): 	at android.os.Parcel.readException(Parcel.java:1465)
02-25 10:44:40.219 W/System.err( 7728): 	at android.os.Parcel.readException(Parcel.java:1419)
02-25 10:44:40.219 W/System.err( 7728): 	at android.app.ActivityManagerProxy.getContentProvider(ActivityManagerNative.java:2912)
02-25 10:44:40.219 W/System.err( 7728): 	at android.app.ActivityThread.acquireProvider(ActivityThread.java:4455)
02-25 10:44:40.219 W/System.err( 7728): 	at android.app.ContextImpl$ApplicationContentResolver.acquireUnstableProvider(ContextImpl.java:2539)
02-25 10:44:40.219 W/System.err( 7728): 	at android.content.ContentResolver.acquireUnstableProvider(ContentResolver.java:1425)
02-25 10:44:40.219 W/System.err( 7728): 	at android.content.ContentResolver.query(ContentResolver.java:445)
02-25 10:44:40.219 W/System.err( 7728): 	at android.content.ContentResolver.query(ContentResolver.java:404)
