--------- beginning of /dev/log/main
02-25 11:03:41.879 D/AndroidRuntime(11637): 
02-25 11:03:41.879 D/AndroidRuntime(11637): >>>>>> AndroidRuntime START com.android.internal.os.RuntimeInit <<<<<<
02-25 11:03:41.879 D/AndroidRuntime(11637): CheckJNI is OFF
02-25 11:03:41.879 I/AndroidRuntime(11637): Kernel Release Version: 3.10.20-gf818079
02-25 11:03:41.879 I/dalvikvm(11637): No library specified. The standard exception handler will be used
02-25 11:03:41.879 I/dalvikvm(11637): 
02-25 11:03:41.879 I/dalvikvm(11637): +++++++++++++ Using PCG. +++++++++++++++++++++
02-25 11:03:41.889 D/dalvikvm(11637): Trying to load lib libjavacore.so 0x0
02-25 11:03:41.889 D/dalvikvm(11637): Added shared lib libjavacore.so 0x0
02-25 11:03:41.889 D/dalvikvm(11637): Trying to load lib libnativehelper.so 0x0
02-25 11:03:41.889 D/dalvikvm(11637): Added shared lib libnativehelper.so 0x0
02-25 11:03:41.889 D/dalvikvm(11637): No JNI_OnLoad found in libnativehelper.so 0x0, skipping init
02-25 11:03:41.899 D/dalvikvm(11637): Extra Options: not specified
02-25 11:03:41.909 D/dalvikvm(11637): Note: class Landroid/app/ActivityManagerNative; has 186 unimplemented (abstract) methods
02-25 11:03:41.979 E/memtrack(11637): Couldn't load memtrack module (No such file or directory)
02-25 11:03:41.979 E/android.os.Debug(11637): failed to load memtrack module: -2
02-25 11:03:42.019 D/AndroidRuntime(11637): Calling main entry com.android.commands.am.Am
--------- beginning of /dev/log/system
02-25 11:03:42.039 I/ActivityManager(  506): Force stopping org.xwalk.webapi_noneservice_tests appid=10259 user=0: from pid 11637
02-25 11:03:42.049 D/AndroidRuntime(11637): Shutting down VM
02-25 11:03:42.059 D/dalvikvm(11637): GC_CONCURRENT freed 108K, 16% free 638K/760K, paused 0ms+0ms, total 1ms
02-25 11:03:42.059 D/dalvikvm(11637): Compiler shutdown in progress - discarding request
02-25 11:03:42.059 D/dalvikvm(11637): Compiler shutdown in progress - discarding request
02-25 11:03:42.059 D/dalvikvm(11637): Compiler shutdown in progress - discarding request
02-25 11:03:42.059 D/dalvikvm(11637): Compiler shutdown in progress - discarding request
02-25 11:03:42.059 D/dalvikvm(11637): Compiler shutdown in progress - discarding request
02-25 11:03:42.059 D/dalvikvm(11637): Compiler shutdown in progress - discarding request
02-25 11:03:42.059 D/dalvikvm(11637): Compiler shutdown in progress - discarding request
02-25 11:03:42.059 D/dalvikvm(11637): Compiler shutdown in progress - discarding request
02-25 11:03:42.059 D/dalvikvm(11637): Compiler shutdown in progress - discarding request
02-25 11:03:42.059 D/dalvikvm(11637): Compiler shutdown in progress - discarding request
02-25 11:03:42.059 D/dalvikvm(11637): Compiler shutdown in progress - discarding request
02-25 11:03:42.059 D/dalvikvm(11637): Compiler shutdown in progress - discarding request
02-25 11:03:42.059 D/dalvikvm(11637): Compiler shutdown in progress - discarding request
02-25 11:03:42.059 D/dalvikvm(11637): Compiler shutdown in progress - discarding request
02-25 11:03:42.059 D/dalvikvm(11637): Compiler shutdown in progress - discarding request
02-25 11:03:42.059 D/dalvikvm(11637): Compiler shutdown in progress - discarding request
02-25 11:03:42.059 D/dalvikvm(11637): Compiler shutdown in progress - discarding request
02-25 11:03:42.059 D/dalvikvm(11637): Compiler shutdown in progress - discarding request
02-25 11:03:42.059 D/dalvikvm(11637): Compiler shutdown in progress - discarding request
02-25 11:03:42.059 D/dalvikvm(11637): Compiler shutdown in progress - discarding request
02-25 11:03:42.059 D/dalvikvm(11637): Compiler shutdown in progress - discarding request
02-25 11:03:42.059 D/dalvikvm(11637): Compiler shutdown in progress - discarding request
02-25 11:03:42.059 D/dalvikvm(11637): Compiler shutdown in progress - discarding request
02-25 11:03:42.059 D/dalvikvm(11637): Compiler shutdown in progress - discarding request
02-25 11:03:42.059 D/dalvikvm(11637): Compiler shutdown in progress - discarding request
02-25 11:03:42.059 D/dalvikvm(11637): Compiler shutdown in progress - discarding request
02-25 11:03:42.059 D/dalvikvm(11637): Compiler shutdown in progress - discarding request
02-25 11:03:42.059 D/dalvikvm(11637): Compiler shutdown in progress - discarding request
02-25 11:03:42.059 D/dalvikvm(11637): Compiler shutdown in progress - discarding request
02-25 11:03:42.059 D/dalvikvm(11637): Compiler shutdown in progress - discarding request
02-25 11:03:42.059 D/dalvikvm(11637): Compiler shutdown in progress - discarding request
02-25 11:03:42.059 D/dalvikvm(11637): Compiler shutdown in progress - discarding request
02-25 11:03:42.059 D/dalvikvm(11637): Compiler shutdown in progress - discarding request
02-25 11:03:42.059 D/dalvikvm(11637): Compiler shutdown in progress - discarding request
02-25 11:03:42.059 D/dalvikvm(11637): Compiler shutdown in progress - discarding request
02-25 11:03:42.059 D/dalvikvm(11637): Compiler shutdown in progress - discarding request
02-25 11:03:42.059 D/dalvikvm(11637): Compiler shutdown in progress - discarding request
02-25 11:03:42.059 D/dalvikvm(11637): Compiler shutdown in progress - discarding request
02-25 11:03:42.059 D/dalvikvm(11637): Compiler shutdown in progress - discarding request
02-25 11:03:42.059 D/dalvikvm(11637): Compiler shutdown in progress - discarding request
02-25 11:03:42.059 D/dalvikvm(11637): Compiler shutdown in progress - discarding request
02-25 11:03:42.059 D/dalvikvm(11637): Compiler shutdown in progress - discarding request
02-25 11:03:42.059 D/dalvikvm(11637): Compiler shutdown in progress - discarding request
02-25 11:03:42.519 D/AndroidRuntime(11648): 
02-25 11:03:42.519 D/AndroidRuntime(11648): >>>>>> AndroidRuntime START com.android.internal.os.RuntimeInit <<<<<<
02-25 11:03:42.519 D/AndroidRuntime(11648): CheckJNI is OFF
02-25 11:03:42.519 I/AndroidRuntime(11648): Kernel Release Version: 3.10.20-gf818079
02-25 11:03:42.519 I/dalvikvm(11648): No library specified. The standard exception handler will be used
02-25 11:03:42.529 I/dalvikvm(11648): 
02-25 11:03:42.529 I/dalvikvm(11648): +++++++++++++ Using PCG. +++++++++++++++++++++
02-25 11:03:42.529 D/dalvikvm(11648): Trying to load lib libjavacore.so 0x0
02-25 11:03:42.529 D/dalvikvm(11648): Added shared lib libjavacore.so 0x0
02-25 11:03:42.539 D/dalvikvm(11648): Trying to load lib libnativehelper.so 0x0
02-25 11:03:42.539 D/dalvikvm(11648): Added shared lib libnativehelper.so 0x0
02-25 11:03:42.539 D/dalvikvm(11648): No JNI_OnLoad found in libnativehelper.so 0x0, skipping init
02-25 11:03:42.539 D/dalvikvm(11648): Extra Options: not specified
02-25 11:03:42.549 D/dalvikvm(11648): Note: class Landroid/app/ActivityManagerNative; has 186 unimplemented (abstract) methods
02-25 11:03:42.629 E/memtrack(11648): Couldn't load memtrack module (No such file or directory)
02-25 11:03:42.629 E/android.os.Debug(11648): failed to load memtrack module: -2
02-25 11:03:42.669 D/AndroidRuntime(11648): Calling main entry com.android.commands.am.Am
02-25 11:03:42.709 D/AndroidRuntime(11648): Shutting down VM
02-25 11:03:42.709 D/dalvikvm(11648): GC_CONCURRENT freed 113K, 16% free 674K/800K, paused 0ms+0ms, total 1ms
02-25 11:03:42.709 D/dalvikvm(11648): Compiler shutdown in progress - discarding request
02-25 11:03:42.709 D/dalvikvm(11648): Compiler shutdown in progress - discarding request
02-25 11:03:42.709 D/dalvikvm(11648): Compiler shutdown in progress - discarding request
02-25 11:03:42.709 D/dalvikvm(11648): Compiler shutdown in progress - discarding request
02-25 11:03:42.709 D/dalvikvm(11648): Compiler shutdown in progress - discarding request
02-25 11:03:42.709 D/dalvikvm(11648): Compiler shutdown in progress - discarding request
02-25 11:03:42.709 D/dalvikvm(11648): Compiler shutdown in progress - discarding request
02-25 11:03:42.709 D/dalvikvm(11648): Compiler shutdown in progress - discarding request
02-25 11:03:42.709 D/dalvikvm(11648): Compiler shutdown in progress - discarding request
02-25 11:03:42.709 D/dalvikvm(11648): Compiler shutdown in progress - discarding request
02-25 11:03:42.709 D/dalvikvm(11648): Compiler shutdown in progress - discarding request
02-25 11:03:42.709 D/dalvikvm(11648): Compiler shutdown in progress - discarding request
02-25 11:03:42.709 D/dalvikvm(11648): Compiler shutdown in progress - discarding request
02-25 11:03:42.709 D/dalvikvm(11648): Compiler shutdown in progress - discarding request
02-25 11:03:42.709 D/dalvikvm(11648): Compiler shutdown in progress - discarding request
02-25 11:03:42.709 D/dalvikvm(11648): Compiler shutdown in progress - discarding request
02-25 11:03:42.709 D/dalvikvm(11648): Compiler shutdown in progress - discarding request
02-25 11:03:42.709 D/dalvikvm(11648): Compiler shutdown in progress - discarding request
02-25 11:03:42.709 D/dalvikvm(11648): Compiler shutdown in progress - discarding request
02-25 11:03:42.709 D/dalvikvm(11648): Compiler shutdown in progress - discarding request
02-25 11:03:42.709 D/dalvikvm(11648): Compiler shutdown in progress - discarding request
02-25 11:03:42.709 D/dalvikvm(11648): Compiler shutdown in progress - discarding request
02-25 11:03:42.709 D/dalvikvm(11648): Compiler shutdown in progress - discarding request
02-25 11:03:42.709 D/dalvikvm(11648): Compiler shutdown in progress - discarding request
02-25 11:03:42.709 D/dalvikvm(11648): Compiler shutdown in progress - discarding request
02-25 11:03:42.709 D/dalvikvm(11648): Compiler shutdown in progress - discarding request
02-25 11:03:42.709 D/dalvikvm(11648): Compiler shutdown in progress - discarding request
02-25 11:03:42.709 D/dalvikvm(11648): Compiler shutdown in progress - discarding request
02-25 11:03:42.709 D/dalvikvm(11648): Compiler shutdown in progress - discarding request
02-25 11:03:42.709 D/dalvikvm(11648): Compiler shutdown in progress - discarding request
02-25 11:03:42.709 D/dalvikvm(11648): Compiler shutdown in progress - discarding request
02-25 11:03:42.709 D/dalvikvm(11648): Compiler shutdown in progress - discarding request
02-25 11:03:42.709 D/dalvikvm(11648): Compiler shutdown in progress - discarding request
02-25 11:03:42.709 D/dalvikvm(11648): Compiler shutdown in progress - discarding request
02-25 11:03:42.709 D/dalvikvm(11648): Compiler shutdown in progress - discarding request
02-25 11:03:42.709 D/dalvikvm(11648): Compiler shutdown in progress - discarding request
02-25 11:03:42.709 D/dalvikvm(11648): Compiler shutdown in progress - discarding request
02-25 11:03:42.709 D/dalvikvm(11648): Compiler shutdown in progress - discarding request
02-25 11:03:42.709 D/dalvikvm(11648): Compiler shutdown in progress - discarding request
02-25 11:03:42.709 D/dalvikvm(11648): Compiler shutdown in progress - discarding request
02-25 11:03:42.709 D/dalvikvm(11648): Compiler shutdown in progress - discarding request
02-25 11:03:42.709 D/dalvikvm(11648): Compiler shutdown in progress - discarding request
02-25 11:03:42.709 D/dalvikvm(11648): Compiler shutdown in progress - discarding request
02-25 11:03:42.709 D/dalvikvm(11648): Compiler shutdown in progress - discarding request
02-25 11:03:42.709 D/dalvikvm(11648): Compiler shutdown in progress - discarding request
02-25 11:03:42.709 I/ActivityManager(  506): START u0 {flg=0x10000000 cmp=org.xwalk.webapi_noneservice_tests/.webapi_noneservice_testsActivity} from pid 11648
02-25 11:03:42.719 D/dalvikvm(11648): Compiler shutdown in progress - discarding request
02-25 11:03:42.719 D/dalvikvm(11648): Compiler shutdown in progress - discarding request
02-25 11:03:42.719 D/dalvikvm(11648): Compiler shutdown in progress - discarding request
02-25 11:03:42.719 D/dalvikvm(11648): Compiler shutdown in progress - discarding request
02-25 11:03:43.309 D/AndroidRuntime(11659): 
02-25 11:03:43.309 D/AndroidRuntime(11659): >>>>>> AndroidRuntime START com.android.internal.os.RuntimeInit <<<<<<
02-25 11:03:43.309 D/AndroidRuntime(11659): CheckJNI is OFF
02-25 11:03:43.309 I/AndroidRuntime(11659): Kernel Release Version: 3.10.20-gf818079
02-25 11:03:43.309 I/dalvikvm(11659): No library specified. The standard exception handler will be used
02-25 11:03:43.319 I/dalvikvm(11659): 
02-25 11:03:43.319 I/dalvikvm(11659): +++++++++++++ Using PCG. +++++++++++++++++++++
02-25 11:03:43.319 D/dalvikvm(11659): Trying to load lib libjavacore.so 0x0
02-25 11:03:43.329 D/dalvikvm(11659): Added shared lib libjavacore.so 0x0
02-25 11:03:43.329 D/dalvikvm(11659): Trying to load lib libnativehelper.so 0x0
02-25 11:03:43.329 D/dalvikvm(11659): Added shared lib libnativehelper.so 0x0
02-25 11:03:43.329 D/dalvikvm(11659): No JNI_OnLoad found in libnativehelper.so 0x0, skipping init
02-25 11:03:43.329 D/dalvikvm(11659): Extra Options: not specified
02-25 11:03:43.339 D/dalvikvm(11659): Note: class Landroid/app/ActivityManagerNative; has 186 unimplemented (abstract) methods
02-25 11:03:43.409 E/memtrack(11659): Couldn't load memtrack module (No such file or directory)
02-25 11:03:43.409 E/android.os.Debug(11659): failed to load memtrack module: -2
02-25 11:03:43.449 D/AndroidRuntime(11659): Calling main entry com.android.commands.am.Am
02-25 11:03:43.479 I/ActivityManager(  506): START u0 {flg=0x10000000 cmp=org.xwalk.webapi_noneservice_tests/.webapi_noneservice_tests} from pid 11659
02-25 11:03:43.489 D/AndroidRuntime(11659): Shutting down VM
02-25 11:03:43.489 V/WeatherTimeProvider( 1537): widget on Visibility Changed
02-25 11:03:43.489 I/SecurityManagerService(  602): SMS received security event: App[START/org.xwalk.webapi_noneservice_tests]
02-25 11:03:43.489 D/dalvikvm(11659): GC_CONCURRENT freed 114K, 16% free 701K/832K, paused 0ms+0ms, total 2ms
02-25 11:03:43.499 D/dalvikvm(11659): Compiler shutdown in progress - discarding request
02-25 11:03:43.499 D/dalvikvm(11659): Compiler shutdown in progress - discarding request
02-25 11:03:43.499 D/dalvikvm(11659): Compiler shutdown in progress - discarding request
02-25 11:03:43.499 D/dalvikvm(11659): Compiler shutdown in progress - discarding request
02-25 11:03:43.499 D/dalvikvm(11659): Compiler shutdown in progress - discarding request
02-25 11:03:43.499 D/dalvikvm(11659): Compiler shutdown in progress - discarding request
02-25 11:03:43.499 D/dalvikvm(11659): Compiler shutdown in progress - discarding request
02-25 11:03:43.499 D/dalvikvm(11659): Compiler shutdown in progress - discarding request
02-25 11:03:43.499 D/dalvikvm(11659): Compiler shutdown in progress - discarding request
02-25 11:03:43.499 D/dalvikvm(11659): Compiler shutdown in progress - discarding request
02-25 11:03:43.499 D/dalvikvm(11659): Compiler shutdown in progress - discarding request
02-25 11:03:43.499 D/dalvikvm(11659): Compiler shutdown in progress - discarding request
02-25 11:03:43.499 D/dalvikvm(11659): Compiler shutdown in progress - discarding request
02-25 11:03:43.499 D/dalvikvm(11659): Compiler shutdown in progress - discarding request
02-25 11:03:43.499 D/dalvikvm(11659): Compiler shutdown in progress - discarding request
02-25 11:03:43.499 D/dalvikvm(11659): Compiler shutdown in progress - discarding request
02-25 11:03:43.499 D/dalvikvm(11659): Compiler shutdown in progress - discarding request
02-25 11:03:43.499 D/dalvikvm(11659): Compiler shutdown in progress - discarding request
02-25 11:03:43.499 D/dalvikvm(11659): Compiler shutdown in progress - discarding request
02-25 11:03:43.499 D/dalvikvm(11659): Compiler shutdown in progress - discarding request
02-25 11:03:43.499 D/dalvikvm(11659): Compiler shutdown in progress - discarding request
02-25 11:03:43.499 D/dalvikvm(11659): Compiler shutdown in progress - discarding request
02-25 11:03:43.499 D/dalvikvm(11659): Compiler shutdown in progress - discarding request
02-25 11:03:43.499 D/dalvikvm(11659): Compiler shutdown in progress - discarding request
02-25 11:03:43.499 D/dalvikvm(11659): Compiler shutdown in progress - discarding request
02-25 11:03:43.499 D/dalvikvm(11659): Compiler shutdown in progress - discarding request
02-25 11:03:43.499 D/dalvikvm(11659): Compiler shutdown in progress - discarding request
02-25 11:03:43.499 D/dalvikvm(11659): Compiler shutdown in progress - discarding request
02-25 11:03:43.499 D/dalvikvm(11659): Compiler shutdown in progress - discarding request
02-25 11:03:43.499 D/dalvikvm(11659): Compiler shutdown in progress - discarding request
02-25 11:03:43.499 D/dalvikvm(11659): Compiler shutdown in progress - discarding request
02-25 11:03:43.499 D/dalvikvm(11659): Compiler shutdown in progress - discarding request
02-25 11:03:43.499 D/dalvikvm(11659): Compiler shutdown in progress - discarding request
02-25 11:03:43.499 D/dalvikvm(11659): Compiler shutdown in progress - discarding request
02-25 11:03:43.499 D/dalvikvm(11659): Compiler shutdown in progress - discarding request
02-25 11:03:43.499 D/dalvikvm(11659): Compiler shutdown in progress - discarding request
02-25 11:03:43.499 D/dalvikvm(11659): Compiler shutdown in progress - discarding request
02-25 11:03:43.499 D/dalvikvm(11659): Compiler shutdown in progress - discarding request
02-25 11:03:43.499 D/dalvikvm(11659): Compiler shutdown in progress - discarding request
02-25 11:03:43.499 D/dalvikvm(11659): Compiler shutdown in progress - discarding request
02-25 11:03:43.499 D/dalvikvm(11659): Compiler shutdown in progress - discarding request
02-25 11:03:43.499 D/dalvikvm(11659): Compiler shutdown in progress - discarding request
02-25 11:03:43.499 D/dalvikvm(11659): Compiler shutdown in progress - discarding request
02-25 11:03:43.499 D/dalvikvm(11659): Compiler shutdown in progress - discarding request
02-25 11:03:43.499 D/dalvikvm(11659): Compiler shutdown in progress - discarding request
02-25 11:03:43.499 D/dalvikvm(11659): Compiler shutdown in progress - discarding request
02-25 11:03:43.499 D/dalvikvm(11659): Compiler shutdown in progress - discarding request
02-25 11:03:43.499 D/dalvikvm(11659): Compiler shutdown in progress - discarding request
02-25 11:03:43.499 D/dalvikvm(11659): Compiler shutdown in progress - discarding request
02-25 11:03:43.499 D/dalvikvm(11659): Compiler shutdown in progress - discarding request
02-25 11:03:43.499 D/dalvikvm(11670): Late-enabling CheckJNI
02-25 11:03:43.499 D/dalvikvm(11670): Try to disable coredump for pid 11670
02-25 11:03:43.499 D/dalvikvm(11670): Process 11670 nice name: org.xwalk.webapi_noneservice_tests
02-25 11:03:43.499 D/dalvikvm(11670): Extra Options: not specified
02-25 11:03:43.499 I/ActivityManager(  506): Start proc org.xwalk.webapi_noneservice_tests for activity org.xwalk.webapi_noneservice_tests/.webapi_noneservice_tests: pid=11670 uid=10259 gids={50259, 3003, 1028, 1015}
02-25 11:03:43.519 D/WindowManager(  506): adjustConfigurationLw, config:{1.0 ?mcc?mnc ?locale ?layoutDir sw600dp w600dp h888dp 213dpi lrg port ?uimode ?night finger -keyb/v/h -nav/v} mLidState:1 mHasDockFeature:false mHasKeyboardFeature:false mHasHallSensorFeature:true config.hardKeyboardHidden:2
02-25 11:03:43.519 I/ActivityManager(  506): [TopPkgCurBat]	NowPkgName[org.xwalk.webapi_noneservice_tests]	Battery[100]	TimeTick[1424833423537]	OldPkgName[com.asus.launcher]
02-25 11:03:43.539 D/        (  702): Surface destroy: ANDROID_NATIVE_WINDOW_MAGIC
02-25 11:03:43.549 I/CordovaLog(11670): Changing log level to DEBUG(3)
02-25 11:03:43.549 D/CordovaActivity(11670): CordovaActivity.init()
02-25 11:03:43.549 D/dalvikvm(11670): Trying to load lib /data/app-lib/org.xwalk.webapi_noneservice_tests-1/libxwalkcore.so 0x43d83e40
02-25 11:03:43.559 D/dalvikvm(11670): Added shared lib /data/app-lib/org.xwalk.webapi_noneservice_tests-1/libxwalkcore.so 0x43d83e40
02-25 11:03:43.569 I/LibraryLoader(11670): Time to load native libraries: 14 ms (timestamps 7767-7781)
02-25 11:03:43.569 I/LibraryLoader(11670): Expected native library version number "",actual native library version number ""
02-25 11:03:43.579 I/LibraryLoader(11670): Expected native library version number "",actual native library version number ""
02-25 11:03:43.579 I/chromium(11670): [INFO:library_loader_hooks.cc(112)] Chromium logging enabled: level = 0, default verbosity = 0
02-25 11:03:43.589 I/BrowserStartupController(11670): Initializing chromium process, singleProcess=true
02-25 11:03:43.709 D/EVENT_THREAD(  186): void CEventThread::run() POLLIN event on Fd (1)
02-25 11:03:43.709 D/EVENT_THREAD(  186): void CEventThread::run() Do poll with timeout: -1
02-25 11:03:43.709 D/EVENT_THREAD(  186): void CEventThread::run() POLLIN event on Fd (1)
02-25 11:03:43.709 D/EVENT_THREAD(  186): void CEventThread::run() Do poll with timeout: -1
02-25 11:03:43.709 I/upi_ug31xx(  166): (524) update_capacity
02-25 11:03:43.709 I/[UPI]   (  166): <UG31/E>[UpiReadCapacity]: V=4236(4240), T=315(317-374), I=-182, C=-2(-2-0)
02-25 11:03:43.709 I/[UPI]   (  166): <UG31/E>[UpiReadCapacity]: (0x0080095a) 3907 (3857) / 3926 (4026) = 100
02-25 11:03:43.709 I/[UPI]   (  166): <UG31/E>[UpiReadCapacity]: (0x0080095a) 3907 (3857) / 3926 (4026) = 100
02-25 11:03:43.709 I/[UPI]   (  166): <UG31/E>[UpiReadCapacity]: (0x0080095a) 3905 (3905) / 3926 (4026) = 99
02-25 11:03:43.709 I/[UPI]   (  166): <UG31/E>[RsocFilterCountTime]: (0x0080095a) Step=0(30290), Full=38(4567384), Lock=30290(1800000)
02-25 11:03:43.709 I/[UPI]   (  166): <UG31/E>[UpiReadCapacity]: (0x0080095a) 3907 (3905) / 3926 (4026) = 100 (-182--182)
02-25 11:03:43.709 I/[UPI]   (  166): <UG31/E><BATT> M:normal, P:100(100-99)%, V:4241mV, C:-218mA, T:31.7C(374), S:0x0080095a(100), R:3907mAh, F:3926mAh, Q:-133mAh, CC:3, P:30.290(131-0)s, BO:7, 97:615:0-44af-9m:B001-20140514-144301 (1)
02-25 11:03:43.709 I/upi_ug31xx(  166): (525) backup_data 
02-25 11:03:43.709 V/upi_ug31xx(  166): state->check_backup_count = 19
02-25 11:03:43.889 D/ImageWallpaper(  571): onVisibilityChanged: mVisible, visible=true, false
02-25 11:03:43.889 D/ImageWallpaper(  571): Visibility changed to visible=false
02-25 11:03:43.889 D/ImageWallpaper(  571): Suppressed drawFrame since redraw is not needed and offsets have not changed.
02-25 11:03:43.969 W/chromium(11670): [WARNING:dns_config_service_posix.cc(293)] Failed to read DnsConfig.
02-25 11:03:43.979 W/AudioManagerAndroid(11670): Requires BLUETOOTH permission
02-25 11:03:43.979 I/ufoGralloc(11670): Hello, this is UFO GRALLOC/Intel Corporation
02-25 11:03:43.979 D/        (11670): Pixel Format : GGL_PIXEL_FORMAT_RGBA_8888
02-25 11:03:43.979 D/        (11670): droid_create_context : config id = 1 conf->NativeVisualID=1
02-25 11:03:43.979 D/        (11670): Pixel Format : GGL_PIXEL_FORMAT_RGBA_8888
02-25 11:03:43.979 I/        (11670): Requested context : GLES 2.0
02-25 11:03:44.009 W/chromium(11670): [WARNING:proxy_service.cc(899)] PAC support disabled because there is no system implementation
02-25 11:03:44.009 W/dalvikvm(11670): VFY: unable to find class referenced in signature (Landroid/view/inputmethod/CursorAnchorInfo;)
02-25 11:03:44.009 I/dalvikvm(11670): Could not find method android.view.inputmethod.InputMethodManager.updateCursorAnchorInfo, referenced from method org.chromium.content.browser.input.InputMethodManagerWrapper.updateCursorAnchorInfo
02-25 11:03:44.009 W/dalvikvm(11670): VFY: unable to resolve virtual method 1368: Landroid/view/inputmethod/InputMethodManager;.updateCursorAnchorInfo (Landroid/view/View;Landroid/view/inputmethod/CursorAnchorInfo;)V
02-25 11:03:44.009 D/dalvikvm(11670): VFY: replacing opcode 0x6e at 0x000a
02-25 11:03:44.059 E/cutils  (  163): Failed to mkdirat(/Removable/MicroSD): Read-only file system
02-25 11:03:44.059 W/Vold    (  163): Returning OperationFailed - no handler for errno 30
02-25 11:03:44.059 W/ContextImpl(11670): Failed to ensure directory: /Removable/MicroSD/Android/data/org.xwalk.webapi_noneservice_tests/cache
02-25 11:03:44.069 D/CordovaActivity(11670): CordovaActivity.createViews()
02-25 11:03:44.069 E/chromium(11670): [ERROR:unix_domain_server_socket_posix.cc(106)] Not implemented reached in virtual int net::UnixDomainServerSocket::GetLocalAddress(net::IPEndPoint*) const
02-25 11:03:44.069 D/CordovaWebView(11670): >>> loadUrl(file:///android_asset/www/index.html)
02-25 11:03:44.069 D/PluginManager(11670): init()
02-25 11:03:44.079 E/cutils  (  163): Failed to mkdirat(/Removable/MicroSD): Read-only file system
02-25 11:03:44.079 W/ContextImpl(11670): Failed to ensure directory: /Removable/MicroSD/Android/data/org.xwalk.webapi_noneservice_tests/files
02-25 11:03:44.079 E/cutils  (  163): Failed to mkdirat(/Removable/MicroSD): Read-only file system
02-25 11:03:44.079 W/ContextImpl(11670): Failed to ensure directory: /Removable/MicroSD/Android/data/org.xwalk.webapi_noneservice_tests/cache
02-25 11:03:44.079 D/CordovaWebView(11670): >>> loadUrlNow()
02-25 11:03:44.079 I/dalvikvm(11670): Could not find method android.app.Activity.finishAndRemoveTask, referenced from method org.chromium.base.ApiCompatibilityUtils.finishAndRemoveTask
02-25 11:03:44.079 W/dalvikvm(11670): VFY: unable to resolve virtual method 6: Landroid/app/Activity;.finishAndRemoveTask ()V
02-25 11:03:44.079 D/dalvikvm(11670): VFY: replacing opcode 0x6e at 0x0006
02-25 11:03:44.079 I/dalvikvm(11670): Could not find method android.os.PowerManager.isInteractive, referenced from method org.chromium.base.ApiCompatibilityUtils.isInteractive
02-25 11:03:44.079 W/dalvikvm(11670): VFY: unable to resolve virtual method 874: Landroid/os/PowerManager;.isInteractive ()Z
02-25 11:03:44.079 D/dalvikvm(11670): VFY: replacing opcode 0x6e at 0x000e
02-25 11:03:44.079 I/dalvikvm(11670): Could not find method android.view.Window.getNavigationBarColor, referenced from method org.chromium.base.ApiCompatibilityUtils.setStatusBarColor
02-25 11:03:44.079 W/dalvikvm(11670): VFY: unable to resolve virtual method 1268: Landroid/view/Window;.getNavigationBarColor ()I
02-25 11:03:44.079 D/dalvikvm(11670): VFY: replacing opcode 0x6e at 0x0010
02-25 11:03:44.079 I/dalvikvm(11670): Could not find method android.view.Window.setStatusBarColor, referenced from method org.chromium.base.ApiCompatibilityUtils.setStatusBarColor
02-25 11:03:44.079 W/dalvikvm(11670): VFY: unable to resolve virtual method 1274: Landroid/view/Window;.setStatusBarColor (I)V
02-25 11:03:44.079 D/dalvikvm(11670): VFY: replacing opcode 0x6e at 0x0019
02-25 11:03:44.079 E/dalvikvm(11670): Could not find class 'android.app.ActivityManager$TaskDescription', referenced from method org.chromium.base.ApiCompatibilityUtils.setTaskDescription
02-25 11:03:44.079 W/dalvikvm(11670): VFY: unable to resolve new-instance 13 (Landroid/app/ActivityManager$TaskDescription;) in Lorg/chromium/base/ApiCompatibilityUtils;
02-25 11:03:44.079 D/dalvikvm(11670): VFY: replacing opcode 0x22 at 0x0006
02-25 11:03:44.079 D/dalvikvm(11670): DexOpt: unable to opt direct call 0x002f at 0x08 in Lorg/chromium/base/ApiCompatibilityUtils;.setTaskDescription
02-25 11:03:44.079 W/Vold    (  163): Returning OperationFailed - no handler for errno 30
02-25 11:03:44.079 W/Vold    (  163): Returning OperationFailed - no handler for errno 30
02-25 11:03:44.089 I/chromium(11670): [INFO:xwalk_extension_renderer_controller.cc(47)] EXTENSION PROCESS DISABLED.
02-25 11:03:44.089 D/CordovaActivity(11670): Resuming the App
02-25 11:03:44.099 D/SoftKeyboardDetect(11670): Ignore this event
02-25 11:03:44.119 D/        (11670): Pixel Format : GGL_PIXEL_FORMAT_RGBA_8888
02-25 11:03:44.119 D/        (11670): droid_create_context : config id = 1 conf->NativeVisualID=1
02-25 11:03:44.119 D/        (11670): Pixel Format : GGL_PIXEL_FORMAT_RGBA_8888
02-25 11:03:44.119 I/        (11670): Requested context : GLES 2.0
02-25 11:03:44.119 D/        (11670): droid_create_context : config id = 5 conf->NativeVisualID=1
02-25 11:03:44.119 D/        (11670): Pixel Format : GGL_PIXEL_FORMAT_RGBA_8888
02-25 11:03:44.119 I/        (11670): Requested context : GLES 2.0
02-25 11:03:44.139 D/        (11670): Pixel Format : GGL_PIXEL_FORMAT_RGBA_8888
02-25 11:03:44.139 D/OpenGLRenderer(11670): Enabling debug mode 0
02-25 11:03:44.149 W/BindingManager(11670): Cannot call determinedVisibility() - never saw a connection for the pid: 11670
02-25 11:03:44.149 D/XT9IME  (  731): new subtype :zh_CN ,pinyin
02-25 11:03:44.149 D/SoftKeyboardDetect(11670): Ignore this event
02-25 11:03:44.169 D/CordovaActivity(11670): onMessage(onPageStarted,file:///android_asset/www/index.html)
02-25 11:03:44.179 D/CordovaActivity(11670): onMessage(onPageFinished,file:///android_asset/www/index.html)
02-25 11:03:44.179 D/BatteryStatsImpl(  506): noteStopWakeLocked system isFromForeground = false
02-25 11:03:44.189 I/ActivityManager(  506): Displayed org.xwalk.webapi_noneservice_tests/.webapi_noneservice_tests: +697ms
02-25 11:03:45.169 D/CordovaActivity(11670): onMessage(onPageStarted,file:///android_asset/www/index_real.html?testprefix=./)
02-25 11:03:45.229 W/BindingManager(11670): Cannot call determinedVisibility() - never saw a connection for the pid: 11670
02-25 11:03:45.429 I/chromium(11670): [INFO:CONSOLE(0)] "Synchronous XMLHttpRequest on the main thread is deprecated because of its detrimental effects to the end user's experience. For more help, check http://xhr.spec.whatwg.org/.", source:  (0)
02-25 11:03:45.489 D/CordovaActivity(11670): onMessage(onPageFinished,file:///android_asset/www/index_real.html?testprefix=./)
02-25 11:03:46.179 D/CordovaActivity(11670): onMessage(spinner,stop)
02-25 11:03:46.209 D/        (11670): Pixel Format : GGL_PIXEL_FORMAT_RGBA_8888
02-25 11:03:46.209 D/        (11670): droid_create_context : config id = 1 conf->NativeVisualID=1
02-25 11:03:46.209 D/        (11670): Pixel Format : GGL_PIXEL_FORMAT_RGBA_8888
02-25 11:03:46.209 I/        (11670): Requested context : GLES 2.0
02-25 11:03:46.239 D/        (11670): Swap interval set to = 1 value
02-25 11:03:46.269 D/        (11670): Pixel Format : GGL_PIXEL_FORMAT_RGBA_8888
02-25 11:03:46.269 D/        (11670): droid_create_context : config id = 1 conf->NativeVisualID=1
02-25 11:03:46.269 D/        (11670): Pixel Format : GGL_PIXEL_FORMAT_RGBA_8888
02-25 11:03:46.269 I/        (11670): Requested context : GLES 2.0
02-25 11:03:46.609 D/        (11670): droid_create_context : config id = 1 conf->NativeVisualID=1
02-25 11:03:46.609 D/        (11670): Pixel Format : GGL_PIXEL_FORMAT_RGBA_8888
02-25 11:03:46.609 I/        (11670): Requested context : GLES 2.0
02-25 11:03:47.489 D/CordovaActivity(11670): onMessage(spinner,stop)
02-25 11:03:48.249 I/chromium(11670): [INFO:CONSOLE(58)] "Uncaught InvalidStateError: Failed to execute 'setLocalDescription' on 'RTCPeerConnection': The RTCPeerConnection's signalingState is 'closed'.", source: file:///android_asset/www//opt/webapi-webrtc-w3c-tests/webrtc/RTCSdpError_sdpLineNumber_basic.html (58)
02-25 11:03:51.099 W/BindingManager(11670): Cannot call determinedVisibility() - never saw a connection for the pid: 11670
02-25 11:03:51.479 I/chromium(11670): [INFO:CONSOLE(65)] "Uncaught InvalidStateError: Failed to execute 'send' on 'RTCDataChannel': RTCDataChannel.readyState is not 'open'", source: file:///android_asset/www//opt/webapi-webrtc-w3c-tests/webrtc/RTCPeerConnectionIceEvent_candidate_basic.html (65)
02-25 11:03:52.059 W/BindingManager(11670): Cannot call determinedVisibility() - never saw a connection for the pid: 11670
02-25 11:03:55.859 W/BindingManager(11670): Cannot call determinedVisibility() - never saw a connection for the pid: 11670
02-25 11:03:55.889 W/ChromiumCameraInfo(11670): Missing android.permission.CAMERA permission, no system camera available.
02-25 11:03:55.909 D/AudioHardwareInterface(  186): setMode(IN_COMMUNICATION)
02-25 11:03:55.919 D/AudioHardwareALSA(  186): setStreamParameters: key value pair routing=2;stream_flags=2
02-25 11:03:55.919 D/RouteManager(  186): setOutputFlags: output flags = 0x2 (Prev Flags=0x2)
02-25 11:03:55.919 D/RouteManager(  186): setDevices: 0x2
02-25 11:03:55.919 D/RouteManager(  186): setDevices: 0x2
02-25 11:03:55.919 D/RouteManager(  186): setDevices: set device = IHF to output stream
02-25 11:03:55.919 D/RouteManager(  186): setStreamParameters: {+++ RECONSIDER ROUTING +++} due to output stream parameter change
02-25 11:03:55.919 D/RouteManager(  186): reconsiderRouting
02-25 11:03:55.919 D/EVENT_THREAD(  186): void CEventThread::trig(uint16_t): in
02-25 11:03:55.919 D/EVENT_THREAD(  186): void CEventThread::trig(uint16_t): out
02-25 11:03:55.929 D/RouteManager(  186): doReconsiderRouting:       Platform Changes:
02-25 11:03:55.929 D/RouteManager(  186): doReconsiderRouting:          -Android Telephony Mode = InVoipCall [has changed]
02-25 11:03:55.929 D/RouteManager(  186): doReconsiderRouting:          -RTE MGR HW Mode = InVoipCall [has changed]
02-25 11:03:55.929 D/EVENT_THREAD(  186): void CEventThread::run() Do poll with timeout: -1
02-25 11:03:55.929 D/RouteManager(  186): reconsiderRouting: DONE
02-25 11:03:55.929 D/AudioHardwareALSA(  186): openInputStream: IN
02-25 11:03:55.929 D/ALSAStreamOps(  186): set(requested channels: 0x10 (popcount returns 1))
02-25 11:03:55.929 D/ALSAStreamOps(  186): set: set channels to 0x10
02-25 11:03:55.929 D/ALSAStreamOps(  186): set(requested rate: 48000))
02-25 11:03:55.929 D/ALSAStreamOps(  186): set: set rate to 48000
02-25 11:03:55.929 D/ALSAStreamOps(  186): set(requested format: 1))
02-25 11:03:55.929 D/ALSAStreamOps(  186): set : set format to 1 (1)
02-25 11:03:55.929 D/ALSAStreamOps(  186): set() -- OUT
02-25 11:03:55.929 D/AudioHardwareALSA(  186): openInputStream: OUT status=0
02-25 11:03:55.929 D/ALSAStreamOps(  186): getBufferSize: 2208 (in bytes) for input stream
02-25 11:03:55.949 E/chromium(11670): [ERROR:audio_record_input.cc(129)] Not implemented reached in virtual bool media::AudioRecordInputStream::SetAutomaticGainControl(bool)
02-25 11:03:55.949 I/AudioPolicyManagerALSA(  186): startInput: input 94
02-25 11:03:55.949 D/AudioStreamInALSA(  186): setParameters in.
02-25 11:03:55.949 D/AudioHardwareALSA(  186): setStreamParameters: key value pair input_source=7;routing=262144
02-25 11:03:55.949 D/RouteManager(  186): setDevices: 0x40000
02-25 11:03:55.949 D/RouteManager(  186): setDevices: 0x40000
02-25 11:03:55.949 D/RouteManager(  186): setDevices: set device = Main to input stream
02-25 11:03:55.949 D/RouteManager(  186): setInputSourceMask: inputSource = VoiceCommunication
02-25 11:03:55.949 D/RouteManager(  186): setStreamParameters: {+++ RECONSIDER ROUTING +++} due to input stream parameter change
02-25 11:03:55.949 D/RouteManager(  186): reconsiderRouting
02-25 11:03:55.949 D/EVENT_THREAD(  186): void CEventThread::trig(uint16_t): in
02-25 11:03:55.949 D/EVENT_THREAD(  186): void CEventThread::trig(uint16_t): out
02-25 11:03:55.949 D/RouteManager(  186): doReconsiderRouting:       Platform Changes:
02-25 11:03:55.949 D/RouteManager(  186): doReconsiderRouting:          -Platform input device = Main [has changed]
02-25 11:03:55.949 D/RouteManager(  186): doReconsiderRouting:          -Platform input source = VoiceCommunication [has changed]
02-25 11:03:55.949 D/RouteManager(  186): doReconsiderRouting:          -Platform Band type = WB [has changed]
02-25 11:03:55.949 D/EVENT_THREAD(  186): void CEventThread::run() Do poll with timeout: -1
02-25 11:03:55.949 D/RouteManager(  186): reconsiderRouting: DONE
02-25 11:03:55.959 D/PROPERTY(  186): get media.dump_input.befconv: 0
02-25 11:03:55.959 D/PROPERTY(  186): get media.dump_input.aftconv: 0
02-25 11:03:55.959 D/RouteManager(  186): startStream: {+++ RECONSIDER ROUTING +++} due to output stream start event
02-25 11:03:55.959 D/RouteManager(  186): reconsiderRouting
02-25 11:03:55.959 D/EVENT_THREAD(  186): void CEventThread::trig(uint16_t): in
02-25 11:03:55.959 D/EVENT_THREAD(  186): void CEventThread::trig(uint16_t): out
02-25 11:03:55.959 D/RouteManager(  186): doReconsiderRouting:       Platform State:
02-25 11:03:55.959 D/RouteManager(  186): doReconsiderRouting:          -Modem Alive = 0 
02-25 11:03:55.959 D/RouteManager(  186): doReconsiderRouting:          -Modem Call Active = 0 
02-25 11:03:55.959 D/RouteManager(  186): doReconsiderRouting:          -Is Shared I2S glitch free=1 
02-25 11:03:55.959 D/RouteManager(  186): doReconsiderRouting:          -Android Telephony Mode = InVoipCall 
02-25 11:03:55.959 D/RouteManager(  186): doReconsiderRouting:          -RTE MGR HW Mode = InVoipCall 
02-25 11:03:55.959 D/RouteManager(  186): doReconsiderRouting:          -BT Enabled = 1 
02-25 11:03:55.959 D/RouteManager(  186): doReconsiderRouting:          -BT NREC = 0 
02-25 11:03:55.959 D/RouteManager(  186): doReconsiderRouting:          -BT Band = NB 
02-25 11:03:55.959 D/RouteManager(  186): doReconsiderRouting:          -Platform output device = IHF 
02-25 11:03:55.959 D/RouteManager(  186): doReconsiderRouting:          -Platform input device = Main 
02-25 11:03:55.959 D/RouteManager(  186): doReconsiderRouting:          -Platform input source = VoiceCommunication 
02-25 11:03:55.959 D/RouteManager(  186): doReconsiderRouting:          -Platform Band type = WB 
02-25 11:03:55.959 D/RouteManager(  186): doReconsiderRouting:          -Platform Has Direct Stream = no 
02-25 11:03:55.959 D/RouteManager(  186): doReconsiderRouting:          -Platform TTY direction = <none> 
02-25 11:03:55.959 D/RouteManager(  186): doReconsiderRouting:          -Platform HAC Mode = Off 
02-25 11:03:55.959 D/RouteManager(  186): doReconsiderRouting:          -Platform Screen State = On 
02-25 11:03:55.959 D/RouteManager(  186): doReconsiderRouting:          -Platform Context Awareness = false 
02-25 11:03:55.959 D/RouteManager(  186): doReconsiderRouting:          -Platform Always Listening = false 
02-25 11:03:55.959 D/RouteManager(  186): doReconsiderRouting:          -Platform FM State = Off 
02-25 11:03:55.959 D/RouteManager(  186): doReconsiderRouting:          -Platform Bypass Non Linear PP State = Off 
02-25 11:03:55.959 D/RouteManager(  186): doReconsiderRouting:          -Platform Bypass Linear PP State = Off 
02-25 11:03:55.959 D/RouteManager(  186): doReconsiderRouting:          -Platform MicMute = Off 
02-25 11:03:55.959 D/RouteManager(  186): doReconsiderRouting:      Route state:
02-25 11:03:55.959 D/RouteManager(  186): doReconsiderRouting:          -Previously Enabled Route in Input = <none>
02-25 11:03:55.959 D/RouteManager(  186): doReconsiderRouting:          -Previously Enabled Route in Output = <none>
02-25 11:03:55.959 D/RouteManager(  186): doReconsiderRouting:          -Selected Route in Input = Media|HwCodecMedia
02-25 11:03:55.959 D/RouteManager(  186): doReconsiderRouting:          -Selected Route in Output = <none>
02-25 11:03:55.959 D/RouteManager(  186): doReconsiderRouting:          -Route that need reconfiguration in Input = <none>
02-25 11:03:55.959 D/RouteManager(  186): doReconsiderRouting:          -Route that need reconfiguration in Output = <none>
02-25 11:03:55.959 D/RouteManager(  186): executeMuteStage: --------------- Routing Stage = Mute ---------------
02-25 11:03:55.959 D/RouteManager(  186): parameter-framework: Selection criterion changed event: Criterion name: RoutageState, current state: Flow
02-25 11:03:55.959 D/RouteManager(  186): parameter-framework: Configuration application request {
02-25 11:03:55.959 D/RouteManager(  186): parameter-framework:     Applying configurations {
02-25 11:03:55.959 D/RouteManager(  186): parameter-framework:     } Applying configurations
02-25 11:03:55.959 D/RouteManager(  186): parameter-framework: } Configuration application request
02-25 11:03:55.959 D/RouteManager(  186): executeDisableStage: --------------- Routing Stage = Disable ---------------
02-25 11:03:55.959 D/RouteManager(  186): parameter-framework: Selection criterion changed event: Criterion name: RoutageState, current state: Path
02-25 11:03:55.959 D/RouteManager(  186): parameter-framework: Configuration application request {
02-25 11:03:55.959 D/RouteManager(  186): parameter-framework:     Applying configurations {
02-25 11:03:55.959 D/RouteManager(  186): parameter-framework:     } Applying configurations
02-25 11:03:55.959 D/RouteManager(  186): parameter-framework: } Configuration application request
02-25 11:03:55.959 D/RouteManager(  186): executeConfigureStage: --------------- Routing Stage = Configure ---------------
02-25 11:03:55.959 D/RouteManager(  186): parameter-framework: Selection criterion changed event: Criterion name: RoutageState, current state: Configure
02-25 11:03:55.959 D/RouteManager(  186): parameter-framework: Selection criterion changed event: Criterion name: SelectedInputDevice, current state: Main
02-25 11:03:55.959 D/RouteManager(  186): parameter-framework: Selection criterion changed event: Criterion name: AudioSource, current state: VoiceCommunication
02-25 11:03:55.959 D/RouteManager(  186): parameter-framework: Selection criterion changed event: Criterion name: OpenedCaptureRoutes, current state: Media|HwCodecMedia
02-25 11:03:55.959 D/RouteManager(  186): parameter-framework: Selection criterion changed event: Criterion name: Mode, current state: InVoipCall
02-25 11:03:55.959 D/RouteManager(  186): parameter-framework: Selection criterion changed event: Criterion name: BandType, current state: WB
02-25 11:03:55.959 D/RouteManager(  186): parameter-framework: Configuration application request {
02-25 11:03:55.959 D/RouteManager(  186): parameter-framework:     Applying configurations {
02-25 11:03:55.959 D/RouteManager(  186): parameter-framework:         Applying configuration "Disabled" from domain "IHF.SDRC"
02-25 11:03:55.959 D/RouteManager(  186): parameter-framework:         Applying configuration "Disabled" from domain "IHF.StereoEq"
02-25 11:03:55.959 D/RouteManager(  186): parameter-framework:         Applying configuration "InCall.FrontMic" from domain "Multimedia.InputDevice.Selected"
02-25 11:03:55.959 D/RouteManager(  186): parameter-framework:         Applying configuration "Voip.IHF" from domain "Voip.Tuning"
02-25 11:03:55.959 D/RouteManager(  186): parameter-framework:         Applying configuration "Enable" from domain "Routing.Configure.HwCodec.Capture.AllMics"
02-25 11:03:55.999 D/RouteManager(  186): parameter-framework:     } Applying configurations
02-25 11:03:55.999 D/RouteManager(  186): parameter-framework: } Configuration application request
02-25 11:03:55.999 D/RouteManager(  186): executeEnableStage: --------------- Routing Stage = Enable ---------------
02-25 11:03:55.999 D/RouteManager(  186): parameter-framework: Selection criterion changed event: Criterion name: RoutageState, current state: Path|Configure
02-25 11:03:55.999 D/RouteManager(  186): doEnableRoutes: Routes to be enabled(routed) in Input = Media|HwCodecMedia
02-25 11:03:55.999 D/RouteManager(  186): parameter-framework: Configuration application request {
02-25 11:03:55.999 D/RouteManager(  186): parameter-framework:     Applying configurations {
02-25 11:03:55.999 D/RouteManager(  186): parameter-framework:     } Applying configurations
02-25 11:03:55.999 D/RouteManager(  186): parameter-framework: } Configuration application request
02-25 11:03:55.999 D/RouteManager(  186): doEnableRoutes: Routes to be enabled(routed) in Input = Media|HwCodecMedia
02-25 11:03:55.999 D/RouteManager/StreamRoute(  186): openPcmDevice called for card (baytrailaudio,0)
02-25 11:03:55.999 D/RouteManager/StreamRoute(  186): openPcmDevice		 config=rate(48000), format(0), channels(2))
02-25 11:03:55.999 D/RouteManager/StreamRoute(  186): openPcmDevice		 period_size=1104, period_count=4
02-25 11:03:55.999 D/RouteManager/StreamRoute(  186): openPcmDevice		 startTh=1, stop Th=4416 silence Th=0
02-25 11:03:56.049 D/ALSAStreamOps(  186): attachRouteL input stream
02-25 11:03:56.049 D/AudioStreamInALSA(  186): checkAndAddAudioEffects list contains 0 effects
02-25 11:03:56.049 D/RouteManager(  186): executeUnmuteStage: --------------- Routing Stage = Unmute ---------------
02-25 11:03:56.049 D/RouteManager(  186): parameter-framework: Selection criterion changed event: Criterion name: RoutageState, current state: Flow|Path|Configure
02-25 11:03:56.049 D/RouteManager(  186): parameter-framework: Configuration application request {
02-25 11:03:56.049 D/RouteManager(  186): parameter-framework:     Applying configurations {
02-25 11:03:56.049 D/RouteManager(  186): parameter-framework:         Applying configuration "Unmute" from domain "Routing.Mute.HWCodec.Capture"
02-25 11:03:56.059 D/RouteManager(  186): parameter-framework:     } Applying configurations
02-25 11:03:56.059 D/RouteManager(  186): parameter-framework: } Configuration application request
02-25 11:03:56.059 D/EVENT_THREAD(  186): void CEventThread::run() Do poll with timeout: -1
02-25 11:03:56.059 D/RouteManager(  186): reconsiderRouting: DONE
02-25 11:03:56.239 W/AudioFlinger(  186): RecordThread: buffer overflow
02-25 11:03:56.489 W/BindingManager(11670): Cannot call determinedVisibility() - never saw a connection for the pid: 11670
02-25 11:03:56.499 D/PROPERTY(  186): get media.dump_input.befconv: 0
02-25 11:03:56.499 D/PROPERTY(  186): get media.dump_input.aftconv: 0
02-25 11:03:56.499 D/RouteManager(  186): stopStream: {+++ RECONSIDER ROUTING +++} due to output stream stop event
02-25 11:03:56.499 D/RouteManager(  186): reconsiderRouting
02-25 11:03:56.499 D/EVENT_THREAD(  186): void CEventThread::trig(uint16_t): in
02-25 11:03:56.499 D/EVENT_THREAD(  186): void CEventThread::trig(uint16_t): out
02-25 11:03:56.499 D/RouteManager(  186): doReconsiderRouting:       Platform State:
02-25 11:03:56.499 D/RouteManager(  186): doReconsiderRouting:          -Modem Alive = 0 
02-25 11:03:56.499 D/RouteManager(  186): doReconsiderRouting:          -Modem Call Active = 0 
02-25 11:03:56.499 D/RouteManager(  186): doReconsiderRouting:          -Is Shared I2S glitch free=1 
02-25 11:03:56.499 D/RouteManager(  186): doReconsiderRouting:          -Android Telephony Mode = InVoipCall 
02-25 11:03:56.499 D/RouteManager(  186): doReconsiderRouting:          -RTE MGR HW Mode = InVoipCall 
02-25 11:03:56.499 D/RouteManager(  186): doReconsiderRouting:          -BT Enabled = 1 
02-25 11:03:56.499 D/RouteManager(  186): doReconsiderRouting:          -BT NREC = 0 
02-25 11:03:56.499 D/RouteManager(  186): doReconsiderRouting:          -BT Band = NB 
02-25 11:03:56.499 D/RouteManager(  186): doReconsiderRouting:          -Platform output device = IHF 
02-25 11:03:56.499 D/RouteManager(  186): doReconsiderRouting:          -Platform input device = Main 
02-25 11:03:56.499 D/RouteManager(  186): doReconsiderRouting:          -Platform input source = VoiceCommunication 
02-25 11:03:56.499 D/RouteManager(  186): doReconsiderRouting:          -Platform Band type = WB 
02-25 11:03:56.499 D/RouteManager(  186): doReconsiderRouting:          -Platform Has Direct Stream = no 
02-25 11:03:56.499 D/RouteManager(  186): doReconsiderRouting:          -Platform TTY direction = <none> 
02-25 11:03:56.499 D/RouteManager(  186): doReconsiderRouting:          -Platform HAC Mode = Off 
02-25 11:03:56.499 D/RouteManager(  186): doReconsiderRouting:          -Platform Screen State = On 
02-25 11:03:56.499 D/RouteManager(  186): doReconsiderRouting:          -Platform Context Awareness = false 
02-25 11:03:56.499 D/RouteManager(  186): doReconsiderRouting:          -Platform Always Listening = false 
02-25 11:03:56.499 D/RouteManager(  186): doReconsiderRouting:          -Platform FM State = Off 
02-25 11:03:56.499 D/RouteManager(  186): doReconsiderRouting:          -Platform Bypass Non Linear PP State = Off 
02-25 11:03:56.499 D/RouteManager(  186): doReconsiderRouting:          -Platform Bypass Linear PP State = Off 
02-25 11:03:56.499 D/RouteManager(  186): doReconsiderRouting:          -Platform MicMute = Off 
02-25 11:03:56.499 D/RouteManager(  186): doReconsiderRouting:      Route state:
02-25 11:03:56.499 D/RouteManager(  186): doReconsiderRouting:          -Previously Enabled Route in Input = Media|HwCodecMedia
02-25 11:03:56.499 D/RouteManager(  186): doReconsiderRouting:          -Previously Enabled Route in Output = <none>
02-25 11:03:56.499 D/RouteManager(  186): doReconsiderRouting:          -Selected Route in Input = <none>
02-25 11:03:56.499 D/RouteManager(  186): doReconsiderRouting:          -Selected Route in Output = <none>
02-25 11:03:56.499 D/RouteManager(  186): doReconsiderRouting:          -Route that need reconfiguration in Input = <none>
02-25 11:03:56.499 D/RouteManager(  186): doReconsiderRouting:          -Route that need reconfiguration in Output = <none>
02-25 11:03:56.499 D/RouteManager(  186): executeMuteStage: --------------- Routing Stage = Mute ---------------
02-25 11:03:56.499 D/RouteManager(  186): parameter-framework: Selection criterion changed event: Criterion name: RoutageState, current state: Flow
02-25 11:03:56.499 D/RouteManager(  186): muteRoutes: Expected Routes to be muted in Input = Media|HwCodecMedia
02-25 11:03:56.499 D/RouteManager(  186): parameter-framework: Selection criterion changed event: Criterion name: ClosingCaptureRoutes, current state: Media|HwCodecMedia
02-25 11:03:56.499 D/RouteManager(  186): parameter-framework: Selection criterion changed event: Criterion name: OpenedCaptureRoutes, current state: <none>
02-25 11:03:56.499 D/RouteManager(  186): parameter-framework: Configuration application request {
02-25 11:03:56.499 D/RouteManager(  186): parameter-framework:     Applying configurations {
02-25 11:03:56.499 D/RouteManager(  186): parameter-framework:         Applying configuration "Mute" from domain "Routing.Mute.HWCodec.Capture"
02-25 11:03:56.499 D/RouteManager(  186): parameter-framework:     } Applying configurations
02-25 11:03:56.499 D/RouteManager(  186): parameter-framework: } Configuration application request
02-25 11:03:56.499 D/RouteManager(  186): executeDisableStage: --------------- Routing Stage = Disable ---------------
02-25 11:03:56.499 D/RouteManager(  186): parameter-framework: Selection criterion changed event: Criterion name: RoutageState, current state: Path
02-25 11:03:56.499 D/RouteManager(  186): prepareDisableRoutes: Routes to be disabled(unrouted) in Input = Media|HwCodecMedia
