02-25 11:06:03.699 D/wpa_supplicant(  694): wlan0:    skip - SSID mismatch
02-25 11:06:03.699 D/wpa_supplicant(  694): wlan0: 17: 50:bd:5f:4b:29:92 ssid='Internet-2' wpa_ie_len=0 rsn_ie_len=0 caps=0x421 level=-62
02-25 11:06:03.699 D/wpa_supplicant(  694): wlan0:    skip - SSID mismatch
02-25 11:06:03.699 D/wpa_supplicant(  694): wlan0: 18: e4:d3:32:dd:18:62 ssid='Internet' wpa_ie_len=0 rsn_ie_len=0 caps=0x421 level=-80
02-25 11:06:03.699 D/wpa_supplicant(  694): wlan0:    skip - SSID mismatch
02-25 11:06:03.699 D/wpa_supplicant(  694): wlan0: No suitable network found
02-25 11:06:03.699 D/wpa_supplicant(  694): wlan0: Setting scan request: 40 sec 0 usec
02-25 11:06:03.699 D/wpa_supplicant(  694): wlan0: Checking for other virtual interfaces sharing same radio (phy0) in event_scan_results
02-25 11:06:03.699 D/wpa_supplicant(  694): p2p-dev-wlan0: Updating scan results from sibling
02-25 11:06:03.699 D/wpa_supplicant(  694): nl80211: Received scan results (19 BSSes)
02-25 11:06:03.699 D/wpa_supplicant(  694): nl80211: Survey data missing
02-25 11:06:03.699 D/wpa_supplicant(  694): p2p-dev-wlan0: BSS: Start scan result update 116
02-25 11:06:03.699 D/wpa_supplicant(  694): BSS: No P2P IE - skipping BSS f8:d1:11:e7:99:e8 update for P2P interface
02-25 11:06:03.699 D/wpa_supplicant(  694): BSS: No P2P IE - skipping BSS 02:1a:11:ff:f7:0a update for P2P interface
02-25 11:06:03.699 D/wpa_supplicant(  694): BSS: No P2P IE - skipping BSS c8:d7:19:60:62:f2 update for P2P interface
02-25 11:06:03.699 D/wpa_supplicant(  694): BSS: No P2P IE - skipping BSS 90:94:e4:03:45:f5 update for P2P interface
02-25 11:06:03.699 D/wpa_supplicant(  694): BSS: No P2P IE - skipping BSS cc:34:29:2b:26:4c update for P2P interface
02-25 11:06:03.699 D/wpa_supplicant(  694): BSS: No P2P IE - skipping BSS 10:c3:7b:d2:e5:e0 update for P2P interface
02-25 11:06:03.699 D/wpa_supplicant(  694): BSS: No P2P IE - skipping BSS b0:48:7a:51:ff:cc update for P2P interface
02-25 11:06:03.699 D/wpa_supplicant(  694): BSS: No P2P IE - skipping BSS 44:94:fc:3d:da:38 update for P2P interface
02-25 11:06:03.699 D/wpa_supplicant(  694): BSS: No P2P IE - skipping BSS 98:fc:11:81:35:fb update for P2P interface
02-25 11:06:03.699 D/wpa_supplicant(  694): BSS: No P2P IE - skipping BSS cc:34:29:2c:fb:ec update for P2P interface
02-25 11:06:03.699 D/wpa_supplicant(  694): BSS: No P2P IE - skipping BSS e4:d3:32:c0:cf:a4 update for P2P interface
02-25 11:06:03.699 D/wpa_supplicant(  694): BSS: No P2P IE - skipping BSS cc:b2:55:e2:84:70 update for P2P interface
02-25 11:06:03.699 D/wpa_supplicant(  694): BSS: No P2P IE - skipping BSS c4:17:fe:3f:4f:fb update for P2P interface
02-25 11:06:03.699 D/wpa_supplicant(  694): BSS: No P2P IE - skipping BSS 80:1f:02:43:fb:e8 update for P2P interface
02-25 11:06:03.699 D/wpa_supplicant(  694): BSS: No P2P IE - skipping BSS 02:1a:11:f9:f0:51 update for P2P interface
02-25 11:06:03.699 D/wpa_supplicant(  694): BSS: No P2P IE - skipping BSS 00:0f:e2:0f:9f:c1 update for P2P interface
02-25 11:06:03.699 D/wpa_supplicant(  694): BSS: No P2P IE - skipping BSS 24:05:0f:2e:8a:21 update for P2P interface
02-25 11:06:03.699 D/wpa_supplicant(  694): BSS: No P2P IE - skipping BSS 50:bd:5f:4b:29:92 update for P2P interface
02-25 11:06:03.699 D/wpa_supplicant(  694): BSS: No P2P IE - skipping BSS e4:d3:32:dd:18:62 update for P2P interface
02-25 11:06:03.699 D/wpa_supplicant(  694): BSS: last_scan_res_used=0/0 last_scan_full=0
02-25 11:06:03.699 D/wpa_supplicant(  694): p2p-dev-wlan0: New scan results available
02-25 11:06:03.699 D/wpa_supplicant(  694): CTRL_IFACE monitor send - hexdump(len=39): 2f 64 61 74 61 2f 6d 69 73 63 2f 77 69 66 69 2f 73 6f 63 6b 65 74 73 2f 77 70 61 5f 63 74 72 6c ...
02-25 11:06:03.699 D/wpa_supplicant(  694): WPS: AP[0] f8:d1:11:e7:99:e8 type=0 tries=0 last_attempt=-1 sec ago blacklist=0
02-25 11:06:03.699 D/wpa_supplicant(  694): WPS: AP[1] cc:34:29:2c:fb:ec type=0 tries=0 last_attempt=-1 sec ago blacklist=0
02-25 11:06:03.699 D/wpa_supplicant(  694): WPS: AP[2] cc:34:29:2b:26:4c type=0 tries=0 last_attempt=-1 sec ago blacklist=0
02-25 11:06:03.699 D/wpa_supplicant(  694): WPS: AP[3] b0:48:7a:51:ff:cc type=0 tries=0 last_attempt=-1 sec ago blacklist=0
02-25 11:06:03.699 D/wpa_supplicant(  694): WPS: AP[4] c0:a0:bb:20:3b:84 type=0 tries=0 last_attempt=-1 sec ago blacklist=0
02-25 11:06:03.699 D/wpa_supplicant(  694): WPS: AP[5] 2c:b0:5d:7f:f4:24 type=0 tries=0 last_attempt=-1 sec ago blacklist=0
02-25 11:06:03.699 D/wpa_supplicant(  694): WPS: AP[6] 9c:21:6a:0d:eb:72 type=0 tries=0 last_attempt=-1 sec ago blacklist=0
02-25 11:06:03.699 D/wpa_supplicant(  694): WPS: AP[7] c8:d7:19:60:62:f2 type=0 tries=0 last_attempt=-1 sec ago blacklist=0
02-25 11:06:03.699 D/wpa_supplicant(  694): WPS: AP[8] 44:94:fc:3d:da:38 type=0 tries=0 last_attempt=-1 sec ago blacklist=0
02-25 11:06:03.709 D/wpa_supplicant(  694): WPS: AP[9] 10:c3:7b:d2:e5:e0 type=0 tries=0 last_attempt=-1 sec ago blacklist=0
02-25 11:06:03.709 D/wpa_supplicant(  694): p2p-dev-wlan0: No suitable network found
02-25 11:06:03.709 D/wpa_supplicant(  694): p2p-dev-wlan0: Short-circuit new scan request since there are no enabled networks
02-25 11:06:03.709 D/wpa_supplicant(  694): p2p-dev-wlan0: State: INACTIVE -> INACTIVE
02-25 11:06:03.709 D/wpa_supplicant(  694): wlan0: P2P: Station mode scan operation not pending anymore (sta_scan_pending=0 p2p_cb_on_scan_complete=0)
02-25 11:06:03.709 D/wpa_supplicant(  694): RX ctrl_iface - hexdump(len=25): 42 53 53 20 52 41 4e 47 45 3d 30 2d 20 4d 41 53 4b 3d 30 78 32 31 39 38 37
02-25 11:06:03.709 D/wpa_supplicant(  694): wlan0: Control interface command 'BSS RANGE=0- MASK=0x21987'
02-25 11:06:03.709 I/WifiHW  (  506): REPLY: id=0
02-25 11:06:03.709 I/WifiHW  (  506): REPLY: bssid=f8:d1:11:e7:99:e8
02-25 11:06:03.709 I/WifiHW  (  506): REPLY: freq=2437
02-25 11:06:03.709 I/WifiHW  (  506): REPLY: level=-42
02-25 11:06:03.709 I/WifiHW  (  506): REPLY: tsf=0000004737902433
02-25 11:06:03.709 I/WifiHW  (  506): REPLY: flags=[WPA-PSK-CCMP][WPA2-PSK-CCMP][WPS][ESS]
02-25 11:06:03.709 I/WifiHW  (  506): REPLY: ssid=videotest
02-25 11:06:03.709 I/WifiHW  (  506): REPLY: ====
02-25 11:06:03.709 I/WifiHW  (  506): REPLY: id=1
02-25 11:06:03.709 I/WifiHW  (  506): REPLY: bssid=02:1a:11:ff:f7:0a
02-25 11:06:03.709 I/WifiHW  (  506): REPLY: freq=2437
02-25 11:06:03.709 I/WifiHW  (  506): REPLY: level=-49
02-25 11:06:03.709 I/WifiHW  (  506): REPLY: tsf=0000004737902441
02-25 11:06:03.709 I/WifiHW  (  506): REPLY: flags=[WPA2-PSK-CCMP][ESS]
02-25 11:06:03.709 I/WifiHW  (  506): REPLY: ssid=io1
02-25 11:06:03.709 I/WifiHW  (  506): REPLY: ====
02-25 11:06:03.709 I/WifiHW  (  506): REPLY: id=2
02-25 11:06:03.709 I/WifiHW  (  506): EVENT: IFNAME=p2p-dev-wlan0 CTRL-EVENT-SCAN-RESULTS 
02-25 11:06:03.709 I/WifiHW  (  506): REPLY: bssid=cc:34:29:2c:fb:ec
02-25 11:06:03.709 I/WifiHW  (  506): REPLY: freq=2412
02-25 11:06:03.709 I/WifiHW  (  506): REPLY: level=-66
02-25 11:06:03.709 I/WifiHW  (  506): REPLY: tsf=0000004737902407
02-25 11:06:03.709 I/WifiHW  (  506): REPLY: flags=[WPA-PSK-CCMP][WPA2-PSK-CCMP][WPS][ESS]
02-25 11:06:03.709 I/WifiHW  (  506): REPLY: ssid=linksys
02-25 11:06:03.709 I/WifiHW  (  506): REPLY: ====
02-25 11:06:03.709 I/WifiHW  (  506): REPLY: id=3
02-25 11:06:03.709 I/WifiHW  (  506): REPLY: bssid=cc:34:29:2b:26:4c
02-25 11:06:03.709 I/WifiHW  (  506): REPLY: freq=2462
02-25 11:06:03.709 I/WifiHW  (  506): REPLY: level=-56
02-25 11:06:03.709 I/WifiHW  (  506): REPLY: tsf=0000004737902553
02-25 11:06:03.709 I/WifiHW  (  506): REPLY: flags=[WPA2-PSK-CCMP][WPS][ESS]
02-25 11:06:03.709 I/WifiHW  (  506): REPLY: ssid=cws-test
02-25 11:06:03.709 I/WifiHW  (  506): REPLY: ====
02-25 11:06:03.709 I/WifiHW  (  506): REPLY: id=4
02-25 11:06:03.709 I/WifiHW  (  506): REPLY: bssid=90:94:e4:03:45:f5
02-25 11:06:03.709 I/WifiHW  (  506): REPLY: freq=2422
02-25 11:06:03.709 I/WifiHW  (  506): REPLY: level=-53
02-25 11:06:03.709 I/WifiHW  (  506): REPLY: tsf=0000004737902424
02-25 11:06:03.709 I/WifiHW  (  506): REPLY: flags=[WPA2-PSK-CCMP+TKIP][ESS]
02-25 11:06:03.709 I/WifiHW  (  506): REPLY: ssid=DAP-2553_D
02-25 11:06:03.709 I/WifiHW  (  506): REPLY: ====
02-25 11:06:03.709 I/WifiHW  (  506): REPLY: id=5
02-25 11:06:03.709 I/WifiHW  (  506): REPLY: bssid=98:fc:11:81:35:fb
02-25 11:06:03.709 I/WifiHW  (  506): REPLY: freq=2412
02-25 11:06:03.709 I/WifiHW  (  506): REPLY: level=-63
02-25 11:06:03.709 I/WifiHW  (  506): REPLY: tsf=0000004737902399
02-25 11:06:03.709 I/WifiHW  (  506): REPLY: flags=[WPA2-EAP-CCMP-preauth][ESS]
02-25 11:06:03.709 I/WifiHW  (  506): REPLY: ssid=E2000EE
02-25 11:06:03.709 I/WifiHW  (  506): REPLY: ====
02-25 11:06:03.709 I/WifiHW  (  506): REPLY: id=6
02-25 11:06:03.709 I/WifiHW  (  506): REPLY: bssid=80:1f:02:43:fb:e8
02-25 11:06:03.709 I/WifiHW  (  506): REPLY: freq=2412
02-25 11:06:03.709 I/WifiHW  (  506): REPLY: level=-71
02-25 11:06:03.709 I/WifiHW  (  506): REPLY: tsf=0000004737902416
02-25 11:06:03.709 I/WifiHW  (  506): REPLY: flags=[WPA2-PSK-CCMP-preauth][ESS]
02-25 11:06:03.709 I/WifiHW  (  506): REPLY: ssid=Edimax AP
02-25 11:06:03.709 I/WifiHW  (  506): REPLY: ====
02-25 11:06:03.709 I/WifiHW  (  506): REPLY: id=8
02-25 11:06:03.709 I/WifiHW  (  506): REPLY: bssid=b0:48:7a:51:ff:cc
02-25 11:06:03.709 I/WifiHW  (  506): REPLY: freq=2452
02-25 11:06:03.709 I/WifiHW  (  506): REPLY: level=-60
02-25 11:06:03.709 I/WifiHW  (  506): REPLY: tsf=0000004737902520
02-25 11:06:03.709 I/WifiHW  (  506): REPLY: flags=[WPA-PSK-CCMP][WPA2-PSK-CCMP][WPS][ESS]
02-25 11:06:03.709 I/WifiHW  (  506): REPLY: ssid=Neusoft TP
02-25 11:06:03.709 I/WifiHW  (  506): REPLY: ====
02-25 11:06:03.709 I/WifiHW  (  506): REPLY: id=17
02-25 11:06:03.709 I/WifiHW  (  506): REPLY: bssid=50:bd:5f:4b:29:92
02-25 11:06:03.709 I/WifiHW  (  506): REPLY: freq=2437
02-25 11:06:03.709 I/WifiHW  (  506): REPLY: level=-62
02-25 11:06:03.709 I/WifiHW  (  506): REPLY: tsf=0000004737902468
02-25 11:06:03.709 I/WifiHW  (  506): REPLY: flags=[ESS]
02-25 11:06:03.709 I/WifiHW  (  506): REPLY: ssid=Internet-2
02-25 11:06:03.709 I/WifiHW  (  506): REPLY: ====
02-25 11:06:03.709 I/WifiHW  (  506): REPLY: id=29
02-25 11:06:03.709 I/WifiHW  (  506): REPLY: bssid=c8:d7:19:60:62:f2
02-25 11:06:03.709 I/WifiHW  (  506): REPLY: freq=2437
02-25 11:06:03.709 I/WifiHW  (  506): REPLY: level=-50
02-25 11:06:03.709 I/WifiHW  (  506): REPLY: tsf=0000004737902450
02-25 11:06:03.709 I/WifiHW  (  506): REPLY: flags=[WPA2-PSK-CCMP][WPS][ESS]
02-25 11:06:03.709 I/WifiHW  (  506): REPLY: ssid=E3000-2.4G
02-25 11:06:03.709 I/WifiHW  (  506): REPLY: ====
02-25 11:06:03.709 I/WifiHW  (  506): REPLY: id=31
02-25 11:06:03.709 I/WifiHW  (  506): REPLY: bssid=44:94:fc:3d:da:38
02-25 11:06:03.709 I/WifiHW  (  506): REPLY: freq=2462
02-25 11:06:03.709 I/WifiHW  (  506): REPLY: level=-61
02-25 11:06:03.709 I/WifiHW  (  506): REPLY: tsf=0000004737902544
02-25 11:06:03.709 I/WifiHW  (  506): REPLY: flags=[WPA2-EAP-CCMP-preauth][WPS][ESS]
02-25 11:06:03.709 I/WifiHW  (  506): REPLY: ssid=6300
02-25 11:06:03.709 I/WifiHW  (  506): REPLY: ====
02-25 11:06:03.709 I/WifiHW  (  506): REPLY: id=32
02-25 11:06:03.709 I/WifiHW  (  506): REPLY: bssid=10:c3:7b:d2:e5:e0
02-25 11:06:03.709 I/WifiHW  (  506): REPLY: freq=2462
02-25 11:06:03.709 I/WifiHW  (  506): REPLY: level=-59
02-25 11:06:03.709 I/WifiHW  (  506): REPLY: tsf=0000004737902535
02-25 11:06:03.709 I/WifiHW  (  506): REPLY: flags=[WPA2-PSK-CCMP][WPS][ESS]
02-25 11:06:03.709 I/WifiHW  (  506): REPLY: ssid=ASUS_RT-AC66U-2.4G
02-25 11:06:03.709 I/WifiHW  (  506): REPLY: ====
02-25 11:06:03.709 I/WifiHW  (  506): REPLY: id=80
02-25 11:06:03.709 I/WifiHW  (  506): REPLY: bssid=c4:17:fe:3f:4f:fb
02-25 11:06:03.709 I/WifiHW  (  506): REPLY: freq=2437
02-25 11:06:03.709 I/WifiHW  (  506): REPLY: level=-69
02-25 11:06:03.709 I/WifiHW  (  506): REPLY: tsf=0000004737902460
02-25 11:06:03.709 I/WifiHW  (  506): REPLY: flags=[WPA2-PSK-CCMP][ESS]
02-25 11:06:03.709 I/WifiHW  (  506): REPLY: ssid=cmcm
02-25 11:06:03.709 I/WifiHW  (  506): REPLY: ====
02-25 11:06:03.709 I/WifiHW  (  506): REPLY: id=145
02-25 11:06:03.709 I/WifiHW  (  506): REPLY: bssid=00:0f:e2:0f:9f:c1
02-25 11:06:03.709 I/WifiHW  (  506): REPLY: freq=2462
02-25 11:06:03.709 I/WifiHW  (  506): REPLY: level=-81
02-25 11:06:03.709 I/WifiHW  (  506): REPLY: tsf=0000004737902561
02-25 11:06:03.709 I/WifiHW  (  506): REPLY: flags=[WPA-PSK-CCMP+TKIP][WPA2-PSK-CCMP+TKIP][ESS]
02-25 11:06:03.709 I/WifiHW  (  506): REPLY: ssid=321_WAN
02-25 11:06:03.709 I/WifiHW  (  506): REPLY: ====
02-25 11:06:03.709 I/WifiHW  (  506): REPLY: id=148
02-25 11:06:03.709 I/WifiHW  (  506): REPLY: bssid=2c:b0:5d:7f:f4:24
02-25 11:06:03.709 I/WifiHW  (  506): REPLY: freq=2412
02-25 11:06:03.709 I/WifiHW  (  506): REPLY: level=-88
02-25 11:06:03.709 I/WifiHW  (  506): REPLY: tsf=0000004696652768
02-25 11:06:03.709 I/WifiHW  (  506): REPLY: flags=[WPA2-PSK-CCMP][WPS][ESS]
02-25 11:06:03.709 I/WifiHW  (  506): REPLY: ssid=NETGEAR38
02-25 11:06:03.709 I/WifiHW  (  506): REPLY: ====
02-25 11:06:03.709 I/WifiHW  (  506): REPLY: id=151
02-25 11:06:03.709 I/WifiHW  (  506): REPLY: bssid=cc:b2:55:e2:84:70
02-25 11:06:03.709 I/WifiHW  (  506): REPLY: freq=2447
02-25 11:06:03.709 I/WifiHW  (  506): REPLY: level=-68
02-25 11:06:03.709 I/WifiHW  (  506): REPLY: tsf=0000004737902485
02-25 11:06:03.709 I/WifiHW  (  506): REPLY: flags=[WPA-PSK-TKIP][WPA2-PSK-TKIP][ESS]
02-25 11:06:03.709 I/WifiHW  (  506): REPLY: ssid=DLINK_APK
02-25 11:06:03.709 I/WifiHW  (  506): REPLY: ====
02-25 11:06:03.709 I/WifiHW  (  506): REPLY: id=152
02-25 11:06:03.709 I/WifiHW  (  506): REPLY: bssid=e4:d3:32:c0:cf:a4
02-25 11:06:03.709 I/WifiHW  (  506): REPLY: freq=2437
02-25 11:06:03.709 I/WifiHW  (  506): REPLY: level=-67
02-25 11:06:03.709 I/WifiHW  (  506): REPLY: tsf=0000004737902476
02-25 11:06:03.709 I/WifiHW  (  506): REPLY: flags=[WPA2-PSK-CCMP][ESS]
02-25 11:06:03.709 I/WifiHW  (  506): REPLY: ssid=fast
02-25 11:06:03.709 I/WifiHW  (  506): REPLY: ====
02-25 11:06:03.709 I/WifiHW  (  506): REPLY: id=153
02-25 11:06:03.709 I/WifiHW  (  506): REPLY: bssid=02:09:4c:95:ac:84
02-25 11:06:03.709 I/WifiHW  (  506): REPLY: freq=2412
02-25 11:06:03.709 I/WifiHW  (  506): REPLY: level=-66
02-25 11:06:03.709 I/WifiHW  (  506): REPLY: tsf=0000004696652751
02-25 11:06:03.709 I/WifiHW  (  506): REPLY: flags=[WEP]
02-25 11:06:03.709 I/WifiHW  (  506): REPLY: ssid=DIRECT-
02-25 11:06:03.709 I/WifiHW  (  506): REPLY: ====
02-25 11:06:03.709 I/WifiHW  (  506): REPLY: id=154
02-25 11:06:03.709 I/WifiHW  (  506): REPLY: bssid=e4:d3:32:dd:18:62
02-25 11:06:03.709 I/WifiHW  (  506): REPLY: freq=2437
02-25 11:06:03.709 I/WifiHW  (  506): REPLY: level=-80
02-25 11:06:03.709 I/WifiHW  (  506): REPLY: tsf=0000004737902503
02-25 11:06:03.709 I/WifiHW  (  506): REPLY: flags=[ESS]
02-25 11:06:03.709 I/WifiHW  (  506): REPLY: ssid=Internet
02-25 11:06:03.709 I/WifiHW  (  506): REPLY: ====
02-25 11:06:03.709 I/WifiHW  (  506): REPLY: id=155
02-25 11:06:03.709 I/WifiHW  (  506): REPLY: bssid=02:1a:11:f9:f0:51
02-25 11:06:03.709 I/WifiHW  (  506): REPLY: freq=2437
02-25 11:06:03.709 I/WifiHW  (  506): REPLY: level=-78
02-25 11:06:03.709 I/WifiHW  (  506): REPLY: tsf=0000004737902494
02-25 11:06:03.709 I/WifiHW  (  506): REPLY: flags=[WPA2-PSK-CCMP][ESS]
02-25 11:06:03.709 I/WifiHW  (  506): REPLY: ssid=AndroidSystem
02-25 11:06:03.709 I/WifiHW  (  506): REPLY: ====
02-25 11:06:03.709 I/WifiHW  (  506): REPLY: id=156
02-25 11:06:03.709 I/WifiHW  (  506): REPLY: bssid=24:05:0f:2e:8a:21
02-25 11:06:03.709 I/WifiHW  (  506): REPLY: freq=2437
02-25 11:06:03.709 I/WifiHW  (  506): REPLY: level=-85
02-25 11:06:03.709 I/WifiHW  (  506): REPLY: tsf=0000004737902511
02-25 11:06:03.709 I/WifiHW  (  506): REPLY: flags=[WPA-PSK-CCMP][WPA2-PSK-CCMP][ESS]
02-25 11:06:03.709 I/WifiHW  (  506): REPLY: ssid=Online_360_m
02-25 11:06:03.709 I/WifiHW  (  506): REPLY: ####
02-25 11:06:15.739 D/EVENT_THREAD(  186): void CEventThread::run() POLLIN event on Fd (1)
02-25 11:06:15.739 D/EVENT_THREAD(  186): void CEventThread::run() Do poll with timeout: -1
02-25 11:06:15.739 I/upi_ug31xx(  166): (534) update_capacity
02-25 11:06:15.749 I/[UPI]   (  166): <UG31/E>[UpiReadCapacity]: V=4236(4239), T=315(315-375), I=-90, C=0(0-0)
02-25 11:06:15.749 I/[UPI]   (  166): <UG31/E>[UpiReadCapacity]: (0x0080095a) 3907 (3851) / 3926 (4026) = 100
02-25 11:06:15.749 I/[UPI]   (  166): <UG31/E>[UpiReadCapacity]: (0x0080095a) 3907 (3851) / 3926 (4026) = 100
02-25 11:06:15.749 I/[UPI]   (  166): <UG31/E>[UpiReadCapacity]: (0x0080095a) 3907 (3907) / 3926 (4026) = 100
02-25 11:06:15.749 I/[UPI]   (  166): <UG31/E>[RsocFilterCountTime]: (0x0080095a) Step=0(30420), Full=39(4719394), Lock=30420(3158400)
02-25 11:06:15.749 I/[UPI]   (  166): <UG31/E>[UpiReadCapacity]: (0x0080095a) 3907 (3907) / 3926 (4026) = 100 (-90--90)
02-25 11:06:15.749 I/[UPI]   (  166): <UG31/E><BATT> M:normal, P:100(100-100)%, V:4241mV, C:-81mA, T:31.5C(375), S:0x0080095a(100), R:3907mAh, F:3926mAh, Q:-140mAh, CC:3, P:30.420(138-0)s, BO:7, 97:615:0-44af-9m:B001-20140514-144301 (1)
02-25 11:06:15.799 D/EVENT_THREAD(  186): void CEventThread::run() POLLIN event on Fd (1)
02-25 11:06:15.799 D/EVENT_THREAD(  186): void CEventThread::run() Do poll with timeout: -1
02-25 11:06:15.799 I/upi_ug31xx(  166): (535) backup_data 
02-25 11:06:15.799 V/upi_ug31xx(  166): state->check_backup_count = 2
02-25 11:06:26.459 D/AndroidRuntime(12379): 
02-25 11:06:26.459 D/AndroidRuntime(12379): >>>>>> AndroidRuntime START com.android.internal.os.RuntimeInit <<<<<<
02-25 11:06:26.459 D/AndroidRuntime(12379): CheckJNI is OFF
02-25 11:06:26.459 I/AndroidRuntime(12379): Kernel Release Version: 3.10.20-gf818079
02-25 11:06:26.459 I/dalvikvm(12379): No library specified. The standard exception handler will be used
02-25 11:06:26.459 I/dalvikvm(12379): 
02-25 11:06:26.459 I/dalvikvm(12379): +++++++++++++ Using PCG. +++++++++++++++++++++
02-25 11:06:26.469 D/dalvikvm(12379): Trying to load lib libjavacore.so 0x0
02-25 11:06:26.469 D/dalvikvm(12379): Added shared lib libjavacore.so 0x0
02-25 11:06:26.469 D/dalvikvm(12379): Trying to load lib libnativehelper.so 0x0
02-25 11:06:26.469 D/dalvikvm(12379): Added shared lib libnativehelper.so 0x0
02-25 11:06:26.469 D/dalvikvm(12379): No JNI_OnLoad found in libnativehelper.so 0x0, skipping init
02-25 11:06:26.479 D/dalvikvm(12379): Extra Options: not specified
02-25 11:06:26.499 D/dalvikvm(12379): Note: class Landroid/app/ActivityManagerNative; has 186 unimplemented (abstract) methods
02-25 11:06:26.579 E/memtrack(12379): Couldn't load memtrack module (No such file or directory)
02-25 11:06:26.579 E/android.os.Debug(12379): failed to load memtrack module: -2
02-25 11:06:26.609 D/AndroidRuntime(12379): Calling main entry com.android.commands.am.Am
02-25 11:06:26.649 D/AndroidRuntime(12379): Shutting down VM
02-25 11:06:26.649 D/dalvikvm(12379): GC_CONCURRENT freed 108K, 16% free 638K/760K, paused 0ms+0ms, total 1ms
02-25 11:06:26.649 I/ActivityManager(  506): Force stopping org.xwalk.webapi_noneservice_tests appid=10259 user=0: from pid 12379
02-25 11:06:26.659 D/dalvikvm(12379): Compiler shutdown in progress - discarding request
02-25 11:06:26.659 D/dalvikvm(12379): Compiler shutdown in progress - discarding request
02-25 11:06:26.659 D/dalvikvm(12379): Compiler shutdown in progress - discarding request
02-25 11:06:26.659 D/dalvikvm(12379): Compiler shutdown in progress - discarding request
02-25 11:06:26.659 D/dalvikvm(12379): Compiler shutdown in progress - discarding request
02-25 11:06:26.659 D/dalvikvm(12379): Compiler shutdown in progress - discarding request
02-25 11:06:26.659 D/dalvikvm(12379): Compiler shutdown in progress - discarding request
02-25 11:06:26.659 D/dalvikvm(12379): Compiler shutdown in progress - discarding request
02-25 11:06:26.659 D/dalvikvm(12379): Compiler shutdown in progress - discarding request
02-25 11:06:26.659 D/dalvikvm(12379): Compiler shutdown in progress - discarding request
02-25 11:06:26.659 D/dalvikvm(12379): Compiler shutdown in progress - discarding request
02-25 11:06:26.659 D/dalvikvm(12379): Compiler shutdown in progress - discarding request
02-25 11:06:26.659 D/dalvikvm(12379): Compiler shutdown in progress - discarding request
02-25 11:06:26.659 D/dalvikvm(12379): Compiler shutdown in progress - discarding request
02-25 11:06:26.659 D/dalvikvm(12379): Compiler shutdown in progress - discarding request
02-25 11:06:26.659 D/dalvikvm(12379): Compiler shutdown in progress - discarding request
02-25 11:06:26.659 D/dalvikvm(12379): Compiler shutdown in progress - discarding request
02-25 11:06:26.659 D/dalvikvm(12379): Compiler shutdown in progress - discarding request
02-25 11:06:26.659 D/dalvikvm(12379): Compiler shutdown in progress - discarding request
02-25 11:06:26.659 D/dalvikvm(12379): Compiler shutdown in progress - discarding request
02-25 11:06:26.659 D/dalvikvm(12379): Compiler shutdown in progress - discarding request
02-25 11:06:26.659 D/dalvikvm(12379): Compiler shutdown in progress - discarding request
02-25 11:06:26.659 D/dalvikvm(12379): Compiler shutdown in progress - discarding request
02-25 11:06:26.659 D/dalvikvm(12379): Compiler shutdown in progress - discarding request
02-25 11:06:26.659 D/dalvikvm(12379): Compiler shutdown in progress - discarding request
02-25 11:06:26.659 D/dalvikvm(12379): Compiler shutdown in progress - discarding request
02-25 11:06:26.659 D/dalvikvm(12379): Compiler shutdown in progress - discarding request
02-25 11:06:26.659 D/dalvikvm(12379): Compiler shutdown in progress - discarding request
02-25 11:06:26.659 D/dalvikvm(12379): Compiler shutdown in progress - discarding request
02-25 11:06:26.659 D/dalvikvm(12379): Compiler shutdown in progress - discarding request
02-25 11:06:26.659 D/dalvikvm(12379): Compiler shutdown in progress - discarding request
02-25 11:06:26.659 D/dalvikvm(12379): Compiler shutdown in progress - discarding request
02-25 11:06:26.659 D/dalvikvm(12379): Compiler shutdown in progress - discarding request
02-25 11:06:26.659 D/dalvikvm(12379): Compiler shutdown in progress - discarding request
02-25 11:06:26.659 D/dalvikvm(12379): Compiler shutdown in progress - discarding request
02-25 11:06:26.659 D/dalvikvm(12379): Compiler shutdown in progress - discarding request
02-25 11:06:26.659 D/dalvikvm(12379): Compiler shutdown in progress - discarding request
02-25 11:06:26.659 D/dalvikvm(12379): Compiler shutdown in progress - discarding request
02-25 11:06:26.659 D/dalvikvm(12379): Compiler shutdown in progress - discarding request
02-25 11:06:26.659 D/dalvikvm(12379): Compiler shutdown in progress - discarding request
02-25 11:06:26.659 D/dalvikvm(12379): Compiler shutdown in progress - discarding request
02-25 11:06:26.659 D/dalvikvm(12379): Compiler shutdown in progress - discarding request
02-25 11:06:26.659 D/dalvikvm(12379): Compiler shutdown in progress - discarding request
02-25 11:06:26.659 D/dalvikvm(12379): Compiler shutdown in progress - discarding request
02-25 11:06:27.269 D/AndroidRuntime(12390): 
02-25 11:06:27.269 D/AndroidRuntime(12390): >>>>>> AndroidRuntime START com.android.internal.os.RuntimeInit <<<<<<
02-25 11:06:27.269 D/AndroidRuntime(12390): CheckJNI is OFF
02-25 11:06:27.269 I/AndroidRuntime(12390): Kernel Release Version: 3.10.20-gf818079
02-25 11:06:27.269 I/dalvikvm(12390): No library specified. The standard exception handler will be used
02-25 11:06:27.269 I/dalvikvm(12390): 
02-25 11:06:27.269 I/dalvikvm(12390): +++++++++++++ Using PCG. +++++++++++++++++++++
02-25 11:06:27.279 D/dalvikvm(12390): Trying to load lib libjavacore.so 0x0
02-25 11:06:27.279 D/dalvikvm(12390): Added shared lib libjavacore.so 0x0
02-25 11:06:27.279 D/dalvikvm(12390): Trying to load lib libnativehelper.so 0x0
02-25 11:06:27.279 D/dalvikvm(12390): Added shared lib libnativehelper.so 0x0
02-25 11:06:27.279 D/dalvikvm(12390): No JNI_OnLoad found in libnativehelper.so 0x0, skipping init
02-25 11:06:27.289 D/dalvikvm(12390): Extra Options: not specified
02-25 11:06:27.299 D/dalvikvm(12390): Note: class Landroid/app/ActivityManagerNative; has 186 unimplemented (abstract) methods
02-25 11:06:27.369 E/memtrack(12390): Couldn't load memtrack module (No such file or directory)
02-25 11:06:27.369 E/android.os.Debug(12390): failed to load memtrack module: -2
02-25 11:06:27.409 D/AndroidRuntime(12390): Calling main entry com.android.commands.am.Am
02-25 11:06:27.439 D/AndroidRuntime(12390): Shutting down VM
02-25 11:06:27.439 D/dalvikvm(12390): GC_CONCURRENT freed 117K, 16% free 702K/832K, paused 0ms+0ms, total 1ms
02-25 11:06:27.439 I/ActivityManager(  506): START u0 {flg=0x10000000 cmp=org.xwalk.webapi_noneservice_tests/.webapi_noneservice_testsActivity} from pid 12390
02-25 11:06:27.449 D/dalvikvm(12390): Compiler shutdown in progress - discarding request
02-25 11:06:27.449 D/dalvikvm(12390): Compiler shutdown in progress - discarding request
02-25 11:06:27.449 D/dalvikvm(12390): Compiler shutdown in progress - discarding request
02-25 11:06:27.449 D/dalvikvm(12390): Compiler shutdown in progress - discarding request
02-25 11:06:27.449 D/dalvikvm(12390): Compiler shutdown in progress - discarding request
02-25 11:06:27.449 D/dalvikvm(12390): Compiler shutdown in progress - discarding request
02-25 11:06:27.449 D/dalvikvm(12390): Compiler shutdown in progress - discarding request
02-25 11:06:27.449 D/dalvikvm(12390): Compiler shutdown in progress - discarding request
02-25 11:06:27.449 D/dalvikvm(12390): Compiler shutdown in progress - discarding request
02-25 11:06:27.449 D/dalvikvm(12390): Compiler shutdown in progress - discarding request
02-25 11:06:27.449 D/dalvikvm(12390): Compiler shutdown in progress - discarding request
02-25 11:06:27.449 D/dalvikvm(12390): Compiler shutdown in progress - discarding request
02-25 11:06:27.449 D/dalvikvm(12390): Compiler shutdown in progress - discarding request
02-25 11:06:27.449 D/dalvikvm(12390): Compiler shutdown in progress - discarding request
02-25 11:06:27.449 D/dalvikvm(12390): Compiler shutdown in progress - discarding request
02-25 11:06:27.449 D/dalvikvm(12390): Compiler shutdown in progress - discarding request
02-25 11:06:27.449 D/dalvikvm(12390): Compiler shutdown in progress - discarding request
02-25 11:06:27.449 D/dalvikvm(12390): Compiler shutdown in progress - discarding request
02-25 11:06:27.449 D/dalvikvm(12390): Compiler shutdown in progress - discarding request
02-25 11:06:27.449 D/dalvikvm(12390): Compiler shutdown in progress - discarding request
02-25 11:06:27.449 D/dalvikvm(12390): Compiler shutdown in progress - discarding request
02-25 11:06:27.449 D/dalvikvm(12390): Compiler shutdown in progress - discarding request
02-25 11:06:27.449 D/dalvikvm(12390): Compiler shutdown in progress - discarding request
02-25 11:06:27.449 D/dalvikvm(12390): Compiler shutdown in progress - discarding request
02-25 11:06:27.449 D/dalvikvm(12390): Compiler shutdown in progress - discarding request
02-25 11:06:27.449 D/dalvikvm(12390): Compiler shutdown in progress - discarding request
02-25 11:06:27.449 D/dalvikvm(12390): Compiler shutdown in progress - discarding request
02-25 11:06:27.449 D/dalvikvm(12390): Compiler shutdown in progress - discarding request
02-25 11:06:27.449 D/dalvikvm(12390): Compiler shutdown in progress - discarding request
02-25 11:06:27.449 D/dalvikvm(12390): Compiler shutdown in progress - discarding request
02-25 11:06:27.449 D/dalvikvm(12390): Compiler shutdown in progress - discarding request
02-25 11:06:27.449 D/dalvikvm(12390): Compiler shutdown in progress - discarding request
02-25 11:06:27.449 D/dalvikvm(12390): Compiler shutdown in progress - discarding request
02-25 11:06:27.449 D/dalvikvm(12390): Compiler shutdown in progress - discarding request
02-25 11:06:27.449 D/dalvikvm(12390): Compiler shutdown in progress - discarding request
02-25 11:06:27.449 D/dalvikvm(12390): Compiler shutdown in progress - discarding request
02-25 11:06:27.449 D/dalvikvm(12390): Compiler shutdown in progress - discarding request
02-25 11:06:27.449 D/dalvikvm(12390): Compiler shutdown in progress - discarding request
02-25 11:06:27.449 D/dalvikvm(12390): Compiler shutdown in progress - discarding request
02-25 11:06:27.449 D/dalvikvm(12390): Compiler shutdown in progress - discarding request
02-25 11:06:27.449 D/dalvikvm(12390): Compiler shutdown in progress - discarding request
02-25 11:06:27.449 D/dalvikvm(12390): Compiler shutdown in progress - discarding request
02-25 11:06:27.449 D/dalvikvm(12390): Compiler shutdown in progress - discarding request
02-25 11:06:27.449 D/dalvikvm(12390): Compiler shutdown in progress - discarding request
02-25 11:06:27.449 D/dalvikvm(12390): Compiler shutdown in progress - discarding request
02-25 11:06:28.029 D/AndroidRuntime(12401): 
02-25 11:06:28.029 D/AndroidRuntime(12401): >>>>>> AndroidRuntime START com.android.internal.os.RuntimeInit <<<<<<
02-25 11:06:28.029 D/AndroidRuntime(12401): CheckJNI is OFF
02-25 11:06:28.029 I/AndroidRuntime(12401): Kernel Release Version: 3.10.20-gf818079
02-25 11:06:28.029 I/dalvikvm(12401): No library specified. The standard exception handler will be used
02-25 11:06:28.029 I/dalvikvm(12401): 
02-25 11:06:28.029 I/dalvikvm(12401): +++++++++++++ Using PCG. +++++++++++++++++++++
02-25 11:06:28.039 D/dalvikvm(12401): Trying to load lib libjavacore.so 0x0
02-25 11:06:28.039 D/dalvikvm(12401): Added shared lib libjavacore.so 0x0
02-25 11:06:28.039 D/dalvikvm(12401): Trying to load lib libnativehelper.so 0x0
02-25 11:06:28.039 D/dalvikvm(12401): Added shared lib libnativehelper.so 0x0
02-25 11:06:28.039 D/dalvikvm(12401): No JNI_OnLoad found in libnativehelper.so 0x0, skipping init
02-25 11:06:28.049 D/dalvikvm(12401): Extra Options: not specified
02-25 11:06:28.059 D/dalvikvm(12401): Note: class Landroid/app/ActivityManagerNative; has 186 unimplemented (abstract) methods
02-25 11:06:28.139 E/memtrack(12401): Couldn't load memtrack module (No such file or directory)
02-25 11:06:28.139 E/android.os.Debug(12401): failed to load memtrack module: -2
02-25 11:06:28.169 D/AndroidRuntime(12401): Calling main entry com.android.commands.am.Am
02-25 11:06:28.199 I/ActivityManager(  506): START u0 {flg=0x10000000 cmp=org.xwalk.webapi_noneservice_tests/.webapi_noneservice_tests} from pid 12401
02-25 11:06:28.219 D/dalvikvm(  506): GC_FOR_ALLOC freed 2092K, 24% free 14998K/19704K, paused 23ms, total 23ms
02-25 11:06:28.229 D/AndroidRuntime(12401): Shutting down VM
02-25 11:06:28.229 D/dalvikvm(12401): GC_CONCURRENT freed 114K, 16% free 701K/832K, paused 0ms+0ms, total 1ms
02-25 11:06:28.229 V/WeatherTimeProvider( 1537): widget on Visibility Changed
02-25 11:06:28.229 D/dalvikvm(12401): Compiler shutdown in progress - discarding request
02-25 11:06:28.229 D/dalvikvm(12401): Compiler shutdown in progress - discarding request
02-25 11:06:28.229 D/dalvikvm(12401): Compiler shutdown in progress - discarding request
02-25 11:06:28.229 D/dalvikvm(12401): Compiler shutdown in progress - discarding request
02-25 11:06:28.229 D/dalvikvm(12401): Compiler shutdown in progress - discarding request
02-25 11:06:28.229 D/dalvikvm(12401): Compiler shutdown in progress - discarding request
02-25 11:06:28.239 D/dalvikvm(12401): Compiler shutdown in progress - discarding request
02-25 11:06:28.239 D/dalvikvm(12401): Compiler shutdown in progress - discarding request
02-25 11:06:28.239 D/dalvikvm(12401): Compiler shutdown in progress - discarding request
02-25 11:06:28.239 D/dalvikvm(12401): Compiler shutdown in progress - discarding request
02-25 11:06:28.239 D/dalvikvm(12401): Compiler shutdown in progress - discarding request
02-25 11:06:28.239 D/dalvikvm(12401): Compiler shutdown in progress - discarding request
02-25 11:06:28.239 D/dalvikvm(12401): Compiler shutdown in progress - discarding request
02-25 11:06:28.239 D/dalvikvm(12401): Compiler shutdown in progress - discarding request
02-25 11:06:28.239 D/dalvikvm(12401): Compiler shutdown in progress - discarding request
02-25 11:06:28.239 D/dalvikvm(12401): Compiler shutdown in progress - discarding request
02-25 11:06:28.239 D/dalvikvm(12401): Compiler shutdown in progress - discarding request
02-25 11:06:28.239 D/dalvikvm(12401): Compiler shutdown in progress - discarding request
02-25 11:06:28.239 D/dalvikvm(12401): Compiler shutdown in progress - discarding request
02-25 11:06:28.239 D/dalvikvm(12401): Compiler shutdown in progress - discarding request
02-25 11:06:28.239 D/dalvikvm(12401): Compiler shutdown in progress - discarding request
02-25 11:06:28.239 D/dalvikvm(12401): Compiler shutdown in progress - discarding request
02-25 11:06:28.239 D/dalvikvm(12401): Compiler shutdown in progress - discarding request
02-25 11:06:28.239 D/dalvikvm(12401): Compiler shutdown in progress - discarding request
02-25 11:06:28.239 D/dalvikvm(12401): Compiler shutdown in progress - discarding request
02-25 11:06:28.239 D/dalvikvm(12401): Compiler shutdown in progress - discarding request
02-25 11:06:28.239 D/dalvikvm(12401): Compiler shutdown in progress - discarding request
02-25 11:06:28.239 D/dalvikvm(12401): Compiler shutdown in progress - discarding request
02-25 11:06:28.239 D/dalvikvm(12401): Compiler shutdown in progress - discarding request
02-25 11:06:28.239 D/dalvikvm(12401): Compiler shutdown in progress - discarding request
02-25 11:06:28.239 D/dalvikvm(12401): Compiler shutdown in progress - discarding request
02-25 11:06:28.239 D/dalvikvm(12401): Compiler shutdown in progress - discarding request
02-25 11:06:28.239 D/dalvikvm(12401): Compiler shutdown in progress - discarding request
02-25 11:06:28.239 D/dalvikvm(12401): Compiler shutdown in progress - discarding request
02-25 11:06:28.239 D/dalvikvm(12401): Compiler shutdown in progress - discarding request
02-25 11:06:28.239 D/dalvikvm(12401): Compiler shutdown in progress - discarding request
02-25 11:06:28.239 D/dalvikvm(12401): Compiler shutdown in progress - discarding request
02-25 11:06:28.239 D/dalvikvm(12401): Compiler shutdown in progress - discarding request
02-25 11:06:28.239 D/dalvikvm(12401): Compiler shutdown in progress - discarding request
02-25 11:06:28.239 I/SecurityManagerService(  602): SMS received security event: App[START/org.xwalk.webapi_noneservice_tests]
02-25 11:06:28.239 D/dalvikvm(12412): Late-enabling CheckJNI
02-25 11:06:28.239 D/dalvikvm(12412): Try to disable coredump for pid 12412
02-25 11:06:28.239 D/dalvikvm(12412): Process 12412 nice name: org.xwalk.webapi_noneservice_tests
02-25 11:06:28.239 D/dalvikvm(12412): Extra Options: not specified
02-25 11:06:28.249 I/ActivityManager(  506): Start proc org.xwalk.webapi_noneservice_tests for activity org.xwalk.webapi_noneservice_tests/.webapi_noneservice_tests: pid=12412 uid=10259 gids={50259, 3003, 1028, 1015}
02-25 11:06:28.259 D/WindowManager(  506): adjustConfigurationLw, config:{1.0 ?mcc?mnc ?locale ?layoutDir sw600dp w600dp h888dp 213dpi lrg port ?uimode ?night finger -keyb/v/h -nav/v} mLidState:1 mHasDockFeature:false mHasKeyboardFeature:false mHasHallSensorFeature:true config.hardKeyboardHidden:2
02-25 11:06:28.269 D/        (  702): Surface destroy: ANDROID_NATIVE_WINDOW_MAGIC
02-25 11:06:28.269 I/ActivityManager(  506): [TopPkgCurBat]	NowPkgName[org.xwalk.webapi_noneservice_tests]	Battery[100]	TimeTick[1424833588280]	OldPkgName[com.asus.launcher]
02-25 11:06:28.309 I/CordovaLog(12412): Changing log level to DEBUG(3)
02-25 11:06:28.309 D/CordovaActivity(12412): CordovaActivity.init()
02-25 11:06:28.309 D/dalvikvm(12412): Trying to load lib /data/app-lib/org.xwalk.webapi_noneservice_tests-1/libxwalkcore.so 0x43d86380
02-25 11:06:28.319 D/dalvikvm(12412): Added shared lib /data/app-lib/org.xwalk.webapi_noneservice_tests-1/libxwalkcore.so 0x43d86380
02-25 11:06:28.319 I/LibraryLoader(12412): Time to load native libraries: 12 ms (timestamps 2524-2536)
02-25 11:06:28.319 I/LibraryLoader(12412): Expected native library version number "",actual native library version number ""
02-25 11:06:28.339 I/LibraryLoader(12412): Expected native library version number "",actual native library version number ""
02-25 11:06:28.339 I/chromium(12412): [INFO:library_loader_hooks.cc(112)] Chromium logging enabled: level = 0, default verbosity = 0
02-25 11:06:28.349 I/BrowserStartupController(12412): Initializing chromium process, singleProcess=true
02-25 11:06:28.619 D/ImageWallpaper(  571): onVisibilityChanged: mVisible, visible=true, false
02-25 11:06:28.619 D/ImageWallpaper(  571): Visibility changed to visible=false
02-25 11:06:28.619 D/ImageWallpaper(  571): Suppressed drawFrame since redraw is not needed and offsets have not changed.
02-25 11:06:28.749 W/chromium(12412): [WARNING:dns_config_service_posix.cc(293)] Failed to read DnsConfig.
02-25 11:06:28.749 W/AudioManagerAndroid(12412): Requires BLUETOOTH permission
02-25 11:06:28.749 I/ufoGralloc(12412): Hello, this is UFO GRALLOC/Intel Corporation
02-25 11:06:28.759 D/        (12412): Pixel Format : GGL_PIXEL_FORMAT_RGBA_8888
02-25 11:06:28.759 D/        (12412): droid_create_context : config id = 1 conf->NativeVisualID=1
02-25 11:06:28.759 D/        (12412): Pixel Format : GGL_PIXEL_FORMAT_RGBA_8888
02-25 11:06:28.759 I/        (12412): Requested context : GLES 2.0
02-25 11:06:28.779 W/chromium(12412): [WARNING:proxy_service.cc(899)] PAC support disabled because there is no system implementation
02-25 11:06:28.779 W/dalvikvm(12412): VFY: unable to find class referenced in signature (Landroid/view/inputmethod/CursorAnchorInfo;)
02-25 11:06:28.779 I/dalvikvm(12412): Could not find method android.view.inputmethod.InputMethodManager.updateCursorAnchorInfo, referenced from method org.chromium.content.browser.input.InputMethodManagerWrapper.updateCursorAnchorInfo
02-25 11:06:28.779 W/dalvikvm(12412): VFY: unable to resolve virtual method 1368: Landroid/view/inputmethod/InputMethodManager;.updateCursorAnchorInfo (Landroid/view/View;Landroid/view/inputmethod/CursorAnchorInfo;)V
02-25 11:06:28.779 D/dalvikvm(12412): VFY: replacing opcode 0x6e at 0x000a
02-25 11:06:28.829 E/cutils  (  163): Failed to mkdirat(/Removable/MicroSD): Read-only file system
02-25 11:06:28.829 W/ContextImpl(12412): Failed to ensure directory: /Removable/MicroSD/Android/data/org.xwalk.webapi_noneservice_tests/cache
02-25 11:06:28.829 D/CordovaActivity(12412): CordovaActivity.createViews()
02-25 11:06:28.829 E/chromium(12412): [ERROR:unix_domain_server_socket_posix.cc(106)] Not implemented reached in virtual int net::UnixDomainServerSocket::GetLocalAddress(net::IPEndPoint*) const
02-25 11:06:28.829 W/Vold    (  163): Returning OperationFailed - no handler for errno 30
02-25 11:06:28.839 D/CordovaWebView(12412): >>> loadUrl(file:///android_asset/www/index.html)
02-25 11:06:28.839 D/PluginManager(12412): init()
02-25 11:06:28.839 E/cutils  (  163): Failed to mkdirat(/Removable/MicroSD): Read-only file system
02-25 11:06:28.839 W/ContextImpl(12412): Failed to ensure directory: /Removable/MicroSD/Android/data/org.xwalk.webapi_noneservice_tests/files
02-25 11:06:28.839 E/cutils  (  163): Failed to mkdirat(/Removable/MicroSD): Read-only file system
02-25 11:06:28.839 W/ContextImpl(12412): Failed to ensure directory: /Removable/MicroSD/Android/data/org.xwalk.webapi_noneservice_tests/cache
02-25 11:06:28.839 W/Vold    (  163): Returning OperationFailed - no handler for errno 30
02-25 11:06:28.839 W/Vold    (  163): Returning OperationFailed - no handler for errno 30
02-25 11:06:28.849 D/CordovaWebView(12412): >>> loadUrlNow()
02-25 11:06:28.849 I/dalvikvm(12412): Could not find method android.app.Activity.finishAndRemoveTask, referenced from method org.chromium.base.ApiCompatibilityUtils.finishAndRemoveTask
02-25 11:06:28.849 W/dalvikvm(12412): VFY: unable to resolve virtual method 6: Landroid/app/Activity;.finishAndRemoveTask ()V
02-25 11:06:28.849 D/dalvikvm(12412): VFY: replacing opcode 0x6e at 0x0006
02-25 11:06:28.849 I/dalvikvm(12412): Could not find method android.os.PowerManager.isInteractive, referenced from method org.chromium.base.ApiCompatibilityUtils.isInteractive
02-25 11:06:28.849 W/dalvikvm(12412): VFY: unable to resolve virtual method 874: Landroid/os/PowerManager;.isInteractive ()Z
02-25 11:06:28.849 D/dalvikvm(12412): VFY: replacing opcode 0x6e at 0x000e
02-25 11:06:28.849 I/dalvikvm(12412): Could not find method android.view.Window.getNavigationBarColor, referenced from method org.chromium.base.ApiCompatibilityUtils.setStatusBarColor
02-25 11:06:28.849 W/dalvikvm(12412): VFY: unable to resolve virtual method 1268: Landroid/view/Window;.getNavigationBarColor ()I
02-25 11:06:28.849 D/dalvikvm(12412): VFY: replacing opcode 0x6e at 0x0010
02-25 11:06:28.849 I/dalvikvm(12412): Could not find method android.view.Window.setStatusBarColor, referenced from method org.chromium.base.ApiCompatibilityUtils.setStatusBarColor
02-25 11:06:28.849 W/dalvikvm(12412): VFY: unable to resolve virtual method 1274: Landroid/view/Window;.setStatusBarColor (I)V
02-25 11:06:28.849 D/dalvikvm(12412): VFY: replacing opcode 0x6e at 0x0019
02-25 11:06:28.849 E/dalvikvm(12412): Could not find class 'android.app.ActivityManager$TaskDescription', referenced from method org.chromium.base.ApiCompatibilityUtils.setTaskDescription
02-25 11:06:28.849 W/dalvikvm(12412): VFY: unable to resolve new-instance 13 (Landroid/app/ActivityManager$TaskDescription;) in Lorg/chromium/base/ApiCompatibilityUtils;
02-25 11:06:28.849 D/dalvikvm(12412): VFY: replacing opcode 0x22 at 0x0006
02-25 11:06:28.849 D/dalvikvm(12412): DexOpt: unable to opt direct call 0x002f at 0x08 in Lorg/chromium/base/ApiCompatibilityUtils;.setTaskDescription
02-25 11:06:28.849 I/chromium(12412): [INFO:xwalk_extension_renderer_controller.cc(47)] EXTENSION PROCESS DISABLED.
02-25 11:06:28.859 D/CordovaActivity(12412): Resuming the App
02-25 11:06:28.879 D/SoftKeyboardDetect(12412): Ignore this event
02-25 11:06:28.889 D/        (12412): Pixel Format : GGL_PIXEL_FORMAT_RGBA_8888
02-25 11:06:28.889 D/        (12412): droid_create_context : config id = 1 conf->NativeVisualID=1
02-25 11:06:28.889 D/        (12412): Pixel Format : GGL_PIXEL_FORMAT_RGBA_8888
02-25 11:06:28.889 I/        (12412): Requested context : GLES 2.0
02-25 11:06:28.899 D/        (12412): droid_create_context : config id = 5 conf->NativeVisualID=1
02-25 11:06:28.899 D/        (12412): Pixel Format : GGL_PIXEL_FORMAT_RGBA_8888
02-25 11:06:28.899 I/        (12412): Requested context : GLES 2.0
02-25 11:06:28.909 D/        (12412): Pixel Format : GGL_PIXEL_FORMAT_RGBA_8888
02-25 11:06:28.909 D/OpenGLRenderer(12412): Enabling debug mode 0
02-25 11:06:28.919 D/CordovaActivity(12412): onMessage(onPageStarted,file:///android_asset/www/index.html)
02-25 11:06:28.919 W/BindingManager(12412): Cannot call determinedVisibility() - never saw a connection for the pid: 12412
02-25 11:06:28.929 D/SoftKeyboardDetect(12412): Ignore this event
02-25 11:06:28.949 D/BatteryStatsImpl(  506): noteStopWakeLocked system isFromForeground = false
02-25 11:06:28.959 I/ActivityManager(  506): Displayed org.xwalk.webapi_noneservice_tests/.webapi_noneservice_tests: +729ms
02-25 11:06:28.969 D/CordovaActivity(12412): onMessage(onPageFinished,file:///android_asset/www/index.html)
02-25 11:06:29.969 D/CordovaActivity(12412): onMessage(onPageStarted,file:///android_asset/www/index_real.html?testprefix=./)
02-25 11:06:30.059 W/BindingManager(12412): Cannot call determinedVisibility() - never saw a connection for the pid: 12412
02-25 11:06:30.259 I/chromium(12412): [INFO:CONSOLE(0)] "Synchronous XMLHttpRequest on the main thread is deprecated because of its detrimental effects to the end user's experience. For more help, check http://xhr.spec.whatwg.org/.", source:  (0)
02-25 11:06:30.319 D/CordovaActivity(12412): onMessage(onPageFinished,file:///android_asset/www/index_real.html?testprefix=./)
02-25 11:06:30.969 D/CordovaActivity(12412): onMessage(spinner,stop)
02-25 11:06:30.999 D/        (12412): Pixel Format : GGL_PIXEL_FORMAT_RGBA_8888
02-25 11:06:30.999 D/        (12412): droid_create_context : config id = 1 conf->NativeVisualID=1
02-25 11:06:30.999 D/        (12412): Pixel Format : GGL_PIXEL_FORMAT_RGBA_8888
02-25 11:06:30.999 I/        (12412): Requested context : GLES 2.0
02-25 11:06:31.029 D/        (12412): Swap interval set to = 1 value
02-25 11:06:31.079 D/        (12412): Pixel Format : GGL_PIXEL_FORMAT_RGBA_8888
02-25 11:06:31.079 D/        (12412): droid_create_context : config id = 1 conf->NativeVisualID=1
02-25 11:06:31.079 D/        (12412): Pixel Format : GGL_PIXEL_FORMAT_RGBA_8888
02-25 11:06:31.079 I/        (12412): Requested context : GLES 2.0
02-25 11:06:31.559 D/        (12412): droid_create_context : config id = 1 conf->NativeVisualID=1
02-25 11:06:31.559 D/        (12412): Pixel Format : GGL_PIXEL_FORMAT_RGBA_8888
02-25 11:06:31.559 I/        (12412): Requested context : GLES 2.0
02-25 11:06:32.229 W/BindingManager(12412): Cannot call determinedVisibility() - never saw a connection for the pid: 12412
02-25 11:06:32.279 W/ChromiumCameraInfo(12412): Missing android.permission.CAMERA permission, no system camera available.
02-25 11:06:32.299 D/Audi