--------- beginning of /dev/log/main
02-25 17:12:51.309 D/AndroidRuntime( 4535): 
02-25 17:12:51.309 D/AndroidRuntime( 4535): >>>>>> AndroidRuntime START com.android.internal.os.RuntimeInit <<<<<<
02-25 17:12:51.309 D/AndroidRuntime( 4535): CheckJNI is OFF
02-25 17:12:51.309 I/AndroidRuntime( 4535): Kernel Release Version: 3.10.20-gf818079
02-25 17:12:51.309 I/dalvikvm( 4535): No library specified. The standard exception handler will be used
02-25 17:12:51.309 I/dalvikvm( 4535): 
02-25 17:12:51.309 I/dalvikvm( 4535): +++++++++++++ Using PCG. +++++++++++++++++++++
02-25 17:12:51.319 D/dalvikvm( 4535): Trying to load lib libjavacore.so 0x0
02-25 17:12:51.319 D/dalvikvm( 4535): Added shared lib libjavacore.so 0x0
02-25 17:12:51.319 D/dalvikvm( 4535): Trying to load lib libnativehelper.so 0x0
02-25 17:12:51.319 D/dalvikvm( 4535): Added shared lib libnativehelper.so 0x0
02-25 17:12:51.319 D/dalvikvm( 4535): No JNI_OnLoad found in libnativehelper.so 0x0, skipping init
02-25 17:12:51.329 D/dalvikvm( 4535): Extra Options: not specified
02-25 17:12:51.339 D/dalvikvm( 4535): Note: class Landroid/app/ActivityManagerNative; has 186 unimplemented (abstract) methods
02-25 17:12:51.409 E/memtrack( 4535): Couldn't load memtrack module (No such file or directory)
02-25 17:12:51.409 E/android.os.Debug( 4535): failed to load memtrack module: -2
02-25 17:12:51.449 D/AndroidRuntime( 4535): Calling main entry com.android.commands.am.Am
02-25 17:12:51.479 D/AndroidRuntime( 4535): Shutting down VM
02-25 17:12:51.479 D/dalvikvm( 4535): GC_CONCURRENT freed 112K, 16% free 666K/792K, paused 0ms+0ms, total 1ms
--------- beginning of /dev/log/system
02-25 17:12:51.479 I/ActivityManager(  506): Force stopping org.xwalk.webapi_noneservice_tests appid=10294 user=0: from pid 4535
02-25 17:12:51.489 D/dalvikvm( 4535): Compiler shutdown in progress - discarding request
02-25 17:12:51.489 D/dalvikvm( 4535): Compiler shutdown in progress - discarding request
02-25 17:12:51.489 D/dalvikvm( 4535): Compiler shutdown in progress - discarding request
02-25 17:12:51.489 D/dalvikvm( 4535): Compiler shutdown in progress - discarding request
02-25 17:12:51.489 D/dalvikvm( 4535): Compiler shutdown in progress - discarding request
02-25 17:12:51.489 D/dalvikvm( 4535): Compiler shutdown in progress - discarding request
02-25 17:12:51.489 D/dalvikvm( 4535): Compiler shutdown in progress - discarding request
02-25 17:12:51.489 D/dalvikvm( 4535): Compiler shutdown in progress - discarding request
02-25 17:12:51.489 D/dalvikvm( 4535): Compiler shutdown in progress - discarding request
02-25 17:12:51.489 D/dalvikvm( 4535): Compiler shutdown in progress - discarding request
02-25 17:12:51.489 D/dalvikvm( 4535): Compiler shutdown in progress - discarding request
02-25 17:12:51.489 D/dalvikvm( 4535): Compiler shutdown in progress - discarding request
02-25 17:12:51.489 D/dalvikvm( 4535): Compiler shutdown in progress - discarding request
02-25 17:12:51.489 D/dalvikvm( 4535): Compiler shutdown in progress - discarding request
02-25 17:12:51.489 D/dalvikvm( 4535): Compiler shutdown in progress - discarding request
02-25 17:12:51.489 D/dalvikvm( 4535): Compiler shutdown in progress - discarding request
02-25 17:12:51.489 D/dalvikvm( 4535): Compiler shutdown in progress - discarding request
02-25 17:12:51.489 D/dalvikvm( 4535): Compiler shutdown in progress - discarding request
02-25 17:12:51.489 D/dalvikvm( 4535): Compiler shutdown in progress - discarding request
02-25 17:12:51.489 D/dalvikvm( 4535): Compiler shutdown in progress - discarding request
02-25 17:12:51.489 D/dalvikvm( 4535): Compiler shutdown in progress - discarding request
02-25 17:12:51.489 D/dalvikvm( 4535): Compiler shutdown in progress - discarding request
02-25 17:12:51.489 D/dalvikvm( 4535): Compiler shutdown in progress - discarding request
02-25 17:12:51.489 D/dalvikvm( 4535): Compiler shutdown in progress - discarding request
02-25 17:12:51.489 D/dalvikvm( 4535): Compiler shutdown in progress - discarding request
02-25 17:12:51.489 D/dalvikvm( 4535): Compiler shutdown in progress - discarding request
02-25 17:12:51.489 D/dalvikvm( 4535): Compiler shutdown in progress - discarding request
02-25 17:12:51.489 D/dalvikvm( 4535): Compiler shutdown in progress - discarding request
02-25 17:12:51.489 D/dalvikvm( 4535): Compiler shutdown in progress - discarding request
02-25 17:12:51.489 D/dalvikvm( 4535): Compiler shutdown in progress - discarding request
02-25 17:12:51.489 D/dalvikvm( 4535): Compiler shutdown in progress - discarding request
02-25 17:12:51.489 D/dalvikvm( 4535): Compiler shutdown in progress - discarding request
02-25 17:12:51.489 D/dalvikvm( 4535): Compiler shutdown in progress - discarding request
02-25 17:12:51.489 D/dalvikvm( 4535): Compiler shutdown in progress - discarding request
02-25 17:12:51.489 D/dalvikvm( 4535): Compiler shutdown in progress - discarding request
02-25 17:12:51.489 D/dalvikvm( 4535): Compiler shutdown in progress - discarding request
02-25 17:12:51.489 D/dalvikvm( 4535): Compiler shutdown in progress - discarding request
02-25 17:12:51.489 D/dalvikvm( 4535): Compiler shutdown in progress - discarding request
02-25 17:12:51.489 D/dalvikvm( 4535): Compiler shutdown in progress - discarding request
02-25 17:12:51.489 D/dalvikvm( 4535): Compiler shutdown in progress - discarding request
02-25 17:12:51.489 D/dalvikvm( 4535): Compiler shutdown in progress - discarding request
02-25 17:12:51.489 D/dalvikvm( 4535): Compiler shutdown in progress - discarding request
02-25 17:12:51.489 D/dalvikvm( 4535): Compiler shutdown in progress - discarding request
02-25 17:12:51.489 D/dalvikvm( 4535): Compiler shutdown in progress - discarding request
02-25 17:12:51.489 D/dalvikvm( 4535): Compiler shutdown in progress - discarding request
02-25 17:12:51.939 D/AndroidRuntime( 4546): 
02-25 17:12:51.939 D/AndroidRuntime( 4546): >>>>>> AndroidRuntime START com.android.internal.os.RuntimeInit <<<<<<
02-25 17:12:51.939 D/AndroidRuntime( 4546): CheckJNI is OFF
02-25 17:12:51.939 I/AndroidRuntime( 4546): Kernel Release Version: 3.10.20-gf818079
02-25 17:12:51.939 I/dalvikvm( 4546): No library specified. The standard exception handler will be used
02-25 17:12:51.949 I/dalvikvm( 4546): 
02-25 17:12:51.949 I/dalvikvm( 4546): +++++++++++++ Using PCG. +++++++++++++++++++++
02-25 17:12:51.949 D/dalvikvm( 4546): Trying to load lib libjavacore.so 0x0
02-25 17:12:51.959 D/dalvikvm( 4546): Added shared lib libjavacore.so 0x0
02-25 17:12:51.959 D/dalvikvm( 4546): Trying to load lib libnativehelper.so 0x0
02-25 17:12:51.959 D/dalvikvm( 4546): Added shared lib libnativehelper.so 0x0
02-25 17:12:51.959 D/dalvikvm( 4546): No JNI_OnLoad found in libnativehelper.so 0x0, skipping init
02-25 17:12:51.959 D/dalvikvm( 4546): Extra Options: not specified
02-25 17:12:51.969 D/dalvikvm( 4546): Note: class Landroid/app/ActivityManagerNative; has 186 unimplemented (abstract) methods
02-25 17:12:52.039 E/memtrack( 4546): Couldn't load memtrack module (No such file or directory)
02-25 17:12:52.049 E/android.os.Debug( 4546): failed to load memtrack module: -2
02-25 17:12:52.079 D/AndroidRuntime( 4546): Calling main entry com.android.commands.am.Am
02-25 17:12:52.109 D/AndroidRuntime( 4546): Shutting down VM
02-25 17:12:52.109 D/dalvikvm( 4546): GC_CONCURRENT freed 117K, 15% free 702K/824K, paused 0ms+0ms, total 1ms
02-25 17:12:52.109 I/ActivityManager(  506): START u0 {flg=0x10000000 cmp=org.xwalk.webapi_noneservice_tests/.webapi_noneservice_testsActivity} from pid 4546
02-25 17:12:52.119 D/dalvikvm( 4546): Compiler shutdown in progress - discarding request
02-25 17:12:52.119 D/dalvikvm( 4546): Compiler shutdown in progress - discarding request
02-25 17:12:52.119 D/dalvikvm( 4546): Compiler shutdown in progress - discarding request
02-25 17:12:52.119 D/dalvikvm( 4546): Compiler shutdown in progress - discarding request
02-25 17:12:52.119 D/dalvikvm( 4546): Compiler shutdown in progress - discarding request
02-25 17:12:52.119 D/dalvikvm( 4546): Compiler shutdown in progress - discarding request
02-25 17:12:52.119 D/dalvikvm( 4546): Compiler shutdown in progress - discarding request
02-25 17:12:52.119 D/dalvikvm( 4546): Compiler shutdown in progress - discarding request
02-25 17:12:52.119 D/dalvikvm( 4546): Compiler shutdown in progress - discarding request
02-25 17:12:52.119 D/dalvikvm( 4546): Compiler shutdown in progress - discarding request
02-25 17:12:52.119 D/dalvikvm( 4546): Compiler shutdown in progress - discarding request
02-25 17:12:52.119 D/dalvikvm( 4546): Compiler shutdown in progress - discarding request
02-25 17:12:52.119 D/dalvikvm( 4546): Compiler shutdown in progress - discarding request
02-25 17:12:52.119 D/dalvikvm( 4546): Compiler shutdown in progress - discarding request
02-25 17:12:52.119 D/dalvikvm( 4546): Compiler shutdown in progress - discarding request
02-25 17:12:52.119 D/dalvikvm( 4546): Compiler shutdown in progress - discarding request
02-25 17:12:52.119 D/dalvikvm( 4546): Compiler shutdown in progress - discarding request
02-25 17:12:52.119 D/dalvikvm( 4546): Compiler shutdown in progress - discarding request
02-25 17:12:52.119 D/dalvikvm( 4546): Compiler shutdown in progress - discarding request
02-25 17:12:52.119 D/dalvikvm( 4546): Compiler shutdown in progress - discarding request
02-25 17:12:52.119 D/dalvikvm( 4546): Compiler shutdown in progress - discarding request
02-25 17:12:52.119 D/dalvikvm( 4546): Compiler shutdown in progress - discarding request
02-25 17:12:52.119 D/dalvikvm( 4546): Compiler shutdown in progress - discarding request
02-25 17:12:52.119 D/dalvikvm( 4546): Compiler shutdown in progress - discarding request
02-25 17:12:52.119 D/dalvikvm( 4546): Compiler shutdown in progress - discarding request
02-25 17:12:52.119 D/dalvikvm( 4546): Compiler shutdown in progress - discarding request
02-25 17:12:52.119 D/dalvikvm( 4546): Compiler shutdown in progress - discarding request
02-25 17:12:52.119 D/dalvikvm( 4546): Compiler shutdown in progress - discarding request
02-25 17:12:52.119 D/dalvikvm( 4546): Compiler shutdown in progress - discarding request
02-25 17:12:52.119 D/dalvikvm( 4546): Compiler shutdown in progress - discarding request
02-25 17:12:52.119 D/dalvikvm( 4546): Compiler shutdown in progress - discarding request
02-25 17:12:52.119 D/dalvikvm( 4546): Compiler shutdown in progress - discarding request
02-25 17:12:52.119 D/dalvikvm( 4546): Compiler shutdown in progress - discarding request
02-25 17:12:52.119 D/dalvikvm( 4546): Compiler shutdown in progress - discarding request
02-25 17:12:52.119 D/dalvikvm( 4546): Compiler shutdown in progress - discarding request
02-25 17:12:52.119 D/dalvikvm( 4546): Compiler shutdown in progress - discarding request
02-25 17:12:52.119 D/dalvikvm( 4546): Compiler shutdown in progress - discarding request
02-25 17:12:52.119 D/dalvikvm( 4546): Compiler shutdown in progress - discarding request
02-25 17:12:52.119 D/dalvikvm( 4546): Compiler shutdown in progress - discarding request
02-25 17:12:52.119 D/dalvikvm( 4546): Compiler shutdown in progress - discarding request
02-25 17:12:52.119 D/dalvikvm( 4546): Compiler shutdown in progress - discarding request
02-25 17:12:52.119 D/dalvikvm( 4546): Compiler shutdown in progress - discarding request
02-25 17:12:52.119 D/dalvikvm( 4546): Compiler shutdown in progress - discarding request
02-25 17:12:52.119 D/dalvikvm( 4546): Compiler shutdown in progress - discarding request
02-25 17:12:52.119 D/dalvikvm( 4546): Compiler shutdown in progress - discarding request
02-25 17:12:52.119 D/dalvikvm( 4546): Compiler shutdown in progress - discarding request
02-25 17:12:52.119 D/dalvikvm( 4546): Compiler shutdown in progress - discarding request
02-25 17:12:52.759 D/AndroidRuntime( 4557): 
02-25 17:12:52.759 D/AndroidRuntime( 4557): >>>>>> AndroidRuntime START com.android.internal.os.RuntimeInit <<<<<<
02-25 17:12:52.759 D/AndroidRuntime( 4557): CheckJNI is OFF
02-25 17:12:52.759 I/AndroidRuntime( 4557): Kernel Release Version: 3.10.20-gf818079
02-25 17:12:52.759 I/dalvikvm( 4557): No library specified. The standard exception handler will be used
02-25 17:12:52.759 I/dalvikvm( 4557): 
02-25 17:12:52.759 I/dalvikvm( 4557): +++++++++++++ Using PCG. +++++++++++++++++++++
02-25 17:12:52.769 D/dalvikvm( 4557): Trying to load lib libjavacore.so 0x0
02-25 17:12:52.769 D/dalvikvm( 4557): Added shared lib libjavacore.so 0x0
02-25 17:12:52.769 D/dalvikvm( 4557): Trying to load lib libnativehelper.so 0x0
02-25 17:12:52.769 D/dalvikvm( 4557): Added shared lib libnativehelper.so 0x0
02-25 17:12:52.769 D/dalvikvm( 4557): No JNI_OnLoad found in libnativehelper.so 0x0, skipping init
02-25 17:12:52.779 D/dalvikvm( 4557): Extra Options: not specified
02-25 17:12:52.789 D/dalvikvm( 4557): Note: class Landroid/app/ActivityManagerNative; has 186 unimplemented (abstract) methods
02-25 17:12:52.859 E/memtrack( 4557): Couldn't load memtrack module (No such file or directory)
02-25 17:12:52.859 E/android.os.Debug( 4557): failed to load memtrack module: -2
02-25 17:12:52.899 D/AndroidRuntime( 4557): Calling main entry com.android.commands.am.Am
02-25 17:12:52.929 D/AndroidRuntime( 4557): Shutting down VM
02-25 17:12:52.929 D/dalvikvm( 4557): GC_CONCURRENT freed 117K, 16% free 702K/832K, paused 0ms+0ms, total 1ms
02-25 17:12:52.929 D/dalvikvm( 4557): Compiler shutdown in progress - discarding request
02-25 17:12:52.929 D/dalvikvm( 4557): Compiler shutdown in progress - discarding request
02-25 17:12:52.929 D/dalvikvm( 4557): Compiler shutdown in progress - discarding request
02-25 17:12:52.929 D/dalvikvm( 4557): Compiler shutdown in progress - discarding request
02-25 17:12:52.929 D/dalvikvm( 4557): Compiler shutdown in progress - discarding request
02-25 17:12:52.929 D/dalvikvm( 4557): Compiler shutdown in progress - discarding request
02-25 17:12:52.929 D/dalvikvm( 4557): Compiler shutdown in progress - discarding request
02-25 17:12:52.929 D/dalvikvm( 4557): Compiler shutdown in progress - discarding request
02-25 17:12:52.929 D/dalvikvm( 4557): Compiler shutdown in progress - discarding request
02-25 17:12:52.929 D/dalvikvm( 4557): Compiler shutdown in progress - discarding request
02-25 17:12:52.929 D/dalvikvm( 4557): Compiler shutdown in progress - discarding request
02-25 17:12:52.929 D/dalvikvm( 4557): Compiler shutdown in progress - discarding request
02-25 17:12:52.929 D/dalvikvm( 4557): Compiler shutdown in progress - discarding request
02-25 17:12:52.929 D/dalvikvm( 4557): Compiler shutdown in progress - discarding request
02-25 17:12:52.929 D/dalvikvm( 4557): Compiler shutdown in progress - discarding request
02-25 17:12:52.929 D/dalvikvm( 4557): Compiler shutdown in progress - discarding request
02-25 17:12:52.929 D/dalvikvm( 4557): Compiler shutdown in progress - discarding request
02-25 17:12:52.929 D/dalvikvm( 4557): Compiler shutdown in progress - discarding request
02-25 17:12:52.929 D/dalvikvm( 4557): Compiler shutdown in progress - discarding request
02-25 17:12:52.929 D/dalvikvm( 4557): Compiler shutdown in progress - discarding request
02-25 17:12:52.929 D/dalvikvm( 4557): Compiler shutdown in progress - discarding request
02-25 17:12:52.929 D/dalvikvm( 4557): Compiler shutdown in progress - discarding request
02-25 17:12:52.929 D/dalvikvm( 4557): Compiler shutdown in progress - discarding request
02-25 17:12:52.929 D/dalvikvm( 4557): Compiler shutdown in progress - discarding request
02-25 17:12:52.929 D/dalvikvm( 4557): Compiler shutdown in progress - discarding request
02-25 17:12:52.929 D/dalvikvm( 4557): Compiler shutdown in progress - discarding request
02-25 17:12:52.929 D/dalvikvm( 4557): Compiler shutdown in progress - discarding request
02-25 17:12:52.929 D/dalvikvm( 4557): Compiler shutdown in progress - discarding request
02-25 17:12:52.929 D/dalvikvm( 4557): Compiler shutdown in progress - discarding request
02-25 17:12:52.929 D/dalvikvm( 4557): Compiler shutdown in progress - discarding request
02-25 17:12:52.929 D/dalvikvm( 4557): Compiler shutdown in progress - discarding request
02-25 17:12:52.929 D/dalvikvm( 4557): Compiler shutdown in progress - discarding request
02-25 17:12:52.929 D/dalvikvm( 4557): Compiler shutdown in progress - discarding request
02-25 17:12:52.929 D/dalvikvm( 4557): Compiler shutdown in progress - discarding request
02-25 17:12:52.929 D/dalvikvm( 4557): Compiler shutdown in progress - discarding request
02-25 17:12:52.929 D/dalvikvm( 4557): Compiler shutdown in progress - discarding request
02-25 17:12:52.929 D/dalvikvm( 4557): Compiler shutdown in progress - discarding request
02-25 17:12:52.929 D/dalvikvm( 4557): Compiler shutdown in progress - discarding request
02-25 17:12:52.929 D/dalvikvm( 4557): Compiler shutdown in progress - discarding request
02-25 17:12:52.929 D/dalvikvm( 4557): Compiler shutdown in progress - discarding request
02-25 17:12:52.929 D/dalvikvm( 4557): Compiler shutdown in progress - discarding request
02-25 17:12:52.929 D/dalvikvm( 4557): Compiler shutdown in progress - discarding request
02-25 17:12:52.929 D/dalvikvm( 4557): Compiler shutdown in progress - discarding request
02-25 17:12:52.929 D/dalvikvm( 4557): Compiler shutdown in progress - discarding request
02-25 17:12:52.929 D/dalvikvm( 4557): Compiler shutdown in progress - discarding request
02-25 17:12:52.929 I/ActivityManager(  506): START u0 {flg=0x10000000 cmp=org.xwalk.webapi_noneservice_tests/.webapi_noneservice_tests} from pid 4557
02-25 17:12:53.479 D/EVENT_THREAD(  183): void CEventThread::run() POLLIN event on Fd (1)
02-25 17:12:53.479 D/EVENT_THREAD(  183): void CEventThread::run() Do poll with timeout: -1
02-25 17:12:53.479 I/upi_ug31xx(  166): (513) update_capacity
02-25 17:12:53.479 I/[UPI]   (  166): <UG31/E>[UpiReadCapacity]: V=3972(3972), T=323(324-382), I=-108, C=-1(-1-0)
02-25 17:12:53.479 I/[UPI]   (  166): <UG31/E>[UpiReadCapacity]: (0x0001254a) 2829 (2710) / 3822 (4027) = 74
02-25 17:12:53.479 I/[UPI]   (  166): <UG31/E>[UpiReadCapacity]: (0x0001254a) 2829 (2710) / 3822 (4027) = 74
02-25 17:12:53.479 I/[UPI]   (  166): <UG31/E>[UpiReadCapacity]: (0x0001254a) 2828 (2828) / 3822 (4027) = 74
02-25 17:12:53.479 I/[UPI]   (  166): <UG31/E>[RsocFilterCountTime]: (0x0001254a) Step=8(516660), Full=8(516660), Lock=516660(2632000)
02-25 17:12:53.479 I/[UPI]   (  166): <UG31/E>[UpiReadCapacity]: (0x0001254a) 2828 (2828) / 3822 (4027) = 74 (-108--108)
02-25 17:12:53.479 I/[UPI]   (  166): <UG31/E><BATT> M:normal, P:74(74-74)%, V:3972mV, C:-95mA, T:32.4C(382), S:0x0001254a(000), R:2828mAh, F:3822mAh, Q:-438mAh, CC:3, P:30.390(438-0)s, BO:7, 97:615:0-44af-9m:B001-20140514-144301 (16)
02-25 17:12:53.479 D/EVENT_THREAD(  183): void CEventThread::run() POLLIN event on Fd (1)
02-25 17:12:53.479 D/EVENT_THREAD(  183): void CEventThread::run() Do poll with timeout: -1
02-25 17:12:53.479 I/upi_ug31xx(  166): (514) backup_data 
02-25 17:12:53.479 V/upi_ug31xx(  166): state->check_backup_count = 15
02-25 17:12:53.529 D/AndroidRuntime( 4568): 
02-25 17:12:53.529 D/AndroidRuntime( 4568): >>>>>> AndroidRuntime START com.android.internal.os.RuntimeInit <<<<<<
02-25 17:12:53.529 D/AndroidRuntime( 4568): CheckJNI is OFF
02-25 17:12:53.529 I/AndroidRuntime( 4568): Kernel Release Version: 3.10.20-gf818079
02-25 17:12:53.529 I/dalvikvm( 4568): No library specified. The standard exception handler will be used
02-25 17:12:53.539 I/dalvikvm( 4568): 
02-25 17:12:53.539 I/dalvikvm( 4568): +++++++++++++ Using PCG. +++++++++++++++++++++
02-25 17:12:53.539 D/dalvikvm( 4568): Trying to load lib libjavacore.so 0x0
02-25 17:12:53.539 D/dalvikvm( 4568): Added shared lib libjavacore.so 0x0
02-25 17:12:53.549 D/dalvikvm( 4568): Trying to load lib libnativehelper.so 0x0
02-25 17:12:53.549 D/dalvikvm( 4568): Added shared lib libnativehelper.so 0x0
02-25 17:12:53.549 D/dalvikvm( 4568): No JNI_OnLoad found in libnativehelper.so 0x0, skipping init
02-25 17:12:53.549 D/dalvikvm( 4568): Extra Options: not specified
02-25 17:12:53.569 D/dalvikvm( 4568): Note: class Landroid/app/ActivityManagerNative; has 186 unimplemented (abstract) methods
02-25 17:12:53.639 E/memtrack( 4568): Couldn't load memtrack module (No such file or directory)
02-25 17:12:53.639 E/android.os.Debug( 4568): failed to load memtrack module: -2
02-25 17:12:53.679 D/AndroidRuntime( 4568): Calling main entry com.android.commands.am.Am
02-25 17:12:53.719 I/ActivityManager(  506): START u0 {flg=0x10000000 cmp=org.xwalk.webapi_noneservice_tests/.WebapiNoneserviceTestsActivity} from pid 4568
02-25 17:12:53.729 W/ufoGralloc(  171): registerBuffer() handle 0xb9379340/3 didn't require registration
02-25 17:12:53.749 D/AndroidRuntime( 4568): Shutting down VM
02-25 17:12:53.759 I/SecurityManagerService(  680): SMS received security event: App[START/org.xwalk.webapi_noneservice_tests]
02-25 17:12:53.759 D/dalvikvm( 4568): GC_CONCURRENT freed 110K, 16% free 673K/800K, paused 0ms+0ms, total 1ms
02-25 17:12:53.759 I/dalvikvm( 4568): Total arena pages for JIT: 11
02-25 17:12:53.759 I/dalvikvm( 4568): Total arena pages for JIT: 12
02-25 17:12:53.759 I/dalvikvm( 4568): Total arena pages for JIT: 13
02-25 17:12:53.759 I/dalvikvm( 4568): Total arena pages for JIT: 14
02-25 17:12:53.759 I/dalvikvm( 4568): Total arena pages for JIT: 15
02-25 17:12:53.759 D/dalvikvm( 4579): Process 4579 nice name: org.xwalk.webapi_noneservice_tests
02-25 17:12:53.759 D/dalvikvm( 4579): Extra Options: not specified
02-25 17:12:53.769 D/WindowManager(  506): adjustConfigurationLw, config:{1.0 ?mcc?mnc ?locale ?layoutDir sw600dp w600dp h888dp 213dpi lrg port ?uimode ?night finger -keyb/v/h -nav/v} mLidState:1 mHasDockFeature:false mHasKeyboardFeature:false mHasHallSensorFeature:true config.hardKeyboardHidden:2
02-25 17:12:53.769 I/ActivityManager(  506): Start proc org.xwalk.webapi_noneservice_tests for activity org.xwalk.webapi_noneservice_tests/.WebapiNoneserviceTestsActivity: pid=4579 uid=10294 gids={50294, 3003, 1028, 1015}
02-25 17:12:53.769 I/ActivityManager(  506): [TopPkgCurBat]	NowPkgName[org.xwalk.webapi_noneservice_tests]	Battery[74]	TimeTick[1424855573781]	OldPkgName[testkit.stub]
02-25 17:12:53.799 D/dalvikvm( 4568): Compiler shutdown in progress - discarding request
02-25 17:12:53.799 D/dalvikvm( 4568): Compiler shutdown in progress - discarding request
02-25 17:12:53.799 D/dalvikvm( 4568): Compiler shutdown in progress - discarding request
02-25 17:12:53.799 D/dalvikvm( 4568): Compiler shutdown in progress - discarding request
02-25 17:12:53.799 D/dalvikvm( 4568): Compiler shutdown in progress - discarding request
02-25 17:12:53.799 D/dalvikvm( 4568): Compiler shutdown in progress - discarding request
02-25 17:12:53.799 D/dalvikvm( 4568): Compiler shutdown in progress - discarding request
02-25 17:12:53.799 D/dalvikvm( 4568): Compiler shutdown in progress - discarding request
02-25 17:12:53.799 D/dalvikvm( 4579): Trying to load lib /data/app-lib/org.xwalk.webapi_noneservice_tests-1/libxwalkcore.so 0x43d7f420
02-25 17:12:53.799 D/dalvikvm( 4568): Compiler shutdown in progress - discarding request
02-25 17:12:53.799 D/dalvikvm( 4568): Compiler shutdown in progress - discarding request
02-25 17:12:53.799 D/dalvikvm( 4568): Compiler shutdown in progress - discarding request
02-25 17:12:53.799 D/dalvikvm( 4568): Compiler shutdown in progress - discarding request
02-25 17:12:53.799 D/dalvikvm( 4568): Compiler shutdown in progress - discarding request
02-25 17:12:53.799 D/dalvikvm( 4568): Compiler shutdown in progress - discarding request
02-25 17:12:53.799 D/dalvikvm( 4568): Compiler shutdown in progress - discarding request
02-25 17:12:53.799 D/dalvikvm( 4568): Compiler shutdown in progress - discarding request
02-25 17:12:53.799 D/dalvikvm( 4568): Compiler shutdown in progress - discarding request
02-25 17:12:53.799 D/dalvikvm( 4568): Compiler shutdown in progress - discarding request
02-25 17:12:53.799 D/dalvikvm( 4568): Compiler shutdown in progress - discarding request
02-25 17:12:53.799 D/dalvikvm( 4568): Compiler shutdown in progress - discarding request
02-25 17:12:53.799 D/dalvikvm( 4568): Compiler shutdown in progress - discarding request
02-25 17:12:53.799 D/dalvikvm( 4568): Compiler shutdown in progress - discarding request
02-25 17:12:53.799 D/dalvikvm( 4568): Compiler shutdown in progress - discarding request
02-25 17:12:53.799 D/dalvikvm( 4568): Compiler shutdown in progress - discarding request
02-25 17:12:53.799 D/dalvikvm( 4568): Compiler shutdown in progress - discarding request
02-25 17:12:53.799 D/dalvikvm( 4568): Compiler shutdown in progress - discarding request
02-25 17:12:53.799 D/dalvikvm( 4568): Compiler shutdown in progress - discarding request
02-25 17:12:53.799 D/dalvikvm( 4568): Compiler shutdown in progress - discarding request
02-25 17:12:53.799 D/dalvikvm( 4568): Compiler shutdown in progress - discarding request
02-25 17:12:53.799 D/dalvikvm( 4568): Compiler shutdown in progress - discarding request
02-25 17:12:53.799 D/dalvikvm( 4568): Compiler shutdown in progress - discarding request
02-25 17:12:53.799 D/dalvikvm( 4568): Compiler shutdown in progress - discarding request
02-25 17:12:53.799 D/dalvikvm( 4568): Compiler shutdown in progress - discarding request
02-25 17:12:53.809 D/dalvikvm( 4579): Added shared lib /data/app-lib/org.xwalk.webapi_noneservice_tests-1/libxwalkcore.so 0x43d7f420
02-25 17:12:53.809 I/LibraryLoader( 4579): Time to load native libraries: 12 ms (timestamps 4366-4378)
02-25 17:12:53.809 I/LibraryLoader( 4579): Expected native library version number "",actual native library version number ""
02-25 17:12:53.839 I/LibraryLoader( 4579): Expected native library version number "",actual native library version number ""
02-25 17:12:53.839 I/chromium( 4579): [INFO:library_loader_hooks.cc(112)] Chromium logging enabled: level = 0, default verbosity = 0
02-25 17:12:53.839 I/BrowserStartupController( 4579): Initializing chromium process, singleProcess=true
02-25 17:12:54.239 W/chromium( 4579): [WARNING:dns_config_service_posix.cc(293)] Failed to read DnsConfig.
02-25 17:12:54.239 W/AudioManagerAndroid( 4579): Requires BLUETOOTH permission
02-25 17:12:54.239 I/ufoGralloc( 4579): Hello, this is UFO GRALLOC/Intel Corporation
02-25 17:12:54.249 D/        ( 4579): Pixel Format : GGL_PIXEL_FORMAT_RGBA_8888
02-25 17:12:54.249 D/        ( 4579): droid_create_context : config id = 1 conf->NativeVisualID=1
02-25 17:12:54.249 D/        ( 4579): Pixel Format : GGL_PIXEL_FORMAT_RGBA_8888
02-25 17:12:54.249 I/        ( 4579): Requested context : GLES 2.0
02-25 17:12:54.269 W/chromium( 4579): [WARNING:proxy_service.cc(899)] PAC support disabled because there is no system implementation
02-25 17:12:54.279 W/dalvikvm( 4579): VFY: unable to find class referenced in signature (Landroid/view/inputmethod/CursorAnchorInfo;)
02-25 17:12:54.279 I/dalvikvm( 4579): Could not find method android.view.inputmethod.InputMethodManager.updateCursorAnchorInfo, referenced from method org.chromium.content.browser.input.InputMethodManagerWrapper.updateCursorAnchorInfo
02-25 17:12:54.279 W/dalvikvm( 4579): VFY: unable to resolve virtual method 1241: Landroid/view/inputmethod/InputMethodManager;.updateCursorAnchorInfo (Landroid/view/View;Landroid/view/inputmethod/CursorAnchorInfo;)V
02-25 17:12:54.279 D/dalvikvm( 4579): VFY: replacing opcode 0x6e at 0x000a
02-25 17:12:54.329 E/cutils  (  163): Failed to mkdirat(/Removable/MicroSD): Read-only file system
02-25 17:12:54.329 W/ContextImpl( 4579): Failed to ensure directory: /Removable/MicroSD/Android/data/org.xwalk.webapi_noneservice_tests/cache
02-25 17:12:54.329 W/XWalkExtensionManager( 4579): Failed to read extensions-config.json
02-25 17:12:54.329 E/chromium( 4579): [ERROR:unix_domain_server_socket_posix.cc(106)] Not implemented reached in virtual int net::UnixDomainServerSocket::GetLocalAddress(net::IPEndPoint*) const
02-25 17:12:54.329 I/dalvikvm( 4579): Could not find method android.app.Activity.finishAndRemoveTask, referenced from method org.chromium.base.ApiCompatibilityUtils.finishAndRemoveTask
02-25 17:12:54.329 W/dalvikvm( 4579): VFY: unable to resolve virtual method 4: Landroid/app/Activity;.finishAndRemoveTask ()V
02-25 17:12:54.329 D/dalvikvm( 4579): VFY: replacing opcode 0x6e at 0x0006
02-25 17:12:54.329 I/dalvikvm( 4579): Could not find method android.os.PowerManager.isInteractive, referenced from method org.chromium.base.ApiCompatibilityUtils.isInteractive
02-25 17:12:54.329 W/dalvikvm( 4579): VFY: unable to resolve virtual method 768: Landroid/os/PowerManager;.isInteractive ()Z
02-25 17:12:54.329 D/dalvikvm( 4579): VFY: replacing opcode 0x6e at 0x000e
02-25 17:12:54.329 I/dalvikvm( 4579): Could not find method android.view.Window.getNavigationBarColor, referenced from method org.chromium.base.ApiCompatibilityUtils.setStatusBarColor
02-25 17:12:54.329 W/dalvikvm( 4579): VFY: unable to resolve virtual method 1144: Landroid/view/Window;.getNavigationBarColor ()I
02-25 17:12:54.329 D/dalvikvm( 4579): VFY: replacing opcode 0x6e at 0x0010
02-25 17:12:54.329 I/dalvikvm( 4579): Could not find method android.view.Window.setStatusBarColor, referenced from method org.chromium.base.ApiCompatibilityUtils.setStatusBarColor
02-25 17:12:54.329 W/dalvikvm( 4579): VFY: unable to resolve virtual method 1149: Landroid/view/Window;.setStatusBarColor (I)V
02-25 17:12:54.329 D/dalvikvm( 4579): VFY: replacing opcode 0x6e at 0x0019
02-25 17:12:54.329 E/dalvikvm( 4579): Could not find class 'android.app.ActivityManager$TaskDescription', referenced from method org.chromium.base.ApiCompatibilityUtils.setTaskDescription
02-25 17:12:54.329 W/dalvikvm( 4579): VFY: unable to resolve new-instance 11 (Landroid/app/ActivityManager$TaskDescription;) in Lorg/chromium/base/ApiCompatibilityUtils;
02-25 17:12:54.329 D/dalvikvm( 4579): VFY: replacing opcode 0x22 at 0x0006
02-25 17:12:54.329 D/dalvikvm( 4579): DexOpt: unable to opt direct call 0x001e at 0x08 in Lorg/chromium/base/ApiCompatibilityUtils;.setTaskDescription
02-25 17:12:54.329 W/Vold    (  163): Returning OperationFailed - no handler for errno 30
02-25 17:12:54.339 I/chromium( 4579): [INFO:xwalk_extension_renderer_controller.cc(47)] EXTENSION PROCESS DISABLED.
02-25 17:12:54.379 D/        ( 4579): Pixel Format : GGL_PIXEL_FORMAT_RGBA_8888
02-25 17:12:54.379 D/        ( 4579): droid_create_context : config id = 1 conf->NativeVisualID=1
02-25 17:12:54.379 D/        ( 4579): Pixel Format : GGL_PIXEL_FORMAT_RGBA_8888
02-25 17:12:54.379 I/        ( 4579): Requested context : GLES 2.0
02-25 17:12:54.399 D/        ( 4579): droid_create_context : config id = 5 conf->NativeVisualID=1
02-25 17:12:54.399 D/        ( 4579): Pixel Format : GGL_PIXEL_FORMAT_RGBA_8888
02-25 17:12:54.399 I/        ( 4579): Requested context : GLES 2.0
02-25 17:12:54.409 D/        ( 4579): Pixel Format : GGL_PIXEL_FORMAT_RGBA_8888
02-25 17:12:54.409 D/OpenGLRenderer( 4579): Enabling debug mode 0
02-25 17:12:54.449 W/BindingManager( 4579): Cannot call determinedVisibility() - never saw a connection for the pid: 4579
02-25 17:12:54.559 D/XT9IME  (  741): new subtype :zh_CN ,pinyin
02-25 17:12:54.559 D/        ( 4579): Pixel Format : GGL_PIXEL_FORMAT_RGBA_8888
02-25 17:12:54.559 D/        ( 4579): droid_create_context : config id = 1 conf->NativeVisualID=1
02-25 17:12:54.559 D/        ( 4579): Pixel Format : GGL_PIXEL_FORMAT_RGBA_8888
02-25 17:12:54.559 I/        ( 4579): Requested context : GLES 2.0
02-25 17:12:54.559 I/ActivityManager(  506): Displayed org.xwalk.webapi_noneservice_tests/.WebapiNoneserviceTestsActivity: +810ms
02-25 17:12:54.569 D/        ( 4579): Swap interval set to = 1 value
02-25 17:12:54.579 D/BatteryStatsImpl(  506): noteStopWakeLocked system isFromForeground = false
02-25 17:12:55.409 W/BindingManager( 4579): Cannot call determinedVisibility() - never saw a connection for the pid: 4579
02-25 17:12:55.689 I/chromium( 4579): [INFO:CONSOLE(0)] "Synchronous XMLHttpRequest on the main thread is deprecated because of its detrimental effects to the end user's experience. For more help, check http://xhr.spec.whatwg.org/.", source:  (0)
02-25 17:12:55.749 D/        ( 4579): Pixel Format : GGL_PIXEL_FORMAT_RGBA_8888
02-25 17:12:55.749 D/        ( 4579): droid_create_context : config id = 1 conf->NativeVisualID=1
02-25 17:12:55.749 D/        ( 4579): Pixel Format : GGL_PIXEL_FORMAT_RGBA_8888
02-25 17:12:55.749 I/        ( 4579): Requested context : GLES 2.0
02-25 17:12:59.999 D/Clock   (  567): ACTION_TIME_TICK
02-25 17:12:59.999 D/Clock   (  567): update clock:下午5:13
02-25 17:13:00.029 D/BatteryStatsImpl(  506): noteStopWakeLocked system isFromForeground = false
02-25 17:13:01.099 D/wpa_supplicant(  642): wlan0: Starting AP scan for wildcard SSID
02-25 17:13:01.099 D/wpa_supplicant(  642): WPS: Building WPS IE for Probe Request
02-25 17:13:01.099 D/wpa_supplicant(  642): WPS:  * Version (hardcoded 0x10)
02-25 17:13:01.099 D/wpa_supplicant(  642): WPS:  * Request Type
02-25 17:13:01.099 D/wpa_supplicant(  642): WPS:  * Config Methods (4288)
02-25 17:13:01.099 D/wpa_supplicant(  642): WPS:  * UUID-E
02-25 17:13:01.099 D/wpa_supplicant(  642): WPS:  * Primary Device Type
02-25 17:13:01.099 D/wpa_supplicant(  642): WPS:  * RF Bands (1)
02-25 17:13:01.099 D/wpa_supplicant(  642): WPS:  * Association State
02-25 17:13:01.099 D/wpa_supplicant(  642): WPS:  * Configuration Error (0)
02-25 17:13:01.099 D/wpa_supplicant(  642): WPS:  * Device Password ID (0)
02-25 17:13:01.099 D/wpa_supplicant(  642): WPS:  * Manufacturer
02-25 17:13:01.099 D/wpa_supplicant(  642): WPS:  * Model Name
02-25 17:13:01.099 D/wpa_supplicant(  642): WPS:  * Model Number
02-25 17:13:01.099 D/wpa_supplicant(  642): WPS:  * Device Name
02-25 17:13:01.099 D/wpa_supplicant(  642): WPS:  * Version2 (0x20)
02-25 17:13:01.099 D/wpa_supplicant(  642): P2P: * P2P IE header
02-25 17:13:01.099 D/wpa_supplicant(  642): P2P: * Capability dev=25 group=00
02-25 17:13:01.099 D/wpa_supplicant(  642): P2P: * Listen Channel: Regulatory Class 81 Channel 6
02-25 17:13:01.099 D/wpa_supplicant(  642): wlan0: nl80211: scan request
02-25 17:13:01.199 D/wpa_supplicant(  642): Scan requested (ret=0) - scan timeout 30 seconds
02-25 17:13:01.199 D/wpa_supplicant(  642): nl80211: Drv Event 33 (NL80211_CMD_TRIGGER_SCAN) received for wlan0
02-25 17:13:01.199 D/wpa_supplicant(  642): wlan0: nl80211: Scan trigger
02-25 17:13:02.309 D/wpa_supplicant(  642): nl80211: Drv Event 34 (NL80211_CMD_NEW_SCAN_RESULTS) received for wlan0
02-25 17:13:02.309 D/wpa_supplicant(  642): wlan0: nl80211: New scan results available
02-25 17:13:02.309 D/wpa_supplicant(  642): wlan0: Event SCAN_RESULTS (3) received
02-25 17:13:02.309 D/wpa_supplicant(  642): nl80211: Received scan results (23 BSSes)
02-25 17:13:02.309 D/wpa_supplicant(  642): nl80211: Survey data missing
02-25 17:13:02.309 D/wpa_supplicant(  642): wlan0: BSS: Start scan result update 181
02-25 17:13:02.309 D/wpa_supplicant(  642): wlan0: BSS: Add new id 296 BSSID cc:b2:55:e2:84:70 SSID 'DLINK_APK'
02-25 17:13:02.309 D/wpa_supplicant(  642): CTRL_IFACE monitor send - hexdump(len=39): 2f 64 61 74 61 2f 6d 69 73 63 2f 77 69 66 69 2f 73 6f 63 6b 65 74 73 2f 77 70 61 5f 63 74 72 6c ...
02-25 17:13:02.309 D/wpa_supplicant(  642): wlan0: BSS: Add new id 297 BSSID 02:1a:11:f9:f0:51 SSID 'AndroidSystem'
02-25 17:13:02.309 D/wpa_supplicant(  642): CTRL_IFACE monitor send - hexdump(len=39): 2f 64 61 74 61 2f 6d 69 73 63 2f 77 69 66 69 2f 73 6f 63 6b 65 74 73 2f 77 70 61 5f 63 74 72 6c ...
02-25 17:13:02.309 D/wpa_supplicant(  642): wlan0: BSS: Add new id 298 BSSID 22:48:9a:ac:31:5b SSID 'dean1'
02-25 17:13:02.309 I/WifiHW  (  506): EVENT: IFNAME=wlan0 CTRL-EVENT-BSS-ADDED 296 cc:b2:55:e2:84:70
02-25 17:13:02.309 D/wpa_supplicant(  642): CTRL_IFACE monitor send - hexdump(len=39): 2f 64 61 74 61 2f 6d 69 73 63 2f 77 69 66 69 2f 73 6f 63 6b 65 74 73 2f 77 70 61 5f 63 74 72 6c ...
02-25 17:13:02.309 D/wpa_supplicant(  642): wlan0: BSS: Add new id 299 BSSID 18:dc:56:b2:b6:3d SSID 'AP_7620L-B63D'
02-25 17:13:02.309 D/wpa_supplicant(  642): CTRL_IFACE monitor send - hexdump(len=39): 2f 64 61 74 61 2f 6d 69 73 63 2f 77 69 66 69 2f 73 6f 63 6b 65 74 73 2f 77 70 61 5f 63 74 72 6c ...
02-25 17:13:02.309 D/wpa_supplicant(  642): wlan0: BSS: Add new id 300 BSSID 00:25:86:5c:5e:30 SSID 'internet'
02-25 17:13:02.309 I/WifiHW  (  506): EVENT: IFNAME=wlan0 CTRL-EVENT-BSS-ADDED 297 02:1a:11:f9:f0:51
02-25 17:13:02.309 D/wpa_supplicant(  642): CTRL_IFACE monitor send - hexdump(len=39): 2f 64 61 74 61 2f 6d 69 73 63 2f 77 69 66 69 2f 73 6f 63 6b 65 74 73 2f 77 70 61 5f 63 74 72 6c ...
02-25 17:13:02.309 I/WifiHW  (  506): EVENT: IFNAME=wlan0 CTRL-EVENT-BSS-ADDED 298 22:48:9a:ac:31:5b
02-25 17:13:02.309 D/wpa_supplicant(  642): BSS: last_scan_res_used=23/32 last_scan_full=0
02-25 17:13:02.309 D/wpa_supplicant(  642): wlan0: New scan results available
02-25 17:13:02.309 D/wpa_supplicant(  642): CTRL_IFACE monitor send - hexdump(len=39): 2f 64 61 74 61 2f 6d 69 73 63 2f 77 69 66 69 2f 73 6f 63 6b 65 74 73 2f 77 70 61 5f 63 74 72 6c ...
02-25 17:13:02.309 D/wpa_supplicant(  642): CTRL_IFACE monitor send - hexdump(len=39): 2f 64 61 74 61 2f 6d 69 73 63 2f 77 69 66 69 2f 73 6f 63 6b 65 74 73 2f 77 70 61 5f 63 74 72 6c ...
02-25 17:13:02.309 I/WifiHW  (  506): EVENT: IFNAME=wlan0 CTRL-EVENT-BSS-ADDED 299 18:dc:56:b2:b6:3d
02-25 17:13:02.309 D/wpa_supplicant(  642): Authorize channel 1
02-25 17:13:02.309 I/WifiHW  (  506): EVENT: IFNAME=wlan0 CTRL-EVENT-BSS-ADDED 300 00:25:86:5c:5e:30
02-25 17:13:02.309 D/wpa_supplicant(  642): Authorize channel 2
02-25 17:13:02.309 D/wpa_supplicant(  642): Authorize channel 3
02-25 17:13:02.309 D/wpa_supplicant(  642): Authorize channel 4
02-25 17:13:02.309 I/WifiHW  (  506): EVENT: IFNAME=wlan0 CTRL-EVENT-SCAN-RESULTS 
02-25 17:13:02.309 D/wpa_supplicant(  642): Authorize channel 5
02-25 17:13:02.309 D/wpa_supplicant(  642): Authorize channel 6
02-25 17:13:02.309 D/wpa_supplicant(  642): Authorize channel 7
02-25 17:13:02.309 D/wpa_supplicant(  642): Authorize channel 8
02-25 17:13:02.309 D/wpa_supplicant(  642): Authorize channel 9
02-25 17:13:02.309 D/wpa_supplicant(  642): Authorize channel 10
02-25 17:13:02.309 D/wpa_supplicant(  642): Authorize channel 11
02-25 17:13:02.309 D/wpa_supplicant(  642): Authorize channel 12
02-25 17:13:02.309 D/wpa_supplicant(  642): Authorize channel 13
02-25 17:13:02.309 D/wpa_supplicant(  642): Authorize channel 1
02-25 17:13:02.309 D/wpa_supplicant(  642): Authorize channel 2
02-25 17:13:02.309 D/wpa_supplicant(  642): Authorize channel 3
02-25 17:13:02.309 D/wpa_supplicant(  642): Authorize channel 4
02-25 17:13:02.309 D/wpa_supplicant(  642): Authorize channel 5
02-25 17:13:02.309 D/wpa_supplicant(  642): Authorize channel 6
02-25 17:13:02.309 D/wpa_supplicant(  642): Authorize channel 7
02-25 17:13:02.309 I/WifiHW  (  506): CMD: IFNAME=wlan0 BSS RANGE=0- MASK=0x21987
02-25 17:13:02.309 I/WifiHW  (  506): EVENT: IFNAME=wlan0 WPS-AP-AVAILABLE 
02-25 17:13:02.309 D/wpa_supplicant(  642): Authorize channel 8
02-25 17:13:02.309 D/wpa_supplicant(  642): Authorize channel 9
02-25 17:13:02.319 D/wpa_supplicant(  642): Authorize channel 10
02-25 17:13:02.319 D/wpa_supplicant(  642): Authorize channel 11
02-25 17:13:02.319 D/wpa_supplicant(  642): Authorize channel 12
02-25 17:13:02.319 D/wpa_supplicant(  642): Authorize channel 13
02-25 17:13:02.319 D/wpa_supplicant(  642): Add access point on channel 6
02-25 17:13:02.319 D/wpa_supplicant(  642): Add access point on channel 6
02-25 17:13:02.319 D/wpa_supplicant(  642): Add access point on channel 6
02-25 17:13:02.319 D/wpa_supplicant(  642): Add access point on channel 11
02-25 17:13:02.319 D/wpa_supplicant(  642): Add access point on channel 11
02-25 17:13:02.319 D/wpa_supplicant(  642): Add access point on channel 3
02-25 17:13:02.319 D/wpa_supplicant(  642): Add access point on channel 11
02-25 17:13:02.319 D/wpa_supplicant(  642): Add access point on channel 1
02-25 17:13:02.319 D/wpa_supplicant(  642): Add access point on channel 1
02-25 17:13:02.319 D/wpa_supplicant(  642): Add access point on channel 1
02-25 17:13:02.319 D/wpa_supplicant(  642): Add access point on channel 1
02-25 17:13:02.319 D/wpa_supplicant(  642): Add access point on channel 6
02-25 17:13:02.319 D/wpa_supplicant(  642): Add access point on channel 6
02-25 17:13:02.319 D/wpa_supplicant(  642): Add access point on channel 1
02-25 17:13:02.319 D/wpa_supplicant(  642): Add access point on channel 11
02-25 17:13:02.319 D/wpa_supplicant(  642): Add access point on channel 1
02-25 17:13:02.319 D/wpa_supplicant(  642): Add access point on channel 6
02-25 17:13:02.319 D/wpa_supplicant(  642): Add access point on channel 11
02-25 17:13:02.319 D/wpa_supplicant(  642): Add access point on channel 9
02-25 17:13:02.319 D/wpa_supplicant(  642): Add access point on channel 2
02-25 17:13:02.319 D/wpa_supplicant(  642): Add access point on channel 6
02-25 17:13:02.319 D/wpa_supplicant(  642): Add access point on channel 8
02-25 17:13:02.319 D/wpa_supplicant(  642): Add access point on channel 6
02-25 17:13:02.319 D/wpa_supplicant(  642): Add access point on channel 6
02-25 17:13:02.319 D/wpa_supplicant(  642): Add access point on channel 6
02-25 17:13:02.319 D/wpa_supplicant(  642): Add access point on channel 6
02-25 17:13:02.319 D/wpa_supplicant(  642): Best Operating channel is = 11
02-25 17:13:02.319 D/wpa_supplicant(  642): WPS: AP[0] f8:d1:11:e7:99:e8 type=0 tries=0 last_attempt=-1 sec ago blacklist=0
02-25 17:13:02.319 D/wpa_supplicant(  642): WPS: AP[1] c8:d7:19:60:62:f2 type=0 tries=0 last_attempt=-1 sec ago blacklist=0
02-25 17:13:02.319 D/wpa_supplicant(  642): WPS: AP[2] 44:94:fc:3d:da:38 type=0 tries=0 last_attempt=-1 sec ago blacklist=0
02-25 17:13:02.319 D/wpa_supplicant(  642): WPS: AP[3] 10:c3:7b:d2:e5:e0 type=0 tries=0 last_attempt=-1 sec ago blacklist=0
02-25 17:13:02.319 D/wpa_supplicant(  642): WPS: AP[4] cc:34:29:2b:26:4c type=0 tries=0 last_attempt=-1 sec ago blacklist=0
02-25 17:13:02.319 D/wpa_supplicant(  642): WPS: AP[5] b0:48:7a:51:ff:cc type=0 tries=0 last_attempt=-1 sec ago blacklist=0
02-25 17:13:02.319 D/wpa_supplicant(  642): WPS: AP[6] cc:34:29:2c:fb:ec type=0 tries=0 last_attempt=-1 sec ago blacklist=0
02-25 17:13:02.319 D/wpa_supplicant(  642): WPS: AP[7] c0:a0:bb:20:3b:84 type=0 tries=0 last_attempt=-1 sec ago blacklist=0
02-25 17:13:02.319 D/wpa_supplicant(  642): WPS: AP[8] 02:09:4c:f8:ae:8e type=0 tries=0 last_attempt=-1 sec ago blacklist=0
02-25 17:13:02.319 D/wpa_supplicant(  642): WPS: AP[9] 10:9f:a9:dc:b1:fc type=0 tries=0 last_attempt=-1 sec ago blacklist=0
02-25 17:13:02.319 D/wpa_supplicant(  642): WPS: AP[10] 2c:b0:5d:7f:f4:24 type=0 tries=0 last_attempt=-1 sec ago blacklist=0
02-25 17:13:02.319 D/wpa_supplicant(  642): WPS: AP[11] 5e:f3:70:11:dc:fa type=0 tries=0 last_attempt=-1 sec ago blacklist=0
02-25 17:13:02.319 D/wpa_supplicant(  642): WPS: AP[12] 02:09:4c:a9:a9:11 type=0 tries=0 last_attempt=-1 sec ago blacklist=0
02-25 17:13:02.319 D/wpa_supplicant(  642): WPS: AP[13] 9c:21:6a:0d:eb:72 type=0 tries=0 last_attempt=-1 sec ago blacklist=0
02-25 17:13:02.319 D/wpa_supplicant(  642): WPS: AP[14] 98:fc:11:81:35:fb type=0 tries=0 last_attempt=-1 sec ago blacklist=0
02-25 17:13:02.319 D/wpa_supplicant(  642): wlan0: Selecting BSS from priority group 19
02-25 17:13:02.319 D/wpa_supplicant(  642): wlan0: 0: f8:d1:11:e7:99:e8 ssid='videotest' wpa_ie_len=22 rsn_ie_len=20 caps=0x531 level=-49 wps
02-25 17:13:02.319 D/wpa_supplicant(  642): wlan0:    skip - SSID mismatch
02-25 17:13:02.319 D/wpa_supplicant(  642): wlan0: 1: cc:34:29:2b:26:4c ssid='cws-test' wpa_ie_len=0 rsn_ie_len=20 caps=0x431 level=-50 wps
02-25 17:13:02.319 D/wpa_supplicant(  642): wlan0:    skip - SSID mismatch
02-25 17:13:02.319 D/wpa_supplicant(  642): wlan0: 2: 44:94:fc:3d:da:38 ssid='6300' wpa_ie_len=0 rsn_ie_len=20 caps=0x411 level=-51 wps
02-25 17:13:02.319 D/wpa_supplicant(  642): wlan0:    skip - SSID mismatch
02-25 17:13:02.319 D/wpa_supplicant(  642): wlan0: 3: c8:d7:19:60:62:f2 ssid='E3000-2.4G' wpa_ie_len=0 rsn_ie_len=20 caps=0x411 level=-51 wps
02-25 17:13:02.319 D/wpa_supplicant(  642): wlan0:    skip - SSID mismatch
02-25 17:13:02.319 D/wpa_supplicant(  642): wlan0: 4: 10:c3:7b:d2:e5:e0 ssid='ASUS_RT-AC66U-2.4G' wpa_ie_len=0 rsn_ie_len=20 caps=0x411 level=-52 wps
02-25 17:13:02.319 D/wpa_supplicant(  642): wlan0:    skip - SSID mismatch
02-25 17:13:02.319 D/wpa_supplicant(  642): wlan0: 5: 02:1a:11:ff:f7:0a ssid='io1' wpa_ie_len=0 rsn_ie_len=20 caps=0x431 level=-55
02-25 17:13:02.319 D/wpa_supplicant(  642): wlan0:    skip - SSID mismatch
02-25 17:13:02.319 D/wpa_supplicant(  642): wlan0: 6: cc:b2:55:e2:84:70 ssid='DLINK_APK' wpa_ie_len=22 rsn_ie_len=20 caps=0x411 level=-63
02-25 17:13:02.319 D/wpa_supplicant(  642): wlan0:    skip - SSID mismatch
02-25 17:13:02.319 D/wpa_supplicant(  642): wlan0: 7: 90:94:e4:03:45:f5 ssid='DAP-2553_D' wpa_ie_len=0 rsn_ie_len=24 caps=0x431 level=-66
02-25 17:13:02.319 D/wpa_supplicant(  642): wlan0:    skip - SSID mismatch
02-25 17:13:02.319 D/wpa_supplicant(  642): wlan0: 8: b0:48:7a:51:ff:cc ssid='Neusoft TP' wpa_ie_len=22 rsn_ie_len=20 caps=0x431 level=-67 wps
02-25 17:13:02.319 D/wpa_supplicant(  642): wlan0:    skip - SSID mismatch
02-25 17:13:02.319 D/wpa_supplicant(  642): wlan0: 9: c4:17:fe:3f:4f:fb ssid='cmcm' wpa_ie_len=0 rsn_ie_len=20 caps=0x511 level=-67
02-25 17:13:02.319 D/wpa_supplicant(  642): wlan0:    skip - SSID mismatch
02-25 17:13:02.319 D/wpa_supplicant(  642): wlan0: 10: 02:09:4c:a9:a9:11 ssid='DIRECT-aW-Android_e09d' wpa_ie_len=0 rsn_ie_len=20 caps=0x411 level=-68 wps
02-25 17:13:02.319 D/wpa_supplicant(  642): wlan0:    skip - SSID mismatch
02-25 17:13:02.319 D/wpa_supplicant(  642): wlan0: 11: cc:34:29:2c:fb:ec ssid='linksys' wpa_ie_len=22 rsn_ie_len=20 caps=0x431 level=-68 wps
02-25 17:13:02.319 D/wpa_supplicant(  642): wlan0:    skip - SSID mismatch
02-25 17:13:02.319 D/wpa_supplicant(  642): wlan0: 12: 02:1a:11:f9:f0:51 ssid='AndroidSystem' wpa_ie_len=0 rsn_ie_len=20 caps=0x511 level=-69
02-25 17:13:02.319 D/wpa_supplicant(  642): wlan0:    skip - SSID mismatch
02-25 17:13:02.319 D/wpa_supplicant(  642): wlan0: 13: e4:d3:32:c0:cf:a4 ssid='fast' wpa_ie_len=0 rsn_ie_len=20 caps=0x411 level=-69
02-25 17:13:02.319 D/wpa_supplicant(  642): wlan0:    skip - SSID mismatch
02-25 17:13:02.319 D/wpa_supplicant(  642): wlan0: 14: 22:48:9a:ac:31:5b ssid='dean1' wpa_ie_len=0 rsn_ie_len=20 caps=0x431 level=-71
02-25 17:13:02.319 D/wpa_supplicant(  642): wlan0:    skip - SSID mismatch
02-25 17:13:02.319 D/wpa_supplicant(  642): wlan0: 15: 5e:f3:70:11:dc:fa ssid='DIRECT-n0-Android_48db' wpa_ie_len=0 rsn_ie_len=20 caps=0x411 level=-73 wps
02-25 17:13:02.319 D/wpa_supplicant(  642): wlan0:    skip - SSID mismatch
02-25 17:13:02.319 D/wpa_supplicant(  642): wlan0: 16: 80:1f:02:43:fb:e8 ssid='Edimax AP' wpa_ie_len=0 rsn_ie_len=20 caps=0x411 level=-76
02-25 17:13:02.319 D/wpa_supplicant(  642): wlan0:    skip - SSID mismatch
02-25 17:13:02.319 D/wpa_supplicant(  642): wlan0: 17: 18:dc:56:b2:b6:3d ssid='AP_7620L-B63D' wpa_ie_len=0 rsn_ie_len=20 caps=0x431 level=-81
02-25 17:13:02.319 D/wpa_supplicant(  642): wlan0:    skip - SSID mismatch
02-25 17:13:02.319 D/wpa_supplicant(  642): wlan0: 18: 7a:24:af:1e:df:58 ssid='DIRECT-' wpa_ie_len=0 rsn_ie_len=0 caps=0x410 level=-51
02-25 17:13:02.319 D/wpa_supplicant(  642): wlan0:    skip - SSID mismatch
02-25 17:13:02.319 D/wpa_supplicant(  642): wlan0: 19: 7a:24:af:24:0f:48 ssid='DIRECT-' wpa_ie_len=0 rsn_ie_len=0 caps=0x410 level=-52
02-25 17:13:02.319 D/wpa_supplicant(  642): wlan0:    skip - SSID mismatch
02-25 17:13:02.319 D/wpa_supplicant(  642): wlan0: 20: 02:09:4c:23:ef:0a ssid='DIRECT-' wpa_ie_len=0 rsn_ie_len=0 caps=0x410 level=-73
02-25 17:13:02.319 D/wpa_supplicant(  642): wlan0:    skip - SSID mismatch
02-25 17:13:02.319 D/wpa_supplicant(  642): wlan0: 21: 50:bd:5f:4b:29:92 ssid='Internet-2' wpa_ie_len=0 rsn_ie_len=0 caps=0x421 level=-62
02-25 17:13:02.319 D/wpa_supplicant(  642): wlan0:    skip - SSID mismatch
02-25 17:13:02.319 D/wpa_supplicant(  642): wlan0: 22: 00:25:86:5c:5e:30 ssid='internet' wpa_ie_len=0 rsn_ie_len=0 caps=0x421 level=-86
02-25 17:13:02.319 D/wpa_supplicant(  642): wlan0:    skip - SSID mismatch
02-25 17:13:02.319 D/wpa_supplicant(  642): wlan0: Selecting BSS from priority group 18
02-25 17:13:02.319 D/wpa_supplicant(  642): wlan0: 0: f8:d1:11:e7:99:e8 ssid='videotest' wpa_ie_len=22 rsn_ie_len=20 caps=0x531 level=-49 wps
02-25 17:13:02.319 D/wpa_supplicant(  642): wlan0:    skip - SSID mismatch
02-25 17:13:02.319 D/wpa_supplicant(  642): wlan0: 1: cc:34:29:2b:26:4c ssid='cws-test' wpa_ie_len=0 rsn_ie_len=20 caps=0x431 level=-50 wps
02-25 17:13:02.319 D/wpa_supplicant(  642): wlan0:    skip - SSID mismatch
02-25 17:13:02.319 D/wpa_supplicant(  642): wlan0: 2: 44:94:fc:3d:da:38 ssid='6300' wpa_ie_len=0 rsn_ie_len=20 caps=0x411 level=-51 wps
02-25 17:13:02.319 D/wpa_supplicant(  642): wlan0:    skip - SSID mismatch
02-25 17:13:02.319 D/wpa_supplicant(  642): wlan0: 3: c8:d7:19:60:62:f2 ssid='E3000-2.4G' wpa_ie_len=0 rsn_ie_len=20 caps=0x411 level=-51 wps
02-25 17:13:02.319 D/wpa_supplicant(  642): wlan0:    skip - SSID mismatch
02-25 17:13:02.319 D/wpa_supplicant(  642): wlan0: 4: 10:c3:7b:d2:e5:e0 ssid='ASUS_RT-AC66U-2.4G' wpa_ie_len=0 rsn_ie_len=20 caps=0x411 level=-52 wps
02-25 17:13:02.319 D/wpa_supplicant(  642): wlan0:    skip - SSID mismatch
02-25 17:13:02.319 D/wpa_supplicant(  642): wlan0: 5: 02:1a:11:ff:f7:0a ssid='io1' wpa_ie_len=0 rsn_ie_len=20 caps=0x431 level=-55
02-25 17:13:02.319 D/wpa_supplicant(  642): wlan0:    skip - SSID mismatch
02-25 17:13:02.319 D/wpa_supplicant(  642): wlan0: 6: cc:b2:55:e2:84:70 ssid='DLINK_APK' wpa_ie_len=22 rsn_ie_len=20 caps=0x411 level=-63
02-25 17:13:02.319 D/wpa_supplicant(  642): wlan0:    skip - SSID mismatch
02-25 17:13:02.319 D/wpa_supplicant(  642): wlan0: 7: 90:94:e4:03:45:f5 ssid='DAP-2553_D' wpa_ie_len=0 rsn_ie_len=24 caps=0x431 level=-66
02-25 17:13:02.319 D/wpa_supplicant(  642): wlan0:    skip - SSID mismatch
