02-25 17:13:43.529 D/wpa_supplicant(  642): wlan0: 1: 44:94:fc:3d:da:38 ssid='6300' wpa_ie_len=0 rsn_ie_len=20 caps=0x411 level=-50 wps
02-25 17:13:43.529 D/wpa_supplicant(  642): wlan0:    skip - SSID mismatch
02-25 17:13:43.529 D/wpa_supplicant(  642): wlan0: 2: 10:c3:7b:d2:e5:e0 ssid='ASUS_RT-AC66U-2.4G' wpa_ie_len=0 rsn_ie_len=20 caps=0x411 level=-52 wps
02-25 17:13:43.529 D/wpa_supplicant(  642): wlan0:    skip - SSID mismatch
02-25 17:13:43.529 D/wpa_supplicant(  642): wlan0: 3: cc:34:29:2b:26:4c ssid='cws-test' wpa_ie_len=0 rsn_ie_len=20 caps=0x431 level=-54 wps
02-25 17:13:43.529 D/wpa_supplicant(  642): wlan0:    skip - SSID mismatch
02-25 17:13:43.529 D/wpa_supplicant(  642): wlan0: 4: 02:1a:11:ff:f7:0a ssid='io1' wpa_ie_len=0 rsn_ie_len=20 caps=0x431 level=-54
02-25 17:13:43.529 D/wpa_supplicant(  642): wlan0:    skip - SSID mismatch
02-25 17:13:43.529 D/wpa_supplicant(  642): wlan0: 5: 90:94:e4:03:45:f5 ssid='DAP-2553_D' wpa_ie_len=0 rsn_ie_len=24 caps=0x431 level=-60
02-25 17:13:43.529 D/wpa_supplicant(  642): wlan0:    skip - SSID mismatch
02-25 17:13:43.529 D/wpa_supplicant(  642): wlan0: 6: c8:d7:19:60:62:f2 ssid='E3000-2.4G' wpa_ie_len=0 rsn_ie_len=20 caps=0x411 level=-61 wps
02-25 17:13:43.529 D/wpa_supplicant(  642): wlan0:    skip - SSID mismatch
02-25 17:13:43.529 D/wpa_supplicant(  642): wlan0: 7: cc:34:29:2c:fb:ec ssid='linksys' wpa_ie_len=22 rsn_ie_len=20 caps=0x431 level=-63 wps
02-25 17:13:43.529 D/wpa_supplicant(  642): wlan0:    skip - SSID mismatch
02-25 17:13:43.529 D/wpa_supplicant(  642): wlan0: 8: c4:17:fe:3f:4f:fb ssid='cmcm' wpa_ie_len=0 rsn_ie_len=20 caps=0x511 level=-65
02-25 17:13:43.529 D/wpa_supplicant(  642): wlan0:    skip - SSID mismatch
02-25 17:13:43.529 D/wpa_supplicant(  642): wlan0: 9: e4:d3:32:c0:cf:a4 ssid='fast' wpa_ie_len=0 rsn_ie_len=20 caps=0x411 level=-66
02-25 17:13:43.529 D/wpa_supplicant(  642): wlan0:    skip - SSID mismatch
02-25 17:13:43.529 D/wpa_supplicant(  642): wlan0: 10: b0:48:7a:51:ff:cc ssid='Neusoft TP' wpa_ie_len=22 rsn_ie_len=20 caps=0x431 level=-69 wps
02-25 17:13:43.529 D/wpa_supplicant(  642): wlan0:    skip - SSID mismatch
02-25 17:13:43.529 D/wpa_supplicant(  642): wlan0: 11: 80:1f:02:43:fb:e8 ssid='Edimax AP' wpa_ie_len=0 rsn_ie_len=20 caps=0x411 level=-70
02-25 17:13:43.529 D/wpa_supplicant(  642): wlan0:    skip - SSID mismatch
02-25 17:13:43.529 D/wpa_supplicant(  642): wlan0: 12: 5e:f3:70:11:dc:fa ssid='DIRECT-n0-Android_48db' wpa_ie_len=0 rsn_ie_len=20 caps=0x411 level=-72 wps
02-25 17:13:43.529 D/wpa_supplicant(  642): wlan0:    skip - SSID mismatch
02-25 17:13:43.529 D/wpa_supplicant(  642): wlan0: 13: 00:0f:e2:0f:9f:c1 ssid='321_WAN' wpa_ie_len=28 rsn_ie_len=24 caps=0x411 level=-77
02-25 17:13:43.529 D/wpa_supplicant(  642): wlan0:    skip - SSID mismatch
02-25 17:13:43.529 D/wpa_supplicant(  642): wlan0: 14: c0:a0:bb:20:3b:84 ssid='dlink-3B84' wpa_ie_len=26 rsn_ie_len=24 caps=0x411 level=-77 wps
02-25 17:13:43.529 D/wpa_supplicant(  642): wlan0:    skip - SSID mismatch
02-25 17:13:43.529 D/wpa_supplicant(  642): wlan0: 15: 18:dc:56:b2:b6:3d ssid='AP_7620L-B63D' wpa_ie_len=0 rsn_ie_len=20 caps=0x431 level=-80
02-25 17:13:43.529 D/wpa_supplicant(  642): wlan0:    skip - SSID mismatch
02-25 17:13:43.529 D/wpa_supplicant(  642): wlan0: 16: 2c:b0:5d:7f:f4:24 ssid='NETGEAR38' wpa_ie_len=0 rsn_ie_len=20 caps=0x431 level=-85 wps
02-25 17:13:43.529 D/wpa_supplicant(  642): wlan0:    skip - SSID mismatch
02-25 17:13:43.529 D/wpa_supplicant(  642): wlan0: 17: 7a:24:af:1e:df:58 ssid='DIRECT-' wpa_ie_len=0 rsn_ie_len=0 caps=0x410 level=-54
02-25 17:13:43.529 D/wpa_supplicant(  642): wlan0:    skip - SSID mismatch
02-25 17:13:43.529 D/wpa_supplicant(  642): wlan0: 18: 7a:24:af:24:0f:48 ssid='DIRECT-' wpa_ie_len=0 rsn_ie_len=0 caps=0x410 level=-57
02-25 17:13:43.529 D/wpa_supplicant(  642): wlan0:    skip - SSID mismatch
02-25 17:13:43.529 D/wpa_supplicant(  642): wlan0: 19: 02:09:4c:23:ef:0a ssid='DIRECT-' wpa_ie_len=0 rsn_ie_len=0 caps=0x410 level=-75
02-25 17:13:43.529 D/wpa_supplicant(  642): wlan0:    skip - SSID mismatch
02-25 17:13:43.529 D/wpa_supplicant(  642): wlan0: 20: 50:bd:5f:4b:29:92 ssid='Internet-2' wpa_ie_len=0 rsn_ie_len=0 caps=0x421 level=-63
02-25 17:13:43.529 D/wpa_supplicant(  642): wlan0:    skip - SSID mismatch
02-25 17:13:43.529 D/wpa_supplicant(  642): wlan0: 21: e4:d3:32:dd:18:62 ssid='Internet' wpa_ie_len=0 rsn_ie_len=0 caps=0x421 level=-73
02-25 17:13:43.529 D/wpa_supplicant(  642): wlan0:    skip - SSID mismatch
02-25 17:13:43.529 D/wpa_supplicant(  642): wlan0: Selecting BSS from priority group 18
02-25 17:13:43.529 D/wpa_supplicant(  642): wlan0: 0: f8:d1:11:e7:99:e8 ssid='videotest' wpa_ie_len=22 rsn_ie_len=20 caps=0x531 level=-48 wps
02-25 17:13:43.529 D/wpa_supplicant(  642): wlan0:    skip - SSID mismatch
02-25 17:13:43.529 D/wpa_supplicant(  642): wlan0: 1: 44:94:fc:3d:da:38 ssid='6300' wpa_ie_len=0 rsn_ie_len=20 caps=0x411 level=-50 wps
02-25 17:13:43.529 D/wpa_supplicant(  642): wlan0:    skip - SSID mismatch
02-25 17:13:43.529 D/wpa_supplicant(  642): wlan0: 2: 10:c3:7b:d2:e5:e0 ssid='ASUS_RT-AC66U-2.4G' wpa_ie_len=0 rsn_ie_len=20 caps=0x411 level=-52 wps
02-25 17:13:43.529 D/wpa_supplicant(  642): wlan0:    skip - SSID mismatch
02-25 17:13:43.529 D/wpa_supplicant(  642): wlan0: 3: cc:34:29:2b:26:4c ssid='cws-test' wpa_ie_len=0 rsn_ie_len=20 caps=0x431 level=-54 wps
02-25 17:13:43.529 D/wpa_supplicant(  642): wlan0:    skip - SSID mismatch
02-25 17:13:43.529 D/wpa_supplicant(  642): wlan0: 4: 02:1a:11:ff:f7:0a ssid='io1' wpa_ie_len=0 rsn_ie_len=20 caps=0x431 level=-54
02-25 17:13:43.529 D/wpa_supplicant(  642): wlan0:    skip - SSID mismatch
02-25 17:13:43.529 D/wpa_supplicant(  642): wlan0: 5: 90:94:e4:03:45:f5 ssid='DAP-2553_D' wpa_ie_len=0 rsn_ie_len=24 caps=0x431 level=-60
02-25 17:13:43.529 D/wpa_supplicant(  642): wlan0:    skip - SSID mismatch
02-25 17:13:43.529 D/wpa_supplicant(  642): wlan0: 6: c8:d7:19:60:62:f2 ssid='E3000-2.4G' wpa_ie_len=0 rsn_ie_len=20 caps=0x411 level=-61 wps
02-25 17:13:43.529 D/wpa_supplicant(  642): wlan0:    skip - SSID mismatch
02-25 17:13:43.529 D/wpa_supplicant(  642): wlan0: 7: cc:34:29:2c:fb:ec ssid='linksys' wpa_ie_len=22 rsn_ie_len=20 caps=0x431 level=-63 wps
02-25 17:13:43.529 D/wpa_supplicant(  642): wlan0:    skip - SSID mismatch
02-25 17:13:43.529 D/wpa_supplicant(  642): wlan0: 8: c4:17:fe:3f:4f:fb ssid='cmcm' wpa_ie_len=0 rsn_ie_len=20 caps=0x511 level=-65
02-25 17:13:43.529 D/wpa_supplicant(  642): wlan0:    skip - SSID mismatch
02-25 17:13:43.529 D/wpa_supplicant(  642): wlan0: 9: e4:d3:32:c0:cf:a4 ssid='fast' wpa_ie_len=0 rsn_ie_len=20 caps=0x411 level=-66
02-25 17:13:43.529 D/wpa_supplicant(  642): wlan0:    skip - SSID mismatch
02-25 17:13:43.529 D/wpa_supplicant(  642): wlan0: 10: b0:48:7a:51:ff:cc ssid='Neusoft TP' wpa_ie_len=22 rsn_ie_len=20 caps=0x431 level=-69 wps
02-25 17:13:43.529 D/wpa_supplicant(  642): wlan0:    skip - SSID mismatch
02-25 17:13:43.529 D/wpa_supplicant(  642): wlan0: 11: 80:1f:02:43:fb:e8 ssid='Edimax AP' wpa_ie_len=0 rsn_ie_len=20 caps=0x411 level=-70
02-25 17:13:43.529 D/wpa_supplicant(  642): wlan0:    skip - SSID mismatch
02-25 17:13:43.529 D/wpa_supplicant(  642): wlan0: 12: 5e:f3:70:11:dc:fa ssid='DIRECT-n0-Android_48db' wpa_ie_len=0 rsn_ie_len=20 caps=0x411 level=-72 wps
02-25 17:13:43.529 D/wpa_supplicant(  642): wlan0:    skip - SSID mismatch
02-25 17:13:43.529 D/wpa_supplicant(  642): wlan0: 13: 00:0f:e2:0f:9f:c1 ssid='321_WAN' wpa_ie_len=28 rsn_ie_len=24 caps=0x411 level=-77
02-25 17:13:43.529 D/wpa_supplicant(  642): wlan0:    skip - SSID mismatch
02-25 17:13:43.529 D/wpa_supplicant(  642): wlan0: 14: c0:a0:bb:20:3b:84 ssid='dlink-3B84' wpa_ie_len=26 rsn_ie_len=24 caps=0x411 level=-77 wps
02-25 17:13:43.529 D/wpa_supplicant(  642): wlan0:    skip - SSID mismatch
02-25 17:13:43.529 D/wpa_supplicant(  642): wlan0: 15: 18:dc:56:b2:b6:3d ssid='AP_7620L-B63D' wpa_ie_len=0 rsn_ie_len=20 caps=0x431 level=-80
02-25 17:13:43.529 D/wpa_supplicant(  642): wlan0:    skip - SSID mismatch
02-25 17:13:43.529 D/wpa_supplicant(  642): wlan0: 16: 2c:b0:5d:7f:f4:24 ssid='NETGEAR38' wpa_ie_len=0 rsn_ie_len=20 caps=0x431 level=-85 wps
02-25 17:13:43.529 D/wpa_supplicant(  642): wlan0:    skip - SSID mismatch
02-25 17:13:43.529 D/wpa_supplicant(  642): wlan0: 17: 7a:24:af:1e:df:58 ssid='DIRECT-' wpa_ie_len=0 rsn_ie_len=0 caps=0x410 level=-54
02-25 17:13:43.529 D/wpa_supplicant(  642): wlan0:    skip - SSID mismatch
02-25 17:13:43.529 D/wpa_supplicant(  642): wlan0: 18: 7a:24:af:24:0f:48 ssid='DIRECT-' wpa_ie_len=0 rsn_ie_len=0 caps=0x410 level=-57
02-25 17:13:43.529 D/wpa_supplicant(  642): wlan0:    skip - SSID mismatch
02-25 17:13:43.529 D/wpa_supplicant(  642): wlan0: 19: 02:09:4c:23:ef:0a ssid='DIRECT-' wpa_ie_len=0 rsn_ie_len=0 caps=0x410 level=-75
02-25 17:13:43.529 D/wpa_supplicant(  642): wlan0:    skip - SSID mismatch
02-25 17:13:43.529 D/wpa_supplicant(  642): wlan0: 20: 50:bd:5f:4b:29:92 ssid='Internet-2' wpa_ie_len=0 rsn_ie_len=0 caps=0x421 level=-63
02-25 17:13:43.529 D/wpa_supplicant(  642): wlan0:    skip - SSID mismatch
02-25 17:13:43.529 D/wpa_supplicant(  642): wlan0: 21: e4:d3:32:dd:18:62 ssid='Internet' wpa_ie_len=0 rsn_ie_len=0 caps=0x421 level=-73
02-25 17:13:43.529 D/wpa_supplicant(  642): wlan0:    skip - SSID mismatch
02-25 17:13:43.529 D/wpa_supplicant(  642): wlan0: Selecting BSS from priority group 17
02-25 17:13:43.529 D/wpa_supplicant(  642): wlan0: 0: f8:d1:11:e7:99:e8 ssid='videotest' wpa_ie_len=22 rsn_ie_len=20 caps=0x531 level=-48 wps
02-25 17:13:43.529 D/wpa_supplicant(  642): wlan0:    skip - SSID mismatch
02-25 17:13:43.529 D/wpa_supplicant(  642): wlan0: 1: 44:94:fc:3d:da:38 ssid='6300' wpa_ie_len=0 rsn_ie_len=20 caps=0x411 level=-50 wps
02-25 17:13:43.529 D/wpa_supplicant(  642): wlan0:    skip - SSID mismatch
02-25 17:13:43.529 D/wpa_supplicant(  642): wlan0: 2: 10:c3:7b:d2:e5:e0 ssid='ASUS_RT-AC66U-2.4G' wpa_ie_len=0 rsn_ie_len=20 caps=0x411 level=-52 wps
02-25 17:13:43.529 D/wpa_supplicant(  642): wlan0:    skip - SSID mismatch
02-25 17:13:43.529 D/wpa_supplicant(  642): wlan0: 3: cc:34:29:2b:26:4c ssid='cws-test' wpa_ie_len=0 rsn_ie_len=20 caps=0x431 level=-54 wps
02-25 17:13:43.529 D/wpa_supplicant(  642): wlan0:    skip - SSID mismatch
02-25 17:13:43.529 D/wpa_supplicant(  642): wlan0: 4: 02:1a:11:ff:f7:0a ssid='io1' wpa_ie_len=0 rsn_ie_len=20 caps=0x431 level=-54
02-25 17:13:43.529 D/wpa_supplicant(  642): wlan0:    skip - SSID mismatch
02-25 17:13:43.529 D/wpa_supplicant(  642): wlan0: 5: 90:94:e4:03:45:f5 ssid='DAP-2553_D' wpa_ie_len=0 rsn_ie_len=24 caps=0x431 level=-60
02-25 17:13:43.529 D/wpa_supplicant(  642): wlan0:    skip - SSID mismatch
02-25 17:13:43.529 D/wpa_supplicant(  642): wlan0: 6: c8:d7:19:60:62:f2 ssid='E3000-2.4G' wpa_ie_len=0 rsn_ie_len=20 caps=0x411 level=-61 wps
02-25 17:13:43.529 D/wpa_supplicant(  642): wlan0:    skip - SSID mismatch
02-25 17:13:43.529 D/wpa_supplicant(  642): wlan0: 7: cc:34:29:2c:fb:ec ssid='linksys' wpa_ie_len=22 rsn_ie_len=20 caps=0x431 level=-63 wps
02-25 17:13:43.529 D/wpa_supplicant(  642): wlan0:    skip - SSID mismatch
02-25 17:13:43.529 D/wpa_supplicant(  642): wlan0: 8: c4:17:fe:3f:4f:fb ssid='cmcm' wpa_ie_len=0 rsn_ie_len=20 caps=0x511 level=-65
02-25 17:13:43.529 D/wpa_supplicant(  642): wlan0:    skip - SSID mismatch
02-25 17:13:43.529 D/wpa_supplicant(  642): wlan0: 9: e4:d3:32:c0:cf:a4 ssid='fast' wpa_ie_len=0 rsn_ie_len=20 caps=0x411 level=-66
02-25 17:13:43.529 D/wpa_supplicant(  642): wlan0:    skip - SSID mismatch
02-25 17:13:43.529 D/wpa_supplicant(  642): wlan0: 10: b0:48:7a:51:ff:cc ssid='Neusoft TP' wpa_ie_len=22 rsn_ie_len=20 caps=0x431 level=-69 wps
02-25 17:13:43.529 D/wpa_supplicant(  642): wlan0:    skip - SSID mismatch
02-25 17:13:43.529 D/wpa_supplicant(  642): wlan0: 11: 80:1f:02:43:fb:e8 ssid='Edimax AP' wpa_ie_len=0 rsn_ie_len=20 caps=0x411 level=-70
02-25 17:13:43.529 D/wpa_supplicant(  642): wlan0:    skip - SSID mismatch
02-25 17:13:43.529 D/wpa_supplicant(  642): wlan0: 12: 5e:f3:70:11:dc:fa ssid='DIRECT-n0-Android_48db' wpa_ie_len=0 rsn_ie_len=20 caps=0x411 level=-72 wps
02-25 17:13:43.529 D/wpa_supplicant(  642): wlan0:    skip - SSID mismatch
02-25 17:13:43.529 D/wpa_supplicant(  642): wlan0: 13: 00:0f:e2:0f:9f:c1 ssid='321_WAN' wpa_ie_len=28 rsn_ie_len=24 caps=0x411 level=-77
02-25 17:13:43.529 D/wpa_supplicant(  642): wlan0:    skip - SSID mismatch
02-25 17:13:43.529 D/wpa_supplicant(  642): wlan0: 14: c0:a0:bb:20:3b:84 ssid='dlink-3B84' wpa_ie_len=26 rsn_ie_len=24 caps=0x411 level=-77 wps
02-25 17:13:43.529 D/wpa_supplicant(  642): wlan0:    skip - SSID mismatch
02-25 17:13:43.529 D/wpa_supplicant(  642): wlan0: 15: 18:dc:56:b2:b6:3d ssid='AP_7620L-B63D' wpa_ie_len=0 rsn_ie_len=20 caps=0x431 level=-80
02-25 17:13:43.529 D/wpa_supplicant(  642): wlan0:    skip - SSID mismatch
02-25 17:13:43.529 D/wpa_supplicant(  642): wlan0: 16: 2c:b0:5d:7f:f4:24 ssid='NETGEAR38' wpa_ie_len=0 rsn_ie_len=20 caps=0x431 level=-85 wps
02-25 17:13:43.529 D/wpa_supplicant(  642): wlan0:    skip - SSID mismatch
02-25 17:13:43.529 D/wpa_supplicant(  642): wlan0: 17: 7a:24:af:1e:df:58 ssid='DIRECT-' wpa_ie_len=0 rsn_ie_len=0 caps=0x410 level=-54
02-25 17:13:43.529 D/wpa_supplicant(  642): wlan0:    skip - SSID mismatch
02-25 17:13:43.529 D/wpa_supplicant(  642): wlan0: 18: 7a:24:af:24:0f:48 ssid='DIRECT-' wpa_ie_len=0 rsn_ie_len=0 caps=0x410 level=-57
02-25 17:13:43.529 D/wpa_supplicant(  642): wlan0:    skip - SSID mismatch
02-25 17:13:43.529 D/wpa_supplicant(  642): wlan0: 19: 02:09:4c:23:ef:0a ssid='DIRECT-' wpa_ie_len=0 rsn_ie_len=0 caps=0x410 level=-75
02-25 17:13:43.529 D/wpa_supplicant(  642): wlan0:    skip - SSID mismatch
02-25 17:13:43.529 D/wpa_supplicant(  642): wlan0: 20: 50:bd:5f:4b:29:92 ssid='Internet-2' wpa_ie_len=0 rsn_ie_len=0 caps=0x421 level=-63
02-25 17:13:43.529 D/wpa_supplicant(  642): wlan0:    skip - SSID mismatch
02-25 17:13:43.529 D/wpa_supplicant(  642): wlan0: 21: e4:d3:32:dd:18:62 ssid='Internet' wpa_ie_len=0 rsn_ie_len=0 caps=0x421 level=-73
02-25 17:13:43.529 D/wpa_supplicant(  642): wlan0:    skip - SSID mismatch
02-25 17:13:43.529 D/wpa_supplicant(  642): wlan0: Selecting BSS from priority group 15
02-25 17:13:43.529 D/wpa_supplicant(  642): wlan0: 0: f8:d1:11:e7:99:e8 ssid='videotest' wpa_ie_len=22 rsn_ie_len=20 caps=0x531 level=-48 wps
02-25 17:13:43.529 D/wpa_supplicant(  642): wlan0:    skip - SSID mismatch
02-25 17:13:43.529 D/wpa_supplicant(  642): wlan0: 1: 44:94:fc:3d:da:38 ssid='6300' wpa_ie_len=0 rsn_ie_len=20 caps=0x411 level=-50 wps
02-25 17:13:43.529 D/wpa_supplicant(  642): wlan0:    skip - SSID mismatch
02-25 17:13:43.529 D/wpa_supplicant(  642): wlan0: 2: 10:c3:7b:d2:e5:e0 ssid='ASUS_RT-AC66U-2.4G' wpa_ie_len=0 rsn_ie_len=20 caps=0x411 level=-52 wps
02-25 17:13:43.529 D/wpa_supplicant(  642): wlan0:    skip - SSID mismatch
02-25 17:13:43.529 D/wpa_supplicant(  642): wlan0: 3: cc:34:29:2b:26:4c ssid='cws-test' wpa_ie_len=0 rsn_ie_len=20 caps=0x431 level=-54 wps
02-25 17:13:43.529 D/wpa_supplicant(  642): wlan0:    skip - SSID mismatch
02-25 17:13:43.529 D/wpa_supplicant(  642): wlan0: 4: 02:1a:11:ff:f7:0a ssid='io1' wpa_ie_len=0 rsn_ie_len=20 caps=0x431 level=-54
02-25 17:13:43.529 D/wpa_supplicant(  642): wlan0:    skip - SSID mismatch
02-25 17:13:43.529 D/wpa_supplicant(  642): wlan0: 5: 90:94:e4:03:45:f5 ssid='DAP-2553_D' wpa_ie_len=0 rsn_ie_len=24 caps=0x431 level=-60
02-25 17:13:43.529 D/wpa_supplicant(  642): wlan0:    skip - SSID mismatch
02-25 17:13:43.539 D/wpa_supplicant(  642): wlan0: 6: c8:d7:19:60:62:f2 ssid='E3000-2.4G' wpa_ie_len=0 rsn_ie_len=20 caps=0x411 level=-61 wps
02-25 17:13:43.539 D/wpa_supplicant(  642): wlan0:    skip - SSID mismatch
02-25 17:13:43.539 D/wpa_supplicant(  642): wlan0: 7: cc:34:29:2c:fb:ec ssid='linksys' wpa_ie_len=22 rsn_ie_len=20 caps=0x431 level=-63 wps
02-25 17:13:43.539 D/wpa_supplicant(  642): wlan0:    skip - SSID mismatch
02-25 17:13:43.539 D/wpa_supplicant(  642): wlan0: 8: c4:17:fe:3f:4f:fb ssid='cmcm' wpa_ie_len=0 rsn_ie_len=20 caps=0x511 level=-65
02-25 17:13:43.539 D/wpa_supplicant(  642): wlan0:    skip - SSID mismatch
02-25 17:13:43.539 D/wpa_supplicant(  642): wlan0: 9: e4:d3:32:c0:cf:a4 ssid='fast' wpa_ie_len=0 rsn_ie_len=20 caps=0x411 level=-66
02-25 17:13:43.539 D/wpa_supplicant(  642): wlan0:    skip - SSID mismatch
02-25 17:13:43.539 D/wpa_supplicant(  642): wlan0: 10: b0:48:7a:51:ff:cc ssid='Neusoft TP' wpa_ie_len=22 rsn_ie_len=20 caps=0x431 level=-69 wps
02-25 17:13:43.539 D/wpa_supplicant(  642): wlan0:    skip - SSID mismatch
02-25 17:13:43.539 D/wpa_supplicant(  642): wlan0: 11: 80:1f:02:43:fb:e8 ssid='Edimax AP' wpa_ie_len=0 rsn_ie_len=20 caps=0x411 level=-70
02-25 17:13:43.539 D/wpa_supplicant(  642): wlan0:    skip - SSID mismatch
02-25 17:13:43.539 D/wpa_supplicant(  642): wlan0: 12: 5e:f3:70:11:dc:fa ssid='DIRECT-n0-Android_48db' wpa_ie_len=0 rsn_ie_len=20 caps=0x411 level=-72 wps
02-25 17:13:43.539 D/wpa_supplicant(  642): wlan0:    skip - SSID mismatch
02-25 17:13:43.539 D/wpa_supplicant(  642): wlan0: 13: 00:0f:e2:0f:9f:c1 ssid='321_WAN' wpa_ie_len=28 rsn_ie_len=24 caps=0x411 level=-77
02-25 17:13:43.539 D/wpa_supplicant(  642): wlan0:    skip - SSID mismatch
02-25 17:13:43.539 D/wpa_supplicant(  642): wlan0: 14: c0:a0:bb:20:3b:84 ssid='dlink-3B84' wpa_ie_len=26 rsn_ie_len=24 caps=0x411 level=-77 wps
02-25 17:13:43.539 D/wpa_supplicant(  642): wlan0:    skip - SSID mismatch
02-25 17:13:43.539 D/wpa_supplicant(  642): wlan0: 15: 18:dc:56:b2:b6:3d ssid='AP_7620L-B63D' wpa_ie_len=0 rsn_ie_len=20 caps=0x431 level=-80
02-25 17:13:43.539 D/wpa_supplicant(  642): wlan0:    skip - SSID mismatch
02-25 17:13:43.539 D/wpa_supplicant(  642): wlan0: 16: 2c:b0:5d:7f:f4:24 ssid='NETGEAR38' wpa_ie_len=0 rsn_ie_len=20 caps=0x431 level=-85 wps
02-25 17:13:43.539 D/wpa_supplicant(  642): wlan0:    skip - SSID mismatch
02-25 17:13:43.539 D/wpa_supplicant(  642): wlan0: 17: 7a:24:af:1e:df:58 ssid='DIRECT-' wpa_ie_len=0 rsn_ie_len=0 caps=0x410 level=-54
02-25 17:13:43.539 D/wpa_supplicant(  642): wlan0:    skip - SSID mismatch
02-25 17:13:43.539 D/wpa_supplicant(  642): wlan0: 18: 7a:24:af:24:0f:48 ssid='DIRECT-' wpa_ie_len=0 rsn_ie_len=0 caps=0x410 level=-57
02-25 17:13:43.539 D/wpa_supplicant(  642): wlan0:    skip - SSID mismatch
02-25 17:13:43.539 D/wpa_supplicant(  642): wlan0: 19: 02:09:4c:23:ef:0a ssid='DIRECT-' wpa_ie_len=0 rsn_ie_len=0 caps=0x410 level=-75
02-25 17:13:43.539 D/wpa_supplicant(  642): wlan0:    skip - SSID mismatch
02-25 17:13:43.539 D/wpa_supplicant(  642): wlan0: 20: 50:bd:5f:4b:29:92 ssid='Internet-2' wpa_ie_len=0 rsn_ie_len=0 caps=0x421 level=-63
02-25 17:13:43.539 D/wpa_supplicant(  642): wlan0:    skip - SSID mismatch
02-25 17:13:43.539 D/wpa_supplicant(  642): wlan0: 21: e4:d3:32:dd:18:62 ssid='Internet' wpa_ie_len=0 rsn_ie_len=0 caps=0x421 level=-73
02-25 17:13:43.539 D/wpa_supplicant(  642): wlan0:    skip - SSID mismatch
02-25 17:13:43.539 D/wpa_supplicant(  642): wlan0: Selecting BSS from priority group 4
02-25 17:13:43.539 D/wpa_supplicant(  642): wlan0: 0: f8:d1:11:e7:99:e8 ssid='videotest' wpa_ie_len=22 rsn_ie_len=20 caps=0x531 level=-48 wps
02-25 17:13:43.539 D/wpa_supplicant(  642): wlan0:    skip - SSID mismatch
02-25 17:13:43.539 D/wpa_supplicant(  642): wlan0: 1: 44:94:fc:3d:da:38 ssid='6300' wpa_ie_len=0 rsn_ie_len=20 caps=0x411 level=-50 wps
02-25 17:13:43.539 D/wpa_supplicant(  642): wlan0:    skip - SSID mismatch
02-25 17:13:43.539 D/wpa_supplicant(  642): wlan0: 2: 10:c3:7b:d2:e5:e0 ssid='ASUS_RT-AC66U-2.4G' wpa_ie_len=0 rsn_ie_len=20 caps=0x411 level=-52 wps
02-25 17:13:43.539 D/wpa_supplicant(  642): wlan0:    skip - SSID mismatch
02-25 17:13:43.539 D/wpa_supplicant(  642): wlan0: 3: cc:34:29:2b:26:4c ssid='cws-test' wpa_ie_len=0 rsn_ie_len=20 caps=0x431 level=-54 wps
02-25 17:13:43.539 D/wpa_supplicant(  642): wlan0:    skip - SSID mismatch
02-25 17:13:43.539 D/wpa_supplicant(  642): wlan0: 4: 02:1a:11:ff:f7:0a ssid='io1' wpa_ie_len=0 rsn_ie_len=20 caps=0x431 level=-54
02-25 17:13:43.539 D/wpa_supplicant(  642): wlan0:    skip - SSID mismatch
02-25 17:13:43.539 D/wpa_supplicant(  642): wlan0: 5: 90:94:e4:03:45:f5 ssid='DAP-2553_D' wpa_ie_len=0 rsn_ie_len=24 caps=0x431 level=-60
02-25 17:13:43.539 D/wpa_supplicant(  642): wlan0:    skip - SSID mismatch
02-25 17:13:43.539 D/wpa_supplicant(  642): wlan0: 6: c8:d7:19:60:62:f2 ssid='E3000-2.4G' wpa_ie_len=0 rsn_ie_len=20 caps=0x411 level=-61 wps
02-25 17:13:43.539 D/wpa_supplicant(  642): wlan0:    skip - SSID mismatch
02-25 17:13:43.539 D/wpa_supplicant(  642): wlan0: 7: cc:34:29:2c:fb:ec ssid='linksys' wpa_ie_len=22 rsn_ie_len=20 caps=0x431 level=-63 wps
02-25 17:13:43.539 D/wpa_supplicant(  642): wlan0:    skip - SSID mismatch
02-25 17:13:43.539 D/wpa_supplicant(  642): wlan0: 8: c4:17:fe:3f:4f:fb ssid='cmcm' wpa_ie_len=0 rsn_ie_len=20 caps=0x511 level=-65
02-25 17:13:43.539 D/wpa_supplicant(  642): wlan0:    skip - SSID mismatch
02-25 17:13:43.539 D/wpa_supplicant(  642): wlan0: 9: e4:d3:32:c0:cf:a4 ssid='fast' wpa_ie_len=0 rsn_ie_len=20 caps=0x411 level=-66
02-25 17:13:43.539 D/wpa_supplicant(  642): wlan0:    skip - SSID mismatch
02-25 17:13:43.539 D/wpa_supplicant(  642): wlan0: 10: b0:48:7a:51:ff:cc ssid='Neusoft TP' wpa_ie_len=22 rsn_ie_len=20 caps=0x431 level=-69 wps
02-25 17:13:43.539 D/wpa_supplicant(  642): wlan0:    skip - SSID mismatch
02-25 17:13:43.539 D/wpa_supplicant(  642): wlan0: 11: 80:1f:02:43:fb:e8 ssid='Edimax AP' wpa_ie_len=0 rsn_ie_len=20 caps=0x411 level=-70
02-25 17:13:43.539 D/wpa_supplicant(  642): wlan0:    skip - SSID mismatch
02-25 17:13:43.539 D/wpa_supplicant(  642): wlan0: 12: 5e:f3:70:11:dc:fa ssid='DIRECT-n0-Android_48db' wpa_ie_len=0 rsn_ie_len=20 caps=0x411 level=-72 wps
02-25 17:13:43.539 D/wpa_supplicant(  642): wlan0:    skip - SSID mismatch
02-25 17:13:43.539 D/wpa_supplicant(  642): wlan0: 13: 00:0f:e2:0f:9f:c1 ssid='321_WAN' wpa_ie_len=28 rsn_ie_len=24 caps=0x411 level=-77
02-25 17:13:43.539 D/wpa_supplicant(  642): wlan0:    skip - SSID mismatch
02-25 17:13:43.539 D/wpa_supplicant(  642): wlan0: 14: c0:a0:bb:20:3b:84 ssid='dlink-3B84' wpa_ie_len=26 rsn_ie_len=24 caps=0x411 level=-77 wps
02-25 17:13:43.539 D/wpa_supplicant(  642): wlan0:    skip - SSID mismatch
02-25 17:13:43.539 D/wpa_supplicant(  642): wlan0: 15: 18:dc:56:b2:b6:3d ssid='AP_7620L-B63D' wpa_ie_len=0 rsn_ie_len=20 caps=0x431 level=-80
02-25 17:13:43.539 D/wpa_supplicant(  642): wlan0:    skip - SSID mismatch
02-25 17:13:43.539 D/wpa_supplicant(  642): wlan0: 16: 2c:b0:5d:7f:f4:24 ssid='NETGEAR38' wpa_ie_len=0 rsn_ie_len=20 caps=0x431 level=-85 wps
02-25 17:13:43.539 D/wpa_supplicant(  642): wlan0:    skip - SSID mismatch
02-25 17:13:43.539 D/wpa_supplicant(  642): wlan0: 17: 7a:24:af:1e:df:58 ssid='DIRECT-' wpa_ie_len=0 rsn_ie_len=0 caps=0x410 level=-54
02-25 17:13:43.539 D/wpa_supplicant(  642): wlan0:    skip - SSID mismatch
02-25 17:13:43.539 D/wpa_supplicant(  642): wlan0: 18: 7a:24:af:24:0f:48 ssid='DIRECT-' wpa_ie_len=0 rsn_ie_len=0 caps=0x410 level=-57
02-25 17:13:43.539 D/wpa_supplicant(  642): wlan0:    skip - SSID mismatch
02-25 17:13:43.539 D/wpa_supplicant(  642): wlan0: 19: 02:09:4c:23:ef:0a ssid='DIRECT-' wpa_ie_len=0 rsn_ie_len=0 caps=0x410 level=-75
02-25 17:13:43.539 D/wpa_supplicant(  642): wlan0:    skip - SSID mismatch
02-25 17:13:43.539 D/wpa_supplicant(  642): wlan0: 20: 50:bd:5f:4b:29:92 ssid='Internet-2' wpa_ie_len=0 rsn_ie_len=0 caps=0x421 level=-63
02-25 17:13:43.539 D/wpa_supplicant(  642): wlan0:    skip - SSID mismatch
02-25 17:13:43.539 D/wpa_supplicant(  642): wlan0: 21: e4:d3:32:dd:18:62 ssid='Internet' wpa_ie_len=0 rsn_ie_len=0 caps=0x421 level=-73
02-25 17:13:43.539 D/wpa_supplicant(  642): wlan0:    skip - SSID mismatch
02-25 17:13:43.539 D/wpa_supplicant(  642): wlan0: No suitable network found
02-25 17:13:43.539 D/wpa_supplicant(  642): wlan0: Setting scan request: 40 sec 0 usec
02-25 17:13:43.539 D/wpa_supplicant(  642): wlan0: Checking for other virtual interfaces sharing same radio (phy0) in event_scan_results
02-25 17:13:43.539 D/wpa_supplicant(  642): p2p-dev-wlan0: Updating scan results from sibling
02-25 17:13:43.539 D/wpa_supplicant(  642): nl80211: Received scan results (22 BSSes)
02-25 17:13:43.539 D/wpa_supplicant(  642): nl80211: Survey data missing
02-25 17:13:43.539 D/wpa_supplicant(  642): p2p-dev-wlan0: BSS: Start scan result update 182
02-25 17:13:43.539 D/wpa_supplicant(  642): BSS: No P2P IE - skipping BSS f8:d1:11:e7:99:e8 update for P2P interface
02-25 17:13:43.539 D/wpa_supplicant(  642): BSS: No P2P IE - skipping BSS 44:94:fc:3d:da:38 update for P2P interface
02-25 17:13:43.539 D/wpa_supplicant(  642): BSS: No P2P IE - skipping BSS 10:c3:7b:d2:e5:e0 update for P2P interface
02-25 17:13:43.539 D/wpa_supplicant(  642): BSS: No P2P IE - skipping BSS cc:34:29:2b:26:4c update for P2P interface
02-25 17:13:43.539 D/wpa_supplicant(  642): BSS: No P2P IE - skipping BSS 02:1a:11:ff:f7:0a update for P2P interface
02-25 17:13:43.539 D/wpa_supplicant(  642): BSS: No P2P IE - skipping BSS 90:94:e4:03:45:f5 update for P2P interface
02-25 17:13:43.539 D/wpa_supplicant(  642): BSS: No P2P IE - skipping BSS c8:d7:19:60:62:f2 update for P2P interface
02-25 17:13:43.539 D/wpa_supplicant(  642): BSS: No P2P IE - skipping BSS cc:34:29:2c:fb:ec update for P2P interface
02-25 17:13:43.539 D/wpa_supplicant(  642): BSS: No P2P IE - skipping BSS c4:17:fe:3f:4f:fb update for P2P interface
02-25 17:13:43.539 D/wpa_supplicant(  642): BSS: No P2P IE - skipping BSS e4:d3:32:c0:cf:a4 update for P2P interface
02-25 17:13:43.539 D/wpa_supplicant(  642): BSS: No P2P IE - skipping BSS b0:48:7a:51:ff:cc update for P2P interface
02-25 17:13:43.539 D/wpa_supplicant(  642): BSS: No P2P IE - skipping BSS 80:1f:02:43:fb:e8 update for P2P interface
02-25 17:13:43.539 D/wpa_supplicant(  642): BSS: No P2P IE - skipping BSS 00:0f:e2:0f:9f:c1 update for P2P interface
02-25 17:13:43.539 D/wpa_supplicant(  642): BSS: No P2P IE - skipping BSS c0:a0:bb:20:3b:84 update for P2P interface
02-25 17:13:43.539 D/wpa_supplicant(  642): BSS: No P2P IE - skipping BSS 18:dc:56:b2:b6:3d update for P2P interface
02-25 17:13:43.539 D/wpa_supplicant(  642): BSS: No P2P IE - skipping BSS 2c:b0:5d:7f:f4:24 update for P2P interface
02-25 17:13:43.539 D/wpa_supplicant(  642): BSS: No P2P IE - skipping BSS 7a:24:af:1e:df:58 update for P2P interface
02-25 17:13:43.539 D/wpa_supplicant(  642): BSS: No P2P IE - skipping BSS 7a:24:af:24:0f:48 update for P2P interface
02-25 17:13:43.539 D/wpa_supplicant(  642): BSS: No P2P IE - skipping BSS 02:09:4c:23:ef:0a update for P2P interface
02-25 17:13:43.539 D/wpa_supplicant(  642): BSS: No P2P IE - skipping BSS 50:bd:5f:4b:29:92 update for P2P interface
02-25 17:13:43.539 D/wpa_supplicant(  642): BSS: No P2P IE - skipping BSS e4:d3:32:dd:18:62 update for P2P interface
02-25 17:13:43.539 D/wpa_supplicant(  642): BSS: last_scan_res_used=1/32 last_scan_full=0
02-25 17:13:43.539 D/wpa_supplicant(  642): p2p-dev-wlan0: New scan results available
02-25 17:13:43.539 D/wpa_supplicant(  642): CTRL_IFACE monitor send - hexdump(len=39): 2f 64 61 74 61 2f 6d 69 73 63 2f 77 69 66 69 2f 73 6f 63 6b 65 74 73 2f 77 70 61 5f 63 74 72 6c ...
02-25 17:13:43.539 D/wpa_supplicant(  642): CTRL_IFACE monitor send - hexdump(len=39): 2f 64 61 74 61 2f 6d 69 73 63 2f 77 69 66 69 2f 73 6f 63 6b 65 74 73 2f 77 70 61 5f 63 74 72 6c ...
02-25 17:13:43.539 D/wpa_supplicant(  642): WPS: AP[0] f8:d1:11:e7:99:e8 type=0 tries=0 last_attempt=-1 sec ago blacklist=0
02-25 17:13:43.539 D/wpa_supplicant(  642): WPS: AP[1] c8:d7:19:60:62:f2 type=0 tries=0 last_attempt=-1 sec ago blacklist=0
02-25 17:13:43.539 D/wpa_supplicant(  642): WPS: AP[2] 44:94:fc:3d:da:38 type=0 tries=0 last_attempt=-1 sec ago blacklist=0
02-25 17:13:43.539 D/wpa_supplicant(  642): WPS: AP[3] 10:c3:7b:d2:e5:e0 type=0 tries=0 last_attempt=-1 sec ago blacklist=0
02-25 17:13:43.539 D/wpa_supplicant(  642): WPS: AP[4] cc:34:29:2b:26:4c type=0 tries=0 last_attempt=-1 sec ago blacklist=0
02-25 17:13:43.539 D/wpa_supplicant(  642): WPS: AP[5] b0:48:7a:51:ff:cc type=0 tries=0 last_attempt=-1 sec ago blacklist=0
02-25 17:13:43.539 D/wpa_supplicant(  642): WPS: AP[6] cc:34:29:2c:fb:ec type=0 tries=0 last_attempt=-1 sec ago blacklist=0
02-25 17:13:43.539 D/wpa_supplicant(  642): WPS: AP[7] c0:a0:bb:20:3b:84 type=0 tries=0 last_attempt=-1 sec ago blacklist=0
02-25 17:13:43.539 D/wpa_supplicant(  642): WPS: AP[8] 02:09:4c:f8:ae:8e type=0 tries=0 last_attempt=-1 sec ago blacklist=0
02-25 17:13:43.539 D/wpa_supplicant(  642): WPS: AP[9] 10:9f:a9:dc:b1:fc type=0 tries=0 last_attempt=-1 sec ago blacklist=0
02-25 17:13:43.539 D/wpa_supplicant(  642): WPS: AP[10] 2c:b0:5d:7f:f4:24 type=0 tries=0 last_attempt=-1 sec ago blacklist=0
02-25 17:13:43.539 D/wpa_supplicant(  642): WPS: AP[11] 5e:f3:70:11:dc:fa type=0 tries=0 last_attempt=-1 sec ago blacklist=0
02-25 17:13:43.539 D/wpa_supplicant(  642): WPS: AP[12] 02:09:4c:a9:a9:11 type=0 tries=0 last_attempt=-1 sec ago blacklist=0
02-25 17:13:43.539 D/wpa_supplicant(  642): WPS: AP[13] 9c:21:6a:0d:eb:72 type=0 tries=0 last_attempt=-1 sec ago blacklist=0
02-25 17:13:43.539 D/wpa_supplicant(  642): WPS: AP[14] 98:fc:11:81:35:fb type=0 tries=0 last_attempt=-1 sec ago blacklist=0
02-25 17:13:43.539 D/wpa_supplicant(  642): p2p-dev-wlan0: No suitable network found
02-25 17:13:43.539 D/wpa_supplicant(  642): p2p-dev-wlan0: Short-circuit new scan request since there are no enabled networks
02-25 17:13:43.539 D/wpa_supplicant(  642): p2p-dev-wlan0: State: INACTIVE -> INACTIVE
02-25 17:13:43.539 D/wpa_supplicant(  642): wlan0: P2P: Station mode scan operation not pending anymore (sta_scan_pending=0 p2p_cb_on_scan_complete=0)
02-25 17:13:43.569 I/WifiHW  (  506): EVENT: IFNAME=wlan0 CTRL-EVENT-BSS-ADDED 301 e4:d3:32:dd:18:62
02-25 17:13:43.569 I/WifiHW  (  506): EVENT: IFNAME=wlan0 CTRL-EVENT-SCAN-RESULTS 
02-25 17:13:43.569 I/WifiHW  (  506): EVENT: IFNAME=wlan0 WPS-AP-AVAILABLE 
02-25 17:13:43.569 I/WifiHW  (  506): EVENT: IFNAME=p2p-dev-wlan0 CTRL-EVENT-SCAN-RESULTS 
02-25 17:13:43.569 I/WifiHW  (  506): EVENT: IFNAME=p2p-dev-wlan0 WPS-AP-AVAILABLE 
02-25 17:13:43.569 I/WifiHW  (  506): CMD: IFNAME=wlan0 BSS RANGE=0- MASK=0x21987
02-25 17:13:43.569 D/wpa_supplicant(  642): RX ctrl_iface - hexdump(len=25): 42 53 53 20 52 41 4e 47 45 3d 30 2d 20 4d 41 53 4b 3d 30 78 32 31 39 38 37
02-25 17:13:43.569 D/wpa_supplicant(  642): wlan0: Control interface command 'BSS RANGE=0- MASK=0x21987'
02-25 17:13:43.569 I/WifiHW  (  506): REPLY: id=0
02-25 17:13:43.569 I/WifiHW  (  506): REPLY: bssid=f8:d1:11:e7:99:e8
02-25 17:13:43.569 I/WifiHW  (  506): REPLY: freq=2437
02-25 17:13:43.569 I/WifiHW  (  506): REPLY: level=-48
02-25 17:13:43.569 I/WifiHW  (  506): REPLY: tsf=0000007464097632
02-25 17:13:43.569 I/WifiHW  (  506): REPLY: flags=[WPA-PSK-CCMP][WPA2-PSK-CCMP][WPS][ESS]
02-25 17:13:43.569 I/WifiHW  (  506): REPLY: ssid=videotest
02-25 17:13:43.569 I/WifiHW  (  506): REPLY: ====
02-25 17:13:43.569 I/WifiHW  (  506): REPLY: id=1
02-25 17:13:43.569 I/WifiHW  (  506): REPLY: bssid=c8:d7:19:60:62:f2
02-25 17:13:43.569 I/WifiHW  (  506): REPLY: freq=2437
02-25 17:13:43.569 I/WifiHW  (  506): REPLY: level=-61
02-25 17:13:43.569 I/WifiHW  (  506): REPLY: tsf=0000007464097623
02-25 17:13:43.569 I/WifiHW  (  506): REPLY: flags=[WPA2-PSK-CCMP][WPS][ESS]
02-25 17:13:43.569 I/WifiHW  (  506): REPLY: ssid=E3000-2.4G
02-25 17:13:43.569 I/WifiHW  (  506): REPLY: ====
02-25 17:13:43.569 I/WifiHW  (  506): REPLY: id=2
02-25 17:13:43.569 I/WifiHW  (  506): REPLY: bssid=02:1a:11:ff:f7:0a
02-25 17:13:43.569 I/WifiHW  (  506): REPLY: freq=2437
02-25 17:13:43.579 I/WifiHW  (  506): REPLY: level=-54
02-25 17:13:43.579 I/WifiHW  (  506): REPLY: tsf=0000007464097626
02-25 17:13:43.579 I/WifiHW  (  506): REPLY: flags=[WPA2-PSK-CCMP][ESS]
02-25 17:13:43.579 I/WifiHW  (  506): REPLY: ssid=io1
02-25 17:13:43.579 I/WifiHW  (  506): REPLY: ====
02-25 17:13:43.579 I/WifiHW  (  506): REPLY: id=3
02-25 17:13:43.579 I/WifiHW  (  506): REPLY: bssid=44:94:fc:3d:da:38
02-25 17:13:43.579 I/WifiHW  (  506): REPLY: freq=2462
02-25 17:13:43.579 I/WifiHW  (  506): REPLY: level=-50
02-25 17:13:43.579 I/WifiHW  (  506): REPLY: tsf=0000007464097649
02-25 17:13:43.579 I/WifiHW  (  506): REPLY: flags=[WPA2-EAP-CCMP-preauth][WPS][ESS]
02-25 17:13:43.579 I/WifiHW  (  506): REPLY: ssid=6300
02-25 17:13:43.579 I/WifiHW  (  506): REPLY: ====
02-25 17:13:43.579 I/WifiHW  (  506): REPLY: id=4
02-25 17:13:43.579 I/WifiHW  (  506): REPLY: bssid=10:c3:7b:d2:e5:e0
02-25 17:13:43.579 I/WifiHW  (  506): REPLY: freq=2462
02-25 17:13:43.579 I/WifiHW  (  506): REPLY: level=-52
02-25 17:13:43.579 I/WifiHW  (  506): REPLY: tsf=0000007464097645
02-25 17:13:43.579 I/WifiHW  (  506): REPLY: flags=[WPA2-PSK-CCMP][WPS][ESS]
02-25 17:13:43.579 I/WifiHW  (  506): REPLY: ssid=ASUS_RT-AC66U-2.4G
02-25 17:13:43.579 I/WifiHW  (  506): REPLY: ====
02-25 17:13:43.579 I/WifiHW  (  506): REPLY: id=5
02-25 17:13:43.579 I/WifiHW  (  506): REPLY: bssid=90:94:e4:03:45:f5
02-25 17:13:43.579 I/WifiHW  (  506): REPLY: freq=2422
02-25 17:13:43.579 I/WifiHW  (  506): REPLY: level=-60
02-25 17:13:43.579 I/WifiHW  (  506): REPLY: tsf=0000007464097609
02-25 17:13:43.579 I/WifiHW  (  506): REPLY: flags=[WPA2-PSK-CCMP+TKIP][ESS]
02-25 17:13:43.579 I/WifiHW  (  506): REPLY: ssid=DAP-2553_D
02-25 17:13:43.579 I/WifiHW  (  506): REPLY: ====
02-25 17:13:43.579 I/WifiHW  (  506): REPLY: id=7
02-25 17:13:43.579 I/WifiHW  (  506): REPLY: bssid=cc:34:29:2b:26:4c
02-25 17:13:43.579 I/WifiHW  (  506): REPLY: freq=2462
02-25 17:13:43.579 I/WifiHW  (  506): REPLY: level=-54
02-25 17:13:43.579 I/WifiHW  (  506): REPLY: tsf=0000007464097651
02-25 17:13:43.579 I/WifiHW  (  506): REPLY: flags=[WPA2-PSK-CCMP][WPS][ESS]
02-25 17:13:43.579 I/WifiHW  (  506): REPLY: ssid=cws-test
02-25 17:13:43.579 I/WifiHW  (  506): REPLY: ====
02-25 17:13:43.579 I/WifiHW  (  506): REPLY: id=9
02-25 17:13:43.579 I/WifiHW  (  506): REPLY: bssid=cc:34:29:2c:fb:ec
02-25 17:13:43.579 I/WifiHW  (  506): REPLY: freq=2412
02-25 17:13:43.579 I/WifiHW  (  506): REPLY: level=-63
02-25 17:13:43.579 I/WifiHW  (  506): REPLY: tsf=0000007464097598
02-25 17:13:43.579 I/WifiHW  (  506): REPLY: flags=[WPA-PSK-CCMP][WPA2-PSK-CCMP][WPS][ESS]
02-25 17:13:43.579 I/WifiHW  (  506): REPLY: ssid=linksys
02-25 17:13:43.579 I/WifiHW  (  506): REPLY: ====
02-25 17:13:43.579 I/WifiHW  (  506): REPLY: id=11
02-25 17:13:43.579 I/WifiHW  (  506): REPLY: bssid=80:1f:02:43:fb:e8
02-25 17:13:43.579 I/WifiHW  (  506): REPLY: freq=2412
02-25 17:13:43.579 I/WifiHW  (  506): REPLY: level=-70
02-25 17:13:43.579 I/WifiHW  (  506): REPLY: tsf=0000007464097600
02-25 17:13:43.579 I/WifiHW  (  506): REPLY: flags=[WPA2-PSK-CCMP-preauth][ESS]
02-25 17:13:43.579 I/WifiHW  (  506): REPLY: ssid=Edimax AP
02-25 17:13:43.579 I/WifiHW  (  506): REPLY: ====
02-25 17:13:43.579 I/WifiHW  (  506): REPLY: id=17
02-25 17:13:43.579 I/WifiHW  (  506): REPLY: bssid=7a:24:af:1e:df:58
02-25 17:13:43.579 I/WifiHW  (  506): REPLY: freq=2412
02-25 17:13:43.579 I/WifiHW  (  506): REPLY: level=-54
02-25 17:13:43.579 I/WifiHW  (  506): REPLY: tsf=0000007464097654
02-25 17:13:43.579 I/WifiHW  (  506): REPLY: flags=[WEP]
02-25 17:13:43.579 I/WifiHW  (  506): REPLY: ssid=DIRECT-
02-25 17:13:43.579 I/WifiHW  (  506): REPLY: ====
02-25 17:13:43.579 I/WifiHW  (  506): REPLY: id=248
02-25 17:13:43.579 I/WifiHW  (  506): REPLY: bssid=7a:24:af:24:0f:48
02-25 17:13:43.579 I/WifiHW  (  506): REPLY: freq=2412
02-25 17:13:43.579 I/WifiHW  (  506): REPLY: level=-57
02-25 17:13:43.579 I/WifiHW  (  506): REPLY: tsf=0000007464097657
02-25 17:13:43.579 I/WifiHW  (  506): REPLY: flags=[WEP]
02-25 17:13:43.579 I/WifiHW  (  506): REPLY: ssid=DIRECT-
02-25 17:13:43.579 I/WifiHW  (  506): REPLY: ====
02-25 17:13:43.579 I/WifiHW  (  506): REPLY: id=256
02-25 17:13:43.579 I/WifiHW  (  506): REPLY: bssid=50:bd:5f:4b:29:92
02-25 17:13:43.579 I/WifiHW  (  506): REPLY: freq=2437
02-25 17:13:43.579 I/WifiHW  (  506): REPLY: level=-63
02-25 17:13:43.579 I/WifiHW  (  506): REPLY: tsf=0000007464097629
02-25 17:13:43.579 I/WifiHW  (  506): REPLY: flags=[ESS]
02-25 17:13:43.579 I/WifiHW  (  506): REPLY: ssid=Internet-2
02-25 17:13:43.579 I/WifiHW  (  506): REPLY: ====
02-25 17:13:43.579 I/WifiHW  (  506): REPLY: id=263
02-25 17:13:43.579 I/WifiHW  (  506): REPLY: bssid=c4:17:fe:3f:4f:fb
02-25 17:13:43.579 I/WifiHW  (  506): REPLY: freq=2437
02-25 17:13:43.579 I/WifiHW  (  506): REPLY: level=-65
02-25 17:13:43.579 I/WifiHW  (  506): REPLY: tsf=0000007464097612
02-25 17:13:43.579 I/WifiHW  (  506): REPLY: flags=[WPA2-PSK-CCMP][ESS]
02-25 17:13:43.579 I/WifiHW  (  506): REPLY: ssid=cmcm
02-25 17:13:43.579 I/WifiHW  (  506): REPLY: ====
02-25 17:13:43.579 I/WifiHW  (  506): REPLY: id=267
02-25 17:13:43.579 I/WifiHW  (  506): REPLY: bssid=02:09:4c:23:ef:0a
02-25 17:13:43.579 I/WifiHW  (  506): REPLY: freq=2412
02-25 17:13:43.579 I/WifiHW  (  506): REPLY: level=-75
02-25 17:13:43.579 I/WifiHW  (  506): REPLY: tsf=0000007464097660
02-25 17:13:43.579 I/WifiHW  (  506): REPLY: flags=[WEP]
02-25 17:13:43.579 I/WifiHW  (  506): REPLY: ssid=DIRECT-
02-25 17:13:43.579 I/WifiHW  (  506): REPLY: ====
02-25 17:13:43.579 I/WifiHW  (  506): REPLY: id=269
02-25 17:13:43.579 I/WifiHW  (  506): REPLY: bssid=00:0f:e2:0f:9f:c1
02-25 17:13:43.579 I/WifiHW  (  506): REPLY: freq=2462
02-25 17:13:43.579 I/WifiHW  (  506): REPLY: level=-77
02-25 17:13:43.579 I/WifiHW  (  506): REPLY: tsf=0000007464097665
02-25 17:13:43.579 I/WifiHW  (  506): REPLY: flags=[WPA-PSK-CCMP+TKIP][WPA2-PSK-CCMP+TKIP][ESS]
02-25 17:13:43.579 I/WifiHW  (  506): REPLY: ssid=321_WAN
02-25 17:13:43.579 I/WifiHW  (  506): REPLY: ====
02-25 17:13:43.579 I/WifiHW  (  506): REPLY: id=286
02-25 17:13:43.579 I/WifiHW  (  506): REPLY: bssid=2c:b0:5d:7f:f4:24
02-25 17:13:43.579 I/WifiHW  (  506): REPLY: freq=2412
02-25 17:13:43.579 I/WifiHW  (  506): REPLY: level=-85
02-25 17:13:43.579 I/WifiHW  (  506): REPLY: tsf=0000007464097603
02-25 17:13:43.579 I/WifiHW  (  506): REPLY: flags=[WPA2-PSK-CCMP][WPS][ESS]
02-25 17:13:43.579 I/WifiHW  (  506): REPLY: ssid=NETGEAR38
02-25 17:13:43.579 I/WifiHW  (  506): REPLY: ====
02-25 17:13:43.579 I/WifiHW  (  506): REPLY: id=290
02-25 17:13:43.579 I/WifiHW  (  506): REPLY: bssid=02:09:4c:a9:a9:11
02-25 17:13:43.579 I/WifiHW  (  506): REPLY: freq=2437
02-25 17:13:43.579 I/WifiHW  (  506): REPLY: level=-68
02-25 17:13:43.579 I/WifiHW  (  506): REPLY: tsf=0000007422878791
02-25 17:13:43.579 I/WifiHW  (  506): REPLY: flags=[WPA2-PSK-CCMP][WPS][ESS][P2P]
02-25 17:13:43.579 I/WifiHW  (  506): REPLY: ssid=DIRECT-aW-Android_e09d
02-25 17:13:43.579 I/WifiHW  (  506): REPLY: ====
02-25 17:13:43.579 I/WifiHW  (  506): REPLY: id=291
02-25 17:13:43.579 I/WifiHW  (  506): REPLY: bssid=5e:f3:70:11:dc:fa
02-25 17:13:43.579 I/WifiHW  (  506): REPLY: freq=2462
02-25 17:13:43.579 I/WifiHW  (  506): REPLY: level=-72
02-25 17:13:43.579 I/WifiHW  (  506): REPLY: tsf=0000007464097662
02-25 17:13:43.579 I/WifiHW  (  506): REPLY: flags=[WPA2-PSK-CCMP][WPS][ESS][P2P]
02-25 17:13:43.579 I/WifiHW  (  506): REPLY: ssid=DIRECT-n0-Android_48db
02-25 17:13:43.579 I/WifiHW  (  506): REPLY: ====
02-25 17:13:43.579 I/WifiHW  (  506): REPLY: id=293
02-25 17:13:43.579 I/WifiHW  (  506): REPLY: bssid=b0:48:7a:51:ff:cc
02-25 17:13:43.579 I/WifiHW  (  506): REPLY: freq=2452
02-25 17:13:43.579 I/WifiHW  (  506): REPLY: level=-69
02-25 17:13:43.579 I/WifiHW  (  506): REPLY: tsf=0000007464097642
02-25 17:13:43.579 I/WifiHW  (  506): REPLY: flags=[WPA-PSK-CCMP][WPA2-PSK-CCMP][WPS][ESS]
02-25 17:13:43.579 I/WifiHW  (  506): REPLY: ssid=Neusoft TP
02-25 17:13:43.579 I/WifiHW  (  506): REPLY: ====
02-25 17:13:43.579 I/WifiHW  (  506): REPLY: id=294
02-25 17:13:43.579 I/WifiHW  (  506): REPLY: bssid=c0:a0:bb:20:3b:84
02-25 17:13:43.579 I/WifiHW  (  506): REPLY: freq=2417
02-25 17:13:43.579 I/WifiHW  (  506): REPLY: level=-77
02-25 17:13:43.579 I/WifiHW  (  506): REPLY: tsf=0000007464097606
02-25 17:13:43.579 I/WifiHW  (  506): REPLY: flags=[WPA-PSK-CCMP+TKIP][WPA2-PSK-CCMP+TKIP][WPS][ESS]
02-25 17:13:43.579 I/WifiHW  (  506): REPLY: ssid=dlink-3B84
02-25 17:13:43.579 I/WifiHW  (  506): REPLY: ====
02-25 17:13:43.579 I/WifiHW  (  506): REPLY: id=295
02-25 17:13:43.579 I/WifiHW  (  506): REPLY: bssid=e4:d3:32:c0:cf:a4
02-25 17:13:43.579 I/WifiHW  (  506): REPLY: freq=2437
02-25 17:13:43.579 I/WifiHW  (  506): REPLY: level=-66
02-25 17:13:43.579 I/WifiHW  (  506): REPLY: tsf=0000007464097635
02-25 17:13:43.579 I/WifiHW  (  506): REPLY: flags=[WPA2-PSK-CCMP][ESS]
02-25 17:13:43.579 I/WifiHW  (  506): REPLY: ssid=fast
02-25 17:13:43.579 I/WifiHW  (  506): REPLY: ====
02-25 17:13:43.579 I/WifiHW  (  506): REPLY: id=296
02-25 17:13:43.579 I/WifiHW  (  506): REPLY: bssid=cc:b2:55:e2:84:70
02-25 17:13:43.579 I/WifiHW  (  506): REPLY: freq=2447
02-25 17:13:43.579 I/WifiHW  (  506): REPLY: level=-63
02-25 17:13:43.579 I/WifiHW  (  506): REPLY: tsf=0000007422878803
02-25 17:13:43.579 I/WifiHW  (  506): REPLY: flags=[WPA-PSK-TKIP][WPA2-PSK-TKIP][ESS]
02-25 17:13:43.579 I/WifiHW  (  506): REPLY: ssid=DLINK_APK
02-25 17:13:43.579 I/WifiHW  (  506): REPLY: ====
02-25 17:13:43.579 I/WifiHW  (  506): REPLY: id=297
02-25 17:13:43.579 I/WifiHW  (  506): REPLY: bssid=02:1a:11:f9:f0:51
02-25 17:13:43.579 I/WifiHW  (  506): REPLY: freq=2437
02-25 17:13:43.579 I/WifiHW  (  506): REPLY: level=-69
02-25 17:13:43.579 I/WifiHW  (  506): REPLY: tsf=0000007422878784
02-25 17:13:43.579 I/WifiHW  (  506): REPLY: flags=[WPA2-PSK-CCMP][ESS]
02-25 17:13:43.579 I/WifiHW  (  506): REPLY: ssid=AndroidSystem
02-25 17:13:43.579 I/WifiHW  (  506): REPLY: ====
02-25 17:13:43.579 I/WifiHW  (  506): REPLY: id=298
02-25 17:13:43.579 I/WifiHW  (  506): REPLY: bssid=22:48:9a:ac:31:5b
02-25 17:13:43.579 I/WifiHW  (  506): REPLY: freq=2437
02-25 17:13:43.579 I/WifiHW  (  506): REPLY: level=-71
02-25 17:13:43.579 I/WifiHW  (  506): REPLY: tsf=0000007422878779
02-25 17:13:43.579 I/WifiHW  (  506): REPLY: flags=[WPA2-PSK-CCMP][ESS]
02-25 17:13:43.579 I/WifiHW  (  506): REPLY: ssid=dean1
02-25 17:13:43.579 I/WifiHW  (  506): REPLY: ====
02-25 17:13:43.579 I/WifiHW  (  506): REPLY: id=299
02-25 17:13:43.579 I/WifiHW  (  506): REPLY: bssid=18:dc:56:b2:b6:3d
02-25 17:13:43.579 I/WifiHW  (  506): REPLY: freq=2437
02-25 17:13:43.579 I/WifiHW  (  506): REPLY: level=-80
02-25 17:13:43.579 I/WifiHW  (  506): REPLY: tsf=0000007464097637
02-25 17:13:43.579 I/WifiHW  (  506): REPLY: flags=[WPA2-PSK-CCMP][ESS]
02-25 17:13:43.579 I/WifiHW  (  506): REPLY: ssid=AP_7620L-B63D
02-25 17:13:43.579 I/WifiHW  (  506): REPLY: ====
02-25 17:13:43.579 I/WifiHW  (  506): REPLY: id=300
02-25 17:13:43.579 I/WifiHW  (  506): REPLY: bssid=00:25:86:5c:5e:30
02-25 17:13:43.579 I/WifiHW  (  506): REPLY: freq=2437
02-25 17:13:43.579 I/WifiHW  (  506): REPLY: level=-86
02-25 17:13:43.579 I/WifiHW  (  506): REPLY: tsf=0000007422878794
02-25 17:13:43.579 I/WifiHW  (  506): REPLY: flags=[ESS]
02-25 17:13:43.579 I/WifiHW  (  506): REPLY: ssid=internet
02-25 17:13:43.579 I/WifiHW  (  506): REPLY: ====
02-25 17:13:43.579 I/WifiHW  (  506): REPLY: id=301
02-25 17:13:43.579 I/WifiHW  (  506): REPLY: bssid=e4:d3:32:dd:18:62
02-25 17:13:43.579 I/WifiHW  (  506): REPLY: freq=2437
02-25 17:13:43.579 I/WifiHW  (  506): REPLY: level=-73
02-25 17:13:43.579 I/WifiHW  (  506): REPLY: tsf=0000007464097640
02-25 17:13:43.579 I/WifiHW  (  506): REPLY: flags=[ESS]
02-25 17:13:43.579 I/WifiHW  (  506): REPLY: ssid=Internet
02-25 17:13:43.579 I/WifiHW  (  506): REPLY: ####
02-25 17:13:52.289 I/ActivityManager(  506): Process com.tencent.mm (pid 3478) has died.
02-25 17:13:52.369 I/SecurityManagerService(  680): SMS received security event: App[STOP/com.tencent.mm]
02-25 17:13:52.389 D/        ( 4579): Pixel Format : GGL_PIXEL_FORMAT_RGBA_8888
02-25 17:13:52.499 E/rsC++   (  825): RS Message thread exiting.
02-25 17:13:54.049 I/ActivityManager(  506): Process com.baidu.searchbox:bdservice_v1 (pid 1393) has died.
02-25 17:13:54.079 D/EVENT_THREAD(  183): void CEventThread::run() POLLIN event on Fd (1)
02-25 17:13:54.079 D/EVENT_THREAD(  183): void CEventThread::run() Do poll with timeout: -1
02-25 17:13:54.079 D/EVENT_THREAD(  183): void CEventThread::run() POLLIN event on Fd (1)
02-25 17:13:54.079 D/EVENT_THREAD(  183): void CEventThread::run() Do poll with timeout: -1
02-25 17:13:54.079 I/upi_ug31xx(  166): (517) update_capacity
02-25 17:13:54.079 I/[UPI]   (  166): <UG31/E>[UpiReadCapacity]: V=3966(3960), T=323(325-385), I=-526, C=-5(-5-0)
02-25 17:13:54.079 I/[UPI]   (  166): <UG31/E>[UpiReadCapacity]: (0x0001254a) 2824 (2682) / 3822 (4027) = 74
02-25 17:13:54.079 I/[UPI]   (  166): <UG31/E>[UpiReadCapacity]: (0x0001254a) 2824 (2682) / 3822 (4027) = 74
02-25 17:13:54.079 I/[UPI]   (  166): <UG31/E>[UpiReadCapacity]: (0x0001254a) 2819 (2819) / 3822 (4027) = 74
02-25 17:13:54.079 I/[UPI]   (  166): <UG31/E>[RsocFilterCountTime]: (0x0001254a) Step=9(577250), Full=9(577250), Lock=577250(1800000)
02-25 17:13:54.079 I/[UPI]   (  166): <UG31/E>[UpiReadCapacity]: (0x0001254a) 2819 (2819) / 3822 (4027) = 74 (-526--526)
02-25 17:13:54.079 I/[UPI]   (  166): <UG31/E><BATT> M:normal, P:74(74-74)%, V:3956mV, C:-605mA, T:32.5C(385), S:0x0001254a(000), R:2819mAh, F:3822mAh, Q:-447mAh, CC:3, P:30.330(447-0)s, BO:7, 97:615:0-44af-9m:B001-20140514-144301 (16)
02-25 17:13:54.079 I/upi_ug31xx(  166): (518) backup_data 
02-25 17:13:54.079 V/upi_ug31xx(  166): state->check_backup_count = 17
02-25 17:13:54.079 I/SecurityManagerService(  680): SMS received security event: App[STOP/com.baidu.searchbox]
02-25 17:13:54.149 I/SecurityManagerService(  680): SMS received security event: App[STOP/com.asus.photoframe]
02-25 17:13:54.149 I/ActivityManager(  506): Process com.asus.photoframe (pid 2087) has died.
02-25 17:13:54.169 I/SecurityManagerService(  680): SMS received security event: App[STOP/com.android.documentsui]
02-25 17:13:54.169 I/ActivityManager(  506): Process com.android.documentsui (pid 3096) has died.
02-25 17:13:54.279 I/SecurityManagerService(  680): SMS received security event: App[STOP/com.intel.widi.uibc]
02-25 17:13:54.279 I/ActivityManager(  506): Process com.intel.widi.uibc (pid 1504) has died.
02-25 17:13:54.289 I/ServiceManager(  162): service 'media.widi.uibc' died
02-25 17:13:58.919 I/SecurityManagerService(  680): SMS received security event: App[STOP/com.android.defcontainer]
02-25 17:13:58.919 I/ActivityManager(  506): Process com.android.defcontainer (pid 2099) has died.
02-25 17:13:59.189 I/ActivityManager(  506): Process testkit.stub (pid 4506) has died.
02-25 17:13:59.209 I/SecurityManagerService(  680): SMS received security event: App[STOP/testkit.stub]
02-25 17:13:59.209 W/InputDispatcher(  506): channel '2242b698 testkit.stub/testkit.stub.TestkitStub (server)' ~ Consumer closed input channel or an error occurred.  events=0x9
02-25 17:13:59.209 E/InputDispatcher(  506): channel '2242b698 testkit.stub/testkit.stub.TestkitStub (server)' ~ Channel is unrecoverably broken and will be disposed!
02-25 17:13:59.229 I/WindowState(  506): WIN DEATH: Window{2242b698 u0 testkit.stub/testkit.stub.TestkitStub}
02-25 17:13:59.239 W/InputDispatcher(  506): Attempted to unregister already unregistered input channel '2242b698 testkit.stub/testkit.stub.TestkitStub (server)'
02-25 17:13:59.299 I/SecurityManagerService(  680): SMS received security event: App[STOP/com.asus.weathertime]
02-25 17:13:59.299 I/ActivityManager(  506): Process com.asus.weathertime:main (pid 1539) has died.
02-25 17:13:59.299 I/ActivityManager(  506): Process com.asus.sitd.whatsnext (pid 3431) has died.
02-25 17:13:59.309 I/SecurityManagerService(  680): SMS received security event: App[STOP/com.asus.sitd.whatsnext]
02-25 17:13:59.329 I/ActivityManager(  506): Process com.asus.launcher (pid 825) has died.
02-25 17:13:59.329 I/SecurityManagerService(  680): SMS received security event: App[STOP/com.asus.launcher]
02-25 17:13:59.329 I/WindowState(  506): WIN DEATH: Window{220afc20 u0 com.asus.launcher/com.android.launcher3.Launcher}
02-25 17:14:00.029 I/SecurityManagerService(  680): SMS received security event: App[START/com.asus.sitd.whatsnext]
02-25 17:14:00.059 D/dalvikvm( 5219): Process 5219 nice name: com.asus.sitd.whatsnext
02-25 17:14:00.059 D/dalvikvm( 5219): Extra Options: not specified
02-25 17:14:00.079 I/ActivityManager(  506): Start proc com.asus.sitd.whatsnext for service com.asus.sitd.whatsnext/.service.WhatsNextService: pid=5219 uid=10082 gids={50082, 3003, 1028, 1015}
02-25 17:14:00.109 D/Clock   (  567): ACTION_TIME_TICK
02-25 17:14:00.139 D/Clock   (  567): update clock:下午5:14
02-25 17:14:00.149 D/xmlCheckExt( 5219): <neon>
02-25 17:14:00.149 D/xmlCheckExt( 5219):  pkgName = air.eti.uzzu.unalis
02-25 17:14:00.149 D/xmlCheckExt( 5219): <arch>
02-25 17:14:00.149 D/xmlCheckExt( 5219):  pkgName = com.evy.guessword
02-25 17:14:00.149 D/xmlCheckExt( 5219): <arch>
02-25 17:14:00.149 D/xmlCheckExt( 5219):  pkgName = com.bpiotor.lot
02-25 17:14:00.149 D/xmlCheckExt( 5219): <arch>
02-25 17:14:00.149 D/xmlCheckExt( 5219):  pkgName = com.goodstudent.app
02-25 17:14:00.149 D/xmlCheckExt( 5219): <arch>
02-25 17:14:00.149 D/xmlCheckExt( 5219):  pkgName = com.flyfish.supermario
02-25 17:14:00.149 D/xmlCheckExt( 5219): <arch>
02-25 17:14:00.149 D/xmlCheckExt( 5219):  pkgName = excel.sgs
02-25 17:14:00.149 D/xmlCheckExt( 5219): <arch>
02-25 17:14:00.149 D/xmlCheckExt( 5219):  pkgName = com.gamevil.doz.global
02-25 17:14:00.149 D/xmlCheckExt( 5219): <arch>
02-25 17:14:00.149 D/xmlCheckExt( 5219):  pkgName = com.tblin.HandsetGuardant
02-25 17:14:00.149 D/xmlCheckExt( 5219): <arch>
02-25 17:14:00.149 D/xmlCheckExt( 5219):  pkgName = com.baoliei.lmotuolijhhe
02-25 17:14:00.149 D/xmlCheckExt( 5219): <arch>
02-25 17:14:00.149 D/xmlCheckExt( 5219):  pkgName = com.bpiotor.fingerprint
02-25 17:14:00.149 D/xmlCheckExt( 5219): <arch>
02-25 17:14:00.149 D/xmlCheckExt( 5219):  pkgName = com.philzhu.www.ddz
02-25 17:14:00.149 D/xmlCheckExt( 5219): <arch>
02-25 17:14:00.149 D/xmlCheckExt( 5219):  pkgName = hh.root
