02-25 11:04:41.229 I/WifiHW  (  506): REPLY: bssid=22:48:9a:ac:31:5b
02-25 11:04:41.229 I/WifiHW  (  506): REPLY: freq=2437
02-25 11:04:41.229 I/WifiHW  (  506): REPLY: level=-70
02-25 11:04:41.229 I/WifiHW  (  506): REPLY: tsf=0000004614165052
02-25 11:04:41.229 I/WifiHW  (  506): REPLY: flags=[WPA2-PSK-CCMP][ESS]
02-25 11:04:41.229 I/WifiHW  (  506): REPLY: ssid=dean1
02-25 11:04:41.229 I/WifiHW  (  506): REPLY: ====
02-25 11:04:41.229 I/WifiHW  (  506): REPLY: id=122
02-25 11:04:41.229 I/WifiHW  (  506): REPLY: bssid=c0:a0:bb:20:3b:84
02-25 11:04:41.229 I/WifiHW  (  506): REPLY: freq=2417
02-25 11:04:41.229 I/WifiHW  (  506): REPLY: level=-73
02-25 11:04:41.229 I/WifiHW  (  506): REPLY: tsf=0000004655411679
02-25 11:04:41.229 I/WifiHW  (  506): REPLY: flags=[WPA-PSK-CCMP+TKIP][WPA2-PSK-CCMP+TKIP][WPS][ESS]
02-25 11:04:41.229 I/WifiHW  (  506): REPLY: ssid=dlink-3B84
02-25 11:04:41.229 I/WifiHW  (  506): REPLY: ====
02-25 11:04:41.229 I/WifiHW  (  506): REPLY: id=145
02-25 11:04:41.229 I/WifiHW  (  506): REPLY: bssid=00:0f:e2:0f:9f:c1
02-25 11:04:41.229 I/WifiHW  (  506): REPLY: freq=2462
02-25 11:04:41.229 I/WifiHW  (  506): REPLY: level=-76
02-25 11:04:41.229 I/WifiHW  (  506): REPLY: tsf=0000004655411767
02-25 11:04:41.229 I/WifiHW  (  506): REPLY: flags=[WPA-PSK-CCMP+TKIP][WPA2-PSK-CCMP+TKIP][ESS]
02-25 11:04:41.229 I/WifiHW  (  506): REPLY: ssid=321_WAN
02-25 11:04:41.229 I/WifiHW  (  506): REPLY: ====
02-25 11:04:41.229 I/WifiHW  (  506): REPLY: id=148
02-25 11:04:41.229 I/WifiHW  (  506): REPLY: bssid=2c:b0:5d:7f:f4:24
02-25 11:04:41.229 I/WifiHW  (  506): REPLY: freq=2412
02-25 11:04:41.229 I/WifiHW  (  506): REPLY: level=-87
02-25 11:04:41.229 I/WifiHW  (  506): REPLY: tsf=0000004655411687
02-25 11:04:41.229 I/WifiHW  (  506): REPLY: flags=[WPA2-PSK-CCMP][WPS][ESS]
02-25 11:04:41.229 I/WifiHW  (  506): REPLY: ssid=NETGEAR38
02-25 11:04:41.229 I/WifiHW  (  506): REPLY: ====
02-25 11:04:41.229 I/WifiHW  (  506): REPLY: id=150
02-25 11:04:41.229 I/WifiHW  (  506): REPLY: bssid=02:09:4c:d9:8b:51
02-25 11:04:41.229 I/WifiHW  (  506): REPLY: freq=2412
02-25 11:04:41.229 I/WifiHW  (  506): REPLY: level=-62
02-25 11:04:41.229 I/WifiHW  (  506): REPLY: tsf=0000004614165033
02-25 11:04:41.229 I/WifiHW  (  506): REPLY: flags=[WEP]
02-25 11:04:41.229 I/WifiHW  (  506): REPLY: ssid=DIRECT-
02-25 11:04:41.229 I/WifiHW  (  506): REPLY: ####
02-25 11:04:42.049 D/PROPERTY(  186): get media.dump_input.befconv: 0
02-25 11:04:42.049 D/PROPERTY(  186): get media.dump_input.aftconv: 0
02-25 11:04:42.049 D/RouteManager(  186): stopStream: {+++ RECONSIDER ROUTING +++} due to output stream stop event
02-25 11:04:42.049 D/RouteManager(  186): reconsiderRouting
02-25 11:04:42.049 D/EVENT_THREAD(  186): void CEventThread::trig(uint16_t): in
02-25 11:04:42.049 D/EVENT_THREAD(  186): void CEventThread::trig(uint16_t): out
02-25 11:04:42.049 D/RouteManager(  186): doReconsiderRouting:       Platform State:
02-25 11:04:42.049 D/RouteManager(  186): doReconsiderRouting:          -Modem Alive = 0 
02-25 11:04:42.049 D/RouteManager(  186): doReconsiderRouting:          -Modem Call Active = 0 
02-25 11:04:42.049 D/RouteManager(  186): doReconsiderRouting:          -Is Shared I2S glitch free=1 
02-25 11:04:42.049 D/RouteManager(  186): doReconsiderRouting:          -Android Telephony Mode = InVoipCall 
02-25 11:04:42.049 D/RouteManager(  186): doReconsiderRouting:          -RTE MGR HW Mode = InVoipCall 
02-25 11:04:42.049 D/RouteManager(  186): doReconsiderRouting:          -BT Enabled = 1 
02-25 11:04:42.049 D/RouteManager(  186): doReconsiderRouting:          -BT NREC = 0 
02-25 11:04:42.049 D/RouteManager(  186): doReconsiderRouting:          -BT Band = NB 
02-25 11:04:42.049 D/RouteManager(  186): doReconsiderRouting:          -Platform output device = IHF 
02-25 11:04:42.049 D/RouteManager(  186): doReconsiderRouting:          -Platform input device = Main 
02-25 11:04:42.049 D/RouteManager(  186): doReconsiderRouting:          -Platform input source = VoiceCommunication 
02-25 11:04:42.049 D/RouteManager(  186): doReconsiderRouting:          -Platform Band type = WB 
02-25 11:04:42.049 D/RouteManager(  186): doReconsiderRouting:          -Platform Has Direct Stream = no 
02-25 11:04:42.049 D/RouteManager(  186): doReconsiderRouting:          -Platform TTY direction = <none> 
02-25 11:04:42.049 D/RouteManager(  186): doReconsiderRouting:          -Platform HAC Mode = Off 
02-25 11:04:42.049 D/RouteManager(  186): doReconsiderRouting:          -Platform Screen State = On 
02-25 11:04:42.049 D/RouteManager(  186): doReconsiderRouting:          -Platform Context Awareness = false 
02-25 11:04:42.049 D/RouteManager(  186): doReconsiderRouting:          -Platform Always Listening = false 
02-25 11:04:42.049 D/RouteManager(  186): doReconsiderRouting:          -Platform FM State = Off 
02-25 11:04:42.049 D/RouteManager(  186): doReconsiderRouting:          -Platform Bypass Non Linear PP State = Off 
02-25 11:04:42.049 D/RouteManager(  186): doReconsiderRouting:          -Platform Bypass Linear PP State = Off 
02-25 11:04:42.049 D/RouteManager(  186): doReconsiderRouting:          -Platform MicMute = Off 
02-25 11:04:42.049 D/RouteManager(  186): doReconsiderRouting:      Route state:
02-25 11:04:42.049 D/RouteManager(  186): doReconsiderRouting:          -Previously Enabled Route in Input = Media|HwCodecMedia
02-25 11:04:42.049 D/RouteManager(  186): doReconsiderRouting:          -Previously Enabled Route in Output = <none>
02-25 11:04:42.049 D/RouteManager(  186): doReconsiderRouting:          -Selected Route in Input = <none>
02-25 11:04:42.049 D/RouteManager(  186): doReconsiderRouting:          -Selected Route in Output = <none>
02-25 11:04:42.049 D/RouteManager(  186): doReconsiderRouting:          -Route that need reconfiguration in Input = <none>
02-25 11:04:42.049 D/RouteManager(  186): doReconsiderRouting:          -Route that need reconfiguration in Output = <none>
02-25 11:04:42.049 D/RouteManager(  186): executeMuteStage: --------------- Routing Stage = Mute ---------------
02-25 11:04:42.049 D/RouteManager(  186): parameter-framework: Selection criterion changed event: Criterion name: RoutageState, current state: Flow
02-25 11:04:42.049 D/RouteManager(  186): muteRoutes: Expected Routes to be muted in Input = Media|HwCodecMedia
02-25 11:04:42.049 D/RouteManager(  186): parameter-framework: Selection criterion changed event: Criterion name: ClosingCaptureRoutes, current state: Media|HwCodecMedia
02-25 11:04:42.049 D/RouteManager(  186): parameter-framework: Selection criterion changed event: Criterion name: OpenedCaptureRoutes, current state: <none>
02-25 11:04:42.049 D/RouteManager(  186): parameter-framework: Configuration application request {
02-25 11:04:42.049 D/RouteManager(  186): parameter-framework:     Applying configurations {
02-25 11:04:42.049 D/RouteManager(  186): parameter-framework:         Applying configuration "Mute" from domain "Routing.Mute.HWCodec.Capture"
02-25 11:04:42.049 W/BindingManager(12033): Cannot call determinedVisibility() - never saw a connection for the pid: 12033
02-25 11:04:42.059 D/RouteManager(  186): parameter-framework:     } Applying configurations
02-25 11:04:42.059 D/RouteManager(  186): parameter-framework: } Configuration application request
02-25 11:04:42.059 D/RouteManager(  186): executeDisableStage: --------------- Routing Stage = Disable ---------------
02-25 11:04:42.059 D/RouteManager(  186): parameter-framework: Selection criterion changed event: Criterion name: RoutageState, current state: Path
02-25 11:04:42.059 D/RouteManager(  186): prepareDisableRoutes: Routes to be disabled(unrouted) in Input = Media|HwCodecMedia
02-25 11:04:42.059 D/AudioStreamInALSA(  186): checkAndRemoveAudioEffects list contains 0 effects
02-25 11:04:42.059 D/ALSAStreamOps(  186): detachRouteL input stream
02-25 11:04:42.059 D/RouteManager/StreamRoute(  186): closePcmDevice called for card (baytrailaudio,0)
02-25 11:04:42.079 D/RouteManager(  186): parameter-framework: Configuration application request {
02-25 11:04:42.079 D/RouteManager(  186): parameter-framework:     Applying configurations {
02-25 11:04:42.079 D/RouteManager(  186): parameter-framework:     } Applying configurations
02-25 11:04:42.079 D/RouteManager(  186): parameter-framework: } Configuration application request
02-25 11:04:42.079 D/RouteManager(  186): executeConfigureStage: --------------- Routing Stage = Configure ---------------
02-25 11:04:42.079 D/RouteManager(  186): parameter-framework: Selection criterion changed event: Criterion name: RoutageState, current state: Configure
02-25 11:04:42.079 D/RouteManager(  186): parameter-framework: Selection criterion changed event: Criterion name: ClosingCaptureRoutes, current state: <none>
02-25 11:04:42.079 D/RouteManager(  186): parameter-framework: Configuration application request {
02-25 11:04:42.079 D/RouteManager(  186): parameter-framework:     Applying configurations {
02-25 11:04:42.079 D/RouteManager(  186): parameter-framework:         Applying configuration "Disable" from domain "Routing.Configure.HwCodec.Capture.AllMics"
02-25 11:04:42.079 D/RouteManager(  186): parameter-framework:     } Applying configurations
02-25 11:04:42.079 D/RouteManager(  186): parameter-framework: } Configuration application request
02-25 11:04:42.079 D/RouteManager(  186): executeEnableStage: --------------- Routing Stage = Enable ---------------
02-25 11:04:42.079 D/RouteManager(  186): parameter-framework: Selection criterion changed event: Criterion name: RoutageState, current state: Path|Configure
02-25 11:04:42.079 D/RouteManager(  186): parameter-framework: Configuration application request {
02-25 11:04:42.079 D/RouteManager(  186): parameter-framework:     Applying configurations {
02-25 11:04:42.079 D/RouteManager(  186): parameter-framework:     } Applying configurations
02-25 11:04:42.079 D/RouteManager(  186): parameter-framework: } Configuration application request
02-25 11:04:42.079 D/RouteManager(  186): executeUnmuteStage: --------------- Routing Stage = Unmute ---------------
02-25 11:04:42.079 D/RouteManager(  186): parameter-framework: Selection criterion changed event: Criterion name: RoutageState, current state: Flow|Path|Configure
02-25 11:04:42.079 D/RouteManager(  186): parameter-framework: Configuration application request {
02-25 11:04:42.079 D/RouteManager(  186): parameter-framework:     Applying configurations {
02-25 11:04:42.079 D/RouteManager(  186): parameter-framework:     } Applying configurations
02-25 11:04:42.079 D/RouteManager(  186): parameter-framework: } Configuration application request
02-25 11:04:42.079 D/EVENT_THREAD(  186): void CEventThread::run() Do poll with timeout: -1
02-25 11:04:42.079 D/RouteManager(  186): reconsiderRouting: DONE
02-25 11:04:42.079 D/AudioStreamInALSA(  186): setParameters in.
02-25 11:04:42.079 D/AudioHardwareALSA(  186): setStreamParameters: key value pair routing=0
02-25 11:04:42.079 D/RouteManager(  186): setDevices: 0x0
02-25 11:04:42.079 D/RouteManager(  186): setDevices: 0x0
02-25 11:04:42.079 D/RouteManager(  186): setDevices: set device = <none> to input stream
02-25 11:04:42.079 D/RouteManager(  186): setInputSourceMask: inputSource = None
02-25 11:04:42.079 D/RouteManager(  186): setStreamParameters: {+++ RECONSIDER ROUTING +++} due to input stream parameter change
02-25 11:04:42.079 D/RouteManager(  186): reconsiderRouting
02-25 11:04:42.079 D/EVENT_THREAD(  186): void CEventThread::trig(uint16_t): in
02-25 11:04:42.079 D/EVENT_THREAD(  186): void CEventThread::trig(uint16_t): out
02-25 11:04:42.079 D/RouteManager(  186): doReconsiderRouting:       Platform Changes:
02-25 11:04:42.079 D/RouteManager(  186): doReconsiderRouting:          -Platform input device = <none> [has changed]
02-25 11:04:42.079 D/RouteManager(  186): doReconsiderRouting:          -Platform input source = None [has changed]
02-25 11:04:42.079 D/EVENT_THREAD(  186): void CEventThread::run() Do poll with timeout: -1
02-25 11:04:42.079 D/RouteManager(  186): reconsiderRouting: DONE
02-25 11:04:42.089 D/AudioPolicyManagerALSA(  186): releaseInput(input 110) mInputs.size() = 0
02-25 11:04:42.089 D/AudioHardwareInterface(  186): setMode(NORMAL)
02-25 11:04:42.099 D/AudioHardwareALSA(  186): setStreamParameters: key value pair routing=2;stream_flags=2
02-25 11:04:42.099 D/RouteManager(  186): setOutputFlags: output flags = 0x2 (Prev Flags=0x2)
02-25 11:04:42.099 D/RouteManager(  186): setDevices: 0x2
02-25 11:04:42.099 D/RouteManager(  186): setDevices: 0x2
02-25 11:04:42.099 D/RouteManager(  186): setDevices: set device = IHF to output stream
02-25 11:04:42.099 D/RouteManager(  186): setStreamParameters: {+++ RECONSIDER ROUTING +++} due to output stream parameter change
02-25 11:04:42.099 D/RouteManager(  186): reconsiderRouting
02-25 11:04:42.099 D/EVENT_THREAD(  186): void CEventThread::trig(uint16_t): in
02-25 11:04:42.099 D/EVENT_THREAD(  186): void CEventThread::trig(uint16_t): out
02-25 11:04:42.099 D/RouteManager(  186): doReconsiderRouting:       Platform Changes:
02-25 11:04:42.099 D/RouteManager(  186): doReconsiderRouting:          -Android Telephony Mode = Normal [has changed]
02-25 11:04:42.099 D/RouteManager(  186): doReconsiderRouting:          -RTE MGR HW Mode = Normal [has changed]
02-25 11:04:42.099 D/EVENT_THREAD(  186): void CEventThread::run() Do poll with timeout: -1
02-25 11:04:42.099 D/RouteManager(  186): reconsiderRouting: DONE
02-25 11:04:44.449 D/EVENT_THREAD(  186): void CEventThread::run() POLLIN event on Fd (1)
02-25 11:04:44.449 D/EVENT_THREAD(  186): void CEventThread::run() Do poll with timeout: -1
02-25 11:04:44.449 D/EVENT_THREAD(  186): void CEventThread::run() POLLIN event on Fd (1)
02-25 11:04:44.449 D/EVENT_THREAD(  186): void CEventThread::run() Do poll with timeout: -1
02-25 11:04:44.449 I/upi_ug31xx(  166): (528) update_capacity
02-25 11:04:44.449 I/[UPI]   (  166): <UG31/E>[UpiReadCapacity]: V=4235(4235), T=315(315-374), I=-315, C=-3(-3-0)
02-25 11:04:44.449 I/[UPI]   (  166): <UG31/E>[UpiReadCapacity]: (0x0080095a) 3907 (3852) / 3926 (4026) = 100
02-25 11:04:44.449 I/[UPI]   (  166): <UG31/E>[UpiReadCapacity]: (0x0080095a) 3907 (3852) / 3926 (4026) = 100
02-25 11:04:44.449 I/[UPI]   (  166): <UG31/E>[UpiReadCapacity]: (0x0080095a) 3904 (3904) / 3926 (4026) = 99
02-25 11:04:44.449 I/[UPI]   (  166): <UG31/E>[RsocFilterCountTime]: (0x0080095a) Step=0(30410), Full=38(4628114), Lock=30410(1800000)
02-25 11:04:44.449 I/[UPI]   (  166): <UG31/E>[UpiReadCapacity]: (0x0080095a) 3907 (3904) / 3926 (4026) = 100 (-315--315)
02-25 11:04:44.449 I/[UPI]   (  166): <UG31/E><BATT> M:normal, P:100(100-99)%, V:4235mV, C:-293mA, T:31.5C(374), S:0x0080095a(100), R:3907mAh, F:3926mAh, Q:-138mAh, CC:3, P:30.410(136-0)s, BO:7, 97:615:0-44af-9m:B001-20140514-144301 (1)
02-25 11:04:44.449 I/upi_ug31xx(  166): (529) backup_data 
02-25 11:04:44.449 V/upi_ug31xx(  166): state->check_backup_count = 21
02-25 11:04:44.449 I/[UPI]   (  166): <UG31/E>[upi_lib_backup_data]: Driver backup data not ready.
02-25 11:04:45.229 F/libc    (12033): Fatal signal 11 (SIGSEGV) at 0x00000008 (code=1), thread 12090 (Chrome_libJingl)
02-25 11:04:45.299 I/DEBUG   (  170): *** *** *** *** *** *** *** *** *** *** *** *** *** *** *** ***
02-25 11:04:45.299 I/DEBUG   (  170): Build fingerprint: 'asus/CN_K011/K011:4.4.2/KOT49H/CN_user_3.0.23.150_20140626:user/release-keys'
02-25 11:04:45.299 I/DEBUG   (  170): Revision: '0'
02-25 11:04:45.299 I/DEBUG   (  170): pid: 12033, tid: 12090, name: Chrome_libJingl  >>> org.xwalk.webapi_noneservice_tests <<<
02-25 11:04:45.299 I/DEBUG   (  170): signal 11 (SIGSEGV), code 1 (SEGV_MAPERR), fault addr 00000008
02-25 11:04:45.939 I/DEBUG   (  170):     eax 6e125398  ebx 65490a78  ecx 653e8ce0  edx 00000000
02-25 11:04:45.939 I/DEBUG   (  170):     esi 6e71d4e0  edi 6e71d4e4
02-25 11:04:45.939 I/DEBUG   (  170):     xcs 00000073  xds 0000007b  xes 0000007b  xfs 00000000  xss 0000007b
02-25 11:04:45.939 I/DEBUG   (  170):     eip 64c2a6b9  ebp 6bd4fc14  esp 6c7fd820  flags 00210216
02-25 11:04:45.939 I/DEBUG   (  170): 
02-25 11:04:45.939 I/DEBUG   (  170): backtrace:
02-25 11:04:45.939 I/DEBUG   (  170):     #00  pc 01fde6b9  /data/app-lib/org.xwalk.webapi_noneservice_tests-1/libxwalkcore.so
02-25 11:04:45.939 I/DEBUG   (  170):     #01  pc 00007397  [anon:libc_malloc]
02-25 11:04:45.939 I/DEBUG   (  170): 
02-25 11:04:45.939 I/DEBUG   (  170): stack:
02-25 11:04:45.939 I/DEBUG   (  170):          6c7fd7e0  6a0b1a10  [anon:libc_malloc]
02-25 11:04:45.939 I/DEBUG   (  170):          6c7fd7e4  6c7fd828  [stack:12090]
02-25 11:04:45.939 I/DEBUG   (  170):          6c7fd7e8  64c5ce97  /data/app-lib/org.xwalk.webapi_noneservice_tests-1/libxwalkcore.so
02-25 11:04:45.939 I/DEBUG   (  170):          6c7fd7ec  65490a78  /data/app-lib/org.xwalk.webapi_noneservice_tests-1/libxwalkcore.so
02-25 11:04:45.939 I/DEBUG   (  170):          6c7fd7f0  6c7fd858  [stack:12090]
02-25 11:04:45.939 I/DEBUG   (  170):          6c7fd7f4  62e17a82  /data/app-lib/org.xwalk.webapi_noneservice_tests-1/libxwalkcore.so
02-25 11:04:45.939 I/DEBUG   (  170):          6c7fd7f8  65490a78  /data/app-lib/org.xwalk.webapi_noneservice_tests-1/libxwalkcore.so
02-25 11:04:45.939 I/DEBUG   (  170):          6c7fd7fc  64c5d1b7  /data/app-lib/org.xwalk.webapi_noneservice_tests-1/libxwalkcore.so
02-25 11:04:45.939 I/DEBUG   (  170):          6c7fd800  6c7fd828  [stack:12090]
02-25 11:04:45.939 I/DEBUG   (  170):          6c7fd804  6e12f2d0  [anon:libc_malloc]
02-25 11:04:45.939 I/DEBUG   (  170):          6c7fd808  6528e2e7  /data/app-lib/org.xwalk.webapi_noneservice_tests-1/libxwalkcore.so
02-25 11:04:45.939 I/DEBUG   (  170):          6c7fd80c  65490a78  /data/app-lib/org.xwalk.webapi_noneservice_tests-1/libxwalkcore.so
02-25 11:04:45.939 I/DEBUG   (  170):          6c7fd810  6e0a4b00  [anon:libc_malloc]
02-25 11:04:45.939 I/DEBUG   (  170):          6c7fd814  00000000  
02-25 11:04:45.939 I/DEBUG   (  170):          6c7fd818  0000010d  
02-25 11:04:45.939 I/DEBUG   (  170):          6c7fd81c  00000000  
02-25 11:04:45.939 I/DEBUG   (  170):     #00  6c7fd820  6e125398  [anon:libc_malloc]
02-25 11:04:45.939 I/DEBUG   (  170):          6c7fd824  00000001  
02-25 11:04:45.939 I/DEBUG   (  170):          6c7fd828  6a0b1c78  [anon:libc_malloc]
02-25 11:04:45.939 I/DEBUG   (  170):          6c7fd82c  36765049  
02-25 11:04:45.939 I/DEBUG   (  170):          6c7fd830  6a0b3c00  [anon:libc_malloc]
02-25 11:04:45.949 I/DEBUG   (  170):          6c7fd834  000000d9  
02-25 11:04:45.949 I/DEBUG   (  170):          6c7fd838  6e71d4e4  [anon:libc_malloc]
02-25 11:04:45.949 I/DEBUG   (  170):          6c7fd83c  6a0b1a10  [anon:libc_malloc]
02-25 11:04:45.949 I/DEBUG   (  170):          6c7fd840  6a0b76ad  [anon:libc_malloc]
02-25 11:04:45.949 I/DEBUG   (  170):          6c7fd844  6a08b2a0  [anon:libc_malloc]
02-25 11:04:45.949 I/DEBUG   (  170):          6c7fd848  6bd4fc14  [anon:libc_malloc]
02-25 11:04:45.949 I/DEBUG   (  170):          6c7fd84c  62e9d80a  /data/app-lib/org.xwalk.webapi_noneservice_tests-1/libxwalkcore.so
02-25 11:04:45.949 I/DEBUG   (  170):          6c7fd850  6a0b76ac  [anon:libc_malloc]
02-25 11:04:45.949 I/DEBUG   (  170):          6c7fd854  6a0b7310  [anon:libc_malloc]
02-25 11:04:45.949 I/DEBUG   (  170):          6c7fd858  64c2a679  /data/app-lib/org.xwalk.webapi_noneservice_tests-1/libxwalkcore.so
02-25 11:04:45.949 I/DEBUG   (  170):          6c7fd85c  65490a78  /data/app-lib/org.xwalk.webapi_noneservice_tests-1/libxwalkcore.so
02-25 11:04:46.119 I/BootReceiver(  506): Copying /data/tombstones/tombstone_03 to DropBox (SYSTEM_TOMBSTONE)
02-25 11:04:46.119 W/ActivityManager(  506):   Force finishing activity org.xwalk.webapi_noneservice_tests/.webapi_noneservice_tests
02-25 11:04:46.129 W/ufoGralloc(  171): registerBuffer() handle 0xb94b4a10/58 didn't require registration
02-25 11:04:46.169 I/dalvikvm(  506): Jit: resizing JitTable from 8192 to 16384
02-25 11:04:46.189 I/ActivityManager(  506): Process org.xwalk.webapi_noneservice_tests (pid 12033) has died.
02-25 11:04:46.189 I/SecurityManagerService(  602): SMS received security event: App[STOP/org.xwalk.webapi_noneservice_tests]
02-25 11:04:46.189 D/WindowManager(  506): adjustConfigurationLw, config:{1.0 ?mcc?mnc ?locale ?layoutDir sw600dp w600dp h888dp 213dpi lrg port ?uimode ?night finger -keyb/v/h -nav/v} mLidState:1 mHasDockFeature:false mHasKeyboardFeature:false mHasHallSensorFeature:true config.hardKeyboardHidden:2
02-25 11:04:46.189 I/WindowState(  506): WIN DEATH: Window{220489d0 u0 org.xwalk.webapi_noneservice_tests/org.xwalk.webapi_noneservice_tests.webapi_noneservice_tests}
02-25 11:04:46.189 I/ActivityManager(  506): [TopPkgCurBat]	NowPkgName[com.asus.launcher]	Battery[100]	TimeTick[1424833486203]	OldPkgName[org.xwalk.webapi_noneservice_tests]
02-25 11:04:46.219 D/Zygote  (  172): Process 12033 terminated by signal (11)
02-25 11:04:46.249 D/        (  702): Pixel Format : GGL_PIXEL_FORMAT_RGBA_8888
02-25 11:04:46.249 V/WeatherTimeProvider( 1537): widget on Visibility Changed
02-25 11:04:46.279 D/ImageWallpaper(  571): onVisibilityChanged: mVisible, visible=false, true
02-25 11:04:46.279 D/ImageWallpaper(  571): Visibility changed to visible=true
02-25 11:04:46.279 D/BatteryStatsImpl(  506): noteStopWakeLocked system isFromForeground = false
02-25 11:04:46.279 D/ImageWallpaper(  571): Suppressed drawFrame since redraw is not needed and offsets have not changed.
02-25 11:04:46.299 W/SurfaceFlinger(  171): couldn't log to binary event log: overflow.
02-25 11:04:56.789 D/EVENT_THREAD(  186): void CEventThread::run() POLLIN event on Fd (1)
02-25 11:04:56.789 D/EVENT_THREAD(  186): void CEventThread::run() Do poll with timeout: -1
02-25 11:04:59.999 D/Clock   (  571): ACTION_TIME_TICK
02-25 11:05:00.009 D/Clock   (  571): update clock:11:05
02-25 11:05:00.049 D/BatteryStatsImpl(  506): noteStopWakeLocked system isFromForeground = false
02-25 11:05:14.929 D/EVENT_THREAD(  186): void CEventThread::run() POLLIN event on Fd (1)
02-25 11:05:14.929 D/EVENT_THREAD(  186): void CEventThread::run() Do poll with timeout: -1
02-25 11:05:14.929 I/upi_ug31xx(  166): (530) update_capacity
02-25 11:05:14.929 I/[UPI]   (  166): <UG31/E>[UpiReadCapacity]: V=4235(4235), T=315(315-375), I=-114, C=-1(-1-0)
02-25 11:05:14.929 I/[UPI]   (  166): <UG31/E>[UpiReadCapacity]: (0x0080095a) 3907 (3851) / 3926 (4026) = 100
02-25 11:05:14.929 I/[UPI]   (  166): <UG31/E>[UpiReadCapacity]: (0x0080095a) 3907 (3851) / 3926 (4026) = 100
02-25 11:05:14.929 I/[UPI]   (  166): <UG31/E>[UpiReadCapacity]: (0x0080095a) 3906 (3906) / 3926 (4026) = 99
02-25 11:05:14.929 I/[UPI]   (  166): <UG31/E>[RsocFilterCountTime]: (0x0080095a) Step=0(30480), Full=38(4658594), Lock=30480(2493473)
02-25 11:05:14.929 I/[UPI]   (  166): <UG31/E>[UpiReadCapacity]: (0x0080095a) 3907 (3906) / 3926 (4026) = 100 (-114--114)
02-25 11:05:14.929 I/[UPI]   (  166): <UG31/E><BATT> M:normal, P:100(100-99)%, V:4235mV, C:-74mA, T:31.5C(375), S:0x0080095a(100), R:3907mAh, F:3926mAh, Q:-139mAh, CC:3, P:30.480(137-0)s, BO:7, 97:615:0-44af-9m:B001-20140514-144301 (1)
02-25 11:05:14.979 D/EVENT_THREAD(  186): void CEventThread::run() POLLIN event on Fd (1)
02-25 11:05:14.979 D/EVENT_THREAD(  186): void CEventThread::run() Do poll with timeout: -1
02-25 11:05:14.979 I/upi_ug31xx(  166): (531) backup_data 
02-25 11:05:14.979 V/upi_ug31xx(  166): state->check_backup_count = 21
02-25 11:05:21.219 D/wpa_supplicant(  694): wlan0: Starting AP scan for wildcard SSID
02-25 11:05:21.219 D/wpa_supplicant(  694): WPS: Building WPS IE for Probe Request
02-25 11:05:21.219 D/wpa_supplicant(  694): WPS:  * Version (hardcoded 0x10)
02-25 11:05:21.219 D/wpa_supplicant(  694): WPS:  * Request Type
02-25 11:05:21.219 D/wpa_supplicant(  694): WPS:  * Config Methods (4288)
02-25 11:05:21.219 D/wpa_supplicant(  694): WPS:  * UUID-E
02-25 11:05:21.219 D/wpa_supplicant(  694): WPS:  * Primary Device Type
02-25 11:05:21.219 D/wpa_supplicant(  694): WPS:  * RF Bands (1)
02-25 11:05:21.219 D/wpa_supplicant(  694): WPS:  * Association State
02-25 11:05:21.219 D/wpa_supplicant(  694): WPS:  * Configuration Error (0)
02-25 11:05:21.219 D/wpa_supplicant(  694): WPS:  * Device Password ID (0)
02-25 11:05:21.219 D/wpa_supplicant(  694): WPS:  * Manufacturer
02-25 11:05:21.219 D/wpa_supplicant(  694): WPS:  * Model Name
02-25 11:05:21.219 D/wpa_supplicant(  694): WPS:  * Model Number
02-25 11:05:21.219 D/wpa_supplicant(  694): WPS:  * Device Name
02-25 11:05:21.219 D/wpa_supplicant(  694): WPS:  * Version2 (0x20)
02-25 11:05:21.219 D/wpa_supplicant(  694): P2P: * P2P IE header
02-25 11:05:21.219 D/wpa_supplicant(  694): P2P: * Capability dev=25 group=00
02-25 11:05:21.219 D/wpa_supplicant(  694): P2P: * Listen Channel: Regulatory Class 81 Channel 6
02-25 11:05:21.219 D/wpa_supplicant(  694): wlan0: nl80211: scan request
02-25 11:05:21.319 D/wpa_supplicant(  694): Scan requested (ret=0) - scan timeout 30 seconds
02-25 11:05:21.319 D/wpa_supplicant(  694): nl80211: Drv Event 33 (NL80211_CMD_TRIGGER_SCAN) received for wlan0
02-25 11:05:21.319 D/wpa_supplicant(  694): wlan0: nl80211: Scan trigger
02-25 11:05:22.439 D/wpa_supplicant(  694): RTM_NEWLINK: operstate=0 ifi_flags=0x11003 ([UP][LOWER_UP])
02-25 11:05:22.439 D/wpa_supplicant(  694): RTM_NEWLINK, IFLA_IFNAME: Interface 'wlan0' added
02-25 11:05:22.439 D/wpa_supplicant(  694): nl80211: if_removed already cleared - ignore event
02-25 11:05:22.439 D/wpa_supplicant(  694): nl80211: Drv Event 34 (NL80211_CMD_NEW_SCAN_RESULTS) received for wlan0
02-25 11:05:22.439 D/wpa_supplicant(  694): wlan0: nl80211: New scan results available
02-25 11:05:22.439 D/wpa_supplicant(  694): wlan0: Event SCAN_RESULTS (3) received
02-25 11:05:22.439 D/wpa_supplicant(  694): nl80211: Received scan results (18 BSSes)
02-25 11:05:22.439 D/wpa_supplicant(  694): nl80211: Survey data missing
02-25 11:05:22.439 D/wpa_supplicant(  694): wlan0: BSS: Start scan result update 115
02-25 11:05:22.439 D/wpa_supplicant(  694): wlan0: BSS: Add new id 151 BSSID cc:b2:55:e2:84:70 SSID 'DLINK_APK'
02-25 11:05:22.439 D/wpa_supplicant(  694): CTRL_IFACE monitor send - hexdump(len=39): 2f 64 61 74 61 2f 6d 69 73 63 2f 77 69 66 69 2f 73 6f 63 6b 65 74 73 2f 77 70 61 5f 63 74 72 6c ...
02-25 11:05:22.439 D/wpa_supplicant(  694): wlan0: BSS: Add new id 152 BSSID e4:d3:32:c0:cf:a4 SSID 'fast'
02-25 11:05:22.439 D/wpa_supplicant(  694): CTRL_IFACE monitor send - hexdump(len=39): 2f 64 61 74 61 2f 6d 69 73 63 2f 77 69 66 69 2f 73 6f 63 6b 65 74 73 2f 77 70 61 5f 63 74 72 6c ...
02-25 11:05:22.439 D/wpa_supplicant(  694): wlan0: BSS: Add new id 153 BSSID 02:09:4c:95:ac:84 SSID 'DIRECT-'
02-25 11:05:22.439 D/wpa_supplicant(  694): CTRL_IFACE monitor send - hexdump(len=39): 2f 64 61 74 61 2f 6d 69 73 63 2f 77 69 66 69 2f 73 6f 63 6b 65 74 73 2f 77 70 61 5f 63 74 72 6c ...
02-25 11:05:22.439 D/wpa_supplicant(  694): wlan0: BSS: Add new id 154 BSSID e4:d3:32:dd:18:62 SSID 'Internet'
02-25 11:05:22.439 D/wpa_supplicant(  694): CTRL_IFACE monitor send - hexdump(len=39): 2f 64 61 74 61 2f 6d 69 73 63 2f 77 69 66 69 2f 73 6f 63 6b 65 74 73 2f 77 70 61 5f 63 74 72 6c ...
02-25 11:05:22.439 D/wpa_supplicant(  694): wlan0: BSS: Remove id 96 BSSID 22:48:9a:ac:31:5b SSID 'dean1' due to no match in scan
02-25 11:05:22.439 D/wpa_supplicant(  694): CTRL_IFACE monitor send - hexdump(len=39): 2f 64 61 74 61 2f 6d 69 73 63 2f 77 69 66 69 2f 73 6f 63 6b 65 74 73 2f 77 70 61 5f 63 74 72 6c ...
02-25 11:05:22.439 I/WifiHW  (  506): EVENT: IFNAME=wlan0 CTRL-EVENT-BSS-ADDED 151 cc:b2:55:e2:84:70
02-25 11:05:22.439 I/WifiHW  (  506): EVENT: IFNAME=wlan0 CTRL-EVENT-BSS-ADDED 152 e4:d3:32:c0:cf:a4
02-25 11:05:22.439 I/WifiHW  (  506): EVENT: IFNAME=wlan0 CTRL-EVENT-BSS-ADDED 153 02:09:4c:95:ac:84
02-25 11:05:22.439 I/WifiHW  (  506): EVENT: IFNAME=wlan0 CTRL-EVENT-BSS-ADDED 154 e4:d3:32:dd:18:62
02-25 11:05:22.439 D/wpa_supplicant(  694): wlan0: BSS: Remove id 150 BSSID 02:09:4c:d9:8b:51 SSID 'DIRECT-' due to no match in scan
02-25 11:05:22.439 D/wpa_supplicant(  694): CTRL_IFACE monitor send - hexdump(len=39): 2f 64 61 74 61 2f 6d 69 73 63 2f 77 69 66 69 2f 73 6f 63 6b 65 74 73 2f 77 70 61 5f 63 74 72 6c ...
02-25 11:05:22.439 D/wpa_supplicant(  694): BSS: last_scan_res_used=18/32 last_scan_full=0
02-25 11:05:22.439 D/wpa_supplicant(  694): wlan0: New scan results available
02-25 11:05:22.439 D/wpa_supplicant(  694): CTRL_IFACE monitor send - hexdump(len=39): 2f 64 61 74 61 2f 6d 69 73 63 2f 77 69 66 69 2f 73 6f 63 6b 65 74 73 2f 77 70 61 5f 63 74 72 6c ...
02-25 11:05:22.439 D/wpa_supplicant(  694): CTRL_IFACE monitor send - hexdump(len=39): 2f 64 61 74 61 2f 6d 69 73 63 2f 77 69 66 69 2f 73 6f 63 6b 65 74 73 2f 77 70 61 5f 63 74 72 6c ...
02-25 11:05:22.439 D/wpa_supplicant(  694): Authorize channel 1
02-25 11:05:22.439 D/wpa_supplicant(  694): Authorize channel 2
02-25 11:05:22.439 D/wpa_supplicant(  694): Authorize channel 3
02-25 11:05:22.439 D/wpa_supplicant(  694): Authorize channel 4
02-25 11:05:22.439 D/wpa_supplicant(  694): Authorize channel 5
02-25 11:05:22.439 D/wpa_supplicant(  694): Authorize channel 6
02-25 11:05:22.439 D/wpa_supplicant(  694): Authorize channel 7
02-25 11:05:22.439 D/wpa_supplicant(  694): Authorize channel 8
02-25 11:05:22.439 D/wpa_supplicant(  694): Authorize channel 9
02-25 11:05:22.439 D/wpa_supplicant(  694): Authorize channel 10
02-25 11:05:22.439 D/wpa_supplicant(  694): Authorize channel 11
02-25 11:05:22.439 D/wpa_supplicant(  694): Authorize channel 12
02-25 11:05:22.439 D/wpa_supplicant(  694): Authorize channel 13
02-25 11:05:22.439 D/wpa_supplicant(  694): Authorize channel 1
02-25 11:05:22.439 D/wpa_supplicant(  694): Authorize channel 2
02-25 11:05:22.439 D/wpa_supplicant(  694): Authorize channel 3
02-25 11:05:22.439 D/wpa_supplicant(  694): Authorize channel 4
02-25 11:05:22.439 D/wpa_supplicant(  694): Authorize channel 5
02-25 11:05:22.439 D/wpa_supplicant(  694): Authorize channel 6
02-25 11:05:22.439 D/wpa_supplicant(  694): Authorize channel 7
02-25 11:05:22.439 I/WifiHW  (  506): EVENT: IFNAME=wlan0 CTRL-EVENT-BSS-REMOVED 96 22:48:9a:ac:31:5b
02-25 11:05:22.439 I/WifiHW  (  506): EVENT: IFNAME=wlan0 CTRL-EVENT-BSS-REMOVED 150 02:09:4c:d9:8b:51
02-25 11:05:22.439 I/WifiHW  (  506): EVENT: IFNAME=wlan0 CTRL-EVENT-SCAN-RESULTS 
02-25 11:05:22.439 D/wpa_supplicant(  694): Authorize channel 8
02-25 11:05:22.439 I/WifiHW  (  506): EVENT: IFNAME=wlan0 WPS-AP-AVAILABLE 
02-25 11:05:22.439 I/WifiHW  (  506): CMD: IFNAME=wlan0 BSS RANGE=0- MASK=0x21987
02-25 11:05:22.439 D/wpa_supplicant(  694): Authorize channel 9
02-25 11:05:22.439 D/wpa_supplicant(  694): Authorize channel 10
02-25 11:05:22.439 D/wpa_supplicant(  694): Authorize channel 11
02-25 11:05:22.439 D/wpa_supplicant(  694): Authorize channel 12
02-25 11:05:22.439 D/wpa_supplicant(  694): Authorize channel 13
02-25 11:05:22.439 D/wpa_supplicant(  694): Add access point on channel 6
02-25 11:05:22.439 D/wpa_supplicant(  694): Add access point on channel 6
02-25 11:05:22.439 D/wpa_supplicant(  694): Add access point on channel 1
02-25 11:05:22.439 D/wpa_supplicant(  694): Add access point on channel 11
02-25 11:05:22.439 D/wpa_supplicant(  694): Add access point on channel 3
02-25 11:05:22.439 D/wpa_supplicant(  694): Add access point on channel 1
02-25 11:05:22.439 D/wpa_supplicant(  694): Add access point on channel 1
02-25 11:05:22.439 D/wpa_supplicant(  694): Add access point on channel 9
02-25 11:05:22.439 D/wpa_supplicant(  694): Add access point on channel 6
02-25 11:05:22.439 D/wpa_supplicant(  694): Add access point on channel 6
02-25 11:05:22.439 D/wpa_supplicant(  694): Add access point on channel 11
02-25 11:05:22.439 D/wpa_supplicant(  694): Add access point on channel 11
02-25 11:05:22.439 D/wpa_supplicant(  694): Add access point on channel 6
02-25 11:05:22.439 D/wpa_supplicant(  694): Add access point on channel 2
02-25 11:05:22.439 D/wpa_supplicant(  694): Add access point on channel 11
02-25 11:05:22.439 D/wpa_supplicant(  694): Add access point on channel 1
02-25 11:05:22.449 D/wpa_supplicant(  694): Add access point on channel 8
02-25 11:05:22.449 D/wpa_supplicant(  694): Add access point on channel 6
02-25 11:05:22.449 D/wpa_supplicant(  694): Add access point on channel 1
02-25 11:05:22.449 D/wpa_supplicant(  694): Add access point on channel 6
02-25 11:05:22.449 D/wpa_supplicant(  694): Best Operating channel is = 11
02-25 11:05:22.449 D/wpa_supplicant(  694): WPS: AP[0] f8:d1:11:e7:99:e8 type=0 tries=0 last_attempt=-1 sec ago blacklist=0
02-25 11:05:22.449 D/wpa_supplicant(  694): WPS: AP[1] cc:34:29:2c:fb:ec type=0 tries=0 last_attempt=-1 sec ago blacklist=0
02-25 11:05:22.449 D/wpa_supplicant(  694): WPS: AP[2] cc:34:29:2b:26:4c type=0 tries=0 last_attempt=-1 sec ago blacklist=0
02-25 11:05:22.449 D/wpa_supplicant(  694): WPS: AP[3] b0:48:7a:51:ff:cc type=0 tries=0 last_attempt=-1 sec ago blacklist=0
02-25 11:05:22.449 D/wpa_supplicant(  694): WPS: AP[4] c0:a0:bb:20:3b:84 type=0 tries=0 last_attempt=-1 sec ago blacklist=0
02-25 11:05:22.449 D/wpa_supplicant(  694): WPS: AP[5] 2c:b0:5d:7f:f4:24 type=0 tries=0 last_attempt=-1 sec ago blacklist=0
02-25 11:05:22.449 D/wpa_supplicant(  694): WPS: AP[6] 9c:21:6a:0d:eb:72 type=0 tries=0 last_attempt=-1 sec ago blacklist=0
02-25 11:05:22.449 D/wpa_supplicant(  694): WPS: AP[7] c8:d7:19:60:62:f2 type=0 tries=0 last_attempt=-1 sec ago blacklist=0
02-25 11:05:22.449 D/wpa_supplicant(  694): WPS: AP[8] 44:94:fc:3d:da:38 type=0 tries=0 last_attempt=-1 sec ago blacklist=0
02-25 11:05:22.449 D/wpa_supplicant(  694): WPS: AP[9] 10:c3:7b:d2:e5:e0 type=0 tries=0 last_attempt=-1 sec ago blacklist=0
02-25 11:05:22.449 D/wpa_supplicant(  694): wlan0: Selecting BSS from priority group 19
02-25 11:05:22.449 D/wpa_supplicant(  694): wlan0: 0: f8:d1:11:e7:99:e8 ssid='videotest' wpa_ie_len=22 rsn_ie_len=20 caps=0x531 level=-41 wps
02-25 11:05:22.449 D/wpa_supplicant(  694): wlan0:    skip - SSID mismatch
02-25 11:05:22.449 D/wpa_supplicant(  694): wlan0: 1: c8:d7:19:60:62:f2 ssid='E3000-2.4G' wpa_ie_len=0 rsn_ie_len=20 caps=0x411 level=-46 wps
02-25 11:05:22.449 D/wpa_supplicant(  694): wlan0:    skip - SSID mismatch
02-25 11:05:22.449 D/wpa_supplicant(  694): wlan0: 2: 02:1a:11:ff:f7:0a ssid='io1' wpa_ie_len=0 rsn_ie_len=20 caps=0x431 level=-51
02-25 11:05:22.449 D/wpa_supplicant(  694): wlan0:    skip - SSID mismatch
02-25 11:05:22.449 D/wpa_supplicant(  694): wlan0: 3: cc:34:29:2b:26:4c ssid='cws-test' wpa_ie_len=0 rsn_ie_len=20 caps=0x431 level=-53 wps
02-25 11:05:22.449 D/wpa_supplicant(  694): wlan0:    skip - SSID mismatch
02-25 11:05:22.449 D/wpa_supplicant(  694): wlan0: 4: 90:94:e4:03:45:f5 ssid='DAP-2553_D' wpa_ie_len=0 rsn_ie_len=24 caps=0x431 level=-55
02-25 11:05:22.449 D/wpa_supplicant(  694): wlan0:    skip - SSID mismatch
02-25 11:05:22.449 D/wpa_supplicant(  694): wlan0: 5: 44:94:fc:3d:da:38 ssid='6300' wpa_ie_len=0 rsn_ie_len=20 caps=0x411 level=-58 wps
02-25 11:05:22.449 D/wpa_supplicant(  694): wlan0:    skip - SSID mismatch
02-25 11:05:22.449 D/wpa_supplicant(  694): wlan0: 6: 10:c3:7b:d2:e5:e0 ssid='ASUS_RT-AC66U-2.4G' wpa_ie_len=0 rsn_ie_len=20 caps=0x411 level=-59 wps
02-25 11:05:22.449 D/wpa_supplicant(  694): wlan0:    skip - SSID mismatch
02-25 11:05:22.449 D/wpa_supplicant(  694): wlan0: 7: cc:b2:55:e2:84:70 ssid='DLINK_APK' wpa_ie_len=22 rsn_ie_len=20 caps=0x411 level=-60
02-25 11:05:22.449 D/wpa_supplicant(  694): wlan0:    skip - SSID mismatch
02-25 11:05:22.449 D/wpa_supplicant(  694): wlan0: 8: b0:48:7a:51:ff:cc ssid='Neusoft TP' wpa_ie_len=22 rsn_ie_len=20 caps=0x431 level=-60 wps
02-25 11:05:22.449 D/wpa_supplicant(  694): wlan0:    skip - SSID mismatch
02-25 11:05:22.449 D/wpa_supplicant(  694): wlan0: 9: 98:fc:11:81:35:fb ssid='E2000EE' wpa_ie_len=0 rsn_ie_len=20 caps=0x411 level=-64
02-25 11:05:22.449 D/wpa_supplicant(  694): wlan0:    skip - SSID mismatch
02-25 11:05:22.449 D/wpa_supplicant(  694): wlan0: 10: c4:17:fe:3f:4f:fb ssid='cmcm' wpa_ie_len=0 rsn_ie_len=20 caps=0x511 level=-65
02-25 11:05:22.449 D/wpa_supplicant(  694): wlan0:    skip - SSID mismatch
02-25 11:05:22.449 D/wpa_supplicant(  694): wlan0: 11: cc:34:29:2c:fb:ec ssid='linksys' wpa_ie_len=22 rsn_ie_len=20 caps=0x431 level=-66 wps
02-25 11:05:22.449 D/wpa_supplicant(  694): wlan0:    skip - SSID mismatch
02-25 11:05:22.449 D/wpa_supplicant(  694): wlan0: 12: e4:d3:32:c0:cf:a4 ssid='fast' wpa_ie_len=0 rsn_ie_len=20 caps=0x411 level=-67
02-25 11:05:22.449 D/wpa_supplicant(  694): wlan0:    skip - SSID mismatch
02-25 11:05:22.449 D/wpa_supplicant(  694): wlan0: 13: 80:1f:02:43:fb:e8 ssid='Edimax AP' wpa_ie_len=0 rsn_ie_len=20 caps=0x411 level=-72
02-25 11:05:22.449 D/wpa_supplicant(  694): wlan0:    skip - SSID mismatch
02-25 11:05:22.449 D/wpa_supplicant(  694): wlan0: 14: 2c:b0:5d:7f:f4:24 ssid='NETGEAR38' wpa_ie_len=0 rsn_ie_len=20 caps=0x431 level=-88 wps
02-25 11:05:22.449 D/wpa_supplicant(  694): wlan0:    skip - SSID mismatch
02-25 11:05:22.449 D/wpa_supplicant(  694): wlan0: 15: 02:09:4c:95:ac:84 ssid='DIRECT-' wpa_ie_len=0 rsn_ie_len=0 caps=0x410 level=-66
02-25 11:05:22.449 D/wpa_supplicant(  694): wlan0:    skip - SSID mismatch
02-25 11:05:22.449 D/wpa_supplicant(  694): wlan0: 16: 50:bd:5f:4b:29:92 ssid='Internet-2' wpa_ie_len=0 rsn_ie_len=0 caps=0x421 level=-64
02-25 11:05:22.449 D/wpa_supplicant(  694): wlan0:    skip - SSID mismatch
02-25 11:05:22.449 D/wpa_supplicant(  694): wlan0: 17: e4:d3:32:dd:18:62 ssid='Internet' wpa_ie_len=0 rsn_ie_len=0 caps=0x421 level=-76
02-25 11:05:22.449 D/wpa_supplicant(  694): wlan0:    skip - SSID mismatch
02-25 11:05:22.449 D/wpa_supplicant(  694): wlan0: Selecting BSS from priority group 18
02-25 11:05:22.449 D/wpa_supplicant(  694): wlan0: 0: f8:d1:11:e7:99:e8 ssid='videotest' wpa_ie_len=22 rsn_ie_len=20 caps=0x531 level=-41 wps
02-25 11:05:22.449 D/wpa_supplicant(  694): wlan0:    skip - SSID mismatch
02-25 11:05:22.449 D/wpa_supplicant(  694): wlan0: 1: c8:d7:19:60:62:f2 ssid='E3000-2.4G' wpa_ie_len=0 rsn_ie_len=20 caps=0x411 level=-46 wps
02-25 11:05:22.449 D/wpa_supplicant(  694): wlan0:    skip - SSID mismatch
02-25 11:05:22.449 D/wpa_supplicant(  694): wlan0: 2: 02:1a:11:ff:f7:0a ssid='io1' wpa_ie_len=0 rsn_ie_len=20 caps=0x431 level=-51
02-25 11:05:22.449 D/wpa_supplicant(  694): wlan0:    skip - SSID mismatch
02-25 11:05:22.449 D/wpa_supplicant(  694): wlan0: 3: cc:34:29:2b:26:4c ssid='cws-test' wpa_ie_len=0 rsn_ie_len=20 caps=0x431 level=-53 wps
02-25 11:05:22.449 D/wpa_supplicant(  694): wlan0:    skip - SSID mismatch
02-25 11:05:22.449 D/wpa_supplicant(  694): wlan0: 4: 90:94:e4:03:45:f5 ssid='DAP-2553_D' wpa_ie_len=0 rsn_ie_len=24 caps=0x431 level=-55
02-25 11:05:22.449 D/wpa_supplicant(  694): wlan0:    skip - SSID mismatch
02-25 11:05:22.449 D/wpa_supplicant(  694): wlan0: 5: 44:94:fc:3d:da:38 ssid='6300' wpa_ie_len=0 rsn_ie_len=20 caps=0x411 level=-58 wps
02-25 11:05:22.449 D/wpa_supplicant(  694): wlan0:    skip - SSID mismatch
02-25 11:05:22.449 D/wpa_supplicant(  694): wlan0: 6: 10:c3:7b:d2:e5:e0 ssid='ASUS_RT-AC66U-2.4G' wpa_ie_len=0 rsn_ie_len=20 caps=0x411 level=-59 wps
02-25 11:05:22.449 D/wpa_supplicant(  694): wlan0:    skip - SSID mismatch
02-25 11:05:22.449 D/wpa_supplicant(  694): wlan0: 7: cc:b2:55:e2:84:70 ssid='DLINK_APK' wpa_ie_len=22 rsn_ie_len=20 caps=0x411 level=-60
02-25 11:05:22.449 D/wpa_supplicant(  694): wlan0:    skip - SSID mismatch
02-25 11:05:22.449 D/wpa_supplicant(  694): wlan0: 8: b0:48:7a:51:ff:cc ssid='Neusoft TP' wpa_ie_len=22 rsn_ie_len=20 caps=0x431 level=-60 wps
02-25 11:05:22.449 D/wpa_supplicant(  694): wlan0:    skip - SSID mismatch
02-25 11:05:22.449 D/wpa_supplicant(  694): wlan0: 9: 98:fc:11:81:35:fb ssid='E2000EE' wpa_ie_len=0 rsn_ie_len=20 caps=0x411 level=-64
02-25 11:05:22.449 D/wpa_supplicant(  694): wlan0:    skip - SSID mismatch
02-25 11:05:22.449 D/wpa_supplicant(  694): wlan0: 10: c4:17:fe:3f:4f:fb ssid='cmcm' wpa_ie_len=0 rsn_ie_len=20 caps=0x511 level=-65
02-25 11:05:22.449 D/wpa_supplicant(  694): wlan0:    skip - SSID mismatch
02-25 11:05:22.449 D/wpa_supplicant(  694): wlan0: 11: cc:34:29:2c:fb:ec ssid='linksys' wpa_ie_len=22 rsn_ie_len=20 caps=0x431 level=-66 wps
02-25 11:05:22.449 D/wpa_supplicant(  694): wlan0:    skip - SSID mismatch
02-25 11:05:22.449 D/wpa_supplicant(  694): wlan0: 12: e4:d3:32:c0:cf:a4 ssid='fast' wpa_ie_len=0 rsn_ie_len=20 caps=0x411 level=-67
02-25 11:05:22.449 D/wpa_supplicant(  694): wlan0:    skip - SSID mismatch
02-25 11:05:22.449 D/wpa_supplicant(  694): wlan0: 13: 80:1f:02:43:fb:e8 ssid='Edimax AP' wpa_ie_len=0 rsn_ie_len=20 caps=0x411 level=-72
02-25 11:05:22.449 D/wpa_supplicant(  694): wlan0:    skip - SSID mismatch
02-25 11:05:22.449 D/wpa_supplicant(  694): wlan0: 14: 2c:b0:5d:7f:f4:24 ssid='NETGEAR38' wpa_ie_len=0 rsn_ie_len=20 caps=0x431 level=-88 wps
02-25 11:05:22.449 D/wpa_supplicant(  694): wlan0:    skip - SSID mismatch
02-25 11:05:22.449 D/wpa_supplicant(  694): wlan0: 15: 02:09:4c:95:ac:84 ssid='DIRECT-' wpa_ie_len=0 rsn_ie_len=0 caps=0x410 level=-66
02-25 11:05:22.449 D/wpa_supplicant(  694): wlan0:    skip - SSID mismatch
02-25 11:05:22.449 D/wpa_supplicant(  694): wlan0: 16: 50:bd:5f:4b:29:92 ssid='Internet-2' wpa_ie_len=0 rsn_ie_len=0 caps=0x421 level=-64
02-25 11:05:22.449 D/wpa_supplicant(  694): wlan0:    skip - SSID mismatch
02-25 11:05:22.449 D/wpa_supplicant(  694): wlan0: 17: e4:d3:32:dd:18:62 ssid='Internet' wpa_ie_len=0 rsn_ie_len=0 caps=0x421 level=-76
02-25 11:05:22.449 D/wpa_supplicant(  694): wlan0:    skip - SSID mismatch
02-25 11:05:22.449 D/wpa_supplicant(  694): wlan0: Selecting BSS from priority group 17
02-25 11:05:22.449 D/wpa_supplicant(  694): wlan0: 0: f8:d1:11:e7:99:e8 ssid='videotest' wpa_ie_len=22 rsn_ie_len=20 caps=0x531 level=-41 wps
02-25 11:05:22.449 D/wpa_supplicant(  694): wlan0:    skip - SSID mismatch
02-25 11:05:22.449 D/wpa_supplicant(  694): wlan0: 1: c8:d7:19:60:62:f2 ssid='E3000-2.4G' wpa_ie_len=0 rsn_ie_len=20 caps=0x411 level=-46 wps
02-25 11:05:22.449 D/wpa_supplicant(  694): wlan0:    skip - SSID mismatch
02-25 11:05:22.449 D/wpa_supplicant(  694): wlan0: 2: 02:1a:11:ff:f7:0a ssid='io1' wpa_ie_len=0 rsn_ie_len=20 caps=0x431 level=-51
02-25 11:05:22.449 D/wpa_supplicant(  694): wlan0:    skip - SSID mismatch
02-25 11:05:22.449 D/wpa_supplicant(  694): wlan0: 3: cc:34:29:2b:26:4c ssid='cws-test' wpa_ie_len=0 rsn_ie_len=20 caps=0x431 level=-53 wps
02-25 11:05:22.449 D/wpa_supplicant(  694): wlan0:    skip - SSID mismatch
02-25 11:05:22.449 D/wpa_supplicant(  694): wlan0: 4: 90:94:e4:03:45:f5 ssid='DAP-2553_D' wpa_ie_len=0 rsn_ie_len=24 caps=0x431 level=-55
02-25 11:05:22.449 D/wpa_supplicant(  694): wlan0:    skip - SSID mismatch
02-25 11:05:22.449 D/wpa_supplicant(  694): wlan0: 5: 44:94:fc:3d:da:38 ssid='6300' wpa_ie_len=0 rsn_ie_len=20 caps=0x411 level=-58 wps
02-25 11:05:22.449 D/wpa_supplicant(  694): wlan0:    skip - SSID mismatch
02-25 11:05:22.449 D/wpa_supplicant(  694): wlan0: 6: 10:c3:7b:d2:e5:e0 ssid='ASUS_RT-AC66U-2.4G' wpa_ie_len=0 rsn_ie_len=20 caps=0x411 level=-59 wps
02-25 11:05:22.449 D/wpa_supplicant(  694): wlan0:    skip - SSID mismatch
02-25 11:05:22.449 D/wpa_supplicant(  694): wlan0: 7: cc:b2:55:e2:84:70 ssid='DLINK_APK' wpa_ie_len=22 rsn_ie_len=20 caps=0x411 level=-60
02-25 11:05:22.449 D/wpa_supplicant(  694): wlan0:    skip - SSID mismatch
02-25 11:05:22.449 D/wpa_supplicant(  694): wlan0: 8: b0:48:7a:51:ff:cc ssid='Neusoft TP' wpa_ie_len=22 rsn_ie_len=20 caps=0x431 level=-60 wps
02-25 11:05:22.449 D/wpa_supplicant(  694): wlan0:    skip - SSID mismatch
02-25 11:05:22.449 D/wpa_supplicant(  694): wlan0: 9: 98:fc:11:81:35:fb ssid='E2000EE' wpa_ie_len=0 rsn_ie_len=20 caps=0x411 level=-64
02-25 11:05:22.449 D/wpa_supplicant(  694): wlan0:    skip - SSID mismatch
02-25 11:05:22.449 D/wpa_supplicant(  694): wlan0: 10: c4:17:fe:3f:4f:fb ssid='cmcm' wpa_ie_len=0 rsn_ie_len=20 caps=0x511 level=-65
02-25 11:05:22.449 D/wpa_supplicant(  694): wlan0:    skip - SSID mismatch
02-25 11:05:22.449 D/wpa_supplicant(  694): wlan0: 11: cc:34:29:2c:fb:ec ssid='linksys' wpa_ie_len=22 rsn_ie_len=20 caps=0x431 level=-66 wps
02-25 11:05:22.449 D/wpa_supplicant(  694): wlan0:    skip - SSID mismatch
02-25 11:05:22.449 D/wpa_supplicant(  694): wlan0: 12: e4:d3:32:c0:cf:a4 ssid='fast' wpa_ie_len=0 rsn_ie_len=20 caps=0x411 level=-67
02-25 11:05:22.449 D/wpa_supplicant(  694): wlan0:    skip - SSID mismatch
02-25 11:05:22.449 D/wpa_supplicant(  694): wlan0: 13: 80:1f:02:43:fb:e8 ssid='Edimax AP' wpa_ie_len=0 rsn_ie_len=20 caps=0x411 level=-72
02-25 11:05:22.449 D/wpa_supplicant(  694): wlan0:    skip - SSID mismatch
02-25 11:05:22.449 D/wpa_supplicant(  694): wlan0: 14: 2c:b0:5d:7f:f4:24 ssid='NETGEAR38' wpa_ie_len=0 rsn_ie_len=20 caps=0x431 level=-88 wps
02-25 11:05:22.449 D/wpa_supplicant(  694): wlan0:    skip - SSID mismatch
02-25 11:05:22.449 D/wpa_supplicant(  694): wlan0: 15: 02:09:4c:95:ac:84 ssid='DIRECT-' wpa_ie_len=0 rsn_ie_len=0 caps=0x410 level=-66
02-25 11:05:22.449 D/wpa_supplicant(  694): wlan0:    skip - SSID mismatch
02-25 11:05:22.449 D/wpa_supplicant(  694): wlan0: 16: 50:bd:5f:4b:29:92 ssid='Internet-2' wpa_ie_len=0 rsn_ie_len=0 caps=0x421 level=-64
02-25 11:05:22.449 D/wpa_supplicant(  694): wlan0:    skip - SSID mismatch
02-25 11:05:22.449 D/wpa_supplicant(  694): wlan0: 17: e4:d3:32:dd:18:62 ssid='Internet' wpa_ie_len=0 rsn_ie_len=0 caps=0x421 level=-76
02-25 11:05:22.449 D/wpa_supplicant(  694): wlan0:    skip - SSID mismatch
02-25 11:05:22.449 D/wpa_supplicant(  694): wlan0: Selecting BSS from priority group 15
02-25 11:05:22.449 D/wpa_supplicant(  694): wlan0: 0: f8:d1:11:e7:99:e8 ssid='videotest' wpa_ie_len=22 rsn_ie_len=20 caps=0x531 level=-41 wps
02-25 11:05:22.449 D/wpa_supplicant(  694): wlan0:    skip - SSID mismatch
02-25 11:05:22.449 D/wpa_supplicant(  694): wlan0: 1: c8:d7:19:60:62:f2 ssid='E3000-2.4G' wpa_ie_len=0 rsn_ie_len=20 caps=0x411 level=-46 wps
02-25 11:05:22.449 D/wpa_supplicant(  694): wlan0:    skip - SSID mismatch
02-25 11:05:22.449 D/wpa_supplicant(  694): wlan0: 2: 02:1a:11:ff:f7:0a ssid='io1' wpa_ie_len=0 rsn_ie_len=20 caps=0x431 level=-51
02-25 11:05:22.449 D/wpa_supplicant(  694): wlan0:    skip - SSID mismatch
02-25 11:05:22.449 D/wpa_supplicant(  694): wlan0: 3: cc:34:29:2b:26:4c ssid='cws-test' wpa_ie_len=0 rsn_ie_len=20 caps=0x431 level=-53 wps
02-25 11:05:22.449 D/wpa_supplicant(  694): wlan0:    skip - SSID mismatch
02-25 11:05:22.449 D/wpa_supplicant(  694): wlan0: 4: 90:94:e4:03:45:f5 ssid='DAP-2553_D' wpa_ie_len=0 rsn_ie_len=24 caps=0x431 level=-55
02-25 11:05:22.449 D/wpa_supplicant(  694): wlan0:    skip - SSID mismatch
02-25 11:05:22.449 D/wpa_supplicant(  694): wlan0: 5: 44:94:fc:3d:da:38 ssid='6300' wpa_ie_len=0 rsn_ie_len=20 caps=0x411 level=-58 wps
02-25 11:05:22.449 D/wpa_supplicant(  694): wlan0:    skip - SSID mismatch
02-25 11:05:22.449 D/wpa_supplicant(  694): wlan0: 6: 10:c3:7b:d2:e5:e0 ssid='ASUS_RT-AC66U-2.4G' wpa_ie_len=0 rsn_ie_len=20 caps=0x411 level=-59 wps
02-25 11:05:22.449 D/wpa_supplicant(  694): wlan0:    skip - SSID mismatch
02-25 11:05:22.449 D/wpa_supplicant(  694): wlan0: 7: cc:b2:55:e2:84:70 ssid='DLINK_APK' wpa_ie_len=22 rsn_ie_len=20 caps=0x411 level=-60
02-25 11:05:22.449 D/wpa_supplicant(  694): wlan0:    skip - SSID mismatch
02-25 11:05:22.449 D/wpa_supplicant(  694): wlan0: 8: b0:48:7a:51:ff:cc ssid='Neusoft TP' wpa_ie_len=22 rsn_ie_len=20 caps=0x431 level=-60 wps
02-25 11:05:22.449 D/wpa_supplicant(  694): wlan0:    skip - SSID mismatch
02-25 11:05:22.449 D/wpa_supplicant(  694): wlan0: 9: 98:fc:11:81:35:fb ssid='E2000EE' wpa_ie_len=0 rsn_ie_len=20 caps=0x411 level=-64
02-25 11:05:22.449 D/wpa_supplicant(  694): wlan0:    skip - SSID mismatch
02-25 11:05:22.449 D/wpa_supplicant(  694): wlan0: 10: c4:17:fe:3f:4f:fb ssid='cmcm' wpa_ie_len=0 rsn_ie_len=20 caps=0x511 level=-65
02-25 11:05:22.449 D/wpa_supplicant(  694): wlan0:    skip - SSID mismatch
02-25 11:05:22.449 D/wpa_supplicant(  694): wlan0: 11: cc:34:29:2c:fb:ec ssid='linksys' wpa_ie_len=22 rsn_ie_len=20 caps=0x431 level=-66 wps
02-25 11:05:22.449 D/wpa_supplicant(  694): wlan0:    skip - SSID mismatch
02-25 11:05:22.449 D/wpa_supplicant(  694): wlan0: 12: e4:d3:32:c0:cf:a4 ssid='fast' wpa_ie_len=0 rsn_ie_len=20 caps=0x411 level=-67
02-25 11:05:22.449 D/wpa_supplicant(  694): wlan0:    skip - SSID mismatch
02-25 11:05:22.449 D/wpa_supplicant(  694): wlan0: 13: 80:1f:02:43:fb:e8 ssid='Edimax AP' wpa_ie_len=0 rsn_ie_len=20 caps=0x411 level=-72
02-25 11:05:22.449 D/wpa_supplicant(  694): wlan0:    skip - SSID mismatch
02-25 11:05:22.459 D/wpa_supplicant(  694): wlan0: 14: 2c:b0:5d:7f:f4:24 ssid='NETGEAR38' wpa_ie_len=0 rsn_ie_len=20 caps=0x431 level=-88 wps
02-25 11:05:22.459 D/wpa_supplicant(  694): wlan0:    skip - SSID mismatch
02-25 11:05:22.459 D/wpa_supplicant(  694): wlan0: 15: 02:09:4c:95:ac:84 ssid='DIRECT-' wpa_ie_len=0 rsn_ie_len=0 caps=0x410 level=-66
02-25 11:05:22.459 D/wpa_supplicant(  694): wlan0:    skip - SSID mismatch
02-25 11:05:22.459 D/wpa_supplicant(  694): wlan0: 16: 50:bd:5f:4b:29:92 ssid='Internet-2' wpa_ie_len=0 rsn_ie_len=0 caps=0x421 level=-64
02-25 11:05:22.459 D/wpa_supplicant(  694): wlan0:    skip - SSID mismatch
02-25 11:05:22.459 D/wpa_supplicant(  694): wlan0: 17: e4:d3:32:dd:18:62 ssid='Internet' wpa_ie_len=0 rsn_ie_len=0 caps=0x421 level=-76
02-25 11:05:22.459 D/wpa_supplicant(  694): wlan0:    skip - SSID mismatch
02-25 11:05:22.459 D/wpa_supplicant(  694): wlan0: Selecting BSS from priority group 4
02-25 11:05:22.459 D/wpa_supplicant(  694): wlan0: 0: f8:d1:11:e7:99:e8 ssid='videotest' wpa_ie_len=22 rsn_ie_len=20 caps=0x531 level=-41 wps
02-25 11:05:22.459 D/wpa_supplicant(  694): wlan0:    skip - SSID mismatch
02-25 11:05:22.459 D/wpa_supplicant(  694): wlan0: 1: c8:d7:19:60:62:f2 ssid='E3000-2.4G' wpa_ie_len=0 rsn_ie_len=20 caps=0x411 level=-46 wps
02-25 11:05:22.459 D/wpa_supplicant(  694): wlan0:    skip - SSID mismatch
