02-27 18:03:15.816 I/WifiHW  (  505): REPLY: LINKSPEED=58
02-27 18:03:15.816 I/WifiHW  (  505): REPLY: NOISE=9999
02-27 18:03:15.816 I/WifiHW  (  505): REPLY: FREQUENCY=2437
02-27 18:03:16.426 I/ActivityManager(  505): Process com.intel.tinywebtestservice (pid 32402) has died.
02-27 18:03:16.436 W/InputDispatcher(  505): channel '22225938 com.intel.tinywebtestservice/com.intel.tinywebtestservice.FullscreenActivity (server)' ~ Consumer closed input channel or an error occurred.  events=0x9
02-27 18:03:16.436 E/InputDispatcher(  505): channel '22225938 com.intel.tinywebtestservice/com.intel.tinywebtestservice.FullscreenActivity (server)' ~ Channel is unrecoverably broken and will be disposed!
02-27 18:03:16.436 W/InputDispatcher(  505): Attempted to unregister already unregistered input channel '22225938 com.intel.tinywebtestservice/com.intel.tinywebtestservice.FullscreenActivity (server)'
02-27 18:03:16.436 I/WindowState(  505): WIN DEATH: Window{22225938 u0 com.intel.tinywebtestservice/com.intel.tinywebtestservice.FullscreenActivity}
02-27 18:03:16.446 I/SecurityManagerService(  600): SMS received security event: App[STOP/com.intel.tinywebtestservice]
02-27 18:03:16.466 I/ActivityManager(  505): Process com.baidu.searchbox:bdservice_v1 (pid 28444) has died.
02-27 18:03:16.476 I/SecurityManagerService(  600): SMS received security event: App[STOP/com.baidu.searchbox]
02-27 18:03:16.486 I/SecurityManagerService(  600): SMS received security event: App[STOP/com.asus.launcher]
02-27 18:03:16.486 I/ActivityManager(  505): Process com.asus.launcher (pid 28178) has died.
02-27 18:03:16.486 I/WindowState(  505): WIN DEATH: Window{220bf6b0 u0 com.asus.launcher/com.android.launcher3.Launcher}
02-27 18:03:18.466 D/EVENT_THREAD(  186): void CEventThread::run() POLLIN event on Fd (1)
02-27 18:03:18.466 D/EVENT_THREAD(  186): void CEventThread::run() Do poll with timeout: -1
02-27 18:03:18.816 I/WifiHW  (  505): CMD: IFNAME=wlan0 SIGNAL_POLL
02-27 18:03:18.816 D/wpa_supplicant(  711): RX ctrl_iface - hexdump(len=11): 53 49 47 4e 41 4c 5f 50 4f 4c 4c
02-27 18:03:18.816 D/wpa_supplicant(  711): wlan0: Control interface command 'SIGNAL_POLL'
02-27 18:03:18.846 D/wpa_supplicant(  711): nl80211: survey data missing!
02-27 18:03:18.846 I/WifiHW  (  505): REPLY: RSSI=-46
02-27 18:03:18.846 I/WifiHW  (  505): REPLY: LINKSPEED=58
02-27 18:03:18.846 I/WifiHW  (  505): REPLY: NOISE=9999
02-27 18:03:18.846 I/WifiHW  (  505): REPLY: FREQUENCY=2437
02-27 18:03:20.076 D/EVENT_THREAD(  186): void CEventThread::run() POLLIN event on Fd (1)
02-27 18:03:20.076 D/EVENT_THREAD(  186): void CEventThread::run() Do poll with timeout: -1
02-27 18:03:20.076 D/EVENT_THREAD(  186): void CEventThread::run() POLLIN event on Fd (1)
02-27 18:03:20.076 D/EVENT_THREAD(  186): void CEventThread::run() Do poll with timeout: -1
02-27 18:03:20.076 I/upi_ug31xx(  166): (1990) update_capacity
02-27 18:03:20.076 I/[UPI]   (  166): <UG31/E>[UpiReadCapacity]: V=3582(3582), T=356(358-427), I=-650, C=-1(-1-0)
02-27 18:03:20.076 I/[UPI]   (  166): <UG31/E>[UpiReadCapacity]: (0x0001254a) 144 (152) / 3822 (3822) = 4
02-27 18:03:20.076 I/[UPI]   (  166): <UG31/E>[UpiReadCapacity]: (0x0001254a) 144 (152) / 3822 (3822) = 4
02-27 18:03:20.076 I/[UPI]   (  166): <UG31/E>[UpiReadCapacity]: (0x0001254a) 143 (143) / 3822 (3822) = 4
02-27 18:03:20.076 I/[UPI]   (  166): <UG31/E>[RsocFilterCountTime]: (0x0001254a) Step=2(142150), Full=2(142150), Lock=142150(1800000)
02-27 18:03:20.076 I/[UPI]   (  166): <UG31/E>[UpiReadCapacity]: (0x0001254a) 143 (143) / 3822 (3822) = 4 (-650--650)
02-27 18:03:20.076 I/[UPI]   (  166): <UG31/E><BATT> M:normal, P:4(4-4)%, V:3583mV, C:-667mA, T:35.8C(427), S:0x0001254a(000), R:143mAh, F:3822mAh, Q:-1661mAh, CC:3, P:5.240(1660-0)s, BO:7, 97:615:0-44af-9m:B001-20140514-144301 (16)
02-27 18:03:20.086 I/upi_ug31xx(  166): (1991) backup_data 
02-27 18:03:20.086 V/upi_ug31xx(  166): state->check_backup_count = 2
02-27 18:03:21.846 I/WifiHW  (  505): CMD: IFNAME=wlan0 SIGNAL_POLL
02-27 18:03:21.846 D/wpa_supplicant(  711): RX ctrl_iface - hexdump(len=11): 53 49 47 4e 41 4c 5f 50 4f 4c 4c
02-27 18:03:21.846 D/wpa_supplicant(  711): wlan0: Control interface command 'SIGNAL_POLL'
02-27 18:03:21.876 D/wpa_supplicant(  711): nl80211: survey data missing!
02-27 18:03:21.876 I/WifiHW  (  505): REPLY: RSSI=-46
02-27 18:03:21.876 I/WifiHW  (  505): REPLY: LINKSPEED=58
02-27 18:03:21.876 I/WifiHW  (  505): REPLY: NOISE=9999
02-27 18:03:21.876 I/WifiHW  (  505): REPLY: FREQUENCY=2437
02-27 18:03:23.466 D/EVENT_THREAD(  186): void CEventThread::run() POLLIN event on Fd (1)
02-27 18:03:23.466 D/EVENT_THREAD(  186): void CEventThread::run() Do poll with timeout: -1
02-27 18:03:24.876 I/WifiHW  (  505): CMD: IFNAME=wlan0 SIGNAL_POLL
02-27 18:03:24.876 D/wpa_supplicant(  711): RX ctrl_iface - hexdump(len=11): 53 49 47 4e 41 4c 5f 50 4f 4c 4c
02-27 18:03:24.876 D/wpa_supplicant(  711): wlan0: Control interface command 'SIGNAL_POLL'
02-27 18:03:24.906 D/wpa_supplicant(  711): nl80211: survey data missing!
02-27 18:03:24.906 I/WifiHW  (  505): REPLY: RSSI=-48
02-27 18:03:24.906 I/WifiHW  (  505): REPLY: LINKSPEED=58
02-27 18:03:24.906 I/WifiHW  (  505): REPLY: NOISE=9999
02-27 18:03:24.906 I/WifiHW  (  505): REPLY: FREQUENCY=2437
02-27 18:03:25.306 D/EVENT_THREAD(  186): void CEventThread::run() POLLIN event on Fd (1)
02-27 18:03:25.306 D/EVENT_THREAD(  186): void CEventThread::run() Do poll with timeout: -1
02-27 18:03:25.306 I/upi_ug31xx(  166): (1992) update_capacity
02-27 18:03:25.306 I/[UPI]   (  166): <UG31/E>[UpiReadCapacity]: V=3581(3580), T=356(358-427), I=-659, C=1(0-1)
02-27 18:03:25.306 I/[UPI]   (  166): <UG31/E>[UpiReadCapacity]: (0x0001254a) 143 (152) / 3822 (3822) = 4
02-27 18:03:25.306 I/[UPI]   (  166): <UG31/E>[UpiReadCapacity]: (0x0001254a) 143 (152) / 3822 (3822) = 4
02-27 18:03:25.306 I/[UPI]   (  166): <UG31/E>[UpiReadCapacity]: (0x0001254a) 143 (143) / 3822 (3822) = 4
02-27 18:03:25.306 I/[UPI]   (  166): <UG31/E>[RsocFilterCountTime]: (0x0001254a) Step=2(147380), Full=2(147380), Lock=147380(1800000)
02-27 18:03:25.306 I/[UPI]   (  166): <UG31/E>[UpiReadCapacity]: (0x0001254a) 143 (143) / 3822 (3822) = 4 (-659--659)
02-27 18:03:25.306 I/[UPI]   (  166): <UG31/E><BATT> M:normal, P:4(4-4)%, V:3580mV, C:-683mA, T:35.8C(427), S:0x0001254a(000), R:143mAh, F:3822mAh, Q:-1660mAh, CC:3, P:5.230(1659-1)s, BO:7, 97:615:0-44af-9m:B001-20140514-144301 (16)
02-27 18:03:25.306 D/EVENT_THREAD(  186): void CEventThread::run() POLLIN event on Fd (1)
02-27 18:03:25.306 D/EVENT_THREAD(  186): void CEventThread::run() Do poll with timeout: -1
02-27 18:03:25.306 I/upi_ug31xx(  166): (1993) backup_data 
02-27 18:03:25.306 V/upi_ug31xx(  166): state->check_backup_count = 3
02-27 18:03:25.446 I/ActivityManager(  505): Process com.baidu.BaiduMap:bdservice_v1 (pid 28463) has died.
02-27 18:03:25.446 I/SecurityManagerService(  600): SMS received security event: App[STOP/com.baidu.BaiduMap]
02-27 18:03:27.666 I/ActivityManager(  505): Process com.asus.ime (pid 28220) has died.
02-27 18:03:27.736 W/InputMethodManagerService(  505): Session failed to close due to remote exception
02-27 18:03:27.736 W/InputMethodManagerService(  505): android.os.DeadObjectException
02-27 18:03:27.736 W/InputMethodManagerService(  505): 	at android.os.BinderProxy.transact(Native Method)
02-27 18:03:27.736 W/InputMethodManagerService(  505): 	at com.android.internal.view.IInputMethodSession$Stub$Proxy.finishSession(IInputMethodSession.java:292)
02-27 18:03:27.736 W/InputMethodManagerService(  505): 	at com.android.server.InputMethodManagerService.finishSessionLocked(InputMethodManagerService.java:1370)
02-27 18:03:27.736 W/InputMethodManagerService(  505): 	at com.android.server.InputMethodManagerService.clearClientSessionLocked(InputMethodManagerService.java:1361)
02-27 18:03:27.736 W/InputMethodManagerService(  505): 	at com.android.server.InputMethodManagerService.clearCurMethodLocked(InputMethodManagerService.java:1387)
02-27 18:03:27.736 W/InputMethodManagerService(  505): 	at com.android.server.InputMethodManagerService.onServiceDisconnected(InputMethodManagerService.java:1406)
02-27 18:03:27.736 W/InputMethodManagerService(  505): 	at android.app.LoadedApk$ServiceDispatcher.doDeath(LoadedApk.java:1115)
02-27 18:03:27.736 W/InputMethodManagerService(  505): 	at android.app.LoadedApk$ServiceDispatcher$RunConnection.run(LoadedApk.java:1129)
02-27 18:03:27.736 W/InputMethodManagerService(  505): 	at android.os.Handler.handleCallback(Handler.java:733)
02-27 18:03:27.736 W/InputMethodManagerService(  505): 	at android.os.Handler.dispatchMessage(Handler.java:95)
02-27 18:03:27.736 W/InputMethodManagerService(  505): 	at android.os.Looper.loop(Looper.java:149)
02-27 18:03:27.736 W/InputMethodManagerService(  505): 	at com.android.server.ServerThread.initAndLoop(SystemServer.java:1245)
02-27 18:03:27.736 W/InputMethodManagerService(  505): 	at com.android.server.SystemServer.main(SystemServer.java:1349)
02-27 18:03:27.736 W/InputMethodManagerService(  505): 	at java.lang.reflect.Method.invokeNative(Native Method)
02-27 18:03:27.736 W/InputMethodManagerService(  505): 	at java.lang.reflect.Method.invoke(Method.java:515)
02-27 18:03:27.736 W/InputMethodManagerService(  505): 	at com.android.internal.os.ZygoteInit$MethodAndArgsCaller.run(ZygoteInit.java:788)
02-27 18:03:27.736 W/InputMethodManagerService(  505): 	at com.android.internal.os.ZygoteInit.main(ZygoteInit.java:604)
02-27 18:03:27.736 W/InputMethodManagerService(  505): 	at dalvik.system.NativeStart.main(Native Method)
02-27 18:03:27.746 I/SecurityManagerService(  600): SMS received security event: App[STOP/com.asus.ime]
02-27 18:03:27.746 I/ActivityManager(  505): Process com.asus.contacts (pid 28579) has died.
02-27 18:03:27.756 I/SecurityManagerService(  600): SMS received security event: App[STOP/com.asus.contacts]
02-27 18:03:27.906 I/WifiHW  (  505): CMD: IFNAME=wlan0 SIGNAL_POLL
02-27 18:03:27.906 D/wpa_supplicant(  711): RX ctrl_iface - hexdump(len=11): 53 49 47 4e 41 4c 5f 50 4f 4c 4c
02-27 18:03:27.906 D/wpa_supplicant(  711): wlan0: Control interface command 'SIGNAL_POLL'
02-27 18:03:27.936 D/wpa_supplicant(  711): nl80211: survey data missing!
02-27 18:03:27.936 I/WifiHW  (  505): REPLY: RSSI=-48
02-27 18:03:27.936 I/WifiHW  (  505): REPLY: LINKSPEED=65
02-27 18:03:27.936 I/WifiHW  (  505): REPLY: NOISE=9999
02-27 18:03:27.936 I/WifiHW  (  505): REPLY: FREQUENCY=2437
02-27 18:03:28.486 D/EVENT_THREAD(  186): void CEventThread::run() POLLIN event on Fd (1)
02-27 18:03:28.486 D/EVENT_THREAD(  186): void CEventThread::run() Do poll with timeout: -1
02-27 18:03:30.536 D/EVENT_THREAD(  186): void CEventThread::run() POLLIN event on Fd (1)
02-27 18:03:30.536 D/EVENT_THREAD(  186): void CEventThread::run() Do poll with timeout: -1
02-27 18:03:30.536 D/EVENT_THREAD(  186): void CEventThread::run() POLLIN event on Fd (1)
02-27 18:03:30.536 D/EVENT_THREAD(  186): void CEventThread::run() Do poll with timeout: -1
02-27 18:03:30.536 I/upi_ug31xx(  166): (1994) update_capacity
02-27 18:03:30.536 I/[UPI]   (  166): <UG31/E>[UpiReadCapacity]: V=3580(3580), T=356(357-427), I=-659, C=0(0-1)
02-27 18:03:30.536 I/[UPI]   (  166): <UG31/E>[UpiReadCapacity]: (0x0001254a) 143 (152) / 3822 (3822) = 4
02-27 18:03:30.536 I/[UPI]   (  166): <UG31/E>[UpiReadCapacity]: (0x0001254a) 143 (152) / 3822 (3822) = 4
02-27 18:03:30.536 I/[UPI]   (  166): <UG31/E>[UpiReadCapacity]: (0x0001254a) 143 (143) / 3822 (3822) = 4
02-27 18:03:30.536 I/[UPI]   (  166): <UG31/E>[RsocFilterCountTime]: (0x0001254a) Step=2(152610), Full=2(152610), Lock=152610(1800000)
02-27 18:03:30.536 I/[UPI]   (  166): <UG31/E>[UpiReadCapacity]: (0x0001254a) 143 (143) / 3822 (3822) = 4 (-659--659)
02-27 18:03:30.536 I/[UPI]   (  166): <UG31/E><BATT> M:normal, P:4(4-4)%, V:3580mV, C:-680mA, T:35.7C(427), S:0x0001254a(000), R:143mAh, F:3822mAh, Q:-1660mAh, CC:3, P:5.230(1659-1)s, BO:7, 97:615:0-44af-9m:B001-20140514-144301 (16)
02-27 18:03:30.536 I/upi_ug31xx(  166): (1995) backup_data 
02-27 18:03:30.536 V/upi_ug31xx(  166): state->check_backup_count = 4
02-27 18:03:30.936 I/WifiHW  (  505): CMD: IFNAME=wlan0 SIGNAL_POLL
02-27 18:03:30.936 D/wpa_supplicant(  711): RX ctrl_iface - hexdump(len=11): 53 49 47 4e 41 4c 5f 50 4f 4c 4c
02-27 18:03:30.936 D/wpa_supplicant(  711): wlan0: Control interface command 'SIGNAL_POLL'
02-27 18:03:30.966 D/wpa_supplicant(  711): nl80211: survey data missing!
02-27 18:03:30.966 I/WifiHW  (  505): REPLY: RSSI=-48
02-27 18:03:30.966 I/WifiHW  (  505): REPLY: LINKSPEED=65
02-27 18:03:30.966 I/WifiHW  (  505): REPLY: NOISE=9999
02-27 18:03:30.966 I/WifiHW  (  505): REPLY: FREQUENCY=2437
02-27 18:03:33.486 D/EVENT_THREAD(  186): void CEventThread::run() POLLIN event on Fd (1)
02-27 18:03:33.486 D/EVENT_THREAD(  186): void CEventThread::run() Do poll with timeout: -1
02-27 18:03:33.986 I/WifiHW  (  505): CMD: IFNAME=wlan0 SIGNAL_POLL
02-27 18:03:33.986 D/wpa_supplicant(  711): RX ctrl_iface - hexdump(len=11): 53 49 47 4e 41 4c 5f 50 4f 4c 4c
02-27 18:03:33.986 D/wpa_supplicant(  711): wlan0: Control interface command 'SIGNAL_POLL'
02-27 18:03:34.016 D/wpa_supplicant(  711): nl80211: survey data missing!
02-27 18:03:34.016 I/WifiHW  (  505): REPLY: RSSI=-49
02-27 18:03:34.016 I/WifiHW  (  505): REPLY: LINKSPEED=65
02-27 18:03:34.016 I/WifiHW  (  505): REPLY: NOISE=9999
02-27 18:03:34.016 I/WifiHW  (  505): REPLY: FREQUENCY=2437
02-27 18:03:35.776 D/EVENT_THREAD(  186): void CEventThread::run() POLLIN event on Fd (1)
02-27 18:03:35.776 D/EVENT_THREAD(  186): void CEventThread::run() Do poll with timeout: -1
02-27 18:03:35.776 I/upi_ug31xx(  166): (1996) update_capacity
02-27 18:03:35.776 I/[UPI]   (  166): <UG31/E>[UpiReadCapacity]: V=3581(3585), T=356(357-428), I=-519, C=-1(0-0)
02-27 18:03:35.776 I/[UPI]   (  166): <UG31/E>[UpiReadCapacity]: (0x0001254a) 143 (114) / 3822 (3822) = 4
02-27 18:03:35.776 I/[UPI]   (  166): <UG31/E>[UpiReadCapacity]: (0x0001254a) 143 (114) / 3822 (3822) = 4
02-27 18:03:35.776 I/[UPI]   (  166): <UG31/E>[UpiReadCapacity]: (0x0001254a) 143 (143) / 3822 (3822) = 4
02-27 18:03:35.776 I/[UPI]   (  166): <UG31/E>[RsocFilterCountTime]: (0x0001254a) Step=2(157840), Full=2(157840), Lock=157840(1800000)
02-27 18:03:35.776 I/[UPI]   (  166): <UG31/E>[UpiReadCapacity]: (0x0001254a) 143 (143) / 3822 (3822) = 4 (-519--519)
02-27 18:03:35.776 I/[UPI]   (  166): <UG31/E><BATT> M:normal, P:4(4-4)%, V:3588mV, C:-499mA, T:35.7C(428), S:0x0001254a(000), R:143mAh, F:3822mAh, Q:-1661mAh, CC:3, P:5.230(1660-0)s, BO:7, 97:615:0-44af-9m:B001-20140514-144301 (16)
02-27 18:03:35.776 D/EVENT_THREAD(  186): void CEventThread::run() POLLIN event on Fd (1)
02-27 18:03:35.776 D/EVENT_THREAD(  186): void CEventThread::run() Do poll with timeout: -1
02-27 18:03:35.776 I/upi_ug31xx(  166): (1997) backup_data 
02-27 18:03:35.776 V/upi_ug31xx(  166): state->check_backup_count = 5
02-27 18:03:37.016 I/WifiHW  (  505): CMD: IFNAME=wlan0 SIGNAL_POLL
02-27 18:03:37.016 D/wpa_supplicant(  711): RX ctrl_iface - hexdump(len=11): 53 49 47 4e 41 4c 5f 50 4f 4c 4c
02-27 18:03:37.016 D/wpa_supplicant(  711): wlan0: Control interface command 'SIGNAL_POLL'
02-27 18:03:37.046 D/wpa_supplicant(  711): nl80211: survey data missing!
02-27 18:03:37.046 I/WifiHW  (  505): REPLY: RSSI=-48
02-27 18:03:37.046 I/WifiHW  (  505): REPLY: LINKSPEED=65
02-27 18:03:37.046 I/WifiHW  (  505): REPLY: NOISE=9999
02-27 18:03:37.046 I/WifiHW  (  505): REPLY: FREQUENCY=2437
02-27 18:03:38.496 D/EVENT_THREAD(  186): void CEventThread::run() POLLIN event on Fd (1)
02-27 18:03:38.496 D/EVENT_THREAD(  186): void CEventThread::run() Do poll with timeout: -1
02-27 18:03:40.046 I/WifiHW  (  505): CMD: IFNAME=wlan0 SIGNAL_POLL
02-27 18:03:40.046 D/wpa_supplicant(  711): RX ctrl_iface - hexdump(len=11): 53 49 47 4e 41 4c 5f 50 4f 4c 4c
02-27 18:03:40.046 D/wpa_supplicant(  711): wlan0: Control interface command 'SIGNAL_POLL'
02-27 18:03:40.076 D/wpa_supplicant(  711): nl80211: survey data missing!
02-27 18:03:40.076 I/WifiHW  (  505): REPLY: RSSI=-48
02-27 18:03:40.076 I/WifiHW  (  505): REPLY: LINKSPEED=65
02-27 18:03:40.076 I/WifiHW  (  505): REPLY: NOISE=9999
02-27 18:03:40.076 I/WifiHW  (  505): REPLY: FREQUENCY=2437
02-27 18:03:41.016 D/EVENT_THREAD(  186): void CEventThread::run() POLLIN event on Fd (1)
02-27 18:03:41.016 D/EVENT_THREAD(  186): void CEventThread::run() Do poll with timeout: -1
02-27 18:03:41.016 I/upi_ug31xx(  166): (1998) update_capacity
02-27 18:03:41.016 I/[UPI]   (  166): <UG31/E>[UpiReadCapacity]: V=3583(3589), T=356(357-428), I=-511, C=-2(-2-0)
02-27 18:03:41.016 I/[UPI]   (  166): <UG31/E>[UpiReadCapacity]: (0x0001254a) 143 (114) / 3822 (3822) = 4
02-27 18:03:41.016 I/[UPI]   (  166): <UG31/E>[UpiReadCapacity]: (0x0001254a) 143 (114) / 3822 (3822) = 4
02-27 18:03:41.016 I/[UPI]   (  166): <UG31/E>[UpiReadCapacity]: (0x0001254a) 141 (141) / 3822 (3822) = 4
02-27 18:03:41.016 I/[UPI]   (  166): <UG31/E>[RsocFilterCountTime]: (0x0001254a) Step=2(163080), Full=2(163080), Lock=163080(1800000)
02-27 18:03:41.016 I/[UPI]   (  166): <UG31/E>[UpiReadCapacity]: (0x0001254a) 141 (141) / 3822 (3822) = 4 (-511--511)
02-27 18:03:41.016 I/[UPI]   (  166): <UG31/E><BATT> M:normal, P:4(4-4)%, V:3591mV, C:-510mA, T:35.7C(428), S:0x0001254a(000), R:141mAh, F:3822mAh, Q:-1663mAh, CC:3, P:5.240(1662-0)s, BO:7, 97:615:0-44af-9m:B001-20140514-144301 (16)
02-27 18:03:41.016 D/EVENT_THREAD(  186): void CEventThread::run() POLLIN event on Fd (1)
02-27 18:03:41.016 D/EVENT_THREAD(  186): void CEventThread::run() Do poll with timeout: -1
02-27 18:03:41.016 I/upi_ug31xx(  166): (1999) backup_data 
02-27 18:03:41.016 V/upi_ug31xx(  166): state->check_backup_count = 6
02-27 18:03:43.076 I/WifiHW  (  505): CMD: IFNAME=wlan0 SIGNAL_POLL
02-27 18:03:43.076 D/wpa_supplicant(  711): RX ctrl_iface - hexdump(len=11): 53 49 47 4e 41 4c 5f 50 4f 4c 4c
02-27 18:03:43.076 D/wpa_supplicant(  711): wlan0: Control interface command 'SIGNAL_POLL'
02-27 18:03:43.106 D/wpa_supplicant(  711): nl80211: survey data missing!
02-27 18:03:43.106 I/WifiHW  (  505): REPLY: RSSI=-46
02-27 18:03:43.106 I/WifiHW  (  505): REPLY: LINKSPEED=65
02-27 18:03:43.106 I/WifiHW  (  505): REPLY: NOISE=9999
02-27 18:03:43.106 I/WifiHW  (  505): REPLY: FREQUENCY=2437
02-27 18:03:43.506 D/EVENT_THREAD(  186): void CEventThread::run() POLLIN event on Fd (1)
02-27 18:03:43.506 D/EVENT_THREAD(  186): void CEventThread::run() Do poll with timeout: -1
02-27 18:03:44.546 I/ThermalSensor(  505):  THERMAL_LOW_EVENT for sensor:SYSTHERM1 rejected due to debounce interval
02-27 18:03:46.106 I/WifiHW  (  505): CMD: IFNAME=wlan0 SIGNAL_POLL
02-27 18:03:46.106 D/wpa_supplicant(  711): RX ctrl_iface - hexdump(len=11): 53 49 47 4e 41 4c 5f 50 4f 4c 4c
02-27 18:03:46.106 D/wpa_supplicant(  711): wlan0: Control interface command 'SIGNAL_POLL'
02-27 18:03:46.136 D/wpa_supplicant(  711): nl80211: survey data missing!
02-27 18:03:46.136 I/WifiHW  (  505): REPLY: RSSI=-46
02-27 18:03:46.136 I/WifiHW  (  505): REPLY: LINKSPEED=65
02-27 18:03:46.136 I/WifiHW  (  505): REPLY: NOISE=9999
02-27 18:03:46.136 I/WifiHW  (  505): REPLY: FREQUENCY=2437
02-27 18:03:46.256 D/EVENT_THREAD(  186): void CEventThread::run() POLLIN event on Fd (1)
02-27 18:03:46.256 D/EVENT_THREAD(  186): void CEventThread::run() Do poll with timeout: -1
02-27 18:03:46.256 I/upi_ug31xx(  166): (2000) update_capacity
02-27 18:03:46.256 I/[UPI]   (  166): <UG31/E>[UpiReadCapacity]: V=3586(3592), T=356(357-428), I=-503, C=-2(-2-0)
02-27 18:03:46.256 I/[UPI]   (  166): <UG31/E>[UpiReadCapacity]: (0x0001254a) 141 (114) / 3822 (3822) = 4
02-27 18:03:46.256 I/[UPI]   (  166): <UG31/E>[UpiReadCapacity]: (0x0001254a) 141 (114) / 3822 (3822) = 4
02-27 18:03:46.256 I/[UPI]   (  166): <UG31/E>[UpiReadCapacity]: (0x0001254a) 139 (139) / 3822 (3822) = 4
02-27 18:03:46.256 I/[UPI]   (  166): <UG31/E>[RsocFilterCountTime]: (0x0001254a) Step=2(168320), Full=2(168320), Lock=168320(1800000)
02-27 18:03:46.256 I/[UPI]   (  166): <UG31/E>[UpiReadCapacity]: (0x0001254a) 139 (139) / 3822 (3822) = 4 (-503--503)
02-27 18:03:46.256 I/[UPI]   (  166): <UG31/E><BATT> M:normal, P:4(4-4)%, V:3594mV, C:-502mA, T:35.7C(428), S:0x0001254a(000), R:139mAh, F:3822mAh, Q:-1665mAh, CC:3, P:5.240(1664-0)s, BO:7, 97:615:0-44af-9m:B001-20140514-144301 (16)
02-27 18:03:46.256 D/EVENT_THREAD(  186): void CEventThread::run() POLLIN event on Fd (1)
02-27 18:03:46.256 D/EVENT_THREAD(  186): void CEventThread::run() Do poll with timeout: -1
02-27 18:03:46.256 I/upi_ug31xx(  166): (2001) backup_data 
02-27 18:03:46.256 V/upi_ug31xx(  166): state->check_backup_count = 7
02-27 18:03:48.516 D/EVENT_THREAD(  186): void CEventThread::run() POLLIN event on Fd (1)
02-27 18:03:48.516 D/EVENT_THREAD(  186): void CEventThread::run() Do poll with timeout: -1
02-27 18:03:49.136 I/WifiHW  (  505): CMD: IFNAME=wlan0 SIGNAL_POLL
02-27 18:03:49.136 D/wpa_supplicant(  711): RX ctrl_iface - hexdump(len=11): 53 49 47 4e 41 4c 5f 50 4f 4c 4c
02-27 18:03:49.136 D/wpa_supplicant(  711): wlan0: Control interface command 'SIGNAL_POLL'
02-27 18:03:49.166 D/wpa_supplicant(  711): nl80211: survey data missing!
02-27 18:03:49.166 I/WifiHW  (  505): REPLY: RSSI=-46
02-27 18:03:49.166 I/WifiHW  (  505): REPLY: LINKSPEED=65
02-27 18:03:49.166 I/WifiHW  (  505): REPLY: NOISE=9999
02-27 18:03:49.166 I/WifiHW  (  505): REPLY: FREQUENCY=2437
02-27 18:03:51.496 D/EVENT_THREAD(  186): void CEventThread::run() POLLIN event on Fd (1)
02-27 18:03:51.496 D/EVENT_THREAD(  186): void CEventThread::run() Do poll with timeout: -1
02-27 18:03:51.496 I/upi_ug31xx(  166): (2002) update_capacity
02-27 18:03:51.496 I/[UPI]   (  166): <UG31/E>[UpiReadCapacity]: V=3588(3593), T=356(357-428), I=-504, C=-1(-1-0)
02-27 18:03:51.496 I/[UPI]   (  166): <UG31/E>[UpiReadCapacity]: (0x0001254a) 139 (114) / 3822 (3822) = 4
02-27 18:03:51.496 I/[UPI]   (  166): <UG31/E>[UpiReadCapacity]: (0x0001254a) 139 (114) / 3822 (3822) = 4
02-27 18:03:51.496 I/[UPI]   (  166): <UG31/E>[UpiReadCapacity]: (0x0001254a) 137 (137) / 3822 (3822) = 4
02-27 18:03:51.496 I/[UPI]   (  166): <UG31/E>[RsocFilterCountTime]: (0x0001254a) Step=2(173560), Full=2(173560), Lock=173560(1800000)
02-27 18:03:51.496 I/[UPI]   (  166): <UG31/E>[UpiReadCapacity]: (0x0001254a) 137 (137) / 3822 (3822) = 4 (-504--504)
02-27 18:03:51.496 I/[UPI]   (  166): <UG31/E><BATT> M:normal, P:4(4-4)%, V:3594mV, C:-500mA, T:35.7C(428), S:0x0001254a(000), R:137mAh, F:3822mAh, Q:-1666mAh, CC:3, P:5.240(1665-0)s, BO:7, 97:615:0-44af-9m:B001-20140514-144301 (16)
02-27 18:03:51.496 D/EVENT_THREAD(  186): void CEventThread::run() POLLIN event on Fd (1)
02-27 18:03:51.496 D/EVENT_THREAD(  186): void CEventThread::run() Do poll with timeout: -1
02-27 18:03:51.496 I/upi_ug31xx(  166): (2003) backup_data 
02-27 18:03:51.496 V/upi_ug31xx(  166): state->check_backup_count = 8
02-27 18:03:52.166 I/WifiHW  (  505): CMD: IFNAME=wlan0 SIGNAL_POLL
02-27 18:03:52.166 D/wpa_supplicant(  711): RX ctrl_iface - hexdump(len=11): 53 49 47 4e 41 4c 5f 50 4f 4c 4c
02-27 18:03:52.166 D/wpa_supplicant(  711): wlan0: Control interface command 'SIGNAL_POLL'
02-27 18:03:52.196 D/wpa_supplicant(  711): nl80211: survey data missing!
02-27 18:03:52.196 I/WifiHW  (  505): REPLY: RSSI=-46
02-27 18:03:52.196 I/WifiHW  (  505): REPLY: LINKSPEED=65
02-27 18:03:52.196 I/WifiHW  (  505): REPLY: NOISE=9999
02-27 18:03:52.196 I/WifiHW  (  505): REPLY: FREQUENCY=2437
02-27 18:03:53.526 D/EVENT_THREAD(  186): void CEventThread::run() POLLIN event on Fd (1)
02-27 18:03:53.526 D/EVENT_THREAD(  186): void CEventThread::run() Do poll with timeout: -1
02-27 18:03:55.196 I/WifiHW  (  505): CMD: IFNAME=wlan0 SIGNAL_POLL
02-27 18:03:55.196 D/wpa_supplicant(  711): RX ctrl_iface - hexdump(len=11): 53 49 47 4e 41 4c 5f 50 4f 4c 4c
02-27 18:03:55.196 D/wpa_supplicant(  711): wlan0: Control interface command 'SIGNAL_POLL'
02-27 18:03:55.226 D/wpa_supplicant(  711): nl80211: survey data missing!
02-27 18:03:55.226 I/WifiHW  (  505): REPLY: RSSI=-46
02-27 18:03:55.226 I/WifiHW  (  505): REPLY: LINKSPEED=65
02-27 18:03:55.226 I/WifiHW  (  505): REPLY: NOISE=9999
02-27 18:03:55.226 I/WifiHW  (  505): REPLY: FREQUENCY=2437
02-27 18:03:56.736 D/EVENT_THREAD(  186): void CEventThread::run() POLLIN event on Fd (1)
02-27 18:03:56.736 D/EVENT_THREAD(  186): void CEventThread::run() Do poll with timeout: -1
02-27 18:03:56.736 I/upi_ug31xx(  166): (2004) update_capacity
02-27 18:03:56.736 I/[UPI]   (  166): <UG31/E>[UpiReadCapacity]: V=3589(3592), T=356(357-428), I=-604, C=-1(-1-0)
02-27 18:03:56.736 I/[UPI]   (  166): <UG31/E>[UpiReadCapacity]: (0x0001254a) 137 (152) / 3822 (3822) = 4
02-27 18:03:56.736 I/[UPI]   (  166): <UG31/E>[UpiReadCapacity]: (0x0001254a) 137 (152) / 3822 (3822) = 4
02-27 18:03:56.736 I/[UPI]   (  166): <UG31/E>[UpiReadCapacity]: (0x0001254a) 137 (137) / 3822 (3822) = 4
02-27 18:03:56.736 I/[UPI]   (  166): <UG31/E>[RsocFilterCountTime]: (0x0001254a) Step=2(178800), Full=2(178800), Lock=178800(1800000)
02-27 18:03:56.736 I/[UPI]   (  166): <UG31/E>[UpiReadCapacity]: (0x0001254a) 137 (137) / 3822 (3822) = 4 (-604--604)
02-27 18:03:56.736 I/[UPI]   (  166): <UG31/E><BATT> M:normal, P:4(4-4)%, V:3591mV, C:-682mA, T:35.7C(428), S:0x0001254a(000), R:137mAh, F:3822mAh, Q:-1667mAh, CC:3, P:5.240(1666-0)s, BO:7, 97:615:0-44af-9m:B001-20140514-144301 (16)
02-27 18:03:56.736 D/EVENT_THREAD(  186): void CEventThread::run() POLLIN event on Fd (1)
02-27 18:03:56.736 D/EVENT_THREAD(  186): void CEventThread::run() Do poll with timeout: -1
02-27 18:03:56.736 I/upi_ug31xx(  166): (2005) backup_data 
02-27 18:03:56.736 V/upi_ug31xx(  166): state->check_backup_count = 9
02-27 18:03:58.226 I/WifiHW  (  505): CMD: IFNAME=wlan0 SIGNAL_POLL
02-27 18:03:58.226 D/wpa_supplicant(  711): RX ctrl_iface - hexdump(len=11): 53 49 47 4e 41 4c 5f 50 4f 4c 4c
02-27 18:03:58.226 D/wpa_supplicant(  711): wlan0: Control interface command 'SIGNAL_POLL'
02-27 18:03:58.256 D/wpa_supplicant(  711): nl80211: survey data missing!
02-27 18:03:58.256 I/WifiHW  (  505): REPLY: RSSI=-46
02-27 18:03:58.256 I/WifiHW  (  505): REPLY: LINKSPEED=65
02-27 18:03:58.256 I/WifiHW  (  505): REPLY: NOISE=9999
02-27 18:03:58.256 I/WifiHW  (  505): REPLY: FREQUENCY=2437
02-27 18:03:58.546 D/EVENT_THREAD(  186): void CEventThread::run() POLLIN event on Fd (1)
02-27 18:03:58.546 D/EVENT_THREAD(  186): void CEventThread::run() Do poll with timeout: -1
02-27 18:04:00.016 I/SecurityManagerService(  600): SMS received security event: App[START/com.asus.sitd.whatsnext]
02-27 18:04:00.056 D/dalvikvm( 3626): Process 3626 nice name: com.asus.sitd.whatsnext
02-27 18:04:00.056 D/dalvikvm( 3626): Extra Options: not specified
02-27 18:04:00.066 I/ActivityManager(  505): Start proc com.asus.sitd.whatsnext for service com.asus.sitd.whatsnext/.service.WhatsNextService: pid=3626 uid=10082 gids={50082, 3003, 1028, 1015}
02-27 18:04:00.086 D/Clock   (  569): ACTION_TIME_TICK
02-27 18:04:00.146 D/xmlCheckExt( 3626): <neon>
02-27 18:04:00.146 D/xmlCheckExt( 3626):  pkgName = air.eti.uzzu.unalis
02-27 18:04:00.146 D/xmlCheckExt( 3626): <arch>
02-27 18:04:00.146 D/xmlCheckExt( 3626):  pkgName = com.evy.guessword
02-27 18:04:00.146 D/xmlCheckExt( 3626): <arch>
02-27 18:04:00.146 D/xmlCheckExt( 3626):  pkgName = com.bpiotor.lot
02-27 18:04:00.146 D/xmlCheckExt( 3626): <arch>
02-27 18:04:00.146 D/xmlCheckExt( 3626):  pkgName = com.goodstudent.app
02-27 18:04:00.146 D/xmlCheckExt( 3626): <arch>
02-27 18:04:00.146 D/xmlCheckExt( 3626):  pkgName = com.flyfish.supermario
02-27 18:04:00.146 D/xmlCheckExt( 3626): <arch>
02-27 18:04:00.146 D/xmlCheckExt( 3626):  pkgName = excel.sgs
02-27 18:04:00.146 D/xmlCheckExt( 3626): <arch>
02-27 18:04:00.146 D/xmlCheckExt( 3626):  pkgName = com.gamevil.doz.global
02-27 18:04:00.146 D/xmlCheckExt( 3626): <arch>
02-27 18:04:00.146 D/xmlCheckExt( 3626):  pkgName = com.tblin.HandsetGuardant
02-27 18:04:00.146 D/xmlCheckExt( 3626): <arch>
02-27 18:04:00.146 D/xmlCheckExt( 3626):  pkgName = com.baoliei.lmotuolijhhe
02-27 18:04:00.146 D/xmlCheckExt( 3626): <arch>
02-27 18:04:00.146 D/xmlCheckExt( 3626):  pkgName = com.bpiotor.fingerprint
02-27 18:04:00.146 D/xmlCheckExt( 3626): <arch>
02-27 18:04:00.146 D/xmlCheckExt( 3626):  pkgName = com.philzhu.www.ddz
02-27 18:04:00.146 D/xmlCheckExt( 3626): <arch>
02-27 18:04:00.146 D/xmlCheckExt( 3626):  pkgName = hh.root
02-27 18:04:00.146 D/xmlCheckExt( 3626): <arch>
02-27 18:04:00.146 D/xmlCheckExt( 3626):  pkgName = com.rao.love.yy.zjhmuti
02-27 18:04:00.146 D/xmlCheckExt( 3626): <arch>
02-27 18:04:00.146 D/xmlCheckExt( 3626):  pkgName = com.rao.flyfish.huntfish
02-27 18:04:00.146 D/xmlCheckExt( 3626): <arch>
02-27 18:04:00.146 D/xmlCheckExt( 3626):  pkgName = com.yucai.escape.tow
02-27 18:04:00.146 D/xmlCheckExt( 3626): <white>
02-27 18:04:00.146 D/xmlCheckExt( 3626):  pkgName = com.eembc.coremark
02-27 18:04:00.146 D/Zygote  ( 3626): Setting os.arch
02-27 18:04:00.166 I/dalvikvm( 3626): Enabling JNI app bug workarounds for target SDK version 13...
02-27 18:04:00.236 D/Clock   (  569): update clock:6:04
02-27 18:04:00.356 D/BatteryStatsImpl(  505): noteStopWakeLocked system isFromForeground = false
02-27 18:04:00.456 E/dalvikvm( 3626): Could not find class 'org.joda.time.tz.ZoneInfoProvider', referenced from method org.joda.time.DateTimeZone.getDefaultProvider
02-27 18:04:00.456 W/dalvikvm( 3626): VFY: unable to resolve new-instance 2988 (Lorg/joda/time/tz/ZoneInfoProvider;) in Lorg/joda/time/DateTimeZone;
02-27 18:04:00.456 D/dalvikvm( 3626): VFY: replacing opcode 0x22 at 0x0016
02-27 18:04:00.466 D/dalvikvm( 3626): DexOpt: unable to opt direct call 0x52e8 at 0x1a in Lorg/joda/time/DateTimeZone;.getDefaultProvider
02-27 18:04:00.486 D/WhatsNext( 3626): >> WhatsNext enable: false
02-27 18:04:00.596 I/ActivityManager(  505): Process com.asus.sitd.whatsnext (pid 3626) has died.
02-27 18:04:00.606 I/SecurityManagerService(  600): SMS received security event: App[STOP/com.asus.sitd.whatsnext]
02-27 18:04:01.256 I/WifiHW  (  505): CMD: IFNAME=wlan0 SIGNAL_POLL
02-27 18:04:01.256 D/wpa_supplicant(  711): RX ctrl_iface - hexdump(len=11): 53 49 47 4e 41 4c 5f 50 4f 4c 4c
02-27 18:04:01.256 D/wpa_supplicant(  711): wlan0: Control interface command 'SIGNAL_POLL'
02-27 18:04:01.286 D/wpa_supplicant(  711): nl80211: survey data missing!
02-27 18:04:01.286 I/WifiHW  (  505): REPLY: RSSI=-47
02-27 18:04:01.286 I/WifiHW  (  505): REPLY: LINKSPEED=65
02-27 18:04:01.286 I/WifiHW  (  505): REPLY: NOISE=9999
02-27 18:04:01.286 I/WifiHW  (  505): REPLY: FREQUENCY=2437
02-27 18:04:01.976 D/EVENT_THREAD(  186): void CEventThread::run() POLLIN event on Fd (1)
02-27 18:04:01.976 D/EVENT_THREAD(  186): void CEventThread::run() Do poll with timeout: -1
02-27 18:04:01.976 I/upi_ug31xx(  166): (2006) update_capacity
02-27 18:04:01.976 I/[UPI]   (  166): <UG31/E>[UpiReadCapacity]: V=3588(3588), T=357(359-428), I=-630, C=-2(-2-0)
02-27 18:04:01.976 I/[UPI]   (  166): <UG31/E>[UpiReadCapacity]: (0x0001254a) 137 (152) / 3822 (3822) = 4
02-27 18:04:01.976 I/[UPI]   (  166): <UG31/E>[UpiReadCapacity]: (0x0001254a) 137 (152) / 3822 (3822) = 4
02-27 18:04:01.976 I/[UPI]   (  166): <UG31/E>[UpiReadCapacity]: (0x0001254a) 135 (135) / 3822 (3822) = 4
02-27 18:04:01.976 I/[UPI]   (  166): <UG31/E>[RsocFilterCountTime]: (0x0001254a) Step=3(184050), Full=3(184050), Lock=184050(1800000)
02-27 18:04:01.976 I/[UPI]   (  166): <UG31/E>[UpiReadCapacity]: (0x0001254a) 135 (135) / 3822 (3822) = 4 (-630--630)
02-27 18:04:01.976 I/[UPI]   (  166): <UG31/E><BATT> M:normal, P:4(4-4)%, V:3588mV, C:-611mA, T:35.9C(428), S:0x0001254a(000), R:135mAh, F:3822mAh, Q:-1669mAh, CC:3, P:5.250(1668-0)s, BO:7, 97:615:0-44af-9m:B001-20140514-144301 (16)
02-27 18:04:01.976 D/EVENT_THREAD(  186): void CEventThread::run() POLLIN event on Fd (1)
02-27 18:04:01.976 D/EVENT_THREAD(  186): void CEventThread::run() Do poll with timeout: -1
02-27 18:04:01.976 I/upi_ug31xx(  166): (2007) backup_data 
02-27 18:04:01.976 V/upi_ug31xx(  166): state->check_backup_count = 10
02-27 18:04:03.546 D/EVENT_THREAD(  186): void CEventThread::run() POLLIN event on Fd (1)
02-27 18:04:03.546 D/EVENT_THREAD(  186): void CEventThread::run() Do poll with timeout: -1
02-27 18:04:04.286 I/WifiHW  (  505): CMD: IFNAME=wlan0 SIGNAL_POLL
02-27 18:04:04.286 D/wpa_supplicant(  711): RX ctrl_iface - hexdump(len=11): 53 49 47 4e 41 4c 5f 50 4f 4c 4c
02-27 18:04:04.286 D/wpa_supplicant(  711): wlan0: Control interface command 'SIGNAL_POLL'
02-27 18:04:04.316 D/wpa_supplicant(  711): nl80211: survey data missing!
02-27 18:04:04.316 I/WifiHW  (  505): REPLY: RSSI=-47
02-27 18:04:04.316 I/WifiHW  (  505): REPLY: LINKSPEED=65
02-27 18:04:04.316 I/WifiHW  (  505): REPLY: NOISE=9999
02-27 18:04:04.316 I/WifiHW  (  505): REPLY: FREQUENCY=2437
02-27 18:04:07.206 D/EVENT_THREAD(  186): void CEventThread::run() POLLIN event on Fd (1)
02-27 18:04:07.206 D/EVENT_THREAD(  186): void CEventThread::run() Do poll with timeout: -1
02-27 18:04:07.206 D/EVENT_THREAD(  186): void CEventThread::run() POLLIN event on Fd (1)
02-27 18:04:07.206 D/EVENT_THREAD(  186): void CEventThread::run() Do poll with timeout: -1
02-27 18:04:07.206 I/upi_ug31xx(  166): (2008) update_capacity
02-27 18:04:07.206 I/[UPI]   (  166): <UG31/E>[UpiReadCapacity]: V=3587(3586), T=357(359-429), I=-680, C=1(0-1)
02-27 18:04:07.206 I/[UPI]   (  166): <UG31/E>[UpiReadCapacity]: (0x0001254a) 135 (152) / 3822 (3822) = 4
02-27 18:04:07.206 I/[UPI]   (  166): <UG31/E>[UpiReadCapacity]: (0x0001254a) 135 (152) / 3822 (3822) = 4
02-27 18:04:07.206 I/[UPI]   (  166): <UG31/E>[UpiReadCapacity]: (0x0001254a) 135 (135) / 3822 (3822) = 4
02-27 18:04:07.206 I/[UPI]   (  166): <UG31/E>[RsocFilterCountTime]: (0x0001254a) Step=3(189280), Full=3(189280), Lock=189280(1800000)
02-27 18:04:07.206 I/[UPI]   (  166): <UG31/E>[UpiReadCapacity]: (0x0001254a) 135 (135) / 3822 (3822) = 4 (-680--680)
02-27 18:04:07.206 I/[UPI]   (  166): <UG31/E><BATT> M:normal, P:4(4-4)%, V:3586mV, C:-683mA, T:35.9C(429), S:0x0001254a(000), R:135mAh, F:3822mAh, Q:-1668mAh, CC:3, P:5.230(1667-1)s, BO:7, 97:615:0-44af-9m:B001-20140514-144301 (16)
02-27 18:04:07.206 I/upi_ug31xx(  166): (2009) backup_data 
02-27 18:04:07.206 V/upi_ug31xx(  166): state->check_backup_count = 11
02-27 18:04:07.316 I/WifiHW  (  505): CMD: IFNAME=wlan0 SIGNAL_POLL
02-27 18:04:07.316 D/wpa_supplicant(  711): RX ctrl_iface - hexdump(len=11): 53 49 47 4e 41 4c 5f 50 4f 4c 4c
02-27 18:04:07.316 D/wpa_supplicant(  711): wlan0: Control interface command 'SIGNAL_POLL'
02-27 18:04:07.346 D/wpa_supplicant(  711): nl80211: survey data missing!
02-27 18:04:07.346 I/WifiHW  (  505): REPLY: RSSI=-46
02-27 18:04:07.346 I/WifiHW  (  505): REPLY: LINKSPEED=65
02-27 18:04:07.346 I/WifiHW  (  505): REPLY: NOISE=9999
02-27 18:04:07.346 I/WifiHW  (  505): REPLY: FREQUENCY=2437
02-27 18:04:08.556 D/EVENT_THREAD(  186): void CEventThread::run() POLLIN event on Fd (1)
02-27 18:04:08.556 D/EVENT_THREAD(  186): void CEventThread::run() Do poll with timeout: -1
02-27 18:04:10.346 I/WifiHW  (  505): CMD: IFNAME=wlan0 SIGNAL_POLL
02-27 18:04:10.346 D/wpa_supplicant(  711): RX ctrl_iface - hexdump(len=11): 53 49 47 4e 41 4c 5f 50 4f 4c 4c
02-27 18:04:10.346 D/wpa_supplicant(  711): wlan0: Control interface command 'SIGNAL_POLL'
02-27 18:04:10.376 D/wpa_supplicant(  711): nl80211: survey data missing!
02-27 18:04:10.376 I/WifiHW  (  505): REPLY: RSSI=-48
02-27 18:04:10.376 I/WifiHW  (  505): REPLY: LINKSPEED=65
02-27 18:04:10.376 I/WifiHW  (  505): REPLY: NOISE=9999
02-27 18:04:10.376 I/WifiHW  (  505): REPLY: FREQUENCY=2437
02-27 18:04:12.436 D/EVENT_THREAD(  186): void CEventThread::run() POLLIN event on Fd (1)
02-27 18:04:12.436 D/EVENT_THREAD(  186): void CEventThread::run() Do poll with timeout: -1
02-27 18:04:12.436 D/EVENT_THREAD(  186): void CEventThread::run() POLLIN event on Fd (1)
02-27 18:04:12.436 D/EVENT_THREAD(  186): void CEventThread::run() Do poll with timeout: -1
02-27 18:04:12.436 I/upi_ug31xx(  166): (2010) update_capacity
02-27 18:04:12.436 I/[UPI]   (  166): <UG31/E>[UpiReadCapacity]: V=3585(3583), T=357(359-429), I=-655, C=0(0-1)
02-27 18:04:12.436 I/[UPI]   (  166): <UG31/E>[UpiReadCapacity]: (0x0001254a) 135 (152) / 3822 (3822) = 4
02-27 18:04:12.436 I/[UPI]   (  166): <UG31/E>[UpiReadCapacity]: (0x0001254a) 135 (152) / 3822 (3822) = 4
02-27 18:04:12.436 I/[UPI]   (  166): <UG31/E>[UpiReadCapacity]: (0x0001254a) 135 (135) / 3822 (3822) = 4
02-27 18:04:12.436 I/[UPI]   (  166): <UG31/E>[RsocFilterCountTime]: (0x0001254a) Step=3(194510), Full=3(194510), Lock=194510(1800000)
02-27 18:04:12.436 I/[UPI]   (  166): <UG31/E>[UpiReadCapacity]: (0x0001254a) 135 (135) / 3822 (3822) = 4 (-655--655)
02-27 18:04:12.436 I/[UPI]   (  166): <UG31/E><BATT> M:normal, P:4(4-4)%, V:3583mV, C:-680mA, T:35.9C(429), S:0x0001254a(000), R:135mAh, F:3822mAh, Q:-1668mAh, CC:3, P:5.230(1667-1)s, BO:7, 97:615:0-44af-9m:B001-20140514-144301 (16)
02-27 18:04:12.436 I/upi_ug31xx(  166): (2011) backup_data 
02-27 18:04:12.436 V/upi_ug31xx(  166): state->check_backup_count = 12
02-27 18:04:13.376 I/WifiHW  (  505): CMD: IFNAME=wlan0 SIGNAL_POLL
02-27 18:04:13.376 D/wpa_supplicant(  711): RX ctrl_iface - hexdump(len=11): 53 49 47 4e 41 4c 5f 50 4f 4c 4c
02-27 18:04:13.376 D/wpa_supplicant(  711): wlan0: Control interface command 'SIGNAL_POLL'
02-27 18:04:13.406 D/wpa_supplicant(  711): nl80211: survey data missing!
02-27 18:04:13.406 I/WifiHW  (  505): REPLY: RSSI=-47
02-27 18:04:13.406 I/WifiHW  (  505): REPLY: LINKSPEED=65
02-27 18:04:13.406 I/WifiHW  (  505): REPLY: NOISE=9999
02-27 18:04:13.406 I/WifiHW  (  505): REPLY: FREQUENCY=2437
02-27 18:04:13.566 D/EVENT_THREAD(  186): void CEventThread::run() POLLIN event on Fd (1)
02-27 18:04:13.566 D/EVENT_THREAD(  186): void CEventThread::run() Do poll with timeout: -1
02-27 18:04:16.406 I/WifiHW  (  505): CMD: IFNAME=wlan0 SIGNAL_POLL
02-27 18:04:16.406 D/wpa_supplicant(  711): RX ctrl_iface - hexdump(len=11): 53 49 47 4e 41 4c 5f 50 4f 4c 4c
02-27 18:04:16.406 D/wpa_supplicant(  711): wlan0: Control interface command 'SIGNAL_POLL'
02-27 18:04:16.406 D/wpa_supplicant(  711): nl80211: survey data missing!
02-27 18:04:16.406 I/WifiHW  (  505): REPLY: RSSI=-48
02-27 18:04:16.406 I/WifiHW  (  505): REPLY: LINKSPEED=65
02-27 18:04:16.406 I/WifiHW  (  505): REPLY: NOISE=9999
02-27 18:04:16.406 I/WifiHW  (  505): REPLY: FREQUENCY=2437
02-27 18:04:17.686 D/EVENT_THREAD(  186): void CEventThread::run() POLLIN event on Fd (1)
02-27 18:04:17.686 D/EVENT_THREAD(  186): void CEventThread::run() Do poll with timeout: -1
02-27 18:04:17.686 I/upi_ug31xx(  166): (2012) update_capacity
02-27 18:04:17.686 I/[UPI]   (  166): <UG31/E>[UpiReadCapacity]: V=3583(3581), T=357(359-429), I=-680, C=-2(-1-0)
02-27 18:04:17.686 I/[UPI]   (  166): <UG31/E>[UpiReadCapacity]: (0x0001254a) 135 (152) / 3822 (3822) = 4
02-27 18:04:17.686 I/[UPI]   (  166): <UG31/E>[UpiReadCapacity]: (0x0001254a) 135 (152) / 3822 (3822) = 4
02-27 18:04:17.686 I/[UPI]   (  166): <UG31/E>[UpiReadCapacity]: (0x0001254a) 134 (134) / 3822 (3822) = 4
02-27 18:04:17.686 I/[UPI]   (  166): <UG31/E>[RsocFilterCountTime]: (0x0001254a) Step=3(199760), Full=3(199760), Lock=199760(1800000)
02-27 18:04:17.686 I/[UPI]   (  166): <UG31/E>[UpiReadCapacity]: (0x0001254a) 134 (134) / 3822 (3822) = 4 (-680--680)
02-27 18:04:17.686 I/[UPI]   (  166): <UG31/E><BATT> M:normal, P:4(4-4)%, V:3580mV, C:-677mA, T:35.9C(429), S:0x0001254a(000), R:134mAh, F:3822mAh, Q:-1670mAh, CC:3, P:5.250(1669-0)s, BO:7, 97:615:0-44af-9m:B001-20140514-144301 (16)
02-27 18:04:17.686 D/EVENT_THREAD(  186): void CEventThread::run() POLLIN event on Fd (1)
02-27 18:04:17.686 D/EVENT_THREAD(  186): void CEventThread::run() Do poll with timeout: -1
02-27 18:04:17.686 I/upi_ug31xx(  166): (2013) backup_data 
02-27 18:04:17.686 V/upi_ug31xx(  166): state->check_backup_count = 13
02-27 18:04:18.586 D/EVENT_THREAD(  186): void CEventThread::run() POLLIN event on Fd (1)
02-27 18:04:18.586 D/EVENT_THREAD(  186): void CEventThread::run() Do poll with timeout: -1
02-27 18:04:19.416 I/WifiHW  (  505): CMD: IFNAME=wlan0 SIGNAL_POLL
02-27 18:04:19.416 D/wpa_supplicant(  711): RX ctrl_iface - hexdump(len=11): 53 49 47 4e 41 4c 5f 50 4f 4c 4c
02-27 18:04:19.416 D/wpa_supplicant(  711): wlan0: Control interface command 'SIGNAL_POLL'
02-27 18:04:19.446 D/wpa_supplicant(  711): nl80211: survey data missing!
02-27 18:04:19.446 I/WifiHW  (  505): REPLY: RSSI=-47
02-27 18:04:19.446 I/WifiHW  (  505): REPLY: LINKSPEED=65
02-27 18:04:19.446 I/WifiHW  (  505): REPLY: NOISE=9999
02-27 18:04:19.446 I/WifiHW  (  505): REPLY: FREQUENCY=2437
02-27 18:04:22.446 I/WifiHW  (  505): CMD: IFNAME=wlan0 SIGNAL_POLL
02-27 18:04:22.446 D/wpa_supplicant(  711): RX ctrl_iface - hexdump(len=11): 53 49 47 4e 41 4c 5f 50 4f 4c 4c
02-27 18:04:22.446 D/wpa_supplicant(  711): wlan0: Control interface command 'SIGNAL_POLL'
02-27 18:04:22.476 D/wpa_supplicant(  711): nl80211: survey data missing!
02-27 18:04:22.476 I/WifiHW  (  505): REPLY: RSSI=-47
02-27 18:04:22.476 I/WifiHW  (  505): REPLY: LINKSPEED=65
02-27 18:04:22.476 I/WifiHW  (  505): REPLY: NOISE=9999
02-27 18:04:22.476 I/WifiHW  (  505): REPLY: FREQUENCY=2437
02-27 18:04:22.926 D/EVENT_THREAD(  186): void CEventThread::run() POLLIN event on Fd (1)
02-27 18:04:22.926 D/EVENT_THREAD(  186): void CEventThread::run() Do poll with timeout: -1
02-27 18:04:22.926 I/upi_ug31xx(  166): (2014) update_capacity
02-27 18:04:22.926 I/[UPI]   (  166): <UG31/E>[UpiReadCapacity]: V=3582(3580), T=357(359-429), I=-682, C=0(0-0)
02-27 18:04:22.926 I/[UPI]   (  166): <UG31/E>[UpiReadCapacity]: (0x0001254a) 134 (152) / 3822 (3822) = 4
02-27 18:04:22.926 I/[UPI]   (  166): <UG31/E>[UpiReadCapacity]: (0x0001254a) 134 (152) / 3822 (3822) = 4
02-27 18:04:22.926 I/[UPI]   (  166): <UG31/E>[UpiReadCapacity]: (0x0001254a) 134 (134) / 3822 (3822) = 4
02-27 18:04:22.926 I/[UPI]   (  166): <UG31/E>[RsocFilterCountTime]: (0x0001254a) Step=3(204990), Full=3(204990), Lock=204990(1800000)
02-27 18:04:22.926 I/[UPI]   (  166): <UG31/E>[UpiReadCapacity]: (0x0001254a) 134 (134) / 3822 (3822) = 4 (-682--682)
02-27 18:04:22.926 I/[UPI]   (  166): <UG31/E><BATT> M:normal, P:4(4-4)%, V:3580mV, C:-700mA, T:35.9C(429), S:0x0001254a(000), R:134mAh, F:3822mAh, Q:-1670mAh, CC:3, P:5.230(1669-0)s, BO:7, 97:615:0-44af-9m:B001-20140514-144301 (16)
02-27 18:04:22.926 D/EVENT_THREAD(  186): void CEventThread::run() POLLIN event on Fd (1)
02-27 18:04:22.926 D/EVENT_THREAD(  186): void CEventThread::run() Do poll with timeout: -1
02-27 18:04:22.966 I/upi_ug31xx(  166): (2015) backup_data 
02-27 18:04:22.966 V/upi_ug31xx(  166): state->check_backup_count = 14
02-27 18:04:23.596 D/EVENT_THREAD(  186): void CEventThread::run() POLLIN event on Fd (1)
02-27 18:04:23.596 D/EVENT_THREAD(  186): void CEventThread::run() Do poll with timeout: -1
02-27 18:04:25.476 I/WifiHW  (  505): CMD: IFNAME=wlan0 SIGNAL_POLL
02-27 18:04:25.476 D/wpa_supplicant(  711): RX ctrl_iface - hexdump(len=11): 53 49 47 4e 41 4c 5f 50 4f 4c 4c
02-27 18:04:25.476 D/wpa_supplicant(  711): wlan0: Control interface command 'SIGNAL_POLL'
02-27 18:04:25.506 D/wpa_supplicant(  711): nl80211: survey data missing!
02-27 18:04:25.506 I/WifiHW  (  505): REPLY: RSSI=-48
02-27 18:04:25.506 I/WifiHW  (  505): REPLY: LINKSPEED=65
02-27 18:04:25.506 I/WifiHW  (  505): REPLY: NOISE=9999
02-27 18:04:25.506 I/WifiHW  (  505): REPLY: FREQUENCY=2437
02-27 18:04:28.166 D/EVENT_THREAD(  186): void CEventThread::run() POLLIN event on Fd (1)
02-27 18:04:28.166 D/EVENT_THREAD(  186): void CEventThread::run() Do poll with timeout: -1
02-27 18:04:28.166 I/upi_ug31xx(  166): (2016) update_capacity
02-27 18:04:28.166 I/[UPI]   (  166): <UG31/E>[UpiReadCapacity]: V=3581(3580), T=357(359-430), I=-656, C=-3(-3-0)
02-27 18:04:28.166 I/[UPI]   (  166): <UG31/E>[UpiReadCapacity]: (0x0001254a) 134 (152) / 3822 (3822) = 4
02-27 18:04:28.166 I/[UPI]   (  166): <UG31/E>[UpiReadCapacity]: (0x0001254a) 134 (152) / 3822 (3822) = 4
02-27 18:04:28.166 I/[UPI]   (  166): <UG31/E>[UpiReadCapacity]: (0x0001254a) 131 (131) / 3822 (3822) = 3
02-27 18:04:28.166 I/[UPI]   (  166): <UG31/E>[RsocFilterCountTime]: (0x0001254a) Step=3(210230), Full=3(210230), Lock=210230(1800000)
02-27 18:04:28.166 I/[UPI]   (  166): <UG31/E>[UpiReadCapacity]: (0x0001254a) 131 (131) / 3822 (3822) = 3 (-656--656)
02-27 18:04:28.166 I/[UPI]   (  166): <UG31/E><BATT> M:normal, P:3(3-3)%, V:3580mV, C:-672mA, T:35.9C(430), S:0x0001254a(000), R:131mAh, F:3822mAh, Q:-1673mAh, CC:3, P:5.240(1672-0)s, BO:7, 97:615:0-44af-9m:B001-20140514-144301 (16)
02-27 18:04:28.166 D/EVENT_THREAD(  186): void CEventThread::run() POLLIN event on Fd (1)
02-27 18:04:28.166 D/EVENT_THREAD(  186): void CEventThread::run() Do poll with timeout: -1
02-27 18:04:28.166 I/upi_ug31xx(  166): (2017) backup_data 
02-27 18:04:28.166 V/upi_ug31xx(  166): state->check_backup_count = 15
02-27 18:04:28.386 D/EVENT_THREAD(  186): void CEventThread::run() POLLIN event on Fd (1)
02-27 18:04:28.386 D/EVENT_THREAD(  186): void CEventThread::run() Do poll with timeout: -1
02-27 18:04:28.506 I/WifiHW  (  505): CMD: IFNAME=wlan0 SIGNAL_POLL
02-27 18:04:28.506 D/wpa_supplicant(  711): RX ctrl_iface - hexdump(len=11): 53 49 47 4e 41 4c 5f 50 4f 4c 4c
02-27 18:04:28.506 D/wpa_supplicant(  711): wlan0: Control interface command 'SIGNAL_POLL'
02-27 18:04:28.536 D/wpa_supplicant(  711): nl80211: survey data missing!
02-27 18:04:28.536 I/WifiHW  (  505): REPLY: RSSI=-49
02-27 18:04:28.536 I/WifiHW  (  505): REPLY: LINKSPEED=65
02-27 18:04:28.536 I/WifiHW  (  505): REPLY: NOISE=9999
02-27 18:04:28.536 I/WifiHW  (  505): REPLY: FREQUENCY=2437
02-27 18:04:31.536 I/WifiHW  (  505): CMD: IFNAME=wlan0 SIGNAL_POLL
02-27 18:04:31.536 D/wpa_supplicant(  711): RX ctrl_iface - hexdump(len=11): 53 49 47 4e 41 4c 5f 50 4f 4c 4c
02-27 18:04:31.536 D/wpa_supplicant(  711): wlan0: Control interface command 'SIGNAL_POLL'
02-27 18:04:31.556 D/wpa_supplicant(  711): nl80211: survey data missing!
02-27 18:04:31.556 I/WifiHW  (  505): REPLY: RSSI=-44
02-27 18:04:31.556 I/WifiHW  (  505): REPLY: LINKSPEED=65
02-27 18:04:31.556 I/WifiHW  (  505): REPLY: NOISE=9999
02-27 18:04:31.556 I/WifiHW  (  505): REPLY: FREQUENCY=2437
02-27 18:04:33.406 D/EVENT_THREAD(  186): void CEventThread::run() POLLIN event on Fd (1)
02-27 18:04:33.406 D/EVENT_THREAD(  186): void CEventThread::run() Do poll with timeout: -1
02-27 18:04:33.406 D/EVENT_THREAD(  186): void CEventThread::run() POLLIN event on Fd (1)
02-27 18:04:33.406 D/EVENT_THREAD(  186): void CEventThread::run() Do poll with timeout: -1
02-27 18:04:33.496 I/upi_ug31xx(  166): (2018) update_capacity
02-27 18:04:33.496 I/[UPI]   (  166): <UG31/E>[UpiReadCapacity]: V=3580(3580), T=358(360-430), I=-587, C=-2(-2-0)
02-27 18:04:33.496 I/[UPI]   (  166): <UG31/E>[UpiReadCapacity]: (0x0001254a) 131 (114) / 3822 (3822) = 3
02-27 18:04:33.496 I/[UPI]   (  166): <UG31/E>[UpiReadCapacity]: (0x0001254a) 131 (114) / 3822 (3822) = 3
02-27 18:04:33.496 I/[UPI]   (  166): <UG31/E>[UpiReadCapacity]: (0x0001254a) 129 (129) / 3822 (3822) = 3
02-27 18:04:33.496 I/[UPI]   (  166): <UG31/E>[RsocFilterCountTime]: (0x0001254a) Step=0(5250), Full=0(5250), Lock=5250(1800000)
02-27 18:04:33.496 I/[UPI]   (  166): <UG31/E>[UpiReadCapacity]: (0x0001254a) 129 (129) / 3822 (3822) = 3 (-587--587)
02-27 18:04:33.496 I/[UPI]   (  166): <UG31/E><BATT> M:normal, P:3(3-3)%, V:3580mV, C:-540mA, T:36.0C(430), S:0x0001254a(000), R:129mAh, F:3822mAh, Q:-1675mAh, CC:3, P:5.250(1674-0)s, BO:7, 97:615:0-44af-9m:B001-20140514-144301 (16)
02-27 18:04:33.496 I/upi_ug31xx(  166): (2019) backup_data write
02-27 18:04:33.496 V/upi_ug31xx(  166): state->check_backup_count = 16
02-27 18:04:33.506 I/[UPI]   (  166): <UG31/E>[upi_lib_backup_data]: Driver backup data not ready.
02-27 18:04:33.606 D/EVENT_THREAD(  186): void CEventThread::run() POLLIN event on Fd (1)
02-27 18:04:33.606 D/EVENT_THREAD(  186): void CEventThread::run() Do poll with timeout: -1
02-27 18:04:34.556 I/WifiHW  (  505): CMD: IFNAME=wlan0 SIGNAL_POLL
02-27 18:04:34.556 D/wpa_supplicant(  711): RX ctrl_iface - hexdump(len=11): 53 49 47 4e 41 4c 5f 50 4f 4c 4c
02-27 18:04:34.556 D/wpa_supplicant(  711): wlan0: Control interface command 'SIGNAL_POLL'
02-27 18:04:34.586 D/wpa_supplicant(  711): nl80211: survey data missing!
02-27 18:04:34.586 I/WifiHW  (  505): REPLY: RSSI=-56
02-27 18:04:34.586 I/WifiHW  (  505): REPLY: LINKSPEED=65
02-27 18:04:34.586 I/WifiHW  (  505): REPLY: NOISE=9999
02-27 18:04:34.586 I/WifiHW  (  505): REPLY: FREQUENCY=2437
02-27 18:04:37.596 I/WifiHW  (  505): CMD: IFNAME=wlan0 SIGNAL_POLL
02-27 18:04:37.596 D/wpa_supplicant(  711): RX ctrl_iface - hexdump(len=11): 53 49 47 4e 41 4c 5f 50 4f 4c 4c
02-27 18:04:37.596 D/wpa_supplicant(  711): wlan0: Control interface command 'SIGNAL_POLL'
02-27 18:04:37.616 D/wpa_supplicant(  711): nl80211: survey data missing!
02-27 18:04:37.616 I/WifiHW  (  505): REPLY: RSSI=-50
02-27 18:04:37.616 I/WifiHW  (  505): REPLY: LINKSPEED=65
02-27 18:04:37.616 I/WifiHW  (  505): REPLY: NOISE=9999
02-27 18:04:37.616 I/WifiHW  (  505): REPLY: FREQUENCY=2437
02-27 18:04:38.406 D/EVENT_THREAD(  186): void CEventThread::run() POLLIN event on Fd (1)
02-27 18:04:38.406 D/EVENT_THREAD(  186): void CEventThread::run() Do poll with timeout: -1
02-27 18:04:38.816 D/EVENT_THREAD(  186): void CEventThread::run() POLLIN event on Fd (1)
02-27 18:04:38.816 D/EVENT_THREAD(  186): void CEventThread::run() Do poll with timeout: -1
02-27 18:04:38.816 I/upi_ug31xx(  166): (2020) update_capacity
02-27 18:04:38.816 I/[UPI]   (  166): <UG31/E>[UpiReadCapacity]: V=3579(3577), T=358(360-430), I=-643, C=-2(-2-0)
02-27 18:04:38.816 I/[UPI]   (  166): <UG31/E>[UpiReadCapacity]: (0x0001254a) 129 (114) / 3822 (3822) = 3
02-27 18:04:38.816 I/[UPI]   (  166): <UG31/E>[UpiReadCapacity]: (0x0001254a) 129 (114) / 3822 (3822) = 3
02-27 18:04:38.816 I/[UPI]   (  166): <UG31/E>[UpiReadCapacity]: (0x0001254a) 127 (127) / 3822 (3822) = 3
