02-27 18:01:58.026 D/AlarmManager(  505): Removed alarm Alarm{22b06928 type 0 com.baidu.BaiduMap} type:RTC_WAKEUP
02-27 18:01:58.036 D/AlarmManager(  505): Added alarm Alarm{22453988 type 2 android} type:ELAPSED_REALTIME_WAKEUP when: After 0h:3m:54.0s
02-27 18:01:58.036 D/AlarmManager(  505): Added alarm Alarm{22453b60 type 0 android} type:RTC_WAKEUP when: At 15-2-27 6:00 repeatInterval: 0h:30m:0.0s
02-27 18:01:58.036 D/AlarmManager(  505): Added alarm Alarm{22453f10 type 0 com.baidu.BaiduMap} type:RTC_WAKEUP when: At 15-2-27 6:08 repeatInterval: 0h:7m:0.0s
02-27 18:01:58.056 D/dalvikvm(  505): GC_CONCURRENT freed 4793K, 47% free 18709K/34800K, paused 2ms+4ms, total 30ms
02-27 18:01:58.056 D/BatteryStatsImpl(  505): noteStopWakeLocked system isFromForeground = false
02-27 18:01:58.056 D/PushService(28463): -- onStartCommand -- Intent { flg=0x4 cmp=com.baidu.BaiduMap/com.baidu.android.pushservice.PushService (has extras) }
02-27 18:01:58.056 D/PushSDK (28463): handleOnStart intent action = null
02-27 18:01:58.056 I/PushSDK (28463): -- handleOnStart -- Intent { flg=0x4 cmp=com.baidu.BaiduMap/com.baidu.android.pushservice.PushService (has extras) }
02-27 18:01:58.056 D/PushSDK (28463): heartbeat networkConnected :true
02-27 18:01:58.056 I/MessageHandler(28463): sendHeartbeatMessage 
02-27 18:01:58.056 I/PushConnection(28463): sendHeartbeatMessage
02-27 18:01:58.056 D/PushConnection(28463): SendThread send msg :id : 0, version: 0, needReply: true
02-27 18:01:58.056 D/RegistrationService(28463): RegistrationSerice handleIntent : Intent { act=com.baidu.android.pushservice.action.METHOD cmp=com.baidu.BaiduMap/com.baidu.android.pushservice.PushService (has extras) }
02-27 18:01:58.056 D/AlarmManager(  505): Triggered Alarm 2242c648 RTC_WAKEUP IntentSender{22c37f18: PendingIntentRecord{22281630 com.baidu.BaiduMap startService}}
02-27 18:01:58.266 I/socket  (28463): msgid:5
02-27 18:01:58.266 D/PushConnection(28463): RTC stat update from 420 to 420
02-27 18:01:58.296 I/MessageHandler(28463): readMessage tiny heart beat from server, msgId:5
02-27 18:01:58.296 D/PushConnection(28463): ReadThread receive msg :id : 5, version: 0, needReply: false
02-27 18:01:58.296 I/MessageHandler(28463): handleMessage MSG_ID_TIMY_HEARTBEAT_CLIENT
02-27 18:01:58.336 D/EVENT_THREAD(  186): void CEventThread::run() POLLIN event on Fd (1)
02-27 18:01:58.336 D/EVENT_THREAD(  186): void CEventThread::run() Do poll with timeout: -1
02-27 18:01:58.566 W/BindingManager( 2925): Cannot call determinedVisibility() - never saw a connection for the pid: 2925
02-27 18:01:58.816 I/chromium( 2925): [INFO:CONSOLE(0)] "Synchronous XMLHttpRequest on the main thread is deprecated because of its detrimental effects to the end user's experience. For more help, check http://xhr.spec.whatwg.org/.", source:  (0)
02-27 18:01:58.876 D/        ( 2925): Pixel Format : GGL_PIXEL_FORMAT_RGBA_8888
02-27 18:01:58.876 D/        ( 2925): droid_create_context : config id = 1 conf->NativeVisualID=1
02-27 18:01:58.876 D/        ( 2925): Pixel Format : GGL_PIXEL_FORMAT_RGBA_8888
02-27 18:01:58.876 I/        ( 2925): Requested context : GLES 2.0
02-27 18:01:59.986 D/AlarmManager(  505): Added alarm Alarm{22b012b0 type 0 android} type:RTC_WAKEUP when: At 15-2-27 6:30 repeatInterval: 0h:30m:0.0s
02-27 18:01:59.986 D/AlarmManager(  505): Triggered Alarm 22453b60 RTC_WAKEUP IntentSender{22ad9708: PendingIntentRecord{220ea8d0 android broadcastIntent}}
02-27 18:01:59.996 D/Clock   (  569): ACTION_TIME_TICK
02-27 18:01:59.996 D/Clock   (  569): update clock:6:02
02-27 18:02:00.006 D/BatteryStatsImpl(  505): noteStopWakeLocked system isFromForeground = false
02-27 18:02:00.086 I/WifiHW  (  505): CMD: IFNAME=wlan0 SIGNAL_POLL
02-27 18:02:00.086 D/wpa_supplicant(  711): RX ctrl_iface - hexdump(len=11): 53 49 47 4e 41 4c 5f 50 4f 4c 4c
02-27 18:02:00.086 D/wpa_supplicant(  711): wlan0: Control interface command 'SIGNAL_POLL'
02-27 18:02:00.116 D/wpa_supplicant(  711): nl80211: survey data missing!
02-27 18:02:00.116 I/WifiHW  (  505): REPLY: RSSI=-46
02-27 18:02:00.116 I/WifiHW  (  505): REPLY: LINKSPEED=39
02-27 18:02:00.116 I/WifiHW  (  505): REPLY: NOISE=9999
02-27 18:02:00.116 I/WifiHW  (  505): REPLY: FREQUENCY=2437
02-27 18:02:01.346 D/EVENT_THREAD(  186): void CEventThread::run() POLLIN event on Fd (1)
02-27 18:02:01.346 D/EVENT_THREAD(  186): void CEventThread::run() Do poll with timeout: -1
02-27 18:02:01.346 D/EVENT_THREAD(  186): void CEventThread::run() POLLIN event on Fd (1)
02-27 18:02:01.346 D/EVENT_THREAD(  186): void CEventThread::run() Do poll with timeout: -1
02-27 18:02:01.346 I/upi_ug31xx(  166): (1960) update_capacity
02-27 18:02:01.346 I/[UPI]   (  166): <UG31/E>[UpiReadCapacity]: V=3603(3603), T=355(355-423), I=-586, C=-2(-1-0)
02-27 18:02:01.346 I/[UPI]   (  166): <UG31/E>[UpiReadCapacity]: (0x0001254a) 160 (152) / 3822 (3822) = 4
02-27 18:02:01.346 I/[UPI]   (  166): <UG31/E>[UpiReadCapacity]: (0x0001254a) 160 (152) / 3822 (3822) = 4
02-27 18:02:01.346 I/[UPI]   (  166): <UG31/E>[UpiReadCapacity]: (0x0001254a) 159 (159) / 3822 (3822) = 4
02-27 18:02:01.346 I/[UPI]   (  166): <UG31/E>[RsocFilterCountTime]: (0x0001254a) Step=1(63410), Full=1(63410), Lock=63410(1800000)
02-27 18:02:01.346 I/[UPI]   (  166): <UG31/E>[UpiReadCapacity]: (0x0001254a) 159 (159) / 3822 (3822) = 4 (-586--586)
02-27 18:02:01.346 I/[UPI]   (  166): <UG31/E><BATT> M:normal, P:4(4-4)%, V:3602mV, C:-668mA, T:35.5C(423), S:0x0001254a(000), R:159mAh, F:3822mAh, Q:-1645mAh, CC:3, P:5.240(1644-0)s, BO:7, 97:615:0-44af-9m:B001-20140514-144301 (16)
02-27 18:02:01.346 I/upi_ug31xx(  166): (1961) backup_data 
02-27 18:02:01.346 V/upi_ug31xx(  166): state->check_backup_count = 9
02-27 18:02:03.116 I/WifiHW  (  505): CMD: IFNAME=wlan0 SIGNAL_POLL
02-27 18:02:03.116 D/wpa_supplicant(  711): RX ctrl_iface - hexdump(len=11): 53 49 47 4e 41 4c 5f 50 4f 4c 4c
02-27 18:02:03.116 D/wpa_supplicant(  711): wlan0: Control interface command 'SIGNAL_POLL'
02-27 18:02:03.146 D/wpa_supplicant(  711): nl80211: survey data missing!
02-27 18:02:03.146 I/WifiHW  (  505): REPLY: RSSI=-45
02-27 18:02:03.146 I/WifiHW  (  505): REPLY: LINKSPEED=39
02-27 18:02:03.146 I/WifiHW  (  505): REPLY: NOISE=9999
02-27 18:02:03.146 I/WifiHW  (  505): REPLY: FREQUENCY=2437
02-27 18:02:03.316 D/EVENT_THREAD(  186): void CEventThread::run() POLLIN event on Fd (1)
02-27 18:02:03.316 D/EVENT_THREAD(  186): void CEventThread::run() Do poll with timeout: -1
02-27 18:02:03.796 D/BatteryStatsImpl(  505): noteStopWakeLocked system isFromForeground = false
02-27 18:02:06.146 I/WifiHW  (  505): CMD: IFNAME=wlan0 SIGNAL_POLL
02-27 18:02:06.146 D/wpa_supplicant(  711): RX ctrl_iface - hexdump(len=11): 53 49 47 4e 41 4c 5f 50 4f 4c 4c
02-27 18:02:06.146 D/wpa_supplicant(  711): wlan0: Control interface command 'SIGNAL_POLL'
02-27 18:02:06.176 D/wpa_supplicant(  711): nl80211: survey data missing!
02-27 18:02:06.176 I/WifiHW  (  505): REPLY: RSSI=-45
02-27 18:02:06.176 I/WifiHW  (  505): REPLY: LINKSPEED=39
02-27 18:02:06.176 I/WifiHW  (  505): REPLY: NOISE=9999
02-27 18:02:06.176 I/WifiHW  (  505): REPLY: FREQUENCY=2437
02-27 18:02:06.586 D/EVENT_THREAD(  186): void CEventThread::run() POLLIN event on Fd (1)
02-27 18:02:06.586 D/EVENT_THREAD(  186): void CEventThread::run() Do poll with timeout: -1
02-27 18:02:06.586 D/EVENT_THREAD(  186): void CEventThread::run() POLLIN event on Fd (1)
02-27 18:02:06.586 I/upi_ug31xx(  166): (1962) update_capacity
02-27 18:02:06.586 I/[UPI]   (  166): <UG31/E>[UpiReadCapacity]: V=3601(3598), T=355(357-423), I=-601, C=-3(-3-0)
02-27 18:02:06.586 D/EVENT_THREAD(  186): void CEventThread::run() Do poll with timeout: -1
02-27 18:02:06.586 I/[UPI]   (  166): <UG31/E>[UpiReadCapacity]: (0x0001254a) 159 (152) / 3822 (3822) = 4
02-27 18:02:06.586 I/[UPI]   (  166): <UG31/E>[UpiReadCapacity]: (0x0001254a) 159 (152) / 3822 (3822) = 4
02-27 18:02:06.586 I/[UPI]   (  166): <UG31/E>[UpiReadCapacity]: (0x0001254a) 156 (156) / 3822 (3822) = 4
02-27 18:02:06.586 I/[UPI]   (  166): <UG31/E>[RsocFilterCountTime]: (0x0001254a) Step=1(68650), Full=1(68650), Lock=68650(1800000)
02-27 18:02:06.586 I/[UPI]   (  166): <UG31/E>[UpiReadCapacity]: (0x0001254a) 156 (156) / 3822 (3822) = 4 (-601--601)
02-27 18:02:06.586 I/[UPI]   (  166): <UG31/E><BATT> M:normal, P:4(4-4)%, V:3596mV, C:-576mA, T:35.7C(423), S:0x0001254a(000), R:156mAh, F:3822mAh, Q:-1648mAh, CC:3, P:5.240(1647-0)s, BO:7, 97:615:0-44af-9m:B001-20140514-144301 (16)
02-27 18:02:06.586 I/upi_ug31xx(  166): (1963) backup_data 
02-27 18:02:06.586 V/upi_ug31xx(  166): state->check_backup_count = 10
02-27 18:02:08.316 D/EVENT_THREAD(  186): void CEventThread::run() POLLIN event on Fd (1)
02-27 18:02:08.316 D/EVENT_THREAD(  186): void CEventThread::run() Do poll with timeout: -1
02-27 18:02:09.176 I/WifiHW  (  505): CMD: IFNAME=wlan0 SIGNAL_POLL
02-27 18:02:09.176 D/wpa_supplicant(  711): RX ctrl_iface - hexdump(len=11): 53 49 47 4e 41 4c 5f 50 4f 4c 4c
02-27 18:02:09.176 D/wpa_supplicant(  711): wlan0: Control interface command 'SIGNAL_POLL'
02-27 18:02:09.206 D/wpa_supplicant(  711): nl80211: survey data missing!
02-27 18:02:09.206 I/WifiHW  (  505): REPLY: RSSI=-49
02-27 18:02:09.206 I/WifiHW  (  505): REPLY: LINKSPEED=39
02-27 18:02:09.206 I/WifiHW  (  505): REPLY: NOISE=9999
02-27 18:02:09.206 I/WifiHW  (  505): REPLY: FREQUENCY=2437
02-27 18:02:11.826 D/EVENT_THREAD(  186): void CEventThread::run() POLLIN event on Fd (1)
02-27 18:02:11.826 D/EVENT_THREAD(  186): void CEventThread::run() Do poll with timeout: -1
02-27 18:02:11.826 D/EVENT_THREAD(  186): void CEventThread::run() POLLIN event on Fd (1)
02-27 18:02:11.826 D/EVENT_THREAD(  186): void CEventThread::run() Do poll with timeout: -1
02-27 18:02:11.826 I/upi_ug31xx(  166): (1964) update_capacity
02-27 18:02:11.826 I/[UPI]   (  166): <UG31/E>[UpiReadCapacity]: V=3598(3593), T=355(356-423), I=-670, C=-1(-1-0)
02-27 18:02:11.826 I/[UPI]   (  166): <UG31/E>[UpiReadCapacity]: (0x0001254a) 156 (152) / 3822 (3822) = 4
02-27 18:02:11.826 I/[UPI]   (  166): <UG31/E>[UpiReadCapacity]: (0x0001254a) 156 (152) / 3822 (3822) = 4
02-27 18:02:11.826 I/[UPI]   (  166): <UG31/E>[UpiReadCapacity]: (0x0001254a) 155 (155) / 3822 (3822) = 4
02-27 18:02:11.826 I/[UPI]   (  166): <UG31/E>[RsocFilterCountTime]: (0x0001254a) Step=1(73890), Full=1(73890), Lock=73890(1800000)
02-27 18:02:11.826 I/[UPI]   (  166): <UG31/E>[UpiReadCapacity]: (0x0001254a) 155 (155) / 3822 (3822) = 4 (-670--670)
02-27 18:02:11.826 I/[UPI]   (  166): <UG31/E><BATT> M:normal, P:4(4-4)%, V:3593mV, C:-645mA, T:35.6C(423), S:0x0001254a(000), R:155mAh, F:3822mAh, Q:-1649mAh, CC:3, P:5.240(1648-0)s, BO:7, 97:615:0-44af-9m:B001-20140514-144301 (16)
02-27 18:02:11.826 I/upi_ug31xx(  166): (1965) backup_data 
02-27 18:02:11.826 V/upi_ug31xx(  166): state->check_backup_count = 11
02-27 18:02:12.206 I/WifiHW  (  505): CMD: IFNAME=wlan0 SIGNAL_POLL
02-27 18:02:12.206 D/wpa_supplicant(  711): RX ctrl_iface - hexdump(len=11): 53 49 47 4e 41 4c 5f 50 4f 4c 4c
02-27 18:02:12.206 D/wpa_supplicant(  711): wlan0: Control interface command 'SIGNAL_POLL'
02-27 18:02:12.236 D/wpa_supplicant(  711): nl80211: survey data missing!
02-27 18:02:12.236 I/WifiHW  (  505): REPLY: RSSI=-48
02-27 18:02:12.236 I/WifiHW  (  505): REPLY: LINKSPEED=39
02-27 18:02:12.236 I/WifiHW  (  505): REPLY: NOISE=9999
02-27 18:02:12.236 I/WifiHW  (  505): REPLY: FREQUENCY=2437
02-27 18:02:13.326 D/EVENT_THREAD(  186): void CEventThread::run() POLLIN event on Fd (1)
02-27 18:02:13.326 D/EVENT_THREAD(  186): void CEventThread::run() Do poll with timeout: -1
02-27 18:02:14.516 I/ThermalCooling(  505): Received THERMAL INTENT: of event type 1 with state 1 at temperature 53300 from FrontSkin with state WARNING for HIGH event at Temperature 53300
02-27 18:02:14.516 W/ContextImpl(  505): Calling a method in the system process without a qualified user: android.app.ContextImpl.sendBroadcast:1191 com.android.server.thermal.ThermalService$Notify.consume:403 com.android.server.thermal.ThermalService$Notify.run:385 java.lang.Thread.run:841 <bottom of call stack> 
02-27 18:02:15.236 I/WifiHW  (  505): CMD: IFNAME=wlan0 SIGNAL_POLL
02-27 18:02:15.236 D/wpa_supplicant(  711): RX ctrl_iface - hexdump(len=11): 53 49 47 4e 41 4c 5f 50 4f 4c 4c
02-27 18:02:15.236 D/wpa_supplicant(  711): wlan0: Control interface command 'SIGNAL_POLL'
02-27 18:02:15.266 D/wpa_supplicant(  711): nl80211: survey data missing!
02-27 18:02:15.266 I/WifiHW  (  505): REPLY: RSSI=-46
02-27 18:02:15.266 I/WifiHW  (  505): REPLY: LINKSPEED=39
02-27 18:02:15.266 I/WifiHW  (  505): REPLY: NOISE=9999
02-27 18:02:15.266 I/WifiHW  (  505): REPLY: FREQUENCY=2437
02-27 18:02:17.146 D/EVENT_THREAD(  186): void CEventThread::run() POLLIN event on Fd (1)
02-27 18:02:17.146 D/EVENT_THREAD(  186): void CEventThread::run() Do poll with timeout: -1
02-27 18:02:17.146 I/upi_ug31xx(  166): (1966) update_capacity
02-27 18:02:17.146 I/[UPI]   (  166): <UG31/E>[UpiReadCapacity]: V=3595(3591), T=355(357-423), I=-569, C=-2(-2-0)
02-27 18:02:17.146 I/[UPI]   (  166): <UG31/E>[UpiReadCapacity]: (0x0001254a) 155 (152) / 3822 (3822) = 4
02-27 18:02:17.146 I/[UPI]   (  166): <UG31/E>[UpiReadCapacity]: (0x0001254a) 155 (152) / 3822 (3822) = 4
02-27 18:02:17.146 I/[UPI]   (  166): <UG31/E>[UpiReadCapacity]: (0x0001254a) 153 (153) / 3822 (3822) = 4
02-27 18:02:17.146 I/[UPI]   (  166): <UG31/E>[RsocFilterCountTime]: (0x0001254a) Step=1(79200), Full=1(79200), Lock=79200(1800000)
02-27 18:02:17.146 I/[UPI]   (  166): <UG31/E>[UpiReadCapacity]: (0x0001254a) 153 (153) / 3822 (3822) = 4 (-569--569)
02-27 18:02:17.146 I/[UPI]   (  166): <UG31/E><BATT> M:normal, P:4(4-4)%, V:3591mV, C:-505mA, T:35.7C(423), S:0x0001254a(000), R:153mAh, F:3822mAh, Q:-1651mAh, CC:3, P:5.310(1650-0)s, BO:7, 97:615:0-44af-9m:B001-20140514-144301 (16)
02-27 18:02:17.146 D/EVENT_THREAD(  186): void CEventThread::run() POLLIN event on Fd (1)
02-27 18:02:17.146 D/EVENT_THREAD(  186): void CEventThread::run() Do poll with timeout: -1
02-27 18:02:17.146 I/upi_ug31xx(  166): (1967) backup_data 
02-27 18:02:17.146 V/upi_ug31xx(  166): state->check_backup_count = 12
02-27 18:02:17.226 W/BindingManager( 2925): Cannot call determinedVisibility() - never saw a connection for the pid: 2925
02-27 18:02:17.856 W/BindingManager( 2925): Cannot call determinedVisibility() - never saw a connection for the pid: 2925
02-27 18:02:18.266 I/WifiHW  (  505): CMD: IFNAME=wlan0 SIGNAL_POLL
02-27 18:02:18.266 D/wpa_supplicant(  711): RX ctrl_iface - hexdump(len=11): 53 49 47 4e 41 4c 5f 50 4f 4c 4c
02-27 18:02:18.266 D/wpa_supplicant(  711): wlan0: Control interface command 'SIGNAL_POLL'
02-27 18:02:18.296 D/wpa_supplicant(  711): nl80211: survey data missing!
02-27 18:02:18.296 I/WifiHW  (  505): REPLY: RSSI=-47
02-27 18:02:18.296 I/WifiHW  (  505): REPLY: LINKSPEED=39
02-27 18:02:18.296 I/WifiHW  (  505): REPLY: NOISE=9999
02-27 18:02:18.296 I/WifiHW  (  505): REPLY: FREQUENCY=2437
02-27 18:02:18.376 D/EVENT_THREAD(  186): void CEventThread::run() POLLIN event on Fd (1)
02-27 18:02:18.376 D/EVENT_THREAD(  186): void CEventThread::run() Do poll with timeout: -1
02-27 18:02:18.476 W/BindingManager( 2925): Cannot call determinedVisibility() - never saw a connection for the pid: 2925
02-27 18:02:19.116 W/BindingManager( 2925): Cannot call determinedVisibility() - never saw a connection for the pid: 2925
02-27 18:02:19.846 W/BindingManager( 2925): Cannot call determinedVisibility() - never saw a connection for the pid: 2925
02-27 18:02:20.476 W/BindingManager( 2925): Cannot call determinedVisibility() - never saw a connection for the pid: 2925
02-27 18:02:21.106 W/BindingManager( 2925): Cannot call determinedVisibility() - never saw a connection for the pid: 2925
02-27 18:02:21.296 I/WifiHW  (  505): CMD: IFNAME=wlan0 SIGNAL_POLL
02-27 18:02:21.296 D/wpa_supplicant(  711): RX ctrl_iface - hexdump(len=11): 53 49 47 4e 41 4c 5f 50 4f 4c 4c
02-27 18:02:21.296 D/wpa_supplicant(  711): wlan0: Control interface command 'SIGNAL_POLL'
02-27 18:02:21.326 D/wpa_supplicant(  711): nl80211: survey data missing!
02-27 18:02:21.326 I/WifiHW  (  505): REPLY: RSSI=-46
02-27 18:02:21.326 I/WifiHW  (  505): REPLY: LINKSPEED=39
02-27 18:02:21.326 I/WifiHW  (  505): REPLY: NOISE=9999
02-27 18:02:21.326 I/WifiHW  (  505): REPLY: FREQUENCY=2437
02-27 18:02:21.726 W/BindingManager( 2925): Cannot call determinedVisibility() - never saw a connection for the pid: 2925
02-27 18:02:21.736 D/dalvikvm( 2925): GC_CONCURRENT freed 2972K, 31% free 6799K/9816K, paused 0ms+1ms, total 7ms
02-27 18:02:22.376 W/BindingManager( 2925): Cannot call determinedVisibility() - never saw a connection for the pid: 2925
02-27 18:02:22.426 D/EVENT_THREAD(  186): void CEventThread::run() POLLIN event on Fd (1)
02-27 18:02:22.426 D/EVENT_THREAD(  186): void CEventThread::run() Do poll with timeout: -1
02-27 18:02:22.426 D/EVENT_THREAD(  186): void CEventThread::run() POLLIN event on Fd (1)
02-27 18:02:22.426 D/EVENT_THREAD(  186): void CEventThread::run() Do poll with timeout: -1
02-27 18:02:22.426 I/upi_ug31xx(  166): (1968) update_capacity
02-27 18:02:22.426 I/[UPI]   (  166): <UG31/E>[UpiReadCapacity]: V=3594(3594), T=355(357-423), I=-460, C=0(0-0)
02-27 18:02:22.426 I/[UPI]   (  166): <UG31/E>[UpiReadCapacity]: (0x0001254a) 153 (152) / 3822 (3822) = 4
02-27 18:02:22.426 I/[UPI]   (  166): <UG31/E>[UpiReadCapacity]: (0x0001254a) 153 (152) / 3822 (3822) = 4
02-27 18:02:22.426 I/[UPI]   (  166): <UG31/E>[UpiReadCapacity]: (0x0001254a) 153 (153) / 3822 (3822) = 4
02-27 18:02:22.426 I/[UPI]   (  166): <UG31/E>[RsocFilterCountTime]: (0x0001254a) Step=1(84490), Full=1(84490), Lock=84490(1800000)
02-27 18:02:22.426 I/[UPI]   (  166): <UG31/E>[UpiReadCapacity]: (0x0001254a) 153 (153) / 3822 (3822) = 4 (-460--460)
02-27 18:02:22.426 I/[UPI]   (  166): <UG31/E><BATT> M:normal, P:4(4-4)%, V:3596mV, C:-424mA, T:35.7C(423), S:0x0001254a(000), R:153mAh, F:3822mAh, Q:-1651mAh, CC:3, P:5.290(1650-0)s, BO:7, 97:615:0-44af-9m:B001-20140514-144301 (16)
02-27 18:02:22.426 I/upi_ug31xx(  166): (1969) backup_data 
02-27 18:02:22.426 V/upi_ug31xx(  166): state->check_backup_count = 13
02-27 18:02:23.136 W/BindingManager( 2925): Cannot call determinedVisibility() - never saw a connection for the pid: 2925
02-27 18:02:23.356 D/EVENT_THREAD(  186): void CEventThread::run() POLLIN event on Fd (1)
02-27 18:02:23.356 D/EVENT_THREAD(  186): void CEventThread::run() Do poll with timeout: -1
02-27 18:02:24.326 I/WifiHW  (  505): CMD: IFNAME=wlan0 SIGNAL_POLL
02-27 18:02:24.326 D/wpa_supplicant(  711): RX ctrl_iface - hexdump(len=11): 53 49 47 4e 41 4c 5f 50 4f 4c 4c
02-27 18:02:24.326 D/wpa_supplicant(  711): wlan0: Control interface command 'SIGNAL_POLL'
02-27 18:02:24.356 D/wpa_supplicant(  711): nl80211: survey data missing!
02-27 18:02:24.356 I/WifiHW  (  505): REPLY: RSSI=-46
02-27 18:02:24.356 I/WifiHW  (  505): REPLY: LINKSPEED=39
02-27 18:02:24.356 I/WifiHW  (  505): REPLY: NOISE=9999
02-27 18:02:24.356 I/WifiHW  (  505): REPLY: FREQUENCY=2437
02-27 18:02:24.576 W/BindingManager( 2925): Cannot call determinedVisibility() - never saw a connection for the pid: 2925
02-27 18:02:27.356 I/WifiHW  (  505): CMD: IFNAME=wlan0 SIGNAL_POLL
02-27 18:02:27.356 D/wpa_supplicant(  711): RX ctrl_iface - hexdump(len=11): 53 49 47 4e 41 4c 5f 50 4f 4c 4c
02-27 18:02:27.356 D/wpa_supplicant(  711): wlan0: Control interface command 'SIGNAL_POLL'
02-27 18:02:27.386 D/wpa_supplicant(  711): nl80211: survey data missing!
02-27 18:02:27.386 I/WifiHW  (  505): REPLY: RSSI=-49
02-27 18:02:27.386 I/WifiHW  (  505): REPLY: LINKSPEED=39
02-27 18:02:27.386 I/WifiHW  (  505): REPLY: NOISE=9999
02-27 18:02:27.386 I/WifiHW  (  505): REPLY: FREQUENCY=2437
02-27 18:02:27.666 D/EVENT_THREAD(  186): void CEventThread::run() POLLIN event on Fd (1)
02-27 18:02:27.666 D/EVENT_THREAD(  186): void CEventThread::run() Do poll with timeout: -1
02-27 18:02:27.666 D/EVENT_THREAD(  186): void CEventThread::run() POLLIN event on Fd (1)
02-27 18:02:27.666 D/EVENT_THREAD(  186): void CEventThread::run() Do poll with timeout: -1
02-27 18:02:27.666 I/upi_ug31xx(  166): (1970) update_capacity
02-27 18:02:27.666 I/[UPI]   (  166): <UG31/E>[UpiReadCapacity]: V=3595(3598), T=355(357-423), I=-574, C=-1(-1-0)
02-27 18:02:27.666 I/[UPI]   (  166): <UG31/E>[UpiReadCapacity]: (0x0001254a) 153 (152) / 3822 (3822) = 4
02-27 18:02:27.666 I/[UPI]   (  166): <UG31/E>[UpiReadCapacity]: (0x0001254a) 153 (152) / 3822 (3822) = 4
02-27 18:02:27.666 I/[UPI]   (  166): <UG31/E>[UpiReadCapacity]: (0x0001254a) 152 (152) / 3822 (3822) = 4
02-27 18:02:27.666 I/[UPI]   (  166): <UG31/E>[RsocFilterCountTime]: (0x0001254a) Step=1(89730), Full=1(89730), Lock=89730(1800000)
02-27 18:02:27.666 I/[UPI]   (  166): <UG31/E>[UpiReadCapacity]: (0x0001254a) 152 (152) / 3822 (3822) = 4 (-574--574)
02-27 18:02:27.666 I/[UPI]   (  166): <UG31/E><BATT> M:normal, P:4(4-4)%, V:3599mV, C:-683mA, T:35.7C(423), S:0x0001254a(000), R:152mAh, F:3822mAh, Q:-1652mAh, CC:3, P:5.240(1651-0)s, BO:7, 97:615:0-44af-9m:B001-20140514-144301 (16)
02-27 18:02:27.666 I/upi_ug31xx(  166): (1971) backup_data 
02-27 18:02:27.666 V/upi_ug31xx(  166): state->check_backup_count = 14
02-27 18:02:28.356 D/EVENT_THREAD(  186): void CEventThread::run() POLLIN event on Fd (1)
02-27 18:02:28.356 D/EVENT_THREAD(  186): void CEventThread::run() Do poll with timeout: -1
02-27 18:02:30.386 I/WifiHW  (  505): CMD: IFNAME=wlan0 SIGNAL_POLL
02-27 18:02:30.386 D/wpa_supplicant(  711): RX ctrl_iface - hexdump(len=11): 53 49 47 4e 41 4c 5f 50 4f 4c 4c
02-27 18:02:30.386 D/wpa_supplicant(  711): wlan0: Control interface command 'SIGNAL_POLL'
02-27 18:02:30.416 D/wpa_supplicant(  711): nl80211: survey data missing!
02-27 18:02:30.416 I/WifiHW  (  505): REPLY: RSSI=-48
02-27 18:02:30.416 I/WifiHW  (  505): REPLY: LINKSPEED=39
02-27 18:02:30.416 I/WifiHW  (  505): REPLY: NOISE=9999
02-27 18:02:30.416 I/WifiHW  (  505): REPLY: FREQUENCY=2437
02-27 18:02:32.906 D/EVENT_THREAD(  186): void CEventThread::run() POLLIN event on Fd (1)
02-27 18:02:32.906 D/EVENT_THREAD(  186): void CEventThread::run() Do poll with timeout: -1
02-27 18:02:32.906 I/upi_ug31xx(  166): (1972) update_capacity
02-27 18:02:32.906 I/[UPI]   (  166): <UG31/E>[UpiReadCapacity]: V=3594(3594), T=355(355-423), I=-645, C=0(0-0)
02-27 18:02:32.906 I/[UPI]   (  166): <UG31/E>[UpiReadCapacity]: (0x0001254a) 152 (152) / 3822 (3822) = 4
02-27 18:02:32.906 I/[UPI]   (  166): <UG31/E>[UpiReadCapacity]: (0x0001254a) 152 (152) / 3822 (3822) = 4
02-27 18:02:32.906 I/[UPI]   (  166): <UG31/E>[UpiReadCapacity]: (0x0001254a) 152 (152) / 3822 (3822) = 4
02-27 18:02:32.906 I/[UPI]   (  166): <UG31/E>[RsocFilterCountTime]: (0x0001254a) Step=1(94970), Full=1(94970), Lock=94970(1800000)
02-27 18:02:32.906 I/[UPI]   (  166): <UG31/E>[UpiReadCapacity]: (0x0001254a) 152 (152) / 3822 (3822) = 4 (-645--645)
02-27 18:02:32.906 I/[UPI]   (  166): <UG31/E><BATT> M:normal, P:4(4-4)%, V:3593mV, C:-691mA, T:35.5C(423), S:0x0001254a(000), R:152mAh, F:3822mAh, Q:-1652mAh, CC:3, P:5.240(1651-0)s, BO:7, 97:615:0-44af-9m:B001-20140514-144301 (16)
02-27 18:02:32.906 D/EVENT_THREAD(  186): void CEventThread::run() POLLIN event on Fd (1)
02-27 18:02:32.906 D/EVENT_THREAD(  186): void CEventThread::run() Do poll with timeout: -1
02-27 18:02:32.906 I/upi_ug31xx(  166): (1973) backup_data 
02-27 18:02:32.906 V/upi_ug31xx(  166): state->check_backup_count = 15
02-27 18:02:33.366 D/EVENT_THREAD(  186): void CEventThread::run() POLLIN event on Fd (1)
02-27 18:02:33.366 D/EVENT_THREAD(  186): void CEventThread::run() Do poll with timeout: -1
02-27 18:02:33.416 I/WifiHW  (  505): CMD: IFNAME=wlan0 SIGNAL_POLL
02-27 18:02:33.416 D/wpa_supplicant(  711): RX ctrl_iface - hexdump(len=11): 53 49 47 4e 41 4c 5f 50 4f 4c 4c
02-27 18:02:33.416 D/wpa_supplicant(  711): wlan0: Control interface command 'SIGNAL_POLL'
02-27 18:02:33.446 D/wpa_supplicant(  711): nl80211: survey data missing!
02-27 18:02:33.446 I/WifiHW  (  505): REPLY: RSSI=-48
02-27 18:02:33.446 I/WifiHW  (  505): REPLY: LINKSPEED=39
02-27 18:02:33.446 I/WifiHW  (  505): REPLY: NOISE=9999
02-27 18:02:33.446 I/WifiHW  (  505): REPLY: FREQUENCY=2437
02-27 18:02:36.446 I/WifiHW  (  505): CMD: IFNAME=wlan0 SIGNAL_POLL
02-27 18:02:36.446 D/wpa_supplicant(  711): RX ctrl_iface - hexdump(len=11): 53 49 47 4e 41 4c 5f 50 4f 4c 4c
02-27 18:02:36.446 D/wpa_supplicant(  711): wlan0: Control interface command 'SIGNAL_POLL'
02-27 18:02:36.476 D/wpa_supplicant(  711): nl80211: survey data missing!
02-27 18:02:36.476 I/WifiHW  (  505): REPLY: RSSI=-48
02-27 18:02:36.476 I/WifiHW  (  505): REPLY: LINKSPEED=39
02-27 18:02:36.476 I/WifiHW  (  505): REPLY: NOISE=9999
02-27 18:02:36.476 I/WifiHW  (  505): REPLY: FREQUENCY=2437
02-27 18:02:38.146 D/EVENT_THREAD(  186): void CEventThread::run() POLLIN event on Fd (1)
02-27 18:02:38.146 I/upi_ug31xx(  166): (1974) update_capacity
02-27 18:02:38.146 I/[UPI]   (  166): <UG31/E>[UpiReadCapacity]: V=3593(3592), T=355(355-424), I=-650, C=-1(-1-0)
02-27 18:02:38.146 I/[UPI]   (  166): <UG31/E>[UpiReadCapacity]: (0x0001254a) 152 (152) / 3822 (3822) = 4
02-27 18:02:38.146 I/[UPI]   (  166): <UG31/E>[UpiReadCapacity]: (0x0001254a) 152 (152) / 3822 (3822) = 4
02-27 18:02:38.146 I/[UPI]   (  166): <UG31/E>[UpiReadCapacity]: (0x0001254a) 151 (151) / 3822 (3822) = 4
02-27 18:02:38.146 I/[UPI]   (  166): <UG31/E>[RsocFilterCountTime]: (0x0001254a) Step=1(100210), Full=1(100210), Lock=100210(1800000)
02-27 18:02:38.146 I/[UPI]   (  166): <UG31/E>[UpiReadCapacity]: (0x0001254a) 151 (151) / 3822 (3822) = 4 (-650--650)
02-27 18:02:38.146 I/[UPI]   (  166): <UG31/E><BATT> M:normal, P:4(4-4)%, V:3591mV, C:-679mA, T:35.5C(424), S:0x0001254a(000), R:151mAh, F:3822mAh, Q:-1653mAh, CC:3, P:5.240(1652-0)s, BO:7, 97:615:0-44af-9m:B001-20140514-144301 (16)
02-27 18:02:38.146 I/upi_ug31xx(  166): (1975) backup_data 
02-27 18:02:38.146 V/upi_ug31xx(  166): state->check_backup_count = 16
02-27 18:02:38.156 D/EVENT_THREAD(  186): void CEventThread::run() Do poll with timeout: -1
02-27 18:02:38.156 D/EVENT_THREAD(  186): void CEventThread::run() POLLIN event on Fd (1)
02-27 18:02:38.156 D/EVENT_THREAD(  186): void CEventThread::run() Do poll with timeout: -1
02-27 18:02:38.376 D/EVENT_THREAD(  186): void CEventThread::run() POLLIN event on Fd (1)
02-27 18:02:38.376 D/EVENT_THREAD(  186): void CEventThread::run() Do poll with timeout: -1
02-27 18:02:39.476 I/WifiHW  (  505): CMD: IFNAME=wlan0 SIGNAL_POLL
02-27 18:02:39.476 D/wpa_supplicant(  711): RX ctrl_iface - hexdump(len=11): 53 49 47 4e 41 4c 5f 50 4f 4c 4c
02-27 18:02:39.476 D/wpa_supplicant(  711): wlan0: Control interface command 'SIGNAL_POLL'
02-27 18:02:39.506 D/wpa_supplicant(  711): nl80211: survey data missing!
02-27 18:02:39.506 I/WifiHW  (  505): REPLY: RSSI=-48
02-27 18:02:39.506 I/WifiHW  (  505): REPLY: LINKSPEED=39
02-27 18:02:39.506 I/WifiHW  (  505): REPLY: NOISE=9999
02-27 18:02:39.506 I/WifiHW  (  505): REPLY: FREQUENCY=2437
02-27 18:02:42.506 I/WifiHW  (  505): CMD: IFNAME=wlan0 SIGNAL_POLL
02-27 18:02:42.506 D/wpa_supplicant(  711): RX ctrl_iface - hexdump(len=11): 53 49 47 4e 41 4c 5f 50 4f 4c 4c
02-27 18:02:42.506 D/wpa_supplicant(  711): wlan0: Control interface command 'SIGNAL_POLL'
02-27 18:02:42.536 D/wpa_supplicant(  711): nl80211: survey data missing!
02-27 18:02:42.536 I/WifiHW  (  505): REPLY: RSSI=-48
02-27 18:02:42.536 I/WifiHW  (  505): REPLY: LINKSPEED=39
02-27 18:02:42.536 I/WifiHW  (  505): REPLY: NOISE=9999
02-27 18:02:42.536 I/WifiHW  (  505): REPLY: FREQUENCY=2437
02-27 18:02:43.386 D/EVENT_THREAD(  186): void CEventThread::run() POLLIN event on Fd (1)
02-27 18:02:43.386 D/EVENT_THREAD(  186): void CEventThread::run() Do poll with timeout: -1
02-27 18:02:43.386 D/EVENT_THREAD(  186): void CEventThread::run() POLLIN event on Fd (1)
02-27 18:02:43.386 D/EVENT_THREAD(  186): void CEventThread::run() Do poll with timeout: -1
02-27 18:02:43.566 I/upi_ug31xx(  166): (1976) update_capacity
02-27 18:02:43.566 I/[UPI]   (  166): <UG31/E>[UpiReadCapacity]: V=3591(3588), T=355(355-424), I=-646, C=-3(-3-0)
02-27 18:02:43.566 I/[UPI]   (  166): <UG31/E>[UpiReadCapacity]: (0x0001254a) 151 (152) / 3822 (3822) = 4
02-27 18:02:43.566 I/[UPI]   (  166): <UG31/E>[UpiReadCapacity]: (0x0001254a) 151 (152) / 3822 (3822) = 4
02-27 18:02:43.566 I/[UPI]   (  166): <UG31/E>[UpiReadCapacity]: (0x0001254a) 148 (148) / 3822 (3822) = 4
02-27 18:02:43.566 I/[UPI]   (  166): <UG31/E>[RsocFilterCountTime]: (0x0001254a) Step=1(105460), Full=1(105460), Lock=105460(1800000)
02-27 18:02:43.566 I/[UPI]   (  166): <UG31/E>[UpiReadCapacity]: (0x0001254a) 148 (148) / 3822 (3822) = 4 (-646--646)
02-27 18:02:43.566 I/[UPI]   (  166): <UG31/E><BATT> M:normal, P:4(4-4)%, V:3588mV, C:-654mA, T:35.5C(424), S:0x0001254a(000), R:148mAh, F:3822mAh, Q:-1656mAh, CC:3, P:5.250(1655-0)s, BO:7, 97:615:0-44af-9m:B001-20140514-144301 (16)
02-27 18:02:43.566 I/upi_ug31xx(  166): (1977) backup_data 
02-27 18:02:43.566 V/upi_ug31xx(  166): state->check_backup_count = 17
02-27 18:02:43.566 D/EVENT_THREAD(  186): void CEventThread::run() POLLIN event on Fd (1)
02-27 18:02:43.566 D/EVENT_THREAD(  186): void CEventThread::run() Do poll with timeout: -1
02-27 18:02:45.536 I/WifiHW  (  505): CMD: IFNAME=wlan0 SIGNAL_POLL
02-27 18:02:45.536 D/wpa_supplicant(  711): RX ctrl_iface - hexdump(len=11): 53 49 47 4e 41 4c 5f 50 4f 4c 4c
02-27 18:02:45.536 D/wpa_supplicant(  711): wlan0: Control interface command 'SIGNAL_POLL'
02-27 18:02:45.566 D/wpa_supplicant(  711): nl80211: survey data missing!
02-27 18:02:45.566 I/WifiHW  (  505): REPLY: RSSI=-47
02-27 18:02:45.566 I/WifiHW  (  505): REPLY: LINKSPEED=39
02-27 18:02:45.566 I/WifiHW  (  505): REPLY: NOISE=9999
02-27 18:02:45.566 I/WifiHW  (  505): REPLY: FREQUENCY=2437
02-27 18:02:48.396 D/EVENT_THREAD(  186): void CEventThread::run() POLLIN event on Fd (1)
02-27 18:02:48.406 D/EVENT_THREAD(  186): void CEventThread::run() Do poll with timeout: -1
02-27 18:02:48.566 I/WifiHW  (  505): CMD: IFNAME=wlan0 SIGNAL_POLL
02-27 18:02:48.566 D/wpa_supplicant(  711): RX ctrl_iface - hexdump(len=11): 53 49 47 4e 41 4c 5f 50 4f 4c 4c
02-27 18:02:48.566 D/wpa_supplicant(  711): wlan0: Control interface command 'SIGNAL_POLL'
02-27 18:02:48.596 D/wpa_supplicant(  711): nl80211: survey data missing!
02-27 18:02:48.596 I/WifiHW  (  505): REPLY: RSSI=-47
02-27 18:02:48.596 I/WifiHW  (  505): REPLY: LINKSPEED=39
02-27 18:02:48.596 I/WifiHW  (  505): REPLY: NOISE=9999
02-27 18:02:48.596 I/WifiHW  (  505): REPLY: FREQUENCY=2437
02-27 18:02:48.626 D/EVENT_THREAD(  186): void CEventThread::run() POLLIN event on Fd (1)
02-27 18:02:48.626 D/EVENT_THREAD(  186): void CEventThread::run() Do poll with timeout: -1
02-27 18:02:48.626 D/EVENT_THREAD(  186): void CEventThread::run() POLLIN event on Fd (1)
02-27 18:02:48.626 D/EVENT_THREAD(  186): void CEventThread::run() Do poll with timeout: -1
02-27 18:02:48.716 I/upi_ug31xx(  166): (1978) update_capacity
02-27 18:02:48.716 I/[UPI]   (  166): <UG31/E>[UpiReadCapacity]: V=3589(3585), T=355(355-424), I=-637, C=1(0-1)
02-27 18:02:48.716 I/[UPI]   (  166): <UG31/E>[UpiReadCapacity]: (0x0001254a) 148 (152) / 3822 (3822) = 4
02-27 18:02:48.716 I/[UPI]   (  166): <UG31/E>[UpiReadCapacity]: (0x0001254a) 148 (152) / 3822 (3822) = 4
02-27 18:02:48.716 I/[UPI]   (  166): <UG31/E>[UpiReadCapacity]: (0x0001254a) 148 (148) / 3822 (3822) = 4
02-27 18:02:48.716 I/[UPI]   (  166): <UG31/E>[RsocFilterCountTime]: (0x0001254a) Step=1(110700), Full=1(110700), Lock=110700(1800000)
02-27 18:02:48.716 I/[UPI]   (  166): <UG31/E>[UpiReadCapacity]: (0x0001254a) 148 (148) / 3822 (3822) = 4 (-637--637)
02-27 18:02:48.716 I/[UPI]   (  166): <UG31/E><BATT> M:normal, P:4(4-4)%, V:3585mV, C:-632mA, T:35.5C(424), S:0x0001254a(000), R:148mAh, F:3822mAh, Q:-1655mAh, CC:3, P:5.240(1654-1)s, BO:7, 97:615:0-44af-9m:B001-20140514-144301 (16)
02-27 18:02:48.716 I/upi_ug31xx(  166): (1979) backup_data 
02-27 18:02:48.716 V/upi_ug31xx(  166): state->check_backup_count = 18
02-27 18:02:51.596 I/WifiHW  (  505): CMD: IFNAME=wlan0 SIGNAL_POLL
02-27 18:02:51.596 D/wpa_supplicant(  711): RX ctrl_iface - hexdump(len=11): 53 49 47 4e 41 4c 5f 50 4f 4c 4c
02-27 18:02:51.596 D/wpa_supplicant(  711): wlan0: Control interface command 'SIGNAL_POLL'
02-27 18:02:51.626 D/wpa_supplicant(  711): nl80211: survey data missing!
02-27 18:02:51.626 I/WifiHW  (  505): REPLY: RSSI=-47
02-27 18:02:51.626 I/WifiHW  (  505): REPLY: LINKSPEED=39
02-27 18:02:51.626 I/WifiHW  (  505): REPLY: NOISE=9999
02-27 18:02:51.626 I/WifiHW  (  505): REPLY: FREQUENCY=2437
02-27 18:02:53.416 D/EVENT_THREAD(  186): void CEventThread::run() POLLIN event on Fd (1)
02-27 18:02:53.416 D/EVENT_THREAD(  186): void CEventThread::run() Do poll with timeout: -1
02-27 18:02:53.866 D/EVENT_THREAD(  186): void CEventThread::run() POLLIN event on Fd (1)
02-27 18:02:53.866 D/EVENT_THREAD(  186): void CEventThread::run() Do poll with timeout: -1
02-27 18:02:53.866 D/EVENT_THREAD(  186): void CEventThread::run() POLLIN event on Fd (1)
02-27 18:02:53.866 D/EVENT_THREAD(  186): void CEventThread::run() Do poll with timeout: -1
02-27 18:02:53.866 I/upi_ug31xx(  166): (1980) update_capacity
02-27 18:02:53.866 I/[UPI]   (  166): <UG31/E>[UpiReadCapacity]: V=3587(3585), T=355(355-425), I=-689, C=0(0-1)
02-27 18:02:53.866 I/[UPI]   (  166): <UG31/E>[UpiReadCapacity]: (0x0001254a) 148 (152) / 3822 (3822) = 4
02-27 18:02:53.866 I/[UPI]   (  166): <UG31/E>[UpiReadCapacity]: (0x0001254a) 148 (152) / 3822 (3822) = 4
02-27 18:02:53.866 I/[UPI]   (  166): <UG31/E>[UpiReadCapacity]: (0x0001254a) 148 (148) / 3822 (3822) = 4
02-27 18:02:53.866 I/[UPI]   (  166): <UG31/E>[RsocFilterCountTime]: (0x0001254a) Step=1(115930), Full=1(115930), Lock=115930(1800000)
02-27 18:02:53.866 I/[UPI]   (  166): <UG31/E>[UpiReadCapacity]: (0x0001254a) 148 (148) / 3822 (3822) = 4 (-689--689)
02-27 18:02:53.866 I/[UPI]   (  166): <UG31/E><BATT> M:normal, P:4(4-4)%, V:3585mV, C:-696mA, T:35.5C(425), S:0x0001254a(000), R:148mAh, F:3822mAh, Q:-1655mAh, CC:3, P:5.230(1654-1)s, BO:7, 97:615:0-44af-9m:B001-20140514-144301 (16)
02-27 18:02:53.866 I/upi_ug31xx(  166): (1981) backup_data 
02-27 18:02:53.866 V/upi_ug31xx(  166): state->check_backup_count = 19
02-27 18:02:54.376 I/ActivityManager(  505): Process com.tencent.mm (pid 31183) has died.
02-27 18:02:54.476 I/SecurityManagerService(  600): SMS received security event: App[STOP/com.tencent.mm]
02-27 18:02:54.476 I/ActivityManager(  505): Process com.asus.weathertime:main (pid 28237) has died.
02-27 18:02:54.486 I/SecurityManagerService(  600): SMS received security event: App[STOP/com.asus.weathertime]
02-27 18:02:54.486 I/SecurityManagerService(  600): SMS received security event: App[STOP/com.android.defcontainer]
02-27 18:02:54.486 I/ActivityManager(  505): Process com.android.defcontainer (pid 31152) has died.
02-27 18:02:54.626 I/WifiHW  (  505): CMD: IFNAME=wlan0 SIGNAL_POLL
02-27 18:02:54.626 D/wpa_supplicant(  711): RX ctrl_iface - hexdump(len=11): 53 49 47 4e 41 4c 5f 50 4f 4c 4c
02-27 18:02:54.626 D/wpa_supplicant(  711): wlan0: Control interface command 'SIGNAL_POLL'
02-27 18:02:54.656 D/wpa_supplicant(  711): nl80211: survey data missing!
02-27 18:02:54.656 I/WifiHW  (  505): REPLY: RSSI=-47
02-27 18:02:54.656 I/WifiHW  (  505): REPLY: LINKSPEED=39
02-27 18:02:54.656 I/WifiHW  (  505): REPLY: NOISE=9999
02-27 18:02:54.656 I/WifiHW  (  505): REPLY: FREQUENCY=2437
02-27 18:02:56.736 I/SecurityManagerService(  600): SMS received security event: App[STOP/com.asus.photoframe]
02-27 18:02:56.736 I/ActivityManager(  505): Process com.asus.photoframe (pid 31026) has died.
02-27 18:02:56.846 D/        ( 2925): Pixel Format : GGL_PIXEL_FORMAT_RGBA_8888
02-27 18:02:56.856 I/SecurityManagerService(  600): SMS received security event: App[STOP/com.asus.livedemo]
02-27 18:02:56.856 I/ActivityManager(  505): Process com.asus.livedemo (pid 30999) has died.
02-27 18:02:56.896 E/rsC++   (28178): RS Message thread exiting.
02-27 18:02:56.896 W/ManagedEGLContext(31223): doTerminate failed: EGL count is 2 but managed count is 1
02-27 18:02:57.656 I/WifiHW  (  505): CMD: IFNAME=wlan0 SIGNAL_POLL
02-27 18:02:57.656 D/wpa_supplicant(  711): RX ctrl_iface - hexdump(len=11): 53 49 47 4e 41 4c 5f 50 4f 4c 4c
02-27 18:02:57.656 D/wpa_supplicant(  711): wlan0: Control interface command 'SIGNAL_POLL'
02-27 18:02:57.686 D/wpa_supplicant(  711): nl80211: survey data missing!
02-27 18:02:57.686 I/WifiHW  (  505): REPLY: RSSI=-46
02-27 18:02:57.686 I/WifiHW  (  505): REPLY: LINKSPEED=39
02-27 18:02:57.686 I/WifiHW  (  505): REPLY: NOISE=9999
02-27 18:02:57.686 I/WifiHW  (  505): REPLY: FREQUENCY=2437
02-27 18:02:58.416 D/EVENT_THREAD(  186): void CEventThread::run() POLLIN event on Fd (1)
02-27 18:02:58.416 D/EVENT_THREAD(  186): void CEventThread::run() Do poll with timeout: -1
02-27 18:02:59.106 D/EVENT_THREAD(  186): void CEventThread::run() POLLIN event on Fd (1)
02-27 18:02:59.106 D/EVENT_THREAD(  186): void CEventThread::run() Do poll with timeout: -1
02-27 18:02:59.106 I/upi_ug31xx(  166): (1982) update_capacity
02-27 18:02:59.106 I/[UPI]   (  166): <UG31/E>[UpiReadCapacity]: V=3586(3584), T=355(355-425), I=-684, C=-2(-1-0)
02-27 18:02:59.106 I/[UPI]   (  166): <UG31/E>[UpiReadCapacity]: (0x0001254a) 148 (152) / 3822 (3822) = 4
02-27 18:02:59.106 I/[UPI]   (  166): <UG31/E>[UpiReadCapacity]: (0x0001254a) 148 (152) / 3822 (3822) = 4
02-27 18:02:59.106 I/[UPI]   (  166): <UG31/E>[UpiReadCapacity]: (0x0001254a) 147 (147) / 3822 (3822) = 4
02-27 18:02:59.106 I/[UPI]   (  166): <UG31/E>[RsocFilterCountTime]: (0x0001254a) Step=2(121170), Full=2(121170), Lock=121170(1800000)
02-27 18:02:59.106 I/[UPI]   (  166): <UG31/E>[UpiReadCapacity]: (0x0001254a) 147 (147) / 3822 (3822) = 4 (-684--684)
02-27 18:02:59.106 I/[UPI]   (  166): <UG31/E><BATT> M:normal, P:4(4-4)%, V:3583mV, C:-696mA, T:35.5C(425), S:0x0001254a(000), R:147mAh, F:3822mAh, Q:-1657mAh, CC:3, P:5.240(1656-0)s, BO:7, 97:615:0-44af-9m:B001-20140514-144301 (16)
02-27 18:02:59.106 D/EVENT_THREAD(  186): void CEventThread::run() POLLIN event on Fd (1)
02-27 18:02:59.106 D/EVENT_THREAD(  186): void CEventThread::run() Do poll with timeout: -1
02-27 18:02:59.106 I/upi_ug31xx(  166): (1983) backup_data 
02-27 18:02:59.106 V/upi_ug31xx(  166): state->check_backup_count = 20
02-27 18:03:00.046 D/Clock   (  569): ACTION_TIME_TICK
02-27 18:03:00.056 D/Clock   (  569): update clock:6:03
02-27 18:03:00.166 D/BatteryStatsImpl(  505): noteStopWakeLocked system isFromForeground = false
02-27 18:03:00.686 I/WifiHW  (  505): CMD: IFNAME=wlan0 SIGNAL_POLL
02-27 18:03:00.686 D/wpa_supplicant(  711): RX ctrl_iface - hexdump(len=11): 53 49 47 4e 41 4c 5f 50 4f 4c 4c
02-27 18:03:00.686 D/wpa_supplicant(  711): wlan0: Control interface command 'SIGNAL_POLL'
02-27 18:03:00.716 D/wpa_supplicant(  711): nl80211: survey data missing!
02-27 18:03:00.716 I/WifiHW  (  505): REPLY: RSSI=-46
02-27 18:03:00.716 I/WifiHW  (  505): REPLY: LINKSPEED=39
02-27 18:03:00.716 I/WifiHW  (  505): REPLY: NOISE=9999
02-27 18:03:00.716 I/WifiHW  (  505): REPLY: FREQUENCY=2437
02-27 18:03:01.796 I/ActivityManager(  505): Process com.android.externalstorage (pid 31054) has died.
02-27 18:03:01.816 I/SecurityManagerService(  600): SMS received security event: App[STOP/com.android.externalstorage]
02-27 18:03:01.826 E/JavaBinder(  505): !!! FAILED BINDER TRANSACTION !!!
02-27 18:03:01.836 I/WindowState(  505): WIN DEATH: Window{22aff830 u0 SurfaceView}
02-27 18:03:01.836 I/ActivityManager(  505): Process org.xwalk.usecase_webapi_xwalk_tests (pid 31223) has died.
02-27 18:03:01.876 W/InputDispatcher(  505): channel '224c7808 org.xwalk.usecase_webapi_xwalk_tests/org.xwalk.usecase_webapi_xwalk_tests.UsecaseWebapiXwalkTestsActivity (server)' ~ Consumer closed input channel or an error occurred.  events=0x9
02-27 18:03:01.876 E/InputDispatcher(  505): channel '224c7808 org.xwalk.usecase_webapi_xwalk_tests/org.xwalk.usecase_webapi_xwalk_tests.UsecaseWebapiXwalkTestsActivity (server)' ~ Channel is unrecoverably broken and will be disposed!
02-27 18:03:01.886 I/cip_VorbisDec(  186): UMC Decoder plugin deleted
02-27 18:03:01.896 I/cip_VorbisDec(  186): UMC Decoder plugin deleted
02-27 18:03:01.896 I/cip_VorbisDec(  186): UMC Decoder plugin deleted
02-27 18:03:01.936 I/SecurityManagerService(  600): SMS received security event: App[STOP/org.xwalk.usecase_webapi_xwalk_tests]
02-27 18:03:02.016 W/InputDispatcher(  505): Attempted to unregister already unregistered input channel '224c7808 org.xwalk.usecase_webapi_xwalk_tests/org.xwalk.usecase_webapi_xwalk_tests.UsecaseWebapiXwalkTestsActivity (server)'
02-27 18:03:02.016 I/WindowState(  505): WIN DEATH: Window{224c7808 u0 org.xwalk.usecase_webapi_xwalk_tests/org.xwalk.usecase_webapi_xwalk_tests.UsecaseWebapiXwalkTestsActivity}
02-27 18:03:02.026 I/SecurityManagerService(  600): SMS received security event: App[STOP/com.asus.sitd.whatsnext]
02-27 18:03:02.026 I/ActivityManager(  505): Process com.asus.sitd.whatsnext (pid 31270) has died.
02-27 18:03:02.026 I/ActivityManager(  505): Process com.wandoujia.phoenix2 (pid 28374) has died.
02-27 18:03:02.046 I/SecurityManagerService(  600): SMS received security event: App[STOP/com.wandoujia.phoenix2]
02-27 18:03:03.426 D/EVENT_THREAD(  186): void CEventThread::run() POLLIN event on Fd (1)
02-27 18:03:03.426 D/EVENT_THREAD(  186): void CEventThread::run() Do poll with timeout: -1
02-27 18:03:03.716 I/WifiHW  (  505): CMD: IFNAME=wlan0 SIGNAL_POLL
02-27 18:03:03.716 D/wpa_supplicant(  711): RX ctrl_iface - hexdump(len=11): 53 49 47 4e 41 4c 5f 50 4f 4c 4c
02-27 18:03:03.716 D/wpa_supplicant(  711): wlan0: Control interface command 'SIGNAL_POLL'
02-27 18:03:03.726 D/wpa_supplicant(  711): nl80211: survey data missing!
02-27 18:03:03.726 I/WifiHW  (  505): REPLY: RSSI=-48
02-27 18:03:03.726 I/WifiHW  (  505): REPLY: LINKSPEED=52
02-27 18:03:03.726 I/WifiHW  (  505): REPLY: NOISE=9999
02-27 18:03:03.726 I/WifiHW  (  505): REPLY: FREQUENCY=2437
02-27 18:03:04.346 D/EVENT_THREAD(  186): void CEventThread::run() POLLIN event on Fd (1)
02-27 18:03:04.346 D/EVENT_THREAD(  186): void CEventThread::run() Do poll with timeout: -1
02-27 18:03:04.346 I/upi_ug31xx(  166): (1984) update_capacity
02-27 18:03:04.346 I/[UPI]   (  166): <UG31/E>[UpiReadCapacity]: V=3585(3583), T=355(356-425), I=-641, C=-1(-1-0)
02-27 18:03:04.346 I/[UPI]   (  166): <UG31/E>[UpiReadCapacity]: (0x0001254a) 147 (152) / 3822 (3822) = 4
02-27 18:03:04.346 I/[UPI]   (  166): <UG31/E>[UpiReadCapacity]: (0x0001254a) 147 (152) / 3822 (3822) = 4
02-27 18:03:04.346 I/[UPI]   (  166): <UG31/E>[UpiReadCapacity]: (0x0001254a) 146 (146) / 3822 (3822) = 4
02-27 18:03:04.346 I/[UPI]   (  166): <UG31/E>[RsocFilterCountTime]: (0x0001254a) Step=2(126410), Full=2(126410), Lock=126410(1800000)
02-27 18:03:04.346 I/[UPI]   (  166): <UG31/E>[UpiReadCapacity]: (0x0001254a) 146 (146) / 3822 (3822) = 4 (-641--641)
02-27 18:03:04.346 I/[UPI]   (  166): <UG31/E><BATT> M:normal, P:4(4-4)%, V:3583mV, C:-610mA, T:35.6C(425), S:0x0001254a(000), R:146mAh, F:3822mAh, Q:-1658mAh, CC:3, P:5.240(1657-0)s, BO:7, 97:615:0-44af-9m:B001-20140514-144301 (16)
02-27 18:03:04.346 D/EVENT_THREAD(  186): void CEventThread::run() POLLIN event on Fd (1)
02-27 18:03:04.346 D/EVENT_THREAD(  186): void CEventThread::run() Do poll with timeout: -1
02-27 18:03:04.346 I/upi_ug31xx(  166): (1985) backup_data 
02-27 18:03:04.346 V/upi_ug31xx(  166): state->check_backup_count = 21
02-27 18:03:04.356 I/[UPI]   (  166): <UG31/E>[upi_lib_backup_data]: Driver backup data not ready.
02-27 18:03:06.726 I/WifiHW  (  505): CMD: IFNAME=wlan0 SIGNAL_POLL
02-27 18:03:06.726 D/wpa_supplicant(  711): RX ctrl_iface - hexdump(len=11): 53 49 47 4e 41 4c 5f 50 4f 4c 4c
02-27 18:03:06.726 D/wpa_supplicant(  711): wlan0: Control interface command 'SIGNAL_POLL'
02-27 18:03:06.726 D/wpa_supplicant(  711): nl80211: survey data missing!
02-27 18:03:06.726 I/WifiHW  (  505): REPLY: RSSI=-49
02-27 18:03:06.726 I/WifiHW  (  505): REPLY: LINKSPEED=52
02-27 18:03:06.726 I/WifiHW  (  505): REPLY: NOISE=9999
02-27 18:03:06.726 I/WifiHW  (  505): REPLY: FREQUENCY=2437
02-27 18:03:08.456 D/EVENT_THREAD(  186): void CEventThread::run() POLLIN event on Fd (1)
02-27 18:03:08.456 D/EVENT_THREAD(  186): void CEventThread::run() Do poll with timeout: -1
02-27 18:03:09.606 D/EVENT_THREAD(  186): void CEventThread::run() POLLIN event on Fd (1)
02-27 18:03:09.606 D/EVENT_THREAD(  186): void CEventThread::run() Do poll with timeout: -1
02-27 18:03:09.606 D/EVENT_THREAD(  186): void CEventThread::run() POLLIN event on Fd (1)
02-27 18:03:09.606 D/EVENT_THREAD(  186): void CEventThread::run() Do poll with timeout: -1
02-27 18:03:09.606 I/upi_ug31xx(  166): (1986) update_capacity
02-27 18:03:09.606 I/[UPI]   (  166): <UG31/E>[UpiReadCapacity]: V=3583(3580), T=355(356-426), I=-725, C=-2(-2-0)
02-27 18:03:09.606 I/[UPI]   (  166): <UG31/E>[UpiReadCapacity]: (0x0001254a) 146 (152) / 3822 (3822) = 4
02-27 18:03:09.606 I/[UPI]   (  166): <UG31/E>[UpiReadCapacity]: (0x0001254a) 146 (152) / 3822 (3822) = 4
02-27 18:03:09.606 I/[UPI]   (  166): <UG31/E>[UpiReadCapacity]: (0x0001254a) 144 (144) / 3822 (3822) = 4
02-27 18:03:09.606 I/[UPI]   (  166): <UG31/E>[RsocFilterCountTime]: (0x0001254a) Step=2(131680), Full=2(131680), Lock=131680(1800000)
02-27 18:03:09.606 I/[UPI]   (  166): <UG31/E>[UpiReadCapacity]: (0x0001254a) 144 (144) / 3822 (3822) = 4 (-725--725)
02-27 18:03:09.606 I/[UPI]   (  166): <UG31/E><BATT> M:normal, P:4(4-4)%, V:3580mV, C:-766mA, T:35.6C(426), S:0x0001254a(000), R:144mAh, F:3822mAh, Q:-1660mAh, CC:3, P:5.270(1659-0)s, BO:7, 97:615:0-44af-9m:B001-20140514-144301 (16)
02-27 18:03:09.606 I/upi_ug31xx(  166): (1987) backup_data 
02-27 18:03:09.606 V/upi_ug31xx(  166): state->check_backup_count = 21
02-27 18:03:09.726 I/WifiHW  (  505): CMD: IFNAME=wlan0 SIGNAL_POLL
02-27 18:03:09.726 D/wpa_supplicant(  711): RX ctrl_iface - hexdump(len=11): 53 49 47 4e 41 4c 5f 50 4f 4c 4c
02-27 18:03:09.726 D/wpa_supplicant(  711): wlan0: Control interface command 'SIGNAL_POLL'
02-27 18:03:09.756 D/wpa_supplicant(  711): nl80211: survey data missing!
02-27 18:03:09.756 I/WifiHW  (  505): REPLY: RSSI=-49
02-27 18:03:09.756 I/WifiHW  (  505): REPLY: LINKSPEED=58
02-27 18:03:09.756 I/WifiHW  (  505): REPLY: NOISE=9999
02-27 18:03:09.756 I/WifiHW  (  505): REPLY: FREQUENCY=2437
02-27 18:03:12.756 I/WifiHW  (  505): CMD: IFNAME=wlan0 SIGNAL_POLL
02-27 18:03:12.756 D/wpa_supplicant(  711): RX ctrl_iface - hexdump(len=11): 53 49 47 4e 41 4c 5f 50 4f 4c 4c
02-27 18:03:12.756 D/wpa_supplicant(  711): wlan0: Control interface command 'SIGNAL_POLL'
02-27 18:03:12.786 D/wpa_supplicant(  711): nl80211: survey data missing!
02-27 18:03:12.786 I/WifiHW  (  505): REPLY: RSSI=-47
02-27 18:03:12.786 I/WifiHW  (  505): REPLY: LINKSPEED=58
02-27 18:03:12.786 I/WifiHW  (  505): REPLY: NOISE=9999
02-27 18:03:12.786 I/WifiHW  (  505): REPLY: FREQUENCY=2437
02-27 18:03:13.446 D/EVENT_THREAD(  186): void CEventThread::run() POLLIN event on Fd (1)
02-27 18:03:13.446 D/EVENT_THREAD(  186): void CEventThread::run() Do poll with timeout: -1
02-27 18:03:14.576 W/ContextImpl(  505): Calling a method in the system process without a qualified user: android.app.ContextImpl.sendBroadcast:1191 com.android.server.thermal.ThermalService$Notify.consume:403 com.android.server.thermal.ThermalService$Notify.run:385 java.lang.Thread.run:841 <bottom of call stack> 
02-27 18:03:14.586 I/ThermalCooling(  505): Received THERMAL INTENT: of event type 1 with state 1 at temperature 48163 from SYSTHERM1 with state WARNING for HIGH event at Temperature 48163
02-27 18:03:14.586 I/ThermalCooling(  505): Received THERMAL INTENT: of event type 1 with state 1 at temperature 46020 from BackSkin with state WARNING for HIGH event at Temperature 46020
02-27 18:03:14.586 W/ContextImpl(  505): Calling a method in the system process without a qualified user: android.app.ContextImpl.sendBroadcast:1191 com.android.server.thermal.ThermalService$Notify.consume:403 com.android.server.thermal.ThermalService$Notify.run:385 java.lang.Thread.run:841 <bottom of call stack> 
02-27 18:03:14.846 D/EVENT_THREAD(  186): void CEventThread::run() POLLIN event on Fd (1)
02-27 18:03:14.846 D/EVENT_THREAD(  186): void CEventThread::run() Do poll with timeout: -1
02-27 18:03:14.846 I/upi_ug31xx(  166): (1988) update_capacity
02-27 18:03:14.846 I/[UPI]   (  166): <UG31/E>[UpiReadCapacity]: V=3582(3580), T=356(358-427), I=-685, C=0(0-0)
02-27 18:03:14.846 I/[UPI]   (  166): <UG31/E>[UpiReadCapacity]: (0x0001254a) 144 (152) / 3822 (3822) = 4
02-27 18:03:14.846 I/[UPI]   (  166): <UG31/E>[UpiReadCapacity]: (0x0001254a) 144 (152) / 3822 (3822) = 4
02-27 18:03:14.846 I/[UPI]   (  166): <UG31/E>[UpiReadCapacity]: (0x0001254a) 144 (144) / 3822 (3822) = 4
02-27 18:03:14.846 I/[UPI]   (  166): <UG31/E>[RsocFilterCountTime]: (0x0001254a) Step=2(136910), Full=2(136910), Lock=136910(1800000)
02-27 18:03:14.846 I/[UPI]   (  166): <UG31/E>[UpiReadCapacity]: (0x0001254a) 144 (144) / 3822 (3822) = 4 (-685--685)
02-27 18:03:14.846 I/[UPI]   (  166): <UG31/E><BATT> M:normal, P:4(4-4)%, V:3580mV, C:-664mA, T:35.8C(427), S:0x0001254a(000), R:144mAh, F:3822mAh, Q:-1660mAh, CC:3, P:5.230(1659-0)s, BO:7, 97:615:0-44af-9m:B001-20140514-144301 (16)
02-27 18:03:14.846 D/EVENT_THREAD(  186): void CEventThread::run() POLLIN event on Fd (1)
02-27 18:03:14.846 D/EVENT_THREAD(  186): void CEventThread::run() Do poll with timeout: -1
02-27 18:03:14.886 I/upi_ug31xx(  166): (1989) backup_data 
02-27 18:03:14.886 V/upi_ug31xx(  166): state->check_backup_count = 1
02-27 18:03:15.786 I/WifiHW  (  505): CMD: IFNAME=wlan0 SIGNAL_POLL
02-27 18:03:15.786 D/wpa_supplicant(  711): RX ctrl_iface - hexdump(len=11): 53 49 47 4e 41 4c 5f 50 4f 4c 4c
02-27 18:03:15.786 D/wpa_supplicant(  711): wlan0: Control interface command 'SIGNAL_POLL'
02-27 18:03:15.816 D/wpa_supplicant(  711): nl80211: survey data missing!
02-27 18:03:15.816 I/WifiHW  (  505): REPLY: RSSI=-48
