02-27 18:04:38.816 I/[UPI]   (  166): <UG31/E>[RsocFilterCountTime]: (0x0001254a) Step=0(10660), Full=0(10660), Lock=10660(1800000)
02-27 18:04:38.816 I/[UPI]   (  166): <UG31/E>[UpiReadCapacity]: (0x0001254a) 127 (127) / 3822 (3822) = 3 (-643--643)
02-27 18:04:38.816 I/[UPI]   (  166): <UG31/E><BATT> M:normal, P:3(3-3)%, V:3577mV, C:-635mA, T:36.0C(430), S:0x0001254a(000), R:127mAh, F:3822mAh, Q:-1677mAh, CC:3, P:5.410(1676-0)s, BO:7, 97:615:0-44af-9m:B001-20140514-144301 (16)
02-27 18:04:38.816 D/EVENT_THREAD(  186): void CEventThread::run() POLLIN event on Fd (1)
02-27 18:04:38.816 D/EVENT_THREAD(  186): void CEventThread::run() Do poll with timeout: -1
02-27 18:04:38.866 I/upi_ug31xx(  166): (2021) backup_data 
02-27 18:04:38.866 V/upi_ug31xx(  166): state->check_backup_count = 21
02-27 18:04:38.876 D/AudioHardwareALSA(  186): getParameters
02-27 18:04:38.876 I/str_params(  186): key: 'fm-mode' value: ''
02-27 18:04:39.336 D/VolumePanel(  505): Stream_3 try to get Ringtone...
02-27 18:04:39.336 D/VolumePanel(  505): getRingtone..../system/media/audio/ui/Volume01.ogg
02-27 18:04:39.416 I/cip_VorbisDec(  186): UMC Decoder plugin created, Media Codecs version: 1.0.2098
02-27 18:04:39.436 D/Ringtone(  505): Successfully created local player
02-27 18:04:39.436 I/cip_VorbisDec(  186): UMC Decoder plugin deleted
02-27 18:04:39.456 I/cip_VorbisDec(  186): UMC Decoder plugin created, Media Codecs version: 1.0.2098
02-27 18:04:39.466 D/Ringtone(  505): Successfully created local player
02-27 18:04:39.466 I/AudioPolicyManagerBase(  186): APM: getOutput
02-27 18:04:39.466 I/AudioPolicyManagerBase(  186): APM: getOutput
02-27 18:04:39.466 I/AudioPolicyManagerBase(  186): APM: getOutput
02-27 18:04:39.466 I/AudioPolicyManagerBase(  186): APM: getOutput
02-27 18:04:39.466 D/AudioPolicyManagerALSA(  186): startOutput() output 2, stream type 3, session 515
02-27 18:04:39.466 D/AudioHardwareALSA(  186): setStreamParameters: key value pair routing=2;stream_flags=2
02-27 18:04:39.466 D/RouteManager(  186): setOutputFlags: output flags = 0x2 (Prev Flags=0x2)
02-27 18:04:39.466 D/RouteManager(  186): setDevices: 0x2
02-27 18:04:39.466 D/RouteManager(  186): setDevices: 0x2
02-27 18:04:39.476 D/RouteManager(  186): setDevices: set device = IHF to output stream
02-27 18:04:39.476 D/RouteManager(  186): setStreamParameters: identical Platform State, do not reconsider routing
02-27 18:04:39.476 E/MediaPlayer(  505): Should have subtitle controller already set
02-27 18:04:39.496 D/AudioResamplerIA(  186): Create AudioResamplerIA Resampler: Input rate 44100, output rate 48000
02-27 18:04:39.506 D/PROPERTY(  186): get media.dump_output.befconv: 0
02-27 18:04:39.506 D/PROPERTY(  186): get media.dump_output.aftconv: 0
02-27 18:04:39.506 D/RouteManager(  186): startStream: {+++ RECONSIDER ROUTING +++} due to output stream start event
02-27 18:04:39.506 D/RouteManager(  186): reconsiderRouting
02-27 18:04:39.506 D/EVENT_THREAD(  186): void CEventThread::trig(uint16_t): in
02-27 18:04:39.506 D/EVENT_THREAD(  186): void CEventThread::trig(uint16_t): out
02-27 18:04:39.506 D/RouteManager(  186): doReconsiderRouting:       Platform State:
02-27 18:04:39.506 D/RouteManager(  186): doReconsiderRouting:          -Modem Alive = 0 
02-27 18:04:39.506 D/RouteManager(  186): doReconsiderRouting:          -Modem Call Active = 0 
02-27 18:04:39.506 D/RouteManager(  186): doReconsiderRouting:          -Is Shared I2S glitch free=1 
02-27 18:04:39.506 D/RouteManager(  186): doReconsiderRouting:          -Android Telephony Mode = Normal 
02-27 18:04:39.506 D/RouteManager(  186): doReconsiderRouting:          -RTE MGR HW Mode = Normal 
02-27 18:04:39.506 D/RouteManager(  186): doReconsiderRouting:          -BT Enabled = 1 
02-27 18:04:39.506 D/RouteManager(  186): doReconsiderRouting:          -BT NREC = 0 
02-27 18:04:39.506 D/RouteManager(  186): doReconsiderRouting:          -BT Band = NB 
02-27 18:04:39.506 D/RouteManager(  186): doReconsiderRouting:          -Platform output device = IHF 
02-27 18:04:39.506 D/RouteManager(  186): doReconsiderRouting:          -Platform input device = <none> 
02-27 18:04:39.506 D/RouteManager(  186): doReconsiderRouting:          -Platform input source = None 
02-27 18:04:39.506 D/RouteManager(  186): doReconsiderRouting:          -Platform Band type = NB 
02-27 18:04:39.506 D/RouteManager(  186): doReconsiderRouting:          -Platform Has Direct Stream = no 
02-27 18:04:39.506 D/RouteManager(  186): doReconsiderRouting:          -Platform TTY direction = <none> 
02-27 18:04:39.506 D/RouteManager(  186): doReconsiderRouting:          -Platform HAC Mode = Off 
02-27 18:04:39.506 D/RouteManager(  186): doReconsiderRouting:          -Platform Screen State = On 
02-27 18:04:39.506 D/RouteManager(  186): doReconsiderRouting:          -Platform Context Awareness = false 
02-27 18:04:39.506 D/RouteManager(  186): doReconsiderRouting:          -Platform Always Listening = false 
02-27 18:04:39.506 D/RouteManager(  186): doReconsiderRouting:          -Platform FM State = Off 
02-27 18:04:39.506 D/RouteManager(  186): doReconsiderRouting:          -Platform Bypass Non Linear PP State = Off 
02-27 18:04:39.506 D/RouteManager(  186): doReconsiderRouting:          -Platform Bypass Linear PP State = Off 
02-27 18:04:39.506 D/RouteManager(  186): doReconsiderRouting:          -Platform MicMute = Off 
02-27 18:04:39.506 D/RouteManager(  186): doReconsiderRouting:      Route state:
02-27 18:04:39.506 D/RouteManager(  186): doReconsiderRouting:          -Previously Enabled Route in Input = <none>
02-27 18:04:39.506 D/RouteManager(  186): doReconsiderRouting:          -Previously Enabled Route in Output = <none>
02-27 18:04:39.506 D/RouteManager(  186): doReconsiderRouting:          -Selected Route in Input = <none>
02-27 18:04:39.506 D/RouteManager(  186): doReconsiderRouting:          -Selected Route in Output = Media|HwCodecMedia
02-27 18:04:39.506 D/RouteManager(  186): doReconsiderRouting:          -Route that need reconfiguration in Input = <none>
02-27 18:04:39.506 D/RouteManager(  186): doReconsiderRouting:          -Route that need reconfiguration in Output = <none>
02-27 18:04:39.506 D/RouteManager(  186): executeMuteStage: --------------- Routing Stage = Mute ---------------
02-27 18:04:39.516 D/RouteManager(  186): parameter-framework: Selection criterion changed event: Criterion name: RoutageState, current state: Flow
02-27 18:04:39.516 D/RouteManager(  186): parameter-framework: Configuration application request {
02-27 18:04:39.516 D/RouteManager(  186): parameter-framework:     Applying configurations {
02-27 18:04:39.516 D/RouteManager(  186): parameter-framework:     } Applying configurations
02-27 18:04:39.516 D/RouteManager(  186): parameter-framework: } Configuration application request
02-27 18:04:39.516 D/RouteManager(  186): executeDisableStage: --------------- Routing Stage = Disable ---------------
02-27 18:04:39.516 D/RouteManager(  186): parameter-framework: Selection criterion changed event: Criterion name: RoutageState, current state: Path
02-27 18:04:39.516 D/RouteManager(  186): parameter-framework: Configuration application request {
02-27 18:04:39.516 D/RouteManager(  186): parameter-framework:     Applying configurations {
02-27 18:04:39.516 D/RouteManager(  186): parameter-framework:     } Applying configurations
02-27 18:04:39.516 D/RouteManager(  186): parameter-framework: } Configuration application request
02-27 18:04:39.516 D/RouteManager(  186): executeConfigureStage: --------------- Routing Stage = Configure ---------------
02-27 18:04:39.516 D/RouteManager(  186): parameter-framework: Selection criterion changed event: Criterion name: RoutageState, current state: Configure
02-27 18:04:39.516 D/RouteManager(  186): parameter-framework: Selection criterion changed event: Criterion name: OpenedPlaybackRoutes, current state: Media|HwCodecMedia
02-27 18:04:39.516 D/RouteManager(  186): parameter-framework: Configuration application request {
02-27 18:04:39.516 D/RouteManager(  186): parameter-framework:     Applying configurations {
02-27 18:04:39.516 D/RouteManager(  186): parameter-framework:         Applying configuration "Activated" from domain "Routing.Configure.LPE_Mixer.IHF"
02-27 18:04:39.546 D/RouteManager(  186): parameter-framework:     } Applying configurations
02-27 18:04:39.546 D/RouteManager(  186): parameter-framework: } Configuration application request
02-27 18:04:39.546 D/RouteManager(  186): executeEnableStage: --------------- Routing Stage = Enable ---------------
02-27 18:04:39.546 D/RouteManager(  186): parameter-framework: Selection criterion changed event: Criterion name: RoutageState, current state: Path|Configure
02-27 18:04:39.546 D/RouteManager(  186): doEnableRoutes: Routes to be enabled(routed) in Output = Media|HwCodecMedia
02-27 18:04:39.546 D/RouteManager(  186): parameter-framework: Configuration application request {
02-27 18:04:39.546 D/RouteManager(  186): parameter-framework:     Applying configurations {
02-27 18:04:39.546 D/RouteManager(  186): parameter-framework:         Applying configuration "Enable" from domain "Routing.Enable.HWCodec.Playback.IHF"
02-27 18:04:39.546 D/RouteManager(  186): parameter-framework:         Applying configuration "Enable" from domain "Routing.Enable.HWCodec.Playback.Multimedia.IHF"
02-27 18:04:39.546 D/RouteManager(  186): parameter-framework:         Applying configuration "Enable" from domain "Routing.Enable.HWCodec.Playback.Multimedia.Playback"
02-27 18:04:39.556 D/RouteManager(  186): parameter-framework:     } Applying configurations
02-27 18:04:39.556 D/RouteManager(  186): parameter-framework: } Configuration application request
02-27 18:04:39.556 D/RouteManager(  186): doEnableRoutes: Routes to be enabled(routed) in Output = Media|HwCodecMedia
02-27 18:04:39.556 D/RouteManager/StreamRoute(  186): openPcmDevice called for card (baytrailaudio,0)
02-27 18:04:39.556 D/RouteManager/StreamRoute(  186): openPcmDevice		 config=rate(48000), format(0), channels(2))
02-27 18:04:39.556 D/RouteManager/StreamRoute(  186): openPcmDevice		 period_size=1152, period_count=4
02-27 18:04:39.556 D/RouteManager/StreamRoute(  186): openPcmDevice		 startTh=4607, stop Th=4608 silence Th=0
02-27 18:04:39.636 D/ALSAStreamOps(  186): attachRouteL output stream
02-27 18:04:39.636 D/AudioConversion(  186): configure: no convertion required
02-27 18:04:39.636 D/RouteManager(  186): executeUnmuteStage: --------------- Routing Stage = Unmute ---------------
02-27 18:04:39.636 D/RouteManager(  186): parameter-framework: Selection criterion changed event: Criterion name: RoutageState, current state: Flow|Path|Configure
02-27 18:04:39.636 D/RouteManager(  186): parameter-framework: Configuration application request {
02-27 18:04:39.636 D/RouteManager(  186): parameter-framework:     Applying configurations {
02-27 18:04:39.636 D/RouteManager(  186): parameter-framework:     } Applying configurations
02-27 18:04:39.636 D/RouteManager(  186): parameter-framework: } Configuration application request
02-27 18:04:39.636 D/EVENT_THREAD(  186): void CEventThread::run() Do poll with timeout: -1
02-27 18:04:39.636 D/RouteManager(  186): reconsiderRouting: DONE
02-27 18:04:39.646 E/AudioSink(  186): received unknown event type: 1 inside CallbackWrapper !
02-27 18:04:39.676 I/cip_VorbisDec(  186): UMC Decoder plugin deleted
02-27 18:04:40.616 I/WifiHW  (  505): CMD: IFNAME=wlan0 SIGNAL_POLL
02-27 18:04:40.616 D/wpa_supplicant(  711): RX ctrl_iface - hexdump(len=11): 53 49 47 4e 41 4c 5f 50 4f 4c 4c
02-27 18:04:40.616 D/wpa_supplicant(  711): wlan0: Control interface command 'SIGNAL_POLL'
02-27 18:04:40.646 D/wpa_supplicant(  711): nl80211: survey data missing!
02-27 18:04:40.646 I/WifiHW  (  505): REPLY: RSSI=-54
02-27 18:04:40.646 I/WifiHW  (  505): REPLY: LINKSPEED=65
02-27 18:04:40.646 I/WifiHW  (  505): REPLY: NOISE=9999
02-27 18:04:40.646 I/WifiHW  (  505): REPLY: FREQUENCY=2437
02-27 18:04:40.896 I/WindowManager(  505): interceptPowerKeyDown: key down event: not handled: set timeout to 500 ms
02-27 18:04:41.066 I/WindowManager(  505): interceptPowerKeyUp: key up event: remove pending callbacks for long press
02-27 18:04:41.066 I/PowerManagerService(  505): Going to sleep by user request...
02-27 18:04:41.516 I/WindowManager(  505): Screen turned off...
02-27 18:04:41.526 D/EVENT_THREAD(  186): void CEventThread::run() POLLIN event on Fd (1)
02-27 18:04:41.526 D/EVENT_THREAD(  186): void CEventThread::run() Do poll with timeout: -1
02-27 18:04:41.526 D/Sensors (  505): kxtj2.cpp: set enable, handle is 0
02-27 18:04:41.526 D/Sensors (  505): kxtj2.cpp: enable set 0
02-27 18:04:41.526 D/Sensors (  505): kxtj2.cpp: mEnabled = 0
02-27 18:04:41.536 D/SurfaceFlinger(  171): Screen released, type=0 flinger=0xb8cffe60
02-27 18:04:41.556 D/EVENT_THREAD(  186): void CEventThread::run() POLLIN event on Fd (1)
02-27 18:04:41.556 D/EVENT_THREAD(  186): void CEventThread::run() Do poll with timeout: -1
02-27 18:04:41.556 I/upi_ug31xx(  166): (2022) update_capacity
02-27 18:04:41.556 I/[UPI]   (  166): <UG31/E><BATT> M:early_suspend, P:3(3-3)%, V:3577mV, C:-635mA, T:36.0C(430), S:0x0001254a(000), R:127mAh, F:3822mAh, Q:-1677mAh, CC:3, P:5.410(1676-0)s, BO:7, 97:615:0-44af-9m:B001-20140514-144301 (16)
02-27 18:04:41.586 I/WifiHW  (  505): CMD: IFNAME=wlan0 DRIVER SETSUSPENDMODE 1
02-27 18:04:41.586 D/wpa_supplicant(  711): RX ctrl_iface - hexdump(len=23): 44 52 49 56 45 52 20 53 45 54 53 55 53 50 45 4e 44 4d 4f 44 45 20 31
02-27 18:04:41.586 D/wpa_supplicant(  711): wlan0: Control interface command 'DRIVER SETSUSPENDMODE 1'
02-27 18:04:41.596 D/AudioHardwareALSA(  186): setParameters
02-27 18:04:41.596 D/RouteManager(  186): doSetParameters: key value pair screen_state=off, {+++ RECONSIDER ROUTING +++} due to External parameter change
02-27 18:04:41.596 D/RouteManager(  186): reconsiderRouting
02-27 18:04:41.596 D/EVENT_THREAD(  186): void CEventThread::trig(uint16_t): in
02-27 18:04:41.596 D/EVENT_THREAD(  186): void CEventThread::trig(uint16_t): out
02-27 18:04:41.596 D/RouteManager(  186): doReconsiderRouting:       Platform Changes:
02-27 18:04:41.596 D/RouteManager(  186): doReconsiderRouting:          -Platform Screen State = Off [has changed]
02-27 18:04:41.596 D/EVENT_THREAD(  186): void CEventThread::run() Do poll with timeout: -1
02-27 18:04:41.596 D/RouteManager(  186): reconsiderRouting: DONE
02-27 18:04:41.606 D/KeyguardViewManager(  569): setWallpaper
02-27 18:04:41.606 V/KeyguardViewManager(  569): getImage isPadMode= true
02-27 18:04:41.606 V/KeyguardViewManager(  569): computeWallpaperBounds() mWallpaperDrawable == null
02-27 18:04:41.616 D/wpa_supplicant(  711): bcm_wpa_driver_nl80211_driver_cmd  len = 0, 0
02-27 18:04:41.616 I/WifiHW  (  505): REPLY: OK
02-27 18:04:41.616 D/BatteryStatsImpl(  505): noteStopWakeLocked system isFromForeground = false
02-27 18:04:41.626 D/AlarmManager(  505): Added alarm Alarm{21fd7938 type 2 android} type:ELAPSED_REALTIME_WAKEUP when: After 1h:10m:59.0s
02-27 18:04:41.636 V/KeyguardHostView(  569): Initial transport state: 0, pbstate=0
02-27 18:04:41.646 I/SecurityManagerService(  600): SMS received security event: App[START/com.asus.ime]
02-27 18:04:41.656 D/dalvikvm( 3687): Process 3687 nice name: com.asus.ime
02-27 18:04:41.656 D/dalvikvm( 3687): Extra Options: not specified
02-27 18:04:41.656 I/ActivityManager(  505): Start proc com.asus.ime for service com.asus.ime/.IME: pid=3687 uid=10083 gids={50083, 3003}
02-27 18:04:41.656 V/InputMethodManagerService(  505): Adding window token: android.os.Binder@22437328
02-27 18:04:41.676 D/BatteryStatsImpl(  505): noteStopWakeLocked system isFromForeground = false
02-27 18:04:41.786 D/EVENT_THREAD(  186): void CEventThread::run() POLLIN event on Fd (1)
02-27 18:04:41.786 D/EVENT_THREAD(  186): void CEventThread::run() Do poll with timeout: -1
02-27 18:04:41.786 D/EVENT_THREAD(  186): void CEventThread::run() POLLIN event on Fd (1)
02-27 18:04:41.786 D/EVENT_THREAD(  186): void CEventThread::run() Do poll with timeout: -1
02-27 18:04:41.786 I/upi_ug31xx(  166): (2023) update_capacity
02-27 18:04:41.786 I/[UPI]   (  166): <UG31/E>[UpiReadCapacity]: V=3575(3569), T=358(360-430), I=-722, C=-1(-1-0)
02-27 18:04:41.786 I/[UPI]   (  166): <UG31/E>[UpiReadCapacity]: (0x0001254a) 127 (114) / 3822 (3822) = 3
02-27 18:04:41.786 I/[UPI]   (  166): <UG31/E>[UpiReadCapacity]: (0x0001254a) 127 (114) / 3822 (3822) = 3
02-27 18:04:41.786 I/[UPI]   (  166): <UG31/E>[UpiReadCapacity]: (0x0001254a) 120 (120) / 3822 (3822) = 3
02-27 18:04:41.786 I/[UPI]   (  166): <UG31/E>[RsocFilterCountTime]: (0x0001254a) Step=0(13657), Full=0(13657), Lock=13657(1800000)
02-27 18:04:41.786 I/[UPI]   (  166): <UG31/E>[UpiReadCapacity]: (0x0001254a) 120 (120) / 3822 (3822) = 3 (-722--722)
02-27 18:04:41.786 I/[UPI]   (  166): <UG31/E><BATT> M:normal, P:3(3-3)%, V:3569mV, C:-722mA, T:36.0C(430), S:0x0001254a(001), R:120mAh, F:3822mAh, Q:-1678mAh, CC:3, P:2.997(1677-0)s, BO:7, 97:615:0-44af-9m:B001-20140514-144301 (16)
02-27 18:04:41.786 I/upi_ug31xx(  166): (2024) backup_data 
02-27 18:04:41.786 V/upi_ug31xx(  166): state->check_backup_count = 1
02-27 18:04:41.836 D/dalvikvm(  569): GC_FOR_ALLOC freed 10721K, 68% free 11006K/33964K, paused 66ms, total 71ms
02-27 18:04:41.836 I/dalvikvm-heap(  569): Grow heap (frag case) to 17.777MB for 7259056-byte allocation
02-27 18:04:41.846 D/dalvikvm(  569): GC_FOR_ALLOC freed 90K, 47% free 18005K/33964K, paused 8ms, total 8ms
02-27 18:04:41.856 D/dalvikvm(  569): GC_CONCURRENT freed 0K, 47% free 18005K/33964K, paused 1ms+2ms, total 9ms
02-27 18:04:41.906 D/EVENT_THREAD(  186): void CEventThread::run() POLLIN event on Fd (1)
02-27 18:04:41.906 D/EVENT_THREAD(  186): void CEventThread::run() Do poll with timeout: -1
02-27 18:04:41.916 D/PowerManagerService-JNI(  505): Excessive delay in autosuspend_enable() while turning screen off: 352ms
02-27 18:04:42.206 D/KeyguardHostView(  569): Found a appWidgetId that's not being used by keyguard, deleting id 630
02-27 18:04:42.206 D/KeyguardHostView(  569): Found a appWidgetId that's not being used by keyguard, deleting id 631
02-27 18:04:42.206 I/SecurityManagerService(  600): SMS received security event: App[START/com.asus.sitd.whatsnext]
02-27 18:04:42.216 D/dalvikvm( 3702): Process 3702 nice name: com.asus.sitd.whatsnext
02-27 18:04:42.216 D/dalvikvm( 3702): Extra Options: not specified
02-27 18:04:42.226 I/ActivityManager(  505): Start proc com.asus.sitd.whatsnext for broadcast com.asus.sitd.whatsnext/.widget.LockScreenWidgetProvider: pid=3702 uid=10082 gids={50082, 3003, 1028, 1015}
02-27 18:04:42.236 D/XT9IME  ( 3687): [Unbundle] ro.config.hasemoji=YES
02-27 18:04:42.236 D/XT9IME  ( 3687): [Unbundle] ro.config.hwrlib=T9_*
02-27 18:04:42.236 D/XT9IME  ( 3687): [Unbundle] Number of Emoji subtypes = 1
02-27 18:04:42.236 D/XT9IME  ( 3687): [Unbundle] Number of Handwriting subtypes = 6
02-27 18:04:42.236 D/XT9IME  ( 3687): [Unbundle] Number of burmeseSubTypeCount subtypes = 1
02-27 18:04:42.256 D/xmlCheckExt( 3702): <neon>
02-27 18:04:42.256 D/xmlCheckExt( 3702):  pkgName = air.eti.uzzu.unalis
02-27 18:04:42.256 D/xmlCheckExt( 3702): <arch>
02-27 18:04:42.256 D/xmlCheckExt( 3702):  pkgName = com.evy.guessword
02-27 18:04:42.256 D/xmlCheckExt( 3702): <arch>
02-27 18:04:42.256 D/xmlCheckExt( 3702):  pkgName = com.bpiotor.lot
02-27 18:04:42.256 D/xmlCheckExt( 3702): <arch>
02-27 18:04:42.256 D/xmlCheckExt( 3702):  pkgName = com.goodstudent.app
02-27 18:04:42.256 D/xmlCheckExt( 3702): <arch>
02-27 18:04:42.256 D/xmlCheckExt( 3702):  pkgName = com.flyfish.supermario
02-27 18:04:42.256 D/xmlCheckExt( 3702): <arch>
02-27 18:04:42.256 D/xmlCheckExt( 3702):  pkgName = excel.sgs
02-27 18:04:42.256 D/xmlCheckExt( 3702): <arch>
02-27 18:04:42.256 D/xmlCheckExt( 3702):  pkgName = com.gamevil.doz.global
02-27 18:04:42.256 D/xmlCheckExt( 3702): <arch>
02-27 18:04:42.256 D/xmlCheckExt( 3702):  pkgName = com.tblin.HandsetGuardant
02-27 18:04:42.256 D/xmlCheckExt( 3702): <arch>
02-27 18:04:42.256 D/xmlCheckExt( 3702):  pkgName = com.baoliei.lmotuolijhhe
02-27 18:04:42.256 D/xmlCheckExt( 3702): <arch>
02-27 18:04:42.256 D/xmlCheckExt( 3702):  pkgName = com.bpiotor.fingerprint
02-27 18:04:42.256 D/xmlCheckExt( 3702): <arch>
02-27 18:04:42.256 D/xmlCheckExt( 3702):  pkgName = com.philzhu.www.ddz
02-27 18:04:42.256 D/xmlCheckExt( 3702): <arch>
02-27 18:04:42.256 D/xmlCheckExt( 3702):  pkgName = hh.root
02-27 18:04:42.256 D/xmlCheckExt( 3702): <arch>
02-27 18:04:42.256 D/xmlCheckExt( 3702):  pkgName = com.rao.love.yy.zjhmuti
02-27 18:04:42.256 D/xmlCheckExt( 3702): <arch>
02-27 18:04:42.256 D/xmlCheckExt( 3702):  pkgName = com.rao.flyfish.huntfish
02-27 18:04:42.256 D/xmlCheckExt( 3702): <arch>
02-27 18:04:42.256 D/xmlCheckExt( 3702):  pkgName = com.yucai.escape.tow
02-27 18:04:42.256 D/xmlCheckExt( 3702): <white>
02-27 18:04:42.256 D/xmlCheckExt( 3702):  pkgName = com.eembc.coremark
02-27 18:04:42.256 D/Zygote  ( 3702): Setting os.arch
02-27 18:04:42.266 I/dalvikvm( 3702): Enabling JNI app bug workarounds for target SDK version 13...
02-27 18:04:42.286 D/XT9IME  ( 3687): IME onCreate put pkg = org.xwalk.usecase_webapi_xwalk_tests subtype = 
02-27 18:04:42.296 D/KeyguardHostView(  569): Add What's Next widget
02-27 18:04:42.296 I/XT9IME  ( 3687): sDeviceTotalRAM = 918667264
02-27 18:04:42.306 D/XT9IME  ( 3687): new subtype :zh_CN ,pinyin
02-27 18:04:42.416 E/dalvikvm( 3702): Could not find class 'org.joda.time.tz.ZoneInfoProvider', referenced from method org.joda.time.DateTimeZone.getDefaultProvider
02-27 18:04:42.416 W/dalvikvm( 3702): VFY: unable to resolve new-instance 2988 (Lorg/joda/time/tz/ZoneInfoProvider;) in Lorg/joda/time/DateTimeZone;
02-27 18:04:42.416 D/dalvikvm( 3702): VFY: replacing opcode 0x22 at 0x0016
02-27 18:04:42.426 D/dalvikvm( 3702): DexOpt: unable to opt direct call 0x52e8 at 0x1a in Lorg/joda/time/DateTimeZone;.getDefaultProvider
02-27 18:04:42.466 W/InputMethodManagerService(  505): Session failed to close due to remote exception
02-27 18:04:42.466 W/InputMethodManagerService(  505): android.os.DeadObjectException
02-27 18:04:42.466 W/InputMethodManagerService(  505): 	at android.os.BinderProxy.transact(Native Method)
02-27 18:04:42.466 W/InputMethodManagerService(  505): 	at com.android.internal.view.IInputMethodSession$Stub$Proxy.finishSession(IInputMethodSession.java:292)
02-27 18:04:42.466 W/InputMethodManagerService(  505): 	at com.android.server.InputMethodManagerService.finishSessionLocked(InputMethodManagerService.java:1370)
02-27 18:04:42.466 W/InputMethodManagerService(  505): 	at com.android.server.InputMethodManagerService.clearClientSessionLocked(InputMethodManagerService.java:1361)
02-27 18:04:42.466 W/InputMethodManagerService(  505): 	at com.android.server.InputMethodManagerService.clearCurMethodLocked(InputMethodManagerService.java:1387)
02-27 18:04:42.466 W/InputMethodManagerService(  505): 	at com.android.server.InputMethodManagerService.onServiceDisconnected(InputMethodManagerService.java:1406)
02-27 18:04:42.466 W/InputMethodManagerService(  505): 	at android.app.LoadedApk$ServiceDispatcher.doDeath(LoadedApk.java:1115)
02-27 18:04:42.466 W/InputMethodManagerService(  505): 	at android.app.LoadedApk$ServiceDispatcher$RunConnection.run(LoadedApk.java:1129)
02-27 18:04:42.466 W/InputMethodManagerService(  505): 	at android.os.Handler.handleCallback(Handler.java:733)
02-27 18:04:42.466 W/InputMethodManagerService(  505): 	at android.os.Handler.dispatchMessage(Handler.java:95)
02-27 18:04:42.466 W/InputMethodManagerService(  505): 	at android.os.Looper.loop(Looper.java:149)
02-27 18:04:42.466 W/InputMethodManagerService(  505): 	at com.android.server.ServerThread.initAndLoop(SystemServer.java:1245)
02-27 18:04:42.466 W/InputMethodManagerService(  505): 	at com.android.server.SystemServer.main(SystemServer.java:1349)
02-27 18:04:42.466 W/InputMethodManagerService(  505): 	at java.lang.reflect.Method.invokeNative(Native Method)
02-27 18:04:42.466 W/InputMethodManagerService(  505): 	at java.lang.reflect.Method.invoke(Method.java:515)
02-27 18:04:42.466 W/InputMethodManagerService(  505): 	at com.android.internal.os.ZygoteInit$MethodAndArgsCaller.run(ZygoteInit.java:788)
02-27 18:04:42.466 W/InputMethodManagerService(  505): 	at com.android.internal.os.ZygoteInit.main(ZygoteInit.java:604)
02-27 18:04:42.466 W/InputMethodManagerService(  505): 	at dalvik.system.NativeStart.main(Native Method)
02-27 18:04:42.486 I/SecurityManagerService(  600): SMS received security event: App[STOP/com.asus.ime]
02-27 18:04:42.486 D/WhatsNext( 3702): >> WhatsNext enable: false
02-27 18:04:42.486 I/ActivityManager(  505): Process com.asus.ime (pid 3687) has died.
02-27 18:04:42.496 I/SecurityManagerService(  600): SMS received security event: App[START/com.asus.weathertime]
02-27 18:04:42.496 D/dalvikvm( 3716): Process 3716 nice name: com.asus.weathertime:main
02-27 18:04:42.496 D/dalvikvm( 3716): Extra Options: not specified
02-27 18:04:42.506 I/ActivityManager(  505): Start proc com.asus.weathertime:main for broadcast com.asus.weathertime/.WeatherWidgetProviderPhone: pid=3716 uid=10081 gids={50081, 3003, 1028, 1015}
02-27 18:04:42.516 I/dalvikvm( 3716): Enabling JNI app bug workarounds for target SDK version 13...
02-27 18:04:42.586 W/BackupManagerService(  505): dataChanged but no participant pkg='com.android.providers.settings' uid=10016
02-27 18:04:42.606 V/KeyguardHostView(  569): onAttachedToWindow = com.android.keyguard.KeyguardHostView{221f74b0 V.E..... ......I. 0,0-0,0 #7f0a0029 app:id/keyguard_host_view}
02-27 18:04:42.606 V/KeyguardHostView(  569): hide transport, gen:444
02-27 18:04:42.606 V/KeyguardHostView(  569): music state changed: 0
02-27 18:04:42.606 V/KeyguardHostView(  569): onAppLockStateChanged forUser=0, monitor=com.android.keyguard.KeyguardUpdateMonitor$7@21ec6988
02-27 18:04:42.656 I/AudioPolicyManagerBase(  186): APM: getOutput
02-27 18:04:42.656 I/AudioPolicyManagerBase(  186): APM: getOutput
02-27 18:04:42.656 I/AudioPolicyManagerBase(  186): APM: getOutput
02-27 18:04:42.656 W/AudioTrack(  569): AUDIO_OUTPUT_FLAG_FAST denied by client
02-27 18:04:42.656 D/AudioPolicyManagerALSA(  186): startOutput() output 2, stream type 1, session 516
02-27 18:04:42.666 D/AudioHardwareALSA(  186): setStreamParameters: key value pair routing=2;stream_flags=2
02-27 18:04:42.666 D/RouteManager(  186): setOutputFlags: output flags = 0x2 (Prev Flags=0x2)
02-27 18:04:42.666 D/RouteManager(  186): setDevices: 0x2
02-27 18:04:42.666 D/RouteManager(  186): setDevices: 0x2
02-27 18:04:42.666 D/RouteManager(  186): setDevices: set device = IHF to output stream
02-27 18:04:42.666 D/RouteManager(  186): setStreamParameters: identical Platform State, do not reconsider routing
02-27 18:04:42.666 D/AudioResamplerIA(  186): Create AudioResamplerIA Resampler: Input rate 44100, output rate 48000
02-27 18:04:42.666 D/BatteryStatsImpl(  505): noteStopWakeLocked com.android.systemui isFromForeground = false
02-27 18:04:42.666 I/Choreographer(  569): Skipped 62 frames!  The application may be doing too much work on its main thread.
02-27 18:04:42.686 I/SecurityManagerService(  600): SMS received security event: App[STOP/com.asus.sitd.whatsnext]
02-27 18:04:42.686 I/ActivityManager(  505): Process com.asus.sitd.whatsnext (pid 3702) has died.
02-27 18:04:42.796 D/        (  569): Pixel Format : GGL_PIXEL_FORMAT_RGBA_8888
02-27 18:04:42.856 D/AsusPhoneStatusBar(  569): disable: < expand icons alerts ticker system_info BACK* HOME* RECENT* CLOCK* search >
02-27 18:04:42.876 V/WeatherApplication( 3716): Application on create
02-27 18:04:43.006 D/ImageWallpaper(  569): onVisibilityChanged: mVisible, visible=false, true
02-27 18:04:43.006 D/ImageWallpaper(  569): Visibility changed to visible=true
02-27 18:04:43.006 D/ImageWallpaper(  569): Suppressed drawFrame since redraw is not needed and offsets have not changed.
02-27 18:04:43.006 D/ImageWallpaper(  569): onVisibilityChanged: mVisible, visible=true, false
02-27 18:04:43.006 D/ImageWallpaper(  569): Visibility changed to visible=false
02-27 18:04:43.006 D/ImageWallpaper(  569): Suppressed drawFrame since redraw is not needed and offsets have not changed.
02-27 18:04:43.066 V/WeatherApplication( 3716): Update widget current time: 1425031483085
02-27 18:04:43.076 V/WeatherTimeProvider( 3716): delete appWidgetIds[i] = 631
02-27 18:04:43.116 I/WeatherTimeContentProvider( 3716): Weather.delete: Do nothing now.
02-27 18:04:43.126 I/WeatherTimeService( 3716): WeatherTimeService start
02-27 18:04:43.136 I/SecurityManagerService(  600): SMS received security event: App[START/com.asus.sitd.whatsnext]
02-27 18:04:43.146 D/dalvikvm( 3730): Process 3730 nice name: com.asus.sitd.whatsnext
02-27 18:04:43.146 D/dalvikvm( 3730): Extra Options: not specified
02-27 18:04:43.156 I/ActivityManager(  505): Start proc com.asus.sitd.whatsnext for broadcast com.asus.sitd.whatsnext/.widget.LockScreenWidgetProvider: pid=3730 uid=10082 gids={50082, 3003, 1028, 1015}
02-27 18:04:43.166 D/xmlCheckExt( 3730): <neon>
02-27 18:04:43.166 D/xmlCheckExt( 3730):  pkgName = air.eti.uzzu.unalis
02-27 18:04:43.166 D/xmlCheckExt( 3730): <arch>
02-27 18:04:43.166 D/xmlCheckExt( 3730):  pkgName = com.evy.guessword
02-27 18:04:43.166 D/xmlCheckExt( 3730): <arch>
02-27 18:04:43.166 D/xmlCheckExt( 3730):  pkgName = com.bpiotor.lot
02-27 18:04:43.166 D/xmlCheckExt( 3730): <arch>
02-27 18:04:43.166 D/xmlCheckExt( 3730):  pkgName = com.goodstudent.app
02-27 18:04:43.166 D/xmlCheckExt( 3730): <arch>
02-27 18:04:43.166 D/xmlCheckExt( 3730):  pkgName = com.flyfish.supermario
02-27 18:04:43.166 D/xmlCheckExt( 3730): <arch>
02-27 18:04:43.166 D/xmlCheckExt( 3730):  pkgName = excel.sgs
02-27 18:04:43.166 D/xmlCheckExt( 3730): <arch>
02-27 18:04:43.166 D/xmlCheckExt( 3730):  pkgName = com.gamevil.doz.global
02-27 18:04:43.166 D/xmlCheckExt( 3730): <arch>
02-27 18:04:43.166 D/xmlCheckExt( 3730):  pkgName = com.tblin.HandsetGuardant
02-27 18:04:43.166 D/xmlCheckExt( 3730): <arch>
02-27 18:04:43.166 D/xmlCheckExt( 3730):  pkgName = com.baoliei.lmotuolijhhe
02-27 18:04:43.166 D/xmlCheckExt( 3730): <arch>
02-27 18:04:43.166 D/xmlCheckExt( 3730):  pkgName = com.bpiotor.fingerprint
02-27 18:04:43.166 D/xmlCheckExt( 3730): <arch>
02-27 18:04:43.166 D/xmlCheckExt( 3730):  pkgName = com.philzhu.www.ddz
02-27 18:04:43.176 D/xmlCheckExt( 3730): <arch>
02-27 18:04:43.176 D/xmlCheckExt( 3730):  pkgName = hh.root
02-27 18:04:43.176 D/xmlCheckExt( 3730): <arch>
02-27 18:04:43.176 D/xmlCheckExt( 3730):  pkgName = com.rao.love.yy.zjhmuti
02-27 18:04:43.176 D/xmlCheckExt( 3730): <arch>
02-27 18:04:43.176 D/xmlCheckExt( 3730):  pkgName = com.rao.flyfish.huntfish
02-27 18:04:43.176 D/xmlCheckExt( 3730): <arch>
02-27 18:04:43.176 D/xmlCheckExt( 3730):  pkgName = com.yucai.escape.tow
02-27 18:04:43.176 D/xmlCheckExt( 3730): <white>
02-27 18:04:43.176 D/xmlCheckExt( 3730):  pkgName = com.eembc.coremark
02-27 18:04:43.176 D/Zygote  ( 3730): Setting os.arch
02-27 18:04:43.186 I/dalvikvm( 3730): Enabling JNI app bug workarounds for target SDK version 13...
02-27 18:04:43.406 E/dalvikvm( 3730): Could not find class 'org.joda.time.tz.ZoneInfoProvider', referenced from method org.joda.time.DateTimeZone.getDefaultProvider
02-27 18:04:43.406 W/dalvikvm( 3730): VFY: unable to resolve new-instance 2988 (Lorg/joda/time/tz/ZoneInfoProvider;) in Lorg/joda/time/DateTimeZone;
02-27 18:04:43.406 D/dalvikvm( 3730): VFY: replacing opcode 0x22 at 0x0016
02-27 18:04:43.416 D/EVENT_THREAD(  186): void CEventThread::run() POLLIN event on Fd (1)
02-27 18:04:43.416 D/EVENT_THREAD(  186): void CEventThread::run() Do poll with timeout: -1
02-27 18:04:43.436 I/SecurityManagerService(  600): SMS received security event: App[STOP/com.asus.weathertime]
02-27 18:04:43.436 D/dalvikvm( 3730): DexOpt: unable to opt direct call 0x52e8 at 0x1a in Lorg/joda/time/DateTimeZone;.getDefaultProvider
02-27 18:04:43.436 I/ActivityManager(  505): Process com.asus.weathertime:main (pid 3716) has died.
02-27 18:04:43.456 D/WhatsNext( 3730): >> WhatsNext enable: false
02-27 18:04:43.476 I/SecurityManagerService(  600): SMS received security event: App[START/com.asus.weathertime]
02-27 18:04:43.486 D/dalvikvm( 3746): Process 3746 nice name: com.asus.weathertime:main
02-27 18:04:43.486 D/dalvikvm( 3746): Extra Options: not specified
02-27 18:04:43.486 I/ActivityManager(  505): Start proc com.asus.weathertime:main for broadcast com.asus.weathertime/.WeatherWidgetProviderPhone: pid=3746 uid=10081 gids={50081, 3003, 1028, 1015}
02-27 18:04:43.496 I/dalvikvm( 3746): Enabling JNI app bug workarounds for target SDK version 13...
02-27 18:04:43.526 W/WhatsNext( 3730): >>>>>1=660 >>>>>2=271
02-27 18:04:43.526 V/ActivityManager(  505): Remove bg service from mStartingBackground ,r=ServiceRecord{224cf5f0 u0 com.asus.sitd.whatsnext/.widget.LockScreenWidgetProvider$UpdateService},r used time=68,left r count=1
02-27 18:04:43.606 I/ActivityManager(  505): Process com.asus.sitd.whatsnext (pid 3730) has died.
02-27 18:04:43.606 I/SecurityManagerService(  600): SMS received security event: App[STOP/com.asus.sitd.whatsnext]
02-27 18:04:43.646 V/WeatherApplication( 3746): Application on create
02-27 18:04:43.646 V/WeatherApplication( 3746): Update widget current time: 1425031483661
02-27 18:04:43.646 V/WeatherTimeProvider( 3746):  Start update widget: 1425031483662
02-27 18:04:43.756 I/ActivityManager(  505): Process com.asus.weathertime:main (pid 3746) has died.
02-27 18:04:43.786 I/SecurityManagerService(  600): SMS received security event: App[STOP/com.asus.weathertime]
02-27 18:04:43.866 I/SecurityManagerService(  600): SMS received security event: App[STOP/org.xwalk.webapi_noneservice_tests]
02-27 18:04:43.866 I/ActivityManager(  505): Process org.xwalk.webapi_noneservice_tests (pid 2925) has died.
02-27 18:04:43.876 I/SecurityManagerService(  600): SMS received security event: App[START/org.xwalk.webapi_noneservice_tests]
02-27 18:04:43.876 I/WindowState(  505): WIN DEATH: Window{220ec400 u0 SurfaceView}
02-27 18:04:43.896 W/InputDispatcher(  505): channel '22819b30 org.xwalk.webapi_noneservice_tests/org.xwalk.webapi_noneservice_tests.WebapiNoneserviceTestsActivity (server)' ~ Consumer closed input channel or an error occurred.  events=0x9
02-27 18:04:43.896 E/InputDispatcher(  505): channel '22819b30 org.xwalk.webapi_noneservice_tests/org.xwalk.webapi_noneservice_tests.WebapiNoneserviceTestsActivity (server)' ~ Channel is unrecoverably broken and will be disposed!
02-27 18:04:43.896 W/InputDispatcher(  505): Attempted to unregister already unregistered input channel '22819b30 org.xwalk.webapi_noneservice_tests/org.xwalk.webapi_noneservice_tests.WebapiNoneserviceTestsActivity (server)'
02-27 18:04:43.896 I/WindowState(  505): WIN DEATH: Window{22819b30 u0 org.xwalk.webapi_noneservice_tests/org.xwalk.webapi_noneservice_tests.WebapiNoneserviceTestsActivity}
02-27 18:04:43.906 W/SurfaceFlinger(  171): couldn't log to binary event log: overflow.
02-27 18:04:43.916 D/dalvikvm( 3759): Process 3759 nice name: org.xwalk.webapi_noneservice_tests
02-27 18:04:43.916 D/dalvikvm( 3759): Extra Options: not specified
02-27 18:04:43.916 I/ActivityManager(  505): Start proc org.xwalk.webapi_noneservice_tests for activity org.xwalk.webapi_noneservice_tests/.WebapiNoneserviceTestsActivity: pid=3759 uid=10085 gids={50085, 3003, 1028, 1015}
02-27 18:04:43.986 D/WindowManager(  505): adjustConfigurationLw, config:{1.0 ?mcc?mnc ?locale ?layoutDir sw600dp w600dp h888dp 213dpi lrg port ?uimode ?night finger -keyb/v/h -nav/v} mLidState:1 mHasDockFeature:false mHasKeyboardFeature:false mHasHallSensorFeature:true config.hardKeyboardHidden:2
02-27 18:04:43.996 D/dalvikvm(  172): GC_EXPLICIT freed 45K, 2% free 5801K/5892K, paused 0ms+1ms, total 46ms
02-27 18:04:44.006 D/dalvikvm(  172): GC_EXPLICIT freed <1K, 2% free 5801K/5892K, paused 1ms+1ms, total 12ms
02-27 18:04:44.016 D/dalvikvm(  172): GC_EXPLICIT freed <1K, 2% free 5801K/5892K, paused 1ms+1ms, total 12ms
02-27 18:04:44.066 D/EVENT_THREAD(  186): void CEventThread::run() POLLIN event on Fd (1)
02-27 18:04:44.066 D/EVENT_THREAD(  186): void CEventThread::run() Do poll with timeout: -1
02-27 18:04:44.066 D/EVENT_THREAD(  186): void CEventThread::run() POLLIN event on Fd (1)
02-27 18:04:44.066 D/EVENT_THREAD(  186): void CEventThread::run() Do poll with timeout: -1
02-27 18:04:44.066 I/upi_ug31xx(  166): (2025) update_capacity
02-27 18:04:44.066 I/[UPI]   (  166): <UG31/E>[UpiReadCapacity]: V=3592(3627), T=359(361-430), I=-186, C=0(0-0)
02-27 18:04:44.066 I/[UPI]   (  166): <UG31/E>[UpiReadCapacity]: (0x0001254a) 120 (114) / 3822 (3822) = 3
02-27 18:04:44.066 I/[UPI]   (  166): <UG31/E>[UpiReadCapacity]: (0x0001254a) 120 (114) / 3822 (3822) = 3
02-27 18:04:44.066 I/[UPI]   (  166): <UG31/E>[UpiReadCapacity]: (0x0001254a) 120 (120) / 3822 (3822) = 3
02-27 18:04:44.066 I/[UPI]   (  166): <UG31/E>[RsocFilterCountTime]: (0x0001254a) Step=0(16030), Full=0(16030), Lock=16030(3820645)
02-27 18:04:44.066 I/[UPI]   (  166): <UG31/E>[UpiReadCapacity]: (0x0001254a) 120 (120) / 3822 (3822) = 3 (-186--186)
02-27 18:04:44.066 I/[UPI]   (  166): <UG31/E><BATT> M:normal, P:3(3-3)%, V:3627mV, C:-186mA, T:36.1C(430), S:0x0001254a(001), R:120mAh, F:3822mAh, Q:-1678mAh, CC:3, P:2.373(1677-0)s, BO:7, 97:615:0-44af-9m:B001-20140514-144301 (16)
02-27 18:04:44.066 I/upi_ug31xx(  166): (2026) backup_data 
02-27 18:04:44.066 V/upi_ug31xx(  166): state->check_backup_count = 2
02-27 18:04:44.066 D/dalvikvm( 3759): Trying to load lib /data/app-lib/org.xwalk.webapi_noneservice_tests-1/libxwalkcore.so 0x43d88890
02-27 18:04:44.136 D/dalvikvm( 3759): Added shared lib /data/app-lib/org.xwalk.webapi_noneservice_tests-1/libxwalkcore.so 0x43d88890
02-27 18:04:44.156 I/LibraryLoader( 3759): Time to load native libraries: 94 ms (timestamps 3099-3193)
02-27 18:04:44.156 I/LibraryLoader( 3759): Expected native library version number "",actual native library version number ""
02-27 18:04:44.216 I/SecurityManagerService(  600): SMS received security event: App[START/com.asus.weathertime]
02-27 18:04:44.216 I/LibraryLoader( 3759): Expected native library version number "",actual native library version number ""
02-27 18:04:44.216 D/dalvikvm( 3771): Process 3771 nice name: com.asus.weathertime:main
02-27 18:04:44.216 D/dalvikvm( 3771): Extra Options: not specified
02-27 18:04:44.216 I/chromium( 3759): [INFO:library_loader_hooks.cc(112)] Chromium logging enabled: level = 0, default verbosity = 0
02-27 18:04:44.226 I/dalvikvm( 3771): Enabling JNI app bug workarounds for target SDK version 13...
02-27 18:04:44.226 I/ActivityManager(  505): Start proc com.asus.weathertime:main for broadcast com.asus.weathertime/.WeatherReceiver: pid=3771 uid=10081 gids={50081, 3003, 1028, 1015}
02-27 18:04:44.246 V/WeatherApplication( 3771): Application on create
02-27 18:04:44.256 V/WeatherApplication( 3771): Update widget current time: 1425031484268
02-27 18:04:44.286 I/BrowserStartupController( 3759): Initializing chromium process, singleProcess=true
02-27 18:04:44.336 D/AlarmManager(  505): Added alarm Alarm{224c6450 type 0 com.baidu.BaiduMap} type:RTC_WAKEUP when: At 15-2-27 6:08 repeatInterval: 0h:7m:0.0s
02-27 18:04:44.336 D/AlarmManager(  505): Added alarm Alarm{2205e768 type 0 android} type:RTC_WAKEUP when: At 15-2-27 6:30 repeatInterval: 0h:30m:0.0s
02-27 18:04:44.346 I/WeatherTimeReceiver( 3771): Alarm manager is canceled successfully!
02-27 18:04:44.346 D/AlarmManager(  505): Triggered Alarm 223f1dc0 ELAPSED_REALTIME_WAKEUP IntentSender{22166fd0: PendingIntentRecord{21fd8030 android broadcastIntent}}
02-27 18:04:44.356 I/WeatherTimeService( 3771): WeatherTimeService start
02-27 18:04:44.376 V/WeatherTimeProvider( 3771):  Start update widget: 1425031484388
02-27 18:04:44.386 I/WeatherTimeProvider( 3771): Start Time-Tick Service
02-27 18:04:44.396 I/WeatherTimeProvider( 3771): onUpdate1
02-27 18:04:44.406 V/WeatherTimeProvider( 3771):  widgetid = 1
02-27 18:04:44.406 V/WeatherTimeProvider( 3771): cityId = 66971; currentLocation = 0
02-27 18:04:44.406 V/WeatherTimeProvider( 3771): widgetid = 1
02-27 18:04:44.446 V/WeatherTimeProvider( 3771): Widget option: minWidth = 384; minHeight = 87
02-27 18:04:44.446 V/WeatherTimeProvider( 3771):  End update widget: 1425031484456
02-27 18:04:44.446 V/WeatherTimeProvider( 3771):  Start update widget: 1425031484457
02-27 18:04:44.446 I/WeatherTimeProvider( 3771): onUpdate1
02-27 18:04:44.446 V/WeatherTimeProvider( 3771):  widgetid = 1
02-27 18:04:44.446 V/WeatherTimeProvider( 3771): cityId = 66971; currentLocation = 0
02-27 18:04:44.446 V/WeatherTimeProvider( 3771): widgetid = 1
02-27 18:04:44.456 V/WeatherTimeProvider( 3771): Widget option: minWidth = 384; minHeight = 87
02-27 18:04:44.456 V/WeatherTimeProvider( 3771):  End update widget: 1425031484468
02-27 18:04:44.456 D/BatteryStatsImpl(  505): noteStopWakeLocked system isFromForeground = false
02-27 18:04:44.456 D/ConnectivityService(  505): Sampling interval elapsed, updating statistics ..
02-27 18:04:44.456 D/ConnectivityService(  505): Done.
02-27 18:04:44.456 D/ConnectivityService(  505): Setting timer for 720seconds
02-27 18:04:44.486 W/ActivityManager(  505): Activity pause timeout for ActivityRecord{2281ed58 u0 org.xwalk.webapi_noneservice_tests/.WebapiNoneserviceTestsActivity t119}
02-27 18:04:44.726 I/dalvikvm( 3771): Total arena pages for JIT: 11
02-27 18:04:44.726 I/dalvikvm( 3771): Total arena pages for JIT: 12
02-27 18:04:44.726 I/dalvikvm( 3771): Total arena pages for JIT: 13
02-27 18:04:44.726 I/dalvikvm( 3771): Total arena pages for JIT: 14
02-27 18:04:44.726 I/dalvikvm( 3771): Total arena pages for JIT: 15
02-27 18:04:44.836 W/AudioManagerAndroid( 3759): Requires BLUETOOTH permission
02-27 18:04:44.886 I/ufoGralloc( 3759): Hello, this is UFO GRALLOC/Intel Corporation
02-27 18:04:44.906 D/        ( 3759): Pixel Format : GGL_PIXEL_FORMAT_RGBA_8888
02-27 18:04:44.906 D/        ( 3759): droid_create_context : config id = 1 conf->NativeVisualID=1
02-27 18:04:44.916 D/        ( 3759): Pixel Format : GGL_PIXEL_FORMAT_RGBA_8888
02-27 18:04:44.916 I/        ( 3759): Requested context : GLES 2.0
02-27 18:04:45.026 W/chromium( 3759): [WARNING:proxy_service.cc(899)] PAC support disabled because there is no system implementation
02-27 18:04:45.036 W/dalvikvm( 3759): VFY: unable to find class referenced in signature (Landroid/view/inputmethod/CursorAnchorInfo;)
02-27 18:04:45.036 I/dalvikvm( 3759): Could not find method android.view.inputmethod.InputMethodManager.updateCursorAnchorInfo, referenced from method org.chromium.content.browser.input.InputMethodManagerWrapper.updateCursorAnchorInfo
02-27 18:04:45.036 W/dalvikvm( 3759): VFY: unable to resolve virtual method 1241: Landroid/view/inputmethod/InputMethodManager;.updateCursorAnchorInfo (Landroid/view/View;Landroid/view/inputmethod/CursorAnchorInfo;)V
02-27 18:04:45.036 D/dalvikvm( 3759): VFY: replacing opcode 0x6e at 0x000a
02-27 18:04:45.166 E/cutils  (  163): Failed to mkdirat(/Removable/MicroSD): Read-only file system
02-27 18:04:45.166 W/ContextImpl( 3759): Failed to ensure directory: /Removable/MicroSD/Android/data/org.xwalk.webapi_noneservice_tests/cache
02-27 18:04:45.166 W/Vold    (  163): Returning OperationFailed - no handler for errno 30
02-27 18:04:45.176 W/XWalkExtensionManager( 3759): Failed to read extensions-config.json
02-27 18:04:45.176 E/chromium( 3759): [ERROR:unix_domain_server_socket_posix.cc(106)] Not implemented reached in virtual int net::UnixDomainServerSocket::GetLocalAddress(net::IPEndPoint*) const
02-27 18:04:45.176 I/dalvikvm( 3759): Could not find method android.app.Activity.finishAndRemoveTask, referenced from method org.chromium.base.ApiCompatibilityUtils.finishAndRemoveTask
02-27 18:04:45.176 W/dalvikvm( 3759): VFY: unable to resolve virtual method 4: Landroid/app/Activity;.finishAndRemoveTask ()V
02-27 18:04:45.176 D/dalvikvm( 3759): VFY: replacing opcode 0x6e at 0x0006
02-27 18:04:45.176 I/dalvikvm( 3759): Could not find method android.os.PowerManager.isInteractive, referenced from method org.chromium.base.ApiCompatibilityUtils.isInteractive
02-27 18:04:45.176 W/dalvikvm( 3759): VFY: unable to resolve virtual method 768: Landroid/os/PowerManager;.isInteractive ()Z
02-27 18:04:45.176 D/dalvikvm( 3759): VFY: replacing opcode 0x6e at 0x000e
02-27 18:04:45.176 I/dalvikvm( 3759): Could not find method android.view.Window.getNavigationBarColor, referenced from method org.chromium.base.ApiCompatibilityUtils.setStatusBarColor
02-27 18:04:45.176 W/dalvikvm( 3759): VFY: unable to resolve virtual method 1144: Landroid/view/Window;.getNavigationBarColor ()I
02-27 18:04:45.176 D/dalvikvm( 3759): VFY: replacing opcode 0x6e at 0x0010
02-27 18:04:45.176 I/dalvikvm( 3759): Could not find method android.view.Window.setStatusBarColor, referenced from method org.chromium.base.ApiCompatibilityUtils.setStatusBarColor
02-27 18:04:45.176 W/dalvikvm( 3759): VFY: unable to resolve virtual method 1149: Landroid/view/Window;.setStatusBarColor (I)V
02-27 18:04:45.176 D/dalvikvm( 3759): VFY: replacing opcode 0x6e at 0x0019
02-27 18:04:45.176 E/dalvikvm( 3759): Could not find class 'android.app.ActivityManager$TaskDescription', referenced from method org.chromium.base.ApiCompatibilityUtils.setTaskDescription
02-27 18:04:45.176 W/dalvikvm( 3759): VFY: unable to resolve new-instance 11 (Landroid/app/ActivityManager$TaskDescription;) in Lorg/chromium/base/ApiCompatibilityUtils;
02-27 18:04:45.176 D/dalvikvm( 3759): VFY: replacing opcode 0x22 at 0x0006
02-27 18:04:45.176 D/dalvikvm( 3759): DexOpt: unable to opt direct call 0x001e at 0x08 in Lorg/chromium/base/ApiCompatibilityUtils;.setTaskDescription
02-27 18:04:45.216 I/chromium( 3759): [INFO:xwalk_extension_renderer_controller.cc(47)] EXTENSION PROCESS DISABLED.
02-27 18:04:45.276 D/        ( 3759): droid_create_context : config id = 5 conf->NativeVisualID=1
02-27 18:04:45.276 D/        ( 3759): Pixel Format : GGL_PIXEL_FORMAT_RGBA_8888
02-27 18:04:45.276 I/        ( 3759): Requested context : GLES 2.0
02-27 18:04:45.286 D/        ( 3759): Pixel Format : GGL_PIXEL_FORMAT_RGBA_8888
02-27 18:04:45.386 D/OpenGLRenderer( 3759): Enabling debug mode 0
02-27 18:04:45.406 I/ActivityManager(  505): Displayed org.xwalk.webapi_noneservice_tests/.WebapiNoneserviceTestsActivity: +1s418ms (total +1s532ms)
02-27 18:04:45.496 W/BindingManager( 3759): Cannot call determinedVisibility() - never saw a connection for the pid: 3759
02-27 18:04:45.506 D/        ( 3759): Pixel Format : GGL_PIXEL_FORMAT_RGBA_8888
02-27 18:04:45.506 D/        ( 3759): droid_create_context : config id = 1 conf->NativeVisualID=1
02-27 18:04:45.506 D/        ( 3759): Pixel Format : GGL_PIXEL_FORMAT_RGBA_8888
02-27 18:04:45.506 I/        ( 3759): Requested context : GLES 2.0
02-27 18:04:46.676 D/PROPERTY(  186): get media.dump_output.befconv: 0
02-27 18:04:46.676 D/PROPERTY(  186): get media.dump_output.aftconv: 0
02-27 18:04:46.676 D/RouteManager(  186): stopStream: {+++ RECONSIDER ROUTING +++} due to output stream stop event
02-27 18:04:46.676 D/RouteManager(  186): reconsiderRouting
02-27 18:04:46.686 D/EVENT_THREAD(  186): void CEventThread::trig(uint16_t): in
02-27 18:04:46.686 D/EVENT_THREAD(  186): void CEventThread::trig(uint16_t): out
02-27 18:04:46.686 D/RouteManager(  186): doReconsiderRouting:       Platform State:
02-27 18:04:46.686 D/RouteManager(  186): doReconsiderRouting:          -Modem Alive = 0 
02-27 18:04:46.686 D/RouteManager(  186): doReconsiderRouting:          -Modem Call Active = 0 
02-27 18:04:46.686 D/RouteManager(  186): doReconsiderRouting:          -Is Shared I2S glitch free=1 
02-27 18:04:46.686 D/RouteManager(  186): doReconsiderRouting:          -Android Telephony Mode = Normal 
02-27 18:04:46.686 D/RouteManager(  186): doReconsiderRouting:          -RTE MGR HW Mode = Normal 
02-27 18:04:46.686 D/RouteManager(  186): doReconsiderRouting:          -BT Enabled = 1 
02-27 18:04:46.686 D/RouteManager(  186): doReconsiderRouting:          -BT NREC = 0 
02-27 18:04:46.686 D/RouteManager(  186): doReconsiderRouting:          -BT Band = NB 
02-27 18:04:46.686 D/RouteManager(  186): doReconsiderRouting:          -Platform output device = IHF 
02-27 18:04:46.686 D/RouteManager(  186): doReconsiderRouting:          -Platform input device = <none> 
02-27 18:04:46.686 D/RouteManager(  186): doReconsiderRouting:          -Platform input source = None 
02-27 18:04:46.686 D/RouteManager(  186): doReconsiderRouting:          -Platform Band type = NB 
02-27 18:04:46.686 D/RouteManager(  186): doReconsiderRouting:          -Platform Has Direct Stream = no 
02-27 18:04:46.686 D/RouteManager(  186): doReconsiderRouting:          -Platform TTY direction = <none> 
02-27 18:04:46.686 D/RouteManager(  186): doReconsiderRouting:          -Platform HAC Mode = Off 
02-27 18:04:46.686 D/RouteManager(  186): doReconsiderRouting:          -Platform Screen State = Off 
02-27 18:04:46.686 D/RouteManager(  186): doReconsiderRouting:          -Platform Context Awareness = false 
02-27 18:04:46.686 D/RouteManager(  186): doReconsiderRouting:          -Platform Always Listening = false 
02-27 18:04:46.686 D/RouteManager(  186): doReconsiderRouting:          -Platform FM State = Off 
02-27 18:04:46.686 D/RouteManager(  186): doReconsiderRouting:          -Platform Bypass Non Linear PP State = Off 
02-27 18:04:46.686 D/RouteManager(  186): doReconsiderRouting:          -Platform Bypass Linear PP State = Off 
02-27 18:04:46.686 D/RouteManager(  186): doReconsiderRouting:          -Platform MicMute = Off 
02-27 18:04:46.686 D/RouteManager(  186): doReconsiderRouting:      Route state:
02-27 18:04:46.686 D/RouteManager(  186): doReconsiderRouting:          -Previously Enabled Route in Input = <none>
02-27 18:04:46.686 D/RouteManager(  186): doReconsiderRouting:          -Previously Enabled Route in Output = Media|HwCodecMedia
02-27 18:04:46.686 D/RouteManager(  186): doReconsiderRouting:          -Selected Route in Input = <none>
