02-27 18:05:57.306 W/FileUtils( 4611): Failed to chmod(/storage/emulated/0/wandoujia/.fileInfo.db): libcore.io.ErrnoException: chmod failed: EPERM (Operation not permitted)
02-27 18:05:57.306 D/dalvikvm(  172): GC_EXPLICIT freed <1K, 2% free 5801K/5892K, paused 1ms+1ms, total 11ms
02-27 18:05:57.326 D/dalvikvm(  172): GC_EXPLICIT freed <1K, 2% free 5801K/5892K, paused 0ms+1ms, total 11ms
02-27 18:05:57.466 I/dalvikvm(  505): ++++++++++++++++++++++++++++++++++++++++++++
02-27 18:05:57.466 I/dalvikvm(  505): JIT_INFO: ME Issues while compiling trace  Lcom/android/server/am/ActivityManagerService;getRunningAppProcesses, offset 111
02-27 18:05:57.466 I/dalvikvm(  505): 	Jit code cache is full.
02-27 18:05:57.516 D/dalvikvm( 4739): Trying to load lib /data/app-lib/com.tencent.mm-1/libstlport_shared.so 0x43d91fb0
02-27 18:05:57.536 D/houdini ( 4739): [4739] Loading library(version: 4.0.2.44380 RELEASE)... successfully.
02-27 18:05:57.566 D/dalvikvm( 4739): Added shared lib /data/app-lib/com.tencent.mm-1/libstlport_shared.so 0x43d91fb0
02-27 18:05:57.566 D/dalvikvm( 4739): No JNI_OnLoad found in /data/app-lib/com.tencent.mm-1/libstlport_shared.so 0x43d91fb0, skipping init
02-27 18:05:57.576 E/ActivityThread( 4739): Failed to find provider info for com.tencent.mm.coolassist.debugprovider
02-27 18:05:57.576 D/dalvikvm( 4739): Trying to load lib /data/app-lib/com.tencent.mm-1/libwechatxlog.so 0x43d91fb0
02-27 18:05:57.606 D/dalvikvm( 4739): Added shared lib /data/app-lib/com.tencent.mm-1/libwechatxlog.so 0x43d91fb0
02-27 18:05:57.606 W/MicroMsg.xlogger( 4739): JNI_Xlog_onCreate
02-27 18:05:57.666 D/dalvikvm( 4739): Trying to load lib /data/app-lib/com.tencent.mm-1/libMMProtocalJni.so 0x43d91fb0
02-27 18:05:57.686 D/dalvikvm( 4739): Added shared lib /data/app-lib/com.tencent.mm-1/libMMProtocalJni.so 0x43d91fb0
02-27 18:05:57.686 D/dalvikvm( 4739): No JNI_OnLoad found in /data/app-lib/com.tencent.mm-1/libMMProtocalJni.so 0x43d91fb0, skipping init
02-27 18:05:57.806 D/dalvikvm( 4739): Trying to load lib /data/app-lib/com.tencent.mm-1/libwechatCrashForJni.so 0x43d91fb0
02-27 18:05:57.806 D/dalvikvm( 4739): Added shared lib /data/app-lib/com.tencent.mm-1/libwechatCrashForJni.so 0x43d91fb0
02-27 18:05:57.806 W/jni crash monitor( 4739): JNI_OnLoad
02-27 18:05:57.856 I/SecurityManagerService(  600): SMS received security event: App[START/com.chrome.beta]
02-27 18:05:57.866 D/dalvikvm( 4761): Process 4761 nice name: com.chrome.beta
02-27 18:05:57.866 D/dalvikvm( 4761): Extra Options: not specified
02-27 18:05:57.876 I/ActivityManager(  505): Start proc com.chrome.beta for broadcast com.chrome.beta/com.google.android.apps.chrome.precache.PrecacheServiceLauncher: pid=4761 uid=10207 gids={50207, 3003, 1028, 1015}
02-27 18:05:57.956 I/WindowManager(  505): interceptPowerKeyDown: key down event: handled: set timeout to 4000 ms
02-27 18:05:57.956 I/WindowManager(  505): Screen turning on...
02-27 18:05:57.956 D/Sensors (  505): kxtj2.cpp: set enable, handle is 0
02-27 18:05:57.956 I/PowerManagerService(  505): Waking up from sleep...
02-27 18:05:57.956 D/BrightnessHandler(  505): com.android.server.power.HardwareHandler@21f16ce0 setBrightness=255, 10
02-27 18:05:57.966 D/Sensors (  505): kxtj2.cpp: enable set 1
02-27 18:05:57.966 D/Sensors (  505): kxtj2.cpp: mEnabled = 1
02-27 18:05:57.966 D/Sensors (  505): kxtj2.cpp: set delay, handle is 0
02-27 18:05:57.966 V/KeyguardServiceDelegate(  505): onScreenTurnedOn(showListener = com.android.internal.policy.impl.PhoneWindowManager$22@222149d8)
02-27 18:05:57.976 D/EVENT_THREAD(  186): void CEventThread::run() POLLIN event on Fd (1)
02-27 18:05:57.976 D/EVENT_THREAD(  186): void CEventThread::run() Do poll with timeout: -1
02-27 18:05:57.986 I/WifiHW  (  505): CMD: IFNAME=wlan0 SIGNAL_POLL
02-27 18:05:57.986 D/wpa_supplicant(  711): RX ctrl_iface - hexdump(len=11): 53 49 47 4e 41 4c 5f 50 4f 4c 4c
02-27 18:05:57.986 D/wpa_supplicant(  711): wlan0: Control interface command 'SIGNAL_POLL'
02-27 18:05:57.986 D/wpa_supplicant(  711): nl80211: survey data missing!
02-27 18:05:57.986 I/WifiHW  (  505): REPLY: RSSI=-60
02-27 18:05:57.986 I/WifiHW  (  505): REPLY: LINKSPEED=65
02-27 18:05:57.986 I/WifiHW  (  505): REPLY: NOISE=9999
02-27 18:05:57.986 I/WifiHW  (  505): REPLY: FREQUENCY=2437
02-27 18:05:57.986 I/WifiHW  (  505): CMD: IFNAME=wlan0 DRIVER SETSUSPENDMODE 0
02-27 18:05:57.986 D/wpa_supplicant(  711): RX ctrl_iface - hexdump(len=23): 44 52 49 56 45 52 20 53 45 54 53 55 53 50 45 4e 44 4d 4f 44 45 20 30
02-27 18:05:57.986 D/wpa_supplicant(  711): wlan0: Control interface command 'DRIVER SETSUSPENDMODE 0'
02-27 18:05:57.986 D/wpa_supplicant(  711): bcm_wpa_driver_nl80211_driver_cmd  len = 0, 0
02-27 18:05:57.986 I/WifiHW  (  505): REPLY: OK
02-27 18:05:57.986 D/AudioHardwareALSA(  186): setParameters
02-27 18:05:57.986 W/InputMethodManagerService(  505): Got RemoteException sending setActive(false) notification to pid 2925 uid 10085
02-27 18:05:57.996 D/RouteManager(  186): doSetParameters: key value pair screen_state=on, {+++ RECONSIDER ROUTING +++} due to External parameter change
02-27 18:05:57.996 D/RouteManager(  186): reconsiderRouting
02-27 18:05:57.996 D/EVENT_THREAD(  186): void CEventThread::trig(uint16_t): in
02-27 18:05:57.996 D/EVENT_THREAD(  186): void CEventThread::trig(uint16_t): out
02-27 18:05:57.996 V/KeyguardServiceDelegate(  505): **** SHOWN CALLED ****
02-27 18:05:57.996 D/RouteManager(  186): doReconsiderRouting:       Platform Changes:
02-27 18:05:57.996 D/RouteManager(  186): doReconsiderRouting:          -Platform Screen State = On [has changed]
02-27 18:05:57.996 D/EVENT_THREAD(  186): void CEventThread::run() Do poll with timeout: -1
02-27 18:05:57.996 D/RouteManager(  186): reconsiderRouting: DONE
02-27 18:05:57.996 I/WindowManager(  505): Lock screen displayed!
02-27 18:05:57.996 D/BrightnessHandler(  505): com.android.server.power.HardwareHandler@21f16ce0 setBrightness=255, 10
02-27 18:05:57.996 D/BrightnessHandler(  505): com.android.server.power.HardwareHandler@21f16ce0 setBrightness=255, 10
02-27 18:05:57.996 D/AlarmManager(  505): Removed alarm Alarm{2213d9e0 type 2 android} type:ELAPSED_REALTIME_WAKEUP
02-27 18:05:57.996 D/AlarmManager(  505): Added alarm Alarm{221704b8 type 0 com.baidu.BaiduMap} type:RTC_WAKEUP when: At 15-2-27 6:08 repeatInterval: 0h:7m:0.0s
02-27 18:05:58.006 D/AlarmManager(  505): Added alarm Alarm{2212dbe8 type 0 android} type:RTC_WAKEUP when: At 15-2-27 6:30 repeatInterval: 0h:30m:0.0s
02-27 18:05:58.006 D/AlarmManager(  505): Added alarm Alarm{2214d108 type 0 com.asus.cm} type:RTC_WAKEUP when: At 15-2-27 8:18
02-27 18:05:58.066 D/ImageWallpaper(  569): onVisibilityChanged: mVisible, visible=false, true
02-27 18:05:58.066 D/ImageWallpaper(  569): Visibility changed to visible=true
02-27 18:05:58.066 D/ImageWallpaper(  569): Suppressed drawFrame since redraw is not needed and offsets have not changed.
02-27 18:05:58.076 I/WeatherTimeService( 3771): Action is: android.intent.action.SCREEN_ON
02-27 18:05:58.076 V/WeatherTimeService( 3771): Screen On current time: 1425031558092
02-27 18:05:58.076 I/WeatherTimeService( 3771): Screen on, un refresh widget id count:0
02-27 18:05:58.106 I/WindowManager(  505): interceptPowerKeyUp: key up event: remove pending callbacks for very long press
02-27 18:05:58.166 D/dalvikvm( 4611): GC_CONCURRENT freed 3163K, 28% free 8743K/12004K, paused 1ms+1ms, total 7ms
02-27 18:05:58.166 D/dalvikvm( 4611): WAIT_FOR_CONCURRENT_GC blocked 7ms
02-27 18:05:58.196 D/dalvikvm( 4701): No JNI_OnLoad found in /system/lib/libbdpush_V1_0.so 0x43d86110, skipping init
02-27 18:05:58.316 D/EVENT_THREAD(  186): void CEventThread::run() POLLIN event on Fd (1)
02-27 18:05:58.316 D/EVENT_THREAD(  186): void CEventThread::run() Do poll with timeout: -1
02-27 18:05:58.336 D/PowerManagerService-JNI(  505): Excessive delay in autosuspend_disable() while turning screen on: 385ms
02-27 18:05:58.336 D/SurfaceFlinger(  171): Screen acquired, type=0 flinger=0xb8cffe60
02-27 18:05:58.346 W/ufoGralloc(  171): registerBuffer() handle 0xb8f72200/6 didn't require registration
02-27 18:05:58.346 I/PushConnection( 4701): create Socket ok
02-27 18:05:58.356 D/EVENT_THREAD(  186): void CEventThread::run() POLLIN event on Fd (1)
02-27 18:05:58.356 D/EVENT_THREAD(  186): void CEventThread::run() Do poll with timeout: -1
02-27 18:05:58.356 I/MessageHandler( 4701): onSessionOpened, send handshake msg :{"tiny_msghead":1,"channel_token":"184112497699072742431069679591615014533610696832532474422840","tinyheart":1,"period":1800,"connect_version":2,"channel_type":3,"channel_id":"4319983844517837682"}
02-27 18:05:58.356 D/PushConnection( 4701): SendThread send msg :id : 0, version: 0, needReply: true
02-27 18:05:58.366 D/SurfaceFlinger(  171): ORT: DPS allow this projection change
02-27 18:05:58.366 D/SurfaceFlinger(  171): handleDisplayScaling
02-27 18:05:58.366 D/WindowManager(  505): adjustConfigurationLw, config:{0.0 ?mcc?mnc ?locale ?layoutDir sw600dp w961dp h528dp 213dpi lrg land ?uimode ?night finger -keyb/v/h -nav/v} mLidState:1 mHasDockFeature:false mHasKeyboardFeature:false mHasHallSensorFeature:true config.hardKeyboardHidden:2
02-27 18:05:58.366 I/ActivityManager(  505): Config changes=480 {1.0 ?mcc?mnc zh_CN ldltr sw600dp w961dp h528dp 213dpi lrg land finger -keyb/v/h -nav/h s.54}
02-27 18:05:58.376 I/InputReader(  505): Reconfiguring input devices.  changes=0x00000004
02-27 18:05:58.376 I/InputReader(  505): Device reconfigured: id=8, name='touchscreen', size 800x1280, orientation 1, mode 1, display id 0
02-27 18:05:58.386 D/MaxxAudioService(  796): onConfigurationChanged()
02-27 18:05:58.396 D/AsusPhoneStatusBar(  569): mSettingsPanelGravity = 8388661
02-27 18:05:58.406 D/LauncherLog( 4674): LauncherModel changeWorkThread - set sWorker : sPADWorkerThread
02-27 18:05:58.416 D/LauncherLog( 4674): LauncherApplication onConfigurationChanged - OldConfigScreenDpi : 0 , NewConfigScreenDpi : 213
02-27 18:05:58.416 I/WeatherTimeService( 3771): Action is: android.intent.action.CONFIGURATION_CHANGED
02-27 18:05:58.426 D/LauncherLog( 4674): LauncherProvier - getDatabase: launcher.db
02-27 18:05:58.436 D/        (  569): Surface destroy: ANDROID_NATIVE_WINDOW_MAGIC
02-27 18:05:58.436 D/        (  569): Pixel Format : GGL_PIXEL_FORMAT_RGBA_8888
02-27 18:05:58.436 V/WeatherTimeProvider( 3771): Update widget current time: 1425031558451
02-27 18:05:58.436 V/WeatherTimeProvider( 3771):  Start update widget: 1425031558453
02-27 18:05:58.436 I/WeatherTimeProvider( 3771): onUpdate1
02-27 18:05:58.446 V/WeatherTimeProvider( 3771):  widgetid = 1
02-27 18:05:58.456 V/WeatherTimeProvider( 3771): cityId = 66971; currentLocation = 0
02-27 18:05:58.456 D/ImageWallpaper(  569): onSurfaceRedrawNeeded
02-27 18:05:58.456 D/ImageWallpaper(  569): Reloading bitmap: mBackground, bgw, bgh, dw, dh = null, 0, 0, 1280, 1280
02-27 18:05:58.456 V/WeatherTimeProvider( 3771): widgetid = 1
02-27 18:05:58.456 V/WallpaperService(  505): getWidthHint: width = 1280
02-27 18:05:58.456 V/WallpaperService(  505): getHeightHint: height = 1280
02-27 18:05:58.466 V/WeatherTimeProvider( 3771): Widget option: minWidth = 384; minHeight = 87
02-27 18:05:58.466 V/WeatherTimeProvider( 3771):  End update widget: 1425031558476
02-27 18:05:58.476 D/dalvikvm(  569): GC_FOR_ALLOC freed 457K, 44% free 19110K/33964K, paused 9ms, total 9ms
02-27 18:05:58.476 I/socket  ( 4701): msgid:1
02-27 18:05:58.476 I/MessageHandler( 4701): readMessage nshead, msgId:1 magicNum:fb709394 length:9 version =28 logId =79 reserved = 2
02-27 18:05:58.476 D/PushConnection( 4701): ReadThread receive msg :id : 1, version: 0, needReply: false
02-27 18:05:58.476 I/MessageHandler( 4701): handleMessage MSG_ID_HANDSHAKE : {"ret":0}
02-27 18:05:58.476 I/MessageHandler( 4701): handleMessage MSG_ID_HANDSHAKE : result = 0
02-27 18:05:58.486 D/EVENT_THREAD(  186): void CEventThread::run() POLLIN event on Fd (1)
02-27 18:05:58.486 D/EVENT_THREAD(  186): void CEventThread::run() Do poll with timeout: -1
02-27 18:05:58.486 I/upi_ug31xx(  166): (2055) update_capacity
02-27 18:05:58.486 I/[UPI]   (  166): <UG31/E><BATT> M:late_resume, P:3(3-3)%, V:3681mV, C:161mA, T:36.0C(421), S:0x00012545(001), R:122mAh, F:3822mAh, Q:-1675mAh, CC:3, P:5.370(1674-0)s, BO:7, 97:615:0-44af-9m:B001-20140514-144301 (16)
02-27 18:05:58.486 I/dalvikvm-heap(  569): Grow heap (frag case) to 26.582MB for 8192016-byte allocation
02-27 18:05:58.496 D/dalvikvm(  569): GC_CONCURRENT freed 90K, 36% free 27020K/41968K, paused 1ms+4ms, total 9ms
02-27 18:05:58.496 D/dalvikvm(  569): WAIT_FOR_CONCURRENT_GC blocked 5ms
02-27 18:05:58.656 V/ActivityManager(  505): Remove bg service from mStartingBackground ,r=ServiceRecord{222052b8 u0 com.asus.sitd.whatsnext/.widget.LockScreenWidgetProvider$UpdateService},r used time=38,left r count=3
02-27 18:05:58.656 V/ActivityManager(  505): Remove bg service from mStartingBackground ,r=ServiceRecord{2214e4f0 u0 com.asus.sitd.whatsnext/.widget.WhatsNextWidgetProvider$UpdateService},r used time=44,left r count=2
02-27 18:05:58.716 D/EVENT_THREAD(  186): void CEventThread::run() POLLIN event on Fd (1)
02-27 18:05:58.716 D/EVENT_THREAD(  186): void CEventThread::run() Do poll with timeout: -1
02-27 18:05:58.716 D/EVENT_THREAD(  186): void CEventThread::run() POLLIN event on Fd (1)
02-27 18:05:58.716 D/EVENT_THREAD(  186): void CEventThread::run() Do poll with timeout: -1
02-27 18:05:58.716 I/upi_ug31xx(  166): (2056) update_capacity
02-27 18:05:58.716 I/[UPI]   (  166): <UG31/E>[UpiReadCapacity]: V=3678(3678), T=359(359-420), I=-96, C=1(0-1)
02-27 18:05:58.716 I/[UPI]   (  166): <UG31/E>[UpiReadCapacity]: (0x00012529) 122 (191) / 3822 (3822) = 3
02-27 18:05:58.716 I/[UPI]   (  166): <UG31/E>[UpiReadCapacity]: (0x00012529) 122 (191) / 3822 (3822) = 3
02-27 18:05:58.716 I/[UPI]   (  166): <UG31/E>[UpiReadCapacity]: (0x00012509) 122 (122) / 3822 (3822) = 3
02-27 18:05:58.716 I/[UPI]   (  166): <UG31/E>[RsocFilterCountTime]: (0x00012509) Step=1(90710), Full=1(90710), Lock=90710(7402500)
02-27 18:05:58.716 I/[UPI]   (  166): <UG31/E>[UpiReadCapacity]: (0x00012509) 122 (122) / 3822 (3822) = 3 (-96--96)
02-27 18:05:58.726 I/[UPI]   (  166): <UG31/E><BATT> M:normal, P:3(3-3)%, V:3675mV, C:-353mA, T:35.9C(420), S:0x00012509(001), R:122mAh, F:3822mAh, Q:-1674mAh, CC:3, P:4.746(1673-1)s, BO:7, 97:615:0-44af-9m:B001-20140514-144301 (16)
02-27 18:05:58.726 I/upi_ug31xx(  166): (2057) backup_data 
02-27 18:05:58.726 V/upi_ug31xx(  166): state->check_backup_count = 17
02-27 18:05:58.756 D/ImageWallpaper(  569): Redrawing wallpaper
02-27 18:05:58.756 D/        (  569): droid_create_context : config id = 1 conf->NativeVisualID=1
02-27 18:05:58.756 D/        (  569): Pixel Format : GGL_PIXEL_FORMAT_RGBA_8888
02-27 18:05:58.756 I/        (  569): Requested context : GLES 2.0
02-27 18:05:58.756 D/        (  569): Pixel Format : GGL_PIXEL_FORMAT_RGBA_8888
02-27 18:05:58.766 D/        (  569): Pixel Format : GGL_PIXEL_FORMAT_RGBA_8888
02-27 18:05:58.806 D/        (  569): Surface destroy: ANDROID_NATIVE_WINDOW_MAGIC
02-27 18:05:58.816 D/ImageWallpaper(  569): onOffsetsChanged: xOffset=0.0, yOffset=0.0, xOffsetStep=0.0, yOffsetStep=0.0, xPixels=0, yPixels=0
02-27 18:05:58.816 D/ImageWallpaper(  569): Suppressed drawFrame since redraw is not needed and offsets have not changed.
02-27 18:05:58.816 D/KeyguardViewManager(  569): setWallpaper
02-27 18:05:58.816 V/KeyguardViewManager(  569): getImage isPadMode= true
02-27 18:05:58.816 V/KeyguardViewManager(  569): computeWallpaperBounds() mWallpaperDrawable == null
02-27 18:05:58.816 V/KeyguardHostView(  569): onDetachedFromWindow = com.android.keyguard.KeyguardHostView{221f74b0 V.E..... .......D 0,0-800,1280 #7f0a0029 app:id/keyguard_host_view}
02-27 18:05:58.826 V/KeyguardHostView(  569): Initial transport state: 0, pbstate=0
02-27 18:05:58.866 D/KeyguardHostView(  569): Found a appWidgetId that's not being used by keyguard, deleting id 632
02-27 18:05:58.866 D/AlarmManager(  505): Added alarm Alarm{22131e88 type 0 com.baidu.BaiduMap} type:RTC_WAKEUP when: At 15-2-27 6:08 repeatInterval: 0h:7m:0.0s
02-27 18:05:58.876 D/KeyguardHostView(  569): Add What's Next widget
02-27 18:05:58.876 D/AlarmManager(  505): Added alarm Alarm{221cfd98 type 0 android} type:RTC_WAKEUP when: At 15-2-27 6:30 repeatInterval: 0h:30m:0.0s
02-27 18:05:58.876 D/AlarmManager(  505): Added alarm Alarm{22145430 type 0 com.asus.cm} type:RTC_WAKEUP when: At 15-2-27 8:18
02-27 18:05:58.926 V/WeatherTimeProvider( 3771):  Start update widget: 1425031558940
02-27 18:05:58.926 I/WeatherTimeProvider( 3771): onUpdate1
02-27 18:05:58.926 V/WeatherTimeProvider( 3771): insert appWidgetId = 634
02-27 18:05:58.926 I/WeatherTimeContentProvider( 3771): Weather.insert: Do nothing now.
02-27 18:05:58.976 V/WeatherTimeProvider( 3771):  widgetid = 634
02-27 18:05:58.976 V/WeatherTimeProvider( 3771): cityId = null; currentLocation = 0
02-27 18:05:58.976 V/WeatherTimeProvider( 3771): widgetid = 634
02-27 18:05:58.976 W/BackupManagerService(  505): dataChanged but no participant pkg='com.android.providers.settings' uid=10016
02-27 18:05:58.986 W/WhatsNext( 3823): >>>>>1=440 >>>>>2=323
02-27 18:05:58.986 V/ActivityManager(  505): Remove bg service from mStartingBackground ,r=ServiceRecord{22883a98 u0 com.asus.sitd.whatsnext/.widget.LockScreenWidgetProvider$UpdateService},r used time=97,left r count=2
02-27 18:05:58.996 D/EVENT_THREAD(  186): void CEventThread::run() POLLIN event on Fd (1)
02-27 18:05:58.996 D/EVENT_THREAD(  186): void CEventThread::run() Do poll with timeout: -1
02-27 18:05:58.996 D/EVENT_THREAD(  186): void CEventThread::run() POLLIN event on Fd (1)
02-27 18:05:58.996 D/EVENT_THREAD(  186): void CEventThread::run() Do poll with timeout: -1
02-27 18:05:59.006 V/KeyguardHostView(  569): onAttachedToWindow = com.android.keyguard.KeyguardHostView{21ec8558 V.E..... ......I. 0,0-0,0 #7f0a0029 app:id/keyguard_host_view}
02-27 18:05:59.006 V/KeyguardHostView(  569): hide transport, gen:444
02-27 18:05:59.006 V/KeyguardHostView(  569): music state changed: 0
02-27 18:05:59.006 V/KeyguardHostView(  569): onAppLockStateChanged forUser=0, monitor=com.android.keyguard.KeyguardUpdateMonitor$7@21ec6988
02-27 18:05:59.016 D/Clock   (  569): ACTION_CONFIGURATION_CHANGED
02-27 18:05:59.016 D/Clock   (  569): update clock:6:05
02-27 18:05:59.026 I/Choreographer(  569): Skipped 35 frames!  The application may be doing too much work on its main thread.
02-27 18:05:59.026 V/WeatherTimeProvider( 3771): Widget option: minWidth = 0; minHeight = 0
02-27 18:05:59.026 V/WeatherTimeProvider( 3771):  End update widget: 1425031559043
02-27 18:05:59.036 V/WeatherTimeProvider( 3771): minWidth=0minHeight=0
02-27 18:05:59.036 V/WeatherTimeProvider( 3771): newSize[0]=3newSize[1]=1
02-27 18:05:59.036 I/WeatherTimeContentProvider( 3771): Weather.update: Do nothing now.
02-27 18:05:59.046 D/        (  569): Surface destroy: ANDROID_NATIVE_WINDOW_MAGIC
02-27 18:05:59.056 D/        (  569): Pixel Format : GGL_PIXEL_FORMAT_RGBA_8888
02-27 18:05:59.076 I/WeatherTimeProvider( 3771): onUpdate1
02-27 18:05:59.076 D/        (  569): Surface destroy: ANDROID_NATIVE_WINDOW_MAGIC
02-27 18:05:59.076 D/        (  569): Pixel Format : GGL_PIXEL_FORMAT_RGBA_8888
02-27 18:05:59.096 I/WindowManager(  505): Screen frozen for +774ms due to Window{22024828 u0 StatusBar}
02-27 18:05:59.106 V/WeatherTimeProvider( 3771):  widgetid = 634
02-27 18:05:59.106 V/WeatherTimeProvider( 3771): cityId = null; currentLocation = 0
02-27 18:05:59.106 V/WeatherTimeProvider( 3771): widgetid = 634
02-27 18:05:59.116 D/BatteryStatsImpl(  505): noteStopWakeLocked system isFromForeground = false
02-27 18:05:59.126 V/WeatherTimeProvider( 3771): Widget option: minWidth = 430; minHeight = 430
02-27 18:05:59.126 I/WeatherTimeReceiver( 3771): P.UPDATE_REQUEST:Receive
02-27 18:05:59.126 V/WeatherTimeReceiver( 3771): radioChoice = 0
02-27 18:05:59.136 V/WeatherTimeCurrentLocation( 3771): bIsWiFiEnabled = true; bIsGPSEnabled = true
02-27 18:05:59.136 V/WeatherTimeCurrentLocation( 3771): Auto update current location:LocationManager.NETWORK_PROVIDER
02-27 18:05:59.136 I/WeatherTimeReceiver( 3771): Alarmmanager
02-27 18:05:59.146 I/WeatherTimeReceiver( 3771): Alarm manager is canceled successfully!
02-27 18:05:59.156 V/WeatherTimeProvider( 3771): minWidth=430minHeight=430
02-27 18:05:59.156 V/WeatherTimeProvider( 3771): newSize[0]=4newSize[1]=4
02-27 18:05:59.156 I/WeatherTimeContentProvider( 3771): Weather.update: Do nothing now.
02-27 18:05:59.166 I/upi_ug31xx(  166): (2058) update_capacity
02-27 18:05:59.166 I/[UPI]   (  166): <UG31/E>[UpiReadCapacity]: V=3674(3667), T=358(357-420), I=-517, C=0(0-1)
02-27 18:05:59.166 I/[UPI]   (  166): <UG31/E>[UpiReadCapacity]: (0x0001254a) 122 (583) / 3822 (4030) = 3
02-27 18:05:59.166 I/[UPI]   (  166): <UG31/E>[UpiReadCapacity]: (0x0001254a) 122 (583) / 3822 (4030) = 3
02-27 18:05:59.166 I/[UPI]   (  166): <UG31/E>[UpiReadCapacity]: (0x0001254a) 122 (122) / 3822 (4030) = 3
02-27 18:05:59.166 I/[UPI]   (  166): <UG31/E>[RsocFilterCountTime]: (0x0001254a) Step=1(90980), Full=1(90980), Lock=90980(1800000)
02-27 18:05:59.166 I/[UPI]   (  166): <UG31/E>[UpiReadCapacity]: (0x0001254a) 122 (122) / 3822 (4030) = 3 (-517--517)
02-27 18:05:59.166 I/[UPI]   (  166): <UG31/E><BATT> M:normal, P:3(3-3)%, V:3662mV, C:-658mA, T:35.7C(420), S:0x0001254a(000), R:122mAh, F:3822mAh, Q:-1674mAh, CC:3, P:0.270(1673-1)s, BO:7, 97:615:0-44af-9m:B001-20140514-144301 (16)
02-27 18:05:59.166 I/upi_ug31xx(  166): (2059) backup_data 
02-27 18:05:59.166 V/upi_ug31xx(  166): state->check_backup_count = 18
02-27 18:05:59.166 D/EVENT_THREAD(  186): void CEventThread::run() POLLIN event on Fd (1)
02-27 18:05:59.166 D/EVENT_THREAD(  186): void CEventThread::run() Do poll with timeout: -1
02-27 18:05:59.176 I/WeatherTimeProvider( 3771): onUpdate1
02-27 18:05:59.186 V/WeatherTimeProvider( 3771):  widgetid = 634
02-27 18:05:59.186 V/WeatherTimeProvider( 3771): cityId = null; currentLocation = 0
02-27 18:05:59.186 V/WeatherTimeProvider( 3771): widgetid = 634
02-27 18:05:59.196 V/WeatherTimeProvider( 3771): Widget option: minWidth = 430; minHeight = 430
02-27 18:05:59.526 D/dalvikvm( 4611): GC_FOR_ALLOC freed 3097K, 27% free 9432K/12880K, paused 6ms, total 6ms
02-27 18:05:59.626 W/ufoGralloc(  171): registerBuffer() handle 0xb8fd2440/6 didn't require registration
02-27 18:05:59.666 D/SurfaceFlinger(  171): ORT: DPS allow this projection change
02-27 18:05:59.666 D/SurfaceFlinger(  171): handleDisplayScaling
02-27 18:05:59.666 D/WindowManager(  505): adjustConfigurationLw, config:{0.0 ?mcc?mnc ?locale ?layoutDir sw600dp w600dp h888dp 213dpi lrg port ?uimode ?night finger -keyb/v/h -nav/v} mLidState:1 mHasDockFeature:false mHasKeyboardFeature:false mHasHallSensorFeature:true config.hardKeyboardHidden:2
02-27 18:05:59.666 I/InputReader(  505): Reconfiguring input devices.  changes=0x00000004
02-27 18:05:59.666 I/InputReader(  505): Device reconfigured: id=8, name='touchscreen', size 800x1280, orientation 0, mode 1, display id 0
02-27 18:05:59.666 I/InputReader(  505): Reconfiguring input devices.  changes=0x00000004
02-27 18:05:59.666 I/ActivityManager(  505): Config changes=480 {1.0 ?mcc?mnc zh_CN ldltr sw600dp w600dp h888dp 213dpi lrg port finger -keyb/v/h -nav/h s.55}
02-27 18:05:59.676 D/MaxxAudioService(  796): onConfigurationChanged()
02-27 18:05:59.676 D/AsusPhoneStatusBar(  569): mSettingsPanelGravity = 8388661
02-27 18:05:59.696 D/LauncherLog( 4674): LauncherModel changeWorkThread - set sWorker : sPADWorkerThread
02-27 18:05:59.696 D/LauncherLog( 4674): LauncherApplication onConfigurationChanged - OldConfigScreenDpi : 0 , NewConfigScreenDpi : 213
02-27 18:05:59.696 D/LauncherLog( 4674): LauncherProvier - getDatabase: launcher.db
02-27 18:05:59.706 I/WeatherTimeService( 3771): Action is: android.intent.action.CONFIGURATION_CHANGED
02-27 18:05:59.716 D/AlarmManager(  505): Removed alarm Alarm{2243e248 type 0 com.wandoujia.phoenix2} type:RTC_WAKEUP
02-27 18:05:59.716 D/AlarmManager(  505): Added alarm Alarm{224bf820 type 0 com.baidu.BaiduMap} type:RTC_WAKEUP when: At 15-2-27 6:08 repeatInterval: 0h:7m:0.0s
02-27 18:05:59.726 D/        (  569): Surface destroy: ANDROID_NATIVE_WINDOW_MAGIC
02-27 18:05:59.726 D/        (  569): Pixel Format : GGL_PIXEL_FORMAT_RGBA_8888
02-27 18:05:59.726 V/WeatherTimeProvider( 3771): Update widget current time: 1425031559744
02-27 18:05:59.736 V/WeatherTimeProvider( 3771):  Start update widget: 1425031559746
02-27 18:05:59.736 I/WeatherTimeProvider( 3771): onUpdate1
02-27 18:05:59.746 D/AlarmManager(  505): Added alarm Alarm{228882e0 type 0 android} type:RTC_WAKEUP when: At 15-2-27 6:30 repeatInterval: 0h:30m:0.0s
02-27 18:05:59.756 D/AlarmManager(  505): Added alarm Alarm{21f77640 type 0 com.asus.cm} type:RTC_WAKEUP when: At 15-2-27 8:18
02-27 18:05:59.796 D/dalvikvm(  505): JIT code cache reset in 0 ms (1048556 bytes 5/0)
02-27 18:05:59.806 D/dalvikvm(  505): GC_EXPLICIT freed 677K, 48% free 18373K/34800K, paused 3ms+11ms, total 64ms
02-27 18:05:59.816 D/ImageWallpaper(  569): onSurfaceRedrawNeeded
02-27 18:05:59.816 D/ImageWallpaper(  569): Redrawing wallpaper
02-27 18:05:59.816 D/        (  569): droid_create_context : config id = 1 conf->NativeVisualID=1
02-27 18:05:59.816 D/        (  569): Pixel Format : GGL_PIXEL_FORMAT_RGBA_8888
02-27 18:05:59.816 I/        (  569): Requested context : GLES 2.0
02-27 18:05:59.826 D/        (  569): Pixel Format : GGL_PIXEL_FORMAT_RGBA_8888
02-27 18:05:59.836 D/        (  569): Pixel Format : GGL_PIXEL_FORMAT_RGBA_8888
02-27 18:05:59.846 V/WeatherTimeProvider( 3771):  widgetid = 1
02-27 18:05:59.846 V/WeatherTimeProvider( 3771): cityId = 66971; currentLocation = 0
02-27 18:05:59.846 V/WeatherTimeProvider( 3771): widgetid = 1
02-27 18:05:59.856 V/WeatherTimeProvider( 3771): Widget option: minWidth = 384; minHeight = 87
02-27 18:05:59.856 I/WeatherTimeProvider( 3771): onUpdate1
02-27 18:05:59.866 V/WeatherTimeProvider( 3771):  widgetid = 634
02-27 18:05:59.866 V/WeatherTimeProvider( 3771): cityId = null; currentLocation = 0
02-27 18:05:59.866 V/WeatherTimeProvider( 3771): widgetid = 634
02-27 18:05:59.876 D/        (  569): Surface destroy: ANDROID_NATIVE_WINDOW_MAGIC
02-27 18:05:59.886 V/WeatherTimeProvider( 3771): Widget option: minWidth = 430; minHeight = 430
02-27 18:05:59.886 V/WeatherTimeProvider( 3771):  End update widget: 1425031559897
02-27 18:05:59.886 D/ImageWallpaper(  569): onOffsetsChanged: xOffset=0.0, yOffset=0.0, xOffsetStep=0.0, yOffsetStep=0.0, xPixels=0, yPixels=0
02-27 18:05:59.886 D/ImageWallpaper(  569): Suppressed drawFrame since redraw is not needed and offsets have not changed.
02-27 18:05:59.896 D/KeyguardViewManager(  569): setWallpaper
02-27 18:05:59.896 V/KeyguardViewManager(  569): getImage isPadMode= true
02-27 18:05:59.896 V/KeyguardViewManager(  569): computeWallpaperBounds() mWallpaperDrawable == null
02-27 18:05:59.906 V/KeyguardHostView(  569): onDetachedFromWindow = com.android.keyguard.KeyguardHostView{21ec8558 V.E..... .......D 0,0-1280,800 #7f0a0029 app:id/keyguard_host_view}
02-27 18:05:59.916 V/KeyguardHostView(  569): Initial transport state: 0, pbstate=0
02-27 18:05:59.956 V/ActivityManager(  505): Remove bg service from mStartingBackground ,r=ServiceRecord{22cc80e0 u0 com.asus.sitd.whatsnext/.widget.WhatsNextWidgetProvider$UpdateService},r used time=29,left r count=3
02-27 18:05:59.956 D/AlarmManager(  505): Added alarm Alarm{223ed088 type 0 com.baidu.BaiduMap} type:RTC_WAKEUP when: At 15-2-27 6:08 repeatInterval: 0h:7m:0.0s
02-27 18:05:59.966 D/AlarmManager(  505): Added alarm Alarm{22252a20 type 0 android} type:RTC_WAKEUP when: At 15-2-27 6:30 repeatInterval: 0h:30m:0.0s
02-27 18:05:59.976 D/KeyguardHostView(  569): Found a appWidgetId that's not being used by keyguard, deleting id 633
02-27 18:05:59.976 D/KeyguardHostView(  569): Found a appWidgetId that's not being used by keyguard, deleting id 634
02-27 18:05:59.976 D/AlarmManager(  505): Added alarm Alarm{221f7e10 type 0 com.asus.cm} type:RTC_WAKEUP when: At 15-2-27 8:18
02-27 18:05:59.996 D/AlarmManager(  505): Added alarm Alarm{221b0d18 type 0 com.baidu.BaiduMap} type:RTC_WAKEUP when: At 15-2-27 6:08 repeatInterval: 0h:7m:0.0s
02-27 18:05:59.996 V/ActivityManager(  505): Remove bg service from mStartingBackground ,r=ServiceRecord{22b7a048 u0 com.asus.sitd.whatsnext/.widget.LockScreenWidgetProvider$UpdateService},r used time=64,left r count=2
02-27 18:06:00.006 D/AlarmManager(  505): Added alarm Alarm{2214bd18 type 0 android} type:RTC_WAKEUP when: At 15-2-27 6:30 repeatInterval: 0h:30m:0.0s
02-27 18:06:00.006 D/AlarmManager(  505): Added alarm Alarm{2212a1a8 type 0 com.asus.cm} type:RTC_WAKEUP when: At 15-2-27 8:18
02-27 18:06:00.016 D/AlarmManager(  505): Added alarm Alarm{2210d428 type 0 com.baidu.BaiduMap} type:RTC_WAKEUP when: At 15-2-27 6:08 repeatInterval: 0h:7m:0.0s
02-27 18:06:00.026 D/AlarmManager(  505): Added alarm Alarm{22103530 type 0 android} type:RTC_WAKEUP when: At 15-2-27 6:30 repeatInterval: 0h:30m:0.0s
02-27 18:06:00.026 D/AlarmManager(  505): Added alarm Alarm{220ddc28 type 0 com.asus.cm} type:RTC_WAKEUP when: At 15-2-27 8:18
02-27 18:06:00.046 D/BatteryStatsImpl(  505): noteStopWakeLocked system isFromForeground = false
02-27 18:06:00.046 V/WeatherTimeProvider( 3771): delete appWidgetIds[i] = 634
02-27 18:06:00.046 I/WeatherTimeContentProvider( 3771): Weather.delete: Do nothing now.
02-27 18:06:00.046 D/KeyguardHostView(  569): Add What's Next widget
02-27 18:06:00.056 D/AlarmManager(  505): Added alarm Alarm{22089af8 type 0 com.baidu.BaiduMap} type:RTC_WAKEUP when: At 15-2-27 6:08 repeatInterval: 0h:7m:0.0s
02-27 18:06:00.066 D/AlarmManager(  505): Added alarm Alarm{220774d8 type 0 android} type:RTC_WAKEUP when: At 15-2-27 6:30 repeatInterval: 0h:30m:0.0s
02-27 18:06:00.066 D/AlarmManager(  505): Added alarm Alarm{2205ee08 type 0 com.asus.cm} type:RTC_WAKEUP when: At 15-2-27 8:18
02-27 18:06:00.086 I/WeatherTimeReceiver( 3771): Alarm manager is canceled successfully!
02-27 18:06:00.136 W/WhatsNext( 3823): >>>>>1=660 >>>>>2=271
02-27 18:06:00.136 V/ActivityManager(  505): Remove bg service from mStartingBackground ,r=ServiceRecord{223a2af0 u0 com.asus.sitd.whatsnext/.widget.LockScreenWidgetProvider$UpdateService},r used time=49,left r count=2
02-27 18:06:00.156 W/BackupManagerService(  505): dataChanged but no participant pkg='com.android.providers.settings' uid=10016
02-27 18:06:00.166 V/KeyguardHostView(  569): onAttachedToWindow = com.android.keyguard.KeyguardHostView{22056ab8 V.E..... ......I. 0,0-0,0 #7f0a0029 app:id/keyguard_host_view}
02-27 18:06:00.166 V/KeyguardHostView(  569): hide transport, gen:444
02-27 18:06:00.166 V/KeyguardHostView(  569): music state changed: 0
02-27 18:06:00.166 V/KeyguardHostView(  569): onAppLockStateChanged forUser=0, monitor=com.android.keyguard.KeyguardUpdateMonitor$7@21ec6988
02-27 18:06:00.176 D/Clock   (  569): ACTION_CONFIGURATION_CHANGED
02-27 18:06:00.176 D/Clock   (  569): update clock:6:06
02-27 18:06:00.206 D/        (  569): Surface destroy: ANDROID_NATIVE_WINDOW_MAGIC
02-27 18:06:00.206 D/        (  569): Pixel Format : GGL_PIXEL_FORMAT_RGBA_8888
02-27 18:06:00.226 D/        (  569): Surface destroy: ANDROID_NATIVE_WINDOW_MAGIC
02-27 18:06:00.226 D/        (  569): Pixel Format : GGL_PIXEL_FORMAT_RGBA_8888
02-27 18:06:00.236 I/WindowManager(  505): Screen frozen for +606ms due to Window{22024828 u0 StatusBar}
02-27 18:06:00.246 D/Clock   (  569): ACTION_TIME_TICK
02-27 18:06:00.246 D/Clock   (  569): update clock:6:06
02-27 18:06:00.256 D/BatteryStatsImpl(  505): noteStopWakeLocked system isFromForeground = false
02-27 18:06:00.256 D/BatteryStatsImpl(  505): noteStopWakeLocked system isFromForeground = false
02-27 18:06:00.276 I/AudioPolicyManagerBase(  186): APM: getOutput
02-27 18:06:00.276 I/AudioPolicyManagerBase(  186): APM: getOutput
02-27 18:06:00.276 I/AudioPolicyManagerBase(  186): APM: getOutput
02-27 18:06:00.276 W/AudioTrack(  569): AUDIO_OUTPUT_FLAG_FAST denied by client
02-27 18:06:00.276 D/AudioPolicyManagerALSA(  186): startOutput() output 2, stream type 1, session 517
02-27 18:06:00.276 D/AudioHardwareALSA(  186): setStreamParameters: key value pair routing=2;stream_flags=2
02-27 18:06:00.276 D/RouteManager(  186): setOutputFlags: output flags = 0x2 (Prev Flags=0x2)
02-27 18:06:00.276 D/RouteManager(  186): setDevices: 0x2
02-27 18:06:00.276 D/RouteManager(  186): setDevices: 0x2
02-27 18:06:00.276 D/RouteManager(  186): setDevices: set device = IHF to output stream
02-27 18:06:00.276 D/RouteManager(  186): setStreamParameters: identical Platform State, do not reconsider routing
02-27 18:06:00.276 D/WindowManager(  505): adjustConfigurationLw, config:{1.0 ?mcc?mnc ?locale ?layoutDir sw600dp w600dp h888dp 213dpi lrg port ?uimode ?night finger -keyb/v/h -nav/v} mLidState:1 mHasDockFeature:false mHasKeyboardFeature:false mHasHallSensorFeature:true config.hardKeyboardHidden:2
02-27 18:06:00.286 D/AudioResamplerIA(  186): Create AudioResamplerIA Resampler: Input rate 44100, output rate 48000
02-27 18:06:00.286 D/PROPERTY(  186): get media.dump_output.befconv: 0
02-27 18:06:00.286 D/PROPERTY(  186): get media.dump_output.aftconv: 0
02-27 18:06:00.286 D/RouteManager(  186): startStream: {+++ RECONSIDER ROUTING +++} due to output stream start event
02-27 18:06:00.286 D/RouteManager(  186): reconsiderRouting
02-27 18:06:00.286 D/EVENT_THREAD(  186): void CEventThread::trig(uint16_t): in
02-27 18:06:00.286 D/EVENT_THREAD(  186): void CEventThread::trig(uint16_t): out
02-27 18:06:00.286 D/RouteManager(  186): doReconsiderRouting:       Platform State:
02-27 18:06:00.286 D/RouteManager(  186): doReconsiderRouting:          -Modem Alive = 0 
02-27 18:06:00.286 D/RouteManager(  186): doReconsiderRouting:          -Modem Call Active = 0 
02-27 18:06:00.286 D/RouteManager(  186): doReconsiderRouting:          -Is Shared I2S glitch free=1 
02-27 18:06:00.286 D/RouteManager(  186): doReconsiderRouting:          -Android Telephony Mode = Normal 
02-27 18:06:00.286 D/RouteManager(  186): doReconsiderRouting:          -RTE MGR HW Mode = Normal 
02-27 18:06:00.286 D/RouteManager(  186): doReconsiderRouting:          -BT Enabled = 1 
02-27 18:06:00.286 D/RouteManager(  186): doReconsiderRouting:          -BT NREC = 0 
02-27 18:06:00.286 D/RouteManager(  186): doReconsiderRouting:          -BT Band = NB 
02-27 18:06:00.286 D/RouteManager(  186): doReconsiderRouting:          -Platform output device = IHF 
02-27 18:06:00.286 D/RouteManager(  186): doReconsiderRouting:          -Platform input device = <none> 
02-27 18:06:00.286 D/RouteManager(  186): doReconsiderRouting:          -Platform input source = None 
02-27 18:06:00.286 D/RouteManager(  186): doReconsiderRouting:          -Platform Band type = NB 
02-27 18:06:00.286 D/RouteManager(  186): doReconsiderRouting:          -Platform Has Direct Stream = no 
02-27 18:06:00.286 D/RouteManager(  186): doReconsiderRouting:          -Platform TTY direction = <none> 
02-27 18:06:00.286 D/RouteManager(  186): doReconsiderRouting:          -Platform HAC Mode = Off 
02-27 18:06:00.286 D/RouteManager(  186): doReconsiderRouting:          -Platform Screen State = On 
02-27 18:06:00.286 D/RouteManager(  186): doReconsiderRouting:          -Platform Context Awareness = false 
02-27 18:06:00.286 D/RouteManager(  186): doReconsiderRouting:          -Platform Always Listening = false 
02-27 18:06:00.286 D/RouteManager(  186): doReconsiderRouting:          -Platform FM State = Off 
02-27 18:06:00.286 D/RouteManager(  186): doReconsiderRouting:          -Platform Bypass Non Linear PP State = Off 
02-27 18:06:00.286 D/RouteManager(  186): doReconsiderRouting:          -Platform Bypass Linear PP State = Off 
02-27 18:06:00.286 D/RouteManager(  186): doReconsiderRouting:          -Platform MicMute = Off 
02-27 18:06:00.286 D/RouteManager(  186): doReconsiderRouting:      Route state:
02-27 18:06:00.286 D/RouteManager(  186): doReconsiderRouting:          -Previously Enabled Route in Input = <none>
02-27 18:06:00.286 D/RouteManager(  186): doReconsiderRouting:          -Previously Enabled Route in Output = <none>
02-27 18:06:00.286 D/RouteManager(  186): doReconsiderRouting:          -Selected Route in Input = <none>
02-27 18:06:00.286 D/RouteManager(  186): doReconsiderRouting:          -Selected Route in Output = Media|HwCodecMedia
02-27 18:06:00.286 D/RouteManager(  186): doReconsiderRouting:          -Route that need reconfiguration in Input = <none>
02-27 18:06:00.286 D/RouteManager(  186): doReconsiderRouting:          -Route that need reconfiguration in Output = <none>
02-27 18:06:00.286 D/RouteManager(  186): executeMuteStage: --------------- Routing Stage = Mute ---------------
02-27 18:06:00.286 D/RouteManager(  186): parameter-framework: Selection criterion changed event: Criterion name: RoutageState, current state: Flow
02-27 18:06:00.286 D/RouteManager(  186): parameter-framework: Configuration application request {
02-27 18:06:00.286 D/RouteManager(  186): parameter-framework:     Applying configurations {
02-27 18:06:00.286 D/RouteManager(  186): parameter-framework:     } Applying configurations
02-27 18:06:00.286 D/RouteManager(  186): parameter-framework: } Configuration application request
02-27 18:06:00.286 D/RouteManager(  186): executeDisableStage: --------------- Routing Stage = Disable ---------------
02-27 18:06:00.286 D/RouteManager(  186): parameter-framework: Selection criterion changed event: Criterion name: RoutageState, current state: Path
02-27 18:06:00.286 D/RouteManager(  186): parameter-framework: Configuration application request {
02-27 18:06:00.286 D/RouteManager(  186): parameter-framework:     Applying configurations {
02-27 18:06:00.286 D/RouteManager(  186): parameter-framework:     } Applying configurations
02-27 18:06:00.286 D/RouteManager(  186): parameter-framework: } Configuration application request
02-27 18:06:00.286 D/RouteManager(  186): executeConfigureStage: --------------- Routing Stage = Configure ---------------
02-27 18:06:00.286 D/RouteManager(  186): parameter-framework: Selection criterion changed event: Criterion name: RoutageState, current state: Configure
02-27 18:06:00.286 D/RouteManager(  186): parameter-framework: Selection criterion changed event: Criterion name: OpenedPlaybackRoutes, current state: Media|HwCodecMedia
02-27 18:06:00.286 D/RouteManager(  186): parameter-framework: Selection criterion changed event: Criterion name: ScreenState, current state: On
02-27 18:06:00.286 D/RouteManager(  186): parameter-framework: Configuration application request {
02-27 18:06:00.286 D/RouteManager(  186): parameter-framework:     Applying configurations {
02-27 18:06:00.286 D/RouteManager(  186): parameter-framework:         Applying configuration "Activated" from domain "Routing.Configure.LPE_Mixer.IHF"
02-27 18:06:00.296 D/        (  569): Surface destroy: ANDROID_NATIVE_WINDOW_MAGIC
02-27 18:06:00.316 D/RouteManager(  186): parameter-framework:     } Applying configurations
02-27 18:06:00.316 D/RouteManager(  186): parameter-framework: } Configuration application request
02-27 18:06:00.316 D/RouteManager(  186): executeEnableStage: --------------- Routing Stage = Enable ---------------
02-27 18:06:00.316 D/RouteManager(  186): parameter-framework: Selection criterion changed event: Criterion name: RoutageState, current state: Path|Configure
02-27 18:06:00.316 D/RouteManager(  186): doEnableRoutes: Routes to be enabled(routed) in Output = Media|HwCodecMedia
02-27 18:06:00.316 D/RouteManager(  186): parameter-framework: Configuration application request {
02-27 18:06:00.316 D/RouteManager(  186): parameter-framework:     Applying configurations {
02-27 18:06:00.316 D/RouteManager(  186): parameter-framework:         Applying configuration "Enable" from domain "Routing.Enable.HWCodec.Playback.IHF"
02-27 18:06:00.316 D/RouteManager(  186): parameter-framework:         Applying configuration "Enable" from domain "Routing.Enable.HWCodec.Playback.Multimedia.IHF"
02-27 18:06:00.316 D/RouteManager(  186): parameter-framework:         Applying configuration "Enable" from domain "Routing.Enable.HWCodec.Playback.Multimedia.Playback"
02-27 18:06:00.326 D/AsusPhoneStatusBar(  569): disable: < expand icons alerts ticker system_info back* home* recent* clock* search >
02-27 18:06:00.326 D/RouteManager(  186): parameter-framework:     } Applying configurations
02-27 18:06:00.326 D/RouteManager(  186): parameter-framework: } Configuration application request
02-27 18:06:00.326 D/RouteManager(  186): doEnableRoutes: Routes to be enabled(routed) in Output = Media|HwCodecMedia
02-27 18:06:00.326 D/RouteManager/StreamRoute(  186): openPcmDevice called for card (baytrailaudio,0)
02-27 18:06:00.326 D/RouteManager/StreamRoute(  186): openPcmDevice		 config=rate(48000), format(0), channels(2))
02-27 18:06:00.326 D/RouteManager/StreamRoute(  186): openPcmDevice		 period_size=1152, period_count=4
02-27 18:06:00.326 D/RouteManager/StreamRoute(  186): openPcmDevice		 startTh=4607, stop Th=4608 silence Th=0
02-27 18:06:00.396 I/SecurityManagerService(  600): SMS received security event: App[START/com.asus.ime]
02-27 18:06:00.396 W/InputMethodManagerService(  505): Got RemoteException sending setActive(false) notification to pid 2925 uid 10085
02-27 18:06:00.406 D/ALSAStreamOps(  186): attachRouteL output stream
02-27 18:06:00.406 D/AudioConversion(  186): configure: no convertion required
02-27 18:06:00.406 D/RouteManager(  186): executeUnmuteStage: --------------- Routing Stage = Unmute ---------------
02-27 18:06:00.406 D/RouteManager(  186): parameter-framework: Selection criterion changed event: Criterion name: RoutageState, current state: Flow|Path|Configure
02-27 18:06:00.406 D/RouteManager(  186): parameter-framework: Configuration application request {
02-27 18:06:00.406 D/RouteManager(  186): parameter-framework:     Applying configurations {
02-27 18:06:00.406 D/RouteManager(  186): parameter-framework:     } Applying configurations
02-27 18:06:00.406 D/RouteManager(  186): parameter-framework: } Configuration application request
02-27 18:06:00.406 D/EVENT_THREAD(  186): void CEventThread::run() Do poll with timeout: -1
02-27 18:06:00.406 D/RouteManager(  186): reconsiderRouting: DONE
02-27 18:06:00.406 I/ActivityManager(  505): Start proc com.asus.ime for service com.asus.ime/.IME: pid=4805 uid=10083 gids={50083, 3003}
02-27 18:06:00.406 V/InputMethodManagerService(  505): Adding window token: android.os.Binder@223fdd80
02-27 18:06:00.416 D/dalvikvm( 4805): Process 4805 nice name: com.asus.ime
02-27 18:06:00.416 D/dalvikvm( 4805): Extra Options: not specified
02-27 18:06:00.416 W/BindingManager( 3920): Cannot call determinedVisibility() - never saw a connection for the pid: 3920
02-27 18:06:00.416 D/        ( 3920): Pixel Format : GGL_PIXEL_FORMAT_RGBA_8888
02-27 18:06:00.426 D/        ( 3920): droid_create_context : config id = 1 conf->NativeVisualID=1
02-27 18:06:00.426 D/        ( 3920): Pixel Format : GGL_PIXEL_FORMAT_RGBA_8888
02-27 18:06:00.426 I/        ( 3920): Requested context : GLES 2.0
02-27 18:06:00.436 D/        ( 3920): Swap interval set to = 1 value
02-27 18:06:00.586 D/ImageWallpaper(  569): onVisibilityChanged: mVisible, visible=true, false
02-27 18:06:00.586 D/ImageWallpaper(  569): Visibility changed to visible=false
02-27 18:06:00.586 D/ImageWallpaper(  569): Suppressed drawFrame since redraw is not needed and offsets have not changed.
02-27 18:06:00.696 D/XT9IME  ( 4805): [Unbundle] ro.config.hasemoji=YES
02-27 18:06:00.696 D/XT9IME  ( 4805): [Unbundle] ro.config.hwrlib=T9_*
02-27 18:06:00.696 D/XT9IME  ( 4805): [Unbundle] Number of Emoji subtypes = 1
02-27 18:06:00.706 D/XT9IME  ( 4805): [Unbundle] Number of Handwriting subtypes = 6
02-27 18:06:00.706 D/XT9IME  ( 4805): [Unbundle] Number of burmeseSubTypeCount subtypes = 1
02-27 18:06:00.736 D/XT9IME  ( 4805): IME onCreate put pkg = org.xwalk.usecase_webapi_xwalk_tests subtype = 
02-27 18:06:00.736 I/XT9IME  ( 4805): sDeviceTotalRAM = 918667264
02-27 18:06:00.746 D/XT9IME  ( 4805): new subtype :zh_CN ,pinyin
02-27 18:06:00.796 V/KeyguardHostView(  569): onDetachedFromWindow = com.android.keyguard.KeyguardHostView{22056ab8 V.E..... ......ID 0,0-800,1280 #7f0a0029 app:id/keyguard_host_view}
02-27 18:06:00.996 I/chromium( 3920): [INFO:CONSOLE(0)] "Synchronous XMLHttpRequest on the main thread is deprecated because of its detrimental effects to the end user's experience. For more help, check http://xhr.spec.whatwg.org/.", source:  (0)
02-27 18:06:00.996 I/WifiHW  (  505): CMD: IFNAME=wlan0 SIGNAL_POLL
02-27 18:06:00.996 D/wpa_supplicant(  711): RX ctrl_iface - hexdump(len=11): 53 49 47 4e 41 4c 5f 50 4f 4c 4c
02-27 18:06:00.996 D/wpa_supplicant(  711): wlan0: Control interface command 'SIGNAL_POLL'
02-27 18:06:01.016 D/wpa_supplicant(  711): nl80211: survey data missing!
02-27 18:06:01.016 I/WifiHW  (  505): REPLY: RSSI=-48
02-27 18:06:01.016 I/WifiHW  (  505): REPLY: LINKSPEED=65
02-27 18:06:01.016 I/WifiHW  (  505): REPLY: NOISE=9999
02-27 18:06:01.016 I/WifiHW  (  505): REPLY: FREQUENCY=2437
02-27 18:06:01.086 D/        ( 3920): Pixel Format : GGL_PIXEL_FORMAT_RGBA_8888
02-27 18:06:01.086 D/        ( 3920): droid_create_context : config id = 1 conf->NativeVisualID=1
02-27 18:06:01.086 D/        ( 3920): Pixel Format : GGL_PIXEL_FORMAT_RGBA_8888
02-27 18:06:01.086 I/        ( 3920): Requested context : GLES 2.0
02-27 18:06:01.406 D/AlarmManager(  505): Added alarm Alarm{21fe24