02-03 13:10:17.281 D/dalvikvm(15954): GC_FOR_ALLOC freed 3863K, 44% free 9313K/16616K, paused 4ms, total 5ms
02-03 13:10:17.291 D/dalvikvm(15954): GC_FOR_ALLOC freed 3889K, 44% free 9315K/16616K, paused 5ms, total 5ms
02-03 13:10:17.291 D/dalvikvm(15954): GC_FOR_ALLOC freed 3916K, 44% free 9316K/16616K, paused 4ms, total 4ms
02-03 13:10:17.301 D/dalvikvm(15954): GC_FOR_ALLOC freed 3942K, 44% free 9318K/16616K, paused 4ms, total 4ms
02-03 13:10:17.311 D/dalvikvm(15954): GC_CONCURRENT freed 3741K, 43% free 9547K/16616K, paused 0ms+0ms, total 5ms
02-03 13:10:17.311 D/dalvikvm(15954): WAIT_FOR_CONCURRENT_GC blocked 4ms
02-03 13:10:17.321 D/dalvikvm(15954): GC_FOR_ALLOC freed 3649K, 42% free 9663K/16616K, paused 4ms, total 4ms
02-03 13:10:17.321 D/dalvikvm(15954): GC_FOR_ALLOC freed 3787K, 44% free 9322K/16616K, paused 4ms, total 4ms
02-03 13:10:17.331 D/dalvikvm(15954): GC_FOR_ALLOC freed 3462K, 42% free 9669K/16616K, paused 5ms, total 5ms
02-03 13:10:17.341 D/dalvikvm(15954): GC_FOR_ALLOC freed 3831K, 44% free 9325K/16616K, paused 4ms, total 4ms
02-03 13:10:17.341 D/dalvikvm(15954): GC_FOR_ALLOC freed 3505K, 42% free 9677K/16616K, paused 4ms, total 4ms
02-03 13:10:17.351 D/dalvikvm(15954): GC_FOR_ALLOC freed 3881K, 44% free 9328K/16616K, paused 5ms, total 5ms
02-03 13:10:17.361 D/dalvikvm(15954): GC_FOR_ALLOC freed 3550K, 44% free 9447K/16616K, paused 5ms, total 5ms
02-03 13:10:17.361 D/dalvikvm(15954): GC_FOR_ALLOC freed 3333K, 42% free 9688K/16616K, paused 4ms, total 4ms
02-03 13:10:17.371 D/dalvikvm(15954): GC_FOR_ALLOC freed 3352K, 42% free 9691K/16616K, paused 4ms, total 4ms
02-03 13:10:17.381 D/dalvikvm(15954): GC_FOR_ALLOC freed 3371K, 42% free 9694K/16616K, paused 4ms, total 4ms
02-03 13:10:17.381 D/dalvikvm(15954): GC_FOR_ALLOC freed 3390K, 42% free 9698K/16616K, paused 4ms, total 4ms
02-03 13:10:17.391 D/dalvikvm(15954): GC_FOR_ALLOC freed 3409K, 42% free 9701K/16616K, paused 4ms, total 5ms
02-03 13:10:17.401 D/dalvikvm(15954): GC_FOR_ALLOC freed 3427K, 42% free 9704K/16616K, paused 5ms, total 5ms
02-03 13:10:17.411 D/dalvikvm(15954): GC_FOR_ALLOC freed 3446K, 42% free 9708K/16616K, paused 4ms, total 4ms
02-03 13:10:17.411 D/dalvikvm(15954): GC_FOR_ALLOC freed 3465K, 42% free 9711K/16616K, paused 5ms, total 5ms
02-03 13:10:17.421 D/dalvikvm(15954): GC_FOR_ALLOC freed 3484K, 42% free 9714K/16616K, paused 4ms, total 4ms
02-03 13:10:17.431 D/dalvikvm(15954): GC_FOR_ALLOC freed 3503K, 42% free 9718K/16616K, paused 5ms, total 5ms
02-03 13:10:17.431 D/dalvikvm(15954): GC_FOR_ALLOC freed 3522K, 42% free 9721K/16616K, paused 4ms, total 4ms
02-03 13:10:17.441 D/dalvikvm(15954): GC_FOR_ALLOC freed 3541K, 42% free 9725K/16616K, paused 6ms, total 6ms
02-03 13:10:17.451 D/dalvikvm(15954): GC_FOR_ALLOC freed 3559K, 42% free 9728K/16616K, paused 4ms, total 4ms
02-03 13:10:17.451 D/dalvikvm(15954): GC_FOR_ALLOC freed 3578K, 42% free 9731K/16616K, paused 6ms, total 6ms
02-03 13:10:17.461 D/dalvikvm(15954): GC_FOR_ALLOC freed 3596K, 42% free 9734K/16616K, paused 4ms, total 4ms
02-03 13:10:17.471 D/dalvikvm(15954): GC_FOR_ALLOC freed 3615K, 42% free 9738K/16616K, paused 4ms, total 4ms
02-03 13:10:17.471 D/dalvikvm(15954): GC_FOR_ALLOC freed 3634K, 43% free 9481K/16616K, paused 4ms, total 4ms
02-03 13:10:17.481 D/dalvikvm(15954): GC_FOR_ALLOC freed 3652K, 43% free 9483K/16616K, paused 4ms, total 4ms
02-03 13:10:17.491 D/dalvikvm(15954): GC_FOR_ALLOC freed 3671K, 43% free 9485K/16616K, paused 5ms, total 5ms
02-03 13:10:17.501 D/dalvikvm(15954): GC_FOR_ALLOC freed 3689K, 43% free 9487K/16616K, paused 5ms, total 5ms
02-03 13:10:17.501 D/dalvikvm(15954): GC_FOR_ALLOC freed 3708K, 43% free 9489K/16616K, paused 5ms, total 5ms
02-03 13:10:17.511 D/dalvikvm(15954): GC_FOR_ALLOC freed 3460K, 44% free 9359K/16616K, paused 4ms, total 4ms
02-03 13:10:17.521 D/dalvikvm(15954): GC_FOR_ALLOC freed 3744K, 44% free 9360K/16616K, paused 4ms, total 4ms
02-03 13:10:17.521 D/dalvikvm(15954): GC_FOR_ALLOC freed 3763K, 44% free 9361K/16616K, paused 6ms, total 6ms
02-03 13:10:17.531 D/dalvikvm(15954): GC_FOR_ALLOC freed 3783K, 44% free 9363K/16616K, paused 5ms, total 5ms
02-03 13:10:17.541 D/dalvikvm(15954): GC_FOR_ALLOC freed 3802K, 44% free 9364K/16616K, paused 5ms, total 5ms
02-03 13:10:17.541 D/dalvikvm(15954): GC_FOR_ALLOC freed 3820K, 44% free 9365K/16616K, paused 4ms, total 4ms
02-03 13:10:17.551 D/dalvikvm(15954): GC_FOR_ALLOC freed 3839K, 44% free 9367K/16616K, paused 4ms, total 4ms
02-03 13:10:17.561 D/dalvikvm(15954): GC_FOR_ALLOC freed 3858K, 44% free 9368K/16616K, paused 5ms, total 5ms
02-03 13:10:17.561 D/dalvikvm(15954): GC_FOR_ALLOC freed 3877K, 44% free 9369K/16616K, paused 4ms, total 4ms
02-03 13:10:17.571 D/dalvikvm(15954): GC_FOR_ALLOC freed 3896K, 44% free 9371K/16616K, paused 4ms, total 4ms
02-03 13:10:17.581 D/dalvikvm(15954): GC_FOR_ALLOC freed 3914K, 44% free 9372K/16616K, paused 4ms, total 4ms
02-03 13:10:17.591 D/dalvikvm(15954): GC_FOR_ALLOC freed 3229K, 42% free 9794K/16616K, paused 5ms, total 5ms
02-03 13:10:17.591 D/dalvikvm(15954): GC_FOR_ALLOC freed 3666K, 44% free 9375K/16616K, paused 5ms, total 5ms
02-03 13:10:17.601 D/dalvikvm(15954): GC_FOR_ALLOC freed 3256K, 42% free 9800K/16616K, paused 5ms, total 5ms
02-03 13:10:17.611 D/dalvikvm(15954): GC_FOR_ALLOC freed 3697K, 44% free 9377K/16616K, paused 5ms, total 5ms
02-03 13:10:17.611 D/dalvikvm(15954): GC_FOR_ALLOC freed 3283K, 41% free 9806K/16616K, paused 5ms, total 5ms
02-03 13:10:17.621 D/dalvikvm(15954): GC_FOR_ALLOC freed 3727K, 44% free 9379K/16616K, paused 5ms, total 5ms
02-03 13:10:17.631 D/dalvikvm(15954): GC_FOR_ALLOC freed 3310K, 41% free 9812K/16616K, paused 5ms, total 5ms
02-03 13:10:17.631 D/dalvikvm(15954): GC_FOR_ALLOC freed 3758K, 44% free 9382K/16616K, paused 4ms, total 4ms
02-03 13:10:17.641 D/dalvikvm(15954): GC_FOR_ALLOC freed 3337K, 41% free 9818K/16616K, paused 4ms, total 4ms
02-03 13:10:17.651 D/dalvikvm(15954): GC_FOR_ALLOC freed 3789K, 44% free 9384K/16616K, paused 4ms, total 4ms
02-03 13:10:17.651 D/dalvikvm(15954): GC_FOR_ALLOC freed 3364K, 41% free 9823K/16616K, paused 4ms, total 4ms
02-03 13:10:17.671 D/dalvikvm(15954): GC_FOR_ALLOC freed 3819K, 44% free 9386K/16616K, paused 9ms, total 9ms
02-03 13:10:17.671 D/dalvikvm(15954): GC_FOR_ALLOC freed 3391K, 41% free 9829K/16616K, paused 5ms, total 5ms
02-03 13:10:17.681 D/dalvikvm(15954): GC_FOR_ALLOC freed 3108K, 41% free 9832K/16616K, paused 4ms, total 4ms
02-03 13:10:17.691 D/dalvikvm(15954): GC_FOR_ALLOC freed 3863K, 44% free 9390K/16616K, paused 5ms, total 5ms
02-03 13:10:17.691 D/dalvikvm(15954): GC_FOR_ALLOC freed 3430K, 43% free 9539K/16616K, paused 5ms, total 5ms
02-03 13:10:17.701 D/dalvikvm(15954): GC_FOR_ALLOC freed 3143K, 41% free 9840K/16616K, paused 4ms, total 4ms
02-03 13:10:17.711 D/dalvikvm(15954): GC_FOR_ALLOC freed 3154K, 41% free 9843K/16616K, paused 4ms, total 4ms
02-03 13:10:17.721 D/dalvikvm(15954): GC_FOR_ALLOC freed 3920K, 44% free 9394K/16616K, paused 5ms, total 5ms
02-03 13:10:17.721 D/dalvikvm(15954): GC_FOR_ALLOC freed 3480K, 43% free 9546K/16616K, paused 5ms, total 5ms
02-03 13:10:17.731 D/dalvikvm(15954): GC_FOR_ALLOC freed 3189K, 41% free 9851K/16616K, paused 4ms, total 5ms
02-03 13:10:17.741 D/dalvikvm(15954): GC_FOR_ALLOC freed 3200K, 41% free 9854K/16616K, paused 4ms, total 4ms
02-03 13:10:17.741 D/dalvikvm(15954): GC_FOR_ALLOC freed 3976K, 44% free 9398K/16616K, paused 5ms, total 5ms
02-03 13:10:17.751 D/dalvikvm(15954): GC_FOR_ALLOC freed 3530K, 43% free 9552K/16616K, paused 4ms, total 4ms
02-03 13:10:17.761 D/dalvikvm(15954): GC_FOR_ALLOC freed 3235K, 41% free 9862K/16616K, paused 4ms, total 4ms
02-03 13:10:17.761 D/dalvikvm(15954): GC_FOR_ALLOC freed 3245K, 41% free 9865K/16616K, paused 5ms, total 5ms
02-03 13:10:17.771 D/dalvikvm(15954): GC_FOR_ALLOC freed 4033K, 44% free 9403K/16616K, paused 5ms, total 6ms
02-03 13:10:17.781 D/dalvikvm(15954): GC_FOR_ALLOC freed 3581K, 43% free 9559K/16616K, paused 4ms, total 4ms
02-03 13:10:17.791 D/dalvikvm(15954): GC_FOR_ALLOC freed 3281K, 41% free 9873K/16616K, paused 5ms, total 6ms
02-03 13:10:17.801 D/dalvikvm(15954): GC_FOR_ALLOC freed 3291K, 41% free 9876K/16616K, paused 4ms, total 4ms
02-03 13:10:17.801 D/dalvikvm(15954): GC_FOR_ALLOC freed 4090K, 44% free 9407K/16616K, paused 4ms, total 4ms
02-03 13:10:17.811 D/dalvikvm(15954): GC_FOR_ALLOC freed 3631K, 43% free 9566K/16616K, paused 4ms, total 5ms
02-03 13:10:17.821 D/dalvikvm(15954): GC_FOR_ALLOC freed 3327K, 41% free 9884K/16616K, paused 4ms, total 5ms
02-03 13:10:17.821 D/AndroidRuntime(21532): 
02-03 13:10:17.821 D/AndroidRuntime(21532): >>>>>> AndroidRuntime START com.android.internal.os.RuntimeInit <<<<<<
02-03 13:10:17.821 D/AndroidRuntime(21532): CheckJNI is OFF
02-03 13:10:17.821 I/AndroidRuntime(21532): Kernel Release Version: 3.10.20-g25181e8-dirty
02-03 13:10:17.821 I/dalvikvm(21532): No library specified. The standard exception handler will be used
02-03 13:10:17.821 I/dalvikvm(21532): 
02-03 13:10:17.821 I/dalvikvm(21532): +++++++++++++ Using PCG. +++++++++++++++++++++
02-03 13:10:17.821 D/dalvikvm(15954): GC_FOR_ALLOC freed 3337K, 41% free 9886K/16616K, paused 5ms, total 5ms
02-03 13:10:17.831 D/dalvikvm(15954): GC_FOR_ALLOC freed 4147K, 44% free 9412K/16616K, paused 4ms, total 5ms
02-03 13:10:17.831 D/dalvikvm(21532): Trying to load lib libjavacore.so 0x0
02-03 13:10:17.831 D/dalvikvm(21532): Added shared lib libjavacore.so 0x0
02-03 13:10:17.841 D/dalvikvm(21532): Trying to load lib libnativehelper.so 0x0
02-03 13:10:17.841 D/dalvikvm(21532): Added shared lib libnativehelper.so 0x0
02-03 13:10:17.841 D/dalvikvm(21532): No JNI_OnLoad found in libnativehelper.so 0x0, skipping init
02-03 13:10:17.841 D/dalvikvm(15954): GC_FOR_ALLOC freed 3682K, 43% free 9572K/16616K, paused 4ms, total 4ms
02-03 13:10:17.841 D/dalvikvm(21532): Extra Options: not specified
02-03 13:10:17.851 D/dalvikvm(15954): GC_FOR_ALLOC freed 3374K, 43% free 9574K/16616K, paused 5ms, total 5ms
02-03 13:10:17.851 D/dalvikvm(21532): Note: class Landroid/app/ActivityManagerNative; has 186 unimplemented (abstract) methods
02-03 13:10:17.851 D/dalvikvm(15954): GC_FOR_ALLOC freed 3384K, 43% free 9575K/16616K, paused 5ms, total 6ms
02-03 13:10:17.861 D/dalvikvm(15954): GC_FOR_ALLOC freed 3396K, 43% free 9577K/16616K, paused 4ms, total 4ms
02-03 13:10:17.871 D/dalvikvm(15954): GC_FOR_ALLOC freed 3406K, 43% free 9578K/16616K, paused 5ms, total 5ms
02-03 13:10:17.881 D/dalvikvm(15954): GC_FOR_ALLOC freed 3417K, 43% free 9580K/16616K, paused 8ms, total 8ms
02-03 13:10:17.891 D/dalvikvm(15954): GC_FOR_ALLOC freed 3429K, 43% free 9582K/16616K, paused 5ms, total 5ms
02-03 13:10:17.901 D/dalvikvm(15954): GC_FOR_ALLOC freed 3440K, 43% free 9583K/16616K, paused 5ms, total 5ms
02-03 13:10:17.901 D/dalvikvm(15954): GC_FOR_ALLOC freed 3452K, 43% free 9585K/16616K, paused 5ms, total 5ms
02-03 13:10:17.911 D/dalvikvm(15954): GC_FOR_ALLOC freed 3464K, 43% free 9587K/16616K, paused 5ms, total 5ms
02-03 13:10:17.921 D/dalvikvm(15954): GC_FOR_ALLOC freed 3474K, 43% free 9588K/16616K, paused 4ms, total 4ms
02-03 13:10:17.931 D/dalvikvm(15954): GC_FOR_ALLOC freed 3484K, 43% free 9589K/16616K, paused 5ms, total 5ms
02-03 13:10:17.941 D/dalvikvm(15954): GC_FOR_ALLOC freed 3493K, 43% free 9591K/16616K, paused 5ms, total 5ms
02-03 13:10:17.941 E/memtrack(21532): Couldn't load memtrack module (No such file or directory)
02-03 13:10:17.941 E/android.os.Debug(21532): failed to load memtrack module: -2
02-03 13:10:17.951 D/dalvikvm(15954): GC_FOR_ALLOC freed 3503K, 43% free 9592K/16616K, paused 4ms, total 5ms
02-03 13:10:17.961 D/dalvikvm(15954): GC_FOR_ALLOC freed 3512K, 43% free 9593K/16616K, paused 5ms, total 5ms
02-03 13:10:17.961 D/dalvikvm(15954): GC_FOR_ALLOC freed 3522K, 43% free 9595K/16616K, paused 5ms, total 5ms
02-03 13:10:17.971 D/dalvikvm(15954): GC_FOR_ALLOC freed 3531K, 43% free 9596K/16616K, paused 4ms, total 5ms
02-03 13:10:17.981 D/dalvikvm(15954): GC_FOR_ALLOC freed 3540K, 43% free 9598K/16616K, paused 4ms, total 5ms
02-03 13:10:17.981 D/AndroidRuntime(21532): Calling main entry com.android.commands.am.Am
02-03 13:10:17.991 D/dalvikvm(15954): GC_FOR_ALLOC freed 3551K, 43% free 9599K/16616K, paused 6ms, total 6ms
02-03 13:10:18.001 D/dalvikvm(15954): GC_FOR_ALLOC freed 3564K, 43% free 9601K/16616K, paused 4ms, total 5ms
02-03 13:10:18.011 D/dalvikvm(15954): GC_FOR_ALLOC freed 3576K, 43% free 9603K/16616K, paused 5ms, total 5ms
02-03 13:10:18.011 D/dalvikvm(15954): GC_FOR_ALLOC freed 3586K, 43% free 9604K/16616K, paused 4ms, total 5ms
02-03 13:10:18.021 D/dalvikvm(15954): GC_FOR_ALLOC freed 3597K, 43% free 9606K/16616K, paused 5ms, total 5ms
02-03 13:10:18.031 D/AndroidRuntime(21532): Shutting down VM
02-03 13:10:18.031 D/dalvikvm(21532): GC_CONCURRENT freed 117K, 17% free 669K/800K, paused 0ms+0ms, total 1ms
02-03 13:10:18.031 D/dalvikvm(15954): GC_FOR_ALLOC freed 3607K, 43% free 9607K/16616K, paused 6ms, total 6ms
02-03 13:10:18.031 D/dalvikvm(21532): Compiler shutdown in progress - discarding request
02-03 13:10:18.031 D/dalvikvm(21532): Compiler shutdown in progress - discarding request
02-03 13:10:18.031 D/dalvikvm(21532): Compiler shutdown in progress - discarding request
02-03 13:10:18.031 D/dalvikvm(21532): Compiler shutdown in progress - discarding request
02-03 13:10:18.031 D/dalvikvm(21532): Compiler shutdown in progress - discarding request
02-03 13:10:18.031 D/dalvikvm(21532): Compiler shutdown in progress - discarding request
02-03 13:10:18.031 D/dalvikvm(21532): Compiler shutdown in progress - discarding request
02-03 13:10:18.031 D/dalvikvm(21532): Compiler shutdown in progress - discarding request
02-03 13:10:18.031 D/dalvikvm(21532): Compiler shutdown in progress - discarding request
02-03 13:10:18.031 D/dalvikvm(21532): Compiler shutdown in progress - discarding request
02-03 13:10:18.031 D/dalvikvm(21532): Compiler shutdown in progress - discarding request
02-03 13:10:18.031 D/dalvikvm(21532): Compiler shutdown in progress - discarding request
02-03 13:10:18.031 D/dalvikvm(21532): Compiler shutdown in progress - discarding request
02-03 13:10:18.031 D/dalvikvm(21532): Compiler shutdown in progress - discarding request
02-03 13:10:18.031 D/dalvikvm(21532): Compiler shutdown in progress - discarding request
02-03 13:10:18.031 D/dalvikvm(21532): Compiler shutdown in progress - discarding request
02-03 13:10:18.031 D/dalvikvm(21532): Compiler shutdown in progress - discarding request
02-03 13:10:18.031 D/dalvikvm(21532): Compiler shutdown in progress - discarding request
02-03 13:10:18.031 D/dalvikvm(21532): Compiler shutdown in progress - discarding request
02-03 13:10:18.031 D/dalvikvm(21532): Compiler shutdown in progress - discarding request
02-03 13:10:18.031 D/dalvikvm(21532): Compiler shutdown in progress - discarding request
02-03 13:10:18.031 D/dalvikvm(21532): Compiler shutdown in progress - discarding request
02-03 13:10:18.031 D/dalvikvm(21532): Compiler shutdown in progress - discarding request
02-03 13:10:18.031 D/dalvikvm(21532): Compiler shutdown in progress - discarding request
02-03 13:10:18.031 D/dalvikvm(21532): Compiler shutdown in progress - discarding request
02-03 13:10:18.031 D/dalvikvm(21532): Compiler shutdown in progress - discarding request
02-03 13:10:18.031 D/dalvikvm(21532): Compiler shutdown in progress - discarding request
02-03 13:10:18.031 D/dalvikvm(21532): Compiler shutdown in progress - discarding request
02-03 13:10:18.031 D/dalvikvm(21532): Compiler shutdown in progress - discarding request
02-03 13:10:18.031 D/dalvikvm(21532): Compiler shutdown in progress - discarding request
02-03 13:10:18.031 D/dalvikvm(21532): Compiler shutdown in progress - discarding request
02-03 13:10:18.031 D/dalvikvm(21532): Compiler shutdown in progress - discarding request
02-03 13:10:18.031 I/ActivityManager(14542): START u0 {flg=0x10000000 cmp=org.xwalk.webapi_noneservice_tests/.webapi_noneservice_tests} from pid 21532
02-03 13:10:18.041 D/dalvikvm(21532): Compiler shutdown in progress - discarding request
02-03 13:10:18.041 D/dalvikvm(21532): Compiler shutdown in progress - discarding request
02-03 13:10:18.041 D/dalvikvm(21532): Compiler shutdown in progress - discarding request
02-03 13:10:18.041 D/dalvikvm(21532): Compiler shutdown in progress - discarding request
02-03 13:10:18.041 D/dalvikvm(21532): Compiler shutdown in progress - discarding request
02-03 13:10:18.041 D/dalvikvm(21532): Compiler shutdown in progress - discarding request
02-03 13:10:18.041 D/dalvikvm(21532): Compiler shutdown in progress - discarding request
02-03 13:10:18.041 D/dalvikvm(21532): Compiler shutdown in progress - discarding request
02-03 13:10:18.041 D/dalvikvm(21532): Compiler shutdown in progress - discarding request
02-03 13:10:18.041 D/dalvikvm(21532): Compiler shutdown in progress - discarding request
02-03 13:10:18.041 D/dalvikvm(21532): Compiler shutdown in progress - discarding request
02-03 13:10:18.041 D/dalvikvm(21532): Compiler shutdown in progress - discarding request
02-03 13:10:18.041 D/dalvikvm(21532): Compiler shutdown in progress - discarding request
02-03 13:10:18.041 D/dalvikvm(21532): Compiler shutdown in progress - discarding request
02-03 13:10:18.041 D/dalvikvm(21532): Compiler shutdown in progress - discarding request
02-03 13:10:18.041 D/dalvikvm(21532): Compiler shutdown in progress - discarding request
02-03 13:10:18.041 D/dalvikvm(21532): Compiler shutdown in progress - discarding request
02-03 13:10:18.041 D/dalvikvm(15954): GC_FOR_ALLOC freed 3616K, 43% free 9608K/16616K, paused 5ms, total 5ms
02-03 13:10:18.051 D/dalvikvm(15954): GC_FOR_ALLOC freed 3281K, 44% free 9438K/16616K, paused 4ms, total 4ms
02-03 13:10:18.051 D/dalvikvm(15954): GC_FOR_ALLOC freed 3637K, 44% free 9439K/16616K, paused 4ms, total 4ms
02-03 13:10:18.061 D/dalvikvm(15954): GC_FOR_ALLOC freed 3648K, 44% free 9440K/16616K, paused 5ms, total 5ms
02-03 13:10:18.071 D/dalvikvm(15954): GC_FOR_ALLOC freed 3659K, 44% free 9441K/16616K, paused 4ms, total 4ms
02-03 13:10:18.071 D/dalvikvm(15954): GC_FOR_ALLOC freed 3668K, 44% free 9442K/16616K, paused 4ms, total 4ms
02-03 13:10:18.081 D/dalvikvm(15954): GC_FOR_ALLOC freed 3678K, 44% free 9443K/16616K, paused 5ms, total 5ms
02-03 13:10:18.091 D/dalvikvm(15954): GC_FOR_ALLOC freed 3687K, 44% free 9443K/16616K, paused 4ms, total 4ms
02-03 13:10:18.091 D/dalvikvm(15954): GC_FOR_ALLOC freed 3696K, 44% free 9444K/16616K, paused 5ms, total 5ms
02-03 13:10:18.101 D/dalvikvm(15954): GC_FOR_ALLOC freed 3706K, 44% free 9445K/16616K, paused 4ms, total 4ms
02-03 13:10:18.111 D/dalvikvm(15954): GC_FOR_ALLOC freed 3715K, 44% free 9446K/16616K, paused 5ms, total 5ms
02-03 13:10:18.111 D/dalvikvm(15954): GC_FOR_ALLOC freed 3725K, 44% free 9447K/16616K, paused 4ms, total 4ms
02-03 13:10:18.121 D/dalvikvm(15954): GC_FOR_ALLOC freed 3734K, 44% free 9448K/16616K, paused 5ms, total 5ms
02-03 13:10:18.131 D/dalvikvm(15954): GC_FOR_ALLOC freed 3744K, 44% free 9449K/16616K, paused 4ms, total 4ms
02-03 13:10:18.131 D/dalvikvm(15954): GC_FOR_ALLOC freed 3753K, 44% free 9450K/16616K, paused 4ms, total 4ms
02-03 13:10:18.141 D/dalvikvm(15954): GC_FOR_ALLOC freed 3762K, 44% free 9451K/16616K, paused 4ms, total 4ms
02-03 13:10:18.151 D/dalvikvm(15954): GC_FOR_ALLOC freed 3772K, 44% free 9452K/16616K, paused 4ms, total 4ms
02-03 13:10:18.161 D/dalvikvm(15954): GC_FOR_ALLOC freed 3781K, 44% free 9452K/16616K, paused 5ms, total 5ms
02-03 13:10:18.161 D/dalvikvm(15954): GC_FOR_ALLOC freed 3791K, 44% free 9453K/16616K, paused 4ms, total 4ms
02-03 13:10:18.171 D/dalvikvm(15954): GC_FOR_ALLOC freed 3800K, 44% free 9454K/16616K, paused 4ms, total 4ms
02-03 13:10:18.181 D/dalvikvm(15954): GC_FOR_ALLOC freed 3809K, 44% free 9455K/16616K, paused 4ms, total 4ms
02-03 13:10:18.181 D/dalvikvm(15954): GC_FOR_ALLOC freed 3819K, 44% free 9456K/16616K, paused 5ms, total 5ms
02-03 13:10:18.191 D/dalvikvm(15954): GC_FOR_ALLOC freed 3828K, 44% free 9457K/16616K, paused 5ms, total 5ms
02-03 13:10:18.201 D/dalvikvm(15954): GC_CONCURRENT freed 3981K, 43% free 9494K/16616K, paused 1ms+1ms, total 5ms
02-03 13:10:18.201 D/dalvikvm(15954): WAIT_FOR_CONCURRENT_GC blocked 4ms
02-03 13:10:18.211 D/dalvikvm(15954): GC_FOR_ALLOC freed 3634K, 43% free 9479K/16616K, paused 5ms, total 5ms
02-03 13:10:18.221 D/dalvikvm(15954): GC_CONCURRENT freed 3671K, 41% free 9866K/16616K, paused 1ms+1ms, total 5ms
02-03 13:10:18.221 D/dalvikvm(15954): WAIT_FOR_CONCURRENT_GC blocked 4ms
02-03 13:10:18.221 D/dalvikvm(15954): GC_FOR_ALLOC freed 3275K, 49% free 8524K/16616K, paused 4ms, total 4ms
02-03 13:10:18.251 D/dalvikvm(15954): GC_FOR_ALLOC freed 3347K, 46% free 9097K/16616K, paused 2ms, total 3ms
02-03 13:10:18.311 D/dalvikvm(15954): GC_CONCURRENT freed 3971K, 45% free 9200K/16616K, paused 1ms+1ms, total 7ms
02-03 13:10:18.311 D/dalvikvm(15954): WAIT_FOR_CONCURRENT_GC blocked 5ms
02-03 13:10:18.321 D/dalvikvm(15954): GC_CONCURRENT freed 4079K, 45% free 9188K/16616K, paused 1ms+1ms, total 6ms
02-03 13:10:18.321 D/dalvikvm(15954): WAIT_FOR_CONCURRENT_GC blocked 5ms
02-03 13:10:18.331 D/dalvikvm(15954): GC_CONCURRENT freed 4051K, 45% free 9215K/16616K, paused 1ms+1ms, total 5ms
02-03 13:10:18.331 D/dalvikvm(15954): WAIT_FOR_CONCURRENT_GC blocked 4ms
02-03 13:10:18.341 D/dalvikvm(15954): GC_CONCURRENT freed 4106K, 45% free 9199K/16616K, paused 0ms+1ms, total 5ms
02-03 13:10:18.341 D/dalvikvm(15954): WAIT_FOR_CONCURRENT_GC blocked 5ms
02-03 13:10:18.351 D/dalvikvm(15954): GC_CONCURRENT freed 3968K, 45% free 9291K/16616K, paused 1ms+1ms, total 5ms
02-03 13:10:18.351 D/dalvikvm(15954): WAIT_FOR_CONCURRENT_GC blocked 3ms
02-03 13:10:18.361 D/dalvikvm(15954): GC_CONCURRENT freed 4139K, 45% free 9210K/16616K, paused 1ms+0ms, total 7ms
02-03 13:10:18.361 D/dalvikvm(15954): WAIT_FOR_CONCURRENT_GC blocked 4ms
02-03 13:10:18.371 D/dalvikvm(15954): GC_CONCURRENT freed 4023K, 45% free 9248K/16616K, paused 1ms+1ms, total 5ms
02-03 13:10:18.371 D/dalvikvm(15954): WAIT_FOR_CONCURRENT_GC blocked 4ms
02-03 13:10:18.371 D/dalvikvm(15954): GC_FOR_ALLOC freed 4122K, 45% free 9213K/16616K, paused 4ms, total 4ms
02-03 13:10:18.381 D/dalvikvm(15954): GC_FOR_ALLOC freed 3980K, 45% free 9289K/16616K, paused 4ms, total 4ms
02-03 13:10:18.391 D/dalvikvm(15954): GC_CONCURRENT freed 3863K, 43% free 9473K/16616K, paused 1ms+1ms, total 6ms
02-03 13:10:18.391 D/dalvikvm(15954): WAIT_FOR_CONCURRENT_GC blocked 1ms
02-03 13:10:18.401 D/dalvikvm(15954): GC_CONCURRENT freed 4205K, 44% free 9331K/16616K, paused 1ms+1ms, total 6ms
02-03 13:10:18.401 D/dalvikvm(15954): WAIT_FOR_CONCURRENT_GC blocked 4ms
02-03 13:10:18.411 D/dalvikvm(15954): GC_FOR_ALLOC freed 4028K, 44% free 9337K/16616K, paused 5ms, total 5ms
02-03 13:10:18.411 D/dalvikvm(15954): GC_CONCURRENT freed 3796K, 43% free 9517K/16616K, paused 0ms+1ms, total 6ms
02-03 13:10:18.411 D/dalvikvm(15954): WAIT_FOR_CONCURRENT_GC blocked 2ms
02-03 13:10:18.421 D/dalvikvm(15954): GC_FOR_ALLOC freed 4350K, 45% free 9202K/16616K, paused 4ms, total 4ms
02-03 13:10:18.421 D/dalvikvm(15954): GC_CONCURRENT freed 3689K, 43% free 9595K/16616K, paused 1ms+1ms, total 6ms
02-03 13:10:18.421 D/dalvikvm(15954): WAIT_FOR_CONCURRENT_GC blocked 2ms
02-03 13:10:18.431 D/dalvikvm(15954): GC_CONCURRENT freed 4358K, 44% free 9309K/16616K, paused 1ms+1ms, total 5ms
02-03 13:10:18.431 D/dalvikvm(15954): WAIT_FOR_CONCURRENT_GC blocked 4ms
02-03 13:10:18.441 D/dalvikvm(15954): GC_CONCURRENT freed 4093K, 44% free 9311K/16616K, paused 1ms+1ms, total 6ms
02-03 13:10:18.441 D/dalvikvm(15954): WAIT_FOR_CONCURRENT_GC blocked 5ms
02-03 13:10:18.451 D/dalvikvm(15954): GC_CONCURRENT freed 4052K, 45% free 9258K/16616K, paused 0ms+1ms, total 5ms
02-03 13:10:18.451 D/dalvikvm(15954): WAIT_FOR_CONCURRENT_GC blocked 5ms
02-03 13:10:18.461 D/dalvikvm(15954): GC_FOR_ALLOC freed 3942K, 44% free 9404K/16616K, paused 4ms, total 4ms
02-03 13:10:18.461 D/dalvikvm(15954): GC_CONCURRENT freed 3762K, 42% free 9691K/16616K, paused 1ms+1ms, total 7ms
02-03 13:10:18.461 D/dalvikvm(15954): WAIT_FOR_CONCURRENT_GC blocked 2ms
02-03 13:10:18.471 D/dalvikvm(15954): GC_CONCURRENT freed 4434K, 45% free 9291K/16616K, paused 1ms+1ms, total 6ms
02-03 13:10:18.471 D/dalvikvm(15954): WAIT_FOR_CONCURRENT_GC blocked 4ms
02-03 13:10:18.481 D/dalvikvm(15954): GC_CONCURRENT freed 4007K, 44% free 9357K/16616K, paused 1ms+1ms, total 5ms
02-03 13:10:18.481 D/dalvikvm(15954): WAIT_FOR_CONCURRENT_GC blocked 4ms
02-03 13:10:18.491 D/dalvikvm(15954): GC_FOR_ALLOC freed 4039K, 45% free 9233K/16616K, paused 5ms, total 5ms
02-03 13:10:18.501 D/dalvikvm(15954): GC_CONCURRENT freed 3869K, 44% free 9364K/16616K, paused 1ms+1ms, total 5ms
02-03 13:10:18.501 D/dalvikvm(15954): WAIT_FOR_CONCURRENT_GC blocked 1ms
02-03 13:10:18.501 D/dalvikvm(15954): GC_CONCURRENT freed 4084K, 44% free 9365K/16616K, paused 1ms+1ms, total 5ms
02-03 13:10:18.501 D/dalvikvm(15954): WAIT_FOR_CONCURRENT_GC blocked 4ms
02-03 13:10:18.511 D/dalvikvm(15954): GC_CONCURRENT freed 3967K, 44% free 9432K/16616K, paused 1ms+1ms, total 5ms
02-03 13:10:18.511 D/dalvikvm(15954): WAIT_FOR_CONCURRENT_GC blocked 5ms
02-03 13:10:18.521 D/dalvikvm(15954): GC_FOR_ALLOC freed 4113K, 45% free 9232K/16616K, paused 4ms, total 4ms
02-03 13:10:18.531 D/dalvikvm(15954): GC_FOR_ALLOC freed 3984K, 45% free 9299K/16616K, paused 4ms, total 4ms
02-03 13:10:18.541 D/dalvikvm(15954): GC_CONCURRENT freed 3571K, 41% free 9815K/16616K, paused 1ms+2ms, total 7ms
02-03 13:10:18.541 D/dalvikvm(15954): WAIT_FOR_CONCURRENT_GC blocked 2ms
02-03 13:10:18.541 D/dalvikvm(15954): GC_FOR_ALLOC freed 4327K, 43% free 9473K/16616K, paused 5ms, total 5ms
02-03 13:10:18.561 D/dalvikvm(15954): GC_CONCURRENT freed 3549K, 40% free 9975K/16616K, paused 1ms+9ms, total 14ms
02-03 13:10:18.561 D/dalvikvm(15954): WAIT_FOR_CONCURRENT_GC blocked 1ms
02-03 13:10:18.571 D/dalvikvm(15954): GC_CONCURRENT freed 4616K, 44% free 9329K/16616K, paused 1ms+0ms, total 6ms
02-03 13:10:18.571 D/dalvikvm(15954): WAIT_FOR_CONCURRENT_GC blocked 3ms
02-03 13:10:18.571 D/dalvikvm(15954): GC_FOR_ALLOC freed 4033K, 45% free 9254K/16616K, paused 4ms, total 4ms
02-03 13:10:18.581 D/dalvikvm(15954): GC_FOR_ALLOC freed 3866K, 43% free 9480K/16616K, paused 4ms, total 4ms
02-03 13:10:18.591 D/dalvikvm(15954): GC_CONCURRENT freed 3622K, 42% free 9783K/16616K, paused 0ms+1ms, total 5ms
02-03 13:10:18.591 D/dalvikvm(15954): WAIT_FOR_CONCURRENT_GC blocked 1ms
02-03 13:10:18.601 D/dalvikvm(15954): GC_FOR_ALLOC freed 4512K, 44% free 9327K/16616K, paused 6ms, total 6ms
02-03 13:10:18.601 D/dalvikvm(15954): GC_CONCURRENT freed 2694K, 39% free 10300K/16616K, paused 1ms+1ms, total 6ms
02-03 13:10:18.611 D/dalvikvm(15954): GC_FOR_ALLOC freed 4548K, 43% free 9517K/16616K, paused 5ms, total 5ms
02-03 13:10:18.621 D/dalvikvm(15954): GC_FOR_ALLOC freed 3977K, 43% free 9519K/16616K, paused 5ms, total 5ms
02-03 13:10:18.631 D/dalvikvm(15954): GC_CONCURRENT freed 3461K, 40% free 10090K/16616K, paused 1ms+1ms, total 6ms
02-03 13:10:18.631 D/dalvikvm(15954): WAIT_FOR_CONCURRENT_GC blocked 1ms
02-03 13:10:18.631 D/dalvikvm(15954): GC_FOR_ALLOC freed 4487K, 45% free 9271K/16616K, paused 4ms, total 4ms
02-03 13:10:18.641 D/AndroidRuntime(21543): 
02-03 13:10:18.641 D/AndroidRuntime(21543): >>>>>> AndroidRuntime START com.android.internal.os.RuntimeInit <<<<<<
02-03 13:10:18.641 D/AndroidRuntime(21543): CheckJNI is OFF
02-03 13:10:18.641 I/AndroidRuntime(21543): Kernel Release Version: 3.10.20-g25181e8-dirty
02-03 13:10:18.641 I/dalvikvm(21543): No library specified. The standard exception handler will be used
02-03 13:10:18.641 I/dalvikvm(21543): 
02-03 13:10:18.641 I/dalvikvm(21543): +++++++++++++ Using PCG. +++++++++++++++++++++
02-03 13:10:18.641 D/dalvikvm(15954): GC_FOR_ALLOC freed 3712K, 43% free 9522K/16616K, paused 5ms, total 5ms
02-03 13:10:18.651 D/dalvikvm(21543): Trying to load lib libjavacore.so 0x0
02-03 13:10:18.651 D/dalvikvm(21543): Added shared lib libjavacore.so 0x0
02-03 13:10:18.651 D/dalvikvm(15954): GC_CONCURRENT freed 4182K, 44% free 9353K/16616K, paused 1ms+1ms, total 5ms
02-03 13:10:18.651 D/dalvikvm(15954): WAIT_FOR_CONCURRENT_GC blocked 3ms
02-03 13:10:18.651 D/dalvikvm(21543): Trying to load lib libnativehelper.so 0x0
02-03 13:10:18.651 D/dalvikvm(21543): Added shared lib libnativehelper.so 0x0
02-03 13:10:18.651 D/dalvikvm(21543): No JNI_OnLoad found in libnativehelper.so 0x0, skipping init
02-03 13:10:18.661 D/dalvikvm(15954): GC_CONCURRENT freed 3888K, 44% free 9438K/16616K, paused 1ms+1ms, total 5ms
02-03 13:10:18.661 D/dalvikvm(15954): WAIT_FOR_CONCURRENT_GC blocked 3ms
02-03 13:10:18.661 D/dalvikvm(21543): Extra Options: not specified
02-03 13:10:18.671 D/dalvikvm(15954): GC_FOR_ALLOC freed 4016K, 44% free 9382K/16616K, paused 5ms, total 5ms
02-03 13:10:18.671 D/dalvikvm(21543): Note: class Landroid/app/ActivityManagerNative; has 186 unimplemented (abstract) methods
02-03 13:10:18.671 D/dalvikvm(15954): GC_CONCURRENT freed 3971K, 43% free 9474K/16616K, paused 0ms+0ms, total 5ms
02-03 13:10:18.671 D/dalvikvm(15954): WAIT_FOR_CONCURRENT_GC blocked 4ms
02-03 13:10:18.681 D/dalvikvm(15954): GC_CONCURRENT freed 4105K, 44% free 9384K/16616K, paused 1ms+1ms, total 5ms
02-03 13:10:18.681 D/dalvikvm(15954): WAIT_FOR_CONCURRENT_GC blocked 3ms
02-03 13:10:18.691 D/dalvikvm(15954): GC_FOR_ALLOC freed 3790K, 43% free 9563K/16616K, paused 6ms, total 6ms
02-03 13:10:18.701 D/dalvikvm(15954): GC_CONCURRENT freed 3652K, 41% free 9923K/16616K, paused 0ms+1ms, total 6ms
02-03 13:10:18.701 D/dalvikvm(15954): WAIT_FOR_CONCURRENT_GC blocked 2ms
02-03 13:10:18.711 D/dalvikvm(15954): GC_FOR_ALLOC freed 4502K, 45% free 9289K/16616K, paused 5ms, total 5ms
02-03 13:10:18.711 D/dalvikvm(15954): GC_FOR_ALLOC freed 3907K, 45% free 9287K/16616K, paused 4ms, total 4ms
02-03 13:10:18.721 D/dalvikvm(15954): GC_FOR_ALLOC freed 3944K, 45% free 9284K/16616K, paused 5ms, total 5ms
02-03 13:10:18.731 D/dalvikvm(15954): GC_CONCURRENT freed 3788K, 43% free 9476K/16616K, paused 0ms+1ms, total 5ms
02-03 13:10:18.731 D/dalvikvm(15954): WAIT_FOR_CONCURRENT_GC blocked 5ms
02-03 13:10:18.741 D/dalvikvm(15954): GC_CONCURRENT freed 4014K, 43% free 9479K/16616K, paused 0ms+1ms, total 5ms
02-03 13:10:18.741 D/dalvikvm(15954): WAIT_FOR_CONCURRENT_GC blocked 4ms
02-03 13:10:18.741 D/dalvikvm(15954): GC_CONCURRENT freed 4055K, 43% free 9479K/16616K, paused 1ms+1ms, total 5ms
02-03 13:10:18.741 D/dalvikvm(15954): WAIT_FOR_CONCURRENT_GC blocked 4ms
02-03 13:10:18.751 D/dalvikvm(15954): GC_FOR_ALLOC freed 3795K, 43% free 9579K/16616K, paused 4ms, total 5ms
02-03 13:10:18.761 D/dalvikvm(15954): GC_FOR_ALLOC freed 3931K, 44% free 9317K/16616K, paused 5ms, total 5ms
02-03 13:10:18.761 E/memtrack(21543): Couldn't load memtrack module (No such file or directory)
02-03 13:10:18.761 E/android.os.Debug(21543): failed to load memtrack module: -2
02-03 13:10:18.771 D/dalvikvm(15954): GC_FOR_ALLOC freed 3662K, 43% free 9616K/16616K, paused 4ms, total 5ms
02-03 13:10:18.781 D/dalvikvm(15954): GC_FOR_ALLOC freed 3997K, 44% free 9316K/16616K, paused 6ms, total 6ms
02-03 13:10:18.781 D/dalvikvm(15954): GC_CONCURRENT freed 3723K, 43% free 9620K/16616K, paused 1ms+1ms, total 5ms
02-03 13:10:18.781 D/dalvikvm(15954): WAIT_FOR_CONCURRENT_GC blocked 4ms
02-03 13:10:18.791 D/dalvikvm(15954): GC_FOR_ALLOC freed 4063K, 44% free 9316K/16616K, paused 5ms, total 5ms
02-03 13:10:18.801 D/dalvikvm(15954): GC_CONCURRENT freed 3786K, 43% free 9624K/16616K, paused 1ms+1ms, total 6ms
02-03 13:10:18.801 D/dalvikvm(15954): WAIT_FOR_CONCURRENT_GC blocked 2ms
02-03 13:10:18.801 D/AndroidRuntime(21543): Calling main entry com.android.commands.am.Am
02-03 13:10:18.811 D/dalvikvm(15954): GC_FOR_ALLOC freed 4131K, 44% free 9315K/16616K, paused 5ms, total 5ms
02-03 13:10:18.821 D/dalvikvm(15954): GC_FOR_ALLOC freed 3849K, 44% free 9420K/16616K, paused 5ms, total 5ms
02-03 13:10:18.831 D/dalvikvm(15954): GC_FOR_ALLOC freed 3670K, 43% free 9633K/16616K, paused 5ms, total 5ms
02-03 13:10:18.831 D/dalvikvm(15954): GC_FOR_ALLOC freed 3698K, 44% free 9425K/16616K, paused 5ms, total 5ms
02-03 13:10:18.841 D/AndroidRuntime(21543): Shutting down VM
02-03 13:10:18.841 I/SecurityManagerService(14632): SMS received security event: App[START/org.xwalk.webapi_noneservice_tests]
02-03 13:10:18.841 I/ActivityManager(14542): START u0 {flg=0x10000000 cmp=org.xwalk.webapi_noneservice_tests/.WebapiNoneserviceTestsActivity} from pid 21543
02-03 13:10:18.851 D/dalvikvm(21555): Process 21555 nice name: org.xwalk.webapi_noneservice_tests
02-03 13:10:18.851 D/dalvikvm(21555): Extra Options: not specified
02-03 13:10:18.851 D/dalvikvm(21543): GC_CONCURRENT freed 114K, 17% free 669K/800K, paused 5ms+0ms, total 7ms
02-03 13:10:18.851 D/dalvikvm(21543): Compiler shutdown in progress - discarding request
02-03 13:10:18.851 D/dalvikvm(21543): Compiler shutdown in progress - discarding request
02-03 13:10:18.851 D/dalvikvm(21543): Compiler shutdown in progress - discarding request
02-03 13:10:18.851 D/dalvikvm(21543): Compiler shutdown in progress - discarding request
02-03 13:10:18.851 D/dalvikvm(21543): Compiler shutdown in progress - discarding request
02-03 13:10:18.851 D/dalvikvm(21543): Compiler shutdown in progress - discarding request
02-03 13:10:18.851 D/dalvikvm(21543): Compiler shutdown in progress - discarding request
02-03 13:10:18.851 D/dalvikvm(21543): Compiler shutdown in progress - discarding request
02-03 13:10:18.851 D/dalvikvm(21543): Compiler shutdown in progress - discarding request
02-03 13:10:18.851 D/dalvikvm(21543): Compiler shutdown in progress - discarding request
02-03 13:10:18.851 D/dalvikvm(21543): Compiler shutdown in progress - discarding request
02-03 13:10:18.851 D/dalvikvm(21543): Compiler shutdown in progress - discarding request
02-03 13:10:18.851 D/dalvikvm(21543): Compiler shutdown in progress - discarding request
02-03 13:10:18.851 D/dalvikvm(21543): Compiler shutdown in progress - discarding request
02-03 13:10:18.851 D/dalvikvm(21543): Compiler shutdown in progress - discarding request
02-03 13:10:18.851 D/dalvikvm(21543): Compiler shutdown in progress - discarding request
02-03 13:10:18.851 D/dalvikvm(21543): Compiler shutdown in progress - discarding request
02-03 13:10:18.851 D/dalvikvm(21543): Compiler shutdown in progress - discarding request
02-03 13:10:18.851 D/dalvikvm(21543): Compiler shutdown in progress - discarding request
02-03 13:10:18.851 D/dalvikvm(21543): Compiler shutdown in progress - discarding request
02-03 13:10:18.851 D/dalvikvm(21543): Compiler shutdown in progress - discarding request
02-03 13:10:18.851 D/dalvikvm(21543): Compiler shutdown in progress - discarding request
02-03 13:10:18.851 D/dalvikvm(21543): Compiler shutdown in progress - discarding request
02-03 13:10:18.851 D/dalvikvm(21543): Compiler shutdown in progress - discarding request
02-03 13:10:18.851 D/dalvikvm(21543): Compiler shutdown in progress - discarding request
02-03 13:10:18.851 D/dalvikvm(21543): Compiler shutdown in progress - discarding request
02-03 13:10:18.851 D/dalvikvm(21543): Compiler shutdown in progress - discarding request
02-03 13:10:18.851 D/dalvikvm(21543): Compiler shutdown in progress - discarding request
02-03 13:10:18.851 D/dalvikvm(21543): Compiler shutdown in progress - discarding request
02-03 13:10:18.851 D/dalvikvm(21543): Compiler shutdown in progress - discarding request
02-03 13:10:18.851 D/dalvikvm(21543): Compiler shutdown in progress - discarding request
02-03 13:10:18.851 D/dalvikvm(21543): Compiler shutdown in progress - discarding request
02-03 13:10:18.851 D/dalvikvm(21543): Compiler shutdown in progress - discarding request
02-03 13:10:18.851 D/dalvikvm(21543): Compiler shutdown in progress - discarding request
02-03 13:10:18.851 D/dalvikvm(21543): Compiler shutdown in progress - discarding request
02-03 13:10:18.851 D/dalvikvm(21543): Compiler shutdown in progress - discarding request
02-03 13:10:18.851 D/dalvikvm(21543): Compiler shutdown in progress - discarding request
02-03 13:10:18.851 D/dalvikvm(21543): Compiler shutdown in progress - discarding request
02-03 13:10:18.851 D/dalvikvm(21543): Compiler shutdown in progress - discarding request
02-03 13:10:18.851 D/dalvikvm(21543): Compiler shutdown in progress - discarding request
02-03 13:10:18.851 D/dalvikvm(21543): Compiler shutdown in progress - discarding request
02-03 13:10:18.851 D/dalvikvm(21543): Compiler shutdown in progress - discarding request
02-03 13:10:18.851 D/dalvikvm(21543): Compiler shutdown in progress - discarding request
02-03 13:10:18.851 D/dalvikvm(21543): Compiler shutdown in progress - discarding request
02-03 13:10:18.851 D/dalvikvm(21543): Compiler shutdown in progress - discarding request
02-03 13:10:18.851 D/dalvikvm(21543): Compiler shutdown in progress - discarding request
02-03 13:10:18.851 D/dalvikvm(15954): GC_FOR_ALLOC freed 3724K, 42% free 9640K/16616K, paused 15ms, total 15ms
02-03 13:10:18.861 D/dalvikvm(15954): GC_FOR_ALLOC freed 3535K, 44% free 9323K/16616K, paused 5ms, total 5ms
02-03 13:10:18.861 I/ActivityManager(14542): Start proc org.xwalk.webapi_noneservice_tests for activity org.xwalk.webapi_noneservice_tests/.WebapiNoneserviceTestsActivity: pid=21555 uid=11605 gids={51605, 3003, 1028, 1015}
02-03 13:10:18.871 D/dalvikvm(15954): GC_FOR_ALLOC freed 3774K, 44% free 9324K/16616K, paused 5ms, total 5ms
02-03 13:10:18.871 D/dalvikvm(14240): GC_EXPLICIT freed 45K, 2% free 5801K/5892K, paused 1ms+1ms, total 14ms
02-03 13:10:18.871 D/dalvikvm(15954): GC_FOR_ALLOC freed 3801K, 44% free 9326K/16616K, paused 5ms, total 6ms
02-03 13:10:18.881 D/dalvikvm(14240): GC_EXPLICIT freed <1K, 2% free 5801K/5892K, paused 1ms+1ms, total 12ms
02-03 13:10:18.891 D/dalvikvm(15954): GC_FOR_ALLOC freed 3827K, 44% free 9327K/16616K, paused 11ms, total 11ms
02-03 13:10:18.901 D/WindowManager(14542): adjustConfigurationLw, config:{1.0 ?mcc?mnc ?locale ?layoutDir sw600dp w600dp h888dp 213dpi lrg port ?uimode ?night finger -keyb/v/h -nav/v} mLidState:1 mHasDockFeature:false mHasKeyboardFeature:false mHasHallSensorFeature:true config.hardKeyboardHidden:2
02-03 13:10:18.901 D/dalvikvm(14240): GC_EXPLICIT freed <1K, 2% free 5801K/5892K, paused 1ms+1ms, total 13ms
02-03 13:10:18.901 I/ActivityManager(14542): [TopPkgCurBat]	NowPkgName[org.xwalk.webapi_noneservice_tests]	Battery[87]	TimeTick[1422940218915]	OldPkgName[com.asus.launcher]
02-03 13:10:18.911 V/WeatherTimeProvider(15704): widget on Visibility Changed
02-03 13:10:18.941 D/dalvikvm(21555): Trying to load lib /data/app-lib/org.xwalk.webapi_noneservice_tests-1/libxwalkcore.so 0x43d87910
02-03 13:10:18.941 D/        (14886): Surface destroy: ANDROID_NATIVE_WINDOW_MAGIC
02-03 13:10:18.951 D/dalvikvm(15954): GC_FOR_ALLOC freed 3853K, 44% free 9329K/16616K, paused 5ms, total 5ms
02-03 13:10:18.961 D/dalvikvm(15954): GC_FOR_ALLOC freed 3879K, 44% free 9330K/16616K, paused 7ms, total 7ms
02-03 13:10:18.971 D/dalvikvm(21555): Added shared lib /data/app-lib/org.xwalk.webapi_noneservice_tests-1/libxwalkcore.so 0x43d87910
02-03 13:10:18.971 I/LibraryLoader(21555): Time to load native libraries: 32 ms (timestamps 5171-5203)
02-03 13:10:18.971 I/LibraryLoader(21555): Expected native library version number "",actual native library version number ""
02-03 13:10:18.971 D/dalvikvm(15954): GC_FOR_ALLOC freed 3905K, 44% free 9332K/16616K, paused 5ms, total 5ms
02-03 13:10:18.981 D/dalvikvm(15954): GC_FOR_ALLOC freed 3931K, 44% free 9333K/16616K, paused 5ms, total 6ms
02-03 13:10:18.991 D/dalvikvm(15954): GC_FOR_ALLOC freed 3957K, 44% free 9335K/16616K, paused 5ms, total 5ms
02-03 13:10:19.001 I/LibraryLoader(21555): Expected native library version number "",actual native library version number ""
02-03 13:10:19.001 I/chromium(21555): [INFO:library_loader_hooks.cc(112)] Chromium logging enabled: level = 0, default verbosity = 0
02-03 13:10:19.001 D/dalvikvm(15954): GC_CONCURRENT freed 3756K, 43% free 9564K/16616K, paused 1ms+1ms, total 7ms
02-03 13:10:19.001 D/dalvikvm(15954): WAIT_FOR_CONCURRENT_GC blocked 5ms
02-03 13:10:19.021 D/dalvikvm(15954): GC_FOR_ALLOC freed 3663K, 44% free 9452K/16616K, paused 5ms, total 5ms
02-03 13:10:19.021 I/BrowserStartupController(21555): Initializing chromium process, singleProcess=true
02-03 13:10:19.031 D/dalvikvm(15954): GC_FOR_ALLOC freed 3801K, 44% free 9339K/16616K, paused 7ms, total 7ms
02-03 13:10:19.041 D/dalvikvm(15954): GC_FOR_ALLOC freed 3475K, 42% free 9688K/16616K, paused 7ms, total 7ms
02-03 13:10:19.051 D/dalvikvm(15954): GC_FOR_ALLOC freed 3848K, 44% free 9342K/16616K, paused 5ms, total 5ms
02-03 13:10:19.061 D/dalvikvm(15954): GC_FOR_ALLOC freed 3520K, 42% free 9695K/16616K, paused 12ms, total 12ms
02-03 13:10:19.071 D/dalvikvm(15954): GC_FOR_ALLOC freed 3898K, 44% free 9345K/16616K, paused 4ms, total 4ms
02-03 13:10:19.081 D/dalvikvm(15954): GC_FOR_ALLOC freed 3565K, 42% free 9703K/16616K, paused 6ms, total 6ms
02-03 13:10:19.091 D/dalvikvm(15954): GC_FOR_ALLOC freed 3347K, 42% free 9706K/16616K, paused 4ms, total 4ms
02-03 13:10:19.101 D/dalvikvm(15954): GC_FOR_ALLOC freed 3366K, 42% free 9709K/16616K, paused 5ms, total 5ms
02-03 13:10:19.111 D/dalvikvm(15954): GC_FOR_ALLOC freed 3385K, 42% free 9713K/16616K, paused 5ms, total 5ms
02-03 13:10:19.121 D/dalvikvm(15954): GC_FOR_ALLOC freed 3404K, 42% free 9716K/16616K, paused 6ms, total 6ms
02-03 13:10:19.131 D/dalvikvm(15954): GC_FOR_ALLOC freed 3423K, 42% free 9720K/16616K, paused 6ms, total 7ms
02-03 13:10:19.131 D/dalvikvm(15954): GC_FOR_ALLOC freed 3442K, 42% free 9723K/16616K, paused 5ms, total 5ms
02-03 13:10:19.141 D/dalvikvm(15954): GC_FOR_ALLOC freed 3460K, 42% free 9726K/16616K, paused 5ms, total 6ms
02-03 13:10:19.151 D/dalvikvm(15954): GC_FOR_ALLOC freed 3479K, 42% free 9730K/16616K, paused 4ms, total 5ms
02-03 13:10:19.161 D/dalvikvm(15954): GC_FOR_ALLOC freed 3498K, 42% free 9733K/16616K, paused 6ms, total 6ms
02-03 13:10:19.171 D/dalvikvm(15954): GC_FOR_ALLOC freed 3517K, 42% free 9736K/16616K, paused 5ms, total 5ms
02-03 13:10:19.181 D/dalvikvm(15954): GC_FOR_ALLOC freed 3536K, 42% free 9740K/16616K, paused 7ms, total 7ms
02-03 13:10:19.191 D/dalvikvm(15954): GC_FOR_ALLOC freed 3555K, 42% free 9743K/16616K, paused 5ms, total 5ms
02-03 13:10:19.201 D/dalvikvm(15954): GC_FOR_ALLOC freed 3573K, 42% free 9746K/16616K, paused 7ms, total 8ms
02-03 13:10:19.201 D/dalvikvm(15954): GC_FOR_ALLOC freed 3592K, 42% free 9750K/16616K, paused 5ms, total 5ms
02-03 13:10:19.211 D/dalvikvm(15954): GC_FOR_ALLOC freed 3610K, 42% free 9753K/16616K, paused 7ms, total 7ms
02-03 13:10:19.221 D/dalvikvm(15954): GC_FOR_ALLOC freed 3629K, 43% free 9497K/16616K, paused 4ms, total 4ms
02-03 13:10:19.231 D/dalvikvm(15954): GC_FOR_ALLOC freed 3647K, 43% free 9499K/16616K, paused 7ms, total 7ms
02-03 13:10:19.241 D/dalvikvm(15954): GC_FOR_ALLOC freed 3666K, 43% free 9501K/16616K, paused 5ms, total 5ms
02-03 13:10:19.251 D/dalvikvm(15954): GC_FOR_ALLOC freed 3685K, 43% free 9503K/16616K, paused 5ms, total 5ms
02-03 13:10:19.261 D/dalvikvm(15954): GC_FOR_ALLOC freed 3703K, 43% free 9505K/16616K, paused 5ms, total 5ms
02-03 13:10:19.261 D/dalvikvm(15954): GC_FOR_ALLOC freed 3456K, 44% free 9374K/16616K, paused 4ms, total 4ms
02-03 13:10:19.271 D/dalvikvm(15954): GC_FOR_ALLOC freed 3740K, 44% free 9376K/16616K, paused 4ms, total 4ms
02-03 13:10:19.281 D/dalvikvm(15954): GC_FOR_ALLOC freed 3758K, 44% free 9377K/16616K, paused 4ms, total 4ms
02-03 13:10:19.281 D/dalvikvm(15954): GC_FOR_ALLOC freed 3778K, 44% free 9378K/16616K, paused 4ms, total 5ms
02-03 13:10:19.291 D/dalvikvm(15954): GC_FOR_ALLOC freed 3797K, 44% free 9380K/16616K, paused 5ms, total 5ms
02-03 13:10:19.301 D/dalvikvm(15954): GC_FOR_ALLOC freed 3816K, 44% free 9381K/16616K, paused 4ms, total 4ms
02-03 13:10:19.311 D/dalvikvm(15954): GC_FOR_ALLOC freed 3835K, 44% free 9382K/16616K, paused 4ms, total 4ms
02-03 13:10:19.311 D/dalvikvm(15954): GC_FOR_ALLOC freed 3853K, 44% free 9384K/16616K, paused 4ms, total 4ms
02-03 13:10:19.321 D/dalvikvm(15954): GC_FOR_ALLOC freed 3872K, 44% free 9385K/16616K, paused 5ms, total 5ms
02-03 13:10:19.331 D/dalvikvm(15954): GC_FOR_ALLOC freed 3891K, 44% free 9386K/16616K, paused 5ms, total 5ms
02-03 13:10:19.341 D/dalvikvm(15954): GC_FOR_ALLOC freed 3910K, 44% free 9388K/16616K, paused 5ms, total 5ms
02-03 13:10:19.341 D/dalvikvm(15954): GC_FOR_ALLOC freed 3225K, 41% free 9809K/16616K, paused 6ms, total 6ms
02-03 13:10:19.351 D/dalvikvm(15954): GC_FOR_ALLOC freed 3662K, 44% free 9390K/16616K, paused 5ms, total 5ms
02-03 13:10:19.361 D/dalvikvm(15954): GC_FOR_ALLOC freed 3252K, 41% free 9815K/16616K, paused 4ms, total 5ms
02-03 13:10:19.361 D/dalvikvm(15954): GC_FOR_ALLOC freed 3693K, 44% free 9393K/16616K, paused 4ms, total 4ms
02-03 13:10:19.371 D/dalvikvm(15954): GC_FOR_ALLOC freed 3279K, 41% free 9821K/16616K, paused 4ms, total 4ms
02-03 13:10:19.381 D/dalvikvm(15954): GC_FOR_ALLOC freed 3723K, 44% free 9395K/16616K, paused 5ms, total 5ms
02-03 13:10:19.381 D/dalvikvm(15954): GC_FOR_ALLOC freed 3306K, 41% free 9827K/16616K, paused 5ms, total 5ms
02-03 13:10:19.391 D/dalvikvm(15954): GC_FOR_ALLOC freed 3754K, 44% free 9397K/16616K, paused 5ms, total 5ms
02-03 13:10:19.401 D/dalvikvm(15954): GC_FOR_ALLOC freed 3333K, 41% free 9833K/16616K, paused 6ms, total 6ms
02-03 13:10:19.411 D/dalvikvm(15954): GC_FOR_ALLOC freed 3784K, 44% free 9400K/16616K, paused 5ms, total 5ms
02-03 13:10:19.411 D/dalvikvm(15954): GC_FOR_ALLOC freed 3360K, 41% free 9839K/16616K, paused 5ms, total 5ms
02-03 13:10:19.421 D/dalvikvm(15954): GC_FOR_ALLOC freed 3815K, 44% free 9402K/16616K, paused 4ms, total 5ms
02-03 13:10:19.431 D/dalvikvm(15954): GC_FOR_ALLOC freed 3388K, 41% free 9845K/16616K, paused 4ms, total 5ms
02-03 13:10:19.431 D/dalvikvm(15954): GC_FOR_ALLOC freed 3104K, 41% free 9847K/16616K, paused 4ms, total 4ms
02-03 13:10:19.441 D/dalvikvm(15954): GC_FOR_ALLOC freed 3858K, 44% free 9405K/16616K, paused 4ms, total 4ms
02-03 13:10:19.451 D/dalvikvm(15954): GC_FOR_ALLOC freed 3426K, 43% free 9555K/16616K, paused 4ms, total 4ms
02-03 13:10:19.461 D/dalvikvm(15954): GC_FOR_ALLOC freed 3140K, 41% free 9855K/16616K, paused 5ms, total 5ms
02-03 13:10:19.461 D/dalvikvm(15954): GC_FOR_ALLOC freed 3150K, 41% free 9858K/16616K, paused 4ms, total 5ms
02-03 13:10:19.471 D/dalvikvm(15954): GC_FOR_ALLOC freed 3915K, 44% free 9410K/16616K, paused 4ms, total 5ms
02-03 13:10:19.481 D/dalvikvm(15954): GC_FOR_ALLOC freed 3476K, 43% free 9561K/16616K, paused 4ms, total 4ms
02-03 13:10:19.481 D/dalvikvm(15954): GC_FOR_ALLOC freed 3185K, 41% free 9866K/16616K, paused 5ms, total 5ms
02-03 13:10:19.491 D/dalvikvm(15954): GC_FOR_ALLOC freed 3196K, 41% free 9869K/16616K, paused 5ms, total 5ms
02-03 13:10:19.501 D/dalvikvm(15954): GC_FOR_ALLOC freed 3972K, 44% free 9414K/16616K, paused 4ms, total 4ms
02-03 13:10:19.511 D/dalvikvm(15954): GC_FOR_ALLOC freed 3527K, 43% free 9568K/16616K, paused 5ms, total 5ms
02-03 13:10:19.511 W/AudioManagerAndroid(21555): Requires BLUETOOTH permission
02-03 13:10:19.521 I/ufoGralloc(21555): Hello, this is UFO GRALLOC/Intel Corporation
02-03 13:10:19.521 D/        (21555): Pixel Format : GGL_PIXEL_FORMAT_RGBA_8888
02-03 13:10:19.521 D/        (21555): droid_create_context : config id = 1 conf->NativeVisualID=1
02-03 13:10:19.521 D/        (21555): Pixel Format : GGL_PIXEL_FORMAT_RGBA_8888
02-03 13:10:19.521 I/        (21555): Requested context : GLES 2.0
02-03 13:10:19.541 D/dalvikvm(15954): GC_FOR_ALLOC freed 3231K, 41% free 9877K/16616K, paused 25ms, total 25ms
02-03 13:10:19.541 D/dalvikvm(15954): GC_FOR_ALLOC freed 3242K, 41% free 9880K/16616K, paused 4ms, total 5ms
02-03 13:10:19.551 W/chromium(21555): [WARNING:proxy_service.cc(899)] PAC support disabled because there is no system implementation
02-03 13:10:19.551 D/dalvikvm(15954): GC_FOR_ALLOC freed 4029K, 44% free 9418K/16616K, paused 7ms, total 8ms
02-03 13:10:19.551 W/dalvikvm(21555): VFY: unable to find class referenced in signature (Landroid/view/inputmethod/CursorAnchorInfo;)
02-03 13:10:19.551 I/dalvikvm(21555): Could not find method android.view.inputmethod.InputMethodManager.updateCursorAnchorInfo, referenced from method org.chromium.content.browser.input.InputMethodManagerWrapper.updateCursorAnchorInfo
02-03 13:10:19.551 W/dalvikvm(21555): VFY: unable to resolve virtual method 1241: Landroid/view/inputmethod/InputMethodManager;.updateCursorAnchorInfo (Landroid/view/View;Landroid/view/inputmethod/CursorAnchorInfo;)V
02-03 13:10:19.551 D/dalvikvm(21555): VFY: replacing opcode 0x6e at 0x000a
02-03 13:10:19.561 D/dalvikvm(15954): GC_FOR_ALLOC freed 3577K, 43% free 9574K/16616K, paused 5ms, total 5ms
02-03 13:10:19.571 D/dalvikvm(15954): GC_FOR_ALLOC freed 3277K, 41% free 9888K/16616K, paused 5ms, total 5ms
02-03 13:10:19.571 D/dalvikvm(15954): GC_FOR_ALLOC freed 3288K, 41% free 9891K/16616K, paused 4ms, total 4ms
02-03 13:10:19.581 D/dalvikvm(15954): GC_FOR_ALLOC freed 4086K, 44% free 9423K/16616K, paused 4ms, total 4ms
02-03 13:10:19.591 D/dalvikvm(15954): GC_FOR_ALLOC freed 3627K, 43% free 9581K/16616K, paused 5ms, total 5ms
02-03 13:10:19.591 E/cutils  (  163): Failed to mkdirat(/Removable/MicroSD): Read-only file system
02-03 13:10:19.591 W/ContextImpl(21555): Failed to ensure directory: /Removable/MicroSD/Android/data/org.xwalk.webapi_noneservice_tests/cache
02-03 13:10:19.591 D/dalvikvm(15954): GC_FOR_ALLOC freed 3323K, 41% free 9899K/16616K, paused 4ms, total 4ms
02-03 13:10:19.591 W/Vold    (  163): Returning OperationFailed - no handler for errno 30
02-03 13:10:19.601 W/XWalkExtensionManager(21555): Failed to read extensions-config.json
02-03 13:10:19.601 E/chromium(21555): [ERROR:unix_domain_server_socket_posix.cc(106)] Not implemented reached in virtual int net::UnixDomainServerSocket::GetLocalAddress(net::IPEndPoint*) const
02-03 13:10:19.601 I/dalvikvm(21555): Could not find method android.app.Activity.finishAndRemoveTask, referenced from method org.chromium.base.ApiCompatibilityUtils.finishAndRemoveTask
02-03 13:10:19.601 W/dalvikvm(21555): VFY: unable to resolve virtual method 4: Landroid/app/Activity;.finishAndRemoveTask ()V
