02-03 12:46:11.711 D/dalvikvm(15954): GC_CONCURRENT freed 4325K, 47% free 9370K/17584K, paused 1ms+1ms, total 7ms
02-03 12:46:11.711 D/dalvikvm(15954): WAIT_FOR_CONCURRENT_GC blocked 6ms
02-03 12:46:11.721 D/dalvikvm(15954): GC_FOR_ALLOC freed 4034K, 48% free 9217K/17584K, paused 6ms, total 6ms
02-03 12:46:11.731 D/dalvikvm(15954): GC_CONCURRENT freed 3581K, 45% free 9684K/17584K, paused 1ms+1ms, total 5ms
02-03 12:46:11.731 D/dalvikvm(15954): WAIT_FOR_CONCURRENT_GC blocked 5ms
02-03 12:46:11.741 D/dalvikvm(15954): GC_CONCURRENT freed 4376K, 47% free 9375K/17584K, paused 1ms+1ms, total 6ms
02-03 12:46:11.741 D/dalvikvm(15954): WAIT_FOR_CONCURRENT_GC blocked 3ms
02-03 12:46:11.751 D/dalvikvm(15954): GC_FOR_ALLOC freed 4082K, 48% free 9220K/17584K, paused 5ms, total 6ms
02-03 12:46:11.761 D/dalvikvm(15954): GC_FOR_ALLOC freed 3623K, 47% free 9378K/17584K, paused 6ms, total 7ms
02-03 12:46:11.771 D/dalvikvm(15954): GC_FOR_ALLOC freed 4112K, 48% free 9223K/17584K, paused 9ms, total 9ms
02-03 12:46:11.781 D/dalvikvm(15954): GC_FOR_ALLOC freed 3650K, 47% free 9382K/17584K, paused 4ms, total 4ms
02-03 12:46:11.791 D/dalvikvm(15954): GC_CONCURRENT freed 3824K, 46% free 9544K/17584K, paused 1ms+1ms, total 5ms
02-03 12:46:11.791 D/dalvikvm(15954): WAIT_FOR_CONCURRENT_GC blocked 4ms
02-03 12:46:11.801 D/dalvikvm(15954): GC_FOR_ALLOC freed 3997K, 47% free 9386K/17584K, paused 4ms, total 4ms
02-03 12:46:11.811 D/dalvikvm(15954): GC_CONCURRENT freed 3854K, 46% free 9549K/17584K, paused 1ms+1ms, total 6ms
02-03 12:46:11.811 D/dalvikvm(15954): WAIT_FOR_CONCURRENT_GC blocked 5ms
02-03 12:46:11.821 D/dalvikvm(15954): GC_FOR_ALLOC freed 4027K, 47% free 9389K/17584K, paused 6ms, total 6ms
02-03 12:46:11.831 D/dalvikvm(15954): GC_CONCURRENT freed 3883K, 46% free 9554K/17584K, paused 1ms+1ms, total 7ms
02-03 12:46:11.831 D/dalvikvm(15954): WAIT_FOR_CONCURRENT_GC blocked 4ms
02-03 12:46:11.841 D/dalvikvm(15954): GC_FOR_ALLOC freed 4057K, 47% free 9393K/17584K, paused 6ms, total 6ms
02-03 12:46:11.851 D/dalvikvm(15954): GC_CONCURRENT freed 3912K, 46% free 9558K/17584K, paused 2ms+1ms, total 7ms
02-03 12:46:11.851 D/dalvikvm(15954): WAIT_FOR_CONCURRENT_GC blocked 5ms
02-03 12:46:11.861 D/dalvikvm(15954): GC_FOR_ALLOC freed 4089K, 47% free 9397K/17584K, paused 8ms, total 8ms
02-03 12:46:11.871 D/dalvikvm(15954): GC_FOR_ALLOC freed 3454K, 45% free 9723K/17584K, paused 13ms, total 13ms
02-03 12:46:11.881 D/dalvikvm(15954): GC_FOR_ALLOC freed 4286K, 48% free 9232K/17584K, paused 6ms, total 7ms
02-03 12:46:11.901 D/dalvikvm(15954): GC_CONCURRENT freed 3804K, 47% free 9398K/17584K, paused 0ms+1ms, total 5ms
02-03 12:46:11.901 D/dalvikvm(15954): WAIT_FOR_CONCURRENT_GC blocked 2ms
02-03 12:46:11.901 D/dalvikvm(15954): GC_FOR_ALLOC freed 3484K, 45% free 9731K/17584K, paused 4ms, total 4ms
02-03 12:46:11.911 D/dalvikvm(15954): GC_FOR_ALLOC freed 4327K, 48% free 9235K/17584K, paused 5ms, total 5ms
02-03 12:46:11.921 D/dalvikvm(15954): GC_FOR_ALLOC freed 3839K, 47% free 9402K/17584K, paused 5ms, total 5ms
02-03 12:46:11.931 D/dalvikvm(15954): GC_CONCURRENT freed 2681K, 40% free 10573K/17584K, paused 1ms+0ms, total 7ms
02-03 12:46:11.931 D/dalvikvm(15954): WAIT_FOR_CONCURRENT_GC blocked 2ms
02-03 12:46:11.931 D/dalvikvm(15954): GC_FOR_ALLOC freed 4359K, 47% free 9405K/17584K, paused 4ms, total 4ms
02-03 12:46:11.941 D/dalvikvm(15954): GC_FOR_ALLOC freed 3534K, 45% free 9743K/17584K, paused 4ms, total 4ms
02-03 12:46:11.951 D/dalvikvm(15954): GC_FOR_ALLOC freed 4390K, 48% free 9240K/17584K, paused 5ms, total 5ms
02-03 12:46:11.961 D/dalvikvm(15954): GC_CONCURRENT freed 3897K, 47% free 9411K/17584K, paused 1ms+1ms, total 6ms
02-03 12:46:11.961 D/dalvikvm(15954): WAIT_FOR_CONCURRENT_GC blocked 6ms
02-03 12:46:11.971 D/dalvikvm(15954): GC_FOR_ALLOC freed 3573K, 45% free 9752K/17584K, paused 6ms, total 6ms
02-03 12:46:11.981 D/dalvikvm(15954): GC_FOR_ALLOC freed 4461K, 48% free 9245K/17584K, paused 6ms, total 6ms
02-03 12:46:11.991 D/dalvikvm(15954): GC_CONCURRENT freed 3813K, 47% free 9426K/17584K, paused 1ms+1ms, total 6ms
02-03 12:46:11.991 D/dalvikvm(15954): WAIT_FOR_CONCURRENT_GC blocked 5ms
02-03 12:46:12.001 D/dalvikvm(15954): GC_FOR_ALLOC freed 3794K, 47% free 9430K/17584K, paused 5ms, total 5ms
02-03 12:46:12.011 D/dalvikvm(15954): GC_FOR_ALLOC freed 3489K, 46% free 9499K/17584K, paused 4ms, total 5ms
02-03 12:46:12.131 D/dalvikvm(15954): GC_CONCURRENT freed 4568K, 29% free 12539K/17584K, paused 1ms+2ms, total 17ms
02-03 12:46:12.141 D/dalvikvm(15954): GC_CONCURRENT freed 7831K, 49% free 9006K/17584K, paused 1ms+1ms, total 9ms
02-03 12:46:12.141 D/dalvikvm(15954): WAIT_FOR_CONCURRENT_GC blocked 8ms
02-03 12:46:12.151 D/dalvikvm(15954): GC_CONCURRENT freed 4002K, 49% free 9013K/17584K, paused 0ms+1ms, total 5ms
02-03 12:46:12.171 D/dalvikvm(15954): GC_CONCURRENT freed 4021K, 49% free 9022K/17584K, paused 1ms+1ms, total 6ms
02-03 12:46:12.171 D/dalvikvm(15954): WAIT_FOR_CONCURRENT_GC blocked 5ms
02-03 12:46:12.191 D/dalvikvm(15954): GC_FOR_ALLOC freed 4031K, 49% free 9056K/17584K, paused 23ms, total 23ms
02-03 12:46:12.201 D/dalvikvm(15954): GC_CONCURRENT freed 4125K, 49% free 8998K/17584K, paused 0ms+1ms, total 6ms
02-03 12:46:12.201 D/dalvikvm(15954): WAIT_FOR_CONCURRENT_GC blocked 6ms
02-03 12:46:12.221 D/dalvikvm(15954): GC_CONCURRENT freed 4011K, 49% free 8998K/17584K, paused 1ms+1ms, total 7ms
02-03 12:46:12.231 D/dalvikvm(15954): GC_CONCURRENT freed 3905K, 48% free 9177K/17584K, paused 1ms+1ms, total 7ms
02-03 12:46:12.231 D/dalvikvm(15954): WAIT_FOR_CONCURRENT_GC blocked 4ms
02-03 12:46:12.241 D/dalvikvm(15954): GC_FOR_ALLOC freed 4190K, 49% free 9028K/17584K, paused 5ms, total 5ms
02-03 12:46:12.251 D/dalvikvm(15954): GC_CONCURRENT freed 3989K, 49% free 9109K/17584K, paused 1ms+0ms, total 7ms
02-03 12:46:12.251 D/dalvikvm(15954): WAIT_FOR_CONCURRENT_GC blocked 6ms
02-03 12:46:12.261 D/dalvikvm(15954): GC_FOR_ALLOC freed 4116K, 49% free 8981K/17584K, paused 6ms, total 6ms
02-03 12:46:12.271 D/dalvikvm(15954): GC_FOR_ALLOC freed 3850K, 48% free 9149K/17584K, paused 5ms, total 5ms
02-03 12:46:12.281 D/dalvikvm(15954): GC_CONCURRENT freed 3837K, 47% free 9327K/17584K, paused 1ms+1ms, total 12ms
02-03 12:46:12.281 D/dalvikvm(15954): WAIT_FOR_CONCURRENT_GC blocked 5ms
02-03 12:46:12.291 D/dalvikvm(15954): GC_CONCURRENT freed 4146K, 48% free 9253K/17584K, paused 1ms+2ms, total 9ms
02-03 12:46:12.291 D/dalvikvm(15954): WAIT_FOR_CONCURRENT_GC blocked 7ms
02-03 12:46:12.301 D/dalvikvm(15954): GC_FOR_ALLOC freed 4212K, 49% free 9058K/17584K, paused 6ms, total 7ms
02-03 12:46:12.311 D/dalvikvm(15954): GC_CONCURRENT freed 3842K, 48% free 9213K/17584K, paused 1ms+0ms, total 9ms
02-03 12:46:12.311 D/dalvikvm(15954): WAIT_FOR_CONCURRENT_GC blocked 3ms
02-03 12:46:12.321 D/dalvikvm(15954): GC_FOR_ALLOC freed 4168K, 49% free 9006K/17584K, paused 5ms, total 5ms
02-03 12:46:12.341 D/dalvikvm(15954): GC_CONCURRENT freed 3966K, 49% free 9061K/17584K, paused 2ms+1ms, total 8ms
02-03 12:46:12.351 D/dalvikvm(15954): GC_CONCURRENT freed 3963K, 49% free 9093K/17584K, paused 1ms+3ms, total 7ms
02-03 12:46:12.361 D/dalvikvm(15954): GC_CONCURRENT freed 4067K, 49% free 9094K/17584K, paused 1ms+1ms, total 6ms
02-03 12:46:12.361 D/dalvikvm(15954): WAIT_FOR_CONCURRENT_GC blocked 4ms
02-03 12:46:12.371 D/dalvikvm(15954): GC_CONCURRENT freed 3932K, 48% free 9154K/17584K, paused 1ms+0ms, total 6ms
02-03 12:46:12.371 D/dalvikvm(15954): WAIT_FOR_CONCURRENT_GC blocked 4ms
02-03 12:46:12.391 D/dalvikvm(15954): GC_CONCURRENT freed 4084K, 49% free 9094K/17584K, paused 0ms+5ms, total 11ms
02-03 12:46:12.391 D/dalvikvm(15954): WAIT_FOR_CONCURRENT_GC blocked 11ms
02-03 12:46:12.401 D/dalvikvm(15954): GC_CONCURRENT freed 3929K, 48% free 9219K/17584K, paused 0ms+1ms, total 8ms
02-03 12:46:12.401 D/dalvikvm(15954): WAIT_FOR_CONCURRENT_GC blocked 6ms
02-03 12:46:12.411 D/dalvikvm(15954): GC_FOR_ALLOC freed 4014K, 48% free 9222K/17584K, paused 5ms, total 5ms
02-03 12:46:12.411 D/dalvikvm(15954): GC_CONCURRENT freed 3777K, 47% free 9415K/17584K, paused 1ms+1ms, total 6ms
02-03 12:46:12.411 D/dalvikvm(15954): WAIT_FOR_CONCURRENT_GC blocked 2ms
02-03 12:46:12.421 D/dalvikvm(15954): GC_CONCURRENT freed 4233K, 48% free 9165K/17584K, paused 1ms+1ms, total 6ms
02-03 12:46:12.421 D/dalvikvm(15954): WAIT_FOR_CONCURRENT_GC blocked 4ms
02-03 12:46:12.431 D/dalvikvm(15954): GC_CONCURRENT freed 4056K, 49% free 9098K/17584K, paused 0ms+0ms, total 5ms
02-03 12:46:12.431 D/dalvikvm(15954): WAIT_FOR_CONCURRENT_GC blocked 3ms
02-03 12:46:12.441 D/dalvikvm(15954): GC_CONCURRENT freed 3857K, 48% free 9268K/17584K, paused 1ms+1ms, total 6ms
02-03 12:46:12.441 D/dalvikvm(15954): WAIT_FOR_CONCURRENT_GC blocked 5ms
02-03 12:46:12.451 D/dalvikvm(15954): GC_FOR_ALLOC freed 4277K, 49% free 9059K/17584K, paused 5ms, total 6ms
02-03 12:46:12.461 D/dalvikvm(15954): GC_CONCURRENT freed 140K, 49% free 9130K/17584K, paused 2ms+1ms, total 7ms
02-03 12:46:12.481 D/dalvikvm(15954): GC_CONCURRENT freed 3999K, 49% free 9129K/17584K, paused 1ms+2ms, total 10ms
02-03 12:46:12.501 D/dalvikvm(15954): GC_CONCURRENT freed 4066K, 49% free 9129K/17584K, paused 5ms+1ms, total 10ms
02-03 12:46:12.501 D/dalvikvm(15954): WAIT_FOR_CONCURRENT_GC blocked 2ms
02-03 12:46:12.511 D/dalvikvm(15954): GC_FOR_ALLOC freed 3985K, 49% free 9054K/17584K, paused 5ms, total 5ms
02-03 12:46:12.521 D/dalvikvm(15954): GC_CONCURRENT freed 3820K, 48% free 9277K/17584K, paused 0ms+1ms, total 5ms
02-03 12:46:12.521 D/dalvikvm(15954): WAIT_FOR_CONCURRENT_GC blocked 3ms
02-03 12:46:12.521 D/dalvikvm(15954): GC_FOR_ALLOC freed 4106K, 49% free 9051K/17584K, paused 4ms, total 4ms
02-03 12:46:12.531 D/dalvikvm(15954): GC_FOR_ALLOC freed 3934K, 49% free 9126K/17584K, paused 8ms, total 8ms
02-03 12:46:12.541 D/dalvikvm(15954): GC_CONCURRENT freed <1K, 48% free 9281K/17584K, paused 1ms+1ms, total 6ms
02-03 12:46:12.551 D/dalvikvm(15954): GC_CONCURRENT freed 4070K, 48% free 9236K/17584K, paused 1ms+2ms, total 8ms
02-03 12:46:12.551 D/dalvikvm(15954): WAIT_FOR_CONCURRENT_GC blocked 7ms
02-03 12:46:12.561 D/dalvikvm(15954): GC_FOR_ALLOC freed 4046K, 49% free 9077K/17584K, paused 5ms, total 5ms
02-03 12:46:12.571 D/dalvikvm(15954): GC_FOR_ALLOC freed 3944K, 49% free 9076K/17584K, paused 5ms, total 5ms
02-03 12:46:12.581 D/dalvikvm(15954): GC_CONCURRENT freed 3834K, 48% free 9237K/17584K, paused 0ms+1ms, total 6ms
02-03 12:46:12.581 D/dalvikvm(15954): WAIT_FOR_CONCURRENT_GC blocked 5ms
02-03 12:46:12.591 D/dalvikvm(15954): GC_CONCURRENT freed 4049K, 48% free 9238K/17584K, paused 1ms+1ms, total 8ms
02-03 12:46:12.591 D/dalvikvm(15954): WAIT_FOR_CONCURRENT_GC blocked 6ms
02-03 12:46:12.601 D/dalvikvm(15954): GC_FOR_ALLOC freed 3851K, 47% free 9321K/17584K, paused 8ms, total 8ms
02-03 12:46:12.621 D/dalvikvm(15954): GC_CONCURRENT freed 4153K, 48% free 9153K/17584K, paused 1ms+1ms, total 8ms
02-03 12:46:12.631 D/dalvikvm(15954): GC_FOR_ALLOC freed 4032K, 49% free 9066K/17584K, paused 8ms, total 8ms
02-03 12:46:12.641 D/dalvikvm(15954): GC_FOR_ALLOC freed 3817K, 48% free 9182K/17584K, paused 5ms, total 5ms
02-03 12:46:12.651 D/dalvikvm(15954): GC_CONCURRENT freed 3948K, 48% free 9270K/17584K, paused 1ms+1ms, total 6ms
02-03 12:46:12.651 D/dalvikvm(15954): WAIT_FOR_CONCURRENT_GC blocked 5ms
02-03 12:46:12.661 D/dalvikvm(15954): GC_CONCURRENT freed 4078K, 48% free 9181K/17584K, paused 1ms+1ms, total 5ms
02-03 12:46:12.661 D/dalvikvm(15954): WAIT_FOR_CONCURRENT_GC blocked 3ms
02-03 12:46:12.671 D/dalvikvm(15954): GC_FOR_ALLOC freed 3765K, 47% free 9358K/17584K, paused 5ms, total 6ms
02-03 12:46:12.681 D/dalvikvm(15954): GC_CONCURRENT freed 4075K, 48% free 9269K/17584K, paused 1ms+1ms, total 5ms
02-03 12:46:12.681 D/dalvikvm(15954): WAIT_FOR_CONCURRENT_GC blocked 5ms
02-03 12:46:12.681 D/dalvikvm(15954): GC_FOR_ALLOC freed 4025K, 49% free 9086K/17584K, paused 5ms, total 5ms
02-03 12:46:12.691 D/dalvikvm(15954): GC_FOR_ALLOC freed 3882K, 49% free 9083K/17584K, paused 5ms, total 5ms
02-03 12:46:12.701 D/dalvikvm(15954): GC_FOR_ALLOC freed 3919K, 49% free 9081K/17584K, paused 5ms, total 6ms
02-03 12:46:12.711 D/dalvikvm(15954): GC_CONCURRENT freed 3768K, 48% free 9299K/17584K, paused 0ms+1ms, total 5ms
02-03 12:46:12.711 D/dalvikvm(15954): WAIT_FOR_CONCURRENT_GC blocked 5ms
02-03 12:46:12.721 D/dalvikvm(15954): GC_CONCURRENT freed 3993K, 48% free 9299K/17584K, paused 1ms+1ms, total 7ms
02-03 12:46:12.721 D/dalvikvm(15954): WAIT_FOR_CONCURRENT_GC blocked 3ms
02-03 12:46:12.731 D/dalvikvm(15954): GC_CONCURRENT freed 4024K, 48% free 9305K/17584K, paused 1ms+1ms, total 6ms
02-03 12:46:12.741 D/dalvikvm(15954): GC_FOR_ALLOC freed 4264K, 49% free 9108K/17584K, paused 5ms, total 5ms
02-03 12:46:12.751 D/dalvikvm(15954): GC_FOR_ALLOC freed 3617K, 47% free 9399K/17584K, paused 6ms, total 6ms
02-03 12:46:12.761 D/dalvikvm(15954): GC_FOR_ALLOC freed 4141K, 48% free 9202K/17584K, paused 5ms, total 6ms
02-03 12:46:12.771 D/dalvikvm(15954): GC_FOR_ALLOC freed 3979K, 49% free 9101K/17584K, paused 5ms, total 6ms
02-03 12:46:12.781 D/dalvikvm(15954): GC_CONCURRENT freed 3711K, 47% free 9399K/17584K, paused 0ms+1ms, total 7ms
02-03 12:46:12.801 D/dalvikvm(15954): GC_CONCURRENT freed 4247K, 48% free 9198K/17584K, paused 1ms+9ms, total 19ms
02-03 12:46:12.801 D/dalvikvm(15954): WAIT_FOR_CONCURRENT_GC blocked 15ms
02-03 12:46:12.811 D/dalvikvm(15954): GC_CONCURRENT freed 3878K, 47% free 9331K/17584K, paused 1ms+1ms, total 6ms
02-03 12:46:12.811 D/dalvikvm(15954): WAIT_FOR_CONCURRENT_GC blocked 4ms
02-03 12:46:12.821 D/dalvikvm(15954): GC_FOR_ALLOC freed 4011K, 48% free 9226K/17584K, paused 5ms, total 5ms
02-03 12:46:12.831 D/dalvikvm(15954): GC_CONCURRENT freed 3942K, 47% free 9329K/17584K, paused 1ms+2ms, total 8ms
02-03 12:46:12.831 D/dalvikvm(15954): WAIT_FOR_CONCURRENT_GC blocked 8ms
02-03 12:46:12.841 D/dalvikvm(15954): GC_CONCURRENT freed 4077K, 48% free 9224K/17584K, paused 1ms+2ms, total 7ms
02-03 12:46:12.841 D/dalvikvm(15954): WAIT_FOR_CONCURRENT_GC blocked 7ms
02-03 12:46:12.851 D/dalvikvm(15954): GC_FOR_ALLOC freed 3691K, 47% free 9433K/17584K, paused 6ms, total 7ms
02-03 12:46:12.861 D/dalvikvm(15954): GC_FOR_ALLOC freed 4250K, 49% free 9115K/17584K, paused 6ms, total 6ms
02-03 12:46:12.871 D/dalvikvm(15954): GC_CONCURRENT freed 3961K, 48% free 9219K/17584K, paused 1ms+2ms, total 10ms
02-03 12:46:12.871 D/dalvikvm(15954): WAIT_FOR_CONCURRENT_GC blocked 9ms
02-03 12:46:12.881 D/dalvikvm(15954): GC_CONCURRENT freed 3775K, 47% free 9433K/17584K, paused 1ms+1ms, total 7ms
02-03 12:46:12.881 D/dalvikvm(15954): WAIT_FOR_CONCURRENT_GC blocked 1ms
02-03 12:46:12.901 D/dalvikvm(15954): GC_CONCURRENT freed 4129K, 47% free 9357K/17584K, paused 1ms+1ms, total 8ms
02-03 12:46:12.901 D/dalvikvm(15954): WAIT_FOR_CONCURRENT_GC blocked 7ms
02-03 12:46:12.911 D/dalvikvm(15954): GC_FOR_ALLOC freed 4048K, 49% free 9137K/17584K, paused 6ms, total 6ms
02-03 12:46:12.921 D/dalvikvm(15954): GC_FOR_ALLOC freed 3857K, 49% free 9135K/17584K, paused 6ms, total 6ms
02-03 12:46:12.931 D/dalvikvm(15954): GC_FOR_ALLOC freed 3883K, 49% free 9132K/17584K, paused 6ms, total 6ms
02-03 12:46:12.941 D/dalvikvm(15954): GC_FOR_ALLOC freed 3909K, 49% free 9130K/17584K, paused 5ms, total 6ms
02-03 12:46:12.951 D/dalvikvm(15954): GC_FOR_ALLOC freed 3935K, 49% free 9127K/17584K, paused 5ms, total 5ms
02-03 12:46:12.951 D/dalvikvm(15954): GC_FOR_ALLOC freed 3961K, 49% free 9125K/17584K, paused 5ms, total 6ms
02-03 12:46:12.961 D/dalvikvm(15954): GC_CONCURRENT freed 3760K, 47% free 9350K/17584K, paused 0ms+1ms, total 5ms
02-03 12:46:12.961 D/dalvikvm(15954): WAIT_FOR_CONCURRENT_GC blocked 3ms
02-03 12:46:12.971 D/dalvikvm(15954): GC_CONCURRENT freed 4012K, 47% free 9381K/17584K, paused 1ms+1ms, total 7ms
02-03 12:46:12.971 D/dalvikvm(15954): WAIT_FOR_CONCURRENT_GC blocked 5ms
02-03 12:46:12.981 D/dalvikvm(15954): GC_CONCURRENT freed 4038K, 47% free 9380K/17584K, paused 1ms+1ms, total 6ms
02-03 12:46:12.981 D/dalvikvm(15954): WAIT_FOR_CONCURRENT_GC blocked 5ms
02-03 12:46:12.991 D/dalvikvm(15954): GC_CONCURRENT freed 4065K, 47% free 9379K/17584K, paused 1ms+1ms, total 6ms
02-03 12:46:12.991 D/dalvikvm(15954): WAIT_FOR_CONCURRENT_GC blocked 5ms
02-03 12:46:13.001 D/dalvikvm(15954): GC_CONCURRENT freed 4094K, 47% free 9378K/17584K, paused 1ms+1ms, total 7ms
02-03 12:46:13.001 D/dalvikvm(15954): WAIT_FOR_CONCURRENT_GC blocked 6ms
02-03 12:46:13.011 D/dalvikvm(15954): GC_FOR_ALLOC freed 3764K, 46% free 9499K/17584K, paused 6ms, total 6ms
02-03 12:46:13.021 D/dalvikvm(15954): GC_FOR_ALLOC freed 4150K, 48% free 9262K/17584K, paused 6ms, total 6ms
02-03 12:46:13.031 D/dalvikvm(15954): GC_FOR_ALLOC freed 3941K, 49% free 9141K/17584K, paused 5ms, total 5ms
02-03 12:46:13.041 D/dalvikvm(15954): GC_FOR_ALLOC freed 3601K, 46% free 9503K/17584K, paused 6ms, total 6ms
02-03 12:46:13.051 D/dalvikvm(15954): GC_CONCURRENT freed 4232K, 48% free 9261K/17584K, paused 1ms+1ms, total 7ms
02-03 12:46:13.061 D/dalvikvm(15954): GC_FOR_ALLOC freed 4019K, 49% free 9138K/17584K, paused 6ms, total 6ms
02-03 12:46:13.071 D/dalvikvm(15954): GC_CONCURRENT freed 3671K, 46% free 9506K/17584K, paused 0ms+1ms, total 5ms
02-03 12:46:13.071 D/dalvikvm(15954): WAIT_FOR_CONCURRENT_GC blocked 3ms
02-03 12:46:13.081 D/dalvikvm(15954): GC_FOR_ALLOC freed 4068K, 48% free 9169K/17584K, paused 4ms, total 5ms
02-03 12:46:13.081 D/dalvikvm(15954): GC_CONCURRENT freed 3717K, 46% free 9542K/17584K, paused 1ms+1ms, total 6ms
02-03 12:46:13.081 D/dalvikvm(15954): WAIT_FOR_CONCURRENT_GC blocked 4ms
02-03 12:46:13.091 D/dalvikvm(15954): GC_FOR_ALLOC freed 4118K, 48% free 9168K/17584K, paused 6ms, total 7ms
02-03 12:46:13.101 D/dalvikvm(15954): GC_FOR_ALLOC freed 3762K, 48% free 9294K/17584K, paused 4ms, total 5ms
02-03 12:46:13.111 D/dalvikvm(15954): GC_CONCURRENT freed 3916K, 47% free 9419K/17584K, paused 0ms+1ms, total 6ms
02-03 12:46:13.111 D/dalvikvm(15954): WAIT_FOR_CONCURRENT_GC blocked 5ms
02-03 12:46:13.121 D/dalvikvm(15954): GC_FOR_ALLOC freed 4060K, 48% free 9295K/17584K, paused 5ms, total 5ms
02-03 12:46:13.131 D/dalvikvm(15954): GC_CONCURRENT freed 3956K, 47% free 9425K/17584K, paused 1ms+1ms, total 7ms
02-03 12:46:13.151 D/dalvikvm(15954): GC_CONCURRENT freed 4113K, 48% free 9296K/17584K, paused 6ms+1ms, total 11ms
02-03 12:46:13.161 D/dalvikvm(15954): GC_FOR_ALLOC freed 3615K, 46% free 9556K/17584K, paused 6ms, total 6ms
02-03 12:46:13.171 D/dalvikvm(15954): GC_FOR_ALLOC freed 4289K, 48% free 9166K/17584K, paused 5ms, total 5ms
02-03 12:46:13.181 D/dalvikvm(15954): GC_CONCURRENT freed 3916K, 48% free 9298K/17584K, paused 2ms+1ms, total 7ms
02-03 12:46:13.181 D/dalvikvm(15954): WAIT_FOR_CONCURRENT_GC blocked 3ms
02-03 12:46:13.191 D/dalvikvm(15954): GC_FOR_ALLOC freed 3676K, 46% free 9563K/17584K, paused 4ms, total 4ms
02-03 12:46:13.201 D/dalvikvm(15954): GC_FOR_ALLOC freed 4360K, 48% free 9167K/17584K, paused 6ms, total 6ms
02-03 12:46:13.201 D/dalvikvm(15954): GC_FOR_ALLOC freed 3716K, 48% free 9168K/17584K, paused 5ms, total 5ms
02-03 12:46:13.211 D/dalvikvm(15954): GC_FOR_ALLOC freed 3735K, 48% free 9169K/17584K, paused 5ms, total 5ms
02-03 12:46:13.221 D/dalvikvm(15954): GC_FOR_ALLOC freed 3754K, 48% free 9171K/17584K, paused 5ms, total 6ms
02-03 12:46:13.231 D/dalvikvm(15954): GC_FOR_ALLOC freed 3773K, 48% free 9172K/17584K, paused 4ms, total 4ms
02-03 12:46:13.241 D/dalvikvm(15954): GC_FOR_ALLOC freed 3792K, 48% free 9173K/17584K, paused 7ms, total 7ms
02-03 12:46:13.251 D/dalvikvm(15954): GC_FOR_ALLOC freed 3811K, 48% free 9175K/17584K, paused 6ms, total 6ms
02-03 12:46:13.261 D/dalvikvm(15954): GC_FOR_ALLOC freed 3830K, 48% free 9176K/17584K, paused 5ms, total 5ms
02-03 12:46:13.261 D/dalvikvm(15954): GC_FOR_ALLOC freed 3849K, 48% free 9177K/17584K, paused 5ms, total 5ms
02-03 12:46:13.271 D/dalvikvm(15954): GC_FOR_ALLOC freed 3867K, 48% free 9179K/17584K, paused 5ms, total 5ms
02-03 12:46:13.281 D/dalvikvm(15954): GC_FOR_ALLOC freed 3886K, 48% free 9180K/17584K, paused 5ms, total 5ms
02-03 12:46:13.291 D/dalvikvm(15954): GC_FOR_ALLOC freed 3905K, 48% free 9181K/17584K, paused 6ms, total 6ms
02-03 12:46:13.301 D/dalvikvm(15954): GC_FOR_ALLOC freed 3924K, 48% free 9183K/17584K, paused 6ms, total 6ms
02-03 12:46:13.311 D/dalvikvm(15954): GC_FOR_ALLOC freed 3943K, 48% free 9184K/17584K, paused 5ms, total 5ms
02-03 12:46:13.321 D/dalvikvm(15954): GC_FOR_ALLOC freed 3961K, 48% free 9185K/17584K, paused 7ms, total 7ms
02-03 12:46:13.321 D/dalvikvm(15954): GC_FOR_ALLOC freed 3980K, 48% free 9187K/17584K, paused 5ms, total 5ms
02-03 12:46:13.331 D/dalvikvm(15954): GC_CONCURRENT freed 3572K, 46% free 9615K/17584K, paused 1ms+1ms, total 9ms
02-03 12:46:13.331 D/dalvikvm(15954): WAIT_FOR_CONCURRENT_GC blocked 4ms
02-03 12:46:13.351 D/dalvikvm(15954): GC_CONCURRENT freed 4158K, 47% free 9477K/17584K, paused 1ms+2ms, total 8ms
02-03 12:46:13.351 D/dalvikvm(15954): WAIT_FOR_CONCURRENT_GC blocked 4ms
02-03 12:46:13.361 D/dalvikvm(15954): GC_CONCURRENT freed 4035K, 47% free 9479K/17584K, paused 2ms+1ms, total 8ms
02-03 12:46:13.361 D/dalvikvm(15954): WAIT_FOR_CONCURRENT_GC blocked 1ms
02-03 12:46:13.371 D/dalvikvm(15954): GC_CONCURRENT freed 4054K, 47% free 9482K/17584K, paused 1ms+1ms, total 5ms
02-03 12:46:13.371 D/dalvikvm(15954): WAIT_FOR_CONCURRENT_GC blocked 5ms
02-03 12:46:13.381 D/dalvikvm(15954): GC_CONCURRENT freed 4077K, 47% free 9481K/17584K, paused 0ms+1ms, total 5ms
02-03 12:46:13.381 D/dalvikvm(15954): WAIT_FOR_CONCURRENT_GC blocked 4ms
02-03 12:46:13.391 D/dalvikvm(15954): GC_CONCURRENT freed 4092K, 47% free 9483K/17584K, paused 0ms+1ms, total 5ms
02-03 12:46:13.391 D/dalvikvm(15954): WAIT_FOR_CONCURRENT_GC blocked 6ms
02-03 12:46:13.401 D/dalvikvm(15954): GC_FOR_ALLOC freed 3668K, 46% free 9632K/17584K, paused 10ms, total 10ms
02-03 12:46:13.411 D/dalvikvm(15954): GC_FOR_ALLOC freed 4127K, 47% free 9340K/17584K, paused 5ms, total 5ms
02-03 12:46:13.421 D/dalvikvm(15954): GC_FOR_ALLOC freed 3850K, 48% free 9195K/17584K, paused 6ms, total 6ms
02-03 12:46:13.431 D/dalvikvm(15954): GC_FOR_ALLOC freed 3418K, 46% free 9641K/17584K, paused 5ms, total 5ms
02-03 12:46:13.441 D/dalvikvm(15954): GC_FOR_ALLOC freed 4179K, 47% free 9346K/17584K, paused 5ms, total 5ms
02-03 12:46:13.451 D/dalvikvm(15954): GC_FOR_ALLOC freed 3898K, 48% free 9198K/17584K, paused 5ms, total 6ms
02-03 12:46:13.461 D/dalvikvm(15954): GC_FOR_ALLOC freed 3461K, 46% free 9650K/17584K, paused 6ms, total 6ms
02-03 12:46:13.471 D/dalvikvm(15954): GC_FOR_ALLOC freed 4231K, 47% free 9351K/17584K, paused 5ms, total 5ms
02-03 12:46:13.481 D/dalvikvm(15954): GC_FOR_ALLOC freed 3946K, 48% free 9202K/17584K, paused 6ms, total 6ms
02-03 12:46:13.491 D/dalvikvm(15954): GC_FOR_ALLOC freed 3503K, 46% free 9660K/17584K, paused 6ms, total 6ms
02-03 12:46:13.501 D/dalvikvm(15954): GC_CONCURRENT freed 4282K, 47% free 9357K/17584K, paused 1ms+1ms, total 7ms
02-03 12:46:13.501 D/dalvikvm(15954): WAIT_FOR_CONCURRENT_GC blocked 6ms
02-03 12:46:13.511 D/dalvikvm(15954): GC_FOR_ALLOC freed 3994K, 48% free 9206K/17584K, paused 6ms, total 6ms
02-03 12:46:13.521 D/EVENT_THREAD(14412): void CEventThread::run() POLLIN event on Fd (1)
02-03 12:46:13.521 D/EVENT_THREAD(14412): void CEventThread::run() Do poll with timeout: -1
02-03 12:46:13.521 D/EVENT_THREAD(14412): void CEventThread::run() POLLIN event on Fd (1)
02-03 12:46:13.521 D/EVENT_THREAD(14412): void CEventThread::run() Do poll with timeout: -1
02-03 12:46:13.521 I/upi_ug31xx(  166): (1358) update_capacity
02-03 12:46:13.521 I/[UPI]   (  166): <UG31/E>[UpiReadCapacity]: V=4017(4014), T=339(341-417), I=-531, C=-4(-4-0)
02-03 12:46:13.521 I/[UPI]   (  166): <UG31/E>[UpiReadCapacity]: (0x0221254a) 2893 (2867) / 3159 (3977) = 92
02-03 12:46:13.521 I/[UPI]   (  166): <UG31/E>[UpiReadCapacity]: (0x0221254a) 2893 (2867) / 3159 (3977) = 92
02-03 12:46:13.521 I/[UPI]   (  166): <UG31/E>[UpiReadCapacity]: (0x0221254a) 2889 (2889) / 3159 (3977) = 91
02-03 12:46:13.521 I/[UPI]   (  166): <UG31/E>[RsocFilterCountTime]: (0x0221254a) Step=5(302960), Full=2(302960), Lock=302960(1800000)
02-03 12:46:13.521 I/[UPI]   (  166): <UG31/E>[UpiReadCapacity]: (0x0221254a) 2889 (2889) / 3159 (3977) = 91 (-531--531)
02-03 12:46:13.521 I/[UPI]   (  166): <UG31/E><BATT> M:normal, P:91(91-91)%, V:4013mV, C:-567mA, T:34.1C(417), S:0x0221254a(000), R:2889mAh, F:3159mAh, Q:-840mAh, CC:5, P:30.300(839-0)s, BO:5, 97:615:0-44af-9m:B001-20140514-144301 (16)
02-03 12:46:13.521 I/upi_ug31xx(  166): (1359) backup_data 
02-03 12:46:13.521 V/upi_ug31xx(  166): state->check_backup_count = 8
02-03 12:46:13.521 D/dalvikvm(15954): GC_CONCURRENT freed 3546K, 46% free 9669K/17584K, paused 1ms+1ms, total 6ms
02-03 12:46:13.521 D/dalvikvm(15954): WAIT_FOR_CONCURRENT_GC blocked 5ms
02-03 12:46:13.531 D/dalvikvm(15954): GC_CONCURRENT freed 4334K, 47% free 9363K/17584K, paused 0ms+1ms, total 5ms
02-03 12:46:13.531 D/dalvikvm(15954): WAIT_FOR_CONCURRENT_GC blocked 6ms
02-03 12:46:13.541 D/dalvikvm(15954): GC_FOR_ALLOC freed 4042K, 48% free 9209K/17584K, paused 7ms, total 7ms
02-03 12:46:13.561 D/dalvikvm(15954): GC_CONCURRENT freed 3588K, 45% free 9678K/17584K, paused 1ms+1ms, total 7ms
02-03 12:46:13.561 D/dalvikvm(15954): WAIT_FOR_CONCURRENT_GC blocked 3ms
02-03 12:46:13.571 D/dalvikvm(15954): GC_CONCURRENT freed 4386K, 47% free 9368K/17584K, paused 1ms+0ms, total 6ms
02-03 12:46:13.571 D/dalvikvm(15954): GC_FOR_ALLOC freed 4090K, 48% free 9213K/17584K, paused 5ms, total 5ms
02-03 12:46:13.581 D/dalvikvm(15954): GC_FOR_ALLOC freed 3631K, 47% free 9371K/17584K, paused 5ms, total 5ms
02-03 12:46:13.591 D/dalvikvm(15954): GC_FOR_ALLOC freed 4121K, 48% free 9215K/17584K, paused 5ms, total 5ms
02-03 12:46:13.601 D/dalvikvm(15954): GC_FOR_ALLOC freed 3658K, 47% free 9375K/17584K, paused 6ms, total 6ms
02-03 12:46:13.621 D/dalvikvm(15954): GC_CONCURRENT freed 3830K, 46% free 9537K/17584K, paused 1ms+1ms, total 10ms
02-03 12:46:13.631 D/dalvikvm(15954): GC_FOR_ALLOC freed 4008K, 47% free 9379K/17584K, paused 6ms, total 6ms
02-03 12:46:13.641 D/dalvikvm(15954): GC_CONCURRENT freed 3860K, 46% free 9542K/17584K, paused 1ms+1ms, total 8ms
02-03 12:46:13.651 D/dalvikvm(15954): GC_FOR_ALLOC freed 4038K, 47% free 9382K/17584K, paused 5ms, total 5ms
02-03 12:46:13.661 D/dalvikvm(15954): GC_CONCURRENT freed 3889K, 46% free 9546K/17584K, paused 2ms+1ms, total 7ms
02-03 12:46:13.671 D/dalvikvm(15954): GC_FOR_ALLOC freed 4068K, 47% free 9386K/17584K, paused 8ms, total 8ms
02-03 12:46:13.681 D/dalvikvm(15954): GC_CONCURRENT freed 3918K, 46% free 9551K/17584K, paused 1ms+1ms, total 7ms
02-03 12:46:13.691 D/dalvikvm(15954): GC_FOR_ALLOC freed 4100K, 47% free 9390K/17584K, paused 5ms, total 5ms
02-03 12:46:13.701 D/dalvikvm(15954): GC_FOR_ALLOC freed 3456K, 45% free 9721K/17584K, paused 5ms, total 5ms
02-03 12:46:13.711 D/dalvikvm(15954): GC_FOR_ALLOC freed 4295K, 48% free 9229K/17584K, paused 5ms, total 5ms
02-03 12:46:13.721 D/dalvikvm(15954): GC_CONCURRENT freed 3811K, 47% free 9395K/17584K, paused 1ms+1ms, total 5ms
02-03 12:46:13.731 D/dalvikvm(15954): GC_FOR_ALLOC freed 3491K, 45% free 9729K/17584K, paused 4ms, total 5ms
02-03 12:46:13.741 D/dalvikvm(15954): GC_FOR_ALLOC freed 4335K, 48% free 9232K/17584K, paused 5ms, total 5ms
02-03 12:46:13.751 D/dalvikvm(15954): GC_CONCURRENT freed 3846K, 47% free 9400K/17584K, paused 1ms+1ms, total 7ms
02-03 12:46:13.751 D/EVENT_THREAD(14412): void CEventThread::run() POLLIN event on Fd (1)
02-03 12:46:13.751 D/EVENT_THREAD(14412): void CEventThread::run() Do poll with timeout: -1
02-03 12:46:13.771 D/dalvikvm(15954): GC_FOR_ALLOC freed 3522K, 45% free 9736K/17584K, paused 14ms, total 14ms
02-03 12:46:13.781 D/dalvikvm(15954): GC_FOR_ALLOC freed 4374K, 48% free 9235K/17584K, paused 8ms, total 8ms
02-03 12:46:13.791 D/dalvikvm(15954): GC_CONCURRENT freed 3880K, 47% free 9404K/17584K, paused 1ms+1ms, total 8ms
02-03 12:46:13.811 D/dalvikvm(15954): GC_FOR_ALLOC freed 3556K, 45% free 9744K/17584K, paused 9ms, total 9ms
02-03 12:46:13.821 D/dalvikvm(15954): GC_FOR_ALLOC freed 4420K, 48% free 9238K/17584K, paused 7ms, total 7ms
02-03 12:46:13.831 D/dalvikvm(15954): GC_CONCURRENT freed 3923K, 47% free 9410K/17584K, paused 1ms+1ms, total 7ms
02-03 12:46:13.841 I/SecurityManagerService(14632): SMS received security event: App[START/com.android.providers.contacts]
02-03 12:46:13.841 D/dalvikvm(15954): GC_FOR_ALLOC freed 3962K, 48% free 9265K/17584K, paused 5ms, total 5ms
02-03 12:46:13.851 D/dalvikvm(15954): GC_FOR_ALLOC freed 3237K, 45% free 9808K/17584K, paused 4ms, total 5ms
02-03 12:46:13.861 D/dalvikvm(19704): Process 19704 nice name: android.process.acore
02-03 12:46:13.861 D/dalvikvm(19704): Extra Options: not specified
02-03 12:46:13.871 D/EVENT_THREAD(14412): void CEventThread::run() POLLIN event on Fd (1)
02-03 12:46:13.871 D/EVENT_THREAD(14412): void CEventThread::run() Do poll with timeout: -1
02-03 12:46:13.871 D/dalvikvm(15954): GC_FOR_ALLOC freed 4755K, 52% free 8491K/17584K, paused 6ms, total 6ms
02-03 12:46:13.871 I/ActivityManager(14542): Start proc android.process.acore for content provider com.android.providers.contacts/.ContactsProvider2: pid=19704 uid=10004 gids={50004, 3003, 1028, 1015, 1023}
02-03 12:46:13.911 D/dalvikvm(15954): GC_CONCURRENT freed 3333K, 48% free 9212K/17584K, paused 1ms+1ms, total 4ms
02-03 12:46:13.951 I/upi_ug31xx(  166): (1360) backup_bo check
02-03 12:46:13.961 D/AsusCallerIDProvider(19704): is touchPal installed = false
02-03 12:46:13.981 D/AsusSimContactsManager(19704): Google
02-03 12:46:13.991 D/dalvikvm(15954): GC_CONCURRENT freed 4292K, 49% free 8996K/17584K, paused 1ms+1ms, total 8ms
02-03 12:46:13.991 D/dalvikvm(15954): WAIT_FOR_CONCURRENT_GC blocked 6ms
02-03 12:46:13.991 D/ContactsProvider:SimCardReceiver(19704): initialSimCardState: mHasIccCard = false mHasIccCard2 = false
02-03 12:46:14.001 D/dalvikvm(15954): GC_CONCURRENT freed 4064K, 49% free 8989K/17584K, paused 1ms+0ms, total 9ms
02-03 12:46:14.001 D/dalvikvm(15954): WAIT_FOR_CONCURRENT_GC blocked 8ms
02-03 12:46:14.011 D/dalvikvm(15954): GC_CONCURRENT freed 4078K, 49% free 9003K/17584K, paused 0ms+1ms, total 5ms
02-03 12:46:14.011 D/dalvikvm(15954): WAIT_FOR_CONCURRENT_GC blocked 4ms
02-03 12:46:14.021 D/dalvikvm(15954): GC_FOR_ALLOC freed 4116K, 50% free 8961K/17584K, paused 4ms, total 4ms
02-03 12:46:14.021 D/dalvikvm(15954): GC_CONCURRENT freed 3909K, 48% free 9147K/17584K, paused 1ms+1ms, total 6ms
02-03 12:46:14.021 D/dalvikvm(15954): WAIT_FOR_CONCURRENT_GC blocked 1ms
02-03 12:46:14.031 D/dalvikvm(15954): GC_FOR_ALLOC freed 4191K, 49% free 8997K/17584K, paused 4ms, total 4ms
02-03 12:46:14.041 D/dalvikvm(15954): GC_CONCURRENT freed 2463K, 48% free 9296K/17584K, paused 1ms+1ms, total 6ms
02-03 12:46:14.051 D/dalvikvm(15954): GC_CONCURRENT freed 4215K, 48% free 9145K/17584K, paused 0ms+1ms, total 5ms
02-03 12:46:14.051 D/dalvikvm(15954): WAIT_FOR_CONCURRENT_GC blocked 3ms
02-03 12:46:14.051 D/dalvikvm(15954): GC_FOR_ALLOC freed 4184K, 49% free 9000K/17584K, paused 4ms, total 4ms
02-03 12:46:14.061 D/dalvikvm(15954): GC_CONCURRENT freed 4002K, 49% free 9045K/17584K, paused 0ms+1ms, total 5ms
02-03 12:46:14.061 D/dalvikvm(15954): WAIT_FOR_CONCURRENT_GC blocked 5ms
02-03 12:46:14.071 D/dalvikvm(15954): GC_FOR_ALLOC freed 3976K, 49% free 9086K/17584K, paused 4ms, total 4ms
02-03 12:46:14.081 D/dalvikvm(15954): GC_CONCURRENT freed 3694K, 47% free 9418K/17584K, paused 1ms+1ms, total 6ms
02-03 12:46:14.081 D/dalvikvm(15954): WAIT_FOR_CONCURRENT_GC blocked 2ms
02-03 12:46:14.081 D/dalvikvm(15954): GC_FOR_ALLOC freed 4467K, 49% free 9029K/17584K, paused 4ms, total 4ms
02-03 12:46:14.091 D/dalvikvm(15954): GC_CONCURRENT freed 3769K, 48% free 9262K/17584K, paused 1ms+1ms, total 6ms
02-03 12:46:14.091 D/dalvikvm(15954): WAIT_FOR_CONCURRENT_GC blocked 2ms
02-03 12:46:14.101 D/dalvikvm(15954): GC_CONCURRENT freed 4179K, 49% free 9087K/17584K, paused 1ms+1ms, total 5ms
02-03 12:46:14.101 D/dalvikvm(15954): WAIT_FOR_CONCURRENT_GC blocked 4ms
02-03 12:46:14.101 D/dalvikvm(15954): GC_FOR_ALLOC freed 4139K, 49% free 9037K/17584K, paused 4ms, total 4ms
02-03 12:46:14.111 D/dalvikvm(15954): GC_CONCURRENT freed 3807K, 48% free 9296K/17584K, paused 1ms+1ms, total 7ms
02-03 12:46:14.111 D/dalvikvm(15954): WAIT_FOR_CONCURRENT_GC blocked 2ms
02-03 12:46:14.121 D/dalvikvm(15954): GC_CONCURRENT freed 4225K, 49% free 9098K/17584K, paused 0ms+1ms, total 4ms
02-03 12:46:14.121 D/dalvikvm(15954): WAIT_FOR_CONCURRENT_GC blocked 4ms
02-03 12:46:14.131 D/dalvikvm(15954): GC_FOR_ALLOC freed 4141K, 49% free 9043K/17584K, paused 5ms, total 5ms
02-03 12:46:14.131 D/dalvikvm(15954): GC_CONCURRENT freed 3743K, 47% free 9358K/17584K, paused 0ms+1ms, total 6ms
02-03 12:46:14.131 D/dalvikvm(15954): WAIT_FOR_CONCURRENT_GC blocked 2ms
02-03 12:46:14.141 D/dalvikvm(15954): GC_FOR_ALLOC freed 4293K, 49% free 9017K/17584K, paused 4ms, total 4ms
02-03 12:46:14.151 D/dalvikvm(15954): GC_FOR_ALLOC freed 3926K, 49% free 9076K/17584K, paused 4ms, total 4ms
02-03 12:46:14.151 D/dalvikvm(15954): GC_CONCURRENT freed 3588K, 46% free 9504K/17584K, paused 1ms+1ms, total 6ms
02-03 12:46:14.151 D/dalvikvm(15954): WAIT_FOR_CONCURRENT_GC blocked 2ms
02-03 12:46:14.161 D/dalvikvm(15954): GC_CONCURRENT freed 4280K, 48% free 9203K/17584K, paused 1ms+1ms, total 5ms
02-03 12:46:14.161 D/dalvikvm(15954): WAIT_FOR_CONCURRENT_GC blocked 4ms
02-03 12:46:14.171 D/dalvikvm(15954): GC_FOR_ALLOC freed 4061K, 48% free 9206K/17584K, paused 4ms, total 5ms
02-03 12:46:14.171 D/dalvikvm(15954): GC_CONCURRENT freed 3821K, 47% free 9400K/17584K, paused 0ms+1ms, total 6ms
02-03 12:46:14.171 D/dalvikvm(15954): WAIT_FOR_CONCURRENT_GC blocked 2ms
02-03 12:46:14.181 D/dalvikvm(15954): GC_CONCURRENT freed 4280K, 48% free 9148K/17584K, paused 0ms+1ms, total 4ms
02-03 12:46:14.181 D/dalvikvm(15954): WAIT_FOR_CONCURRENT_GC blocked 4ms
02-03 12:46:14.191 D/dalvikvm(15954): GC_FOR_ALLOC freed 4102K, 49% free 9080K/17584K, paused 5ms, total 5ms
02-03 12:46:14.201 D/dalvikvm(15954): GC_CONCURRENT freed 3555K, 46% free 9594K/17584K, paused 0ms+1ms, total 6ms
02-03 12:46:14.201 D/dalvikvm(15954): WAIT_FOR_CONCURRENT_GC blocked 2ms
02-03 12:46:14.201 D/dalvikvm(15954): GC_FOR_ALLOC freed 4309K, 48% free 9253K/17584K, paused 4ms, total 4ms
02-03 12:46:14.211 D/dalvikvm(15954): GC_CONCURRENT freed 3535K, 45% free 9753K/17584K, paused 1ms+1ms, total 6ms
02-03 12:46:14.211 D/dalvikvm(15954): WAIT_FOR_CONCURRENT_GC blocked 2ms
02-03 12:46:14.221 D/dalvikvm(15954): GC_FOR_ALLOC freed 4597K, 49% free 9110K/17584K, paused 4ms, total 4ms
02-03 12:46:14.221 D/dalvikvm(15954): GC_FOR_ALLOC freed 4017K, 49% free 9036K/17584K, paused 5ms, total 5ms
02-03 12:46:14.231 D/dalvikvm(15954): GC_FOR_ALLOC freed 3850K, 48% free 9260K/17584K, paused 5ms, total 5ms
02-03 12:46:14.241 D/dalvikvm(15954): GC_CONCURRENT freed 3608K, 46% free 9562K/17584K, paused 1ms+1ms, total 6ms
02-03 12:46:14.241 D/dalvikvm(15954): WAIT_FOR_CONCURRENT_GC blocked 2ms
02-03 12:46:14.241 I/ContactLocale(19704): AddressBook Labels [zh_CN]: [, A, B, C, D, E, F, G, H, I, J, K, L, M, N, O, P, Q, R, S, T, U, V, W, X, Y, Z, , , , , , , , , , , , , , , , , , , , , , , , , , , , , , , , , , , , , , , , , , , , , , , , , , , , , , , , , , , , , , , , , , , , , , , , , , , , , , , , , , , , , , , , , , , , , , , , , , , , , , , , , , , , , , , , , , , , , , , , , , , , , , , , , , , , , , , , , , , , , , , , , , , , , , , , , , , , #, ]
02-03 12:46:14.241 D/dalvikvm(15954): GC_FOR_ALLOC freed 4495K, 49% free 9108K/17584K, paused 4ms, total 4ms
02-03 12:46:14.251 D/dalvikvm(15954): GC_CONCURRENT freed 3473K, 45% free 9686K/17584K, paused 1ms+1ms, total 7ms
02-03 12:46:14.251 D/dalvikvm(15954): WAIT_FOR_CONCURRENT_GC blocked 2ms
02-03 12:46:14.261 D/dalvikvm(15954): GC_CONCURRENT freed 4542K, 48% free 9223K/17584K, paused 0ms+0ms, total 5ms
02-03 12:46:14.261 D/dalvikvm(15954): WAIT_FOR_CONCURRENT_GC blocked 4ms
02-03 12:46:14.271 D/dalvikvm(15954): GC_CONCURRENT freed 3968K, 48% free 9228K/17584K, paused 1ms+1ms, total 5ms
02-03 12:46:14.271 D/dalvikvm(15954): WAIT_FOR_CONCURRENT_GC blocked 4ms
02-03 12:46:14.271 D/dalvikvm(15954): GC_CONCURRENT freed 4022K, 48% free 9232K/17584K, paused 1ms+1ms, total 5ms
02-03 12:46:14.271 D/dalvikvm(15954): WAIT_FOR_CONCURRENT_GC blocked 4ms
02-03 12:46:14.281 D/dalvikvm(15954): GC_CONCURRENT freed 4076K, 48% free 9237K/17584K, paused 0ms+0ms, total 5ms
02-03 12:46:14.281 D/dalvikvm(15954): WAIT_FOR_CONCURRENT_GC blocked 4ms
02-03 12:46:14.291 D/dalvikvm(15954): GC_FOR_ALLOC freed 3879K, 47% free 9320K/17584K, paused 5ms, total 5ms
02-03 12:46:14.301 D/dalvikvm(15954): GC_FOR_ALLOC freed 4182K, 48% free 9150K/17584K, paused 5ms, total 5ms
02-03 12:46:14.301 D/dalvikvm(15954): GC_CONCURRENT freed 3633K, 47% free 9491K/17584K, paused 1ms+1ms, total 8ms
02-03 12:46:14.301 D/dalvikvm(15954): WAIT_FOR_CONCURRENT_GC blocked 4ms
02-03 12:46:14.311 D/dalvikvm(15954): GC_FOR_ALLOC freed 4271K, 48% free 9148K/17584K, paused 4ms, total 4ms
02-03 12:46:14.321 D/dalvikvm(15954): GC_CONCURRENT freed 3975K, 48% free 9236K/17584K, paused 1ms+2ms, total 10ms
02-03 12:46:14.321 D/dalvikvm(15954): WAIT_FOR_CONCURRENT_GC blocked 9ms
02-03 12:46:14.331 D/dalvikvm(15954): GC_FOR_ALLOC freed 4106K, 48% free 9146K/17584K, paused 6ms, total 6ms
02-03 12:46:14.341 D/dalvikvm(15954): GC_FOR_ALLOC freed 3789K, 47% free 9325K/17584K, paused 4ms, total 4ms
02-03 12:46:14.351 D/dalvikvm(15954): GC_CONCURRENT freed 3652K, 45% free 9717K/17584K, paused 0ms+1ms, total 6ms
02-03 12:46:14.351 D/dalvikvm(15954): WAIT_FOR_CONCURRENT_GC blocked 3ms
02-03 12:46:14.361 D/dalvikvm(15954): GC_FOR_ALLOC freed 4502K, 49% free 9083K/17584K, paused 4ms, total 5ms
02-03 12:46:14.361 D/dalvikvm(15954): GC_FOR_ALLOC freed 3907K, 49% free 9080K/17584K, paused 4ms, total 4ms
02-03 12:46:14.371 D/dalvikvm(15954): GC_FOR_ALLOC freed 3944K, 49% free 9078K/17584K, paused 4ms, total 4ms
02-03 12:46:14.381 D/dalvikvm(15954): GC_CONCURRENT freed 3788K, 48% free 9270K/17584K, paused 0ms+1ms, total 5ms
02-03 12:46:14.381 D/dalvikvm(15954): WAIT_FOR_CONCURRENT_GC blocked 4ms
02-03 12:46:14.401 D/dalvikvm(15954): GC_CONCURRENT freed 4014K, 48% free 9273K/17584K, paused 0ms+0ms, total 14ms
02-03 12:46:14.401 D/dalvikvm(15954): WAIT_FOR_CONCURRENT_GC blocked 14ms
02-03 12:46:14.411 D/dalvikvm(15954): GC_FOR_ALLOC freed 4249K, 49% free 9080K/17584K, paused 5ms, total 5ms
02-03 12:46:14.411 I/dalvikvm(19493): Total arena pages for JIT: 11
02-03 12:46:14.411 I/dalvikvm(19493): Total arena pages for JIT: 12
02-03 12:46:14.411 I/dalvikvm(19493): Total arena pages for JIT: 13
02-03 12:46:14.411 I/dalvikvm(19493): Total arena pages for JIT: 14
02-03 12:46:14.411 I/dalvikvm(19493): Total arena pages for JIT: 15
02-03 12:46:14.421 D/dalvikvm(15954): GC_CONCURRENT freed 3805K, 47% free 9368K/17584K, paused 2ms+1ms, total 11ms
02-03 12:46:14.421 D/dalvikvm(15954): WAIT_FOR_CONCURRENT_GC blocked 5ms
02-03 12:46:14.421 D/AsusTelephonyManager(15052): getDefault
02-03 12:46:14.421 D/AsusTelephonyManager(15052): getDefault
02-03 12:46:14.421 D/AsusTelephonyManager(15052): getDefault
02-03 12:46:14.421 D/AsusTelephonyManager(15052): getDefault
02-03 12:46:14.421 D/AsusTelephonyManager(15052): getDefault
02-03 12:46:14.421 D/AsusTelephonyManager(15052): getDefault
02-03 12:46:14.421 D/SimCardContactsManager(15052): isSimEditable = false
02-03 12:46:14.421 D/AsusTelephonyManager(15052): getDefault
02-03 12:46:14.431 D/dalvikvm(15954): GC_FOR_ALLOC freed 3929K, 47% free 9370K/17584K, paused 5ms, total 5ms
02-03 12:46:14.431 D/AsusTelephonyManager(15052): getDefault
02-03 12:46:14.431 W/Settings(15052): Setting airplane_mode_on has moved from android.provider.Settings.System to android.provider.Settings.Global, returning read-only value.
02-03 12:46:14.431 D/SimCardContactsManager(15052): (getIccCardState) hasIccCard 1 = false
02-03 12:46:14.431 D/SimCardContactsManager(15052): (getIccCardState) isFlyMode 1 = false
02-03 12:46:14.431 D/SimCardContactsManager(15052): (getIccCardState) SimSerialNumber  1 is null
02-03 12:46:14.431 D/SimCardContactsManager(15052): (getIccCardState) ASUS_ICC_CARD_READY 1 = false
02-03 12:46:14.431 D/AsusTelephonyManager(15052): getDefault
02-03 12:46:14.431 D/SimCardContactsManager(15052): get asushadIccCard1 :false
02-03 12:46:14.431 D/AccountTypeManager(15052): 1 : getIccCardState(false)
02-03 12:46:14.431 D/AsusTelephonyManager(15052): getDefault
02-03 12:46:14.431 D/SimCardContactsManager(15052): get asushadIccCard1 :false
02-03 12:46:14.431 D/DialerDefaultTabReceiver(15052): updateSettingTable
02-03 12:46:14.441 D/dalvikvm(15954): GC_CONCURRENT freed 4165K, 48% free 9172K/17584K, paused 1ms+0ms, total 6ms
02-03 12:46:14.441 D/dalvikvm(15954): WAIT_FOR_CONCURRENT_GC blocked 4ms
02-03 12:46:14.441 D/dalvikvm(15954): GC_FOR_ALLOC freed 4003K, 49% free 9103K/17584K, paused 4ms, total 4ms
02-03 12:46:14.451 D/dalvikvm(15954): GC_CONCURRENT freed 3733K, 47% free 9402K/17584K, paused 1ms+1ms, total 6ms
02-03 12:46:14.461 D/AsusProfileAddEmail(15052): No profile, do not need to insert email
02-03 12:46:14.461 D/dalvikvm(15954): GC_FOR_ALLOC freed 4273K, 48% free 9199K/17584K, paused 4ms, total 5ms
02-03 12:46:14.461 D/SendBroadcastHandler(19704): startTimer() SEND_TO_CONTACTS_INSERT 
02-03 12:46:14.471 D/dalvikvm(15954): GC_FOR_ALLOC freed 4106K, 49% free 9096K/17584K, paused 4ms, total 5ms
02-03 12:46:14.481 D/dalvikvm(15954): GC_CONCURRENT freed 3521K, 46% free 9505K/17584K, paused 1ms+1ms, total 6ms
02-03 12:46:14.481 D/dalvikvm(15954): WAIT_FOR_CONCURRENT_GC blocked 2ms
02-03 12:46:14.491 D/dalvikvm(15954): GC_CONCURRENT freed 4272K, 48% free 9299K/17584K, paused 0ms+1ms, total 5ms
02-03 12:46:14.491 D/dalvikvm(15954): GC_FOR_ALLOC freed 4106K, 48% free 9194K/17584K, paused 5ms, total 5ms
02-03 12:46:14.491 D/CountryDetector(14542): The first listener is added
02-03 12:46:14.501 D/dalvikvm(15954): GC_CONCURRENT freed 0K, 26% free 13117K/17584K, paused 2ms+4ms, total 9ms
02-03 12:46:14.521 D/dalvikvm(15954): GC_FOR_ALLOC freed 5736K, 49% free 9087K/17584K, paused 16ms, total 17ms
02-03 12:46:14.531 D/dalvikvm(15954): GC_FOR_ALLOC freed 3752K, 49% free 9117K/17584K, paused 5ms, total 5ms
02-03 12:46:14.541 D/dalvikvm(15954): GC_FOR_ALLOC freed 3778K, 49% free 9114K/17584K, paused 5ms, total 5ms
02-03 12:46:14.551 D/dalvikvm(15954): GC_FOR_ALLOC freed 3805K, 49% free 9112K/17584K, paused 5ms, total 5ms
02-03 12:46:14.551 D/dalvikvm(15954): GC_FOR_ALLOC freed 3831K, 49% free 9109K/17584K, paused 5ms, total 5ms
02-03 12:46:14.561 D/dalvikvm(15954): GC_FOR_ALLOC freed 3857K, 49% free 9107K/17584K, paused 5ms, total 5ms
02-03 12:46:14.571 D/dalvikvm(15954): GC_FOR_ALLOC freed 3883K, 49% free 9104K/17584K, paused 4ms, total 4ms
02-03 12:46:14.581 D/dalvikvm(15954): GC_FOR_ALLOC freed 3909K, 49% free 9102K/17584K, paused 5ms, total 5ms
02-03 12:46:14.591 D/dalvikvm(15954): GC_FOR_ALLOC freed 3935K, 49% free 9131K/17584K, paused 5ms, total 5ms
02-03 12:46:14.591 D/dalvikvm(15954): GC_FOR_ALLOC freed 3961K, 49% free 9129K/17584K, paused 5ms, total 5ms
02-03 12:46:14.601 D/dalvikvm(15954): GC_CONCURRENT freed 3754K, 47% free 9358K/17584K, paused 1ms+1ms, total 5ms
02-03 12:46:14.611 D/dalvikvm(15954): GC_CONCURRENT freed 4016K, 47% free 9352K/17584K, paused 1ms+1ms, total 6ms
02-03 12:46:14.621 D/dalvikvm(15954): GC_FOR_ALLOC freed 4271K, 49% free 9121K/17584K, paused 4ms, total 5ms
02-03 12:46:14.621 D/dalvikvm(15954): GC_CONCURRENT freed 230K, 48% free 9237K/17584K, paused 0ms+1ms, total 5ms
02-03 12:46:14.631 D/dalvikvm(15954): GC_CONCURRENT freed 4068K, 48% free 9235K/17584K, paused 1ms+1ms, total 5ms
02-03 12:46:14.641 D/dalvikvm(15954): GC_FOR_ALLOC freed 3863K, 49% free 9116K/17584K, paused 5ms, total 5ms
02-03 12:46:14.651 D/dalvikvm(15954): GC_FOR_ALLOC freed 3530K, 47% free 9471K/17584K, paused 4ms, total 4ms
02-03 12:46:14.651 D/dalvikvm(15954): GC_FOR_ALLOC freed 4150K, 48% free 9234K/17584K, paused 5ms, total 5ms
02-03 12:46:14.661 D/dalvikvm(15954): GC_FOR_ALLOC freed 3941K, 48% free 9145K/17584K, paused 4ms, total 4ms
02-03 12:46:14.671 D/dalvikvm(15954): GC_FOR_ALLOC freed 3601K, 46% free 9507K/17584K, paused 5ms, total 5ms
02-03 12:46:14.681 D/dalvikvm(15954): GC_CONCURRENT freed 4232K, 48% free 9265K/17584K, paused 1ms+1ms, total 5ms
02-03 12:46:14.691 D/dalvikvm(15954): GC_FOR_ALLOC freed 4019K, 49% free 9142K/17584K, paused 5ms, total 5ms
02-03 12:46:14.691 D/dalvikvm(15954): GC_CONCURRENT freed 3671K, 46% free 9510K/17584K, paused 1ms+1ms, total 5ms
02-03 12:46:14.701 D/dalvikvm(15954): GC_CONCURRENT freed 4315K, 48% free 9264K/17584K, paused 1ms+1ms, total 5ms
02-03 12:46:14.701 D/dalvikvm(15954): WAIT_FOR_CONCURRENT_GC blocked 4ms
02-03 12:46:14.711 D/dalvikvm(15954): GC_CONCURRENT freed 3844K, 47% free 9391K/17584K, paused 0ms+0ms, total 5ms
02-03 12:46:14.711 D/dalvikvm(15954): WAIT_FOR_CONCURRENT_GC blocked 5ms
02-03 12:46:14.721 D/dalvikvm(15954): GC_FOR_ALLOC freed 3994K, 48% free 9264K/17584K, paused 5ms, total 5ms
02-03 12:46:14.721 D/dalvikvm(15954): GC_CONCURRENT freed 3891K, 47% free 9393K/17584K, paused 1ms+1ms, total 5ms
02-03 12:46:14.721 D/dalvikvm(15954): WAIT_FOR_CONCURRENT_GC blocked 4ms
02-03 12:46:14.731 D/dalvikvm(15954): GC_FOR_ALLOC freed 4043K, 48% free 9265K/17584K, paused 4ms, total 4ms
02-03 12:46:14.741 D/dalvikvm(15954): GC_CONCURRENT freed 3938K, 47% free 9395K/17584K, paused 0ms+1ms, total 5ms
02-03 12:46:14.741 D/dalvikvm(15954): WAIT_FOR_CONCURRENT_GC blocked 5ms
02-03 12:46:14.741 D/dalvikvm(15954): GC_FOR_ALLOC freed 4091K, 48% free 9265K/17584K, paused 4ms, total 4ms
02-03 12:46:14.751 D/dalvikvm(15954): GC_FOR_ALLOC freed 3596K, 46% free 9524K/17584K, paused 4ms, total 4ms
02-03 12:46:14.761 D/dalvikvm(15954): GC_FOR_ALLOC freed 4267K, 49% free 9137K/17584K, paused 4ms, total 4ms
02-03 12:46:14.771 D/dalvikvm(15954): GC_FOR_ALLOC freed 3897K, 48% free 9268K/17584K, paused 4ms, total 4ms
02-03 12:46:14.771 D/dalvikvm(15954): GC_CONCURRENT freed 3007K, 43% free 10181K/17584K, paused 1ms+1ms, total 7ms
02-03 12:46:14.771 D/dalvikvm(15954): WAIT_FOR_CONCURRENT_GC blocked 2ms
02-03 12:46:14.781 D/dalvikvm(15954): GC_FOR_ALLOC freed 4988K, 48% free 9169K/17584K, paused 4ms, total 4ms
02-03 12:46:14.791 D/dalvikvm(15954): GC_CONCURRENT freed 3041K, 42% free 10223K/17584K, paused 1ms+1ms, total 6ms
02-03 12:46:14.791 D/dalvikvm(15954): WAIT_FOR_CONCURRENT_GC blocked 2ms
02-03 12:46:14.791 D/dalvikvm(15954): GC_FOR_ALLOC freed 4638K, 46% free 9570K/17584K, paused 4ms, total 4ms
02-03 12:46:14.801 D/dalvikvm(15954): GC_CONCURRENT freed 3479K, 43% free 10100K/17584K, paused 1ms+1ms, total 8ms
02-03 12:46:14.801 D/dalvikvm(15954): WAIT_FOR_CONCURRENT_GC blocked 3ms
02-03 12:46:14.811 D/dalvikvm(15954): GC_FOR_ALLOC freed 4689K, 48% free 9171K/17584K, paused 5ms, total 5ms
02-03 12:46:14.821 D/dalvikvm(15954): GC_FOR_ALLOC freed 3778K, 48% free 9172K/17584K, paused 4ms, total 4ms
02-03 12:46:14.821 D/dalvikvm(15954): GC_FOR_ALLOC freed 3797K, 48% free 9174K/17584K, paused 4ms, total 5ms
02-03 12:46:14.831 D/dalvikvm(15954): GC_FOR_ALLOC freed 3816K, 48% free 9175K/17584K, paused 4ms, total 4ms
02-03 12:46:14.841 D/dalvikvm(15954): GC_FOR_ALLOC freed 3835K, 48% free 9176K/17584K, paused 5ms, total 5ms
02-03 12:46:14.851 D/dalvikvm(15954): GC_FOR_ALLOC freed 3853K, 48% free 9178K/17584K, paused 4ms, total 5ms
02-03 12:46:14.851 D/dalvikvm(15954): GC_FOR_ALLOC freed 3872K, 48% free 9179K/17584K, paused 4ms, total 4ms
02-03 12:46:14.861 D/dalvikvm(15954): GC_FOR_ALLOC freed 3891K, 48% free 9180K/17584K, paused 5ms, total 5ms
02-03 12:46:14.871 D/dalvikvm(15954): GC_FOR_ALLOC freed 3910K, 48% free 9182K/17584K, paused 4ms, total 5ms
02-03 12:46:14.881 D/dalvikvm(15954): GC_FOR_ALLOC freed 3929K, 48% free 9183K/17584K, paused 5ms, total 5ms
02-03 12:46:14.881 D/dalvikvm(15954): GC_FOR_ALLOC freed 3947K, 48% free 9184K/17584K, paused 4ms, total 4ms
02-03 12:46:14.891 D/dalvikvm(15954): GC_CONCURRENT freed 3682K, 47% free 9469K/17584K, paused 0ms+1ms, total 5ms
02-03 12:46:14.891 D/dalvikvm(15954): WAIT_FOR_CONCURRENT_GC blocked 3ms
02-03 12:46:14.901 D/dalvikvm(15954): GC_CONCURRENT freed 3984K, 47% free 9472K/17584K, paused 1ms+1ms, total 5ms
02-03 12:46:14.901 D/dalvikvm(15954): WAIT_FOR_CONCURRENT_GC blocked 4ms
02-03 12:46:14.911 D/dalvikvm(15954): GC_CONCURRENT freed 4003K, 47% free 9474K/17584K, paused 1ms+1ms, total 5ms
02-03 12:46:14.911 D/dalvikvm(15954): WAIT_FOR_CONCURRENT_GC blocked 4ms
02-03 12:46:14.921 D/dalvikvm(15954): GC_CONCURRENT freed 4021K, 47% free 9477K/17584K, paused 1ms+1ms, total 5ms
02-03 12:46:14.921 D/dalvikvm(15954): WAIT_FOR_CONCURRENT_GC blocked 4ms
02-03 12:46:14.931 D/dalvikvm(15954): GC_CONCURRENT freed 4040K, 47% free 9480K/17584K, paused 1ms+0ms, total 6ms
02-03 12:46:14.931 D/dalvikvm(15954): WAIT_FOR_CONCURRENT_GC blocked 5ms
02-03 12:46:14.931 D/dalvikvm(15954): GC_CONCURRENT freed 4059K, 47% free 9483K/17584K, paused 0ms+1ms, total 5ms
02-03 12:46:14.931 D/dalvikvm(15954): WAIT_FOR_CONCURRENT_GC blocked 4ms
02-03 12:46:14.941 D/dalvikvm(15954): GC_CONCURRENT freed 4078K, 47% free 9485K/17584K, paused 0ms+1ms, total 5ms
02-03 12:46:14.941 D/dalvikvm(15954): WAIT_FOR_CONCURRENT_GC blocked 4ms
02-03 12:46:14.951 D/dalvikvm(15954): GC_FOR_ALLOC freed 3660K, 46% free 9629K/17584K, paused 4ms, total 4ms
02-03 12:46:14.961 D/dalvikvm(15954): GC_FOR_ALLOC freed 4113K, 47% free 9339K/17584K, paused 4ms, total 4ms
02-03 12:46:14.961 D/dalvikvm(15954): GC_FOR_ALLOC freed 3837K, 48% free 9194K/17584K, paused 4ms, total 4ms
02-03 12:46:14.971 D/dalvikvm(15954): GC_FOR_ALLOC freed 3407K, 46% free 9639K/17584K, paused 4ms, total 4ms
02-03 12:46:14.981 D/dalvikvm(15954): GC_FOR_ALLOC freed 4165K, 47% free 9344K/17584K, paused 4ms, total 4ms
02-03 12:46:14.981 D/dalvikvm(15954): GC_FOR_ALLOC freed 3885K, 48% free 9197K/17584K, paused 4ms, total 4ms
02-03 12:46:14.991 D/dalvikvm(15954): GC_FOR_ALLOC freed 3449K, 46% free 9648K/17584K, paused 4ms, total 4ms
02-03 12:46:15.001 D/dalvikvm(15954): GC_FOR_ALLOC freed 4217K, 47% free 9350K/17584K, paused 4ms, total 4ms
