--------- beginning of /dev/log/main
02-03 12:49:28.441 D/dalvikvm(15954): GC_CONCURRENT freed 4033K, 47% free 9311K/17496K, paused 1ms+1ms, total 5ms
02-03 12:49:28.441 D/dalvikvm(15954): WAIT_FOR_CONCURRENT_GC blocked 3ms
02-03 12:49:28.441 D/dalvikvm(15954): GC_FOR_ALLOC freed 4264K, 48% free 9120K/17496K, paused 4ms, total 4ms
02-03 12:49:28.451 D/dalvikvm(15954): GC_CONCURRENT freed 2938K, 43% free 10096K/17496K, paused 1ms+1ms, total 6ms
02-03 12:49:28.451 D/dalvikvm(15954): WAIT_FOR_CONCURRENT_GC blocked 2ms
02-03 12:49:28.461 D/dalvikvm(15954): GC_FOR_ALLOC freed 4824K, 48% free 9222K/17496K, paused 5ms, total 5ms
02-03 12:49:28.461 D/dalvikvm(15954): GC_FOR_ALLOC freed 3981K, 48% free 9125K/17496K, paused 5ms, total 5ms
02-03 12:49:28.471 D/dalvikvm(15954): GC_FOR_ALLOC freed 3712K, 47% free 9428K/17496K, paused 5ms, total 5ms
02-03 12:49:28.481 D/dalvikvm(15954): GC_CONCURRENT freed 3546K, 44% free 9933K/17496K, paused 1ms+1ms, total 7ms
02-03 12:49:28.481 D/dalvikvm(15954): WAIT_FOR_CONCURRENT_GC blocked 2ms
02-03 12:49:28.481 D/dalvikvm(15954): GC_FOR_ALLOC freed 4274K, 47% free 9436K/17496K, paused 4ms, total 4ms
02-03 12:49:28.491 D/dalvikvm(15954): GC_FOR_ALLOC freed 4115K, 48% free 9132K/17496K, paused 4ms, total 4ms
02-03 12:49:28.501 D/dalvikvm(15954): GC_FOR_ALLOC freed 3837K, 48% free 9237K/17496K, paused 4ms, total 4ms
02-03 12:49:28.511 D/dalvikvm(15954): GC_CONCURRENT freed 3974K, 47% free 9345K/17496K, paused 0ms+1ms, total 5ms
02-03 12:49:28.511 D/dalvikvm(15954): WAIT_FOR_CONCURRENT_GC blocked 5ms
02-03 12:49:28.511 D/dalvikvm(15954): GC_FOR_ALLOC freed 4112K, 48% free 9242K/17496K, paused 5ms, total 5ms
02-03 12:49:28.521 D/dalvikvm(15954): GC_CONCURRENT freed 2981K, 42% free 10195K/17496K, paused 1ms+1ms, total 6ms
02-03 12:49:28.521 D/dalvikvm(15954): WAIT_FOR_CONCURRENT_GC blocked 2ms
02-03 12:49:28.531 D/dalvikvm(15954): GC_FOR_ALLOC freed 4268K, 48% free 9140K/17496K, paused 4ms, total 5ms
02-03 12:49:28.531 D/dalvikvm(15954): GC_FOR_ALLOC freed 3985K, 48% free 9249K/17496K, paused 4ms, total 5ms
02-03 12:49:28.541 D/dalvikvm(15954): GC_CONCURRENT freed 3367K, 44% free 9898K/17496K, paused 0ms+1ms, total 6ms
02-03 12:49:28.541 D/dalvikvm(15954): WAIT_FOR_CONCURRENT_GC blocked 2ms
02-03 12:49:28.551 D/dalvikvm(15954): GC_CONCURRENT freed 4583K, 47% free 9364K/17496K, paused 0ms+1ms, total 4ms
02-03 12:49:28.551 D/dalvikvm(15954): WAIT_FOR_CONCURRENT_GC blocked 5ms
02-03 12:49:28.551 D/dalvikvm(15954): GC_FOR_ALLOC freed 4072K, 48% free 9146K/17496K, paused 4ms, total 4ms
02-03 12:49:28.561 D/dalvikvm(15954): GC_FOR_ALLOC freed 3879K, 48% free 9148K/17496K, paused 4ms, total 4ms
02-03 12:49:28.571 D/dalvikvm(15954): GC_FOR_ALLOC freed 3905K, 48% free 9149K/17496K, paused 4ms, total 4ms
02-03 12:49:28.571 D/dalvikvm(15954): GC_FOR_ALLOC freed 3931K, 48% free 9151K/17496K, paused 5ms, total 5ms
02-03 12:49:28.581 D/dalvikvm(15954): GC_FOR_ALLOC freed 3957K, 48% free 9152K/17496K, paused 4ms, total 4ms
02-03 12:49:28.591 D/dalvikvm(15954): GC_CONCURRENT freed 3756K, 47% free 9382K/17496K, paused 0ms+1ms, total 5ms
02-03 12:49:28.591 D/dalvikvm(15954): WAIT_FOR_CONCURRENT_GC blocked 4ms
02-03 12:49:28.601 D/dalvikvm(15954): GC_CONCURRENT freed 4008K, 47% free 9385K/17496K, paused 0ms+1ms, total 5ms
02-03 12:49:28.601 D/dalvikvm(15954): WAIT_FOR_CONCURRENT_GC blocked 4ms
02-03 12:49:28.601 D/dalvikvm(15954): GC_CONCURRENT freed 4035K, 47% free 9388K/17496K, paused 1ms+1ms, total 5ms
02-03 12:49:28.601 D/dalvikvm(15954): WAIT_FOR_CONCURRENT_GC blocked 4ms
02-03 12:49:28.611 D/dalvikvm(15954): GC_CONCURRENT freed 4061K, 47% free 9391K/17496K, paused 0ms+0ms, total 5ms
02-03 12:49:28.611 D/dalvikvm(15954): WAIT_FOR_CONCURRENT_GC blocked 4ms
02-03 12:49:28.621 D/dalvikvm(15954): GC_CONCURRENT freed 4090K, 47% free 9394K/17496K, paused 0ms+1ms, total 4ms
02-03 12:49:28.621 D/dalvikvm(15954): WAIT_FOR_CONCURRENT_GC blocked 5ms
02-03 12:49:28.631 D/dalvikvm(15954): GC_FOR_ALLOC freed 3764K, 46% free 9515K/17496K, paused 4ms, total 4ms
02-03 12:49:28.641 D/dalvikvm(15954): GC_FOR_ALLOC freed 4146K, 47% free 9281K/17496K, paused 7ms, total 7ms
02-03 12:49:28.641 D/dalvikvm(15954): GC_FOR_ALLOC freed 3937K, 48% free 9165K/17496K, paused 4ms, total 4ms
02-03 12:49:28.651 D/dalvikvm(15954): GC_FOR_ALLOC freed 3601K, 46% free 9526K/17496K, paused 4ms, total 4ms
02-03 12:49:28.661 D/dalvikvm(15954): GC_FOR_ALLOC freed 4229K, 47% free 9288K/17496K, paused 4ms, total 4ms
02-03 12:49:28.661 D/dalvikvm(15954): GC_CONCURRENT freed 3409K, 45% free 9774K/17496K, paused 1ms+1ms, total 6ms
02-03 12:49:28.661 D/dalvikvm(15954): WAIT_FOR_CONCURRENT_GC blocked 2ms
02-03 12:49:28.671 D/dalvikvm(15954): GC_FOR_ALLOC freed 4031K, 48% free 9171K/17496K, paused 5ms, total 5ms
02-03 12:49:28.681 D/dalvikvm(15954): GC_FOR_ALLOC freed 3691K, 46% free 9541K/17496K, paused 4ms, total 4ms
02-03 12:49:28.691 D/dalvikvm(15954): GC_CONCURRENT freed 3472K, 42% free 10160K/17496K, paused 1ms+2ms, total 7ms
02-03 12:49:28.691 D/dalvikvm(15954): WAIT_FOR_CONCURRENT_GC blocked 2ms
02-03 12:49:28.691 D/dalvikvm(15954): GC_FOR_ALLOC freed 4102K, 48% free 9175K/17496K, paused 4ms, total 4ms
02-03 12:49:28.701 D/dalvikvm(15954): GC_FOR_ALLOC freed 3757K, 47% free 9302K/17496K, paused 4ms, total 4ms
02-03 12:49:28.711 D/dalvikvm(15954): GC_CONCURRENT freed 3906K, 47% free 9431K/17496K, paused 0ms+1ms, total 5ms
02-03 12:49:28.711 D/dalvikvm(15954): WAIT_FOR_CONCURRENT_GC blocked 5ms
02-03 12:49:28.711 D/dalvikvm(15954): GC_FOR_ALLOC freed 4055K, 47% free 9306K/17496K, paused 4ms, total 5ms
02-03 12:49:28.721 D/dalvikvm(15954): GC_CONCURRENT freed 3953K, 47% free 9437K/17496K, paused 1ms+1ms, total 5ms
02-03 12:49:28.721 D/dalvikvm(15954): WAIT_FOR_CONCURRENT_GC blocked 4ms
02-03 12:49:28.731 D/dalvikvm(15954): GC_CONCURRENT freed 4102K, 47% free 9311K/17496K, paused 1ms+0ms, total 5ms
02-03 12:49:28.731 D/dalvikvm(15954): WAIT_FOR_CONCURRENT_GC blocked 4ms
02-03 12:49:28.741 D/dalvikvm(15954): GC_FOR_ALLOC freed 3610K, 46% free 9571K/17496K, paused 4ms, total 5ms
02-03 12:49:28.741 D/dalvikvm(15954): GC_FOR_ALLOC freed 4279K, 48% free 9186K/17496K, paused 4ms, total 4ms
02-03 12:49:28.751 D/dalvikvm(15954): GC_FOR_ALLOC freed 3912K, 47% free 9317K/17496K, paused 4ms, total 4ms
02-03 12:49:28.761 D/dalvikvm(15954): GC_CONCURRENT freed 3018K, 42% free 10234K/17496K, paused 1ms+2ms, total 7ms
02-03 12:49:28.761 D/dalvikvm(15954): WAIT_FOR_CONCURRENT_GC blocked 3ms
02-03 12:49:28.761 D/dalvikvm(15954): GC_FOR_ALLOC freed 4342K, 47% free 9321K/17496K, paused 4ms, total 4ms
02-03 12:49:28.771 D/dalvikvm(15954): GC_CONCURRENT freed 3708K, 46% free 9588K/17496K, paused 0ms+1ms, total 5ms
02-03 12:49:28.771 D/dalvikvm(15954): WAIT_FOR_CONCURRENT_GC blocked 4ms
02-03 12:49:28.781 D/dalvikvm(15954): GC_CONCURRENT freed 4128K, 46% free 9459K/17496K, paused 0ms+0ms, total 5ms
02-03 12:49:28.781 D/dalvikvm(15954): WAIT_FOR_CONCURRENT_GC blocked 5ms
02-03 12:49:28.791 D/dalvikvm(15954): GC_FOR_ALLOC freed 4015K, 48% free 9194K/17496K, paused 5ms, total 5ms
02-03 12:49:28.791 D/dalvikvm(15954): GC_FOR_ALLOC freed 3768K, 48% free 9195K/17496K, paused 4ms, total 4ms
02-03 12:49:28.801 D/dalvikvm(15954): GC_FOR_ALLOC freed 3787K, 48% free 9197K/17496K, paused 4ms, total 4ms
02-03 12:49:28.801 D/dalvikvm(15954): GC_FOR_ALLOC freed 3806K, 48% free 9198K/17496K, paused 4ms, total 4ms
02-03 12:49:28.811 D/dalvikvm(15954): GC_FOR_ALLOC freed 3825K, 48% free 9200K/17496K, paused 4ms, total 4ms
02-03 12:49:28.821 D/dalvikvm(15954): GC_FOR_ALLOC freed 3844K, 48% free 9201K/17496K, paused 5ms, total 5ms
02-03 12:49:28.821 D/dalvikvm(15954): GC_FOR_ALLOC freed 3863K, 48% free 9202K/17496K, paused 4ms, total 4ms
02-03 12:49:28.831 D/dalvikvm(15954): GC_FOR_ALLOC freed 3882K, 48% free 9204K/17496K, paused 4ms, total 4ms
02-03 12:49:28.841 D/dalvikvm(15954): GC_FOR_ALLOC freed 3900K, 48% free 9205K/17496K, paused 5ms, total 5ms
02-03 12:49:28.851 D/dalvikvm(15954): GC_FOR_ALLOC freed 3919K, 48% free 9206K/17496K, paused 4ms, total 4ms
02-03 12:49:28.851 D/dalvikvm(15954): GC_FOR_ALLOC freed 3938K, 48% free 9208K/17496K, paused 4ms, total 4ms
02-03 12:49:28.861 D/dalvikvm(15954): GC_FOR_ALLOC freed 3957K, 48% free 9209K/17496K, paused 5ms, total 5ms
02-03 12:49:28.871 D/dalvikvm(15954): GC_CONCURRENT freed 3692K, 46% free 9494K/17496K, paused 1ms+1ms, total 5ms
02-03 12:49:28.871 D/dalvikvm(15954): WAIT_FOR_CONCURRENT_GC blocked 4ms
02-03 12:49:28.871 D/dalvikvm(15954): GC_CONCURRENT freed 3992K, 46% free 9498K/17496K, paused 0ms+1ms, total 4ms
02-03 12:49:28.881 D/dalvikvm(15954): WAIT_FOR_CONCURRENT_GC blocked 5ms
02-03 12:49:28.881 D/dalvikvm(15954): GC_CONCURRENT freed 4013K, 46% free 9500K/17496K, paused 1ms+1ms, total 5ms
02-03 12:49:28.881 D/dalvikvm(15954): WAIT_FOR_CONCURRENT_GC blocked 4ms
02-03 12:49:28.891 D/dalvikvm(15954): GC_CONCURRENT freed 4031K, 46% free 9502K/17496K, paused 1ms+1ms, total 5ms
02-03 12:49:28.891 D/dalvikvm(15954): WAIT_FOR_CONCURRENT_GC blocked 4ms
02-03 12:49:28.901 D/dalvikvm(15954): GC_CONCURRENT freed 4050K, 46% free 9505K/17496K, paused 0ms+1ms, total 5ms
02-03 12:49:28.901 D/dalvikvm(15954): WAIT_FOR_CONCURRENT_GC blocked 4ms
02-03 12:49:28.911 D/dalvikvm(15954): GC_CONCURRENT freed 4068K, 46% free 9508K/17496K, paused 0ms+1ms, total 4ms
02-03 12:49:28.911 D/dalvikvm(15954): WAIT_FOR_CONCURRENT_GC blocked 5ms
02-03 12:49:28.911 D/dalvikvm(15954): GC_CONCURRENT freed 4087K, 46% free 9510K/17496K, paused 1ms+1ms, total 5ms
02-03 12:49:28.911 D/dalvikvm(15954): WAIT_FOR_CONCURRENT_GC blocked 4ms
02-03 12:49:28.921 D/dalvikvm(15954): GC_FOR_ALLOC freed 3664K, 45% free 9659K/17496K, paused 5ms, total 5ms
02-03 12:49:28.931 D/dalvikvm(15954): GC_FOR_ALLOC freed 4123K, 47% free 9367K/17496K, paused 4ms, total 4ms
02-03 12:49:28.941 D/dalvikvm(15954): GC_FOR_ALLOC freed 3845K, 48% free 9222K/17496K, paused 4ms, total 4ms
02-03 12:49:28.941 D/dalvikvm(15954): GC_FOR_ALLOC freed 3415K, 45% free 9668K/17496K, paused 4ms, total 4ms
02-03 12:49:28.951 D/dalvikvm(15954): GC_FOR_ALLOC freed 4174K, 47% free 9373K/17496K, paused 5ms, total 5ms
02-03 12:49:28.961 D/dalvikvm(15954): GC_FOR_ALLOC freed 3893K, 48% free 9226K/17496K, paused 4ms, total 4ms
02-03 12:49:28.961 D/dalvikvm(15954): GC_FOR_ALLOC freed 3457K, 45% free 9677K/17496K, paused 4ms, total 4ms
02-03 12:49:28.971 D/dalvikvm(15954): GC_FOR_ALLOC freed 4226K, 47% free 9379K/17496K, paused 4ms, total 4ms
02-03 12:49:28.981 D/dalvikvm(15954): GC_FOR_ALLOC freed 3941K, 48% free 9229K/17496K, paused 5ms, total 5ms
02-03 12:49:28.981 D/dalvikvm(15954): GC_FOR_ALLOC freed 3500K, 45% free 9687K/17496K, paused 5ms, total 5ms
02-03 12:49:28.991 D/dalvikvm(15954): GC_CONCURRENT freed 4278K, 47% free 9385K/17496K, paused 1ms+1ms, total 5ms
02-03 12:49:28.991 D/dalvikvm(15954): WAIT_FOR_CONCURRENT_GC blocked 4ms
02-03 12:49:29.001 D/dalvikvm(15954): GC_FOR_ALLOC freed 3990K, 48% free 9233K/17496K, paused 4ms, total 4ms
02-03 12:49:29.011 D/dalvikvm(15954): GC_CONCURRENT freed 3542K, 45% free 9696K/17496K, paused 0ms+1ms, total 5ms
02-03 12:49:29.011 D/dalvikvm(15954): WAIT_FOR_CONCURRENT_GC blocked 5ms
02-03 12:49:29.011 D/dalvikvm(15954): GC_CONCURRENT freed 4329K, 47% free 9390K/17496K, paused 1ms+1ms, total 5ms
02-03 12:49:29.011 D/dalvikvm(15954): WAIT_FOR_CONCURRENT_GC blocked 4ms
02-03 12:49:29.021 D/dalvikvm(15954): GC_FOR_ALLOC freed 4038K, 48% free 9237K/17496K, paused 4ms, total 4ms
02-03 12:49:29.031 D/dalvikvm(15954): GC_CONCURRENT freed 3585K, 45% free 9705K/17496K, paused 1ms+1ms, total 6ms
02-03 12:49:29.031 D/dalvikvm(15954): WAIT_FOR_CONCURRENT_GC blocked 5ms
02-03 12:49:29.041 D/dalvikvm(15954): GC_CONCURRENT freed 4381K, 47% free 9396K/17496K, paused 0ms+0ms, total 5ms
02-03 12:49:29.041 D/dalvikvm(15954): WAIT_FOR_CONCURRENT_GC blocked 5ms
02-03 12:49:29.041 D/dalvikvm(15954): GC_FOR_ALLOC freed 4086K, 48% free 9240K/17496K, paused 5ms, total 5ms
02-03 12:49:29.051 D/dalvikvm(15954): GC_FOR_ALLOC freed 3627K, 47% free 9399K/17496K, paused 4ms, total 4ms
02-03 12:49:29.061 D/dalvikvm(15954): GC_FOR_ALLOC freed 4116K, 48% free 9243K/17496K, paused 4ms, total 4ms
02-03 12:49:29.061 D/dalvikvm(15954): GC_FOR_ALLOC freed 3654K, 47% free 9402K/17496K, paused 4ms, total 4ms
02-03 12:49:29.071 D/dalvikvm(15954): GC_CONCURRENT freed 3828K, 46% free 9564K/17496K, paused 1ms+1ms, total 7ms
02-03 12:49:29.071 D/dalvikvm(15954): WAIT_FOR_CONCURRENT_GC blocked 6ms
02-03 12:49:29.081 D/dalvikvm(15954): GC_FOR_ALLOC freed 4001K, 47% free 9406K/17496K, paused 5ms, total 5ms
02-03 12:49:29.091 D/dalvikvm(15954): GC_CONCURRENT freed 3858K, 46% free 9569K/17496K, paused 1ms+1ms, total 5ms
02-03 12:49:29.091 D/dalvikvm(15954): WAIT_FOR_CONCURRENT_GC blocked 4ms
02-03 12:49:29.101 D/dalvikvm(15954): GC_FOR_ALLOC freed 4031K, 47% free 9409K/17496K, paused 4ms, total 4ms
02-03 12:49:29.101 D/dalvikvm(15954): GC_CONCURRENT freed 3887K, 46% free 9574K/17496K, paused 0ms+0ms, total 5ms
02-03 12:49:29.101 D/dalvikvm(15954): WAIT_FOR_CONCURRENT_GC blocked 5ms
02-03 12:49:29.111 D/dalvikvm(15954): GC_FOR_ALLOC freed 4061K, 47% free 9413K/17496K, paused 4ms, total 4ms
02-03 12:49:29.121 D/dalvikvm(15954): GC_CONCURRENT freed 3916K, 46% free 9579K/17496K, paused 1ms+1ms, total 5ms
02-03 12:49:29.121 D/dalvikvm(15954): WAIT_FOR_CONCURRENT_GC blocked 4ms
02-03 12:49:29.121 D/dalvikvm(15954): GC_FOR_ALLOC freed 4094K, 47% free 9417K/17496K, paused 4ms, total 4ms
02-03 12:49:29.131 D/dalvikvm(15954): GC_FOR_ALLOC freed 3452K, 45% free 9748K/17496K, paused 4ms, total 4ms
02-03 12:49:29.141 D/dalvikvm(15954): GC_FOR_ALLOC freed 4290K, 48% free 9256K/17496K, paused 4ms, total 5ms
02-03 12:49:29.151 D/dalvikvm(15954): GC_CONCURRENT freed 3808K, 47% free 9423K/17496K, paused 1ms+1ms, total 5ms
02-03 12:49:29.151 D/dalvikvm(15954): WAIT_FOR_CONCURRENT_GC blocked 4ms
02-03 12:49:29.151 D/dalvikvm(15954): GC_FOR_ALLOC freed 3487K, 45% free 9756K/17496K, paused 4ms, total 4ms
02-03 12:49:29.161 D/dalvikvm(15954): GC_FOR_ALLOC freed 4331K, 48% free 9259K/17496K, paused 4ms, total 4ms
02-03 12:49:29.171 D/dalvikvm(15954): GC_CONCURRENT freed 3842K, 47% free 9427K/17496K, paused 1ms+1ms, total 5ms
02-03 12:49:29.171 D/dalvikvm(15954): WAIT_FOR_CONCURRENT_GC blocked 4ms
02-03 12:49:29.171 D/dalvikvm(15954): GC_FOR_ALLOC freed 3519K, 45% free 9763K/17496K, paused 4ms, total 4ms
02-03 12:49:29.181 D/dalvikvm(15954): GC_FOR_ALLOC freed 4370K, 48% free 9262K/17496K, paused 4ms, total 4ms
02-03 12:49:29.191 D/dalvikvm(15954): GC_CONCURRENT freed 3876K, 47% free 9432K/17496K, paused 1ms+1ms, total 5ms
02-03 12:49:29.191 D/dalvikvm(15954): WAIT_FOR_CONCURRENT_GC blocked 3ms
02-03 12:49:29.201 D/dalvikvm(15954): GC_FOR_ALLOC freed 3552K, 45% free 9771K/17496K, paused 4ms, total 4ms
02-03 12:49:29.201 D/dalvikvm(15954): GC_FOR_ALLOC freed 4415K, 48% free 9266K/17496K, paused 4ms, total 4ms
02-03 12:49:29.211 D/dalvikvm(15954): GC_CONCURRENT freed 3919K, 47% free 9437K/17496K, paused 1ms+1ms, total 5ms
02-03 12:49:29.211 D/dalvikvm(15954): WAIT_FOR_CONCURRENT_GC blocked 4ms
02-03 12:49:29.221 D/dalvikvm(15954): GC_FOR_ALLOC freed 3590K, 45% free 9780K/17496K, paused 4ms, total 4ms
02-03 12:49:29.231 D/dalvikvm(15954): GC_FOR_ALLOC freed 4459K, 48% free 9269K/17496K, paused 4ms, total 4ms
02-03 12:49:29.231 D/dalvikvm(15954): GC_FOR_ALLOC freed 3612K, 48% free 9270K/17496K, paused 4ms, total 4ms
02-03 12:49:29.241 D/dalvikvm(15954): GC_CONCURRENT freed 3657K, 46% free 9615K/17496K, paused 0ms+0ms, total 5ms
02-03 12:49:29.241 D/dalvikvm(15954): WAIT_FOR_CONCURRENT_GC blocked 5ms
02-03 12:49:29.251 D/dalvikvm(15954): GC_CONCURRENT freed 3819K, 44% free 9833K/17496K, paused 1ms+1ms, total 5ms
02-03 12:49:29.251 D/dalvikvm(15954): WAIT_FOR_CONCURRENT_GC blocked 4ms
02-03 12:49:29.261 D/dalvikvm(15954): GC_FOR_ALLOC freed 3458K, 47% free 9296K/17496K, paused 5ms, total 5ms
02-03 12:49:29.271 D/dalvikvm(15954): GC_FOR_ALLOC freed 3982K, 52% free 8421K/17496K, paused 4ms, total 4ms
02-03 12:49:29.291 D/dalvikvm(15954): GC_CONCURRENT freed 3335K, 48% free 9150K/17496K, paused 1ms+1ms, total 4ms
02-03 12:49:29.351 D/dalvikvm(15954): GC_CONCURRENT freed 4250K, 49% free 8969K/17496K, paused 1ms+1ms, total 7ms
02-03 12:49:29.351 D/dalvikvm(15954): WAIT_FOR_CONCURRENT_GC blocked 6ms
02-03 12:49:29.361 D/dalvikvm(15954): GC_CONCURRENT freed 3993K, 49% free 8983K/17496K, paused 0ms+1ms, total 5ms
02-03 12:49:29.371 D/dalvikvm(15954): GC_CONCURRENT freed 3995K, 49% free 9083K/17496K, paused 1ms+1ms, total 5ms
02-03 12:49:29.371 D/dalvikvm(15954): WAIT_FOR_CONCURRENT_GC blocked 5ms
02-03 12:49:29.381 D/dalvikvm(15954): GC_CONCURRENT freed 4149K, 49% free 9030K/17496K, paused 1ms+1ms, total 5ms
02-03 12:49:29.381 D/dalvikvm(15954): WAIT_FOR_CONCURRENT_GC blocked 4ms
02-03 12:49:29.391 D/dalvikvm(15954): GC_CONCURRENT freed 4097K, 49% free 9013K/17496K, paused 0ms+1ms, total 5ms
02-03 12:49:29.391 D/dalvikvm(15954): WAIT_FOR_CONCURRENT_GC blocked 5ms
02-03 12:49:29.401 D/dalvikvm(15954): GC_CONCURRENT freed 4054K, 49% free 9048K/17496K, paused 1ms+1ms, total 5ms
02-03 12:49:29.401 D/dalvikvm(15954): WAIT_FOR_CONCURRENT_GC blocked 4ms
02-03 12:49:29.401 D/dalvikvm(15954): GC_FOR_ALLOC freed 4085K, 49% free 9016K/17496K, paused 5ms, total 5ms
02-03 12:49:29.411 D/wpa_supplicant(14816): wlan0: Starting AP scan for wildcard SSID
02-03 12:49:29.411 D/wpa_supplicant(14816): WPS: Building WPS IE for Probe Request
02-03 12:49:29.411 D/wpa_supplicant(14816): WPS:  * Version (hardcoded 0x10)
02-03 12:49:29.411 D/wpa_supplicant(14816): WPS:  * Request Type
02-03 12:49:29.411 D/wpa_supplicant(14816): WPS:  * Config Methods (4288)
02-03 12:49:29.411 D/wpa_supplicant(14816): WPS:  * UUID-E
02-03 12:49:29.411 D/wpa_supplicant(14816): WPS:  * Primary Device Type
02-03 12:49:29.411 D/wpa_supplicant(14816): WPS:  * RF Bands (1)
02-03 12:49:29.411 D/wpa_supplicant(14816): WPS:  * Association State
02-03 12:49:29.411 D/wpa_supplicant(14816): WPS:  * Configuration Error (0)
02-03 12:49:29.411 D/wpa_supplicant(14816): WPS:  * Device Password ID (0)
02-03 12:49:29.411 D/wpa_supplicant(14816): WPS:  * Manufacturer
02-03 12:49:29.411 D/wpa_supplicant(14816): WPS:  * Model Name
02-03 12:49:29.411 D/wpa_supplicant(14816): WPS:  * Model Number
02-03 12:49:29.411 D/wpa_supplicant(14816): WPS:  * Device Name
02-03 12:49:29.411 D/wpa_supplicant(14816): WPS:  * Version2 (0x20)
02-03 12:49:29.411 D/wpa_supplicant(14816): P2P: * P2P IE header
02-03 12:49:29.411 D/wpa_supplicant(14816): P2P: * Capability dev=25 group=00
02-03 12:49:29.411 D/wpa_supplicant(14816): P2P: * Listen Channel: Regulatory Class 81 Channel 6
02-03 12:49:29.411 D/wpa_supplicant(14816): wlan0: nl80211: scan request
02-03 12:49:29.411 D/dalvikvm(15954): GC_CONCURRENT freed 3831K, 47% free 9445K/17496K, paused 1ms+1ms, total 6ms
02-03 12:49:29.421 D/dalvikvm(15954): GC_CONCURRENT freed 4441K, 49% free 9093K/17496K, paused 0ms+0ms, total 5ms
02-03 12:49:29.421 D/dalvikvm(15954): WAIT_FOR_CONCURRENT_GC blocked 5ms
02-03 12:49:29.431 D/dalvikvm(15954): GC_CONCURRENT freed 4080K, 49% free 9059K/17496K, paused 1ms+1ms, total 6ms
02-03 12:49:29.431 D/dalvikvm(15954): WAIT_FOR_CONCURRENT_GC blocked 5ms
02-03 12:49:29.441 D/dalvikvm(15954): GC_CONCURRENT freed 4048K, 49% free 9047K/17496K, paused 1ms+1ms, total 6ms
02-03 12:49:29.441 D/dalvikvm(15954): WAIT_FOR_CONCURRENT_GC blocked 5ms
02-03 12:49:29.441 D/dalvikvm(15954): GC_FOR_ALLOC freed 4060K, 49% free 9045K/17496K, paused 4ms, total 4ms
02-03 12:49:29.451 D/dalvikvm(15954): GC_CONCURRENT freed 3916K, 48% free 9222K/17496K, paused 1ms+1ms, total 7ms
02-03 12:49:29.451 D/dalvikvm(15954): WAIT_FOR_CONCURRENT_GC blocked 2ms
02-03 12:49:29.461 D/dalvikvm(15954): GC_CONCURRENT freed 4188K, 49% free 9094K/17496K, paused 0ms+1ms, total 4ms
02-03 12:49:29.461 D/dalvikvm(15954): WAIT_FOR_CONCURRENT_GC blocked 5ms
02-03 12:49:29.461 D/wpa_supplicant(14816): Scan requested (ret=0) - scan timeout 30 seconds
02-03 12:49:29.461 D/wpa_supplicant(14816): nl80211: Drv Event 33 (NL80211_CMD_TRIGGER_SCAN) received for wlan0
02-03 12:49:29.461 D/wpa_supplicant(14816): wlan0: nl80211: Scan trigger
02-03 12:49:29.471 D/dalvikvm(15954): GC_FOR_ALLOC freed 4058K, 49% free 9041K/17496K, paused 5ms, total 5ms
02-03 12:49:29.471 D/dalvikvm(15954): GC_CONCURRENT freed 3735K, 47% free 9324K/17496K, paused 1ms+1ms, total 6ms
02-03 12:49:29.471 D/dalvikvm(15954): WAIT_FOR_CONCURRENT_GC blocked 1ms
02-03 12:49:29.481 D/dalvikvm(15954): GC_FOR_ALLOC freed 4260K, 49% free 9014K/17496K, paused 5ms, total 5ms
02-03 12:49:29.491 D/dalvikvm(15954): GC_FOR_ALLOC freed 3955K, 49% free 9068K/17496K, paused 6ms, total 6ms
02-03 12:49:29.501 D/dalvikvm(15954): GC_CONCURRENT freed 3675K, 46% free 9459K/17496K, paused 1ms+1ms, total 6ms
02-03 12:49:29.501 D/dalvikvm(15954): WAIT_FOR_CONCURRENT_GC blocked 1ms
02-03 12:49:29.501 D/dalvikvm(15954): GC_FOR_ALLOC freed 4333K, 48% free 9185K/17496K, paused 4ms, total 4ms
02-03 12:49:29.511 D/dalvikvm(15954): GC_CONCURRENT freed 2668K, 44% free 9841K/17496K, paused 1ms+1ms, total 8ms
02-03 12:49:29.521 D/dalvikvm(15954): GC_CONCURRENT freed 4650K, 48% free 9166K/17496K, paused 1ms+1ms, total 5ms
02-03 12:49:29.521 D/dalvikvm(15954): WAIT_FOR_CONCURRENT_GC blocked 5ms
02-03 12:49:29.531 D/dalvikvm(15954): GC_CONCURRENT freed 4154K, 48% free 9105K/17496K, paused 0ms+1ms, total 5ms
02-03 12:49:29.531 D/dalvikvm(15954): WAIT_FOR_CONCURRENT_GC blocked 5ms
02-03 12:49:29.531 D/dalvikvm(15954): GC_CONCURRENT freed 3995K, 48% free 9105K/17496K, paused 0ms+0ms, total 5ms
02-03 12:49:29.531 D/dalvikvm(15954): WAIT_FOR_CONCURRENT_GC blocked 4ms
02-03 12:49:29.541 D/dalvikvm(15954): GC_FOR_ALLOC freed 4080K, 48% free 9105K/17496K, paused 4ms, total 4ms
02-03 12:49:29.551 D/dalvikvm(15954): GC_CONCURRENT freed 3706K, 47% free 9364K/17496K, paused 1ms+1ms, total 6ms
02-03 12:49:29.551 D/dalvikvm(15954): WAIT_FOR_CONCURRENT_GC blocked 2ms
02-03 12:49:29.551 D/dalvikvm(15954): GC_FOR_ALLOC freed 4231K, 48% free 9104K/17496K, paused 4ms, total 4ms
02-03 12:49:29.561 D/dalvikvm(15954): GC_CONCURRENT freed 3502K, 46% free 9580K/17496K, paused 1ms+1ms, total 6ms
02-03 12:49:29.561 D/dalvikvm(15954): WAIT_FOR_CONCURRENT_GC blocked 1ms
02-03 12:49:29.571 D/dalvikvm(15954): GC_CONCURRENT freed 4453K, 48% free 9179K/17496K, paused 1ms+1ms, total 7ms
02-03 12:49:29.571 D/dalvikvm(15954): WAIT_FOR_CONCURRENT_GC blocked 6ms
02-03 12:49:29.581 D/dalvikvm(15954): GC_CONCURRENT freed 3974K, 48% free 9183K/17496K, paused 1ms+1ms, total 5ms
02-03 12:49:29.581 D/dalvikvm(15954): WAIT_FOR_CONCURRENT_GC blocked 4ms
02-03 12:49:29.591 D/dalvikvm(15954): GC_CONCURRENT freed 4040K, 48% free 9188K/17496K, paused 1ms+1ms, total 5ms
02-03 12:49:29.591 D/dalvikvm(15954): WAIT_FOR_CONCURRENT_GC blocked 4ms
02-03 12:49:29.591 D/dalvikvm(15954): GC_FOR_ALLOC freed 3889K, 48% free 9262K/17496K, paused 5ms, total 5ms
02-03 12:49:29.601 D/dalvikvm(15954): GC_CONCURRENT freed 4174K, 48% free 9114K/17496K, paused 1ms+1ms, total 5ms
02-03 12:49:29.601 D/dalvikvm(15954): WAIT_FOR_CONCURRENT_GC blocked 4ms
02-03 12:49:29.611 D/dalvikvm(15954): GC_CONCURRENT freed 3938K, 48% free 9222K/17496K, paused 1ms+0ms, total 5ms
02-03 12:49:29.611 D/dalvikvm(15954): WAIT_FOR_CONCURRENT_GC blocked 4ms
02-03 12:49:29.621 D/dalvikvm(15954): GC_CONCURRENT freed 4070K, 48% free 9145K/17496K, paused 0ms+0ms, total 5ms
02-03 12:49:29.621 D/dalvikvm(15954): WAIT_FOR_CONCURRENT_GC blocked 5ms
02-03 12:49:29.631 D/dalvikvm(15954): GC_FOR_ALLOC freed 3818K, 47% free 9300K/17496K, paused 4ms, total 4ms
02-03 12:49:29.631 D/dalvikvm(15954): GC_CONCURRENT freed 3720K, 46% free 9612K/17496K, paused 1ms+1ms, total 6ms
02-03 12:49:29.631 D/dalvikvm(15954): WAIT_FOR_CONCURRENT_GC blocked 2ms
02-03 12:49:29.641 D/dalvikvm(15954): GC_FOR_ALLOC freed 4475K, 49% free 9063K/17496K, paused 4ms, total 4ms
02-03 12:49:29.651 D/dalvikvm(15954): GC_CONCURRENT freed 3815K, 48% free 9228K/17496K, paused 0ms+2ms, total 6ms
02-03 12:49:29.651 D/dalvikvm(15954): WAIT_FOR_CONCURRENT_GC blocked 5ms
02-03 12:49:29.661 D/dalvikvm(15954): GC_CONCURRENT freed 4030K, 48% free 9232K/17496K, paused 1ms+0ms, total 6ms
02-03 12:49:29.661 D/dalvikvm(15954): WAIT_FOR_CONCURRENT_GC blocked 5ms
02-03 12:49:29.671 D/dalvikvm(15954): GC_CONCURRENT freed 4088K, 48% free 9233K/17496K, paused 0ms+1ms, total 5ms
02-03 12:49:29.671 D/dalvikvm(15954): WAIT_FOR_CONCURRENT_GC blocked 4ms
02-03 12:49:29.671 D/dalvikvm(15954): GC_FOR_ALLOC freed 3886K, 47% free 9317K/17496K, paused 4ms, total 4ms
02-03 12:49:29.681 D/dalvikvm(15954): GC_CONCURRENT freed 3597K, 45% free 9739K/17496K, paused 1ms+1ms, total 9ms
02-03 12:49:29.681 D/dalvikvm(15954): WAIT_FOR_CONCURRENT_GC blocked 3ms
02-03 12:49:29.691 D/dalvikvm(15954): GC_CONCURRENT freed 4483K, 48% free 9269K/17496K, paused 1ms+1ms, total 7ms
02-03 12:49:29.691 D/dalvikvm(15954): WAIT_FOR_CONCURRENT_GC blocked 6ms
02-03 12:49:29.701 D/dalvikvm(15954): GC_FOR_ALLOC freed 4023K, 48% free 9180K/17496K, paused 4ms, total 4ms
02-03 12:49:29.711 D/dalvikvm(15954): GC_FOR_ALLOC freed 4158K, 49% free 9091K/17496K, paused 5ms, total 5ms
02-03 12:49:29.711 D/dalvikvm(15954): GC_CONCURRENT freed 3492K, 46% free 9621K/17496K, paused 0ms+1ms, total 7ms
02-03 12:49:29.711 D/dalvikvm(15954): WAIT_FOR_CONCURRENT_GC blocked 3ms
02-03 12:49:29.721 D/dalvikvm(15954): GC_CONCURRENT freed 4510K, 49% free 9087K/17496K, paused 0ms+1ms, total 5ms
02-03 12:49:29.721 D/dalvikvm(15954): WAIT_FOR_CONCURRENT_GC blocked 5ms
02-03 12:49:29.731 D/dalvikvm(15954): GC_CONCURRENT freed 3834K, 48% free 9272K/17496K, paused 1ms+0ms, total 6ms
02-03 12:49:29.731 D/dalvikvm(15954): WAIT_FOR_CONCURRENT_GC blocked 5ms
02-03 12:49:29.741 D/dalvikvm(15954): GC_FOR_ALLOC freed 4058K, 49% free 9087K/17496K, paused 4ms, total 4ms
02-03 12:49:29.751 D/dalvikvm(15954): GC_FOR_ALLOC freed 3913K, 49% free 9085K/17496K, paused 4ms, total 4ms
02-03 12:49:29.751 D/dalvikvm(15954): GC_FOR_ALLOC freed 3951K, 49% free 9082K/17496K, paused 4ms, total 5ms
02-03 12:49:29.761 D/dalvikvm(15954): GC_FOR_ALLOC freed 3988K, 49% free 9080K/17496K, paused 4ms, total 5ms
02-03 12:49:29.771 D/dalvikvm(15954): GC_CONCURRENT freed 1916K, 44% free 9872K/17496K, paused 0ms+1ms, total 6ms
02-03 12:49:29.781 D/dalvikvm(15954): GC_CONCURRENT freed 4619K, 47% free 9304K/17496K, paused 1ms+1ms, total 5ms
02-03 12:49:29.781 D/dalvikvm(15954): WAIT_FOR_CONCURRENT_GC blocked 4ms
02-03 12:49:29.791 D/dalvikvm(15954): GC_CONCURRENT freed 4087K, 47% free 9304K/17496K, paused 0ms+0ms, total 5ms
02-03 12:49:29.791 D/dalvikvm(15954): WAIT_FOR_CONCURRENT_GC blocked 4ms
02-03 12:49:29.791 D/dalvikvm(15954): GC_FOR_ALLOC freed 3828K, 47% free 9401K/17496K, paused 5ms, total 5ms
02-03 12:49:29.801 D/dalvikvm(15954): GC_FOR_ALLOC freed 4159K, 48% free 9203K/17496K, paused 5ms, total 5ms
02-03 12:49:29.811 D/dalvikvm(15954): GC_FOR_ALLOC freed 3997K, 48% free 9102K/17496K, paused 5ms, total 5ms
02-03 12:49:29.811 D/dalvikvm(15954): GC_CONCURRENT freed 3727K, 47% free 9401K/17496K, paused 1ms+1ms, total 5ms
02-03 12:49:29.811 D/dalvikvm(15954): WAIT_FOR_CONCURRENT_GC blocked 2ms
02-03 12:49:29.821 D/dalvikvm(15954): GC_CONCURRENT freed 4266K, 48% free 9199K/17496K, paused 1ms+1ms, total 5ms
02-03 12:49:29.821 D/dalvikvm(15954): WAIT_FOR_CONCURRENT_GC blocked 3ms
02-03 12:49:29.831 D/dalvikvm(15954): GC_CONCURRENT freed 3892K, 47% free 9304K/17496K, paused 1ms+1ms, total 6ms
02-03 12:49:29.831 D/dalvikvm(15954): WAIT_FOR_CONCURRENT_GC blocked 5ms
02-03 12:49:29.831 D/AndroidRuntime(20226): 
02-03 12:49:29.831 D/AndroidRuntime(20226): >>>>>> AndroidRuntime START com.android.internal.os.RuntimeInit <<<<<<
02-03 12:49:29.831 D/AndroidRuntime(20226): CheckJNI is OFF
02-03 12:49:29.831 I/AndroidRuntime(20226): Kernel Release Version: 3.10.20-g25181e8-dirty
02-03 12:49:29.831 I/dalvikvm(20226): No library specified. The standard exception handler will be used
02-03 12:49:29.841 I/dalvikvm(20226): 
02-03 12:49:29.841 I/dalvikvm(20226): +++++++++++++ Using PCG. +++++++++++++++++++++
02-03 12:49:29.841 D/dalvikvm(15954): GC_FOR_ALLOC freed 4029K, 48% free 9200K/17496K, paused 6ms, total 6ms
02-03 12:49:29.841 D/dalvikvm(20226): Trying to load lib libjavacore.so 0x0
02-03 12:49:29.851 D/dalvikvm(20226): Added shared lib libjavacore.so 0x0
02-03 12:49:29.851 D/dalvikvm(20226): Trying to load lib libnativehelper.so 0x0
02-03 12:49:29.851 D/dalvikvm(20226): Added shared lib libnativehelper.so 0x0
02-03 12:49:29.851 D/dalvikvm(20226): No JNI_OnLoad found in libnativehelper.so 0x0, skipping init
02-03 12:49:29.851 D/dalvikvm(15954): GC_CONCURRENT freed 3960K, 47% free 9335K/17496K, paused 1ms+1ms, total 5ms
02-03 12:49:29.851 D/dalvikvm(15954): WAIT_FOR_CONCURRENT_GC blocked 4ms
02-03 12:49:29.861 D/dalvikvm(20226): Extra Options: not specified
02-03 12:49:29.861 D/dalvikvm(15954): GC_CONCURRENT freed 4097K, 48% free 9229K/17496K, paused 1ms+1ms, total 6ms
02-03 12:49:29.861 D/dalvikvm(15954): WAIT_FOR_CONCURRENT_GC blocked 5ms
02-03 12:49:29.871 D/dalvikvm(15954): GC_FOR_ALLOC freed 3707K, 47% free 9439K/17496K, paused 5ms, total 5ms
02-03 12:49:29.871 D/dalvikvm(20226): Note: class Landroid/app/ActivityManagerNative; has 186 unimplemented (abstract) methods
02-03 12:49:29.871 D/dalvikvm(15954): GC_FOR_ALLOC freed 4268K, 48% free 9120K/17496K, paused 5ms, total 5ms
02-03 12:49:29.881 D/dalvikvm(15954): GC_CONCURRENT freed 3978K, 48% free 9225K/17496K, paused 1ms+1ms, total 5ms
02-03 12:49:29.891 D/dalvikvm(15954): GC_CONCURRENT freed 3791K, 47% free 9439K/17496K, paused 1ms+1ms, total 5ms
02-03 12:49:29.891 D/dalvikvm(15954): WAIT_FOR_CONCURRENT_GC blocked 4ms
02-03 12:49:29.901 D/dalvikvm(15954): GC_CONCURRENT freed 4142K, 47% free 9335K/17496K, paused 1ms+1ms, total 5ms
02-03 12:49:29.901 D/dalvikvm(15954): WAIT_FOR_CONCURRENT_GC blocked 4ms
02-03 12:49:29.911 D/dalvikvm(15954): GC_FOR_ALLOC freed 4065K, 48% free 9114K/17496K, paused 4ms, total 4ms
02-03 12:49:29.911 D/dalvikvm(15954): GC_FOR_ALLOC freed 3873K, 48% free 9111K/17496K, paused 4ms, total 4ms
02-03 12:49:29.921 D/dalvikvm(15954): GC_FOR_ALLOC freed 3899K, 48% free 9141K/17496K, paused 4ms, total 4ms
02-03 12:49:29.931 D/dalvikvm(15954): GC_FOR_ALLOC freed 3925K, 48% free 9138K/17496K, paused 5ms, total 5ms
02-03 12:49:29.931 D/dalvikvm(15954): GC_FOR_ALLOC freed 3951K, 48% free 9136K/17496K, paused 4ms, total 4ms
02-03 12:49:29.941 D/dalvikvm(15954): GC_CONCURRENT freed 3744K, 47% free 9364K/17496K, paused 0ms+0ms, total 5ms
02-03 12:49:29.951 E/memtrack(20226): Couldn't load memtrack module (No such file or directory)
02-03 12:49:29.951 E/android.os.Debug(20226): failed to load memtrack module: -2
02-03 12:49:29.951 D/dalvikvm(15954): GC_CONCURRENT freed 4004K, 47% free 9363K/17496K, paused 1ms+1ms, total 5ms
02-03 12:49:29.951 D/dalvikvm(15954): WAIT_FOR_CONCURRENT_GC blocked 4ms
02-03 12:49:29.961 D/dalvikvm(15954): GC_FOR_ALLOC freed 4258K, 48% free 9132K/17496K, paused 5ms, total 5ms
02-03 12:49:29.971 D/dalvikvm(15954): GC_FOR_ALLOC freed 4056K, 48% free 9130K/17496K, paused 5ms, total 5ms
02-03 12:49:29.981 D/dalvikvm(15954): GC_CONCURRENT freed 3734K, 46% free 9478K/17496K, paused 2ms+1ms, total 7ms
02-03 12:49:29.981 D/dalvikvm(15954): WAIT_FOR_CONCURRENT_GC blocked 5ms
02-03 12:49:29.981 D/dalvikvm(15954): GC_FOR_ALLOC freed 3874K, 46% free 9477K/17496K, paused 5ms, total 5ms
02-03 12:49:29.991 D/dalvikvm(15954): GC_FOR_ALLOC freed 4139K, 47% free 9272K/17496K, paused 4ms, total 4ms
02-03 12:49:30.001 D/dalvikvm(15954): GC_FOR_ALLOC freed 3929K, 48% free 9152K/17496K, paused 4ms, total 5ms
02-03 12:49:30.001 D/AndroidRuntime(20226): Calling main entry com.android.commands.am.Am
02-03 12:49:30.011 D/dalvikvm(15954): GC_FOR_ALLOC freed 3595K, 46% free 9509K/17496K, paused 4ms, total 4ms
02-03 12:49:30.021 D/dalvikvm(15954): GC_CONCURRENT freed 4220K, 48% free 9268K/17496K, paused 7ms+1ms, total 12ms
--------- beginning of /dev/log/system
02-03 12:49:30.021 I/ActivityManager(14542): Force stopping org.xwalk.webapi_service_tests appid=10098 user=0: from pid 20226
02-03 12:49:30.031 D/AndroidRuntime(20226): Shutting down VM
02-03 12:49:30.031 D/dalvikvm(20226): GC_CONCURRENT freed 112K, 17% free 634K/760K, paused 1ms+0ms, total 2ms
02-03 12:49:30.031 D/dalvikvm(15954): GC_FOR_ALLOC freed 4007K, 48% free 9145K/17496K, paused 5ms, total 6ms
02-03 12:49:30.031 D/dalvikvm(20226): Compiler shutdown in progress - discarding request
02-03 12:49:30.031 D/dalvikvm(20226): Compiler shutdown in progress - discarding request
02-03 12:49:30.031 D/dalvikvm(20226): Compiler shutdown in progress - discarding request
02-03 12:49:30.031 D/dalvikvm(20226): Compiler shutdown in progress - discarding request
02-03 12:49:30.031 D/dalvikvm(20226): Compiler shutdown in progress - discarding request
02-03 12:49:30.031 D/dalvikvm(20226): Compiler shutdown in progress - discarding request
02-03 12:49:30.031 D/dalvikvm(20226): Compiler shutdown in progress - discarding request
02-03 12:49:30.031 D/dalvikvm(20226): Compiler shutdown in progress - discarding request
02-03 12:49:30.031 D/dalvikvm(20226): Compiler shutdown in progress - discarding request
02-03 12:49:30.031 D/dalvikvm(20226): Compiler shutdown in progress - discarding request
02-03 12:49:30.031 D/dalvikvm(20226): Compiler shutdown in progress - discarding request
02-03 12:49:30.031 D/dalvikvm(20226): Compiler shutdown in progress - discarding request
02-03 12:49:30.031 D/dalvikvm(20226): Compiler shutdown in progress - discarding request
02-03 12:49:30.031 D/dalvikvm(20226): Compiler shutdown in progress - discarding request
02-03 12:49:30.031 D/dalvikvm(20226): Compiler shutdown in progress - discarding request
02-03 12:49:30.031 D/dalvikvm(20226): Compiler shutdown in progress - discarding request
02-03 12:49:30.031 D/dalvikvm(20226): Compiler shutdown in progress - discarding request
02-03 12:49:30.031 D/dalvikvm(20226): Compiler shutdown in progress - discarding request
02-03 12:49:30.031 D/dalvikvm(20226): Compiler shutdown in progress - discarding request
02-03 12:49:30.031 D/dalvikvm(20226): Compiler shutdown in progress - discarding request
02-03 12:49:30.031 D/dalvikvm(20226): Compiler shutdown in progress - discarding request
02-03 12:49:30.031 D/dalvikvm(20226): Compiler shutdown in progress - discarding request
02-03 12:49:30.031 D/dalvikvm(20226): Compiler shutdown in progress - discarding request
02-03 12:49:30.031 D/dalvikvm(20226): Compiler shutdown in progress - discarding request
02-03 12:49:30.031 D/dalvikvm(20226): Compiler shutdown in progress - discarding request
02-03 12:49:30.031 D/dalvikvm(20226): Compiler shutdown in progress - discarding request
02-03 12:49:30.031 D/dalvikvm(20226): Compiler shutdown in progress - discarding request
02-03 12:49:30.031 D/dalvikvm(20226): Compiler shutdown in progress - discarding request
02-03 12:49:30.031 D/dalvikvm(20226): Compiler shutdown in progress - discarding request
02-03 12:49:30.031 D/dalvikvm(20226): Compiler shutdown in progress - discarding request
02-03 12:49:30.031 D/dalvikvm(20226): Compiler shutdown in progress - discarding request
02-03 12:49:30.031 D/dalvikvm(20226): Compiler shutdown in progress - discarding request
02-03 12:49:30.031 D/dalvikvm(20226): Compiler shutdown in progress - discarding request
02-03 12:49:30.031 D/dalvikvm(20226): Compiler shutdown in progress - discarding request
02-03 12:49:30.031 D/dalvikvm(20226): Compiler shutdown in progress - discarding request
02-03 12:49:30.031 D/dalvikvm(20226): Compiler shutdown in progress - discarding request
02-03 12:49:30.031 D/dalvikvm(20226): Compiler shutdown in progress - discarding request
02-03 12:49:30.031 D/dalvikvm(20226): Compiler shutdown in progress - discarding request
02-03 12:49:30.031 D/dalvikvm(20226): Compiler shutdown in progress - discarding request
02-03 12:49:30.031 D/dalvikvm(20226): Compiler shutdown in progress - discarding request
02-03 12:49:30.031 D/dalvikvm(20226): Compiler shutdown in progress - discarding request
02-03 12:49:30.031 D/dalvikvm(20226): Compiler shutdown in progress - discarding request
02-03 12:49:30.031 D/dalvikvm(20226): Compiler shutdown in progress - discarding request
02-03 12:49:30.031 D/dalvikvm(20226): Compiler shutdown in progress - discarding request
02-03 12:49:30.031 D/dalvikvm(20226): Compiler shutdown in progress - discarding request
02-03 12:49:30.031 D/dalvikvm(20226): Compiler shutdown in progress - discarding request
02-03 12:49:30.031 D/dalvikvm(20226): Compiler shutdown in progress - discarding request
02-03 12:49:30.031 D/dalvikvm(20226): Compiler shutdown in progress - discarding request
02-03 12:49:30.031 D/dalvikvm(20226): Compiler shutdown in progress - discarding request
02-03 12:49:30.041 D/dalvikvm(15954): GC_CONCURRENT freed 3665K, 46% free 9508K/17496K, paused 2ms+1ms, total 6ms
02-03 12:49:30.061 D/dalvikvm(15954): GC_CONCURRENT freed 4303K, 48% free 9263K/17496K, paused 1ms+1ms, total 5ms
02-03 12:49:30.061 D/dalvikvm(15954): GC_FOR_ALLOC freed 4085K, 48% free 9138K/17496K, paused 4ms, total 4ms
02-03 12:49:30.061 D/dalvikvm(15954): GC_FOR_ALLOC freed 3736K, 47% free 9291K/17496K, paused 5ms, total 5ms
02-03 12:49:30.071 D/dalvikvm(15954): GC_CONCURRENT freed 3884K, 47% free 9415K/17496K, paused 1ms+2ms, total 6ms
02-03 12:49:30.071 D/dalvikvm(15954): WAIT_FOR_CONCURRENT_GC blocked 2ms
02-03 12:49:30.081 D/dalvikvm(15954): GC_FOR_ALLOC freed 4032K, 47% free 9288K/17496K, paused 5ms, total 5ms
02-03 12:49:30.091 D/dalvikvm(15954): GC_CONCURRENT freed 3931K, 47% free 9413K/17496K, paused 1ms+1ms, total 5ms
02-03 12:49:30.091 D/dalvikvm(15954): WAIT_FOR_CONCURRENT_GC blocked 4ms
02-03 12:49:30.101 D/dalvikvm(15954): GC_FOR_ALLOC freed 4080K, 47% free 9284K/17496K, paused 4ms, total 5ms
02-03 12:49:30.111 D/dalvikvm(15954): GC_FOR_ALLOC freed 3591K, 46% free 9539K/17496K, paused 5ms, total 6ms
02-03 12:49:30.111 D/dalvikvm(15954): GC_FOR_ALLOC freed 4256K, 48% free 9152K/17496K, paused 5ms, total 5ms
02-03 12:49:30.121 D/dalvikvm(15954): GC_CONCURRENT freed 3891K, 47% free 9279K/17496K, paused 0ms+0ms, total 5ms
02-03 12:49:30.121 D/dalvikvm(15954): WAIT_FOR_CONCURRENT_GC blocked 3ms
02-03 12:49:30.131 D/dalvikvm(15954): GC_FOR_ALLOC freed 3652K, 46% free 9569K/17496K, paused 4ms, total 4ms
02-03 12:49:30.141 D/dalvikvm(15954): GC_FOR_ALLOC freed 4327K, 48% free 9176K/17496K, paused 5ms, total 5ms
02-03 12:49:30.141 D/dalvikvm(15954): GC_CONCURRENT freed 3955K, 47% free 9305K/17496K, paused 1ms+1ms, total 5ms
02-03 12:49:30.141 D/dalvikvm(15954): WAIT_FOR_CONCURRENT_GC blocked 4ms
02-03 12:49:30.151 D/dalvikvm(15954): GC_FOR_ALLOC freed 3712K, 46% free 9568K/17496K, paused 4ms, total 4ms
02-03 12:49:30.161 D/dalvikvm(15954): GC_CONCURRENT freed 3471K, 43% free 10097K/17496K, paused 1ms+1ms, total 6ms
02-03 12:49:30.161 D/dalvikvm(15954): WAIT_FOR_CONCURRENT_GC blocked 2ms
02-03 12:49:30.161 D/dalvikvm(15954): GC_FOR_ALLOC freed 4681K, 48% free 9166K/17496K, paused 4ms, total 4ms
02-03 12:49:30.171 D/dalvikvm(15954): GC_FOR_ALLOC freed 3772K, 48% free 9163K/17496K, paused 5ms, total 5ms
02-03 12:49:30.181 D/dalvikvm(15954): GC_FOR_ALLOC freed 3791K, 48% free 9161K/17496K, paused 4ms, total 4ms
02-03 12:49:30.191 D/dalvikvm(15954): GC_FOR_ALLOC freed 3810K, 48% free 9190K/17496K, paused 5ms, total 5ms
02-03 12:49:30.201 D/dalvikvm(15954): GC_FOR_ALLOC freed 3829K, 48% free 9188K/17496K, paused 5ms, total 5ms
02-03 12:49:30.201 D/dalvikvm(15954): GC_FOR_ALLOC freed 3848K, 48% free 9185K/17496K, paused 5ms, total 5ms
02-03 12:49:30.211 D/dalvikvm(15954): GC_FOR_ALLOC freed 3867K, 48% free 9182K/17496K, paused 5ms, total 5ms
02-03 12:49:30.221 D/dalvikvm(15954): GC_FOR_ALLOC freed 3886K, 48% free 9180K/17496K, paused 4ms, total 4ms
02-03 12:49:30.221 D/dalvikvm(15954): GC_FOR_ALLOC freed 3904K, 48% free 9177K/17496K, paused 4ms, total 4ms
02-03 12:49:30.231 D/dalvikvm(15954): GC_FOR_ALLOC freed 3923K, 48% free 9174K/17496K, paused 4ms, total 4ms
02-03 12:49:30.241 D/dalvikvm(15954): GC_FOR_ALLOC freed 3942K, 48% free 9172K/17496K, paused 5ms, total 5ms
02-03 12:49:30.251 D/dalvikvm(15954): GC_CONCURRENT freed 3674K, 46% free 9488K/17496K, paused 0ms+1ms, total 5ms
02-03 12:49:30.251 D/dalvikvm(15954): WAIT_FOR_CONCURRENT_GC blocked 3ms
02-03 12:49:30.251 D/dalvikvm(15954): GC_FOR_ALLOC freed 4262K, 48% free 9202K/17496K, paused 4ms, total 4ms
02-03 12:49:30.261 D/dalvikvm(15954): GC_CONCURRENT freed 3713K, 46% free 9485K/17496K, paused 1ms+1ms, total 5ms
02-03 12:49:30.261 D/dalvikvm(15954): WAIT_FOR_CONCURRENT_GC blocked 4ms
02-03 12:49:30.271 D/dalvikvm(15954): GC_CONCURRENT freed 4012K, 46% free 9488K/17496K, paused 1ms+1ms, total 6ms
02-03 12:49:30.271 D/dalvikvm(15954): WAIT_FOR_CONCURRENT_GC blocked 5ms
02-03 12:49:30.281 D/dalvikvm(15954): GC_CONCURRENT freed 4031K, 46% free 9490K/17496K, paused 1ms+1ms, total 5ms
02-03 12:49:30.281 D/dalvikvm(15954): WAIT_FOR_CONCURRENT_GC blocked 4ms
02-03 12:49:30.291 D/dalvikvm(15954): GC_CONCURRENT freed 4054K, 46% free 9489K/17496K, paused 1ms+1ms, total 6ms
02-03 12:49:30.291 D/dalvikvm(15954): WAIT_FOR_CONCURRENT_GC blocked 5ms
02-03 12:49:30.301 D/dalvikvm(15954): GC_CONCURRENT freed 4072K, 46% free 9488K/17496K, paused 0ms+0ms, total 5ms
02-03 12:49:30.301 D/dalvikvm(15954): WAIT_FOR_CONCURRENT_GC blocked 5ms
02-03 12:49:30.311 D/dalvikvm(15954): GC_CONCURRENT freed 4091K, 46% free 9486K/17496K, paused 1ms+1ms, total 6ms
02-03 12:49:30.311 D/dalvikvm(15954): WAIT_FOR_CONCURRENT_GC blocked 5ms
02-03 12:49:30.311 D/dalvikvm(15954): GC_FOR_ALLOC freed 3668K, 45% free 9631K/17496K, paused 4ms, total 4ms
02-03 12:49:30.321 D/dalvikvm(15954): GC_FOR_ALLOC freed 4127K, 47% free 9335K/17496K, paused 5ms, total 5ms
02-03 12:49:30.331 D/dalvikvm(15954): GC_FOR_ALLOC freed 3849K, 48% free 9186K/17496K, paused 4ms, total 4ms
02-03 12:49:30.341 D/dalvikvm(15954): GC_FOR_ALLOC freed 3419K, 45% free 9660K/17496K, paused 4ms, total 5ms
02-03 12:49:30.341 D/dalvikvm(15954): GC_FOR_ALLOC freed 4178K, 47% free 9361K/17496K, paused 5ms, total 5ms
02-03 12:49:30.351 D/dalvikvm(15954): GC_FOR_ALLOC freed 3897K, 48% free 9210K/17496K, paused 5ms, total 5ms
02-03 12:49:30.361 D/dalvikvm(15954): GC_FOR_ALLOC freed 3461K, 45% free 9657K/17496K, paused 4ms, total 4ms
02-03 12:49:30.371 D/dalvikvm(15954): GC_FOR_ALLOC freed 4230K, 47% free 9355K/17496K, paused 6ms, total 6ms
02-03 12:49:30.381 D/dalvikvm(15954): GC_FOR_ALLOC freed 3945K, 48% free 9201K/17496K, paused 5ms, total 5ms
02-03 12:49:30.381 D/dalvikvm(15954): GC_FOR_ALLOC freed 3504K, 45% free 9655K/17496K, paused 5ms, total 5ms
02-03 12:49:30.391 D/dalvikvm(15954): GC_CONCURRENT freed 4282K, 47% free 9349K/17496K, paused 1ms+1ms, total 5ms
02-03 12:49:30.391 D/dalvikvm(15954): WAIT_FOR_CONCURRENT_GC blocked 4ms
02-03 12:49:30.401 D/dalvikvm(15954): GC_FOR_ALLOC freed 3994K, 48% free 9225K/17496K, paused 4ms, total 4ms
02-03 12:49:30.411 D/dalvikvm(15954): GC_CONCURRENT freed 3546K, 45% free 9684K/17496K, paused 1ms+1ms, total 5ms
02-03 12:49:30.411 D/dalvikvm(15954): WAIT_FOR_CONCURRENT_GC blocked 4ms
02-03 12:49:30.421 D/dalvikvm(15954): GC_CONCURRENT freed 4333K, 47% free 9374K/17496K, paused 1ms+1ms, total 5ms
02-03 12:49:30.421 D/dalvikvm(15954): WAIT_FOR_CONCURRENT_GC blocked 4ms
02-03 12:49:30.421 D/dalvikvm(15954): GC_FOR_ALLOC freed 4042K, 48% free 9217K/17496K, paused 4ms, total 4ms
02-03 12:49:30.431 D/dalvikvm(15954): GC_CONCURRENT freed 3589K, 45% free 9681K/17496K, paused 1ms+1ms, total 6ms
02-03 12:49:30.431 D/dalvikvm(15954): WAIT_FOR_CONCURRENT_GC blocked 5ms
02-03 12:49:30.441 D/dalvikvm(15954): GC_CONCURRENT freed 4385K, 47% free 9368K/17496K, paused 0ms+1ms, total 6ms
02-03 12:49:30.441 D/dalvikvm(15954): WAIT_FOR_CONCURRENT_GC blocked 5ms
02-03 12:49:30.451 D/dalvikvm(15954): GC_FOR_ALLOC freed 4090K, 48% free 9208K/17496K, paused 4ms, total 4ms
02-03 12:49:30.461 D/dalvikvm(15954): GC_FOR_ALLOC freed 3631K, 47% free 9363K/17496K, paused 4ms, total 4ms
02-03 12:49:30.461 D/dalvikvm(15954): GC_CONCURRENT freed 3804K, 46% free 9551K/17496K, paused 1ms+1ms, total 5ms
02-03 12:49:30.461 D/dalvikvm(15954): WAIT_FOR_CONCURRENT_GC blocked 4ms
02-03 12:49:30.471 D/dalvikvm(15954): GC_FOR_ALLOC freed 3975K, 47% free 9390K/17496K, paused 4ms, total 4ms
02-03 12:49:30.481 D/dalvikvm(15954): GC_CONCURRENT freed 3832K, 46% free 9548K/17496K, paused 0ms+1ms, total 5ms
02-03 12:49:30.481 D/dalvikvm(15954): WAIT_FOR_CONCURRENT_GC blocked 5ms
02-03 12:49:30.491 D/dalvikvm(15954): GC_FOR_ALLOC freed 4005K, 47% free 9386K/17496K, paused 4ms, total 4ms
02-03 12:49:30.491 D/dalvikvm(15954): GC_CONCURRENT freed 3858K, 46% free 9549K/17496K, paused 0ms+1ms, total 5ms
02-03 12:49:30.491 D/dalvikvm(15954): WAIT_FOR_CONCURRENT_GC blocked 4ms
02-03 12:49:30.501 D/dalvikvm(15954): GC_FOR_ALLOC freed 4035K, 47% free 9385K/17496K, paused 4ms, total 4ms
02-03 12:49:30.511 D/dalvikvm(15954): GC_CONCURRENT freed 3891K, 46% free 9546K/17496K, paused 0ms+1ms, total 7ms
02-03 12:49:30.511 D/dalvikvm(15954): WAIT_FOR_CONCURRENT_GC blocked 6ms
02-03 12:49:30.521 D/dalvikvm(15954): GC_FOR_ALLOC freed 4065K, 47% free 9381K/17496K, paused 4ms, total 4ms
02-03 12:49:30.531 D/dalvikvm(15954): GC_CONCURRENT freed 3920K, 46% free 9543K/17496K, paused 1ms+1ms, total 7ms
02-03 12:49:30.531 D/dalvikvm(15954): WAIT_FOR_CONCURRENT_GC blocked 5ms
02-03 12:49:30.541 D/dalvikvm(15954): GC_FOR_ALLOC freed 4098K, 47% free 9409K/17496K, paused 4ms, total 4ms
02-03 12:49:30.541 D/dalvikvm(15954): GC_FOR_ALLOC freed 3456K, 45% free 9736K/17496K, paused 5ms, total 5ms
02-03 12:49:30.551 D/dalvikvm(15954): GC_FOR_ALLOC freed 4294K, 48% free 9240K/17496K, paused 4ms, total 4ms
02-03 12:49:30.561 D/dalvikvm(15954): GC_CONCURRENT freed 3812K, 47% free 9403K/17496K, paused 0ms+1ms, total 5ms
02-03 12:49:30.561 D/dalvikvm(15954): WAIT_FOR_CONCURRENT_GC blocked 3ms
02-03 12:49:30.571 D/dalvikvm(15954): GC_FOR_ALLOC freed 3491K, 45% free 9732K/17496K, paused 4ms, total 5ms
02-03 12:49:30.571 D/dalvikvm(15954): GC_FOR_ALLOC freed 4335K, 48% free 9231K/17496K, paused 4ms, total 5ms
02-03 12:49:30.581 D/dalvikvm(15954): GC_CONCURRENT freed 3846K, 47% free 9395K/17496K, paused 1ms+1ms, total 5ms
02-03 12:49:30.581 D/dalvikvm(15954): WAIT_FOR_CONCURRENT_GC blocked 4ms
02-03 12:49:30.591 D/wpa_supplicant(14816): nl80211: Drv Event 34 (NL80211_CMD_NEW_SCAN_RESULTS) received for wlan0
02-03 12:49:30.591 D/wpa_supplicant(14816): wlan0: nl80211: New scan results available
02-03 12:49:30.591 D/wpa_supplicant(14816): wlan0: Event SCAN_RESULTS (3) received
02-03 12:49:30.591 D/wpa_supplicant(14816): nl80211: Received scan results (29 BSSes)
02-03 12:49:30.591 D/wpa_supplicant(14816): nl80211: Survey data missing
02-03 12:49:30.591 D/wpa_supplicant(14816): wlan0: BSS: Start scan result update 36
02-03 12:49:30.591 D/wpa_supplicant(14816): wlan0: BSS: Add new id 112 BSSID b0:48:7a:51:ff:cc SSID 'Neusoft TP'
02-03 12:49:30.591 D/wpa_supplicant(14816): CTRL_IFACE monitor send - hexdump(len=41): 2f 64 61 74 61 2f 6d 69 73 63 2f 77 69 66 69 2f 73 6f 63 6b 65 74 73 2f 77 70 61 5f 63 74 72 6c ...
02-03 12:49:30.591 D/wpa_supplicant(14816): wlan0: BSS: Add new id 113 BSSID 8c:be:be:01:00:49 SSID 'xmw'
02-03 12:49:30.591 D/wpa_supplicant(14816): CTRL_IFACE monitor send - hexdump(len=41): 2f 64 61 74 61 2f 6d 69 73 63 2f 77 69 66 69 2f 73 6f 63 6b 65 74 73 2f 77 70 61 5f 63 74 72 6c ...
02-03 12:49:30.591 I/WifiHW  (14542): EVENT: IFNAME=wlan0 CTRL-EVENT-BSS-ADDED 112 b0:48:7a:51:ff:cc
02-03 12:49:30.591 D/wpa_supplicant(14816): wlan0: BSS: Add new id 114 BSSID f4:b7:e2:2b:41:b7 SSID 'cmscc'
02-03 12:49:30.591 D/wpa_supplicant(14816): CTRL_IFACE monitor send - hexdump(len=41): 2f 64 61 74 61 2f 6d 69 73 63 2f 77 69 66 69 2f 73 6f 63 6b 65 74 73 2f 77 70 61 5f 63 74 72 6c ...
02-03 12:49:30.591 D/wpa_supplicant(14816): wlan0: BSS: Add new id 115 BSSID 80:1f:02:43:fb:e8 SSID 'Edimax AP'
02-03 12:49:30.591 D/wpa_supplicant(14816): CTRL_IFACE monitor send - hexdump(len=41): 2f 64 61 74 61 2f 6d 69 73 63 2f 77 69 66 69 2f 73 6f 63 6b 65 74 73 2f 77 70 61 5f 63 74 72 6c ...
02-03 12:49:30.591 I/WifiHW  (14542): EVENT: IFNAME=wlan0 CTRL-EVENT-BSS-ADDED 113 8c:be:be:01:00:49
02-03 12:49:30.591 D/wpa_supplicant(14816): wlan0: BSS: Add new id 116 BSSID ac:f1:df:cf:85:c0 SSID 'Jiangnan'
02-03 12:49:30.591 D/wpa_supplicant(14816): CTRL_IFACE monitor send - hexdump(len=41): 2f 64 61 74 61 2f 6d 69 73 63 2f 77 69 66 69 2f 73 6f 63 6b 65 74 73 2f 77 70 61 5f 63 74 72 6c ...
02-03 12:49:30.591 I/WifiHW  (14542): EVENT: IFNAME=wlan0 CTRL-EVENT-BSS-ADDED 114 f4:b7:e2:2b:41:b7
02-03 12:49:30.591 D/wpa_supplicant(14816): wlan0: BSS: Remove id 105 BSSID 02:09:4c:bf:c4:44 SSID 'DIRECT-' due to no match in scan
02-03 12:49:30.591 D/wpa_supplicant(14816): CTRL_IFACE monitor send - hexdump(len=41): 2f 64 61 74 61 2f 6d 69 73 63 2f 77 69 66 69 2f 73 6f 63 6b 65 74 73 2f 77 70 61 5f 63 74 72 6c ...
02-03 12:49:30.591 I/WifiHW  (14542): EVENT: IFNAME=wlan0 CTRL-EVENT-BSS-ADDED 115 80:1f:02:43:fb:e8
02-03 12:49:30.591 D/wpa_supplicant(14816): BSS: last_scan_res_used=29/32 last_scan_full=0
02-03 12:49:30.591 D/wpa_supplicant(14816): wlan0: New scan results available
02-03 12:49:30.591 D/wpa_supplicant(14816): CTRL_IFACE monitor send - hexdump(len=41): 2f 64 61 74 61 2f 6d 69 73 63 2f 77 69 66 69 2f 73 6f 63 6b 65 74 73 2f 77 70 61 5f 63 74 72 6c ...
02-03 12:49:30.591 I/WifiHW  (14542): EVENT: IFNAME=wlan0 CTRL-EVENT-BSS-ADDED 116 ac:f1:df:cf:85:c0
02-03 12:49:30.591 I/WifiHW  (14542): EVENT: IFNAME=wlan0 CTRL-EVENT-BSS-REMOVED 105 02:09:4c:bf:c4:44
02-03 12:49:30.591 D/wpa_supplicant(14816): CTRL_IFACE monitor send - hexdump(len=41): 2f 64 61 74 61 2f 6d 69 73 63 2f 77 69 66 69 2f 73 6f 63 6b 65 74 73 2f 77 70 61 5f 63 74 72 6c ...
02-03 12:49:30.591 I/WifiHW  (14542): EVENT: IFNAME=wlan0 CTRL-EVENT-SCAN-RESULTS 
02-03 12:49:30.591 D/wpa_supplicant(14816): Authorize channel 1
02-03 12:49:30.591 D/wpa_supplicant(14816): Authorize channel 2
02-03 12:49:30.591 D/wpa_supplicant(14816): Authorize channel 3
02-03 12:49:30.591 D/wpa_supplicant(14816): Authorize channel 4
