02-03 10:46:25.191 D/dalvikvm( 2070): GC_FOR_ALLOC freed 2325K, 36% free 8146K/12548K, paused 4ms, total 4ms
02-03 10:46:25.191 D/dalvikvm( 2070): GC_FOR_ALLOC freed 1535K, 36% free 8146K/12548K, paused 4ms, total 4ms
02-03 10:46:25.201 D/dalvikvm( 2070): GC_FOR_ALLOC freed 2390K, 40% free 7622K/12548K, paused 3ms, total 3ms
02-03 10:46:25.201 D/dalvikvm( 2070): GC_FOR_ALLOC freed <1K, 32% free 8646K/12548K, paused 2ms, total 2ms
02-03 10:46:25.201 I/dalvikvm-heap( 2070): Grow heap (frag case) to 9.487MB for 1048592-byte allocation
02-03 10:46:25.211 D/dalvikvm( 2070): GC_FOR_ALLOC freed <1K, 29% free 9670K/13576K, paused 3ms, total 3ms
02-03 10:46:25.211 D/dalvikvm( 2070): GC_FOR_ALLOC freed <1K, 29% free 9670K/13576K, paused 3ms, total 3ms
02-03 10:46:25.211 I/dalvikvm-heap( 2070): Grow heap (frag case) to 10.487MB for 1048592-byte allocation
02-03 10:46:25.211 D/dalvikvm( 2070): GC_FOR_ALLOC freed 0K, 27% free 10694K/14604K, paused 2ms, total 2ms
02-03 10:46:25.231 D/wpa_supplicant(  637): Scan requested (ret=0) - scan timeout 30 seconds
02-03 10:46:25.231 D/wpa_supplicant(  637): nl80211: Drv Event 33 (NL80211_CMD_TRIGGER_SCAN) received for wlan0
02-03 10:46:25.231 D/wpa_supplicant(  637): wlan0: nl80211: Scan trigger
02-03 10:46:26.361 D/wpa_supplicant(  637): nl80211: Drv Event 34 (NL80211_CMD_NEW_SCAN_RESULTS) received for wlan0
02-03 10:46:26.361 D/wpa_supplicant(  637): wlan0: nl80211: New scan results available
02-03 10:46:26.361 D/wpa_supplicant(  637): wlan0: Event SCAN_RESULTS (3) received
02-03 10:46:26.361 D/wpa_supplicant(  637): nl80211: Received scan results (25 BSSes)
02-03 10:46:26.361 D/wpa_supplicant(  637): nl80211: Survey data missing
02-03 10:46:26.361 D/wpa_supplicant(  637): wlan0: BSS: Start scan result update 102
02-03 10:46:26.361 D/wpa_supplicant(  637): wlan0: BSS: Add new id 425 BSSID b0:48:7a:51:ff:cc SSID 'Neusoft TP'
02-03 10:46:26.361 D/wpa_supplicant(  637): CTRL_IFACE monitor send - hexdump(len=39): 2f 64 61 74 61 2f 6d 69 73 63 2f 77 69 66 69 2f 73 6f 63 6b 65 74 73 2f 77 70 61 5f 63 74 72 6c ...
02-03 10:46:26.361 D/wpa_supplicant(  637): wlan0: BSS: Add new id 426 BSSID 22:48:9a:ac:31:5b SSID 'dean1'
02-03 10:46:26.361 D/wpa_supplicant(  637): CTRL_IFACE monitor send - hexdump(len=39): 2f 64 61 74 61 2f 6d 69 73 63 2f 77 69 66 69 2f 73 6f 63 6b 65 74 73 2f 77 70 61 5f 63 74 72 6c ...
02-03 10:46:26.361 D/wpa_supplicant(  637): wlan0: BSS: Add new id 427 BSSID 22:48:9a:ac:31:7f SSID 'WiFi874'
02-03 10:46:26.361 D/wpa_supplicant(  637): CTRL_IFACE monitor send - hexdump(len=39): 2f 64 61 74 61 2f 6d 69 73 63 2f 77 69 66 69 2f 73 6f 63 6b 65 74 73 2f 77 70 61 5f 63 74 72 6c ...
02-03 10:46:26.361 D/wpa_supplicant(  637): wlan0: BSS: Add new id 428 BSSID 02:1a:11:f6:67:da SSID 'love U forever'
02-03 10:46:26.361 D/wpa_supplicant(  637): CTRL_IFACE monitor send - hexdump(len=39): 2f 64 61 74 61 2f 6d 69 73 63 2f 77 69 66 69 2f 73 6f 63 6b 65 74 73 2f 77 70 61 5f 63 74 72 6c ...
02-03 10:46:26.361 D/wpa_supplicant(  637): wlan0: BSS: Add new id 429 BSSID 1c:65:9d:e8:79:44 SSID 'WiFi'
02-03 10:46:26.361 D/wpa_supplicant(  637): CTRL_IFACE monitor send - hexdump(len=39): 2f 64 61 74 61 2f 6d 69 73 63 2f 77 69 66 69 2f 73 6f 63 6b 65 74 73 2f 77 70 61 5f 63 74 72 6c ...
02-03 10:46:26.361 D/wpa_supplicant(  637): wlan0: BSS: Add new id 430 BSSID 02:09:4c:68:45:82 SSID 'DIRECT-'
02-03 10:46:26.361 D/wpa_supplicant(  637): CTRL_IFACE monitor send - hexdump(len=39): 2f 64 61 74 61 2f 6d 69 73 63 2f 77 69 66 69 2f 73 6f 63 6b 65 74 73 2f 77 70 61 5f 63 74 72 6c ...
02-03 10:46:26.361 D/wpa_supplicant(  637): wlan0: BSS: Add new id 431 BSSID 4c:e6:76:a5:4d:e0 SSID 'BUFFALO-A54DE0-1'
02-03 10:46:26.361 D/wpa_supplicant(  637): CTRL_IFACE monitor send - hexdump(len=39): 2f 64 61 74 61 2f 6d 69 73 63 2f 77 69 66 69 2f 73 6f 63 6b 65 74 73 2f 77 70 61 5f 63 74 72 6c ...
02-03 10:46:26.361 D/wpa_supplicant(  637): wlan0: BSS: Remove id 422 BSSID 8c:be:be:01:00:49 SSID 'xmw' due to no match in scan
02-03 10:46:26.361 D/wpa_supplicant(  637): CTRL_IFACE monitor send - hexdump(len=39): 2f 64 61 74 61 2f 6d 69 73 63 2f 77 69 66 69 2f 73 6f 63 6b 65 74 73 2f 77 70 61 5f 63 74 72 6c ...
02-03 10:46:26.361 D/wpa_supplicant(  637): BSS: last_scan_res_used=25/32 last_scan_full=0
02-03 10:46:26.361 D/wpa_supplicant(  637): wlan0: New scan results available
02-03 10:46:26.361 D/wpa_supplicant(  637): CTRL_IFACE monitor send - hexdump(len=39): 2f 64 61 74 61 2f 6d 69 73 63 2f 77 69 66 69 2f 73 6f 63 6b 65 74 73 2f 77 70 61 5f 63 74 72 6c ...
02-03 10:46:26.361 D/wpa_supplicant(  637): CTRL_IFACE monitor send - hexdump(len=39): 2f 64 61 74 61 2f 6d 69 73 63 2f 77 69 66 69 2f 73 6f 63 6b 65 74 73 2f 77 70 61 5f 63 74 72 6c ...
02-03 10:46:26.361 D/wpa_supplicant(  637): Authorize channel 1
02-03 10:46:26.361 D/wpa_supplicant(  637): Authorize channel 2
02-03 10:46:26.361 D/wpa_supplicant(  637): Authorize channel 3
02-03 10:46:26.361 D/wpa_supplicant(  637): Authorize channel 4
02-03 10:46:26.361 D/wpa_supplicant(  637): Authorize channel 5
02-03 10:46:26.361 D/wpa_supplicant(  637): Authorize channel 6
02-03 10:46:26.361 D/wpa_supplicant(  637): Authorize channel 7
02-03 10:46:26.361 D/wpa_supplicant(  637): Authorize channel 8
02-03 10:46:26.361 D/wpa_supplicant(  637): Authorize channel 9
02-03 10:46:26.361 D/wpa_supplicant(  637): Authorize channel 10
02-03 10:46:26.361 D/wpa_supplicant(  637): Authorize channel 11
02-03 10:46:26.361 D/wpa_supplicant(  637): Authorize channel 12
02-03 10:46:26.361 D/wpa_supplicant(  637): Authorize channel 13
02-03 10:46:26.361 D/wpa_supplicant(  637): Authorize channel 1
02-03 10:46:26.361 D/wpa_supplicant(  637): Authorize channel 2
02-03 10:46:26.361 D/wpa_supplicant(  637): Authorize channel 3
02-03 10:46:26.361 D/wpa_supplicant(  637): Authorize channel 4
02-03 10:46:26.361 D/wpa_supplicant(  637): Authorize channel 5
02-03 10:46:26.361 D/wpa_supplicant(  637): Authorize channel 6
02-03 10:46:26.361 D/wpa_supplicant(  637): Authorize channel 7
02-03 10:46:26.361 D/wpa_supplicant(  637): Authorize channel 8
02-03 10:46:26.361 D/wpa_supplicant(  637): Authorize channel 9
02-03 10:46:26.361 D/wpa_supplicant(  637): Authorize channel 10
02-03 10:46:26.361 D/wpa_supplicant(  637): Authorize channel 11
02-03 10:46:26.361 D/wpa_supplicant(  637): Authorize channel 12
02-03 10:46:26.361 D/wpa_supplicant(  637): Authorize channel 13
02-03 10:46:26.361 D/wpa_supplicant(  637): Add access point on channel 6
02-03 10:46:26.361 D/wpa_supplicant(  637): Add access point on channel 11
02-03 10:46:26.361 D/wpa_supplicant(  637): Add access point on channel 6
02-03 10:46:26.361 D/wpa_supplicant(  637): Add access point on channel 11
02-03 10:46:26.361 D/wpa_supplicant(  637): Add access point on channel 11
02-03 10:46:26.361 D/wpa_supplicant(  637): Add access point on channel 11
02-03 10:46:26.361 D/wpa_supplicant(  637): Add access point on channel 11
02-03 10:46:26.361 D/wpa_supplicant(  637): Add access point on channel 6
02-03 10:46:26.361 D/wpa_supplicant(  637): Add access point on channel 1
02-03 10:46:26.361 D/wpa_supplicant(  637): Add access point on channel 6
02-03 10:46:26.361 D/wpa_supplicant(  637): Add access point on channel 1
02-03 10:46:26.361 D/wpa_supplicant(  637): Add access point on channel 3
02-03 10:46:26.361 D/wpa_supplicant(  637): Add access point on channel 11
02-03 10:46:26.361 D/wpa_supplicant(  637): Add access point on channel 6
02-03 10:46:26.361 D/wpa_supplicant(  637): Add access point on channel 1
02-03 10:46:26.361 D/wpa_supplicant(  637): Add access point on channel 6
02-03 10:46:26.361 D/wpa_supplicant(  637): Add access point on channel 6
02-03 10:46:26.361 D/wpa_supplicant(  637): Add access point on channel 1
02-03 10:46:26.361 D/wpa_supplicant(  637): Add access point on channel 6
02-03 10:46:26.361 D/wpa_supplicant(  637): Add access point on channel 6
02-03 10:46:26.361 D/wpa_supplicant(  637): Add access point on channel 1
02-03 10:46:26.361 D/wpa_supplicant(  637): Add access point on channel 6
02-03 10:46:26.361 D/wpa_supplicant(  637): Add access point on channel 11
02-03 10:46:26.361 D/wpa_supplicant(  637): Add access point on channel 4
02-03 10:46:26.361 D/wpa_supplicant(  637): Add access point on channel 6
02-03 10:46:26.361 D/wpa_supplicant(  637): Add access point on channel 6
02-03 10:46:26.361 D/wpa_supplicant(  637): Add access point on channel 6
02-03 10:46:26.361 D/wpa_supplicant(  637): Add access point on channel 6
02-03 10:46:26.361 D/wpa_supplicant(  637): Add access point on channel 1
02-03 10:46:26.361 D/wpa_supplicant(  637): Add access point on channel 11
02-03 10:46:26.361 D/wpa_supplicant(  637): Best Operating channel is = 1
02-03 10:46:26.361 I/WifiHW  (  547): EVENT: IFNAME=wlan0 CTRL-EVENT-BSS-ADDED 425 b0:48:7a:51:ff:cc
02-03 10:46:26.361 D/wpa_supplicant(  637): WPS: AP[0] f8:d1:11:e7:99:e8 type=0 tries=0 last_attempt=-1 sec ago blacklist=0
02-03 10:46:26.361 D/wpa_supplicant(  637): WPS: AP[1] cc:34:29:2b:26:4c type=0 tries=0 last_attempt=-1 sec ago blacklist=0
02-03 10:46:26.361 D/wpa_supplicant(  637): WPS: AP[2] 98:fc:11:81:35:fb type=0 tries=0 last_attempt=-1 sec ago blacklist=0
02-03 10:46:26.361 D/wpa_supplicant(  637): WPS: AP[3] 10:c3:7b:d2:e5:e0 type=0 tries=0 last_attempt=-1 sec ago blacklist=0
02-03 10:46:26.361 D/wpa_supplicant(  637): WPS: AP[4] b0:48:7a:20:66:6a type=0 tries=0 last_attempt=-1 sec ago blacklist=0
02-03 10:46:26.361 D/wpa_supplicant(  637): WPS: AP[5] 44:94:fc:3d:da:38 type=0 tries=0 last_attempt=-1 sec ago blacklist=0
02-03 10:46:26.361 D/wpa_supplicant(  637): WPS: AP[6] b0:48:7a:51:ff:cc type=0 tries=0 last_attempt=-1 sec ago blacklist=0
02-03 10:46:26.361 I/WifiHW  (  547): EVENT: IFNAME=wlan0 CTRL-EVENT-BSS-ADDED 426 22:48:9a:ac:31:5b
02-03 10:46:26.361 D/wpa_supplicant(  637): WPS: AP[7] 2c:b0:5d:7f:f4:24 type=0 tries=0 last_attempt=-1 sec ago blacklist=0
02-03 10:46:26.361 D/wpa_supplicant(  637): WPS: AP[8] bc:ee:7b:97:78:35 type=0 tries=0 last_attempt=-1 sec ago blacklist=0
02-03 10:46:26.361 D/wpa_supplicant(  637): WPS: AP[9] 14:d6:4d:28:ef:c8 type=0 tries=0 last_attempt=-1 sec ago blacklist=0
02-03 10:46:26.361 D/wpa_supplicant(  637): WPS: AP[10] cc:34:29:2c:fb:ec type=0 tries=0 last_attempt=-1 sec ago blacklist=0
02-03 10:46:26.361 D/wpa_supplicant(  637): WPS: AP[11] e4:d3:32:36:2e:54 type=0 tries=0 last_attempt=-1 sec ago blacklist=0
02-03 10:46:26.361 D/wpa_supplicant(  637): WPS: AP[12] c0:c1:c0:76:81:3c type=0 tries=0 last_attempt=-1 sec ago blacklist=0
02-03 10:46:26.361 D/wpa_supplicant(  637): WPS: AP[13] ac:f1:df:cf:85:c0 type=0 tries=0 last_attempt=-1 sec ago blacklist=0
02-03 10:46:26.361 I/WifiHW  (  547): EVENT: IFNAME=wlan0 CTRL-EVENT-BSS-ADDED 427 22:48:9a:ac:31:7f
02-03 10:46:26.361 D/wpa_supplicant(  637): WPS: AP[14] 4c:e6:76:a5:4d:e0 type=0 tries=0 last_attempt=-1 sec ago blacklist=0
02-03 10:46:26.361 D/wpa_supplicant(  637): WPS: AP[15] c0:a0:bb:20:3b:84 type=0 tries=0 last_attempt=-1 sec ago blacklist=0
02-03 10:46:26.361 D/wpa_supplicant(  637): WPS: AP[16] 02:13:20:ff:b4:e6 type=0 tries=0 last_attempt=-1 sec ago blacklist=0
02-03 10:46:26.361 D/wpa_supplicant(  637): wlan0: Selecting BSS from priority group 24
02-03 10:46:26.361 I/WifiHW  (  547): EVENT: IFNAME=wlan0 CTRL-EVENT-BSS-ADDED 428 02:1a:11:f6:67:da
02-03 10:46:26.361 D/wpa_supplicant(  637): wlan0: 0: 6c:8b:2f:e9:d1:da ssid='ZTE_AP_1640' wpa_ie_len=0 rsn_ie_len=20 caps=0x511 level=-46
02-03 10:46:26.361 D/wpa_supplicant(  637): wlan0:    skip - disabled
02-03 10:46:26.361 D/wpa_supplicant(  637): wlan0: 1: f8:d1:11:e7:99:e8 ssid='videotest' wpa_ie_len=22 rsn_ie_len=20 caps=0x531 level=-46 wps
02-03 10:46:26.361 D/wpa_supplicant(  637): wlan0:    skip - disabled
02-03 10:46:26.361 I/WifiHW  (  547): EVENT: IFNAME=wlan0 CTRL-EVENT-BSS-ADDED 429 1c:65:9d:e8:79:44
02-03 10:46:26.361 D/wpa_supplicant(  637): wlan0: 2: 6c:8b:2f:e8:38:24 ssid='ZTE_AP_6703' wpa_ie_len=0 rsn_ie_len=20 caps=0x511 level=-50
02-03 10:46:26.361 D/wpa_supplicant(  637): wlan0:    skip - disabled
02-03 10:46:26.361 D/wpa_supplicant(  637): wlan0: 3: 02:1a:11:f2:bf:af ssid='Android' wpa_ie_len=0 rsn_ie_len=20 caps=0x511 level=-54
02-03 10:46:26.361 D/wpa_supplicant(  637): wlan0:    skip - disabled
02-03 10:46:26.361 I/WifiHW  (  547): EVENT: IFNAME=wlan0 CTRL-EVENT-BSS-ADDED 430 02:09:4c:68:45:82
02-03 10:46:26.361 D/wpa_supplicant(  637): wlan0: 4: cc:34:29:2c:fb:ec ssid='linksys' wpa_ie_len=22 rsn_ie_len=20 caps=0x431 level=-54 wps
02-03 10:46:26.361 D/wpa_supplicant(  637): wlan0:    skip - disabled
02-03 10:46:26.361 D/wpa_supplicant(  637): wlan0: 5: cc:34:29:2b:26:4c ssid='cws-test' wpa_ie_len=0 rsn_ie_len=20 caps=0x431 level=-55 wps
02-03 10:46:26.361 D/wpa_supplicant(  637): wlan0:    skip - disabled
02-03 10:46:26.361 I/WifiHW  (  547): EVENT: IFNAME=wlan0 CTRL-EVENT-BSS-ADDED 431 4c:e6:76:a5:4d:e0
02-03 10:46:26.361 D/wpa_supplicant(  637): wlan0: 6: 10:c3:7b:d2:e5:e0 ssid='ASUS_RT-AC66U-2.4G' wpa_ie_len=0 rsn_ie_len=20 caps=0x411 level=-56 wps
02-03 10:46:26.361 D/wpa_supplicant(  637): wlan0:    skip - disabled
02-03 10:46:26.361 D/wpa_supplicant(  637): wlan0: 7: 98:fc:11:81:35:fb ssid='E2000E' wpa_ie_len=0 rsn_ie_len=20 caps=0x411 level=-59 wps
02-03 10:46:26.361 D/wpa_supplicant(  637): wlan0:    skip - disabled
02-03 10:46:26.361 I/WifiHW  (  547): EVENT: IFNAME=wlan0 CTRL-EVENT-BSS-REMOVED 422 8c:be:be:01:00:49
02-03 10:46:26.361 D/wpa_supplicant(  637): wlan0: 8: 90:94:e4:03:45:f5 ssid='2553q' wpa_ie_len=0 rsn_ie_len=24 caps=0x431 level=-61
02-03 10:46:26.361 D/wpa_supplicant(  637): wlan0:    skip - disabled
02-03 10:46:26.361 D/wpa_supplicant(  637): wlan0: 9: b0:48:7a:51:ff:cc ssid='Neusoft TP' wpa_ie_len=22 rsn_ie_len=20 caps=0x431 level=-62 wps
02-03 10:46:26.361 D/wpa_supplicant(  637): wlan0:    skip - disabled
02-03 10:46:26.361 I/WifiHW  (  547): EVENT: IFNAME=wlan0 CTRL-EVENT-SCAN-RESULTS 
02-03 10:46:26.361 D/wpa_supplicant(  637): wlan0: 10: 02:1a:11:fc:c3:59 ssid='test only' wpa_ie_len=0 rsn_ie_len=20 caps=0x431 level=-62
02-03 10:46:26.361 D/wpa_supplicant(  637): wlan0:    skip - disabled
02-03 10:46:26.361 D/wpa_supplicant(  637): wlan0: 11: b0:48:7a:20:66:6a ssid='TP-LINK_20666A' wpa_ie_len=22 rsn_ie_len=20 caps=0x431 level=-64 wps
02-03 10:46:26.361 D/wpa_supplicant(  637): wlan0:    skip - disabled
02-03 10:46:26.361 D/wpa_supplicant(  637): wlan0: 12: 22:48:9a:ac:31:5b ssid='dean1' wpa_ie_len=0 rsn_ie_len=20 caps=0x431 level=-64
02-03 10:46:26.361 D/wpa_supplicant(  637): wlan0:    skip - disabled
02-03 10:46:26.361 D/wpa_supplicant(  637): wlan0: 13: 22:48:9a:ac:31:7f ssid='WiFi874' wpa_ie_len=0 rsn_ie_len=20 caps=0x431 level=-65
02-03 10:46:26.361 D/wpa_supplicant(  637): wlan0:    skip - disabled
02-03 10:46:26.361 I/WifiHW  (  547): EVENT: IFNAME=wlan0 WPS-AP-AVAILABLE 
02-03 10:46:26.361 D/wpa_supplicant(  637): wlan0: 14: 00:0f:e2:0f:9f:c1 ssid='321_WAN' wpa_ie_len=28 rsn_ie_len=24 caps=0x411 level=-68
02-03 10:46:26.361 D/wpa_supplicant(  637): wlan0:    skip - disabled
02-03 10:46:26.361 D/wpa_supplicant(  637): wlan0: 15: 74:e5:43:24:f4:5b ssid='Dttest' wpa_ie_len=0 rsn_ie_len=20 caps=0x31 level=-69
02-03 10:46:26.361 D/wpa_supplicant(  637): wlan0:    skip - disabled
02-03 10:46:26.361 D/wpa_supplicant(  637): wlan0: 16: 02:1a:11:f6:67:da ssid='love U forever' wpa_ie_len=0 rsn_ie_len=20 caps=0x431 level=-70
02-03 10:46:26.361 D/wpa_supplicant(  637): wlan0:    skip - disabled
02-03 10:46:26.361 D/wpa_supplicant(  637): wlan0: 17: 14:d6:4d:28:ef:c8 ssid='dlink' wpa_ie_len=0 rsn_ie_len=20 caps=0x31 level=-71 wps
02-03 10:46:26.361 D/wpa_supplicant(  637): wlan0:    skip - disabled
02-03 10:46:26.361 D/wpa_supplicant(  637): wlan0: 18: 44:94:fc:3d:da:38 ssid='6300' wpa_ie_len=0 rsn_ie_len=20 caps=0x411 level=-72 wps
02-03 10:46:26.361 I/WifiHW  (  547): CMD: IFNAME=wlan0 BSS RANGE=0- MASK=0x21987
02-03 10:46:26.361 D/wpa_supplicant(  637): wlan0:    skip - disabled
02-03 10:46:26.361 D/wpa_supplicant(  637): wlan0: 19: 80:1f:02:43:fb:e8 ssid='Edimax AP' wpa_ie_len=0 rsn_ie_len=20 caps=0x411 level=-75
02-03 10:46:26.361 D/wpa_supplicant(  637): wlan0:    skip - disabled
02-03 10:46:26.361 D/wpa_supplicant(  637): wlan0: 20: 1c:65:9d:e8:79:44 ssid='WiFi' wpa_ie_len=0 rsn_ie_len=20 caps=0x511 level=-76
02-03 10:46:26.361 D/wpa_supplicant(  637): wlan0:    skip - disabled
02-03 10:46:26.361 D/wpa_supplicant(  637): wlan0: 21: 02:09:4c:b9:0c:d6 ssid='DIRECT-' wpa_ie_len=0 rsn_ie_len=0 caps=0x410 level=-73
02-03 10:46:26.361 D/wpa_supplicant(  637): wlan0:    skip - disabled
02-03 10:46:26.361 D/wpa_supplicant(  637): wlan0: 22: 02:09:4c:68:45:82 ssid='DIRECT-' wpa_ie_len=0 rsn_ie_len=0 caps=0x410 level=-78
02-03 10:46:26.361 D/wpa_supplicant(  637): wlan0:    skip - disabled
02-03 10:46:26.361 D/wpa_supplicant(  637): wlan0: 23: 50:bd:5f:4b:29:92 ssid='Internet-2' wpa_ie_len=0 rsn_ie_len=0 caps=0x421 level=-65
02-03 10:46:26.361 D/wpa_supplicant(  637): wlan0:    skip - disabled
02-03 10:46:26.361 D/wpa_supplicant(  637): wlan0: 24: 4c:e6:76:a5:4d:e0 ssid='BUFFALO-A54DE0-1' wpa_ie_len=0 rsn_ie_len=0 caps=0x401 level=-78 wps
02-03 10:46:26.361 D/wpa_supplicant(  637): wlan0:    skip - disabled
02-03 10:46:26.361 D/wpa_supplicant(  637): wlan0: Selecting BSS from priority group 15
02-03 10:46:26.361 D/wpa_supplicant(  637): wlan0: 0: 6c:8b:2f:e9:d1:da ssid='ZTE_AP_1640' wpa_ie_len=0 rsn_ie_len=20 caps=0x511 level=-46
02-03 10:46:26.361 D/wpa_supplicant(  637): wlan0:    skip - SSID mismatch
02-03 10:46:26.361 D/wpa_supplicant(  637): wlan0: 1: f8:d1:11:e7:99:e8 ssid='videotest' wpa_ie_len=22 rsn_ie_len=20 caps=0x531 level=-46 wps
02-03 10:46:26.361 D/wpa_supplicant(  637): wlan0:    skip - SSID mismatch
02-03 10:46:26.361 D/wpa_supplicant(  637): wlan0: 2: 6c:8b:2f:e8:38:24 ssid='ZTE_AP_6703' wpa_ie_len=0 rsn_ie_len=20 caps=0x511 level=-50
02-03 10:46:26.361 D/wpa_supplicant(  637): wlan0:    skip - SSID mismatch
02-03 10:46:26.361 D/wpa_supplicant(  637): wlan0: 3: 02:1a:11:f2:bf:af ssid='Android' wpa_ie_len=0 rsn_ie_len=20 caps=0x511 level=-54
02-03 10:46:26.361 D/wpa_supplicant(  637): wlan0:    skip - SSID mismatch
02-03 10:46:26.361 D/wpa_supplicant(  637): wlan0: 4: cc:34:29:2c:fb:ec ssid='linksys' wpa_ie_len=22 rsn_ie_len=20 caps=0x431 level=-54 wps
02-03 10:46:26.361 D/wpa_supplicant(  637): wlan0:    skip - SSID mismatch
02-03 10:46:26.361 D/wpa_supplicant(  637): wlan0: 5: cc:34:29:2b:26:4c ssid='cws-test' wpa_ie_len=0 rsn_ie_len=20 caps=0x431 level=-55 wps
02-03 10:46:26.361 D/wpa_supplicant(  637): wlan0:    skip - SSID mismatch
02-03 10:46:26.361 D/wpa_supplicant(  637): wlan0: 6: 10:c3:7b:d2:e5:e0 ssid='ASUS_RT-AC66U-2.4G' wpa_ie_len=0 rsn_ie_len=20 caps=0x411 level=-56 wps
02-03 10:46:26.361 D/wpa_supplicant(  637): wlan0:    skip - SSID mismatch
02-03 10:46:26.361 D/wpa_supplicant(  637): wlan0: 7: 98:fc:11:81:35:fb ssid='E2000E' wpa_ie_len=0 rsn_ie_len=20 caps=0x411 level=-59 wps
02-03 10:46:26.361 D/wpa_supplicant(  637): wlan0:    skip - SSID mismatch
02-03 10:46:26.361 D/wpa_supplicant(  637): wlan0: 8: 90:94:e4:03:45:f5 ssid='2553q' wpa_ie_len=0 rsn_ie_len=24 caps=0x431 level=-61
02-03 10:46:26.361 D/wpa_supplicant(  637): wlan0:    skip - SSID mismatch
02-03 10:46:26.361 D/wpa_supplicant(  637): wlan0: 9: b0:48:7a:51:ff:cc ssid='Neusoft TP' wpa_ie_len=22 rsn_ie_len=20 caps=0x431 level=-62 wps
02-03 10:46:26.361 D/wpa_supplicant(  637): wlan0:    skip - SSID mismatch
02-03 10:46:26.361 D/wpa_supplicant(  637): wlan0: 10: 02:1a:11:fc:c3:59 ssid='test only' wpa_ie_len=0 rsn_ie_len=20 caps=0x431 level=-62
02-03 10:46:26.361 D/wpa_supplicant(  637): wlan0:    skip - SSID mismatch
02-03 10:46:26.361 D/wpa_supplicant(  637): wlan0: 11: b0:48:7a:20:66:6a ssid='TP-LINK_20666A' wpa_ie_len=22 rsn_ie_len=20 caps=0x431 level=-64 wps
02-03 10:46:26.361 D/wpa_supplicant(  637): wlan0:    skip - SSID mismatch
02-03 10:46:26.361 D/wpa_supplicant(  637): wlan0: 12: 22:48:9a:ac:31:5b ssid='dean1' wpa_ie_len=0 rsn_ie_len=20 caps=0x431 level=-64
02-03 10:46:26.361 D/wpa_supplicant(  637): wlan0:    skip - SSID mismatch
02-03 10:46:26.361 D/wpa_supplicant(  637): wlan0: 13: 22:48:9a:ac:31:7f ssid='WiFi874' wpa_ie_len=0 rsn_ie_len=20 caps=0x431 level=-65
02-03 10:46:26.361 D/wpa_supplicant(  637): wlan0:    skip - SSID mismatch
02-03 10:46:26.361 D/wpa_supplicant(  637): wlan0: 14: 00:0f:e2:0f:9f:c1 ssid='321_WAN' wpa_ie_len=28 rsn_ie_len=24 caps=0x411 level=-68
02-03 10:46:26.361 D/wpa_supplicant(  637): wlan0:    skip - SSID mismatch
02-03 10:46:26.361 D/wpa_supplicant(  637): wlan0: 15: 74:e5:43:24:f4:5b ssid='Dttest' wpa_ie_len=0 rsn_ie_len=20 caps=0x31 level=-69
02-03 10:46:26.361 D/wpa_supplicant(  637): wlan0:    skip - SSID mismatch
02-03 10:46:26.361 D/wpa_supplicant(  637): wlan0: 16: 02:1a:11:f6:67:da ssid='love U forever' wpa_ie_len=0 rsn_ie_len=20 caps=0x431 level=-70
02-03 10:46:26.361 D/wpa_supplicant(  637): wlan0:    skip - SSID mismatch
02-03 10:46:26.361 D/wpa_supplicant(  637): wlan0: 17: 14:d6:4d:28:ef:c8 ssid='dlink' wpa_ie_len=0 rsn_ie_len=20 caps=0x31 level=-71 wps
02-03 10:46:26.361 D/wpa_supplicant(  637): wlan0:    skip - SSID mismatch
02-03 10:46:26.361 D/wpa_supplicant(  637): wlan0: 18: 44:94:fc:3d:da:38 ssid='6300' wpa_ie_len=0 rsn_ie_len=20 caps=0x411 level=-72 wps
02-03 10:46:26.361 D/wpa_supplicant(  637): wlan0:    skip - SSID mismatch
02-03 10:46:26.361 D/wpa_supplicant(  637): wlan0: 19: 80:1f:02:43:fb:e8 ssid='Edimax AP' wpa_ie_len=0 rsn_ie_len=20 caps=0x411 level=-75
02-03 10:46:26.361 D/wpa_supplicant(  637): wlan0:    skip - SSID mismatch
02-03 10:46:26.361 D/wpa_supplicant(  637): wlan0: 20: 1c:65:9d:e8:79:44 ssid='WiFi' wpa_ie_len=0 rsn_ie_len=20 caps=0x511 level=-76
02-03 10:46:26.361 D/wpa_supplicant(  637): wlan0:    skip - SSID mismatch
02-03 10:46:26.361 D/wpa_supplicant(  637): wlan0: 21: 02:09:4c:b9:0c:d6 ssid='DIRECT-' wpa_ie_len=0 rsn_ie_len=0 caps=0x410 level=-73
02-03 10:46:26.361 D/wpa_supplicant(  637): wlan0:    skip - SSID mismatch
02-03 10:46:26.361 D/wpa_supplicant(  637): wlan0: 22: 02:09:4c:68:45:82 ssid='DIRECT-' wpa_ie_len=0 rsn_ie_len=0 caps=0x410 level=-78
02-03 10:46:26.361 D/wpa_supplicant(  637): wlan0:    skip - SSID mismatch
02-03 10:46:26.361 D/wpa_supplicant(  637): wlan0: 23: 50:bd:5f:4b:29:92 ssid='Internet-2' wpa_ie_len=0 rsn_ie_len=0 caps=0x421 level=-65
02-03 10:46:26.361 D/wpa_supplicant(  637): wlan0:    skip - SSID mismatch
02-03 10:46:26.361 D/wpa_supplicant(  637): wlan0: 24: 4c:e6:76:a5:4d:e0 ssid='BUFFALO-A54DE0-1' wpa_ie_len=0 rsn_ie_len=0 caps=0x401 level=-78 wps
02-03 10:46:26.361 D/wpa_supplicant(  637): wlan0:    skip - SSID mismatch
02-03 10:46:26.361 D/wpa_supplicant(  637): wlan0: Selecting BSS from priority group 14
02-03 10:46:26.361 D/wpa_supplicant(  637): wlan0: 0: 6c:8b:2f:e9:d1:da ssid='ZTE_AP_1640' wpa_ie_len=0 rsn_ie_len=20 caps=0x511 level=-46
02-03 10:46:26.361 D/wpa_supplicant(  637): wlan0:    skip - SSID mismatch
02-03 10:46:26.361 D/wpa_supplicant(  637): wlan0: 1: f8:d1:11:e7:99:e8 ssid='videotest' wpa_ie_len=22 rsn_ie_len=20 caps=0x531 level=-46 wps
02-03 10:46:26.361 D/wpa_supplicant(  637): wlan0:    skip - SSID mismatch
02-03 10:46:26.361 D/wpa_supplicant(  637): wlan0: 2: 6c:8b:2f:e8:38:24 ssid='ZTE_AP_6703' wpa_ie_len=0 rsn_ie_len=20 caps=0x511 level=-50
02-03 10:46:26.361 D/wpa_supplicant(  637): wlan0:    skip - SSID mismatch
02-03 10:46:26.361 D/wpa_supplicant(  637): wlan0: 3: 02:1a:11:f2:bf:af ssid='Android' wpa_ie_len=0 rsn_ie_len=20 caps=0x511 level=-54
02-03 10:46:26.361 D/wpa_supplicant(  637): wlan0:    skip - SSID mismatch
02-03 10:46:26.361 D/wpa_supplicant(  637): wlan0: 4: cc:34:29:2c:fb:ec ssid='linksys' wpa_ie_len=22 rsn_ie_len=20 caps=0x431 level=-54 wps
02-03 10:46:26.361 D/wpa_supplicant(  637): wlan0:    skip - SSID mismatch
02-03 10:46:26.361 D/wpa_supplicant(  637): wlan0: 5: cc:34:29:2b:26:4c ssid='cws-test' wpa_ie_len=0 rsn_ie_len=20 caps=0x431 level=-55 wps
02-03 10:46:26.361 D/wpa_supplicant(  637): wlan0:    skip - SSID mismatch
02-03 10:46:26.361 D/wpa_supplicant(  637): wlan0: 6: 10:c3:7b:d2:e5:e0 ssid='ASUS_RT-AC66U-2.4G' wpa_ie_len=0 rsn_ie_len=20 caps=0x411 level=-56 wps
02-03 10:46:26.361 D/wpa_supplicant(  637): wlan0:    skip - SSID mismatch
02-03 10:46:26.361 D/wpa_supplicant(  637): wlan0: 7: 98:fc:11:81:35:fb ssid='E2000E' wpa_ie_len=0 rsn_ie_len=20 caps=0x411 level=-59 wps
02-03 10:46:26.361 D/wpa_supplicant(  637): wlan0:    skip - SSID mismatch
02-03 10:46:26.361 D/wpa_supplicant(  637): wlan0: 8: 90:94:e4:03:45:f5 ssid='2553q' wpa_ie_len=0 rsn_ie_len=24 caps=0x431 level=-61
02-03 10:46:26.361 D/wpa_supplicant(  637): wlan0:    skip - SSID mismatch
02-03 10:46:26.361 D/wpa_supplicant(  637): wlan0: 9: b0:48:7a:51:ff:cc ssid='Neusoft TP' wpa_ie_len=22 rsn_ie_len=20 caps=0x431 level=-62 wps
02-03 10:46:26.361 D/wpa_supplicant(  637): wlan0:    skip - SSID mismatch
02-03 10:46:26.361 D/wpa_supplicant(  637): wlan0: 10: 02:1a:11:fc:c3:59 ssid='test only' wpa_ie_len=0 rsn_ie_len=20 caps=0x431 level=-62
02-03 10:46:26.361 D/wpa_supplicant(  637): wlan0:    skip - SSID mismatch
02-03 10:46:26.361 D/wpa_supplicant(  637): wlan0: 11: b0:48:7a:20:66:6a ssid='TP-LINK_20666A' wpa_ie_len=22 rsn_ie_len=20 caps=0x431 level=-64 wps
02-03 10:46:26.361 D/wpa_supplicant(  637): wlan0:    skip - SSID mismatch
02-03 10:46:26.361 D/wpa_supplicant(  637): wlan0: 12: 22:48:9a:ac:31:5b ssid='dean1' wpa_ie_len=0 rsn_ie_len=20 caps=0x431 level=-64
02-03 10:46:26.361 D/wpa_supplicant(  637): wlan0:    skip - SSID mismatch
02-03 10:46:26.361 D/wpa_supplicant(  637): wlan0: 13: 22:48:9a:ac:31:7f ssid='WiFi874' wpa_ie_len=0 rsn_ie_len=20 caps=0x431 level=-65
02-03 10:46:26.361 D/wpa_supplicant(  637): wlan0:    skip - SSID mismatch
02-03 10:46:26.361 D/wpa_supplicant(  637): wlan0: 14: 00:0f:e2:0f:9f:c1 ssid='321_WAN' wpa_ie_len=28 rsn_ie_len=24 caps=0x411 level=-68
02-03 10:46:26.371 D/wpa_supplicant(  637): wlan0:    skip - SSID mismatch
02-03 10:46:26.371 D/wpa_supplicant(  637): wlan0: 15: 74:e5:43:24:f4:5b ssid='Dttest' wpa_ie_len=0 rsn_ie_len=20 caps=0x31 level=-69
02-03 10:46:26.371 D/wpa_supplicant(  637): wlan0:    skip - SSID mismatch
02-03 10:46:26.371 D/wpa_supplicant(  637): wlan0: 16: 02:1a:11:f6:67:da ssid='love U forever' wpa_ie_len=0 rsn_ie_len=20 caps=0x431 level=-70
02-03 10:46:26.371 D/wpa_supplicant(  637): wlan0:    skip - SSID mismatch
02-03 10:46:26.371 D/wpa_supplicant(  637): wlan0: 17: 14:d6:4d:28:ef:c8 ssid='dlink' wpa_ie_len=0 rsn_ie_len=20 caps=0x31 level=-71 wps
02-03 10:46:26.371 D/wpa_supplicant(  637): wlan0:    skip - SSID mismatch
02-03 10:46:26.371 D/wpa_supplicant(  637): wlan0: 18: 44:94:fc:3d:da:38 ssid='6300' wpa_ie_len=0 rsn_ie_len=20 caps=0x411 level=-72 wps
02-03 10:46:26.371 D/wpa_supplicant(  637): wlan0:    skip - SSID mismatch
02-03 10:46:26.371 D/wpa_supplicant(  637): wlan0: 19: 80:1f:02:43:fb:e8 ssid='Edimax AP' wpa_ie_len=0 rsn_ie_len=20 caps=0x411 level=-75
02-03 10:46:26.371 D/wpa_supplicant(  637): wlan0:    skip - SSID mismatch
02-03 10:46:26.371 D/wpa_supplicant(  637): wlan0: 20: 1c:65:9d:e8:79:44 ssid='WiFi' wpa_ie_len=0 rsn_ie_len=20 caps=0x511 level=-76
02-03 10:46:26.371 D/wpa_supplicant(  637): wlan0:    skip - SSID mismatch
02-03 10:46:26.371 D/wpa_supplicant(  637): wlan0: 21: 02:09:4c:b9:0c:d6 ssid='DIRECT-' wpa_ie_len=0 rsn_ie_len=0 caps=0x410 level=-73
02-03 10:46:26.371 D/wpa_supplicant(  637): wlan0:    skip - SSID mismatch
02-03 10:46:26.371 D/wpa_supplicant(  637): wlan0: 22: 02:09:4c:68:45:82 ssid='DIRECT-' wpa_ie_len=0 rsn_ie_len=0 caps=0x410 level=-78
02-03 10:46:26.371 D/wpa_supplicant(  637): wlan0:    skip - SSID mismatch
02-03 10:46:26.371 D/wpa_supplicant(  637): wlan0: 23: 50:bd:5f:4b:29:92 ssid='Internet-2' wpa_ie_len=0 rsn_ie_len=0 caps=0x421 level=-65
02-03 10:46:26.371 D/wpa_supplicant(  637): wlan0:    skip - SSID mismatch
02-03 10:46:26.371 D/wpa_supplicant(  637): wlan0: 24: 4c:e6:76:a5:4d:e0 ssid='BUFFALO-A54DE0-1' wpa_ie_len=0 rsn_ie_len=0 caps=0x401 level=-78 wps
02-03 10:46:26.371 D/wpa_supplicant(  637): wlan0:    skip - SSID mismatch
02-03 10:46:26.371 D/wpa_supplicant(  637): wlan0: Selecting BSS from priority group 13
02-03 10:46:26.371 D/wpa_supplicant(  637): wlan0: 0: 6c:8b:2f:e9:d1:da ssid='ZTE_AP_1640' wpa_ie_len=0 rsn_ie_len=20 caps=0x511 level=-46
02-03 10:46:26.371 D/wpa_supplicant(  637): wlan0:    skip - disabled
02-03 10:46:26.371 D/wpa_supplicant(  637): wlan0: 1: f8:d1:11:e7:99:e8 ssid='videotest' wpa_ie_len=22 rsn_ie_len=20 caps=0x531 level=-46 wps
02-03 10:46:26.371 D/wpa_supplicant(  637): wlan0:    skip - disabled
02-03 10:46:26.371 D/wpa_supplicant(  637): wlan0: 2: 6c:8b:2f:e8:38:24 ssid='ZTE_AP_6703' wpa_ie_len=0 rsn_ie_len=20 caps=0x511 level=-50
02-03 10:46:26.371 D/wpa_supplicant(  637): wlan0:    skip - disabled
02-03 10:46:26.371 D/wpa_supplicant(  637): wlan0: 3: 02:1a:11:f2:bf:af ssid='Android' wpa_ie_len=0 rsn_ie_len=20 caps=0x511 level=-54
02-03 10:46:26.371 D/wpa_supplicant(  637): wlan0:    skip - disabled
02-03 10:46:26.371 D/wpa_supplicant(  637): wlan0: 4: cc:34:29:2c:fb:ec ssid='linksys' wpa_ie_len=22 rsn_ie_len=20 caps=0x431 level=-54 wps
02-03 10:46:26.371 D/wpa_supplicant(  637): wlan0:    skip - disabled
02-03 10:46:26.371 D/wpa_supplicant(  637): wlan0: 5: cc:34:29:2b:26:4c ssid='cws-test' wpa_ie_len=0 rsn_ie_len=20 caps=0x431 level=-55 wps
02-03 10:46:26.371 D/wpa_supplicant(  637): wlan0:    skip - disabled
02-03 10:46:26.371 D/wpa_supplicant(  637): wlan0: 6: 10:c3:7b:d2:e5:e0 ssid='ASUS_RT-AC66U-2.4G' wpa_ie_len=0 rsn_ie_len=20 caps=0x411 level=-56 wps
02-03 10:46:26.371 D/wpa_supplicant(  637): wlan0:    skip - disabled
02-03 10:46:26.371 D/wpa_supplicant(  637): wlan0: 7: 98:fc:11:81:35:fb ssid='E2000E' wpa_ie_len=0 rsn_ie_len=20 caps=0x411 level=-59 wps
02-03 10:46:26.371 D/wpa_supplicant(  637): wlan0:    skip - disabled
02-03 10:46:26.371 D/wpa_supplicant(  637): wlan0: 8: 90:94:e4:03:45:f5 ssid='2553q' wpa_ie_len=0 rsn_ie_len=24 caps=0x431 level=-61
02-03 10:46:26.371 D/wpa_supplicant(  637): wlan0:    skip - disabled
02-03 10:46:26.371 D/wpa_supplicant(  637): wlan0: 9: b0:48:7a:51:ff:cc ssid='Neusoft TP' wpa_ie_len=22 rsn_ie_len=20 caps=0x431 level=-62 wps
02-03 10:46:26.371 D/wpa_supplicant(  637): wlan0:    skip - disabled
02-03 10:46:26.371 D/wpa_supplicant(  637): wlan0: 10: 02:1a:11:fc:c3:59 ssid='test only' wpa_ie_len=0 rsn_ie_len=20 caps=0x431 level=-62
02-03 10:46:26.371 D/wpa_supplicant(  637): wlan0:    skip - disabled
02-03 10:46:26.371 D/wpa_supplicant(  637): wlan0: 11: b0:48:7a:20:66:6a ssid='TP-LINK_20666A' wpa_ie_len=22 rsn_ie_len=20 caps=0x431 level=-64 wps
02-03 10:46:26.371 D/wpa_supplicant(  637): wlan0:    skip - disabled
02-03 10:46:26.371 D/wpa_supplicant(  637): wlan0: 12: 22:48:9a:ac:31:5b ssid='dean1' wpa_ie_len=0 rsn_ie_len=20 caps=0x431 level=-64
02-03 10:46:26.371 D/wpa_supplicant(  637): wlan0:    skip - disabled
02-03 10:46:26.371 D/wpa_supplicant(  637): wlan0: 13: 22:48:9a:ac:31:7f ssid='WiFi874' wpa_ie_len=0 rsn_ie_len=20 caps=0x431 level=-65
02-03 10:46:26.371 D/wpa_supplicant(  637): wlan0:    skip - disabled
02-03 10:46:26.371 D/wpa_supplicant(  637): wlan0: 14: 00:0f:e2:0f:9f:c1 ssid='321_WAN' wpa_ie_len=28 rsn_ie_len=24 caps=0x411 level=-68
02-03 10:46:26.371 D/wpa_supplicant(  637): wlan0:    skip - disabled
02-03 10:46:26.371 D/wpa_supplicant(  637): wlan0: 15: 74:e5:43:24:f4:5b ssid='Dttest' wpa_ie_len=0 rsn_ie_len=20 caps=0x31 level=-69
02-03 10:46:26.371 D/wpa_supplicant(  637): wlan0:    skip - disabled
02-03 10:46:26.371 D/wpa_supplicant(  637): wlan0: 16: 02:1a:11:f6:67:da ssid='love U forever' wpa_ie_len=0 rsn_ie_len=20 caps=0x431 level=-70
02-03 10:46:26.371 D/wpa_supplicant(  637): wlan0:    skip - disabled
02-03 10:46:26.371 D/wpa_supplicant(  637): wlan0: 17: 14:d6:4d:28:ef:c8 ssid='dlink' wpa_ie_len=0 rsn_ie_len=20 caps=0x31 level=-71 wps
02-03 10:46:26.371 D/wpa_supplicant(  637): wlan0:    skip - disabled
02-03 10:46:26.371 D/wpa_supplicant(  637): wlan0: 18: 44:94:fc:3d:da:38 ssid='6300' wpa_ie_len=0 rsn_ie_len=20 caps=0x411 level=-72 wps
02-03 10:46:26.371 D/wpa_supplicant(  637): wlan0:    skip - disabled
02-03 10:46:26.371 D/wpa_supplicant(  637): wlan0: 19: 80:1f:02:43:fb:e8 ssid='Edimax AP' wpa_ie_len=0 rsn_ie_len=20 caps=0x411 level=-75
02-03 10:46:26.371 D/wpa_supplicant(  637): wlan0:    skip - disabled
02-03 10:46:26.371 D/wpa_supplicant(  637): wlan0: 20: 1c:65:9d:e8:79:44 ssid='WiFi' wpa_ie_len=0 rsn_ie_len=20 caps=0x511 level=-76
02-03 10:46:26.371 D/wpa_supplicant(  637): wlan0:    skip - disabled
02-03 10:46:26.371 D/wpa_supplicant(  637): wlan0: 21: 02:09:4c:b9:0c:d6 ssid='DIRECT-' wpa_ie_len=0 rsn_ie_len=0 caps=0x410 level=-73
02-03 10:46:26.371 D/wpa_supplicant(  637): wlan0:    skip - disabled
02-03 10:46:26.371 D/wpa_supplicant(  637): wlan0: 22: 02:09:4c:68:45:82 ssid='DIRECT-' wpa_ie_len=0 rsn_ie_len=0 caps=0x410 level=-78
02-03 10:46:26.371 D/wpa_supplicant(  637): wlan0:    skip - disabled
02-03 10:46:26.371 D/wpa_supplicant(  637): wlan0: 23: 50:bd:5f:4b:29:92 ssid='Internet-2' wpa_ie_len=0 rsn_ie_len=0 caps=0x421 level=-65
02-03 10:46:26.371 D/wpa_supplicant(  637): wlan0:    skip - disabled
02-03 10:46:26.371 D/wpa_supplicant(  637): wlan0: 24: 4c:e6:76:a5:4d:e0 ssid='BUFFALO-A54DE0-1' wpa_ie_len=0 rsn_ie_len=0 caps=0x401 level=-78 wps
02-03 10:46:26.371 D/wpa_supplicant(  637): wlan0:    skip - disabled
02-03 10:46:26.371 D/wpa_supplicant(  637): wlan0: Selecting BSS from priority group 12
02-03 10:46:26.371 D/wpa_supplicant(  637): wlan0: 0: 6c:8b:2f:e9:d1:da ssid='ZTE_AP_1640' wpa_ie_len=0 rsn_ie_len=20 caps=0x511 level=-46
02-03 10:46:26.371 D/wpa_supplicant(  637): wlan0:    skip - SSID mismatch
02-03 10:46:26.371 D/wpa_supplicant(  637): wlan0: 1: f8:d1:11:e7:99:e8 ssid='videotest' wpa_ie_len=22 rsn_ie_len=20 caps=0x531 level=-46 wps
02-03 10:46:26.371 D/wpa_supplicant(  637): wlan0:    skip - SSID mismatch
02-03 10:46:26.371 D/wpa_supplicant(  637): wlan0: 2: 6c:8b:2f:e8:38:24 ssid='ZTE_AP_6703' wpa_ie_len=0 rsn_ie_len=20 caps=0x511 level=-50
02-03 10:46:26.371 D/wpa_supplicant(  637): wlan0:    skip - SSID mismatch
02-03 10:46:26.371 D/wpa_supplicant(  637): wlan0: 3: 02:1a:11:f2:bf:af ssid='Android' wpa_ie_len=0 rsn_ie_len=20 caps=0x511 level=-54
02-03 10:46:26.371 D/wpa_supplicant(  637): wlan0:    skip - SSID mismatch
02-03 10:46:26.371 D/wpa_supplicant(  637): wlan0: 4: cc:34:29:2c:fb:ec ssid='linksys' wpa_ie_len=22 rsn_ie_len=20 caps=0x431 level=-54 wps
02-03 10:46:26.371 D/wpa_supplicant(  637): wlan0:    skip - SSID mismatch
02-03 10:46:26.371 D/wpa_supplicant(  637): wlan0: 5: cc:34:29:2b:26:4c ssid='cws-test' wpa_ie_len=0 rsn_ie_len=20 caps=0x431 level=-55 wps
02-03 10:46:26.371 D/wpa_supplicant(  637): wlan0:    skip - SSID mismatch
02-03 10:46:26.371 D/wpa_supplicant(  637): wlan0: 6: 10:c3:7b:d2:e5:e0 ssid='ASUS_RT-AC66U-2.4G' wpa_ie_len=0 rsn_ie_len=20 caps=0x411 level=-56 wps
02-03 10:46:26.371 D/wpa_supplicant(  637): wlan0:    skip - SSID mismatch
02-03 10:46:26.371 D/wpa_supplicant(  637): wlan0: 7: 98:fc:11:81:35:fb ssid='E2000E' wpa_ie_len=0 rsn_ie_len=20 caps=0x411 level=-59 wps
02-03 10:46:26.371 D/wpa_supplicant(  637): wlan0:    skip - SSID mismatch
02-03 10:46:26.371 D/wpa_supplicant(  637): wlan0: 8: 90:94:e4:03:45:f5 ssid='2553q' wpa_ie_len=0 rsn_ie_len=24 caps=0x431 level=-61
02-03 10:46:26.371 D/wpa_supplicant(  637): wlan0:    skip - SSID mismatch
02-03 10:46:26.371 D/wpa_supplicant(  637): wlan0: 9: b0:48:7a:51:ff:cc ssid='Neusoft TP' wpa_ie_len=22 rsn_ie_len=20 caps=0x431 level=-62 wps
02-03 10:46:26.371 D/wpa_supplicant(  637): wlan0:    skip - SSID mismatch
02-03 10:46:26.371 D/wpa_supplicant(  637): wlan0: 10: 02:1a:11:fc:c3:59 ssid='test only' wpa_ie_len=0 rsn_ie_len=20 caps=0x431 level=-62
02-03 10:46:26.371 D/wpa_supplicant(  637): wlan0:    skip - SSID mismatch
02-03 10:46:26.371 D/wpa_supplicant(  637): wlan0: 11: b0:48:7a:20:66:6a ssid='TP-LINK_20666A' wpa_ie_len=22 rsn_ie_len=20 caps=0x431 level=-64 wps
02-03 10:46:26.371 D/wpa_supplicant(  637): wlan0:    skip - SSID mismatch
02-03 10:46:26.371 D/wpa_supplicant(  637): wlan0: 12: 22:48:9a:ac:31:5b ssid='dean1' wpa_ie_len=0 rsn_ie_len=20 caps=0x431 level=-64
02-03 10:46:26.371 D/wpa_supplicant(  637): wlan0:    skip - SSID mismatch
02-03 10:46:26.371 D/wpa_supplicant(  637): wlan0: 13: 22:48:9a:ac:31:7f ssid='WiFi874' wpa_ie_len=0 rsn_ie_len=20 caps=0x431 level=-65
02-03 10:46:26.371 D/wpa_supplicant(  637): wlan0:    skip - SSID mismatch
02-03 10:46:26.371 D/wpa_supplicant(  637): wlan0: 14: 00:0f:e2:0f:9f:c1 ssid='321_WAN' wpa_ie_len=28 rsn_ie_len=24 caps=0x411 level=-68
02-03 10:46:26.371 D/wpa_supplicant(  637): wlan0:    skip - SSID mismatch
02-03 10:46:26.371 D/wpa_supplicant(  637): wlan0: 15: 74:e5:43:24:f4:5b ssid='Dttest' wpa_ie_len=0 rsn_ie_len=20 caps=0x31 level=-69
02-03 10:46:26.371 D/wpa_supplicant(  637): wlan0:    skip - SSID mismatch
02-03 10:46:26.371 D/wpa_supplicant(  637): wlan0: 16: 02:1a:11:f6:67:da ssid='love U forever' wpa_ie_len=0 rsn_ie_len=20 caps=0x431 level=-70
02-03 10:46:26.371 D/wpa_supplicant(  637): wlan0:    skip - SSID mismatch
02-03 10:46:26.371 D/wpa_supplicant(  637): wlan0: 17: 14:d6:4d:28:ef:c8 ssid='dlink' wpa_ie_len=0 rsn_ie_len=20 caps=0x31 level=-71 wps
02-03 10:46:26.371 D/wpa_supplicant(  637): wlan0:    skip - SSID mismatch
02-03 10:46:26.371 D/wpa_supplicant(  637): wlan0: 18: 44:94:fc:3d:da:38 ssid='6300' wpa_ie_len=0 rsn_ie_len=20 caps=0x411 level=-72 wps
02-03 10:46:26.371 D/wpa_supplicant(  637): wlan0:    skip - SSID mismatch
02-03 10:46:26.371 D/wpa_supplicant(  637): wlan0: 19: 80:1f:02:43:fb:e8 ssid='Edimax AP' wpa_ie_len=0 rsn_ie_len=20 caps=0x411 level=-75
02-03 10:46:26.371 D/wpa_supplicant(  637): wlan0:    skip - SSID mismatch
02-03 10:46:26.371 D/wpa_supplicant(  637): wlan0: 20: 1c:65:9d:e8:79:44 ssid='WiFi' wpa_ie_len=0 rsn_ie_len=20 caps=0x511 level=-76
02-03 10:46:26.371 D/wpa_supplicant(  637): wlan0:    skip - SSID mismatch
02-03 10:46:26.371 D/wpa_supplicant(  637): wlan0: 21: 02:09:4c:b9:0c:d6 ssid='DIRECT-' wpa_ie_len=0 rsn_ie_len=0 caps=0x410 level=-73
02-03 10:46:26.371 D/wpa_supplicant(  637): wlan0:    skip - SSID mismatch
02-03 10:46:26.371 D/wpa_supplicant(  637): wlan0: 22: 02:09:4c:68:45:82 ssid='DIRECT-' wpa_ie_len=0 rsn_ie_len=0 caps=0x410 level=-78
02-03 10:46:26.371 D/wpa_supplicant(  637): wlan0:    skip - SSID mismatch
02-03 10:46:26.371 D/wpa_supplicant(  637): wlan0: 23: 50:bd:5f:4b:29:92 ssid='Internet-2' wpa_ie_len=0 rsn_ie_len=0 caps=0x421 level=-65
02-03 10:46:26.371 D/wpa_supplicant(  637): wlan0:    skip - SSID mismatch
02-03 10:46:26.371 D/wpa_supplicant(  637): wlan0: 24: 4c:e6:76:a5:4d:e0 ssid='BUFFALO-A54DE0-1' wpa_ie_len=0 rsn_ie_len=0 caps=0x401 level=-78 wps
02-03 10:46:26.371 D/wpa_supplicant(  637): wlan0:    skip - SSID mismatch
02-03 10:46:26.371 D/wpa_supplicant(  637): wlan0: Selecting BSS from priority group 3
02-03 10:46:26.371 D/wpa_supplicant(  637): wlan0: 0: 6c:8b:2f:e9:d1:da ssid='ZTE_AP_1640' wpa_ie_len=0 rsn_ie_len=20 caps=0x511 level=-46
02-03 10:46:26.371 D/wpa_supplicant(  637): wlan0:    skip - SSID mismatch
02-03 10:46:26.371 D/wpa_supplicant(  637): wlan0: 1: f8:d1:11:e7:99:e8 ssid='videotest' wpa_ie_len=22 rsn_ie_len=20 caps=0x531 level=-46 wps
02-03 10:46:26.371 D/wpa_supplicant(  637): wlan0:    skip - SSID mismatch
02-03 10:46:26.371 D/wpa_supplicant(  637): wlan0: 2: 6c:8b:2f:e8:38:24 ssid='ZTE_AP_6703' wpa_ie_len=0 rsn_ie_len=20 caps=0x511 level=-50
02-03 10:46:26.371 D/wpa_supplicant(  637): wlan0:    skip - SSID mismatch
02-03 10:46:26.371 D/wpa_supplicant(  637): wlan0: 3: 02:1a:11:f2:bf:af ssid='Android' wpa_ie_len=0 rsn_ie_len=20 caps=0x511 level=-54
02-03 10:46:26.371 D/wpa_supplicant(  637): wlan0:    skip - SSID mismatch
02-03 10:46:26.371 D/wpa_supplicant(  637): wlan0: 4: cc:34:29:2c:fb:ec ssid='linksys' wpa_ie_len=22 rsn_ie_len=20 caps=0x431 level=-54 wps
02-03 10:46:26.371 D/wpa_supplicant(  637): wlan0:    skip - SSID mismatch
02-03 10:46:26.371 D/wpa_supplicant(  637): wlan0: 5: cc:34:29:2b:26:4c ssid='cws-test' wpa_ie_len=0 rsn_ie_len=20 caps=0x431 level=-55 wps
02-03 10:46:26.371 D/wpa_supplicant(  637): wlan0:    skip - SSID mismatch
02-03 10:46:26.371 D/wpa_supplicant(  637): wlan0: 6: 10:c3:7b:d2:e5:e0 ssid='ASUS_RT-AC66U-2.4G' wpa_ie_len=0 rsn_ie_len=20 caps=0x411 level=-56 wps
02-03 10:46:26.371 D/wpa_supplicant(  637): wlan0:    skip - SSID mismatch
02-03 10:46:26.371 D/wpa_supplicant(  637): wlan0: 7: 98:fc:11:81:35:fb ssid='E2000E' wpa_ie_len=0 rsn_ie_len=20 caps=0x411 level=-59 wps
02-03 10:46:26.371 D/wpa_supplicant(  637): wlan0:    skip - SSID mismatch
02-03 10:46:26.371 D/wpa_supplicant(  637): wlan0: 8: 90:94:e4:03:45:f5 ssid='2553q' wpa_ie_len=0 rsn_ie_len=24 caps=0x431 level=-61
02-03 10:46:26.371 D/wpa_supplicant(  637): wlan0:    skip - SSID mismatch
02-03 10:46:26.371 D/wpa_supplicant(  637): wlan0: 9: b0:48:7a:51:ff:cc ssid='Neusoft TP' wpa_ie_len=22 rsn_ie_len=20 caps=0x431 level=-62 wps
02-03 10:46:26.371 D/wpa_supplicant(  637): wlan0:    skip - SSID mismatch
02-03 10:46:26.371 D/wpa_supplicant(  637): wlan0: 10: 02:1a:11:fc:c3:59 ssid='test only' wpa_ie_len=0 rsn_ie_len=20 caps=0x431 level=-62
02-03 10:46:26.371 D/wpa_supplicant(  637): wlan0:    skip - SSID mismatch
02-03 10:46:26.371 D/wpa_supplicant(  637): wlan0: 11: b0:48:7a:20:66:6a ssid='TP-LINK_20666A' wpa_ie_len=22 rsn_ie_len=20 caps=0x431 level=-64 wps
02-03 10:46:26.371 D/wpa_supplicant(  637): wlan0:    skip - SSID mismatch
02-03 10:46:26.371 D/wpa_supplicant(  637): wlan0: 12: 22:48:9a:ac:31:5b ssid='dean1' wpa_ie_len=0 rsn_ie_len=20 caps=0x431 level=-64
02-03 10:46:26.371 D/wpa_supplicant(  637): wlan0:    skip - SSID mismatch
02-03 10:46:26.371 D/wpa_supplicant(  637): wlan0: 13: 22:48:9a:ac:31:7f ssid='WiFi874' wpa_ie_len=0 rsn_ie_len=20 caps=0x431 level=-65
02-03 10:46:26.371 D/wpa_supplicant(  637): wlan0:    skip - SSID mismatch
02-03 10:46:26.371 D/wpa_supplicant(  637): wlan0: 14: 00:0f:e2:0f:9f:c1 ssid='321_WAN' wpa_ie_len=28 rsn_ie_len=24 caps=0x411 level=-68
02-03 10:46:26.371 D/wpa_supplicant(  637): wlan0:    skip - SSID mismatch
02-03 10:46:26.371 D/wpa_supplicant(  637): wlan0: 15: 74:e5:43:24:f4:5b ssid='Dttest' wpa_ie_len=0 rsn_ie_len=20 caps=0x31 level=-69
02-03 10:46:26.371 D/wpa_supplicant(  637): wlan0:    skip - SSID mismatch
02-03 10:46:26.371 D/wpa_supplicant(  637): wlan0: 16: 02:1a:11:f6:67:da ssid='love U forever' wpa_ie_len=0 rsn_ie_len=20 caps=0x431 level=-70
02-03 10:46:26.371 D/wpa_supplicant(  637): wlan0:    skip - SSID mismatch
02-03 10:46:26.371 D/wpa_supplicant(  637): wlan0: 17: 14:d6:4d:28:ef:c8 ssid='dlink' wpa_ie_len=0 rsn_ie_len=20 caps=0x31 level=-71 wps
02-03 10:46:26.371 D/wpa_supplicant(  637): wlan0:    skip - SSID mismatch
02-03 10:46:26.371 D/wpa_supplicant(  637): wlan0: 18: 44:94:fc:3d:da:38 ssid='6300' wpa_ie_len=0 rsn_ie_len=20 caps=0x411 level=-72 wps
02-03 10:46:26.371 D/wpa_supplicant(  637): wlan0:    skip - SSID mismatch
02-03 10:46:26.371 D/wpa_supplicant(  637): wlan0: 19: 80:1f:02:43:fb:e8 ssid='Edimax AP' wpa_ie_len=0 rsn_ie_len=20 caps=0x411 level=-75
02-03 10:46:26.381 D/wpa_supplicant(  637): wlan0:    skip - SSID mismatch
02-03 10:46:26.381 D/wpa_supplicant(  637): wlan0: 20: 1c:65:9d:e8:79:44 ssid='WiFi' wpa_ie_len=0 rsn_ie_len=20 caps=0x511 level=-76
02-03 10:46:26.381 D/wpa_supplicant(  637): wlan0:    skip - SSID mismatch
02-03 10:46:26.381 D/wpa_supplicant(  637): wlan0: 21: 02:09:4c:b9:0c:d6 ssid='DIRECT-' wpa_ie_len=0 rsn_ie_len=0 caps=0x410 level=-73
02-03 10:46:26.381 D/wpa_supplicant(  637): wlan0:    skip - SSID mismatch
02-03 10:46:26.381 D/wpa_supplicant(  637): wlan0: 22: 02:09:4c:68:45:82 ssid='DIRECT-' wpa_ie_len=0 rsn_ie_len=0 caps=0x410 level=-78
02-03 10:46:26.381 D/wpa_supplicant(  637): wlan0:    skip - SSID mismatch
02-03 10:46:26.381 D/wpa_supplicant(  637): wlan0: 23: 50:bd:5f:4b:29:92 ssid='Internet-2' wpa_ie_len=0 rsn_ie_len=0 caps=0x421 level=-65
02-03 10:46:26.381 D/wpa_supplicant(  637): wlan0:    skip - SSID mismatch
02-03 10:46:26.381 D/wpa_supplicant(  637): wlan0: 24: 4c:e6:76:a5:4d:e0 ssid='BUFFALO-A54DE0-1' wpa_ie_len=0 rsn_ie_len=0 caps=0x401 level=-78 wps
02-03 10:46:26.381 D/wpa_supplicant(  637): wlan0:    skip - SSID mismatch
02-03 10:46:26.381 D/wpa_supplicant(  637): wlan0: Selecting BSS from priority group 1
02-03 10:46:26.381 D/wpa_supplicant(  637): wlan0: 0: 6c:8b:2f:e9:d1:da ssid='ZTE_AP_1640' wpa_ie_len=0 rsn_ie_len=20 caps=0x511 level=-46
02-03 10:46:26.381 D/wpa_supplicant(  637): wlan0:    skip - SSID mismatch
02-03 10:46:26.381 D/wpa_supplicant(  637): wlan0: 1: f8:d1:11:e7:99:e8 ssid='videotest' wpa_ie_len=22 rsn_ie_len=20 caps=0x531 level=-46 wps
02-03 10:46:26.381 D/wpa_supplicant(  637): wlan0:    skip - SSID mismatch
02-03 10:46:26.381 D/wpa_supplicant(  637): wlan0: 2: 6c:8b:2f:e8:38:24 ssid='ZTE_AP_6703' wpa_ie_len=0 rsn_ie_len=20 caps=0x511 level=-50
02-03 10:46:26.381 D/wpa_supplicant(  637): wlan0:    skip - SSID mismatch
02-03 10:46:26.381 D/wpa_supplicant(  637): wlan0: 3: 02:1a:11:f2:bf:af ssid='Android' wpa_ie_len=0 rsn_ie_len=20 caps=0x511 level=-54
02-03 10:46:26.381 D/wpa_supplicant(  637): wlan0:    skip - SSID mismatch
02-03 10:46:26.381 D/wpa_supplicant(  637): wlan0: 4: cc:34:29:2c:fb:ec ssid='linksys' wpa_ie_len=22 rsn_ie_len=20 caps=0x431 level=-54 wps
02-03 10:46:26.381 D/wpa_supplicant(  637): wlan0:    skip - SSID mismatch
02-03 10:46:26.381 D/wpa_supplicant(  637): wlan0: 5: cc:34:29:2b:26:4c ssid='cws-test' wpa_ie_len=0 rsn_ie_len=20 caps=0x431 level=-55 wps
02-03 10:46:26.381 D/wpa_supplicant(  637): wlan0:    skip - SSID mismatch
02-03 10:46:26.381 D/wpa_supplicant(  637): wlan0: 6: 10:c3:7b:d2:e5:e0 ssid='ASUS_RT-AC66U-2.4G' wpa_ie_len=0 rsn_ie_len=20 caps=0x411 level=-56 wps
02-03 10:46:26.381 D/wpa_supplicant(  637): wlan0:    skip - SSID mismatch
02-03 10:46:26.381 D/wpa_supplicant(  637): wlan0: 7: 98:fc:11:81:35:fb ssid='E2000E' wpa_ie_len=0 rsn_ie_len=20 caps=0x411 level=-59 wps
02-03 10:46:26.381 D/wpa_supplicant(  637): wlan0:    skip - SSID mismatch
02-03 10:46:26.381 D/wpa_supplicant(  637): wlan0: 8: 90:94:e4:03:45:f5 ssid='2553q' wpa_ie_len=0 rsn_ie_len=24 caps=0x431 level=-61
02-03 10:46:26.381 D/wpa_supplicant(  637): wlan0:    skip - SSID mismatch
02-03 10:46:26.381 D/wpa_supplicant(  637): wlan0: 9: b0:48:7a:51:ff:cc ssid='Neusoft TP' wpa_ie_len=22 rsn_ie_len=20 caps=0x431 level=-62 wps
02-03 10:46:26.381 D/wpa_supplicant(  637): wlan0:    skip - SSID mismatch
02-03 10:46:26.381 D/wpa_supplicant(  637): wlan0: 10: 02:1a:11:fc:c3:59 ssid='test only' wpa_ie_len=0 rsn_ie_len=20 caps=0x431 level=-62
02-03 10:46:26.381 D/wpa_supplicant(  637): wlan0:    skip - SSID mismatch
02-03 10:46:26.381 D/wpa_supplicant(  637): wlan0: 11: b0:48:7a:20:66:6a ssid='TP-LINK_20666A' wpa_ie_len=22 rsn_ie_len=20 caps=0x431 level=-64 wps
02-03 10:46:26.381 D/wpa_supplicant(  637): wlan0:    skip - SSID mismatch
02-03 10:46:26.381 D/wpa_supplicant(  637): wlan0: 12: 22:48:9a:ac:31:5b ssid='dean1' wpa_ie_len=0 rsn_ie_len=20 caps=0x431 level=-64
02-03 10:46:26.381 D/wpa_supplicant(  637): wlan0:    skip - SSID mismatch
02-03 10:46:26.381 D/wpa_supplicant(  637): wlan0: 13: 22:48:9a:ac:31:7f ssid='WiFi874' wpa_ie_len=0 rsn_ie_len=20 caps=0x431 level=-65
02-03 10:46:26.381 D/wpa_supplicant(  637): wlan0:    skip - SSID mismatch
02-03 10:46:26.381 D/wpa_supplicant(  637): wlan0: 14: 00:0f:e2:0f:9f:c1 ssid='321_WAN' wpa_ie_len=28 rsn_ie_len=24 caps=0x411 level=-68
02-03 10:46:26.381 D/wpa_supplicant(  637): wlan0:    skip - SSID mismatch
02-03 10:46:26.381 D/wpa_supplicant(  637): wlan0: 15: 74:e5:43:24:f4:5b ssid='Dttest' wpa_ie_len=0 rsn_ie_len=20 caps=0x31 level=-69
02-03 10:46:26.381 D/wpa_supplicant(  637): wlan0:    skip - SSID mismatch
02-03 10:46:26.381 D/wpa_supplicant(  637): wlan0: 16: 02:1a:11:f6:67:da ssid='love U forever' wpa_ie_len=0 rsn_ie_len=20 caps=0x431 level=-70
02-03 10:46:26.381 D/wpa_supplicant(  637): wlan0:    skip - SSID mismatch
02-03 10:46:26.381 D/wpa_supplicant(  637): wlan0: 17: 14:d6:4d:28:ef:c8 ssid='dlink' wpa_ie_len=0 rsn_ie_len=20 caps=0x31 level=-71 wps
02-03 10:46:26.381 D/wpa_supplicant(  637): wlan0:    skip - SSID mismatch
02-03 10:46:26.381 D/wpa_supplicant(  637): wlan0: 18: 44:94:fc:3d:da:38 ssid='6300' wpa_ie_len=0 rsn_ie_len=20 caps=0x411 level=-72 wps
02-03 10:46:26.381 D/wpa_supplicant(  637): wlan0:    skip - SSID mismatch
02-03 10:46:26.381 D/wpa_supplicant(  637): wlan0: 19: 80:1f:02:43:fb:e8 ssid='Edimax AP' wpa_ie_len=0 rsn_ie_len=20 caps=0x411 level=-75
02-03 10:46:26.381 D/wpa_supplicant(  637): wlan0:    skip - SSID mismatch
02-03 10:46:26.381 D/wpa_supplicant(  637): wlan0: 20: 1c:65:9d:e8:79:44 ssid='WiFi' wpa_ie_len=0 rsn_ie_len=20 caps=0x511 level=-76
02-03 10:46:26.381 D/wpa_supplicant(  637): wlan0:    skip - SSID mismatch
02-03 10:46:26.381 D/wpa_supplicant(  637): wlan0: 21: 02:09:4c:b9:0c:d6 ssid='DIRECT-' wpa_ie_len=0 rsn_ie_len=0 caps=0x410 level=-73
02-03 10:46:26.381 D/wpa_supplicant(  637): wlan0:    skip - SSID mismatch
02-03 10:46:26.381 D/wpa_supplicant(  637): wlan0: 22: 02:09:4c:68:45:82 ssid='DIRECT-' wpa_ie_len=0 rsn_ie_len=0 caps=0x410 level=-78
02-03 10:46:26.381 D/wpa_supplicant(  637): wlan0:    skip - SSID mismatch
02-03 10:46:26.381 D/wpa_supplicant(  637): wlan0: 23: 50:bd:5f:4b:29:92 ssid='Internet-2' wpa_ie_len=0 rsn_ie_len=0 caps=0x421 level=-65
02-03 10:46:26.381 D/wpa_supplicant(  637): wlan0:    skip - SSID mismatch
02-03 10:46:26.381 D/wpa_supplicant(  637): wlan0: 24: 4c:e6:76:a5:4d:e0 ssid='BUFFALO-A54DE0-1' wpa_ie_len=0 rsn_ie_len=0 caps=0x401 level=-78 wps
02-03 10:46:26.381 D/wpa_supplicant(  637): wlan0:    skip - SSID mismatch
02-03 10:46:26.381 D/wpa_supplicant(  637): wlan0: No suitable network found
02-03 10:46:26.381 D/wpa_supplicant(  637): wlan0: Setting scan request: 40 sec 0 usec
02-03 10:46:26.381 D/wpa_supplicant(  637): wlan0: Checking for other virtual interfaces sharing same radio (phy0) in event_scan_results
