02-03 13:10:22.501 D/dalvikvm(15954): GC_FOR_ALLOC freed 3763K, 44% free 9377K/16616K, paused 4ms, total 5ms
02-03 13:10:22.511 D/dalvikvm(15954): GC_FOR_ALLOC freed 3783K, 44% free 9379K/16616K, paused 6ms, total 6ms
02-03 13:10:22.521 D/dalvikvm(15954): GC_FOR_ALLOC freed 3802K, 44% free 9380K/16616K, paused 5ms, total 5ms
02-03 13:10:22.531 D/dalvikvm(15954): GC_FOR_ALLOC freed 3820K, 44% free 9381K/16616K, paused 4ms, total 4ms
02-03 13:10:22.531 D/dalvikvm(15954): GC_FOR_ALLOC freed 3839K, 44% free 9383K/16616K, paused 6ms, total 6ms
02-03 13:10:22.541 D/dalvikvm(15954): GC_FOR_ALLOC freed 3858K, 44% free 9384K/16616K, paused 5ms, total 5ms
02-03 13:10:22.551 D/dalvikvm(15954): GC_FOR_ALLOC freed 3877K, 44% free 9385K/16616K, paused 5ms, total 6ms
02-03 13:10:22.561 D/dalvikvm(15954): GC_FOR_ALLOC freed 3896K, 44% free 9387K/16616K, paused 5ms, total 5ms
02-03 13:10:22.581 D/dalvikvm(15954): GC_FOR_ALLOC freed 3914K, 44% free 9388K/16616K, paused 5ms, total 5ms
02-03 13:10:22.591 D/dalvikvm(15954): GC_FOR_ALLOC freed 3229K, 41% free 9810K/16616K, paused 6ms, total 6ms
02-03 13:10:22.591 D/dalvikvm(15954): GC_FOR_ALLOC freed 3666K, 44% free 9391K/16616K, paused 5ms, total 5ms
02-03 13:10:22.601 D/dalvikvm(15954): GC_FOR_ALLOC freed 3256K, 41% free 9816K/16616K, paused 5ms, total 5ms
02-03 13:10:22.611 D/dalvikvm(15954): GC_FOR_ALLOC freed 3697K, 44% free 9393K/16616K, paused 5ms, total 5ms
02-03 13:10:22.621 D/dalvikvm(15954): GC_FOR_ALLOC freed 3283K, 41% free 9822K/16616K, paused 7ms, total 7ms
02-03 13:10:22.631 D/dalvikvm(15954): GC_FOR_ALLOC freed 3727K, 44% free 9395K/16616K, paused 4ms, total 5ms
02-03 13:10:22.631 D/dalvikvm(15954): GC_FOR_ALLOC freed 3310K, 41% free 9828K/16616K, paused 6ms, total 6ms
02-03 13:10:22.641 D/dalvikvm(15954): GC_FOR_ALLOC freed 3758K, 44% free 9398K/16616K, paused 5ms, total 5ms
02-03 13:10:22.651 D/dalvikvm(15954): GC_FOR_ALLOC freed 3337K, 41% free 9834K/16616K, paused 4ms, total 4ms
02-03 13:10:22.661 D/dalvikvm(15954): GC_FOR_ALLOC freed 3789K, 44% free 9400K/16616K, paused 4ms, total 5ms
02-03 13:10:22.661 D/dalvikvm(15954): GC_FOR_ALLOC freed 3364K, 41% free 9839K/16616K, paused 6ms, total 6ms
02-03 13:10:22.671 D/dalvikvm(15954): GC_FOR_ALLOC freed 3819K, 44% free 9402K/16616K, paused 5ms, total 5ms
02-03 13:10:22.681 D/dalvikvm(15954): GC_FOR_ALLOC freed 3391K, 41% free 9845K/16616K, paused 6ms, total 6ms
02-03 13:10:22.691 D/dalvikvm(15954): GC_FOR_ALLOC freed 3108K, 41% free 9848K/16616K, paused 5ms, total 5ms
02-03 13:10:22.701 D/dalvikvm(15954): GC_FOR_ALLOC freed 3863K, 44% free 9406K/16616K, paused 5ms, total 5ms
02-03 13:10:22.711 D/dalvikvm(15954): GC_FOR_ALLOC freed 3430K, 43% free 9555K/16616K, paused 5ms, total 6ms
02-03 13:10:22.721 D/dalvikvm(15954): GC_FOR_ALLOC freed 3143K, 41% free 9856K/16616K, paused 5ms, total 5ms
02-03 13:10:22.731 D/dalvikvm(15954): GC_FOR_ALLOC freed 3154K, 41% free 9859K/16616K, paused 5ms, total 6ms
02-03 13:10:22.741 D/dalvikvm(15954): GC_FOR_ALLOC freed 3920K, 44% free 9410K/16616K, paused 5ms, total 5ms
02-03 13:10:22.741 D/dalvikvm(15954): GC_FOR_ALLOC freed 3480K, 43% free 9562K/16616K, paused 4ms, total 4ms
02-03 13:10:22.751 D/dalvikvm(15954): GC_FOR_ALLOC freed 3189K, 41% free 9867K/16616K, paused 5ms, total 5ms
02-03 13:10:22.761 D/dalvikvm(15954): GC_FOR_ALLOC freed 3200K, 41% free 9870K/16616K, paused 4ms, total 4ms
02-03 13:10:22.761 D/dalvikvm(15954): GC_FOR_ALLOC freed 3976K, 44% free 9414K/16616K, paused 4ms, total 4ms
02-03 13:10:22.771 D/dalvikvm(15954): GC_FOR_ALLOC freed 3530K, 43% free 9568K/16616K, paused 4ms, total 4ms
02-03 13:10:22.781 D/dalvikvm(15954): GC_FOR_ALLOC freed 3235K, 41% free 9878K/16616K, paused 4ms, total 4ms
02-03 13:10:22.791 D/dalvikvm(15954): GC_FOR_ALLOC freed 3245K, 41% free 9881K/16616K, paused 5ms, total 5ms
02-03 13:10:22.801 D/dalvikvm(15954): GC_FOR_ALLOC freed 4033K, 44% free 9419K/16616K, paused 5ms, total 5ms
02-03 13:10:22.801 D/dalvikvm(15954): GC_FOR_ALLOC freed 3581K, 43% free 9575K/16616K, paused 5ms, total 5ms
02-03 13:10:22.811 D/dalvikvm(15954): GC_FOR_ALLOC freed 3281K, 41% free 9889K/16616K, paused 4ms, total 4ms
02-03 13:10:22.821 D/dalvikvm(15954): GC_FOR_ALLOC freed 3291K, 41% free 9892K/16616K, paused 5ms, total 5ms
02-03 13:10:22.831 D/dalvikvm(15954): GC_FOR_ALLOC freed 4090K, 44% free 9423K/16616K, paused 5ms, total 5ms
02-03 13:10:22.841 D/dalvikvm(15954): GC_FOR_ALLOC freed 3631K, 43% free 9582K/16616K, paused 6ms, total 6ms
02-03 13:10:22.851 D/dalvikvm(15954): GC_FOR_ALLOC freed 3327K, 41% free 9900K/16616K, paused 5ms, total 5ms
02-03 13:10:22.851 D/dalvikvm(15954): GC_FOR_ALLOC freed 3337K, 41% free 9902K/16616K, paused 5ms, total 5ms
02-03 13:10:22.861 D/dalvikvm(15954): GC_FOR_ALLOC freed 4147K, 44% free 9428K/16616K, paused 5ms, total 6ms
02-03 13:10:22.871 D/dalvikvm(15954): GC_FOR_ALLOC freed 3682K, 43% free 9588K/16616K, paused 4ms, total 4ms
02-03 13:10:22.881 D/dalvikvm(15954): GC_FOR_ALLOC freed 3374K, 43% free 9590K/16616K, paused 5ms, total 5ms
02-03 13:10:22.891 D/dalvikvm(15954): GC_FOR_ALLOC freed 3384K, 43% free 9591K/16616K, paused 4ms, total 5ms
02-03 13:10:22.901 D/dalvikvm(15954): GC_FOR_ALLOC freed 3396K, 43% free 9593K/16616K, paused 5ms, total 5ms
02-03 13:10:22.901 D/dalvikvm(15954): GC_FOR_ALLOC freed 3406K, 43% free 9594K/16616K, paused 5ms, total 5ms
02-03 13:10:22.911 D/dalvikvm(15954): GC_FOR_ALLOC freed 3417K, 43% free 9596K/16616K, paused 4ms, total 4ms
02-03 13:10:22.921 D/dalvikvm(15954): GC_FOR_ALLOC freed 3429K, 43% free 9598K/16616K, paused 4ms, total 5ms
02-03 13:10:22.931 D/dalvikvm(15954): GC_FOR_ALLOC freed 3440K, 43% free 9599K/16616K, paused 5ms, total 5ms
02-03 13:10:22.931 D/dalvikvm(15954): GC_FOR_ALLOC freed 3452K, 43% free 9601K/16616K, paused 4ms, total 5ms
02-03 13:10:22.941 D/dalvikvm(15954): GC_FOR_ALLOC freed 3464K, 43% free 9603K/16616K, paused 5ms, total 5ms
02-03 13:10:22.951 D/dalvikvm(15954): GC_FOR_ALLOC freed 3474K, 43% free 9604K/16616K, paused 5ms, total 5ms
02-03 13:10:22.971 D/dalvikvm(15954): GC_FOR_ALLOC freed 3484K, 43% free 9605K/16616K, paused 14ms, total 15ms
02-03 13:10:22.981 D/dalvikvm(15954): GC_FOR_ALLOC freed 3493K, 43% free 9607K/16616K, paused 6ms, total 6ms
02-03 13:10:22.991 D/dalvikvm(15954): GC_FOR_ALLOC freed 3503K, 43% free 9608K/16616K, paused 7ms, total 7ms
02-03 13:10:23.001 D/dalvikvm(15954): GC_FOR_ALLOC freed 3512K, 43% free 9609K/16616K, paused 5ms, total 5ms
02-03 13:10:23.011 D/dalvikvm(15954): GC_FOR_ALLOC freed 3522K, 43% free 9611K/16616K, paused 6ms, total 6ms
02-03 13:10:23.021 D/dalvikvm(15954): GC_FOR_ALLOC freed 3531K, 43% free 9612K/16616K, paused 4ms, total 4ms
02-03 13:10:23.031 D/dalvikvm(15954): GC_FOR_ALLOC freed 3540K, 43% free 9614K/16616K, paused 6ms, total 6ms
02-03 13:10:23.041 D/dalvikvm(15954): GC_FOR_ALLOC freed 3551K, 43% free 9615K/16616K, paused 4ms, total 4ms
02-03 13:10:23.051 D/dalvikvm(15954): GC_FOR_ALLOC freed 3564K, 43% free 9617K/16616K, paused 5ms, total 6ms
02-03 13:10:23.061 D/dalvikvm(15954): GC_FOR_ALLOC freed 3576K, 43% free 9619K/16616K, paused 11ms, total 11ms
02-03 13:10:23.081 D/dalvikvm(15954): GC_FOR_ALLOC freed 3586K, 43% free 9620K/16616K, paused 9ms, total 9ms
02-03 13:10:23.081 D/dalvikvm(15954): GC_FOR_ALLOC freed 3597K, 43% free 9622K/16616K, paused 5ms, total 6ms
02-03 13:10:23.091 D/dalvikvm(15954): GC_FOR_ALLOC freed 3607K, 43% free 9623K/16616K, paused 4ms, total 5ms
02-03 13:10:23.101 D/dalvikvm(15954): GC_FOR_ALLOC freed 3616K, 43% free 9624K/16616K, paused 5ms, total 5ms
02-03 13:10:23.111 D/dalvikvm(15954): GC_FOR_ALLOC freed 3281K, 44% free 9454K/16616K, paused 5ms, total 6ms
02-03 13:10:23.121 D/dalvikvm(15954): GC_FOR_ALLOC freed 3637K, 44% free 9455K/16616K, paused 5ms, total 6ms
02-03 13:10:23.131 D/dalvikvm(15954): GC_FOR_ALLOC freed 3648K, 44% free 9456K/16616K, paused 5ms, total 5ms
02-03 13:10:23.141 D/dalvikvm(15954): GC_FOR_ALLOC freed 3659K, 44% free 9457K/16616K, paused 5ms, total 6ms
02-03 13:10:23.151 D/dalvikvm(15954): GC_FOR_ALLOC freed 3668K, 44% free 9458K/16616K, paused 5ms, total 6ms
02-03 13:10:23.161 D/dalvikvm(15954): GC_FOR_ALLOC freed 3678K, 44% free 9459K/16616K, paused 5ms, total 5ms
02-03 13:10:23.171 D/dalvikvm(15954): GC_FOR_ALLOC freed 3687K, 44% free 9459K/16616K, paused 6ms, total 7ms
02-03 13:10:23.171 D/dalvikvm(15954): GC_FOR_ALLOC freed 3696K, 44% free 9460K/16616K, paused 5ms, total 5ms
02-03 13:10:23.181 D/dalvikvm(15954): GC_FOR_ALLOC freed 3706K, 44% free 9461K/16616K, paused 4ms, total 5ms
02-03 13:10:23.191 D/dalvikvm(15954): GC_FOR_ALLOC freed 3715K, 44% free 9462K/16616K, paused 5ms, total 6ms
02-03 13:10:23.201 D/dalvikvm(15954): GC_FOR_ALLOC freed 3725K, 44% free 9463K/16616K, paused 10ms, total 10ms
02-03 13:10:23.211 D/dalvikvm(15954): GC_FOR_ALLOC freed 3734K, 44% free 9464K/16616K, paused 5ms, total 5ms
02-03 13:10:23.221 D/dalvikvm(15954): GC_FOR_ALLOC freed 3744K, 44% free 9465K/16616K, paused 4ms, total 4ms
02-03 13:10:23.231 D/dalvikvm(15954): GC_FOR_ALLOC freed 3753K, 44% free 9466K/16616K, paused 5ms, total 5ms
02-03 13:10:23.241 D/dalvikvm(15954): GC_FOR_ALLOC freed 3762K, 44% free 9467K/16616K, paused 5ms, total 6ms
02-03 13:10:23.251 D/dalvikvm(15954): GC_FOR_ALLOC freed 3772K, 44% free 9468K/16616K, paused 7ms, total 7ms
02-03 13:10:23.271 D/dalvikvm(15954): GC_FOR_ALLOC freed 3781K, 44% free 9468K/16616K, paused 9ms, total 9ms
02-03 13:10:23.281 D/dalvikvm(15954): GC_FOR_ALLOC freed 3791K, 44% free 9469K/16616K, paused 6ms, total 6ms
02-03 13:10:23.291 D/dalvikvm(15954): GC_FOR_ALLOC freed 3800K, 44% free 9470K/16616K, paused 6ms, total 6ms
02-03 13:10:23.291 D/dalvikvm(15954): GC_FOR_ALLOC freed 3809K, 43% free 9471K/16616K, paused 4ms, total 4ms
02-03 13:10:23.301 D/dalvikvm(15954): GC_FOR_ALLOC freed 3819K, 43% free 9472K/16616K, paused 5ms, total 5ms
02-03 13:10:23.311 D/dalvikvm(15954): GC_FOR_ALLOC freed 3828K, 43% free 9473K/16616K, paused 5ms, total 5ms
02-03 13:10:23.321 D/dalvikvm(15954): GC_CONCURRENT freed 3983K, 43% free 9475K/16616K, paused 1ms+1ms, total 6ms
02-03 13:10:23.321 D/dalvikvm(15954): WAIT_FOR_CONCURRENT_GC blocked 4ms
02-03 13:10:23.341 D/dalvikvm(15954): GC_FOR_ALLOC freed 3635K, 43% free 9491K/16616K, paused 5ms, total 5ms
02-03 13:10:23.351 D/dalvikvm(15954): GC_CONCURRENT freed 3671K, 41% free 9878K/16616K, paused 1ms+0ms, total 7ms
02-03 13:10:23.351 D/dalvikvm(15954): WAIT_FOR_CONCURRENT_GC blocked 3ms
02-03 13:10:23.361 D/dalvikvm(15954): GC_FOR_ALLOC freed 3275K, 49% free 8536K/16616K, paused 6ms, total 6ms
02-03 13:10:23.401 D/dalvikvm(15954): GC_FOR_ALLOC freed 3347K, 46% free 9109K/16616K, paused 5ms, total 5ms
02-03 13:10:23.471 D/dalvikvm(15954): GC_CONCURRENT freed 3926K, 45% free 9189K/16616K, paused 1ms+1ms, total 9ms
02-03 13:10:23.491 D/dalvikvm(15954): GC_CONCURRENT freed 4012K, 45% free 9245K/16616K, paused 0ms+0ms, total 8ms
02-03 13:10:23.491 D/dalvikvm(15954): WAIT_FOR_CONCURRENT_GC blocked 3ms
02-03 13:10:23.501 D/dalvikvm(15954): GC_CONCURRENT freed 4063K, 45% free 9181K/16616K, paused 1ms+1ms, total 7ms
02-03 13:10:23.511 D/dalvikvm(15954): GC_FOR_ALLOC freed 4085K, 45% free 9157K/16616K, paused 5ms, total 5ms
02-03 13:10:23.521 D/dalvikvm(15954): GC_CONCURRENT freed 48K, 45% free 9182K/16616K, paused 0ms+1ms, total 5ms
02-03 13:10:23.531 D/dalvikvm(15954): GC_CONCURRENT freed 4043K, 45% free 9214K/16616K, paused 1ms+1ms, total 6ms
02-03 13:10:23.531 D/dalvikvm(15954): WAIT_FOR_CONCURRENT_GC blocked 5ms
02-03 13:10:23.541 D/dalvikvm(15954): GC_CONCURRENT freed 4014K, 45% free 9217K/16616K, paused 1ms+1ms, total 6ms
02-03 13:10:23.541 D/dalvikvm(15954): WAIT_FOR_CONCURRENT_GC blocked 4ms
02-03 13:10:23.541 D/dalvikvm(15954): GC_FOR_ALLOC freed 4048K, 45% free 9217K/16616K, paused 5ms, total 5ms
02-03 13:10:23.551 D/dalvikvm(15954): GC_CONCURRENT freed 3799K, 44% free 9459K/16616K, paused 1ms+1ms, total 6ms
02-03 13:10:23.551 D/dalvikvm(15954): WAIT_FOR_CONCURRENT_GC blocked 1ms
02-03 13:10:23.561 D/dalvikvm(15954): GC_CONCURRENT freed 4251K, 45% free 9255K/16616K, paused 1ms+1ms, total 6ms
02-03 13:10:23.561 D/dalvikvm(15954): WAIT_FOR_CONCURRENT_GC blocked 4ms
02-03 13:10:23.571 D/dalvikvm(15954): GC_CONCURRENT freed 4082K, 45% free 9215K/16616K, paused 0ms+1ms, total 6ms
02-03 13:10:23.571 D/dalvikvm(15954): WAIT_FOR_CONCURRENT_GC blocked 5ms
02-03 13:10:23.581 D/dalvikvm(15954): GC_FOR_ALLOC freed 4058K, 45% free 9202K/16616K, paused 7ms, total 7ms
02-03 13:10:23.591 D/dalvikvm(15954): GC_CONCURRENT freed 2152K, 43% free 9503K/16616K, paused 0ms+2ms, total 8ms
02-03 13:10:23.601 D/dalvikvm(15954): GC_CONCURRENT freed 4207K, 44% free 9338K/16616K, paused 2ms+1ms, total 9ms
02-03 13:10:23.601 D/dalvikvm(15954): WAIT_FOR_CONCURRENT_GC blocked 1ms
02-03 13:10:23.611 D/dalvikvm(15954): GC_FOR_ALLOC freed 4204K, 45% free 9200K/16616K, paused 5ms, total 5ms
02-03 13:10:23.621 D/dalvikvm(15954): GC_CONCURRENT freed 3873K, 44% free 9348K/16616K, paused 0ms+1ms, total 7ms
02-03 13:10:23.621 D/dalvikvm(15954): WAIT_FOR_CONCURRENT_GC blocked 6ms
02-03 13:10:23.631 D/dalvikvm(15954): GC_CONCURRENT freed 4057K, 45% free 9301K/16616K, paused 1ms+1ms, total 7ms
02-03 13:10:23.651 D/dalvikvm(15954): GC_CONCURRENT freed 4038K, 45% free 9304K/16616K, paused 2ms+1ms, total 7ms
02-03 13:10:23.651 D/dalvikvm(15954): WAIT_FOR_CONCURRENT_GC blocked 5ms
02-03 13:10:23.661 D/dalvikvm(15954): GC_CONCURRENT freed 3996K, 45% free 9283K/16616K, paused 0ms+1ms, total 6ms
02-03 13:10:23.661 D/dalvikvm(15954): GC_FOR_ALLOC freed 3890K, 44% free 9396K/16616K, paused 6ms, total 6ms
02-03 13:10:23.671 D/dalvikvm(15954): GC_CONCURRENT freed 1361K, 40% free 10134K/16616K, paused 1ms+1ms, total 7ms
02-03 13:10:23.681 D/dalvikvm(15954): GC_CONCURRENT freed 4840K, 44% free 9349K/16616K, paused 1ms+0ms, total 7ms
02-03 13:10:23.681 D/dalvikvm(15954): WAIT_FOR_CONCURRENT_GC blocked 6ms
02-03 13:10:23.691 D/dalvikvm(15954): GC_CONCURRENT freed 3974K, 44% free 9410K/16616K, paused 1ms+1ms, total 6ms
02-03 13:10:23.691 D/dalvikvm(15954): WAIT_FOR_CONCURRENT_GC blocked 5ms
02-03 13:10:23.701 D/dalvikvm(15954): GC_FOR_ALLOC freed 4133K, 45% free 9231K/16616K, paused 5ms, total 5ms
02-03 13:10:23.711 D/dalvikvm(15954): GC_FOR_ALLOC freed 3917K, 45% free 9229K/16616K, paused 5ms, total 5ms
02-03 13:10:23.731 D/dalvikvm(15954): GC_CONCURRENT freed 3874K, 44% free 9356K/16616K, paused 1ms+1ms, total 15ms
02-03 13:10:23.731 D/dalvikvm(15954): WAIT_FOR_CONCURRENT_GC blocked 12ms
02-03 13:10:23.741 D/dalvikvm(15954): GC_CONCURRENT freed 4084K, 44% free 9357K/16616K, paused 1ms+1ms, total 7ms
02-03 13:10:23.741 D/dalvikvm(15954): WAIT_FOR_CONCURRENT_GC blocked 5ms
02-03 13:10:23.751 D/dalvikvm(15954): GC_FOR_ALLOC freed 3967K, 44% free 9424K/16616K, paused 5ms, total 6ms
02-03 13:10:23.761 D/dalvikvm(15954): GC_FOR_ALLOC freed 4113K, 45% free 9256K/16616K, paused 6ms, total 6ms
02-03 13:10:23.781 D/dalvikvm(15954): GC_CONCURRENT freed 3984K, 44% free 9323K/16616K, paused 5ms+1ms, total 13ms
02-03 13:10:23.781 D/dalvikvm(15954): WAIT_FOR_CONCURRENT_GC blocked 7ms
02-03 13:10:23.791 D/dalvikvm(15954): GC_CONCURRENT freed 3915K, 44% free 9463K/16616K, paused 1ms+1ms, total 8ms
02-03 13:10:23.791 D/dalvikvm(15954): WAIT_FOR_CONCURRENT_GC blocked 6ms
02-03 13:10:23.801 D/dalvikvm(15954): GC_CONCURRENT freed 3982K, 44% free 9465K/16616K, paused 1ms+1ms, total 12ms
02-03 13:10:23.801 D/dalvikvm(15954): WAIT_FOR_CONCURRENT_GC blocked 12ms
02-03 13:10:23.821 D/dalvikvm(15954): GC_FOR_ALLOC freed 4049K, 44% free 9467K/16616K, paused 7ms, total 8ms
02-03 13:10:23.831 D/dalvikvm(15954): GC_CONCURRENT freed 217K, 44% free 9394K/16616K, paused 1ms+1ms, total 6ms
02-03 13:10:23.841 D/dalvikvm(15954): GC_CONCURRENT freed 3899K, 44% free 9469K/16616K, paused 0ms+1ms, total 5ms
02-03 13:10:23.841 D/dalvikvm(15954): WAIT_FOR_CONCURRENT_GC blocked 5ms
02-03 13:10:23.851 D/dalvikvm(15954): GC_FOR_ALLOC freed 4183K, 44% free 9321K/16616K, paused 5ms, total 5ms
02-03 13:10:23.861 D/dalvikvm(15954): GC_CONCURRENT freed 0K, 44% free 9471K/16616K, paused 1ms+1ms, total 6ms
02-03 13:10:23.881 D/dalvikvm(15954): GC_FOR_ALLOC freed 4098K, 45% free 9244K/16616K, paused 19ms, total 19ms
02-03 13:10:23.891 D/dalvikvm(15954): GC_CONCURRENT freed 3926K, 44% free 9352K/16616K, paused 2ms+1ms, total 7ms
02-03 13:10:23.901 D/dalvikvm(15954): GC_FOR_ALLOC freed 3830K, 43% free 9503K/16616K, paused 6ms, total 6ms
02-03 13:10:23.921 D/dalvikvm(15954): GC_CONCURRENT freed 2449K, 40% free 9976K/16616K, paused 1ms+4ms, total 16ms
02-03 13:10:23.931 D/dalvikvm(15954): GC_FOR_ALLOC freed 4628K, 45% free 9269K/16616K, paused 5ms, total 6ms
02-03 13:10:23.941 D/dalvikvm(15954): GC_CONCURRENT freed 3814K, 44% free 9425K/16616K, paused 1ms+0ms, total 6ms
02-03 13:10:23.951 D/dalvikvm(15954): GC_CONCURRENT freed 4024K, 44% free 9430K/16616K, paused 1ms+1ms, total 5ms
02-03 13:10:23.951 D/dalvikvm(15954): WAIT_FOR_CONCURRENT_GC blocked 4ms
02-03 13:10:23.961 D/dalvikvm(15954): GC_CONCURRENT freed 4077K, 44% free 9434K/16616K, paused 2ms+1ms, total 8ms
02-03 13:10:23.961 D/dalvikvm(15954): WAIT_FOR_CONCURRENT_GC blocked 5ms
02-03 13:10:23.971 D/dalvikvm(15954): GC_FOR_ALLOC freed 3879K, 43% free 9518K/16616K, paused 5ms, total 5ms
02-03 13:10:23.981 D/dalvikvm(15954): GC_CONCURRENT freed 4182K, 44% free 9349K/16616K, paused 1ms+0ms, total 6ms
02-03 13:10:23.981 D/dalvikvm(15954): WAIT_FOR_CONCURRENT_GC blocked 2ms
02-03 13:10:23.991 D/dalvikvm(15954): GC_CONCURRENT freed 3888K, 44% free 9466K/16616K, paused 0ms+1ms, total 5ms
02-03 13:10:23.991 D/dalvikvm(15954): WAIT_FOR_CONCURRENT_GC blocked 4ms
02-03 13:10:23.991 D/dalvikvm(15954): GC_FOR_ALLOC freed 4016K, 44% free 9378K/16616K, paused 5ms, total 5ms
02-03 13:10:24.001 D/dalvikvm(15954): GC_CONCURRENT freed 3970K, 44% free 9470K/16616K, paused 0ms+1ms, total 6ms
02-03 13:10:24.001 D/dalvikvm(15954): WAIT_FOR_CONCURRENT_GC blocked 6ms
02-03 13:10:24.011 D/dalvikvm(15954): GC_FOR_ALLOC freed 4106K, 44% free 9380K/16616K, paused 5ms, total 5ms
02-03 13:10:24.021 D/dalvikvm(15954): GC_CONCURRENT freed 3342K, 40% free 10006K/16616K, paused 1ms+1ms, total 7ms
02-03 13:10:24.021 D/dalvikvm(15954): WAIT_FOR_CONCURRENT_GC blocked 3ms
02-03 13:10:24.031 D/dalvikvm(15954): GC_CONCURRENT freed 4549K, 44% free 9469K/16616K, paused 1ms+1ms, total 6ms
02-03 13:10:24.031 D/dalvikvm(15954): WAIT_FOR_CONCURRENT_GC blocked 4ms
02-03 13:10:24.041 D/dalvikvm(15954): GC_FOR_ALLOC freed 4052K, 45% free 9285K/16616K, paused 6ms, total 6ms
02-03 13:10:24.051 D/dalvikvm(15954): GC_FOR_ALLOC freed 3907K, 45% free 9282K/16616K, paused 5ms, total 6ms
02-03 13:10:24.061 D/dalvikvm(15954): GC_FOR_ALLOC freed 3944K, 45% free 9280K/16616K, paused 5ms, total 5ms
02-03 13:10:24.061 D/dalvikvm(15954): GC_FOR_ALLOC freed 3982K, 44% free 9310K/16616K, paused 4ms, total 4ms
02-03 13:10:24.071 D/dalvikvm(15954): GC_CONCURRENT freed 3354K, 40% free 9974K/16616K, paused 1ms+1ms, total 6ms
02-03 13:10:24.071 D/dalvikvm(15954): WAIT_FOR_CONCURRENT_GC blocked 2ms
02-03 13:10:24.081 D/dalvikvm(15954): GC_FOR_ALLOC freed 4045K, 44% free 9305K/16616K, paused 4ms, total 4ms
02-03 13:10:24.081 D/dalvikvm(15954): GC_FOR_ALLOC freed 4089K, 45% free 9303K/16616K, paused 4ms, total 5ms
02-03 13:10:24.091 D/dalvikvm(15954): GC_CONCURRENT freed 2946K, 39% free 10282K/16616K, paused 1ms+0ms, total 6ms
02-03 13:10:24.091 D/dalvikvm(15954): WAIT_FOR_CONCURRENT_GC blocked 2ms
02-03 13:10:24.101 D/dalvikvm(15954): GC_FOR_ALLOC freed 3949K, 45% free 9302K/16616K, paused 4ms, total 5ms
02-03 13:10:24.101 D/dalvikvm(15954): GC_FOR_ALLOC freed 3684K, 43% free 9602K/16616K, paused 5ms, total 5ms
02-03 13:10:24.111 D/dalvikvm(15954): GC_CONCURRENT freed 3322K, 40% free 10000K/16616K, paused 1ms+1ms, total 6ms
02-03 13:10:24.111 D/dalvikvm(15954): WAIT_FOR_CONCURRENT_GC blocked 2ms
02-03 13:10:24.121 D/dalvikvm(15954): GC_FOR_ALLOC freed 3530K, 45% free 9303K/16616K, paused 4ms, total 4ms
02-03 13:10:24.121 D/dalvikvm(15954): GC_CONCURRENT freed 3768K, 43% free 9610K/16616K, paused 1ms+1ms, total 5ms
02-03 13:10:24.121 D/dalvikvm(15954): WAIT_FOR_CONCURRENT_GC blocked 4ms
02-03 13:10:24.131 D/dalvikvm(15954): GC_FOR_ALLOC freed 4113K, 45% free 9302K/16616K, paused 4ms, total 4ms
02-03 13:10:24.141 D/dalvikvm(15954): GC_FOR_ALLOC freed 3831K, 44% free 9407K/16616K, paused 4ms, total 4ms
02-03 13:10:24.141 D/dalvikvm(15954): GC_FOR_ALLOC freed 3652K, 43% free 9618K/16616K, paused 4ms, total 4ms
02-03 13:10:24.151 D/dalvikvm(15954): GC_FOR_ALLOC freed 3681K, 44% free 9412K/16616K, paused 4ms, total 4ms
02-03 13:10:24.161 D/dalvikvm(15954): GC_FOR_ALLOC freed 3708K, 44% free 9414K/16616K, paused 4ms, total 4ms
02-03 13:10:24.161 D/dalvikvm(15954): GC_FOR_ALLOC freed 3734K, 44% free 9416K/16616K, paused 5ms, total 5ms
02-03 13:10:24.171 D/dalvikvm(15954): GC_FOR_ALLOC freed 3760K, 43% free 9633K/16616K, paused 5ms, total 5ms
02-03 13:10:24.181 D/dalvikvm(15954): GC_CONCURRENT freed 2816K, 40% free 10066K/16616K, paused 0ms+1ms, total 5ms
02-03 13:10:24.181 D/dalvikvm(15954): WAIT_FOR_CONCURRENT_GC blocked 3ms
02-03 13:10:24.181 D/dalvikvm(15954): GC_FOR_ALLOC freed 3800K, 44% free 9314K/16616K, paused 4ms, total 4ms
02-03 13:10:24.191 D/dalvikvm(15954): GC_FOR_ALLOC freed 3832K, 44% free 9315K/16616K, paused 5ms, total 5ms
02-03 13:10:24.201 D/dalvikvm(15954): GC_FOR_ALLOC freed 3858K, 44% free 9317K/16616K, paused 5ms, total 5ms
02-03 13:10:24.201 D/dalvikvm(15954): GC_FOR_ALLOC freed 3884K, 44% free 9318K/16616K, paused 4ms, total 4ms
02-03 13:10:24.211 D/dalvikvm(15954): GC_FOR_ALLOC freed 3910K, 44% free 9320K/16616K, paused 5ms, total 5ms
02-03 13:10:24.221 D/dalvikvm(15954): GC_FOR_ALLOC freed 3937K, 44% free 9321K/16616K, paused 4ms, total 4ms
02-03 13:10:24.221 D/dalvikvm(15954): GC_FOR_ALLOC freed 3963K, 44% free 9323K/16616K, paused 4ms, total 4ms
02-03 13:10:24.231 D/dalvikvm(15954): GC_CONCURRENT freed 3761K, 43% free 9553K/16616K, paused 1ms+1ms, total 5ms
02-03 13:10:24.231 D/dalvikvm(15954): WAIT_FOR_CONCURRENT_GC blocked 4ms
02-03 13:10:24.241 D/dalvikvm(15954): GC_FOR_ALLOC freed 3668K, 42% free 9669K/16616K, paused 5ms, total 5ms
02-03 13:10:24.251 D/dalvikvm(15954): GC_FOR_ALLOC freed 3806K, 44% free 9327K/16616K, paused 5ms, total 5ms
02-03 13:10:24.251 D/dalvikvm(15954): GC_FOR_ALLOC freed 3480K, 42% free 9676K/16616K, paused 4ms, total 4ms
02-03 13:10:24.261 D/dalvikvm(15954): GC_FOR_ALLOC freed 3853K, 44% free 9330K/16616K, paused 5ms, total 5ms
02-03 13:10:24.271 D/dalvikvm(15954): GC_FOR_ALLOC freed 3525K, 42% free 9684K/16616K, paused 4ms, total 4ms
02-03 13:10:24.271 D/dalvikvm(15954): GC_FOR_ALLOC freed 3903K, 44% free 9333K/16616K, paused 4ms, total 4ms
02-03 13:10:24.281 D/dalvikvm(15954): GC_FOR_ALLOC freed 3570K, 44% free 9453K/16616K, paused 5ms, total 5ms
02-03 13:10:24.291 D/dalvikvm(15954): GC_FOR_ALLOC freed 3352K, 42% free 9695K/16616K, paused 4ms, total 4ms
02-03 13:10:24.291 D/dalvikvm(15954): GC_FOR_ALLOC freed 3371K, 42% free 9698K/16616K, paused 5ms, total 5ms
02-03 13:10:24.301 D/dalvikvm(15954): GC_FOR_ALLOC freed 3390K, 42% free 9701K/16616K, paused 4ms, total 4ms
02-03 13:10:24.311 D/dalvikvm(15954): GC_FOR_ALLOC freed 3409K, 42% free 9705K/16616K, paused 5ms, total 5ms
02-03 13:10:24.311 D/dalvikvm(15954): GC_FOR_ALLOC freed 3427K, 42% free 9708K/16616K, paused 4ms, total 4ms
02-03 13:10:24.321 D/dalvikvm(15954): GC_FOR_ALLOC freed 3446K, 42% free 9712K/16616K, paused 4ms, total 4ms
02-03 13:10:24.331 D/dalvikvm(15954): GC_FOR_ALLOC freed 3465K, 42% free 9715K/16616K, paused 4ms, total 4ms
02-03 13:10:24.331 D/dalvikvm(15954): GC_FOR_ALLOC freed 3484K, 42% free 9718K/16616K, paused 4ms, total 4ms
02-03 13:10:24.341 D/dalvikvm(15954): GC_FOR_ALLOC freed 3503K, 42% free 9722K/16616K, paused 4ms, total 4ms
02-03 13:10:24.351 D/dalvikvm(15954): GC_FOR_ALLOC freed 3522K, 42% free 9725K/16616K, paused 4ms, total 4ms
02-03 13:10:24.351 D/dalvikvm(15954): GC_FOR_ALLOC freed 3541K, 42% free 9728K/16616K, paused 4ms, total 4ms
02-03 13:10:24.361 D/dalvikvm(15954): GC_FOR_ALLOC freed 3559K, 42% free 9732K/16616K, paused 4ms, total 4ms
02-03 13:10:24.371 D/dalvikvm(15954): GC_FOR_ALLOC freed 3578K, 42% free 9735K/16616K, paused 5ms, total 5ms
02-03 13:10:24.371 D/dalvikvm(15954): GC_FOR_ALLOC freed 3596K, 42% free 9738K/16616K, paused 4ms, total 4ms
02-03 13:10:24.381 D/dalvikvm(15954): GC_FOR_ALLOC freed 3615K, 42% free 9742K/16616K, paused 4ms, total 4ms
02-03 13:10:24.391 D/dalvikvm(15954): GC_FOR_ALLOC freed 3634K, 43% free 9485K/16616K, paused 4ms, total 4ms
02-03 13:10:24.391 D/dalvikvm(15954): GC_FOR_ALLOC freed 3652K, 43% free 9487K/16616K, paused 4ms, total 4ms
02-03 13:10:24.401 D/dalvikvm(15954): GC_FOR_ALLOC freed 3671K, 43% free 9489K/16616K, paused 4ms, total 5ms
02-03 13:10:24.411 D/dalvikvm(15954): GC_FOR_ALLOC freed 3689K, 43% free 9491K/16616K, paused 4ms, total 4ms
02-03 13:10:24.411 D/dalvikvm(15954): GC_FOR_ALLOC freed 3443K, 44% free 9361K/16616K, paused 5ms, total 5ms
02-03 13:10:24.421 D/dalvikvm(15954): GC_FOR_ALLOC freed 3725K, 44% free 9363K/16616K, paused 4ms, total 4ms
02-03 13:10:24.431 D/dalvikvm(15954): GC_FOR_ALLOC freed 3744K, 44% free 9364K/16616K, paused 4ms, total 4ms
02-03 13:10:24.431 D/dalvikvm(15954): GC_FOR_ALLOC freed 3763K, 44% free 9365K/16616K, paused 5ms, total 5ms
02-03 13:10:24.441 D/dalvikvm(15954): GC_FOR_ALLOC freed 3783K, 44% free 9367K/16616K, paused 4ms, total 4ms
02-03 13:10:24.451 D/dalvikvm(15954): GC_FOR_ALLOC freed 3802K, 44% free 9368K/16616K, paused 4ms, total 4ms
02-03 13:10:24.451 D/dalvikvm(15954): GC_FOR_ALLOC freed 3820K, 44% free 9369K/16616K, paused 4ms, total 4ms
02-03 13:10:24.461 D/dalvikvm(15954): GC_FOR_ALLOC freed 3839K, 44% free 9371K/16616K, paused 5ms, total 5ms
02-03 13:10:24.471 D/dalvikvm(15954): GC_FOR_ALLOC freed 3858K, 44% free 9372K/16616K, paused 5ms, total 5ms
02-03 13:10:24.471 D/dalvikvm(15954): GC_FOR_ALLOC freed 3877K, 44% free 9373K/16616K, paused 4ms, total 4ms
02-03 13:10:24.481 D/dalvikvm(15954): GC_FOR_ALLOC freed 3896K, 44% free 9375K/16616K, paused 4ms, total 4ms
02-03 13:10:24.491 D/dalvikvm(15954): GC_FOR_ALLOC freed 3914K, 44% free 9376K/16616K, paused 4ms, total 4ms
02-03 13:10:24.491 D/dalvikvm(15954): GC_FOR_ALLOC freed 3229K, 42% free 9798K/16616K, paused 4ms, total 4ms
02-03 13:10:24.501 D/dalvikvm(15954): GC_FOR_ALLOC freed 3666K, 44% free 9378K/16616K, paused 4ms, total 4ms
02-03 13:10:24.511 D/dalvikvm(15954): GC_FOR_ALLOC freed 3256K, 41% free 9804K/16616K, paused 4ms, total 4ms
02-03 13:10:24.511 D/dalvikvm(15954): GC_FOR_ALLOC freed 3697K, 44% free 9381K/16616K, paused 4ms, total 4ms
02-03 13:10:24.521 D/dalvikvm(15954): GC_FOR_ALLOC freed 3283K, 41% free 9810K/16616K, paused 4ms, total 4ms
02-03 13:10:24.531 D/dalvikvm(15954): GC_FOR_ALLOC freed 3727K, 44% free 9383K/16616K, paused 4ms, total 4ms
02-03 13:10:24.531 D/dalvikvm(15954): GC_FOR_ALLOC freed 3310K, 41% free 9816K/16616K, paused 4ms, total 5ms
02-03 13:10:24.541 D/dalvikvm(15954): GC_FOR_ALLOC freed 3758K, 44% free 9385K/16616K, paused 4ms, total 4ms
02-03 13:10:24.551 D/dalvikvm(15954): GC_FOR_ALLOC freed 3337K, 41% free 9821K/16616K, paused 5ms, total 5ms
02-03 13:10:24.551 D/dalvikvm(15954): GC_FOR_ALLOC freed 3789K, 44% free 9388K/16616K, paused 4ms, total 4ms
02-03 13:10:24.561 D/dalvikvm(15954): GC_FOR_ALLOC freed 3364K, 41% free 9827K/16616K, paused 4ms, total 4ms
02-03 13:10:24.571 D/dalvikvm(15954): GC_FOR_ALLOC freed 3819K, 44% free 9390K/16616K, paused 4ms, total 4ms
02-03 13:10:24.571 D/dalvikvm(15954): GC_FOR_ALLOC freed 3391K, 41% free 9833K/16616K, paused 4ms, total 4ms
02-03 13:10:24.581 D/dalvikvm(15954): GC_FOR_ALLOC freed 3108K, 41% free 9836K/16616K, paused 4ms, total 4ms
02-03 13:10:24.591 D/dalvikvm(15954): GC_FOR_ALLOC freed 3863K, 44% free 9393K/16616K, paused 4ms, total 4ms
02-03 13:10:24.591 D/dalvikvm(15954): GC_FOR_ALLOC freed 3430K, 43% free 9543K/16616K, paused 4ms, total 4ms
02-03 13:10:24.601 D/dalvikvm(15954): GC_FOR_ALLOC freed 3143K, 41% free 9844K/16616K, paused 4ms, total 4ms
02-03 13:10:24.611 D/dalvikvm(15954): GC_FOR_ALLOC freed 3154K, 41% free 9847K/16616K, paused 4ms, total 4ms
02-03 13:10:24.611 D/dalvikvm(15954): GC_FOR_ALLOC freed 3920K, 44% free 9398K/16616K, paused 4ms, total 4ms
02-03 13:10:24.621 D/dalvikvm(15954): GC_FOR_ALLOC freed 3480K, 43% free 9550K/16616K, paused 4ms, total 4ms
02-03 13:10:24.631 D/dalvikvm(15954): GC_FOR_ALLOC freed 3189K, 41% free 9855K/16616K, paused 4ms, total 4ms
02-03 13:10:24.631 D/dalvikvm(15954): GC_FOR_ALLOC freed 3200K, 41% free 9858K/16616K, paused 4ms, total 4ms
02-03 13:10:24.641 D/dalvikvm(15954): GC_FOR_ALLOC freed 3976K, 44% free 9402K/16616K, paused 5ms, total 5ms
02-03 13:10:24.651 D/dalvikvm(15954): GC_FOR_ALLOC freed 3530K, 43% free 9556K/16616K, paused 4ms, total 4ms
02-03 13:10:24.651 D/dalvikvm(15954): GC_FOR_ALLOC freed 3235K, 41% free 9866K/16616K, paused 4ms, total 4ms
02-03 13:10:24.661 D/dalvikvm(15954): GC_FOR_ALLOC freed 3245K, 41% free 9868K/16616K, paused 5ms, total 5ms
02-03 13:10:24.671 D/dalvikvm(15954): GC_FOR_ALLOC freed 4033K, 44% free 9407K/16616K, paused 5ms, total 5ms
02-03 13:10:24.671 D/dalvikvm(15954): GC_FOR_ALLOC freed 3581K, 43% free 9563K/16616K, paused 5ms, total 5ms
02-03 13:10:24.681 D/dalvikvm(15954): GC_FOR_ALLOC freed 3281K, 41% free 9877K/16616K, paused 4ms, total 4ms
02-03 13:10:24.691 D/dalvikvm(15954): GC_FOR_ALLOC freed 3291K, 41% free 9879K/16616K, paused 5ms, total 5ms
02-03 13:10:24.691 D/dalvikvm(15954): GC_FOR_ALLOC freed 4090K, 44% free 9411K/16616K, paused 4ms, total 4ms
02-03 13:10:24.701 D/dalvikvm(15954): GC_FOR_ALLOC freed 3631K, 43% free 9569K/16616K, paused 4ms, total 4ms
02-03 13:10:24.711 D/dalvikvm(15954): GC_FOR_ALLOC freed 3327K, 41% free 9888K/16616K, paused 5ms, total 5ms
02-03 13:10:24.711 D/dalvikvm(15954): GC_FOR_ALLOC freed 3337K, 41% free 9890K/16616K, paused 4ms, total 4ms
02-03 13:10:24.721 D/dalvikvm(15954): GC_FOR_ALLOC freed 4147K, 44% free 9415K/16616K, paused 5ms, total 5ms
02-03 13:10:24.731 D/dalvikvm(15954): GC_FOR_ALLOC freed 3682K, 43% free 9576K/16616K, paused 4ms, total 4ms
02-03 13:10:24.731 D/dalvikvm(15954): GC_FOR_ALLOC freed 3374K, 43% free 9578K/16616K, paused 4ms, total 4ms
02-03 13:10:24.741 D/dalvikvm(15954): GC_FOR_ALLOC freed 3384K, 43% free 9579K/16616K, paused 4ms, total 4ms
02-03 13:10:24.751 D/dalvikvm(15954): GC_FOR_ALLOC freed 3396K, 43% free 9581K/16616K, paused 5ms, total 5ms
02-03 13:10:24.751 D/dalvikvm(15954): GC_FOR_ALLOC freed 3406K, 43% free 9582K/16616K, paused 4ms, total 4ms
02-03 13:10:24.761 D/dalvikvm(15954): GC_FOR_ALLOC freed 3417K, 43% free 9584K/16616K, paused 5ms, total 5ms
02-03 13:10:24.771 D/dalvikvm(15954): GC_FOR_ALLOC freed 3429K, 43% free 9585K/16616K, paused 5ms, total 5ms
02-03 13:10:24.771 D/dalvikvm(15954): GC_FOR_ALLOC freed 3440K, 43% free 9587K/16616K, paused 4ms, total 4ms
02-03 13:10:24.781 D/dalvikvm(15954): GC_FOR_ALLOC freed 3452K, 43% free 9589K/16616K, paused 4ms, total 4ms
02-03 13:10:24.791 D/dalvikvm(15954): GC_FOR_ALLOC freed 3464K, 43% free 9590K/16616K, paused 4ms, total 4ms
02-03 13:10:24.791 D/dalvikvm(15954): GC_FOR_ALLOC freed 3474K, 43% free 9592K/16616K, paused 4ms, total 4ms
02-03 13:10:24.801 D/dalvikvm(15954): GC_FOR_ALLOC freed 3484K, 43% free 9593K/16616K, paused 4ms, total 4ms
02-03 13:10:24.811 D/dalvikvm(15954): GC_FOR_ALLOC freed 3493K, 43% free 9595K/16616K, paused 5ms, total 5ms
02-03 13:10:24.811 D/dalvikvm(15954): GC_FOR_ALLOC freed 3503K, 43% free 9596K/16616K, paused 5ms, total 5ms
02-03 13:10:24.821 D/dalvikvm(15954): GC_FOR_ALLOC freed 3512K, 43% free 9597K/16616K, paused 4ms, total 4ms
02-03 13:10:24.831 D/dalvikvm(15954): GC_FOR_ALLOC freed 3522K, 43% free 9599K/16616K, paused 4ms, total 4ms
02-03 13:10:24.831 D/dalvikvm(15954): GC_FOR_ALLOC freed 3531K, 43% free 9600K/16616K, paused 5ms, total 5ms
02-03 13:10:24.841 D/dalvikvm(15954): GC_FOR_ALLOC freed 3540K, 43% free 9601K/16616K, paused 5ms, total 5ms
02-03 13:10:24.851 D/dalvikvm(15954): GC_FOR_ALLOC freed 3551K, 43% free 9603K/16616K, paused 4ms, total 4ms
02-03 13:10:24.851 D/dalvikvm(15954): GC_FOR_ALLOC freed 3564K, 43% free 9605K/16616K, paused 5ms, total 5ms
02-03 13:10:24.861 D/dalvikvm(15954): GC_FOR_ALLOC freed 3576K, 43% free 9606K/16616K, paused 5ms, total 5ms
02-03 13:10:24.871 D/dalvikvm(15954): GC_FOR_ALLOC freed 3586K, 43% free 9608K/16616K, paused 5ms, total 5ms
02-03 13:10:24.871 D/dalvikvm(15954): GC_FOR_ALLOC freed 3597K, 43% free 9609K/16616K, paused 5ms, total 5ms
02-03 13:10:24.881 D/dalvikvm(15954): GC_FOR_ALLOC freed 3607K, 43% free 9611K/16616K, paused 4ms, total 4ms
02-03 13:10:24.891 D/dalvikvm(15954): GC_FOR_ALLOC freed 3616K, 43% free 9612K/16616K, paused 4ms, total 4ms
02-03 13:10:24.891 D/dalvikvm(15954): GC_FOR_ALLOC freed 3281K, 44% free 9442K/16616K, paused 4ms, total 4ms
02-03 13:10:24.901 D/dalvikvm(15954): GC_FOR_ALLOC freed 3637K, 44% free 9443K/16616K, paused 4ms, total 4ms
02-03 13:10:24.911 D/dalvikvm(15954): GC_FOR_ALLOC freed 3648K, 44% free 9444K/16616K, paused 5ms, total 5ms
02-03 13:10:24.911 D/dalvikvm(15954): GC_FOR_ALLOC freed 3659K, 44% free 9445K/16616K, paused 4ms, total 4ms
02-03 13:10:24.921 D/dalvikvm(15954): GC_FOR_ALLOC freed 3668K, 44% free 9446K/16616K, paused 4ms, total 4ms
02-03 13:10:24.931 D/dalvikvm(15954): GC_FOR_ALLOC freed 3678K, 44% free 9446K/16616K, paused 5ms, total 5ms
02-03 13:10:24.931 D/dalvikvm(15954): GC_FOR_ALLOC freed 3687K, 44% free 9447K/16616K, paused 4ms, total 4ms
02-03 13:10:24.941 D/dalvikvm(15954): GC_FOR_ALLOC freed 3696K, 44% free 9448K/16616K, paused 4ms, total 4ms
02-03 13:10:24.951 D/dalvikvm(15954): GC_FOR_ALLOC freed 3706K, 44% free 9449K/16616K, paused 5ms, total 5ms
02-03 13:10:24.951 D/dalvikvm(15954): GC_FOR_ALLOC freed 3715K, 44% free 9450K/16616K, paused 4ms, total 4ms
02-03 13:10:24.961 D/dalvikvm(15954): GC_FOR_ALLOC freed 3725K, 44% free 9451K/16616K, paused 4ms, total 4ms
02-03 13:10:24.971 D/dalvikvm(15954): GC_FOR_ALLOC freed 3734K, 44% free 9452K/16616K, paused 5ms, total 5ms
02-03 13:10:24.971 D/dalvikvm(15954): GC_FOR_ALLOC freed 3744K, 44% free 9453K/16616K, paused 5ms, total 5ms
02-03 13:10:24.981 D/dalvikvm(15954): GC_FOR_ALLOC freed 3753K, 44% free 9454K/16616K, paused 4ms, total 4ms
02-03 13:10:24.991 D/dalvikvm(15954): GC_FOR_ALLOC freed 3762K, 44% free 9454K/16616K, paused 4ms, total 4ms
02-03 13:10:24.991 D/dalvikvm(15954): GC_FOR_ALLOC freed 3772K, 44% free 9455K/16616K, paused 4ms, total 4ms
02-03 13:10:25.001 D/dalvikvm(15954): GC_FOR_ALLOC freed 3781K, 44% free 9456K/16616K, paused 5ms, total 5ms
02-03 13:10:25.011 D/dalvikvm(15954): GC_FOR_ALLOC freed 3791K, 44% free 9457K/16616K, paused 5ms, total 5ms
02-03 13:10:25.011 W/ufoGralloc(14239): registerBuffer() handle 0xb807b240/54 didn't require registration
02-03 13:10:25.021 D/dalvikvm(15954): GC_FOR_ALLOC freed 3800K, 44% free 9458K/16616K, paused 5ms, total 7ms
02-03 13:10:25.031 D/dalvikvm(15954): GC_FOR_ALLOC freed 3809K, 44% free 9459K/16616K, paused 5ms, total 5ms
02-03 13:10:25.031 D/WindowManager(14542): adjustConfigurationLw, config:{1.0 ?mcc?mnc ?locale ?layoutDir sw600dp w600dp h888dp 213dpi lrg port ?uimode ?night finger -keyb/v/h -nav/v} mLidState:1 mHasDockFeature:false mHasKeyboardFeature:false mHasHallSensorFeature:true config.hardKeyboardHidden:2
02-03 13:10:25.031 I/ActivityManager(14542): [TopPkgCurBat]	NowPkgName[com.asus.launcher]	Battery[87]	TimeTick[1422940225046]	OldPkgName[org.xwalk.webapi_noneservice_tests]
02-03 13:10:25.041 V/WeatherTimeProvider(15704): widget on Visibility Changed
02-03 13:10:25.051 D/dalvikvm(15954): GC_FOR_ALLOC freed 3819K, 44% free 9460K/16616K, paused 20ms, total 20ms
02-03 13:10:25.061 D/        (14886): Pixel Format : GGL_PIXEL_FORMAT_RGBA_8888
02-03 13:10:25.071 D/dalvikvm(15954): GC_FOR_ALLOC freed 3828K, 44% free 9461K/16616K, paused 7ms, total 8ms
02-03 13:10:25.071 D/XT9IME  (14763): new subtype :en_US ,keyboard
02-03 13:10:25.071 W/IInputConnectionWrapper(21555): showStatusIcon on inactive InputConnection
02-03 13:10:25.081 D/dalvikvm(15954): GC_CONCURRENT freed 3967K, 44% free 9461K/16616K, paused 1ms+1ms, total 7ms
02-03 13:10:25.111 D/dalvikvm(15954): GC_FOR_ALLOC freed 3659K, 43% free 9471K/16616K, paused 5ms, total 12ms
02-03 13:10:25.111 D/BatteryStatsImpl(14542): noteStopWakeLocked system isFromForeground = false
02-03 13:10:25.131 D/dalvikvm(15954): GC_CONCURRENT freed 3671K, 41% free 9858K/16616K, paused 2ms+1ms, total 16ms
02-03 13:10:25.141 D/        (21555): Surface destroy: ANDROID_NATIVE_WINDOW_MAGIC
02-03 13:10:25.141 D/        (21555): Surface destroy: ANDROID_NATIVE_WINDOW_MAGIC
02-03 13:10:25.151 D/dalvikvm(15954): GC_FOR_ALLOC freed 3275K, 49% free 8515K/16616K, paused 13ms, total 13ms
02-03 13:10:25.181 D/dalvikvm(15954): GC_FOR_ALLOC freed 3347K, 46% free 9088K/16616K, paused 4ms, total 4ms
02-03 13:10:25.251 D/AndroidRuntime(21647): 
02-03 13:10:25.251 D/AndroidRuntime(21647): >>>>>> AndroidRuntime START com.android.internal.os.RuntimeInit <<<<<<
02-03 13:10:25.251 D/AndroidRuntime(21647): CheckJNI is OFF
02-03 13:10:25.251 I/AndroidRuntime(21647): Kernel Release Version: 3.10.20-g25181e8-dirty
02-03 13:10:25.251 I/dalvikvm(21647): No library specified. The standard exception handler will be used
02-03 13:10:25.251 I/dalvikvm(21647): 
02-03 13:10:25.251 I/dalvikvm(21647): +++++++++++++ Using PCG. +++++++++++++++++++++
02-03 13:10:25.261 D/dalvikvm(15954): GC_CONCURRENT freed 3922K, 40% free 10101K/16616K, paused 1ms+1ms, total 12ms
02-03 13:10:25.261 D/dalvikvm(21647): Trying to load lib libjavacore.so 0x0
02-03 13:10:25.271 D/dalvikvm(21647): Added shared lib libjavacore.so 0x0
02-03 13:10:25.271 D/dalvikvm(21647): Trying to load lib libnativehelper.so 0x0
02-03 13:10:25.271 D/dalvikvm(21647): Added shared lib libnativehelper.so 0x0
02-03 13:10:25.271 D/dalvikvm(21647): No JNI_OnLoad found in libnativehelper.so 0x0, skipping init
02-03 13:10:25.271 D/dalvikvm(15954): GC_FOR_ALLOC freed 5010K, 45% free 9167K/16616K, paused 5ms, total 5ms
02-03 13:10:25.281 D/dalvikvm(21647): Extra Options: not specified
02-03 13:10:25.291 D/dalvikvm(15954): GC_CONCURRENT freed 1991K, 45% free 9190K/16616K, paused 1ms+0ms, total 6ms
02-03 13:10:25.291 D/dalvikvm(21647): Note: class Landroid/app/ActivityManagerNative; has 186 unimplemented (abstract) methods
02-03 13:10:25.301 D/dalvikvm(15954): GC_CONCURRENT freed 4065K, 45% free 9217K/16616K, paused 1ms+1ms, total 6ms
02-03 13:10:25.301 D/dalvikvm(15954): WAIT_FOR_CONCURRENT_GC blocked 6ms
02-03 13:10:25.311 D/dalvikvm(15954): GC_CONCURRENT freed 3989K, 45% free 9234K/16616K, paused 0ms+1ms, total 7ms
02-03 13:10:25.321 D/dalvikvm(15954): GC_FOR_ALLOC freed 4019K, 45% free 9268K/16616K, paused 5ms, total 5ms
02-03 13:10:25.331 D/dalvikvm(15954): GC_CONCURRENT freed 529K, 44% free 9456K/16616K, paused 1ms+1ms, total 8ms
02-03 13:10:25.341 D/dalvikvm(15954): GC_FOR_ALLOC freed 4227K, 45% free 9276K/16616K, paused 5ms, total 5ms
02-03 13:10:25.341 D/dalvikvm(15954): GC_CONCURRENT freed 1309K, 42% free 9657K/16616K, paused 0ms+1ms, total 6ms
02-03 13:10:25.351 D/dalvikvm(15954): GC_FOR_ALLOC freed 4428K, 45% free 9285K/16616K, paused 6ms, total 6ms
02-03 13:10:25.361 D/dalvikvm(15954): GC_CONCURRENT freed 1867K, 42% free 9655K/16616K, paused 1ms+1ms, total 9ms
02-03 13:10:25.381 D/dalvikvm(15954): GC_FOR_ALLOC freed 4428K, 44% free 9322K/16616K, paused 8ms, total 8ms
02-03 13:10:25.381 E/memtrack(21647): Couldn't load memtrack module (No such file or directory)
02-03 13:10:25.381 E/android.os.Debug(21647): failed to load memtrack module: -2
02-03 13:10:25.391 D/dalvikvm(15954): GC_CONCURRENT freed 121K, 45% free 9282K/16616K, paused 1ms+6ms, total 10ms
02-03 13:10:25.401 D/dalvikvm(15954): GC_CONCURRENT freed 3992K, 44% free 9325K/16616K, paused 0ms+2ms, total 5ms
02-03 13:10:25.401 D/dalvikvm(15954): WAIT_FOR_CONCURRENT_GC blocked 3ms
02-03 13:10:25.411 D/dalvikvm(15954): GC_CONCURRENT freed 4001K, 44% free 9331K/16616K, paused 2ms+1ms, total 8ms
02-03 13:10:25.431 D/dalvikvm(15954): GC_FOR_ALLOC freed 4178K, 45% free 9243K/16616K, paused 12ms, total 13ms
02-03 13:10:25.441 D/AndroidRuntime(21647): Calling main entry com.android.commands.am.Am
02-03 13:10:25.441 D/dalvikvm(15954): GC_CONCURRENT freed 3102K, 43% free 9477K/16616K, paused 0ms+6ms, total 17ms
02-03 13:10:25.461 D/dalvikvm(15954): GC_CONCURRENT freed 4170K, 44% free 9327K/16616K, paused 0ms+1ms, total 6ms
02-03 13:10:25.471 D/dalvikvm(15954): GC_CONCURRENT freed 4128K, 45% free 9279K/16616K, paused 2ms+1ms, total 8ms
02-03 13:10:25.471 D/dalvikvm(15954): WAIT_FOR_CONCURRENT_GC blocked 6ms
02-03 13:10:25.481 I/ActivityManager(14542): Force stopping org.xwalk.webapi_noneservice_tests appid=11605 user=0: from pid 21647
02-03 13:10:25.481 D/dalvikvm(15954): GC_FOR_ALLOC freed 4054K, 45% free 9279K/16616K, paused 6ms, total 6ms
02-03 13:10:25.481 I/ActivityManager(14542): Killing 21555:org.xwalk.webapi_noneservice_tests/u0a1605 (adj 1): stop org.xwalk.webapi_noneservice_tests
02-03 13:10:25.491 I/SecurityManagerService(14632): SMS received security event: App[STOP/org.xwalk.webapi_noneservice_tests]
02-03 13:10:25.491 D/AndroidRuntime(21647): Shutting down VM
02-03 13:10:25.491 D/dalvikvm(21647): GC_CONCURRENT freed 112K, 16% free 666K/792K, paused 0ms+0ms, total 1ms
02-03 13:10:25.501 D/dalvikvm(21647): Compiler shutdown in progress - discarding request
02-03 13:10:25.501 D/dalvikvm(21647): Compiler shutdown in progress - discarding request
02-03 13:10:25.501 D/dalvikvm(21647): Compiler shutdown in progress - discarding request
02-03 13:10:25.501 D/dalvikvm(21647): Compiler shutdown in progress - discarding request
02-03 13:10:25.501 D/dalvikvm(21647): Compiler shutdown in progress - discarding request
02-03 13:10:25.501 D/dalvikvm(21647): Compiler shutdown in progress - discarding request
02-03 13:10:25.501 D/dalvikvm(21647): Compiler shutdown in progress - discarding request
02-03 13:10:25.501 D/dalvikvm(21647): Compiler shutdown in progress - discarding request
02-03 13:10:25.501 D/dalvikvm(21647): Compiler shutdown in progress - discarding request
02-03 13:10:25.501 D/dalvikvm(21647): Compiler shutdown in progress - discarding request
02-03 13:10:25.501 D/dalvikvm(21647): Compiler shutdown in progress - discarding request
02-03 13:10:25.501 D/dalvikvm(21647): Compiler shutdown in progress - discarding request
02-03 13:10:25.501 D/dalvikvm(21647): Compiler shutdown in progress - discarding request
02-03 13:10:25.501 D/dalvikvm(21647): Compiler shutdown in progress - discarding request
02-03 13:10:25.501 D/dalvikvm(21647): Compiler shutdown in progress - discarding request
02-03 13:10:25.501 D/dalvikvm(21647): Compiler shutdown in progress - discarding request
02-03 13:10:25.501 D/dalvikvm(21647): Compiler shutdown in progress - discarding request
02-03 13:10:25.501 D/dalvikvm(21647): Compiler shutdown in progress - discarding request
02-03 13:10:25.501 D/dalvikvm(21647): Compiler shutdown in progress - discarding request
02-03 13:10:25.501 D/dalvikvm(21647): Compiler shutdown in progress - discarding request
02-03 13:10:25.501 D/dalvikvm(21647): Compiler shutdown in progress - discarding request
02-03 13:10:25.501 D/dalvikvm(21647): Compiler shutdown in progress - discarding request
02-03 13:10:25.501 D/dalvikvm(21647): Compiler shutdown in progress - discarding request
02-03 13:10:25.501 D/dalvikvm(21647): Compiler shutdown in progress - discarding request
02-03 13:10:25.501 D/dalvikvm(21647): Compiler shutdown in progress - discarding request
02-03 13:10:25.501 D/dalvikvm(21647): Compiler shutdown in progress - discarding request
02-03 13:10:25.501 D/dalvikvm(21647): Compiler shutdown in progress - discarding request
02-03 13:10:25.501 D/dalvikvm(21647): Compiler shutdown in progress - discarding request
02-03 13:10:25.501 D/dalvikvm(21647): Compiler shutdown in progress - discarding request
02-03 13:10:25.501 D/dalvikvm(21647): Compiler shutdown in progress - discarding request
02-03 13:10:25.501 D/dalvikvm(21647): Compiler shutdown in progress - discarding request
02-03 13:10:25.501 D/dalvikvm(21647): Compiler shutdown in progress - discarding request
02-03 13:10:25.501 D/dalvikvm(21647): Compiler shutdown in progress - discarding request
02-03 13:10:25.501 D/dalvikvm(21647): Compiler shutdown in progress - discarding request
02-03 13:10:25.501 D/dalvikvm(21647): Compiler shutdown in progress - discarding request
02-03 13:10:25.501 D/dalvikvm(21647): Compiler shutdown in progress - discarding request
02-03 13:10:25.501 D/dalvikvm(21647): Compiler shutdown in progress - discarding request
02-03 13:10:25.501 D/dalvikvm(21647): Compiler shutdown in progress - discarding request
02-03 13:10:25.501 D/dalvikvm(21647): Compiler shutdown in progress - discarding request
02-03 13:10:25.501 D/dalvikvm(21647): Compiler shutdown in progress - discarding request
02-03 13:10:25.501 D/dalvikvm(21647): Compiler shutdown in progress - discarding request
02-03 13:10:25.501 D/dalvikvm(21647): Compiler shutdown in progress - discarding request
02-03 13:10:25.501 D/dalvikvm(21647): Compiler shutdown in progress - discarding request
02-03 13:10:25.501 D/dalvikvm(21647): Compiler shutdown in progress - discarding request
02-03 13:10:25.501 D/dalvikvm(21647): Compiler shutdown in progress - discarding request
02-03 13:10:25.511 D/dalvikvm(15954): GC_FOR_ALLOC freed 4070K, 45% free 9226K/16616K, paused 26ms, total 26ms
02-03 13:10:25.521 D/dalvikvm(15954): GC_CONCURRENT freed 109K, 45% free 9280K/16616K, paused 1ms+1ms, total 5ms
02-03 13:10:25.521 E/JavaBinder(14542): !!! FAILED BINDER TRANSACTION !!!
02-03 13:10:25.521 E/JavaBinder(14542): !!! FAILED BINDER TRANSACTION !!!
02-03 13:10:25.531 D/dalvikvm(15954): GC_CONCURRENT freed 3911K, 44% free 9393K/16616K, paused 1ms+1ms, total 9ms
02-03 13:10:25.531 D/dalvikvm(15954): WAIT_FOR_CONCURRENT_GC blocked 2ms
02-03 13:10:25.541 W/SurfaceFlinger(14239): couldn't log to binary event log: overflow.
02-03 13:10:25.541 D/dalvikvm(15954): GC_CONCURRENT freed 4015K, 44% free 9397K/16616K, paused 0ms+1ms, total 5ms
02-03 13:10:25.541 D/dalvikvm(15954): WAIT_FOR_CONCURRENT_GC blocked 5ms
02-03 13:10:25.551 D/dalvikvm(15954): GC_CONCURRENT freed 4119K, 45% free 9282K/16616K, paused 0ms+0ms, total 5ms
02-03 13:10:25.551 D/dalvikvm(15954): WAIT_FOR_CONCURRENT_GC blocked 4ms
02-03 13:10:25.561 I/WindowState(14542): WIN DEATH: Window{22587228 u0 SurfaceView}
02-03 13:10:25.561 D/dalvikvm(15954): GC_CONCURRENT freed 3977K, 44% free 9347K/16616K, paused 1ms+6ms, total 10ms
02-03 13:10:25.561 D/dalvikvm(15954): WAIT_FOR_CONCURRENT_GC blocked 9ms
02-03 13:10:25.561 I/WindowState(14542): WIN DEATH: Window{22586c58 u0 org.xwalk.webapi_noneservice_tests/org.xwalk.webapi_noneservice_tests.WebapiNoneserviceTestsActivity}
02-03 13:10:25.571 D/dalvikvm(15954): GC_FOR_ALLOC freed 4134K, 45% free 9286K/16616K, paused 5ms, total 5ms
02-03 13:10:25.581 D/dalvikvm(15954): GC_CONCURRENT freed 3976K, 44% free 9318K/16616K, paused 1ms+0ms, total 6ms
02-03 13:10:25.581 D/dalvikvm(15954): WAIT_FOR_CONCURRENT_GC blocked 5ms
02-03 13:10:25.591 D/dalvikvm(15954): GC_FOR_ALLOC freed 4061K, 44% free 9318K/16616K, paused 5ms, total 5ms
02-03 13:10:25.601 D/dalvikvm(15954): GC_CONCURRENT freed 3689K, 43% free 9576K/16616K, paused 4ms+1ms, total 10ms
02-03 13:10:25.601 D/dalvikvm(15954): WAIT_FOR_CONCURRENT_GC blocked 2ms
02-03 13:10:25.611 D/dalvikvm(15954): GC_FOR_ALLOC freed 4213K, 44% free 9452K/16616K, paused 8ms, total 8ms
02-03 13:10:25.621 D/dalvikvm(15954): GC_CONCURRENT freed 3688K, 41% free 9936K/16616K, paused 1ms+1ms, total 7ms
02-03 13:10:25.621 D/dalvikvm(15954): GC_FOR_ALLOC freed 4512K, 44% free 9461K/16616K, paused 6ms, total 6ms
02-03 13:10:25.631 D/dalvikvm(15954): GC_CONCURRENT freed 3755K, 42% free 9673K/16616K, paused 1ms+1ms, total 6ms
02-03 13:10:25.631 D/dalvikvm(15954): WAIT_FOR_CONCURRENT_GC blocked 2ms
02-03 13:10:25.641 D/dalvikvm(15954): GC_FOR_ALLOC freed 4243K, 44% free 9465K/16616K, paused 5ms, total 5ms
02-03 13:10:25.651 D/dalvikvm(15954): GC_CONCURRENT freed 3882K, 43% free 9537K/16616K, paused 1ms+1ms, total 8ms
02-03 13:10:25.651 D/dalvikvm(15954): WAIT_FOR_CONCURRENT_GC blocked 4ms
02-03 13:10:25.651 D/dalvikvm(15954): GC_CONCURRENT freed 4085K, 44% free 9427K/16616K, paused 1ms+1ms, total 5ms
02-03 13:10:25.651 D/dalvikvm(15954): WAIT_FOR_CONCURRENT_GC blocked 4ms
02-03 13:10:25.661 D/dalvikvm(15954): GC_FOR_ALLOC freed 4000K, 43% free 9502K/16616K, paused 5ms, total 5ms
02-03 13:10:25.671 D/dalvikvm(15954): GC_CONCURRENT freed 3608K, 41% free 9804K/16616K, paused 0ms+1ms, total 6ms
02-03 13:10:25.671 D/dalvikvm(15954): WAIT_FOR_CONCURRENT_GC blocked 1ms
02-03 13:10:25.681 D/dalvikvm(15954): GC_FOR_ALLOC freed 4495K, 44% free 9350K/16616K, paused 5ms, total 5ms
02-03 13:10:25.681 D/dalvikvm(15954): GC_CONCURRENT freed 3472K, 41% free 9897K/16616K, paused 0ms+1ms, total 5ms
02-03 13:10:25.681 D/dalvikvm(15954): WAIT_FOR_CONCURRENT_GC blocked 2ms
02-03 13:10:25.691 D/dalvikvm(15954): GC_CONCURRENT freed 4542K, 44% free 9433K/16616K, paused 1ms+1ms, total 6ms
02-03 13:10:25.691 D/dalvikvm(15954): WAIT_FOR_CONCURRENT_GC blocked 5ms
02-03 13:10:25.701 D/dalvikvm(15954): GC_FOR_ALLOC freed 4135K, 45% free 9271K/16616K, paused 5ms, total 5ms
02-03 13:10:25.711 D/dalvikvm(15954): GC_CONCURRENT freed 3371K, 41% free 9924K/16616K, paused 1ms+1ms, total 7ms
02-03 13:10:25.721 D/dalvikvm(15954): GC_CONCURRENT freed 4569K, 44% free 9438K/16616K, paused 1ms+1ms, total 5ms
02-03 13:10:25.721 D/dalvikvm(15954): WAIT_FOR_CONCURRENT_GC blocked 4ms
02-03 13:10:25.721 D/dalvikvm(15954): GC_FOR_ALLOC freed 3879K, 43% free 9522K/16616K, paused 4ms, total 4ms
02-03 13:10:25.731 D/dalvikvm(15954): GC_FOR_ALLOC freed 4182K, 44% free 9384K/16616K, paused 4ms, total 4ms
02-03 13:10:25.741 D/dalvikvm(15954): GC_CONCURRENT freed 3461K, 41% free 9896K/16616K, paused 0ms+1ms, total 6ms
02-03 13:10:25.741 D/dalvikvm(15954): WAIT_FOR_CONCURRENT_GC blocked 2ms
02-03 13:10:25.741 D/dalvikvm(15954): GC_FOR_ALLOC freed 4442K, 44% free 9382K/16616K, paused 4ms, total 4ms
