02-03 12:46:23.911 D/dalvikvm(15954): GC_FOR_ALLOC freed 4235K, 48% free 9216K/17584K, paused 4ms, total 4ms
02-03 12:46:23.911 D/dalvikvm(15954): GC_CONCURRENT freed 3564K, 46% free 9618K/17584K, paused 1ms+1ms, total 7ms
02-03 12:46:23.911 D/dalvikvm(15954): WAIT_FOR_CONCURRENT_GC blocked 3ms
02-03 12:46:23.921 D/dalvikvm(15954): GC_FOR_ALLOC freed 4300K, 48% free 9214K/17584K, paused 5ms, total 5ms
02-03 12:46:23.931 D/dalvikvm(15954): GC_CONCURRENT freed 3926K, 47% free 9320K/17584K, paused 0ms+5ms, total 8ms
02-03 12:46:23.931 D/dalvikvm(15954): WAIT_FOR_CONCURRENT_GC blocked 8ms
02-03 12:46:23.941 D/dalvikvm(15954): GC_FOR_ALLOC freed 4065K, 48% free 9215K/17584K, paused 5ms, total 5ms
02-03 12:46:23.951 D/dalvikvm(15954): GC_FOR_ALLOC freed 3680K, 47% free 9424K/17584K, paused 5ms, total 5ms
02-03 12:46:23.951 D/dalvikvm(15954): GC_FOR_ALLOC freed 4238K, 49% free 9106K/17584K, paused 4ms, total 4ms
02-03 12:46:23.961 D/dalvikvm(15954): GC_FOR_ALLOC freed 3950K, 48% free 9242K/17584K, paused 4ms, total 4ms
02-03 12:46:23.971 D/dalvikvm(15954): GC_CONCURRENT freed 3230K, 44% free 9989K/17584K, paused 1ms+1ms, total 7ms
02-03 12:46:23.971 D/dalvikvm(15954): WAIT_FOR_CONCURRENT_GC blocked 2ms
02-03 12:46:23.981 D/dalvikvm(15954): GC_CONCURRENT freed 4651K, 47% free 9348K/17584K, paused 0ms+1ms, total 6ms
02-03 12:46:23.981 D/dalvikvm(15954): WAIT_FOR_CONCURRENT_GC blocked 5ms
02-03 12:46:23.981 D/dalvikvm(15954): GC_FOR_ALLOC freed 4037K, 49% free 9129K/17584K, paused 4ms, total 4ms
02-03 12:46:23.991 D/dalvikvm(15954): GC_FOR_ALLOC freed 3846K, 49% free 9126K/17584K, paused 4ms, total 5ms
02-03 12:46:24.001 D/dalvikvm(15954): GC_FOR_ALLOC freed 3873K, 49% free 9124K/17584K, paused 5ms, total 5ms
02-03 12:46:24.011 D/dalvikvm(15954): GC_FOR_ALLOC freed 3899K, 49% free 9121K/17584K, paused 4ms, total 4ms
02-03 12:46:24.011 D/dalvikvm(15954): GC_FOR_ALLOC freed 3925K, 49% free 9119K/17584K, paused 4ms, total 4ms
02-03 12:46:24.021 D/dalvikvm(15954): GC_CONCURRENT freed 3719K, 47% free 9377K/17584K, paused 0ms+0ms, total 5ms
02-03 12:46:24.031 D/dalvikvm(15954): GC_CONCURRENT freed 3978K, 47% free 9377K/17584K, paused 1ms+1ms, total 5ms
02-03 12:46:24.031 D/dalvikvm(15954): WAIT_FOR_CONCURRENT_GC blocked 4ms
02-03 12:46:24.041 D/dalvikvm(15954): GC_CONCURRENT freed 4002K, 47% free 9376K/17584K, paused 1ms+1ms, total 5ms
02-03 12:46:24.041 D/dalvikvm(15954): WAIT_FOR_CONCURRENT_GC blocked 4ms
02-03 12:46:24.041 D/dalvikvm(15954): GC_CONCURRENT freed 4028K, 47% free 9375K/17584K, paused 1ms+1ms, total 5ms
02-03 12:46:24.041 D/dalvikvm(15954): WAIT_FOR_CONCURRENT_GC blocked 4ms
02-03 12:46:24.051 D/dalvikvm(15954): GC_CONCURRENT freed 4054K, 47% free 9374K/17584K, paused 1ms+1ms, total 5ms
02-03 12:46:24.051 D/dalvikvm(15954): WAIT_FOR_CONCURRENT_GC blocked 4ms
02-03 12:46:24.061 D/dalvikvm(15954): GC_CONCURRENT freed 4082K, 47% free 9373K/17584K, paused 0ms+1ms, total 4ms
02-03 12:46:24.061 D/dalvikvm(15954): WAIT_FOR_CONCURRENT_GC blocked 5ms
02-03 12:46:24.071 D/dalvikvm(15954): GC_FOR_ALLOC freed 3753K, 47% free 9493K/17584K, paused 5ms, total 5ms
02-03 12:46:24.071 D/dalvikvm(15954): GC_FOR_ALLOC freed 4139K, 48% free 9257K/17584K, paused 5ms, total 5ms
02-03 12:46:24.081 D/dalvikvm(15954): GC_FOR_ALLOC freed 3929K, 49% free 9136K/17584K, paused 5ms, total 5ms
02-03 12:46:24.091 D/dalvikvm(15954): GC_FOR_ALLOC freed 3591K, 46% free 9497K/17584K, paused 4ms, total 4ms
02-03 12:46:24.101 D/dalvikvm(15954): GC_CONCURRENT freed 4221K, 48% free 9256K/17584K, paused 0ms+0ms, total 5ms
02-03 12:46:24.101 D/dalvikvm(15954): WAIT_FOR_CONCURRENT_GC blocked 5ms
02-03 12:46:24.111 D/dalvikvm(15954): GC_FOR_ALLOC freed 4007K, 48% free 9165K/17584K, paused 4ms, total 4ms
02-03 12:46:24.111 D/dalvikvm(15954): GC_FOR_ALLOC freed 3661K, 46% free 9533K/17584K, paused 4ms, total 4ms
02-03 12:46:24.121 D/dalvikvm(15954): GC_CONCURRENT freed 3448K, 43% free 10142K/17584K, paused 1ms+1ms, total 7ms
02-03 12:46:24.121 D/dalvikvm(15954): WAIT_FOR_CONCURRENT_GC blocked 2ms
02-03 12:46:24.131 D/dalvikvm(15954): GC_FOR_ALLOC freed 4940K, 48% free 9162K/17584K, paused 4ms, total 4ms
02-03 12:46:24.141 D/dalvikvm(15954): GC_FOR_ALLOC freed 3732K, 48% free 9287K/17584K, paused 4ms, total 4ms
02-03 12:46:24.151 D/dalvikvm(15954): GC_CONCURRENT freed 3880K, 47% free 9416K/17584K, paused 1ms+1ms, total 8ms
02-03 12:46:24.151 D/dalvikvm(15954): WAIT_FOR_CONCURRENT_GC blocked 6ms
02-03 12:46:24.151 D/dalvikvm(15954): GC_FOR_ALLOC freed 4032K, 48% free 9288K/17584K, paused 5ms, total 5ms
02-03 12:46:24.161 D/dalvikvm(15954): GC_CONCURRENT freed 3931K, 47% free 9413K/17584K, paused 0ms+0ms, total 5ms
02-03 12:46:24.161 D/dalvikvm(15954): WAIT_FOR_CONCURRENT_GC blocked 3ms
02-03 12:46:24.171 D/dalvikvm(15954): GC_FOR_ALLOC freed 4076K, 48% free 9288K/17584K, paused 5ms, total 5ms
02-03 12:46:24.181 D/dalvikvm(15954): GC_FOR_ALLOC freed 3587K, 46% free 9547K/17584K, paused 5ms, total 5ms
02-03 12:46:24.191 D/dalvikvm(15954): GC_FOR_ALLOC freed 4256K, 48% free 9160K/17584K, paused 9ms, total 9ms
02-03 12:46:24.201 D/dalvikvm(15954): GC_CONCURRENT freed 3887K, 48% free 9291K/17584K, paused 1ms+1ms, total 5ms
02-03 12:46:24.201 D/dalvikvm(15954): WAIT_FOR_CONCURRENT_GC blocked 4ms
02-03 12:46:24.211 D/dalvikvm(15954): GC_FOR_ALLOC freed 3648K, 46% free 9554K/17584K, paused 5ms, total 5ms
02-03 12:46:24.221 D/dalvikvm(15954): GC_FOR_ALLOC freed 4327K, 48% free 9161K/17584K, paused 4ms, total 5ms
02-03 12:46:24.231 D/dalvikvm(15954): GC_CONCURRENT freed 3951K, 48% free 9294K/17584K, paused 1ms+1ms, total 7ms
02-03 12:46:24.231 D/dalvikvm(15954): WAIT_FOR_CONCURRENT_GC blocked 5ms
02-03 12:46:24.241 D/dalvikvm(15954): GC_CONCURRENT freed 3708K, 46% free 9560K/17584K, paused 1ms+1ms, total 7ms
02-03 12:46:24.241 D/dalvikvm(15954): WAIT_FOR_CONCURRENT_GC blocked 6ms
02-03 12:46:24.251 D/dalvikvm(15954): GC_CONCURRENT freed 4132K, 47% free 9427K/17584K, paused 0ms+1ms, total 5ms
02-03 12:46:24.251 D/dalvikvm(15954): WAIT_FOR_CONCURRENT_GC blocked 6ms
02-03 12:46:24.261 D/dalvikvm(15954): GC_FOR_ALLOC freed 4015K, 48% free 9162K/17584K, paused 5ms, total 5ms
02-03 12:46:24.261 D/dalvikvm(15954): GC_FOR_ALLOC freed 3768K, 48% free 9164K/17584K, paused 4ms, total 4ms
02-03 12:46:24.271 D/dalvikvm(15954): GC_FOR_ALLOC freed 3787K, 48% free 9165K/17584K, paused 4ms, total 4ms
02-03 12:46:24.281 D/dalvikvm(15954): GC_FOR_ALLOC freed 3806K, 48% free 9166K/17584K, paused 4ms, total 4ms
02-03 12:46:24.281 D/dalvikvm(15954): GC_FOR_ALLOC freed 3825K, 48% free 9168K/17584K, paused 5ms, total 5ms
02-03 12:46:24.291 D/dalvikvm(15954): GC_FOR_ALLOC freed 3844K, 48% free 9169K/17584K, paused 4ms, total 4ms
02-03 12:46:24.301 D/dalvikvm(15954): GC_FOR_ALLOC freed 3863K, 48% free 9170K/17584K, paused 4ms, total 4ms
02-03 12:46:24.301 D/dalvikvm(15954): GC_FOR_ALLOC freed 3882K, 48% free 9172K/17584K, paused 4ms, total 4ms
02-03 12:46:24.311 D/dalvikvm(15954): GC_FOR_ALLOC freed 3900K, 48% free 9173K/17584K, paused 4ms, total 4ms
02-03 12:46:24.321 D/dalvikvm(15954): GC_FOR_ALLOC freed 3919K, 48% free 9174K/17584K, paused 4ms, total 4ms
02-03 12:46:24.321 D/dalvikvm(15954): GC_FOR_ALLOC freed 3938K, 48% free 9176K/17584K, paused 4ms, total 4ms
02-03 12:46:24.331 D/dalvikvm(15954): GC_FOR_ALLOC freed 3957K, 48% free 9177K/17584K, paused 5ms, total 5ms
02-03 12:46:24.341 D/dalvikvm(15954): GC_CONCURRENT freed 3692K, 47% free 9462K/17584K, paused 1ms+1ms, total 5ms
02-03 12:46:24.341 D/dalvikvm(15954): WAIT_FOR_CONCURRENT_GC blocked 4ms
02-03 12:46:24.341 D/dalvikvm(15954): GC_CONCURRENT freed 3993K, 46% free 9497K/17584K, paused 1ms+1ms, total 5ms
02-03 12:46:24.341 D/dalvikvm(15954): WAIT_FOR_CONCURRENT_GC blocked 4ms
02-03 12:46:24.351 D/dalvikvm(15954): GC_FOR_ALLOC freed 4303K, 48% free 9209K/17584K, paused 7ms, total 7ms
02-03 12:46:24.361 D/dalvikvm(15954): GC_CONCURRENT freed 3311K, 44% free 9929K/17584K, paused 1ms+1ms, total 6ms
02-03 12:46:24.371 D/dalvikvm(15954): GC_CONCURRENT freed 4486K, 46% free 9497K/17584K, paused 1ms+1ms, total 6ms
02-03 12:46:24.371 D/dalvikvm(15954): WAIT_FOR_CONCURRENT_GC blocked 5ms
02-03 12:46:24.381 D/dalvikvm(15954): GC_CONCURRENT freed 4066K, 46% free 9500K/17584K, paused 2ms+1ms, total 7ms
02-03 12:46:24.391 V/ActivityManager(14542): Remove bg service from mStartingBackground ,r=ServiceRecord{22126a20 u0 com.android.providers.calendar/.ContactsEventUpdateIntentService},r used time=44,left r count=1
02-03 12:46:24.401 D/dalvikvm(15954): GC_FOR_ALLOC freed 4385K, 48% free 9207K/17584K, paused 12ms, total 12ms
02-03 12:46:24.401 D/dalvikvm(15954): GC_CONCURRENT freed 2934K, 43% free 10086K/17584K, paused 0ms+1ms, total 6ms
02-03 12:46:24.401 D/dalvikvm(15954): WAIT_FOR_CONCURRENT_GC blocked 3ms
02-03 12:46:24.411 D/dalvikvm(15954): GC_FOR_ALLOC freed 4561K, 47% free 9356K/17584K, paused 4ms, total 4ms
02-03 12:46:24.421 D/dalvikvm(15954): GC_FOR_ALLOC freed 3845K, 48% free 9210K/17584K, paused 5ms, total 5ms
02-03 12:46:24.421 D/dalvikvm(15954): GC_FOR_ALLOC freed 3415K, 46% free 9656K/17584K, paused 4ms, total 4ms
02-03 12:46:24.431 D/dalvikvm(15954): GC_FOR_ALLOC freed 4174K, 47% free 9361K/17584K, paused 4ms, total 4ms
02-03 12:46:24.441 D/dalvikvm(15954): GC_FOR_ALLOC freed 3893K, 48% free 9214K/17584K, paused 4ms, total 4ms
02-03 12:46:24.441 D/dalvikvm(15954): GC_FOR_ALLOC freed 3457K, 46% free 9666K/17584K, paused 4ms, total 4ms
02-03 12:46:24.451 D/dalvikvm(15954): GC_FOR_ALLOC freed 4226K, 47% free 9367K/17584K, paused 5ms, total 5ms
02-03 12:46:24.461 D/SendBroadcastHandler(19704): mTimerTask sendMessage CONTACTS_INSERT 
02-03 12:46:24.461 D/SendBroadcastHandler(19704): (insert) sendBroadcast mInsertRawContacts:6
02-03 12:46:24.461 D/SendBroadcastHandler(19704): (insert) sendBroadcast mInsertName:6
02-03 12:46:24.461 D/SendBroadcastHandler(19704): (insert) sendBroadcast mInsertNameDetail:6
02-03 12:46:24.461 D/SendBroadcastHandler(19704): sendBroadcast insert to voice agent
02-03 12:46:24.471 D/dalvikvm(15954): GC_FOR_ALLOC freed 3941K, 48% free 9218K/17584K, paused 10ms, total 11ms
02-03 12:46:24.471 D/dalvikvm(15954): GC_FOR_ALLOC freed 3500K, 45% free 9675K/17584K, paused 6ms, total 6ms
02-03 12:46:24.491 D/dalvikvm(15954): GC_CONCURRENT freed 4278K, 47% free 9372K/17584K, paused 1ms+4ms, total 14ms
02-03 12:46:24.491 D/dalvikvm(15954): WAIT_FOR_CONCURRENT_GC blocked 13ms
02-03 12:46:24.501 D/dalvikvm(15954): GC_FOR_ALLOC freed 3989K, 48% free 9221K/17584K, paused 5ms, total 6ms
02-03 12:46:24.511 D/dalvikvm(15954): GC_CONCURRENT freed 3542K, 45% free 9684K/17584K, paused 0ms+1ms, total 5ms
02-03 12:46:24.511 D/dalvikvm(15954): WAIT_FOR_CONCURRENT_GC blocked 3ms
02-03 12:46:24.521 D/dalvikvm(15954): GC_CONCURRENT freed 4329K, 47% free 9378K/17584K, paused 1ms+1ms, total 5ms
02-03 12:46:24.521 D/dalvikvm(15954): WAIT_FOR_CONCURRENT_GC blocked 4ms
02-03 12:46:24.521 W/BindingManager(19493): Cannot call determinedVisibility() - never saw a connection for the pid: 19493
02-03 12:46:24.531 D/dalvikvm(15954): GC_FOR_ALLOC freed 4038K, 48% free 9225K/17584K, paused 11ms, total 11ms
02-03 12:46:24.551 D/dalvikvm(15954): GC_CONCURRENT freed 3585K, 45% free 9693K/17584K, paused 1ms+3ms, total 10ms
02-03 12:46:24.551 D/dalvikvm(15954): WAIT_FOR_CONCURRENT_GC blocked 4ms
02-03 12:46:24.561 D/dalvikvm(15954): GC_CONCURRENT freed 4381K, 47% free 9384K/17584K, paused 1ms+1ms, total 6ms
02-03 12:46:24.561 D/dalvikvm(15954): WAIT_FOR_CONCURRENT_GC blocked 5ms
02-03 12:46:24.571 D/dalvikvm(15954): GC_FOR_ALLOC freed 4086K, 48% free 9229K/17584K, paused 10ms, total 10ms
02-03 12:46:24.601 D/dalvikvm(15954): GC_FOR_ALLOC freed 3627K, 47% free 9387K/17584K, paused 6ms, total 6ms
02-03 12:46:24.601 D/dalvikvm(15954): GC_FOR_ALLOC freed 4116K, 48% free 9231K/17584K, paused 4ms, total 4ms
02-03 12:46:24.611 D/dalvikvm(15954): GC_FOR_ALLOC freed 3654K, 47% free 9390K/17584K, paused 5ms, total 5ms
02-03 12:46:24.621 D/dalvikvm(15954): GC_CONCURRENT freed 3828K, 46% free 9552K/17584K, paused 1ms+0ms, total 6ms
02-03 12:46:24.621 D/dalvikvm(15954): WAIT_FOR_CONCURRENT_GC blocked 3ms
02-03 12:46:24.631 D/dalvikvm(15954): GC_FOR_ALLOC freed 4001K, 47% free 9394K/17584K, paused 5ms, total 5ms
02-03 12:46:24.631 D/dalvikvm(15954): GC_FOR_ALLOC freed 4180K, 48% free 9236K/17584K, paused 5ms, total 5ms
02-03 12:46:24.641 D/dalvikvm(15954): GC_CONCURRENT freed 3227K, 44% free 9880K/17584K, paused 1ms+1ms, total 6ms
02-03 12:46:24.641 D/dalvikvm(15954): WAIT_FOR_CONCURRENT_GC blocked 2ms
02-03 12:46:24.651 D/dalvikvm(15954): GC_CONCURRENT freed 4369K, 46% free 9562K/17584K, paused 1ms+1ms, total 6ms
02-03 12:46:24.651 D/dalvikvm(15954): WAIT_FOR_CONCURRENT_GC blocked 5ms
02-03 12:46:24.661 D/dalvikvm(15954): GC_FOR_ALLOC freed 4061K, 47% free 9401K/17584K, paused 5ms, total 5ms
02-03 12:46:24.661 D/dalvikvm(15954): GC_CONCURRENT freed 3916K, 46% free 9567K/17584K, paused 1ms+0ms, total 6ms
02-03 12:46:24.661 D/dalvikvm(15954): WAIT_FOR_CONCURRENT_GC blocked 5ms
02-03 12:46:24.671 D/dalvikvm(15954): GC_FOR_ALLOC freed 4094K, 47% free 9405K/17584K, paused 5ms, total 5ms
02-03 12:46:24.681 D/dalvikvm(15954): GC_FOR_ALLOC freed 3452K, 45% free 9736K/17584K, paused 5ms, total 5ms
02-03 12:46:24.691 D/dalvikvm(15954): GC_FOR_ALLOC freed 4290K, 48% free 9244K/17584K, paused 5ms, total 5ms
02-03 12:46:24.701 D/dalvikvm(15954): GC_CONCURRENT freed 3808K, 47% free 9411K/17584K, paused 1ms+1ms, total 5ms
02-03 12:46:24.701 D/dalvikvm(15954): WAIT_FOR_CONCURRENT_GC blocked 4ms
02-03 12:46:24.701 D/dalvikvm(15954): GC_FOR_ALLOC freed 3487K, 45% free 9744K/17584K, paused 4ms, total 4ms
02-03 12:46:24.711 D/dalvikvm(15954): GC_FOR_ALLOC freed 4331K, 48% free 9247K/17584K, paused 4ms, total 4ms
02-03 12:46:24.721 D/dalvikvm(15954): GC_CONCURRENT freed 3842K, 47% free 9415K/17584K, paused 1ms+0ms, total 6ms
02-03 12:46:24.721 D/dalvikvm(15954): WAIT_FOR_CONCURRENT_GC blocked 5ms
02-03 12:46:24.731 D/dalvikvm(15954): GC_FOR_ALLOC freed 3519K, 45% free 9751K/17584K, paused 4ms, total 4ms
02-03 12:46:24.731 D/dalvikvm(15954): GC_FOR_ALLOC freed 4370K, 48% free 9250K/17584K, paused 4ms, total 4ms
02-03 12:46:24.741 D/dalvikvm(15954): GC_CONCURRENT freed 3876K, 47% free 9420K/17584K, paused 0ms+1ms, total 5ms
02-03 12:46:24.741 D/dalvikvm(15954): WAIT_FOR_CONCURRENT_GC blocked 5ms
02-03 12:46:24.751 D/dalvikvm(15954): GC_FOR_ALLOC freed 3552K, 45% free 9760K/17584K, paused 5ms, total 5ms
02-03 12:46:24.751 I/chromium(19493): [INFO:CONSOLE(70)] "WARNING: Message from backend doesn't have data.", source:  (70)
02-03 12:46:24.771 D/dalvikvm(15954): GC_FOR_ALLOC freed 4415K, 48% free 9254K/17584K, paused 4ms, total 5ms
02-03 12:46:24.781 D/dalvikvm(15954): GC_CONCURRENT freed 3919K, 45% free 9766K/17584K, paused 1ms+3ms, total 8ms
02-03 12:46:24.781 D/dalvikvm(15954): GC_FOR_ALLOC freed 4104K, 47% free 9423K/17584K, paused 4ms, total 4ms
02-03 12:46:24.791 D/dalvikvm(15954): GC_FOR_ALLOC freed 3937K, 48% free 9241K/17584K, paused 5ms, total 5ms
02-03 12:46:24.801 D/dalvikvm(15954): GC_FOR_ALLOC freed 3798K, 48% free 9241K/17584K, paused 4ms, total 4ms
02-03 12:46:24.821 D/SendBroadcastHandler(19704): startTimer() SEND_TO_CONTACTS_INSERT 
02-03 12:46:24.831 D/dalvikvm(15954): GC_FOR_ALLOC freed 4450K, 51% free 8660K/17584K, paused 4ms, total 5ms
02-03 12:46:24.841 I/ThermalCooling(14542): Received THERMAL INTENT: of event type 1 with state 1 at temperature 48163 from SYSTHERM1 with state WARNING for HIGH event at Temperature 48163
02-03 12:46:24.841 W/ContextImpl(14542): Calling a method in the system process without a qualified user: android.app.ContextImpl.sendBroadcast:1190 com.android.server.thermal.ThermalService$Notify.consume:403 com.android.server.thermal.ThermalService$Notify.run:385 java.lang.Thread.run:841 <bottom of call stack> 
02-03 12:46:24.901 D/dalvikvm(15954): GC_CONCURRENT freed 3762K, 49% free 8991K/17584K, paused 1ms+1ms, total 7ms
02-03 12:46:24.901 D/dalvikvm(15954): WAIT_FOR_CONCURRENT_GC blocked 5ms
02-03 12:46:24.911 D/dalvikvm(15954): GC_CONCURRENT freed 4044K, 49% free 9026K/17584K, paused 0ms+1ms, total 5ms
02-03 12:46:24.911 D/dalvikvm(15954): WAIT_FOR_CONCURRENT_GC blocked 5ms
02-03 12:46:24.911 D/dalvikvm(15954): GC_CONCURRENT freed 4065K, 49% free 9047K/17584K, paused 1ms+1ms, total 5ms
02-03 12:46:24.911 D/dalvikvm(15954): WAIT_FOR_CONCURRENT_GC blocked 4ms
02-03 12:46:24.921 D/dalvikvm(15954): GC_CONCURRENT freed 4093K, 49% free 9019K/17584K, paused 0ms+1ms, total 5ms
02-03 12:46:24.921 D/dalvikvm(15954): WAIT_FOR_CONCURRENT_GC blocked 4ms
02-03 12:46:24.931 D/dalvikvm(15954): GC_CONCURRENT freed 3984K, 49% free 9116K/17584K, paused 1ms+1ms, total 5ms
02-03 12:46:24.931 D/dalvikvm(15954): WAIT_FOR_CONCURRENT_GC blocked 4ms
02-03 12:46:24.941 D/dalvikvm(15954): GC_CONCURRENT freed 4137K, 49% free 9070K/17584K, paused 1ms+1ms, total 5ms
02-03 12:46:24.941 D/dalvikvm(15954): WAIT_FOR_CONCURRENT_GC blocked 4ms
02-03 12:46:24.951 D/dalvikvm(15954): GC_CONCURRENT freed 3969K, 49% free 9143K/17584K, paused 0ms+1ms, total 5ms
02-03 12:46:24.951 D/dalvikvm(15954): WAIT_FOR_CONCURRENT_GC blocked 4ms
02-03 12:46:24.961 D/dalvikvm(15954): GC_CONCURRENT freed 4205K, 49% free 9007K/17584K, paused 1ms+1ms, total 5ms
02-03 12:46:24.961 D/dalvikvm(15954): WAIT_FOR_CONCURRENT_GC blocked 4ms
02-03 12:46:24.971 D/dalvikvm(15954): GC_CONCURRENT freed 3964K, 49% free 9114K/17584K, paused 0ms+0ms, total 5ms
02-03 12:46:24.971 D/dalvikvm(15954): WAIT_FOR_CONCURRENT_GC blocked 5ms
02-03 12:46:24.981 D/dalvikvm(15954): GC_CONCURRENT freed 4033K, 49% free 9081K/17584K, paused 1ms+1ms, total 5ms
02-03 12:46:24.981 D/dalvikvm(15954): WAIT_FOR_CONCURRENT_GC blocked 4ms
02-03 12:46:24.981 D/dalvikvm(15954): GC_CONCURRENT freed 4005K, 49% free 9124K/17584K, paused 1ms+0ms, total 6ms
02-03 12:46:24.981 D/dalvikvm(15954): WAIT_FOR_CONCURRENT_GC blocked 5ms
02-03 12:46:24.991 D/dalvikvm(15954): GC_FOR_ALLOC freed 4019K, 49% free 9126K/17584K, paused 4ms, total 4ms
02-03 12:46:25.001 D/dalvikvm(15954): GC_CONCURRENT freed 3876K, 48% free 9214K/17584K, paused 1ms+1ms, total 6ms
02-03 12:46:25.001 D/dalvikvm(15954): WAIT_FOR_CONCURRENT_GC blocked 2ms
02-03 12:46:25.011 D/dalvikvm(15954): GC_FOR_ALLOC freed 4253K, 49% free 9015K/17584K, paused 4ms, total 4ms
02-03 12:46:25.011 D/dalvikvm(15954): GC_CONCURRENT freed 3533K, 46% free 9553K/17584K, paused 1ms+1ms, total 6ms
02-03 12:46:25.011 D/dalvikvm(15954): WAIT_FOR_CONCURRENT_GC blocked 2ms
02-03 12:46:25.021 D/dalvikvm(15954): GC_CONCURRENT freed 4495K, 49% free 9118K/17584K, paused 1ms+1ms, total 8ms
02-03 12:46:25.021 D/dalvikvm(15954): WAIT_FOR_CONCURRENT_GC blocked 5ms
02-03 12:46:25.031 D/dalvikvm(15954): GC_CONCURRENT freed 3919K, 48% free 9280K/17584K, paused 1ms+1ms, total 6ms
02-03 12:46:25.041 E/Contacts(19493): org.json.JSONException: No value for contactId
02-03 12:46:25.041 D/dalvikvm(15954): GC_CONCURRENT freed 4203K, 49% free 9067K/17584K, paused 1ms+0ms, total 7ms
02-03 12:46:25.041 D/dalvikvm(15954): WAIT_FOR_CONCURRENT_GC blocked 6ms
02-03 12:46:25.051 D/dalvikvm(15954): GC_FOR_ALLOC freed 3931K, 48% free 9181K/17584K, paused 4ms, total 4ms
02-03 12:46:25.061 D/dalvikvm(15954): GC_CONCURRENT freed 3753K, 47% free 9467K/17584K, paused 0ms+1ms, total 5ms
02-03 12:46:25.061 D/dalvikvm(15954): WAIT_FOR_CONCURRENT_GC blocked 2ms
02-03 12:46:25.071 D/dalvikvm(15954): GC_FOR_ALLOC freed 4423K, 49% free 9100K/17584K, paused 5ms, total 5ms
02-03 12:46:25.071 D/dalvikvm(15954): GC_CONCURRENT freed 3825K, 47% free 9338K/17584K, paused 1ms+0ms, total 7ms
02-03 12:46:25.071 D/dalvikvm(15954): WAIT_FOR_CONCURRENT_GC blocked 2ms
02-03 12:46:25.081 D/dalvikvm(15954): GC_CONCURRENT freed 4330K, 49% free 9101K/17584K, paused 0ms+0ms, total 5ms
02-03 12:46:25.081 D/dalvikvm(15954): WAIT_FOR_CONCURRENT_GC blocked 3ms
02-03 12:46:25.091 D/dalvikvm(15954): GC_FOR_ALLOC freed 3995K, 49% free 9101K/17584K, paused 5ms, total 5ms
02-03 12:46:25.091 D/dalvikvm(15954): GC_CONCURRENT freed 3633K, 46% free 9548K/17584K, paused 0ms+1ms, total 5ms
02-03 12:46:25.091 D/dalvikvm(15954): WAIT_FOR_CONCURRENT_GC blocked 1ms
02-03 12:46:25.101 D/dalvikvm(15954): GC_FOR_ALLOC freed 4478K, 49% free 9035K/17584K, paused 4ms, total 4ms
02-03 12:46:25.111 D/dalvikvm(15954): GC_CONCURRENT freed 3906K, 49% free 9101K/17584K, paused 1ms+1ms, total 5ms
02-03 12:46:25.111 D/dalvikvm(15954): WAIT_FOR_CONCURRENT_GC blocked 4ms
02-03 12:46:25.121 D/dalvikvm(15954): GC_CONCURRENT freed 3840K, 48% free 9238K/17584K, paused 0ms+1ms, total 5ms
02-03 12:46:25.121 D/dalvikvm(15954): WAIT_FOR_CONCURRENT_GC blocked 4ms
02-03 12:46:25.121 D/dalvikvm(15954): GC_CONCURRENT freed 4119K, 48% free 9203K/17584K, paused 1ms+1ms, total 5ms
02-03 12:46:25.121 D/dalvikvm(15954): WAIT_FOR_CONCURRENT_GC blocked 4ms
02-03 12:46:25.131 D/dalvikvm(15954): GC_CONCURRENT freed 3978K, 48% free 9203K/17584K, paused 0ms+0ms, total 5ms
02-03 12:46:25.131 D/dalvikvm(15954): WAIT_FOR_CONCURRENT_GC blocked 4ms
02-03 12:46:25.141 D/dalvikvm(15954): GC_CONCURRENT freed 4040K, 48% free 9208K/17584K, paused 0ms+1ms, total 5ms
02-03 12:46:25.141 D/dalvikvm(15954): WAIT_FOR_CONCURRENT_GC blocked 4ms
02-03 12:46:25.151 D/dalvikvm(15954): GC_FOR_ALLOC freed 3889K, 48% free 9282K/17584K, paused 4ms, total 4ms
02-03 12:46:25.151 D/dalvikvm(15954): GC_FOR_ALLOC freed 4175K, 49% free 9134K/17584K, paused 4ms, total 4ms
02-03 12:46:25.161 D/dalvikvm(15954): GC_CONCURRENT freed 3716K, 47% free 9432K/17584K, paused 1ms+1ms, total 6ms
02-03 12:46:25.161 D/dalvikvm(15954): WAIT_FOR_CONCURRENT_GC blocked 1ms
02-03 12:46:25.171 D/dalvikvm(15954): GC_FOR_ALLOC freed 4293K, 49% free 9133K/17584K, paused 4ms, total 5ms
02-03 12:46:25.171 D/dalvikvm(15954): GC_CONCURRENT freed 3433K, 45% free 9673K/17584K, paused 0ms+1ms, total 6ms
02-03 12:46:25.171 D/dalvikvm(15954): WAIT_FOR_CONCURRENT_GC blocked 2ms
02-03 12:46:25.181 D/dalvikvm(15954): GC_CONCURRENT freed 4490K, 48% free 9215K/17584K, paused 0ms+0ms, total 5ms
02-03 12:46:25.181 D/dalvikvm(15954): WAIT_FOR_CONCURRENT_GC blocked 5ms
02-03 12:46:25.191 D/dalvikvm(15954): GC_FOR_ALLOC freed 4086K, 49% free 9055K/17584K, paused 5ms, total 5ms
02-03 12:46:25.201 D/dalvikvm(15954): GC_FOR_ALLOC freed 3982K, 49% free 9085K/17584K, paused 5ms, total 5ms
02-03 12:46:25.201 D/dalvikvm(15954): GC_CONCURRENT freed 3628K, 47% free 9491K/17584K, paused 1ms+1ms, total 6ms
02-03 12:46:25.201 D/dalvikvm(15954): WAIT_FOR_CONCURRENT_GC blocked 2ms
02-03 12:46:25.211 D/dalvikvm(15954): GC_CONCURRENT freed 4331K, 48% free 9249K/17584K, paused 1ms+1ms, total 5ms
02-03 12:46:25.211 D/dalvikvm(15954): WAIT_FOR_CONCURRENT_GC blocked 5ms
02-03 12:46:25.221 D/dalvikvm(15954): GC_FOR_ALLOC freed 3886K, 47% free 9333K/17584K, paused 5ms, total 5ms
02-03 12:46:25.221 D/dalvikvm(15954): GC_CONCURRENT freed 3766K, 46% free 9586K/17584K, paused 1ms+1ms, total 6ms
02-03 12:46:25.221 D/dalvikvm(15954): WAIT_FOR_CONCURRENT_GC blocked 2ms
02-03 12:46:25.231 D/dalvikvm(15954): GC_FOR_ALLOC freed 4491K, 49% free 9076K/17584K, paused 4ms, total 4ms
02-03 12:46:25.241 D/dalvikvm(15954): GC_CONCURRENT freed 3416K, 46% free 9594K/17584K, paused 0ms+1ms, total 6ms
02-03 12:46:25.241 D/dalvikvm(15954): WAIT_FOR_CONCURRENT_GC blocked 3ms
02-03 12:46:25.241 D/dalvikvm(15954): GC_CONCURRENT freed 4415K, 48% free 9249K/17584K, paused 0ms+1ms, total 4ms
02-03 12:46:25.251 D/dalvikvm(15954): WAIT_FOR_CONCURRENT_GC blocked 4ms
02-03 12:46:25.251 D/dalvikvm(15954): GC_CONCURRENT freed 4112K, 48% free 9191K/17584K, paused 0ms+0ms, total 5ms
02-03 12:46:25.251 D/dalvikvm(15954): WAIT_FOR_CONCURRENT_GC blocked 5ms
02-03 12:46:25.261 D/dalvikvm(15954): GC_CONCURRENT freed 3796K, 47% free 9370K/17584K, paused 0ms+1ms, total 5ms
02-03 12:46:25.261 D/dalvikvm(15954): WAIT_FOR_CONCURRENT_GC blocked 5ms
02-03 12:46:25.271 D/dalvikvm(15954): GC_CONCURRENT freed 4109K, 48% free 9280K/17584K, paused 0ms+1ms, total 5ms
02-03 12:46:25.271 D/dalvikvm(15954): WAIT_FOR_CONCURRENT_GC blocked 4ms
02-03 12:46:25.281 D/dalvikvm(15954): GC_FOR_ALLOC freed 4058K, 49% free 9095K/17584K, paused 4ms, total 4ms
02-03 12:46:25.281 D/dalvikvm(15954): GC_FOR_ALLOC freed 3913K, 49% free 9093K/17584K, paused 5ms, total 5ms
02-03 12:46:25.291 D/dalvikvm(15954): GC_FOR_ALLOC freed 3951K, 49% free 9091K/17584K, paused 6ms, total 6ms
02-03 12:46:25.301 D/dalvikvm(15954): GC_CONCURRENT freed 3798K, 48% free 9278K/17584K, paused 1ms+1ms, total 5ms
02-03 12:46:25.301 D/dalvikvm(15954): WAIT_FOR_CONCURRENT_GC blocked 4ms
02-03 12:46:25.311 D/dalvikvm(15954): GC_CONCURRENT freed 4024K, 48% free 9278K/17584K, paused 1ms+1ms, total 5ms
02-03 12:46:25.311 D/dalvikvm(15954): WAIT_FOR_CONCURRENT_GC blocked 4ms
02-03 12:46:25.321 D/dalvikvm(15954): GC_CONCURRENT freed 4058K, 48% free 9314K/17584K, paused 0ms+0ms, total 5ms
02-03 12:46:25.321 D/dalvikvm(15954): WAIT_FOR_CONCURRENT_GC blocked 5ms
02-03 12:46:25.321 D/dalvikvm(15954): GC_FOR_ALLOC freed 3805K, 47% free 9410K/17584K, paused 4ms, total 4ms
02-03 12:46:25.331 D/dalvikvm(15954): GC_FOR_ALLOC freed 4134K, 48% free 9213K/17584K, paused 4ms, total 4ms
02-03 12:46:25.341 D/dalvikvm(15954): GC_FOR_ALLOC freed 3973K, 49% free 9113K/17584K, paused 5ms, total 5ms
02-03 12:46:25.341 D/dalvikvm(15954): GC_FOR_ALLOC freed 3705K, 47% free 9411K/17584K, paused 4ms, total 4ms
02-03 12:46:25.351 D/SendBroadcastHandler(19704): mTimerTask sendMessage CONTACTS_DELETE 
02-03 12:46:25.351 D/SendBroadcastHandler(19704): sendBroadcast delete to voice agent
02-03 12:46:25.351 D/AsusContactWigdetSync(15052): ready to sync contact id = 6
02-03 12:46:25.351 D/AsusContactWigdetSync(15052): ready to sync widget
02-03 12:46:25.351 D/SendBroadcastHandler(19704): (Delete) sendBroadcast mDeleteContacts:6
02-03 12:46:25.351 D/SendBroadcastHandler(19704): (Delete) sendBroadcast mDeleteRawContactsVoice:6
02-03 12:46:25.351 D/SendBroadcastHandler(19704): sendBroadcast CONTACTS_DELETE
02-03 12:46:25.351 D/AsusContactWigdetSync(15052): delete contact_id = 855
02-03 12:46:25.351 D/AsusContactWigdetSync(15052): delete contact_id = 856
02-03 12:46:25.351 D/AsusContactWigdetSync(15052): delete contact_id = 857
02-03 12:46:25.351 D/AsusContactWigdetSync(15052): delete contact_id = 858
02-03 12:46:25.351 D/AsusContactWigdetSync(15052): delete contact_id = 859
02-03 12:46:25.351 D/AsusContactWigdetSync(15052): delete contact_id = 860
02-03 12:46:25.351 D/AsusContactWigdetSync(15052): sync isdelete = true
02-03 12:46:25.351 D/AsusContactWigdetSync(19758): ready to sync contact id = 6
02-03 12:46:25.351 D/AsusContactWigdetSync(19758): ready to sync widget
02-03 12:46:25.361 D/dalvikvm(15954): GC_CONCURRENT freed 3539K, 44% free 9910K/17584K, paused 1ms+4ms, total 12ms
02-03 12:46:25.361 D/dalvikvm(15954): WAIT_FOR_CONCURRENT_GC blocked 7ms
02-03 12:46:25.361 D/AsusContactWigdetSync(19758): delete contact_id = 855
02-03 12:46:25.361 D/AsusContactWigdetSync(19758): delete contact_id = 856
02-03 12:46:25.361 D/AsusContactWigdetSync(19758): delete contact_id = 857
02-03 12:46:25.361 D/AsusContactWigdetSync(19758): delete contact_id = 858
02-03 12:46:25.361 D/AsusContactWigdetSync(19758): delete contact_id = 859
02-03 12:46:25.361 D/AsusContactWigdetSync(19758): delete contact_id = 860
02-03 12:46:25.361 D/AsusContactWigdetSync(19758): sync isdelete = true
02-03 12:46:25.371 D/dalvikvm(15954): GC_CONCURRENT freed 4573K, 48% free 9310K/17584K, paused 4ms+1ms, total 9ms
02-03 12:46:25.371 D/dalvikvm(15954): WAIT_FOR_CONCURRENT_GC blocked 5ms
02-03 12:46:25.381 D/dalvikvm(15954): GC_FOR_ALLOC freed 4005K, 48% free 9206K/17584K, paused 4ms, total 4ms
02-03 12:46:25.381 D/dalvikvm(15954): GC_CONCURRENT freed 3932K, 48% free 9313K/17584K, paused 0ms+1ms, total 4ms
02-03 12:46:25.381 D/dalvikvm(15954): WAIT_FOR_CONCURRENT_GC blocked 5ms
02-03 12:46:25.391 D/dalvikvm(15954): GC_FOR_ALLOC freed 4071K, 48% free 9207K/17584K, paused 5ms, total 5ms
02-03 12:46:25.401 I/CalendarProvider2(19737): Sending notification intent: Intent { act=android.intent.action.PROVIDER_CHANGED dat=content://com.android.calendar }
02-03 12:46:25.401 W/ContentResolver(19737): Failed to get type for: content://com.android.calendar (Unknown URL content://com.android.calendar)
02-03 12:46:25.401 D/AlertReceiver(16150): onReceive: a=android.intent.action.PROVIDER_CHANGED Intent { act=android.intent.action.PROVIDER_CHANGED dat=content://com.android.calendar flg=0x10 cmp=com.asus.calendar/com.android.calendar.alerts.AlertReceiver }
02-03 12:46:25.401 D/dalvikvm(15954): GC_FOR_ALLOC freed 3685K, 47% free 9448K/17584K, paused 9ms, total 9ms
02-03 12:46:25.401 D/AlertService(16150): 0 Action = android.intent.action.PROVIDER_CHANGED
02-03 12:46:25.401 D/AlertService(16150): Beginning updateAlertNotification
02-03 12:46:25.401 V/ActivityManager(14542): Remove bg service from mStartingBackground ,r=ServiceRecord{22119310 u0 com.android.providers.calendar/.EmptyService},r used time=1003,left r count=2
02-03 12:46:25.411 D/dalvikvm(15954): GC_FOR_ALLOC freed 4244K, 49% free 9131K/17584K, paused 4ms, total 5ms
02-03 12:46:25.421 D/AlertService(16150): No fired or scheduled alerts
02-03 12:46:25.421 D/dalvikvm(15954): GC_FOR_ALLOC freed 3956K, 48% free 9235K/17584K, paused 6ms, total 6ms
02-03 12:46:25.431 D/BatteryStatsImpl(14542): noteStopWakeLocked com.asus.calendar isFromForeground = false
02-03 12:46:25.431 V/ActivityManager(14542): Remove bg service from mStartingBackground ,r=ServiceRecord{220d9d38 u0 com.asus.calendar/com.android.calendar.alerts.AlertService},r used time=26,left r count=2
02-03 12:46:25.441 D/dalvikvm(15954): GC_CONCURRENT freed 3235K, 44% free 9983K/17584K, paused 7ms+1ms, total 13ms
02-03 12:46:25.441 D/dalvikvm(15954): WAIT_FOR_CONCURRENT_GC blocked 2ms
02-03 12:46:25.441 D/dalvikvm(15954): GC_CONCURRENT freed 4657K, 47% free 9340K/17584K, paused 1ms+1ms, total 5ms
02-03 12:46:25.441 D/dalvikvm(15954): WAIT_FOR_CONCURRENT_GC blocked 4ms
02-03 12:46:25.451 D/dalvikvm(15954): GC_FOR_ALLOC freed 4042K, 49% free 9121K/17584K, paused 4ms, total 4ms
02-03 12:46:25.461 D/dalvikvm(15954): GC_FOR_ALLOC freed 3852K, 49% free 9118K/17584K, paused 5ms, total 5ms
02-03 12:46:25.471 D/dalvikvm(15954): GC_FOR_ALLOC freed 3878K, 49% free 9116K/17584K, paused 4ms, total 4ms
02-03 12:46:25.471 D/dalvikvm(15954): GC_FOR_ALLOC freed 3904K, 48% free 9145K/17584K, paused 5ms, total 5ms
02-03 12:46:25.481 D/dalvikvm(15954): GC_FOR_ALLOC freed 3930K, 49% free 9143K/17584K, paused 5ms, total 5ms
02-03 12:46:25.491 D/dalvikvm(15954): GC_FOR_ALLOC freed 3956K, 49% free 9140K/17584K, paused 4ms, total 4ms
02-03 12:46:25.491 D/dalvikvm(15954): GC_CONCURRENT freed 3755K, 47% free 9365K/17584K, paused 1ms+1ms, total 6ms
02-03 12:46:25.491 D/dalvikvm(15954): WAIT_FOR_CONCURRENT_GC blocked 5ms
02-03 12:46:25.501 D/dalvikvm(15954): GC_CONCURRENT freed 4003K, 47% free 9368K/17584K, paused 0ms+0ms, total 5ms
02-03 12:46:25.501 D/dalvikvm(15954): WAIT_FOR_CONCURRENT_GC blocked 4ms
02-03 12:46:25.511 D/dalvikvm(15954): GC_CONCURRENT freed 4029K, 47% free 9372K/17584K, paused 0ms+0ms, total 5ms
02-03 12:46:25.511 D/dalvikvm(15954): WAIT_FOR_CONCURRENT_GC blocked 5ms
02-03 12:46:25.521 D/dalvikvm(15954): GC_CONCURRENT freed 4060K, 47% free 9370K/17584K, paused 0ms+1ms, total 5ms
02-03 12:46:25.521 D/dalvikvm(15954): WAIT_FOR_CONCURRENT_GC blocked 4ms
02-03 12:46:25.531 D/dalvikvm(15954): GC_CONCURRENT freed 4084K, 47% free 9374K/17584K, paused 0ms+0ms, total 5ms
02-03 12:46:25.531 D/dalvikvm(15954): WAIT_FOR_CONCURRENT_GC blocked 5ms
02-03 12:46:25.531 D/dalvikvm(15954): GC_FOR_ALLOC freed 3763K, 47% free 9490K/17584K, paused 4ms, total 4ms
02-03 12:46:25.541 D/dalvikvm(15954): GC_FOR_ALLOC freed 4144K, 48% free 9253K/17584K, paused 5ms, total 5ms
02-03 12:46:25.551 D/dalvikvm(15954): GC_FOR_ALLOC freed 3935K, 49% free 9133K/17584K, paused 4ms, total 5ms
02-03 12:46:25.551 D/dalvikvm(15954): GC_FOR_ALLOC freed 3596K, 47% free 9494K/17584K, paused 4ms, total 4ms
02-03 12:46:25.561 D/dalvikvm(15954): GC_FOR_ALLOC freed 4227K, 48% free 9284K/17584K, paused 4ms, total 4ms
02-03 12:46:25.571 D/dalvikvm(15954): GC_CONCURRENT freed 3409K, 45% free 9765K/17584K, paused 1ms+1ms, total 6ms
02-03 12:46:25.571 D/dalvikvm(15954): WAIT_FOR_CONCURRENT_GC blocked 3ms
02-03 12:46:25.581 D/dalvikvm(15954): GC_CONCURRENT freed 4270K, 46% free 9529K/17584K, paused 1ms+0ms, total 6ms
02-03 12:46:25.581 D/dalvikvm(15954): WAIT_FOR_CONCURRENT_GC blocked 5ms
02-03 12:46:25.581 D/dalvikvm(15954): GC_FOR_ALLOC freed 4309K, 48% free 9283K/17584K, paused 4ms, total 4ms
02-03 12:46:25.591 D/dalvikvm(15954): GC_CONCURRENT freed 3475K, 45% free 9774K/17584K, paused 1ms+2ms, total 7ms
02-03 12:46:25.591 D/dalvikvm(15954): WAIT_FOR_CONCURRENT_GC blocked 3ms
02-03 12:46:25.601 D/dalvikvm(15954): GC_FOR_ALLOC freed 4353K, 48% free 9284K/17584K, paused 4ms, total 4ms
02-03 12:46:25.601 D/dalvikvm(15954): GC_CONCURRENT freed 3890K, 47% free 9408K/17584K, paused 1ms+0ms, total 6ms
02-03 12:46:25.601 D/dalvikvm(15954): WAIT_FOR_CONCURRENT_GC blocked 4ms
02-03 12:46:25.611 D/dalvikvm(15954): GC_FOR_ALLOC freed 4033K, 48% free 9284K/17584K, paused 5ms, total 5ms
02-03 12:46:25.621 D/dalvikvm(15954): GC_CONCURRENT freed 3936K, 47% free 9410K/17584K, paused 1ms+1ms, total 5ms
02-03 12:46:25.621 D/dalvikvm(15954): WAIT_FOR_CONCURRENT_GC blocked 5ms
02-03 12:46:25.631 D/dalvikvm(15954): GC_FOR_ALLOC freed 4081K, 48% free 9285K/17584K, paused 4ms, total 4ms
02-03 12:46:25.631 D/dalvikvm(15954): GC_FOR_ALLOC freed 3592K, 46% free 9544K/17584K, paused 4ms, total 4ms
02-03 12:46:25.641 D/dalvikvm(15954): GC_FOR_ALLOC freed 4261K, 48% free 9157K/17584K, paused 4ms, total 4ms
02-03 12:46:25.651 D/dalvikvm(15954): GC_FOR_ALLOC freed 3892K, 48% free 9287K/17584K, paused 4ms, total 4ms
02-03 12:46:25.651 D/dalvikvm(15954): GC_CONCURRENT freed 3003K, 42% free 10199K/17584K, paused 1ms+1ms, total 6ms
02-03 12:46:25.651 D/dalvikvm(15954): WAIT_FOR_CONCURRENT_GC blocked 3ms
02-03 12:46:25.661 D/dalvikvm(15954): GC_FOR_ALLOC freed 4982K, 48% free 9157K/17584K, paused 5ms, total 5ms
02-03 12:46:25.671 D/dalvikvm(15954): GC_FOR_ALLOC freed 3957K, 48% free 9290K/17584K, paused 4ms, total 5ms
02-03 12:46:25.671 D/dalvikvm(15954): GC_CONCURRENT freed 3053K, 42% free 10217K/17584K, paused 0ms+1ms, total 6ms
02-03 12:46:25.671 D/dalvikvm(15954): WAIT_FOR_CONCURRENT_GC blocked 2ms
02-03 12:46:25.681 D/dalvikvm(15954): GC_CONCURRENT freed 4797K, 47% free 9456K/17584K, paused 1ms+1ms, total 5ms
02-03 12:46:25.681 D/dalvikvm(15954): WAIT_FOR_CONCURRENT_GC blocked 4ms
02-03 12:46:25.691 D/dalvikvm(15954): GC_FOR_ALLOC freed 4020K, 48% free 9191K/17584K, paused 4ms, total 4ms
02-03 12:46:25.701 D/dalvikvm(15954): GC_FOR_ALLOC freed 3773K, 48% free 9192K/17584K, paused 4ms, total 4ms
02-03 12:46:25.701 D/dalvikvm(15954): GC_FOR_ALLOC freed 3792K, 48% free 9193K/17584K, paused 5ms, total 5ms
02-03 12:46:25.711 D/dalvikvm(15954): GC_FOR_ALLOC freed 3811K, 48% free 9195K/17584K, paused 4ms, total 4ms
02-03 12:46:25.721 D/dalvikvm(15954): GC_FOR_ALLOC freed 3830K, 48% free 9196K/17584K, paused 4ms, total 4ms
02-03 12:46:25.721 D/dalvikvm(15954): GC_FOR_ALLOC freed 3849K, 48% free 9197K/17584K, paused 5ms, total 5ms
02-03 12:46:25.731 D/dalvikvm(15954): GC_FOR_ALLOC freed 3867K, 48% free 9199K/17584K, paused 4ms, total 4ms
02-03 12:46:25.741 D/dalvikvm(15954): GC_FOR_ALLOC freed 3886K, 48% free 9200K/17584K, paused 4ms, total 4ms
02-03 12:46:25.741 D/dalvikvm(15954): GC_FOR_ALLOC freed 3905K, 48% free 9201K/17584K, paused 4ms, total 4ms
02-03 12:46:25.751 D/dalvikvm(15954): GC_FOR_ALLOC freed 3924K, 48% free 9203K/17584K, paused 5ms, total 5ms
02-03 12:46:25.761 D/dalvikvm(15954): GC_FOR_ALLOC freed 3943K, 48% free 9204K/17584K, paused 4ms, total 5ms
02-03 12:46:25.761 D/dalvikvm(15954): GC_FOR_ALLOC freed 3961K, 48% free 9205K/17584K, paused 4ms, total 4ms
02-03 12:46:25.771 D/dalvikvm(15954): GC_CONCURRENT freed 3696K, 47% free 9491K/17584K, paused 0ms+0ms, total 5ms
02-03 12:46:25.771 D/dalvikvm(15954): WAIT_FOR_CONCURRENT_GC blocked 4ms
02-03 12:46:25.781 D/dalvikvm(15954): GC_CONCURRENT freed 4002K, 47% free 9490K/17584K, paused 0ms+1ms, total 5ms
02-03 12:46:25.781 D/dalvikvm(15954): WAIT_FOR_CONCURRENT_GC blocked 4ms
02-03 12:46:25.791 D/dalvikvm(15954): GC_CONCURRENT freed 4017K, 47% free 9493K/17584K, paused 0ms+1ms, total 5ms
02-03 12:46:25.791 D/dalvikvm(15954): WAIT_FOR_CONCURRENT_GC blocked 4ms
02-03 12:46:25.801 D/dalvikvm(15954): GC_CONCURRENT freed 4039K, 47% free 9491K/17584K, paused 1ms+1ms, total 6ms
02-03 12:46:25.801 D/dalvikvm(15954): WAIT_FOR_CONCURRENT_GC blocked 5ms
02-03 12:46:25.801 D/dalvikvm(15954): GC_CONCURRENT freed 4054K, 47% free 9494K/17584K, paused 1ms+1ms, total 5ms
02-03 12:46:25.801 D/dalvikvm(15954): WAIT_FOR_CONCURRENT_GC blocked 4ms
02-03 12:46:25.811 D/dalvikvm(15954): GC_CONCURRENT freed 4073K, 46% free 9497K/17584K, paused 1ms+1ms, total 5ms
02-03 12:46:25.811 D/dalvikvm(15954): WAIT_FOR_CONCURRENT_GC blocked 5ms
02-03 12:46:25.821 D/dalvikvm(15954): GC_CONCURRENT freed 4092K, 46% free 9499K/17584K, paused 1ms+1ms, total 5ms
02-03 12:46:25.821 D/dalvikvm(15954): WAIT_FOR_CONCURRENT_GC blocked 4ms
02-03 12:46:25.831 D/dalvikvm(15954): GC_FOR_ALLOC freed 3672K, 46% free 9644K/17584K, paused 4ms, total 4ms
02-03 12:46:25.831 D/dalvikvm(15954): GC_FOR_ALLOC freed 4127K, 47% free 9352K/17584K, paused 4ms, total 4ms
02-03 12:46:25.841 D/dalvikvm(15954): GC_FOR_ALLOC freed 3850K, 48% free 9207K/17584K, paused 5ms, total 5ms
02-03 12:46:25.851 D/dalvikvm(15954): GC_FOR_ALLOC freed 3418K, 46% free 9653K/17584K, paused 4ms, total 5ms
02-03 12:46:25.851 D/dalvikvm(15954): GC_FOR_ALLOC freed 4179K, 47% free 9358K/17584K, paused 4ms, total 4ms
02-03 12:46:25.861 D/dalvikvm(15954): GC_FOR_ALLOC freed 3898K, 48% free 9210K/17584K, paused 4ms, total 4ms
02-03 12:46:25.871 D/dalvikvm(15954): GC_FOR_ALLOC freed 3461K, 46% free 9662K/17584K, paused 4ms, total 4ms
02-03 12:46:25.871 D/dalvikvm(15954): GC_FOR_ALLOC freed 4231K, 47% free 9363K/17584K, paused 5ms, total 5ms
02-03 12:46:25.881 D/dalvikvm(15954): GC_FOR_ALLOC freed 3946K, 48% free 9214K/17584K, paused 4ms, total 5ms
02-03 12:46:25.891 D/dalvikvm(15954): GC_FOR_ALLOC freed 3503K, 45% free 9672K/17584K, paused 4ms, total 4ms
02-03 12:46:25.901 D/dalvikvm(15954): GC_CONCURRENT freed 4282K, 47% free 9369K/17584K, paused 0ms+1ms, total 5ms
02-03 12:46:25.901 D/dalvikvm(15954): WAIT_FOR_CONCURRENT_GC blocked 5ms
02-03 12:46:25.901 D/dalvikvm(15954): GC_FOR_ALLOC freed 3994K, 48% free 9218K/17584K, paused 5ms, total 5ms
02-03 12:46:25.911 D/dalvikvm(15954): GC_FOR_ALLOC freed 3546K, 45% free 9681K/17584K, paused 5ms, total 5ms
02-03 12:46:25.921 D/dalvikvm(15954): GC_CONCURRENT freed 3254K, 41% free 10454K/17584K, paused 0ms+1ms, total 6ms
02-03 12:46:25.921 D/dalvikvm(15954): WAIT_FOR_CONCURRENT_GC blocked 3ms
02-03 12:46:25.921 D/dalvikvm(15954): GC_FOR_ALLOC freed 5122K, 48% free 9221K/17584K, paused 4ms, total 4ms
02-03 12:46:25.931 D/dalvikvm(15954): GC_FOR_ALLOC freed 3588K, 45% free 9690K/17584K, paused 4ms, total 4ms
02-03 12:46:25.941 D/dalvikvm(15954): GC_CONCURRENT freed 3293K, 41% free 10473K/17584K, paused 0ms+1ms, total 6ms
02-03 12:46:25.941 D/dalvikvm(15954): WAIT_FOR_CONCURRENT_GC blocked 2ms
02-03 12:46:25.941 D/dalvikvm(15954): GC_FOR_ALLOC freed 5183K, 48% free 9225K/17584K, paused 4ms, total 4ms
02-03 12:46:25.951 D/dalvikvm(15954): GC_FOR_ALLOC freed 3631K, 47% free 9383K/17584K, paused 4ms, total 4ms
02-03 12:46:25.961 D/dalvikvm(15954): GC_FOR_ALLOC freed 4121K, 48% free 9227K/17584K, paused 4ms, total 4ms
02-03 12:46:25.961 D/dalvikvm(15954): GC_FOR_ALLOC freed 3658K, 47% free 9387K/17584K, paused 4ms, total 4ms
02-03 12:46:25.971 D/dalvikvm(15954): GC_CONCURRENT freed 3832K, 46% free 9549K/17584K, paused 1ms+1ms, total 5ms
02-03 12:46:25.971 D/dalvikvm(15954): WAIT_FOR_CONCURRENT_GC blocked 4ms
02-03 12:46:25.981 D/dalvikvm(15954): GC_FOR_ALLOC freed 4006K, 47% free 9391K/17584K, paused 4ms, total 4ms
02-03 12:46:25.991 D/dalvikvm(15954): GC_CONCURRENT freed 3862K, 46% free 9554K/17584K, paused 0ms+1ms, total 5ms
02-03 12:46:25.991 D/dalvikvm(15954): WAIT_FOR_CONCURRENT_GC blocked 4ms
02-03 12:46:25.991 D/dalvikvm(15954): GC_FOR_ALLOC freed 4036K, 47% free 9394K/17584K, paused 4ms, total 4ms
02-03 12:46:26.001 D/dalvikvm(15954): GC_CONCURRENT freed 3891K, 46% free 9559K/17584K, paused 0ms+1ms, total 5ms
02-03 12:46:26.001 D/dalvikvm(15954): WAIT_FOR_CONCURRENT_GC blocked 4ms
02-03 12:46:26.011 D/dalvikvm(15954): GC_FOR_ALLOC freed 4066K, 47% free 9398K/17584K, paused 4ms, total 4ms
02-03 12:46:26.021 D/dalvikvm(15954): GC_CONCURRENT freed 3921K, 46% free 9564K/17584K, paused 0ms+1ms, total 5ms
02-03 12:46:26.021 D/dalvikvm(15954): WAIT_FOR_CONCURRENT_GC blocked 5ms
02-03 12:46:26.021 D/dalvikvm(15954): GC_FOR_ALLOC freed 4098K, 47% free 9402K/17584K, paused 5ms, total 5ms
02-03 12:46:26.031 D/dalvikvm(15954): GC_FOR_ALLOC freed 3456K, 45% free 9733K/17584K, paused 4ms, total 4ms
02-03 12:46:26.041 D/dalvikvm(15954): GC_FOR_ALLOC freed 4295K, 48% free 9241K/17584K, paused 4ms, total 4ms
02-03 12:46:26.041 D/dalvikvm(15954): GC_CONCURRENT freed 3812K, 47% free 9407K/17584K, paused 0ms+1ms, total 5ms
02-03 12:46:26.041 D/dalvikvm(15954): WAIT_FOR_CONCURRENT_GC blocked 5ms
02-03 12:46:26.051 D/dalvikvm(15954): GC_FOR_ALLOC freed 3490K, 45% free 9741K/17584K, paused 4ms, total 4ms
02-03 12:46:26.061 D/dalvikvm(15954): GC_FOR_ALLOC freed 4335K, 48% free 9244K/17584K, paused 5ms, total 5ms
02-03 12:46:26.071 D/dalvikvm(15954): GC_CONCURRENT freed 3846K, 47% free 9412K/17584K, paused 1ms+1ms, total 5ms
02-03 12:46:26.071 D/dalvikvm(15954): WAIT_FOR_CONCURRENT_GC blocked 5ms
02-03 12:46:26.071 D/dalvikvm(15954): GC_FOR_ALLOC freed 3522K, 45% free 9748K/17584K, paused 4ms, total 4ms
02-03 12:46:26.081 D/dalvikvm(15954): GC_FOR_ALLOC freed 4374K, 48% free 9247K/17584K, paused 4ms, total 4ms
02-03 12:46:26.091 D/dalvikvm(15954): GC_CONCURRENT freed 3880K, 47% free 9416K/17584K, paused 0ms+1ms, total 5ms
02-03 12:46:26.091 D/dalvikvm(15954): WAIT_FOR_CONCURRENT_GC blocked 4ms
02-03 12:46:26.091 D/dalvikvm(15954): GC_FOR_ALLOC freed 3556K, 45% free 9756K/17584K, paused 4ms, total 4ms
02-03 12:46:26.101 D/dalvikvm(15954): GC_FOR_ALLOC freed 4420K, 48% free 9250K/17584K, paused 4ms, total 4ms
02-03 12:46:26.111 D/dalvikvm(15954): GC_CONCURRENT freed 3923K, 47% free 9422K/17584K, paused 1ms+1ms, total 5ms
02-03 12:46:26.111 D/dalvikvm(15954): WAIT_FOR_CONCURRENT_GC blocked 4ms
02-03 12:46:26.121 D/dalvikvm(15954): GC_FOR_ALLOC freed 3966K, 48% free 9241K/17584K, paused 4ms, total 4ms
02-03 12:46:26.131 D/dalvikvm(15954): GC_FOR_ALLOC freed 3237K, 45% free 9784K/17584K, paused 5ms, total 5ms
02-03 12:46:26.141 D/dalvikvm(15954): GC_FOR_ALLOC freed 4747K, 52% free 8475K/17584K, paused 4ms, total 5ms
02-03 12:46:26.161 D/dalvikvm(15954): GC_CONCURRENT freed 3332K, 48% free 9197K/17584K, paused 1ms+1ms, total 4ms
02-03 12:46:26.361 D/AsusContactWigdetSync(15052): sync start
02-03 12:46:26.361 D/AsusContactWigdetSync(15052): sync selection = null
02-03 12:46:26.361 D/AsusContactWigdetSync(15052): sync delete selection = contact_id IN ( 859, 858, 857, 856, 855, 860)
02-03 12:46:26.361 D/AsusContactWigdetSync(19758): sync start
02-03 12:46:26.361 D/AsusContactWigdetSync(19758): sync selection = null
02-03 12:46:26.361 D/AsusContactWigdetSync(19758): sync delete selection = contact_id IN ( 859, 858, 857, 856, 855, 860)
02-03 12:46:26.361 D/AsusContactWigdetSync(15052): sync stop
02-03 12:46:26.361 D/AsusContactWigdetSync(19758): sync stop
02-03 12:46:26.361 V/ActivityManager(14542): Remove bg service from mStartingBackground ,r=ServiceRecord{220ddfd0 u0 com.asus.contacts/com.android.contacts.miniwidget.SyncService},r used time=1009,left r count=1
02-03 12:46:26.361 V/ActivityManager(14542): Remove bg service from mStartingBackground ,r=ServiceRecord{220da8e0 u0 com.asus.contactswidget/.SyncService},r used time=1008,left r count=0
02-03 12:46:26.621 V/ActivityManager(14542): Remove bg service from mStartingBackground ,r=ServiceRecord{220d5640 u0 com.android.providers.calendar/.ContactsEventUpdateIntentService},r used time=40,left r count=1
02-03 12:46:27.621 I/CalendarProvider2(19737): Sending notification intent: Intent { act=android.intent.action.PROVIDER_CHANGED dat=content://com.android.calendar }
02-03 12:46:27.621 W/ContentResolver(19737): Failed to get type for: content://com.android.calendar (Unknown URL content://com.android.calendar)
02-03 12:46:27.621 D/AlertReceiver(16150): onReceive: a=android.intent.action.PROVIDER_CHANGED Intent { act=android.intent.action.PROVIDER_CHANGED dat=content://com.android.calendar flg=0x10 cmp=com.asus.calendar/com.android.calendar.alerts.AlertReceiver }
02-03 12:46:27.621 V/ActivityManager(14542): Remove bg service from mStartingBackground ,r=ServiceRecord{220c4510 u0 com.android.providers.calendar/.EmptyService},r used time=1005,left r count=0
02-03 12:46:27.641 D/AlertService(16150): 0 Action = android.intent.action.PROVIDER_CHANGED
02-03 12:46:27.641 D/AlertService(16150): Beginning updateAlertNotification
02-03 12:46:27.641 D/AlertService(16150): No fired or scheduled alerts
02-03 12:46:27.651 D/BatteryStatsImpl(14542): noteStopWakeLocked com.asus.calendar isFromForeground = false
02-03 12:46:27.651 V/ActivityManager(14542): Remove bg service from mStartingBackground ,r=ServiceRecord{220bbf98 u0 com.asus.calendar/com.android.calendar.alerts.AlertService},r used time=22,left r count=0
02-03 12:46:27.661 W/BindingManager(19493): Cannot call determinedVisibility() - never saw a connection for the pid: 19493
02-03 12:46:27.711 D/SendBroadcastHandler(19704): startTimer() SEND_TO_CONTACTS_WIDGET_DELETE 
02-03 12:46:27.811 D/SendBroadcastHandler(19704): mTimerTask sendMessage CONTACTS_INSERT 
02-03 12:46:27.821 D/SendBroadcastHandler(19704): (insert) sendBroadcast mInsertRawContacts:1
02-03 12:46:27.821 D/SendBroadcastHandler(19704): (insert) sendBroadcast mInsertName:1
02-03 12:46:27.821 D/SendBroadcastHandler(19704): (insert) sendBroadcast mInsertNameDetail:1
02-03 12:46:27.821 D/SendBroadcastHandler(19704): sendBroadcast insert to voice agent
02-03 12:46:27.831 I/chromium(19493): [INFO:CONSOLE(70)] "WARNING: Message from backend doesn't have data.", source:  (70)
02-03 12:46:27.851 D/dalvikvm(19493): GC_EXPLICIT freed 2686K, 32% free 7078K/10340K, paused 1ms+3ms, total 19ms
02-03 12:46:27.911 D/SendBroadcastHandler(19704): startTimer() SEND_TO_CONTACTS_INSERT 
02-03 12:46:28.251 W/BindingManager(19493): Cannot call determinedVisibility() - never saw a connection for the pid: 19493
02-03 12:46:28.391 I/chromium(19493): [INFO:CONSOLE(70)] "WARNING: Message from backend doesn't have data.", source:  (70)
02-03 12:46:28.421 D/dalvikvm(19704): GC_EXPLICIT freed 847K, 12% free 7802K/8812K, paused 0ms+3ms, total 17ms
02-03 12:46:28.851 W/BindingManager(19493): Cannot call determinedVisibility() - never saw a connection for the pid: 19493
02-03 12:46:29.001 I/chromium(19493): [INFO:CONSOLE(70)] "WARNING: Message from backend doesn't have data.", source:  (70)
02-03 12:46:29.341 D/dalvikvm(15954): GC_CONCURRENT freed 4921K, 53% free 8363K/17584K, paused 0ms+1ms, total 9ms
02-03 12:46:29.341 D/dalvikvm(15954): WAIT_FOR_CONCURRENT_GC blocked 8ms
02-03 12:46:29.351 D/dalvikvm(15954): GC_CONCURRENT freed 3990K, 53% free 8436K/17584K, paused 1ms+1ms, total 4ms
02-03 12:46:29.351 D/dalvikvm(15954): WAIT_FOR_CONCURRENT_GC blocked 3ms
02-03 12:46:29.361 D/dalvikvm(15954): GC_CONCURRENT freed 4082K, 53% free 8438K/17584K, paused 1ms+0ms, total 4ms
02-03 12:46:29.361 D/dalvikvm(15954): WAIT_FOR_CONCURRENT_GC blocked 3ms
02-03 12:46:29.371 D/dalvikvm(15954): GC_CONCURRENT freed 4039K, 53% free 8438K/17584K, paused 0ms+1ms, total 3ms
02-03 12:46:29.371 D/dalvikvm(15954): WAIT_FOR_CONCURRENT_GC blocked 4ms
02-03 12:46:29.381 D/dalvikvm(15954): GC_CONCURRENT freed 3992K, 52% free 8533K/17584K, paused 1ms+0ms, total 4ms
02-03 12:46:29.381 D/dalvikvm(15954): WAIT_FOR_CONCURRENT_GC blocked 3ms
02-03 12:46:29.391 D/dalvikvm(15954): GC_CONCURRENT freed 4148K, 53% free 8438K/17584K, paused 0ms+1ms, total 3ms
02-03 12:46:29.391 D/dalvikvm(15954): WAIT_FOR_CONCURRENT_GC blocked 3ms
02-03 12:46:29.391 D/dalvikvm(15954): GC_CONCURRENT freed 3931K, 52% free 8575K/17584K, paused 0ms+2ms, total 4ms
02-03 12:46:29.391 D/dalvikvm(15954): WAIT_FOR_CONCURRENT_GC blocked 3ms
02-03 12:46:29.391 D/AlarmManager(14542): Triggered Alarm 220af808 ELAPSED_REALTIME_WAKEUP IntentSender{22235c98: PendingIntentRecord{22287698 com.android.providers.calendar broadcastIntent}}
02-03 12:46:29.401 D/BatteryStatsImpl(14542): noteStopWakeLocked system isFromForeground = false
02-03 12:46:29.411 D/dalvikvm(15954): GC_CONCURRENT freed 4123K, 52% free 8489K/17584K, paused 0ms+2ms, total 5ms
02-03 12:46:29.421 D/dalvikvm(15954): GC_CONCURRENT freed 3957K, 52% free 8535K/17584K, paused 2ms+1ms, total 5ms
02-03 12:46:29.421 D/AlarmManager(14542): Removed alarm Alarm{21fe7238 type 0 com.android.providers.calendar} type:RTC_WAKEUP
02-03 12:46:29.431 D/AlarmManager(14542): Added alarm Alarm{21fbe068 type 0 com.baidu.searchbox} type:RTC_WAKEUP when: At 15-2-3 12:46 repeatInterval: 0h:7m:0.0s
02-03 12:46:29.431 D/AlarmManager(14542): Added alarm Alarm{21fbaaf0 type 0 com.baidu.BaiduMap} type:RTC_WAKEUP when: At 15-2-3 12:46 repeatInterval: 0h:7m:0.0s
02-03 12:46:29.431 D/AlarmManager(14542): Added alarm Alarm{21fabee0 type 2 android} type:ELAPSED_REALTIME_WAKEUP when: After 0h:7m:30.0s
02-03 12:46:29.431 D/AlarmManager(14542): Added alarm Alarm{21fa66d0 type 2 com.youku.phone} type:ELAPSED_REALTIME_WAKEUP when: After 0h:12m:33.0s repeatInterval: 0h:30m:0.0s
02-03 12:46:29.441 D/dalvikvm(15954): GC_CONCURRENT freed 4050K, 52% free 8468K/17584K, paused 1ms+1ms, total 4ms
02-03 12:46:29.441 D/AlarmManager(14542): Added alarm Alarm{21fa54d0 type 0 android} type:RTC_WAKEUP when: At 15-2-3 1:00 repeatInterval: 0h:30m:0.0s
02-03 12:46:29.451 D/dalvikvm(15954): GC_CONCURRENT freed 3997K, 52% free 8474K/17584K, paused 0ms+1ms, total 4ms
