--------- beginning of /dev/log/main
02-03 12:42:56.361 D/dalvikvm(15954): GC_FOR_ALLOC freed 3596K, 44% free 9461K/16616K, paused 4ms, total 4ms
02-03 12:42:56.371 D/dalvikvm(15954): GC_CONCURRENT freed 4222K, 45% free 9224K/16616K, paused 0ms+1ms, total 6ms
02-03 12:42:56.371 D/dalvikvm(15954): WAIT_FOR_CONCURRENT_GC blocked 6ms
02-03 12:42:56.381 D/dalvikvm(15954): GC_FOR_ALLOC freed 4009K, 46% free 9105K/16616K, paused 5ms, total 5ms
02-03 12:42:56.381 D/dalvikvm(15954): GC_CONCURRENT freed 3666K, 43% free 9473K/16616K, paused 1ms+1ms, total 6ms
02-03 12:42:56.381 D/dalvikvm(15954): WAIT_FOR_CONCURRENT_GC blocked 1ms
02-03 12:42:56.391 D/dalvikvm(15954): GC_CONCURRENT freed 4305K, 45% free 9231K/16616K, paused 1ms+1ms, total 5ms
02-03 12:42:56.391 D/dalvikvm(15954): WAIT_FOR_CONCURRENT_GC blocked 4ms
02-03 12:42:56.401 D/dalvikvm(15954): GC_FOR_ALLOC freed 4087K, 46% free 9110K/16616K, paused 4ms, total 4ms
02-03 12:42:56.411 D/dalvikvm(15954): GC_FOR_ALLOC freed 3737K, 45% free 9235K/16616K, paused 4ms, total 4ms
02-03 12:42:56.411 D/dalvikvm(15954): GC_CONCURRENT freed 3886K, 44% free 9363K/16616K, paused 0ms+0ms, total 5ms
02-03 12:42:56.411 D/dalvikvm(15954): WAIT_FOR_CONCURRENT_GC blocked 4ms
02-03 12:42:56.421 D/dalvikvm(15954): GC_FOR_ALLOC freed 4033K, 45% free 9240K/16616K, paused 4ms, total 4ms
02-03 12:42:56.431 D/dalvikvm(15954): GC_CONCURRENT freed 3932K, 44% free 9370K/16616K, paused 0ms+0ms, total 5ms
02-03 12:42:56.431 D/dalvikvm(15954): WAIT_FOR_CONCURRENT_GC blocked 5ms
02-03 12:42:56.441 D/dalvikvm(15954): GC_FOR_ALLOC freed 4081K, 45% free 9244K/16616K, paused 6ms, total 6ms
02-03 12:42:56.441 D/dalvikvm(15954): GC_FOR_ALLOC freed 3592K, 43% free 9503K/16616K, paused 4ms, total 4ms
02-03 12:42:56.451 D/dalvikvm(15954): GC_FOR_ALLOC freed 4257K, 46% free 9120K/16616K, paused 5ms, total 5ms
02-03 12:42:56.461 D/dalvikvm(15954): GC_CONCURRENT freed 3892K, 45% free 9251K/16616K, paused 1ms+1ms, total 5ms
02-03 12:42:56.461 D/dalvikvm(15954): WAIT_FOR_CONCURRENT_GC blocked 5ms
02-03 12:42:56.461 D/dalvikvm(15954): GC_FOR_ALLOC freed 3652K, 43% free 9514K/16616K, paused 4ms, total 4ms
02-03 12:42:56.471 D/dalvikvm(15954): GC_FOR_ALLOC freed 4329K, 46% free 9124K/16616K, paused 4ms, total 4ms
02-03 12:42:56.481 D/dalvikvm(15954): GC_CONCURRENT freed 3956K, 45% free 9258K/16616K, paused 1ms+1ms, total 5ms
02-03 12:42:56.481 D/dalvikvm(15954): WAIT_FOR_CONCURRENT_GC blocked 4ms
02-03 12:42:56.491 D/dalvikvm(15954): GC_CONCURRENT freed 3713K, 43% free 9525K/16616K, paused 0ms+1ms, total 4ms
02-03 12:42:56.491 D/dalvikvm(15954): WAIT_FOR_CONCURRENT_GC blocked 5ms
02-03 12:42:56.491 D/dalvikvm(15954): GC_CONCURRENT freed 4133K, 44% free 9395K/16616K, paused 1ms+1ms, total 5ms
02-03 12:42:56.491 D/dalvikvm(15954): WAIT_FOR_CONCURRENT_GC blocked 4ms
02-03 12:42:56.501 D/dalvikvm(15954): GC_FOR_ALLOC freed 4020K, 46% free 9130K/16616K, paused 4ms, total 4ms
02-03 12:42:56.511 D/dalvikvm(15954): GC_FOR_ALLOC freed 3773K, 46% free 9131K/16616K, paused 4ms, total 4ms
02-03 12:42:56.511 D/dalvikvm(15954): GC_FOR_ALLOC freed 3792K, 46% free 9133K/16616K, paused 4ms, total 4ms
02-03 12:42:56.521 D/dalvikvm(15954): GC_FOR_ALLOC freed 3811K, 46% free 9134K/16616K, paused 5ms, total 5ms
02-03 12:42:56.531 D/dalvikvm(15954): GC_FOR_ALLOC freed 3830K, 46% free 9135K/16616K, paused 5ms, total 5ms
02-03 12:42:56.541 D/dalvikvm(15954): GC_FOR_ALLOC freed 3849K, 46% free 9137K/16616K, paused 4ms, total 4ms
02-03 12:42:56.541 D/dalvikvm(15954): GC_FOR_ALLOC freed 3867K, 46% free 9138K/16616K, paused 4ms, total 4ms
02-03 12:42:56.551 D/dalvikvm(15954): GC_FOR_ALLOC freed 3886K, 45% free 9139K/16616K, paused 5ms, total 5ms
02-03 12:42:56.561 D/dalvikvm(15954): GC_FOR_ALLOC freed 3905K, 45% free 9141K/16616K, paused 7ms, total 7ms
02-03 12:42:56.571 D/dalvikvm(15954): GC_FOR_ALLOC freed 3924K, 45% free 9142K/16616K, paused 4ms, total 4ms
02-03 12:42:56.571 D/dalvikvm(15954): GC_FOR_ALLOC freed 3943K, 45% free 9143K/16616K, paused 4ms, total 4ms
02-03 12:42:56.581 D/dalvikvm(15954): GC_FOR_ALLOC freed 3961K, 45% free 9145K/16616K, paused 4ms, total 4ms
02-03 12:42:56.591 D/dalvikvm(15954): GC_FOR_ALLOC freed 3980K, 45% free 9146K/16616K, paused 4ms, total 4ms
02-03 12:42:56.601 D/dalvikvm(15954): GC_CONCURRENT freed 3572K, 43% free 9574K/16616K, paused 1ms+0ms, total 7ms
02-03 12:42:56.601 D/dalvikvm(15954): WAIT_FOR_CONCURRENT_GC blocked 2ms
02-03 12:42:56.601 D/dalvikvm(15954): GC_CONCURRENT freed 4158K, 44% free 9436K/16616K, paused 1ms+1ms, total 6ms
02-03 12:42:56.601 D/dalvikvm(15954): WAIT_FOR_CONCURRENT_GC blocked 5ms
02-03 12:42:56.611 D/dalvikvm(15954): GC_CONCURRENT freed 4035K, 44% free 9439K/16616K, paused 1ms+1ms, total 5ms
02-03 12:42:56.611 D/dalvikvm(15954): WAIT_FOR_CONCURRENT_GC blocked 4ms
02-03 12:42:56.621 D/dalvikvm(15954): GC_FOR_ALLOC freed 4344K, 45% free 9152K/16616K, paused 5ms, total 5ms
02-03 12:42:56.631 D/dalvikvm(15954): GC_CONCURRENT freed 3783K, 44% free 9444K/16616K, paused 1ms+1ms, total 5ms
02-03 12:42:56.631 D/dalvikvm(15954): WAIT_FOR_CONCURRENT_GC blocked 4ms
02-03 12:42:56.631 D/dalvikvm(15954): GC_FOR_ALLOC freed 4384K, 45% free 9154K/16616K, paused 4ms, total 4ms
02-03 12:42:56.641 D/dalvikvm(15954): GC_FOR_ALLOC freed 3376K, 43% free 9595K/16616K, paused 4ms, total 4ms
02-03 12:42:56.651 D/dalvikvm(15954): GC_FOR_ALLOC freed 4127K, 45% free 9304K/16616K, paused 5ms, total 5ms
02-03 12:42:56.651 D/dalvikvm(15954): GC_FOR_ALLOC freed 3850K, 45% free 9158K/16616K, paused 4ms, total 4ms
02-03 12:42:56.661 D/dalvikvm(15954): GC_FOR_ALLOC freed 3418K, 43% free 9605K/16616K, paused 4ms, total 4ms
02-03 12:42:56.671 D/dalvikvm(15954): GC_FOR_ALLOC freed 4179K, 44% free 9309K/16616K, paused 4ms, total 4ms
02-03 12:42:56.671 D/dalvikvm(15954): GC_FOR_ALLOC freed 3898K, 45% free 9162K/16616K, paused 4ms, total 4ms
02-03 12:42:56.681 D/dalvikvm(15954): GC_FOR_ALLOC freed 3461K, 43% free 9614K/16616K, paused 4ms, total 4ms
02-03 12:42:56.691 D/dalvikvm(15954): GC_FOR_ALLOC freed 3928K, 45% free 9164K/16616K, paused 5ms, total 5ms
02-03 12:42:56.701 D/dalvikvm(15954): GC_FOR_ALLOC freed 3488K, 43% free 9620K/16616K, paused 4ms, total 4ms
02-03 12:42:56.701 D/dalvikvm(15954): GC_FOR_ALLOC freed 3959K, 45% free 9166K/16616K, paused 4ms, total 4ms
02-03 12:42:56.711 D/dalvikvm(15954): GC_FOR_ALLOC freed 3515K, 44% free 9320K/16616K, paused 5ms, total 5ms
02-03 12:42:56.721 D/dalvikvm(15954): GC_FOR_ALLOC freed 3221K, 43% free 9628K/16616K, paused 4ms, total 4ms
02-03 12:42:56.721 D/dalvikvm(15954): GC_FOR_ALLOC freed 3231K, 43% free 9631K/16616K, paused 5ms, total 5ms
02-03 12:42:56.731 D/dalvikvm(15954): GC_FOR_ALLOC freed 4016K, 45% free 9171K/16616K, paused 4ms, total 4ms
02-03 12:42:56.741 D/dalvikvm(15954): GC_FOR_ALLOC freed 3565K, 44% free 9326K/16616K, paused 4ms, total 4ms
02-03 12:42:56.741 D/dalvikvm(15954): GC_FOR_ALLOC freed 3267K, 42% free 9639K/16616K, paused 5ms, total 5ms
02-03 12:42:56.751 D/dalvikvm(15954): GC_FOR_ALLOC freed 3277K, 42% free 9641K/16616K, paused 4ms, total 4ms
02-03 12:42:56.761 D/dalvikvm(15954): GC_FOR_ALLOC freed 4072K, 45% free 9175K/16616K, paused 5ms, total 5ms
02-03 12:42:56.761 D/dalvikvm(15954): GC_FOR_ALLOC freed 3615K, 44% free 9333K/16616K, paused 4ms, total 4ms
02-03 12:42:56.771 D/dalvikvm(15954): GC_FOR_ALLOC freed 3312K, 42% free 9650K/16616K, paused 4ms, total 4ms
02-03 12:42:56.781 D/dalvikvm(15954): GC_FOR_ALLOC freed 3323K, 42% free 9652K/16616K, paused 4ms, total 4ms
02-03 12:42:56.781 D/dalvikvm(15954): GC_FOR_ALLOC freed 4129K, 45% free 9179K/16616K, paused 5ms, total 5ms
02-03 12:42:56.791 D/dalvikvm(15954): GC_FOR_ALLOC freed 3666K, 44% free 9339K/16616K, paused 4ms, total 4ms
02-03 12:42:56.801 D/dalvikvm(15954): GC_FOR_ALLOC freed 3359K, 42% free 9661K/16616K, paused 4ms, total 4ms
02-03 12:42:56.801 D/dalvikvm(15954): GC_FOR_ALLOC freed 3371K, 42% free 9664K/16616K, paused 4ms, total 4ms
02-03 12:42:56.811 D/dalvikvm(15954): GC_FOR_ALLOC freed 4188K, 45% free 9184K/16616K, paused 4ms, total 4ms
02-03 12:42:56.821 D/dalvikvm(15954): GC_FOR_ALLOC freed 3718K, 44% free 9346K/16616K, paused 4ms, total 4ms
02-03 12:42:56.821 D/dalvikvm(15954): GC_FOR_ALLOC freed 3406K, 42% free 9672K/16616K, paused 4ms, total 5ms
02-03 12:42:56.831 D/dalvikvm(15954): GC_FOR_ALLOC freed 3417K, 42% free 9675K/16616K, paused 4ms, total 4ms
02-03 12:42:56.841 D/dalvikvm(15954): GC_FOR_ALLOC freed 4247K, 45% free 9189K/16616K, paused 4ms, total 4ms
02-03 12:42:56.841 D/dalvikvm(15954): GC_FOR_ALLOC freed 3771K, 44% free 9353K/16616K, paused 4ms, total 4ms
02-03 12:42:56.851 D/dalvikvm(15954): GC_FOR_ALLOC freed 3456K, 42% free 9684K/16616K, paused 4ms, total 4ms
02-03 12:42:56.861 D/dalvikvm(15954): GC_FOR_ALLOC freed 3467K, 42% free 9687K/16616K, paused 5ms, total 5ms
02-03 12:42:56.861 D/dalvikvm(15954): GC_FOR_ALLOC freed 4308K, 45% free 9193K/16616K, paused 4ms, total 4ms
02-03 12:42:56.871 D/dalvikvm(15954): GC_CONCURRENT freed 3821K, 44% free 9360K/16616K, paused 1ms+1ms, total 5ms
02-03 12:42:56.871 D/dalvikvm(15954): WAIT_FOR_CONCURRENT_GC blocked 4ms
02-03 12:42:56.881 D/dalvikvm(15954): GC_FOR_ALLOC freed 3500K, 42% free 9694K/16616K, paused 4ms, total 4ms
02-03 12:42:56.891 D/dalvikvm(15954): GC_FOR_ALLOC freed 3509K, 42% free 9697K/16616K, paused 5ms, total 5ms
02-03 12:42:56.891 D/dalvikvm(15954): GC_FOR_ALLOC freed 4358K, 45% free 9197K/16616K, paused 4ms, total 4ms
02-03 12:42:56.901 D/dalvikvm(15954): GC_CONCURRENT freed 3866K, 44% free 9366K/16616K, paused 1ms+1ms, total 5ms
02-03 12:42:56.901 D/dalvikvm(15954): WAIT_FOR_CONCURRENT_GC blocked 4ms
02-03 12:42:56.911 D/dalvikvm(15954): GC_FOR_ALLOC freed 3578K, 45% free 9194K/16616K, paused 5ms, total 5ms
02-03 12:42:56.921 D/dalvikvm(15954): GC_FOR_ALLOC freed 3380K, 42% free 9744K/16616K, paused 5ms, total 5ms
02-03 12:42:56.921 D/dalvikvm(15954): GC_FOR_ALLOC freed 3733K, 44% free 9398K/16616K, paused 4ms, total 4ms
02-03 12:42:56.931 D/dalvikvm(15954): GC_FOR_ALLOC freed 3623K, 45% free 9298K/16616K, paused 4ms, total 4ms
02-03 12:42:57.001 D/dalvikvm(15954): GC_FOR_ALLOC freed 4643K, 50% free 8423K/16616K, paused 5ms, total 5ms
02-03 12:42:57.731 D/AndroidRuntime(18893): 
02-03 12:42:57.731 D/AndroidRuntime(18893): >>>>>> AndroidRuntime START com.android.internal.os.RuntimeInit <<<<<<
02-03 12:42:57.731 D/AndroidRuntime(18893): CheckJNI is OFF
02-03 12:42:57.731 I/AndroidRuntime(18893): Kernel Release Version: 3.10.20-g25181e8-dirty
02-03 12:42:57.731 I/dalvikvm(18893): No library specified. The standard exception handler will be used
02-03 12:42:57.731 I/dalvikvm(18893): 
02-03 12:42:57.731 I/dalvikvm(18893): +++++++++++++ Using PCG. +++++++++++++++++++++
02-03 12:42:57.741 D/dalvikvm(18893): Trying to load lib libjavacore.so 0x0
02-03 12:42:57.741 D/dalvikvm(18893): Added shared lib libjavacore.so 0x0
02-03 12:42:57.741 D/dalvikvm(18893): Trying to load lib libnativehelper.so 0x0
02-03 12:42:57.741 D/dalvikvm(18893): Added shared lib libnativehelper.so 0x0
02-03 12:42:57.741 D/dalvikvm(18893): No JNI_OnLoad found in libnativehelper.so 0x0, skipping init
02-03 12:42:57.751 D/dalvikvm(18893): Extra Options: not specified
02-03 12:42:57.761 D/dalvikvm(18893): Note: class Landroid/app/ActivityManagerNative; has 186 unimplemented (abstract) methods
02-03 12:42:57.831 E/memtrack(18893): Couldn't load memtrack module (No such file or directory)
02-03 12:42:57.831 E/android.os.Debug(18893): failed to load memtrack module: -2
02-03 12:42:57.881 D/AndroidRuntime(18893): Calling main entry com.android.commands.am.Am
02-03 12:42:57.901 D/AndroidRuntime(18893): Shutting down VM
02-03 12:42:57.901 D/dalvikvm(18893): GC_CONCURRENT freed 108K, 16% free 638K/760K, paused 0ms+0ms, total 1ms
--------- beginning of /dev/log/system
02-03 12:42:57.901 I/ActivityManager(14542): Force stopping org.xwalk.webapi_noneservice_tests appid=11605 user=0: from pid 18893
02-03 12:42:57.911 D/dalvikvm(18893): Compiler shutdown in progress - discarding request
02-03 12:42:57.911 D/dalvikvm(18893): Compiler shutdown in progress - discarding request
02-03 12:42:57.911 D/dalvikvm(18893): Compiler shutdown in progress - discarding request
02-03 12:42:57.911 D/dalvikvm(18893): Compiler shutdown in progress - discarding request
02-03 12:42:57.911 D/dalvikvm(18893): Compiler shutdown in progress - discarding request
02-03 12:42:57.911 D/dalvikvm(18893): Compiler shutdown in progress - discarding request
02-03 12:42:57.911 D/dalvikvm(18893): Compiler shutdown in progress - discarding request
02-03 12:42:57.911 D/dalvikvm(18893): Compiler shutdown in progress - discarding request
02-03 12:42:57.911 D/dalvikvm(18893): Compiler shutdown in progress - discarding request
02-03 12:42:57.911 D/dalvikvm(18893): Compiler shutdown in progress - discarding request
02-03 12:42:57.911 D/dalvikvm(18893): Compiler shutdown in progress - discarding request
02-03 12:42:57.911 D/dalvikvm(18893): Compiler shutdown in progress - discarding request
02-03 12:42:57.911 D/dalvikvm(18893): Compiler shutdown in progress - discarding request
02-03 12:42:57.911 D/dalvikvm(18893): Compiler shutdown in progress - discarding request
02-03 12:42:57.911 D/dalvikvm(18893): Compiler shutdown in progress - discarding request
02-03 12:42:57.911 D/dalvikvm(18893): Compiler shutdown in progress - discarding request
02-03 12:42:57.911 D/dalvikvm(18893): Compiler shutdown in progress - discarding request
02-03 12:42:57.911 D/dalvikvm(18893): Compiler shutdown in progress - discarding request
02-03 12:42:57.911 D/dalvikvm(18893): Compiler shutdown in progress - discarding request
02-03 12:42:57.911 D/dalvikvm(18893): Compiler shutdown in progress - discarding request
02-03 12:42:57.911 D/dalvikvm(18893): Compiler shutdown in progress - discarding request
02-03 12:42:57.911 D/dalvikvm(18893): Compiler shutdown in progress - discarding request
02-03 12:42:57.911 D/dalvikvm(18893): Compiler shutdown in progress - discarding request
02-03 12:42:57.911 D/dalvikvm(18893): Compiler shutdown in progress - discarding request
02-03 12:42:57.911 D/dalvikvm(18893): Compiler shutdown in progress - discarding request
02-03 12:42:57.911 D/dalvikvm(18893): Compiler shutdown in progress - discarding request
02-03 12:42:57.911 D/dalvikvm(18893): Compiler shutdown in progress - discarding request
02-03 12:42:57.911 D/dalvikvm(18893): Compiler shutdown in progress - discarding request
02-03 12:42:57.911 D/dalvikvm(18893): Compiler shutdown in progress - discarding request
02-03 12:42:57.911 D/dalvikvm(18893): Compiler shutdown in progress - discarding request
02-03 12:42:57.911 D/dalvikvm(18893): Compiler shutdown in progress - discarding request
02-03 12:42:57.911 D/dalvikvm(18893): Compiler shutdown in progress - discarding request
02-03 12:42:57.911 D/dalvikvm(18893): Compiler shutdown in progress - discarding request
02-03 12:42:57.911 D/dalvikvm(18893): Compiler shutdown in progress - discarding request
02-03 12:42:57.911 D/dalvikvm(18893): Compiler shutdown in progress - discarding request
02-03 12:42:57.911 D/dalvikvm(18893): Compiler shutdown in progress - discarding request
02-03 12:42:57.911 D/dalvikvm(18893): Compiler shutdown in progress - discarding request
02-03 12:42:57.911 D/dalvikvm(18893): Compiler shutdown in progress - discarding request
02-03 12:42:57.911 D/dalvikvm(18893): Compiler shutdown in progress - discarding request
02-03 12:42:57.911 D/dalvikvm(18893): Compiler shutdown in progress - discarding request
02-03 12:42:57.911 D/dalvikvm(18893): Compiler shutdown in progress - discarding request
02-03 12:42:57.911 D/dalvikvm(18893): Compiler shutdown in progress - discarding request
02-03 12:42:57.911 D/dalvikvm(18893): Compiler shutdown in progress - discarding request
02-03 12:42:57.911 D/dalvikvm(18893): Compiler shutdown in progress - discarding request
02-03 12:42:57.911 D/dalvikvm(18893): Compiler shutdown in progress - discarding request
02-03 12:42:57.911 D/dalvikvm(18893): Compiler shutdown in progress - discarding request
02-03 12:42:58.331 D/AndroidRuntime(18904): 
02-03 12:42:58.331 D/AndroidRuntime(18904): >>>>>> AndroidRuntime START com.android.internal.os.RuntimeInit <<<<<<
02-03 12:42:58.331 D/AndroidRuntime(18904): CheckJNI is OFF
02-03 12:42:58.331 I/AndroidRuntime(18904): Kernel Release Version: 3.10.20-g25181e8-dirty
02-03 12:42:58.331 I/dalvikvm(18904): No library specified. The standard exception handler will be used
02-03 12:42:58.341 I/dalvikvm(18904): 
02-03 12:42:58.341 I/dalvikvm(18904): +++++++++++++ Using PCG. +++++++++++++++++++++
02-03 12:42:58.341 D/dalvikvm(18904): Trying to load lib libjavacore.so 0x0
02-03 12:42:58.351 D/dalvikvm(18904): Added shared lib libjavacore.so 0x0
02-03 12:42:58.351 D/dalvikvm(18904): Trying to load lib libnativehelper.so 0x0
02-03 12:42:58.351 D/dalvikvm(18904): Added shared lib libnativehelper.so 0x0
02-03 12:42:58.351 D/dalvikvm(18904): No JNI_OnLoad found in libnativehelper.so 0x0, skipping init
02-03 12:42:58.351 D/dalvikvm(18904): Extra Options: not specified
02-03 12:42:58.361 D/dalvikvm(18904): Note: class Landroid/app/ActivityManagerNative; has 186 unimplemented (abstract) methods
02-03 12:42:58.461 E/memtrack(18904): Couldn't load memtrack module (No such file or directory)
02-03 12:42:58.461 E/android.os.Debug(18904): failed to load memtrack module: -2
02-03 12:42:58.491 D/AndroidRuntime(18904): Calling main entry com.android.commands.am.Am
02-03 12:42:58.521 D/AndroidRuntime(18904): Shutting down VM
02-03 12:42:58.521 D/dalvikvm(18904): GC_CONCURRENT freed 117K, 17% free 669K/800K, paused 0ms+0ms, total 2ms
02-03 12:42:58.521 I/ActivityManager(14542): START u0 {flg=0x10000000 cmp=org.xwalk.webapi_noneservice_tests/.webapi_noneservice_testsActivity} from pid 18904
02-03 12:42:58.531 D/dalvikvm(18904): Compiler shutdown in progress - discarding request
02-03 12:42:58.531 D/dalvikvm(18904): Compiler shutdown in progress - discarding request
02-03 12:42:58.531 D/dalvikvm(18904): Compiler shutdown in progress - discarding request
02-03 12:42:58.531 D/dalvikvm(18904): Compiler shutdown in progress - discarding request
02-03 12:42:58.531 D/dalvikvm(18904): Compiler shutdown in progress - discarding request
02-03 12:42:58.531 D/dalvikvm(18904): Compiler shutdown in progress - discarding request
02-03 12:42:58.531 D/dalvikvm(18904): Compiler shutdown in progress - discarding request
02-03 12:42:58.531 D/dalvikvm(18904): Compiler shutdown in progress - discarding request
02-03 12:42:58.531 D/dalvikvm(18904): Compiler shutdown in progress - discarding request
02-03 12:42:58.531 D/dalvikvm(18904): Compiler shutdown in progress - discarding request
02-03 12:42:58.531 D/dalvikvm(18904): Compiler shutdown in progress - discarding request
02-03 12:42:58.531 D/dalvikvm(18904): Compiler shutdown in progress - discarding request
02-03 12:42:58.531 D/dalvikvm(18904): Compiler shutdown in progress - discarding request
02-03 12:42:58.531 D/dalvikvm(18904): Compiler shutdown in progress - discarding request
02-03 12:42:58.531 D/dalvikvm(18904): Compiler shutdown in progress - discarding request
02-03 12:42:58.531 D/dalvikvm(18904): Compiler shutdown in progress - discarding request
02-03 12:42:58.531 D/dalvikvm(18904): Compiler shutdown in progress - discarding request
02-03 12:42:58.531 D/dalvikvm(18904): Compiler shutdown in progress - discarding request
02-03 12:42:58.531 D/dalvikvm(18904): Compiler shutdown in progress - discarding request
02-03 12:42:58.531 D/dalvikvm(18904): Compiler shutdown in progress - discarding request
02-03 12:42:58.531 D/dalvikvm(18904): Compiler shutdown in progress - discarding request
02-03 12:42:58.531 D/dalvikvm(18904): Compiler shutdown in progress - discarding request
02-03 12:42:58.531 D/dalvikvm(18904): Compiler shutdown in progress - discarding request
02-03 12:42:58.531 D/dalvikvm(18904): Compiler shutdown in progress - discarding request
02-03 12:42:58.531 D/dalvikvm(18904): Compiler shutdown in progress - discarding request
02-03 12:42:58.531 D/dalvikvm(18904): Compiler shutdown in progress - discarding request
02-03 12:42:58.531 D/dalvikvm(18904): Compiler shutdown in progress - discarding request
02-03 12:42:58.531 D/dalvikvm(18904): Compiler shutdown in progress - discarding request
02-03 12:42:58.531 D/dalvikvm(18904): Compiler shutdown in progress - discarding request
02-03 12:42:58.531 D/dalvikvm(18904): Compiler shutdown in progress - discarding request
02-03 12:42:58.531 D/dalvikvm(18904): Compiler shutdown in progress - discarding request
02-03 12:42:58.531 D/dalvikvm(18904): Compiler shutdown in progress - discarding request
02-03 12:42:58.531 D/dalvikvm(18904): Compiler shutdown in progress - discarding request
02-03 12:42:58.531 D/dalvikvm(18904): Compiler shutdown in progress - discarding request
02-03 12:42:58.531 D/dalvikvm(18904): Compiler shutdown in progress - discarding request
02-03 12:42:58.531 D/dalvikvm(18904): Compiler shutdown in progress - discarding request
02-03 12:42:58.531 D/dalvikvm(18904): Compiler shutdown in progress - discarding request
02-03 12:42:58.531 D/dalvikvm(18904): Compiler shutdown in progress - discarding request
02-03 12:42:58.531 D/dalvikvm(18904): Compiler shutdown in progress - discarding request
02-03 12:42:58.531 D/dalvikvm(18904): Compiler shutdown in progress - discarding request
02-03 12:42:58.531 D/dalvikvm(18904): Compiler shutdown in progress - discarding request
02-03 12:42:58.531 D/dalvikvm(18904): Compiler shutdown in progress - discarding request
02-03 12:42:58.531 D/dalvikvm(18904): Compiler shutdown in progress - discarding request
02-03 12:42:58.531 D/dalvikvm(18904): Compiler shutdown in progress - discarding request
02-03 12:42:58.531 D/dalvikvm(18904): Compiler shutdown in progress - discarding request
02-03 12:42:58.531 D/dalvikvm(18904): Compiler shutdown in progress - discarding request
02-03 12:42:58.531 D/dalvikvm(18904): Compiler shutdown in progress - discarding request
02-03 12:42:58.941 D/AndroidRuntime(18915): 
02-03 12:42:58.941 D/AndroidRuntime(18915): >>>>>> AndroidRuntime START com.android.internal.os.RuntimeInit <<<<<<
02-03 12:42:58.941 D/AndroidRuntime(18915): CheckJNI is OFF
02-03 12:42:58.941 I/AndroidRuntime(18915): Kernel Release Version: 3.10.20-g25181e8-dirty
02-03 12:42:58.941 I/dalvikvm(18915): No library specified. The standard exception handler will be used
02-03 12:42:58.941 I/dalvikvm(18915): 
02-03 12:42:58.941 I/dalvikvm(18915): +++++++++++++ Using PCG. +++++++++++++++++++++
02-03 12:42:58.951 D/dalvikvm(18915): Trying to load lib libjavacore.so 0x0
02-03 12:42:58.951 D/dalvikvm(18915): Added shared lib libjavacore.so 0x0
02-03 12:42:58.951 D/dalvikvm(18915): Trying to load lib libnativehelper.so 0x0
02-03 12:42:58.951 D/dalvikvm(18915): Added shared lib libnativehelper.so 0x0
02-03 12:42:58.951 D/dalvikvm(18915): No JNI_OnLoad found in libnativehelper.so 0x0, skipping init
02-03 12:42:58.951 D/dalvikvm(18915): Extra Options: not specified
02-03 12:42:58.971 D/dalvikvm(18915): Note: class Landroid/app/ActivityManagerNative; has 186 unimplemented (abstract) methods
02-03 12:42:59.041 E/memtrack(18915): Couldn't load memtrack module (No such file or directory)
02-03 12:42:59.041 E/android.os.Debug(18915): failed to load memtrack module: -2
02-03 12:42:59.071 D/AndroidRuntime(18915): Calling main entry com.android.commands.am.Am
02-03 12:42:59.101 D/AndroidRuntime(18915): Shutting down VM
02-03 12:42:59.101 D/dalvikvm(18915): GC_CONCURRENT freed 117K, 17% free 669K/800K, paused 0ms+0ms, total 1ms
02-03 12:42:59.101 I/ActivityManager(14542): START u0 {flg=0x10000000 cmp=org.xwalk.webapi_noneservice_tests/.webapi_noneservice_tests} from pid 18915
02-03 12:42:59.111 D/dalvikvm(18915): Compiler shutdown in progress - discarding request
02-03 12:42:59.111 D/dalvikvm(18915): Compiler shutdown in progress - discarding request
02-03 12:42:59.111 D/dalvikvm(18915): Compiler shutdown in progress - discarding request
02-03 12:42:59.111 D/dalvikvm(18915): Compiler shutdown in progress - discarding request
02-03 12:42:59.111 D/dalvikvm(18915): Compiler shutdown in progress - discarding request
02-03 12:42:59.111 D/dalvikvm(18915): Compiler shutdown in progress - discarding request
02-03 12:42:59.111 D/dalvikvm(18915): Compiler shutdown in progress - discarding request
02-03 12:42:59.111 D/dalvikvm(18915): Compiler shutdown in progress - discarding request
02-03 12:42:59.111 D/dalvikvm(18915): Compiler shutdown in progress - discarding request
02-03 12:42:59.111 D/dalvikvm(18915): Compiler shutdown in progress - discarding request
02-03 12:42:59.111 D/dalvikvm(18915): Compiler shutdown in progress - discarding request
02-03 12:42:59.111 D/dalvikvm(18915): Compiler shutdown in progress - discarding request
02-03 12:42:59.111 D/dalvikvm(18915): Compiler shutdown in progress - discarding request
02-03 12:42:59.111 D/dalvikvm(18915): Compiler shutdown in progress - discarding request
02-03 12:42:59.111 D/dalvikvm(18915): Compiler shutdown in progress - discarding request
02-03 12:42:59.111 D/dalvikvm(18915): Compiler shutdown in progress - discarding request
02-03 12:42:59.111 D/dalvikvm(18915): Compiler shutdown in progress - discarding request
02-03 12:42:59.111 D/dalvikvm(18915): Compiler shutdown in progress - discarding request
02-03 12:42:59.111 D/dalvikvm(18915): Compiler shutdown in progress - discarding request
02-03 12:42:59.111 D/dalvikvm(18915): Compiler shutdown in progress - discarding request
02-03 12:42:59.111 D/dalvikvm(18915): Compiler shutdown in progress - discarding request
02-03 12:42:59.111 D/dalvikvm(18915): Compiler shutdown in progress - discarding request
02-03 12:42:59.111 D/dalvikvm(18915): Compiler shutdown in progress - discarding request
02-03 12:42:59.111 D/dalvikvm(18915): Compiler shutdown in progress - discarding request
02-03 12:42:59.111 D/dalvikvm(18915): Compiler shutdown in progress - discarding request
02-03 12:42:59.111 D/dalvikvm(18915): Compiler shutdown in progress - discarding request
02-03 12:42:59.111 D/dalvikvm(18915): Compiler shutdown in progress - discarding request
02-03 12:42:59.111 D/dalvikvm(18915): Compiler shutdown in progress - discarding request
02-03 12:42:59.111 D/dalvikvm(18915): Compiler shutdown in progress - discarding request
02-03 12:42:59.111 D/dalvikvm(18915): Compiler shutdown in progress - discarding request
02-03 12:42:59.111 D/dalvikvm(18915): Compiler shutdown in progress - discarding request
02-03 12:42:59.111 D/dalvikvm(18915): Compiler shutdown in progress - discarding request
02-03 12:42:59.111 D/dalvikvm(18915): Compiler shutdown in progress - discarding request
02-03 12:42:59.111 D/dalvikvm(18915): Compiler shutdown in progress - discarding request
02-03 12:42:59.111 D/dalvikvm(18915): Compiler shutdown in progress - discarding request
02-03 12:42:59.111 D/dalvikvm(18915): Compiler shutdown in progress - discarding request
02-03 12:42:59.111 D/dalvikvm(18915): Compiler shutdown in progress - discarding request
02-03 12:42:59.111 D/dalvikvm(18915): Compiler shutdown in progress - discarding request
02-03 12:42:59.111 D/dalvikvm(18915): Compiler shutdown in progress - discarding request
02-03 12:42:59.111 D/dalvikvm(18915): Compiler shutdown in progress - discarding request
02-03 12:42:59.111 D/dalvikvm(18915): Compiler shutdown in progress - discarding request
02-03 12:42:59.111 D/dalvikvm(18915): Compiler shutdown in progress - discarding request
02-03 12:42:59.111 D/dalvikvm(18915): Compiler shutdown in progress - discarding request
02-03 12:42:59.111 D/dalvikvm(18915): Compiler shutdown in progress - discarding request
02-03 12:42:59.111 D/dalvikvm(18915): Compiler shutdown in progress - discarding request
02-03 12:42:59.111 D/dalvikvm(18915): Compiler shutdown in progress - discarding request
02-03 12:42:59.111 D/dalvikvm(18915): Compiler shutdown in progress - discarding request
02-03 12:42:59.111 D/dalvikvm(18915): Compiler shutdown in progress - discarding request
02-03 12:42:59.111 D/dalvikvm(18915): Compiler shutdown in progress - discarding request
02-03 12:42:59.111 D/dalvikvm(18915): Compiler shutdown in progress - discarding request
02-03 12:42:59.111 D/dalvikvm(18915): Compiler shutdown in progress - discarding request
02-03 12:42:59.541 D/AndroidRuntime(18926): 
02-03 12:42:59.541 D/AndroidRuntime(18926): >>>>>> AndroidRuntime START com.android.internal.os.RuntimeInit <<<<<<
02-03 12:42:59.541 D/AndroidRuntime(18926): CheckJNI is OFF
02-03 12:42:59.541 I/AndroidRuntime(18926): Kernel Release Version: 3.10.20-g25181e8-dirty
02-03 12:42:59.541 I/dalvikvm(18926): No library specified. The standard exception handler will be used
02-03 12:42:59.541 I/dalvikvm(18926): 
02-03 12:42:59.541 I/dalvikvm(18926): +++++++++++++ Using PCG. +++++++++++++++++++++
02-03 12:42:59.551 D/dalvikvm(18926): Trying to load lib libjavacore.so 0x0
02-03 12:42:59.551 D/dalvikvm(18926): Added shared lib libjavacore.so 0x0
02-03 12:42:59.551 D/dalvikvm(18926): Trying to load lib libnativehelper.so 0x0
02-03 12:42:59.551 D/dalvikvm(18926): Added shared lib libnativehelper.so 0x0
02-03 12:42:59.551 D/dalvikvm(18926): No JNI_OnLoad found in libnativehelper.so 0x0, skipping init
02-03 12:42:59.561 D/dalvikvm(18926): Extra Options: not specified
02-03 12:42:59.571 D/dalvikvm(18926): Note: class Landroid/app/ActivityManagerNative; has 186 unimplemented (abstract) methods
02-03 12:42:59.641 E/memtrack(18926): Couldn't load memtrack module (No such file or directory)
02-03 12:42:59.641 E/android.os.Debug(18926): failed to load memtrack module: -2
02-03 12:42:59.681 D/AndroidRuntime(18926): Calling main entry com.android.commands.am.Am
02-03 12:42:59.711 I/ActivityManager(14542): START u0 {flg=0x10000000 cmp=org.xwalk.webapi_noneservice_tests/.WebapiNoneserviceTestsActivity} from pid 18926
02-03 12:42:59.761 I/dalvikvm(18926): Total arena pages for JIT: 11
02-03 12:42:59.761 I/dalvikvm(18926): Total arena pages for JIT: 12
02-03 12:42:59.761 I/dalvikvm(18926): Total arena pages for JIT: 13
02-03 12:42:59.761 I/dalvikvm(18926): Total arena pages for JIT: 14
02-03 12:42:59.761 I/dalvikvm(18926): Total arena pages for JIT: 15
02-03 12:42:59.761 W/ufoGralloc(14239): registerBuffer() handle 0xb816bf10/13 didn't require registration
02-03 12:42:59.771 I/SecurityManagerService(14632): SMS received security event: App[START/org.xwalk.webapi_noneservice_tests]
02-03 12:42:59.771 D/AndroidRuntime(18926): Shutting down VM
02-03 12:42:59.771 D/dalvikvm(18937): Process 18937 nice name: org.xwalk.webapi_noneservice_tests
02-03 12:42:59.771 D/dalvikvm(18937): Extra Options: not specified
02-03 12:42:59.781 D/dalvikvm(18926): GC_CONCURRENT freed 114K, 16% free 701K/832K, paused 1ms+0ms, total 2ms
02-03 12:42:59.781 V/WeatherTimeProvider(15704): widget on Visibility Changed
02-03 12:42:59.781 I/ActivityManager(14542): Start proc org.xwalk.webapi_noneservice_tests for activity org.xwalk.webapi_noneservice_tests/.WebapiNoneserviceTestsActivity: pid=18937 uid=11605 gids={51605, 3003, 1028, 1015}
02-03 12:42:59.801 D/WindowManager(14542): adjustConfigurationLw, config:{1.0 ?mcc?mnc ?locale ?layoutDir sw600dp w600dp h888dp 213dpi lrg port ?uimode ?night finger -keyb/v/h -nav/v} mLidState:1 mHasDockFeature:false mHasKeyboardFeature:false mHasHallSensorFeature:true config.hardKeyboardHidden:2
02-03 12:42:59.801 D/dalvikvm(18926): Compiler shutdown in progress - discarding request
02-03 12:42:59.801 D/dalvikvm(18926): Compiler shutdown in progress - discarding request
02-03 12:42:59.801 D/dalvikvm(18926): Compiler shutdown in progress - discarding request
02-03 12:42:59.801 D/dalvikvm(18926): Compiler shutdown in progress - discarding request
02-03 12:42:59.801 D/dalvikvm(18926): Compiler shutdown in progress - discarding request
02-03 12:42:59.801 D/dalvikvm(18926): Compiler shutdown in progress - discarding request
02-03 12:42:59.801 D/dalvikvm(18926): Compiler shutdown in progress - discarding request
02-03 12:42:59.801 D/dalvikvm(18926): Compiler shutdown in progress - discarding request
02-03 12:42:59.801 D/dalvikvm(18926): Compiler shutdown in progress - discarding request
02-03 12:42:59.801 D/dalvikvm(18926): Compiler shutdown in progress - discarding request
02-03 12:42:59.801 D/dalvikvm(18926): Compiler shutdown in progress - discarding request
02-03 12:42:59.801 D/dalvikvm(18926): Compiler shutdown in progress - discarding request
02-03 12:42:59.801 D/dalvikvm(18926): Compiler shutdown in progress - discarding request
02-03 12:42:59.801 D/dalvikvm(18926): Compiler shutdown in progress - discarding request
02-03 12:42:59.801 D/dalvikvm(18926): Compiler shutdown in progress - discarding request
02-03 12:42:59.801 D/dalvikvm(18926): Compiler shutdown in progress - discarding request
02-03 12:42:59.801 D/dalvikvm(18926): Compiler shutdown in progress - discarding request
02-03 12:42:59.801 D/dalvikvm(18926): Compiler shutdown in progress - discarding request
02-03 12:42:59.801 D/dalvikvm(18926): Compiler shutdown in progress - discarding request
02-03 12:42:59.801 D/dalvikvm(18926): Compiler shutdown in progress - discarding request
02-03 12:42:59.801 D/dalvikvm(18926): Compiler shutdown in progress - discarding request
02-03 12:42:59.801 D/dalvikvm(18926): Compiler shutdown in progress - discarding request
02-03 12:42:59.801 D/dalvikvm(18926): Compiler shutdown in progress - discarding request
02-03 12:42:59.801 D/dalvikvm(18926): Compiler shutdown in progress - discarding request
02-03 12:42:59.801 D/dalvikvm(18926): Compiler shutdown in progress - discarding request
02-03 12:42:59.801 D/dalvikvm(18926): Compiler shutdown in progress - discarding request
02-03 12:42:59.801 D/dalvikvm(18926): Compiler shutdown in progress - discarding request
02-03 12:42:59.801 D/dalvikvm(18926): Compiler shutdown in progress - discarding request
02-03 12:42:59.801 D/dalvikvm(18926): Compiler shutdown in progress - discarding request
02-03 12:42:59.801 D/dalvikvm(18926): Compiler shutdown in progress - discarding request
02-03 12:42:59.801 D/dalvikvm(18926): Compiler shutdown in progress - discarding request
02-03 12:42:59.801 D/dalvikvm(18926): Compiler shutdown in progress - discarding request
02-03 12:42:59.801 D/dalvikvm(18926): Compiler shutdown in progress - discarding request
02-03 12:42:59.801 D/dalvikvm(18926): Compiler shutdown in progress - discarding request
02-03 12:42:59.801 D/dalvikvm(18926): Compiler shutdown in progress - discarding request
02-03 12:42:59.801 I/ActivityManager(14542): [TopPkgCurBat]	NowPkgName[org.xwalk.webapi_noneservice_tests]	Battery[92]	TimeTick[1422938579818]	OldPkgName[com.asus.launcher]
02-03 12:42:59.811 D/        (14886): Surface destroy: ANDROID_NATIVE_WINDOW_MAGIC
02-03 12:42:59.841 D/dalvikvm(14725): GC_EXPLICIT freed 383K, 8% free 6253K/6732K, paused 0ms+2ms, total 21ms
02-03 12:42:59.871 D/dalvikvm(18937): Trying to load lib /data/app-lib/org.xwalk.webapi_noneservice_tests-1/libxwalkcore.so 0x43d80410
02-03 12:42:59.941 D/dalvikvm(18937): Added shared lib /data/app-lib/org.xwalk.webapi_noneservice_tests-1/libxwalkcore.so 0x43d80410
02-03 12:42:59.951 I/LibraryLoader(18937): Time to load native libraries: 88 ms (timestamps 6101-6189)
02-03 12:42:59.951 I/LibraryLoader(18937): Expected native library version number "",actual native library version number ""
02-03 12:42:59.981 I/LibraryLoader(18937): Expected native library version number "",actual native library version number ""
02-03 12:42:59.991 I/chromium(18937): [INFO:library_loader_hooks.cc(112)] Chromium logging enabled: level = 0, default verbosity = 0
02-03 12:43:00.011 D/Clock   (14602): ACTION_TIME_TICK
02-03 12:43:00.021 D/Clock   (14602): update clock:下午12:43
02-03 12:43:00.041 D/BatteryStatsImpl(14542): noteStopWakeLocked system isFromForeground = false
02-03 12:43:00.051 I/BrowserStartupController(18937): Initializing chromium process, singleProcess=true
02-03 12:43:00.071 V/CsmClient(14542): [2] csmStop called
02-03 12:43:00.071 D/AlarmManager(14542): Triggered Alarm 21f66878 ELAPSED_REALTIME_WAKEUP IntentSender{222e2948: PendingIntentRecord{21f38fb0 android broadcastIntent}}
02-03 12:43:00.081 D/BatteryStatsImpl(14542): noteStopWakeLocked system isFromForeground = false
02-03 12:43:00.081 D/AlarmManager(14542): Added alarm Alarm{21f878e8 type 2 android} type:ELAPSED_REALTIME_WAKEUP when: After 0h:9m:59.0s
02-03 12:43:00.161 D/dalvikvm(15954): GC_CONCURRENT freed 3791K, 48% free 8721K/16616K, paused 1ms+1ms, total 7ms
02-03 12:43:00.161 D/dalvikvm(15954): WAIT_FOR_CONCURRENT_GC blocked 6ms
02-03 12:43:00.161 D/dalvikvm(15954): GC_CONCURRENT freed 4033K, 48% free 8760K/16616K, paused 0ms+1ms, total 3ms
02-03 12:43:00.161 D/dalvikvm(15954): WAIT_FOR_CONCURRENT_GC blocked 2ms
02-03 12:43:00.171 D/dalvikvm(15954): GC_CONCURRENT freed 4066K, 48% free 8750K/16616K, paused 0ms+1ms, total 3ms
02-03 12:43:00.171 D/dalvikvm(15954): WAIT_FOR_CONCURRENT_GC blocked 3ms
02-03 12:43:00.181 D/dalvikvm(15954): GC_FOR_ALLOC freed 4084K, 48% free 8714K/16616K, paused 3ms, total 3ms
02-03 12:43:00.191 D/dalvikvm(15954): GC_CONCURRENT freed 4008K, 48% free 8783K/16616K, paused 1ms+1ms, total 4ms
02-03 12:43:00.191 D/dalvikvm(15954): WAIT_FOR_CONCURRENT_GC blocked 3ms
02-03 12:43:00.191 D/dalvikvm(15954): GC_CONCURRENT freed 4020K, 47% free 8856K/16616K, paused 1ms+1ms, total 4ms
02-03 12:43:00.191 D/dalvikvm(15954): WAIT_FOR_CONCURRENT_GC blocked 3ms
02-03 12:43:00.201 D/dalvikvm(15954): GC_CONCURRENT freed 4096K, 47% free 8807K/16616K, paused 0ms+1ms, total 4ms
02-03 12:43:00.201 D/dalvikvm(15954): WAIT_FOR_CONCURRENT_GC blocked 3ms
02-03 12:43:00.211 D/dalvikvm(15954): GC_CONCURRENT freed 4037K, 48% free 8783K/16616K, paused 0ms+1ms, total 3ms
02-03 12:43:00.211 D/dalvikvm(15954): WAIT_FOR_CONCURRENT_GC blocked 2ms
02-03 12:43:00.211 D/dalvikvm(15954): GC_CONCURRENT freed 4085K, 48% free 8754K/16616K, paused 1ms+1ms, total 4ms
02-03 12:43:00.211 D/dalvikvm(15954): WAIT_FOR_CONCURRENT_GC blocked 3ms
02-03 12:43:00.221 D/dalvikvm(15954): GC_CONCURRENT freed 3892K, 47% free 8923K/16616K, paused 1ms+1ms, total 4ms
02-03 12:43:00.221 D/dalvikvm(15954): WAIT_FOR_CONCURRENT_GC blocked 3ms
02-03 12:43:00.231 D/dalvikvm(15954): GC_CONCURRENT freed 4103K, 47% free 8852K/16616K, paused 1ms+1ms, total 4ms
02-03 12:43:00.231 D/dalvikvm(15954): WAIT_FOR_CONCURRENT_GC blocked 3ms
02-03 12:43:00.231 D/dalvikvm(15954): GC_CONCURRENT freed 3997K, 47% free 8862K/16616K, paused 1ms+1ms, total 3ms
02-03 12:43:00.241 D/dalvikvm(15954): WAIT_FOR_CONCURRENT_GC blocked 3ms
02-03 12:43:00.241 D/dalvikvm(15954): GC_CONCURRENT freed 4174K, 48% free 8778K/16616K, paused 0ms+1ms, total 3ms
02-03 12:43:00.241 D/dalvikvm(15954): WAIT_FOR_CONCURRENT_GC blocked 3ms
02-03 12:43:00.251 D/dalvikvm(15954): GC_CONCURRENT freed 4009K, 48% free 8784K/16616K, paused 1ms+1ms, total 4ms
02-03 12:43:00.251 D/dalvikvm(15954): WAIT_FOR_CONCURRENT_GC blocked 3ms
02-03 12:43:00.261 D/dalvikvm(15954): GC_CONCURRENT freed 3960K, 47% free 8840K/16616K, paused 1ms+0ms, total 4ms
02-03 12:43:00.261 D/dalvikvm(15954): WAIT_FOR_CONCURRENT_GC blocked 3ms
02-03 12:43:00.261 D/dalvikvm(15954): GC_FOR_ALLOC freed 4043K, 48% free 8743K/16616K, paused 2ms, total 2ms
02-03 12:43:00.271 D/dalvikvm(15954): GC_CONCURRENT freed 3963K, 47% free 8853K/16616K, paused 1ms+1ms, total 4ms
02-03 12:43:00.271 D/dalvikvm(15954): WAIT_FOR_CONCURRENT_GC blocked 3ms
02-03 12:43:00.271 D/dalvikvm(15954): GC_CONCURRENT freed 4026K, 47% free 8913K/16616K, paused 1ms+1ms, total 3ms
02-03 12:43:00.271 D/dalvikvm(15954): WAIT_FOR_CONCURRENT_GC blocked 2ms
02-03 12:43:00.281 D/dalvikvm(15954): GC_CONCURRENT freed 4088K, 47% free 8865K/16616K, paused 1ms+1ms, total 4ms
02-03 12:43:00.281 D/dalvikvm(15954): WAIT_FOR_CONCURRENT_GC blocked 3ms
02-03 12:43:00.291 D/dalvikvm(15954): GC_CONCURRENT freed 4026K, 47% free 8871K/16616K, paused 1ms+0ms, total 4ms
02-03 12:43:00.291 D/dalvikvm(15954): WAIT_FOR_CONCURRENT_GC blocked 3ms
02-03 12:43:00.291 D/dalvikvm(15954): GC_CONCURRENT freed 3950K, 47% free 8936K/16616K, paused 1ms+1ms, total 4ms
02-03 12:43:00.291 D/dalvikvm(15954): WAIT_FOR_CONCURRENT_GC blocked 3ms
02-03 12:43:00.301 D/dalvikvm(15954): GC_FOR_ALLOC freed 4108K, 48% free 8761K/16616K, paused 3ms, total 3ms
02-03 12:43:00.311 D/dalvikvm(15954): GC_CONCURRENT freed 4018K, 47% free 8826K/16616K, paused 1ms+1ms, total 3ms
02-03 12:43:00.311 D/dalvikvm(15954): WAIT_FOR_CONCURRENT_GC blocked 3ms
02-03 12:43:00.311 D/dalvikvm(15954): GC_FOR_ALLOC freed 3982K, 47% free 8829K/16616K, paused 3ms, total 3ms
02-03 12:43:00.321 D/dalvikvm(15954): GC_CONCURRENT freed 2576K, 44% free 9412K/16616K, paused 1ms+1ms, total 5ms
02-03 12:43:00.321 D/dalvikvm(15954): GC_FOR_ALLOC freed 4579K, 48% free 8771K/16616K, paused 3ms, total 3ms
02-03 12:43:00.331 D/dalvikvm(15954): GC_CONCURRENT freed 3876K, 46% free 8975K/16616K, paused 1ms+1ms, total 3ms
02-03 12:43:00.331 D/dalvikvm(15954): WAIT_FOR_CONCURRENT_GC blocked 3ms
02-03 12:43:00.341 D/dalvikvm(15954): GC_FOR_ALLOC freed 4155K, 48% free 8776K/16616K, paused 2ms, total 2ms
02-03 12:43:00.341 D/dalvikvm(15954): GC_CONCURRENT freed 3884K, 46% free 8987K/16616K, paused 1ms+1ms, total 4ms
02-03 12:43:00.341 D/dalvikvm(15954): WAIT_FOR_CONCURRENT_GC blocked 3ms
02-03 12:43:00.351 D/dalvikvm(15954): GC_FOR_ALLOC freed 4093K, 47% free 8851K/16616K, paused 3ms, total 3ms
02-03 12:43:00.351 D/dalvikvm(15954): GC_CONCURRENT freed 4020K, 47% free 8855K/16616K, paused 1ms+1ms, total 4ms
02-03 12:43:00.351 D/dalvikvm(15954): WAIT_FOR_CONCURRENT_GC blocked 3ms
02-03 12:43:00.361 D/dalvikvm(15954): GC_CONCURRENT freed 4087K, 47% free 8859K/16616K, paused 1ms+1ms, total 4ms
02-03 12:43:00.361 D/dalvikvm(15954): WAIT_FOR_CONCURRENT_GC blocked 3ms
02-03 12:43:00.371 D/dalvikvm(15954): GC_FOR_ALLOC freed 4005K, 48% free 8788K/16616K, paused 5ms, total 5ms
02-03 12:43:00.381 D/dalvikvm(15954): GC_CONCURRENT freed 3839K, 46% free 9016K/16616K, paused 1ms+1ms, total 5ms
02-03 12:43:00.381 D/dalvikvm(15954): WAIT_FOR_CONCURRENT_GC blocked 4ms
02-03 12:43:00.381 D/dalvikvm(15954): GC_FOR_ALLOC freed 4126K, 48% free 8793K/16616K, paused 4ms, total 4ms
02-03 12:43:00.391 D/dalvikvm(15954): GC_CONCURRENT freed 3953K, 47% free 8872K/16616K, paused 1ms+1ms, total 4ms
02-03 12:43:00.401 D/dalvikvm(15954): GC_CONCURRENT freed 3851K, 46% free 9033K/16616K, paused 1ms+1ms, total 4ms
02-03 12:43:00.401 D/dalvikvm(15954): WAIT_FOR_CONCURRENT_GC blocked 2ms
02-03 12:43:00.401 D/dalvikvm(15954): GC_CONCURRENT freed 4144K, 47% free 8959K/16616K, paused 1ms+1ms, total 3ms
02-03 12:43:00.401 D/dalvikvm(15954): WAIT_FOR_CONCURRENT_GC blocked 2ms
02-03 12:43:00.411 D/dalvikvm(15954): GC_FOR_ALLOC freed 4123K, 48% free 8801K/16616K, paused 3ms, total 3ms
02-03 12:43:00.421 D/dalvikvm(15954): GC_CONCURRENT freed 3852K, 47% free 8968K/16616K, paused 0ms+1ms, total 3ms
02-03 12:43:00.421 D/dalvikvm(15954): WAIT_FOR_CONCURRENT_GC blocked 3ms
02-03 12:43:00.421 D/dalvikvm(15954): GC_CONCURRENT freed 4068K, 46% free 8973K/16616K, paused 1ms+1ms, total 4ms
02-03 12:43:00.421 D/dalvikvm(15954): WAIT_FOR_CONCURRENT_GC blocked 3ms
02-03 12:43:00.431 D/dalvikvm(15954): GC_FOR_ALLOC freed 3868K, 46% free 9060K/16616K, paused 2ms, total 2ms
02-03 12:43:00.431 D/dalvikvm(15954): GC_CONCURRENT freed 4171K, 47% free 8895K/16616K, paused 1ms+1ms, total 4ms
02-03 12:43:00.431 D/dalvikvm(15954): WAIT_FOR_CONCURRENT_GC blocked 3ms
02-03 12:43:00.441 D/dalvikvm(15954): GC_FOR_ALLOC freed 4050K, 47% free 8812K/16616K, paused 3ms, total 3ms
02-03 12:43:00.451 D/dalvikvm(15954): GC_FOR_ALLOC freed 3833K, 47% free 8901K/16616K, paused 3ms, total 3ms
02-03 12:43:00.451 D/dalvikvm(15954): GC_CONCURRENT freed 3964K, 46% free 8992K/16616K, paused 1ms+1ms, total 3ms
02-03 12:43:00.451 D/dalvikvm(15954): WAIT_FOR_CONCURRENT_GC blocked 2ms
02-03 12:43:00.461 D/dalvikvm(15954): GC_CONCURRENT freed 4094K, 47% free 8907K/16616K, paused 1ms+1ms, total 4ms
02-03 12:43:00.461 D/dalvikvm(15954): WAIT_FOR_CONCURRENT_GC blocked 3ms
02-03 12:43:00.461 D/dalvikvm(15954): GC_FOR_ALLOC freed 3779K, 46% free 9090K/16616K, paused 2ms, total 2ms
02-03 12:43:00.471 D/dalvikvm(15954): GC_CONCURRENT freed 4092K, 46% free 9004K/16616K, paused 1ms+1ms, total 4ms
02-03 12:43:00.471 D/dalvikvm(15954): WAIT_FOR_CONCURRENT_GC blocked 3ms
02-03 12:43:00.481 D/dalvikvm(15954): GC_FOR_ALLOC freed 4041K, 47% free 8823K/16616K, paused 3ms, total 3ms
02-03 12:43:00.481 D/dalvikvm(15954): GC_FOR_ALLOC freed 3896K, 47% free 8825K/16616K, paused 3ms, total 3ms
02-03 12:43:00.491 D/dalvikvm(15954): GC_FOR_ALLOC freed 3934K, 47% free 8827K/16616K, paused 3ms, total 3ms
02-03 12:43:00.491 D/dalvikvm(15954): GC_CONCURRENT freed 3782K, 46% free 9018K/16616K, paused 1ms+1ms, total 3ms
02-03 12:43:00.501 D/dalvikvm(15954): WAIT_FOR_CONCURRENT_GC blocked 3ms
02-03 12:43:00.501 D/dalvikvm(15954): GC_CONCURRENT freed 4008K, 46% free 9022K/16616K, paused 1ms+1ms, total 4ms
02-03 12:43:00.501 D/dalvikvm(15954): WAIT_FOR_CONCURRENT_GC blocked 3ms
02-03 12:43:00.511 D/dalvikvm(15954): GC_CONCURRENT freed 4045K, 46% free 9025K/16616K, paused 1ms+1ms, total 4ms
02-03 12:43:00.511 D/dalvikvm(15954): WAIT_FOR_CONCURRENT_GC blocked 3ms
02-03 12:43:00.521 D/dalvikvm(15954): GC_CONCURRENT freed 4083K, 46% free 9029K/16616K, paused 1ms+1ms, total 4ms
02-03 12:43:00.521 D/dalvikvm(15954): WAIT_FOR_CONCURRENT_GC blocked 3ms
02-03 12:43:00.521 D/dalvikvm(15954): GC_FOR_ALLOC freed 3824K, 46% free 9130K/16616K, paused 3ms, total 4ms
02-03 12:43:00.531 D/dalvikvm(15954): GC_FOR_ALLOC freed 4155K, 47% free 8936K/16616K, paused 3ms, total 3ms
02-03 12:43:00.531 W/AudioManagerAndroid(18937): Requires BLUETOOTH permission
02-03 12:43:00.541 D/dalvikvm(15954): GC_FOR_ALLOC freed 3993K, 47% free 8839K/16616K, paused 4ms, total 4ms
02-03 12:43:00.541 I/ufoGralloc(18937): Hello, this is UFO GRALLOC/Intel Corporation
02-03 12:43:00.541 D/dalvikvm(15954): GC_FOR_ALLOC freed 3723K, 45% free 9143K/16616K, paused 3ms, total 3ms
02-03 12:43:00.551 D/        (18937): Pixel Format : GGL_PIXEL_FORMAT_RGBA_8888
02-03 12:43:00.551 D/        (18937): droid_create_context : config id = 1 conf->NativeVisualID=1
02-03 12:43:00.551 D/        (18937): Pixel Format : GGL_PIXEL_FORMAT_RGBA_8888
02-03 12:43:00.551 I/        (18937): Requested context : GLES 2.0
02-03 12:43:00.551 D/dalvikvm(15954): GC_CONCURRENT freed 304K, 43% free 9547K/16616K, paused 1ms+2ms, total 5ms
02-03 12:43:00.561 D/dalvikvm(15954): GC_CONCURRENT freed 4672K, 47% free 8945K/16616K, paused 1ms+1ms, total 4ms
02-03 12:43:00.561 D/dalvikvm(15954): WAIT_FOR_CONCURRENT_GC blocked 3ms
02-03 12:43:00.561 D/dalvikvm(15954): GC_CONCURRENT freed 3898K, 46% free 9050K/16616K, paused 1ms+0ms, total 4ms
02-03 12:43:00.561 D/dalvikvm(15954): WAIT_FOR_CONCURRENT_GC blocked 2ms
02-03 12:43:00.571 D/dalvikvm(15954): GC_FOR_ALLOC freed 4031K, 47% free 8949K/16616K, paused 2ms, total 2ms
02-03 12:43:00.581 D/dalvikvm(15954): GC_CONCURRENT freed 3959K, 46% free 9056K/16616K, paused 0ms+0ms, total 4ms
02-03 12:43:00.581 D/dalvikvm(15954): GC_CONCURRENT freed 4101K, 47% free 8955K/16616K, paused 2ms+1ms, total 4ms
02-03 12:43:00.581 D/dalvikvm(15954): WAIT_FOR_CONCURRENT_GC blocked 2ms
02-03 12:43:00.591 D/dalvikvm(15954): GC_FOR_ALLOC freed 3708K, 45% free 9169K/16616K, paused 3ms, total 3ms
02-03 12:43:00.601 D/dalvikvm(15954): GC_FOR_ALLOC freed 4270K, 47% free 8853K/16616K, paused 4ms, total 4ms
02-03 12:43:00.601 W/chromium(18937): [WARNING:proxy_service.cc(899)] PAC support disabled because there is no system implementation
02-03 12:43:00.601 D/dalvikvm(15954): GC_CONCURRENT freed 3979K, 47% free 8962K/16616K, paused 1ms+1ms, total 4ms
02-03 12:43:00.601 D/dalvikvm(15954): WAIT_FOR_CONCURRENT_GC blocked 3ms
02-03 12:43:00.611 W/dalvikvm(18937): VFY: unable to find class referenced in signature (Landroid/view/inputmethod/CursorAnchorInfo;)
02-03 12:43:00.611 I/dalvikvm(18937): Could not find method android.view.inputmethod.InputMethodManager.updateCursorAnchorInfo, referenced from method org.chromium.content.browser.input.InputMethodManagerWrapper.updateCursorAnchorInfo
02-03 12:43:00.611 W/dalvikvm(18937): VFY: unable to resolve virtual method 1241: Landroid/view/inputmethod/InputMethodManager;.updateCursorAnchorInfo (Landroid/view/View;Landroid/view/inputmethod/CursorAnchorInfo;)V
02-03 12:43:00.611 D/dalvikvm(18937): VFY: replacing opcode 0x6e at 0x000a
02-03 12:43:00.611 D/dalvikvm(15954): GC_CONCURRENT freed 3792K, 45% free 9181K/16616K, paused 1ms+1ms, total 5ms
02-03 12:43:00.621 D/dalvikvm(15954): GC_CONCURRENT freed 4147K, 46% free 9076K/16616K, paused 1ms+1ms, total 4ms
02-03 12:43:00.621 D/dalvikvm(15954): WAIT_FOR_CONCURRENT_GC blocked 3ms
02-03 12:43:00.621 D/dalvikvm(15954): GC_FOR_ALLOC freed 4066K, 47% free 8859K/16616K, paused 4ms, total 4ms
02-03 12:43:00.631 D/dalvikvm(15954): GC_FOR_ALLOC freed 3874K, 47% free 8861K/16616K, paused 3ms, total 3ms
02-03 12:43:00.641 D/dalvikvm(15954): GC_FOR_ALLOC freed 3900K, 47% free 8862K/16616K, paused 3ms, total 4ms
02-03 12:43:00.641 D/dalvikvm(15954): GC_FOR_ALLOC freed 3926K, 47% free 8864K/16616K, paused 3ms, total 3ms
02-03 12:43:00.651 D/dalvikvm(15954): GC_FOR_ALLOC freed 3952K, 47% free 8865K/16616K, paused 3ms, total 3ms
02-03 12:43:00.661 D/dalvikvm(15954): GC_CONCURRENT freed 3751K, 46% free 9094K/16616K, paused 1ms+1ms, total 3ms
02-03 12:43:00.661 D/dalvikvm(15954): WAIT_FOR_CONCURRENT_GC blocked 2ms
02-03 12:43:00.661 D/dalvikvm(15954): GC_CONCURRENT freed 4003K, 46% free 9097K/16616K, paused 1ms+1ms, total 4ms
02-03 12:43:00.661 D/dalvikvm(15954): WAIT_FOR_CONCURRENT_GC blocked 3ms
02-03 12:43:00.671 E/cutils  (  163): Failed to mkdirat(/Removable/MicroSD): Read-only file system
02-03 12:43:00.671 W/ContextImpl(18937): Failed to ensure directory: /Removable/MicroSD/Android/data/org.xwalk.webapi_noneservice_tests/cache
02-03 12:43:00.671 W/XWalkExtensionManager(18937): Failed to read extensions-config.json
02-03 12:43:00.671 E/chromium(18937): [ERROR:unix_domain_server_socket_posix.cc(106)] Not implemented reached in virtual int net::UnixDomainServerSocket::GetLocalAddress(net::IPEndPoint*) const
02-03 12:43:00.671 I/dalvikvm(18937): Could not find method android.app.Activity.finishAndRemoveTask, referenced from method org.chromium.base.ApiCompatibilityUtils.finishAndRemoveTask
02-03 12:43:00.671 W/dalvikvm(18937): VFY: unable to resolve virtual method 4: Landroid/app/Activity;.finishAndRemoveTask ()V
02-03 12:43:00.671 D/dalvikvm(18937): VFY: replacing opcode 0x6e at 0x0006
02-03 12:43:00.671 I/dalvikvm(18937): Could not find method android.os.PowerManager.isInteractive, referenced from method org.chromium.base.ApiCompatibilityUtils.isInteractive
02-03 12:43:00.671 W/dalvikvm(18937): VFY: unable to resolve virtual method 768: Landroid/os/PowerManager;.isInteractive ()Z
02-03 12:43:00.671 D/dalvikvm(18937): VFY: replacing opcode 0x6e at 0x000e
02-03 12:43:00.671 I/dalvikvm(18937): Could not find method android.view.Window.getNavigationBarColor, referenced from method org.chromium.base.ApiCompatibilityUtils.setStatusBarColor
02-03 12:43:00.671 W/dalvikvm(18937): VFY: unable to resolve virtual method 1144: Landroid/view/Window;.getNavigationBarColor ()I
02-03 12:43:00.671 D/dalvikvm(18937): VFY: replacing opcode 0x6e at 0x0010
02-03 12:43:00.671 I/dalvikvm(18937): Could not find method android.view.Window.setStatusBarColor, referenced from method org.chromium.base.ApiCompatibilityUtils.setStatusBarColor
02-03 12:43:00.671 W/dalvikvm(18937): VFY: unable to resolve virtual method 1149: Landroid/view/Window;.setStatusBarColor (I)V
02-03 12:43:00.671 D/dalvikvm(18937): VFY: replacing opcode 0x6e at 0x0019
02-03 12:43:00.671 E/dalvikvm(18937): Could not find class 'android.app.ActivityManager$TaskDescription', referenced from method org.chromium.base.ApiCompatibilityUtils.setTaskDescription
02-03 12:43:00.671 W/dalvikvm(18937): VFY: unable to resolve new-instance 11 (Landroid/app/ActivityManager$TaskDescription;) in Lorg/chromium/base/ApiCompatibilityUtils;
02-03 12:43:00.671 D/dalvikvm(18937): VFY: replacing opcode 0x22 at 0x0006
02-03 12:43:00.671 D/dalvikvm(18937): DexOpt: unable to opt direct call 0x001e at 0x08 in Lorg/chromium/base/ApiCompatibilityUtils;.setTaskDescription
02-03 12:43:00.671 W/Vold    (  163): Returning OperationFailed - no handler for errno 30
02-03 12:43:00.681 D/dalvikvm(15954): GC_CONCURRENT freed 4029K, 46% free 9100K/16616K, paused 0ms+1ms, total 4ms
02-03 12:43:00.681 D/dalvikvm(15954): WAIT_FOR_CONCURRENT_GC blocked 3ms
02-03 12:43:00.691 D/dalvikvm(15954): GC_CONCURRENT freed 4055K, 46% free 9103K/16616K, paused 1ms+1ms, total 4ms
02-03 12:43:00.691 D/dalvikvm(15954): WAIT_FOR_CONCURRENT_GC blocked 3ms
02-03 12:43:00.691 D/dalvikvm(15954): GC_CONCURRENT freed 4084K, 46% free 9107K/16616K, paused 1ms+1ms, total 3ms
02-03 12:43:00.691 D/dalvikvm(15954): WAIT_FOR_CONCURRENT_GC blocked 2ms
02-03 12:43:00.701 D/dalvikvm(15954): GC_FOR_ALLOC freed 3759K, 45% free 9227K/16616K, paused 4ms, total 4ms
02-03 12:43:00.701 D/dalvikvm(15954): GC_FOR_ALLOC freed 4140K, 46% free 8994K/16616K, paused 3ms, total 3ms
02-03 12:43:00.711 D/dalvikvm(15954): GC_FOR_ALLOC freed 3931K, 47% free 8878K/16616K, paused 3ms, total 3ms
02-03 12:43:00.721 D/dalvikvm(15954): GC_FOR_ALLOC freed 3596K, 45% free 9239K/16616K, paused 2ms, total 2ms
02-03 12:43:00.721 D/dalvikvm(15954): GC_CONCURRENT freed 4222K, 46% free 9001K/16616K, paused 1ms+1ms, total 4ms
02-03 12:43:00.721 D/dalvikvm(15954): WAIT_FOR_CONCURRENT_GC blocked 3ms
02-03 12:43:00.721 I/chromium(18937): [INFO:xwalk_extension_renderer_controller.cc(47)] EXTENSION PROCESS DISABLED.
02-03 12:43:00.731 D/dalvikvm(15954): GC_FOR_ALLOC freed 4009K, 47% free 8882K/16616K, paused 3ms, total 3ms
02-03 12:43:00.741 D/dalvikvm(15954): GC_CONCURRENT freed 3666K, 45% free 9250K/16616K, paused 1ms+0ms, total 5ms
02-03 12:43:00.741 D/dalvikvm(15954): WAIT_FOR_CONCURRENT_GC blocked 4ms
02-03 12:43:00.741 D/dalvikvm(15954): GC_CONCURRENT freed 4305K, 46% free 9008K/16616K, paused 1ms+1ms, total 4ms
02-03 12:43:00.751 D/dalvikvm(15954): WAIT_FOR_CONCURRENT_GC blocked 3ms
02-03 12:43:00.751 D/dalvikvm(15954): GC_FOR_ALLOC freed 4087K, 47% free 8887K/16616K, paused 3ms, total 3ms
02-03 12:43:00.761 D/dalvikvm(15954): GC_FOR_ALLOC freed 3737K, 46% free 9013K/16616K, paused 3ms, total 3ms
02-03 12:43:00.761 D/        (18937): droid_create_context : config id = 5 conf->NativeVisualID=1
02-03 12:43:00.761 D/        (18937): Pixel Format : GGL_PIXEL_FORMAT_RGBA_8888
02-03 12:43:00.761 I/        (18937): Requested context : GLES 2.0
02-03 12:43:00.761 D/dalvikvm(15954): GC_FOR_ALLOC freed 4136K, 47% free 8890K/16616K, paused 3ms, total 3ms
02-03 12:43:00.771 D/        (18937): Pixel Format : GGL_PIXEL_FORMAT_RGBA_8888
02-03 12:43:00.771 D/dalvikvm(15954): GC_CONCURRENT freed 250K, 46% free 9016K/16616K, paused 2ms+2ms, total 6ms
02-03 12:43:00.771 D/OpenGLRenderer(18937): Enabling debug mode 0
02-03 12:43:00.781 D/dalvikvm(15954): GC_FOR_ALLOC freed 4164K, 47% free 8892K/16616K, paused 3ms, total 3ms
02-03 12:43:00.791 D/dalvikvm(15954): GC_CONCURRENT freed 2538K, 41% free 9906K/16616K, paused 1ms+1ms, total 5ms
02-03 12:43:00.791 D/dalvikvm(15954): GC_FOR_ALLOC freed 3948K, 45% free 9276K/16616K, paused 3ms, total 3ms
02-03 12:43:00.801 D/dalvikvm(15954): GC_FOR_ALLOC freed 4230K, 47% free 8896K/16616K, paused 3ms, total 3ms
02-03 12:43:00.801 D/dalvikvm(15954): GC_CONCURRENT freed 3867K, 46% free 9026K/16616K, paused 1ms+1ms, total 4ms
02-03 12:43:00.801 D/dalvikvm(15954): WAIT_FOR_CONCURRENT_GC blocked 3ms
02-03 12:43:00.811 D/dalvikvm(15954): GC_FOR_ALLOC freed 3629K, 45% free 9287K/16616K, paused 3ms, total 3ms
02-03 12:43:00.821 D/dalvikvm(15954): GC_FOR_ALLOC freed 3647K, 45% free 9290K/16616K, paused 4ms, total 5ms
02-03 12:43:00.831 D/dalvikvm(15954): GC_FOR_ALLOC freed 4323K, 47% free 8901K/16616K, paused 5ms, total 5ms
02-03 12:43:00.831 D/dalvikvm(15954): GC_CONCURRENT freed 3951K, 46% free 9035K/16616K, paused 1ms+1ms, total 4ms
02-03 12:43:00.831 D/dalvikvm(15954): WAIT_FOR_CONCURRENT_GC blocked 3ms
02-03 12:43:00.841 D/dalvikvm(15954): GC_CONCURRENT freed 3708K, 45% free 9301K/16616K, paused 1ms+1ms, total 4ms
02-03 12:43:00.841 D/dalvikvm(15954): WAIT_FOR_CONCURRENT_GC blocked 3ms
02-03 12:43:00.851 D/dalvikvm(15954): GC_CONCURRENT freed 4126K, 43% free 9574K/16616K, paused 1ms+1ms, total 4ms
02-03 12:43:00.861 D/dalvikvm(15954): GC_FOR_ALLOC freed 4286K, 46% free 9041K/16616K, paused 3ms, total 4ms
02-03 12:43:00.871 D/dalvikvm(15954): GC_CONCURRENT freed 3769K, 44% free 9312K/16616K, paused 0ms+1ms, total 7ms
02-03 12:43:00.871 D/dalvikvm(15954): WAIT_FOR_CONCURRENT_GC blocked 6ms
02-03 12:43:00.881 D/XT9IME  (14763): new subtype :en_US ,keyboard
02-03 12:43:00.881 I/ActivityManager(14542): Displayed org.xwalk.webapi_noneservice_tests/.WebapiNoneserviceTestsActivity: +1s113ms
02-03 12:43:00.881 D/BatteryStatsImpl(14542): noteStopWakeLocked system isFromForeground = false
02-03 12:43:00.891 D/dalvikvm(15954): GC_CONCURRENT freed 4197K, 45% free 9181K/16616K, paused 2ms+2ms, total 11ms
02-03 12:43:00.891 D/dalvikvm(15954): WAIT_FOR_CONCURRENT_GC blocked 9ms
02-03 12:43:00.891 D/dalvikvm(15954): GC_FOR_ALLOC freed 4082K, 47% free 8912K/16616K, paused 3ms, total 3ms
02-03 12:43:00.901 D/dalvikvm(15954): GC_FOR_ALLOC freed 3830K, 47% free 8913K/16616K, paused 3ms, total 3ms
02-03 12:43:00.901 D/        (18937): Pixel Format : GGL_PIXEL_FORMAT_RGBA_8888
02-03 12:43:00.901 D/        (18937): droid_create_context : config id = 1 conf->NativeVisualID=1
02-03 12:43:00.901 D/        (18937): Pixel Format : GGL_PIXEL_FORMAT_RGBA_8888
02-03 12:43:00.901 I/        (18937): Requested context : GLES 2.0
02-03 12:43:00.911 D/dalvikvm(15954): GC_FOR_ALLOC freed 3849K, 47% free 8914K/16616K, paused 3ms, total 3ms
02-03 12:43:00.911 D/        (18937): Swap interval set to = 1 value
02-03 12:43:00.911 D/dalvikvm(15954): GC_FOR_ALLOC freed 3867K, 47% free 8916K/16616K, paused 4ms, total 4ms
02-03 12:43:00.921 D/dalvikvm(15954): GC_FOR_ALLOC freed 3886K, 47% free 8917K/16616K, paused 3ms, total 3ms
02-03 12:43:00.931 D/dalvikvm(15954): GC_FOR_ALLOC freed 3905K, 47% free 8918K/16616K, paused 4ms, total 4ms
02-03 12:43:00.931 D/dalvikvm(15954): GC_FOR_ALLOC freed 3924K, 47% free 8920K/16616K, paused 3ms, total 3ms
02-03 12:43:00.941 D/dalvikvm(15954): GC_FOR_ALLOC freed 3943K, 47% free 8921K/16616K, paused 3ms, total 3ms
02-03 12:43:00.951 D/dalvikvm(15954): GC_FOR_ALLOC freed 3961K, 47% free 8922K/16616K, paused 3ms, total 4ms
02-03 12:43:00.961 D/dalvikvm(15954): GC_CONCURRENT freed 3696K, 45% free 9208K/16616K, paused 1ms+1ms, total 4ms
02-03 12:43:00.961 D/dalvikvm(15954): WAIT_FOR_CONCURRENT_GC blocked 2ms
02-03 12:43:00.981 D/dalvikvm(15954): GC_CONCURRENT freed 3996K, 45% free 9210K/16616K, paused 3ms+9ms, total 16ms
02-03 12:43:00.991 D/dalvikvm(15954): GC_CONCURRENT freed 4019K, 45% free 9213K/16616K, paused 1ms+1ms, total 4ms
02-03 12:43:00.991 D/dalvikvm(15954): WAIT_FOR_CONCURRENT_GC blocked 1ms
02-03 12:43:01.001 D/dalvikvm(15954): GC_FOR_ALLOC freed 4324K, 47% free 8928K/16616K, paused 5ms, total 5ms
02-03 12:43:01.001 D/        (18937): Pixel Format : GGL_PIXEL_FORMAT_RGBA_8888
02-03 12:43:01.001 D/        (18937): droid_create_context : config id = 1 conf->NativeVisualID=1
02-03 12:43:01.001 D/        (18937): Pixel Format : GGL_PIXEL_FORMAT_RGBA_8888
02-03 12:43:01.001 I/        (18937): Requested context : GLES 2.0
02-03 12:43:01.001 D/dalvikvm(15954): GC_CONCURRENT freed 868K, 43% free 9505K/16616K, paused 1ms+1ms, total 5ms
02-03 12:43:01.011 W/BindingManager(18937): Cannot call determinedVisibility() - never saw a connection for the pid: 18937
02-03 12:43:01.021 D/dalvikvm(15954): GC_CONCURRENT freed 4495K, 46% free 9074K/16616K, paused 1ms+1ms, total 3ms
02-03 12:43:01.021 D/dalvikvm(15954): WAIT_FOR_CONCURRENT_GC blocked 2ms
02-03 12:43:01.031 D/dalvikvm(15954): GC_FOR_ALLOC freed 4081K, 46% free 9076K/16616K, paused 7ms, total 7ms
02-03 12:43:01.041 D/dalvikvm(15954): GC_CONCURRENT freed 294K, 38% free 10390K/16616K, paused 1ms+1ms, total 6ms
02-03 12:43:01.041 D/dalvikvm(15954): GC_FOR_ALLOC freed 4539K, 47% free 8932K/16616K, paused 3ms, total 3ms
02-03 12:43:01.051 D/dalvikvm(15954): GC_FOR_ALLOC freed 3384K, 44% free 9375K/16616K, paused 4ms, total 5ms
02-03 12:43:01.051 D/dalvikvm(15954): GC_FOR_ALLOC freed 4137K, 46% free 9082K/16616K, paused 3ms, total 3ms
02-03 12:43:01.061 D/dalvikvm(15954): GC_FOR_ALLOC freed 3858K, 47% free 8936K/16616K, paused 3ms, total 3ms
02-03 12:43:01.071 D/dalvikvm(15954): GC_FOR_ALLOC freed 3426K, 44% free 9384K/16616K, paused 3ms, total 3ms
02-03 12:43:01.071 D/dalvikvm(15954): GC_FOR_ALLOC freed 3889K, 47% free 8938K/16616K, paused 3ms, total 3ms
02-03 12:43:01.081 D/dalvikvm(15954): GC_FOR_ALLOC freed 3453K, 44% free 9390K/16616K, paused 3ms, total 3ms
02-03 12:43:01.091 D/dalvikvm(15954): GC_FOR_ALLOC freed 3920K, 47% free 8941K/16616K, paused 3ms, total 3ms
02-03 12:43:01.091 D/dalvikvm(15954): GC_FOR_ALLOC freed 3480K, 44% free 9395K/16616K, paused 2ms, total 3ms
02-03 12:43:01.101 D/dalvikvm(15954): GC_FOR_ALLOC freed 3950K, 47% free 8943K/16616K, paused 3ms, total 3ms
02-03 12:43:01.111 D/dalvikvm(15954): GC_FOR_ALLOC freed 3507K, 44% free 9401K/16616K, paused 3ms, total 3ms
02-03 12:43:01.111 D/dalvikvm(15954): GC_FOR_ALLOC freed 3981K, 47% free 8946K/16616K, paused 3ms, total 3ms
02-03 12:43:01.121 D/dalvikvm(15954): GC_CONCURRENT freed 3534K, 44% free 9407K/16616K, paused 1ms+1ms, total 4ms
02-03 12:43:01.121 D/dalvikvm(15954): WAIT_FOR_CONCURRENT_GC blocked 3ms
02-03 12:43:01.121 D/dalvikvm(15954): GC_FOR_ALLOC freed 4011K, 47% free 8948K/16616K, paused 3ms, total 3ms
02-03 12:43:01.131 D/dalvikvm(15954): GC_CONCURRENT freed 3561K, 44% free 9413K/16616K, paused 1ms+0ms, total 4ms
02-03 12:43:01.131 D/dalvikvm(15954): WAIT_FOR_CONCURRENT_GC blocked 3ms
02-03 12:43:01.141 D/dalvikvm(15954): GC_FOR_ALLOC freed 4042K, 47% free 8950K/16616K, paused 3ms, total 3ms
02-03 12:43:01.141 D/dalvikvm(15954): GC_CONCURRENT freed 3588K, 44% free 9419K/16616K, paused 1ms+1ms, total 4ms
02-03 12:43:01.141 D/dalvikvm(15954): WAIT_FOR_CONCURRENT_GC blocked 3ms
02-03 12:43:01.151 D/dalvikvm(15954): GC_FOR_ALLOC freed 4072K, 47% free 8953K/16616K, paused 2ms, total 2ms
02-03 12:43:01.151 D/dalvikvm(15954): GC_CONCURRENT freed 3615K, 44% free 9425K/16616K, paused 1ms+1ms, total 3ms
02-03 12:43:01.151 D/dalvikvm(15954): WAIT_FOR_CONCURRENT_GC blocked 3ms
02-03 12:43:01.161 D/dalvikvm(15954): GC_FOR_ALLOC freed 4103K, 47% free 8955K/16616K, paused 3ms, total 3ms
02-03 12:43:01.161 D/dalvikvm(15954): GC_FOR_ALLOC freed 3643K, 46% free 9114K/16616K, paused 3ms, total 3ms
02-03 12:43:01.171 D/dalvikvm(15954): GC_CONCURRENT freed 3816K, 45% free 9275K/16616K, paused 1ms+1ms, total 3ms
02-03 12:43:01.171 D/dalvikvm(15954): WAIT_FOR_CONCURRENT_GC blocked 3ms
02-03 12:43:01.181 D/dalvikvm(15954): GC_FOR_ALLOC freed 3988K, 46% free 9117K/16616K, paused 3ms, total 3ms
02-03 12:43:01.181 D/dalvikvm(15954): GC_FOR_ALLOC freed 3363K, 44% free 9440K/16616K, paused 2ms, total 2ms
02-03 12:43:01.191 D/dalvikvm(15954): GC_FOR_ALLOC freed 3374K, 44% free 9442K/16616K, paused 3ms, total 3ms
02-03 12:43:01.191 D/dalvikvm(15954): GC_FOR_ALLOC freed 4192K, 47% free 8962K/16616K, paused 3ms, total 3ms
02-03 12:43:01.201 D/dalvikvm(15954): GC_FOR_ALLOC freed 3722K, 46% free 9124K/16616K, paused 3ms, total 3ms
02-03 12:43:01.201 D/dalvikvm(15954): GC_FOR_ALLOC freed 3410K, 44% free 9451K/16616K, paused 2ms, total 2ms
02-03 12:43:01.211 D/dalvikvm(15954): GC_FOR_ALLOC freed 3421K, 44% free 9453K/16616K, paused 2ms, total 2ms
02-03 12:43:01.211 D/dalvikvm(15954): GC_FOR_ALLOC freed 4252K, 47% free 8966K/16616K, paused 3ms, total 3ms
02-03 12:43:01.221 D/dalvikvm(15954): GC_FOR_ALLOC freed 3776K, 46% free 9131K/16616K, paused 4ms, total 4ms
02-03 12:43:01.231 D/dalvikvm(15954): GC_FOR_ALLOC freed 3460K, 44% free 9463K/16616K, paused 3ms, total 3ms
02-03 12:43:01.231 D/dalvikvm(15954): GC_FOR_ALLOC freed 3471K, 44% free 9465K/16616K, paused 3ms, total 3ms
02-03 12:43:01.241 D/dalvikvm(15954): GC_FOR_ALLOC freed 4311K, 47% free 8971K/16616K, paused 3ms, total 3ms
02-03 12:43:01.241 D/dalvikvm(15954): GC_CONCURRENT freed 3825K, 46% free 9138K/16616K, paused 0ms+1ms, total 3ms
02-03 12:43:01.241 D/dalvikvm(15954): WAIT_FOR_CONCURRENT_GC blocked 3ms
02-03 12:43:01.251 D/dalvikvm(15954): GC_FOR_ALLOC freed 3503K, 43% free 9473K/16616K, paused 3ms, total 3ms
02-03 12:43:01.251 D/dalvikvm(15954): GC_FOR_ALLOC freed 3512K, 43% free 9475K/16616K, paused 2ms, total 3ms
02-03 12:43:01.261 D/dalvikvm(15954): GC_FOR_ALLOC freed 4362K, 46% free 8975K/16616K, paused 3ms, total 3ms
02-03 12:43:01.271 D/dalvikvm(15954): GC_CONCURRENT freed 3870K, 45% free 9144K/16616K, paused 0ms+1ms, total 3ms
02-03 12:43:01.271 D/dalvikvm(15954): WAIT_FOR_CONCURRENT_GC blocked 3ms
02-03 12:43:01.271 D/dalvikvm(15954): GC_FOR_ALLOC freed 3928K, 45% free 9146K/16616K, paused 3ms, total 3ms
02-03 12:43:01.281 D/dalvikvm(15954): GC_FOR_ALLOC freed 3913K, 46% free 9002K/16616K, paused 3ms, total 3ms
02-03 12:43:01.281 D/dalvikvm(15954): GC_FOR_ALLOC freed 3747K, 46% free 9002K/16616K, paused 3ms, total 3ms
02-03 12:43:01.291 W/System.err(15954): java.lang.ArrayIndexOutOfBoundsException: length=182792; index=-32768
02-03 12:43:01.291 W/System.err(15954): 	at com.googlehelp.service.l.a(Unknown Source)
02-03 12:43:01.291 W/System.err(15954): 	at com.googlehelp.service.l.a(Unknown Source)
02-03 12:43:01.291 W/System.err(15954): 	at com.googlehelp.service.l.a(Unknown Source)
02-03 12:43:01.291 W/System.err(15954): 	at com.googlehelp.service.h.a(Unknown Source)
02-03 12:43:01.291 W/System.err(15954): 	at com.googlehelp.service.h.run(Unknown Source)
02-03 12:43:01.291 W/System.err(15954): 	at java.util.Timer$TimerImpl.run(Timer.java:284)
02-03 12:43:01.351 D/dalvikvm(15954): GC_CONCURRENT freed 4186K, 47% free 8911K/16616K, paused 1ms+1ms, total 6ms
02-03 12:43:01.351 D/dalvikvm(15954): WAIT_FOR_CONCURRENT_GC blocked 6ms
02-03 12:43:01.361 D/dalvikvm(15954): GC_CONCURRENT freed 4071K, 47% free 8928K/16616K, paused 0ms+1ms, total 4ms
02-03 12:43:01.361 D/dalvikvm(15954): WAIT_FOR_CONCURRENT_GC blocked 4ms
02-03 12:43:01.371 D/dalvikvm(15954): GC_CONCURRENT freed 3974K, 46% free 9008K/16616K, paused 1ms+1ms, total 4ms
02-03 12:43:01.371 D/dalvikvm(15954): WAIT_FOR_CONCURRENT_GC blocked 4ms
02-03 12:43:01.381 D/dalvikvm(15954): GC_CONCURRENT freed 4114K, 46% free 8985K/16616K, paused 0ms+1ms, total 4ms
02-03 12:43:01.381 D/dalvikvm(15954): WAIT_FOR_CONCURRENT_GC blocked 4ms
02-03 12:43:01.391 D/dalvikvm(15954): GC_CONCURRENT freed 4019K, 46% free 9048K/16616K, paused 0ms+1ms, total 4ms
02-03 12:43:01.391 D/dalvikvm(15954): WAIT_FOR_CONCURRENT_GC blocked 3ms
02-03 12:43:01.401 D/dalvikvm(15954): GC_CONCURRENT freed 4079K, 46% free 9009K/16616K, paused 1ms+0ms, total 5ms
02-03 12:43:01.401 D/dalvikvm(15954): WAIT_FOR_CONCURRENT_GC blocked 4ms
02-03 12:43:01.411 D/dalvikvm(15954): GC_CONCURRENT freed 4094K, 46% free 8979K/16616K, paused 1ms+0ms, total 5ms
02-03 12:43:01.411 D/dalvikvm(15954): WAIT_FOR_CONCURRENT_GC blocked 4ms
02-03 12:43:01.411 D/dalvikvm(15954): GC_CONCURRENT freed 4065K, 46% free 8979K/16616K, paused 1ms+1ms, total 5ms
02-03 12:43:01.421 D/dalvikvm(15954): GC_CONCURRENT freed 3949K, 46% free 9020K/16616K, paused 1ms+0ms, total 5ms
02-03 12:43:01.421 D/dalvikvm(15954): WAIT_FOR_CONCURRENT_GC blocked 4ms
02-03 12:43:01.431 D/dalvikvm(15954): GC_CONCURRENT freed 4076K, 46% free 9025K/16616K, paused 1ms+1ms, total 5ms
02-03 12:43:01.431 D/dalvikvm(15954): WAIT_FOR_CONCURRENT_GC blocked 4ms
02-03 12:43:01.441 D/dalvikvm(15954): GC_FOR_ALLOC freed 4111K, 47% free 8942K/16616K, paused 4ms, total 4ms
02-03 12:43:01.441 D/dalvikvm(15954): GC_CONCURRENT freed 3891K, 45% free 9143K/16616K, paused 1ms+1ms, total 6ms
02-03 12:43:01.441 D/dalvikvm(15954): WAIT_FOR_CONCURRENT_GC blocked 2ms
02-03 12:43:01.451 D/dalvikvm(15954): GC_CONCURRENT freed 4048K, 46% free 9070K/16616K, paused 1ms+1ms, total 5ms
02-03 12:43:01.451 D/dalvikvm(15954): WAIT_FOR_CONCURRENT_GC blocked 4ms
02-03 12:43:01.461 D/dalvikvm(15954): GC_FOR_ALLOC freed 4135K, 46% free 9024K/16616K, paused 4ms, total 4ms
02-03 12:43:01.461 D/dalvikvm(15954): GC_CONCURRENT freed 3764K, 45% free 9215K/16616K, paused 0ms+1ms, total 5ms
02-03 12:43:01.471 D/dalvikvm(15954): WAIT_FOR_CONCURRENT_GC blocked 2ms
02-03 12:43:01.471 D/dalvikvm(15954): GC_FOR_ALLOC freed 4230K, 46% free 9027K/16616K, paused 4ms, total 4ms
02-03 12:43:01.481 D/dalvikvm(15954): GC_CONCURRENT freed 3661K, 44% free 9385K/16616K, paused 0ms+1ms, total 5ms
02-03 12:43:01.481 D/dalvikvm(15954): WAIT_FOR_CONCURRENT_GC blocked 1ms
02-03 12:43:01.491 D/dalvikvm(15954): GC_CONCURRENT freed 4282K, 46% free 9087K/16616K, paused 1ms+0ms, total 5ms
02-03 12:43:01.491 D/dalvikvm(15954): WAIT_FOR_CONCURRENT_GC blocked 4ms
02-03 12:43:01.491 D/dalvikvm(15954): GC_FOR_ALLOC freed 4096K, 46% free 9033K/16616K, paused 4ms, total 4ms
02-03 12:43:01.501 D/dalvikvm(15954): GC_CONCURRENT freed 3425K, 43% free 9592K/16616K, paused 0ms+0ms, total 6ms
02-03 12:43:01.501 D/dalvikvm(15954): WAIT_FOR_CONCURRENT_GC blocked 2ms
02-03 12:43:01.511 D/dalvikvm(15954): GC_FOR_ALLOC freed 4646K, 46% free 9034K/16616K, paused 4ms, total 4ms
02-03 12:43:01.511 D/dalvikvm(15954): GC_CONCURRENT freed 3484K, 43% free 9595K/16616K, paused 0ms+1ms, total 6ms
02-03 12:43:01.511 D/dalvikvm(15954): WAIT_FOR_CONCURRENT_GC blocked 2ms
02-03 12:43:01.521 D/dalvikvm(15954): GC_FOR_ALLOC freed 4572K, 46% free 9066K/16616K, paused 4ms, total 4ms
02-03 12:43:01.531 D/dalvikvm(15954): GC_CONCURRENT freed 3516K, 43% free 9625K/16616K, paused 1ms+1ms, total 6ms
02-03 12:43:01.531 D/dalvikvm(15954): WAIT_FOR_CONCURRENT_GC blocked 1ms
02-03 12:43:01.531 D/dalvikvm(15954): GC_FOR_ALLOC freed 4465K, 45% free 9195K/16616K, paused 4ms, total 4ms
02-03 12:43:01.541 D/dalvikvm(15954): GC_CONCURRENT freed 3666K, 43% free 9517K/16616K, paused 1ms+1ms, total 6ms
02-03 12:43:01.541 D/dalvikvm(15954): WAIT_FOR_CONCURRENT_GC blocked 2ms
02-03 12:43:01.551 D/dalvikvm(15954): GC_CONCURRENT freed 4380K, 45% free 9138K/16616K, paused 0ms+1ms, total 4ms
02-03 12:43:01.551 D/dalvikvm(15954): WAIT_FOR_CONCURRENT_GC blocked 4ms
02-03 12:43:01.551 D/dalvikvm(15954): GC_FOR_ALLOC freed 4075K, 46% free 9070K/16616K, paused 4ms, total 4ms
02-03 12:43:01.561 D/dalvikvm(15954): GC_CONCURRENT freed 3604K, 43% free 9479K/16616K, paused 1ms+1ms, total 6ms
02-03 12:43:01.561 D/dalvikvm(15954): WAIT_FOR_CONCURRENT_GC blocked 2ms
02-03 12:43:01.571 D/dalvikvm(15954): GC_CONCURRENT freed 4420K, 45% free 9145K/16616K, paused 1ms+1ms, total 5ms
02-03 12:43:01.571 D/dalvikvm(15954): WAIT_FOR_CONCURRENT_GC blocked 4ms
02-03 12:43:01.571 D/dalvikvm(15954): GC_FOR_ALLOC freed 4155K, 46% free 9002K/16616K, paused 4ms, total 4ms
02-03 12:43:01.581 D/dalvikvm(15954): GC_CONCURRENT freed 3497K, 44% free 9467K/16616K, paused 1ms+1ms, total 6ms
02-03 12:43:01.581 D/dalvikvm(15954): WAIT_FOR_CONCURRENT_GC blocked 2ms
02-03 12:43:01.591 D/dalvikvm(15954): GC_FOR_ALLOC freed 4357K, 46% free 9104K/16616K, paused 4ms, total 4ms
02-03 12:43:01.591 D/dalvikvm(15954): GC_CONCURRENT freed 3686K, 44% free 9400K/16616K, paused 1ms+1ms, total 6ms
02-03 12:43:01.591 D/dalvikvm(15954): WAIT_FOR_CONCURRENT_GC blocked 2ms
02-03 12:43:01.601 D/dalvikvm(15954): GC_FOR_ALLOC freed 4260K, 46% free 9103K/16616K, paused 4ms, total 4ms
02-03 12:43:01.611 D/dalvikvm(15954): GC_FOR_ALLOC freed 3789K, 45% free 9257K/16616K, paused 4ms, total 4ms
02-03 12:43:01.611 D/dalvikvm(15954): GC_CONCURRENT freed 4073K, 45% free 9185K/16616K, paused 1ms+1ms, total 4ms
02-03 12:43:01.611 D/dalvikvm(15954): WAIT_FOR_CONCURRENT_GC blocked 3ms
02-03 12:43:01.621 D/dalvikvm(15954): GC_FOR_ALLOC freed 4054K, 46% free 9025K/16616K, paused 5ms, total 5ms
02-03 12:43:01.631 D/dalvikvm(15954): GC_FOR_ALLOC freed 3952K, 46% free 9024K/16616K, paused 4ms, total 4ms
02-03 12:43:01.641 D/dalvikvm(15954): GC_CONCURRENT freed 3837K, 45% free 9190K/16616K, paused 0ms+1ms, total 4ms
02-03 12:43:01.641 D/dalvikvm(15954): WAIT_FOR_CONCURRENT_GC blocked 4ms
02-03 12:43:01.641 D/dalvikvm(15954): GC_CONCURRENT freed 4052K, 45% free 9194K/16616K, paused 1ms+1ms, total 5ms
02-03 12:43:01.641 D/dalvikvm(15954): WAIT_FOR_CONCURRENT_GC blocked 4ms
02-03 12:43:01.651 D/dalvikvm(15954): GC_FOR_ALLOC freed 3858K, 45% free 9278K/16616K, paused 4ms, total 4ms
02-03 12:43:01.661 D/dalvikvm(15954): GC_FOR_ALLOC freed 4160K, 45% free 9141K/16616K, paused 4ms, total 4ms
02-03 12:43:01.661 D/dalvikvm(15954): GC_CONCURRENT freed 3614K, 43% free 9479K/16616K, paused 1ms+1ms, total 6ms
02-03 12:43:01.661 D/dalvikvm(15954): WAIT_FOR_CONCURRENT_GC blocked 1ms
02-03 12:43:01.671 D/dalvikvm(15954): GC_FOR_ALLOC freed 4245K, 44% free 9317K/16616K, paused 4ms, total 4ms
02-03 12:43:01.681 D/dalvikvm(15954): GC_CONCURRENT freed 3521K, 42% free 9664K/16616K, paused 1ms+1ms, total 6ms
02-03 12:43:01.681 D/dalvikvm(15954): WAIT_FOR_CONCURRENT_GC blocked 1ms
02-03 12:43:01.681 D/dalvikvm(15954): GC_FOR_ALLOC freed 4515K, 45% free 9144K/16616K, paused 4ms, total 4ms
02-03 12:43:01.691 D/dalvikvm(15954): GC_CONCURRENT freed 3322K, 42% free 9771K/16616K, paused 1ms+1ms, total 6ms
02-03 12:43:01.691 D/dalvikvm(15954): WAIT_FOR_CONCURRENT_GC blocked 2ms
02-03 12:43:01.701 D/dalvikvm(15954): GC_CONCURRENT freed 4523K, 45% free 9241K/16616K, paused 1ms+1ms, total 5ms
02-03 12:43:01.701 D/dalvikvm(15954): WAIT_FOR_CONCURRENT_GC blocked 4ms
02-03 12:43:01.701 D/dalvikvm(15954): GC_FOR_ALLOC freed 4032K, 46% free 9057K/16616K, paused 4ms, total 4ms
02-03 12:43:01.711 D/dalvikvm(15954): GC_FOR_ALLOC freed 3884K, 46% free 9059K/16616K, paused 3ms, total 3ms
02-03 12:43:01.721 D/dalvikvm(15954): GC_FOR_ALLOC freed 3921K, 46% free 9061K/16616K, paused 4ms, total 4ms
02-03 12:43:01.721 D/dalvikvm(15954): GC_FOR_ALLOC freed 3959K, 46% free 9063K/16616K, paused 4ms, total 4ms
02-03 12:43:01.731 D/dalvikvm(15954): GC_CONCURRENT freed 3806K, 45% free 9255K/16616K, paused 0ms+1ms, total 4ms
02-03 12:43:01.731 D/dalvikvm(15954): WAIT_FOR_CONCURRENT_GC blocked 4ms
02-03 12:43:01.741 D/dalvikvm(15954): GC_CONCURRENT freed 4037K, 45% free 9255K/16616K, paused 1ms+1ms, total 5ms
02-03 12:43:01.741 D/dalvikvm(15954): WAIT_FOR_CONCURRENT_GC blocked 4ms
02-03 12:43:01.751 D/dalvikvm(15954): GC_CONCURRENT freed 4070K, 45% free 9258K/16616K, paused 0ms+1ms, total 4ms
02-03 12:43:01.751 D/dalvikvm(15954): WAIT_FOR_CONCURRENT_GC blocked 4ms
02-03 12:43:01.751 D/dalvikvm(15954): GC_FOR_ALLOC freed 3812K, 44% free 9359K/16616K, paused 5ms, total 5ms
02-03 12:43:01.761 D/dalvikvm(15954): GC_FOR_ALLOC freed 4143K, 45% free 9166K/16616K, paused 4ms, total 4ms
02-03 12:43:01.771 D/dalvikvm(15954): GC_FOR_ALLOC freed 3981K, 46% free 9069K/16616K, paused 5ms, total 5ms
02-03 12:43:01.771 D/dalvikvm(15954): GC_FOR_ALLOC freed 3712K, 44% free 9372K/16616K, paused 4ms, total 4ms
02-03 12:43:01.781 D/dalvikvm(15954): GC_CONCURRENT freed 3546K, 41% free 9877K/16616K, paused 1ms+1ms, total 6ms
02-03 12:43:01.781 D/dalvikvm(15954): WAIT_FOR_CONCURRENT_GC blocked 1ms
02-03 12:43:01.791 D/dalvikvm(15954): GC_CONCURRENT freed 4583K, 45% free 9279K/16616K, paused 1ms+1ms, total 4ms
02-03 12:43:01.791 D/dalvikvm(15954): WAIT_FOR_CONCURRENT_GC blocked 4ms
02-03 12:43:01.791 D/dalvikvm(15954): GC_FOR_ALLOC freed 4012K, 45% free 9179K/16616K, paused 4ms, total 4ms
02-03 12:43:01.801 D/dalvikvm(15954): GC_CONCURRENT freed 3944K, 45% free 9286K/16616K, paused 1ms+1ms, total 5ms
02-03 12:43:01.801 D/dalvikvm(15954): WAIT_FOR_CONCURRENT_GC blocked 4ms
02-03 12:43:01.811 D/dalvikvm(15954): GC_CONCURRENT freed 4080K, 45% free 9184K/16616K, paused 0ms+1ms, total 4ms
02-03 12:43:01.811 D/dalvikvm(15954): WAIT_FOR_CONCURRENT_GC blocked 4ms
02-03 12:43:01.821 D/dalvikvm(15954): GC_FOR_ALLOC freed 3693K, 44% free 9398K/16616K, paused 4ms, total 4ms
02-03 12:43:01.821 D/dalvikvm(15954): GC_FOR_ALLOC freed 4252K, 46% free 9083K/16616K, paused 5ms, total 5ms
02-03 12:43:01.831 D/dalvikvm(15954): GC_FOR_ALLOC freed 3963K, 45% free 9191K/16616K, paused 4ms, total 4ms
02-03 12:43:01.841 D/dalvikvm(15954): GC_CONCURRENT freed 3240K, 41% free 9946K/16616K, paused 1ms+1ms, total 6ms
02-03 12:43:01.841 D/dalvikvm(15954): WAIT_FOR_CONCURRENT_GC blocked 2ms
02-03 12:43:01.841 D/dalvikvm(15954): GC_CONCURRENT freed 4666K, 44% free 9305K/16616K, paused 1ms+1ms, total 4ms
02-03 12:43:01.851 D/dalvikvm(15954): WAIT_FOR_CONCURRENT_GC blocked 4ms
02-03 12:43:01.851 D/dalvikvm(15954): GC_FOR_ALLOC freed 4050K, 46% free 9089K/16616K, paused 4ms, total 4ms
02-03 12:43:01.861 D/dalvikvm(15954): GC_FOR_ALLOC freed 3858K, 46% free 9091K/16616K, paused 4ms, total 4ms
02-03 12:43:01.861 D/dalvikvm(15954): GC_FOR_ALLOC freed 3884K, 46% free 9092K/16616K, paused 4ms, total 4ms
02-03 12:43:01.871 D/dalvikvm(15954): GC_FOR_ALLOC freed 3910K, 46% free 9094K/16616K, paused 4ms, total 4ms
02-03 12:43:01.881 D/dalvikvm(15954): GC_FOR_ALLOC freed 3937K, 46% free 9095K/16616K, paused 4ms, total 4ms
02-03 12:43:01.881 D/dalvikvm(15954): GC_FOR_ALLOC freed 3963K, 46% free 9097K/16616K, paused 3ms, total 3ms
02-03 12:43:01.891 D/dalvikvm(15954): GC_CONCURRENT freed 3761K, 44% free 9326K/16616K, paused 1ms+1ms, total 5ms
02-03 12:43:01.891 D/dalvikvm(15954): WAIT_FOR_CONCURRENT_GC blocked 4ms
02-03 12:43:01.901 D/dalvikvm(15954): GC_CONCURRENT freed 4014K, 44% free 9329K/16616K, paused 0ms+1ms, total 4ms
02-03 12:43:01.901 D/dalvikvm(15954): WAIT_FOR_CONCURRENT_GC blocked 4ms
02-03 12:43:01.911 D/dalvikvm(15954): GC_CONCURRENT freed 4040K, 44% free 9332K/16616K, paused 0ms+1ms, total 4ms
02-03 12:43:01.911 D/dalvikvm(15954): WAIT_FOR_CONCURRENT_GC blocked 4ms
02-03 12:43:01.911 D/dalvikvm(15954): GC_CONCURRENT freed 4067K, 44% free 9335K/16616K, paused 1ms+1ms, total 5ms
02-03 12:43:01.911 D/dalvikvm(15954): WAIT_FOR_CONCURRENT_GC blocked 4ms
02-03 12:43:01.921 D/dalvikvm(15954): GC_FOR_ALLOC freed 3743K, 44% free 9455K/16616K, paused 4ms, total 4ms
02-03 12:43:01.931 D/dalvikvm(15954): GC_FOR_ALLOC freed 4123K, 45% free 9223K/16616K, paused 4ms, total 4ms
02-03 12:43:01.931 D/dalvikvm(15954): GC_FOR_ALLOC freed 3914K, 46% free 9107K/16616K, paused 3ms, total 4ms
02-03 12:43:01.941 D/dalvikvm(15954): GC_FOR_ALLOC freed 3581K, 44% free 9467K/16616K, paused 4ms, total 4ms
02-03 12:43:01.951 D/dalvikvm(15954): GC_FOR_ALLOC freed 4205K, 45% free 9230K/16616K, paused 3ms, total 3ms
02-03 12:43:01.951 D/dalvikvm(15954): GC_CONCURRENT freed 3391K, 42% free 9714K/16616K, paused 0ms+1ms, total 6ms
02-03 12:43:01.951 D/dalvikvm(15954): WAIT_FOR_CONCURRENT_GC blocked 2ms
02-03 12:43:01.961 D/dalvikvm(15954): GC_FOR_ALLOC freed 4252K, 43% free 9479K/16616K, paused 4ms, total 4ms
02-03 12:43:01.971 D/dalvikvm(15954): GC_CONCURRENT freed 3434K, 40% free 10091K/16616K, paused 0ms+1ms, total 6ms
02-03 12:43:01.971 D/dalvikvm(15954): WAIT_FOR_CONCURRENT_GC blocked 2ms
02-03 12:43:01.971 D/dalvikvm(15954): GC_FOR_ALLOC freed 4304K, 43% free 9486K/16616K, paused 4ms, total 4ms
02-03 12:43:01.981 D/dalvikvm(15954): GC_FOR_ALLOC freed 4092K, 46% free 9118K/16616K, paused 4ms, total 4ms
02-03 12:43:01.981 D/dalvikvm(15954): GC_FOR_ALLOC freed 3742K, 45% free 9244K/16616K, paused 4ms, total 4ms
02-03 12:43:01.991 D/dalvikvm(15954): GC_CONCURRENT freed 3891K, 44% free 9372K/16616K, paused 0ms+1ms, total 4ms
02-03 12:43:01.991 D/dalvikvm(15954): WAIT_FOR_CONCURRENT_GC blocked 4ms
02-03 12:43:02.001 D/dalvikvm(15954): GC_FOR_ALLOC freed 4039K, 45% free 9248K/16616K, paused 4ms, total 4ms
02-03 12:43:02.011 D/dalvikvm(15954): GC_CONCURRENT freed 3938K, 44% free 9378K/16616K, paused 0ms+1ms, total 4ms
02-03 12:43:02.011 D/dalvikvm(15954): WAIT_FOR_CONCURRENT_GC blocked 5ms
02-03 12:43:02.011 D/dalvikvm(15954): GC_FOR_ALLOC freed 4087K, 45% free 9253K/16616K, paused 4ms, total 4ms
02-03 12:43:02.021 D/dalvikvm(15954): GC_FOR_ALLOC freed 3596K, 43% free 9512K/16616K, paused 5ms, total 5ms
02-03 12:43:02.031 W/BindingManager(18937): Cannot call determinedVisibility() - never saw a connection for the pid: 18937
02-03 12:43:02.031 D/dalvikvm(15954): GC_FOR_ALLOC freed 4263K, 46% free 9129K/16616K, paused 4ms, total 4ms
02-03 12:43:02.041 D/dalvikvm(15954): GC_FOR_ALLOC freed 3897K, 45% free 9259K/16616K, paused 4ms, total 4ms
02-03 12:43:02.041 D/dalvikvm(15954): GC_CONCURRENT freed 0K, 43% free 9520K/16616K, paused 1ms+1ms, total 5ms
02-03 12:43:02.061 D/dalvikvm(15954): GC_FOR_ALLOC freed 3657K, 43% free 9511K/16616K, paused 15ms, total 15ms
02-03 12:43:02.071 D/dalvikvm(15954): GC_FOR_ALLOC freed 3675K, 43% free 9514K/16616K, paused 4ms, total 5ms
02-03 12:43:02.081 D/dalvikvm(15954): GC_FOR_ALLOC freed 4356K, 46% free 9122K/16616K, paused 4ms, total 4ms
02-03 12:43:02.081 D/dalvikvm(15954): GC_FOR_ALLOC freed 3716K, 46% free 9124K/16616K, paused 4ms, total 4ms
02-03 12:43:02.091 D/dalvikvm(15954): GC_FOR_ALLOC freed 3735K, 46% free 9125K/16616K, paused 4ms, total 4ms
02-03 12:43:02.101 D/dalvikvm(15954): GC_FOR_ALLOC freed 3754K, 46% free 9126K/16616K, paused 5ms, total 5ms
02-03 12:43:02.111 D/dalvikvm(15954): GC_FOR_ALLOC freed 3773K, 46% free 9128K/16616K, paused 4ms, total 5ms
02-03 12:43:02.111 D/dalvikvm(15954): GC_FOR_ALLOC freed 3792K, 46% free 9129K/16616K, paused 4ms, total 4ms
02-03 12:43:02.121 D/dalvikvm(15954): GC_FOR_ALLOC freed 3811K, 46% free 9130K/16616K, paused 6ms, total 6ms
02-03 12:43:02.131 D/dalvikvm(15954): GC_FOR_ALLOC freed 3830K, 46% free 9132K/16616K, paused 4ms, total 5ms
02-03 12:43:02.141 D/dalvikvm(15954): GC_FOR_ALLOC freed 3849K, 46% free 9133K/16616K, paused 5ms, total 5ms
02-03 12:43:02.151 D/dalvikvm(15954): GC_FOR_ALLOC freed 3867K, 46% free 9134K/16616K, paused 5ms, total 5ms
02-03 12:43:02.151 D/dalvikvm(15954): GC_FOR_ALLOC freed 3886K, 46% free 9136K/16616K, paused 4ms, total 4ms
02-03 12:43:02.161 D/dalvikvm(15954): GC_FOR_ALLOC freed 3905K, 46% free 9137K/16616K, paused 4ms, total 4ms
02-03 12:43:02.171 D/dalvikvm(15954): GC_FOR_ALLOC freed 3924K, 45% free 9138K/16616K, paused 4ms, total 4ms
02-03 12:43:02.171 D/dalvikvm(15954): GC_FOR_ALLOC freed 3943K, 45% free 9140K/16616K, paused 4ms, total 4ms
02-03 12:43:02.181 D/dalvikvm(15954): GC_FOR_ALLOC freed 3961K, 45% free 9141K/16616K, paused 4ms, total 4ms
02-03 12:43:02.191 D/dalvikvm(15954): GC_CONCURRENT freed 3696K, 44% free 9427K/16616K, paused 1ms+1ms, total 5ms
02-03 12:43:02.191 D/dalvikvm(15954): WAIT_FOR_CONCURRENT_GC blocked 4ms
02-03 12:43:02.201 D/dalvikvm(15954): GC_CONCURRENT freed 3998K, 44% free 9430K/16616K, paused 1ms+1ms, total 5ms
02-03 12:43:02.201 D/dalvikvm(15954): WAIT_FOR_CONCURRENT_GC blocked 2ms
02-03 12:43:02.201 D/dalvikvm(15954): GC_CONCURRENT freed 4017K, 44% free 9432K/16616K, paused 0ms+1ms, total 5ms
02-03 12:43:02.201 D/dalvikvm(15954): WAIT_FOR_CONCURRENT_GC blocked 4ms
02-03 12:43:02.211 D/dalvikvm(15954): GC_CONCURRENT freed 4035K, 44% free 9435K/16616K, paused 1ms+1ms, total 5ms
02-03 12:43:02.211 D/dalvikvm(15954): WAIT_FOR_CONCURRENT_GC blocked 5ms
02-03 12:43:02.221 D/dalvikvm(15954): GC_CONCURRENT freed 4054K, 44% free 9438K/16616K, paused 0ms+1ms, total 5ms
02-03 12:43:02.221 D/dalvikvm(15954): WAIT_FOR_CONCURRENT_GC blocked 4ms
02-03 12:43:02.231 D/dalvikvm(15954): GC_FOR_ALLOC freed 3635K, 43% free 9585K/16616K, paused 4ms, total 4ms
02-03 12:43:02.231 D/dalvikvm(15954): GC_FOR_ALLOC freed 4090K, 45% free 9296K/16616K, paused 4ms, total 5ms
02-03 12:43:02.241 D/dalvikvm(15954): GC_FOR_ALLOC freed 3815K, 45% free 9152K/16616K, paused 4ms, total 4ms
02-03 12:43:02.251 D/dalvikvm(15954): GC_FOR_ALLOC freed 3388K, 43% free 9594K/16616K, paused 5ms, total 5ms
02-03 12:43:02.251 D/dalvikvm(15954): GC_FOR_ALLOC freed 4142K, 45% free 9301K/16616K, paused 3ms, total 4ms
02-03 12:43:02.271 D/dalvikvm(15954): GC_FOR_ALLOC freed 3863K, 45% free 9155K/16616K, paused 13ms, total 13ms
02-03 12:43:02.281 D/dalvikvm(15954): GC_FOR_ALLOC freed 3430K, 43% free 9603K/16616K, paused 4ms, total 4ms
02-03 12:43:02.281 D/dalvikvm(15954): GC_FOR_ALLOC freed 3893K, 45% free 9158K/16616K, paused 5ms, total 5ms
02-03 12:43:02.291 D/dalvikvm(15954): GC_FOR_ALLOC freed 3457K, 43% free 9609K/16616K, paused 4ms, total 4ms
02-03 12:43:02.301 D/dalvikvm(15954): GC_FOR_ALLOC freed 3924K, 45% free 9160K/16616K, paused 4ms, total 4ms
02-03 12:43:02.301 D/dalvikvm(15954): GC_FOR_ALLOC freed 3484K, 43% free 9615K/16616K, paused 3ms, total 4ms
02-03 12:43:02.311 D/dalvikvm(15954): GC_FOR_ALLOC freed 3955K, 45% free 9162K/16616K, paused 4ms, total 4ms
02-03 12:43:02.321 D/dalvikvm(15954): GC_CONCURRENT freed 3511K, 43% free 9621K/16616K, paused 0ms+1ms, total 5ms
02-03 12:43:02.321 D/dalvikvm(15954): GC_FOR_ALLOC freed 3985K, 45% free 9165K/16616K, paused 4ms, total 4ms
02-03 12:43:02.331 D/dalvikvm(15954): GC_CONCURRENT freed 3538K, 43% free 9627K/16616K, paused 1ms+1ms, total 5ms
02-03 12:43:02.331 D/dalvikvm(15954): WAIT_FOR_CONCURRENT_GC blocked 4ms
02-03 12:43:02.341 D/dalvikvm(15954): GC_FOR_ALLOC freed 4016K, 45% free 9167K/16616K, paused 4ms, total 4ms
02-03 12:43:02.341 D/dalvikvm(15954): GC_FOR_ALLOC freed 3565K, 43% free 9633K/16616K, paused 4ms, total 4ms
02-03 12:43:02.351 D/dalvikvm(15954): GC_CONCURRENT freed 2960K, 39% free 10255K/16616K, paused 0ms+1ms, total 6ms
02-03 12:43:02.351 D/dalvikvm(15954): WAIT_FOR_CONCURRENT_GC blocked 2ms
02-03 12:43:02.361 D/dalvikvm(15954): GC_FOR_ALLOC freed 3583K, 42% free 9638K/16616K, paused 4ms, total 4ms
02-03 12:43:02.361 D/dalvikvm(15954): GC_FOR_ALLOC freed 4072K, 45% free 9171K/16616K, paused 4ms, total 4ms
02-03 12:43:02.371 I/chromium(18937): [INFO:CONSOLE(0)] "Synchronous XMLHttpRequest on the main thread is deprecated because of its detrimental effects to the end user's experience. For more help, check http://xhr.spec.whatwg.org/.", source:  (0)
02-03 12:43:02.371 D/dalvikvm(15954): GC_CONCURRENT freed 3615K, 42% free 9644K/16616K, paused 0ms+1ms, total 4ms
02-03 12:43:02.371 D/dalvikvm(15954): WAIT_FOR_CONCURRENT_GC blocked 3ms
02-03 12:43:02.391 D/dalvikvm(15954): GC_FOR_ALLOC freed 4103K, 45% free 9174K/16616K, paused 4ms, total 4ms
02-03 12:43:02.391 D/dalvikvm(15954): GC_FOR_ALLOC freed 3643K, 44% free 9333K/16616K, paused 4ms, total 4ms
02-03 12:43:02.401 D/dalvikvm(15954): GC_CONCURRENT freed 3816K, 43% free 9494K/16616K, paused 1ms+1ms, total 5ms
02-03 12:43:02.401 D/dalvikvm(15954): WAIT_FOR_CONCURRENT_GC blocked 4ms
02-03 12:43:02.411 D/dalvikvm(15954): GC_FOR_ALLOC freed 3988K, 44% free 9336K/16616K, paused 4ms, total 4ms
02-03 12:43:02.421 D/dalvikvm(15954): GC_FOR_ALLOC freed 3363K, 42% free 9658K/16616K, paused 7ms, total 7ms
02-03 12:43:02.431 D/dalvikvm(15954): GC_FOR_ALLOC freed 3374K, 42% free 9661K/16616K, paused 6ms, total 6ms
02-03 12:43:02.441 D/dalvikvm(15954): GC_FOR_ALLOC freed 4192K, 45% free 9181K/16616K, paused 4ms, total 4ms
02-03 12:43:02.451 D/dalvikvm(15954): GC_FOR_ALLOC freed 3722K, 44% free 9343K/16616K, paused 5ms, total 6ms
02-03 12:43:02.451 D/dalvikvm(15954): GC_FOR_ALLOC freed 3410K, 42% free 9669K/16616K, paused 4ms, total 4ms
02-03 12:43:02.461 D/dalvikvm(15954): GC_FOR_ALLOC freed 3421K, 42% free 9672K/16616K, paused 4ms, total 5ms
02-03 12:43:02.471 D/dalvikvm(15954): GC_FOR_ALLOC freed 4252K, 45% free 9185K/16616K, paused 4ms, total 5ms
02-03 12:43:02.481 D/dalvikvm(15954): GC_FOR_ALLOC freed 3776K, 44% free 9350K/16616K, paused 4ms, total 4ms
02-03 12:43:02.481 D/        (18937): Pixel Format : GGL_PIXEL_FORMAT_RGBA_8888
02-03 12:43:02.481 D/        (18937): droid_create_context : config id = 1 conf->NativeVisualID=1
02-03 12:43:02.481 D/        (18937): Pixel Format : GGL_PIXEL_FORMAT_RGBA_8888
02-03 12:43:02.481 I/        (18937): Requested context : GLES 2.0
02-03 12:43:02.491 D/dalvikvm(15954): GC_FOR_ALLOC freed 3460K, 42% free 9681K/16616K, paused 6ms, total 6ms
02-03 12:43:02.491 D/dalvikvm(15954): GC_FOR_ALLOC freed 3471K, 42% free 9684K/16616K, paused 4ms, total 4ms
02-03 12:43:02.501 D/dalvikvm(15954): GC_FOR_ALLOC freed 4311K, 45% free 9190K/16616K, paused 5ms, total 5ms
02-03 12:43:02.511 D/dalvikvm(15954): GC_CONCURRENT freed 3825K, 44% free 9357K/16616K, paused 1ms+1ms, total 6ms
02-03 12:43:02.511 D/dalvikvm(15954): WAIT_FOR_CONCURRENT_GC blocked 4ms
02-03 12:43:02.521 D/dalvikvm(15954): GC_FOR_ALLOC freed 3503K, 42% free 9691K/16616K, paused 5ms, total 5ms
02-03 12:43:02.531 D/dalvikvm(15954): GC_FOR_ALLOC freed 3512K, 42% free 9694K/16616K, paused 5ms, total 5ms
02-03 12:43:02.541 D/dalvikvm(15954): GC_FOR_ALLOC freed 4362K, 45% free 9194K/16616K, paused 4ms, total 4ms
02-03 12:43:02.551 D/dalvikvm(15954): GC_CONCURRENT freed 3870K, 44% free 9363K/16616K, paused 1ms+1ms, total 5ms
02-03 12:43:02.551 D/dalvikvm(15954): WAIT_FOR_CONCURRENT_GC blocked 4ms
02-03 12:43:02.551 D/dalvikvm(15954): GC_FOR_ALLOC freed 3924K, 44% free 9369K/16616K, paused 3ms, total 4ms
02-03 12:43:02.561 D/dalvikvm(15954): GC_FOR_ALLOC freed 3933K, 45% free 9204K/16616K, paused 4ms, total 4ms
02-03 12:43:02.571 D/dalvikvm(15954): GC_FOR_ALLOC freed 3747K, 45% free 9205K/16616K, paused 4ms, total 4ms
02-03 12:43:02.581 D/dalvikvm(15954): GC_FOR_ALLOC freed 2373K, 36% free 10666K/16616K, paused 4ms, total 4ms
02-03 12:43:02.661 D/dalvikvm(15954): GC_CONCURRENT freed 5820K, 47% free 8936K/16616K, paused 1ms+1ms, total 7ms
02-03 12:43:02.661 D/dalvikvm(15954): WAIT_FOR_CONCURRENT_GC blocked 6ms
02-03 12:43:02.671 D/dalvikvm(15954): GC_FOR_ALLOC freed 4078K, 47% free 8952K/16616K, paused 5ms, total 5ms
02-03 12:43:02.681 D/dalvikvm(15954): GC_CONCURRENT freed 3224K, 45% free 9210K/16616K, paused 1ms+1ms, total 6ms
02-03 12:43:02.691 D/dalvikvm(15954): GC_FOR_ALLOC freed 4242K, 46% free 9035K/16616K, paused 5ms, total 5ms
02-03 12:43:02.691 D/dalvikvm(15954): GC_CONCURRENT freed 3945K, 45% free 9185K/16616K, paused 1ms+1ms, total 6ms
02-03 12:43:02.691 D/dalvikvm(15954): WAIT_FOR_CONCURRENT_GC blocked 2ms
02-03 12:43:02.701 D/dalvikvm(15954): GC_CONCURRENT freed 4204K, 46% free 9034K/16616K, paused 1ms+1ms, total 5ms
02-03 12:43:02.701 D/dalvikvm(15954): WAIT_FOR_CONCURRENT_GC blocked 5ms
02-03 12:43:02.711 D/dalvikvm(15954): GC_FOR_ALLOC freed 4067K, 47% free 8972K/16616K, paused 4ms, total 4ms
02-03 12:43:02.721 D/dalvikvm(15954): GC_CONCURRENT freed 3819K, 45% free 9204K/16616K, paused 1ms+1ms, total 7ms
02-03 12:43:02.721 D/dalvikvm(15954): WAIT_FOR_CONCURRENT_GC blocked 2ms
02-03 12:43:02.721 D/dalvikvm(15954): GC_FOR_ALLOC freed 4218K, 46% free 9034K/16616K, paused 4ms, total 4ms
02-03 12:43:02.731 D/dalvikvm(15954): GC_CONCURRENT freed 3938K, 46% free 9081K/16616K, paused 1ms+1ms, total 6ms
02-03 12:43:02.731 D/dalvikvm(15954): WAIT_FOR_CONCURRENT_GC blocked 5ms
02-03 12:43:02.741 D/dalvikvm(15954): GC_FOR_ALLOC freed 4127K, 46% free 8998K/16616K, paused 4ms, total 4ms
02-03 12:43:02.751 D/dalvikvm(15954): GC_CONCURRENT freed 3905K, 45% free 9168K/16616K, paused 1ms+1ms, total 7ms
02-03 12:43:02.751 D/dalvikvm(15954): WAIT_FOR_CONCURRENT_GC blocked 2ms
02-03 12:43:02.761 D/dalvikvm(15954): GC_CONCURRENT freed 4061K, 46% free 9094K/16616K, paused 0ms+0ms, total 5ms
02-03 12:43:02.761 D/dalvikvm(15954): WAIT_FOR_CONCURRENT_GC blocked 5ms
02-03 12:43:02.761 D/dalvikvm(15954): GC_FOR_ALLOC freed 4052K, 46% free 9001K/16616K, paused 4ms, total 4ms
02-03 12:43:02.771 D/dalvikvm(15954): GC_FOR_ALLOC freed 3862K, 45% free 9149K/16616K, paused 4ms, total 4ms
02-03 12:43:02.781 D/dalvikvm(15954): GC_CONCURRENT freed 3803K, 44% free 9378K/16616K, paused 1ms+1ms, total 7ms
02-03 12:43:02.781 D/dalvikvm(15954): WAIT_FOR_CONCURRENT_GC blocked 2ms
02-03 12:43:02.791 D/dalvikvm(15954): GC_CONCURRENT freed 4264K, 45% free 9141K/16616K, paused 0ms+1ms, total 5ms
02-03 12:43:02.791 D/dalvikvm(15954): WAIT_FOR_CONCURRENT_GC blocked 5ms
02-03 12:43:02.791 D/dalvikvm(15954): GC_FOR_ALLOC freed 3986K, 45% free 9197K/16616K, paused 4ms, total 4ms
02-03 12:43:02.801 D/dalvikvm(15954): GC_CONCURRENT freed 3779K, 44% free 9415K/16616K, paused 1ms+1ms, total 6ms
02-03 12:43:02.801 D/dalvikvm(15954): WAIT_FOR_CONCURRENT_GC blocked 2ms
02-03 12:43:02.811 D/dalvikvm(15954): GC_CONCURRENT freed 4257K, 45% free 9148K/16616K, paused 1ms+1ms, total 5ms
02-03 12:43:02.811 D/dalvikvm(15954): WAIT_FOR_CONCURRENT_GC blocked 5ms
02-03 12:43:02.821 D/dalvikvm(15954): GC_CONCURRENT freed 3916K, 44% free 9326K/16616K, paused 1ms+1ms, total 6ms
02-03 12:43:02.821 D/dalvikvm(15954): WAIT_FOR_CONCURRENT_GC blocked 5ms
02-03 12:43:02.821 D/dalvikvm(15954): GC_CONCURRENT freed 4190K, 45% free 9211K/16616K, paused 1ms+1ms, total 5ms
02-03 12:43:02.821 D/dalvikvm(15954): WAIT_FOR_CONCURRENT_GC blocked 4ms
02-03 12:43:02.831 D/dalvikvm(15954): GC_CONCURRENT freed 4046K, 45% free 9157K/16616K, paused 1ms+1ms, total 6ms
02-03 12:43:02.831 D/dalvikvm(15954): WAIT_FOR_CONCURRENT_GC blocked 5ms
02-03 12:43:02.841 D/dalvikvm(15954): GC_FOR_ALLOC freed 4078K, 46% free 9032K/16616K, paused 5ms, total 5ms
02-03 12:43:02.851 D/dalvikvm(15954): GC_CONCURRENT freed 4039K, 46% free 9031K/16616K, paused 0ms+1ms, total 5ms
02-03 12:43:02.851 D/dalvikvm(15954): WAIT_FOR_CONCURRENT_GC blocked 5ms
02-03 12:43:02.861 D/dalvikvm(15954): GC_FOR_ALLOC freed 3794K, 45% free 9258K/16616K, paused 5ms, total 5ms
02-03 12:43:02.861 D/dalvikvm(15954): GC_CONCURRENT freed 3742K, 43% free 9587K/16616K, paused 1ms+1ms, total 6ms
02-03 12:43:02.861 D/dalvikvm(15954): WAIT_FOR_CONCURRENT_GC blocked 2ms
02-03 12:43:02.871 D/dalvikvm(15954): GC_CONCURRENT freed 4473K, 45% free 9195K/16616K, paused 1ms+1ms, total 5ms
02-03 12:43:02.871 D/dalvikvm(15954): WAIT_FOR_CONCURRENT_GC blocked 5ms
02-03 12:43:02.881 D/dalvikvm(15954): GC_FOR_ALLOC freed 4155K, 46% free 9126K/16616K, paused 4ms, total 4ms
02-03 12:43:02.881 D/dalvikvm(15954): GC_CONCURRENT freed 3601K, 43% free 9615K/16616K, paused 1ms+1ms, total 6ms
02-03 12:43:02.881 D/dalvikvm(15954): WAIT_FOR_CONCURRENT_GC blocked 3ms
02-03 12:43:02.891 D/dalvikvm(15954): GC_FOR_ALLOC freed 4363K, 45% free 9269K/16616K, paused 5ms, total 5ms
02-03 12:43:02.901 D/dalvikvm(15954): GC_CONCURRENT freed 3579K, 42% free 9775K/16616K, paused 1ms+1ms, total 6ms
02-03 12:43:02.901 D/dalvikvm(15954): WAIT_FOR_CONCURRENT_GC blocked 2ms
02-03 12:43:02.911 D/dalvikvm(15954): GC_CONCURRENT freed 4653K, 46% free 9125K/16616K, paused 1ms+1ms, total 5ms
02-03 12:43:02.911 D/dalvikvm(15954): WAIT_FOR_CONCURRENT_GC blocked 4ms
02-03 12:43:02.911 D/dalvikvm(15954): GC_CONCURRENT freed 3910K, 45% free 9236K/16616K, paused 1ms+1ms, total 5ms
02-03 12:43:02.911 D/dalvikvm(15954): WAIT_FOR_CONCURRENT_GC blocked 4ms
02-03 12:43:02.921 D/dalvikvm(15954): GC_CONCURRENT freed 4047K, 45% free 9160K/16616K, paused 0ms+1ms, total 5ms
02-03 12:43:02.921 D/dalvikvm(15954): WAIT_FOR_CONCURRENT_GC blocked 5ms
02-03 12:43:02.931 D/dalvikvm(15954): GC_FOR_ALLOC freed 3796K, 44% free 9314K/16616K, paused 5ms, total 5ms
02-03 12:43:02.941 D/dalvikvm(15954): GC_CONCURRENT freed 4081K, 45% free 9241K/16616K, paused 0ms+1ms, total 5ms
02-03 12:43:02.941 D/dalvikvm(15954): WAIT_FOR_CONCURRENT_GC blocked 5ms
02-03 12:43:02.951 D/dalvikvm(15954): GC_FOR_ALLOC freed 4062K, 46% free 9082K/16616K, paused 5ms, total 5ms
02-03 12:43:02.951 D/dalvikvm(15954): GC_FOR_ALLOC freed 3960K, 46% free 9080K/16616K, paused 5ms, total 5ms
02-03 12:43:02.961 D/dalvikvm(15954): GC_CONCURRENT freed 3845K, 45% free 9246K/16616K, paused 1ms+1ms, total 6ms
02-03 12:43:02.961 D/dalvikvm(15954): WAIT_FOR_CONCURRENT_GC blocked 5ms
02-03 12:43:02.971 D/dalvikvm(15954): GC_CONCURRENT freed 4060K, 45% free 9251K/16616K, paused 0ms+1ms, total 4ms
02-03 12:43:02.971 D/dalvikvm(15954): WAIT_FOR_CONCURRENT_GC blocked 5ms
02-03 12:43:02.981 D/dalvikvm(15954): GC_FOR_ALLOC freed 3866K, 44% free 9334K/16616K, paused 5ms, total 5ms
02-03 12:43:02.981 D/dalvikvm(15954): GC_FOR_ALLOC freed 4168K, 45% free 9165K/16616K, paused 5ms, total 5ms
02-03 12:43:02.991 D/dalvikvm(15954): GC_CONCURRENT freed 3620K, 43% free 9505K/16616K, paused 1ms+1ms, total 7ms
02-03 12:43:02.991 D/dalvikvm(15954): WAIT_FOR_CONCURRENT_GC blocked 3ms
02-03 12:43:03.001 D/dalvikvm(15954): GC_FOR_ALLOC freed 4257K, 44% free 9337K/16616K, paused 4ms, total 4ms
02-03 12:43:03.001 D/dalvikvm(15954): GC_CONCURRENT freed 3701K, 43% free 9542K/16616K, paused 1ms+1ms, total 6ms
02-03 12:43:03.001 D/dalvikvm(15954): WAIT_FOR_CONCURRENT_GC blocked 2ms
02-03 12:43:03.011 D/dalvikvm(15954): GC_FOR_ALLOC freed 4352K, 45% free 9193K/16616K, paused 5ms, total 5ms
02-03 12:43:03.021 D/dalvikvm(15954): GC_CONCURRENT freed 3327K, 41% free 9821K/16616K, paused 0ms+1ms, total 6ms
02-03 12:43:03.021 D/dalvikvm(15954): WAIT_FOR_CONCURRENT_GC blocked 2ms
02-03 12:43:03.031 D/dalvikvm(15954): GC_CONCURRENT freed 4534K, 45% free 9286K/16616K, paused 1ms+1ms, total 7ms
02-03 12:43:03.031 D/dalvikvm(15954): WAIT_FOR_CONCURRENT_GC blocked 6ms
02-03 12:43:03.041 D/dalvikvm(15954): GC_FOR_ALLOC freed 4034K, 46% free 9106K/16616K, paused 5ms, total 5ms
02-03 12:43:03.041 D/dalvikvm(15954): GC_FOR_ALLOC freed 3890K, 46% free 9108K/16616K, paused 5ms, total 5ms
02-03 12:43:03.051 D/dalvikvm(15954): GC_FOR_ALLOC freed 3928K, 46% free 9109K/16616K, paused 5ms, total 5ms
02-03 12:43:03.061 D/dalvikvm(15954): GC_FOR_ALLOC freed 3965K, 46% free 9111K/16616K, paused 5ms, total 5ms
02-03 12:43:03.061 D/dalvikvm(15954): GC_CONCURRENT freed 3812K, 45% free 9304K/16616K, paused 1ms+1ms, total 6ms
02-03 12:43:03.061 D/dalvikvm(15954): WAIT_FOR_CONCURRENT_GC blocked 5ms
02-03 12:43:03.071 D/dalvikvm(15954): GC_CONCURRENT freed 4039K, 44% free 9308K/16616K, paused 0ms+1ms, total 4ms
02-03 12:43:03.071 D/dalvikvm(15954): WAIT_FOR_CONCURRENT_GC blocked 5ms
02-03 12:43:03.081 D/dalvikvm(15954): GC_FOR_ALLOC freed 4275K, 46% free 9113K/16616K, paused 5ms, total 5ms
02-03 12:43:03.091 D/dalvikvm(15954): GC_FOR_ALLOC freed 3624K, 44% free 9408K/16616K, paused 4ms, total 4ms
02-03 12:43:03.091 D/dalvikvm(15954): GC_FOR_ALLOC freed 4149K, 45% free 9214K/16616K, paused 4ms, total 5ms
02-03 12:43:03.101 D/dalvikvm(15954): GC_FOR_ALLOC freed 3987K, 46% free 9118K/16616K, paused 4ms, total 5ms
02-03 12:43:03.111 D/dalvikvm(15954): GC_FOR_ALLOC freed 3718K, 44% free 9421K/16616K, paused 5ms, total 5ms
02-03 12:43:03.111 D/dalvikvm(15954): GC_CONCURRENT freed 3551K, 41% free 9927K/16616K, paused 0ms+1ms, total 5ms
02-03 12:43:03.121 D/dalvikvm(15954): GC_CONCURRENT freed 4594K, 44% free 9324K/16616K, paused 1ms+1ms, total 6ms
02-03 12:43:03.121 D/dalvikvm(15954): WAIT_FOR_CONCURRENT_GC blocked 4ms
02-03 12:43:03.131 D/dalvikvm(15954): GC_FOR_ALLOC freed 4019K, 45% free 9223K/16616K, paused 5ms, total 5ms
02-03 12:43:03.141 D/dalvikvm(15954): GC_CONCURRENT freed 3950K, 44% free 9330K/16616K, paused 0ms+1ms, total 5ms
02-03 12:43:03.141 D/dalvikvm(15954): WAIT_FOR_CONCURRENT_GC blocked 4ms
02-03 12:43:03.141 D/dalvikvm(15954): GC_FOR_ALLOC freed 4086K, 45% free 9228K/16616K, paused 4ms, total 4ms
02-03 12:43:03.151 D/dalvikvm(15954): GC_CONCURRENT freed 3172K, 41% free 9968K/16616K, paused 0ms+1ms, total 5ms
02-03 12:43:03.151 D/dalvikvm(15954): WAIT_FOR_CONCURRENT_GC blocked 2ms
02-03 12:43:03.161 D/dalvikvm(15954): GC_FOR_ALLOC freed 4787K, 46% free 9123K/16616K, paused 4ms, total 4ms
02-03 12:43:03.161 D/dalvikvm(15954): GC_FOR_ALLOC freed 3969K, 45% free 9232K/16616K, paused 4ms, total 4ms
02-03 12:43:03.171 D/dalvikvm(15954): GC_CONCURRENT freed 3244K, 40% free 9987K/16616K, paused 1ms+1ms, total 6ms
02-03 12:43:03.171 D/dalvikvm(15954): WAIT_FOR_CONCURRENT_GC blocked 1ms
02-03 12:43:03.181 D/dalvikvm(15954): GC_FOR_ALLOC freed 4344K, 44% free 9454K/16616K, paused 4ms, total 5ms
02-03 12:43:03.181 D/dalvikvm(15954): GC_CONCURRENT freed 4164K, 44% free 9349K/16616K, paused 1ms+1ms, total 5ms
02-03 12:43:03.181 D/dalvikvm(15954): WAIT_FOR_CONCURRENT_GC blocked 4ms
02-03 12:43:03.191 D/dalvikvm(15954): GC_FOR_ALLOC freed 4083K, 46% free 9131K/16616K, paused 4ms, total 4ms
02-03 12:43:03.201 D/dalvikvm(15954): GC_FOR_ALLOC freed 3889K, 46% free 9132K/16616K, paused 4ms, total 4ms
02-03 12:43:03.211 D/dalvikvm(15954): GC_FOR_ALLOC freed 3916K, 46% free 9134K/16616K, paused 5ms, total 5ms
02-03 12:43:03.211 D/dalvikvm(15954): GC_FOR_ALLOC freed 3942K, 46% free 9135K/16616K, paused 5ms, total 5ms
02-03 12:43:03.221 D/dalvikvm(15954): GC_FOR_ALLOC freed 3968K, 46% free 9137K/16616K, paused 5ms, total 5ms
02-03 12:43:03.231 D/dalvikvm(15954): GC_CONCURRENT freed 3427K, 42% free 9706K/16616K, paused 1ms+1ms, total 6ms
02-03 12:43:03.231 D/dalvikvm(15954): WAIT_FOR_CONCURRENT_GC blocked 2ms
02-03 12:43:03.231 D/dalvikvm(15954): GC_FOR_ALLOC freed 4588K, 45% free 9140K/16616K, paused 4ms, total 4ms
02-03 12:43:03.241 D/dalvikvm(15954): GC_CONCURRENT freed 3701K, 43% free 9487K/16616K, paused 1ms+1ms, total 6ms
02-03 12:43:03.241 D/dalvikvm(15954): WAIT_FOR_CONCURRENT_GC blocked 2ms
02-03 12:43:03.251 D/dalvikvm(15954): GC_CONCURRENT freed 4186K, 44% free 9376K/16616K, paused 1ms+1ms, total 5ms
02-03 12:43:03.251 D/dalvikvm(15954): WAIT_FOR_CONCURRENT_GC blocked 4ms
02-03 12:43:03.251 D/dalvikvm(15954): GC_FOR_ALLOC freed 3748K, 43% free 9496K/16616K, paused 4ms, total 4ms
02-03 12:43:03.261 D/dalvikvm(15954): GC_FOR_ALLOC freed 4129K, 45% free 9264K/16616K, paused 4ms, total 4ms
02-03 12:43:03.271 D/dalvikvm(15954): GC_FOR_ALLOC freed 3920K, 45% free 9148K/16616K, paused 4ms, total 4ms
02-03 12:43:03.271 D/dalvikvm(15954): GC_FOR_ALLOC freed 3586K, 43% free 9508K/16616K, paused 4ms, total 4ms
02-03 12:43:03.281 D/dalvikvm(15954): GC_FOR_ALLOC freed 4211K, 45% free 9271K/16616K, paused 4ms, total 4ms
02-03 12:43:03.291 D/dalvikvm(15954): GC_CONCURRENT freed 3395K, 42% free 9755K/16616K, paused 1ms+1ms, total 6ms
02-03 12:43:03.291 D/dalvikvm(15954): WAIT_FOR_CONCURRENT_GC blocked 2ms
02-03 12:43:03.291 D/dalvikvm(15954): GC_FOR_ALLOC freed 4258K, 43% free 9519K/16616K, paused 4ms, total 4ms
02-03 12:43:03.301 D/dalvikvm(15954): GC_CONCURRENT freed 3439K, 40% free 10132K/16616K, paused 1ms+1ms, total 6ms
02-03 12:43:03.301 D/dalvikvm(15954): WAIT_FOR_CONCURRENT_GC blocked 2ms
02-03 12:43:03.311 D/dalvikvm(15954): GC_FOR_ALLOC freed 4063K, 45% free 9157K/16616K, paused 4ms, total 4ms
02-03 12:43:03.311 D/dalvikvm(15954): GC_FOR_ALLOC freed 3722K, 43% free 9530K/16616K, paused 4ms, total 4ms
02-03 12:43:03.321 D/dalvikvm(15954): GC_CONCURRENT freed 3499K, 42% free 9781K/16616K, paused 1ms+1ms, total 7ms
02-03 12:43:03.321 D/dalvikvm(15954): WAIT_FOR_CONCURRENT_GC blocked 3ms
02-03 12:43:03.331 D/dalvikvm(15954): GC_FOR_ALLOC freed 4137K, 45% free 9161K/16616K, paused 5ms, total 5ms
02-03 12:43:03.331 D/dalvikvm(15954): GC_FOR_ALLOC freed 3787K, 45% free 9288K/16616K, paused 4ms, total 4ms
02-03 12:43:03.341 D/dalvikvm(15954): GC_FOR_ALLOC freed 3555K, 43% free 9545K/16616K, paused 4ms, total 4ms
02-03 12:43:03.351 D/dalvikvm(15954): GC_FOR_ALLOC freed 4214K, 45% free 9166K/16616K, paused 4ms, total 4ms
02-03 12:43:03.361 D/dalvikvm(15954): GC_FOR_ALLOC freed 3852K, 45% free 9295K/16616K, paused 4ms, total 4ms
02-03 12:43:03.361 D/dalvikvm(15954): GC_CONCURRENT freed 2972K, 39% free 10198K/16616K, paused 1ms+1ms, total 7ms
02-03 12:43:03.361 D/dalvikvm(15954): WAIT_FOR_CONCURRENT_GC blocked 3ms
02-03 12:43:03.371 D/dalvikvm(15954): GC_FOR_ALLOC freed 3366K, 43% free 9558K/16616K, paused 5ms, total 5ms
02-03 12:43:03.381 D/dalvikvm(15954): GC_FOR_ALLOC freed 4301K, 45% free 9171K/16616K, paused 5ms, total 5ms
02-03 12:43:03.381 D/dalvikvm(15954): GC_FOR_ALLOC freed 3932K, 45% free 9303K/16616K, paused 5ms, total 5ms
02-03 12:43:03.391 D/dalvikvm(15954): GC_CONCURRENT freed 3033K, 39% free 10225K/16616K, paused 1ms+1ms, total 6ms
02-03 12:43:03.391 D/dalvikvm(15954): WAIT_FOR_CONCURRENT_GC blocked 2ms
02-03 12:43:03.401 D/dalvikvm(15954): GC_FOR_ALLOC freed 4099K, 45% free 9175K/16616K, paused 4ms, total 4ms
02-03 12:43:03.401 D/dalvikvm(15954): GC_FOR_ALLOC freed 3725K, 45% free 9176K/16616K, paused 4ms, total 5ms
02-03 12:43:03.411 D/dalvikvm(15954): GC_FOR_ALLOC freed 3744K, 45% free 9178K/16616K, paused 4ms, total 4ms
02-03 12:43:03.421 D/dalvikvm(15954): GC_FOR_ALLOC freed 3763K, 45% free 9179K/16616K, paused 4ms, total 4ms
02-03 12:43:03.421 D/dalvikvm(15954): GC_FOR_ALLOC freed 3783K, 45% free 9180K/16616K, paused 5ms, total 5ms
02-03 12:43:03.431 D/dalvikvm(15954): GC_FOR_ALLOC freed 3802K, 45% free 9182K/16616K, paused 4ms, total 4ms
02-03 12:43:03.441 D/dalvikvm(15954): GC_FOR_ALLOC freed 3820K, 45% free 9183K/16616K, paused 4ms, total 4ms
02-03 12:43:03.441 D/dalvikvm(15954): GC_FOR_ALLOC freed 3839K, 45% free 9184K/16616K, paused 4ms, total 4ms
02-03 12:43:03.451 D/dalvikvm(15954): GC_FOR_ALLOC freed 3858K, 45% free 9186K/16616K, paused 4ms, total 4ms
02-03 12:43:03.461 D/dalvikvm(15954): GC_FOR_ALLOC freed 3877K, 45% free 9187K/16616K, paused 4ms, total 4ms
02-03 12:43:03.461 D/dalvikvm(15954): GC_FOR_ALLOC freed 3896K, 45% free 9188K/16616K, paused 4ms, total 4ms
02-03 12:43:03.471 D/dalvikvm(15954): GC_FOR_ALLOC freed 3914K, 45% free 9190K/16616K, paused 5ms, total 5ms
02-03 12:43:03.481 D/dalvikvm(15954): GC_FOR_ALLOC freed 3933K, 45% free 9191K/16616K, paused 5ms, total 5ms
02-03 12:43:03.491 D/dalvikvm(15954): GC_FOR_ALLOC freed 3952K, 45% free 9192K/16616K, paused 5ms, total 5ms
02-03 12:43:03.491 D/dalvikvm(15954): GC_CONCURRENT freed 3687K, 43% free 9477K/16616K, paused 1ms+1ms, total 5ms
02-03 12:43:03.491 D/dalvikvm(15954): WAIT_FOR_CONCURRENT_GC blocked 2ms
02-03 12:43:03.501 D/dalvikvm(15954): GC_CONCURRENT freed 3986K, 43% free 9480K/16616K, paused 1ms+1ms, total 5ms
02-03 12:43:03.511 D/dalvikvm(15954): GC_FOR_ALLOC freed 3578K, 43% free 9625K/16616K, paused 4ms, total 4ms
02-03 12:43:03.521 D/dalvikvm(15954): GC_FOR_ALLOC freed 4024K, 44% free 9341K/16616K, paused 5ms, total 5ms
02-03 12:43:03.531 D/dalvikvm(15954): GC_CONCURRENT freed 4042K, 44% free 9343K/16616K, paused 0ms+1ms, total 5ms
02-03 12:43:03.531 D/dalvikvm(15954): GC_CONCURRENT freed 4062K, 44% free 9345K/16616K, paused 0ms+1ms, total 5ms
02-03 12:43:03.531 D/dalvikvm(15954): WAIT_FOR_CONCURRENT_GC blocked 1ms
02-03 12:43:03.541 D/dalvikvm(15954): GC_FOR_ALLOC freed 4081K, 44% free 9347K/16616K, paused 5ms, total 5ms
02-03 12:43:03.551 D/dalvikvm(15954): GC_CONCURRENT freed 294K, 24% free 12715K/16616K, paused 1ms+3ms, total 8ms
02-03 12:43:03.561 D/dalvikvm(15954): GC_FOR_ALLOC freed 4539K, 46% free 9203K/16912K, paused 5ms, total 5ms
02-03 12:43:03.571 D/dalvikvm(15954): GC_FOR_ALLOC freed 3384K, 43% free 9645K/16912K, paused 5ms, total 5ms
02-03 12:43:03.571 D/dalvikvm(15954): GC_FOR_ALLOC freed 4137K, 45% free 9353K/16912K, paused 5ms, total 5ms
02-03 12:43:03.581 D/dalvikvm(15954): GC_FOR_ALLOC freed 3858K, 46% free 9207K/16912K, paused 6ms, total 6ms
02-03 12:43:03.591 D/dalvikvm(15954): GC_FOR_ALLOC freed 3426K, 43% free 9655K/16912K, paused 6ms, total 6ms
02-03 12:43:03.601 D/dalvikvm(15954): GC_FOR_ALLOC freed 4189K, 45% free 9358K/16912K, paused 6ms, total 6ms
02-03 12:43:03.611 D/dalvikvm(15954): GC_FOR_ALLOC freed 3907K, 46% free 9211K/16912K, paused 5ms, total 5ms
02-03 12:43:03.621 D/dalvikvm(15954): GC_FOR_ALLOC freed 3469K, 43% free 9664K/16912K, paused 10ms, total 11ms
02-03 12:43:03.631 D/dalvikvm(15954): GC_FOR_ALLOC freed 4240K, 45% free 9364K/16912K, paused 5ms, total 5ms
02-03 12:43:03.641 D/dalvikvm(15954): GC_FOR_ALLOC freed 3955K, 46% free 9214K/16912K, paused 5ms, total 5ms
02-03 12:43:03.651 D/dalvikvm(15954): GC_CONCURRENT freed 3511K, 43% free 9673K/16912K, paused 1ms+1ms, total 6ms
02-03 12:43:03.651 D/dalvikvm(15954): WAIT_FOR_CONCURRENT_GC blocked 4ms
02-03 12:43:03.661 D/dalvikvm(15954): GC_CONCURRENT freed 4292K, 45% free 9370K/16912K, paused 1ms+1ms, total 5ms
02-03 12:43:03.671 D/dalvikvm(15954): GC_FOR_ALLOC freed 4003K, 46% free 9218K/16912K, paused 4ms, total 4ms
02-03 12:43:03.671 I/chromium(18937): [INFO:CONSOLE(46)] "Uncaught ReferenceError: SharedWorker is not defined", source: app://org.xwalk.webapi_noneservice_tests//opt/tct-workers-w3c-tests/workers/SharedWorkerNavigator_platform.html (46)
02-03 12:43:03.671 D/dalvikvm(15954): GC_CONCURRENT freed 3554K, 43% free 9682K/16912K, paused 1ms+1ms, total 5ms
02-03 12:43:03.681 D/dalvikvm(15954): GC_CONCURRENT freed 4343K, 45% free 9375K/16912K, paused 1ms+1ms, total 5ms
02-03 12:43:03.681 D/dalvikvm(15954): WAIT_FOR_CONCURRENT_GC blocked 3ms
02-03 12:43:03.691 D/dalvikvm(15954): GC_FOR_ALLOC freed 4051K, 46% free 9222K/16912K, paused 4ms, total 4ms
02-03 12:43:03.701 D/dalvikvm(15954): GC_CONCURRENT freed 3596K, 43% free 9691K/16912K, paused 1ms+1ms, total 8ms
02-03 12:43:03.711 D/dalvikvm(15954): GC_CONCURRENT freed 4395K, 45% free 9381K/16912K, paused 1ms+1ms, total 7ms
02-03 12:43:03.721 D/dalvikvm(15954): GC_FOR_ALLOC freed 4099K, 46% free 9225K/16912K, paused 5ms, total 5ms
02-03 12:43:03.731 D/dalvikvm(15954): GC_FOR_ALLOC freed 3639K, 45% free 9384K/16912K, paused 4ms, total 4ms
02-03 12:43:03.741 D/dalvikvm(15954): GC_CONCURRENT freed 3812K, 44% free 9545K/16912K, paused 1ms+0ms, total 6ms
02-03 12:43:03.741 D/dalvikvm(15954): WAIT_FOR_CONCURRENT_GC blocked 5ms
02-03 12:43:03.751 D/dalvikvm(15954): GC_FOR_ALLOC freed 3983K, 45% free 9388K/16912K, paused 5ms, total 5ms
02-03 12:43:03.761 D/dalvikvm(15954): GC_CONCURRENT freed 3841K, 44% free 9550K/16912K, paused 1ms+0ms, total 6ms
02-03 12:43:03.761 D/dalvikvm(15954): WAIT_FOR_CONCURRENT_GC blocked 4ms
02-03 12:43:03.761 D/dalvikvm(15954): GC_FOR_ALLOC freed 4015K, 45% free 9391K/16912K, paused 5ms, total 5ms
02-03 12:43:03.771 D/dalvikvm(15954): GC_CONCURRENT freed 3870K, 44% free 9555K/16912K, paused 1ms+1ms, total 6ms
02-03 12:43:03.771 D/dalvikvm(15954): WAIT_FOR_CONCURRENT_GC blocked 5ms
02-03 12:43:03.781 D/dalvikvm(15954): GC_FOR_ALLOC freed 3721K, 46% free 9234K/16912K, paused 5ms, total 5ms
02-03 12:43:03.781 D/dalvikvm(15954): GC_FOR_ALLOC freed 3734K, 45% free 9397K/16912K, paused 5ms, total 5ms
02-03 12:43:03.791 D/dalvikvm(15954): GC_CONCURRENT freed 3912K, 44% free 9562K/16912K, paused 0ms+1ms, total 5ms
02-03 12:43:03.791 D/dalvikvm(15954): WAIT_FOR_CONCURRENT_GC blocked 5ms
02-03 12:43:03.801 D/dalvikvm(15954): GC_FOR_ALLOC freed 3761K, 46% free 9237K/16912K, paused 4ms, total 4ms
02-03 12:43:03.811 D/dalvikvm(15954): GC_FOR_ALLOC freed 3776K, 45% free 9402K/16912K, paused 4ms, total 4ms
02-03 12:43:03.811 D/dalvikvm(15954): GC_FOR_ALLOC freed 3460K, 43% free 9733K/16912K, paused 4ms, total 4ms
02-03 12:43:03.821 D/dalvikvm(15954): GC_FOR_ALLOC freed 4299K, 46% free 9241K/16912K, paused 4ms, total 4ms
02-03 12:43:03.831 D/dalvikvm(15954): GC_CONCURRENT freed 3815K, 45% free 9407K/16912K, paused 1ms+0ms, total 6ms
02-03 12:43:03.831 D/dalvikvm(15954): WAIT_FOR_CONCURRENT_GC blocked 5ms
02-03 12:43:03.841 D/dalvikvm(15954): GC_FOR_ALLOC freed 3494K, 43% free 9741K/16912K, paused 4ms, total 4ms
02-03 12:43:03.841 D/dalvikvm(15954): GC_FOR_ALLOC freed 4339K, 46% free 9244K/16912K, paused 5ms, total 5ms
02-03 12:43:03.851 D/dalvikvm(15954): GC_CONCURRENT freed 3849K, 45% free 9412K/16912K, paused 1ms+1ms, total 6ms
02-03 12:43:03.851 D/dalvikvm(15954): WAIT_FOR_CONCURRENT_GC blocked 5ms
02-03 12:43:03.861 D/dalvikvm(15954): GC_FOR_ALLOC freed 3525K, 43% free 9749K/16912K, paused 4ms, total 4ms
02-03 12:43:03.871 D/dalvikvm(15954): GC_FOR_ALLOC freed 4377K, 46% free 9247K/16912K, paused 4ms, total 4ms
02-03 12:43:03.871 D/dalvikvm(15954): GC_CONCURRENT freed 3688K, 44% free 9593K/16912K, paused 1ms+1ms, total 5ms
02-03 12:43:03.871 D/dalvikvm(15954): WAIT_FOR_CONCURRENT_GC blocked 4ms
02-03 12:43:03.881 D/dalvikvm(15954): GC_FOR_ALLOC freed 3666K, 43% free 9808K/16912K, paused 4ms, total 4ms
02-03 12:43:03.891 D/dalvikvm(15954): GC_FOR_ALLOC freed 3747K, 45% free 9451K/16912K, paused 4ms, total 4ms
02-03 12:43:03.901 D/dalvikvm(15954): GC_FOR_ALLOC freed 2056K, 37% free 10694K/16912K, paused 4ms, total 4ms
02-03 12:43:03.971 D/dalvikvm(15954): GC_CONCURRENT freed 5847K, 48% free 8934K/16912K, paused 1ms+1ms, total 7ms
02-03 12:43:03.971 D/dalvikvm(15954): WAIT_FOR_CONCURRENT_GC blocked 5ms
02-03 12:43:03.981 D/dalvikvm(15954): GC_FOR_ALLOC freed 4075K, 48% free 8952K/16912K, paused 5ms, total 5ms
02-03 12:43:03.991 D/dalvikvm(15954): GC_CONCURRENT freed 3044K, 47% free 9069K/16912K, paused 0ms+1ms, total 5ms
02-03 12:43:04.001 D/dalvikvm(15954): GC_CONCURRENT freed 4172K, 48% free 8952K/16912K, paused 1ms+1ms, total 5ms
02-03 12:43:04.001 D/dalvikvm(15954): WAIT_FOR_CONCURRENT_GC blocked 4ms
02-03 12:43:04.011 D/dalvikvm(15954): GC_FOR_ALLOC freed 4038K, 48% free 8935K/16912K, paused 4ms, total 4ms
02-03 12:43:04.011 D/dalvikvm(15954): GC_CONCURRENT freed 3876K, 47% free 9068K/16912K, paused 1ms+1ms, total 6ms
02-03 12:43:04.011 D/dalvikvm(15954): WAIT_FOR_CONCURRENT_GC blocked 1ms
02-03 12:43:04.021 D/dalvikvm(15954): GC_FOR_ALLOC freed 4169K, 47% free 8963K/16912K, paused 4ms, total 4ms
02-03 12:43:04.031 D/dalvikvm(15954): GC_CONCURRENT freed 3902K, 47% free 9126K/16912K, paused 0ms+1ms, total 5ms
02-03 12:43:04.031 D/dalvikvm(15954): WAIT_FOR_CONCURRENT_GC blocked 2ms
02-03 12:43:04.031 D/dalvikvm(15954): GC_CONCURRENT freed 4112K, 47% free 9036K/16912K, paused 0ms+1ms, total 4ms
02-03 12:43:04.031 D/dalvikvm(15954): WAIT_FOR_CONCURRENT_GC blocked 5ms
02-03 12:43:04.041 D/dalvikvm(15954): GC_CONCURRENT freed 3962K, 46% free 9155K/16912K, paused 0ms+1ms, total 5ms
02-03 12:43:04.041 D/dalvikvm(15954): WAIT_FOR_CONCURRENT_GC blocked 5ms
02-03 12:43:04.051 D/dalvikvm(15954): GC_FOR_ALLOC freed 4225K, 48% free 8958K/16912K, paused 4ms, total 4ms
02-03 12:43:04.061 D/dalvikvm(15954): GC_CONCURRENT freed 3891K, 47% free 9127K/16912K, paused 1ms+1ms, total 6ms
02-03 12:43:04.061 D/dalvikvm(15954): WAIT_FOR_CONCURRENT_GC blocked 2ms
02-03 12:43:04.061 D/dalvikvm(15954): GC_CONCURRENT freed 4049K, 47% free 9053K/16912K, paused 1ms+1ms, total 5ms
02-03 12:43:04.061 D/dalvikvm(15954): WAIT_FOR_CONCURRENT_GC blocked 4ms
02-03 12:43:04.071 D/dalvikvm(15954): GC_FOR_ALLOC freed 4134K, 47% free 9008K/16912K, paused 4ms, total 4ms
02-03 12:43:04.081 D/dalvikvm(15954): GC_CONCURRENT freed 3765K, 46% free 9199K/16912K, paused 1ms+1ms, total 6ms
02-03 12:43:04.081 D/dalvikvm(15954): WAIT_FOR_CONCURRENT_GC blocked 2ms
02-03 12:43:04.091 D/dalvikvm(15954): GC_CONCURRENT freed 4229K, 47% free 9011K/16912K, paused 0ms+1ms, total 4ms
02-03 12:43:04.091 D/dalvikvm(15954): WAIT_FOR_CONCURRENT_GC blocked 5ms
02-03 12:43:04.091 D/dalvikvm(15954): GC_FOR_ALLOC freed 4019K, 47% free 9044K/16912K, paused 4ms, total 4ms
02-03 12:43:04.101 D/dalvikvm(15954): GC_CONCURRENT freed 3773K, 46% free 9254K/16912K, paused 0ms+0ms, total 6ms
02-03 12:43:04.101 D/dalvikvm(15954): WAIT_FOR_CONCURRENT_GC blocked 2ms
02-03 12:43:04.111 D/dalvikvm(15954): GC_FOR_ALLOC freed 4251K, 47% free 9045K/16912K, paused 4ms, total 4ms
02-03 12:43:04.111 D/dalvikvm(15954): GC_FOR_ALLOC freed 3983K, 47% free 9045K/16912K, paused 4ms, total 4ms
02-03 12:43:04.121 D/dalvikvm(15954): GC_CONCURRENT freed 3801K, 45% free 9333K/16912K, paused 1ms+1ms, total 6ms
02-03 12:43:04.121 D/dalvikvm(15954): WAIT_FOR_CONCURRENT_GC blocked 2ms
02-03 12:43:04.131 D/dalvikvm(15954): GC_CONCURRENT freed 4234K, 47% free 9111K/16912K, paused 1ms+1ms, total 5ms
02-03 12:43:04.131 D/dalvikvm(15954): WAIT_FOR_CONCURRENT_GC blocked 4ms
02-03 12:43:04.131 D/dalvikvm(15954): GC_FOR_ALLOC freed 4105K, 47% free 9050K/16912K, paused 4ms, total 4ms
02-03 12:43:04.141 D/dalvikvm(15954): GC_CONCURRENT freed 3639K, 44% free 9485K/16912K, paused 1ms+1ms, total 6ms
02-03 12:43:04.141 D/dalvikvm(15954): WAIT_FOR_CONCURRENT_GC blocked 2ms
02-03 12:43:04.151 D/dalvikvm(15954): GC_FOR_ALLOC freed 4341K, 46% free 9179K/16912K, paused 4ms, total 4ms
02-03 12:43:04.151 D/dalvikvm(15954): GC_CONCURRENT freed 3666K, 44% free 9533K/16912K, paused 1ms+1ms, total 6ms
02-03 12:43:04.151 D/dalvikvm(15954): WAIT_FOR_CONCURRENT_GC blocked 2ms
02-03 12:43:04.161 D/dalvikvm(15954): GC_CONCURRENT freed 4381K, 46% free 9154K/16912K, paused 1ms+1ms, total 5ms
02-03 12:43:04.161 D/dalvikvm(15954): WAIT_FOR_CONCURRENT_GC blocked 4ms
02-03 12:43:04.171 D/dalvikvm(15954): GC_FOR_ALLOC freed 4075K, 47% free 9086K/16912K, paused 4ms, total 4ms
02-03 12:43:04.181 D/dalvikvm(15954): GC_CONCURRENT freed 3396K, 43% free 9703K/16912K, paused 1ms+1ms, total 6ms
02-03 12:43:04.181 D/dalvikvm(15954): WAIT_FOR_CONCURRENT_GC blocked 2ms
02-03 12:43:04.181 D/dalvikvm(15954): GC_CONCURRENT freed 4628K, 46% free 9161K/16912K, paused 1ms+1ms, total 5ms
02-03 12:43:04.181 D/dalvikvm(15954): WAIT_FOR_CONCURRENT_GC blocked 4ms
02-03 12:43:04.191 D/dalvikvm(15954): GC_CONCURRENT freed 4011K, 46% free 9162K/16912K, paused 1ms+1ms, total 5ms
02-03 12:43:04.191 D/dalvikvm(15954): WAIT_FOR_CONCURRENT_GC blocked 4ms
02-03 12:43:04.201 D/dalvikvm(15954): GC_CONCURRENT freed 4073K, 46% free 9167K/16912K, paused 1ms+0ms, total 5ms
02-03 12:43:04.201 D/dalvikvm(15954): WAIT_FOR_CONCURRENT_GC blocked 4ms
02-03 12:43:04.211 D/dalvikvm(15954): GC_FOR_ALLOC freed 3921K, 46% free 9241K/16912K, paused 4ms, total 4ms
02-03 12:43:04.211 D/dalvikvm(15954): GC_CONCURRENT freed 3688K, 44% free 9611K/16912K, paused 1ms+1ms, total 6ms
02-03 12:43:04.211 D/dalvikvm(15954): WAIT_FOR_CONCURRENT_GC blocked 2ms
02-03 12:43:04.221 D/dalvikvm(15954): GC_CONCURRENT freed 4484K, 46% free 9172K/16912K, paused 1ms+1ms, total 5ms
02-03 12:43:04.221 D/dalvikvm(15954): WAIT_FOR_CONCURRENT_GC blocked 4ms
02-03 12:43:04.231 D/dalvikvm(15954): GC_FOR_ALLOC freed 4103K, 47% free 9094K/16912K, paused 4ms, total 4ms
02-03 12:43:04.231 D/dalvikvm(15954): GC_CONCURRENT freed 3303K, 43% free 9795K/16912K, paused 1ms+1ms, total 6ms
02-03 12:43:04.231 D/dalvikvm(15954): WAIT_FOR_CONCURRENT_GC blocked 2ms
02-03 12:43:04.241 D/dalvikvm(15954): GC_CONCURRENT freed 4680K, 46% free 9209K/16912K, paused 1ms+2ms, total 6ms
02-03 12:43:04.241 D/dalvikvm(15954): WAIT_FOR_CONCURRENT_GC blocked 5ms
02-03 12:43:04.251 D/dalvikvm(15954): GC_FOR_ALLOC freed 4119K, 47% free 9048K/16912K, paused 4ms, total 4ms
02-03 12:43:04.261 D/dalvikvm(15954): GC_CONCURRENT freed 3845K, 46% free 9214K/16912K, paused 1ms+1ms, total 5ms
02-03 12:43:04.261 D/dalvikvm(15954): WAIT_FOR_CONCURRENT_GC blocked 4ms
02-03 12:43:04.271 D/dalvikvm(15954): GC_CONCURRENT freed 4060K, 46% free 9219K/16912K, paused 1ms+1ms, total 5ms
02-03 12:43:04.271 D/dalvikvm(15954): WAIT_FOR_CONCURRENT_GC blocked 4ms
02-03 12:43:04.271 D/dalvikvm(15954): GC_FOR_ALLOC freed 3865K, 45% free 9302K/16912K, paused 4ms, total 4ms
02-03 12:43:04.281 D/dalvikvm(15954): GC_FOR_ALLOC freed 4168K, 46% free 9133K/16912K, paused 4ms, total 4ms
02-03 12:43:04.291 D/dalvikvm(15954): GC_CONCURRENT freed 3449K, 43% free 9643K/16912K, paused 0ms+0ms, total 6ms
02-03 12:43:04.291 D/dalvikvm(15954): WAIT_FOR_CONCURRENT_GC blocked 2ms
02-03 12:43:04.291 D/dalvikvm(15954): GC_FOR_ALLOC freed 4423K, 45% free 9309K/16912K, paused 4ms, total 4ms
02-03 12:43:04.301 D/dalvikvm(15954): GC_CONCURRENT freed 3527K, 43% free 9657K/16912K, paused 1ms+1ms, total 6ms
02-03 12:43:04.301 D/dalvikvm(15954): WAIT_FOR_CONCURRENT_GC blocked 2ms
02-03 12:43:04.311 D/dalvikvm(15954): GC_FOR_ALLOC freed 4526K, 46% free 9133K/16912K, paused 4ms, total 4ms
02-03 12:43:04.311 D/dalvikvm(15954): GC_CONCURRENT freed 3327K, 43% free 9761K/16912K, paused 1ms+1ms, total 6ms
02-03 12:43:04.311 D/dalvikvm(15954): WAIT_FOR_CONCURRENT_GC blocked 2ms
02-03 12:43:04.321 D/dalvikvm(15954): GC_CONCURRENT freed 4531K, 46% free 9230K/16912K, paused 1ms+0ms, total 5ms
02-03 12:43:04.321 D/dalvikvm(15954): WAIT_FOR_CONCURRENT_GC blocked 4ms
02-03 12:43:04.331 D/dalvikvm(15954): GC_FOR_ALLOC freed 4038K, 47% free 9046K/16912K, paused 4ms, total 4ms
02-03 12:43:04.331 D/dalvikvm(15954): GC_FOR_ALLOC freed 3890K, 47% free 9048K/16912K, paused 4ms, total 4ms
02-03 12:43:04.341 D/dalvikvm(15954): GC_FOR_ALLOC freed 3928K, 47% free 9049K/16912K, paused 4ms, total 4ms
02-03 12:43:04.351 D/dalvikvm(15954): GC_FOR_ALLOC freed 3965K, 47% free 9051K/16912K, paused 4ms, total 4ms
02-03 12:43:04.351 D/dalvikvm(15954): GC_CONCURRENT freed 3812K, 46% free 9244K/16912K, paused 0ms+1ms, total 4ms
02-03 12:43:04.351 D/dalvikvm(15954): WAIT_FOR_CONCURRENT_GC blocked 4ms
02-03 12:43:04.361 D/dalvikvm(15954): GC_CONCURRENT freed 4039K, 46% free 9248K/16912K, paused 1ms+0ms, total 5ms
02-03 12:43:04.361 D/dalvikvm(15954): WAIT_FOR_CONCURRENT_GC blocked 4ms
02-03 12:43:04.371 D/dalvikvm(15954): GC_CONCURRENT freed 4076K, 46% free 9251K/16912K, paused 0ms+1ms, total 4ms
02-03 12:43:04.371 D/dalvikvm(15954): WAIT_FOR_CONCURRENT_GC blocked 4ms
02-03 12:43:04.381 D/dalvikvm(15954): GC_FOR_ALLOC freed 3822K, 45% free 9348K/16912K, paused 4ms, total 4ms
02-03 12:43:04.381 D/dalvikvm(15954): GC_FOR_ALLOC freed 4149K, 46% free 9154K/16912K, paused 4ms, total 4ms
02-03 12:43:04.391 D/dalvikvm(15954): GC_FOR_ALLOC freed 3987K, 47% free 9058K/16912K, paused 4ms, total 4ms
02-03 12:43:04.401 D/dalvikvm(15954): GC_FOR_ALLOC freed 3718K, 45% free 9361K/16912K, paused 4ms, total 5ms
02-03 12:43:04.401 D/dalvikvm(15954): GC_CONCURRENT freed 3551K, 42% free 9867K/16912K, paused 0ms+0ms, total 6ms
02-03 12:43:04.401 D/dalvikvm(15954): WAIT_FOR_CONCURRENT_GC blocked 2ms
02-03 12:43:04.411 D/dalvikvm(15954): GC_CONCURRENT freed 4590K, 46% free 9300K/16912K, paused 0ms+1ms, total 4ms
02-03 12:43:04.411 D/dalvikvm(15954): WAIT_FOR_CONCURRENT_GC blocked 4ms
02-03 12:43:04.421 D/dalvikvm(15954): GC_FOR_ALLOC freed 4023K, 46% free 9195K/16912K, paused 4ms, total 4ms
02-03 12:43:04.431 D/dalvikvm(15954): GC_CONCURRENT freed 3950K, 45% free 9302K/16912K, paused 0ms+1ms, total 5ms
02-03 12:43:04.431 D/dalvikvm(15954): WAIT_FOR_CONCURRENT_GC blocked 4ms
02-03 12:43:04.431 D/dalvikvm(15954): GC_FOR_ALLOC freed 4086K, 46% free 9200K/16912K, paused 4ms, total 4ms
02-03 12:43:04.441 D/dalvikvm(15954): GC_CONCURRENT freed 2647K, 39% free 10464K/16912K, paused 0ms+1ms, total 5ms
02-03 12:43:04.441 D/dalvikvm(15954): WAIT_FOR_CONCURRENT_GC blocked 3ms
02-03 12:43:04.441 D/dalvikvm(15954): GC_FOR_ALLOC freed 4774K, 45% free 9418K/16912K, paused 4ms, total 4ms
02-03 12:43:04.451 D/dalvikvm(15954): GC_CONCURRENT freed 4073K, 45% free 9315K/16912K, paused 1ms+0ms, total 5ms
02-03 12:43:04.451 D/dalvikvm(15954): WAIT_FOR_CONCURRENT_GC blocked 4ms
02-03 12:43:04.461 D/dalvikvm(15954): GC_FOR_ALLOC freed 3994K, 47% free 9102K/16912K, paused 5ms, total 5ms
02-03 12:43:04.471 D/dalvikvm(15954): GC_FOR_ALLOC freed 3806K, 47% free 9104K/16912K, paused 4ms, total 4ms
02-03 12:43:04.471 D/dalvikvm(15954): GC_FOR_ALLOC freed 3832K, 47% free 9105K/16912K, paused 3ms, total 3ms
02-03 12:43:04.481 D/dalvikvm(15954): GC_FOR_ALLOC freed 3858K, 47% free 9107K/16912K, paused 4ms, total 4ms
02-03 12:43:04.491 D/dalvikvm(15954): GC_FOR_ALLOC freed 3884K, 47% free 9108K/16912K, paused 4ms, total 4ms
02-03 12:43:04.491 D/dalvikvm(15954): GC_FOR_ALLOC freed 3910K, 47% free 9110K/16912K, paused 4ms, total 4ms
02-03 12:43:04.501 D/dalvikvm(15954): GC_FOR_ALLOC freed 3937K, 47% free 9111K/16912K, paused 4ms, total 4ms
02-03 12:43:04.501 D/dalvikvm(15954): GC_FOR_ALLOC freed 3963K, 47% free 9113K/16912K, paused 4ms, total 4ms
02-03 12:43:04.511 D/dalvikvm(15954): GC_CONCURRENT freed 3761K, 45% free 9342K/16912K, paused 1ms+1ms, total 5ms
02-03 12:43:04.511 D/dalvikvm(15954): WAIT_FOR_CONCURRENT_GC blocked 4ms
02-03 12:43:04.521 D/dalvikvm(15954): GC_CONCURRENT freed 4014K, 45% free 9345K/16912K, paused 1ms+1ms, total 5ms
02-03 12:43:04.521 D/dalvikvm(15954): WAIT_FOR_CONCURRENT_GC blocked 4ms
02-03 12:43:04.531 D/dalvikvm(15954): GC_CONCURRENT freed 4040K, 45% free 9348K/16912K, paused 0ms+1ms, total 5ms
02-03 12:43:04.531 D/dalvikvm(15954): WAIT_FOR_CONCURRENT_GC blocked 4ms
02-03 12:43:04.541 D/dalvikvm(15954): GC_CONCURRENT freed 4067K, 45% free 9351K/16912K, paused 0ms+0ms, total 5ms
02-03 12:43:04.541 D/dalvikvm(15954): WAIT_FOR_CONCURRENT_GC blocked 4ms
02-03 12:43:04.541 D/dalvikvm(15954): GC_FOR_ALLOC freed 3743K, 44% free 9471K/16912K, paused 4ms, total 4ms
02-03 12:43:04.551 D/dalvikvm(15954): GC_FOR_ALLOC freed 4123K, 46% free 9239K/16912K, paused 4ms, total 4ms
02-03 12:43:04.561 D/dalvikvm(15954): GC_FOR_ALLOC freed 3914K, 47% free 9123K/16912K, paused 4ms, total 4ms
02-03 12:43:04.561 D/dalvikvm(15954): GC_FOR_ALLOC freed 3581K, 44% free 9483K/16912K, paused 4ms, total 4ms
02-03 12:43:04.571 D/dalvikvm(15954): GC_CONCURRENT freed 4205K, 46% free 9247K/16912K, paused 0ms+1ms, total 5ms
02-03 12:43:04.571 D/dalvikvm(15954): WAIT_FOR_CONCURRENT_GC blocked 4ms
02-03 12:43:04.581 D/dalvikvm(15954): GC_FOR_ALLOC freed 3992K, 47% free 9128K/16912K, paused 4ms, total 4ms
02-03 12:43:04.581 D/dalvikvm(15954): GC_FOR_ALLOC freed 3651K, 44% free 9495K/16912K, paused 4ms, total 4ms
02-03 12:43:04.591 D/dalvikvm(15954): GC_CONCURRENT freed 3434K, 41% free 10107K/16912K, paused 1ms+1ms, total 7ms
02-03 12:43:04.591 D/dalvikvm(15954): WAIT_FOR_CONCURRENT_GC blocked 2ms
02-03 12:43:04.601 D/dalvikvm(15954): GC_FOR_ALLOC freed 4057K, 46% free 9133K/16912K, paused 4ms, total 4ms
02-03 12:43:04.601 D/dalvikvm(15954): GC_FOR_ALLOC freed 3717K, 44% free 9506K/16912K, paused 4ms, total 4ms
02-03 12:43:04.611 D/dalvikvm(15954): GC_CONCURRENT freed 3246K, 41% free 10004K/16912K, paused 0ms+1ms, total 6ms
02-03 12:43:04.611 D/dalvikvm(15954): WAIT_FOR_CONCURRENT_GC blocked 2ms
02-03 12:43:04.621 D/dalvikvm(15954): GC_FOR_ALLOC freed 4380K, 46% free 9137K/16912K, paused 4ms, total 4ms
02-03 12:43:04.621 D/dalvikvm(15954): GC_FOR_ALLOC freed 3782K, 46% free 9264K/16912K, paused 4ms, total 4ms
02-03 12:43:04.631 D/dalvikvm(15954): GC_CONCURRENT freed 3932K, 45% free 9394K/16912K, paused 1ms+1ms, total 5ms
02-03 12:43:04.631 D/dalvikvm(15954): WAIT_FOR_CONCURRENT_GC blocked 4ms
02-03 12:43:04.641 D/dalvikvm(15954): GC_FOR_ALLOC freed 4081K, 46% free 9268K/16912K, paused 4ms, total 4ms
02-03 12:43:04.641 D/dalvikvm(15954): GC_FOR_ALLOC freed 3592K, 44% free 9527K/16912K, paused 5ms, total 5ms
02-03 12:43:04.651 D/dalvikvm(15954): GC_FOR_ALLOC freed 4257K, 46% free 9144K/16912K, paused 4ms, total 4ms
02-03 12:43:04.661 D/dalvikvm(15954): GC_FOR_ALLOC freed 3892K, 46% free 9275K/16912K, paused 4ms, total 4ms
02-03 12:43:04.661 D/dalvikvm(15954): GC_CONCURRENT freed 3003K, 40% free 10187K/16912K, paused 1ms+1ms, total 6ms
02-03 12:43:04.661 D/dalvikvm(15954): WAIT_FOR_CONCURRENT_GC blocked 2ms
02-03 12:43:04.671 D/dalvikvm(15954): GC_FOR_ALLOC freed 4057K, 46% free 9148K/16912K, paused 4ms, total 4ms
02-03 12:43:04.681 D/dalvikvm(15954): GC_CONCURRENT freed 3952K, 46% free 9281K/16912K, paused 1ms+0ms, total 5ms
02-03 12:43:04.681 D/dalvikvm(15954): WAIT_FOR_CONCURRENT_GC blocked 4ms
02-03 12:43:04.681 D/dalvikvm(15954): GC_FOR_ALLOC freed 3708K, 44% free 9548K/16912K, paused 4ms, total 4ms
02-03 12:43:04.691 D/dalvikvm(15954): GC_CONCURRENT freed 3467K, 41% free 10081K/16912K, paused 0ms+1ms, total 6ms
02-03 12:43:04.691 D/dalvikvm(15954): WAIT_FOR_CONCURRENT_GC blocked 2ms
02-03 12:43:04.701 D/dalvikvm(15954): GC_FOR_ALLOC freed 4006K, 44% free 9555K/16912K, paused 4ms, total 4ms
02-03 12:43:04.701 D/dalvikvm(15954): GC_CONCURRENT freed 4170K, 45% free 9425K/16912K, paused 1ms+1ms, total 5ms
02-03 12:43:04.701 D/dalvikvm(15954): WAIT_FOR_CONCURRENT_GC blocked 4ms
02-03 12:43:04.711 D/dalvikvm(15954): GC_FOR_ALLOC freed 4057K, 46% free 9157K/16912K, paused 4ms, total 4ms
02-03 12:43:04.721 D/dalvikvm(15954): GC_FOR_ALLOC freed 3806K, 46% free 9158K/16912K, paused 4ms, total 4ms
02-03 12:43:04.721 D/dalvikvm(15954): GC_FOR_ALLOC freed 3825K, 46% free 9159K/16912K, paused 4ms, total 4ms
02-03 12:43:04.731 D/dalvikvm(15954): GC_FOR_ALLOC freed 3844K, 46% free 9161K/16912K, paused 4ms, total 4ms
02-03 12:43:04.741 D/dalvikvm(15954): GC_FOR_ALLOC freed 3863K, 46% free 9162K/16912K, paused 4ms, total 4ms
02-03 12:43:04.741 D/dalvikvm(15954): GC_FOR_ALLOC freed 3882K, 46% free 9163K/16912K, paused 4ms, total 4ms
02-03 12:43:04.751 D/dalvikvm(15954): GC_FOR_ALLOC freed 3900K, 46% free 9165K/16912K, paused 4ms, total 4ms
02-03 12:43:04.761 D/dalvikvm(15954): GC_FOR_ALLOC freed 3919K, 46% free 9166K/16912K, paused 4ms, total 4ms
02-03 12:43:04.761 D/dalvikvm(15954): GC_FOR_ALLOC freed 3938K, 46% free 9167K/16912K, paused 4ms, total 4ms
02-03 12:43:04.771 D/dalvikvm(15954): GC_FOR_ALLOC freed 3957K, 46% free 9169K/16912K, paused 4ms, total 4ms
02-03 12:43:04.781 D/dalvikvm(15954): GC_CONCURRENT freed 3692K, 45% free 9454K/16912K, paused 1ms+1ms, total 5ms
02-03 12:43:04.781 D/dalvikvm(15954): WAIT_FOR_CONCURRENT_GC blocked 4ms
02-03 12:43:04.781 D/dalvikvm(15954): GC_CONCURRENT freed 3993K, 45% free 9457K/16912K, paused 0ms+1ms, total 4ms
02-03 12:43:04.781 D/dalvikvm(15954): WAIT_FOR_CONCURRENT_GC blocked 3ms
02-03 12:43:04.791 D/dalvikvm(15954): GC_CONCURRENT freed 4012K, 45% free 9460K/16912K, paused 1ms+1ms, total 5ms
02-03 12:43:04.791 D/dalvikvm(15954): WAIT_FOR_CONCURRENT_GC blocked 4ms
02-03 12:43:04.801 D/dalvikvm(15954): GC_CONCURRENT freed 4031K, 45% free 9462K/16912K, paused 0ms+1ms, total 4ms
02-03 12:43:04.801 D/dalvikvm(15954): WAIT_FOR_CONCURRENT_GC blocked 3ms
02-03 12:43:04.811 D/dalvikvm(15954): GC_CONCURRENT freed 4050K, 45% free 9465K/16912K, paused 0ms+1ms, total 4ms
02-03 12:43:04.811 D/dalvikvm(15954): WAIT_FOR_CONCURRENT_GC blocked 3ms
02-03 12:43:04.811 D/dalvikvm(15954): GC_CONCURRENT freed 4068K, 45% free 9468K/16912K, paused 1ms+1ms, total 4ms
02-03 12:43:04.811 D/dalvikvm(15954): WAIT_FOR_CONCURRENT_GC blocked 4ms
02-03 12:43:04.821 D/dalvikvm(15954): GC_CONCURRENT freed 4087K, 44% free 9470K/16912K, paused 1ms+1ms, total 5ms
02-03 12:43:04.821 D/dalvikvm(15954): WAIT_FOR_CONCURRENT_GC blocked 3ms
02-03 12:43:04.831 D/dalvikvm(15954): GC_FOR_ALLOC freed 3664K, 44% free 9619K/16912K, paused 4ms, total 4ms
02-03 12:43:04.831 D/dalvikvm(15954): GC_FOR_ALLOC freed 4123K, 45% free 9327K/16912K, paused 4ms, total 4ms
02-03 12:43:04.841 D/dalvikvm(15954): GC_FOR_ALLOC freed 3845K, 46% free 9182K/16912K, paused 4ms, total 4ms
02-03 12:43:04.851 D/dalvikvm(15954): GC_FOR_ALLOC freed 3415K, 44% free 9628K/16912K, paused 4ms, total 4ms
02-03 12:43:04.851 D/dalvikvm(15954): GC_FOR_ALLOC freed 4174K, 45% free 9333K/16912K, paused 4ms, total 4ms
02-03 12:43:04.861 D/dalvikvm(15954): GC_FOR_ALLOC freed 3893K, 46% free 9186K/16912K, paused 4ms, total 4ms
02-03 12:43:04.871 D/dalvikvm(15954): GC_FOR_ALLOC freed 3457K, 44% free 9637K/16912K, paused 4ms, total 4ms
02-03 12:43:04.871 D/dalvikvm(15954): GC_FOR_ALLOC freed 4226K, 45% free 9338K/16912K, paused 4ms, total 4ms
02-03 12:43:04.881 D/dalvikvm(15954): GC_FOR_ALLOC freed 3941K, 46% free 9189K/16912K, paused 4ms, total 4ms
02-03 12:43:04.891 D/dalvikvm(15954): GC_FOR_ALLOC freed 3500K, 43% free 9646K/16912K, paused 4ms, total 4ms
02-03 12:43:04.891 D/dalvikvm(15954): GC_FOR_ALLOC freed 4278K, 45% free 9344K/16912K, paused 4ms, total 4ms
02-03 12:43:04.901 D/dalvikvm(15954): GC_CONCURRENT freed 3225K, 42% free 9957K/16912K, paused 1ms+1ms, total 5ms
02-03 12:43:04.901 D/dalvikvm(15954): WAIT_FOR_CONCURRENT_GC blocked 1ms
02-03 12:43:04.901 D/dalvikvm(15954): GC_FOR_ALLOC freed 3998K, 46% free 9194K/16912K, paused 4ms, total 4ms
02-03 12:43:04.911 D/dalvikvm(15954): GC_FOR_ALLOC freed 3554K, 43% free 9658K/16912K, paused 4ms, total 4ms
02-03 12:43:04.921 D/dalvikvm(15954): GC_CONCURRENT freed 2951K, 40% free 10279K/16912K, paused 0ms+1ms, total 5ms
02-03 12:43:04.921 D/dalvikvm(15954): WAIT_FOR_CONCURRENT_GC blocked 1ms
02-03 12:43:04.921 D/dalvikvm(15954): GC_FOR_ALLOC freed 3572K, 45% free 9352K/16912K, paused 4ms, total 4ms
02-03 12:43:04.931 D/dalvikvm(15954): GC_FOR_ALLOC freed 4059K, 46% free 9198K/16912K, paused 4ms, total 4ms
02-03 12:43:04.941 D/dalvikvm(15954): GC_FOR_ALLOC freed 3604K, 43% free 9669K/16912K, paused 4ms, total 4ms
02-03 12:43:04.941 D/dalvikvm(15954): GC_CONCURRENT freed 2992K, 40% free 10298K/16912K, paused 0ms+1ms, total 5ms
02-03 12:43:04.941 D/dalvikvm(15954): WAIT_FOR_CONCURRENT_GC blocked 2ms
02-03 12:43:04.951 D/dalvikvm(15954): GC_FOR_ALLOC freed 3622K, 45% free 9359K/16912K, paused 4ms, total 4ms
02-03 12:43:04.951 D/dalvikvm(15954): GC_FOR_ALLOC freed 4116K, 46% free 9203K/16912K, paused 4ms, total 4ms
02-03 12:43:04.961 D/dalvikvm(15954): GC_FOR_ALLOC freed 3654K, 45% free 9362K/16912K, paused 4ms, total 4ms
02-03 12:43:04.971 D/dalvikvm(15954): GC_CONCURRENT freed 3828K, 44% free 9524K/16912K, paused 0ms+0ms, total 5ms
02-03 12:43:04.971 D/dalvikvm(15954): WAIT_FOR_CONCURRENT_GC blocked 4ms
02-03 12:43:04.981 D/dalvikvm(15954): GC_FOR_ALLOC freed 4001K, 45% free 9366K/16912K, paused 4ms, total 4ms
02-03 12:43:04.981 D/dalvikvm(15954): GC_CONCURRENT freed 3858K, 44% free 9529K/16912K, paused 1ms+1ms, total 5ms
02-03 12:43:04.981 D/dalvikvm(15954): WAIT_FOR_CONCURRENT_GC blocked 4ms
02-03 12:43:04.991 D/dalvikvm(15954): GC_FOR_ALLOC freed 4031K, 45% free 9369K/16912K, paused 4ms, total 4ms
02-03 12:43:05.001 D/dalvikvm(15954): GC_CONCURRENT freed 3887K, 44% free 9534K/16912K, paused 1ms+1ms, total 5ms
02-03 12:43:05.001 D/dalvikvm(15954): WAIT_FOR_CONCURRENT_GC blocked 4ms
02-03 12:43:05.001 D/dalvikvm(15954): GC_FOR_ALLOC freed 4061K, 45% free 9373K/16912K, paused 4ms, total 4ms
02-03 12:43:05.011 D/dalvikvm(15954): GC_CONCURRENT freed 3916K, 44% free 9539K/16912K, paused 0ms+0ms, total 5ms
02-03 12:43:05.011 D/dalvikvm(15954): WAIT_FOR_CONCURRENT_GC blocked 4ms
02-03 12:43:05.021 D/dalvikvm(15954): GC_FOR_ALLOC freed 3766K, 46% free 9214K/16912K, paused 4ms, total 4ms
02-03 12:43:05.031 D/dalvikvm(15954): GC_FOR_ALLOC freed 3780K, 45% free 9379K/16912K, paused 4ms, total 4ms
02-03 12:43:05.031 D/dalvikvm(15954): GC_FOR_ALLOC freed 3464K, 43% free 9710K/16912K, paused 4ms, total 4ms
02-03 12:43:05.041 D/dalvikvm(15954): GC_FOR_ALLOC freed 4304K, 46% free 9217K/16912K, paused 4ms, total 4ms
02-03 12:43:05.051 D/dalvikvm(15954): GC_CONCURRENT freed 3818K, 45% free 9384K/16912K, paused 1ms+1ms, total 5ms
02-03 12:43:05.051 D/dalvikvm(15954): WAIT_FOR_CONCURRENT_GC blocked 4ms
02-03 12:43:05.051 D/dalvikvm(15954): GC_FOR_ALLOC freed 3497K, 43% free 9718K/16912K, paused 4ms, total 4ms
02-03 12:43:05.061 D/dalvikvm(15954): GC_FOR_ALLOC freed 4343K, 46% free 9220K/16912K, paused 4ms, total 4ms
02-03 12:43:05.071 D/dalvikvm(15954): GC_CONCURRENT freed 3852K, 45% free 9388K/16912K, paused 1ms+0ms, total 5ms
02-03 12:43:05.071 D/dalvikvm(15954): WAIT_FOR_CONCURRENT_GC blocked 4ms
02-03 12:43:05.071 D/dalvikvm(15954): GC_FOR_ALLOC freed 3528K, 43% free 9725K/16912K, paused 4ms, total 4ms
02-03 12:43:05.081 D/dalvikvm(15954): GC_FOR_ALLOC freed 4381K, 46% free 9223K/16912K, paused 4ms, total 4ms
02-03 12:43:05.091 D/dalvikvm(15954): GC_CONCURRENT freed 4079K, 46% free 9237K/16912K, paused 1ms+1ms, total 5ms
02-03 12:43:05.091 D/dalvikvm(15954): WAIT_FOR_CONCURRENT_GC blocked 4ms
02-03 12:43:05.101 D/dalvikvm(15954): GC_FOR_ALLOC freed 3348K, 43% free 9748K/16912K, paused 5ms, total 5ms
02-03 12:43:05.111 D/dalvikvm(15954): GC_FOR_ALLOC freed 4511K, 49% free 8629K/16912K, paused 4ms, total 4ms
02-03 12:43:05.131 D/dalvikvm(15954): GC_CONCURRENT freed 3322K, 45% free 9347K/16912K, paused 1ms+0ms, total 4ms
02-03 12:43:05.191 D/dalvikvm(15954): GC_CONCURRENT freed 4491K, 48% free 8932K/16912K, paused 1ms+1ms, total 7ms
02-03 12:43:05.191 D/dalvikvm(15954): WAIT_FOR_CONCURRENT_GC blocked 6ms
02-03 12:43:05.201 D/dalvikvm(15954): GC_CONCURRENT freed 4053K, 48% free 8937K/16912K, paused 1ms+1ms, total 5ms
02-03 12:43:05.201 D/dalvikvm(15954): WAIT_FOR_CONCURRENT_GC blocked 5ms
02-03 12:43:05.211 D/dalvikvm(15954): GC_CONCURRENT freed 4050K, 48% free 8947K/16912K, paused 0ms+1ms, total 5ms
02-03 12:43:05.211 D/dalvikvm(15954): WAIT_FOR_CONCURRENT_GC blocked 4ms
02-03 12:43:05.221 D/dalvikvm(15954): GC_CONCURRENT freed 3932K, 47% free 9063K/16912K, paused 0ms+1ms, total 5ms
02-03 12:43:05.221 D/dalvikvm(15954): WAIT_FOR_CONCURRENT_GC blocked 4ms
02-03 12:43:05.221 D/dalvikvm(15954): GC_CONCURRENT freed 4103K, 47% free 9022K/16912K, paused 0ms+1ms, total 4ms
02-03 12:43:05.221 D/dalvikvm(15954): WAIT_FOR_CONCURRENT_GC blocked 3ms
02-03 12:43:05.231 D/dalvikvm(15954): GC_CONCURRENT freed 4012K, 47% free 9096K/16912K, paused 0ms+1ms, total 5ms
02-03 12:43:05.231 D/dalvikvm(15954): WAIT_FOR_CONCURRENT_GC blocked 4ms
02-03 12:43:05.241 D/dalvikvm(15954): GC_FOR_ALLOC freed 4104K, 47% free 9037K/16912K, paused 5ms, total 5ms
02-03 12:43:05.251 D/dalvikvm(15954): GC_CONCURRENT freed 3433K, 46% free 9184K/16912K, paused 0ms+1ms, total 6ms
02-03 12:43:05.261 D/dalvikvm(15954): GC_CONCURRENT freed 4236K, 48% free 8936K/16912K, paused 1ms+0ms, total 5ms
02-03 12:43:05.261 D/dalvikvm(15954): WAIT_FOR_CONCURRENT_GC blocked 4ms
02-03 12:43:05.261 D/dalvikvm(15954): GC_CONCURRENT freed 4017K, 47% free 8977K/16912K, paused 1ms+1ms, total 5ms
02-03 12:43:05.261 D/dalvikvm(15954): WAIT_FOR_CONCURRENT_GC blocked 3ms
02-03 12:43:05.271 D/dalvikvm(15954): GC_CONCURRENT freed 3979K, 47% free 9058K/16912K, paused 1ms+1ms, total 5ms
02-03 12:43:05.271 D/dalvikvm(15954): WAIT_FOR_CONCURRENT_GC blocked 4ms
02-03 12:43:05.281 D/dalvikvm(15954): GC_CONCURRENT freed 4034K, 47% free 9062K/16912K, paused 0ms+1ms, total 5ms
02-03 12:43:05.281 D/dalvikvm(15954): WAIT_FOR_CONCURRENT_GC blocked 4ms
02-03 12:43:05.291 D/dalvikvm(15954): GC_CONCURRENT freed 4069K, 47% free 9018K/16912K, paused 1ms+1ms, total 5ms
02-03 12:43:05.291 D/dalvikvm(15954): WAIT_FOR_CONCURRENT_GC blocked 4ms
02-03 12:43:05.301 D/dalvikvm(15954): GC_CONCURRENT freed 4039K, 47% free 9019K/16912K, paused 0ms+1ms, total 5ms
02-03 12:43:05.301 D/dalvikvm(15954): WAIT_FOR_CONCURRENT_GC blocked 4ms
02-03 12:43:05.311 D/dalvikvm(15954): GC_CONCURRENT freed 3984K, 47% free 9075K/16912K, paused 1ms+1ms, total 5ms
02-03 12:43:05.311 D/dalvikvm(15954): WAIT_FOR_CONCURRENT_GC blocked 3ms
02-03 12:43:05.311 D/dalvikvm(15954): GC_CONCURRENT freed 3966K, 47% free 9078K/16912K, paused 1ms+1ms, total 5ms
02-03 12:43:05.311 D/dalvikvm(15954): WAIT_FOR_CONCURRENT_GC blocked 4ms
02-03 12:43:05.321 D/dalvikvm(15954): GC_CONCURRENT freed 4089K, 47% free 9085K/16912K, paused 1ms+1ms, total 5ms
02-03 12:43:05.321 D/dalvikvm(15954): WAIT_FOR_CONCURRENT_GC blocked 4ms
02-03 12:43:05.331 D/dalvikvm(15954): GC_CONCURRENT freed 4052K, 47% free 9031K/16912K, paused 1ms+1ms, total 5ms
02-03 12:43:05.331 D/dalvikvm(15954): WAIT_FOR_CONCURRENT_GC blocked 5ms
02-03 12:43:05.341 D/dalvikvm(15954): GC_CONCURRENT freed 3942K, 46% free 9145K/16912K, paused 0ms+0ms, total 5ms
02-03 12:43:05.341 D/dalvikvm(15954): WAIT_FOR_CONCURRENT_GC blocked 5ms
02-03 12:43:05.351 D/dalvikvm(15954): GC_CONCURRENT freed 4221K, 47% free 8974K/16912K, paused 1ms+1ms, total 5ms
02-03 12:43:05.351 D/dalvikvm(15954): WAIT_FOR_CONCURRENT_GC blocked 3ms
02-03 12:43:05.351 D/dalvikvm(15954): GC_FOR_ALLOC freed 3976K, 47% free 9033K/16912K, paused 4ms, total 4ms
02-03 12:43:05.361 D/dalvikvm(15954): GC_CONCURRENT freed 3825K, 46% free 9187K/16912K, paused 1ms+1ms, total 5ms
02-03 12:43:05.361 D/dalvikvm(15954): WAIT_FOR_CONCURRENT_GC blocked 3ms
02-03 12:43:05.371 D/dalvikvm(15954): GC_CONCURRENT freed 4095K, 47% free 9132K/16912K, paused 1ms+1ms, total 5ms
02-03 12:43:05.371 D/dalvikvm(15954): WAIT_FOR_CONCURRENT_GC blocked 4ms
02-03 12:43:05.381 D/dalvikvm(15954): GC_CONCURRENT freed 3999K, 46% free 9133K/16912K, paused 1ms+1ms, total 5ms
02-03 12:43:05.381 D/dalvikvm(15954): WAIT_FOR_CONCURRENT_GC blocked 4ms
02-03 12:43:05.391 D/dalvikvm(15954): GC_CONCURRENT freed 4080K, 46% free 9139K/16912K, paused 1ms+1ms, total 6ms
02-03 12:43:05.391 D/dalvikvm(15954): WAIT_FOR_CONCURRENT_GC blocked 5ms
02-03 12:43:05.401 D/dalvikvm(15954): GC_CONCURRENT freed 3967K, 46% free 9206K/16912K, paused 1ms+1ms, total 5ms
02-03 12:43:05.401 D/dalvikvm(15954): WAIT_FOR_CONCURRENT_GC blocked 4ms
02-03 12:43:05.401 D/dalvikvm(15954): GC_FOR_ALLOC freed 4113K, 47% free 9005K/16912K, paused 5ms, total 5ms
02-03 12:43:05.411 D/dalvikvm(15954): GC_FOR_ALLOC freed 3984K, 47% free 9072K/16912K, paused 4ms, total 4ms
02-03 12:43:05.421 D/dalvikvm(15954): GC_CONCURRENT freed 3146K, 44% free 9629K/16912K, paused 0ms+1ms, total 5ms
02-03 12:43:05.421 D/dalvikvm(15954): GC_FOR_ALLOC freed 4605K, 47% free 9005K/16912K, paused 4ms, total 4ms
02-03 12:43:05.431 D/dalvikvm(15954): GC_CONCURRENT freed 3333K, 43% free 9717K/16912K, paused 0ms+1ms, total 5ms
02-03 12:43:05.431 D/dalvikvm(15954): WAIT_FOR_CONCURRENT_GC blocked 2ms
02-03 12:43:05.441 D/dalvikvm(15954): GC_FOR_ALLOC freed 4458K, 46% free 9222K/16912K, paused 4ms, total 4ms
02-03 12:43:05.441 D/dalvikvm(15954): GC_CONCURRENT freed 4174K, 47% free 9106K/16912K, paused 1ms+1ms, total 5ms
02-03 12:43:05.451 D/dalvikvm(15954): WAIT_FOR_CONCURRENT_GC blocked 4ms
02-03 12:43:05.451 D/dalvikvm(15954): GC_CONCURRENT freed 3933K, 46% free 9186K/16912K, paused 0ms+1ms, total 4ms
02-03 12:43:05.451 D/dalvikvm(15954): WAIT_FOR_CONCURRENT_GC blocked 4ms
02-03 12:43:05.461 D/dalvikvm(15954): GC_CONCURRENT freed 4071K, 47% free 9109K/16912K, paused 1ms+1ms, total 6ms
02-03 12:43:05.461 D/dalvikvm(15954): WAIT_FOR_CONCURRENT_GC blocked 3ms
02-03 12:43:05.471 D/dalvikvm(15954): GC_CONCURRENT freed 3818K, 46% free 9264K/16912K, paused 0ms+1ms, total 5ms
02-03 12:43:05.471 D/dalvikvm(15954): WAIT_FOR_CONCURRENT_GC blocked 4ms
02-03 12:43:05.481 D/dalvikvm(15954): GC_CONCURRENT freed 4109K, 46% free 9187K/16912K, paused 0ms+0ms, total 5ms
02-03 12:43:05.481 D/dalvikvm(15954): WAIT_FOR_CONCURRENT_GC blocked 4ms
02-03 12:43:05.481 D/dalvikvm(15954): GC_FOR_ALLOC freed 4086K, 47% free 9027K/16912K, paused 4ms, total 4ms
02-03 12:43:05.491 D/dalvikvm(15954): GC_CONCURRENT freed 3816K, 46% free 9192K/16912K, paused 1ms+1ms, total 5ms
02-03 12:43:05.491 D/dalvikvm(15954): WAIT_FOR_CONCURRENT_GC blocked 4ms
02-03 12:43:05.501 D/dalvikvm(15954): GC_CONCURRENT freed 4030K, 46% free 9196K/16912K, paused 1ms+1ms, total 5ms
02-03 12:43:05.501 D/dalvikvm(15954): WAIT_FOR_CONCURRENT_GC blocked 4ms
02-03 12:43:05.511 D/dalvikvm(15954): GC_CONCURRENT freed 4088K, 46% free 9197K/16912K, paused 1ms+1ms, total 5ms
02-03 12:43:05.511 D/dalvikvm(15954): WAIT_FOR_CONCURRENT_GC blocked 4ms
02-03 12:43:05.521 D/dalvikvm(15954): GC_CONCURRENT freed 3882K, 46% free 9285K/16912K, paused 1ms+1ms, total 5ms
02-03 12:43:05.521 D/dalvikvm(15954): WAIT_FOR_CONCURRENT_GC blocked 4ms
02-03 12:43:05.521 D/dalvikvm(15954): GC_CONCURRENT freed 4189K, 47% free 9115K/16912K, paused 0ms+0ms, total 5ms
02-03 12:43:05.521 D/dalvikvm(15954): WAIT_FOR_CONCURRENT_GC blocked 5ms
02-03 12:43:05.531 D/dalvikvm(15954): GC_CONCURRENT freed 3894K, 46% free 9201K/16912K, paused 0ms+1ms, total 5ms
02-03 12:43:05.531 D/dalvikvm(15954): WAIT_FOR_CONCURRENT_GC blocked 4ms
02-03 12:43:05.541 D/dalvikvm(15954): GC_FOR_ALLOC freed 4019K, 47% free 9116K/16912K, paused 5ms, total 5ms
02-03 12:43:05.551 D/dalvikvm(15954): GC_CONCURRENT freed 3976K, 46% free 9236K/16912K, paused 0ms+1ms, total 4ms
02-03 12:43:05.551 D/dalvikvm(15954): WAIT_FOR_CONCURRENT_GC blocked 4ms
02-03 12:43:05.551 D/dalvikvm(15954): GC_FOR_ALLOC freed 4114K, 46% free 9146K/16912K, paused 4ms, total 4ms
02-03 12:43:05.561 D/dalvikvm(15954): GC_CONCURRENT freed 3522K, 44% free 9599K/16912K, paused 0ms+1ms, total 5ms
02-03 12:43:05.561 D/dalvikvm(15954): WAIT_FOR_CONCURRENT_GC blocked 2ms
02-03 12:43:05.571 D/dalvikvm(15954): GC_CONCURRENT freed 4378K, 46% free 9240K/16912K, paused 1ms+1ms, total 5ms
02-03 12:43:05.571 D/dalvikvm(15954): WAIT_FOR_CONCURRENT_GC blocked 4ms
02-03 12:43:05.581 D/dalvikvm(15954): GC_FOR_ALLOC freed 4054K, 47% free 9059K/16912K, paused 4ms, total 4ms
02-03 12:43:05.581 D/dalvikvm(15954): GC_FOR_ALLOC freed 3909K, 47% free 9060K/16912K, paused 4ms, total 4ms
02-03 12:43:05.591 D/dalvikvm(15954): GC_FOR_ALLOC freed 3947K, 47% free 9062K/16912K, paused 4ms, total 4ms
02-03 12:43:05.601 D/dalvikvm(15954): GC_CONCURRENT freed 3794K, 46% free 9254K/16912K, paused 1ms+1ms, total 5ms
02-03 12:43:05.601 D/dalvikvm(15954): WAIT_FOR_CONCURRENT_GC blocked 4ms
02-03 12:43:05.601 D/dalvikvm(15954): GC_CONCURRENT freed 4020K, 46% free 9258K/16912K, paused 1ms+1ms, total 5ms
02-03 12:43:05.601 D/dalvikvm(15954): WAIT_FOR_CONCURRENT_GC blocked 4ms
02-03 12:43:05.611 D/dalvikvm(15954): GC_CONCURRENT freed 4058K, 46% free 9261K/16912K, paused 1ms+0ms, total 5ms
02-03 12:43:05.611 D/dalvikvm(15954): WAIT_FOR_CONCURRENT_GC blocked 4ms
02-03 12:43:05.621 D/dalvikvm(15954): GC_FOR_ALLOC freed 3805K, 45% free 9358K/16912K, paused 5ms, total 5ms
02-03 12:43:05.631 D/dalvikvm(15954): GC_FOR_ALLOC freed 4130K, 46% free 9165K/16912K, paused 4ms, total 4ms
02-03 12:43:05.631 D/dalvikvm(15954): GC_FOR_ALLOC freed 3969K, 47% free 9069K/16912K, paused 4ms, total 4ms
02-03 12:43:05.641 D/dalvikvm(15954): GC_FOR_ALLOC freed 3701K, 45% free 9370K/16912K, paused 4ms, total 4ms
02-03 12:43:05.651 D/dalvikvm(15954): GC_CONCURRENT freed 2827K, 40% free 10278K/16912K, paused 0ms+1ms, total 5ms
02-03 12:43:05.651 D/dalvikvm(15954): GC_FOR_ALLOC freed 4970K, 45% free 9379K/16912K, paused 4ms, total 4ms
02-03 12:43:05.661 D/dalvikvm(15954): GC_CONCURRENT freed 3593K, 44% free 9585K/16912K, paused 1ms+2ms, total 6ms
02-03 12:43:05.661 D/dalvikvm(15954): WAIT_FOR_CONCURRENT_GC blocked 2ms
02-03 12:43:05.671 D/dalvikvm(15954): GC_FOR_ALLOC freed 4335K, 46% free 9180K/16912K, paused 4ms, total 4ms
02-03 12:43:05.671 D/dalvikvm(15954): GC_CONCURRENT freed 3962K, 46% free 9288K/16912K, paused 0ms+1ms, total 4ms
02-03 12:43:05.671 D/dalvikvm(15954): WAIT_FOR_CONCURRENT_GC blocked 4ms
02-03 12:43:05.681 D/dalvikvm(15954): GC_FOR_ALLOC freed 4099K, 46% free 9185K/16912K, paused 4ms, total 4ms
02-03 12:43:05.691 D/dalvikvm(15954): GC_CONCURRENT freed 3182K, 42% free 9926K/16912K, paused 1ms+1ms, total 6ms
02-03 12:43:05.691 D/dalvikvm(15954): WAIT_FOR_CONCURRENT_GC blocked 1ms
02-03 12:43:05.691 D/dalvikvm(15954): GC_FOR_ALLOC freed 4796K, 47% free 9084K/16912K, paused 4ms, total 4ms
02-03 12:43:05.701 D/dalvikvm(15954): GC_FOR_ALLOC freed 3980K, 46% free 9193K/16912K, paused 4ms, total 4ms
02-03 12:43:05.711 D/dalvikvm(15954): GC_CONCURRENT freed 2930K, 40% free 10273K/16912K, paused 0ms+1ms, total 5ms
02-03 12:43:05.711 D/dalvikvm(15954): WAIT_FOR_CONCURRENT_GC blocked 1ms
02-03 12:43:05.711 D/dalvikvm(15954): GC_FOR_ALLOC freed 4679K, 45% free 9415K/16912K, paused 4ms, total 4ms
02-03 12:43:05.721 D/dalvikvm(15954): GC_CONCURRENT freed 4175K, 45% free 9310K/16912K, paused 1ms+1ms, total 5ms
02-03 12:43:05.721 D/dalvikvm(15954): WAIT_FOR_CONCURRENT_GC blocked 4ms
02-03 12:43:05.731 D/dalvikvm(15954): GC_FOR_ALLOC freed 4094K, 47% free 9092K/16912K, paused 4ms, total 4ms
02-03 12:43:05.731 D/dalvikvm(15954): GC_FOR_ALLOC freed 3900K, 47% free 9093K/16912K, paused 4ms, total 4ms
02-03 12:43:05.741 D/dalvikvm(15954): GC_FOR_ALLOC freed 3926K, 47% free 9095K/16912K, paused 5ms, total 5ms
02-03 12:43:05.751 D/dalvikvm(15954): GC_FOR_ALLOC freed 3952K, 47% free 9096K/16912K, paused 4ms, total 4ms
02-03 12:43:05.761 D/dalvikvm(15954): GC_CONCURRENT freed 3751K, 45% free 9325K/16912K, paused 0ms+0ms, total 5ms
02-03 12:43:05.761 D/dalvikvm(15954): WAIT_FOR_CONCURRENT_GC blocked 4ms
02-03 12:43:05.761 D/dalvikvm(15954): GC_CONCURRENT freed 4003K, 45% free 9328K/16912K, paused 0ms+0ms, total 5ms
02-03 12:43:05.761 D/dalvikvm(15954): WAIT_FOR_CONCURRENT_GC blocked 4ms
02-03 12:43:05.771 D/dalvikvm(15954): GC_CONCURRENT freed 4029K, 45% free 9331K/16912K, paused 0ms+0ms, total 5ms
02-03 12:43:05.771 D/dalvikvm(15954): WAIT_FOR_CONCURRENT_GC blocked 4ms
02-03 12:43:05.781 D/dalvikvm(15954): GC_CONCURRENT freed 4055K, 45% free 9334K/16912K, paused 0ms+0ms, total 5ms
02-03 12:43:05.781 D/dalvikvm(15954): WAIT_FOR_CONCURRENT_GC blocked 4ms
02-03 12:43:05.791 D/dalvikvm(15954): GC_FOR_ALLOC freed 4318K, 47% free 9104K/16912K, paused 4ms, total 4ms
02-03 12:43:05.791 D/dalvikvm(15954): GC_FOR_ALLOC freed 3525K, 45% free 9458K/16912K, paused 4ms, total 4ms
02-03 12:43:05.801 D/dalvikvm(15954): GC_FOR_ALLOC freed 4140K, 46% free 9225K/16912K, paused 4ms, total 4ms
02-03 12:43:05.811 D/dalvikvm(15954): GC_FOR_ALLOC freed 3931K, 47% free 9109K/16912K, paused 4ms, total 4ms
02-03 12:43:05.821 D/dalvikvm(15954): GC_FOR_ALLOC freed 3596K, 45% free 9469K/16912K, paused 4ms, total 4ms
02-03 12:43:05.821 D/dalvikvm(15954): GC_CONCURRENT freed 4222K, 46% free 9232K/16912K, paused 0ms+0ms, total 5ms
02-03 12:43:05.821 D/dalvikvm(15954): WAIT_FOR_CONCURRENT_GC blocked 2ms
02-03 12:43:05.831 D/dalvikvm(15954): GC_FOR_ALLOC freed 4009K, 47% free 9113K/16912K, paused 4ms, total 4ms
02-03 12:43:05.841 D/dalvikvm(15954): GC_FOR_ALLOC freed 3666K, 44% free 9481K/16912K, paused 4ms, total 5ms
02-03 12:43:05.841 D/dalvikvm(15954): GC_CONCURRENT freed 2954K, 40% free 10219K/16912K, paused 0ms+1ms, total 5ms
02-03 12:43:05.851 D/dalvikvm(15954): GC_FOR_ALLOC freed 4569K, 47% free 9118K/16912K, paused 4ms, total 4ms
02-03 12:43:05.861 D/dalvikvm(15954): GC_FOR_ALLOC freed 3732K, 46% free 9243K/16912K, paused 4ms, total 4ms
02-03 12:43:05.861 D/dalvikvm(15954): GC_CONCURRENT freed 3880K, 45% free 9371K/16912K, paused 1ms+1ms, total 5ms
02-03 12:43:05.861 D/dalvikvm(15954): WAIT_FOR_CONCURRENT_GC blocked 4ms
02-03 12:43:05.871 D/dalvikvm(15954): GC_FOR_ALLOC freed 4028K, 46% free 9247K/16912K, paused 4ms, total 4ms
02-03 12:43:05.881 D/dalvikvm(15954): GC_CONCURRENT freed 3927K, 45% free 9377K/16912K, paused 1ms+0ms, total 5ms
02-03 12:43:05.881 D/dalvikvm(15954): WAIT_FOR_CONCURRENT_GC blocked 4ms
02-03 12:43:05.891 D/dalvikvm(15954): GC_FOR_ALLOC freed 4076K, 46% free 9252K/16912K, paused 4ms, total 4ms
02-03 12:43:05.891 D/dalvikvm(15954): GC_FOR_ALLOC freed 3587K, 44% free 9510K/16912K, paused 4ms, total 4ms
02-03 12:43:05.901 D/dalvikvm(15954): GC_FOR_ALLOC freed 4252K, 47% free 9128K/16912K, paused 4ms, total 4ms
02-03 12:43:05.911 D/dalvikvm(15954): GC_CONCURRENT freed 3887K, 46% free 9258K/16912K, paused 0ms+1ms, total 5ms
02-03 12:43:05.911 D/dalvikvm(15954): WAIT_FOR_CONCURRENT_GC blocked 5ms
02-03 12:43:05.911 D/dalvikvm(15954): GC_FOR_ALLOC freed 3647K, 44% free 9521K/16912K, paused 4ms, total 4ms
02-03 12:43:05.921 D/dalvikvm(15954): GC_FOR_ALLOC freed 3666K, 44% free 9525K/16912K, paused 4ms, total 4ms
02-03 12:43:05.931 D/dalvikvm(15954): GC_FOR_ALLOC freed 3685K, 44% free 9528K/16912K, paused 4ms, total 4ms
02-03 12:43:05.931 D/dalvikvm(15954): GC_FOR_ALLOC freed 3703K, 44% free 9531K/16912K, paused 4ms, total 4ms
02-03 12:43:05.941 D/dalvikvm(15954): GC_FOR_ALLOC freed 3722K, 44% free 9535K/16912K, paused 5ms, total 5ms
02-03 12:43:05.951 D/dalvikvm(15954): GC_FOR_ALLOC freed 3741K, 44% free 9538K/16912K, paused 4ms, total 4ms
02-03 12:43:05.951 D/dalvikvm(15954): GC_FOR_ALLOC freed 3760K, 44% free 9541K/16912K, paused 4ms, total 4ms
02-03 12:43:05.961 D/dalvikvm(15954): GC_FOR_ALLOC freed 3779K, 44% free 9545K/16912K, paused 4ms, total 4ms
02-03 12:43:05.971 D/dalvikvm(15954): GC_FOR_ALLOC freed 3798K, 44% free 9548K/16912K, paused 4ms, total 4ms
02-03 12:43:05.971 D/dalvikvm(15954): GC_FOR_ALLOC freed 3817K, 44% free 9552K/16912K, paused 4ms, total 4ms
02-03 12:43:05.981 D/dalvikvm(15954): GC_FOR_ALLOC freed 3836K, 44% free 9555K/16912K, paused 4ms, total 4ms
02-03 12:43:05.991 D/dalvikvm(15954): GC_FOR_ALLOC freed 3855K, 44% free 9558K/16912K, paused 5ms, total 5ms
02-03 12:43:05.991 D/dalvikvm(15954): GC_FOR_ALLOC freed 3873K, 44% free 9562K/16912K, paused 4ms, total 4ms
02-03 12:43:06.001 D/dalvikvm(15954): GC_FOR_ALLOC freed 3892K, 44% free 9565K/16912K, paused 4ms, total 4ms
02-03 12:43:06.011 D/dalvikvm(15954): GC_FOR_ALLOC freed 3911K, 44% free 9568K/16912K, paused 4ms, total 4ms
02-03 12:43:06.011 D/dalvikvm(15954): GC_FOR_ALLOC freed 3930K, 44% free 9572K/16912K, paused 4ms, total 4ms
02-03 12:43:06.021 D/dalvikvm(15954): GC_FOR_ALLOC freed 3949K, 44% free 9575K/16912K, paused 4ms, total 4ms
02-03 12:43:06.031 D/dalvikvm(15954): GC_FOR_ALLOC freed 3968K, 44% free 9578K/16912K, paused 4ms, total 4ms
02-03 12:43:06.031 D/dalvikvm(15954): GC_CONCURRENT freed 2993K, 38% free 10575K/16912K, paused 1ms+1ms, total 5ms
02-03 12:43:06.031 D/dalvikvm(15954): WAIT_FOR_CONCURRENT_GC blocked 1ms
02-03 12:43:06.041 D/dalvikvm(15954): GC_FOR_ALLOC freed 3995K, 46% free 9298K/16912K, paused 5ms, total 5ms
02-03 12:43:06.051 D/dalvikvm(15954): GC_CONCURRENT freed 4019K, 46% free 9300K/16912K, paused 0ms+1ms, total 4ms
02-03 12:43:06.051 D/dalvikvm(15954): WAIT_FOR_CONCURRENT_GC blocked 4ms
02-03 12:43:06.051 D/dalvikvm(15954): GC_FOR_ALLOC freed 4038K, 45% free 9302K/16912K, paused 4ms, total 4ms
02-03 12:43:06.061 D/dalvikvm(15954): GC_CONCURRENT freed 3336K, 41% free 10026K/16912K, paused 1ms+1ms, total 6ms
02-03 12:43:06.061 D/dalvikvm(15954): WAIT_FOR_CONCURRENT_GC blocked 1ms
02-03 12:43:06.071 D/dalvikvm(15954): GC_FOR_ALLOC freed 3776K, 44% free 9597K/16912K, paused 5ms, total 5ms
02-03 12:43:06.071 D/dalvikvm(15954): GC_FOR_ALLOC freed 4090K, 45% free 9308K/16912K, paused 4ms, total 4ms
02-03 12:43:06.081 D/dalvikvm(15954): GC_FOR_ALLOC freed 3815K, 46% free 9164K/16912K, paused 4ms, total 4ms
02-03 12:43:06.091 D/dalvikvm(15954): GC_FOR_ALLOC freed 3388K, 44% free 9606K/16912K, paused 5ms, total 5ms
02-03 12:43:06.091 D/dalvikvm(15954): GC_FOR_ALLOC freed 3845K, 46% free 9166K/16912K, paused 4ms, total 4ms
02-03 12:43:06.101 D/dalvikvm(15954): GC_FOR_ALLOC freed 3415K, 44% free 9612K/16912K, paused 4ms, total 4ms
02-03 12:43:06.101 D/dalvikvm(15954): GC_FOR_ALLOC freed 3876K, 46% free 9168K/16912K, paused 4ms, total 4ms
02-03 12:43:06.111 D/dalvikvm(15954): GC_FOR_ALLOC freed 3442K, 44% free 9618K/16912K, paused 4ms, total 4ms
02-03 12:43:06.121 D/dalvikvm(15954): GC_FOR_ALLOC freed 3907K, 46% free 9171K/16912K, paused 4ms, total 4ms
02-03 12:43:06.121 D/dalvikvm(15954): GC_FOR_ALLOC freed 3469K, 44% free 9624K/16912K, paused 4ms, total 4ms
02-03 12:43:06.131 D/dalvikvm(15954): GC_FOR_ALLOC freed 3937K, 46% free 9173K/16912K, paused 4ms, total 4ms
02-03 12:43:06.141 D/dalvikvm(15954): GC_FOR_ALLOC freed 3496K, 44% free 9630K/16912K, paused 4ms, total 4ms
02-03 12:43:06.141 D/dalvikvm(15954): GC_FOR_ALLOC freed 3968K, 46% free 9175K/16912K, paused 4ms, total 4ms
02-03 12:43:06.151 D/dalvikvm(15954): GC_CONCURRENT freed 3523K, 44% free 9636K/16912K, paused 1ms+1ms, total 6ms
02-03 12:43:06.151 D/dalvikvm(15954): WAIT_FOR_CONCURRENT_GC blocked 2ms
02-03 12:43:06.161 D/dalvikvm(15954): GC_FOR_ALLOC freed 3998K, 46% free 9178K/16912K, paused 4ms, total 4ms
02-03 12:43:06.171 D/dalvikvm(15954): GC_FOR_ALLOC freed 3550K, 43% free 9641K/16912K, paused 4ms, total 4ms
02-03 12:43:06.171 D/dalvikvm(15954): GC_CONCURRENT freed 2948K, 40% free 10261K/16912K, paused 0ms+1ms, total 5ms
02-03 12:43:06.171 D/dalvikvm(15954): WAIT_FOR_CONCURRENT_GC blocked 1ms
02-03 12:43:06.181 D/dalvikvm(15954): GC_FOR_ALLOC freed 3568K, 45% free 9336K/16912K, paused 4ms, total 4ms
02-03 12:43:06.181 D/dalvikvm(15954): GC_FOR_ALLOC freed 4055K, 46% free 9182K/16912K, paused 4ms, total 4ms
02-03 12:43:06.191 D/dalvikvm(15954): GC_FOR_ALLOC freed 3600K, 43% free 9652K/16912K, paused 4ms, total 4ms
02-03 12:43:06.201 D/dalvikvm(15954): GC_CONCURRENT freed 2989K, 40% free 10281K/16912K, paused 1ms+1ms, total 6ms
02-03 12:43:06.201 D/dalvikvm(15954): WAIT_FOR_CONCURRENT_GC blocked 2ms
02-03 12:43:06.201 D/dalvikvm(15954): GC_FOR_ALLOC freed 3618K, 45% free 9342K/16912K, paused 4ms, total 4ms
02-03 12:43:06.211 D/dalvikvm(15954): GC_FOR_ALLOC freed 4112K, 46% free 9186K/16912K, paused 4ms, total 4ms
02-03 12:43:06.221 D/dalvikvm(15954): GC_FOR_ALLOC freed 3650K, 45% free 9346K/16912K, paused 4ms, total 4ms
02-03 12:43:06.221 D/dalvikvm(15954): GC_CONCURRENT freed 3824K, 44% free 9507K/16912K, paused 0ms+1ms, total 4ms
02-03 12:43:06.221 D/dalvikvm(15954): WAIT_FOR_CONCURRENT_GC blocked 4ms
02-03 12:43:06.231 D/dalvikvm(15954): GC_FOR_ALLOC freed 3997K, 45% free 9349K/16912K, paused 4ms, total 4ms
02-03 12:43:06.241 D/dalvikvm(15954): GC_CONCURRENT freed 3854K, 44% free 9512K/16912K, paused 1ms+1ms, total 5ms
02-03 12:43:06.241 D/dalvikvm(15954): WAIT_FOR_CONCURRENT_GC blocked 4ms
02-03 12:43:06.251 D/dalvikvm(15954): GC_FOR_ALLOC freed 4027K, 45% free 9353K/16912K, paused 5ms, total 5ms
02-03 12:43:06.251 D/dalvikvm(15954): GC_CONCURRENT freed 3883K, 44% free 9517K/16912K, paused 1ms+1ms, total 6ms
02-03 12:43:06.251 D/dalvikvm(15954): WAIT_FOR_CONCURRENT_GC blocked 4ms
02-03 12:43:06.261 D/dalvikvm(15954): GC_FOR_ALLOC freed 4057K, 45% free 9357K/16912K, paused 4ms, total 4ms
02-03 12:43:06.271 D/dalvikvm(15954): GC_CONCURRENT freed 3912K, 44% free 9522K/16912K, paused 1ms+1ms, total 5ms
02-03 12:43:06.271 D/dalvikvm(15954): WAIT_FOR_CONCURRENT_GC blocked 4ms
02-03 12:43:06.281 D/dalvikvm(15954): GC_FOR_ALLOC freed 4089K, 45% free 9360K/16912K, paused 4ms, total 4ms
02-03 12:43:06.281 D/dalvikvm(15954): GC_FOR_ALLOC freed 3448K, 43% free 9690K/16912K, paused 4ms, total 4ms
02-03 12:43:06.291 D/dalvikvm(15954): GC_FOR_ALLOC freed 3460K, 43% free 9693K/16912K, paused 4ms, total 4ms
02-03 12:43:06.291 D/dalvikvm(15954): GC_FOR_ALLOC freed 3471K, 43% free 9696K/16912K, paused 4ms, total 4ms
02-03 12:43:06.301 D/dalvikvm(15954): GC_FOR_ALLOC freed 3481K, 43% free 9698K/16912K, paused 4ms, total 4ms
02-03 12:43:06.311 D/dalvikvm(15954): GC_FOR_ALLOC freed 3490K, 43% free 9700K/16912K, paused 4ms, total 4ms
02-03 12:43:06.311 D/dalvikvm(15954): GC_FOR_ALLOC freed 3500K, 43% free 9703K/16912K, paused 4ms, total 4ms
02-03 12:43:06.321 D/dalvikvm(15954): GC_FOR_ALLOC freed 3509K, 43% free 9705K/16912K, paused 4ms, total 4ms
02-03 12:43:06.331 D/dalvikvm(15954): GC_FOR_ALLOC freed 3518K, 43% free 9707K/16912K, paused 4ms, total 4ms
02-03 12:43:06.331 D/dalvikvm(15954): GC_FOR_ALLOC freed 3528K, 43% free 9709K/16912K, paused 4ms, total 5ms
02-03 12:43:06.341 D/dalvikvm(15954): GC_FOR_ALLOC freed 3537K, 43% free 9712K/16912K, paused 4ms, total 4ms
02-03 12:43:06.351 D/dalvikvm(15954): GC_FOR_ALLOC freed 4048K, 45% free 9377K/16912K, paused 4ms, total 4ms
02-03 12:43:06.361 D/dalvikvm(15954): GC_FOR_ALLOC freed 3861K, 46% free 9200K/16912K, paused 4ms, total 4ms
02-03 12:43:06.361 D/dalvikvm(15954): GC_FOR_ALLOC freed 3748K, 46% free 9201K/16912K, paused 4ms, total 4ms
02-03 12:43:06.371 D/dalvikvm(15954): GC_FOR_ALLOC freed 1116K, 37% free 10670K/16912K, paused 3ms, total 3ms
02-03 12:43:06.451 D/dalvikvm(15954): GC_CONCURRENT freed 5815K, 48% free 8944K/16912K, paused 1ms+0ms, total 6ms
02-03 12:43:06.451 D/dalvikvm(15954): WAIT_FOR_CONCURRENT_GC blocked 6ms
02-03 12:43:06.461 D/dalvikvm(15954): GC_CONCURRENT freed 4074K, 48% free 8961K/16912K, paused 1ms+1ms, total 5ms
02-03 12:43:06.461 D/dalvikvm(15954): WAIT_FOR_CONCURRENT_GC blocked 4ms
02-03 12:43:06.471 D/dalvikvm(15954): GC_FOR_ALLOC freed 4077K, 47% free 8974K/16912K, paused 4ms, total 4ms
02-03 12:43:06.471 D/dalvikvm(15954): GC_CONCURRENT freed 2098K, 46% free 9160K/16912K, paused 1ms+2ms, total 6ms
02-03 12:43:06.481 D/dalvikvm(15954): GC_FOR_ALLOC freed 4232K, 47% free 8990K/16912K, paused 4ms, total 4ms
02-03 12:43:06.491 D/dalvikvm(15954): GC_CONCURRENT freed 3723K, 46% free 9270K/16912K, paused 1ms+1ms, total 6ms
02-03 12:43:06.491 D/dalvikvm(15954): GC_FOR_ALLOC freed 4286K, 47% free 9037K/16912K, paused 4ms, total 5ms
02-03 12:43:06.501 D/dalvikvm(15954): GC_CONCURRENT freed 3690K, 45% free 9415K/16912K, paused 0ms+1ms, total 6ms
02-03 12:43:06.511 D/dalvikvm(15954): GC_CONCURRENT freed 4444K, 47% free 9018K/16912K, paused 0ms+0ms, total 5ms
02-03 12:43:06.511 D/dalvikvm(15954): WAIT_FOR_CONCURRENT_GC blocked 4ms
02-03 12:43:06.521 D/dalvikvm(15954): GC_CONCURRENT freed 4029K, 47% free 9023K/16912K, paused 1ms+1ms, total 5ms
02-03 12:43:06.521 D/dalvikvm(15954): WAIT_FOR_CONCURRENT_GC blocked 4ms
02-03 12:43:06.521 D/dalvikvm(15954): GC_CONCURRENT freed 3977K, 47% free 9028K/16912K, paused 1ms+1ms, total 5ms
02-03 12:43:06.521 D/dalvikvm(15954): WAIT_FOR_CONCURRENT_GC blocked 4ms
02-03 12:43:06.531 D/dalvikvm(15954): GC_FOR_ALLOC freed 4059K, 47% free 8988K/16912K, paused 4ms, total 4ms
02-03 12:43:06.541 D/dalvikvm(15954): GC_CONCURRENT freed 3346K, 46% free 9287K/16912K, paused 2ms+1ms, total 6ms
02-03 12:43:06.541 D/dalvikvm(15954): GC_FOR_ALLOC freed 4301K, 47% free 9026K/16912K, paused 4ms, total 4ms
02-03 12:43:06.551 D/dalvikvm(15954): GC_CONCURRENT freed 3615K, 45% free 9315K/16912K, paused 1ms+2ms, total 6ms
02-03 12:43:06.561 D/dalvikvm(15954): GC_FOR_ALLOC freed 4279K, 47% free 9033K/16912K, paused 4ms, total 4ms
02-03 12:43:06.561 D/dalvikvm(15954): GC_CONCURRENT freed 3619K, 44% free 9492K/16912K, paused 1ms+1ms, total 6ms
02-03 12:43:06.561 D/dalvikvm(15954): WAIT_FOR_CONCURRENT_GC blocked 1ms
02-03 12:43:06.571 D/dalvikvm(15954): GC_FOR_ALLOC freed 4453K, 47% free 9035K/16912K, paused 4ms, total 4ms
02-03 12:43:06.581 D/dalvikvm(15954): GC_CONCURRENT freed 3730K, 45% free 9364K/16912K, paused 0ms+1ms, total 5ms
02-03 12:43:06.581 D/dalvikvm(15954): GC_FOR_ALLOC freed 4330K, 47% free 8984K/16912K, paused 4ms, total 4ms
02-03 12:43:06.591 D/dalvikvm(15954): GC_CONCURRENT freed 3933K, 47% free 9104K/16912K, paused 0ms+1ms, total 5ms
02-03 12:43:06.591 D/dalvikvm(15954): WAIT_FOR_CONCURRENT_GC blocked 4ms
02-03 12:43:06.601 D/dalvikvm(15954): GC_FOR_ALLOC freed 3975K, 46% free 9164K/16912K, paused 4ms, total 4ms
02-03 12:43:06.611 D/dalvikvm(15954): GC_CONCURRENT freed 3586K, 44% free 9529K/16912K, paused 1ms+1ms, total 6ms
02-03 12:43:06.611 D/dalvikvm(15954): GC_FOR_ALLOC freed 4460K, 47% free 8987K/16912K, paused 4ms, total 4ms
02-03 12:43:06.621 D/dalvikvm(15954): GC_CONCURRENT freed 3870K, 47% free 9118K/16912K, paused 1ms+1ms, total 5ms
02-03 12:43:06.621 D/dalvikvm(15954): WAIT_FOR_CONCURRENT_GC blocked 4ms
02-03 12:43:06.631 D/dalvikvm(15954): GC_CONCURRENT freed 4084K, 47% free 9119K/16912K, paused 1ms+1ms, total 5ms
02-03 12:43:06.631 D/dalvikvm(15954): WAIT_FOR_CONCURRENT_GC blocked 4ms
02-03 12:43:06.641 D/dalvikvm(15954): GC_FOR_ALLOC freed 3967K, 46% free 9218K/16912K, paused 4ms, total 5ms
02-03 12:43:06.641 D/dalvikvm(15954): GC_CONCURRENT freed 3506K, 44% free 9622K/16912K, paused 1ms+1ms, total 6ms
02-03 12:43:06.651 D/dalvikvm(15954): GC_FOR_ALLOC freed 4587K, 47% free 9088K/16912K, paused 4ms, total 4ms
02-03 12:43:06.661 D/dalvikvm(15954): GC_CONCURRENT freed 3149K, 43% free 9641K/16912K, paused 1ms+1ms, total 6ms
02-03 12:43:06.661 D/dalvikvm(15954): GC_CONCURRENT freed 4459K, 46% free 9164K/16912K, paused 1ms+1ms, total 5ms
02-03 12:43:06.661 D/dalvikvm(15954): WAIT_FOR_CONCURRENT_GC blocked 4ms
02-03 12:43:06.671 D/dalvikvm(15954): GC_CONCURRENT freed 4040K, 46% free 9169K/16912K, paused 1ms+1ms, total 5ms
02-03 12:43:06.671 D/dalvikvm(15954): WAIT_FOR_CONCURRENT_GC blocked 4ms
02-03 12:43:06.681 D/dalvikvm(15954): GC_FOR_ALLOC freed 3889K, 46% free 9242K/16912K, paused 4ms, total 4ms
02-03 12:43:06.691 D/dalvikvm(15954): GC_FOR_ALLOC freed 4175K, 47% free 9094K/16912K, paused 5ms, total 5ms
02-03 12:43:06.691 D/dalvikvm(15954): GC_CONCURRENT freed 3025K, 43% free 9776K/16912K, paused 0ms+1ms, total 6ms
02-03 12:43:06.701 D/dalvikvm(15954): GC_CONCURRENT freed 4667K, 46% free 9178K/16912K, paused 1ms+1ms, total 6ms
02-03 12:43:06.701 D/dalvikvm(15954): WAIT_FOR_CONCURRENT_GC blocked 5ms
02-03 12:43:06.711 D/dalvikvm(15954): GC_FOR_ALLOC freed 4126K, 47% free 9100K/16912K, paused 4ms, total 5ms
02-03 12:43:06.721 D/dalvikvm(15954): GC_CONCURRENT freed 1812K, 44% free 9492K/16912K, paused 1ms+2ms, total 7ms
02-03 12:43:06.731 D/dalvikvm(15954): GC_CONCURRENT freed 4289K, 46% free 9260K/16912K, paused 0ms+1ms, total 6ms
02-03 12:43:06.731 D/dalvikvm(15954): WAIT_FOR_CONCURRENT_GC blocked 5ms
02-03 12:43:06.741 D/dalvikvm(15954): GC_FOR_ALLOC freed 3954K, 46% free 9262K/16912K, paused 5ms, total 5ms
02-03 12:43:06.751 D/dalvikvm(15954): GC_CONCURRENT freed 4007K, 46% free 9295K/16912K, paused 0ms+1ms, total 7ms
02-03 12:43:06.751 D/dalvikvm(15954): WAIT_FOR_CONCURRENT_GC blocked 6ms
02-03 12:43:06.761 D/dalvikvm(15954): GC_CONCURRENT freed 4061K, 46% free 9297K/16912K, paused 2ms+1ms, total 8ms
02-03 12:43:06.771 D/dalvikvm(15954): GC_FOR_ALLOC freed 4116K, 47% free 9130K/16912K, paused 4ms, total 4ms
02-03 12:43:06.781 D/dalvikvm(15954): GC_FOR_ALLOC freed 3997K, 47% free 9044K/16912K, paused 5ms, total 5ms
02-03 12:43:06.781 D/dalvikvm(15954): GC_FOR_ALLOC freed 3780K, 45% free 9304K/16912K, paused 5ms, total 5ms
02-03 12:43:06.791 W/BindingManager(18937): Cannot call determinedVisibility() - never saw a connection for the pid: 18937
02-03 12:43:06.791 D/dalvikvm(15954): GC_CONCURRENT freed 3660K, 43% free 9734K/16912K, paused 0ms+3ms, total 9ms
02-03 12:43:06.791 D/dalvikvm(15954): WAIT_FOR_CONCURRENT_GC blocked 6ms
02-03 12:43:06.801 D/dalvikvm(15954): GC_CONCURRENT freed 4558K, 46% free 9222K/16912K, paused 0ms+0ms, total 5ms
02-03 12:43:06.821 D/dalvikvm(15954): GC_CONCURRENT freed 4094K, 46% free 9133K/16912K, paused 3ms+1ms, total 9ms
02-03 12:43:06.821 D/dalvikvm(15954): WAIT_FOR_CONCURRENT_GC blocked 4ms
02-03 12:43:06.831 D/dalvikvm(15954): GC_FOR_ALLOC freed 3773K, 45% free 9316K/16912K, paused 5ms, total 5ms
02-03 12:43:06.841 D/dalvikvm(15954): GC_CONCURRENT freed 4085K, 46% free 9230K/16912K, paused 0ms+1ms, total 5ms
02-03 12:43:06.841 D/dalvikvm(15954): WAIT_FOR_CONCURRENT_GC blocked 5ms
02-03 12:43:06.841 I/chromium(18937): [INFO:CONSOLE(48)] "Uncaught ReferenceError: SharedWorker is not defined", source: app://org.xwalk.webapi_noneservice_tests//opt/tct-workers-w3c-tests/workers/WebWorker_WorkerLocation_pathname_decompose.html (48)
02-03 12:43:06.841 D/dalvikvm(15954): GC_FOR_ALLOC freed 4038K, 47% free 9046K/16912K, paused 5ms, total 5ms
02-03 12:43:06.851 D/dalvikvm(15954): GC_FOR_ALLOC freed 3890K, 47% free 9048K/16912K, paused 4ms, total 4ms
02-03 12:43:06.861 D/dalvikvm(15954): GC_FOR_ALLOC freed 3928K, 47% free 9049K/16912K, paused 4ms, total 4ms
02-03 12:43:06.871 D/dalvikvm(15954): GC_FOR_ALLOC freed 3965K, 47% free 9051K/16912K, paused 5ms, total 5ms
02-03 12:43:06.881 D/dalvikvm(15954): GC_CONCURRENT freed 3812K, 46% free 9244K/16912K, paused 1ms+1ms, total 6ms
02-03 12:43:06.881 D/dalvikvm(15954): WAIT_FOR_CONCURRENT_GC blocked 6ms
02-03 12:43:06.891 D/dalvikvm(15954): GC_CONCURRENT freed 4043K, 46% free 9243K/16912K, paused 1ms+1ms, total 6ms
02-03 12:43:06.891 D/dalvikvm(15954): WAIT_FOR_CONCURRENT_GC blocked 3ms
02-03 12:43:06.891 D/dalvikvm(15954): GC_FOR_ALLOC freed 4271K, 47% free 9053K/16912K, paused 5ms, total 5ms
02-03 12:43:06.901 D/dalvikvm(15954): GC_CONCURRENT freed 3332K, 43% free 9640K/16912K, paused 1ms+1ms, total 7ms
02-03 12:43:06.901 D/dalvikvm(15954): WAIT_FOR_CONCURRENT_GC blocked 3ms
02-03 12:43:06.911 D/dalvikvm(15954): GC_FOR_ALLOC freed 4441K, 46% free 9154K/16912K, paused 4ms, total 4ms
02-03 12:43:06.911 D/dalvikvm(15954): GC_FOR_ALLOC freed 3987K, 47% free 9058K/16912K, paused 4ms, total 4ms
02-03 12:43:06.921 D/dalvikvm(15954): GC_FOR_ALLOC freed 3718K, 45% free 9361K/16912K, paused 5ms, total 5ms
02-03 12:43:06.931 D/dalvikvm(15954): GC_CONCURRENT freed 3551K, 42% free 9867K/16912K, paused 0ms+1ms, total 6ms
02-03 12:43:06.931 D/dalvikvm(15954): WAIT_FOR_CONCURRENT_GC blocked 2ms
02-03 12:43:06.941 D/dalvikvm(15954): GC_CONCURRENT freed 4590K, 46% free 9268K/16912K, paused 0ms+1ms, total 4ms
02-03 12:43:06.941 D/dalvikvm(15954): WAIT_FOR_CONCURRENT_GC blocked 5ms
02-03 12:43:06.941 D/dalvikvm(15954): GC_FOR_ALLOC freed 4019K, 46% free 9167K/16912K, paused 4ms, total 4ms
02-03 12:43:06.951 D/dalvikvm(15954): GC_CONCURRENT freed 3950K, 46% free 9274K/16912K, paused 1ms+1ms, total 5ms
02-03 12:43:06.951 D/dalvikvm(15954): WAIT_FOR_CONCURRENT_GC blocked 4ms
02-03 12:43:06.961 D/dalvikvm(15954): GC_FOR_ALLOC freed 4086K, 46% free 9172K/16912K, paused 4ms, total 4ms
02-03 12:43:06.961 D/dalvikvm(15954): GC_CONCURRENT freed 3173K, 42% free 9911K/16912K, paused 1ms+1ms, total 6ms
02-03 12:43:06.961 D/dalvikvm(15954): WAIT_FOR_CONCURRENT_GC blocked 2ms
02-03 12:43:06.971 D/dalvikvm(15954): GC_FOR_ALLOC freed 4783K, 47% free 9071K/16912K, paused 4ms, total 4ms
02-03 12:43:06.981 D/dalvikvm(15954): GC_FOR_ALLOC freed 3969K, 46% free 9180K/16912K, paused 4ms, total 4ms
02-03 12:43:06.981 D/dalvikvm(15954): GC_CONCURRENT freed 3244K, 42% free 9935K/16912K, paused 1ms+1ms, total 6ms
02-03 12:43:06.981 D/dalvikvm(15954): WAIT_FOR_CONCURRENT_GC blocked 3ms
02-03 12:43:06.991 D/dalvikvm(15954): GC_CONCURRENT freed 4673K, 46% free 9294K/16912K, paused 1ms+1ms, total 5ms
02-03 12:43:06.991 D/dalvikvm(15954): WAIT_FOR_CONCURRENT_GC blocked 4ms
02-03 12:43:07.001 D/dalvikvm(15954): GC_FOR_ALLOC freed 4055K, 47% free 9077K/16912K, paused 4ms, total 4ms
02-03 12:43:07.001 D/dalvikvm(15954): GC_FOR_ALLOC freed 3863K, 47% free 9079K/16912K, paused 4ms, total 4ms
02-03 12:43:07.011 D/dalvikvm(15954): GC_FOR_ALLOC freed 3889K, 47% free 9080K/16912K, paused 4ms, total 4ms
02-03 12:43:07.021 D/dalvikvm(15954): GC_FOR_ALLOC freed 3916K, 47% free 9082K/16912K, paused 4ms, total 4ms
02-03 12:43:07.021 D/dalvikvm(15954): GC_FOR_ALLOC freed 3942K, 47% free 9083K/16912K, paused 4ms, total 4ms
02-03 12:43:07.031 D/dalvikvm(15954): GC_FOR_ALLOC freed 3968K, 47% free 9085K/16912K, paused 4ms, total 4ms
02-03 12:43:07.041 D/dalvikvm(15954): GC_CONCURRENT freed 3653K, 45% free 9427K/16912K, paused 0ms+1ms, total 6ms
02-03 12:43:07.041 D/dalvikvm(15954): WAIT_FOR_CONCURRENT_GC blocked 2ms
02-03 12:43:07.041 D/dalvikvm(15954): GC_CONCURRENT freed 4131K, 45% free 9318K/16912K, paused 0ms+1ms, total 4ms
02-03 12:43:07.041 D/dalvikvm(15954): WAIT_FOR_CONCURRENT_GC blocked 4ms
02-03 12:43:07.051 D/dalvikvm(15954): GC_CONCURRENT freed 4045K, 45% free 9321K/16912K, paused 1ms+1ms, total 5ms
02-03 12:43:07.051 D/dalvikvm(15954): WAIT_FOR_CONCURRENT_GC blocked 4ms
02-03 12:43:07.061 D/dalvikvm(15954): GC_CONCURRENT freed 4072K, 45% free 9325K/16912K, paused 0ms+1ms, total 4ms
02-03 12:43:07.061 D/dalvikvm(15954): WAIT_FOR_CONCURRENT_GC blocked 4ms
02-03 12:43:07.071 D/dalvikvm(15954): GC_FOR_ALLOC freed 3749K, 45% free 9444K/16912K, paused 4ms, total 4ms
02-03 12:43:07.071 D/dalvikvm(15954): GC_FOR_ALLOC freed 4129K, 46% free 9212K/16912K, paused 4ms, total 4ms
02-03 12:43:07.081 D/dalvikvm(15954): GC_FOR_ALLOC freed 3920K, 47% free 9096K/16912K, paused 4ms, total 4ms
02-03 12:43:07.091 D/dalvikvm(15954): GC_FOR_ALLOC freed 3586K, 45% free 9456K/16912K, paused 4ms, total 4ms
02-03 12:43:07.091 D/dalvikvm(15954): GC_FOR_ALLOC freed 4211K, 46% free 9219K/16912K, paused 4ms, total 4ms
02-03 12:43:07.101 D/dalvikvm(15954): GC_CONCURRENT freed 3395K, 43% free 9703K/16912K, paused 1ms+1ms, total 7ms
02-03 12:43:07.101 D/dalvikvm(15954): WAIT_FOR_CONCURRENT_GC blocked 2ms
02-03 12:43:07.111 D/dalvikvm(15954): GC_FOR_ALLOC freed 4258K, 45% free 9467K/16912K, paused 4ms, total 4ms
02-03 12:43:07.111 D/dalvikvm(15954): GC_CONCURRENT freed 3193K, 42% free 9958K/16912K, paused 1ms+1ms, total 6ms
02-03 12:43:07.111 D/dalvikvm(15954): WAIT_FOR_CONCURRENT_GC blocked 2ms
02-03 12:43:07.121 D/dalvikvm(15954): GC_FOR_ALLOC freed 3690K, 44% free 9474K/16912K, paused 4ms, total 4ms
02-03 12:43:07.131 D/dalvikvm(15954): GC_FOR_ALLOC freed 4092K, 47% free 9106K/16912K, paused 4ms, total 4ms
02-03 12:43:07.131 D/dalvikvm(15954): GC_FOR_ALLOC freed 3742K, 46% free 9232K/16912K, paused 4ms, total 4ms
02-03 12:43:07.141 D/dalvikvm(15954): GC_CONCURRENT freed 3891K, 45% free 9360K/16912K, paused 0ms+1ms, total 5ms
02-03 12:43:07.141 D/dalvikvm(15954): WAIT_FOR_CONCURRENT_GC blocked 4ms
02-03 12:43:07.151 D/dalvikvm(15954): GC_FOR_ALLOC freed 4039K, 46% free 9236K/16912K, paused 4ms, total 4ms
02-03 12:43:07.151 D/dalvikvm(15954): GC_CONCURRENT freed 3935K, 45% free 9366K/16912K, paused 1ms+1ms, total 5ms
02-03 12:43:07.161 D/dalvikvm(15954): GC_FOR_ALLOC freed 4089K, 46% free 9241K/16912K, paused 4ms, total 4ms
02-03 12:43:07.171 D/dalvikvm(15954): GC_FOR_ALLOC freed 3596K, 44% free 9500K/16912K, paused 5ms, total 5ms
02-03 12:43:07.171 D/dalvikvm(15954): GC_FOR_ALLOC freed 4263K, 47% free 9117K/16912K, paused 4ms, total 4ms
02-03 12:43:07.181 D/dalvikvm(15954): GC_FOR_ALLOC freed 3897K, 46% free 9247K/16912K, paused 4ms, total 4ms
02-03 12:43:07.191 D/dalvikvm(15954): GC_CONCURRENT freed 3007K, 40% free 10161K/16912K, paused 1ms+1ms, total 6ms
02-03 12:43:07.191 D/dalvikvm(15954): WAIT_FOR_CONCURRENT_GC blocked 2ms
02-03 12:43:07.191 D/dalvikvm(15954): GC_FOR_ALLOC freed 3405K, 44% free 9513K/16912K, paused 4ms, total 4ms
02-03 12:43:07.201 D/dalvikvm(15954): GC_FOR_ALLOC freed 3689K, 46% free 9253K/16912K, paused 4ms, total 4ms
02-03 12:43:07.211 D/dalvikvm(15954): GC_FOR_ALLOC freed 3708K, 44% free 9520K/16912K, paused 4ms, total 4ms
02-03 12:43:07.211 D/dalvikvm(15954): GC_CONCURRENT freed 2799K, 39% free 10451K/16912K, paused 0ms+1ms, total 6ms
02-03 12:43:07.211 D/dalvikvm(15954): WAIT_FOR_CONCURRENT_GC blocked 2ms
02-03 12:43:07.221 D/dalvikvm(15954): GC_FOR_ALLOC freed 3735K, 46% free 9258K/16912K, paused 4ms, total 4ms
02-03 12:43:07.231 D/dalvikvm(15954): GC_FOR_ALLOC freed 3760K, 44% free 9529K/16912K, paused 5ms, total 5ms
02-03 12:43:07.231 D/dalvikvm(15954): GC_CONCURRENT freed 2838K, 39% free 10474K/16912K, paused 1ms+1ms, total 6ms
02-03 12:43:07.231 D/dalvikvm(15954): WAIT_FOR_CONCURRENT_GC blocked 2ms
02-03 12:43:07.241 D/dalvikvm(15954): GC_FOR_ALLOC freed 3788K, 46% free 9264K/16912K, paused 4ms, total 4ms
02-03 12:43:07.251 D/dalvikvm(15954): GC_FOR_ALLOC freed 3812K, 44% free 9539K/16912K, paused 4ms, total 4ms
02-03 12:43:07.251 D/dalvikvm(15954): GC_CONCURRENT freed 2877K, 38% free 10496K/16912K, paused 1ms+1ms, total 7ms
02-03 12:43:07.251 D/dalvikvm(15954): WAIT_FOR_CONCURRENT_GC blocked 4ms
02-03 12:43:07.261 D/dalvikvm(15954): GC_FOR_ALLOC freed 3840K, 46% free 9270K/16912K, paused 4ms, total 4ms
02-03 12:43:07.271 D/dalvikvm(15954): GC_FOR_ALLOC freed 3864K, 46% free 9272K/16912K, paused 4ms, total 4ms
02-03 12:43:07.271 D/dalvikvm(15954): GC_FOR_ALLOC freed 3883K, 46% free 9274K/16912K, paused 4ms, total 4ms
02-03 12:43:07.281 D/dalvikvm(15954): GC_FOR_ALLOC freed 3902K, 46% free 9276K/16912K, paused 4ms, total 4ms
02-03 12:43:07.291 D/dalvikvm(15954): GC_FOR_ALLOC freed 3921K, 46% free 9278K/16912K, paused 4ms, total 4ms
02-03 12:43:07.291 D/dalvikvm(15954): GC_FOR_ALLOC freed 3939K, 46% free 9280K/16912K, paused 4ms, total 4ms
02-03 12:43:07.301 D/dalvikvm(15954): GC_FOR_ALLOC freed 3958K, 46% free 9282K/16912K, paused 4ms, total 4ms
02-03 12:43:07.311 D/dalvikvm(15954): GC_CONCURRENT freed 3977K, 46% free 9284K/16912K, paused 1ms+1ms, total 5ms
02-03 12:43:07.311 D/dalvikvm(15954): WAIT_FOR_CONCURRENT_GC blocked 4ms
02-03 12:43:07.311 D/dalvikvm(15954): GC_FOR_ALLOC freed 3996K, 46% free 9286K/16912K, paused 4ms, total 4ms
02-03 12:43:07.321 D/dalvikvm(15954): GC_CONCURRENT freed 2587K, 37% free 10716K/16912K, paused 0ms+0ms, total 6ms
02-03 12:43:07.321 D/dalvikvm(15954): WAIT_FOR_CONCURRENT_GC blocked 2ms
02-03 12:43:07.331 D/dalvikvm(15954): GC_FOR_ALLOC freed 4163K, 46% free 9146K/16912K, paused 4ms, total 5ms
02-03 12:43:07.331 D/dalvikvm(15954): GC_CONCURRENT freed 3757K, 45% free 9436K/16912K, paused 1ms+1ms, total 5ms
02-03 12:43:07.331 D/dalvikvm(15954): WAIT_FOR_CONCURRENT_GC blocked 4ms
02-03 12:43:07.341 D/dalvikvm(15954): GC_CONCURRENT freed 4064K, 45% free 9439K/16912K, paused 1ms+0ms, total 5ms
02-03 12:43:07.341 D/dalvikvm(15954): WAIT_FOR_CONCURRENT_GC blocked 4ms
02-03 12:43:07.351 D/dalvikvm(15954): GC_CONCURRENT freed 4082K, 45% free 9442K/16912K, paused 1ms+1ms, total 5ms
02-03 12:43:07.351 D/dalvikvm(15954): WAIT_FOR_CONCURRENT_GC blocked 4ms
02-03 12:43:07.351 D/dalvikvm(15954): GC_FOR_ALLOC freed 3660K, 44% free 9590K/16912K, paused 4ms, total 4ms
02-03 12:43:07.361 D/dalvikvm(15954): GC_FOR_ALLOC freed 4118K, 46% free 9299K/16912K, paused 4ms, total 4ms
02-03 12:43:07.371 D/dalvikvm(15954): GC_FOR_ALLOC freed 3841K, 46% free 9154K/16912K, paused 4ms, total 4ms
02-03 12:43:07.371 D/dalvikvm(15954): GC_FOR_ALLOC freed 3411K, 44% free 9599K/16912K, paused 4ms, total 4ms
02-03 12:43:07.381 D/dalvikvm(15954): GC_FOR_ALLOC freed 4170K, 45% free 9304K/16912K, paused 4ms, total 4ms
02-03 12:43:07.391 D/dalvikvm(15954): GC_FOR_ALLOC freed 3889K, 46% free 9157K/16912K, paused 4ms, total 4ms
02-03 12:43:07.391 D/dalvikvm(15954): GC_FOR_ALLOC freed 3453K, 44% free 9608K/16912K, paused 4ms, total 4ms
02-03 12:43:07.401 D/dalvikvm(15954): GC_FOR_ALLOC freed 3920K, 46% free 9160K/16912K, paused 4ms, total 5ms
02-03 12:43:07.411 D/dalvikvm(15954): GC_FOR_ALLOC freed 3480K, 44% free 9614K/16912K, paused 4ms, total 4ms
02-03 12:43:07.411 D/dalvikvm(15954): GC_FOR_ALLOC freed 3950K, 46% free 9162K/16912K, paused 4ms, total 4ms
02-03 12:43:07.421 D/dalvikvm(15954): GC_FOR_ALLOC freed 3507K, 44% free 9620K/16912K, paused 4ms, total 4ms
02-03 12:43:07.431 D/dalvikvm(15954): GC_FOR_ALLOC freed 3981K, 46% free 9164K/16912K, paused 4ms, total 4ms
02-03 12:43:07.441 D/dalvikvm(15954): GC_CONCURRENT freed 3534K, 44% free 9626K/16912K, paused 1ms+0ms, total 5ms
02-03 12:43:07.441 D/dalvikvm(15954): WAIT_FOR_CONCURRENT_GC blocked 4ms
02-03 12:43:07.441 D/dalvikvm(15954): GC_FOR_ALLOC freed 4011K, 46% free 9167K/16912K, paused 4ms, total 4ms
02-03 12:43:07.451 D/dalvikvm(15954): GC_CONCURRENT freed 3561K, 44% free 9632K/16912K, paused 1ms+1ms, total 5ms
02-03 12:43:07.451 D/dalvikvm(15954): WAIT_FOR_CONCURRENT_GC blocked 5ms
02-03 12:43:07.461 D/dalvikvm(15954): GC_FOR_ALLOC freed 4042K, 46% free 9169K/16912K, paused 4ms, total 4ms
02-03 12:43:07.461 D/dalvikvm(15954): GC_FOR_ALLOC freed 3588K, 44% free 9638K/16912K, paused 4ms, total 4ms
02-03 12:43:07.471 D/dalvikvm(15954): GC_CONCURRENT freed 2980K, 40% free 10264K/16912K, paused 1ms+1ms, total 6ms
02-03 12:43:07.471 D/dalvikvm(15954): WAIT_FOR_CONCURRENT_GC blocked 3ms
02-03 12:43:07.481 D/dalvikvm(15954): GC_FOR_ALLOC freed 3606K, 45% free 9329K/16912K, paused 4ms, total 4ms
02-03 12:43:07.481 D/dalvikvm(15954): GC_FOR_ALLOC freed 4099K, 46% free 9173K/16912K, paused 4ms, total 4ms
02-03 12:43:07.491 D/dalvikvm(15954): GC_FOR_ALLOC freed 3639K, 45% free 9332K/16912K, paused 4ms, total 4ms
02-03 12:43:07.501 D/dalvikvm(15954): GC_CONCURRENT freed 3812K, 44% free 9493K/16912K, paused 1ms+1ms, total 5ms
02-03 12:43:07.501 D/dalvikvm(15954): WAIT_FOR_CONCURRENT_GC blocked 4ms
02-03 12:43:07.501 D/dalvikvm(15954): GC_FOR_ALLOC freed 3983K, 45% free 9336K/16912K, paused 4ms, total 4ms
02-03 12:43:07.511 D/dalvikvm(15954): GC_CONCURRENT freed 3841K, 44% free 9498K/16912K, paused 1ms+1ms, total 5ms
02-03 12:43:07.511 D/dalvikvm(15954): WAIT_FOR_CONCURRENT_GC blocked 5ms
02-03 12:43:07.521 D/dalvikvm(15954): GC_FOR_ALLOC freed 4015K, 45% free 9339K/16912K, paused 4ms, total 4ms
02-03 12:43:07.531 D/dalvikvm(15954): GC_CONCURRENT freed 3870K, 44% free 9503K/16912K, paused 1ms+1ms, total 5ms
02-03 12:43:07.531 D/dalvikvm(15954): WAIT_FOR_CONCURRENT_GC blocked 4ms
02-03 12:43:07.531 D/dalvikvm(15954): GC_FOR_ALLOC freed 4045K, 45% free 9343K/16912K, paused 4ms, total 4ms
02-03 12:43:07.541 D/dalvikvm(15954): GC_CONCURRENT freed 3899K, 44% free 9508K/16912K, paused 1ms+1ms, total 5ms
02-03 12:43:07.541 D/dalvikvm(15954): WAIT_FOR_CONCURRENT_GC blocked 5ms
02-03 12:43:07.551 D/dalvikvm(15954): GC_FOR_ALLOC freed 4075K, 45% free 9347K/16912K, paused 4ms, total 4ms
02-03 12:43:07.561 D/dalvikvm(15954): GC_CONCURRENT freed 3929K, 44% free 9513K/16912K, paused 1ms+0ms, total 6ms
02-03 12:43:07.561 D/dalvikvm(15954): WAIT_FOR_CONCURRENT_GC blocked 5ms
02-03 12:43:07.561 D/dalvikvm(15954): GC_FOR_ALLOC freed 4108K, 45% free 9351K/16912K, paused 4ms, total 4ms
02-03 12:43:07.571 D/dalvikvm(15954): GC_FOR_ALLOC freed 3464K, 43% free 9682K/16912K, paused 4ms, total 4ms
02-03 12:43:07.571 D/dalvikvm(15954): GC_FOR_ALLOC freed 3474K, 43% free 9685K/16912K, paused 4ms, total 4ms
02-03 12:43:07.581 D/dalvikvm(15954): GC_FOR_ALLOC freed 3484K, 43% free 9687K/16912K, paused 4ms, total 4ms
02-03 12:43:07.591 D/dalvikvm(15954): GC_FOR_ALLOC freed 3493K, 43% free 9689K/16912K, paused 4ms, total 4ms
02-03 12:43:07.591 D/dalvikvm(15954): GC_FOR_ALLOC freed 3503K, 43% free 9691K/16912K, paused 4ms, total 4ms
02-03 12:43:07.601 D/dalvikvm(15954): GC_FOR_ALLOC freed 3512K, 43% free 9694K/16912K, paused 4ms, total 4ms
02-03 12:43:07.611 D/dalvikvm(15954): GC_FOR_ALLOC freed 3522K, 43% free 9696K/16912K, paused 4ms, total 4ms
02-03 12:43:07.611 D/dalvikvm(15954): GC_FOR_ALLOC freed 3531K, 43% free 9698K/16912K, paused 4ms, total 4ms
02-03 12:43:07.621 D/dalvikvm(15954): GC_FOR_ALLOC freed 3540K, 43% free 9700K/16912K, paused 4ms, total 4ms
02-03 12:43:07.631 D/dalvikvm(15954): GC_FOR_ALLOC freed 4245K, 46% free 9216K/16912K, paused 4ms, total 4ms
02-03 12:43:07.631 D/dalvikvm(15954): GC_FOR_ALLOC freed 3736K, 46% free 9217K/16912K, paused 4ms, total 4ms
02-03 12:43:07.641 D/dalvikvm(15954): GC_FOR_ALLOC freed 3614K, 49% free 8637K/16912K, paused 3ms, total 3ms
02-03 12:43:07.671 D/dalvikvm(15954): GC_CONCURRENT freed 3326K, 45% free 9351K/16912K, paused 2ms+2ms, total 5ms
02-03 12:43:07.731 D/dalvikvm(15954): GC_CONCURRENT freed 4518K, 48% free 8928K/16912K, paused 1ms+1ms, total 7ms
02-03 12:43:07.731 D/dalvikvm(15954): WAIT_FOR_CONCURRENT_GC blocked 6ms
02-03 12:43:07.741 D/dalvikvm(15954): GC_CONCURRENT freed 4060K, 48% free 8946K/16912K, paused 0ms+1ms, total 4ms
02-03 12:43:07.741 D/dalvikvm(15954): WAIT_FOR_CONCURRENT_GC blocked 5ms
02-03 12:43:07.751 D/dalvikvm(15954): GC_CONCURRENT freed 4017K, 47% free 8971K/16912K, paused 1ms+1ms, total 5ms
02-03 12:43:07.751 D/dalvikvm(15954): WAIT_FOR_CONCURRENT_GC blocked 4ms
02-03 12:43:07.751 D/dalvikvm(15954): GC_FOR_ALLOC freed 4038K, 47% free 9000K/16912K, paused 5ms, total 5ms
02-03 12:43:07.761 D/dalvikvm(15954): GC_CONCURRENT freed 3153K, 45% free 9363K/16912K, paused 1ms+1ms, total 6ms
02-03 12:43:07.771 D/dalvikvm(15954): GC_CONCURRENT freed 4411K, 47% free 8992K/16912K, paused 0ms+1ms, total 5ms
02-03 12:43:07.771 D/dalvikvm(15954): WAIT_FOR_CONCURRENT_GC blocked 5ms
02-03 12:43:07.781 D/dalvikvm(15954): GC_FOR_ALLOC freed 4067K, 48% free 8960K/16912K, paused 4ms, total 4ms
02-03 12:43:07.781 D/dalvikvm(15954): GC_CONCURRENT freed 2978K, 44% free 9630K/16912K, paused 1ms+1ms, total 6ms
02-03 12:43:07.791 D/dalvikvm(15954): GC_FOR_ALLOC freed 4707K, 47% free 8997K/16912K, paused 4ms, total 4ms
02-03 12:43:07.801 D/dalvikvm(15954): GC_CONCURRENT freed 3926K, 46% free 9148K/16912K, paused 1ms+1ms, total 6ms
02-03 12:43:07.801 D/dalvikvm(15954): WAIT_FOR_CONCURRENT_GC blocked 2ms
02-03 12:43:07.801 D/dalvikvm(15954): GC_FOR_ALLOC freed 4112K, 47% free 9084K/16912K, paused 4ms, total 4ms
02-03 12:43:07.811 D/dalvikvm(15954): GC_CONCURRENT freed 3715K, 45% free 9390K/16912K, paused 1ms+1ms, total 6ms
02-03 12:43:07.811 D/dalvikvm(15954): WAIT_FOR_CONCURRENT_GC blocked 2ms
02-03 12:43:07.821 D/dalvikvm(15954): GC_FOR_ALLOC freed 4398K, 48% free 8955K/16912K, paused 4ms, total 4ms
02-03 12:43:07.821 D/dalvikvm(15954): GC_CONCURRENT freed 3922K, 47% free 9056K/16912K, paused 0ms+1ms, total 4ms
02-03 12:43:07.821 D/dalvikvm(15954): WAIT_FOR_CONCURRENT_GC blocked 4ms
02-03 12:43:07.831 D/dalvikvm(15954): GC_FOR_ALLOC freed 4018K, 47% free 9108K/16912K, paused 4ms, total 4ms
02-03 12:43:07.841 D/dalvikvm(15954): GC_CONCURRENT freed 3960K, 46% free 9241K/16912K, paused 1ms+1ms, total 6ms
02-03 12:43:07.841 D/dalvikvm(15954): WAIT_FOR_CONCURRENT_GC blocked 2ms
02-03 12:43:07.851 D/dalvikvm(15954): GC_CONCURRENT freed 4225K, 47% free 9100K/16912K, paused 0ms+1ms, total 5ms
02-03 12:43:07.851 D/dalvikvm(15954): WAIT_FOR_CONCURRENT_GC blocked 4ms
02-03 12:43:07.851 D/dalvikvm(15954): GC_FOR_ALLOC freed 4041K, 47% free 9047K/16912K, paused 5ms, total 5ms
02-03 12:43:07.861 D/dalvikvm(15954): GC_CONCURRENT freed 0K, 46% free 9157K/16912K, paused 1ms+1ms, total 5ms
02-03 12:43:07.881 D/dalvikvm(15954): GC_CONCURRENT freed 4099K, 47% free 9089K/16912K, paused 1ms+1ms, total 16ms
02-03 12:43:07.881 D/dalvikvm(15954): WAIT_FOR_CONCURRENT_GC blocked 16ms
02-03 12:43:07.891 D/dalvikvm(15954): GC_CONCURRENT freed 4040K, 47% free 9091K/16912K, paused 1ms+1ms, total 6ms
02-03 12:43:07.891 D/dalvikvm(15954): WAIT_FOR_CONCURRENT_GC blocked 5ms
02-03 12:43:07.891 D/dalvikvm(15954): GC_CONCURRENT freed 3964K, 46% free 9183K/16912K, paused 0ms+1ms, total 4ms
02-03 12:43:07.891 D/dalvikvm(15954): WAIT_FOR_CONCURRENT_GC blocked 4ms
02-03 12:43:07.901 D/dalvikvm(15954): GC_FOR_ALLOC freed 4123K, 47% free 9004K/16912K, paused 4ms, total 4ms
02-03 12:43:07.911 D/dalvikvm(15954): GC_FOR_ALLOC freed 4032K, 47% free 9065K/16912K, paused 4ms, total 4ms
02-03 12:43:07.921 D/dalvikvm(15954): GC_CONCURRENT freed 3683K, 45% free 9377K/16912K, paused 0ms+1ms, total 6ms
02-03 12:43:07.921 D/dalvikvm(15954): WAIT_FOR_CONCURRENT_GC blocked 2ms
02-03 12:43:07.921 D/dalvikvm(15954): GC_FOR_ALLOC freed 4391K, 47% free 9065K/16912K, paused 4ms, total 4ms
02-03 12:43:07.931 D/dalvikvm(15954): GC_CONCURRENT freed 3575K, 45% free 9455K/16912K, paused 1ms+1ms, total 6ms
02-03 12:43:07.931 D/dalvikvm(15954): WAIT_FOR_CONCURRENT_GC blocked 2ms
02-03 12:43:07.941 D/dalvikvm(15954): GC_FOR_ALLOC freed 4362K, 47% free 9064K/16912K, paused 4ms, total 4ms
02-03 12:43:07.941 D/dalvikvm(15954): GC_CONCURRENT freed 3366K, 43% free 9675K/16912K, paused 1ms+1ms, total 6ms
02-03 12:43:07.941 D/dalvikvm(15954): WAIT_FOR_CONCURRENT_GC blocked 2ms
02-03 12:43:07.951 D/dalvikvm(15954): GC_CONCURRENT freed 4589K, 46% free 9170K/16912K, paused 0ms+1ms, total 4ms
02-03 12:43:07.951 D/dalvikvm(15954): WAIT_FOR_CONCURRENT_GC blocked 5ms
02-03 12:43:07.961 D/dalvikvm(15954): GC_CONCURRENT freed 3973K, 46% free 9175K/16912K, paused 1ms+0ms, total 5ms
02-03 12:43:07.961 D/dalvikvm(15954): WAIT_FOR_CONCURRENT_GC blocked 4ms
02-03 12:43:07.971 D/dalvikvm(15954): GC_CONCURRENT freed 4041K, 46% free 9180K/16912K, paused 0ms+1ms, total 4ms
02-03 12:43:07.971 D/dalvikvm(15954): WAIT_FOR_CONCURRENT_GC blocked 4ms
02-03 12:43:07.971 D/dalvikvm(15954): GC_FOR_ALLOC freed 3889K, 46% free 9254K/16912K, paused 4ms, total 4ms
02-03 12:43:07.981 D/dalvikvm(15954): GC_FOR_ALLOC freed 4175K, 47% free 9106K/16912K, paused 4ms, total 4ms
02-03 12:43:07.991 D/dalvikvm(15954): GC_CONCURRENT freed 3565K, 44% free 9554K/16912K, paused 0ms+1ms, total 6ms
02-03 12:43:07.991 D/dalvikvm(15954): WAIT_FOR_CONCURRENT_GC blocked 2ms
02-03 12:43:07.991 D/dalvikvm(15954): GC_FOR_ALLOC freed 4443K, 47% free 9105K/16912K, paused 4ms, total 4ms
02-03 12:43:08.001 D/dalvikvm(15954): GC_CONCURRENT freed 3278K, 43% free 9800K/16912K, paused 1ms+1ms, total 6ms
02-03 12:43:08.001 D/dalvikvm(15954): WAIT_FOR_CONCURRENT_GC blocked 2ms
02-03 12:43:08.011 D/dalvikvm(15954): GC_CONCURRENT freed 4644K, 46% free 9187K/16912K, paused 1ms+0ms, total 5ms
02-03 12:43:08.011 D/dalvikvm(15954): WAIT_FOR_CONCURRENT_GC blocked 4ms
02-03 12:43:08.011 D/dalvikvm(15954): GC_FOR_ALLOC freed 4086K, 47% free 9027K/16912K, paused 4ms, total 4ms
02-03 12:43:08.021 D/dalvikvm(15954): GC_CONCURRENT freed 3815K, 46% free 9192K/16912K, paused 1ms+1ms, total 5ms
02-03 12:43:08.021 D/dalvikvm(15954): WAIT_FOR_CONCURRENT_GC blocked 4ms
02-03 12:43:08.031 D/dalvikvm(15954): GC_CONCURRENT freed 4199K, 47% free 9027K/16912K, paused 1ms+1ms, total 5ms
02-03 12:43:08.031 D/dalvikvm(15954): WAIT_FOR_CONCURRENT_GC blocked 4ms
02-03 12:43:08.041 D/dalvikvm(15954): GC_CONCURRENT freed 3919K, 46% free 9197K/16912K, paused 1ms+0ms, total 5ms
02-03 12:43:08.041 D/dalvikvm(15954): WAIT_FOR_CONCURRENT_GC blocked 4ms
02-03 12:43:08.041 D/dalvikvm(15954): GC_FOR_ALLOC freed 3886K, 46% free 9281K/16912K, paused 4ms, total 4ms
02-03 12:43:08.051 D/dalvikvm(15954): GC_CONCURRENT freed 3597K, 43% free 9735K/16912K, paused 1ms+1ms, total 6ms
02-03 12:43:08.051 D/dalvikvm(15954): WAIT_FOR_CONCURRENT_GC blocked 2ms
02-03 12:43:08.061 D/dalvikvm(15954): GC_CONCURRENT freed 4482K, 46% free 9233K/16912K, paused 0ms+1ms, total 4ms
02-03 12:43:08.061 D/dalvikvm(15954): WAIT_FOR_CONCURRENT_GC blocked 4ms
02-03 12:43:08.071 D/dalvikvm(15954): GC_FOR_ALLOC freed 4023K, 46% free 9144K/16912K, paused 4ms, total 4ms
02-03 12:43:08.071 D/dalvikvm(15954): GC_CONCURRENT freed 3977K, 46% free 9237K/16912K, paused 1ms+1ms, total 5ms
02-03 12:43:08.071 D/dalvikvm(15954): WAIT_FOR_CONCURRENT_GC blocked 4ms
02-03 12:43:08.081 D/dalvikvm(15954): GC_CONCURRENT freed 4112K, 46% free 9146K/16912K, paused 0ms+0ms, total 5ms
02-03 12:43:08.081 D/dalvikvm(15954): WAIT_FOR_CONCURRENT_GC blocked 4ms
02-03 12:43:08.091 D/dalvikvm(15954): GC_CONCURRENT freed 3792K, 45% free 9330K/16912K, paused 0ms+1ms, total 4ms
02-03 12:43:08.091 D/dalvikvm(15954): WAIT_FOR_CONCURRENT_GC blocked 5ms
02-03 12:43:08.101 D/dalvikvm(15954): GC_CONCURRENT freed 4105K, 46% free 9244K/16912K, paused 1ms+1ms, total 6ms
02-03 12:43:08.101 D/dalvikvm(15954): WAIT_FOR_CONCURRENT_GC blocked 5ms
02-03 12:43:08.101 D/dalvikvm(15954): GC_FOR_ALLOC freed 4058K, 47% free 9059K/16912K, paused 4ms, total 4ms
02-03 12:43:08.111 D/dalvikvm(15954): GC_FOR_ALLOC freed 3909K, 47% free 9060K/16912K, paused 4ms, total 4ms
02-03 12:43:08.121 D/dalvikvm(15954): GC_FOR_ALLOC freed 3947K, 47% free 9062K/16912K, paused 4ms, total 4ms
02-03 12:43:08.131 D/dalvikvm(15954): GC_CONCURRENT freed 3794K, 46% free 9254K/16912K, paused 0ms+1ms, total 5ms
02-03 12:43:08.131 D/dalvikvm(15954): WAIT_FOR_CONCURRENT_GC blocked 5ms
02-03 12:43:08.131 D/dalvikvm(15954): GC_CONCURRENT freed 4024K, 46% free 9254K/16912K, paused 1ms+1ms, total 5ms
02-03 12:43:08.131 D/dalvikvm(15954): WAIT_FOR_CONCURRENT_GC blocked 4ms
02-03 12:43:08.141 D/dalvikvm(15954): GC_CONCURRENT freed 4058K, 46% free 9257K/16912K, paused 1ms+1ms, total 5ms
02-03 12:43:08.141 D/dalvikvm(15954): WAIT_FOR_CONCURRENT_GC blocked 4ms
02-03 12:43:08.151 D/dalvikvm(15954): GC_FOR_ALLOC freed 3801K, 45% free 9358K/16912K, paused 4ms, total 4ms
02-03 12:43:08.151 D/dalvikvm(15954): GC_FOR_ALLOC freed 4130K, 46% free 9165K/16912K, paused 4ms, total 4ms
02-03 12:43:08.161 D/dalvikvm(15954): GC_FOR_ALLOC freed 3969K, 47% free 9069K/16912K, paused 4ms, total 4ms
02-03 12:43:08.171 D/dalvikvm(15954): GC_FOR_ALLOC freed 3701K, 45% free 9370K/16912K, paused 5ms, total 5ms
02-03 12:43:08.171 D/dalvikvm(15954): GC_CONCURRENT freed 3535K, 42% free 9874K/16912K, paused 0ms+1ms, total 6ms
02-03 12:43:08.171 D/dalvikvm(15954): WAIT_FOR_CONCURRENT_GC blocked 2ms
02-03 12:43:08.181 D/dalvikvm(15954): GC_CONCURRENT freed 4569K, 46% free 9278K/16912K, paused 0ms+1ms, total 5ms
02-03 12:43:08.181 D/dalvikvm(15954): WAIT_FOR_CONCURRENT_GC blocked 5ms
02-03 12:43:08.191 D/dalvikvm(15954): GC_FOR_ALLOC freed 4005K, 46% free 9174K/16912K, paused 4ms, total 4ms
02-03 12:43:08.201 D/dalvikvm(15954): GC_CONCURRENT freed 3932K, 46% free 9281K/16912K, paused 1ms+1ms, total 5ms
02-03 12:43:08.201 D/dalvikvm(15954): WAIT_FOR_CONCURRENT_GC blocked 4ms
02-03 12:43:08.201 D/dalvikvm(15954): GC_FOR_ALLOC freed 4067K, 46% free 9179K/16912K, paused 4ms, total 4ms
02-03 12:43:08.211 D/dalvikvm(15954): GC_FOR_ALLOC freed 3681K, 45% free 9392K/16912K, paused 5ms, total 5ms
02-03 12:43:08.221 D/dalvikvm(15954): GC_FOR_ALLOC freed 4240K, 47% free 9078K/16912K, paused 4ms, total 4ms
02-03 12:43:08.221 D/dalvikvm(15954): GC_FOR_ALLOC freed 3952K, 46% free 9186K/16912K, paused 4ms, total 4ms
02-03 12:43:08.231 D/dalvikvm(15954): GC_CONCURRENT freed 3019K, 40% free 10151K/16912K, paused 1ms+1ms, total 6ms
02-03 12:43:08.231 D/dalvikvm(15954): WAIT_FOR_CONCURRENT_GC blocked 2ms
02-03 12:43:08.241 D/dalvikvm(15954): GC_CONCURRENT freed 4866K, 46% free 9300K/16912K, paused 1ms+1ms, total 5ms
02-03 12:43:08.241 D/dalvikvm(15954): WAIT_FOR_CONCURRENT_GC blocked 5ms
02-03 12:43:08.241 D/dalvikvm(15954): GC_FOR_ALLOC freed 4038K, 47% free 9085K/16912K, paused 4ms, total 4ms
02-03 12:43:08.251 D/dalvikvm(15954): GC_FOR_ALLOC freed 3848K, 47% free 9086K/16912K, paused 4ms, total 4ms
02-03 12:43:08.261 D/dalvikvm(15954): GC_FOR_ALLOC freed 3874K, 47% free 9088K/16912K, paused 4ms, total 4ms
02-03 12:43:08.261 D/dalvikvm(15954): GC_FOR_ALLOC freed 3900K, 47% free 9089K/16912K, paused 4ms, total 4ms
02-03 12:43:08.271 D/dalvikvm(15954): GC_FOR_ALLOC freed 3926K, 47% free 9091K/16912K, paused 4ms, total 4ms
02-03 12:43:08.281 D/dalvikvm(15954): GC_FOR_ALLOC freed 3952K, 47% free 9092K/16912K, paused 4ms, total 4ms
02-03 12:43:08.291 D/dalvikvm(15954): GC_CONCURRENT freed 3751K, 45% free 9321K/16912K, paused 1ms+1ms, total 5ms
02-03 12:43:08.291 D/dalvikvm(15954): WAIT_FOR_CONCURRENT_GC blocked 4ms
02-03 12:43:08.291 D/dalvikvm(15954): GC_CONCURRENT freed 4003K, 45% free 9324K/16912K, paused 0ms+0ms, total 5ms
02-03 12:43:08.291 D/dalvikvm(15954): WAIT_FOR_CONCURRENT_GC blocked 4ms
02-03 12:43:08.301 D/dalvikvm(15954): GC_CONCURRENT freed 4030K, 45% free 9327K/16912K, paused 0ms+1ms, total 5ms
02-03 12:43:08.301 D/dalvikvm(15954): WAIT_FOR_CONCURRENT_GC blocked 4ms
02-03 12:43:08.311 D/dalvikvm(15954): GC_CONCURRENT freed 4055K, 45% free 9330K/16912K, paused 0ms+1ms, total 4ms
02-03 12:43:08.311 D/dalvikvm(15954): WAIT_FOR_CONCURRENT_GC blocked 5ms
02-03 12:43:08.321 D/dalvikvm(15954): GC_CONCURRENT freed 4084K, 45% free 9333K/16912K, paused 1ms+1ms, total 5ms
02-03 12:43:08.321 D/dalvikvm(15954): WAIT_FOR_CONCURRENT_GC blocked 4ms
02-03 12:43:08.321 D/dalvikvm(15954): GC_FOR_ALLOC freed 3759K, 45% free 9454K/16912K, paused 4ms, total 4ms
02-03 12:43:08.331 D/dalvikvm(15954): GC_FOR_ALLOC freed 4140K, 46% free 9221K/16912K, paused 4ms, total 4ms
02-03 12:43:08.341 D/dalvikvm(15954): GC_FOR_ALLOC freed 3931K, 47% free 9105K/16912K, paused 4ms, total 4ms
02-03 12:43:08.341 D/dalvikvm(15954): GC_FOR_ALLOC freed 3596K, 45% free 9465K/16912K, paused 4ms, total 4ms
02-03 12:43:08.351 D/dalvikvm(15954): GC_CONCURRENT freed 4222K, 46% free 9228K/16912K, paused 0ms+1ms, total 5ms
02-03 12:43:08.351 D/dalvikvm(15954): WAIT_FOR_CONCURRENT_GC blocked 5ms
02-03 12:43:08.361 D/dalvikvm(15954): GC_FOR_ALLOC freed 4009K, 47% free 9109K/16912K, paused 4ms, total 4ms
02-03 12:43:08.371 D/dalvikvm(15954): GC_FOR_ALLOC freed 3666K, 44% free 9477K/16912K, paused 4ms, total 4ms
02-03 12:43:08.371 D/dalvikvm(15954): GC_CONCURRENT freed 3448K, 41% free 10092K/16912K, paused 0ms+1ms, total 6ms
02-03 12:43:08.371 D/dalvikvm(15954): WAIT_FOR_CONCURRENT_GC blocked 2ms
02-03 12:43:08.381 D/dalvikvm(15954): GC_FOR_ALLOC freed 4322K, 44% free 9485K/16912K, paused 4ms, total 4ms
02-03 12:43:08.381 D/dalvikvm(15954): GC_FOR_ALLOC freed 4109K, 47% free 9115K/16912K, paused 4ms, total 4ms
02-03 12:43:08.391 D/dalvikvm(15954): GC_FOR_ALLOC freed 3757K, 46% free 9241K/16912K, paused 4ms, total 4ms
02-03 12:43:08.401 D/dalvikvm(15954): GC_CONCURRENT freed 3906K, 45% free 9370K/16912K, paused 0ms+1ms, total 4ms
02-03 12:43:08.401 D/dalvikvm(15954): WAIT_FOR_CONCURRENT_GC blocked 5ms
02-03 12:43:08.411 D/dalvikvm(15954): GC_FOR_ALLOC freed 4055K, 46% free 9246K/16912K, paused 4ms, total 4ms
02-03 12:43:08.411 D/dalvikvm(15954): GC_CONCURRENT freed 3953K, 45% free 9376K/16912K, paused 0ms+0ms, total 5ms
02-03 12:43:08.411 D/dalvikvm(15954): WAIT_FOR_CONCURRENT_GC blocked 4ms
02-03 12:43:08.421 D/dalvikvm(15954): GC_CONCURRENT freed 4102K, 46% free 9251K/16912K, paused 1ms+0ms, total 5ms
02-03 12:43:08.421 D/dalvikvm(15954): WAIT_FOR_CONCURRENT_GC blocked 4ms
02-03 12:43:08.431 D/dalvikvm(15954): GC_FOR_ALLOC freed 3610K, 44% free 9511K/16912K, paused 5ms, total 5ms
02-03 12:43:08.431 D/dalvikvm(15954): GC_FOR_ALLOC freed 4279K, 47% free 9126K/16912K, paused 4ms, total 4ms
02-03 12:43:08.441 D/dalvikvm(15954): GC_FOR_ALLOC freed 3912K, 46% free 9257K/16912K, paused 4ms, total 4ms
02-03 12:43:08.451 D/dalvikvm(15954): GC_CONCURRENT freed 3018K, 40% free 10174K/16912K, paused 1ms+1ms, total 7ms
02-03 12:43:08.451 D/dalvikvm(15954): WAIT_FOR_CONCURRENT_GC blocked 3ms
02-03 12:43:08.451 D/dalvikvm(15954): GC_FOR_ALLOC freed 4342K, 44% free 9525K/16912K, paused 4ms, total 4ms
02-03 12:43:08.461 D/dalvikvm(15954): GC_CONCURRENT freed 4107K, 45% free 9396K/16912K, paused 1ms+1ms, total 5ms
02-03 12:43:08.461 D/dalvikvm(15954): WAIT_FOR_CONCURRENT_GC blocked 4ms
02-03 12:43:08.471 D/dalvikvm(15954): GC_FOR_ALLOC freed 3995K, 46% free 9133K/16912K, paused 4ms, total 4ms
02-03 12:43:08.481 D/dalvikvm(15954): GC_FOR_ALLOC freed 3749K, 46% free 9134K/16912K, paused 4ms, total 4ms
02-03 12:43:08.481 D/dalvikvm(15954): GC_FOR_ALLOC freed 3768K, 46% free 9135K/16912K, paused 4ms, total 4ms
02-03 12:43:08.491 D/dalvikvm(15954): GC_FOR_ALLOC freed 3787K, 46% free 9137K/16912K, paused 4ms, total 4ms
02-03 12:43:08.501 D/dalvikvm(15954): GC_FOR_ALLOC freed 3806K, 46% free 9138K/16912K, paused 4ms, total 5ms
02-03 12:43:08.501 D/dalvikvm(15954): GC_FOR_ALLOC freed 3825K, 46% free 9139K/16912K, paused 4ms, total 4ms
02-03 12:43:08.511 D/dalvikvm(15954): GC_FOR_ALLOC freed 3844K, 46% free 9141K/16912K, paused 5ms, total 5ms
02-03 12:43:08.511 D/dalvikvm(15954): GC_FOR_ALLOC freed 3863K, 46% free 9142K/16912K, paused 4ms, total 4ms
02-03 12:43:08.521 D/dalvikvm(15954): GC_FOR_ALLOC freed 3882K, 46% free 9143K/16912K, paused 4ms, total 4ms
02-03 12:43:08.531 D/dalvikvm(15954): GC_FOR_ALLOC freed 3900K, 46% free 9145K/16912K, paused 4ms, total 4ms
02-03 12:43:08.531 D/dalvikvm(15954): GC_FOR_ALLOC freed 3919K, 46% free 9146K/16912K, paused 4ms, total 4ms
02-03 12:43:08.541 D/dalvikvm(15954): GC_FOR_ALLOC freed 3938K, 46% free 9147K/16912K, paused 4ms, total 4ms
02-03 12:43:08.551 D/dalvikvm(15954): GC_FOR_ALLOC freed 3957K, 46% free 9149K/16912K, paused 4ms, total 4ms
02-03 12:43:08.561 D/dalvikvm(15954): GC_CONCURRENT freed 3692K, 45% free 9434K/16912K, paused 0ms+1ms, total 5ms
02-03 12:43:08.561 D/dalvikvm(15954): WAIT_FOR_CONCURRENT_GC blocked 5ms
02-03 12:43:08.561 D/dalvikvm(15954): GC_CONCURRENT freed 3993K, 45% free 9437K/16912K, paused 1ms+1ms, total 5ms
02-03 12:43:08.561 D/dalvikvm(15954): WAIT_FOR_CONCURRENT_GC blocked 4ms
02-03 12:43:08.571 D/dalvikvm(15954): GC_CONCURRENT freed 4012K, 45% free 9440K/16912K, paused 0ms+1ms, total 5ms
02-03 12:43:08.571 D/dalvikvm(15954): WAIT_FOR_CONCURRENT_GC blocked 5ms
02-03 12:43:08.581 D/dalvikvm(15954): GC_CONCURRENT freed 4031K, 45% free 9442K/16912K, paused 0ms+1ms, total 4ms
02-03 12:43:08.581 D/dalvikvm(15954): WAIT_FOR_CONCURRENT_GC blocked 5ms
02-03 12:43:08.591 D/dalvikvm(15954): GC_CONCURRENT freed 4050K, 45% free 9445K/16912K, paused 1ms+1ms, total 5ms
02-03 12:43:08.591 D/dalvikvm(15954): WAIT_FOR_CONCURRENT_GC blocked 4ms
02-03 12:43:08.591 D/dalvikvm(15954): GC_CONCURRENT freed 4068K, 45% free 9448K/16912K, paused 1ms+1ms, total 5ms
02-03 12:43:08.591 D/dalvikvm(15954): WAIT_FOR_CONCURRENT_GC blocked 4ms
02-03 12:43:08.601 D/dalvikvm(15954): GC_CONCURRENT freed 4087K, 45% free 9450K/16912K, paused 0ms+0ms, total 5ms
02-03 12:43:08.601 D/dalvikvm(15954): WAIT_FOR_CONCURRENT_GC blocked 4ms
02-03 12:43:08.611 D/dalvikvm(15954): GC_FOR_ALLOC freed 3664K, 44% free 9599K/16912K, paused 4ms, total 4ms
02-03 12:43:08.621 D/dalvikvm(15954): GC_FOR_ALLOC freed 4123K, 45% free 9307K/16912K, paused 4ms, total 4ms
02-03 12:43:08.621 D/dalvikvm(15954): GC_FOR_ALLOC freed 3845K, 46% free 9162K/16912K, paused 5ms, total 5ms
02-03 12:43:08.631 D/dalvikvm(15954): GC_FOR_ALLOC freed 3415K, 44% free 9608K/16912K, paused 4ms, total 4ms
02-03 12:43:08.641 D/dalvikvm(15954): GC_FOR_ALLOC freed 4174K, 45% free 9313K/16912K, paused 4ms, total 4ms
02-03 12:43:08.641 D/dalvikvm(15954): GC_FOR_ALLOC freed 3893K, 46% free 9166K/16912K, paused 4ms, total 4ms
02-03 12:43:08.651 D/dalvikvm(15954): GC_FOR_ALLOC freed 3457K, 44% free 9617K/16912K, paused 4ms, total 4ms
02-03 12:43:08.661 D/dalvikvm(15954): GC_FOR_ALLOC freed 4226K, 45% free 9318K/16912K, paused 5ms, total 5ms
02-03 12:43:08.661 D/dalvikvm(15954): GC_FOR_ALLOC freed 3941K, 46% free 9169K/16912K, paused 5ms, total 5ms
02-03 12:43:08.671 D/dalvikvm(15954): GC_FOR_ALLOC freed 3500K, 44% free 9626K/16912K, paused 4ms, total 4ms
02-03 12:43:08.681 D/dalvikvm(15954): GC_FOR_ALLOC freed 3972K, 46% free 9172K/16912K, paused 5ms, total 5ms
02-03 12:43:08.681 D/dalvikvm(15954): GC_CONCURRENT freed 3527K, 44% free 9632K/16912K, paused 1ms+1ms, total 5ms
02-03 12:43:08.681 D/dalvikvm(15954): WAIT_FOR_CONCURRENT_GC blocked 4ms
02-03 12:43:08.691 D/dalvikvm(15954): GC_CONCURRENT freed 4311K, 45% free 9328K/16912K, paused 0ms+1ms, total 4ms
02-03 12:43:08.691 D/dalvikvm(15954): WAIT_FOR_CONCURRENT_GC blocked 4ms
02-03 12:43:08.701 D/dalvikvm(15954): GC_FOR_ALLOC freed 4020K, 46% free 9175K/16912K, paused 4ms, total 4ms
02-03 12:43:08.701 D/dalvikvm(15954): GC_FOR_ALLOC freed 3569K, 43% free 9642K/16912K, paused 4ms, total 4ms
02-03 12:43:08.711 D/dalvikvm(15954): GC_CONCURRENT freed 3276K, 39% free 10420K/16912K, paused 1ms+1ms, total 7ms
02-03 12:43:08.711 D/dalvikvm(15954): WAIT_FOR_CONCURRENT_GC blocked 2ms
02-03 12:43:08.721 D/dalvikvm(15954): GC_FOR_ALLOC freed 4371K, 45% free 9335K/16912K, paused 4ms, total 4ms
02-03 12:43:08.721 D/dalvikvm(15954): GC_FOR_ALLOC freed 4081K, 46% free 9180K/16912K, paused 4ms, total 4ms
02-03 12:43:08.731 D/dalvikvm(15954): GC_FOR_ALLOC freed 3623K, 45% free 9338K/16912K, paused 4ms, total 4ms
02-03 12:43:08.741 D/dalvikvm(15954): GC_FOR_ALLOC freed 4112K, 46% free 9182K/16912K, paused 4ms, total 4ms
02-03 12:43:08.741 D/dalvikvm(15954): GC_FOR_ALLOC freed 3650K, 45% free 9342K/16912K, paused 4ms, total 4ms
02-03 12:43:08.761 D/dalvikvm(15954): GC_CONCURRENT freed 3822K, 44% free 9503K/16912K, paused 1ms+1ms, total 5ms
02-03 12:43:08.761 D/dalvikvm(15954): GC_FOR_ALLOC freed 3999K, 45% free 9345K/16912K, paused 5ms, total 5ms
02-03 12:43:08.771 D/dalvikvm(15954): GC_FOR_ALLOC freed 4175K, 46% free 9187K/16912K, paused 4ms, total 4ms
02-03 12:43:08.781 D/dalvikvm(15954): GC_CONCURRENT freed 3224K, 42% free 9831K/16912K, paused 1ms+1ms, total 6ms
02-03 12:43:08.781 D/dalvikvm(15954): WAIT_FOR_CONCURRENT_GC blocked 2ms
02-03 12:43:08.791 D/dalvikvm(15954): GC_FOR_ALLOC freed 3878K, 43% free 9674K/16912K, paused 5ms, total 5ms
02-03 12:43:08.791 D/dalvikvm(15954): GC_FOR_ALLOC freed 4219K, 46% free 9191K/16912K, paused 5ms, total 5ms
02-03 12:43:08.801 D/dalvikvm(15954): GC_FOR_ALLOC freed 3746K, 45% free 9354K/16912K, paused 5ms, total 5ms
02-03 12:43:08.811 D/dalvikvm(15954): GC_CONCURRENT freed 3925K, 44% free 9520K/16912K, paused 0ms+0ms, total 5ms
02-03 12:43:08.811 D/dalvikvm(15954): WAIT_FOR_CONCURRENT_GC blocked 4ms
02-03 12:43:08.821 D/dalvikvm(15954): GC_FOR_ALLOC freed 3774K, 46% free 9194K/16912K, paused 7ms, total 7ms
02-03 12:43:08.831 D/dalvikvm(15954): GC_FOR_ALLOC freed 3788K, 45% free 9360K/16912K, paused 4ms, total 4ms
02-03 12:43:08.841 D/dalvikvm(15954): GC_FOR_ALLOC freed 3471K, 43% free 9692K/16912K, paused 5ms, total 6ms
02-03 12:43:08.841 D/dalvikvm(15954): GC_FOR_ALLOC freed 4311K, 46% free 9198K/16912K, paused 4ms, total 4ms
02-03 12:43:08.851 D/dalvikvm(15954): GC_CONCURRENT freed 3825K, 45% free 9365K/16912K, paused 0ms+1ms, total 7ms
02-03 12:43:08.851 D/dalvikvm(15954): WAIT_FOR_CONCURRENT_GC blocked 2ms
02-03 12:43:08.861 D/dalvikvm(15954): GC_FOR_ALLOC freed 3503K, 43% free 9699K/16912K, paused 4ms, total 4ms
02-03 12:43:08.871 D/dalvikvm(15954): GC_FOR_ALLOC freed 4350K, 46% free 9201K/16912K, paused 5ms, total 5ms
02-03 12:43:08.881 D/dalvikvm(15954): GC_CONCURRENT freed 3859K, 45% free 9369K/16912K, paused 1ms+1ms, total 6ms
02-03 12:43:08.881 D/dalvikvm(15954): WAIT_FOR_CONCURRENT_GC blocked 5ms
02-03 12:43:08.891 D/dalvikvm(15954): GC_FOR_ALLOC freed 3535K, 43% free 9707K/16912K, paused 4ms, total 4ms
02-03 12:43:08.901 D/dalvikvm(15954): GC_CONCURRENT freed 4527K, 46% free 9206K/16912K, paused 0ms+1ms, total 7ms
02-03 12:43:08.901 D/dalvikvm(15954): WAIT_FOR_CONCURRENT_GC blocked 6ms
02-03 12:43:08.911 D/dalvikvm(15954): GC_FOR_ALLOC freed 3690K, 45% free 9387K/16912K, paused 4ms, total 4ms
02-03 12:43:08.921 D/dalvikvm(15954): GC_FOR_ALLOC freed 3747K, 45% free 9387K/16912K, paused 5ms, total 5ms
02-03 12:43:08.931 D/dalvikvm(15954): GC_FOR_ALLOC freed 2008K, 37% free 10678K/16912K, paused 4ms, total 4ms
02-03 12:43:09.011 D/dalvikvm(15954): GC_FOR_ALLOC freed 5824K, 48% free 8944K/16912K, paused 7ms, total 7ms
02-03 12:43:09.011 D/dalvikvm(15954): GC_CONCURRENT freed 2308K, 47% free 8985K/16912K, paused 0ms+1ms, total 6ms
02-03 12:43:09.021 D/dalvikvm(15954): GC_CONCURRENT freed 3999K, 47% free 8965K/16912K, paused 1ms+1ms, total 5ms
02-03 12:43:09.031 D/dalvikvm(15954): GC_CONCURRENT freed 3989K, 47% free 9048K/16912K, paused 0ms+2ms, total 6ms
02-03 12:43:09.031 D/dalvikvm(15954): WAIT_FOR_CONCURRENT_GC blocked 5ms
02-03 12:43:09.041 D/dalvikvm(15954): GC_CONCURRENT freed 4109K, 47% free 9014K/16912K, paused 0ms+1ms, total 4ms
02-03 12:43:09.041 D/dalvikvm(15954): WAIT_FOR_CONCURRENT_GC blocked 4ms
02-03 12:43:09.051 D/dalvikvm(15954): GC_CONCURRENT freed 3958K, 47% free 9114K/16912K, paused 1ms+1ms, total 7ms
02-03 12:43:09.051 D/dalvikvm(15954): WAIT_FOR_CONCURRENT_GC blocked 6ms
02-03 12:43:09.061 D/dalvikvm(15954): GC_FOR_ALLOC freed 4103K, 47% free 9061K/16912K, paused 4ms, total 4ms
02-03 12:43:09.071 D/dalvikvm(15954): GC_CONCURRENT freed 2659K, 44% free 9501K/16912K, paused 1ms+1ms, total 6ms
02-03 12:43:09.071 D/dalvikvm(15954): GC_CONCURRENT freed 4510K, 47% free 9080K/16912K, paused 1ms+1ms, total 5ms
02-03 12:43:09.071 D/dalvikvm(15954): WAIT_FOR_CONCURRENT_GC blocked 4ms
02-03 12:43:09.081 D/dalvikvm(15954): GC_FOR_ALLOC freed 4053K, 47% free 9083K/16912K, paused 5ms, total 5ms
02-03 12:43:09.091 D/dalvikvm(15954): GC_CONCURRENT freed 3863K, 46% free 9267K/16912K, paused 1ms+1ms, total 6ms
02-03 12:43:09.091 D/dalvikvm(15954): WAIT_FOR_CONCURRENT_GC blocked 2ms
02-03 12:43:09.091 D/dalvikvm(15954): GC_FOR_ALLOC freed 4205K, 47% free 9124K/16912K, paused 4ms, total 4ms
02-03 12:43:09.101 D/dalvikvm(15954): GC_CONCURRENT freed 3727K, 45% free 9431K/16912K, paused 1ms+1ms, total 7ms
02-03 12:43:09.101 D/dalvikvm(15954): WAIT_FOR_CONCURRENT_GC blocked 2ms
02-03 12:43:09.111 D/dalvikvm(15954): GC_CONCURRENT freed 4315K, 47% free 9094K/16912K, paused 0ms+1ms, total 4ms
02-03 12:43:09.111 D/dalvikvm(15954): WAIT_FOR_CONCURRENT_GC blocked 4ms
02-03 12:43:09.121 D/dalvikvm(15954): GC_CONCURRENT freed 4032K, 47% free 9097K/16912K, paused 0ms+1ms, total 4ms
02-03 12:43:09.121 D/dalvikvm(15954): WAIT_FOR_CONCURRENT_GC blocked 4ms
02-03 12:43:09.121 D/dalvikvm(15954): GC_FOR_ALLOC freed 4030K, 46% free 9149K/16912K, paused 4ms, total 4ms
02-03 12:43:09.131 D/dalvikvm(15954): GC_CONCURRENT freed 3971K, 46% free 9250K/16912K, paused 0ms+0ms, total 6ms
02-03 12:43:09.131 D/dalvikvm(15954): WAIT_FOR_CONCURRENT_GC blocked 2ms
02-03 12:43:09.141 D/dalvikvm(15954): GC_CONCURRENT freed 4236K, 47% free 9109K/16912K, paused 0ms+0ms, total 5ms
02-03 12:43:09.141 D/dalvikvm(15954): WAIT_FOR_CONCURRENT_GC blocked 4ms
02-03 12:43:09.151 D/dalvikvm(15954): GC_FOR_ALLOC freed 4052K, 47% free 9055K/16912K, paused 4ms, total 4ms
02-03 12:43:09.151 D/dalvikvm(15954): GC_CONCURRENT freed 3433K, 45% free 9395K/16912K, paused 1ms+1ms, total 6ms
02-03 12:43:09.161 D/dalvikvm(15954): GC_CONCURRENT freed 4318K, 47% free 9119K/16912K, paused 1ms+1ms, total 5ms
02-03 12:43:09.161 D/dalvikvm(15954): WAIT_FOR_CONCURRENT_GC blocked 4ms
02-03 12:43:09.171 D/dalvikvm(15954): GC_FOR_ALLOC freed 3965K, 46% free 9211K/16912K, paused 4ms, total 4ms
02-03 12:43:09.171 D/dalvikvm(15954): GC_CONCURRENT freed 3824K, 45% free 9330K/16912K, paused 1ms+1ms, total 6ms
02-03 12:43:09.171 D/dalvikvm(15954): WAIT_FOR_CONCURRENT_GC blocked 2ms
02-03 12:43:09.181 D/dalvikvm(15954): GC_FOR_ALLOC freed 4331K, 47% free 9093K/16912K, paused 4ms, total 4ms
02-03 12:43:09.191 D/dalvikvm(15954): GC_CONCURRENT freed 3683K, 45% free 9405K/16912K, paused 0ms+1ms, total 6ms
02-03 12:43:09.191 D/dalvikvm(15954): WAIT_FOR_CONCURRENT_GC blocked 2ms
02-03 12:43:09.191 D/dalvikvm(15954): GC_FOR_ALLOC freed 4392K, 47% free 9093K/16912K, paused 4ms, total 4ms
02-03 12:43:09.201 D/dalvikvm(15954): GC_CONCURRENT freed 3706K, 45% free 9352K/16912K, paused 1ms+1ms, total 6ms
02-03 12:43:09.201 D/dalvikvm(15954): WAIT_FOR_CONCURRENT_GC blocked 2ms
02-03 12:43:09.211 D/dalvikvm(15954): GC_FOR_ALLOC freed 4231K, 47% free 9092K/16912K, paused 4ms, total 4ms
02-03 12:43:09.211 D/dalvikvm(15954): GC_CONCURRENT freed 3366K, 43% free 9703K/16912K, paused 0ms+1ms, total 5ms
02-03 12:43:09.211 D/dalvikvm(15954): WAIT_FOR_CONCURRENT_GC blocked 3ms
02-03 12:43:09.221 D/dalvikvm(15954): GC_CONCURRENT freed 4588K, 46% free 9199K/16912K, paused 0ms+1ms, total 4ms
02-03 12:43:09.221 D/dalvikvm(15954): WAIT_FOR_CONCURRENT_GC blocked 4ms
02-03 12:43:09.231 D/dalvikvm(15954): GC_CONCURRENT freed 3973K, 46% free 9204K/16912K, paused 1ms+1ms, total 5ms
02-03 12:43:09.231 D/dalvikvm(15954): WAIT_FOR_CONCURRENT_GC blocked 4ms
02-03 12:43:09.241 D/dalvikvm(15954): GC_CONCURRENT freed 4040K, 46% free 9209K/16912K, paused 1ms+0ms, total 5ms
02-03 12:43:09.241 D/dalvikvm(15954): WAIT_FOR_CONCURRENT_GC blocked 4ms
02-03 12:43:09.241 D/dalvikvm(15954): GC_FOR_ALLOC freed 3889K, 46% free 9282K/16912K, paused 4ms, total 4ms
02-03 12:43:09.251 D/dalvikvm(15954): GC_FOR_ALLOC freed 4175K, 46% free 9134K/16912K, paused 4ms, total 4ms
02-03 12:43:09.261 D/dalvikvm(15954): GC_CONCURRENT freed 3716K, 45% free 9432K/16912K, paused 1ms+1ms, total 7ms
02-03 12:43:09.261 D/dalvikvm(15954): WAIT_FOR_CONCURRENT_GC blocked 2ms
02-03 12:43:09.271 D/dalvikvm(15954): GC_FOR_ALLOC freed 4293K, 46% free 9133K/16912K, paused 4ms, total 4ms
02-03 12:43:09.271 D/dalvikvm(15954): GC_CONCURRENT freed 3433K, 43% free 9673K/16912K, paused 1ms+1ms, total 6ms
02-03 12:43:09.271 D/dalvikvm(15954): WAIT_FOR_CONCURRENT_GC blocked 2ms
02-03 12:43:09.281 D/dalvikvm(15954): GC_CONCURRENT freed 4490K, 46% free 9215K/16912K, paused 1ms+1ms, total 5ms
02-03 12:43:09.281 D/dalvikvm(15954): WAIT_FOR_CONCURRENT_GC blocked 4ms
02-03 12:43:09.291 D/dalvikvm(15954): GC_FOR_ALLOC freed 4086K, 47% free 9055K/16912K, paused 4ms, total 4ms
02-03 12:43:09.291 D/dalvikvm(15954): GC_CONCURRENT freed 3815K, 46% free 9220K/16912K, paused 0ms+1ms, total 4ms
02-03 12:43:09.291 D/dalvikvm(15954): WAIT_FOR_CONCURRENT_GC blocked 5ms
02-03 12:43:09.301 D/dalvikvm(15954): GC_CONCURRENT freed 4030K, 46% free 9224K/16912K, paused 0ms+1ms, total 4ms
02-03 12:43:09.301 D/dalvikvm(15954): WAIT_FOR_CONCURRENT_GC blocked 4ms
02-03 12:43:09.311 D/dalvikvm(15954): GC_CONCURRENT freed 4084K, 46% free 9229K/16912K, paused 1ms+1ms, total 5ms
02-03 12:43:09.311 D/dalvikvm(15954): WAIT_FOR_CONCURRENT_GC blocked 4ms
02-03 12:43:09.321 D/dalvikvm(15954): GC_FOR_ALLOC freed 3886K, 45% free 9313K/16912K, paused 4ms, total 4ms
02-03 12:43:09.321 D/dalvikvm(15954): GC_CONCURRENT freed 3766K, 44% free 9566K/16912K, paused 1ms+1ms, total 6ms
02-03 12:43:09.321 D/dalvikvm(15954): WAIT_FOR_CONCURRENT_GC blocked 2ms
02-03 12:43:09.331 D/dalvikvm(15954): GC_CONCURRENT freed 4313K, 46% free 9265K/16912K, paused 1ms+1ms, total 5ms
02-03 12:43:09.331 D/dalvikvm(15954): WAIT_FOR_CONCURRENT_GC blocked 4ms
02-03 12:43:09.341 D/dalvikvm(15954): GC_FOR_ALLOC freed 4024K, 46% free 9176K/16912K, paused 4ms, total 4ms
02-03 12:43:09.351 D/dalvikvm(15954): GC_CONCURRENT freed 3977K, 46% free 9268K/16912K, paused 0ms+1ms, total 4ms
02-03 12:43:09.351 D/dalvikvm(15954): WAIT_FOR_CONCURRENT_GC blocked 5ms
02-03 12:43:09.351 D/dalvikvm(15954): GC_FOR_ALLOC freed 4113K, 46% free 9178K/16912K, paused 6ms, total 6ms
02-03 12:43:09.361 D/dalvikvm(15954): GC_CONCURRENT freed 3164K, 41% free 9989K/16912K, paused 1ms+1ms, total 6ms
02-03 12:43:09.361 D/dalvikvm(15954): WAIT_FOR_CONCURRENT_GC blocked 2ms
02-03 12:43:09.371 D/dalvikvm(15954): GC_CONCURRENT freed 4732K, 46% free 9276K/16912K, paused 0ms+0ms, total 5ms
02-03 12:43:09.371 D/dalvikvm(15954): WAIT_FOR_CONCURRENT_GC blocked 4ms
02-03 12:43:09.371 D/dalvikvm(15954): GC_FOR_ALLOC freed 4058K, 47% free 9091K/16912K, paused 4ms, total 4ms
02-03 12:43:09.381 D/dalvikvm(15954): GC_FOR_ALLOC freed 3909K, 47% free 9092K/16912K, paused 4ms, total 4ms
02-03 12:43:09.391 D/dalvikvm(15954): GC_FOR_ALLOC freed 3947K, 47% free 9094K/16912K, paused 4ms, total 4ms
02-03 12:43:09.401 D/dalvikvm(15954): GC_CONCURRENT freed 3794K, 46% free 9286K/16912K, paused 0ms+1ms, total 4ms
02-03 12:43:09.401 D/dalvikvm(15954): WAIT_FOR_CONCURRENT_GC blocked 4ms
02-03 12:43:09.401 D/dalvikvm(15954): GC_CONCURRENT freed 4020K, 46% free 9290K/16912K, paused 0ms+1ms, total 4ms
02-03 12:43:09.401 D/dalvikvm(15954): WAIT_FOR_CONCURRENT_GC blocked 4ms
02-03 12:43:09.411 D/dalvikvm(15954): GC_CONCURRENT freed 4057K, 46% free 9294K/16912K, paused 1ms+1ms, total 5ms
02-03 12:43:09.411 D/dalvikvm(15954): WAIT_FOR_CONCURRENT_GC blocked 4ms
02-03 12:43:09.421 D/dalvikvm(15954): GC_FOR_ALLOC freed 3805K, 45% free 9390K/16912K, paused 4ms, total 4ms
02-03 12:43:09.421 D/dalvikvm(15954): GC_FOR_ALLOC freed 4130K, 46% free 9197K/16912K, paused 4ms, total 4ms
02-03 12:43:09.431 D/dalvikvm(15954): GC_FOR_ALLOC freed 3969K, 47% free 9101K/16912K, paused 4ms, total 4ms
02-03 12:43:09.441 D/dalvikvm(15954): GC_FOR_ALLOC freed 3701K, 45% free 9402K/16912K, paused 4ms, total 4ms
02-03 12:43:09.441 D/dalvikvm(15954): GC_CONCURRENT freed 3535K, 42% free 9906K/16912K, paused 1ms+1ms, total 6ms
02-03 12:43:09.441 D/dalvikvm(15954): WAIT_FOR_CONCURRENT_GC blocked 2ms
02-03 12:43:09.451 D/dalvikvm(15954): GC_CONCURRENT freed 4569K, 45% free 9310K/16912K, paused 1ms+1ms, total 5ms
02-03 12:43:09.451 D/dalvikvm(15954): WAIT_FOR_CONCURRENT_GC blocked 4ms
02-03 12:43:09.461 D/dalvikvm(15954): GC_FOR_ALLOC freed 4001K, 46% free 9210K/16912K, paused 4ms, total 4ms
02-03 12:43:09.471 D/dalvikvm(15954): GC_CONCURRENT freed 3932K, 45% free 9317K/16912K, paused 0ms+1ms, total 5ms
02-03 12:43:09.471 D/dalvikvm(15954): WAIT_FOR_CONCURRENT_GC blocked 4ms
02-03 12:43:09.471 D/dalvikvm(15954): GC_FOR_ALLOC freed 4067K, 46% free 9215K/16912K, paused 4ms, total 4ms
02-03 12:43:09.481 D/dalvikvm(15954): GC_FOR_ALLOC freed 3681K, 45% free 9428K/16912K, paused 4ms, total 4ms
02-03 12:43:09.491 D/dalvikvm(15954): GC_FOR_ALLOC freed 4240K, 47% free 9114K/16912K, paused 4ms, total 4ms
02-03 12:43:09.491 D/dalvikvm(15954): GC_FOR_ALLOC freed 3952K, 46% free 9222K/16912K, paused 4ms, total 4ms
02-03 12:43:09.501 D/dalvikvm(15954): GC_CONCURRENT freed 3231K, 42% free 9975K/16912K, paused 0ms+1ms, total 6ms
02-03 12:43:09.501 D/dalvikvm(15954): WAIT_FOR_CONCURRENT_GC blocked 2ms
02-03 12:43:09.511 D/dalvikvm(15954): GC_CONCURRENT freed 4653K, 45% free 9336K/16912K, paused 1ms+1ms, total 5ms
02-03 12:43:09.511 D/dalvikvm(15954): WAIT_FOR_CONCURRENT_GC blocked 4ms
02-03 12:43:09.511 D/dalvikvm(15954): GC_FOR_ALLOC freed 4039K, 47% free 9121K/16912K, paused 4ms, total 4ms
02-03 12:43:09.521 D/dalvikvm(15954): GC_FOR_ALLOC freed 3848K, 47% free 9122K/16912K, paused 4ms, total 4ms
02-03 12:43:09.531 D/dalvikvm(15954): GC_FOR_ALLOC freed 3874K, 47% free 9124K/16912K, paused 4ms, total 4ms
02-03 12:43:09.531 D/dalvikvm(15954): GC_FOR_ALLOC freed 3900K, 47% free 9125K/16912K, paused 4ms, total 4ms
02-03 12:43:09.541 D/dalvikvm(15954): GC_FOR_ALLOC freed 3926K, 47% free 9127K/16912K, paused 4ms, total 4ms
02-03 12:43:09.551 D/dalvikvm(15954): GC_FOR_ALLOC freed 3952K, 47% free 9128K/16912K, paused 4ms, total 4ms
02-03 12:43:09.561 D/dalvikvm(15954): GC_CONCURRENT freed 3751K, 45% free 9357K/16912K, paused 0ms+1ms, total 6ms
02-03 12:43:09.561 D/dalvikvm(15954): WAIT_FOR_CONCURRENT_GC blocked 5ms
02-03 12:43:09.561 D/dalvikvm(15954): GC_CONCURRENT freed 4003K, 45% free 9360K/16912K, paused 1ms+1ms, total 6ms
02-03 12:43:09.561 D/dalvikvm(15954): WAIT_FOR_CONCURRENT_GC blocked 5ms
02-03 12:43:09.571 D/dalvikvm(15954): GC_CONCURRENT freed 4029K, 45% free 9363K/16912K, paused 1ms+1ms, total 5ms
02-03 12:43:09.571 D/dalvikvm(15954): WAIT_FOR_CONCURRENT_GC blocked 4ms
02-03 12:43:09.581 D/dalvikvm(15954): GC_CONCURRENT freed 4056K, 45% free 9366K/16912K, paused 1ms+1ms, total 5ms
02-03 12:43:09.581 D/dalvikvm(15954): WAIT_FOR_CONCURRENT_GC blocked 4ms
02-03 12:43:09.591 D/dalvikvm(15954): GC_CONCURRENT freed 4084K, 45% free 9369K/16912K, paused 0ms+1ms, total 5ms
02-03 12:43:09.591 D/dalvikvm(15954): WAIT_FOR_CONCURRENT_GC blocked 4ms
02-03 12:43:09.591 D/dalvikvm(15954): GC_FOR_ALLOC freed 3759K, 44% free 9490K/16912K, paused 5ms, total 5ms
02-03 12:43:09.601 D/dalvikvm(15954): GC_FOR_ALLOC freed 4140K, 46% free 9257K/16912K, paused 4ms, total 4ms
02-03 12:43:09.611 D/dalvikvm(15954): GC_FOR_ALLOC freed 3931K, 46% free 9141K/16912K, paused 4ms, total 4ms
02-03 12:43:09.611 D/dalvikvm(15954): GC_FOR_ALLOC freed 3596K, 44% free 9501K/16912K, paused 4ms, total 4ms
02-03 12:43:09.621 D/dalvikvm(15954): GC_FOR_ALLOC freed 4223K, 46% free 9264K/16912K, paused 4ms, total 4ms
02-03 12:43:09.631 D/dalvikvm(15954): GC_CONCURRENT freed 3405K, 43% free 9749K/16912K, paused 1ms+1ms, total 7ms
02-03 12:43:09.631 D/dalvikvm(15954): WAIT_FOR_CONCURRENT_GC blocked 3ms
02-03 12:43:09.631 D/dalvikvm(15954): GC_FOR_ALLOC freed 4270K, 44% free 9513K/16912K, paused 4ms, total 4ms
02-03 12:43:09.641 D/dalvikvm(15954): GC_CONCURRENT freed 3448K, 41% free 10128K/16912K, paused 1ms+1ms, total 6ms
02-03 12:43:09.641 D/dalvikvm(15954): WAIT_FOR_CONCURRENT_GC blocked 3ms
02-03 12:43:09.651 D/dalvikvm(15954): GC_FOR_ALLOC freed 4322K, 46% free 9273K/16912K, paused 4ms, total 4ms
02-03 12:43:09.661 D/dalvikvm(15954): GC_CONCURRENT freed 3860K, 45% free 9400K/16912K, paused 1ms+1ms, total 6ms
02-03 12:43:09.661 D/dalvikvm(15954): WAIT_FOR_CONCURRENT_GC blocked 5ms
02-03 12:43:09.661 D/dalvikvm(15954): GC_FOR_ALLOC freed 4006K, 46% free 9277K/16912K, paused 4ms, total 4ms
02-03 12:43:09.671 D/dalvikvm(15954): GC_CONCURRENT freed 3906K, 45% free 9407K/16912K, paused 1ms+1ms, total 5ms
02-03 12:43:09.671 D/dalvikvm(15954): WAIT_FOR_CONCURRENT_GC blocked 4ms
02-03 12:43:09.681 D/dalvikvm(15954): GC_FOR_ALLOC freed 4055K, 46% free 9282K/16912K, paused 4ms, total 4ms
02-03 12:43:09.681 D/dalvikvm(15954): GC_CONCURRENT freed 3953K, 45% free 9412K/16912K, paused 1ms+1ms, total 5ms
02-03 12:43:09.681 D/dalvikvm(15954): WAIT_FOR_CONCURRENT_GC blocked 4ms
02-03 12:43:09.691 D/dalvikvm(15954): GC_FOR_ALLOC freed 4102K, 46% free 9286K/16912K, paused 4ms, total 5ms
02-03 12:43:09.701 D/dalvikvm(15954): GC_CONCURRENT freed 2711K, 39% free 10445K/16912K, paused 1ms+1ms, total 6ms
02-03 12:43:09.701 D/dalvikvm(15954): WAIT_FOR_CONCURRENT_GC blocked 2ms
02-03 12:43:09.711 D/dalvikvm(15954): GC_FOR_ALLOC freed 4268K, 46% free 9161K/16912K, paused 5ms, total 5ms
02-03 12:43:09.711 D/dalvikvm(15954): GC_FOR_ALLOC freed 3907K, 46% free 9292K/16912K, paused 5ms, total 5ms
02-03 12:43:09.721 D/dalvikvm(15954): GC_CONCURRENT freed 3014K, 40% free 10208K/16912K, paused 1ms+1ms, total 6ms
02-03 12:43:09.721 D/dalvikvm(15954): WAIT_FOR_CONCURRENT_GC blocked 2ms
02-03 12:43:09.731 D/dalvikvm(15954): GC_FOR_ALLOC freed 4073K, 46% free 9165K/16912K, paused 4ms, total 4ms
02-03 12:43:09.731 D/dalvikvm(15954): GC_FOR_ALLOC freed 3702K, 46% free 9167K/16912K, paused 4ms, total 4ms
02-03 12:43:09.741 D/dalvikvm(15954): GC_FOR_ALLOC freed 3721K, 46% free 9168K/16912K, paused 4ms, total 4ms
02-03 12:43:09.741 D/dalvikvm(15954): GC_FOR_ALLOC freed 3740K, 46% free 9169K/16912K, paused 4ms, total 4ms
02-03 12:43:09.751 D/dalvikvm(15954): GC_FOR_ALLOC freed 3758K, 46% free 9171K/16912K, paused 5ms, total 5ms
02-03 12:43:09.761 D/dalvikvm(15954): GC_FOR_ALLOC freed 3778K, 46% free 9172K/16912K, paused 4ms, total 4ms
02-03 12:43:09.771 D/dalvikvm(15954): GC_FOR_ALLOC freed 3797K, 46% free 9173K/16912K, paused 5ms, total 5ms
02-03 12:43:09.771 D/dalvikvm(15954): GC_FOR_ALLOC freed 3816K, 46% free 9175K/16912K, paused 4ms, total 4ms
02-03 12:43:09.781 D/dalvikvm(15954): GC_FOR_ALLOC freed 3835K, 46% free 9176K/16912K, paused 4ms, total 4ms
02-03 12:43:09.791 D/dalvikvm(15954): GC_FOR_ALLOC freed 3853K, 46% free 9177K/16912K, paused 4ms, total 4ms
02-03 12:43:09.791 D/dalvikvm(15954): GC_FOR_ALLOC freed 3872K, 46% free 9179K/16912K, paused 4ms, total 4ms
02-03 12:43:09.801 D/dalvikvm(15954): GC_FOR_ALLOC freed 3891K, 46% free 9180K/16912K, paused 4ms, total 4ms
02-03 12:43:09.811 D/dalvikvm(15954): GC_FOR_ALLOC freed 3910K, 46% free 9181K/16912K, paused 4ms, total 5ms
02-03 12:43:09.811 D/dalvikvm(15954): GC_FOR_ALLOC freed 3929K, 46% free 9183K/16912K, paused 4ms, total 4ms
02-03 12:43:09.821 D/dalvikvm(15954): GC_FOR_ALLOC freed 3947K, 46% free 9184K/16912K, paused 4ms, total 4ms
02-03 12:43:09.841 D/dalvikvm(15954): GC_CONCURRENT freed 3682K, 45% free 9469K/16912K, paused 0ms+1ms, total 14ms
02-03 12:43:09.841 D/dalvikvm(15954): WAIT_FOR_CONCURRENT_GC blocked 12ms
02-03 12:43:09.841 D/dalvikvm(15954): GC_FOR_ALLOC freed 4269K, 46% free 9187K/16912K, paused 4ms, total 4ms
02-03 12:43:09.851 D/dalvikvm(15954): GC_CONCURRENT freed 3718K, 44% free 9474K/16912K, paused 1ms+1ms, total 7ms
02-03 12:43:09.851 D/dalvikvm(15954): WAIT_FOR_CONCURRENT_GC blocked 5ms
02-03 12:43:09.871 D/dalvikvm(15954): GC_CONCURRENT freed 4021K, 44% free 9477K/16912K, paused 1ms+0ms, total 6ms
02-03 12:43:09.871 D/dalvikvm(15954): WAIT_FOR_CONCURRENT_GC blocked 2ms
02-03 12:43:09.871 D/dalvikvm(15954): GC_CONCURRENT freed 4040K, 44% free 9480K/16912K, paused 1ms+1ms, total 6ms
02-03 12:43:09.871 D/dalvikvm(15954): WAIT_FOR_CONCURRENT_GC blocked 3ms
02-03 12:43:09.881 D/dalvikvm(15954): GC_CONCURRENT freed 4059K, 44% free 9482K/16912K, paused 1ms+1ms, total 5ms
02-03 12:43:09.881 D/dalvikvm(15954): WAIT_FOR_CONCURRENT_GC blocked 3ms
02-03 12:43:09.891 D/dalvikvm(15954): GC_CONCURRENT freed 4078K, 44% free 9485K/16912K, paused 1ms+1ms, total 5ms
02-03 12:43:09.891 D/dalvikvm(15954): WAIT_FOR_CONCURRENT_GC blocked 3ms
02-03 12:43:09.911 D/dalvikvm(15954): GC_FOR_ALLOC freed 3656K, 44% free 9633K/16912K, paused 4ms, total 5ms
02-03 12:43:09.911 W/BindingManager(18937): Cannot call determinedVisibility() - never saw a connection for the pid: 18937
02-03 12:43:09.921 D/dalvikvm(15954): GC_FOR_ALLOC freed 4113K, 45% free 9342K/16912K, paused 5ms, total 5ms
02-03 12:43:09.921 D/dalvikvm(15954): GC_FOR_ALLOC freed 3837K, 46% free 9197K/16912K, paused 4ms, total 4ms
02-03 12:43:09.931 D/dalvikvm(15954): GC_FOR_ALLOC freed 3407K, 43% free 9642K/16912K, paused 5ms, total 5ms
02-03 12:43:09.941 D/dalvikvm(15954): GC_FOR_ALLOC freed 4165K, 45% free 9348K/16912K, paused 4ms, total 5ms
02-03 12:43:09.951 D/dalvikvm(15954): GC_FOR_ALLOC freed 3885K, 46% free 9201K/16912K, paused 6ms, total 6ms
02-03 12:43:09.961 D/dalvikvm(15954): GC_FOR_ALLOC freed 3449K, 43% free 9652K/16912K, paused 5ms, total 5ms
02-03 12:43:09.971 D/dalvikvm(15954): GC_FOR_ALLOC freed 4217K, 45% free 9353K/16912K, paused 5ms, total 5ms
02-03 12:43:09.981 D/dalvikvm(15954): GC_FOR_ALLOC freed 3933K, 46% free 9205K/16912K, paused 5ms, total 6ms
02-03 12:43:09.991 D/dalvikvm(15954): GC_FOR_ALLOC freed 3492K, 43% free 9661K/16912K, paused 7ms, total 8ms
02-03 12:43:10.001 D/dalvikvm(15954): GC_FOR_ALLOC freed 3963K, 46% free 9207K/16912K, paused 5ms, total 5ms
02-03 12:43:10.001 D/dalvikvm(15954): GC_CONCURRENT freed 3519K, 43% free 9667K/16912K, paused 1ms+0ms, total 5ms
02-03 12:43:10.001 D/dalvikvm(15954): WAIT_FOR_CONCURRENT_GC blocked 4ms
02-03 12:43:10.011 D/dalvikvm(15954): GC_CONCURRENT freed 4301K, 45% free 9363K/16912K, paused 1ms+1ms, total 5ms
02-03 12:43:10.011 D/dalvikvm(15954): WAIT_FOR_CONCURRENT_GC blocked 4ms
02-03 12:43:10.021 D/dalvikvm(15954): GC_FOR_ALLOC freed 4012K, 46% free 9211K/16912K, paused 6ms, total 7ms
02-03 12:43:10.031 D/dalvikvm(15954): GC_CONCURRENT freed 3561K, 43% free 9676K/16912K, paused 1ms+1ms, total 7ms
02-03 12:43:10.041 D/dalvikvm(15954): GC_CONCURRENT freed 4353K, 45% free 9368K/16912K, paused 1ms+1ms, total 6ms
02-03 12:43:10.061 D/dalvikvm(15954): GC_FOR_ALLOC freed 4060K, 46% free 9214K/16912K, paused 7ms, total 7ms
02-03 12:43:10.071 D/dalvikvm(15954): GC_CONCURRENT freed 3604K, 43% free 9685K/16912K, paused 1ms+0ms, total 6ms
02-03 12:43:10.071 D/dalvikvm(15954): WAIT_FOR_CONCURRENT_GC blocked 5ms
02-03 12:43:10.071 D/dalvikvm(15954): GC_CONCURRENT freed 4405K, 45% free 9374K/16912K, paused 1ms+1ms, total 5ms
02-03 12:43:10.081 D/dalvikvm(15954): GC_FOR_ALLOC freed 4108K, 46% free 9218K/16912K, paused 4ms, total 4ms
02-03 12:43:10.091 D/dalvikvm(15954): GC_FOR_ALLOC freed 3646K, 45% free 9377K/16912K, paused 5ms, total 5ms
02-03 12:43:10.101 D/dalvikvm(15954): GC_CONCURRENT freed 3820K, 44% free 9539K/16912K, paused 0ms+1ms, total 5ms
02-03 12:43:10.101 D/dalvikvm(15954): WAIT_FOR_CONCURRENT_GC blocked 4ms
02-03 12:43:10.111 D/dalvikvm(15954): GC_FOR_ALLOC freed 3992K, 45% free 9381K/16912K, paused 4ms, total 4ms
02-03 12:43:10.121 D/dalvikvm(15954): GC_CONCURRENT freed 3850K, 44% free 9544K/16912K, paused 1ms+1ms, total 6ms
02-03 12:43:10.121 D/dalvikvm(15954): WAIT_FOR_CONCURRENT_GC blocked 5ms
02-03 12:43:10.121 D/dalvikvm(15954): GC_FOR_ALLOC freed 3701K, 46% free 9224K/16912K, paused 4ms, total 4ms
02-03 12:43:10.131 D/dalvikvm(15954): GC_FOR_ALLOC freed 3714K, 45% free 9386K/16912K, paused 4ms, total 4ms
02-03 12:43:10.141 D/dalvikvm(15954): GC_CONCURRENT freed 3891K, 44% free 9551K/16912K, paused 1ms+1ms, total 5ms
02-03 12:43:10.141 D/dalvikvm(15954): WAIT_FOR_CONCURRENT_GC blocked 4ms
02-03 12:43:10.151 D/dalvikvm(15954): GC_FOR_ALLOC freed 3740K, 46% free 9227K/16912K, paused 5ms, total 6ms
02-03 12:43:10.161 D/dalvikvm(15954): GC_FOR_ALLOC freed 3754K, 45% free 9391K/16912K, paused 5ms, total 6ms
02-03 12:43:10.171 D/dalvikvm(15954): GC_FOR_ALLOC freed 3444K, 43% free 9717K/16912K, paused 6ms, total 6ms
02-03 12:43:10.181 D/dalvikvm(15954): GC_FOR_ALLOC freed 4276K, 46% free 9227K/16912K, paused 5ms, total 5ms
02-03 12:43:10.191 D/dalvikvm(15954): GC_FOR_ALLOC freed 3797K, 45% free 9393K/16912K, paused 4ms, total 4ms
02-03 12:43:10.201 D/dalvikvm(15954): GC_FOR_ALLOC freed 3478K, 43% free 9725K/16912K, paused 4ms, total 4ms
02-03 12:43:10.201 D/dalvikvm(15954): GC_FOR_ALLOC freed 4319K, 46% free 9230K/16912K, paused 4ms, total 4ms
02-03 12:43:10.211 D/dalvikvm(15954): GC_FOR_ALLOC freed 3832K, 45% free 9397K/16912K, paused 4ms, total 4ms
02-03 12:43:10.221 D/dalvikvm(15954): GC_CONCURRENT freed 2676K, 38% free 10566K/16912K, paused 1ms+1ms, total 6ms
02-03 12:43:10.221 D/dalvikvm(15954): WAIT_FOR_CONCURRENT_GC blocked 2ms
02-03 12:43:10.221 D/dalvikvm(15954): GC_FOR_ALLOC freed 4352K, 45% free 9400K/16912K, paused 4ms, total 4ms
02-03 12:43:10.231 D/dalvikvm(15954): GC_FOR_ALLOC freed 3528K, 43% free 9737K/16912K, paused 4ms, total 4ms
02-03 12:43:10.241 D/dalvikvm(15954): GC_FOR_ALLOC freed 4381K, 46% free 9235K/16912K, paused 4ms, total 5ms
02-03 12:43:10.251 D/dalvikvm(15954): GC_CONCURRENT freed 4072K, 46% free 9255K/16912K, paused 0ms+0ms, total 5ms
02-03 12:43:10.251 D/dalvikvm(15954): WAIT_FOR_CONCURRENT_GC blocked 4ms
02-03 12:43:10.251 D/dalvikvm(15954): GC_FOR_ALLOC freed 3350K, 43% free 9764K/16912K, paused 4ms, total 4ms
02-03 12:43:10.271 D/dalvikvm(15954): GC_FOR_ALLOC freed 4535K, 50% free 8621K/16912K, paused 4ms, total 4ms
02-03 12:43:10.291 D/dalvikvm(15954): GC_CONCURRENT freed 3326K, 45% free 9336K/16912K, paused 1ms+1ms, total 4ms
02-03 12:43:10.351 D/dalvikvm(15954): GC_CONCURRENT freed 4507K, 48% free 8905K/16912K, paused 0ms+1ms, total 6ms
02-03 12:43:10.351 D/dalvikvm(15954): WAIT_FOR_CONCURRENT_GC blocked 7ms
02-03 12:43:10.361 D/dalvikvm(15954): GC_CONCURRENT freed 3981K, 47% free 8983K/16912K, paused 1ms+1ms, total 5ms
02-03 12:43:10.361 D/dalvikvm(15954): WAIT_FOR_CONCURRENT_GC blocked 4ms
02-03 12:43:10.371 D/dalvikvm(15954): GC_CONCURRENT freed 4146K, 48% free 8897K/16912K, paused 0ms+1ms, total 4ms
02-03 12:43:10.371 D/dalvikvm(15954): WAIT_FOR_CONCURRENT_GC blocked 4ms
02-03 12:43:10.381 D/dalvikvm(15954): GC_CONCURRENT freed 3937K, 47% free 9008K/16912K, paused 1ms+0ms, total 5ms
02-03 12:43:10.381 D/dalvikvm(15954): WAIT_FOR_CONCURRENT_GC blocked 4ms
02-03 12:43:10.391 D/dalvikvm(15954): GC_CONCURRENT freed 4049K, 47% free 9022K/16912K, paused 1ms+1ms, total 5ms
02-03 12:43:10.391 D/dalvikvm(15954): WAIT_FOR_CONCURRENT_GC blocked 4ms
02-03 12:43:10.391 D/dalvikvm(15954): GC_CONCURRENT freed 4079K, 47% free 9029K/16912K, paused 1ms+1ms, total 5ms
02-03 12:43:10.391 D/dalvikvm(15954): WAIT_FOR_CONCURRENT_GC blocked 4ms
02-03 12:43:10.401 D/dalvikvm(15954): GC_FOR_ALLOC freed 4040K, 47% free 9033K/16912K, paused 4ms, total 5ms
02-03 12:43:10.411 D/dalvikvm(15954): GC_CONCURRENT freed 3778K, 46% free 9278K/16912K, paused 0ms+1ms, total 6ms
02-03 12:43:10.411 D/dalvikvm(15954): WAIT_FOR_CONCURRENT_GC blocked 2ms
02-03 12:43:10.411 D/dalvikvm(15954): GC_FOR_ALLOC freed 4361K, 47% free 9010K/16912K, paused 4ms, total 4ms
02-03 12:43:10.421 D/dalvikvm(15954): GC_CONCURRENT freed 3769K, 46% free 9242K/16912K, paused 1ms+1ms, total 6ms
02-03 12:43:10.421 D/dalvikvm(15954): WAIT_FOR_CONCURRENT_GC blocked 1ms
02-03 12:43:10.431 D/dalvikvm(15954): GC_CONCURRENT freed 4239K, 47% free 9094K/16912K, paused 1ms+1ms, total 5ms
02-03 12:43:10.431 D/dalvikvm(15954): WAIT_FOR_CONCURRENT_GC blocked 4ms
02-03 12:43:10.441 D/dalvikvm(15954): GC_FOR_ALLOC freed 4056K, 47% free 9100K/16912K, paused 4ms, total 4ms
02-03 12:43:10.441 D/dalvikvm(15954): GC_CONCURRENT freed 135K, 47% free 9055K/16912K, paused 1ms+1ms, total 5ms
02-03 12:43:10.451 D/dalvikvm(15954): GC_FOR_ALLOC freed 4097K, 47% free 9011K/16912K, paused 4ms, total 4ms
02-03 12:43:10.461 D/dalvikvm(15954): GC_CONCURRENT freed 4064K, 47% free 9013K/16912K, paused 1ms+1ms, total 5ms
02-03 12:43:10.461 D/dalvikvm(15954): WAIT_FOR_CONCURRENT_GC blocked 3ms
02-03 12:43:10.461 D/dalvikvm(15954): GC_CONCURRENT freed 4008K, 47% free 9069K/16912K, paused 1ms+1ms, total 5ms
02-03 12:43:10.461 D/dalvikvm(15954): WAIT_FOR_CONCURRENT_GC blocked 3ms
02-03 12:43:10.471 D/dalvikvm(15954): GC_CONCURRENT freed 3989K, 47% free 9071K/16912K, paused 0ms+1ms, total 5ms
02-03 12:43:10.471 D/dalvikvm(15954): WAIT_FOR_CONCURRENT_GC blocked 4ms
02-03 12:43:10.481 D/dalvikvm(15954): GC_FOR_ALLOC freed 3952K, 47% free 9127K/16912K, paused 4ms, total 4ms
02-03 12:43:10.491 D/dalvikvm(15954): GC_CONCURRENT freed 3749K, 45% free 9343K/16912K, paused 1ms+1ms, total 6ms
02-03 12:43:10.491 D/dalvikvm(15954): WAIT_FOR_CONCURRENT_GC blocked 2ms
02-03 12:43:10.491 D/dalvikvm(15954): GC_FOR_ALLOC freed 4337K, 47% free 8964K/16912K, paused 4ms, total 4ms
02-03 12:43:10.511 D/dalvikvm(15954): GC_CONCURRENT freed 3772K, 46% free 9287K/16912K, paused 1ms+1ms, total 9ms
02-03 12:43:10.511 D/dalvikvm(15954): WAIT_FOR_CONCURRENT_GC blocked 7ms
02-03 12:43:10.531 D/dalvikvm(15954): GC_CONCURRENT freed 4159K, 46% free 9173K/16912K, paused 1ms+1ms, total 14ms
02-03 12:43:10.531 D/dalvikvm(15954): WAIT_FOR_CONCURRENT_GC blocked 13ms
02-03 12:43:10.541 D/dalvikvm(15954): GC_FOR_ALLOC freed 4143K, 47% free 8993K/16912K, paused 6ms, total 6ms
02-03 12:43:10.541 W/BindingManager(18937): Cannot call determinedVisibility() - never saw a connection for the pid: 18937
02-03 12:43:10.551 D/dalvikvm(15954): GC_FOR_ALLOC freed 3926K, 47% free 8991K/16912K, paused 7ms, total 7ms
02-03 12:43:10.561 D/dalvikvm(15954): GC_FOR_ALLOC freed 4011K, 47% free 8990K/16912K, paused 6ms, total 7ms
02-03 12:43:10.571 D/dalvikvm(15954): GC_CONCURRENT freed 127K, 47% free 9054K/16912K, paused 1ms+1ms, total 7ms
02-03 12:43:10.581 D/dalvikvm(15954): GC_FOR_ALLOC freed 3968K, 47% free 8989K/16912K, paused 5ms, total 5ms
02-03 12:43:10.591 D/dalvikvm(15954): GC_CONCURRENT freed 3846K, 46% free 9186K/16912K, paused 1ms+1ms, total 7ms
02-03 12:43:10.591 D/dalvikvm(15954): WAIT_FOR_CONCURRENT_GC blocked 3ms
02-03 12:43:10.601 D/dalvikvm(15954): GC_FOR_ALLOC freed 4122K, 47% free 8986K/16912K, paused 8ms, total 8ms
02-03 12:43:10.611 D/dalvikvm(15954): GC_FOR_ALLOC freed 3993K, 47% free 9085K/16912K, paused 5ms, total 5ms
02-03 12:43:10.621 D/dalvikvm(15954): GC_CONCURRENT freed 1816K, 42% free 9852K/16912K, paused 0ms+4ms, total 10ms
02-03 12:43:10.631 D/dalvikvm(15954): GC_CONCURRENT freed 4591K, 46% free 9229K/16912K, paused 1ms+1ms, total 5ms
02-03 12:43:10.631 D/dalvikvm(15954): WAIT_FOR_CONCURRENT_GC blocked 3ms
02-03 12:43:10.641 D/dalvikvm(15954): GC_CONCURRENT freed 4249K, 47% free 9014K/16912K, paused 1ms+1ms, total 5ms
02-03 12:43:10.641 D/dalvikvm(15954): WAIT_FOR_CONCURRENT_GC blocked 4ms
02-03 12:43:10.651 D/dalvikvm(15954): GC_FOR_ALLOC freed 3883K, 47% free 9086K/16912K, paused 6ms, total 6ms
02-03 12:43:10.661 D/dalvikvm(15954): GC_FOR_ALLOC freed 4017K, 47% free 9011K/16912K, paused 6ms, total 6ms
02-03 12:43:10.671 D/dalvikvm(15954): GC_CONCURRENT freed 3850K, 46% free 9236K/16912K, paused 0ms+1ms, total 5ms
02-03 12:43:10.671 D/dalvikvm(15954): WAIT_FOR_CONCURRENT_GC blocked 6ms
02-03 12:43:10.671 D/dalvikvm(15954): GC_FOR_ALLOC freed 4138K, 47% free 9008K/16912K, paused 4ms, total 4ms
02-03 12:43:10.681 D/dalvikvm(15954): GC_FOR_ALLOC freed 3965K, 47% free 9083K/16912K, paused 4ms, total 4ms
02-03 12:43:10.691 D/dalvikvm(15954): GC_CONCURRENT freed 3316K, 42% free 9818K/16912K, paused 1ms+1ms, total 6ms
02-03 12:43:10.691 D/dalvikvm(15954): WAIT_FOR_CONCURRENT_GC blocked 1ms
02-03 12:43:10.691 D/dalvikvm(15954): GC_CONCURRENT freed 4698K, 46% free 9199K/16912K, paused 0ms+1ms, total 4ms
02-03 12:43:10.691 D/dalvikvm(15954): WAIT_FOR_CONCURRENT_GC blocked 3ms
02-03 12:43:10.701 D/dalvikvm(15954): GC_CONCURRENT freed 3969K, 46% free 9203K/16912K, paused 1ms+1ms, total 5ms
02-03 12:43:10.701 D/dalvikvm(15954): WAIT_FOR_CONCURRENT_GC blocked 4ms
02-03 12:43:10.711 D/dalvikvm(15954): GC_CONCURRENT freed 4026K, 46% free 9203K/16912K, paused 0ms+1ms, total 4ms
02-03 12:43:10.711 D/dalvikvm(15954): WAIT_FOR_CONCURRENT_GC blocked 4ms
02-03 12:43:10.721 D/dalvikvm(15954): GC_CONCURRENT freed 4076K, 46% free 9208K/16912K, paused 1ms+1ms, total 5ms
02-03 12:43:10.721 D/dalvikvm(15954): WAIT_FOR_CONCURRENT_GC blocked 4ms
02-03 12:43:10.721 D/dalvikvm(15954): GC_FOR_ALLOC freed 3879K, 46% free 9292K/16912K, paused 3ms, total 4ms
02-03 12:43:10.731 D/dalvikvm(15954): GC_FOR_ALLOC freed 4182K, 47% free 9122K/16912K, paused 4ms, total 4ms
02-03 12:43:10.741 D/dalvikvm(15954): GC_CONCURRENT freed 3633K, 45% free 9462K/16912K, paused 1ms+1ms, total 6ms
02-03 12:43:10.741 D/dalvikvm(15954): WAIT_FOR_CONCURRENT_GC blocked 2ms
02-03 12:43:10.741 D/dalvikvm(15954): GC_FOR_ALLOC freed 4267K, 47% free 9124K/16912K, paused 4ms, total 4ms
02-03 12:43:10.751 D/dalvikvm(15954): GC_CONCURRENT freed 3970K, 46% free 9216K/16912K, paused 1ms+1ms, total 5ms
02-03 12:43:10.751 D/dalvikvm(15954): WAIT_FOR_CONCURRENT_GC blocked 4ms
02-03 12:43:10.761 D/dalvikvm(15954): GC_CONCURRENT freed 4106K, 47% free 9126K/16912K, paused 0ms+1ms, total 4ms
02-03 12:43:10.761 D/dalvikvm(15954): WAIT_FOR_CONCURRENT_GC blocked 5ms
02-03 12:43:10.771 D/dalvikvm(15954): GC_CONCURRENT freed 3786K, 45% free 9309K/16912K, paused 1ms+1ms, total 5ms
02-03 12:43:10.771 D/dalvikvm(15954): WAIT_FOR_CONCURRENT_GC blocked 4ms
02-03 12:43:10.771 D/dalvikvm(15954): GC_CONCURRENT freed 4098K, 46% free 9224K/16912K, paused 1ms+0ms, total 5ms
02-03 12:43:10.771 D/dalvikvm(15954): WAIT_FOR_CONCURRENT_GC blocked 4ms
02-03 12:43:10.781 D/dalvikvm(15954): GC_FOR_ALLOC freed 4052K, 47% free 9038K/16912K, paused 4ms, total 4ms
02-03 12:43:10.791 D/dalvikvm(15954): GC_FOR_ALLOC freed 3903K, 47% free 9040K/16912K, paused 4ms, total 4ms
02-03 12:43:10.791 D/dalvikvm(15954): GC_FOR_ALLOC freed 3940K, 47% free 9042K/16912K, paused 4ms, total 4ms
02-03 12:43:10.801 D/dalvikvm(15954): GC_CONCURRENT freed 3788K, 46% free 9233K/16912K, paused 1ms+1ms, total 5ms
02-03 12:43:10.801 D/dalvikvm(15954): WAIT_FOR_CONCURRENT_GC blocked 4ms
02-03 12:43:10.811 D/dalvikvm(15954): GC_CONCURRENT freed 4018K, 46% free 9233K/16912K, paused 0ms+1ms, total 4ms
02-03 12:43:10.811 D/dalvikvm(15954): WAIT_FOR_CONCURRENT_GC blocked 4ms
02-03 12:43:10.821 D/dalvikvm(15954): GC_FOR_ALLOC freed 4245K, 47% free 9043K/16912K, paused 4ms, total 4ms
02-03 12:43:10.821 D/dalvikvm(15954): GC_CONCURRENT freed 3895K, 46% free 9241K/16912K, paused 0ms+1ms, total 5ms
02-03 12:43:10.821 D/dalvikvm(15954): WAIT_FOR_CONCURRENT_GC blocked 4ms
02-03 12:43:10.831 D/dalvikvm(15954): GC_FOR_ALLOC freed 3830K, 45% free 9341K/16912K, paused 4ms, total 4ms
02-03 12:43:10.841 D/dalvikvm(15954): GC_FOR_ALLOC freed 4162K, 46% free 9147K/16912K, paused 4ms, total 4ms
02-03 12:43:10.841 D/dalvikvm(15954): GC_CONCURRENT freed 3503K, 44% free 9546K/16912K, paused 1ms+1ms, total 6ms
02-03 12:43:10.841 D/dalvikvm(15954): WAIT_FOR_CONCURRENT_GC blocked 2ms
02-03 12:43:10.851 D/dalvikvm(15954): GC_FOR_ALLOC freed 4225K, 45% free 9354K/16912K, paused 5ms, total 5ms
02-03 12:43:10.861 D/dalvikvm(15954): GC_CONCURRENT freed 3562K, 42% free 9862K/16912K, paused 0ms+1ms, total 6ms
02-03 12:43:10.861 D/dalvikvm(15954): WAIT_FOR_CONCURRENT_GC blocked 2ms
02-03 12:43:10.861 D/dalvikvm(15954): GC_CONCURRENT freed 4604K, 46% free 9261K/16912K, paused 1ms+1ms, total 5ms
02-03 12:43:10.861 D/dalvikvm(15954): WAIT_FOR_CONCURRENT_GC blocked 4ms
02-03 12:43:10.871 D/dalvikvm(15954): GC_FOR_ALLOC freed 4031K, 46% free 9160K/16912K, paused 4ms, total 4ms
02-03 12:43:10.881 D/dalvikvm(15954): GC_CONCURRENT freed 3962K, 46% free 9268K/16912K, paused 1ms+1ms, total 5ms
02-03 12:43:10.881 D/dalvikvm(15954): WAIT_FOR_CONCURRENT_GC blocked 4ms
02-03 12:43:10.891 D/dalvikvm(15954): GC_FOR_ALLOC freed 4099K, 46% free 9165K/16912K, paused 4ms, total 4ms
02-03 12:43:10.891 D/dalvikvm(15954): GC_CONCURRENT freed 3182K, 42% free 9906K/16912K, paused 1ms+1ms, total 6ms
02-03 12:43:10.891 D/dalvikvm(15954): WAIT_FOR_CONCURRENT_GC blocked 2ms
02-03 12:43:10.901 D/dalvikvm(15954): GC_FOR_ALLOC freed 4796K, 47% free 9064K/16912K, paused 4ms, total 4ms
02-03 12:43:10.911 D/dalvikvm(15954): GC_FOR_ALLOC freed 3980K, 46% free 9173K/16912K, paused 4ms, total 4ms
02-03 12:43:10.911 D/dalvikvm(15954): GC_CONCURRENT freed 3253K, 42% free 9930K/16912K, paused 1ms+1ms, total 6ms
02-03 12:43:10.911 D/dalvikvm(15954): WAIT_FOR_CONCURRENT_GC blocked 2ms
02-03 12:43:10.921 D/dalvikvm(15954): GC_CONCURRENT freed 4685K, 46% free 9287K/16912K, paused 0ms+1ms, total 4ms
02-03 12:43:10.921 D/dalvikvm(15954): WAIT_FOR_CONCURRENT_GC blocked 4ms
02-03 12:43:10.931 D/dalvikvm(15954): GC_FOR_ALLOC freed 4066K, 47% free 9070K/16912K, paused 4ms, total 4ms
02-03 12:43:10.931 D/dalvikvm(15954): GC_FOR_ALLOC freed 3874K, 47% free 9072K/16912K, paused 4ms, total 4ms
02-03 12:43:10.941 D/dalvikvm(15954): GC_FOR_ALLOC freed 3900K, 47% free 9073K/16912K, paused 4ms, total 4ms
02-03 12:43:10.951 D/dalvikvm(15954): GC_FOR_ALLOC freed 3926K, 47% free 9075K/16912K, paused 4ms, total 4ms
02-03 12:43:10.951 D/dalvikvm(15954): GC_FOR_ALLOC freed 3952K, 47% free 9076K/16912K, paused 4ms, total 4ms
02-03 12:43:10.961 D/dalvikvm(15954): GC_CONCURRENT freed 3751K, 45% free 9305K/16912K, paused 0ms+1ms, total 5ms
02-03 12:43:10.961 D/dalvikvm(15954): WAIT_FOR_CONCURRENT_GC blocked 4ms
02-03 12:43:10.971 D/dalvikvm(15954): GC_CONCURRENT freed 4003K, 45% free 9308K/16912K, paused 1ms+1ms, total 5ms
02-03 12:43:10.971 D/dalvikvm(15954): WAIT_FOR_CONCURRENT_GC blocked 4ms
02-03 12:43:10.971 D/dalvikvm(15954): GC_CONCURRENT freed 4029K, 45% free 9311K/16912K, paused 0ms+1ms, total 5ms
02-03 12:43:10.971 D/dalvikvm(15954): WAIT_FOR_CONCURRENT_GC blocked 5ms
02-03 12:43:10.981 D/dalvikvm(15954): GC_CONCURRENT freed 4055K, 45% free 9314K/16912K, paused 1ms+0ms, total 5ms
02-03 12:43:10.981 D/dalvikvm(15954): WAIT_FOR_CONCURRENT_GC blocked 4ms
02-03 12:43:10.991 D/dalvikvm(15954): GC_FOR_ALLOC freed 4318K, 47% free 9084K/16912K, paused 4ms, total 4ms
02-03 12:43:11.001 D/dalvikvm(15954): GC_FOR_ALLOC freed 3525K, 45% free 9438K/16912K, paused 4ms, total 4ms
02-03 12:43:11.001 D/dalvikvm(15954): GC_FOR_ALLOC freed 4140K, 46% free 9205K/16912K, paused 4ms, total 4ms
02-03 12:43:11.011 D/dalvikvm(15954): GC_FOR_ALLOC freed 3931K, 47% free 9089K/16912K, paused 4ms, total 4ms
02-03 12:43:11.021 D/dalvikvm(15954): GC_FOR_ALLOC freed 3596K, 45% free 9449K/16912K, paused 4ms, total 4ms
02-03 12:43:11.021 D/dalvikvm(15954): GC_CONCURRENT freed 4222K, 46% free 9212K/16912K, paused 0ms+1ms, total 4ms
02-03 12:43:11.021 D/dalvikvm(15954): WAIT_FOR_CONCURRENT_GC blocked 4ms
02-03 12:43:11.031 D/dalvikvm(15954): GC_FOR_ALLOC freed 4009K, 47% free 9093K/16912K, paused 4ms, total 4ms
02-03 12:43:11.041 D/dalvikvm(15954): GC_CONCURRENT freed 3666K, 45% free 9461K/16912K, paused 0ms+1ms, total 6ms
02-03 12:43:11.041 D/dalvikvm(15954): WAIT_FOR_CONCURRENT_GC blocked 5ms
02-03 12:43:11.051 D/dalvikvm(15954): GC_CONCURRENT freed 4305K, 46% free 9219K/16912K, paused 0ms+0ms, total 5ms
02-03 12:43:11.051 D/dalvikvm(15954): WAIT_FOR_CONCURRENT_GC blocked 5ms
02-03 12:43:11.051 D/dalvikvm(15954): GC_FOR_ALLOC freed 4086K, 47% free 9098K/16912K, paused 5ms, total 5ms
02-03 12:43:11.061 D/dalvikvm(15954): GC_FOR_ALLOC freed 3737K, 46% free 9223K/16912K, paused 5ms, total 5ms
02-03 12:43:11.071 D/dalvikvm(15954): GC_CONCURRENT freed 3886K, 45% free 9352K/16912K, paused 1ms+1ms, total 5ms
02-03 12:43:11.071 D/dalvikvm(15954): WAIT_FOR_CONCURRENT_GC blocked 4ms
02-03 12:43:11.081 D/dalvikvm(15954): GC_FOR_ALLOC freed 4033K, 46% free 9228K/16912K, paused 4ms, total 4ms
02-03 12:43:11.091 D/dalvikvm(15954): GC_CONCURRENT freed 3932K, 45% free 9358K/16912K, paused 1ms+1ms, total 7ms
02-03 12:43:11.091 D/dalvikvm(15954): WAIT_FOR_CONCURRENT_GC blocked 6ms
02-03 12:43:11.101 D/dalvikvm(15954): GC_FOR_ALLOC freed 4081K, 46% free 9232K/16912K, paused 6ms, total 6ms
02-03 12:43:11.111 D/dalvikvm(15954): GC_FOR_ALLOC freed 3592K, 44% free 9491K/16912K, paused 8ms, total 8ms
02-03 12:43:11.131 D/dalvikvm(15954): GC_FOR_ALLOC freed 4257K, 47% free 9108K/16912K, paused 15ms, total 15ms
02-03 12:43:11.141 D/dalvikvm(15954): GC_CONCURRENT freed 3892K, 46% free 9239K/16912K, paused 1ms+1ms, total 5ms
02-03 12:43:11.151 D/dalvikvm(15954): GC_FOR_ALLOC freed 3652K, 44% free 9502K/16912K, paused 4ms, total 4ms
02-03 12:43:11.151 W/BindingManager(18937): Cannot call determinedVisibility() - never saw a connection for the pid: 18937
02-03 12:43:11.161 D/EVENT_THREAD(14412): void CEventThread::run() POLLIN event on Fd (1)
02-03 12:43:11.161 D/EVENT_THREAD(14412): void CEventThread::run() Do poll with timeout: -1
02-03 12:43:11.171 D/dalvikvm(15954): GC_FOR_ALLOC freed 4329K, 47% free 9113K/16912K, paused 12ms, total 12ms
02-03 12:43:11.181 D/dalvikvm(15954): GC_CONCURRENT freed 3956K, 46% free 9246K/16912K, paused 1ms+2ms, total 11ms
02-03 12:43:11.191 D/dalvikvm(15954): GC_FOR_ALLOC freed 3713K, 44% free 9513K/16912K, paused 5ms, total 5ms
02-03 12:43:11.201 D/dalvikvm(15954): GC_CONCURRENT freed 400K, 40% free 10311K/16912K, paused 1ms+8ms, total 12ms
02-03 12:43:11.211 D/dalvikvm(15954): GC_FOR_ALLOC freed 4936K, 47% free 9117K/16912K, paused 6ms, total 6ms
02-03 12:43:11.231 D/dalvikvm(15954): GC_FOR_ALLOC freed 3758K, 47% free 9119K/16912K, paused 6ms, total 6ms
02-03 12:43:11.241 D/dalvikvm(15954): GC_FOR_ALLOC freed 3778K, 47% free 9120K/16912K, paused 6ms, total 7ms
02-03 12:43:11.251 D/dalvikvm(15954): GC_FOR_ALLOC freed 3797K, 47% free 9121K/16912K, paused 5ms, total 5ms
02-03 12:43:11.261 D/dalvikvm(15954): GC_FOR_ALLOC freed 3816K, 47% free 9123K/16912K, paused 6ms, total 6ms
02-03 12:43:11.261 D/dalvikvm(15954): GC_FOR_ALLOC freed 3835K, 47% free 9124K/16912K, paused 5ms, total 5ms
02-03 12:43:11.271 D/dalvikvm(15954): GC_FOR_ALLOC freed 3853K, 47% free 9125K/16912K, paused 5ms, total 5ms
02-03 12:43:11.281 D/dalvikvm(15954): GC_FOR_ALLOC freed 3872K, 47% free 9127K/16912K, paused 6ms, total 6ms
02-03 12:43:11.291 D/dalvikvm(15954): GC_FOR_ALLOC freed 3891K, 47% free 9128K/16912K, paused 6ms, total 6ms
02-03 12:43:11.301 D/dalvikvm(15954): GC_FOR_ALLOC freed 3910K, 47% free 9129K/16912K, paused 6ms, total 6ms
02-03 12:43:11.311 D/dalvikvm(15954): GC_FOR_ALLOC freed 3929K, 47% free 9131K/16912K, paused 5ms, total 5ms
02-03 12:43:11.321 D/dalvikvm(15954): GC_FOR_ALLOC freed 3947K, 46% free 9132K/16912K, paused 4ms, total 4ms
02-03 12:43:11.331 D/dalvikvm(15954): GC_FOR_ALLOC freed 3966K, 46% free 9133K/16912K, paused 5ms, total 5ms
02-03 12:43:11.341 D/dalvikvm(15954): GC_CONCURRENT freed 2846K, 40% free 10271K/16912K, paused 1ms+1ms, total 7ms
02-03 12:43:11.341 D/dalvikvm(15954): GC_CONCURRENT freed 4857K, 45% free 9422K/16912K, paused 0ms+1ms, total 6ms
02-03 12:43:11.341 D/dalvikvm(15954): WAIT_FOR_CONCURRENT_GC blocked 5ms
02-03 12:43:11.351 D/dalvikvm(15954): GC_CONCURRENT freed 4021K, 45% free 9425K/16912K, paused 0ms+1ms, total 5ms
02-03 12:43:11.351 D/dalvikvm(15954): WAIT_FOR_CONCURRENT_GC blocked 5ms
02-03 12:43:11.361 D/dalvikvm(15954): GC_CONCURRENT freed 4040K, 45% free 9428K/16912K, paused 1ms+1ms, total 6ms
02-03 12:43:11.361 D/dalvikvm(15954): WAIT_FOR_CONCURRENT_GC blocked 2ms
02-03 12:43:11.371 D/dalvikvm(15954): GC_FOR_ALLOC freed 4351K, 46% free 9140K/16912K, paused 5ms, total 5ms
02-03 12:43:11.381 D/dalvikvm(15954): GC_CONCURRENT freed 3788K, 45% free 9433K/16912K, paused 1ms+0ms, total 5ms
02-03 12:43:11.381 D/dalvikvm(15954): WAIT_FOR_CONCURRENT_GC blocked 4ms
02-03 12:43:11.391 D/dalvikvm(15954): GC_FOR_ALLOC freed 3656K, 44% free 9581K/16912K, paused 5ms, total 5ms
02-03 12:43:11.391 D/dalvikvm(15954): GC_FOR_ALLOC freed 4113K, 46% free 9290K/16912K, paused 4ms, total 4ms
02-03 12:43:11.401 D/dalvikvm(15954): GC_FOR_ALLOC freed 3837K, 46% free 9145K/16912K, paused 4ms, total 4ms
02-03 12:43:11.411 D/dalvikvm(15954): GC_FOR_ALLOC freed 3407K, 44% free 9590K/16912K, paused 4ms, total 4ms
02-03 12:43:11.411 D/dalvikvm(15954): GC_FOR_ALLOC freed 4165K, 46% free 9296K/16912K, paused 4ms, total 4ms
02-03 12:43:11.421 D/dalvikvm(15954): GC_FOR_ALLOC freed 3885K, 46% free 9149K/16912K, paused 4ms, total 4ms
02-03 12:43:11.431 D/dalvikvm(15954): GC_FOR_ALLOC freed 3449K, 44% free 9600K/16912K, paused 4ms, total 4ms
02-03 12:43:11.431 D/dalvikvm(15954): GC_FOR_ALLOC freed 4217K, 45% free 9301K/16912K, paused 4ms, total 4ms
02-03 12:43:11.441 D/dalvikvm(15954): GC_FOR_ALLOC freed 3933K, 46% free 9153K/16912K, paused 4ms, total 4ms
02-03 12:43:11.451 D/dalvikvm(15954): GC_FOR_ALLOC freed 3492K, 44% free 9609K/16912K, paused 4ms, total 4ms
02-03 12:43:11.451 D/dalvikvm(15954): GC_FOR_ALLOC freed 4269K, 45% free 9307K/16912K, paused 4ms, total 4ms
02-03 12:43:11.461 D/dalvikvm(15954): GC_FOR_ALLOC freed 3981K, 46% free 9156K/16912K, paused 4ms, total 4ms
02-03 12:43:11.471 D/dalvikvm(15954): GC_FOR_ALLOC freed 3534K, 44% free 9618K/16912K, paused 4ms, total 4ms
02-03 12:43:11.471 D/dalvikvm(15954): GC_CONCURRENT freed 3244K, 39% free 10389K/16912K, paused 1ms+1ms, total 6ms
02-03 12:43:11.471 D/dalvikvm(15954): WAIT_FOR_CONCURRENT_GC blocked 2ms
02-03 12:43:11.481 D/dalvikvm(15954): GC_FOR_ALLOC freed 4019K, 46% free 9160K/16912K, paused 4ms, total 4ms
02-03 12:43:11.491 D/dalvikvm(15954): GC_CONCURRENT freed 3573K, 44% free 9626K/16912K, paused 1ms+1ms, total 5ms
02-03 12:43:11.491 D/dalvikvm(15954): WAIT_FOR_CONCURRENT_GC blocked 4ms
02-03 12:43:11.491 D/dalvikvm(15954): GC_CONCURRENT freed 4367K, 45% free 9318K/16912K, paused 1ms+1ms, total 5ms
02-03 12:43:11.491 D/dalvikvm(15954): WAIT_FOR_CONCURRENT_GC blocked 4ms
02-03 12:43:11.501 D/dalvikvm(15954): GC_FOR_ALLOC freed 4073K, 46% free 9163K/16912K, paused 4ms, total 4ms
02-03 12:43:11.511 D/dalvikvm(15954): GC_FOR_ALLOC freed 3615K, 44% free 9636K/16912K, paused 4ms, total 4ms
02-03 12:43:11.511 D/dalvikvm(15954): GC_CONCURRENT freed 3002K, 40% free 10267K/16912K, paused 1ms+1ms, total 7ms
02-03 12:43:11.511 D/dalvikvm(15954): WAIT_FOR_CONCURRENT_GC blocked 2ms
02-03 12:43:11.521 D/dalvikvm(15954): GC_FOR_ALLOC freed 4744K, 45% free 9325K/16912K, paused 4ms, total 5ms
02-03 12:43:11.531 D/dalvikvm(15954): GC_CONCURRENT freed 3816K, 44% free 9486K/16912K, paused 1ms+0ms, total 5ms
02-03 12:43:11.531 D/dalvikvm(15954): WAIT_FOR_CONCURRENT_GC blocked 4ms
02-03 12:43:11.531 D/dalvikvm(15954): GC_FOR_ALLOC freed 3988K, 45% free 9328K/16912K, paused 4ms, total 4ms
02-03 12:43:11.541 D/dalvikvm(15954): GC_CONCURRENT freed 3846K, 44% free 9491K/16912K, paused 0ms+1ms, total 4ms
02-03 12:43:11.541 D/dalvikvm(15954): WAIT_FOR_CONCURRENT_GC blocked 3ms
02-03 12:43:11.551 D/dalvikvm(15954): GC_FOR_ALLOC freed 4019K, 45% free 9332K/16912K, paused 4ms, total 4ms
02-03 12:43:11.561 D/dalvikvm(15954): GC_CONCURRENT freed 3874K, 44% free 9496K/16912K, paused 1ms+1ms, total 5ms
02-03 12:43:11.561 D/dalvikvm(15954): WAIT_FOR_CONCURRENT_GC blocked 4ms
02-03 12:43:11.561 D/dalvikvm(15954): GC_FOR_ALLOC freed 4049K, 45% free 9336K/16912K, paused 4ms, total 4ms
02-03 12:43:11.571 D/dalvikvm(15954): GC_CONCURRENT freed 3903K, 44% free 9501K/16912K, paused 1ms+1ms, total 5ms
02-03 12:43:11.571 D/dalvikvm(15954): WAIT_FOR_CONCURRENT_GC blocked 4ms
02-03 12:43:11.581 D/dalvikvm(15954): GC_FOR_ALLOC freed 4080K, 45% free 9339K/16912K, paused 4ms, total 4ms
02-03 12:43:11.581 D/dalvikvm(15954): GC_FOR_ALLOC freed 3440K, 43% free 9669K/16912K, paused 4ms, total 4ms
02-03 12:43:11.591 D/dalvikvm(15954): GC_FOR_ALLOC freed 4276K, 46% free 9179K/16912K, paused 4ms, total 4ms
02-03 12:43:11.601 D/dalvikvm(15954): GC_FOR_ALLOC freed 3797K, 45% free 9345K/16912K, paused 4ms, total 4ms
02-03 12:43:11.601 D/dalvikvm(15954): GC_FOR_ALLOC freed 3478K, 43% free 9677K/16912K, paused 4ms, total 4ms
02-03 12:43:11.611 D/dalvikvm(15954): GC_FOR_ALLOC freed 4319K, 46% free 9182K/16912K, paused 4ms, total 4ms
02-03 12:43:11.621 D/dalvikvm(15954): GC_CONCURRENT freed 3832K, 45% free 9350K/16912K, paused 1ms+1ms, total 5ms
02-03 12:43:11.621 D/dalvikvm(15954): WAIT_FOR_CONCURRENT_GC blocked 4ms
02-03 12:43:11.621 D/dalvikvm(15954): GC_FOR_ALLOC freed 3509K, 43% free 9685K/16912K, paused 4ms, total 4ms
02-03 12:43:11.631 D/dalvikvm(15954): GC_FOR_ALLOC freed 4358K, 46% free 9185K/16912K, paused 4ms, total 4ms
02-03 12:43:11.641 D/dalvikvm(15954): GC_CONCURRENT freed 3866K, 45% free 9354K/16912K, paused 1ms+0ms, total 5ms
02-03 12:43:11.641 D/dalvikvm(15954): WAIT_FOR_CONCURRENT_GC blocked 4ms
02-03 12:43:11.641 D/dalvikvm(15954): GC_FOR_ALLOC freed 3541K, 43% free 9692K/16912K, paused 4ms, total 4ms
02-03 12:43:11.651 D/dalvikvm(15954): GC_FOR_ALLOC freed 4245K, 46% free 9209K/16912K, paused 4ms, total 4ms
02-03 12:43:11.661 D/dalvikvm(15954): GC_FOR_ALLOC freed 3736K, 46% free 9209K/16912K, paused 4ms, total 4ms
02-03 12:43:11.671 D/dalvikvm(15954): GC_FOR_ALLOC freed 3610K, 49% free 8633K/16912K, paused 4ms, total 4ms
02-03 12:43:11.691 D/dalvikvm(15954): GC_CONCURRENT freed 3326K, 45% free 9353K/16912K, paused 1ms+1ms, total 4ms
02-03 12:43:11.751 W/BindingManager(18937): Cannot call determinedVisibility() - never saw a connection for the pid: 18937
02-03 12:43:11.761 D/dalvikvm(15954): GC_CONCURRENT freed 4497K, 48% free 8947K/16912K, paused 1ms+1ms, total 7ms
02-03 12:43:11.761 D/dalvikvm(15954): WAIT_FOR_CONCURRENT_GC blocked 6ms
02-03 12:43:11.781 D/dalvikvm(15954): GC_FOR_ALLOC freed 4082K, 48% free 8954K/16912K, paused 12ms, total 12ms
02-03 12:43:11.791 D/dalvikvm(15954): GC_CONCURRENT freed 1716K, 46% free 9199K/16912K, paused 1ms+2ms, total 6ms
02-03 12:43:11.801 D/dalvikvm(15954): GC_CONCURRENT freed 4246K, 47% free 9020K/16912K, paused 0ms+6ms, total 12ms
02-03 12:43:11.801 D/dalvikvm(15954): WAIT_FOR_CONCURRENT_GC blocked 11ms
02-03 12:43:11.821 D/dalvikvm(15954): GC_FOR_ALLOC freed 4117K, 47% free 8987K/16912K, paused 8ms, total 9ms
02-03 12:43:11.831 D/dalvikvm(15954): GC_CONCURRENT freed 82K, 48% free 8960K/16912K, paused 2ms+1ms, total 8ms
02-03 12:43:11.841 D/dalvikvm(15954): GC_CONCURRENT freed 4019K, 47% free 9026K/16912K, paused 0ms+1ms, total 4ms
02-03 12:43:11.841 D/dalvikvm(15954): WAIT_FOR_CONCURRENT_GC blocked 5ms
02-03 12:43:11.841 D/EVENT_THREAD(14412): void CEventThread::run() POLLIN event on Fd (1)
02-03 12:43:11.841 D/EVENT_THREAD(14412): void CEventThread::run() Do poll with timeout: -1
02-03 12:43:11.841 D/EVENT_THREAD(14412): void CEventThread::run() POLLIN event on Fd (1)
02-03 12:43:11.841 D/EVENT_THREAD(14412): void CEventThread::run() Do poll with timeout: -1
02-03 12:43:11.841 I/upi_ug31xx(  166): (1340) update_capacity
02-03 12:43:11.841 I/[UPI]   (  166): <UG31/E>[UpiReadCapacity]: V=4024(4020), T=337(340-417), I=-419, C=-3(-3-0)
02-03 12:43:11.841 I/[UPI]   (  166): <UG31/E>[UpiReadCapacity]: (0x0221254a) 2911 (2889) / 3159 (3973) = 92
02-03 12:43:11.841 I/[UPI]   (  166): <UG31/E>[UpiReadCapacity]: (0x0221254a) 2911 (2889) / 3159 (3973) = 92
02-03 12:43:11.841 I/[UPI]   (  166): <UG31/E>[UpiReadCapacity]: (0x0221254a) 2908 (2908) / 3159 (3973) = 92
02-03 12:43:11.841 I/[UPI]   (  166): <UG31/E>[RsocFilterCountTime]: (0x0221254a) Step=2(121270), Full=1(121270), Lock=121270(1800000)
02-03 12:43:11.841 I/[UPI]   (  166): <UG31/E>[UpiReadCapacity]: (0x0221254a) 2908 (2908) / 3159 (3973) = 92 (-419--419)
02-03 12:43:11.841 I/[UPI]   (  166): <UG31/E><BATT> M:normal, P:92(92-92)%, V:4019mV, C:-434mA, T:34.0C(417), S:0x0221254a(000), R:2908mAh, F:3159mAh, Q:-821mAh, CC:5, P:30.320(820-0)s, BO:5, 97:615:0-44af-9m:B001-20140514-144301 (16)
02-03 12:43:11.841 I/upi_ug31xx(  166): (1341) backup_data 
02-03 12:43:11.841 V/upi_ug31xx(  166): state->check_backup_count = 2
02-03 12:43:11.851 D/dalvikvm(15954): GC_FOR_ALLOC freed 4049K, 47% free 9031K/16912K, paused 6ms, total 6ms
02-03 12:43:11.851 D/dalvikvm(15954): GC_CONCURRENT freed 99K, 47% free 8999K/16912K, paused 1ms+1ms, total 6ms
02-03 12:43:11.861 D/dalvikvm(15954): GC_CONCURRENT freed 4037K, 47% free 9036K/16912K, paused 1ms+1ms, total 6ms
02-03 12:43:11.861 D/dalvikvm(15954): WAIT_FOR_CONCURRENT_GC blocked 4ms
02-03 12:43:11.881 D/dalvikvm(15954): GC_CONCURRENT freed 4009K, 47% free 9010K/16912K, paused 1ms+1ms, total 7ms
02-03 12:43:11.881 D/dalvikvm(15954): WAIT_FOR_CONCURRENT_GC blocked 6ms
02-03 12:43:11.891 D/dalvikvm(15954): GC_CONCURRENT freed 4021K, 47% free 9051K/16912K, paused 1ms+2ms, total 6ms
02-03 12:43:11.891 D/dalvikvm(15954): WAIT_FOR_CONCURRENT_GC blocked 5ms
02-03 12:43:11.891 D/dalvikvm(15954): GC_FOR_ALLOC freed 4079K, 47% free 9005K/16912K, paused 4ms, total 4ms
02-03 12:43:11.901 D/dalvikvm(15954): GC_CONCURRENT freed 3762K, 45% free 9307K/16912K, paused 0ms+1ms, total 5ms
02-03 12:43:11.901 D/dalvikvm(15954): WAIT_FOR_CONCURRENT_GC blocked 1ms
02-03 12:43:11.911 D/dalvikvm(15954): GC_FOR_ALLOC freed 4363K, 47% free 9008K/16912K, paused 5ms, total 5ms
02-03 12:43:11.911 D/dalvikvm(15954): GC_CONCURRENT freed 3988K, 47% free 9106K/16912K, paused 0ms+1ms, total 4ms
02-03 12:43:11.911 D/dalvikvm(15954): WAIT_FOR_CONCURRENT_GC blocked 2ms
02-03 12:43:11.921 D/dalvikvm(15954): GC_CONCURRENT freed 4139K, 47% free 9011K/16912K, paused 1ms+1ms, total 5ms
02-03 12:43:11.921 D/dalvikvm(15954): WAIT_FOR_CONCURRENT_GC blocked 3ms
02-03 12:43:11.931 D/dalvikvm(15954): GC_FOR_ALLOC freed 3927K, 47% free 9115K/16912K, paused 4ms, total 4ms
02-03 12:43:11.941 D/dalvikvm(15954): GC_CONCURRENT freed 3474K, 45% free 9431K/16912K, paused 0ms+1ms, total 5ms
02-03 12:43:11.941 D/dalvikvm(15954): GC_CONCURRENT freed 4371K, 47% free 9127K/16912K, paused 1ms+1ms, total 5ms
02-03 12:43:11.941 D/dalvikvm(15954): WAIT_FOR_CONCURRENT_GC blocked 4ms
02-03 12:43:11.951 D/dalvikvm(15954): GC_CONCURRENT freed 4066K, 47% free 9079K/16912K, paused 1ms+1ms, total 6ms
02-03 12:43:11.951 D/dalvikvm(15954): WAIT_FOR_CONCURRENT_GC blocked 5ms
02-03 12:43:11.961 D/dalvikvm(15954): GC_CONCURRENT freed 4009K, 47% free 9081K/16912K, paused 1ms+1ms, total 5ms
02-03 12:43:11.961 D/dalvikvm(15954): WAIT_FOR_CONCURRENT_GC blocked 4ms
02-03 12:43:11.971 D/dalvikvm(15954): GC_CONCURRENT freed 3934K, 46% free 9173K/16912K, paused 0ms+1ms, total 4ms
02-03 12:43:11.971 D/dalvikvm(15954): WAIT_FOR_CONCURRENT_GC blocked 4ms
02-03 12:43:11.971 D/dalvikvm(15954): GC_FOR_ALLOC freed 4092K, 47% free 8995K/16912K, paused 4ms, total 4ms
02-03 12:43:11.981 D/dalvikvm(15954): GC_FOR_ALLOC freed 4003K, 47% free 9055K/16912K, paused 4ms, total 4ms
02-03 12:43:11.991 D/dalvikvm(15954): GC_CONCURRENT freed 3657K, 44% free 9492K/16912K, paused 1ms+1ms, total 6ms
02-03 12:43:11.991 D/dalvikvm(15954): WAIT_FOR_CONCURRENT_GC blocked 1ms
02-03 12:43:11.991 D/dalvikvm(15954): GC_FOR_ALLOC freed 4361K, 46% free 9185K/16912K, paused 4ms, total 4ms
02-03 12:43:12.001 D/dalvikvm(15954): GC_CONCURRENT freed 3683K, 44% free 9508K/16912K, paused 1ms+1ms, total 6ms
02-03 12:43:12.001 D/dalvikvm(15954): WAIT_FOR_CONCURRENT_GC blocked 1ms
02-03 12:43:12.011 D/dalvikvm(15954): GC_CONCURRENT freed 4400K, 47% free 9128K/16912K, paused 1ms+1ms, total 5ms
02-03 12:43:12.011 D/dalvikvm(15954): WAIT_FOR_CONCURRENT_GC blocked 4ms
02-03 12:43:12.021 D/dalvikvm(15954): GC_FOR_ALLOC freed 4093K, 47% free 9059K/16912K, paused 4ms, total 4ms
02-03 12:43:12.021 D/dalvikvm(15954): GC_FOR_ALLOC freed 3890K, 46% free 9198K/16912K, paused 4ms, total 4ms
02-03 12:43:12.031 D/dalvikvm(15954): GC_CONCURRENT freed 3469K, 43% free 9721K/16912K, paused 0ms+1ms, total 6ms
02-03 12:43:12.031 D/dalvikvm(15954): WAIT_FOR_CONCURRENT_GC blocked 2ms
02-03 12:43:12.041 D/dalvikvm(15954): GC_FOR_ALLOC freed 4513K, 46% free 9234K/16912K, paused 4ms, total 4ms
02-03 12:43:12.041 D/dalvikvm(15954): GC_CONCURRENT freed 3730K, 44% free 9597K/16912K, paused 1ms+1ms, total 6ms
02-03 12:43:12.041 D/dalvikvm(15954): WAIT_FOR_CONCURRENT_GC blocked 2ms
02-03 12:43:12.051 D/dalvikvm(15954): GC_CONCURRENT freed 4519K, 47% free 9089K/16912K, paused 1ms+1ms, total 5ms
02-03 12:43:12.051 D/dalvikvm(15954): WAIT_FOR_CONCURRENT_GC blocked 4ms
02-03 12:43:12.061 D/dalvikvm(15954): GC_FOR_ALLOC freed 4074K, 47% free 9013K/16912K, paused 4ms, total 4ms
02-03 12:43:12.061 D/dalvikvm(15954): GC_CONCURRENT freed 3677K, 45% free 9315K/16912K, paused 1ms+1ms, total 6ms
02-03 12:43:12.061 D/dalvikvm(15954): WAIT_FOR_CONCURRENT_GC blocked 1ms
02-03 12:43:12.071 D/dalvikvm(15954): GC_FOR_ALLOC freed 4031K, 46% free 9242K/16912K, paused 4ms, total 4ms
02-03 12:43:12.081 D/dalvikvm(15954): GC_FOR_ALLOC freed 4251K, 47% free 9008K/16912K, paused 4ms, total 4ms
02-03 12:43:12.081 D/dalvikvm(15954): GC_CONCURRENT freed 3358K, 44% free 9592K/16912K, paused 1ms+1ms, total 6ms
02-03 12:43:12.081 D/dalvikvm(15954): WAIT_FOR_CONCURRENT_GC blocked 2ms
02-03 12:43:12.091 D/dalvikvm(15954): GC_FOR_ALLOC freed 4521K, 47% free 9036K/16912K, paused 4ms, total 4ms
02-03 12:43:12.101 D/dalvikvm(15954): GC_CONCURRENT freed 3852K, 46% free 9203K/16912K, paused 0ms+1ms, total 5ms
02-03 12:43:12.101 D/dalvikvm(15954): WAIT_FOR_CONCURRENT_GC blocked 5ms
02-03 12:43:12.111 D/dalvikvm(15954): GC_CONCURRENT freed 4072K, 46% free 9203K/16912K, paused 1ms+1ms, total 5ms
02-03 12:43:12.111 D/dalvikvm(15954): WAIT_FOR_CONCURRENT_GC blocked 4ms
02-03 12:43:12.111 D/dalvikvm(15954): GC_FOR_ALLOC freed 3868K, 46% free 9291K/16912K, paused 4ms, total 4ms
02-03 12:43:12.121 D/dalvikvm(15954): GC_FOR_ALLOC freed 4175K, 47% free 9122K/16912K, paused 4ms, total 4ms
02-03 12:43:12.131 D/dalvikvm(15954): GC_CONCURRENT freed 3626K, 45% free 9461K/16912K, paused 1ms+1ms, total 6ms
02-03 12:43:12.131 D/dalvikvm(15954): WAIT_FOR_CONCURRENT_GC blocked 1ms
02-03 12:43:12.131 D/dalvikvm(15954): GC_FOR_ALLOC freed 4259K, 47% free 9123K/16912K, paused 4ms, total 4ms
02-03 12:43:12.141 D/dalvikvm(15954): GC_CONCURRENT freed 3964K, 46% free 9215K/16912K, paused 1ms+0ms, total 5ms
02-03 12:43:12.141 D/dalvikvm(15954): WAIT_FOR_CONCURRENT_GC blocked 4ms
02-03 12:43:12.151 D/dalvikvm(15954): GC_CONCURRENT freed 4099K, 47% free 9126K/16912K, paused 0ms+1ms, total 5ms
02-03 12:43:12.151 D/dalvikvm(15954): WAIT_FOR_CONCURRENT_GC blocked 5ms
02-03 12:43:12.161 D/dalvikvm(15954): GC_FOR_ALLOC freed 3779K, 45% free 9308K/16912K, paused 5ms, total 5ms
02-03 12:43:12.161 D/dalvikvm(15954): GC_CONCURRENT freed 4092K, 46% free 9223K/16912K, paused 0ms+1ms, total 4ms
02-03 12:43:12.161 D/dalvikvm(15954): WAIT_FOR_CONCURRENT_GC blocked 4ms
02-03 12:43:12.171 D/dalvikvm(15954): GC_FOR_ALLOC freed 4045K, 47% free 9038K/16912K, paused 4ms, total 4ms
02-03 12:43:12.181 D/dalvikvm(15954): GC_FOR_ALLOC freed 3896K, 47% free 9040K/16912K, paused 4ms, total 4ms
02-03 12:43:12.181 D/dalvikvm(15954): GC_FOR_ALLOC freed 3934K, 47% free 9042K/16912K, paused 4ms, total 4ms
02-03 12:43:12.191 D/EVENT_THREAD(14412): void CEventThread::run() POLLIN event on Fd (1)
02-03 12:43:12.191 D/EVENT_THREAD(14412): void CEventThread::run() Do poll with timeout: -1
02-03 12:43:12.191 I/upi_ug31xx(  166): (1342) backup_bo check
02-03 12:43:12.191 D/dalvikvm(15954): GC_CONCURRENT freed 3782K, 46% free 9233K/16912K, paused 1ms+1ms, total 5ms
02-03 12:43:12.191 D/dalvikvm(15954): WAIT_FOR_CONCURRENT_GC blocked 4ms
02-03 12:43:12.201 D/dalvikvm(15954): GC_CONCURRENT freed 4012K, 46% free 9232K/16912K, paused 0ms+0ms, total 5ms
02-03 12:43:12.201 D/dalvikvm(15954): WAIT_FOR_CONCURRENT_GC blocked 4ms
02-03 12:43:12.211 D/dalvikvm(15954): GC_CONCURRENT freed 4045K, 46% free 9236K/16912K, paused 1ms+1ms, total 5ms
02-03 12:43:12.211 D/dalvikvm(15954): WAIT_FOR_CONCURRENT_GC blocked 4ms
02-03 12:43:12.211 D/dalvikvm(15954): GC_CONCURRENT freed 4083K, 46% free 9240K/16912K, paused 1ms+0ms, total 5ms
02-03 12:43:12.211 D/dalvikvm(15954): WAIT_FOR_CONCURRENT_GC blocked 4ms
02-03 12:43:12.221 D/dalvikvm(15954): GC_FOR_ALLOC freed 3824K, 45% free 9341K/16912K, paused 5ms, total 5ms
02-03 12:43:12.231 D/dalvikvm(15954): GC_FOR_ALLOC freed 4155K, 46% free 9147K/16912K, paused 4ms, total 4ms
02-03 12:43:12.231 D/dalvikvm(15954): GC_FOR_ALLOC freed 3993K, 47% free 9050K/16912K, paused 4ms, total 4ms
02-03 12:43:12.241 D/dalvikvm(15954): GC_FOR_ALLOC freed 3723K, 45% free 9353K/16912K, paused 4ms, total 4ms
02-03 12:43:12.251 D/dalvikvm(15954): GC_CONCURRENT freed 3556K, 42% free 9860K/16912K, paused 0ms+1ms, total 6ms
02-03 12:43:12.251 D/dalvikvm(15954): WAIT_FOR_CONCURRENT_GC blocked 2ms
02-03 12:43:12.261 D/dalvikvm(15954): GC_CONCURRENT freed 4597K, 46% free 9260K/16912K, paused 1ms+1ms, total 5ms
02-03 12:43:12.261 D/dalvikvm(15954): WAIT_FOR_CONCURRENT_GC blocked 4ms
02-03 12:43:12.261 D/dalvikvm(15954): GC_FOR_ALLOC freed 4025K, 46% free 9160K/16912K, paused 4ms, total 4ms
02-03 12:43:12.271 D/dalvikvm(15954): GC_FOR_ALLOC freed 4164K, 47% free 9059K/16912K, paused 5ms, total 5ms
02-03 12:43:12.281 D/dalvikvm(15954): GC_CONCURRENT freed 3572K, 44% free 9478K/16912K, paused 1ms+1ms, total 6ms
02-03 12:43:12.281 D/dalvikvm(15954): WAIT_FOR_CONCURRENT_GC blocked 2ms
02-03 12:43:12.281 D/dalvikvm(15954): GC_FOR_ALLOC freed 4016K, 45% free 9379K/16912K, paused 4ms, total 4ms
02-03 12:43:12.291 D/dalvikvm(15954): GC_FOR_ALLOC freed 4264K, 47% free 9064K/16912K, paused 5ms, total 5ms
02-03 12:43:12.301 D/dalvikvm(15954): GC_FOR_ALLOC freed 3974K, 46% free 9172K/16912K, paused 5ms, total 5ms
02-03 12:43:12.311 D/dalvikvm(15954): GC_CONCURRENT freed 3033K, 41% free 10144K/16912K, paused 3ms+1ms, total 10ms
02-03 12:43:12.311 D/dalvikvm(15954): WAIT_FOR_CONCURRENT_GC blocked 4ms
02-03 12:43:12.321 D/dalvikvm(15954): GC_CONCURRENT freed 4895K, 46% free 9286K/16912K, paused 1ms+1ms, total 7ms
02-03 12:43:12.321 D/dalvikvm(15954): WAIT_FOR_CONCURRENT_GC blocked 6ms
02-03 12:43:12.331 D/dalvikvm(15954): GC_FOR_ALLOC freed 4061K, 47% free 9070K/16912K, paused 4ms, total 4ms
02-03 12:43:12.341 D/dalvikvm(15954): GC_FOR_ALLOC freed 3869K, 47% free 9071K/16912K, paused 8ms, total 9ms
02-03 12:43:12.351 D/dalvikvm(15954): GC_FOR_ALLOC freed 3895K, 47% free 9073K/16912K, paused 4ms, total 5ms
02-03 12:43:12.351 W/BindingManager(18937): Cannot call determinedVisibility() - never saw a connection for the pid: 18937
02-03 12:43:12.361 D/dalvikvm(15954): GC_FOR_ALLOC freed 3921K, 47% free 9074K/16912K, paused 7ms, total 7ms
02-03 12:43:12.371 D/dalvikvm(15954): GC_FOR_ALLOC freed 3947K, 47% free 9076K/16912K, paused 5ms, total 6ms
02-03 12:43:12.381 D/dalvikvm(15954): GC_CONCURRENT freed 3746K, 45% free 9304K/16912K, paused 1ms+0ms, total 6ms
02-03 12:43:12.381 D/dalvikvm(15954): WAIT_FOR_CONCURRENT_GC blocked 2ms
02-03 12:43:12.391 D/dalvikvm(15954): GC_CONCURRENT freed 3998K, 45% free 9307K/16912K, paused 0ms+1ms, total 5ms
02-03 12:43:12.391 D/dalvikvm(15954): WAIT_FOR_CONCURRENT_GC blocked 3ms
02-03 12:43:12.401 D/dalvikvm(15954): GC_FOR_ALLOC freed 4254K, 47% free 9080K/16912K, paused 7ms, total 7ms
02-03 12:43:12.421 E/AndroidProtocolHandler(18937): Unable to open asset URL: file:///android_asset/www//opt/tct-workers-w3c-tests/icon.png
02-03 12:43:12.431 D/dalvikvm(15954): GC_CONCURRENT freed 3820K, 45% free 9313K/16912K, paused 1ms+1ms, total 9ms
02-03 12:43:12.431 D/dalvikvm(15954): WAIT_FOR_CONCURRENT_GC blocked 4ms
02-03 12:43:12.431 D/dalvikvm(15954): GC_CONCURRENT freed 4078K, 45% free 9317K/16912K, paused 1ms+1ms, total 5ms
02-03 12:43:12.431 D/dalvikvm(15954): WAIT_FOR_CONCURRENT_GC blocked 4ms
02-03 12:43:12.441 D/dalvikvm(15954): GC_FOR_ALLOC freed 3753K, 45% free 9437K/16912K, paused 5ms, total 5ms
02-03 12:43:12.451 D/dalvikvm(15954): GC_FOR_ALLOC freed 4135K, 46% free 9204K/16912K, paused 4ms, total 4ms
02-03 12:43:12.461 D/dalvikvm(15954): GC_FOR_ALLOC freed 3925K, 47% free 9088K/16912K, paused 5ms, total 6ms
02-03 12:43:12.471 D/dalvikvm(15954): GC_FOR_ALLOC freed 3591K, 45% free 9449K/16912K, paused 6ms, total 7ms
02-03 12:43:12.481 D/dalvikvm(15954): GC_FOR_ALLOC freed 4217K, 46% free 9211K/16912K, paused 4ms, total 4ms
02-03 12:43:12.481 D/dalvikvm(15954): GC_CONCURRENT freed 3158K, 42% free 9938K/16912K, paused 1ms+1ms, total 6ms
02-03 12:43:12.481 D/dalvikvm(15954): WAIT_FOR_CONCURRENT_GC blocked 2ms
02-03 12:43:12.491 D/dalvikvm(15954): GC_CONCURRENT freed 4506K, 45% free 9460K/16912K, paused 1ms+1ms, total 5ms
02-03 12:43:12.491 D/dalvikvm(15954): WAIT_FOR_CONCURRENT_GC blocked 4ms
02-03 12:43:12.501 D/dalvikvm(15954): GC_FOR_ALLOC freed 4299K, 46% free 9218K/16912K, paused 4ms, total 4ms
02-03 12:43:12.511 D/dalvikvm(15954): GC_CONCURRENT freed 3466K, 43% free 9712K/16912K, paused 1ms+1ms, total 7ms
02-03 12:43:12.511 D/dalvikvm(15954): WAIT_FOR_CONCURRENT_GC blocked 2ms
02-03 12:43:12.511 D/dalvikvm(15954): GC_FOR_ALLOC freed 4347K, 46% free 9223K/16912K, paused 4ms, total 5ms
02-03 12:43:12.521 D/dalvikvm(15954): GC_CONCURRENT freed 3880K, 45% free 9351K/16912K, paused 1ms+0ms, total 5ms
02-03 12:43:12.521 D/dalvikvm(15954): WAIT_FOR_CONCURRENT_GC blocked 4ms
02-03 12:43:12.531 D/dalvikvm(15954): GC_FOR_ALLOC freed 4028K, 46% free 9227K/16912K, paused 4ms, total 4ms
02-03 12:43:12.531 D/dalvikvm(15954): GC_CONCURRENT freed 3927K, 45% free 9357K/16912K, paused 1ms+1ms, total 5ms
02-03 12:43:12.531 D/dalvikvm(15954): WAIT_FOR_CONCURRENT_GC blocked 4ms
02-03 12:43:12.541 D/dalvikvm(15954): GC_FOR_ALLOC freed 4076K, 46% free 9232K/16912K, paused 4ms, total 4ms
02-03 12:43:12.551 D/dalvikvm(15954): GC_FOR_ALLOC freed 3587K, 44% free 9490K/16912K, paused 5ms, total 5ms
02-03 12:43:12.561 D/dalvikvm(15954): GC_FOR_ALLOC freed 4252K, 47% free 9108K/16912K, paused 5ms, total 5ms
02-03 12:43:12.561 D/dalvikvm(15954): GC_FOR_ALLOC freed 3887K, 46% free 9238K/16912K, paused 5ms, total 5ms
02-03 12:43:12.571 D/dalvikvm(15954): GC_CONCURRENT freed 651K, 41% free 10017K/16912K, paused 0ms+2ms, total 5ms
02-03 12:43:12.571 D/dalvikvm(15954): GC_CONCURRENT freed 4826K, 46% free 9242K/16912K, paused 0ms+1ms, total 4ms
02-03 12:43:12.571 D/dalvikvm(15954): WAIT_FOR_CONCURRENT_GC blocked 4ms
02-03 12:43:12.581 D/dalvikvm(15954): GC_FOR_ALLOC freed 3676K, 44% free 9506K/16912K, paused 4ms, total 4ms
02-03 12:43:12.591 D/dalvikvm(15954): GC_FOR_ALLOC freed 4356K, 47% free 9114K/16912K, paused 4ms, total 4ms
02-03 12:43:12.601 D/dalvikvm(15954): GC_FOR_ALLOC freed 3716K, 47% free 9116K/16912K, paused 4ms, total 4ms
02-03 12:43:12.601 D/dalvikvm(15954): GC_FOR_ALLOC freed 3735K, 47% free 9117K/16912K, paused 4ms, total 4ms
02-03 12:43:12.611 D/dalvikvm(15954): GC_FOR_ALLOC freed 3754K, 47% free 9118K/16912K, paused 4ms, total 4ms
02-03 12:43:12.621 D/dalvikvm(15954): GC_FOR_ALLOC freed 3773K, 47% free 9120K/16912K, paused 4ms, total 4ms
02-03 12:43:12.621 D/dalvikvm(15954): GC_FOR_ALLOC freed 3792K, 47% free 9121K/16912K, paused 4ms, total 4ms
02-03 12:43:12.631 D/dalvikvm(15954): GC_FOR_ALLOC freed 3811K, 47% free 9122K/16912K, paused 4ms, total 4ms
02-03 12:43:12.641 D/dalvikvm(15954): GC_FOR_ALLOC freed 3830K, 47% free 9124K/16912K, paused 4ms, total 4ms
02-03 12:43:12.641 D/dalvikvm(15954): GC_FOR_ALLOC freed 3849K, 47% free 9125K/16912K, paused 4ms, total 4ms
02-03 12:43:12.651 D/dalvikvm(15954): GC_FOR_ALLOC freed 3867K, 47% free 9126K/16912K, paused 4ms, total 4ms
02-03 12:43:12.661 D/dalvikvm(15954): GC_FOR_ALLOC freed 3886K, 47% free 9128K/16912K, paused 4ms, total 4ms
02-03 12:43:12.661 D/dalvikvm(15954): GC_FOR_ALLOC freed 3905K, 47% free 9129K/16912K, paused 4ms, total 5ms
02-03 12:43:12.671 D/dalvikvm(15954): GC_FOR_ALLOC freed 3924K, 47% free 9130K/16912K, paused 4ms, total 4ms
02-03 12:43:12.681 D/dalvikvm(15954): GC_FOR_ALLOC freed 3943K, 47% free 9132K/16912K, paused 4ms, total 4ms
02-03 12:43:12.681 D/dalvikvm(15954): GC_FOR_ALLOC freed 3961K, 46% free 9133K/16912K, paused 4ms, total 4ms
02-03 12:43:12.691 D/dalvikvm(15954): GC_CONCURRENT freed 3696K, 45% free 9419K/16912K, paused 1ms+1ms, total 5ms
02-03 12:43:12.691 D/dalvikvm(15954): WAIT_FOR_CONCURRENT_GC blocked 4ms
02-03 12:43:12.701 D/dalvikvm(15954): GC_CONCURRENT freed 3998K, 45% free 9422K/16912K, paused 0ms+1ms, total 4ms
02-03 12:43:12.701 D/dalvikvm(15954): WAIT_FOR_CONCURRENT_GC blocked 4ms
02-03 12:43:12.701 D/dalvikvm(15954): GC_CONCURRENT freed 4017K, 45% free 9424K/16912K, paused 1ms+1ms, total 5ms
02-03 12:43:12.701 D/dalvikvm(15954): WAIT_FOR_CONCURRENT_GC blocked 4ms
02-03 12:43:12.711 D/dalvikvm(15954): GC_CONCURRENT freed 4035K, 45% free 9427K/16912K, paused 0ms+1ms, total 4ms
02-03 12:43:12.711 D/dalvikvm(15954): WAIT_FOR_CONCURRENT_GC blocked 4ms
02-03 12:43:12.721 D/dalvikvm(15954): GC_CONCURRENT freed 4054K, 45% free 9430K/16912K, paused 0ms+1ms, total 4ms
02-03 12:43:12.721 D/dalvikvm(15954): WAIT_FOR_CONCURRENT_GC blocked 5ms
02-03 12:43:12.731 D/dalvikvm(15954): GC_CONCURRENT freed 4073K, 45% free 9432K/16912K, paused 1ms+1ms, total 5ms
02-03 12:43:12.731 D/dalvikvm(15954): WAIT_FOR_CONCURRENT_GC blocked 4ms
02-03 12:43:12.741 D/dalvikvm(15954): GC_CONCURRENT freed 4092K, 45% free 9435K/16912K, paused 1ms+1ms, total 6ms
02-03 12:43:12.741 D/dalvikvm(15954): WAIT_FOR_CONCURRENT_GC blocked 5ms
02-03 12:43:12.741 D/dalvikvm(15954): GC_FOR_ALLOC freed 3668K, 44% free 9584K/16912K, paused 5ms, total 5ms
02-03 12:43:12.751 D/dalvikvm(15954): GC_FOR_ALLOC freed 4127K, 46% free 9292K/16912K, paused 4ms, total 4ms
02-03 12:43:12.761 D/dalvikvm(15954): GC_FOR_ALLOC freed 3850K, 46% free 9146K/16912K, paused 5ms, total 5ms
02-03 12:43:12.771 D/dalvikvm(15954): GC_FOR_ALLOC freed 3418K, 44% free 9593K/16912K, paused 4ms, total 4ms
02-03 12:43:12.771 D/dalvikvm(15954): GC_FOR_ALLOC freed 4179K, 46% free 9297K/16912K, paused 4ms, total 4ms
02-03 12:43:12.781 D/dalvikvm(15954): GC_FOR_ALLOC freed 3898K, 46% free 9150K/16912K, paused 4ms, total 4ms
02-03 12:43:12.791 D/dalvikvm(15954): GC_FOR_ALLOC freed 3461K, 44% free 9602K/16912K, paused 5ms, total 5ms
02-03 12:43:12.791 D/dalvikvm(15954): GC_FOR_ALLOC freed 4231K, 45% free 9303K/16912K, paused 4ms, total 4ms
02-03 12:43:12.801 D/dalvikvm(15954): GC_FOR_ALLOC freed 3946K, 46% free 9154K/16912K, paused 4ms, total 4ms
02-03 12:43:12.811 D/dalvikvm(15954): GC_FOR_ALLOC freed 3503K, 44% free 9611K/16912K, paused 5ms, total 5ms
02-03 12:43:12.811 D/dalvikvm(15954): GC_CONCURRENT freed 4282K, 45% free 9309K/16912K, paused 1ms+1ms, total 5ms
02-03 12:43:12.811 D/dalvikvm(15954): WAIT_FOR_CONCURRENT_GC blocked 4ms
02-03 12:43:12.821 D/dalvikvm(15954): GC_FOR_ALLOC freed 3994K, 46% free 9157K/16912K, paused 4ms, total 4ms
02-03 12:43:12.831 D/dalvikvm(15954): GC_FOR_ALLOC freed 3546K, 44% free 9621K/16912K, paused 4ms, total 4ms
02-03 12:43:12.831 D/dalvikvm(15954): GC_CONCURRENT freed 3254K, 39% free 10394K/16912K, paused 1ms+1ms, total 6ms
02-03 12:43:12.831 D/dalvikvm(15954): WAIT_FOR_CONCURRENT_GC blocked 3ms
02-03 12:43:12.841 D/dalvikvm(15954): GC_FOR_ALLOC freed 4343K, 44% free 9626K/16912K, paused 4ms, total 4ms
02-03 12:43:12.851 D/dalvikvm(15954): GC_FOR_ALLOC freed 4055K, 46% free 9162K/16912K, paused 5ms, total 5ms
02-03 12:43:12.851 D/dalvikvm(15954): GC_FOR_ALLOC freed 3600K, 44% free 9632K/16912K, paused 5ms, total 5ms
02-03 12:43:12.861 D/dalvikvm(15954): GC_CONCURRENT freed 3304K, 39% free 10417K/16912K, paused 1ms+1ms, total 7ms
02-03 12:43:12.861 D/dalvikvm(15954): WAIT_FOR_CONCURRENT_GC blocked 2ms
02-03 12:43:12.871 D/dalvikvm(15954): GC_FOR_ALLOC freed 4409K, 45% free 9323K/16912K, paused 4ms, total 4ms
02-03 12:43:12.871 D/dalvikvm(15954): GC_FOR_ALLOC freed 4116K, 46% free 9167K/16912K, paused 4ms, total 4ms
02-03 12:43:12.881 D/dalvikvm(15954): GC_FOR_ALLOC freed 3654K, 45% free 9326K/16912K, paused 4ms, total 5ms
02-03 12:43:12.891 D/dalvikvm(15954): GC_CONCURRENT freed 3828K, 44% free 9488K/16912K, paused 1ms+0ms, total 5ms
02-03 12:43:12.891 D/dalvikvm(15954): WAIT_FOR_CONCURRENT_GC blocked 4ms
02-03 12:43:12.891 D/dalvikvm(15954): GC_FOR_ALLOC freed 4001K, 45% free 9330K/16912K, paused 4ms, total 4ms
02-03 12:43:12.901 D/dalvikvm(15954): GC_CONCURRENT freed 3858K, 44% free 9493K/16912K, paused 1ms+0ms, total 6ms
02-03 12:43:12.901 D/dalvikvm(15954): WAIT_FOR_CONCURRENT_GC blocked 5ms
02-03 12:43:12.911 D/dalvikvm(15954): GC_FOR_ALLOC freed 4031K, 45% free 9333K/16912K, paused 4ms, total 5ms
02-03 12:43:12.921 D/dalvikvm(15954): GC_CONCURRENT freed 3887K, 44% free 9498K/16912K, paused 1ms+1ms, total 7ms
02-03 12:43:12.921 D/dalvikvm(15954): WAIT_FOR_CONCURRENT_GC blocked 5ms
02-03 12:43:12.931 D/dalvikvm(15954): GC_FOR_ALLOC freed 4061K, 45% free 9337K/16912K, paused 5ms, total 5ms
02-03 12:43:12.941 D/dalvikvm(15954): GC_CONCURRENT freed 3916K, 44% free 9503K/16912K, paused 1ms+1ms, total 9ms
02-03 12:43:12.941 D/dalvikvm(15954): WAIT_FOR_CONCURRENT_GC blocked 7ms
02-03 12:43:12.941 W/BindingManager(18937): Cannot call determinedVisibility() - never saw a connection for the pid: 18937
02-03 12:43:12.951 D/dalvikvm(15954): GC_FOR_ALLOC freed 4094K, 45% free 9341K/16912K, paused 10ms, total 10ms
02-03 12:43:12.961 D/dalvikvm(15954): GC_FOR_ALLOC freed 3452K, 43% free 9671K/16912K, paused 6ms, total 6ms
02-03 12:43:12.971 D/dalvikvm(15954): GC_FOR_ALLOC freed 4290K, 46% free 9180K/16912K, paused 4ms, total 4ms
02-03 12:43:12.981 D/dalvikvm(15954): GC_CONCURRENT freed 3808K, 45% free 9347K/16912K, paused 1ms+1ms, total 5ms
02-03 12:43:12.981 D/dalvikvm(15954): WAIT_FOR_CONCURRENT_GC blocked 4ms
02-03 12:43:12.991 D/dalvikvm(15954): GC_FOR_ALLOC freed 3487K, 43% free 9680K/16912K, paused 4ms, total 4ms
02-03 12:43:13.001 D/dalvikvm(15954): GC_FOR_ALLOC freed 4331K, 46% free 9183K/16912K, paused 4ms, total 4ms
02-03 12:43:13.001 D/dalvikvm(15954): GC_CONCURRENT freed 3843K, 45% free 9351K/16912K, paused 1ms+0ms, total 5ms
02-03 12:43:13.001 D/dalvikvm(15954): WAIT_FOR_CONCURRENT_GC blocked 4ms
02-03 12:43:13.011 D/dalvikvm(15954): GC_FOR_ALLOC freed 3518K, 43% free 9687K/16912K, paused 4ms, total 4ms
02-03 12:43:13.021 D/dalvikvm(15954): GC_FOR_ALLOC freed 4370K, 46% free 9186K/16912K, paused 5ms, total 5ms
02-03 12:43:13.031 D/dalvikvm(15954): GC_CONCURRENT freed 3876K, 43% free 9693K/16912K, paused 1ms+1ms, total 6ms
02-03 12:43:13.041 D/dalvikvm(15954): GC_FOR_ALLOC freed 4245K, 46% free 9209K/16912K, paused 5ms, total 5ms
02-03 12:43:13.061 D/dalvikvm(15954): GC_FOR_ALLOC freed 3736K, 46% free 9209K/16912K, paused 17ms, total 17ms
02-03 12:43:13.091 D/dalvikvm(15954): GC_FOR_ALLOC freed 3610K, 49% free 8633K/16912K, paused 16ms, total 17ms
02-03 12:43:13.121 D/dalvikvm(15954): GC_CONCURRENT freed 3326K, 45% free 9344K/16912K, paused 1ms+1ms, total 4ms
02-03 12:43:13.201 D/dalvikvm(15954): GC_CONCURRENT freed 4414K, 48% free 8930K/16912K, paused 1ms+1ms, total 8ms
02-03 12:43:13.221 D/dalvikvm(15954): GC_CONCURRENT freed 3965K, 48% free 8948K/16912K, paused 8ms+0ms, total 14ms
02-03 12:43:13.241 D/dalvikvm(15954): GC_FOR_ALLOC freed 4116K, 48% free 8896K/16912K, paused 7ms, total 7ms
02-03 12:43:13.241 D/dalvikvm(15954): GC_CONCURRENT freed 3904K, 47% free 9063K/16912K, paused 1ms+2ms, total 9ms
02-03 12:43:13.241 D/dalvikvm(15954): WAIT_FOR_CONCURRENT_GC blocked 3ms
02-03 12:43:13.261 D/dalvikvm(15954): GC_FOR_ALLOC freed 4098K, 47% free 9010K/16912K, paused 5ms, total 5ms
02-03 12:43:13.261 D/dalvikvm(15954): GC_CONCURRENT freed 3919K, 46% free 9162K/16912K, paused 0ms+1ms, total 5ms
02-03 12:43:13.261 D/dalvikvm(15954): WAIT_FOR_CONCURRENT_GC blocked 1ms
02-03 12:43:13.281 D/dalvikvm(15954): GC_CONCURRENT freed 4104K, 46% free 9226K/16912K, paused 0ms+3ms, total 7ms
02-03 12:43:13.291 D/dalvikvm(15954): GC_FOR_ALLOC freed 4261K, 47% free 9057K/16912K, paused 5ms, total 5ms
02-03 12:43:13.291 D/dalvikvm(15954): GC_CONCURRENT freed 4024K, 47% free 9128K/16912K, paused 0ms+2ms, total 7ms
02-03 12:43:13.291 D/dalvikvm(15954): WAIT_FOR_CONCURRENT_GC blocked 1ms
02-03 12:43:13.311 D/dalvikvm(15954): GC_CONCURRENT freed 4232K, 37% free 10755K/16912K, paused 0ms+1ms, total 8ms
02-03 12:43:13.321 D/dalvikvm(15954): GC_CONCURRENT freed 5731K, 47% free 9074K/16912K, paused 1ms+1ms, total 6ms
02-03 12:43:13.321 D/dalvikvm(15954): WAIT_FOR_CONCURRENT_GC blocked 5ms
02-03 12:43:13.331 D/dalvikvm(15954): GC_CONCURRENT freed 4137K, 47% free 9020K/16912K, paused 2ms+1ms, total 6ms
02-03 12:43:13.331 D/dalvikvm(15954): WAIT_FOR_CONCURRENT_GC blocked 4ms
02-03 12:43:13.331 D/dalvikvm(15954): GC_CONCURRENT freed 3977K, 47% free 9117K/16912K, paused 0ms+1ms, total 4ms
02-03 12:43:13.341 D/dalvikvm(15954): WAIT_FOR_CONCURRENT_GC blocked 5ms
02-03 12:43:13.341 D/dalvikvm(15954): GC_CONCURRENT freed 4126K, 47% free 9023K/16912K, paused 0ms+1ms, total 4ms
02-03 12:43:13.341 D/dalvikvm(15954): WAIT_FOR_CONCURRENT_GC blocked 4ms
02-03 12:43:13.351 D/dalvikvm(15954): GC_FOR_ALLOC freed 3916K, 47% free 9126K/16912K, paused 5ms, total 5ms
02-03 12:43:13.361 D/dalvikvm(15954): GC_CONCURRENT freed 3682K, 44% free 9490K/16912K, paused 1ms+1ms, total 7ms
02-03 12:43:13.361 D/dalvikvm(15954): WAIT_FOR_CONCURRENT_GC blocked 2ms
02-03 12:43:13.371 D/dalvikvm(15954): GC_CONCURRENT freed 4528K, 47% free 9025K/16912K, paused 1ms+0ms, total 5ms
02-03 12:43:13.371 D/dalvikvm(15954): WAIT_FOR_CONCURRENT_GC blocked 4ms
02-03 12:43:13.371 D/dalvikvm(15954): GC_FOR_ALLOC freed 3900K, 46% free 9138K/16912K, paused 4ms, total 4ms
02-03 12:43:13.381 D/dalvikvm(15954): GC_CONCURRENT freed 3611K, 44% free 9535K/16912K, paused 1ms+1ms, total 6ms
02-03 12:43:13.381 D/dalvikvm(15954): WAIT_FOR_CONCURRENT_GC blocked 1ms
02-03 12:43:13.391 D/dalvikvm(15954): GC_FOR_ALLOC freed 4502K, 47% free 9059K/16912K, paused 4ms, total 4ms
02-03 12:43:13.391 D/dalvikvm(15954): GC_CONCURRENT freed 3678K, 45% free 9413K/16912K, paused 1ms+1ms, total 6ms
02-03 12:43:13.391 D/dalvikvm(15954): WAIT_FOR_CONCURRENT_GC blocked 2ms
02-03 12:43:13.401 D/dalvikvm(15954): GC_CONCURRENT freed 4417K, 47% free 9060K/16912K, paused 0ms+0ms, total 5ms
02-03 12:43:13.401 D/dalvikvm(15954): WAIT_FOR_CONCURRENT_GC blocked 4ms
02-03 12:43:13.411 D/dalvikvm(15954): GC_FOR_ALLOC freed 3967K, 46% free 9186K/16912K, paused 4ms, total 4ms
02-03 12:43:13.411 D/dalvikvm(15954): GC_CONCURRENT freed 3608K, 44% free 9632K/16912K, paused 1ms+1ms, total 6ms
02-03 12:43:13.411 D/dalvikvm(15954): WAIT_FOR_CONCURRENT_GC blocked 2ms
02-03 12:43:13.421 D/dalvikvm(15954): GC_CONCURRENT freed 4579K, 47% free 9060K/16912K, paused 1ms+1ms, total 5ms
02-03 12:43:13.421 D/dalvikvm(15954): WAIT_FOR_CONCURRENT_GC blocked 4ms
02-03 12:43:13.431 D/dalvikvm(15954): GC_CONCURRENT freed 3948K, 47% free 9131K/16912K, paused 0ms+0ms, total 5ms
02-03 12:43:13.431 D/dalvikvm(15954): WAIT_FOR_CONCURRENT_GC blocked 4ms
02-03 12:43:13.441 D/dalvikvm(15954): GC_FOR_ALLOC freed 4093K, 47% free 9063K/16912K, paused 4ms, total 4ms
02-03 12:43:13.441 D/dalvikvm(15954): GC_CONCURRENT freed 3757K, 45% free 9336K/16912K, paused 1ms+1ms, total 6ms
02-03 12:43:13.441 D/dalvikvm(15954): WAIT_FOR_CONCURRENT_GC blocked 1ms
02-03 12:43:13.451 D/dalvikvm(15954): GC_CONCURRENT freed 4091K, 46% free 9236K/16912K, paused 1ms+1ms, total 5ms
02-03 12:43:13.451 D/dalvikvm(15954): WAIT_FOR_CONCURRENT_GC blocked 5ms
02-03 12:43:13.461 D/dalvikvm(15954): GC_FOR_ALLOC freed 4024K, 46% free 9238K/16912K, paused 4ms, total 4ms
02-03 12:43:13.461 D/dalvikvm(15954): GC_CONCURRENT freed 3586K, 43% free 9745K/16912K, paused 1ms+1ms, total 6ms
02-03 12:43:13.461 D/dalvikvm(15954): WAIT_FOR_CONCURRENT_GC blocked 1ms
02-03 12:43:13.471 D/dalvikvm(15954): GC_FOR_ALLOC freed 4663K, 47% free 9093K/16912K, paused 5ms, total 5ms
02-03 12:43:13.481 D/dalvikvm(15954): GC_CONCURRENT freed 3701K, 45% free 9390K/16912K, paused 0ms+1ms, total 6ms
02-03 12:43:13.481 D/dalvikvm(15954): WAIT_FOR_CONCURRENT_GC blocked 2ms
02-03 12:43:13.491 D/dalvikvm(15954): GC_CONCURRENT freed 4276K, 47% free 9092K/16912K, paused 0ms+1ms, total 4ms
02-03 12:43:13.491 D/dalvikvm(15954): WAIT_FOR_CONCURRENT_GC blocked 4ms
02-03 12:43:13.491 D/dalvikvm(15954): GC_FOR_ALLOC freed 3804K, 46% free 9246K/16912K, paused 4ms, total 4ms
02-03 12:43:13.501 D/dalvikvm(15954): GC_CONCURRENT freed 4089K, 46% free 9174K/16912K, paused 1ms+1ms, total 5ms
02-03 12:43:13.501 D/dalvikvm(15954): WAIT_FOR_CONCURRENT_GC blocked 4ms
02-03 12:43:13.511 D/dalvikvm(15954): GC_FOR_ALLOC freed 4070K, 47% free 9014K/16912K, paused 4ms, total 4ms
02-03 12:43:13.511 D/dalvikvm(15954): GC_FOR_ALLOC freed 3967K, 47% free 9044K/16912K, paused 4ms, total 4ms
02-03 12:43:13.521 D/dalvikvm(15954): GC_CONCURRENT freed 3777K, 46% free 9286K/16912K, paused 0ms+1ms, total 6ms
02-03 12:43:13.521 D/dalvikvm(15954): WAIT_FOR_CONCURRENT_GC blocked 2ms
02-03 12:43:13.531 D/dalvikvm(15954): GC_CONCURRENT freed 4147K, 46% free 9212K/16912K, paused 0ms+1ms, total 5ms
02-03 12:43:13.531 D/dalvikvm(15954): WAIT_FOR_CONCURRENT_GC blocked 4ms
02-03 12:43:13.531 D/dalvikvm(15954): GC_FOR_ALLOC freed 3872K, 46% free 9295K/16912K, paused 4ms, total 4ms
02-03 12:43:13.541 D/dalvikvm(15954): GC_FOR_ALLOC freed 4175K, 47% free 9126K/16912K, paused 4ms, total 4ms
02-03 12:43:13.551 D/dalvikvm(15954): GC_CONCURRENT freed 3626K, 45% free 9465K/16912K, paused 1ms+1ms, total 6ms
02-03 12:43:13.551 D/dalvikvm(15954): WAIT_FOR_CONCURRENT_GC blocked 1ms
02-03 12:43:13.551 D/dalvikvm(15954): GC_FOR_ALLOC freed 4259K, 47% free 9127K/16912K, paused 4ms, total 4ms
02-03 12:43:13.561 D/dalvikvm(15954): GC_CONCURRENT freed 3964K, 46% free 9219K/16912K, paused 0ms+1ms, total 5ms
02-03 12:43:13.561 D/dalvikvm(15954): WAIT_FOR_CONCURRENT_GC blocked 4ms
02-03 12:43:13.571 D/dalvikvm(15954): GC_CONCURRENT freed 4098K, 47% free 9130K/16912K, paused 0ms+1ms, total 4ms
02-03 12:43:13.571 D/dalvikvm(15954): WAIT_FOR_CONCURRENT_GC blocked 4ms
02-03 12:43:13.581 D/dalvikvm(15954): GC_FOR_ALLOC freed 3779K, 45% free 9312K/16912K, paused 4ms, total 4ms
02-03 12:43:13.581 D/dalvikvm(15954): GC_CONCURRENT freed 4096K, 46% free 9222K/16912K, paused 0ms+1ms, total 5ms
02-03 12:43:13.581 D/dalvikvm(15954): WAIT_FOR_CONCURRENT_GC blocked 4ms
02-03 12:43:13.591 D/dalvikvm(15954): GC_FOR_ALLOC freed 4041K, 47% free 9042K/16912K, paused 5ms, total 5ms
02-03 12:43:13.601 D/dalvikvm(15954): GC_FOR_ALLOC freed 3896K, 47% free 9044K/16912K, paused 4ms, total 4ms
02-03 12:43:13.601 D/dalvikvm(15954): GC_FOR_ALLOC freed 3934K, 47% free 9046K/16912K, paused 4ms, total 4ms
02-03 12:43:13.611 D/dalvikvm(15954): GC_CONCURRENT freed 3782K, 46% free 9237K/16912K, paused 0ms+1ms, total 4ms
02-03 12:43:13.611 D/dalvikvm(15954): WAIT_FOR_CONCURRENT_GC blocked 5ms
02-03 12:43:13.621 D/dalvikvm(15954): GC_CONCURRENT freed 4012K, 46% free 9236K/16912K, paused 1ms+1ms, total 5ms
02-03 12:43:13.621 D/dalvikvm(15954): WAIT_FOR_CONCURRENT_GC blocked 4ms
02-03 12:43:13.631 D/dalvikvm(15954): GC_CONCURRENT freed 4045K, 46% free 9240K/16912K, paused 0ms+1ms, total 4ms
02-03 12:43:13.631 D/dalvikvm(15954): WAIT_FOR_CONCURRENT_GC blocked 5ms
02-03 12:43:13.631 D/dalvikvm(15954): GC_CONCURRENT freed 4087K, 46% free 9248K/16912K, paused 1ms+1ms, total 5ms
02-03 12:43:13.631 D/dalvikvm(15954): WAIT_FOR_CONCURRENT_GC blocked 4ms
02-03 12:43:13.641 D/dalvikvm(15954): GC_FOR_ALLOC freed 3824K, 45% free 9349K/16912K, paused 4ms, total 4ms
02-03 12:43:13.651 D/dalvikvm(15954): GC_FOR_ALLOC freed 4155K, 46% free 9155K/16912K, paused 5ms, total 5ms
02-03 12:43:13.661 D/dalvikvm(15954): GC_FOR_ALLOC freed 3993K, 47% free 9058K/16912K, paused 4ms, total 4ms
02-03 12:43:13.661 D/dalvikvm(15954): GC_FOR_ALLOC freed 3723K, 45% free 9361K/16912K, paused 4ms, total 4ms
02-03 12:43:13.671 D/dalvikvm(15954): GC_CONCURRENT freed 3556K, 42% free 9868K/16912K, paused 1ms+1ms, total 6ms
02-03 12:43:13.671 D/dalvikvm(15954): WAIT_FOR_CONCURRENT_GC blocked 2ms
02-03 12:43:13.681 D/dalvikvm(15954): GC_CONCURRENT freed 4597K, 46% free 9268K/16912K, paused 1ms+1ms, total 5ms
02-03 12:43:13.681 D/dalvikvm(15954): WAIT_FOR_CONCURRENT_GC blocked 4ms
02-03 12:43:13.681 D/dalvikvm(15954): GC_FOR_ALLOC freed 4025K, 46% free 9168K/16912K, paused 4ms, total 4ms
02-03 12:43:13.691 D/dalvikvm(15954): GC_CONCURRENT freed 3956K, 46% free 9275K/16912K, paused 0ms+1ms, total 5ms
02-03 12:43:13.691 D/dalvikvm(15954): WAIT_FOR_CONCURRENT_GC blocked 5ms
02-03 12:43:13.701 D/dalvikvm(15954): GC_CONCURRENT freed 4093K, 46% free 9173K/16912K, paused 1ms+1ms, total 5ms
02-03 12:43:13.701 D/dalvikvm(15954): WAIT_FOR_CONCURRENT_GC blocked 4ms
02-03 12:43:13.711 D/dalvikvm(15954): GC_FOR_ALLOC freed 3703K, 45% free 9387K/16912K, paused 4ms, total 4ms
02-03 12:43:13.711 D/dalvikvm(15954): GC_FOR_ALLOC freed 4264K, 47% free 9072K/16912K, paused 4ms, total 4ms
02-03 12:43:13.721 D/dalvikvm(15954): GC_FOR_ALLOC freed 3974K, 46% free 9180K/16912K, paused 4ms, total 4ms
02-03 12:43:13.731 D/dalvikvm(15954): GC_CONCURRENT freed 3249K, 42% free 9937K/16912K, paused 0ms+0ms, total 6ms
02-03 12:43:13.731 D/dalvikvm(15954): WAIT_FOR_CONCURRENT_GC blocked 2ms
02-03 12:43:13.731 D/dalvikvm(15954): GC_CONCURRENT freed 4679K, 46% free 9295K/16912K, paused 0ms+1ms, total 4ms
02-03 12:43:13.731 D/dalvikvm(15954): WAIT_FOR_CONCURRENT_GC blocked 4ms
02-03 12:43:13.741 D/dalvikvm(15954): GC_FOR_ALLOC freed 4061K, 47% free 9078K/16912K, paused 4ms, total 4ms
02-03 12:43:13.751 D/dalvikvm(15954): GC_FOR_ALLOC freed 3869K, 47% free 9079K/16912K, paused 5ms, total 5ms
02-03 12:43:13.761 D/dalvikvm(15954): GC_FOR_ALLOC freed 3895K, 47% free 9081K/16912K, paused 5ms, total 5ms
02-03 12:43:13.771 D/dalvikvm(15954): GC_FOR_ALLOC freed 3921K, 47% free 9082K/16912K, paused 6ms, total 6ms
02-03 12:43:13.771 D/dalvikvm(15954): GC_FOR_ALLOC freed 3947K, 47% free 9084K/16912K, paused 5ms, total 5ms
02-03 12:43:13.791 D/dalvikvm(15954): GC_CONCURRENT freed 3746K, 45% free 9312K/16912K, paused 1ms+3ms, total 9ms
02-03 12:43:13.791 D/dalvikvm(15954): WAIT_FOR_CONCURRENT_GC blocked 7ms
02-03 12:43:13.791 W/BindingManager(18937): Cannot call determinedVisibility() - never saw a connection for the pid: 18937
02-03 12:43:13.801 D/dalvikvm(15954): GC_CONCURRENT freed 3998K, 45% free 9315K/16912K, paused 1ms+3ms, total 7ms
02-03 12:43:13.801 D/dalvikvm(15954): WAIT_FOR_CONCURRENT_GC blocked 6ms
02-03 12:43:13.811 D/dalvikvm(15954): GC_CONCURRENT freed 4022K, 45% free 9318K/16912K, paused 2ms+1ms, total 9ms
02-03 12:43:13.821 I/chromium(18937): [INFO:CONSOLE(47)] "Uncaught ReferenceError: SharedWorker is not defined", source: app://org.xwalk.webapi_noneservice_tests//opt/tct-workers-w3c-tests/workers/SharedWorkerLocation_search.html (47)
02-03 12:43:13.821 D/dalvikvm(15954): GC_CONCURRENT freed 4052K, 45% free 9321K/16912K, paused 1ms+0ms, total 5ms
02-03 12:43:13.821 D/dalvikvm(15954): WAIT_FOR_CONCURRENT_GC blocked 4ms
02-03 12:43:13.831 D/dalvikvm(15954): GC_CONCURRENT freed 4078K, 45% free 9325K/16912K, paused 1ms+1ms, total 6ms
02-03 12:43:13.831 D/dalvikvm(15954): WAIT_FOR_CONCURRENT_GC blocked 5ms
02-03 12:43:13.841 D/dalvikvm(15954): GC_FOR_ALLOC freed 3753K, 45% free 9445K/16912K, paused 6ms, total 6ms
02-03 12:43:13.851 D/dalvikvm(15954): GC_FOR_ALLOC freed 4135K, 46% free 9212K/16912K, paused 7ms, total 7ms
02-03 12:43:13.861 D/dalvikvm(15954): GC_FOR_ALLOC freed 3925K, 47% free 9096K/16912K, paused 4ms, total 4ms
02-03 12:43:13.871 D/dalvikvm(15954): GC_FOR_ALLOC freed 3591K, 45% free 9457K/16912K, paused 4ms, total 4ms
02-03 12:43:13.871 D/dalvikvm(15954): GC_FOR_ALLOC freed 4217K, 46% free 9219K/16912K, paused 4ms, total 4ms
02-03 12:43:13.881 D/dalvikvm(15954): GC_CONCURRENT freed 3400K, 43% free 9704K/16912K, paused 1ms+1ms, total 6ms
02-03 12:43:13.881 D/dalvikvm(15954): WAIT_FOR_CONCURRENT_GC blocked 2ms
02-03 12:43:13.891 D/dalvikvm(15954): GC_FOR_ALLOC freed 4264K, 45% free 9468K/16912K, paused 4ms, total 4ms
02-03 12:43:13.891 D/dalvikvm(15954): GC_CONCURRENT freed 3444K, 41% free 10082K/16912K, paused 1ms+0ms, total 7ms
02-03 12:43:13.891 D/dalvikvm(15954): WAIT_FOR_CONCURRENT_GC blocked 2ms
02-03 12:43:13.901 D/dalvikvm(15954): GC_FOR_ALLOC freed 4936K, 47% free 9106K/16912K, paused 4ms, total 4ms
02-03 12:43:13.911 D/dalvikvm(15954): GC_FOR_ALLOC freed 3732K, 46% free 9231K/16912K, paused 4ms, total 4ms
02-03 12:43:13.911 D/dalvikvm(15954): GC_CONCURRENT freed 3880K, 45% free 9359K/16912K, paused 0ms+1ms, total 4ms
02-03 12:43:13.911 D/dalvikvm(15954): WAIT_FOR_CONCURRENT_GC blocked 3ms
02-03 12:43:13.921 D/dalvikvm(15954): GC_FOR_ALLOC freed 4028K, 46% free 9235K/16912K, paused 4ms, total 4ms
02-03 12:43:13.931 D/dalvikvm(15954): GC_CONCURRENT freed 3927K, 45% free 9365K/16912K, paused 0ms+1ms, total 4ms
02-03 12:43:13.931 D/dalvikvm(15954): WAIT_FOR_CONCURRENT_GC blocked 3ms
02-03 12:43:13.941 D/dalvikvm(15954): GC_FOR_ALLOC freed 4076K, 46% free 9240K/16912K, paused 4ms, total 4ms
02-03 12:43:13.941 D/dalvikvm(15954): GC_FOR_ALLOC freed 3587K, 44% free 9498K/16912K, paused 4ms, total 4ms
02-03 12:43:13.951 D/dalvikvm(15954): GC_FOR_ALLOC freed 4252K, 47% free 9116K/16912K, paused 4ms, total 4ms
02-03 12:43:13.961 D/dalvikvm(15954): GC_FOR_ALLOC freed 3887K, 46% free 9246K/16912K, paused 4ms, total 4ms
02-03 12:43:13.961 D/dalvikvm(15954): GC_CONCURRENT freed 2738K, 39% free 10418K/16912K, paused 1ms+1ms, total 5ms
02-03 12:43:13.961 D/dalvikvm(15954): WAIT_FOR_CONCURRENT_GC blocked 1ms
02-03 12:43:13.971 D/dalvikvm(15954): GC_FOR_ALLOC freed 4575K, 44% free 9513K/16912K, paused 4ms, total 4ms
02-03 12:43:13.971 D/dalvikvm(15954): GC_FOR_ALLOC freed 4345K, 47% free 9122K/16912K, paused 4ms, total 4ms
02-03 12:43:13.981 D/dalvikvm(15954): GC_FOR_ALLOC freed 3707K, 47% free 9123K/16912K, paused 4ms, total 4ms
02-03 12:43:13.991 D/dalvikvm(15954): GC_FOR_ALLOC freed 3725K, 47% free 9124K/16912K, paused 5ms, total 5ms
02-03 12:43:13.991 D/dalvikvm(15954): GC_FOR_ALLOC freed 3744K, 47% free 9126K/16912K, paused 4ms, total 4ms
02-03 12:43:14.001 D/dalvikvm(15954): GC_FOR_ALLOC freed 3763K, 47% free 9127K/16912K, paused 4ms, total 4ms
02-03 12:43:14.011 D/dalvikvm(15954): GC_FOR_ALLOC freed 3783K, 47% free 9128K/16912K, paused 4ms, total 4ms
02-03 12:43:14.011 D/dalvikvm(15954): GC_FOR_ALLOC freed 3802K, 47% free 9130K/16912K, paused 4ms, total 4ms
02-03 12:43:14.021 D/dalvikvm(15954): GC_FOR_ALLOC freed 3820K, 47% free 9131K/16912K, paused 4ms, total 4ms
02-03 12:43:14.031 D/dalvikvm(15954): GC_FOR_ALLOC freed 3839K, 46% free 9132K/16912K, paused 4ms, total 4ms
02-03 12:43:14.031 D/dalvikvm(15954): GC_FOR_ALLOC freed 3858K, 46% free 9134K/16912K, paused 4ms, total 4ms
02-03 12:43:14.041 D/dalvikvm(15954): GC_FOR_ALLOC freed 3877K, 46% free 9135K/16912K, paused 4ms, total 4ms
02-03 12:43:14.051 D/dalvikvm(15954): GC_FOR_ALLOC freed 3896K, 46% free 9136K/16912K, paused 4ms, total 4ms
02-03 12:43:14.051 D/dalvikvm(15954): GC_FOR_ALLOC freed 3914K, 46% free 9138K/16912K, paused 4ms, total 4ms
02-03 12:43:14.061 D/dalvikvm(15954): GC_FOR_ALLOC freed 3933K, 46% free 9139K/16912K, paused 4ms, total 4ms
02-03 12:43:14.071 D/dalvikvm(15954): GC_FOR_ALLOC freed 3952K, 46% free 9140K/16912K, paused 4ms, total 4ms
02-03 12:43:14.071 D/dalvikvm(15954): GC_CONCURRENT freed 3687K, 45% free 9425K/16912K, paused 0ms+1ms, total 4ms
02-03 12:43:14.071 D/dalvikvm(15954): WAIT_FOR_CONCURRENT_GC blocked 3ms
02-03 12:43:14.081 D/dalvikvm(15954): GC_CONCURRENT freed 3988K, 45% free 9428K/16912K, paused 1ms+0ms, total 5ms
02-03 12:43:14.081 D/dalvikvm(15954): WAIT_FOR_CONCURRENT_GC blocked 4ms
02-03 12:43:14.091 D/dalvikvm(15954): GC_CONCURRENT freed 4007K, 45% free 9431K/16912K, paused 0ms+1ms, total 5ms
02-03 12:43:14.091 D/dalvikvm(15954): WAIT_FOR_CONCURRENT_GC blocked 5ms
02-03 12:43:14.091 D/dalvikvm(15954): GC_CONCURRENT freed 4026K, 45% free 9434K/16912K, paused 1ms+1ms, total 5ms
02-03 12:43:14.091 D/dalvikvm(15954): WAIT_FOR_CONCURRENT_GC blocked 4ms
02-03 12:43:14.101 D/dalvikvm(15954): GC_CONCURRENT freed 4045K, 45% free 9436K/16912K, paused 0ms+1ms, total 4ms
02-03 12:43:14.101 D/dalvikvm(15954): WAIT_FOR_CONCURRENT_GC blocked 3ms
02-03 12:43:14.111 D/dalvikvm(15954): GC_CONCURRENT freed 4064K, 45% free 9439K/16912K, paused 1ms+1ms, total 5ms
02-03 12:43:14.111 D/dalvikvm(15954): WAIT_FOR_CONCURRENT_GC blocked 3ms
02-03 12:43:14.121 D/dalvikvm(15954): GC_CONCURRENT freed 4082K, 45% free 9442K/16912K, paused 0ms+1ms, total 4ms
02-03 12:43:14.121 D/dalvikvm(15954): WAIT_FOR_CONCURRENT_GC blocked 3ms
02-03 12:43:14.121 D/dalvikvm(15954): GC_FOR_ALLOC freed 3660K, 44% free 9590K/16912K, paused 4ms, total 4ms
02-03 12:43:14.131 D/dalvikvm(15954): GC_FOR_ALLOC freed 4118K, 46% free 9299K/16912K, paused 4ms, total 4ms
02-03 12:43:14.141 D/dalvikvm(15954): GC_FOR_ALLOC freed 3841K, 46% free 9154K/16912K, paused 4ms, total 4ms
02-03 12:43:14.141 D/dalvikvm(15954): GC_FOR_ALLOC freed 3411K, 44% free 9599K/16912K, paused 4ms, total 4ms
02-03 12:43:14.151 D/dalvikvm(15954): GC_FOR_ALLOC freed 4170K, 45% free 9304K/16912K, paused 4ms, total 4ms
02-03 12:43:14.161 D/dalvikvm(15954): GC_FOR_ALLOC freed 3889K, 46% free 9157K/16912K, paused 4ms, total 4ms
02-03 12:43:14.161 D/dalvikvm(15954): GC_FOR_ALLOC freed 3453K, 44% free 9608K/16912K, paused 4ms, total 4ms
02-03 12:43:14.171 D/dalvikvm(15954): GC_FOR_ALLOC freed 4222K, 45% free 9310K/16912K, paused 4ms, total 4ms
02-03 12:43:14.181 D/dalvikvm(15954): GC_FOR_ALLOC freed 3937K, 46% free 9161K/16912K, paused 4ms, total 4ms
02-03 12:43:14.181 D/dalvikvm(15954): GC_FOR_ALLOC freed 3496K, 44% free 9618K/16912K, paused 3ms, total 4ms
02-03 12:43:14.191 D/dalvikvm(15954): GC_CONCURRENT freed 4273K, 45% free 9316K/16912K, paused 1ms+0ms, total 5ms
02-03 12:43:14.191 D/dalvikvm(15954): WAIT_FOR_CONCURRENT_GC blocked 4ms
02-03 12:43:14.201 D/dalvikvm(15954): GC_FOR_ALLOC freed 3985K, 46% free 9165K/16912K, paused 4ms, total 4ms
02-03 12:43:14.201 D/dalvikvm(15954): GC_FOR_ALLOC freed 3538K, 44% free 9627K/16912K, paused 4ms, total 4ms
02-03 12:43:14.211 D/dalvikvm(15954): GC_CONCURRENT freed 3247K, 35% free 11017K/16912K, paused 1ms+1ms, total 6ms
02-03 12:43:14.211 D/dalvikvm(15954): GC_FOR_ALLOC freed 4024K, 46% free 9168K/16912K, paused 4ms, total 4ms
02-03 12:43:14.221 D/dalvikvm(15954): GC_FOR_ALLOC freed 3577K, 44% free 9635K/16912K, paused 4ms, total 4ms
02-03 12:43:14.231 D/dalvikvm(15954): GC_CONCURRENT freed 3282K, 39% free 10416K/16912K, paused 1ms+1ms, total 6ms
02-03 12:43:14.231 D/dalvikvm(15954): GC_FOR_ALLOC freed 4381K, 43% free 9641K/16912K, paused 4ms, total 5ms
02-03 12:43:14.241 D/dalvikvm(15954): GC_FOR_ALLOC freed 4090K, 46% free 9173K/16912K, paused 4ms, total 4ms
02-03 12:43:14.251 D/dalvikvm(15954): GC_FOR_ALLOC freed 3631K, 45% free 9331K/16912K, paused 4ms, total 4ms
02-03 12:43:14.251 D/dalvikvm(15954): GC_FOR_ALLOC freed 4121K, 46% free 9175K/16912K, paused 4ms, total 4ms
02-03 12:43:14.261 D/dalvikvm(15954): GC_FOR_ALLOC freed 3658K, 45% free 9335K/16912K, paused 4ms, total 4ms
02-03 12:43:14.271 D/dalvikvm(15954): GC_CONCURRENT freed 3832K, 44% free 9497K/16912K, paused 1ms+1ms, total 5ms
02-03 12:43:14.271 D/dalvikvm(15954): WAIT_FOR_CONCURRENT_GC blocked 3ms
02-03 12:43:14.271 D/dalvikvm(15954): GC_FOR_ALLOC freed 4006K, 45% free 9338K/16912K, paused 4ms, total 4ms
02-03 12:43:14.281 D/dalvikvm(15954): GC_CONCURRENT freed 3862K, 44% free 9502K/16912K, paused 1ms+1ms, total 5ms
02-03 12:43:14.281 D/dalvikvm(15954): WAIT_FOR_CONCURRENT_GC blocked 3ms
02-03 12:43:14.291 D/dalvikvm(15954): GC_FOR_ALLOC freed 4036K, 45% free 9342K/16912K, paused 4ms, total 4ms
02-03 12:43:14.301 D/dalvikvm(15954): GC_CONCURRENT freed 3891K, 44% free 9507K/16912K, paused 0ms+1ms, total 4ms
02-03 12:43:14.301 D/dalvikvm(15954): WAIT_FOR_CONCURRENT_GC blocked 4ms
02-03 12:43:14.301 D/dalvikvm(15954): GC_FOR_ALLOC freed 4066K, 45% free 9346K/16912K, paused 4ms, total 4ms
02-03 12:43:14.311 D/dalvikvm(15954): GC_CONCURRENT freed 3921K, 44% free 9512K/16912K, paused 1ms+0ms, total 5ms
02-03 12:43:14.311 D/dalvikvm(15954): WAIT_FOR_CONCURRENT_GC blocked 4ms
02-03 12:43:14.321 D/dalvikvm(15954): GC_FOR_ALLOC freed 4098K, 45% free 9349K/16912K, paused 4ms, total 4ms
02-03 12:43:14.321 D/dalvikvm(15954): GC_FOR_ALLOC freed 3456K, 43% free 9680K/16912K, paused 4ms, total 4ms
02-03 12:43:14.331 D/dalvikvm(15954): GC_FOR_ALLOC freed 4295K, 46% free 9188K/16912K, paused 4ms, total 4ms
02-03 12:43:14.341 D/dalvikvm(15954): GC_CONCURRENT freed 3811K, 45% free 9355K/16912K, paused 1ms+1ms, total 5ms
02-03 12:43:14.341 D/dalvikvm(15954): WAIT_FOR_CONCURRENT_GC blocked 4ms
02-03 12:43:14.341 D/dalvikvm(15954): GC_FOR_ALLOC freed 3491K, 43% free 9688K/16912K, paused 4ms, total 4ms
02-03 12:43:14.351 D/dalvikvm(15954): GC_FOR_ALLOC freed 4335K, 46% free 9191K/16912K, paused 5ms, total 5ms
02-03 12:43:14.361 D/dalvikvm(15954): GC_CONCURRENT freed 3846K, 45% free 9359K/16912K, paused 1ms+1ms, total 5ms
02-03 12:43:14.361 D/dalvikvm(15954): WAIT_FOR_CONCURRENT_GC blocked 4ms
02-03 12:43:14.371 D/dalvikvm(15954): GC_FOR_ALLOC freed 3522K, 43% free 9696K/16912K, paused 4ms, total 4ms
02-03 12:43:14.371 D/dalvikvm(15954): GC_FOR_ALLOC freed 4374K, 46% free 9194K/16912K, paused 4ms, total 4ms
02-03 12:43:14.381 D/dalvikvm(15954): GC_FOR_ALLOC freed 3917K, 46% free 9191K/16912K, paused 4ms, total 4ms
02-03 12:43:14.391 D/dalvikvm(15954): GC_FOR_ALLOC freed 3382K, 43% free 9741K/16912K, paused 4ms, total 4ms
02-03 12:43:14.391 D/dalvikvm(15954): GC_FOR_ALLOC freed 3736K, 43% free 9752K/16912K, paused 4ms, total 4ms
02-03 12:43:14.411 D/dalvikvm(15954): GC_FOR_ALLOC freed 3258K, 43% free 9662K/16912K, paused 4ms, total 4ms
02-03 12:43:14.481 D/dalvikvm(15954): GC_FOR_ALLOC freed 4454K, 46% free 9162K/16912K, paused 4ms, total 4ms
02-03 12:43:16.881 W/BindingManager(18937): Cannot call determinedVisibility() - never saw a connection for the pid: 18937
02-03 12:43:16.911 I/chromium(18937): [INFO:CONSOLE(46)] "Uncaught ReferenceError: SharedWorker is not defined", source: app://org.xwalk.webapi_noneservice_tests//opt/tct-workers-w3c-tests/workers/SharedWorkerNavigator_appName.html (46)
02-03 12:43:17.621 D/dalvikvm(15954): GC_CONCURRENT freed 4470K, 49% free 8718K/16912K, paused 1ms+1ms, total 7ms
02-03 12:43:17.631 D/dalvikvm(15954): GC_FOR_ALLOC freed 4043K, 49% free 8752K/16912K, paused 2ms, total 2ms
02-03 12:43:17.641 D/dalvikvm(15954): GC_FOR_ALLOC freed 4086K, 49% free 8730K/16912K, paused 3ms, total 3ms
02-03 12:43:17.641 D/dalvikvm(15954): GC_CONCURRENT freed 1744K, 48% free 8931K/16912K, paused 0ms+1ms, total 3ms
02-03 12:43:17.651 D/dalvikvm(15954): GC_FOR_ALLOC freed 4262K, 49% free 8722K/16912K, paused 3ms, total 3ms
02-03 12:43:17.651 D/dalvikvm(15954): GC_CONCURRENT freed 1775K, 48% free 8919K/16912K, paused 1ms+1ms, total 4ms
02-03 12:43:17.661 D/dalvikvm(15954): GC_CONCURRENT freed 4164K, 49% free 8793K/16912K, paused 0ms+1ms, total 3ms
02-03 12:43:17.661 D/dalvikvm(15954): WAIT_FOR_CONCURRENT_GC blocked 3ms
02-03 12:43:17.671 D/dalvikvm(15954): GC_CONCURRENT freed 4058K, 49% free 8769K/16912K, paused 1ms+1ms, total 4ms
02-03 12:43:17.671 D/dalvikvm(15954): WAIT_FOR_CONCURRENT_GC blocked 3ms
02-03 12:43:17.671 D/dalvikvm(15954): GC_FOR_ALLOC freed 3977K, 48% free 8849K/16912K, paused 3ms, total 3ms
02-03 12:43:17.681 D/dalvikvm(15954): GC_CONCURRENT freed 1833K, 46% free 9186K/16912K, paused 1ms+1ms, total 4ms
02-03 12:43:17.681 D/dalvikvm(15954): GC_FOR_ALLOC freed 4353K, 48% free 8866K/16912K, paused 2ms, total 2ms
02-03 12:43:17.691 D/dalvikvm(15954): GC_CONCURRENT freed 1837K, 46% free 9237K/16912K, paused 1ms+1ms, total 4ms
02-03 12:43:17.701 D/dalvikvm(15954): GC_CONCURRENT freed 4438K, 48% free 8841K/16912K, paused 0ms+1ms, total 3ms
02-03 12:43:17.701 D/dalvikvm(15954): WAIT_FOR_CONCURRENT_GC blocked 3ms
02-03 12:43:17.701 D/dalvikvm(15954): GC_CONCURRENT freed 4044K, 48% free 8849K/16912K, paused 1ms+1ms, total 3ms
02-03 12:43:17.701 D/dalvikvm(15954): WAIT_FOR_CONCURRENT_GC blocked 2ms
02-03 12:43:17.711 D/dalvikvm(15954): GC_FOR_ALLOC freed 4078K, 48% free 8808K/16912K, paused 2ms, total 2ms
02-03 12:43:17.711 D/dalvikvm(15954): GC_CONCURRENT freed 1913K, 47% free 9095K/16912K, paused 1ms+1ms, total 4ms
02-03 12:43:17.721 D/dalvikvm(15954): GC_FOR_ALLOC freed 4214K, 48% free 8916K/16912K, paused 3ms, total 3ms
02-03 12:43:17.721 D/dalvikvm(15954): GC_CONCURRENT freed 2126K, 46% free 9270K/16912K, paused 1ms+1ms, total 4ms
02-03 12:43:17.731 D/dalvikvm(15954): GC_CONCURRENT freed 4341K, 48% free 8929K/16912K, paused 0ms+1ms, total 3ms
02-03 12:43:17.731 D/dalvikvm(15954): WAIT_FOR_CONCURRENT_GC blocked 3ms
02-03 12:43:17.731 D/dalvikvm(15954): GC_FOR_ALLOC freed 4119K, 48% free 8829K/16912K, paused 3ms, total 3ms
02-03 12:43:17.741 D/dalvikvm(15954): GC_CONCURRENT freed 2030K, 45% free 9322K/16912K, paused 1ms+1ms, total 4ms
02-03 12:43:17.741 D/dalvikvm(15954): GC_FOR_ALLOC freed 4471K, 49% free 8781K/16912K, paused 3ms, total 3ms
02-03 12:43:17.751 D/dalvikvm(15954): GC_CONCURRENT freed 3912K, 48% free 8900K/16912K, paused 1ms+1ms, total 3ms
02-03 12:43:17.751 D/dalvikvm(15954): WAIT_FOR_CONCURRENT_GC blocked 2ms
02-03 12:43:17.761 D/dalvikvm(15954): GC_FOR_ALLOC freed 3951K, 47% free 8964K/16912K, paused 3ms, total 3ms
02-03 12:43:17.761 D/dalvikvm(15954): GC_CONCURRENT freed 1804K, 46% free 9266K/16912K, paused 1ms+1ms, total 4ms
02-03 12:43:17.771 D/dalvikvm(15954): GC_CONCURRENT freed 4334K, 48% free 8914K/16912K, paused 1ms+1ms, total 3ms
02-03 12:43:17.771 D/dalvikvm(15954): WAIT_FOR_CONCURRENT_GC blocked 3ms
02-03 12:43:17.771 D/dalvikvm(15954): GC_FOR_ALLOC freed 4064K, 49% free 8793K/16912K, paused 2ms, total 2ms
02-03 12:43:17.781 D/dalvikvm(15954): GC_CONCURRENT freed 3897K, 48% free 8925K/16912K, paused 1ms+1ms, total 4ms
02-03 12:43:17.781 D/dalvikvm(15954): WAIT_FOR_CONCURRENT_GC blocked 3ms
02-03 12:43:17.791 D/dalvikvm(15954): GC_FOR_ALLOC freed 3910K, 47% free 8995K/16912K, paused 2ms, total 2ms
02-03 12:43:17.791 D/dalvikvm(15954): GC_CONCURRENT freed 2454K, 45% free 9328K/16912K, paused 0ms+1ms, total 4ms
02-03 12:43:17.801 D/dalvikvm(15954): GC_FOR_ALLOC freed 4438K, 48% free 8803K/16912K, paused 2ms, total 2ms
02-03 12:43:17.801 D/dalvikvm(15954): GC_FOR_ALLOC freed 3980K, 48% free 8874K/16912K, paused 3ms, total 3ms
02-03 12:43:17.811 D/dalvikvm(15954): GC_CONCURRENT freed 1602K, 45% free 9360K/16912K, paused 1ms+1ms, total 5ms
02-03 12:43:17.811 D/dalvikvm(15954): GC_CONCURRENT freed 4503K, 48% free 8952K/16912K, paused 1ms+1ms, total 4ms
02-03 12:43:17.811 D/dalvikvm(15954): WAIT_FOR_CONCURRENT_GC blocked 3ms
02-03 12:43:17.821 D/dalvikvm(15954): GC_CONCURRENT freed 4016K, 48% free 8956K/16912K, paused 1ms+0ms, total 4ms
02-03 12:43:17.821 D/dalvikvm(15954): WAIT_FOR_CONCURRENT_GC blocked 3ms
02-03 12:43:17.831 D/dalvikvm(15954): GC_CONCURRENT freed 4083K, 48% free 8961K/16912K, paused 1ms+0ms, total 4ms
02-03 12:43:17.831 D/dalvikvm(15954): WAIT_FOR_CONCURRENT_GC blocked 3ms
02-03 12:43:17.831 D/dalvikvm(15954): GC_FOR_ALLOC freed 3924K, 47% free 9039K/16912K, paused 2ms, total 2ms
02-03 12:43:17.841 D/dalvikvm(15954): GC_CONCURRENT freed 1577K, 43% free 9713K/16912K, paused 1ms+1ms, total 4ms
02-03 12:43:17.841 D/dalvikvm(15954): GC_FOR_ALLOC freed 4767K, 48% free 8895K/16912K, paused 3ms, total 3ms
02-03 12:43:17.851 D/dalvikvm(15954): GC_CONCURRENT freed 4003K, 47% free 8977K/16912K, paused 0ms+1ms, total 3ms
02-03 12:43:17.851 D/dalvikvm(15954): WAIT_FOR_CONCURRENT_GC blocked 2ms
02-03 12:43:17.851 D/dalvikvm(15954): GC_FOR_ALLOC freed 4139K, 48% free 8902K/16912K, paused 3ms, total 3ms
02-03 12:43:17.861 D/dalvikvm(15954): GC_CONCURRENT freed 1898K, 44% free 9533K/16912K, paused 1ms+1ms, total 4ms
02-03 12:43:17.861 D/dalvikvm(15954): GC_FOR_ALLOC freed 4625K, 48% free 8828K/16912K, paused 3ms, total 3ms
02-03 12:43:17.871 D/dalvikvm(15954): GC_CONCURRENT freed 3808K, 47% free 8993K/16912K, paused 1ms+1ms, total 4ms
02-03 12:43:17.871 D/dalvikvm(15954): WAIT_FOR_CONCURRENT_GC blocked 3ms
02-03 12:43:17.881 D/dalvikvm(15954): GC_CONCURRENT freed 4022K, 47% free 8997K/16912K, paused 0ms+1ms, total 3ms
02-03 12:43:17.881 D/dalvikvm(15954): WAIT_FOR_CONCURRENT_GC blocked 4ms
02-03 12:43:17.881 D/dalvikvm(15954): GC_CONCURRENT freed 4076K, 47% free 9002K/16912K, paused 1ms+1ms, total 3ms
02-03 12:43:17.881 D/dalvikvm(15954): WAIT_FOR_CONCURRENT_GC blocked 2ms
02-03 12:43:17.891 D/dalvikvm(15954): GC_FOR_ALLOC freed 3875K, 47% free 9090K/16912K, paused 3ms, total 3ms
02-03 12:43:17.901 D/dalvikvm(15954): GC_FOR_ALLOC freed 4178K, 48% free 8924K/16912K, paused 2ms, total 2ms
02-03 12:43:17.901 D/dalvikvm(15954): GC_CONCURRENT freed 1811K, 43% free 9697K/16912K, paused 0ms+1ms, total 4ms
02-03 12:43:17.911 D/dalvikvm(15954): GC_FOR_ALLOC freed 4858K, 48% free 8929K/16912K, paused 3ms, total 3ms
02-03 12:43:17.911 D/dalvikvm(15954): GC_CONCURRENT freed 2904K, 43% free 9718K/16912K, paused 1ms+1ms, total 5ms
02-03 12:43:17.921 D/dalvikvm(15954): GC_CONCURRENT freed 4784K, 47% free 9024K/16912K, paused 1ms+1ms, total 4ms
02-03 12:43:17.921 D/dalvikvm(15954): WAIT_FOR_CONCURRENT_GC blocked 2ms
02-03 12:43:17.921 D/dalvikvm(15954): GC_FOR_ALLOC freed 4129K, 48% free 8937K/16912K, paused 2ms, total 2ms
02-03 12:43:17.931 D/dalvikvm(15954): GC_CONCURRENT freed 2272K, 41% free 10021K/16912K, paused 0ms+1ms, total 4ms
02-03 12:43:17.931 D/dalvikvm(15954): GC_CONCURRENT freed 5019K, 47% free 9034K/16912K, paused 0ms+1ms, total 3ms
02-03 12:43:17.931 D/dalvikvm(15954): WAIT_FOR_CONCURRENT_GC blocked 3ms
02-03 12:43:17.941 D/dalvikvm(15954): GC_FOR_ALLOC freed 4067K, 48% free 8853K/16912K, paused 3ms, total 3ms
02-03 12:43:17.951 D/dalvikvm(15954): GC_FOR_ALLOC freed 3921K, 48% free 8855K/16912K, paused 3ms, total 3ms
02-03 12:43:17.951 D/dalvikvm(15954): GC_FOR_ALLOC freed 3959K, 48% free 8856K/16912K, paused 2ms, total 2ms
02-03 12:43:17.961 D/dalvikvm(15954): GC_CONCURRENT freed 3806K, 47% free 9049K/16912K, paused 1ms+0ms, total 4ms
02-03 12:43:17.961 D/dalvikvm(15954): WAIT_FOR_CONCURRENT_GC blocked 3ms
02-03 12:43:17.961 D/dalvikvm(15954): GC_CONCURRENT freed 4033K, 47% free 9052K/16912K, paused 1ms+1ms, total 4ms
02-03 12:43:17.961 D/dalvikvm(15954): WAIT_FOR_CONCURRENT_GC blocked 3ms
02-03 12:43:17.971 D/dalvikvm(15954): GC_CONCURRENT freed 4070K, 47% free 9056K/16912K, paused 1ms+1ms, total 3ms
02-03 12:43:17.971 D/dalvikvm(15954): WAIT_FOR_CONCURRENT_GC blocked 3ms
02-03 12:43:17.981 D/dalvikvm(15954): GC_FOR_ALLOC freed 3812K, 46% free 9157K/16912K, paused 3ms, total 3ms
02-03 12:43:17.981 D/dalvikvm(15954): GC_FOR_ALLOC freed 4143K, 47% free 8963K/16912K, paused 2ms, total 2ms
02-03 12:43:17.991 D/dalvikvm(15954): GC_FOR_ALLOC freed 3981K, 48% free 8867K/16912K, paused 3ms, total 3ms
02-03 12:43:17.991 D/dalvikvm(15954): GC_CONCURRENT freed 3712K, 46% free 9169K/16912K, paused 1ms+1ms, total 4ms
02-03 12:43:17.991 D/dalvikvm(15954): WAIT_FOR_CONCURRENT_GC blocked 3ms
02-03 12:43:18.001 D/dalvikvm(15954): GC_FOR_ALLOC freed 4250K, 47% free 8971K/16912K, paused 2ms, total 2ms
02-03 12:43:18.001 D/dalvikvm(15954): GC_CONCURRENT freed 2144K, 41% free 10091K/16912K, paused 0ms+0ms, total 4ms
02-03 12:43:18.011 D/dalvikvm(15954): GC_FOR_ALLOC freed 5024K, 47% free 8976K/16912K, paused 2ms, total 2ms
02-03 12:43:18.011 D/dalvikvm(15954): GC_CONCURRENT freed 3938K, 47% free 9083K/16912K, paused 1ms+1ms, total 3ms
02-03 12:43:18.021 D/dalvikvm(15954): WAIT_FOR_CONCURRENT_GC blocked 3ms
02-03 12:43:18.021 D/dalvikvm(15954): GC_FOR_ALLOC freed 4074K, 47% free 8981K/16912K, paused 3ms, total 3ms
02-03 12:43:18.021 D/dalvikvm(15954): GC_CONCURRENT freed 2001K, 44% free 9611K/16912K, paused 1ms+1ms, total 4ms
02-03 12:43:18.031 D/dalvikvm(15954): GC_FOR_ALLOC freed 4655K, 47% free 8985K/16912K, paused 3ms, total 3ms
02-03 12:43:18.041 D/dalvikvm(15954): GC_CONCURRENT freed 1707K, 44% free 9517K/16912K, paused 1ms+1ms, total 5ms
02-03 12:43:18.041 D/dalvikvm(15954): GC_FOR_ALLOC freed 4280K, 46% free 9203K/16912K, paused 2ms, total 2ms
02-03 12:43:18.051 D/dalvikvm(15954): GC_CONCURRENT freed 4102K, 47% free 9100K/16912K, paused 0ms+1ms, total 3ms
02-03 12:43:18.051 D/dalvikvm(15954): WAIT_FOR_CONCURRENT_GC blocked 2ms
02-03 12:43:18.051 D/dalvikvm(15954): GC_FOR_ALLOC freed 4022K, 48% free 8885K/16912K, paused 3ms, total 3ms
02-03 12:43:18.061 D/dalvikvm(15954): GC_FOR_ALLOC freed 3832K, 48% free 8887K/16912K, paused 3ms, total 3ms
02-03 12:43:18.061 D/dalvikvm(15954): GC_FOR_ALLOC freed 3858K, 48% free 8888K/16912K, paused 2ms, total 2ms
02-03 12:43:18.071 D/dalvikvm(15954): GC_FOR_ALLOC freed 3884K, 48% free 8890K/16912K, paused 3ms, total 3ms
02-03 12:43:18.071 D/dalvikvm(15954): GC_FOR_ALLOC freed 3910K, 48% free 8891K/16912K, paused 3ms, total 3ms
02-03 12:43:18.081 D/dalvikvm(15954): GC_FOR_ALLOC freed 3937K, 48% free 8893K/16912K, paused 2ms, total 2ms
02-03 12:43:18.081 D/dalvikvm(15954): GC_FOR_ALLOC freed 3963K, 48% free 8894K/16912K, paused 3ms, total 3ms
02-03 12:43:18.091 D/dalvikvm(15954): GC_CONCURRENT freed 3761K, 47% free 9124K/16912K, paused 1ms+1ms, total 4ms
02-03 12:43:18.091 D/dalvikvm(15954): WAIT_FOR_CONCURRENT_GC blocked 2ms
02-03 12:43:18.101 D/dalvikvm(15954): GC_CONCURRENT freed 4014K, 47% free 9127K/16912K, paused 1ms+0ms, total 4ms
02-03 12:43:18.101 D/dalvikvm(15954): WAIT_FOR_CONCURRENT_GC blocked 3ms
02-03 12:43:18.101 D/dalvikvm(15954): GC_CONCURRENT freed 4040K, 47% free 9130K/16912K, paused 0ms+1ms, total 3ms
02-03 12:43:18.101 D/dalvikvm(15954): WAIT_FOR_CONCURRENT_GC blocked 2ms
02-03 12:43:18.111 D/dalvikvm(15954): GC_CONCURRENT freed 4067K, 46% free 9133K/16912K, paused 1ms+1ms, total 4ms
02-03 12:43:18.111 D/dalvikvm(15954): WAIT_FOR_CONCURRENT_GC blocked 3ms
02-03 12:43:18.121 D/dalvikvm(15954): GC_FOR_ALLOC freed 3743K, 46% free 9253K/16912K, paused 3ms, total 3ms
02-03 12:43:18.121 D/dalvikvm(15954): GC_FOR_ALLOC freed 4123K, 47% free 9021K/16912K, paused 3ms, total 3ms
02-03 12:43:18.131 D/dalvikvm(15954): GC_FOR_ALLOC freed 3914K, 48% free 8905K/16912K, paused 2ms, total 2ms
02-03 12:43:18.131 D/dalvikvm(15954): GC_FOR_ALLOC freed 3581K, 46% free 9264K/16912K, paused 2ms, total 3ms
02-03 12:43:18.141 D/dalvikvm(15954): GC_FOR_ALLOC freed 4205K, 47% free 9028K/16912K, paused 3ms, total 3ms
02-03 12:43:18.141 D/dalvikvm(15954): GC_CONCURRENT freed 3391K, 44% free 9511K/16912K, paused 3ms+1ms, total 6ms
02-03 12:43:18.141 D/dalvikvm(15954): WAIT_FOR_CONCURRENT_GC blocked 1ms
02-03 12:43:18.151 D/dalvikvm(15954): GC_CONCURRENT freed 4252K, 44% free 9520K/16912K, paused 1ms+1ms, total 4ms
02-03 12:43:18.161 D/dalvikvm(15954): GC_FOR_ALLOC freed 4287K, 46% free 9280K/16912K, paused 3ms, total 3ms
02-03 12:43:18.161 D/dalvikvm(15954): GC_CONCURRENT freed 1727K, 42% free 9896K/16912K, paused 1ms+1ms, total 4ms
02-03 12:43:18.171 D/dalvikvm(15954): GC_FOR_ALLOC freed 4324K, 46% free 9286K/16912K, paused 3ms, total 3ms
02-03 12:43:18.171 D/dalvikvm(15954): GC_FOR_ALLOC freed 4109K, 48% free 8917K/16912K, paused 3ms, total 3ms
02-03 12:43:18.181 D/dalvikvm(15954): GC_FOR_ALLOC freed 3757K, 47% free 9043K/16912K, paused 3ms, total 3ms
02-03 12:43:18.181 D/dalvikvm(15954): GC_CONCURRENT freed 3904K, 46% free 9172K/16912K, paused 1ms+1ms, total 4ms
02-03 12:43:18.191 D/dalvikvm(15954): GC_FOR_ALLOC freed 4057K, 47% free 9048K/16912K, paused 2ms, total 2ms
02-03 12:43:18.191 D/dalvikvm(15954): GC_CONCURRENT freed 3953K, 46% free 9178K/16912K, paused 1ms+1ms, total 4ms
02-03 12:43:18.191 D/dalvikvm(15954): WAIT_FOR_CONCURRENT_GC blocked 3ms
02-03 12:43:18.201 D/dalvikvm(15954): GC_FOR_ALLOC freed 4102K, 47% free 9052K/16912K, paused 2ms, total 2ms
02-03 12:43:18.201 D/dalvikvm(15954): GC_CONCURRENT freed 1547K, 37% free 10728K/16912K, paused 0ms+1ms, total 4ms
02-03 12:43:18.211 D/dalvikvm(15954): GC_FOR_ALLOC freed 4524K, 48% free 8927K/16912K, paused 3ms, total 3ms
02-03 12:43:18.221 D/dalvikvm(15954): GC_CONCURRENT freed 3902K, 47% free 9058K/16912K, paused 0ms+1ms, total 3ms
02-03 12:43:18.221 D/dalvikvm(15954): WAIT_FOR_CONCURRENT_GC blocked 2ms
02-03 12:43:18.221 D/dalvikvm(15954): GC_FOR_ALLOC freed 3662K, 45% free 9321K/16912K, paused 2ms, total 3ms
02-03 12:43:18.231 D/dalvikvm(15954): GC_FOR_ALLOC freed 4340K, 48% free 8931K/16912K, paused 3ms, total 3ms
02-03 12:43:18.231 D/dalvikvm(15954): GC_FOR_ALLOC freed 3702K, 48% free 8932K/16912K, paused 3ms, total 3ms
02-03 12:43:18.241 D/dalvikvm(15954): GC_FOR_ALLOC freed 3721K, 48% free 8934K/16912K, paused 3ms, total 3ms
02-03 12:43:18.241 D/dalvikvm(15954): GC_FOR_ALLOC freed 3740K, 48% free 8935K/16912K, paused 2ms, total 3ms
02-03 12:43:18.251 D/dalvikvm(15954): GC_FOR_ALLOC freed 3758K, 48% free 8936K/16912K, paused 3ms, total 3ms
02-03 12:43:18.251 D/dalvikvm(15954): GC_FOR_ALLOC freed 3778K, 48% free 8938K/16912K, paused 2ms, total 2ms
02-03 12:43:18.261 D/dalvikvm(15954): GC_FOR_ALLOC freed 3797K, 48% free 8939K/16912K, paused 3ms, total 3ms
02-03 12:43:18.261 D/dalvikvm(15954): GC_FOR_ALLOC freed 3816K, 48% free 8940K/16912K, paused 3ms, total 3ms
02-03 12:43:18.271 D/dalvikvm(15954): GC_FOR_ALLOC freed 3835K, 48% free 8942K/16912K, paused 3ms, total 3ms
02-03 12:43:18.281 D/dalvikvm(15954): GC_FOR_ALLOC freed 3853K, 48% free 8943K/16912K, paused 2ms, total 2ms
02-03 12:43:18.281 D/dalvikvm(15954): GC_FOR_ALLOC freed 3872K, 48% free 8944K/16912K, paused 3ms, total 3ms
02-03 12:43:18.291 D/dalvikvm(15954): GC_FOR_ALLOC freed 3891K, 48% free 8946K/16912K, paused 2ms, total 3ms
02-03 12:43:18.291 D/dalvikvm(15954): GC_FOR_ALLOC freed 3910K, 48% free 8947K/16912K, paused 3ms, total 3ms
02-03 12:43:18.301 D/dalvikvm(15954): GC_FOR_ALLOC freed 3929K, 48% free 8948K/16912K, paused 2ms, total 3ms
02-03 12:43:18.301 D/dalvikvm(15954): GC_FOR_ALLOC freed 3947K, 48% free 8950K/16912K, paused 3ms, total 3ms
02-03 12:43:18.311 D/dalvikvm(15954): GC_CONCURRENT freed 3682K, 46% free 9235K/16912K, paused 1ms+1ms, total 3ms
02-03 12:43:18.311 D/dalvikvm(15954): WAIT_FOR_CONCURRENT_GC blocked 1ms
02-03 12:43:18.321 D/dalvikvm(15954): GC_CONCURRENT freed 3984K, 46% free 9237K/16912K, paused 1ms+1ms, total 4ms
02-03 12:43:18.321 D/dalvikvm(15954): WAIT_FOR_CONCURRENT_GC blocked 2ms
02-03 12:43:18.321 D/dalvikvm(15954): GC_CONCURRENT freed 4002K, 46% free 9240K/16912K, paused 1ms+1ms, total 3ms
02-03 12:43:18.321 D/dalvikvm(15954): WAIT_FOR_CONCURRENT_GC blocked 2ms
02-03 12:43:18.331 D/dalvikvm(15954): GC_CONCURRENT freed 4019K, 46% free 9242K/16912K, paused 1ms+1ms, total 4ms
02-03 12:43:18.341 D/dalvikvm(15954): GC_CONCURRENT freed 4042K, 46% free 9245K/16912K, paused 1ms+0ms, total 4ms
02-03 12:43:18.341 D/dalvikvm(15954): WAIT_FOR_CONCURRENT_GC blocked 2ms
02-03 12:43:18.341 D/dalvikvm(15954): GC_CONCURRENT freed 4059K, 46% free 9248K/16912K, paused 1ms+0ms, total 4ms
02-03 12:43:18.341 D/dalvikvm(15954): WAIT_FOR_CONCURRENT_GC blocked 2ms
02-03 12:43:18.351 D/dalvikvm(15954): GC_CONCURRENT freed 4076K, 46% free 9250K/16912K, paused 1ms+1ms, total 4ms
02-03 12:43:18.351 D/dalvikvm(15954): GC_FOR_ALLOC freed 3658K, 45% free 9399K/16912K, paused 3ms, total 3ms
02-03 12:43:18.361 D/dalvikvm(15954): GC_FOR_ALLOC freed 4113K, 47% free 9108K/16912K, paused 3ms, total 3ms
02-03 12:43:18.371 D/dalvikvm(15954): GC_FOR_ALLOC freed 3837K, 48% free 8963K/16912K, paused 3ms, total 3ms
02-03 12:43:18.371 D/dalvikvm(15954): GC_FOR_ALLOC freed 3407K, 45% free 9408K/16912K, paused 2ms, total 2ms
02-03 12:43:18.381 D/dalvikvm(15954): GC_FOR_ALLOC freed 4165K, 47% free 9113K/16912K, paused 3ms, total 3ms
02-03 12:43:18.381 D/dalvikvm(15954): GC_FOR_ALLOC freed 3885K, 47% free 8967K/16912K, paused 3ms, total 3ms
02-03 12:43:18.391 D/dalvikvm(15954): GC_FOR_ALLOC freed 3449K, 45% free 9417K/16912K, paused 2ms, total 2ms
02-03 12:43:18.391 D/dalvikvm(15954): GC_FOR_ALLOC freed 4217K, 47% free 9119K/16912K, paused 3ms, total 3ms
02-03 12:43:18.401 D/dalvikvm(15954): GC_FOR_ALLOC freed 3933K, 47% free 8970K/16912K, paused 3ms, total 3ms
02-03 12:43:18.401 D/dalvikvm(15954): GC_FOR_ALLOC freed 3492K, 45% free 9426K/16912K, paused 2ms, total 2ms
02-03 12:43:18.411 D/dalvikvm(15954): GC_FOR_ALLOC freed 4269K, 47% free 9125K/16912K, paused 3ms, total 3ms
02-03 12:43:18.411 D/dalvikvm(15954): GC_FOR_ALLOC freed 3981K, 47% free 8974K/16912K, paused 2ms, total 2ms
02-03 12:43:18.421 D/dalvikvm(15954): GC_CONCURRENT freed 3534K, 45% free 9436K/16912K, paused 1ms+1ms, total 3ms
02-03 12:43:18.421 D/dalvikvm(15954): WAIT_FOR_CONCURRENT_GC blocked 3ms
02-03 12:43:18.431 D/dalvikvm(15954): GC_CONCURRENT freed 4320K, 47% free 9131K/16912K, paused 1ms+1ms, total 4ms
02-03 12:43:18.431 D/dalvikvm(15954): WAIT_FOR_CONCURRENT_GC blocked 2ms
02-03 12:43:18.431 D/dalvikvm(15954): GC_FOR_ALLOC freed 4029K, 47% free 8978K/16912K, paused 3ms, total 3ms
02-03 12:43:18.441 D/dalvikvm(15954): GC_CONCURRENT freed 3577K, 45% free 9445K/16912K, paused 0ms+1ms, total 3ms
02-03 12:43:18.441 D/dalvikvm(15954): WAIT_FOR_CONCURRENT_GC blocked 3ms
02-03 12:43:18.441 D/dalvikvm(15954): GC_FOR_ALLOC freed 4372K, 46% free 9136K/16912K, paused 2ms, total 2ms
02-03 12:43:18.451 D/dalvikvm(15954): GC_FOR_ALLOC freed 4077K, 47% free 8981K/16912K, paused 3ms, total 3ms
02-03 12:43:18.461 D/dalvikvm(15954): GC_CONCURRENT freed 3619K, 45% free 9454K/16912K, paused 1ms+1ms, total 3ms
02-03 12:43:18.461 D/dalvikvm(15954): WAIT_FOR_CONCURRENT_GC blocked 1ms
02-03 12:43:18.461 D/dalvikvm(15954): GC_FOR_ALLOC freed 4107K, 47% free 8984K/16912K, paused 3ms, total 3ms
02-03 12:43:18.471 D/dalvikvm(15954): GC_FOR_ALLOC freed 3646K, 46% free 9143K/16912K, paused 2ms, total 3ms
02-03 12:43:18.471 D/dalvikvm(15954): GC_CONCURRENT freed 3820K, 45% free 9304K/16912K, paused 1ms+1ms, total 3ms
02-03 12:43:18.471 D/dalvikvm(15954): WAIT_FOR_CONCURRENT_GC blocked 2ms
02-03 12:43:18.481 D/dalvikvm(15954): GC_FOR_ALLOC freed 3992K, 46% free 9146K/16912K, paused 3ms, total 3ms
02-03 12:43:18.491 D/dalvikvm(15954): GC_CONCURRENT freed 3850K, 45% free 9309K/16912K, paused 0ms+1ms, total 3ms
02-03 12:43:18.491 D/dalvikvm(15954): WAIT_FOR_CONCURRENT_GC blocked 3ms
02-03 12:43:18.491 D/dalvikvm(15954): GC_FOR_ALLOC freed 3701K, 47% free 8989K/16912K, paused 3ms, total 3ms
02-03 12:43:18.501 D/dalvikvm(15954): GC_FOR_ALLOC freed 3714K, 46% free 9152K/16912K, paused 3ms, total 3ms
02-03 12:43:18.501 D/dalvikvm(15954): GC_CONCURRENT freed 3891K, 45% free 9316K/16912K, paused 1ms+0ms, total 4ms
02-03 12:43:18.501 D/dalvikvm(15954): WAIT_FOR_CONCURRENT_GC blocked 3ms
02-03 12:43:18.511 D/dalvikvm(15954): GC_FOR_ALLOC freed 3740K, 47% free 8993K/16912K, paused 3ms, total 3ms
02-03 12:43:18.511 D/dalvikvm(15954): GC_FOR_ALLOC freed 3754K, 46% free 9157K/16912K, paused 3ms, total 3ms
02-03 12:43:18.521 D/dalvikvm(15954): GC_FOR_ALLOC freed 3440K, 44% free 9486K/16912K, paused 2ms, total 2ms
02-03 12:43:18.521 D/dalvikvm(15954): GC_FOR_ALLOC freed 4276K, 47% free 8997K/16912K, paused 3ms, total 3ms
02-03 12:43:18.531 D/dalvikvm(15954): GC_FOR_ALLOC freed 3797K, 46% free 9162K/16912K, paused 2ms, total 2ms
02-03 12:43:18.531 D/dalvikvm(15954): GC_FOR_ALLOC freed 3478K, 44% free 9495K/16912K, paused 2ms, total 2ms
02-03 12:43:18.541 D/dalvikvm(15954): GC_FOR_ALLOC freed 4319K, 47% free 9000K/16912K, paused 3ms, total 3ms
02-03 12:43:18.551 D/dalvikvm(15954): GC_CONCURRENT freed 3832K, 46% free 9167K/16912K, paused 0ms+1ms, total 3ms
02-03 12:43:18.551 D/dalvikvm(15954): WAIT_FOR_CONCURRENT_GC blocked 3ms
02-03 12:43:18.551 D/dalvikvm(15954): GC_FOR_ALLOC freed 3509K, 44% free 9502K/16912K, paused 2ms, total 2ms
02-03 12:43:18.561 D/dalvikvm(15954): GC_FOR_ALLOC freed 4358K, 47% free 9003K/16912K, paused 3ms, total 3ms
02-03 12:43:18.561 D/dalvikvm(15954): GC_CONCURRENT freed 3866K, 46% free 9172K/16912K, paused 1ms+1ms, total 4ms
02-03 12:43:18.561 D/dalvikvm(15954): WAIT_FOR_CONCURRENT_GC blocked 3ms
02-03 12:43:18.571 D/dalvikvm(15954): GC_FOR_ALLOC freed 3541K, 44% free 9510K/16912K, paused 2ms, total 2ms
02-03 12:43:18.581 D/dalvikvm(15954): GC_CONCURRENT freed 4598K, 47% free 9007K/16912K, paused 0ms+1ms, total 3ms
02-03 12:43:18.581 D/dalvikvm(15954): WAIT_FOR_CONCURRENT_GC blocked 2ms
02-03 12:43:18.581 D/dalvikvm(15954): GC_FOR_ALLOC freed 3665K, 46% free 9189K/16912K, paused 3ms, total 3ms
02-03 12:43:18.591 W/System.err(15954): java.lang.ArrayIndexOutOfBoundsException: length=182998; index=-32768
02-03 12:43:18.591 W/System.err(15954): 	at com.googlehelp.service.l.a(Unknown Source)
02-03 12:43:18.591 W/System.err(15954): 	at com.googlehelp.service.l.a(Unknown Source)
02-03 12:43:18.591 W/System.err(15954): 	at com.googlehelp.service.l.a(Unknown Source)
02-03 12:43:18.591 W/System.err(15954): 	at com.googlehelp.service.h.a(Unknown Source)
02-03 12:43:18.591 W/System.err(15954): 	at com.googlehelp.service.h.run(Unknown Source)
02-03 12:43:18.591 W/System.err(15954): 	at java.util.Timer$TimerImpl.run(Timer.java:284)
02-03 12:43:18.591 D/dalvikvm(15954): GC_FOR_ALLOC freed 4115K, 47% free 9011K/16912K, paused 3ms, total 3ms
02-03 12:43:18.661 D/dalvikvm(15954): GC_CONCURRENT freed 4150K, 48% free 8946K/16912K, paused 0ms+1ms, total 6ms
02-03 12:43:18.661 D/dalvikvm(15954): WAIT_FOR_CONCURRENT_GC blocked 6ms
02-03 12:43:18.671 D/dalvikvm(15954): GC_CONCURRENT freed 4026K, 47% free 8982K/16912K, paused 0ms+1ms, total 4ms
02-03 12:43:18.671 D/dalvikvm(15954): WAIT_FOR_CONCURRENT_GC blocked 4ms
02-03 12:43:18.681 D/dalvikvm(15954): GC_CONCURRENT freed 4046K, 47% free 8999K/16912K, paused 1ms+1ms, total 5ms
02-03 12:43:18.681 D/dalvikvm(15954): WAIT_FOR_CONCURRENT_GC blocked 4ms
02-03 12:43:18.681 D/wpa_supplicant(14816): wlan0: Starting AP scan for wildcard SSID
02-03 12:43:18.681 D/wpa_supplicant(14816): WPS: Building WPS IE for Probe Request
02-03 12:43:18.681 D/wpa_supplicant(14816): WPS:  * Version (hardcoded 0x10)
02-03 12:43:18.681 D/wpa_supplicant(14816): WPS:  * Request Type
02-03 12:43:18.681 D/wpa_supplicant(14816): WPS:  * Config Methods (4288)
02-03 12:43:18.681 D/wpa_supplicant(14816): WPS:  * UUID-E
02-03 12:43:18.681 D/wpa_supplicant(14816): WPS:  * Primary Device Type
02-03 12:43:18.681 D/wpa_supplicant(14816): WPS:  * RF Bands (1)
02-03 12:43:18.681 D/wpa_supplicant(14816): WPS:  * Association State
02-03 12:43:18.681 D/wpa_supplicant(14816): WPS:  * Configuration Error (0)
02-03 12:43:18.681 D/wpa_supplicant(14816): WPS:  * Device Password ID (0)
02-03 12:43:18.681 D/wpa_supplicant(14816): WPS:  * Manufacturer
02-03 12:43:18.681 D/wpa_supplicant(14816): WPS:  * Model Name
02-03 12:43:18.681 D/wpa_supplicant(14816): WPS:  * Model Number
02-03 12:43:18.681 D/wpa_supplicant(14816): WPS:  * Device Name
02-03 12:43:18.681 D/wpa_supplicant(14816): WPS:  * Version2 (0x20)
02-03 12:43:18.681 D/wpa_supplicant(14816): P2P: * P2P IE header
02-03 12:43:18.681 D/wpa_supplicant(14816): P2P: * Capability dev=25 group=00
02-03 12:43:18.681 D/wpa_supplicant(14816): P2P: * Listen Channel: Regulatory Class 81 Channel 6
02-03 12:43:18.681 D/wpa_supplicant(14816): wlan0: nl80211: scan request
02-03 12:43:18.691 D/dalvikvm(15954): GC_CONCURRENT freed 4074K, 47% free 8999K/16912K, paused 0ms+1ms, total 4ms
02-03 12:43:18.691 D/dalvikvm(15954): WAIT_FOR_CONCURRENT_GC blocked 5ms
02-03 12:43:18.691 D/dalvikvm(15954): GC_CONCURRENT freed 4040K, 47% free 9015K/16912K, paused 1ms+1ms, total 5ms
02-03 12:43:18.691 D/dalvikvm(15954): WAIT_FOR_CONCURRENT_GC blocked 4ms
02-03 12:43:18.701 D/dalvikvm(15954): GC_CONCURRENT freed 4042K, 47% free 9021K/16912K, paused 1ms+0ms, total 5ms
02-03 12:43:18.701 D/dalvikvm(15954): WAIT_FOR_CONCURRENT_GC blocked 4ms
02-03 12:43:18.711 D/dalvikvm(15954): GC_CONCURRENT freed 4125K, 48% free 8959K/16912K, paused 1ms+1ms, total 5ms
02-03 12:43:18.711 D/dalvikvm(15954): WAIT_FOR_CONCURRENT_GC blocked 4ms
02-03 12:43:18.721 D/dalvikvm(15954): GC_CONCURRENT freed 3952K, 47% free 9063K/16912K, paused 1ms+1ms, total 5ms
02-03 12:43:18.721 D/dalvikvm(15954): WAIT_FOR_CONCURRENT_GC blocked 4ms
02-03 12:43:18.731 D/dalvikvm(15954): GC_FOR_ALLOC freed 4142K, 48% free 8952K/16912K, paused 4ms, total 4ms
02-03 12:43:18.731 D/dalvikvm(15954): GC_CONCURRENT freed 3794K, 46% free 9184K/16912K, paused 0ms+1ms, total 6ms
02-03 12:43:18.731 D/dalvikvm(15954): WAIT_FOR_CONCURRENT_GC blocked 2ms
02-03 12:43:18.741 D/dalvikvm(15954): GC_CONCURRENT freed 4142K, 47% free 9042K/16912K, paused 0ms+1ms, total 4ms
02-03 12:43:18.741 D/dalvikvm(15954): WAIT_FOR_CONCURRENT_GC blocked 3ms
02-03 12:43:18.741 D/wpa_supplicant(14816): Scan requested (ret=0) - scan timeout 30 seconds
02-03 12:43:18.741 D/wpa_supplicant(14816): nl80211: Drv Event 33 (NL80211_CMD_TRIGGER_SCAN) received for wlan0
02-03 12:43:18.741 D/wpa_supplicant(14816): wlan0: nl80211: Scan trigger
02-03 12:43:18.751 D/dalvikvm(15954): GC_CONCURRENT freed 4007K, 47% free 9046K/16912K, paused 1ms+1ms, total 6ms
02-03 12:43:18.751 D/dalvikvm(15954): WAIT_FOR_CONCURRENT_GC blocked 5ms
02-03 12:43:18.761 D/dalvikvm(15954): GC_CONCURRENT freed 4042K, 47% free 9095K/16912K, paused 1ms+1ms, total 5ms
02-03 12:43:18.761 D/dalvikvm(15954): WAIT_FOR_CONCURRENT_GC blocked 4ms
02-03 12:43:18.761 D/dalvikvm(15954): GC_CONCURRENT freed 4014K, 47% free 9100K/16912K, paused 0ms+1ms, total 5ms
02-03 12:43:18.761 D/dalvikvm(15954): WAIT_FOR_CONCURRENT_GC blocked 5ms
02-03 12:43:18.771 D/dalvikvm(15954): GC_FOR_ALLOC freed 4064K, 47% free 8987K/16912K, paused 4ms, total 4ms
02-03 12:43:18.781 D/dalvikvm(15954): GC_FOR_ALLOC freed 3947K, 47% free 8986K/16912K, paused 4ms, total 4ms
02-03 12:43:18.791 D/dalvikvm(15954): GC_CONCURRENT freed 3963K, 47% free 9096K/16912K, paused 0ms+1ms, total 5ms
02-03 12:43:18.791 D/dalvikvm(15954): WAIT_FOR_CONCURRENT_GC blocked 4ms
02-03 12:43:18.791 D/dalvikvm(15954): GC_FOR_ALLOC freed 4030K, 46% free 9153K/16912K, paused 4ms, total 4ms
02-03 12:43:18.801 D/dalvikvm(15954): GC_CONCURRENT freed 3249K, 45% free 9431K/16912K, paused 1ms+2ms, total 6ms
02-03 12:43:18.811 D/dalvikvm(15954): GC_CONCURRENT freed 4290K, 46% free 9159K/16912K, paused 1ms+1ms, total 4ms
02-03 12:43:18.811 D/dalvikvm(15954): WAIT_FOR_CONCURRENT_GC blocked 3ms
02-03 12:43:18.811 D/dalvikvm(15954): GC_FOR_ALLOC freed 4119K, 47% free 9044K/16912K, paused 4ms, total 4ms
02-03 12:43:18.821 D/dalvikvm(15954): GC_CONCURRENT freed 3254K, 43% free 9708K/16912K, paused 1ms+1ms, total 6ms
02-03 12:43:18.831 D/dalvikvm(15954): GC_CONCURRENT freed 4609K, 47% free 9111K/16912K, paused 1ms+1ms, total 4ms
02-03 12:43:18.831 D/dalvikvm(15954): WAIT_FOR_CONCURRENT_GC blocked 4ms
02-03 12:43:18.841 D/dalvikvm(15954): GC_CONCURRENT freed 3967K, 47% free 9116K/16912K, paused 1ms+1ms, total 5ms
02-03 12:43:18.841 D/dalvikvm(15954): WAIT_FOR_CONCURRENT_GC blocked 4ms
02-03 12:43:18.841 D/dalvikvm(15954): GC_CONCURRENT freed 4055K, 47% free 9117K/16912K, paused 1ms+1ms, total 5ms
02-03 12:43:18.841 D/dalvikvm(15954): WAIT_FOR_CONCURRENT_GC blocked 4ms
02-03 12:43:18.851 D/dalvikvm(15954): GC_CONCURRENT freed 4138K, 47% free 9018K/16912K, paused 1ms+0ms, total 5ms
02-03 12:43:18.851 D/dalvikvm(15954): WAIT_FOR_CONCURRENT_GC blocked 4ms
02-03 12:43:18.861 D/dalvikvm(15954): GC_CONCURRENT freed 4023K, 47% free 9084K/16912K, paused 1ms+1ms, total 5ms
02-03 12:43:18.861 D/dalvikvm(15954): WAIT_FOR_CONCURRENT_GC blocked 4ms
02-03 12:43:18.871 D/dalvikvm(15954): GC_FOR_ALLOC freed 3823K, 46% free 9221K/16912K, paused 4ms, total 4ms
02-03 12:43:18.871 D/dalvikvm(15954): GC_FOR_ALLOC freed 4241K, 47% free 9014K/16912K, paused 4ms, total 4ms
02-03 12:43:18.881 D/dalvikvm(15954): GC_CONCURRENT freed 3116K, 39% free 10357K/16912K, paused 1ms+1ms, total 6ms
02-03 12:43:18.891 D/dalvikvm(15954): GC_CONCURRENT freed 5237K, 46% free 9160K/16912K, paused 1ms+1ms, total 5ms
02-03 12:43:18.891 D/dalvikvm(15954): WAIT_FOR_CONCURRENT_GC blocked 4ms
02-03 12:43:18.891 D/dalvikvm(15954): GC_FOR_ALLOC freed 3881K, 46% free 9233K/16912K, paused 4ms, total 4ms
02-03 12:43:18.901 D/dalvikvm(15954): GC_FOR_ALLOC freed 4166K, 47% free 9086K/16912K, paused 3ms, total 3ms
02-03 12:43:18.911 D/dalvikvm(15954): GC_CONCURRENT freed 3328K, 43% free 9761K/16912K, paused 1ms+2ms, total 6ms
02-03 12:43:18.911 D/dalvikvm(15954): GC_CONCURRENT freed 4665K, 47% free 9117K/16912K, paused 1ms+0ms, total 5ms
02-03 12:43:18.911 D/dalvikvm(15954): WAIT_FOR_CONCURRENT_GC blocked 4ms
02-03 12:43:18.921 D/dalvikvm(15954): GC_FOR_ALLOC freed 3811K, 46% free 9272K/16912K, paused 3ms, total 4ms
02-03 12:43:18.931 D/dalvikvm(15954): GC_CONCURRENT freed 4096K, 46% free 9199K/16912K, paused 1ms+0ms, total 5ms
02-03 12:43:18.931 D/dalvikvm(15954): WAIT_FOR_CONCURRENT_GC blocked 4ms
02-03 12:43:18.931 D/dalvikvm(15954): GC_FOR_ALLOC freed 4078K, 47% free 9039K/16912K, paused 3ms, total 3ms
02-03 12:43:18.941 D/dalvikvm(15954): GC_CONCURRENT freed 3808K, 46% free 9204K/16912K, paused 1ms+1ms, total 5ms
02-03 12:43:18.941 D/dalvikvm(15954): WAIT_FOR_CONCURRENT_GC blocked 4ms
02-03 12:43:18.951 D/dalvikvm(15954): GC_CONCURRENT freed 4022K, 46% free 9209K/16912K, paused 1ms+1ms, total 4ms
02-03 12:43:18.951 D/dalvikvm(15954): WAIT_FOR_CONCURRENT_GC blocked 3ms
02-03 12:43:18.961 D/dalvikvm(15954): GC_CONCURRENT freed 4076K, 46% free 9213K/16912K, paused 1ms+1ms, total 5ms
02-03 12:43:18.961 D/dalvikvm(15954): WAIT_FOR_CONCURRENT_GC blocked 4ms
02-03 12:43:18.971 D/dalvikvm(15954): GC_FOR_ALLOC freed 3879K, 46% free 9297K/16912K, paused 3ms, total 3ms
02-03 12:43:18.971 D/dalvikvm(15954): GC_CONCURRENT freed 4182K, 47% free 9127K/16912K, paused 1ms+1ms, total 5ms
02-03 12:43:18.971 D/dalvikvm(15954): WAIT_FOR_CONCURRENT_GC blocked 4ms
02-03 12:43:18.981 D/dalvikvm(15954): GC_CONCURRENT freed 3883K, 46% free 9217K/16912K, paused 1ms+1ms, total 4ms
02-03 12:43:18.981 D/dalvikvm(15954): WAIT_FOR_CONCURRENT_GC blocked 4ms
02-03 12:43:18.991 D/dalvikvm(15954): GC_FOR_ALLOC freed 4016K, 47% free 9128K/16912K, paused 4ms, total 4ms
02-03 12:43:19.001 D/dalvikvm(15954): GC_CONCURRENT freed 3971K, 46% free 9220K/16912K, paused 1ms+1ms, total 6ms
02-03 12:43:19.001 D/dalvikvm(15954): WAIT_FOR_CONCURRENT_GC blocked 5ms
02-03 12:43:19.001 D/dalvikvm(15954): GC_FOR_ALLOC freed 4106K, 47% free 9130K/16912K, paused 4ms, total 4ms
02-03 12:43:19.011 D/dalvikvm(15954): GC_CONCURRENT freed 3338K, 43% free 9761K/16912K, paused 1ms+0ms, total 6ms
02-03 12:43:19.011 D/dalvikvm(15954): WAIT_FOR_CONCURRENT_GC blocked 2ms
02-03 12:43:19.021 D/dalvikvm(15954): GC_CONCURRENT freed 4550K, 46% free 9224K/16912K, paused 0ms+1ms, total 4ms
02-03 12:43:19.021 D/dalvikvm(15954): WAIT_FOR_CONCURRENT_GC blocked 4ms
02-03 12:43:19.021 D/dalvikvm(15954): GC_FOR_ALLOC freed 4048K, 47% free 9043K/16912K, paused 4ms, total 4ms
02-03 12:43:19.031 D/dalvikvm(15954): GC_FOR_ALLOC freed 3903K, 47% free 9045K/16912K, paused 4ms, total 4ms
02-03 12:43:19.041 D/dalvikvm(15954): GC_FOR_ALLOC freed 3940K, 47% free 9047K/16912K, paused 4ms, total 4ms
02-03 12:43:19.041 D/dalvikvm(15954): GC_CONCURRENT freed 3788K, 46% free 9238K/16912K, paused 1ms+1ms, total 5ms
02-03 12:43:19.041 D/dalvikvm(15954): WAIT_FOR_CONCURRENT_GC blocked 4ms
02-03 12:43:19.051 D/dalvikvm(15954): GC_CONCURRENT freed 4018K, 46% free 9270K/16912K, paused 0ms+1ms, total 4ms
02-03 12:43:19.051 D/dalvikvm(15954): WAIT_FOR_CONCURRENT_GC blocked 4ms
02-03 12:43:19.061 D/dalvikvm(15954): GC_CONCURRENT freed 4051K, 46% free 9273K/16912K, paused 1ms+1ms, total 5ms
02-03 12:43:19.061 D/dalvikvm(15954): WAIT_FOR_CONCURRENT_GC blocked 3ms
02-03 12:43:19.071 D/dalvikvm(15954): GC_FOR_ALLOC freed 4284K, 47% free 9082K/16912K, paused 4ms, total 4ms
02-03 12:43:19.071 D/dalvikvm(15954): GC_FOR_ALLOC freed 3635K, 45% free 9378K/16912K, paused 3ms, total 3ms
02-03 12:43:19.081 D/dalvikvm(15954): GC_CONCURRENT freed 4161K, 46% free 9184K/16912K, paused 1ms+1ms, total 6ms
02-03 12:43:19.081 D/dalvikvm(15954): WAIT_FOR_CONCURRENT_GC blocked 5ms
02-03 12:43:19.091 D/dalvikvm(15954): GC_FOR_ALLOC freed 3999K, 47% free 9087K/16912K, paused 4ms, total 4ms
02-03 12:43:19.091 D/dalvikvm(15954): GC_FOR_ALLOC freed 3729K, 45% free 9391K/16912K, paused 4ms, total 4ms
02-03 12:43:19.101 D/dalvikvm(15954): GC_CONCURRENT freed 3562K, 42% free 9898K/16912K, paused 1ms+1ms, total 7ms
02-03 12:43:19.101 D/dalvikvm(15954): WAIT_FOR_CONCURRENT_GC blocked 3ms
02-03 12:43:19.111 D/dalvikvm(15954): GC_CONCURRENT freed 4604K, 46% free 9297K/16912K, paused 0ms+1ms, total 5ms
02-03 12:43:19.111 D/dalvikvm(15954): WAIT_FOR_CONCURRENT_GC blocked 5ms
02-03 12:43:19.121 D/dalvikvm(15954): GC_FOR_ALLOC freed 4031K, 46% free 9197K/16912K, paused 4ms, total 4ms
02-03 12:43:19.121 D/dalvikvm(15954): GC_CONCURRENT freed 3962K, 45% free 9304K/16912K, paused 1ms+1ms, total 5ms
02-03 12:43:19.121 D/dalvikvm(15954): WAIT_FOR_CONCURRENT_GC blocked 4ms
02-03 12:43:19.131 D/dalvikvm(15954): GC_CONCURRENT freed 4099K, 46% free 9202K/16912K, paused 1ms+1ms, total 5ms
02-03 12:43:19.131 D/dalvikvm(15954): WAIT_FOR_CONCURRENT_GC blocked 4ms
02-03 12:43:19.141 D/dalvikvm(15954): GC_FOR_ALLOC freed 3708K, 45% free 9416K/16912K, paused 4ms, total 4ms
02-03 12:43:19.141 D/dalvikvm(15954): GC_FOR_ALLOC freed 4270K, 47% free 9100K/16912K, paused 4ms, total 4ms
02-03 12:43:19.151 D/dalvikvm(15954): GC_FOR_ALLOC freed 3980K, 46% free 9209K/16912K, paused 4ms, total 4ms
02-03 12:43:19.161 D/dalvikvm(15954): GC_CONCURRENT freed 3253K, 42% free 9967K/16912K, paused 1ms+1ms, total 6ms
02-03 12:43:19.161 D/dalvikvm(15954): GC_CONCURRENT freed 4686K, 45% free 9324K/16912K, paused 0ms+1ms, total 4ms
02-03 12:43:19.161 D/dalvikvm(15954): WAIT_FOR_CONCURRENT_GC blocked 4ms
02-03 12:43:19.171 D/dalvikvm(15954): GC_FOR_ALLOC freed 4066K, 47% free 9107K/16912K, paused 4ms, total 4ms
02-03 12:43:19.181 D/dalvikvm(15954): GC_FOR_ALLOC freed 3874K, 47% free 9108K/16912K, paused 4ms, total 4ms
02-03 12:43:19.181 D/dalvikvm(15954): GC_FOR_ALLOC freed 3900K, 47% free 9110K/16912K, paused 3ms, total 3ms
02-03 12:43:19.191 D/dalvikvm(15954): GC_FOR_ALLOC freed 3926K, 47% free 9111K/16912K, paused 4ms, total 4ms
02-03 12:43:19.191 D/dalvikvm(15954): GC_FOR_ALLOC freed 3952K, 47% free 9113K/16912K, paused 3ms, total 3ms
02-03 12:43:19.201 D/dalvikvm(15954): GC_CONCURRENT freed 3751K, 45% free 9342K/16912K, paused 1ms+1ms, total 6ms
02-03 12:43:19.201 D/dalvikvm(15954): WAIT_FOR_CONCURRENT_GC blocked 5ms
02-03 12:43:19.211 D/dalvikvm(15954): GC_CONCURRENT freed 4004K, 45% free 9345K/16912K, paused 0ms+1ms, total 6ms
02-03 12:43:19.211 D/dalvikvm(15954): WAIT_FOR_CONCURRENT_GC blocked 6ms
02-03 12:43:19.221 D/dalvikvm(15954): GC_CONCURRENT freed 4029K, 45% free 9348K/16912K, paused 1ms+1ms, total 6ms
02-03 12:43:19.221 D/dalvikvm(15954): WAIT_FOR_CONCURRENT_GC blocked 5ms
02-03 12:43:19.231 D/dalvikvm(15954): GC_CONCURRENT freed 4055K, 45% free 9351K/16912K, paused 1ms+1ms, total 5ms
02-03 12:43:19.231 D/dalvikvm(15954): WAIT_FOR_CONCURRENT_GC blocked 5ms
02-03 12:43:19.241 D/dalvikvm(15954): GC_CONCURRENT freed 4084K, 45% free 9354K/16912K, paused 1ms+1ms, total 5ms
02-03 12:43:19.241 D/dalvikvm(15954): WAIT_FOR_CONCURRENT_GC blocked 4ms
02-03 12:43:19.241 D/dalvikvm(15954): GC_FOR_ALLOC freed 3759K, 44% free 9474K/16912K, paused 4ms, total 4ms
02-03 12:43:19.251 D/dalvikvm(15954): GC_FOR_ALLOC freed 4140K, 46% free 9241K/16912K, paused 4ms, total 4ms
02-03 12:43:19.261 D/dalvikvm(15954): GC_FOR_ALLOC freed 3931K, 47% free 9125K/16912K, paused 4ms, total 4ms
02-03 12:43:19.261 D/dalvikvm(15954): GC_FOR_ALLOC freed 3596K, 44% free 9486K/16912K, paused 4ms, total 4ms
02-03 12:43:19.271 D/dalvikvm(15954): GC_CONCURRENT freed 4222K, 46% free 9249K/16912K, paused 1ms+0ms, total 5ms
02-03 12:43:19.271 D/dalvikvm(15954): WAIT_FOR_CONCURRENT_GC blocked 4ms
02-03 12:43:19.281 D/dalvikvm(15954): GC_FOR_ALLOC freed 4009K, 47% free 9130K/16912K, paused 4ms, total 4ms
02-03 12:43:19.281 D/dalvikvm(15954): GC_CONCURRENT freed 3666K, 44% free 9498K/16912K, paused 0ms+1ms, total 4ms
02-03 12:43:19.281 D/dalvikvm(15954): WAIT_FOR_CONCURRENT_GC blocked 3ms
02-03 12:43:19.291 D/dalvikvm(15954): GC_FOR_ALLOC freed 4305K, 46% free 9256K/16912K, paused 4ms, total 4ms
02-03 12:43:19.301 D/dalvikvm(15954): GC_CONCURRENT freed 3471K, 43% free 9750K/16912K, paused 1ms+1ms, total 6ms
02-03 12:43:19.301 D/dalvikvm(15954): WAIT_FOR_CONCURRENT_GC blocked 2ms
02-03 12:43:19.301 D/dalvikvm(15954): GC_FOR_ALLOC freed 4353K, 46% free 9260K/16912K, paused 3ms, total 3ms
02-03 12:43:19.311 D/dalvikvm(15954): GC_CONCURRENT freed 3886K, 45% free 9388K/16912K, paused 1ms+1ms, total 5ms
02-03 12:43:19.311 D/dalvikvm(15954): WAIT_FOR_CONCURRENT_GC blocked 4ms
02-03 12:43:19.321 D/dalvikvm(15954): GC_FOR_ALLOC freed 4033K, 46% free 9265K/16912K, paused 4ms, total 4ms
02-03 12:43:19.321 D/dalvikvm(15954): GC_CONCURRENT freed 3932K, 45% free 9394K/16912K, paused 0ms+1ms, total 4ms
02-03 12:43:19.321 D/dalvikvm(15954): WAIT_FOR_CONCURRENT_GC blocked 4ms
02-03 12:43:19.331 D/dalvikvm(15954): GC_FOR_ALLOC freed 4081K, 46% free 9269K/16912K, paused 4ms, total 4ms
02-03 12:43:19.341 D/dalvikvm(15954): GC_FOR_ALLOC freed 3592K, 44% free 9528K/16912K, paused 4ms, total 4ms
02-03 12:43:19.341 D/dalvikvm(15954): GC_FOR_ALLOC freed 4257K, 46% free 9145K/16912K, paused 4ms, total 4ms
02-03 12:43:19.351 D/dalvikvm(15954): GC_FOR_ALLOC freed 3892K, 46% free 9276K/16912K, paused 5ms, total 5ms
02-03 12:43:19.361 D/dalvikvm(15954): GC_CONCURRENT freed 3003K, 40% free 10188K/16912K, paused 1ms+1ms, total 7ms
02-03 12:43:19.361 D/dalvikvm(15954): GC_FOR_ALLOC freed 4320K, 44% free 9542K/16912K, paused 5ms, total 5ms
02-03 12:43:19.371 D/dalvikvm(15954): GC_FOR_ALLOC freed 4350K, 46% free 9151K/16912K, paused 4ms, total 4ms
02-03 12:43:19.381 D/dalvikvm(15954): GC_FOR_ALLOC freed 3711K, 46% free 9152K/16912K, paused 4ms, total 4ms
02-03 12:43:19.381 D/dalvikvm(15954): GC_FOR_ALLOC freed 3730K, 46% free 9153K/16912K, paused 4ms, total 4ms
02-03 12:43:19.391 D/dalvikvm(15954): GC_FOR_ALLOC freed 3749K, 46% free 9155K/16912K, paused 4ms, total 4ms
02-03 12:43:19.401 D/dalvikvm(15954): GC_FOR_ALLOC freed 3768K, 46% free 9156K/16912K, paused 5ms, total 5ms
02-03 12:43:19.411 D/dalvikvm(15954): GC_FOR_ALLOC freed 3787K, 46% free 9157K/16912K, paused 5ms, total 5ms
02-03 12:43:19.411 D/dalvikvm(15954): GC_FOR_ALLOC freed 3806K, 46% free 9159K/16912K, paused 5ms, total 5ms
02-03 12:43:19.421 D/dalvikvm(15954): GC_FOR_ALLOC freed 3825K, 46% free 9160K/16912K, paused 4ms, total 4ms
02-03 12:43:19.431 D/dalvikvm(15954): GC_FOR_ALLOC freed 3844K, 46% free 9161K/16912K, paused 4ms, total 4ms
02-03 12:43:19.431 D/dalvikvm(15954): GC_FOR_ALLOC freed 3863K, 46% free 9163K/16912K, paused 3ms, total 3ms
02-03 12:43:19.441 D/dalvikvm(15954): GC_FOR_ALLOC freed 3882K, 46% free 9164K/16912K, paused 4ms, total 4ms
02-03 12:43:19.441 D/dalvikvm(15954): GC_FOR_ALLOC freed 3900K, 46% free 9165K/16912K, paused 4ms, total 4ms
02-03 12:43:19.451 D/dalvikvm(15954): GC_FOR_ALLOC freed 3919K, 46% free 9167K/16912K, paused 4ms, total 4ms
02-03 12:43:19.461 D/dalvikvm(15954): GC_FOR_ALLOC freed 3938K, 46% free 9168K/16912K, paused 4ms, total 4ms
02-03 12:43:19.471 D/dalvikvm(15954): GC_FOR_ALLOC freed 3957K, 46% free 9169K/16912K, paused 5ms, total 5ms
02-03 12:43:19.471 D/dalvikvm(15954): GC_CONCURRENT freed 3692K, 45% free 9455K/16912K, paused 1ms+1ms, total 5ms
02-03 12:43:19.471 D/dalvikvm(15954): WAIT_FOR_CONCURRENT_GC blocked 4ms
02-03 12:43:19.481 D/dalvikvm(15954): GC_CONCURRENT freed 3993K, 45% free 9457K/16912K, paused 1ms+1ms, total 5ms
02-03 12:43:19.481 D/dalvikvm(15954): WAIT_FOR_CONCURRENT_GC blocked 4ms
02-03 12:43:19.491 D/dalvikvm(15954): GC_CONCURRENT freed 4012K, 45% free 9460K/16912K, paused 1ms+1ms, total 4ms
02-03 12:43:19.491 D/dalvikvm(15954): WAIT_FOR_CONCURRENT_GC blocked 4ms
02-03 12:43:19.501 D/dalvikvm(15954): GC_CONCURRENT freed 4031K, 45% free 9463K/16912K, paused 1ms+1ms, total 5ms
02-03 12:43:19.501 D/dalvikvm(15954): WAIT_FOR_CONCURRENT_GC blocked 4ms
02-03 12:43:19.501 D/dalvikvm(15954): GC_CONCURRENT freed 4050K, 45% free 9466K/16912K, paused 1ms+1ms, total 4ms
02-03 12:43:19.501 D/dalvikvm(15954): WAIT_FOR_CONCURRENT_GC blocked 3ms
02-03 12:43:19.511 D/dalvikvm(15954): GC_CONCURRENT freed 4068K, 45% free 9468K/16912K, paused 1ms+1ms, total 4ms
02-03 12:43:19.511 D/dalvikvm(15954): WAIT_FOR_CONCURRENT_GC blocked 4ms
02-03 12:43:19.521 D/dalvikvm(15954): GC_CONCURRENT freed 4087K, 44% free 9471K/16912K, paused 1ms+1ms, total 5ms
02-03 12:43:19.521 D/dalvikvm(15954): WAIT_FOR_CONCURRENT_GC blocked 3ms
02-03 12:43:19.521 D/dalvikvm(15954): GC_FOR_ALLOC freed 3664K, 44% free 9619K/16912K, paused 4ms, total 4ms
02-03 12:43:19.531 D/dalvikvm(15954): GC_FOR_ALLOC freed 4123K, 45% free 9328K/16912K, paused 4ms, total 4ms
02-03 12:43:19.541 D/dalvikvm(15954): GC_FOR_ALLOC freed 3845K, 46% free 9183K/16912K, paused 4ms, total 4ms
02-03 12:43:19.541 D/dalvikvm(15954): GC_FOR_ALLOC freed 3415K, 44% free 9629K/16912K, paused 3ms, total 3ms
02-03 12:43:19.551 D/dalvikvm(15954): GC_FOR_ALLOC freed 4174K, 45% free 9334K/16912K, paused 4ms, total 4ms
02-03 12:43:19.561 D/dalvikvm(15954): GC_FOR_ALLOC freed 3893K, 46% free 9186K/16912K, paused 4ms, total 4ms
02-03 12:43:19.561 D/dalvikvm(15954): GC_FOR_ALLOC freed 3457K, 44% free 9638K/16912K, paused 4ms, total 4ms
02-03 12:43:19.571 D/dalvikvm(15954): GC_FOR_ALLOC freed 4226K, 45% free 9339K/16912K, paused 4ms, total 4ms
02-03 12:43:19.581 D/dalvikvm(15954): GC_FOR_ALLOC freed 3941K, 46% free 9190K/16912K, paused 4ms, total 4ms
02-03 12:43:19.581 D/dalvikvm(15954): GC_FOR_ALLOC freed 3500K, 43% free 9647K/16912K, paused 4ms, total 4ms
02-03 12:43:19.591 D/dalvikvm(15954): GC_CONCURRENT freed 4278K, 45% free 9345K/16912K, paused 1ms+1ms, total 5ms
02-03 12:43:19.591 D/dalvikvm(15954): WAIT_FOR_CONCURRENT_GC blocked 4ms
02-03 12:43:19.601 D/dalvikvm(15954): GC_FOR_ALLOC freed 3990K, 46% free 9194K/16912K, paused 3ms, total 3ms
02-03 12:43:19.601 D/dalvikvm(15954): GC_FOR_ALLOC freed 3542K, 43% free 9656K/16912K, paused 4ms, total 4ms
02-03 12:43:19.611 D/dalvikvm(15954): GC_CONCURRENT freed 3251K, 39% free 10429K/16912K, paused 1ms+1ms, total 5ms
02-03 12:43:19.611 D/dalvikvm(15954): WAIT_FOR_CONCURRENT_GC blocked 1ms
02-03 12:43:19.611 D/dalvikvm(15954): GC_FOR_ALLOC freed 4338K, 45% free 9352K/16912K, paused 3ms, total 3ms
02-03 12:43:19.621 D/dalvikvm(15954): GC_FOR_ALLOC freed 4051K, 46% free 9198K/16912K, paused 4ms, total 4ms
02-03 12:43:19.631 D/dalvikvm(15954): GC_FOR_ALLOC freed 3596K, 43% free 9668K/16912K, paused 3ms, total 4ms
02-03 12:43:19.631 D/dalvikvm(15954): GC_CONCURRENT freed 3300K, 37% free 10767K/16912K, paused 0ms+1ms, total 5ms
02-03 12:43:19.641 D/dalvikvm(15954): GC_FOR_ALLOC freed 4089K, 46% free 9202K/16912K, paused 4ms, total 4ms
02-03 12:43:19.641 D/dalvikvm(15954): GC_FOR_ALLOC freed 3635K, 45% free 9360K/16912K, paused 4ms, total 4ms
02-03 12:43:19.651 D/dalvikvm(15954): GC_FOR_ALLOC freed 4125K, 46% free 9204K/16912K, paused 4ms, total 4ms
02-03 12:43:19.661 D/dalvikvm(15954): GC_CONCURRENT freed 3186K, 42% free 9840K/16912K, paused 1ms+0ms, total 6ms
02-03 12:43:19.661 D/dalvikvm(15954): WAIT_FOR_CONCURRENT_GC blocked 2ms
02-03 12:43:19.661 D/dalvikvm(15954): GC_CONCURRENT freed 4313K, 44% free 9526K/16912K, paused 1ms+1ms, total 4ms
02-03 12:43:19.661 D/dalvikvm(15954): WAIT_FOR_CONCURRENT_GC blocked 3ms
02-03 12:43:19.671 D/dalvikvm(15954): GC_FOR_ALLOC freed 4011K, 45% free 9368K/16912K, paused 4ms, total 4ms
02-03 12:43:19.681 D/dalvikvm(15954): GC_FOR_ALLOC freed 4188K, 46% free 9209K/16912K, paused 4ms, total 4ms
02-03 12:43:19.681 D/dalvikvm(15954): GC_FOR_ALLOC freed 3718K, 45% free 9371K/16912K, paused 3ms, total 3ms
02-03 12:43:19.691 D/dalvikvm(15954): GC_CONCURRENT freed 3895K, 44% free 9536K/16912K, paused 1ms+1ms, total 5ms
02-03 12:43:19.691 D/dalvikvm(15954): WAIT_FOR_CONCURRENT_GC blocked 2ms
02-03 12:43:19.701 D/dalvikvm(15954): GC_FOR_ALLOC freed 4070K, 45% free 9375K/16912K, paused 4ms, total 4ms
02-03 12:43:19.711 D/dalvikvm(15954): GC_CONCURRENT freed 3925K, 44% free 9541K/16912K, paused 1ms+1ms, total 5ms
02-03 12:43:19.711 D/dalvikvm(15954): WAIT_FOR_CONCURRENT_GC blocked 4ms
02-03 12:43:19.711 D/dalvikvm(15954): GC_FOR_ALLOC freed 4103K, 45% free 9379K/16912K, paused 3ms, total 3ms
02-03 12:43:19.721 D/dalvikvm(15954): GC_FOR_ALLOC freed 3460K, 43% free 9710K/16912K, paused 4ms, total 4ms
02-03 12:43:19.731 D/dalvikvm(15954): GC_FOR_ALLOC freed 4299K, 46% free 9217K/16912K, paused 4ms, total 4ms
02-03 12:43:19.731 D/dalvikvm(15954): GC_CONCURRENT freed 3815K, 45% free 9384K/16912K, paused 1ms+1ms, total 5ms
02-03 12:43:19.731 D/dalvikvm(15954): WAIT_FOR_CONCURRENT_GC blocked 4ms
02-03 12:43:19.741 D/dalvikvm(15954): GC_FOR_ALLOC freed 3494K, 43% free 9718K/16912K, paused 4ms, total 4ms
02-03 12:43:19.751 D/dalvikvm(15954): GC_FOR_ALLOC freed 4339K, 46% free 9220K/16912K, paused 4ms, total 4ms
02-03 12:43:19.751 D/dalvikvm(15954): GC_CONCURRENT freed 3849K, 45% free 9389K/16912K, paused 0ms+1ms, total 4ms
02-03 12:43:19.751 D/dalvikvm(15954): WAIT_FOR_CONCURRENT_GC blocked 4ms
02-03 12:43:19.761 D/dalvikvm(15954): GC_FOR_ALLOC freed 3525K, 43% free 9725K/16912K, paused 4ms, total 4ms
02-03 12:43:19.771 D/dalvikvm(15954): GC_FOR_ALLOC freed 4377K, 46% free 9223K/16912K, paused 4ms, total 4ms
02-03 12:43:19.771 D/dalvikvm(15954): GC_FOR_ALLOC freed 3921K, 46% free 9220K/16912K, paused 4ms, total 4ms
02-03 12:43:19.781 D/dalvikvm(15954): GC_FOR_ALLOC freed 3386K, 43% free 9739K/16912K, paused 4ms, total 4ms
02-03 12:43:19.791 D/dalvikvm(15954): GC_FOR_ALLOC freed 3741K, 43% free 9750K/16912K, paused 4ms, total 4ms
02-03 12:43:19.801 D/dalvikvm(15954): GC_FOR_ALLOC freed 3237K, 43% free 9682K/16912K, paused 4ms, total 4ms
02-03 12:43:19.861 D/wpa_supplicant(14816): nl80211: Drv Event 34 (NL80211_CMD_NEW_SCAN_RESULTS) received for wlan0
02-03 12:43:19.861 D/wpa_supplicant(14816): wlan0: nl80211: New scan results available
02-03 12:43:19.861 D/wpa_supplicant(14816): wlan0: Event SCAN_RESULTS (3) received
02-03 12:43:19.861 D/wpa_supplicant(14816): nl80211: Received scan results (28 BSSes)
02-03 12:43:19.861 D/wpa_supplicant(14816): nl80211: Survey data missing
02-03 12:43:19.861 D/wpa_supplicant(14816): wlan0: BSS: Start scan result update 27
02-03 12:43:19.861 D/wpa_supplicant(14816): wlan0: BSS: Add new id 91 BSSID c0:c1:c0:76:81:3c SSID 'E2000'
02-03 12:43:19.861 D/wpa_supplicant(14816): CTRL_IFACE monitor send - hexdump(len=41): 2f 64 61 74 61 2f 6d 69 73 63 2f 77 69 66 69 2f 73 6f 63 6b 65 74 73 2f 77 70 61 5f 63 74 72 6c ...
02-03 12:43:19.861 D/wpa_supplicant(14816): BSS: last_scan_res_used=28/32 last_scan_full=0
02-03 12:43:19.861 D/wpa_supplicant(14816): wlan0: New scan results available
02-03 12:43:19.861 D/wpa_supplicant(14816): CTRL_IFACE monitor send - hexdump(len=41): 2f 64 61 74 61 2f 6d 69 73 63 2f 77 69 66 69 2f 73 6f 63 6b 65 74 73 2f 77 70 61 5f 63 74 72 6c ...
02-03 12:43:19.861 I/WifiHW  (14542): EVENT: IFNAME=wlan0 CTRL-EVENT-BSS-ADDED 91 c0:c1:c0:76:81:3c
02-03 12:43:19.861 D/wpa_supplicant(14816): CTRL_IFACE monitor send - hexdump(len=41): 2f 64 61 74 61 2f 6d 69 73 63 2f 77 69 66 69 2f 73 6f 63 6b 65 74 73 2f 77 70 61 5f 63 74 72 6c ...
02-03 12:43:19.861 D/wpa_supplicant(14816): Authorize channel 1
02-03 12:43:19.861 D/wpa_supplicant(14816): Authorize channel 2
02-03 12:43:19.861 D/wpa_supplicant(14816): Authorize channel 3
02-03 12:43:19.861 D/wpa_supplicant(14816): Authorize channel 4
02-03 12:43:19.861 D/wpa_supplicant(14816): Authorize channel 5
02-03 12:43:19.861 D/wpa_supplicant(14816): Authorize channel 6
02-03 12:43:19.861 D/wpa_supplicant(14816): Authorize channel 7
02-03 12:43:19.861 D/wpa_supplicant(14816): Authorize channel 8
02-03 12:43:19.861 D/wpa_supplicant(14816): Authorize channel 9
02-03 12:43:19.861 D/wpa_supplicant(14816): Authorize channel 10
02-03 12:43:19.861 D/wpa_supplicant(14816): Authorize channel 11
02-03 12:43:19.861 D/wpa_supplicant(14816): Authorize channel 12
02-03 12:43:19.861 I/WifiHW  (14542): EVENT: IFNAME=wlan0 CTRL-EVENT-SCAN-RESULTS 
02-03 12:43:19.861 D/wpa_supplicant(14816): Authorize channel 13
02-03 12:43:19.861 D/wpa_supplicant(14816): Authorize channel 1
02-03 12:43:19.861 D/wpa_supplicant(14816): Authorize channel 2
02-03 12:43:19.861 D/wpa_supplicant(14816): Authorize channel 3
02-03 12:43:19.861 D/wpa_supplicant(14816): Authorize channel 4
02-03 12:43:19.861 D/wpa_supplicant(14816): Authorize channel 5
02-03 12:43:19.861 D/wpa_supplicant(14816): Authorize channel 6
02-03 12:43:19.861 D/wpa_supplicant(14816): Authorize channel 7
02-03 12:43:19.861 D/wpa_supplicant(14816): Authorize channel 8
02-03 12:43:19.861 D/wpa_supplicant(14816): Authorize channel 9
02-03 12:43:19.861 D/wpa_supplicant(14816): Authorize channel 10
02-03 12:43:19.861 D/wpa_supplicant(14816): Authorize channel 11
02-03 12:43:19.861 D/wpa_supplicant(14816): Authorize channel 12
02-03 12:43:19.861 D/wpa_supplicant(14816): Authorize channel 13
02-03 12:43:19.861 D/wpa_supplicant(14816): Add access point on channel 6
02-03 12:43:19.861 D/wpa_supplicant(14816): Add access point on channel 6
02-03 12:43:19.861 D/wpa_supplicant(14816): Add access point on channel 11
02-03 12:43:19.861 D/wpa_supplicant(14816): Add access point on channel 11
02-03 12:43:19.861 D/wpa_supplicant(14816): Add access point on channel 6
02-03 12:43:19.861 D/wpa_supplicant(14816): Add access point on channel 11
02-03 12:43:19.861 D/wpa_supplicant(14816): Add access point on channel 3
02-03 12:43:19.861 D/wpa_supplicant(14816): Add access point on channel 1
02-03 12:43:19.861 D/wpa_supplicant(14816): Add access point on channel 1
02-03 12:43:19.861 D/wpa_supplicant(14816): Add access point on channel 11
02-03 12:43:19.861 D/wpa_supplicant(14816): Add access point on channel 11
02-03 12:43:19.861 D/wpa_supplicant(14816): Add access point on channel 6
02-03 12:43:19.861 D/wpa_supplicant(14816): Add access point on channel 1
02-03 12:43:19.861 D/wpa_supplicant(14816): Add access point on channel 1
02-03 12:43:19.861 D/wpa_supplicant(14816): Add access point on channel 11
02-03 12:43:19.861 D/wpa_supplicant(14816): Add access point on channel 6
02-03 12:43:19.861 D/wpa_supplicant(14816): Add access point on channel 4
02-03 12:43:19.861 D/wpa_supplicant(14816): Add access point on channel 6
02-03 12:43:19.861 D/wpa_supplicant(14816): Add access point on channel 1
02-03 12:43:19.861 D/wpa_supplicant(14816): Add access point on channel 6
02-03 12:43:19.861 D/wpa_supplicant(14816): Add access point on channel 6
02-03 12:43:19.861 D/wpa_supplicant(14816): Add access point on channel 11
02-03 12:43:19.861 D/wpa_supplicant(14816): Add access point on channel 6
02-03 12:43:19.861 D/wpa_supplicant(14816): Add access point on channel 1
02-03 12:43:19.861 D/wpa_supplicant(14816): Add access point on channel 6
02-03 12:43:19.861 D/wpa_supplicant(14816): Add access point on channel 2
02-03 12:43:19.861 D/wpa_supplicant(14816): Add access point on channel 6
02-03 12:43:19.861 D/wpa_supplicant(14816): Add access point on channel 6
02-03 12:43:19.861 D/wpa_supplicant(14816): Add access point on channel 1
02-03 12:43:19.861 D/wpa_supplicant(14816): Add access point on channel 11
02-03 12:43:19.861 D/wpa_supplicant(14816): Add access point on channel 6
02-03 12:43:19.861 D/wpa_supplicant(14816): Best Operating channel is = 11
02-03 12:43:19.861 D/wpa_supplicant(14816): WPS: AP[0] f8:d1:11:e7:99:e8 type=0 tries=0 last_attempt=-1 sec ago blacklist=0
02-03 12:43:19.861 D/wpa_supplicant(14816): WPS: AP[1] 44:94:fc:3d:da:38 type=0 tries=0 last_attempt=-1 sec ago blacklist=0
02-03 12:43:19.861 D/wpa_supplicant(14816): WPS: AP[2] cc:34:29:2b:26:4c type=0 tries=0 last_attempt=-1 sec ago blacklist=0
02-03 12:43:19.861 D/wpa_supplicant(14816): WPS: AP[3] 10:c3:7b:d2:e5:e0 type=0 tries=0 last_attempt=-1 sec ago blacklist=0
02-03 12:43:19.861 D/wpa_supplicant(14816): WPS: AP[4] cc:34:29:2c:fb:ec type=0 tries=0 last_attempt=-1 sec ago blacklist=0
02-03 12:43:19.861 D/wpa_supplicant(14816): WPS: AP[5] 98:fc:11:81:35:fb type=0 tries=0 last_attempt=-1 sec ago blacklist=0
02-03 12:43:19.861 D/wpa_supplicant(14816): WPS: AP[6] b0:48:7a:20:66:6a type=0 tries=0 last_attempt=-1 sec ago blacklist=0
02-03 12:43:19.861 D/wpa_supplicant(14816): WPS: AP[7] c0:c1:c0:76:81:3c type=0 tries=0 last_attempt=-1 sec ago blacklist=0
02-03 12:43:19.861 D/wpa_supplicant(14816): WPS: AP[8] 14:d6:4d:28:ef:c8 type=0 tries=0 last_attempt=-1 sec ago blacklist=0
02-03 12:43:19.861 D/wpa_supplicant(14816): WPS: AP[9] b0:48:7a:51:ff:cc type=0 tries=0 last_attempt=-1 sec ago blacklist=0
02-03 12:43:19.861 D/wpa_supplicant(14816): WPS: AP[10] bc:ee:7b:97:78:35 type=0 tries=0 last_attempt=-1 sec ago blacklist=0
02-03 12:43:19.861 D/wpa_supplicant(14816): WPS: AP[11] c0:a0:bb:20:3b:84 type=0 tries=0 last_attempt=-1 sec ago blacklist=0
02-03 12:43:19.861 D/wpa_supplicant(14816): WPS: AP[12] c8:d7:19:60:62:f2 type=0 tries=0 last_attempt=-1 sec ago blacklist=0
02-03 12:43:19.861 D/wpa_supplicant(14816): WPS: AP[13] 2c:b0:5d:7f:f4:24 type=0 tries=0 last_attempt=-1 sec ago blacklist=0
02-03 12:43:19.861 D/wpa_supplicant(14816): WPS: AP[14] e4:d3:32:36:2e:54 type=0 tries=0 last_attempt=-1 sec ago blacklist=0
02-03 12:43:19.861 D/wpa_supplicant(14816): WPS: AP[15] 4c:e6:76:a5:4d:e0 type=0 tries=0 last_attempt=-1 sec ago blacklist=0
02-03 12:43:19.861 D/wpa_supplicant(14816): WPS: AP[16] ac:f1:df:cf:85:c0 type=0 tries=0 last_attempt=-1 sec ago blacklist=0
02-03 12:43:19.861 D/wpa_supplicant(14816): wlan0: Selecting BSS from priority group 24
02-03 12:43:19.861 D/wpa_supplicant(14816): wlan0: 0: 6c:8b:2f:e9:d1:da ssid='ZTE_AP_1640' wpa_ie_len=0 rsn_ie_len=20 caps=0x511 level=-40
02-03 12:43:19.861 D/wpa_supplicant(14816): wlan0:    skip - disabled
02-03 12:43:19.861 D/wpa_supplicant(14816): wlan0: 1: f8:d1:11:e7:99:e8 ssid='videotest' wpa_ie_len=22 rsn_ie_len=20 caps=0x531 level=-48 wps
02-03 12:43:19.861 D/wpa_supplicant(14816): wlan0:    skip - disabled
02-03 12:43:19.861 D/wpa_supplicant(14816): wlan0: 2: 02:1a:11:f2:bf:af ssid='Android' wpa_ie_len=0 rsn_ie_len=20 caps=0x511 level=-51
02-03 12:43:19.861 D/wpa_supplicant(14816): wlan0:    skip - disabled
02-03 12:43:19.861 D/wpa_supplicant(14816): wlan0: 3: c8:d7:19:60:62:f2 ssid='E3000-2.4G' wpa_ie_len=0 rsn_ie_len=20 caps=0x411 level=-53 wps
02-03 12:43:19.861 D/wpa_supplicant(14816): wlan0:    skip - disabled
02-03 12:43:19.861 D/wpa_supplicant(14816): wlan0: 4: cc:34:29:2b:26:4c ssid='cws-test' wpa_ie_len=0 rsn_ie_len=20 caps=0x431 level=-56 wps
02-03 12:43:19.861 D/wpa_supplicant(14816): wlan0:    skip - disabled
02-03 12:43:19.861 D/wpa_supplicant(14816): wlan0: 5: cc:34:29:2c:fb:ec ssid='linksys' wpa_ie_len=22 rsn_ie_len=20 caps=0x431 level=-62 wps
02-03 12:43:19.861 D/wpa_supplicant(14816): wlan0:    skip - disabled
02-03 12:43:19.861 D/wpa_supplicant(14816): wlan0: 6: 10:c3:7b:d2:e5:e0 ssid='ASUS_RT-AC66U-2.4G' wpa_ie_len=0 rsn_ie_len=20 caps=0x411 level=-62 wps
02-03 12:43:19.861 D/wpa_supplicant(14816): wlan0:    skip - disabled
02-03 12:43:19.861 D/wpa_supplicant(14816): wlan0: 7: c0:c1:c0:76:81:3c ssid='E2000' wpa_ie_len=0 rsn_ie_len=20 caps=0x411 level=-63 wps
02-03 12:43:19.861 D/wpa_supplicant(14816): wlan0:    skip - disabled
02-03 12:43:19.861 D/wpa_supplicant(14816): wlan0: 8: 44:94:fc:3d:da:38 ssid='6300' wpa_ie_len=0 rsn_ie_len=20 caps=0x411 level=-64 wps
02-03 12:43:19.861 D/wpa_supplicant(14816): wlan0:    skip - disabled
02-03 12:43:19.861 D/wpa_supplicant(14816): wlan0: 9: 90:94:e4:03:45:f5 ssid='2553q' wpa_ie_len=0 rsn_ie_len=24 caps=0x431 level=-65
02-03 12:43:19.861 D/wpa_supplicant(14816): wlan0:    skip - disabled
02-03 12:43:19.861 D/wpa_supplicant(14816): wlan0: 10: b0:48:7a:20:66:6a ssid='TP-LINK_20666A' wpa_ie_len=22 rsn_ie_len=20 caps=0x431 level=-66 wps
02-03 12:43:19.861 D/wpa_supplicant(14816): wlan0:    skip - disabled
02-03 12:43:19.861 D/wpa_supplicant(14816): wlan0: 11: e4:d3:32:c0:cf:a4 ssid='fast' wpa_ie_len=0 rsn_ie_len=20 caps=0x411 level=-66
02-03 12:43:19.861 D/wpa_supplicant(14816): wlan0:    skip - disabled
02-03 12:43:19.861 D/wpa_supplicant(14816): wlan0: 12: bc:ee:7b:97:78:35 ssid='ASUS' wpa_ie_len=0 rsn_ie_len=20 caps=0x411 level=-68 wps
02-03 12:43:19.861 D/wpa_supplicant(14816): wlan0:    skip - disabled
02-03 12:43:19.861 D/wpa_supplicant(14816): wlan0: 13: 00:0f:e2:0f:9f:c1 ssid='321_WAN' wpa_ie_len=28 rsn_ie_len=24 caps=0x411 level=-68
02-03 12:43:19.861 D/wpa_supplicant(14816): wlan0:    skip - disabled
02-03 12:43:19.861 D/wpa_supplicant(14816): wlan0: 14: 00:1e:67:80:ac:37 ssid='AndroidAP aaa' wpa_ie_len=0 rsn_ie_len=20 caps=0x1511 level=-69
02-03 12:43:19.861 D/wpa_supplicant(14816): wlan0:    skip - disabled
02-03 12:43:19.861 D/wpa_supplicant(14816): wlan0: 15: 22:48:9a:ac:31:7f ssid='WiFi874' wpa_ie_len=0 rsn_ie_len=20 caps=0x431 level=-70
02-03 12:43:19.861 D/wpa_supplicant(14816): wlan0:    skip - disabled
02-03 12:43:19.861 D/wpa_supplicant(14816): wlan0: 16: c0:a0:bb:20:3b:84 ssid='dlink-3B84' wpa_ie_len=26 rsn_ie_len=24 caps=0x411 level=-70 wps
02-03 12:43:19.861 D/wpa_supplicant(14816): wlan0:    skip - disabled
02-03 12:43:19.861 D/wpa_supplicant(14816): wlan0: 17: 80:1f:02:43:fb:e8 ssid='Edimax AP' wpa_ie_len=0 rsn_ie_len=20 caps=0x411 level=-72
02-03 12:43:19.861 D/wpa_supplicant(14816): wlan0:    skip - disabled
02-03 12:43:19.861 D/wpa_supplicant(14816): wlan0: 18: 02:1a:11:f6:67:da ssid='love U forever' wpa_ie_len=0 rsn_ie_len=20 caps=0x431 level=-73
02-03 12:43:19.861 D/wpa_supplicant(14816): wlan0:    skip - disabled
02-03 12:43:19.861 D/wpa_supplicant(14816): wlan0: 19: 98:fc:11:81:35:fb ssid='E2000E' wpa_ie_len=0 rsn_ie_len=20 caps=0x411 level=-73 wps
02-03 12:43:19.861 D/wpa_supplicant(14816): wlan0:    skip - disabled
02-03 12:43:19.861 D/wpa_supplicant(14816): wlan0: 20: 74:e5:43:24:f4:5b ssid='Dttest' wpa_ie_len=0 rsn_ie_len=20 caps=0x31 level=-75
02-03 12:43:19.861 D/wpa_supplicant(14816): wlan0:    skip - disabled
02-03 12:43:19.861 D/wpa_supplicant(14816): wlan0: 21: b0:48:7a:51:ff:cc ssid='Neusoft TP' wpa_ie_len=22 rsn_ie_len=20 caps=0x431 level=-76 wps
02-03 12:43:19.861 D/wpa_supplicant(14816): wlan0:    skip - disabled
02-03 12:43:19.861 D/wpa_supplicant(14816): wlan0: 22: f4:b7:e2:2b:41:b7 ssid='cmscc' wpa_ie_len=0 rsn_ie_len=20 caps=0x31 level=-80
02-03 12:43:19.861 D/wpa_supplicant(14816): wlan0:    skip - disabled
02-03 12:43:19.861 D/wpa_supplicant(14816): wlan0: 23: e4:d3:32:36:2e:54 ssid='MERCURY_362E54' wpa_ie_len=0 rsn_ie_len=0 caps=0x401 level=-65 wps
02-03 12:43:19.861 D/wpa_supplicant(14816): wlan0:    skip - disabled
02-03 12:43:19.861 D/wpa_supplicant(14816): wlan0: 24: 50:bd:5f:4b:29:92 ssid='Internet-2' wpa_ie_len=0 rsn_ie_len=0 caps=0x421 level=-70
02-03 12:43:19.861 D/wpa_supplicant(14816): wlan0:    skip - disabled
02-03 12:43:19.861 D/wpa_supplicant(14816): wlan0: 25: 4c:e6:76:a5:4d:e0 ssid='BUFFALO-A54DE0-1' wpa_ie_len=0 rsn_ie_len=0 caps=0x401 level=-75 wps
02-03 12:43:19.861 D/wpa_supplicant(14816): wlan0:    skip - disabled
02-03 12:43:19.861 D/wpa_supplicant(14816): wlan0: 26: e4:d3:32:dd:18:62 ssid='Internet' wpa_ie_len=0 rsn_ie_len=0 caps=0x421 level=-75
02-03 12:43:19.861 D/wpa_supplicant(14816): wlan0:    skip - disabled
02-03 12:43:19.861 D/wpa_supplicant(14816): wlan0: 27: 4c:e6:76:a5:4d:e2 ssid='BUFFALO-A54DE0' wpa_ie_len=0 rsn_ie_len=0 caps=0x401 level=-75
02-03 12:43:19.861 D/wpa_supplicant(14816): wlan0:    skip - disabled
02-03 12:43:19.861 D/wpa_supplicant(14816): wlan0: Selecting BSS from priority group 15
02-03 12:43:19.861 D/wpa_supplicant(14816): wlan0: 0: 6c:8b:2f:e9:d1:da ssid='ZTE_AP_1640' wpa_ie_len=0 rsn_ie_len=20 caps=0x511 level=-40
02-03 12:43:19.861 D/wpa_supplicant(14816): wlan0:    skip - SSID mismatch
02-03 12:43:19.861 D/wpa_supplicant(14816): wlan0: 1: f8:d1:11:e7:99:e8 ssid='videotest' wpa_ie_len=22 rsn_ie_len=20 caps=0x531 level=-48 wps
02-03 12:43:19.861 D/wpa_supplicant(14816): wlan0:    skip - SSID mismatch
02-03 12:43:19.861 D/wpa_supplicant(14816): wlan0: 2: 02:1a:11:f2:bf:af ssid='Android' wpa_ie_len=0 rsn_ie_len=20 caps=0x511 level=-51
02-03 12:43:19.861 D/wpa_supplicant(14816): wlan0:    skip - SSID mismatch
02-03 12:43:19.861 D/wpa_supplicant(14816): wlan0: 3: c8:d7:19:60:62:f2 ssid='E3000-2.4G' wpa_ie_len=0 rsn_ie_len=20 caps=0x411 level=-53 wps
02-03 12:43:19.861 D/wpa_supplicant(14816): wlan0:    skip - SSID mismatch
02-03 12:43:19.861 D/wpa_supplicant(14816): wlan0: 4: cc:34:29:2b:26:4c ssid='cws-test' wpa_ie_len=0 rsn_ie_len=20 caps=0x431 level=-56 wps
02-03 12:43:19.861 D/wpa_supplicant(14816): wlan0:    skip - SSID mismatch
02-03 12:43:19.861 D/wpa_supplicant(14816): wlan0: 5: cc:34:29:2c:fb:ec ssid='linksys' wpa_ie_len=22 rsn_ie_len=20 caps=0x431 level=-62 wps
02-03 12:43:19.861 D/wpa_supplicant(14816): wlan0:    skip - SSID mismatch
02-03 12:43:19.861 D/wpa_supplicant(14816): wlan0: 6: 10:c3:7b:d2:e5:e0 ssid='ASUS_RT-AC66U-2.4G' wpa_ie_len=0 rsn_ie_len=20 caps=0x411 level=-62 wps
02-03 12:43:19.861 D/wpa_supplicant(14816): wlan0:    skip - SSID mismatch
02-03 12:43:19.861 D/wpa_supplicant(14816): wlan0: 7: c0:c1:c0:76:81:3c ssid='E2000' wpa_ie_len=0 rsn_ie_len=20 caps=0x411 level=-63 wps
02-03 12:43:19.861 D/wpa_supplicant(14816): wlan0:    skip - SSID mismatch
02-03 12:43:19.861 D/wpa_supplicant(14816): wlan0: 8: 44:94:fc:3d:da:38 ssid='6300' wpa_ie_len=0 rsn_ie_len=20 caps=0x411 level=-64 wps
02-03 12:43:19.861 D/wpa_supplicant(14816): wlan0:    skip - SSID mismatch
02-03 12:43:19.861 D/wpa_supplicant(14816): wlan0: 9: 90:94:e4:03:45:f5 ssid='2553q' wpa_ie_len=0 rsn_ie_len=24 caps=0x431 level=-65
02-03 12:43:19.861 D/wpa_supplicant(14816): wlan0:    skip - SSID mismatch
02-03 12:43:19.861 D/wpa_supplicant(14816): wlan0: 10: b0:48:7a:20:66:6a ssid='TP-LINK_20666A' wpa_ie_len=22 rsn_ie_len=20 caps=0x431 level=-66 wps
02-03 12:43:19.861 D/wpa_supplicant(14816): wlan0:    skip - SSID mismatch
02-03 12:43:19.861 D/wpa_supplicant(14816): wlan0: 11: e4:d3:32:c0:cf:a4 ssid='fast' wpa_ie_len=0 rsn_ie_len=20 caps=0x411 level=-66
02-03 12:43:19.861 D/wpa_supplicant(14816): wlan0:    skip - SSID mismatch
02-03 12:43:19.861 D/wpa_supplicant(14816): wlan0: 12: bc:ee:7b:97:78:35 ssid='ASUS' wpa_ie_len=0 rsn_ie_len=20 caps=0x411 level=-68 wps
02-03 12:43:19.861 D/wpa_supplicant(14816): wlan0:    skip - SSID mismatch
02-03 12:43:19.861 D/wpa_supplicant(14816): wlan0: 13: 00:0f:e2:0f:9f:c1 ssid='321_WAN' wpa_ie_len=28 rsn_ie_len=24 caps=0x411 level=-68
02-03 12:43:19.861 D/wpa_supplicant(14816): wlan0:    skip - SSID mismatch
02-03 12:43:19.861 D/wpa_supplicant(14816): wlan0: 14: 00:1e:67:80:ac:37 ssid='AndroidAP aaa' wpa_ie_len=0 rsn_ie_len=20 caps=0x1511 level=-69
02-03 12:43:19.861 D/wpa_supplicant(14816): wlan0:    skip - SSID mismatch
02-03 12:43:19.861 D/wpa_supplicant(14816): wlan0: 15: 22:48:9a:ac:31:7f ssid='WiFi874' wpa_ie_len=0 rsn_ie_len=20 caps=0x431 level=-70
02-03 12:43:19.861 D/wpa_supplicant(14816): wlan0:    skip - SSID mismatch
02-03 12:43:19.861 D/wpa_supplicant(14816): wlan0: 16: c0:a0:bb:20:3b:84 ssid='dlink-3B84' wpa_ie_len=26 rsn_ie_len=24 caps=0x411 level=-70 wps
02-03 12:43:19.861 D/wpa_supplicant(14816): wlan0:    skip - SSID mismatch
02-03 12:43:19.861 D/wpa_supplicant(14816): wlan0: 17: 80:1f:02:43:fb:e8 ssid='Edimax AP' wpa_ie_len=0 rsn_ie_len=20 caps=0x411 level=-72
02-03 12:43:19.861 D/wpa_supplicant(14816): wlan0:    skip - SSID mismatch
02-03 12:43:19.861 D/wpa_supplicant(14816): wlan0: 18: 02:1a:11:f6:67:da ssid='love U forever' wpa_ie_len=0 rsn_ie_len=20 caps=0x431 level=-73
02-03 12:43:19.861 D/wpa_supplicant(14816): wlan0:    skip - SSID mismatch
02-03 12:43:19.861 D/wpa_supplicant(14816): wlan0: 19: 98:fc:11:81:35:fb ssid='E2000E' wpa_ie_len=0 rsn_ie_len=20 caps=0x411 level=-73 wps
02-03 12:43:19.861 D/wpa_supplicant(14816): wlan0:    skip - SSID mismatch
02-03 12:43:19.861 D/wpa_supplicant(14816): wlan0: 20: 74:e5:43:24:f4:5b ssid='Dttest' wpa_ie_len=0 rsn_ie_len=20 caps=0x31 level=-75
02-03 12:43:19.861 D/wpa_supplicant(14816): wlan0:    skip - SSID mismatch
02-03 12:43:19.861 D/wpa_supplicant(14816): wlan0: 21: b0:48:7a:51:ff:cc ssid='Neusoft TP' wpa_ie_len=22 rsn_ie_len=20 caps=0x431 level=-76 wps
02-03 12:43:19.861 D/wpa_supplicant(14816): wlan0:    skip - SSID mismatch
02-03 12:43:19.861 D/wpa_supplicant(14816): wlan0: 22: f4:b7:e2:2b:41:b7 ssid='cmscc' wpa_ie_len=0 rsn_ie_len=20 caps=0x31 level=-80
02-03 12:43:19.861 D/wpa_supplicant(14816): wlan0:    skip - SSID mismatch
02-03 12:43:19.861 D/wpa_supplicant(14816): wlan0: 23: e4:d3:32:36:2e:54 ssid='MERCURY_362E54' wpa_ie_len=0 rsn_ie_len=0 caps=0x401 level=-65 wps
02-03 12:43:19.861 D/wpa_supplicant(14816): wlan0:    skip - SSID mismatch
02-03 12:43:19.861 D/wpa_supplicant(14816): wlan0: 24: 50:bd:5f:4b:29:92 ssid='Internet-2' wpa_ie_len=0 rsn_ie_len=0 caps=0x421 level=-70
02-03 12:43:19.871 D/wpa_supplicant(14816): wlan0:    skip - SSID mismatch
02-03 12:43:19.871 D/wpa_supplicant(14816): wlan0: 25: 4c:e6:76:a5:4d:e0 ssid='BUFFALO-A54DE0-1' wpa_ie_len=0 rsn_ie_len=0 caps=0x401 level=-75 wps
02-03 12:43:19.871 D/wpa_supplicant(14816): wlan0:    skip - SSID mismatch
02-03 12:43:19.871 D/wpa_supplicant(14816): wlan0: 26: e4:d3:32:dd:18:62 ssid='Internet' wpa_ie_len=0 rsn_ie_len=0 caps=0x421 level=-75
02-03 12:43:19.871 D/wpa_supplicant(14816): wlan0:    skip - SSID mismatch
02-03 12:43:19.871 D/wpa_supplicant(14816): wlan0: 27: 4c:e6:76:a5:4d:e2 ssid='BUFFALO-A54DE0' wpa_ie_len=0 rsn_ie_len=0 caps=0x401 level=-75
02-03 12:43:19.871 D/wpa_supplicant(14816): wlan0:    skip - SSID mismatch
02-03 12:43:19.871 D/wpa_supplicant(14816): wlan0: Selecting BSS from priority group 14
02-03 12:43:19.871 D/wpa_supplicant(14816): wlan0: 0: 6c:8b:2f:e9:d1:da ssid='ZTE_AP_1640' wpa_ie_len=0 rsn_ie_len=20 caps=0x511 level=-40
02-03 12:43:19.871 D/wpa_supplicant(14816): wlan0:    skip - SSID mismatch
02-03 12:43:19.871 D/wpa_supplicant(14816): wlan0: 1: f8:d1:11:e7:99:e8 ssid='videotest' wpa_ie_len=22 rsn_ie_len=20 caps=0x531 level=-48 wps
02-03 12:43:19.871 D/wpa_supplicant(14816): wlan0:    skip - SSID mismatch
02-03 12:43:19.871 D/wpa_supplicant(14816): wlan0: 2: 02:1a:11:f2:bf:af ssid='Android' wpa_ie_len=0 rsn_ie_len=20 caps=0x511 level=-51
02-03 12:43:19.871 D/wpa_supplicant(14816): wlan0:    skip - SSID mismatch
02-03 12:43:19.871 D/wpa_supplicant(14816): wlan0: 3: c8:d7:19:60:62:f2 ssid='E3000-2.4G' wpa_ie_len=0 rsn_ie_len=20 caps=0x411 level=-53 wps
02-03 12:43:19.871 D/wpa_supplicant(14816): wlan0:    skip - SSID mismatch
02-03 12:43:19.871 D/wpa_supplicant(14816): wlan0: 4: cc:34:29:2b:26:4c ssid='cws-test' wpa_ie_len=0 rsn_ie_len=20 caps=0x431 level=-56 wps
02-03 12:43:19.871 D/wpa_supplicant(14816): wlan0:    skip - SSID mismatch
02-03 12:43:19.871 D/wpa_supplicant(14816): wlan0: 5: cc:34:29:2c:fb:ec ssid='linksys' wpa_ie_len=22 rsn_ie_len=20 caps=0x431 level=-62 wps
02-03 12:43:19.871 D/wpa_supplicant(14816): wlan0:    skip - SSID mismatch
02-03 12:43:19.871 D/wpa_supplicant(14816): wlan0: 6: 10:c3:7b:d2:e5:e0 ssid='ASUS_RT-AC66U-2.4G' wpa_ie_len=0 rsn_ie_len=20 caps=0x411 level=-62 wps
02-03 12:43:19.871 D/wpa_supplicant(14816): wlan0:    skip - SSID mismatch
02-03 12:43:19.871 D/wpa_supplicant(14816): wlan0: 7: c0:c1:c0:76:81:3c ssid='E2000' wpa_ie_len=0 rsn_ie_len=20 caps=0x411 level=-63 wps
02-03 12:43:19.871 D/wpa_supplicant(14816): wlan0:    skip - SSID mismatch
02-03 12:43:19.871 D/wpa_supplicant(14816): wlan0: 8: 44:94:fc:3d:da:38 ssid='6300' wpa_ie_len=0 rsn_ie_len=20 caps=0x411 level=-64 wps
02-03 12:43:19.871 D/wpa_supplicant(14816): wlan0:    skip - SSID mismatch
02-03 12:43:19.871 D/wpa_supplicant(14816): wlan0: 9: 90:94:e4:03:45:f5 ssid='2553q' wpa_ie_len=0 rsn_ie_len=24 caps=0x431 level=-65
02-03 12:43:19.871 D/wpa_supplicant(14816): wlan0:    skip - SSID mismatch
02-03 12:43:19.871 D/wpa_supplicant(14816): wlan0: 10: b0:48:7a:20:66:6a ssid='TP-LINK_20666A' wpa_ie_len=22 rsn_ie_len=20 caps=0x431 level=-66 wps
02-03 12:43:19.871 D/wpa_supplicant(14816): wlan0:    skip - SSID mismatch
02-03 12:43:19.871 D/wpa_supplicant(14816): wlan0: 11: e4:d3:32:c0:cf:a4 ssid='fast' wpa_ie_len=0 rsn_ie_len=20 caps=0x411 level=-66
02-03 12:43:19.871 D/wpa_supplicant(14816): wlan0:    skip - SSID mismatch
02-03 12:43:19.871 D/wpa_supplicant(14816): wlan0: 12: bc:ee:7b:97:78:35 ssid='ASUS' wpa_ie_len=0 rsn_ie_len=20 caps=0x411 level=-68 wps
02-03 12:43:19.871 D/wpa_supplicant(14816): wlan0:    skip - SSID mismatch
02-03 12:43:19.871 D/wpa_supplicant(14816): wlan0: 13: 00:0f:e2:0f:9f:c1 ssid='321_WAN' wpa_ie_len=28 rsn_ie_len=24 caps=0x411 level=-68
02-03 12:43:19.871 D/wpa_supplicant(14816): wlan0:    skip - SSID mismatch
02-03 12:43:19.871 D/wpa_supplicant(14816): wlan0: 14: 00:1e:67:80:ac:37 ssid='AndroidAP aaa' wpa_ie_len=0 rsn_ie_len=20 caps=0x1511 level=-69
02-03 12:43:19.871 D/wpa_supplicant(14816): wlan0:    skip - SSID mismatch
02-03 12:43:19.871 D/wpa_supplicant(14816): wlan0: 15: 22:48:9a:ac:31:7f ssid='WiFi874' wpa_ie_len=0 rsn_ie_len=20 caps=0x431 level=-70
02-03 12:43:19.871 D/wpa_supplicant(14816): wlan0:    skip - SSID mismatch
02-03 12:43:19.871 D/wpa_supplicant(14816): wlan0: 16: c0:a0:bb:20:3b:84 ssid='dlink-3B84' wpa_ie_len=26 rsn_ie_len=24 caps=0x411 level=-70 wps
02-03 12:43:19.871 D/wpa_supplicant(14816): wlan0:    skip - SSID mismatch
02-03 12:43:19.871 D/wpa_supplicant(14816): wlan0: 17: 80:1f:02:43:fb:e8 ssid='Edimax AP' wpa_ie_len=0 rsn_ie_len=20 caps=0x411 level=-72
02-03 12:43:19.871 D/wpa_supplicant(14816): wlan0:    skip - SSID mismatch
02-03 12:43:19.871 D/wpa_supplicant(14816): wlan0: 18: 02:1a:11:f6:67:da ssid='love U forever' wpa_ie_len=0 rsn_ie_len=20 caps=0x431 level=-73
02-03 12:43:19.871 D/wpa_supplicant(14816): wlan0:    skip - SSID mismatch
02-03 12:43:19.871 D/wpa_supplicant(14816): wlan0: 19: 98:fc:11:81:35:fb ssid='E2000E' wpa_ie_len=0 rsn_ie_len=20 caps=0x411 level=-73 wps
02-03 12:43:19.871 D/wpa_supplicant(14816): wlan0:    skip - SSID mismatch
02-03 12:43:19.871 D/wpa_supplicant(14816): wlan0: 20: 74:e5:43:24:f4:5b ssid='Dttest' wpa_ie_len=0 rsn_ie_len=20 caps=0x31 level=-75
02-03 12:43:19.871 D/wpa_supplicant(14816): wlan0:    skip - SSID mismatch
02-03 12:43:19.871 D/wpa_supplicant(14816): wlan0: 21: b0:48:7a:51:ff:cc ssid='Neusoft TP' wpa_ie_len=22 rsn_ie_len=20 caps=0x431 level=-76 wps
02-03 12:43:19.871 D/wpa_supplicant(14816): wlan0:    skip - SSID mismatch
02-03 12:43:19.871 D/wpa_supplicant(14816): wlan0: 22: f4:b7:e2:2b:41:b7 ssid='cmscc' wpa_ie_len=0 rsn_ie_len=20 caps=0x31 level=-80
02-03 12:43:19.871 D/wpa_supplicant(14816): wlan0:    skip - SSID mismatch
02-03 12:43:19.871 D/wpa_supplicant(14816): wlan0: 23: e4:d3:32:36:2e:54 ssid='MERCURY_362E54' wpa_ie_len=0 rsn_ie_len=0 caps=0x401 level=-65 wps
02-03 12:43:19.871 D/wpa_supplicant(14816): wlan0:    skip - no WPA/RSN proto match
02-03 12:43:19.871 D/wpa_supplicant(14816): wlan0: 24: 50:bd:5f:4b:29:92 ssid='Internet-2' wpa_ie_len=0 rsn_ie_len=0 caps=0x421 level=-70
02-03 12:43:19.871 D/wpa_supplicant(14816): wlan0:    skip - SSID mismatch
02-03 12:43:19.871 D/wpa_supplicant(14816): wlan0: 25: 4c:e6:76:a5:4d:e0 ssid='BUFFALO-A54DE0-1' wpa_ie_len=0 rsn_ie_len=0 caps=0x401 level=-75 wps
02-03 12:43:19.871 D/wpa_supplicant(14816): wlan0:    skip - SSID mismatch
02-03 12:43:19.871 D/wpa_supplicant(14816): wlan0: 26: e4:d3:32:dd:18:62 ssid='Internet' wpa_ie_len=0 rsn_ie_len=0 caps=0x421 level=-75
02-03 12:43:19.871 D/wpa_supplicant(14816): wlan0:    skip - SSID mismatch
02-03 12:43:19.871 D/wpa_supplicant(14816): wlan0: 27: 4c:e6:76:a5:4d:e2 ssid='BUFFALO-A54DE0' wpa_ie_len=0 rsn_ie_len=0 caps=0x401 level=-75
02-03 12:43:19.871 D/wpa_supplicant(14816): wlan0:    skip - SSID mismatch
02-03 12:43:19.871 D/wpa_supplicant(14816): wlan0: Selecting BSS from priority group 13
02-03 12:43:19.871 D/wpa_supplicant(14816): wlan0: 0: 6c:8b:2f:e9:d1:da ssid='ZTE_AP_1640' wpa_ie_len=0 rsn_ie_len=20 caps=0x511 level=-40
02-03 12:43:19.871 D/wpa_supplicant(14816): wlan0:    skip - disabled
02-03 12:43:19.871 D/wpa_supplicant(14816): wlan0: 1: f8:d1:11:e7:99:e8 ssid='videotest' wpa_ie_len=22 rsn_ie_len=20 caps=0x531 level=-48 wps
02-03 12:43:19.871 D/wpa_supplicant(14816): wlan0:    skip - disabled
02-03 12:43:19.871 D/wpa_supplicant(14816): wlan0: 2: 02:1a:11:f2:bf:af ssid='Android' wpa_ie_len=0 rsn_ie_len=20 caps=0x511 level=-51
02-03 12:43:19.871 D/wpa_supplicant(14816): wlan0:    skip - disabled
02-03 12:43:19.871 D/wpa_supplicant(14816): wlan0: 3: c8:d7:19:60:62:f2 ssid='E3000-2.4G' wpa_ie_len=0 rsn_ie_len=20 caps=0x411 level=-53 wps
02-03 12:43:19.871 D/wpa_supplicant(14816): wlan0:    skip - disabled
02-03 12:43:19.871 D/wpa_supplicant(14816): wlan0: 4: cc:34:29:2b:26:4c ssid='cws-test' wpa_ie_len=0 rsn_ie_len=20 caps=0x431 level=-56 wps
02-03 12:43:19.871 D/wpa_supplicant(14816): wlan0:    skip - disabled
02-03 12:43:19.871 D/wpa_supplicant(14816): wlan0: 5: cc:34:29:2c:fb:ec ssid='linksys' wpa_ie_len=22 rsn_ie_len=20 caps=0x431 level=-62 wps
02-03 12:43:19.871 D/wpa_supplicant(14816): wlan0:    skip - disabled
02-03 12:43:19.871 D/wpa_supplicant(14816): wlan0: 6: 10:c3:7b:d2:e5:e0 ssid='ASUS_RT-AC66U-2.4G' wpa_ie_len=0 rsn_ie_len=20 caps=0x411 level=-62 wps
02-03 12:43:19.871 D/wpa_supplicant(14816): wlan0:    skip - disabled
02-03 12:43:19.871 D/wpa_supplicant(14816): wlan0: 7: c0:c1:c0:76:81:3c ssid='E2000' wpa_ie_len=0 rsn_ie_len=20 caps=0x411 level=-63 wps
02-03 12:43:19.871 D/wpa_supplicant(14816): wlan0:    skip - disabled
02-03 12:43:19.871 D/wpa_supplicant(14816): wlan0: 8: 44:94:fc:3d:da:38 ssid='6300' wpa_ie_len=0 rsn_ie_len=20 caps=0x411 level=-64 wps
02-03 12:43:19.871 D/wpa_supplicant(14816): wlan0:    skip - disabled
02-03 12:43:19.871 D/wpa_supplicant(14816): wlan0: 9: 90:94:e4:03:45:f5 ssid='2553q' wpa_ie_len=0 rsn_ie_len=24 caps=0x431 level=-65
02-03 12:43:19.871 D/wpa_supplicant(14816): wlan0:    skip - disabled
02-03 12:43:19.871 D/wpa_supplicant(14816): wlan0: 10: b0:48:7a:20:66:6a ssid='TP-LINK_20666A' wpa_ie_len=22 rsn_ie_len=20 caps=0x431 level=-66 wps
02-03 12:43:19.871 D/wpa_supplicant(14816): wlan0:    skip - disabled
02-03 12:43:19.871 D/wpa_supplicant(14816): wlan0: 11: e4:d3:32:c0:cf:a4 ssid='fast' wpa_ie_len=0 rsn_ie_len=20 caps=0x411 level=-66
02-03 12:43:19.871 D/wpa_supplicant(14816): wlan0:    skip - disabled
02-03 12:43:19.871 D/wpa_supplicant(14816): wlan0: 12: bc:ee:7b:97:78:35 ssid='ASUS' wpa_ie_len=0 rsn_ie_len=20 caps=0x411 level=-68 wps
02-03 12:43:19.871 D/wpa_supplicant(14816): wlan0:    skip - disabled
02-03 12:43:19.871 D/wpa_supplicant(14816): wlan0: 13: 00:0f:e2:0f:9f:c1 ssid='321_WAN' wpa_ie_len=28 rsn_ie_len=24 caps=0x411 level=-68
02-03 12:43:19.871 D/wpa_supplicant(14816): wlan0:    skip - disabled
02-03 12:43:19.871 D/wpa_supplicant(14816): wlan0: 14: 00:1e:67:80:ac:37 ssid='AndroidAP aaa' wpa_ie_len=0 rsn_ie_len=20 caps=0x1511 level=-69
02-03 12:43:19.871 D/wpa_supplicant(14816): wlan0:    skip - disabled
02-03 12:43:19.871 D/wpa_supplicant(14816): wlan0: 15: 22:48:9a:ac:31:7f ssid='WiFi874' wpa_ie_len=0 rsn_ie_len=20 caps=0x431 level=-70
02-03 12:43:19.871 D/wpa_supplicant(14816): wlan0:    skip - disabled
02-03 12:43:19.871 D/wpa_supplicant(14816): wlan0: 16: c0:a0:bb:20:3b:84 ssid='dlink-3B84' wpa_ie_len=26 rsn_ie_len=24 caps=0x411 level=-70 wps
02-03 12:43:19.871 D/wpa_supplicant(14816): wlan0:    skip - disabled
02-03 12:43:19.871 D/wpa_supplicant(14816): wlan0: 17: 80:1f:02:43:fb:e8 ssid='Edimax AP' wpa_ie_len=0 rsn_ie_len=20 caps=0x411 level=-72
02-03 12:43:19.871 D/wpa_supplicant(14816): wlan0:    skip - disabled
02-03 12:43:19.871 D/wpa_supplicant(14816): wlan0: 18: 02:1a:11:f6:67:da ssid='love U forever' wpa_ie_len=0 rsn_ie_len=20 caps=0x431 level=-73
02-03 12:43:19.871 D/wpa_supplicant(14816): wlan0:    skip - disabled
02-03 12:43:19.871 D/wpa_supplicant(14816): wlan0: 19: 98:fc:11:81:35:fb ssid='E2000E' wpa_ie_len=0 rsn_ie_len=20 caps=0x411 level=-73 wps
02-03 12:43:19.871 D/wpa_supplicant(14816): wlan0:    skip - disabled
02-03 12:43:19.871 D/wpa_supplicant(14816): wlan0: 20: 74:e5:43:24:f4:5b ssid='Dttest' wpa_ie_len=0 rsn_ie_len=20 caps=0x31 level=-75
02-03 12:43:19.871 D/wpa_supplicant(14816): wlan0:    skip - disabled
02-03 12:43:19.871 D/wpa_supplicant(14816): wlan0: 21: b0:48:7a:51:ff:cc ssid='Neusoft TP' wpa_ie_len=22 rsn_ie_len=20 caps=0x431 level=-76 wps
02-03 12:43:19.871 D/wpa_supplicant(14816): wlan0:    skip - disabled
02-03 12:43:19.871 D/wpa_supplicant(14816): wlan0: 22: f4:b7:e2:2b:41:b7 ssid='cmscc' wpa_ie_len=0 rsn_ie_len=20 caps=0x31 level=-80
02-03 12:43:19.871 D/wpa_supplicant(14816): wlan0:    skip - disabled
02-03 12:43:19.871 D/wpa_supplicant(14816): wlan0: 23: e4:d3:32:36:2e:54 ssid='MERCURY_362E54' wpa_ie_len=0 rsn_ie_len=0 caps=0x401 level=-65 wps
02-03 12:43:19.871 D/wpa_supplicant(14816): wlan0:    skip - disabled
02-03 12:43:19.871 D/wpa_supplicant(14816): wlan0: 24: 50:bd:5f:4b:29:92 ssid='Internet-2' wpa_ie_len=0 rsn_ie_len=0 caps=0x421 level=-70
02-03 12:43:19.871 D/wpa_supplicant(14816): wlan0:    skip - disabled
02-03 12:43:19.871 D/wpa_supplicant(14816): wlan0: 25: 4c:e6:76:a5:4d:e0 ssid='BUFFALO-A54DE0-1' wpa_ie_len=0 rsn_ie_len=0 caps=0x401 level=-75 wps
02-03 12:43:19.871 D/wpa_supplicant(14816): wlan0:    skip - disabled
02-03 12:43:19.871 D/wpa_supplicant(14816): wlan0: 26: e4:d3:32:dd:18:62 ssid='Internet' wpa_ie_len=0 rsn_ie_len=0 caps=0x421 level=-75
02-03 12:43:19.871 D/wpa_supplicant(14816): wlan0:    skip - disabled
02-03 12:43:19.871 D/wpa_supplicant(14816): wlan0: 27: 4c:e6:76:a5:4d:e2 ssid='BUFFALO-A54DE0' wpa_ie_len=0 rsn_ie_len=0 caps=0x401 level=-75
02-03 12:43:19.871 D/wpa_supplicant(14816): wlan0:    skip - disabled
02-03 12:43:19.871 D/wpa_supplicant(14816): wlan0: Selecting BSS from priority group 12
02-03 12:43:19.871 D/wpa_supplicant(14816): wlan0: 0: 6c:8b:2f:e9:d1:da ssid='ZTE_AP_1640' wpa_ie_len=0 rsn_ie_len=20 caps=0x511 level=-40
02-03 12:43:19.871 D/wpa_supplicant(14816): wlan0:    skip - SSID mismatch
02-03 12:43:19.871 D/wpa_supplicant(14816): wlan0: 1: f8:d1:11:e7:99:e8 ssid='videotest' wpa_ie_len=22 rsn_ie_len=20 caps=0x531 level=-48 wps
02-03 12:43:19.871 D/wpa_supplicant(14816): wlan0:    skip - SSID mismatch
02-03 12:43:19.871 D/wpa_supplicant(14816): wlan0: 2: 02:1a:11:f2:bf:af ssid='Android' wpa_ie_len=0 rsn_ie_len=20 caps=0x511 level=-51
02-03 12:43:19.871 D/wpa_supplicant(14816): wlan0:    skip - SSID mismatch
02-03 12:43:19.871 D/wpa_supplicant(14816): wlan0: 3: c8:d7:19:60:62:f2 ssid='E3000-2.4G' wpa_ie_len=0 rsn_ie_len=20 caps=0x411 level=-53 wps
02-03 12:43:19.871 D/wpa_supplicant(14816): wlan0:    skip - SSID mismatch
02-03 12:43:19.871 D/wpa_supplicant(14816): wlan0: 4: cc:34:29:2b:26:4c ssid='cws-test' wpa_ie_len=0 rsn_ie_len=20 caps=0x431 level=-56 wps
02-03 12:43:19.871 D/wpa_supplicant(14816): wlan0:    skip - SSID mismatch
02-03 12:43:19.871 D/wpa_supplicant(14816): wlan0: 5: cc:34:29:2c:fb:ec ssid='linksys' wpa_ie_len=22 rsn_ie_len=20 caps=0x431 level=-62 wps
02-03 12:43:19.871 I/WifiHW  (14542): EVENT: IFNAME=wlan0 WPS-AP-AVAILABLE 
02-03 12:43:19.871 D/wpa_supplicant(14816): wlan0:    skip - SSID mismatch
02-03 12:43:19.871 D/wpa_supplicant(14816): wlan0: 6: 10:c3:7b:d2:e5:e0 ssid='ASUS_RT-AC66U-2.4G' wpa_ie_len=0 rsn_ie_len=20 caps=0x411 level=-62 wps
02-03 12:43:19.871 D/wpa_supplicant(14816): wlan0:    skip - SSID mismatch
02-03 12:43:19.871 D/wpa_supplicant(14816): wlan0: 7: c0:c1:c0:76:81:3c ssid='E2000' wpa_ie_len=0 rsn_ie_len=20 caps=0x411 level=-63 wps
02-03 12:43:19.871 D/wpa_supplicant(14816): wlan0:    skip - SSID mismatch
02-03 12:43:19.871 D/wpa_supplicant(14816): wlan0: 8: 44:94:fc:3d:da:38 ssid='6300' wpa_ie_len=0 rsn_ie_len=20 caps=0x411 level=-64 wps
02-03 12:43:19.871 D/wpa_supplicant(14816): wlan0:    skip - SSID mismatch
02-03 12:43:19.871 D/wpa_supplicant(14816): wlan0: 9: 90:94:e4:03:45:f5 ssid='2553q' wpa_ie_len=0 rsn_ie_len=24 caps=0x431 level=-65
02-03 12:43:19.871 D/wpa_supplicant(14816): wlan0:    skip - SSID mismatch
02-03 12:43:19.871 D/wpa_supplicant(14816): wlan0: 10: b0:48:7a:20:66:6a ssid='TP-LINK_20666A' wpa_ie_len=22 rsn_ie_len=20 caps=0x431 level=-66 wps
02-03 12:43:19.871 D/wpa_supplicant(14816): wlan0:    skip - SSID mismatch
02-03 12:43:19.871 D/wpa_supplicant(14816): wlan0: 11: e4:d3:32:c0:cf:a4 ssid='fast' wpa_ie_len=0 rsn_ie_len=20 caps=0x411 level=-66
02-03 12:43:19.871 D/wpa_supplicant(14816): wlan0:    skip - SSID mismatch
02-03 12:43:19.871 D/wpa_supplicant(14816): wlan0: 12: bc:ee:7b:97:78:35 ssid='ASUS' wpa_ie_len=0 rsn_ie_len=20 caps=0x411 level=-68 wps
02-03 12:43:19.871 D/wpa_supplicant(14816): wlan0:    skip - SSID mismatch
02-03 12:43:19.871 D/wpa_supplicant(14816): wlan0: 13: 00:0f:e2:0f:9f:c1 ssid='321_WAN' wpa_ie_len=28 rsn_ie_len=24 caps=0x411 level=-68
02-03 12:43:19.871 D/wpa_supplicant(14816): wlan0:    skip - SSID mismatch
02-03 12:43:19.871 D/wpa_supplicant(14816): wlan0: 14: 00:1e:67:80:ac:37 ssid='AndroidAP aaa' wpa_ie_len=0 rsn_ie_len=20 caps=0x1511 level=-69
02-03 12:43:19.871 D/wpa_supplicant(14816): wlan0:    skip - SSID mismatch
02-03 12:43:19.871 D/wpa_supplicant(14816): wlan0: 15: 22:48:9a:ac:31:7f ssid='WiFi874' wpa_ie_len=0 rsn_ie_len=20 caps=0x431 level=-70
02-03 12:43:19.871 D/wpa_supplicant(14816): wlan0:    skip - SSID mismatch
02-03 12:43:19.871 D/wpa_supplicant(14816): wlan0: 16: c0:a0:bb:20:3b:84 ssid='dlink-3B84' wpa_ie_len=26 rsn_ie_len=24 caps=0x411 level=-70 wps
02-03 12:43:19.871 D/wpa_supplicant(14816): wlan0:    skip - SSID mismatch
02-03 12:43:19.871 D/wpa_supplicant(14816): wlan0: 17: 80:1f:02:43:fb:e8 ssid='Edimax AP' wpa_ie_len=0 rsn_ie_len=20 caps=0x411 level=-72
02-03 12:43:19.871 D/wpa_supplicant(14816): wlan0:    skip - SSID mismatch
02-03 12:43:19.871 D/wpa_supplicant(14816): wlan0: 18: 02:1a:11:f6:67:da ssid='love U forever' wpa_ie_len=0 rsn_ie_len=20 caps=0x431 level=-73
02-03 12:43:19.871 D/wpa_supplicant(14816): wlan0:    skip - SSID mismatch
02-03 12:43:19.871 D/wpa_supplicant(14816): wlan0: 19: 98:fc:11:81:35:fb ssid='E2000E' wpa_ie_len=0 rsn_ie_len=20 caps=0x411 level=-73 wps
02-03 12:43:19.871 D/wpa_supplicant(14816): wlan0:    skip - SSID mismatch
02-03 12:43:19.871 D/wpa_supplicant(14816): wlan0: 20: 74:e5:43:24:f4:5b ssid='Dttest' wpa_ie_len=0 rsn_ie_len=20 caps=0x31 level=-75
02-03 12:43:19.871 D/wpa_supplicant(14816): wlan0:    skip - SSID mismatch
02-03 12:43:19.871 D/wpa_supplicant(14816): wlan0: 21: b0:48:7a:51:ff:cc ssid='Neusoft TP' wpa_ie_len=22 rsn_ie_len=20 caps=0x431 level=-76 wps
02-03 12:43:19.871 D/wpa_supplicant(14816): wlan0:    skip - SSID mismatch
02-03 12:43:19.871 D/wpa_supplicant(14816): wlan0: 22: f4:b7:e2:2b:41:b7 ssid='cmscc' wpa_ie_len=0 rsn_ie_len=20 caps=0x31 level=-80
02-03 12:43:19.871 D/wpa_supplicant(14816): wlan0:    skip - SSID mismatch
02-03 12:43:19.871 D/wpa_supplicant(14816): wlan0: 23: e4:d3:32:36:2e:54 ssid='MERCURY_362E54' wpa_ie_len=0 rsn_ie_len=0 caps=0x401 level=-65 wps
02-03 12:43:19.871 D/wpa_supplicant(14816): wlan0:    skip - SSID mismatch
02-03 12:43:19.871 D/wpa_supplicant(14816): wlan0: 24: 50:bd:5f:4b:29:92 ssid='Internet-2' wpa_ie_len=0 rsn_ie_len=0 caps=0x421 level=-70
02-03 12:43:19.871 D/wpa_supplicant(14816): wlan0:    skip - SSID mismatch
02-03 12:43:19.871 D/wpa_supplicant(14816): wlan0: 25: 4c:e6:76:a5:4d:e0 ssid='BUFFALO-A54DE0-1' wpa_ie_len=0 rsn_ie_len=0 caps=0x401 level=-75 wps
02-03 12:43:19.871 D/wpa_supplicant(14816): wlan0:    skip - SSID mismatch
02-03 12:43:19.871 D/wpa_supplicant(14816): wlan0: 26: e4:d3:32:dd:18:62 ssid='Internet' wpa_ie_len=0 rsn_ie_len=0 caps=0x421 level=-75
02-03 12:43:19.871 D/wpa_supplicant(14816): wlan0:    skip - SSID mismatch
02-03 12:43:19.871 D/wpa_supplicant(14816): wlan0: 27: 4c:e6:76:a5:4d:e2 ssid='BUFFALO-A54DE0' wpa_ie_len=0 rsn_ie_len=0 caps=0x401 level=-75
02-03 12:43:19.871 D/wpa_supplicant(14816): wlan0:    skip - SSID mismatch
02-03 12:43:19.871 D/wpa_supplicant(14816): wlan0: Selecting BSS from priority group 3
02-03 12:43:19.871 D/wpa_supplicant(14816): wlan0: 0: 6c:8b:2f:e9:d1:da ssid='ZTE_AP_1640' wpa_ie_len=0 rsn_ie_len=20 caps=0x511 level=-40
02-03 12:43:19.871 D/wpa_supplicant(14816): wlan0:    skip - SSID mismatch
02-03 12:43:19.871 D/wpa_supplicant(14816): wlan0: 1: f8:d1:11:e7:99:e8 ssid='videotest' wpa_ie_len=22 rsn_ie_len=20 caps=0x531 level=-48 wps
02-03 12:43:19.871 D/wpa_supplicant(14816): wlan0:    skip - SSID mismatch
02-03 12:43:19.871 D/wpa_supplicant(14816): wlan0: 2: 02:1a:11:f2:bf:af ssid='Android' wpa_ie_len=0 rsn_ie_len=20 caps=0x511 level=-51
02-03 12:43:19.871 D/wpa_supplicant(14816): wlan0:    skip - SSID mismatch
02-03 12:43:19.871 D/wpa_supplicant(14816): wlan0: 3: c8:d7:19:60:62:f2 ssid='E3000-2.4G' wpa_ie_len=0 rsn_ie_len=20 caps=0x411 level=-53 wps
02-03 12:43:19.871 D/wpa_supplicant(14816): wlan0:    skip - SSID mismatch
02-03 12:43:19.871 D/wpa_supplicant(14816): wlan0: 4: cc:34:29:2b:26:4c ssid='cws-test' wpa_ie_len=0 rsn_ie_len=20 caps=0x431 level=-56 wps
02-03 12:43:19.871 D/wpa_supplicant(14816): wlan0:    skip - SSID mismatch
02-03 12:43:19.871 D/wpa_supplicant(14816): wlan0: 5: cc:34:29:2c:fb:ec ssid='linksys' wpa_ie_len=22 rsn_ie_len=20 caps=0x431 level=-62 wps
02-03 12:43:19.871 D/wpa_supplicant(14816): wlan0:    skip - SSID mismatch
02-03 12:43:19.871 D/wpa_supplicant(14816): wlan0: 6: 10:c3:7b:d2:e5:e0 ssid='ASUS_RT-AC66U-2.4G' wpa_ie_len=0 rsn_ie_len=20 caps=0x411 level=-62 wps
02-03 12:43:19.871 D/wpa_supplicant(14816): wlan0:    skip - SSID mismatch
02-03 12:43:19.871 D/wpa_supplicant(14816): wlan0: 7: c0:c1:c0:76:81:3c ssid='E2000' wpa_ie_len=0 rsn_ie_len=20 caps=0x411 level=-63 wps
02-03 12:43:19.871 D/wpa_supplicant(14816): wlan0:    skip - SSID mismatch
02-03 12:43:19.871 D/wpa_supplicant(14816): wlan0: 8: 44:94:fc:3d:da:38 ssid='6300' wpa_ie_len=0 rsn_ie_len=20 caps=0x411 level=-64 wps
02-03 12:43:19.871 D/wpa_supplicant(14816): wlan0:    skip - SSID mismatch
02-03 12:43:19.871 D/wpa_supplicant(14816): wlan0: 9: 90:94:e4:03:45:f5 ssid='2553q' wpa_ie_len=0 rsn_ie_len=24 caps=0x431 level=-65
02-03 12:43:19.871 D/wpa_supplicant(14816): wlan0:    skip - SSID mismatch
02-03 12:43:19.871 D/wpa_supplicant(14816): wlan0: 10: b0:48:7a:20:66:6a ssid='TP-LINK_20666A' wpa_ie_len=22 rsn_ie_len=20 caps=0x431 level=-66 wps
02-03 12:43:19.871 D/wpa_supplicant(14816): wlan0:    skip - SSID mismatch
02-03 12:43:19.871 D/wpa_supplicant(14816): wlan0: 11: e4:d3:32:c0:cf:a4 ssid='fast' wpa_ie_len=0 rsn_ie_len=20 caps=0x411 level=-66
02-03 12:43:19.871 D/wpa_supplicant(14816): wlan0:    skip - SSID mismatch
02-03 12:43:19.871 D/wpa_supplicant(14816): wlan0: 12: bc:ee:7b:97:78:35 ssid='ASUS' wpa_ie_len=0 rsn_ie_len=20 caps=0x411 level=-68 wps
02-03 12:43:19.871 D/wpa_supplicant(14816): wlan0:    skip - SSID mismatch
02-03 12:43:19.871 D/wpa_supplicant(14816): wlan0: 13: 00:0f:e2:0f:9f:c1 ssid='321_WAN' wpa_ie_len=28 rsn_ie_len=24 caps=0x411 level=-68
02-03 12:43:19.871 D/wpa_supplicant(14816): wlan0:    skip - SSID mismatch
02-03 12:43:19.871 D/wpa_supplicant(14816): wlan0: 14: 00:1e:67:80:ac:37 ssid='AndroidAP aaa' wpa_ie_len=0 rsn_ie_len=20 caps=0x1511 level=-69
02-03 12:43:19.871 D/wpa_supplicant(14816): wlan0:    skip - SSID mismatch
02-03 12:43:19.871 D/wpa_supplicant(14816): wlan0: 15: 22:48:9a:ac:31:7f ssid='WiFi874' wpa_ie_len=0 rsn_ie_len=20 caps=0x431 level=-70
02-03 12:43:19.871 D/wpa_supplicant(14816): wlan0:    skip - SSID mismatch
02-03 12:43:19.871 D/wpa_supplicant(14816): wlan0: 16: c0:a0:bb:20:3b:84 ssid='dlink-3B84' wpa_ie_len=26 rsn_ie_len=24 caps=0x411 level=-70 wps
02-03 12:43:19.871 D/wpa_supplicant(14816): wlan0:    skip - SSID mismatch
02-03 12:43:19.871 D/wpa_supplicant(14816): wlan0: 17: 80:1f:02:43:fb:e8 ssid='Edimax AP' wpa_ie_len=0 rsn_ie_len=20 caps=0x411 level=-72
02-03 12:43:19.871 D/wpa_supplicant(14816): wlan0:    skip - SSID mismatch
02-03 12:43:19.871 D/wpa_supplicant(14816): wlan0: 18: 02:1a:11:f6:67:da ssid='love U forever' wpa_ie_len=0 rsn_ie_len=20 caps=0x431 level=-73
02-03 12:43:19.871 D/wpa_supplicant(14816): wlan0:    skip - SSID mismatch
02-03 12:43:19.871 D/wpa_supplicant(14816): wlan0: 19: 98:fc:11:81:35:fb ssid='E2000E' wpa_ie_len=0 rsn_ie_len=20 caps=0x411 level=-73 wps
02-03 12:43:19.871 D/wpa_supplicant(14816): wlan0:    skip - SSID mismatch
02-03 12:43:19.871 D/wpa_supplicant(14816): wlan0: 20: 74:e5:43:24:f4:5b ssid='Dttest' wpa_ie_len=0 rsn_ie_len=20 caps=0x31 level=-75
02-03 12:43:19.871 D/wpa_supplicant(14816): wlan0:    skip - SSID mismatch
02-03 12:43:19.871 D/wpa_supplicant(14816): wlan0: 21: b0:48:7a:51:ff:cc ssid='Neusoft TP' wpa_ie_len=22 rsn_ie_len=20 caps=0x431 level=-76 wps
02-03 12:43:19.871 D/wpa_supplicant(14816): wlan0:    skip - SSID mismatch
02-03 12:43:19.871 D/wpa_supplicant(14816): wlan0: 22: f4:b7:e2:2b:41:b7 ssid='cmscc' wpa_ie_len=0 rsn_ie_len=20 caps=0x31 level=-80
02-03 12:43:19.871 D/wpa_supplicant(14816): wlan0:    skip - SSID mismatch
02-03 12:43:19.871 D/wpa_supplicant(14816): wlan0: 23: e4:d3:32:36:2e:54 ssid='MERCURY_362E54' wpa_ie_len=0 rsn_ie_len=0 caps=0x401 level=-65 wps
02-03 12:43:19.871 D/wpa_supplicant(14816): wlan0:    skip - SSID mismatch
02-03 12:43:19.871 D/wpa_supplicant(14816): wlan0: 24: 50:bd:5f:4b:29:92 ssid='Internet-2' wpa_ie_len=0 rsn_ie_len=0 caps=0x421 level=-70
02-03 12:43:19.871 D/wpa_supplicant(14816): wlan0:    skip - SSID mismatch
02-03 12:43:19.871 D/wpa_supplicant(14816): wlan0: 25: 4c:e6:76:a5:4d:e0 ssid='BUFFALO-A54DE0-1' wpa_ie_len=0 rsn_ie_len=0 caps=0x401 level=-75 wps
02-03 12:43:19.871 D/wpa_supplicant(14816): wlan0:    skip - SSID mismatch
02-03 12:43:19.871 D/wpa_supplicant(14816): wlan0: 26: e4:d3:32:dd:18:62 ssid='Internet' wpa_ie_len=0 rsn_ie_len=0 caps=0x421 level=-75
02-03 12:43:19.871 D/wpa_supplicant(14816): wlan0:    skip - SSID mismatch
02-03 12:43:19.871 D/wpa_supplicant(14816): wlan0: 27: 4c:e6:76:a5:4d:e2 ssid='BUFFALO-A54DE0' wpa_ie_len=0 rsn_ie_len=0 caps=0x401 level=-75
02-03 12:43:19.871 D/wpa_supplicant(14816): wlan0:    skip - SSID mismatch
02-03 12:43:19.871 D/wpa_supplicant(14816): wlan0: Selecting BSS from priority group 1
02-03 12:43:19.871 D/wpa_supplicant(14816): wlan0: 0: 6c:8b:2f:e9:d1:da ssid='ZTE_AP_1640' wpa_ie_len=0 rsn_ie_len=20 caps=0x511 level=-40
02-03 12:43:19.871 D/wpa_supplicant(14816): wlan0:    skip - SSID mismatch
02-03 12:43:19.871 D/wpa_supplicant(14816): wlan0: 1: f8:d1:11:e7:99:e8 ssid='videotest' wpa_ie_len=22 rsn_ie_len=20 caps=0x531 level=-48 wps
02-03 12:43:19.871 D/wpa_supplicant(14816): wlan0:    skip - SSID mismatch
02-03 12:43:19.871 D/wpa_supplicant(14816): wlan0: 2: 02:1a:11:f2:bf:af ssid='Android' wpa_ie_len=0 rsn_ie_len=20 caps=0x511 level=-51
02-03 12:43:19.871 D/wpa_supplicant(14816): wlan0:    skip - SSID mismatch
02-03 12:43:19.871 D/wpa_supplicant(14816): wlan0: 3: c8:d7:19:60:62:f2 ssid='E3000-2.4G' wpa_ie_len=0 rsn_ie_len=20 caps=0x411 level=-53 wps
02-03 12:43:19.871 D/wpa_supplicant(14816): wlan0:    skip - SSID mismatch
02-03 12:43:19.871 D/wpa_supplicant(14816): wlan0: 4: cc:34:29:2b:26:4c ssid='cws-test' wpa_ie_len=0 rsn_ie_len=20 caps=0x431 level=-56 wps
02-03 12:43:19.871 D/wpa_supplicant(14816): wlan0:    skip - SSID mismatch
02-03 12:43:19.871 D/wpa_supplicant(14816): wlan0: 5: cc:34:29:2c:fb:ec ssid='linksys' wpa_ie_len=22 rsn_ie_len=20 caps=0x431 level=-62 wps
02-03 12:43:19.871 D/wpa_supplicant(14816): wlan0:    skip - SSID mismatch
02-03 12:43:19.871 D/wpa_supplicant(14816): wlan0: 6: 10:c3:7b:d2:e5:e0 ssid='ASUS_RT-AC66U-2.4G' wpa_ie_len=0 rsn_ie_len=20 caps=0x411 level=-62 wps
02-03 12:43:19.871 D/wpa_supplicant(14816): wlan0:    skip - SSID mismatch
02-03 12:43:19.871 D/wpa_supplicant(14816): wlan0: 7: c0:c1:c0:76:81:3c ssid='E2000' wpa_ie_len=0 rsn_ie_len=20 caps=0x411 level=-63 wps
02-03 12:43:19.871 D/wpa_supplicant(14816): wlan0:    skip - SSID mismatch
02-03 12:43:19.871 D/wpa_supplicant(14816): wlan0: 8: 44:94:fc:3d:da:38 ssid='6300' wpa_ie_len=0 rsn_ie_len=20 caps=0x411 level=-64 wps
02-03 12:43:19.871 D/wpa_supplicant(14816): wlan0:    skip - SSID mismatch
02-03 12:43:19.871 D/wpa_supplicant(14816): wlan0: 9: 90:94:e4:03:45:f5 ssid='2553q' wpa_ie_len=0 rsn_ie_len=24 caps=0x431 level=-65
02-03 12:43:19.871 D/wpa_supplicant(14816): wlan0:    skip - SSID mismatch
02-03 12:43:19.871 D/wpa_supplicant(14816): wlan0: 10: b0:48:7a:20:66:6a ssid='TP-LINK_20666A' wpa_ie_len=22 rsn_ie_len=20 caps=0x431 level=-66 wps
02-03 12:43:19.871 D/wpa_supplicant(14816): wlan0:    skip - SSID mismatch
02-03 12:43:19.871 D/wpa_supplicant(14816): wlan0: 11: e4:d3:32:c0:cf:a4 ssid='fast' wpa_ie_len=0 rsn_ie_len=20 caps=0x411 level=-66
02-03 12:43:19.871 D/wpa_supplicant(14816): wlan0:    skip - SSID mismatch
02-03 12:43:19.871 D/wpa_supplicant(14816): wlan0: 12: bc:ee:7b:97:78:35 ssid='ASUS' wpa_ie_len=0 rsn_ie_len=20 caps=0x411 level=-68 wps
02-03 12:43:19.871 D/wpa_supplicant(14816): wlan0:    skip - SSID mismatch
02-03 12:43:19.871 D/wpa_supplicant(14816): wlan0: 13: 00:0f:e2:0f:9f:c1 ssid='321_WAN' wpa_ie_len=28 rsn_ie_len=24 caps=0x411 level=-68
02-03 12:43:19.871 D/wpa_supplicant(14816): wlan0:    skip - SSID mismatch
02-03 12:43:19.871 D/wpa_supplicant(14816): wlan0: 14: 00:1e:67:80:ac:37 ssid='AndroidAP aaa' wpa_ie_len=0 rsn_ie_len=20 caps=0x1511 level=-69
02-03 12:43:19.871 D/wpa_supplicant(14816): wlan0:    skip - SSID mismatch
02-03 12:43:19.871 D/wpa_supplicant(14816): wlan0: 15: 22:48:9a:ac:31:7f ssid='WiFi874' wpa_ie_len=0 rsn_ie_len=20 caps=0x431 level=-70
02-03 12:43:19.871 D/wpa_supplicant(14816): wlan0:    skip - SSID mismatch
02-03 12:43:19.871 D/wpa_supplicant(14816): wlan0: 16: c0:a0:bb:20:3b:84 ssid='dlink-3B84' wpa_ie_len=26 rsn_ie_len=24 caps=0x411 level=-70 wps
02-03 12:43:19.871 D/wpa_supplicant(14816): wlan0:    skip - SSID mismatch
02-03 12:43:19.871 D/wpa_supplicant(14816): wlan0: 17: 80:1f:02:43:fb:e8 ssid='Edimax AP' wpa_ie_len=0 rsn_ie_len=20 caps=0x411 level=-72
02-03 12:43:19.871 D/wpa_supplicant(14816): wlan0:    skip - SSID mismatch
02-03 12:43:19.871 D/wpa_supplicant(14816): wlan0: 18: 02:1a:11:f6:67:da ssid='love U forever' wpa_ie_len=0 rsn_ie_len=20 caps=0x431 level=-73
02-03 12:43:19.871 D/wpa_supplicant(14816): wlan0:    skip - SSID mismatch
02-03 12:43:19.871 D/wpa_supplicant(14816): wlan0: 19: 98:fc:11:81:35:fb ssid='E2000E' wpa_ie_len=0 rsn_ie_len=20 caps=0x411 level=-73 wps
02-03 12:43:19.871 D/wpa_supplicant(14816): wlan0:    skip - SSID mismatch
02-03 12:43:19.871 D/wpa_supplicant(14816): wlan0: 20: 74:e5:43:24:f4:5b ssid='Dttest' wpa_ie_len=0 rsn_ie_len=20 caps=0x31 level=-75
02-03 12:43:19.871 D/wpa_supplicant(14816): wlan0:    skip - SSID mismatch
02-03 12:43:19.871 D/wpa_supplicant(14816): wlan0: 21: b0:48:7a:51:ff:cc ssid='Neusoft TP' wpa_ie_len=22 rsn_ie_len=20 caps=0x431 level=-76 wps
02-03 12:43:19.871 D/wpa_supplicant(14816): wlan0:    skip - SSID mismatch
02-03 12:43:19.871 D/wpa_supplicant(14816): wlan0: 22: f4:b7:e2:2b:41:b7 ssid='cmscc' wpa_ie_len=0 rsn_ie_len=20 caps=0x31 level=-80
02-03 12:43:19.871 D/wpa_supplicant(14816): wlan0:    skip - SSID mismatch
02-03 12:43:19.871 D/wpa_supplicant(14816): wlan0: 23: e4:d3:32:36:2e:54 ssid='MERCURY_362E54' wpa_ie_len=0 rsn_ie_len=0 caps=0x401 level=-65 wps
02-03 12:43:19.871 D/wpa_supplicant(14816): wlan0:    skip - SSID mismatch
02-03 12:43:19.871 D/wpa_supplicant(14816): wlan0: 24: 50:bd:5f:4b:29:92 ssid='Internet-2' wpa_ie_len=0 rsn_ie_len=0 caps=0x421 level=-70
02-03 12:43:19.871 D/wpa_supplicant(14816): wlan0:    skip - SSID mismatch
02-03 12:43:19.871 D/wpa_supplicant(14816): wlan0: 25: 4c:e6:76:a5:4d:e0 ssid='BUFFALO-A54DE0-1' wpa_ie_len=0 rsn_ie_len=0 caps=0x401 level=-75 wps
02-03 12:43:19.871 D/wpa_supplicant(14816): wlan0:    skip - SSID mismatch
02-03 12:43:19.871 D/wpa_supplicant(14816): wlan0: 26: e4:d3:32:dd:18:62 ssid='Internet' wpa_ie_len=0 rsn_ie_len=0 caps=0x421 level=-75
02-03 12:43:19.871 D/wpa_supplicant(14816): wlan0:    skip - SSID mismatch
02-03 12:43:19.871 D/wpa_supplicant(14816): wlan0: 27: 4c:e6:76:a5:4d:e2 ssid='BUFFALO-A54DE0' wpa_ie_len=0 rsn_ie_len=0 caps=0x401 level=-75
02-03 12:43:19.871 D/wpa_supplicant(14816): wlan0:    skip - SSID mismatch
02-03 12:43:19.871 D/wpa_supplicant(14816): wlan0: No suitable network found
02-03 12:43:19.871 D/wpa_supplicant(14816): wlan0: Setting scan request: 40 sec 0 usec
02-03 12:43:19.871 D/wpa_supplicant(14816): wlan0: Checking for other virtual interfaces sharing same radio (phy0) in event_scan_results
02-03 12:43:19.871 D/wpa_supplicant(14816): p2p-dev-wlan0: Updating scan results from sibling
02-03 12:43:19.871 D/wpa_supplicant(14816): nl80211: Received scan results (28 BSSes)
02-03 12:43:19.871 D/wpa_supplicant(14816): nl80211: Survey data missing
02-03 12:43:19.871 D/wpa_supplicant(14816): p2p-dev-wlan0: BSS: Start scan result update 21
02-03 12:43:19.871 D/wpa_supplicant(14816): BSS: No P2P IE - skipping BSS 6c:8b:2f:e9:d1:da update for P2P interface
02-03 12:43:19.871 D/wpa_supplicant(14816): BSS: No P2P IE - skipping BSS f8:d1:11:e7:99:e8 update for P2P interface
02-03 12:43:19.871 D/wpa_supplicant(14816): BSS: No P2P IE - skipping BSS 02:1a:11:f2:bf:af update for P2P interface
02-03 12:43:19.871 D/wpa_supplicant(14816): BSS: No P2P IE - skipping BSS c8:d7:19:60:62:f2 update for P2P interface
02-03 12:43:19.871 D/wpa_supplicant(14816): BSS: No P2P IE - skipping BSS cc:34:29:2b:26:4c update for P2P interface
02-03 12:43:19.871 D/wpa_supplicant(14816): BSS: No P2P IE - skipping BSS cc:34:29:2c:fb:ec update for P2P interface
02-03 12:43:19.871 D/wpa_supplicant(14816): BSS: No P2P IE - skipping BSS 10:c3:7b:d2:e5:e0 update for P2P interface
02-03 12:43:19.871 D/wpa_supplicant(14816): BSS: No P2P IE - skipping BSS c0:c1:c0:76:81:3c update for P2P interface
02-03 12:43:19.871 D/wpa_supplicant(14816): BSS: No P2P IE - skipping BSS 44:94:fc:3d:da:38 update for P2P interface
02-03 12:43:19.871 D/wpa_supplicant(14816): BSS: No P2P IE - skipping BSS 90:94:e4:03:45:f5 update for P2P interface
02-03 12:43:19.871 D/wpa_supplicant(14816): BSS: No P2P IE - skipping BSS b0:48:7a:20:66:6a update for P2P interface
02-03 12:43:19.871 D/wpa_supplicant(14816): BSS: No P2P IE - skipping BSS e4:d3:32:c0:cf:a4 update for P2P interface
02-03 12:43:19.871 D/wpa_supplicant(14816): BSS: No P2P IE - skipping BSS bc:ee:7b:97:78:35 update for P2P interface
02-03 12:43:19.871 D/wpa_supplicant(14816): BSS: No P2P IE - skipping BSS 00:0f:e2:0f:9f:c1 update for P2P interface
02-03 12:43:19.871 D/wpa_supplicant(14816): BSS: No P2P IE - skipping BSS 00:1e:67:80:ac:37 update for P2P interface
02-03 12:43:19.871 D/wpa_supplicant(14816): BSS: No P2P IE - skipping BSS 22:48:9a:ac:31:7f update for P2P interface
02-03 12:43:19.871 D/wpa_supplicant(14816): BSS: No P2P IE - skipping BSS c0:a0:bb:20:3b:84 update for P2P interface
02-03 12:43:19.871 D/wpa_supplicant(14816): BSS: No P2P IE - skipping BSS 80:1f:02:43:fb:e8 update for P2P interface
02-03 12:43:19.871 D/wpa_supplicant(14816): BSS: No P2P IE - skipping BSS 02:1a:11:f6:67:da update for P2P interface
02-03 12:43:19.871 D/wpa_supplicant(14816): BSS: No P2P IE - skipping BSS 98:fc:11:81:35:fb update for P2P interface
02-03 12:43:19.871 D/wpa_supplicant(14816): BSS: No P2P IE - skipping BSS 74:e5:43:24:f4:5b update for P2P interface
02-03 12:43:19.871 D/wpa_supplicant(14816): BSS: No P2P IE - skipping BSS b0:48:7a:51:ff:cc update for P2P interface
02-03 12:43:19.871 D/wpa_supplicant(14816): BSS: No P2P IE - skipping BSS f4:b7:e2:2b:41:b7 update for P2P interface
02-03 12:43:19.871 D/wpa_supplicant(14816): BSS: No P2P IE - skipping BSS e4:d3:32:36:2e:54 update for P2P interface
02-03 12:43:19.871 D/wpa_supplicant(14816): BSS: No P2P IE - skipping BSS 50:bd:5f:4b:29:92 update for P2P interface
02-03 12:43:19.871 D/wpa_supplicant(14816): BSS: No P2P IE - skipping BSS 4c:e6:76:a5:4d:e0 update for P2P interface
02-03 12:43:19.871 D/wpa_supplicant(14816): BSS: No P2P IE - skipping BSS e4:d3:32:dd:18:62 update for P2P interface
02-03 12:43:19.871 D/wpa_supplicant(14816): BSS: No P2P IE - skipping BSS 4c:e6:76:a5:4d:e2 update for P2P interface
02-03 12:43:19.871 D/wpa_supplicant(14816): BSS: last_scan_res_used=0/0 last_scan_full=0
02-03 12:43:19.871 D/wpa_supplicant(14816): p2p-dev-wlan0: New scan results available
02-03 12:43:19.871 D/wpa_supplicant(14816): CTRL_IFACE monitor send - hexdump(len=41): 2f 64 61 74 61 2f 6d 69 73 63 2f 77 69 66 69 2f 73 6f 63 6b 65 74 73 2f 77 70 61 5f 63 74 72 6c ...
02-03 12:43:19.871 D/wpa_supplicant(14816): WPS: AP[0] f8:d1:11:e7:99:e8 type=0 tries=0 last_attempt=-1 sec ago blacklist=0
02-03 12:43:19.871 D/wpa_supplicant(14816): WPS: AP[1] 44:94:fc:3d:da:38 type=0 tries=0 last_attempt=-1 sec ago blacklist=0
02-03 12:43:19.871 D/wpa_supplicant(14816): WPS: AP[2] cc:34:29:2b:26:4c type=0 tries=0 last_attempt=-1 sec ago blacklist=0
02-03 12:43:19.871 D/wpa_supplicant(14816): WPS: AP[3] b0:48:7a:20:66:6a type=0 tries=0 last_attempt=-1 sec ago blacklist=0
02-03 12:43:19.871 D/wpa_supplicant(14816): WPS: AP[4] 10:c3:7b:d2:e5:e0 type=0 tries=0 last_attempt=-1 sec ago blacklist=0
02-03 12:43:19.871 D/wpa_supplicant(14816): WPS: AP[5] cc:34:29:2c:fb:ec type=0 tries=0 last_attempt=-1 sec ago blacklist=0
02-03 12:43:19.871 D/wpa_supplicant(14816): WPS: AP[6] 98:fc:11:81:35:fb type=0 tries=0 last_attempt=-1 sec ago blacklist=0
02-03 12:43:19.871 D/wpa_supplicant(14816): WPS: AP[7] c0:a0:bb:20:3b:84 type=0 tries=0 last_attempt=-1 sec ago blacklist=0
02-03 12:43:19.871 D/wpa_supplicant(14816): WPS: AP[8] c0:c1:c0:76:81:3c type=0 tries=0 last_attempt=-1 sec ago blacklist=0
02-03 12:43:19.871 D/wpa_supplicant(14816): WPS: AP[9] bc:ee:7b:97:78:35 type=0 tries=0 last_attempt=-1 sec ago blacklist=0
02-03 12:43:19.871 D/wpa_supplicant(14816): WPS: AP[10] b0:48:7a:51:ff:cc type=0 tries=0 last_attempt=-1 sec ago blacklist=0
02-03 12:43:19.871 D/wpa_supplicant(14816): WPS: AP[11] e4:d3:32:36:2e:54 type=0 tries=0 last_attempt=-1 sec ago blacklist=0
02-03 12:43:19.871 D/wpa_supplicant(14816): WPS: AP[12] c8:d7:19:60:62:f2 type=0 tries=0 last_attempt=-1 sec ago blacklist=0
02-03 12:43:19.871 D/wpa_supplicant(14816): WPS: AP[13] 14:d6:4d:28:ef:c8 type=0 tries=0 last_attempt=-1 sec ago blacklist=0
02-03 12:43:19.871 D/wpa_supplicant(14816): WPS: AP[14] 4c:e6:76:a5:4d:e0 type=0 tries=0 last_attempt=-1 sec ago blacklist=0
02-03 12:43:19.871 D/wpa_supplicant(14816): WPS: AP[15] ac:f1:df:cf:85:c0 type=0 tries=0 last_attempt=-1 sec ago blacklist=0
02-03 12:43:19.871 D/wpa_supplicant(14816): WPS: AP[16] 2c:b0:5d:7f:f4:24 type=0 tries=0 last_attempt=-1 sec ago blacklist=0
02-03 12:43:19.871 D/wpa_supplicant(14816): p2p-dev-wlan0: No suitable network found
02-03 12:43:19.871 D/wpa_supplicant(14816): Do not scan on p2p management interface, return
02-03 12:43:19.871 D/wpa_supplicant(14816): wlan0: P2P: Station mode scan operation not pending anymore (sta_scan_pending=0 p2p_cb_on_scan_complete=0)
02-03 12:43:19.871 D/wpa_supplicant(14816): RTM_NEWLINK: operstate=0 ifi_flags=0x11003 ([UP][LOWER_UP])
02-03 12:43:19.871 D/wpa_supplicant(14816): RTM_NEWLINK, IFLA_IFNAME: Interface 'wlan0' added
02-03 12:43:19.871 D/wpa_supplicant(14816): nl80211: if_removed already cleared - ignore event
02-03 12:43:19.871 I/WifiHW  (14542): CMD: IFNAME=wlan0 BSS RANGE=0- MASK=0x21987
02-03 12:43:19.871 D/wpa_supplicant(14816): RX ctrl_iface - hexdump(len=25): 42 53 53 20 52 41 4e 47 45 3d 30 2d 20 4d 41 53 4b 3d 30 78 32 31 39 38 37
02-03 12:43:19.871 D/wpa_supplicant(14816): wlan0: Control interface command 'BSS RANGE=0- MASK=0x21987'
02-03 12:43:19.871 I/WifiHW  (14542): REPLY: id=0
02-03 12:43:19.871 I/WifiHW  (14542): REPLY: bssid=6c:8b:2f:e9:d1:da
02-03 12:43:19.871 I/WifiHW  (14542): REPLY: freq=2437
02-03 12:43:19.871 I/WifiHW  (14542): REPLY: level=-40
02-03 12:43:19.871 I/WifiHW  (14542): REPLY: tsf=0000012976097749
02-03 12:43:19.871 I/WifiHW  (14542): REPLY: flags=[WPA2-PSK-CCMP][ESS]
02-03 12:43:19.871 I/WifiHW  (14542): REPLY: ssid=ZTE_AP_1640
02-03 12:43:19.871 I/WifiHW  (14542): REPLY: ====
02-03 12:43:19.871 I/WifiHW  (14542): REPLY: id=1
02-03 12:43:19.871 I/WifiHW  (14542): EVENT: IFNAME=p2p-dev-wlan0 CTRL-EVENT-SCAN-RESULTS 
02-03 12:43:19.871 I/WifiHW  (14542): REPLY: bssid=f8:d1:11:e7:99:e8
02-03 12:43:19.871 I/WifiHW  (14542): REPLY: freq=2437
02-03 12:43:19.871 I/WifiHW  (14542): REPLY: level=-48
02-03 12:43:19.871 I/WifiHW  (14542): REPLY: tsf=0000012976097746
02-03 12:43:19.871 D/dalvikvm(15954): GC_FOR_ALLOC freed 4886K, 48% free 8886K/16912K, paused 6ms, total 6ms
02-03 12:43:19.871 I/WifiHW  (14542): REPLY: flags=[WPA-PSK-CCMP][WPA2-PSK-CCMP][WPS][ESS]
02-03 12:43:19.871 I/WifiHW  (14542): REPLY: ssid=videotest
02-03 12:43:19.871 I/WifiHW  (14542): REPLY: ====
02-03 12:43:19.871 I/WifiHW  (14542): REPLY: id=2
02-03 12:43:19.871 I/WifiHW  (14542): REPLY: bssid=44:94:fc:3d:da:38
02-03 12:43:19.871 I/WifiHW  (14542): REPLY: freq=2462
02-03 12:43:19.871 I/WifiHW  (14542): REPLY: level=-64
02-03 12:43:19.871 I/WifiHW  (14542): REPLY: tsf=0000012976097796
02-03 12:43:19.871 I/WifiHW  (14542): REPLY: flags=[WPA2-PSK-CCMP][WPS][ESS]
02-03 12:43:19.871 I/WifiHW  (14542): REPLY: ssid=6300
02-03 12:43:19.871 I/WifiHW  (14542): REPLY: ====
02-03 12:43:19.871 I/WifiHW  (14542): REPLY: id=3
02-03 12:43:19.871 I/WifiHW  (14542): REPLY: bssid=cc:34:29:2b:26:4c
02-03 12:43:19.871 I/WifiHW  (14542): REPLY: freq=2462
02-03 12:43:19.871 I/WifiHW  (14542): REPLY: level=-56
02-03 12:43:19.871 I/WifiHW  (14542): REPLY: tsf=0000012976097793
02-03 12:43:19.871 I/WifiHW  (14542): REPLY: flags=[WPA2-PSK-CCMP][WPS][ESS]
02-03 12:43:19.871 I/WifiHW  (14542): REPLY: ssid=cws-test
02-03 12:43:19.871 I/WifiHW  (14542): REPLY: ====
02-03 12:43:19.871 I/WifiHW  (14542): REPLY: id=4
02-03 12:43:19.871 I/WifiHW  (14542): REPLY: bssid=02:1a:11:f2:bf:af
02-03 12:43:19.871 I/WifiHW  (14542): REPLY: freq=2437
02-03 12:43:19.871 I/WifiHW  (14542): REPLY: level=-51
02-03 12:43:19.871 I/WifiHW  (14542): REPLY: tsf=0000012976097751
02-03 12:43:19.871 I/WifiHW  (14542): REPLY: flags=[WPA2-PSK-CCMP][ESS]
02-03 12:43:19.871 I/WifiHW  (14542): REPLY: ssid=Android
02-03 12:43:19.871 I/WifiHW  (14542): REPLY: ====
02-03 12:43:19.871 I/WifiHW  (14542): REPLY: id=5
02-03 12:43:19.871 I/WifiHW  (14542): REPLY: bssid=10:c3:7b:d2:e5:e0
02-03 12:43:19.871 I/WifiHW  (14542): REPLY: freq=2462
02-03 12:43:19.871 I/WifiHW  (14542): REPLY: level=-62
02-03 12:43:19.871 I/WifiHW  (14542): REPLY: tsf=0000012976097779
02-03 12:43:19.871 I/WifiHW  (14542): REPLY: flags=[WPA2-PSK-CCMP][WPS][ESS]
02-03 12:43:19.871 I/WifiHW  (14542): REPLY: ssid=ASUS_RT-AC66U-2.4G
02-03 12:43:19.871 I/WifiHW  (14542): REPLY: ====
02-03 12:43:19.871 I/WifiHW  (14542): REPLY: id=6
02-03 12:43:19.871 I/WifiHW  (14542): REPLY: bssid=90:94:e4:03:45:f5
02-03 12:43:19.871 I/WifiHW  (14542): REPLY: freq=2422
02-03 12:43:19.871 I/WifiHW  (14542): REPLY: level=-65
02-03 12:43:19.871 I/WifiHW  (14542): REPLY: tsf=0000012976097741
02-03 12:43:19.871 I/WifiHW  (14542): REPLY: flags=[WPA2-PSK-CCMP+TKIP][ESS]
02-03 12:43:19.871 I/WifiHW  (14542): REPLY: ssid=2553q
02-03 12:43:19.871 I/WifiHW  (14542): REPLY: ====
02-03 12:43:19.871 I/WifiHW  (14542): REPLY: id=7
02-03 12:43:19.871 I/WifiHW  (14542): REPLY: bssid=cc:34:29:2c:fb:ec
02-03 12:43:19.871 I/WifiHW  (14542): REPLY: freq=2412
02-03 12:43:19.871 I/WifiHW  (14542): REPLY: level=-62
02-03 12:43:19.871 I/WifiHW  (14542): REPLY: tsf=0000012976097727
02-03 12:43:19.871 I/WifiHW  (14542): REPLY: flags=[WPA-PSK-CCMP][WPA2-PSK-CCMP][WPS][ESS]
02-03 12:43:19.871 I/WifiHW  (14542): REPLY: ssid=linksys
02-03 12:43:19.871 I/WifiHW  (14542): REPLY: ====
02-03 12:43:19.871 I/WifiHW  (14542): REPLY: id=8
02-03 12:43:19.871 I/WifiHW  (14542): REPLY: bssid=98:fc:11:81:35:fb
02-03 12:43:19.871 I/WifiHW  (14542): REPLY: freq=2412
02-03 12:43:19.871 I/WifiHW  (14542): REPLY: level=-73
02-03 12:43:19.871 I/WifiHW  (14542): REPLY: tsf=0000012976097734
02-03 12:43:19.871 I/WifiHW  (14542): REPLY: flags=[WPA2-PSK-CCMP][WPS][ESS]
02-03 12:43:19.871 I/WifiHW  (14542): REPLY: ssid=E2000E
02-03 12:43:19.871 I/WifiHW  (14542): REPLY: ====
02-03 12:43:19.871 I/WifiHW  (14542): REPLY: id=9
02-03 12:43:19.871 I/WifiHW  (14542): REPLY: bssid=b0:48:7a:20:66:6a
02-03 12:43:19.871 I/WifiHW  (14542): REPLY: freq=2462
02-03 12:43:19.871 I/WifiHW  (14542): REPLY: level=-66
02-03 12:43:19.871 I/WifiHW  (14542): REPLY: tsf=0000012976097776
02-03 12:43:19.871 I/WifiHW  (14542): REPLY: flags=[WPA-PSK-CCMP][WPA2-PSK-CCMP][WPS][ESS]
02-03 12:43:19.871 I/WifiHW  (14542): REPLY: ssid=TP-LINK_20666A
02-03 12:43:19.871 I/WifiHW  (14542): REPLY: ====
02-03 12:43:19.871 I/WifiHW  (14542): REPLY: id=12
02-03 12:43:19.871 I/WifiHW  (14542): REPLY: bssid=00:0f:e2:0f:9f:c1
02-03 12:43:19.871 I/WifiHW  (14542): REPLY: freq=2462
02-03 12:43:19.871 I/WifiHW  (14542): REPLY: level=-68
02-03 12:43:19.871 I/WifiHW  (14542): REPLY: tsf=0000012976097788
02-03 12:43:19.871 I/WifiHW  (14542): REPLY: flags=[WPA-PSK-CCMP+TKIP][WPA2-PSK-CCMP+TKIP][ESS]
02-03 12:43:19.871 I/WifiHW  (14542): REPLY: ssid=321_WAN
02-03 12:43:19.871 I/WifiHW  (14542): REPLY: ====
02-03 12:43:19.871 I/WifiHW  (14542): REPLY: id=14
02-03 12:43:19.871 I/WifiHW  (14542): REPLY: bssid=e4:d3:32:c0:cf:a4
02-03 12:43:19.871 I/WifiHW  (14542): REPLY: freq=2437
02-03 12:43:19.871 I/WifiHW  (14542): REPLY: level=-66
02-03 12:43:19.871 I/WifiHW  (14542): REPLY: tsf=0000012976097756
02-03 12:43:19.871 I/WifiHW  (14542): REPLY: flags=[WPA2-PSK-CCMP][ESS]
02-03 12:43:19.871 I/WifiHW  (14542): REPLY: ssid=fast
02-03 12:43:19.871 I/WifiHW  (14542): REPLY: ====
02-03 12:43:19.871 I/WifiHW  (14542): REPLY: id=18
02-03 12:43:19.871 I/WifiHW  (14542): REPLY: bssid=bc:ee:7b:97:78:35
02-03 12:43:19.871 I/WifiHW  (14542): REPLY: freq=2412
02-03 12:43:19.871 I/WifiHW  (14542): REPLY: level=-68
02-03 12:43:19.871 I/WifiHW  (14542): REPLY: tsf=0000012976097724
02-03 12:43:19.871 I/WifiHW  (14542): REPLY: flags=[WPA2-PSK-CCMP][WPS][ESS]
02-03 12:43:19.871 I/WifiHW  (14542): REPLY: ssid=ASUS
02-03 12:43:19.871 I/WifiHW  (14542): REPLY: ====
02-03 12:43:19.871 I/WifiHW  (14542): REPLY: id=28
02-03 12:43:19.871 I/WifiHW  (14542): REPLY: bssid=e4:d3:32:36:2e:54
02-03 12:43:19.871 I/WifiHW  (14542): REPLY: freq=2412
02-03 12:43:19.871 I/WifiHW  (14542): REPLY: level=-65
02-03 12:43:19.871 I/WifiHW  (14542): REPLY: tsf=0000012976097722
02-03 12:43:19.871 I/WifiHW  (14542): REPLY: flags=[WPS][ESS]
02-03 12:43:19.871 I/WifiHW  (14542): REPLY: ssid=MERCURY_362E54
02-03 12:43:19.871 I/WifiHW  (14542): REPLY: ====
02-03 12:43:19.871 I/WifiHW  (14542): REPLY: id=59
02-03 12:43:19.871 I/WifiHW  (14542): REPLY: bssid=c8:d7:19:60:62:f2
02-03 12:43:19.871 I/WifiHW  (14542): REPLY: freq=2462
02-03 12:43:19.871 I/WifiHW  (14542): REPLY: level=-53
02-03 12:43:19.871 I/WifiHW  (14542): REPLY: tsf=0000012976097782
02-03 12:43:19.871 I/WifiHW  (14542): REPLY: flags=[WPA2-PSK-CCMP][WPS][ESS]
02-03 12:43:19.871 I/WifiHW  (14542): REPLY: ssid=E3000-2.4G
02-03 12:43:19.871 I/WifiHW  (14542): REPLY: ====
02-03 12:43:19.871 I/WifiHW  (14542): REPLY: id=61
02-03 12:43:19.871 I/WifiHW  (14542): REPLY: bssid=50:bd:5f:4b:29:92
02-03 12:43:19.871 I/WifiHW  (14542): REPLY: freq=2437
02-03 12:43:19.871 I/WifiHW  (14542): REPLY: level=-70
02-03 12:43:19.871 I/WifiHW  (14542): REPLY: tsf=0000012976097768
02-03 12:43:19.871 I/WifiHW  (14542): REPLY: flags=[ESS]
02-03 12:43:19.871 I/WifiHW  (14542): REPLY: ssid=Internet-2
02-03 12:43:19.871 I/WifiHW  (14542): REPLY: ====
02-03 12:43:19.871 I/WifiHW  (14542): REPLY: id=62
02-03 12:43:19.871 I/WifiHW  (14542): REPLY: bssid=b0:48:7a:51:ff:cc
02-03 12:43:19.871 I/WifiHW  (14542): REPLY: freq=2427
02-03 12:43:19.871 I/WifiHW  (14542): REPLY: level=-76
02-03 12:43:19.871 I/WifiHW  (14542): REPLY: tsf=0000012976097744
02-03 12:43:19.871 I/WifiHW  (14542): REPLY: flags=[WPA-PSK-CCMP][WPA2-PSK-CCMP][WPS][ESS]
02-03 12:43:19.871 I/WifiHW  (14542): REPLY: ssid=Neusoft TP
02-03 12:43:19.871 I/WifiHW  (14542): REPLY: ====
02-03 12:43:19.871 I/WifiHW  (14542): REPLY: id=64
02-03 12:43:19.871 I/WifiHW  (14542): REPLY: bssid=02:1a:11:fc:c3:59
02-03 12:43:19.871 I/WifiHW  (14542): REPLY: freq=2437
02-03 12:43:19.871 I/WifiHW  (14542): REPLY: level=-71
02-03 12:43:19.871 I/WifiHW  (14542): REPLY: tsf=0000012934908226
02-03 12:43:19.871 I/WifiHW  (14542): REPLY: flags=[WPA2-PSK-CCMP][ESS]
02-03 12:43:19.871 I/WifiHW  (14542): REPLY: ssid=test only
02-03 12:43:19.871 I/WifiHW  (14542): REPLY: ====
02-03 12:43:19.871 I/WifiHW  (14542): REPLY: id=66
02-03 12:43:19.871 I/WifiHW  (14542): REPLY: bssid=74:e5:43:24:f4:5b
02-03 12:43:19.871 I/WifiHW  (14542): REPLY: freq=2412
02-03 12:43:19.871 I/WifiHW  (14542): REPLY: level=-75
02-03 12:43:19.871 I/WifiHW  (14542): REPLY: tsf=0000012976097732
02-03 12:43:19.871 I/WifiHW  (14542): REPLY: flags=[WPA2-PSK-CCMP][ESS]
02-03 12:43:19.871 I/WifiHW  (14542): REPLY: ssid=Dttest
02-03 12:43:19.871 I/WifiHW  (14542): REPLY: ====
02-03 12:43:19.871 I/WifiHW  (14542): REPLY: id=67
02-03 12:43:19.871 I/WifiHW  (14542): REPLY: bssid=00:1e:67:80:ac:37
02-03 12:43:19.871 I/WifiHW  (14542): REPLY: freq=2437
02-03 12:43:19.871 I/WifiHW  (14542): REPLY: level=-69
02-03 12:43:19.871 I/WifiHW  (14542): REPLY: tsf=0000012976097763
02-03 12:43:19.871 I/WifiHW  (14542): REPLY: flags=[WPA2-PSK-CCMP][ESS]
02-03 12:43:19.871 I/WifiHW  (14542): REPLY: ssid=AndroidAP aaa
02-03 12:43:19.871 I/WifiHW  (14542): REPLY: ====
02-03 12:43:19.871 I/WifiHW  (14542): REPLY: id=71
02-03 12:43:19.871 I/WifiHW  (14542): REPLY: bssid=f4:b7:e2:2b:41:b7
02-03 12:43:19.871 I/WifiHW  (14542): REPLY: freq=2437
02-03 12:43:19.871 I/WifiHW  (14542): REPLY: level=-80
02-03 12:43:19.871 I/WifiHW  (14542): REPLY: tsf=0000012976097754
02-03 12:43:19.871 I/WifiHW  (14542): REPLY: flags=[WPA2-PSK-CCMP][ESS]
02-03 12:43:19.871 I/WifiHW  (14542): REPLY: ssid=cmscc
02-03 12:43:19.871 I/WifiHW  (14542): REPLY: ====
02-03 12:43:19.871 I/WifiHW  (14542): REPLY: id=74
02-03 12:43:19.871 I/WifiHW  (14542): REPLY: bssid=4c:e6:76:a5:4d:e2
02-03 12:43:19.871 I/WifiHW  (14542): REPLY: freq=2462
02-03 12:43:19.871 I/WifiHW  (14542): REPLY: level=-75
02-03 12:43:19.871 I/WifiHW  (14542): REPLY: tsf=0000012976097786
02-03 12:43:19.871 I/WifiHW  (14542): REPLY: flags=[ESS]
02-03 12:43:19.881 I/WifiHW  (14542): REPLY: ssid=BUFFALO-A54DE0
02-03 12:43:19.881 I/WifiHW  (14542): REPLY: ====
02-03 12:43:19.881 I/WifiHW  (14542): REPLY: id=75
02-03 12:43:19.881 I/WifiHW  (14542): REPLY: bssid=22:48:9a:ac:31:7f
02-03 12:43:19.881 I/WifiHW  (14542): REPLY: freq=2437
02-03 12:43:19.881 I/WifiHW  (14542): REPLY: level=-70
02-03 12:43:19.881 I/WifiHW  (14542): REPLY: tsf=0000012976097759
02-03 12:43:19.881 I/WifiHW  (14542): REPLY: flags=[WPA2-PSK-CCMP][ESS]
02-03 12:43:19.881 I/WifiHW  (14542): REPLY: ssid=WiFi874
02-03 12:43:19.881 I/WifiHW  (14542): REPLY: ====
02-03 12:43:19.881 I/WifiHW  (14542): REPLY: id=77
02-03 12:43:19.881 I/WifiHW  (14542): REPLY: bssid=80:1f:02:43:fb:e8
02-03 12:43:19.881 I/WifiHW  (14542): REPLY: freq=2412
02-03 12:43:19.881 I/WifiHW  (14542): REPLY: level=-72
02-03 12:43:19.881 I/WifiHW  (14542): REPLY: tsf=0000012976097729
02-03 12:43:19.881 I/WifiHW  (14542): REPLY: flags=[WPA2-PSK-CCMP-preauth][ESS]
02-03 12:43:19.881 I/WifiHW  (14542): REPLY: ssid=Edimax AP
02-03 12:43:19.881 I/WifiHW  (14542): REPLY: ====
02-03 12:43:19.881 I/WifiHW  (14542): REPLY: id=82
02-03 12:43:19.881 I/WifiHW  (14542): REPLY: bssid=14:d6:4d:28:ef:c8
02-03 12:43:19.881 I/WifiHW  (14542): REPLY: freq=2437
02-03 12:43:19.881 I/WifiHW  (14542): REPLY: level=-68
02-03 12:43:19.881 I/WifiHW  (14542): REPLY: tsf=0000012934908221
02-03 12:43:19.881 I/WifiHW  (14542): REPLY: flags=[WPA2-PSK-CCMP][WPS][ESS]
02-03 12:43:19.881 I/WifiHW  (14542): REPLY: ssid=dlink
02-03 12:43:19.881 I/WifiHW  (14542): REPLY: ====
02-03 12:43:19.881 I/WifiHW  (14542): REPLY: id=83
02-03 12:43:19.881 I/WifiHW  (14542): REPLY: bssid=c0:a0:bb:20:3b:84
02-03 12:43:19.881 I/WifiHW  (14542): REPLY: freq=2417
02-03 12:43:19.881 I/WifiHW  (14542): REPLY: level=-70
02-03 12:43:19.881 I/WifiHW  (14542): REPLY: tsf=0000012976097737
02-03 12:43:19.881 I/WifiHW  (14542): REPLY: flags=[WPA-PSK-CCMP+TKIP][WPA2-PSK-CCMP+TKIP][WPS][ESS]
02-03 12:43:19.881 I/WifiHW  (14542): REPLY: ssid=dlink-3B84
02-03 12:43:19.881 I/WifiHW  (14542): REPLY: ====
02-03 12:43:19.881 I/WifiHW  (14542): REPLY: id=86
02-03 12:43:19.881 I/WifiHW  (14542): REPLY: bssid=e4:d3:32:dd:18:62
02-03 12:43:19.881 I/WifiHW  (14542): REPLY: freq=2437
02-03 12:43:19.881 I/WifiHW  (14542): REPLY: level=-75
02-03 12:43:19.881 I/WifiHW  (14542): REPLY: tsf=0000012976097765
02-03 12:43:19.881 I/WifiHW  (14542): REPLY: flags=[ESS]
02-03 12:43:19.881 I/WifiHW  (14542): REPLY: ssid=Internet
02-03 12:43:19.881 I/WifiHW  (14542): REPLY: ====
02-03 12:43:19.881 I/WifiHW  (14542): REPLY: id=88
02-03 12:43:19.881 I/WifiHW  (14542): REPLY: bssid=02:1a:11:f6:67:da
02-03 12:43:19.881 I/WifiHW  (14542): REPLY: freq=2437
02-03 12:43:19.881 I/WifiHW  (14542): REPLY: level=-73
02-03 12:43:19.881 I/WifiHW  (14542): REPLY: tsf=0000012976097770
02-03 12:43:19.881 I/WifiHW  (14542): REPLY: flags=[WPA2-PSK-CCMP][ESS]
02-03 12:43:19.881 I/WifiHW  (14542): REPLY: ssid=love U forever
02-03 12:43:19.881 I/WifiHW  (14542): REPLY: ====
02-03 12:43:19.881 I/WifiHW  (14542): REPLY: id=89
02-03 12:43:19.881 I/WifiHW  (14542): REPLY: bssid=02:09:4c:b9:0c:d6
02-03 12:43:19.881 I/WifiHW  (14542): REPLY: freq=2412
02-03 12:43:19.881 I/WifiHW  (14542): REPLY: level=-73
02-03 12:43:19.881 I/WifiHW  (14542): REPLY: tsf=0000012934908203
02-03 12:43:19.881 I/WifiHW  (14542): REPLY: flags=[WEP]
02-03 12:43:19.881 I/WifiHW  (14542): REPLY: ssid=DIRECT-
02-03 12:43:19.881 I/WifiHW  (14542): REPLY: ====
02-03 12:43:19.881 I/WifiHW  (14542): REPLY: id=90
02-03 12:43:19.881 I/WifiHW  (14542): REPLY: bssid=4c:e6:76:a5:4d:e0
02-03 12:43:19.881 I/WifiHW  (14542): REPLY: freq=2462
02-03 12:43:19.881 I/WifiHW  (14542): REPLY: level=-75
02-03 12:43:19.881 I/WifiHW  (14542): REPLY: tsf=0000012976097791
02-03 12:43:19.881 I/WifiHW  (14542): REPLY: flags=[WPS][ESS]
02-03 12:43:19.881 I/WifiHW  (14542): REPLY: ssid=BUFFALO-A54DE0-1
02-03 12:43:19.881 I/WifiHW  (14542): REPLY: ====
02-03 12:43:19.881 I/WifiHW  (14542): REPLY: id=91
02-03 12:43:19.881 I/WifiHW  (14542): REPLY: bssid=c0:c1:c0:76:81:3c
02-03 12:43:19.881 I/WifiHW  (14542): REPLY: freq=2437
02-03 12:43:19.881 I/WifiHW  (14542): REPLY: level=-63
02-03 12:43:19.881 I/WifiHW  (14542): REPLY: tsf=0000012976097773
02-03 12:43:19.881 I/WifiHW  (14542): REPLY: flags=[WPA2-PSK-CCMP][WPS][ESS]
02-03 12:43:19.881 I/WifiHW  (14542): REPLY: ssid=E2000
02-03 12:43:19.881 I/WifiHW  (14542): REPLY: ####
02-03 12:43:19.881 D/dalvikvm(15954): GC_CONCURRENT freed <1K, 48% free 8895K/16912K, paused 1ms+1ms, total 6ms
02-03 12:43:19.911 D/dalvikvm(15954): GC_CONCURRENT freed 4011K, 48% free 8962K/16912K, paused 0ms+1ms, total 5ms
02-03 12:43:19.911 D/dalvikvm(15954): WAIT_FOR_CONCURRENT_GC blocked 5ms
02-03 12:43:19.931 D/dalvikvm(15954): GC_CONCURRENT freed 4026K, 48% free 8931K/16912K, paused 2ms+1ms, total 7ms
02-03 12:43:19.941 D/dalvikvm(15954): GC_CONCURRENT freed 3955K, 47% free 9034K/16912K, paused 0ms+0ms, total 5ms
02-03 12:43:19.941 D/dalvikvm(15954): WAIT_FOR_CONCURRENT_GC blocked 4ms
02-03 12:43:19.951 D/dalvikvm(15954): GC_CONCURRENT freed 4123K, 47% free 9003K/16912K, paused 1ms+1ms, total 8ms
02-03 12:43:19.951 D/dalvikvm(15954): WAIT_FOR_CONCURRENT_GC blocked 7ms
02-03 12:43:19.971 W/BindingManager(18937): Cannot call determinedVisibility() - never saw a connection for the pid: 18937
02-03 12:43:19.971 D/dalvikvm(15954): GC_CONCURRENT freed 3997K, 47% free 9071K/16912K, paused 1ms+1ms, total 9ms
02-03 12:43:19.971 D/dalvikvm(15954): WAIT_FOR_CONCURRENT_GC blocked 8ms
02-03 12:43:19.981 D/dalvikvm(15954): GC_CONCURRENT freed 4182K, 48% free 8952K/16912K, paused 1ms+1ms, total 7ms
02-03 12:43:19.981 D/dalvikvm(15954): WAIT_FOR_CONCURRENT_GC blocked 3ms
02-03 12:43:19.991 I/chromium(18937): [INFO:CONSOLE(45)] "Uncaught ReferenceError: SharedWorker is not defined", source: app://org.xwalk.webapi_noneservice_tests//opt/tct-workers-w3c-tests/workers/SharedWorkerLoadError.html (45)
02-03 12:43:19.991 D/dalvikvm(15954): GC_FOR_ALLOC freed 3995K, 48% free 8949K/16912K, paused 5ms, total 5ms
02-03 12:43:20.001 D/dalvikvm(15954): GC_CONCURRENT freed 3911K, 47% free 9132K/16912K, paused 1ms+1ms, total 5ms
02-03 12:43:20.001 D/dalvikvm(15954): WAIT_FOR_CONCURRENT_GC blocked 5ms
02-03 12:43:20.011 D/dalvikvm(15954): GC_CONCURRENT freed 4070K, 46% free 9144K/16912K, paused 1ms+1ms, total 7ms
02-03 12:43:20.011 D/dalvikvm(15954): WAIT_FOR_CONCURRENT_GC blocked 5ms
02-03 12:43:20.021 D/dalvikvm(15954): GC_CONCURRENT freed 4137K, 47% free 9034K/16912K, paused 1ms+1ms, total 6ms
02-03 12:43:20.021 D/dalvikvm(15954): WAIT_FOR_CONCURRENT_GC blocked 5ms
02-03 12:43:20.031 D/dalvikvm(15954): GC_FOR_ALLOC freed 4101K, 47% free 8994K/16912K, paused 4ms, total 4ms
02-03 12:43:20.041 D/dalvikvm(15954): GC_CONCURRENT freed 3799K, 46% free 9169K/16912K, paused 1ms+1ms, total 6ms
02-03 12:43:20.041 D/dalvikvm(15954): WAIT_FOR_CONCURRENT_GC blocked 1ms
02-03 12:43:20.051 D/dalvikvm(15954): GC_CONCURRENT freed 4262K, 47% free 8997K/16912K, paused 1ms+1ms, total 5ms
02-03 12:43:20.051 D/dalvikvm(15954): WAIT_FOR_CONCURRENT_GC blocked 4ms
02-03 12:43:20.061 D/dalvikvm(15954): GC_CONCURRENT freed 3899K, 47% free 9085K/16912K, paused 1ms+0ms, total 5ms
02-03 12:43:20.061 D/dalvikvm(15954): WAIT_FOR_CONCURRENT_GC blocked 4ms
02-03 12:43:20.061 D/dalvikvm(15954): GC_FOR_ALLOC freed 4091K, 47% free 9035K/16912K, paused 4ms, total 4ms
02-03 12:43:20.071 D/dalvikvm(15954): GC_CONCURRENT freed 3763K, 46% free 9292K/16912K, paused 1ms+1ms, total 7ms
02-03 12:43:20.071 D/dalvikvm(15954): WAIT_FOR_CONCURRENT_GC blocked 3ms
02-03 12:43:20.081 D/dalvikvm(15954): GC_CONCURRENT freed 4184K, 47% free 9092K/16912K, paused 0ms+1ms, total 4ms
02-03 12:43:20.081 D/dalvikvm(15954): WAIT_FOR_CONCURRENT_GC blocked 4ms
02-03 12:43:20.081 D/dalvikvm(15954): GC_FOR_ALLOC freed 4096K, 47% free 9038K/16912K, paused 4ms, total 4ms
02-03 12:43:20.091 D/dalvikvm(15954): GC_CONCURRENT freed 3704K, 45% free 9317K/16912K, paused 0ms+1ms, total 6ms
02-03 12:43:20.091 D/dalvikvm(15954): WAIT_FOR_CONCURRENT_GC blocked 2ms
02-03 12:43:20.101 D/dalvikvm(15954): GC_FOR_ALLOC freed 4367K, 47% free 9039K/16912K, paused 4ms, total 4ms
02-03 12:43:20.101 D/dalvikvm(15954): GC_CONCURRENT freed 3484K, 44% free 9567K/16912K, paused 1ms+0ms, total 6ms
02-03 12:43:20.101 D/dalvikvm(15954): WAIT_FOR_CONCURRENT_GC blocked 2ms
02-03 12:43:20.111 D/dalvikvm(15954): GC_FOR_ALLOC freed 4572K, 47% free 9039K/16912K, paused 4ms, total 4ms
02-03 12:43:20.121 D/dalvikvm(15954): GC_CONCURRENT freed 3331K, 43% free 9688K/16912K, paused 1ms+1ms, total 6ms
02-03 12:43:20.121 D/dalvikvm(15954): WAIT_FOR_CONCURRENT_GC blocked 1ms
02-03 12:43:20.121 D/dalvikvm(15954): GC_CONCURRENT freed 4649K, 47% free 9071K/16912K, paused 1ms+1ms, total 5ms
02-03 12:43:20.121 D/dalvikvm(15954): WAIT_FOR_CONCURRENT_GC blocked 4ms
02-03 12:43:20.131 D/dalvikvm(15954): GC_FOR_ALLOC freed 3986K, 47% free 9006K/16912K, paused 4ms, total 4ms
02-03 12:43:20.141 D/dalvikvm(15954): GC_FOR_ALLOC freed 3863K, 46% free 9205K/16912K, paused 4ms, total 4ms
02-03 12:43:20.141 D/dalvikvm(15954): GC_CONCURRENT freed 3672K, 44% free 9472K/16912K, paused 1ms+1ms, total 6ms
02-03 12:43:20.141 D/dalvikvm(15954): WAIT_FOR_CONCURRENT_GC blocked 2ms
02-03 12:43:20.151 D/dalvikvm(15954): GC_CONCURRENT freed 4478K, 47% free 9071K/16912K, paused 0ms+1ms, total 5ms
02-03 12:43:20.151 D/dalvikvm(15954): WAIT_FOR_CONCURRENT_GC blocked 5ms
02-03 12:43:20.161 D/dalvikvm(15954): GC_FOR_ALLOC freed 3941K, 46% free 9211K/16912K, paused 4ms, total 4ms
02-03 12:43:20.171 D/dalvikvm(15954): GC_CONCURRENT freed 3512K, 44% free 9565K/16912K, paused 1ms+1ms, total 6ms
02-03 12:43:20.171 D/dalvikvm(15954): GC_FOR_ALLOC freed 4423K, 47% free 9029K/16912K, paused 4ms, total 4ms
02-03 12:43:20.181 D/dalvikvm(15954): GC_CONCURRENT freed 3767K, 46% free 9248K/16912K, paused 1ms+0ms, total 5ms
02-03 12:43:20.181 D/dalvikvm(15954): WAIT_FOR_CONCURRENT_GC blocked 4ms
02-03 12:43:20.191 D/dalvikvm(15954): GC_FOR_ALLOC freed 4200K, 47% free 9100K/16912K, paused 4ms, total 4ms
02-03 12:43:20.191 D/dalvikvm(15954): GC_CONCURRENT freed 3738K, 45% free 9400K/16912K, paused 1ms+1ms, total 6ms
02-03 12:43:20.191 D/dalvikvm(15954): WAIT_FOR_CONCURRENT_GC blocked 2ms
02-03 12:43:20.201 D/dalvikvm(15954): GC_FOR_ALLOC freed 4318K, 47% free 9099K/16912K, paused 4ms, total 4ms
02-03 12:43:20.211 D/dalvikvm(15954): GC_CONCURRENT freed 3297K, 43% free 9798K/16912K, paused 1ms+1ms, total 6ms
02-03 12:43:20.211 D/dalvikvm(15954): WAIT_FOR_CONCURRENT_GC blocked 3ms
02-03 12:43:20.211 D/dalvikvm(15954): GC_CONCURRENT freed 4671K, 46% free 9181K/16912K, paused 1ms+1ms, total 5ms
02-03 12:43:20.211 D/dalvikvm(15954): WAIT_FOR_CONCURRENT_GC blocked 4ms
02-03 12:43:20.221 D/dalvikvm(15954): GC_FOR_ALLOC freed 4111K, 47% free 9020K/16912K, paused 4ms, total 4ms
02-03 12:43:20.231 D/dalvikvm(15954): GC_CONCURRENT freed 3837K, 46% free 9186K/16912K, paused 0ms+1ms, total 4ms
02-03 12:43:20.231 D/dalvikvm(15954): WAIT_FOR_CONCURRENT_GC blocked 4ms
02-03 12:43:20.241 D/dalvikvm(15954): GC_CONCURRENT freed 4052K, 46% free 9191K/16912K, paused 1ms+1ms, total 5ms
02-03 12:43:20.241 D/dalvikvm(15954): WAIT_FOR_CONCURRENT_GC blocked 4ms
02-03 12:43:20.241 D/dalvikvm(15954): GC_FOR_ALLOC freed 3858K, 46% free 9274K/16912K, paused 4ms, total 4ms
02-03 12:43:20.251 D/dalvikvm(15954): GC_FOR_ALLOC freed 4160K, 46% free 9137K/16912K, paused 4ms, total 4ms
02-03 12:43:20.261 D/dalvikvm(15954): GC_CONCURRENT freed 3443K, 43% free 9647K/16912K, paused 1ms+1ms, total 6ms
02-03 12:43:20.261 D/dalvikvm(15954): WAIT_FOR_CONCURRENT_GC blocked 2ms
02-03 12:43:20.261 D/dalvikvm(15954): GC_CONCURRENT freed 4419K, 45% free 9309K/16912K, paused 1ms+1ms, total 5ms
02-03 12:43:20.261 D/dalvikvm(15954): WAIT_FOR_CONCURRENT_GC blocked 4ms
02-03 12:43:20.271 D/dalvikvm(15954): GC_FOR_ALLOC freed 4130K, 47% free 9047K/16912K, paused 4ms, total 4ms
02-03 12:43:20.281 D/dalvikvm(15954): GC_FOR_ALLOC freed 3905K, 46% free 9137K/16912K, paused 4ms, total 4ms
02-03 12:43:20.281 D/dalvikvm(15954): GC_CONCURRENT freed 3322K, 43% free 9764K/16912K, paused 0ms+1ms, total 5ms
02-03 12:43:20.281 D/dalvikvm(15954): WAIT_FOR_CONCURRENT_GC blocked 1ms
02-03 12:43:20.291 D/dalvikvm(15954): GC_CONCURRENT freed 4527K, 46% free 9230K/16912K, paused 1ms+0ms, total 5ms
02-03 12:43:20.291 D/dalvikvm(15954): WAIT_FOR_CONCURRENT_GC blocked 4ms
02-03 12:43:20.301 D/dalvikvm(15954): GC_FOR_ALLOC freed 4028K, 47% free 9050K/16912K, paused 4ms, total 4ms
02-03 12:43:20.311 D/dalvikvm(15954): GC_FOR_ALLOC freed 3884K, 47% free 9052K/16912K, paused 4ms, total 4ms
02-03 12:43:20.311 D/dalvikvm(15954): GC_FOR_ALLOC freed 3921K, 47% free 9054K/16912K, paused 4ms, total 4ms
02-03 12:43:20.321 D/dalvikvm(15954): GC_FOR_ALLOC freed 3959K, 47% free 9056K/16912K, paused 4ms, total 4ms
02-03 12:43:20.331 D/dalvikvm(15954): GC_CONCURRENT freed 3806K, 46% free 9248K/16912K, paused 1ms+1ms, total 5ms
02-03 12:43:20.331 D/dalvikvm(15954): WAIT_FOR_CONCURRENT_GC blocked 4ms
02-03 12:43:20.331 D/dalvikvm(15954): GC_CONCURRENT freed 4037K, 46% free 9247K/16912K, paused 0ms+1ms, total 5ms
02-03 12:43:20.331 D/dalvikvm(15954): WAIT_FOR_CONCURRENT_GC blocked 4ms
02-03 12:43:20.341 D/dalvikvm(15954): GC_CONCURRENT freed 4070K, 46% free 9251K/16912K, paused 1ms+1ms, total 5ms
02-03 12:43:20.341 D/dalvikvm(15954): WAIT_FOR_CONCURRENT_GC blocked 4ms
02-03 12:43:20.351 D/dalvikvm(15954): GC_FOR_ALLOC freed 3812K, 45% free 9352K/16912K, paused 4ms, total 4ms
02-03 12:43:20.351 D/dalvikvm(15954): GC_FOR_ALLOC freed 4143K, 46% free 9159K/16912K, paused 4ms, total 4ms
02-03 12:43:20.361 D/dalvikvm(15954): GC_FOR_ALLOC freed 3981K, 47% free 9062K/16912K, paused 4ms, total 4ms
02-03 12:43:20.371 D/dalvikvm(15954): GC_CONCURRENT freed 3712K, 45% free 9364K/16912K, paused 0ms+1ms, total 4ms
02-03 12:43:20.371 D/dalvikvm(15954): WAIT_FOR_CONCURRENT_GC blocked 5ms
02-03 12:43:20.381 D/dalvikvm(15954): GC_FOR_ALLOC freed 4250K, 46% free 9166K/16912K, paused 5ms, total 5ms
02-03 12:43:20.381 D/dalvikvm(15954): GC_CONCURRENT freed 3374K, 43% free 9777K/16912K, paused 0ms+1ms, total 6ms
02-03 12:43:20.381 D/dalvikvm(15954): WAIT_FOR_CONCURRENT_GC blocked 2ms
02-03 12:43:20.391 D/dalvikvm(15954): GC_FOR_ALLOC freed 4518K, 46% free 9171K/16912K, paused 4ms, total 4ms
02-03 12:43:20.401 D/dalvikvm(15954): GC_CONCURRENT freed 3944K, 46% free 9278K/16912K, paused 1ms+1ms, total 5ms
02-03 12:43:20.401 D/dalvikvm(15954): WAIT_FOR_CONCURRENT_GC blocked 4ms
02-03 12:43:20.401 D/dalvikvm(15954): GC_FOR_ALLOC freed 4080K, 46% free 9177K/16912K, paused 4ms, total 4ms
02-03 12:43:20.411 D/dalvikvm(15954): GC_CONCURRENT freed 3168K, 42% free 9914K/16912K, paused 1ms+1ms, total 6ms
02-03 12:43:20.411 D/dalvikvm(15954): WAIT_FOR_CONCURRENT_GC blocked 2ms
02-03 12:43:20.421 D/dalvikvm(15954): GC_FOR_ALLOC freed 4776K, 47% free 9076K/16912K, paused 4ms, total 4ms
02-03 12:43:20.421 D/dalvikvm(15954): GC_FOR_ALLOC freed 3963K, 46% free 9184K/16912K, paused 3ms, total 3ms
02-03 12:43:20.431 D/dalvikvm(15954): GC_CONCURRENT freed 3025K, 40% free 10153K/16912K, paused 0ms+1ms, total 5ms
02-03 12:43:20.431 D/dalvikvm(15954): WAIT_FOR_CONCURRENT_GC blocked 2ms
02-03 12:43:20.441 D/dalvikvm(15954): GC_CONCURRENT freed 4881K, 46% free 9298K/16912K, paused 1ms+1ms, total 5ms
02-03 12:43:20.441 D/dalvikvm(15954): WAIT_FOR_CONCURRENT_GC blocked 4ms
02-03 12:43:20.441 D/dalvikvm(15954): GC_FOR_ALLOC freed 4054K, 47% free 9078K/16912K, paused 4ms, total 4ms
02-03 12:43:20.451 D/dalvikvm(15954): GC_FOR_ALLOC freed 3858K, 47% free 9079K/16912K, paused 4ms, total 4ms
02-03 12:43:20.461 D/dalvikvm(15954): GC_FOR_ALLOC freed 3884K, 47% free 9081K/16912K, paused 4ms, total 4ms
02-03 12:43:20.461 D/dalvikvm(15954): GC_FOR_ALLOC freed 3910K, 47% free 9082K/16912K, paused 4ms, total 4ms
02-03 12:43:20.471 D/dalvikvm(15954): GC_FOR_ALLOC freed 3937K, 47% free 9084K/16912K, paused 4ms, total 4ms
02-03 12:43:20.481 D/dalvikvm(15954): GC_FOR_ALLOC freed 3963K, 47% free 9085K/16912K, paused 4ms, total 4ms
02-03 12:43:20.481 D/dalvikvm(15954): GC_CONCURRENT freed 3761K, 45% free 9315K/16912K, paused 0ms+1ms, total 5ms
02-03 12:43:20.481 D/dalvikvm(15954): WAIT_FOR_CONCURRENT_GC blocked 4ms
02-03 12:43:20.491 D/dalvikvm(15954): GC_CONCURRENT freed 4014K, 45% free 9318K/16912K, paused 1ms+1ms, total 5ms
02-03 12:43:20.491 D/dalvikvm(15954): WAIT_FOR_CONCURRENT_GC blocked 4ms
02-03 12:43:20.501 D/dalvikvm(15954): GC_CONCURRENT freed 4040K, 45% free 9321K/16912K, paused 0ms+1ms, total 4ms
02-03 12:43:20.501 D/dalvikvm(15954): WAIT_FOR_CONCURRENT_GC blocked 4ms
02-03 12:43:20.511 D/dalvikvm(15954): GC_CONCURRENT freed 4067K, 45% free 9324K/16912K, paused 1ms+1ms, total 5ms
02-03 12:43:20.511 D/dalvikvm(15954): WAIT_FOR_CONCURRENT_GC blocked 4ms
02-03 12:43:20.511 D/dalvikvm(15954): GC_FOR_ALLOC freed 3743K, 45% free 9444K/16912K, paused 4ms, total 4ms
02-03 12:43:20.521 D/dalvikvm(15954): GC_FOR_ALLOC freed 4123K, 46% free 9212K/16912K, paused 4ms, total 4ms
02-03 12:43:20.531 D/dalvikvm(15954): GC_FOR_ALLOC freed 3914K, 47% free 9096K/16912K, paused 4ms, total 4ms
02-03 12:43:20.531 D/dalvikvm(15954): GC_FOR_ALLOC freed 3581K, 45% free 9455K/16912K, paused 4ms, total 4ms
02-03 12:43:20.541 D/dalvikvm(15954): GC_CONCURRENT freed 4205K, 46% free 9219K/16912K, paused 0ms+1ms, total 5ms
02-03 12:43:20.541 D/dalvikvm(15954): WAIT_FOR_CONCURRENT_GC blocked 4ms
02-03 12:43:20.551 D/dalvikvm(15954): GC_FOR_ALLOC freed 3992K, 47% free 9101K/16912K, paused 4ms, total 4ms
02-03 12:43:20.551 D/dalvikvm(15954): GC_FOR_ALLOC freed 3651K, 45% free 9467K/16912K, paused 4ms, total 4ms
02-03 12:43:20.561 D/dalvikvm(15954): GC_CONCURRENT freed 3434K, 41% free 10079K/16912K, paused 1ms+1ms, total 7ms
02-03 12:43:20.561 D/dalvikvm(15954): WAIT_FOR_CONCURRENT_GC blocked 3ms
02-03 12:43:20.571 D/dalvikvm(15954): GC_FOR_ALLOC freed 4923K, 47% free 9106K/16912K, paused 4ms, total 4ms
02-03 12:43:20.571 D/dalvikvm(15954): GC_FOR_ALLOC freed 3722K, 44% free 9479K/16912K, paused 4ms, total 4ms
02-03 12:43:20.581 D/dalvikvm(15954): GC_CONCURRENT freed 3250K, 41% free 9978K/16912K, paused 1ms+1ms, total 7ms
02-03 12:43:20.581 D/dalvikvm(15954): WAIT_FOR_CONCURRENT_GC blocked 2ms
02-03 12:43:20.591 D/dalvikvm(15954): GC_FOR_ALLOC freed 4637K, 46% free 9235K/16912K, paused 4ms, total 4ms
02-03 12:43:20.591 D/dalvikvm(15954): GC_CONCURRENT freed 3917K, 45% free 9364K/16912K, paused 1ms+0ms, total 5ms
02-03 12:43:20.591 D/dalvikvm(15954): WAIT_FOR_CONCURRENT_GC blocked 4ms
02-03 12:43:20.601 D/dalvikvm(15954): GC_FOR_ALLOC freed 4065K, 46% free 9240K/16912K, paused 4ms, total 4ms
02-03 12:43:20.611 D/dalvikvm(15954): GC_CONCURRENT freed 3963K, 45% free 9370K/16912K, paused 1ms+1ms, total 5ms
02-03 12:43:20.611 D/dalvikvm(15954): WAIT_FOR_CONCURRENT_GC blocked 5ms
02-03 12:43:20.611 D/dalvikvm(15954): GC_FOR_ALLOC freed 4113K, 46% free 9244K/16912K, paused 4ms, total 4ms
02-03 12:43:20.621 D/dalvikvm(15954): GC_CONCURRENT freed 2976K, 40% free 10148K/16912K, paused 1ms+1ms, total 6ms
02-03 12:43:20.621 D/dalvikvm(15954): WAIT_FOR_CONCURRENT_GC blocked 3ms
02-03 12:43:20.631 D/dalvikvm(15954): GC_FOR_ALLOC freed 4933K, 47% free 9119K/16912K, paused 4ms, total 4ms
02-03 12:43:20.631 D/dalvikvm(15954): GC_FOR_ALLOC freed 3922K, 46% free 9251K/16912K, paused 4ms, total 4ms
02-03 12:43:20.641 D/dalvikvm(15954): GC_CONCURRENT freed 3026K, 40% free 10170K/16912K, paused 1ms+1ms, total 6ms
02-03 12:43:20.641 D/dalvikvm(15954): WAIT_FOR_CONCURRENT_GC blocked 3ms
02-03 12:43:20.651 D/dalvikvm(15954): GC_FOR_ALLOC freed 4353K, 44% free 9519K/16912K, paused 4ms, total 4ms
02-03 12:43:20.661 D/dalvikvm(15954): GC_CONCURRENT freed 4118K, 45% free 9390K/16912K, paused 0ms+1ms, total 5ms
02-03 12:43:20.661 D/dalvikvm(15954): WAIT_FOR_CONCURRENT_GC blocked 4ms
02-03 12:43:20.661 D/dalvikvm(15954): GC_FOR_ALLOC freed 4005K, 47% free 9126K/16912K, paused 4ms, total 5ms
02-03 12:43:20.671 D/dalvikvm(15954): GC_FOR_ALLOC freed 3758K, 47% free 9127K/16912K, paused 4ms, total 4ms
02-03 12:43:20.671 D/dalvikvm(15954): GC_FOR_ALLOC freed 3778K, 47% free 9129K/16912K, paused 3ms, total 3ms
02-03 12:43:20.681 D/dalvikvm(15954): GC_FOR_ALLOC freed 3797K, 47% free 9130K/16912K, paused 4ms, total 4ms
02-03 12:43:20.691 D/dalvikvm(15954): GC_FOR_ALLOC freed 3816K, 47% free 9131K/16912K, paused 4ms, total 4ms
02-03 12:43:20.691 D/dalvikvm(15954): GC_FOR_ALLOC freed 3835K, 46% free 9133K/16912K, paused 4ms, total 4ms
02-03 12:43:20.701 D/dalvikvm(15954): GC_FOR_ALLOC freed 3853K, 46% free 9134K/16912K, paused 4ms, total 4ms
02-03 12:43:20.711 D/dalvikvm(15954): GC_FOR_ALLOC freed 3872K, 46% free 9135K/16912K, paused 4ms, total 4ms
02-03 12:43:20.711 D/dalvikvm(15954): GC_FOR_ALLOC freed 3891K, 46% free 9137K/16912K, paused 4ms, total 4ms
02-03 12:43:20.721 D/dalvikvm(15954): GC_FOR_ALLOC freed 3910K, 46% free 9138K/16912K, paused 3ms, total 4ms
02-03 12:43:20.731 D/dalvikvm(15954): GC_FOR_ALLOC freed 3929K, 46% free 9139K/16912K, paused 4ms, total 4ms
02-03 12:43:20.731 D/dalvikvm(15954): GC_FOR_ALLOC freed 3947K, 46% free 9141K/16912K, paused 3ms, total 3ms
02-03 12:43:20.741 D/dalvikvm(15954): GC_FOR_ALLOC freed 3966K, 46% free 9142K/16912K, paused 4ms, total 4ms
02-03 12:43:20.751 D/dalvikvm(15954): GC_CONCURRENT freed 3560K, 44% free 9569K/16912K, paused 1ms+1ms, total 7ms
02-03 12:43:20.751 D/dalvikvm(15954): WAIT_FOR_CONCURRENT_GC blocked 2ms
02-03 12:43:20.751 D/dalvikvm(15954): GC_CONCURRENT freed 4143K, 45% free 9431K/16912K, paused 1ms+1ms, total 5ms
02-03 12:43:20.751 D/dalvikvm(15954): WAIT_FOR_CONCURRENT_GC blocked 4ms
02-03 12:43:20.761 D/dalvikvm(15954): GC_CONCURRENT freed 4021K, 45% free 9433K/16912K, paused 1ms+1ms, total 5ms
02-03 12:43:20.761 D/dalvikvm(15954): WAIT_FOR_CONCURRENT_GC blocked 5ms
02-03 12:43:20.771 D/dalvikvm(15954): GC_CONCURRENT freed 4040K, 45% free 9436K/16912K, paused 1ms+1ms, total 5ms
02-03 12:43:20.771 D/dalvikvm(15954): WAIT_FOR_CONCURRENT_GC blocked 4ms
02-03 12:43:20.781 D/dalvikvm(15954): GC_CONCURRENT freed 4059K, 45% free 9439K/16912K, paused 1ms+1ms, total 5ms
02-03 12:43:20.781 D/dalvikvm(15954): WAIT_FOR_CONCURRENT_GC blocked 4ms
02-03 12:43:20.781 D/dalvikvm(15954): GC_CONCURRENT freed 4078K, 45% free 9442K/16912K, paused 1ms+1ms, total 5ms
02-03 12:43:20.781 D/dalvikvm(15954): WAIT_FOR_CONCURRENT_GC blocked 4ms
02-03 12:43:20.791 D/dalvikvm(15954): GC_FOR_ALLOC freed 3656K, 44% free 9590K/16912K, paused 4ms, total 4ms
02-03 12:43:20.801 D/dalvikvm(15954): GC_FOR_ALLOC freed 4113K, 46% free 9299K/16912K, paused 4ms, total 4ms
02-03 12:43:20.801 D/dalvikvm(15954): GC_FOR_ALLOC freed 3837K, 46% free 9154K/16912K, paused 4ms, total 4ms
02-03 12:43:20.811 D/dalvikvm(15954): GC_FOR_ALLOC freed 3407K, 44% free 9599K/16912K, paused 4ms, total 4ms
02-03 12:43:20.821 D/dalvikvm(15954): GC_FOR_ALLOC freed 4165K, 45% free 9305K/16912K, paused 4ms, total 4ms
02-03 12:43:20.821 D/dalvikvm(15954): GC_FOR_ALLOC freed 3885K, 46% free 9158K/16912K, paused 4ms, total 4ms
02-03 12:43:20.831 D/dalvikvm(15954): GC_FOR_ALLOC freed 3449K, 44% free 9608K/16912K, paused 3ms, total 3ms
02-03 12:43:20.841 D/dalvikvm(15954): GC_FOR_ALLOC freed 4217K, 45% free 9310K/16912K, paused 4ms, total 4ms
02-03 12:43:20.841 D/dalvikvm(15954): GC_FOR_ALLOC freed 3933K, 46% free 9161K/16912K, paused 3ms, total 3ms
02-03 12:43:20.851 D/dalvikvm(15954): GC_FOR_ALLOC freed 3492K, 44% free 9617K/16912K, paused 4ms, total 4ms
02-03 12:43:20.861 D/dalvikvm(15954): GC_FOR_ALLOC freed 4269K, 45% free 9316K/16912K, paused 4ms, total 4ms
02-03 12:43:20.861 D/dalvikvm(15954): GC_FOR_ALLOC freed 3981K, 46% free 9165K/16912K, paused 4ms, total 4ms
02-03 12:43:20.871 D/dalvikvm(15954): GC_CONCURRENT freed 3534K, 44% free 9627K/16912K, paused 0ms+1ms, total 4ms
02-03 12:43:20.871 D/dalvikvm(15954): WAIT_FOR_CONCURRENT_GC blocked 4ms
02-03 12:43:20.881 D/dalvikvm(15954): GC_CONCURRENT freed 4320K, 45% free 9322K/16912K, paused 1ms+1ms, total 5ms
02-03 12:43:20.881 D/dalvikvm(15954): WAIT_FOR_CONCURRENT_GC blocked 4ms
02-03 12:43:20.881 D/dalvikvm(15954): GC_FOR_ALLOC freed 4029K, 46% free 9169K/16912K, paused 4ms, total 4ms
02-03 12:43:20.891 D/dalvikvm(15954): GC_FOR_ALLOC freed 3577K, 44% free 9636K/16912K, paused 4ms, total 4ms
02-03 12:43:20.901 D/dalvikvm(15954): GC_CONCURRENT freed 3283K, 39% free 10416K/16912K, paused 1ms+1ms, total 6ms
02-03 12:43:20.901 D/dalvikvm(15954): WAIT_FOR_CONCURRENT_GC blocked 3ms
02-03 12:43:20.901 D/dalvikvm(15954): GC_FOR_ALLOC freed 4381K, 45% free 9328K/16912K, paused 4ms, total 4ms
02-03 12:43:20.911 D/dalvikvm(15954): GC_FOR_ALLOC freed 4090K, 46% free 9173K/16912K, paused 4ms, total 4ms
02-03 12:43:20.921 D/dalvikvm(15954): GC_FOR_ALLOC freed 3631K, 45% free 9332K/16912K, paused 4ms, total 4ms
02-03 12:43:20.921 D/dalvikvm(15954): GC_FOR_ALLOC freed 4121K, 46% free 9176K/16912K, paused 4ms, total 4ms
02-03 12:43:20.931 D/dalvikvm(15954): GC_FOR_ALLOC freed 3658K, 45% free 9335K/16912K, paused 4ms, total 4ms
02-03 12:43:20.941 D/dalvikvm(15954): GC_CONCURRENT freed 3832K, 44% free 9497K/16912K, paused 1ms+1ms, total 5ms
02-03 12:43:20.941 D/dalvikvm(15954): WAIT_FOR_CONCURRENT_GC blocked 4ms
02-03 12:43:20.941 D/dalvikvm(15954): GC_FOR_ALLOC freed 4006K, 45% free 9339K/16912K, paused 4ms, total 4ms
02-03 12:43:20.951 D/dalvikvm(15954): GC_CONCURRENT freed 3862K, 44% free 9502K/16912K, paused 1ms+0ms, total 5ms
02-03 12:43:20.951 D/dalvikvm(15954): WAIT_FOR_CONCURRENT_GC blocked 4ms
02-03 12:43:20.961 D/dalvikvm(15954): GC_FOR_ALLOC freed 4036K, 45% free 9343K/16912K, paused 4ms, total 4ms
02-03 12:43:20.971 D/dalvikvm(15954): GC_CONCURRENT freed 3891K, 44% free 9507K/16912K, paused 1ms+1ms, total 5ms
02-03 12:43:20.971 D/dalvikvm(15954): WAIT_FOR_CONCURRENT_GC blocked 4ms
02-03 12:43:20.971 D/dalvikvm(15954): GC_FOR_ALLOC freed 4066K, 45% free 9346K/16912K, paused 4ms, total 4ms
02-03 12:43:20.981 D/dalvikvm(15954): GC_CONCURRENT freed 3921K, 44% free 9512K/16912K, paused 1ms+1ms, total 4ms
02-03 12:43:20.981 D/dalvikvm(15954): WAIT_FOR_CONCURRENT_GC blocked 4ms
02-03 12:43:20.991 D/dalvikvm(15954): GC_FOR_ALLOC freed 4098K, 45% free 9350K/16912K, paused 4ms, total 4ms
02-03 12:43:21.001 D/dalvikvm(15954): GC_FOR_ALLOC freed 3456K, 43% free 9681K/16912K, paused 4ms, total 4ms
02-03 12:43:21.001 D/dalvikvm(15954): GC_FOR_ALLOC freed 4295K, 46% free 9189K/16912K, paused 4ms, total 5ms
02-03 12:43:21.011 D/dalvikvm(15954): GC_CONCURRENT freed 3811K, 45% free 9356K/16912K, paused 1ms+1ms, total 5ms
02-03 12:43:21.011 D/dalvikvm(15954): WAIT_FOR_CONCURRENT_GC blocked 4ms
02-03 12:43:21.021 D/dalvikvm(15954): GC_FOR_ALLOC freed 3491K, 43% free 9689K/16912K, paused 4ms, total 4ms
02-03 12:43:21.021 D/dalvikvm(15954): GC_FOR_ALLOC freed 4335K, 46% free 9192K/16912K, paused 4ms, total 4ms
02-03 12:43:21.031 D/dalvikvm(15954): GC_CONCURRENT freed 3846K, 45% free 9360K/16912K, paused 1ms+1ms, total 5ms
02-03 12:43:21.031 D/dalvikvm(15954): WAIT_FOR_CONCURRENT_GC blocked 4ms
02-03 12:43:21.041 D/dalvikvm(15954): GC_FOR_ALLOC freed 4024K, 46% free 9194K/16912K, paused 4ms, total 4ms
02-03 12:43:21.041 D/dalvikvm(15954): GC_FOR_ALLOC freed 3871K, 46% free 9195K/16912K, paused 4ms, total 4ms
02-03 12:43:21.051 D/dalvikvm(15954): GC_CONCURRENT freed 3880K, 45% free 9365K/16912K, paused 1ms+1ms, total 5ms
02-03 12:43:21.051 D/dalvikvm(15954): WAIT_FOR_CONCURRENT_GC blocked 4ms
02-03 12:43:21.061 D/dalvikvm(15954): GC_FOR_ALLOC freed 3895K, 46% free 9222K/16912K, paused 5ms, total 5ms
02-03 12:43:21.071 D/dalvikvm(15954): GC_CONCURRENT freed 3733K, 44% free 9579K/16912K, paused 1ms+0ms, total 5ms
02-03 12:43:21.071 D/dalvikvm(15954): WAIT_FOR_CONCURRENT_GC blocked 4ms
02-03 12:43:21.081 D/dalvikvm(15954): GC_FOR_ALLOC freed 3952K, 49% free 8666K/16912K, paused 4ms, total 4ms
02-03 12:43:21.101 D/dalvikvm(15954): GC_CONCURRENT freed 3322K, 45% free 9387K/16912K, paused 1ms+1ms, total 4ms
02-03 12:43:21.161 D/dalvikvm(15954): GC_CONCURRENT freed 4509K, 47% free 8973K/16912K, paused 1ms+0ms, total 6ms
02-03 12:43:21.161 D/dalvikvm(15954): WAIT_FOR_CONCURRENT_GC blocked 6ms
02-03 12:43:21.171 D/dalvikvm(15954): GC_CONCURRENT freed 4076K, 48% free 8954K/16912K, paused 1ms+1ms, total 5ms
02-03 12:43:21.181 D/dalvikvm(15954): GC_FOR_ALLOC freed 4072K, 47% free 8965K/16912K, paused 4ms, total 4ms
02-03 12:43:21.191 D/dalvikvm(15954): GC_CONCURRENT freed 3621K, 45% free 9467K/16912K, paused 0ms+1ms, total 6ms
02-03 12:43:21.191 D/dalvikvm(15954): GC_CONCURRENT freed 4531K, 47% free 9023K/16912K, paused 1ms+1ms, total 5ms
02-03 12:43:21.191 D/dalvikvm(15954): WAIT_FOR_CONCURRENT_GC blocked 4ms
02-03 12:43:21.201 D/dalvikvm(15954): GC_CONCURRENT freed 4031K, 47% free 9002K/16912K, paused 1ms+1ms, total 5ms
02-03 12:43:21.201 D/dalvikvm(15954): WAIT_FOR_CONCURRENT_GC blocked 5ms
02-03 12:43:21.211 D/dalvikvm(15954): GC_CONCURRENT freed 3980K, 47% free 9111K/16912K, paused 0ms+0ms, total 5ms
02-03 12:43:21.211 D/dalvikvm(15954): WAIT_FOR_CONCURRENT_GC blocked 4ms
02-03 12:43:21.221 D/dalvikvm(15954): GC_FOR_ALLOC freed 4173K, 47% free 8973K/16912K, paused 4ms, total 4ms
02-03 12:43:21.221 D/dalvikvm(15954): GC_CONCURRENT freed 3764K, 46% free 9234K/16912K, paused 1ms+1ms, total 6ms
02-03 12:43:21.221 D/dalvikvm(15954): WAIT_FOR_CONCURRENT_GC blocked 1ms
02-03 12:43:21.231 D/dalvikvm(15954): GC_FOR_ALLOC freed 4228K, 47% free 9093K/16912K, paused 5ms, total 5ms
02-03 12:43:21.241 D/dalvikvm(15954): GC_CONCURRENT freed 3589K, 45% free 9302K/16912K, paused 0ms+1ms, total 6ms
02-03 12:43:21.241 D/dalvikvm(15954): GC_FOR_ALLOC freed 4345K, 47% free 9014K/16912K, paused 4ms, total 4ms
02-03 12:43:21.251 D/dalvikvm(15954): GC_CONCURRENT freed 3253K, 44% free 9519K/16912K, paused 1ms+1ms, total 6ms
02-03 12:43:21.261 D/dalvikvm(15954): GC_CONCURRENT freed 4499K, 47% free 9070K/16912K, paused 0ms+1ms, total 4ms
02-03 12:43:21.261 D/dalvikvm(15954): WAIT_FOR_CONCURRENT_GC blocked 3ms
02-03 12:43:21.271 D/dalvikvm(15954): GC_FOR_ALLOC freed 4042K, 47% free 9122K/16912K, paused 4ms, total 4ms
02-03 12:43:21.271 D/dalvikvm(15954): GC_CONCURRENT freed 3872K, 45% free 9332K/16912K, paused 0ms+1ms, total 5ms
02-03 12:43:21.281 D/dalvikvm(15954): GC_FOR_ALLOC freed 4196K, 46% free 9135K/16912K, paused 4ms, total 4ms
02-03 12:43:21.281 D/dalvikvm(15954): GC_CONCURRENT freed 3739K, 45% free 9350K/16912K, paused 0ms+1ms, total 5ms
02-03 12:43:21.281 D/dalvikvm(15954): WAIT_FOR_CONCURRENT_GC blocked 1ms
02-03 12:43:21.291 D/dalvikvm(15954): GC_FOR_ALLOC freed 4326K, 47% free 8972K/16912K, paused 4ms, total 4ms
02-03 12:43:21.301 D/dalvikvm(15954): GC_CONCURRENT freed 3933K, 47% free 9124K/16912K, paused 1ms+1ms, total 5ms
02-03 12:43:21.301 D/dalvikvm(15954): WAIT_FOR_CONCURRENT_GC blocked 4ms
02-03 12:43:21.311 D/dalvikvm(15954): GC_FOR_ALLOC freed 3975K, 46% free 9185K/16912K, paused 4ms, total 4ms
02-03 12:43:21.311 D/dalvikvm(15954): GC_CONCURRENT freed 3714K, 45% free 9423K/16912K, paused 1ms+1ms, total 6ms
02-03 12:43:21.311 D/dalvikvm(15954): WAIT_FOR_CONCURRENT_GC blocked 2ms
02-03 12:43:21.321 D/dalvikvm(15954): GC_FOR_ALLOC freed 4335K, 47% free 9004K/16912K, paused 4ms, total 4ms
02-03 12:43:21.331 D/dalvikvm(15954): GC_CONCURRENT freed 3870K, 46% free 9134K/16912K, paused 1ms+1ms, total 5ms
02-03 12:43:21.331 D/dalvikvm(15954): WAIT_FOR_CONCURRENT_GC blocked 3ms
02-03 12:43:21.341 D/dalvikvm(15954): GC_CONCURRENT freed 4084K, 46% free 9136K/16912K, paused 0ms+1ms, total 4ms
02-03 12:43:21.341 D/dalvikvm(15954): WAIT_FOR_CONCURRENT_GC blocked 4ms
02-03 12:43:21.341 D/dalvikvm(15954): GC_FOR_ALLOC freed 3967K, 46% free 9202K/16912K, paused 4ms, total 4ms
02-03 12:43:21.351 D/dalvikvm(15954): GC_CONCURRENT freed 3648K, 45% free 9468K/16912K, paused 1ms+1ms, total 6ms
02-03 12:43:21.351 D/dalvikvm(15954): WAIT_FOR_CONCURRENT_GC blocked 2ms
02-03 12:43:21.361 D/dalvikvm(15954): GC_FOR_ALLOC freed 4450K, 47% free 9069K/16912K, paused 4ms, total 4ms
02-03 12:43:21.361 D/dalvikvm(15954): GC_CONCURRENT freed 3571K, 44% free 9554K/16912K, paused 0ms+1ms, total 7ms
02-03 12:43:21.361 D/dalvikvm(15954): WAIT_FOR_CONCURRENT_GC blocked 3ms
02-03 12:43:21.371 D/dalvikvm(15954): GC_CONCURRENT freed 4327K, 46% free 9243K/16912K, paused 0ms+1ms, total 4ms
02-03 12:43:21.371 D/dalvikvm(15954): WAIT_FOR_CONCURRENT_GC blocked 5ms
02-03 12:43:21.381 D/dalvikvm(15954): GC_CONCURRENT freed 4049K, 46% free 9245K/16912K, paused 0ms+1ms, total 5ms
02-03 12:43:21.381 D/dalvikvm(15954): WAIT_FOR_CONCURRENT_GC blocked 5ms
02-03 12:43:21.391 D/dalvikvm(15954): GC_CONCURRENT freed 4116K, 47% free 9100K/16912K, paused 0ms+1ms, total 4ms
02-03 12:43:21.391 D/dalvikvm(15954): WAIT_FOR_CONCURRENT_GC blocked 5ms
02-03 12:43:21.391 D/dalvikvm(15954): GC_FOR_ALLOC freed 4033K, 47% free 9024K/16912K, paused 4ms, total 4ms
02-03 12:43:21.401 D/dalvikvm(15954): GC_FOR_ALLOC freed 3866K, 46% free 9250K/16912K, paused 4ms, total 4ms
02-03 12:43:21.411 D/dalvikvm(15954): GC_CONCURRENT freed 3622K, 44% free 9553K/16912K, paused 1ms+1ms, total 6ms
02-03 12:43:21.411 D/dalvikvm(15954): WAIT_FOR_CONCURRENT_GC blocked 2ms
02-03 12:43:21.411 D/dalvikvm(15954): GC_FOR_ALLOC freed 4512K, 47% free 9097K/16912K, paused 4ms, total 4ms
02-03 12:43:21.421 D/dalvikvm(15954): GC_CONCURRENT freed 3485K, 43% free 9646K/16912K, paused 0ms+1ms, total 6ms
02-03 12:43:21.421 D/dalvikvm(15954): WAIT_FOR_CONCURRENT_GC blocked 2ms
02-03 12:43:21.431 D/dalvikvm(15954): GC_FOR_ALLOC freed 4322K, 46% free 9288K/16912K, paused 4ms, total 4ms
02-03 12:43:21.431 D/dalvikvm(15954): GC_CONCURRENT freed 3985K, 46% free 9290K/16912K, paused 1ms+1ms, total 5ms
02-03 12:43:21.431 D/dalvikvm(15954): WAIT_FOR_CONCURRENT_GC blocked 4ms
02-03 12:43:21.441 D/dalvikvm(15954): GC_CONCURRENT freed 4038K, 46% free 9291K/16912K, paused 1ms+1ms, total 5ms
02-03 12:43:21.441 D/dalvikvm(15954): WAIT_FOR_CONCURRENT_GC blocked 4ms
02-03 12:43:21.451 D/dalvikvm(15954): GC_FOR_ALLOC freed 4093K, 46% free 9293K/16912K, paused 4ms, total 4ms
02-03 12:43:21.461 D/dalvikvm(15954): GC_CONCURRENT freed 250K, 46% free 9209K/16912K, paused 1ms+0ms, total 5ms
02-03 12:43:21.461 D/dalvikvm(15954): GC_CONCURRENT freed 3895K, 46% free 9294K/16912K, paused 0ms+1ms, total 5ms
02-03 12:43:21.461 D/dalvikvm(15954): WAIT_FOR_CONCURRENT_GC blocked 5ms
02-03 12:43:21.471 D/dalvikvm(15954): GC_FOR_ALLOC freed 4197K, 47% free 9124K/16912K, paused 4ms, total 4ms
02-03 12:43:21.481 D/dalvikvm(15954): GC_CONCURRENT freed 3645K, 45% free 9466K/16912K, paused 1ms+1ms, total 6ms
02-03 12:43:21.481 D/dalvikvm(15954): WAIT_FOR_CONCURRENT_GC blocked 2ms
02-03 12:43:21.481 D/dalvikvm(15954): GC_FOR_ALLOC freed 4286K, 47% free 9121K/16912K, paused 4ms, total 4ms
02-03 12:43:21.491 D/dalvikvm(15954): GC_FOR_ALLOC freed 3983K, 46% free 9234K/16912K, paused 4ms, total 4ms
02-03 12:43:21.501 D/dalvikvm(15954): GC_CONCURRENT freed 3676K, 44% free 9587K/16912K, paused 1ms+1ms, total 6ms
02-03 12:43:21.501 D/dalvikvm(15954): WAIT_FOR_CONCURRENT_GC blocked 2ms
02-03 12:43:21.501 D/dalvikvm(15954): GC_FOR_ALLOC freed 4242K, 45% free 9327K/16912K, paused 4ms, total 4ms
02-03 12:43:21.511 D/dalvikvm(15954): GC_CONCURRENT freed 3845K, 44% free 9508K/16912K, paused 1ms+1ms, total 5ms
02-03 12:43:21.511 D/dalvikvm(15954): WAIT_FOR_CONCURRENT_GC blocked 2ms
02-03 12:43:21.521 D/dalvikvm(15954): GC_FOR_ALLOC freed 4336K, 47% free 9052K/16912K, paused 4ms, total 4ms
02-03 12:43:21.521 D/dalvikvm(15954): GC_FOR_ALLOC freed 3915K, 47% free 9053K/16912K, paused 4ms, total 4ms
02-03 12:43:21.531 D/dalvikvm(15954): GC_FOR_ALLOC freed 3953K, 47% free 9055K/16912K, paused 4ms, total 4ms
02-03 12:43:21.541 D/dalvikvm(15954): GC_FOR_ALLOC freed 3991K, 47% free 9057K/16912K, paused 4ms, total 4ms
02-03 12:43:21.541 D/dalvikvm(15954): GC_CONCURRENT freed 190K, 46% free 9152K/16912K, paused 1ms+0ms, total 5ms
02-03 12:43:21.551 D/dalvikvm(15954): GC_FOR_ALLOC freed 4030K, 46% free 9154K/16912K, paused 4ms, total 4ms
02-03 12:43:21.551 D/dalvikvm(15954): GC_FOR_ALLOC freed 4068K, 46% free 9157K/16912K, paused 4ms, total 4ms
02-03 12:43:21.561 D/dalvikvm(15954): GC_CONCURRENT freed 3230K, 43% free 9742K/16912K, paused 0ms+1ms, total 6ms
02-03 12:43:21.561 D/dalvikvm(15954): WAIT_FOR_CONCURRENT_GC blocked 3ms
02-03 12:43:21.571 D/dalvikvm(15954): GC_FOR_ALLOC freed 4325K, 45% free 9360K/16912K, paused 5ms, total 5ms
02-03 12:43:21.581 D/dalvikvm(15954): GC_FOR_ALLOC freed 4174K, 46% free 9165K/16912K, paused 4ms, total 4ms
02-03 12:43:21.581 D/dalvikvm(15954): GC_CONCURRENT freed 3513K, 44% free 9565K/16912K, paused 1ms+1ms, total 6ms
02-03 12:43:21.581 D/dalvikvm(15954): WAIT_FOR_CONCURRENT_GC blocked 2ms
02-03 12:43:21.591 D/dalvikvm(15954): GC_FOR_ALLOC freed 4237K, 45% free 9372K/16912K, paused 4ms, total 4ms
02-03 12:43:21.591 D/dalvikvm(15954): GC_CONCURRENT freed 3573K, 42% free 9881K/16912K, paused 1ms+1ms, total 6ms
02-03 12:43:21.591 D/dalvikvm(15954): WAIT_FOR_CONCURRENT_GC blocked 1ms
02-03 12:43:21.601 D/dalvikvm(15954): GC_CONCURRENT freed 4617K, 46% free 9279K/16912K, paused 1ms+1ms, total 5ms
02-03 12:43:21.601 D/dalvikvm(15954): WAIT_FOR_CONCURRENT_GC blocked 4ms
02-03 12:43:21.611 D/dalvikvm(15954): GC_FOR_ALLOC freed 4043K, 46% free 9178K/16912K, paused 4ms, total 4ms
02-03 12:43:21.621 D/dalvikvm(15954): GC_CONCURRENT freed 3974K, 46% free 9286K/16912K, paused 0ms+1ms, total 4ms
02-03 12:43:21.621 D/dalvikvm(15954): WAIT_FOR_CONCURRENT_GC blocked 4ms
02-03 12:43:21.621 D/dalvikvm(15954): GC_FOR_ALLOC freed 4112K, 46% free 9183K/16912K, paused 4ms, total 4ms
02-03 12:43:21.631 D/dalvikvm(15954): GC_CONCURRENT freed 2977K, 41% free 10139K/16912K, paused 0ms+1ms, total 6ms
02-03 12:43:21.631 D/dalvikvm(15954): WAIT_FOR_CONCURRENT_GC blocked 3ms
02-03 12:43:21.641 D/dalvikvm(15954): GC_FOR_ALLOC freed 5027K, 47% free 9077K/16912K, paused 5ms, total 5ms
02-03 12:43:21.641 D/dalvikvm(15954): GC_FOR_ALLOC freed 3774K, 47% free 9079K/16912K, paused 4ms, total 4ms
02-03 12:43:21.651 D/dalvikvm(15954): GC_FOR_ALLOC freed 3801K, 47% free 9080K/16912K, paused 4ms, total 4ms
02-03 12:43:21.661 D/dalvikvm(15954): GC_FOR_ALLOC freed 3827K, 47% free 9082K/16912K, paused 4ms, total 4ms
02-03 12:43:21.661 D/dalvikvm(15954): GC_FOR_ALLOC freed 3853K, 47% free 9083K/16912K, paused 5ms, total 5ms
02-03 12:43:21.671 D/dalvikvm(15954): GC_FOR_ALLOC freed 3879K, 47% free 9084K/16912K, paused 4ms, total 4ms
02-03 12:43:21.681 D/dalvikvm(15954): GC_FOR_ALLOC freed 3905K, 47% free 9086K/16912K, paused 4ms, total 4ms
02-03 12:43:21.681 D/dalvikvm(15954): GC_FOR_ALLOC freed 3931K, 47% free 9087K/16912K, paused 4ms, total 4ms
02-03 12:43:21.691 D/dalvikvm(15954): GC_FOR_ALLOC freed 3957K, 47% free 9089K/16912K, paused 4ms, total 4ms
02-03 12:43:21.701 D/dalvikvm(15954): GC_CONCURRENT freed 3756K, 45% free 9318K/16912K, paused 1ms+1ms, total 5ms
02-03 12:43:21.701 D/dalvikvm(15954): WAIT_FOR_CONCURRENT_GC blocked 4ms
02-03 12:43:21.711 D/dalvikvm(15954): GC_CONCURRENT freed 4008K, 45% free 9321K/16912K, paused 0ms+0ms, total 5ms
02-03 12:43:21.711 D/dalvikvm(15954): WAIT_FOR_CONCURRENT_GC blocked 4ms
02-03 12:43:21.711 D/dalvikvm(15954): GC_CONCURRENT freed 4034K, 45% free 9324K/16912K, paused 0ms+1ms, total 4ms
02-03 12:43:21.711 D/dalvikvm(15954): WAIT_FOR_CONCURRENT_GC blocked 3ms
02-03 12:43:21.721 D/dalvikvm(15954): GC_CONCURRENT freed 4061K, 45% free 9327K/16912K, paused 1ms+1ms, total 5ms
02-03 12:43:21.721 D/dalvikvm(15954): WAIT_FOR_CONCURRENT_GC blocked 4ms
02-03 12:43:21.731 D/dalvikvm(15954): GC_CONCURRENT freed 4090K, 45% free 9331K/16912K, paused 1ms+1ms, total 5ms
02-03 12:43:21.731 D/dalvikvm(15954): WAIT_FOR_CONCURRENT_GC blocked 4ms
02-03 12:43:21.741 D/dalvikvm(15954): GC_FOR_ALLOC freed 3764K, 45% free 9451K/16912K, paused 4ms, total 4ms
02-03 12:43:21.741 D/dalvikvm(15954): GC_FOR_ALLOC freed 4146K, 46% free 9218K/16912K, paused 4ms, total 4ms
02-03 12:43:21.751 D/dalvikvm(15954): GC_FOR_ALLOC freed 3937K, 47% free 9101K/16912K, paused 4ms, total 4ms
02-03 12:43:21.761 D/dalvikvm(15954): GC_FOR_ALLOC freed 3601K, 45% free 9463K/16912K, paused 4ms, total 4ms
02-03 12:43:21.761 D/dalvikvm(15954): GC_CONCURRENT freed 4228K, 46% free 9225K/16912K, paused 1ms+1ms, total 6ms
02-03 12:43:21.761 D/dalvikvm(15954): WAIT_FOR_CONCURRENT_GC blocked 5ms
02-03 12:43:21.771 D/dalvikvm(15954): GC_FOR_ALLOC freed 4015K, 47% free 9106K/16912K, paused 4ms, total 4ms
02-03 12:43:21.781 D/dalvikvm(15954): GC_FOR_ALLOC freed 3671K, 44% free 9475K/16912K, paused 4ms, total 4ms
02-03 12:43:21.781 D/dalvikvm(15954): GC_CONCURRENT freed 3453K, 41% free 10090K/16912K, paused 1ms+1ms, total 6ms
02-03 12:43:21.781 D/dalvikvm(15954): WAIT_FOR_CONCURRENT_GC blocked 2ms
02-03 12:43:21.791 D/dalvikvm(15954): GC_CONCURRENT freed 4702K, 45% free 9359K/16912K, paused 1ms+1ms, total 5ms
02-03 12:43:21.791 D/dalvikvm(15954): WAIT_FOR_CONCURRENT_GC blocked 4ms
02-03 12:43:21.801 D/dalvikvm(15954): GC_FOR_ALLOC freed 3990K, 46% free 9237K/16912K, paused 4ms, total 4ms
02-03 12:43:21.811 D/dalvikvm(15954): GC_CONCURRENT freed 3891K, 45% free 9365K/16912K, paused 0ms+1ms, total 4ms
02-03 12:43:21.811 D/dalvikvm(15954): WAIT_FOR_CONCURRENT_GC blocked 4ms
02-03 12:43:21.811 D/dalvikvm(15954): GC_FOR_ALLOC freed 4039K, 46% free 9241K/16912K, paused 4ms, total 4ms
02-03 12:43:21.821 D/dalvikvm(15954): GC_CONCURRENT freed 3938K, 45% free 9371K/16912K, paused 1ms+0ms, total 5ms
02-03 12:43:21.821 D/dalvikvm(15954): WAIT_FOR_CONCURRENT_GC blocked 4ms
02-03 12:43:21.831 D/dalvikvm(15954): GC_FOR_ALLOC freed 4087K, 46% free 9246K/16912K, paused 4ms, total 4ms
02-03 12:43:21.831 D/dalvikvm(15954): GC_FOR_ALLOC freed 3596K, 44% free 9505K/16912K, paused 4ms, total 4ms
02-03 12:43:21.841 D/dalvikvm(15954): GC_FOR_ALLOC freed 4263K, 47% free 9121K/16912K, paused 4ms, total 4ms
02-03 12:43:21.851 D/dalvikvm(15954): GC_FOR_ALLOC freed 3897K, 46% free 9252K/16912K, paused 4ms, total 4ms
02-03 12:43:21.851 D/dalvikvm(15954): GC_CONCURRENT freed 3007K, 40% free 10165K/16912K, paused 1ms+1ms, total 6ms
02-03 12:43:21.851 D/dalvikvm(15954): WAIT_FOR_CONCURRENT_GC blocked 2ms
02-03 12:43:21.861 D/dalvikvm(15954): GC_FOR_ALLOC freed 4325K, 44% free 9519K/16912K, paused 4ms, total 4ms
02-03 12:43:21.871 D/dalvikvm(15954): GC_FOR_ALLOC freed 4356K, 47% free 9127K/16912K, paused 4ms, total 5ms
02-03 12:43:21.871 D/dalvikvm(15954): GC_FOR_ALLOC freed 3716K, 47% free 9128K/16912K, paused 4ms, total 4ms
02-03 12:43:21.881 D/dalvikvm(15954): GC_FOR_ALLOC freed 3735K, 47% free 9130K/16912K, paused 4ms, total 4ms
02-03 12:43:21.891 D/dalvikvm(15954): GC_FOR_ALLOC freed 3754K, 47% free 9131K/16912K, paused 4ms, total 4ms
02-03 12:43:21.891 D/dalvikvm(15954): GC_FOR_ALLOC freed 3773K, 46% free 9132K/16912K, paused 4ms, total 4ms
02-03 12:43:21.901 D/dalvikvm(15954): GC_FOR_ALLOC freed 3792K, 46% free 9134K/16912K, paused 4ms, total 4ms
02-03 12:43:21.911 D/dalvikvm(15954): GC_FOR_ALLOC freed 3811K, 46% free 9135K/16912K, paused 5ms, total 5ms
02-03 12:43:21.911 D/dalvikvm(15954): GC_FOR_ALLOC freed 3830K, 46% free 9136K/16912K, paused 4ms, total 4ms
02-03 12:43:21.921 D/dalvikvm(15954): GC_FOR_ALLOC freed 3849K, 46% free 9138K/16912K, paused 4ms, total 4ms
02-03 12:43:21.931 D/dalvikvm(15954): GC_FOR_ALLOC freed 3867K, 46% free 9139K/16912K, paused 4ms, total 4ms
02-03 12:43:21.931 D/dalvikvm(15954): GC_FOR_ALLOC freed 3886K, 46% free 9140K/16912K, paused 4ms, total 4ms
02-03 12:43:21.941 D/dalvikvm(15954): GC_FOR_ALLOC freed 3905K, 46% free 9142K/16912K, paused 4ms, total 4ms
02-03 12:43:21.951 D/dalvikvm(15954): GC_FOR_ALLOC freed 3924K, 46% free 9143K/16912K, paused 4ms, total 4ms
02-03 12:43:21.951 D/dalvikvm(15954): GC_FOR_ALLOC freed 3943K, 46% free 9144K/16912K, paused 4ms, total 4ms
02-03 12:43:21.961 D/dalvikvm(15954): GC_FOR_ALLOC freed 3961K, 46% free 9146K/16912K, paused 5ms, total 5ms
02-03 12:43:21.971 D/dalvikvm(15954): GC_CONCURRENT freed 3696K, 45% free 9431K/16912K, paused 0ms+1ms, total 4ms
02-03 12:43:21.971 D/dalvikvm(15954): WAIT_FOR_CONCURRENT_GC blocked 4ms
02-03 12:43:21.981 D/dalvikvm(15954): GC_CONCURRENT freed 3998K, 45% free 9434K/16912K, paused 0ms+0ms, total 5ms
02-03 12:43:21.981 D/dalvikvm(15954): WAIT_FOR_CONCURRENT_GC blocked 4ms
02-03 12:43:21.981 D/dalvikvm(15954): GC_CONCURRENT freed 4017K, 45% free 9437K/16912K, paused 1ms+1ms, total 5ms
02-03 12:43:21.981 D/dalvikvm(15954): WAIT_FOR_CONCURRENT_GC blocked 4ms
02-03 12:43:21.991 D/dalvikvm(15954): GC_CONCURRENT freed 4035K, 45% free 9440K/16912K, paused 0ms+0ms, total 5ms
02-03 12:43:21.991 D/dalvikvm(15954): WAIT_FOR_CONCURRENT_GC blocked 4ms
02-03 12:43:22.001 D/dalvikvm(15954): GC_CONCURRENT freed 4054K, 45% free 9442K/16912K, paused 1ms+1ms, total 5ms
02-03 12:43:22.001 D/dalvikvm(15954): WAIT_FOR_CONCURRENT_GC blocked 4ms
02-03 12:43:22.001 D/dalvikvm(15954): GC_CONCURRENT freed 4073K, 45% free 9445K/16912K, paused 0ms+1ms, total 4ms
02-03 12:43:22.011 D/dalvikvm(15954): WAIT_FOR_CONCURRENT_GC blocked 4ms
02-03 12:43:22.011 D/dalvikvm(15954): GC_CONCURRENT freed 4092K, 45% free 9448K/16912K, paused 1ms+1ms, total 5ms
02-03 12:43:22.011 D/dalvikvm(15954): WAIT_FOR_CONCURRENT_GC blocked 4ms
02-03 12:43:22.021 D/dalvikvm(15954): GC_FOR_ALLOC freed 3668K, 44% free 9596K/16912K, paused 4ms, total 4ms
02-03 12:43:22.031 D/dalvikvm(15954): GC_FOR_ALLOC freed 4127K, 45% free 9305K/16912K, paused 5ms, total 5ms
02-03 12:43:22.031 D/dalvikvm(15954): GC_FOR_ALLOC freed 3850K, 46% free 9159K/16912K, paused 4ms, total 4ms
02-03 12:43:22.041 D/dalvikvm(15954): GC_FOR_ALLOC freed 3418K, 44% free 9605K/16912K, paused 4ms, total 4ms
02-03 12:43:22.051 D/dalvikvm(15954): GC_FOR_ALLOC freed 4179K, 45% free 9310K/16912K, paused 4ms, total 4ms
02-03 12:43:22.051 D/dalvikvm(15954): GC_FOR_ALLOC freed 3898K, 46% free 9163K/16912K, paused 4ms, total 4ms
02-03 12:43:22.061 D/dalvikvm(15954): GC_FOR_ALLOC freed 3461K, 44% free 9615K/16912K, paused 5ms, total 5ms
02-03 12:43:22.071 D/dalvikvm(15954): GC_FOR_ALLOC freed 4231K, 45% free 9316K/16912K, paused 4ms, total 4ms
02-03 12:43:22.071 D/dalvikvm(15954): GC_FOR_ALLOC freed 3946K, 46% free 9166K/16912K, paused 4ms, total 4ms
02-03 12:43:22.081 D/dalvikvm(15954): GC_FOR_ALLOC freed 3503K, 44% free 9624K/16912K, paused 4ms, total 4ms
02-03 12:43:22.091 D/dalvikvm(15954): GC_CONCURRENT freed 4282K, 45% free 9322K/16912K, paused 1ms+1ms, total 5ms
02-03 12:43:22.091 D/dalvikvm(15954): WAIT_FOR_CONCURRENT_GC blocked 4ms
02-03 12:43:22.091 D/dalvikvm(15954): GC_FOR_ALLOC freed 3994K, 46% free 9170K/16912K, paused 4ms, total 4ms
02-03 12:43:22.101 D/dalvikvm(15954): GC_FOR_ALLOC freed 3546K, 44% free 9633K/16912K, paused 4ms, total 4ms
02-03 12:43:22.111 D/dalvikvm(15954): GC_CONCURRENT freed 3254K, 39% free 10407K/16912K, paused 1ms+0ms, total 7ms
02-03 12:43:22.111 D/dalvikvm(15954): WAIT_FOR_CONCURRENT_GC blocked 2ms
02-03 12:43:22.111 D/dalvikvm(15954): GC_FOR_ALLOC freed 4343K, 44% free 9639K/16912K, paused 4ms, total 4ms
02-03 12:43:22.121 D/dalvikvm(15954): GC_FOR_ALLOC freed 4055K, 46% free 9175K/16912K, paused 4ms, total 4ms
02-03 12:43:22.131 D/dalvikvm(15954): GC_FOR_ALLOC freed 3600K, 43% free 9645K/16912K, paused 4ms, total 4ms
02-03 12:43:22.131 D/dalvikvm(15954): GC_CONCURRENT freed 3304K, 39% free 10430K/16912K, paused 0ms+1ms, total 6ms
02-03 12:43:22.131 D/dalvikvm(15954): WAIT_FOR_CONCURRENT_GC blocked 2ms
02-03 12:43:22.141 D/dalvikvm(15954): GC_FOR_ALLOC freed 4409K, 45% free 9335K/16912K, paused 4ms, total 4ms
02-03 12:43:22.151 D/dalvikvm(15954): GC_FOR_ALLOC freed 4116K, 46% free 9179K/16912K, paused 4ms, total 4ms
02-03 12:43:22.151 D/dalvikvm(15954): GC_FOR_ALLOC freed 3654K, 45% free 9339K/16912K, paused 4ms, total 4ms
02-03 12:43:22.161 D/dalvikvm(15954): GC_CONCURRENT freed 3828K, 44% free 9501K/16912K, paused 1ms+1ms, total 5ms
02-03 12:43:22.161 D/dalvikvm(15954): WAIT_FOR_CONCURRENT_GC blocked 4ms
02-03 12:43:22.171 D/dalvikvm(15954): GC_FOR_ALLOC freed 4001K, 45% free 9343K/16912K, paused 4ms, total 4ms
02-03 12:43:22.181 D/dalvikvm(15954): GC_CONCURRENT freed 3858K, 44% free 9506K/16912K, paused 1ms+1ms, total 5ms
02-03 12:43:22.181 D/dalvikvm(15954): WAIT_FOR_CONCURRENT_GC blocked 4ms
02-03 12:43:22.181 D/dalvikvm(15954): GC_FOR_ALLOC freed 4031K, 45% free 9346K/16912K, paused 3ms, total 3ms
02-03 12:43:22.191 D/dalvikvm(15954): GC_CONCURRENT freed 3887K, 44% free 9510K/16912K, paused 1ms+1ms, total 5ms
02-03 12:43:22.191 D/dalvikvm(15954): WAIT_FOR_CONCURRENT_GC blocked 4ms
02-03 12:43:22.201 D/dalvikvm(15954): GC_FOR_ALLOC freed 4061K, 45% free 9350K/16912K, paused 4ms, total 4ms
02-03 12:43:22.201 D/dalvikvm(15954): GC_CONCURRENT freed 3916K, 44% free 9515K/16912K, paused 1ms+1ms, total 5ms
02-03 12:43:22.201 D/dalvikvm(15954): WAIT_FOR_CONCURRENT_GC blocked 4ms
02-03 12:43:22.211 D/dalvikvm(15954): GC_FOR_ALLOC freed 4094K, 45% free 9354K/16912K, paused 4ms, total 4ms
02-03 12:43:22.221 D/dalvikvm(15954): GC_FOR_ALLOC freed 3452K, 43% free 9684K/16912K, paused 4ms, total 4ms
02-03 12:43:22.221 D/dalvikvm(15954): GC_FOR_ALLOC freed 4290K, 46% free 9193K/16912K, paused 4ms, total 4ms
02-03 12:43:22.231 D/dalvikvm(15954): GC_CONCURRENT freed 3808K, 45% free 9359K/16912K, paused 1ms+1ms, total 5ms
02-03 12:43:22.231 D/dalvikvm(15954): WAIT_FOR_CONCURRENT_GC blocked 4ms
02-03 12:43:22.241 D/dalvikvm(15954): GC_FOR_ALLOC freed 3487K, 43% free 9692K/16912K, paused 4ms, total 4ms
02-03 12:43:22.241 D/dalvikvm(15954): GC_FOR_ALLOC freed 4331K, 46% free 9196K/16912K, paused 4ms, total 4ms
02-03 12:43:22.251 D/dalvikvm(15954): GC_CONCURRENT freed 3842K, 45% free 9364K/16912K, paused 1ms+1ms, total 5ms
02-03 12:43:22.251 D/dalvikvm(15954): WAIT_FOR_CONCURRENT_GC blocked 4ms
02-03 12:43:22.261 D/dalvikvm(15954): GC_FOR_ALLOC freed 3519K, 43% free 9700K/16912K, paused 4ms, total 4ms
02-03 12:43:22.261 D/dalvikvm(15954): GC_FOR_ALLOC freed 4370K, 46% free 9199K/16912K, paused 4ms, total 4ms
02-03 12:43:22.271 D/dalvikvm(15954): GC_CONCURRENT freed 3876K, 45% free 9368K/16912K, paused 1ms+1ms, total 5ms
02-03 12:43:22.271 D/dalvikvm(15954): WAIT_FOR_CONCURRENT_GC blocked 4ms
02-03 12:43:22.281 D/dalvikvm(15954): GC_CONCURRENT freed 4051K, 45% free 9372K/16912K, paused 1ms+1ms, total 5ms
02-03 12:43:22.281 D/dalvikvm(15954): WAIT_FOR_CONCURRENT_GC blocked 4ms
02-03 12:43:22.291 D/dalvikvm(15954): GC_FOR_ALLOC freed 3867K, 46% free 9226K/16912K, paused 4ms, total 4ms
02-03 12:43:22.301 D/dalvikvm(15954): GC_FOR_ALLOC freed 3752K, 46% free 9226K/16912K, paused 4ms, total 4ms
02-03 12:43:22.341 D/dalvikvm(15954): GC_FOR_ALLOC freed 1093K, 37% free 10718K/16912K, paused 4ms, total 4ms
02-03 12:43:22.421 D/dalvikvm(15954): GC_CONCURRENT freed 5883K, 48% free 8916K/16912K, paused 0ms+1ms, total 6ms
02-03 12:43:22.421 D/dalvikvm(15954): WAIT_FOR_CONCURRENT_GC blocked 5ms
02-03 12:43:22.431 D/dalvikvm(15954): GC_CONCURRENT freed 3970K, 47% free 9014K/16912K, paused 0ms+1ms, total 5ms
02-03 12:43:22.431 D/dalvikvm(15954): WAIT_FOR_CONCURRENT_GC blocked 4ms
02-03 12:43:22.441 D/dalvikvm(15954): GC_CONCURRENT freed 4118K, 48% free 8954K/16912K, paused 0ms+1ms, total 5ms
02-03 12:43:22.441 D/dalvikvm(15954): WAIT_FOR_CONCURRENT_GC blocked 5ms
02-03 12:43:22.441 D/dalvikvm(15954): GC_FOR_ALLOC freed 4075K, 48% free 8948K/16912K, paused 4ms, total 4ms
02-03 12:43:22.451 D/dalvikvm(15954): GC_CONCURRENT freed 3955K, 47% free 9007K/16912K, paused 1ms+0ms, total 5ms
02-03 12:43:22.461 D/dalvikvm(15954): GC_CONCURRENT freed 4101K, 48% free 8954K/16912K, paused 1ms+1ms, total 6ms
02-03 12:43:22.461 D/dalvikvm(15954): WAIT_FOR_CONCURRENT_GC blocked 5ms
02-03 12:43:22.471 D/dalvikvm(15954): GC_CONCURRENT freed 3980K, 47% free 9056K/16912K, paused 1ms+1ms, total 5ms
02-03 12:43:22.471 D/dalvikvm(15954): WAIT_FOR_CONCURRENT_GC blocked 4ms
02-03 12:43:22.481 D/dalvikvm(15954): GC_CONCURRENT freed 4055K, 47% free 9029K/16912K, paused 1ms+1ms, total 5ms
02-03 12:43:22.481 D/dalvikvm(15954): WAIT_FOR_CONCURRENT_GC blocked 4ms
02-03 12:43:22.491 D/dalvikvm(15954): GC_FOR_ALLOC freed 4044K, 47% free 9068K/16912K, paused 4ms, total 4ms
02-03 12:43:22.491 D/dalvikvm(15954): GC_CONCURRENT freed 3941K, 46% free 9186K/16912K, paused 1ms+1ms, total 6ms
02-03 12:43:22.491 D/dalvikvm(15954): WAIT_FOR_CONCURRENT_GC blocked 2ms
02-03 12:43:22.501 D/dalvikvm(15954): GC_CONCURRENT freed 4270K, 47% free 8997K/16912K, paused 1ms+1ms, total 5ms
02-03 12:43:22.501 D/dalvikvm(15954): WAIT_FOR_CONCURRENT_GC blocked 4ms
02-03 12:43:22.511 D/dalvikvm(15954): GC_FOR_ALLOC freed 3974K, 47% free 9088K/16912K, paused 4ms, total 4ms
02-03 12:43:22.511 D/dalvikvm(15954): GC_CONCURRENT freed 3928K, 46% free 9223K/16912K, paused 0ms+1ms, total 5ms
02-03 12:43:22.511 D/dalvikvm(15954): WAIT_FOR_CONCURRENT_GC blocked 1ms
02-03 12:43:22.521 D/dalvikvm(15954): GC_CONCURRENT freed 4211K, 47% free 9098K/16912K, paused 0ms+1ms, total 4ms
02-03 12:43:22.521 D/dalvikvm(15954): WAIT_FOR_CONCURRENT_GC blocked 4ms
02-03 12:43:22.531 D/dalvikvm(15954): GC_CONCURRENT freed 4139K, 47% free 9036K/16912K, paused 1ms+1ms, total 5ms
02-03 12:43:22.531 D/dalvikvm(15954): WAIT_FOR_CONCURRENT_GC blocked 4ms
02-03 12:43:22.541 D/dalvikvm(15954): GC_FOR_ALLOC freed 3927K, 46% free 9140K/16912K, paused 4ms, total 4ms
02-03 12:43:22.541 D/dalvikvm(15954): GC_CONCURRENT freed 3795K, 45% free 9402K/16912K, paused 1ms+1ms, total 6ms
02-03 12:43:22.541 D/dalvikvm(15954): WAIT_FOR_CONCURRENT_GC blocked 2ms
02-03 12:43:22.551 D/dalvikvm(15954): GC_CONCURRENT freed 4438K, 47% free 9039K/16912K, paused 1ms+1ms, total 5ms
02-03 12:43:22.551 D/dalvikvm(15954): WAIT_FOR_CONCURRENT_GC blocked 4ms
02-03 12:43:22.561 D/dalvikvm(15954): GC_FOR_ALLOC freed 3911K, 46% free 9152K/16912K, paused 4ms, total 4ms
02-03 12:43:22.561 D/dalvikvm(15954): GC_CONCURRENT freed 3733K, 45% free 9437K/16912K, paused 0ms+1ms, total 5ms
02-03 12:43:22.561 D/dalvikvm(15954): WAIT_FOR_CONCURRENT_GC blocked 1ms
02-03 12:43:22.571 D/dalvikvm(15954): GC_FOR_ALLOC freed 4402K, 47% free 9040K/16912K, paused 4ms, total 4ms
02-03 12:43:22.581 D/dalvikvm(15954): GC_CONCURRENT freed 3687K, 45% free 9395K/16912K, paused 0ms+1ms, total 6ms
02-03 12:43:22.581 D/dalvikvm(15954): WAIT_FOR_CONCURRENT_GC blocked 2ms
02-03 12:43:22.581 D/dalvikvm(15954): GC_FOR_ALLOC freed 4304K, 47% free 9011K/16912K, paused 4ms, total 4ms
02-03 12:43:22.591 D/dalvikvm(15954): GC_CONCURRENT freed 3842K, 46% free 9141K/16912K, paused 0ms+1ms, total 4ms
02-03 12:43:22.591 D/dalvikvm(15954): WAIT_FOR_CONCURRENT_GC blocked 4ms
02-03 12:43:22.601 D/dalvikvm(15954): GC_CONCURRENT freed 4056K, 46% free 9142K/16912K, paused 1ms+1ms, total 5ms
02-03 12:43:22.601 D/dalvikvm(15954): WAIT_FOR_CONCURRENT_GC blocked 4ms
02-03 12:43:22.611 D/dalvikvm(15954): GC_FOR_ALLOC freed 3941K, 46% free 9208K/16912K, paused 4ms, total 4ms
02-03 12:43:22.611 D/dalvikvm(15954): GC_CONCURRENT freed 3759K, 44% free 9538K/16912K, paused 1ms+1ms, total 8ms
02-03 12:43:22.611 D/dalvikvm(15954): WAIT_FOR_CONCURRENT_GC blocked 2ms
02-03 12:43:22.621 D/dalvikvm(15954): GC_FOR_ALLOC freed 4286K, 46% free 9213K/16912K, paused 4ms, total 4ms
02-03 12:43:22.631 D/dalvikvm(15954): GC_CONCURRENT freed 4097K, 46% free 9150K/16912K, paused 0ms+1ms, total 4ms
02-03 12:43:22.631 D/dalvikvm(15954): WAIT_FOR_CONCURRENT_GC blocked 4ms
02-03 12:43:22.631 D/dalvikvm(15954): GC_FOR_ALLOC freed 4103K, 47% free 9009K/16912K, paused 4ms, total 4ms
02-03 12:43:22.641 D/dalvikvm(15954): GC_CONCURRENT freed 3882K, 46% free 9156K/16912K, paused 1ms+1ms, total 5ms
02-03 12:43:22.641 D/dalvikvm(15954): WAIT_FOR_CONCURRENT_GC blocked 4ms
02-03 12:43:22.651 D/dalvikvm(15954): GC_CONCURRENT freed 4095K, 46% free 9156K/16912K, paused 1ms+0ms, total 5ms
02-03 12:43:22.651 D/dalvikvm(15954): WAIT_FOR_CONCURRENT_GC blocked 4ms
02-03 12:43:22.661 D/dalvikvm(15954): GC_FOR_ALLOC freed 3936K, 46% free 9231K/16912K, paused 4ms, total 4ms
02-03 12:43:22.661 D/dalvikvm(15954): GC_CONCURRENT freed 3172K, 42% free 9937K/16912K, paused 1ms+1ms, total 6ms
02-03 12:43:22.671 D/dalvikvm(15954): GC_FOR_ALLOC freed 4805K, 47% free 9112K/16912K, paused 4ms, total 4ms
02-03 12:43:22.681 D/dalvikvm(15954): GC_CONCURRENT freed 3420K, 43% free 9651K/16912K, paused 1ms+1ms, total 6ms
02-03 12:43:22.681 D/dalvikvm(15954): WAIT_FOR_CONCURRENT_GC blocked 1ms
02-03 12:43:22.681 D/dalvikvm(15954): GC_CONCURRENT freed 4470K, 46% free 9194K/16912K, paused 1ms+0ms, total 5ms
02-03 12:43:22.691 D/dalvikvm(15954): GC_FOR_ALLOC freed 4072K, 47% free 9035K/16912K, paused 4ms, total 4ms
02-03 12:43:22.701 D/dalvikvm(15954): GC_FOR_ALLOC freed 3967K, 47% free 9033K/16912K, paused 4ms, total 4ms
02-03 12:43:22.711 D/dalvikvm(15954): GC_CONCURRENT freed 3852K, 46% free 9200K/16912K, paused 1ms+0ms, total 5ms
02-03 12:43:22.711 D/dalvikvm(15954): WAIT_FOR_CONCURRENT_GC blocked 4ms
02-03 12:43:22.711 D/dalvikvm(15954): GC_CONCURRENT freed 4068K, 46% free 9204K/16912K, paused 1ms+1ms, total 5ms
02-03 12:43:22.711 D/dalvikvm(15954): WAIT_FOR_CONCURRENT_GC blocked 4ms
02-03 12:43:22.721 D/dalvikvm(15954): GC_FOR_ALLOC freed 3872K, 46% free 9288K/16912K, paused 4ms, total 4ms
02-03 12:43:22.731 D/dalvikvm(15954): GC_FOR_ALLOC freed 4175K, 47% free 9118K/16912K, paused 4ms, total 4ms
02-03 12:43:22.731 D/dalvikvm(15954): GC_CONCURRENT freed 3626K, 45% free 9458K/16912K, paused 1ms+1ms, total 6ms
02-03 12:43:22.731 D/dalvikvm(15954): WAIT_FOR_CONCURRENT_GC blocked 2ms
02-03 12:43:22.741 D/dalvikvm(15954): GC_FOR_ALLOC freed 4259K, 47% free 9120K/16912K, paused 4ms, total 4ms
02-03 12:43:22.751 D/dalvikvm(15954): GC_CONCURRENT freed 3964K, 46% free 9244K/16912K, paused 1ms+1ms, total 5ms
02-03 12:43:22.751 D/dalvikvm(15954): WAIT_FOR_CONCURRENT_GC blocked 4ms
02-03 12:43:22.751 D/dalvikvm(15954): GC_CONCURRENT freed 4098K, 46% free 9154K/16912K, paused 0ms+1ms, total 4ms
02-03 12:43:22.761 D/dalvikvm(15954): WAIT_FOR_CONCURRENT_GC blocked 4ms
02-03 12:43:22.761 D/dalvikvm(15954): GC_FOR_ALLOC freed 3779K, 45% free 9337K/16912K, paused 6ms, total 6ms
02-03 12:43:22.771 D/dalvikvm(15954): GC_CONCURRENT freed 4091K, 46% free 9251K/16912K, paused 1ms+1ms, total 5ms
02-03 12:43:22.771 D/dalvikvm(15954): WAIT_FOR_CONCURRENT_GC blocked 4ms
02-03 12:43:22.781 D/dalvikvm(15954): GC_FOR_ALLOC freed 4045K, 47% free 9067K/16912K, paused 4ms, total 4ms
02-03 12:43:22.781 D/dalvikvm(15954): GC_FOR_ALLOC freed 3896K, 47% free 9069K/16912K, paused 4ms, total 4ms
02-03 12:43:22.791 D/dalvikvm(15954): GC_FOR_ALLOC freed 3934K, 47% free 9070K/16912K, paused 4ms, total 4ms
02-03 12:43:22.801 D/dalvikvm(15954): GC_CONCURRENT freed 3782K, 46% free 9261K/16912K, paused 0ms+1ms, total 4ms
02-03 12:43:22.801 D/dalvikvm(15954): WAIT_FOR_CONCURRENT_GC blocked 4ms
02-03 12:43:22.811 D/dalvikvm(15954): GC_CONCURRENT freed 4203K, 47% free 9070K/16912K, paused 1ms+0ms, total 5ms
02-03 12:43:22.811 D/dalvikvm(15954): WAIT_FOR_CONCURRENT_GC blocked 4ms
02-03 12:43:22.811 D/dalvikvm(15954): GC_CONCURRENT freed 3854K, 46% free 9265K/16912K, paused 1ms+1ms, total 5ms
02-03 12:43:22.811 D/dalvikvm(15954): WAIT_FOR_CONCURRENT_GC blocked 4ms
02-03 12:43:22.821 D/dalvikvm(15954): GC_CONCURRENT freed 4083K, 46% free 9268K/16912K, paused 1ms+0ms, total 5ms
02-03 12:43:22.821 D/dalvikvm(15954): WAIT_FOR_CONCURRENT_GC blocked 4ms
02-03 12:43:22.831 D/dalvikvm(15954): GC_FOR_ALLOC freed 3824K, 45% free 9369K/16912K, paused 4ms, total 4ms
02-03 12:43:22.831 D/dalvikvm(15954): GC_FOR_ALLOC freed 4155K, 46% free 9175K/16912K, paused 4ms, total 4ms
02-03 12:43:22.841 D/dalvikvm(15954): GC_FOR_ALLOC freed 3993K, 47% free 9079K/16912K, paused 4ms, total 4ms
02-03 12:43:22.851 D/dalvikvm(15954): GC_FOR_ALLOC freed 3723K, 45% free 9382K/16912K, paused 4ms, total 4ms
02-03 12:43:22.851 D/dalvikvm(15954): GC_CONCURRENT freed 3556K, 42% free 9889K/16912K, paused 1ms+1ms, total 6ms
02-03 12:43:22.851 D/dalvikvm(15954): WAIT_FOR_CONCURRENT_GC blocked 2ms
02-03 12:43:22.861 D/dalvikvm(15954): GC_CONCURRENT freed 4597K, 46% free 9289K/16912K, paused 1ms+1ms, total 5ms
02-03 12:43:22.861 D/dalvikvm(15954): WAIT_FOR_CONCURRENT_GC blocked 4ms
02-03 12:43:22.871 D/dalvikvm(15954): GC_FOR_ALLOC freed 4029K, 46% free 9184K/16912K, paused 4ms, total 4ms
02-03 12:43:22.871 D/dalvikvm(15954): GC_CONCURRENT freed 3956K, 46% free 9292K/16912K, paused 0ms+1ms, total 4ms
02-03 12:43:22.871 D/dalvikvm(15954): WAIT_FOR_CONCURRENT_GC blocked 4ms
02-03 12:43:22.881 D/dalvikvm(15954): GC_FOR_ALLOC freed 4093K, 46% free 9190K/16912K, paused 4ms, total 4ms
02-03 12:43:22.891 D/dalvikvm(15954): GC_CONCURRENT freed 3177K, 42% free 9929K/16912K, paused 1ms+1ms, total 6ms
02-03 12:43:22.891 D/dalvikvm(15954): WAIT_FOR_CONCURRENT_GC blocked 1ms
02-03 12:43:22.891 D/dalvikvm(15954): GC_FOR_ALLOC freed 4790K, 47% free 9088K/16912K, paused 4ms, total 4ms
02-03 12:43:22.901 D/dalvikvm(15954): GC_FOR_ALLOC freed 3974K, 46% free 9197K/16912K, paused 4ms, total 4ms
02-03 12:43:22.911 D/dalvikvm(15954): GC_CONCURRENT freed 3249K, 42% free 9953K/16912K, paused 1ms+1ms, total 6ms
02-03 12:43:22.911 D/dalvikvm(15954): WAIT_FOR_CONCURRENT_GC blocked 2ms
02-03 12:43:22.921 D/dalvikvm(15954): GC_CONCURRENT freed 4679K, 45% free 9311K/16912K, paused 1ms+1ms, total 5ms
02-03 12:43:22.921 D/dalvikvm(15954): WAIT_FOR_CONCURRENT_GC blocked 4ms
02-03 12:43:22.921 D/dalvikvm(15954): GC_FOR_ALLOC freed 4061K, 47% free 9094K/16912K, paused 4ms, total 4ms
02-03 12:43:22.931 D/dalvikvm(15954): GC_FOR_ALLOC freed 3869K, 47% free 9096K/16912K, paused 4ms, total 4ms
02-03 12:43:22.941 D/dalvikvm(15954): GC_FOR_ALLOC freed 3895K, 47% free 9097K/16912K, paused 4ms, total 4ms
02-03 12:43:22.941 D/dalvikvm(15954): GC_FOR_ALLOC freed 3921K, 47% free 9099K/16912K, paused 4ms, total 4ms
02-03 12:43:22.951 D/dalvikvm(15954): GC_FOR_ALLOC freed 3947K, 47% free 9100K/16912K, paused 4ms, total 4ms
02-03 12:43:22.961 D/dalvikvm(15954): GC_CONCURRENT freed 3745K, 45% free 9330K/16912K, paused 1ms+1ms, total 5ms
02-03 12:43:22.961 D/dalvikvm(15954): WAIT_FOR_CONCURRENT_GC blocked 4ms
02-03 12:43:22.961 D/dalvikvm(15954): GC_CONCURRENT freed 3998K, 45% free 9332K/16912K, paused 1ms+1ms, total 5ms
02-03 12:43:22.961 D/dalvikvm(15954): WAIT_FOR_CONCURRENT_GC blocked 4ms
02-03 12:43:22.971 D/dalvikvm(15954): GC_CONCURRENT freed 4024K, 45% free 9335K/16912K, paused 0ms+1ms, total 4ms
02-03 12:43:22.971 D/dalvikvm(15954): WAIT_FOR_CONCURRENT_GC blocked 4ms
02-03 12:43:22.981 D/dalvikvm(15954): GC_CONCURRENT freed 4050K, 45% free 9338K/16912K, paused 1ms+1ms, total 5ms
02-03 12:43:22.981 D/dalvikvm(15954): WAIT_FOR_CONCURRENT_GC blocked 4ms
02-03 12:43:22.991 D/dalvikvm(15954): GC_CONCURRENT freed 4078K, 45% free 9341K/16912K, paused 0ms+1ms, total 4ms
02-03 12:43:22.991 D/dalvikvm(15954): WAIT_FOR_CONCURRENT_GC blocked 4ms
02-03 12:43:22.991 D/dalvikvm(15954): GC_FOR_ALLOC freed 3753K, 45% free 9461K/16912K, paused 4ms, total 4ms
02-03 12:43:23.001 D/dalvikvm(15954): GC_FOR_ALLOC freed 4135K, 46% free 9229K/16912K, paused 4ms, total 4ms
02-03 12:43:23.011 D/dalvikvm(15954): GC_FOR_ALLOC freed 3925K, 47% free 9113K/16912K, paused 4ms, total 5ms
02-03 12:43:23.011 D/dalvikvm(15954): GC_FOR_ALLOC freed 3591K, 44% free 9473K/16912K, paused 4ms, total 4ms
02-03 12:43:23.021 D/dalvikvm(15954): GC_CONCURRENT freed 4216K, 46% free 9236K/16912K, paused 1ms+2ms, total 6ms
02-03 12:43:23.021 D/dalvikvm(15954): WAIT_FOR_CONCURRENT_GC blocked 3ms
02-03 12:43:23.031 D/dalvikvm(15954): GC_FOR_ALLOC freed 4003K, 47% free 9118K/16912K, paused 4ms, total 4ms
02-03 12:43:23.041 D/dalvikvm(15954): GC_CONCURRENT freed 3661K, 44% free 9485K/16912K, paused 1ms+1ms, total 5ms
02-03 12:43:23.041 D/dalvikvm(15954): WAIT_FOR_CONCURRENT_GC blocked 4ms
02-03 12:43:23.061 D/dalvikvm(15954): GC_CONCURRENT freed 4299K, 46% free 9243K/16912K, paused 0ms+1ms, total 5ms
02-03 12:43:23.061 D/dalvikvm(15954): GC_FOR_ALLOC freed 4081K, 47% free 9122K/16912K, paused 5ms, total 5ms
02-03 12:43:23.071 W/BindingManager(18937): Cannot call determinedVisibility() - never saw a connection for the pid: 18937
02-03 12:43:23.071 D/dalvikvm(15954): GC_FOR_ALLOC freed 3732K, 46% free 9248K/16912K, paused 6ms, total 6ms
02-03 12:43:23.091 D/dalvikvm(15954): GC_CONCURRENT freed 3880K, 45% free 9376K/16912K, paused 1ms+1ms, total 6ms
02-03 12:43:23.091 D/dalvikvm(15954): WAIT_FOR_CONCURRENT_GC blocked 5ms
02-03 12:43:23.101 D/dalvikvm(15954): GC_FOR_ALLOC freed 4028K, 46% free 9252K/16912K, paused 5ms, total 5ms
02-03 12:43:23.111 D/dalvikvm(15954): GC_CONCURRENT freed 3927K, 45% free 9382K/16912K, paused 1ms+1ms, total 8ms
02-03 12:43:23.111 D/dalvikvm(15954): WAIT_FOR_CONCURRENT_GC blocked 6ms
02-03 12:43:23.121 D/dalvikvm(15954): GC_FOR_ALLOC freed 4076K, 46% free 9257K/16912K, paused 6ms, total 7ms
02-03 12:43:23.131 D/dalvikvm(15954): GC_FOR_ALLOC freed 3587K, 44% free 9515K/16912K, paused 5ms, total 5ms
02-03 12:43:23.141 D/dalvikvm(15954): GC_FOR_ALLOC freed 4252K, 46% free 9133K/16912K, paused 5ms, total 6ms
02-03 12:43:23.151 D/dalvikvm(15954): GC_CONCURRENT freed 3887K, 46% free 9263K/16912K, paused 1ms+1ms, total 5ms
02-03 12:43:23.151 D/dalvikvm(15954): WAIT_FOR_CONCURRENT_GC blocked 3ms
02-03 12:43:23.151 D/dalvikvm(15954): GC_FOR_ALLOC freed 3648K, 44% free 9526K/16912K, paused 4ms, total 4ms
02-03 12:43:23.161 D/dalvikvm(15954): GC_FOR_ALLOC freed 4323K, 46% free 9137K/16912K, paused 4ms, total 4ms
02-03 12:43:23.171 D/dalvikvm(15954): GC_CONCURRENT freed 3951K, 46% free 9270K/16912K, paused 1ms+1ms, total 8ms
02-03 12:43:23.171 D/dalvikvm(15954): WAIT_FOR_CONCURRENT_GC blocked 7ms
02-03 12:43:23.181 D/dalvikvm(15954): GC_CONCURRENT freed 3708K, 44% free 9537K/16912K, paused 1ms+2ms, total 7ms
02-03 12:43:23.181 D/dalvikvm(15954): WAIT_FOR_CONCURRENT_GC blocked 5ms
02-03 12:43:23.191 D/dalvikvm(15954): GC_CONCURRENT freed 4128K, 45% free 9408K/16912K, paused 1ms+0ms, total 5ms
02-03 12:43:23.191 D/dalvikvm(15954): WAIT_FOR_CONCURRENT_GC blocked 4ms
02-03 12:43:23.201 D/dalvikvm(15954): GC_FOR_ALLOC freed 4015K, 46% free 9143K/16912K, paused 5ms, total 5ms
02-03 12:43:23.211 D/dalvikvm(15954): GC_FOR_ALLOC freed 3768K, 46% free 9144K/16912K, paused 4ms, total 4ms
02-03 12:43:23.211 D/dalvikvm(15954): GC_FOR_ALLOC freed 3787K, 46% free 9145K/16912K, paused 4ms, total 4ms
02-03 12:43:23.221 D/dalvikvm(15954): GC_FOR_ALLOC freed 3806K, 46% free 9147K/16912K, paused 4ms, total 4ms
02-03 12:43:23.231 D/dalvikvm(15954): GC_FOR_ALLOC freed 3825K, 46% free 9148K/16912K, paused 4ms, total 4ms
02-03 12:43:23.231 D/dalvikvm(15954): GC_FOR_ALLOC freed 3844K, 46% free 9149K/16912K, paused 4ms, total 4ms
02-03 12:43:23.241 D/dalvikvm(15954): GC_FOR_ALLOC freed 3863K, 46% free 9151K/16912K, paused 4ms, total 4ms
02-03 12:43:23.251 D/dalvikvm(15954): GC_FOR_ALLOC freed 3882K, 46% free 9152K/16912K, paused 4ms, total 4ms
02-03 12:43:23.251 D/dalvikvm(15954): GC_FOR_ALLOC freed 3900K, 46% free 9153K/16912K, paused 4ms, total 4ms
02-03 12:43:23.261 D/dalvikvm(15954): GC_FOR_ALLOC freed 3919K, 46% free 9155K/16912K, paused 4ms, total 4ms
02-03 12:43:23.261 D/dalvikvm(15954): GC_FOR_ALLOC freed 3938K, 46% free 9156K/16912K, paused 4ms, total 4ms
02-03 12:43:23.271 D/dalvikvm(15954): GC_FOR_ALLOC freed 3957K, 46% free 9157K/16912K, paused 4ms, total 4ms
02-03 12:43:23.281 D/dalvikvm(15954): GC_CONCURRENT freed 3692K, 45% free 9443K/16912K, paused 1ms+1ms, total 5ms
02-03 12:43:23.281 D/dalvikvm(15954): WAIT_FOR_CONCURRENT_GC blocked 4ms
02-03 12:43:23.291 D/dalvikvm(15954): GC_CONCURRENT freed 3993K, 45% free 9445K/16912K, paused 1ms+1ms, total 5ms
02-03 12:43:23.291 D/dalvikvm(15954): WAIT_FOR_CONCURRENT_GC blocked 4ms
02-03 12:43:23.291 D/dalvikvm(15954): GC_CONCURRENT freed 4012K, 45% free 9448K/16912K, paused 1ms+1ms, total 5ms
02-03 12:43:23.291 D/dalvikvm(15954): WAIT_FOR_CONCURRENT_GC blocked 4ms
02-03 12:43:23.301 D/dalvikvm(15954): GC_CONCURRENT freed 4031K, 45% free 9451K/16912K, paused 0ms+1ms, total 4ms
02-03 12:43:23.301 D/dalvikvm(15954): WAIT_FOR_CONCURRENT_GC blocked 4ms
02-03 12:43:23.311 D/dalvikvm(15954): GC_FOR_ALLOC freed 4339K, 46% free 9164K/16912K, paused 4ms, total 4ms
02-03 12:43:23.321 D/dalvikvm(15954): GC_CONCURRENT freed 3779K, 45% free 9456K/16912K, paused 0ms+1ms, total 5ms
02-03 12:43:23.321 D/dalvikvm(15954): WAIT_FOR_CONCURRENT_GC blocked 4ms
02-03 12:43:23.321 D/dalvikvm(15954): GC_CONCURRENT freed 4087K, 45% free 9459K/16912K, paused 1ms+1ms, total 5ms
02-03 12:43:23.321 D/dalvikvm(15954): WAIT_FOR_CONCURRENT_GC blocked 4ms
02-03 12:43:23.331 D/dalvikvm(15954): GC_FOR_ALLOC freed 3664K, 44% free 9607K/16912K, paused 4ms, total 4ms
02-03 12:43:23.341 D/dalvikvm(15954): GC_FOR_ALLOC freed 4123K, 45% free 9316K/16912K, paused 4ms, total 4ms
02-03 12:43:23.341 D/dalvikvm(15954): GC_FOR_ALLOC freed 3845K, 46% free 9171K/16912K, paused 4ms, total 4ms
02-03 12:43:23.351 D/dalvikvm(15954): GC_FOR_ALLOC freed 3415K, 44% free 9617K/16912K, paused 4ms, total 4ms
02-03 12:43:23.351 D/dalvikvm(15954): GC_FOR_ALLOC freed 4174K, 45% free 9322K/16912K, paused 4ms, total 4ms
02-03 12:43:23.361 D/dalvikvm(15954): GC_FOR_ALLOC freed 3893K, 46% free 9174K/16912K, paused 3ms, total 4ms
02-03 12:43:23.371 D/dalvikvm(15954): GC_FOR_ALLOC freed 3457K, 44% free 9626K/16912K, paused 4ms, total 4ms
02-03 12:43:23.371 D/dalvikvm(15954): GC_FOR_ALLOC freed 4226K, 45% free 9327K/16912K, paused 4ms, total 4ms
02-03 12:43:23.381 D/dalvikvm(15954): GC_FOR_ALLOC freed 3941K, 46% free 9178K/16912K, paused 4ms, total 4ms
02-03 12:43:23.391 D/dalvikvm(15954): GC_FOR_ALLOC freed 3500K, 44% free 9635K/16912K, paused 3ms, total 3ms
02-03 12:43:23.391 D/dalvikvm(15954): GC_CONCURRENT freed 4278K, 45% free 9333K/16912K, paused 1ms+1ms, total 5ms
02-03 12:43:23.391 D/dalvikvm(15954): WAIT_FOR_CONCURRENT_GC blocked 4ms
02-03 12:43:23.401 D/dalvikvm(15954): GC_FOR_ALLOC freed 3990K, 46% free 9182K/16912K, paused 4ms, total 4ms
02-03 12:43:23.411 D/dalvikvm(15954): GC_FOR_ALLOC freed 3542K, 43% free 9644K/16912K, paused 4ms, total 4ms
02-03 12:43:23.411 D/dalvikvm(15954): GC_CONCURRENT freed 3251K, 39% free 10417K/16912K, paused 1ms+1ms, total 7ms
02-03 12:43:23.411 D/dalvikvm(15954): WAIT_FOR_CONCURRENT_GC blocked 2ms
02-03 12:43:23.421 D/dalvikvm(15954): GC_FOR_ALLOC freed 4338K, 43% free 9650K/16912K, paused 4ms, total 4ms
02-03 12:43:23.431 D/dalvikvm(15954): GC_FOR_ALLOC freed 4051K, 46% free 9186K/16912K, paused 4ms, total 4ms
02-03 12:43:23.431 D/dalvikvm(15954): GC_FOR_ALLOC freed 3596K, 43% free 9656K/16912K, paused 4ms, total 4ms
02-03 12:43:23.441 D/dalvikvm(15954): GC_CONCURRENT freed 3300K, 39% free 10440K/16912K, paused 1ms+1ms, total 7ms
02-03 12:43:23.441 D/dalvikvm(15954): WAIT_FOR_CONCURRENT_GC blocked 2ms
02-03 12:43:23.451 D/dalvikvm(15954): GC_FOR_ALLOC freed 4404K, 45% free 9347K/16912K, paused 4ms, total 4ms
02-03 12:43:23.451 D/dalvikvm(15954): GC_FOR_ALLOC freed 4112K, 46% free 9191K/16912K, paused 4ms, total 4ms
02-03 12:43:23.461 D/dalvikvm(15954): GC_FOR_ALLOC freed 3650K, 45% free 9350K/16912K, paused 4ms, total 4ms
02-03 12:43:23.471 D/dalvikvm(15954): GC_CONCURRENT freed 3824K, 44% free 9512K/16912K, paused 1ms+1ms, total 5ms
02-03 12:43:23.471 D/dalvikvm(15954): WAIT_FOR_CONCURRENT_GC blocked 4ms
02-03 12:43:23.471 D/dalvikvm(15954): GC_FOR_ALLOC freed 3997K, 45% free 9354K/16912K, paused 4ms, total 4ms
02-03 12:43:23.481 D/dalvikvm(15954): GC_CONCURRENT freed 3854K, 44% free 9517K/16912K, paused 0ms+1ms, total 4ms
02-03 12:43:23.481 D/dalvikvm(15954): WAIT_FOR_CONCURRENT_GC blocked 4ms
02-03 12:43:23.491 D/dalvikvm(15954): GC_FOR_ALLOC freed 4027K, 45% free 9357K/16912K, paused 4ms, total 4ms
02-03 12:43:23.501 D/dalvikvm(15954): GC_CONCURRENT freed 3883K, 44% free 9522K/16912K, paused 1ms+0ms, total 5ms
02-03 12:43:23.501 D/dalvikvm(15954): WAIT_FOR_CONCURRENT_GC blocked 4ms
02-03 12:43:23.501 D/dalvikvm(15954): GC_FOR_ALLOC freed 4057K, 45% free 9361K/16912K, paused 4ms, total 4ms
02-03 12:43:23.511 D/dalvikvm(15954): GC_CONCURRENT freed 3912K, 44% free 9527K/16912K, paused 1ms+1ms, total 5ms
02-03 12:43:23.511 D/dalvikvm(15954): WAIT_FOR_CONCURRENT_GC blocked 4ms
02-03 12:43:23.521 D/dalvikvm(15954): GC_FOR_ALLOC freed 4089K, 45% free 9365K/16912K, paused 4ms, total 4ms
02-03 12:43:23.521 D/dalvikvm(15954): GC_FOR_ALLOC freed 3448K, 43% free 9695K/16912K, paused 4ms, total 4ms
02-03 12:43:23.531 D/dalvikvm(15954): GC_FOR_ALLOC freed 4286K, 46% free 9204K/16912K, paused 4ms, total 4ms
02-03 12:43:23.541 D/dalvikvm(15954): GC_CONCURRENT freed 3804K, 45% free 9371K/16912K, paused 1ms+1ms, total 5ms
02-03 12:43:23.541 D/dalvikvm(15954): WAIT_FOR_CONCURRENT_GC blocked 4ms
02-03 12:43:23.541 D/dalvikvm(15954): GC_FOR_ALLOC freed 3484K, 43% free 9704K/16912K, paused 4ms, total 4ms
02-03 12:43:23.551 D/dalvikvm(15954): GC_FOR_ALLOC freed 4327K, 46% free 9207K/16912K, paused 4ms, total 4ms
02-03 12:43:23.561 D/dalvikvm(15954): GC_CONCURRENT freed 3839K, 45% free 9375K/16912K, paused 1ms+0ms, total 5ms
02-03 12:43:23.561 D/dalvikvm(15954): WAIT_FOR_CONCURRENT_GC blocked 4ms
02-03 12:43:23.571 D/dalvikvm(15954): GC_FOR_ALLOC freed 3516K, 43% free 9711K/16912K, paused 4ms, total 4ms
02-03 12:43:23.571 D/dalvikvm(15954): GC_FOR_ALLOC freed 4366K, 46% free 9210K/16912K, paused 4ms, total 4ms
02-03 12:43:23.581 D/dalvikvm(15954): GC_CONCURRENT freed 3873K, 45% free 9380K/16912K, paused 1ms+1ms, total 5ms
02-03 12:43:23.581 D/dalvikvm(15954): WAIT_FOR_CONCURRENT_GC blocked 4ms
02-03 12:43:23.591 D/dalvikvm(15954): GC_FOR_ALLOC freed 3932K, 45% free 9382K/16912K, paused 4ms, total 4ms
02-03 12:43:23.601 D/dalvikvm(15954): GC_FOR_ALLOC freed 3921K, 46% free 9202K/16912K, paused 4ms, total 4ms
02-03 12:43:23.601 D/dalvikvm(15954): GC_FOR_ALLOC freed 3751K, 46% free 9202K/16912K, paused 4ms, total 4ms
02-03 12:43:23.611 D/dalvikvm(15954): GC_FOR_ALLOC freed 2340K, 37% free 10698K/16912K, paused 4ms, total 4ms
02-03 12:43:23.661 W/BindingManager(18937): Cannot call determinedVisibility() - never saw a connection for the pid: 18937
02-03 12:43:23.701 D/dalvikvm(15954): GC_CONCURRENT freed 5761K, 42% free 9835K/16912K, paused 1ms+1ms, total 9ms
02-03 12:43:23.721 D/dalvikvm(15954): GC_CONCURRENT freed 4893K, 48% free 8932K/16912K, paused 0ms+1ms, total 7ms
02-03 12:43:23.731 D/dalvikvm(15954): GC_CONCURRENT freed 4054K, 47% free 8971K/16912K, paused 1ms+1ms, total 6ms
02-03 12:43:23.731 D/dalvikvm(15954): WAIT_FOR_CONCURRENT_GC blocked 2ms
02-03 12:43:23.741 D/dalvikvm(15954): GC_CONCURRENT freed 4077K, 48% free 8959K/16912K, paused 1ms+1ms, total 5ms
02-03 12:43:23.741 D/dalvikvm(15954): WAIT_FOR_CONCURRENT_GC blocked 5ms
02-03 12:43:23.751 D/dalvikvm(15954): GC_FOR_ALLOC freed 3998K, 47% free 9026K/16912K, paused 7ms, total 7ms
02-03 12:43:23.761 D/dalvikvm(15954): GC_CONCURRENT freed 3914K, 45% free 9367K/16912K, paused 1ms+2ms, total 8ms
02-03 12:43:23.771 D/dalvikvm(15954): GC_CONCURRENT freed 4392K, 47% free 9043K/16912K, paused 1ms+0ms, total 6ms
02-03 12:43:23.771 D/dalvikvm(15954): WAIT_FOR_CONCURRENT_GC blocked 5ms
02-03 12:43:23.781 D/dalvikvm(15954): GC_CONCURRENT freed 4058K, 47% free 9015K/16912K, paused 1ms+1ms, total 5ms
02-03 12:43:23.781 D/dalvikvm(15954): WAIT_FOR_CONCURRENT_GC blocked 4ms
02-03 12:43:23.791 D/dalvikvm(15954): GC_FOR_ALLOC freed 4109K, 47% free 8978K/16912K, paused 4ms, total 4ms
02-03 12:43:23.791 D/dalvikvm(15954): GC_CONCURRENT freed 2784K, 45% free 9410K/16912K, paused 1ms+1ms, total 6ms
02-03 12:43:23.801 D/dalvikvm(15954): GC_CONCURRENT freed 4349K, 47% free 9098K/16912K, paused 0ms+1ms, total 5ms
02-03 12:43:23.801 D/dalvikvm(15954): WAIT_FOR_CONCURRENT_GC blocked 5ms
02-03 12:43:23.811 D/dalvikvm(15954): GC_CONCURRENT freed 4105K, 47% free 9064K/16912K, paused 1ms+1ms, total 5ms
02-03 12:43:23.811 D/dalvikvm(15954): WAIT_FOR_CONCURRENT_GC blocked 4ms
02-03 12:43:23.821 D/dalvikvm(15954): GC_FOR_ALLOC freed 4016K, 47% free 9113K/16912K, paused 4ms, total 4ms
02-03 12:43:23.821 D/dalvikvm(15954): GC_CONCURRENT freed 3897K, 45% free 9453K/16912K, paused 1ms+1ms, total 6ms
02-03 12:43:23.831 D/dalvikvm(15954): GC_CONCURRENT freed 4378K, 47% free 9079K/16912K, paused 1ms+0ms, total 5ms
02-03 12:43:23.831 D/dalvikvm(15954): WAIT_FOR_CONCURRENT_GC blocked 4ms
02-03 12:43:23.841 D/dalvikvm(15954): GC_FOR_ALLOC freed 4139K, 47% free 9029K/16912K, paused 4ms, total 4ms
02-03 12:43:23.841 D/dalvikvm(15954): GC_CONCURRENT freed 3703K, 45% free 9392K/16912K, paused 1ms+1ms, total 6ms
02-03 12:43:23.841 D/dalvikvm(15954): WAIT_FOR_CONCURRENT_GC blocked 2ms
02-03 12:43:23.851 D/dalvikvm(15954): GC_CONCURRENT freed 4329K, 47% free 9091K/16912K, paused 1ms+0ms, total 5ms
02-03 12:43:23.851 D/dalvikvm(15954): WAIT_FOR_CONCURRENT_GC blocked 4ms
02-03 12:43:23.861 D/dalvikvm(15954): GC_FOR_ALLOC freed 4141K, 47% free 9035K/16912K, paused 4ms, total 4ms
02-03 12:43:23.871 D/dalvikvm(15954): GC_CONCURRENT freed 3630K, 45% free 9431K/16912K, paused 1ms+1ms, total 6ms
02-03 12:43:23.871 D/dalvikvm(15954): WAIT_FOR_CONCURRENT_GC blocked 2ms
02-03 12:43:23.871 D/dalvikvm(15954): GC_FOR_ALLOC freed 4406K, 47% free 8977K/16912K, paused 4ms, total 4ms
02-03 12:43:23.881 D/dalvikvm(15954): GC_FOR_ALLOC freed 3926K, 47% free 9068K/16912K, paused 4ms, total 4ms
02-03 12:43:23.891 D/dalvikvm(15954): GC_CONCURRENT freed 3466K, 44% free 9618K/16912K, paused 1ms+1ms, total 7ms
02-03 12:43:23.891 D/dalvikvm(15954): WAIT_FOR_CONCURRENT_GC blocked 2ms
02-03 12:43:23.891 D/dalvikvm(15954): GC_CONCURRENT freed 4402K, 46% free 9195K/16912K, paused 0ms+1ms, total 4ms
02-03 12:43:23.891 D/dalvikvm(15954): WAIT_FOR_CONCURRENT_GC blocked 5ms
02-03 12:43:23.901 D/dalvikvm(15954): GC_FOR_ALLOC freed 4061K, 46% free 9198K/16912K, paused 4ms, total 4ms
02-03 12:43:23.911 D/dalvikvm(15954): GC_CONCURRENT freed 3692K, 44% free 9522K/16912K, paused 0ms+1ms, total 6ms
02-03 12:43:23.911 D/dalvikvm(15954): WAIT_FOR_CONCURRENT_GC blocked 2ms
02-03 12:43:23.921 D/dalvikvm(15954): GC_CONCURRENT freed 4410K, 46% free 9141K/16912K, paused 0ms+1ms, total 5ms
02-03 12:43:23.921 D/dalvikvm(15954): WAIT_FOR_CONCURRENT_GC blocked 5ms
02-03 12:43:23.921 D/dalvikvm(15954): GC_CONCURRENT freed 4102K, 47% free 9072K/16912K, paused 0ms+1ms, total 4ms
02-03 12:43:23.921 D/dalvikvm(15954): WAIT_FOR_CONCURRENT_GC blocked 5ms
02-03 12:43:23.931 D/dalvikvm(15954): GC_FOR_ALLOC freed 3899K, 46% free 9212K/16912K, paused 4ms, total 4ms
02-03 12:43:23.941 D/dalvikvm(15954): GC_CONCURRENT freed 3616K, 44% free 9563K/16912K, paused 0ms+1ms, total 6ms
02-03 12:43:23.941 D/dalvikvm(15954): WAIT_FOR_CONCURRENT_GC blocked 2ms
02-03 12:43:23.941 D/dalvikvm(15954): GC_CONCURRENT freed 4382K, 46% free 9247K/16912K, paused 0ms+1ms, total 4ms
02-03 12:43:23.941 D/dalvikvm(15954): WAIT_FOR_CONCURRENT_GC blocked 4ms
02-03 12:43:23.951 D/dalvikvm(15954): GC_FOR_ALLOC freed 4099K, 47% free 9102K/16912K, paused 4ms, total 4ms
02-03 12:43:23.961 D/dalvikvm(15954): GC_FOR_ALLOC freed 4017K, 47% free 9028K/16912K, paused 4ms, total 4ms
02-03 12:43:23.961 D/dalvikvm(15954): GC_FOR_ALLOC freed 3850K, 46% free 9253K/16912K, paused 4ms, total 4ms
02-03 12:43:23.971 D/dalvikvm(15954): GC_CONCURRENT freed 3608K, 44% free 9555K/16912K, paused 1ms+1ms, total 6ms
02-03 12:43:23.971 D/dalvikvm(15954): WAIT_FOR_CONCURRENT_GC blocked 1ms
02-03 12:43:23.981 D/dalvikvm(15954): GC_FOR_ALLOC freed 4495K, 47% free 9100K/16912K, paused 4ms, total 4ms
02-03 12:43:23.981 D/dalvikvm(15954): GC_CONCURRENT freed 3472K, 43% free 9647K/16912K, paused 1ms+1ms, total 6ms
02-03 12:43:23.981 D/dalvikvm(15954): WAIT_FOR_CONCURRENT_GC blocked 2ms
02-03 12:43:23.991 D/dalvikvm(15954): GC_CONCURRENT freed 4706K, 47% free 9019K/16912K, paused 1ms+1ms, total 4ms
02-03 12:43:23.991 D/dalvikvm(15954): WAIT_FOR_CONCURRENT_GC blocked 4ms
02-03 12:43:24.001 D/dalvikvm(15954): GC_CONCURRENT freed 3812K, 46% free 9212K/16912K, paused 1ms+1ms, total 5ms
02-03 12:43:24.001 D/dalvikvm(15954): WAIT_FOR_CONCURRENT_GC blocked 4ms
02-03 12:43:24.011 D/dalvikvm(15954): GC_CONCURRENT freed 4022K, 46% free 9216K/16912K, paused 0ms+1ms, total 4ms
02-03 12:43:24.011 D/dalvikvm(15954): WAIT_FOR_CONCURRENT_GC blocked 4ms
02-03 12:43:24.011 D/dalvikvm(15954): GC_CONCURRENT freed 4081K, 46% free 9217K/16912K, paused 1ms+1ms, total 5ms
02-03 12:43:24.011 D/dalvikvm(15954): WAIT_FOR_CONCURRENT_GC blocked 4ms
02-03 12:43:24.021 D/dalvikvm(15954): GC_FOR_ALLOC freed 3875K, 45% free 9305K/16912K, paused 4ms, total 4ms
02-03 12:43:24.031 D/dalvikvm(15954): GC_CONCURRENT freed 4182K, 46% free 9135K/16912K, paused 0ms+1ms, total 5ms
02-03 12:43:24.031 D/dalvikvm(15954): WAIT_FOR_CONCURRENT_GC blocked 5ms
02-03 12:43:24.041 D/dalvikvm(15954): GC_CONCURRENT freed 3884K, 46% free 9225K/16912K, paused 0ms+1ms, total 5ms
02-03 12:43:24.041 D/dalvikvm(15954): WAIT_FOR_CONCURRENT_GC blocked 4ms
02-03 12:43:24.041 D/dalvikvm(15954): GC_FOR_ALLOC freed 4016K, 46% free 9136K/16912K, paused 4ms, total 4ms
02-03 12:43:24.051 D/dalvikvm(15954): GC_CONCURRENT freed 3975K, 46% free 9224K/16912K, paused 1ms+1ms, total 5ms
02-03 12:43:24.051 D/dalvikvm(15954): WAIT_FOR_CONCURRENT_GC blocked 4ms
02-03 12:43:24.061 D/dalvikvm(15954): GC_CONCURRENT freed 4101K, 46% free 9139K/16912K, paused 1ms+1ms, total 5ms
02-03 12:43:24.061 D/dalvikvm(15954): WAIT_FOR_CONCURRENT_GC blocked 4ms
02-03 12:43:24.071 D/dalvikvm(15954): GC_CONCURRENT freed 3786K, 45% free 9322K/16912K, paused 1ms+1ms, total 5ms
02-03 12:43:24.071 D/dalvikvm(15954): WAIT_FOR_CONCURRENT_GC blocked 4ms
02-03 12:43:24.081 D/dalvikvm(15954): GC_CONCURRENT freed 4102K, 46% free 9232K/16912K, paused 1ms+1ms, total 6ms
02-03 12:43:24.081 D/dalvikvm(15954): WAIT_FOR_CONCURRENT_GC blocked 5ms
02-03 12:43:24.081 D/dalvikvm(15954): GC_FOR_ALLOC freed 4048K, 47% free 9051K/16912K, paused 4ms, total 4ms
02-03 12:43:24.091 D/dalvikvm(15954): GC_FOR_ALLOC freed 3903K, 47% free 9053K/16912K, paused 4ms, total 4ms
02-03 12:43:24.101 D/dalvikvm(15954): GC_FOR_ALLOC freed 3940K, 47% free 9055K/16912K, paused 4ms, total 4ms
02-03 12:43:24.101 D/dalvikvm(15954): GC_CONCURRENT freed 3788K, 46% free 9246K/16912K, paused 1ms+1ms, total 5ms
02-03 12:43:24.101 D/dalvikvm(15954): WAIT_FOR_CONCURRENT_GC blocked 4ms
02-03 12:43:24.111 D/dalvikvm(15954): GC_CONCURRENT freed 4014K, 46% free 9250K/16912K, paused 1ms+1ms, total 5ms
02-03 12:43:24.111 D/dalvikvm(15954): WAIT_FOR_CONCURRENT_GC blocked 4ms
02-03 12:43:24.121 D/dalvikvm(15954): GC_CONCURRENT freed 4051K, 46% free 9253K/16912K, paused 0ms+0ms, total 5ms
02-03 12:43:24.121 D/dalvikvm(15954): WAIT_FOR_CONCURRENT_GC blocked 4ms
02-03 12:43:24.131 D/dalvikvm(15954): GC_CONCURRENT freed 4089K, 46% free 9257K/16912K, paused 0ms+1ms, total 5ms
02-03 12:43:24.131 D/dalvikvm(15954): WAIT_FOR_CONCURRENT_GC blocked 4ms
02-03 12:43:24.131 D/dalvikvm(15954): GC_FOR_ALLOC freed 3830K, 45% free 9358K/16912K, paused 4ms, total 4ms
02-03 12:43:24.141 D/dalvikvm(15954): GC_CONCURRENT freed 4161K, 46% free 9164K/16912K, paused 1ms+1ms, total 5ms
02-03 12:43:24.141 D/dalvikvm(15954): WAIT_FOR_CONCURRENT_GC blocked 4ms
02-03 12:43:24.151 D/dalvikvm(15954): GC_FOR_ALLOC freed 3999K, 47% free 9067K/16912K, paused 4ms, total 4ms
02-03 12:43:24.161 D/dalvikvm(15954): GC_CONCURRENT freed 3729K, 45% free 9371K/16912K, paused 0ms+1ms, total 4ms
02-03 12:43:24.161 D/dalvikvm(15954): WAIT_FOR_CONCURRENT_GC blocked 5ms
02-03 12:43:24.161 D/dalvikvm(15954): GC_FOR_ALLOC freed 4269K, 46% free 9172K/16912K, paused 4ms, total 4ms
02-03 12:43:24.171 D/dalvikvm(15954): GC_CONCURRENT freed 3593K, 44% free 9581K/16912K, paused 1ms+2ms, total 7ms
02-03 12:43:24.171 D/dalvikvm(15954): WAIT_FOR_CONCURRENT_GC blocked 2ms
02-03 12:43:24.181 D/dalvikvm(15954): GC_FOR_ALLOC freed 4335K, 46% free 9177K/16912K, paused 4ms, total 4ms
02-03 12:43:24.181 D/dalvikvm(15954): GC_CONCURRENT freed 3962K, 46% free 9284K/16912K, paused 0ms+0ms, total 5ms
02-03 12:43:24.181 D/dalvikvm(15954): WAIT_FOR_CONCURRENT_GC blocked 4ms
02-03 12:43:24.191 D/dalvikvm(15954): GC_CONCURRENT freed 4099K, 46% free 9182K/16912K, paused 1ms+1ms, total 5ms
02-03 12:43:24.191 D/dalvikvm(15954): WAIT_FOR_CONCURRENT_GC blocked 5ms
02-03 12:43:24.201 D/dalvikvm(15954): GC_FOR_ALLOC freed 3708K, 45% free 9396K/16912K, paused 5ms, total 5ms
02-03 12:43:24.211 D/dalvikvm(15954): GC_FOR_ALLOC freed 4270K, 47% free 9080K/16912K, paused 4ms, total 5ms
02-03 12:43:24.221 D/dalvikvm(15954): GC_CONCURRENT freed 3979K, 46% free 9190K/16912K, paused 1ms+2ms, total 6ms
02-03 12:43:24.221 D/dalvikvm(15954): WAIT_FOR_CONCURRENT_GC blocked 4ms
02-03 12:43:24.221 D/dalvikvm(15954): GC_FOR_ALLOC freed 3792K, 45% free 9408K/16912K, paused 4ms, total 5ms
02-03 12:43:24.231 D/dalvikvm(15954): GC_CONCURRENT freed 4039K, 45% free 9412K/16912K, paused 0ms+1ms, total 7ms
02-03 12:43:24.231 D/dalvikvm(15954): WAIT_FOR_CONCURRENT_GC blocked 2ms
02-03 12:43:24.251 D/dalvikvm(15954): GC_FOR_ALLOC freed 4174K, 47% free 9087K/16912K, paused 11ms, total 12ms
02-03 12:43:24.251 W/BindingManager(18937): Cannot call determinedVisibility() - never saw a connection for the pid: 18937
02-03 12:43:24.261 D/dalvikvm(15954): GC_FOR_ALLOC freed 3874K, 47% free 9088K/16912K, paused 6ms, total 7ms
02-03 12:43:24.271 D/dalvikvm(15954): GC_FOR_ALLOC freed 3900K, 47% free 9090K/16912K, paused 6ms, total 6ms
02-03 12:43:24.281 D/dalvikvm(15954): GC_FOR_ALLOC freed 3926K, 47% free 9091K/16912K, paused 6ms, total 6ms
02-03 12:43:24.291 D/dalvikvm(15954): GC_FOR_ALLOC freed 3952K, 47% free 9093K/16912K, paused 5ms, total 5ms
02-03 12:43:24.291 I/chromium(18937): [INFO:CONSOLE(46)] "Uncaught ReferenceError: SharedWorker is not defined", source: app://org.xwalk.webapi_noneservice_tests//opt/tct-workers-w3c-tests/workers/SharedWorkerLocation_hostname.html (46)
02-03 12:43:24.291 D/dalvikvm(15954): GC_CONCURRENT freed 3751K, 45% free 9322K/16912K, paused 1ms+1ms, total 5ms
02-03 12:43:24.291 D/dalvikvm(15954): WAIT_FOR_CONCURRENT_GC blocked 4ms
02-03 12:43:24.311 D/dalvikvm(15954): GC_CONCURRENT freed 4003K, 45% free 9325K/16912K, paused 1ms+1ms, total 7ms
02-03 12:43:24.311 D/dalvikvm(15954): WAIT_FOR_CONCURRENT_GC blocked 4ms
02-03 12:43:24.321 D/dalvikvm(15954): GC_CONCURRENT freed 4029K, 45% free 9328K/16912K, paused 1ms+1ms, total 6ms
02-03 12:43:24.321 D/dalvikvm(15954): WAIT_FOR_CONCURRENT_GC blocked 5ms
02-03 12:43:24.321 D/dalvikvm(15954): GC_FOR_ALLOC freed 4287K, 47% free 9099K/16912K, paused 4ms, total 4ms
02-03 12:43:24.331 D/dalvikvm(15954): GC_CONCURRENT freed 3737K, 45% free 9449K/16912K, paused 1ms+1ms, total 6ms
02-03 12:43:24.331 D/dalvikvm(15954): WAIT_FOR_CONCURRENT_GC blocked 2ms
02-03 12:43:24.341 D/dalvikvm(15954): GC_FOR_ALLOC freed 3874K, 45% free 9454K/16912K, paused 4ms, total 4ms
02-03 12:43:24.341 D/dalvikvm(15954): GC_FOR_ALLOC freed 4140K, 46% free 9221K/16912K, paused 4ms, total 4ms
02-03 12:43:24.351 D/dalvikvm(15954): GC_FOR_ALLOC freed 3931K, 47% free 9105K/16912K, paused 4ms, total 4ms
02-03 12:43:24.361 D/dalvikvm(15954): GC_FOR_ALLOC freed 3596K, 45% free 9466K/16912K, paused 5ms, total 5ms
02-03 12:43:24.361 D/dalvikvm(15954): GC_FOR_ALLOC freed 4223K, 46% free 9228K/16912K, paused 4ms, total 4ms
02-03 12:43:24.371 D/dalvikvm(15954): GC_CONCURRENT freed 3405K, 43% free 9714K/16912K, paused 1ms+1ms, total 7ms
02-03 12:43:24.371 D/dalvikvm(15954): WAIT_FOR_CONCURRENT_GC blocked 2ms
02-03 12:43:24.381 D/dalvikvm(15954): GC_CONCURRENT freed 4270K, 44% free 9478K/16912K, paused 1ms+1ms, total 5ms
02-03 12:43:24.381 D/dalvikvm(15954): WAIT_FOR_CONCURRENT_GC blocked 5ms
02-03 12:43:24.391 D/dalvikvm(15954): GC_FOR_ALLOC freed 4305K, 46% free 9236K/16912K, paused 4ms, total 4ms
02-03 12:43:24.391 D/dalvikvm(15954): GC_CONCURRENT freed 3471K, 43% free 9730K/16912K, paused 1ms+1ms, total 7ms
02-03 12:43:24.391 D/dalvikvm(15954): WAIT_FOR_CONCURRENT_GC blocked 2ms
02-03 12:43:24.401 D/dalvikvm(15954): GC_FOR_ALLOC freed 4353K, 46% free 9240K/16912K, paused 4ms, total 4ms
02-03 12:43:24.411 D/dalvikvm(15954): GC_CONCURRENT freed 3886K, 45% free 9368K/16912K, paused 1ms+1ms, total 5ms
02-03 12:43:24.411 D/dalvikvm(15954): WAIT_FOR_CONCURRENT_GC blocked 4ms
02-03 12:43:24.411 D/dalvikvm(15954): GC_FOR_ALLOC freed 4033K, 46% free 9245K/16912K, paused 4ms, total 4ms
02-03 12:43:24.421 D/dalvikvm(15954): GC_CONCURRENT freed 3932K, 45% free 9374K/16912K, paused 1ms+1ms, total 5ms
02-03 12:43:24.421 D/dalvikvm(15954): WAIT_FOR_CONCURRENT_GC blocked 4ms
02-03 12:43:24.431 D/dalvikvm(15954): GC_FOR_ALLOC freed 4081K, 46% free 9249K/16912K, paused 4ms, total 4ms
02-03 12:43:24.431 D/dalvikvm(15954): GC_FOR_ALLOC freed 3592K, 44% free 9508K/16912K, paused 4ms, total 4ms
02-03 12:43:24.441 D/dalvikvm(15954): GC_FOR_ALLOC freed 4257K, 47% free 9125K/16912K, paused 4ms, total 4ms
02-03 12:43:24.451 D/dalvikvm(15954): GC_CONCURRENT freed 3892K, 46% free 9256K/16912K, paused 0ms+1ms, total 5ms
02-03 12:43:24.451 D/dalvikvm(15954): WAIT_FOR_CONCURRENT_GC blocked 4ms
02-03 12:43:24.451 D/dalvikvm(15954): GC_FOR_ALLOC freed 3652K, 44% free 9519K/16912K, paused 4ms, total 4ms
02-03 12:43:24.461 D/dalvikvm(15954): GC_FOR_ALLOC freed 4329K, 47% free 9129K/16912K, paused 4ms, total 4ms
02-03 12:43:24.471 D/dalvikvm(15954): GC_CONCURRENT freed 3956K, 46% free 9262K/16912K, paused 0ms+2ms, total 5ms
02-03 12:43:24.471 D/dalvikvm(15954): WAIT_FOR_CONCURRENT_GC blocked 5ms
02-03 12:43:24.481 D/dalvikvm(15954): GC_CONCURRENT freed 3713K, 44% free 9530K/16912K, paused 1ms+0ms, total 5ms
02-03 12:43:24.481 D/dalvikvm(15954): WAIT_FOR_CONCURRENT_GC blocked 4ms
02-03 12:43:24.481 D/dalvikvm(15954): GC_CONCURRENT freed 4133K, 45% free 9400K/16912K, paused 1ms+1ms, total 5ms
02-03 12:43:24.481 D/dalvikvm(15954): WAIT_FOR_CONCURRENT_GC blocked 4ms
02-03 12:43:24.491 D/dalvikvm(15954): GC_FOR_ALLOC freed 4020K, 46% free 9135K/16912K, paused 4ms, total 4ms
02-03 12:43:24.501 D/dalvikvm(15954): GC_FOR_ALLOC freed 3773K, 46% free 9136K/16912K, paused 4ms, total 4ms
02-03 12:43:24.501 D/dalvikvm(15954): GC_FOR_ALLOC freed 3792K, 46% free 9138K/16912K, paused 4ms, total 4ms
02-03 12:43:24.511 D/dalvikvm(15954): GC_FOR_ALLOC freed 3811K, 46% free 9139K/16912K, paused 4ms, total 4ms
02-03 12:43:24.521 D/dalvikvm(15954): GC_FOR_ALLOC freed 3830K, 46% free 9140K/16912K, paused 4ms, total 4ms
02-03 12:43:24.521 D/dalvikvm(15954): GC_FOR_ALLOC freed 3849K, 46% free 9142K/16912K, paused 4ms, total 4ms
02-03 12:43:24.531 D/dalvikvm(15954): GC_FOR_ALLOC freed 3867K, 46% free 9143K/16912K, paused 4ms, total 4ms
02-03 12:43:24.541 D/dalvikvm(15954): GC_FOR_ALLOC freed 3886K, 46% free 9144K/16912K, paused 4ms, total 4ms
02-03 12:43:24.541 D/dalvikvm(15954): GC_FOR_ALLOC freed 3905K, 46% free 9146K/16912K, paused 4ms, total 4ms
02-03 12:43:24.551 D/dalvikvm(15954): GC_FOR_ALLOC freed 3924K, 46% free 9147K/16912K, paused 4ms, total 4ms
02-03 12:43:24.561 D/dalvikvm(15954): GC_FOR_ALLOC freed 3943K, 46% free 9148K/16912K, paused 4ms, total 4ms
02-03 12:43:24.561 D/dalvikvm(15954): GC_FOR_ALLOC freed 3961K, 46% free 9150K/16912K, paused 4ms, total 4ms
02-03 12:43:24.571 D/dalvikvm(15954): GC_CONCURRENT freed 3696K, 45% free 9435K/16912K, paused 0ms+1ms, total 5ms
02-03 12:43:24.571 D/dalvikvm(15954): WAIT_FOR_CONCURRENT_GC blocked 4ms
02-03 12:43:24.581 D/dalvikvm(15954): GC_CONCURRENT freed 3998K, 45% free 9438K/16912K, paused 0ms+0ms, total 5ms
02-03 12:43:24.581 D/dalvikvm(15954): WAIT_FOR_CONCURRENT_GC blocked 4ms
02-03 12:43:24.591 D/dalvikvm(15954): GC_CONCURRENT freed 4017K, 45% free 9441K/16912K, paused 0ms+1ms, total 4ms
02-03 12:43:24.591 D/dalvikvm(15954): WAIT_FOR_CONCURRENT_GC blocked 5ms
02-03 12:43:24.591 D/dalvikvm(15954): GC_CONCURRENT freed 4035K, 45% free 9444K/16912K, paused 1ms+1ms, total 5ms
02-03 12:43:24.591 D/dalvikvm(15954): WAIT_FOR_CONCURRENT_GC blocked 4ms
02-03 12:43:24.601 D/dalvikvm(15954): GC_CONCURRENT freed 4054K, 45% free 9446K/16912K, paused 0ms+1ms, total 4ms
02-03 12:43:24.601 D/dalvikvm(15954): WAIT_FOR_CONCURRENT_GC blocked 5ms
02-03 12:43:24.611 D/dalvikvm(15954): GC_CONCURRENT freed 4073K, 45% free 9449K/16912K, paused 1ms+1ms, total 5ms
02-03 12:43:24.611 D/dalvikvm(15954): WAIT_FOR_CONCURRENT_GC blocked 5ms
02-03 12:43:24.621 D/dalvikvm(15954): GC_CONCURRENT freed 4092K, 45% free 9452K/16912K, paused 1ms+1ms, total 5ms
02-03 12:43:24.621 D/dalvikvm(15954): WAIT_FOR_CONCURRENT_GC blocked 4ms
02-03 12:43:24.621 D/dalvikvm(15954): GC_FOR_ALLOC freed 3668K, 44% free 9600K/16912K, paused 4ms, total 4ms
02-03 12:43:24.631 D/dalvikvm(15954): GC_FOR_ALLOC freed 4127K, 45% free 9309K/16912K, paused 4ms, total 4ms
02-03 12:43:24.641 D/dalvikvm(15954): GC_FOR_ALLOC freed 3850K, 46% free 9163K/16912K, paused 4ms, total 4ms
02-03 12:43:24.641 D/dalvikvm(15954): GC_FOR_ALLOC freed 3418K, 44% free 9609K/16912K, paused 4ms, total 4ms
02-03 12:43:24.651 D/dalvikvm(15954): GC_FOR_ALLOC freed 4179K, 45% free 9314K/16912K, paused 4ms, total 4ms
02-03 12:43:24.661 D/dalvikvm(15954): GC_FOR_ALLOC freed 3898K, 46% free 9167K/16912K, paused 4ms, total 4ms
02-03 12:43:24.661 D/dalvikvm(15954): GC_FOR_ALLOC freed 3461K, 44% free 9619K/16912K, paused 4ms, total 4ms
02-03 12:43:24.671 D/dalvikvm(15954): GC_FOR_ALLOC freed 4231K, 45% free 9320K/16912K, paused 4ms, total 4ms
02-03 12:43:24.681 D/dalvikvm(15954): GC_FOR_ALLOC freed 3946K, 46% free 9170K/16912K, paused 4ms, total 4ms
02-03 12:43:24.681 D/dalvikvm(15954): GC_FOR_ALLOC freed 3503K, 44% free 9628K/16912K, paused 4ms, total 4ms
02-03 12:43:24.691 D/dalvikvm(15954): GC_CONCURRENT freed 4283K, 45% free 9325K/16912K, paused 1ms+0ms, total 5ms
02-03 12:43:24.691 D/dalvikvm(15954): WAIT_FOR_CONCURRENT_GC blocked 4ms
02-03 12:43:24.701 D/dalvikvm(15954): GC_FOR_ALLOC freed 3994K, 46% free 9174K/16912K, paused 3ms, total 4ms
02-03 12:43:24.701 D/dalvikvm(15954): GC_FOR_ALLOC freed 3546K, 44% free 9637K/16912K, paused 4ms, total 4ms
02-03 12:43:24.711 D/dalvikvm(15954): GC_CONCURRENT freed 3254K, 39% free 10411K/16912K, paused 1ms+1ms, total 7ms
02-03 12:43:24.711 D/dalvikvm(15954): WAIT_FOR_CONCURRENT_GC blocked 2ms
02-03 12:43:24.721 D/dalvikvm(15954): GC_FOR_ALLOC freed 4343K, 45% free 9332K/16912K, paused 4ms, total 4ms
02-03 12:43:24.721 D/dalvikvm(15954): GC_FOR_ALLOC freed 4055K, 46% free 9179K/16912K, paused 4ms, total 4ms
02-03 12:43:24.731 D/dalvikvm(15954): GC_FOR_ALLOC freed 3600K, 43% free 9649K/16912K, paused 4ms, total 4ms
02-03 12:43:24.741 D/dalvikvm(15954): GC_CONCURRENT freed 3304K, 39% free 10434K/16912K, paused 1ms+2ms, total 9ms
02-03 12:43:24.741 D/dalvikvm(15954): WAIT_FOR_CONCURRENT_GC blocked 5ms
02-03 12:43:24.741 D/dalvikvm(15954): GC_FOR_ALLOC freed 4409K, 43% free 9655K/16912K, paused 4ms, total 4ms
02-03 12:43:24.751 D/dalvikvm(15954): GC_FOR_ALLOC freed 4116K, 46% free 9183K/16912K, paused 4ms, total 4ms
02-03 12:43:24.761 D/dalvikvm(15954): GC_FOR_ALLOC freed 3654K, 45% free 9343K/16912K, paused 4ms, total 4ms
02-03 12:43:24.771 D/dalvikvm(15954): GC_CONCURRENT freed 3828K, 44% free 9505K/16912K, paused 0ms+1ms, total 4ms
02-03 12:43:24.771 D/dalvikvm(15954): WAIT_FOR_CONCURRENT_GC blocked 4ms
02-03 12:43:24.771 D/dalvikvm(15954): GC_FOR_ALLOC freed 4001K, 45% free 9347K/16912K, paused 4ms, total 5ms
02-03 12:43:24.781 D/dalvikvm(15954): GC_CONCURRENT freed 3858K, 44% free 9510K/16912K, paused 1ms+1ms, total 5ms
02-03 12:43:24.781 D/dalvikvm(15954): WAIT_FOR_CONCURRENT_GC blocked 4ms
02-03 12:43:24.791 D/dalvikvm(15954): GC_FOR_ALLOC freed 4031K, 45% free 9350K/16912K, paused 4ms, total 4ms
02-03 12:43:24.791 D/dalvikvm(15954): GC_FOR_ALLOC freed 4211K, 46% free 9191K/16912K, paused 4ms, total 4ms
02-03 12:43:24.801 D/dalvikvm(15954): GC_CONCURRENT freed 3251K, 42% free 9840K/16912K, paused 1ms+1ms, total 6ms
02-03 12:43:24.801 D/dalvikvm(15954): WAIT_FOR_CONCURRENT_GC blocked 2ms
02-03 12:43:24.811 D/dalvikvm(15954): GC_CONCURRENT freed 4402K, 44% free 9519K/16912K, paused 1ms+1ms, total 5ms
02-03 12:43:24.811 D/dalvikvm(15954): WAIT_FOR_CONCURRENT_GC blocked 4ms
02-03 12:43:24.811 D/dalvikvm(15954): GC_FOR_ALLOC freed 4094K, 45% free 9358K/16912K, paused 4ms, total 4ms
02-03 12:43:24.821 D/dalvikvm(15954): GC_FOR_ALLOC freed 3452K, 43% free 9688K/16912K, paused 4ms, total 4ms
02-03 12:43:24.831 D/dalvikvm(15954): GC_FOR_ALLOC freed 4290K, 46% free 9197K/16912K, paused 4ms, total 4ms
02-03 12:43:24.831 D/dalvikvm(15954): GC_CONCURRENT freed 3808K, 45% free 9363K/16912K, paused 1ms+1ms, total 5ms
02-03 12:43:24.831 D/dalvikvm(15954): WAIT_FOR_CONCURRENT_GC blocked 4ms
02-03 12:43:24.841 D/dalvikvm(15954): GC_FOR_ALLOC freed 3487K, 43% free 9696K/16912K, paused 4ms, total 4ms
02-03 12:43:24.851 D/dalvikvm(15954): GC_FOR_ALLOC freed 4331K, 46% free 9200K/16912K, paused 4ms, total 4ms
02-03 12:43:24.861 D/dalvikvm(15954): GC_CONCURRENT freed 3842K, 45% free 9368K/16912K, paused 1ms+0ms, total 5ms
02-03 12:43:24.861 D/dalvikvm(15954): WAIT_FOR_CONCURRENT_GC blocked 4ms
02-03 12:43:24.861 D/dalvikvm(15954): GC_FOR_ALLOC freed 3519K, 43% free 9704K/16912K, paused 4ms, total 4ms
02-03 12:43:24.871 D/dalvikvm(15954): GC_FOR_ALLOC freed 4370K, 46% free 9203K/16912K, paused 4ms, total 4ms
02-03 12:43:24.881 D/dalvikvm(15954): GC_CONCURRENT freed 3876K, 45% free 9372K/16912K, paused 1ms+1ms, total 5ms
02-03 12:43:24.881 D/dalvikvm(15954): WAIT_FOR_CONCURRENT_GC blocked 4ms
02-03 12:43:24.881 D/dalvikvm(15954): GC_CONCURRENT freed 4051K, 45% free 9376K/16912K, paused 0ms+1ms, total 4ms
02-03 12:43:24.881 D/dalvikvm(15954): WAIT_FOR_CONCURRENT_GC blocked 4ms
02-03 12:43:24.891 D/dalvikvm(15954): GC_FOR_ALLOC freed 3867K, 46% free 9230K/16912K, paused 4ms, total 4ms
02-03 12:43:24.901 D/dalvikvm(15954): GC_FOR_ALLOC freed 3752K, 46% free 9230K/16912K, paused 4ms, total 5ms
02-03 12:43:24.911 D/dalvikvm(15954): GC_FOR_ALLOC freed 1089K, 37% free 10726K/16912K, paused 4ms, total 4ms
02-03 12:43:24.991 D/dalvikvm(15954): GC_CONCURRENT freed 5883K, 48% free 8924K/16912K, paused 0ms+1ms, total 6ms
02-03 12:43:24.991 D/dalvikvm(15954): WAIT_FOR_CONCURRENT_GC blocked 5ms
02-03 12:43:25.001 D/dalvikvm(15954): GC_CONCURRENT freed 3970K, 47% free 9022K/16912K, paused 1ms+1ms, total 5ms
02-03 12:43:25.001 D/dalvikvm(15954): WAIT_FOR_CONCURRENT_GC blocked 4ms
02-03 12:43:25.011 D/dalvikvm(15954): GC_FOR_ALLOC freed 4118K, 48% free 8962K/16912K, paused 4ms, total 4ms
02-03 12:43:25.011 D/dalvikvm(15954): GC_CONCURRENT freed 3388K, 46% free 9245K/16912K, paused 0ms+1ms, total 5ms
02-03 12:43:25.021 D/dalvikvm(15954): GC_CONCURRENT freed 4331K, 47% free 8996K/16912K, paused 1ms+0ms, total 5ms
02-03 12:43:25.021 D/dalvikvm(15954): WAIT_FOR_CONCURRENT_GC blocked 4ms
02-03 12:43:25.031 D/dalvikvm(15954): GC_CONCURRENT freed 4064K, 47% free 9004K/16912K, paused 1ms+1ms, total 5ms
02-03 12:43:25.031 D/dalvikvm(15954): WAIT_FOR_CONCURRENT_GC blocked 4ms
02-03 12:43:25.041 D/dalvikvm(15954): GC_CONCURRENT freed 4086K, 48% free 8941K/16912K, paused 1ms+1ms, total 5ms
02-03 12:43:25.041 D/dalvikvm(15954): WAIT_FOR_CONCURRENT_GC blocked 4ms
02-03 12:43:25.041 D/dalvikvm(15954): GC_CONCURRENT freed 3934K, 47% free 9043K/16912K, paused 1ms+1ms, total 5ms
02-03 12:43:25.041 D/dalvikvm(15954): WAIT_FOR_CONCURRENT_GC blocked 4ms
02-03 12:43:25.051 D/dalvikvm(15954): GC_FOR_ALLOC freed 4136K, 47% free 8971K/16912K, paused 4ms, total 4ms
02-03 12:43:25.061 D/dalvikvm(15954): GC_CONCURRENT freed 3848K, 46% free 9155K/16912K, paused 1ms+1ms, total 6ms
02-03 12:43:25.061 D/dalvikvm(15954): WAIT_FOR_CONCURRENT_GC blocked 1ms
02-03 12:43:25.061 D/dalvikvm(15954): GC_CONCURRENT freed 4159K, 47% free 9055K/16912K, paused 0ms+1ms, total 4ms
02-03 12:43:25.061 D/dalvikvm(15954): WAIT_FOR_CONCURRENT_GC blocked 4ms
02-03 12:43:25.071 D/dalvikvm(15954): GC_CONCURRENT freed 4129K, 47% free 9015K/16912K, paused 1ms+1ms, total 6ms
02-03 12:43:25.071 D/dalvikvm(15954): WAIT_FOR_CONCURRENT_GC blocked 5ms
02-03 12:43:25.081 D/dalvikvm(15954): GC_CONCURRENT freed 3948K, 47% free 9067K/16912K, paused 1ms+1ms, total 5ms
02-03 12:43:25.081 D/dalvikvm(15954): WAIT_FOR_CONCURRENT_GC blocked 4ms
02-03 12:43:25.091 D/dalvikvm(15954): GC_FOR_ALLOC freed 4065K, 47% free 8974K/16912K, paused 4ms, total 4ms
02-03 12:43:25.101 D/dalvikvm(15954): GC_FOR_ALLOC freed 3873K, 47% free 9122K/16912K, paused 4ms, total 4ms
02-03 12:43:25.101 D/dalvikvm(15954): GC_CONCURRENT freed 3815K, 45% free 9320K/16912K, paused 1ms+1ms, total 6ms
02-03 12:43:25.101 D/dalvikvm(15954): WAIT_FOR_CONCURRENT_GC blocked 2ms
02-03 12:43:25.111 D/dalvikvm(15954): GC_FOR_ALLOC freed 4386K, 47% free 8973K/16912K, paused 4ms, total 4ms
02-03 12:43:25.121 D/dalvikvm(15954): GC_FOR_ALLOC freed 3891K, 46% free 9135K/16912K, paused 4ms, total 4ms
02-03 12:43:25.121 D/dalvikvm(15954): GC_CONCURRENT freed 3508K, 44% free 9632K/16912K, paused 1ms+1ms, total 6ms
02-03 12:43:25.131 D/dalvikvm(15954): GC_CONCURRENT freed 4546K, 47% free 9121K/16912K, paused 1ms+1ms, total 5ms
02-03 12:43:25.131 D/dalvikvm(15954): WAIT_FOR_CONCURRENT_GC blocked 4ms
02-03 12:43:25.141 D/dalvikvm(15954): GC_CONCURRENT freed 3925K, 46% free 9181K/16912K, paused 1ms+1ms, total 4ms
02-03 12:43:25.141 D/dalvikvm(15954): WAIT_FOR_CONCURRENT_GC blocked 4ms
02-03 12:43:25.141 D/dalvikvm(15954): GC_CONCURRENT freed 4203K, 47% free 9063K/16912K, paused 0ms+1ms, total 4ms
02-03 12:43:25.141 D/dalvikvm(15954): WAIT_FOR_CONCURRENT_GC blocked 4ms
02-03 12:43:25.151 D/dalvikvm(15954): GC_FOR_ALLOC freed 3873K, 46% free 9187K/16912K, paused 4ms, total 4ms
02-03 12:43:25.161 D/dalvikvm(15954): GC_CONCURRENT freed 3966K, 45% free 9310K/16912K, paused 0ms+1ms, total 5ms
02-03 12:43:25.161 D/dalvikvm(15954): WAIT_FOR_CONCURRENT_GC blocked 1ms
02-03 12:43:25.161 D/dalvikvm(15954): GC_FOR_ALLOC freed 4358K, 47% free 9000K/16912K, paused 4ms, total 4ms
02-03 12:43:25.171 D/dalvikvm(15954): GC_FOR_ALLOC freed 3802K, 46% free 9195K/16912K, paused 4ms, total 4ms
02-03 12:43:25.181 D/dalvikvm(15954): GC_CONCURRENT freed 3750K, 44% free 9525K/16912K, paused 1ms+1ms, total 6ms
02-03 12:43:25.181 D/dalvikvm(15954): WAIT_FOR_CONCURRENT_GC blocked 1ms
02-03 12:43:25.191 D/dalvikvm(15954): GC_CONCURRENT freed 4479K, 46% free 9137K/16912K, paused 1ms+1ms, total 5ms
02-03 12:43:25.191 D/dalvikvm(15954): WAIT_FOR_CONCURRENT_GC blocked 4ms
02-03 12:43:25.191 D/dalvikvm(15954): GC_FOR_ALLOC freed 4165K, 47% free 9067K/16912K, paused 4ms, total 4ms
02-03 12:43:25.201 D/dalvikvm(15954): GC_CONCURRENT freed 3609K, 45% free 9447K/16912K, paused 1ms+1ms, total 6ms
02-03 12:43:25.201 D/dalvikvm(15954): WAIT_FOR_CONCURRENT_GC blocked 2ms
02-03 12:43:25.211 D/dalvikvm(15954): GC_FOR_ALLOC freed 4373K, 47% free 9098K/16912K, paused 4ms, total 4ms
02-03 12:43:25.211 D/dalvikvm(15954): GC_CONCURRENT freed 3586K, 44% free 9603K/16912K, paused 1ms+1ms, total 6ms
02-03 12:43:25.211 D/dalvikvm(15954): WAIT_FOR_CONCURRENT_GC blocked 2ms
02-03 12:43:25.221 D/dalvikvm(15954): GC_FOR_ALLOC freed 4514K, 47% free 9024K/16912K, paused 4ms, total 4ms
02-03 12:43:25.231 D/dalvikvm(15954): GC_FOR_ALLOC freed 3843K, 46% free 9248K/16912K, paused 4ms, total 4ms
02-03 12:43:25.231 D/dalvikvm(15954): GC_CONCURRENT freed 3601K, 44% free 9549K/16912K, paused 1ms+1ms, total 6ms
02-03 12:43:25.231 D/dalvikvm(15954): WAIT_FOR_CONCURRENT_GC blocked 2ms
02-03 12:43:25.241 D/dalvikvm(15954): GC_FOR_ALLOC freed 4486K, 47% free 9095K/16912K, paused 4ms, total 5ms
02-03 12:43:25.241 D/dalvikvm(15954): GC_CONCURRENT freed 0K, 45% free 9409K/16912K, paused 0ms+1ms, total 4ms
02-03 12:43:25.261 D/dalvikvm(15954): GC_FOR_ALLOC freed 4409K, 47% free 9095K/16912K, paused 15ms, total 15ms
02-03 12:43:25.271 D/dalvikvm(15954): GC_CONCURRENT freed 3361K, 43% free 9680K/16912K, paused 1ms+1ms, total 6ms
02-03 12:43:25.271 D/dalvikvm(15954): WAIT_FOR_CONCURRENT_GC blocked 2ms
02-03 12:43:25.281 D/dalvikvm(15954): GC_FOR_ALLOC freed 4523K, 47% free 9126K/16912K, paused 5ms, total 5ms
02-03 12:43:25.281 D/dalvikvm(15954): GC_CONCURRENT freed 3617K, 44% free 9531K/16912K, paused 1ms+1ms, total 6ms
02-03 12:43:25.281 D/dalvikvm(15954): WAIT_FOR_CONCURRENT_GC blocked 2ms
02-03 12:43:25.291 D/dalvikvm(15954): GC_FOR_ALLOC freed 4482K, 47% free 9124K/16912K, paused 4ms, total 4ms
02-03 12:43:25.301 D/dalvikvm(15954): GC_CONCURRENT freed 3545K, 45% free 9456K/16912K, paused 1ms+1ms, total 6ms
02-03 12:43:25.301 D/dalvikvm(15954): WAIT_FOR_CONCURRENT_GC blocked 3ms
02-03 12:43:25.301 D/dalvikvm(15954): GC_FOR_ALLOC freed 4164K, 46% free 9297K/16912K, paused 4ms, total 4ms
02-03 12:43:25.311 D/dalvikvm(15954): GC_CONCURRENT freed 3628K, 43% free 9723K/16912K, paused 0ms+1ms, total 6ms
02-03 12:43:25.311 D/dalvikvm(15954): WAIT_FOR_CONCURRENT_GC blocked 2ms
02-03 12:43:25.321 D/dalvikvm(15954): GC_CONCURRENT freed 4521K, 46% free 9216K/16912K, paused 0ms+1ms, total 4ms
02-03 12:43:25.321 D/dalvikvm(15954): WAIT_FOR_CONCURRENT_GC blocked 4ms
02-03 12:43:25.321 D/dalvikvm(15954): GC_FOR_ALLOC freed 4058K, 47% free 9127K/16912K, paused 4ms, total 4ms
02-03 12:43:25.331 D/dalvikvm(15954): GC_CONCURRENT freed 3122K, 42% free 9927K/16912K, paused 0ms+1ms, total 5ms
02-03 12:43:25.331 D/dalvikvm(15954): WAIT_FOR_CONCURRENT_GC blocked 2ms
02-03 12:43:25.341 D/dalvikvm(15954): GC_FOR_ALLOC freed 4855K, 47% free 9039K/16912K, paused 4ms, total 4ms
02-03 12:43:25.341 D/dalvikvm(15954): GC_FOR_ALLOC freed 3821K, 47% free 9041K/16912K, paused 4ms, total 4ms
02-03 12:43:25.351 D/dalvikvm(15954): GC_FOR_ALLOC freed 3859K, 47% free 9043K/16912K, paused 4ms, total 4ms
02-03 12:43:25.361 D/dalvikvm(15954): GC_FOR_ALLOC freed 3896K, 47% free 9045K/16912K, paused 4ms, total 4ms
02-03 12:43:25.361 D/dalvikvm(15954): GC_FOR_ALLOC freed 3934K, 47% free 9046K/16912K, paused 4ms, total 4ms
02-03 12:43:25.371 D/dalvikvm(15954): GC_CONCURRENT freed 3782K, 46% free 9238K/16912K, paused 0ms+1ms, total 4ms
02-03 12:43:25.371 D/dalvikvm(15954): WAIT_FOR_CONCURRENT_GC blocked 4ms
02-03 12:43:25.381 D/dalvikvm(15954): GC_CONCURRENT freed 4008K, 46% free 9273K/16912K, paused 0ms+1ms, total 4ms
02-03 12:43:25.381 D/dalvikvm(15954): WAIT_FOR_CONCURRENT_GC blocked 5ms
02-03 12:43:25.391 D/dalvikvm(15954): GC_CONCURRENT freed 4045K, 46% free 9277K/16912K, paused 0ms+1ms, total 4ms
02-03 12:43:25.391 D/dalvikvm(15954): WAIT_FOR_CONCURRENT_GC blocked 4ms
02-03 12:43:25.391 D/dalvikvm(15954): GC_CONCURRENT freed 4083K, 46% free 9280K/16912K, paused 1ms+0ms, total 5ms
02-03 12:43:25.391 D/dalvikvm(15954): WAIT_FOR_CONCURRENT_GC blocked 4ms
02-03 12:43:25.401 D/dalvikvm(15954): GC_FOR_ALLOC freed 3828K, 45% free 9377K/16912K, paused 4ms, total 4ms
02-03 12:43:25.411 D/dalvikvm(15954): GC_FOR_ALLOC freed 4155K, 46% free 9183K/16912K, paused 4ms, total 4ms
02-03 12:43:25.411 D/dalvikvm(15954): GC_FOR_ALLOC freed 3993K, 47% free 9087K/16912K, paused 4ms, total 4ms
02-03 12:43:25.421 D/dalvikvm(15954): GC_FOR_ALLOC freed 3723K, 45% free 9390K/16912K, paused 4ms, total 4ms
02-03 12:43:25.431 D/dalvikvm(15954): GC_CONCURRENT freed 3556K, 42% free 9897K/16912K, paused 1ms+1ms, total 6ms
02-03 12:43:25.431 D/dalvikvm(15954): WAIT_FOR_CONCURRENT_GC blocked 2ms
02-03 12:43:25.441 D/dalvikvm(15954): GC_CONCURRENT freed 4597K, 46% free 9297K/16912K, paused 1ms+1ms, total 4ms
02-03 12:43:25.441 D/dalvikvm(15954): WAIT_FOR_CONCURRENT_GC blocked 4ms
02-03 12:43:25.441 D/dalvikvm(15954): GC_FOR_ALLOC freed 4029K, 46% free 9192K/16912K, paused 4ms, total 4ms
02-03 12:43:25.451 D/dalvikvm(15954): GC_CONCURRENT freed 3956K, 46% free 9300K/16912K, paused 1ms+1ms, total 5ms
02-03 12:43:25.451 D/dalvikvm(15954): WAIT_FOR_CONCURRENT_GC blocked 4ms
02-03 12:43:25.461 D/dalvikvm(15954): GC_CONCURRENT freed 4093K, 46% free 9198K/16912K, paused 1ms+0ms, total 5ms
02-03 12:43:25.461 D/dalvikvm(15954): WAIT_FOR_CONCURRENT_GC blocked 4ms
02-03 12:43:25.461 D/dalvikvm(15954): GC_FOR_ALLOC freed 3703K, 45% free 9412K/16912K, paused 4ms, total 4ms
02-03 12:43:25.471 D/dalvikvm(15954): GC_FOR_ALLOC freed 4264K, 47% free 9096K/16912K, paused 5ms, total 5ms
02-03 12:43:25.481 D/dalvikvm(15954): GC_FOR_ALLOC freed 3974K, 46% free 9205K/16912K, paused 4ms, total 4ms
02-03 12:43:25.481 D/dalvikvm(15954): GC_CONCURRENT freed 3249K, 42% free 9961K/16912K, paused 1ms+1ms, total 6ms
02-03 12:43:25.481 D/dalvikvm(15954): WAIT_FOR_CONCURRENT_GC blocked 1ms
02-03 12:43:25.491 D/dalvikvm(15954): GC_CONCURRENT freed 4679K, 45% free 9319K/16912K, paused 1ms+1ms, total 5ms
02-03 12:43:25.491 D/dalvikvm(15954): WAIT_FOR_CONCURRENT_GC blocked 4ms
02-03 12:43:25.501 D/dalvikvm(15954): GC_FOR_ALLOC freed 4061K, 47% free 9102K/16912K, paused 4ms, total 4ms
02-03 12:43:25.511 D/dalvikvm(15954): GC_FOR_ALLOC freed 3869K, 47% free 9104K/16912K, paused 4ms, total 4ms
02-03 12:43:25.511 D/dalvikvm(15954): GC_FOR_ALLOC freed 3895K, 47% free 9105K/16912K, paused 4ms, total 4ms
02-03 12:43:25.521 D/dalvikvm(15954): GC_FOR_ALLOC freed 3921K, 47% free 9107K/16912K, paused 5ms, total 5ms
02-03 12:43:25.531 D/dalvikvm(15954): GC_FOR_ALLOC freed 3947K, 47% free 9108K/16912K, paused 4ms, total 4ms
02-03 12:43:25.531 D/dalvikvm(15954): GC_CONCURRENT freed 3746K, 45% free 9337K/16912K, paused 0ms+1ms, total 4ms
02-03 12:43:25.531 D/dalvikvm(15954): WAIT_FOR_CONCURRENT_GC blocked 5ms
02-03 12:43:25.541 D/dalvikvm(15954): GC_CONCURRENT freed 3998K, 45% free 9340K/16912K, paused 1ms+1ms, total 5ms
02-03 12:43:25.541 D/dalvikvm(15954): WAIT_FOR_CONCURRENT_GC blocked 4ms
02-03 12:43:25.551 D/dalvikvm(15954): GC_CONCURRENT freed 4024K, 45% free 9343K/16912K, paused 1ms+1ms, total 5ms
02-03 12:43:25.551 D/dalvikvm(15954): WAIT_FOR_CONCURRENT_GC blocked 4ms
02-03 12:43:25.561 D/dalvikvm(15954): GC_CONCURRENT freed 4050K, 45% free 9346K/16912K, paused 1ms+0ms, total 5ms
02-03 12:43:25.561 D/dalvikvm(15954): WAIT_FOR_CONCURRENT_GC blocked 4ms
02-03 12:43:25.561 D/dalvikvm(15954): GC_CONCURRENT freed 4078K, 45% free 9350K/16912K, paused 0ms+1ms, total 4ms
02-03 12:43:25.561 D/dalvikvm(15954): WAIT_FOR_CONCURRENT_GC blocked 4ms
02-03 12:43:25.571 D/dalvikvm(15954): GC_FOR_ALLOC freed 3754K, 45% free 9469K/16912K, paused 5ms, total 5ms
02-03 12:43:25.581 D/dalvikvm(15954): GC_FOR_ALLOC freed 4135K, 46% free 9237K/16912K, paused 4ms, total 4ms
02-03 12:43:25.591 D/dalvikvm(15954): GC_FOR_ALLOC freed 3925K, 47% free 9121K/16912K, paused 4ms, total 4ms
02-03 12:43:25.591 D/dalvikvm(15954): GC_FOR_ALLOC freed 3591K, 44% free 9481K/16912K, paused 4ms, total 4ms
02-03 12:43:25.601 D/dalvikvm(15954): GC_FOR_ALLOC freed 4217K, 46% free 9244K/16912K, paused 4ms, total 4ms
02-03 12:43:25.601 D/dalvikvm(15954): GC_CONCURRENT freed 3400K, 43% free 9729K/16912K, paused 1ms+1ms, total 6ms
02-03 12:43:25.601 D/dalvikvm(15954): WAIT_FOR_CONCURRENT_GC blocked 2ms
02-03 12:43:25.611 D/dalvikvm(15954): GC_FOR_ALLOC freed 4264K, 44% free 9493K/16912K, paused 4ms, total 4ms
02-03 12:43:25.621 D/dalvikvm(15954): GC_CONCURRENT freed 3444K, 41% free 10107K/16912K, paused 1ms+1ms, total 6ms
02-03 12:43:25.621 D/dalvikvm(15954): WAIT_FOR_CONCURRENT_GC blocked 2ms
02-03 12:43:25.621 D/dalvikvm(15954): GC_FOR_ALLOC freed 4936K, 47% free 9130K/16912K, paused 4ms, total 4ms
02-03 12:43:25.631 D/dalvikvm(15954): GC_FOR_ALLOC freed 3732K, 46% free 9256K/16912K, paused 4ms, total 4ms
02-03 12:43:25.641 D/dalvikvm(15954): GC_CONCURRENT freed 3880K, 45% free 9384K/16912K, paused 1ms+1ms, total 5ms
02-03 12:43:25.641 D/dalvikvm(15954): WAIT_FOR_CONCURRENT_GC blocked 4ms
02-03 12:43:25.651 D/dalvikvm(15954): GC_FOR_ALLOC freed 4028K, 46% free 9260K/16912K, paused 4ms, total 4ms
02-03 12:43:25.651 D/dalvikvm(15954): GC_CONCURRENT freed 3927K, 45% free 9390K/16912K, paused 1ms+1ms, total 4ms
02-03 12:43:25.651 D/dalvikvm(15954): WAIT_FOR_CONCURRENT_GC blocked 4ms
02-03 12:43:25.661 D/dalvikvm(15954): GC_FOR_ALLOC freed 4076K, 46% free 9265K/16912K, paused 4ms, total 4ms
02-03 12:43:25.671 D/dalvikvm(15954): GC_FOR_ALLOC freed 3587K, 44% free 9523K/16912K, paused 4ms, total 4ms
02-03 12:43:25.671 D/dalvikvm(15954): GC_FOR_ALLOC freed 4252K, 46% free 9141K/16912K, paused 5ms, total 5ms
02-03 12:43:25.681 D/dalvikvm(15954): GC_FOR_ALLOC freed 3887K, 46% free 9271K/16912K, paused 4ms, total 4ms
02-03 12:43:25.691 D/dalvikvm(15954): GC_CONCURRENT freed 2999K, 40% free 10182K/16912K, paused 1ms+1ms, total 6ms
02-03 12:43:25.691 D/dalvikvm(15954): WAIT_FOR_CONCURRENT_GC blocked 2ms
02-03 12:43:25.691 D/dalvikvm(15954): GC_FOR_ALLOC freed 4314K, 44% free 9537K/16912K, paused 4ms, total 4ms
02-03 12:43:25.701 D/dalvikvm(15954): GC_FOR_ALLOC freed 4345K, 46% free 9146K/16912K, paused 4ms, total 4ms
02-03 12:43:25.711 D/dalvikvm(15954): GC_FOR_ALLOC freed 3707K, 46% free 9148K/16912K, paused 4ms, total 4ms
02-03 12:43:25.711 D/dalvikvm(15954): GC_FOR_ALLOC freed 3725K, 46% free 9149K/16912K, paused 4ms, total 4ms
02-03 12:43:25.721 D/dalvikvm(15954): GC_FOR_ALLOC freed 3744K, 46% free 9150K/16912K, paused 4ms, total 4ms
02-03 12:43:25.731 D/dalvikvm(15954): GC_FOR_ALLOC freed 3763K, 46% free 9152K/16912K, paused 4ms, total 4ms
02-03 12:43:25.731 D/dalvikvm(15954): GC_FOR_ALLOC freed 3783K, 46% free 9153K/16912K, paused 4ms, total 4ms
02-03 12:43:25.741 D/dalvikvm(15954): GC_FOR_ALLOC freed 3802K, 46% free 9154K/16912K, paused 4ms, total 4ms
02-03 12:43:25.751 D/dalvikvm(15954): GC_FOR_ALLOC freed 3820K, 46% free 9156K/16912K, paused 4ms, total 4ms
02-03 12:43:25.751 D/dalvikvm(15954): GC_FOR_ALLOC freed 3839K, 46% free 9157K/16912K, paused 4ms, total 4ms
02-03 12:43:25.761 D/dalvikvm(15954): GC_FOR_ALLOC freed 3858K, 46% free 9158K/16912K, paused 4ms, total 4ms
02-03 12:43:25.771 D/dalvikvm(15954): GC_FOR_ALLOC freed 3877K, 46% free 9160K/16912K, paused 4ms, total 4ms
02-03 12:43:25.771 D/dalvikvm(15954): GC_FOR_ALLOC freed 3896K, 46% free 9161K/16912K, paused 5ms, total 5ms
02-03 12:43:25.781 D/dalvikvm(15954): GC_FOR_ALLOC freed 3914K, 46% free 9162K/16912K, paused 4ms, total 4ms
02-03 12:43:25.791 D/dalvikvm(15954): GC_FOR_ALLOC freed 3933K, 46% free 9164K/16912K, paused 4ms, total 4ms
02-03 12:43:25.791 D/dalvikvm(15954): GC_FOR_ALLOC freed 3952K, 46% free 9165K/16912K, paused 4ms, total 4ms
02-03 12:43:25.801 D/dalvikvm(15954): GC_CONCURRENT freed 3687K, 45% free 9450K/16912K, paused 2ms+1ms, total 5ms
02-03 12:43:25.801 D/dalvikvm(15954): WAIT_FOR_CONCURRENT_GC blocked 4ms
02-03 12:43:25.811 D/dalvikvm(15954): GC_CONCURRENT freed 3988K, 45% free 9453K/16912K, paused 1ms+1ms, total 5ms
02-03 12:43:25.811 D/dalvikvm(15954): WAIT_FOR_CONCURRENT_GC blocked 4ms
02-03 12:43:25.821 D/dalvikvm(15954): GC_CONCURRENT freed 4007K, 45% free 9455K/16912K, paused 0ms+1ms, total 4ms
02-03 12:43:25.821 D/dalvikvm(15954): WAIT_FOR_CONCURRENT_GC blocked 4ms
02-03 12:43:25.821 D/dalvikvm(15954): GC_CONCURRENT freed 4026K, 45% free 9458K/16912K, paused 1ms+1ms, total 5ms
02-03 12:43:25.821 D/dalvikvm(15954): WAIT_FOR_CONCURRENT_GC blocked 4ms
02-03 12:43:25.831 D/dalvikvm(15954): GC_CONCURRENT freed 4045K, 45% free 9461K/16912K, paused 1ms+0ms, total 5ms
02-03 12:43:25.831 D/dalvikvm(15954): WAIT_FOR_CONCURRENT_GC blocked 4ms
02-03 12:43:25.841 D/dalvikvm(15954): GC_CONCURRENT freed 4064K, 45% free 9464K/16912K, paused 1ms+1ms, total 5ms
02-03 12:43:25.841 D/dalvikvm(15954): WAIT_FOR_CONCURRENT_GC blocked 5ms
02-03 12:43:25.851 D/dalvikvm(15954): GC_CONCURRENT freed 4082K, 45% free 9466K/16912K, paused 1ms+1ms, total 5ms
02-03 12:43:25.851 D/dalvikvm(15954): WAIT_FOR_CONCURRENT_GC blocked 4ms
02-03 12:43:25.851 D/dalvikvm(15954): GC_FOR_ALLOC freed 3660K, 44% free 9615K/16912K, paused 4ms, total 4ms
02-03 12:43:25.861 D/dalvikvm(15954): GC_FOR_ALLOC freed 4118K, 45% free 9324K/16912K, paused 4ms, total 4ms
02-03 12:43:25.871 D/dalvikvm(15954): GC_FOR_ALLOC freed 3841K, 46% free 9178K/16912K, paused 4ms, total 4ms
02-03 12:43:25.871 D/dalvikvm(15954): GC_FOR_ALLOC freed 3411K, 44% free 9624K/16912K, paused 4ms, total 4ms
02-03 12:43:25.881 D/dalvikvm(15954): GC_FOR_ALLOC freed 4170K, 45% free 9329K/16912K, paused 4ms, total 4ms
02-03 12:43:25.891 D/dalvikvm(15954): GC_FOR_ALLOC freed 3889K, 46% free 9182K/16912K, paused 4ms, total 4ms
02-03 12:43:25.891 D/dalvikvm(15954): GC_FOR_ALLOC freed 3453K, 44% free 9633K/16912K, paused 4ms, total 4ms
02-03 12:43:25.901 D/dalvikvm(15954): GC_FOR_ALLOC freed 4222K, 45% free 9335K/16912K, paused 4ms, total 4ms
02-03 12:43:25.901 D/dalvikvm(15954): GC_FOR_ALLOC freed 3937K, 46% free 9186K/16912K, paused 4ms, total 4ms
02-03 12:43:25.911 D/dalvikvm(15954): GC_FOR_ALLOC freed 3496K, 43% free 9642K/16912K, paused 4ms, total 4ms
02-03 12:43:25.921 D/dalvikvm(15954): GC_CONCURRENT freed 4273K, 45% free 9340K/16912K, paused 1ms+1ms, total 5ms
02-03 12:43:25.921 D/dalvikvm(15954): WAIT_FOR_CONCURRENT_GC blocked 5ms
02-03 12:43:25.931 D/dalvikvm(15954): GC_FOR_ALLOC freed 3985K, 46% free 9189K/16912K, paused 4ms, total 4ms
02-03 12:43:25.931 D/dalvikvm(15954): GC_FOR_ALLOC freed 3538K, 43% free 9652K/16912K, paused 4ms, total 4ms
02-03 12:43:25.941 D/dalvikvm(15954): GC_CONCURRENT freed 3247K, 39% free 10423K/16912K, paused 0ms+1ms, total 6ms
02-03 12:43:25.941 D/dalvikvm(15954): WAIT_FOR_CONCURRENT_GC blocked 2ms
02-03 12:43:25.941 D/dalvikvm(15954): GC_FOR_ALLOC freed 4334K, 45% free 9347K/16912K, paused 4ms, total 4ms
02-03 12:43:25.951 D/dalvikvm(15954): GC_FOR_ALLOC freed 4046K, 46% free 9194K/16912K, paused 4ms, total 4ms
02-03 12:43:25.961 D/dalvikvm(15954): GC_CONCURRENT freed 3592K, 43% free 9663K/16912K, paused 1ms+1ms, total 5ms
02-03 12:43:25.961 D/dalvikvm(15954): WAIT_FOR_CONCURRENT_GC blocked 5ms
02-03 12:43:25.971 D/dalvikvm(15954): GC_CONCURRENT freed 4390K, 45% free 9353K/16912K, paused 1ms+1ms, total 5ms
02-03 12:43:25.971 D/dalvikvm(15954): WAIT_FOR_CONCURRENT_GC blocked 5ms
02-03 12:43:25.971 D/dalvikvm(15954): GC_FOR_ALLOC freed 4095K, 46% free 9198K/16912K, paused 4ms, total 4ms
02-03 12:43:25.981 D/dalvikvm(15954): GC_FOR_ALLOC freed 3635K, 45% free 9356K/16912K, paused 4ms, total 4ms
02-03 12:43:25.991 D/dalvikvm(15954): GC_FOR_ALLOC freed 4125K, 46% free 9200K/16912K, paused 4ms, total 4ms
02-03 12:43:25.991 D/dalvikvm(15954): GC_CONCURRENT freed 3186K, 42% free 9836K/16912K, paused 0ms+0ms, total 6ms
02-03 12:43:25.991 D/dalvikvm(15954): WAIT_FOR_CONCURRENT_GC blocked 2ms
02-03 12:43:26.001 D/dalvikvm(15954): GC_CONCURRENT freed 4313K, 44% free 9522K/16912K, paused 0ms+1ms, total 5ms
02-03 12:43:26.001 D/dalvikvm(15954): WAIT_FOR_CONCURRENT_GC blocked 4ms
02-03 12:43:26.011 D/dalvikvm(15954): GC_FOR_ALLOC freed 4011K, 45% free 9364K/16912K, paused 4ms, total 4ms
02-03 12:43:26.021 D/dalvikvm(15954): GC_CONCURRENT freed 3866K, 44% free 9527K/16912K, paused 0ms+1ms, total 5ms
02-03 12:43:26.021 D/dalvikvm(15954): WAIT_FOR_CONCURRENT_GC blocked 4ms
02-03 12:43:26.021 D/dalvikvm(15954): GC_FOR_ALLOC freed 4040K, 45% free 9367K/16912K, paused 4ms, total 4ms
02-03 12:43:26.031 D/dalvikvm(15954): GC_CONCURRENT freed 3895K, 44% free 9532K/16912K, paused 0ms+1ms, total 5ms
02-03 12:43:26.031 D/dalvikvm(15954): WAIT_FOR_CONCURRENT_GC blocked 4ms
02-03 12:43:26.041 D/dalvikvm(15954): GC_FOR_ALLOC freed 4070K, 45% free 9371K/16912K, paused 4ms, total 4ms
02-03 12:43:26.041 D/dalvikvm(15954): GC_CONCURRENT freed 3925K, 44% free 9537K/16912K, paused 0ms+1ms, total 5ms
02-03 12:43:26.041 D/dalvikvm(15954): WAIT_FOR_CONCURRENT_GC blocked 4ms
02-03 12:43:26.051 D/dalvikvm(15954): GC_FOR_ALLOC freed 4103K, 45% free 9375K/16912K, paused 3ms, total 3ms
02-03 12:43:26.061 D/dalvikvm(15954): GC_FOR_ALLOC freed 3460K, 43% free 9706K/16912K, paused 4ms, total 4ms
02-03 12:43:26.061 D/dalvikvm(15954): GC_FOR_ALLOC freed 4299K, 46% free 9213K/16912K, paused 4ms, total 4ms
02-03 12:43:26.071 D/dalvikvm(15954): GC_CONCURRENT freed 3815K, 45% free 9380K/16912K, paused 1ms+1ms, total 5ms
02-03 12:43:26.071 D/dalvikvm(15954): WAIT_FOR_CONCURRENT_GC blocked 4ms
02-03 12:43:26.081 D/dalvikvm(15954): GC_FOR_ALLOC freed 3494K, 43% free 9714K/16912K, paused 4ms, total 4ms
02-03 12:43:26.081 D/dalvikvm(15954): GC_FOR_ALLOC freed 4339K, 46% free 9216K/16912K, paused 4ms, total 4ms
02-03 12:43:26.091 D/dalvikvm(15954): GC_CONCURRENT freed 3849K, 45% free 9385K/16912K, paused 1ms+0ms, total 5ms
02-03 12:43:26.091 D/dalvikvm(15954): WAIT_FOR_CONCURRENT_GC blocked 4ms
02-03 12:43:26.101 D/dalvikvm(15954): GC_FOR_ALLOC freed 3525K, 43% free 9721K/16912K, paused 4ms, total 4ms
02-03 12:43:26.101 D/dalvikvm(15954): GC_FOR_ALLOC freed 4377K, 46% free 9219K/16912K, paused 4ms, total 4ms
02-03 12:43:26.111 D/dalvikvm(15954): GC_FOR_ALLOC freed 3921K, 46% free 9216K/16912K, paused 4ms, total 4ms
02-03 12:43:26.121 D/dalvikvm(15954): GC_FOR_ALLOC freed 3394K, 43% free 9727K/16912K, paused 4ms, total 4ms
02-03 12:43:26.131 D/dalvikvm(15954): GC_FOR_ALLOC freed 3741K, 43% free 9738K/16912K, paused 4ms, total 4ms
02-03 12:43:26.141 D/dalvikvm(15954): GC_FOR_ALLOC freed 3233K, 43% free 9674K/16912K, paused 4ms, total 4ms
02-03 12:43:26.211 D/dalvikvm(15954): GC_CONCURRENT freed 4849K, 48% free 8916K/16912K, paused 1ms+1ms, total 6ms
02-03 12:43:26.211 D/dalvikvm(15954): WAIT_FOR_CONCURRENT_GC blocked 6ms
02-03 12:43:26.221 D/dalvikvm(15954): GC_CONCURRENT freed 4037K, 47% free 8967K/16912K, paused 1ms+1ms, total 5ms
02-03 12:43:26.221 D/dalvikvm(15954): WAIT_FOR_CONCURRENT_GC blocked 4ms
02-03 12:43:26.231 D/dalvikvm(15954): GC_CONCURRENT freed 4060K, 47% free 8989K/16912K, paused 0ms+1ms, total 4ms
02-03 12:43:26.231 D/dalvikvm(15954): WAIT_FOR_CONCURRENT_GC blocked 5ms
02-03 12:43:26.241 D/dalvikvm(15954): GC_FOR_ALLOC freed 4072K, 47% free 8998K/16912K, paused 5ms, total 5ms
02-03 12:43:26.251 D/dalvikvm(15954): GC_CONCURRENT freed 3931K, 46% free 9291K/16912K, paused 0ms+1ms, total 6ms
02-03 12:43:26.261 D/dalvikvm(15954): GC_CONCURRENT freed 4325K, 47% free 8998K/16912K, paused 1ms+1ms, total 5ms
02-03 12:43:26.261 D/dalvikvm(15954): WAIT_FOR_CONCURRENT_GC blocked 5ms
02-03 12:43:26.261 D/dalvikvm(15954): GC_CONCURRENT freed 4113K, 47% free 8968K/16912K, paused 1ms+0ms, total 5ms
02-03 12:43:26.261 D/dalvikvm(15954): WAIT_FOR_CONCURRENT_GC blocked 4ms
02-03 12:43:26.271 D/dalvikvm(15954): GC_CONCURRENT freed 3938K, 47% free 9039K/16912K, paused 1ms+1ms, total 6ms
02-03 12:43:26.271 D/dalvikvm(15954): WAIT_FOR_CONCURRENT_GC blocked 5ms
02-03 12:43:26.281 D/dalvikvm(15954): GC_FOR_ALLOC freed 3995K, 47% free 9078K/16912K, paused 5ms, total 5ms
02-03 12:43:26.291 D/dalvikvm(15954): GC_CONCURRENT freed 3265K, 45% free 9346K/16912K, paused 1ms+2ms, total 6ms
02-03 12:43:26.301 D/dalvikvm(15954): GC_CONCURRENT freed 4390K, 47% free 9049K/16912K, paused 1ms+1ms, total 5ms
02-03 12:43:26.301 D/dalvikvm(15954): WAIT_FOR_CONCURRENT_GC blocked 3ms
02-03 12:43:26.301 D/dalvikvm(15954): GC_FOR_ALLOC freed 4087K, 47% free 9009K/16912K, paused 4ms, total 4ms
02-03 12:43:26.311 D/dalvikvm(15954): GC_CONCURRENT freed 3556K, 45% free 9412K/16912K, paused 1ms+1ms, total 6ms
02-03 12:43:26.321 D/dalvikvm(15954): GC_FOR_ALLOC freed 4478K, 47% free 9012K/16912K, paused 5ms, total 5ms
02-03 12:43:26.321 D/dalvikvm(15954): GC_CONCURRENT freed 3753K, 46% free 9235K/16912K, paused 1ms+1ms, total 6ms
02-03 12:43:26.321 D/dalvikvm(15954): WAIT_FOR_CONCURRENT_GC blocked 2ms
02-03 12:43:26.331 D/dalvikvm(15954): GC_FOR_ALLOC freed 4217K, 47% free 9047K/16912K, paused 5ms, total 5ms
02-03 12:43:26.341 D/dalvikvm(15954): GC_CONCURRENT freed 3753K, 45% free 9302K/16912K, paused 1ms+1ms, total 6ms
02-03 12:43:26.341 D/dalvikvm(15954): WAIT_FOR_CONCURRENT_GC blocked 1ms
02-03 12:43:26.351 D/dalvikvm(15954): GC_CONCURRENT freed 4168K, 47% free 9107K/16912K, paused 1ms+1ms, total 5ms
02-03 12:43:26.351 D/dalvikvm(15954): WAIT_FOR_CONCURRENT_GC blocked 4ms
02-03 12:43:26.351 D/dalvikvm(15954): GC_CONCURRENT freed 4085K, 47% free 9053K/16912K, paused 0ms+0ms, total 5ms
02-03 12:43:26.351 D/dalvikvm(15954): WAIT_FOR_CONCURRENT_GC blocked 5ms
02-03 12:43:26.361 D/dalvikvm(15954): GC_CONCURRENT freed 3973K, 46% free 9168K/16912K, paused 1ms+1ms, total 5ms
02-03 12:43:26.361 D/dalvikvm(15954): WAIT_FOR_CONCURRENT_GC blocked 4ms
02-03 12:43:26.371 D/dalvikvm(15954): GC_CONCURRENT freed 4078K, 46% free 9171K/16912K, paused 1ms+1ms, total 5ms
02-03 12:43:26.371 D/dalvikvm(15954): WAIT_FOR_CONCURRENT_GC blocked 4ms
02-03 12:43:26.381 D/dalvikvm(15954): GC_CONCURRENT freed 4182K, 47% free 9055K/16912K, paused 0ms+1ms, total 5ms
02-03 12:43:26.381 D/dalvikvm(15954): WAIT_FOR_CONCURRENT_GC blocked 4ms
02-03 12:43:26.391 D/dalvikvm(15954): GC_CONCURRENT freed 3854K, 46% free 9178K/16912K, paused 1ms+1ms, total 5ms
02-03 12:43:26.391 D/dalvikvm(15954): WAIT_FOR_CONCURRENT_GC blocked 4ms
02-03 12:43:26.401 D/dalvikvm(15954): GC_CONCURRENT freed 3938K, 46% free 9212K/16912K, paused 0ms+1ms, total 4ms
02-03 12:43:26.401 D/dalvikvm(15954): WAIT_FOR_CONCURRENT_GC blocked 5ms
02-03 12:43:26.401 D/dalvikvm(15954): GC_CONCURRENT freed 4023K, 46% free 9215K/16912K, paused 0ms+1ms, total 4ms
02-03 12:43:26.401 D/dalvikvm(15954): WAIT_FOR_CONCURRENT_GC blocked 4ms
02-03 12:43:26.411 D/dalvikvm(15954): GC_CONCURRENT freed 4108K, 47% free 9087K/16912K, paused 1ms+1ms, total 5ms
02-03 12:43:26.411 D/dalvikvm(15954): WAIT_FOR_CONCURRENT_GC blocked 4ms
02-03 12:43:26.421 D/dalvikvm(15954): GC_CONCURRENT freed 3921K, 46% free 9158K/16912K, paused 1ms+1ms, total 6ms
02-03 12:43:26.421 D/dalvikvm(15954): WAIT_FOR_CONCURRENT_GC blocked 5ms
02-03 12:43:26.431 D/dalvikvm(15954): GC_CONCURRENT freed 4066K, 47% free 9090K/16912K, paused 0ms+0ms, total 5ms
02-03 12:43:26.431 D/dalvikvm(15954): WAIT_FOR_CONCURRENT_GC blocked 4ms
02-03 12:43:26.441 D/dalvikvm(15954): GC_CONCURRENT freed 3865K, 46% free 9229K/16912K, paused 1ms+1ms, total 5ms
02-03 12:43:26.441 D/dalvikvm(15954): WAIT_FOR_CONCURRENT_GC blocked 4ms
02-03 12:43:26.441 D/dalvikvm(15954): GC_CONCURRENT freed 4145K, 46% free 9161K/16912K, paused 1ms+1ms, total 5ms
02-03 12:43:26.441 D/dalvikvm(15954): WAIT_FOR_CONCURRENT_GC blocked 4ms
02-03 12:43:26.451 D/dalvikvm(15954): GC_CONCURRENT freed 3999K, 46% free 9166K/16912K, paused 1ms+1ms, total 5ms
02-03 12:43:26.451 D/dalvikvm(15954): WAIT_FOR_CONCURRENT_GC blocked 4ms
02-03 12:43:26.461 D/dalvikvm(15954): GC_CONCURRENT freed 4066K, 46% free 9170K/16912K, paused 1ms+1ms, total 5ms
02-03 12:43:26.461 D/dalvikvm(15954): WAIT_FOR_CONCURRENT_GC blocked 4ms
02-03 12:43:26.471 D/dalvikvm(15954): GC_CONCURRENT freed 4134K, 47% free 9023K/16912K, paused 0ms+1ms, total 4ms
02-03 12:43:26.471 D/dalvikvm(15954): WAIT_FOR_CONCURRENT_GC blocked 4ms
02-03 12:43:26.481 D/dalvikvm(15954): GC_CONCURRENT freed 3827K, 46% free 9247K/16912K, paused 1ms+1ms, total 5ms
02-03 12:43:26.481 D/dalvikvm(15954): WAIT_FOR_CONCURRENT_GC blocked 4ms
02-03 12:43:26.491 D/dalvikvm(15954): GC_CONCURRENT freed 4108K, 46% free 9208K/16912K, paused 0ms+1ms, total 5ms
02-03 12:43:26.491 D/dalvikvm(15954): WAIT_FOR_CONCURRENT_GC blocked 4ms
02-03 12:43:26.491 D/dalvikvm(15954): GC_CONCURRENT freed 4094K, 47% free 9131K/16912K, paused 1ms+1ms, total 5ms
02-03 12:43:26.491 D/dalvikvm(15954): WAIT_FOR_CONCURRENT_GC blocked 4ms
02-03 12:43:26.501 D/dalvikvm(15954): GC_CONCURRENT freed 3840K, 46% free 9287K/16912K, paused 1ms+1ms, total 5ms
02-03 12:43:26.501 D/dalvikvm(15954): WAIT_FOR_CONCURRENT_GC blocked 4ms
02-03 12:43:26.511 D/dalvikvm(15954): GC_CONCURRENT freed 4128K, 46% free 9213K/16912K, paused 1ms+1ms, total 5ms
02-03 12:43:26.511 D/dalvikvm(15954): WAIT_FOR_CONCURRENT_GC blocked 4ms
02-03 12:43:26.521 D/dalvikvm(15954): GC_FOR_ALLOC freed 4111K, 47% free 9052K/16912K, paused 5ms, total 5ms
02-03 12:43:26.531 D/dalvikvm(15954): GC_CONCURRENT freed 3837K, 46% free 9218K/16912K, paused 1ms+1ms, total 5ms
02-03 12:43:26.531 D/dalvikvm(15954): WAIT_FOR_CONCURRENT_GC blocked 3ms
02-03 12:43:26.531 D/dalvikvm(15954): GC_CONCURRENT freed 4056K, 46% free 9219K/16912K, paused 1ms+1ms, total 5ms
02-03 12:43:26.531 D/dalvikvm(15954): WAIT_FOR_CONCURRENT_GC blocked 4ms
02-03 12:43:26.541 D/dalvikvm(15954): GC_FOR_ALLOC freed 3854K, 45% free 9306K/16912K, paused 4ms, total 4ms
02-03 12:43:26.551 D/dalvikvm(15954): GC_FOR_ALLOC freed 4160K, 46% free 9137K/16912K, paused 4ms, total 4ms
02-03 12:43:26.551 D/dalvikvm(15954): GC_CONCURRENT freed 3359K, 43% free 9731K/16912K, paused 1ms+1ms, total 6ms
02-03 12:43:26.551 D/dalvikvm(15954): WAIT_FOR_CONCURRENT_GC blocked 1ms
02-03 12:43:26.561 D/dalvikvm(15954): GC_FOR_ALLOC freed 4500K, 45% free 9313K/16912K, paused 4ms, total 4ms
02-03 12:43:26.571 D/dalvikvm(15954): GC_CONCURRENT freed 3695K, 44% free 9486K/16912K, paused 1ms+1ms, total 6ms
02-03 12:43:26.571 D/dalvikvm(15954): WAIT_FOR_CONCURRENT_GC blocked 2ms
02-03 12:43:26.571 D/dalvikvm(15954): GC_FOR_ALLOC freed 4344K, 46% free 9137K/16912K, paused 4ms, total 4ms
02-03 12:43:26.581 D/dalvikvm(15954): GC_CONCURRENT freed 3324K, 43% free 9762K/16912K, paused 0ms+1ms, total 5ms
02-03 12:43:26.581 D/dalvikvm(15954): WAIT_FOR_CONCURRENT_GC blocked 2ms
02-03 12:43:26.591 D/dalvikvm(15954): GC_CONCURRENT freed 4525K, 46% free 9262K/16912K, paused 1ms+1ms, total 5ms
02-03 12:43:26.591 D/dalvikvm(15954): WAIT_FOR_CONCURRENT_GC blocked 3ms
02-03 12:43:26.601 D/dalvikvm(15954): GC_FOR_ALLOC freed 4028K, 47% free 9082K/16912K, paused 4ms, total 4ms
02-03 12:43:26.601 D/dalvikvm(15954): GC_FOR_ALLOC freed 3884K, 47% free 9084K/16912K, paused 4ms, total 4ms
02-03 12:43:26.611 D/dalvikvm(15954): GC_FOR_ALLOC freed 3921K, 47% free 9086K/16912K, paused 4ms, total 4ms
02-03 12:43:26.621 D/dalvikvm(15954): GC_FOR_ALLOC freed 3959K, 47% free 9088K/16912K, paused 5ms, total 5ms
02-03 12:43:26.621 D/dalvikvm(15954): GC_CONCURRENT freed 3805K, 46% free 9281K/16912K, paused 1ms+1ms, total 5ms
02-03 12:43:26.621 D/dalvikvm(15954): WAIT_FOR_CONCURRENT_GC blocked 3ms
02-03 12:43:26.631 D/dalvikvm(15954): GC_CONCURRENT freed 4034K, 46% free 9283K/16912K, paused 1ms+1ms, total 5ms
02-03 12:43:26.631 D/dalvikvm(15954): WAIT_FOR_CONCURRENT_GC blocked 4ms
02-03 12:43:26.641 D/dalvikvm(15954): GC_CONCURRENT freed 4070K, 46% free 9287K/16912K, paused 0ms+0ms, total 5ms
02-03 12:43:26.641 D/dalvikvm(15954): WAIT_FOR_CONCURRENT_GC blocked 5ms
02-03 12:43:26.651 D/dalvikvm(15954): GC_FOR_ALLOC freed 3816K, 45% free 9384K/16912K, paused 4ms, total 4ms
02-03 12:43:26.651 D/dalvikvm(15954): GC_FOR_ALLOC freed 4143K, 46% free 9191K/16912K, paused 5ms, total 5ms
02-03 12:43:26.661 D/dalvikvm(15954): GC_FOR_ALLOC freed 3981K, 47% free 9094K/16912K, paused 4ms, total 4ms
02-03 12:43:26.671 D/dalvikvm(15954): GC_FOR_ALLOC freed 3712K, 45% free 9396K/16912K, paused 4ms, total 4ms
02-03 12:43:26.671 D/dalvikvm(15954): GC_CONCURRENT freed 3747K, 43% free 9701K/16912K, paused 0ms+1ms, total 5ms
02-03 12:43:26.671 D/dalvikvm(15954): WAIT_FOR_CONCURRENT_GC blocked 1ms
02-03 12:43:26.681 D/dalvikvm(15954): GC_CONCURRENT freed 4386K, 46% free 9300K/16912K, paused 1ms+1ms, total 5ms
02-03 12:43:26.681 D/dalvikvm(15954): WAIT_FOR_CONCURRENT_GC blocked 2ms
02-03 12:43:26.691 D/dalvikvm(15954): GC_FOR_ALLOC freed 4012K, 46% free 9199K/16912K, paused 4ms, total 4ms
02-03 12:43:26.691 D/dalvikvm(15954): GC_CONCURRENT freed 3944K, 45% free 9306K/16912K, paused 0ms+1ms, total 4ms
02-03 12:43:26.691 D/dalvikvm(15954): WAIT_FOR_CONCURRENT_GC blocked 4ms
02-03 12:43:26.701 D/dalvikvm(15954): GC_FOR_ALLOC freed 4080K, 46% free 9205K/16912K, paused 4ms, total 4ms
02-03 12:43:26.711 D/dalvikvm(15954): GC_CONCURRENT freed 2958K, 40% free 10153K/16912K, paused 0ms+1ms, total 5ms
02-03 12:43:26.711 D/dalvikvm(15954): WAIT_FOR_CONCURRENT_GC blocked 2ms
02-03 12:43:26.721 D/dalvikvm(15954): GC_FOR_ALLOC freed 4987K, 47% free 9104K/16912K, paused 5ms, total 5ms
02-03 12:43:26.721 D/dalvikvm(15954): GC_FOR_ALLOC freed 3963K, 46% free 9212K/16912K, paused 5ms, total 5ms
02-03 12:43:26.731 D/dalvikvm(15954): GC_CONCURRENT freed 3025K, 40% free 10181K/16912K, paused 1ms+1ms, total 6ms
02-03 12:43:26.731 D/dalvikvm(15954): WAIT_FOR_CONCURRENT_GC blocked 2ms
02-03 12:43:26.741 D/dalvikvm(15954): GC_CONCURRENT freed 4881K, 45% free 9326K/16912K, paused 0ms+1ms, total 4ms
02-03 12:43:26.741 D/dalvikvm(15954): WAIT_FOR_CONCURRENT_GC blocked 4ms
02-03 12:43:26.741 D/dalvikvm(15954): GC_FOR_ALLOC freed 4050K, 47% free 9110K/16912K, paused 4ms, total 4ms
02-03 12:43:26.751 D/dalvikvm(15954): GC_FOR_ALLOC freed 3858K, 47% free 9111K/16912K, paused 4ms, total 4ms
02-03 12:43:26.761 D/dalvikvm(15954): GC_FOR_ALLOC freed 3884K, 47% free 9113K/16912K, paused 4ms, total 4ms
02-03 12:43:26.761 D/dalvikvm(15954): GC_FOR_ALLOC freed 3910K, 47% free 9114K/16912K, paused 4ms, total 4ms
02-03 12:43:26.771 D/dalvikvm(15954): GC_FOR_ALLOC freed 3937K, 47% free 9116K/16912K, paused 5ms, total 5ms
02-03 12:43:26.781 D/dalvikvm(15954): GC_FOR_ALLOC freed 3963K, 47% free 9117K/16912K, paused 4ms, total 4ms
02-03 12:43:26.791 D/dalvikvm(15954): GC_CONCURRENT freed 3761K, 45% free 9347K/16912K, paused 1ms+1ms, total 5ms
02-03 12:43:26.791 D/dalvikvm(15954): WAIT_FOR_CONCURRENT_GC blocked 4ms
02-03 12:43:26.791 D/dalvikvm(15954): GC_CONCURRENT freed 4014K, 45% free 9350K/16912K, paused 0ms+1ms, total 4ms
02-03 12:43:26.791 D/dalvikvm(15954): WAIT_FOR_CONCURRENT_GC blocked 4ms
02-03 12:43:26.801 D/dalvikvm(15954): GC_CONCURRENT freed 4040K, 45% free 9353K/16912K, paused 1ms+1ms, total 5ms
02-03 12:43:26.801 D/dalvikvm(15954): WAIT_FOR_CONCURRENT_GC blocked 4ms
02-03 12:43:26.811 D/dalvikvm(15954): GC_CONCURRENT freed 4067K, 45% free 9356K/16912K, paused 1ms+1ms, total 6ms
02-03 12:43:26.811 D/dalvikvm(15954): WAIT_FOR_CONCURRENT_GC blocked 5ms
02-03 12:43:26.821 D/dalvikvm(15954): GC_FOR_ALLOC freed 3743K, 44% free 9476K/16912K, paused 5ms, total 5ms
02-03 12:43:26.821 D/dalvikvm(15954): GC_FOR_ALLOC freed 4123K, 46% free 9244K/16912K, paused 5ms, total 5ms
02-03 12:43:26.831 D/dalvikvm(15954): GC_FOR_ALLOC freed 3914K, 47% free 9128K/16912K, paused 4ms, total 4ms
02-03 12:43:26.841 D/dalvikvm(15954): GC_FOR_ALLOC freed 3581K, 44% free 9487K/16912K, paused 4ms, total 4ms
02-03 12:43:26.841 D/dalvikvm(15954): GC_FOR_ALLOC freed 4205K, 46% free 9251K/16912K, paused 4ms, total 4ms
02-03 12:43:26.851 D/dalvikvm(15954): GC_CONCURRENT freed 3149K, 42% free 9976K/16912K, paused 1ms+1ms, total 5ms
02-03 12:43:26.851 D/dalvikvm(15954): WAIT_FOR_CONCURRENT_GC blocked 2ms
02-03 12:43:26.861 D/dalvikvm(15954): GC_CONCURRENT freed 4494K, 44% free 9499K/16912K, paused 1ms+1ms, total 6ms
02-03 12:43:26.861 D/dalvikvm(15954): WAIT_FOR_CONCURRENT_GC blocked 3ms
02-03 12:43:26.861 D/dalvikvm(15954): GC_FOR_ALLOC freed 4287K, 46% free 9258K/16912K, paused 4ms, total 4ms
02-03 12:43:26.871 D/dalvikvm(15954): GC_CONCURRENT freed 3456K, 43% free 9752K/16912K, paused 1ms+1ms, total 6ms
02-03 12:43:26.871 D/dalvikvm(15954): WAIT_FOR_CONCURRENT_GC blocked 2ms
02-03 12:43:26.881 D/dalvikvm(15954): GC_FOR_ALLOC freed 4336K, 44% free 9511K/16912K, paused 5ms, total 5ms
02-03 12:43:26.881 D/dalvikvm(15954): GC_CONCURRENT freed 3250K, 41% free 10010K/16912K, paused 1ms+1ms, total 6ms
02-03 12:43:26.881 D/dalvikvm(15954): WAIT_FOR_CONCURRENT_GC blocked 2ms
02-03 12:43:26.891 D/dalvikvm(15954): GC_FOR_ALLOC freed 4637K, 46% free 9267K/16912K, paused 4ms, total 4ms
02-03 12:43:26.901 D/dalvikvm(15954): GC_CONCURRENT freed 3917K, 45% free 9396K/16912K, paused 0ms+1ms, total 4ms
02-03 12:43:26.901 D/dalvikvm(15954): WAIT_FOR_CONCURRENT_GC blocked 3ms
02-03 12:43:26.911 D/dalvikvm(15954): GC_FOR_ALLOC freed 4065K, 46% free 9272K/16912K, paused 4ms, total 4ms
02-03 12:43:26.911 D/dalvikvm(15954): GC_CONCURRENT freed 3963K, 45% free 9402K/16912K, paused 0ms+0ms, total 5ms
02-03 12:43:26.911 D/dalvikvm(15954): WAIT_FOR_CONCURRENT_GC blocked 4ms
02-03 12:43:26.921 D/dalvikvm(15954): GC_FOR_ALLOC freed 4113K, 46% free 9276K/16912K, paused 4ms, total 4ms
02-03 12:43:26.931 D/dalvikvm(15954): GC_CONCURRENT freed 2718K, 39% free 10438K/16912K, paused 1ms+1ms, total 6ms
02-03 12:43:26.931 D/dalvikvm(15954): WAIT_FOR_CONCURRENT_GC blocked 2ms
02-03 12:43:26.931 D/dalvikvm(15954): GC_FOR_ALLOC freed 4539K, 44% free 9540K/16912K, paused 4ms, total 4ms
02-03 12:43:26.941 D/dalvikvm(15954): GC_FOR_ALLOC freed 4312K, 46% free 9152K/16912K, paused 4ms, total 4ms
02-03 12:43:26.951 D/dalvikvm(15954): GC_FOR_ALLOC freed 3942K, 46% free 9285K/16912K, paused 5ms, total 5ms
02-03 12:43:26.951 D/dalvikvm(15954): GC_CONCURRENT freed 3041K, 40% free 10208K/16912K, paused 0ms+1ms, total 5ms
02-03 12:43:26.951 D/dalvikvm(15954): WAIT_FOR_CONCURRENT_GC blocked 2ms
02-03 12:43:26.961 D/dalvikvm(15954): GC_CONCURRENT freed 4775K, 45% free 9422K/16912K, paused 1ms+1ms, total 5ms
02-03 12:43:26.961 D/dalvikvm(15954): WAIT_FOR_CONCURRENT_GC blocked 3ms
02-03 12:43:26.971 D/dalvikvm(15954): GC_FOR_ALLOC freed 4005K, 46% free 9158K/16912K, paused 4ms, total 4ms
02-03 12:43:26.981 D/dalvikvm(15954): GC_FOR_ALLOC freed 3758K, 46% free 9159K/16912K, paused 5ms, total 5ms
02-03 12:43:26.981 D/dalvikvm(15954): GC_FOR_ALLOC freed 3778K, 46% free 9161K/16912K, paused 4ms, total 4ms
02-03 12:43:26.991 D/dalvikvm(15954): GC_FOR_ALLOC freed 3797K, 46% free 9162K/16912K, paused 5ms, total 5ms
02-03 12:43:27.001 D/dalvikvm(15954): GC_FOR_ALLOC freed 3816K, 46% free 9163K/16912K, paused 4ms, total 4ms
02-03 12:43:27.001 D/dalvikvm(15954): GC_FOR_ALLOC freed 3835K, 46% free 9165K/16912K, paused 4ms, total 4ms
02-03 12:43:27.011 D/dalvikvm(15954): GC_FOR_ALLOC freed 3853K, 46% free 9166K/16912K, paused 4ms, total 5ms
02-03 12:43:27.021 D/dalvikvm(15954): GC_FOR_ALLOC freed 3872K, 46% free 9167K/16912K, paused 4ms, total 4ms
02-03 12:43:27.021 D/dalvikvm(15954): GC_FOR_ALLOC freed 3891K, 46% free 9169K/16912K, paused 4ms, total 4ms
02-03 12:43:27.031 D/dalvikvm(15954): GC_FOR_ALLOC freed 3910K, 46% free 9170K/16912K, paused 5ms, total 5ms
02-03 12:43:27.041 D/dalvikvm(15954): GC_FOR_ALLOC freed 3929K, 46% free 9171K/16912K, paused 4ms, total 4ms
02-03 12:43:27.041 D/dalvikvm(15954): GC_FOR_ALLOC freed 3947K, 46% free 9173K/16912K, paused 4ms, total 4ms
02-03 12:43:27.051 D/dalvikvm(15954): GC_FOR_ALLOC freed 3966K, 46% free 9174K/16912K, paused 4ms, total 4ms
02-03 12:43:27.051 D/dalvikvm(15954): GC_CONCURRENT freed 3276K, 42% free 9884K/16912K, paused 1ms+1ms, total 5ms
02-03 12:43:27.061 D/dalvikvm(15954): WAIT_FOR_CONCURRENT_GC blocked 2ms
02-03 12:43:27.061 D/dalvikvm(15954): GC_CONCURRENT freed 4427K, 45% free 9463K/16912K, paused 1ms+1ms, total 5ms
02-03 12:43:27.061 D/dalvikvm(15954): WAIT_FOR_CONCURRENT_GC blocked 4ms
02-03 12:43:27.071 D/dalvikvm(15954): GC_CONCURRENT freed 4021K, 45% free 9465K/16912K, paused 1ms+1ms, total 5ms
02-03 12:43:27.071 D/dalvikvm(15954): WAIT_FOR_CONCURRENT_GC blocked 4ms
02-03 12:43:27.081 D/dalvikvm(15954): GC_CONCURRENT freed 4040K, 45% free 9468K/16912K, paused 1ms+0ms, total 6ms
02-03 12:43:27.081 D/dalvikvm(15954): WAIT_FOR_CONCURRENT_GC blocked 5ms
02-03 12:43:27.091 D/dalvikvm(15954): GC_CONCURRENT freed 4059K, 44% free 9471K/16912K, paused 1ms+1ms, total 5ms
02-03 12:43:27.091 D/dalvikvm(15954): WAIT_FOR_CONCURRENT_GC blocked 4ms
02-03 12:43:27.101 D/dalvikvm(15954): GC_CONCURRENT freed 4078K, 44% free 9474K/16912K, paused 0ms+0ms, total 5ms
02-03 12:43:27.101 D/dalvikvm(15954): WAIT_FOR_CONCURRENT_GC blocked 4ms
02-03 12:43:27.101 D/dalvikvm(15954): GC_FOR_ALLOC freed 3656K, 44% free 9622K/16912K, paused 4ms, total 5ms
02-03 12:43:27.111 D/dalvikvm(15954): GC_FOR_ALLOC freed 4113K, 45% free 9331K/16912K, paused 4ms, total 4ms
02-03 12:43:27.121 D/dalvikvm(15954): GC_FOR_ALLOC freed 3837K, 46% free 9186K/16912K, paused 4ms, total 4ms
02-03 12:43:27.121 D/dalvikvm(15954): GC_FOR_ALLOC freed 3407K, 44% free 9631K/16912K, paused 5ms, total 5ms
02-03 12:43:27.131 D/dalvikvm(15954): GC_FOR_ALLOC freed 4165K, 45% free 9337K/16912K, paused 4ms, total 4ms
02-03 12:43:27.141 D/dalvikvm(15954): GC_FOR_ALLOC freed 3885K, 46% free 9190K/16912K, paused 4ms, total 4ms
02-03 12:43:27.141 D/dalvikvm(15954): GC_FOR_ALLOC freed 3449K, 43% free 9640K/16912K, paused 5ms, total 5ms
02-03 12:43:27.151 D/dalvikvm(15954): GC_FOR_ALLOC freed 4217K, 45% free 9342K/16912K, paused 4ms, total 4ms
02-03 12:43:27.161 D/dalvikvm(15954): GC_FOR_ALLOC freed 3933K, 46% free 9193K/16912K, paused 4ms, total 4ms
02-03 12:43:27.161 D/dalvikvm(15954): GC_FOR_ALLOC freed 3492K, 43% free 9649K/16912K, paused 5ms, total 5ms
02-03 12:43:27.171 D/dalvikvm(15954): GC_FOR_ALLOC freed 4269K, 45% free 9348K/16912K, paused 5ms, total 5ms
02-03 12:43:27.181 D/dalvikvm(15954): GC_FOR_ALLOC freed 3981K, 46% free 9197K/16912K, paused 4ms, total 4ms
02-03 12:43:27.181 D/dalvikvm(15954): GC_FOR_ALLOC freed 3534K, 43% free 9659K/16912K, paused 4ms, total 4ms
02-03 12:43:27.191 D/dalvikvm(15954): GC_CONCURRENT freed 3551K, 41% free 10122K/16912K, paused 1ms+1ms, total 6ms
02-03 12:43:27.191 D/dalvikvm(15954): WAIT_FOR_CONCURRENT_GC blocked 2ms
02-03 12:43:27.201 D/dalvikvm(15954): GC_FOR_ALLOC freed 4021K, 43% free 9665K/16912K, paused 4ms, total 4ms
02-03 12:43:27.201 D/dalvikvm(15954): GC_CONCURRENT freed 4353K, 45% free 9357K/16912K, paused 1ms+1ms, total 5ms
02-03 12:43:27.201 D/dalvikvm(15954): WAIT_FOR_CONCURRENT_GC blocked 4ms
02-03 12:43:27.211 D/dalvikvm(15954): GC_FOR_ALLOC freed 4059K, 46% free 9203K/16912K, paused 4ms, total 4ms
02-03 12:43:27.221 D/dalvikvm(15954): GC_FOR_ALLOC freed 3604K, 43% free 9674K/16912K, paused 4ms, total 4ms
02-03 12:43:27.221 D/dalvikvm(15954): GC_CONCURRENT freed 3307K, 39% free 10460K/16912K, paused 1ms+1ms, total 6ms
02-03 12:43:27.231 D/dalvikvm(15954): GC_FOR_ALLOC freed 4413K, 45% free 9364K/16912K, paused 5ms, total 5ms
02-03 12:43:27.241 D/dalvikvm(15954): GC_FOR_ALLOC freed 4121K, 46% free 9208K/16912K, paused 4ms, total 4ms
02-03 12:43:27.241 D/dalvikvm(15954): GC_FOR_ALLOC freed 3658K, 45% free 9367K/16912K, paused 4ms, total 4ms
02-03 12:43:27.251 D/dalvikvm(15954): GC_CONCURRENT freed 3832K, 44% free 9529K/16912K, paused 0ms+1ms, total 5ms
02-03 12:43:27.251 D/dalvikvm(15954): WAIT_FOR_CONCURRENT_GC blocked 4ms
02-03 12:43:27.261 D/dalvikvm(15954): GC_FOR_ALLOC freed 4006K, 45% free 9371K/16912K, paused 4ms, total 4ms
02-03 12:43:27.271 D/dalvikvm(15954): GC_CONCURRENT freed 3862K, 44% free 9534K/16912K, paused 1ms+1ms, total 5ms
02-03 12:43:27.271 D/dalvikvm(15954): WAIT_FOR_CONCURRENT_GC blocked 4ms
02-03 12:43:27.271 D/dalvikvm(15954): GC_FOR_ALLOC freed 4036K, 45% free 9375K/16912K, paused 4ms, total 5ms
02-03 12:43:27.281 D/dalvikvm(15954): GC_CONCURRENT freed 3891K, 44% free 9539K/16912K, paused 1ms+1ms, total 5ms
02-03 12:43:27.281 D/dalvikvm(15954): WAIT_FOR_CONCURRENT_GC blocked 4ms
02-03 12:43:27.291 D/dalvikvm(15954): GC_FOR_ALLOC freed 4066K, 45% free 9378K/16912K, paused 4ms, total 4ms
02-03 12:43:27.301 D/dalvikvm(15954): GC_CONCURRENT freed 3921K, 44% free 9544K/16912K, paused 0ms+1ms, total 5ms
02-03 12:43:27.301 D/dalvikvm(15954): WAIT_FOR_CONCURRENT_GC blocked 4ms
02-03 12:43:27.301 D/dalvikvm(15954): GC_FOR_ALLOC freed 4098K, 45% free 9382K/16912K, paused 5ms, total 5ms
02-03 12:43:27.311 D/dalvikvm(15954): GC_FOR_ALLOC freed 3456K, 43% free 9713K/16912K, paused 5ms, total 5ms
02-03 12:43:27.321 D/dalvikvm(15954): GC_FOR_ALLOC freed 4295K, 46% free 9221K/16912K, paused 6ms, total 6ms
02-03 12:43:27.331 D/dalvikvm(15954): GC_FOR_ALLOC freed 3812K, 45% free 9387K/16912K, paused 4ms, total 4ms
02-03 12:43:27.341 D/dalvikvm(15954): GC_CONCURRENT freed <1K, 41% free 10050K/16912K, paused 0ms+1ms, total 5ms
02-03 12:43:27.341 D/dalvikvm(15954): GC_CONCURRENT freed 4656K, 45% free 9389K/16912K, paused 1ms+1ms, total 6ms
02-03 12:43:27.341 D/dalvikvm(15954): WAIT_FOR_CONCURRENT_GC blocked 5ms
02-03 12:43:27.351 D/dalvikvm(15954): GC_FOR_ALLOC freed 3503K, 43% free 9724K/16912K, paused 4ms, total 4ms
02-03 12:43:27.361 D/dalvikvm(15954): GC_FOR_ALLOC freed 4350K, 46% free 9225K/16912K, paused 6ms, total 6ms
02-03 12:43:27.371 D/dalvikvm(15954): GC_CONCURRENT freed 3859K, 45% free 9394K/16912K, paused 2ms+1ms, total 6ms
02-03 12:43:27.371 D/dalvikvm(15954): WAIT_FOR_CONCURRENT_GC blocked 5ms
02-03 12:43:27.381 W/BindingManager(18937): Cannot call determinedVisibility() - never saw a connection for the pid: 18937
02-03 12:43:27.381 D/dalvikvm(15954): GC_FOR_ALLOC freed 3535K, 43% free 9731K/16912K, paused 5ms, total 6ms
02-03 12:43:27.401 D/dalvikvm(15954): GC_FOR_ALLOC freed 4408K, 46% free 9233K/16912K, paused 5ms, total 6ms
02-03 12:43:27.411 I/chromium(18937): [INFO:CONSOLE(46)] "Uncaught ReferenceError: SharedWorker is not defined", source: app://org.xwalk.webapi_noneservice_tests//opt/tct-workers-w3c-tests/workers/SharedWorkerEventListener.html (46)
02-03 12:43:27.411 D/dalvikvm(15954): GC_FOR_ALLOC freed 3739K, 45% free 9390K/16912K, paused 6ms, total 7ms
02-03 12:43:27.421 D/dalvikvm(15954): GC_FOR_ALLOC freed 3741K, 45% free 9400K/16912K, paused 7ms, total 7ms
02-03 12:43:27.431 D/dalvikvm(15954): GC_FOR_ALLOC freed 3249K, 43% free 9678K/16912K, paused 5ms, total 5ms
02-03 12:43:27.511 D/dalvikvm(15954): GC_CONCURRENT freed 4848K, 48% free 8920K/16912K, paused 0ms+1ms, total 6ms
02-03 12:43:27.511 D/dalvikvm(15954): WAIT_FOR_CONCURRENT_GC blocked 5ms
02-03 12:43:27.521 D/dalvikvm(15954): GC_CONCURRENT freed 4020K, 47% free 8987K/16912K, paused 0ms+1ms, total 5ms
02-03 12:43:27.521 D/dalvikvm(15954): WAIT_FOR_CONCURRENT_GC blocked 4ms
02-03 12:43:27.531 D/dalvikvm(15954): GC_CONCURRENT freed 4049K, 47% free 9025K/16912K, paused 0ms+1ms, total 5ms
02-03 12:43:27.531 D/dalvikvm(15954): WAIT_FOR_CONCURRENT_GC blocked 4ms
02-03 12:43:27.541 D/dalvikvm(15954): GC_FOR_ALLOC freed 4108K, 47% free 8994K/16912K, paused 4ms, total 5ms
02-03 12:43:27.541 D/dalvikvm(15954): GC_CONCURRENT freed 2244K, 46% free 9139K/16912K, paused 0ms+1ms, total 5ms
02-03 12:43:27.551 D/dalvikvm(15954): GC_CONCURRENT freed 4209K, 47% free 9018K/16912K, paused 1ms+1ms, total 5ms
02-03 12:43:27.551 D/dalvikvm(15954): WAIT_FOR_CONCURRENT_GC blocked 4ms
02-03 12:43:27.561 D/dalvikvm(15954): GC_FOR_ALLOC freed 4103K, 48% free 8961K/16912K, paused 4ms, total 4ms
02-03 12:43:27.571 D/dalvikvm(15954): GC_CONCURRENT freed 2623K, 45% free 9458K/16912K, paused 1ms+1ms, total 5ms
02-03 12:43:27.571 D/dalvikvm(15954): GC_FOR_ALLOC freed 4528K, 47% free 8966K/16912K, paused 5ms, total 5ms
02-03 12:43:27.581 D/dalvikvm(15954): GC_CONCURRENT freed 3590K, 46% free 9223K/16912K, paused 1ms+1ms, total 6ms
02-03 12:43:27.591 D/dalvikvm(15954): GC_CONCURRENT freed 4214K, 47% free 9088K/16912K, paused 0ms+1ms, total 5ms
02-03 12:43:27.591 D/dalvikvm(15954): WAIT_FOR_CONCURRENT_GC blocked 5ms
02-03 12:43:27.601 D/dalvikvm(15954): GC_FOR_ALLOC freed 4094K, 47% free 9010K/16912K, paused 4ms, total 4ms
02-03 12:43:27.601 D/dalvikvm(15954): GC_CONCURRENT freed 3151K, 45% free 9312K/16912K, paused 1ms+1ms, total 6ms
02-03 12:43:27.611 D/dalvikvm(15954): GC_CONCURRENT freed 4349K, 47% free 9013K/16912K, paused 0ms+1ms, total 4ms
02-03 12:43:27.611 D/dalvikvm(15954): WAIT_FOR_CONCURRENT_GC blocked 4ms
02-03 12:43:27.621 D/dalvikvm(15954): GC_FOR_ALLOC freed 3977K, 47% free 9110K/16912K, paused 4ms, total 5ms
02-03 12:43:27.621 D/dalvikvm(15954): GC_CONCURRENT freed 2891K, 41% free 10100K/16912K, paused 0ms+1ms, total 5ms
02-03 12:43:27.631 D/dalvikvm(15954): GC_FOR_ALLOC freed 5147K, 47% free 9020K/16912K, paused 4ms, total 4ms
02-03 12:43:27.641 D/dalvikvm(15954): GC_CONCURRENT freed 3785K, 46% free 9278K/16912K, paused 1ms+1ms, total 6ms
02-03 12:43:27.641 D/dalvikvm(15954): WAIT_FOR_CONCURRENT_GC blocked 2ms
02-03 12:43:27.641 D/dalvikvm(15954): GC_CONCURRENT freed 4202K, 47% free 9082K/16912K, paused 0ms+1ms, total 4ms
02-03 12:43:27.641 D/dalvikvm(15954): WAIT_FOR_CONCURRENT_GC blocked 3ms
02-03 12:43:27.651 D/dalvikvm(15954): GC_FOR_ALLOC freed 4119K, 47% free 9026K/16912K, paused 4ms, total 4ms
02-03 12:43:27.661 D/dalvikvm(15954): GC_FOR_ALLOC freed 4004K, 47% free 9059K/16912K, paused 4ms, total 4ms
02-03 12:43:27.671 D/dalvikvm(15954): GC_FOR_ALLOC freed 3990K, 47% free 9001K/16912K, paused 4ms, total 4ms
02-03 12:43:27.671 D/dalvikvm(15954): GC_CONCURRENT freed 4087K, 47% free 8999K/16912K, paused 1ms+1ms, total 6ms
02-03 12:43:27.671 D/dalvikvm(15954): WAIT_FOR_CONCURRENT_GC blocked 5ms
02-03 12:43:27.681 D/dalvikvm(15954): GC_CONCURRENT freed 3874K, 47% free 9126K/16912K, paused 0ms+1ms, total 4ms
02-03 12:43:27.681 D/dalvikvm(15954): WAIT_FOR_CONCURRENT_GC blocked 3ms
02-03 12:43:27.691 D/dalvikvm(15954): GC_FOR_ALLOC freed 4088K, 47% free 9001K/16912K, paused 4ms, total 4ms
02-03 12:43:27.701 D/dalvikvm(15954): GC_CONCURRENT freed 3915K, 46% free 9133K/16912K, paused 1ms+0ms, total 5ms
02-03 12:43:27.701 D/dalvikvm(15954): WAIT_FOR_CONCURRENT_GC blocked 4ms
02-03 12:43:27.701 D/dalvikvm(15954): GC_FOR_ALLOC freed 3932K, 46% free 9199K/16912K, paused 4ms, total 4ms
02-03 12:43:27.711 D/dalvikvm(15954): GC_CONCURRENT freed 3750K, 44% free 9529K/16912K, paused 0ms+1ms, total 6ms
02-03 12:43:27.711 D/dalvikvm(15954): WAIT_FOR_CONCURRENT_GC blocked 2ms
02-03 12:43:27.721 D/dalvikvm(15954): GC_CONCURRENT freed 4479K, 46% free 9141K/16912K, paused 0ms+1ms, total 4ms
02-03 12:43:27.721 D/dalvikvm(15954): WAIT_FOR_CONCURRENT_GC blocked 4ms
02-03 12:43:27.721 D/dalvikvm(15954): GC_CONCURRENT freed 4164K, 47% free 9072K/16912K, paused 1ms+1ms, total 5ms
02-03 12:43:27.721 D/dalvikvm(15954): WAIT_FOR_CONCURRENT_GC blocked 4ms
02-03 12:43:27.731 D/dalvikvm(15954): GC_FOR_ALLOC freed 3958K, 47% free 9071K/16912K, paused 4ms, total 4ms
02-03 12:43:27.741 D/dalvikvm(15954): GC_CONCURRENT freed 4024K, 47% free 9103K/16912K, paused 1ms+1ms, total 5ms
02-03 12:43:27.741 D/dalvikvm(15954): WAIT_FOR_CONCURRENT_GC blocked 4ms
02-03 12:43:27.751 D/dalvikvm(15954): GC_CONCURRENT freed 4091K, 47% free 9102K/16912K, paused 1ms+0ms, total 5ms
02-03 12:43:27.751 D/dalvikvm(15954): WAIT_FOR_CONCURRENT_GC blocked 4ms
02-03 12:43:27.751 D/dalvikvm(15954): GC_FOR_ALLOC freed 4009K, 47% free 9028K/16912K, paused 4ms, total 4ms
02-03 12:43:27.761 D/dalvikvm(15954): GC_FOR_ALLOC freed 3843K, 46% free 9252K/16912K, paused 4ms, total 4ms
02-03 12:43:27.771 D/dalvikvm(15954): GC_CONCURRENT freed 3601K, 44% free 9553K/16912K, paused 1ms+1ms, total 6ms
02-03 12:43:27.771 D/dalvikvm(15954): WAIT_FOR_CONCURRENT_GC blocked 2ms
02-03 12:43:27.771 D/dalvikvm(15954): GC_CONCURRENT freed 4486K, 47% free 9100K/16912K, paused 1ms+1ms, total 5ms
02-03 12:43:27.771 D/dalvikvm(15954): WAIT_FOR_CONCURRENT_GC blocked 5ms
02-03 12:43:27.781 D/dalvikvm(15954): GC_FOR_ALLOC freed 3855K, 46% free 9256K/16912K, paused 4ms, total 4ms
02-03 12:43:27.791 D/dalvikvm(15954): GC_CONCURRENT freed 3756K, 44% free 9571K/16912K, paused 1ms+1ms, total 6ms
02-03 12:43:27.791 D/dalvikvm(15954): WAIT_FOR_CONCURRENT_GC blocked 2ms
02-03 12:43:27.791 D/dalvikvm(15954): GC_CONCURRENT freed 4353K, 46% free 9215K/16912K, paused 1ms+1ms, total 5ms
02-03 12:43:27.791 D/dalvikvm(15954): WAIT_FOR_CONCURRENT_GC blocked 4ms
02-03 12:43:27.801 D/dalvikvm(15954): GC_CONCURRENT freed 4018K, 46% free 9215K/16912K, paused 0ms+1ms, total 4ms
02-03 12:43:27.801 D/dalvikvm(15954): WAIT_FOR_CONCURRENT_GC blocked 4ms
02-03 12:43:27.811 D/dalvikvm(15954): GC_CONCURRENT freed 4072K, 46% free 9216K/16912K, paused 0ms+1ms, total 4ms
02-03 12:43:27.811 D/dalvikvm(15954): WAIT_FOR_CONCURRENT_GC blocked 4ms
02-03 12:43:27.821 D/dalvikvm(15954): GC_FOR_ALLOC freed 3868K, 45% free 9304K/16912K, paused 4ms, total 4ms
02-03 12:43:27.821 D/dalvikvm(15954): GC_FOR_ALLOC freed 4175K, 46% free 9134K/16912K, paused 4ms, total 4ms
02-03 12:43:27.831 D/dalvikvm(15954): GC_CONCURRENT freed 3455K, 43% free 9645K/16912K, paused 1ms+1ms, total 6ms
02-03 12:43:27.831 D/dalvikvm(15954): WAIT_FOR_CONCURRENT_GC blocked 2ms
02-03 12:43:27.841 D/dalvikvm(15954): GC_FOR_ALLOC freed 4431K, 46% free 9136K/16912K, paused 4ms, total 4ms
02-03 12:43:27.841 D/dalvikvm(15954): GC_CONCURRENT freed 3968K, 46% free 9224K/16912K, paused 1ms+1ms, total 5ms
02-03 12:43:27.841 D/dalvikvm(15954): WAIT_FOR_CONCURRENT_GC blocked 4ms
02-03 12:43:27.851 D/dalvikvm(15954): GC_FOR_ALLOC freed 4095K, 46% free 9138K/16912K, paused 4ms, total 4ms
02-03 12:43:27.861 D/dalvikvm(15954): GC_CONCURRENT freed 3154K, 42% free 9946K/16912K, paused 1ms+1ms, total 6ms
02-03 12:43:27.861 D/dalvikvm(15954): WAIT_FOR_CONCURRENT_GC blocked 2ms
02-03 12:43:27.861 D/dalvikvm(15954): GC_CONCURRENT freed 4716K, 46% free 9236K/16912K, paused 0ms+1ms, total 4ms
02-03 12:43:27.861 D/dalvikvm(15954): WAIT_FOR_CONCURRENT_GC blocked 4ms
02-03 12:43:27.871 D/dalvikvm(15954): GC_FOR_ALLOC freed 4046K, 47% free 9051K/16912K, paused 4ms, total 4ms
02-03 12:43:27.881 D/dalvikvm(15954): GC_FOR_ALLOC freed 3896K, 47% free 9053K/16912K, paused 4ms, total 4ms
02-03 12:43:27.881 D/dalvikvm(15954): GC_FOR_ALLOC freed 3934K, 47% free 9054K/16912K, paused 4ms, total 4ms
02-03 12:43:27.891 D/dalvikvm(15954): GC_CONCURRENT freed 3782K, 46% free 9245K/16912K, paused 0ms+1ms, total 4ms
02-03 12:43:27.891 D/dalvikvm(15954): WAIT_FOR_CONCURRENT_GC blocked 4ms
02-03 12:43:27.901 D/dalvikvm(15954): GC_CONCURRENT freed 4008K, 46% free 9249K/16912K, paused 0ms+1ms, total 4ms
02-03 12:43:27.901 D/dalvikvm(15954): WAIT_FOR_CONCURRENT_GC blocked 3ms
02-03 12:43:27.901 D/dalvikvm(15954): GC_CONCURRENT freed 4045K, 46% free 9253K/16912K, paused 1ms+1ms, total 5ms
02-03 12:43:27.901 D/dalvikvm(15954): WAIT_FOR_CONCURRENT_GC blocked 4ms
02-03 12:43:27.911 D/dalvikvm(15954): GC_CONCURRENT freed 4083K, 46% free 9256K/16912K, paused 0ms+1ms, total 4ms
02-03 12:43:27.911 D/dalvikvm(15954): WAIT_FOR_CONCURRENT_GC blocked 4ms
02-03 12:43:27.921 D/dalvikvm(15954): GC_FOR_ALLOC freed 3828K, 45% free 9353K/16912K, paused 4ms, total 4ms
02-03 12:43:27.921 D/dalvikvm(15954): GC_FOR_ALLOC freed 4155K, 46% free 9159K/16912K, paused 3ms, total 3ms
02-03 12:43:27.931 D/dalvikvm(15954): GC_FOR_ALLOC freed 3993K, 47% free 9063K/16912K, paused 4ms, total 4ms
02-03 12:43:27.941 D/dalvikvm(15954): GC_FOR_ALLOC freed 3723K, 45% free 9366K/16912K, paused 4ms, total 4ms
02-03 12:43:27.941 D/dalvikvm(15954): GC_CONCURRENT freed 3556K, 42% free 9873K/16912K, paused 0ms+1ms, total 5ms
02-03 12:43:27.941 D/dalvikvm(15954): WAIT_FOR_CONCURRENT_GC blocked 2ms
02-03 12:43:27.951 D/dalvikvm(15954): GC_CONCURRENT freed 4597K, 46% free 9273K/16912K, paused 1ms+1ms, total 5ms
02-03 12:43:27.951 D/dalvikvm(15954): WAIT_FOR_CONCURRENT_GC blocked 4ms
02-03 12:43:27.961 D/dalvikvm(15954): GC_FOR_ALLOC freed 4029K, 46% free 9168K/16912K, paused 4ms, total 4ms
02-03 12:43:27.971 D/dalvikvm(15954): GC_CONCURRENT freed 3956K, 46% free 9276K/16912K, paused 1ms+1ms, total 5ms
02-03 12:43:27.971 D/dalvikvm(15954): WAIT_FOR_CONCURRENT_GC blocked 4ms
02-03 12:43:27.971 D/dalvikvm(15954): GC_CONCURRENT freed 4093K, 46% free 9174K/16912K, paused 1ms+0ms, total 5ms
02-03 12:43:27.971 D/dalvikvm(15954): WAIT_FOR_CONCURRENT_GC blocked 4ms
02-03 12:43:27.981 D/dalvikvm(15954): GC_FOR_ALLOC freed 3703K, 45% free 9388K/16912K, paused 4ms, total 4ms
02-03 12:43:27.991 D/dalvikvm(15954): GC_FOR_ALLOC freed 4264K, 47% free 9072K/16912K, paused 4ms, total 4ms
02-03 12:43:27.991 D/dalvikvm(15954): GC_FOR_ALLOC freed 3974K, 46% free 9181K/16912K, paused 4ms, total 4ms
02-03 12:43:28.001 D/dalvikvm(15954): GC_CONCURRENT freed 3033K, 40% free 10153K/16912K, paused 1ms+1ms, total 6ms
02-03 12:43:28.001 D/dalvikvm(15954): WAIT_FOR_CONCURRENT_GC blocked 2ms
02-03 12:43:28.011 D/dalvikvm(15954): GC_CONCURRENT freed 4895K, 46% free 9295K/16912K, paused 0ms+1ms, total 4ms
02-03 12:43:28.011 D/dalvikvm(15954): WAIT_FOR_CONCURRENT_GC blocked 3ms
02-03 12:43:28.011 D/dalvikvm(15954): GC_FOR_ALLOC freed 4061K, 47% free 9078K/16912K, paused 4ms, total 4ms
02-03 12:43:28.021 D/dalvikvm(15954): GC_FOR_ALLOC freed 3869K, 47% free 9080K/16912K, paused 4ms, total 4ms
02-03 12:43:28.031 D/dalvikvm(15954): GC_FOR_ALLOC freed 3895K, 47% free 9081K/16912K, paused 4ms, total 4ms
02-03 12:43:28.031 D/dalvikvm(15954): GC_FOR_ALLOC freed 3921K, 47% free 9083K/16912K, paused 4ms, total 4ms
02-03 12:43:28.041 D/dalvikvm(15954): GC_FOR_ALLOC freed 3947K, 47% free 9084K/16912K, paused 4ms, total 4ms
02-03 12:43:28.051 D/dalvikvm(15954): GC_CONCURRENT freed 3746K, 45% free 9313K/16912K, paused 0ms+1ms, total 4ms
02-03 12:43:28.051 D/dalvikvm(15954): WAIT_FOR_CONCURRENT_GC blocked 3ms
02-03 12:43:28.051 D/dalvikvm(15954): GC_CONCURRENT freed 3998K, 45% free 9316K/16912K, paused 1ms+0ms, total 5ms
02-03 12:43:28.051 D/dalvikvm(15954): WAIT_FOR_CONCURRENT_GC blocked 4ms
02-03 12:43:28.061 D/dalvikvm(15954): GC_CONCURRENT freed 4024K, 45% free 9319K/16912K, paused 1ms+1ms, total 5ms
02-03 12:43:28.061 D/dalvikvm(15954): WAIT_FOR_CONCURRENT_GC blocked 4ms
02-03 12:43:28.071 D/dalvikvm(15954): GC_CONCURRENT freed 4051K, 45% free 9322K/16912K, paused 0ms+1ms, total 4ms
02-03 12:43:28.071 D/dalvikvm(15954): WAIT_FOR_CONCURRENT_GC blocked 4ms
02-03 12:43:28.081 D/dalvikvm(15954): GC_CONCURRENT freed 4076K, 45% free 9328K/16912K, paused 1ms+1ms, total 4ms
02-03 12:43:28.081 D/dalvikvm(15954): GC_FOR_ALLOC freed 3756K, 45% free 9445K/16912K, paused 4ms, total 4ms
02-03 12:43:28.091 D/dalvikvm(15954): GC_FOR_ALLOC freed 4135K, 46% free 9213K/16912K, paused 4ms, total 4ms
02-03 12:43:28.101 D/dalvikvm(15954): GC_FOR_ALLOC freed 3925K, 47% free 9097K/16912K, paused 4ms, total 4ms
02-03 12:43:28.101 D/dalvikvm(15954): GC_FOR_ALLOC freed 3591K, 45% free 9457K/16912K, paused 4ms, total 4ms
02-03 12:43:28.111 D/dalvikvm(15954): GC_FOR_ALLOC freed 4217K, 46% free 9220K/16912K, paused 4ms, total 4ms
02-03 12:43:28.111 D/dalvikvm(15954): GC_CONCURRENT freed 3158K, 42% free 9946K/16912K, paused 1ms+1ms, total 6ms
02-03 12:43:28.111 D/dalvikvm(15954): WAIT_FOR_CONCURRENT_GC blocked 2ms
02-03 12:43:28.121 D/dalvikvm(15954): GC_FOR_ALLOC freed 4506K, 45% free 9469K/16912K, paused 4ms, total 4ms
02-03 12:43:28.131 D/dalvikvm(15954): GC_CONCURRENT freed 3444K, 41% free 10083K/16912K, paused 1ms+1ms, total 6ms
02-03 12:43:28.131 D/dalvikvm(15954): WAIT_FOR_CONCURRENT_GC blocked 2ms
02-03 12:43:28.131 D/dalvikvm(15954): GC_FOR_ALLOC freed 4316K, 44% free 9476K/16912K, paused 4ms, total 4ms
02-03 12:43:28.141 D/dalvikvm(15954): GC_FOR_ALLOC freed 4103K, 47% free 9108K/16912K, paused 4ms, total 4ms
02-03 12:43:28.151 D/dalvikvm(15954): GC_FOR_ALLOC freed 3752K, 46% free 9234K/16912K, paused 4ms, total 4ms
02-03 12:43:28.151 D/dalvikvm(15954): GC_CONCURRENT freed 3901K, 45% free 9362K/16912K, paused 1ms+1ms, total 5ms
02-03 12:43:28.151 D/dalvikvm(15954): WAIT_FOR_CONCURRENT_GC blocked 4ms
02-03 12:43:28.161 D/dalvikvm(15954): GC_FOR_ALLOC freed 4049K, 46% free 9238K/16912K, paused 4ms, total 4ms
02-03 12:43:28.171 D/dalvikvm(15954): GC_CONCURRENT freed 3948K, 45% free 9368K/16912K, paused 1ms+0ms, total 5ms
02-03 12:43:28.171 D/dalvikvm(15954): WAIT_FOR_CONCURRENT_GC blocked 4ms
02-03 12:43:28.181 D/dalvikvm(15954): GC_FOR_ALLOC freed 4097K, 46% free 9243K/16912K, paused 4ms, total 4ms
02-03 12:43:28.181 D/dalvikvm(15954): GC_CONCURRENT freed 2708K, 39% free 10400K/16912K, paused 1ms+1ms, total 6ms
02-03 12:43:28.181 D/dalvikvm(15954): WAIT_FOR_CONCURRENT_GC blocked 2ms
02-03 12:43:28.191 D/dalvikvm(15954): GC_FOR_ALLOC freed 4522K, 44% free 9506K/16912K, paused 4ms, total 4ms
02-03 12:43:28.201 D/dalvikvm(15954): GC_FOR_ALLOC freed 4296K, 47% free 9119K/16912K, paused 4ms, total 4ms
02-03 12:43:28.201 D/dalvikvm(15954): GC_FOR_ALLOC freed 3927K, 46% free 9251K/16912K, paused 3ms, total 3ms
02-03 12:43:28.211 D/dalvikvm(15954): GC_CONCURRENT freed 2767K, 39% free 10434K/16912K, paused 1ms+1ms, total 6ms
02-03 12:43:28.211 D/dalvikvm(15954): WAIT_FOR_CONCURRENT_GC blocked 2ms
02-03 12:43:28.211 D/dalvikvm(15954): GC_FOR_ALLOC freed 4621K, 46% free 9255K/16912K, paused 4ms, total 4ms
02-03 12:43:28.221 D/dalvikvm(15954): GC_FOR_ALLOC freed 3722K, 44% free 9523K/16912K, paused 4ms, total 4ms
02-03 12:43:28.231 D/dalvikvm(15954): GC_CONCURRENT freed 3480K, 41% free 10058K/16912K, paused 1ms+1ms, total 6ms
02-03 12:43:28.231 D/dalvikvm(15954): WAIT_FOR_CONCURRENT_GC blocked 2ms
02-03 12:43:28.231 D/dalvikvm(15954): GC_FOR_ALLOC freed 4021K, 44% free 9530K/16912K, paused 4ms, total 4ms
02-03 12:43:28.241 D/dalvikvm(15954): GC_CONCURRENT freed 4186K, 45% free 9399K/16912K, paused 1ms+1ms, total 4ms
02-03 12:43:28.241 D/dalvikvm(15954): WAIT_FOR_CONCURRENT_GC blocked 4ms
02-03 12:43:28.251 D/dalvikvm(15954): GC_FOR_ALLOC freed 4072K, 47% free 9130K/16912K, paused 4ms, total 4ms
02-03 12:43:28.251 D/dalvikvm(15954): GC_FOR_ALLOC freed 3820K, 47% free 9132K/16912K, paused 4ms, total 4ms
02-03 12:43:28.261 D/dalvikvm(15954): GC_FOR_ALLOC freed 3839K, 46% free 9133K/16912K, paused 4ms, total 4ms
02-03 12:43:28.271 D/dalvikvm(15954): GC_FOR_ALLOC freed 3858K, 46% free 9134K/16912K, paused 4ms, total 4ms
02-03 12:43:28.271 D/dalvikvm(15954): GC_FOR_ALLOC freed 3877K, 46% free 9136K/16912K, paused 4ms, total 4ms
02-03 12:43:28.281 D/dalvikvm(15954): GC_FOR_ALLOC freed 3896K, 46% free 9137K/16912K, paused 4ms, total 4ms
02-03 12:43:28.291 D/dalvikvm(15954): GC_FOR_ALLOC freed 3914K, 46% free 9138K/16912K, paused 4ms, total 4ms
02-03 12:43:28.291 D/dalvikvm(15954): GC_FOR_ALLOC freed 3933K, 46% free 9140K/16912K, paused 4ms, total 4ms
02-03 12:43:28.301 D/dalvikvm(15954): GC_FOR_ALLOC freed 3952K, 46% free 9141K/16912K, paused 4ms, total 4ms
02-03 12:43:28.311 D/dalvikvm(15954): GC_CONCURRENT freed 3687K, 45% free 9426K/16912K, paused 1ms+0ms, total 5ms
02-03 12:43:28.311 D/dalvikvm(15954): WAIT_FOR_CONCURRENT_GC blocked 4ms
02-03 12:43:28.321 D/dalvikvm(15954): GC_CONCURRENT freed 3988K, 45% free 9429K/16912K, paused 1ms+1ms, total 5ms
02-03 12:43:28.321 D/dalvikvm(15954): WAIT_FOR_CONCURRENT_GC blocked 4ms
02-03 12:43:28.321 D/dalvikvm(15954): GC_CONCURRENT freed 4007K, 45% free 9431K/16912K, paused 0ms+1ms, total 4ms
02-03 12:43:28.321 D/dalvikvm(15954): WAIT_FOR_CONCURRENT_GC blocked 4ms
02-03 12:43:28.331 D/dalvikvm(15954): GC_CONCURRENT freed 4026K, 45% free 9434K/16912K, paused 0ms+1ms, total 4ms
02-03 12:43:28.331 D/dalvikvm(15954): WAIT_FOR_CONCURRENT_GC blocked 4ms
02-03 12:43:28.341 D/dalvikvm(15954): GC_CONCURRENT freed 4045K, 45% free 9437K/16912K, paused 0ms+1ms, total 4ms
02-03 12:43:28.341 D/dalvikvm(15954): WAIT_FOR_CONCURRENT_GC blocked 3ms
02-03 12:43:28.341 D/dalvikvm(15954): GC_CONCURRENT freed 4064K, 45% free 9440K/16912K, paused 1ms+1ms, total 4ms
02-03 12:43:28.341 D/dalvikvm(15954): WAIT_FOR_CONCURRENT_GC blocked 4ms
02-03 12:43:28.351 D/dalvikvm(15954): GC_CONCURRENT freed 4082K, 45% free 9442K/16912K, paused 1ms+1ms, total 5ms
02-03 12:43:28.351 D/dalvikvm(15954): WAIT_FOR_CONCURRENT_GC blocked 4ms
02-03 12:43:28.361 D/dalvikvm(15954): GC_FOR_ALLOC freed 3660K, 44% free 9591K/16912K, paused 4ms, total 4ms
02-03 12:43:28.361 D/dalvikvm(15954): GC_FOR_ALLOC freed 4118K, 46% free 9300K/16912K, paused 4ms, total 4ms
02-03 12:43:28.371 D/dalvikvm(15954): GC_FOR_ALLOC freed 3841K, 46% free 9154K/16912K, paused 5ms, total 5ms
02-03 12:43:28.381 D/dalvikvm(15954): GC_FOR_ALLOC freed 3411K, 44% free 9600K/16912K, paused 4ms, total 4ms
02-03 12:43:28.391 D/dalvikvm(15954): GC_FOR_ALLOC freed 4170K, 45% free 9305K/16912K, paused 4ms, total 4ms
02-03 12:43:28.391 D/dalvikvm(15954): GC_FOR_ALLOC freed 3889K, 46% free 9158K/16912K, paused 4ms, total 4ms
02-03 12:43:28.401 D/dalvikvm(15954): GC_FOR_ALLOC freed 3453K, 44% free 9609K/16912K, paused 4ms, total 4ms
02-03 12:43:28.401 D/dalvikvm(15954): GC_FOR_ALLOC freed 4222K, 45% free 9311K/16912K, paused 4ms, total 4ms
02-03 12:43:28.411 D/dalvikvm(15954): GC_FOR_ALLOC freed 3937K, 46% free 9162K/16912K, paused 4ms, total 4ms
02-03 12:43:28.421 D/dalvikvm(15954): GC_FOR_ALLOC freed 3496K, 44% free 9618K/16912K, paused 4ms, total 4ms
02-03 12:43:28.421 D/dalvikvm(15954): GC_CONCURRENT freed 4273K, 45% free 9316K/16912K, paused 0ms+1ms, total 4ms
02-03 12:43:28.421 D/dalvikvm(15954): WAIT_FOR_CONCURRENT_GC blocked 4ms
02-03 12:43:28.431 D/dalvikvm(15954): GC_FOR_ALLOC freed 3985K, 46% free 9165K/16912K, paused 4ms, total 4ms
02-03 12:43:28.441 D/dalvikvm(15954): GC_CONCURRENT freed 3538K, 44% free 9628K/16912K, paused 1ms+1ms, total 5ms
02-03 12:43:28.441 D/dalvikvm(15954): WAIT_FOR_CONCURRENT_GC blocked 4ms
02-03 12:43:28.451 D/dalvikvm(15954): GC_CONCURRENT freed 4325K, 45% free 9322K/16912K, paused 1ms+0ms, total 5ms
02-03 12:43:28.451 D/dalvikvm(15954): WAIT_FOR_CONCURRENT_GC blocked 4ms
02-03 12:43:28.451 D/dalvikvm(15954): GC_FOR_ALLOC freed 4034K, 46% free 9169K/16912K, paused 4ms, total 4ms
02-03 12:43:28.461 D/dalvikvm(15954): GC_FOR_ALLOC freed 3581K, 44% free 9637K/16912K, paused 4ms, total 4ms
02-03 12:43:28.471 D/dalvikvm(15954): GC_CONCURRENT freed 3286K, 39% free 10418K/16912K, paused 1ms+1ms, total 6ms
02-03 12:43:28.471 D/dalvikvm(15954): WAIT_FOR_CONCURRENT_GC blocked 1ms
02-03 12:43:28.471 D/dalvikvm(15954): GC_FOR_ALLOC freed 4385K, 43% free 9643K/16912K, paused 5ms, total 5ms
02-03 12:43:28.481 D/dalvikvm(15954): GC_FOR_ALLOC freed 4094K, 46% free 9174K/16912K, paused 4ms, total 4ms
02-03 12:43:28.491 D/dalvikvm(15954): GC_FOR_ALLOC freed 3635K, 45% free 9332K/16912K, paused 4ms, total 4ms
02-03 12:43:28.491 D/dalvikvm(15954): GC_FOR_ALLOC freed 4125K, 46% free 9176K/16912K, paused 4ms, total 4ms
02-03 12:43:28.501 D/dalvikvm(15954): GC_CONCURRENT freed 3186K, 42% free 9812K/16912K, paused 1ms+1ms, total 6ms
02-03 12:43:28.501 D/dalvikvm(15954): WAIT_FOR_CONCURRENT_GC blocked 2ms
02-03 12:43:28.511 D/dalvikvm(15954): GC_CONCURRENT freed 4313K, 44% free 9498K/16912K, paused 0ms+1ms, total 4ms
02-03 12:43:28.511 D/dalvikvm(15954): WAIT_FOR_CONCURRENT_GC blocked 4ms
02-03 12:43:28.511 D/dalvikvm(15954): GC_FOR_ALLOC freed 4011K, 45% free 9340K/16912K, paused 4ms, total 4ms
02-03 12:43:28.521 D/dalvikvm(15954): GC_CONCURRENT freed 3866K, 44% free 9503K/16912K, paused 1ms+1ms, total 5ms
02-03 12:43:28.521 D/dalvikvm(15954): WAIT_FOR_CONCURRENT_GC blocked 4ms
02-03 12:43:28.531 D/dalvikvm(15954): GC_FOR_ALLOC freed 4040K, 45% free 9343K/16912K, paused 4ms, total 4ms
02-03 12:43:28.531 D/dalvikvm(15954): GC_CONCURRENT freed 3895K, 44% free 9508K/16912K, paused 1ms+1ms, total 5ms
02-03 12:43:28.531 D/dalvikvm(15954): WAIT_FOR_CONCURRENT_GC blocked 4ms
02-03 12:43:28.541 D/dalvikvm(15954): GC_FOR_ALLOC freed 4070K, 45% free 9347K/16912K, paused 4ms, total 4ms
02-03 12:43:28.551 D/dalvikvm(15954): GC_CONCURRENT freed 3925K, 44% free 9513K/16912K, paused 1ms+1ms, total 5ms
02-03 12:43:28.551 D/dalvikvm(15954): WAIT_FOR_CONCURRENT_GC blocked 4ms
02-03 12:43:28.551 D/dalvikvm(15954): GC_FOR_ALLOC freed 4103K, 45% free 9351K/16912K, paused 4ms, total 4ms
02-03 12:43:28.561 D/dalvikvm(15954): GC_FOR_ALLOC freed 3460K, 43% free 9682K/16912K, paused 4ms, total 4ms
02-03 12:43:28.571 D/dalvikvm(15954): GC_FOR_ALLOC freed 4299K, 46% free 9189K/16912K, paused 4ms, total 4ms
02-03 12:43:28.581 D/dalvikvm(15954): GC_CONCURRENT freed 3815K, 45% free 9356K/16912K, paused 1ms+1ms, total 5ms
02-03 12:43:28.581 D/dalvikvm(15954): WAIT_FOR_CONCURRENT_GC blocked 4ms
02-03 12:43:28.581 D/dalvikvm(15954): GC_FOR_ALLOC freed 3494K, 43% free 9690K/16912K, paused 4ms, total 4ms
02-03 12:43:28.591 D/dalvikvm(15954): GC_FOR_ALLOC freed 4339K, 46% free 9192K/16912K, paused 4ms, total 4ms
02-03 12:43:28.601 D/dalvikvm(15954): GC_CONCURRENT freed 3849K, 45% free 9361K/16912K, paused 1ms+0ms, total 5ms
02-03 12:43:28.601 D/dalvikvm(15954): WAIT_FOR_CONCURRENT_GC blocked 4ms
02-03 12:43:28.601 D/dalvikvm(15954): GC_FOR_ALLOC freed 3525K, 43% free 9697K/16912K, paused 4ms, total 4ms
02-03 12:43:28.611 D/dalvikvm(15954): GC_FOR_ALLOC freed 4377K, 46% free 9195K/16912K, paused 4ms, total 4ms
02-03 12:43:28.621 D/dalvikvm(15954): GC_FOR_ALLOC freed 3917K, 46% free 9196K/16912K, paused 4ms, total 4ms
02-03 12:43:28.631 D/dalvikvm(15954): GC_FOR_ALLOC freed 3386K, 43% free 9747K/16912K, paused 4ms, total 4ms
02-03 12:43:28.631 D/dalvikvm(15954): GC_FOR_ALLOC freed 3741K, 43% free 9758K/16912K, paused 4ms, total 4ms
02-03 12:43:28.641 D/dalvikvm(15954): GC_FOR_ALLOC freed 3237K, 43% free 9690K/16912K, paused 3ms, total 4ms
02-03 12:43:28.721 D/dalvikvm(15954): GC_CONCURRENT freed 4886K, 48% free 8900K/16912K, paused 0ms+1ms, total 6ms
02-03 12:43:28.721 D/dalvikvm(15954): WAIT_FOR_CONCURRENT_GC blocked 5ms
02-03 12:43:28.731 D/dalvikvm(15954): GC_CONCURRENT freed 4006K, 47% free 8988K/16912K, paused 0ms+1ms, total 5ms
02-03 12:43:28.731 D/dalvikvm(15954): WAIT_FOR_CONCURRENT_GC blocked 4ms
02-03 12:43:28.741 D/dalvikvm(15954): GC_CONCURRENT freed 4070K, 47% free 9009K/16912K, paused 0ms+1ms, total 5ms
02-03 12:43:28.741 D/dalvikvm(15954): WAIT_FOR_CONCURRENT_GC blocked 4ms
02-03 12:43:28.751 D/dalvikvm(15954): GC_CONCURRENT freed 4074K, 47% free 9027K/16912K, paused 1ms+1ms, total 5ms
02-03 12:43:28.751 D/dalvikvm(15954): WAIT_FOR_CONCURRENT_GC blocked 4ms
02-03 12:43:28.751 D/dalvikvm(15954): GC_CONCURRENT freed 4154K, 48% free 8942K/16912K, paused 0ms+1ms, total 4ms
02-03 12:43:28.751 D/dalvikvm(15954): WAIT_FOR_CONCURRENT_GC blocked 4ms
02-03 12:43:28.761 D/dalvikvm(15954): GC_FOR_ALLOC freed 4017K, 47% free 8976K/16912K, paused 4ms, total 4ms
02-03 12:43:28.771 D/dalvikvm(15954): GC_CONCURRENT freed 3825K, 46% free 9190K/16912K, paused 0ms+1ms, total 6ms
02-03 12:43:28.771 D/dalvikvm(15954): WAIT_FOR_CONCURRENT_GC blocked 2ms
02-03 12:43:28.771 D/dalvikvm(15954): GC_CONCURRENT freed 4214K, 47% free 9046K/16912K, paused 0ms+1ms, total 4ms
02-03 12:43:28.781 D/dalvikvm(15954): WAIT_FOR_CONCURRENT_GC blocked 4ms
02-03 12:43:28.781 D/dalvikvm(15954): GC_FOR_ALLOC freed 4102K, 47% free 8975K/16912K, paused 4ms, total 4ms
02-03 12:43:28.791 D/dalvikvm(15954): GC_CONCURRENT freed 3898K, 46% free 9164K/16912K, paused 1ms+1ms, total 6ms
02-03 12:43:28.791 D/dalvikvm(15954): WAIT_FOR_CONCURRENT_GC blocked 2ms
02-03 12:43:28.801 D/dalvikvm(15954): GC_FOR_ALLOC freed 4219K, 47% free 9012K/16912K, paused 4ms, total 4ms
02-03 12:43:28.801 D/dalvikvm(15954): GC_CONCURRENT freed 3723K, 45% free 9312K/16912K, paused 0ms+1ms, total 6ms
02-03 12:43:28.801 D/dalvikvm(15954): WAIT_FOR_CONCURRENT_GC blocked 2ms
02-03 12:43:28.811 D/dalvikvm(15954): GC_CONCURRENT freed 4320K, 47% free 9016K/16912K, paused 1ms+1ms, total 5ms
02-03 12:43:28.811 D/dalvikvm(15954): WAIT_FOR_CONCURRENT_GC blocked 4ms
02-03 12:43:28.821 D/dalvikvm(15954): GC_CONCURRENT freed 3951K, 47% free 9112K/16912K, paused 1ms+1ms, total 5ms
02-03 12:43:28.821 D/dalvikvm(15954): WAIT_FOR_CONCURRENT_GC blocked 4ms
02-03 12:43:28.831 D/dalvikvm(15954): GC_CONCURRENT freed 4101K, 47% free 9019K/16912K, paused 1ms+0ms, total 5ms
02-03 12:43:28.831 D/dalvikvm(15954): WAIT_FOR_CONCURRENT_GC blocked 4ms
02-03 12:43:28.831 D/dalvikvm(15954): GC_FOR_ALLOC freed 3893K, 47% free 9121K/16912K, paused 4ms, total 4ms
02-03 12:43:28.841 D/dalvikvm(15954): GC_CONCURRENT freed 3763K, 45% free 9382K/16912K, paused 1ms+1ms, total 6ms
02-03 12:43:28.841 D/dalvikvm(15954): WAIT_FOR_CONCURRENT_GC blocked 2ms
02-03 12:43:28.851 D/dalvikvm(15954): GC_CONCURRENT freed 4401K, 47% free 9021K/16912K, paused 1ms+0ms, total 5ms
02-03 12:43:28.851 D/dalvikvm(15954): WAIT_FOR_CONCURRENT_GC blocked 4ms
02-03 12:43:28.851 D/dalvikvm(15954): GC_FOR_ALLOC freed 3879K, 46% free 9165K/16912K, paused 4ms, total 4ms
02-03 12:43:28.861 D/dalvikvm(15954): GC_FOR_ALLOC freed 3983K, 46% free 9169K/16912K, paused 4ms, total 4ms
02-03 12:43:28.871 D/dalvikvm(15954): GC_CONCURRENT freed 579K, 44% free 9515K/16912K, paused 1ms+1ms, total 5ms
02-03 12:43:28.871 D/dalvikvm(15954): GC_FOR_ALLOC freed 4338K, 46% free 9174K/16912K, paused 4ms, total 4ms
02-03 12:43:28.881 D/dalvikvm(15954): GC_CONCURRENT freed 3796K, 46% free 9292K/16912K, paused 0ms+1ms, total 5ms
02-03 12:43:28.881 D/dalvikvm(15954): WAIT_FOR_CONCURRENT_GC blocked 1ms
02-03 12:43:28.891 D/dalvikvm(15954): GC_FOR_ALLOC freed 4300K, 47% free 9056K/16912K, paused 4ms, total 4ms
02-03 12:43:28.891 D/dalvikvm(15954): GC_CONCURRENT freed 3533K, 44% free 9617K/16912K, paused 0ms+1ms, total 5ms
02-03 12:43:28.891 D/dalvikvm(15954): WAIT_FOR_CONCURRENT_GC blocked 1ms
02-03 12:43:28.901 D/dalvikvm(15954): GC_FOR_ALLOC freed 4485K, 46% free 9185K/16912K, paused 5ms, total 5ms
02-03 12:43:28.911 D/dalvikvm(15954): GC_CONCURRENT freed 3683K, 44% free 9509K/16912K, paused 0ms+1ms, total 6ms
02-03 12:43:28.911 D/dalvikvm(15954): WAIT_FOR_CONCURRENT_GC blocked 2ms
02-03 12:43:28.911 D/dalvikvm(15954): GC_FOR_ALLOC freed 4539K, 47% free 9021K/16912K, paused 4ms, total 4ms
02-03 12:43:28.921 D/dalvikvm(15954): GC_CONCURRENT freed 3756K, 46% free 9290K/16912K, paused 1ms+1ms, total 6ms
02-03 12:43:28.921 D/dalvikvm(15954): WAIT_FOR_CONCURRENT_GC blocked 2ms
02-03 12:43:28.931 D/dalvikvm(15954): GC_FOR_ALLOC freed 4092K, 46% free 9227K/16912K, paused 4ms, total 4ms
02-03 12:43:28.931 D/dalvikvm(15954): GC_FOR_ALLOC freed 3957K, 46% free 9229K/16912K, paused 4ms, total 4ms
02-03 12:43:28.941 D/dalvikvm(15954): GC_FOR_ALLOC freed 4024K, 46% free 9231K/16912K, paused 4ms, total 4ms
02-03 12:43:28.951 D/dalvikvm(15954): GC_CONCURRENT freed 3586K, 43% free 9738K/16912K, paused 1ms+1ms, total 6ms
02-03 12:43:28.951 D/dalvikvm(15954): WAIT_FOR_CONCURRENT_GC blocked 2ms
02-03 12:43:28.951 D/dalvikvm(15954): GC_FOR_ALLOC freed 4663K, 47% free 9086K/16912K, paused 4ms, total 4ms
02-03 12:43:28.961 D/dalvikvm(15954): GC_CONCURRENT freed 3701K, 45% free 9382K/16912K, paused 1ms+1ms, total 7ms
02-03 12:43:28.961 D/dalvikvm(15954): WAIT_FOR_CONCURRENT_GC blocked 2ms
02-03 12:43:28.971 D/dalvikvm(15954): GC_CONCURRENT freed 4276K, 47% free 9117K/16912K, paused 1ms+1ms, total 5ms
02-03 12:43:28.971 D/dalvikvm(15954): WAIT_FOR_CONCURRENT_GC blocked 4ms
02-03 12:43:28.971 D/dalvikvm(15954): GC_FOR_ALLOC freed 3804K, 46% free 9271K/16912K, paused 4ms, total 4ms
02-03 12:43:28.981 D/dalvikvm(15954): GC_CONCURRENT freed 4093K, 46% free 9194K/16912K, paused 0ms+1ms, total 6ms
02-03 12:43:28.981 D/dalvikvm(15954): WAIT_FOR_CONCURRENT_GC blocked 5ms
02-03 12:43:28.991 D/dalvikvm(15954): GC_FOR_ALLOC freed 4070K, 47% free 9035K/16912K, paused 4ms, total 4ms
02-03 12:43:29.001 D/dalvikvm(15954): GC_FOR_ALLOC freed 3967K, 47% free 9033K/16912K, paused 4ms, total 4ms
02-03 12:43:29.001 D/dalvikvm(15954): GC_CONCURRENT freed 3856K, 46% free 9195K/16912K, paused 1ms+0ms, total 5ms
02-03 12:43:29.001 D/dalvikvm(15954): WAIT_FOR_CONCURRENT_GC blocked 4ms
02-03 12:43:29.011 D/dalvikvm(15954): GC_CONCURRENT freed 4068K, 46% free 9200K/16912K, paused 0ms+1ms, total 4ms
02-03 12:43:29.011 D/dalvikvm(15954): WAIT_FOR_CONCURRENT_GC blocked 5ms
02-03 12:43:29.021 D/dalvikvm(15954): GC_FOR_ALLOC freed 3872K, 46% free 9284K/16912K, paused 4ms, total 4ms
02-03 12:43:29.031 D/dalvikvm(15954): GC_FOR_ALLOC freed 4175K, 47% free 9114K/16912K, paused 4ms, total 4ms
02-03 12:43:29.031 D/dalvikvm(15954): GC_CONCURRENT freed 3455K, 43% free 9657K/16912K, paused 1ms+1ms, total 6ms
02-03 12:43:29.031 D/dalvikvm(15954): WAIT_FOR_CONCURRENT_GC blocked 3ms
02-03 12:43:29.041 D/dalvikvm(15954): GC_FOR_ALLOC freed 4431K, 46% free 9148K/16912K, paused 4ms, total 4ms
02-03 12:43:29.051 D/dalvikvm(15954): GC_CONCURRENT freed 3964K, 46% free 9240K/16912K, paused 1ms+1ms, total 5ms
02-03 12:43:29.051 D/dalvikvm(15954): WAIT_FOR_CONCURRENT_GC blocked 4ms
02-03 12:43:29.051 D/dalvikvm(15954): GC_FOR_ALLOC freed 4099K, 46% free 9150K/16912K, paused 4ms, total 4ms
02-03 12:43:29.061 D/dalvikvm(15954): GC_CONCURRENT freed 3333K, 43% free 9779K/16912K, paused 1ms+1ms, total 6ms
02-03 12:43:29.061 D/dalvikvm(15954): WAIT_FOR_CONCURRENT_GC blocked 2ms
02-03 12:43:29.071 D/dalvikvm(15954): GC_CONCURRENT freed 4542K, 46% free 9243K/16912K, paused 0ms+0ms, total 5ms
02-03 12:43:29.071 D/dalvikvm(15954): WAIT_FOR_CONCURRENT_GC blocked 4ms
02-03 12:43:29.071 D/dalvikvm(15954): GC_FOR_ALLOC freed 4041K, 47% free 9063K/16912K, paused 4ms, total 4ms
02-03 12:43:29.081 D/dalvikvm(15954): GC_FOR_ALLOC freed 3896K, 47% free 9065K/16912K, paused 4ms, total 4ms
02-03 12:43:29.091 D/dalvikvm(15954): GC_FOR_ALLOC freed 3934K, 47% free 9066K/16912K, paused 4ms, total 4ms
02-03 12:43:29.091 D/dalvikvm(15954): GC_CONCURRENT freed 3782K, 46% free 9258K/16912K, paused 0ms+1ms, total 4ms
02-03 12:43:29.101 D/dalvikvm(15954): WAIT_FOR_CONCURRENT_GC blocked 4ms
02-03 12:43:29.101 D/dalvikvm(15954): GC_CONCURRENT freed 4008K, 46% free 9261K/16912K, paused 1ms+1ms, total 5ms
02-03 12:43:29.101 D/dalvikvm(15954): WAIT_FOR_CONCURRENT_GC blocked 4ms
02-03 12:43:29.111 D/dalvikvm(15954): GC_CONCURRENT freed 4045K, 46% free 9265K/16912K, paused 1ms+0ms, total 5ms
02-03 12:43:29.111 D/dalvikvm(15954): WAIT_FOR_CONCURRENT_GC blocked 4ms
02-03 12:43:29.121 D/dalvikvm(15954): GC_CONCURRENT freed 4087K, 46% free 9264K/16912K, paused 0ms+1ms, total 4ms
02-03 12:43:29.121 D/dalvikvm(15954): WAIT_FOR_CONCURRENT_GC blocked 5ms
02-03 12:43:29.121 D/dalvikvm(15954): GC_FOR_ALLOC freed 3824K, 45% free 9365K/16912K, paused 4ms, total 4ms
02-03 12:43:29.131 D/dalvikvm(15954): GC_FOR_ALLOC freed 4155K, 46% free 9171K/16912K, paused 4ms, total 4ms
02-03 12:43:29.141 D/dalvikvm(15954): GC_FOR_ALLOC freed 3993K, 47% free 9075K/16912K, paused 4ms, total 4ms
02-03 12:43:29.141 D/dalvikvm(15954): GC_FOR_ALLOC freed 3723K, 45% free 9378K/16912K, paused 4ms, total 4ms
02-03 12:43:29.151 D/dalvikvm(15954): GC_CONCURRENT freed 3556K, 42% free 9885K/16912K, paused 1ms+1ms, total 7ms
02-03 12:43:29.151 D/dalvikvm(15954): WAIT_FOR_CONCURRENT_GC blocked 2ms
02-03 12:43:29.161 D/dalvikvm(15954): GC_CONCURRENT freed 4597K, 46% free 9285K/16912K, paused 0ms+1ms, total 4ms
02-03 12:43:29.161 D/dalvikvm(15954): WAIT_FOR_CONCURRENT_GC blocked 5ms
02-03 12:43:29.171 D/dalvikvm(15954): GC_FOR_ALLOC freed 4025K, 46% free 9184K/16912K, paused 4ms, total 4ms
02-03 12:43:29.171 D/dalvikvm(15954): GC_CONCURRENT freed 3956K, 46% free 9292K/16912K, paused 0ms+1ms, total 5ms
02-03 12:43:29.171 D/dalvikvm(15954): WAIT_FOR_CONCURRENT_GC blocked 4ms
02-03 12:43:29.181 D/dalvikvm(15954): GC_CONCURRENT freed 4093K, 46% free 9190K/16912K, paused 0ms+1ms, total 5ms
02-03 12:43:29.181 D/dalvikvm(15954): WAIT_FOR_CONCURRENT_GC blocked 5ms
02-03 12:43:29.191 D/dalvikvm(15954): GC_FOR_ALLOC freed 3703K, 45% free 9404K/16912K, paused 4ms, total 4ms
02-03 12:43:29.201 D/dalvikvm(15954): GC_FOR_ALLOC freed 4264K, 47% free 9088K/16912K, paused 3ms, total 4ms
02-03 12:43:29.201 D/dalvikvm(15954): GC_FOR_ALLOC freed 3974K, 46% free 9197K/16912K, paused 4ms, total 4ms
02-03 12:43:29.211 D/dalvikvm(15954): GC_CONCURRENT freed 3249K, 42% free 9953K/16912K, paused 1ms+1ms, total 7ms
02-03 12:43:29.211 D/dalvikvm(15954): WAIT_FOR_CONCURRENT_GC blocked 2ms
02-03 12:43:29.221 D/dalvikvm(15954): GC_CONCURRENT freed 4679K, 45% free 9311K/16912K, paused 0ms+1ms, total 5ms
02-03 12:43:29.221 D/dalvikvm(15954): WAIT_FOR_CONCURRENT_GC blocked 4ms
02-03 12:43:29.221 D/dalvikvm(15954): GC_FOR_ALLOC freed 4061K, 47% free 9094K/16912K, paused 4ms, total 4ms
02-03 12:43:29.231 D/dalvikvm(15954): GC_FOR_ALLOC freed 3869K, 47% free 9096K/16912K, paused 4ms, total 4ms
02-03 12:43:29.241 D/dalvikvm(15954): GC_FOR_ALLOC freed 3895K, 47% free 9097K/16912K, paused 4ms, total 4ms
02-03 12:43:29.241 D/dalvikvm(15954): GC_FOR_ALLOC freed 3921K, 47% free 9099K/16912K, paused 4ms, total 4ms
02-03 12:43:29.251 D/dalvikvm(15954): GC_FOR_ALLOC freed 3947K, 47% free 9100K/16912K, paused 4ms, total 4ms
02-03 12:43:29.261 D/dalvikvm(15954): GC_CONCURRENT freed 3746K, 45% free 9329K/16912K, paused 1ms+1ms, total 5ms
02-03 12:43:29.261 D/dalvikvm(15954): WAIT_FOR_CONCURRENT_GC blocked 4ms
02-03 12:43:29.261 D/dalvikvm(15954): GC_CONCURRENT freed 3998K, 45% free 9332K/16912K, paused 1ms+1ms, total 5ms
02-03 12:43:29.261 D/dalvikvm(15954): WAIT_FOR_CONCURRENT_GC blocked 4ms
02-03 12:43:29.271 D/dalvikvm(15954): GC_CONCURRENT freed 4024K, 45% free 9335K/16912K, paused 0ms+0ms, total 5ms
02-03 12:43:29.271 D/dalvikvm(15954): WAIT_FOR_CONCURRENT_GC blocked 4ms
02-03 12:43:29.281 D/dalvikvm(15954): GC_CONCURRENT freed 4050K, 45% free 9338K/16912K, paused 1ms+1ms, total 5ms
02-03 12:43:29.281 D/dalvikvm(15954): WAIT_FOR_CONCURRENT_GC blocked 4ms
02-03 12:43:29.291 D/dalvikvm(15954): GC_CONCURRENT freed 4078K, 45% free 9341K/16912K, paused 0ms+1ms, total 5ms
02-03 12:43:29.291 D/dalvikvm(15954): WAIT_FOR_CONCURRENT_GC blocked 4ms
02-03 12:43:29.291 D/dalvikvm(15954): GC_FOR_ALLOC freed 3753K, 45% free 9461K/16912K, paused 4ms, total 4ms
02-03 12:43:29.301 D/dalvikvm(15954): GC_FOR_ALLOC freed 4135K, 46% free 9229K/16912K, paused 4ms, total 4ms
02-03 12:43:29.311 D/dalvikvm(15954): GC_FOR_ALLOC freed 3925K, 47% free 9113K/16912K, paused 4ms, total 4ms
02-03 12:43:29.311 D/dalvikvm(15954): GC_FOR_ALLOC freed 3591K, 44% free 9473K/16912K, paused 4ms, total 4ms
02-03 12:43:29.321 D/dalvikvm(15954): GC_FOR_ALLOC freed 4217K, 46% free 9236K/16912K, paused 4ms, total 4ms
02-03 12:43:29.331 D/dalvikvm(15954): GC_CONCURRENT freed 3400K, 43% free 9721K/16912K, paused 1ms+1ms, total 6ms
02-03 12:43:29.331 D/dalvikvm(15954): WAIT_FOR_CONCURRENT_GC blocked 2ms
02-03 12:43:29.331 D/dalvikvm(15954): GC_FOR_ALLOC freed 4264K, 44% free 9485K/16912K, paused 4ms, total 4ms
02-03 12:43:29.341 D/dalvikvm(15954): GC_CONCURRENT freed 3688K, 42% free 9854K/16912K, paused 1ms+1ms, total 6ms
02-03 12:43:29.341 D/dalvikvm(15954): WAIT_FOR_CONCURRENT_GC blocked 2ms
02-03 12:43:29.351 D/dalvikvm(15954): GC_FOR_ALLOC freed 4692K, 47% free 9122K/16912K, paused 4ms, total 4ms
02-03 12:43:29.361 D/dalvikvm(15954): GC_FOR_ALLOC freed 3732K, 46% free 9248K/16912K, paused 4ms, total 4ms
02-03 12:43:29.361 D/dalvikvm(15954): GC_CONCURRENT freed 3880K, 45% free 9376K/16912K, paused 1ms+1ms, total 5ms
02-03 12:43:29.361 D/dalvikvm(15954): WAIT_FOR_CONCURRENT_GC blocked 4ms
02-03 12:43:29.371 D/dalvikvm(15954): GC_FOR_ALLOC freed 4028K, 46% free 9252K/16912K, paused 4ms, total 4ms
02-03 12:43:29.381 D/dalvikvm(15954): GC_CONCURRENT freed 3927K, 45% free 9382K/16912K, paused 1ms+1ms, total 5ms
02-03 12:43:29.381 D/dalvikvm(15954): WAIT_FOR_CONCURRENT_GC blocked 4ms
02-03 12:43:29.381 D/dalvikvm(15954): GC_FOR_ALLOC freed 4076K, 46% free 9257K/16912K, paused 5ms, total 5ms
02-03 12:43:29.391 D/dalvikvm(15954): GC_FOR_ALLOC freed 3587K, 44% free 9515K/16912K, paused 4ms, total 4ms
02-03 12:43:29.401 D/dalvikvm(15954): GC_FOR_ALLOC freed 4252K, 46% free 9133K/16912K, paused 5ms, total 5ms
02-03 12:43:29.401 D/dalvikvm(15954): GC_FOR_ALLOC freed 3887K, 46% free 9263K/16912K, paused 4ms, total 4ms
02-03 12:43:29.411 D/dalvikvm(15954): GC_CONCURRENT freed 2999K, 40% free 10174K/16912K, paused 0ms+0ms, total 6ms
02-03 12:43:29.411 D/dalvikvm(15954): WAIT_FOR_CONCURRENT_GC blocked 2ms
02-03 12:43:29.421 D/dalvikvm(15954): GC_FOR_ALLOC freed 4314K, 44% free 9529K/16912K, paused 5ms, total 5ms
02-03 12:43:29.421 D/dalvikvm(15954): GC_FOR_ALLOC freed 4345K, 46% free 9138K/16912K, paused 4ms, total 4ms
02-03 12:43:29.431 D/dalvikvm(15954): GC_FOR_ALLOC freed 3707K, 46% free 9140K/16912K, paused 4ms, total 4ms
02-03 12:43:29.441 D/dalvikvm(15954): GC_FOR_ALLOC freed 3725K, 46% free 9141K/16912K, paused 4ms, total 4ms
02-03 12:43:29.441 D/dalvikvm(15954): GC_FOR_ALLOC freed 3744K, 46% free 9142K/16912K, paused 4ms, total 4ms
02-03 12:43:29.451 D/dalvikvm(15954): GC_FOR_ALLOC freed 3763K, 46% free 9144K/16912K, paused 4ms, total 5ms
02-03 12:43:29.461 D/dalvikvm(15954): GC_FOR_ALLOC freed 3783K, 46% free 9145K/16912K, paused 4ms, total 4ms
02-03 12:43:29.461 D/dalvikvm(15954): GC_FOR_ALLOC freed 3802K, 46% free 9146K/16912K, paused 4ms, total 4ms
02-03 12:43:29.471 D/dalvikvm(15954): GC_FOR_ALLOC freed 3820K, 46% free 9148K/16912K, paused 4ms, total 4ms
02-03 12:43:29.481 D/dalvikvm(15954): GC_FOR_ALLOC freed 3839K, 46% free 9149K/16912K, paused 5ms, total 5ms
02-03 12:43:29.491 D/dalvikvm(15954): GC_FOR_ALLOC freed 3858K, 46% free 9150K/16912K, paused 5ms, total 5ms
02-03 12:43:29.491 D/dalvikvm(15954): GC_FOR_ALLOC freed 3877K, 46% free 9152K/16912K, paused 4ms, total 4ms
02-03 12:43:29.501 D/dalvikvm(15954): GC_FOR_ALLOC freed 3896K, 46% free 9153K/16912K, paused 4ms, total 4ms
02-03 12:43:29.511 D/dalvikvm(15954): GC_FOR_ALLOC freed 3914K, 46% free 9154K/16912K, paused 4ms, total 4ms
02-03 12:43:29.511 D/dalvikvm(15954): GC_FOR_ALLOC freed 3933K, 46% free 9156K/16912K, paused 4ms, total 4ms
02-03 12:43:29.521 D/dalvikvm(15954): GC_FOR_ALLOC freed 3952K, 46% free 9157K/16912K, paused 4ms, total 4ms
02-03 12:43:29.531 D/dalvikvm(15954): GC_CONCURRENT freed 3687K, 45% free 9442K/16912K, paused 0ms+1ms, total 4ms
02-03 12:43:29.531 D/dalvikvm(15954): WAIT_FOR_CONCURRENT_GC blocked 4ms
02-03 12:43:29.531 D/dalvikvm(15954): GC_CONCURRENT freed 3988K, 45% free 9445K/16912K, paused 1ms+0ms, total 5ms
02-03 12:43:29.531 D/dalvikvm(15954): WAIT_FOR_CONCURRENT_GC blocked 4ms
02-03 12:43:29.541 D/dalvikvm(15954): GC_CONCURRENT freed 4007K, 45% free 9447K/16912K, paused 0ms+1ms, total 4ms
02-03 12:43:29.541 D/dalvikvm(15954): WAIT_FOR_CONCURRENT_GC blocked 4ms
02-03 12:43:29.551 D/dalvikvm(15954): GC_CONCURRENT freed 4026K, 45% free 9450K/16912K, paused 0ms+1ms, total 4ms
02-03 12:43:29.551 D/dalvikvm(15954): WAIT_FOR_CONCURRENT_GC blocked 4ms
02-03 12:43:29.561 D/dalvikvm(15954): GC_CONCURRENT freed 4045K, 45% free 9453K/16912K, paused 1ms+1ms, total 5ms
02-03 12:43:29.561 D/dalvikvm(15954): WAIT_FOR_CONCURRENT_GC blocked 4ms
02-03 12:43:29.561 D/dalvikvm(15954): GC_CONCURRENT freed 4064K, 45% free 9456K/16912K, paused 0ms+1ms, total 4ms
02-03 12:43:29.561 D/dalvikvm(15954): WAIT_FOR_CONCURRENT_GC blocked 4ms
02-03 12:43:29.571 D/dalvikvm(15954): GC_CONCURRENT freed 4082K, 45% free 9458K/16912K, paused 1ms+1ms, total 5ms
02-03 12:43:29.571 D/dalvikvm(15954): WAIT_FOR_CONCURRENT_GC blocked 4ms
02-03 12:43:29.581 D/dalvikvm(15954): GC_FOR_ALLOC freed 3660K, 44% free 9607K/16912K, paused 5ms, total 5ms
02-03 12:43:29.581 D/dalvikvm(15954): GC_FOR_ALLOC freed 4118K, 45% free 9316K/16912K, paused 4ms, total 4ms
02-03 12:43:29.591 D/dalvikvm(15954): GC_FOR_ALLOC freed 3841K, 46% free 9170K/16912K, paused 4ms, total 4ms
02-03 12:43:29.601 D/dalvikvm(15954): GC_FOR_ALLOC freed 3411K, 44% free 9616K/16912K, paused 5ms, total 5ms
02-03 12:43:29.601 D/dalvikvm(15954): GC_FOR_ALLOC freed 4170K, 45% free 9321K/16912K, paused 4ms, total 4ms
02-03 12:43:29.611 D/dalvikvm(15954): GC_FOR_ALLOC freed 3889K, 46% free 9174K/16912K, paused 4ms, total 4ms
02-03 12:43:29.621 D/dalvikvm(15954): GC_FOR_ALLOC freed 3453K, 44% free 9625K/16912K, paused 4ms, total 4ms
02-03 12:43:29.621 D/dalvikvm(15954): GC_FOR_ALLOC freed 4222K, 45% free 9327K/16912K, paused 4ms, total 4ms
02-03 12:43:29.631 D/dalvikvm(15954): GC_FOR_ALLOC freed 3937K, 46% free 9178K/16912K, paused 5ms, total 5ms
02-03 12:43:29.641 D/dalvikvm(15954): GC_FOR_ALLOC freed 3496K, 44% free 9634K/16912K, paused 4ms, total 4ms
02-03 12:43:29.641 D/dalvikvm(15954): GC_CONCURRENT freed 4273K, 45% free 9332K/16912K, paused 0ms+1ms, total 4ms
02-03 12:43:29.641 D/dalvikvm(15954): WAIT_FOR_CONCURRENT_GC blocked 4ms
02-03 12:43:29.651 D/dalvikvm(15954): GC_FOR_ALLOC freed 3985K, 46% free 9181K/16912K, paused 4ms, total 4ms
02-03 12:43:29.661 D/dalvikvm(15954): GC_FOR_ALLOC freed 3538K, 43% free 9644K/16912K, paused 4ms, total 4ms
02-03 12:43:29.661 D/dalvikvm(15954): GC_CONCURRENT freed 3247K, 39% free 10415K/16912K, paused 1ms+1ms, total 6ms
02-03 12:43:29.671 D/dalvikvm(15954): WAIT_FOR_CONCURRENT_GC blocked 3ms
02-03 12:43:29.671 D/dalvikvm(15954): GC_FOR_ALLOC freed 4334K, 43% free 9649K/16912K, paused 4ms, total 4ms
02-03 12:43:29.681 D/dalvikvm(15954): GC_CONCURRENT freed 4358K, 45% free 9342K/16912K, paused 0ms+1ms, total 4ms
02-03 12:43:29.681 D/dalvikvm(15954): WAIT_FOR_CONCURRENT_GC blocked 4ms
02-03 12:43:29.691 D/dalvikvm(15954): GC_FOR_ALLOC freed 4064K, 46% free 9187K/16912K, paused 4ms, total 4ms
02-03 12:43:29.691 D/dalvikvm(15954): GC_FOR_ALLOC freed 3608K, 43% free 9659K/16912K, paused 4ms, total 4ms
02-03 12:43:29.701 D/dalvikvm(15954): GC_CONCURRENT freed 2996K, 40% free 10288K/16912K, paused 1ms+1ms, total 6ms
02-03 12:43:29.701 D/dalvikvm(15954): WAIT_FOR_CONCURRENT_GC blocked 2ms
02-03 12:43:29.701 D/dalvikvm(15954): GC_FOR_ALLOC freed 4417K, 46% free 9191K/16912K, paused 4ms, total 4ms
02-03 12:43:29.711 D/dalvikvm(15954): GC_FOR_ALLOC freed 3646K, 45% free 9350K/16912K, paused 4ms, total 4ms
02-03 12:43:29.721 D/dalvikvm(15954): GC_CONCURRENT freed 3820K, 44% free 9511K/16912K, paused 1ms+1ms, total 5ms
02-03 12:43:29.721 D/dalvikvm(15954): WAIT_FOR_CONCURRENT_GC blocked 4ms
02-03 12:43:29.731 D/dalvikvm(15954): GC_FOR_ALLOC freed 3992K, 45% free 9353K/16912K, paused 4ms, total 4ms
02-03 12:43:29.731 D/dalvikvm(15954): GC_CONCURRENT freed 3850K, 44% free 9516K/16912K, paused 0ms+1ms, total 5ms
02-03 12:43:29.731 D/dalvikvm(15954): WAIT_FOR_CONCURRENT_GC blocked 4ms
02-03 12:43:29.741 D/dalvikvm(15954): GC_FOR_ALLOC freed 4023K, 45% free 9357K/16912K, paused 4ms, total 4ms
02-03 12:43:29.751 D/dalvikvm(15954): GC_CONCURRENT freed 3878K, 44% free 9521K/16912K, paused 1ms+1ms, total 5ms
02-03 12:43:29.751 D/dalvikvm(15954): WAIT_FOR_CONCURRENT_GC blocked 4ms
02-03 12:43:29.751 D/dalvikvm(15954): GC_FOR_ALLOC freed 4053K, 45% free 9361K/16912K, paused 4ms, total 4ms
02-03 12:43:29.761 D/dalvikvm(15954): GC_CONCURRENT freed 3907K, 44% free 9526K/16912K, paused 1ms+1ms, total 5ms
02-03 12:43:29.761 D/dalvikvm(15954): WAIT_FOR_CONCURRENT_GC blocked 5ms
02-03 12:43:29.771 D/dalvikvm(15954): GC_FOR_ALLOC freed 4084K, 45% free 9364K/16912K, paused 4ms, total 4ms
02-03 12:43:29.781 D/dalvikvm(15954): GC_FOR_ALLOC freed 3444K, 43% free 9694K/16912K, paused 4ms, total 4ms
02-03 12:43:29.781 D/dalvikvm(15954): GC_FOR_ALLOC freed 4281K, 46% free 9204K/16912K, paused 4ms, total 4ms
02-03 12:43:29.791 D/dalvikvm(15954): GC_FOR_ALLOC freed 3801K, 45% free 9370K/16912K, paused 4ms, total 4ms
02-03 12:43:29.791 D/dalvikvm(15954): GC_FOR_ALLOC freed 3481K, 43% free 9703K/16912K, paused 4ms, total 4ms
02-03 12:43:29.801 D/dalvikvm(15954): GC_FOR_ALLOC freed 4323K, 46% free 9207K/16912K, paused 4ms, total 4ms
02-03 12:43:29.811 D/dalvikvm(15954): GC_CONCURRENT freed 3835K, 45% free 9375K/16912K, paused 1ms+1ms, total 5ms
02-03 12:43:29.811 D/dalvikvm(15954): WAIT_FOR_CONCURRENT_GC blocked 5ms
02-03 12:43:29.821 D/dalvikvm(15954): GC_FOR_ALLOC freed 3513K, 43% free 9710K/16912K, paused 4ms, total 4ms
02-03 12:43:29.821 D/dalvikvm(15954): GC_FOR_ALLOC freed 4362K, 46% free 9210K/16912K, paused 4ms, total 4ms
02-03 12:43:29.831 D/dalvikvm(15954): GC_CONCURRENT freed 3870K, 45% free 9379K/16912K, paused 1ms+1ms, total 5ms
02-03 12:43:29.831 D/dalvikvm(15954): WAIT_FOR_CONCURRENT_GC blocked 4ms
02-03 12:43:29.841 D/dalvikvm(15954): GC_FOR_ALLOC freed 3544K, 43% free 9718K/16912K, paused 4ms, total 4ms
02-03 12:43:29.851 D/dalvikvm(15954): GC_FOR_ALLOC freed 4249K, 46% free 9202K/16912K, paused 5ms, total 5ms
02-03 12:43:29.851 D/dalvikvm(15954): GC_FOR_ALLOC freed 3741K, 46% free 9202K/16912K, paused 4ms, total 4ms
02-03 12:43:29.861 D/dalvikvm(15954): GC_FOR_ALLOC freed 3590K, 49% free 8650K/16912K, paused 3ms, total 3ms
02-03 12:43:29.891 D/dalvikvm(15954): GC_CONCURRENT freed 3326K, 45% free 9367K/16912K, paused 1ms+1ms, total 4ms
02-03 12:43:29.941 D/dalvikvm(15954): GC_CONCURRENT freed 4509K, 48% free 8953K/16912K, paused 0ms+1ms, total 6ms
02-03 12:43:29.941 D/dalvikvm(15954): WAIT_FOR_CONCURRENT_GC blocked 6ms
02-03 12:43:29.951 D/dalvikvm(15954): GC_CONCURRENT freed 4001K, 47% free 9042K/16912K, paused 0ms+1ms, total 5ms
02-03 12:43:29.951 D/dalvikvm(15954): WAIT_FOR_CONCURRENT_GC blocked 4ms
02-03 12:43:29.961 D/dalvikvm(15954): GC_FOR_ALLOC freed 4140K, 47% free 8985K/16912K, paused 4ms, total 4ms
02-03 12:43:29.971 D/dalvikvm(15954): GC_CONCURRENT freed 3738K, 46% free 9258K/16912K, paused 1ms+1ms, total 6ms
02-03 12:43:29.981 D/dalvikvm(15954): GC_CONCURRENT freed 4355K, 47% free 8983K/16912K, paused 0ms+1ms, total 5ms
02-03 12:43:29.981 D/dalvikvm(15954): WAIT_FOR_CONCURRENT_GC blocked 5ms
02-03 12:43:29.991 D/dalvikvm(15954): GC_CONCURRENT freed 4088K, 47% free 8990K/16912K, paused 1ms+1ms, total 6ms
02-03 12:43:29.991 D/dalvikvm(15954): WAIT_FOR_CONCURRENT_GC blocked 5ms
02-03 12:43:29.991 D/dalvikvm(15954): GC_FOR_ALLOC freed 4054K, 48% free 8956K/16912K, paused 4ms, total 4ms
02-03 12:43:30.001 D/dalvikvm(15954): GC_CONCURRENT freed 3858K, 47% free 9125K/16912K, paused 1ms+1ms, total 7ms
02-03 12:43:30.001 D/dalvikvm(15954): WAIT_FOR_CONCURRENT_GC blocked 2ms
02-03 12:43:30.011 D/dalvikvm(15954): GC_CONCURRENT freed 4113K, 47% free 9031K/16912K, paused 0ms+0ms, total 5ms
02-03 12:43:30.011 D/dalvikvm(15954): WAIT_FOR_CONCURRENT_GC blocked 4ms
02-03 12:43:30.021 D/dalvikvm(15954): GC_CONCURRENT freed 4126K, 47% free 8994K/16912K, paused 1ms+1ms, total 5ms
02-03 12:43:30.021 D/dalvikvm(15954): WAIT_FOR_CONCURRENT_GC blocked 4ms
02-03 12:43:30.021 D/dalvikvm(15954): GC_FOR_ALLOC freed 4097K, 48% free 8953K/16912K, paused 4ms, total 4ms
02-03 12:43:30.031 D/dalvikvm(15954): GC_CONCURRENT freed 3935K, 47% free 9084K/16912K, paused 1ms+1ms, total 7ms
02-03 12:43:30.031 D/dalvikvm(15954): WAIT_FOR_CONCURRENT_GC blocked 2ms
02-03 12:43:30.041 D/dalvikvm(15954): GC_CONCURRENT freed 4135K, 47% free 9000K/16912K, paused 1ms+0ms, total 5ms
02-03 12:43:30.041 D/dalvikvm(15954): WAIT_FOR_CONCURRENT_GC blocked 4ms
02-03 12:43:30.051 D/dalvikvm(15954): GC_FOR_ALLOC freed 3966K, 47% free 8984K/16912K, paused 4ms, total 4ms
02-03 12:43:30.051 D/dalvikvm(15954): GC_CONCURRENT freed 3956K, 47% free 9034K/16912K, paused 0ms+1ms, total 5ms
02-03 12:43:30.051 D/dalvikvm(15954): WAIT_FOR_CONCURRENT_GC blocked 4ms
02-03 12:43:30.061 D/dalvikvm(15954): GC_FOR_ALLOC freed 3984K, 46% free 9139K/16912K, paused 4ms, total 4ms
02-03 12:43:30.071 D/dalvikvm(15954): GC_CONCURRENT freed 3850K, 46% free 9297K/16912K, paused 0ms+1ms, total 6ms
02-03 12:43:30.071 D/dalvikvm(15954): WAIT_FOR_CONCURRENT_GC blocked 2ms
02-03 12:43:30.071 D/dalvikvm(15954): GC_CONCURRENT freed 4272K, 47% free 9097K/16912K, paused 1ms+0ms, total 5ms
02-03 12:43:30.071 D/dalvikvm(15954): WAIT_FOR_CONCURRENT_GC blocked 4ms
02-03 12:43:30.081 D/dalvikvm(15954): GC_FOR_ALLOC freed 4071K, 47% free 8985K/16912K, paused 5ms, total 5ms
02-03 12:43:30.091 D/dalvikvm(15954): GC_CONCURRENT freed 3943K, 47% free 9105K/16912K, paused 1ms+0ms, total 5ms
02-03 12:43:30.091 D/dalvikvm(15954): WAIT_FOR_CONCURRENT_GC blocked 4ms
02-03 12:43:30.101 D/dalvikvm(15954): GC_FOR_ALLOC freed 3985K, 46% free 9165K/16912K, paused 4ms, total 4ms
02-03 12:43:30.101 D/dalvikvm(15954): GC_CONCURRENT freed 3723K, 45% free 9405K/16912K, paused 1ms+1ms, total 6ms
02-03 12:43:30.101 D/dalvikvm(15954): WAIT_FOR_CONCURRENT_GC blocked 2ms
02-03 12:43:30.111 D/dalvikvm(15954): GC_FOR_ALLOC freed 4346K, 47% free 8984K/16912K, paused 4ms, total 4ms
02-03 12:43:30.121 D/dalvikvm(15954): GC_CONCURRENT freed 3879K, 46% free 9147K/16912K, paused 1ms+1ms, total 5ms
02-03 12:43:30.121 D/dalvikvm(15954): WAIT_FOR_CONCURRENT_GC blocked 4ms
02-03 12:43:30.131 D/dalvikvm(15954): GC_CONCURRENT freed 4093K, 46% free 9148K/16912K, paused 1ms+1ms, total 5ms
02-03 12:43:30.131 D/dalvikvm(15954): WAIT_FOR_CONCURRENT_GC blocked 4ms
02-03 12:43:30.131 D/dalvikvm(15954): GC_FOR_ALLOC freed 3977K, 46% free 9215K/16912K, paused 4ms, total 4ms
02-03 12:43:30.141 D/dalvikvm(15954): GC_CONCURRENT freed 3789K, 45% free 9348K/16912K, paused 1ms+1ms, total 6ms
02-03 12:43:30.141 D/dalvikvm(15954): WAIT_FOR_CONCURRENT_GC blocked 2ms
02-03 12:43:30.151 D/dalvikvm(15954): GC_FOR_ALLOC freed 4326K, 47% free 9081K/16912K, paused 4ms, total 4ms
02-03 12:43:30.151 D/dalvikvm(15954): GC_CONCURRENT freed 3578K, 44% free 9568K/16912K, paused 0ms+1ms, total 6ms
02-03 12:43:30.151 D/dalvikvm(15954): WAIT_FOR_CONCURRENT_GC blocked 2ms
02-03 12:43:30.161 D/dalvikvm(15954): GC_FOR_ALLOC freed 4337K, 46% free 9224K/16912K, paused 4ms, total 4ms
02-03 12:43:30.171 D/dalvikvm(15954): GC_CONCURRENT freed 3700K, 44% free 9584K/16912K, paused 1ms+1ms, total 6ms
02-03 12:43:30.171 D/dalvikvm(15954): WAIT_FOR_CONCURRENT_GC blocked 2ms
02-03 12:43:30.171 D/dalvikvm(15954): GC_FOR_ALLOC freed 4482K, 47% free 9080K/16912K, paused 4ms, total 4ms
02-03 12:43:30.181 D/dalvikvm(15954): GC_CONCURRENT freed 3672K, 45% free 9406K/16912K, paused 1ms+1ms, total 6ms
02-03 12:43:30.181 D/dalvikvm(15954): WAIT_FOR_CONCURRENT_GC blocked 2ms
02-03 12:43:30.191 D/dalvikvm(15954): GC_FOR_ALLOC freed 4243K, 47% free 9111K/16912K, paused 4ms, total 4ms
02-03 12:43:30.191 D/dalvikvm(15954): GC_CONCURRENT freed 4003K, 46% free 9192K/16912K, paused 0ms+1ms, total 4ms
02-03 12:43:30.191 D/dalvikvm(15954): WAIT_FOR_CONCURRENT_GC blocked 4ms
02-03 12:43:30.201 D/dalvikvm(15954): GC_FOR_ALLOC freed 4143K, 47% free 9113K/16912K, paused 4ms, total 4ms
02-03 12:43:30.211 D/dalvikvm(15954): GC_CONCURRENT freed 3492K, 43% free 9663K/16912K, paused 1ms+1ms, total 6ms
02-03 12:43:30.211 D/dalvikvm(15954): WAIT_FOR_CONCURRENT_GC blocked 1ms
02-03 12:43:30.211 D/dalvikvm(15954): GC_FOR_ALLOC freed 4330K, 46% free 9273K/16912K, paused 4ms, total 4ms
02-03 12:43:30.221 D/dalvikvm(15954): GC_FOR_ALLOC freed 3992K, 46% free 9275K/16912K, paused 4ms, total 4ms
02-03 12:43:30.231 D/dalvikvm(15954): GC_CONCURRENT freed 3473K, 42% free 9848K/16912K, paused 1ms+1ms, total 6ms
02-03 12:43:30.231 D/dalvikvm(15954): WAIT_FOR_CONCURRENT_GC blocked 2ms
02-03 12:43:30.231 D/dalvikvm(15954): GC_FOR_ALLOC freed 4673K, 47% free 9110K/16912K, paused 4ms, total 4ms
02-03 12:43:30.241 D/dalvikvm(15954): GC_FOR_ALLOC freed 3983K, 47% free 9056K/16912K, paused 4ms, total 4ms
02-03 12:43:30.251 D/dalvikvm(15954): GC_FOR_ALLOC freed 3767K, 45% free 9315K/16912K, paused 4ms, total 4ms
02-03 12:43:30.251 D/dalvikvm(15954): GC_CONCURRENT freed 3647K, 43% free 9744K/16912K, paused 0ms+1ms, total 6ms
02-03 12:43:30.251 D/dalvikvm(15954): WAIT_FOR_CONCURRENT_GC blocked 2ms
02-03 12:43:30.261 D/dalvikvm(15954): GC_CONCURRENT freed 4545K, 46% free 9234K/16912K, paused 0ms+1ms, total 5ms
02-03 12:43:30.261 D/dalvikvm(15954): WAIT_FOR_CONCURRENT_GC blocked 4ms
02-03 12:43:30.271 D/dalvikvm(15954): GC_FOR_ALLOC freed 4078K, 46% free 9145K/16912K, paused 4ms, total 4ms
02-03 12:43:30.281 D/dalvikvm(15954): GC_CONCURRENT freed 3316K, 43% free 9771K/16912K, paused 0ms+0ms, total 6ms
02-03 12:43:30.281 D/dalvikvm(15954): WAIT_FOR_CONCURRENT_GC blocked 2ms
02-03 12:43:30.281 D/dalvikvm(15954): GC_CONCURRENT freed 4519K, 46% free 9237K/16912K, paused 1ms+1ms, total 6ms
02-03 12:43:30.281 D/dalvikvm(15954): WAIT_FOR_CONCURRENT_GC blocked 5ms
02-03 12:43:30.291 D/dalvikvm(15954): GC_FOR_ALLOC freed 4021K, 47% free 9058K/16912K, paused 4ms, total 4ms
02-03 12:43:30.301 D/dalvikvm(15954): GC_FOR_ALLOC freed 3878K, 47% free 9060K/16912K, paused 4ms, total 4ms
02-03 12:43:30.301 D/dalvikvm(15954): GC_FOR_ALLOC freed 3915K, 47% free 9061K/16912K, paused 4ms, total 4ms
02-03 12:43:30.311 D/dalvikvm(15954): GC_FOR_ALLOC freed 3953K, 47% free 9063K/16912K, paused 4ms, total 4ms
02-03 12:43:30.321 D/dalvikvm(15954): GC_CONCURRENT freed 3800K, 46% free 9255K/16912K, paused 0ms+1ms, total 5ms
02-03 12:43:30.321 D/dalvikvm(15954): WAIT_FOR_CONCURRENT_GC blocked 4ms
02-03 12:43:30.331 D/dalvikvm(15954): GC_CONCURRENT freed 4030K, 46% free 9255K/16912K, paused 0ms+1ms, total 5ms
02-03 12:43:30.331 D/dalvikvm(15954): WAIT_FOR_CONCURRENT_GC blocked 4ms
02-03 12:43:30.331 D/dalvikvm(15954): GC_CONCURRENT freed 4064K, 46% free 9259K/16912K, paused 0ms+1ms, total 4ms
02-03 12:43:30.331 D/dalvikvm(15954): WAIT_FOR_CONCURRENT_GC blocked 5ms
02-03 12:43:30.341 D/dalvikvm(15954): GC_FOR_ALLOC freed 3807K, 45% free 9359K/16912K, paused 4ms, total 4ms
02-03 12:43:30.351 D/dalvikvm(15954): GC_FOR_ALLOC freed 4137K, 46% free 9166K/16912K, paused 4ms, total 4ms
02-03 12:43:30.351 D/dalvikvm(15954): GC_FOR_ALLOC freed 3975K, 47% free 9070K/16912K, paused 4ms, total 4ms
02-03 12:43:30.361 D/dalvikvm(15954): GC_FOR_ALLOC freed 3707K, 45% free 9372K/16912K, paused 4ms, total 4ms
02-03 12:43:30.371 D/dalvikvm(15954): GC_CONCURRENT freed 3541K, 42% free 9876K/16912K, paused 1ms+1ms, total 6ms
02-03 12:43:30.371 D/dalvikvm(15954): WAIT_FOR_CONCURRENT_GC blocked 3ms
02-03 12:43:30.371 D/dalvikvm(15954): GC_CONCURRENT freed 4576K, 46% free 9279K/16912K, paused 1ms+1ms, total 5ms
02-03 12:43:30.381 D/dalvikvm(15954): WAIT_FOR_CONCURRENT_GC blocked 5ms
02-03 12:43:30.381 D/dalvikvm(15954): GC_FOR_ALLOC freed 4007K, 46% free 9179K/16912K, paused 4ms, total 5ms
02-03 12:43:30.391 D/dalvikvm(15954): GC_CONCURRENT freed 3938K, 46% free 9286K/16912K, paused 1ms+1ms, total 5ms
02-03 12:43:30.391 D/dalvikvm(15954): WAIT_FOR_CONCURRENT_GC blocked 4ms
02-03 12:43:30.401 D/dalvikvm(15954): GC_FOR_ALLOC freed 4074K, 46% free 9184K/16912K, paused 4ms, total 4ms
02-03 12:43:30.401 D/dalvikvm(15954): GC_CONCURRENT freed 3164K, 42% free 9921K/16912K, paused 1ms+1ms, total 6ms
02-03 12:43:30.401 D/dalvikvm(15954): WAIT_FOR_CONCURRENT_GC blocked 2ms
02-03 12:43:30.411 D/dalvikvm(15954): GC_FOR_ALLOC freed 4769K, 47% free 9083K/16912K, paused 4ms, total 4ms
02-03 12:43:30.421 D/dalvikvm(15954): GC_FOR_ALLOC freed 3957K, 46% free 9191K/16912K, paused 4ms, total 4ms
02-03 12:43:30.431 D/dalvikvm(15954): GC_CONCURRENT freed 3235K, 42% free 9945K/16912K, paused 1ms+1ms, total 12ms
02-03 12:43:30.431 D/dalvikvm(15954): WAIT_FOR_CONCURRENT_GC blocked 8ms
02-03 12:43:30.441 D/dalvikvm(15954): GC_FOR_ALLOC freed 4877K, 47% free 9088K/16912K, paused 5ms, total 5ms
02-03 12:43:30.441 D/dalvikvm(15954): GC_FOR_ALLOC freed 3827K, 47% free 9090K/16912K, paused 4ms, total 4ms
02-03 12:43:30.461 D/dalvikvm(15954): GC_FOR_ALLOC freed 3853K, 47% free 9091K/16912K, paused 6ms, total 6ms
02-03 12:43:30.471 D/dalvikvm(15954): GC_FOR_ALLOC freed 3879K, 47% free 9092K/16912K, paused 4ms, total 4ms
02-03 12:43:30.471 W/BindingManager(18937): Cannot call determinedVisibility() - never saw a connection for the pid: 18937
02-03 12:43:30.481 D/dalvikvm(15954): GC_FOR_ALLOC freed 3905K, 47% free 9094K/16912K, paused 5ms, total 6ms
02-03 12:43:30.491 D/dalvikvm(15954): GC_FOR_ALLOC freed 3931K, 47% free 9095K/16912K, paused 7ms, total 7ms
02-03 12:43:30.501 D/dalvikvm(15954): GC_FOR_ALLOC freed 3957K, 47% free 9097K/16912K, paused 8ms, total 8ms
02-03 12:43:30.511 D/dalvikvm(15954): GC_CONCURRENT freed 3756K, 45% free 9326K/16912K, paused 1ms+1ms, total 5ms
02-03 12:43:30.511 D/dalvikvm(15954): WAIT_FOR_CONCURRENT_GC blocked 4ms
02-03 12:43:30.521 D/dalvikvm(15954): GC_CONCURRENT freed 4008K, 45% free 9329K/16912K, paused 2ms+2ms, total 8ms
02-03 12:43:30.521 D/dalvikvm(15954): WAIT_FOR_CONCURRENT_GC blocked 6ms
02-03 12:43:30.531 D/dalvikvm(15954): GC_CONCURRENT freed 4034K, 45% free 9332K/16912K, paused 1ms+1ms, total 7ms
02-03 12:43:30.531 D/dalvikvm(15954): WAIT_FOR_CONCURRENT_GC blocked 6ms
02-03 12:43:30.551 D/dalvikvm(15954): GC_CONCURRENT freed 4061K, 45% free 9335K/16912K, paused 2ms+1ms, total 13ms
02-03 12:43:30.551 D/dalvikvm(15954): WAIT_FOR_CONCURRENT_GC blocked 7ms
02-03 12:43:30.561 D/dalvikvm(15954): GC_CONCURRENT freed 4090K, 45% free 9339K/16912K, paused 2ms+2ms, total 8ms
02-03 12:43:30.561 D/dalvikvm(15954): WAIT_FOR_CONCURRENT_GC blocked 6ms
02-03 12:43:30.571 D/dalvikvm(15954): GC_FOR_ALLOC freed 3764K, 45% free 9459K/16912K, paused 5ms, total 5ms
02-03 12:43:30.581 D/dalvikvm(15954): GC_FOR_ALLOC freed 4146K, 46% free 9226K/16912K, paused 4ms, total 4ms
02-03 12:43:30.581 D/dalvikvm(15954): GC_FOR_ALLOC freed 3937K, 47% free 9109K/16912K, paused 4ms, total 4ms
02-03 12:43:30.591 D/dalvikvm(15954): GC_FOR_ALLOC freed 3601K, 44% free 9471K/16912K, paused 4ms, total 4ms
02-03 12:43:30.601 D/dalvikvm(15954): GC_CONCURRENT freed 4228K, 46% free 9233K/16912K, paused 1ms+1ms, total 5ms
02-03 12:43:30.601 D/dalvikvm(15954): WAIT_FOR_CONCURRENT_GC blocked 4ms
02-03 12:43:30.601 D/dalvikvm(15954): GC_FOR_ALLOC freed 4015K, 47% free 9114K/16912K, paused 4ms, total 4ms
02-03 12:43:30.611 D/dalvikvm(15954): GC_FOR_ALLOC freed 3671K, 44% free 9483K/16912K, paused 5ms, total 5ms
02-03 12:43:30.611 D/dalvikvm(15954): GC_CONCURRENT freed 3453K, 41% free 10098K/16912K, paused 1ms+1ms, total 5ms
02-03 12:43:30.611 D/dalvikvm(15954): WAIT_FOR_CONCURRENT_GC blocked 1ms
02-03 12:43:30.621 D/dalvikvm(15954): GC_FOR_ALLOC freed 4950K, 47% free 9119K/16912K, paused 4ms, total 4ms
02-03 12:43:30.631 D/dalvikvm(15954): GC_CONCURRENT freed 2872K, 41% free 10114K/16912K, paused 1ms+1ms, total 5ms
02-03 12:43:30.631 D/dalvikvm(15954): WAIT_FOR_CONCURRENT_GC blocked 2ms
02-03 12:43:30.641 D/dalvikvm(15954): GC_CONCURRENT freed 4760K, 45% free 9373K/16912K, paused 1ms+1ms, total 5ms
02-03 12:43:30.641 D/dalvikvm(15954): WAIT_FOR_CONCURRENT_GC blocked 4ms
02-03 12:43:30.641 D/dalvikvm(15954): GC_FOR_ALLOC freed 4039K, 46% free 9249K/16912K, paused 4ms, total 4ms
02-03 12:43:30.651 D/dalvikvm(15954): GC_CONCURRENT freed 3938K, 45% free 9379K/16912K, paused 0ms+1ms, total 4ms
02-03 12:43:30.651 D/dalvikvm(15954): WAIT_FOR_CONCURRENT_GC blocked 4ms
02-03 12:43:30.661 D/dalvikvm(15954): GC_FOR_ALLOC freed 4087K, 46% free 9254K/16912K, paused 4ms, total 4ms
02-03 12:43:30.661 D/dalvikvm(15954): GC_FOR_ALLOC freed 3596K, 44% free 9513K/16912K, paused 4ms, total 4ms
02-03 12:43:30.671 D/dalvikvm(15954): GC_FOR_ALLOC freed 4263K, 47% free 9129K/16912K, paused 4ms, total 4ms
02-03 12:43:30.681 D/dalvikvm(15954): GC_FOR_ALLOC freed 3897K, 46% free 9260K/16912K, paused 4ms, total 4ms
02-03 12:43:30.681 D/dalvikvm(15954): GC_CONCURRENT freed 3007K, 40% free 10173K/16912K, paused 0ms+1ms, total 6ms
02-03 12:43:30.681 D/dalvikvm(15954): WAIT_FOR_CONCURRENT_GC blocked 3ms
02-03 12:43:30.691 D/dalvikvm(15954): GC_FOR_ALLOC freed 4325K, 44% free 9527K/16912K, paused 4ms, total 4ms
02-03 12:43:30.701 D/dalvikvm(15954): GC_FOR_ALLOC freed 4356K, 46% free 9135K/16912K, paused 4ms, total 4ms
02-03 12:43:30.701 D/dalvikvm(15954): GC_FOR_ALLOC freed 3716K, 46% free 9136K/16912K, paused 4ms, total 4ms
02-03 12:43:30.711 D/dalvikvm(15954): GC_FOR_ALLOC freed 3735K, 46% free 9138K/16912K, paused 4ms, total 4ms
02-03 12:43:30.721 D/dalvikvm(15954): GC_FOR_ALLOC freed 3754K, 46% free 9139K/16912K, paused 4ms, total 4ms
02-03 12:43:30.721 D/dalvikvm(15954): GC_FOR_ALLOC freed 3773K, 46% free 9140K/16912K, paused 4ms, total 4ms
02-03 12:43:30.741 D/dalvikvm(15954): GC_FOR_ALLOC freed 3792K, 46% free 9142K/16912K, paused 4ms, total 4ms
02-03 12:43:30.741 D/dalvikvm(15954): GC_FOR_ALLOC freed 3811K, 46% free 9143K/16912K, paused 4ms, total 4ms
02-03 12:43:30.741 D/dalvikvm(15954): GC_FOR_ALLOC freed 3830K, 46% free 9144K/16912K, paused 4ms, total 4ms
02-03 12:43:30.751 D/dalvikvm(15954): GC_FOR_ALLOC freed 3849K, 46% free 9146K/16912K, paused 4ms, total 4ms
02-03 12:43:30.751 D/dalvikvm(15954): GC_FOR_ALLOC freed 3867K, 46% free 9147K/16912K, paused 4ms, total 4ms
02-03 12:43:30.761 D/dalvikvm(15954): GC_FOR_ALLOC freed 3886K, 46% free 9148K/16912K, paused 4ms, total 4ms
02-03 12:43:30.771 D/dalvikvm(15954): GC_FOR_ALLOC freed 3905K, 46% free 9150K/16912K, paused 4ms, total 4ms
02-03 12:43:30.771 D/dalvikvm(15954): GC_FOR_ALLOC freed 3924K, 46% free 9151K/16912K, paused 4ms, total 4ms
02-03 12:43:30.781 D/dalvikvm(15954): GC_FOR_ALLOC freed 3943K, 46% free 9152K/16912K, paused 4ms, total 4ms
02-03 12:43:30.791 D/dalvikvm(15954): GC_FOR_ALLOC freed 3961K, 46% free 9154K/16912K, paused 4ms, total 4ms
02-03 12:43:30.791 D/dalvikvm(15954): GC_FOR_ALLOC freed 3980K, 46% free 9155K/16912K, paused 4ms, total 4ms
02-03 12:43:30.801 D/dalvikvm(15954): GC_CONCURRENT freed 3003K, 40% free 10153K/16912K, paused 1ms+0ms, total 6ms
02-03 12:43:30.801 D/dalvikvm(15954): WAIT_FOR_CONCURRENT_GC blocked 2ms
02-03 12:43:30.811 D/dalvikvm(15954): GC_FOR_ALLOC freed 5014K, 46% free 9158K/16912K, paused 4ms, total 4ms
02-03 12:43:30.811 D/dalvikvm(15954): GC_CONCURRENT freed 3606K, 44% free 9590K/16912K, paused 1ms+1ms, total 5ms
02-03 12:43:30.811 D/dalvikvm(15954): WAIT_FOR_CONCURRENT_GC blocked 1ms
02-03 12:43:30.821 D/dalvikvm(15954): GC_CONCURRENT freed 4197K, 45% free 9450K/16912K, paused 1ms+1ms, total 5ms
02-03 12:43:30.821 D/dalvikvm(15954): WAIT_FOR_CONCURRENT_GC blocked 4ms
02-03 12:43:30.831 D/dalvikvm(15954): GC_CONCURRENT freed 4073K, 45% free 9453K/16912K, paused 1ms+1ms, total 5ms
02-03 12:43:30.831 D/dalvikvm(15954): WAIT_FOR_CONCURRENT_GC blocked 4ms
02-03 12:43:30.841 D/dalvikvm(15954): GC_FOR_ALLOC freed 4384K, 46% free 9163K/16912K, paused 4ms, total 4ms
02-03 12:43:30.841 D/dalvikvm(15954): GC_FOR_ALLOC freed 3376K, 44% free 9604K/16912K, paused 4ms, total 4ms
02-03 12:43:30.851 D/dalvikvm(15954): GC_FOR_ALLOC freed 4127K, 45% free 9313K/16912K, paused 4ms, total 4ms
02-03 12:43:30.851 D/dalvikvm(15954): GC_FOR_ALLOC freed 3850K, 46% free 9167K/16912K, paused 4ms, total 4ms
02-03 12:43:30.861 D/dalvikvm(15954): GC_FOR_ALLOC freed 3418K, 44% free 9613K/16912K, paused 4ms, total 4ms
02-03 12:43:30.871 D/dalvikvm(15954): GC_FOR_ALLOC freed 4179K, 45% free 9318K/16912K, paused 4ms, total 4ms
02-03 12:43:30.871 D/dalvikvm(15954): GC_FOR_ALLOC freed 3898K, 46% free 9171K/16912K, paused 4ms, total 4ms
02-03 12:43:30.881 D/dalvikvm(15954): GC_FOR_ALLOC freed 3461K, 44% free 9623K/16912K, paused 4ms, total 4ms
02-03 12:43:30.891 D/dalvikvm(15954): GC_FOR_ALLOC freed 4231K, 45% free 9324K/16912K, paused 4ms, total 4ms
02-03 12:43:30.891 D/dalvikvm(15954): GC_FOR_ALLOC freed 3946K, 46% free 9174K/16912K, paused 4ms, total 4ms
02-03 12:43:30.901 D/dalvikvm(15954): GC_FOR_ALLOC freed 3503K, 44% free 9632K/16912K, paused 4ms, total 4ms
02-03 12:43:30.911 D/dalvikvm(15954): GC_CONCURRENT freed 4283K, 45% free 9329K/16912K, paused 1ms+1ms, total 5ms
02-03 12:43:30.911 D/dalvikvm(15954): WAIT_FOR_CONCURRENT_GC blocked 4ms
02-03 12:43:30.911 D/dalvikvm(15954): GC_FOR_ALLOC freed 3994K, 46% free 9178K/16912K, paused 4ms, total 4ms
02-03 12:43:30.921 D/dalvikvm(15954): GC_FOR_ALLOC freed 3546K, 43% free 9641K/16912K, paused 4ms, total 4ms
02-03 12:43:30.931 D/dalvikvm(15954): GC_CONCURRENT freed 3254K, 39% free 10415K/16912K, paused 0ms+1ms, total 6ms
02-03 12:43:30.931 D/dalvikvm(15954): WAIT_FOR_CONCURRENT_GC blocked 2ms
02-03 12:43:30.931 D/dalvikvm(15954): GC_FOR_ALLOC freed 4343K, 45% free 9336K/16912K, paused 4ms, total 4ms
02-03 12:43:30.941 D/dalvikvm(15954): GC_FOR_ALLOC freed 4055K, 46% free 9183K/16912K, paused 4ms, total 4ms
02-03 12:43:30.951 D/dalvikvm(15954): GC_FOR_ALLOC freed 3600K, 43% free 9653K/16912K, paused 3ms, total 4ms
02-03 12:43:30.951 D/dalvikvm(15954): GC_CONCURRENT freed 3304K, 39% free 10438K/16912K, paused 0ms+1ms, total 6ms
02-03 12:43:30.951 D/dalvikvm(15954): WAIT_FOR_CONCURRENT_GC blocked 2ms
02-03 12:43:30.961 D/dalvikvm(15954): GC_FOR_ALLOC freed 4409K, 43% free 9659K/16912K, paused 4ms, total 4ms
02-03 12:43:30.971 D/dalvikvm(15954): GC_FOR_ALLOC freed 4116K, 46% free 9187K/16912K, paused 4ms, total 5ms
02-03 12:43:30.971 D/dalvikvm(15954): GC_FOR_ALLOC freed 3654K, 45% free 9347K/16912K, paused 4ms, total 4ms
02-03 12:43:30.981 D/dalvikvm(15954): GC_CONCURRENT freed 3828K, 44% free 9509K/16912K, paused 0ms+1ms, total 4ms
02-03 12:43:30.981 D/dalvikvm(15954): WAIT_FOR_CONCURRENT_GC blocked 4ms
02-03 12:43:30.991 D/dalvikvm(15954): GC_FOR_ALLOC freed 4001K, 45% free 9351K/16912K, paused 4ms, total 4ms
02-03 12:43:30.991 D/dalvikvm(15954): GC_CONCURRENT freed 3858K, 44% free 9514K/16912K, paused 0ms+1ms, total 4ms
02-03 12:43:30.991 D/dalvikvm(15954): WAIT_FOR_CONCURRENT_GC blocked 4ms
02-03 12:43:31.001 D/dalvikvm(15954): GC_FOR_ALLOC freed 4031K, 45% free 9354K/16912K, paused 4ms, total 4ms
02-03 12:43:31.011 D/dalvikvm(15954): GC_CONCURRENT freed 3887K, 44% free 9518K/16912K, paused 0ms+1ms, total 5ms
02-03 12:43:31.011 D/dalvikvm(15954): WAIT_FOR_CONCURRENT_GC blocked 4ms
02-03 12:43:31.021 D/dalvikvm(15954): GC_FOR_ALLOC freed 4061K, 45% free 9358K/16912K, paused 4ms, total 4ms
02-03 12:43:31.031 D/dalvikvm(15954): GC_CONCURRENT freed 3916K, 44% free 9523K/16912K, paused 5ms+2ms, total 10ms
02-03 12:43:31.031 D/dalvikvm(15954): WAIT_FOR_CONCURRENT_GC blocked 4ms
02-03 12:43:31.041 D/dalvikvm(15954): GC_FOR_ALLOC freed 4094K, 45% free 9362K/16912K, paused 5ms, total 5ms
02-03 12:43:31.051 D/dalvikvm(15954): GC_FOR_ALLOC freed 3452K, 43% free 9692K/16912K, paused 4ms, total 4ms
02-03 12:43:31.061 D/dalvikvm(15954): GC_FOR_ALLOC freed 4290K, 46% free 9201K/16912K, paused 5ms, total 5ms
02-03 12:43:31.071 W/BindingManager(18937): Cannot call determinedVisibility() - never saw a connection for the pid: 18937
02-03 12:43:31.071 D/dalvikvm(15954): GC_CONCURRENT freed 3808K, 45% free 9367K/16912K, paused 1ms+1ms, total 6ms
02-03 12:43:31.071 D/dalvikvm(15954): WAIT_FOR_CONCURRENT_GC blocked 5ms
02-03 12:43:31.091 D/dalvikvm(15954): GC_FOR_ALLOC freed 3487K, 43% free 9700K/16912K, paused 7ms, total 8ms
02-03 12:43:31.101 I/chromium(18937): [INFO:CONSOLE(46)] "Uncaught ReferenceError: SharedWorker is not defined", source: app://org.xwalk.webapi_noneservice_tests//opt/tct-workers-w3c-tests/workers/SharedWorkerSimple.html (46)
02-03 12:43:31.101 D/dalvikvm(15954): GC_FOR_ALLOC freed 4331K, 46% free 9204K/16912K, paused 6ms, total 6ms
02-03 12:43:31.101 D/dalvikvm(15954): GC_CONCURRENT freed 3842K, 45% free 9372K/16912K, paused 1ms+1ms, total 5ms
02-03 12:43:31.101 D/dalvikvm(15954): WAIT_FOR_CONCURRENT_GC blocked 4ms
02-03 12:43:31.121 D/dalvikvm(15954): GC_FOR_ALLOC freed 3519K, 43% free 9708K/16912K, paused 13ms, total 13ms
02-03 12:43:31.131 D/dalvikvm(15954): GC_FOR_ALLOC freed 4370K, 46% free 9207K/16912K, paused 4ms, total 4ms
02-03 12:43:31.141 D/dalvikvm(15954): GC_CONCURRENT freed 3876K, 45% free 9376K/16912K, paused 0ms+1ms, total 4ms
02-03 12:43:31.141 D/dalvikvm(15954): WAIT_FOR_CONCURRENT_GC blocked 4ms
02-03 12:43:31.151 D/dalvikvm(15954): GC_CONCURRENT freed 4051K, 45% free 9380K/16912K, paused 1ms+1ms, total 5ms
02-03 12:43:31.151 D/dalvikvm(15954): WAIT_FOR_CONCURRENT_GC blocked 4ms
02-03 12:43:31.161 D/dalvikvm(15954): GC_FOR_ALLOC freed 3867K, 46% free 9202K/16912K, paused 4ms, total 4ms
02-03 12:43:31.161 D/dalvikvm(15954): GC_FOR_ALLOC freed 3752K, 46% free 9202K/16912K, paused 4ms, total 4ms
02-03 12:43:31.171 D/dalvikvm(15954): GC_FOR_ALLOC freed 1089K, 37% free 10698K/16912K, paused 3ms, total 3ms
02-03 12:43:31.271 D/dalvikvm(15954): GC_CONCURRENT freed 4615K, 40% free 10167K/16912K, paused 0ms+1ms, total 8ms
02-03 12:43:34.151 W/BindingManager(18937): Cannot call determinedVisibility() - never saw a connection for the pid: 18937
02-03 12:43:34.391 D/dalvikvm(15954): GC_CONCURRENT freed 6037K, 52% free 8195K/16912K, paused 0ms+1ms, total 7ms
02-03 12:43:34.391 D/dalvikvm(15954): WAIT_FOR_CONCURRENT_GC blocked 6ms
02-03 12:43:34.401 D/dalvikvm(15954): GC_CONCURRENT freed 4083K, 52% free 8266K/16912K, paused 0ms+1ms, total 3ms
02-03 12:43:34.401 D/dalvikvm(15954): GC_FOR_ALLOC freed 4161K, 52% free 8176K/16912K, paused 3ms, total 3ms
02-03 12:43:34.411 D/dalvikvm(15954): GC_CONCURRENT freed 1534K, 51% free 8311K/16912K, paused 1ms+1ms, total 4ms
02-03 12:43:34.411 D/dalvikvm(15954): GC_FOR_ALLOC freed 4119K, 52% free 8248K/16912K, paused 3ms, total 3ms
02-03 12:43:34.421 D/dalvikvm(15954): GC_CONCURRENT freed 1933K, 51% free 8364K/16912K, paused 0ms+1ms, total 4ms
02-03 12:43:34.421 D/dalvikvm(15954): GC_CONCURRENT freed 4205K, 52% free 8239K/16912K, paused 0ms+1ms, total 3ms
02-03 12:43:34.421 D/dalvikvm(15954): WAIT_FOR_CONCURRENT_GC blocked 2ms
02-03 12:43:34.431 D/dalvikvm(15954): GC_FOR_ALLOC freed 4095K, 52% free 8214K/16912K, paused 3ms, total 3ms
02-03 12:43:34.431 D/dalvikvm(15954): GC_CONCURRENT freed 1231K, 50% free 8600K/16912K, paused 1ms+1ms, total 4ms
02-03 12:43:34.441 D/dalvikvm(15954): GC_CONCURRENT freed 4353K, 51% free 8300K/16912K, paused 1ms+1ms, total 3ms
02-03 12:43:34.441 D/dalvikvm(15954): WAIT_FOR_CONCURRENT_GC blocked 2ms
02-03 12:43:34.451 D/dalvikvm(15954): GC_FOR_ALLOC freed 4097K, 52% free 8231K/16912K, paused 3ms, total 3ms
02-03 12:43:34.451 D/dalvikvm(15954): GC_CONCURRENT freed 1260K, 50% free 8554K/16912K, paused 0ms+1ms, total 3ms
02-03 12:43:34.461 D/dalvikvm(15954): GC_FOR_ALLOC freed 4278K, 51% free 8326K/16912K, paused 2ms, total 3ms
02-03 12:43:34.461 D/dalvikvm(15954): GC_CONCURRENT freed 1528K, 50% free 8544K/16912K, paused 0ms+1ms, total 3ms
02-03 12:43:34.471 D/dalvikvm(15954): GC_FOR_ALLOC freed 4302K, 52% free 8203K/16912K, paused 2ms, total 2ms
02-03 12:43:34.471 D/dalvikvm(15954): GC_FOR_ALLOC freed 4026K, 52% free 8254K/16912K, paused 2ms, total 2ms
02-03 12:43:34.481 D/dalvikvm(15954): GC_CONCURRENT freed 1931K, 50% free 8542K/16912K, paused 1ms+1ms, total 4ms
02-03 12:43:34.481 D/dalvikvm(15954): GC_CONCURRENT freed 4253K, 51% free 8362K/16912K, paused 0ms+1ms, total 3ms
02-03 12:43:34.481 D/dalvikvm(15954): WAIT_FOR_CONCURRENT_GC blocked 2ms
02-03 12:43:34.491 D/dalvikvm(15954): GC_CONCURRENT freed 4103K, 51% free 8320K/16912K, paused 1ms+0ms, total 4ms
02-03 12:43:34.491 D/dalvikvm(15954): WAIT_FOR_CONCURRENT_GC blocked 3ms
02-03 12:43:34.501 D/dalvikvm(15954): GC_CONCURRENT freed 4078K, 51% free 8326K/16912K, paused 0ms+1ms, total 3ms
02-03 12:43:34.501 D/dalvikvm(15954): WAIT_FOR_CONCURRENT_GC blocked 2ms
02-03 12:43:34.501 D/dalvikvm(15954): GC_FOR_ALLOC freed 4037K, 52% free 8277K/16912K, paused 3ms, total 3ms
02-03 12:43:34.511 D/dalvikvm(15954): GC_CONCURRENT freed 2125K, 49% free 8722K/16912K, paused 1ms+1ms, total 4ms
02-03 12:43:34.511 D/dalvikvm(15954): GC_CONCURRENT freed 4382K, 51% free 8342K/16912K, paused 1ms+0ms, total 4ms
02-03 12:43:34.511 D/dalvikvm(15954): WAIT_FOR_CONCURRENT_GC blocked 3ms
02-03 12:43:34.521 D/dalvikvm(15954): GC_FOR_ALLOC freed 3920K, 51% free 8406K/16912K, paused 2ms, total 2ms
02-03 12:43:34.521 D/dalvikvm(15954): GC_CONCURRENT freed 2273K, 48% free 8947K/16912K, paused 1ms+1ms, total 5ms
02-03 12:43:34.531 D/dalvikvm(15954): GC_CONCURRENT freed 4681K, 51% free 8358K/16912K, paused 0ms+1ms, total 3ms
02-03 12:43:34.531 D/dalvikvm(15954): WAIT_FOR_CONCURRENT_GC blocked 2ms
02-03 12:43:34.541 D/dalvikvm(15954): GC_FOR_ALLOC freed 4055K, 52% free 8237K/16912K, paused 3ms, total 3ms
02-03 12:43:34.541 D/dalvikvm(15954): GC_CONCURRENT freed 3888K, 51% free 8368K/16912K, paused 0ms+1ms, total 3ms
02-03 12:43:34.541 D/dalvikvm(15954): WAIT_FOR_CONCURRENT_GC blocked 2ms
02-03 12:43:34.551 D/dalvikvm(15954): GC_FOR_ALLOC freed 3900K, 51% free 8438K/16912K, paused 3ms, total 3ms
02-03 12:43:34.551 D/dalvikvm(15954): GC_CONCURRENT freed 2318K, 47% free 9034K/16912K, paused 1ms+1ms, total 4ms
02-03 12:43:34.561 D/dalvikvm(15954): GC_FOR_ALLOC freed 4694K, 51% free 8314K/16912K, paused 3ms, total 3ms
02-03 12:43:34.561 D/dalvikvm(15954): GC_CONCURRENT freed 1571K, 49% free 8654K/16912K, paused 1ms+1ms, total 4ms
02-03 12:43:34.571 D/dalvikvm(15954): GC_CONCURRENT freed 4208K, 50% free 8459K/16912K, paused 1ms+0ms, total 4ms
02-03 12:43:34.571 D/dalvikvm(15954): WAIT_FOR_CONCURRENT_GC blocked 3ms
02-03 12:43:34.581 D/dalvikvm(15954): GC_CONCURRENT freed 4150K, 51% free 8395K/16912K, paused 1ms+0ms, total 4ms
02-03 12:43:34.581 D/dalvikvm(15954): WAIT_FOR_CONCURRENT_GC blocked 3ms
02-03 12:43:34.581 D/dalvikvm(15954): GC_CONCURRENT freed 4007K, 51% free 8399K/16912K, paused 0ms+1ms, total 3ms
02-03 12:43:34.581 D/dalvikvm(15954): WAIT_FOR_CONCURRENT_GC blocked 2ms
02-03 12:43:34.591 D/dalvikvm(15954): GC_CONCURRENT freed 4074K, 51% free 8404K/16912K, paused 1ms+1ms, total 4ms
02-03 12:43:34.591 D/dalvikvm(15954): WAIT_FOR_CONCURRENT_GC blocked 3ms
02-03 12:43:34.601 D/dalvikvm(15954): GC_CONCURRENT freed 3916K, 50% free 8482K/16912K, paused 1ms+0ms, total 4ms
02-03 12:43:34.601 D/dalvikvm(15954): WAIT_FOR_CONCURRENT_GC blocked 3ms
02-03 12:43:34.601 D/dalvikvm(15954): GC_CONCURRENT freed 4053K, 50% free 8488K/16912K, paused 0ms+1ms, total 3ms
02-03 12:43:34.601 D/dalvikvm(15954): WAIT_FOR_CONCURRENT_GC blocked 2ms
02-03 12:43:34.611 D/dalvikvm(15954): GC_CONCURRENT freed 4114K, 51% free 8418K/16912K, paused 1ms+1ms, total 3ms
02-03 12:43:34.611 D/dalvikvm(15954): GC_FOR_ALLOC freed 4101K, 51% free 8344K/16912K, paused 3ms, total 3ms
02-03 12:43:34.621 D/dalvikvm(15954): GC_CONCURRENT freed 2351K, 48% free 8892K/16912K, paused 1ms+2ms, total 5ms
02-03 12:43:34.631 D/dalvikvm(15954): GC_CONCURRENT freed 4509K, 51% free 8430K/16912K, paused 0ms+1ms, total 3ms
02-03 12:43:34.631 D/dalvikvm(15954): WAIT_FOR_CONCURRENT_GC blocked 2ms
02-03 12:43:34.631 D/dalvikvm(15954): GC_FOR_ALLOC freed 4099K, 52% free 8273K/16912K, paused 3ms, total 3ms
02-03 12:43:34.641 D/dalvikvm(15954): GC_CONCURRENT freed 3830K, 51% free 8439K/16912K, paused 0ms+1ms, total 3ms
02-03 12:43:34.641 D/dalvikvm(15954): WAIT_FOR_CONCURRENT_GC blocked 3ms
02-03 12:43:34.641 D/dalvikvm(15954): GC_CONCURRENT freed 4045K, 51% free 8444K/16912K, paused 1ms+1ms, total 3ms
02-03 12:43:34.641 D/dalvikvm(15954): WAIT_FOR_CONCURRENT_GC blocked 2ms
02-03 12:43:34.651 D/dalvikvm(15954): GC_FOR_ALLOC freed 3847K, 50% free 8531K/16912K, paused 3ms, total 3ms
02-03 12:43:34.661 D/dalvikvm(15954): GC_CONCURRENT freed 4149K, 51% free 8366K/16912K, paused 1ms+1ms, total 4ms
02-03 12:43:34.661 D/dalvikvm(15954): WAIT_FOR_CONCURRENT_GC blocked 3ms
02-03 12:43:34.661 D/dalvikvm(15954): GC_FOR_ALLOC freed 4028K, 52% free 8284K/16912K, paused 3ms, total 3ms
02-03 12:43:34.671 D/dalvikvm(15954): GC_FOR_ALLOC freed 3813K, 50% free 8546K/16912K, paused 2ms, total 2ms
02-03 12:43:34.671 D/dalvikvm(15954): GC_CONCURRENT freed 2454K, 46% free 9158K/16912K, paused 0ms+0ms, total 4ms
02-03 12:43:34.681 D/dalvikvm(15954): GC_FOR_ALLOC freed 4763K, 51% free 8289K/16912K, paused 3ms, total 3ms
02-03 12:43:34.691 D/dalvikvm(15954): GC_CONCURRENT freed 3931K, 51% free 8380K/16912K, paused 1ms+1ms, total 5ms
02-03 12:43:34.691 D/dalvikvm(15954): GC_FOR_ALLOC freed 3792K, 50% free 8564K/16912K, paused 3ms, total 3ms
02-03 12:43:34.701 D/dalvikvm(15954): GC_CONCURRENT freed 635K, 49% free 8746K/16912K, paused 1ms+1ms, total 4ms
02-03 12:43:34.701 D/dalvikvm(15954): GC_FOR_ALLOC freed 4295K, 51% free 8295K/16912K, paused 3ms, total 3ms
02-03 12:43:34.711 D/dalvikvm(15954): GC_FOR_ALLOC freed 3878K, 51% free 8297K/16912K, paused 4ms, total 4ms
02-03 12:43:34.721 D/dalvikvm(15954): GC_FOR_ALLOC freed 3915K, 51% free 8299K/16912K, paused 8ms, total 8ms
02-03 12:43:34.731 D/dalvikvm(15954): GC_FOR_ALLOC freed 3953K, 51% free 8300K/16912K, paused 3ms, total 3ms
02-03 12:43:34.731 W/BindingManager(18937): Cannot call determinedVisibility() - never saw a connection for the pid: 18937
02-03 12:43:34.741 D/dalvikvm(15954): GC_CONCURRENT freed 3800K, 50% free 8492K/16912K, paused 1ms+1ms, total 5ms
02-03 12:43:34.741 D/dalvikvm(15954): WAIT_FOR_CONCURRENT_GC blocked 4ms
02-03 12:43:34.751 D/dalvikvm(15954): GC_CONCURRENT freed 4024K, 50% free 8496K/16912K, paused 0ms+1ms, total 4ms
02-03 12:43:34.761 D/dalvikvm(15954): GC_CONCURRENT freed 4066K, 50% free 8500K/16912K, paused 2ms+1ms, total 6ms
02-03 12:43:34.761 D/dalvikvm(15954): WAIT_FOR_CONCURRENT_GC blocked 2ms
02-03 12:43:34.761 D/dalvikvm(15954): GC_FOR_ALLOC freed 3806K, 50% free 8600K/16912K, paused 3ms, total 3ms
02-03 12:43:34.771 I/chromium(18937): [INFO:CONSOLE(47)] "Uncaught ReferenceError: SharedWorker is not defined", source: app://org.xwalk.webapi_noneservice_tests//opt/tct-workers-w3c-tests/workers/SharedWorkerLocation.html (47)
02-03 12:43:34.771 D/dalvikvm(15954): GC_FOR_ALLOC freed 4137K, 51% free 8407K/16912K, paused 3ms, total 3ms
02-03 12:43:34.781 D/dalvikvm(15954): GC_FOR_ALLOC freed 3975K, 51% free 8311K/16912K, paused 4ms, total 4ms
02-03 12:43:34.781 D/dalvikvm(15954): GC_FOR_ALLOC freed 3707K, 50% free 8613K/16912K, paused 3ms, total 3ms
02-03 12:43:34.791 D/dalvikvm(15954): GC_CONCURRENT freed 3540K, 47% free 9118K/16912K, paused 1ms+2ms, total 8ms
02-03 12:43:34.801 D/dalvikvm(15954): GC_CONCURRENT freed 4576K, 50% free 8520K/16912K, paused 1ms+1ms, total 4ms
02-03 12:43:34.801 D/dalvikvm(15954): WAIT_FOR_CONCURRENT_GC blocked 3ms
02-03 12:43:34.811 D/dalvikvm(15954): GC_FOR_ALLOC freed 4007K, 51% free 8420K/16912K, paused 3ms, total 3ms
02-03 12:43:34.811 D/dalvikvm(15954): GC_CONCURRENT freed 3938K, 50% free 8527K/16912K, paused 1ms+1ms, total 3ms
02-03 12:43:34.811 D/dalvikvm(15954): WAIT_FOR_CONCURRENT_GC blocked 2ms
02-03 12:43:34.821 D/dalvikvm(15954): GC_CONCURRENT freed 4073K, 51% free 8426K/16912K, paused 1ms+1ms, total 4ms
02-03 12:43:34.821 D/dalvikvm(15954): WAIT_FOR_CONCURRENT_GC blocked 3ms
02-03 12:43:34.821 D/dalvikvm(15954): GC_FOR_ALLOC freed 3687K, 49% free 8639K/16912K, paused 2ms, total 2ms
02-03 12:43:34.831 D/dalvikvm(15954): GC_FOR_ALLOC freed 4246K, 51% free 8324K/16912K, paused 3ms, total 3ms
02-03 12:43:34.841 D/dalvikvm(15954): GC_FOR_ALLOC freed 3957K, 51% free 8433K/16912K, paused 3ms, total 3ms
02-03 12:43:34.841 D/dalvikvm(15954): GC_CONCURRENT freed 2479K, 45% free 9403K/16912K, paused 1ms+1ms, total 5ms
02-03 12:43:34.851 D/dalvikvm(15954): GC_FOR_ALLOC freed 4872K, 51% free 8329K/16912K, paused 3ms, total 3ms
02-03 12:43:34.851 D/dalvikvm(15954): GC_FOR_ALLOC freed 3822K, 51% free 8330K/16912K, paused 3ms, total 3ms
02-03 12:43:34.861 D/dalvikvm(15954): GC_FOR_ALLOC freed 3848K, 51% free 8332K/16912K, paused 3ms, total 3ms
02-03 12:43:34.861 D/dalvikvm(15954): GC_FOR_ALLOC freed 3874K, 51% free 8333K/16912K, paused 2ms, total 2ms
02-03 12:43:34.871 D/dalvikvm(15954): GC_FOR_ALLOC freed 3900K, 51% free 8335K/16912K, paused 3ms, total 3ms
02-03 12:43:34.871 D/dalvikvm(15954): GC_FOR_ALLOC freed 3926K, 51% free 8336K/16912K, paused 3ms, total 3ms
02-03 12:43:34.881 D/dalvikvm(15954): GC_FOR_ALLOC freed 3952K, 51% free 8338K/16912K, paused 2ms, total 2ms
02-03 12:43:34.881 D/dalvikvm(15954): GC_CONCURRENT freed 3751K, 50% free 8567K/16912K, paused 1ms+1ms, total 4ms
02-03 12:43:34.881 D/dalvikvm(15954): WAIT_FOR_CONCURRENT_GC blocked 3ms
02-03 12:43:34.891 D/dalvikvm(15954): GC_CONCURRENT freed 4003K, 50% free 8570K/16912K, paused 1ms+1ms, total 4ms
02-03 12:43:34.891 D/dalvikvm(15954): WAIT_FOR_CONCURRENT_GC blocked 3ms
02-03 12:43:34.901 D/dalvikvm(15954): GC_CONCURRENT freed 4030K, 50% free 8573K/16912K, paused 1ms+1ms, total 4ms
02-03 12:43:34.901 D/dalvikvm(15954): WAIT_FOR_CONCURRENT_GC blocked 3ms
02-03 12:43:34.901 D/dalvikvm(15954): GC_CONCURRENT freed 4055K, 50% free 8576K/16912K, paused 1ms+1ms, total 3ms
02-03 12:43:34.901 D/dalvikvm(15954): WAIT_FOR_CONCURRENT_GC blocked 3ms
02-03 12:43:34.911 D/dalvikvm(15954): GC_CONCURRENT freed 4084K, 50% free 8579K/16912K, paused 1ms+1ms, total 4ms
02-03 12:43:34.911 D/dalvikvm(15954): WAIT_FOR_CONCURRENT_GC blocked 3ms
02-03 12:43:34.921 D/dalvikvm(15954): GC_FOR_ALLOC freed 3759K, 49% free 8699K/16912K, paused 2ms, total 2ms
02-03 12:43:34.921 D/dalvikvm(15954): GC_FOR_ALLOC freed 4140K, 50% free 8467K/16912K, paused 3ms, total 3ms
02-03 12:43:34.931 D/dalvikvm(15954): GC_FOR_ALLOC freed 3931K, 51% free 8350K/16912K, paused 2ms, total 2ms
02-03 12:43:34.931 D/dalvikvm(15954): GC_FOR_ALLOC freed 3596K, 49% free 8711K/16912K, paused 3ms, total 3ms
02-03 12:43:34.941 D/dalvikvm(15954): GC_FOR_ALLOC freed 4223K, 50% free 8474K/16912K, paused 2ms, total 2ms
02-03 12:43:34.941 D/dalvikvm(15954): GC_CONCURRENT freed 1339K, 40% free 10169K/16912K, paused 0ms+1ms, total 4ms
02-03 12:43:34.951 D/dalvikvm(15954): GC_FOR_ALLOC freed 4622K, 50% free 8477K/16912K, paused 3ms, total 3ms
02-03 12:43:34.951 D/dalvikvm(15954): GC_FOR_ALLOC freed 4047K, 51% free 8357K/16912K, paused 3ms, total 3ms
02-03 12:43:34.961 D/dalvikvm(15954): GC_FOR_ALLOC freed 4072K, 51% free 8359K/16912K, paused 3ms, total 3ms
02-03 12:43:34.961 D/dalvikvm(15954): GC_CONCURRENT freed 1369K, 42% free 9845K/16912K, paused 1ms+1ms, total 4ms
02-03 12:43:34.971 D/dalvikvm(15954): GC_FOR_ALLOC freed 4727K, 51% free 8361K/16912K, paused 3ms, total 3ms
02-03 12:43:34.971 D/dalvikvm(15954): GC_FOR_ALLOC freed 3763K, 51% free 8363K/16912K, paused 3ms, total 3ms
02-03 12:43:34.981 D/dalvikvm(15954): GC_FOR_ALLOC freed 3782K, 50% free 8490K/16912K, paused 3ms, total 3ms
02-03 12:43:34.991 D/dalvikvm(15954): GC_CONCURRENT freed 3932K, 50% free 8620K/16912K, paused 0ms+1ms, total 3ms
02-03 12:43:34.991 D/dalvikvm(15954): WAIT_FOR_CONCURRENT_GC blocked 2ms
02-03 12:43:34.991 D/dalvikvm(15954): GC_FOR_ALLOC freed 4081K, 50% free 8494K/16912K, paused 2ms, total 3ms
02-03 12:43:35.001 D/dalvikvm(15954): GC_FOR_ALLOC freed 3592K, 49% free 8753K/16912K, paused 3ms, total 3ms
02-03 12:43:35.001 D/dalvikvm(15954): GC_FOR_ALLOC freed 4257K, 51% free 8370K/16912K, paused 3ms, total 3ms
02-03 12:43:35.011 D/dalvikvm(15954): GC_CONCURRENT freed 3892K, 50% free 8501K/16912K, paused 0ms+1ms, total 3ms
02-03 12:43:35.021 D/dalvikvm(15954): GC_FOR_ALLOC freed 3652K, 49% free 8764K/16912K, paused 3ms, total 3ms
02-03 12:43:35.021 D/dalvikvm(15954): GC_FOR_ALLOC freed 4329K, 51% free 8374K/16912K, paused 3ms, total 3ms
02-03 12:43:35.031 D/dalvikvm(15954): GC_CONCURRENT freed 3956K, 50% free 8508K/16912K, paused 1ms+0ms, total 4ms
02-03 12:43:35.031 D/dalvikvm(15954): WAIT_FOR_CONCURRENT_GC blocked 2ms
02-03 12:43:35.031 D/dalvikvm(15954): GC_FOR_ALLOC freed 3713K, 49% free 8775K/16912K, paused 2ms, total 3ms
02-03 12:43:35.041 D/dalvikvm(15954): GC_CONCURRENT freed 2532K, 45% free 9311K/16912K, paused 1ms+1ms, total 4ms
02-03 12:43:35.041 D/dalvikvm(15954): GC_FOR_ALLOC freed 4681K, 51% free 8380K/16912K, paused 2ms, total 2ms
02-03 12:43:35.051 D/dalvikvm(15954): GC_FOR_ALLOC freed 3768K, 51% free 8381K/16912K, paused 3ms, total 3ms
02-03 12:43:35.051 D/dalvikvm(15954): GC_FOR_ALLOC freed 3787K, 51% free 8383K/16912K, paused 3ms, total 3ms
02-03 12:43:35.061 D/dalvikvm(15954): GC_FOR_ALLOC freed 3806K, 51% free 8384K/16912K, paused 2ms, total 2ms
02-03 12:43:35.061 D/dalvikvm(15954): GC_FOR_ALLOC freed 3825K, 51% free 8385K/16912K, paused 3ms, total 3ms
02-03 12:43:35.071 D/dalvikvm(15954): GC_FOR_ALLOC freed 3844K, 51% free 8387K/16912K, paused 3ms, total 3ms
02-03 12:43:35.071 D/dalvikvm(15954): GC_FOR_ALLOC freed 3863K, 51% free 8388K/16912K, paused 2ms, total 2ms
02-03 12:43:35.081 D/dalvikvm(15954): GC_FOR_ALLOC freed 3882K, 51% free 8389K/16912K, paused 3ms, total 3ms
02-03 12:43:35.091 D/dalvikvm(15954): GC_FOR_ALLOC freed 3900K, 51% free 8391K/16912K, paused 3ms, total 3ms
02-03 12:43:35.091 D/dalvikvm(15954): GC_FOR_ALLOC freed 3919K, 51% free 8392K/16912K, paused 3ms, total 3ms
02-03 12:43:35.101 D/dalvikvm(15954): GC_FOR_ALLOC freed 3938K, 51% free 8393K/16912K, paused 3ms, total 3ms
02-03 12:43:35.101 D/dalvikvm(15954): GC_FOR_ALLOC freed 3957K, 51% free 8395K/16912K, paused 3ms, total 3ms
02-03 12:43:35.111 D/dalvikvm(15954): GC_FOR_ALLOC freed 3976K, 51% free 8396K/16912K, paused 3ms, total 3ms
02-03 12:43:35.111 D/dalvikvm(15954): GC_CONCURRENT freed 2280K, 47% free 9109K/16912K, paused 1ms+1ms, total 4ms
02-03 12:43:35.121 D/dalvikvm(15954): GC_CONCURRENT freed 4436K, 49% free 8685K/16912K, paused 0ms+1ms, total 3ms
02-03 12:43:35.121 D/dalvikvm(15954): WAIT_FOR_CONCURRENT_GC blocked 2ms
02-03 12:43:35.131 D/dalvikvm(15954): GC_CONCURRENT freed 4026K, 49% free 8687K/16912K, paused 1ms+1ms, total 4ms
02-03 12:43:35.131 D/dalvikvm(15954): WAIT_FOR_CONCURRENT_GC blocked 3ms
02-03 12:43:35.131 D/dalvikvm(15954): GC_CONCURRENT freed 4045K, 49% free 8690K/16912K, paused 1ms+1ms, total 4ms
02-03 12:43:35.131 D/dalvikvm(15954): WAIT_FOR_CONCURRENT_GC blocked 2ms
02-03 12:43:35.141 D/dalvikvm(15954): GC_CONCURRENT freed 4064K, 49% free 8693K/16912K, paused 1ms+1ms, total 3ms
02-03 12:43:35.141 D/dalvikvm(15954): WAIT_FOR_CONCURRENT_GC blocked 2ms
02-03 12:43:35.151 D/dalvikvm(15954): GC_CONCURRENT freed 4082K, 49% free 8695K/16912K, paused 1ms+0ms, total 4ms
02-03 12:43:35.151 D/dalvikvm(15954): WAIT_FOR_CONCURRENT_GC blocked 3ms
02-03 12:43:35.151 D/dalvikvm(15954): GC_FOR_ALLOC freed 3660K, 48% free 8844K/16912K, paused 3ms, total 3ms
02-03 12:43:35.161 D/dalvikvm(15954): GC_FOR_ALLOC freed 4118K, 50% free 8553K/16912K, paused 3ms, total 3ms
02-03 12:43:35.161 D/dalvikvm(15954): GC_FOR_ALLOC freed 3841K, 51% free 8407K/16912K, paused 3ms, total 3ms
02-03 12:43:35.171 D/dalvikvm(15954): GC_FOR_ALLOC freed 3411K, 48% free 8853K/16912K, paused 3ms, total 3ms
02-03 12:43:35.171 D/dalvikvm(15954): GC_FOR_ALLOC freed 4170K, 50% free 8558K/16912K, paused 3ms, total 3ms
02-03 12:43:35.181 D/dalvikvm(15954): GC_FOR_ALLOC freed 3889K, 51% free 8411K/16912K, paused 3ms, total 3ms
02-03 12:43:35.181 D/dalvikvm(15954): GC_FOR_ALLOC freed 3453K, 48% free 8862K/16912K, paused 4ms, total 4ms
02-03 12:43:35.191 D/dalvikvm(15954): GC_FOR_ALLOC freed 4222K, 50% free 8564K/16912K, paused 3ms, total 3ms
02-03 12:43:35.201 D/dalvikvm(15954): GC_FOR_ALLOC freed 3937K, 51% free 8415K/16912K, paused 2ms, total 3ms
02-03 12:43:35.201 D/dalvikvm(15954): GC_FOR_ALLOC freed 3496K, 48% free 8871K/16912K, paused 3ms, total 3ms
02-03 12:43:35.211 D/dalvikvm(15954): GC_CONCURRENT freed 4273K, 50% free 8569K/16912K, paused 0ms+1ms, total 3ms
02-03 12:43:35.211 D/dalvikvm(15954): WAIT_FOR_CONCURRENT_GC blocked 3ms
02-03 12:43:35.211 D/dalvikvm(15954): GC_FOR_ALLOC freed 3985K, 51% free 8419K/16912K, paused 2ms, total 3ms
02-03 12:43:35.221 D/dalvikvm(15954): GC_CONCURRENT freed 3538K, 48% free 8881K/16912K, paused 1ms+0ms, total 4ms
02-03 12:43:35.221 D/dalvikvm(15954): GC_CONCURRENT freed 4325K, 50% free 8575K/16912K, paused 0ms+1ms, total 3ms
02-03 12:43:35.221 D/dalvikvm(15954): WAIT_FOR_CONCURRENT_GC blocked 3ms
02-03 12:43:35.231 D/dalvikvm(15954): GC_FOR_ALLOC freed 4034K, 51% free 8422K/16912K, paused 3ms, total 3ms
02-03 12:43:35.241 D/dalvikvm(15954): GC_FOR_ALLOC freed 3581K, 48% free 8890K/16912K, paused 3ms, total 3ms
02-03 12:43:35.241 D/dalvikvm(15954): GC_CONCURRENT freed 466K, 49% free 8735K/16912K, paused 1ms+1ms, total 4ms
02-03 12:43:35.251 D/dalvikvm(15954): GC_FOR_ALLOC freed 3910K, 48% free 8893K/16912K, paused 2ms, total 2ms
02-03 12:43:35.251 D/dalvikvm(15954): GC_CONCURRENT freed 4395K, 50% free 8583K/16912K, paused 1ms+1ms, total 4ms
02-03 12:43:35.261 D/dalvikvm(15954): GC_FOR_ALLOC freed 4099K, 51% free 8427K/16912K, paused 3ms, total 3ms
02-03 12:43:35.261 D/dalvikvm(15954): GC_FOR_ALLOC freed 3639K, 50% free 8586K/16912K, paused 3ms, total 3ms
02-03 12:43:35.271 D/dalvikvm(15954): GC_CONCURRENT freed 3812K, 49% free 8747K/16912K, paused 0ms+0ms, total 3ms
02-03 12:43:35.271 D/dalvikvm(15954): WAIT_FOR_CONCURRENT_GC blocked 2ms
02-03 12:43:35.271 D/dalvikvm(15954): GC_FOR_ALLOC freed 3983K, 50% free 8590K/16912K, paused 3ms, total 3ms
02-03 12:43:35.281 D/dalvikvm(15954): GC_CONCURRENT freed 3841K, 49% free 8752K/16912K, paused 0ms+1ms, total 3ms
02-03 12:43:35.281 D/dalvikvm(15954): WAIT_FOR_CONCURRENT_GC blocked 2ms
02-03 12:43:35.291 D/dalvikvm(15954): GC_FOR_ALLOC freed 4015K, 50% free 8593K/16912K, paused 3ms, total 3ms
02-03 12:43:35.291 D/dalvikvm(15954): GC_CONCURRENT freed 3870K, 49% free 8757K/16912K, paused 1ms+0ms, total 4ms
02-03 12:43:35.291 D/dalvikvm(15954): WAIT_FOR_CONCURRENT_GC blocked 2ms
02-03 12:43:35.301 D/dalvikvm(15954): GC_FOR_ALLOC freed 4045K, 50% free 8597K/16912K, paused 2ms, total 2ms
02-03 12:43:35.301 D/dalvikvm(15954): GC_CONCURRENT freed 3899K, 49% free 8762K/16912K, paused 1ms+1ms, total 3ms
02-03 12:43:35.301 D/dalvikvm(15954): WAIT_FOR_CONCURRENT_GC blocked 3ms
02-03 12:43:35.311 D/dalvikvm(15954): GC_FOR_ALLOC freed 4075K, 50% free 8601K/16912K, paused 3ms, total 3ms
02-03 12:43:35.311 D/dalvikvm(15954): GC_CONCURRENT freed 3929K, 49% free 8767K/16912K, paused 1ms+1ms, total 3ms
02-03 12:43:35.311 D/dalvikvm(15954): WAIT_FOR_CONCURRENT_GC blocked 2ms
02-03 12:43:35.321 D/dalvikvm(15954): GC_FOR_ALLOC freed 4108K, 50% free 8604K/16912K, paused 3ms, total 3ms
02-03 12:43:35.331 D/dalvikvm(15954): GC_FOR_ALLOC freed 3464K, 48% free 8936K/16912K, paused 3ms, total 3ms
02-03 12:43:35.331 D/dalvikvm(15954): GC_FOR_ALLOC freed 4304K, 51% free 8443K/16912K, paused 3ms, total 3ms
02-03 12:43:35.341 D/dalvikvm(15954): GC_CONCURRENT freed 3818K, 50% free 8610K/16912K, paused 0ms+1ms, total 3ms
02-03 12:43:35.341 D/dalvikvm(15954): WAIT_FOR_CONCURRENT_GC blocked 2ms
02-03 12:43:35.341 D/dalvikvm(15954): GC_FOR_ALLOC freed 3497K, 48% free 8944K/16912K, paused 3ms, total 3ms
02-03 12:43:35.351 D/dalvikvm(15954): GC_FOR_ALLOC freed 4343K, 51% free 8446K/16912K, paused 2ms, total 2ms
02-03 12:43:35.361 D/dalvikvm(15954): GC_CONCURRENT freed 3852K, 50% free 8614K/16912K, paused 1ms+0ms, total 4ms
02-03 12:43:35.361 D/dalvikvm(15954): WAIT_FOR_CONCURRENT_GC blocked 3ms
02-03 12:43:35.361 D/dalvikvm(15954): GC_FOR_ALLOC freed 3528K, 48% free 8951K/16912K, paused 2ms, total 2ms
02-03 12:43:35.371 D/dalvikvm(15954): GC_FOR_ALLOC freed 4381K, 51% free 8449K/16912K, paused 3ms, total 3ms
02-03 12:43:35.371 D/dalvikvm(15954): GC_FOR_ALLOC freed 3921K, 51% free 8450K/16912K, paused 3ms, total 3ms
02-03 12:43:35.381 D/dalvikvm(15954): GC_FOR_ALLOC freed 3373K, 47% free 8985K/16912K, paused 3ms, total 3ms
02-03 12:43:35.391 D/dalvikvm(15954): GC_FOR_ALLOC freed 3745K, 47% free 8996K/16912K, paused 2ms, total 2ms
02-03 12:43:35.391 W/System.err(15954): java.lang.ArrayIndexOutOfBoundsException: length=183204; index=-32768
02-03 12:43:35.391 W/System.err(15954): 	at com.googlehelp.service.l.a(Unknown Source)
02-03 12:43:35.391 W/System.err(15954): 	at com.googlehelp.service.l.a(Unknown Source)
02-03 12:43:35.391 W/System.err(15954): 	at com.googlehelp.service.l.a(Unknown Source)
02-03 12:43:35.391 W/System.err(15954): 	at com.googlehelp.service.h.a(Unknown Source)
02-03 12:43:35.391 W/System.err(15954): 	at com.googlehelp.service.h.run(Unknown Source)
02-03 12:43:35.391 W/System.err(15954): 	at java.util.Timer$TimerImpl.run(Timer.java:284)
02-03 12:43:35.441 D/dalvikvm(15954): GC_CONCURRENT freed 3777K, 46% free 9269K/16912K, paused 1ms+1ms, total 6ms
02-03 12:43:35.461 D/dalvikvm(15954): GC_CONCURRENT freed 4514K, 48% free 8829K/16912K, paused 1ms+1ms, total 5ms
02-03 12:43:35.461 D/dalvikvm(15954): WAIT_FOR_CONCURRENT_GC blocked 4ms
02-03 12:43:35.471 D/dalvikvm(15954): GC_FOR_ALLOC freed 4047K, 48% free 8852K/16912K, paused 4ms, total 4ms
02-03 12:43:35.481 D/dalvikvm(15954): GC_CONCURRENT freed 2766K, 47% free 9075K/16912K, paused 1ms+1ms, total 6ms
02-03 12:43:35.491 D/dalvikvm(15954): GC_FOR_ALLOC freed 4303K, 48% free 8824K/16912K, paused 4ms, total 4ms
02-03 12:43:35.491 D/dalvikvm(15954): GC_CONCURRENT freed 2335K, 47% free 8983K/16912K, paused 1ms+1ms, total 6ms
02-03 12:43:35.501 D/dalvikvm(15954): GC_CONCURRENT freed 4189K, 48% free 8869K/16912K, paused 0ms+1ms, total 4ms
02-03 12:43:35.501 D/dalvikvm(15954): WAIT_FOR_CONCURRENT_GC blocked 4ms
02-03 12:43:35.511 D/dalvikvm(15954): GC_FOR_ALLOC freed 4086K, 48% free 8805K/16912K, paused 4ms, total 4ms
02-03 12:43:35.511 D/dalvikvm(15954): GC_CONCURRENT freed 3621K, 47% free 9073K/16912K, paused 1ms+1ms, total 6ms
02-03 12:43:35.521 D/dalvikvm(15954): GC_FOR_ALLOC freed 4179K, 48% free 8947K/16912K, paused 4ms, total 4ms
02-03 12:43:35.531 D/dalvikvm(15954): GC_CONCURRENT freed 3112K, 46% free 9184K/16912K, paused 1ms+1ms, total 5ms
02-03 12:43:35.531 D/dalvikvm(15954): GC_CONCURRENT freed 4362K, 48% free 8835K/16912K, paused 0ms+1ms, total 4ms
02-03 12:43:35.531 D/dalvikvm(15954): WAIT_FOR_CONCURRENT_GC blocked 4ms
02-03 12:43:35.541 D/dalvikvm(15954): GC_FOR_ALLOC freed 4003K, 48% free 8878K/16912K, paused 4ms, total 4ms
02-03 12:43:35.551 D/dalvikvm(15954): GC_CONCURRENT freed 3568K, 46% free 9272K/16912K, paused 0ms+1ms, total 5ms
02-03 12:43:35.551 D/dalvikvm(15954): WAIT_FOR_CONCURRENT_GC blocked 1ms
02-03 12:43:35.551 D/dalvikvm(15954): GC_FOR_ALLOC freed 4467K, 48% free 8881K/16912K, paused 4ms, total 4ms
02-03 12:43:35.561 D/dalvikvm(15954): GC_CONCURRENT freed 3753K, 47% free 9103K/16912K, paused 0ms+1ms, total 6ms
02-03 12:43:35.561 D/dalvikvm(15954): WAIT_FOR_CONCURRENT_GC blocked 2ms
02-03 12:43:35.571 D/dalvikvm(15954): GC_FOR_ALLOC freed 4217K, 48% free 8915K/16912K, paused 4ms, total 4ms
02-03 12:43:35.571 D/dalvikvm(15954): GC_CONCURRENT freed 3753K, 46% free 9171K/16912K, paused 1ms+1ms, total 6ms
02-03 12:43:35.571 D/dalvikvm(15954): WAIT_FOR_CONCURRENT_GC blocked 2ms
02-03 12:43:35.581 D/dalvikvm(15954): GC_CONCURRENT freed 4167K, 47% free 8976K/16912K, paused 1ms+1ms, total 5ms
02-03 12:43:35.581 D/dalvikvm(15954): WAIT_FOR_CONCURRENT_GC blocked 4ms
02-03 12:43:35.591 D/dalvikvm(15954): GC_FOR_ALLOC freed 4085K, 48% free 8922K/16912K, paused 5ms, total 5ms
02-03 12:43:35.601 D/dalvikvm(15954): GC_CONCURRENT freed 3695K, 45% free 9315K/16912K, paused 0ms+1ms, total 6ms
02-03 12:43:35.601 D/dalvikvm(15954): WAIT_FOR_CONCURRENT_GC blocked 2ms
02-03 12:43:35.601 D/dalvikvm(15954): GC_FOR_ALLOC freed 4356K, 47% free 9040K/16912K, paused 4ms, total 4ms
02-03 12:43:35.611 D/dalvikvm(15954): GC_CONCURRENT freed 3771K, 45% free 9334K/16912K, paused 0ms+0ms, total 6ms
02-03 12:43:35.611 D/dalvikvm(15954): WAIT_FOR_CONCURRENT_GC blocked 2ms
02-03 12:43:35.621 D/dalvikvm(15954): GC_CONCURRENT freed 4265K, 47% free 9046K/16912K, paused 0ms+1ms, total 4ms
02-03 12:43:35.621 D/dalvikvm(15954): WAIT_FOR_CONCURRENT_GC blocked 4ms
02-03 12:43:35.621 D/dalvikvm(15954): GC_FOR_ALLOC freed 3938K, 47% free 9081K/16912K, paused 4ms, total 4ms
02-03 12:43:35.631 D/dalvikvm(15954): GC_CONCURRENT freed 3583K, 44% free 9524K/16912K, paused 1ms+1ms, total 6ms
02-03 12:43:35.631 D/dalvikvm(15954): WAIT_FOR_CONCURRENT_GC blocked 2ms
02-03 12:43:35.641 D/dalvikvm(15954): GC_CONCURRENT freed 4548K, 48% free 8956K/16912K, paused 1ms+1ms, total 5ms
02-03 12:43:35.641 D/dalvikvm(15954): WAIT_FOR_CONCURRENT_GC blocked 4ms
02-03 12:43:35.641 D/dalvikvm(15954): GC_CONCURRENT freed 3921K, 47% free 9027K/16912K, paused 1ms+0ms, total 5ms
02-03 12:43:35.641 D/dalvikvm(15954): WAIT_FOR_CONCURRENT_GC blocked 4ms
02-03 12:43:35.651 D/dalvikvm(15954): GC_CONCURRENT freed 4066K, 48% free 8959K/16912K, paused 1ms+1ms, total 5ms
02-03 12:43:35.651 D/dalvikvm(15954): WAIT_FOR_CONCURRENT_GC blocked 4ms
02-03 12:43:35.661 D/dalvikvm(15954): GC_FOR_ALLOC freed 3866K, 47% free 9097K/16912K, paused 4ms, total 4ms
02-03 12:43:35.661 D/dalvikvm(15954): GC_CONCURRENT freed 3801K, 45% free 9374K/16912K, paused 1ms+1ms, total 6ms
02-03 12:43:35.661 D/dalvikvm(15954): WAIT_FOR_CONCURRENT_GC blocked 1ms
02-03 12:43:35.671 D/dalvikvm(15954): GC_CONCURRENT freed 4343K, 47% free 9034K/16912K, paused 1ms+1ms, total 5ms
02-03 12:43:35.671 D/dalvikvm(15954): WAIT_FOR_CONCURRENT_GC blocked 4ms
02-03 12:43:35.681 D/dalvikvm(15954): GC_CONCURRENT freed 4065K, 47% free 9039K/16912K, paused 1ms+0ms, total 5ms
02-03 12:43:35.681 D/dalvikvm(15954): WAIT_FOR_CONCURRENT_GC blocked 4ms
02-03 12:43:35.691 D/dalvikvm(15954): GC_CONCURRENT freed 3913K, 47% free 9113K/16912K, paused 0ms+1ms, total 4ms
02-03 12:43:35.691 D/dalvikvm(15954): WAIT_FOR_CONCURRENT_GC blocked 4ms
02-03 12:43:35.691 D/dalvikvm(15954): GC_FOR_ALLOC freed 4200K, 47% free 8964K/16912K, paused 4ms, total 4ms
02-03 12:43:35.701 D/dalvikvm(15954): GC_CONCURRENT freed 3587K, 45% free 9447K/16912K, paused 0ms+1ms, total 5ms
02-03 12:43:35.701 D/dalvikvm(15954): WAIT_FOR_CONCURRENT_GC blocked 1ms
02-03 12:43:35.711 D/dalvikvm(15954): GC_FOR_ALLOC freed 4469K, 47% free 8995K/16912K, paused 4ms, total 4ms
02-03 12:43:35.711 D/dalvikvm(15954): GC_CONCURRENT freed 3453K, 44% free 9539K/16912K, paused 1ms+1ms, total 6ms
02-03 12:43:35.711 D/dalvikvm(15954): WAIT_FOR_CONCURRENT_GC blocked 1ms
02-03 12:43:35.721 D/dalvikvm(15954): GC_CONCURRENT freed 4515K, 47% free 9078K/16912K, paused 1ms+1ms, total 5ms
02-03 12:43:35.721 D/dalvikvm(15954): WAIT_FOR_CONCURRENT_GC blocked 4ms
02-03 12:43:35.731 D/dalvikvm(15954): GC_FOR_ALLOC freed 4112K, 48% free 8917K/16912K, paused 4ms, total 4ms
02-03 12:43:35.741 D/dalvikvm(15954): GC_CONCURRENT freed 3837K, 47% free 9083K/16912K, paused 1ms+1ms, total 5ms
02-03 12:43:35.741 D/dalvikvm(15954): WAIT_FOR_CONCURRENT_GC blocked 4ms
02-03 12:43:35.741 D/dalvikvm(15954): GC_CONCURRENT freed 4052K, 47% free 9088K/16912K, paused 0ms+1ms, total 4ms
02-03 12:43:35.741 D/dalvikvm(15954): WAIT_FOR_CONCURRENT_GC blocked 4ms
02-03 12:43:35.751 D/dalvikvm(15954): GC_FOR_ALLOC freed 3858K, 46% free 9171K/16912K, paused 4ms, total 4ms
02-03 12:43:35.761 D/dalvikvm(15954): GC_FOR_ALLOC freed 4160K, 47% free 9002K/16912K, paused 4ms, total 4ms
02-03 12:43:35.761 D/dalvikvm(15954): GC_CONCURRENT freed 3443K, 44% free 9511K/16912K, paused 1ms+1ms, total 6ms
02-03 12:43:35.761 D/dalvikvm(15954): WAIT_FOR_CONCURRENT_GC blocked 2ms
02-03 12:43:35.771 D/dalvikvm(15954): GC_FOR_ALLOC freed 4415K, 46% free 9178K/16912K, paused 4ms, total 4ms
02-03 12:43:35.781 D/dalvikvm(15954): GC_CONCURRENT freed 3521K, 44% free 9525K/16912K, paused 1ms+1ms, total 6ms
02-03 12:43:35.781 D/dalvikvm(15954): WAIT_FOR_CONCURRENT_GC blocked 2ms
02-03 12:43:35.781 D/dalvikvm(15954): GC_CONCURRENT freed 4514K, 47% free 9006K/16912K, paused 1ms+1ms, total 5ms
02-03 12:43:35.781 D/dalvikvm(15954): WAIT_FOR_CONCURRENT_GC blocked 4ms
02-03 12:43:35.791 D/dalvikvm(15954): GC_FOR_ALLOC freed 3767K, 46% free 9188K/16912K, paused 3ms, total 3ms
02-03 12:43:35.801 D/dalvikvm(15954): GC_CONCURRENT freed 4078K, 46% free 9134K/16912K, paused 1ms+1ms, total 5ms
02-03 12:43:35.801 D/dalvikvm(15954): WAIT_FOR_CONCURRENT_GC blocked 4ms
02-03 12:43:35.801 D/dalvikvm(15954): GC_FOR_ALLOC freed 4032K, 48% free 8951K/16912K, paused 4ms, total 4ms
02-03 12:43:35.811 D/dalvikvm(15954): GC_FOR_ALLOC freed 3884K, 48% free 8952K/16912K, paused 4ms, total 4ms
02-03 12:43:35.821 D/dalvikvm(15954): GC_FOR_ALLOC freed 3921K, 48% free 8954K/16912K, paused 4ms, total 4ms
02-03 12:43:35.821 D/dalvikvm(15954): GC_FOR_ALLOC freed 3959K, 48% free 8956K/16912K, paused 4ms, total 4ms
02-03 12:43:35.831 D/dalvikvm(15954): GC_CONCURRENT freed 3806K, 46% free 9149K/16912K, paused 1ms+1ms, total 5ms
02-03 12:43:35.831 D/dalvikvm(15954): WAIT_FOR_CONCURRENT_GC blocked 4ms
02-03 12:43:35.841 D/dalvikvm(15954): GC_CONCURRENT freed 4033K, 46% free 9152K/16912K, paused 0ms+1ms, total 4ms
02-03 12:43:35.841 D/dalvikvm(15954): WAIT_FOR_CONCURRENT_GC blocked 4ms
02-03 12:43:35.851 D/dalvikvm(15954): GC_CONCURRENT freed 4070K, 46% free 9156K/16912K, paused 1ms+1ms, total 5ms
02-03 12:43:35.851 D/dalvikvm(15954): WAIT_FOR_CONCURRENT_GC blocked 4ms
02-03 12:43:35.851 D/dalvikvm(15954): GC_FOR_ALLOC freed 3817K, 46% free 9252K/16912K, paused 4ms, total 4ms
02-03 12:43:35.861 D/dalvikvm(15954): GC_FOR_ALLOC freed 4143K, 47% free 9059K/16912K, paused 4ms, total 4ms
02-03 12:43:35.871 D/dalvikvm(15954): GC_FOR_ALLOC freed 3981K, 48% free 8963K/16912K, paused 3ms, total 4ms
02-03 12:43:35.871 D/dalvikvm(15954): GC_FOR_ALLOC freed 3712K, 46% free 9265K/16912K, paused 4ms, total 4ms
02-03 12:43:35.881 D/dalvikvm(15954): GC_CONCURRENT freed 3546K, 43% free 9770K/16912K, paused 1ms+1ms, total 6ms
02-03 12:43:35.881 D/dalvikvm(15954): WAIT_FOR_CONCURRENT_GC blocked 2ms
02-03 12:43:35.891 D/dalvikvm(15954): GC_CONCURRENT freed 4583K, 46% free 9172K/16912K, paused 1ms+0ms, total 5ms
02-03 12:43:35.891 D/dalvikvm(15954): WAIT_FOR_CONCURRENT_GC blocked 2ms
02-03 12:43:35.891 D/dalvikvm(15954): GC_FOR_ALLOC freed 4012K, 47% free 9072K/16912K, paused 4ms, total 4ms
02-03 12:43:35.901 D/dalvikvm(15954): GC_CONCURRENT freed 3944K, 46% free 9179K/16912K, paused 1ms+1ms, total 5ms
02-03 12:43:35.901 D/dalvikvm(15954): WAIT_FOR_CONCURRENT_GC blocked 4ms
02-03 12:43:35.911 D/dalvikvm(15954): GC_FOR_ALLOC freed 4080K, 47% free 9077K/16912K, paused 4ms, total 4ms
02-03 12:43:35.911 D/dalvikvm(15954): GC_CONCURRENT freed 3168K, 42% free 9815K/16912K, paused 0ms+1ms, total 6ms
02-03 12:43:35.911 D/dalvikvm(15954): WAIT_FOR_CONCURRENT_GC blocked 2ms
02-03 12:43:35.921 D/dalvikvm(15954): GC_FOR_ALLOC freed 4776K, 47% free 8976K/16912K, paused 3ms, total 3ms
02-03 12:43:35.931 D/dalvikvm(15954): GC_FOR_ALLOC freed 3963K, 47% free 9084K/16912K, paused 4ms, total 4ms
02-03 12:43:35.931 D/dalvikvm(15954): GC_CONCURRENT freed 3240K, 42% free 9839K/16912K, paused 0ms+1ms, total 6ms
02-03 12:43:35.931 D/dalvikvm(15954): WAIT_FOR_CONCURRENT_GC blocked 2ms
02-03 12:43:35.941 D/dalvikvm(15954): GC_CONCURRENT freed 4666K, 46% free 9198K/16912K, paused 1ms+1ms, total 5ms
02-03 12:43:35.941 D/dalvikvm(15954): WAIT_FOR_CONCURRENT_GC blocked 4ms
02-03 12:43:35.951 D/dalvikvm(15954): GC_FOR_ALLOC freed 4050K, 47% free 8982K/16912K, paused 4ms, total 4ms
02-03 12:43:35.951 D/dalvikvm(15954): GC_FOR_ALLOC freed 3858K, 47% free 8984K/16912K, paused 4ms, total 4ms
02-03 12:43:35.961 D/dalvikvm(15954): GC_FOR_ALLOC freed 3884K, 47% free 8985K/16912K, paused 4ms, total 4ms
02-03 12:43:35.971 D/dalvikvm(15954): GC_FOR_ALLOC freed 3910K, 47% free 8987K/16912K, paused 4ms, total 4ms
02-03 12:43:35.971 D/dalvikvm(15954): GC_FOR_ALLOC freed 3937K, 47% free 8988K/16912K, paused 4ms, total 4ms
02-03 12:43:35.981 D/dalvikvm(15954): GC_FOR_ALLOC freed 3963K, 47% free 8990K/16912K, paused 4ms, total 4ms
02-03 12:43:35.991 D/dalvikvm(15954): GC_FOR_ALLOC freed 3989K, 47% free 8991K/16912K, paused 4ms, total 4ms
02-03 12:43:35.991 D/dalvikvm(15954): GC_CONCURRENT freed 3673K, 45% free 9335K/16912K, paused 1ms+1ms, total 6ms
02-03 12:43:35.991 D/dalvikvm(15954): WAIT_FOR_CONCURRENT_GC blocked 2ms
02-03 12:43:36.001 D/dalvikvm(15954): GC_CONCURRENT freed 4153K, 46% free 9225K/16912K, paused 0ms+1ms, total 4ms
02-03 12:43:36.001 D/dalvikvm(15954): WAIT_FOR_CONCURRENT_GC blocked 3ms
02-03 12:43:36.011 D/dalvikvm(15954): GC_CONCURRENT freed 4067K, 46% free 9229K/16912K, paused 1ms+1ms, total 5ms
02-03 12:43:36.011 D/dalvikvm(15954): WAIT_FOR_CONCURRENT_GC blocked 4ms
02-03 12:43:36.011 D/dalvikvm(15954): GC_FOR_ALLOC freed 3743K, 45% free 9348K/16912K, paused 4ms, total 4ms
02-03 12:43:36.021 D/dalvikvm(15954): GC_FOR_ALLOC freed 4123K, 47% free 9116K/16912K, paused 4ms, total 4ms
02-03 12:43:36.031 D/dalvikvm(15954): GC_FOR_ALLOC freed 3914K, 47% free 9001K/16912K, paused 4ms, total 4ms
02-03 12:43:36.031 D/dalvikvm(15954): GC_FOR_ALLOC freed 3581K, 45% free 9360K/16912K, paused 4ms, total 4ms
02-03 12:43:36.041 D/dalvikvm(15954): GC_FOR_ALLOC freed 4205K, 47% free 9124K/16912K, paused 4ms, total 4ms
02-03 12:43:36.051 D/dalvikvm(15954): GC_CONCURRENT freed 3391K, 44% free 9607K/16912K, paused 1ms+1ms, total 6ms
02-03 12:43:36.051 D/dalvikvm(15954): WAIT_FOR_CONCURRENT_GC blocked 2ms
02-03 12:43:36.051 D/dalvikvm(15954): GC_FOR_ALLOC freed 4252K, 45% free 9372K/16912K, paused 4ms, total 4ms
02-03 12:43:36.061 D/dalvikvm(15954): GC_CONCURRENT freed 3434K, 41% free 9984K/16912K, paused 1ms+1ms, total 6ms
02-03 12:43:36.061 D/dalvikvm(15954): WAIT_FOR_CONCURRENT_GC blocked 1ms
02-03 12:43:36.071 D/dalvikvm(15954): GC_FOR_ALLOC freed 4304K, 45% free 9379K/16912K, paused 4ms, total 4ms
02-03 12:43:36.071 D/dalvikvm(15954): GC_FOR_ALLOC freed 4092K, 47% free 9011K/16912K, paused 4ms, total 4ms
02-03 12:43:36.081 D/dalvikvm(15954): GC_FOR_ALLOC freed 3742K, 46% free 9137K/16912K, paused 4ms, total 4ms
02-03 12:43:36.091 D/dalvikvm(15954): GC_CONCURRENT freed 3891K, 46% free 9266K/16912K, paused 0ms+1ms, total 4ms
02-03 12:43:36.091 D/dalvikvm(15954): WAIT_FOR_CONCURRENT_GC blocked 4ms
02-03 12:43:36.091 D/dalvikvm(15954): GC_FOR_ALLOC freed 4039K, 46% free 9142K/16912K, paused 4ms, total 4ms
02-03 12:43:36.101 D/dalvikvm(15954): GC_CONCURRENT freed 3938K, 46% free 9272K/16912K, paused 0ms+1ms, total 4ms
02-03 12:43:36.101 D/dalvikvm(15954): WAIT_FOR_CONCURRENT_GC blocked 4ms
02-03 12:43:36.111 D/dalvikvm(15954): GC_FOR_ALLOC freed 4087K, 46% free 9146K/16912K, paused 4ms, total 4ms
02-03 12:43:36.121 D/dalvikvm(15954): GC_FOR_ALLOC freed 3596K, 45% free 9405K/16912K, paused 4ms, total 4ms
02-03 12:43:36.121 D/dalvikvm(15954): GC_FOR_ALLOC freed 4263K, 47% free 9022K/16912K, paused 4ms, total 4ms
02-03 12:43:36.131 D/dalvikvm(15954): GC_FOR_ALLOC freed 3897K, 46% free 9153K/16912K, paused 4ms, total 4ms
02-03 12:43:36.131 D/dalvikvm(15954): GC_CONCURRENT freed 3007K, 41% free 10066K/16912K, paused 1ms+1ms, total 6ms
02-03 12:43:36.131 D/dalvikvm(15954): WAIT_FOR_CONCURRENT_GC blocked 2ms
02-03 12:43:36.141 D/dalvikvm(15954): GC_FOR_ALLOC freed 4325K, 45% free 9419K/16912K, paused 4ms, total 4ms
02-03 12:43:36.151 D/dalvikvm(15954): GC_FOR_ALLOC freed 4356K, 47% free 9027K/16912K, paused 4ms, total 4ms
02-03 12:43:36.151 D/dalvikvm(15954): GC_FOR_ALLOC freed 3716K, 47% free 9029K/16912K, paused 4ms, total 4ms
02-03 12:43:36.161 D/dalvikvm(15954): GC_FOR_ALLOC freed 3735K, 47% free 9030K/16912K, paused 4ms, total 4ms
02-03 12:43:36.171 D/dalvikvm(15954): GC_FOR_ALLOC freed 3754K, 47% free 9031K/16912K, paused 4ms, total 4ms
02-03 12:43:36.171 D/dalvikvm(15954): GC_FOR_ALLOC freed 3773K, 47% free 9033K/16912K, paused 4ms, total 4ms
02-03 12:43:36.181 D/dalvikvm(15954): GC_FOR_ALLOC freed 3792K, 47% free 9034K/16912K, paused 4ms, total 4ms
02-03 12:43:36.191 D/dalvikvm(15954): GC_FOR_ALLOC freed 3811K, 47% free 9036K/16912K, paused 4ms, total 4ms
02-03 12:43:36.191 D/dalvikvm(15954): GC_FOR_ALLOC freed 3830K, 47% free 9037K/16912K, paused 4ms, total 4ms
02-03 12:43:36.201 D/dalvikvm(15954): GC_FOR_ALLOC freed 3849K, 47% free 9038K/16912K, paused 4ms, total 4ms
02-03 12:43:36.201 D/dalvikvm(15954): GC_FOR_ALLOC freed 3867K, 47% free 9040K/16912K, paused 3ms, total 3ms
02-03 12:43:36.211 D/dalvikvm(15954): GC_FOR_ALLOC freed 3886K, 47% free 9041K/16912K, paused 4ms, total 4ms
02-03 12:43:36.221 D/dalvikvm(15954): GC_FOR_ALLOC freed 3905K, 47% free 9042K/16912K, paused 4ms, total 4ms
02-03 12:43:36.221 D/dalvikvm(15954): GC_FOR_ALLOC freed 3924K, 47% free 9044K/16912K, paused 4ms, total 4ms
02-03 12:43:36.231 D/dalvikvm(15954): GC_FOR_ALLOC freed 3943K, 47% free 9045K/16912K, paused 4ms, total 4ms
02-03 12:43:36.241 D/dalvikvm(15954): GC_FOR_ALLOC freed 3961K, 47% free 9046K/16912K, paused 3ms, total 4ms
02-03 12:43:36.241 D/dalvikvm(15954): GC_CONCURRENT freed 3696K, 45% free 9332K/16912K, paused 1ms+1ms, total 5ms
02-03 12:43:36.241 D/dalvikvm(15954): WAIT_FOR_CONCURRENT_GC blocked 4ms
02-03 12:43:36.251 D/dalvikvm(15954): GC_CONCURRENT freed 3998K, 45% free 9335K/16912K, paused 1ms+1ms, total 5ms
02-03 12:43:36.251 D/dalvikvm(15954): WAIT_FOR_CONCURRENT_GC blocked 4ms
02-03 12:43:36.261 D/dalvikvm(15954): GC_CONCURRENT freed 4017K, 45% free 9337K/16912K, paused 1ms+1ms, total 5ms
02-03 12:43:36.261 D/dalvikvm(15954): WAIT_FOR_CONCURRENT_GC blocked 4ms
02-03 12:43:36.271 D/dalvikvm(15954): GC_CONCURRENT freed 4035K, 45% free 9340K/16912K, paused 1ms+0ms, total 5ms
02-03 12:43:36.271 D/dalvikvm(15954): WAIT_FOR_CONCURRENT_GC blocked 4ms
02-03 12:43:36.271 D/dalvikvm(15954): GC_CONCURRENT freed 4054K, 45% free 9343K/16912K, paused 0ms+1ms, total 4ms
02-03 12:43:36.271 D/dalvikvm(15954): WAIT_FOR_CONCURRENT_GC blocked 4ms
02-03 12:43:36.281 D/dalvikvm(15954): GC_CONCURRENT freed 4073K, 45% free 9345K/16912K, paused 1ms+1ms, total 6ms
02-03 12:43:36.281 D/dalvikvm(15954): WAIT_FOR_CONCURRENT_GC blocked 5ms
02-03 12:43:36.291 D/dalvikvm(15954): GC_CONCURRENT freed 4092K, 45% free 9348K/16912K, paused 1ms+1ms, total 5ms
02-03 12:43:36.291 D/dalvikvm(15954): WAIT_FOR_CONCURRENT_GC blocked 4ms
02-03 12:43:36.301 D/dalvikvm(15954): GC_FOR_ALLOC freed 3668K, 44% free 9497K/16912K, paused 3ms, total 3ms
02-03 12:43:36.301 D/dalvikvm(15954): GC_FOR_ALLOC freed 4127K, 46% free 9205K/16912K, paused 4ms, total 4ms
02-03 12:43:36.311 D/dalvikvm(15954): GC_FOR_ALLOC freed 3850K, 47% free 9059K/16912K, paused 4ms, total 4ms
02-03 12:43:36.321 D/dalvikvm(15954): GC_FOR_ALLOC freed 3418K, 44% free 9506K/16912K, paused 4ms, total 4ms
02-03 12:43:36.321 D/dalvikvm(15954): GC_FOR_ALLOC freed 4179K, 46% free 9211K/16912K, paused 4ms, total 4ms
02-03 12:43:36.331 D/dalvikvm(15954): GC_FOR_ALLOC freed 3898K, 47% free 9063K/16912K, paused 4ms, total 4ms
02-03 12:43:36.341 D/dalvikvm(15954): GC_FOR_ALLOC freed 3461K, 44% free 9515K/16912K, paused 4ms, total 4ms
02-03 12:43:36.341 D/dalvikvm(15954): GC_FOR_ALLOC freed 4231K, 46% free 9216K/16912K, paused 4ms, total 4ms
02-03 12:43:36.351 D/dalvikvm(15954): GC_FOR_ALLOC freed 3946K, 47% free 9067K/16912K, paused 4ms, total 4ms
02-03 12:43:36.361 D/dalvikvm(15954): GC_FOR_ALLOC freed 3503K, 44% free 9525K/16912K, paused 4ms, total 4ms
02-03 12:43:36.361 D/dalvikvm(15954): GC_CONCURRENT freed 4282K, 46% free 9222K/16912K, paused 0ms+1ms, total 4ms
02-03 12:43:36.361 D/dalvikvm(15954): WAIT_FOR_CONCURRENT_GC blocked 5ms
02-03 12:43:36.371 D/dalvikvm(15954): GC_FOR_ALLOC freed 3994K, 47% free 9071K/16912K, paused 4ms, total 4ms
02-03 12:43:36.381 D/dalvikvm(15954): GC_FOR_ALLOC freed 3546K, 44% free 9534K/16912K, paused 4ms, total 4ms
02-03 12:43:36.381 D/dalvikvm(15954): GC_CONCURRENT freed 3254K, 40% free 10307K/16912K, paused 1ms+2ms, total 7ms
02-03 12:43:36.381 D/dalvikvm(15954): WAIT_FOR_CONCURRENT_GC blocked 3ms
02-03 12:43:36.391 D/dalvikvm(15954): GC_FOR_ALLOC freed 4343K, 46% free 9229K/16912K, paused 3ms, total 3ms
02-03 12:43:36.401 D/dalvikvm(15954): GC_FOR_ALLOC freed 4055K, 47% free 9075K/16912K, paused 4ms, total 4ms
02-03 12:43:36.401 D/dalvikvm(15954): GC_FOR_ALLOC freed 3600K, 44% free 9546K/16912K, paused 3ms, total 3ms
02-03 12:43:36.411 D/dalvikvm(15954): GC_CONCURRENT freed 3304K, 39% free 10331K/16912K, paused 0ms+1ms, total 6ms
02-03 12:43:36.411 D/dalvikvm(15954): WAIT_FOR_CONCURRENT_GC blocked 2ms
02-03 12:43:36.421 D/dalvikvm(15954): GC_FOR_ALLOC freed 4093K, 47% free 9079K/16912K, paused 4ms, total 4ms
02-03 12:43:36.421 D/dalvikvm(15954): GC_FOR_ALLOC freed 3639K, 46% free 9237K/16912K, paused 4ms, total 4ms
02-03 12:43:36.431 D/dalvikvm(15954): GC_CONCURRENT freed 3812K, 45% free 9399K/16912K, paused 1ms+0ms, total 5ms
02-03 12:43:36.431 D/dalvikvm(15954): WAIT_FOR_CONCURRENT_GC blocked 4ms
02-03 12:43:36.441 D/dalvikvm(15954): GC_FOR_ALLOC freed 3983K, 46% free 9241K/16912K, paused 3ms, total 4ms
02-03 12:43:36.441 D/dalvikvm(15954): GC_CONCURRENT freed 3841K, 45% free 9404K/16912K, paused 1ms+1ms, total 5ms
02-03 12:43:36.441 D/dalvikvm(15954): WAIT_FOR_CONCURRENT_GC blocked 4ms
02-03 12:43:36.451 D/dalvikvm(15954): GC_FOR_ALLOC freed 4015K, 46% free 9245K/16912K, paused 3ms, total 3ms
02-03 12:43:36.461 D/dalvikvm(15954): GC_CONCURRENT freed 3870K, 45% free 9408K/16912K, paused 0ms+1ms, total 5ms
02-03 12:43:36.461 D/dalvikvm(15954): WAIT_FOR_CONCURRENT_GC blocked 4ms
02-03 12:43:36.461 D/dalvikvm(15954): GC_FOR_ALLOC freed 4045K, 46% free 9248K/16912K, paused 4ms, total 4ms
02-03 12:43:36.471 D/dalvikvm(15954): GC_CONCURRENT freed 3899K, 45% free 9413K/16912K, paused 1ms+1ms, total 5ms
02-03 12:43:36.471 D/dalvikvm(15954): WAIT_FOR_CONCURRENT_GC blocked 4ms
02-03 12:43:36.481 D/dalvikvm(15954): GC_FOR_ALLOC freed 4075K, 46% free 9252K/16912K, paused 4ms, total 4ms
02-03 12:43:36.491 D/dalvikvm(15954): GC_CONCURRENT freed 3929K, 45% free 9418K/16912K, paused 1ms+1ms, total 5ms
02-03 12:43:36.491 D/dalvikvm(15954): WAIT_FOR_CONCURRENT_GC blocked 4ms
02-03 12:43:36.491 D/dalvikvm(15954): GC_FOR_ALLOC freed 4108K, 46% free 9256K/16912K, paused 4ms, total 4ms
02-03 12:43:36.501 D/dalvikvm(15954): GC_FOR_ALLOC freed 3464K, 44% free 9587K/16912K, paused 3ms, total 3ms
02-03 12:43:36.511 D/dalvikvm(15954): GC_FOR_ALLOC freed 4304K, 47% free 9094K/16912K, paused 4ms, total 4ms
02-03 12:43:36.511 D/dalvikvm(15954): GC_CONCURRENT freed 3818K, 46% free 9261K/16912K, paused 1ms+1ms, total 5ms
02-03 12:43:36.511 D/dalvikvm(15954): WAIT_FOR_CONCURRENT_GC blocked 4ms
02-03 12:43:36.521 D/dalvikvm(15954): GC_FOR_ALLOC freed 3497K, 44% free 9595K/16912K, paused 4ms, total 4ms
02-03 12:43:36.531 D/dalvikvm(15954): GC_FOR_ALLOC freed 4343K, 47% free 9097K/16912K, paused 4ms, total 4ms
02-03 12:43:36.531 D/dalvikvm(15954): GC_CONCURRENT freed 3852K, 46% free 9266K/16912K, paused 1ms+0ms, total 5ms
02-03 12:43:36.531 D/dalvikvm(15954): WAIT_FOR_CONCURRENT_GC blocked 4ms
02-03 12:43:36.541 D/dalvikvm(15954): GC_FOR_ALLOC freed 3528K, 44% free 9603K/16912K, paused 3ms, total 3ms
02-03 12:43:36.551 D/dalvikvm(15954): GC_FOR_ALLOC freed 4381K, 47% free 9100K/16912K, paused 4ms, total 4ms
02-03 12:43:36.551 D/dalvikvm(15954): GC_FOR_ALLOC freed 3921K, 47% free 9101K/16912K, paused 4ms, total 4ms
02-03 12:43:36.561 D/dalvikvm(15954): GC_FOR_ALLOC freed 3389K, 44% free 9620K/16912K, paused 4ms, total 4ms
02-03 12:43:36.571 D/dalvikvm(15954): GC_FOR_ALLOC freed 3745K, 44% free 9631K/16912K, paused 4ms, total 4ms
02-03 12:43:36.581 D/dalvikvm(15954): GC_FOR_ALLOC freed 3673K, 47% free 9131K/16912K, paused 4ms, total 4ms
02-03 12:43:36.581 D/dalvikvm(15954): GC_FOR_ALLOC freed <1K, 40% free 10155K/16912K, paused 2ms, total 2ms
02-03 12:43:36.581 I/dalvikvm-heap(15954): Grow heap (frag case) to 10.959MB for 1048592-byte allocation
02-03 12:43:36.591 D/dalvikvm(15954): GC_FOR_ALLOC freed 0K, 38% free 11179K/17940K, paused 2ms, total 2ms
02-03 12:43:36.681 D/dalvikvm(15954): GC_CONCURRENT freed 6350K, 43% free 8915K/15588K, paused 1ms+1ms, total 19ms
02-03 12:43:36.681 D/dalvikvm(15954): WAIT_FOR_CONCURRENT_GC blocked 18ms
02-03 12:43:36.691 D/dalvikvm(15954): GC_CONCURRENT freed 3977K, 43% free 9024K/15588K, paused 0ms+1ms, total 4ms
02-03 12:43:36.691 D/dalvikvm(15954): WAIT_FOR_CONCURRENT_GC blocked 4ms
02-03 12:43:36.701 D/dalvikvm(15954): GC_CONCURRENT freed 4139K, 43% free 8954K/15588K, paused 0ms+1ms, total 4ms
02-03 12:43:36.701 D/dalvikvm(15954): WAIT_FOR_CONCURRENT_GC blocked 5ms
02-03 12:43:36.701 D/dalvikvm(15954): GC_CONCURRENT freed 4100K, 43% free 8934K/15588K, paused 1ms+1ms, total 5ms
02-03 12:43:36.701 D/dalvikvm(15954): WAIT_FOR_CONCURRENT_GC blocked 4ms
02-03 12:43:36.711 D/dalvikvm(15954): GC_CONCURRENT freed 3928K, 42% free 9086K/15588K, paused 1ms+1ms, total 5ms
02-03 12:43:36.711 D/dalvikvm(15954): WAIT_FOR_CONCURRENT_GC blocked 4ms
02-03 12:43:36.721 D/dalvikvm(15954): GC_CONCURRENT freed 4060K, 42% free 9098K/15588K, paused 0ms+1ms, total 5ms
02-03 12:43:36.721 D/dalvikvm(15954): WAIT_FOR_CONCURRENT_GC blocked 4ms
02-03 12:43:36.731 D/dalvikvm(15954): GC_CONCURRENT freed 4081K, 42% free 9113K/15588K, paused 0ms+1ms, total 5ms
02-03 12:43:36.731 D/dalvikvm(15954): WAIT_FOR_CONCURRENT_GC blocked 5ms
02-03 12:43:36.741 D/dalvikvm(15954): GC_FOR_ALLOC freed 4172K, 43% free 8979K/15588K, paused 4ms, total 4ms
02-03 12:43:36.741 D/dalvikvm(15954): GC_CONCURRENT freed 3874K, 42% free 9192K/15588K, paused 0ms+1ms, total 5ms
02-03 12:43:36.741 D/dalvikvm(15954): WAIT_FOR_CONCURRENT_GC blocked 1ms
02-03 12:43:36.751 D/dalvikvm(15954): GC_FOR_ALLOC freed 4227K, 43% free 9008K/15588K, paused 5ms, total 5ms
02-03 12:43:36.761 D/dalvikvm(15954): GC_CONCURRENT freed 3821K, 42% free 9171K/15588K, paused 0ms+1ms, total 6ms
02-03 12:43:36.761 D/dalvikvm(15954): WAIT_FOR_CONCURRENT_GC blocked 2ms
02-03 12:43:36.761 D/dalvikvm(15954): GC_CONCURRENT freed 4106K, 42% free 9062K/15588K, paused 0ms+1ms, total 5ms
02-03 12:43:36.761 D/dalvikvm(15954): WAIT_FOR_CONCURRENT_GC blocked 5ms
02-03 12:43:36.771 D/dalvikvm(15954): GC_FOR_ALLOC freed 4030K, 42% free 9111K/15588K, paused 4ms, total 4ms
02-03 12:43:36.781 D/dalvikvm(15954): GC_CONCURRENT freed 3676K, 40% free 9441K/15588K, paused 1ms+1ms, total 6ms
02-03 12:43:36.781 D/dalvikvm(15954): WAIT_FOR_CONCURRENT_GC blocked 2ms
02-03 12:43:36.781 D/dalvikvm(15954): GC_CONCURRENT freed 4477K, 43% free 9021K/15588K, paused 1ms+1ms, total 5ms
02-03 12:43:36.791 D/dalvikvm(15954): GC_FOR_ALLOC freed 3939K, 42% free 9125K/15588K, paused 4ms, total 4ms
02-03 12:43:36.801 D/dalvikvm(15954): GC_CONCURRENT freed 154K, 42% free 9074K/15588K, paused 0ms+1ms, total 4ms
02-03 12:43:36.801 D/dalvikvm(15954): GC_CONCURRENT freed 4068K, 42% free 9081K/15588K, paused 1ms+1ms, total 5ms
02-03 12:43:36.801 D/dalvikvm(15954): WAIT_FOR_CONCURRENT_GC blocked 4ms
02-03 12:43:36.811 D/dalvikvm(15954): GC_FOR_ALLOC freed 4030K, 42% free 9137K/15588K, paused 4ms, total 4ms
02-03 12:43:36.821 D/dalvikvm(15954): GC_CONCURRENT freed 3820K, 40% free 9357K/15588K, paused 0ms+1ms, total 6ms
02-03 12:43:36.821 D/dalvikvm(15954): WAIT_FOR_CONCURRENT_GC blocked 2ms
02-03 12:43:36.831 D/dalvikvm(15954): GC_CONCURRENT freed 4297K, 42% free 9124K/15588K, paused 0ms+1ms, total 5ms
02-03 12:43:36.831 D/dalvikvm(15954): WAIT_FOR_CONCURRENT_GC blocked 5ms
02-03 12:43:36.831 D/dalvikvm(15954): GC_FOR_ALLOC freed 3955K, 42% free 9184K/15588K, paused 4ms, total 4ms
02-03 12:43:36.841 D/dalvikvm(15954): GC_CONCURRENT freed 3696K, 40% free 9421K/15588K, paused 1ms+1ms, total 6ms
02-03 12:43:36.841 D/dalvikvm(15954): WAIT_FOR_CONCURRENT_GC blocked 2ms
02-03 12:43:36.851 D/dalvikvm(15954): GC_FOR_ALLOC freed 4439K, 42% free 9065K/15588K, paused 4ms, total 4ms
02-03 12:43:36.851 D/dalvikvm(15954): GC_CONCURRENT freed 3549K, 40% free 9502K/15588K, paused 1ms+1ms, total 6ms
02-03 12:43:36.851 D/dalvikvm(15954): WAIT_FOR_CONCURRENT_GC blocked 2ms
02-03 12:43:36.861 D/dalvikvm(15954): GC_CONCURRENT freed 4506K, 42% free 9065K/15588K, paused 1ms+1ms, total 5ms
02-03 12:43:36.861 D/dalvikvm(15954): WAIT_FOR_CONCURRENT_GC blocked 4ms
02-03 12:43:36.871 D/dalvikvm(15954): GC_FOR_ALLOC freed 4022K, 43% free 9000K/15588K, paused 4ms, total 4ms
02-03 12:43:36.871 D/dalvikvm(15954): GC_FOR_ALLOC freed 3898K, 42% free 9065K/15588K, paused 4ms, total 4ms
02-03 12:43:36.881 D/dalvikvm(15954): GC_FOR_ALLOC freed 3832K, 41% free 9202K/15588K, paused 5ms, total 5ms
02-03 12:43:36.891 D/dalvikvm(15954): GC_CONCURRENT freed 3769K, 39% free 9508K/15588K, paused 1ms+1ms, total 6ms
02-03 12:43:36.891 D/dalvikvm(15954): WAIT_FOR_CONCURRENT_GC blocked 1ms
02-03 12:43:36.901 D/dalvikvm(15954): GC_FOR_ALLOC freed 4453K, 43% free 9026K/15588K, paused 4ms, total 4ms
02-03 12:43:36.901 D/dalvikvm(15954): GC_CONCURRENT freed 3825K, 41% free 9238K/15588K, paused 1ms+1ms, total 6ms
02-03 12:43:36.901 D/dalvikvm(15954): WAIT_FOR_CONCURRENT_GC blocked 1ms
02-03 12:43:36.911 D/dalvikvm(15954): GC_FOR_ALLOC freed 3950K, 41% free 9242K/15588K, paused 4ms, total 4ms
02-03 12:43:36.921 D/dalvikvm(15954): GC_FOR_ALLOC freed 4166K, 42% free 9095K/15588K, paused 4ms, total 4ms
02-03 12:43:36.921 D/dalvikvm(15954): GC_CONCURRENT freed 3328K, 38% free 9770K/15588K, paused 1ms+1ms, total 6ms
02-03 12:43:36.931 D/dalvikvm(15954): GC_CONCURRENT freed 4665K, 42% free 9094K/15588K, paused 0ms+1ms, total 5ms
02-03 12:43:36.931 D/dalvikvm(15954): WAIT_FOR_CONCURRENT_GC blocked 5ms
02-03 12:43:36.941 D/dalvikvm(15954): GC_FOR_ALLOC freed 3811K, 41% free 9248K/15588K, paused 4ms, total 4ms
02-03 12:43:36.941 D/dalvikvm(15954): GC_CONCURRENT freed 4101K, 41% free 9203K/15588K, paused 0ms+1ms, total 4ms
02-03 12:43:36.941 D/dalvikvm(15954): WAIT_FOR_CONCURRENT_GC blocked 4ms
02-03 12:43:36.951 D/dalvikvm(15954): GC_FOR_ALLOC freed 4078K, 42% free 9044K/15588K, paused 4ms, total 4ms
02-03 12:43:36.961 D/dalvikvm(15954): GC_CONCURRENT freed 3808K, 41% free 9208K/15588K, paused 1ms+1ms, total 5ms
02-03 12:43:36.961 D/dalvikvm(15954): WAIT_FOR_CONCURRENT_GC blocked 3ms
02-03 12:43:36.971 D/dalvikvm(15954): GC_CONCURRENT freed 4022K, 41% free 9213K/15588K, paused 0ms+1ms, total 5ms
02-03 12:43:36.971 D/dalvikvm(15954): WAIT_FOR_CONCURRENT_GC blocked 5ms
02-03 12:43:36.971 D/dalvikvm(15954): GC_CONCURRENT freed 4076K, 41% free 9217K/15588K, paused 0ms+1ms, total 4ms
02-03 12:43:36.971 D/dalvikvm(15954): WAIT_FOR_CONCURRENT_GC blocked 4ms
02-03 12:43:36.981 D/dalvikvm(15954): GC_FOR_ALLOC freed 3879K, 41% free 9301K/15588K, paused 4ms, total 4ms
02-03 12:43:36.991 D/dalvikvm(15954): GC_CONCURRENT freed 4182K, 42% free 9132K/15588K, paused 0ms+0ms, total 5ms
02-03 12:43:36.991 D/dalvikvm(15954): WAIT_FOR_CONCURRENT_GC blocked 5ms
02-03 12:43:37.001 D/dalvikvm(15954): GC_CONCURRENT freed 3888K, 41% free 9217K/15588K, paused 1ms+1ms, total 5ms
02-03 12:43:37.001 D/dalvikvm(15954): WAIT_FOR_CONCURRENT_GC blocked 4ms
02-03 12:43:37.001 D/dalvikvm(15954): GC_FOR_ALLOC freed 4012K, 42% free 9133K/15588K, paused 4ms, total 4ms
02-03 12:43:37.011 D/dalvikvm(15954): GC_FOR_ALLOC freed 4151K, 42% free 9044K/15588K, paused 4ms, total 4ms
02-03 12:43:37.011 D/dalvikvm(15954): GC_CONCURRENT freed 3217K, 37% free 9843K/15588K, paused 1ms+1ms, total 5ms
02-03 12:43:37.011 D/dalvikvm(15954): WAIT_FOR_CONCURRENT_GC blocked 1ms
02-03 12:43:37.021 D/dalvikvm(15954): GC_FOR_ALLOC freed 3860K, 42% free 9137K/15588K, paused 4ms, total 4ms
02-03 12:43:37.031 D/dalvikvm(15954): GC_FOR_ALLOC freed 3634K, 42% free 9049K/15588K, paused 4ms, total 4ms
02-03 12:43:37.031 D/dalvikvm(15954): GC_FOR_ALLOC freed 3852K, 42% free 9051K/15588K, paused 4ms, total 4ms
02-03 12:43:37.041 D/dalvikvm(15954): GC_FOR_ALLOC freed 3890K, 42% free 9053K/15588K, paused 4ms, total 4ms
02-03 12:43:37.051 D/dalvikvm(15954): GC_FOR_ALLOC freed 3928K, 42% free 9055K/15588K, paused 4ms, total 4ms
02-03 12:43:37.051 D/dalvikvm(15954): GC_FOR_ALLOC freed 3965K, 42% free 9056K/15588K, paused 4ms, total 4ms
02-03 12:43:37.061 D/dalvikvm(15954): GC_FOR_ALLOC freed 4003K, 42% free 9058K/15588K, paused 4ms, total 4ms
02-03 12:43:37.071 D/dalvikvm(15954): GC_CONCURRENT freed 3371K, 38% free 9730K/15588K, paused 1ms+1ms, total 6ms
02-03 12:43:37.071 D/dalvikvm(15954): WAIT_FOR_CONCURRENT_GC blocked 2ms
02-03 12:43:37.071 D/dalvikvm(15954): GC_FOR_ALLOC freed 4066K, 42% free 9061K/15588K, paused 4ms, total 4ms
02-03 12:43:37.081 D/dalvikvm(15954): GC_FOR_ALLOC freed 3618K, 40% free 9356K/15588K, paused 4ms, total 4ms
02-03 12:43:37.091 D/dalvikvm(15954): GC_FOR_ALLOC freed 4143K, 42% free 9163K/15588K, paused 4ms, total 4ms
02-03 12:43:37.091 D/dalvikvm(15954): GC_FOR_ALLOC freed 3481K, 40% free 9365K/15588K, paused 4ms, total 4ms
02-03 12:43:37.101 D/dalvikvm(15954): GC_FOR_ALLOC freed 4011K, 42% free 9068K/15588K, paused 4ms, total 4ms
02-03 12:43:37.111 D/dalvikvm(15954): GC_FOR_ALLOC freed 3740K, 40% free 9373K/15588K, paused 4ms, total 4ms
02-03 12:43:37.111 D/dalvikvm(15954): GC_CONCURRENT freed 3368K, 38% free 9781K/15588K, paused 1ms+1ms, total 5ms
02-03 12:43:37.111 D/dalvikvm(15954): WAIT_FOR_CONCURRENT_GC blocked 1ms
02-03 12:43:37.121 D/dalvikvm(15954): GC_FOR_ALLOC freed 3790K, 42% free 9175K/15588K, paused 4ms, total 4ms
02-03 12:43:37.131 D/dalvikvm(15954): GC_FOR_ALLOC freed 3620K, 40% free 9384K/15588K, paused 4ms, total 4ms
02-03 12:43:37.131 D/dalvikvm(15954): GC_FOR_ALLOC freed 4171K, 42% free 9076K/15588K, paused 4ms, total 4ms
02-03 12:43:37.141 D/dalvikvm(15954): GC_FOR_ALLOC freed 3891K, 42% free 9183K/15588K, paused 4ms, total 4ms
02-03 12:43:37.151 D/dalvikvm(15954): GC_CONCURRENT freed 3182K, 37% free 9923K/15588K, paused 1ms+1ms, total 6ms
02-03 12:43:37.151 D/dalvikvm(15954): WAIT_FOR_CONCURRENT_GC blocked 2ms
02-03 12:43:37.151 D/dalvikvm(15954): GC_FOR_ALLOC freed 3511K, 40% free 9400K/15588K, paused 4ms, total 4ms
02-03 12:43:37.161 D/dalvikvm(15954): GC_FOR_ALLOC freed 3755K, 42% free 9189K/15588K, paused 4ms, total 4ms
02-03 12:43:37.161 D/dalvikvm(15954): GC_FOR_ALLOC freed 3781K, 42% free 9191K/15588K, paused 4ms, total 4ms
02-03 12:43:37.171 D/dalvikvm(15954): GC_FOR_ALLOC freed 3807K, 42% free 9193K/15588K, paused 4ms, total 4ms
02-03 12:43:37.181 D/dalvikvm(15954): GC_FOR_ALLOC freed 3834K, 42% free 9196K/15588K, paused 4ms, total 4ms
02-03 12:43:37.191 D/dalvikvm(15954): GC_FOR_ALLOC freed 3639K, 42% free 9088K/15588K, paused 5ms, total 5ms
02-03 12:43:37.191 D/dalvikvm(15954): GC_FOR_ALLOC freed 3327K, 40% free 9422K/15588K, paused 4ms, total 4ms
02-03 12:43:37.201 D/dalvikvm(15954): GC_FOR_ALLOC freed 3123K, 40% free 9425K/15588K, paused 5ms, total 5ms
02-03 12:43:37.201 D/dalvikvm(15954): GC_FOR_ALLOC freed 3140K, 40% free 9428K/15588K, paused 4ms, total 4ms
02-03 12:43:37.211 D/dalvikvm(15954): GC_FOR_ALLOC freed 3157K, 40% free 9431K/15588K, paused 4ms, total 4ms
02-03 12:43:37.221 D/dalvikvm(15954): GC_FOR_ALLOC freed 3173K, 40% free 9434K/15588K, paused 4ms, total 4ms
02-03 12:43:37.221 D/dalvikvm(15954): GC_FOR_ALLOC freed 3190K, 40% free 9437K/15588K, paused 4ms, total 4ms
02-03 12:43:37.231 D/dalvikvm(15954): GC_FOR_ALLOC freed 3207K, 40% free 9440K/15588K, paused 5ms, total 5ms
02-03 12:43:37.241 D/dalvikvm(15954): GC_FOR_ALLOC freed 3224K, 40% free 9443K/15588K, paused 4ms, total 4ms
02-03 12:43:37.241 D/dalvikvm(15954): GC_FOR_ALLOC freed 3240K, 40% free 9446K/15588K, paused 4ms, total 4ms
02-03 12:43:37.251 D/dalvikvm(15954): GC_FOR_ALLOC freed 3258K, 40% free 9449K/15588K, paused 4ms, total 4ms
02-03 12:43:37.251 D/dalvikvm(15954): GC_FOR_ALLOC freed 3277K, 40% free 9452K/15588K, paused 4ms, total 4ms
02-03 12:43:37.261 D/dalvikvm(15954): GC_FOR_ALLOC freed 3296K, 40% free 9456K/15588K, paused 4ms, total 4ms
02-03 12:43:37.271 D/dalvikvm(15954): GC_FOR_ALLOC freed 3315K, 40% free 9459K/15588K, paused 4ms, total 4ms
02-03 12:43:37.271 D/dalvikvm(15954): GC_FOR_ALLOC freed 3333K, 40% free 9462K/15588K, paused 4ms, total 4ms
02-03 12:43:37.281 D/dalvikvm(15954): GC_FOR_ALLOC freed 3352K, 40% free 9466K/15588K, paused 5ms, total 5ms
02-03 12:43:37.291 D/dalvikvm(15954): GC_FOR_ALLOC freed 3371K, 40% free 9469K/15588K, paused 4ms, total 4ms
02-03 12:43:37.291 D/dalvikvm(15954): GC_FOR_ALLOC freed 3390K, 41% free 9230K/15588K, paused 4ms, total 4ms
02-03 12:43:37.301 D/dalvikvm(15954): GC_FOR_ALLOC freed 3409K, 41% free 9232K/15588K, paused 4ms, total 4ms
02-03 12:43:37.311 D/dalvikvm(15954): GC_FOR_ALLOC freed 3427K, 41% free 9234K/15588K, paused 5ms, total 5ms
02-03 12:43:37.311 D/dalvikvm(15954): GC_FOR_ALLOC freed 3446K, 41% free 9236K/15588K, paused 4ms, total 4ms
02-03 12:43:37.321 D/dalvikvm(15954): GC_FOR_ALLOC freed 3465K, 41% free 9238K/15588K, paused 4ms, total 4ms
02-03 12:43:37.331 D/dalvikvm(15954): GC_FOR_ALLOC freed 3484K, 41% free 9240K/15588K, paused 4ms, total 4ms
02-03 12:43:37.331 D/dalvikvm(15954): GC_FOR_ALLOC freed 3503K, 41% free 9242K/15588K, paused 4ms, total 4ms
02-03 12:43:37.341 D/dalvikvm(15954): GC_FOR_ALLOC freed 3522K, 41% free 9244K/15588K, paused 4ms, total 5ms
02-03 12:43:37.341 D/dalvikvm(15954): GC_FOR_ALLOC freed 3287K, 42% free 9120K/15588K, paused 4ms, total 4ms
02-03 12:43:37.351 D/dalvikvm(15954): GC_FOR_ALLOC freed 3558K, 42% free 9121K/15588K, paused 4ms, total 4ms
02-03 12:43:37.361 D/dalvikvm(15954): GC_FOR_ALLOC freed 3577K, 42% free 9123K/15588K, paused 4ms, total 5ms
02-03 12:43:37.361 D/dalvikvm(15954): GC_FOR_ALLOC freed 3595K, 42% free 9124K/15588K, paused 4ms, total 4ms
02-03 12:43:37.371 D/dalvikvm(15954): GC_FOR_ALLOC freed 3613K, 42% free 9125K/15588K, paused 4ms, total 4ms
02-03 12:43:37.381 D/dalvikvm(15954): GC_FOR_ALLOC freed 3632K, 42% free 9127K/15588K, paused 4ms, total 4ms
02-03 12:43:37.381 D/dalvikvm(15954): GC_FOR_ALLOC freed 3651K, 42% free 9128K/15588K, paused 5ms, total 5ms
02-03 12:43:37.391 D/dalvikvm(15954): GC_FOR_ALLOC freed 3669K, 42% free 9129K/15588K, paused 4ms, total 4ms
02-03 12:43:37.401 D/dalvikvm(15954): GC_FOR_ALLOC freed 3688K, 42% free 9131K/15588K, paused 4ms, total 4ms
02-03 12:43:37.401 D/dalvikvm(15954): GC_FOR_ALLOC freed 3707K, 42% free 9132K/15588K, paused 4ms, total 4ms
02-03 12:43:37.411 D/dalvikvm(15954): GC_FOR_ALLOC freed 3725K, 42% free 9133K/15588K, paused 4ms, total 4ms
02-03 12:43:37.421 D/dalvikvm(15954): GC_FOR_ALLOC freed 3744K, 42% free 9135K/15588K, paused 4ms, total 4ms
02-03 12:43:37.421 D/dalvikvm(15954): GC_FOR_ALLOC freed 3763K, 42% free 9136K/15588K, paused 4ms, total 4ms
02-03 12:43:37.431 D/dalvikvm(15954): GC_FOR_ALLOC freed 3783K, 42% free 9138K/15588K, paused 4ms, total 4ms
02-03 12:43:37.441 D/dalvikvm(15954): GC_FOR_ALLOC freed 3802K, 42% free 9139K/15588K, paused 4ms, total 4ms
02-03 12:43:37.441 D/dalvikvm(15954): GC_FOR_ALLOC freed 3820K, 42% free 9140K/15588K, paused 5ms, total 5ms
02-03 12:43:37.451 D/dalvikvm(15954): GC_FOR_ALLOC freed 3839K, 42% free 9142K/15588K, paused 4ms, total 4ms
02-03 12:43:37.461 D/dalvikvm(15954): GC_FOR_ALLOC freed 3858K, 42% free 9143K/15588K, paused 5ms, total 5ms
02-03 12:43:37.461 D/dalvikvm(15954): GC_FOR_ALLOC freed 3877K, 42% free 9144K/15588K, paused 4ms, total 4ms
02-03 12:43:37.471 D/dalvikvm(15954): GC_FOR_ALLOC freed 3198K, 39% free 9562K/15588K, paused 4ms, total 4ms
02-03 12:43:37.481 D/dalvikvm(15954): GC_FOR_ALLOC freed 3631K, 42% free 9147K/15588K, paused 4ms, total 4ms
02-03 12:43:37.481 D/dalvikvm(15954): GC_FOR_ALLOC freed 3225K, 39% free 9568K/15588K, paused 4ms, total 4ms
02-03 12:43:37.491 D/dalvikvm(15954): GC_FOR_ALLOC freed 3662K, 42% free 9149K/15588K, paused 4ms, total 4ms
02-03 12:43:37.501 D/dalvikvm(15954): GC_FOR_ALLOC freed 3252K, 41% free 9291K/15588K, paused 4ms, total 4ms
02-03 12:43:37.501 D/dalvikvm(15954): GC_FOR_ALLOC freed 2981K, 39% free 9576K/15588K, paused 4ms, total 4ms
02-03 12:43:37.511 D/dalvikvm(15954): GC_FOR_ALLOC freed 2991K, 39% free 9579K/15588K, paused 4ms, total 4ms
02-03 12:43:37.511 D/dalvikvm(15954): GC_FOR_ALLOC freed 3002K, 39% free 9581K/15588K, paused 4ms, total 4ms
02-03 12:43:37.521 D/dalvikvm(15954): GC_FOR_ALLOC freed 3013K, 39% free 9584K/15588K, paused 5ms, total 5ms
02-03 12:43:37.531 D/dalvikvm(15954): GC_FOR_ALLOC freed 3023K, 39% free 9587K/15588K, paused 5ms, total 5ms
02-03 12:43:37.531 D/dalvikvm(15954): GC_FOR_ALLOC freed 3034K, 39% free 9589K/15588K, paused 4ms, total 4ms
02-03 12:43:37.541 D/dalvikvm(15954): GC_FOR_ALLOC freed 3044K, 39% free 9592K/15588K, paused 4ms, total 4ms
02-03 12:43:37.551 D/dalvikvm(15954): GC_FOR_ALLOC freed 3055K, 39% free 9594K/15588K, paused 4ms, total 5ms
02-03 12:43:37.551 D/dalvikvm(15954): GC_FOR_ALLOC freed 3065K, 39% free 9597K/15588K, paused 4ms, total 4ms
02-03 12:43:37.561 D/dalvikvm(15954): GC_FOR_ALLOC freed 3076K, 41% free 9306K/15588K, paused 4ms, total 4ms
02-03 12:43:37.561 D/dalvikvm(15954): GC_FOR_ALLOC freed 3087K, 41% free 9308K/15588K, paused 4ms, total 4ms
02-03 12:43:37.571 D/dalvikvm(15954): GC_FOR_ALLOC freed 3097K, 41% free 9309K/15588K, paused 4ms, total 4ms
02-03 12:43:37.581 D/dalvikvm(15954): GC_FOR_ALLOC freed 3108K, 41% free 9311K/15588K, paused 4ms, total 4ms
02-03 12:43:37.581 D/dalvikvm(15954): GC_FOR_ALLOC freed 3118K, 39% free 9609K/15588K, paused 4ms, total 4ms
02-03 12:43:37.591 D/dalvikvm(15954): GC_FOR_ALLOC freed 3129K, 41% free 9314K/15588K, paused 4ms, total 4ms
02-03 12:43:37.601 D/dalvikvm(15954): GC_FOR_ALLOC freed 3140K, 41% free 9315K/15588K, paused 5ms, total 5ms
02-03 12:43:37.601 D/dalvikvm(15954): GC_FOR_ALLOC freed 3150K, 41% free 9317K/15588K, paused 4ms, total 4ms
02-03 12:43:37.611 D/dalvikvm(15954): GC_FOR_ALLOC freed 3161K, 41% free 9318K/15588K, paused 4ms, total 4ms
02-03 12:43:37.611 D/dalvikvm(15954): GC_FOR_ALLOC freed 3171K, 39% free 9622K/15588K, paused 4ms, total 4ms
02-03 12:43:37.621 D/dalvikvm(15954): GC_FOR_ALLOC freed 3182K, 41% free 9321K/15588K, paused 4ms, total 4ms
02-03 12:43:37.631 D/dalvikvm(15954): GC_FOR_ALLOC freed 3192K, 41% free 9323K/15588K, paused 4ms, total 4ms
02-03 12:43:37.631 D/dalvikvm(15954): GC_FOR_ALLOC freed 3203K, 41% free 9324K/15588K, paused 4ms, total 4ms
02-03 12:43:37.641 D/dalvikvm(15954): GC_FOR_ALLOC freed 3214K, 41% free 9326K/15588K, paused 4ms, total 4ms
02-03 12:43:37.651 D/dalvikvm(15954): GC_FOR_ALLOC freed 3224K, 39% free 9634K/15588K, paused 4ms, total 4ms
02-03 12:43:37.651 D/dalvikvm(15954): GC_FOR_ALLOC freed 3235K, 41% free 9329K/15588K, paused 4ms, total 4ms
02-03 12:43:37.661 D/dalvikvm(15954): GC_FOR_ALLOC freed 3245K, 41% free 9330K/15588K, paused 4ms, total 4ms
02-03 12:43:37.661 D/dalvikvm(15954): GC_FOR_ALLOC freed 3256K, 41% free 9332K/15588K, paused 4ms, total 4ms
02-03 12:43:37.671 D/dalvikvm(15954): GC_FOR_ALLOC freed 3267K, 41% free 9333K/15588K, paused 4ms, total 4ms
02-03 12:43:37.681 D/dalvikvm(15954): GC_FOR_ALLOC freed 3277K, 39% free 9647K/15588K, paused 4ms, total 4ms
02-03 12:43:37.681 D/dalvikvm(15954): GC_FOR_ALLOC freed 3288K, 41% free 9336K/15588K, paused 5ms, total 5ms
02-03 12:43:37.691 D/dalvikvm(15954): GC_FOR_ALLOC freed 3298K, 41% free 9338K/15588K, paused 4ms, total 4ms
02-03 12:43:37.701 D/dalvikvm(15954): GC_FOR_ALLOC freed 3309K, 41% free 9339K/15588K, paused 4ms, total 4ms
02-03 12:43:37.701 D/dalvikvm(15954): GC_FOR_ALLOC freed 3319K, 41% free 9341K/15588K, paused 4ms, total 4ms
02-03 12:43:37.711 D/dalvikvm(15954): GC_FOR_ALLOC freed 3330K, 39% free 9660K/15588K, paused 5ms, total 5ms
02-03 12:43:37.721 D/dalvikvm(15954): GC_FOR_ALLOC freed 3341K, 41% free 9344K/15588K, paused 4ms, total 4ms
02-03 12:43:37.721 D/dalvikvm(15954): GC_FOR_ALLOC freed 3351K, 41% free 9345K/15588K, paused 4ms, total 4ms
02-03 12:43:37.731 D/dalvikvm(15954): GC_FOR_ALLOC freed 3363K, 41% free 9347K/15588K, paused 4ms, total 4ms
02-03 12:43:37.731 D/dalvikvm(15954): GC_FOR_ALLOC freed 3374K, 41% free 9349K/15588K, paused 4ms, total 4ms
02-03 12:43:37.741 D/dalvikvm(15954): GC_FOR_ALLOC freed 3384K, 38% free 9672K/15588K, paused 4ms, total 4ms
02-03 12:43:37.751 D/dalvikvm(15954): GC_FOR_ALLOC freed 3396K, 41% free 9352K/15588K, paused 4ms, total 4ms
02-03 12:43:37.751 D/dalvikvm(15954): GC_FOR_ALLOC freed 3406K, 40% free 9353K/15588K, paused 4ms, total 4ms
02-03 12:43:37.761 D/dalvikvm(15954): GC_FOR_ALLOC freed 3417K, 40% free 9355K/15588K, paused 5ms, total 5ms
02-03 12:43:37.771 D/dalvikvm(15954): GC_FOR_ALLOC freed 3429K, 40% free 9356K/15588K, paused 4ms, total 4ms
02-03 12:43:37.771 D/dalvikvm(15954): GC_FOR_ALLOC freed 3440K, 40% free 9358K/15588K, paused 4ms, total 4ms
02-03 12:43:37.781 D/dalvikvm(15954): GC_FOR_ALLOC freed 3452K, 40% free 9360K/15588K, paused 4ms, total 5ms
02-03 12:43:37.791 D/dalvikvm(15954): GC_FOR_ALLOC freed 3134K, 41% free 9197K/15588K, paused 5ms, total 5ms
02-03 12:43:37.791 D/dalvikvm(15954): GC_FOR_ALLOC freed 3474K, 41% free 9198K/15588K, paused 4ms, total 4ms
02-03 12:43:37.801 D/dalvikvm(15954): GC_FOR_ALLOC freed 3483K, 41% free 9199K/15588K, paused 5ms, total 5ms
02-03 12:43:37.811 D/dalvikvm(15954): GC_FOR_ALLOC freed 3492K, 41% free 9200K/15588K, paused 5ms, total 5ms
02-03 12:43:37.831 D/dalvikvm(15954): GC_FOR_ALLOC freed 3502K, 41% free 9201K/15588K, paused 4ms, total 4ms
02-03 12:43:37.831 W/BindingManager(18937): Cannot call determinedVisibility() - never saw a connection for the pid: 18937
02-03 12:43:37.831 D/dalvikvm(15954): GC_FOR_ALLOC freed 3511K, 41% free 9202K/15588K, paused 6ms, total 6ms
02-03 12:43:37.841 D/dalvikvm(15954): GC_FOR_ALLOC freed 3521K, 41% free 9202K/15588K, paused 6ms, total 6ms
02-03 12:43:37.851 D/dalvikvm(15954): GC_FOR_ALLOC freed 3530K, 41% free 9203K/15588K, paused 6ms, total 6ms
02-03 12:43:37.861 I/chromium(18937): [INFO:CONSOLE(47)] "Uncaught ReferenceError: SharedWorker is not defined", source: app://org.xwalk.webapi_noneservice_tests//opt/tct-workers-w3c-tests/workers/SharedWorkerShared_distinct.html (47)
02-03 12:43:37.861 D/dalvikvm(15954): GC_FOR_ALLOC freed 3540K, 41% free 9204K/15588K, paused 4ms, total 4ms
02-03 12:43:37.871 D/dalvikvm(15954): GC_FOR_ALLOC freed 3572K, 41% free 9206K/15588K, paused 5ms, total 5ms
02-03 12:43:37.881 D/dalvikvm(15954): GC_FOR_ALLOC freed 3754K, 40% free 9383K/15588K, paused 6ms, total 6ms
02-03 12:43:37.891 D/dalvikvm(15954): GC_FOR_ALLOC freed 3387K, 41% free 9215K/15588K, paused 5ms, total 5ms
02-03 12:43:37.901 D/dalvikvm(15954): GC_FOR_ALLOC freed 4142K, 48% free 8114K/15588K, paused 4ms, total 4ms
02-03 12:43:37.911 D/dalvikvm(15954): GC_FOR_ALLOC freed 4K, 35% free 10159K/15588K, paused 3ms, total 3ms
02-03 12:43:37.911 I/dalvikvm-heap(15954): Grow heap (frag case) to 10.963MB for 1048592-byte allocation
02-03 12:43:37.911 D/dalvikvm(15954): GC_FOR_ALLOC freed 0K, 33% free 11183K/16616K, paused 3ms, total 3ms
02-03 12:43:38.001 D/dalvikvm(15954): GC_FOR_ALLOC freed 6388K, 47% free 8877K/16616K, paused 17ms, total 17ms
02-03 12:43:38.011 D/dalvikvm(15954): GC_CONCURRENT freed 2409K, 46% free 9048K/16616K, paused 1ms+1ms, total 6ms
02-03 12:43:38.021 D/dalvikvm(15954): GC_FOR_ALLOC freed 4233K, 47% free 8907K/16616K, paused 4ms, total 4ms
02-03 12:43:38.021 D/dalvikvm(15954): GC_CONCURRENT freed 3161K, 43% free 9485K/16616K, paused 0ms+1ms, total 5ms
02-03 12:43:38.031 D/dalvikvm(15954): GC_CONCURRENT freed 4508K, 46% free 9066K/16616K, paused 1ms+1ms, total 5ms
02-03 12:43:38.031 D/dalvikvm(15954): WAIT_FOR_CONCURRENT_GC blocked 4ms
02-03 12:43:38.041 D/dalvikvm(15954): GC_FOR_ALLOC freed 4160K, 47% free 8959K/16616K, paused 5ms, total 5ms
02-03 12:43:38.041 D/dalvikvm(15954): GC_CONCURRENT freed 2823K, 45% free 9296K/16616K, paused 1ms+1ms, total 5ms
02-03 12:43:38.051 D/dalvikvm(15954): GC_CONCURRENT freed 4266K, 46% free 9103K/16616K, paused 0ms+1ms, total 5ms
02-03 12:43:38.051 D/dalvikvm(15954): WAIT_FOR_CONCURRENT_GC blocked 4ms
02-03 12:43:38.061 D/dalvikvm(15954): GC_FOR_ALLOC freed 4156K, 46% free 8997K/16616K, paused 4ms, total 4ms
02-03 12:43:38.071 D/dalvikvm(15954): GC_CONCURRENT freed 3828K, 45% free 9257K/16616K, paused 0ms+1ms, total 6ms
02-03 12:43:38.071 D/dalvikvm(15954): WAIT_FOR_CONCURRENT_GC blocked 2ms
02-03 12:43:38.071 D/dalvikvm(15954): GC_FOR_ALLOC freed 4350K, 47% free 8954K/16616K, paused 4ms, total 4ms
02-03 12:43:38.081 D/dalvikvm(15954): GC_CONCURRENT freed 3838K, 45% free 9207K/16616K, paused 1ms+0ms, total 7ms
02-03 12:43:38.081 D/dalvikvm(15954): WAIT_FOR_CONCURRENT_GC blocked 2ms
02-03 12:43:38.091 D/dalvikvm(15954): GC_FOR_ALLOC freed 4180K, 46% free 9089K/16616K, paused 4ms, total 4ms
02-03 12:43:38.091 D/dalvikvm(15954): GC_CONCURRENT freed 3821K, 45% free 9270K/16616K, paused 1ms+1ms, total 6ms
02-03 12:43:38.091 D/dalvikvm(15954): WAIT_FOR_CONCURRENT_GC blocked 1ms
02-03 12:43:38.101 D/dalvikvm(15954): GC_CONCURRENT freed 4276K, 46% free 9087K/16616K, paused 1ms+1ms, total 5ms
02-03 12:43:38.101 D/dalvikvm(15954): WAIT_FOR_CONCURRENT_GC blocked 4ms
02-03 12:43:38.111 D/dalvikvm(15954): GC_CONCURRENT freed 4054K, 46% free 9038K/16616K, paused 1ms+1ms, total 5ms
02-03 12:43:38.111 D/dalvikvm(15954): WAIT_FOR_CONCURRENT_GC blocked 4ms
02-03 12:43:38.121 D/dalvikvm(15954): GC_CONCURRENT freed 3984K, 45% free 9144K/16616K, paused 1ms+1ms, total 5ms
02-03 12:43:38.121 D/dalvikvm(15954): WAIT_FOR_CONCURRENT_GC blocked 4ms
02-03 12:43:38.131 D/dalvikvm(15954): GC_FOR_ALLOC freed 4111K, 46% free 9040K/16616K, paused 4ms, total 4ms
02-03 12:43:38.131 D/dalvikvm(15954): GC_CONCURRENT freed 3749K, 44% free 9364K/16616K, paused 0ms+1ms, total 6ms
02-03 12:43:38.131 D/dalvikvm(15954): WAIT_FOR_CONCURRENT_GC blocked 2ms
02-03 12:43:38.141 D/dalvikvm(15954): GC_FOR_ALLOC freed 4337K, 46% free 8985K/16616K, paused 4ms, total 4ms
02-03 12:43:38.151 D/dalvikvm(15954): GC_CONCURRENT freed 3943K, 46% free 9105K/16616K, paused 1ms+0ms, total 5ms
02-03 12:43:38.151 D/dalvikvm(15954): WAIT_FOR_CONCURRENT_GC blocked 4ms
02-03 12:43:38.161 D/dalvikvm(15954): GC_CONCURRENT freed 3984K, 45% free 9166K/16616K, paused 0ms+1ms, total 5ms
02-03 12:43:38.161 D/dalvikvm(15954): WAIT_FOR_CONCURRENT_GC blocked 5ms
02-03 12:43:38.161 D/dalvikvm(15954): GC_FOR_ALLOC freed 4143K, 46% free 8986K/16616K, paused 4ms, total 4ms
02-03 12:43:38.171 D/dalvikvm(15954): GC_FOR_ALLOC freed 3926K, 46% free 8984K/16616K, paused 4ms, total 4ms
02-03 12:43:38.181 D/dalvikvm(15954): GC_CONCURRENT freed 3879K, 45% free 9147K/16616K, paused 1ms+1ms, total 5ms
02-03 12:43:38.181 D/dalvikvm(15954): WAIT_FOR_CONCURRENT_GC blocked 4ms
02-03 12:43:38.181 D/dalvikvm(15954): GC_FOR_ALLOC freed 4224K, 46% free 9018K/16616K, paused 4ms, total 4ms
02-03 12:43:38.191 D/dalvikvm(15954): GC_CONCURRENT freed 3649K, 44% free 9412K/16616K, paused 1ms+1ms, total 7ms
02-03 12:43:38.191 D/dalvikvm(15954): WAIT_FOR_CONCURRENT_GC blocked 2ms
02-03 12:43:38.201 D/dalvikvm(15954): GC_FOR_ALLOC freed 4319K, 46% free 9015K/16616K, paused 4ms, total 4ms
02-03 12:43:38.201 D/dalvikvm(15954): GC_FOR_ALLOC freed 3993K, 46% free 9082K/16616K, paused 4ms, total 4ms
02-03 12:43:38.211 D/dalvikvm(15954): GC_CONCURRENT freed 3439K, 42% free 9707K/16616K, paused 0ms+1ms, total 6ms
02-03 12:43:38.211 D/dalvikvm(15954): WAIT_FOR_CONCURRENT_GC blocked 2ms
02-03 12:43:38.221 D/dalvikvm(15954): GC_CONCURRENT freed 4475K, 45% free 9224K/16616K, paused 0ms+1ms, total 5ms
02-03 12:43:38.221 D/dalvikvm(15954): WAIT_FOR_CONCURRENT_GC blocked 5ms
02-03 12:43:38.231 D/dalvikvm(15954): GC_FOR_ALLOC freed 4058K, 45% free 9226K/16616K, paused 4ms, total 4ms
02-03 12:43:38.231 D/dalvikvm(15954): GC_CONCURRENT freed 3615K, 43% free 9590K/16616K, paused 0ms+1ms, total 6ms
02-03 12:43:38.231 D/dalvikvm(15954): WAIT_FOR_CONCURRENT_GC blocked 2ms
02-03 12:43:38.241 D/dalvikvm(15954): GC_CONCURRENT freed 4396K, 45% free 9191K/16616K, paused 0ms+1ms, total 4ms
02-03 12:43:38.241 D/dalvikvm(15954): WAIT_FOR_CONCURRENT_GC blocked 4ms
02-03 12:43:38.251 D/dalvikvm(15954): GC_FOR_ALLOC freed 4023K, 46% free 9115K/16616K, paused 5ms, total 5ms
02-03 12:43:38.251 D/dalvikvm(15954): GC_CONCURRENT freed 4003K, 45% free 9197K/16616K, paused 1ms+1ms, total 5ms
02-03 12:43:38.251 D/dalvikvm(15954): WAIT_FOR_CONCURRENT_GC blocked 4ms
02-03 12:43:38.261 D/dalvikvm(15954): GC_FOR_ALLOC freed 4143K, 46% free 9118K/16616K, paused 4ms, total 4ms
02-03 12:43:38.271 D/dalvikvm(15954): GC_CONCURRENT freed 3335K, 41% free 9825K/16616K, paused 1ms+1ms, total 6ms
02-03 12:43:38.271 D/dalvikvm(15954): WAIT_FOR_CONCURRENT_GC blocked 2ms
02-03 12:43:38.271 D/dalvikvm(15954): GC_FOR_ALLOC freed 4487K, 45% free 9278K/16616K, paused 4ms, total 4ms
02-03 12:43:38.281 D/dalvikvm(15954): GC_FOR_ALLOC freed 3992K, 45% free 9279K/16616K, paused 4ms, total 4ms
02-03 12:43:38.291 D/dalvikvm(15954): GC_CONCURRENT freed 244K, 45% free 9198K/16616K, paused 0ms+1ms, total 5ms
02-03 12:43:38.291 D/dalvikvm(15954): GC_CONCURRENT freed 4047K, 45% free 9202K/16616K, paused 0ms+1ms, total 4ms
02-03 12:43:38.291 D/dalvikvm(15954): WAIT_FOR_CONCURRENT_GC blocked 4ms
02-03 12:43:38.301 D/dalvikvm(15954): GC_FOR_ALLOC freed 3851K, 45% free 9286K/16616K, paused 4ms, total 4ms
02-03 12:43:38.311 D/dalvikvm(15954): GC_FOR_ALLOC freed 4153K, 46% free 9117K/16616K, paused 4ms, total 4ms
02-03 12:43:38.311 D/dalvikvm(15954): GC_CONCURRENT freed 3437K, 43% free 9626K/16616K, paused 0ms+1ms, total 5ms
02-03 12:43:38.311 D/dalvikvm(15954): WAIT_FOR_CONCURRENT_GC blocked 2ms
02-03 12:43:38.321 D/dalvikvm(15954): GC_FOR_ALLOC freed 4412K, 45% free 9147K/16616K, paused 4ms, total 4ms
02-03 12:43:38.331 D/dalvikvm(15954): GC_CONCURRENT freed 3944K, 45% free 9239K/16616K, paused 0ms+1ms, total 4ms
02-03 12:43:38.331 D/dalvikvm(15954): WAIT_FOR_CONCURRENT_GC blocked 5ms
02-03 12:43:38.341 D/dalvikvm(15954): GC_FOR_ALLOC freed 4078K, 45% free 9149K/16616K, paused 5ms, total 5ms
02-03 12:43:38.341 D/dalvikvm(15954): GC_CONCURRENT freed 3138K, 41% free 9953K/16616K, paused 0ms+1ms, total 5ms
02-03 12:43:38.341 D/dalvikvm(15954): WAIT_FOR_CONCURRENT_GC blocked 2ms
02-03 12:43:38.351 D/dalvikvm(15954): GC_CONCURRENT freed 4694K, 45% free 9246K/16616K, paused 1ms+1ms, total 5ms
02-03 12:43:38.351 D/dalvikvm(15954): WAIT_FOR_CONCURRENT_GC blocked 4ms
02-03 12:43:38.361 D/dalvikvm(15954): GC_FOR_ALLOC freed 4025K, 46% free 9062K/16616K, paused 4ms, total 4ms
02-03 12:43:38.361 D/dalvikvm(15954): GC_FOR_ALLOC freed 3878K, 46% free 9064K/16616K, paused 4ms, total 5ms
02-03 12:43:38.371 D/dalvikvm(15954): GC_FOR_ALLOC freed 3915K, 46% free 9066K/16616K, paused 4ms, total 4ms
02-03 12:43:38.381 D/dalvikvm(15954): GC_FOR_ALLOC freed 3953K, 46% free 9068K/16616K, paused 4ms, total 4ms
02-03 12:43:38.381 D/dalvikvm(15954): GC_CONCURRENT freed 3800K, 45% free 9260K/16616K, paused 0ms+0ms, total 5ms
02-03 12:43:38.381 D/dalvikvm(15954): WAIT_FOR_CONCURRENT_GC blocked 4ms
02-03 12:43:38.391 D/dalvikvm(15954): GC_CONCURRENT freed 4026K, 45% free 9263K/16616K, paused 0ms+1ms, total 4ms
02-03 12:43:38.391 D/dalvikvm(15954): WAIT_FOR_CONCURRENT_GC blocked 5ms
02-03 12:43:38.401 D/dalvikvm(15954): GC_CONCURRENT freed 4068K, 45% free 9263K/16616K, paused 1ms+1ms, total 5ms
02-03 12:43:38.401 D/dalvikvm(15954): WAIT_FOR_CONCURRENT_GC blocked 4ms
02-03 12:43:38.411 D/dalvikvm(15954): GC_FOR_ALLOC freed 3806K, 44% free 9364K/16616K, paused 4ms, total 4ms
02-03 12:43:38.411 D/dalvikvm(15954): GC_FOR_ALLOC freed 4137K, 45% free 9171K/16616K, paused 4ms, total 4ms
02-03 12:43:38.421 D/dalvikvm(15954): GC_FOR_ALLOC freed 3975K, 46% free 9074K/16616K, paused 4ms, total 4ms
02-03 12:43:38.431 D/dalvikvm(15954): GC_FOR_ALLOC freed 3707K, 44% free 9376K/16616K, paused 4ms, total 4ms
02-03 12:43:38.431 D/dalvikvm(15954): GC_CONCURRENT freed 3541K, 41% free 9881K/16616K, paused 1ms+1ms, total 6ms
02-03 12:43:38.431 D/dalvikvm(15954): WAIT_FOR_CONCURRENT_GC blocked 1ms
02-03 12:43:38.441 D/dalvikvm(15954): GC_CONCURRENT freed 4576K, 45% free 9284K/16616K, paused 1ms+1ms, total 5ms
02-03 12:43:38.441 D/dalvikvm(15954): WAIT_FOR_CONCURRENT_GC blocked 4ms
02-03 12:43:38.451 D/dalvikvm(15954): GC_FOR_ALLOC freed 4011K, 45% free 9179K/16616K, paused 4ms, total 4ms
02-03 12:43:38.451 D/dalvikvm(15954): GC_CONCURRENT freed 3938K, 45% free 9286K/16616K, paused 0ms+1ms, total 4ms
02-03 12:43:38.451 D/dalvikvm(15954): WAIT_FOR_CONCURRENT_GC blocked 4ms
02-03 12:43:38.461 D/dalvikvm(15954): GC_FOR_ALLOC freed 4074K, 45% free 9185K/16616K, paused 4ms, total 4ms
02-03 12:43:38.471 D/dalvikvm(15954): GC_CONCURRENT freed 2849K, 39% free 10235K/16616K, paused 1ms+1ms, total 6ms
02-03 12:43:38.471 D/dalvikvm(15954): WAIT_FOR_CONCURRENT_GC blocked 2ms
02-03 12:43:38.471 D/dalvikvm(15954): GC_FOR_ALLOC freed 5084K, 46% free 9084K/16616K, paused 4ms, total 4ms
02-03 12:43:38.481 D/dalvikvm(15954): GC_FOR_ALLOC freed 3957K, 45% free 9192K/16616K, paused 4ms, total 5ms
02-03 12:43:38.491 D/dalvikvm(15954): GC_CONCURRENT freed 3235K, 41% free 9945K/16616K, paused 0ms+1ms, total 5ms
02-03 12:43:38.491 D/dalvikvm(15954): WAIT_FOR_CONCURRENT_GC blocked 2ms
02-03 12:43:38.491 D/dalvikvm(15954): GC_FOR_ALLOC freed 4332K, 44% free 9414K/16616K, paused 4ms, total 4ms
02-03 12:43:38.501 D/dalvikvm(15954): GC_CONCURRENT freed 4153K, 44% free 9309K/16616K, paused 1ms+0ms, total 5ms
02-03 12:43:38.501 D/dalvikvm(15954): WAIT_FOR_CONCURRENT_GC blocked 4ms
02-03 12:43:38.511 D/dalvikvm(15954): GC_FOR_ALLOC freed 4072K, 46% free 9092K/16616K, paused 4ms, total 4ms
02-03 12:43:38.511 D/dalvikvm(15954): GC_FOR_ALLOC freed 3879K, 46% free 9093K/16616K, paused 4ms, total 4ms
02-03 12:43:38.521 D/dalvikvm(15954): GC_FOR_ALLOC freed 3905K, 46% free 9095K/16616K, paused 4ms, total 4ms
02-03 12:43:38.531 D/dalvikvm(15954): GC_FOR_ALLOC freed 3931K, 46% free 9096K/16616K, paused 4ms, total 4ms
02-03 12:43:38.531 D/dalvikvm(15954): GC_FOR_ALLOC freed 3957K, 46% free 9098K/16616K, paused 4ms, total 4ms
02-03 12:43:38.541 D/dalvikvm(15954): GC_CONCURRENT freed 3756K, 44% free 9327K/16616K, paused 1ms+1ms, total 5ms
02-03 12:43:38.541 D/dalvikvm(15954): WAIT_FOR_CONCURRENT_GC blocked 4ms
02-03 12:43:38.551 D/dalvikvm(15954): GC_CONCURRENT freed 4008K, 44% free 9330K/16616K, paused 0ms+1ms, total 4ms
02-03 12:43:38.551 D/dalvikvm(15954): WAIT_FOR_CONCURRENT_GC blocked 3ms
02-03 12:43:38.561 D/dalvikvm(15954): GC_FOR_ALLOC freed 4265K, 46% free 9102K/16616K, paused 4ms, total 4ms
02-03 12:43:38.561 D/dalvikvm(15954): GC_CONCURRENT freed 3830K, 44% free 9336K/16616K, paused 0ms+1ms, total 5ms
02-03 12:43:38.561 D/dalvikvm(15954): WAIT_FOR_CONCURRENT_GC blocked 4ms
02-03 12:43:38.571 D/dalvikvm(15954): GC_CONCURRENT freed 4090K, 44% free 9339K/16616K, paused 1ms+1ms, total 5ms
02-03 12:43:38.571 D/dalvikvm(15954): WAIT_FOR_CONCURRENT_GC blocked 4ms
02-03 12:43:38.581 D/dalvikvm(15954): GC_FOR_ALLOC freed 3764K, 44% free 9460K/16616K, paused 4ms, total 4ms
02-03 12:43:38.591 D/dalvikvm(15954): GC_FOR_ALLOC freed 4146K, 45% free 9226K/16616K, paused 5ms, total 5ms
02-03 12:43:38.591 D/dalvikvm(15954): GC_FOR_ALLOC freed 3937K, 46% free 9110K/16616K, paused 4ms, total 4ms
02-03 12:43:38.601 D/dalvikvm(15954): GC_FOR_ALLOC freed 3601K, 43% free 9471K/16616K, paused 4ms, total 4ms
02-03 12:43:38.611 D/dalvikvm(15954): GC_FOR_ALLOC freed 4229K, 45% free 9234K/16616K, paused 4ms, total 4ms
02-03 12:43:38.611 D/dalvikvm(15954): GC_CONCURRENT freed 3166K, 41% free 9963K/16616K, paused 0ms+1ms, total 5ms
02-03 12:43:38.611 D/dalvikvm(15954): WAIT_FOR_CONCURRENT_GC blocked 2ms
02-03 12:43:38.621 D/dalvikvm(15954): GC_FOR_ALLOC freed 4519K, 45% free 9238K/16616K, paused 4ms, total 4ms
02-03 12:43:38.631 D/dalvikvm(15954): GC_FOR_ALLOC freed 4064K, 46% free 9118K/16616K, paused 4ms, total 4ms
02-03 12:43:38.631 D/dalvikvm(15954): GC_FOR_ALLOC freed 3717K, 43% free 9491K/16616K, paused 4ms, total 4ms
02-03 12:43:38.641 D/dalvikvm(15954): GC_CONCURRENT freed 3246K, 40% free 9989K/16616K, paused 1ms+1ms, total 6ms
02-03 12:43:38.641 D/dalvikvm(15954): WAIT_FOR_CONCURRENT_GC blocked 3ms
02-03 12:43:38.641 D/dalvikvm(15954): GC_FOR_ALLOC freed 4380K, 46% free 9122K/16616K, paused 4ms, total 4ms
02-03 12:43:38.651 D/dalvikvm(15954): GC_FOR_ALLOC freed 3782K, 45% free 9249K/16616K, paused 4ms, total 4ms
02-03 12:43:38.661 D/dalvikvm(15954): GC_CONCURRENT freed 3932K, 44% free 9379K/16616K, paused 1ms+1ms, total 5ms
02-03 12:43:38.661 D/dalvikvm(15954): WAIT_FOR_CONCURRENT_GC blocked 4ms
02-03 12:43:38.671 D/dalvikvm(15954): GC_FOR_ALLOC freed 4081K, 45% free 9254K/16616K, paused 4ms, total 4ms
02-03 12:43:38.671 D/dalvikvm(15954): GC_FOR_ALLOC freed 3592K, 43% free 9512K/16616K, paused 4ms, total 4ms
02-03 12:43:38.681 D/dalvikvm(15954): GC_FOR_ALLOC freed 4257K, 46% free 9129K/16616K, paused 4ms, total 4ms
02-03 12:43:38.691 D/dalvikvm(15954): GC_CONCURRENT freed 3892K, 45% free 9261K/16616K, paused 1ms+1ms, total 5ms
02-03 12:43:38.691 D/dalvikvm(15954): WAIT_FOR_CONCURRENT_GC blocked 5ms
02-03 12:43:38.691 D/dalvikvm(15954): GC_FOR_ALLOC freed 3652K, 43% free 9523K/16616K, paused 4ms, total 4ms
02-03 12:43:38.701 D/dalvikvm(15954): GC_FOR_ALLOC freed 4329K, 46% free 9134K/16616K, paused 4ms, total 4ms
02-03 12:43:38.711 D/dalvikvm(15954): GC_FOR_ALLOC freed 3957K, 45% free 9267K/16616K, paused 4ms, total 4ms
02-03 12:43:38.711 D/dalvikvm(15954): GC_CONCURRENT freed 3053K, 39% free 10194K/16616K, paused 1ms+1ms, total 6ms
02-03 12:43:38.711 D/dalvikvm(15954): WAIT_FOR_CONCURRENT_GC blocked 2ms
02-03 12:43:38.721 D/dalvikvm(15954): GC_FOR_ALLOC freed 4124K, 46% free 9138K/16616K, paused 4ms, total 4ms
02-03 12:43:38.731 D/dalvikvm(15954): GC_FOR_ALLOC freed 3749K, 45% free 9139K/16616K, paused 4ms, total 4ms
02-03 12:43:38.731 D/dalvikvm(15954): GC_FOR_ALLOC freed 3768K, 45% free 9141K/16616K, paused 4ms, total 4ms
02-03 12:43:38.741 D/dalvikvm(15954): GC_FOR_ALLOC freed 3787K, 45% free 9142K/16616K, paused 4ms, total 4ms
02-03 12:43:38.751 D/dalvikvm(15954): GC_FOR_ALLOC freed 3806K, 45% free 9143K/16616K, paused 4ms, total 4ms
02-03 12:43:38.751 D/dalvikvm(15954): GC_FOR_ALLOC freed 3825K, 45% free 9145K/16616K, paused 4ms, total 4ms
02-03 12:43:38.761 D/dalvikvm(15954): GC_FOR_ALLOC freed 3844K, 45% free 9146K/16616K, paused 4ms, total 4ms
02-03 12:43:38.771 D/dalvikvm(15954): GC_FOR_ALLOC freed 3863K, 45% free 9147K/16616K, paused 4ms, total 4ms
02-03 12:43:38.771 D/dalvikvm(15954): GC_FOR_ALLOC freed 3882K, 45% free 9149K/16616K, paused 4ms, total 4ms
02-03 12:43:38.781 D/dalvikvm(15954): GC_FOR_ALLOC freed 3900K, 45% free 9150K/16616K, paused 5ms, total 5ms
02-03 12:43:38.791 D/dalvikvm(15954): GC_FOR_ALLOC freed 3919K, 45% free 9151K/16616K, paused 4ms, total 4ms
02-03 12:43:38.791 D/dalvikvm(15954): GC_FOR_ALLOC freed 3938K, 45% free 9153K/16616K, paused 4ms, total 4ms
02-03 12:43:38.801 D/dalvikvm(15954): GC_FOR_ALLOC freed 3957K, 45% free 9154K/16616K, paused 4ms, total 4ms
02-03 12:43:38.811 D/dalvikvm(15954): GC_CONCURRENT freed 3692K, 44% free 9439K/16616K, paused 0ms+1ms, total 5ms
02-03 12:43:38.811 D/dalvikvm(15954): WAIT_FOR_CONCURRENT_GC blocked 4ms
02-03 12:43:38.821 D/dalvikvm(15954): GC_CONCURRENT freed 3993K, 44% free 9442K/16616K, paused 1ms+1ms, total 6ms
02-03 12:43:38.821 D/dalvikvm(15954): WAIT_FOR_CONCURRENT_GC blocked 4ms
02-03 12:43:38.821 D/dalvikvm(15954): GC_CONCURRENT freed 4012K, 44% free 9445K/16616K, paused 1ms+1ms, total 5ms
02-03 12:43:38.821 D/dalvikvm(15954): WAIT_FOR_CONCURRENT_GC blocked 4ms
02-03 12:43:38.831 D/dalvikvm(15954): GC_FOR_ALLOC freed 3597K, 43% free 9591K/16616K, paused 4ms, total 4ms
02-03 12:43:38.841 D/dalvikvm(15954): GC_FOR_ALLOC freed 4047K, 43% free 9594K/16616K, paused 4ms, total 4ms
02-03 12:43:38.841 D/dalvikvm(15954): GC_CONCURRENT freed 3053K, 37% free 10610K/16616K, paused 1ms+1ms, total 7ms
02-03 12:43:38.841 D/dalvikvm(15954): WAIT_FOR_CONCURRENT_GC blocked 2ms
02-03 12:43:38.851 D/dalvikvm(15954): GC_FOR_ALLOC freed 4075K, 43% free 9600K/16616K, paused 4ms, total 4ms
02-03 12:43:38.861 D/dalvikvm(15954): GC_FOR_ALLOC freed 4099K, 44% free 9310K/16616K, paused 4ms, total 4ms
02-03 12:43:38.861 D/dalvikvm(15954): GC_FOR_ALLOC freed 3824K, 45% free 9165K/16616K, paused 4ms, total 4ms
02-03 12:43:38.871 D/dalvikvm(15954): GC_FOR_ALLOC freed 3395K, 43% free 9609K/16616K, paused 4ms, total 4ms
02-03 12:43:38.871 D/dalvikvm(15954): GC_FOR_ALLOC freed 3854K, 45% free 9168K/16616K, paused 4ms, total 4ms
02-03 12:43:38.881 D/dalvikvm(15954): GC_FOR_ALLOC freed 3422K, 43% free 9615K/16616K, paused 5ms, total 5ms
02-03 12:43:38.891 D/dalvikvm(15954): GC_FOR_ALLOC freed 4184K, 44% free 9319K/16616K, paused 4ms, total 4ms
02-03 12:43:38.901 D/dalvikvm(15954): GC_FOR_ALLOC freed 3902K, 45% free 9171K/16616K, paused 4ms, total 4ms
02-03 12:43:38.901 D/dalvikvm(15954): GC_FOR_ALLOC freed 3465K, 43% free 9624K/16616K, paused 4ms, total 4ms
02-03 12:43:38.911 D/dalvikvm(15954): GC_FOR_ALLOC freed 3933K, 45% free 9174K/16616K, paused 4ms, total 4ms
02-03 12:43:38.911 D/dalvikvm(15954): GC_FOR_ALLOC freed 3492K, 43% free 9630K/16616K, paused 4ms, total 4ms
02-03 12:43:38.921 D/dalvikvm(15954): GC_FOR_ALLOC freed 4269K, 44% free 9328K/16616K, paused 4ms, total 4ms
02-03 12:43:38.931 D/dalvikvm(15954): GC_FOR_ALLOC freed 3981K, 45% free 9177K/16616K, paused 5ms, total 5ms
02-03 12:43:38.931 D/dalvikvm(15954): GC_FOR_ALLOC freed 3534K, 42% free 9639K/16616K, paused 4ms, total 4ms
02-03 12:43:38.941 D/dalvikvm(15954): GC_CONCURRENT freed 2935K, 39% free 10256K/16616K, paused 1ms+1ms, total 6ms
02-03 12:43:38.941 D/dalvikvm(15954): WAIT_FOR_CONCURRENT_GC blocked 2ms
02-03 12:43:38.951 D/dalvikvm(15954): GC_FOR_ALLOC freed 4328K, 45% free 9181K/16616K, paused 4ms, total 4ms
02-03 12:43:38.951 D/dalvikvm(15954): GC_FOR_ALLOC freed 3573K, 42% free 9648K/16616K, paused 4ms, total 4ms
02-03 12:43:38.961 D/dalvikvm(15954): GC_CONCURRENT freed 2967K, 39% free 10271K/16616K, paused 1ms+1ms, total 6ms
02-03 12:43:38.961 D/dalvikvm(15954): WAIT_FOR_CONCURRENT_GC blocked 2ms
02-03 12:43:38.971 D/dalvikvm(15954): GC_FOR_ALLOC freed 4375K, 45% free 9184K/16616K, paused 4ms, total 4ms
02-03 12:43:38.971 D/dalvikvm(15954): GC_FOR_ALLOC freed 3612K, 42% free 9656K/16616K, paused 4ms, total 4ms
02-03 12:43:38.981 D/dalvikvm(15954): GC_CONCURRENT freed 2999K, 39% free 10286K/16616K, paused 0ms+2ms, total 6ms
02-03 12:43:38.981 D/dalvikvm(15954): WAIT_FOR_CONCURRENT_GC blocked 2ms
02-03 12:43:38.991 D/dalvikvm(15954): GC_FOR_ALLOC freed 4422K, 45% free 9188K/16616K, paused 4ms, total 4ms
02-03 12:43:38.991 D/dalvikvm(15954): GC_FOR_ALLOC freed 3650K, 44% free 9347K/16616K, paused 4ms, total 4ms
02-03 12:43:39.001 D/dalvikvm(15954): GC_CONCURRENT freed 3824K, 43% free 9509K/16616K, paused 1ms+1ms, total 5ms
02-03 12:43:39.001 D/dalvikvm(15954): WAIT_FOR_CONCURRENT_GC blocked 4ms
02-03 12:43:39.011 D/dalvikvm(15954): GC_FOR_ALLOC freed 3997K, 44% free 9350K/16616K, paused 4ms, total 4ms
02-03 12:43:39.011 D/dalvikvm(15954): GC_CONCURRENT freed 3854K, 43% free 9514K/16616K, paused 0ms+1ms, total 4ms
02-03 12:43:39.011 D/dalvikvm(15954): WAIT_FOR_CONCURRENT_GC blocked 3ms
02-03 12:43:39.021 D/dalvikvm(15954): GC_FOR_ALLOC freed 4027K, 44% free 9354K/16616K, paused 4ms, total 4ms
02-03 12:43:39.031 D/dalvikvm(15954): GC_CONCURRENT freed 3883K, 43% free 9518K/16616K, paused 0ms+1ms, total 4ms
02-03 12:43:39.031 D/dalvikvm(15954): WAIT_FOR_CONCURRENT_GC blocked 4ms
02-03 12:43:39.031 D/dalvikvm(15954): GC_FOR_ALLOC freed 4057K, 44% free 9358K/16616K, paused 4ms, total 4ms
02-03 12:43:39.041 D/dalvikvm(15954): GC_CONCURRENT freed 3912K, 43% free 9523K/16616K, paused 0ms+1ms, total 4ms
02-03 12:43:39.041 D/dalvikvm(15954): WAIT_FOR_CONCURRENT_GC blocked 3ms
02-03 12:43:39.051 D/dalvikvm(15954): GC_FOR_ALLOC freed 4089K, 44% free 9362K/16616K, paused 4ms, total 4ms
02-03 12:43:39.061 D/dalvikvm(15954): GC_FOR_ALLOC freed 3448K, 42% free 9692K/16616K, paused 3ms, total 3ms
02-03 12:43:39.061 D/dalvikvm(15954): GC_FOR_ALLOC freed 4286K, 45% free 9201K/16616K, paused 4ms, total 4ms
02-03 12:43:39.071 D/dalvikvm(15954): GC_CONCURRENT freed 3804K, 44% free 9367K/16616K, paused 0ms+1ms, total 4ms
02-03 12:43:39.071 D/dalvikvm(15954): WAIT_FOR_CONCURRENT_GC blocked 5ms
02-03 12:43:39.081 D/dalvikvm(15954): GC_FOR_ALLOC freed 3484K, 42% free 9700K/16616K, paused 4ms, total 4ms
02-03 12:43:39.081 D/dalvikvm(15954): GC_FOR_ALLOC freed 4327K, 45% free 9204K/16616K, paused 5ms, total 5ms
02-03 12:43:39.091 D/dalvikvm(15954): GC_CONCURRENT freed 3839K, 44% free 9371K/16616K, paused 0ms+1ms, total 4ms
02-03 12:43:39.091 D/dalvikvm(15954): WAIT_FOR_CONCURRENT_GC blocked 4ms
02-03 12:43:39.101 D/dalvikvm(15954): GC_FOR_ALLOC freed 3515K, 42% free 9708K/16616K, paused 4ms, total 4ms
02-03 12:43:39.101 D/dalvikvm(15954): GC_FOR_ALLOC freed 4366K, 45% free 9207K/16616K, paused 4ms, total 4ms
02-03 12:43:39.111 D/dalvikvm(15954): GC_CONCURRENT freed 3873K, 44% free 9376K/16616K, paused 1ms+1ms, total 5ms
02-03 12:43:39.111 D/dalvikvm(15954): WAIT_FOR_CONCURRENT_GC blocked 4ms
02-03 12:43:39.121 D/dalvikvm(15954): GC_FOR_ALLOC freed 3547K, 42% free 9715K/16616K, paused 4ms, total 4ms
02-03 12:43:39.131 D/dalvikvm(15954): GC_FOR_ALLOC freed 4261K, 45% free 9222K/16616K, paused 4ms, total 4ms
02-03 12:43:39.131 D/dalvikvm(15954): GC_FOR_ALLOC freed 3745K, 45% free 9223K/16616K, paused 4ms, total 4ms
02-03 12:43:39.181 D/dalvikvm(15954): GC_CONCURRENT freed 4143K, 45% free 9147K/16616K, paused 1ms+0ms, total 5ms
02-03 12:43:39.181 D/dalvikvm(15954): WAIT_FOR_CONCURRENT_GC blocked 4ms
02-03 12:43:39.251 D/dalvikvm(15954): GC_CONCURRENT freed 4346K, 47% free 8895K/16616K, paused 1ms+1ms, total 6ms
02-03 12:43:39.251 D/dalvikvm(15954): WAIT_FOR_CONCURRENT_GC blocked 5ms
02-03 12:43:39.271 D/dalvikvm(15954): GC_CONCURRENT freed 4036K, 47% free 8954K/16616K, paused 0ms+1ms, total 5ms
02-03 12:43:39.271 D/dalvikvm(15954): WAIT_FOR_CONCURRENT_GC blocked 4ms
02-03 12:43:39.281 D/dalvikvm(15954): GC_CONCURRENT freed 4050K, 46% free 8981K/16616K, paused 1ms+1ms, total 5ms
02-03 12:43:39.281 D/dalvikvm(15954): WAIT_FOR_CONCURRENT_GC blocked 4ms
02-03 12:43:39.291 D/dalvikvm(15954): GC_CONCURRENT freed 4060K, 46% free 8992K/16616K, paused 1ms+1ms, total 6ms
02-03 12:43:39.291 D/dalvikvm(15954): WAIT_FOR_CONCURRENT_GC blocked 5ms
02-03 12:43:39.291 D/dalvikvm(15954): GC_CONCURRENT freed 4113K, 47% free 8949K/16616K, paused 1ms+1ms, total 5ms
02-03 12:43:39.291 D/dalvikvm(15954): WAIT_FOR_CONCURRENT_GC blocked 4ms
02-03 12:43:39.301 D/dalvikvm(15954): GC_FOR_ALLOC freed 4099K, 47% free 8922K/16616K, paused 4ms, total 4ms
02-03 12:43:39.311 D/dalvikvm(15954): GC_CONCURRENT freed 3996K, 46% free 9016K/16616K, paused 1ms+1ms, total 5ms
02-03 12:43:39.311 D/dalvikvm(15954): WAIT_FOR_CONCURRENT_GC blocked 4ms
02-03 12:43:39.321 D/dalvikvm(15954): GC_FOR_ALLOC freed 4029K, 46% free 9053K/16616K, paused 4ms, total 4ms
02-03 12:43:39.321 D/dalvikvm(15954): GC_CONCURRENT freed 3825K, 45% free 9301K/16616K, paused 1ms+1ms, total 6ms
02-03 12:43:39.321 D/dalvikvm(15954): WAIT_FOR_CONCURRENT_GC blocked 1ms
02-03 12:43:39.331 D/dalvikvm(15954): GC_FOR_ALLOC freed 4302K, 46% free 9060K/16616K, paused 5ms, total 5ms
02-03 12:43:39.341 D/dalvikvm(15954): GC_CONCURRENT freed 4124K, 46% free 9030K/16616K, paused 1ms+0ms, total 5ms
02-03 12:43:39.341 D/dalvikvm(15954): WAIT_FOR_CONCURRENT_GC blocked 4ms
02-03 12:43:39.351 D/dalvikvm(15954): GC_CONCURRENT freed 4091K, 46% free 8986K/16616K, paused 0ms+0ms, total 5ms
02-03 12:43:39.351 D/dalvikvm(15954): WAIT_FOR_CONCURRENT_GC blocked 5ms
02-03 12:43:39.361 D/dalvikvm(15954): GC_CONCURRENT freed 3910K, 46% free 9070K/16616K, paused 0ms+1ms, total 4ms
02-03 12:43:39.361 D/dalvikvm(15954): WAIT_FOR_CONCURRENT_GC blocked 5ms
02-03 12:43:39.361 D/dalvikvm(15954): GC_FOR_ALLOC freed 4121K, 46% free 9025K/16616K, paused 4ms, total 4ms
02-03 12:43:39.371 D/dalvikvm(15954): GC_CONCURRENT freed 3852K, 45% free 9264K/16616K, paused 1ms+1ms, total 6ms
02-03 12:43:39.371 D/dalvikvm(15954): WAIT_FOR_CONCURRENT_GC blocked 1ms
02-03 12:43:39.381 D/dalvikvm(15954): GC_CONCURRENT freed 4120K, 45% free 9231K/16616K, paused 1ms+1ms, total 5ms
02-03 12:43:39.381 D/dalvikvm(15954): WAIT_FOR_CONCURRENT_GC blocked 4ms
02-03 12:43:39.391 D/dalvikvm(15954): GC_CONCURRENT freed 4160K, 46% free 9086K/16616K, paused 1ms+1ms, total 5ms
02-03 12:43:39.391 D/dalvikvm(15954): WAIT_FOR_CONCURRENT_GC blocked 1ms
02-03 12:43:39.391 D/dalvikvm(15954): GC_FOR_ALLOC freed 3975K, 45% free 9142K/16616K, paused 4ms, total 4ms
02-03 12:43:39.401 D/dalvikvm(15954): GC_CONCURRENT freed 3877K, 45% free 9251K/16616K, paused 1ms+1ms, total 6ms
02-03 12:43:39.401 D/dalvikvm(15954): WAIT_FOR_CONCURRENT_GC blocked 2ms
02-03 12:43:39.411 D/dalvikvm(15954): GC_CONCURRENT freed 4134K, 46% free 9096K/16616K, paused 1ms+1ms, total 5ms
02-03 12:43:39.411 D/dalvikvm(15954): WAIT_FOR_CONCURRENT_GC blocked 4ms
02-03 12:43:39.421 D/dalvikvm(15954): GC_CONCURRENT freed 4082K, 46% free 9098K/16616K, paused 1ms+1ms, total 5ms
02-03 12:43:39.421 D/dalvikvm(15954): WAIT_FOR_CONCURRENT_GC blocked 4ms
02-03 12:43:39.421 D/dalvikvm(15954): GC_CONCURRENT freed 4004K, 45% free 9160K/16616K, paused 0ms+1ms, total 5ms
02-03 12:43:39.421 D/dalvikvm(15954): WAIT_FOR_CONCURRENT_GC blocked 5ms
02-03 12:43:39.431 D/dalvikvm(15954): GC_FOR_ALLOC freed 4163K, 46% free 8978K/16616K, paused 4ms, total 4ms
02-03 12:43:39.441 D/dalvikvm(15954): GC_CONCURRENT freed 3760K, 45% free 9194K/16616K, paused 1ms+1ms, total 6ms
02-03 12:43:39.441 D/dalvikvm(15954): WAIT_FOR_CONCURRENT_GC blocked 2ms
02-03 12:43:39.441 D/dalvikvm(15954): GC_CONCURRENT freed 4086K, 46% free 9136K/16616K, paused 0ms+1ms, total 5ms
02-03 12:43:39.441 D/dalvikvm(15954): WAIT_FOR_CONCURRENT_GC blocked 4ms
02-03 12:43:39.451 D/dalvikvm(15954): GC_CONCURRENT freed 3913K, 45% free 9202K/16616K, paused 0ms+0ms, total 5ms
02-03 12:43:39.451 D/dalvikvm(15954): WAIT_FOR_CONCURRENT_GC blocked 5ms
02-03 12:43:39.461 D/dalvikvm(15954): GC_FOR_ALLOC freed 4193K, 46% free 9071K/16616K, paused 4ms, total 4ms
02-03 12:43:39.471 D/dalvikvm(15954): GC_CONCURRENT freed 3806K, 44% free 9338K/16616K, paused 1ms+1ms, total 6ms
02-03 12:43:39.471 D/dalvikvm(15954): WAIT_FOR_CONCURRENT_GC blocked 2ms
02-03 12:43:39.471 D/dalvikvm(15954): GC_FOR_ALLOC freed 4344K, 46% free 9071K/16616K, paused 4ms, total 4ms
02-03 12:43:39.481 D/dalvikvm(15954): GC_CONCURRENT freed 3594K, 43% free 9559K/16616K, paused 0ms+1ms, total 5ms
02-03 12:43:39.481 D/dalvikvm(15954): WAIT_FOR_CONCURRENT_GC blocked 2ms
02-03 12:43:39.491 D/dalvikvm(15954): GC_CONCURRENT freed 4570K, 46% free 8999K/16616K, paused 1ms+1ms, total 6ms
02-03 12:43:39.491 D/dalvikvm(15954): WAIT_FOR_CONCURRENT_GC blocked 5ms
02-03 12:43:39.491 D/dalvikvm(15954): GC_FOR_ALLOC freed 3859K, 46% free 9102K/16616K, paused 4ms, total 4ms
02-03 12:43:39.501 D/dalvikvm(15954): GC_FOR_ALLOC freed 3993K, 46% free 9027K/16616K, paused 4ms, total 4ms
02-03 12:43:39.511 D/dalvikvm(15954): GC_FOR_ALLOC freed 3828K, 45% free 9251K/16616K, paused 4ms, total 4ms
02-03 12:43:39.511 D/dalvikvm(15954): GC_CONCURRENT freed 3587K, 43% free 9551K/16616K, paused 1ms+1ms, total 6ms
02-03 12:43:39.511 D/dalvikvm(15954): WAIT_FOR_CONCURRENT_GC blocked 2ms
02-03 12:43:39.521 D/dalvikvm(15954): GC_FOR_ALLOC freed 4469K, 46% free 9099K/16616K, paused 4ms, total 4ms
02-03 12:43:39.531 D/dalvikvm(15954): GC_CONCURRENT freed 3452K, 42% free 9644K/16616K, paused 0ms+1ms, total 5ms
02-03 12:43:39.531 D/dalvikvm(15954): WAIT_FOR_CONCURRENT_GC blocked 2ms
02-03 12:43:39.531 D/dalvikvm(15954): GC_CONCURRENT freed 4520K, 45% free 9178K/16616K, paused 0ms+0ms, total 5ms
02-03 12:43:39.531 D/dalvikvm(15954): WAIT_FOR_CONCURRENT_GC blocked 4ms
02-03 12:43:39.541 D/dalvikvm(15954): GC_FOR_ALLOC freed 4111K, 46% free 9017K/16616K, paused 4ms, total 4ms
02-03 12:43:39.551 D/dalvikvm(15954): GC_FOR_ALLOC freed 4005K, 46% free 9047K/16616K, paused 5ms, total 5ms
02-03 12:43:39.551 D/dalvikvm(15954): GC_CONCURRENT freed 3392K, 42% free 9709K/16616K, paused 0ms+1ms, total 6ms
02-03 12:43:39.561 D/dalvikvm(15954): GC_FOR_ALLOC freed 4355K, 45% free 9299K/16616K, paused 5ms, total 5ms
02-03 12:43:39.571 D/dalvikvm(15954): GC_FOR_ALLOC freed 4160K, 46% free 9130K/16616K, paused 5ms, total 5ms
02-03 12:43:39.571 D/dalvikvm(15954): GC_CONCURRENT freed 3614K, 44% free 9469K/16616K, paused 1ms+1ms, total 6ms
02-03 12:43:39.571 D/dalvikvm(15954): WAIT_FOR_CONCURRENT_GC blocked 2ms
02-03 12:43:39.581 D/dalvikvm(15954): GC_FOR_ALLOC freed 4245K, 44% free 9306K/16616K, paused 4ms, total 4ms
02-03 12:43:39.591 D/dalvikvm(15954): GC_CONCURRENT freed 3521K, 42% free 9653K/16616K, paused 1ms+1ms, total 6ms
02-03 12:43:39.591 D/dalvikvm(15954): WAIT_FOR_CONCURRENT_GC blocked 2ms
02-03 12:43:39.591 D/dalvikvm(15954): GC_FOR_ALLOC freed 4515K, 46% free 9134K/16616K, paused 4ms, total 4ms
02-03 12:43:39.601 D/dalvikvm(15954): GC_FOR_ALLOC freed 3766K, 44% free 9316K/16616K, paused 4ms, total 4ms
02-03 12:43:39.611 D/dalvikvm(15954): GC_CONCURRENT freed 4078K, 45% free 9231K/16616K, paused 0ms+1ms, total 5ms
02-03 12:43:39.611 D/dalvikvm(15954): WAIT_FOR_CONCURRENT_GC blocked 5ms
02-03 12:43:39.621 D/dalvikvm(15954): GC_FOR_ALLOC freed 4032K, 46% free 9047K/16616K, paused 5ms, total 5ms
02-03 12:43:39.621 D/dalvikvm(15954): GC_FOR_ALLOC freed 3884K, 46% free 9048K/16616K, paused 4ms, total 4ms
02-03 12:43:39.631 D/dalvikvm(15954): GC_FOR_ALLOC freed 3921K, 46% free 9050K/16616K, paused 4ms, total 4ms
02-03 12:43:39.641 D/dalvikvm(15954): GC_FOR_ALLOC freed 3959K, 46% free 9052K/16616K, paused 4ms, total 4ms
02-03 12:43:39.641 D/dalvikvm(15954): GC_CONCURRENT freed 3806K, 45% free 9244K/16616K, paused 1ms+1ms, total 5ms
02-03 12:43:39.641 D/dalvikvm(15954): WAIT_FOR_CONCURRENT_GC blocked 4ms
02-03 12:43:39.651 D/dalvikvm(15954): GC_CONCURRENT freed 4032K, 45% free 9248K/16616K, paused 0ms+1ms, total 5ms
02-03 12:43:39.651 D/dalvikvm(15954): WAIT_FOR_CONCURRENT_GC blocked 5ms
02-03 12:43:39.661 D/dalvikvm(15954): GC_CONCURRENT freed 4070K, 45% free 9252K/16616K, paused 1ms+1ms, total 5ms
02-03 12:43:39.661 D/dalvikvm(15954): WAIT_FOR_CONCURRENT_GC blocked 4ms
02-03 12:43:39.671 D/dalvikvm(15954): GC_FOR_ALLOC freed 3817K, 44% free 9348K/16616K, paused 4ms, total 4ms
02-03 12:43:39.671 D/dalvikvm(15954): GC_FOR_ALLOC freed 4143K, 45% free 9155K/16616K, paused 4ms, total 4ms
02-03 12:43:39.681 D/dalvikvm(15954): GC_FOR_ALLOC freed 3981K, 46% free 9059K/16616K, paused 4ms, total 4ms
02-03 12:43:39.691 D/dalvikvm(15954): GC_FOR_ALLOC freed 3712K, 44% free 9361K/16616K, paused 5ms, total 5ms
02-03 12:43:39.691 D/dalvikvm(15954): GC_CONCURRENT freed 3546K, 41% free 9866K/16616K, paused 1ms+1ms, total 6ms
02-03 12:43:39.691 D/dalvikvm(15954): WAIT_FOR_CONCURRENT_GC blocked 2ms
02-03 12:43:39.701 D/dalvikvm(15954): GC_CONCURRENT freed 4583K, 45% free 9268K/16616K, paused 1ms+1ms, total 5ms
02-03 12:43:39.701 D/dalvikvm(15954): WAIT_FOR_CONCURRENT_GC blocked 4ms
02-03 12:43:39.711 D/dalvikvm(15954): GC_FOR_ALLOC freed 4013K, 45% free 9168K/16616K, paused 4ms, total 4ms
02-03 12:43:39.721 D/dalvikvm(15954): GC_CONCURRENT freed 3944K, 45% free 9275K/16616K, paused 0ms+1ms, total 4ms
02-03 12:43:39.721 D/dalvikvm(15954): WAIT_FOR_CONCURRENT_GC blocked 4ms
02-03 12:43:39.721 D/dalvikvm(15954): GC_FOR_ALLOC freed 4080K, 45% free 9173K/16616K, paused 4ms, total 4ms
02-03 12:43:39.731 D/dalvikvm(15954): GC_CONCURRENT freed 3168K, 41% free 9911K/16616K, paused 1ms+1ms, total 6ms
02-03 12:43:39.731 D/dalvikvm(15954): WAIT_FOR_CONCURRENT_GC blocked 2ms
02-03 12:43:39.741 D/dalvikvm(15954): GC_FOR_ALLOC freed 4776K, 46% free 9072K/16616K, paused 4ms, total 5ms
02-03 12:43:39.741 D/dalvikvm(15954): GC_FOR_ALLOC freed 3963K, 45% free 9180K/16616K, paused 4ms, total 4ms
02-03 12:43:39.751 D/dalvikvm(15954): GC_CONCURRENT freed 3240K, 41% free 9935K/16616K, paused 0ms+1ms, total 6ms
02-03 12:43:39.751 D/dalvikvm(15954): WAIT_FOR_CONCURRENT_GC blocked 2ms
02-03 12:43:39.761 D/dalvikvm(15954): GC_FOR_ALLOC freed 4338K, 44% free 9402K/16616K, paused 4ms, total 4ms
02-03 12:43:39.761 D/dalvikvm(15954): GC_CONCURRENT freed 4159K, 45% free 9297K/16616K, paused 1ms+1ms, total 5ms
02-03 12:43:39.761 D/dalvikvm(15954): WAIT_FOR_CONCURRENT_GC blocked 4ms
02-03 12:43:39.771 D/dalvikvm(15954): GC_FOR_ALLOC freed 4077K, 46% free 9080K/16616K, paused 4ms, total 4ms
02-03 12:43:39.781 D/dalvikvm(15954): GC_FOR_ALLOC freed 3884K, 46% free 9081K/16616K, paused 4ms, total 4ms
02-03 12:43:39.791 D/dalvikvm(15954): GC_FOR_ALLOC freed 3910K, 46% free 9083K/16616K, paused 5ms, total 5ms
02-03 12:43:39.791 D/dalvikvm(15954): GC_FOR_ALLOC freed 3937K, 46% free 9084K/16616K, paused 4ms, total 4ms
02-03 12:43:39.801 D/dalvikvm(15954): GC_FOR_ALLOC freed 3963K, 46% free 9086K/16616K, paused 4ms, total 4ms
02-03 12:43:39.811 D/dalvikvm(15954): GC_CONCURRENT freed 3761K, 44% free 9315K/16616K, paused 0ms+1ms, total 4ms
02-03 12:43:39.811 D/dalvikvm(15954): WAIT_FOR_CONCURRENT_GC blocked 5ms
02-03 12:43:39.821 D/dalvikvm(15954): GC_CONCURRENT freed 4014K, 44% free 9318K/16616K, paused 1ms+1ms, total 5ms
02-03 12:43:39.821 D/dalvikvm(15954): WAIT_FOR_CONCURRENT_GC blocked 5ms
02-03 12:43:39.821 D/dalvikvm(15954): GC_CONCURRENT freed 4040K, 44% free 9321K/16616K, paused 1ms+1ms, total 5ms
02-03 12:43:39.821 D/dalvikvm(15954): WAIT_FOR_CONCURRENT_GC blocked 4ms
02-03 12:43:39.831 D/dalvikvm(15954): GC_CONCURRENT freed 4067K, 44% free 9325K/16616K, paused 1ms+1ms, total 5ms
02-03 12:43:39.831 D/dalvikvm(15954): WAIT_FOR_CONCURRENT_GC blocked 4ms
02-03 12:43:39.841 D/dalvikvm(15954): GC_FOR_ALLOC freed 3743K, 44% free 9444K/16616K, paused 4ms, total 4ms
02-03 12:43:39.851 D/dalvikvm(15954): GC_FOR_ALLOC freed 4123K, 45% free 9212K/16616K, paused 5ms, total 5ms
02-03 12:43:39.851 D/dalvikvm(15954): GC_FOR_ALLOC freed 3914K, 46% free 9097K/16616K, paused 4ms, total 4ms
02-03 12:43:39.861 D/dalvikvm(15954): GC_FOR_ALLOC freed 3581K, 44% free 9456K/16616K, paused 4ms, total 4ms
02-03 12:43:39.871 D/dalvikvm(15954): GC_FOR_ALLOC freed 4205K, 45% free 9220K/16616K, paused 4ms, total 4ms
02-03 12:43:39.871 D/dalvikvm(15954): GC_CONCURRENT freed 3391K, 42% free 9703K/16616K, paused 1ms+1ms, total 6ms
02-03 12:43:39.871 D/dalvikvm(15954): WAIT_FOR_CONCURRENT_GC blocked 2ms
02-03 12:43:39.881 D/dalvikvm(15954): GC_FOR_ALLOC freed 4252K, 45% free 9224K/16616K, paused 5ms, total 5ms
02-03 12:43:39.891 D/dalvikvm(15954): GC_FOR_ALLOC freed 4042K, 46% free 9104K/16616K, paused 5ms, total 5ms
02-03 12:43:39.891 D/dalvikvm(15954): GC_FOR_ALLOC freed 3696K, 43% free 9475K/16616K, paused 5ms, total 5ms
02-03 12:43:39.901 D/dalvikvm(15954): GC_CONCURRENT freed 3228K, 40% free 9971K/16616K, paused 0ms+1ms, total 5ms
02-03 12:43:39.901 D/dalvikvm(15954): WAIT_FOR_CONCURRENT_GC blocked 1ms
02-03 12:43:39.911 D/dalvikvm(15954): GC_FOR_ALLOC freed 4606K, 45% free 9233K/16616K, paused 4ms, total 4ms
02-03 12:43:39.911 D/dalvikvm(15954): GC_CONCURRENT freed 3891K, 44% free 9362K/16616K, paused 0ms+0ms, total 5ms
02-03 12:43:39.911 D/dalvikvm(15954): WAIT_FOR_CONCURRENT_GC blocked 4ms
02-03 12:43:39.921 D/dalvikvm(15954): GC_FOR_ALLOC freed 4039K, 45% free 9238K/16616K, paused 4ms, total 4ms
02-03 12:43:39.931 D/dalvikvm(15954): GC_CONCURRENT freed 3938K, 44% free 9368K/16616K, paused 1ms+1ms, total 5ms
02-03 12:43:39.931 D/dalvikvm(15954): WAIT_FOR_CONCURRENT_GC blocked 5ms
02-03 12:43:39.941 D/dalvikvm(15954): GC_FOR_ALLOC freed 4087K, 45% free 9242K/16616K, paused 4ms, total 4ms
02-03 12:43:39.941 D/dalvikvm(15954): GC_FOR_ALLOC freed 3596K, 43% free 9501K/16616K, paused 4ms, total 4ms
02-03 12:43:39.951 D/dalvikvm(15954): GC_FOR_ALLOC freed 4263K, 46% free 9118K/16616K, paused 4ms, total 4ms
02-03 12:43:39.961 D/dalvikvm(15954): GC_FOR_ALLOC freed 3897K, 45% free 9249K/16616K, paused 4ms, total 4ms
02-03 12:43:39.961 D/dalvikvm(15954): GC_CONCURRENT freed 2746K, 38% free 10423K/16616K, paused 1ms+1ms, total 5ms
02-03 12:43:39.961 D/dalvikvm(15954): WAIT_FOR_CONCURRENT_GC blocked 2ms
02-03 12:43:39.971 D/dalvikvm(15954): GC_FOR_ALLOC freed 4586K, 45% free 9253K/16616K, paused 4ms, total 4ms
02-03 12:43:39.981 D/dalvikvm(15954): GC_FOR_ALLOC freed 3694K, 43% free 9519K/16616K, paused 4ms, total 4ms
02-03 12:43:39.981 D/dalvikvm(15954): GC_CONCURRENT freed 4112K, 44% free 9391K/16616K, paused 0ms+1ms, total 5ms
02-03 12:43:39.981 D/dalvikvm(15954): WAIT_FOR_CONCURRENT_GC blocked 5ms
02-03 12:43:39.991 D/dalvikvm(15954): GC_FOR_ALLOC freed 4001K, 46% free 9126K/16616K, paused 4ms, total 4ms
02-03 12:43:40.001 D/dalvikvm(15954): GC_FOR_ALLOC freed 3754K, 46% free 9127K/16616K, paused 4ms, total 4ms
02-03 12:43:40.001 D/dalvikvm(15954): GC_FOR_ALLOC freed 3773K, 46% free 9129K/16616K, paused 4ms, total 4ms
02-03 12:43:40.011 D/dalvikvm(15954): GC_FOR_ALLOC freed 3792K, 46% free 9130K/16616K, paused 4ms, total 4ms
02-03 12:43:40.021 D/dalvikvm(15954): GC_FOR_ALLOC freed 3811K, 46% free 9132K/16616K, paused 5ms, total 5ms
02-03 12:43:40.021 D/dalvikvm(15954): GC_FOR_ALLOC freed 3830K, 46% free 9133K/16616K, paused 4ms, total 4ms
02-03 12:43:40.031 D/dalvikvm(15954): GC_FOR_ALLOC freed 3849K, 46% free 9134K/16616K, paused 4ms, total 4ms
02-03 12:43:40.041 D/dalvikvm(15954): GC_FOR_ALLOC freed 3867K, 46% free 9136K/16616K, paused 4ms, total 4ms
02-03 12:43:40.041 D/dalvikvm(15954): GC_FOR_ALLOC freed 3886K, 46% free 9137K/16616K, paused 4ms, total 4ms
02-03 12:43:40.051 D/dalvikvm(15954): GC_FOR_ALLOC freed 3905K, 46% free 9138K/16616K, paused 5ms, total 5ms
02-03 12:43:40.061 D/dalvikvm(15954): GC_FOR_ALLOC freed 3924K, 45% free 9140K/16616K, paused 4ms, total 4ms
02-03 12:43:40.061 D/dalvikvm(15954): GC_FOR_ALLOC freed 3943K, 45% free 9141K/16616K, paused 4ms, total 4ms
02-03 12:43:40.071 D/dalvikvm(15954): GC_FOR_ALLOC freed 3961K, 45% free 9142K/16616K, paused 5ms, total 5ms
02-03 12:43:40.081 D/dalvikvm(15954): GC_CONCURRENT freed 3696K, 44% free 9428K/16616K, paused 1ms+1ms, total 5ms
02-03 12:43:40.081 D/dalvikvm(15954): WAIT_FOR_CONCURRENT_GC blocked 4ms
02-03 12:43:40.091 D/dalvikvm(15954): GC_CONCURRENT freed 3998K, 44% free 9431K/16616K, paused 1ms+0ms, total 5ms
02-03 12:43:40.091 D/dalvikvm(15954): WAIT_FOR_CONCURRENT_GC blocked 4ms
02-03 12:43:40.091 D/dalvikvm(15954): GC_CONCURRENT freed 4017K, 44% free 9433K/16616K, paused 0ms+1ms, total 4ms
02-03 12:43:40.091 D/dalvikvm(15954): WAIT_FOR_CONCURRENT_GC blocked 4ms
02-03 12:43:40.101 D/dalvikvm(15954): GC_CONCURRENT freed 4035K, 44% free 9436K/16616K, paused 1ms+1ms, total 5ms
02-03 12:43:40.101 D/dalvikvm(15954): WAIT_FOR_CONCURRENT_GC blocked 4ms
02-03 12:43:40.111 D/dalvikvm(15954): GC_FOR_ALLOC freed 4344K, 45% free 9149K/16616K, paused 4ms, total 4ms
02-03 12:43:40.111 D/dalvikvm(15954): GC_CONCURRENT freed 3783K, 44% free 9442K/16616K, paused 1ms+1ms, total 5ms
02-03 12:43:40.111 D/dalvikvm(15954): WAIT_FOR_CONCURRENT_GC blocked 4ms
02-03 12:43:40.121 D/dalvikvm(15954): GC_CONCURRENT freed 4092K, 44% free 9444K/16616K, paused 1ms+1ms, total 5ms
02-03 12:43:40.121 D/dalvikvm(15954): WAIT_FOR_CONCURRENT_GC blocked 4ms
02-03 12:43:40.131 D/dalvikvm(15954): GC_FOR_ALLOC freed 3668K, 43% free 9593K/16616K, paused 4ms, total 4ms
02-03 12:43:40.141 D/dalvikvm(15954): GC_FOR_ALLOC freed 4127K, 45% free 9301K/16616K, paused 4ms, total 4ms
02-03 12:43:40.141 D/dalvikvm(15954): GC_FOR_ALLOC freed 3850K, 45% free 9155K/16616K, paused 5ms, total 5ms
02-03 12:43:40.151 D/dalvikvm(15954): GC_FOR_ALLOC freed 3418K, 43% free 9602K/16616K, paused 4ms, total 4ms
02-03 12:43:40.161 D/dalvikvm(15954): GC_FOR_ALLOC freed 4179K, 44% free 9307K/16616K, paused 4ms, total 4ms
02-03 12:43:40.161 D/dalvikvm(15954): GC_FOR_ALLOC freed 3898K, 45% free 9159K/16616K, paused 4ms, total 4ms
02-03 12:43:40.171 D/dalvikvm(15954): GC_FOR_ALLOC freed 3461K, 43% free 9611K/16616K, paused 4ms, total 4ms
02-03 12:43:40.181 D/dalvikvm(15954): GC_FOR_ALLOC freed 4231K, 44% free 9312K/16616K, paused 4ms, total 4ms
02-03 12:43:40.181 D/dalvikvm(15954): GC_FOR_ALLOC freed 3946K, 45% free 9163K/16616K, paused 4ms, total 4ms
02-03 12:43:40.191 D/dalvikvm(15954): GC_FOR_ALLOC freed 3503K, 43% free 9621K/16616K, paused 4ms, total 4ms
02-03 12:43:40.201 D/dalvikvm(15954): GC_CONCURRENT freed 4282K, 44% free 9318K/16616K, paused 0ms+0ms, total 5ms
02-03 12:43:40.201 D/dalvikvm(15954): WAIT_FOR_CONCURRENT_GC blocked 5ms
02-03 12:43:40.201 D/dalvikvm(15954): GC_FOR_ALLOC freed 3994K, 45% free 9167K/16616K, paused 5ms, total 5ms
02-03 12:43:40.211 D/dalvikvm(15954): GC_FOR_ALLOC freed 3546K, 43% free 9630K/16616K, paused 4ms, total 4ms
02-03 12:43:40.221 D/dalvikvm(15954): GC_CONCURRENT freed 2944K, 39% free 10249K/16616K, paused 0ms+1ms, total 6ms
02-03 12:43:40.221 D/dalvikvm(15954): WAIT_FOR_CONCURRENT_GC blocked 3ms
02-03 12:43:40.221 D/dalvikvm(15954): GC_FOR_ALLOC freed 3564K, 43% free 9635K/16616K, paused 4ms, total 4ms
02-03 12:43:40.231 D/dalvikvm(15954): GC_FOR_ALLOC freed 4051K, 45% free 9171K/16616K, paused 4ms, total 4ms
02-03 12:43:40.241 D/dalvikvm(15954): GC_FOR_ALLOC freed 3596K, 42% free 9641K/16616K, paused 4ms, total 4ms
02-03 12:43:40.241 D/dalvikvm(15954): GC_CONCURRENT freed 2986K, 39% free 10269K/16616K, paused 1ms+1ms, total 6ms
02-03 12:43:40.241 D/dalvikvm(15954): WAIT_FOR_CONCURRENT_GC blocked 2ms
02-03 12:43:40.251 D/dalvikvm(15954): GC_FOR_ALLOC freed 3614K, 42% free 9646K/16616K, paused 4ms, total 4ms
02-03 12:43:40.251 D/dalvikvm(15954): GC_FOR_ALLOC freed 4107K, 45% free 9175K/16616K, paused 4ms, total 4ms
02-03 12:43:40.261 D/dalvikvm(15954): GC_FOR_ALLOC freed 3646K, 44% free 9334K/16616K, paused 5ms, total 5ms
02-03 12:43:40.271 D/dalvikvm(15954): GC_CONCURRENT freed 3820K, 43% free 9496K/16616K, paused 1ms+1ms, total 5ms
02-03 12:43:40.271 D/dalvikvm(15954): WAIT_FOR_CONCURRENT_GC blocked 4ms
02-03 12:43:40.281 D/dalvikvm(15954): GC_FOR_ALLOC freed 3992K, 44% free 9338K/16616K, paused 4ms, total 4ms
02-03 12:43:40.281 D/dalvikvm(15954): GC_CONCURRENT freed 3850K, 43% free 9501K/16616K, paused 1ms+1ms, total 6ms
02-03 12:43:40.281 D/dalvikvm(15954): WAIT_FOR_CONCURRENT_GC blocked 4ms
02-03 12:43:40.291 D/dalvikvm(15954): GC_FOR_ALLOC freed 4023K, 44% free 9342K/16616K, paused 4ms, total 4ms
02-03 12:43:40.301 D/dalvikvm(15954): GC_CONCURRENT freed 3878K, 43% free 9506K/16616K, paused 1ms+1ms, total 5ms
02-03 12:43:40.301 D/dalvikvm(15954): WAIT_FOR_CONCURRENT_GC blocked 4ms
02-03 12:43:40.311 D/dalvikvm(15954): GC_FOR_ALLOC freed 4053K, 44% free 9345K/16616K, paused 5ms, total 5ms
02-03 12:43:40.311 D/dalvikvm(15954): GC_CONCURRENT freed 3907K, 43% free 9510K/16616K, paused 1ms+1ms, total 5ms
02-03 12:43:40.311 D/dalvikvm(15954): WAIT_FOR_CONCURRENT_GC blocked 4ms
02-03 12:43:40.321 D/dalvikvm(15954): GC_FOR_ALLOC freed 4084K, 44% free 9349K/16616K, paused 4ms, total 4ms
02-03 12:43:40.331 D/dalvikvm(15954): GC_FOR_ALLOC freed 3444K, 42% free 9679K/16616K, paused 4ms, total 4ms
02-03 12:43:40.331 D/dalvikvm(15954): GC_FOR_ALLOC freed 4281K, 45% free 9189K/16616K, paused 5ms, total 5ms
02-03 12:43:40.341 D/dalvikvm(15954): GC_FOR_ALLOC freed 3801K, 44% free 9354K/16616K, paused 4ms, total 4ms
02-03 12:43:40.351 D/dalvikvm(15954): GC_FOR_ALLOC freed 3481K, 42% free 9687K/16616K, paused 4ms, total 4ms
02-03 12:43:40.351 D/dalvikvm(15954): GC_FOR_ALLOC freed 4323K, 45% free 9192K/16616K, paused 4ms, total 4ms
02-03 12:43:40.361 D/dalvikvm(15954): GC_CONCURRENT freed 3836K, 44% free 9359K/16616K, paused 0ms+1ms, total 4ms
02-03 12:43:40.361 D/dalvikvm(15954): WAIT_FOR_CONCURRENT_GC blocked 4ms
02-03 12:43:40.371 D/dalvikvm(15954): GC_FOR_ALLOC freed 3512K, 42% free 9695K/16616K, paused 4ms, total 4ms
02-03 12:43:40.371 D/dalvikvm(15954): GC_FOR_ALLOC freed 4362K, 45% free 9195K/16616K, paused 4ms, total 4ms
02-03 12:43:40.381 D/dalvikvm(15954): GC_CONCURRENT freed 3870K, 44% free 9364K/16616K, paused 1ms+1ms, total 7ms
02-03 12:43:40.381 D/dalvikvm(15954): WAIT_FOR_CONCURRENT_GC blocked 6ms
02-03 12:43:40.391 D/dalvikvm(15954): GC_FOR_ALLOC freed 3544K, 42% free 9702K/16616K, paused 5ms, total 5ms
02-03 12:43:40.401 D/dalvikvm(15954): GC_CONCURRENT freed 4595K, 45% free 9202K/16616K, paused 0ms+0ms, total 5ms
02-03 12:43:40.401 D/dalvikvm(15954): WAIT_FOR_CONCURRENT_GC blocked 4ms
02-03 12:43:40.411 D/dalvikvm(15954): GC_FOR_ALLOC freed 3684K, 44% free 9405K/16616K, paused 4ms, total 4ms
02-03 12:43:40.421 D/dalvikvm(15954): GC_FOR_ALLOC freed 5029K, 52% free 8134K/16616K, paused 4ms, total 4ms
02-03 12:43:40.441 D/dalvikvm(15954): GC_CONCURRENT freed 3334K, 47% free 8843K/16616K, paused 2ms+1ms, total 5ms
02-03 12:43:40.501 D/dalvikvm(15954): GC_CONCURRENT freed 3994K, 47% free 8928K/16616K, paused 0ms+1ms, total 6ms
02-03 12:43:40.501 D/dalvikvm(15954): WAIT_FOR_CONCURRENT_GC blocked 6ms
02-03 12:43:40.511 D/dalvikvm(15954): GC_CONCURRENT freed 4043K, 47% free 8915K/16616K, paused 1ms+1ms, total 5ms
02-03 12:43:40.521 D/dalvikvm(15954): GC_CONCURRENT freed 4016K, 47% free 8962K/16616K, paused 1ms+0ms, total 5ms
02-03 12:43:40.521 D/dalvikvm(15954): WAIT_FOR_CONCURRENT_GC blocked 4ms
02-03 12:43:40.531 D/dalvikvm(15954): GC_CONCURRENT freed 4058K, 47% free 8970K/16616K, paused 1ms+1ms, total 5ms
02-03 12:43:40.531 D/dalvikvm(15954): WAIT_FOR_CONCURRENT_GC blocked 4ms
02-03 12:43:40.541 D/dalvikvm(15954): GC_CONCURRENT freed 4066K, 47% free 8958K/16616K, paused 0ms+1ms, total 5ms
02-03 12:43:40.541 D/dalvikvm(15954): WAIT_FOR_CONCURRENT_GC blocked 4ms
02-03 12:43:40.551 D/dalvikvm(15954): GC_CONCURRENT freed 4030K, 47% free 8965K/16616K, paused 1ms+0ms, total 5ms
02-03 12:43:40.551 D/dalvikvm(15954): WAIT_FOR_CONCURRENT_GC blocked 4ms
02-03 12:43:40.551 D/dalvikvm(15954): GC_CONCURRENT freed 4067K, 47% free 8933K/16616K, paused 0ms+0ms, total 5ms
02-03 12:43:40.551 D/dalvikvm(15954): WAIT_FOR_CONCURRENT_GC blocked 4ms
02-03 12:43:40.561 D/dalvikvm(15954): GC_FOR_ALLOC freed 3985K, 46% free 9037K/16616K, paused 4ms, total 4ms
02-03 12:43:40.571 D/dalvikvm(15954): GC_CONCURRENT freed 3920K, 45% free 9180K/16616K, paused 1ms+1ms, total 6ms
02-03 12:43:40.571 D/dalvikvm(15954): WAIT_FOR_CONCURRENT_GC blocked 1ms
02-03 12:43:40.571 D/dalvikvm(15954): GC_FOR_ALLOC freed 4273K, 47% free 8966K/16616K, paused 4ms, total 4ms
02-03 12:43:40.581 D/dalvikvm(15954): GC_CONCURRENT freed 3863K, 46% free 9130K/16616K, paused 0ms+1ms, total 6ms
02-03 12:43:40.581 D/dalvikvm(15954): WAIT_FOR_CONCURRENT_GC blocked 2ms
02-03 12:43:40.591 D/dalvikvm(15954): GC_CONCURRENT freed 4149K, 46% free 9020K/16616K, paused 0ms+1ms, total 5ms
02-03 12:43:40.591 D/dalvikvm(15954): WAIT_FOR_CONCURRENT_GC blocked 4ms
02-03 12:43:40.601 D/dalvikvm(15954): GC_CONCURRENT freed 4069K, 46% free 8975K/16616K, paused 0ms+1ms, total 4ms
02-03 12:43:40.601 D/dalvikvm(15954): WAIT_FOR_CONCURRENT_GC blocked 4ms
02-03 12:43:40.601 D/dalvikvm(15954): GC_FOR_ALLOC freed 4039K, 46% free 8977K/16616K, paused 5ms, total 5ms
02-03 12:43:40.611 D/dalvikvm(15954): GC_CONCURRENT freed 3845K, 45% free 9203K/16616K, paused 0ms+1ms, total 6ms
02-03 12:43:40.611 D/dalvikvm(15954): WAIT_FOR_CONCURRENT_GC blocked 2ms
02-03 12:43:40.621 D/dalvikvm(15954): GC_FOR_ALLOC freed 4213K, 47% free 8959K/16616K, paused 4ms, total 4ms
02-03 12:43:40.621 D/dalvikvm(15954): GC_CONCURRENT freed 3828K, 45% free 9226K/16616K, paused 1ms+1ms, total 6ms
02-03 12:43:40.621 D/dalvikvm(15954): WAIT_FOR_CONCURRENT_GC blocked 2ms
02-03 12:43:40.631 D/dalvikvm(15954): GC_FOR_ALLOC freed 4209K, 46% free 9016K/16616K, paused 4ms, total 4ms
02-03 12:43:40.641 D/dalvikvm(15954): GC_CONCURRENT freed 3666K, 44% free 9406K/16616K, paused 1ms+1ms, total 6ms
02-03 12:43:40.641 D/dalvikvm(15954): WAIT_FOR_CONCURRENT_GC blocked 1ms
02-03 12:43:40.641 D/dalvikvm(15954): GC_FOR_ALLOC freed 4322K, 46% free 9134K/16616K, paused 4ms, total 4ms
02-03 12:43:40.651 D/dalvikvm(15954): GC_CONCURRENT freed 3743K, 44% free 9426K/16616K, paused 0ms+1ms, total 6ms
02-03 12:43:40.651 D/dalvikvm(15954): WAIT_FOR_CONCURRENT_GC blocked 2ms
02-03 12:43:40.661 D/dalvikvm(15954): GC_CONCURRENT freed 4414K, 46% free 9084K/16616K, paused 0ms+1ms, total 4ms
02-03 12:43:40.661 D/dalvikvm(15954): WAIT_FOR_CONCURRENT_GC blocked 4ms
02-03 12:43:40.661 D/dalvikvm(15954): GC_FOR_ALLOC freed 4040K, 47% free 8960K/16616K, paused 4ms, total 4ms
02-03 12:43:40.671 D/dalvikvm(15954): GC_CONCURRENT freed 3870K, 46% free 9091K/16616K, paused 1ms+0ms, total 5ms
02-03 12:43:40.671 D/dalvikvm(15954): WAIT_FOR_CONCURRENT_GC blocked 4ms
02-03 12:43:40.681 D/dalvikvm(15954): GC_FOR_ALLOC freed 4214K, 47% free 8962K/16616K, paused 4ms, total 4ms
02-03 12:43:40.691 D/dalvikvm(15954): GC_CONCURRENT freed 3238K, 44% free 9456K/16616K, paused 0ms+1ms, total 5ms
02-03 12:43:40.691 D/dalvikvm(15954): GC_FOR_ALLOC freed 4368K, 46% free 9062K/16616K, paused 4ms, total 4ms
02-03 12:43:40.701 D/dalvikvm(15954): GC_CONCURRENT freed 3502K, 43% free 9537K/16616K, paused 1ms+1ms, total 6ms
02-03 12:43:40.701 D/dalvikvm(15954): WAIT_FOR_CONCURRENT_GC blocked 1ms
02-03 12:43:40.711 D/dalvikvm(15954): GC_CONCURRENT freed 4457K, 46% free 9132K/16616K, paused 1ms+1ms, total 5ms
02-03 12:43:40.711 D/dalvikvm(15954): WAIT_FOR_CONCURRENT_GC blocked 2ms
02-03 12:43:40.711 D/dalvikvm(15954): GC_CONCURRENT freed 3973K, 46% free 9137K/16616K, paused 0ms+1ms, total 4ms
02-03 12:43:40.711 D/dalvikvm(15954): WAIT_FOR_CONCURRENT_GC blocked 4ms
02-03 12:43:40.721 D/dalvikvm(15954): GC_FOR_ALLOC freed 4190K, 46% free 8992K/16616K, paused 4ms, total 4ms
02-03 12:43:40.731 D/dalvikvm(15954): GC_CONCURRENT freed 2863K, 42% free 9721K/16616K, paused 0ms+1ms, total 5ms
02-03 12:43:40.731 D/dalvikvm(15954): GC_FOR_ALLOC freed 4527K, 45% free 9216K/16616K, paused 4ms, total 4ms
02-03 12:43:40.741 D/dalvikvm(15954): GC_CONCURRENT freed 3178K, 43% free 9589K/16616K, paused 1ms+1ms, total 5ms
02-03 12:43:40.751 D/dalvikvm(15954): GC_CONCURRENT freed 4503K, 45% free 9146K/16616K, paused 0ms+1ms, total 4ms
02-03 12:43:40.751 D/dalvikvm(15954): WAIT_FOR_CONCURRENT_GC blocked 4ms
02-03 12:43:40.761 D/dalvikvm(15954): GC_CONCURRENT freed 4118K, 46% free 9069K/16616K, paused 0ms+1ms, total 4ms
02-03 12:43:40.761 D/dalvikvm(15954): WAIT_FOR_CONCURRENT_GC blocked 4ms
02-03 12:43:40.761 D/dalvikvm(15954): GC_CONCURRENT freed 3862K, 45% free 9226K/16616K, paused 1ms+1ms, total 5ms
02-03 12:43:40.761 D/dalvikvm(15954): WAIT_FOR_CONCURRENT_GC blocked 4ms
02-03 12:43:40.771 D/dalvikvm(15954): GC_FOR_ALLOC freed 3914K, 45% free 9259K/16616K, paused 4ms, total 4ms
02-03 12:43:40.781 D/dalvikvm(15954): GC_FOR_ALLOC freed 3969K, 45% free 9261K/16616K, paused 4ms, total 4ms
02-03 12:43:40.781 D/dalvikvm(15954): GC_CONCURRENT freed 3454K, 41% free 9831K/16616K, paused 1ms+1ms, total 7ms
02-03 12:43:40.781 D/dalvikvm(15954): WAIT_FOR_CONCURRENT_GC blocked 2ms
02-03 12:43:40.791 D/dalvikvm(15954): GC_CONCURRENT freed 4645K, 45% free 9264K/16616K, paused 0ms+0ms, total 5ms
02-03 12:43:40.791 D/dalvikvm(15954): WAIT_FOR_CONCURRENT_GC blocked 5ms
02-03 12:43:40.801 D/dalvikvm(15954): GC_FOR_ALLOC freed 4131K, 46% free 9096K/16616K, paused 4ms, total 4ms
02-03 12:43:40.811 D/dalvikvm(15954): GC_FOR_ALLOC freed 4011K, 46% free 9010K/16616K, paused 4ms, total 4ms
02-03 12:43:40.811 D/dalvikvm(15954): GC_FOR_ALLOC freed 3793K, 45% free 9271K/16616K, paused 4ms, total 4ms
02-03 12:43:40.821 D/dalvikvm(15954): GC_CONCURRENT freed 3670K, 44% free 9442K/16616K, paused 1ms+1ms, total 5ms
02-03 12:43:40.821 D/dalvikvm(15954): WAIT_FOR_CONCURRENT_GC blocked 2ms
02-03 12:43:40.831 D/dalvikvm(15954): GC_CONCURRENT freed 4315K, 46% free 9096K/16616K, paused 1ms+1ms, total 5ms
02-03 12:43:40.831 D/dalvikvm(15954): WAIT_FOR_CONCURRENT_GC blocked 4ms
02-03 12:43:40.831 D/dalvikvm(15954): GC_FOR_ALLOC freed 3742K, 45% free 9277K/16616K, paused 4ms, total 4ms
02-03 12:43:40.841 D/dalvikvm(15954): GC_FOR_ALLOC freed 4236K, 46% free 9040K/16616K, paused 4ms, total 4ms
02-03 12:43:40.841 D/dalvikvm(15954): GC_CONCURRENT freed 2918K, 41% free 9945K/16616K, paused 1ms+1ms, total 5ms
02-03 12:43:40.841 D/dalvikvm(15954): WAIT_FOR_CONCURRENT_GC blocked 1ms
02-03 12:43:40.851 D/dalvikvm(15954): GC_FOR_ALLOC freed 4762K, 46% free 9043K/16616K, paused 4ms, total 4ms
02-03 12:43:40.861 D/dalvikvm(15954): GC_FOR_ALLOC freed 3896K, 46% free 9045K/16616K, paused 4ms, total 4ms
02-03 12:43:40.871 D/dalvikvm(15954): GC_FOR_ALLOC freed 3934K, 46% free 9047K/16616K, paused 3ms, total 3ms
02-03 12:43:40.881 D/dalvikvm(15954): GC_FOR_ALLOC freed 3972K, 46% free 9049K/16616K, paused 7ms, total 7ms
02-03 12:43:40.891 D/dalvikvm(15954): GC_CONCURRENT freed 3725K, 44% free 9335K/16616K, paused 1ms+1ms, total 9ms
02-03 12:43:40.891 D/dalvikvm(15954): WAIT_FOR_CONCURRENT_GC blocked 5ms
02-03 12:43:40.901 D/dalvikvm(15954): GC_CONCURRENT freed 4138K, 45% free 9245K/16616K, paused 1ms+1ms, total 5ms
02-03 12:43:40.901 D/dalvikvm(15954): WAIT_FOR_CONCURRENT_GC blocked 4ms
02-03 12:43:40.911 D/dalvikvm(15954): GC_CONCURRENT freed 4083K, 45% free 9249K/16616K, paused 1ms+1ms, total 6ms
02-03 12:43:40.911 D/dalvikvm(15954): WAIT_FOR_CONCURRENT_GC blocked 4ms
02-03 12:43:40.921 D/dalvikvm(15954): GC_FOR_ALLOC freed 3824K, 44% free 9350K/16616K, paused 5ms, total 5ms
02-03 12:43:40.921 W/BindingManager(18937): Cannot call determinedVisibility() - never saw a connection for the pid: 18937
02-03 12:43:40.921 D/dalvikvm(15954): GC_FOR_ALLOC freed 4155K, 45% free 9156K/16616K, paused 5ms, total 5ms
02-03 12:43:40.931 D/dalvikvm(15954): GC_FOR_ALLOC freed 3993K, 46% free 9059K/16616K, paused 5ms, total 6ms
02-03 12:43:40.941 D/dalvikvm(15954): GC_CONCURRENT freed 3723K, 44% free 9363K/16616K, paused 1ms+1ms, total 6ms
02-03 12:43:40.951 D/dalvikvm(15954): GC_CONCURRENT freed 4262K, 45% free 9164K/16616K, paused 1ms+0ms, total 5ms
02-03 12:43:40.951 D/dalvikvm(15954): WAIT_FOR_CONCURRENT_GC blocked 1ms
02-03 12:43:40.961 D/dalvikvm(15954): GC_CONCURRENT freed 3892K, 45% free 9269K/16616K, paused 1ms+1ms, total 6ms
02-03 12:43:40.961 D/dalvikvm(15954): WAIT_FOR_CONCURRENT_GC blocked 2ms
02-03 12:43:40.981 D/dalvikvm(15954): GC_FOR_ALLOC freed 4025K, 45% free 9169K/16616K, paused 16ms, total 16ms
02-03 12:43:40.991 D/dalvikvm(15954): GC_FOR_ALLOC freed 4164K, 46% free 9068K/16616K, paused 6ms, total 6ms
02-03 12:43:41.001 D/dalvikvm(15954): GC_CONCURRENT freed 3572K, 43% free 9487K/16616K, paused 1ms+1ms, total 6ms
02-03 12:43:41.011 D/dalvikvm(15954): WAIT_FOR_CONCURRENT_GC blocked 7ms
02-03 12:43:41.011 D/dalvikvm(15954): GC_FOR_ALLOC freed 4016K, 44% free 9388K/16616K, paused 4ms, total 4ms
02-03 12:43:41.021 D/dalvikvm(15954): GC_FOR_ALLOC freed 4264K, 46% free 9073K/16616K, paused 8ms, total 8ms
02-03 12:43:41.031 D/dalvikvm(15954): GC_CONCURRENT freed 3974K, 45% free 9182K/16616K, paused 1ms+1ms, total 5ms
02-03 12:43:41.031 D/dalvikvm(15954): WAIT_FOR_CONCURRENT_GC blocked 5ms
02-03 12:43:41.051 D/dalvikvm(15954): GC_FOR_ALLOC freed 3787K, 44% free 9400K/16616K, paused 4ms, total 4ms
02-03 12:43:41.051 D/dalvikvm(15954): GC_CONCURRENT freed 3381K, 37% free 10602K/16616K, paused 1ms+1ms, total 6ms
02-03 12:43:41.061 D/dalvikvm(15954): GC_FOR_ALLOC freed 4821K, 46% free 9079K/16616K, paused 5ms, total 5ms
02-03 12:43:41.061 D/dalvikvm(15954): GC_FOR_ALLOC freed 3869K, 46% free 9080K/16616K, paused 4ms, total 4ms
02-03 12:43:41.071 D/dalvikvm(15954): GC_FOR_ALLOC freed 3895K, 46% free 9082K/16616K, paused 4ms, total 4ms
02-03 12:43:41.081 D/dalvikvm(15954): GC_FOR_ALLOC freed 3921K, 46% free 9083K/16616K, paused 5ms, total 5ms
02-03 12:43:41.081 D/dalvikvm(15954): GC_FOR_ALLOC freed 3947K, 46% free 9085K/16616K, paused 4ms, total 4ms
02-03 12:43:41.091 D/dalvikvm(15954): GC_CONCURRENT freed 3746K, 44% free 9314K/16616K, paused 0ms+1ms, total 4ms
02-03 12:43:41.091 D/dalvikvm(15954): WAIT_FOR_CONCURRENT_GC blocked 4ms
02-03 12:43:41.101 D/dalvikvm(15954): GC_CONCURRENT freed 3998K, 44% free 9317K/16616K, paused 1ms+1ms, total 5ms
02-03 12:43:41.101 D/dalvikvm(15954): WAIT_FOR_CONCURRENT_GC blocked 4ms
02-03 12:43:41.111 D/dalvikvm(15954): GC_CONCURRENT freed 4024K, 44% free 9320K/16616K, paused 1ms+1ms, total 5ms
02-03 12:43:41.111 D/dalvikvm(15954): WAIT_FOR_CONCURRENT_GC blocked 4ms
02-03 12:43:41.121 D/dalvikvm(15954): GC_CONCURRENT freed 4050K, 44% free 9323K/16616K, paused 1ms+0ms, total 5ms
02-03 12:43:41.121 D/dalvikvm(15954): WAIT_FOR_CONCURRENT_GC blocked 4ms
02-03 12:43:41.121 D/dalvikvm(15954): GC_CONCURRENT freed 4078K, 44% free 9326K/16616K, paused 0ms+1ms, total 5ms
02-03 12:43:41.121 D/dalvikvm(15954): WAIT_FOR_CONCURRENT_GC blocked 4ms
02-03 12:43:41.131 D/dalvikvm(15954): GC_FOR_ALLOC freed 3753K, 44% free 9446K/16616K, paused 4ms, total 4ms
02-03 12:43:41.141 D/dalvikvm(15954): GC_FOR_ALLOC freed 4135K, 45% free 9213K/16616K, paused 4ms, total 4ms
02-03 12:43:41.141 D/dalvikvm(15954): GC_FOR_ALLOC freed 3925K, 46% free 9097K/16616K, paused 4ms, total 4ms
02-03 12:43:41.151 D/dalvikvm(15954): GC_FOR_ALLOC freed 3591K, 44% free 9458K/16616K, paused 4ms, total 4ms
02-03 12:43:41.161 D/dalvikvm(15954): GC_FOR_ALLOC freed 4217K, 45% free 9221K/16616K, paused 4ms, total 4ms
02-03 12:43:41.161 D/dalvikvm(15954): GC_CONCURRENT freed 3155K, 41% free 9947K/16616K, paused 1ms+1ms, total 5ms
02-03 12:43:41.171 D/dalvikvm(15954): GC_FOR_ALLOC freed 4265K, 46% free 9103K/16616K, paused 4ms, total 4ms
02-03 12:43:41.181 D/dalvikvm(15954): GC_FOR_ALLOC freed 3681K, 43% free 9473K/16616K, paused 4ms, total 4ms
02-03 12:43:41.181 D/dalvikvm(15954): GC_CONCURRENT freed 2966K, 39% free 10213K/16616K, paused 1ms+1ms, total 6ms
02-03 12:43:41.191 D/dalvikvm(15954): GC_FOR_ALLOC freed 4588K, 46% free 9108K/16616K, paused 4ms, total 4ms
02-03 12:43:41.191 D/dalvikvm(15954): GC_FOR_ALLOC freed 3747K, 45% free 9234K/16616K, paused 4ms, total 4ms
02-03 12:43:41.201 D/dalvikvm(15954): GC_CONCURRENT freed 3896K, 44% free 9362K/16616K, paused 1ms+1ms, total 5ms
02-03 12:43:41.201 D/dalvikvm(15954): WAIT_FOR_CONCURRENT_GC blocked 3ms
02-03 12:43:41.211 D/dalvikvm(15954): GC_FOR_ALLOC freed 4044K, 45% free 9238K/16616K, paused 4ms, total 4ms
02-03 12:43:41.221 D/dalvikvm(15954): GC_CONCURRENT freed 3943K, 44% free 9368K/16616K, paused 0ms+1ms, total 4ms
02-03 12:43:41.221 D/dalvikvm(15954): WAIT_FOR_CONCURRENT_GC blocked 4ms
02-03 12:43:41.221 D/dalvikvm(15954): GC_FOR_ALLOC freed 4092K, 45% free 9243K/16616K, paused 4ms, total 4ms
02-03 12:43:41.231 D/dalvikvm(15954): GC_FOR_ALLOC freed 3601K, 43% free 9502K/16616K, paused 4ms, total 4ms
02-03 12:43:41.241 D/dalvikvm(15954): GC_FOR_ALLOC freed 4268K, 46% free 9118K/16616K, paused 4ms, total 4ms
02-03 12:43:41.241 D/dalvikvm(15954): GC_FOR_ALLOC freed 3902K, 45% free 9249K/16616K, paused 4ms, total 4ms
02-03 12:43:41.251 D/dalvikvm(15954): GC_CONCURRENT freed 3011K, 39% free 10164K/16616K, paused 1ms+1ms, total 6ms
02-03 12:43:41.251 D/dalvikvm(15954): GC_FOR_ALLOC freed 4331K, 45% free 9253K/16616K, paused 4ms, total 4ms
02-03 12:43:41.261 D/dalvikvm(15954): GC_FOR_ALLOC freed 3699K, 43% free 9520K/16616K, paused 4ms, total 4ms
02-03 12:43:41.271 D/dalvikvm(15954): GC_CONCURRENT freed 4118K, 44% free 9391K/16616K, paused 1ms+1ms, total 5ms
02-03 12:43:41.271 D/dalvikvm(15954): WAIT_FOR_CONCURRENT_GC blocked 4ms
02-03 12:43:41.281 D/dalvikvm(15954): GC_FOR_ALLOC freed 4005K, 46% free 9126K/16616K, paused 4ms, total 4ms
02-03 12:43:41.281 D/dalvikvm(15954): GC_FOR_ALLOC freed 3758K, 46% free 9128K/16616K, paused 4ms, total 4ms
02-03 12:43:41.291 D/dalvikvm(15954): GC_FOR_ALLOC freed 3778K, 46% free 9129K/16616K, paused 4ms, total 4ms
02-03 12:43:41.291 D/dalvikvm(15954): GC_FOR_ALLOC freed 3797K, 46% free 9131K/16616K, paused 4ms, total 4ms
02-03 12:43:41.301 D/dalvikvm(15954): GC_FOR_ALLOC freed 3816K, 46% free 9132K/16616K, paused 4ms, total 4ms
02-03 12:43:41.311 D/dalvikvm(15954): GC_FOR_ALLOC freed 3835K, 46% free 9133K/16616K, paused 4ms, total 4ms
02-03 12:43:41.311 D/dalvikvm(15954): GC_FOR_ALLOC freed 3853K, 46% free 9135K/16616K, paused 4ms, total 4ms
02-03 12:43:41.321 D/dalvikvm(15954): GC_FOR_ALLOC freed 3872K, 46% free 9136K/16616K, paused 4ms, total 4ms
02-03 12:43:41.331 D/dalvikvm(15954): GC_FOR_ALLOC freed 3891K, 46% free 9137K/16616K, paused 4ms, total 4ms
02-03 12:43:41.331 D/dalvikvm(15954): GC_FOR_ALLOC freed 3910K, 45% free 9139K/16616K, paused 4ms, total 4ms
02-03 12:43:41.341 D/dalvikvm(15954): GC_FOR_ALLOC freed 3929K, 45% free 9140K/16616K, paused 4ms, total 4ms
02-03 12:43:41.351 D/dalvikvm(15954): GC_FOR_ALLOC freed 3947K, 45% free 9141K/16616K, paused 4ms, total 4ms
02-03 12:43:41.351 D/dalvikvm(15954): GC_FOR_ALLOC freed 3966K, 45% free 9143K/16616K, paused 4ms, total 4ms
02-03 12:43:41.361 D/dalvikvm(15954): GC_CONCURRENT freed 3276K, 41% free 9853K/16616K, paused 1ms+1ms, total 6ms
02-03 12:43:41.361 D/dalvikvm(15954): WAIT_FOR_CONCURRENT_GC blocked 2ms
02-03 12:43:41.371 D/dalvikvm(15954): GC_FOR_ALLOC freed 3996K, 43% free 9573K/16616K, paused 4ms, total 4ms
02-03 12:43:41.371 D/dalvikvm(15954): GC_FOR_ALLOC freed 4019K, 45% free 9289K/16616K, paused 4ms, total 4ms
02-03 12:43:41.381 D/dalvikvm(15954): GC_CONCURRENT freed 4038K, 45% free 9292K/16616K, paused 1ms+1ms, total 6ms
02-03 12:43:41.381 D/dalvikvm(15954): WAIT_FOR_CONCURRENT_GC blocked 4ms
02-03 12:43:41.391 D/dalvikvm(15954): GC_FOR_ALLOC freed 4057K, 45% free 9294K/16616K, paused 4ms, total 4ms
02-03 12:43:41.391 D/dalvikvm(15954): GC_CONCURRENT freed 3351K, 40% free 10020K/16616K, paused 1ms+1ms, total 6ms
02-03 12:43:41.401 D/dalvikvm(15954): GC_FOR_ALLOC freed 3794K, 43% free 9589K/16616K, paused 4ms, total 4ms
02-03 12:43:41.411 D/dalvikvm(15954): GC_FOR_ALLOC freed 4109K, 45% free 9299K/16616K, paused 4ms, total 4ms
02-03 12:43:41.411 D/dalvikvm(15954): GC_FOR_ALLOC freed 3832K, 45% free 9154K/16616K, paused 4ms, total 4ms
02-03 12:43:41.421 D/dalvikvm(15954): GC_FOR_ALLOC freed 3403K, 43% free 9599K/16616K, paused 4ms, total 4ms
02-03 12:43:41.431 D/dalvikvm(15954): GC_FOR_ALLOC freed 4160K, 44% free 9305K/16616K, paused 4ms, total 4ms
02-03 12:43:41.431 D/dalvikvm(15954): GC_FOR_ALLOC freed 3880K, 45% free 9158K/16616K, paused 3ms, total 3ms
02-03 12:43:41.441 D/dalvikvm(15954): GC_FOR_ALLOC freed 3445K, 43% free 9608K/16616K, paused 4ms, total 4ms
02-03 12:43:41.441 D/dalvikvm(15954): GC_FOR_ALLOC freed 3911K, 45% free 9160K/16616K, paused 4ms, total 4ms
02-03 12:43:41.451 D/dalvikvm(15954): GC_FOR_ALLOC freed 3473K, 43% free 9614K/16616K, paused 4ms, total 4ms
02-03 12:43:41.461 D/dalvikvm(15954): GC_FOR_ALLOC freed 4245K, 44% free 9314K/16616K, paused 4ms, total 4ms
02-03 12:43:41.461 D/dalvikvm(15954): GC_FOR_ALLOC freed 3959K, 45% free 9164K/16616K, paused 4ms, total 4ms
02-03 12:43:41.471 D/dalvikvm(15954): GC_FOR_ALLOC freed 3515K, 43% free 9623K/16616K, paused 4ms, total 5ms
02-03 12:43:41.481 D/dalvikvm(15954): GC_CONCURRENT freed 2610K, 34% free 11006K/16616K, paused 1ms+2ms, total 8ms
02-03 12:43:41.491 D/dalvikvm(15954): GC_FOR_ALLOC freed 3842K, 43% free 9628K/16616K, paused 4ms, total 4ms
02-03 12:43:41.501 D/dalvikvm(15954): GC_FOR_ALLOC freed 4016K, 45% free 9168K/16616K, paused 5ms, total 5ms
02-03 12:43:41.511 D/dalvikvm(15954): GC_CONCURRENT freed 3565K, 43% free 9634K/16616K, paused 0ms+1ms, total 8ms
02-03 12:43:41.511 D/dalvikvm(15954): WAIT_FOR_CONCURRENT_GC blocked 7ms
02-03 12:43:41.521 D/dalvikvm(15954): GC_FOR_ALLOC freed 4046K, 45% free 9171K/16616K, paused 4ms, total 5ms
02-03 12:43:41.521 D/dalvikvm(15954): GC_CONCURRENT freed 3592K, 42% free 9640K/16616K, paused 1ms+1ms, total 5ms
02-03 12:43:41.521 D/dalvikvm(15954): WAIT_FOR_CONCURRENT_GC blocked 4ms
02-03 12:43:41.521 W/BindingManager(18937): Cannot call determinedVisibility() - never saw a connection for the pid: 18937
02-03 12:43:41.551 D/dalvikvm(15954): GC_FOR_ALLOC freed 4077K, 45% free 9173K/16616K, paused 16ms, total 16ms
02-03 12:43:41.561 D/dalvikvm(15954): GC_CONCURRENT freed 3619K, 42% free 9646K/16616K, paused 0ms+3ms, total 7ms
02-03 12:43:41.561 D/dalvikvm(15954): WAIT_FOR_CONCURRENT_GC blocked 6ms
02-03 12:43:41.571 D/dalvikvm(15954): GC_FOR_ALLOC freed 4107K, 45% free 9175K/16616K, paused 5ms, total 5ms
02-03 12:43:41.581 D/dalvikvm(15954): GC_FOR_ALLOC freed 3646K, 44% free 9334K/16616K, paused 6ms, total 6ms
02-03 12:43:41.591 D/dalvikvm(15954): GC_CONCURRENT freed 3820K, 43% free 9496K/16616K, paused 1ms+1ms, total 5ms
02-03 12:43:41.591 D/dalvikvm(15954): WAIT_FOR_CONCURRENT_GC blocked 3ms
02-03 12:43:41.601 D/dalvikvm(15954): GC_FOR_ALLOC freed 3992K, 44% free 9338K/16616K, paused 4ms, total 5ms
02-03 12:43:41.601 D/dalvikvm(15954): GC_CONCURRENT freed 3850K, 43% free 9501K/16616K, paused 1ms+1ms, total 5ms
02-03 12:43:41.601 D/dalvikvm(15954): WAIT_FOR_CONCURRENT_GC blocked 4ms
02-03 12:43:41.611 D/dalvikvm(15954): GC_FOR_ALLOC freed 4023K, 44% free 9342K/16616K, paused 4ms, total 4ms
02-03 12:43:41.621 D/dalvikvm(15954): GC_FOR_ALLOC freed 4201K, 45% free 9183K/16616K, paused 4ms, total 4ms
02-03 12:43:41.621 D/dalvikvm(15954): GC_CONCURRENT freed 2597K, 37% free 10478K/16616K, paused 0ms+1ms, total 5ms
02-03 12:43:41.621 D/dalvikvm(15954): WAIT_FOR_CONCURRENT_GC blocked 2ms
02-03 12:43:41.631 D/dalvikvm(15954): GC_FOR_ALLOC freed 4224K, 45% free 9185K/16616K, paused 4ms, total 4ms
02-03 12:43:41.641 D/dalvikvm(15954): GC_FOR_ALLOC freed 3754K, 44% free 9348K/16616K, paused 4ms, total 4ms
02-03 12:43:41.641 D/dalvikvm(15954): GC_FOR_ALLOC freed 3440K, 42% free 9678K/16616K, paused 4ms, total 4ms
02-03 12:43:41.651 D/dalvikvm(15954): GC_FOR_ALLOC freed 4276K, 45% free 9188K/16616K, paused 4ms, total 4ms
02-03 12:43:41.661 D/dalvikvm(15954): GC_FOR_ALLOC freed 3797K, 44% free 9354K/16616K, paused 4ms, total 4ms
02-03 12:43:41.661 D/dalvikvm(15954): GC_FOR_ALLOC freed 3478K, 42% free 9687K/16616K, paused 4ms, total 4ms
02-03 12:43:41.671 D/dalvikvm(15954): GC_FOR_ALLOC freed 4319K, 45% free 9191K/16616K, paused 4ms, total 4ms
02-03 12:43:41.681 D/dalvikvm(15954): GC_CONCURRENT freed 3832K, 44% free 9359K/16616K, paused 1ms+1ms, total 5ms
02-03 12:43:41.681 D/dalvikvm(15954): WAIT_FOR_CONCURRENT_GC blocked 4ms
02-03 12:43:41.681 D/dalvikvm(15954): GC_FOR_ALLOC freed 3509K, 42% free 9694K/16616K, paused 4ms, total 4ms
02-03 12:43:41.691 D/dalvikvm(15954): GC_FOR_ALLOC freed 4358K, 45% free 9194K/16616K, paused 4ms, total 4ms
02-03 12:43:41.701 D/dalvikvm(15954): GC_CONCURRENT freed 3866K, 44% free 9363K/16616K, paused 1ms+1ms, total 5ms
02-03 12:43:41.701 D/dalvikvm(15954): WAIT_FOR_CONCURRENT_GC blocked 4ms
02-03 12:43:41.701 D/dalvikvm(15954): GC_FOR_ALLOC freed 3541K, 42% free 9702K/16616K, paused 4ms, total 4ms
02-03 12:43:41.711 D/dalvikvm(15954): GC_CONCURRENT freed 4541K, 45% free 9196K/16616K, paused 0ms+1ms, total 4ms
02-03 12:43:41.711 D/dalvikvm(15954): WAIT_FOR_CONCURRENT_GC blocked 4ms
02-03 12:43:41.721 D/dalvikvm(15954): GC_FOR_ALLOC freed 3681K, 44% free 9361K/16616K, paused 5ms, total 5ms
02-03 12:43:41.741 D/dalvikvm(15954): GC_FOR_ALLOC freed 3756K, 44% free 9361K/16616K, paused 4ms, total 4ms
02-03 12:43:41.761 D/dalvikvm(15954): GC_FOR_ALLOC freed 2501K, 39% free 10163K/16616K, paused 5ms, total 5ms
02-03 12:43:41.841 D/dalvikvm(15954): GC_CONCURRENT freed 5340K, 47% free 8914K/16616K, paused 0ms+1ms, total 6ms
02-03 12:43:41.841 D/dalvikvm(15954): WAIT_FOR_CONCURRENT_GC blocked 5ms
02-03 12:43:41.851 D/dalvikvm(15954): GC_CONCURRENT freed 4046K, 47% free 8949K/16616K, paused 0ms+1ms, total 5ms
02-03 12:43:41.851 D/dalvikvm(15954): WAIT_FOR_CONCURRENT_GC blocked 4ms
02-03 12:43:41.861 D/dalvikvm(15954): GC_CONCURRENT freed 4082K, 47% free 8946K/16616K, paused 0ms+1ms, total 5ms
02-03 12:43:41.861 D/dalvikvm(15954): WAIT_FOR_CONCURRENT_GC blocked 4ms
02-03 12:43:41.871 D/dalvikvm(15954): GC_CONCURRENT freed 4066K, 46% free 8973K/16616K, paused 0ms+0ms, total 5ms
02-03 12:43:41.871 D/dalvikvm(15954): WAIT_FOR_CONCURRENT_GC blocked 4ms
02-03 12:43:41.881 D/dalvikvm(15954): GC_FOR_ALLOC freed 4058K, 47% free 8964K/16616K, paused 4ms, total 4ms
02-03 12:43:41.881 D/dalvikvm(15954): GC_CONCURRENT freed 3995K, 46% free 9029K/16616K, paused 0ms+1ms, total 5ms
02-03 12:43:41.881 D/dalvikvm(15954): WAIT_FOR_CONCURRENT_GC blocked 4ms
02-03 12:43:41.891 D/dalvikvm(15954): GC_FOR_ALLOC freed 4072K, 46% free 9035K/16616K, paused 4ms, total 4ms
02-03 12:43:41.901 D/dalvikvm(15954): GC_CONCURRENT freed 3870K, 45% free 9199K/16616K, paused 0ms+1ms, total 7ms
02-03 12:43:41.901 D/dalvikvm(15954): WAIT_FOR_CONCURRENT_GC blocked 3ms
02-03 12:43:41.911 D/dalvikvm(15954): GC_CONCURRENT freed 4102K, 45% free 9151K/16616K, paused 1ms+1ms, total 5ms
02-03 12:43:41.911 D/dalvikvm(15954): WAIT_FOR_CONCURRENT_GC blocked 4ms
02-03 12:43:41.921 D/dalvikvm(15954): GC_CONCURRENT freed 4099K, 46% free 9082K/16616K, paused 1ms+1ms, total 6ms
02-03 12:43:41.921 D/dalvikvm(15954): WAIT_FOR_CONCURRENT_GC blocked 5ms
02-03 12:43:41.931 D/dalvikvm(15954): GC_FOR_ALLOC freed 4047K, 46% free 9089K/16616K, paused 5ms, total 5ms
02-03 12:43:41.931 D/dalvikvm(15954): GC_CONCURRENT freed 2937K, 44% free 9398K/16616K, paused 1ms+1ms, total 6ms
02-03 12:43:41.941 D/dalvikvm(15954): GC_FOR_ALLOC freed 4397K, 47% free 8962K/16616K, paused 4ms, total 4ms
02-03 12:43:41.951 D/dalvikvm(15954): GC_CONCURRENT freed 4030K, 46% free 9009K/16616K, paused 0ms+1ms, total 5ms
02-03 12:43:41.951 D/dalvikvm(15954): WAIT_FOR_CONCURRENT_GC blocked 6ms
02-03 12:43:41.961 D/dalvikvm(15954): GC_CONCURRENT freed 4089K, 46% free 9010K/16616K, paused 0ms+1ms, total 5ms
02-03 12:43:41.961 D/dalvikvm(15954): WAIT_FOR_CONCURRENT_GC blocked 5ms
02-03 12:43:41.971 D/dalvikvm(15954): GC_CONCURRENT freed 3883K, 45% free 9215K/16616K, paused 1ms+1ms, total 6ms
02-03 12:43:41.971 D/dalvikvm(15954): WAIT_FOR_CONCURRENT_GC blocked 4ms
02-03 12:43:41.981 D/dalvikvm(15954): GC_CONCURRENT freed 4160K, 46% free 9102K/16616K, paused 1ms+1ms, total 5ms
02-03 12:43:41.981 D/dalvikvm(15954): WAIT_FOR_CONCURRENT_GC blocked 4ms
02-03 12:43:41.981 D/dalvikvm(15954): GC_FOR_ALLOC freed 3975K, 45% free 9158K/16616K, paused 5ms, total 5ms
02-03 12:43:41.991 D/dalvikvm(15954): GC_CONCURRENT freed 3769K, 44% free 9374K/16616K, paused 1ms+1ms, total 7ms
02-03 12:43:41.991 D/dalvikvm(15954): WAIT_FOR_CONCURRENT_GC blocked 2ms
02-03 12:43:42.001 D/dalvikvm(15954): GC_CONCURRENT freed 4246K, 46% free 9108K/16616K, paused 1ms+1ms, total 5ms
02-03 12:43:42.001 D/dalvikvm(15954): WAIT_FOR_CONCURRENT_GC blocked 4ms
02-03 12:43:42.011 D/dalvikvm(15954): GC_CONCURRENT freed 4078K, 46% free 9114K/16616K, paused 1ms+2ms, total 6ms
02-03 12:43:42.011 D/dalvikvm(15954): WAIT_FOR_CONCURRENT_GC blocked 5ms
02-03 12:43:42.021 D/dalvikvm(15954): GC_FOR_ALLOC freed 4004K, 45% free 9176K/16616K, paused 5ms, total 5ms
02-03 12:43:42.021 D/dalvikvm(15954): GC_CONCURRENT freed 3742K, 44% free 9416K/16616K, paused 1ms+1ms, total 7ms
02-03 12:43:42.021 D/dalvikvm(15954): WAIT_FOR_CONCURRENT_GC blocked 2ms
02-03 12:43:42.031 D/dalvikvm(15954): GC_FOR_ALLOC freed 4367K, 46% free 8993K/16616K, paused 4ms, total 4ms
02-03 12:43:42.041 D/dalvikvm(15954): GC_CONCURRENT freed 3901K, 46% free 9120K/16616K, paused 1ms+1ms, total 5ms
02-03 12:43:42.041 D/dalvikvm(15954): WAIT_FOR_CONCURRENT_GC blocked 4ms
02-03 12:43:42.051 D/dalvikvm(15954): GC_CONCURRENT freed 3913K, 45% free 9186K/16616K, paused 1ms+1ms, total 6ms
02-03 12:43:42.051 D/dalvikvm(15954): WAIT_FOR_CONCURRENT_GC blocked 5ms
02-03 12:43:42.061 D/dalvikvm(15954): GC_FOR_ALLOC freed 4193K, 46% free 9087K/16616K, paused 6ms, total 6ms
02-03 12:43:42.061 D/dalvikvm(15954): GC_CONCURRENT freed 809K, 43% free 9490K/16616K, paused 1ms+2ms, total 7ms
02-03 12:43:42.081 D/dalvikvm(15954): GC_CONCURRENT freed 4429K, 46% free 9089K/16616K, paused 0ms+3ms, total 8ms
02-03 12:43:42.081 D/dalvikvm(15954): WAIT_FOR_CONCURRENT_GC blocked 5ms
02-03 12:43:42.081 D/EVENT_THREAD(14412): void CEventThread::run() POLLIN event on Fd (1)
02-03 12:43:42.081 D/EVENT_THREAD(14412): void CEventThread::run() Do poll with timeout: -1
02-03 12:43:42.081 I/upi_ug31xx(  166): (1343) update_capacity
02-03 12:43:42.081 I/[UPI]   (  166): <UG31/E>[UpiReadCapacity]: V=4022(4019), T=338(340-417), I=-410, C=-4(-4-0)
02-03 12:43:42.081 I/[UPI]   (  166): <UG31/E>[UpiReadCapacity]: (0x0221254a) 2908 (2880) / 3159 (3973) = 92
02-03 12:43:42.081 I/[UPI]   (  166): <UG31/E>[UpiReadCapacity]: (0x0221254a) 2908 (2880) / 3159 (3973) = 92
02-03 12:43:42.081 I/[UPI]   (  166): <UG31/E>[UpiReadCapacity]: (0x0221254a) 2904 (2904) / 3159 (3973) = 92
02-03 12:43:42.081 I/[UPI]   (  166): <UG31/E>[RsocFilterCountTime]: (0x0221254a) Step=2(151520), Full=1(151520), Lock=151520(1800000)
02-03 12:43:42.081 I/[UPI]   (  166): <UG31/E>[UpiReadCapacity]: (0x0221254a) 2904 (2904) / 3159 (3973) = 92 (-410--410)
02-03 12:43:42.081 I/[UPI]   (  166): <UG31/E><BATT> M:normal, P:92(92-92)%, V:4019mV, C:-402mA, T:34.0C(417), S:0x0221254a(000), R:2904mAh, F:3159mAh, Q:-825mAh, CC:5, P:30.250(824-0)s, BO:5, 97:615:0-44af-9m:B001-20140514-144301 (16)
02-03 12:43:42.081 D/EVENT_THREAD(14412): void CEventThread::run() POLLIN event on Fd (1)
02-03 12:43:42.081 D/EVENT_THREAD(14412): void CEventThread::run() Do poll with timeout: -1
02-03 12:43:42.101 D/dalvikvm(15954): GC_FOR_ALLOC freed 3891K, 45% free 9227K/16616K, paused 13ms, total 16ms
02-03 12:43:42.111 D/dalvikvm(15954): GC_CONCURRENT freed 703K, 42% free 9648K/16616K, paused 1ms+2ms, total 7ms
02-03 12:43:42.111 W/BindingManager(18937): Cannot call determinedVisibility() - never saw a connection for the pid: 18937
02-03 12:43:42.121 D/dalvikvm(15954): GC_CONCURRENT freed 4468K, 45% free 9160K/16616K, paused 2ms+1ms, total 10ms
02-03 12:43:42.121 D/dalvikvm(15954): WAIT_FOR_CONCURRENT_GC blocked 8ms
02-03 12:43:42.131 I/upi_ug31xx(  166): (1344) backup_data 
02-03 12:43:42.131 V/upi_ug31xx(  166): state->check_backup_count = 3
02-03 12:43:42.131 D/dalvikvm(15954): GC_CONCURRENT freed 4042K, 45% free 9161K/16616K, paused 1ms+1ms, total 7ms
02-03 12:43:42.141 D/dalvikvm(15954): GC_FOR_ALLOC freed 3891K, 45% free 9235K/16616K, paused 4ms, total 5ms
02-03 12:43:42.151 D/dalvikvm(15954): GC_CONCURRENT freed 4175K, 46% free 9087K/16616K, paused 1ms+1ms, total 5ms
02-03 12:43:42.151 D/dalvikvm(15954): WAIT_FOR_CONCURRENT_GC blocked 4ms
02-03 12:43:42.161 D/dalvikvm(15954): GC_CONCURRENT freed 3938K, 45% free 9163K/16616K, paused 1ms+1ms, total 8ms
02-03 12:43:42.161 D/dalvikvm(15954): WAIT_FOR_CONCURRENT_GC blocked 3ms
02-03 12:43:42.171 D/dalvikvm(15954): GC_FOR_ALLOC freed 4071K, 46% free 9118K/16616K, paused 6ms, total 6ms
02-03 12:43:42.181 D/dalvikvm(15954): GC_CONCURRENT freed 3818K, 45% free 9273K/16616K, paused 0ms+1ms, total 5ms
02-03 12:43:42.181 D/dalvikvm(15954): WAIT_FOR_CONCURRENT_GC blocked 2ms
02-03 12:43:42.191 D/dalvikvm(15954): GC_CONCURRENT freed 4105K, 45% free 9200K/16616K, paused 1ms+1ms, total 6ms
02-03 12:43:42.191 D/dalvikvm(15954): WAIT_FOR_CONCURRENT_GC blocked 6ms
02-03 12:43:42.201 D/dalvikvm(15954): GC_FOR_ALLOC freed 4086K, 46% free 9040K/16616K, paused 5ms, total 5ms
02-03 12:43:42.211 D/dalvikvm(15954): GC_CONCURRENT freed 3820K, 45% free 9201K/16616K, paused 1ms+1ms, total 6ms
02-03 12:43:42.211 D/dalvikvm(15954): WAIT_FOR_CONCURRENT_GC blocked 3ms
02-03 12:43:42.221 D/dalvikvm(15954): GC_CONCURRENT freed 4030K, 45% free 9205K/16616K, paused 1ms+0ms, total 6ms
02-03 12:43:42.221 D/dalvikvm(15954): WAIT_FOR_CONCURRENT_GC blocked 5ms
02-03 12:43:42.231 D/dalvikvm(15954): GC_CONCURRENT freed 4084K, 45% free 9210K/16616K, paused 1ms+1ms, total 5ms
02-03 12:43:42.231 D/dalvikvm(15954): WAIT_FOR_CONCURRENT_GC blocked 4ms
02-03 12:43:42.241 D/dalvikvm(15954): GC_CONCURRENT freed 3886K, 45% free 9294K/16616K, paused 0ms+1ms, total 4ms
02-03 12:43:42.241 D/dalvikvm(15954): WAIT_FOR_CONCURRENT_GC blocked 5ms
02-03 12:43:42.251 D/dalvikvm(15954): GC_FOR_ALLOC freed 4190K, 46% free 9124K/16616K, paused 5ms, total 5ms
02-03 12:43:42.261 D/dalvikvm(15954): GC_CONCURRENT freed 3890K, 45% free 9214K/16616K, paused 1ms+1ms, total 5ms
02-03 12:43:42.261 D/dalvikvm(15954): WAIT_FOR_CONCURRENT_GC blocked 4ms
02-03 12:43:42.261 D/dalvikvm(15954): GC_FOR_ALLOC freed 4023K, 46% free 9125K/16616K, paused 4ms, total 4ms
02-03 12:43:42.271 D/dalvikvm(15954): GC_CONCURRENT freed 3977K, 45% free 9218K/16616K, paused 0ms+1ms, total 4ms
02-03 12:43:42.271 D/dalvikvm(15954): WAIT_FOR_CONCURRENT_GC blocked 4ms
02-03 12:43:42.281 D/dalvikvm(15954): GC_FOR_ALLOC freed 4112K, 46% free 9127K/16616K, paused 4ms, total 5ms
02-03 12:43:42.281 D/dalvikvm(15954): GC_CONCURRENT freed 3344K, 42% free 9759K/16616K, paused 0ms+1ms, total 7ms
02-03 12:43:42.291 D/dalvikvm(15954): GC_CONCURRENT freed 4557K, 45% free 9253K/16616K, paused 1ms+1ms, total 5ms
02-03 12:43:42.291 D/dalvikvm(15954): WAIT_FOR_CONCURRENT_GC blocked 4ms
02-03 12:43:42.301 D/dalvikvm(15954): GC_FOR_ALLOC freed 4054K, 46% free 9072K/16616K, paused 4ms, total 4ms
02-03 12:43:42.311 D/dalvikvm(15954): GC_FOR_ALLOC freed 3909K, 46% free 9074K/16616K, paused 4ms, total 4ms
02-03 12:43:42.311 D/dalvikvm(15954): GC_FOR_ALLOC freed 3947K, 46% free 9075K/16616K, paused 4ms, total 4ms
02-03 12:43:42.321 D/dalvikvm(15954): GC_CONCURRENT freed 3794K, 45% free 9267K/16616K, paused 1ms+1ms, total 5ms
02-03 12:43:42.321 D/dalvikvm(15954): WAIT_FOR_CONCURRENT_GC blocked 4ms
02-03 12:43:42.331 D/dalvikvm(15954): GC_CONCURRENT freed 4020K, 45% free 9271K/16616K, paused 0ms+1ms, total 4ms
02-03 12:43:42.331 D/dalvikvm(15954): WAIT_FOR_CONCURRENT_GC blocked 4ms
02-03 12:43:42.331 D/dalvikvm(15954): GC_CONCURRENT freed 4058K, 45% free 9274K/16616K, paused 1ms+1ms, total 5ms
02-03 12:43:42.331 D/dalvikvm(15954): WAIT_FOR_CONCURRENT_GC blocked 4ms
02-03 12:43:42.341 D/dalvikvm(15954): GC_FOR_ALLOC freed 3805K, 44% free 9371K/16616K, paused 4ms, total 4ms
02-03 12:43:42.351 D/dalvikvm(15954): GC_FOR_ALLOC freed 4130K, 45% free 9178K/16616K, paused 5ms, total 5ms
02-03 12:43:42.351 D/dalvikvm(15954): GC_FOR_ALLOC freed 3969K, 46% free 9082K/16616K, paused 4ms, total 4ms
02-03 12:43:42.361 D/dalvikvm(15954): GC_FOR_ALLOC freed 3701K, 44% free 9384K/16616K, paused 4ms, total 4ms
02-03 12:43:42.371 D/dalvikvm(15954): GC_CONCURRENT freed 3535K, 41% free 9887K/16616K, paused 1ms+1ms, total 6ms
02-03 12:43:42.371 D/dalvikvm(15954): WAIT_FOR_CONCURRENT_GC blocked 1ms
02-03 12:43:42.381 D/dalvikvm(15954): GC_CONCURRENT freed 4569K, 45% free 9291K/16616K, paused 1ms+1ms, total 5ms
02-03 12:43:42.381 D/dalvikvm(15954): WAIT_FOR_CONCURRENT_GC blocked 4ms
02-03 12:43:42.381 D/dalvikvm(15954): GC_FOR_ALLOC freed 4001K, 45% free 9191K/16616K, paused 5ms, total 5ms
02-03 12:43:42.391 D/dalvikvm(15954): GC_CONCURRENT freed 3932K, 45% free 9298K/16616K, paused 1ms+1ms, total 5ms
02-03 12:43:42.391 D/dalvikvm(15954): WAIT_FOR_CONCURRENT_GC blocked 4ms
02-03 12:43:42.401 D/dalvikvm(15954): GC_FOR_ALLOC freed 4067K, 45% free 9196K/16616K, paused 4ms, total 4ms
02-03 12:43:42.401 D/dalvikvm(15954): GC_FOR_ALLOC freed 3681K, 44% free 9409K/16616K, paused 4ms, total 4ms
02-03 12:43:42.411 D/dalvikvm(15954): GC_FOR_ALLOC freed 4240K, 46% free 9095K/16616K, paused 4ms, total 5ms
02-03 12:43:42.421 D/dalvikvm(15954): GC_FOR_ALLOC freed 3952K, 45% free 9203K/16616K, paused 4ms, total 4ms
02-03 12:43:42.421 D/dalvikvm(15954): GC_CONCURRENT freed 3231K, 41% free 9956K/16616K, paused 1ms+1ms, total 6ms
02-03 12:43:42.421 D/dalvikvm(15954): WAIT_FOR_CONCURRENT_GC blocked 2ms
02-03 12:43:42.431 D/EVENT_THREAD(14412): void CEventThread::run() POLLIN event on Fd (1)
02-03 12:43:42.431 D/EVENT_THREAD(14412): void CEventThread::run() Do poll with timeout: -1
02-03 12:43:42.431 I/upi_ug31xx(  166): (1345) backup_bo check
02-03 12:43:42.431 D/dalvikvm(15954): GC_CONCURRENT freed 4653K, 44% free 9318K/16616K, paused 1ms+1ms, total 5ms
02-03 12:43:42.431 D/dalvikvm(15954): WAIT_FOR_CONCURRENT_GC blocked 4ms
02-03 12:43:42.441 D/dalvikvm(15954): GC_FOR_ALLOC freed 4039K, 46% free 9102K/16616K, paused 4ms, total 4ms
02-03 12:43:42.441 D/dalvikvm(15954): GC_FOR_ALLOC freed 3848K, 46% free 9103K/16616K, paused 5ms, total 5ms
02-03 12:43:42.451 D/dalvikvm(15954): GC_FOR_ALLOC freed 3874K, 46% free 9105K/16616K, paused 4ms, total 4ms
02-03 12:43:42.461 D/dalvikvm(15954): GC_FOR_ALLOC freed 3900K, 46% free 9106K/16616K, paused 4ms, total 4ms
02-03 12:43:42.461 D/dalvikvm(15954): GC_FOR_ALLOC freed 3926K, 46% free 9108K/16616K, paused 4ms, total 4ms
02-03 12:43:42.471 D/dalvikvm(15954): GC_FOR_ALLOC freed 3952K, 46% free 9109K/16616K, paused 5ms, total 5ms
02-03 12:43:42.481 D/dalvikvm(15954): GC_CONCURRENT freed 3751K, 44% free 9338K/16616K, paused 1ms+1ms, total 5ms
02-03 12:43:42.481 D/dalvikvm(15954): WAIT_FOR_CONCURRENT_GC blocked 4ms
02-03 12:43:42.491 D/dalvikvm(15954): GC_CONCURRENT freed 4003K, 44% free 9341K/16616K, paused 1ms+1ms, total 6ms
02-03 12:43:42.491 D/dalvikvm(15954): WAIT_FOR_CONCURRENT_GC blocked 5ms
02-03 12:43:42.491 D/dalvikvm(15954): GC_CONCURRENT freed 4029K, 44% free 9344K/16616K, paused 1ms+0ms, total 5ms
02-03 12:43:42.491 D/dalvikvm(15954): WAIT_FOR_CONCURRENT_GC blocked 4ms
02-03 12:43:42.501 D/dalvikvm(15954): GC_CONCURRENT freed 4055K, 44% free 9347K/16616K, paused 1ms+1ms, total 5ms
02-03 12:43:42.501 D/dalvikvm(15954): WAIT_FOR_CONCURRENT_GC blocked 4ms
02-03 12:43:42.511 D/dalvikvm(15954): GC_CONCURRENT freed 4084K, 44% free 9351K/16616K, paused 1ms+0ms, total 5ms
02-03 12:43:42.511 D/dalvikvm(15954): WAIT_FOR_CONCURRENT_GC blocked 4ms
02-03 12:43:42.521 D/dalvikvm(15954): GC_FOR_ALLOC freed 3759K, 43% free 9471K/16616K, paused 4ms, total 4ms
02-03 12:43:42.521 D/dalvikvm(15954): GC_FOR_ALLOC freed 4140K, 45% free 9238K/16616K, paused 4ms, total 4ms
02-03 12:43:42.531 D/dalvikvm(15954): GC_FOR_ALLOC freed 3931K, 46% free 9122K/16616K, paused 5ms, total 5ms
02-03 12:43:42.541 D/dalvikvm(15954): GC_FOR_ALLOC freed 3596K, 43% free 9483K/16616K, paused 4ms, total 4ms
02-03 12:43:42.541 D/dalvikvm(15954): GC_CONCURRENT freed 4222K, 45% free 9245K/16616K, paused 1ms+1ms, total 5ms
02-03 12:43:42.551 D/dalvikvm(15954): GC_FOR_ALLOC freed 4009K, 46% free 9126K/16616K, paused 4ms, total 4ms
02-03 12:43:42.561 D/dalvikvm(15954): GC_CONCURRENT freed 3666K, 43% free 9494K/16616K, paused 1ms+0ms, total 5ms
02-03 12:43:42.561 D/dalvikvm(15954): WAIT_FOR_CONCURRENT_GC blocked 1ms
02-03 12:43:42.561 D/dalvikvm(15954): GC_FOR_ALLOC freed 4305K, 45% free 9252K/16616K, paused 4ms, total 4ms
02-03 12:43:42.571 D/dalvikvm(15954): GC_CONCURRENT freed 3471K, 42% free 9747K/16616K, paused 1ms+1ms, total 6ms
02-03 12:43:42.571 D/dalvikvm(15954): WAIT_FOR_CONCURRENT_GC blocked 2ms
02-03 12:43:42.581 D/dalvikvm(15954): GC_FOR_ALLOC freed 4353K, 45% free 9257K/16616K, paused 5ms, total 5ms
02-03 12:43:42.581 D/dalvikvm(15954): GC_CONCURRENT freed 3886K, 44% free 9385K/16616K, paused 0ms+1ms, total 4ms
02-03 12:43:42.581 D/dalvikvm(15954): WAIT_FOR_CONCURRENT_GC blocked 3ms
02-03 12:43:42.591 D/dalvikvm(15954): GC_FOR_ALLOC freed 4033K, 45% free 9261K/16616K, paused 4ms, total 4ms
02-03 12:43:42.601 D/dalvikvm(15954): GC_CONCURRENT freed 3932K, 44% free 9391K/16616K, paused 1ms+1ms, total 5ms
02-03 12:43:42.601 D/dalvikvm(15954): WAIT_FOR_CONCURRENT_GC blocked 4ms
02-03 12:43:42.611 D/dalvikvm(15954): GC_FOR_ALLOC freed 4081K, 45% free 9266K/16616K, paused 4ms, total 4ms
02-03 12:43:42.611 D/dalvikvm(15954): GC_FOR_ALLOC freed 3592K, 43% free 9524K/16616K, paused 4ms, total 4ms
02-03 12:43:42.621 D/dalvikvm(15954): GC_FOR_ALLOC freed 4257K, 45% free 9141K/16616K, paused 4ms, total 4ms
02-03 12:43:42.631 D/dalvikvm(15954): GC_FOR_ALLOC freed 3892K, 45% free 9272K/16616K, paused 4ms, total 4ms
02-03 12:43:42.631 D/dalvikvm(15954): GC_CONCURRENT freed 3003K, 39% free 10184K/16616K, paused 1ms+1ms, total 6ms
02-03 12:43:42.631 D/dalvikvm(15954): WAIT_FOR_CONCURRENT_GC blocked 2ms
02-03 12:43:42.641 D/dalvikvm(15954): GC_FOR_ALLOC freed 4320K, 45% free 9276K/16616K, paused 4ms, total 4ms
02-03 12:43:42.651 D/dalvikvm(15954): GC_FOR_ALLOC freed 3689K, 43% free 9542K/16616K, paused 4ms, total 4ms
02-03 12:43:42.651 D/dalvikvm(15954): GC_CONCURRENT freed 4107K, 44% free 9414K/16616K, paused 1ms+1ms, total 5ms
02-03 12:43:42.651 D/dalvikvm(15954): WAIT_FOR_CONCURRENT_GC blocked 4ms
02-03 12:43:42.661 D/dalvikvm(15954): GC_FOR_ALLOC freed 3995K, 45% free 9150K/16616K, paused 5ms, total 5ms
02-03 12:43:42.671 D/dalvikvm(15954): GC_FOR_ALLOC freed 3749K, 45% free 9151K/16616K, paused 6ms, total 6ms
02-03 12:43:42.681 D/dalvikvm(15954): GC_FOR_ALLOC freed 3768K, 45% free 9153K/16616K, paused 4ms, total 5ms
02-03 12:43:42.691 D/dalvikvm(15954): GC_FOR_ALLOC freed 3787K, 45% free 9154K/16616K, paused 4ms, total 4ms
02-03 12:43:42.701 D/dalvikvm(15954): GC_FOR_ALLOC freed 3806K, 45% free 9155K/16616K, paused 6ms, total 7ms
02-03 12:43:42.711 D/dalvikvm(15954): GC_FOR_ALLOC freed 3825K, 45% free 9157K/16616K, paused 6ms, total 6ms
02-03 12:43:42.711 W/BindingManager(18937): Cannot call determinedVisibility() - never saw a connection for the pid: 18937
02-03 12:43:42.711 D/dalvikvm(15954): GC_FOR_ALLOC freed 3844K, 45% free 9158K/16616K, paused 4ms, total 5ms
02-03 12:43:42.721 D/dalvikvm(15954): GC_FOR_ALLOC freed 3863K, 45% free 9159K/16616K, paused 5ms, total 5ms
02-03 12:43:42.731 D/dalvikvm(15954): GC_FOR_ALLOC freed 3882K, 45% free 9161K/16616K, paused 5ms, total 5ms
02-03 12:43:42.741 D/dalvikvm(15954): GC_FOR_ALLOC freed 3900K, 45% free 9162K/16616K, paused 6ms, total 7ms
02-03 12:43:42.751 D/dalvikvm(15954): GC_FOR_ALLOC freed 3919K, 45% free 9163K/16616K, paused 4ms, total 4ms
02-03 12:43:42.761 D/dalvikvm(15954): GC_FOR_ALLOC freed 3938K, 45% free 9165K/16616K, paused 5ms, total 5ms
02-03 12:43:42.771 D/dalvikvm(15954): GC_FOR_ALLOC freed 3957K, 45% free 9166K/16616K, paused 5ms, total 5ms
02-03 12:43:42.781 D/dalvikvm(15954): GC_FOR_ALLOC freed 3976K, 45% free 9167K/16616K, paused 5ms, total 6ms
02-03 12:43:42.791 D/dalvikvm(15954): GC_FOR_ALLOC freed 3994K, 45% free 9169K/16616K, paused 4ms, total 4ms
02-03 12:43:42.791 D/dalvikvm(15954): GC_CONCURRENT freed 2291K, 41% free 9884K/16616K, paused 1ms+1ms, total 6ms
02-03 12:43:42.801 D/dalvikvm(15954): GC_FOR_ALLOC freed 4023K, 43% free 9602K/16616K, paused 4ms, total 4ms
02-03 12:43:42.811 D/dalvikvm(15954): GC_CONCURRENT freed 4043K, 43% free 9605K/16616K, paused 1ms+1ms, total 5ms
02-03 12:43:42.811 D/dalvikvm(15954): WAIT_FOR_CONCURRENT_GC blocked 2ms
02-03 12:43:42.821 D/dalvikvm(15954): GC_CONCURRENT freed 4062K, 43% free 9608K/16616K, paused 0ms+3ms, total 7ms
02-03 12:43:42.821 D/dalvikvm(15954): WAIT_FOR_CONCURRENT_GC blocked 4ms
02-03 12:43:42.841 D/dalvikvm(15954): GC_CONCURRENT freed 4080K, 43% free 9612K/16616K, paused 1ms+1ms, total 6ms
02-03 12:43:42.841 D/dalvikvm(15954): WAIT_FOR_CONCURRENT_GC blocked 5ms
02-03 12:43:42.841 D/dalvikvm(15954): GC_FOR_ALLOC freed 4099K, 44% free 9322K/16616K, paused 6ms, total 6ms
02-03 12:43:42.851 D/dalvikvm(15954): GC_FOR_ALLOC freed 3824K, 45% free 9177K/16616K, paused 4ms, total 4ms
02-03 12:43:42.861 D/dalvikvm(15954): GC_FOR_ALLOC freed 3395K, 43% free 9621K/16616K, paused 4ms, total 5ms
02-03 12:43:42.861 D/dalvikvm(15954): GC_FOR_ALLOC freed 3854K, 45% free 9180K/16616K, paused 4ms, total 4ms
02-03 12:43:42.871 D/dalvikvm(15954): GC_FOR_ALLOC freed 3422K, 43% free 9627K/16616K, paused 4ms, total 4ms
02-03 12:43:42.891 D/dalvikvm(15954): GC_FOR_ALLOC freed 4184K, 44% free 9331K/16616K, paused 4ms, total 4ms
02-03 12:43:42.891 D/dalvikvm(15954): GC_FOR_ALLOC freed 3902K, 45% free 9183K/16616K, paused 5ms, total 5ms
02-03 12:43:42.891 D/dalvikvm(15954): GC_FOR_ALLOC freed 3465K, 43% free 9636K/16616K, paused 4ms, total 4ms
02-03 12:43:42.901 D/dalvikvm(15954): GC_FOR_ALLOC freed 3933K, 45% free 9186K/16616K, paused 4ms, total 4ms
02-03 12:43:42.911 D/dalvikvm(15954): GC_FOR_ALLOC freed 3492K, 42% free 9642K/16616K, paused 4ms, total 4ms
02-03 12:43:42.911 D/dalvikvm(15954): GC_FOR_ALLOC freed 4269K, 44% free 9340K/16616K, paused 4ms, total 4ms
02-03 12:43:42.921 D/dalvikvm(15954): GC_FOR_ALLOC freed 3981K, 45% free 9189K/16616K, paused 4ms, total 4ms
02-03 12:43:42.931 D/dalvikvm(15954): GC_CONCURRENT freed 3534K, 42% free 9651K/16616K, paused 1ms+1ms, total 6ms
02-03 12:43:42.931 D/dalvikvm(15954): WAIT_FOR_CONCURRENT_GC blocked 2ms
02-03 12:43:42.931 D/dalvikvm(15954): GC_FOR_ALLOC freed 4011K, 45% free 9192K/16616K, paused 5ms, total 5ms
02-03 12:43:42.941 D/dalvikvm(15954): GC_FOR_ALLOC freed 3561K, 42% free 9657K/16616K, paused 4ms, total 4ms
02-03 12:43:42.951 D/dalvikvm(15954): GC_CONCURRENT freed 2957K, 39% free 10279K/16616K, paused 1ms+1ms, total 5ms
02-03 12:43:42.951 D/dalvikvm(15954): WAIT_FOR_CONCURRENT_GC blocked 2ms
02-03 12:43:42.951 D/dalvikvm(15954): GC_FOR_ALLOC freed 3579K, 42% free 9662K/16616K, paused 4ms, total 4ms
02-03 12:43:42.961 D/dalvikvm(15954): GC_CONCURRENT freed 4381K, 44% free 9353K/16616K, paused 0ms+1ms, total 4ms
02-03 12:43:42.961 D/dalvikvm(15954): WAIT_FOR_CONCURRENT_GC blocked 5ms
02-03 12:43:42.971 D/dalvikvm(15954): GC_FOR_ALLOC freed 4086K, 45% free 9198K/16616K, paused 5ms, total 5ms
02-03 12:43:42.971 D/dalvikvm(15954): GC_FOR_ALLOC freed 3627K, 44% free 9356K/16616K, paused 4ms, total 4ms
02-03 12:43:42.981 D/dalvikvm(15954): GC_FOR_ALLOC freed 4116K, 45% free 9200K/16616K, paused 4ms, total 4ms
02-03 12:43:42.991 D/dalvikvm(15954): GC_FOR_ALLOC freed 3654K, 44% free 9359K/16616K, paused 4ms, total 4ms
02-03 12:43:43.001 D/dalvikvm(15954): GC_CONCURRENT freed 3828K, 43% free 9521K/16616K, paused 0ms+1ms, total 4ms
02-03 12:43:43.001 D/dalvikvm(15954): WAIT_FOR_CONCURRENT_GC blocked 5ms
02-03 12:43:43.001 D/dalvikvm(15954): GC_FOR_ALLOC freed 4001K, 44% free 9363K/16616K, paused 4ms, total 4ms
02-03 12:43:43.011 D/dalvikvm(15954): GC_CONCURRENT freed 3858K, 43% free 9526K/16616K, paused 0ms+1ms, total 5ms
02-03 12:43:43.011 D/dalvikvm(15954): WAIT_FOR_CONCURRENT_GC blocked 4ms
02-03 12:43:43.021 D/dalvikvm(15954): GC_FOR_ALLOC freed 4031K, 44% free 9367K/16616K, paused 4ms, total 4ms
02-03 12:43:43.021 D/dalvikvm(15954): GC_CONCURRENT freed 3887K, 43% free 9531K/16616K, paused 1ms+1ms, total 5ms
02-03 12:43:43.021 D/dalvikvm(15954): WAIT_FOR_CONCURRENT_GC blocked 4ms
02-03 12:43:43.031 D/dalvikvm(15954): GC_FOR_ALLOC freed 4061K, 44% free 9370K/16616K, paused 4ms, total 4ms
02-03 12:43:43.041 D/dalvikvm(15954): GC_CONCURRENT freed 3916K, 43% free 9536K/16616K, paused 1ms+1ms, total 5ms
02-03 12:43:43.041 D/dalvikvm(15954): WAIT_FOR_CONCURRENT_GC blocked 4ms
02-03 12:43:43.051 D/dalvikvm(15954): GC_FOR_ALLOC freed 4094K, 44% free 9374K/16616K, paused 4ms, total 4ms
02-03 12:43:43.051 D/dalvikvm(15954): GC_FOR_ALLOC freed 3452K, 42% free 9705K/16616K, paused 4ms, total 4ms
02-03 12:43:43.061 D/dalvikvm(15954): GC_FOR_ALLOC freed 4290K, 45% free 9213K/16616K, paused 4ms, total 4ms
02-03 12:43:43.071 D/dalvikvm(15954): GC_CONCURRENT freed 3808K, 44% free 9380K/16616K, paused 1ms+1ms, total 5ms
02-03 12:43:43.071 D/dalvikvm(15954): WAIT_FOR_CONCURRENT_GC blocked 4ms
02-03 12:43:43.071 D/dalvikvm(15954): GC_FOR_ALLOC freed 3487K, 42% free 9713K/16616K, paused 4ms, total 4ms
02-03 12:43:43.081 D/dalvikvm(15954): GC_FOR_ALLOC freed 4331K, 45% free 9216K/16616K, paused 4ms, total 4ms
02-03 12:43:43.091 D/dalvikvm(15954): GC_CONCURRENT freed 3842K, 44% free 9384K/16616K, paused 1ms+1ms, total 5ms
02-03 12:43:43.091 D/dalvikvm(15954): WAIT_FOR_CONCURRENT_GC blocked 4ms
02-03 12:43:43.101 D/dalvikvm(15954): GC_FOR_ALLOC freed 3519K, 42% free 9720K/16616K, paused 4ms, total 4ms
02-03 12:43:43.101 D/dalvikvm(15954): GC_FOR_ALLOC freed 4370K, 45% free 9219K/16616K, paused 4ms, total 4ms
02-03 12:43:43.111 D/dalvikvm(15954): GC_FOR_ALLOC freed 3877K, 44% free 9388K/16616K, paused 4ms, total 4ms
02-03 12:43:43.121 D/dalvikvm(15954): GC_CONCURRENT freed 2742K, 37% free 10585K/16616K, paused 0ms+1ms, total 5ms
02-03 12:43:43.121 D/dalvikvm(15954): WAIT_FOR_CONCURRENT_GC blocked 2ms
02-03 12:43:43.131 D/dalvikvm(15954): GC_FOR_ALLOC freed 5119K, 45% free 9210K/16616K, paused 4ms, total 4ms
02-03 12:43:43.131 D/dalvikvm(15954): GC_FOR_ALLOC freed 3756K, 45% free 9211K/16616K, paused 4ms, total 4ms
02-03 12:43:43.141 D/dalvikvm(15954): GC_FOR_ALLOC freed 2883K, 39% free 10167K/16616K, paused 4ms, total 4ms
02-03 12:43:43.221 D/dalvikvm(15954): GC_CONCURRENT freed 5345K, 47% free 8912K/16616K, paused 0ms+1ms, total 6ms
02-03 12:43:43.221 D/dalvikvm(15954): WAIT_FOR_CONCURRENT_GC blocked 6ms
02-03 12:43:43.231 D/dalvikvm(15954): GC_FOR_ALLOC freed 4067K, 47% free 8927K/16616K, paused 4ms, total 4ms
02-03 12:43:43.241 D/dalvikvm(15954): GC_FOR_ALLOC freed 4097K, 47% free 8909K/16616K, paused 5ms, total 5ms
02-03 12:43:43.241 D/dalvikvm(15954): GC_CONCURRENT freed 2849K, 46% free 9086K/16616K, paused 1ms+1ms, total 6ms
02-03 12:43:43.251 D/dalvikvm(15954): GC_CONCURRENT freed 4160K, 46% free 9017K/16616K, paused 1ms+1ms, total 6ms
02-03 12:43:43.251 D/dalvikvm(15954): WAIT_FOR_CONCURRENT_GC blocked 3ms
02-03 12:43:43.261 D/dalvikvm(15954): GC_FOR_ALLOC freed 4080K, 46% free 9026K/16616K, paused 5ms, total 5ms
02-03 12:43:43.271 D/dalvikvm(15954): GC_CONCURRENT freed 633K, 45% free 9295K/16616K, paused 1ms+1ms, total 6ms
02-03 12:43:43.281 D/dalvikvm(15954): GC_CONCURRENT freed 4299K, 46% free 9002K/16616K, paused 1ms+1ms, total 6ms
02-03 12:43:43.281 D/dalvikvm(15954): WAIT_FOR_CONCURRENT_GC blocked 5ms
02-03 12:43:43.291 D/dalvikvm(15954): GC_CONCURRENT freed 3985K, 46% free 9110K/16616K, paused 4ms+1ms, total 11ms
02-03 12:43:43.291 D/dalvikvm(15954): WAIT_FOR_CONCURRENT_GC blocked 2ms
02-03 12:43:43.301 W/BindingManager(18937): Cannot call determinedVisibility() - never saw a connection for the pid: 18937
02-03 12:43:43.301 D/dalvikvm(15954): GC_FOR_ALLOC freed 4117K, 46% free 9075K/16616K, paused 4ms, total 5ms
02-03 12:43:43.311 D/dalvikvm(15954): GC_FOR_ALLOC freed 4105K, 46% free 8998K/16616K, paused 7ms, total 7ms
02-03 12:43:43.331 D/dalvikvm(15954): GC_CONCURRENT freed 3848K, 45% free 9200K/16616K, paused 6ms+2ms, total 12ms
02-03 12:43:43.331 D/dalvikvm(15954): WAIT_FOR_CONCURRENT_GC blocked 7ms
02-03 12:43:43.341 D/dalvikvm(15954): GC_CONCURRENT freed 4146K, 46% free 9091K/16616K, paused 1ms+1ms, total 6ms
02-03 12:43:43.341 D/dalvikvm(15954): WAIT_FOR_CONCURRENT_GC blocked 5ms
02-03 12:43:43.341 D/dalvikvm(15954): GC_FOR_ALLOC freed 4124K, 46% free 9005K/16616K, paused 5ms, total 5ms
02-03 12:43:43.361 D/dalvikvm(15954): GC_CONCURRENT freed 3202K, 45% free 9287K/16616K, paused 1ms+3ms, total 13ms
02-03 12:43:43.371 D/dalvikvm(15954): GC_CONCURRENT freed 4177K, 46% free 9109K/16616K, paused 1ms+1ms, total 7ms
02-03 12:43:43.371 D/dalvikvm(15954): WAIT_FOR_CONCURRENT_GC blocked 1ms
02-03 12:43:43.381 D/dalvikvm(15954): GC_CONCURRENT freed 4032K, 46% free 9067K/16616K, paused 0ms+1ms, total 5ms
02-03 12:43:43.381 D/dalvikvm(15954): WAIT_FOR_CONCURRENT_GC blocked 5ms
02-03 12:43:43.391 D/dalvikvm(15954): GC_CONCURRENT freed 4012K, 46% free 9070K/16616K, paused 1ms+1ms, total 5ms
02-03 12:43:43.391 D/dalvikvm(15954): WAIT_FOR_CONCURRENT_GC blocked 4ms
02-03 12:43:43.391 D/dalvikvm(15954): GC_CONCURRENT freed 3975K, 45% free 9158K/16616K, paused 1ms+0ms, total 6ms
02-03 12:43:43.391 D/dalvikvm(15954): WAIT_FOR_CONCURRENT_GC blocked 5ms
02-03 12:43:43.401 D/dalvikvm(15954): GC_CONCURRENT freed 4033K, 46% free 9110K/16616K, paused 1ms+0ms, total 5ms
02-03 12:43:43.401 D/dalvikvm(15954): WAIT_FOR_CONCURRENT_GC blocked 4ms
02-03 12:43:43.411 D/dalvikvm(15954): GC_CONCURRENT freed 3977K, 46% free 9113K/16616K, paused 1ms+0ms, total 5ms
02-03 12:43:43.411 D/dalvikvm(15954): WAIT_FOR_CONCURRENT_GC blocked 4ms
02-03 12:43:43.421 D/dalvikvm(15954): GC_CONCURRENT freed 4078K, 46% free 9119K/16616K, paused 0ms+1ms, total 4ms
02-03 12:43:43.421 D/dalvikvm(15954): WAIT_FOR_CONCURRENT_GC blocked 4ms
02-03 12:43:43.431 D/dalvikvm(15954): GC_CONCURRENT freed 4005K, 45% free 9180K/16616K, paused 1ms+1ms, total 5ms
02-03 12:43:43.431 D/dalvikvm(15954): WAIT_FOR_CONCURRENT_GC blocked 4ms
02-03 12:43:43.431 D/dalvikvm(15954): GC_CONCURRENT freed 4036K, 46% free 9126K/16616K, paused 1ms+1ms, total 5ms
02-03 12:43:43.431 D/dalvikvm(15954): WAIT_FOR_CONCURRENT_GC blocked 4ms
02-03 12:43:43.441 D/dalvikvm(15954): GC_FOR_ALLOC freed 4068K, 46% free 9001K/16616K, paused 4ms, total 4ms
02-03 12:43:43.451 D/dalvikvm(15954): GC_CONCURRENT freed 3901K, 46% free 9128K/16616K, paused 0ms+0ms, total 5ms
02-03 12:43:43.451 D/dalvikvm(15954): WAIT_FOR_CONCURRENT_GC blocked 4ms
02-03 12:43:43.461 D/dalvikvm(15954): GC_CONCURRENT freed 3913K, 45% free 9194K/16616K, paused 1ms+1ms, total 5ms
02-03 12:43:43.461 D/dalvikvm(15954): WAIT_FOR_CONCURRENT_GC blocked 5ms
02-03 12:43:43.461 D/dalvikvm(15954): GC_CONCURRENT freed 4193K, 46% free 9063K/16616K, paused 1ms+1ms, total 5ms
02-03 12:43:43.461 D/dalvikvm(15954): WAIT_FOR_CONCURRENT_GC blocked 4ms
02-03 12:43:43.471 D/dalvikvm(15954): GC_CONCURRENT freed 4004K, 46% free 9132K/16616K, paused 1ms+1ms, total 5ms
02-03 12:43:43.471 D/dalvikvm(15954): WAIT_FOR_CONCURRENT_GC blocked 4ms
02-03 12:43:43.481 D/dalvikvm(15954): GC_FOR_ALLOC freed 4007K, 46% free 9026K/16616K, paused 4ms, total 4ms
02-03 12:43:43.491 D/dalvikvm(15954): GC_FOR_ALLOC freed 3938K, 46% free 9024K/16616K, paused 4ms, total 4ms
02-03 12:43:43.491 D/dalvikvm(15954): GC_CONCURRENT freed 3862K, 45% free 9166K/16616K, paused 1ms+1ms, total 5ms
02-03 12:43:43.491 D/dalvikvm(15954): WAIT_FOR_CONCURRENT_GC blocked 4ms
02-03 12:43:43.501 D/dalvikvm(15954): GC_FOR_ALLOC freed 4215K, 46% free 9021K/16616K, paused 5ms, total 5ms
02-03 12:43:43.511 D/dalvikvm(15954): GC_CONCURRENT freed 3767K, 45% free 9241K/16616K, paused 1ms+1ms, total 6ms
02-03 12:43:43.511 D/dalvikvm(15954): WAIT_FOR_CONCURRENT_GC blocked 5ms
02-03 12:43:43.521 D/dalvikvm(15954): GC_CONCURRENT freed 4199K, 46% free 9093K/16616K, paused 1ms+1ms, total 5ms
02-03 12:43:43.521 D/dalvikvm(15954): WAIT_FOR_CONCURRENT_GC blocked 4ms
02-03 12:43:43.531 D/dalvikvm(15954): GC_FOR_ALLOC freed 4114K, 46% free 9016K/16616K, paused 4ms, total 4ms
02-03 12:43:43.541 D/dalvikvm(15954): GC_CONCURRENT freed 3559K, 43% free 9474K/16616K, paused 1ms+0ms, total 6ms
02-03 12:43:43.541 D/dalvikvm(15954): WAIT_FOR_CONCURRENT_GC blocked 2ms
02-03 12:43:43.541 D/dalvikvm(15954): GC_FOR_ALLOC freed 4223K, 45% free 9279K/16616K, paused 4ms, total 4ms
02-03 12:43:43.551 D/dalvikvm(15954): GC_CONCURRENT freed 3741K, 43% free 9593K/16616K, paused 1ms+1ms, total 6ms
02-03 12:43:43.551 D/dalvikvm(15954): WAIT_FOR_CONCURRENT_GC blocked 2ms
02-03 12:43:43.561 D/dalvikvm(15954): GC_FOR_ALLOC freed 4502K, 46% free 9041K/16616K, paused 4ms, total 4ms
02-03 12:43:43.561 D/dalvikvm(15954): GC_CONCURRENT freed 3837K, 45% free 9207K/16616K, paused 0ms+1ms, total 4ms
02-03 12:43:43.561 D/dalvikvm(15954): WAIT_FOR_CONCURRENT_GC blocked 4ms
02-03 12:43:43.571 D/dalvikvm(15954): GC_CONCURRENT freed 4052K, 45% free 9211K/16616K, paused 1ms+1ms, total 5ms
02-03 12:43:43.571 D/dalvikvm(15954): WAIT_FOR_CONCURRENT_GC blocked 4ms
02-03 12:43:43.581 D/dalvikvm(15954): GC_FOR_ALLOC freed 3858K, 45% free 9295K/16616K, paused 4ms, total 4ms
02-03 12:43:43.591 D/dalvikvm(15954): GC_FOR_ALLOC freed 4160K, 46% free 9126K/16616K, paused 4ms, total 4ms
02-03 12:43:43.591 D/dalvikvm(15954): GC_CONCURRENT freed 3613K, 44% free 9465K/16616K, paused 1ms+1ms, total 6ms
02-03 12:43:43.591 D/dalvikvm(15954): WAIT_FOR_CONCURRENT_GC blocked 2ms
02-03 12:43:43.601 D/dalvikvm(15954): GC_FOR_ALLOC freed 4249K, 45% free 9298K/16616K, paused 4ms, total 4ms
02-03 12:43:43.611 D/dalvikvm(15954): GC_CONCURRENT freed 3521K, 42% free 9645K/16616K, paused 1ms+1ms, total 6ms
02-03 12:43:43.611 D/dalvikvm(15954): WAIT_FOR_CONCURRENT_GC blocked 3ms
02-03 12:43:43.611 D/dalvikvm(15954): GC_FOR_ALLOC freed 4519K, 45% free 9154K/16616K, paused 4ms, total 4ms
02-03 12:43:43.621 D/dalvikvm(15954): GC_CONCURRENT freed 3321K, 42% free 9781K/16616K, paused 0ms+1ms, total 5ms
02-03 12:43:43.621 D/dalvikvm(15954): WAIT_FOR_CONCURRENT_GC blocked 2ms
02-03 12:43:43.631 D/dalvikvm(15954): GC_CONCURRENT freed 4523K, 45% free 9250K/16616K, paused 1ms+1ms, total 5ms
02-03 12:43:43.631 D/dalvikvm(15954): WAIT_FOR_CONCURRENT_GC blocked 4ms
02-03 12:43:43.631 D/dalvikvm(15954): GC_FOR_ALLOC freed 4032K, 46% free 9067K/16616K, paused 4ms, total 4ms
02-03 12:43:43.641 D/dalvikvm(15954): GC_FOR_ALLOC freed 3884K, 46% free 9068K/16616K, paused 5ms, total 5ms
02-03 12:43:43.651 D/dalvikvm(15954): GC_FOR_ALLOC freed 3921K, 46% free 9070K/16616K, paused 4ms, total 4ms
02-03 12:43:43.651 D/dalvikvm(15954): GC_FOR_ALLOC freed 3959K, 46% free 9072K/16616K, paused 4ms, total 4ms
02-03 12:43:43.661 D/dalvikvm(15954): GC_CONCURRENT freed 3806K, 45% free 9265K/16616K, paused 0ms+1ms, total 4ms
02-03 12:43:43.661 D/dalvikvm(15954): WAIT_FOR_CONCURRENT_GC blocked 5ms
02-03 12:43:43.671 D/dalvikvm(15954): GC_CONCURRENT freed 4032K, 45% free 9269K/16616K, paused 1ms+1ms, total 5ms
02-03 12:43:43.671 D/dalvikvm(15954): WAIT_FOR_CONCURRENT_GC blocked 4ms
02-03 12:43:43.681 D/dalvikvm(15954): GC_CONCURRENT freed 4071K, 45% free 9272K/16616K, paused 1ms+1ms, total 5ms
02-03 12:43:43.681 D/dalvikvm(15954): WAIT_FOR_CONCURRENT_GC blocked 4ms
02-03 12:43:43.681 D/dalvikvm(15954): GC_FOR_ALLOC freed 3816K, 44% free 9368K/16616K, paused 4ms, total 4ms
02-03 12:43:43.691 D/dalvikvm(15954): GC_FOR_ALLOC freed 4143K, 45% free 9175K/16616K, paused 5ms, total 5ms
02-03 12:43:43.701 D/dalvikvm(15954): GC_FOR_ALLOC freed 3981K, 46% free 9079K/16616K, paused 4ms, total 4ms
02-03 12:43:43.701 D/dalvikvm(15954): GC_FOR_ALLOC freed 3712K, 44% free 9381K/16616K, paused 4ms, total 4ms
02-03 12:43:43.711 D/dalvikvm(15954): GC_CONCURRENT freed 3546K, 41% free 9886K/16616K, paused 1ms+1ms, total 6ms
02-03 12:43:43.711 D/dalvikvm(15954): WAIT_FOR_CONCURRENT_GC blocked 2ms
02-03 12:43:43.721 D/dalvikvm(15954): GC_CONCURRENT freed 4583K, 45% free 9288K/16616K, paused 1ms+1ms, total 5ms
02-03 12:43:43.721 D/dalvikvm(15954): WAIT_FOR_CONCURRENT_GC blocked 4ms
02-03 12:43:43.731 D/dalvikvm(15954): GC_FOR_ALLOC freed 4016K, 45% free 9184K/16616K, paused 4ms, total 4ms
02-03 12:43:43.731 D/dalvikvm(15954): GC_CONCURRENT freed 3944K, 45% free 9291K/16616K, paused 1ms+1ms, total 5ms
02-03 12:43:43.731 D/dalvikvm(15954): WAIT_FOR_CONCURRENT_GC blocked 4ms
02-03 12:43:43.741 D/dalvikvm(15954): GC_FOR_ALLOC freed 4080K, 45% free 9189K/16616K, paused 4ms, total 4ms
02-03 12:43:43.751 D/dalvikvm(15954): GC_CONCURRENT freed 3168K, 41% free 9927K/16616K, paused 1ms+1ms, total 6ms
02-03 12:43:43.751 D/dalvikvm(15954): WAIT_FOR_CONCURRENT_GC blocked 2ms
02-03 12:43:43.751 D/dalvikvm(15954): GC_FOR_ALLOC freed 4776K, 46% free 9088K/16616K, paused 4ms, total 4ms
02-03 12:43:43.761 D/dalvikvm(15954): GC_FOR_ALLOC freed 3963K, 45% free 9196K/16616K, paused 4ms, total 4ms
02-03 12:43:43.771 D/dalvikvm(15954): GC_CONCURRENT freed 3240K, 41% free 9951K/16616K, paused 1ms+1ms, total 6ms
02-03 12:43:43.771 D/dalvikvm(15954): WAIT_FOR_CONCURRENT_GC blocked 2ms
02-03 12:43:43.771 D/dalvikvm(15954): GC_FOR_ALLOC freed 4338K, 44% free 9418K/16616K, paused 4ms, total 4ms
02-03 12:43:43.781 D/dalvikvm(15954): GC_CONCURRENT freed 4159K, 44% free 9313K/16616K, paused 1ms+1ms, total 5ms
02-03 12:43:43.781 D/dalvikvm(15954): WAIT_FOR_CONCURRENT_GC blocked 4ms
02-03 12:43:43.791 D/dalvikvm(15954): GC_FOR_ALLOC freed 4077K, 46% free 9096K/16616K, paused 4ms, total 4ms
02-03 12:43:43.791 D/dalvikvm(15954): GC_FOR_ALLOC freed 3884K, 46% free 9097K/16616K, paused 4ms, total 4ms
02-03 12:43:43.801 D/dalvikvm(15954): GC_FOR_ALLOC freed 3910K, 46% free 9099K/16616K, paused 4ms, total 4ms
02-03 12:43:43.811 D/dalvikvm(15954): GC_FOR_ALLOC freed 3937K, 46% free 9100K/16616K, paused 4ms, total 4ms
02-03 12:43:43.811 D/dalvikvm(15954): GC_FOR_ALLOC freed 3963K, 46% free 9102K/16616K, paused 4ms, total 4ms
02-03 12:43:43.821 D/dalvikvm(15954): GC_CONCURRENT freed 3761K, 44% free 9331K/16616K, paused 0ms+0ms, total 5ms
02-03 12:43:43.821 D/dalvikvm(15954): WAIT_FOR_CONCURRENT_GC blocked 4ms
02-03 12:43:43.831 D/dalvikvm(15954): GC_CONCURRENT freed 4014K, 44% free 9334K/16616K, paused 1ms+1ms, total 5ms
02-03 12:43:43.831 D/dalvikvm(15954): WAIT_FOR_CONCURRENT_GC blocked 4ms
02-03 12:43:43.841 D/dalvikvm(15954): GC_CONCURRENT freed 4040K, 44% free 9337K/16616K, paused 0ms+1ms, total 5ms
02-03 12:43:43.841 D/dalvikvm(15954): WAIT_FOR_CONCURRENT_GC blocked 4ms
02-03 12:43:43.841 D/dalvikvm(15954): GC_CONCURRENT freed 4067K, 44% free 9341K/16616K, paused 1ms+1ms, total 5ms
02-03 12:43:43.841 D/dalvikvm(15954): WAIT_FOR_CONCURRENT_GC blocked 4ms
02-03 12:43:43.851 D/dalvikvm(15954): GC_FOR_ALLOC freed 3743K, 44% free 9460K/16616K, paused 5ms, total 5ms
02-03 12:43:43.861 D/dalvikvm(15954): GC_FOR_ALLOC freed 4123K, 45% free 9228K/16616K, paused 5ms, total 5ms
02-03 12:43:43.871 D/dalvikvm(15954): GC_FOR_ALLOC freed 3914K, 46% free 9113K/16616K, paused 8ms, total 9ms
02-03 12:43:43.891 D/dalvikvm(15954): GC_FOR_ALLOC freed 3581K, 43% free 9472K/16616K, paused 8ms, total 9ms
02-03 12:43:43.901 W/BindingManager(18937): Cannot call determinedVisibility() - never saw a connection for the pid: 18937
02-03 12:43:43.901 D/dalvikvm(15954): GC_FOR_ALLOC freed 4205K, 45% free 9236K/16616K, paused 8ms, total 8ms
02-03 12:43:43.911 D/dalvikvm(15954): GC_CONCURRENT freed 0K, 43% free 9476K/16616K, paused 1ms+1ms, total 7ms
02-03 12:43:43.941 D/dalvikvm(15954): GC_CONCURRENT freed 4234K, 45% free 9222K/16616K, paused 3ms+1ms, total 20ms
02-03 12:43:43.941 D/dalvikvm(15954): WAIT_FOR_CONCURRENT_GC blocked 15ms
02-03 12:43:43.941 I/chromium(18937): [INFO:CONSOLE(47)] "Uncaught ReferenceError: SharedWorker is not defined", source: app://org.xwalk.webapi_noneservice_tests//opt/tct-workers-w3c-tests/workers/SharedWorkerLocation_href.html (47)
02-03 12:43:43.951 D/dalvikvm(15954): GC_FOR_ALLOC freed 4020K, 46% free 9103K/16616K, paused 4ms, total 4ms
02-03 12:43:43.961 D/dalvikvm(15954): GC_CONCURRENT freed 3676K, 43% free 9472K/16616K, paused 3ms+1ms, total 10ms
02-03 12:43:43.961 D/dalvikvm(15954): WAIT_FOR_CONCURRENT_GC blocked 4ms
02-03 12:43:43.971 D/dalvikvm(15954): GC_FOR_ALLOC freed 4317K, 45% free 9229K/16616K, paused 7ms, total 7ms
02-03 12:43:43.981 D/dalvikvm(15954): GC_CONCURRENT freed 3480K, 42% free 9725K/16616K, paused 1ms+1ms, total 6ms
02-03 12:43:43.981 D/dalvikvm(15954): WAIT_FOR_CONCURRENT_GC blocked 2ms
02-03 12:43:43.981 D/dalvikvm(15954): GC_FOR_ALLOC freed 4364K, 45% free 9234K/16616K, paused 4ms, total 4ms
02-03 12:43:43.991 D/dalvikvm(15954): GC_CONCURRENT freed 3896K, 44% free 9362K/16616K, paused 1ms+1ms, total 5ms
02-03 12:43:43.991 D/dalvikvm(15954): WAIT_FOR_CONCURRENT_GC blocked 4ms
02-03 12:43:44.001 D/dalvikvm(15954): GC_FOR_ALLOC freed 4044K, 45% free 9238K/16616K, paused 4ms, total 4ms
02-03 12:43:44.011 D/dalvikvm(15954): GC_CONCURRENT freed 3943K, 44% free 9368K/16616K, paused 0ms+1ms, total 5ms
02-03 12:43:44.011 D/dalvikvm(15954): WAIT_FOR_CONCURRENT_GC blocked 4ms
02-03 12:43:44.011 D/dalvikvm(15954): GC_FOR_ALLOC freed 4092K, 45% free 9243K/16616K, paused 4ms, total 5ms
02-03 12:43:44.021 D/dalvikvm(15954): GC_FOR_ALLOC freed 3601K, 43% free 9502K/16616K, paused 4ms, total 4ms
02-03 12:43:44.031 D/dalvikvm(15954): GC_FOR_ALLOC freed 4268K, 46% free 9118K/16616K, paused 4ms, total 4ms
02-03 12:43:44.031 D/dalvikvm(15954): GC_FOR_ALLOC freed 3902K, 45% free 9249K/16616K, paused 4ms, total 4ms
02-03 12:43:44.041 D/dalvikvm(15954): GC_CONCURRENT freed 3011K, 39% free 10164K/16616K, paused 1ms+1ms, total 6ms
02-03 12:43:44.041 D/dalvikvm(15954): WAIT_FOR_CONCURRENT_GC blocked 2ms
02-03 12:43:44.051 D/dalvikvm(15954): GC_FOR_ALLOC freed 4331K, 45% free 9253K/16616K, paused 4ms, total 4ms
02-03 12:43:44.051 D/dalvikvm(15954): GC_FOR_ALLOC freed 3699K, 43% free 9520K/16616K, paused 4ms, total 4ms
02-03 12:43:44.061 D/dalvikvm(15954): GC_CONCURRENT freed 4118K, 44% free 9391K/16616K, paused 0ms+1ms, total 5ms
02-03 12:43:44.061 D/dalvikvm(15954): WAIT_FOR_CONCURRENT_GC blocked 4ms
02-03 12:43:44.071 D/dalvikvm(15954): GC_FOR_ALLOC freed 4005K, 46% free 9126K/16616K, paused 4ms, total 4ms
02-03 12:43:44.071 D/dalvikvm(15954): GC_FOR_ALLOC freed 3758K, 46% free 9128K/16616K, paused 4ms, total 4ms
02-03 12:43:44.081 D/dalvikvm(15954): GC_FOR_ALLOC freed 3778K, 46% free 9129K/16616K, paused 5ms, total 5ms
02-03 12:43:44.091 D/dalvikvm(15954): GC_FOR_ALLOC freed 3797K, 46% free 9131K/16616K, paused 4ms, total 4ms
02-03 12:43:44.091 D/dalvikvm(15954): GC_FOR_ALLOC freed 3816K, 46% free 9132K/16616K, paused 4ms, total 4ms
02-03 12:43:44.101 D/dalvikvm(15954): GC_FOR_ALLOC freed 3835K, 46% free 9133K/16616K, paused 5ms, total 5ms
02-03 12:43:44.111 D/dalvikvm(15954): GC_FOR_ALLOC freed 3853K, 46% free 9135K/16616K, paused 4ms, total 4ms
02-03 12:43:44.121 D/dalvikvm(15954): GC_FOR_ALLOC freed 3872K, 46% free 9136K/16616K, paused 4ms, total 4ms
02-03 12:43:44.121 D/dalvikvm(15954): GC_FOR_ALLOC freed 3891K, 46% free 9137K/16616K, paused 4ms, total 4ms
02-03 12:43:44.131 D/dalvikvm(15954): GC_FOR_ALLOC freed 3910K, 45% free 9139K/16616K, paused 4ms, total 4ms
02-03 12:43:44.141 D/dalvikvm(15954): GC_FOR_ALLOC freed 3929K, 45% free 9140K/16616K, paused 4ms, total 4ms
02-03 12:43:44.141 D/dalvikvm(15954): GC_FOR_ALLOC freed 3947K, 45% free 9141K/16616K, paused 4ms, total 4ms
02-03 12:43:44.151 D/dalvikvm(15954): GC_FOR_ALLOC freed 3966K, 45% free 9143K/16616K, paused 4ms, total 4ms
02-03 12:43:44.151 D/dalvikvm(15954): GC_CONCURRENT freed 3560K, 43% free 9569K/16616K, paused 1ms+1ms, total 6ms
02-03 12:43:44.161 D/dalvikvm(15954): WAIT_FOR_CONCURRENT_GC blocked 3ms
02-03 12:43:44.161 D/dalvikvm(15954): GC_CONCURRENT freed 4143K, 44% free 9431K/16616K, paused 1ms+1ms, total 5ms
02-03 12:43:44.161 D/dalvikvm(15954): WAIT_FOR_CONCURRENT_GC blocked 4ms
02-03 12:43:44.171 D/dalvikvm(15954): GC_CONCURRENT freed 4021K, 44% free 9434K/16616K, paused 1ms+0ms, total 5ms
02-03 12:43:44.171 D/dalvikvm(15954): WAIT_FOR_CONCURRENT_GC blocked 4ms
02-03 12:43:44.181 D/dalvikvm(15954): GC_FOR_ALLOC freed 4329K, 45% free 9148K/16616K, paused 4ms, total 4ms
02-03 12:43:44.181 D/dalvikvm(15954): GC_CONCURRENT freed 3770K, 44% free 9440K/16616K, paused 1ms+1ms, total 5ms
02-03 12:43:44.181 D/dalvikvm(15954): WAIT_FOR_CONCURRENT_GC blocked 4ms
02-03 12:43:44.191 D/dalvikvm(15954): GC_CONCURRENT freed 4078K, 44% free 9442K/16616K, paused 0ms+1ms, total 4ms
02-03 12:43:44.191 D/dalvikvm(15954): WAIT_FOR_CONCURRENT_GC blocked 4ms
02-03 12:43:44.201 D/dalvikvm(15954): GC_FOR_ALLOC freed 3656K, 43% free 9590K/16616K, paused 5ms, total 5ms
02-03 12:43:44.211 D/dalvikvm(15954): GC_FOR_ALLOC freed 4113K, 45% free 9300K/16616K, paused 5ms, total 5ms
02-03 12:43:44.211 D/dalvikvm(15954): GC_FOR_ALLOC freed 3837K, 45% free 9154K/16616K, paused 4ms, total 5ms
02-03 12:43:44.221 D/dalvikvm(15954): GC_FOR_ALLOC freed 3407K, 43% free 9600K/16616K, paused 4ms, total 4ms
02-03 12:43:44.231 D/dalvikvm(15954): GC_FOR_ALLOC freed 3867K, 45% free 9157K/16616K, paused 4ms, total 4ms
02-03 12:43:44.231 D/dalvikvm(15954): GC_FOR_ALLOC freed 3434K, 43% free 9605K/16616K, paused 4ms, total 4ms
02-03 12:43:44.241 D/dalvikvm(15954): GC_FOR_ALLOC freed 4198K, 44% free 9309K/16616K, paused 4ms, total 4ms
02-03 12:43:44.251 D/dalvikvm(15954): GC_FOR_ALLOC freed 3915K, 45% free 9160K/16616K, paused 4ms, total 4ms
02-03 12:43:44.251 D/dalvikvm(15954): GC_FOR_ALLOC freed 3476K, 43% free 9615K/16616K, paused 4ms, total 4ms
02-03 12:43:44.261 D/dalvikvm(15954): GC_FOR_ALLOC freed 3946K, 45% free 9163K/16616K, paused 4ms, total 4ms
02-03 12:43:44.271 D/dalvikvm(15954): GC_FOR_ALLOC freed 3503K, 43% free 9621K/16616K, paused 4ms, total 4ms
02-03 12:43:44.271 D/dalvikvm(15954): GC_CONCURRENT freed 4282K, 44% free 9318K/16616K, paused 0ms+1ms, total 4ms
02-03 12:43:44.271 D/dalvikvm(15954): WAIT_FOR_CONCURRENT_GC blocked 4ms
02-03 12:43:44.281 D/dalvikvm(15954): GC_FOR_ALLOC freed 3994K, 45% free 9167K/16616K, paused 4ms, total 4ms
02-03 12:43:44.291 D/dalvikvm(15954): GC_FOR_ALLOC freed 3546K, 43% free 9630K/16616K, paused 4ms, total 4ms
02-03 12:43:44.291 D/dalvikvm(15954): GC_CONCURRENT freed 2945K, 39% free 10249K/16616K, paused 1ms+1ms, total 6ms
02-03 12:43:44.291 D/dalvikvm(15954): WAIT_FOR_CONCURRENT_GC blocked 2ms
02-03 12:43:44.301 D/dalvikvm(15954): GC_FOR_ALLOC freed 4342K, 45% free 9170K/16616K, paused 4ms, total 4ms
02-03 12:43:44.311 D/dalvikvm(15954): GC_FOR_ALLOC freed 3585K, 42% free 9638K/16616K, paused 5ms, total 5ms
02-03 12:43:44.311 D/dalvikvm(15954): GC_CONCURRENT freed 2976K, 39% free 10264K/16616K, paused 1ms+1ms, total 6ms
02-03 12:43:44.311 D/dalvikvm(15954): WAIT_FOR_CONCURRENT_GC blocked 2ms
02-03 12:43:44.321 D/dalvikvm(15954): GC_FOR_ALLOC freed 4389K, 45% free 9173K/16616K, paused 4ms, total 4ms
02-03 12:43:44.331 D/dalvikvm(15954): GC_FOR_ALLOC freed 3623K, 44% free 9331K/16616K, paused 4ms, total 4ms
02-03 12:43:44.331 D/dalvikvm(15954): GC_FOR_ALLOC freed 4112K, 45% free 9176K/16616K, paused 4ms, total 4ms
02-03 12:43:44.341 D/dalvikvm(15954): GC_FOR_ALLOC freed 3650K, 44% free 9335K/16616K, paused 4ms, total 4ms
02-03 12:43:44.351 D/dalvikvm(15954): GC_CONCURRENT freed 3824K, 43% free 9497K/16616K, paused 1ms+1ms, total 5ms
02-03 12:43:44.351 D/dalvikvm(15954): WAIT_FOR_CONCURRENT_GC blocked 4ms
02-03 12:43:44.351 D/dalvikvm(15954): GC_FOR_ALLOC freed 3997K, 44% free 9338K/16616K, paused 4ms, total 4ms
02-03 12:43:44.361 D/dalvikvm(15954): GC_CONCURRENT freed 3854K, 43% free 9502K/16616K, paused 1ms+1ms, total 5ms
02-03 12:43:44.361 D/dalvikvm(15954): WAIT_FOR_CONCURRENT_GC blocked 4ms
02-03 12:43:44.371 D/dalvikvm(15954): GC_FOR_ALLOC freed 4027K, 44% free 9342K/16616K, paused 4ms, total 4ms
02-03 12:43:44.371 D/dalvikvm(15954): GC_CONCURRENT freed 3883K, 43% free 9506K/16616K, paused 0ms+1ms, total 4ms
02-03 12:43:44.371 D/dalvikvm(15954): WAIT_FOR_CONCURRENT_GC blocked 4ms
02-03 12:43:44.381 D/dalvikvm(15954): GC_FOR_ALLOC freed 4057K, 44% free 9346K/16616K, paused 4ms, total 4ms
02-03 12:43:44.391 D/dalvikvm(15954): GC_CONCURRENT freed 3912K, 43% free 9511K/16616K, paused 0ms+1ms, total 4ms
02-03 12:43:44.391 D/dalvikvm(15954): WAIT_FOR_CONCURRENT_GC blocked 4ms
02-03 12:43:44.401 D/dalvikvm(15954): GC_FOR_ALLOC freed 4089K, 44% free 9350K/16616K, paused 4ms, total 4ms
02-03 12:43:44.401 D/dalvikvm(15954): GC_FOR_ALLOC freed 3448K, 42% free 9680K/16616K, paused 5ms, total 5ms
02-03 12:43:44.411 D/dalvikvm(15954): GC_FOR_ALLOC freed 4286K, 45% free 9189K/16616K, paused 4ms, total 4ms
02-03 12:43:44.421 D/dalvikvm(15954): GC_CONCURRENT freed 3804K, 44% free 9355K/16616K, paused 1ms+1ms, total 5ms
02-03 12:43:44.421 D/dalvikvm(15954): WAIT_FOR_CONCURRENT_GC blocked 4ms
02-03 12:43:44.421 D/dalvikvm(15954): GC_FOR_ALLOC freed 3484K, 42% free 9688K/16616K, paused 5ms, total 5ms
02-03 12:43:44.431 D/dalvikvm(15954): GC_FOR_ALLOC freed 4327K, 45% free 9192K/16616K, paused 4ms, total 4ms
02-03 12:43:44.441 D/dalvikvm(15954): GC_CONCURRENT freed 3839K, 44% free 9360K/16616K, paused 1ms+0ms, total 5ms
02-03 12:43:44.441 D/dalvikvm(15954): WAIT_FOR_CONCURRENT_GC blocked 4ms
02-03 12:43:44.441 D/dalvikvm(15954): GC_FOR_ALLOC freed 3516K, 42% free 9696K/16616K, paused 4ms, total 4ms
02-03 12:43:44.451 D/dalvikvm(15954): GC_FOR_ALLOC freed 4366K, 45% free 9195K/16616K, paused 4ms, total 4ms
02-03 12:43:44.461 D/dalvikvm(15954): GC_CONCURRENT freed 3873K, 44% free 9364K/16616K, paused 1ms+1ms, total 5ms
02-03 12:43:44.461 D/dalvikvm(15954): WAIT_FOR_CONCURRENT_GC blocked 4ms
02-03 12:43:44.471 D/dalvikvm(15954): GC_FOR_ALLOC freed 3548K, 42% free 9703K/16616K, paused 5ms, total 5ms
02-03 12:43:44.471 D/dalvikvm(15954): GC_FOR_ALLOC freed 4269K, 45% free 9202K/16616K, paused 4ms, total 4ms
02-03 12:43:44.481 D/dalvikvm(15954): GC_FOR_ALLOC freed 3745K, 45% free 9203K/16616K, paused 4ms, total 4ms
02-03 12:43:44.521 D/dalvikvm(15954): GC_CONCURRENT freed 4135K, 46% free 9135K/16616K, paused 1ms+1ms, total 5ms
02-03 12:43:44.521 D/dalvikvm(15954): WAIT_FOR_CONCURRENT_GC blocked 4ms
02-03 12:43:44.601 D/dalvikvm(15954): GC_CONCURRENT freed 4347K, 47% free 8883K/16616K, paused 0ms+1ms, total 6ms
02-03 12:43:44.601 D/dalvikvm(15954): WAIT_FOR_CONCURRENT_GC blocked 5ms
02-03 12:43:44.611 D/dalvikvm(15954): GC_CONCURRENT freed 4035K, 47% free 8942K/16616K, paused 1ms+1ms, total 5ms
02-03 12:43:44.611 D/dalvikvm(15954): WAIT_FOR_CONCURRENT_GC blocked 5ms
02-03 12:43:44.621 D/dalvikvm(15954): GC_CONCURRENT freed 4050K, 47% free 8966K/16616K, paused 1ms+1ms, total 5ms
02-03 12:43:44.621 D/dalvikvm(15954): WAIT_FOR_CONCURRENT_GC blocked 4ms
02-03 12:43:44.631 D/dalvikvm(15954): GC_CONCURRENT freed 4061K, 46% free 8980K/16616K, paused 1ms+1ms, total 5ms
02-03 12:43:44.631 D/dalvikvm(15954): WAIT_FOR_CONCURRENT_GC blocked 4ms
02-03 12:43:44.641 D/dalvikvm(15954): GC_CONCURRENT freed 4113K, 47% free 8937K/16616K, paused 1ms+1ms, total 5ms
02-03 12:43:44.641 D/dalvikvm(15954): WAIT_FOR_CONCURRENT_GC blocked 4ms
02-03 12:43:44.651 D/dalvikvm(15954): GC_FOR_ALLOC freed 3950K, 46% free 9030K/16616K, paused 4ms, total 4ms
02-03 12:43:44.661 D/dalvikvm(15954): GC_CONCURRENT freed 4145K, 47% free 8971K/16616K, paused 0ms+0ms, total 5ms
02-03 12:43:44.661 D/dalvikvm(15954): WAIT_FOR_CONCURRENT_GC blocked 5ms
02-03 12:43:44.661 D/dalvikvm(15954): GC_FOR_ALLOC freed 4029K, 47% free 8971K/16616K, paused 5ms, total 5ms
02-03 12:43:44.671 D/dalvikvm(15954): GC_CONCURRENT freed 3895K, 45% free 9144K/16616K, paused 0ms+1ms, total 6ms
02-03 12:43:44.671 D/dalvikvm(15954): WAIT_FOR_CONCURRENT_GC blocked 2ms
02-03 12:43:44.681 D/dalvikvm(15954): GC_CONCURRENT freed 4232K, 46% free 9001K/16616K, paused 1ms+1ms, total 5ms
02-03 12:43:44.681 D/dalvikvm(15954): WAIT_FOR_CONCURRENT_GC blocked 4ms
02-03 12:43:44.691 D/dalvikvm(15954): GC_FOR_ALLOC freed 4001K, 46% free 9087K/16616K, paused 4ms, total 4ms
02-03 12:43:44.691 D/dalvikvm(15954): GC_CONCURRENT freed 3917K, 45% free 9171K/16616K, paused 1ms+1ms, total 6ms
02-03 12:43:44.691 D/dalvikvm(15954): WAIT_FOR_CONCURRENT_GC blocked 2ms
02-03 12:43:44.701 D/dalvikvm(15954): GC_CONCURRENT freed 4206K, 46% free 9058K/16616K, paused 1ms+1ms, total 5ms
02-03 12:43:44.701 D/dalvikvm(15954): WAIT_FOR_CONCURRENT_GC blocked 4ms
02-03 12:43:44.711 D/dalvikvm(15954): GC_FOR_ALLOC freed 4121K, 46% free 9013K/16616K, paused 5ms, total 5ms
02-03 12:43:44.711 D/dalvikvm(15954): GC_CONCURRENT freed 3852K, 45% free 9252K/16616K, paused 1ms+1ms, total 6ms
02-03 12:43:44.711 D/dalvikvm(15954): WAIT_FOR_CONCURRENT_GC blocked 2ms
02-03 12:43:44.721 D/dalvikvm(15954): GC_CONCURRENT freed 4120K, 45% free 9219K/16616K, paused 1ms+1ms, total 5ms
02-03 12:43:44.721 D/dalvikvm(15954): WAIT_FOR_CONCURRENT_GC blocked 5ms
02-03 12:43:44.731 D/dalvikvm(15954): GC_CONCURRENT freed 4160K, 46% free 9074K/16616K, paused 1ms+1ms, total 5ms
02-03 12:43:44.731 D/dalvikvm(15954): WAIT_FOR_CONCURRENT_GC blocked 4ms
02-03 12:43:44.741 D/dalvikvm(15954): GC_FOR_ALLOC freed 4137K, 47% free 8967K/16616K, paused 4ms, total 4ms
02-03 12:43:44.741 D/dalvikvm(15954): GC_CONCURRENT freed 3715K, 45% free 9238K/16616K, paused 0ms+1ms, total 5ms
02-03 12:43:44.741 D/dalvikvm(15954): WAIT_FOR_CONCURRENT_GC blocked 2ms
02-03 12:43:44.751 D/dalvikvm(15954): GC_CONCURRENT freed 4133K, 46% free 9116K/16616K, paused 0ms+1ms, total 5ms
02-03 12:43:44.751 D/dalvikvm(15954): WAIT_FOR_CONCURRENT_GC blocked 5ms
02-03 12:43:44.761 D/dalvikvm(15954): GC_CONCURRENT freed 4082K, 46% free 9118K/16616K, paused 1ms+1ms, total 5ms
02-03 12:43:44.761 D/dalvikvm(15954): WAIT_FOR_CONCURRENT_GC blocked 4ms
02-03 12:43:44.771 D/dalvikvm(15954): GC_FOR_ALLOC freed 4004K, 45% free 9180K/16616K, paused 5ms, total 5ms
02-03 12:43:44.771 D/dalvikvm(15954): GC_CONCURRENT freed 3862K, 45% free 9300K/16616K, paused 0ms+0ms, total 6ms
02-03 12:43:44.771 D/dalvikvm(15954): WAIT_FOR_CONCURRENT_GC blocked 2ms
02-03 12:43:44.781 D/dalvikvm(15954): GC_FOR_ALLOC freed 4246K, 46% free 8997K/16616K, paused 4ms, total 4ms
02-03 12:43:44.791 D/dalvikvm(15954): GC_CONCURRENT freed 3897K, 46% free 9129K/16616K, paused 0ms+0ms, total 5ms
02-03 12:43:44.791 D/dalvikvm(15954): WAIT_FOR_CONCURRENT_GC blocked 4ms
02-03 12:43:44.801 D/dalvikvm(15954): GC_FOR_ALLOC freed 3914K, 45% free 9194K/16616K, paused 4ms, total 4ms
02-03 12:43:44.801 D/dalvikvm(15954): GC_CONCURRENT freed 3733K, 43% free 9522K/16616K, paused 1ms+1ms, total 6ms
02-03 12:43:44.801 D/dalvikvm(15954): WAIT_FOR_CONCURRENT_GC blocked 2ms
02-03 12:43:44.811 D/dalvikvm(15954): GC_FOR_ALLOC freed 4600K, 46% free 8996K/16616K, paused 4ms, total 4ms
02-03 12:43:44.821 D/dalvikvm(15954): GC_FOR_ALLOC freed 4010K, 46% free 9063K/16616K, paused 4ms, total 4ms
02-03 12:43:44.821 D/dalvikvm(15954): GC_CONCURRENT freed 3454K, 43% free 9581K/16616K, paused 0ms+2ms, total 6ms
02-03 12:43:44.821 D/dalvikvm(15954): WAIT_FOR_CONCURRENT_GC blocked 4ms
02-03 12:43:44.831 D/dalvikvm(15954): GC_CONCURRENT freed 4494K, 46% free 9094K/16616K, paused 1ms+1ms, total 5ms
02-03 12:43:44.831 D/dalvikvm(15954): WAIT_FOR_CONCURRENT_GC blocked 5ms
02-03 12:43:44.841 D/dalvikvm(15954): GC_CONCURRENT freed 4074K, 46% free 9094K/16616K, paused 1ms+1ms, total 6ms
02-03 12:43:44.841 D/dalvikvm(15954): WAIT_FOR_CONCURRENT_GC blocked 5ms
02-03 12:43:44.851 D/dalvikvm(15954): GC_FOR_ALLOC freed 3993K, 46% free 9019K/16616K, paused 4ms, total 4ms
02-03 12:43:44.851 D/dalvikvm(15954): GC_CONCURRENT freed 3828K, 45% free 9243K/16616K, paused 0ms+0ms, total 5ms
02-03 12:43:44.851 D/dalvikvm(15954): WAIT_FOR_CONCURRENT_GC blocked 5ms
02-03 12:43:44.861 D/dalvikvm(15954): GC_FOR_ALLOC freed 4114K, 46% free 9016K/16616K, paused 4ms, total 4ms
02-03 12:43:44.871 D/dalvikvm(15954): GC_CONCURRENT freed 3942K, 46% free 9091K/16616K, paused 0ms+1ms, total 5ms
02-03 12:43:44.871 D/dalvikvm(15954): WAIT_FOR_CONCURRENT_GC blocked 5ms
02-03 12:43:44.881 D/dalvikvm(15954): GC_FOR_ALLOC freed 3840K, 45% free 9247K/16616K, paused 4ms, total 4ms
02-03 12:43:44.881 D/dalvikvm(15954): GC_CONCURRENT freed 3898K, 44% free 9436K/16616K, paused 1ms+1ms, total 6ms
02-03 12:43:44.881 D/dalvikvm(15954): WAIT_FOR_CONCURRENT_GC blocked 2ms
02-03 12:43:44.891 D/dalvikvm(15954): GC_FOR_ALLOC freed 4345K, 46% free 9041K/16616K, paused 4ms, total 4ms
02-03 12:43:44.901 D/dalvikvm(15954): GC_CONCURRENT freed 3837K, 45% free 9207K/16616K, paused 1ms+1ms, total 5ms
02-03 12:43:44.901 D/dalvikvm(15954): WAIT_FOR_CONCURRENT_GC blocked 4ms
02-03 12:43:44.911 D/dalvikvm(15954): GC_CONCURRENT freed 4052K, 45% free 9212K/16616K, paused 0ms+1ms, total 5ms
02-03 12:43:44.911 D/dalvikvm(15954): WAIT_FOR_CONCURRENT_GC blocked 5ms
02-03 12:43:44.911 D/dalvikvm(15954): GC_FOR_ALLOC freed 3858K, 45% free 9295K/16616K, paused 4ms, total 4ms
02-03 12:43:44.921 D/dalvikvm(15954): GC_FOR_ALLOC freed 4160K, 46% free 9126K/16616K, paused 4ms, total 4ms
02-03 12:43:44.931 D/dalvikvm(15954): GC_CONCURRENT freed 3613K, 44% free 9465K/16616K, paused 0ms+1ms, total 5ms
02-03 12:43:44.931 D/dalvikvm(15954): WAIT_FOR_CONCURRENT_GC blocked 2ms
02-03 12:43:44.931 D/dalvikvm(15954): GC_FOR_ALLOC freed 4249K, 45% free 9298K/16616K, paused 5ms, total 5ms
02-03 12:43:44.941 D/dalvikvm(15954): GC_CONCURRENT freed 3695K, 43% free 9471K/16616K, paused 1ms+1ms, total 6ms
02-03 12:43:44.941 D/dalvikvm(15954): WAIT_FOR_CONCURRENT_GC blocked 2ms
02-03 12:43:44.951 D/dalvikvm(15954): GC_FOR_ALLOC freed 4341K, 46% free 9126K/16616K, paused 4ms, total 5ms
02-03 12:43:44.951 D/dalvikvm(15954): GC_CONCURRENT freed 3322K, 42% free 9753K/16616K, paused 0ms+1ms, total 6ms
02-03 12:43:44.951 D/dalvikvm(15954): WAIT_FOR_CONCURRENT_GC blocked 2ms
02-03 12:43:44.961 D/dalvikvm(15954): GC_CONCURRENT freed 4523K, 45% free 9223K/16616K, paused 0ms+1ms, total 4ms
02-03 12:43:44.961 D/dalvikvm(15954): WAIT_FOR_CONCURRENT_GC blocked 4ms
02-03 12:43:44.971 D/dalvikvm(15954): GC_FOR_ALLOC freed 4032K, 46% free 9039K/16616K, paused 4ms, total 4ms
02-03 12:43:44.971 D/dalvikvm(15954): GC_FOR_ALLOC freed 3884K, 46% free 9040K/16616K, paused 4ms, total 4ms
02-03 12:43:44.981 D/dalvikvm(15954): GC_FOR_ALLOC freed 3921K, 46% free 9042K/16616K, paused 4ms, total 4ms
02-03 12:43:44.991 D/dalvikvm(15954): GC_FOR_ALLOC freed 3959K, 46% free 9044K/16616K, paused 4ms, total 4ms
02-03 12:43:45.001 D/dalvikvm(15954): GC_CONCURRENT freed 3806K, 45% free 9237K/16616K, paused 0ms+1ms, total 5ms
02-03 12:43:45.001 D/dalvikvm(15954): WAIT_FOR_CONCURRENT_GC blocked 5ms
02-03 12:43:45.001 D/dalvikvm(15954): GC_CONCURRENT freed 4033K, 45% free 9272K/16616K, paused 1ms+1ms, total 5ms
02-03 12:43:45.001 D/dalvikvm(15954): WAIT_FOR_CONCURRENT_GC blocked 4ms
02-03 12:43:45.011 D/dalvikvm(15954): GC_CONCURRENT freed 4070K, 45% free 9276K/16616K, paused 1ms+1ms, total 5ms
02-03 12:43:45.011 D/dalvikvm(15954): WAIT_FOR_CONCURRENT_GC blocked 4ms
02-03 12:43:45.021 D/dalvikvm(15954): GC_FOR_ALLOC freed 3816K, 44% free 9372K/16616K, paused 4ms, total 4ms
02-03 12:43:45.031 D/dalvikvm(15954): GC_FOR_ALLOC freed 4143K, 45% free 9179K/16616K, paused 4ms, total 4ms
02-03 12:43:45.031 D/dalvikvm(15954): GC_FOR_ALLOC freed 3981K, 46% free 9083K/16616K, paused 4ms, total 4ms
02-03 12:43:45.041 D/dalvikvm(15954): GC_FOR_ALLOC freed 3712K, 44% free 9385K/16616K, paused 4ms, total 4ms
02-03 12:43:45.051 D/dalvikvm(15954): GC_CONCURRENT freed 3747K, 42% free 9689K/16616K, paused 1ms+1ms, total 6ms
02-03 12:43:45.051 D/dalvikvm(15954): WAIT_FOR_CONCURRENT_GC blocked 3ms
02-03 12:43:45.051 D/dalvikvm(15954): GC_CONCURRENT freed 4382K, 45% free 9292K/16616K, paused 1ms+1ms, total 5ms
02-03 12:43:45.051 D/dalvikvm(15954): WAIT_FOR_CONCURRENT_GC blocked 4ms
02-03 12:43:45.061 D/dalvikvm(15954): GC_FOR_ALLOC freed 4016K, 45% free 9188K/16616K, paused 4ms, total 4ms
02-03 12:43:45.071 D/dalvikvm(15954): GC_CONCURRENT freed 3944K, 45% free 9295K/16616K, paused 1ms+1ms, total 5ms
02-03 12:43:45.071 D/dalvikvm(15954): WAIT_FOR_CONCURRENT_GC blocked 4ms
02-03 12:43:45.081 D/dalvikvm(15954): GC_FOR_ALLOC freed 4080K, 45% free 9193K/16616K, paused 4ms, total 4ms
02-03 12:43:45.081 D/dalvikvm(15954): GC_CONCURRENT freed 2853K, 39% free 10246K/16616K, paused 1ms+1ms, total 6ms
02-03 12:43:45.081 D/dalvikvm(15954): WAIT_FOR_CONCURRENT_GC blocked 3ms
02-03 12:43:45.091 D/dalvikvm(15954): GC_FOR_ALLOC freed 4557K, 44% free 9410K/16616K, paused 4ms, total 4ms
02-03 12:43:45.101 D/dalvikvm(15954): GC_FOR_ALLOC freed 4282K, 46% free 9094K/16616K, paused 4ms, total 4ms
02-03 12:43:45.101 D/dalvikvm(15954): GC_FOR_ALLOC freed 3774K, 46% free 9095K/16616K, paused 4ms, total 4ms
02-03 12:43:45.111 D/dalvikvm(15954): GC_FOR_ALLOC freed 3801K, 46% free 9097K/16616K, paused 5ms, total 5ms
02-03 12:43:45.121 D/dalvikvm(15954): GC_FOR_ALLOC freed 3827K, 46% free 9098K/16616K, paused 4ms, total 4ms
02-03 12:43:45.121 D/dalvikvm(15954): GC_FOR_ALLOC freed 3853K, 46% free 9100K/16616K, paused 4ms, total 4ms
02-03 12:43:45.131 D/dalvikvm(15954): GC_FOR_ALLOC freed 3879K, 46% free 9101K/16616K, paused 4ms, total 4ms
02-03 12:43:45.141 D/dalvikvm(15954): GC_FOR_ALLOC freed 3905K, 46% free 9103K/16616K, paused 4ms, total 4ms
02-03 12:43:45.141 D/dalvikvm(15954): GC_FOR_ALLOC freed 3931K, 46% free 9104K/16616K, paused 5ms, total 5ms
02-03 12:43:45.151 D/dalvikvm(15954): GC_FOR_ALLOC freed 3957K, 46% free 9106K/16616K, paused 4ms, total 4ms
02-03 12:43:45.161 D/dalvikvm(15954): GC_CONCURRENT freed 3756K, 44% free 9335K/16616K, paused 0ms+1ms, total 5ms
02-03 12:43:45.161 D/dalvikvm(15954): WAIT_FOR_CONCURRENT_GC blocked 4ms
02-03 12:43:45.171 D/dalvikvm(15954): GC_CONCURRENT freed 4008K, 44% free 9338K/16616K, paused 0ms+1ms, total 5ms
02-03 12:43:45.171 D/dalvikvm(15954): WAIT_FOR_CONCURRENT_GC blocked 4ms
02-03 12:43:45.171 D/dalvikvm(15954): GC_CONCURRENT freed 4034K, 44% free 9341K/16616K, paused 0ms+1ms, total 5ms
02-03 12:43:45.171 D/dalvikvm(15954): WAIT_FOR_CONCURRENT_GC blocked 5ms
02-03 12:43:45.181 D/dalvikvm(15954): GC_CONCURRENT freed 4061K, 44% free 9344K/16616K, paused 1ms+1ms, total 6ms
02-03 12:43:45.181 D/dalvikvm(15954): WAIT_FOR_CONCURRENT_GC blocked 5ms
02-03 12:43:45.191 D/dalvikvm(15954): GC_CONCURRENT freed 4090K, 44% free 9347K/16616K, paused 0ms+1ms, total 5ms
02-03 12:43:45.191 D/dalvikvm(15954): WAIT_FOR_CONCURRENT_GC blocked 5ms
02-03 12:43:45.201 D/dalvikvm(15954): GC_FOR_ALLOC freed 3764K, 44% free 9468K/16616K, paused 5ms, total 5ms
02-03 12:43:45.201 D/dalvikvm(15954): GC_FOR_ALLOC freed 4146K, 45% free 9234K/16616K, paused 4ms, total 4ms
02-03 12:43:45.211 D/dalvikvm(15954): GC_FOR_ALLOC freed 3937K, 46% free 9118K/16616K, paused 4ms, total 4ms
02-03 12:43:45.221 D/dalvikvm(15954): GC_FOR_ALLOC freed 3601K, 43% free 9479K/16616K, paused 4ms, total 4ms
02-03 12:43:45.231 D/dalvikvm(15954): GC_CONCURRENT freed 4228K, 45% free 9242K/16616K, paused 0ms+1ms, total 6ms
02-03 12:43:45.231 D/dalvikvm(15954): WAIT_FOR_CONCURRENT_GC blocked 6ms
02-03 12:43:45.231 D/dalvikvm(15954): GC_FOR_ALLOC freed 4015K, 46% free 9123K/16616K, paused 5ms, total 5ms
02-03 12:43:45.241 D/dalvikvm(15954): GC_FOR_ALLOC freed 3671K, 43% free 9491K/16616K, paused 4ms, total 4ms
02-03 12:43:45.251 D/dalvikvm(15954): GC_CONCURRENT freed 3453K, 40% free 10106K/16616K, paused 1ms+1ms, total 6ms
02-03 12:43:45.251 D/dalvikvm(15954): WAIT_FOR_CONCURRENT_GC blocked 3ms
02-03 12:43:45.251 D/dalvikvm(15954): GC_FOR_ALLOC freed 4328K, 43% free 9499K/16616K, paused 4ms, total 4ms
02-03 12:43:45.261 D/dalvikvm(15954): GC_FOR_ALLOC freed 4114K, 46% free 9129K/16616K, paused 4ms, total 4ms
02-03 12:43:45.271 D/dalvikvm(15954): GC_FOR_ALLOC freed 3762K, 45% free 9255K/16616K, paused 5ms, total 5ms
02-03 12:43:45.271 D/dalvikvm(15954): GC_CONCURRENT freed 3912K, 44% free 9384K/16616K, paused 1ms+1ms, total 5ms
02-03 12:43:45.271 D/dalvikvm(15954): WAIT_FOR_CONCURRENT_GC blocked 4ms
02-03 12:43:45.281 D/dalvikvm(15954): GC_FOR_ALLOC freed 4060K, 45% free 9260K/16616K, paused 4ms, total 4ms
02-03 12:43:45.291 D/dalvikvm(15954): GC_CONCURRENT freed 3958K, 44% free 9390K/16616K, paused 0ms+0ms, total 5ms
02-03 12:43:45.291 D/dalvikvm(15954): WAIT_FOR_CONCURRENT_GC blocked 5ms
02-03 12:43:45.301 D/dalvikvm(15954): GC_CONCURRENT freed 4107K, 45% free 9265K/16616K, paused 0ms+0ms, total 5ms
02-03 12:43:45.301 D/dalvikvm(15954): WAIT_FOR_CONCURRENT_GC blocked 4ms
02-03 12:43:45.301 D/dalvikvm(15954): GC_FOR_ALLOC freed 3615K, 43% free 9525K/16616K, paused 4ms, total 4ms
02-03 12:43:45.311 D/dalvikvm(15954): GC_FOR_ALLOC freed 4285K, 45% free 9139K/16616K, paused 5ms, total 5ms
02-03 12:43:45.321 D/dalvikvm(15954): GC_CONCURRENT freed 3916K, 45% free 9271K/16616K, paused 1ms+2ms, total 6ms
02-03 12:43:45.321 D/dalvikvm(15954): WAIT_FOR_CONCURRENT_GC blocked 5ms
02-03 12:43:45.331 D/dalvikvm(15954): GC_FOR_ALLOC freed 3676K, 43% free 9535K/16616K, paused 4ms, total 4ms
02-03 12:43:45.331 D/dalvikvm(15954): GC_FOR_ALLOC freed 4356K, 45% free 9143K/16616K, paused 4ms, total 4ms
02-03 12:43:45.341 D/dalvikvm(15954): GC_FOR_ALLOC freed 3716K, 45% free 9145K/16616K, paused 4ms, total 4ms
02-03 12:43:45.351 D/dalvikvm(15954): GC_FOR_ALLOC freed 3735K, 45% free 9146K/16616K, paused 4ms, total 4ms
02-03 12:43:45.351 D/dalvikvm(15954): GC_FOR_ALLOC freed 3754K, 45% free 9147K/16616K, paused 4ms, total 4ms
02-03 12:43:45.361 D/dalvikvm(15954): GC_FOR_ALLOC freed 3773K, 45% free 9149K/16616K, paused 5ms, total 5ms
02-03 12:43:45.371 D/dalvikvm(15954): GC_FOR_ALLOC freed 3792K, 45% free 9150K/16616K, paused 4ms, total 4ms
02-03 12:43:45.371 D/dalvikvm(15954): GC_FOR_ALLOC freed 3811K, 45% free 9152K/16616K, paused 4ms, total 4ms
02-03 12:43:45.381 D/dalvikvm(15954): GC_FOR_ALLOC freed 3830K, 45% free 9153K/16616K, paused 4ms, total 5ms
02-03 12:43:45.391 D/dalvikvm(15954): GC_FOR_ALLOC freed 3849K, 45% free 9154K/16616K, paused 4ms, total 4ms
02-03 12:43:45.391 D/dalvikvm(15954): GC_FOR_ALLOC freed 3867K, 45% free 9156K/16616K, paused 4ms, total 4ms
02-03 12:43:45.401 D/dalvikvm(15954): GC_FOR_ALLOC freed 3886K, 45% free 9157K/16616K, paused 5ms, total 5ms
02-03 12:43:45.411 D/dalvikvm(15954): GC_FOR_ALLOC freed 3905K, 45% free 9158K/16616K, paused 4ms, total 4ms
02-03 12:43:45.411 D/dalvikvm(15954): GC_FOR_ALLOC freed 3924K, 45% free 9160K/16616K, paused 4ms, total 4ms
02-03 12:43:45.421 D/dalvikvm(15954): GC_FOR_ALLOC freed 3943K, 45% free 9161K/16616K, paused 4ms, total 4ms
02-03 12:43:45.431 D/dalvikvm(15954): GC_FOR_ALLOC freed 3961K, 45% free 9162K/16616K, paused 4ms, total 4ms
02-03 12:43:45.431 D/dalvikvm(15954): GC_CONCURRENT freed 3696K, 44% free 9448K/16616K, paused 1ms+1ms, total 5ms
02-03 12:43:45.431 D/dalvikvm(15954): WAIT_FOR_CONCURRENT_GC blocked 4ms
02-03 12:43:45.441 D/dalvikvm(15954): GC_CONCURRENT freed 3998K, 44% free 9451K/16616K, paused 1ms+1ms, total 5ms
02-03 12:43:45.441 D/dalvikvm(15954): WAIT_FOR_CONCURRENT_GC blocked 4ms
02-03 12:43:45.451 D/dalvikvm(15954): GC_CONCURRENT freed 4016K, 44% free 9454K/16616K, paused 0ms+1ms, total 5ms
02-03 12:43:45.451 D/dalvikvm(15954): WAIT_FOR_CONCURRENT_GC blocked 4ms
02-03 12:43:45.461 D/dalvikvm(15954): GC_CONCURRENT freed 4036K, 44% free 9456K/16616K, paused 1ms+1ms, total 5ms
02-03 12:43:45.461 D/dalvikvm(15954): WAIT_FOR_CONCURRENT_GC blocked 4ms
02-03 12:43:45.471 D/dalvikvm(15954): GC_CONCURRENT freed 4054K, 44% free 9459K/16616K, paused 1ms+1ms, total 5ms
02-03 12:43:45.471 D/dalvikvm(15954): WAIT_FOR_CONCURRENT_GC blocked 4ms
02-03 12:43:45.471 D/dalvikvm(15954): GC_CONCURRENT freed 4073K, 44% free 9461K/16616K, paused 1ms+1ms, total 5ms
02-03 12:43:45.471 D/dalvikvm(15954): WAIT_FOR_CONCURRENT_GC blocked 4ms
02-03 12:43:45.481 D/dalvikvm(15954): GC_FOR_ALLOC freed 3652K, 43% free 9609K/16616K, paused 4ms, total 4ms
02-03 12:43:45.491 D/dalvikvm(15954): GC_FOR_ALLOC freed 4109K, 44% free 9319K/16616K, paused 4ms, total 4ms
02-03 12:43:45.491 D/dalvikvm(15954): GC_FOR_ALLOC freed 3832K, 45% free 9174K/16616K, paused 4ms, total 4ms
02-03 12:43:45.501 D/dalvikvm(15954): GC_FOR_ALLOC freed 3403K, 43% free 9619K/16616K, paused 4ms, total 4ms
02-03 12:43:45.511 D/dalvikvm(15954): GC_FOR_ALLOC freed 3863K, 45% free 9176K/16616K, paused 4ms, total 4ms
02-03 12:43:45.511 D/dalvikvm(15954): GC_FOR_ALLOC freed 3430K, 43% free 9625K/16616K, paused 4ms, total 4ms
02-03 12:43:45.521 D/dalvikvm(15954): GC_FOR_ALLOC freed 4193K, 44% free 9328K/16616K, paused 5ms, total 5ms
02-03 12:43:45.531 D/dalvikvm(15954): GC_FOR_ALLOC freed 3911K, 45% free 9180K/16616K, paused 4ms, total 4ms
02-03 12:43:45.531 D/dalvikvm(15954): GC_FOR_ALLOC freed 3473K, 43% free 9634K/16616K, paused 4ms, total 4ms
02-03 12:43:45.541 D/dalvikvm(15954): GC_FOR_ALLOC freed 3941K, 45% free 9182K/16616K, paused 5ms, total 5ms
02-03 12:43:45.551 D/dalvikvm(15954): GC_FOR_ALLOC freed 3500K, 42% free 9640K/16616K, paused 4ms, total 4ms
02-03 12:43:45.561 D/dalvikvm(15954): GC_CONCURRENT freed 4278K, 44% free 9338K/16616K, paused 0ms+0ms, total 5ms
02-03 12:43:45.561 D/dalvikvm(15954): WAIT_FOR_CONCURRENT_GC blocked 4ms
02-03 12:43:45.561 D/dalvikvm(15954): GC_FOR_ALLOC freed 3990K, 45% free 9186K/16616K, paused 4ms, total 4ms
02-03 12:43:45.571 D/dalvikvm(15954): GC_CONCURRENT freed 3542K, 42% free 9649K/16616K, paused 1ms+1ms, total 6ms
02-03 12:43:45.571 D/dalvikvm(15954): WAIT_FOR_CONCURRENT_GC blocked 5ms
02-03 12:43:45.581 D/dalvikvm(15954): GC_FOR_ALLOC freed 4020K, 45% free 9189K/16616K, paused 5ms, total 5ms
02-03 12:43:45.581 D/dalvikvm(15954): GC_FOR_ALLOC freed 3569K, 42% free 9655K/16616K, paused 4ms, total 4ms
02-03 12:43:45.591 D/dalvikvm(15954): GC_CONCURRENT freed 2964K, 39% free 10278K/16616K, paused 1ms+1ms, total 7ms
02-03 12:43:45.591 D/dalvikvm(15954): WAIT_FOR_CONCURRENT_GC blocked 3ms
02-03 12:43:45.601 D/dalvikvm(15954): GC_FOR_ALLOC freed 3587K, 42% free 9660K/16616K, paused 4ms, total 4ms
02-03 12:43:45.601 D/dalvikvm(15954): GC_CONCURRENT freed 4390K, 44% free 9350K/16616K, paused 1ms+1ms, total 5ms
02-03 12:43:45.601 D/dalvikvm(15954): WAIT_FOR_CONCURRENT_GC blocked 4ms
02-03 12:43:45.611 D/dalvikvm(15954): GC_FOR_ALLOC freed 4095K, 45% free 9194K/16616K, paused 4ms, total 4ms
02-03 12:43:45.621 D/dalvikvm(15954): GC_FOR_ALLOC freed 3635K, 44% free 9353K/16616K, paused 4ms, total 4ms
02-03 12:43:45.631 D/dalvikvm(15954): GC_FOR_ALLOC freed 4125K, 45% free 9197K/16616K, paused 5ms, total 5ms
02-03 12:43:45.631 D/dalvikvm(15954): GC_CONCURRENT freed 3186K, 41% free 9833K/16616K, paused 1ms+1ms, total 6ms
02-03 12:43:45.631 D/dalvikvm(15954): WAIT_FOR_CONCURRENT_GC blocked 2ms
02-03 12:43:45.641 D/dalvikvm(15954): GC_FOR_ALLOC freed 3832K, 42% free 9678K/16616K, paused 4ms, total 4ms
02-03 12:43:45.651 D/dalvikvm(15954): GC_FOR_ALLOC freed 4171K, 45% free 9200K/16616K, paused 4ms, total 4ms
02-03 12:43:45.651 D/dalvikvm(15954): GC_FOR_ALLOC freed 3702K, 44% free 9362K/16616K, paused 4ms, total 4ms
02-03 12:43:45.661 D/dalvikvm(15954): GC_CONCURRENT freed 3878K, 43% free 9526K/16616K, paused 1ms+1ms, total 5ms
02-03 12:43:45.661 D/dalvikvm(15954): WAIT_FOR_CONCURRENT_GC blocked 4ms
02-03 12:43:45.671 D/dalvikvm(15954): GC_FOR_ALLOC freed 4053K, 44% free 9365K/16616K, paused 4ms, total 4ms
02-03 12:43:45.671 D/dalvikvm(15954): GC_CONCURRENT freed 3907K, 43% free 9530K/16616K, paused 0ms+1ms, total 4ms
02-03 12:43:45.671 D/dalvikvm(15954): WAIT_FOR_CONCURRENT_GC blocked 4ms
02-03 12:43:45.681 D/dalvikvm(15954): GC_FOR_ALLOC freed 4084K, 44% free 9369K/16616K, paused 4ms, total 4ms
02-03 12:43:45.691 D/dalvikvm(15954): GC_FOR_ALLOC freed 3444K, 42% free 9699K/16616K, paused 4ms, total 4ms
02-03 12:43:45.691 D/dalvikvm(15954): GC_FOR_ALLOC freed 4281K, 45% free 9209K/16616K, paused 5ms, total 5ms
02-03 12:43:45.701 D/dalvikvm(15954): GC_FOR_ALLOC freed 3801K, 44% free 9374K/16616K, paused 4ms, total 4ms
02-03 12:43:45.711 D/dalvikvm(15954): GC_FOR_ALLOC freed 3481K, 42% free 9707K/16616K, paused 4ms, total 4ms
02-03 12:43:45.711 D/dalvikvm(15954): GC_FOR_ALLOC freed 4323K, 45% free 9212K/16616K, paused 4ms, total 4ms
02-03 12:43:45.721 D/dalvikvm(15954): GC_CONCURRENT freed 3835K, 44% free 9379K/16616K, paused 1ms+1ms, total 7ms
02-03 12:43:45.721 D/dalvikvm(15954): WAIT_FOR_CONCURRENT_GC blocked 6ms
02-03 12:43:45.731 D/dalvikvm(15954): GC_FOR_ALLOC freed 3513K, 42% free 9715K/16616K, paused 4ms, total 4ms
02-03 12:43:45.741 D/dalvikvm(15954): GC_FOR_ALLOC freed 4362K, 45% free 9215K/16616K, paused 4ms, total 4ms
02-03 12:43:45.741 D/dalvikvm(15954): GC_CONCURRENT freed 3870K, 44% free 9384K/16616K, paused 0ms+0ms, total 5ms
02-03 12:43:45.741 D/dalvikvm(15954): WAIT_FOR_CONCURRENT_GC blocked 4ms
02-03 12:43:45.751 D/dalvikvm(15954): GC_FOR_ALLOC freed 3544K, 42% free 9722K/16616K, paused 5ms, total 5ms
02-03 12:43:45.761 D/dalvikvm(15954): GC_CONCURRENT freed 4073K, 42% free 9745K/16616K, paused 1ms+1ms, total 5ms
02-03 12:43:45.761 D/dalvikvm(15954): WAIT_FOR_CONCURRENT_GC blocked 4ms
02-03 12:43:45.771 D/dalvikvm(15954): GC_FOR_ALLOC freed 4207K, 44% free 9393K/16616K, paused 4ms, total 4ms
02-03 12:43:45.781 D/dalvikvm(15954): GC_FOR_ALLOC freed 5029K, 52% free 8122K/16616K, paused 4ms, total 4ms
02-03 12:43:45.801 D/dalvikvm(15954): GC_CONCURRENT freed 3334K, 47% free 8833K/16616K, paused 1ms+0ms, total 4ms
02-03 12:43:45.861 D/dalvikvm(15954): GC_CONCURRENT freed 3985K, 47% free 8925K/16616K, paused 1ms+1ms, total 6ms
02-03 12:43:45.861 D/dalvikvm(15954): WAIT_FOR_CONCURRENT_GC blocked 5ms
02-03 12:43:45.871 D/dalvikvm(15954): GC_CONCURRENT freed 4085K, 47% free 8904K/16616K, paused 1ms+1ms, total 5ms
02-03 12:43:45.871 D/dalvikvm(15954): WAIT_FOR_CONCURRENT_GC blocked 4ms
02-03 12:43:45.881 D/dalvikvm(15954): GC_CONCURRENT freed 4072K, 47% free 8914K/16616K, paused 1ms+1ms, total 5ms
02-03 12:43:45.881 D/dalvikvm(15954): WAIT_FOR_CONCURRENT_GC blocked 4ms
02-03 12:43:45.891 D/dalvikvm(15954): GC_CONCURRENT freed 4025K, 47% free 8955K/16616K, paused 1ms+1ms, total 5ms
02-03 12:43:45.891 D/dalvikvm(15954): WAIT_FOR_CONCURRENT_GC blocked 4ms
02-03 12:43:45.901 D/dalvikvm(15954): GC_CONCURRENT freed 4109K, 47% free 8933K/16616K, paused 0ms+1ms, total 4ms
02-03 12:43:45.901 D/dalvikvm(15954): WAIT_FOR_CONCURRENT_GC blocked 4ms
02-03 12:43:45.901 D/dalvikvm(15954): GC_FOR_ALLOC freed 4046K, 47% free 8933K/16616K, paused 4ms, total 4ms
02-03 12:43:45.911 D/dalvikvm(15954): GC_CONCURRENT freed 3002K, 45% free 9289K/16616K, paused 1ms+1ms, total 6ms
02-03 12:43:45.921 D/dalvikvm(15954): GC_FOR_ALLOC freed 4404K, 47% free 8939K/16616K, paused 4ms, total 4ms
02-03 12:43:45.921 D/dalvikvm(15954): GC_CONCURRENT freed 2617K, 44% free 9461K/16616K, paused 1ms+1ms, total 6ms
02-03 12:43:45.931 D/dalvikvm(15954): GC_CONCURRENT freed 4492K, 46% free 9016K/16616K, paused 1ms+1ms, total 5ms
02-03 12:43:45.931 D/dalvikvm(15954): WAIT_FOR_CONCURRENT_GC blocked 4ms
02-03 12:43:45.941 D/dalvikvm(15954): GC_CONCURRENT freed 4070K, 46% free 9020K/16616K, paused 1ms+1ms, total 5ms
02-03 12:43:45.941 D/dalvikvm(15954): WAIT_FOR_CONCURRENT_GC blocked 5ms
02-03 12:43:45.951 D/dalvikvm(15954): GC_CONCURRENT freed 3966K, 46% free 9025K/16616K, paused 0ms+1ms, total 5ms
02-03 12:43:45.951 D/dalvikvm(15954): WAIT_FOR_CONCURRENT_GC blocked 4ms
02-03 12:43:45.961 D/dalvikvm(15954): GC_FOR_ALLOC freed 4003K, 46% free 9073K/16616K, paused 4ms, total 4ms
02-03 12:43:45.961 D/dalvikvm(15954): GC_CONCURRENT freed 3312K, 43% free 9502K/16616K, paused 1ms+1ms, total 6ms
02-03 12:43:45.971 D/dalvikvm(15954): GC_FOR_ALLOC freed 4437K, 46% free 9086K/16616K, paused 4ms, total 4ms
02-03 12:43:45.981 D/dalvikvm(15954): GC_CONCURRENT freed 3706K, 43% free 9547K/16616K, paused 1ms+1ms, total 6ms
02-03 12:43:45.981 D/dalvikvm(15954): GC_FOR_ALLOC freed 4597K, 46% free 8994K/16616K, paused 5ms, total 5ms
02-03 12:43:45.991 D/dalvikvm(15954): GC_CONCURRENT freed 3688K, 44% free 9312K/16616K, paused 0ms+1ms, total 6ms
02-03 12:43:45.991 D/dalvikvm(15954): WAIT_FOR_CONCURRENT_GC blocked 2ms
02-03 12:43:46.001 D/dalvikvm(15954): GC_FOR_ALLOC freed 4380K, 46% free 8995K/16616K, paused 4ms, total 4ms
02-03 12:43:46.001 D/dalvikvm(15954): GC_CONCURRENT freed 3723K, 45% free 9276K/16616K, paused 1ms+1ms, total 6ms
02-03 12:43:46.001 D/dalvikvm(15954): WAIT_FOR_CONCURRENT_GC blocked 2ms
02-03 12:43:46.011 D/dalvikvm(15954): GC_FOR_ALLOC freed 4271K, 47% free 8969K/16616K, paused 4ms, total 4ms
02-03 12:43:46.021 D/dalvikvm(15954): GC_FOR_ALLOC freed 3906K, 45% free 9149K/16616K, paused 5ms, total 5ms
02-03 12:43:46.021 D/dalvikvm(15954): GC_CONCURRENT freed 3630K, 42% free 9706K/16616K, paused 1ms+1ms, total 6ms
02-03 12:43:46.031 D/dalvikvm(15954): GC_FOR_ALLOC freed 4640K, 45% free 9159K/16616K, paused 4ms, total 4ms
02-03 12:43:46.041 D/dalvikvm(15954): GC_CONCURRENT freed 3735K, 43% free 9479K/16616K, paused 1ms+1ms, total 6ms
02-03 12:43:46.041 D/dalvikvm(15954): WAIT_FOR_CONCURRENT_GC blocked 2ms
02-03 12:43:46.051 D/dalvikvm(15954): GC_FOR_ALLOC freed 4453K, 46% free 9033K/16616K, paused 4ms, total 5ms
02-03 12:43:46.051 D/dalvikvm(15954): GC_CONCURRENT freed 3756K, 45% free 9295K/16616K, paused 0ms+1ms, total 6ms
02-03 12:43:46.051 D/dalvikvm(15954): WAIT_FOR_CONCURRENT_GC blocked 2ms
02-03 12:43:46.061 D/dalvikvm(15954): GC_FOR_ALLOC freed 4288K, 46% free 9032K/16616K, paused 4ms, total 4ms
02-03 12:43:46.061 D/dalvikvm(15954): GC_CONCURRENT freed 3547K, 43% free 9514K/16616K, paused 1ms+1ms, total 6ms
02-03 12:43:46.061 D/dalvikvm(15954): WAIT_FOR_CONCURRENT_GC blocked 2ms
02-03 12:43:46.071 D/dalvikvm(15954): GC_FOR_ALLOC freed 4300K, 45% free 9205K/16616K, paused 4ms, total 4ms
02-03 12:43:46.081 D/dalvikvm(15954): GC_CONCURRENT freed 3669K, 43% free 9562K/16616K, paused 1ms+1ms, total 6ms
02-03 12:43:46.081 D/dalvikvm(15954): WAIT_FOR_CONCURRENT_GC blocked 2ms
02-03 12:43:46.091 D/dalvikvm(15954): GC_FOR_ALLOC freed 4446K, 45% free 9209K/16616K, paused 4ms, total 4ms
02-03 12:43:46.091 D/dalvikvm(15954): GC_CONCURRENT freed 3644K, 43% free 9576K/16616K, paused 0ms+1ms, total 6ms
02-03 12:43:46.091 D/dalvikvm(15954): WAIT_FOR_CONCURRENT_GC blocked 2ms
02-03 12:43:46.101 D/dalvikvm(15954): GC_CONCURRENT freed 4432K, 45% free 9142K/16616K, paused 0ms+1ms, total 4ms
02-03 12:43:46.101 D/dalvikvm(15954): WAIT_FOR_CONCURRENT_GC blocked 4ms
02-03 12:43:46.111 D/dalvikvm(15954): GC_FOR_ALLOC freed 4055K, 46% free 9065K/16616K, paused 4ms, total 4ms
02-03 12:43:46.111 D/dalvikvm(15954): GC_CONCURRENT freed 3266K, 42% free 9757K/16616K, paused 0ms+1ms, total 6ms
02-03 12:43:46.111 D/dalvikvm(15954): WAIT_FOR_CONCURRENT_GC blocked 2ms
02-03 12:43:46.121 D/dalvikvm(15954): GC_CONCURRENT freed 4627K, 45% free 9147K/16616K, paused 0ms+1ms, total 5ms
02-03 12:43:46.121 D/dalvikvm(15954): WAIT_FOR_CONCURRENT_GC blocked 5ms
02-03 12:43:46.131 D/dalvikvm(15954): GC_FOR_ALLOC freed 4070K, 46% free 8987K/16616K, paused 4ms, total 4ms
02-03 12:43:46.131 D/dalvikvm(15954): GC_FOR_ALLOC freed 3967K, 46% free 8985K/16616K, paused 4ms, total 4ms
02-03 12:43:46.141 D/dalvikvm(15954): GC_CONCURRENT freed 3852K, 45% free 9184K/16616K, paused 1ms+1ms, total 5ms
02-03 12:43:46.141 D/dalvikvm(15954): WAIT_FOR_CONCURRENT_GC blocked 4ms
02-03 12:43:46.151 D/dalvikvm(15954): GC_CONCURRENT freed 4068K, 45% free 9189K/16616K, paused 0ms+1ms, total 4ms
02-03 12:43:46.151 D/dalvikvm(15954): WAIT_FOR_CONCURRENT_GC blocked 4ms
02-03 12:43:46.161 D/dalvikvm(15954): GC_FOR_ALLOC freed 3872K, 45% free 9272K/16616K, paused 5ms, total 5ms
02-03 12:43:46.161 D/dalvikvm(15954): GC_FOR_ALLOC freed 4175K, 46% free 9103K/16616K, paused 5ms, total 5ms
02-03 12:43:46.171 D/dalvikvm(15954): GC_CONCURRENT freed 3455K, 43% free 9614K/16616K, paused 1ms+1ms, total 6ms
02-03 12:43:46.171 D/dalvikvm(15954): WAIT_FOR_CONCURRENT_GC blocked 2ms
02-03 12:43:46.181 D/dalvikvm(15954): GC_FOR_ALLOC freed 4435K, 46% free 9101K/16616K, paused 4ms, total 4ms
02-03 12:43:46.191 D/dalvikvm(15954): GC_CONCURRENT freed 3964K, 45% free 9192K/16616K, paused 1ms+1ms, total 5ms
02-03 12:43:46.191 D/dalvikvm(15954): WAIT_FOR_CONCURRENT_GC blocked 4ms
02-03 12:43:46.191 D/dalvikvm(15954): GC_FOR_ALLOC freed 4099K, 46% free 9102K/16616K, paused 5ms, total 5ms
02-03 12:43:46.201 D/dalvikvm(15954): GC_CONCURRENT freed 3154K, 41% free 9911K/16616K, paused 0ms+1ms, total 6ms
02-03 12:43:46.201 D/dalvikvm(15954): WAIT_FOR_CONCURRENT_GC blocked 2ms
02-03 12:43:46.201 D/dalvikvm(15954): GC_FOR_ALLOC freed 4903K, 46% free 9013K/16616K, paused 4ms, total 4ms
02-03 12:43:46.211 D/dalvikvm(15954): GC_FOR_ALLOC freed 3859K, 46% free 9015K/16616K, paused 4ms, total 4ms
02-03 12:43:46.221 D/dalvikvm(15954): GC_FOR_ALLOC freed 3896K, 46% free 9017K/16616K, paused 4ms, total 4ms
02-03 12:43:46.231 D/dalvikvm(15954): GC_FOR_ALLOC freed 3934K, 46% free 9019K/16616K, paused 4ms, total 4ms
02-03 12:43:46.231 D/dalvikvm(15954): GC_CONCURRENT freed 3782K, 45% free 9211K/16616K, paused 1ms+1ms, total 5ms
02-03 12:43:46.231 D/dalvikvm(15954): WAIT_FOR_CONCURRENT_GC blocked 4ms
02-03 12:43:46.241 D/dalvikvm(15954): GC_CONCURRENT freed 4008K, 45% free 9214K/16616K, paused 1ms+1ms, total 5ms
02-03 12:43:46.241 D/dalvikvm(15954): WAIT_FOR_CONCURRENT_GC blocked 4ms
02-03 12:43:46.251 D/dalvikvm(15954): GC_CONCURRENT freed 4045K, 45% free 9217K/16616K, paused 0ms+0ms, total 5ms
02-03 12:43:46.251 D/dalvikvm(15954): WAIT_FOR_CONCURRENT_GC blocked 4ms
02-03 12:43:46.261 D/dalvikvm(15954): GC_CONCURRENT freed 4083K, 45% free 9221K/16616K, paused 0ms+1ms, total 5ms
02-03 12:43:46.261 D/dalvikvm(15954): WAIT_FOR_CONCURRENT_GC blocked 4ms
02-03 12:43:46.261 D/dalvikvm(15954): GC_FOR_ALLOC freed 3828K, 44% free 9318K/16616K, paused 4ms, total 4ms
02-03 12:43:46.271 D/dalvikvm(15954): GC_FOR_ALLOC freed 4155K, 46% free 9124K/16616K, paused 4ms, total 4ms
02-03 12:43:46.281 D/dalvikvm(15954): GC_FOR_ALLOC freed 3993K, 46% free 9027K/16616K, paused 4ms, total 4ms
02-03 12:43:46.281 D/dalvikvm(15954): GC_FOR_ALLOC freed 3723K, 44% free 9331K/16616K, paused 4ms, total 4ms
02-03 12:43:46.291 D/dalvikvm(15954): GC_CONCURRENT freed 3556K, 41% free 9837K/16616K, paused 1ms+1ms, total 6ms
02-03 12:43:46.291 D/dalvikvm(15954): WAIT_FOR_CONCURRENT_GC blocked 2ms
02-03 12:43:46.301 D/dalvikvm(15954): GC_CONCURRENT freed 4597K, 45% free 9237K/16616K, paused 1ms+0ms, total 5ms
02-03 12:43:46.301 D/dalvikvm(15954): WAIT_FOR_CONCURRENT_GC blocked 4ms
02-03 12:43:46.301 D/dalvikvm(15954): GC_FOR_ALLOC freed 4025K, 46% free 9137K/16616K, paused 4ms, total 4ms
02-03 12:43:46.311 D/dalvikvm(15954): GC_CONCURRENT freed 3956K, 45% free 9244K/16616K, paused 1ms+1ms, total 6ms
02-03 12:43:46.311 D/dalvikvm(15954): WAIT_FOR_CONCURRENT_GC blocked 5ms
02-03 12:43:46.321 D/dalvikvm(15954): GC_CONCURRENT freed 4093K, 45% free 9142K/16616K, paused 1ms+1ms, total 6ms
02-03 12:43:46.321 D/dalvikvm(15954): WAIT_FOR_CONCURRENT_GC blocked 5ms
02-03 12:43:46.331 D/dalvikvm(15954): GC_FOR_ALLOC freed 3703K, 44% free 9356K/16616K, paused 4ms, total 4ms
02-03 12:43:46.331 D/dalvikvm(15954): GC_FOR_ALLOC freed 4264K, 46% free 9041K/16616K, paused 4ms, total 4ms
02-03 12:43:46.341 D/dalvikvm(15954): GC_CONCURRENT freed 3974K, 45% free 9150K/16616K, paused 1ms+1ms, total 5ms
02-03 12:43:46.341 D/dalvikvm(15954): WAIT_FOR_CONCURRENT_GC blocked 5ms
02-03 12:43:46.351 D/dalvikvm(15954): GC_CONCURRENT freed 3787K, 44% free 9368K/16616K, paused 1ms+1ms, total 5ms
02-03 12:43:46.351 D/dalvikvm(15954): WAIT_FOR_CONCURRENT_GC blocked 4ms
02-03 12:43:46.361 D/dalvikvm(15954): GC_CONCURRENT freed 4142K, 45% free 9264K/16616K, paused 1ms+0ms, total 5ms
02-03 12:43:46.361 D/dalvikvm(15954): WAIT_FOR_CONCURRENT_GC blocked 4ms
02-03 12:43:46.361 D/dalvikvm(15954): GC_FOR_ALLOC freed 4061K, 46% free 9047K/16616K, paused 4ms, total 4ms
02-03 12:43:46.371 D/dalvikvm(15954): GC_FOR_ALLOC freed 3869K, 46% free 9048K/16616K, paused 4ms, total 4ms
02-03 12:43:46.381 D/dalvikvm(15954): GC_FOR_ALLOC freed 3895K, 46% free 9050K/16616K, paused 4ms, total 4ms
02-03 12:43:46.381 D/dalvikvm(15954): GC_FOR_ALLOC freed 3921K, 46% free 9051K/16616K, paused 4ms, total 4ms
02-03 12:43:46.391 D/dalvikvm(15954): GC_FOR_ALLOC freed 3947K, 46% free 9053K/16616K, paused 4ms, total 4ms
02-03 12:43:46.401 D/dalvikvm(15954): GC_CONCURRENT freed 3746K, 45% free 9282K/16616K, paused 0ms+0ms, total 5ms
02-03 12:43:46.401 D/dalvikvm(15954): WAIT_FOR_CONCURRENT_GC blocked 4ms
02-03 12:43:46.411 D/dalvikvm(15954): GC_CONCURRENT freed 3998K, 45% free 9285K/16616K, paused 0ms+1ms, total 5ms
02-03 12:43:46.411 D/dalvikvm(15954): WAIT_FOR_CONCURRENT_GC blocked 4ms
02-03 12:43:46.411 D/dalvikvm(15954): GC_CONCURRENT freed 4024K, 45% free 9288K/16616K, paused 0ms+1ms, total 5ms
02-03 12:43:46.411 D/dalvikvm(15954): WAIT_FOR_CONCURRENT_GC blocked 4ms
02-03 12:43:46.421 D/dalvikvm(15954): GC_CONCURRENT freed 4050K, 45% free 9291K/16616K, paused 0ms+1ms, total 5ms
02-03 12:43:46.421 D/dalvikvm(15954): WAIT_FOR_CONCURRENT_GC blocked 6ms
02-03 12:43:46.431 D/dalvikvm(15954): GC_CONCURRENT freed 4078K, 45% free 9294K/16616K, paused 1ms+1ms, total 5ms
02-03 12:43:46.431 D/dalvikvm(15954): WAIT_FOR_CONCURRENT_GC blocked 5ms
02-03 12:43:46.441 D/dalvikvm(15954): GC_FOR_ALLOC freed 3753K, 44% free 9414K/16616K, paused 4ms, total 4ms
02-03 12:43:46.441 D/dalvikvm(15954): GC_FOR_ALLOC freed 4135K, 45% free 9181K/16616K, paused 4ms, total 4ms
02-03 12:43:46.451 D/dalvikvm(15954): GC_FOR_ALLOC freed 3925K, 46% free 9065K/16616K, paused 4ms, total 4ms
02-03 12:43:46.461 D/dalvikvm(15954): GC_FOR_ALLOC freed 3591K, 44% free 9426K/16616K, paused 4ms, total 4ms
02-03 12:43:46.461 D/dalvikvm(15954): GC_FOR_ALLOC freed 4217K, 45% free 9189K/16616K, paused 4ms, total 4ms
02-03 12:43:46.471 D/dalvikvm(15954): GC_CONCURRENT freed 3400K, 42% free 9673K/16616K, paused 1ms+1ms, total 6ms
02-03 12:43:46.471 D/dalvikvm(15954): WAIT_FOR_CONCURRENT_GC blocked 2ms
02-03 12:43:46.481 D/dalvikvm(15954): GC_FOR_ALLOC freed 4264K, 45% free 9193K/16616K, paused 4ms, total 4ms
02-03 12:43:46.481 D/dalvikvm(15954): GC_FOR_ALLOC freed 4053K, 46% free 9073K/16616K, paused 4ms, total 4ms
02-03 12:43:46.491 D/dalvikvm(15954): GC_FOR_ALLOC freed 3707K, 44% free 9445K/16616K, paused 4ms, total 4ms
02-03 12:43:46.501 D/dalvikvm(15954): GC_CONCURRENT freed 3237K, 41% free 9942K/16616K, paused 0ms+1ms, total 6ms
02-03 12:43:46.501 D/dalvikvm(15954): WAIT_FOR_CONCURRENT_GC blocked 2ms
02-03 12:43:46.501 D/dalvikvm(15954): GC_FOR_ALLOC freed 4368K, 46% free 9077K/16616K, paused 4ms, total 4ms
02-03 12:43:46.511 D/dalvikvm(15954): GC_FOR_ALLOC freed 3772K, 45% free 9204K/16616K, paused 4ms, total 4ms
02-03 12:43:46.521 D/dalvikvm(15954): GC_CONCURRENT freed 3922K, 44% free 9334K/16616K, paused 1ms+1ms, total 6ms
02-03 12:43:46.521 D/dalvikvm(15954): WAIT_FOR_CONCURRENT_GC blocked 5ms
02-03 12:43:46.531 D/dalvikvm(15954): GC_FOR_ALLOC freed 4071K, 45% free 9209K/16616K, paused 5ms, total 5ms
02-03 12:43:46.531 D/dalvikvm(15954): GC_FOR_ALLOC freed 3582K, 44% free 9467K/16616K, paused 4ms, total 4ms
02-03 12:43:46.541 D/dalvikvm(15954): GC_FOR_ALLOC freed 4246K, 46% free 9085K/16616K, paused 4ms, total 4ms
02-03 12:43:46.541 D/dalvikvm(15954): GC_FOR_ALLOC freed 3882K, 45% free 9215K/16616K, paused 4ms, total 4ms
02-03 12:43:46.551 D/dalvikvm(15954): GC_CONCURRENT freed 2995K, 40% free 10125K/16616K, paused 0ms+1ms, total 6ms
02-03 12:43:46.551 D/dalvikvm(15954): WAIT_FOR_CONCURRENT_GC blocked 2ms
02-03 12:43:46.561 D/dalvikvm(15954): GC_FOR_ALLOC freed 4309K, 43% free 9481K/16616K, paused 5ms, total 5ms
02-03 12:43:46.561 D/dalvikvm(15954): GC_FOR_ALLOC freed 4340K, 46% free 9090K/16616K, paused 4ms, total 4ms
02-03 12:43:46.571 D/dalvikvm(15954): GC_FOR_ALLOC freed 3702K, 46% free 9092K/16616K, paused 4ms, total 4ms
02-03 12:43:46.581 D/dalvikvm(15954): GC_FOR_ALLOC freed 3721K, 46% free 9093K/16616K, paused 4ms, total 4ms
02-03 12:43:46.581 D/dalvikvm(15954): GC_FOR_ALLOC freed 3740K, 46% free 9094K/16616K, paused 4ms, total 4ms
02-03 12:43:46.591 D/dalvikvm(15954): GC_FOR_ALLOC freed 3758K, 46% free 9096K/16616K, paused 4ms, total 4ms
02-03 12:43:46.601 D/dalvikvm(15954): GC_FOR_ALLOC freed 3778K, 46% free 9097K/16616K, paused 4ms, total 4ms
02-03 12:43:46.601 D/dalvikvm(15954): GC_FOR_ALLOC freed 3797K, 46% free 9099K/16616K, paused 4ms, total 4ms
02-03 12:43:46.611 D/dalvikvm(15954): GC_FOR_ALLOC freed 3816K, 46% free 9100K/16616K, paused 4ms, total 4ms
02-03 12:43:46.621 D/dalvikvm(15954): GC_FOR_ALLOC freed 3835K, 46% free 9101K/16616K, paused 4ms, total 4ms
02-03 12:43:46.621 D/dalvikvm(15954): GC_FOR_ALLOC freed 3853K, 46% free 9103K/16616K, paused 4ms, total 4ms
02-03 12:43:46.631 D/dalvikvm(15954): GC_FOR_ALLOC freed 3872K, 46% free 9104K/16616K, paused 4ms, total 4ms
02-03 12:43:46.641 D/dalvikvm(15954): GC_FOR_ALLOC freed 3891K, 46% free 9105K/16616K, paused 4ms, total 4ms
02-03 12:43:46.641 D/dalvikvm(15954): GC_FOR_ALLOC freed 3910K, 46% free 9107K/16616K, paused 4ms, total 4ms
02-03 12:43:46.651 D/dalvikvm(15954): GC_FOR_ALLOC freed 3929K, 46% free 9108K/16616K, paused 4ms, total 4ms
02-03 12:43:46.661 D/dalvikvm(15954): GC_FOR_ALLOC freed 3947K, 46% free 9109K/16616K, paused 4ms, total 4ms
02-03 12:43:46.661 D/dalvikvm(15954): GC_FOR_ALLOC freed 3966K, 46% free 9111K/16616K, paused 4ms, total 4ms
02-03 12:43:46.671 D/dalvikvm(15954): GC_CONCURRENT freed 3560K, 43% free 9537K/16616K, paused 1ms+1ms, total 6ms
02-03 12:43:46.671 D/dalvikvm(15954): WAIT_FOR_CONCURRENT_GC blocked 2ms
02-03 12:43:46.681 D/dalvikvm(15954): GC_CONCURRENT freed 4143K, 44% free 9399K/16616K, paused 0ms+0ms, total 5ms
02-03 12:43:46.681 D/dalvikvm(15954): WAIT_FOR_CONCURRENT_GC blocked 4ms
02-03 12:43:46.681 D/dalvikvm(15954): GC_CONCURRENT freed 4021K, 44% free 9402K/16616K, paused 1ms+1ms, total 5ms
02-03 12:43:46.681 D/dalvikvm(15954): WAIT_FOR_CONCURRENT_GC blocked 4ms
02-03 12:43:46.691 D/dalvikvm(15954): GC_CONCURRENT freed 4040K, 44% free 9405K/16616K, paused 0ms+1ms, total 4ms
02-03 12:43:46.691 D/dalvikvm(15954): WAIT_FOR_CONCURRENT_GC blocked 4ms
02-03 12:43:46.701 D/dalvikvm(15954): GC_CONCURRENT freed 4059K, 44% free 9407K/16616K, paused 1ms+1ms, total 5ms
02-03 12:43:46.701 D/dalvikvm(15954): WAIT_FOR_CONCURRENT_GC blocked 4ms
02-03 12:43:46.711 D/dalvikvm(15954): GC_CONCURRENT freed 4078K, 44% free 9410K/16616K, paused 0ms+1ms, total 4ms
02-03 12:43:46.711 D/dalvikvm(15954): WAIT_FOR_CONCURRENT_GC blocked 4ms
02-03 12:43:46.711 D/dalvikvm(15954): GC_FOR_ALLOC freed 3656K, 43% free 9558K/16616K, paused 4ms, total 4ms
02-03 12:43:46.721 D/dalvikvm(15954): GC_FOR_ALLOC freed 4113K, 45% free 9268K/16616K, paused 4ms, total 4ms
02-03 12:43:46.731 D/dalvikvm(15954): GC_FOR_ALLOC freed 3837K, 46% free 9122K/16616K, paused 5ms, total 5ms
02-03 12:43:46.731 D/dalvikvm(15954): GC_FOR_ALLOC freed 3407K, 43% free 9568K/16616K, paused 4ms, total 4ms
02-03 12:43:46.741 D/dalvikvm(15954): GC_FOR_ALLOC freed 4165K, 45% free 9273K/16616K, paused 4ms, total 4ms
02-03 12:43:46.751 D/dalvikvm(15954): GC_FOR_ALLOC freed 3885K, 46% free 9126K/16616K, paused 5ms, total 5ms
02-03 12:43:46.751 D/dalvikvm(15954): GC_FOR_ALLOC freed 3449K, 43% free 9577K/16616K, paused 4ms, total 4ms
02-03 12:43:46.761 D/dalvikvm(15954): GC_FOR_ALLOC freed 4217K, 45% free 9279K/16616K, paused 4ms, total 4ms
02-03 12:43:46.771 D/dalvikvm(15954): GC_FOR_ALLOC freed 3933K, 46% free 9130K/16616K, paused 5ms, total 5ms
02-03 12:43:46.771 D/dalvikvm(15954): GC_FOR_ALLOC freed 3492K, 43% free 9586K/16616K, paused 4ms, total 4ms
02-03 12:43:46.781 D/dalvikvm(15954): GC_FOR_ALLOC freed 4269K, 45% free 9284K/16616K, paused 4ms, total 4ms
02-03 12:43:46.791 D/dalvikvm(15954): GC_FOR_ALLOC freed 3981K, 46% free 9133K/16616K, paused 4ms, total 4ms
02-03 12:43:46.791 D/dalvikvm(15954): GC_FOR_ALLOC freed 3534K, 43% free 9595K/16616K, paused 4ms, total 4ms
02-03 12:43:46.801 D/dalvikvm(15954): GC_CONCURRENT freed 2935K, 39% free 10212K/16616K, paused 0ms+0ms, total 5ms
02-03 12:43:46.801 D/dalvikvm(15954): WAIT_FOR_CONCURRENT_GC blocked 2ms
02-03 12:43:46.811 D/dalvikvm(15954): GC_FOR_ALLOC freed 3552K, 43% free 9600K/16616K, paused 5ms, total 5ms
02-03 12:43:46.811 D/dalvikvm(15954): GC_FOR_ALLOC freed 4038K, 46% free 9138K/16616K, paused 4ms, total 4ms
02-03 12:43:46.821 D/dalvikvm(15954): GC_FOR_ALLOC freed 3585K, 43% free 9606K/16616K, paused 4ms, total 4ms
02-03 12:43:46.831 D/dalvikvm(15954): GC_CONCURRENT freed 2976K, 39% free 10232K/16616K, paused 0ms+1ms, total 5ms
02-03 12:43:46.831 D/dalvikvm(15954): WAIT_FOR_CONCURRENT_GC blocked 1ms
02-03 12:43:46.831 D/dalvikvm(15954): GC_FOR_ALLOC freed 3603K, 43% free 9611K/16616K, paused 4ms, total 4ms
02-03 12:43:46.841 D/dalvikvm(15954): GC_FOR_ALLOC freed 4094K, 45% free 9142K/16616K, paused 4ms, total 4ms
02-03 12:43:46.851 D/dalvikvm(15954): GC_FOR_ALLOC freed 3635K, 45% free 9301K/16616K, paused 4ms, total 4ms
02-03 12:43:46.851 D/dalvikvm(15954): GC_FOR_ALLOC freed 4125K, 45% free 9145K/16616K, paused 4ms, total 4ms
02-03 12:43:46.861 D/dalvikvm(15954): GC_CONCURRENT freed 3186K, 42% free 9781K/16616K, paused 1ms+1ms, total 5ms
02-03 12:43:46.861 D/dalvikvm(15954): WAIT_FOR_CONCURRENT_GC blocked 2ms
02-03 12:43:46.871 D/dalvikvm(15954): GC_FOR_ALLOC freed 3832K, 43% free 9626K/16616K, paused 5ms, total 5ms
02-03 12:43:46.871 D/dalvikvm(15954): GC_FOR_ALLOC freed 4171K, 45% free 9148K/16616K, paused 4ms, total 4ms
02-03 12:43:46.881 D/dalvikvm(15954): GC_FOR_ALLOC freed 3702K, 44% free 9310K/16616K, paused 4ms, total 4ms
02-03 12:43:46.891 D/dalvikvm(15954): GC_CONCURRENT freed 3878K, 43% free 9474K/16616K, paused 1ms+1ms, total 6ms
02-03 12:43:46.891 D/dalvikvm(15954): WAIT_FOR_CONCURRENT_GC blocked 4ms
02-03 12:43:46.891 D/dalvikvm(15954): GC_FOR_ALLOC freed 4053K, 44% free 9313K/16616K, paused 4ms, total 4ms
02-03 12:43:46.901 D/dalvikvm(15954): GC_CONCURRENT freed 3907K, 43% free 9478K/16616K, paused 1ms+1ms, total 5ms
02-03 12:43:46.901 D/dalvikvm(15954): WAIT_FOR_CONCURRENT_GC blocked 4ms
02-03 12:43:46.911 D/dalvikvm(15954): GC_FOR_ALLOC freed 4084K, 44% free 9317K/16616K, paused 4ms, total 4ms
02-03 12:43:46.921 D/dalvikvm(15954): GC_FOR_ALLOC freed 3444K, 42% free 9647K/16616K, paused 4ms, total 4ms
02-03 12:43:46.921 D/dalvikvm(15954): GC_FOR_ALLOC freed 4281K, 45% free 9157K/16616K, paused 5ms, total 5ms
02-03 12:43:46.931 D/dalvikvm(15954): GC_FOR_ALLOC freed 3801K, 44% free 9322K/16616K, paused 4ms, total 4ms
02-03 12:43:46.941 D/dalvikvm(15954): GC_FOR_ALLOC freed 3481K, 42% free 9655K/16616K, paused 4ms, total 4ms
02-03 12:43:46.941 D/dalvikvm(15954): GC_FOR_ALLOC freed 4323K, 45% free 9160K/16616K, paused 4ms, total 4ms
02-03 12:43:46.951 D/dalvikvm(15954): GC_CONCURRENT freed 3836K, 44% free 9327K/16616K, paused 1ms+1ms, total 5ms
02-03 12:43:46.951 D/dalvikvm(15954): WAIT_FOR_CONCURRENT_GC blocked 4ms
02-03 12:43:46.961 D/dalvikvm(15954): GC_FOR_ALLOC freed 4014K, 45% free 9161K/16616K, paused 4ms, total 4ms
02-03 12:43:46.971 D/dalvikvm(15954): GC_FOR_ALLOC freed 3861K, 45% free 9163K/16616K, paused 5ms, total 5ms
02-03 12:43:46.981 D/dalvikvm(15954): GC_FOR_ALLOC freed 3870K, 44% free 9331K/16616K, paused 6ms, total 6ms
02-03 12:43:46.991 D/dalvikvm(15954): GC_CONCURRENT freed 2703K, 37% free 10511K/16616K, paused 0ms+1ms, total 10ms
02-03 12:43:46.991 D/dalvikvm(15954): WAIT_FOR_CONCURRENT_GC blocked 5ms
02-03 12:43:47.001 D/dalvikvm(15954): GC_FOR_ALLOC freed 4200K, 45% free 9163K/16616K, paused 4ms, total 5ms
02-03 12:43:47.001 W/BindingManager(18937): Cannot call determinedVisibility() - never saw a connection for the pid: 18937
02-03 12:43:47.021 D/dalvikvm(15954): GC_FOR_ALLOC freed 3673K, 44% free 9369K/16616K, paused 7ms, total 7ms
02-03 12:43:47.031 D/dalvikvm(15954): GC_FOR_ALLOC freed 3756K, 44% free 9369K/16616K, paused 7ms, total 7ms
02-03 12:43:47.051 D/dalvikvm(15954): GC_FOR_ALLOC freed 2493K, 39% free 10179K/16616K, paused 5ms, total 5ms
02-03 12:43:47.131 D/dalvikvm(15954): GC_CONCURRENT freed 5373K, 47% free 8895K/16616K, paused 1ms+1ms, total 6ms
02-03 12:43:47.131 D/dalvikvm(15954): WAIT_FOR_CONCURRENT_GC blocked 6ms
02-03 12:43:47.141 D/dalvikvm(15954): GC_CONCURRENT freed 4017K, 47% free 8957K/16616K, paused 1ms+1ms, total 5ms
02-03 12:43:47.141 D/dalvikvm(15954): WAIT_FOR_CONCURRENT_GC blocked 4ms
02-03 12:43:47.151 D/dalvikvm(15954): GC_CONCURRENT freed 4032K, 46% free 9009K/16616K, paused 0ms+0ms, total 5ms
02-03 12:43:47.151 D/dalvikvm(15954): WAIT_FOR_CONCURRENT_GC blocked 4ms
02-03 12:43:47.161 D/dalvikvm(15954): GC_CONCURRENT freed 4121K, 46% free 8981K/16616K, paused 0ms+1ms, total 5ms
02-03 12:43:47.161 D/dalvikvm(15954): WAIT_FOR_CONCURRENT_GC blocked 4ms
02-03 12:43:47.171 D/dalvikvm(15954): GC_FOR_ALLOC freed 4058K, 46% free 8994K/16616K, paused 5ms, total 5ms
02-03 12:43:47.171 D/dalvikvm(15954): GC_CONCURRENT freed 3923K, 46% free 9110K/16616K, paused 0ms+1ms, total 6ms
02-03 12:43:47.171 D/dalvikvm(15954): WAIT_FOR_CONCURRENT_GC blocked 2ms
02-03 12:43:47.181 D/dalvikvm(15954): GC_CONCURRENT freed 4148K, 46% free 9039K/16616K, paused 1ms+1ms, total 5ms
02-03 12:43:47.181 D/dalvikvm(15954): WAIT_FOR_CONCURRENT_GC blocked 4ms
02-03 12:43:47.191 D/dalvikvm(15954): GC_FOR_ALLOC freed 4101K, 46% free 8973K/16616K, paused 4ms, total 4ms
02-03 12:43:47.201 D/dalvikvm(15954): GC_CONCURRENT freed 3883K, 46% free 9111K/16616K, paused 1ms+1ms, total 6ms
02-03 12:43:47.201 D/dalvikvm(15954): WAIT_FOR_CONCURRENT_GC blocked 1ms
02-03 12:43:47.201 D/dalvikvm(15954): GC_FOR_ALLOC freed 4088K, 46% free 9086K/16616K, paused 4ms, total 4ms
02-03 12:43:47.211 D/dalvikvm(15954): GC_CONCURRENT freed 3472K, 44% free 9456K/16616K, paused 0ms+1ms, total 5ms
02-03 12:43:47.221 D/dalvikvm(15954): GC_FOR_ALLOC freed 4522K, 46% free 9011K/16616K, paused 4ms, total 4ms
02-03 12:43:47.221 D/dalvikvm(15954): GC_CONCURRENT freed 3722K, 45% free 9277K/16616K, paused 1ms+1ms, total 6ms
02-03 12:43:47.221 D/dalvikvm(15954): WAIT_FOR_CONCURRENT_GC blocked 2ms
02-03 12:43:47.231 D/dalvikvm(15954): GC_FOR_ALLOC freed 4270K, 47% free 8967K/16616K, paused 4ms, total 4ms
02-03 12:43:47.241 D/dalvikvm(15954): GC_FOR_ALLOC freed 3862K, 46% free 9114K/16616K, paused 4ms, total 4ms
02-03 12:43:47.241 D/dalvikvm(15954): GC_CONCURRENT freed 3794K, 43% free 9474K/16616K, paused 0ms+1ms, total 5ms
02-03 12:43:47.251 D/dalvikvm(15954): GC_FOR_ALLOC freed 4485K, 46% free 9021K/16616K, paused 4ms, total 4ms
02-03 12:43:47.261 D/dalvikvm(15954): GC_CONCURRENT freed 3563K, 44% free 9451K/16616K, paused 0ms+1ms, total 5ms
02-03 12:43:47.261 D/dalvikvm(15954): GC_FOR_ALLOC freed 4480K, 46% free 9027K/16616K, paused 4ms, total 4ms
02-03 12:43:47.271 D/dalvikvm(15954): GC_CONCURRENT freed 3714K, 44% free 9339K/16616K, paused 0ms+1ms, total 6ms
02-03 12:43:47.271 D/dalvikvm(15954): WAIT_FOR_CONCURRENT_GC blocked 2ms
02-03 12:43:47.281 D/dalvikvm(15954): GC_FOR_ALLOC freed 4260K, 46% free 9001K/16616K, paused 4ms, total 4ms
02-03 12:43:47.281 D/dalvikvm(15954): GC_FOR_ALLOC freed 3896K, 45% free 9180K/16616K, paused 4ms, total 4ms
02-03 12:43:47.291 D/dalvikvm(15954): GC_CONCURRENT freed 3751K, 44% free 9421K/16616K, paused 1ms+1ms, total 6ms
02-03 12:43:47.291 D/dalvikvm(15954): WAIT_FOR_CONCURRENT_GC blocked 2ms
02-03 12:43:47.301 D/dalvikvm(15954): GC_FOR_ALLOC freed 4377K, 46% free 8997K/16616K, paused 4ms, total 5ms
02-03 12:43:47.301 D/dalvikvm(15954): GC_CONCURRENT freed 3906K, 46% free 9129K/16616K, paused 1ms+1ms, total 5ms
02-03 12:43:47.301 D/dalvikvm(15954): WAIT_FOR_CONCURRENT_GC blocked 4ms
02-03 12:43:47.311 D/dalvikvm(15954): GC_FOR_ALLOC freed 3923K, 45% free 9195K/16616K, paused 4ms, total 4ms
02-03 12:43:47.321 D/dalvikvm(15954): GC_CONCURRENT freed 3742K, 43% free 9524K/16616K, paused 1ms+1ms, total 6ms
02-03 12:43:47.321 D/dalvikvm(15954): WAIT_FOR_CONCURRENT_GC blocked 1ms
02-03 12:43:47.331 D/dalvikvm(15954): GC_CONCURRENT freed 4469K, 46% free 9136K/16616K, paused 1ms+1ms, total 6ms
02-03 12:43:47.331 D/dalvikvm(15954): WAIT_FOR_CONCURRENT_GC blocked 5ms
02-03 12:43:47.331 D/dalvikvm(15954): GC_CONCURRENT freed 4155K, 46% free 9067K/16616K, paused 1ms+1ms, total 5ms
02-03 12:43:47.331 D/dalvikvm(15954): WAIT_FOR_CONCURRENT_GC blocked 4ms
02-03 12:43:47.341 D/dalvikvm(15954): GC_FOR_ALLOC freed 3949K, 46% free 9099K/16616K, paused 4ms, total 4ms
02-03 12:43:47.351 D/dalvikvm(15954): GC_CONCURRENT freed 3015K, 41% free 9881K/16616K, paused 1ms+2ms, total 6ms
02-03 12:43:47.351 D/dalvikvm(15954): GC_CONCURRENT freed 4787K, 45% free 9176K/16616K, paused 0ms+1ms, total 4ms
02-03 12:43:47.361 D/dalvikvm(15954): WAIT_FOR_CONCURRENT_GC blocked 4ms
02-03 12:43:47.361 D/dalvikvm(15954): GC_FOR_ALLOC freed 3921K, 45% free 9250K/16616K, paused 4ms, total 4ms
02-03 12:43:47.371 D/dalvikvm(15954): GC_CONCURRENT freed 3688K, 43% free 9621K/16616K, paused 0ms+1ms, total 5ms
02-03 12:43:47.371 D/dalvikvm(15954): WAIT_FOR_CONCURRENT_GC blocked 2ms
02-03 12:43:47.381 D/dalvikvm(15954): GC_CONCURRENT freed 4484K, 45% free 9182K/16616K, paused 1ms+1ms, total 5ms
02-03 12:43:47.381 D/dalvikvm(15954): WAIT_FOR_CONCURRENT_GC blocked 3ms
02-03 12:43:47.381 D/dalvikvm(15954): GC_FOR_ALLOC freed 4103K, 46% free 9104K/16616K, paused 4ms, total 4ms
02-03 12:43:47.391 D/dalvikvm(15954): GC_CONCURRENT freed 3139K, 43% free 9573K/16616K, paused 0ms+1ms, total 5ms
02-03 12:43:47.401 D/dalvikvm(15954): GC_FOR_ALLOC freed 4444K, 46% free 9027K/16616K, paused 4ms, total 4ms
02-03 12:43:47.401 D/dalvikvm(15954): GC_FOR_ALLOC freed 3952K, 46% free 9025K/16616K, paused 4ms, total 4ms
02-03 12:43:47.411 D/dalvikvm(15954): GC_CONCURRENT freed 3837K, 45% free 9191K/16616K, paused 0ms+1ms, total 5ms
02-03 12:43:47.411 D/dalvikvm(15954): WAIT_FOR_CONCURRENT_GC blocked 4ms
02-03 12:43:47.421 D/dalvikvm(15954): GC_CONCURRENT freed 4051K, 45% free 9196K/16616K, paused 0ms+1ms, total 4ms
02-03 12:43:47.421 D/dalvikvm(15954): WAIT_FOR_CONCURRENT_GC blocked 5ms
02-03 12:43:47.431 D/dalvikvm(15954): GC_FOR_ALLOC freed 3859K, 45% free 9279K/16616K, paused 5ms, total 5ms
02-03 12:43:47.431 D/dalvikvm(15954): GC_FOR_ALLOC freed 4160K, 45% free 9142K/16616K, paused 4ms, total 4ms
02-03 12:43:47.441 D/dalvikvm(15954): GC_CONCURRENT freed 3614K, 43% free 9481K/16616K, paused 0ms+1ms, total 5ms
02-03 12:43:47.441 D/dalvikvm(15954): WAIT_FOR_CONCURRENT_GC blocked 2ms
02-03 12:43:47.441 D/dalvikvm(15954): GC_FOR_ALLOC freed 4245K, 44% free 9318K/16616K, paused 4ms, total 4ms
02-03 12:43:47.451 D/dalvikvm(15954): GC_CONCURRENT freed 2721K, 39% free 10286K/16616K, paused 1ms+1ms, total 6ms
02-03 12:43:47.461 D/dalvikvm(15954): GC_FOR_ALLOC freed 5136K, 46% free 9057K/16616K, paused 4ms, total 4ms
02-03 12:43:47.461 D/dalvikvm(15954): GC_FOR_ALLOC freed 3945K, 45% free 9148K/16616K, paused 4ms, total 4ms
02-03 12:43:47.471 D/dalvikvm(15954): GC_CONCURRENT freed 3355K, 42% free 9782K/16616K, paused 1ms+1ms, total 6ms
02-03 12:43:47.471 D/dalvikvm(15954): WAIT_FOR_CONCURRENT_GC blocked 2ms
02-03 12:43:47.481 D/dalvikvm(15954): GC_FOR_ALLOC freed 4291K, 44% free 9337K/16616K, paused 4ms, total 4ms
02-03 12:43:47.481 D/dalvikvm(15954): GC_CONCURRENT freed 4159K, 45% free 9250K/16616K, paused 0ms+1ms, total 4ms
02-03 12:43:47.481 D/dalvikvm(15954): WAIT_FOR_CONCURRENT_GC blocked 4ms
02-03 12:43:47.491 D/dalvikvm(15954): GC_FOR_ALLOC freed 4111K, 46% free 9062K/16616K, paused 4ms, total 4ms
02-03 12:43:47.501 D/dalvikvm(15954): GC_FOR_ALLOC freed 3959K, 46% free 9064K/16616K, paused 4ms, total 4ms
02-03 12:43:47.511 D/dalvikvm(15954): GC_CONCURRENT freed 3806K, 45% free 9257K/16616K, paused 0ms+1ms, total 4ms
02-03 12:43:47.511 D/dalvikvm(15954): WAIT_FOR_CONCURRENT_GC blocked 5ms
02-03 12:43:47.511 D/dalvikvm(15954): GC_CONCURRENT freed 4033K, 45% free 9260K/16616K, paused 1ms+1ms, total 5ms
02-03 12:43:47.511 D/dalvikvm(15954): WAIT_FOR_CONCURRENT_GC blocked 4ms
02-03 12:43:47.521 D/dalvikvm(15954): GC_CONCURRENT freed 4074K, 45% free 9260K/16616K, paused 0ms+1ms, total 5ms
02-03 12:43:47.521 D/dalvikvm(15954): WAIT_FOR_CONCURRENT_GC blocked 4ms
02-03 12:43:47.531 D/dalvikvm(15954): GC_FOR_ALLOC freed 3812K, 44% free 9360K/16616K, paused 5ms, total 5ms
02-03 12:43:47.541 D/dalvikvm(15954): GC_FOR_ALLOC freed 4143K, 45% free 9167K/16616K, paused 4ms, total 4ms
02-03 12:43:47.541 D/dalvikvm(15954): GC_FOR_ALLOC freed 3981K, 46% free 9071K/16616K, paused 4ms, total 4ms
02-03 12:43:47.551 D/dalvikvm(15954): GC_CONCURRENT freed 3712K, 44% free 9373K/16616K, paused 0ms+1ms, total 5ms
02-03 12:43:47.561 D/dalvikvm(15954): GC_CONCURRENT freed 4249K, 45% free 9175K/16616K, paused 2ms+1ms, total 6ms
02-03 12:43:47.561 D/dalvikvm(15954): WAIT_FOR_CONCURRENT_GC blocked 4ms
02-03 12:43:47.571 D/dalvikvm(15954): GC_CONCURRENT freed 3880K, 45% free 9280K/16616K, paused 1ms+1ms, total 5ms
02-03 12:43:47.571 D/dalvikvm(15954): WAIT_FOR_CONCURRENT_GC blocked 4ms
02-03 12:43:47.581 D/dalvikvm(15954): GC_FOR_ALLOC freed 4012K, 45% free 9180K/16616K, paused 4ms, total 4ms
02-03 12:43:47.591 D/dalvikvm(15954): GC_CONCURRENT freed 3944K, 45% free 9287K/16616K, paused 1ms+1ms, total 5ms
02-03 12:43:47.591 D/dalvikvm(15954): WAIT_FOR_CONCURRENT_GC blocked 5ms
02-03 12:43:47.601 D/dalvikvm(15954): GC_CONCURRENT freed 4080K, 45% free 9186K/16616K, paused 0ms+1ms, total 6ms
02-03 12:43:47.601 D/dalvikvm(15954): WAIT_FOR_CONCURRENT_GC blocked 5ms
02-03 12:43:47.611 D/dalvikvm(15954): GC_FOR_ALLOC freed 3693K, 44% free 9399K/16616K, paused 6ms, total 6ms
02-03 12:43:47.611 D/dalvikvm(15954): GC_FOR_ALLOC freed 4252K, 46% free 9084K/16616K, paused 4ms, total 4ms
02-03 12:43:47.611 W/BindingManager(18937): Cannot call determinedVisibility() - never saw a connection for the pid: 18937
02-03 12:43:47.631 D/dalvikvm(15954): GC_CONCURRENT freed 3963K, 45% free 9193K/16616K, paused 1ms+1ms, total 7ms
02-03 12:43:47.641 D/dalvikvm(15954): GC_CONCURRENT freed 3776K, 44% free 9411K/16616K, paused 1ms+1ms, total 9ms
02-03 12:43:47.641 D/dalvikvm(15954): WAIT_FOR_CONCURRENT_GC blocked 5ms
02-03 12:43:47.651 D/dalvikvm(15954): GC_FOR_ALLOC freed 4348K, 46% free 9089K/16616K, paused 5ms, total 5ms
02-03 12:43:47.661 D/dalvikvm(15954): GC_CONCURRENT freed 3288K, 43% free 9635K/16616K, paused 2ms+3ms, total 11ms
02-03 12:43:47.661 D/dalvikvm(15954): WAIT_FOR_CONCURRENT_GC blocked 5ms
02-03 12:43:47.681 D/dalvikvm(15954): GC_FOR_ALLOC freed 4402K, 46% free 9092K/16616K, paused 12ms, total 14ms
02-03 12:43:47.691 D/dalvikvm(15954): GC_FOR_ALLOC freed 3884K, 46% free 9093K/16616K, paused 5ms, total 5ms
02-03 12:43:47.701 D/dalvikvm(15954): GC_FOR_ALLOC freed 3910K, 46% free 9095K/16616K, paused 5ms, total 5ms
02-03 12:43:47.701 D/dalvikvm(15954): GC_FOR_ALLOC freed 3937K, 46% free 9096K/16616K, paused 4ms, total 4ms
02-03 12:43:47.711 D/dalvikvm(15954): GC_FOR_ALLOC freed 3963K, 46% free 9098K/16616K, paused 8ms, total 8ms
02-03 12:43:47.731 D/dalvikvm(15954): GC_CONCURRENT freed 3761K, 44% free 9327K/16616K, paused 2ms+1ms, total 8ms
02-03 12:43:47.731 D/dalvikvm(15954): WAIT_FOR_CONCURRENT_GC blocked 6ms
02-03 12:43:47.741 D/dalvikvm(15954): GC_CONCURRENT freed 4014K, 44% free 9330K/16616K, paused 1ms+0ms, total 5ms
02-03 12:43:47.741 D/dalvikvm(15954): WAIT_FOR_CONCURRENT_GC blocked 4ms
02-03 12:43:47.741 D/dalvikvm(15954): GC_CONCURRENT freed 4040K, 44% free 9333K/16616K, paused 1ms+0ms, total 5ms
02-03 12:43:47.741 D/dalvikvm(15954): WAIT_FOR_CONCURRENT_GC blocked 4ms
02-03 12:43:47.751 D/dalvikvm(15954): GC_CONCURRENT freed 4067K, 44% free 9337K/16616K, paused 0ms+1ms, total 4ms
02-03 12:43:47.751 D/dalvikvm(15954): WAIT_FOR_CONCURRENT_GC blocked 4ms
02-03 12:43:47.761 D/dalvikvm(15954): GC_FOR_ALLOC freed 3743K, 44% free 9456K/16616K, paused 4ms, total 4ms
02-03 12:43:47.771 D/dalvikvm(15954): GC_FOR_ALLOC freed 4123K, 45% free 9224K/16616K, paused 4ms, total 4ms
02-03 12:43:47.771 D/dalvikvm(15954): GC_FOR_ALLOC freed 3914K, 46% free 9109K/16616K, paused 4ms, total 4ms
02-03 12:43:47.781 D/dalvikvm(15954): GC_FOR_ALLOC freed 3581K, 44% free 9468K/16616K, paused 4ms, total 4ms
02-03 12:43:47.791 D/dalvikvm(15954): GC_FOR_ALLOC freed 4205K, 45% free 9232K/16616K, paused 4ms, total 4ms
02-03 12:43:47.791 D/dalvikvm(15954): GC_CONCURRENT freed 3391K, 42% free 9715K/16616K, paused 1ms+1ms, total 6ms
02-03 12:43:47.791 D/dalvikvm(15954): WAIT_FOR_CONCURRENT_GC blocked 2ms
02-03 12:43:47.801 D/dalvikvm(15954): GC_FOR_ALLOC freed 4252K, 45% free 9236K/16616K, paused 4ms, total 5ms
02-03 12:43:47.801 D/dalvikvm(15954): GC_FOR_ALLOC freed 4042K, 46% free 9116K/16616K, paused 4ms, total 4ms
02-03 12:43:47.811 D/dalvikvm(15954): GC_FOR_ALLOC freed 3696K, 43% free 9487K/16616K, paused 4ms, total 4ms
02-03 12:43:47.821 D/dalvikvm(15954): GC_CONCURRENT freed 3228K, 40% free 9983K/16616K, paused 1ms+1ms, total 6ms
02-03 12:43:47.821 D/dalvikvm(15954): WAIT_FOR_CONCURRENT_GC blocked 2ms
02-03 12:43:47.821 D/dalvikvm(15954): GC_FOR_ALLOC freed 4606K, 45% free 9245K/16616K, paused 4ms, total 4ms
02-03 12:43:47.831 D/dalvikvm(15954): GC_CONCURRENT freed 3891K, 44% free 9374K/16616K, paused 1ms+1ms, total 6ms
02-03 12:43:47.831 D/dalvikvm(15954): WAIT_FOR_CONCURRENT_GC blocked 4ms
02-03 12:43:47.841 D/dalvikvm(15954): GC_FOR_ALLOC freed 4039K, 45% free 9250K/16616K, paused 4ms, total 4ms
02-03 12:43:47.851 D/dalvikvm(15954): GC_CONCURRENT freed 3938K, 44% free 9380K/16616K, paused 1ms+1ms, total 5ms
02-03 12:43:47.851 D/dalvikvm(15954): WAIT_FOR_CONCURRENT_GC blocked 4ms
02-03 12:43:47.851 D/dalvikvm(15954): GC_FOR_ALLOC freed 4087K, 45% free 9254K/16616K, paused 4ms, total 4ms
02-03 12:43:47.861 D/dalvikvm(15954): GC_FOR_ALLOC freed 3596K, 43% free 9513K/16616K, paused 4ms, total 4ms
02-03 12:43:47.871 D/dalvikvm(15954): GC_FOR_ALLOC freed 4263K, 46% free 9130K/16616K, paused 4ms, total 4ms
02-03 12:43:47.871 D/dalvikvm(15954): GC_CONCURRENT freed 3897K, 45% free 9261K/16616K, paused 0ms+1ms, total 5ms
02-03 12:43:47.871 D/dalvikvm(15954): WAIT_FOR_CONCURRENT_GC blocked 5ms
02-03 12:43:47.881 D/dalvikvm(15954): GC_FOR_ALLOC freed 3657K, 43% free 9524K/16616K, paused 5ms, total 5ms
02-03 12:43:47.891 D/dalvikvm(15954): GC_FOR_ALLOC freed 4334K, 46% free 9134K/16616K, paused 4ms, total 4ms
02-03 12:43:47.891 D/dalvikvm(15954): GC_FOR_ALLOC freed 3962K, 45% free 9267K/16616K, paused 4ms, total 4ms
02-03 12:43:47.901 D/dalvikvm(15954): GC_CONCURRENT freed 3057K, 39% free 10196K/16616K, paused 1ms+1ms, total 6ms
02-03 12:43:47.901 D/dalvikvm(15954): WAIT_FOR_CONCURRENT_GC blocked 2ms
02-03 12:43:47.911 D/dalvikvm(15954): GC_FOR_ALLOC freed 4130K, 46% free 9138K/16616K, paused 4ms, total 4ms
02-03 12:43:47.911 D/dalvikvm(15954): GC_FOR_ALLOC freed 3754K, 45% free 9139K/16616K, paused 4ms, total 4ms
02-03 12:43:47.921 D/dalvikvm(15954): GC_FOR_ALLOC freed 3773K, 45% free 9141K/16616K, paused 4ms, total 4ms
02-03 12:43:47.931 D/dalvikvm(15954): GC_FOR_ALLOC freed 3792K, 45% free 9142K/16616K, paused 4ms, total 4ms
02-03 12:43:47.931 D/dalvikvm(15954): GC_FOR_ALLOC freed 3811K, 45% free 9144K/16616K, paused 4ms, total 4ms
02-03 12:43:47.941 D/dalvikvm(15954): GC_FOR_ALLOC freed 3830K, 45% free 9145K/16616K, paused 4ms, total 4ms
02-03 12:43:47.951 D/dalvikvm(15954): GC_FOR_ALLOC freed 3849K, 45% free 9146K/16616K, paused 4ms, total 4ms
02-03 12:43:47.951 D/dalvikvm(15954): GC_FOR_ALLOC freed 3867K, 45% free 9148K/16616K, paused 4ms, total 4ms
02-03 12:43:47.961 D/dalvikvm(15954): GC_FOR_ALLOC freed 3886K, 45% free 9149K/16616K, paused 4ms, total 4ms
02-03 12:43:47.971 D/dalvikvm(15954): GC_FOR_ALLOC freed 3905K, 45% free 9150K/16616K, paused 5ms, total 5ms
02-03 12:43:47.971 D/dalvikvm(15954): GC_FOR_ALLOC freed 3924K, 45% free 9152K/16616K, paused 4ms, total 4ms
02-03 12:43:47.981 D/dalvikvm(15954): GC_FOR_ALLOC freed 3943K, 45% free 9153K/16616K, paused 4ms, total 4ms
02-03 12:43:47.991 D/dalvikvm(15954): GC_FOR_ALLOC freed 3961K, 45% free 9154K/16616K, paused 4ms, total 4ms
02-03 12:43:47.991 D/dalvikvm(15954): GC_CONCURRENT freed 3696K, 44% free 9440K/16616K, paused 1ms+1ms, total 5ms
02-03 12:43:47.991 D/dalvikvm(15954): WAIT_FOR_CONCURRENT_GC blocked 4ms
02-03 12:43:48.001 D/dalvikvm(15954): GC_CONCURRENT freed 3998K, 44% free 9443K/16616K, paused 0ms+1ms, total 5ms
02-03 12:43:48.001 D/dalvikvm(15954): WAIT_FOR_CONCURRENT_GC blocked 4ms
02-03 12:43:48.011 D/dalvikvm(15954): GC_FOR_ALLOC freed 4304K, 45% free 9158K/16616K, paused 4ms, total 4ms
02-03 12:43:48.021 D/dalvikvm(15954): GC_CONCURRENT freed 3748K, 44% free 9448K/16616K, paused 0ms+0ms, total 5ms
02-03 12:43:48.021 D/dalvikvm(15954): WAIT_FOR_CONCURRENT_GC blocked 4ms
02-03 12:43:48.021 D/dalvikvm(15954): GC_CONCURRENT freed 4054K, 44% free 9451K/16616K, paused 0ms+0ms, total 5ms
02-03 12:43:48.021 D/dalvikvm(15954): WAIT_FOR_CONCURRENT_GC blocked 4ms
02-03 12:43:48.031 D/dalvikvm(15954): GC_CONCURRENT freed 4073K, 44% free 9453K/16616K, paused 0ms+1ms, total 4ms
02-03 12:43:48.031 D/dalvikvm(15954): WAIT_FOR_CONCURRENT_GC blocked 4ms
02-03 12:43:48.041 D/dalvikvm(15954): GC_CONCURRENT freed 4092K, 44% free 9456K/16616K, paused 1ms+1ms, total 5ms
02-03 12:43:48.041 D/dalvikvm(15954): WAIT_FOR_CONCURRENT_GC blocked 4ms
02-03 12:43:48.051 D/dalvikvm(15954): GC_FOR_ALLOC freed 3668K, 43% free 9605K/16616K, paused 4ms, total 4ms
02-03 12:43:48.051 D/dalvikvm(15954): GC_FOR_ALLOC freed 4127K, 44% free 9313K/16616K, paused 4ms, total 4ms
02-03 12:43:48.061 D/dalvikvm(15954): GC_FOR_ALLOC freed 3850K, 45% free 9167K/16616K, paused 4ms, total 4ms
02-03 12:43:48.071 D/dalvikvm(15954): GC_FOR_ALLOC freed 3418K, 43% free 9614K/16616K, paused 4ms, total 4ms
02-03 12:43:48.071 D/dalvikvm(15954): GC_FOR_ALLOC freed 3880K, 45% free 9170K/16616K, paused 4ms, total 5ms
02-03 12:43:48.081 D/dalvikvm(15954): GC_FOR_ALLOC freed 3445K, 43% free 9620K/16616K, paused 4ms, total 4ms
02-03 12:43:48.091 D/dalvikvm(15954): GC_FOR_ALLOC freed 4212K, 44% free 9322K/16616K, paused 4ms, total 4ms
02-03 12:43:48.091 D/dalvikvm(15954): GC_FOR_ALLOC freed 3928K, 45% free 9173K/16616K, paused 4ms, total 4ms
02-03 12:43:48.101 D/dalvikvm(15954): GC_FOR_ALLOC freed 3488K, 43% free 9629K/16616K, paused 4ms, total 4ms
02-03 12:43:48.111 D/dalvikvm(15954): GC_FOR_ALLOC freed 3959K, 45% free 9176K/16616K, paused 5ms, total 5ms
02-03 12:43:48.111 D/dalvikvm(15954): GC_FOR_ALLOC freed 3515K, 43% free 9635K/16616K, paused 4ms, total 4ms
02-03 12:43:48.121 D/dalvikvm(15954): GC_CONCURRENT freed 3226K, 38% free 10402K/16616K, paused 1ms+1ms, total 7ms
02-03 12:43:48.121 D/dalvikvm(15954): WAIT_FOR_CONCURRENT_GC blocked 2ms
02-03 12:43:48.131 D/dalvikvm(15954): GC_FOR_ALLOC freed 3997K, 45% free 9179K/16616K, paused 5ms, total 5ms
02-03 12:43:48.131 D/dalvikvm(15954): GC_FOR_ALLOC freed 3554K, 42% free 9643K/16616K, paused 5ms, total 5ms
02-03 12:43:48.141 D/dalvikvm(15954): GC_CONCURRENT freed 2951K, 39% free 10264K/16616K, paused 1ms+1ms, total 6ms
02-03 12:43:48.141 D/dalvikvm(15954): WAIT_FOR_CONCURRENT_GC blocked 2ms
02-03 12:43:48.141 D/dalvikvm(15954): GC_FOR_ALLOC freed 4351K, 45% free 9183K/16616K, paused 4ms, total 4ms
02-03 12:43:48.151 D/dalvikvm(15954): GC_CONCURRENT freed 3592K, 42% free 9652K/16616K, paused 1ms+1ms, total 7ms
02-03 12:43:48.151 D/dalvikvm(15954): WAIT_FOR_CONCURRENT_GC blocked 6ms
02-03 12:43:48.171 D/dalvikvm(15954): GC_FOR_ALLOC freed 4077K, 45% free 9185K/16616K, paused 10ms, total 10ms
02-03 12:43:48.181 D/dalvikvm(15954): GC_CONCURRENT freed 3619K, 42% free 9658K/16616K, paused 1ms+1ms, total 8ms
02-03 12:43:48.181 D/dalvikvm(15954): WAIT_FOR_CONCURRENT_GC blocked 8ms
02-03 12:43:48.191 D/dalvikvm(15954): GC_FOR_ALLOC freed 4107K, 45% free 9187K/16616K, paused 9ms, total 9ms
02-03 12:43:48.201 D/dalvikvm(15954): GC_FOR_ALLOC freed 3646K, 44% free 9346K/16616K, paused 4ms, total 5ms
02-03 12:43:48.211 W/BindingManager(18937): Cannot call determinedVisibility() - never saw a connection for the pid: 18937
02-03 12:43:48.221 D/dalvikvm(15954): GC_CONCURRENT freed 3820K, 43% free 9508K/16616K, paused 1ms+1ms, total 7ms
02-03 12:43:48.221 D/dalvikvm(15954): WAIT_FOR_CONCURRENT_GC blocked 7ms
02-03 12:43:48.221 D/dalvikvm(15954): GC_FOR_ALLOC freed 3992K, 44% free 9350K/16616K, paused 6ms, total 6ms
02-03 12:43:48.231 I/chromium(18937): [INFO:CONSOLE(47)] "Uncaught ReferenceError: SharedWorker is not defined", source: app://org.xwalk.webapi_noneservice_tests//opt/tct-workers-w3c-tests/workers/SharedWorkerLocation_hash.html (47)
02-03 12:43:48.241 D/dalvikvm(15954): GC_CONCURRENT freed 3848K, 43% free 9513K/16616K, paused 1ms+1ms, total 7ms
02-03 12:43:48.251 D/dalvikvm(15954): GC_FOR_ALLOC freed 4025K, 44% free 9354K/16616K, paused 5ms, total 6ms
02-03 12:43:48.261 D/dalvikvm(15954): GC_CONCURRENT freed 3878K, 43% free 9518K/16616K, paused 1ms+1ms, total 7ms
02-03 12:43:48.261 D/dalvikvm(15954): WAIT_FOR_CONCURRENT_GC blocked 5ms
02-03 12:43:48.271 D/dalvikvm(15954): GC_FOR_ALLOC freed 4053K, 44% free 9357K/16616K, paused 4ms, total 4ms
02-03 12:43:48.271 D/dalvikvm(15954): GC_FOR_ALLOC freed 4233K, 45% free 9197K/16616K, paused 5ms, total 5ms
02-03 12:43:48.281 D/dalvikvm(15954): GC_CONCURRENT freed 3270K, 41% free 9850K/16616K, paused 1ms+1ms, total 6ms
02-03 12:43:48.281 D/dalvikvm(15954): WAIT_FOR_CONCURRENT_GC blocked 2ms
02-03 12:43:48.291 D/dalvikvm(15954): GC_FOR_ALLOC freed 3933K, 42% free 9691K/16616K, paused 4ms, total 4ms
02-03 12:43:48.291 D/dalvikvm(15954): GC_FOR_ALLOC freed 4281K, 45% free 9201K/16616K, paused 4ms, total 4ms
02-03 12:43:48.301 D/dalvikvm(15954): GC_FOR_ALLOC freed 3801K, 44% free 9366K/16616K, paused 4ms, total 4ms
02-03 12:43:48.311 D/dalvikvm(15954): GC_FOR_ALLOC freed 3481K, 42% free 9699K/16616K, paused 4ms, total 4ms
02-03 12:43:48.311 D/dalvikvm(15954): GC_FOR_ALLOC freed 4323K, 45% free 9204K/16616K, paused 4ms, total 4ms
02-03 12:43:48.321 D/dalvikvm(15954): GC_CONCURRENT freed 3835K, 44% free 9371K/16616K, paused 0ms+0ms, total 5ms
02-03 12:43:48.321 D/dalvikvm(15954): WAIT_FOR_CONCURRENT_GC blocked 5ms
02-03 12:43:48.331 D/dalvikvm(15954): GC_FOR_ALLOC freed 3513K, 42% free 9707K/16616K, paused 4ms, total 4ms
02-03 12:43:48.341 D/dalvikvm(15954): GC_FOR_ALLOC freed 4362K, 45% free 9207K/16616K, paused 4ms, total 4ms
02-03 12:43:48.341 D/dalvikvm(15954): GC_CONCURRENT freed 3870K, 44% free 9376K/16616K, paused 0ms+0ms, total 5ms
02-03 12:43:48.341 D/dalvikvm(15954): WAIT_FOR_CONCURRENT_GC blocked 4ms
02-03 12:43:48.351 D/dalvikvm(15954): GC_FOR_ALLOC freed 3544K, 42% free 9714K/16616K, paused 4ms, total 4ms
02-03 12:43:48.361 D/dalvikvm(15954): GC_CONCURRENT freed 4599K, 45% free 9210K/16616K, paused 0ms+1ms, total 5ms
02-03 12:43:48.361 D/dalvikvm(15954): WAIT_FOR_CONCURRENT_GC blocked 4ms
02-03 12:43:48.371 D/dalvikvm(15954): GC_FOR_ALLOC freed 3684K, 44% free 9381K/16616K, paused 4ms, total 4ms
02-03 12:43:48.381 D/dalvikvm(15954): GC_FOR_ALLOC freed 5033K, 52% free 8106K/16616K, paused 4ms, total 4ms
02-03 12:43:48.401 D/dalvikvm(15954): GC_CONCURRENT freed 3329K, 47% free 8827K/16616K, paused 1ms+1ms, total 6ms
02-03 12:43:51.291 W/BindingManager(18937): Cannot call determinedVisibility() - never saw a connection for the pid: 18937
02-03 12:43:51.581 D/dalvikvm(15954): GC_CONCURRENT freed 4624K, 51% free 8298K/16616K, paused 1ms+1ms, total 9ms
02-03 12:43:51.581 D/dalvikvm(15954): WAIT_FOR_CONCURRENT_GC blocked 8ms
02-03 12:43:51.601 D/dalvikvm(15954): GC_CONCURRENT freed 3993K, 50% free 8388K/16616K, paused 1ms+1ms, total 4ms
02-03 12:43:51.601 D/dalvikvm(15954): WAIT_FOR_CONCURRENT_GC blocked 3ms
02-03 12:43:51.601 D/dalvikvm(15954): GC_FOR_ALLOC freed 4085K, 50% free 8367K/16616K, paused 3ms, total 3ms
02-03 12:43:51.611 D/dalvikvm(15954): GC_CONCURRENT freed 1576K, 49% free 8538K/16616K, paused 1ms+1ms, total 4ms
02-03 12:43:51.611 D/dalvikvm(15954): GC_FOR_ALLOC freed 4214K, 50% free 8397K/16616K, paused 3ms, total 3ms
02-03 12:43:51.621 D/dalvikvm(15954): GC_CONCURRENT freed 1637K, 49% free 8547K/16616K, paused 1ms+1ms, total 4ms
02-03 12:43:51.631 D/dalvikvm(15954): GC_CONCURRENT freed 4141K, 49% free 8483K/16616K, paused 1ms+1ms, total 4ms
02-03 12:43:51.631 D/dalvikvm(15954): WAIT_FOR_CONCURRENT_GC blocked 2ms
02-03 12:43:51.631 D/dalvikvm(15954): GC_CONCURRENT freed 4171K, 50% free 8408K/16616K, paused 0ms+1ms, total 3ms
02-03 12:43:51.631 D/dalvikvm(15954): WAIT_FOR_CONCURRENT_GC blocked 3ms
02-03 12:43:51.641 D/dalvikvm(15954): GC_FOR_ALLOC freed 4115K, 50% free 8383K/16616K, paused 2ms, total 2ms
02-03 12:43:51.641 D/dalvikvm(15954): GC_CONCURRENT freed 1487K, 48% free 8699K/16616K, paused 1ms+1ms, total 4ms
02-03 12:43:51.651 D/dalvikvm(15954): GC_FOR_ALLOC freed 4386K, 50% free 8394K/16616K, paused 3ms, total 3ms
02-03 12:43:51.651 D/dalvikvm(15954): GC_CONCURRENT freed 1748K, 47% free 8822K/16616K, paused 1ms+1ms, total 4ms
02-03 12:43:51.661 D/dalvikvm(15954): GC_CONCURRENT freed 4390K, 49% free 8486K/16616K, paused 1ms+1ms, total 4ms
02-03 12:43:51.661 D/dalvikvm(15954): WAIT_FOR_CONCURRENT_GC blocked 3ms
02-03 12:43:51.671 D/dalvikvm(15954): GC_FOR_ALLOC freed 4093K, 50% free 8367K/16616K, paused 3ms, total 3ms
02-03 12:43:51.671 D/dalvikvm(15954): GC_CONCURRENT freed 1771K, 48% free 8762K/16616K, paused 0ms+1ms, total 3ms
02-03 12:43:51.681 D/dalvikvm(15954): GC_CONCURRENT freed 4317K, 49% free 8511K/16616K, paused 0ms+1ms, total 3ms
02-03 12:43:51.681 D/dalvikvm(15954): WAIT_FOR_CONCURRENT_GC blocked 2ms
02-03 12:43:51.681 D/dalvikvm(15954): GC_CONCURRENT freed 4131K, 50% free 8473K/16616K, paused 0ms+1ms, total 3ms
02-03 12:43:51.681 D/dalvikvm(15954): WAIT_FOR_CONCURRENT_GC blocked 2ms
02-03 12:43:51.691 D/dalvikvm(15954): GC_FOR_ALLOC freed 3989K, 49% free 8529K/16616K, paused 2ms, total 2ms
02-03 12:43:51.701 D/dalvikvm(15954): GC_CONCURRENT freed 2384K, 48% free 8733K/16616K, paused 0ms+2ms, total 4ms
02-03 12:43:51.701 D/dalvikvm(15954): GC_CONCURRENT freed 4259K, 49% free 8491K/16616K, paused 1ms+1ms, total 4ms
02-03 12:43:51.701 D/dalvikvm(15954): WAIT_FOR_CONCURRENT_GC blocked 3ms
02-03 12:43:51.711 D/dalvikvm(15954): GC_FOR_ALLOC freed 3971K, 49% free 8551K/16616K, paused 3ms, total 3ms
02-03 12:43:51.711 D/dalvikvm(15954): GC_CONCURRENT freed 2422K, 47% free 8938K/16616K, paused 0ms+1ms, total 4ms
02-03 12:43:51.721 D/dalvikvm(15954): GC_FOR_ALLOC freed 4495K, 50% free 8394K/16616K, paused 3ms, total 3ms
02-03 12:43:51.731 D/dalvikvm(15954): GC_CONCURRENT freed 3933K, 49% free 8514K/16616K, paused 1ms+1ms, total 4ms
02-03 12:43:51.731 D/dalvikvm(15954): WAIT_FOR_CONCURRENT_GC blocked 3ms
02-03 12:43:51.731 D/dalvikvm(15954): GC_FOR_ALLOC freed 3971K, 49% free 8578K/16616K, paused 3ms, total 3ms
02-03 12:43:51.741 D/dalvikvm(15954): GC_CONCURRENT freed 2301K, 46% free 9126K/16616K, paused 0ms+1ms, total 4ms
02-03 12:43:51.741 D/dalvikvm(15954): GC_FOR_ALLOC freed 4551K, 49% free 8590K/16616K, paused 3ms, total 3ms
02-03 12:43:51.751 D/dalvikvm(15954): GC_CONCURRENT freed 2203K, 45% free 9156K/16616K, paused 1ms+1ms, total 4ms
02-03 12:43:51.751 D/dalvikvm(15954): GC_CONCURRENT freed 4658K, 49% free 8539K/16616K, paused 1ms+0ms, total 4ms
02-03 12:43:51.751 D/dalvikvm(15954): WAIT_FOR_CONCURRENT_GC blocked 3ms
02-03 12:43:51.761 D/dalvikvm(15954): GC_FOR_ALLOC freed 3919K, 49% free 8608K/16616K, paused 2ms, total 2ms
02-03 12:43:51.761 D/dalvikvm(15954): GC_CONCURRENT freed 2060K, 46% free 9006K/16616K, paused 0ms+1ms, total 3ms
02-03 12:43:51.771 D/dalvikvm(15954): GC_FOR_ALLOC freed 4506K, 49% free 8483K/16616K, paused 3ms, total 3ms
02-03 12:43:51.771 D/dalvikvm(15954): GC_CONCURRENT freed 2537K, 46% free 9101K/16616K, paused 0ms+1ms, total 4ms
02-03 12:43:51.781 D/dalvikvm(15954): GC_FOR_ALLOC freed 4586K, 50% free 8420K/16616K, paused 3ms, total 3ms
02-03 12:43:51.781 D/dalvikvm(15954): GC_FOR_ALLOC freed 3968K, 50% free 8423K/16616K, paused 3ms, total 3ms
02-03 12:43:51.791 D/dalvikvm(15954): GC_CONCURRENT freed 2302K, 46% free 8996K/16616K, paused 1ms+1ms, total 4ms
02-03 12:43:51.791 D/dalvikvm(15954): GC_FOR_ALLOC freed 4435K, 48% free 8646K/16616K, paused 3ms, total 3ms
02-03 12:43:51.801 D/dalvikvm(15954): GC_CONCURRENT freed 1773K, 46% free 9088K/16616K, paused 1ms+1ms, total 4ms
02-03 12:43:51.811 D/dalvikvm(15954): GC_FOR_ALLOC freed 4471K, 48% free 8655K/16616K, paused 3ms, total 3ms
02-03 12:43:51.811 D/dalvikvm(15954): GC_CONCURRENT freed 1285K, 46% free 9107K/16616K, paused 0ms+1ms, total 3ms
02-03 12:43:51.811 D/dalvikvm(15954): GC_FOR_ALLOC freed 4570K, 49% free 8510K/16616K, paused 2ms, total 2ms
02-03 12:43:51.821 D/dalvikvm(15954): GC_CONCURRENT freed 1082K, 44% free 9356K/16616K, paused 0ms+3ms, total 5ms
02-03 12:43:51.831 D/dalvikvm(15954): GC_FOR_ALLOC freed 4900K, 49% free 8514K/16616K, paused 8ms, total 8ms
02-03 12:43:51.841 D/dalvikvm(15954): GC_CONCURRENT freed 1497K, 45% free 9226K/16616K, paused 0ms+1ms, total 5ms
02-03 12:43:51.851 D/dalvikvm(15954): GC_FOR_ALLOC freed 4612K, 48% free 8679K/16616K, paused 3ms, total 3ms
02-03 12:43:51.851 D/dalvikvm(15954): GC_CONCURRENT freed 565K, 46% free 9081K/16616K, paused 1ms+2ms, total 6ms
02-03 12:43:51.871 D/dalvikvm(15954): GC_CONCURRENT freed 4533K, 49% free 8524K/16616K, paused 1ms+0ms, total 4ms
02-03 12:43:51.871 D/dalvikvm(15954): WAIT_FOR_CONCURRENT_GC blocked 3ms
02-03 12:43:51.871 W/BindingManager(18937): Cannot call determinedVisibility() - never saw a connection for the pid: 18937
02-03 12:43:51.881 D/dalvikvm(15954): GC_CONCURRENT freed 4026K, 49% free 8527K/16616K, paused 1ms+3ms, total 8ms
02-03 12:43:51.881 D/dalvikvm(15954): WAIT_FOR_CONCURRENT_GC blocked 9ms
02-03 12:43:51.901 D/dalvikvm(15954): GC_CONCURRENT freed 4081K, 49% free 8531K/16616K, paused 2ms+1ms, total 8ms
02-03 12:43:51.901 D/dalvikvm(15954): WAIT_FOR_CONCURRENT_GC blocked 5ms
02-03 12:43:51.901 D/dalvikvm(15954): GC_FOR_ALLOC freed 3965K, 50% free 8449K/16616K, paused 3ms, total 3ms
02-03 12:43:51.921 D/dalvikvm(15954): GC_CONCURRENT freed 3754K, 48% free 8707K/16616K, paused 1ms+0ms, total 5ms
02-03 12:43:51.931 D/dalvikvm(15954): GC_CONCURRENT freed 4229K, 49% free 8540K/16616K, paused 1ms+1ms, total 5ms
02-03 12:43:51.941 D/dalvikvm(15954): GC_CONCURRENT freed 3929K, 49% free 8630K/16616K, paused 1ms+0ms, total 5ms
02-03 12:43:51.941 D/dalvikvm(15954): GC_CONCURRENT freed 4062K, 49% free 8546K/16616K, paused 1ms+1ms, total 4ms
02-03 12:43:51.941 D/dalvikvm(15954): WAIT_FOR_CONCURRENT_GC blocked 3ms
02-03 12:43:51.951 D/dalvikvm(15954): GC_FOR_ALLOC freed 3748K, 48% free 8727K/16616K, paused 3ms, total 3ms
02-03 12:43:51.961 D/dalvikvm(15954): GC_CONCURRENT freed 4058K, 48% free 8642K/16616K, paused 1ms+1ms, total 4ms
02-03 12:43:51.961 D/dalvikvm(15954): WAIT_FOR_CONCURRENT_GC blocked 1ms
02-03 12:43:51.961 D/dalvikvm(15954): GC_FOR_ALLOC freed 4008K, 50% free 8463K/16616K, paused 3ms, total 3ms
02-03 12:43:51.971 D/dalvikvm(15954): GC_FOR_ALLOC freed 3865K, 50% free 8465K/16616K, paused 3ms, total 3ms
02-03 12:43:51.981 D/dalvikvm(15954): GC_FOR_ALLOC freed 3903K, 50% free 8466K/16616K, paused 3ms, total 3ms
02-03 12:43:51.991 D/dalvikvm(15954): GC_FOR_ALLOC freed 3940K, 50% free 8468K/16616K, paused 4ms, total 4ms
02-03 12:43:51.991 D/dalvikvm(15954): GC_CONCURRENT freed 3788K, 48% free 8660K/16616K, paused 0ms+1ms, total 3ms
02-03 12:43:51.991 D/dalvikvm(15954): WAIT_FOR_CONCURRENT_GC blocked 3ms
02-03 12:43:52.001 D/dalvikvm(15954): GC_CONCURRENT freed 4014K, 48% free 8663K/16616K, paused 0ms+1ms, total 3ms
02-03 12:43:52.001 D/dalvikvm(15954): WAIT_FOR_CONCURRENT_GC blocked 2ms
02-03 12:43:52.001 D/dalvikvm(15954): GC_CONCURRENT freed 4051K, 48% free 8667K/16616K, paused 1ms+1ms, total 3ms
02-03 12:43:52.011 D/dalvikvm(15954): WAIT_FOR_CONCURRENT_GC blocked 3ms
02-03 12:43:52.011 D/dalvikvm(15954): GC_CONCURRENT freed 4089K, 48% free 8671K/16616K, paused 1ms+1ms, total 4ms
02-03 12:43:52.011 D/dalvikvm(15954): WAIT_FOR_CONCURRENT_GC blocked 3ms
02-03 12:43:52.021 D/dalvikvm(15954): GC_FOR_ALLOC freed 3830K, 48% free 8772K/16616K, paused 3ms, total 3ms
02-03 12:43:52.021 D/dalvikvm(15954): GC_FOR_ALLOC freed 4162K, 49% free 8578K/16616K, paused 2ms, total 3ms
02-03 12:43:52.031 D/dalvikvm(15954): GC_CONCURRENT freed 2598K, 45% free 9176K/16616K, paused 1ms+1ms, total 5ms
02-03 12:43:52.031 D/dalvikvm(15954): GC_FOR_ALLOC freed 4421K, 48% free 8784K/16616K, paused 3ms, total 3ms
02-03 12:43:52.041 D/dalvikvm(15954): GC_CONCURRENT freed 2435K, 42% free 9698K/16616K, paused 1ms+1ms, total 5ms
02-03 12:43:52.041 D/dalvikvm(15954): GC_CONCURRENT freed 4999K, 48% free 8690K/16616K, paused 0ms+1ms, total 3ms
02-03 12:43:52.041 D/dalvikvm(15954): WAIT_FOR_CONCURRENT_GC blocked 2ms
02-03 12:43:52.051 D/dalvikvm(15954): GC_FOR_ALLOC freed 4019K, 49% free 8589K/16616K, paused 3ms, total 3ms
02-03 12:43:52.061 D/dalvikvm(15954): GC_CONCURRENT freed 3950K, 48% free 8697K/16616K, paused 1ms+1ms, total 4ms
02-03 12:43:52.061 D/dalvikvm(15954): WAIT_FOR_CONCURRENT_GC blocked 3ms
02-03 12:43:52.061 D/dalvikvm(15954): GC_FOR_ALLOC freed 4086K, 49% free 8595K/16616K, paused 3ms, total 3ms
02-03 12:43:52.071 D/dalvikvm(15954): GC_CONCURRENT freed 2431K, 44% free 9333K/16616K, paused 1ms+2ms, total 5ms
02-03 12:43:52.071 D/dalvikvm(15954): GC_FOR_ALLOC freed 4777K, 49% free 8493K/16616K, paused 3ms, total 3ms
02-03 12:43:52.081 D/dalvikvm(15954): GC_FOR_ALLOC freed 3963K, 49% free 8601K/16616K, paused 3ms, total 3ms
02-03 12:43:52.081 D/dalvikvm(15954): GC_CONCURRENT freed 2806K, 43% free 9574K/16616K, paused 1ms+2ms, total 5ms
02-03 12:43:52.091 D/dalvikvm(15954): GC_FOR_ALLOC freed 4772K, 47% free 8824K/16616K, paused 2ms, total 3ms
02-03 12:43:52.091 D/dalvikvm(15954): GC_CONCURRENT freed 2299K, 43% free 9588K/16616K, paused 0ms+1ms, total 4ms
02-03 12:43:52.101 D/dalvikvm(15954): GC_CONCURRENT freed 4943K, 48% free 8721K/16616K, paused 1ms+1ms, total 3ms
02-03 12:43:52.101 D/dalvikvm(15954): WAIT_FOR_CONCURRENT_GC blocked 2ms
02-03 12:43:52.101 D/dalvikvm(15954): GC_FOR_ALLOC freed 4099K, 49% free 8502K/16616K, paused 3ms, total 3ms
02-03 12:43:52.111 D/dalvikvm(15954): GC_FOR_ALLOC freed 3905K, 49% free 8504K/16616K, paused 3ms, total 3ms
02-03 12:43:52.111 D/dalvikvm(15954): GC_FOR_ALLOC freed 3931K, 49% free 8505K/16616K, paused 3ms, total 3ms
02-03 12:43:52.121 D/dalvikvm(15954): GC_FOR_ALLOC freed 3957K, 49% free 8507K/16616K, paused 2ms, total 2ms
02-03 12:43:52.131 D/dalvikvm(15954): GC_CONCURRENT freed 3756K, 48% free 8736K/16616K, paused 0ms+1ms, total 3ms
02-03 12:43:52.131 D/dalvikvm(15954): WAIT_FOR_CONCURRENT_GC blocked 2ms
02-03 12:43:52.131 D/dalvikvm(15954): GC_CONCURRENT freed 4008K, 48% free 8739K/16616K, paused 1ms+1ms, total 3ms
02-03 12:43:52.131 D/dalvikvm(15954): WAIT_FOR_CONCURRENT_GC blocked 2ms
02-03 12:43:52.141 D/dalvikvm(15954): GC_CONCURRENT freed 4034K, 48% free 8742K/16616K, paused 1ms+1ms, total 3ms
02-03 12:43:52.141 D/dalvikvm(15954): WAIT_FOR_CONCURRENT_GC blocked 3ms
02-03 12:43:52.141 D/dalvikvm(15954): GC_CONCURRENT freed 4061K, 48% free 8745K/16616K, paused 1ms+1ms, total 3ms
02-03 12:43:52.141 D/dalvikvm(15954): WAIT_FOR_CONCURRENT_GC blocked 2ms
02-03 12:43:52.151 D/dalvikvm(15954): GC_CONCURRENT freed 4090K, 48% free 8748K/16616K, paused 1ms+0ms, total 4ms
02-03 12:43:52.151 D/dalvikvm(15954): WAIT_FOR_CONCURRENT_GC blocked 2ms
02-03 12:43:52.161 D/dalvikvm(15954): GC_FOR_ALLOC freed 3764K, 47% free 8869K/16616K, paused 2ms, total 3ms
02-03 12:43:52.161 D/dalvikvm(15954): GC_FOR_ALLOC freed 4146K, 49% free 8636K/16616K, paused 3ms, total 3ms
02-03 12:43:52.171 D/dalvikvm(15954): GC_FOR_ALLOC freed 3937K, 49% free 8519K/16616K, paused 3ms, total 3ms
02-03 12:43:52.171 D/dalvikvm(15954): GC_FOR_ALLOC freed 3601K, 47% free 8881K/16616K, paused 2ms, total 2ms
02-03 12:43:52.181 D/dalvikvm(15954): GC_FOR_ALLOC freed 4229K, 48% free 8643K/16616K, paused 3ms, total 3ms
02-03 12:43:52.181 D/dalvikvm(15954): GC_CONCURRENT freed 2310K, 44% free 9371K/16616K, paused 1ms+2ms, total 5ms
02-03 12:43:52.191 D/dalvikvm(15954): GC_FOR_ALLOC freed 4516K, 47% free 8891K/16616K, paused 3ms, total 3ms
02-03 12:43:52.191 D/dalvikvm(15954): GC_CONCURRENT freed 2091K, 43% free 9628K/16616K, paused 1ms+1ms, total 5ms
02-03 12:43:52.201 D/dalvikvm(15954): GC_FOR_ALLOC freed 4811K, 48% free 8651K/16616K, paused 3ms, total 3ms
02-03 12:43:52.201 D/dalvikvm(15954): GC_CONCURRENT freed 3854K, 48% free 8778K/16616K, paused 0ms+1ms, total 3ms
02-03 12:43:52.201 D/dalvikvm(15954): WAIT_FOR_CONCURRENT_GC blocked 3ms
02-03 12:43:52.211 D/dalvikvm(15954): GC_FOR_ALLOC freed 4001K, 48% free 8655K/16616K, paused 2ms, total 3ms
02-03 12:43:52.221 D/dalvikvm(15954): GC_CONCURRENT freed 3901K, 48% free 8784K/16616K, paused 1ms+1ms, total 3ms
02-03 12:43:52.221 D/dalvikvm(15954): WAIT_FOR_CONCURRENT_GC blocked 3ms
02-03 12:43:52.221 D/dalvikvm(15954): GC_FOR_ALLOC freed 4049K, 48% free 8660K/16616K, paused 3ms, total 3ms
02-03 12:43:52.231 D/dalvikvm(15954): GC_CONCURRENT freed 3948K, 48% free 8790K/16616K, paused 0ms+1ms, total 3ms
02-03 12:43:52.231 D/dalvikvm(15954): WAIT_FOR_CONCURRENT_GC blocked 2ms
02-03 12:43:52.231 D/dalvikvm(15954): GC_FOR_ALLOC freed 4097K, 48% free 8664K/16616K, paused 2ms, total 2ms
02-03 12:43:52.241 D/dalvikvm(15954): GC_CONCURRENT freed 1159K, 43% free 9563K/16616K, paused 0ms+2ms, total 4ms
02-03 12:43:52.241 D/dalvikvm(15954): GC_FOR_ALLOC freed 4903K, 49% free 8539K/16616K, paused 3ms, total 3ms
02-03 12:43:52.251 D/dalvikvm(15954): GC_FOR_ALLOC freed 3897K, 48% free 8670K/16616K, paused 3ms, total 3ms
02-03 12:43:52.251 D/dalvikvm(15954): GC_CONCURRENT freed 2091K, 41% free 9843K/16616K, paused 1ms+2ms, total 5ms
02-03 12:43:52.261 D/dalvikvm(15954): GC_FOR_ALLOC freed 4978K, 49% free 8543K/16616K, paused 3ms, total 3ms
02-03 12:43:52.261 D/dalvikvm(15954): GC_FOR_ALLOC freed 3957K, 48% free 8676K/16616K, paused 3ms, total 3ms
02-03 12:43:52.271 D/dalvikvm(15954): GC_CONCURRENT freed 2122K, 43% free 9603K/16616K, paused 1ms+1ms, total 5ms
02-03 12:43:52.281 D/dalvikvm(15954): GC_CONCURRENT freed 4788K, 47% free 8813K/16616K, paused 0ms+1ms, total 3ms
02-03 12:43:52.281 D/dalvikvm(15954): WAIT_FOR_CONCURRENT_GC blocked 2ms
02-03 12:43:52.281 D/dalvikvm(15954): GC_FOR_ALLOC freed 4015K, 49% free 8548K/16616K, paused 2ms, total 2ms
02-03 12:43:52.291 D/dalvikvm(15954): GC_FOR_ALLOC freed 3768K, 49% free 8550K/16616K, paused 3ms, total 3ms
02-03 12:43:52.291 D/dalvikvm(15954): GC_FOR_ALLOC freed 3787K, 49% free 8551K/16616K, paused 3ms, total 3ms
02-03 12:43:52.301 D/dalvikvm(15954): GC_FOR_ALLOC freed 3806K, 49% free 8552K/16616K, paused 2ms, total 2ms
02-03 12:43:52.301 D/dalvikvm(15954): GC_FOR_ALLOC freed 3825K, 49% free 8554K/16616K, paused 2ms, total 3ms
02-03 12:43:52.311 D/dalvikvm(15954): GC_FOR_ALLOC freed 3844K, 49% free 8555K/16616K, paused 3ms, total 3ms
02-03 12:43:52.311 D/dalvikvm(15954): GC_FOR_ALLOC freed 3863K, 49% free 8556K/16616K, paused 3ms, total 3ms
02-03 12:43:52.321 D/dalvikvm(15954): GC_FOR_ALLOC freed 3882K, 49% free 8558K/16616K, paused 2ms, total 2ms
02-03 12:43:52.321 D/dalvikvm(15954): GC_FOR_ALLOC freed 3900K, 49% free 8559K/16616K, paused 3ms, total 3ms
02-03 12:43:52.331 D/dalvikvm(15954): GC_FOR_ALLOC freed 3919K, 49% free 8560K/16616K, paused 3ms, total 3ms
02-03 12:43:52.331 D/dalvikvm(15954): GC_FOR_ALLOC freed 3938K, 49% free 8562K/16616K, paused 2ms, total 2ms
02-03 12:43:52.341 D/dalvikvm(15954): GC_FOR_ALLOC freed 3957K, 49% free 8563K/16616K, paused 3ms, total 3ms
02-03 12:43:52.351 D/dalvikvm(15954): GC_CONCURRENT freed 3692K, 47% free 8848K/16616K, paused 1ms+1ms, total 4ms
02-03 12:43:52.351 D/dalvikvm(15954): WAIT_FOR_CONCURRENT_GC blocked 3ms
02-03 12:43:52.351 D/dalvikvm(15954): GC_CONCURRENT freed 3993K, 47% free 8851K/16616K, paused 1ms+1ms, total 4ms
02-03 12:43:52.351 D/dalvikvm(15954): WAIT_FOR_CONCURRENT_GC blocked 3ms
02-03 12:43:52.361 D/dalvikvm(15954): GC_CONCURRENT freed 4012K, 47% free 8854K/16616K, paused 1ms+0ms, total 4ms
02-03 12:43:52.361 D/dalvikvm(15954): WAIT_FOR_CONCURRENT_GC blocked 3ms
02-03 12:43:52.361 D/dalvikvm(15954): GC_CONCURRENT freed 4031K, 47% free 8856K/16616K, paused 0ms+1ms, total 3ms
02-03 12:43:52.361 D/dalvikvm(15954): WAIT_FOR_CONCURRENT_GC blocked 3ms
02-03 12:43:52.371 D/dalvikvm(15954): GC_CONCURRENT freed 4050K, 47% free 8859K/16616K, paused 1ms+1ms, total 4ms
02-03 12:43:52.371 D/dalvikvm(15954): WAIT_FOR_CONCURRENT_GC blocked 3ms
02-03 12:43:52.381 D/dalvikvm(15954): GC_CONCURRENT freed 4068K, 47% free 8862K/16616K, paused 0ms+1ms, total 3ms
02-03 12:43:52.381 D/dalvikvm(15954): WAIT_FOR_CONCURRENT_GC blocked 3ms
02-03 12:43:52.381 D/dalvikvm(15954): GC_CONCURRENT freed 4087K, 47% free 8865K/16616K, paused 1ms+0ms, total 4ms
02-03 12:43:52.381 D/dalvikvm(15954): WAIT_FOR_CONCURRENT_GC blocked 3ms
02-03 12:43:52.391 D/dalvikvm(15954): GC_FOR_ALLOC freed 3664K, 46% free 9013K/16616K, paused 3ms, total 3ms
02-03 12:43:52.391 D/dalvikvm(15954): GC_FOR_ALLOC freed 4123K, 48% free 8722K/16616K, paused 3ms, total 3ms
02-03 12:43:52.401 D/dalvikvm(15954): GC_FOR_ALLOC freed 3845K, 49% free 8576K/16616K, paused 2ms, total 2ms
02-03 12:43:52.401 D/dalvikvm(15954): GC_FOR_ALLOC freed 3415K, 46% free 9022K/16616K, paused 3ms, total 3ms
02-03 12:43:52.411 D/dalvikvm(15954): GC_FOR_ALLOC freed 4174K, 48% free 8727K/16616K, paused 3ms, total 3ms
02-03 12:43:52.421 D/dalvikvm(15954): GC_FOR_ALLOC freed 3893K, 49% free 8580K/16616K, paused 3ms, total 3ms
02-03 12:43:52.421 D/dalvikvm(15954): GC_FOR_ALLOC freed 3457K, 46% free 9032K/16616K, paused 4ms, total 4ms
02-03 12:43:52.431 D/dalvikvm(15954): GC_FOR_ALLOC freed 4226K, 48% free 8733K/16616K, paused 3ms, total 3ms
02-03 12:43:52.441 D/dalvikvm(15954): GC_FOR_ALLOC freed 3941K, 49% free 8584K/16616K, paused 2ms, total 3ms
02-03 12:43:52.441 D/dalvikvm(15954): GC_FOR_ALLOC freed 3500K, 46% free 9041K/16616K, paused 4ms, total 5ms
02-03 12:43:52.461 W/BindingManager(18937): Cannot call determinedVisibility() - never saw a connection for the pid: 18937
02-03 12:43:52.461 D/dalvikvm(15954): GC_CONCURRENT freed 4278K, 48% free 8739K/16616K, paused 5ms+0ms, total 9ms
02-03 12:43:52.461 D/dalvikvm(15954): WAIT_FOR_CONCURRENT_GC blocked 4ms
02-03 12:43:52.471 D/dalvikvm(15954): GC_FOR_ALLOC freed 3990K, 49% free 8587K/16616K, paused 4ms, total 4ms
02-03 12:43:52.481 D/dalvikvm(15954): GC_CONCURRENT freed 3542K, 46% free 9050K/16616K, paused 1ms+1ms, total 5ms
02-03 12:43:52.481 I/chromium(18937): [INFO:CONSOLE(46)] "Uncaught ReferenceError: SharedWorker is not defined", source: app://org.xwalk.webapi_noneservice_tests//opt/tct-workers-w3c-tests/workers/SharedWorkerNavigator_userAgent.html (46)
02-03 12:43:52.491 D/dalvikvm(15954): GC_CONCURRENT freed 4329K, 48% free 8744K/16616K, paused 1ms+1ms, total 4ms
02-03 12:43:52.491 D/dalvikvm(15954): GC_FOR_ALLOC freed 4038K, 49% free 8591K/16616K, paused 3ms, total 3ms
02-03 12:43:52.511 D/dalvikvm(15954): GC_CONCURRENT freed 3585K, 46% free 9059K/16616K, paused 1ms+6ms, total 10ms
02-03 12:43:52.511 D/dalvikvm(15954): WAIT_FOR_CONCURRENT_GC blocked 8ms
02-03 12:43:52.521 D/dalvikvm(15954): GC_CONCURRENT freed 4381K, 48% free 8750K/16616K, paused 1ms+0ms, total 7ms
02-03 12:43:52.521 D/dalvikvm(15954): WAIT_FOR_CONCURRENT_GC blocked 5ms
02-03 12:43:52.521 D/dalvikvm(15954): GC_FOR_ALLOC freed 4086K, 49% free 8595K/16616K, paused 3ms, total 3ms
02-03 12:43:52.531 D/dalvikvm(15954): GC_FOR_ALLOC freed 3627K, 48% free 8753K/16616K, paused 3ms, total 3ms
02-03 12:43:52.531 D/dalvikvm(15954): GC_FOR_ALLOC freed 4116K, 49% free 8597K/16616K, paused 3ms, total 3ms
02-03 12:43:52.541 D/dalvikvm(15954): GC_FOR_ALLOC freed 3654K, 48% free 8756K/16616K, paused 3ms, total 3ms
02-03 12:43:52.551 D/dalvikvm(15954): GC_CONCURRENT freed 3828K, 47% free 8918K/16616K, paused 1ms+1ms, total 4ms
02-03 12:43:52.551 D/dalvikvm(15954): WAIT_FOR_CONCURRENT_GC blocked 2ms
02-03 12:43:52.551 D/dalvikvm(15954): GC_FOR_ALLOC freed 4001K, 48% free 8760K/16616K, paused 3ms, total 3ms
02-03 12:43:52.561 D/dalvikvm(15954): GC_CONCURRENT freed 3858K, 47% free 8923K/16616K, paused 2ms+1ms, total 5ms
02-03 12:43:52.561 D/dalvikvm(15954): WAIT_FOR_CONCURRENT_GC blocked 3ms
02-03 12:43:52.561 D/dalvikvm(15954): GC_FOR_ALLOC freed 4031K, 48% free 8764K/16616K, paused 2ms, total 2ms
02-03 12:43:52.571 D/dalvikvm(15954): GC_CONCURRENT freed 3887K, 47% free 8928K/16616K, paused 1ms+1ms, total 3ms
02-03 12:43:52.571 D/dalvikvm(15954): WAIT_FOR_CONCURRENT_GC blocked 3ms
02-03 12:43:52.581 D/dalvikvm(15954): GC_FOR_ALLOC freed 4061K, 48% free 8767K/16616K, paused 3ms, total 3ms
02-03 12:43:52.581 D/dalvikvm(15954): GC_CONCURRENT freed 3916K, 47% free 8933K/16616K, paused 1ms+1ms, total 3ms
02-03 12:43:52.581 D/dalvikvm(15954): WAIT_FOR_CONCURRENT_GC blocked 3ms
02-03 12:43:52.591 D/dalvikvm(15954): GC_FOR_ALLOC freed 4094K, 48% free 8771K/16616K, paused 3ms, total 3ms
02-03 12:43:52.591 D/dalvikvm(15954): GC_FOR_ALLOC freed 3452K, 46% free 9102K/16616K, paused 3ms, total 3ms
02-03 12:43:52.601 D/dalvikvm(15954): GC_FOR_ALLOC freed 4290K, 49% free 8610K/16616K, paused 3ms, total 3ms
02-03 12:43:52.601 D/dalvikvm(15954): GC_CONCURRENT freed 3808K, 48% free 8776K/16616K, paused 1ms+0ms, total 4ms
02-03 12:43:52.601 D/dalvikvm(15954): WAIT_FOR_CONCURRENT_GC blocked 3ms
02-03 12:43:52.611 D/dalvikvm(15954): GC_FOR_ALLOC freed 3487K, 46% free 9110K/16616K, paused 2ms, total 2ms
02-03 12:43:52.621 D/dalvikvm(15954): GC_FOR_ALLOC freed 4331K, 49% free 8613K/16616K, paused 3ms, total 3ms
02-03 12:43:52.621 D/dalvikvm(15954): GC_CONCURRENT freed 3842K, 48% free 8781K/16616K, paused 0ms+1ms, total 3ms
02-03 12:43:52.621 D/dalvikvm(15954): WAIT_FOR_CONCURRENT_GC blocked 3ms
02-03 12:43:52.631 D/dalvikvm(15954): GC_FOR_ALLOC freed 3519K, 46% free 9117K/16616K, paused 2ms, total 2ms
02-03 12:43:52.631 D/dalvikvm(15954): GC_FOR_ALLOC freed 4370K, 49% free 8616K/16616K, paused 3ms, total 3ms
02-03 12:43:52.641 D/dalvikvm(15954): GC_CONCURRENT freed 3876K, 48% free 8786K/16616K, paused 0ms+1ms, total 3ms
02-03 12:43:52.641 D/dalvikvm(15954): WAIT_FOR_CONCURRENT_GC blocked 3ms
02-03 12:43:52.641 D/dalvikvm(15954): GC_FOR_ALLOC freed 3552K, 46% free 9125K/16616K, paused 2ms, total 2ms
02-03 12:43:52.651 D/dalvikvm(15954): GC_FOR_ALLOC freed 4237K, 49% free 8628K/16616K, paused 3ms, total 3ms
02-03 12:43:52.661 D/dalvikvm(15954): GC_FOR_ALLOC freed 3749K, 49% free 8628K/16616K, paused 3ms, total 3ms
02-03 12:43:52.661 W/System.err(15954): java.lang.ArrayIndexOutOfBoundsException: length=183410; index=-32768
02-03 12:43:52.661 W/System.err(15954): 	at com.googlehelp.service.l.a(Unknown Source)
02-03 12:43:52.661 W/System.err(15954): 	at com.googlehelp.service.l.a(Unknown Source)
02-03 12:43:52.661 W/System.err(15954): 	at com.googlehelp.service.l.a(Unknown Source)
02-03 12:43:52.661 W/System.err(15954): 	at com.googlehelp.service.h.a(Unknown Source)
02-03 12:43:52.661 W/System.err(15954): 	at com.googlehelp.service.h.run(Unknown Source)
02-03 12:43:52.661 W/System.err(15954): 	at java.util.Timer$TimerImpl.run(Timer.java:284)
02-03 12:43:52.681 D/dalvikvm(15954): GC_FOR_ALLOC freed 3948K, 49% free 8628K/16616K, paused 3ms, total 3ms
02-03 12:43:52.741 D/dalvikvm(15954): GC_CONCURRENT freed 3767K, 47% free 8957K/16616K, paused 0ms+1ms, total 6ms
02-03 12:43:52.741 D/dalvikvm(15954): WAIT_FOR_CONCURRENT_GC blocked 6ms
02-03 12:43:52.751 D/dalvikvm(15954): GC_CONCURRENT freed 4073K, 47% free 8939K/16616K, paused 0ms+1ms, total 5ms
02-03 12:43:52.751 D/dalvikvm(15954): WAIT_FOR_CONCURRENT_GC blocked 4ms
02-03 12:43:52.751 D/dalvikvm(15954): GC_CONCURRENT freed 4006K, 46% free 8982K/16616K, paused 0ms+1ms, total 4ms
02-03 12:43:52.751 D/dalvikvm(15954): WAIT_FOR_CONCURRENT_GC blocked 4ms
02-03 12:43:52.761 D/dalvikvm(15954): GC_CONCURRENT freed 4018K, 46% free 9014K/16616K, paused 0ms+1ms, total 4ms
02-03 12:43:52.761 D/dalvikvm(15954): WAIT_FOR_CONCURRENT_GC blocked 4ms
02-03 12:43:52.771 D/dalvikvm(15954): GC_CONCURRENT freed 4007K, 46% free 9082K/16616K, paused 0ms+1ms, total 4ms
02-03 12:43:52.771 D/dalvikvm(15954): WAIT_FOR_CONCURRENT_GC blocked 3ms
02-03 12:43:52.781 D/dalvikvm(15954): GC_FOR_ALLOC freed 4162K, 47% free 8938K/16616K, paused 4ms, total 4ms
02-03 12:43:52.781 D/dalvikvm(15954): GC_CONCURRENT freed 3891K, 46% free 9131K/16616K, paused 1ms+1ms, total 6ms
02-03 12:43:52.781 D/dalvikvm(15954): WAIT_FOR_CONCURRENT_GC blocked 1ms
02-03 12:43:52.791 D/dalvikvm(15954): GC_CONCURRENT freed 4169K, 46% free 9041K/16616K, paused 1ms+1ms, total 5ms
02-03 12:43:52.791 D/dalvikvm(15954): WAIT_FOR_CONCURRENT_GC blocked 4ms
02-03 12:43:52.801 D/dalvikvm(15954): GC_CONCURRENT freed 4126K, 46% free 9003K/16616K, paused 0ms+1ms, total 4ms
02-03 12:43:52.801 D/dalvikvm(15954): WAIT_FOR_CONCURRENT_GC blocked 4ms
02-03 12:43:52.811 D/dalvikvm(15954): GC_FOR_ALLOC freed 4134K, 47% free 8962K/16616K, paused 4ms, total 4ms
02-03 12:43:52.811 D/dalvikvm(15954): GC_CONCURRENT freed 3646K, 44% free 9378K/16616K, paused 0ms+1ms, total 5ms
02-03 12:43:52.811 D/dalvikvm(15954): WAIT_FOR_CONCURRENT_GC blocked 1ms
02-03 12:43:52.821 D/dalvikvm(15954): GC_FOR_ALLOC freed 4316K, 46% free 9096K/16616K, paused 4ms, total 4ms
02-03 12:43:52.821 D/dalvikvm(15954): GC_CONCURRENT freed 3796K, 45% free 9276K/16616K, paused 1ms+1ms, total 6ms
02-03 12:43:52.821 D/dalvikvm(15954): WAIT_FOR_CONCURRENT_GC blocked 1ms
02-03 12:43:52.831 D/dalvikvm(15954): GC_FOR_ALLOC freed 4350K, 47% free 8961K/16616K, paused 4ms, total 4ms
02-03 12:43:52.841 D/dalvikvm(15954): GC_FOR_ALLOC freed 3932K, 46% free 9042K/16616K, paused 4ms, total 4ms
02-03 12:43:52.851 D/dalvikvm(15954): GC_FOR_ALLOC freed 3961K, 45% free 9147K/16616K, paused 4ms, total 4ms
02-03 12:43:52.851 D/dalvikvm(15954): GC_CONCURRENT freed 3724K, 43% free 9515K/16616K, paused 1ms+1ms, total 6ms
02-03 12:43:52.851 D/dalvikvm(15954): WAIT_FOR_CONCURRENT_GC blocked 2ms
02-03 12:43:52.861 D/dalvikvm(15954): GC_FOR_ALLOC freed 4468K, 46% free 8990K/16616K, paused 3ms, total 4ms
02-03 12:43:52.861 D/dalvikvm(15954): GC_FOR_ALLOC freed 3939K, 46% free 8989K/16616K, paused 4ms, total 4ms
02-03 12:43:52.871 D/dalvikvm(15954): GC_CONCURRENT freed 3923K, 46% free 9109K/16616K, paused 1ms+1ms, total 4ms
02-03 12:43:52.871 D/dalvikvm(15954): WAIT_FOR_CONCURRENT_GC blocked 4ms
02-03 12:43:52.881 D/dalvikvm(15954): GC_FOR_ALLOC freed 3965K, 45% free 9169K/16616K, paused 4ms, total 4ms
02-03 12:43:52.881 D/dalvikvm(15954): GC_CONCURRENT freed 3825K, 45% free 9288K/16616K, paused 1ms+1ms, total 6ms
02-03 12:43:52.881 D/dalvikvm(15954): WAIT_FOR_CONCURRENT_GC blocked 1ms
02-03 12:43:52.891 D/dalvikvm(15954): GC_FOR_ALLOC freed 4331K, 46% free 9050K/16616K, paused 4ms, total 4ms
02-03 12:43:52.901 D/dalvikvm(15954): GC_CONCURRENT freed 3683K, 44% free 9395K/16616K, paused 1ms+1ms, total 6ms
02-03 12:43:52.901 D/dalvikvm(15954): WAIT_FOR_CONCURRENT_GC blocked 2ms
02-03 12:43:52.901 D/dalvikvm(15954): GC_FOR_ALLOC freed 4392K, 46% free 9083K/16616K, paused 4ms, total 4ms
02-03 12:43:52.911 D/dalvikvm(15954): GC_CONCURRENT freed 3573K, 43% free 9475K/16616K, paused 0ms+1ms, total 5ms
02-03 12:43:52.911 D/dalvikvm(15954): WAIT_FOR_CONCURRENT_GC blocked 2ms
02-03 12:43:52.921 D/dalvikvm(15954): GC_FOR_ALLOC freed 4364K, 46% free 9082K/16616K, paused 4ms, total 4ms
02-03 12:43:52.921 D/dalvikvm(15954): GC_CONCURRENT freed 3366K, 42% free 9693K/16616K, paused 0ms+1ms, total 5ms
02-03 12:43:52.931 D/dalvikvm(15954): GC_CONCURRENT freed 4589K, 45% free 9156K/16616K, paused 1ms+1ms, total 5ms
02-03 12:43:52.931 D/dalvikvm(15954): WAIT_FOR_CONCURRENT_GC blocked 4ms
02-03 12:43:52.941 D/dalvikvm(15954): GC_CONCURRENT freed 3973K, 45% free 9161K/16616K, paused 0ms+1ms, total 4ms
02-03 12:43:52.941 D/dalvikvm(15954): WAIT_FOR_CONCURRENT_GC blocked 4ms
02-03 12:43:52.951 D/dalvikvm(15954): GC_CONCURRENT freed 4040K, 45% free 9166K/16616K, paused 0ms+1ms, total 4ms
02-03 12:43:52.951 D/dalvikvm(15954): WAIT_FOR_CONCURRENT_GC blocked 3ms
02-03 12:43:52.951 D/dalvikvm(15954): GC_FOR_ALLOC freed 3889K, 45% free 9239K/16616K, paused 4ms, total 4ms
02-03 12:43:52.961 D/dalvikvm(15954): GC_FOR_ALLOC freed 4175K, 46% free 9092K/16616K, paused 3ms, total 3ms
02-03 12:43:52.961 D/dalvikvm(15954): GC_CONCURRENT freed 3716K, 44% free 9390K/16616K, paused 0ms+1ms, total 5ms
02-03 12:43:52.961 D/dalvikvm(15954): WAIT_FOR_CONCURRENT_GC blocked 1ms
02-03 12:43:52.971 D/dalvikvm(15954): GC_FOR_ALLOC freed 4293K, 46% free 9122K/16616K, paused 4ms, total 4ms
02-03 12:43:52.981 D/dalvikvm(15954): GC_CONCURRENT freed 3433K, 42% free 9663K/16616K, paused 1ms+1ms, total 6ms
02-03 12:43:52.981 D/dalvikvm(15954): WAIT_FOR_CONCURRENT_GC blocked 2ms
02-03 12:43:52.981 D/dalvikvm(15954): GC_CONCURRENT freed 4489K, 45% free 9205K/16616K, paused 0ms+1ms, total 4ms
02-03 12:43:52.981 D/dalvikvm(15954): WAIT_FOR_CONCURRENT_GC blocked 4ms
02-03 12:43:52.991 D/dalvikvm(15954): GC_FOR_ALLOC freed 4086K, 46% free 9045K/16616K, paused 4ms, total 4ms
02-03 12:43:53.001 D/dalvikvm(15954): GC_CONCURRENT freed 3815K, 45% free 9210K/16616K, paused 0ms+1ms, total 4ms
02-03 12:43:53.001 D/dalvikvm(15954): WAIT_FOR_CONCURRENT_GC blocked 4ms
02-03 12:43:53.011 D/dalvikvm(15954): GC_CONCURRENT freed 4030K, 45% free 9214K/16616K, paused 0ms+1ms, total 4ms
02-03 12:43:53.011 D/dalvikvm(15954): WAIT_FOR_CONCURRENT_GC blocked 4ms
02-03 12:43:53.011 D/dalvikvm(15954): GC_CONCURRENT freed 4084K, 45% free 9218K/16616K, paused 0ms+1ms, total 4ms
02-03 12:43:53.011 D/dalvikvm(15954): WAIT_FOR_CONCURRENT_GC blocked 3ms
02-03 12:43:53.021 D/dalvikvm(15954): GC_FOR_ALLOC freed 3886K, 45% free 9302K/16616K, paused 4ms, total 4ms
02-03 12:43:53.031 D/dalvikvm(15954): GC_CONCURRENT freed 3597K, 42% free 9725K/16616K, paused 1ms+1ms, total 6ms
02-03 12:43:53.031 D/dalvikvm(15954): WAIT_FOR_CONCURRENT_GC blocked 2ms
02-03 12:43:53.031 D/dalvikvm(15954): GC_CONCURRENT freed 4482K, 45% free 9223K/16616K, paused 0ms+1ms, total 4ms
02-03 12:43:53.031 D/dalvikvm(15954): WAIT_FOR_CONCURRENT_GC blocked 3ms
02-03 12:43:53.041 D/dalvikvm(15954): GC_FOR_ALLOC freed 4023K, 46% free 9134K/16616K, paused 4ms, total 4ms
02-03 12:43:53.051 D/dalvikvm(15954): GC_CONCURRENT freed 3977K, 45% free 9226K/16616K, paused 0ms+1ms, total 4ms
02-03 12:43:53.051 D/dalvikvm(15954): WAIT_FOR_CONCURRENT_GC blocked 4ms
02-03 12:43:53.051 D/dalvikvm(15954): GC_FOR_ALLOC freed 4113K, 46% free 9136K/16616K, paused 4ms, total 4ms
02-03 12:43:53.061 D/dalvikvm(15954): GC_CONCURRENT freed 3344K, 42% free 9767K/16616K, paused 0ms+1ms, total 5ms
02-03 12:43:53.061 D/dalvikvm(15954): WAIT_FOR_CONCURRENT_GC blocked 2ms
02-03 12:43:53.071 D/dalvikvm(15954): GC_CONCURRENT freed 4552K, 45% free 9234K/16616K, paused 1ms+1ms, total 5ms
02-03 12:43:53.071 D/dalvikvm(15954): WAIT_FOR_CONCURRENT_GC blocked 4ms
02-03 12:43:53.071 D/dalvikvm(15954): GC_FOR_ALLOC freed 4059K, 46% free 9049K/16616K, paused 4ms, total 4ms
02-03 12:43:53.081 D/dalvikvm(15954): GC_FOR_ALLOC freed 3909K, 46% free 9050K/16616K, paused 4ms, total 4ms
02-03 12:43:53.091 D/dalvikvm(15954): GC_FOR_ALLOC freed 3947K, 46% free 9052K/16616K, paused 4ms, total 4ms
02-03 12:43:53.091 D/dalvikvm(15954): GC_CONCURRENT freed 3794K, 45% free 9244K/16616K, paused 0ms+1ms, total 4ms
02-03 12:43:53.091 D/dalvikvm(15954): WAIT_FOR_CONCURRENT_GC blocked 3ms
02-03 12:43:53.101 D/dalvikvm(15954): GC_CONCURRENT freed 4021K, 45% free 9279K/16616K, paused 1ms+0ms, total 5ms
02-03 12:43:53.101 D/dalvikvm(15954): WAIT_FOR_CONCURRENT_GC blocked 4ms
02-03 12:43:53.111 D/dalvikvm(15954): GC_CONCURRENT freed 4058K, 45% free 9283K/16616K, paused 1ms+1ms, total 5ms
02-03 12:43:53.111 D/dalvikvm(15954): WAIT_FOR_CONCURRENT_GC blocked 4ms
02-03 12:43:53.111 D/dalvikvm(15954): GC_FOR_ALLOC freed 3805K, 44% free 9379K/16616K, paused 3ms, total 3ms
02-03 12:43:53.121 D/dalvikvm(15954): GC_FOR_ALLOC freed 4130K, 45% free 9187K/16616K, paused 4ms, total 4ms
02-03 12:43:53.131 D/dalvikvm(15954): GC_FOR_ALLOC freed 3969K, 46% free 9091K/16616K, paused 4ms, total 4ms
02-03 12:43:53.131 D/dalvikvm(15954): GC_FOR_ALLOC freed 3701K, 44% free 9392K/16616K, paused 4ms, total 4ms
02-03 12:43:53.141 D/dalvikvm(15954): GC_CONCURRENT freed 3535K, 41% free 9896K/16616K, paused 1ms+1ms, total 6ms
02-03 12:43:53.141 D/dalvikvm(15954): WAIT_FOR_CONCURRENT_GC blocked 2ms
02-03 12:43:53.151 D/dalvikvm(15954): GC_CONCURRENT freed 4569K, 45% free 9300K/16616K, paused 1ms+1ms, total 5ms
02-03 12:43:53.151 D/dalvikvm(15954): WAIT_FOR_CONCURRENT_GC blocked 4ms
02-03 12:43:53.151 D/dalvikvm(15954): GC_FOR_ALLOC freed 4001K, 45% free 9200K/16616K, paused 4ms, total 4ms
02-03 12:43:53.161 D/dalvikvm(15954): GC_CONCURRENT freed 3932K, 44% free 9306K/16616K, paused 1ms+1ms, total 5ms
02-03 12:43:53.161 D/dalvikvm(15954): WAIT_FOR_CONCURRENT_GC blocked 4ms
02-03 12:43:53.171 D/dalvikvm(15954): GC_FOR_ALLOC freed 4067K, 45% free 9205K/16616K, paused 4ms, total 4ms
02-03 12:43:53.171 D/dalvikvm(15954): GC_FOR_ALLOC freed 3681K, 44% free 9418K/16616K, paused 4ms, total 4ms
02-03 12:43:53.181 D/dalvikvm(15954): GC_FOR_ALLOC freed 4240K, 46% free 9104K/16616K, paused 4ms, total 4ms
02-03 12:43:53.191 D/dalvikvm(15954): GC_FOR_ALLOC freed 3952K, 45% free 9212K/16616K, paused 4ms, total 4ms
02-03 12:43:53.191 D/dalvikvm(15954): GC_CONCURRENT freed 3231K, 41% free 9964K/16616K, paused 1ms+0ms, total 6ms
02-03 12:43:53.191 D/dalvikvm(15954): WAIT_FOR_CONCURRENT_GC blocked 2ms
02-03 12:43:53.201 D/dalvikvm(15954): GC_CONCURRENT freed 4653K, 44% free 9326K/16616K, paused 1ms+1ms, total 5ms
02-03 12:43:53.201 D/dalvikvm(15954): WAIT_FOR_CONCURRENT_GC blocked 4ms
02-03 12:43:53.211 D/dalvikvm(15954): GC_FOR_ALLOC freed 4039K, 46% free 9110K/16616K, paused 4ms, total 4ms
02-03 12:43:53.211 D/dalvikvm(15954): GC_FOR_ALLOC freed 3848K, 46% free 9112K/16616K, paused 4ms, total 4ms
02-03 12:43:53.221 D/dalvikvm(15954): GC_FOR_ALLOC freed 3874K, 46% free 9113K/16616K, paused 4ms, total 4ms
02-03 12:43:53.221 D/dalvikvm(15954): GC_FOR_ALLOC freed 3900K, 46% free 9115K/16616K, paused 3ms, total 3ms
02-03 12:43:53.231 D/dalvikvm(15954): GC_FOR_ALLOC freed 3926K, 46% free 9116K/16616K, paused 4ms, total 4ms
02-03 12:43:53.241 D/dalvikvm(15954): GC_FOR_ALLOC freed 3952K, 46% free 9118K/16616K, paused 4ms, total 4ms
02-03 12:43:53.241 D/dalvikvm(15954): GC_CONCURRENT freed 3751K, 44% free 9347K/16616K, paused 1ms+1ms, total 4ms
02-03 12:43:53.251 D/dalvikvm(15954): WAIT_FOR_CONCURRENT_GC blocked 4ms
02-03 12:43:53.251 D/dalvikvm(15954): GC_CONCURRENT freed 4003K, 44% free 9350K/16616K, paused 1ms+0ms, total 5ms
02-03 12:43:53.251 D/dalvikvm(15954): WAIT_FOR_CONCURRENT_GC blocked 4ms
02-03 12:43:53.261 D/dalvikvm(15954): GC_CONCURRENT freed 4029K, 44% free 9353K/16616K, paused 0ms+1ms, total 4ms
02-03 12:43:53.261 D/dalvikvm(15954): WAIT_FOR_CONCURRENT_GC blocked 4ms
02-03 12:43:53.271 D/dalvikvm(15954): GC_CONCURRENT freed 4055K, 44% free 9356K/16616K, paused 1ms+0ms, total 5ms
02-03 12:43:53.271 D/dalvikvm(15954): WAIT_FOR_CONCURRENT_GC blocked 4ms
02-03 12:43:53.271 D/dalvikvm(15954): GC_CONCURRENT freed 4084K, 44% free 9360K/16616K, paused 0ms+1ms, total 4ms
02-03 12:43:53.271 D/dalvikvm(15954): WAIT_FOR_CONCURRENT_GC blocked 4ms
02-03 12:43:53.281 D/dalvikvm(15954): GC_FOR_ALLOC freed 3759K, 43% free 9479K/16616K, paused 4ms, total 4ms
02-03 12:43:53.291 D/dalvikvm(15954): GC_FOR_ALLOC freed 4140K, 45% free 9247K/16616K, paused 4ms, total 4ms
02-03 12:43:53.291 D/dalvikvm(15954): GC_FOR_ALLOC freed 3931K, 46% free 9130K/16616K, paused 3ms, total 3ms
02-03 12:43:53.301 D/dalvikvm(15954): GC_FOR_ALLOC freed 3596K, 43% free 9491K/16616K, paused 4ms, total 4ms
02-03 12:43:53.311 D/dalvikvm(15954): GC_FOR_ALLOC freed 4223K, 45% free 9254K/16616K, paused 4ms, total 4ms
02-03 12:43:53.311 D/dalvikvm(15954): GC_CONCURRENT freed 3405K, 42% free 9739K/16616K, paused 1ms+1ms, total 6ms
02-03 12:43:53.311 D/dalvikvm(15954): WAIT_FOR_CONCURRENT_GC blocked 2ms
02-03 12:43:53.321 D/dalvikvm(15954): GC_FOR_ALLOC freed 4270K, 43% free 9503K/16616K, paused 4ms, total 4ms
02-03 12:43:53.331 D/dalvikvm(15954): GC_CONCURRENT freed 3448K, 40% free 10117K/16616K, paused 1ms+1ms, total 6ms
02-03 12:43:53.331 D/dalvikvm(15954): WAIT_FOR_CONCURRENT_GC blocked 2ms
02-03 12:43:53.331 D/dalvikvm(15954): GC_FOR_ALLOC freed 4322K, 43% free 9511K/16616K, paused 4ms, total 4ms
02-03 12:43:53.341 D/dalvikvm(15954): GC_FOR_ALLOC freed 4109K, 45% free 9141K/16616K, paused 4ms, total 4ms
02-03 12:43:53.341 D/dalvikvm(15954): GC_FOR_ALLOC freed 3757K, 45% free 9267K/16616K, paused 4ms, total 4ms
02-03 12:43:53.351 D/dalvikvm(15954): GC_CONCURRENT freed 3906K, 44% free 9396K/16616K, paused 0ms+1ms, total 4ms
02-03 12:43:53.351 D/dalvikvm(15954): WAIT_FOR_CONCURRENT_GC blocked 4ms
02-03 12:43:53.361 D/dalvikvm(15954): GC_FOR_ALLOC freed 4055K, 45% free 9272K/16616K, paused 4ms, total 4ms
02-03 12:43:53.371 D/dalvikvm(15954): GC_CONCURRENT freed 3953K, 44% free 9402K/16616K, paused 1ms+0ms, total 5ms
02-03 12:43:53.371 D/dalvikvm(15954): WAIT_FOR_CONCURRENT_GC blocked 4ms
02-03 12:43:53.371 D/dalvikvm(15954): GC_FOR_ALLOC freed 4102K, 45% free 9276K/16616K, paused 4ms, total 4ms
02-03 12:43:53.381 D/dalvikvm(15954): GC_CONCURRENT freed 2969K, 39% free 10178K/16616K, paused 0ms+0ms, total 6ms
02-03 12:43:53.381 D/dalvikvm(15954): WAIT_FOR_CONCURRENT_GC blocked 2ms
02-03 12:43:53.391 D/dalvikvm(15954): GC_FOR_ALLOC freed 4921K, 45% free 9151K/16616K, paused 3ms, total 4ms
02-03 12:43:53.391 D/dalvikvm(15954): GC_FOR_ALLOC freed 3912K, 45% free 9283K/16616K, paused 4ms, total 4ms
02-03 12:43:53.401 D/dalvikvm(15954): GC_CONCURRENT freed 3018K, 39% free 10200K/16616K, paused 1ms+1ms, total 6ms
02-03 12:43:53.401 D/dalvikvm(15954): WAIT_FOR_CONCURRENT_GC blocked 3ms
02-03 12:43:53.401 D/dalvikvm(15954): GC_FOR_ALLOC freed 5003K, 45% free 9156K/16616K, paused 4ms, total 4ms
02-03 12:43:53.411 D/dalvikvm(15954): GC_FOR_ALLOC freed 3711K, 45% free 9157K/16616K, paused 4ms, total 4ms
02-03 12:43:53.421 D/dalvikvm(15954): GC_FOR_ALLOC freed 3730K, 45% free 9158K/16616K, paused 3ms, total 3ms
02-03 12:43:53.421 D/dalvikvm(15954): GC_FOR_ALLOC freed 3749K, 45% free 9160K/16616K, paused 4ms, total 4ms
02-03 12:43:53.431 D/dalvikvm(15954): GC_FOR_ALLOC freed 3768K, 45% free 9161K/16616K, paused 4ms, total 4ms
02-03 12:43:53.441 D/dalvikvm(15954): GC_FOR_ALLOC freed 3787K, 45% free 9163K/16616K, paused 4ms, total 5ms
02-03 12:43:53.441 D/dalvikvm(15954): GC_FOR_ALLOC freed 3806K, 45% free 9164K/16616K, paused 4ms, total 4ms
02-03 12:43:53.451 D/dalvikvm(15954): GC_FOR_ALLOC freed 3825K, 45% free 9165K/16616K, paused 4ms, total 4ms
02-03 12:43:53.451 D/dalvikvm(15954): GC_FOR_ALLOC freed 3844K, 45% free 9167K/16616K, paused 4ms, total 4ms
02-03 12:43:53.461 D/dalvikvm(15954): GC_FOR_ALLOC freed 3863K, 45% free 9168K/16616K, paused 4ms, total 4ms
02-03 12:43:53.471 D/dalvikvm(15954): GC_FOR_ALLOC freed 3882K, 45% free 9169K/16616K, paused 4ms, total 4ms
02-03 12:43:53.471 D/dalvikvm(15954): GC_FOR_ALLOC freed 3900K, 45% free 9171K/16616K, paused 4ms, total 4ms
02-03 12:43:53.481 D/dalvikvm(15954): GC_FOR_ALLOC freed 3919K, 45% free 9172K/16616K, paused 4ms, total 4ms
02-03 12:43:53.491 D/dalvikvm(15954): GC_FOR_ALLOC freed 3938K, 45% free 9173K/16616K, paused 4ms, total 4ms
02-03 12:43:53.491 D/dalvikvm(15954): GC_FOR_ALLOC freed 3957K, 45% free 9175K/16616K, paused 3ms, total 3ms
02-03 12:43:53.501 D/dalvikvm(15954): GC_CONCURRENT freed 3692K, 44% free 9460K/16616K, paused 1ms+1ms, total 4ms
02-03 12:43:53.501 D/dalvikvm(15954): WAIT_FOR_CONCURRENT_GC blocked 4ms
02-03 12:43:53.511 D/dalvikvm(15954): GC_CONCURRENT freed 3993K, 44% free 9463K/16616K, paused 1ms+1ms, total 4ms
02-03 12:43:53.511 D/dalvikvm(15954): WAIT_FOR_CONCURRENT_GC blocked 4ms
02-03 12:43:53.511 D/dalvikvm(15954): GC_CONCURRENT freed 4012K, 44% free 9465K/16616K, paused 1ms+0ms, total 5ms
02-03 12:43:53.511 D/dalvikvm(15954): WAIT_FOR_CONCURRENT_GC blocked 4ms
02-03 12:43:53.521 D/dalvikvm(15954): GC_CONCURRENT freed 4031K, 44% free 9468K/16616K, paused 1ms+1ms, total 5ms
02-03 12:43:53.521 D/dalvikvm(15954): WAIT_FOR_CONCURRENT_GC blocked 4ms
02-03 12:43:53.531 D/dalvikvm(15954): GC_CONCURRENT freed 4050K, 43% free 9471K/16616K, paused 1ms+1ms, total 5ms
02-03 12:43:53.531 D/dalvikvm(15954): WAIT_FOR_CONCURRENT_GC blocked 4ms
02-03 12:43:53.541 D/dalvikvm(15954): GC_CONCURRENT freed 4068K, 43% free 9473K/16616K, paused 0ms+1ms, total 4ms
02-03 12:43:53.541 D/dalvikvm(15954): WAIT_FOR_CONCURRENT_GC blocked 4ms
02-03 12:43:53.541 D/dalvikvm(15954): GC_CONCURRENT freed 4087K, 43% free 9476K/16616K, paused 1ms+1ms, total 5ms
02-03 12:43:53.541 D/dalvikvm(15954): WAIT_FOR_CONCURRENT_GC blocked 4ms
02-03 12:43:53.551 D/dalvikvm(15954): GC_FOR_ALLOC freed 3664K, 43% free 9625K/16616K, paused 4ms, total 4ms
02-03 12:43:53.561 D/dalvikvm(15954): GC_FOR_ALLOC freed 4123K, 44% free 9333K/16616K, paused 4ms, total 4ms
02-03 12:43:53.561 D/dalvikvm(15954): GC_FOR_ALLOC freed 3845K, 45% free 9188K/16616K, paused 4ms, total 4ms
02-03 12:43:53.571 D/dalvikvm(15954): GC_FOR_ALLOC freed 3415K, 43% free 9634K/16616K, paused 4ms, total 4ms
02-03 12:43:53.571 D/dalvikvm(15954): GC_FOR_ALLOC freed 4174K, 44% free 9339K/16616K, paused 4ms, total 4ms
02-03 12:43:53.581 D/dalvikvm(15954): GC_FOR_ALLOC freed 3893K, 45% free 9191K/16616K, paused 3ms, total 3ms
02-03 12:43:53.591 D/dalvikvm(15954): GC_FOR_ALLOC freed 3457K, 42% free 9643K/16616K, paused 4ms, total 4ms
02-03 12:43:53.591 D/dalvikvm(15954): GC_FOR_ALLOC freed 4226K, 44% free 9344K/16616K, paused 4ms, total 4ms
02-03 12:43:53.601 D/dalvikvm(15954): GC_FOR_ALLOC freed 3941K, 45% free 9195K/16616K, paused 3ms, total 3ms
02-03 12:43:53.611 D/dalvikvm(15954): GC_FOR_ALLOC freed 3500K, 42% free 9652K/16616K, paused 4ms, total 4ms
02-03 12:43:53.611 D/dalvikvm(15954): GC_FOR_ALLOC freed 4278K, 44% free 9350K/16616K, paused 4ms, total 4ms
02-03 12:43:53.621 D/dalvikvm(15954): GC_CONCURRENT freed 3225K, 41% free 9963K/16616K, paused 1ms+0ms, total 7ms
02-03 12:43:53.621 D/dalvikvm(15954): WAIT_FOR_CONCURRENT_GC blocked 2ms
02-03 12:43:53.631 D/dalvikvm(15954): GC_FOR_ALLOC freed 4306K, 42% free 9662K/16616K, paused 3ms, total 3ms
02-03 12:43:53.631 D/dalvikvm(15954): GC_CONCURRENT freed 3251K, 38% free 10434K/16616K, paused 0ms+0ms, total 6ms
02-03 12:43:53.631 D/dalvikvm(15954): WAIT_FOR_CONCURRENT_GC blocked 2ms
02-03 12:43:53.641 D/dalvikvm(15954): GC_FOR_ALLOC freed 4338K, 44% free 9357K/16616K, paused 4ms, total 4ms
02-03 12:43:53.641 D/dalvikvm(15954): GC_FOR_ALLOC freed 4051K, 45% free 9204K/16616K, paused 3ms, total 3ms
02-03 12:43:53.651 D/dalvikvm(15954): GC_FOR_ALLOC freed 3596K, 42% free 9673K/16616K, paused 4ms, total 4ms
02-03 12:43:53.661 D/dalvikvm(15954): GC_CONCURRENT freed 3300K, 38% free 10458K/16616K, paused 1ms+1ms, total 6ms
02-03 12:43:53.661 D/dalvikvm(15954): WAIT_FOR_CONCURRENT_GC blocked 2ms
02-03 12:43:53.661 D/dalvikvm(15954): GC_FOR_ALLOC freed 4089K, 45% free 9207K/16616K, paused 3ms, total 3ms
02-03 12:43:53.671 D/dalvikvm(15954): GC_FOR_ALLOC freed 3635K, 44% free 9365K/16616K, paused 4ms, total 4ms
02-03 12:43:53.681 D/dalvikvm(15954): GC_FOR_ALLOC freed 4125K, 45% free 9209K/16616K, paused 4ms, total 4ms
02-03 12:43:53.681 D/dalvikvm(15954): GC_CONCURRENT freed 3186K, 41% free 9845K/16616K, paused 1ms+1ms, total 6ms
02-03 12:43:53.681 D/dalvikvm(15954): WAIT_FOR_CONCURRENT_GC blocked 3ms
02-03 12:43:53.691 D/dalvikvm(15954): GC_CONCURRENT freed 4313K, 43% free 9531K/16616K, paused 1ms+0ms, total 5ms
02-03 12:43:53.691 D/dalvikvm(15954): WAIT_FOR_CONCURRENT_GC blocked 4ms
02-03 12:43:53.701 D/dalvikvm(15954): GC_FOR_ALLOC freed 4011K, 44% free 9373K/16616K, paused 4ms, total 4ms
02-03 12:43:53.701 D/dalvikvm(15954): GC_CONCURRENT freed 3866K, 43% free 9536K/16616K, paused 0ms+1ms, total 4ms
02-03 12:43:53.701 D/dalvikvm(15954): WAIT_FOR_CONCURRENT_GC blocked 4ms
02-03 12:43:53.711 D/dalvikvm(15954): GC_FOR_ALLOC freed 4040K, 44% free 9376K/16616K, paused 4ms, total 4ms
02-03 12:43:53.721 D/dalvikvm(15954): GC_CONCURRENT freed 3895K, 43% free 9541K/16616K, paused 0ms+1ms, total 4ms
02-03 12:43:53.721 D/dalvikvm(15954): WAIT_FOR_CONCURRENT_GC blocked 4ms
02-03 12:43:53.721 D/dalvikvm(15954): GC_FOR_ALLOC freed 4070K, 44% free 9380K/16616K, paused 4ms, total 4ms
02-03 12:43:53.731 D/dalvikvm(15954): GC_CONCURRENT freed 3925K, 43% free 9546K/16616K, paused 1ms+1ms, total 5ms
02-03 12:43:53.731 D/dalvikvm(15954): WAIT_FOR_CONCURRENT_GC blocked 4ms
02-03 12:43:53.741 D/dalvikvm(15954): GC_FOR_ALLOC freed 4103K, 44% free 9384K/16616K, paused 3ms, total 4ms
02-03 12:43:53.741 D/dalvikvm(15954): GC_FOR_ALLOC freed 3460K, 42% free 9715K/16616K, paused 4ms, total 4ms
02-03 12:43:53.751 D/dalvikvm(15954): GC_FOR_ALLOC freed 4299K, 45% free 9223K/16616K, paused 4ms, total 4ms
02-03 12:43:53.761 D/dalvikvm(15954): GC_CONCURRENT freed 3815K, 44% free 9389K/16616K, paused 0ms+1ms, total 4ms
02-03 12:43:53.761 D/dalvikvm(15954): WAIT_FOR_CONCURRENT_GC blocked 4ms
02-03 12:43:53.761 D/dalvikvm(15954): GC_FOR_ALLOC freed 3493K, 42% free 9723K/16616K, paused 4ms, total 4ms
02-03 12:43:53.771 D/dalvikvm(15954): GC_FOR_ALLOC freed 4339K, 45% free 9226K/16616K, paused 4ms, total 4ms
02-03 12:43:53.781 D/dalvikvm(15954): GC_CONCURRENT freed 3849K, 44% free 9393K/16616K, paused 0ms+1ms, total 4ms
02-03 12:43:53.781 D/dalvikvm(15954): WAIT_FOR_CONCURRENT_GC blocked 4ms
02-03 12:43:53.781 D/dalvikvm(15954): GC_FOR_ALLOC freed 3525K, 42% free 9730K/16616K, paused 4ms, total 4ms
02-03 12:43:53.791 D/dalvikvm(15954): GC_FOR_ALLOC freed 4377K, 45% free 9229K/16616K, paused 4ms, total 4ms
02-03 12:43:53.801 D/dalvikvm(15954): GC_CONCURRENT freed 3884K, 44% free 9398K/16616K, paused 0ms+1ms, total 4ms
02-03 12:43:53.801 D/dalvikvm(15954): WAIT_FOR_CONCURRENT_GC blocked 5ms
02-03 12:43:53.811 D/dalvikvm(15954): GC_FOR_ALLOC freed 4062K, 44% free 9400K/16616K, paused 3ms, total 3ms
02-03 12:43:53.811 D/dalvikvm(15954): GC_CONCURRENT freed 417K, 42% free 9781K/16616K, paused 0ms+1ms, total 5ms
02-03 12:43:53.821 D/dalvikvm(15954): GC_FOR_ALLOC freed 3813K, 42% free 9761K/16616K, paused 4ms, total 4ms
02-03 12:43:53.831 D/dalvikvm(15954): GC_FOR_ALLOC freed 4894K, 51% free 8270K/16616K, paused 4ms, total 5ms
02-03 12:43:53.851 D/dalvikvm(15954): GC_CONCURRENT freed 3327K, 46% free 8988K/16616K, paused 2ms+1ms, total 5ms
02-03 12:43:53.911 D/dalvikvm(15954): GC_CONCURRENT freed 4156K, 47% free 8919K/16616K, paused 1ms+0ms, total 7ms
02-03 12:43:53.911 D/dalvikvm(15954): WAIT_FOR_CONCURRENT_GC blocked 6ms
02-03 12:43:53.921 D/dalvikvm(15954): GC_CONCURRENT freed 3991K, 46% free 9022K/16616K, paused 1ms+1ms, total 5ms
02-03 12:43:53.921 D/dalvikvm(15954): WAIT_FOR_CONCURRENT_GC blocked 4ms
02-03 12:43:53.931 D/dalvikvm(15954): GC_CONCURRENT freed 4152K, 47% free 8936K/16616K, paused 1ms+1ms, total 5ms
02-03 12:43:53.931 D/dalvikvm(15954): WAIT_FOR_CONCURRENT_GC blocked 4ms
02-03 12:43:53.941 D/dalvikvm(15954): GC_CONCURRENT freed 4054K, 46% free 8976K/16616K, paused 1ms+1ms, total 5ms
02-03 12:43:53.941 D/dalvikvm(15954): WAIT_FOR_CONCURRENT_GC blocked 4ms
02-03 12:43:53.941 D/dalvikvm(15954): GC_CONCURRENT freed 4077K, 47% free 8925K/16616K, paused 0ms+1ms, total 4ms
02-03 12:43:53.941 D/dalvikvm(15954): WAIT_FOR_CONCURRENT_GC blocked 4ms
02-03 12:43:53.951 D/dalvikvm(15954): GC_CONCURRENT freed 3992K, 46% free 8991K/16616K, paused 0ms+1ms, total 4ms
02-03 12:43:53.951 D/dalvikvm(15954): WAIT_FOR_CONCURRENT_GC blocked 4ms
02-03 12:43:53.961 D/dalvikvm(15954): GC_FOR_ALLOC freed 4086K, 47% free 8958K/16616K, paused 4ms, total 4ms
02-03 12:43:53.971 D/dalvikvm(15954): GC_CONCURRENT freed 3831K, 45% free 9275K/16616K, paused 0ms+1ms, total 6ms
02-03 12:43:53.971 D/dalvikvm(15954): GC_CONCURRENT freed 4280K, 46% free 9032K/16616K, paused 0ms+1ms, total 4ms
02-03 12:43:53.971 D/dalvikvm(15954): WAIT_FOR_CONCURRENT_GC blocked 4ms
02-03 12:43:53.981 D/dalvikvm(15954): GC_FOR_ALLOC freed 4115K, 46% free 8991K/16616K, paused 4ms, total 4ms
02-03 12:43:53.991 D/dalvikvm(15954): GC_CONCURRENT freed 3877K, 45% free 9156K/16616K, paused 0ms+1ms, total 6ms
02-03 12:43:53.991 D/dalvikvm(15954): WAIT_FOR_CONCURRENT_GC blocked 2ms
02-03 12:43:53.991 D/dalvikvm(15954): GC_CONCURRENT freed 4163K, 46% free 9044K/16616K, paused 0ms+1ms, total 4ms
02-03 12:43:54.001 D/dalvikvm(15954): GC_FOR_ALLOC freed 4082K, 46% free 9000K/16616K, paused 4ms, total 4ms
02-03 12:43:54.011 D/dalvikvm(15954): GC_CONCURRENT freed 3817K, 45% free 9237K/16616K, paused 0ms+1ms, total 5ms
02-03 12:43:54.011 D/dalvikvm(15954): WAIT_FOR_CONCURRENT_GC blocked 1ms
02-03 12:43:54.021 D/dalvikvm(15954): GC_CONCURRENT freed 4230K, 46% free 9058K/16616K, paused 1ms+1ms, total 5ms
02-03 12:43:54.021 D/dalvikvm(15954): WAIT_FOR_CONCURRENT_GC blocked 4ms
02-03 12:43:54.021 D/dalvikvm(15954): GC_CONCURRENT freed 3978K, 46% free 9061K/16616K, paused 0ms+1ms, total 4ms
02-03 12:43:54.021 D/dalvikvm(15954): WAIT_FOR_CONCURRENT_GC blocked 3ms
02-03 12:43:54.031 D/dalvikvm(15954): GC_FOR_ALLOC freed 3942K, 46% free 9116K/16616K, paused 4ms, total 4ms
02-03 12:43:54.041 D/dalvikvm(15954): GC_CONCURRENT freed 3739K, 44% free 9331K/16616K, paused 1ms+1ms, total 6ms
02-03 12:43:54.041 D/dalvikvm(15954): WAIT_FOR_CONCURRENT_GC blocked 1ms
02-03 12:43:54.041 D/dalvikvm(15954): GC_CONCURRENT freed 4208K, 46% free 9103K/16616K, paused 1ms+1ms, total 5ms
02-03 12:43:54.041 D/dalvikvm(15954): WAIT_FOR_CONCURRENT_GC blocked 4ms
02-03 12:43:54.051 D/dalvikvm(15954): GC_FOR_ALLOC freed 4167K, 46% free 8988K/16616K, paused 3ms, total 4ms
02-03 12:43:54.061 D/dalvikvm(15954): GC_CONCURRENT freed 3449K, 43% free 9575K/16616K, paused 0ms+1ms, total 5ms
02-03 12:43:54.061 D/dalvikvm(15954): WAIT_FOR_CONCURRENT_GC blocked 1ms
02-03 12:43:54.061 D/dalvikvm(15954): GC_FOR_ALLOC freed 4542K, 46% free 8986K/16616K, paused 4ms, total 4ms
02-03 12:43:54.071 D/dalvikvm(15954): GC_FOR_ALLOC freed 3917K, 46% free 8985K/16616K, paused 4ms, total 4ms
02-03 12:43:54.081 D/dalvikvm(15954): GC_CONCURRENT freed 3869K, 46% free 9116K/16616K, paused 0ms+1ms, total 4ms
02-03 12:43:54.081 D/dalvikvm(15954): WAIT_FOR_CONCURRENT_GC blocked 4ms
02-03 12:43:54.081 D/dalvikvm(15954): GC_CONCURRENT freed 4084K, 46% free 9117K/16616K, paused 1ms+0ms, total 5ms
02-03 12:43:54.081 D/dalvikvm(15954): WAIT_FOR_CONCURRENT_GC blocked 4ms
02-03 12:43:54.091 D/dalvikvm(15954): GC_FOR_ALLOC freed 3968K, 45% free 9184K/16616K, paused 3ms, total 4ms
02-03 12:43:54.101 D/dalvikvm(15954): GC_CONCURRENT freed 3647K, 44% free 9450K/16616K, paused 1ms+0ms, total 6ms
02-03 12:43:54.101 D/dalvikvm(15954): WAIT_FOR_CONCURRENT_GC blocked 2ms
02-03 12:43:54.101 D/dalvikvm(15954): GC_FOR_ALLOC freed 4451K, 46% free 9050K/16616K, paused 3ms, total 3ms
02-03 12:43:54.111 D/dalvikvm(15954): GC_CONCURRENT freed 3642K, 43% free 9495K/16616K, paused 0ms+1ms, total 5ms
02-03 12:43:54.111 D/dalvikvm(15954): WAIT_FOR_CONCURRENT_GC blocked 1ms
02-03 12:43:54.121 D/dalvikvm(15954): GC_FOR_ALLOC freed 4469K, 46% free 9010K/16616K, paused 4ms, total 4ms
02-03 12:43:54.121 D/dalvikvm(15954): GC_CONCURRENT freed 3335K, 42% free 9726K/16616K, paused 1ms+1ms, total 6ms
02-03 12:43:54.121 D/dalvikvm(15954): WAIT_FOR_CONCURRENT_GC blocked 1ms
02-03 12:43:54.131 D/dalvikvm(15954): GC_FOR_ALLOC freed 4616K, 46% free 9081K/16616K, paused 4ms, total 4ms
02-03 12:43:54.141 D/dalvikvm(15954): GC_CONCURRENT freed 3664K, 44% free 9374K/16616K, paused 1ms+1ms, total 6ms
02-03 12:43:54.141 D/dalvikvm(15954): WAIT_FOR_CONCURRENT_GC blocked 2ms
02-03 12:43:54.141 D/dalvikvm(15954): GC_FOR_ALLOC freed 4234K, 45% free 9231K/16616K, paused 4ms, total 4ms
02-03 12:43:54.151 D/dalvikvm(15954): GC_CONCURRENT freed 3622K, 43% free 9535K/16616K, paused 1ms+1ms, total 6ms
02-03 12:43:54.151 D/dalvikvm(15954): WAIT_FOR_CONCURRENT_GC blocked 2ms
02-03 12:43:54.161 D/dalvikvm(15954): GC_FOR_ALLOC freed 4512K, 46% free 9078K/16616K, paused 4ms, total 4ms
02-03 12:43:54.161 D/dalvikvm(15954): GC_CONCURRENT freed 3485K, 42% free 9660K/16616K, paused 0ms+1ms, total 5ms
02-03 12:43:54.161 D/dalvikvm(15954): WAIT_FOR_CONCURRENT_GC blocked 2ms
02-03 12:43:54.171 D/dalvikvm(15954): GC_CONCURRENT freed 4561K, 45% free 9194K/16616K, paused 1ms+1ms, total 5ms
02-03 12:43:54.171 D/dalvikvm(15954): WAIT_FOR_CONCURRENT_GC blocked 4ms
02-03 12:43:54.181 D/dalvikvm(15954): GC_CONCURRENT freed 3984K, 45% free 9199K/16616K, paused 0ms+1ms, total 4ms
02-03 12:43:54.181 D/dalvikvm(15954): WAIT_FOR_CONCURRENT_GC blocked 4ms
02-03 12:43:54.181 D/dalvikvm(15954): GC_CONCURRENT freed 4037K, 45% free 9203K/16616K, paused 0ms+1ms, total 4ms
02-03 12:43:54.181 D/dalvikvm(15954): WAIT_FOR_CONCURRENT_GC blocked 3ms
02-03 12:43:54.191 D/dalvikvm(15954): GC_CONCURRENT freed 4091K, 45% free 9207K/16616K, paused 1ms+1ms, total 5ms
02-03 12:43:54.191 D/dalvikvm(15954): WAIT_FOR_CONCURRENT_GC blocked 4ms
02-03 12:43:54.201 D/dalvikvm(15954): GC_FOR_ALLOC freed 3894K, 45% free 9291K/16616K, paused 3ms, total 3ms
02-03 12:43:54.201 D/dalvikvm(15954): GC_CONCURRENT freed 3772K, 43% free 9546K/16616K, paused 0ms+1ms, total 5ms
02-03 12:43:54.201 D/dalvikvm(15954): WAIT_FOR_CONCURRENT_GC blocked 1ms
02-03 12:43:54.211 D/dalvikvm(15954): GC_CONCURRENT freed 4321K, 45% free 9211K/16616K, paused 1ms+0ms, total 5ms
02-03 12:43:54.211 D/dalvikvm(15954): WAIT_FOR_CONCURRENT_GC blocked 4ms
02-03 12:43:54.221 D/dalvikvm(15954): GC_FOR_ALLOC freed 4030K, 46% free 9123K/16616K, paused 4ms, total 4ms
02-03 12:43:54.221 D/dalvikvm(15954): GC_CONCURRENT freed 3984K, 45% free 9215K/16616K, paused 1ms+1ms, total 5ms
02-03 12:43:54.221 D/dalvikvm(15954): WAIT_FOR_CONCURRENT_GC blocked 4ms
02-03 12:43:54.231 D/dalvikvm(15954): GC_FOR_ALLOC freed 4120K, 46% free 9124K/16616K, paused 4ms, total 4ms
02-03 12:43:54.241 D/dalvikvm(15954): GC_CONCURRENT freed 3349K, 42% free 9757K/16616K, paused 1ms+1ms, total 7ms
02-03 12:43:54.241 D/dalvikvm(15954): WAIT_FOR_CONCURRENT_GC blocked 2ms
02-03 12:43:54.241 D/dalvikvm(15954): GC_CONCURRENT freed 4560K, 45% free 9222K/16616K, paused 1ms+1ms, total 5ms
02-03 12:43:54.241 D/dalvikvm(15954): WAIT_FOR_CONCURRENT_GC blocked 4ms
02-03 12:43:54.251 D/dalvikvm(15954): GC_FOR_ALLOC freed 4065K, 46% free 9037K/16616K, paused 3ms, total 3ms
02-03 12:43:54.261 D/dalvikvm(15954): GC_FOR_ALLOC freed 3915K, 46% free 9039K/16616K, paused 4ms, total 4ms
02-03 12:43:54.261 D/dalvikvm(15954): GC_FOR_ALLOC freed 3953K, 46% free 9040K/16616K, paused 4ms, total 4ms
02-03 12:43:54.271 D/dalvikvm(15954): GC_CONCURRENT freed 3800K, 45% free 9232K/16616K, paused 0ms+1ms, total 4ms
02-03 12:43:54.271 D/dalvikvm(15954): WAIT_FOR_CONCURRENT_GC blocked 3ms
02-03 12:43:54.281 D/dalvikvm(15954): GC_CONCURRENT freed 4026K, 45% free 9236K/16616K, paused 1ms+0ms, total 5ms
02-03 12:43:54.281 D/dalvikvm(15954): WAIT_FOR_CONCURRENT_GC blocked 4ms
02-03 12:43:54.291 D/dalvikvm(15954): GC_CONCURRENT freed 4064K, 45% free 9240K/16616K, paused 1ms+1ms, total 5ms
02-03 12:43:54.291 D/dalvikvm(15954): WAIT_FOR_CONCURRENT_GC blocked 4ms
02-03 12:43:54.291 D/dalvikvm(15954): GC_FOR_ALLOC freed 3811K, 44% free 9336K/16616K, paused 4ms, total 4ms
02-03 12:43:54.301 D/dalvikvm(15954): GC_FOR_ALLOC freed 4137K, 45% free 9143K/16616K, paused 4ms, total 4ms
02-03 12:43:54.311 D/dalvikvm(15954): GC_FOR_ALLOC freed 3975K, 46% free 9047K/16616K, paused 4ms, total 4ms
02-03 12:43:54.311 D/dalvikvm(15954): GC_FOR_ALLOC freed 3707K, 44% free 9349K/16616K, paused 4ms, total 4ms
02-03 12:43:54.321 D/dalvikvm(15954): GC_CONCURRENT freed 3541K, 41% free 9853K/16616K, paused 0ms+1ms, total 5ms
02-03 12:43:54.321 D/dalvikvm(15954): WAIT_FOR_CONCURRENT_GC blocked 2ms
02-03 12:43:54.331 D/dalvikvm(15954): GC_CONCURRENT freed 4576K, 45% free 9256K/16616K, paused 1ms+1ms, total 5ms
02-03 12:43:54.331 D/dalvikvm(15954): WAIT_FOR_CONCURRENT_GC blocked 5ms
02-03 12:43:54.331 D/dalvikvm(15954): GC_FOR_ALLOC freed 4007K, 45% free 9156K/16616K, paused 4ms, total 4ms
02-03 12:43:54.341 D/dalvikvm(15954): GC_CONCURRENT freed 3938K, 45% free 9263K/16616K, paused 0ms+1ms, total 4ms
02-03 12:43:54.341 D/dalvikvm(15954): WAIT_FOR_CONCURRENT_GC blocked 5ms
02-03 12:43:54.351 D/dalvikvm(15954): GC_FOR_ALLOC freed 4074K, 45% free 9161K/16616K, paused 4ms, total 4ms
02-03 12:43:54.351 D/dalvikvm(15954): GC_CONCURRENT freed 2954K, 40% free 10108K/16616K, paused 0ms+1ms, total 5ms
02-03 12:43:54.351 D/dalvikvm(15954): WAIT_FOR_CONCURRENT_GC blocked 2ms
02-03 12:43:54.361 D/dalvikvm(15954): GC_FOR_ALLOC freed 4984K, 46% free 9056K/16616K, paused 4ms, total 4ms
02-03 12:43:54.371 D/dalvikvm(15954): GC_FOR_ALLOC freed 3957K, 45% free 9165K/16616K, paused 4ms, total 4ms
02-03 12:43:54.371 D/dalvikvm(15954): GC_CONCURRENT freed 2700K, 38% free 10454K/16616K, paused 0ms+1ms, total 6ms
02-03 12:43:54.371 D/dalvikvm(15954): WAIT_FOR_CONCURRENT_GC blocked 2ms
02-03 12:43:54.381 D/dalvikvm(15954): GC_FOR_ALLOC freed 4868K, 45% free 9169K/16616K, paused 4ms, total 4ms
02-03 12:43:54.391 D/dalvikvm(15954): GC_FOR_ALLOC freed 3823K, 44% free 9390K/16616K, paused 4ms, total 4ms
02-03 12:43:54.391 D/dalvikvm(15954): GC_CONCURRENT freed 3636K, 41% free 9830K/16616K, paused 0ms+1ms, total 6ms
02-03 12:43:54.391 D/dalvikvm(15954): WAIT_FOR_CONCURRENT_GC blocked 2ms
02-03 12:43:54.401 D/dalvikvm(15954): GC_FOR_ALLOC freed 4645K, 46% free 9066K/16616K, paused 4ms, total 4ms
02-03 12:43:54.411 D/dalvikvm(15954): GC_FOR_ALLOC freed 3905K, 46% free 9067K/16616K, paused 4ms, total 4ms
02-03 12:43:54.411 D/dalvikvm(15954): GC_FOR_ALLOC freed 3931K, 46% free 9069K/16616K, paused 4ms, total 4ms
02-03 12:43:54.421 D/dalvikvm(15954): GC_FOR_ALLOC freed 3957K, 46% free 9070K/16616K, paused 4ms, total 4ms
02-03 12:43:54.431 D/dalvikvm(15954): GC_CONCURRENT freed 3756K, 45% free 9299K/16616K, paused 1ms+1ms, total 5ms
02-03 12:43:54.431 D/dalvikvm(15954): WAIT_FOR_CONCURRENT_GC blocked 4ms
02-03 12:43:54.431 D/dalvikvm(15954): GC_CONCURRENT freed 4008K, 45% free 9302K/16616K, paused 0ms+1ms, total 4ms
02-03 12:43:54.431 D/dalvikvm(15954): WAIT_FOR_CONCURRENT_GC blocked 5ms
02-03 12:43:54.441 D/dalvikvm(15954): GC_CONCURRENT freed 4034K, 44% free 9306K/16616K, paused 1ms+0ms, total 5ms
02-03 12:43:54.441 D/dalvikvm(15954): WAIT_FOR_CONCURRENT_GC blocked 4ms
02-03 12:43:54.451 D/dalvikvm(15954): GC_CONCURRENT freed 4061K, 44% free 9309K/16616K, paused 0ms+1ms, total 5ms
02-03 12:43:54.451 D/dalvikvm(15954): WAIT_FOR_CONCURRENT_GC blocked 4ms
02-03 12:43:54.461 D/dalvikvm(15954): GC_CONCURRENT freed 4090K, 44% free 9312K/16616K, paused 1ms+1ms, total 5ms
02-03 12:43:54.461 D/dalvikvm(15954): WAIT_FOR_CONCURRENT_GC blocked 4ms
02-03 12:43:54.461 D/dalvikvm(15954): GC_FOR_ALLOC freed 3764K, 44% free 9432K/16616K, paused 4ms, total 4ms
02-03 12:43:54.471 D/dalvikvm(15954): GC_FOR_ALLOC freed 4146K, 45% free 9199K/16616K, paused 4ms, total 4ms
02-03 12:43:54.481 D/dalvikvm(15954): GC_FOR_ALLOC freed 3937K, 46% free 9083K/16616K, paused 4ms, total 4ms
02-03 12:43:54.481 D/dalvikvm(15954): GC_FOR_ALLOC freed 3601K, 44% free 9444K/16616K, paused 4ms, total 4ms
02-03 12:43:54.491 D/dalvikvm(15954): GC_FOR_ALLOC freed 4229K, 45% free 9206K/16616K, paused 4ms, total 4ms
02-03 12:43:54.491 D/dalvikvm(15954): GC_CONCURRENT freed 3409K, 42% free 9692K/16616K, paused 0ms+1ms, total 6ms
02-03 12:43:54.491 D/dalvikvm(15954): WAIT_FOR_CONCURRENT_GC blocked 2ms
02-03 12:43:54.501 D/dalvikvm(15954): GC_FOR_ALLOC freed 4276K, 44% free 9456K/16616K, paused 4ms, total 4ms
02-03 12:43:54.511 D/dalvikvm(15954): GC_CONCURRENT freed 3453K, 40% free 10071K/16616K, paused 1ms+1ms, total 6ms
02-03 12:43:54.511 D/dalvikvm(15954): WAIT_FOR_CONCURRENT_GC blocked 2ms
02-03 12:43:54.511 D/dalvikvm(15954): GC_CONCURRENT freed 4702K, 44% free 9340K/16616K, paused 0ms+1ms, total 4ms
02-03 12:43:54.521 D/dalvikvm(15954): WAIT_FOR_CONCURRENT_GC blocked 4ms
02-03 12:43:54.521 D/dalvikvm(15954): GC_FOR_ALLOC freed 3990K, 45% free 9218K/16616K, paused 4ms, total 4ms
02-03 12:43:54.531 D/dalvikvm(15954): GC_CONCURRENT freed 3891K, 44% free 9346K/16616K, paused 0ms+1ms, total 5ms
02-03 12:43:54.531 D/dalvikvm(15954): WAIT_FOR_CONCURRENT_GC blocked 5ms
02-03 12:43:54.541 D/dalvikvm(15954): GC_FOR_ALLOC freed 4039K, 45% free 9222K/16616K, paused 4ms, total 4ms
02-03 12:43:54.541 D/dalvikvm(15954): GC_CONCURRENT freed 3938K, 44% free 9352K/16616K, paused 1ms+1ms, total 5ms
02-03 12:43:54.541 D/dalvikvm(15954): WAIT_FOR_CONCURRENT_GC blocked 4ms
02-03 12:43:54.551 D/dalvikvm(15954): GC_FOR_ALLOC freed 4087K, 45% free 9227K/16616K, paused 4ms, total 4ms
02-03 12:43:54.561 D/dalvikvm(15954): GC_FOR_ALLOC freed 3596K, 43% free 9486K/16616K, paused 4ms, total 4ms
02-03 12:43:54.561 D/dalvikvm(15954): GC_FOR_ALLOC freed 4263K, 46% free 9102K/16616K, paused 4ms, total 4ms
02-03 12:43:54.571 D/dalvikvm(15954): GC_FOR_ALLOC freed 3897K, 45% free 9233K/16616K, paused 4ms, total 4ms
02-03 12:43:54.581 D/dalvikvm(15954): GC_CONCURRENT freed 3007K, 39% free 10146K/16616K, paused 1ms+1ms, total 6ms
02-03 12:43:54.581 D/dalvikvm(15954): WAIT_FOR_CONCURRENT_GC blocked 2ms
02-03 12:43:54.581 D/dalvikvm(15954): GC_FOR_ALLOC freed 4325K, 45% free 9237K/16616K, paused 4ms, total 4ms
02-03 12:43:54.591 D/dalvikvm(15954): GC_FOR_ALLOC freed 3694K, 43% free 9503K/16616K, paused 4ms, total 4ms
02-03 12:43:54.601 D/dalvikvm(15954): GC_CONCURRENT freed 4112K, 44% free 9375K/16616K, paused 0ms+1ms, total 4ms
02-03 12:43:54.601 D/dalvikvm(15954): WAIT_FOR_CONCURRENT_GC blocked 4ms
02-03 12:43:54.601 D/dalvikvm(15954): GC_FOR_ALLOC freed 4000K, 46% free 9111K/16616K, paused 4ms, total 4ms
02-03 12:43:54.611 D/dalvikvm(15954): GC_FOR_ALLOC freed 3754K, 46% free 9112K/16616K, paused 4ms, total 4ms
02-03 12:43:54.611 D/dalvikvm(15954): GC_FOR_ALLOC freed 3773K, 46% free 9114K/16616K, paused 3ms, total 3ms
02-03 12:43:54.621 D/dalvikvm(15954): GC_FOR_ALLOC freed 3792K, 46% free 9115K/16616K, paused 4ms, total 4ms
02-03 12:43:54.631 D/dalvikvm(15954): GC_FOR_ALLOC freed 3811K, 46% free 9116K/16616K, paused 4ms, total 4ms
02-03 12:43:54.631 D/dalvikvm(15954): GC_FOR_ALLOC freed 3830K, 46% free 9118K/16616K, paused 4ms, total 4ms
02-03 12:43:54.641 D/dalvikvm(15954): GC_FOR_ALLOC freed 3849K, 46% free 9119K/16616K, paused 4ms, total 4ms
02-03 12:43:54.651 D/dalvikvm(15954): GC_FOR_ALLOC freed 3867K, 46% free 9120K/16616K, paused 4ms, total 4ms
02-03 12:43:54.651 D/dalvikvm(15954): GC_FOR_ALLOC freed 3886K, 46% free 9122K/16616K, paused 4ms, total 4ms
02-03 12:43:54.661 D/dalvikvm(15954): GC_FOR_ALLOC freed 3905K, 46% free 9123K/16616K, paused 4ms, total 4ms
02-03 12:43:54.671 D/dalvikvm(15954): GC_FOR_ALLOC freed 3924K, 46% free 9124K/16616K, paused 4ms, total 4ms
02-03 12:43:54.671 D/dalvikvm(15954): GC_FOR_ALLOC freed 3943K, 46% free 9126K/16616K, paused 4ms, total 4ms
02-03 12:43:54.681 D/dalvikvm(15954): GC_FOR_ALLOC freed 3961K, 46% free 9127K/16616K, paused 4ms, total 4ms
02-03 12:43:54.691 D/dalvikvm(15954): GC_CONCURRENT freed 3696K, 44% free 9413K/16616K, paused 1ms+1ms, total 5ms
02-03 12:43:54.691 D/dalvikvm(15954): WAIT_FOR_CONCURRENT_GC blocked 4ms
02-03 12:43:54.691 D/dalvikvm(15954): GC_CONCURRENT freed 3998K, 44% free 9415K/16616K, paused 0ms+1ms, total 4ms
02-03 12:43:54.691 D/dalvikvm(15954): WAIT_FOR_CONCURRENT_GC blocked 4ms
02-03 12:43:54.701 D/dalvikvm(15954): GC_CONCURRENT freed 4017K, 44% free 9418K/16616K, paused 0ms+1ms, total 5ms
02-03 12:43:54.701 D/dalvikvm(15954): WAIT_FOR_CONCURRENT_GC blocked 4ms
02-03 12:43:54.711 D/dalvikvm(15954): GC_CONCURRENT freed 4035K, 44% free 9421K/16616K, paused 1ms+1ms, total 5ms
02-03 12:43:54.711 D/dalvikvm(15954): WAIT_FOR_CONCURRENT_GC blocked 4ms
02-03 12:43:54.721 D/dalvikvm(15954): GC_CONCURRENT freed 4054K, 44% free 9423K/16616K, paused 0ms+1ms, total 4ms
02-03 12:43:54.721 D/dalvikvm(15954): WAIT_FOR_CONCURRENT_GC blocked 5ms
02-03 12:43:54.721 D/dalvikvm(15954): GC_CONCURRENT freed 4073K, 44% free 9426K/16616K, paused 1ms+0ms, total 5ms
02-03 12:43:54.721 D/dalvikvm(15954): WAIT_FOR_CONCURRENT_GC blocked 4ms
02-03 12:43:54.731 D/dalvikvm(15954): GC_CONCURRENT freed 4092K, 44% free 9429K/16616K, paused 0ms+1ms, total 4ms
02-03 12:43:54.731 D/dalvikvm(15954): WAIT_FOR_CONCURRENT_GC blocked 4ms
02-03 12:43:54.741 D/dalvikvm(15954): GC_FOR_ALLOC freed 3668K, 43% free 9577K/16616K, paused 4ms, total 4ms
02-03 12:43:54.741 D/dalvikvm(15954): GC_FOR_ALLOC freed 4127K, 45% free 9286K/16616K, paused 4ms, total 4ms
02-03 12:43:54.751 D/dalvikvm(15954): GC_FOR_ALLOC freed 3850K, 45% free 9140K/16616K, paused 4ms, total 4ms
02-03 12:43:54.761 D/dalvikvm(15954): GC_FOR_ALLOC freed 3418K, 43% free 9587K/16616K, paused 4ms, total 4ms
02-03 12:43:54.761 D/dalvikvm(15954): GC_FOR_ALLOC freed 4179K, 45% free 9291K/16616K, paused 4ms, total 4ms
02-03 12:43:54.771 D/dalvikvm(15954): GC_FOR_ALLOC freed 3898K, 45% free 9144K/16616K, paused 4ms, total 4ms
02-03 12:43:54.781 D/dalvikvm(15954): GC_FOR_ALLOC freed 3461K, 43% free 9596K/16616K, paused 4ms, total 4ms
02-03 12:43:54.781 D/dalvikvm(15954): GC_FOR_ALLOC freed 4231K, 45% free 9297K/16616K, paused 4ms, total 4ms
02-03 12:43:54.791 D/dalvikvm(15954): GC_FOR_ALLOC freed 3946K, 45% free 9147K/16616K, paused 4ms, total 4ms
02-03 12:43:54.801 D/dalvikvm(15954): GC_FOR_ALLOC freed 3503K, 43% free 9605K/16616K, paused 4ms, total 4ms
02-03 12:43:54.801 D/dalvikvm(15954): GC_CONCURRENT freed 4283K, 45% free 9302K/16616K, paused 1ms+1ms, total 5ms
02-03 12:43:54.801 D/dalvikvm(15954): WAIT_FOR_CONCURRENT_GC blocked 4ms
02-03 12:43:54.811 D/dalvikvm(15954): GC_FOR_ALLOC freed 3994K, 45% free 9151K/16616K, paused 4ms, total 4ms
02-03 12:43:54.821 D/dalvikvm(15954): GC_CONCURRENT freed 3546K, 43% free 9614K/16616K, paused 1ms+1ms, total 5ms
02-03 12:43:54.821 D/dalvikvm(15954): WAIT_FOR_CONCURRENT_GC blocked 4ms
02-03 12:43:54.821 D/dalvikvm(15954): GC_FOR_ALLOC freed 4334K, 44% free 9308K/16616K, paused 4ms, total 4ms
02-03 12:43:54.831 D/dalvikvm(15954): GC_CONCURRENT freed 3268K, 41% free 9929K/16616K, paused 1ms+1ms, total 6ms
02-03 12:43:54.831 D/dalvikvm(15954): WAIT_FOR_CONCURRENT_GC blocked 2ms
02-03 12:43:54.841 D/dalvikvm(15954): GC_FOR_ALLOC freed 4363K, 43% free 9624K/16616K, paused 4ms, total 4ms
02-03 12:43:54.841 D/dalvikvm(15954): GC_CONCURRENT freed 3293K, 38% free 10406K/16616K, paused 1ms+1ms, total 6ms
02-03 12:43:54.841 D/dalvikvm(15954): WAIT_FOR_CONCURRENT_GC blocked 2ms
02-03 12:43:54.851 D/dalvikvm(15954): GC_FOR_ALLOC freed 4395K, 44% free 9315K/16616K, paused 4ms, total 4ms
02-03 12:43:54.861 D/dalvikvm(15954): GC_FOR_ALLOC freed 4103K, 45% free 9160K/16616K, paused 4ms, total 4ms
02-03 12:43:54.861 D/dalvikvm(15954): GC_FOR_ALLOC freed 3643K, 44% free 9318K/16616K, paused 4ms, total 4ms
02-03 12:43:54.871 D/dalvikvm(15954): GC_CONCURRENT freed 3816K, 43% free 9480K/16616K, paused 1ms+0ms, total 5ms
02-03 12:43:54.871 D/dalvikvm(15954): WAIT_FOR_CONCURRENT_GC blocked 4ms
02-03 12:43:54.881 D/dalvikvm(15954): GC_FOR_ALLOC freed 3988K, 44% free 9322K/16616K, paused 4ms, total 4ms
02-03 12:43:54.881 D/dalvikvm(15954): GC_CONCURRENT freed 3846K, 43% free 9485K/16616K, paused 1ms+1ms, total 5ms
02-03 12:43:54.881 D/dalvikvm(15954): WAIT_FOR_CONCURRENT_GC blocked 4ms
02-03 12:43:54.891 D/dalvikvm(15954): GC_FOR_ALLOC freed 4019K, 44% free 9326K/16616K, paused 4ms, total 4ms
02-03 12:43:54.901 D/dalvikvm(15954): GC_CONCURRENT freed 3874K, 43% free 9490K/16616K, paused 0ms+1ms, total 4ms
02-03 12:43:54.901 D/dalvikvm(15954): WAIT_FOR_CONCURRENT_GC blocked 4ms
02-03 12:43:54.901 D/dalvikvm(15954): GC_FOR_ALLOC freed 4049K, 44% free 9329K/16616K, paused 4ms, total 4ms
02-03 12:43:54.911 D/dalvikvm(15954): GC_CONCURRENT freed 3903K, 43% free 9494K/16616K, paused 0ms+1ms, total 4ms
02-03 12:43:54.911 D/dalvikvm(15954): WAIT_FOR_CONCURRENT_GC blocked 5ms
02-03 12:43:54.921 D/dalvikvm(15954): GC_FOR_ALLOC freed 4080K, 44% free 9333K/16616K, paused 4ms, total 4ms
02-03 12:43:54.921 D/dalvikvm(15954): GC_FOR_ALLOC freed 3440K, 42% free 9663K/16616K, paused 4ms, total 4ms
02-03 12:43:54.931 D/dalvikvm(15954): GC_FOR_ALLOC freed 4276K, 45% free 9173K/16616K, paused 4ms, total 4ms
02-03 12:43:54.941 D/dalvikvm(15954): GC_FOR_ALLOC freed 3797K, 44% free 9339K/16616K, paused 4ms, total 4ms
02-03 12:43:54.941 D/dalvikvm(15954): GC_FOR_ALLOC freed 3478K, 42% free 9671K/16616K, paused 4ms, total 4ms
02-03 12:43:54.951 D/dalvikvm(15954): GC_FOR_ALLOC freed 4319K, 45% free 9176K/16616K, paused 4ms, total 4ms
02-03 12:43:54.961 D/dalvikvm(15954): GC_CONCURRENT freed 3832K, 44% free 9343K/16616K, paused 1ms+1ms, total 4ms
02-03 12:43:54.961 D/dalvikvm(15954): WAIT_FOR_CONCURRENT_GC blocked 4ms
02-03 12:43:54.961 D/dalvikvm(15954): GC_FOR_ALLOC freed 3509K, 42% free 9679K/16616K, paused 4ms, total 4ms
02-03 12:43:54.971 D/dalvikvm(15954): GC_FOR_ALLOC freed 4358K, 45% free 9179K/16616K, paused 4ms, total 4ms
02-03 12:43:54.981 D/dalvikvm(15954): GC_CONCURRENT freed 3866K, 44% free 9348K/16616K, paused 1ms+1ms, total 5ms
02-03 12:43:54.981 D/dalvikvm(15954): WAIT_FOR_CONCURRENT_GC blocked 4ms
02-03 12:43:54.981 D/dalvikvm(15954): GC_FOR_ALLOC freed 3541K, 42% free 9686K/16616K, paused 4ms, total 4ms
02-03 12:43:54.991 D/dalvikvm(15954): GC_FOR_ALLOC freed 4421K, 45% free 9183K/16616K, paused 4ms, total 4ms
02-03 12:43:55.001 D/dalvikvm(15954): GC_FOR_ALLOC freed 3746K, 44% free 9372K/16616K, paused 4ms, total 4ms
02-03 12:43:55.011 D/dalvikvm(15954): GC_FOR_ALLOC freed 3749K, 44% free 9383K/16616K, paused 4ms, total 4ms
02-03 12:43:55.021 D/dalvikvm(15954): GC_FOR_ALLOC freed 3613K, 45% free 9303K/16616K, paused 4ms, total 4ms
02-03 12:43:55.091 D/dalvikvm(15954): GC_CONCURRENT freed 4492K, 47% free 8899K/16616K, paused 1ms+1ms, total 7ms
02-03 12:43:55.091 D/dalvikvm(15954): WAIT_FOR_CONCURRENT_GC blocked 6ms
02-03 12:43:55.101 D/dalvikvm(15954): GC_CONCURRENT freed 4015K, 47% free 8944K/16616K, paused 1ms+1ms, total 5ms
02-03 12:43:55.101 D/dalvikvm(15954): WAIT_FOR_CONCURRENT_GC blocked 4ms
02-03 12:43:55.111 D/dalvikvm(15954): GC_FOR_ALLOC freed 4094K, 47% free 8932K/16616K, paused 4ms, total 4ms
02-03 12:43:55.121 D/dalvikvm(15954): GC_CONCURRENT freed 3306K, 46% free 9046K/16616K, paused 0ms+1ms, total 5ms
02-03 12:43:55.131 D/dalvikvm(15954): GC_CONCURRENT freed 4158K, 47% free 8968K/16616K, paused 1ms+0ms, total 5ms
02-03 12:43:55.131 D/dalvikvm(15954): WAIT_FOR_CONCURRENT_GC blocked 4ms
02-03 12:43:55.131 D/dalvikvm(15954): GC_CONCURRENT freed 4085K, 47% free 8971K/16616K, paused 1ms+1ms, total 5ms
02-03 12:43:55.131 D/dalvikvm(15954): WAIT_FOR_CONCURRENT_GC blocked 4ms
02-03 12:43:55.141 D/dalvikvm(15954): GC_FOR_ALLOC freed 4041K, 47% free 8940K/16616K, paused 4ms, total 4ms
02-03 12:43:55.151 D/dalvikvm(15954): GC_CONCURRENT freed 3962K, 46% free 9067K/16616K, paused 0ms+1ms, total 5ms
02-03 12:43:55.151 D/dalvikvm(15954): WAIT_FOR_CONCURRENT_GC blocked 2ms
02-03 12:43:55.151 D/dalvikvm(15954): GC_FOR_ALLOC freed 4131K, 46% free 9002K/16616K, paused 4ms, total 4ms
02-03 12:43:55.161 D/dalvikvm(15954): GC_CONCURRENT freed 3842K, 45% free 9186K/16616K, paused 0ms+1ms, total 5ms
02-03 12:43:55.161 D/dalvikvm(15954): WAIT_FOR_CONCURRENT_GC blocked 1ms
02-03 12:43:55.171 D/dalvikvm(15954): GC_FOR_ALLOC freed 4159K, 46% free 9082K/16616K, paused 4ms, total 4ms
02-03 12:43:55.171 D/dalvikvm(15954): GC_CONCURRENT freed 3807K, 45% free 9248K/16616K, paused 0ms+1ms, total 6ms
02-03 12:43:55.171 D/dalvikvm(15954): WAIT_FOR_CONCURRENT_GC blocked 2ms
02-03 12:43:55.181 D/dalvikvm(15954): GC_CONCURRENT freed 4129K, 45% free 9184K/16616K, paused 0ms+1ms, total 4ms
02-03 12:43:55.181 D/dalvikvm(15954): WAIT_FOR_CONCURRENT_GC blocked 4ms
02-03 12:43:55.191 D/dalvikvm(15954): GC_FOR_ALLOC freed 4230K, 46% free 9005K/16616K, paused 4ms, total 4ms
02-03 12:43:55.201 D/dalvikvm(15954): GC_CONCURRENT freed 3283K, 44% free 9326K/16616K, paused 1ms+1ms, total 6ms
02-03 12:43:55.201 D/dalvikvm(15954): GC_FOR_ALLOC freed 4279K, 46% free 9043K/16616K, paused 4ms, total 4ms
02-03 12:43:55.211 D/dalvikvm(15954): GC_CONCURRENT freed 2888K, 43% free 9500K/16616K, paused 1ms+1ms, total 6ms
02-03 12:43:55.221 D/dalvikvm(15954): GC_CONCURRENT freed 4430K, 45% free 9151K/16616K, paused 0ms+1ms, total 5ms
02-03 12:43:55.221 D/dalvikvm(15954): WAIT_FOR_CONCURRENT_GC blocked 4ms
02-03 12:43:55.221 D/dalvikvm(15954): GC_FOR_ALLOC freed 4093K, 46% free 8990K/16616K, paused 4ms, total 4ms
02-03 12:43:55.231 D/dalvikvm(15954): GC_FOR_ALLOC freed 3928K, 46% free 8989K/16616K, paused 4ms, total 4ms
02-03 12:43:55.241 D/dalvikvm(15954): GC_CONCURRENT freed 3912K, 46% free 9108K/16616K, paused 0ms+1ms, total 4ms
02-03 12:43:55.241 D/dalvikvm(15954): WAIT_FOR_CONCURRENT_GC blocked 4ms
02-03 12:43:55.251 D/dalvikvm(15954): GC_CONCURRENT freed 3955K, 45% free 9168K/16616K, paused 0ms+1ms, total 5ms
02-03 12:43:55.251 D/dalvikvm(15954): WAIT_FOR_CONCURRENT_GC blocked 4ms
02-03 12:43:55.251 D/dalvikvm(15954): GC_FOR_ALLOC freed 4112K, 46% free 8990K/16616K, paused 4ms, total 4ms
02-03 12:43:55.261 D/dalvikvm(15954): GC_FOR_ALLOC freed 4023K, 46% free 9050K/16616K, paused 4ms, total 4ms
02-03 12:43:55.271 D/dalvikvm(15954): GC_CONCURRENT freed 3227K, 42% free 9648K/16616K, paused 0ms+1ms, total 5ms
02-03 12:43:55.271 D/dalvikvm(15954): GC_FOR_ALLOC freed 4695K, 46% free 9022K/16616K, paused 4ms, total 4ms
02-03 12:43:55.281 D/dalvikvm(15954): GC_CONCURRENT freed 3160K, 45% free 9280K/16616K, paused 0ms+1ms, total 5ms
02-03 12:43:55.291 D/dalvikvm(15954): GC_CONCURRENT freed 4147K, 45% free 9153K/16616K, paused 1ms+1ms, total 6ms
02-03 12:43:55.291 D/dalvikvm(15954): WAIT_FOR_CONCURRENT_GC blocked 4ms
02-03 12:43:55.301 D/dalvikvm(15954): GC_CONCURRENT freed 4092K, 46% free 9085K/16616K, paused 1ms+1ms, total 5ms
02-03 12:43:55.301 D/dalvikvm(15954): WAIT_FOR_CONCURRENT_GC blocked 4ms
02-03 12:43:55.301 D/dalvikvm(15954): GC_CONCURRENT freed 3891K, 45% free 9224K/16616K, paused 1ms+1ms, total 5ms
02-03 12:43:55.301 D/dalvikvm(15954): WAIT_FOR_CONCURRENT_GC blocked 4ms
02-03 12:43:55.311 D/dalvikvm(15954): GC_FOR_ALLOC freed 3957K, 45% free 9226K/16616K, paused 4ms, total 4ms
02-03 12:43:55.321 D/dalvikvm(15954): GC_CONCURRENT freed 4024K, 45% free 9228K/16616K, paused 1ms+1ms, total 6ms
02-03 12:43:55.321 D/dalvikvm(15954): WAIT_FOR_CONCURRENT_GC blocked 4ms
02-03 12:43:55.331 D/dalvikvm(15954): GC_CONCURRENT freed 4091K, 45% free 9230K/16616K, paused 1ms+1ms, total 5ms
02-03 12:43:55.331 D/dalvikvm(15954): WAIT_FOR_CONCURRENT_GC blocked 4ms
02-03 12:43:55.331 D/dalvikvm(15954): GC_FOR_ALLOC freed 4158K, 46% free 9115K/16616K, paused 4ms, total 4ms
02-03 12:43:55.341 D/dalvikvm(15954): GC_CONCURRENT freed 3013K, 43% free 9566K/16616K, paused 1ms+1ms, total 6ms
02-03 12:43:55.351 D/dalvikvm(15954): GC_CONCURRENT freed 4421K, 46% free 9117K/16616K, paused 1ms+0ms, total 5ms
02-03 12:43:55.351 D/dalvikvm(15954): WAIT_FOR_CONCURRENT_GC blocked 4ms
02-03 12:43:55.361 D/dalvikvm(15954): GC_FOR_ALLOC freed 3796K, 45% free 9272K/16616K, paused 4ms, total 4ms
02-03 12:43:55.361 D/dalvikvm(15954): GC_CONCURRENT freed 4081K, 45% free 9199K/16616K, paused 1ms+0ms, total 5ms
02-03 12:43:55.361 D/dalvikvm(15954): WAIT_FOR_CONCURRENT_GC blocked 4ms
02-03 12:43:55.371 D/dalvikvm(15954): GC_FOR_ALLOC freed 4062K, 46% free 9040K/16616K, paused 4ms, total 4ms
02-03 12:43:55.381 D/dalvikvm(15954): GC_FOR_ALLOC freed 3960K, 46% free 9038K/16616K, paused 4ms, total 4ms
02-03 12:43:55.381 D/dalvikvm(15954): GC_CONCURRENT freed 3845K, 45% free 9204K/16616K, paused 1ms+1ms, total 5ms
02-03 12:43:55.381 D/dalvikvm(15954): WAIT_FOR_CONCURRENT_GC blocked 3ms
02-03 12:43:55.391 D/dalvikvm(15954): GC_CONCURRENT freed 4060K, 45% free 9209K/16616K, paused 1ms+1ms, total 5ms
02-03 12:43:55.391 D/dalvikvm(15954): WAIT_FOR_CONCURRENT_GC blocked 3ms
02-03 12:43:55.401 D/dalvikvm(15954): GC_FOR_ALLOC freed 3865K, 45% free 9292K/16616K, paused 4ms, total 4ms
02-03 12:43:55.411 D/dalvikvm(15954): GC_CONCURRENT freed 4167K, 46% free 9123K/16616K, paused 1ms+1ms, total 5ms
02-03 12:43:55.411 D/dalvikvm(15954): WAIT_FOR_CONCURRENT_GC blocked 4ms
02-03 12:43:55.411 D/dalvikvm(15954): GC_FOR_ALLOC freed 4046K, 46% free 9036K/16616K, paused 4ms, total 4ms
02-03 12:43:55.421 D/dalvikvm(15954): GC_CONCURRENT freed 3826K, 45% free 9299K/16616K, paused 0ms+1ms, total 6ms
02-03 12:43:55.421 D/dalvikvm(15954): WAIT_FOR_CONCURRENT_GC blocked 5ms
02-03 12:43:55.431 D/dalvikvm(15954): GC_FOR_ALLOC freed 4137K, 46% free 9068K/16616K, paused 4ms, total 4ms
02-03 12:43:55.441 D/dalvikvm(15954): GC_CONCURRENT freed 3911K, 45% free 9159K/16616K, paused 0ms+1ms, total 5ms
02-03 12:43:55.441 D/dalvikvm(15954): WAIT_FOR_CONCURRENT_GC blocked 4ms
02-03 12:43:55.451 D/dalvikvm(15954): GC_FOR_ALLOC freed 3773K, 44% free 9341K/16616K, paused 4ms, total 4ms
02-03 12:43:55.451 D/dalvikvm(15954): GC_CONCURRENT freed 4085K, 45% free 9256K/16616K, paused 1ms+2ms, total 6ms
02-03 12:43:55.451 D/dalvikvm(15954): WAIT_FOR_CONCURRENT_GC blocked 4ms
02-03 12:43:55.461 D/dalvikvm(15954): GC_FOR_ALLOC freed 4038K, 46% free 9072K/16616K, paused 4ms, total 4ms
02-03 12:43:55.471 D/dalvikvm(15954): GC_FOR_ALLOC freed 3890K, 46% free 9073K/16616K, paused 4ms, total 4ms
02-03 12:43:55.471 D/dalvikvm(15954): GC_FOR_ALLOC freed 3928K, 46% free 9075K/16616K, paused 4ms, total 4ms
02-03 12:43:55.481 D/dalvikvm(15954): GC_FOR_ALLOC freed 3965K, 46% free 9077K/16616K, paused 4ms, total 4ms
02-03 12:43:55.491 D/dalvikvm(15954): GC_CONCURRENT freed 3812K, 45% free 9270K/16616K, paused 0ms+1ms, total 4ms
02-03 12:43:55.491 D/dalvikvm(15954): WAIT_FOR_CONCURRENT_GC blocked 4ms
02-03 12:43:55.501 D/dalvikvm(15954): GC_CONCURRENT freed 4039K, 45% free 9273K/16616K, paused 1ms+1ms, total 6ms
02-03 12:43:55.501 D/dalvikvm(15954): WAIT_FOR_CONCURRENT_GC blocked 4ms
02-03 12:43:55.511 D/dalvikvm(15954): GC_CONCURRENT freed 4077K, 45% free 9277K/16616K, paused 0ms+1ms, total 5ms
02-03 12:43:55.511 D/dalvikvm(15954): WAIT_FOR_CONCURRENT_GC blocked 2ms
02-03 12:43:55.511 D/dalvikvm(15954): GC_FOR_ALLOC freed 3818K, 44% free 9378K/16616K, paused 4ms, total 4ms
02-03 12:43:55.521 D/dalvikvm(15954): GC_FOR_ALLOC freed 4149K, 45% free 9184K/16616K, paused 6ms, total 6ms
02-03 12:43:55.541 D/dalvikvm(15954): GC_FOR_ALLOC freed 3987K, 46% free 9087K/16616K, paused 14ms, total 14ms
02-03 12:43:55.551 W/BindingManager(18937): Cannot call determinedVisibility() - never saw a connection for the pid: 18937
02-03 12:43:55.551 D/dalvikvm(15954): GC_FOR_ALLOC freed 3718K, 44% free 9390K/16616K, paused 5ms, total 6ms
02-03 12:43:55.561 D/dalvikvm(15954): GC_CONCURRENT freed 3550K, 41% free 9898K/16616K, paused 1ms+1ms, total 10ms
02-03 12:43:55.561 D/dalvikvm(15954): WAIT_FOR_CONCURRENT_GC blocked 2ms
02-03 12:43:55.581 D/dalvikvm(15954): GC_CONCURRENT freed 4591K, 45% free 9297K/16616K, paused 1ms+1ms, total 8ms
02-03 12:43:55.581 D/dalvikvm(15954): WAIT_FOR_CONCURRENT_GC blocked 7ms
02-03 12:43:55.581 D/dalvikvm(15954): GC_FOR_ALLOC freed 4019K, 45% free 9197K/16616K, paused 5ms, total 5ms
02-03 12:43:55.611 D/dalvikvm(15954): GC_CONCURRENT freed 3950K, 45% free 9304K/16616K, paused 1ms+1ms, total 23ms
02-03 12:43:55.611 D/dalvikvm(15954): WAIT_FOR_CONCURRENT_GC blocked 22ms
02-03 12:43:55.621 D/dalvikvm(15954): GC_FOR_ALLOC freed 4086K, 45% free 9202K/16616K, paused 4ms, total 5ms
02-03 12:43:55.631 D/dalvikvm(15954): GC_CONCURRENT freed 1796K, 40% free 10045K/16616K, paused 1ms+1ms, total 6ms
02-03 12:43:55.631 D/dalvikvm(15954): GC_FOR_ALLOC freed 4878K, 45% free 9206K/16616K, paused 5ms, total 5ms
02-03 12:43:55.641 D/dalvikvm(15954): GC_CONCURRENT freed 3000K, 39% free 10168K/16616K, paused 1ms+2ms, total 7ms
02-03 12:43:55.641 D/dalvikvm(15954): WAIT_FOR_CONCURRENT_GC blocked 1ms
02-03 12:43:55.651 D/dalvikvm(15954): GC_CONCURRENT freed 4845K, 44% free 9315K/16616K, paused 4ms+1ms, total 9ms
02-03 12:43:55.651 D/dalvikvm(15954): WAIT_FOR_CONCURRENT_GC blocked 4ms
02-03 12:43:55.661 D/dalvikvm(15954): GC_FOR_ALLOC freed 4016K, 46% free 9101K/16616K, paused 5ms, total 5ms
02-03 12:43:55.671 D/dalvikvm(15954): GC_FOR_ALLOC freed 3827K, 46% free 9103K/16616K, paused 4ms, total 4ms
02-03 12:43:55.681 D/dalvikvm(15954): GC_FOR_ALLOC freed 3853K, 46% free 9104K/16616K, paused 4ms, total 4ms
02-03 12:43:55.681 D/dalvikvm(15954): GC_FOR_ALLOC freed 3879K, 46% free 9106K/16616K, paused 4ms, total 4ms
02-03 12:43:55.691 D/dalvikvm(15954): GC_FOR_ALLOC freed 3905K, 46% free 9107K/16616K, paused 3ms, total 4ms
02-03 12:43:55.701 D/dalvikvm(15954): GC_FOR_ALLOC freed 3931K, 46% free 9109K/16616K, paused 4ms, total 4ms
02-03 12:43:55.701 D/dalvikvm(15954): GC_FOR_ALLOC freed 3957K, 46% free 9110K/16616K, paused 4ms, total 4ms
02-03 12:43:55.711 D/dalvikvm(15954): GC_CONCURRENT freed 3756K, 44% free 9339K/16616K, paused 1ms+1ms, total 5ms
02-03 12:43:55.711 D/dalvikvm(15954): WAIT_FOR_CONCURRENT_GC blocked 4ms
02-03 12:43:55.721 D/dalvikvm(15954): GC_CONCURRENT freed 4008K, 44% free 9342K/16616K, paused 0ms+1ms, total 4ms
02-03 12:43:55.721 D/dalvikvm(15954): WAIT_FOR_CONCURRENT_GC blocked 4ms
02-03 12:43:55.721 D/dalvikvm(15954): GC_CONCURRENT freed 4034K, 44% free 9345K/16616K, paused 0ms+1ms, total 4ms
02-03 12:43:55.721 D/dalvikvm(15954): WAIT_FOR_CONCURRENT_GC blocked 4ms
02-03 12:43:55.731 D/dalvikvm(15954): GC_CONCURRENT freed 4061K, 44% free 9349K/16616K, paused 1ms+1ms, total 5ms
02-03 12:43:55.731 D/dalvikvm(15954): WAIT_FOR_CONCURRENT_GC blocked 4ms
02-03 12:43:55.741 D/dalvikvm(15954): GC_CONCURRENT freed 4090K, 44% free 9352K/16616K, paused 0ms+1ms, total 4ms
02-03 12:43:55.741 D/dalvikvm(15954): WAIT_FOR_CONCURRENT_GC blocked 4ms
02-03 12:43:55.751 D/dalvikvm(15954): GC_FOR_ALLOC freed 3764K, 43% free 9472K/16616K, paused 4ms, total 4ms
02-03 12:43:55.751 D/dalvikvm(15954): GC_FOR_ALLOC freed 4146K, 45% free 9239K/16616K, paused 4ms, total 4ms
02-03 12:43:55.761 D/dalvikvm(15954): GC_FOR_ALLOC freed 3937K, 46% free 9123K/16616K, paused 4ms, total 4ms
02-03 12:43:55.771 D/dalvikvm(15954): GC_FOR_ALLOC freed 3601K, 43% free 9484K/16616K, paused 4ms, total 4ms
02-03 12:43:55.771 D/dalvikvm(15954): GC_FOR_ALLOC freed 4229K, 45% free 9246K/16616K, paused 4ms, total 4ms
02-03 12:43:55.781 D/dalvikvm(15954): GC_CONCURRENT freed 3166K, 40% free 9976K/16616K, paused 1ms+0ms, total 6ms
02-03 12:43:55.781 D/dalvikvm(15954): WAIT_FOR_CONCURRENT_GC blocked 3ms
02-03 12:43:55.781 D/dalvikvm(15954): GC_FOR_ALLOC freed 4520K, 43% free 9496K/16616K, paused 4ms, total 4ms
02-03 12:43:55.791 D/dalvikvm(15954): GC_CONCURRENT freed 3453K, 40% free 10111K/16616K, paused 1ms+1ms, total 6ms
02-03 12:43:55.791 D/dalvikvm(15954): WAIT_FOR_CONCURRENT_GC blocked 2ms
02-03 12:43:55.801 D/dalvikvm(15954): GC_CONCURRENT freed 4702K, 44% free 9380K/16616K, paused 0ms+1ms, total 4ms
02-03 12:43:55.801 D/dalvikvm(15954): WAIT_FOR_CONCURRENT_GC blocked 4ms
02-03 12:43:55.811 D/dalvikvm(15954): GC_FOR_ALLOC freed 3990K, 45% free 9258K/16616K, paused 4ms, total 4ms
02-03 12:43:55.811 D/dalvikvm(15954): GC_CONCURRENT freed 3891K, 44% free 9386K/16616K, paused 1ms+1ms, total 5ms
02-03 12:43:55.811 D/dalvikvm(15954): WAIT_FOR_CONCURRENT_GC blocked 4ms
02-03 12:43:55.821 D/dalvikvm(15954): GC_FOR_ALLOC freed 4039K, 45% free 9262K/16616K, paused 4ms, total 4ms
02-03 12:43:55.831 D/dalvikvm(15954): GC_CONCURRENT freed 3938K, 44% free 9392K/16616K, paused 1ms+1ms, total 5ms
02-03 12:43:55.831 D/dalvikvm(15954): WAIT_FOR_CONCURRENT_GC blocked 4ms
02-03 12:43:55.831 D/dalvikvm(15954): GC_FOR_ALLOC freed 4087K, 45% free 9267K/16616K, paused 4ms, total 4ms
02-03 12:43:55.841 D/dalvikvm(15954): GC_FOR_ALLOC freed 3596K, 43% free 9526K/16616K, paused 4ms, total 4ms
02-03 12:43:55.851 D/dalvikvm(15954): GC_FOR_ALLOC freed 4263K, 45% free 9142K/16616K, paused 4ms, total 4ms
02-03 12:43:55.851 D/dalvikvm(15954): GC_FOR_ALLOC freed 3897K, 45% free 9273K/16616K, paused 3ms, total 4ms
02-03 12:43:55.861 D/dalvikvm(15954): GC_CONCURRENT freed 3007K, 39% free 10186K/16616K, paused 0ms+1ms, total 6ms
02-03 12:43:55.861 D/dalvikvm(15954): WAIT_FOR_CONCURRENT_GC blocked 2ms
02-03 12:43:55.871 D/dalvikvm(15954): GC_FOR_ALLOC freed 4984K, 45% free 9147K/16616K, paused 4ms, total 4ms
02-03 12:43:55.871 D/dalvikvm(15954): GC_FOR_ALLOC freed 3962K, 45% free 9280K/16616K, paused 4ms, total 4ms
02-03 12:43:55.881 D/dalvikvm(15954): GC_CONCURRENT freed 3057K, 39% free 10208K/16616K, paused 1ms+1ms, total 6ms
02-03 12:43:55.881 D/dalvikvm(15954): WAIT_FOR_CONCURRENT_GC blocked 2ms
02-03 12:43:55.891 D/dalvikvm(15954): GC_CONCURRENT freed 4799K, 44% free 9418K/16616K, paused 1ms+0ms, total 5ms
02-03 12:43:55.891 D/dalvikvm(15954): WAIT_FOR_CONCURRENT_GC blocked 4ms
02-03 12:43:55.891 D/dalvikvm(15954): GC_FOR_ALLOC freed 4025K, 45% free 9152K/16616K, paused 4ms, total 4ms
02-03 12:43:55.901 D/dalvikvm(15954): GC_FOR_ALLOC freed 3778K, 45% free 9154K/16616K, paused 4ms, total 4ms
02-03 12:43:55.911 D/dalvikvm(15954): GC_FOR_ALLOC freed 3797K, 45% free 9155K/16616K, paused 4ms, total 4ms
02-03 12:43:55.911 D/dalvikvm(15954): GC_FOR_ALLOC freed 3816K, 45% free 9157K/16616K, paused 4ms, total 4ms
02-03 12:43:55.921 D/dalvikvm(15954): GC_FOR_ALLOC freed 3835K, 45% free 9158K/16616K, paused 4ms, total 4ms
02-03 12:43:55.931 D/dalvikvm(15954): GC_FOR_ALLOC freed 3853K, 45% free 9159K/16616K, paused 3ms, total 4ms
02-03 12:43:55.931 D/dalvikvm(15954): GC_FOR_ALLOC freed 3872K, 45% free 9161K/16616K, paused 4ms, total 4ms
02-03 12:43:55.941 D/dalvikvm(15954): GC_FOR_ALLOC freed 3891K, 45% free 9162K/16616K, paused 3ms, total 4ms
02-03 12:43:55.941 D/dalvikvm(15954): GC_FOR_ALLOC freed 3910K, 45% free 9163K/16616K, paused 4ms, total 4ms
02-03 12:43:55.951 D/dalvikvm(15954): GC_FOR_ALLOC freed 3929K, 45% free 9165K/16616K, paused 4ms, total 4ms
02-03 12:43:55.961 D/dalvikvm(15954): GC_FOR_ALLOC freed 3947K, 45% free 9166K/16616K, paused 4ms, total 4ms
02-03 12:43:55.961 D/dalvikvm(15954): GC_FOR_ALLOC freed 3966K, 45% free 9167K/16616K, paused 4ms, total 4ms
02-03 12:43:55.971 D/dalvikvm(15954): GC_CONCURRENT freed 3560K, 43% free 9594K/16616K, paused 1ms+1ms, total 6ms
02-03 12:43:55.971 D/dalvikvm(15954): WAIT_FOR_CONCURRENT_GC blocked 2ms
02-03 12:43:55.981 D/dalvikvm(15954): GC_CONCURRENT freed 4143K, 44% free 9456K/16616K, paused 0ms+1ms, total 4ms
02-03 12:43:55.981 D/dalvikvm(15954): WAIT_FOR_CONCURRENT_GC blocked 5ms
02-03 12:43:55.991 D/dalvikvm(15954): GC_CONCURRENT freed 4021K, 44% free 9459K/16616K, paused 1ms+0ms, total 5ms
02-03 12:43:55.991 D/dalvikvm(15954): WAIT_FOR_CONCURRENT_GC blocked 4ms
02-03 12:43:55.991 D/dalvikvm(15954): GC_CONCURRENT freed 4040K, 44% free 9461K/16616K, paused 0ms+1ms, total 4ms
02-03 12:43:55.991 D/dalvikvm(15954): WAIT_FOR_CONCURRENT_GC blocked 4ms
02-03 12:43:56.001 D/dalvikvm(15954): GC_CONCURRENT freed 4059K, 44% free 9464K/16616K, paused 1ms+1ms, total 5ms
02-03 12:43:56.001 D/dalvikvm(15954): WAIT_FOR_CONCURRENT_GC blocked 4ms
02-03 12:43:56.011 D/dalvikvm(15954): GC_CONCURRENT freed 4078K, 44% free 9467K/16616K, paused 1ms+0ms, total 5ms
02-03 12:43:56.011 D/dalvikvm(15954): WAIT_FOR_CONCURRENT_GC blocked 4ms
02-03 12:43:56.021 D/dalvikvm(15954): GC_FOR_ALLOC freed 3656K, 43% free 9615K/16616K, paused 3ms, total 4ms
02-03 12:43:56.021 D/dalvikvm(15954): GC_FOR_ALLOC freed 4113K, 44% free 9324K/16616K, paused 4ms, total 4ms
02-03 12:43:56.031 D/dalvikvm(15954): GC_FOR_ALLOC freed 3837K, 45% free 9179K/16616K, paused 4ms, total 4ms
02-03 12:43:56.031 D/dalvikvm(15954): GC_FOR_ALLOC freed 3407K, 43% free 9624K/16616K, paused 4ms, total 4ms
02-03 12:43:56.041 D/dalvikvm(15954): GC_FOR_ALLOC freed 4165K, 44% free 9330K/16616K, paused 4ms, total 4ms
02-03 12:43:56.051 D/dalvikvm(15954): GC_FOR_ALLOC freed 3885K, 45% free 9183K/16616K, paused 4ms, total 4ms
02-03 12:43:56.051 D/dalvikvm(15954): GC_FOR_ALLOC freed 3449K, 43% free 9633K/16616K, paused 4ms, total 4ms
02-03 12:43:56.061 D/dalvikvm(15954): GC_FOR_ALLOC freed 4217K, 44% free 9335K/16616K, paused 4ms, total 4ms
02-03 12:43:56.071 D/dalvikvm(15954): GC_FOR_ALLOC freed 3933K, 45% free 9186K/16616K, paused 4ms, total 4ms
02-03 12:43:56.071 D/dalvikvm(15954): GC_FOR_ALLOC freed 3492K, 42% free 9643K/16616K, paused 3ms, total 3ms
02-03 12:43:56.081 D/dalvikvm(15954): GC_FOR_ALLOC freed 4269K, 44% free 9341K/16616K, paused 4ms, total 4ms
02-03 12:43:56.091 D/dalvikvm(15954): GC_FOR_ALLOC freed 3981K, 45% free 9190K/16616K, paused 4ms, total 4ms
02-03 12:43:56.091 D/dalvikvm(15954): GC_CONCURRENT freed 3534K, 42% free 9652K/16616K, paused 1ms+1ms, total 6ms
02-03 12:43:56.101 D/dalvikvm(15954): GC_CONCURRENT freed 4320K, 44% free 9347K/16616K, paused 1ms+1ms, total 5ms
02-03 12:43:56.101 D/dalvikvm(15954): WAIT_FOR_CONCURRENT_GC blocked 4ms
02-03 12:43:56.111 D/dalvikvm(15954): GC_FOR_ALLOC freed 4029K, 45% free 9194K/16616K, paused 5ms, total 5ms
02-03 12:43:56.121 D/dalvikvm(15954): GC_CONCURRENT freed 3577K, 42% free 9661K/16616K, paused 1ms+1ms, total 6ms
02-03 12:43:56.121 D/dalvikvm(15954): WAIT_FOR_CONCURRENT_GC blocked 5ms
02-03 12:43:56.131 D/dalvikvm(15954): GC_CONCURRENT freed 4372K, 44% free 9352K/16616K, paused 4ms+1ms, total 9ms
02-03 12:43:56.151 D/dalvikvm(15954): GC_FOR_ALLOC freed 4077K, 45% free 9198K/16616K, paused 6ms, total 6ms
02-03 12:43:56.161 D/dalvikvm(15954): GC_CONCURRENT freed 3619K, 42% free 9670K/16616K, paused 1ms+1ms, total 6ms
02-03 12:43:56.161 D/dalvikvm(15954): WAIT_FOR_CONCURRENT_GC blocked 3ms
02-03 12:43:56.161 W/BindingManager(18937): Cannot call determinedVisibility() - never saw a connection for the pid: 18937
02-03 12:43:56.171 D/dalvikvm(15954): GC_FOR_ALLOC freed 4107K, 45% free 9200K/16616K, paused 7ms, total 8ms
02-03 12:43:56.181 D/dalvikvm(15954): GC_FOR_ALLOC freed 3646K, 44% free 9359K/16616K, paused 5ms, total 6ms
02-03 12:43:56.191 D/dalvikvm(15954): GC_CONCURRENT freed 3820K, 43% free 9520K/16616K, paused 1ms+0ms, total 6ms
02-03 12:43:56.191 D/dalvikvm(15954): WAIT_FOR_CONCURRENT_GC blocked 5ms
02-03 12:43:56.191 I/chromium(18937): [INFO:CONSOLE(49)] "Uncaught ReferenceError: SharedWorker is not defined", source: app://org.xwalk.webapi_noneservice_tests//opt/tct-workers-w3c-tests/workers/SharedWorkerLocation_search_fragment.html (49)
02-03 12:43:56.201 D/dalvikvm(15954): GC_FOR_ALLOC freed 3992K, 44% free 9363K/16616K, paused 5ms, total 5ms
02-03 12:43:56.211 D/dalvikvm(15954): GC_CONCURRENT freed 3850K, 43% free 9526K/16616K, paused 1ms+1ms, total 6ms
02-03 12:43:56.211 D/dalvikvm(15954): WAIT_FOR_CONCURRENT_GC blocked 5ms
02-03 12:43:56.221 D/dalvikvm(15954): GC_FOR_ALLOC freed 4023K, 44% free 9366K/16616K, paused 6ms, total 6ms
02-03 12:43:56.231 D/dalvikvm(15954): GC_FOR_ALLOC freed 4201K, 45% free 9207K/16616K, paused 4ms, total 5ms
02-03 12:43:56.231 D/dalvikvm(15954): GC_CONCURRENT freed 2598K, 37% free 10502K/16616K, paused 1ms+1ms, total 6ms
02-03 12:43:56.231 D/dalvikvm(15954): WAIT_FOR_CONCURRENT_GC blocked 2ms
02-03 12:43:56.241 D/dalvikvm(15954): GC_FOR_ALLOC freed 4550K, 44% free 9371K/16616K, paused 4ms, total 4ms
02-03 12:43:56.251 D/dalvikvm(15954): GC_CONCURRENT freed 3921K, 43% free 9537K/16616K, paused 1ms+1ms, total 5ms
02-03 12:43:56.251 D/dalvikvm(15954): WAIT_FOR_CONCURRENT_GC blocked 3ms
02-03 12:43:56.261 D/dalvikvm(15954): GC_FOR_ALLOC freed 4098K, 44% free 9375K/16616K, paused 4ms, total 4ms
02-03 12:43:56.261 D/dalvikvm(15954): GC_FOR_ALLOC freed 3456K, 42% free 9706K/16616K, paused 4ms, total 4ms
02-03 12:43:56.271 D/dalvikvm(15954): GC_FOR_ALLOC freed 4295K, 45% free 9214K/16616K, paused 4ms, total 4ms
02-03 12:43:56.281 D/dalvikvm(15954): GC_CONCURRENT freed 3812K, 44% free 9380K/16616K, paused 1ms+0ms, total 5ms
02-03 12:43:56.281 D/dalvikvm(15954): WAIT_FOR_CONCURRENT_GC blocked 4ms
02-03 12:43:56.281 D/dalvikvm(15954): GC_FOR_ALLOC freed 3490K, 42% free 9714K/16616K, paused 4ms, total 4ms
02-03 12:43:56.291 D/dalvikvm(15954): GC_FOR_ALLOC freed 4335K, 45% free 9217K/16616K, paused 4ms, total 4ms
02-03 12:43:56.301 D/dalvikvm(15954): GC_CONCURRENT freed 3846K, 44% free 9385K/16616K, paused 1ms+0ms, total 5ms
02-03 12:43:56.301 D/dalvikvm(15954): WAIT_FOR_CONCURRENT_GC blocked 4ms
02-03 12:43:56.301 D/dalvikvm(15954): GC_FOR_ALLOC freed 3522K, 42% free 9722K/16616K, paused 4ms, total 4ms
02-03 12:43:56.311 D/dalvikvm(15954): GC_FOR_ALLOC freed 4374K, 45% free 9220K/16616K, paused 4ms, total 4ms
02-03 12:43:56.321 D/dalvikvm(15954): GC_CONCURRENT freed 3881K, 44% free 9389K/16616K, paused 1ms+0ms, total 5ms
02-03 12:43:56.321 D/dalvikvm(15954): WAIT_FOR_CONCURRENT_GC blocked 4ms
02-03 12:43:56.321 D/dalvikvm(15954): GC_FOR_ALLOC freed 3937K, 44% free 9396K/16616K, paused 4ms, total 4ms
02-03 12:43:56.331 D/dalvikvm(15954): GC_FOR_ALLOC freed 3928K, 45% free 9215K/16616K, paused 4ms, total 4ms
02-03 12:43:56.341 D/dalvikvm(15954): GC_FOR_ALLOC freed 3760K, 45% free 9216K/16616K, paused 4ms, total 4ms
02-03 12:43:56.381 D/dalvikvm(15954): GC_FOR_ALLOC freed 2745K, 38% free 10311K/16616K, paused 4ms, total 4ms
02-03 12:43:56.451 D/dalvikvm(15954): GC_CONCURRENT freed 5470K, 47% free 8936K/16616K, paused 0ms+1ms, total 6ms
02-03 12:43:56.451 D/dalvikvm(15954): WAIT_FOR_CONCURRENT_GC blocked 5ms
02-03 12:43:56.461 D/dalvikvm(15954): GC_FOR_ALLOC freed 4048K, 47% free 8963K/16616K, paused 4ms, total 4ms
02-03 12:43:56.471 D/dalvikvm(15954): GC_CONCURRENT freed 3108K, 46% free 9119K/16616K, paused 1ms+2ms, total 6ms
02-03 12:43:56.481 D/dalvikvm(15954): GC_CONCURRENT freed 4183K, 47% free 8969K/16616K, paused 0ms+1ms, total 4ms
02-03 12:43:56.481 D/dalvikvm(15954): WAIT_FOR_CONCURRENT_GC blocked 4ms
02-03 12:43:56.491 D/dalvikvm(15954): GC_FOR_ALLOC freed 4031K, 46% free 8999K/16616K, paused 4ms, total 4ms
02-03 12:43:56.491 D/dalvikvm(15954): GC_CONCURRENT freed 3707K, 44% free 9365K/16616K, paused 1ms+1ms, total 6ms
02-03 12:43:56.501 D/dalvikvm(15954): GC_FOR_ALLOC freed 4430K, 46% free 8980K/16616K, paused 4ms, total 4ms
02-03 12:43:56.501 D/dalvikvm(15954): GC_CONCURRENT freed 3885K, 45% free 9142K/16616K, paused 0ms+1ms, total 5ms
02-03 12:43:56.501 D/dalvikvm(15954): WAIT_FOR_CONCURRENT_GC blocked 1ms
02-03 12:43:56.511 D/dalvikvm(15954): GC_CONCURRENT freed 4169K, 46% free 9058K/16616K, paused 1ms+1ms, total 5ms
02-03 12:43:56.511 D/dalvikvm(15954): WAIT_FOR_CONCURRENT_GC blocked 4ms
02-03 12:43:56.521 D/dalvikvm(15954): GC_CONCURRENT freed 3987K, 46% free 9058K/16616K, paused 1ms+1ms, total 5ms
02-03 12:43:56.521 D/dalvikvm(15954): WAIT_FOR_CONCURRENT_GC blocked 4ms
02-03 12:43:56.531 D/dalvikvm(15954): GC_CONCURRENT freed 4012K, 46% free 9059K/16616K, paused 1ms+1ms, total 5ms
02-03 12:43:56.531 D/dalvikvm(15954): WAIT_FOR_CONCURRENT_GC blocked 4ms
02-03 12:43:56.541 D/dalvikvm(15954): GC_FOR_ALLOC freed 4087K, 46% free 9018K/16616K, paused 4ms, total 4ms
02-03 12:43:56.541 D/dalvikvm(15954): GC_CONCURRENT freed 3150K, 41% free 9828K/16616K, paused 1ms+1ms, total 6ms
02-03 12:43:56.551 D/dalvikvm(15954): GC_FOR_ALLOC freed 4881K, 46% free 9026K/16616K, paused 4ms, total 4ms
02-03 12:43:56.551 D/dalvikvm(15954): GC_CONCURRENT freed 3756K, 44% free 9360K/16616K, paused 0ms+1ms, total 5ms
02-03 12:43:56.551 D/dalvikvm(15954): WAIT_FOR_CONCURRENT_GC blocked 1ms
02-03 12:43:56.561 D/dalvikvm(15954): GC_CONCURRENT freed 4364K, 46% free 9084K/16616K, paused 0ms+1ms, total 4ms
02-03 12:43:56.561 D/dalvikvm(15954): WAIT_FOR_CONCURRENT_GC blocked 4ms
02-03 12:43:56.571 D/dalvikvm(15954): GC_CONCURRENT freed 4012K, 46% free 9087K/16616K, paused 1ms+1ms, total 5ms
02-03 12:43:56.571 D/dalvikvm(15954): WAIT_FOR_CONCURRENT_GC blocked 4ms
02-03 12:43:56.581 D/dalvikvm(15954): GC_FOR_ALLOC freed 3975K, 45% free 9142K/16616K, paused 4ms, total 4ms
02-03 12:43:56.581 D/dalvikvm(15954): GC_CONCURRENT freed 3769K, 44% free 9359K/16616K, paused 0ms+1ms, total 6ms
02-03 12:43:56.581 D/dalvikvm(15954): WAIT_FOR_CONCURRENT_GC blocked 2ms
02-03 12:43:56.591 D/dalvikvm(15954): GC_CONCURRENT freed 4241K, 46% free 9130K/16616K, paused 0ms+1ms, total 4ms
02-03 12:43:56.591 D/dalvikvm(15954): WAIT_FOR_CONCURRENT_GC blocked 5ms
02-03 12:43:56.601 D/dalvikvm(15954): GC_CONCURRENT freed 4082K, 46% free 9131K/16616K, paused 0ms+1ms, total 4ms
02-03 12:43:56.601 D/dalvikvm(15954): WAIT_FOR_CONCURRENT_GC blocked 5ms
02-03 12:43:56.611 D/dalvikvm(15954): GC_FOR_ALLOC freed 4005K, 45% free 9192K/16616K, paused 4ms, total 4ms
02-03 12:43:56.611 D/dalvikvm(15954): GC_CONCURRENT freed 3742K, 44% free 9433K/16616K, paused 0ms+1ms, total 5ms
02-03 12:43:56.611 D/dalvikvm(15954): WAIT_FOR_CONCURRENT_GC blocked 2ms
02-03 12:43:56.621 D/dalvikvm(15954): GC_FOR_ALLOC freed 4367K, 46% free 9010K/16616K, paused 4ms, total 4ms
02-03 12:43:56.631 D/dalvikvm(15954): GC_FOR_ALLOC freed 4030K, 46% free 9008K/16616K, paused 4ms, total 4ms
02-03 12:43:56.631 D/dalvikvm(15954): GC_CONCURRENT freed 3463K, 43% free 9525K/16616K, paused 0ms+1ms, total 5ms
02-03 12:43:56.631 D/dalvikvm(15954): WAIT_FOR_CONCURRENT_GC blocked 2ms
02-03 12:43:56.641 D/dalvikvm(15954): GC_FOR_ALLOC freed 4514K, 46% free 9072K/16616K, paused 4ms, total 4ms
02-03 12:43:56.641 D/dalvikvm(15954): GC_CONCURRENT freed 3806K, 44% free 9338K/16616K, paused 1ms+1ms, total 6ms
02-03 12:43:56.641 D/dalvikvm(15954): WAIT_FOR_CONCURRENT_GC blocked 1ms
02-03 12:43:56.651 D/dalvikvm(15954): GC_FOR_ALLOC freed 4205K, 46% free 9035K/16616K, paused 4ms, total 4ms
02-03 12:43:56.661 D/dalvikvm(15954): GC_FOR_ALLOC freed 3938K, 46% free 9033K/16616K, paused 4ms, total 4ms
02-03 12:43:56.671 D/dalvikvm(15954): GC_CONCURRENT freed 3857K, 45% free 9179K/16616K, paused 1ms+1ms, total 5ms
02-03 12:43:56.671 D/dalvikvm(15954): WAIT_FOR_CONCURRENT_GC blocked 4ms
02-03 12:43:56.671 D/dalvikvm(15954): GC_CONCURRENT freed 4066K, 45% free 9184K/16616K, paused 0ms+1ms, total 4ms
02-03 12:43:56.671 D/dalvikvm(15954): WAIT_FOR_CONCURRENT_GC blocked 3ms
02-03 12:43:56.681 D/dalvikvm(15954): GC_FOR_ALLOC freed 3913K, 45% free 9258K/16616K, paused 4ms, total 4ms
02-03 12:43:56.691 D/dalvikvm(15954): GC_CONCURRENT freed 3681K, 43% free 9628K/16616K, paused 1ms+1ms, total 6ms
02-03 12:43:56.691 D/dalvikvm(15954): WAIT_FOR_CONCURRENT_GC blocked 1ms
02-03 12:43:56.691 D/dalvikvm(15954): GC_FOR_ALLOC freed 4633K, 46% free 9033K/16616K, paused 4ms, total 4ms
02-03 12:43:56.701 D/dalvikvm(15954): GC_CONCURRENT freed 3164K, 43% free 9496K/16616K, paused 1ms+1ms, total 6ms
02-03 12:43:56.711 D/dalvikvm(15954): GC_CONCURRENT freed 4295K, 45% free 9194K/16616K, paused 1ms+0ms, total 5ms
02-03 12:43:56.711 D/dalvikvm(15954): WAIT_FOR_CONCURRENT_GC blocked 4ms
02-03 12:43:56.711 D/dalvikvm(15954): GC_FOR_ALLOC freed 4046K, 46% free 9035K/16616K, paused 4ms, total 4ms
02-03 12:43:56.721 D/dalvikvm(15954): GC_FOR_ALLOC freed 3944K, 46% free 9033K/16616K, paused 4ms, total 4ms
02-03 12:43:56.731 D/dalvikvm(15954): GC_CONCURRENT freed 3830K, 45% free 9199K/16616K, paused 1ms+0ms, total 5ms
02-03 12:43:56.731 D/dalvikvm(15954): WAIT_FOR_CONCURRENT_GC blocked 4ms
02-03 12:43:56.731 D/dalvikvm(15954): GC_CONCURRENT freed 4044K, 45% free 9203K/16616K, paused 0ms+1ms, total 4ms
02-03 12:43:56.731 D/dalvikvm(15954): WAIT_FOR_CONCURRENT_GC blocked 4ms
02-03 12:43:56.741 D/dalvikvm(15954): GC_FOR_ALLOC freed 3851K, 45% free 9287K/16616K, paused 4ms, total 4ms
02-03 12:43:56.751 D/dalvikvm(15954): GC_FOR_ALLOC freed 4153K, 45% free 9150K/16616K, paused 4ms, total 4ms
02-03 12:43:56.751 D/dalvikvm(15954): GC_CONCURRENT freed 3608K, 43% free 9488K/16616K, paused 0ms+1ms, total 5ms
02-03 12:43:56.751 D/dalvikvm(15954): WAIT_FOR_CONCURRENT_GC blocked 1ms
02-03 12:43:56.761 D/dalvikvm(15954): GC_FOR_ALLOC freed 4237K, 44% free 9326K/16616K, paused 4ms, total 4ms
02-03 12:43:56.771 D/dalvikvm(15954): GC_CONCURRENT freed 3515K, 42% free 9672K/16616K, paused 1ms+1ms, total 6ms
02-03 12:43:56.771 D/dalvikvm(15954): WAIT_FOR_CONCURRENT_GC blocked 2ms
02-03 12:43:56.771 D/dalvikvm(15954): GC_FOR_ALLOC freed 4507K, 45% free 9154K/16616K, paused 4ms, total 4ms
02-03 12:43:56.781 D/dalvikvm(15954): GC_CONCURRENT freed 3316K, 42% free 9780K/16616K, paused 1ms+1ms, total 6ms
02-03 12:43:56.781 D/dalvikvm(15954): WAIT_FOR_CONCURRENT_GC blocked 2ms
02-03 12:43:56.791 D/dalvikvm(15954): GC_CONCURRENT freed 4515K, 45% free 9251K/16616K, paused 0ms+1ms, total 4ms
02-03 12:43:56.791 D/dalvikvm(15954): WAIT_FOR_CONCURRENT_GC blocked 4ms
02-03 12:43:56.791 D/dalvikvm(15954): GC_FOR_ALLOC freed 4025K, 46% free 9067K/16616K, paused 4ms, total 4ms
02-03 12:43:56.801 D/dalvikvm(15954): GC_FOR_ALLOC freed 3878K, 46% free 9069K/16616K, paused 4ms, total 4ms
02-03 12:43:56.811 D/dalvikvm(15954): GC_FOR_ALLOC freed 3915K, 46% free 9071K/16616K, paused 4ms, total 4ms
02-03 12:43:56.811 D/dalvikvm(15954): GC_FOR_ALLOC freed 3953K, 46% free 9072K/16616K, paused 4ms, total 4ms
02-03 12:43:56.821 D/dalvikvm(15954): GC_CONCURRENT freed 3800K, 45% free 9265K/16616K, paused 1ms+1ms, total 5ms
02-03 12:43:56.821 D/dalvikvm(15954): WAIT_FOR_CONCURRENT_GC blocked 4ms
02-03 12:43:56.831 D/dalvikvm(15954): GC_CONCURRENT freed 4027K, 45% free 9268K/16616K, paused 0ms+1ms, total 4ms
02-03 12:43:56.831 D/dalvikvm(15954): WAIT_FOR_CONCURRENT_GC blocked 4ms
02-03 12:43:56.841 D/dalvikvm(15954): GC_CONCURRENT freed 4064K, 45% free 9272K/16616K, paused 1ms+1ms, total 5ms
02-03 12:43:56.841 D/dalvikvm(15954): WAIT_FOR_CONCURRENT_GC blocked 4ms
02-03 12:43:56.841 D/dalvikvm(15954): GC_FOR_ALLOC freed 3811K, 44% free 9368K/16616K, paused 4ms, total 4ms
02-03 12:43:56.851 D/dalvikvm(15954): GC_FOR_ALLOC freed 4137K, 45% free 9175K/16616K, paused 4ms, total 4ms
02-03 12:43:56.851 D/dalvikvm(15954): GC_FOR_ALLOC freed 3975K, 46% free 9079K/16616K, paused 4ms, total 4ms
02-03 12:43:56.861 D/dalvikvm(15954): GC_FOR_ALLOC freed 3707K, 44% free 9381K/16616K, paused 4ms, total 4ms
02-03 12:43:56.871 D/dalvikvm(15954): GC_CONCURRENT freed 3541K, 41% free 9885K/16616K, paused 1ms+1ms, total 6ms
02-03 12:43:56.871 D/dalvikvm(15954): WAIT_FOR_CONCURRENT_GC blocked 2ms
02-03 12:43:56.871 D/dalvikvm(15954): GC_CONCURRENT freed 4576K, 45% free 9288K/16616K, paused 0ms+1ms, total 4ms
02-03 12:43:56.871 D/dalvikvm(15954): WAIT_FOR_CONCURRENT_GC blocked 3ms
02-03 12:43:56.881 D/dalvikvm(15954): GC_FOR_ALLOC freed 4007K, 45% free 9188K/16616K, paused 4ms, total 4ms
02-03 12:43:56.891 D/dalvikvm(15954): GC_CONCURRENT freed 3938K, 45% free 9295K/16616K, paused 0ms+1ms, total 4ms
02-03 12:43:56.891 D/dalvikvm(15954): WAIT_FOR_CONCURRENT_GC blocked 4ms
02-03 12:43:56.901 D/dalvikvm(15954): GC_FOR_ALLOC freed 4074K, 45% free 9193K/16616K, paused 4ms, total 4ms
02-03 12:43:56.901 D/dalvikvm(15954): GC_CONCURRENT freed 2954K, 39% free 10140K/16616K, paused 1ms+1ms, total 6ms
02-03 12:43:56.901 D/dalvikvm(15954): WAIT_FOR_CONCURRENT_GC blocked 2ms
02-03 12:43:56.911 D/dalvikvm(15954): GC_FOR_ALLOC freed 4447K, 44% free 9410K/16616K, paused 4ms, total 4ms
02-03 12:43:56.911 D/dalvikvm(15954): GC_FOR_ALLOC freed 4276K, 46% free 9094K/16616K, paused 4ms, total 4ms
02-03 12:43:56.921 D/dalvikvm(15954): GC_FOR_ALLOC freed 3985K, 45% free 9203K/16616K, paused 4ms, total 4ms
02-03 12:43:56.931 D/dalvikvm(15954): GC_CONCURRENT freed 3042K, 39% free 10178K/16616K, paused 0ms+1ms, total 5ms
02-03 12:43:56.931 D/dalvikvm(15954): WAIT_FOR_CONCURRENT_GC blocked 2ms
02-03 12:43:56.931 D/dalvikvm(15954): GC_FOR_ALLOC freed 4359K, 46% free 9098K/16616K, paused 4ms, total 4ms
02-03 12:43:56.941 D/dalvikvm(15954): GC_FOR_ALLOC freed 3848K, 46% free 9100K/16616K, paused 4ms, total 4ms
02-03 12:43:56.951 D/dalvikvm(15954): GC_FOR_ALLOC freed 3874K, 46% free 9101K/16616K, paused 4ms, total 4ms
02-03 12:43:56.951 D/dalvikvm(15954): GC_FOR_ALLOC freed 3900K, 46% free 9103K/16616K, paused 4ms, total 4ms
02-03 12:43:56.961 D/dalvikvm(15954): GC_FOR_ALLOC freed 3926K, 46% free 9104K/16616K, paused 4ms, total 4ms
02-03 12:43:56.971 D/dalvikvm(15954): GC_FOR_ALLOC freed 3952K, 46% free 9106K/16616K, paused 4ms, total 4ms
02-03 12:43:56.971 D/dalvikvm(15954): GC_CONCURRENT freed 3751K, 44% free 9335K/16616K, paused 0ms+1ms, total 4ms
02-03 12:43:56.971 D/dalvikvm(15954): WAIT_FOR_CONCURRENT_GC blocked 3ms
02-03 12:43:56.981 D/dalvikvm(15954): GC_CONCURRENT freed 4003K, 44% free 9338K/16616K, paused 1ms+1ms, total 5ms
02-03 12:43:56.981 D/dalvikvm(15954): WAIT_FOR_CONCURRENT_GC blocked 4ms
02-03 12:43:56.991 D/dalvikvm(15954): GC_CONCURRENT freed 4029K, 44% free 9341K/16616K, paused 1ms+1ms, total 5ms
02-03 12:43:56.991 D/dalvikvm(15954): WAIT_FOR_CONCURRENT_GC blocked 4ms
02-03 12:43:56.991 D/dalvikvm(15954): GC_CONCURRENT freed 4055K, 44% free 9344K/16616K, paused 1ms+1ms, total 5ms
02-03 12:43:56.991 D/dalvikvm(15954): WAIT_FOR_CONCURRENT_GC blocked 4ms
02-03 12:43:57.001 D/dalvikvm(15954): GC_CONCURRENT freed 4084K, 44% free 9347K/16616K, paused 0ms+1ms, total 4ms
02-03 12:43:57.001 D/dalvikvm(15954): WAIT_FOR_CONCURRENT_GC blocked 4ms
02-03 12:43:57.011 D/dalvikvm(15954): GC_FOR_ALLOC freed 3759K, 44% free 9467K/16616K, paused 3ms, total 4ms
02-03 12:43:57.011 D/dalvikvm(15954): GC_FOR_ALLOC freed 4140K, 45% free 9235K/16616K, paused 4ms, total 4ms
02-03 12:43:57.021 D/dalvikvm(15954): GC_FOR_ALLOC freed 3931K, 46% free 9118K/16616K, paused 4ms, total 4ms
02-03 12:43:57.031 D/dalvikvm(15954): GC_FOR_ALLOC freed 3596K, 43% free 9479K/16616K, paused 4ms, total 4ms
02-03 12:43:57.031 D/dalvikvm(15954): GC_FOR_ALLOC freed 4223K, 45% free 9242K/16616K, paused 4ms, total 4ms
02-03 12:43:57.041 D/dalvikvm(15954): GC_CONCURRENT freed 3162K, 40% free 9969K/16616K, paused 0ms+1ms, total 6ms
02-03 12:43:57.041 D/dalvikvm(15954): WAIT_FOR_CONCURRENT_GC blocked 2ms
02-03 12:43:57.051 D/dalvikvm(15954): GC_FOR_ALLOC freed 4512K, 45% free 9246K/16616K, paused 4ms, total 4ms
02-03 12:43:57.051 D/dalvikvm(15954): GC_FOR_ALLOC freed 4058K, 46% free 9126K/16616K, paused 4ms, total 4ms
02-03 12:43:57.061 D/dalvikvm(15954): GC_FOR_ALLOC freed 3712K, 43% free 9499K/16616K, paused 4ms, total 4ms
02-03 12:43:57.071 D/dalvikvm(15954): GC_CONCURRENT freed 3241K, 40% free 9996K/16616K, paused 0ms+1ms, total 5ms
02-03 12:43:57.071 D/dalvikvm(15954): WAIT_FOR_CONCURRENT_GC blocked 2ms
02-03 12:43:57.071 D/dalvikvm(15954): GC_FOR_ALLOC freed 4374K, 46% free 9130K/16616K, paused 4ms, total 4ms
02-03 12:43:57.081 D/dalvikvm(15954): GC_FOR_ALLOC freed 3777K, 45% free 9257K/16616K, paused 4ms, total 4ms
02-03 12:43:57.091 D/dalvikvm(15954): GC_CONCURRENT freed 3927K, 44% free 9387K/16616K, paused 0ms+1ms, total 4ms
02-03 12:43:57.091 D/dalvikvm(15954): WAIT_FOR_CONCURRENT_GC blocked 4ms
02-03 12:43:57.091 D/dalvikvm(15954): GC_FOR_ALLOC freed 4076K, 45% free 9262K/16616K, paused 3ms, total 4ms
02-03 12:43:57.101 D/dalvikvm(15954): GC_FOR_ALLOC freed 3587K, 43% free 9520K/16616K, paused 4ms, total 4ms
02-03 12:43:57.101 D/dalvikvm(15954): GC_FOR_ALLOC freed 4252K, 46% free 9138K/16616K, paused 4ms, total 4ms
02-03 12:43:57.111 D/dalvikvm(15954): GC_FOR_ALLOC freed 3887K, 45% free 9268K/16616K, paused 4ms, total 4ms
02-03 12:43:57.121 D/dalvikvm(15954): GC_CONCURRENT freed 2739K, 38% free 10439K/16616K, paused 1ms+1ms, total 6ms
02-03 12:43:57.121 D/dalvikvm(15954): WAIT_FOR_CONCURRENT_GC blocked 2ms
02-03 12:43:57.121 D/dalvikvm(15954): GC_FOR_ALLOC freed 4574K, 45% free 9272K/16616K, paused 4ms, total 4ms
02-03 12:43:57.131 D/dalvikvm(15954): GC_FOR_ALLOC freed 3685K, 43% free 9538K/16616K, paused 4ms, total 4ms
02-03 12:43:57.141 D/dalvikvm(15954): GC_CONCURRENT freed 4102K, 44% free 9410K/16616K, paused 0ms+1ms, total 4ms
02-03 12:43:57.141 D/dalvikvm(15954): WAIT_FOR_CONCURRENT_GC blocked 4ms
02-03 12:43:57.141 D/dalvikvm(15954): GC_FOR_ALLOC freed 3990K, 45% free 9146K/16616K, paused 4ms, total 4ms
02-03 12:43:57.151 D/dalvikvm(15954): GC_FOR_ALLOC freed 3744K, 45% free 9147K/16616K, paused 4ms, total 4ms
02-03 12:43:57.161 D/dalvikvm(15954): GC_FOR_ALLOC freed 3763K, 45% free 9149K/16616K, paused 4ms, total 4ms
02-03 12:43:57.161 D/dalvikvm(15954): GC_FOR_ALLOC freed 3783K, 45% free 9150K/16616K, paused 4ms, total 4ms
02-03 12:43:57.171 D/dalvikvm(15954): GC_FOR_ALLOC freed 3802K, 45% free 9152K/16616K, paused 4ms, total 4ms
02-03 12:43:57.181 D/dalvikvm(15954): GC_FOR_ALLOC freed 3820K, 45% free 9153K/16616K, paused 3ms, total 3ms
02-03 12:43:57.181 D/dalvikvm(15954): GC_FOR_ALLOC freed 3839K, 45% free 9154K/16616K, paused 4ms, total 4ms
02-03 12:43:57.191 D/dalvikvm(15954): GC_FOR_ALLOC freed 3858K, 45% free 9156K/16616K, paused 4ms, total 4ms
02-03 12:43:57.201 D/dalvikvm(15954): GC_FOR_ALLOC freed 3877K, 45% free 9157K/16616K, paused 4ms, total 4ms
02-03 12:43:57.201 D/dalvikvm(15954): GC_FOR_ALLOC freed 3896K, 45% free 9158K/16616K, paused 4ms, total 4ms
02-03 12:43:57.211 D/dalvikvm(15954): GC_FOR_ALLOC freed 3914K, 45% free 9160K/16616K, paused 4ms, total 4ms
02-03 12:43:57.211 D/dalvikvm(15954): GC_FOR_ALLOC freed 3933K, 45% free 9161K/16616K, paused 4ms, total 4ms
02-03 12:43:57.221 D/dalvikvm(15954): GC_FOR_ALLOC freed 3952K, 45% free 9162K/16616K, paused 4ms, total 4ms
02-03 12:43:57.231 D/dalvikvm(15954): GC_CONCURRENT freed 3687K, 44% free 9447K/16616K, paused 1ms+1ms, total 5ms
02-03 12:43:57.231 D/dalvikvm(15954): WAIT_FOR_CONCURRENT_GC blocked 4ms
02-03 12:43:57.241 D/dalvikvm(15954): GC_CONCURRENT freed 3988K, 44% free 9450K/16616K, paused 0ms+1ms, total 4ms
02-03 12:43:57.241 D/dalvikvm(15954): WAIT_FOR_CONCURRENT_GC blocked 4ms
02-03 12:43:57.241 D/dalvikvm(15954): GC_CONCURRENT freed 4007K, 44% free 9453K/16616K, paused 0ms+1ms, total 4ms
02-03 12:43:57.241 D/dalvikvm(15954): WAIT_FOR_CONCURRENT_GC blocked 3ms
02-03 12:43:57.251 D/dalvikvm(15954): GC_CONCURRENT freed 4026K, 44% free 9456K/16616K, paused 1ms+1ms, total 4ms
02-03 12:43:57.251 D/dalvikvm(15954): WAIT_FOR_CONCURRENT_GC blocked 4ms
02-03 12:43:57.261 D/dalvikvm(15954): GC_CONCURRENT freed 4045K, 44% free 9458K/16616K, paused 1ms+0ms, total 5ms
02-03 12:43:57.261 D/dalvikvm(15954): WAIT_FOR_CONCURRENT_GC blocked 4ms
02-03 12:43:57.261 D/dalvikvm(15954): GC_CONCURRENT freed 4064K, 44% free 9461K/16616K, paused 1ms+0ms, total 5ms
02-03 12:43:57.261 D/dalvikvm(15954): WAIT_FOR_CONCURRENT_GC blocked 4ms
02-03 12:43:57.271 D/dalvikvm(15954): GC_FOR_ALLOC freed 3643K, 43% free 9608K/16616K, paused 4ms, total 4ms
02-03 12:43:57.281 D/dalvikvm(15954): GC_FOR_ALLOC freed 4099K, 44% free 9319K/16616K, paused 4ms, total 4ms
02-03 12:43:57.281 D/dalvikvm(15954): GC_FOR_ALLOC freed 3824K, 45% free 9174K/16616K, paused 4ms, total 4ms
02-03 12:43:57.291 D/dalvikvm(15954): GC_FOR_ALLOC freed 3395K, 43% free 9618K/16616K, paused 4ms, total 4ms
02-03 12:43:57.301 D/dalvikvm(15954): GC_FOR_ALLOC freed 3854K, 45% free 9176K/16616K, paused 4ms, total 4ms
02-03 12:43:57.301 D/dalvikvm(15954): GC_FOR_ALLOC freed 3422K, 43% free 9624K/16616K, paused 4ms, total 4ms
02-03 12:43:57.311 D/dalvikvm(15954): GC_FOR_ALLOC freed 4184K, 44% free 9328K/16616K, paused 3ms, total 3ms
02-03 12:43:57.321 D/dalvikvm(15954): GC_FOR_ALLOC freed 3902K, 45% free 9180K/16616K, paused 4ms, total 4ms
02-03 12:43:57.321 D/dalvikvm(15954): GC_FOR_ALLOC freed 3465K, 43% free 9633K/16616K, paused 4ms, total 4ms
02-03 12:43:57.331 D/dalvikvm(15954): GC_FOR_ALLOC freed 3933K, 45% free 9182K/16616K, paused 4ms, total 4ms
02-03 12:43:57.331 D/dalvikvm(15954): GC_FOR_ALLOC freed 3492K, 42% free 9639K/16616K, paused 4ms, total 4ms
02-03 12:43:57.341 D/dalvikvm(15954): GC_FOR_ALLOC freed 3963K, 45% free 9185K/16616K, paused 4ms, total 4ms
02-03 12:43:57.351 D/dalvikvm(15954): GC_FOR_ALLOC freed 3519K, 42% free 9645K/16616K, paused 4ms, total 4ms
02-03 12:43:57.351 D/dalvikvm(15954): GC_CONCURRENT freed 2922K, 39% free 10259K/16616K, paused 1ms+1ms, total 6ms
02-03 12:43:57.351 D/dalvikvm(15954): WAIT_FOR_CONCURRENT_GC blocked 2ms
02-03 12:43:57.361 D/dalvikvm(15954): GC_FOR_ALLOC freed 3537K, 42% free 9650K/16616K, paused 4ms, total 4ms
02-03 12:43:57.371 D/dalvikvm(15954): GC_FOR_ALLOC freed 4020K, 45% free 9189K/16616K, paused 4ms, total 4ms
02-03 12:43:57.371 D/dalvikvm(15954): GC_FOR_ALLOC freed 3569K, 42% free 9655K/16616K, paused 4ms, total 4ms
02-03 12:43:57.381 D/dalvikvm(15954): GC_CONCURRENT freed 2964K, 39% free 10278K/16616K, paused 0ms+1ms, total 6ms
02-03 12:43:57.381 D/dalvikvm(15954): WAIT_FOR_CONCURRENT_GC blocked 2ms
02-03 12:43:57.391 D/dalvikvm(15954): GC_FOR_ALLOC freed 3587K, 42% free 9660K/16616K, paused 4ms, total 4ms
02-03 12:43:57.391 D/dalvikvm(15954): GC_FOR_ALLOC freed 4077K, 45% free 9194K/16616K, paused 4ms, total 4ms
02-03 12:43:57.401 D/dalvikvm(15954): GC_FOR_ALLOC freed 3619K, 42% free 9666K/16616K, paused 4ms, total 4ms
02-03 12:43:57.401 D/dalvikvm(15954): GC_CONCURRENT freed 3005K, 39% free 10298K/16616K, paused 0ms+0ms, total 6ms
02-03 12:43:57.401 D/dalvikvm(15954): WAIT_FOR_CONCURRENT_GC blocked 2ms
02-03 12:43:57.411 D/dalvikvm(15954): GC_FOR_ALLOC freed 3637K, 42% free 9671K/16616K, paused 4ms, total 4ms
02-03 12:43:57.421 D/dalvikvm(15954): GC_FOR_ALLOC freed 4134K, 45% free 9198K/16616K, paused 4ms, total 4ms
02-03 12:43:57.421 D/dalvikvm(15954): GC_FOR_ALLOC freed 3670K, 44% free 9358K/16616K, paused 4ms, total 4ms
02-03 12:43:57.431 D/dalvikvm(15954): GC_CONCURRENT freed 3846K, 43% free 9521K/16616K, paused 1ms+1ms, total 5ms
02-03 12:43:57.431 D/dalvikvm(15954): WAIT_FOR_CONCURRENT_GC blocked 4ms
02-03 12:43:57.441 D/dalvikvm(15954): GC_FOR_ALLOC freed 4019K, 44% free 9362K/16616K, paused 4ms, total 4ms
02-03 12:43:57.441 D/dalvikvm(15954): GC_CONCURRENT freed 3874K, 43% free 9526K/16616K, paused 1ms+0ms, total 5ms
02-03 12:43:57.441 D/dalvikvm(15954): WAIT_FOR_CONCURRENT_GC blocked 4ms
02-03 12:43:57.451 D/dalvikvm(15954): GC_FOR_ALLOC freed 4049K, 44% free 9365K/16616K, paused 4ms, total 4ms
02-03 12:43:57.461 D/dalvikvm(15954): GC_CONCURRENT freed 3903K, 43% free 9530K/16616K, paused 1ms+1ms, total 5ms
02-03 12:43:57.461 D/dalvikvm(15954): WAIT_FOR_CONCURRENT_GC blocked 4ms
02-03 12:43:57.471 D/dalvikvm(15954): GC_FOR_ALLOC freed 4080K, 44% free 9369K/16616K, paused 4ms, total 4ms
02-03 12:43:57.471 D/dalvikvm(15954): GC_FOR_ALLOC freed 3440K, 42% free 9699K/16616K, paused 4ms, total 4ms
02-03 12:43:57.481 D/dalvikvm(15954): GC_FOR_ALLOC freed 4276K, 45% free 9209K/16616K, paused 4ms, total 4ms
02-03 12:43:57.481 D/dalvikvm(15954): GC_FOR_ALLOC freed 3797K, 44% free 9375K/16616K, paused 4ms, total 4ms
02-03 12:43:57.491 D/dalvikvm(15954): GC_FOR_ALLOC freed 3478K, 42% free 9707K/16616K, paused 3ms, total 3ms
02-03 12:43:57.501 D/dalvikvm(15954): GC_FOR_ALLOC freed 4319K, 45% free 9212K/16616K, paused 4ms, total 4ms
02-03 12:43:57.501 D/dalvikvm(15954): GC_CONCURRENT freed 3832K, 44% free 9379K/16616K, paused 0ms+1ms, total 4ms
02-03 12:43:57.511 D/dalvikvm(15954): WAIT_FOR_CONCURRENT_GC blocked 5ms
02-03 12:43:57.511 D/dalvikvm(15954): GC_FOR_ALLOC freed 3509K, 42% free 9715K/16616K, paused 4ms, total 4ms
02-03 12:43:57.521 D/dalvikvm(15954): GC_FOR_ALLOC freed 4358K, 45% free 9215K/16616K, paused 4ms, total 4ms
02-03 12:43:57.521 D/dalvikvm(15954): GC_FOR_ALLOC freed 3867K, 44% free 9384K/16616K, paused 4ms, total 4ms
02-03 12:43:57.531 D/dalvikvm(15954): GC_CONCURRENT freed 2700K, 37% free 10563K/16616K, paused 1ms+1ms, total 7ms
02-03 12:43:57.531 D/dalvikvm(15954): WAIT_FOR_CONCURRENT_GC blocked 2ms
02-03 12:43:57.541 D/dalvikvm(15954): GC_FOR_ALLOC freed 4053K, 45% free 9218K/16616K, paused 4ms, total 4ms
02-03 12:43:57.551 D/dalvikvm(15954): GC_CONCURRENT freed 4085K, 45% free 9227K/16616K, paused 1ms+1ms, total 5ms
02-03 12:43:57.551 D/dalvikvm(15954): WAIT_FOR_CONCURRENT_GC blocked 3ms
02-03 12:43:57.551 D/dalvikvm(15954): GC_FOR_ALLOC freed 3365K, 42% free 9749K/16616K, paused 4ms, total 4ms
02-03 12:43:57.561 D/dalvikvm(15954): GC_FOR_ALLOC freed 4894K, 51% free 8258K/16616K, paused 3ms, total 3ms
02-03 12:43:57.591 D/dalvikvm(15954): GC_CONCURRENT freed 3327K, 46% free 8976K/16616K, paused 1ms+1ms, total 4ms
02-03 12:43:57.651 D/dalvikvm(15954): GC_CONCURRENT freed 4131K, 47% free 8936K/16616K, paused 1ms+0ms, total 7ms
02-03 12:43:57.651 D/dalvikvm(15954): WAIT_FOR_CONCURRENT_GC blocked 6ms
02-03 12:43:57.661 D/dalvikvm(15954): GC_CONCURRENT freed 4097K, 47% free 8929K/16616K, paused 1ms+1ms, total 5ms
02-03 12:43:57.661 D/dalvikvm(15954): WAIT_FOR_CONCURRENT_GC blocked 4ms
02-03 12:43:57.671 D/dalvikvm(15954): GC_CONCURRENT freed 4069K, 47% free 8955K/16616K, paused 1ms+1ms, total 5ms
02-03 12:43:57.671 D/dalvikvm(15954): WAIT_FOR_CONCURRENT_GC blocked 4ms
02-03 12:43:57.681 D/dalvikvm(15954): GC_FOR_ALLOC freed 4109K, 47% free 8910K/16616K, paused 5ms, total 5ms
02-03 12:43:57.681 D/dalvikvm(15954): GC_CONCURRENT freed 3966K, 47% free 8971K/16616K, paused 1ms+1ms, total 5ms
02-03 12:43:57.681 D/dalvikvm(15954): WAIT_FOR_CONCURRENT_GC blocked 4ms
02-03 12:43:57.691 D/dalvikvm(15954): GC_CONCURRENT freed 4050K, 46% free 8978K/16616K, paused 1ms+0ms, total 5ms
02-03 12:43:57.691 D/dalvikvm(15954): WAIT_FOR_CONCURRENT_GC blocked 4ms
02-03 12:43:57.701 D/dalvikvm(15954): GC_FOR_ALLOC freed 4085K, 47% free 8946K/16616K, paused 4ms, total 4ms
02-03 12:43:57.711 D/dalvikvm(15954): GC_CONCURRENT freed 4002K, 46% free 8977K/16616K, paused 1ms+1ms, total 5ms
02-03 12:43:57.711 D/dalvikvm(15954): WAIT_FOR_CONCURRENT_GC blocked 4ms
02-03 12:43:57.711 D/dalvikvm(15954): GC_FOR_ALLOC freed 3996K, 46% free 9053K/16616K, paused 4ms, total 5ms
02-03 12:43:57.721 D/dalvikvm(15954): GC_CONCURRENT freed 3878K, 45% free 9206K/16616K, paused 0ms+1ms, total 5ms
02-03 12:43:57.721 D/dalvikvm(15954): WAIT_FOR_CONCURRENT_GC blocked 2ms
02-03 12:43:57.731 D/dalvikvm(15954): GC_FOR_ALLOC freed 4220K, 46% free 9063K/16616K, paused 4ms, total 4ms
02-03 12:43:57.731 D/dalvikvm(15954): GC_CONCURRENT freed 3740K, 44% free 9371K/16616K, paused 1ms+0ms, total 6ms
02-03 12:43:57.731 D/dalvikvm(15954): WAIT_FOR_CONCURRENT_GC blocked 2ms
02-03 12:43:57.741 D/dalvikvm(15954): GC_FOR_ALLOC freed 4427K, 47% free 8934K/16616K, paused 4ms, total 4ms
02-03 12:43:57.751 D/dalvikvm(15954): GC_CONCURRENT freed 3907K, 46% free 9106K/16616K, paused 1ms+1ms, total 6ms
02-03 12:43:57.751 D/dalvikvm(15954): WAIT_FOR_CONCURRENT_GC blocked 2ms
02-03 12:43:57.751 D/dalvikvm(15954): GC_FOR_ALLOC freed 4085K, 46% free 9116K/16616K, paused 4ms, total 4ms
02-03 12:43:57.761 D/dalvikvm(15954): GC_CONCURRENT freed 3882K, 44% free 9318K/16616K, paused 1ms+1ms, total 6ms
02-03 12:43:57.761 D/dalvikvm(15954): WAIT_FOR_CONCURRENT_GC blocked 2ms
02-03 12:43:57.771 D/dalvikvm(15954): GC_FOR_ALLOC freed 4191K, 46% free 9124K/16616K, paused 4ms, total 4ms
02-03 12:43:57.771 D/dalvikvm(15954): GC_CONCURRENT freed 3233K, 44% free 9453K/16616K, paused 1ms+2ms, total 6ms
02-03 12:43:57.781 D/dalvikvm(15954): GC_FOR_ALLOC freed 4428K, 47% free 8965K/16616K, paused 4ms, total 4ms
02-03 12:43:57.791 D/dalvikvm(15954): GC_CONCURRENT freed 3923K, 46% free 9085K/16616K, paused 1ms+0ms, total 5ms
02-03 12:43:57.791 D/dalvikvm(15954): WAIT_FOR_CONCURRENT_GC blocked 4ms
02-03 12:43:57.801 D/dalvikvm(15954): GC_CONCURRENT freed 3964K, 45% free 9145K/16616K, paused 1ms+0ms, total 5ms
02-03 12:43:57.801 D/dalvikvm(15954): WAIT_FOR_CONCURRENT_GC blocked 4ms
02-03 12:43:57.801 D/dalvikvm(15954): GC_FOR_ALLOC freed 4123K, 47% free 8966K/16616K, paused 4ms, total 4ms
02-03 12:43:57.811 D/dalvikvm(15954): GC_FOR_ALLOC freed 4032K, 46% free 9026K/16616K, paused 4ms, total 4ms
02-03 12:43:57.811 D/dalvikvm(15954): GC_CONCURRENT freed 2979K, 44% free 9433K/16616K, paused 1ms+1ms, total 5ms
02-03 12:43:57.821 D/dalvikvm(15954): GC_CONCURRENT freed 4375K, 46% free 9127K/16616K, paused 1ms+1ms, total 6ms
02-03 12:43:57.821 D/dalvikvm(15954): WAIT_FOR_CONCURRENT_GC blocked 5ms
02-03 12:43:57.831 D/dalvikvm(15954): GC_FOR_ALLOC freed 3949K, 45% free 9194K/16616K, paused 4ms, total 4ms
02-03 12:43:57.841 D/dalvikvm(15954): GC_CONCURRENT freed 3632K, 44% free 9458K/16616K, paused 1ms+1ms, total 6ms
02-03 12:43:57.841 D/dalvikvm(15954): WAIT_FOR_CONCURRENT_GC blocked 1ms
02-03 12:43:57.841 D/dalvikvm(15954): GC_FOR_ALLOC freed 4430K, 46% free 9061K/16616K, paused 4ms, total 4ms
02-03 12:43:57.851 D/dalvikvm(15954): GC_CONCURRENT freed 3555K, 43% free 9544K/16616K, paused 1ms+1ms, total 6ms
02-03 12:43:57.851 D/dalvikvm(15954): WAIT_FOR_CONCURRENT_GC blocked 2ms
02-03 12:43:57.861 D/dalvikvm(15954): GC_FOR_ALLOC freed 4309K, 45% free 9203K/16616K, paused 4ms, total 4ms
02-03 12:43:57.861 D/dalvikvm(15954): GC_CONCURRENT freed 3535K, 42% free 9703K/16616K, paused 1ms+1ms, total 6ms
02-03 12:43:57.861 D/dalvikvm(15954): WAIT_FOR_CONCURRENT_GC blocked 1ms
02-03 12:43:57.871 D/dalvikvm(15954): GC_FOR_ALLOC freed 4597K, 46% free 9060K/16616K, paused 4ms, total 4ms
02-03 12:43:57.881 D/dalvikvm(15954): GC_CONCURRENT freed 3863K, 45% free 9171K/16616K, paused 0ms+1ms, total 4ms
02-03 12:43:57.881 D/dalvikvm(15954): WAIT_FOR_CONCURRENT_GC blocked 4ms
02-03 12:43:57.881 D/dalvikvm(15954): GC_FOR_ALLOC freed 4000K, 45% free 9246K/16616K, paused 4ms, total 4ms
02-03 12:43:57.891 D/dalvikvm(15954): GC_CONCURRENT freed 3910K, 45% free 9245K/16616K, paused 1ms+1ms, total 6ms
02-03 12:43:57.891 D/dalvikvm(15954): WAIT_FOR_CONCURRENT_GC blocked 2ms
02-03 12:43:57.901 D/dalvikvm(15954): GC_FOR_ALLOC freed 4192K, 46% free 9093K/16616K, paused 4ms, total 4ms
02-03 12:43:57.901 D/dalvikvm(15954): GC_CONCURRENT freed 3472K, 42% free 9641K/16616K, paused 1ms+1ms, total 6ms
02-03 12:43:57.901 D/dalvikvm(15954): WAIT_FOR_CONCURRENT_GC blocked 2ms
02-03 12:43:57.911 D/dalvikvm(15954): GC_CONCURRENT freed 4542K, 45% free 9177K/16616K, paused 0ms+1ms, total 4ms
02-03 12:43:57.911 D/dalvikvm(15954): WAIT_FOR_CONCURRENT_GC blocked 3ms
02-03 12:43:57.921 D/dalvikvm(15954): GC_FOR_ALLOC freed 4135K, 46% free 9014K/16616K, paused 4ms, total 4ms
02-03 12:43:57.921 D/dalvikvm(15954): GC_CONCURRENT freed 3622K, 44% free 9419K/16616K, paused 1ms+1ms, total 6ms
02-03 12:43:57.921 D/dalvikvm(15954): WAIT_FOR_CONCURRENT_GC blocked 2ms
02-03 12:43:57.931 D/dalvikvm(15954): GC_CONCURRENT freed 4318K, 45% free 9182K/16616K, paused 0ms+1ms, total 4ms
02-03 12:43:57.931 D/dalvikvm(15954): WAIT_FOR_CONCURRENT_GC blocked 3ms
02-03 12:43:57.941 D/dalvikvm(15954): GC_FOR_ALLOC freed 3879K, 45% free 9266K/16616K, paused 4ms, total 4ms
02-03 12:43:57.941 D/dalvikvm(15954): GC_FOR_ALLOC freed 4182K, 46% free 9096K/16616K, paused 4ms, total 4ms
02-03 12:43:57.951 D/dalvikvm(15954): GC_CONCURRENT freed 3461K, 42% free 9640K/16616K, paused 1ms+1ms, total 6ms
02-03 12:43:57.951 D/dalvikvm(15954): WAIT_FOR_CONCURRENT_GC blocked 2ms
02-03 12:43:57.961 D/dalvikvm(15954): GC_FOR_ALLOC freed 4438K, 46% free 9130K/16616K, paused 4ms, total 5ms
02-03 12:43:57.961 D/dalvikvm(15954): GC_CONCURRENT freed 3970K, 45% free 9222K/16616K, paused 1ms+1ms, total 5ms
02-03 12:43:57.961 D/dalvikvm(15954): WAIT_FOR_CONCURRENT_GC blocked 4ms
02-03 12:43:57.971 D/dalvikvm(15954): GC_FOR_ALLOC freed 4106K, 46% free 9131K/16616K, paused 4ms, total 4ms
02-03 12:43:57.981 D/dalvikvm(15954): GC_CONCURRENT freed 3159K, 41% free 9941K/16616K, paused 1ms+0ms, total 6ms
02-03 12:43:57.981 D/dalvikvm(15954): WAIT_FOR_CONCURRENT_GC blocked 2ms
02-03 12:43:57.981 D/dalvikvm(15954): GC_CONCURRENT freed 4724K, 45% free 9229K/16616K, paused 1ms+1ms, total 5ms
02-03 12:43:57.981 D/dalvikvm(15954): WAIT_FOR_CONCURRENT_GC blocked 4ms
02-03 12:43:57.991 D/dalvikvm(15954): GC_FOR_ALLOC freed 4052K, 46% free 9044K/16616K, paused 3ms, total 3ms
02-03 12:43:58.001 D/dalvikvm(15954): GC_FOR_ALLOC freed 3903K, 46% free 9046K/16616K, paused 4ms, total 4ms
02-03 12:43:58.001 D/dalvikvm(15954): GC_FOR_ALLOC freed 3940K, 46% free 9048K/16616K, paused 4ms, total 4ms
02-03 12:43:58.011 D/dalvikvm(15954): GC_FOR_ALLOC freed 3978K, 46% free 9050K/16616K, paused 4ms, total 4ms
02-03 12:43:58.021 D/dalvikvm(15954): GC_CONCURRENT freed 3541K, 43% free 9526K/16616K, paused 0ms+1ms, total 5ms
02-03 12:43:58.021 D/dalvikvm(15954): WAIT_FOR_CONCURRENT_GC blocked 1ms
02-03 12:43:58.021 D/dalvikvm(15954): GC_CONCURRENT freed 4334K, 45% free 9247K/16616K, paused 1ms+0ms, total 5ms
02-03 12:43:58.021 D/dalvikvm(15954): WAIT_FOR_CONCURRENT_GC blocked 4ms
02-03 12:43:58.031 D/dalvikvm(15954): GC_CONCURRENT freed 4089K, 45% free 9250K/16616K, paused 1ms+1ms, total 5ms
02-03 12:43:58.031 D/dalvikvm(15954): WAIT_FOR_CONCURRENT_GC blocked 4ms
02-03 12:43:58.041 D/dalvikvm(15954): GC_FOR_ALLOC freed 3834K, 44% free 9347K/16616K, paused 4ms, total 4ms
02-03 12:43:58.041 D/dalvikvm(15954): GC_FOR_ALLOC freed 4162K, 45% free 9153K/16616K, paused 4ms, total 4ms
02-03 12:43:58.051 D/dalvikvm(15954): GC_CONCURRENT freed 3304K, 42% free 9751K/16616K, paused 1ms+1ms, total 6ms
02-03 12:43:58.051 D/dalvikvm(15954): WAIT_FOR_CONCURRENT_GC blocked 2ms
02-03 12:43:58.061 D/dalvikvm(15954): GC_FOR_ALLOC freed 4424K, 44% free 9360K/16616K, paused 4ms, total 4ms
02-03 12:43:58.061 D/dalvikvm(15954): GC_CONCURRENT freed 3562K, 41% free 9867K/16616K, paused 1ms+0ms, total 6ms
02-03 12:43:58.061 D/dalvikvm(15954): WAIT_FOR_CONCURRENT_GC blocked 2ms
02-03 12:43:58.071 D/dalvikvm(15954): GC_CONCURRENT freed 4604K, 45% free 9267K/16616K, paused 1ms+1ms, total 5ms
02-03 12:43:58.071 D/dalvikvm(15954): WAIT_FOR_CONCURRENT_GC blocked 4ms
02-03 12:43:58.081 D/dalvikvm(15954): GC_FOR_ALLOC freed 4035K, 45% free 9162K/16616K, paused 4ms, total 4ms
02-03 12:43:58.081 D/dalvikvm(15954): GC_CONCURRENT freed 3962K, 45% free 9270K/16616K, paused 1ms+0ms, total 5ms
02-03 12:43:58.081 D/dalvikvm(15954): WAIT_FOR_CONCURRENT_GC blocked 4ms
02-03 12:43:58.091 D/dalvikvm(15954): GC_FOR_ALLOC freed 4100K, 45% free 9167K/16616K, paused 4ms, total 4ms
02-03 12:43:58.101 D/dalvikvm(15954): GC_CONCURRENT freed 2970K, 40% free 10119K/16616K, paused 0ms+1ms, total 5ms
02-03 12:43:58.101 D/dalvikvm(15954): WAIT_FOR_CONCURRENT_GC blocked 2ms
02-03 12:43:58.101 D/dalvikvm(15954): GC_FOR_ALLOC freed 5008K, 46% free 9066K/16616K, paused 4ms, total 4ms
02-03 12:43:58.111 D/dalvikvm(15954): GC_FOR_ALLOC freed 3980K, 45% free 9174K/16616K, paused 4ms, total 4ms
02-03 12:43:58.121 D/dalvikvm(15954): GC_CONCURRENT freed 3037K, 39% free 10148K/16616K, paused 1ms+1ms, total 6ms
02-03 12:43:58.121 D/dalvikvm(15954): WAIT_FOR_CONCURRENT_GC blocked 2ms
02-03 12:43:58.121 D/dalvikvm(15954): GC_FOR_ALLOC freed 4572K, 44% free 9397K/16616K, paused 4ms, total 4ms
02-03 12:43:58.131 D/dalvikvm(15954): GC_CONCURRENT freed 4176K, 45% free 9292K/16616K, paused 1ms+1ms, total 4ms
02-03 12:43:58.131 D/dalvikvm(15954): WAIT_FOR_CONCURRENT_GC blocked 3ms
02-03 12:43:58.141 D/dalvikvm(15954): GC_FOR_ALLOC freed 4094K, 46% free 9073K/16616K, paused 4ms, total 4ms
02-03 12:43:58.141 D/dalvikvm(15954): GC_FOR_ALLOC freed 3900K, 46% free 9075K/16616K, paused 4ms, total 4ms
02-03 12:43:58.151 D/dalvikvm(15954): GC_FOR_ALLOC freed 3926K, 46% free 9076K/16616K, paused 4ms, total 4ms
02-03 12:43:58.161 D/dalvikvm(15954): GC_FOR_ALLOC freed 3952K, 46% free 9078K/16616K, paused 4ms, total 4ms
02-03 12:43:58.161 D/dalvikvm(15954): GC_CONCURRENT freed 3751K, 44% free 9307K/16616K, paused 1ms+0ms, total 5ms
02-03 12:43:58.161 D/dalvikvm(15954): WAIT_FOR_CONCURRENT_GC blocked 4ms
02-03 12:43:58.171 D/dalvikvm(15954): GC_CONCURRENT freed 4003K, 44% free 9310K/16616K, paused 1ms+0ms, total 5ms
02-03 12:43:58.171 D/dalvikvm(15954): WAIT_FOR_CONCURRENT_GC blocked 4ms
02-03 12:43:58.181 D/dalvikvm(15954): GC_CONCURRENT freed 4029K, 44% free 9313K/16616K, paused 1ms+1ms, total 5ms
02-03 12:43:58.181 D/dalvikvm(15954): WAIT_FOR_CONCURRENT_GC blocked 4ms
02-03 12:43:58.181 D/dalvikvm(15954): GC_CONCURRENT freed 4056K, 44% free 9316K/16616K, paused 1ms+1ms, total 5ms
02-03 12:43:58.181 D/dalvikvm(15954): WAIT_FOR_CONCURRENT_GC blocked 4ms
02-03 12:43:58.191 D/dalvikvm(15954): GC_CONCURRENT freed 4084K, 44% free 9319K/16616K, paused 0ms+1ms, total 4ms
02-03 12:43:58.191 D/dalvikvm(15954): WAIT_FOR_CONCURRENT_GC blocked 4ms
02-03 12:43:58.201 D/dalvikvm(15954): GC_FOR_ALLOC freed 3759K, 44% free 9439K/16616K, paused 4ms, total 4ms
02-03 12:43:58.201 D/dalvikvm(15954): GC_FOR_ALLOC freed 4140K, 45% free 9207K/16616K, paused 4ms, total 4ms
02-03 12:43:58.211 D/dalvikvm(15954): GC_FOR_ALLOC freed 3931K, 46% free 9090K/16616K, paused 4ms, total 4ms
02-03 12:43:58.221 D/dalvikvm(15954): GC_FOR_ALLOC freed 3596K, 44% free 9451K/16616K, paused 4ms, total 4ms
02-03 12:43:58.221 D/dalvikvm(15954): GC_FOR_ALLOC freed 4223K, 45% free 9214K/16616K, paused 4ms, total 4ms
02-03 12:43:58.231 D/dalvikvm(15954): GC_CONCURRENT freed 3162K, 41% free 9941K/16616K, paused 1ms+1ms, total 6ms
02-03 12:43:58.231 D/dalvikvm(15954): WAIT_FOR_CONCURRENT_GC blocked 2ms
02-03 12:43:58.241 D/dalvikvm(15954): GC_FOR_ALLOC freed 4512K, 44% free 9463K/16616K, paused 4ms, total 4ms
02-03 12:43:58.241 D/dalvikvm(15954): GC_CONCURRENT freed 3448K, 40% free 10077K/16616K, paused 0ms+1ms, total 6ms
02-03 12:43:58.241 D/dalvikvm(15954): WAIT_FOR_CONCURRENT_GC blocked 2ms
02-03 12:43:58.251 D/dalvikvm(15954): GC_FOR_ALLOC freed 4322K, 44% free 9471K/16616K, paused 4ms, total 4ms
02-03 12:43:58.261 D/dalvikvm(15954): GC_FOR_ALLOC freed 4109K, 46% free 9101K/16616K, paused 4ms, total 4ms
02-03 12:43:58.261 D/dalvikvm(15954): GC_FOR_ALLOC freed 3757K, 45% free 9227K/16616K, paused 4ms, total 4ms
02-03 12:43:58.271 D/dalvikvm(15954): GC_CONCURRENT freed 3906K, 44% free 9356K/16616K, paused 0ms+1ms, total 4ms
02-03 12:43:58.271 D/dalvikvm(15954): WAIT_FOR_CONCURRENT_GC blocked 4ms
02-03 12:43:58.281 D/dalvikvm(15954): GC_FOR_ALLOC freed 4055K, 45% free 9232K/16616K, paused 4ms, total 4ms
02-03 12:43:58.281 D/dalvikvm(15954): GC_CONCURRENT freed 3953K, 44% free 9362K/16616K, paused 1ms+0ms, total 5ms
02-03 12:43:58.281 D/dalvikvm(15954): WAIT_FOR_CONCURRENT_GC blocked 4ms
02-03 12:43:58.291 D/dalvikvm(15954): GC_FOR_ALLOC freed 4102K, 45% free 9236K/16616K, paused 4ms, total 4ms
02-03 12:43:58.301 D/dalvikvm(15954): GC_CONCURRENT freed 2711K, 38% free 10395K/16616K, paused 0ms+1ms, total 5ms
02-03 12:43:58.301 D/dalvikvm(15954): WAIT_FOR_CONCURRENT_GC blocked 2ms
02-03 12:43:58.301 D/dalvikvm(15954): GC_FOR_ALLOC freed 4528K, 43% free 9500K/16616K, paused 4ms, total 4ms
02-03 12:43:58.311 D/dalvikvm(15954): GC_FOR_ALLOC freed 4301K, 46% free 9113K/16616K, paused 4ms, total 4ms
02-03 12:43:58.321 D/dalvikvm(15954): GC_FOR_ALLOC freed 3932K, 45% free 9245K/16616K, paused 4ms, total 4ms
02-03 12:43:58.321 D/dalvikvm(15954): GC_CONCURRENT freed 2771K, 38% free 10429K/16616K, paused 1ms+1ms, total 6ms
02-03 12:43:58.321 D/dalvikvm(15954): WAIT_FOR_CONCURRENT_GC blocked 2ms
02-03 12:43:58.331 D/dalvikvm(15954): GC_FOR_ALLOC freed 4627K, 45% free 9249K/16616K, paused 4ms, total 4ms
02-03 12:43:58.331 D/dalvikvm(15954): GC_FOR_ALLOC freed 3727K, 43% free 9517K/16616K, paused 4ms, total 4ms
02-03 12:43:58.341 D/dalvikvm(15954): GC_CONCURRENT freed 3484K, 40% free 10052K/16616K, paused 0ms+1ms, total 6ms
02-03 12:43:58.341 D/dalvikvm(15954): WAIT_FOR_CONCURRENT_GC blocked 2ms
02-03 12:43:58.351 D/dalvikvm(15954): GC_FOR_ALLOC freed 4026K, 43% free 9524K/16616K, paused 4ms, total 4ms
02-03 12:43:58.351 D/dalvikvm(15954): GC_CONCURRENT freed 4192K, 44% free 9393K/16616K, paused 0ms+1ms, total 4ms
02-03 12:43:58.351 D/dalvikvm(15954): WAIT_FOR_CONCURRENT_GC blocked 4ms
02-03 12:43:58.361 D/dalvikvm(15954): GC_FOR_ALLOC freed 4077K, 46% free 9124K/16616K, paused 3ms, total 3ms
02-03 12:43:58.371 D/dalvikvm(15954): GC_FOR_ALLOC freed 3825K, 46% free 9125K/16616K, paused 4ms, total 4ms
02-03 12:43:58.371 D/dalvikvm(15954): GC_FOR_ALLOC freed 3844K, 46% free 9127K/16616K, paused 4ms, total 4ms
02-03 12:43:58.381 D/dalvikvm(15954): GC_FOR_ALLOC freed 3863K, 46% free 9128K/16616K, paused 4ms, total 4ms
02-03 12:43:58.391 D/dalvikvm(15954): GC_FOR_ALLOC freed 3882K, 46% free 9129K/16616K, paused 4ms, total 4ms
02-03 12:43:58.391 D/dalvikvm(15954): GC_FOR_ALLOC freed 3900K, 46% free 9131K/16616K, paused 3ms, total 4ms
02-03 12:43:58.401 D/dalvikvm(15954): GC_FOR_ALLOC freed 3919K, 46% free 9132K/16616K, paused 4ms, total 4ms
02-03 12:43:58.401 D/dalvikvm(15954): GC_FOR_ALLOC freed 3938K, 46% free 9133K/16616K, paused 4ms, total 4ms
02-03 12:43:58.411 D/dalvikvm(15954): GC_FOR_ALLOC freed 3957K, 46% free 9135K/16616K, paused 4ms, total 4ms
02-03 12:43:58.421 D/dalvikvm(15954): GC_CONCURRENT freed 3691K, 44% free 9420K/16616K, paused 1ms+1ms, total 5ms
02-03 12:43:58.421 D/dalvikvm(15954): WAIT_FOR_CONCURRENT_GC blocked 4ms
02-03 12:43:58.431 D/dalvikvm(15954): GC_CONCURRENT freed 3993K, 44% free 9423K/16616K, paused 1ms+1ms, total 5ms
02-03 12:43:58.431 D/dalvikvm(15954): WAIT_FOR_CONCURRENT_GC blocked 4ms
02-03 12:43:58.431 D/dalvikvm(15954): GC_CONCURRENT freed 4012K, 44% free 9425K/16616K, paused 0ms+1ms, total 4ms
02-03 12:43:58.431 D/dalvikvm(15954): WAIT_FOR_CONCURRENT_GC blocked 4ms
02-03 12:43:58.441 D/dalvikvm(15954): GC_CONCURRENT freed 4031K, 44% free 9428K/16616K, paused 0ms+1ms, total 4ms
02-03 12:43:58.441 D/dalvikvm(15954): WAIT_FOR_CONCURRENT_GC blocked 4ms
02-03 12:43:58.451 D/dalvikvm(15954): GC_CONCURRENT freed 4050K, 44% free 9431K/16616K, paused 0ms+1ms, total 4ms
02-03 12:43:58.451 D/dalvikvm(15954): WAIT_FOR_CONCURRENT_GC blocked 4ms
02-03 12:43:58.451 D/dalvikvm(15954): GC_CONCURRENT freed 4068K, 44% free 9433K/16616K, paused 0ms+1ms, total 4ms
02-03 12:43:58.451 D/dalvikvm(15954): WAIT_FOR_CONCURRENT_GC blocked 4ms
02-03 12:43:58.461 D/dalvikvm(15954): GC_CONCURRENT freed 4087K, 44% free 9436K/16616K, paused 0ms+1ms, total 4ms
02-03 12:43:58.461 D/dalvikvm(15954): WAIT_FOR_CONCURRENT_GC blocked 4ms
02-03 12:43:58.471 D/dalvikvm(15954): GC_FOR_ALLOC freed 3664K, 43% free 9585K/16616K, paused 4ms, total 4ms
02-03 12:43:58.471 D/dalvikvm(15954): GC_FOR_ALLOC freed 4123K, 45% free 9293K/16616K, paused 4ms, total 4ms
02-03 12:43:58.481 D/dalvikvm(15954): GC_FOR_ALLOC freed 3845K, 45% free 9148K/16616K, paused 4ms, total 4ms
02-03 12:43:58.491 D/dalvikvm(15954): GC_FOR_ALLOC freed 3415K, 43% free 9594K/16616K, paused 4ms, total 4ms
02-03 12:43:58.491 D/dalvikvm(15954): GC_FOR_ALLOC freed 4174K, 45% free 9299K/16616K, paused 4ms, total 4ms
02-03 12:43:58.501 D/dalvikvm(15954): GC_FOR_ALLOC freed 3893K, 45% free 9151K/16616K, paused 4ms, total 4ms
02-03 12:43:58.511 D/dalvikvm(15954): GC_FOR_ALLOC freed 3457K, 43% free 9603K/16616K, paused 4ms, total 4ms
02-03 12:43:58.511 D/dalvikvm(15954): GC_FOR_ALLOC freed 4226K, 45% free 9304K/16616K, paused 4ms, total 4ms
02-03 12:43:58.521 D/dalvikvm(15954): GC_FOR_ALLOC freed 3941K, 45% free 9155K/16616K, paused 4ms, total 4ms
02-03 12:43:58.521 D/dalvikvm(15954): GC_FOR_ALLOC freed 3500K, 43% free 9612K/16616K, paused 4ms, total 4ms
02-03 12:43:58.531 D/dalvikvm(15954): GC_CONCURRENT freed 4278K, 44% free 9310K/16616K, paused 0ms+1ms, total 4ms
02-03 12:43:58.531 D/dalvikvm(15954): WAIT_FOR_CONCURRENT_GC blocked 4ms
02-03 12:43:58.541 D/dalvikvm(15954): GC_FOR_ALLOC freed 3990K, 45% free 9159K/16616K, paused 4ms, total 4ms
02-03 12:43:58.541 D/dalvikvm(15954): GC_FOR_ALLOC freed 3542K, 43% free 9622K/16616K, paused 4ms, total 4ms
02-03 12:43:58.551 D/dalvikvm(15954): GC_CONCURRENT freed 3251K, 38% free 10394K/16616K, paused 1ms+1ms, total 6ms
02-03 12:43:58.551 D/dalvikvm(15954): WAIT_FOR_CONCURRENT_GC blocked 2ms
02-03 12:43:58.561 D/dalvikvm(15954): GC_FOR_ALLOC freed 4338K, 43% free 9627K/16616K, paused 4ms, total 4ms
02-03 12:43:58.561 D/dalvikvm(15954): GC_CONCURRENT freed 4362K, 44% free 9319K/16616K, paused 1ms+1ms, total 5ms
02-03 12:43:58.561 D/dalvikvm(15954): WAIT_FOR_CONCURRENT_GC blocked 4ms
02-03 12:43:58.571 D/dalvikvm(15954): GC_FOR_ALLOC freed 4068K, 45% free 9165K/16616K, paused 4ms, total 4ms
02-03 12:43:58.581 D/dalvikvm(15954): GC_FOR_ALLOC freed 3612K, 43% free 9637K/16616K, paused 4ms, total 4ms
02-03 12:43:58.581 D/dalvikvm(15954): GC_CONCURRENT freed 2999K, 39% free 10267K/16616K, paused 0ms+1ms, total 5ms
02-03 12:43:58.581 D/dalvikvm(15954): WAIT_FOR_CONCURRENT_GC blocked 2ms
02-03 12:43:58.591 D/dalvikvm(15954): GC_FOR_ALLOC freed 4422K, 45% free 9168K/16616K, paused 4ms, total 4ms
02-03 12:43:58.601 D/dalvikvm(15954): GC_FOR_ALLOC freed 3650K, 44% free 9327K/16616K, paused 4ms, total 4ms
02-03 12:43:58.601 D/dalvikvm(15954): GC_CONCURRENT freed 3824K, 43% free 9489K/16616K, paused 0ms+1ms, total 4ms
02-03 12:43:58.601 D/dalvikvm(15954): WAIT_FOR_CONCURRENT_GC blocked 4ms
02-03 12:43:58.611 D/dalvikvm(15954): GC_FOR_ALLOC freed 3997K, 44% free 9331K/16616K, paused 4ms, total 4ms
02-03 12:43:58.621 D/dalvikvm(15954): GC_CONCURRENT freed 3854K, 43% free 9494K/16616K, paused 0ms+1ms, total 4ms
02-03 12:43:58.621 D/dalvikvm(15954): WAIT_FOR_CONCURRENT_GC blocked 4ms
02-03 12:43:58.621 D/dalvikvm(15954): GC_FOR_ALLOC freed 4027K, 44% free 9335K/16616K, paused 4ms, total 4ms
02-03 12:43:58.631 D/dalvikvm(15954): GC_CONCURRENT freed 3883K, 43% free 9499K/16616K, paused 1ms+1ms, total 5ms
02-03 12:43:58.631 D/dalvikvm(15954): WAIT_FOR_CONCURRENT_GC blocked 4ms
02-03 12:43:58.641 D/dalvikvm(15954): GC_FOR_ALLOC freed 4057K, 44% free 9338K/16616K, paused 4ms, total 4ms
02-03 12:43:58.641 D/dalvikvm(15954): GC_CONCURRENT freed 3912K, 43% free 9504K/16616K, paused 1ms+1ms, total 4ms
02-03 12:43:58.641 D/dalvikvm(15954): WAIT_FOR_CONCURRENT_GC blocked 4ms
02-03 12:43:58.651 D/dalvikvm(15954): GC_FOR_ALLOC freed 4089K, 44% free 9342K/16616K, paused 4ms, total 4ms
02-03 12:43:58.661 D/dalvikvm(15954): GC_FOR_ALLOC freed 3448K, 42% free 9672K/16616K, paused 4ms, total 4ms
02-03 12:43:58.661 D/dalvikvm(15954): GC_FOR_ALLOC freed 4286K, 45% free 9182K/16616K, paused 4ms, total 4ms
02-03 12:43:58.671 D/dalvikvm(15954): GC_CONCURRENT freed 3804K, 44% free 9348K/16616K, paused 1ms+1ms, total 5ms
02-03 12:43:58.671 D/dalvikvm(15954): WAIT_FOR_CONCURRENT_GC blocked 4ms
02-03 12:43:58.681 D/dalvikvm(15954): GC_FOR_ALLOC freed 3484K, 42% free 9681K/16616K, paused 4ms, total 4ms
02-03 12:43:58.681 D/dalvikvm(15954): GC_FOR_ALLOC freed 4327K, 45% free 9185K/16616K, paused 4ms, total 4ms
02-03 12:43:58.691 D/dalvikvm(15954): GC_CONCURRENT freed 3839K, 44% free 9352K/16616K, paused 1ms+1ms, total 5ms
02-03 12:43:58.691 D/dalvikvm(15954): WAIT_FOR_CONCURRENT_GC blocked 4ms
02-03 12:43:58.701 D/dalvikvm(15954): GC_FOR_ALLOC freed 3516K, 42% free 9688K/16616K, paused 4ms, total 4ms
02-03 12:43:58.701 D/dalvikvm(15954): GC_FOR_ALLOC freed 4366K, 45% free 9188K/16616K, paused 4ms, total 4ms
02-03 12:43:58.711 D/dalvikvm(15954): GC_CONCURRENT freed 3873K, 44% free 9356K/16616K, paused 1ms+1ms, total 5ms
02-03 12:43:58.711 D/dalvikvm(15954): WAIT_FOR_CONCURRENT_GC blocked 4ms
02-03 12:43:58.721 D/dalvikvm(15954): GC_FOR_ALLOC freed 3547K, 42% free 9696K/16616K, paused 4ms, total 4ms
02-03 12:43:58.721 D/dalvikvm(15954): GC_FOR_ALLOC freed 4062K, 44% free 9360K/16616K, paused 4ms, total 4ms
02-03 12:43:58.731 D/dalvikvm(15954): GC_FOR_ALLOC freed 3876K, 45% free 9212K/16616K, paused 4ms, total 4ms
02-03 12:43:58.741 D/dalvikvm(15954): GC_FOR_ALLOC freed 3760K, 45% free 9212K/16616K, paused 4ms, total 4ms
02-03 12:43:58.761 D/dalvikvm(15954): GC_FOR_ALLOC freed 4603K, 50% free 8469K/16616K, paused 4ms, total 4ms
02-03 12:43:58.821 D/dalvikvm(15954): GC_CONCURRENT freed 3618K, 47% free 8947K/16616K, paused 1ms+1ms, total 6ms
02-03 12:43:58.821 D/dalvikvm(15954): WAIT_FOR_CONCURRENT_GC blocked 5ms
02-03 12:43:58.831 D/dalvikvm(15954): GC_CONCURRENT freed 4068K, 47% free 8957K/16616K, paused 1ms+1ms, total 5ms
02-03 12:43:58.831 D/dalvikvm(15954): WAIT_FOR_CONCURRENT_GC blocked 4ms
02-03 12:43:58.841 D/dalvikvm(15954): GC_CONCURRENT freed 4056K, 47% free 8965K/16616K, paused 1ms+0ms, total 5ms
02-03 12:43:58.841 D/dalvikvm(15954): WAIT_FOR_CONCURRENT_GC blocked 4ms
02-03 12:43:58.851 D/dalvikvm(15954): GC_CONCURRENT freed 4085K, 46% free 8973K/16616K, paused 1ms+1ms, total 5ms
02-03 12:43:58.851 D/dalvikvm(15954): WAIT_FOR_CONCURRENT_GC blocked 4ms
02-03 12:43:58.861 D/dalvikvm(15954): GC_FOR_ALLOC freed 4026K, 46% free 9008K/16616K, paused 4ms, total 4ms
02-03 12:43:58.861 D/dalvikvm(15954): GC_CONCURRENT freed 3935K, 45% free 9256K/16616K, paused 0ms+1ms, total 5ms
02-03 12:43:58.871 D/dalvikvm(15954): GC_CONCURRENT freed 4271K, 46% free 9027K/16616K, paused 1ms+1ms, total 5ms
02-03 12:43:58.871 D/dalvikvm(15954): WAIT_FOR_CONCURRENT_GC blocked 4ms
02-03 12:43:58.881 D/dalvikvm(15954): GC_FOR_ALLOC freed 4104K, 46% free 8992K/16616K, paused 4ms, total 4ms
02-03 12:43:58.891 D/dalvikvm(15954): GC_CONCURRENT freed 3710K, 44% free 9322K/16616K, paused 1ms+1ms, total 6ms
02-03 12:43:58.891 D/dalvikvm(15954): WAIT_FOR_CONCURRENT_GC blocked 1ms
02-03 12:43:58.891 D/dalvikvm(15954): GC_FOR_ALLOC freed 4373K, 47% free 8949K/16616K, paused 4ms, total 4ms
02-03 12:43:58.901 D/dalvikvm(15954): GC_CONCURRENT freed 3633K, 44% free 9364K/16616K, paused 1ms+1ms, total 6ms
02-03 12:43:58.901 D/dalvikvm(15954): WAIT_FOR_CONCURRENT_GC blocked 2ms
02-03 12:43:58.911 D/dalvikvm(15954): GC_FOR_ALLOC freed 4301K, 46% free 9115K/16616K, paused 4ms, total 4ms
02-03 12:43:58.911 D/dalvikvm(15954): GC_CONCURRENT freed 3874K, 45% free 9205K/16616K, paused 1ms+1ms, total 6ms
02-03 12:43:58.911 D/dalvikvm(15954): WAIT_FOR_CONCURRENT_GC blocked 2ms
02-03 12:43:58.921 D/dalvikvm(15954): GC_CONCURRENT freed 4146K, 46% free 9082K/16616K, paused 0ms+1ms, total 5ms
02-03 12:43:58.921 D/dalvikvm(15954): WAIT_FOR_CONCURRENT_GC blocked 4ms
02-03 12:43:58.931 D/dalvikvm(15954): GC_FOR_ALLOC freed 4018K, 46% free 9134K/16616K, paused 4ms, total 4ms
02-03 12:43:58.931 D/dalvikvm(15954): GC_CONCURRENT freed 3859K, 44% free 9335K/16616K, paused 0ms+1ms, total 6ms
02-03 12:43:58.931 D/dalvikvm(15954): WAIT_FOR_CONCURRENT_GC blocked 2ms
02-03 12:43:58.941 D/dalvikvm(15954): GC_CONCURRENT freed 4329K, 46% free 9090K/16616K, paused 0ms+1ms, total 4ms
02-03 12:43:58.941 D/dalvikvm(15954): WAIT_FOR_CONCURRENT_GC blocked 4ms
02-03 12:43:58.951 D/dalvikvm(15954): GC_FOR_ALLOC freed 4041K, 46% free 9037K/16616K, paused 4ms, total 4ms
02-03 12:43:58.951 D/dalvikvm(15954): GC_CONCURRENT freed 3545K, 43% free 9536K/16616K, paused 1ms+1ms, total 6ms
02-03 12:43:58.951 D/dalvikvm(15954): WAIT_FOR_CONCURRENT_GC blocked 1ms
02-03 12:43:58.961 D/dalvikvm(15954): GC_FOR_ALLOC freed 4422K, 45% free 9154K/16616K, paused 4ms, total 4ms
02-03 12:43:58.971 D/dalvikvm(15954): GC_CONCURRENT freed 3733K, 43% free 9477K/16616K, paused 1ms+1ms, total 6ms
02-03 12:43:58.971 D/dalvikvm(15954): WAIT_FOR_CONCURRENT_GC blocked 1ms
02-03 12:43:58.971 D/dalvikvm(15954): GC_CONCURRENT freed 4403K, 46% free 9136K/16616K, paused 1ms+1ms, total 5ms
02-03 12:43:58.971 D/dalvikvm(15954): WAIT_FOR_CONCURRENT_GC blocked 4ms
02-03 12:43:58.981 D/dalvikvm(15954): GC_FOR_ALLOC freed 4155K, 46% free 9074K/16616K, paused 4ms, total 4ms
02-03 12:43:58.991 D/dalvikvm(15954): GC_CONCURRENT freed 3683K, 44% free 9386K/16616K, paused 1ms+1ms, total 6ms
02-03 12:43:58.991 D/dalvikvm(15954): WAIT_FOR_CONCURRENT_GC blocked 2ms
02-03 12:43:58.991 D/dalvikvm(15954): GC_FOR_ALLOC freed 4391K, 46% free 9075K/16616K, paused 4ms, total 4ms
02-03 12:43:59.001 D/dalvikvm(15954): GC_CONCURRENT freed 3706K, 44% free 9334K/16616K, paused 1ms+1ms, total 6ms
02-03 12:43:59.001 D/dalvikvm(15954): WAIT_FOR_CONCURRENT_GC blocked 2ms
02-03 12:43:59.011 D/dalvikvm(15954): GC_FOR_ALLOC freed 4231K, 46% free 9074K/16616K, paused 4ms, total 4ms
02-03 12:43:59.011 D/dalvikvm(15954): GC_CONCURRENT freed 3366K, 42% free 9685K/16616K, paused 0ms+1ms, total 5ms
02-03 12:43:59.011 D/dalvikvm(15954): WAIT_FOR_CONCURRENT_GC blocked 2ms
02-03 12:43:59.021 D/dalvikvm(15954): GC_FOR_ALLOC freed 4733K, 46% free 9004K/16616K, paused 4ms, total 4ms
02-03 12:43:59.031 D/dalvikvm(15954): GC_CONCURRENT freed 3480K, 43% free 9532K/16616K, paused 1ms+1ms, total 6ms
02-03 12:43:59.031 D/dalvikvm(15954): GC_FOR_ALLOC freed 4543K, 46% free 9037K/16616K, paused 4ms, total 4ms
02-03 12:43:59.041 D/dalvikvm(15954): GC_CONCURRENT freed 3235K, 42% free 9764K/16616K, paused 0ms+1ms, total 5ms
02-03 12:43:59.041 D/dalvikvm(15954): WAIT_FOR_CONCURRENT_GC blocked 2ms
02-03 12:43:59.051 D/dalvikvm(15954): GC_FOR_ALLOC freed 4683K, 46% free 9108K/16616K, paused 5ms, total 5ms
02-03 12:43:59.051 D/dalvikvm(15954): GC_CONCURRENT freed 3714K, 44% free 9408K/16616K, paused 0ms+1ms, total 5ms
02-03 12:43:59.051 D/dalvikvm(15954): WAIT_FOR_CONCURRENT_GC blocked 2ms
02-03 12:43:59.061 D/dalvikvm(15954): GC_FOR_ALLOC freed 4295K, 46% free 9106K/16616K, paused 4ms, total 4ms
02-03 12:43:59.071 D/dalvikvm(15954): GC_CONCURRENT freed 3433K, 42% free 9647K/16616K, paused 1ms+1ms, total 6ms
02-03 12:43:59.071 D/dalvikvm(15954): WAIT_FOR_CONCURRENT_GC blocked 2ms
02-03 12:43:59.071 D/dalvikvm(15954): GC_CONCURRENT freed 4489K, 45% free 9189K/16616K, paused 1ms+1ms, total 4ms
02-03 12:43:59.071 D/dalvikvm(15954): WAIT_FOR_CONCURRENT_GC blocked 4ms
02-03 12:43:59.081 D/dalvikvm(15954): GC_FOR_ALLOC freed 4087K, 46% free 9029K/16616K, paused 4ms, total 4ms
02-03 12:43:59.091 D/dalvikvm(15954): GC_CONCURRENT freed 3815K, 45% free 9194K/16616K, paused 1ms+0ms, total 5ms
02-03 12:43:59.091 D/dalvikvm(15954): WAIT_FOR_CONCURRENT_GC blocked 4ms
02-03 12:43:59.101 D/dalvikvm(15954): GC_CONCURRENT freed 4030K, 45% free 9198K/16616K, paused 0ms+1ms, total 4ms
02-03 12:43:59.101 D/dalvikvm(15954): WAIT_FOR_CONCURRENT_GC blocked 4ms
02-03 12:43:59.101 D/dalvikvm(15954): GC_CONCURRENT freed 4084K, 45% free 9203K/16616K, paused 1ms+0ms, total 5ms
02-03 12:43:59.101 D/dalvikvm(15954): WAIT_FOR_CONCURRENT_GC blocked 4ms
02-03 12:43:59.111 D/dalvikvm(15954): GC_FOR_ALLOC freed 3886K, 45% free 9286K/16616K, paused 4ms, total 4ms
02-03 12:43:59.121 D/dalvikvm(15954): GC_CONCURRENT freed 3597K, 42% free 9741K/16616K, paused 0ms+1ms, total 6ms
02-03 12:43:59.121 D/dalvikvm(15954): WAIT_FOR_CONCURRENT_GC blocked 2ms
02-03 12:43:59.121 D/dalvikvm(15954): GC_CONCURRENT freed 4482K, 45% free 9239K/16616K, paused 1ms+1ms, total 5ms
02-03 12:43:59.121 D/dalvikvm(15954): WAIT_FOR_CONCURRENT_GC blocked 4ms
02-03 12:43:59.131 D/dalvikvm(15954): GC_FOR_ALLOC freed 4023K, 45% free 9150K/16616K, paused 4ms, total 4ms
02-03 12:43:59.141 D/dalvikvm(15954): GC_CONCURRENT freed 3977K, 45% free 9242K/16616K, paused 0ms+1ms, total 4ms
02-03 12:43:59.141 D/dalvikvm(15954): WAIT_FOR_CONCURRENT_GC blocked 4ms
02-03 12:43:59.141 D/dalvikvm(15954): GC_FOR_ALLOC freed 4113K, 45% free 9152K/16616K, paused 4ms, total 4ms
02-03 12:43:59.151 D/dalvikvm(15954): GC_CONCURRENT freed 3344K, 42% free 9783K/16616K, paused 1ms+1ms, total 6ms
02-03 12:43:59.151 D/dalvikvm(15954): WAIT_FOR_CONCURRENT_GC blocked 2ms
02-03 12:43:59.161 D/dalvikvm(15954): GC_CONCURRENT freed 4552K, 45% free 9250K/16616K, paused 0ms+1ms, total 4ms
02-03 12:43:59.161 D/dalvikvm(15954): WAIT_FOR_CONCURRENT_GC blocked 4ms
02-03 12:43:59.161 D/dalvikvm(15954): GC_FOR_ALLOC freed 4059K, 46% free 9065K/16616K, paused 4ms, total 4ms
02-03 12:43:59.171 D/dalvikvm(15954): GC_FOR_ALLOC freed 3909K, 46% free 9066K/16616K, paused 4ms, total 4ms
02-03 12:43:59.181 D/dalvikvm(15954): GC_FOR_ALLOC freed 3947K, 46% free 9068K/16616K, paused 4ms, total 4ms
02-03 12:43:59.191 D/dalvikvm(15954): GC_CONCURRENT freed 3794K, 45% free 9260K/16616K, paused 1ms+0ms, total 5ms
02-03 12:43:59.191 D/dalvikvm(15954): WAIT_FOR_CONCURRENT_GC blocked 4ms
02-03 12:43:59.191 D/dalvikvm(15954): GC_CONCURRENT freed 4020K, 45% free 9263K/16616K, paused 1ms+1ms, total 5ms
02-03 12:43:59.191 D/dalvikvm(15954): WAIT_FOR_CONCURRENT_GC blocked 4ms
02-03 12:43:59.201 D/dalvikvm(15954): GC_CONCURRENT freed 4057K, 45% free 9268K/16616K, paused 1ms+1ms, total 4ms
02-03 12:43:59.201 D/dalvikvm(15954): WAIT_FOR_CONCURRENT_GC blocked 4ms
02-03 12:43:59.211 D/dalvikvm(15954): GC_FOR_ALLOC freed 3805K, 44% free 9363K/16616K, paused 5ms, total 5ms
02-03 12:43:59.211 D/dalvikvm(15954): GC_FOR_ALLOC freed 4130K, 45% free 9171K/16616K, paused 4ms, total 4ms
02-03 12:43:59.221 D/dalvikvm(15954): GC_FOR_ALLOC freed 3969K, 46% free 9075K/16616K, paused 5ms, total 5ms
02-03 12:43:59.231 D/dalvikvm(15954): GC_FOR_ALLOC freed 3701K, 44% free 9376K/16616K, paused 5ms, total 5ms
02-03 12:43:59.241 D/dalvikvm(15954): GC_CONCURRENT freed 3535K, 41% free 9880K/16616K, paused 1ms+3ms, total 12ms
02-03 12:43:59.241 D/dalvikvm(15954): WAIT_FOR_CONCURRENT_GC blocked 4ms
02-03 12:43:59.251 W/BindingManager(18937): Cannot call determinedVisibility() - never saw a connection for the pid: 18937
02-03 12:43:59.251 D/dalvikvm(15954): GC_CONCURRENT freed 4569K, 45% free 9284K/16616K, paused 1ms+2ms, total 6ms
02-03 12:43:59.251 D/dalvikvm(15954): WAIT_FOR_CONCURRENT_GC blocked 5ms
02-03 12:43:59.271 D/dalvikvm(15954): GC_FOR_ALLOC freed 4001K, 45% free 9184K/16616K, paused 7ms, total 7ms
02-03 12:43:59.281 D/dalvikvm(15954): GC_CONCURRENT freed 3932K, 45% free 9290K/16616K, paused 2ms+1ms, total 7ms
02-03 12:43:59.281 D/dalvikvm(15954): WAIT_FOR_CONCURRENT_GC blocked 4ms
02-03 12:43:59.291 D/dalvikvm(15954): GC_FOR_ALLOC freed 4067K, 45% free 9189K/16616K, paused 6ms, total 6ms
02-03 12:43:59.301 D/dalvikvm(15954): GC_FOR_ALLOC freed 3681K, 44% free 9402K/16616K, paused 6ms, total 6ms
02-03 12:43:59.311 D/dalvikvm(15954): GC_FOR_ALLOC freed 4240K, 46% free 9088K/16616K, paused 6ms, total 6ms
02-03 12:43:59.321 D/dalvikvm(15954): GC_CONCURRENT freed 3952K, 45% free 9196K/16616K, paused 0ms+1ms, total 5ms
02-03 12:43:59.331 D/dalvikvm(15954): GC_FOR_ALLOC freed 3766K, 44% free 9414K/16616K, paused 5ms, total 5ms
02-03 12:43:59.331 D/dalvikvm(15954): GC_CONCURRENT freed 3582K, 41% free 9847K/16616K, paused 0ms+1ms, total 6ms
02-03 12:43:59.331 D/dalvikvm(15954): WAIT_FOR_CONCURRENT_GC blocked 2ms
02-03 12:43:59.341 D/dalvikvm(15954): GC_FOR_ALLOC freed 4576K, 46% free 9094K/16616K, paused 5ms, total 5ms
02-03 12:43:59.351 D/dalvikvm(15954): GC_FOR_ALLOC freed 3848K, 46% free 9096K/16616K, paused 5ms, total 5ms
02-03 12:43:59.361 D/dalvikvm(15954): GC_FOR_ALLOC freed 3874K, 46% free 9097K/16616K, paused 5ms, total 5ms
02-03 12:43:59.371 D/dalvikvm(15954): GC_FOR_ALLOC freed 3900K, 46% free 9099K/16616K, paused 5ms, total 5ms
02-03 12:43:59.371 D/dalvikvm(15954): GC_FOR_ALLOC freed 3926K, 46% free 9100K/16616K, paused 4ms, total 4ms
02-03 12:43:59.381 D/dalvikvm(15954): GC_FOR_ALLOC freed 3952K, 46% free 9102K/16616K, paused 4ms, total 4ms
02-03 12:43:59.391 D/dalvikvm(15954): GC_CONCURRENT freed 3751K, 44% free 9331K/16616K, paused 1ms+1ms, total 5ms
02-03 12:43:59.391 D/dalvikvm(15954): WAIT_FOR_CONCURRENT_GC blocked 4ms
02-03 12:43:59.401 D/dalvikvm(15954): GC_CONCURRENT freed 4003K, 44% free 9334K/16616K, paused 1ms+1ms, total 5ms
02-03 12:43:59.401 D/dalvikvm(15954): WAIT_FOR_CONCURRENT_GC blocked 4ms
02-03 12:43:59.401 D/dalvikvm(15954): GC_CONCURRENT freed 4029K, 44% free 9337K/16616K, paused 1ms+1ms, total 5ms
02-03 12:43:59.411 D/dalvikvm(15954): WAIT_FOR_CONCURRENT_GC blocked 4ms
02-03 12:43:59.411 D/dalvikvm(15954): GC_CONCURRENT freed 4055K, 44% free 9340K/16616K, paused 0ms+1ms, total 4ms
02-03 12:43:59.411 D/dalvikvm(15954): WAIT_FOR_CONCURRENT_GC blocked 4ms
02-03 12:43:59.421 D/dalvikvm(15954): GC_CONCURRENT freed 4084K, 44% free 9343K/16616K, paused 1ms+0ms, total 5ms
02-03 12:43:59.421 D/dalvikvm(15954): WAIT_FOR_CONCURRENT_GC blocked 4ms
02-03 12:43:59.431 D/dalvikvm(15954): GC_FOR_ALLOC freed 3759K, 44% free 9463K/16616K, paused 4ms, total 4ms
02-03 12:43:59.431 D/dalvikvm(15954): GC_FOR_ALLOC freed 4140K, 45% free 9231K/16616K, paused 4ms, total 4ms
02-03 12:43:59.441 D/dalvikvm(15954): GC_FOR_ALLOC freed 3931K, 46% free 9114K/16616K, paused 4ms, total 4ms
02-03 12:43:59.451 D/dalvikvm(15954): GC_FOR_ALLOC freed 3596K, 43% free 9475K/16616K, paused 4ms, total 4ms
02-03 12:43:59.451 D/dalvikvm(15954): GC_FOR_ALLOC freed 4223K, 45% free 9238K/16616K, paused 3ms, total 3ms
02-03 12:43:59.461 D/dalvikvm(15954): GC_CONCURRENT freed 3405K, 42% free 9723K/16616K, paused 0ms+1ms, total 5ms
02-03 12:43:59.461 D/dalvikvm(15954): WAIT_FOR_CONCURRENT_GC blocked 1ms
02-03 12:43:59.471 D/dalvikvm(15954): GC_FOR_ALLOC freed 4270K, 43% free 9487K/16616K, paused 4ms, total 4ms
02-03 12:43:59.471 D/dalvikvm(15954): GC_CONCURRENT freed 3448K, 40% free 10101K/16616K, paused 0ms+1ms, total 6ms
02-03 12:43:59.471 D/dalvikvm(15954): WAIT_FOR_CONCURRENT_GC blocked 2ms
02-03 12:43:59.481 D/dalvikvm(15954): GC_FOR_ALLOC freed 4943K, 46% free 9124K/16616K, paused 4ms, total 4ms
02-03 12:43:59.481 D/dalvikvm(15954): GC_FOR_ALLOC freed 3737K, 45% free 9249K/16616K, paused 4ms, total 4ms
02-03 12:43:59.491 D/dalvikvm(15954): GC_CONCURRENT freed 3886K, 44% free 9378K/16616K, paused 0ms+1ms, total 4ms
02-03 12:43:59.491 D/dalvikvm(15954): WAIT_FOR_CONCURRENT_GC blocked 4ms
02-03 12:43:59.501 D/dalvikvm(15954): GC_FOR_ALLOC freed 4033K, 45% free 9254K/16616K, paused 4ms, total 4ms
02-03 12:43:59.511 D/dalvikvm(15954): GC_CONCURRENT freed 3932K, 44% free 9384K/16616K, paused 0ms+1ms, total 4ms
02-03 12:43:59.511 D/dalvikvm(15954): WAIT_FOR_CONCURRENT_GC blocked 4ms
02-03 12:43:59.511 D/dalvikvm(15954): GC_FOR_ALLOC freed 4081K, 45% free 9258K/16616K, paused 4ms, total 4ms
02-03 12:43:59.521 D/dalvikvm(15954): GC_FOR_ALLOC freed 3592K, 43% free 9517K/16616K, paused 4ms, total 4ms
02-03 12:43:59.531 D/dalvikvm(15954): GC_FOR_ALLOC freed 4257K, 46% free 9134K/16616K, paused 4ms, total 4ms
02-03 12:43:59.531 D/dalvikvm(15954): GC_FOR_ALLOC freed 3892K, 45% free 9265K/16616K, paused 4ms, total 4ms
02-03 12:43:59.541 D/dalvikvm(15954): GC_CONCURRENT freed 3003K, 39% free 10177K/16616K, paused 0ms+0ms, total 6ms
02-03 12:43:59.541 D/dalvikvm(15954): WAIT_FOR_CONCURRENT_GC blocked 2ms
02-03 12:43:59.541 D/dalvikvm(15954): GC_FOR_ALLOC freed 4978K, 45% free 9138K/16616K, paused 4ms, total 4ms
02-03 12:43:59.551 D/dalvikvm(15954): GC_FOR_ALLOC freed 3957K, 45% free 9271K/16616K, paused 4ms, total 4ms
02-03 12:43:59.561 D/dalvikvm(15954): GC_CONCURRENT freed 3053K, 39% free 10199K/16616K, paused 1ms+1ms, total 6ms
02-03 12:43:59.561 D/dalvikvm(15954): WAIT_FOR_CONCURRENT_GC blocked 2ms
02-03 12:43:59.571 D/dalvikvm(15954): GC_CONCURRENT freed 4793K, 44% free 9410K/16616K, paused 1ms+0ms, total 5ms
02-03 12:43:59.571 D/dalvikvm(15954): WAIT_FOR_CONCURRENT_GC blocked 4ms
02-03 12:43:59.571 D/dalvikvm(15954): GC_FOR_ALLOC freed 4020K, 45% free 9144K/16616K, paused 4ms, total 4ms
02-03 12:43:59.581 D/dalvikvm(15954): GC_FOR_ALLOC freed 3773K, 45% free 9146K/16616K, paused 4ms, total 4ms
02-03 12:43:59.581 D/dalvikvm(15954): GC_FOR_ALLOC freed 3792K, 45% free 9147K/16616K, paused 4ms, total 4ms
02-03 12:43:59.591 D/dalvikvm(15954): GC_FOR_ALLOC freed 3811K, 45% free 9148K/16616K, paused 4ms, total 4ms
02-03 12:43:59.601 D/dalvikvm(15954): GC_FOR_ALLOC freed 3830K, 45% free 9150K/16616K, paused 4ms, total 4ms
02-03 12:43:59.601 D/dalvikvm(15954): GC_FOR_ALLOC freed 3849K, 45% free 9151K/16616K, paused 4ms, total 4ms
02-03 12:43:59.611 D/dalvikvm(15954): GC_FOR_ALLOC freed 3867K, 45% free 9152K/16616K, paused 4ms, total 4ms
02-03 12:43:59.621 D/dalvikvm(15954): GC_FOR_ALLOC freed 3886K, 45% free 9154K/16616K, paused 4ms, total 4ms
02-03 12:43:59.621 D/dalvikvm(15954): GC_FOR_ALLOC freed 3905K, 45% free 9155K/16616K, paused 4ms, total 4ms
02-03 12:43:59.631 D/dalvikvm(15954): GC_FOR_ALLOC freed 3924K, 45% free 9156K/16616K, paused 4ms, total 4ms
02-03 12:43:59.641 D/dalvikvm(15954): GC_FOR_ALLOC freed 3943K, 45% free 9158K/16616K, paused 4ms, total 4ms
02-03 12:43:59.641 D/dalvikvm(15954): GC_FOR_ALLOC freed 3961K, 45% free 9159K/16616K, paused 4ms, total 4ms
02-03 12:43:59.651 D/dalvikvm(15954): GC_CONCURRENT freed 3696K, 44% free 9445K/16616K, paused 1ms+1ms, total 5ms
02-03 12:43:59.651 D/dalvikvm(15954): WAIT_FOR_CONCURRENT_GC blocked 4ms
02-03 12:43:59.661 D/dalvikvm(15954): GC_CONCURRENT freed 3998K, 44% free 9447K/16616K, paused 0ms+1ms, total 4ms
02-03 12:43:59.661 D/dalvikvm(15954): WAIT_FOR_CONCURRENT_GC blocked 4ms
02-03 12:43:59.671 D/dalvikvm(15954): GC_CONCURRENT freed 4017K, 44% free 9450K/16616K, paused 1ms+0ms, total 5ms
02-03 12:43:59.671 D/dalvikvm(15954): WAIT_FOR_CONCURRENT_GC blocked 4ms
02-03 12:43:59.671 D/dalvikvm(15954): GC_CONCURRENT freed 4035K, 44% free 9453K/16616K, paused 0ms+1ms, total 4ms
02-03 12:43:59.671 D/dalvikvm(15954): WAIT_FOR_CONCURRENT_GC blocked 4ms
02-03 12:43:59.681 D/dalvikvm(15954): GC_CONCURRENT freed 4054K, 44% free 9456K/16616K, paused 0ms+1ms, total 4ms
02-03 12:43:59.681 D/dalvikvm(15954): WAIT_FOR_CONCURRENT_GC blocked 4ms
02-03 12:43:59.691 D/dalvikvm(15954): GC_CONCURRENT freed 4073K, 44% free 9458K/16616K, paused 1ms+1ms, total 5ms
02-03 12:43:59.691 D/dalvikvm(15954): WAIT_FOR_CONCURRENT_GC blocked 4ms
02-03 12:43:59.691 D/dalvikvm(15954): GC_CONCURRENT freed 4092K, 44% free 9461K/16616K, paused 0ms+1ms, total 4ms
02-03 12:43:59.691 D/dalvikvm(15954): WAIT_FOR_CONCURRENT_GC blocked 4ms
02-03 12:43:59.701 D/dalvikvm(15954): GC_FOR_ALLOC freed 3668K, 43% free 9609K/16616K, paused 4ms, total 4ms
02-03 12:43:59.711 D/dalvikvm(15954): GC_FOR_ALLOC freed 4127K, 44% free 9318K/16616K, paused 4ms, total 4ms
02-03 12:43:59.711 D/dalvikvm(15954): GC_FOR_ALLOC freed 3850K, 45% free 9172K/16616K, paused 4ms, total 4ms
02-03 12:43:59.721 D/dalvikvm(15954): GC_FOR_ALLOC freed 3418K, 43% free 9619K/16616K, paused 4ms, total 4ms
02-03 12:43:59.731 D/dalvikvm(15954): GC_FOR_ALLOC freed 4179K, 44% free 9323K/16616K, paused 4ms, total 4ms
02-03 12:43:59.731 D/dalvikvm(15954): GC_FOR_ALLOC freed 3898K, 45% free 9176K/16616K, paused 4ms, total 4ms
02-03 12:43:59.741 D/dalvikvm(15954): GC_FOR_ALLOC freed 3461K, 43% free 9628K/16616K, paused 4ms, total 4ms
02-03 12:43:59.751 D/dalvikvm(15954): GC_FOR_ALLOC freed 4231K, 44% free 9329K/16616K, paused 4ms, total 4ms
02-03 12:43:59.751 D/dalvikvm(15954): GC_FOR_ALLOC freed 3946K, 45% free 9179K/16616K, paused 4ms, total 4ms
02-03 12:43:59.761 D/dalvikvm(15954): GC_FOR_ALLOC freed 3503K, 42% free 9637K/16616K, paused 4ms, total 4ms
02-03 12:43:59.771 D/dalvikvm(15954): GC_CONCURRENT freed 4283K, 44% free 9334K/16616K, paused 0ms+1ms, total 4ms
02-03 12:43:59.771 D/dalvikvm(15954): WAIT_FOR_CONCURRENT_GC blocked 4ms
02-03 12:43:59.771 D/dalvikvm(15954): GC_FOR_ALLOC freed 3994K, 45% free 9183K/16616K, paused 4ms, total 4ms
02-03 12:43:59.781 D/dalvikvm(15954): GC_FOR_ALLOC freed 3546K, 42% free 9646K/16616K, paused 4ms, total 4ms
02-03 12:43:59.791 D/dalvikvm(15954): GC_CONCURRENT freed 3254K, 38% free 10420K/16616K, paused 1ms+1ms, total 10ms
02-03 12:43:59.791 D/dalvikvm(15954): WAIT_FOR_CONCURRENT_GC blocked 6ms
02-03 12:43:59.801 D/dalvikvm(15954): GC_FOR_ALLOC freed 4343K, 42% free 9652K/16616K, paused 7ms, total 7ms
02-03 12:43:59.811 D/dalvikvm(15954): GC_CONCURRENT freed 4367K, 44% free 9344K/16616K, paused 1ms+1ms, total 7ms
02-03 12:43:59.811 D/dalvikvm(15954): WAIT_FOR_CONCURRENT_GC blocked 5ms
02-03 12:43:59.831 D/dalvikvm(15954): GC_FOR_ALLOC freed 4073K, 45% free 9189K/16616K, paused 7ms, total 7ms
02-03 12:43:59.831 D/dalvikvm(15954): GC_CONCURRENT freed 3615K, 42% free 9662K/16616K, paused 1ms+1ms, total 6ms
02-03 12:43:59.831 D/dalvikvm(15954): WAIT_FOR_CONCURRENT_GC blocked 3ms
02-03 12:43:59.831 W/BindingManager(18937): Cannot call determinedVisibility() - never saw a connection for the pid: 18937
02-03 12:43:59.841 D/dalvikvm(15954): GC_FOR_ALLOC freed 4103K, 45% free 9192K/16616K, paused 5ms, total 5ms
02-03 12:43:59.861 D/dalvikvm(15954): GC_FOR_ALLOC freed 3643K, 44% free 9350K/16616K, paused 8ms, total 8ms
02-03 12:43:59.871 D/dalvikvm(15954): GC_CONCURRENT freed 3814K, 43% free 9511K/16616K, paused 2ms+1ms, total 7ms
02-03 12:43:59.871 D/dalvikvm(15954): GC_FOR_ALLOC freed 3990K, 44% free 9354K/16616K, paused 4ms, total 4ms
02-03 12:43:59.881 D/wpa_supplicant(14816): wlan0: Starting AP scan for wildcard SSID
02-03 12:43:59.881 D/wpa_supplicant(14816): WPS: Building WPS IE for Probe Request
02-03 12:43:59.881 D/wpa_supplicant(14816): WPS:  * Version (hardcoded 0x10)
02-03 12:43:59.881 D/wpa_supplicant(14816): WPS:  * Request Type
02-03 12:43:59.881 D/wpa_supplicant(14816): WPS:  * Config Methods (4288)
02-03 12:43:59.881 D/wpa_supplicant(14816): WPS:  * UUID-E
02-03 12:43:59.881 D/wpa_supplicant(14816): WPS:  * Primary Device Type
02-03 12:43:59.881 D/wpa_supplicant(14816): WPS:  * RF Bands (1)
02-03 12:43:59.881 D/wpa_supplicant(14816): WPS:  * Association State
02-03 12:43:59.881 D/wpa_supplicant(14816): WPS:  * Configuration Error (0)
02-03 12:43:59.881 D/wpa_supplicant(14816): WPS:  * Device Password ID (0)
02-03 12:43:59.881 D/wpa_supplicant(14816): WPS:  * Manufacturer
02-03 12:43:59.881 D/wpa_supplicant(14816): WPS:  * Model Name
02-03 12:43:59.881 D/wpa_supplicant(14816): WPS:  * Model Number
02-03 12:43:59.881 D/wpa_supplicant(14816): WPS:  * Device Name
02-03 12:43:59.881 D/wpa_supplicant(14816): WPS:  * Version2 (0x20)
02-03 12:43:59.881 D/wpa_supplicant(14816): P2P: * P2P IE header
02-03 12:43:59.881 D/wpa_supplicant(14816): P2P: * Capability dev=25 group=00
02-03 12:43:59.881 D/wpa_supplicant(14816): P2P: * Listen Channel: Regulatory Class 81 Channel 6
02-03 12:43:59.881 D/wpa_supplicant(14816): wlan0: nl80211: scan request
02-03 12:43:59.891 D/dalvikvm(15954): GC_CONCURRENT freed 3843K, 43% free 9516K/16616K, paused 1ms+6ms, total 12ms
02-03 12:43:59.901 D/dalvikvm(15954): GC_FOR_ALLOC freed 4022K, 44% free 9358K/16616K, paused 6ms, total 6ms
02-03 12:43:59.911 D/dalvikvm(15954): GC_CONCURRENT freed 3874K, 43% free 9522K/16616K, paused 1ms+1ms, total 7ms
02-03 12:43:59.911 D/dalvikvm(15954): WAIT_FOR_CONCURRENT_GC blocked 5ms
02-03 12:43:59.921 D/dalvikvm(15954): GC_FOR_ALLOC freed 4049K, 44% free 9361K/16616K, paused 5ms, total 6ms
02-03 12:43:59.931 D/wpa_supplicant(14816): Scan requested (ret=0) - scan timeout 30 seconds
02-03 12:43:59.931 D/wpa_supplicant(14816): nl80211: Drv Event 33 (NL80211_CMD_TRIGGER_SCAN) received for wlan0
02-03 12:43:59.931 D/wpa_supplicant(14816): wlan0: nl80211: Scan trigger
02-03 12:43:59.931 D/dalvikvm(15954): GC_CONCURRENT freed 3903K, 43% free 9526K/16616K, paused 0ms+1ms, total 6ms
02-03 12:43:59.931 D/dalvikvm(15954): WAIT_FOR_CONCURRENT_GC blocked 5ms
02-03 12:43:59.951 D/dalvikvm(15954): GC_FOR_ALLOC freed 4080K, 44% free 9365K/16616K, paused 5ms, total 5ms
02-03 12:43:59.961 D/dalvikvm(15954): GC_FOR_ALLOC freed 3440K, 42% free 9695K/16616K, paused 4ms, total 5ms
02-03 12:43:59.961 D/dalvikvm(15954): GC_FOR_ALLOC freed 4276K, 45% free 9205K/16616K, paused 4ms, total 5ms
02-03 12:43:59.971 D/dalvikvm(15954): GC_FOR_ALLOC freed 3797K, 44% free 9371K/16616K, paused 4ms, total 4ms
02-03 12:43:59.981 D/dalvikvm(15954): GC_FOR_ALLOC freed 3478K, 42% free 9703K/16616K, paused 5ms, total 5ms
02-03 12:43:59.991 D/Clock   (14602): ACTION_TIME_TICK
02-03 12:43:59.991 D/Clock   (14602): update clock:下午12:44
02-03 12:43:59.991 D/dalvikvm(15954): GC_FOR_ALLOC freed 4319K, 45% free 9208K/16616K, paused 6ms, total 6ms
02-03 12:44:00.001 D/dalvikvm(15954): GC_CONCURRENT freed 3832K, 44% free 9375K/16616K, paused 1ms+1ms, total 5ms
02-03 12:44:00.001 D/dalvikvm(15954): WAIT_FOR_CONCURRENT_GC blocked 5ms
02-03 12:44:00.001 D/dalvikvm(15954): GC_FOR_ALLOC freed 3509K, 42% free 9711K/16616K, paused 4ms, total 4ms
02-03 12:44:00.011 D/dalvikvm(15954): GC_FOR_ALLOC freed 4358K, 45% free 9211K/16616K, paused 5ms, total 5ms
02-03 12:44:00.021 D/BatteryStatsImpl(14542): noteStopWakeLocked system isFromForeground = false
02-03 12:44:00.021 D/dalvikvm(15954): GC_CONCURRENT freed 3866K, 44% free 9380K/16616K, paused 0ms+1ms, total 6ms
02-03 12:44:00.031 D/dalvikvm(15954): GC_FOR_ALLOC freed 3541K, 42% free 9718K/16616K, paused 4ms, total 4ms
02-03 12:44:00.041 D/dalvikvm(15954): GC_FOR_ALLOC freed 4421K, 45% free 9215K/16616K, paused 4ms, total 4ms
02-03 12:44:00.051 D/dalvikvm(15954): GC_FOR_ALLOC freed 3746K, 44% free 9404K/16616K, paused 4ms, total 4ms
02-03 12:44:00.051 D/dalvikvm(15954): GC_FOR_ALLOC freed 3749K, 44% free 9415K/16616K, paused 4ms, total 4ms
02-03 12:44:00.061 D/dalvikvm(15954): GC_FOR_ALLOC freed 3633K, 44% free 9315K/16616K, paused 4ms, total 4ms
02-03 12:44:00.141 D/dalvikvm(15954): GC_CONCURRENT freed 4498K, 47% free 8904K/16616K, paused 0ms+1ms, total 6ms
02-03 12:44:00.141 D/dalvikvm(15954): WAIT_FOR_CONCURRENT_GC blocked 6ms
02-03 12:44:00.151 D/dalvikvm(15954): GC_CONCURRENT freed 4029K, 47% free 8964K/16616K, paused 1ms+0ms, total 5ms
02-03 12:44:00.151 D/dalvikvm(15954): WAIT_FOR_CONCURRENT_GC blocked 4ms
02-03 12:44:00.161 D/dalvikvm(15954): GC_CONCURRENT freed 4031K, 46% free 9023K/16616K, paused 1ms+1ms, total 5ms
02-03 12:44:00.161 D/dalvikvm(15954): WAIT_FOR_CONCURRENT_GC blocked 4ms
02-03 12:44:00.171 D/dalvikvm(15954): GC_CONCURRENT freed 4139K, 47% free 8953K/16616K, paused 1ms+1ms, total 5ms
02-03 12:44:00.171 D/dalvikvm(15954): WAIT_FOR_CONCURRENT_GC blocked 4ms
02-03 12:44:00.171 D/dalvikvm(15954): GC_CONCURRENT freed 4046K, 47% free 8928K/16616K, paused 1ms+1ms, total 5ms
02-03 12:44:00.171 D/dalvikvm(15954): WAIT_FOR_CONCURRENT_GC blocked 4ms
02-03 12:44:00.181 D/dalvikvm(15954): GC_FOR_ALLOC freed 4025K, 47% free 8956K/16616K, paused 4ms, total 5ms
02-03 12:44:00.191 D/dalvikvm(15954): GC_CONCURRENT freed 3658K, 45% free 9168K/16616K, paused 0ms+1ms, total 5ms
02-03 12:44:00.191 D/dalvikvm(15954): GC_CONCURRENT freed 4164K, 46% free 9027K/16616K, paused 0ms+1ms, total 4ms
02-03 12:44:00.191 D/dalvikvm(15954): WAIT_FOR_CONCURRENT_GC blocked 4ms
02-03 12:44:00.201 D/dalvikvm(15954): GC_CONCURRENT freed 4056K, 46% free 9032K/16616K, paused 0ms+1ms, total 4ms
02-03 12:44:00.201 D/dalvikvm(15954): WAIT_FOR_CONCURRENT_GC blocked 4ms
02-03 12:44:00.211 D/dalvikvm(15954): GC_CONCURRENT freed 4045K, 46% free 9037K/16616K, paused 0ms+1ms, total 4ms
02-03 12:44:00.211 D/dalvikvm(15954): WAIT_FOR_CONCURRENT_GC blocked 3ms
02-03 12:44:00.221 D/dalvikvm(15954): GC_CONCURRENT freed 3992K, 46% free 9043K/16616K, paused 0ms+1ms, total 4ms
02-03 12:44:00.221 D/dalvikvm(15954): WAIT_FOR_CONCURRENT_GC blocked 4ms
02-03 12:44:00.231 D/dalvikvm(15954): GC_FOR_ALLOC freed 4073K, 46% free 9002K/16616K, paused 4ms, total 4ms
02-03 12:44:00.231 D/dalvikvm(15954): GC_CONCURRENT freed 3457K, 43% free 9490K/16616K, paused 0ms+1ms, total 5ms
02-03 12:44:00.241 D/dalvikvm(15954): GC_FOR_ALLOC freed 4457K, 46% free 8990K/16616K, paused 4ms, total 4ms
02-03 12:44:00.251 D/dalvikvm(15954): GC_CONCURRENT freed 3971K, 46% free 9092K/16616K, paused 1ms+1ms, total 5ms
02-03 12:44:00.251 D/dalvikvm(15954): WAIT_FOR_CONCURRENT_GC blocked 4ms
02-03 12:44:00.251 D/dalvikvm(15954): GC_FOR_ALLOC freed 4066K, 46% free 9044K/16616K, paused 4ms, total 4ms
02-03 12:44:00.261 D/dalvikvm(15954): GC_CONCURRENT freed 3742K, 45% free 9298K/16616K, paused 1ms+1ms, total 6ms
02-03 12:44:00.261 D/dalvikvm(15954): WAIT_FOR_CONCURRENT_GC blocked 1ms
02-03 12:44:00.271 D/dalvikvm(15954): GC_FOR_ALLOC freed 4268K, 46% free 8992K/16616K, paused 4ms, total 4ms
02-03 12:44:00.281 D/dalvikvm(15954): GC_FOR_ALLOC freed 3966K, 46% free 9046K/16616K, paused 4ms, total 4ms
02-03 12:44:00.281 D/dalvikvm(15954): GC_CONCURRENT freed 3573K, 43% free 9550K/16616K, paused 1ms+1ms, total 6ms
02-03 12:44:00.281 D/dalvikvm(15954): WAIT_FOR_CONCURRENT_GC blocked 2ms
02-03 12:44:00.291 D/dalvikvm(15954): GC_FOR_ALLOC freed 4456K, 45% free 9164K/16616K, paused 4ms, total 4ms
02-03 12:44:00.291 D/dalvikvm(15954): GC_CONCURRENT freed 3762K, 44% free 9457K/16616K, paused 1ms+1ms, total 6ms
02-03 12:44:00.291 D/dalvikvm(15954): WAIT_FOR_CONCURRENT_GC blocked 1ms
02-03 12:44:00.301 D/dalvikvm(15954): GC_FOR_ALLOC freed 4254K, 45% free 9202K/16616K, paused 4ms, total 4ms
02-03 12:44:00.311 D/dalvikvm(15954): GC_CONCURRENT freed 3937K, 44% free 9324K/16616K, paused 1ms+1ms, total 6ms
02-03 12:44:00.311 D/dalvikvm(15954): WAIT_FOR_CONCURRENT_GC blocked 2ms
02-03 12:44:00.321 D/dalvikvm(15954): GC_CONCURRENT freed 4195K, 45% free 9149K/16616K, paused 1ms+1ms, total 5ms
02-03 12:44:00.321 D/dalvikvm(15954): WAIT_FOR_CONCURRENT_GC blocked 4ms
02-03 12:44:00.321 D/dalvikvm(15954): GC_FOR_ALLOC freed 3905K, 45% free 9214K/16616K, paused 5ms, total 5ms
02-03 12:44:00.331 D/dalvikvm(15954): GC_CONCURRENT freed 3725K, 43% free 9542K/16616K, paused 1ms+1ms, total 6ms
02-03 12:44:00.331 D/dalvikvm(15954): WAIT_FOR_CONCURRENT_GC blocked 2ms
02-03 12:44:00.341 D/dalvikvm(15954): GC_CONCURRENT freed 4454K, 45% free 9152K/16616K, paused 0ms+1ms, total 4ms
02-03 12:44:00.341 D/dalvikvm(15954): WAIT_FOR_CONCURRENT_GC blocked 4ms
02-03 12:44:00.351 D/dalvikvm(15954): GC_CONCURRENT freed 4137K, 46% free 9083K/16616K, paused 1ms+1ms, total 5ms
02-03 12:44:00.351 D/dalvikvm(15954): WAIT_FOR_CONCURRENT_GC blocked 4ms
02-03 12:44:00.351 D/dalvikvm(15954): GC_FOR_ALLOC freed 3932K, 45% free 9224K/16616K, paused 4ms, total 4ms
02-03 12:44:00.361 D/dalvikvm(15954): GC_CONCURRENT freed 3505K, 42% free 9719K/16616K, paused 0ms+0ms, total 6ms
02-03 12:44:00.361 D/dalvikvm(15954): WAIT_FOR_CONCURRENT_GC blocked 2ms
02-03 12:44:00.371 D/dalvikvm(15954): GC_FOR_ALLOC freed 4560K, 46% free 9114K/16616K, paused 4ms, total 4ms
02-03 12:44:00.371 D/dalvikvm(15954): GC_FOR_ALLOC freed 3985K, 46% free 9040K/16616K, paused 4ms, total 4ms
02-03 12:44:00.381 D/dalvikvm(15954): GC_FOR_ALLOC freed 3820K, 45% free 9263K/16616K, paused 4ms, total 4ms
02-03 12:44:00.391 D/dalvikvm(15954): GC_CONCURRENT freed 3580K, 43% free 9562K/16616K, paused 1ms+1ms, total 8ms
02-03 12:44:00.391 D/dalvikvm(15954): WAIT_FOR_CONCURRENT_GC blocked 2ms
02-03 12:44:00.401 D/dalvikvm(15954): GC_FOR_ALLOC freed 4460K, 46% free 9111K/16616K, paused 4ms, total 4ms
02-03 12:44:00.401 D/dalvikvm(15954): GC_CONCURRENT freed 3600K, 43% free 9500K/16616K, paused 1ms+1ms, total 7ms
02-03 12:44:00.401 D/dalvikvm(15954): WAIT_FOR_CONCURRENT_GC blocked 3ms
02-03 12:44:00.411 D/dalvikvm(15954): GC_CONCURRENT freed 4357K, 45% free 9190K/16616K, paused 1ms+1ms, total 5ms
02-03 12:44:00.411 D/dalvikvm(15954): WAIT_FOR_CONCURRENT_GC blocked 4ms
02-03 12:44:00.421 D/dalvikvm(15954): GC_FOR_ALLOC freed 4103K, 46% free 9029K/16616K, paused 5ms, total 6ms
02-03 12:44:00.431 D/dalvikvm(15954): GC_CONCURRENT freed 3834K, 45% free 9223K/16616K, paused 0ms+1ms, total 5ms
02-03 12:44:00.431 D/dalvikvm(15954): WAIT_FOR_CONCURRENT_GC blocked 4ms
02-03 12:44:00.441 W/BindingManager(18937): Cannot call determinedVisibility() - never saw a connection for the pid: 18937
02-03 12:44:00.441 D/dalvikvm(15954): GC_CONCURRENT freed 4049K, 45% free 9223K/16616K, paused 1ms+1ms, total 6ms
02-03 12:44:00.441 D/dalvikvm(15954): WAIT_FOR_CONCURRENT_GC blocked 4ms
02-03 12:44:00.451 D/dalvikvm(15954): GC_FOR_ALLOC freed 3847K, 44% free 9311K/16616K, paused 5ms, total 5ms
02-03 12:44:00.461 D/dalvikvm(15954): GC_CONCURRENT freed 4153K, 45% free 9142K/16616K, paused 1ms+1ms, total 6ms
02-03 12:44:00.471 D/dalvikvm(15954): GC_FOR_ALLOC freed 4032K, 46% free 9056K/16616K, paused 5ms, total 5ms
02-03 12:44:00.481 D/dalvikvm(15954): GC_CONCURRENT freed 3813K, 44% free 9318K/16616K, paused 0ms+0ms, total 5ms
02-03 12:44:00.481 D/dalvikvm(15954): WAIT_FOR_CONCURRENT_GC blocked 4ms
02-03 12:44:00.491 D/dalvikvm(15954): GC_FOR_ALLOC freed 4123K, 46% free 9056K/16616K, paused 4ms, total 4ms
02-03 12:44:00.491 D/dalvikvm(15954): GC_FOR_ALLOC freed 3898K, 45% free 9146K/16616K, paused 4ms, total 4ms
02-03 12:44:00.501 D/dalvikvm(15954): GC_CONCURRENT freed 1431K, 43% free 9591K/16616K, paused 1ms+2ms, total 7ms
02-03 12:44:00.511 D/dalvikvm(15954): GC_FOR_ALLOC freed 4223K, 44% free 9330K/16616K, paused 5ms, total 5ms
02-03 12:44:00.521 D/dalvikvm(15954): GC_CONCURRENT freed 4096K, 45% free 9240K/16616K, paused 1ms+1ms, total 6ms
02-03 12:44:00.521 D/dalvikvm(15954): WAIT_FOR_CONCURRENT_GC blocked 5ms
02-03 12:44:00.531 D/dalvikvm(15954): GC_FOR_ALLOC freed 4041K, 46% free 9060K/16616K, paused 4ms, total 4ms
02-03 12:44:00.541 D/dalvikvm(15954): GC_FOR_ALLOC freed 3896K, 46% free 9062K/16616K, paused 5ms, total 5ms
02-03 12:44:00.551 D/dalvikvm(15954): GC_FOR_ALLOC freed 3934K, 46% free 9064K/16616K, paused 5ms, total 6ms
02-03 12:44:00.561 D/dalvikvm(15954): GC_CONCURRENT freed 3780K, 45% free 9254K/16616K, paused 1ms+2ms, total 11ms
02-03 12:44:00.571 D/dalvikvm(15954): GC_CONCURRENT freed 4008K, 45% free 9258K/16616K, paused 1ms+3ms, total 9ms
02-03 12:44:00.591 D/dalvikvm(15954): GC_CONCURRENT freed 4047K, 45% free 9262K/16616K, paused 3ms+1ms, total 10ms
02-03 12:44:00.591 D/dalvikvm(15954): WAIT_FOR_CONCURRENT_GC blocked 2ms
02-03 12:44:00.611 D/dalvikvm(15954): GC_CONCURRENT freed 4085K, 45% free 9261K/16616K, paused 1ms+0ms, total 7ms
02-03 12:44:00.621 D/dalvikvm(15954): GC_FOR_ALLOC freed 3826K, 44% free 9362K/16616K, paused 5ms, total 5ms
02-03 12:44:00.631 D/dalvikvm(15954): GC_FOR_ALLOC freed 4155K, 45% free 9169K/16616K, paused 5ms, total 9ms
02-03 12:44:00.641 D/dalvikvm(15954): GC_FOR_ALLOC freed 3993K, 46% free 9072K/16616K, paused 5ms, total 5ms
02-03 12:44:00.651 D/dalvikvm(15954): GC_FOR_ALLOC freed 3723K, 44% free 9375K/16616K, paused 5ms, total 5ms
02-03 12:44:00.661 D/dalvikvm(15954): GC_CONCURRENT freed 3556K, 41% free 9882K/16616K, paused 1ms+1ms, total 10ms
02-03 12:44:00.661 D/dalvikvm(15954): WAIT_FOR_CONCURRENT_GC blocked 5ms
02-03 12:44:00.671 D/dalvikvm(15954): GC_CONCURRENT freed 4597K, 45% free 9282K/16616K, paused 0ms+1ms, total 5ms
02-03 12:44:00.671 D/dalvikvm(15954): WAIT_FOR_CONCURRENT_GC blocked 4ms
02-03 12:44:00.681 D/dalvikvm(15954): GC_FOR_ALLOC freed 4025K, 45% free 9181K/16616K, paused 5ms, total 5ms
02-03 12:44:00.691 D/dalvikvm(15954): GC_FOR_ALLOC freed 4164K, 46% free 9080K/16616K, paused 6ms, total 6ms
02-03 12:44:00.691 D/dalvikvm(15954): GC_CONCURRENT freed 2842K, 39% free 10230K/16616K, paused 1ms+1ms, total 5ms
02-03 12:44:00.691 D/dalvikvm(15954): WAIT_FOR_CONCURRENT_GC blocked 1ms
02-03 12:44:00.701 D/dalvikvm(15954): GC_FOR_ALLOC freed 4746K, 44% free 9401K/16616K, paused 5ms, total 5ms
02-03 12:44:00.711 D/dalvikvm(15954): GC_FOR_ALLOC freed 4264K, 46% free 9085K/16616K, paused 5ms, total 5ms
02-03 12:44:00.711 D/dalvikvm(15954): GC_FOR_ALLOC freed 3974K, 45% free 9194K/16616K, paused 5ms, total 5ms
02-03 12:44:00.721 D/dalvikvm(15954): GC_CONCURRENT freed 3249K, 41% free 9950K/16616K, paused 1ms+1ms, total 6ms
02-03 12:44:00.721 D/dalvikvm(15954): WAIT_FOR_CONCURRENT_GC blocked 1ms
02-03 12:44:00.731 D/dalvikvm(15954): GC_CONCURRENT freed 4679K, 44% free 9308K/16616K, paused 1ms+1ms, total 5ms
02-03 12:44:00.731 D/dalvikvm(15954): WAIT_FOR_CONCURRENT_GC blocked 4ms
02-03 12:44:00.731 D/dalvikvm(15954): GC_FOR_ALLOC freed 4061K, 46% free 9092K/16616K, paused 4ms, total 4ms
02-03 12:44:00.741 D/dalvikvm(15954): GC_FOR_ALLOC freed 3869K, 46% free 9093K/16616K, paused 4ms, total 4ms
02-03 12:44:00.751 D/dalvikvm(15954): GC_FOR_ALLOC freed 3895K, 46% free 9095K/16616K, paused 4ms, total 4ms
02-03 12:44:00.751 D/dalvikvm(15954): GC_FOR_ALLOC freed 3921K, 46% free 9096K/16616K, paused 4ms, total 4ms
02-03 12:44:00.761 D/dalvikvm(15954): GC_FOR_ALLOC freed 3947K, 46% free 9098K/16616K, paused 4ms, total 4ms
02-03 12:44:00.771 D/dalvikvm(15954): GC_CONCURRENT freed 3746K, 44% free 9326K/16616K, paused 0ms+1ms, total 5ms
02-03 12:44:00.771 D/dalvikvm(15954): WAIT_FOR_CONCURRENT_GC blocked 4ms
02-03 12:44:00.781 D/dalvikvm(15954): GC_CONCURRENT freed 3998K, 44% free 9329K/16616K, paused 1ms+0ms, total 5ms
02-03 12:44:00.781 D/dalvikvm(15954): WAIT_FOR_CONCURRENT_GC blocked 4ms
02-03 12:44:00.781 D/dalvikvm(15954): GC_CONCURRENT freed 4024K, 44% free 9332K/16616K, paused 1ms+1ms, total 5ms
02-03 12:44:00.781 D/dalvikvm(15954): WAIT_FOR_CONCURRENT_GC blocked 4ms
02-03 12:44:00.791 D/dalvikvm(15954): GC_CONCURRENT freed 4050K, 44% free 9335K/16616K, paused 1ms+1ms, total 4ms
02-03 12:44:00.791 D/dalvikvm(15954): WAIT_FOR_CONCURRENT_GC blocked 4ms
02-03 12:44:00.801 D/dalvikvm(15954): GC_FOR_ALLOC freed 4312K, 46% free 9105K/16616K, paused 4ms, total 4ms
02-03 12:44:00.801 D/dalvikvm(15954): GC_FOR_ALLOC freed 3520K, 44% free 9459K/16616K, paused 4ms, total 4ms
02-03 12:44:00.811 D/dalvikvm(15954): GC_FOR_ALLOC freed 4135K, 45% free 9226K/16616K, paused 4ms, total 4ms
02-03 12:44:00.821 D/dalvikvm(15954): GC_FOR_ALLOC freed 3925K, 46% free 9110K/16616K, paused 5ms, total 5ms
02-03 12:44:00.821 D/dalvikvm(15954): GC_FOR_ALLOC freed 3591K, 44% free 9470K/16616K, paused 5ms, total 5ms
02-03 12:44:00.831 D/dalvikvm(15954): GC_FOR_ALLOC freed 4217K, 45% free 9233K/16616K, paused 3ms, total 3ms
02-03 12:44:00.841 D/dalvikvm(15954): GC_CONCURRENT freed 3400K, 42% free 9718K/16616K, paused 0ms+0ms, total 6ms
02-03 12:44:00.841 D/dalvikvm(15954): WAIT_FOR_CONCURRENT_GC blocked 2ms
02-03 12:44:00.841 D/dalvikvm(15954): GC_FOR_ALLOC freed 4264K, 43% free 9482K/16616K, paused 4ms, total 4ms
02-03 12:44:00.851 D/dalvikvm(15954): GC_CONCURRENT freed 3444K, 40% free 10096K/16616K, paused 0ms+1ms, total 6ms
02-03 12:44:00.851 D/dalvikvm(15954): WAIT_FOR_CONCURRENT_GC blocked 2ms
02-03 12:44:00.861 D/dalvikvm(15954): GC_FOR_ALLOC freed 4936K, 46% free 9119K/16616K, paused 5ms, total 5ms
02-03 12:44:00.861 D/dalvikvm(15954): GC_FOR_ALLOC freed 3732K, 45% free 9245K/16616K, paused 4ms, total 4ms
02-03 12:44:00.871 D/dalvikvm(15954): GC_CONCURRENT freed 3880K, 44% free 9373K/16616K, paused 1ms+0ms, total 5ms
02-03 12:44:00.871 D/dalvikvm(15954): WAIT_FOR_CONCURRENT_GC blocked 4ms
02-03 12:44:00.881 D/dalvikvm(15954): GC_FOR_ALLOC freed 4028K, 45% free 9249K/16616K, paused 4ms, total 4ms
02-03 12:44:00.891 D/dalvikvm(15954): GC_CONCURRENT freed 3927K, 44% free 9379K/16616K, paused 0ms+1ms, total 4ms
02-03 12:44:00.891 D/dalvikvm(15954): WAIT_FOR_CONCURRENT_GC blocked 4ms
02-03 12:44:00.891 D/dalvikvm(15954): GC_FOR_ALLOC freed 4076K, 45% free 9254K/16616K, paused 4ms, total 4ms
02-03 12:44:00.901 D/dalvikvm(15954): GC_FOR_ALLOC freed 3587K, 43% free 9512K/16616K, paused 4ms, total 4ms
02-03 12:44:00.911 D/dalvikvm(15954): GC_FOR_ALLOC freed 4252K, 46% free 9130K/16616K, paused 4ms, total 4ms
02-03 12:44:00.911 D/dalvikvm(15954): GC_FOR_ALLOC freed 3887K, 45% free 9260K/16616K, paused 4ms, total 4ms
02-03 12:44:00.921 D/dalvikvm(15954): GC_CONCURRENT freed 2999K, 39% free 10171K/16616K, paused 0ms+1ms, total 5ms
02-03 12:44:00.921 D/dalvikvm(15954): WAIT_FOR_CONCURRENT_GC blocked 2ms
02-03 12:44:00.931 D/dalvikvm(15954): GC_FOR_ALLOC freed 4971K, 46% free 9134K/16616K, paused 4ms, total 4ms
02-03 12:44:00.931 D/dalvikvm(15954): GC_FOR_ALLOC freed 3952K, 45% free 9267K/16616K, paused 4ms, total 4ms
02-03 12:44:00.941 D/dalvikvm(15954): GC_CONCURRENT freed 3049K, 39% free 10193K/16616K, paused 0ms+1ms, total 5ms
02-03 12:44:00.941 D/dalvikvm(15954): WAIT_FOR_CONCURRENT_GC blocked 2ms
02-03 12:44:00.951 D/dalvikvm(15954): GC_CONCURRENT freed 4787K, 44% free 9405K/16616K, paused 0ms+1ms, total 4ms
02-03 12:44:00.951 D/dalvikvm(15954): WAIT_FOR_CONCURRENT_GC blocked 4ms
02-03 12:44:00.951 D/dalvikvm(15954): GC_FOR_ALLOC freed 4015K, 45% free 9140K/16616K, paused 4ms, total 4ms
02-03 12:44:00.961 D/dalvikvm(15954): GC_FOR_ALLOC freed 3768K, 45% free 9141K/16616K, paused 4ms, total 4ms
02-03 12:44:00.971 D/dalvikvm(15954): GC_FOR_ALLOC freed 3787K, 45% free 9143K/16616K, paused 4ms, total 4ms
02-03 12:44:00.971 D/dalvikvm(15954): GC_FOR_ALLOC freed 3806K, 45% free 9144K/16616K, paused 4ms, total 4ms
02-03 12:44:00.981 D/dalvikvm(15954): GC_FOR_ALLOC freed 3825K, 45% free 9145K/16616K, paused 4ms, total 4ms
02-03 12:44:00.991 D/dalvikvm(15954): GC_FOR_ALLOC freed 3844K, 45% free 9147K/16616K, paused 4ms, total 4ms
02-03 12:44:00.991 D/dalvikvm(15954): GC_FOR_ALLOC freed 3863K, 45% free 9148K/16616K, paused 5ms, total 5ms
02-03 12:44:01.001 D/dalvikvm(15954): GC_FOR_ALLOC freed 3882K, 45% free 9149K/16616K, paused 4ms, total 4ms
02-03 12:44:01.011 D/dalvikvm(15954): GC_FOR_ALLOC freed 3900K, 45% free 9151K/16616K, paused 4ms, total 4ms
02-03 12:44:01.011 D/dalvikvm(15954): GC_FOR_ALLOC freed 3919K, 45% free 9152K/16616K, paused 4ms, total 4ms
02-03 12:44:01.021 D/dalvikvm(15954): GC_FOR_ALLOC freed 3938K, 45% free 9153K/16616K, paused 4ms, total 4ms
02-03 12:44:01.031 D/dalvikvm(15954): GC_FOR_ALLOC freed 3957K, 45% free 9155K/16616K, paused 4ms, total 4ms
02-03 12:44:01.031 D/dalvikvm(15954): GC_CONCURRENT freed 3692K, 44% free 9440K/16616K, paused 0ms+1ms, total 4ms
02-03 12:44:01.031 D/dalvikvm(15954): WAIT_FOR_CONCURRENT_GC blocked 3ms
02-03 12:44:01.041 D/dalvikvm(15954): GC_CONCURRENT freed 3993K, 44% free 9443K/16616K, paused 1ms+1ms, total 5ms
02-03 12:44:01.041 D/dalvikvm(15954): WAIT_FOR_CONCURRENT_GC blocked 4ms
02-03 12:44:01.051 D/dalvikvm(15954): GC_CONCURRENT freed 4012K, 44% free 9445K/16616K, paused 0ms+1ms, total 4ms
02-03 12:44:01.051 D/dalvikvm(15954): WAIT_FOR_CONCURRENT_GC blocked 4ms
02-03 12:44:01.051 D/wpa_supplicant(14816): RTM_NEWLINK: operstate=0 ifi_flags=0x11003 ([UP][LOWER_UP])
02-03 12:44:01.051 D/wpa_supplicant(14816): RTM_NEWLINK, IFLA_IFNAME: Interface 'wlan0' added
02-03 12:44:01.051 D/wpa_supplicant(14816): nl80211: if_removed already cleared - ignore event
02-03 12:44:01.051 D/wpa_supplicant(14816): nl80211: Drv Event 34 (NL80211_CMD_NEW_SCAN_RESULTS) received for wlan0
02-03 12:44:01.051 D/wpa_supplicant(14816): wlan0: nl80211: New scan results available
02-03 12:44:01.051 D/wpa_supplicant(14816): wlan0: Event SCAN_RESULTS (3) received
02-03 12:44:01.051 D/wpa_supplicant(14816): nl80211: Received scan results (27 BSSes)
02-03 12:44:01.051 D/wpa_supplicant(14816): nl80211: Survey data missing
02-03 12:44:01.051 D/wpa_supplicant(14816): wlan0: BSS: Start scan result update 28
02-03 12:44:01.051 D/wpa_supplicant(14816): wlan0: BSS: Add new id 92 BSSID cc:b2:55:e2:84:70 SSID 'DLINK_APK'
02-03 12:44:01.051 D/wpa_supplicant(14816): CTRL_IFACE monitor send - hexdump(len=41): 2f 64 61 74 61 2f 6d 69 73 63 2f 77 69 66 69 2f 73 6f 63 6b 65 74 73 2f 77 70 61 5f 63 74 72 6c ...
02-03 12:44:01.051 D/wpa_supplicant(14816): wlan0: BSS: Add new id 93 BSSID 2c:b0:5d:7f:f4:24 SSID 'NETGEAR38'
02-03 12:44:01.051 D/wpa_supplicant(14816): CTRL_IFACE monitor send - hexdump(len=41): 2f 64 61 74 61 2f 6d 69 73 63 2f 77 69 66 69 2f 73 6f 63 6b 65 74 73 2f 77 70 61 5f 63 74 72 6c ...
02-03 12:44:01.051 D/wpa_supplicant(14816): wlan0: BSS: Remove id 82 BSSID 14:d6:4d:28:ef:c8 SSID 'dlink' due to no match in scan
02-03 12:44:01.051 D/wpa_supplicant(14816): CTRL_IFACE monitor send - hexdump(len=41): 2f 64 61 74 61 2f 6d 69 73 63 2f 77 69 66 69 2f 73 6f 63 6b 65 74 73 2f 77 70 61 5f 63 74 72 6c ...
02-03 12:44:01.051 D/wpa_supplicant(14816): wlan0: BSS: Remove id 89 BSSID 02:09:4c:b9:0c:d6 SSID 'DIRECT-' due to no match in scan
02-03 12:44:01.051 D/wpa_supplicant(14816): CTRL_IFACE monitor send - hexdump(len=41): 2f 64 61 74 61 2f 6d 69 73 63 2f 77 69 66 69 2f 73 6f 63 6b 65 74 73 2f 77 70 61 5f 63 74 72 6c ...
02-03 12:44:01.051 D/wpa_supplicant(14816): BSS: last_scan_res_used=27/32 last_scan_full=0
02-03 12:44:01.051 D/wpa_supplicant(14816): wlan0: New scan results available
02-03 12:44:01.051 D/wpa_supplicant(14816): CTRL_IFACE monitor send - hexdump(len=41): 2f 64 61 74 61 2f 6d 69 73 63 2f 77 69 66 69 2f 73 6f 63 6b 65 74 73 2f 77 70 61 5f 63 74 72 6c ...
02-03 12:44:01.051 D/wpa_supplicant(14816): CTRL_IFACE monitor send - hexdump(len=41): 2f 64 61 74 61 2f 6d 69 73 63 2f 77 69 66 69 2f 73 6f 63 6b 65 74 73 2f 77 70 61 5f 63 74 72 6c ...
02-03 12:44:01.051 D/wpa_supplicant(14816): Authorize channel 1
02-03 12:44:01.051 D/wpa_supplicant(14816): Authorize channel 2
02-03 12:44:01.051 D/wpa_supplicant(14816): Authorize channel 3
02-03 12:44:01.051 D/wpa_supplicant(14816): Authorize channel 4
02-03 12:44:01.051 D/wpa_supplicant(14816): Authorize channel 5
02-03 12:44:01.051 D/wpa_supplicant(14816): Authorize channel 6
02-03 12:44:01.051 D/wpa_supplicant(14816): Authorize channel 7
02-03 12:44:01.051 D/wpa_supplicant(14816): Authorize channel 8
02-03 12:44:01.051 D/wpa_supplicant(14816): Authorize channel 9
02-03 12:44:01.051 D/wpa_supplicant(14816): Authorize channel 10
02-03 12:44:01.051 D/wpa_supplicant(14816): Authorize channel 11
02-03 12:44:01.051 D/wpa_supplicant(14816): Authorize channel 12
02-03 12:44:01.051 D/wpa_supplicant(14816): Authorize channel 13
02-03 12:44:01.051 D/wpa_supplicant(14816): Authorize channel 1
02-03 12:44:01.051 D/wpa_supplicant(14816): Authorize channel 2
02-03 12:44:01.051 D/wpa_supplicant(14816): Authorize channel 3
02-03 12:44:01.051 D/wpa_supplicant(14816): Authorize channel 4
02-03 12:44:01.051 D/wpa_supplicant(14816): Authorize channel 5
02-03 12:44:01.051 D/wpa_supplicant(14816): Authorize channel 6
02-03 12:44:01.051 D/wpa_supplicant(14816): Authorize channel 7
02-03 12:44:01.051 D/wpa_supplicant(14816): Authorize channel 8
02-03 12:44:01.051 D/wpa_supplicant(14816): Authorize channel 9
02-03 12:44:01.051 D/wpa_supplicant(14816): Authorize channel 10
02-03 12:44:01.051 D/wpa_supplicant(14816): Authorize channel 11
02-03 12:44:01.051 D/wpa_supplicant(14816): Authorize channel 12
02-03 12:44:01.051 D/wpa_supplicant(14816): Authorize channel 13
02-03 12:44:01.051 D/wpa_supplicant(14816): Add access point on channel 6
02-03 12:44:01.051 D/wpa_supplicant(14816): Add access point on channel 6
02-03 12:44:01.051 D/wpa_supplicant(14816): Add access point on channel 11
02-03 12:44:01.051 D/wpa_supplicant(14816): Add access point on channel 11
02-03 12:44:01.051 D/wpa_supplicant(14816): Add access point on channel 6
02-03 12:44:01.051 D/wpa_supplicant(14816): Add access point on channel 11
02-03 12:44:01.051 D/wpa_supplicant(14816): Add access point on channel 3
02-03 12:44:01.051 D/wpa_supplicant(14816): Add access point on channel 1
02-03 12:44:01.051 D/wpa_supplicant(14816): Add access point on channel 1
02-03 12:44:01.051 D/wpa_supplicant(14816): Add access point on channel 11
02-03 12:44:01.051 D/wpa_supplicant(14816): Add access point on channel 11
02-03 12:44:01.051 D/wpa_supplicant(14816): Add access point on channel 6
02-03 12:44:01.051 D/wpa_supplicant(14816): Add access point on channel 11
02-03 12:44:01.051 D/wpa_supplicant(14816): Add access point on channel 1
02-03 12:44:01.051 D/wpa_supplicant(14816): Add access point on channel 11
02-03 12:44:01.051 D/wpa_supplicant(14816): Add access point on channel 6
02-03 12:44:01.051 D/wpa_supplicant(14816): Add access point on channel 4
02-03 12:44:01.051 D/wpa_supplicant(14816): Add access point on channel 6
02-03 12:44:01.051 D/wpa_supplicant(14816): Add access point on channel 1
02-03 12:44:01.051 D/wpa_supplicant(14816): Add access point on channel 6
02-03 12:44:01.051 D/wpa_supplicant(14816): Add access point on channel 6
02-03 12:44:01.051 D/wpa_supplicant(14816): Add access point on channel 11
02-03 12:44:01.051 D/wpa_supplicant(14816): Add access point on channel 6
02-03 12:44:01.051 D/wpa_supplicant(14816): Add access point on channel 1
02-03 12:44:01.051 D/wpa_supplicant(14816): Add access point on channel 2
02-03 12:44:01.051 D/wpa_supplicant(14816): Add access point on channel 6
02-03 12:44:01.051 D/wpa_supplicant(14816): Add access point on channel 6
02-03 12:44:01.051 D/wpa_supplicant(14816): Add access point on channel 11
02-03 12:44:01.051 D/wpa_supplicant(14816): Add access point on channel 6
02-03 12:44:01.051 D/wpa_supplicant(14816): Add access point on channel 8
02-03 12:44:01.051 D/wpa_supplicant(14816): Add access point on channel 6
02-03 12:44:01.051 D/wpa_supplicant(14816): Best Operating channel is = 11
02-03 12:44:01.051 D/wpa_supplicant(14816): WPS: AP[0] f8:d1:11:e7:99:e8 type=0 tries=0 last_attempt=-1 sec ago blacklist=0
02-03 12:44:01.051 D/wpa_supplicant(14816): WPS: AP[1] 44:94:fc:3d:da:38 type=0 tries=0 last_attempt=-1 sec ago blacklist=0
02-03 12:44:01.051 D/wpa_supplicant(14816): WPS: AP[2] cc:34:29:2b:26:4c type=0 tries=0 last_attempt=-1 sec ago blacklist=0
02-03 12:44:01.051 D/wpa_supplicant(14816): WPS: AP[3] 10:c3:7b:d2:e5:e0 type=0 tries=0 last_attempt=-1 sec ago blacklist=0
02-03 12:44:01.051 D/wpa_supplicant(14816): WPS: AP[4] cc:34:29:2c:fb:ec type=0 tries=0 last_attempt=-1 sec ago blacklist=0
02-03 12:44:01.051 D/wpa_supplicant(14816): WPS: AP[5] 98:fc:11:81:35:fb type=0 tries=0 last_attempt=-1 sec ago blacklist=0
02-03 12:44:01.051 D/wpa_supplicant(14816): WPS: AP[6] b0:48:7a:20:66:6a type=0 tries=0 last_attempt=-1 sec ago blacklist=0
02-03 12:44:01.051 D/wpa_supplicant(14816): WPS: AP[7] c0:c1:c0:76:81:3c type=0 tries=0 last_attempt=-1 sec ago blacklist=0
02-03 12:44:01.051 D/wpa_supplicant(14816): WPS: AP[8] 14:d6:4d:28:ef:c8 type=0 tries=0 last_attempt=-1 sec ago blacklist=0
02-03 12:44:01.051 D/wpa_supplicant(14816): WPS: AP[9] b0:48:7a:51:ff:cc type=0 tries=0 last_attempt=-1 sec ago blacklist=0
02-03 12:44:01.051 D/wpa_supplicant(14816): WPS: AP[10] bc:ee:7b:97:78:35 type=0 tries=0 last_attempt=-1 sec ago blacklist=0
02-03 12:44:01.051 D/wpa_supplicant(14816): WPS: AP[11] c0:a0:bb:20:3b:84 type=0 tries=0 last_attempt=-1 sec ago blacklist=0
02-03 12:44:01.051 D/wpa_supplicant(14816): WPS: AP[12] c8:d7:19:60:62:f2 type=0 tries=0 last_attempt=-1 sec ago blacklist=0
02-03 12:44:01.051 D/wpa_supplicant(14816): WPS: AP[13] 2c:b0:5d:7f:f4:24 type=0 tries=0 last_attempt=-1 sec ago blacklist=0
02-03 12:44:01.051 D/wpa_supplicant(14816): WPS: AP[14] e4:d3:32:36:2e:54 type=0 tries=0 last_attempt=-1 sec ago blacklist=0
02-03 12:44:01.051 D/wpa_supplicant(14816): WPS: AP[15] 4c:e6:76:a5:4d:e0 type=0 tries=0 last_attempt=-1 sec ago blacklist=0
02-03 12:44:01.051 D/wpa_supplicant(14816): WPS: AP[16] ac:f1:df:cf:85:c0 type=0 tries=0 last_attempt=-1 sec ago blacklist=0
02-03 12:44:01.051 D/wpa_supplicant(14816): wlan0: Selecting BSS from priority group 24
02-03 12:44:01.061 D/wpa_supplicant(14816): wlan0: 0: 6c:8b:2f:e9:d1:da ssid='ZTE_AP_1640' wpa_ie_len=0 rsn_ie_len=20 caps=0x511 level=-27
02-03 12:44:01.061 D/wpa_supplicant(14816): wlan0:    skip - disabled
02-03 12:44:01.061 D/wpa_supplicant(14816): wlan0: 1: f8:d1:11:e7:99:e8 ssid='videotest' wpa_ie_len=22 rsn_ie_len=20 caps=0x531 level=-48 wps
02-03 12:44:01.061 D/wpa_supplicant(14816): wlan0:    skip - disabled
02-03 12:44:01.061 D/wpa_supplicant(14816): wlan0: 2: 02:1a:11:f2:bf:af ssid='Android' wpa_ie_len=0 rsn_ie_len=20 caps=0x511 level=-50
02-03 12:44:01.061 D/wpa_supplicant(14816): wlan0:    skip - disabled
02-03 12:44:01.061 D/wpa_supplicant(14816): wlan0: 3: c8:d7:19:60:62:f2 ssid='E3000-2.4G' wpa_ie_len=0 rsn_ie_len=20 caps=0x411 level=-53 wps
02-03 12:44:01.061 D/wpa_supplicant(14816): wlan0:    skip - disabled
02-03 12:44:01.061 D/wpa_supplicant(14816): wlan0: 4: cc:34:29:2b:26:4c ssid='cws-test' wpa_ie_len=0 rsn_ie_len=20 caps=0x431 level=-55 wps
02-03 12:44:01.061 D/wpa_supplicant(14816): wlan0:    skip - disabled
02-03 12:44:01.061 D/wpa_supplicant(14816): wlan0: 5: 44:94:fc:3d:da:38 ssid='6300' wpa_ie_len=0 rsn_ie_len=20 caps=0x411 level=-56 wps
02-03 12:44:01.061 D/wpa_supplicant(14816): wlan0:    skip - disabled
02-03 12:44:01.061 D/wpa_supplicant(14816): wlan0: 6: 10:c3:7b:d2:e5:e0 ssid='ASUS_RT-AC66U-2.4G' wpa_ie_len=0 rsn_ie_len=20 caps=0x411 level=-59 wps
02-03 12:44:01.061 D/wpa_supplicant(14816): wlan0:    skip - disabled
02-03 12:44:01.061 D/wpa_supplicant(14816): wlan0: 7: b0:48:7a:20:66:6a ssid='TP-LINK_20666A' wpa_ie_len=22 rsn_ie_len=20 caps=0x431 level=-60 wps
02-03 12:44:01.061 D/wpa_supplicant(14816): wlan0:    skip - disabled
02-03 12:44:01.061 D/wpa_supplicant(14816): wlan0: 8: 90:94:e4:03:45:f5 ssid='2553q' wpa_ie_len=0 rsn_ie_len=24 caps=0x431 level=-62
02-03 12:44:01.061 D/wpa_supplicant(14816): wlan0:    skip - disabled
02-03 12:44:01.061 D/wpa_supplicant(14816): wlan0: 9: cc:34:29:2c:fb:ec ssid='linksys' wpa_ie_len=22 rsn_ie_len=20 caps=0x431 level=-63 wps
02-03 12:44:01.061 D/wpa_supplicant(14816): wlan0:    skip - disabled
02-03 12:44:01.061 D/wpa_supplicant(14816): wlan0: 10: 98:fc:11:81:35:fb ssid='E2000E' wpa_ie_len=0 rsn_ie_len=20 caps=0x411 level=-63 wps
02-03 12:44:01.061 D/wpa_supplicant(14816): wlan0:    skip - disabled
02-03 12:44:01.061 D/wpa_supplicant(14816): wlan0: 11: 80:1f:02:43:fb:e8 ssid='Edimax AP' wpa_ie_len=0 rsn_ie_len=20 caps=0x411 level=-64
02-03 12:44:01.061 D/wpa_supplicant(14816): wlan0:    skip - disabled
02-03 12:44:01.061 D/wpa_supplicant(14816): wlan0: 12: c0:c1:c0:76:81:3c ssid='E2000' wpa_ie_len=0 rsn_ie_len=20 caps=0x411 level=-66 wps
02-03 12:44:01.061 D/wpa_supplicant(14816): wlan0:    skip - disabled
02-03 12:44:01.061 D/wpa_supplicant(14816): wlan0: 13: bc:ee:7b:97:78:35 ssid='ASUS' wpa_ie_len=0 rsn_ie_len=20 caps=0x411 level=-67 wps
02-03 12:44:01.061 D/wpa_supplicant(14816): wlan0:    skip - disabled
02-03 12:44:01.061 D/wpa_supplicant(14816): wlan0: 14: e4:d3:32:c0:cf:a4 ssid='fast' wpa_ie_len=0 rsn_ie_len=20 caps=0x411 level=-67
02-03 12:44:01.061 D/wpa_supplicant(14816): wlan0:    skip - disabled
02-03 12:44:01.061 D/wpa_supplicant(14816): wlan0: 15: 02:1a:11:f6:67:da ssid='love U forever' wpa_ie_len=0 rsn_ie_len=20 caps=0x431 level=-69
02-03 12:44:01.061 D/wpa_supplicant(14816): wlan0:    skip - disabled
02-03 12:44:01.061 D/wpa_supplicant(14816): wlan0: 16: 02:1a:11:fc:c3:59 ssid='test only' wpa_ie_len=0 rsn_ie_len=20 caps=0x431 level=-70
02-03 12:44:01.061 D/wpa_supplicant(14816): wlan0:    skip - disabled
02-03 12:44:01.061 D/wpa_supplicant(14816): wlan0: 17: c0:a0:bb:20:3b:84 ssid='dlink-3B84' wpa_ie_len=26 rsn_ie_len=24 caps=0x411 level=-71 wps
02-03 12:44:01.061 D/wpa_supplicant(14816): wlan0:    skip - disabled
02-03 12:44:01.061 D/wpa_supplicant(14816): wlan0: 18: 00:1e:67:80:ac:37 ssid='AndroidAP aaa' wpa_ie_len=0 rsn_ie_len=20 caps=0x1511 level=-71
02-03 12:44:01.061 D/wpa_supplicant(14816): wlan0:    skip - disabled
02-03 12:44:01.061 D/wpa_supplicant(14816): wlan0: 19: b0:48:7a:51:ff:cc ssid='Neusoft TP' wpa_ie_len=22 rsn_ie_len=20 caps=0x431 level=-72 wps
02-03 12:44:01.061 D/wpa_supplicant(14816): wlan0:    skip - disabled
02-03 12:44:01.061 D/wpa_supplicant(14816): wlan0: 20: cc:b2:55:e2:84:70 ssid='DLINK_APK' wpa_ie_len=22 rsn_ie_len=20 caps=0x411 level=-73
02-03 12:44:01.061 D/wpa_supplicant(14816): wlan0:    skip - disabled
02-03 12:44:01.061 D/wpa_supplicant(14816): wlan0: 21: 2c:b0:5d:7f:f4:24 ssid='NETGEAR38' wpa_ie_len=0 rsn_ie_len=20 caps=0x31 level=-73 wps
02-03 12:44:01.061 D/wpa_supplicant(14816): wlan0:    skip - disabled
02-03 12:44:01.061 D/wpa_supplicant(14816): wlan0: 22: 74:e5:43:24:f4:5b ssid='Dttest' wpa_ie_len=0 rsn_ie_len=20 caps=0x31 level=-74
02-03 12:44:01.061 D/wpa_supplicant(14816): wlan0:    skip - disabled
02-03 12:44:01.061 D/wpa_supplicant(14816): wlan0: 23: e4:d3:32:36:2e:54 ssid='MERCURY_362E54' wpa_ie_len=0 rsn_ie_len=0 caps=0x401 level=-64 wps
02-03 12:44:01.061 D/wpa_supplicant(14816): wlan0:    skip - disabled
02-03 12:44:01.061 D/wpa_supplicant(14816): wlan0: 24: e4:d3:32:dd:18:62 ssid='Internet' wpa_ie_len=0 rsn_ie_len=0 caps=0x421 level=-73
02-03 12:44:01.061 D/wpa_supplicant(14816): wlan0:    skip - disabled
02-03 12:44:01.061 D/wpa_supplicant(14816): wlan0: 25: 4c:e6:76:a5:4d:e0 ssid='BUFFALO-A54DE0-1' wpa_ie_len=0 rsn_ie_len=0 caps=0x401 level=-75 wps
02-03 12:44:01.061 D/wpa_supplicant(14816): wlan0:    skip - disabled
02-03 12:44:01.061 D/wpa_supplicant(14816): wlan0: 26: 50:bd:5f:4b:29:92 ssid='Internet-2' wpa_ie_len=0 rsn_ie_len=0 caps=0x421 level=-77
02-03 12:44:01.061 D/wpa_supplicant(14816): wlan0:    skip - disabled
02-03 12:44:01.061 D/wpa_supplicant(14816): wlan0: Selecting BSS from priority group 15
02-03 12:44:01.061 D/wpa_supplicant(14816): wlan0: 0: 6c:8b:2f:e9:d1:da ssid='ZTE_AP_1640' wpa_ie_len=0 rsn_ie_len=20 caps=0x511 level=-27
02-03 12:44:01.061 D/wpa_supplicant(14816): wlan0:    skip - SSID mismatch
02-03 12:44:01.061 D/wpa_supplicant(14816): wlan0: 1: f8:d1:11:e7:99:e8 ssid='videotest' wpa_ie_len=22 rsn_ie_len=20 caps=0x531 level=-48 wps
02-03 12:44:01.061 D/wpa_supplicant(14816): wlan0:    skip - SSID mismatch
02-03 12:44:01.061 D/wpa_supplicant(14816): wlan0: 2: 02:1a:11:f2:bf:af ssid='Android' wpa_ie_len=0 rsn_ie_len=20 caps=0x511 level=-50
02-03 12:44:01.061 D/wpa_supplicant(14816): wlan0:    skip - SSID mismatch
02-03 12:44:01.061 D/wpa_supplicant(14816): wlan0: 3: c8:d7:19:60:62:f2 ssid='E3000-2.4G' wpa_ie_len=0 rsn_ie_len=20 caps=0x411 level=-53 wps
02-03 12:44:01.061 D/wpa_supplicant(14816): wlan0:    skip - SSID mismatch
02-03 12:44:01.061 D/wpa_supplicant(14816): wlan0: 4: cc:34:29:2b:26:4c ssid='cws-test' wpa_ie_len=0 rsn_ie_len=20 caps=0x431 level=-55 wps
02-03 12:44:01.061 D/wpa_supplicant(14816): wlan0:    skip - SSID mismatch
02-03 12:44:01.061 D/wpa_supplicant(14816): wlan0: 5: 44:94:fc:3d:da:38 ssid='6300' wpa_ie_len=0 rsn_ie_len=20 caps=0x411 level=-56 wps
02-03 12:44:01.061 D/wpa_supplicant(14816): wlan0:    skip - SSID mismatch
02-03 12:44:01.061 D/wpa_supplicant(14816): wlan0: 6: 10:c3:7b:d2:e5:e0 ssid='ASUS_RT-AC66U-2.4G' wpa_ie_len=0 rsn_ie_len=20 caps=0x411 level=-59 wps
02-03 12:44:01.061 D/wpa_supplicant(14816): wlan0:    skip - SSID mismatch
02-03 12:44:01.061 D/wpa_supplicant(14816): wlan0: 7: b0:48:7a:20:66:6a ssid='TP-LINK_20666A' wpa_ie_len=22 rsn_ie_len=20 caps=0x431 level=-60 wps
02-03 12:44:01.061 D/wpa_supplicant(14816): wlan0:    skip - SSID mismatch
02-03 12:44:01.061 D/wpa_supplicant(14816): wlan0: 8: 90:94:e4:03:45:f5 ssid='2553q' wpa_ie_len=0 rsn_ie_len=24 caps=0x431 level=-62
02-03 12:44:01.061 D/wpa_supplicant(14816): wlan0:    skip - SSID mismatch
02-03 12:44:01.061 D/wpa_supplicant(14816): wlan0: 9: cc:34:29:2c:fb:ec ssid='linksys' wpa_ie_len=22 rsn_ie_len=20 caps=0x431 level=-63 wps
02-03 12:44:01.061 D/wpa_supplicant(14816): wlan0:    skip - SSID mismatch
02-03 12:44:01.061 D/wpa_supplicant(14816): wlan0: 10: 98:fc:11:81:35:fb ssid='E2000E' wpa_ie_len=0 rsn_ie_len=20 caps=0x411 level=-63 wps
02-03 12:44:01.061 D/wpa_supplicant(14816): wlan0:    skip - SSID mismatch
02-03 12:44:01.061 D/wpa_supplicant(14816): wlan0: 11: 80:1f:02:43:fb:e8 ssid='Edimax AP' wpa_ie_len=0 rsn_ie_len=20 caps=0x411 level=-64
02-03 12:44:01.061 D/wpa_supplicant(14816): wlan0:    skip - SSID mismatch
02-03 12:44:01.061 D/wpa_supplicant(14816): wlan0: 12: c0:c1:c0:76:81:3c ssid='E2000' wpa_ie_len=0 rsn_ie_len=20 caps=0x411 level=-66 wps
02-03 12:44:01.061 D/wpa_supplicant(14816): wlan0:    skip - SSID mismatch
02-03 12:44:01.061 D/wpa_supplicant(14816): wlan0: 13: bc:ee:7b:97:78:35 ssid='ASUS' wpa_ie_len=0 rsn_ie_len=20 caps=0x411 level=-67 wps
02-03 12:44:01.061 D/wpa_supplicant(14816): wlan0:    skip - SSID mismatch
02-03 12:44:01.061 D/wpa_supplicant(14816): wlan0: 14: e4:d3:32:c0:cf:a4 ssid='fast' wpa_ie_len=0 rsn_ie_len=20 caps=0x411 level=-67
02-03 12:44:01.061 D/wpa_supplicant(14816): wlan0:    skip - SSID mismatch
02-03 12:44:01.061 D/wpa_supplicant(14816): wlan0: 15: 02:1a:11:f6:67:da ssid='love U forever' wpa_ie_len=0 rsn_ie_len=20 caps=0x431 level=-69
02-03 12:44:01.061 D/wpa_supplicant(14816): wlan0:    skip - SSID mismatch
02-03 12:44:01.061 D/wpa_supplicant(14816): wlan0: 16: 02:1a:11:fc:c3:59 ssid='test only' wpa_ie_len=0 rsn_ie_len=20 caps=0x431 level=-70
02-03 12:44:01.061 D/wpa_supplicant(14816): wlan0:    skip - SSID mismatch
02-03 12:44:01.061 D/wpa_supplicant(14816): wlan0: 17: c0:a0:bb:20:3b:84 ssid='dlink-3B84' wpa_ie_len=26 rsn_ie_len=24 caps=0x411 level=-71 wps
02-03 12:44:01.061 D/wpa_supplicant(14816): wlan0:    skip - SSID mismatch
02-03 12:44:01.061 D/wpa_supplicant(14816): wlan0: 18: 00:1e:67:80:ac:37 ssid='AndroidAP aaa' wpa_ie_len=0 rsn_ie_len=20 caps=0x1511 level=-71
02-03 12:44:01.061 D/wpa_supplicant(14816): wlan0:    skip - SSID mismatch
02-03 12:44:01.061 D/wpa_supplicant(14816): wlan0: 19: b0:48:7a:51:ff:cc ssid='Neusoft TP' wpa_ie_len=22 rsn_ie_len=20 caps=0x431 level=-72 wps
02-03 12:44:01.061 D/wpa_supplicant(14816): wlan0:    skip - SSID mismatch
02-03 12:44:01.061 D/wpa_supplicant(14816): wlan0: 20: cc:b2:55:e2:84:70 ssid='DLINK_APK' wpa_ie_len=22 rsn_ie_len=20 caps=0x411 level=-73
02-03 12:44:01.061 D/wpa_supplicant(14816): wlan0:    skip - SSID mismatch
02-03 12:44:01.061 D/wpa_supplicant(14816): wlan0: 21: 2c:b0:5d:7f:f4:24 ssid='NETGEAR38' wpa_ie_len=0 rsn_ie_len=20 caps=0x31 level=-73 wps
02-03 12:44:01.061 D/wpa_supplicant(14816): wlan0:    skip - SSID mismatch
02-03 12:44:01.061 D/wpa_supplicant(14816): wlan0: 22: 74:e5:43:24:f4:5b ssid='Dttest' wpa_ie_len=0 rsn_ie_len=20 caps=0x31 level=-74
02-03 12:44:01.061 D/wpa_supplicant(14816): wlan0:    skip - SSID mismatch
02-03 12:44:01.061 D/wpa_supplicant(14816): wlan0: 23: e4:d3:32:36:2e:54 ssid='MERCURY_362E54' wpa_ie_len=0 rsn_ie_len=0 caps=0x401 level=-64 wps
02-03 12:44:01.061 D/wpa_supplicant(14816): wlan0:    skip - SSID mismatch
02-03 12:44:01.061 D/wpa_supplicant(14816): wlan0: 24: e4:d3:32:dd:18:62 ssid='Internet' wpa_ie_len=0 rsn_ie_len=0 caps=0x421 level=-73
02-03 12:44:01.061 D/wpa_supplicant(14816): wlan0:    skip - SSID mismatch
02-03 12:44:01.061 D/wpa_supplicant(14816): wlan0: 25: 4c:e6:76:a5:4d:e0 ssid='BUFFALO-A54DE0-1' wpa_ie_len=0 rsn_ie_len=0 caps=0x401 level=-75 wps
02-03 12:44:01.061 D/wpa_supplicant(14816): wlan0:    skip - SSID mismatch
02-03 12:44:01.061 D/wpa_supplicant(14816): wlan0: 26: 50:bd:5f:4b:29:92 ssid='Internet-2' wpa_ie_len=0 rsn_ie_len=0 caps=0x421 level=-77
02-03 12:44:01.061 D/wpa_supplicant(14816): wlan0:    skip - SSID mismatch
02-03 12:44:01.061 D/wpa_supplicant(14816): wlan0: Selecting BSS from priority group 14
02-03 12:44:01.061 D/wpa_supplicant(14816): wlan0: 0: 6c:8b:2f:e9:d1:da ssid='ZTE_AP_1640' wpa_ie_len=0 rsn_ie_len=20 caps=0x511 level=-27
02-03 12:44:01.061 D/wpa_supplicant(14816): wlan0:    skip - SSID mismatch
02-03 12:44:01.061 D/wpa_supplicant(14816): wlan0: 1: f8:d1:11:e7:99:e8 ssid='videotest' wpa_ie_len=22 rsn_ie_len=20 caps=0x531 level=-48 wps
02-03 12:44:01.061 D/wpa_supplicant(14816): wlan0:    skip - SSID mismatch
02-03 12:44:01.061 D/wpa_supplicant(14816): wlan0: 2: 02:1a:11:f2:bf:af ssid='Android' wpa_ie_len=0 rsn_ie_len=20 caps=0x511 level=-50
02-03 12:44:01.061 D/wpa_supplicant(14816): wlan0:    skip - SSID mismatch
02-03 12:44:01.061 D/wpa_supplicant(14816): wlan0: 3: c8:d7:19:60:62:f2 ssid='E3000-2.4G' wpa_ie_len=0 rsn_ie_len=20 caps=0x411 level=-53 wps
02-03 12:44:01.061 D/wpa_supplicant(14816): wlan0:    skip - SSID mismatch
02-03 12:44:01.061 D/wpa_supplicant(14816): wlan0: 4: cc:34:29:2b:26:4c ssid='cws-test' wpa_ie_len=0 rsn_ie_len=20 caps=0x431 level=-55 wps
02-03 12:44:01.061 D/wpa_supplicant(14816): wlan0:    skip - SSID mismatch
02-03 12:44:01.061 D/wpa_supplicant(14816): wlan0: 5: 44:94:fc:3d:da:38 ssid='6300' wpa_ie_len=0 rsn_ie_len=20 caps=0x411 level=-56 wps
02-03 12:44:01.061 D/wpa_supplicant(14816): wlan0:    skip - SSID mismatch
02-03 12:44:01.061 D/wpa_supplicant(14816): wlan0: 6: 10:c3:7b:d2:e5:e0 ssid='ASUS_RT-AC66U-2.4G' wpa_ie_len=0 rsn_ie_len=20 caps=0x411 level=-59 wps
02-03 12:44:01.061 D/wpa_supplicant(14816): wlan0:    skip - SSID mismatch
02-03 12:44:01.061 D/wpa_supplicant(14816): wlan0: 7: b0:48:7a:20:66:6a ssid='TP-LINK_20666A' wpa_ie_len=22 rsn_ie_len=20 caps=0x431 level=-60 wps
02-03 12:44:01.061 D/wpa_supplicant(14816): wlan0:    skip - SSID mismatch
02-03 12:44:01.061 D/wpa_supplicant(14816): wlan0: 8: 90:94:e4:03:45:f5 ssid='2553q' wpa_ie_len=0 rsn_ie_len=24 caps=0x431 level=-62
02-03 12:44:01.061 D/wpa_supplicant(14816): wlan0:    skip - SSID mismatch
02-03 12:44:01.061 D/wpa_supplicant(14816): wlan0: 9: cc:34:29:2c:fb:ec ssid='linksys' wpa_ie_len=22 rsn_ie_len=20 caps=0x431 level=-63 wps
02-03 12:44:01.061 D/wpa_supplicant(14816): wlan0:    skip - SSID mismatch
02-03 12:44:01.061 D/wpa_supplicant(14816): wlan0: 10: 98:fc:11:81:35:fb ssid='E2000E' wpa_ie_len=0 rsn_ie_len=20 caps=0x411 level=-63 wps
02-03 12:44:01.061 D/wpa_supplicant(14816): wlan0:    skip - SSID mismatch
02-03 12:44:01.061 D/wpa_supplicant(14816): wlan0: 11: 80:1f:02:43:fb:e8 ssid='Edimax AP' wpa_ie_len=0 rsn_ie_len=20 caps=0x411 level=-64
02-03 12:44:01.061 D/wpa_supplicant(14816): wlan0:    skip - SSID mismatch
02-03 12:44:01.061 D/wpa_supplicant(14816): wlan0: 12: c0:c1:c0:76:81:3c ssid='E2000' wpa_ie_len=0 rsn_ie_len=20 caps=0x411 level=-66 wps
02-03 12:44:01.061 D/wpa_supplicant(14816): wlan0:    skip - SSID mismatch
02-03 12:44:01.061 D/wpa_supplicant(14816): wlan0: 13: bc:ee:7b:97:78:35 ssid='ASUS' wpa_ie_len=0 rsn_ie_len=20 caps=0x411 level=-67 wps
02-03 12:44:01.061 D/wpa_supplicant(14816): wlan0:    skip - SSID mismatch
02-03 12:44:01.061 D/wpa_supplicant(14816): wlan0: 14: e4:d3:32:c0:cf:a4 ssid='fast' wpa_ie_len=0 rsn_ie_len=20 caps=0x411 level=-67
02-03 12:44:01.061 D/wpa_supplicant(14816): wlan0:    skip - SSID mismatch
02-03 12:44:01.061 I/WifiHW  (14542): EVENT: IFNAME=wlan0 CTRL-EVENT-BSS-ADDED 92 cc:b2:55:e2:84:70
02-03 12:44:01.061 D/wpa_supplicant(14816): wlan0: 15: 02:1a:11:f6:67:da ssid='love U forever' wpa_ie_len=0 rsn_ie_len=20 caps=0x431 level=-69
02-03 12:44:01.061 D/wpa_supplicant(14816): wlan0:    skip - SSID mismatch
02-03 12:44:01.061 D/wpa_supplicant(14816): wlan0: 16: 02:1a:11:fc:c3:59 ssid='test only' wpa_ie_len=0 rsn_ie_len=20 caps=0x431 level=-70
02-03 12:44:01.061 D/wpa_supplicant(14816): wlan0:    skip - SSID mismatch
02-03 12:44:01.061 D/wpa_supplicant(14816): wlan0: 17: c0:a0:bb:20:3b:84 ssid='dlink-3B84' wpa_ie_len=26 rsn_ie_len=24 caps=0x411 level=-71 wps
02-03 12:44:01.061 D/wpa_supplicant(14816): wlan0:    skip - SSID mismatch
02-03 12:44:01.061 D/wpa_supplicant(14816): wlan0: 18: 00:1e:67:80:ac:37 ssid='AndroidAP aaa' wpa_ie_len=0 rsn_ie_len=20 caps=0x1511 level=-71
02-03 12:44:01.061 D/wpa_supplicant(14816): wlan0:    skip - SSID mismatch
02-03 12:44:01.061 D/wpa_supplicant(14816): wlan0: 19: b0:48:7a:51:ff:cc ssid='Neusoft TP' wpa_ie_len=22 rsn_ie_len=20 caps=0x431 level=-72 wps
02-03 12:44:01.061 D/wpa_supplicant(14816): wlan0:    skip - SSID mismatch
02-03 12:44:01.061 D/wpa_supplicant(14816): wlan0: 20: cc:b2:55:e2:84:70 ssid='DLINK_APK' wpa_ie_len=22 rsn_ie_len=20 caps=0x411 level=-73
02-03 12:44:01.061 D/wpa_supplicant(14816): wlan0:    skip - SSID mismatch
02-03 12:44:01.061 D/wpa_supplicant(14816): wlan0: 21: 2c:b0:5d:7f:f4:24 ssid='NETGEAR38' wpa_ie_len=0 rsn_ie_len=20 caps=0x31 level=-73 wps
02-03 12:44:01.061 D/wpa_supplicant(14816): wlan0:    skip - SSID mismatch
02-03 12:44:01.061 D/wpa_supplicant(14816): wlan0: 22: 74:e5:43:24:f4:5b ssid='Dttest' wpa_ie_len=0 rsn_ie_len=20 caps=0x31 level=-74
02-03 12:44:01.061 D/wpa_supplicant(14816): wlan0:    skip - SSID mismatch
02-03 12:44:01.061 D/wpa_supplicant(14816): wlan0: 23: e4:d3:32:36:2e:54 ssid='MERCURY_362E54' wpa_ie_len=0 rsn_ie_len=0 caps=0x401 level=-64 wps
02-03 12:44:01.061 D/wpa_supplicant(14816): wlan0:    skip - no WPA/RSN proto match
02-03 12:44:01.061 D/wpa_supplicant(14816): wlan0: 24: e4:d3:32:dd:18:62 ssid='Internet' wpa_ie_len=0 rsn_ie_len=0 caps=0x421 level=-73
02-03 12:44:01.061 D/wpa_supplicant(14816): wlan0:    skip - SSID mismatch
02-03 12:44:01.061 D/wpa_supplicant(14816): wlan0: 25: 4c:e6:76:a5:4d:e0 ssid='BUFFALO-A54DE0-1' wpa_ie_len=0 rsn_ie_len=0 caps=0x401 level=-75 wps
02-03 12:44:01.061 D/wpa_supplicant(14816): wlan0:    skip - SSID mismatch
02-03 12:44:01.061 D/wpa_supplicant(14816): wlan0: 26: 50:bd:5f:4b:29:92 ssid='Internet-2' wpa_ie_len=0 rsn_ie_len=0 caps=0x421 level=-77
02-03 12:44:01.061 D/wpa_supplicant(14816): wlan0:    skip - SSID mismatch
02-03 12:44:01.061 D/wpa_supplicant(14816): wlan0: Selecting BSS from priority group 13
02-03 12:44:01.061 D/wpa_supplicant(14816): wlan0: 0: 6c:8b:2f:e9:d1:da ssid='ZTE_AP_1640' wpa_ie_len=0 rsn_ie_len=20 caps=0x511 level=-27
02-03 12:44:01.061 D/wpa_supplicant(14816): wlan0:    skip - disabled
02-03 12:44:01.061 D/wpa_supplicant(14816): wlan0: 1: f8:d1:11:e7:99:e8 ssid='videotest' wpa_ie_len=22 rsn_ie_len=20 caps=0x531 level=-48 wps
02-03 12:44:01.061 I/WifiHW  (14542): EVENT: IFNAME=wlan0 CTRL-EVENT-BSS-ADDED 93 2c:b0:5d:7f:f4:24
02-03 12:44:01.061 I/WifiHW  (14542): EVENT: IFNAME=wlan0 CTRL-EVENT-BSS-REMOVED 82 14:d6:4d:28:ef:c8
02-03 12:44:01.061 I/WifiHW  (14542): EVENT: IFNAME=wlan0 CTRL-EVENT-BSS-REMOVED 89 02:09:4c:b9:0c:d6
02-03 12:44:01.061 I/WifiHW  (14542): EVENT: IFNAME=wlan0 CTRL-EVENT-SCAN-RESULTS 
02-03 12:44:01.061 I/WifiHW  (14542): EVENT: IFNAME=wlan0 WPS-AP-AVAILABLE 
02-03 12:44:01.061 D/wpa_supplicant(14816): wlan0:    skip - disabled
02-03 12:44:01.061 D/wpa_supplicant(14816): wlan0: 2: 02:1a:11:f2:bf:af ssid='Android' wpa_ie_len=0 rsn_ie_len=20 caps=0x511 level=-50
02-03 12:44:01.061 D/wpa_supplicant(14816): wlan0:    skip - disabled
02-03 12:44:01.061 D/wpa_supplicant(14816): wlan0: 3: c8:d7:19:60:62:f2 ssid='E3000-2.4G' wpa_ie_len=0 rsn_ie_len=20 caps=0x411 level=-53 wps
02-03 12:44:01.061 D/wpa_supplicant(14816): wlan0:    skip - disabled
02-03 12:44:01.061 D/wpa_supplicant(14816): wlan0: 4: cc:34:29:2b:26:4c ssid='cws-test' wpa_ie_len=0 rsn_ie_len=20 caps=0x431 level=-55 wps
02-03 12:44:01.061 D/wpa_supplicant(14816): wlan0:    skip - disabled
02-03 12:44:01.061 D/wpa_supplicant(14816): wlan0: 5: 44:94:fc:3d:da:38 ssid='6300' wpa_ie_len=0 rsn_ie_len=20 caps=0x411 level=-56 wps
02-03 12:44:01.061 D/wpa_supplicant(14816): wlan0:    skip - disabled
02-03 12:44:01.061 D/wpa_supplicant(14816): wlan0: 6: 10:c3:7b:d2:e5:e0 ssid='ASUS_RT-AC66U-2.4G' wpa_ie_len=0 rsn_ie_len=20 caps=0x411 level=-59 wps
02-03 12:44:01.061 D/wpa_supplicant(14816): wlan0:    skip - disabled
02-03 12:44:01.061 D/wpa_supplicant(14816): wlan0: 7: b0:48:7a:20:66:6a ssid='TP-LINK_20666A' wpa_ie_len=22 rsn_ie_len=20 caps=0x431 level=-60 wps
02-03 12:44:01.061 D/wpa_supplicant(14816): wlan0:    skip - disabled
02-03 12:44:01.061 I/WifiHW  (14542): CMD: IFNAME=wlan0 BSS RANGE=0- MASK=0x21987
02-03 12:44:01.061 D/wpa_supplicant(14816): wlan0: 8: 90:94:e4:03:45:f5 ssid='2553q' wpa_ie_len=0 rsn_ie_len=24 caps=0x431 level=-62
02-03 12:44:01.061 D/wpa_supplicant(14816): wlan0:    skip - disabled
02-03 12:44:01.061 D/wpa_supplicant(14816): wlan0: 9: cc:34:29:2c:fb:ec ssid='linksys' wpa_ie_len=22 rsn_ie_len=20 caps=0x431 level=-63 wps
02-03 12:44:01.061 D/wpa_supplicant(14816): wlan0:    skip - disabled
02-03 12:44:01.061 D/wpa_supplicant(14816): wlan0: 10: 98:fc:11:81:35:fb ssid='E2000E' wpa_ie_len=0 rsn_ie_len=20 caps=0x411 level=-63 wps
02-03 12:44:01.061 D/wpa_supplicant(14816): wlan0:    skip - disabled
02-03 12:44:01.061 D/wpa_supplicant(14816): wlan0: 11: 80:1f:02:43:fb:e8 ssid='Edimax AP' wpa_ie_len=0 rsn_ie_len=20 caps=0x411 level=-64
02-03 12:44:01.061 D/wpa_supplicant(14816): wlan0:    skip - disabled
02-03 12:44:01.061 D/wpa_supplicant(14816): wlan0: 12: c0:c1:c0:76:81:3c ssid='E2000' wpa_ie_len=0 rsn_ie_len=20 caps=0x411 level=-66 wps
02-03 12:44:01.061 D/wpa_supplicant(14816): wlan0:    skip - disabled
02-03 12:44:01.061 D/wpa_supplicant(14816): wlan0: 13: bc:ee:7b:97:78:35 ssid='ASUS' wpa_ie_len=0 rsn_ie_len=20 caps=0x411 level=-67 wps
02-03 12:44:01.061 D/wpa_supplicant(14816): wlan0:    skip - disabled
02-03 12:44:01.061 D/wpa_supplicant(14816): wlan0: 14: e4:d3:32:c0:cf:a4 ssid='fast' wpa_ie_len=0 rsn_ie_len=20 caps=0x411 level=-67
02-03 12:44:01.061 D/wpa_supplicant(14816): wlan0:    skip - disabled
02-03 12:44:01.061 D/wpa_supplicant(14816): wlan0: 15: 02:1a:11:f6:67:da ssid='love U forever' wpa_ie_len=0 rsn_ie_len=20 caps=0x431 level=-69
02-03 12:44:01.061 D/wpa_supplicant(14816): wlan0:    skip - disabled
02-03 12:44:01.061 D/wpa_supplicant(14816): wlan0: 16: 02:1a:11:fc:c3:59 ssid='test only' wpa_ie_len=0 rsn_ie_len=20 caps=0x431 level=-70
02-03 12:44:01.061 D/wpa_supplicant(14816): wlan0:    skip - disabled
02-03 12:44:01.061 D/wpa_supplicant(14816): wlan0: 17: c0:a0:bb:20:3b:84 ssid='dlink-3B84' wpa_ie_len=26 rsn_ie_len=24 caps=0x411 level=-71 wps
02-03 12:44:01.061 D/wpa_supplicant(14816): wlan0:    skip - disabled
02-03 12:44:01.061 D/wpa_supplicant(14816): wlan0: 18: 00:1e:67:80:ac:37 ssid='AndroidAP aaa' wpa_ie_len=0 rsn_ie_len=20 caps=0x1511 level=-71
02-03 12:44:01.061 D/wpa_supplicant(14816): wlan0:    skip - disabled
02-03 12:44:01.061 D/wpa_supplicant(14816): wlan0: 19: b0:48:7a:51:ff:cc ssid='Neusoft TP' wpa_ie_len=22 rsn_ie_len=20 caps=0x431 level=-72 wps
02-03 12:44:01.061 D/wpa_supplicant(14816): wlan0:    skip - disabled
02-03 12:44:01.061 D/wpa_supplicant(14816): wlan0: 20: cc:b2:55:e2:84:70 ssid='DLINK_APK' wpa_ie_len=22 rsn_ie_len=20 caps=0x411 level=-73
02-03 12:44:01.061 D/wpa_supplicant(14816): wlan0:    skip - disabled
02-03 12:44:01.061 D/wpa_supplicant(14816): wlan0: 21: 2c:b0:5d:7f:f4:24 ssid='NETGEAR38' wpa_ie_len=0 rsn_ie_len=20 caps=0x31 level=-73 wps
02-03 12:44:01.061 D/wpa_supplicant(14816): wlan0:    skip - disabled
02-03 12:44:01.061 D/wpa_supplicant(14816): wlan0: 22: 74:e5:43:24:f4:5b ssid='Dttest' wpa_ie_len=0 rsn_ie_len=20 caps=0x31 level=-74
02-03 12:44:01.061 D/wpa_supplicant(14816): wlan0:    skip - disabled
02-03 12:44:01.061 D/wpa_supplicant(14816): wlan0: 23: e4:d3:32:36:2e:54 ssid='MERCURY_362E54' wpa_ie_len=0 rsn_ie_len=0 caps=0x401 level=-64 wps
02-03 12:44:01.061 D/wpa_supplicant(14816): wlan0:    skip - disabled
02-03 12:44:01.061 D/wpa_supplicant(14816): wlan0: 24: e4:d3:32:dd:18:62 ssid='Internet' wpa_ie_len=0 rsn_ie_len=0 caps=0x421 level=-73
02-03 12:44:01.061 D/wpa_supplicant(14816): wlan0:    skip - disabled
02-03 12:44:01.061 D/wpa_supplicant(14816): wlan0: 25: 4c:e6:76:a5:4d:e0 ssid='BUFFALO-A54DE0-1' wpa_ie_len=0 rsn_ie_len=0 caps=0x401 level=-75 wps
02-03 12:44:01.061 D/wpa_supplicant(14816): wlan0:    skip - disabled
02-03 12:44:01.061 D/wpa_supplicant(14816): wlan0: 26: 50:bd:5f:4b:29:92 ssid='Internet-2' wpa_ie_len=0 rsn_ie_len=0 caps=0x421 level=-77
02-03 12:44:01.061 D/wpa_supplicant(14816): wlan0:    skip - disabled
02-03 12:44:01.061 D/wpa_supplicant(14816): wlan0: Selecting BSS from priority group 12
02-03 12:44:01.061 D/wpa_supplicant(14816): wlan0: 0: 6c:8b:2f:e9:d1:da ssid='ZTE_AP_1640' wpa_ie_len=0 rsn_ie_len=20 caps=0x511 level=-27
02-03 12:44:01.061 D/wpa_supplicant(14816): wlan0:    skip - SSID mismatch
02-03 12:44:01.061 D/wpa_supplicant(14816): wlan0: 1: f8:d1:11:e7:99:e8 ssid='videotest' wpa_ie_len=22 rsn_ie_len=20 caps=0x531 level=-48 wps
02-03 12:44:01.061 D/wpa_supplicant(14816): wlan0:    skip - SSID mismatch
02-03 12:44:01.061 D/wpa_supplicant(14816): wlan0: 2: 02:1a:11:f2:bf:af ssid='Android' wpa_ie_len=0 rsn_ie_len=20 caps=0x511 level=-50
02-03 12:44:01.061 D/wpa_supplicant(14816): wlan0:    skip - SSID mismatch
02-03 12:44:01.061 D/wpa_supplicant(14816): wlan0: 3: c8:d7:19:60:62:f2 ssid='E3000-2.4G' wpa_ie_len=0 rsn_ie_len=20 caps=0x411 level=-53 wps
02-03 12:44:01.061 D/wpa_supplicant(14816): wlan0:    skip - SSID mismatch
02-03 12:44:01.061 D/wpa_supplicant(14816): wlan0: 4: cc:34:29:2b:26:4c ssid='cws-test' wpa_ie_len=0 rsn_ie_len=20 caps=0x431 level=-55 wps
02-03 12:44:01.061 D/wpa_supplicant(14816): wlan0:    skip - SSID mismatch
02-03 12:44:01.061 D/wpa_supplicant(14816): wlan0: 5: 44:94:fc:3d:da:38 ssid='6300' wpa_ie_len=0 rsn_ie_len=20 caps=0x411 level=-56 wps
02-03 12:44:01.061 D/wpa_supplicant(14816): wlan0:    skip - SSID mismatch
02-03 12:44:01.061 D/wpa_supplicant(14816): wlan0: 6: 10:c3:7b:d2:e5:e0 ssid='ASUS_RT-AC66U-2.4G' wpa_ie_len=0 rsn_ie_len=20 caps=0x411 level=-59 wps
02-03 12:44:01.061 D/wpa_supplicant(14816): wlan0:    skip - SSID mismatch
02-03 12:44:01.061 D/wpa_supplicant(14816): wlan0: 7: b0:48:7a:20:66:6a ssid='TP-LINK_20666A' wpa_ie_len=22 rsn_ie_len=20 caps=0x431 level=-60 wps
02-03 12:44:01.061 D/wpa_supplicant(14816): wlan0:    skip - SSID mismatch
02-03 12:44:01.061 D/wpa_supplicant(14816): wlan0: 8: 90:94:e4:03:45:f5 ssid='2553q' wpa_ie_len=0 rsn_ie_len=24 caps=0x431 level=-62
02-03 12:44:01.061 D/wpa_supplicant(14816): wlan0:    skip - SSID mismatch
02-03 12:44:01.061 D/wpa_supplicant(14816): wlan0: 9: cc:34:29:2c:fb:ec ssid='linksys' wpa_ie_len=22 rsn_ie_len=20 caps=0x431 level=-63 wps
02-03 12:44:01.061 D/wpa_supplicant(14816): wlan0:    skip - SSID mismatch
02-03 12:44:01.061 D/wpa_supplicant(14816): wlan0: 10: 98:fc:11:81:35:fb ssid='E2000E' wpa_ie_len=0 rsn_ie_len=20 caps=0x411 level=-63 wps
02-03 12:44:01.061 D/wpa_supplicant(14816): wlan0:    skip - SSID mismatch
02-03 12:44:01.061 D/wpa_supplicant(14816): wlan0: 11: 80:1f:02:43:fb:e8 ssid='Edimax AP' wpa_ie_len=0 rsn_ie_len=20 caps=0x411 level=-64
02-03 12:44:01.061 D/wpa_supplicant(14816): wlan0:    skip - SSID mismatch
02-03 12:44:01.061 D/wpa_supplicant(14816): wlan0: 12: c0:c1:c0:76:81:3c ssid='E2000' wpa_ie_len=0 rsn_ie_len=20 caps=0x411 level=-66 wps
02-03 12:44:01.061 D/wpa_supplicant(14816): wlan0:    skip - SSID mismatch
02-03 12:44:01.061 D/wpa_supplicant(14816): wlan0: 13: bc:ee:7b:97:78:35 ssid='ASUS' wpa_ie_len=0 rsn_ie_len=20 caps=0x411 level=-67 wps
02-03 12:44:01.061 D/wpa_supplicant(14816): wlan0:    skip - SSID mismatch
02-03 12:44:01.061 D/wpa_supplicant(14816): wlan0: 14: e4:d3:32:c0:cf:a4 ssid='fast' wpa_ie_len=0 rsn_ie_len=20 caps=0x411 level=-67
02-03 12:44:01.061 D/wpa_supplicant(14816): wlan0:    skip - SSID mismatch
02-03 12:44:01.061 D/wpa_supplicant(14816): wlan0: 15: 02:1a:11:f6:67:da ssid='love U forever' wpa_ie_len=0 rsn_ie_len=20 caps=0x431 level=-69
02-03 12:44:01.061 D/wpa_supplicant(14816): wlan0:    skip - SSID mismatch
02-03 12:44:01.061 D/wpa_supplicant(14816): wlan0: 16: 02:1a:11:fc:c3:59 ssid='test only' wpa_ie_len=0 rsn_ie_len=20 caps=0x431 level=-70
02-03 12:44:01.061 D/wpa_supplicant(14816): wlan0:    skip - SSID mismatch
02-03 12:44:01.061 D/wpa_supplicant(14816): wlan0: 17: c0:a0:bb:20:3b:84 ssid='dlink-3B84' wpa_ie_len=26 rsn_ie_len=24 caps=0x411 level=-71 wps
02-03 12:44:01.061 D/wpa_supplicant(14816): wlan0:    skip - SSID mismatch
02-03 12:44:01.061 D/wpa_supplicant(14816): wlan0: 18: 00:1e:67:80:ac:37 ssid='AndroidAP aaa' wpa_ie_len=0 rsn_ie_len=20 caps=0x1511 level=-71
02-03 12:44:01.061 D/wpa_supplicant(14816): wlan0:    skip - SSID mismatch
02-03 12:44:01.061 D/wpa_supplicant(14816): wlan0: 19: b0:48:7a:51:ff:cc ssid='Neusoft TP' wpa_ie_len=22 rsn_ie_len=20 caps=0x431 level=-72 wps
02-03 12:44:01.061 D/wpa_supplicant(14816): wlan0:    skip - SSID mismatch
02-03 12:44:01.061 D/wpa_supplicant(14816): wlan0: 20: cc:b2:55:e2:84:70 ssid='DLINK_APK' wpa_ie_len=22 rsn_ie_len=20 caps=0x411 level=-73
02-03 12:44:01.061 D/wpa_supplicant(14816): wlan0:    skip - SSID mismatch
02-03 12:44:01.061 D/wpa_supplicant(14816): wlan0: 21: 2c:b0:5d:7f:f4:24 ssid='NETGEAR38' wpa_ie_len=0 rsn_ie_len=20 caps=0x31 level=-73 wps
02-03 12:44:01.061 D/wpa_supplicant(14816): wlan0:    skip - SSID mismatch
02-03 12:44:01.061 D/wpa_supplicant(14816): wlan0: 22: 74:e5:43:24:f4:5b ssid='Dttest' wpa_ie_len=0 rsn_ie_len=20 caps=0x31 level=-74
02-03 12:44:01.061 D/wpa_supplicant(14816): wlan0:    skip - SSID mismatch
02-03 12:44:01.061 D/wpa_supplicant(14816): wlan0: 23: e4:d3:32:36:2e:54 ssid='MERCURY_362E54' wpa_ie_len=0 rsn_ie_len=0 caps=0x401 level=-64 wps
02-03 12:44:01.061 D/wpa_supplicant(14816): wlan0:    skip - SSID mismatch
02-03 12:44:01.061 D/wpa_supplicant(14816): wlan0: 24: e4:d3:32:dd:18:62 ssid='Internet' wpa_ie_len=0 rsn_ie_len=0 caps=0x421 level=-73
02-03 12:44:01.061 D/wpa_supplicant(14816): wlan0:    skip - SSID mismatch
02-03 12:44:01.061 D/wpa_supplicant(14816): wlan0: 25: 4c:e6:76:a5:4d:e0 ssid='BUFFALO-A54DE0-1' wpa_ie_len=0 rsn_ie_len=0 caps=0x401 level=-75 wps
02-03 12:44:01.061 D/wpa_supplicant(14816): wlan0:    skip - SSID mismatch
02-03 12:44:01.061 D/wpa_supplicant(14816): wlan0: 26: 50:bd:5f:4b:29:92 ssid='Internet-2' wpa_ie_len=0 rsn_ie_len=0 caps=0x421 level=-77
02-03 12:44:01.061 D/wpa_supplicant(14816): wlan0:    skip - SSID mismatch
02-03 12:44:01.061 D/wpa_supplicant(14816): wlan0: Selecting BSS from priority group 3
02-03 12:44:01.061 D/wpa_supplicant(14816): wlan0: 0: 6c:8b:2f:e9:d1:da ssid='ZTE_AP_1640' wpa_ie_len=0 rsn_ie_len=20 caps=0x511 level=-27
02-03 12:44:01.061 D/wpa_supplicant(14816): wlan0:    skip - SSID mismatch
02-03 12:44:01.061 D/wpa_supplicant(14816): wlan0: 1: f8:d1:11:e7:99:e8 ssid='videotest' wpa_ie_len=22 rsn_ie_len=20 caps=0x531 level=-48 wps
02-03 12:44:01.061 D/wpa_supplicant(14816): wlan0:    skip - SSID mismatch
02-03 12:44:01.061 D/wpa_supplicant(14816): wlan0: 2: 02:1a:11:f2:bf:af ssid='Android' wpa_ie_len=0 rsn_ie_len=20 caps=0x511 level=-50
02-03 12:44:01.061 D/wpa_supplicant(14816): wlan0:    skip - SSID mismatch
02-03 12:44:01.061 D/wpa_supplicant(14816): wlan0: 3: c8:d7:19:60:62:f2 ssid='E3000-2.4G' wpa_ie_len=0 rsn_ie_len=20 caps=0x411 level=-53 wps
02-03 12:44:01.061 D/wpa_supplicant(14816): wlan0:    skip - SSID mismatch
02-03 12:44:01.061 D/wpa_supplicant(14816): wlan0: 4: cc:34:29:2b:26:4c ssid='cws-test' wpa_ie_len=0 rsn_ie_len=20 caps=0x431 level=-55 wps
02-03 12:44:01.061 D/wpa_supplicant(14816): wlan0:    skip - SSID mismatch
02-03 12:44:01.061 D/wpa_supplicant(14816): wlan0: 5: 44:94:fc:3d:da:38 ssid='6300' wpa_ie_len=0 rsn_ie_len=20 caps=0x411 level=-56 wps
02-03 12:44:01.061 D/wpa_supplicant(14816): wlan0:    skip - SSID mismatch
02-03 12:44:01.061 D/wpa_supplicant(14816): wlan0: 6: 10:c3:7b:d2:e5:e0 ssid='ASUS_RT-AC66U-2.4G' wpa_ie_len=0 rsn_ie_len=20 caps=0x411 level=-59 wps
02-03 12:44:01.061 D/wpa_supplicant(14816): wlan0:    skip - SSID mismatch
02-03 12:44:01.061 D/wpa_supplicant(14816): wlan0: 7: b0:48:7a:20:66:6a ssid='TP-LINK_20666A' wpa_ie_len=22 rsn_ie_len=20 caps=0x431 level=-60 wps
02-03 12:44:01.061 D/wpa_supplicant(14816): wlan0:    skip - SSID mismatch
02-03 12:44:01.061 D/wpa_supplicant(14816): wlan0: 8: 90:94:e4:03:45:f5 ssid='2553q' wpa_ie_len=0 rsn_ie_len=24 caps=0x431 level=-62
02-03 12:44:01.061 D/wpa_supplicant(14816): wlan0:    skip - SSID mismatch
02-03 12:44:01.061 D/wpa_supplicant(14816): wlan0: 9: cc:34:29:2c:fb:ec ssid='linksys' wpa_ie_len=22 rsn_ie_len=20 caps=0x431 level=-63 wps
02-03 12:44:01.061 D/wpa_supplicant(14816): wlan0:    skip - SSID mismatch
02-03 12:44:01.061 D/wpa_supplicant(14816): wlan0: 10: 98:fc:11:81:35:fb ssid='E2000E' wpa_ie_len=0 rsn_ie_len=20 caps=0x411 level=-63 wps
02-03 12:44:01.061 D/wpa_supplicant(14816): wlan0:    skip - SSID mismatch
02-03 12:44:01.061 D/wpa_supplicant(14816): wlan0: 11: 80:1f:02:43:fb:e8 ssid='Edimax AP' wpa_ie_len=0 rsn_ie_len=20 caps=0x411 level=-64
02-03 12:44:01.061 D/wpa_supplicant(14816): wlan0:    skip - SSID mismatch
02-03 12:44:01.061 D/wpa_supplicant(14816): wlan0: 12: c0:c1:c0:76:81:3c ssid='E2000' wpa_ie_len=0 rsn_ie_len=20 caps=0x411 level=-66 wps
02-03 12:44:01.061 D/wpa_supplicant(14816): wlan0:    skip - SSID mismatch
02-03 12:44:01.061 D/wpa_supplicant(14816): wlan0: 13: bc:ee:7b:97:78:35 ssid='ASUS' wpa_ie_len=0 rsn_ie_len=20 caps=0x411 level=-67 wps
02-03 12:44:01.061 D/wpa_supplicant(14816): wlan0:    skip - SSID mismatch
02-03 12:44:01.061 D/wpa_supplicant(14816): wlan0: 14: e4:d3:32:c0:cf:a4 ssid='fast' wpa_ie_len=0 rsn_ie_len=20 caps=0x411 level=-67
02-03 12:44:01.061 D/wpa_supplicant(14816): wlan0:    skip - SSID mismatch
02-03 12:44:01.061 D/wpa_supplicant(14816): wlan0: 15: 02:1a:11:f6:67:da ssid='love U forever' wpa_ie_len=0 rsn_ie_len=20 caps=0x431 level=-69
02-03 12:44:01.061 D/wpa_supplicant(14816): wlan0:    skip - SSID mismatch
02-03 12:44:01.061 D/wpa_supplicant(14816): wlan0: 16: 02:1a:11:fc:c3:59 ssid='test only' wpa_ie_len=0 rsn_ie_len=20 caps=0x431 level=-70
02-03 12:44:01.061 D/wpa_supplicant(14816): wlan0:    skip - SSID mismatch
02-03 12:44:01.061 D/wpa_supplicant(14816): wlan0: 17: c0:a0:bb:20:3b:84 ssid='dlink-3B84' wpa_ie_len=26 rsn_ie_len=24 caps=0x411 level=-71 wps
02-03 12:44:01.061 D/wpa_supplicant(14816): wlan0:    skip - SSID mismatch
02-03 12:44:01.061 D/wpa_supplicant(14816): wlan0: 18: 00:1e:67:80:ac:37 ssid='AndroidAP aaa' wpa_ie_len=0 rsn_ie_len=20 caps=0x1511 level=-71
02-03 12:44:01.061 D/wpa_supplicant(14816): wlan0:    skip - SSID mismatch
02-03 12:44:01.061 D/wpa_supplicant(14816): wlan0: 19: b0:48:7a:51:ff:cc ssid='Neusoft TP' wpa_ie_len=22 rsn_ie_len=20 caps=0x431 level=-72 wps
02-03 12:44:01.061 D/wpa_supplicant(14816): wlan0:    skip - SSID mismatch
02-03 12:44:01.061 D/wpa_supplicant(14816): wlan0: 20: cc:b2:55:e2:84:70 ssid='DLINK_APK' wpa_ie_len=22 rsn_ie_len=20 caps=0x411 level=-73
02-03 12:44:01.061 D/wpa_supplicant(14816): wlan0:    skip - SSID mismatch
02-03 12:44:01.061 D/wpa_supplicant(14816): wlan0: 21: 2c:b0:5d:7f:f4:24 ssid='NETGEAR38' wpa_ie_len=0 rsn_ie_len=20 caps=0x31 level=-73 wps
02-03 12:44:01.061 D/wpa_supplicant(14816): wlan0:    skip - SSID mismatch
02-03 12:44:01.061 D/wpa_supplicant(14816): wlan0: 22: 74:e5:43:24:f4:5b ssid='Dttest' wpa_ie_len=0 rsn_ie_len=20 caps=0x31 level=-74
02-03 12:44:01.061 D/wpa_supplicant(14816): wlan0:    skip - SSID mismatch
02-03 12:44:01.061 D/wpa_supplicant(14816): wlan0: 23: e4:d3:32:36:2e:54 ssid='MERCURY_362E54' wpa_ie_len=0 rsn_ie_len=0 caps=0x401 level=-64 wps
02-03 12:44:01.061 D/wpa_supplicant(14816): wlan0:    skip - SSID mismatch
02-03 12:44:01.061 D/wpa_supplicant(14816): wlan0: 24: e4:d3:32:dd:18:62 ssid='Internet' wpa_ie_len=0 rsn_ie_len=0 caps=0x421 level=-73
02-03 12:44:01.061 D/wpa_supplicant(14816): wlan0:    skip - SSID mismatch
02-03 12:44:01.061 D/wpa_supplicant(14816): wlan0: 25: 4c:e6:76:a5:4d:e0 ssid='BUFFALO-A54DE0-1' wpa_ie_len=0 rsn_ie_len=0 caps=0x401 level=-75 wps
02-03 12:44:01.061 D/wpa_supplicant(14816): wlan0:    skip - SSID mismatch
02-03 12:44:01.061 D/wpa_supplicant(14816): wlan0: 26: 50:bd:5f:4b:29:92 ssid='Internet-2' wpa_ie_len=0 rsn_ie_len=0 caps=0x421 level=-77
02-03 12:44:01.061 D/wpa_supplicant(14816): wlan0:    skip - SSID mismatch
02-03 12:44:01.061 D/wpa_supplicant(14816): wlan0: Selecting BSS from priority group 1
02-03 12:44:01.061 D/wpa_supplicant(14816): wlan0: 0: 6c:8b:2f:e9:d1:da ssid='ZTE_AP_1640' wpa_ie_len=0 rsn_ie_len=20 caps=0x511 level=-27
02-03 12:44:01.061 D/wpa_supplicant(14816): wlan0:    skip - SSID mismatch
02-03 12:44:01.061 D/wpa_supplicant(14816): wlan0: 1: f8:d1:11:e7:99:e8 ssid='videotest' wpa_ie_len=22 rsn_ie_len=20 caps=0x531 level=-48 wps
02-03 12:44:01.061 D/wpa_supplicant(14816): wlan0:    skip - SSID mismatch
02-03 12:44:01.061 D/wpa_supplicant(14816): wlan0: 2: 02:1a:11:f2:bf:af ssid='Android' wpa_ie_len=0 rsn_ie_len=20 caps=0x511 level=-50
02-03 12:44:01.061 D/wpa_supplicant(14816): wlan0:    skip - SSID mismatch
02-03 12:44:01.061 D/wpa_supplicant(14816): wlan0: 3: c8:d7:19:60:62:f2 ssid='E3000-2.4G' wpa_ie_len=0 rsn_ie_len=20 caps=0x411 level=-53 wps
02-03 12:44:01.061 D/wpa_supplicant(14816): wlan0:    skip - SSID mismatch
02-03 12:44:01.061 D/wpa_supplicant(14816): wlan0: 4: cc:34:29:2b:26:4c ssid='cws-test' wpa_ie_len=0 rsn_ie_len=20 caps=0x431 level=-55 wps
02-03 12:44:01.061 D/wpa_supplicant(14816): wlan0:    skip - SSID mismatch
02-03 12:44:01.061 D/wpa_supplicant(14816): wlan0: 5: 44:94:fc:3d:da:38 ssid='6300' wpa_ie_len=0 rsn_ie_len=20 caps=0x411 level=-56 wps
02-03 12:44:01.061 D/wpa_supplicant(14816): wlan0:    skip - SSID mismatch
02-03 12:44:01.061 D/wpa_supplicant(14816): wlan0: 6: 10:c3:7b:d2:e5:e0 ssid='ASUS_RT-AC66U-2.4G' wpa_ie_len=0 rsn_ie_len=20 caps=0x411 level=-59 wps
02-03 12:44:01.061 D/wpa_supplicant(14816): wlan0:    skip - SSID mismatch
02-03 12:44:01.061 D/wpa_supplicant(14816): wlan0: 7: b0:48:7a:20:66:6a ssid='TP-LINK_20666A' wpa_ie_len=22 rsn_ie_len=20 caps=0x431 level=-60 wps
02-03 12:44:01.061 D/wpa_supplicant(14816): wlan0:    skip - SSID mismatch
02-03 12:44:01.061 D/wpa_supplicant(14816): wlan0: 8: 90:94:e4:03:45:f5 ssid='2553q' wpa_ie_len=0 rsn_ie_len=24 caps=0x431 level=-62
02-03 12:44:01.061 D/wpa_supplicant(14816): wlan0:    skip - SSID mismatch
02-03 12:44:01.061 D/wpa_supplicant(14816): wlan0: 9: cc:34:29:2c:fb:ec ssid='linksys' wpa_ie_len=22 rsn_ie_len=20 caps=0x431 level=-63 wps
02-03 12:44:01.061 D/wpa_supplicant(14816): wlan0:    skip - SSID mismatch
02-03 12:44:01.061 D/wpa_supplicant(14816): wlan0: 10: 98:fc:11:81:35:fb ssid='E2000E' wpa_ie_len=0 rsn_ie_len=20 caps=0x411 level=-63 wps
02-03 12:44:01.061 D/wpa_supplicant(14816): wlan0:    skip - SSID mismatch
02-03 12:44:01.061 D/wpa_supplicant(14816): wlan0: 11: 80:1f:02:43:fb:e8 ssid='Edimax AP' wpa_ie_len=0 rsn_ie_len=20 caps=0x411 level=-64
02-03 12:44:01.061 D/wpa_supplicant(14816): wlan0:    skip - SSID mismatch
02-03 12:44:01.061 D/wpa_supplicant(14816): wlan0: 12: c0:c1:c0:76:81:3c ssid='E2000' wpa_ie_len=0 rsn_ie_len=20 caps=0x411 level=-66 wps
02-03 12:44:01.061 D/wpa_supplicant(14816): wlan0:    skip - SSID mismatch
02-03 12:44:01.061 D/wpa_supplicant(14816): wlan0: 13: bc:ee:7b:97:78:35 ssid='ASUS' wpa_ie_len=0 rsn_ie_len=20 caps=0x411 level=-67 wps
02-03 12:44:01.061 D/wpa_supplicant(14816): wlan0:    skip - SSID mismatch
02-03 12:44:01.061 D/wpa_supplicant(14816): wlan0: 14: e4:d3:32:c0:cf:a4 ssid='fast' wpa_ie_len=0 rsn_ie_len=20 caps=0x411 level=-67
02-03 12:44:01.061 D/wpa_supplicant(14816): wlan0:    skip - SSID mismatch
02-03 12:44:01.061 D/wpa_supplicant(14816): wlan0: 15: 02:1a:11:f6:67:da ssid='love U forever' wpa_ie_len=0 rsn_ie_len=20 caps=0x431 level=-69
02-03 12:44:01.061 D/wpa_supplicant(14816): wlan0:    skip - SSID mismatch
02-03 12:44:01.061 D/wpa_supplicant(14816): wlan0: 16: 02:1a:11:fc:c3:59 ssid='test only' wpa_ie_len=0 rsn_ie_len=20 caps=0x431 level=-70
02-03 12:44:01.061 D/wpa_supplicant(14816): wlan0:    skip - SSID mismatch
02-03 12:44:01.061 D/wpa_supplicant(14816): wlan0: 17: c0:a0:bb:20:3b:84 ssid='dlink-3B84' wpa_ie_len=26 rsn_ie_len=24 caps=0x411 level=-71 wps
02-03 12:44:01.061 D/wpa_supplicant(14816): wlan0:    skip - SSID mismatch
02-03 12:44:01.061 D/wpa_supplicant(14816): wlan0: 18: 00:1e:67:80:ac:37 ssid='AndroidAP aaa' wpa_ie_len=0 rsn_ie_len=20 caps=0x1511 level=-71
02-03 12:44:01.061 D/wpa_supplicant(14816): wlan0:    skip - SSID mismatch
02-03 12:44:01.061 D/wpa_supplicant(14816): wlan0: 19: b0:48:7a:51:ff:cc ssid='Neusoft TP' wpa_ie_len=22 rsn_ie_len=20 caps=0x431 level=-72 wps
02-03 12:44:01.061 D/wpa_supplicant(14816): wlan0:    skip - SSID mismatch
02-03 12:44:01.061 D/wpa_supplicant(14816): wlan0: 20: cc:b2:55:e2:84:70 ssid='DLINK_APK' wpa_ie_len=22 rsn_ie_len=20 caps=0x411 level=-73
02-03 12:44:01.061 D/wpa_supplicant(14816): wlan0:    skip - SSID mismatch
02-03 12:44:01.061 D/wpa_supplicant(14816): wlan0: 21: 2c:b0:5d:7f:f4:24 ssid='NETGEAR38' wpa_ie_len=0 rsn_ie_len=20 caps=0x31 level=-73 wps
02-03 12:44:01.061 D/wpa_supplicant(14816): wlan0:    skip - SSID mismatch
02-03 12:44:01.061 D/wpa_supplicant(14816): wlan0: 22: 74:e5:43:24:f4:5b ssid='Dttest' wpa_ie_len=0 rsn_ie_len=20 caps=0x31 level=-74
02-03 12:44:01.061 D/wpa_supplicant(14816): wlan0:    skip - SSID mismatch
02-03 12:44:01.061 D/wpa_supplicant(14816): wlan0: 23: e4:d3:32:36:2e:54 ssid='MERCURY_362E54' wpa_ie_len=0 rsn_ie_len=0 caps=0x401 level=-64 wps
02-03 12:44:01.061 D/wpa_supplicant(14816): wlan0:    skip - SSID mismatch
02-03 12:44:01.061 D/wpa_supplicant(14816): wlan0: 24: e4:d3:32:dd:18:62 ssid='Internet' wpa_ie_len=0 rsn_ie_len=0 caps=0x421 level=-73
02-03 12:44:01.061 D/wpa_supplicant(14816): wlan0:    skip - SSID mismatch
02-03 12:44:01.061 D/wpa_supplicant(14816): wlan0: 25: 4c:e6:76:a5:4d:e0 ssid='BUFFALO-A54DE0-1' wpa_ie_len=0 rsn_ie_len=0 caps=0x401 level=-75 wps
02-03 12:44:01.061 D/wpa_supplicant(14816): wlan0:    skip - SSID mismatch
02-03 12:44:01.061 D/wpa_supplicant(14816): wlan0: 26: 50:bd:5f:4b:29:92 ssid='Internet-2' wpa_ie_len=0 rsn_ie_len=0 caps=0x421 level=-77
02-03 12:44:01.061 D/wpa_supplicant(14816): wlan0:    skip - SSID mismatch
02-03 12:44:01.061 D/wpa_supplicant(14816): wlan0: No suitable network found
02-03 12:44:01.061 D/wpa_supplicant(14816): wlan0: Setting scan request: 40 sec 0 usec
02-03 12:44:01.061 D/wpa_supplicant(14816): wlan0: Checking for other virtual interfaces sharing same radio (phy0) in event_scan_results
02-03 12:44:01.061 D/wpa_supplicant(14816): p2p-dev-wlan0: Updating scan results from sibling
02-03 12:44:01.061 D/wpa_supplicant(14816): nl80211: Received scan results (27 BSSes)
02-03 12:44:01.061 D/wpa_supplicant(14816): nl80211: Survey data missing
02-03 12:44:01.061 D/wpa_supplicant(14816): p2p-dev-wlan0: BSS: Start scan result update 22
02-03 12:44:01.061 D/wpa_supplicant(14816): BSS: No P2P IE - skipping BSS 6c:8b:2f:e9:d1:da update for P2P interface
02-03 12:44:01.061 D/wpa_supplicant(14816): BSS: No P2P IE - skipping BSS f8:d1:11:e7:99:e8 update for P2P interface
02-03 12:44:01.061 D/wpa_supplicant(14816): BSS: No P2P IE - skipping BSS 02:1a:11:f2:bf:af update for P2P interface
02-03 12:44:01.061 D/wpa_supplicant(14816): BSS: No P2P IE - skipping BSS c8:d7:19:60:62:f2 update for P2P interface
02-03 12:44:01.061 D/wpa_supplicant(14816): BSS: No P2P IE - skipping BSS cc:34:29:2b:26:4c update for P2P interface
02-03 12:44:01.061 D/wpa_supplicant(14816): BSS: No P2P IE - skipping BSS 44:94:fc:3d:da:38 update for P2P interface
02-03 12:44:01.061 D/wpa_supplicant(14816): BSS: No P2P IE - skipping BSS 10:c3:7b:d2:e5:e0 update for P2P interface
02-03 12:44:01.061 D/wpa_supplicant(14816): BSS: No P2P IE - skipping BSS b0:48:7a:20:66:6a update for P2P interface
02-03 12:44:01.061 D/wpa_supplicant(14816): BSS: No P2P IE - skipping BSS 90:94:e4:03:45:f5 update for P2P interface
02-03 12:44:01.061 D/wpa_supplicant(14816): BSS: No P2P IE - skipping BSS cc:34:29:2c:fb:ec update for P2P interface
02-03 12:44:01.061 D/wpa_supplicant(14816): BSS: No P2P IE - skipping BSS 98:fc:11:81:35:fb update for P2P interface
02-03 12:44:01.061 D/wpa_supplicant(14816): BSS: No P2P IE - skipping BSS 80:1f:02:43:fb:e8 update for P2P interface
02-03 12:44:01.061 D/wpa_supplicant(14816): BSS: No P2P IE - skipping BSS c0:c1:c0:76:81:3c update for P2P interface
02-03 12:44:01.061 D/wpa_supplicant(14816): BSS: No P2P IE - skipping BSS bc:ee:7b:97:78:35 update for P2P interface
02-03 12:44:01.061 D/wpa_supplicant(14816): BSS: No P2P IE - skipping BSS e4:d3:32:c0:cf:a4 update for P2P interface
02-03 12:44:01.061 D/wpa_supplicant(14816): BSS: No P2P IE - skipping BSS 02:1a:11:f6:67:da update for P2P interface
02-03 12:44:01.061 D/wpa_supplicant(14816): BSS: No P2P IE - skipping BSS 02:1a:11:fc:c3:59 update for P2P interface
02-03 12:44:01.061 D/wpa_supplicant(14816): BSS: No P2P IE - skipping BSS c0:a0:bb:20:3b:84 update for P2P interface
02-03 12:44:01.061 D/wpa_supplicant(14816): BSS: No P2P IE - skipping BSS 00:1e:67:80:ac:37 update for P2P interface
02-03 12:44:01.061 D/wpa_supplicant(14816): BSS: No P2P IE - skipping BSS b0:48:7a:51:ff:cc update for P2P interface
02-03 12:44:01.061 D/wpa_supplicant(14816): BSS: No P2P IE - skipping BSS cc:b2:55:e2:84:70 update for P2P interface
02-03 12:44:01.061 D/wpa_supplicant(14816): BSS: No P2P IE - skipping BSS 2c:b0:5d:7f:f4:24 update for P2P interface
02-03 12:44:01.061 D/wpa_supplicant(14816): BSS: No P2P IE - skipping BSS 74:e5:43:24:f4:5b update for P2P interface
02-03 12:44:01.061 D/wpa_supplicant(14816): BSS: No P2P IE - skipping BSS e4:d3:32:36:2e:54 update for P2P interface
02-03 12:44:01.061 D/wpa_supplicant(14816): BSS: No P2P IE - skipping BSS e4:d3:32:dd:18:62 update for P2P interface
02-03 12:44:01.061 D/wpa_supplicant(14816): BSS: No P2P IE - skipping BSS 4c:e6:76:a5:4d:e0 update for P2P interface
02-03 12:44:01.061 D/wpa_supplicant(14816): BSS: No P2P IE - skipping BSS 50:bd:5f:4b:29:92 update for P2P interface
02-03 12:44:01.061 D/wpa_supplicant(14816): BSS: last_scan_res_used=0/0 last_scan_full=0
02-03 12:44:01.061 D/wpa_supplicant(14816): p2p-dev-wlan0: New scan results available
02-03 12:44:01.061 D/wpa_supplicant(14816): CTRL_IFACE monitor send - hexdump(len=41): 2f 64 61 74 61 2f 6d 69 73 63 2f 77 69 66 69 2f 73 6f 63 6b 65 74 73 2f 77 70 61 5f 63 74 72 6c ...
02-03 12:44:01.061 D/wpa_supplicant(14816): WPS: AP[0] f8:d1:11:e7:99:e8 type=0 tries=0 last_attempt=-1 sec ago blacklist=0
02-03 12:44:01.061 D/wpa_supplicant(14816): WPS: AP[1] 44:94:fc:3d:da:38 type=0 tries=0 last_attempt=-1 sec ago blacklist=0
02-03 12:44:01.061 D/wpa_supplicant(14816): WPS: AP[2] cc:34:29:2b:26:4c type=0 tries=0 last_attempt=-1 sec ago blacklist=0
02-03 12:44:01.061 D/wpa_supplicant(14816): WPS: AP[3] b0:48:7a:20:66:6a type=0 tries=0 last_attempt=-1 sec ago blacklist=0
02-03 12:44:01.061 D/wpa_supplicant(14816): WPS: AP[4] 10:c3:7b:d2:e5:e0 type=0 tries=0 last_attempt=-1 sec ago blacklist=0
02-03 12:44:01.061 D/wpa_supplicant(14816): WPS: AP[5] cc:34:29:2c:fb:ec type=0 tries=0 last_attempt=-1 sec ago blacklist=0
02-03 12:44:01.061 D/wpa_supplicant(14816): WPS: AP[6] 98:fc:11:81:35:fb type=0 tries=0 last_attempt=-1 sec ago blacklist=0
02-03 12:44:01.061 D/wpa_supplicant(14816): WPS: AP[7] c0:a0:bb:20:3b:84 type=0 tries=0 last_attempt=-1 sec ago blacklist=0
02-03 12:44:01.061 D/wpa_supplicant(14816): WPS: AP[8] c0:c1:c0:76:81:3c type=0 tries=0 last_attempt=-1 sec ago blacklist=0
02-03 12:44:01.061 D/wpa_supplicant(14816): WPS: AP[9] bc:ee:7b:97:78:35 type=0 tries=0 last_attempt=-1 sec ago blacklist=0
02-03 12:44:01.061 D/wpa_supplicant(14816): WPS: AP[10] b0:48:7a:51:ff:cc type=0 tries=0 last_attempt=-1 sec ago blacklist=0
02-03 12:44:01.061 D/wpa_supplicant(14816): WPS: AP[11] e4:d3:32:36:2e:54 type=0 tries=0 last_attempt=-1 sec ago blacklist=0
02-03 12:44:01.061 D/wpa_supplicant(14816): WPS: AP[12] c8:d7:19:60:62:f2 type=0 tries=0 last_attempt=-1 sec ago blacklist=0
02-03 12:44:01.061 D/wpa_supplicant(14816): WPS: AP[13] 14:d6:4d:28:ef:c8 type=0 tries=0 last_attempt=-1 sec ago blacklist=0
02-03 12:44:01.061 D/wpa_supplicant(14816): WPS: AP[14] 4c:e6:76:a5:4d:e0 type=0 tries=0 last_attempt=-1 sec ago blacklist=0
02-03 12:44:01.061 D/wpa_supplicant(14816): WPS: AP[15] ac:f1:df:cf:85:c0 type=0 tries=0 last_attempt=-1 sec ago blacklist=0
02-03 12:44:01.061 D/wpa_supplicant(14816): WPS: AP[16] 2c:b0:5d:7f:f4:24 type=0 tries=0 last_attempt=-1 sec ago blacklist=0
02-03 12:44:01.061 D/wpa_supplicant(14816): p2p-dev-wlan0: No suitable network found
02-03 12:44:01.061 D/wpa_supplicant(14816): Do not scan on p2p management interface, return
02-03 12:44:01.061 D/wpa_supplicant(14816): wlan0: P2P: Station mode scan operation not pending anymore (sta_scan_pending=0 p2p_cb_on_scan_complete=0)
02-03 12:44:01.061 D/wpa_supplicant(14816): RX ctrl_iface - hexdump(len=25): 42 53 53 20 52 41 4e 47 45 3d 30 2d 20 4d 41 53 4b 3d 30 78 32 31 39 38 37
02-03 12:44:01.061 D/wpa_supplicant(14816): wlan0: Control interface command 'BSS RANGE=0- MASK=0x21987'
02-03 12:44:01.061 I/WifiHW  (14542): REPLY: id=0
02-03 12:44:01.061 I/WifiHW  (14542): REPLY: bssid=6c:8b:2f:e9:d1:da
02-03 12:44:01.061 I/WifiHW  (14542): REPLY: freq=2437
02-03 12:44:01.061 I/WifiHW  (14542): REPLY: level=-27
02-03 12:44:01.061 I/WifiHW  (14542): REPLY: tsf=0000013017288290
02-03 12:44:01.061 I/WifiHW  (14542): EVENT: IFNAME=p2p-dev-wlan0 CTRL-EVENT-SCAN-RESULTS 
02-03 12:44:01.061 I/WifiHW  (14542): REPLY: flags=[WPA2-PSK-CCMP][ESS]
02-03 12:44:01.071 I/WifiHW  (14542): REPLY: ssid=ZTE_AP_1640
02-03 12:44:01.071 I/WifiHW  (14542): REPLY: ====
02-03 12:44:01.071 I/WifiHW  (14542): REPLY: id=1
02-03 12:44:01.071 I/WifiHW  (14542): REPLY: bssid=f8:d1:11:e7:99:e8
02-03 12:44:01.071 I/WifiHW  (14542): REPLY: freq=2437
02-03 12:44:01.071 I/WifiHW  (14542): REPLY: level=-48
02-03 12:44:01.071 I/WifiHW  (14542): REPLY: tsf=0000013017288287
02-03 12:44:01.071 I/WifiHW  (14542): REPLY: flags=[WPA-PSK-CCMP][WPA2-PSK-CCMP][WPS][ESS]
02-03 12:44:01.071 I/WifiHW  (14542): REPLY: ssid=videotest
02-03 12:44:01.071 I/WifiHW  (14542): REPLY: ====
02-03 12:44:01.071 I/WifiHW  (14542): REPLY: id=2
02-03 12:44:01.071 I/WifiHW  (14542): REPLY: bssid=44:94:fc:3d:da:38
02-03 12:44:01.071 I/WifiHW  (14542): REPLY: freq=2462
02-03 12:44:01.071 I/WifiHW  (14542): REPLY: level=-56
02-03 12:44:01.071 I/WifiHW  (14542): REPLY: tsf=0000013017288318
02-03 12:44:01.071 D/dalvikvm(15954): GC_CONCURRENT freed 4031K, 44% free 9448K/16616K, paused 1ms+1ms, total 15ms
02-03 12:44:01.071 I/WifiHW  (14542): REPLY: flags=[WPA2-PSK-CCMP][WPS][ESS]
02-03 12:44:01.071 D/dalvikvm(15954): WAIT_FOR_CONCURRENT_GC blocked 14ms
02-03 12:44:01.071 I/WifiHW  (14542): REPLY: ssid=6300
02-03 12:44:01.071 I/WifiHW  (14542): REPLY: ====
02-03 12:44:01.071 I/WifiHW  (14542): REPLY: id=3
02-03 12:44:01.071 I/WifiHW  (14542): REPLY: bssid=cc:34:29:2b:26:4c
02-03 12:44:01.071 I/WifiHW  (14542): REPLY: freq=2462
02-03 12:44:01.071 I/WifiHW  (14542): REPLY: level=-55
02-03 12:44:01.071 I/WifiHW  (14542): REPLY: tsf=0000013017288310
02-03 12:44:01.071 I/WifiHW  (14542): REPLY: flags=[WPA2-PSK-CCMP][WPS][ESS]
02-03 12:44:01.071 I/WifiHW  (14542): REPLY: ssid=cws-test
02-03 12:44:01.071 I/WifiHW  (14542): REPLY: ====
02-03 12:44:01.071 I/WifiHW  (14542): REPLY: id=4
02-03 12:44:01.071 I/WifiHW  (14542): REPLY: bssid=02:1a:11:f2:bf:af
02-03 12:44:01.071 I/WifiHW  (14542): REPLY: freq=2437
02-03 12:44:01.071 I/WifiHW  (14542): REPLY: level=-50
02-03 12:44:01.071 I/WifiHW  (14542): REPLY: tsf=0000013017288281
02-03 12:44:01.071 I/WifiHW  (14542): REPLY: flags=[WPA2-PSK-CCMP][ESS]
02-03 12:44:01.071 I/WifiHW  (14542): REPLY: ssid=Android
02-03 12:44:01.071 I/WifiHW  (14542): REPLY: ====
02-03 12:44:01.071 I/WifiHW  (14542): REPLY: id=5
02-03 12:44:01.071 I/WifiHW  (14542): REPLY: bssid=10:c3:7b:d2:e5:e0
02-03 12:44:01.071 I/WifiHW  (14542): REPLY: freq=2462
02-03 12:44:01.071 I/WifiHW  (14542): REPLY: level=-59
02-03 12:44:01.071 I/WifiHW  (14542): REPLY: tsf=0000013017288324
02-03 12:44:01.071 I/WifiHW  (14542): REPLY: flags=[WPA2-PSK-CCMP][WPS][ESS]
02-03 12:44:01.071 I/WifiHW  (14542): REPLY: ssid=ASUS_RT-AC66U-2.4G
02-03 12:44:01.071 I/WifiHW  (14542): REPLY: ====
02-03 12:44:01.071 I/WifiHW  (14542): REPLY: id=6
02-03 12:44:01.071 I/WifiHW  (14542): REPLY: bssid=90:94:e4:03:45:f5
02-03 12:44:01.071 I/WifiHW  (14542): REPLY: freq=2422
02-03 12:44:01.071 I/WifiHW  (14542): REPLY: level=-62
02-03 12:44:01.071 I/WifiHW  (14542): REPLY: tsf=0000013017288273
02-03 12:44:01.071 I/WifiHW  (14542): REPLY: flags=[WPA2-PSK-CCMP+TKIP][ESS]
02-03 12:44:01.071 I/WifiHW  (14542): REPLY: ssid=2553q
02-03 12:44:01.071 I/WifiHW  (14542): REPLY: ====
02-03 12:44:01.071 I/WifiHW  (14542): REPLY: id=7
02-03 12:44:01.071 I/WifiHW  (14542): REPLY: bssid=cc:34:29:2c:fb:ec
02-03 12:44:01.071 I/WifiHW  (14542): REPLY: freq=2412
02-03 12:44:01.071 I/WifiHW  (14542): REPLY: level=-63
02-03 12:44:01.071 I/WifiHW  (14542): REPLY: tsf=0000013017288265
02-03 12:44:01.071 I/WifiHW  (14542): REPLY: flags=[WPA-PSK-CCMP][WPA2-PSK-CCMP][WPS][ESS]
02-03 12:44:01.071 I/WifiHW  (14542): REPLY: ssid=linksys
02-03 12:44:01.071 I/WifiHW  (14542): REPLY: ====
02-03 12:44:01.071 I/WifiHW  (14542): REPLY: id=8
02-03 12:44:01.071 I/WifiHW  (14542): REPLY: bssid=98:fc:11:81:35:fb
02-03 12:44:01.071 I/WifiHW  (14542): REPLY: freq=2412
02-03 12:44:01.071 I/WifiHW  (14542): REPLY: level=-63
02-03 12:44:01.071 I/WifiHW  (14542): REPLY: tsf=0000013017288260
02-03 12:44:01.071 I/WifiHW  (14542): REPLY: flags=[WPA2-PSK-CCMP][WPS][ESS]
02-03 12:44:01.071 I/WifiHW  (14542): REPLY: ssid=E2000E
02-03 12:44:01.071 I/WifiHW  (14542): REPLY: ====
02-03 12:44:01.071 I/WifiHW  (14542): REPLY: id=9
02-03 12:44:01.071 I/WifiHW  (14542): REPLY: bssid=b0:48:7a:20:66:6a
02-03 12:44:01.071 I/WifiHW  (14542): REPLY: freq=2462
02-03 12:44:01.071 I/WifiHW  (14542): REPLY: level=-60
02-03 12:44:01.071 I/WifiHW  (14542): REPLY: tsf=0000013017288316
02-03 12:44:01.071 I/WifiHW  (14542): REPLY: flags=[WPA-PSK-CCMP][WPA2-PSK-CCMP][WPS][ESS]
02-03 12:44:01.071 I/WifiHW  (14542): REPLY: ssid=TP-LINK_20666A
02-03 12:44:01.071 I/WifiHW  (14542): REPLY: ====
02-03 12:44:01.071 I/WifiHW  (14542): REPLY: id=12
02-03 12:44:01.071 I/WifiHW  (14542): REPLY: bssid=00:0f:e2:0f:9f:c1
02-03 12:44:01.071 I/WifiHW  (14542): REPLY: freq=2462
02-03 12:44:01.071 I/WifiHW  (14542): REPLY: level=-68
02-03 12:44:01.071 I/WifiHW  (14542): REPLY: tsf=0000012976097788
02-03 12:44:01.071 I/WifiHW  (14542): REPLY: flags=[WPA-PSK-CCMP+TKIP][WPA2-PSK-CCMP+TKIP][ESS]
02-03 12:44:01.071 I/WifiHW  (14542): REPLY: ssid=321_WAN
02-03 12:44:01.071 I/WifiHW  (14542): REPLY: ====
02-03 12:44:01.071 I/WifiHW  (14542): REPLY: id=14
02-03 12:44:01.071 I/WifiHW  (14542): REPLY: bssid=e4:d3:32:c0:cf:a4
02-03 12:44:01.071 I/WifiHW  (14542): REPLY: freq=2437
02-03 12:44:01.071 I/WifiHW  (14542): REPLY: level=-67
02-03 12:44:01.071 I/WifiHW  (14542): REPLY: tsf=0000013017288299
02-03 12:44:01.071 I/WifiHW  (14542): REPLY: flags=[WPA2-PSK-CCMP][ESS]
02-03 12:44:01.071 I/WifiHW  (14542): REPLY: ssid=fast
02-03 12:44:01.071 I/WifiHW  (14542): REPLY: ====
02-03 12:44:01.071 I/WifiHW  (14542): REPLY: id=18
02-03 12:44:01.071 I/WifiHW  (14542): REPLY: bssid=bc:ee:7b:97:78:35
02-03 12:44:01.071 I/WifiHW  (14542): REPLY: freq=2462
02-03 12:44:01.071 I/WifiHW  (14542): REPLY: level=-67
02-03 12:44:01.071 I/WifiHW  (14542): REPLY: tsf=0000013017288327
02-03 12:44:01.071 I/WifiHW  (14542): REPLY: flags=[WPA2-PSK-CCMP][WPS][ESS]
02-03 12:44:01.071 I/WifiHW  (14542): REPLY: ssid=ASUS
02-03 12:44:01.071 I/WifiHW  (14542): REPLY: ====
02-03 12:44:01.071 I/WifiHW  (14542): REPLY: id=28
02-03 12:44:01.071 I/WifiHW  (14542): REPLY: bssid=e4:d3:32:36:2e:54
02-03 12:44:01.071 I/WifiHW  (14542): REPLY: freq=2412
02-03 12:44:01.071 I/WifiHW  (14542): REPLY: level=-64
02-03 12:44:01.071 I/WifiHW  (14542): REPLY: tsf=0000013017288268
02-03 12:44:01.071 I/WifiHW  (14542): REPLY: flags=[WPS][ESS]
02-03 12:44:01.071 I/WifiHW  (14542): REPLY: ssid=MERCURY_362E54
02-03 12:44:01.071 I/WifiHW  (14542): REPLY: ====
02-03 12:44:01.071 I/WifiHW  (14542): REPLY: id=59
02-03 12:44:01.071 I/WifiHW  (14542): REPLY: bssid=c8:d7:19:60:62:f2
02-03 12:44:01.071 I/WifiHW  (14542): REPLY: freq=2462
02-03 12:44:01.071 I/WifiHW  (14542): REPLY: level=-53
02-03 12:44:01.071 I/WifiHW  (14542): REPLY: tsf=0000013017288313
02-03 12:44:01.071 I/WifiHW  (14542): REPLY: flags=[WPA2-PSK-CCMP][WPS][ESS]
02-03 12:44:01.071 I/WifiHW  (14542): REPLY: ssid=E3000-2.4G
02-03 12:44:01.071 I/WifiHW  (14542): REPLY: ====
02-03 12:44:01.071 I/WifiHW  (14542): REPLY: id=61
02-03 12:44:01.071 I/WifiHW  (14542): REPLY: bssid=50:bd:5f:4b:29:92
02-03 12:44:01.071 I/WifiHW  (14542): REPLY: freq=2437
02-03 12:44:01.071 I/WifiHW  (14542): REPLY: level=-77
02-03 12:44:01.071 I/WifiHW  (14542): REPLY: tsf=0000013017288292
02-03 12:44:01.071 I/WifiHW  (14542): REPLY: flags=[ESS]
02-03 12:44:01.071 I/WifiHW  (14542): REPLY: ssid=Internet-2
02-03 12:44:01.071 I/WifiHW  (14542): REPLY: ====
02-03 12:44:01.071 I/WifiHW  (14542): REPLY: id=62
02-03 12:44:01.071 I/WifiHW  (14542): REPLY: bssid=b0:48:7a:51:ff:cc
02-03 12:44:01.071 I/WifiHW  (14542): REPLY: freq=2427
02-03 12:44:01.071 I/WifiHW  (14542): REPLY: level=-72
02-03 12:44:01.071 I/WifiHW  (14542): REPLY: tsf=0000013017288279
02-03 12:44:01.071 I/WifiHW  (14542): REPLY: flags=[WPA-PSK-CCMP][WPA2-PSK-CCMP][WPS][ESS]
02-03 12:44:01.071 I/WifiHW  (14542): REPLY: ssid=Neusoft TP
02-03 12:44:01.071 I/WifiHW  (14542): REPLY: ====
02-03 12:44:01.071 I/WifiHW  (14542): REPLY: id=64
02-03 12:44:01.071 I/WifiHW  (14542): REPLY: bssid=02:1a:11:fc:c3:59
02-03 12:44:01.071 I/WifiHW  (14542): REPLY: freq=2437
02-03 12:44:01.071 I/WifiHW  (14542): REPLY: level=-70
02-03 12:44:01.071 I/WifiHW  (14542): REPLY: tsf=0000013017288294
02-03 12:44:01.071 I/WifiHW  (14542): REPLY: flags=[WPA2-PSK-CCMP][ESS]
02-03 12:44:01.071 I/WifiHW  (14542): REPLY: ssid=test only
02-03 12:44:01.071 I/WifiHW  (14542): REPLY: ====
02-03 12:44:01.071 I/WifiHW  (14542): REPLY: id=66
02-03 12:44:01.071 I/WifiHW  (14542): REPLY: bssid=74:e5:43:24:f4:5b
02-03 12:44:01.071 I/WifiHW  (14542): REPLY: freq=2412
02-03 12:44:01.071 I/WifiHW  (14542): REPLY: level=-74
02-03 12:44:01.071 I/WifiHW  (14542): REPLY: tsf=0000013017288271
02-03 12:44:01.071 I/WifiHW  (14542): REPLY: flags=[WPA2-PSK-CCMP][ESS]
02-03 12:44:01.071 I/WifiHW  (14542): REPLY: ssid=Dttest
02-03 12:44:01.071 I/WifiHW  (14542): REPLY: ====
02-03 12:44:01.071 I/WifiHW  (14542): REPLY: id=67
02-03 12:44:01.071 I/WifiHW  (14542): REPLY: bssid=00:1e:67:80:ac:37
02-03 12:44:01.071 I/WifiHW  (14542): REPLY: freq=2437
02-03 12:44:01.071 I/WifiHW  (14542): REPLY: level=-71
02-03 12:44:01.071 I/WifiHW  (14542): REPLY: tsf=0000013017288297
02-03 12:44:01.071 I/WifiHW  (14542): REPLY: flags=[WPA2-PSK-CCMP][ESS]
02-03 12:44:01.071 I/WifiHW  (14542): REPLY: ssid=AndroidAP aaa
02-03 12:44:01.071 I/WifiHW  (14542): REPLY: ====
02-03 12:44:01.071 I/WifiHW  (14542): REPLY: id=71
02-03 12:44:01.071 I/WifiHW  (14542): REPLY: bssid=f4:b7:e2:2b:41:b7
02-03 12:44:01.071 I/WifiHW  (14542): REPLY: freq=2437
02-03 12:44:01.071 I/WifiHW  (14542): REPLY: level=-80
02-03 12:44:01.071 I/WifiHW  (14542): REPLY: tsf=0000012976097754
02-03 12:44:01.071 I/WifiHW  (14542): REPLY: flags=[WPA2-PSK-CCMP][ESS]
02-03 12:44:01.071 I/WifiHW  (14542): REPLY: ssid=cmscc
02-03 12:44:01.071 I/WifiHW  (14542): REPLY: ====
02-03 12:44:01.071 I/WifiHW  (14542): REPLY: id=74
02-03 12:44:01.071 I/WifiHW  (14542): REPLY: bssid=4c:e6:76:a5:4d:e2
02-03 12:44:01.071 I/WifiHW  (14542): REPLY: freq=2462
02-03 12:44:01.071 I/WifiHW  (14542): REPLY: level=-75
02-03 12:44:01.071 I/WifiHW  (14542): REPLY: tsf=0000012976097786
02-03 12:44:01.071 I/WifiHW  (14542): REPLY: flags=[ESS]
02-03 12:44:01.071 I/WifiHW  (14542): REPLY: ssid=BUFFALO-A54DE0
02-03 12:44:01.071 I/WifiHW  (14542): REPLY: ====
02-03 12:44:01.071 I/WifiHW  (14542): REPLY: id=75
02-03 12:44:01.071 I/WifiHW  (14542): REPLY: bssid=22:48:9a:ac:31:7f
02-03 12:44:01.071 I/WifiHW  (14542): REPLY: freq=2437
02-03 12:44:01.071 I/WifiHW  (14542): REPLY: level=-70
02-03 12:44:01.071 I/WifiHW  (14542): REPLY: tsf=0000012976097759
02-03 12:44:01.071 I/WifiHW  (14542): REPLY: flags=[WPA2-PSK-CCMP][ESS]
02-03 12:44:01.071 I/WifiHW  (14542): REPLY: ssid=WiFi874
02-03 12:44:01.071 I/WifiHW  (14542): REPLY: ====
02-03 12:44:01.071 I/WifiHW  (14542): REPLY: id=77
02-03 12:44:01.071 I/WifiHW  (14542): REPLY: bssid=80:1f:02:43:fb:e8
02-03 12:44:01.071 I/WifiHW  (14542): REPLY: freq=2412
02-03 12:44:01.071 I/WifiHW  (14542): REPLY: level=-64
02-03 12:44:01.071 I/WifiHW  (14542): REPLY: tsf=0000013017288262
02-03 12:44:01.071 I/WifiHW  (14542): REPLY: flags=[WPA2-PSK-CCMP-preauth][ESS]
02-03 12:44:01.071 I/WifiHW  (14542): REPLY: ssid=Edimax AP
02-03 12:44:01.071 I/WifiHW  (14542): REPLY: ====
02-03 12:44:01.071 I/WifiHW  (14542): REPLY: id=83
02-03 12:44:01.071 I/WifiHW  (14542): REPLY: bssid=c0:a0:bb:20:3b:84
02-03 12:44:01.071 I/WifiHW  (14542): REPLY: freq=2417
02-03 12:44:01.071 I/WifiHW  (14542): REPLY: level=-71
02-03 12:44:01.071 I/WifiHW  (14542): REPLY: tsf=0000013017288276
02-03 12:44:01.071 I/WifiHW  (14542): REPLY: flags=[WPA-PSK-CCMP+TKIP][WPA2-PSK-CCMP+TKIP][WPS][ESS]
02-03 12:44:01.071 I/WifiHW  (14542): REPLY: ssid=dlink-3B84
02-03 12:44:01.071 I/WifiHW  (14542): REPLY: ====
02-03 12:44:01.071 I/WifiHW  (14542): REPLY: id=86
02-03 12:44:01.071 I/WifiHW  (14542): REPLY: bssid=e4:d3:32:dd:18:62
02-03 12:44:01.071 I/WifiHW  (14542): REPLY: freq=2437
02-03 12:44:01.071 I/WifiHW  (14542): REPLY: level=-73
02-03 12:44:01.071 I/WifiHW  (14542): REPLY: tsf=0000013017288257
02-03 12:44:01.071 I/WifiHW  (14542): REPLY: flags=[ESS]
02-03 12:44:01.071 I/WifiHW  (14542): REPLY: ssid=Internet
02-03 12:44:01.071 I/WifiHW  (14542): REPLY: ====
02-03 12:44:01.071 I/WifiHW  (14542): REPLY: id=88
02-03 12:44:01.071 I/WifiHW  (14542): REPLY: bssid=02:1a:11:f6:67:da
02-03 12:44:01.071 I/WifiHW  (14542): REPLY: freq=2437
02-03 12:44:01.071 I/WifiHW  (14542): REPLY: level=-69
02-03 12:44:01.071 I/WifiHW  (14542): REPLY: tsf=0000013017288305
02-03 12:44:01.071 I/WifiHW  (14542): REPLY: flags=[WPA2-PSK-CCMP][ESS]
02-03 12:44:01.071 I/WifiHW  (14542): REPLY: ssid=love U forever
02-03 12:44:01.071 I/WifiHW  (14542): REPLY: ====
02-03 12:44:01.071 I/WifiHW  (14542): REPLY: id=90
02-03 12:44:01.071 I/WifiHW  (14542): REPLY: bssid=4c:e6:76:a5:4d:e0
02-03 12:44:01.071 I/WifiHW  (14542): REPLY: freq=2462
02-03 12:44:01.071 I/WifiHW  (14542): REPLY: level=-75
02-03 12:44:01.071 I/WifiHW  (14542): REPLY: tsf=0000013017288321
02-03 12:44:01.071 I/WifiHW  (14542): REPLY: flags=[WPS][ESS]
02-03 12:44:01.071 I/WifiHW  (14542): REPLY: ssid=BUFFALO-A54DE0-1
02-03 12:44:01.071 I/WifiHW  (14542): REPLY: ====
02-03 12:44:01.071 I/WifiHW  (14542): REPLY: id=91
02-03 12:44:01.071 I/WifiHW  (14542): REPLY: bssid=c0:c1:c0:76:81:3c
02-03 12:44:01.071 I/WifiHW  (14542): REPLY: freq=2437
02-03 12:44:01.071 I/WifiHW  (14542): REPLY: level=-66
02-03 12:44:01.071 I/WifiHW  (14542): REPLY: tsf=0000013017288284
02-03 12:44:01.071 I/WifiHW  (14542): REPLY: flags=[WPA2-PSK-CCMP][WPS][ESS]
02-03 12:44:01.071 I/WifiHW  (14542): REPLY: ssid=E2000
02-03 12:44:01.071 I/WifiHW  (14542): REPLY: ====
02-03 12:44:01.071 I/WifiHW  (14542): REPLY: id=92
02-03 12:44:01.071 I/WifiHW  (14542): REPLY: bssid=cc:b2:55:e2:84:70
02-03 12:44:01.071 I/WifiHW  (14542): REPLY: freq=2447
02-03 12:44:01.071 I/WifiHW  (14542): REPLY: level=-73
02-03 12:44:01.071 I/WifiHW  (14542): REPLY: tsf=0000013017288307
02-03 12:44:01.071 I/WifiHW  (14542): REPLY: flags=[WPA-PSK-TKIP][WPA2-PSK-TKIP][ESS]
02-03 12:44:01.071 I/WifiHW  (14542): REPLY: ssid=DLINK_APK
02-03 12:44:01.071 I/WifiHW  (14542): REPLY: ====
02-03 12:44:01.071 I/WifiHW  (14542): REPLY: id=93
02-03 12:44:01.071 I/WifiHW  (14542): REPLY: bssid=2c:b0:5d:7f:f4:24
02-03 12:44:01.071 I/WifiHW  (14542): REPLY: freq=2437
02-03 12:44:01.071 I/WifiHW  (14542): REPLY: level=-73
02-03 12:44:01.071 I/WifiHW  (14542): REPLY: tsf=0000013017288302
02-03 12:44:01.071 I/WifiHW  (14542): REPLY: flags=[WPA2-PSK-CCMP][WPS][ESS]
02-03 12:44:01.071 I/WifiHW  (14542): REPLY: ssid=NETGEAR38
02-03 12:44:01.071 I/WifiHW  (14542): REPLY: ####
02-03 12:44:01.111 D/dalvikvm(15954): GC_CONCURRENT freed 4050K, 44% free 9451K/16616K, paused 26ms+1ms, total 37ms
02-03 12:44:01.111 D/dalvikvm(15954): WAIT_FOR_CONCURRENT_GC blocked 6ms
02-03 12:44:01.111 D/dalvikvm(15954): GC_FOR_ALLOC freed 4359K, 45% free 9163K/16616K, paused 5ms, total 5ms
02-03 12:44:01.121 D/dalvikvm(15954): GC_CONCURRENT freed 3652K, 43% free 9601K/16616K, paused 1ms+1ms, total 6ms
02-03 12:44:01.121 D/dalvikvm(15954): WAIT_FOR_CONCURRENT_GC blocked 2ms
02-03 12:44:01.141 W/BindingManager(18937): Cannot call determinedVisibility() - never saw a connection for the pid: 18937
02-03 12:44:01.141 D/dalvikvm(15954): GC_FOR_ALLOC freed 3809K, 43% free 9605K/16616K, paused 5ms, total 6ms
02-03 12:44:01.151 D/dalvikvm(15954): GC_FOR_ALLOC freed 4123K, 44% free 9313K/16616K, paused 4ms, total 5ms
02-03 12:44:01.161 D/dalvikvm(15954): GC_FOR_ALLOC freed 3845K, 45% free 9168K/16616K, paused 6ms, total 6ms
02-03 12:44:01.171 D/dalvikvm(15954): GC_FOR_ALLOC freed 3415K, 43% free 9614K/16616K, paused 7ms, total 7ms
02-03 12:44:01.181 D/dalvikvm(15954): GC_FOR_ALLOC freed 4174K, 44% free 9319K/16616K, paused 5ms, total 5ms
02-03 12:44:01.191 D/dalvikvm(15954): GC_FOR_ALLOC freed 3893K, 45% free 9171K/16616K, paused 5ms, total 5ms
02-03 12:44:01.211 D/dalvikvm(15954): GC_FOR_ALLOC freed 3457K, 43% free 9623K/16616K, paused 7ms, total 7ms
02-03 12:44:01.221 D/dalvikvm(15954): GC_FOR_ALLOC freed 4226K, 44% free 9324K/16616K, paused 4ms, total 4ms
02-03 12:44:01.221 D/dalvikvm(15954): GC_FOR_ALLOC freed 3941K, 45% free 9175K/16616K, paused 5ms, total 5ms
02-03 12:44:01.231 D/dalvikvm(15954): GC_FOR_ALLOC freed 3500K, 43% free 9632K/16616K, paused 4ms, total 5ms
02-03 12:44:01.241 D/dalvikvm(15954): GC_CONCURRENT freed 4278K, 44% free 9330K/16616K, paused 0ms+1ms, total 6ms
02-03 12:44:01.241 D/dalvikvm(15954): WAIT_FOR_CONCURRENT_GC blocked 5ms
02-03 12:44:01.251 D/dalvikvm(15954): GC_FOR_ALLOC freed 3990K, 45% free 9179K/16616K, paused 4ms, total 4ms
02-03 12:44:01.261 D/dalvikvm(15954): GC_CONCURRENT freed 3542K, 42% free 9642K/16616K, paused 1ms+1ms, total 6ms
02-03 12:44:01.261 D/dalvikvm(15954): WAIT_FOR_CONCURRENT_GC blocked 5ms
02-03 12:44:01.271 D/dalvikvm(15954): GC_CONCURRENT freed 4330K, 44% free 9335K/16616K, paused 0ms+1ms, total 4ms
02-03 12:44:01.271 D/dalvikvm(15954): WAIT_FOR_CONCURRENT_GC blocked 4ms
02-03 12:44:01.281 D/dalvikvm(15954): GC_FOR_ALLOC freed 4038K, 45% free 9183K/16616K, paused 5ms, total 5ms
02-03 12:44:01.281 D/dalvikvm(15954): GC_CONCURRENT freed 3585K, 42% free 9651K/16616K, paused 0ms+1ms, total 5ms
02-03 12:44:01.281 D/dalvikvm(15954): WAIT_FOR_CONCURRENT_GC blocked 5ms
02-03 12:44:01.291 D/dalvikvm(15954): GC_CONCURRENT freed 4381K, 44% free 9341K/16616K, paused 1ms+1ms, total 5ms
02-03 12:44:01.291 D/dalvikvm(15954): WAIT_FOR_CONCURRENT_GC blocked 4ms
02-03 12:44:01.301 D/dalvikvm(15954): GC_FOR_ALLOC freed 4086K, 45% free 9186K/16616K, paused 4ms, total 4ms
02-03 12:44:01.301 D/dalvikvm(15954): GC_FOR_ALLOC freed 3627K, 44% free 9344K/16616K, paused 4ms, total 4ms
02-03 12:44:01.311 D/dalvikvm(15954): GC_FOR_ALLOC freed 4116K, 45% free 9189K/16616K, paused 4ms, total 4ms
02-03 12:44:01.321 D/dalvikvm(15954): GC_FOR_ALLOC freed 3654K, 44% free 9348K/16616K, paused 4ms, total 4ms
02-03 12:44:01.321 D/dalvikvm(15954): GC_CONCURRENT freed 3828K, 43% free 9510K/16616K, paused 0ms+1ms, total 4ms
02-03 12:44:01.321 D/dalvikvm(15954): WAIT_FOR_CONCURRENT_GC blocked 3ms
02-03 12:44:01.331 D/dalvikvm(15954): GC_FOR_ALLOC freed 4001K, 44% free 9352K/16616K, paused 4ms, total 4ms
02-03 12:44:01.341 D/dalvikvm(15954): GC_CONCURRENT freed 3858K, 43% free 9515K/16616K, paused 1ms+1ms, total 5ms
02-03 12:44:01.341 D/dalvikvm(15954): WAIT_FOR_CONCURRENT_GC blocked 4ms
02-03 12:44:01.341 D/dalvikvm(15954): GC_FOR_ALLOC freed 4031K, 44% free 9355K/16616K, paused 4ms, total 4ms
02-03 12:44:01.351 D/dalvikvm(15954): GC_CONCURRENT freed 3887K, 43% free 9520K/16616K, paused 1ms+1ms, total 5ms
02-03 12:44:01.351 D/dalvikvm(15954): WAIT_FOR_CONCURRENT_GC blocked 4ms
02-03 12:44:01.361 D/dalvikvm(15954): GC_FOR_ALLOC freed 4061K, 44% free 9359K/16616K, paused 4ms, total 4ms
02-03 12:44:01.371 D/dalvikvm(15954): GC_CONCURRENT freed 3916K, 43% free 9525K/16616K, paused 1ms+1ms, total 5ms
02-03 12:44:01.371 D/dalvikvm(15954): WAIT_FOR_CONCURRENT_GC blocked 4ms
02-03 12:44:01.371 D/dalvikvm(15954): GC_FOR_ALLOC freed 4094K, 44% free 9363K/16616K, paused 4ms, total 4ms
02-03 12:44:01.381 D/dalvikvm(15954): GC_FOR_ALLOC freed 3452K, 42% free 9693K/16616K, paused 4ms, total 4ms
02-03 12:44:01.381 D/dalvikvm(15954): GC_FOR_ALLOC freed 4290K, 45% free 9202K/16616K, paused 4ms, total 4ms
02-03 12:44:01.391 D/dalvikvm(15954): GC_CONCURRENT freed 3808K, 44% free 9368K/16616K, paused 1ms+1ms, total 5ms
02-03 12:44:01.391 D/dalvikvm(15954): WAIT_FOR_CONCURRENT_GC blocked 4ms
02-03 12:44:01.401 D/dalvikvm(15954): GC_FOR_ALLOC freed 3487K, 42% free 9701K/16616K, paused 4ms, total 4ms
02-03 12:44:01.411 D/dalvikvm(15954): GC_FOR_ALLOC freed 4331K, 45% free 9205K/16616K, paused 4ms, total 4ms
02-03 12:44:01.411 D/dalvikvm(15954): GC_CONCURRENT freed 3842K, 44% free 9373K/16616K, paused 1ms+1ms, total 5ms
02-03 12:44:01.411 D/dalvikvm(15954): WAIT_FOR_CONCURRENT_GC blocked 4ms
02-03 12:44:01.421 D/dalvikvm(15954): GC_FOR_ALLOC freed 3519K, 42% free 9709K/16616K, paused 4ms, total 4ms
02-03 12:44:01.431 D/dalvikvm(15954): GC_FOR_ALLOC freed 4370K, 45% free 9208K/16616K, paused 4ms, total 4ms
02-03 12:44:01.431 D/dalvikvm(15954): GC_CONCURRENT freed 3876K, 44% free 9377K/16616K, paused 0ms+1ms, total 4ms
02-03 12:44:01.431 D/dalvikvm(15954): WAIT_FOR_CONCURRENT_GC blocked 4ms
02-03 12:44:01.441 D/dalvikvm(15954): GC_FOR_ALLOC freed 3552K, 42% free 9717K/16616K, paused 4ms, total 4ms
02-03 12:44:01.451 D/dalvikvm(15954): GC_FOR_ALLOC freed 4257K, 45% free 9232K/16616K, paused 4ms, total 4ms
02-03 12:44:01.451 D/dalvikvm(15954): GC_FOR_ALLOC freed 3749K, 45% free 9232K/16616K, paused 3ms, total 3ms
02-03 12:44:01.501 D/dalvikvm(15954): GC_CONCURRENT freed 4003K, 45% free 9299K/16616K, paused 1ms+1ms, total 5ms
02-03 12:44:01.501 D/dalvikvm(15954): WAIT_FOR_CONCURRENT_GC blocked 3ms
02-03 12:44:01.571 D/dalvikvm(15954): GC_CONCURRENT freed 4485K, 47% free 8908K/16616K, paused 0ms+1ms, total 6ms
02-03 12:44:01.571 D/dalvikvm(15954): WAIT_FOR_CONCURRENT_GC blocked 5ms
02-03 12:44:01.581 D/dalvikvm(15954): GC_CONCURRENT freed 4047K, 47% free 8936K/16616K, paused 0ms+1ms, total 4ms
02-03 12:44:01.581 D/dalvikvm(15954): WAIT_FOR_CONCURRENT_GC blocked 4ms
02-03 12:44:01.591 D/dalvikvm(15954): GC_CONCURRENT freed 4030K, 46% free 8984K/16616K, paused 0ms+1ms, total 4ms
02-03 12:44:01.591 D/dalvikvm(15954): WAIT_FOR_CONCURRENT_GC blocked 4ms
02-03 12:44:01.601 D/dalvikvm(15954): GC_CONCURRENT freed 4047K, 46% free 8976K/16616K, paused 1ms+0ms, total 5ms
02-03 12:44:01.601 D/dalvikvm(15954): WAIT_FOR_CONCURRENT_GC blocked 4ms
02-03 12:44:01.611 D/dalvikvm(15954): GC_CONCURRENT freed 4078K, 46% free 8985K/16616K, paused 0ms+1ms, total 4ms
02-03 12:44:01.611 D/dalvikvm(15954): WAIT_FOR_CONCURRENT_GC blocked 5ms
02-03 12:44:01.621 D/dalvikvm(15954): GC_FOR_ALLOC freed 4078K, 47% free 8960K/16616K, paused 4ms, total 4ms
02-03 12:44:01.621 D/dalvikvm(15954): GC_CONCURRENT freed 3892K, 46% free 9136K/16616K, paused 1ms+1ms, total 8ms
02-03 12:44:01.621 D/dalvikvm(15954): WAIT_FOR_CONCURRENT_GC blocked 2ms
02-03 12:44:01.631 D/dalvikvm(15954): GC_CONCURRENT freed 4076K, 46% free 9131K/16616K, paused 1ms+1ms, total 5ms
02-03 12:44:01.631 D/dalvikvm(15954): WAIT_FOR_CONCURRENT_GC blocked 3ms
02-03 12:44:01.641 D/dalvikvm(15954): GC_CONCURRENT freed 4180K, 46% free 9029K/16616K, paused 1ms+1ms, total 5ms
02-03 12:44:01.641 D/dalvikvm(15954): WAIT_FOR_CONCURRENT_GC blocked 4ms
02-03 12:44:01.651 D/dalvikvm(15954): GC_CONCURRENT freed 3947K, 45% free 9148K/16616K, paused 0ms+1ms, total 5ms
02-03 12:44:01.651 D/dalvikvm(15954): WAIT_FOR_CONCURRENT_GC blocked 4ms
02-03 12:44:01.661 D/dalvikvm(15954): GC_CONCURRENT freed 4122K, 46% free 9039K/16616K, paused 1ms+1ms, total 5ms
02-03 12:44:01.661 D/dalvikvm(15954): WAIT_FOR_CONCURRENT_GC blocked 4ms
02-03 12:44:01.671 D/dalvikvm(15954): GC_CONCURRENT freed 4087K, 46% free 8998K/16616K, paused 1ms+1ms, total 5ms
02-03 12:44:01.671 D/dalvikvm(15954): WAIT_FOR_CONCURRENT_GC blocked 4ms
02-03 12:44:01.671 D/dalvikvm(15954): GC_FOR_ALLOC freed 4005K, 47% free 8955K/16616K, paused 4ms, total 4ms
02-03 12:44:01.681 D/dalvikvm(15954): GC_FOR_ALLOC freed 3935K, 46% free 8987K/16616K, paused 4ms, total 4ms
02-03 12:44:01.691 D/dalvikvm(15954): GC_FOR_ALLOC freed 4086K, 46% free 8986K/16616K, paused 6ms, total 6ms
02-03 12:44:01.701 D/dalvikvm(15954): GC_CONCURRENT freed 301K, 43% free 9628K/16616K, paused 1ms+2ms, total 6ms
02-03 12:44:01.711 D/dalvikvm(15954): GC_CONCURRENT freed 4552K, 46% free 9089K/16616K, paused 1ms+7ms, total 14ms
02-03 12:44:01.711 D/dalvikvm(15954): WAIT_FOR_CONCURRENT_GC blocked 11ms
02-03 12:44:01.731 D/dalvikvm(15954): GC_FOR_ALLOC freed 4141K, 46% free 8986K/16616K, paused 4ms, total 4ms
02-03 12:44:01.731 W/BindingManager(18937): Cannot call determinedVisibility() - never saw a connection for the pid: 18937
02-03 12:44:01.731 D/dalvikvm(15954): GC_CONCURRENT freed 3520K, 43% free 9519K/16616K, paused 1ms+1ms, total 7ms
02-03 12:44:01.731 D/dalvikvm(15954): WAIT_FOR_CONCURRENT_GC blocked 2ms
02-03 12:44:01.741 D/dalvikvm(15954): GC_CONCURRENT freed 4430K, 46% free 9096K/16616K, paused 1ms+1ms, total 6ms
02-03 12:44:01.741 D/dalvikvm(15954): WAIT_FOR_CONCURRENT_GC blocked 4ms
02-03 12:44:01.751 D/dalvikvm(15954): GC_FOR_ALLOC freed 4113K, 46% free 8983K/16616K, paused 5ms, total 5ms
02-03 12:44:01.761 D/dalvikvm(15954): GC_CONCURRENT freed 928K, 28% free 12039K/16616K, paused 1ms+4ms, total 9ms
02-03 12:44:01.761 D/dalvikvm(15954): WAIT_FOR_CONCURRENT_GC blocked 1ms
02-03 12:44:01.771 D/dalvikvm(15954): GC_FOR_ALLOC freed 6236K, 46% free 9072K/16616K, paused 4ms, total 5ms
02-03 12:44:01.781 D/dalvikvm(15954): GC_CONCURRENT freed 3854K, 45% free 9195K/16616K, paused 0ms+1ms, total 6ms
02-03 12:44:01.781 D/dalvikvm(15954): WAIT_FOR_CONCURRENT_GC blocked 4ms
02-03 12:44:01.791 D/dalvikvm(15954): GC_CONCURRENT freed 4127K, 46% free 9135K/16616K, paused 1ms+1ms, total 7ms
02-03 12:44:01.801 D/dalvikvm(15954): GC_CONCURRENT freed 4029K, 46% free 9137K/16616K, paused 1ms+1ms, total 6ms
02-03 12:44:01.801 D/dalvikvm(15954): WAIT_FOR_CONCURRENT_GC blocked 4ms
02-03 12:44:01.811 D/dalvikvm(15954): GC_CONCURRENT freed 3913K, 45% free 9203K/16616K, paused 2ms+1ms, total 6ms
02-03 12:44:01.811 D/dalvikvm(15954): WAIT_FOR_CONCURRENT_GC blocked 4ms
02-03 12:44:01.821 D/dalvikvm(15954): GC_CONCURRENT freed 4192K, 46% free 9072K/16616K, paused 1ms+1ms, total 5ms
02-03 12:44:01.821 D/dalvikvm(15954): WAIT_FOR_CONCURRENT_GC blocked 5ms
02-03 12:44:01.831 D/dalvikvm(15954): GC_CONCURRENT freed 4001K, 45% free 9144K/16616K, paused 0ms+1ms, total 11ms
02-03 12:44:01.831 D/dalvikvm(15954): WAIT_FOR_CONCURRENT_GC blocked 11ms
02-03 12:44:01.851 D/dalvikvm(15954): GC_CONCURRENT freed 4146K, 46% free 9076K/16616K, paused 1ms+1ms, total 6ms
02-03 12:44:01.851 D/dalvikvm(15954): WAIT_FOR_CONCURRENT_GC blocked 6ms
02-03 12:44:01.851 D/dalvikvm(15954): GC_FOR_ALLOC freed 3941K, 45% free 9216K/16616K, paused 5ms, total 5ms
02-03 12:44:01.861 D/dalvikvm(15954): GC_CONCURRENT freed 211K, 45% free 9146K/16616K, paused 1ms+1ms, total 6ms
02-03 12:44:01.871 D/dalvikvm(15954): GC_CONCURRENT freed 4013K, 45% free 9179K/16616K, paused 0ms+1ms, total 4ms
02-03 12:44:01.871 D/dalvikvm(15954): WAIT_FOR_CONCURRENT_GC blocked 3ms
02-03 12:44:01.881 D/dalvikvm(15954): GC_CONCURRENT freed 4074K, 45% free 9184K/16616K, paused 1ms+1ms, total 5ms
02-03 12:44:01.881 D/dalvikvm(15954): WAIT_FOR_CONCURRENT_GC blocked 4ms
02-03 12:44:01.881 D/dalvikvm(15954): GC_FOR_ALLOC freed 3921K, 45% free 9258K/16616K, paused 4ms, total 4ms
02-03 12:44:01.891 D/dalvikvm(15954): GC_CONCURRENT freed 3688K, 43% free 9629K/16616K, paused 1ms+1ms, total 6ms
02-03 12:44:01.891 D/dalvikvm(15954): WAIT_FOR_CONCURRENT_GC blocked 2ms
02-03 12:44:01.901 D/dalvikvm(15954): GC_CONCURRENT freed 4484K, 45% free 9190K/16616K, paused 0ms+1ms, total 4ms
02-03 12:44:01.901 D/dalvikvm(15954): WAIT_FOR_CONCURRENT_GC blocked 4ms
02-03 12:44:01.901 D/dalvikvm(15954): GC_FOR_ALLOC freed 4103K, 46% free 9112K/16616K, paused 4ms, total 4ms
02-03 12:44:01.911 D/dalvikvm(15954): GC_CONCURRENT freed 3459K, 42% free 9657K/16616K, paused 1ms+1ms, total 6ms
02-03 12:44:01.911 D/dalvikvm(15954): WAIT_FOR_CONCURRENT_GC blocked 2ms
02-03 12:44:01.921 D/dalvikvm(15954): GC_CONCURRENT freed 4524K, 45% free 9195K/16616K, paused 1ms+1ms, total 5ms
02-03 12:44:01.921 D/dalvikvm(15954): WAIT_FOR_CONCURRENT_GC blocked 4ms
02-03 12:44:01.921 D/dalvikvm(15954): GC_FOR_ALLOC freed 4119K, 46% free 9034K/16616K, paused 4ms, total 4ms
02-03 12:44:01.931 D/dalvikvm(15954): GC_CONCURRENT freed 3845K, 45% free 9200K/16616K, paused 1ms+0ms, total 5ms
02-03 12:44:01.931 D/dalvikvm(15954): WAIT_FOR_CONCURRENT_GC blocked 4ms
02-03 12:44:01.941 D/dalvikvm(15954): GC_CONCURRENT freed 4060K, 45% free 9205K/16616K, paused 0ms+1ms, total 4ms
02-03 12:44:01.941 D/dalvikvm(15954): WAIT_FOR_CONCURRENT_GC blocked 4ms
02-03 12:44:01.941 D/dalvikvm(15954): GC_FOR_ALLOC freed 3865K, 45% free 9288K/16616K, paused 4ms, total 4ms
02-03 12:44:01.951 D/dalvikvm(15954): GC_FOR_ALLOC freed 4168K, 46% free 9119K/16616K, paused 4ms, total 4ms
02-03 12:44:01.961 D/dalvikvm(15954): GC_CONCURRENT freed 3620K, 43% free 9490K/16616K, paused 1ms+0ms, total 6ms
02-03 12:44:01.961 D/dalvikvm(15954): WAIT_FOR_CONCURRENT_GC blocked 2ms
02-03 12:44:01.961 D/dalvikvm(15954): GC_FOR_ALLOC freed 4252K, 44% free 9327K/16616K, paused 4ms, total 4ms
02-03 12:44:01.971 D/dalvikvm(15954): GC_CONCURRENT freed 3527K, 42% free 9675K/16616K, paused 0ms+0ms, total 6ms
02-03 12:44:01.971 D/dalvikvm(15954): WAIT_FOR_CONCURRENT_GC blocked 2ms
02-03 12:44:01.981 D/dalvikvm(15954): GC_FOR_ALLOC freed 4522K, 45% free 9155K/16616K, paused 4ms, total 4ms
02-03 12:44:01.981 D/dalvikvm(15954): GC_CONCURRENT freed 3327K, 42% free 9783K/16616K, paused 0ms+1ms, total 5ms
02-03 12:44:01.981 D/dalvikvm(15954): WAIT_FOR_CONCURRENT_GC blocked 2ms
02-03 12:44:01.991 D/dalvikvm(15954): GC_CONCURRENT freed 4530K, 45% free 9252K/16616K, paused 1ms+1ms, total 5ms
02-03 12:44:01.991 D/dalvikvm(15954): WAIT_FOR_CONCURRENT_GC blocked 4ms
02-03 12:44:02.001 D/dalvikvm(15954): GC_FOR_ALLOC freed 4038K, 46% free 9068K/16616K, paused 4ms, total 4ms
02-03 12:44:02.001 D/dalvikvm(15954): GC_FOR_ALLOC freed 3890K, 46% free 9069K/16616K, paused 4ms, total 4ms
02-03 12:44:02.011 D/dalvikvm(15954): GC_FOR_ALLOC freed 3928K, 46% free 9071K/16616K, paused 4ms, total 4ms
02-03 12:44:02.021 D/dalvikvm(15954): GC_FOR_ALLOC freed 3965K, 46% free 9073K/16616K, paused 4ms, total 4ms
02-03 12:44:02.021 D/dalvikvm(15954): GC_CONCURRENT freed 3812K, 45% free 9266K/16616K, paused 1ms+1ms, total 5ms
02-03 12:44:02.021 D/dalvikvm(15954): WAIT_FOR_CONCURRENT_GC blocked 4ms
02-03 12:44:02.031 D/dalvikvm(15954): GC_CONCURRENT freed 4039K, 45% free 9269K/16616K, paused 0ms+1ms, total 4ms
02-03 12:44:02.031 D/dalvikvm(15954): WAIT_FOR_CONCURRENT_GC blocked 3ms
02-03 12:44:02.041 D/dalvikvm(15954): GC_CONCURRENT freed 4076K, 45% free 9273K/16616K, paused 1ms+0ms, total 5ms
02-03 12:44:02.041 D/dalvikvm(15954): WAIT_FOR_CONCURRENT_GC blocked 4ms
02-03 12:44:02.051 D/dalvikvm(15954): GC_FOR_ALLOC freed 3822K, 44% free 9370K/16616K, paused 4ms, total 4ms
02-03 12:44:02.051 D/dalvikvm(15954): GC_FOR_ALLOC freed 4149K, 45% free 9176K/16616K, paused 4ms, total 4ms
02-03 12:44:02.061 D/dalvikvm(15954): GC_FOR_ALLOC freed 3987K, 46% free 9079K/16616K, paused 4ms, total 4ms
02-03 12:44:02.071 D/dalvikvm(15954): GC_FOR_ALLOC freed 3718K, 44% free 9382K/16616K, paused 4ms, total 4ms
02-03 12:44:02.071 D/dalvikvm(15954): GC_CONCURRENT freed 3551K, 41% free 9888K/16616K, paused 1ms+1ms, total 6ms
02-03 12:44:02.071 D/dalvikvm(15954): WAIT_FOR_CONCURRENT_GC blocked 2ms
02-03 12:44:02.081 D/dalvikvm(15954): GC_CONCURRENT freed 4590K, 45% free 9289K/16616K, paused 1ms+1ms, total 5ms
02-03 12:44:02.081 D/dalvikvm(15954): WAIT_FOR_CONCURRENT_GC blocked 4ms
02-03 12:44:02.091 D/dalvikvm(15954): GC_FOR_ALLOC freed 4019K, 45% free 9189K/16616K, paused 4ms, total 4ms
02-03 12:44:02.091 D/dalvikvm(15954): GC_CONCURRENT freed 3950K, 45% free 9296K/16616K, paused 1ms+1ms, total 5ms
02-03 12:44:02.091 D/dalvikvm(15954): WAIT_FOR_CONCURRENT_GC blocked 4ms
02-03 12:44:02.101 D/dalvikvm(15954): GC_FOR_ALLOC freed 4086K, 45% free 9194K/16616K, paused 4ms, total 4ms
02-03 12:44:02.111 D/dalvikvm(15954): GC_CONCURRENT freed 3173K, 41% free 9933K/16616K, paused 1ms+1ms, total 6ms
02-03 12:44:02.111 D/dalvikvm(15954): WAIT_FOR_CONCURRENT_GC blocked 2ms
02-03 12:44:02.111 D/dalvikvm(15954): GC_FOR_ALLOC freed 4783K, 46% free 9093K/16616K, paused 4ms, total 4ms
02-03 12:44:02.121 D/dalvikvm(15954): GC_FOR_ALLOC freed 3969K, 45% free 9201K/16616K, paused 4ms, total 4ms
02-03 12:44:02.131 D/dalvikvm(15954): GC_CONCURRENT freed 3029K, 39% free 10172K/16616K, paused 1ms+1ms, total 6ms
02-03 12:44:02.131 D/dalvikvm(15954): WAIT_FOR_CONCURRENT_GC blocked 2ms
02-03 12:44:02.131 D/dalvikvm(15954): GC_CONCURRENT freed 4888K, 44% free 9316K/16616K, paused 1ms+1ms, total 5ms
02-03 12:44:02.131 D/dalvikvm(15954): WAIT_FOR_CONCURRENT_GC blocked 4ms
02-03 12:44:02.141 D/dalvikvm(15954): GC_FOR_ALLOC freed 4059K, 46% free 9095K/16616K, paused 4ms, total 4ms
02-03 12:44:02.151 D/dalvikvm(15954): GC_FOR_ALLOC freed 3863K, 46% free 9097K/16616K, paused 4ms, total 4ms
02-03 12:44:02.151 D/dalvikvm(15954): GC_FOR_ALLOC freed 3889K, 46% free 9098K/16616K, paused 4ms, total 4ms
02-03 12:44:02.161 D/dalvikvm(15954): GC_FOR_ALLOC freed 3916K, 46% free 9100K/16616K, paused 4ms, total 4ms
02-03 12:44:02.171 D/dalvikvm(15954): GC_FOR_ALLOC freed 3942K, 46% free 9101K/16616K, paused 4ms, total 4ms
02-03 12:44:02.171 D/dalvikvm(15954): GC_FOR_ALLOC freed 3968K, 46% free 9103K/16616K, paused 4ms, total 4ms
02-03 12:44:02.181 D/dalvikvm(15954): GC_CONCURRENT freed 3653K, 44% free 9445K/16616K, paused 0ms+1ms, total 6ms
02-03 12:44:02.181 D/dalvikvm(15954): WAIT_FOR_CONCURRENT_GC blocked 2ms
02-03 12:44:02.191 D/dalvikvm(15954): GC_CONCURRENT freed 4131K, 44% free 9336K/16616K, paused 0ms+1ms, total 4ms
02-03 12:44:02.191 D/dalvikvm(15954): WAIT_FOR_CONCURRENT_GC blocked 5ms
02-03 12:44:02.191 D/dalvikvm(15954): GC_CONCURRENT freed 4045K, 44% free 9339K/16616K, paused 1ms+1ms, total 5ms
02-03 12:44:02.191 D/dalvikvm(15954): WAIT_FOR_CONCURRENT_GC blocked 4ms
02-03 12:44:02.201 D/dalvikvm(15954): GC_CONCURRENT freed 4072K, 44% free 9342K/16616K, paused 0ms+1ms, total 4ms
02-03 12:44:02.201 D/dalvikvm(15954): WAIT_FOR_CONCURRENT_GC blocked 4ms
02-03 12:44:02.211 D/dalvikvm(15954): GC_FOR_ALLOC freed 3748K, 44% free 9462K/16616K, paused 4ms, total 4ms
02-03 12:44:02.221 D/dalvikvm(15954): GC_FOR_ALLOC freed 4129K, 45% free 9230K/16616K, paused 4ms, total 4ms
02-03 12:44:02.221 D/dalvikvm(15954): GC_FOR_ALLOC freed 3920K, 46% free 9114K/16616K, paused 4ms, total 4ms
02-03 12:44:02.231 D/dalvikvm(15954): GC_FOR_ALLOC freed 3586K, 43% free 9473K/16616K, paused 4ms, total 4ms
02-03 12:44:02.241 D/dalvikvm(15954): GC_FOR_ALLOC freed 4211K, 45% free 9237K/16616K, paused 4ms, total 4ms
02-03 12:44:02.241 D/dalvikvm(15954): GC_CONCURRENT freed 3154K, 41% free 9962K/16616K, paused 1ms+1ms, total 6ms
02-03 12:44:02.241 D/dalvikvm(15954): WAIT_FOR_CONCURRENT_GC blocked 2ms
02-03 12:44:02.251 D/dalvikvm(15954): GC_FOR_ALLOC freed 4500K, 43% free 9485K/16616K, paused 4ms, total 4ms
02-03 12:44:02.251 D/dalvikvm(15954): GC_CONCURRENT freed 3439K, 40% free 10098K/16616K, paused 1ms+1ms, total 6ms
02-03 12:44:02.251 D/dalvikvm(15954): WAIT_FOR_CONCURRENT_GC blocked 2ms
02-03 12:44:02.261 D/dalvikvm(15954): GC_FOR_ALLOC freed 4929K, 46% free 9123K/16616K, paused 4ms, total 4ms
02-03 12:44:02.271 D/dalvikvm(15954): GC_FOR_ALLOC freed 3727K, 45% free 9248K/16616K, paused 4ms, total 4ms
02-03 12:44:02.281 D/dalvikvm(15954): GC_CONCURRENT freed 3875K, 44% free 9376K/16616K, paused 1ms+1ms, total 5ms
02-03 12:44:02.281 D/dalvikvm(15954): WAIT_FOR_CONCURRENT_GC blocked 4ms
02-03 12:44:02.281 D/dalvikvm(15954): GC_FOR_ALLOC freed 4022K, 45% free 9253K/16616K, paused 5ms, total 5ms
02-03 12:44:02.291 D/dalvikvm(15954): GC_CONCURRENT freed 3922K, 44% free 9382K/16616K, paused 1ms+1ms, total 6ms
02-03 12:44:02.291 D/dalvikvm(15954): WAIT_FOR_CONCURRENT_GC blocked 5ms
02-03 12:44:02.301 D/dalvikvm(15954): GC_FOR_ALLOC freed 4071K, 45% free 9257K/16616K, paused 4ms, total 4ms
02-03 12:44:02.311 D/dalvikvm(15954): GC_FOR_ALLOC freed 3582K, 43% free 9515K/16616K, paused 4ms, total 4ms
02-03 12:44:02.321 D/dalvikvm(15954): GC_FOR_ALLOC freed 4246K, 46% free 9133K/16616K, paused 5ms, total 5ms
02-03 12:44:02.331 D/dalvikvm(15954): GC_CONCURRENT freed 3882K, 45% free 9264K/16616K, paused 1ms+1ms, total 5ms
02-03 12:44:02.331 W/BindingManager(18937): Cannot call determinedVisibility() - never saw a connection for the pid: 18937
02-03 12:44:02.341 D/dalvikvm(15954): GC_FOR_ALLOC freed 3643K, 43% free 9526K/16616K, paused 6ms, total 7ms
02-03 12:44:02.351 D/dalvikvm(15954): GC_FOR_ALLOC freed 4317K, 46% free 9138K/16616K, paused 5ms, total 6ms
02-03 12:44:02.361 D/dalvikvm(15954): GC_CONCURRENT freed 3947K, 45% free 9271K/16616K, paused 1ms+1ms, total 8ms
02-03 12:44:02.361 D/dalvikvm(15954): WAIT_FOR_CONCURRENT_GC blocked 4ms
02-03 12:44:02.371 D/dalvikvm(15954): GC_CONCURRENT freed 3704K, 43% free 9537K/16616K, paused 0ms+1ms, total 5ms
02-03 12:44:02.371 D/dalvikvm(15954): WAIT_FOR_CONCURRENT_GC blocked 5ms
02-03 12:44:02.381 D/dalvikvm(15954): GC_CONCURRENT freed 4121K, 44% free 9408K/16616K, paused 1ms+1ms, total 7ms
02-03 12:44:02.391 D/dalvikvm(15954): GC_FOR_ALLOC freed 4012K, 45% free 9143K/16616K, paused 5ms, total 6ms
02-03 12:44:02.401 D/dalvikvm(15954): GC_FOR_ALLOC freed 3763K, 45% free 9145K/16616K, paused 4ms, total 4ms
02-03 12:44:02.411 D/dalvikvm(15954): GC_FOR_ALLOC freed 3783K, 45% free 9146K/16616K, paused 5ms, total 5ms
02-03 12:44:02.421 D/dalvikvm(15954): GC_FOR_ALLOC freed 3802K, 45% free 9147K/16616K, paused 4ms, total 4ms
02-03 12:44:02.431 D/dalvikvm(15954): GC_FOR_ALLOC freed 3820K, 45% free 9149K/16616K, paused 7ms, total 7ms
02-03 12:44:02.441 D/dalvikvm(15954): GC_FOR_ALLOC freed 3839K, 45% free 9150K/16616K, paused 6ms, total 6ms
02-03 12:44:02.451 D/dalvikvm(15954): GC_FOR_ALLOC freed 3858K, 45% free 9152K/16616K, paused 4ms, total 4ms
02-03 12:44:02.451 D/dalvikvm(15954): GC_FOR_ALLOC freed 3877K, 45% free 9153K/16616K, paused 4ms, total 4ms
02-03 12:44:02.461 D/dalvikvm(15954): GC_FOR_ALLOC freed 3896K, 45% free 9154K/16616K, paused 4ms, total 4ms
02-03 12:44:02.471 D/dalvikvm(15954): GC_FOR_ALLOC freed 3914K, 45% free 9156K/16616K, paused 4ms, total 4ms
02-03 12:44:02.471 D/dalvikvm(15954): GC_FOR_ALLOC freed 3933K, 45% free 9157K/16616K, paused 4ms, total 4ms
02-03 12:44:02.481 D/dalvikvm(15954): GC_FOR_ALLOC freed 3952K, 45% free 9158K/16616K, paused 4ms, total 4ms
02-03 12:44:02.491 D/dalvikvm(15954): GC_CONCURRENT freed 3687K, 44% free 9443K/16616K, paused 1ms+0ms, total 5ms
02-03 12:44:02.491 D/dalvikvm(15954): WAIT_FOR_CONCURRENT_GC blocked 4ms
02-03 12:44:02.501 D/dalvikvm(15954): GC_CONCURRENT freed 3988K, 44% free 9446K/16616K, paused 1ms+1ms, total 5ms
02-03 12:44:02.501 D/dalvikvm(15954): WAIT_FOR_CONCURRENT_GC blocked 4ms
02-03 12:44:02.501 D/dalvikvm(15954): GC_CONCURRENT freed 4007K, 44% free 9449K/16616K, paused 0ms+1ms, total 5ms
02-03 12:44:02.501 D/dalvikvm(15954): WAIT_FOR_CONCURRENT_GC blocked 4ms
02-03 12:44:02.511 D/dalvikvm(15954): GC_CONCURRENT freed 4026K, 44% free 9451K/16616K, paused 1ms+1ms, total 5ms
02-03 12:44:02.511 D/dalvikvm(15954): WAIT_FOR_CONCURRENT_GC blocked 4ms
02-03 12:44:02.521 D/dalvikvm(15954): GC_FOR_ALLOC freed 4334K, 45% free 9165K/16616K, paused 4ms, total 4ms
02-03 12:44:02.531 D/dalvikvm(15954): GC_CONCURRENT freed 3775K, 44% free 9457K/16616K, paused 1ms+1ms, total 6ms
02-03 12:44:02.531 D/dalvikvm(15954): WAIT_FOR_CONCURRENT_GC blocked 4ms
02-03 12:44:02.531 D/dalvikvm(15954): GC_CONCURRENT freed 4082K, 44% free 9459K/16616K, paused 1ms+1ms, total 5ms
02-03 12:44:02.531 D/dalvikvm(15954): WAIT_FOR_CONCURRENT_GC blocked 4ms
02-03 12:44:02.541 D/dalvikvm(15954): GC_FOR_ALLOC freed 3660K, 43% free 9608K/16616K, paused 4ms, total 4ms
02-03 12:44:02.551 D/dalvikvm(15954): GC_FOR_ALLOC freed 4118K, 44% free 9317K/16616K, paused 4ms, total 4ms
02-03 12:44:02.551 D/dalvikvm(15954): GC_FOR_ALLOC freed 3841K, 45% free 9171K/16616K, paused 4ms, total 4ms
02-03 12:44:02.561 D/dalvikvm(15954): GC_FOR_ALLOC freed 3411K, 43% free 9617K/16616K, paused 4ms, total 4ms
02-03 12:44:02.571 D/dalvikvm(15954): GC_FOR_ALLOC freed 4170K, 44% free 9322K/16616K, paused 4ms, total 4ms
02-03 12:44:02.571 D/dalvikvm(15954): GC_FOR_ALLOC freed 3889K, 45% free 9175K/16616K, paused 4ms, total 4ms
02-03 12:44:02.581 D/dalvikvm(15954): GC_FOR_ALLOC freed 3453K, 43% free 9626K/16616K, paused 4ms, total 4ms
02-03 12:44:02.591 D/dalvikvm(15954): GC_FOR_ALLOC freed 4222K, 44% free 9328K/16616K, paused 4ms, total 4ms
02-03 12:44:02.591 D/dalvikvm(15954): GC_FOR_ALLOC freed 3937K, 45% free 9179K/16616K, paused 4ms, total 4ms
02-03 12:44:02.601 D/dalvikvm(15954): GC_FOR_ALLOC freed 3496K, 43% free 9635K/16616K, paused 4ms, total 4ms
02-03 12:44:02.611 D/dalvikvm(15954): GC_CONCURRENT freed 4273K, 44% free 9334K/16616K, paused 1ms+1ms, total 6ms
02-03 12:44:02.611 D/dalvikvm(15954): WAIT_FOR_CONCURRENT_GC blocked 4ms
02-03 12:44:02.611 D/dalvikvm(15954): GC_FOR_ALLOC freed 3986K, 45% free 9182K/16616K, paused 4ms, total 5ms
02-03 12:44:02.621 D/dalvikvm(15954): GC_FOR_ALLOC freed 3538K, 42% free 9645K/16616K, paused 4ms, total 4ms
02-03 12:44:02.631 D/dalvikvm(15954): GC_CONCURRENT freed 3247K, 38% free 10416K/16616K, paused 2ms+1ms, total 7ms
02-03 12:44:02.631 D/dalvikvm(15954): WAIT_FOR_CONCURRENT_GC blocked 2ms
02-03 12:44:02.631 D/dalvikvm(15954): GC_FOR_ALLOC freed 4334K, 44% free 9340K/16616K, paused 4ms, total 4ms
02-03 12:44:02.641 D/dalvikvm(15954): GC_FOR_ALLOC freed 4046K, 45% free 9187K/16616K, paused 4ms, total 4ms
02-03 12:44:02.651 D/dalvikvm(15954): GC_CONCURRENT freed 3592K, 42% free 9656K/16616K, paused 0ms+1ms, total 5ms
02-03 12:44:02.651 D/dalvikvm(15954): WAIT_FOR_CONCURRENT_GC blocked 4ms
02-03 12:44:02.661 D/dalvikvm(15954): GC_CONCURRENT freed 4391K, 44% free 9346K/16616K, paused 0ms+1ms, total 5ms
02-03 12:44:02.661 D/dalvikvm(15954): WAIT_FOR_CONCURRENT_GC blocked 4ms
02-03 12:44:02.661 D/dalvikvm(15954): GC_FOR_ALLOC freed 4094K, 45% free 9191K/16616K, paused 4ms, total 4ms
02-03 12:44:02.671 D/dalvikvm(15954): GC_FOR_ALLOC freed 3635K, 44% free 9349K/16616K, paused 4ms, total 4ms
02-03 12:44:02.681 D/dalvikvm(15954): GC_FOR_ALLOC freed 4125K, 45% free 9193K/16616K, paused 4ms, total 4ms
02-03 12:44:02.681 D/dalvikvm(15954): GC_CONCURRENT freed 3186K, 41% free 9829K/16616K, paused 1ms+1ms, total 5ms
02-03 12:44:02.681 D/dalvikvm(15954): WAIT_FOR_CONCURRENT_GC blocked 2ms
02-03 12:44:02.691 D/dalvikvm(15954): GC_FOR_ALLOC freed 4633K, 45% free 9196K/16616K, paused 3ms, total 4ms
02-03 12:44:02.701 D/dalvikvm(15954): GC_FOR_ALLOC freed 3691K, 44% free 9357K/16616K, paused 4ms, total 4ms
02-03 12:44:02.711 D/dalvikvm(15954): GC_CONCURRENT freed 3866K, 43% free 9520K/16616K, paused 1ms+1ms, total 5ms
02-03 12:44:02.711 D/dalvikvm(15954): WAIT_FOR_CONCURRENT_GC blocked 4ms
02-03 12:44:02.711 D/dalvikvm(15954): GC_FOR_ALLOC freed 4040K, 44% free 9360K/16616K, paused 4ms, total 4ms
02-03 12:44:02.721 D/dalvikvm(15954): GC_CONCURRENT freed 3895K, 43% free 9525K/16616K, paused 0ms+1ms, total 4ms
02-03 12:44:02.721 D/dalvikvm(15954): WAIT_FOR_CONCURRENT_GC blocked 4ms
02-03 12:44:02.731 D/dalvikvm(15954): GC_FOR_ALLOC freed 4070K, 44% free 9364K/16616K, paused 4ms, total 4ms
02-03 12:44:02.731 D/dalvikvm(15954): GC_CONCURRENT freed 3925K, 43% free 9530K/16616K, paused 1ms+1ms, total 5ms
02-03 12:44:02.731 D/dalvikvm(15954): WAIT_FOR_CONCURRENT_GC blocked 4ms
02-03 12:44:02.741 D/dalvikvm(15954): GC_FOR_ALLOC freed 4103K, 44% free 9368K/16616K, paused 4ms, total 4ms
02-03 12:44:02.751 D/dalvikvm(15954): GC_FOR_ALLOC freed 3460K, 42% free 9699K/16616K, paused 4ms, total 4ms
02-03 12:44:02.751 D/dalvikvm(15954): GC_FOR_ALLOC freed 4299K, 45% free 9207K/16616K, paused 4ms, total 4ms
02-03 12:44:02.761 D/dalvikvm(15954): GC_CONCURRENT freed 3815K, 44% free 9373K/16616K, paused 1ms+1ms, total 5ms
02-03 12:44:02.761 D/dalvikvm(15954): WAIT_FOR_CONCURRENT_GC blocked 4ms
02-03 12:44:02.771 D/dalvikvm(15954): GC_FOR_ALLOC freed 3494K, 42% free 9707K/16616K, paused 4ms, total 4ms
02-03 12:44:02.771 D/dalvikvm(15954): GC_FOR_ALLOC freed 4339K, 45% free 9209K/16616K, paused 4ms, total 4ms
02-03 12:44:02.781 D/dalvikvm(15954): GC_FOR_ALLOC freed 3849K, 44% free 9377K/16616K, paused 4ms, total 4ms
02-03 12:44:02.791 D/dalvikvm(15954): GC_CONCURRENT freed 2688K, 37% free 10551K/16616K, paused 1ms+1ms, total 6ms
02-03 12:44:02.791 D/dalvikvm(15954): WAIT_FOR_CONCURRENT_GC blocked 3ms
02-03 12:44:02.791 D/dalvikvm(15954): GC_FOR_ALLOC freed 4034K, 45% free 9212K/16616K, paused 4ms, total 4ms
02-03 12:44:02.801 D/dalvikvm(15954): GC_CONCURRENT freed 3881K, 44% free 9381K/16616K, paused 1ms+0ms, total 5ms
02-03 12:44:02.801 D/dalvikvm(15954): WAIT_FOR_CONCURRENT_GC blocked 4ms
02-03 12:44:02.811 D/dalvikvm(15954): GC_FOR_ALLOC freed 3937K, 44% free 9388K/16616K, paused 4ms, total 4ms
02-03 12:44:02.821 D/dalvikvm(15954): GC_FOR_ALLOC freed 3928K, 45% free 9239K/16616K, paused 4ms, total 4ms
02-03 12:44:02.821 D/dalvikvm(15954): GC_FOR_ALLOC freed 3760K, 45% free 9240K/16616K, paused 4ms, total 4ms
02-03 12:44:02.831 D/dalvikvm(15954): GC_FOR_ALLOC freed 2749K, 38% free 10331K/16616K, paused 4ms, total 4ms
02-03 12:44:02.921 D/dalvikvm(15954): GC_CONCURRENT freed 5503K, 47% free 8920K/16616K, paused 1ms+1ms, total 7ms
02-03 12:44:02.921 D/dalvikvm(15954): WAIT_FOR_CONCURRENT_GC blocked 6ms
02-03 12:44:02.931 W/BindingManager(18937): Cannot call determinedVisibility() - never saw a connection for the pid: 18937
02-03 12:44:02.941 D/dalvikvm(15954): GC_FOR_ALLOC freed 4088K, 47% free 8907K/16616K, paused 8ms, total 8ms
02-03 12:44:02.951 D/dalvikvm(15954): GC_CONCURRENT freed 27K, 47% free 8921K/16616K, paused 1ms+1ms, total 7ms
02-03 12:44:02.951 I/chromium(18937): [INFO:CONSOLE(46)] "Uncaught ReferenceError: SharedWorker is not defined", source: app://org.xwalk.webapi_noneservice_tests//opt/tct-workers-w3c-tests/workers/SharedWorkerNavigator_appVersion.html (46)
02-03 12:44:02.961 D/dalvikvm(15954): GC_CONCURRENT freed 3944K, 46% free 9027K/16616K, paused 1ms+1ms, total 6ms
02-03 12:44:02.961 D/dalvikvm(15954): WAIT_FOR_CONCURRENT_GC blocked 6ms
02-03 12:44:02.971 D/dalvikvm(15954): GC_CONCURRENT freed 4059K, 46% free 9043K/16616K, paused 1ms+1ms, total 8ms
02-03 12:44:02.971 D/dalvikvm(15954): WAIT_FOR_CONCURRENT_GC blocked 4ms
02-03 12:44:02.981 D/dalvikvm(15954): GC_CONCURRENT freed 4068K, 46% free 8984K/16616K, paused 1ms+1ms, total 6ms
02-03 12:44:02.991 D/dalvikvm(15954): GC_CONCURRENT freed 4066K, 46% free 8993K/16616K, paused 1ms+1ms, total 5ms
02-03 12:44:02.991 D/dalvikvm(15954): WAIT_FOR_CONCURRENT_GC blocked 4ms
02-03 12:44:03.001 D/dalvikvm(15954): GC_CONCURRENT freed 4016K, 46% free 9032K/16616K, paused 0ms+1ms, total 4ms
02-03 12:44:03.001 D/dalvikvm(15954): WAIT_FOR_CONCURRENT_GC blocked 4ms
02-03 12:44:03.011 D/dalvikvm(15954): GC_CONCURRENT freed 4000K, 46% free 9068K/16616K, paused 0ms+1ms, total 4ms
02-03 12:44:03.011 D/dalvikvm(15954): WAIT_FOR_CONCURRENT_GC blocked 4ms
02-03 12:44:03.021 D/dalvikvm(15954): GC_FOR_ALLOC freed 4136K, 46% free 8997K/16616K, paused 5ms, total 5ms
02-03 12:44:03.021 D/dalvikvm(15954): GC_CONCURRENT freed 3852K, 45% free 9145K/16616K, paused 1ms+1ms, total 6ms
02-03 12:44:03.021 D/dalvikvm(15954): WAIT_FOR_CONCURRENT_GC blocked 1ms
02-03 12:44:03.031 D/dalvikvm(15954): GC_CONCURRENT freed 4160K, 46% free 9044K/16616K, paused 1ms+1ms, total 6ms
02-03 12:44:03.031 D/dalvikvm(15954): WAIT_FOR_CONCURRENT_GC blocked 5ms
02-03 12:44:03.041 D/dalvikvm(15954): GC_CONCURRENT freed 4133K, 46% free 9000K/16616K, paused 1ms+1ms, total 5ms
02-03 12:44:03.041 D/dalvikvm(15954): WAIT_FOR_CONCURRENT_GC blocked 4ms
02-03 12:44:03.051 D/dalvikvm(15954): GC_CONCURRENT freed 3949K, 46% free 9084K/16616K, paused 0ms+1ms, total 5ms
02-03 12:44:03.051 D/dalvikvm(15954): WAIT_FOR_CONCURRENT_GC blocked 4ms
02-03 12:44:03.061 D/dalvikvm(15954): GC_CONCURRENT freed 3969K, 46% free 9087K/16616K, paused 1ms+1ms, total 6ms
02-03 12:44:03.061 D/dalvikvm(15954): WAIT_FOR_CONCURRENT_GC blocked 4ms
02-03 12:44:03.061 D/dalvikvm(15954): GC_CONCURRENT freed 3969K, 45% free 9139K/16616K, paused 0ms+0ms, total 5ms
02-03 12:44:03.081 D/dalvikvm(15954): WAIT_FOR_CONCURRENT_GC blocked 4ms
02-03 12:44:03.081 D/dalvikvm(15954): GC_CONCURRENT freed 4055K, 46% free 9097K/16616K, paused 0ms+1ms, total 5ms
02-03 12:44:03.081 D/dalvikvm(15954): WAIT_FOR_CONCURRENT_GC blocked 4ms
02-03 12:44:03.081 D/dalvikvm(15954): GC_CONCURRENT freed 4035K, 46% free 9099K/16616K, paused 1ms+1ms, total 5ms
02-03 12:44:03.081 D/dalvikvm(15954): WAIT_FOR_CONCURRENT_GC blocked 4ms
02-03 12:44:03.091 D/dalvikvm(15954): GC_CONCURRENT freed 3997K, 45% free 9156K/16616K, paused 0ms+1ms, total 4ms
02-03 12:44:03.091 D/dalvikvm(15954): WAIT_FOR_CONCURRENT_GC blocked 5ms
02-03 12:44:03.101 D/dalvikvm(15954): GC_CONCURRENT freed 4059K, 46% free 9104K/16616K, paused 0ms+1ms, total 5ms
02-03 12:44:03.101 D/dalvikvm(15954): WAIT_FOR_CONCURRENT_GC blocked 4ms
02-03 12:44:03.111 D/dalvikvm(15954): GC_CONCURRENT freed 3994K, 46% free 9110K/16616K, paused 1ms+1ms, total 5ms
02-03 12:44:03.111 D/dalvikvm(15954): WAIT_FOR_CONCURRENT_GC blocked 4ms
02-03 12:44:03.121 D/dalvikvm(15954): GC_CONCURRENT freed 3924K, 45% free 9170K/16616K, paused 1ms+1ms, total 5ms
02-03 12:44:03.121 D/dalvikvm(15954): WAIT_FOR_CONCURRENT_GC blocked 4ms
02-03 12:44:03.121 D/dalvikvm(15954): GC_CONCURRENT freed 4203K, 46% free 9053K/16616K, paused 0ms+1ms, total 5ms
02-03 12:44:03.121 D/dalvikvm(15954): WAIT_FOR_CONCURRENT_GC blocked 4ms
02-03 12:44:03.131 D/dalvikvm(15954): GC_CONCURRENT freed 4058K, 46% free 8991K/16616K, paused 0ms+2ms, total 6ms
02-03 12:44:03.131 D/dalvikvm(15954): WAIT_FOR_CONCURRENT_GC blocked 5ms
02-03 12:44:03.141 D/dalvikvm(15954): GC_CONCURRENT freed 3772K, 45% free 9211K/16616K, paused 1ms+1ms, total 5ms
02-03 12:44:03.141 D/dalvikvm(15954): WAIT_FOR_CONCURRENT_GC blocked 5ms
02-03 12:44:03.151 D/dalvikvm(15954): GC_CONCURRENT freed 4042K, 45% free 9214K/16616K, paused 0ms+1ms, total 5ms
02-03 12:44:03.151 D/dalvikvm(15954): WAIT_FOR_CONCURRENT_GC blocked 4ms
02-03 12:44:03.161 D/dalvikvm(15954): GC_CONCURRENT freed 4126K, 46% free 9085K/16616K, paused 1ms+1ms, total 5ms
02-03 12:44:03.161 D/dalvikvm(15954): WAIT_FOR_CONCURRENT_GC blocked 4ms
02-03 12:44:03.171 D/dalvikvm(15954): GC_CONCURRENT freed 3939K, 45% free 9156K/16616K, paused 1ms+1ms, total 6ms
02-03 12:44:03.171 D/dalvikvm(15954): WAIT_FOR_CONCURRENT_GC blocked 4ms
02-03 12:44:03.181 D/dalvikvm(15954): GC_CONCURRENT freed 4083K, 46% free 9089K/16616K, paused 1ms+1ms, total 5ms
02-03 12:44:03.181 D/dalvikvm(15954): WAIT_FOR_CONCURRENT_GC blocked 4ms
02-03 12:44:03.181 D/dalvikvm(15954): GC_CONCURRENT freed 3882K, 45% free 9227K/16616K, paused 0ms+1ms, total 4ms
02-03 12:44:03.181 D/dalvikvm(15954): WAIT_FOR_CONCURRENT_GC blocked 5ms
02-03 12:44:03.191 D/dalvikvm(15954): GC_CONCURRENT freed 4159K, 45% free 9163K/16616K, paused 1ms+1ms, total 5ms
02-03 12:44:03.191 D/dalvikvm(15954): WAIT_FOR_CONCURRENT_GC blocked 4ms
02-03 12:44:03.201 D/dalvikvm(15954): GC_CONCURRENT freed 4019K, 45% free 9164K/16616K, paused 1ms+1ms, total 5ms
02-03 12:44:03.201 D/dalvikvm(15954): WAIT_FOR_CONCURRENT_GC blocked 4ms
02-03 12:44:03.211 D/dalvikvm(15954): GC_CONCURRENT freed 4086K, 45% free 9165K/16616K, paused 1ms+1ms, total 5ms
02-03 12:44:03.211 D/dalvikvm(15954): WAIT_FOR_CONCURRENT_GC blocked 4ms
02-03 12:44:03.221 D/dalvikvm(15954): GC_CONCURRENT freed 3928K, 45% free 9239K/16616K, paused 1ms+1ms, total 5ms
02-03 12:44:03.221 D/dalvikvm(15954): WAIT_FOR_CONCURRENT_GC blocked 5ms
02-03 12:44:03.221 D/dalvikvm(15954): GC_FOR_ALLOC freed 4065K, 46% free 9047K/16616K, paused 4ms, total 4ms
02-03 12:44:03.231 D/dalvikvm(15954): GC_CONCURRENT freed 3896K, 46% free 9121K/16616K, paused 1ms+0ms, total 6ms
02-03 12:44:03.231 D/dalvikvm(15954): WAIT_FOR_CONCURRENT_GC blocked 6ms
02-03 12:44:03.241 D/dalvikvm(15954): GC_FOR_ALLOC freed 3796K, 45% free 9276K/16616K, paused 3ms, total 4ms
02-03 12:44:03.251 D/dalvikvm(15954): GC_CONCURRENT freed 4081K, 45% free 9203K/16616K, paused 1ms+1ms, total 5ms
02-03 12:44:03.251 D/dalvikvm(15954): WAIT_FOR_CONCURRENT_GC blocked 4ms
02-03 12:44:03.251 D/dalvikvm(15954): GC_FOR_ALLOC freed 4062K, 46% free 9044K/16616K, paused 4ms, total 4ms
02-03 12:44:03.261 D/dalvikvm(15954): GC_FOR_ALLOC freed 3960K, 46% free 9042K/16616K, paused 4ms, total 4ms
02-03 12:44:03.271 D/dalvikvm(15954): GC_CONCURRENT freed 3849K, 45% free 9204K/16616K, paused 0ms+1ms, total 5ms
02-03 12:44:03.271 D/dalvikvm(15954): WAIT_FOR_CONCURRENT_GC blocked 4ms
02-03 12:44:03.281 D/dalvikvm(15954): GC_CONCURRENT freed 4064K, 45% free 9205K/16616K, paused 0ms+0ms, total 5ms
02-03 12:44:03.281 D/dalvikvm(15954): WAIT_FOR_CONCURRENT_GC blocked 4ms
02-03 12:44:03.281 D/dalvikvm(15954): GC_FOR_ALLOC freed 3861K, 45% free 9292K/16616K, paused 4ms, total 4ms
02-03 12:44:03.291 D/dalvikvm(15954): GC_FOR_ALLOC freed 4168K, 46% free 9123K/16616K, paused 4ms, total 4ms
02-03 12:44:03.301 D/dalvikvm(15954): GC_CONCURRENT freed 3449K, 42% free 9665K/16616K, paused 1ms+1ms, total 6ms
02-03 12:44:03.301 D/dalvikvm(15954): WAIT_FOR_CONCURRENT_GC blocked 2ms
02-03 12:44:03.311 D/dalvikvm(15954): GC_CONCURRENT freed 4423K, 44% free 9331K/16616K, paused 1ms+1ms, total 5ms
02-03 12:44:03.311 D/dalvikvm(15954): WAIT_FOR_CONCURRENT_GC blocked 4ms
02-03 12:44:03.311 D/dalvikvm(15954): GC_FOR_ALLOC freed 4137K, 46% free 9068K/16616K, paused 4ms, total 4ms
02-03 12:44:03.321 D/dalvikvm(15954): GC_FOR_ALLOC freed 3912K, 45% free 9159K/16616K, paused 4ms, total 4ms
02-03 12:44:03.331 D/dalvikvm(15954): GC_CONCURRENT freed 3149K, 41% free 9965K/16616K, paused 1ms+1ms, total 6ms
02-03 12:44:03.331 D/dalvikvm(15954): WAIT_FOR_CONCURRENT_GC blocked 2ms
02-03 12:44:03.331 D/dalvikvm(15954): GC_CONCURRENT freed 4713K, 45% free 9252K/16616K, paused 1ms+1ms, total 6ms
02-03 12:44:03.331 D/dalvikvm(15954): WAIT_FOR_CONCURRENT_GC blocked 4ms
02-03 12:44:03.341 D/dalvikvm(15954): GC_FOR_ALLOC freed 4034K, 46% free 9072K/16616K, paused 4ms, total 4ms
02-03 12:44:03.351 D/dalvikvm(15954): GC_FOR_ALLOC freed 3890K, 46% free 9073K/16616K, paused 4ms, total 4ms
02-03 12:44:03.351 D/dalvikvm(15954): GC_FOR_ALLOC freed 3928K, 46% free 9075K/16616K, paused 4ms, total 4ms
02-03 12:44:03.361 D/dalvikvm(15954): GC_FOR_ALLOC freed 3965K, 46% free 9077K/16616K, paused 4ms, total 4ms
02-03 12:44:03.371 D/dalvikvm(15954): GC_CONCURRENT freed 3812K, 45% free 9270K/16616K, paused 1ms+1ms, total 5ms
02-03 12:44:03.371 D/dalvikvm(15954): WAIT_FOR_CONCURRENT_GC blocked 4ms
02-03 12:44:03.381 D/dalvikvm(15954): GC_CONCURRENT freed 4039K, 45% free 9273K/16616K, paused 1ms+1ms, total 5ms
02-03 12:44:03.381 D/dalvikvm(15954): WAIT_FOR_CONCURRENT_GC blocked 4ms
02-03 12:44:03.391 D/dalvikvm(15954): GC_CONCURRENT freed 4077K, 45% free 9277K/16616K, paused 1ms+1ms, total 5ms
02-03 12:44:03.391 D/dalvikvm(15954): WAIT_FOR_CONCURRENT_GC blocked 5ms
02-03 12:44:03.391 D/dalvikvm(15954): GC_FOR_ALLOC freed 3818K, 44% free 9378K/16616K, paused 4ms, total 4ms
02-03 12:44:03.401 D/dalvikvm(15954): GC_FOR_ALLOC freed 4149K, 45% free 9184K/16616K, paused 4ms, total 4ms
02-03 12:44:03.411 D/dalvikvm(15954): GC_FOR_ALLOC freed 3987K, 46% free 9087K/16616K, paused 4ms, total 4ms
02-03 12:44:03.411 D/dalvikvm(15954): GC_FOR_ALLOC freed 3718K, 44% free 9390K/16616K, paused 4ms, total 4ms
02-03 12:44:03.421 D/dalvikvm(15954): GC_CONCURRENT freed 3143K, 40% free 9998K/16616K, paused 1ms+1ms, total 6ms
02-03 12:44:03.431 D/dalvikvm(15954): GC_FOR_ALLOC freed 4693K, 44% free 9395K/16616K, paused 4ms, total 4ms
02-03 12:44:03.431 D/dalvikvm(15954): GC_CONCURRENT freed 3404K, 41% free 9807K/16616K, paused 1ms+1ms, total 6ms
02-03 12:44:03.431 D/dalvikvm(15954): WAIT_FOR_CONCURRENT_GC blocked 3ms
02-03 12:44:03.441 D/dalvikvm(15954): GC_FOR_ALLOC freed 4560K, 45% free 9195K/16616K, paused 5ms, total 5ms
02-03 12:44:03.451 D/dalvikvm(15954): GC_CONCURRENT freed 3980K, 45% free 9303K/16616K, paused 1ms+1ms, total 5ms
02-03 12:44:03.451 D/dalvikvm(15954): WAIT_FOR_CONCURRENT_GC blocked 4ms
02-03 12:44:03.461 D/dalvikvm(15954): GC_CONCURRENT freed 4117K, 45% free 9201K/16616K, paused 1ms+1ms, total 6ms
02-03 12:44:03.461 D/dalvikvm(15954): WAIT_FOR_CONCURRENT_GC blocked 5ms
02-03 12:44:03.461 D/dalvikvm(15954): GC_FOR_ALLOC freed 3724K, 44% free 9416K/16616K, paused 4ms, total 4ms
02-03 12:44:03.471 D/dalvikvm(15954): GC_FOR_ALLOC freed 4288K, 46% free 9098K/16616K, paused 4ms, total 4ms
02-03 12:44:03.481 D/dalvikvm(15954): GC_CONCURRENT freed 3240K, 41% free 9964K/16616K, paused 1ms+1ms, total 6ms
02-03 12:44:03.481 D/dalvikvm(15954): GC_CONCURRENT freed 4563K, 44% free 9428K/16616K, paused 0ms+1ms, total 5ms
02-03 12:44:03.481 D/dalvikvm(15954): WAIT_FOR_CONCURRENT_GC blocked 4ms
02-03 12:44:03.491 D/dalvikvm(15954): GC_CONCURRENT freed 4164K, 44% free 9323K/16616K, paused 0ms+1ms, total 4ms
02-03 12:44:03.491 D/dalvikvm(15954): WAIT_FOR_CONCURRENT_GC blocked 4ms
02-03 12:44:03.501 D/dalvikvm(15954): GC_FOR_ALLOC freed 4083K, 46% free 9105K/16616K, paused 4ms, total 5ms
02-03 12:44:03.501 D/dalvikvm(15954): GC_FOR_ALLOC freed 3889K, 46% free 9106K/16616K, paused 4ms, total 4ms
02-03 12:44:03.511 D/dalvikvm(15954): GC_FOR_ALLOC freed 3916K, 46% free 9108K/16616K, paused 4ms, total 4ms
02-03 12:44:03.521 D/dalvikvm(15954): GC_FOR_ALLOC freed 3942K, 46% free 9109K/16616K, paused 4ms, total 4ms
02-03 12:44:03.521 D/dalvikvm(15954): GC_FOR_ALLOC freed 3968K, 46% free 9111K/16616K, paused 4ms, total 4ms
02-03 12:44:03.531 D/dalvikvm(15954): GC_CONCURRENT freed 3653K, 44% free 9453K/16616K, paused 1ms+1ms, total 6ms
02-03 12:44:03.531 D/dalvikvm(15954): WAIT_FOR_CONCURRENT_GC blocked 2ms
02-03 12:44:03.541 D/dalvikvm(15954): GC_CONCURRENT freed 4131K, 44% free 9343K/16616K, paused 1ms+1ms, total 5ms
02-03 12:44:03.541 D/dalvikvm(15954): WAIT_FOR_CONCURRENT_GC blocked 4ms
02-03 12:44:03.551 D/dalvikvm(15954): GC_CONCURRENT freed 4045K, 44% free 9347K/16616K, paused 1ms+1ms, total 5ms
02-03 12:44:03.551 D/dalvikvm(15954): WAIT_FOR_CONCURRENT_GC blocked 4ms
02-03 12:44:03.551 D/dalvikvm(15954): GC_CONCURRENT freed 4072K, 44% free 9350K/16616K, paused 1ms+1ms, total 5ms
02-03 12:44:03.561 D/dalvikvm(15954): WAIT_FOR_CONCURRENT_GC blocked 4ms
02-03 12:44:03.561 D/dalvikvm(15954): GC_FOR_ALLOC freed 3748K, 44% free 9470K/16616K, paused 4ms, total 4ms
02-03 12:44:03.571 D/dalvikvm(15954): GC_FOR_ALLOC freed 4129K, 45% free 9238K/16616K, paused 4ms, total 4ms
02-03 12:44:03.581 D/dalvikvm(15954): GC_FOR_ALLOC freed 3920K, 46% free 9122K/16616K, paused 4ms, total 4ms
02-03 12:44:03.581 D/dalvikvm(15954): GC_FOR_ALLOC freed 3586K, 43% free 9481K/16616K, paused 4ms, total 4ms
02-03 12:44:03.591 D/dalvikvm(15954): GC_CONCURRENT freed 4211K, 45% free 9245K/16616K, paused 0ms+1ms, total 5ms
02-03 12:44:03.591 D/dalvikvm(15954): WAIT_FOR_CONCURRENT_GC blocked 4ms
02-03 12:44:03.601 D/dalvikvm(15954): GC_FOR_ALLOC freed 3998K, 46% free 9126K/16616K, paused 4ms, total 4ms
02-03 12:44:03.601 D/dalvikvm(15954): GC_CONCURRENT freed 3656K, 43% free 9493K/16616K, paused 0ms+1ms, total 5ms
02-03 12:44:03.601 D/dalvikvm(15954): WAIT_FOR_CONCURRENT_GC blocked 4ms
02-03 12:44:03.611 D/dalvikvm(15954): GC_CONCURRENT freed 4293K, 45% free 9252K/16616K, paused 1ms+0ms, total 5ms
02-03 12:44:03.611 D/dalvikvm(15954): WAIT_FOR_CONCURRENT_GC blocked 4ms
02-03 12:44:03.621 D/dalvikvm(15954): GC_FOR_ALLOC freed 4076K, 46% free 9131K/16616K, paused 4ms, total 4ms
02-03 12:44:03.631 D/dalvikvm(15954): GC_FOR_ALLOC freed 3727K, 45% free 9256K/16616K, paused 4ms, total 4ms
02-03 12:44:03.631 D/dalvikvm(15954): GC_CONCURRENT freed 3875K, 44% free 9384K/16616K, paused 1ms+1ms, total 6ms
02-03 12:44:03.631 D/dalvikvm(15954): WAIT_FOR_CONCURRENT_GC blocked 4ms
02-03 12:44:03.641 D/dalvikvm(15954): GC_FOR_ALLOC freed 4022K, 45% free 9261K/16616K, paused 4ms, total 4ms
02-03 12:44:03.651 D/dalvikvm(15954): GC_CONCURRENT freed 3922K, 44% free 9390K/16616K, paused 1ms+1ms, total 5ms
02-03 12:44:03.651 D/dalvikvm(15954): WAIT_FOR_CONCURRENT_GC blocked 4ms
02-03 12:44:03.661 D/dalvikvm(15954): GC_FOR_ALLOC freed 4071K, 45% free 9265K/16616K, paused 4ms, total 4ms
02-03 12:44:03.661 D/dalvikvm(15954): GC_FOR_ALLOC freed 3582K, 43% free 9523K/16616K, paused 4ms, total 4ms
02-03 12:44:03.671 D/dalvikvm(15954): GC_FOR_ALLOC freed 4246K, 45% free 9141K/16616K, paused 4ms, total 4ms
02-03 12:44:03.681 D/dalvikvm(15954): GC_CONCURRENT freed 3882K, 45% free 9272K/16616K, paused 1ms+1ms, total 5ms
02-03 12:44:03.681 D/dalvikvm(15954): WAIT_FOR_CONCURRENT_GC blocked 4ms
02-03 12:44:03.681 D/dalvikvm(15954): GC_FOR_ALLOC freed 3643K, 43% free 9534K/16616K, paused 4ms, total 4ms
02-03 12:44:03.691 D/dalvikvm(15954): GC_FOR_ALLOC freed 4317K, 45% free 9146K/16616K, paused 4ms, total 4ms
02-03 12:44:03.701 D/dalvikvm(15954): GC_CONCURRENT freed 3947K, 45% free 9279K/16616K, paused 1ms+1ms, total 5ms
02-03 12:44:03.701 D/dalvikvm(15954): WAIT_FOR_CONCURRENT_GC blocked 4ms
02-03 12:44:03.711 D/dalvikvm(15954): GC_CONCURRENT freed 3704K, 43% free 9545K/16616K, paused 1ms+1ms, total 5ms
02-03 12:44:03.711 D/dalvikvm(15954): WAIT_FOR_CONCURRENT_GC blocked 4ms
02-03 12:44:03.711 D/dalvikvm(15954): GC_CONCURRENT freed 4123K, 44% free 9416K/16616K, paused 1ms+1ms, total 5ms
02-03 12:44:03.721 D/dalvikvm(15954): WAIT_FOR_CONCURRENT_GC blocked 4ms
02-03 12:44:03.721 D/dalvikvm(15954): GC_FOR_ALLOC freed 4010K, 45% free 9151K/16616K, paused 4ms, total 4ms
02-03 12:44:03.731 D/dalvikvm(15954): GC_FOR_ALLOC freed 3763K, 45% free 9153K/16616K, paused 4ms, total 4ms
02-03 12:44:03.731 D/dalvikvm(15954): GC_FOR_ALLOC freed 3783K, 45% free 9154K/16616K, paused 4ms, total 4ms
02-03 12:44:03.741 D/dalvikvm(15954): GC_FOR_ALLOC freed 3802K, 45% free 9155K/16616K, paused 4ms, total 4ms
02-03 12:44:03.751 D/dalvikvm(15954): GC_FOR_ALLOC freed 3820K, 45% free 9157K/16616K, paused 4ms, total 4ms
02-03 12:44:03.751 D/dalvikvm(15954): GC_FOR_ALLOC freed 3839K, 45% free 9158K/16616K, paused 4ms, total 4ms
02-03 12:44:03.761 D/dalvikvm(15954): GC_FOR_ALLOC freed 3858K, 45% free 9160K/16616K, paused 4ms, total 4ms
02-03 12:44:03.771 D/dalvikvm(15954): GC_FOR_ALLOC freed 3877K, 45% free 9161K/16616K, paused 4ms, total 4ms
02-03 12:44:03.771 D/dalvikvm(15954): GC_FOR_ALLOC freed 3896K, 45% free 9162K/16616K, paused 4ms, total 4ms
02-03 12:44:03.781 D/dalvikvm(15954): GC_FOR_ALLOC freed 3914K, 45% free 9164K/16616K, paused 4ms, total 4ms
02-03 12:44:03.791 D/dalvikvm(15954): GC_FOR_ALLOC freed 3933K, 45% free 9165K/16616K, paused 4ms, total 4ms
02-03 12:44:03.791 D/dalvikvm(15954): GC_FOR_ALLOC freed 3952K, 45% free 9166K/16616K, paused 4ms, total 4ms
02-03 12:44:03.801 D/dalvikvm(15954): GC_CONCURRENT freed 3687K, 44% free 9451K/16616K, paused 1ms+1ms, total 5ms
02-03 12:44:03.801 D/dalvikvm(15954): WAIT_FOR_CONCURRENT_GC blocked 4ms
02-03 12:44:03.811 D/dalvikvm(15954): GC_CONCURRENT freed 3988K, 44% free 9454K/16616K, paused 1ms+1ms, total 5ms
02-03 12:44:03.811 D/dalvikvm(15954): WAIT_FOR_CONCURRENT_GC blocked 3ms
02-03 12:44:03.821 D/dalvikvm(15954): GC_CONCURRENT freed 4007K, 44% free 9457K/16616K, paused 1ms+1ms, total 5ms
02-03 12:44:03.821 D/dalvikvm(15954): WAIT_FOR_CONCURRENT_GC blocked 3ms
02-03 12:44:03.821 D/dalvikvm(15954): GC_CONCURRENT freed 4026K, 44% free 9459K/16616K, paused 1ms+1ms, total 5ms
02-03 12:44:03.821 D/dalvikvm(15954): WAIT_FOR_CONCURRENT_GC blocked 3ms
02-03 12:44:03.831 D/dalvikvm(15954): GC_CONCURRENT freed 4045K, 44% free 9462K/16616K, paused 1ms+0ms, total 7ms
02-03 12:44:03.831 D/dalvikvm(15954): WAIT_FOR_CONCURRENT_GC blocked 5ms
02-03 12:44:03.841 D/dalvikvm(15954): GC_CONCURRENT freed 4064K, 44% free 9465K/16616K, paused 0ms+1ms, total 4ms
02-03 12:44:03.841 D/dalvikvm(15954): WAIT_FOR_CONCURRENT_GC blocked 4ms
02-03 12:44:03.851 D/dalvikvm(15954): GC_CONCURRENT freed 4082K, 44% free 9467K/16616K, paused 1ms+1ms, total 5ms
02-03 12:44:03.851 D/dalvikvm(15954): WAIT_FOR_CONCURRENT_GC blocked 3ms
02-03 12:44:03.861 D/dalvikvm(15954): GC_FOR_ALLOC freed 3660K, 43% free 9616K/16616K, paused 4ms, total 4ms
02-03 12:44:03.861 D/dalvikvm(15954): GC_FOR_ALLOC freed 4118K, 44% free 9325K/16616K, paused 4ms, total 4ms
02-03 12:44:03.871 D/dalvikvm(15954): GC_FOR_ALLOC freed 3841K, 45% free 9179K/16616K, paused 4ms, total 4ms
02-03 12:44:03.881 D/dalvikvm(15954): GC_FOR_ALLOC freed 3411K, 43% free 9625K/16616K, paused 4ms, total 4ms
02-03 12:44:03.881 D/dalvikvm(15954): GC_FOR_ALLOC freed 4170K, 44% free 9330K/16616K, paused 4ms, total 4ms
02-03 12:44:03.891 D/dalvikvm(15954): GC_FOR_ALLOC freed 3889K, 45% free 9183K/16616K, paused 4ms, total 4ms
02-03 12:44:03.901 D/dalvikvm(15954): GC_FOR_ALLOC freed 3453K, 43% free 9634K/16616K, paused 4ms, total 4ms
02-03 12:44:03.901 D/dalvikvm(15954): GC_FOR_ALLOC freed 4222K, 44% free 9336K/16616K, paused 4ms, total 4ms
02-03 12:44:03.911 D/dalvikvm(15954): GC_FOR_ALLOC freed 3937K, 45% free 9187K/16616K, paused 4ms, total 4ms
02-03 12:44:03.921 D/dalvikvm(15954): GC_FOR_ALLOC freed 3496K, 42% free 9643K/16616K, paused 4ms, total 4ms
02-03 12:44:03.921 D/dalvikvm(15954): GC_CONCURRENT freed 4273K, 44% free 9342K/16616K, paused 1ms+1ms, total 5ms
02-03 12:44:03.921 D/dalvikvm(15954): WAIT_FOR_CONCURRENT_GC blocked 4ms
02-03 12:44:03.931 D/dalvikvm(15954): GC_FOR_ALLOC freed 3986K, 45% free 9190K/16616K, paused 4ms, total 4ms
02-03 12:44:03.941 D/dalvikvm(15954): GC_FOR_ALLOC freed 3538K, 42% free 9653K/16616K, paused 4ms, total 4ms
02-03 12:44:03.941 D/dalvikvm(15954): GC_CONCURRENT freed 461K, 43% free 9499K/16616K, paused 1ms+1ms, total 5ms
02-03 12:44:03.951 D/dalvikvm(15954): GC_FOR_ALLOC freed 3864K, 42% free 9656K/16616K, paused 4ms, total 4ms
02-03 12:44:03.961 D/dalvikvm(15954): GC_CONCURRENT freed 4343K, 44% free 9349K/16616K, paused 1ms+1ms, total 5ms
02-03 12:44:03.961 D/dalvikvm(15954): WAIT_FOR_CONCURRENT_GC blocked 2ms
02-03 12:44:03.961 D/dalvikvm(15954): GC_FOR_ALLOC freed 4051K, 45% free 9195K/16616K, paused 4ms, total 4ms
02-03 12:44:03.971 D/dalvikvm(15954): GC_FOR_ALLOC freed 3596K, 42% free 9665K/16616K, paused 4ms, total 4ms
02-03 12:44:03.981 D/dalvikvm(15954): GC_CONCURRENT freed 3300K, 38% free 10450K/16616K, paused 0ms+1ms, total 5ms
02-03 12:44:03.981 D/dalvikvm(15954): GC_FOR_ALLOC freed 4404K, 42% free 9671K/16616K, paused 4ms, total 4ms
02-03 12:44:03.991 D/dalvikvm(15954): GC_FOR_ALLOC freed 4112K, 45% free 9200K/16616K, paused 4ms, total 4ms
02-03 12:44:04.001 D/dalvikvm(15954): GC_FOR_ALLOC freed 3650K, 44% free 9359K/16616K, paused 4ms, total 4ms
02-03 12:44:04.001 D/dalvikvm(15954): GC_CONCURRENT freed 3824K, 43% free 9521K/16616K, paused 1ms+1ms, total 5ms
02-03 12:44:04.001 D/dalvikvm(15954): WAIT_FOR_CONCURRENT_GC blocked 3ms
02-03 12:44:04.011 D/dalvikvm(15954): GC_FOR_ALLOC freed 3997K, 44% free 9363K/16616K, paused 4ms, total 4ms
02-03 12:44:04.021 D/dalvikvm(15954): GC_CONCURRENT freed 3854K, 43% free 9526K/16616K, paused 0ms+1ms, total 5ms
02-03 12:44:04.021 D/dalvikvm(15954): WAIT_FOR_CONCURRENT_GC blocked 4ms
02-03 12:44:04.021 D/dalvikvm(15954): GC_FOR_ALLOC freed 4027K, 44% free 9367K/16616K, paused 4ms, total 4ms
02-03 12:44:04.031 D/dalvikvm(15954): GC_CONCURRENT freed 3883K, 43% free 9531K/16616K, paused 1ms+2ms, total 6ms
02-03 12:44:04.031 D/dalvikvm(15954): WAIT_FOR_CONCURRENT_GC blocked 5ms
02-03 12:44:04.041 D/dalvikvm(15954): GC_FOR_ALLOC freed 4057K, 44% free 9370K/16616K, paused 4ms, total 4ms
02-03 12:44:04.051 D/dalvikvm(15954): GC_CONCURRENT freed 3912K, 43% free 9536K/16616K, paused 1ms+1ms, total 5ms
02-03 12:44:04.051 D/dalvikvm(15954): WAIT_FOR_CONCURRENT_GC blocked 4ms
02-03 12:44:04.051 D/dalvikvm(15954): GC_FOR_ALLOC freed 4089K, 44% free 9374K/16616K, paused 4ms, total 4ms
02-03 12:44:04.061 D/dalvikvm(15954): GC_FOR_ALLOC freed 3448K, 42% free 9704K/16616K, paused 4ms, total 4ms
02-03 12:44:04.071 D/dalvikvm(15954): GC_FOR_ALLOC freed 4286K, 45% free 9214K/16616K, paused 4ms, total 4ms
02-03 12:44:04.071 D/dalvikvm(15954): GC_CONCURRENT freed 3804K, 44% free 9380K/16616K, paused 1ms+1ms, total 5ms
02-03 12:44:04.081 D/dalvikvm(15954): WAIT_FOR_CONCURRENT_GC blocked 4ms
02-03 12:44:04.081 D/dalvikvm(15954): GC_FOR_ALLOC freed 3484K, 42% free 9713K/16616K, paused 4ms, total 4ms
02-03 12:44:04.091 D/dalvikvm(15954): GC_FOR_ALLOC freed 4327K, 45% free 9217K/16616K, paused 4ms, total 4ms
02-03 12:44:04.101 D/dalvikvm(15954): GC_CONCURRENT freed 3839K, 44% free 9384K/16616K, paused 1ms+1ms, total 5ms
02-03 12:44:04.101 D/dalvikvm(15954): WAIT_FOR_CONCURRENT_GC blocked 4ms
02-03 12:44:04.101 D/dalvikvm(15954): GC_FOR_ALLOC freed 3516K, 42% free 9720K/16616K, paused 4ms, total 4ms
02-03 12:44:04.111 D/dalvikvm(15954): GC_FOR_ALLOC freed 4366K, 45% free 9220K/16616K, paused 4ms, total 4ms
02-03 12:44:04.121 D/dalvikvm(15954): GC_CONCURRENT freed 3873K, 44% free 9389K/16616K, paused 0ms+1ms, total 5ms
02-03 12:44:04.121 D/dalvikvm(15954): WAIT_FOR_CONCURRENT_GC blocked 4ms
02-03 12:44:04.121 D/dalvikvm(15954): GC_FOR_ALLOC freed 3548K, 42% free 9728K/16616K, paused 4ms, total 4ms
02-03 12:44:04.131 D/dalvikvm(15954): GC_CONCURRENT freed 4077K, 42% free 9746K/16616K, paused 0ms+2ms, total 6ms
02-03 12:44:04.131 D/dalvikvm(15954): WAIT_FOR_CONCURRENT_GC blocked 4ms
02-03 12:44:04.141 D/dalvikvm(15954): GC_FOR_ALLOC freed 4215K, 44% free 9395K/16616K, paused 4ms, total 4ms
02-03 12:44:04.151 D/dalvikvm(15954): GC_FOR_ALLOC freed 4902K, 51% free 8254K/16616K, paused 4ms, total 4ms
02-03 12:44:04.181 D/dalvikvm(15954): GC_CONCURRENT freed 3331K, 47% free 8970K/16616K, paused 1ms+1ms, total 5ms
02-03 12:44:04.231 D/dalvikvm(15954): GC_FOR_ALLOC freed 4179K, 47% free 8879K/16616K, paused 6ms, total 6ms
02-03 12:44:04.241 D/dalvikvm(15954): GC_CONCURRENT freed 2597K, 46% free 9103K/16616K, paused 0ms+1ms, total 5ms
02-03 12:44:04.251 D/dalvikvm(15954): GC_CONCURRENT freed 4230K, 47% free 8942K/16616K, paused 0ms+1ms, total 5ms
02-03 12:44:04.251 D/dalvikvm(15954): WAIT_FOR_CONCURRENT_GC blocked 5ms
02-03 12:44:04.261 D/dalvikvm(15954): GC_CONCURRENT freed 4021K, 46% free 8973K/16616K, paused 1ms+1ms, total 5ms
02-03 12:44:04.261 D/dalvikvm(15954): WAIT_FOR_CONCURRENT_GC blocked 5ms
02-03 12:44:04.271 D/dalvikvm(15954): GC_FOR_ALLOC freed 4061K, 46% free 8986K/16616K, paused 4ms, total 4ms
02-03 12:44:04.271 D/dalvikvm(15954): GC_CONCURRENT freed 2534K, 45% free 9161K/16616K, paused 1ms+1ms, total 5ms
02-03 12:44:04.281 D/dalvikvm(15954): GC_FOR_ALLOC freed 4291K, 47% free 8937K/16616K, paused 4ms, total 4ms
02-03 12:44:04.291 D/dalvikvm(15954): GC_CONCURRENT freed 2707K, 45% free 9205K/16616K, paused 1ms+1ms, total 6ms
02-03 12:44:04.291 D/dalvikvm(15954): GC_CONCURRENT freed 4252K, 46% free 8983K/16616K, paused 1ms+0ms, total 5ms
02-03 12:44:04.291 D/dalvikvm(15954): WAIT_FOR_CONCURRENT_GC blocked 4ms
02-03 12:44:04.301 D/dalvikvm(15954): GC_CONCURRENT freed 4014K, 46% free 9020K/16616K, paused 0ms+1ms, total 5ms
02-03 12:44:04.301 D/dalvikvm(15954): WAIT_FOR_CONCURRENT_GC blocked 4ms
02-03 12:44:04.311 D/dalvikvm(15954): GC_FOR_ALLOC freed 4130K, 46% free 8979K/16616K, paused 4ms, total 4ms
02-03 12:44:04.321 D/dalvikvm(15954): GC_CONCURRENT freed 3065K, 45% free 9187K/16616K, paused 1ms+1ms, total 6ms
02-03 12:44:04.321 D/dalvikvm(15954): GC_FOR_ALLOC freed 4235K, 46% free 8982K/16616K, paused 4ms, total 4ms
02-03 12:44:04.331 D/dalvikvm(15954): GC_CONCURRENT freed 3130K, 45% free 9258K/16616K, paused 1ms+1ms, total 6ms
02-03 12:44:04.341 D/dalvikvm(15954): GC_CONCURRENT freed 4233K, 46% free 9037K/16616K, paused 1ms+0ms, total 6ms
02-03 12:44:04.341 D/dalvikvm(15954): WAIT_FOR_CONCURRENT_GC blocked 4ms
02-03 12:44:04.341 D/dalvikvm(15954): GC_FOR_ALLOC freed 4005K, 46% free 9089K/16616K, paused 4ms, total 4ms
02-03 12:44:04.351 D/dalvikvm(15954): GC_CONCURRENT freed 3013K, 44% free 9395K/16616K, paused 1ms+1ms, total 6ms
02-03 12:44:04.361 D/dalvikvm(15954): GC_CONCURRENT freed 4399K, 46% free 9048K/16616K, paused 1ms+1ms, total 5ms
02-03 12:44:04.361 D/dalvikvm(15954): WAIT_FOR_CONCURRENT_GC blocked 4ms
02-03 12:44:04.371 D/dalvikvm(15954): GC_CONCURRENT freed 4008K, 46% free 9104K/16616K, paused 0ms+1ms, total 5ms
02-03 12:44:04.371 D/dalvikvm(15954): WAIT_FOR_CONCURRENT_GC blocked 4ms
02-03 12:44:04.381 D/dalvikvm(15954): GC_CONCURRENT freed 4066K, 46% free 9089K/16616K, paused 1ms+0ms, total 5ms
02-03 12:44:04.381 D/dalvikvm(15954): WAIT_FOR_CONCURRENT_GC blocked 4ms
02-03 12:44:04.381 D/dalvikvm(15954): GC_CONCURRENT freed 4009K, 46% free 9091K/16616K, paused 1ms+1ms, total 5ms
02-03 12:44:04.381 D/dalvikvm(15954): WAIT_FOR_CONCURRENT_GC blocked 4ms
02-03 12:44:04.391 D/dalvikvm(15954): GC_CONCURRENT freed 3935K, 45% free 9151K/16616K, paused 1ms+1ms, total 5ms
02-03 12:44:04.391 D/dalvikvm(15954): WAIT_FOR_CONCURRENT_GC blocked 4ms
02-03 12:44:04.401 D/dalvikvm(15954): GC_FOR_ALLOC freed 4092K, 46% free 8973K/16616K, paused 4ms, total 4ms
02-03 12:44:04.411 D/dalvikvm(15954): GC_CONCURRENT freed 4003K, 46% free 9033K/16616K, paused 1ms+1ms, total 6ms
02-03 12:44:04.411 D/dalvikvm(15954): WAIT_FOR_CONCURRENT_GC blocked 4ms
02-03 12:44:04.421 D/dalvikvm(15954): GC_CONCURRENT freed 3967K, 45% free 9160K/16616K, paused 1ms+1ms, total 5ms
02-03 12:44:04.421 D/dalvikvm(15954): WAIT_FOR_CONCURRENT_GC blocked 4ms
02-03 12:44:04.421 D/dalvikvm(15954): GC_CONCURRENT freed 4051K, 45% free 9163K/16616K, paused 0ms+1ms, total 4ms
02-03 12:44:04.421 D/dalvikvm(15954): WAIT_FOR_CONCURRENT_GC blocked 4ms
02-03 12:44:04.431 D/dalvikvm(15954): GC_CONCURRENT freed 4004K, 45% free 9165K/16616K, paused 0ms+1ms, total 6ms
02-03 12:44:04.431 D/dalvikvm(15954): WAIT_FOR_CONCURRENT_GC blocked 5ms
02-03 12:44:04.441 D/dalvikvm(15954): GC_CONCURRENT freed 4079K, 46% free 9105K/16616K, paused 1ms+1ms, total 5ms
02-03 12:44:04.441 D/dalvikvm(15954): WAIT_FOR_CONCURRENT_GC blocked 4ms
02-03 12:44:04.451 D/dalvikvm(15954): GC_CONCURRENT freed 4092K, 46% free 9037K/16616K, paused 1ms+1ms, total 6ms
02-03 12:44:04.451 D/dalvikvm(15954): WAIT_FOR_CONCURRENT_GC blocked 4ms
02-03 12:44:04.461 D/dalvikvm(15954): GC_FOR_ALLOC freed 3891K, 45% free 9208K/16616K, paused 4ms, total 4ms
02-03 12:44:04.461 D/dalvikvm(15954): GC_CONCURRENT freed 3469K, 42% free 9698K/16616K, paused 1ms+1ms, total 6ms
02-03 12:44:04.461 D/dalvikvm(15954): WAIT_FOR_CONCURRENT_GC blocked 2ms
02-03 12:44:04.471 D/dalvikvm(15954): GC_FOR_ALLOC freed 4513K, 45% free 9212K/16616K, paused 5ms, total 5ms
02-03 12:44:04.481 D/dalvikvm(15954): GC_CONCURRENT freed 3287K, 42% free 9649K/16616K, paused 0ms+1ms, total 5ms
02-03 12:44:04.481 D/dalvikvm(15954): GC_FOR_ALLOC freed 4436K, 45% free 9219K/16616K, paused 4ms, total 4ms
02-03 12:44:04.491 D/dalvikvm(15954): GC_CONCURRENT freed 3387K, 42% free 9670K/16616K, paused 0ms+1ms, total 5ms
02-03 12:44:04.501 D/dalvikvm(15954): GC_CONCURRENT freed 4570K, 46% free 9073K/16616K, paused 1ms+1ms, total 5ms
02-03 12:44:04.501 D/dalvikvm(15954): WAIT_FOR_CONCURRENT_GC blocked 4ms
02-03 12:44:04.511 D/dalvikvm(15954): GC_FOR_ALLOC freed 3796K, 45% free 9228K/16616K, paused 4ms, total 5ms
02-03 12:44:04.511 D/dalvikvm(15954): GC_CONCURRENT freed 4081K, 45% free 9155K/16616K, paused 1ms+1ms, total 5ms
02-03 12:44:04.511 D/dalvikvm(15954): WAIT_FOR_CONCURRENT_GC blocked 4ms
02-03 12:44:04.521 D/dalvikvm(15954): GC_FOR_ALLOC freed 4062K, 46% free 8996K/16616K, paused 4ms, total 4ms
02-03 12:44:04.531 D/dalvikvm(15954): GC_FOR_ALLOC freed 3960K, 46% free 8994K/16616K, paused 4ms, total 4ms
02-03 12:44:04.541 D/dalvikvm(15954): GC_CONCURRENT freed 3849K, 45% free 9188K/16616K, paused 1ms+1ms, total 6ms
02-03 12:44:04.541 D/dalvikvm(15954): WAIT_FOR_CONCURRENT_GC blocked 5ms
02-03 12:44:04.541 D/dalvikvm(15954): GC_CONCURRENT freed 4064K, 45% free 9189K/16616K, paused 0ms+1ms, total 5ms
02-03 12:44:04.541 D/dalvikvm(15954): WAIT_FOR_CONCURRENT_GC blocked 4ms
02-03 12:44:04.551 D/dalvikvm(15954): GC_FOR_ALLOC freed 3861K, 45% free 9276K/16616K, paused 4ms, total 4ms
02-03 12:44:04.561 D/dalvikvm(15954): GC_CONCURRENT freed 4167K, 46% free 9107K/16616K, paused 1ms+1ms, total 6ms
02-03 12:44:04.561 D/dalvikvm(15954): WAIT_FOR_CONCURRENT_GC blocked 4ms
02-03 12:44:04.571 D/dalvikvm(15954): GC_FOR_ALLOC freed 4046K, 46% free 9020K/16616K, paused 4ms, total 4ms
02-03 12:44:04.571 D/dalvikvm(15954): GC_CONCURRENT freed 3826K, 45% free 9283K/16616K, paused 1ms+1ms, total 6ms
02-03 12:44:04.571 D/dalvikvm(15954): WAIT_FOR_CONCURRENT_GC blocked 4ms
02-03 12:44:04.581 D/dalvikvm(15954): GC_FOR_ALLOC freed 4137K, 46% free 9020K/16616K, paused 4ms, total 4ms
02-03 12:44:04.591 D/dalvikvm(15954): GC_FOR_ALLOC freed 3912K, 46% free 9111K/16616K, paused 4ms, total 4ms
02-03 12:44:04.591 D/dalvikvm(15954): GC_CONCURRENT freed 3149K, 41% free 9917K/16616K, paused 1ms+2ms, total 6ms
02-03 12:44:04.591 D/dalvikvm(15954): WAIT_FOR_CONCURRENT_GC blocked 2ms
02-03 12:44:04.601 D/dalvikvm(15954): GC_CONCURRENT freed 4713K, 45% free 9204K/16616K, paused 1ms+1ms, total 5ms
02-03 12:44:04.601 D/dalvikvm(15954): WAIT_FOR_CONCURRENT_GC blocked 4ms
02-03 12:44:04.611 D/dalvikvm(15954): GC_FOR_ALLOC freed 4034K, 46% free 9024K/16616K, paused 4ms, total 4ms
02-03 12:44:04.621 D/dalvikvm(15954): GC_FOR_ALLOC freed 3890K, 46% free 9025K/16616K, paused 4ms, total 4ms
02-03 12:44:04.621 D/dalvikvm(15954): GC_FOR_ALLOC freed 3928K, 46% free 9027K/16616K, paused 4ms, total 4ms
02-03 12:44:04.631 D/dalvikvm(15954): GC_FOR_ALLOC freed 3965K, 46% free 9029K/16616K, paused 4ms, total 4ms
02-03 12:44:04.641 D/dalvikvm(15954): GC_CONCURRENT freed 3812K, 45% free 9222K/16616K, paused 1ms+1ms, total 6ms
02-03 12:44:04.641 D/dalvikvm(15954): WAIT_FOR_CONCURRENT_GC blocked 5ms
02-03 12:44:04.651 D/dalvikvm(15954): GC_CONCURRENT freed 4039K, 45% free 9225K/16616K, paused 0ms+1ms, total 5ms
02-03 12:44:04.651 D/dalvikvm(15954): WAIT_FOR_CONCURRENT_GC blocked 4ms
02-03 12:44:04.651 D/dalvikvm(15954): GC_CONCURRENT freed 4081K, 45% free 9225K/16616K, paused 1ms+1ms, total 5ms
02-03 12:44:04.651 D/dalvikvm(15954): WAIT_FOR_CONCURRENT_GC blocked 4ms
02-03 12:44:04.661 D/dalvikvm(15954): GC_FOR_ALLOC freed 3818K, 44% free 9326K/16616K, paused 4ms, total 4ms
02-03 12:44:04.671 D/dalvikvm(15954): GC_FOR_ALLOC freed 4149K, 46% free 9132K/16616K, paused 4ms, total 4ms
02-03 12:44:04.671 D/dalvikvm(15954): GC_FOR_ALLOC freed 3987K, 46% free 9035K/16616K, paused 4ms, total 4ms
02-03 12:44:04.681 D/dalvikvm(15954): GC_FOR_ALLOC freed 3718K, 44% free 9338K/16616K, paused 4ms, total 4ms
02-03 12:44:04.691 D/dalvikvm(15954): GC_CONCURRENT freed 3551K, 41% free 9844K/16616K, paused 1ms+1ms, total 6ms
02-03 12:44:04.691 D/dalvikvm(15954): WAIT_FOR_CONCURRENT_GC blocked 1ms
02-03 12:44:04.691 D/dalvikvm(15954): GC_CONCURRENT freed 4590K, 45% free 9245K/16616K, paused 1ms+1ms, total 5ms
02-03 12:44:04.701 D/dalvikvm(15954): WAIT_FOR_CONCURRENT_GC blocked 4ms
02-03 12:44:04.701 D/dalvikvm(15954): GC_FOR_ALLOC freed 4019K, 45% free 9145K/16616K, paused 4ms, total 4ms
02-03 12:44:04.711 D/dalvikvm(15954): GC_CONCURRENT freed 3950K, 45% free 9252K/16616K, paused 1ms+1ms, total 5ms
02-03 12:44:04.711 D/dalvikvm(15954): WAIT_FOR_CONCURRENT_GC blocked 4ms
02-03 12:44:04.721 D/dalvikvm(15954): GC_CONCURRENT freed 4086K, 45% free 9151K/16616K, paused 1ms+1ms, total 6ms
02-03 12:44:04.721 D/dalvikvm(15954): WAIT_FOR_CONCURRENT_GC blocked 5ms
02-03 12:44:04.731 D/dalvikvm(15954): GC_FOR_ALLOC freed 3698K, 44% free 9364K/16616K, paused 4ms, total 4ms
02-03 12:44:04.731 D/dalvikvm(15954): GC_FOR_ALLOC freed 4258K, 46% free 9049K/16616K, paused 4ms, total 4ms
02-03 12:44:04.741 D/dalvikvm(15954): GC_CONCURRENT freed 3968K, 45% free 9158K/16616K, paused 1ms+1ms, total 5ms
02-03 12:44:04.741 D/dalvikvm(15954): WAIT_FOR_CONCURRENT_GC blocked 5ms
02-03 12:44:04.751 D/dalvikvm(15954): GC_CONCURRENT freed 3782K, 44% free 9376K/16616K, paused 1ms+1ms, total 6ms
02-03 12:44:04.751 D/dalvikvm(15954): WAIT_FOR_CONCURRENT_GC blocked 4ms
02-03 12:44:04.761 D/dalvikvm(15954): GC_CONCURRENT freed 4136K, 45% free 9272K/16616K, paused 0ms+0ms, total 5ms
02-03 12:44:04.761 D/dalvikvm(15954): WAIT_FOR_CONCURRENT_GC blocked 4ms
02-03 12:44:04.761 D/dalvikvm(15954): GC_FOR_ALLOC freed 4055K, 46% free 9055K/16616K, paused 4ms, total 4ms
02-03 12:44:04.771 D/dalvikvm(15954): GC_FOR_ALLOC freed 3863K, 46% free 9057K/16616K, paused 4ms, total 4ms
02-03 12:44:04.781 D/dalvikvm(15954): GC_FOR_ALLOC freed 3889K, 46% free 9058K/16616K, paused 4ms, total 4ms
02-03 12:44:04.781 D/dalvikvm(15954): GC_FOR_ALLOC freed 3916K, 46% free 9060K/16616K, paused 4ms, total 4ms
02-03 12:44:04.791 D/dalvikvm(15954): GC_FOR_ALLOC freed 3942K, 46% free 9061K/16616K, paused 4ms, total 4ms
02-03 12:44:04.801 D/dalvikvm(15954): GC_FOR_ALLOC freed 3968K, 46% free 9063K/16616K, paused 4ms, total 4ms
02-03 12:44:04.801 D/dalvikvm(15954): GC_CONCURRENT freed 3199K, 41% free 9859K/16616K, paused 0ms+1ms, total 5ms
02-03 12:44:04.801 D/dalvikvm(15954): WAIT_FOR_CONCURRENT_GC blocked 2ms
02-03 12:44:04.811 D/dalvikvm(15954): GC_CONCURRENT freed 4585K, 45% free 9295K/16616K, paused 1ms+1ms, total 5ms
02-03 12:44:04.811 D/dalvikvm(15954): WAIT_FOR_CONCURRENT_GC blocked 4ms
02-03 12:44:04.821 D/dalvikvm(15954): GC_CONCURRENT freed 4045K, 45% free 9299K/16616K, paused 1ms+1ms, total 6ms
02-03 12:44:04.821 D/dalvikvm(15954): WAIT_FOR_CONCURRENT_GC blocked 4ms
02-03 12:44:04.831 D/dalvikvm(15954): GC_CONCURRENT freed 4072K, 45% free 9302K/16616K, paused 0ms+1ms, total 5ms
02-03 12:44:04.831 D/dalvikvm(15954): WAIT_FOR_CONCURRENT_GC blocked 4ms
02-03 12:44:04.831 D/dalvikvm(15954): GC_FOR_ALLOC freed 3748K, 44% free 9422K/16616K, paused 4ms, total 4ms
02-03 12:44:04.841 D/dalvikvm(15954): GC_FOR_ALLOC freed 4129K, 45% free 9190K/16616K, paused 4ms, total 4ms
02-03 12:44:04.851 D/dalvikvm(15954): GC_FOR_ALLOC freed 3920K, 46% free 9074K/16616K, paused 4ms, total 4ms
02-03 12:44:04.851 D/dalvikvm(15954): GC_FOR_ALLOC freed 3586K, 44% free 9433K/16616K, paused 4ms, total 4ms
02-03 12:44:04.861 D/dalvikvm(15954): GC_FOR_ALLOC freed 4211K, 45% free 9197K/16616K, paused 4ms, total 4ms
02-03 12:44:04.871 D/dalvikvm(15954): GC_CONCURRENT freed 3153K, 41% free 9923K/16616K, paused 0ms+0ms, total 5ms
02-03 12:44:04.871 D/dalvikvm(15954): WAIT_FOR_CONCURRENT_GC blocked 1ms
02-03 12:44:04.871 D/dalvikvm(15954): GC_CONCURRENT freed 4500K, 44% free 9445K/16616K, paused 1ms+1ms, total 5ms
02-03 12:44:04.871 D/dalvikvm(15954): WAIT_FOR_CONCURRENT_GC blocked 4ms
02-03 12:44:04.881 D/dalvikvm(15954): GC_CONCURRENT freed 4293K, 45% free 9204K/16616K, paused 1ms+1ms, total 6ms
02-03 12:44:04.881 D/dalvikvm(15954): WAIT_FOR_CONCURRENT_GC blocked 5ms
02-03 12:44:04.891 D/dalvikvm(15954): GC_FOR_ALLOC freed 4076K, 46% free 9083K/16616K, paused 4ms, total 4ms
02-03 12:44:04.901 D/dalvikvm(15954): GC_FOR_ALLOC freed 3727K, 45% free 9208K/16616K, paused 4ms, total 4ms
02-03 12:44:04.901 D/dalvikvm(15954): GC_CONCURRENT freed 3875K, 44% free 9336K/16616K, paused 0ms+1ms, total 5ms
02-03 12:44:04.901 D/dalvikvm(15954): WAIT_FOR_CONCURRENT_GC blocked 4ms
02-03 12:44:04.911 D/dalvikvm(15954): GC_FOR_ALLOC freed 4022K, 45% free 9213K/16616K, paused 4ms, total 4ms
02-03 12:44:04.921 D/dalvikvm(15954): GC_CONCURRENT freed 3922K, 44% free 9342K/16616K, paused 1ms+1ms, total 5ms
02-03 12:44:04.921 D/dalvikvm(15954): WAIT_FOR_CONCURRENT_GC blocked 4ms
02-03 12:44:04.931 D/dalvikvm(15954): GC_FOR_ALLOC freed 4071K, 45% free 9217K/16616K, paused 4ms, total 4ms
02-03 12:44:04.931 D/dalvikvm(15954): GC_FOR_ALLOC freed 3582K, 43% free 9475K/16616K, paused 4ms, total 4ms
02-03 12:44:04.941 D/dalvikvm(15954): GC_FOR_ALLOC freed 4246K, 46% free 9093K/16616K, paused 4ms, total 4ms
02-03 12:44:04.951 D/dalvikvm(15954): GC_FOR_ALLOC freed 3882K, 45% free 9224K/16616K, paused 4ms, total 4ms
02-03 12:44:04.951 D/dalvikvm(15954): GC_CONCURRENT freed 2736K, 38% free 10393K/16616K, paused 1ms+1ms, total 6ms
02-03 12:44:04.951 D/dalvikvm(15954): WAIT_FOR_CONCURRENT_GC blocked 2ms
02-03 12:44:04.961 D/dalvikvm(15954): GC_FOR_ALLOC freed 4568K, 43% free 9489K/16616K, paused 4ms, total 4ms
02-03 12:44:04.961 D/dalvikvm(15954): GC_FOR_ALLOC freed 4340K, 46% free 9099K/16616K, paused 4ms, total 4ms
02-03 12:44:04.971 D/dalvikvm(15954): GC_FOR_ALLOC freed 3702K, 46% free 9100K/16616K, paused 4ms, total 4ms
02-03 12:44:04.981 D/dalvikvm(15954): GC_FOR_ALLOC freed 3721K, 46% free 9102K/16616K, paused 4ms, total 4ms
02-03 12:44:04.981 D/dalvikvm(15954): GC_FOR_ALLOC freed 3740K, 46% free 9103K/16616K, paused 3ms, total 4ms
02-03 12:44:04.991 D/dalvikvm(15954): GC_FOR_ALLOC freed 3758K, 46% free 9104K/16616K, paused 4ms, total 5ms
02-03 12:44:05.001 D/dalvikvm(15954): GC_FOR_ALLOC freed 3778K, 46% free 9106K/16616K, paused 4ms, total 5ms
02-03 12:44:05.001 D/dalvikvm(15954): GC_FOR_ALLOC freed 3797K, 46% free 9107K/16616K, paused 4ms, total 4ms
02-03 12:44:05.011 D/dalvikvm(15954): GC_FOR_ALLOC freed 3816K, 46% free 9108K/16616K, paused 4ms, total 4ms
02-03 12:44:05.021 D/dalvikvm(15954): GC_FOR_ALLOC freed 3835K, 46% free 9110K/16616K, paused 4ms, total 4ms
02-03 12:44:05.021 D/dalvikvm(15954): GC_FOR_ALLOC freed 3853K, 46% free 9111K/16616K, paused 4ms, total 4ms
02-03 12:44:05.031 D/dalvikvm(15954): GC_FOR_ALLOC freed 3872K, 46% free 9113K/16616K, paused 4ms, total 4ms
02-03 12:44:05.041 D/dalvikvm(15954): GC_FOR_ALLOC freed 3891K, 46% free 9114K/16616K, paused 4ms, total 4ms
02-03 12:44:05.041 D/dalvikvm(15954): GC_FOR_ALLOC freed 3910K, 46% free 9115K/16616K, paused 4ms, total 4ms
02-03 12:44:05.051 D/dalvikvm(15954): GC_FOR_ALLOC freed 3929K, 46% free 9117K/16616K, paused 4ms, total 4ms
02-03 12:44:05.061 D/dalvikvm(15954): GC_FOR_ALLOC freed 3947K, 46% free 9118K/16616K, paused 4ms, total 4ms
02-03 12:44:05.061 D/dalvikvm(15954): GC_FOR_ALLOC freed 3966K, 46% free 9119K/16616K, paused 4ms, total 4ms
02-03 12:44:05.071 D/dalvikvm(15954): GC_CONCURRENT freed 3274K, 41% free 9831K/16616K, paused 1ms+1ms, total 6ms
02-03 12:44:05.081 D/dalvikvm(15954): GC_CONCURRENT freed 4429K, 44% free 9408K/16616K, paused 0ms+0ms, total 5ms
02-03 12:44:05.081 D/dalvikvm(15954): WAIT_FOR_CONCURRENT_GC blocked 4ms
02-03 12:44:05.091 D/dalvikvm(15954): GC_CONCURRENT freed 4021K, 44% free 9411K/16616K, paused 1ms+1ms, total 5ms
02-03 12:44:05.091 D/dalvikvm(15954): WAIT_FOR_CONCURRENT_GC blocked 4ms
02-03 12:44:05.091 D/dalvikvm(15954): GC_CONCURRENT freed 4040K, 44% free 9413K/16616K, paused 1ms+1ms, total 5ms
02-03 12:44:05.091 D/dalvikvm(15954): WAIT_FOR_CONCURRENT_GC blocked 4ms
02-03 12:44:05.101 D/dalvikvm(15954): GC_CONCURRENT freed 4059K, 44% free 9416K/16616K, paused 1ms+1ms, total 5ms
02-03 12:44:05.101 D/dalvikvm(15954): WAIT_FOR_CONCURRENT_GC blocked 4ms
02-03 12:44:05.111 D/dalvikvm(15954): GC_CONCURRENT freed 4078K, 44% free 9419K/16616K, paused 1ms+1ms, total 6ms
02-03 12:44:05.111 D/dalvikvm(15954): WAIT_FOR_CONCURRENT_GC blocked 4ms
02-03 12:44:05.121 D/dalvikvm(15954): GC_FOR_ALLOC freed 3656K, 43% free 9567K/16616K, paused 4ms, total 4ms
02-03 12:44:05.121 D/dalvikvm(15954): GC_FOR_ALLOC freed 4113K, 45% free 9276K/16616K, paused 4ms, total 4ms
02-03 12:44:05.131 D/dalvikvm(15954): GC_FOR_ALLOC freed 3837K, 46% free 9131K/16616K, paused 4ms, total 4ms
02-03 12:44:05.141 D/dalvikvm(15954): GC_FOR_ALLOC freed 3407K, 43% free 9576K/16616K, paused 4ms, total 4ms
02-03 12:44:05.141 D/dalvikvm(15954): GC_FOR_ALLOC freed 4165K, 45% free 9282K/16616K, paused 3ms, total 4ms
02-03 12:44:05.151 D/dalvikvm(15954): GC_FOR_ALLOC freed 3885K, 46% free 9135K/16616K, paused 4ms, total 4ms
02-03 12:44:05.161 D/dalvikvm(15954): GC_FOR_ALLOC freed 3449K, 43% free 9585K/16616K, paused 4ms, total 5ms
02-03 12:44:05.161 D/dalvikvm(15954): GC_FOR_ALLOC freed 4217K, 45% free 9287K/16616K, paused 4ms, total 4ms
02-03 12:44:05.171 D/dalvikvm(15954): GC_FOR_ALLOC freed 3933K, 45% free 9138K/16616K, paused 4ms, total 4ms
02-03 12:44:05.181 D/dalvikvm(15954): GC_FOR_ALLOC freed 3492K, 43% free 9595K/16616K, paused 4ms, total 4ms
02-03 12:44:05.181 D/dalvikvm(15954): GC_FOR_ALLOC freed 4269K, 45% free 9293K/16616K, paused 4ms, total 4ms
02-03 12:44:05.191 D/dalvikvm(15954): GC_FOR_ALLOC freed 3981K, 45% free 9142K/16616K, paused 4ms, total 4ms
02-03 12:44:05.201 D/dalvikvm(15954): GC_FOR_ALLOC freed 3534K, 43% free 9604K/16616K, paused 4ms, total 4ms
02-03 12:44:05.201 D/dalvikvm(15954): GC_CONCURRENT freed 3244K, 38% free 10375K/16616K, paused 1ms+1ms, total 6ms
02-03 12:44:05.201 D/dalvikvm(15954): WAIT_FOR_CONCURRENT_GC blocked 2ms
02-03 12:44:05.211 D/dalvikvm(15954): GC_FOR_ALLOC freed 4329K, 43% free 9610K/16616K, paused 4ms, total 4ms
02-03 12:44:05.221 D/dalvikvm(15954): GC_CONCURRENT freed 4353K, 45% free 9302K/16616K, paused 1ms+1ms, total 6ms
02-03 12:44:05.221 D/dalvikvm(15954): WAIT_FOR_CONCURRENT_GC blocked 4ms
02-03 12:44:05.221 D/dalvikvm(15954): GC_FOR_ALLOC freed 4060K, 45% free 9148K/16616K, paused 4ms, total 4ms
02-03 12:44:05.231 D/dalvikvm(15954): GC_FOR_ALLOC freed 3604K, 43% free 9619K/16616K, paused 4ms, total 4ms
02-03 12:44:05.241 D/dalvikvm(15954): GC_CONCURRENT freed 3307K, 38% free 10405K/16616K, paused 2ms+1ms, total 8ms
02-03 12:44:05.241 D/dalvikvm(15954): WAIT_FOR_CONCURRENT_GC blocked 3ms
02-03 12:44:05.241 D/dalvikvm(15954): GC_FOR_ALLOC freed 4413K, 43% free 9625K/16616K, paused 4ms, total 4ms
02-03 12:44:05.251 D/dalvikvm(15954): GC_FOR_ALLOC freed 4121K, 45% free 9153K/16616K, paused 4ms, total 4ms
02-03 12:44:05.261 D/dalvikvm(15954): GC_FOR_ALLOC freed 3658K, 44% free 9312K/16616K, paused 4ms, total 4ms
02-03 12:44:05.261 D/dalvikvm(15954): GC_CONCURRENT freed 3832K, 43% free 9475K/16616K, paused 0ms+0ms, total 5ms
02-03 12:44:05.261 D/dalvikvm(15954): WAIT_FOR_CONCURRENT_GC blocked 4ms
02-03 12:44:05.271 D/dalvikvm(15954): GC_FOR_ALLOC freed 4006K, 44% free 9316K/16616K, paused 4ms, total 4ms
02-03 12:44:05.281 D/dalvikvm(15954): GC_CONCURRENT freed 3862K, 43% free 9479K/16616K, paused 1ms+1ms, total 6ms
02-03 12:44:05.281 D/dalvikvm(15954): WAIT_FOR_CONCURRENT_GC blocked 4ms
02-03 12:44:05.291 D/dalvikvm(15954): GC_FOR_ALLOC freed 4036K, 44% free 9320K/16616K, paused 4ms, total 4ms
02-03 12:44:05.291 D/dalvikvm(15954): GC_CONCURRENT freed 3891K, 43% free 9484K/16616K, paused 1ms+1ms, total 5ms
02-03 12:44:05.291 D/dalvikvm(15954): WAIT_FOR_CONCURRENT_GC blocked 4ms
02-03 12:44:05.301 D/dalvikvm(15954): GC_FOR_ALLOC freed 4066K, 44% free 9323K/16616K, paused 4ms, total 4ms
02-03 12:44:05.311 D/dalvikvm(15954): GC_CONCURRENT freed 3921K, 43% free 9489K/16616K, paused 0ms+1ms, total 5ms
02-03 12:44:05.311 D/dalvikvm(15954): WAIT_FOR_CONCURRENT_GC blocked 4ms
02-03 12:44:05.321 D/dalvikvm(15954): GC_FOR_ALLOC freed 4098K, 44% free 9327K/16616K, paused 4ms, total 4ms
02-03 12:44:05.321 D/dalvikvm(15954): GC_FOR_ALLOC freed 3456K, 42% free 9658K/16616K, paused 4ms, total 4ms
02-03 12:44:05.331 D/dalvikvm(15954): GC_FOR_ALLOC freed 4295K, 45% free 9166K/16616K, paused 4ms, total 4ms
02-03 12:44:05.341 D/dalvikvm(15954): GC_CONCURRENT freed 3811K, 44% free 9333K/16616K, paused 1ms+1ms, total 6ms
02-03 12:44:05.341 D/dalvikvm(15954): WAIT_FOR_CONCURRENT_GC blocked 5ms
02-03 12:44:05.341 D/dalvikvm(15954): GC_FOR_ALLOC freed 3491K, 42% free 9666K/16616K, paused 4ms, total 4ms
02-03 12:44:05.351 D/dalvikvm(15954): GC_FOR_ALLOC freed 4335K, 45% free 9169K/16616K, paused 4ms, total 4ms
02-03 12:44:05.361 D/dalvikvm(15954): GC_CONCURRENT freed 3846K, 44% free 9337K/16616K, paused 0ms+0ms, total 5ms
02-03 12:44:05.361 D/dalvikvm(15954): WAIT_FOR_CONCURRENT_GC blocked 4ms
02-03 12:44:05.371 D/dalvikvm(15954): GC_FOR_ALLOC freed 3522K, 42% free 9674K/16616K, paused 4ms, total 4ms
02-03 12:44:05.371 D/dalvikvm(15954): GC_FOR_ALLOC freed 4374K, 45% free 9172K/16616K, paused 4ms, total 4ms
02-03 12:44:05.381 D/dalvikvm(15954): GC_CONCURRENT freed 3880K, 44% free 9342K/16616K, paused 1ms+1ms, total 5ms
02-03 12:44:05.381 D/dalvikvm(15954): WAIT_FOR_CONCURRENT_GC blocked 5ms
02-03 12:44:05.391 D/dalvikvm(15954): GC_FOR_ALLOC freed 3941K, 44% free 9344K/16616K, paused 4ms, total 4ms
02-03 12:44:05.401 D/dalvikvm(15954): GC_FOR_ALLOC freed 3928K, 45% free 9195K/16616K, paused 4ms, total 4ms
02-03 12:44:05.401 D/dalvikvm(15954): GC_FOR_ALLOC freed 3760K, 45% free 9196K/16616K, paused 4ms, total 4ms
02-03 12:44:05.411 D/dalvikvm(15954): GC_FOR_ALLOC freed 2713K, 38% free 10323K/16616K, paused 3ms, total 4ms
02-03 12:44:05.501 D/dalvikvm(15954): GC_CONCURRENT freed 5015K, 44% free 9386K/16616K, paused 1ms+1ms, total 7ms
02-03 12:44:06.011 W/BindingManager(18937): Cannot call determinedVisibility() - never saw a connection for the pid: 18937
02-03 12:44:06.551 D/BatteryStatsImpl(14542): noteStopWakeLocked system isFromForeground = false
02-03 12:44:06.621 W/BindingManager(18937): Cannot call determinedVisibility() - never saw a connection for the pid: 18937
02-03 12:44:06.641 I/chromium(18937): [INFO:CONSOLE(49)] "Uncaught ReferenceError: SharedWorker is not defined", source: app://org.xwalk.webapi_noneservice_tests//opt/tct-workers-w3c-tests/workers/SharedWorkerLocation_host.html (49)
02-03 12:44:08.621 D/dalvikvm(15954): GC_CONCURRENT freed 5114K, 50% free 8367K/16616K, paused 1ms+1ms, total 6ms
02-03 12:44:08.621 D/dalvikvm(15954): WAIT_FOR_CONCURRENT_GC blocked 5ms
02-03 12:44:08.631 D/dalvikvm(15954): GC_CONCURRENT freed 4022K, 50% free 8422K/16616K, paused 1ms+1ms, total 4ms
02-03 12:44:08.631 D/dalvikvm(15954): WAIT_FOR_CONCURRENT_GC blocked 3ms
02-03 12:44:08.641 D/dalvikvm(15954): GC_CONCURRENT freed 4089K, 50% free 8406K/16616K, paused 1ms+1ms, total 5ms
02-03 12:44:08.641 D/dalvikvm(15954): WAIT_FOR_CONCURRENT_GC blocked 4ms
02-03 12:44:08.651 D/dalvikvm(15954): GC_FOR_ALLOC freed 4120K, 50% free 8375K/16616K, paused 3ms, total 3ms
02-03 12:44:08.661 D/dalvikvm(15954): GC_CONCURRENT freed 2273K, 49% free 8567K/16616K, paused 0ms+1ms, total 4ms
02-03 12:44:08.661 D/dalvikvm(15954): GC_FOR_ALLOC freed 4185K, 49% free 8474K/16616K, paused 3ms, total 3ms
02-03 12:44:08.671 D/dalvikvm(15954): GC_CONCURRENT freed 2007K, 46% free 8992K/16616K, paused 1ms+1ms, total 5ms
02-03 12:44:08.671 D/dalvikvm(15954): GC_FOR_ALLOC freed 4665K, 50% free 8387K/16616K, paused 3ms, total 3ms
02-03 12:44:08.681 D/dalvikvm(15954): GC_CONCURRENT freed 2273K, 47% free 8899K/16616K, paused 1ms+1ms, total 5ms
02-03 12:44:08.691 D/dalvikvm(15954): GC_FOR_ALLOC freed 4512K, 50% free 8390K/16616K, paused 4ms, total 4ms
02-03 12:44:08.691 D/dalvikvm(15954): GC_CONCURRENT freed 2397K, 48% free 8790K/16616K, paused 1ms+1ms, total 4ms
02-03 12:44:08.701 D/dalvikvm(15954): GC_FOR_ALLOC freed 4286K, 49% free 8525K/16616K, paused 3ms, total 3ms
02-03 12:44:08.701 D/dalvikvm(15954): GC_CONCURRENT freed 2262K, 48% free 8787K/16616K, paused 1ms+1ms, total 4ms
02-03 12:44:08.711 D/dalvikvm(15954): GC_FOR_ALLOC freed 4261K, 49% free 8540K/16616K, paused 3ms, total 3ms
02-03 12:44:08.711 D/dalvikvm(15954): GC_CONCURRENT freed 2376K, 47% free 8870K/16616K, paused 1ms+1ms, total 4ms
02-03 12:44:08.721 D/dalvikvm(15954): GC_FOR_ALLOC freed 4510K, 50% free 8410K/16616K, paused 3ms, total 3ms
02-03 12:44:08.721 D/dalvikvm(15954): GC_CONCURRENT freed 2784K, 46% free 9111K/16616K, paused 1ms+1ms, total 5ms
02-03 12:44:08.731 D/dalvikvm(15954): GC_FOR_ALLOC freed 4655K, 50% free 8416K/16616K, paused 3ms, total 3ms
02-03 12:44:08.741 D/dalvikvm(15954): GC_FOR_ALLOC freed 4081K, 50% free 8420K/16616K, paused 3ms, total 3ms
02-03 12:44:08.741 D/dalvikvm(15954): GC_CONCURRENT freed 2012K, 46% free 9070K/16616K, paused 1ms+1ms, total 4ms
02-03 12:44:08.751 D/dalvikvm(15954): GC_FOR_ALLOC freed 4656K, 49% free 8480K/16616K, paused 3ms, total 3ms
02-03 12:44:08.751 D/dalvikvm(15954): GC_CONCURRENT freed 2508K, 46% free 8993K/16616K, paused 1ms+1ms, total 4ms
02-03 12:44:08.761 D/dalvikvm(15954): GC_FOR_ALLOC freed 4650K, 50% free 8430K/16616K, paused 3ms, total 3ms
02-03 12:44:08.771 D/dalvikvm(15954): GC_CONCURRENT freed 2806K, 47% free 8964K/16616K, paused 1ms+2ms, total 5ms
02-03 12:44:08.771 D/dalvikvm(15954): GC_FOR_ALLOC freed 4495K, 49% free 8496K/16616K, paused 3ms, total 3ms
02-03 12:44:08.781 D/dalvikvm(15954): GC_CONCURRENT freed 2177K, 43% free 9493K/16616K, paused 1ms+1ms, total 4ms
02-03 12:44:08.781 D/dalvikvm(15954): GC_FOR_ALLOC freed 4859K, 49% free 8631K/16616K, paused 3ms, total 3ms
02-03 12:44:08.791 D/dalvikvm(15954): GC_CONCURRENT freed 2388K, 46% free 9085K/16616K, paused 1ms+1ms, total 4ms
02-03 12:44:08.791 D/dalvikvm(15954): GC_FOR_ALLOC freed 4451K, 48% free 8642K/16616K, paused 2ms, total 2ms
02-03 12:44:08.801 D/dalvikvm(15954): GC_CONCURRENT freed 2471K, 46% free 9111K/16616K, paused 1ms+1ms, total 4ms
02-03 12:44:08.811 D/dalvikvm(15954): GC_FOR_ALLOC freed 4604K, 49% free 8517K/16616K, paused 3ms, total 3ms
02-03 12:44:08.811 D/dalvikvm(15954): GC_CONCURRENT freed 2277K, 45% free 9277K/16616K, paused 1ms+1ms, total 4ms
02-03 12:44:08.821 D/dalvikvm(15954): GC_FOR_ALLOC freed 4892K, 50% free 8453K/16616K, paused 3ms, total 3ms
02-03 12:44:08.821 D/dalvikvm(15954): GC_CONCURRENT freed 2136K, 45% free 9304K/16616K, paused 1ms+1ms, total 4ms
02-03 12:44:08.831 D/dalvikvm(15954): GC_FOR_ALLOC freed 4895K, 50% free 8457K/16616K, paused 3ms, total 3ms
02-03 12:44:08.831 D/dalvikvm(15954): GC_CONCURRENT freed 1686K, 44% free 9332K/16616K, paused 1ms+1ms, total 4ms
02-03 12:44:08.841 D/dalvikvm(15954): GC_FOR_ALLOC freed 4652K, 48% free 8684K/16616K, paused 3ms, total 3ms
02-03 12:44:08.841 D/dalvikvm(15954): GC_CONCURRENT freed 2632K, 45% free 9210K/16616K, paused 1ms+2ms, total 5ms
02-03 12:44:08.851 D/dalvikvm(15954): GC_FOR_ALLOC freed 4631K, 50% free 8465K/16616K, paused 3ms, total 3ms
02-03 12:44:08.851 D/dalvikvm(15954): GC_FOR_ALLOC freed 3938K, 49% free 8544K/16616K, paused 3ms, total 3ms
02-03 12:44:08.861 D/dalvikvm(15954): GC_CONCURRENT freed 2347K, 46% free 9091K/16616K, paused 1ms+1ms, total 5ms
02-03 12:44:08.871 D/dalvikvm(15954): GC_CONCURRENT freed 4500K, 49% free 8630K/16616K, paused 0ms+1ms, total 3ms
02-03 12:44:08.871 D/dalvikvm(15954): WAIT_FOR_CONCURRENT_GC blocked 3ms
02-03 12:44:08.871 D/dalvikvm(15954): GC_FOR_ALLOC freed 4091K, 50% free 8474K/16616K, paused 3ms, total 3ms
02-03 12:44:08.881 D/dalvikvm(15954): GC_FOR_ALLOC freed 3986K, 49% free 8476K/16616K, paused 2ms, total 2ms
02-03 12:44:08.881 D/dalvikvm(15954): GC_CONCURRENT freed 3047K, 47% free 8887K/16616K, paused 1ms+1ms, total 4ms
02-03 12:44:08.891 D/dalvikvm(15954): GC_FOR_ALLOC freed 4499K, 49% free 8480K/16616K, paused 3ms, total 3ms
02-03 12:44:08.891 D/dalvikvm(15954): GC_CONCURRENT freed 2529K, 47% free 8901K/16616K, paused 1ms+1ms, total 5ms
02-03 12:44:08.901 D/dalvikvm(15954): GC_FOR_ALLOC freed 4169K, 48% free 8739K/16616K, paused 2ms, total 2ms
02-03 12:44:08.901 D/dalvikvm(15954): GC_CONCURRENT freed 2412K, 44% free 9341K/16616K, paused 0ms+1ms, total 4ms
02-03 12:44:08.911 D/dalvikvm(15954): GC_FOR_ALLOC freed 4857K, 49% free 8573K/16616K, paused 3ms, total 3ms
02-03 12:44:08.911 D/dalvikvm(15954): GC_CONCURRENT freed 2284K, 46% free 9099K/16616K, paused 1ms+1ms, total 4ms
02-03 12:44:08.921 D/dalvikvm(15954): GC_FOR_ALLOC freed 4512K, 49% free 8578K/16616K, paused 3ms, total 3ms
02-03 12:44:08.921 D/dalvikvm(15954): GC_CONCURRENT freed 2327K, 46% free 9116K/16616K, paused 1ms+1ms, total 4ms
02-03 12:44:08.931 D/dalvikvm(15954): GC_FOR_ALLOC freed 4596K, 49% free 8583K/16616K, paused 3ms, total 3ms
02-03 12:44:08.931 D/dalvikvm(15954): GC_CONCURRENT freed 2370K, 46% free 9130K/16616K, paused 1ms+1ms, total 5ms
02-03 12:44:08.941 D/dalvikvm(15954): GC_FOR_ALLOC freed 4495K, 49% free 8497K/16616K, paused 3ms, total 3ms
02-03 12:44:08.941 D/dalvikvm(15954): GC_FOR_ALLOC freed 3896K, 49% free 8498K/16616K, paused 2ms, total 2ms
02-03 12:44:08.951 D/dalvikvm(15954): GC_FOR_ALLOC freed 3934K, 49% free 8500K/16616K, paused 3ms, total 3ms
02-03 12:44:08.961 D/dalvikvm(15954): GC_CONCURRENT freed 3782K, 48% free 8692K/16616K, paused 0ms+1ms, total 3ms
02-03 12:44:08.961 D/dalvikvm(15954): WAIT_FOR_CONCURRENT_GC blocked 3ms
02-03 12:44:08.961 D/dalvikvm(15954): GC_CONCURRENT freed 4008K, 48% free 8695K/16616K, paused 0ms+1ms, total 3ms
02-03 12:44:08.961 D/dalvikvm(15954): WAIT_FOR_CONCURRENT_GC blocked 3ms
02-03 12:44:08.971 D/dalvikvm(15954): GC_CONCURRENT freed 4045K, 48% free 8699K/16616K, paused 1ms+1ms, total 4ms
02-03 12:44:08.971 D/dalvikvm(15954): WAIT_FOR_CONCURRENT_GC blocked 3ms
02-03 12:44:08.971 D/dalvikvm(15954): GC_CONCURRENT freed 4084K, 48% free 8702K/16616K, paused 0ms+1ms, total 3ms
02-03 12:44:08.971 D/dalvikvm(15954): WAIT_FOR_CONCURRENT_GC blocked 3ms
02-03 12:44:08.981 D/dalvikvm(15954): GC_FOR_ALLOC freed 3824K, 48% free 8803K/16616K, paused 3ms, total 3ms
02-03 12:44:08.991 D/dalvikvm(15954): GC_FOR_ALLOC freed 4155K, 49% free 8609K/16616K, paused 3ms, total 3ms
02-03 12:44:08.991 D/dalvikvm(15954): GC_FOR_ALLOC freed 3993K, 49% free 8512K/16616K, paused 3ms, total 3ms
02-03 12:44:09.001 D/dalvikvm(15954): GC_FOR_ALLOC freed 3723K, 47% free 8816K/16616K, paused 3ms, total 3ms
02-03 12:44:09.001 D/dalvikvm(15954): GC_CONCURRENT freed 2435K, 44% free 9425K/16616K, paused 1ms+0ms, total 5ms
02-03 12:44:09.011 D/dalvikvm(15954): GC_FOR_ALLOC freed 4690K, 47% free 8824K/16616K, paused 3ms, total 3ms
02-03 12:44:09.011 D/dalvikvm(15954): GC_CONCURRENT freed 2472K, 44% free 9441K/16616K, paused 1ms+1ms, total 4ms
02-03 12:44:09.021 D/dalvikvm(15954): GC_FOR_ALLOC freed 4762K, 49% free 8623K/16616K, paused 3ms, total 3ms
02-03 12:44:09.021 D/dalvikvm(15954): GC_CONCURRENT freed 3974K, 48% free 8732K/16616K, paused 0ms+1ms, total 3ms
02-03 12:44:09.021 D/dalvikvm(15954): WAIT_FOR_CONCURRENT_GC blocked 3ms
02-03 12:44:09.031 D/dalvikvm(15954): GC_FOR_ALLOC freed 4112K, 49% free 8629K/16616K, paused 3ms, total 3ms
02-03 12:44:09.031 D/dalvikvm(15954): GC_CONCURRENT freed 1916K, 40% free 10112K/16616K, paused 1ms+1ms, total 5ms
02-03 12:44:09.041 D/dalvikvm(15954): GC_FOR_ALLOC freed 4795K, 47% free 8847K/16616K, paused 3ms, total 3ms
02-03 12:44:09.051 D/dalvikvm(15954): GC_CONCURRENT freed 4090K, 48% free 8743K/16616K, paused 0ms+1ms, total 3ms
02-03 12:44:09.051 D/dalvikvm(15954): WAIT_FOR_CONCURRENT_GC blocked 3ms
02-03 12:44:09.051 D/dalvikvm(15954): GC_FOR_ALLOC freed 4011K, 49% free 8530K/16616K, paused 3ms, total 3ms
02-03 12:44:09.061 D/dalvikvm(15954): GC_FOR_ALLOC freed 3822K, 49% free 8531K/16616K, paused 3ms, total 3ms
02-03 12:44:09.061 D/dalvikvm(15954): GC_FOR_ALLOC freed 3848K, 49% free 8532K/16616K, paused 2ms, total 3ms
02-03 12:44:09.071 D/dalvikvm(15954): GC_FOR_ALLOC freed 3874K, 49% free 8534K/16616K, paused 3ms, total 3ms
02-03 12:44:09.071 D/dalvikvm(15954): GC_FOR_ALLOC freed 3900K, 49% free 8535K/16616K, paused 3ms, total 3ms
02-03 12:44:09.081 D/dalvikvm(15954): GC_FOR_ALLOC freed 3926K, 49% free 8537K/16616K, paused 3ms, total 3ms
02-03 12:44:09.081 D/dalvikvm(15954): GC_FOR_ALLOC freed 3952K, 49% free 8538K/16616K, paused 3ms, total 3ms
02-03 12:44:09.091 D/dalvikvm(15954): GC_CONCURRENT freed 3751K, 48% free 8767K/16616K, paused 0ms+1ms, total 3ms
02-03 12:44:09.091 D/dalvikvm(15954): WAIT_FOR_CONCURRENT_GC blocked 3ms
02-03 12:44:09.101 D/dalvikvm(15954): GC_CONCURRENT freed 4003K, 48% free 8771K/16616K, paused 0ms+1ms, total 3ms
02-03 12:44:09.101 D/dalvikvm(15954): WAIT_FOR_CONCURRENT_GC blocked 4ms
02-03 12:44:09.101 D/dalvikvm(15954): GC_CONCURRENT freed 4029K, 48% free 8774K/16616K, paused 1ms+1ms, total 4ms
02-03 12:44:09.101 D/dalvikvm(15954): WAIT_FOR_CONCURRENT_GC blocked 3ms
02-03 12:44:09.111 D/dalvikvm(15954): GC_CONCURRENT freed 4056K, 48% free 8777K/16616K, paused 1ms+1ms, total 4ms
02-03 12:44:09.111 D/dalvikvm(15954): WAIT_FOR_CONCURRENT_GC blocked 3ms
02-03 12:44:09.111 D/dalvikvm(15954): GC_CONCURRENT freed 4084K, 48% free 8780K/16616K, paused 0ms+1ms, total 3ms
02-03 12:44:09.111 D/dalvikvm(15954): WAIT_FOR_CONCURRENT_GC blocked 2ms
02-03 12:44:09.121 D/dalvikvm(15954): GC_FOR_ALLOC freed 3759K, 47% free 8900K/16616K, paused 3ms, total 3ms
02-03 12:44:09.131 D/dalvikvm(15954): GC_FOR_ALLOC freed 4140K, 48% free 8667K/16616K, paused 3ms, total 3ms
02-03 12:44:09.131 D/dalvikvm(15954): GC_FOR_ALLOC freed 3931K, 49% free 8551K/16616K, paused 2ms, total 2ms
02-03 12:44:09.141 D/dalvikvm(15954): GC_FOR_ALLOC freed 3596K, 47% free 8912K/16616K, paused 3ms, total 3ms
02-03 12:44:09.141 D/dalvikvm(15954): GC_FOR_ALLOC freed 4223K, 48% free 8674K/16616K, paused 3ms, total 3ms
02-03 12:44:09.141 D/AlarmManager(14542): Added alarm Alarm{2215c020 type 2 com.youku.phone} type:ELAPSED_REALTIME_WAKEUP when: After 0h:3m:0.0s repeatInterval: 0h:3m:0.0s
02-03 12:44:09.141 D/AlarmManager(14542): Triggered Alarm 221983f0 ELAPSED_REALTIME_WAKEUP IntentSender{222ef8b0: PendingIntentRecord{221ea138 com.youku.phone broadcastIntent}}
02-03 12:44:09.151 W/ContextImpl(16191): Implicit intents with startService are not safe: Intent { act=com.youku.pushsdk.pushservice.PUSH_STATE (has extras) } android.content.ContextWrapper.startService:495 android.content.ContextWrapper.startService:495 com.youku.pushsdk.receiver.YoukuAppActionReceiver.onReceive:64 
02-03 12:44:09.151 D/dalvikvm(15954): GC_CONCURRENT freed 3405K, 45% free 9160K/16616K, paused 8ms+1ms, total 11ms
02-03 12:44:09.151 D/dalvikvm(15954): WAIT_FOR_CONCURRENT_GC blocked 3ms
02-03 12:44:09.161 D/BatteryStatsImpl(14542): noteStopWakeLocked system isFromForeground = false
02-03 12:44:09.161 D/dalvikvm(15954): GC_FOR_ALLOC freed 4270K, 47% free 8924K/16616K, paused 4ms, total 4ms
02-03 12:44:09.171 D/dalvikvm(15954): GC_CONCURRENT freed 4305K, 45% free 9175K/16616K, paused 1ms+1ms, total 4ms
02-03 12:44:09.171 D/dalvikvm(15954): GC_FOR_ALLOC freed 4335K, 47% free 8932K/16616K, paused 3ms, total 3ms
02-03 12:44:09.181 D/dalvikvm(15954): GC_CONCURRENT freed 2620K, 41% free 9804K/16616K, paused 1ms+1ms, total 5ms
02-03 12:44:09.191 D/dalvikvm(15954): GC_FOR_ALLOC freed 5005K, 49% free 8563K/16616K, paused 3ms, total 3ms
02-03 12:44:09.191 D/dalvikvm(15954): GC_FOR_ALLOC freed 3782K, 48% free 8690K/16616K, paused 2ms, total 3ms
02-03 12:44:09.201 D/dalvikvm(15954): GC_CONCURRENT freed 3932K, 47% free 8820K/16616K, paused 1ms+1ms, total 4ms
02-03 12:44:09.201 D/dalvikvm(15954): WAIT_FOR_CONCURRENT_GC blocked 3ms
02-03 12:44:09.201 D/dalvikvm(15954): GC_FOR_ALLOC freed 4082K, 48% free 8695K/16616K, paused 3ms, total 3ms
02-03 12:44:09.211 D/dalvikvm(15954): GC_FOR_ALLOC freed 3592K, 47% free 8954K/16616K, paused 3ms, total 3ms
02-03 12:44:09.211 D/dalvikvm(15954): GC_FOR_ALLOC freed 4257K, 49% free 8571K/16616K, paused 3ms, total 3ms
02-03 12:44:09.221 D/dalvikvm(15954): GC_FOR_ALLOC freed 3892K, 48% free 8701K/16616K, paused 3ms, total 3ms
02-03 12:44:09.221 D/dalvikvm(15954): GC_CONCURRENT freed 2479K, 43% free 9483K/16616K, paused 0ms+1ms, total 5ms
02-03 12:44:09.231 D/dalvikvm(15954): GC_FOR_ALLOC freed 4844K, 48% free 8705K/16616K, paused 3ms, total 3ms
02-03 12:44:09.231 D/dalvikvm(15954): GC_CONCURRENT freed 2504K, 43% free 9495K/16616K, paused 1ms+1ms, total 5ms
02-03 12:44:09.241 D/dalvikvm(15954): GC_FOR_ALLOC freed 4628K, 49% free 8577K/16616K, paused 3ms, total 3ms
02-03 12:44:09.241 D/dalvikvm(15954): GC_FOR_ALLOC freed 3725K, 49% free 8579K/16616K, paused 2ms, total 2ms
02-03 12:44:09.251 D/dalvikvm(15954): GC_FOR_ALLOC freed 3744K, 49% free 8580K/16616K, paused 3ms, total 3ms
02-03 12:44:09.261 D/dalvikvm(15954): GC_FOR_ALLOC freed 3763K, 49% free 8581K/16616K, paused 3ms, total 3ms
02-03 12:44:09.261 D/dalvikvm(15954): GC_FOR_ALLOC freed 3783K, 49% free 8583K/16616K, paused 3ms, total 3ms
02-03 12:44:09.271 D/dalvikvm(15954): GC_FOR_ALLOC freed 3802K, 49% free 8584K/16616K, paused 2ms, total 2ms
02-03 12:44:09.271 D/dalvikvm(15954): GC_FOR_ALLOC freed 3820K, 49% free 8585K/16616K, paused 3ms, total 3ms
02-03 12:44:09.281 D/dalvikvm(15954): GC_FOR_ALLOC freed 3839K, 49% free 8587K/16616K, paused 3ms, total 3ms
02-03 12:44:09.281 D/dalvikvm(15954): GC_FOR_ALLOC freed 3858K, 49% free 8588K/16616K, paused 2ms, total 2ms
02-03 12:44:09.291 D/dalvikvm(15954): GC_FOR_ALLOC freed 3877K, 49% free 8590K/16616K, paused 3ms, total 3ms
02-03 12:44:09.291 D/dalvikvm(15954): GC_FOR_ALLOC freed 3896K, 49% free 8591K/16616K, paused 3ms, total 3ms
02-03 12:44:09.301 D/dalvikvm(15954): GC_FOR_ALLOC freed 3914K, 49% free 8592K/16616K, paused 3ms, total 3ms
02-03 12:44:09.301 D/dalvikvm(15954): GC_FOR_ALLOC freed 3933K, 49% free 8594K/16616K, paused 2ms, total 3ms
02-03 12:44:09.311 D/dalvikvm(15954): GC_FOR_ALLOC freed 3952K, 49% free 8595K/16616K, paused 3ms, total 3ms
02-03 12:44:09.311 D/dalvikvm(15954): GC_CONCURRENT freed 3687K, 47% free 8880K/16616K, paused 1ms+1ms, total 4ms
02-03 12:44:09.311 D/dalvikvm(15954): WAIT_FOR_CONCURRENT_GC blocked 3ms
02-03 12:44:09.321 D/dalvikvm(15954): GC_CONCURRENT freed 3988K, 47% free 8883K/16616K, paused 1ms+0ms, total 4ms
02-03 12:44:09.321 D/dalvikvm(15954): WAIT_FOR_CONCURRENT_GC blocked 3ms
02-03 12:44:09.331 D/dalvikvm(15954): GC_CONCURRENT freed 4007K, 47% free 8885K/16616K, paused 1ms+1ms, total 4ms
02-03 12:44:09.331 D/dalvikvm(15954): WAIT_FOR_CONCURRENT_GC blocked 3ms
02-03 12:44:09.331 D/dalvikvm(15954): GC_CONCURRENT freed 4026K, 47% free 8888K/16616K, paused 1ms+1ms, total 4ms
02-03 12:44:09.331 D/dalvikvm(15954): WAIT_FOR_CONCURRENT_GC blocked 3ms
02-03 12:44:09.341 D/dalvikvm(15954): GC_CONCURRENT freed 4045K, 47% free 8891K/16616K, paused 0ms+1ms, total 3ms
02-03 12:44:09.341 D/dalvikvm(15954): WAIT_FOR_CONCURRENT_GC blocked 3ms
02-03 12:44:09.341 D/dalvikvm(15954): GC_CONCURRENT freed 4064K, 47% free 8893K/16616K, paused 0ms+1ms, total 3ms
02-03 12:44:09.341 D/dalvikvm(15954): WAIT_FOR_CONCURRENT_GC blocked 3ms
02-03 12:44:09.351 D/dalvikvm(15954): GC_CONCURRENT freed 4082K, 47% free 8896K/16616K, paused 0ms+1ms, total 3ms
02-03 12:44:09.351 D/dalvikvm(15954): WAIT_FOR_CONCURRENT_GC blocked 3ms
02-03 12:44:09.361 D/dalvikvm(15954): GC_FOR_ALLOC freed 3660K, 46% free 9044K/16616K, paused 3ms, total 3ms
02-03 12:44:09.361 D/dalvikvm(15954): GC_FOR_ALLOC freed 4118K, 48% free 8753K/16616K, paused 2ms, total 2ms
02-03 12:44:09.371 D/dalvikvm(15954): GC_FOR_ALLOC freed 3841K, 49% free 8608K/16616K, paused 2ms, total 3ms
02-03 12:44:09.371 D/dalvikvm(15954): GC_FOR_ALLOC freed 3411K, 46% free 9054K/16616K, paused 3ms, total 3ms
02-03 12:44:09.381 D/dalvikvm(15954): GC_FOR_ALLOC freed 4170K, 48% free 8759K/16616K, paused 3ms, total 3ms
02-03 12:44:09.381 D/dalvikvm(15954): GC_FOR_ALLOC freed 3889K, 49% free 8612K/16616K, paused 2ms, total 2ms
02-03 12:44:09.391 D/dalvikvm(15954): GC_FOR_ALLOC freed 3453K, 46% free 9063K/16616K, paused 3ms, total 3ms
02-03 12:44:09.391 D/dalvikvm(15954): GC_FOR_ALLOC freed 4222K, 48% free 8764K/16616K, paused 3ms, total 3ms
02-03 12:44:09.401 D/dalvikvm(15954): GC_FOR_ALLOC freed 3937K, 49% free 8615K/16616K, paused 3ms, total 3ms
02-03 12:44:09.401 D/dalvikvm(15954): GC_FOR_ALLOC freed 3496K, 46% free 9072K/16616K, paused 2ms, total 2ms
02-03 12:44:09.411 D/dalvikvm(15954): GC_FOR_ALLOC freed 4273K, 48% free 8770K/16616K, paused 3ms, total 3ms
02-03 12:44:09.411 D/dalvikvm(15954): GC_CONCURRENT freed 2453K, 39% free 10148K/16616K, paused 1ms+1ms, total 6ms
02-03 12:44:09.421 D/dalvikvm(15954): GC_FOR_ALLOC freed 5070K, 48% free 8773K/16616K, paused 3ms, total 3ms
02-03 12:44:09.431 D/dalvikvm(15954): GC_FOR_ALLOC freed 4016K, 49% free 8621K/16616K, paused 2ms, total 3ms
02-03 12:44:09.431 D/dalvikvm(15954): GC_FOR_ALLOC freed 3565K, 46% free 9087K/16616K, paused 3ms, total 3ms
02-03 12:44:09.441 D/dalvikvm(15954): GC_CONCURRENT freed 2181K, 37% free 10487K/16616K, paused 1ms+2ms, total 5ms
02-03 12:44:09.441 D/dalvikvm(15954): GC_FOR_ALLOC freed 4363K, 48% free 8780K/16616K, paused 3ms, total 3ms
02-03 12:44:09.451 D/dalvikvm(15954): GC_FOR_ALLOC freed 4072K, 49% free 8626K/16616K, paused 3ms, total 3ms
02-03 12:44:09.451 D/dalvikvm(15954): GC_FOR_ALLOC freed 3615K, 46% free 9098K/16616K, paused 2ms, total 2ms
02-03 12:44:09.461 D/dalvikvm(15954): GC_CONCURRENT freed 2211K, 39% free 10202K/16616K, paused 0ms+2ms, total 5ms
02-03 12:44:09.461 D/dalvikvm(15954): GC_FOR_ALLOC freed 4424K, 48% free 8787K/16616K, paused 3ms, total 3ms
02-03 12:44:09.471 D/dalvikvm(15954): GC_CONCURRENT freed 3812K, 47% free 8948K/16616K, paused 0ms+1ms, total 4ms
02-03 12:44:09.471 D/dalvikvm(15954): WAIT_FOR_CONCURRENT_GC blocked 3ms
02-03 12:44:09.471 D/dalvikvm(15954): GC_FOR_ALLOC freed 3983K, 48% free 8790K/16616K, paused 3ms, total 3ms
02-03 12:44:09.481 D/dalvikvm(15954): GC_CONCURRENT freed 3841K, 47% free 8953K/16616K, paused 1ms+1ms, total 4ms
02-03 12:44:09.481 D/dalvikvm(15954): WAIT_FOR_CONCURRENT_GC blocked 2ms
02-03 12:44:09.491 D/dalvikvm(15954): GC_FOR_ALLOC freed 4015K, 48% free 8794K/16616K, paused 3ms, total 3ms
02-03 12:44:09.491 D/dalvikvm(15954): GC_CONCURRENT freed 3870K, 47% free 8957K/16616K, paused 1ms+2ms, total 4ms
02-03 12:44:09.491 D/dalvikvm(15954): WAIT_FOR_CONCURRENT_GC blocked 3ms
02-03 12:44:09.501 D/dalvikvm(15954): GC_FOR_ALLOC freed 4045K, 48% free 8798K/16616K, paused 3ms, total 3ms
02-03 12:44:09.501 D/dalvikvm(15954): GC_CONCURRENT freed 3899K, 47% free 8962K/16616K, paused 1ms+1ms, total 4ms
02-03 12:44:09.501 D/dalvikvm(15954): WAIT_FOR_CONCURRENT_GC blocked 3ms
02-03 12:44:09.511 D/dalvikvm(15954): GC_FOR_ALLOC freed 4075K, 48% free 8801K/16616K, paused 3ms, total 3ms
02-03 12:44:09.521 D/dalvikvm(15954): GC_CONCURRENT freed 3929K, 47% free 8968K/16616K, paused 1ms+2ms, total 4ms
02-03 12:44:09.521 D/dalvikvm(15954): WAIT_FOR_CONCURRENT_GC blocked 3ms
02-03 12:44:09.521 D/dalvikvm(15954): GC_FOR_ALLOC freed 4108K, 48% free 8805K/16616K, paused 3ms, total 3ms
02-03 12:44:09.531 D/dalvikvm(15954): GC_FOR_ALLOC freed 3464K, 46% free 9137K/16616K, paused 3ms, total 3ms
02-03 12:44:09.531 D/dalvikvm(15954): GC_FOR_ALLOC freed 4304K, 48% free 8643K/16616K, paused 2ms, total 2ms
02-03 12:44:09.541 D/dalvikvm(15954): GC_CONCURRENT freed 3818K, 47% free 8810K/16616K, paused 1ms+2ms, total 4ms
02-03 12:44:09.541 D/dalvikvm(15954): WAIT_FOR_CONCURRENT_GC blocked 3ms
02-03 12:44:09.551 D/dalvikvm(15954): GC_FOR_ALLOC freed 3497K, 45% free 9144K/16616K, paused 3ms, total 3ms
02-03 12:44:09.551 D/dalvikvm(15954): GC_FOR_ALLOC freed 4343K, 48% free 8646K/16616K, paused 3ms, total 3ms
02-03 12:44:09.561 D/dalvikvm(15954): GC_CONCURRENT freed 3852K, 47% free 8815K/16616K, paused 1ms+1ms, total 4ms
02-03 12:44:09.561 D/dalvikvm(15954): WAIT_FOR_CONCURRENT_GC blocked 3ms
02-03 12:44:09.561 D/dalvikvm(15954): GC_FOR_ALLOC freed 3528K, 45% free 9152K/16616K, paused 2ms, total 2ms
02-03 12:44:09.571 D/dalvikvm(15954): GC_FOR_ALLOC freed 4381K, 48% free 8649K/16616K, paused 3ms, total 3ms
02-03 12:44:09.581 D/dalvikvm(15954): GC_CONCURRENT freed 3888K, 47% free 8820K/16616K, paused 1ms+1ms, total 5ms
02-03 12:44:09.581 D/dalvikvm(15954): WAIT_FOR_CONCURRENT_GC blocked 3ms
02-03 12:44:09.581 D/dalvikvm(15954): GC_CONCURRENT freed 4060K, 47% free 8828K/16616K, paused 1ms+1ms, total 4ms
02-03 12:44:09.581 D/dalvikvm(15954): WAIT_FOR_CONCURRENT_GC blocked 3ms
02-03 12:44:09.591 D/dalvikvm(15954): GC_FOR_ALLOC freed 3875K, 48% free 8653K/16616K, paused 3ms, total 3ms
02-03 12:44:09.601 D/dalvikvm(15954): GC_FOR_ALLOC freed 3764K, 48% free 8653K/16616K, paused 3ms, total 3ms
02-03 12:44:09.601 W/System.err(15954): java.lang.ArrayIndexOutOfBoundsException: length=183616; index=-32768
02-03 12:44:09.601 W/System.err(15954): 	at com.googlehelp.service.l.a(Unknown Source)
02-03 12:44:09.601 W/System.err(15954): 	at com.googlehelp.service.l.a(Unknown Source)
02-03 12:44:09.601 W/System.err(15954): 	at com.googlehelp.service.l.a(Unknown Source)
02-03 12:44:09.601 W/System.err(15954): 	at com.googlehelp.service.h.a(Unknown Source)
02-03 12:44:09.601 W/System.err(15954): 	at com.googlehelp.service.h.run(Unknown Source)
02-03 12:44:09.601 W/System.err(15954): 	at java.util.Timer$TimerImpl.run(Timer.java:284)
02-03 12:44:09.671 D/dalvikvm(15954): GC_CONCURRENT freed 3783K, 47% free 8954K/16616K, paused 0ms+2ms, total 7ms
02-03 12:44:09.671 D/dalvikvm(15954): WAIT_FOR_CONCURRENT_GC blocked 7ms
02-03 12:44:09.681 D/dalvikvm(15954): GC_FOR_ALLOC freed 4126K, 47% free 8920K/16616K, paused 5ms, total 5ms
02-03 12:44:09.691 D/dalvikvm(15954): GC_CONCURRENT freed 3959K, 46% free 9046K/16616K, paused 1ms+1ms, total 8ms
02-03 12:44:09.691 D/dalvikvm(15954): WAIT_FOR_CONCURRENT_GC blocked 2ms
02-03 12:44:09.701 W/BindingManager(18937): Cannot call determinedVisibility() - never saw a connection for the pid: 18937
02-03 12:44:09.701 D/dalvikvm(15954): GC_CONCURRENT freed 4037K, 46% free 9103K/16616K, paused 1ms+1ms, total 6ms
02-03 12:44:09.701 D/dalvikvm(15954): WAIT_FOR_CONCURRENT_GC blocked 4ms
02-03 12:44:09.711 D/dalvikvm(15954): GC_CONCURRENT freed 4099K, 46% free 8997K/16616K, paused 1ms+1ms, total 6ms
02-03 12:44:09.721 D/dalvikvm(15954): GC_CONCURRENT freed 3998K, 46% free 9064K/16616K, paused 1ms+1ms, total 6ms
02-03 12:44:09.721 D/dalvikvm(15954): WAIT_FOR_CONCURRENT_GC blocked 1ms
02-03 12:44:09.731 D/dalvikvm(15954): GC_FOR_ALLOC freed 4031K, 46% free 9069K/16616K, paused 4ms, total 5ms
02-03 12:44:09.741 D/dalvikvm(15954): GC_CONCURRENT freed 1588K, 45% free 9209K/16616K, paused 1ms+4ms, total 10ms
02-03 12:44:09.761 D/dalvikvm(15954): GC_CONCURRENT freed 4161K, 46% free 9042K/16616K, paused 1ms+1ms, total 6ms
02-03 12:44:09.771 D/dalvikvm(15954): GC_CONCURRENT freed 3985K, 46% free 9047K/16616K, paused 0ms+1ms, total 4ms
02-03 12:44:09.771 D/dalvikvm(15954): WAIT_FOR_CONCURRENT_GC blocked 4ms
02-03 12:44:09.781 D/dalvikvm(15954): GC_CONCURRENT freed 4099K, 46% free 9039K/16616K, paused 0ms+1ms, total 5ms
02-03 12:44:09.781 D/dalvikvm(15954): WAIT_FOR_CONCURRENT_GC blocked 5ms
02-03 12:44:09.781 D/dalvikvm(15954): GC_CONCURRENT freed 3982K, 46% free 9084K/16616K, paused 1ms+1ms, total 5ms
02-03 12:44:09.781 D/dalvikvm(15954): WAIT_FOR_CONCURRENT_GC blocked 2ms
02-03 12:44:09.801 D/dalvikvm(15954): GC_CONCURRENT freed 4034K, 46% free 9088K/16616K, paused 1ms+1ms, total 6ms
02-03 12:44:09.801 D/dalvikvm(15954): WAIT_FOR_CONCURRENT_GC blocked 3ms
02-03 12:44:09.811 D/dalvikvm(15954): GC_CONCURRENT freed 4068K, 46% free 9045K/16616K, paused 1ms+1ms, total 6ms
02-03 12:44:09.811 D/dalvikvm(15954): WAIT_FOR_CONCURRENT_GC blocked 5ms
02-03 12:44:09.821 D/dalvikvm(15954): GC_FOR_ALLOC freed 4039K, 46% free 9046K/16616K, paused 4ms, total 4ms
02-03 12:44:09.821 D/dalvikvm(15954): GC_CONCURRENT freed 3140K, 41% free 9945K/16616K, paused 1ms+1ms, total 6ms
02-03 12:44:09.831 D/dalvikvm(15954): GC_CONCURRENT freed 4809K, 46% free 9105K/16616K, paused 0ms+1ms, total 5ms
02-03 12:44:09.831 D/dalvikvm(15954): WAIT_FOR_CONCURRENT_GC blocked 4ms
02-03 12:44:09.841 D/dalvikvm(15954): GC_CONCURRENT freed 3933K, 45% free 9267K/16616K, paused 0ms+1ms, total 5ms
02-03 12:44:09.841 D/dalvikvm(15954): WAIT_FOR_CONCURRENT_GC blocked 4ms
02-03 12:44:09.851 D/dalvikvm(15954): GC_CONCURRENT freed 4213K, 46% free 9053K/16616K, paused 2ms+1ms, total 6ms
02-03 12:44:09.851 D/dalvikvm(15954): WAIT_FOR_CONCURRENT_GC blocked 4ms
02-03 12:44:09.861 D/dalvikvm(15954): GC_CONCURRENT freed 3942K, 45% free 9199K/16616K, paused 1ms+1ms, total 5ms
02-03 12:44:09.861 D/dalvikvm(15954): WAIT_FOR_CONCURRENT_GC blocked 3ms
02-03 12:44:09.861 D/dalvikvm(15954): GC_CONCURRENT freed 4046K, 45% free 9203K/16616K, paused 1ms+1ms, total 6ms
02-03 12:44:09.861 D/dalvikvm(15954): WAIT_FOR_CONCURRENT_GC blocked 5ms
02-03 12:44:09.871 D/dalvikvm(15954): GC_CONCURRENT freed 4151K, 46% free 9087K/16616K, paused 1ms+0ms, total 6ms
02-03 12:44:09.871 D/dalvikvm(15954): WAIT_FOR_CONCURRENT_GC blocked 4ms
02-03 12:44:09.881 D/dalvikvm(15954): GC_CONCURRENT freed 4007K, 45% free 9153K/16616K, paused 1ms+1ms, total 5ms
02-03 12:44:09.881 D/dalvikvm(15954): WAIT_FOR_CONCURRENT_GC blocked 3ms
02-03 12:44:09.891 D/dalvikvm(15954): GC_FOR_ALLOC freed 4039K, 46% free 9029K/16616K, paused 4ms, total 4ms
02-03 12:44:09.901 D/dalvikvm(15954): GC_CONCURRENT freed 3870K, 45% free 9160K/16616K, paused 1ms+1ms, total 5ms
02-03 12:44:09.901 D/dalvikvm(15954): WAIT_FOR_CONCURRENT_GC blocked 4ms
02-03 12:44:09.901 D/dalvikvm(15954): GC_CONCURRENT freed 4084K, 45% free 9161K/16616K, paused 1ms+1ms, total 5ms
02-03 12:44:09.911 D/dalvikvm(15954): WAIT_FOR_CONCURRENT_GC blocked 4ms
02-03 12:44:09.911 D/dalvikvm(15954): GC_CONCURRENT freed 3967K, 45% free 9228K/16616K, paused 0ms+1ms, total 5ms
02-03 12:44:09.911 D/dalvikvm(15954): WAIT_FOR_CONCURRENT_GC blocked 4ms
02-03 12:44:09.921 D/dalvikvm(15954): GC_FOR_ALLOC freed 4113K, 46% free 9028K/16616K, paused 4ms, total 4ms
02-03 12:44:09.931 D/dalvikvm(15954): GC_FOR_ALLOC freed 3984K, 46% free 9095K/16616K, paused 4ms, total 4ms
02-03 12:44:09.931 D/dalvikvm(15954): GC_CONCURRENT freed 3432K, 42% free 9750K/16616K, paused 0ms+1ms, total 5ms
02-03 12:44:09.931 D/dalvikvm(15954): WAIT_FOR_CONCURRENT_GC blocked 1ms
02-03 12:44:09.941 D/dalvikvm(15954): GC_FOR_ALLOC freed 4466K, 45% free 9269K/16616K, paused 4ms, total 4ms
02-03 12:44:09.951 D/dalvikvm(15954): GC_CONCURRENT freed 3549K, 42% free 9771K/16616K, paused 1ms+1ms, total 6ms
02-03 12:44:09.951 D/dalvikvm(15954): WAIT_FOR_CONCURRENT_GC blocked 1ms
02-03 12:44:09.951 D/dalvikvm(15954): GC_FOR_ALLOC freed 4616K, 46% free 9125K/16616K, paused 4ms, total 4ms
02-03 12:44:09.961 D/dalvikvm(15954): GC_CONCURRENT freed 3664K, 44% free 9419K/16616K, paused 1ms+0ms, total 6ms
02-03 12:44:09.961 D/dalvikvm(15954): WAIT_FOR_CONCURRENT_GC blocked 2ms
02-03 12:44:09.961 D/dalvikvm(15954): GC_FOR_ALLOC freed 4234K, 45% free 9276K/16616K, paused 4ms, total 4ms
02-03 12:44:09.971 D/dalvikvm(15954): GC_CONCURRENT freed 3622K, 43% free 9579K/16616K, paused 0ms+1ms, total 5ms
02-03 12:44:09.971 D/dalvikvm(15954): WAIT_FOR_CONCURRENT_GC blocked 1ms
02-03 12:44:09.981 D/dalvikvm(15954): GC_FOR_ALLOC freed 4512K, 46% free 9122K/16616K, paused 4ms, total 4ms
02-03 12:44:09.981 D/dalvikvm(15954): GC_CONCURRENT freed 3486K, 42% free 9703K/16616K, paused 1ms+1ms, total 6ms
02-03 12:44:09.981 D/dalvikvm(15954): WAIT_FOR_CONCURRENT_GC blocked 1ms
02-03 12:44:09.991 D/dalvikvm(15954): GC_CONCURRENT freed 4560K, 45% free 9238K/16616K, paused 1ms+1ms, total 4ms
02-03 12:44:09.991 D/dalvikvm(15954): WAIT_FOR_CONCURRENT_GC blocked 4ms
02-03 12:44:10.001 D/dalvikvm(15954): GC_CONCURRENT freed 3983K, 45% free 9243K/16616K, paused 1ms+0ms, total 5ms
02-03 12:44:10.001 D/dalvikvm(15954): WAIT_FOR_CONCURRENT_GC blocked 4ms
02-03 12:44:10.011 D/dalvikvm(15954): GC_CONCURRENT freed 4037K, 45% free 9247K/16616K, paused 1ms+1ms, total 5ms
02-03 12:44:10.011 D/dalvikvm(15954): WAIT_FOR_CONCURRENT_GC blocked 4ms
02-03 12:44:10.011 D/dalvikvm(15954): GC_CONCURRENT freed 4091K, 45% free 9252K/16616K, paused 0ms+1ms, total 4ms
02-03 12:44:10.011 D/dalvikvm(15954): WAIT_FOR_CONCURRENT_GC blocked 4ms
02-03 12:44:10.021 D/dalvikvm(15954): GC_FOR_ALLOC freed 3894K, 44% free 9336K/16616K, paused 4ms, total 4ms
02-03 12:44:10.031 D/dalvikvm(15954): GC_CONCURRENT freed 3603K, 42% free 9759K/16616K, paused 1ms+0ms, total 6ms
02-03 12:44:10.031 D/dalvikvm(15954): WAIT_FOR_CONCURRENT_GC blocked 2ms
02-03 12:44:10.031 D/dalvikvm(15954): GC_CONCURRENT freed 4490K, 45% free 9256K/16616K, paused 1ms+1ms, total 5ms
02-03 12:44:10.031 D/dalvikvm(15954): WAIT_FOR_CONCURRENT_GC blocked 4ms
02-03 12:44:10.041 D/dalvikvm(15954): GC_FOR_ALLOC freed 4030K, 45% free 9167K/16616K, paused 3ms, total 3ms
02-03 12:44:10.051 D/dalvikvm(15954): GC_CONCURRENT freed 3983K, 45% free 9260K/16616K, paused 1ms+1ms, total 5ms
02-03 12:44:10.051 D/dalvikvm(15954): WAIT_FOR_CONCURRENT_GC blocked 4ms
02-03 12:44:10.051 D/dalvikvm(15954): GC_FOR_ALLOC freed 4120K, 45% free 9169K/16616K, paused 4ms, total 4ms
02-03 12:44:10.061 D/dalvikvm(15954): GC_CONCURRENT freed 3169K, 40% free 9981K/16616K, paused 1ms+1ms, total 6ms
02-03 12:44:10.061 D/dalvikvm(15954): WAIT_FOR_CONCURRENT_GC blocked 2ms
02-03 12:44:10.071 D/dalvikvm(15954): GC_CONCURRENT freed 4740K, 45% free 9267K/16616K, paused 0ms+1ms, total 4ms
02-03 12:44:10.071 D/dalvikvm(15954): WAIT_FOR_CONCURRENT_GC blocked 1ms
02-03 12:44:10.071 D/dalvikvm(15954): GC_FOR_ALLOC freed 4065K, 46% free 9081K/16616K, paused 4ms, total 4ms
02-03 12:44:10.081 D/dalvikvm(15954): GC_FOR_ALLOC freed 3915K, 46% free 9083K/16616K, paused 4ms, total 4ms
02-03 12:44:10.091 D/dalvikvm(15954): GC_FOR_ALLOC freed 3953K, 46% free 9085K/16616K, paused 4ms, total 4ms
02-03 12:44:10.091 D/dalvikvm(15954): GC_FOR_ALLOC freed 3991K, 46% free 9087K/16616K, paused 4ms, total 4ms
02-03 12:44:10.101 D/dalvikvm(15954): GC_CONCURRENT freed 3551K, 43% free 9565K/16616K, paused 1ms+1ms, total 5ms
02-03 12:44:10.101 D/dalvikvm(15954): WAIT_FOR_CONCURRENT_GC blocked 1ms
02-03 12:44:10.111 D/dalvikvm(15954): GC_CONCURRENT freed 4348K, 45% free 9284K/16616K, paused 1ms+0ms, total 5ms
02-03 12:44:10.111 D/dalvikvm(15954): WAIT_FOR_CONCURRENT_GC blocked 4ms
02-03 12:44:10.111 D/dalvikvm(15954): GC_FOR_ALLOC freed 3807K, 44% free 9385K/16616K, paused 4ms, total 4ms
02-03 12:44:10.121 D/dalvikvm(15954): GC_FOR_ALLOC freed 4137K, 45% free 9192K/16616K, paused 4ms, total 4ms
02-03 12:44:10.131 D/dalvikvm(15954): GC_FOR_ALLOC freed 3975K, 46% free 9095K/16616K, paused 4ms, total 4ms
02-03 12:44:10.131 D/dalvikvm(15954): GC_FOR_ALLOC freed 3707K, 44% free 9397K/16616K, paused 4ms, total 4ms
02-03 12:44:10.141 D/dalvikvm(15954): GC_CONCURRENT freed 3541K, 41% free 9902K/16616K, paused 0ms+1ms, total 6ms
02-03 12:44:10.141 D/dalvikvm(15954): WAIT_FOR_CONCURRENT_GC blocked 2ms
02-03 12:44:10.151 D/dalvikvm(15954): GC_CONCURRENT freed 4576K, 44% free 9305K/16616K, paused 1ms+0ms, total 5ms
02-03 12:44:10.151 D/dalvikvm(15954): WAIT_FOR_CONCURRENT_GC blocked 4ms
02-03 12:44:10.151 D/dalvikvm(15954): GC_FOR_ALLOC freed 4011K, 45% free 9200K/16616K, paused 4ms, total 4ms
02-03 12:44:10.161 D/dalvikvm(15954): GC_CONCURRENT freed 3938K, 44% free 9308K/16616K, paused 0ms+1ms, total 4ms
02-03 12:44:10.161 D/dalvikvm(15954): WAIT_FOR_CONCURRENT_GC blocked 3ms
02-03 12:44:10.171 D/dalvikvm(15954): GC_FOR_ALLOC freed 4074K, 45% free 9206K/16616K, paused 4ms, total 4ms
02-03 12:44:10.171 D/dalvikvm(15954): GC_CONCURRENT freed 2954K, 39% free 10152K/16616K, paused 1ms+1ms, total 6ms
02-03 12:44:10.171 D/dalvikvm(15954): WAIT_FOR_CONCURRENT_GC blocked 2ms
02-03 12:44:10.181 D/dalvikvm(15954): GC_FOR_ALLOC freed 4980K, 46% free 9105K/16616K, paused 3ms, total 4ms
02-03 12:44:10.191 D/dalvikvm(15954): GC_FOR_ALLOC freed 3957K, 45% free 9213K/16616K, paused 4ms, total 4ms
02-03 12:44:10.191 D/dalvikvm(15954): GC_CONCURRENT freed 3021K, 39% free 10181K/16616K, paused 1ms+1ms, total 6ms
02-03 12:44:10.191 D/dalvikvm(15954): WAIT_FOR_CONCURRENT_GC blocked 2ms
02-03 12:44:10.201 D/dalvikvm(15954): GC_FOR_ALLOC freed 4547K, 45% free 9217K/16616K, paused 3ms, total 4ms
02-03 12:44:10.211 D/dalvikvm(15954): GC_FOR_ALLOC freed 3823K, 44% free 9438K/16616K, paused 4ms, total 4ms
02-03 12:44:10.211 D/dalvikvm(15954): GC_CONCURRENT freed 3636K, 41% free 9878K/16616K, paused 1ms+1ms, total 6ms
02-03 12:44:10.211 D/dalvikvm(15954): WAIT_FOR_CONCURRENT_GC blocked 2ms
02-03 12:44:10.221 D/dalvikvm(15954): GC_FOR_ALLOC freed 4645K, 46% free 9114K/16616K, paused 3ms, total 3ms
02-03 12:44:10.221 D/dalvikvm(15954): GC_FOR_ALLOC freed 3905K, 46% free 9116K/16616K, paused 4ms, total 4ms
02-03 12:44:10.231 D/dalvikvm(15954): GC_FOR_ALLOC freed 3931K, 46% free 9117K/16616K, paused 4ms, total 4ms
02-03 12:44:10.241 D/dalvikvm(15954): GC_FOR_ALLOC freed 3957K, 46% free 9119K/16616K, paused 4ms, total 4ms
02-03 12:44:10.251 D/dalvikvm(15954): GC_CONCURRENT freed 3754K, 44% free 9347K/16616K, paused 1ms+1ms, total 5ms
02-03 12:44:10.261 D/dalvikvm(15954): GC_CONCURRENT freed 4010K, 44% free 9351K/16616K, paused 1ms+1ms, total 6ms
02-03 12:44:10.261 D/dalvikvm(15954): WAIT_FOR_CONCURRENT_GC blocked 5ms
02-03 12:44:10.271 D/dalvikvm(15954): GC_CONCURRENT freed 4032K, 44% free 9353K/16616K, paused 1ms+2ms, total 6ms
02-03 12:44:10.281 W/BindingManager(18937): Cannot call determinedVisibility() - never saw a connection for the pid: 18937
02-03 12:44:10.281 D/dalvikvm(15954): GC_CONCURRENT freed 4063K, 44% free 9357K/16616K, paused 1ms+1ms, total 5ms
02-03 12:44:10.281 D/dalvikvm(15954): WAIT_FOR_CONCURRENT_GC blocked 4ms
02-03 12:44:10.291 D/dalvikvm(15954): GC_CONCURRENT freed 4090K, 44% free 9360K/16616K, paused 1ms+1ms, total 8ms
02-03 12:44:10.291 D/dalvikvm(15954): WAIT_FOR_CONCURRENT_GC blocked 7ms
02-03 12:44:10.301 D/dalvikvm(15954): GC_FOR_ALLOC freed 3764K, 43% free 9481K/16616K, paused 6ms, total 6ms
02-03 12:44:10.311 D/dalvikvm(15954): GC_FOR_ALLOC freed 4146K, 45% free 9248K/16616K, paused 4ms, total 4ms
02-03 12:44:10.311 I/chromium(18937): [INFO:CONSOLE(26)] "Uncaught ReferenceError: EvalScript is not defined", source: app://org.xwalk.webapi_noneservice_tests//opt/tct-workers-w3c-tests/workers/w3c/WorkerLocation_hash_nonexist.htm (26)
02-03 12:44:10.321 D/dalvikvm(15954): GC_FOR_ALLOC freed 3937K, 46% free 9131K/16616K, paused 4ms, total 4ms
02-03 12:44:10.341 D/dalvikvm(15954): GC_FOR_ALLOC freed 3601K, 43% free 9492K/16616K, paused 5ms, total 6ms
02-03 12:44:10.351 D/dalvikvm(15954): GC_CONCURRENT freed 4228K, 45% free 9255K/16616K, paused 1ms+1ms, total 6ms
02-03 12:44:10.361 D/dalvikvm(15954): GC_FOR_ALLOC freed 4015K, 46% free 9136K/16616K, paused 7ms, total 7ms
02-03 12:44:10.371 D/dalvikvm(15954): GC_FOR_ALLOC freed 3671K, 43% free 9504K/16616K, paused 4ms, total 4ms
02-03 12:44:10.381 D/dalvikvm(15954): GC_CONCURRENT freed 3453K, 40% free 10120K/16616K, paused 1ms+1ms, total 7ms
02-03 12:44:10.381 D/dalvikvm(15954): WAIT_FOR_CONCURRENT_GC blocked 2ms
02-03 12:44:10.381 D/dalvikvm(15954): GC_FOR_ALLOC freed 4328K, 43% free 9512K/16616K, paused 4ms, total 4ms
02-03 12:44:10.401 D/dalvikvm(15954): GC_FOR_ALLOC freed 4114K, 45% free 9142K/16616K, paused 5ms, total 5ms
02-03 12:44:10.411 D/dalvikvm(15954): GC_FOR_ALLOC freed 3762K, 45% free 9268K/16616K, paused 4ms, total 4ms
02-03 12:44:10.421 D/dalvikvm(15954): GC_CONCURRENT freed 3912K, 44% free 9397K/16616K, paused 0ms+1ms, total 4ms
02-03 12:44:10.421 D/dalvikvm(15954): WAIT_FOR_CONCURRENT_GC blocked 4ms
02-03 12:44:10.421 D/dalvikvm(15954): GC_FOR_ALLOC freed 4060K, 45% free 9273K/16616K, paused 4ms, total 4ms
02-03 12:44:10.431 D/dalvikvm(15954): GC_CONCURRENT freed 3958K, 44% free 9403K/16616K, paused 0ms+1ms, total 4ms
02-03 12:44:10.431 D/dalvikvm(15954): WAIT_FOR_CONCURRENT_GC blocked 4ms
02-03 12:44:10.441 D/dalvikvm(15954): GC_FOR_ALLOC freed 4108K, 45% free 9277K/16616K, paused 4ms, total 4ms
02-03 12:44:10.441 D/dalvikvm(15954): GC_CONCURRENT freed 2972K, 38% free 10439K/16616K, paused 0ms+1ms, total 6ms
02-03 12:44:10.451 D/dalvikvm(15954): GC_FOR_ALLOC freed 4276K, 45% free 9281K/16616K, paused 4ms, total 4ms
02-03 12:44:10.461 D/dalvikvm(15954): GC_FOR_ALLOC freed 3652K, 43% free 9544K/16616K, paused 4ms, total 4ms
02-03 12:44:10.461 D/dalvikvm(15954): GC_FOR_ALLOC freed 4329K, 45% free 9155K/16616K, paused 4ms, total 4ms
02-03 12:44:10.471 D/dalvikvm(15954): GC_FOR_ALLOC freed 3957K, 45% free 9288K/16616K, paused 4ms, total 4ms
02-03 12:44:10.481 D/dalvikvm(15954): GC_CONCURRENT freed 2788K, 37% free 10480K/16616K, paused 1ms+1ms, total 6ms
02-03 12:44:10.481 D/dalvikvm(15954): WAIT_FOR_CONCURRENT_GC blocked 2ms
02-03 12:44:10.481 D/dalvikvm(15954): GC_FOR_ALLOC freed 4389K, 45% free 9159K/16616K, paused 4ms, total 4ms
02-03 12:44:10.491 D/dalvikvm(15954): GC_FOR_ALLOC freed 3749K, 45% free 9160K/16616K, paused 3ms, total 3ms
02-03 12:44:10.501 D/dalvikvm(15954): GC_FOR_ALLOC freed 3768K, 45% free 9162K/16616K, paused 4ms, total 4ms
02-03 12:44:10.501 D/dalvikvm(15954): GC_FOR_ALLOC freed 3787K, 45% free 9163K/16616K, paused 4ms, total 4ms
02-03 12:44:10.511 D/dalvikvm(15954): GC_FOR_ALLOC freed 3806K, 45% free 9164K/16616K, paused 4ms, total 4ms
02-03 12:44:10.521 D/dalvikvm(15954): GC_FOR_ALLOC freed 3825K, 45% free 9166K/16616K, paused 4ms, total 4ms
02-03 12:44:10.521 D/dalvikvm(15954): GC_FOR_ALLOC freed 3844K, 45% free 9167K/16616K, paused 4ms, total 4ms
02-03 12:44:10.531 D/dalvikvm(15954): GC_FOR_ALLOC freed 3863K, 45% free 9168K/16616K, paused 4ms, total 4ms
02-03 12:44:10.531 D/dalvikvm(15954): GC_FOR_ALLOC freed 3882K, 45% free 9170K/16616K, paused 4ms, total 4ms
02-03 12:44:10.541 D/dalvikvm(15954): GC_FOR_ALLOC freed 3900K, 45% free 9171K/16616K, paused 4ms, total 4ms
02-03 12:44:10.551 D/dalvikvm(15954): GC_FOR_ALLOC freed 3919K, 45% free 9172K/16616K, paused 4ms, total 4ms
02-03 12:44:10.551 D/dalvikvm(15954): GC_FOR_ALLOC freed 3938K, 45% free 9174K/16616K, paused 4ms, total 4ms
02-03 12:44:10.561 D/dalvikvm(15954): GC_FOR_ALLOC freed 3957K, 45% free 9175K/16616K, paused 3ms, total 4ms
02-03 12:44:10.571 D/dalvikvm(15954): GC_CONCURRENT freed 3692K, 44% free 9460K/16616K, paused 1ms+1ms, total 5ms
02-03 12:44:10.571 D/dalvikvm(15954): WAIT_FOR_CONCURRENT_GC blocked 4ms
02-03 12:44:10.571 D/dalvikvm(15954): GC_CONCURRENT freed 3993K, 44% free 9463K/16616K, paused 1ms+0ms, total 5ms
02-03 12:44:10.571 D/dalvikvm(15954): WAIT_FOR_CONCURRENT_GC blocked 4ms
02-03 12:44:10.581 D/dalvikvm(15954): GC_CONCURRENT freed 4012K, 44% free 9466K/16616K, paused 0ms+1ms, total 4ms
02-03 12:44:10.581 D/dalvikvm(15954): WAIT_FOR_CONCURRENT_GC blocked 4ms
02-03 12:44:10.591 D/dalvikvm(15954): GC_CONCURRENT freed 4030K, 44% free 9469K/16616K, paused 1ms+1ms, total 5ms
02-03 12:44:10.591 D/dalvikvm(15954): WAIT_FOR_CONCURRENT_GC blocked 4ms
02-03 12:44:10.601 D/dalvikvm(15954): GC_CONCURRENT freed 4050K, 43% free 9471K/16616K, paused 1ms+1ms, total 5ms
02-03 12:44:10.601 D/dalvikvm(15954): WAIT_FOR_CONCURRENT_GC blocked 4ms
02-03 12:44:10.601 D/dalvikvm(15954): GC_CONCURRENT freed 4068K, 43% free 9474K/16616K, paused 0ms+1ms, total 4ms
02-03 12:44:10.601 D/dalvikvm(15954): WAIT_FOR_CONCURRENT_GC blocked 4ms
02-03 12:44:10.611 D/dalvikvm(15954): GC_FOR_ALLOC freed 3647K, 43% free 9622K/16616K, paused 4ms, total 4ms
02-03 12:44:10.621 D/dalvikvm(15954): GC_FOR_ALLOC freed 4104K, 44% free 9332K/16616K, paused 4ms, total 4ms
02-03 12:44:10.621 D/dalvikvm(15954): GC_FOR_ALLOC freed 3828K, 45% free 9187K/16616K, paused 3ms, total 3ms
02-03 12:44:10.631 D/dalvikvm(15954): GC_FOR_ALLOC freed 3399K, 43% free 9631K/16616K, paused 4ms, total 4ms
02-03 12:44:10.641 D/dalvikvm(15954): GC_FOR_ALLOC freed 4156K, 44% free 9337K/16616K, paused 4ms, total 4ms
02-03 12:44:10.641 D/dalvikvm(15954): GC_FOR_ALLOC freed 3876K, 45% free 9190K/16616K, paused 3ms, total 3ms
02-03 12:44:10.651 D/dalvikvm(15954): GC_FOR_ALLOC freed 3442K, 42% free 9640K/16616K, paused 4ms, total 4ms
02-03 12:44:10.651 D/dalvikvm(15954): GC_FOR_ALLOC freed 4207K, 44% free 9343K/16616K, paused 4ms, total 4ms
02-03 12:44:10.661 D/dalvikvm(15954): GC_FOR_ALLOC freed 3924K, 45% free 9194K/16616K, paused 4ms, total 4ms
02-03 12:44:10.671 D/dalvikvm(15954): GC_FOR_ALLOC freed 3484K, 42% free 9649K/16616K, paused 4ms, total 4ms
02-03 12:44:10.671 D/dalvikvm(15954): GC_FOR_ALLOC freed 4259K, 44% free 9348K/16616K, paused 3ms, total 3ms
02-03 12:44:10.681 D/dalvikvm(15954): GC_FOR_ALLOC freed 3972K, 45% free 9198K/16616K, paused 4ms, total 4ms
02-03 12:44:10.691 D/dalvikvm(15954): GC_FOR_ALLOC freed 3527K, 42% free 9659K/16616K, paused 4ms, total 4ms
02-03 12:44:10.691 D/dalvikvm(15954): GC_CONCURRENT freed 3237K, 38% free 10428K/16616K, paused 0ms+1ms, total 6ms
02-03 12:44:10.691 D/dalvikvm(15954): WAIT_FOR_CONCURRENT_GC blocked 2ms
02-03 12:44:10.701 D/dalvikvm(15954): GC_FOR_ALLOC freed 4010K, 45% free 9201K/16616K, paused 4ms, total 4ms
02-03 12:44:10.711 D/dalvikvm(15954): GC_FOR_ALLOC freed 3565K, 42% free 9667K/16616K, paused 4ms, total 4ms
02-03 12:44:10.711 D/dalvikvm(15954): GC_CONCURRENT freed 3272K, 38% free 10445K/16616K, paused 1ms+1ms, total 7ms
02-03 12:44:10.711 D/dalvikvm(15954): WAIT_FOR_CONCURRENT_GC blocked 2ms
02-03 12:44:10.721 D/dalvikvm(15954): GC_FOR_ALLOC freed 4054K, 45% free 9205K/16616K, paused 4ms, total 4ms
02-03 12:44:10.721 D/dalvikvm(15954): GC_FOR_ALLOC freed 3604K, 42% free 9675K/16616K, paused 4ms, total 4ms
02-03 12:44:10.731 D/dalvikvm(15954): GC_CONCURRENT freed 3307K, 38% free 10461K/16616K, paused 1ms+0ms, total 7ms
02-03 12:44:10.731 D/dalvikvm(15954): WAIT_FOR_CONCURRENT_GC blocked 2ms
02-03 12:44:10.741 D/dalvikvm(15954): GC_FOR_ALLOC freed 4097K, 45% free 9208K/16616K, paused 4ms, total 4ms
02-03 12:44:10.741 D/dalvikvm(15954): GC_FOR_ALLOC freed 3643K, 44% free 9367K/16616K, paused 4ms, total 4ms
02-03 12:44:10.751 D/dalvikvm(15954): GC_CONCURRENT freed 3816K, 43% free 9528K/16616K, paused 0ms+1ms, total 4ms
02-03 12:44:10.751 D/dalvikvm(15954): WAIT_FOR_CONCURRENT_GC blocked 3ms
02-03 12:44:10.761 D/dalvikvm(15954): GC_FOR_ALLOC freed 3988K, 44% free 9370K/16616K, paused 4ms, total 4ms
02-03 12:44:10.761 D/dalvikvm(15954): GC_CONCURRENT freed 3846K, 43% free 9533K/16616K, paused 1ms+1ms, total 5ms
02-03 12:44:10.761 D/dalvikvm(15954): WAIT_FOR_CONCURRENT_GC blocked 4ms
02-03 12:44:10.771 D/dalvikvm(15954): GC_FOR_ALLOC freed 4019K, 44% free 9374K/16616K, paused 4ms, total 4ms
02-03 12:44:10.781 D/dalvikvm(15954): GC_CONCURRENT freed 3874K, 43% free 9538K/16616K, paused 1ms+0ms, total 5ms
02-03 12:44:10.781 D/dalvikvm(15954): WAIT_FOR_CONCURRENT_GC blocked 4ms
02-03 12:44:10.781 D/dalvikvm(15954): GC_FOR_ALLOC freed 4049K, 44% free 9378K/16616K, paused 3ms, total 3ms
02-03 12:44:10.791 D/dalvikvm(15954): GC_CONCURRENT freed 3903K, 43% free 9543K/16616K, paused 1ms+1ms, total 5ms
02-03 12:44:10.791 D/dalvikvm(15954): WAIT_FOR_CONCURRENT_GC blocked 4ms
02-03 12:44:10.801 D/dalvikvm(15954): GC_FOR_ALLOC freed 4080K, 44% free 9381K/16616K, paused 4ms, total 4ms
02-03 12:44:10.811 D/dalvikvm(15954): GC_FOR_ALLOC freed 3440K, 42% free 9711K/16616K, paused 3ms, total 3ms
02-03 12:44:10.811 D/dalvikvm(15954): GC_FOR_ALLOC freed 4276K, 45% free 9221K/16616K, paused 4ms, total 4ms
02-03 12:44:10.821 D/dalvikvm(15954): GC_FOR_ALLOC freed 3797K, 44% free 9387K/16616K, paused 4ms, total 4ms
02-03 12:44:10.821 D/dalvikvm(15954): GC_FOR_ALLOC freed 3478K, 42% free 9720K/16616K, paused 4ms, total 4ms
02-03 12:44:10.831 D/dalvikvm(15954): GC_FOR_ALLOC freed 4319K, 45% free 9224K/16616K, paused 4ms, total 4ms
02-03 12:44:10.851 D/dalvikvm(15954): GC_CONCURRENT freed 3832K, 44% free 9392K/16616K, paused 0ms+1ms, total 8ms
02-03 12:44:10.851 D/dalvikvm(15954): WAIT_FOR_CONCURRENT_GC blocked 7ms
02-03 12:44:10.851 D/dalvikvm(15954): GC_FOR_ALLOC freed 3509K, 42% free 9727K/16616K, paused 4ms, total 5ms
02-03 12:44:10.871 D/dalvikvm(15954): GC_FOR_ALLOC freed 4358K, 45% free 9227K/16616K, paused 9ms, total 9ms
02-03 12:44:10.871 W/BindingManager(18937): Cannot call determinedVisibility() - never saw a connection for the pid: 18937
02-03 12:44:10.881 D/dalvikvm(15954): GC_CONCURRENT freed 3866K, 44% free 9396K/16616K, paused 1ms+1ms, total 6ms
02-03 12:44:10.881 D/dalvikvm(15954): WAIT_FOR_CONCURRENT_GC blocked 5ms
02-03 12:44:10.891 D/dalvikvm(15954): GC_FOR_ALLOC freed 3541K, 42% free 9735K/16616K, paused 5ms, total 5ms
02-03 12:44:10.901 D/dalvikvm(15954): GC_FOR_ALLOC freed 3551K, 42% free 9737K/16616K, paused 5ms, total 5ms
02-03 12:44:10.921 D/dalvikvm(15954): GC_CONCURRENT freed 4601K, 45% free 9232K/16616K, paused 1ms+1ms, total 8ms
02-03 12:44:10.921 D/dalvikvm(15954): WAIT_FOR_CONCURRENT_GC blocked 7ms
02-03 12:44:10.931 D/dalvikvm(15954): GC_FOR_ALLOC freed 3700K, 44% free 9436K/16616K, paused 6ms, total 6ms
02-03 12:44:10.951 D/dalvikvm(15954): GC_FOR_ALLOC freed 4887K, 50% free 8315K/16616K, paused 5ms, total 5ms
02-03 12:44:10.981 D/dalvikvm(15954): GC_CONCURRENT freed 3331K, 46% free 9030K/16616K, paused 1ms+1ms, total 5ms
02-03 12:44:11.041 D/dalvikvm(15954): GC_CONCURRENT freed 4176K, 47% free 8940K/16616K, paused 1ms+1ms, total 7ms
02-03 12:44:11.041 D/dalvikvm(15954): WAIT_FOR_CONCURRENT_GC blocked 6ms
02-03 12:44:11.041 D/dalvikvm(15954): GC_CONCURRENT freed 4052K, 46% free 8983K/16616K, paused 0ms+1ms, total 4ms
02-03 12:44:11.041 D/dalvikvm(15954): WAIT_FOR_CONCURRENT_GC blocked 4ms
02-03 12:44:11.051 D/dalvikvm(15954): GC_CONCURRENT freed 4071K, 46% free 8976K/16616K, paused 1ms+1ms, total 5ms
02-03 12:44:11.051 D/dalvikvm(15954): WAIT_FOR_CONCURRENT_GC blocked 4ms
02-03 12:44:11.061 D/dalvikvm(15954): GC_CONCURRENT freed 4054K, 46% free 8985K/16616K, paused 0ms+1ms, total 5ms
02-03 12:44:11.061 D/dalvikvm(15954): WAIT_FOR_CONCURRENT_GC blocked 5ms
02-03 12:44:11.071 D/dalvikvm(15954): GC_FOR_ALLOC freed 4077K, 47% free 8934K/16616K, paused 4ms, total 4ms
02-03 12:44:11.081 D/dalvikvm(15954): GC_CONCURRENT freed 3183K, 43% free 9583K/16616K, paused 1ms+2ms, total 7ms
02-03 12:44:11.081 D/dalvikvm(15954): GC_FOR_ALLOC freed 4654K, 47% free 8966K/16616K, paused 4ms, total 4ms
02-03 12:44:11.091 D/dalvikvm(15954): GC_CONCURRENT freed 3404K, 45% free 9181K/16616K, paused 0ms+1ms, total 5ms
02-03 12:44:11.101 D/dalvikvm(15954): GC_FOR_ALLOC freed 4281K, 47% free 8971K/16616K, paused 4ms, total 4ms
02-03 12:44:11.101 D/dalvikvm(15954): GC_CONCURRENT freed 3522K, 43% free 9474K/16616K, paused 0ms+1ms, total 5ms
02-03 12:44:11.101 D/dalvikvm(15954): WAIT_FOR_CONCURRENT_GC blocked 1ms
02-03 12:44:11.111 D/dalvikvm(15954): GC_FOR_ALLOC freed 4511K, 46% free 9008K/16616K, paused 5ms, total 5ms
02-03 12:44:11.121 D/dalvikvm(15954): GC_CONCURRENT freed 3801K, 45% free 9224K/16616K, paused 0ms+0ms, total 6ms
02-03 12:44:11.121 D/dalvikvm(15954): WAIT_FOR_CONCURRENT_GC blocked 2ms
02-03 12:44:11.131 D/dalvikvm(15954): GC_CONCURRENT freed 4214K, 46% free 9063K/16616K, paused 0ms+1ms, total 4ms
02-03 12:44:11.131 D/dalvikvm(15954): WAIT_FOR_CONCURRENT_GC blocked 5ms
02-03 12:44:11.131 D/dalvikvm(15954): GC_CONCURRENT freed 4019K, 46% free 9067K/16616K, paused 0ms+0ms, total 5ms
02-03 12:44:11.131 D/dalvikvm(15954): WAIT_FOR_CONCURRENT_GC blocked 5ms
02-03 12:44:11.141 D/dalvikvm(15954): GC_FOR_ALLOC freed 4018K, 46% free 9118K/16616K, paused 4ms, total 4ms
02-03 12:44:11.151 D/dalvikvm(15954): GC_CONCURRENT freed 3960K, 45% free 9219K/16616K, paused 1ms+1ms, total 6ms
02-03 12:44:11.151 D/dalvikvm(15954): WAIT_FOR_CONCURRENT_GC blocked 3ms
02-03 12:44:11.161 D/dalvikvm(15954): GC_CONCURRENT freed 4069K, 45% free 9234K/16616K, paused 1ms+1ms, total 6ms
02-03 12:44:11.161 D/dalvikvm(15954): WAIT_FOR_CONCURRENT_GC blocked 5ms
02-03 12:44:11.161 D/dalvikvm(15954): GC_CONCURRENT freed 4201K, 46% free 9021K/16616K, paused 0ms+1ms, total 5ms
02-03 12:44:11.161 D/dalvikvm(15954): WAIT_FOR_CONCURRENT_GC blocked 5ms
02-03 12:44:11.171 D/dalvikvm(15954): GC_CONCURRENT freed 3931K, 45% free 9167K/16616K, paused 0ms+1ms, total 5ms
02-03 12:44:11.171 D/dalvikvm(15954): WAIT_FOR_CONCURRENT_GC blocked 4ms
02-03 12:44:11.181 D/dalvikvm(15954): GC_FOR_ALLOC freed 4036K, 45% free 9170K/16616K, paused 4ms, total 4ms
02-03 12:44:11.191 D/dalvikvm(15954): GC_CONCURRENT freed 3849K, 44% free 9346K/16616K, paused 1ms+1ms, total 7ms
02-03 12:44:11.191 D/dalvikvm(15954): WAIT_FOR_CONCURRENT_GC blocked 2ms
02-03 12:44:11.201 D/dalvikvm(15954): GC_CONCURRENT freed 4292K, 46% free 9116K/16616K, paused 1ms+1ms, total 6ms
02-03 12:44:11.201 D/dalvikvm(15954): WAIT_FOR_CONCURRENT_GC blocked 2ms
02-03 12:44:11.211 D/dalvikvm(15954): GC_FOR_ALLOC freed 4154K, 46% free 9055K/16616K, paused 6ms, total 6ms
02-03 12:44:11.211 D/dalvikvm(15954): GC_CONCURRENT freed 3683K, 44% free 9367K/16616K, paused 1ms+1ms, total 7ms
02-03 12:44:11.211 D/dalvikvm(15954): WAIT_FOR_CONCURRENT_GC blocked 3ms
02-03 12:44:11.221 D/dalvikvm(15954): GC_FOR_ALLOC freed 4391K, 46% free 9055K/16616K, paused 4ms, total 4ms
02-03 12:44:11.231 D/dalvikvm(15954): GC_CONCURRENT freed 3706K, 44% free 9314K/16616K, paused 1ms+1ms, total 7ms
02-03 12:44:11.231 D/dalvikvm(15954): WAIT_FOR_CONCURRENT_GC blocked 3ms
02-03 12:44:11.231 D/dalvikvm(15954): GC_FOR_ALLOC freed 4231K, 46% free 9087K/16616K, paused 5ms, total 5ms
02-03 12:44:11.241 D/dalvikvm(15954): GC_CONCURRENT freed 614K, 42% free 9697K/16616K, paused 1ms+1ms, total 5ms
02-03 12:44:11.251 D/dalvikvm(15954): GC_FOR_ALLOC freed 4681K, 46% free 9087K/16616K, paused 5ms, total 5ms
02-03 12:44:11.251 D/dalvikvm(15954): GC_CONCURRENT freed 3586K, 43% free 9574K/16616K, paused 1ms+1ms, total 6ms
02-03 12:44:11.251 D/dalvikvm(15954): WAIT_FOR_CONCURRENT_GC blocked 1ms
02-03 12:44:11.261 D/dalvikvm(15954): GC_CONCURRENT freed 4345K, 45% free 9230K/16616K, paused 0ms+1ms, total 4ms
02-03 12:44:11.261 D/dalvikvm(15954): WAIT_FOR_CONCURRENT_GC blocked 5ms
02-03 12:44:11.271 D/dalvikvm(15954): GC_FOR_ALLOC freed 4066K, 45% free 9232K/16616K, paused 5ms, total 5ms
02-03 12:44:11.281 D/dalvikvm(15954): GC_CONCURRENT freed 3623K, 43% free 9596K/16616K, paused 1ms+1ms, total 6ms
02-03 12:44:11.281 D/dalvikvm(15954): WAIT_FOR_CONCURRENT_GC blocked 1ms
02-03 12:44:11.291 D/dalvikvm(15954): GC_FOR_ALLOC freed 4560K, 46% free 9011K/16616K, paused 6ms, total 6ms
02-03 12:44:11.301 D/dalvikvm(15954): GC_CONCURRENT freed 2965K, 42% free 9769K/16616K, paused 1ms+1ms, total 6ms
02-03 12:44:11.301 D/dalvikvm(15954): GC_CONCURRENT freed 4693K, 46% free 9088K/16616K, paused 1ms+1ms, total 5ms
02-03 12:44:11.301 D/dalvikvm(15954): WAIT_FOR_CONCURRENT_GC blocked 4ms
02-03 12:44:11.311 D/dalvikvm(15954): GC_CONCURRENT freed 3833K, 45% free 9276K/16616K, paused 0ms+1ms, total 5ms
02-03 12:44:11.311 D/dalvikvm(15954): WAIT_FOR_CONCURRENT_GC blocked 4ms
02-03 12:44:11.321 D/dalvikvm(15954): GC_CONCURRENT freed 4120K, 45% free 9203K/16616K, paused 1ms+0ms, total 5ms
02-03 12:44:11.321 D/dalvikvm(15954): WAIT_FOR_CONCURRENT_GC blocked 4ms
02-03 12:44:11.321 D/EVENT_THREAD(14412): void CEventThread::run() POLLIN event on Fd (1)
02-03 12:44:11.321 D/EVENT_THREAD(14412): void CEventThread::run() Do poll with timeout: -1
02-03 12:44:11.331 D/dalvikvm(15954): GC_FOR_ALLOC freed 4103K, 46% free 9042K/16616K, paused 4ms, total 4ms
02-03 12:44:11.331 D/dalvikvm(15954): GC_CONCURRENT freed 3830K, 45% free 9208K/16616K, paused 0ms+1ms, total 4ms
02-03 12:44:11.341 D/dalvikvm(15954): WAIT_FOR_CONCURRENT_GC blocked 4ms
02-03 12:44:11.341 D/dalvikvm(15954): GC_CONCURRENT freed 4045K, 45% free 9212K/16616K, paused 1ms+1ms, total 5ms
02-03 12:44:11.341 D/dalvikvm(15954): WAIT_FOR_CONCURRENT_GC blocked 4ms
02-03 12:44:11.351 D/dalvikvm(15954): GC_FOR_ALLOC freed 3851K, 45% free 9295K/16616K, paused 4ms, total 4ms
02-03 12:44:11.361 D/dalvikvm(15954): GC_FOR_ALLOC freed 4153K, 46% free 9126K/16616K, paused 4ms, total 5ms
02-03 12:44:11.361 D/dalvikvm(15954): GC_CONCURRENT freed 3608K, 44% free 9464K/16616K, paused 0ms+0ms, total 6ms
02-03 12:44:11.361 D/dalvikvm(15954): WAIT_FOR_CONCURRENT_GC blocked 2ms
02-03 12:44:11.371 D/dalvikvm(15954): GC_FOR_ALLOC freed 4237K, 45% free 9302K/16616K, paused 5ms, total 5ms
02-03 12:44:11.381 D/dalvikvm(15954): GC_CONCURRENT freed 3515K, 42% free 9648K/16616K, paused 0ms+0ms, total 6ms
02-03 12:44:11.381 D/dalvikvm(15954): WAIT_FOR_CONCURRENT_GC blocked 2ms
02-03 12:44:11.381 D/dalvikvm(15954): GC_FOR_ALLOC freed 4507K, 46% free 9130K/16616K, paused 4ms, total 4ms
02-03 12:44:11.391 D/dalvikvm(15954): GC_CONCURRENT freed 3316K, 42% free 9756K/16616K, paused 0ms+1ms, total 6ms
02-03 12:44:11.391 D/dalvikvm(15954): WAIT_FOR_CONCURRENT_GC blocked 2ms
02-03 12:44:11.401 D/dalvikvm(15954): GC_CONCURRENT freed 4513K, 41% free 9864K/16616K, paused 1ms+1ms, total 6ms
02-03 12:44:11.411 D/dalvikvm(15954): GC_FOR_ALLOC freed 4671K, 46% free 9044K/16616K, paused 6ms, total 6ms
02-03 12:44:11.421 D/dalvikvm(15954): GC_FOR_ALLOC freed 3884K, 46% free 9046K/16616K, paused 6ms, total 6ms
02-03 12:44:11.431 D/dalvikvm(15954): GC_FOR_ALLOC freed 3921K, 46% free 9047K/16616K, paused 4ms, total 5ms
02-03 12:44:11.431 D/dalvikvm(15954): GC_FOR_ALLOC freed 3959K, 46% free 9049K/16616K, paused 4ms, total 5ms
02-03 12:44:11.441 D/dalvikvm(15954): GC_CONCURRENT freed 3804K, 45% free 9241K/16616K, paused 1ms+1ms, total 5ms
02-03 12:44:11.461 D/dalvikvm(15954): GC_CONCURRENT freed 4033K, 45% free 9245K/16616K, paused 1ms+1ms, total 8ms
02-03 12:44:11.471 D/dalvikvm(15954): GC_CONCURRENT freed 4077K, 45% free 9245K/16616K, paused 1ms+1ms, total 6ms
02-03 12:44:11.471 D/dalvikvm(15954): WAIT_FOR_CONCURRENT_GC blocked 2ms
02-03 12:44:11.471 W/BindingManager(18937): Cannot call determinedVisibility() - never saw a connection for the pid: 18937
02-03 12:44:11.481 D/dalvikvm(15954): GC_FOR_ALLOC freed 3812K, 44% free 9345K/16616K, paused 7ms, total 9ms
02-03 12:44:11.491 D/dalvikvm(15954): GC_FOR_ALLOC freed 4143K, 45% free 9152K/16616K, paused 5ms, total 6ms
02-03 12:44:11.501 I/chromium(18937): [INFO:CONSOLE(47)] "Uncaught ReferenceError: SharedWorker is not defined", source: app://org.xwalk.webapi_noneservice_tests//opt/tct-workers-w3c-tests/workers/SharedWorkerLocation_hash_nonexist.html (47)
02-03 12:44:11.501 D/dalvikvm(15954): GC_FOR_ALLOC freed 3981K, 46% free 9056K/16616K, paused 9ms, total 9ms
02-03 12:44:11.521 D/dalvikvm(15954): GC_FOR_ALLOC freed 3712K, 44% free 9358K/16616K, paused 13ms, total 14ms
02-03 12:44:11.531 D/dalvikvm(15954): GC_CONCURRENT freed 301K, 21% free 13142K/16616K, paused 1ms+3ms, total 12ms
02-03 12:44:11.541 D/dalvikvm(15954): GC_FOR_ALLOC freed 6094K, 47% free 9393K/17536K, paused 4ms, total 4ms
02-03 12:44:11.551 D/dalvikvm(15954): GC_FOR_ALLOC freed 4102K, 49% free 9090K/17536K, paused 4ms, total 4ms
02-03 12:44:11.561 D/dalvikvm(15954): GC_FOR_ALLOC freed 3826K, 48% free 9194K/17536K, paused 5ms, total 5ms
02-03 12:44:11.571 D/dalvikvm(15954): GC_FOR_ALLOC freed 4171K, 49% free 9093K/17536K, paused 4ms, total 4ms
02-03 12:44:11.571 D/dalvikvm(15954): GC_CONCURRENT freed 3159K, 44% free 9932K/17536K, paused 0ms+1ms, total 5ms
02-03 12:44:11.571 D/dalvikvm(15954): WAIT_FOR_CONCURRENT_GC blocked 2ms
02-03 12:44:11.591 D/dalvikvm(15954): GC_FOR_ALLOC freed 4440K, 47% free 9414K/17536K, paused 5ms, total 5ms
02-03 12:44:11.591 D/dalvikvm(15954): GC_FOR_ALLOC freed 4270K, 49% free 9098K/17536K, paused 4ms, total 4ms
02-03 12:44:11.591 D/dalvikvm(15954): GC_FOR_ALLOC freed 3980K, 48% free 9207K/17536K, paused 4ms, total 4ms
02-03 12:44:11.601 D/dalvikvm(15954): GC_CONCURRENT freed 3037K, 42% free 10180K/17536K, paused 0ms+1ms, total 5ms
02-03 12:44:11.601 D/dalvikvm(15954): WAIT_FOR_CONCURRENT_GC blocked 1ms
02-03 12:44:11.611 D/dalvikvm(15954): GC_FOR_ALLOC freed 5124K, 49% free 9099K/17536K, paused 5ms, total 5ms
02-03 12:44:11.611 D/dalvikvm(15954): GC_CONCURRENT freed 3519K, 47% free 9429K/17536K, paused 0ms+1ms, total 5ms
02-03 12:44:11.611 D/dalvikvm(15954): WAIT_FOR_CONCURRENT_GC blocked 2ms
02-03 12:44:11.621 D/dalvikvm(15954): GC_FOR_ALLOC freed 4202K, 49% free 9102K/17536K, paused 4ms, total 4ms
02-03 12:44:11.631 D/dalvikvm(15954): GC_FOR_ALLOC freed 3900K, 49% free 9103K/17536K, paused 4ms, total 5ms
02-03 12:44:11.641 D/dalvikvm(15954): GC_FOR_ALLOC freed 3926K, 49% free 9105K/17536K, paused 4ms, total 4ms
02-03 12:44:11.641 D/dalvikvm(15954): GC_FOR_ALLOC freed 3952K, 49% free 9106K/17536K, paused 5ms, total 5ms
02-03 12:44:11.651 D/dalvikvm(15954): GC_FOR_ALLOC freed 3978K, 49% free 9108K/17536K, paused 4ms, total 4ms
02-03 12:44:11.661 D/dalvikvm(15954): GC_CONCURRENT freed 3436K, 45% free 9678K/17536K, paused 0ms+1ms, total 5ms
02-03 12:44:11.661 D/dalvikvm(15954): WAIT_FOR_CONCURRENT_GC blocked 1ms
02-03 12:44:11.661 D/dalvikvm(15954): GC_CONCURRENT freed 4369K, 47% free 9341K/17536K, paused 1ms+0ms, total 5ms
02-03 12:44:11.661 D/dalvikvm(15954): WAIT_FOR_CONCURRENT_GC blocked 4ms
02-03 12:44:11.671 D/dalvikvm(15954): GC_CONCURRENT freed 4055K, 47% free 9344K/17536K, paused 1ms+1ms, total 5ms
02-03 12:44:11.671 D/dalvikvm(15954): WAIT_FOR_CONCURRENT_GC blocked 4ms
02-03 12:44:11.681 D/dalvikvm(15954): GC_CONCURRENT freed 4084K, 47% free 9348K/17536K, paused 0ms+1ms, total 4ms
02-03 12:44:11.681 D/dalvikvm(15954): WAIT_FOR_CONCURRENT_GC blocked 4ms
02-03 12:44:11.691 D/dalvikvm(15954): GC_FOR_ALLOC freed 3759K, 47% free 9468K/17536K, paused 4ms, total 4ms
02-03 12:44:11.691 D/dalvikvm(15954): GC_FOR_ALLOC freed 4140K, 48% free 9235K/17536K, paused 4ms, total 4ms
02-03 12:44:11.701 D/dalvikvm(15954): GC_FOR_ALLOC freed 3931K, 48% free 9119K/17536K, paused 4ms, total 4ms
02-03 12:44:11.711 D/dalvikvm(15954): GC_FOR_ALLOC freed 3596K, 46% free 9480K/17536K, paused 4ms, total 4ms
02-03 12:44:11.711 D/dalvikvm(15954): GC_FOR_ALLOC freed 4223K, 48% free 9242K/17536K, paused 4ms, total 4ms
02-03 12:44:11.721 D/dalvikvm(15954): GC_CONCURRENT freed 3405K, 45% free 9727K/17536K, paused 0ms+1ms, total 5ms
02-03 12:44:11.721 D/dalvikvm(15954): WAIT_FOR_CONCURRENT_GC blocked 1ms
02-03 12:44:11.721 D/dalvikvm(15954): GC_FOR_ALLOC freed 4270K, 46% free 9491K/17536K, paused 4ms, total 4ms
02-03 12:44:11.731 D/dalvikvm(15954): GC_CONCURRENT freed 3448K, 43% free 10106K/17536K, paused 1ms+0ms, total 6ms
02-03 12:44:11.731 D/dalvikvm(15954): WAIT_FOR_CONCURRENT_GC blocked 2ms
02-03 12:44:11.741 D/dalvikvm(15954): GC_FOR_ALLOC freed 4943K, 48% free 9128K/17536K, paused 4ms, total 4ms
02-03 12:44:11.751 D/dalvikvm(15954): GC_FOR_ALLOC freed 3737K, 48% free 9254K/17536K, paused 6ms, total 6ms
02-03 12:44:11.751 D/dalvikvm(15954): GC_FOR_ALLOC freed 4136K, 48% free 9131K/17536K, paused 4ms, total 4ms
02-03 12:44:11.761 D/dalvikvm(15954): GC_CONCURRENT freed 2527K, 41% free 10514K/17536K, paused 1ms+1ms, total 6ms
02-03 12:44:11.761 D/dalvikvm(15954): WAIT_FOR_CONCURRENT_GC blocked 2ms
02-03 12:44:11.771 D/dalvikvm(15954): GC_CONCURRENT freed 5188K, 47% free 9388K/17536K, paused 0ms+1ms, total 4ms
02-03 12:44:11.771 D/dalvikvm(15954): WAIT_FOR_CONCURRENT_GC blocked 4ms
02-03 12:44:11.771 D/dalvikvm(15954): GC_FOR_ALLOC freed 4081K, 48% free 9263K/17536K, paused 4ms, total 4ms
02-03 12:44:11.781 D/dalvikvm(15954): GC_FOR_ALLOC freed 3592K, 46% free 9521K/17536K, paused 4ms, total 4ms
02-03 12:44:11.791 D/dalvikvm(15954): GC_FOR_ALLOC freed 4257K, 48% free 9138K/17536K, paused 4ms, total 4ms
02-03 12:44:11.791 D/dalvikvm(15954): GC_CONCURRENT freed 3892K, 48% free 9270K/17536K, paused 1ms+0ms, total 5ms
02-03 12:44:11.791 D/dalvikvm(15954): WAIT_FOR_CONCURRENT_GC blocked 4ms
02-03 12:44:11.801 D/dalvikvm(15954): GC_FOR_ALLOC freed 3652K, 46% free 9532K/17536K, paused 4ms, total 4ms
02-03 12:44:11.811 D/dalvikvm(15954): GC_FOR_ALLOC freed 4329K, 48% free 9143K/17536K, paused 4ms, total 4ms
02-03 12:44:11.821 D/dalvikvm(15954): GC_CONCURRENT freed 3956K, 48% free 9276K/17536K, paused 0ms+1ms, total 4ms
02-03 12:44:11.821 D/dalvikvm(15954): WAIT_FOR_CONCURRENT_GC blocked 5ms
02-03 12:44:11.821 D/dalvikvm(15954): GC_CONCURRENT freed 3713K, 46% free 9543K/17536K, paused 1ms+1ms, total 5ms
02-03 12:44:11.821 D/dalvikvm(15954): WAIT_FOR_CONCURRENT_GC blocked 4ms
02-03 12:44:11.831 D/dalvikvm(15954): GC_CONCURRENT freed 4133K, 47% free 9414K/17536K, paused 0ms+1ms, total 5ms
02-03 12:44:11.831 D/dalvikvm(15954): WAIT_FOR_CONCURRENT_GC blocked 5ms
02-03 12:44:11.841 D/dalvikvm(15954): GC_FOR_ALLOC freed 4020K, 48% free 9148K/17536K, paused 4ms, total 4ms
02-03 12:44:11.841 D/dalvikvm(15954): GC_FOR_ALLOC freed 3773K, 48% free 9150K/17536K, paused 4ms, total 4ms
02-03 12:44:11.851 D/dalvikvm(15954): GC_FOR_ALLOC freed 3792K, 48% free 9151K/17536K, paused 4ms, total 4ms
02-03 12:44:11.861 D/dalvikvm(15954): GC_FOR_ALLOC freed 3811K, 48% free 9153K/17536K, paused 4ms, total 4ms
02-03 12:44:11.861 D/dalvikvm(15954): GC_FOR_ALLOC freed 3830K, 48% free 9154K/17536K, paused 4ms, total 4ms
02-03 12:44:11.871 D/dalvikvm(15954): GC_FOR_ALLOC freed 3849K, 48% free 9155K/17536K, paused 4ms, total 4ms
02-03 12:44:11.881 D/dalvikvm(15954): GC_FOR_ALLOC freed 3867K, 48% free 9157K/17536K, paused 4ms, total 4ms
02-03 12:44:11.881 D/dalvikvm(15954): GC_FOR_ALLOC freed 3886K, 48% free 9158K/17536K, paused 4ms, total 4ms
02-03 12:44:11.891 D/dalvikvm(15954): GC_FOR_ALLOC freed 3905K, 48% free 9159K/17536K, paused 4ms, total 4ms
02-03 12:44:11.901 D/dalvikvm(15954): GC_FOR_ALLOC freed 3924K, 48% free 9161K/17536K, paused 5ms, total 5ms
02-03 12:44:11.901 D/dalvikvm(15954): GC_FOR_ALLOC freed 3943K, 48% free 9162K/17536K, paused 4ms, total 4ms
02-03 12:44:11.911 D/dalvikvm(15954): GC_FOR_ALLOC freed 3961K, 48% free 9163K/17536K, paused 4ms, total 4ms
02-03 12:44:11.921 D/dalvikvm(15954): GC_CONCURRENT freed 3696K, 47% free 9449K/17536K, paused 1ms+1ms, total 5ms
02-03 12:44:11.921 D/dalvikvm(15954): WAIT_FOR_CONCURRENT_GC blocked 4ms
02-03 12:44:11.921 D/dalvikvm(15954): GC_CONCURRENT freed 3998K, 47% free 9452K/17536K, paused 0ms+1ms, total 4ms
02-03 12:44:11.921 D/dalvikvm(15954): WAIT_FOR_CONCURRENT_GC blocked 4ms
02-03 12:44:11.931 D/dalvikvm(15954): GC_CONCURRENT freed 4017K, 47% free 9454K/17536K, paused 1ms+0ms, total 5ms
02-03 12:44:11.931 D/dalvikvm(15954): WAIT_FOR_CONCURRENT_GC blocked 4ms
02-03 12:44:11.941 D/dalvikvm(15954): GC_CONCURRENT freed 4035K, 47% free 9457K/17536K, paused 1ms+1ms, total 5ms
02-03 12:44:11.941 D/dalvikvm(15954): WAIT_FOR_CONCURRENT_GC blocked 4ms
02-03 12:44:11.951 D/dalvikvm(15954): GC_CONCURRENT freed 4054K, 47% free 9460K/17536K, paused 0ms+1ms, total 5ms
02-03 12:44:11.951 D/dalvikvm(15954): WAIT_FOR_CONCURRENT_GC blocked 4ms
02-03 12:44:11.951 D/dalvikvm(15954): GC_CONCURRENT freed 4073K, 47% free 9462K/17536K, paused 1ms+1ms, total 5ms
02-03 12:44:11.951 D/dalvikvm(15954): WAIT_FOR_CONCURRENT_GC blocked 4ms
02-03 12:44:11.961 D/dalvikvm(15954): GC_CONCURRENT freed 4092K, 47% free 9465K/17536K, paused 0ms+1ms, total 4ms
02-03 12:44:11.961 D/dalvikvm(15954): WAIT_FOR_CONCURRENT_GC blocked 4ms
02-03 12:44:11.971 D/dalvikvm(15954): GC_FOR_ALLOC freed 3668K, 46% free 9614K/17536K, paused 4ms, total 4ms
02-03 12:44:11.971 D/dalvikvm(15954): GC_FOR_ALLOC freed 4127K, 47% free 9322K/17536K, paused 4ms, total 4ms
02-03 12:44:11.981 D/dalvikvm(15954): GC_FOR_ALLOC freed 3850K, 48% free 9176K/17536K, paused 4ms, total 4ms
02-03 12:44:11.991 D/dalvikvm(15954): GC_FOR_ALLOC freed 3418K, 46% free 9623K/17536K, paused 4ms, total 4ms
02-03 12:44:11.991 D/dalvikvm(15954): GC_FOR_ALLOC freed 4179K, 47% free 9328K/17536K, paused 4ms, total 4ms
02-03 12:44:12.001 D/dalvikvm(15954): GC_FOR_ALLOC freed 3898K, 48% free 9180K/17536K, paused 4ms, total 4ms
02-03 12:44:12.011 D/dalvikvm(15954): GC_FOR_ALLOC freed 3461K, 46% free 9632K/17536K, paused 4ms, total 4ms
02-03 12:44:12.011 D/dalvikvm(15954): GC_FOR_ALLOC freed 4231K, 47% free 9333K/17536K, paused 4ms, total 4ms
02-03 12:44:12.021 D/dalvikvm(15954): GC_FOR_ALLOC freed 3946K, 48% free 9184K/17536K, paused 4ms, total 4ms
02-03 12:44:12.031 D/dalvikvm(15954): GC_FOR_ALLOC freed 3503K, 46% free 9642K/17536K, paused 4ms, total 4ms
02-03 12:44:12.031 D/dalvikvm(15954): GC_CONCURRENT freed 4283K, 47% free 9339K/17536K, paused 1ms+0ms, total 5ms
02-03 12:44:12.031 D/dalvikvm(15954): WAIT_FOR_CONCURRENT_GC blocked 4ms
02-03 12:44:12.041 D/dalvikvm(15954): GC_FOR_ALLOC freed 3994K, 48% free 9188K/17536K, paused 4ms, total 4ms
02-03 12:44:12.051 D/dalvikvm(15954): GC_FOR_ALLOC freed 3546K, 45% free 9651K/17536K, paused 4ms, total 4ms
02-03 12:44:12.051 D/dalvikvm(15954): GC_CONCURRENT freed 3254K, 41% free 10424K/17536K, paused 1ms+0ms, total 7ms
02-03 12:44:12.051 D/dalvikvm(15954): WAIT_FOR_CONCURRENT_GC blocked 2ms
02-03 12:44:12.061 D/dalvikvm(15954): GC_FOR_ALLOC freed 5122K, 48% free 9191K/17536K, paused 4ms, total 5ms
02-03 12:44:12.071 D/dalvikvm(15954): GC_FOR_ALLOC freed 3588K, 45% free 9660K/17536K, paused 4ms, total 4ms
02-03 12:44:12.071 D/dalvikvm(15954): GC_CONCURRENT freed 3293K, 41% free 10443K/17536K, paused 1ms+1ms, total 7ms
02-03 12:44:12.071 D/dalvikvm(15954): WAIT_FOR_CONCURRENT_GC blocked 2ms
02-03 12:44:12.081 D/dalvikvm(15954): GC_FOR_ALLOC freed 5183K, 48% free 9195K/17536K, paused 4ms, total 4ms
02-03 12:44:12.091 D/dalvikvm(15954): GC_FOR_ALLOC freed 3631K, 47% free 9353K/17536K, paused 4ms, total 4ms
02-03 12:44:12.101 D/dalvikvm(15954): GC_FOR_ALLOC freed 4121K, 48% free 9197K/17536K, paused 5ms, total 5ms
02-03 12:44:12.101 D/dalvikvm(15954): GC_FOR_ALLOC freed 3658K, 47% free 9357K/17536K, paused 4ms, total 4ms
02-03 12:44:12.111 D/dalvikvm(15954): GC_CONCURRENT freed 3832K, 46% free 9519K/17536K, paused 0ms+1ms, total 4ms
02-03 12:44:12.111 D/dalvikvm(15954): WAIT_FOR_CONCURRENT_GC blocked 4ms
02-03 12:44:12.121 D/dalvikvm(15954): GC_FOR_ALLOC freed 4006K, 47% free 9361K/17536K, paused 5ms, total 5ms
02-03 12:44:12.121 D/dalvikvm(15954): GC_CONCURRENT freed 3862K, 46% free 9524K/17536K, paused 0ms+1ms, total 4ms
02-03 12:44:12.131 D/dalvikvm(15954): WAIT_FOR_CONCURRENT_GC blocked 5ms
02-03 12:44:12.131 D/dalvikvm(15954): GC_FOR_ALLOC freed 4036K, 47% free 9364K/17536K, paused 5ms, total 5ms
02-03 12:44:12.141 D/dalvikvm(15954): GC_CONCURRENT freed 3891K, 46% free 9529K/17536K, paused 0ms+1ms, total 4ms
02-03 12:44:12.141 D/dalvikvm(15954): WAIT_FOR_CONCURRENT_GC blocked 4ms
02-03 12:44:12.151 D/dalvikvm(15954): GC_FOR_ALLOC freed 4066K, 47% free 9368K/17536K, paused 5ms, total 5ms
02-03 12:44:12.151 D/dalvikvm(15954): GC_CONCURRENT freed 3921K, 46% free 9534K/17536K, paused 0ms+1ms, total 4ms
02-03 12:44:12.151 D/dalvikvm(15954): WAIT_FOR_CONCURRENT_GC blocked 4ms
02-03 12:44:12.161 D/dalvikvm(15954): GC_FOR_ALLOC freed 4098K, 47% free 9372K/17536K, paused 5ms, total 5ms
02-03 12:44:12.171 D/dalvikvm(15954): GC_FOR_ALLOC freed 3456K, 45% free 9703K/17536K, paused 5ms, total 5ms
02-03 12:44:12.181 D/dalvikvm(15954): GC_FOR_ALLOC freed 4295K, 48% free 9211K/17536K, paused 4ms, total 4ms
02-03 12:44:12.181 D/dalvikvm(15954): GC_CONCURRENT freed 3811K, 47% free 9377K/17536K, paused 1ms+0ms, total 5ms
02-03 12:44:12.181 D/dalvikvm(15954): WAIT_FOR_CONCURRENT_GC blocked 4ms
02-03 12:44:12.191 D/dalvikvm(15954): GC_FOR_ALLOC freed 3491K, 45% free 9711K/17536K, paused 4ms, total 4ms
02-03 12:44:12.201 D/dalvikvm(15954): GC_FOR_ALLOC freed 4335K, 48% free 9214K/17536K, paused 4ms, total 4ms
02-03 12:44:12.211 D/dalvikvm(15954): GC_CONCURRENT freed 3846K, 47% free 9382K/17536K, paused 1ms+1ms, total 5ms
02-03 12:44:12.211 D/dalvikvm(15954): WAIT_FOR_CONCURRENT_GC blocked 4ms
02-03 12:44:12.211 D/dalvikvm(15954): GC_FOR_ALLOC freed 3522K, 45% free 9718K/17536K, paused 4ms, total 4ms
02-03 12:44:12.221 D/dalvikvm(15954): GC_FOR_ALLOC freed 4374K, 48% free 9217K/17536K, paused 5ms, total 5ms
02-03 12:44:12.231 D/dalvikvm(15954): GC_CONCURRENT freed 3880K, 47% free 9386K/17536K, paused 0ms+1ms, total 5ms
02-03 12:44:12.231 D/dalvikvm(15954): WAIT_FOR_CONCURRENT_GC blocked 5ms
02-03 12:44:12.241 D/dalvikvm(15954): GC_FOR_ALLOC freed 3556K, 45% free 9726K/17536K, paused 4ms, total 4ms
02-03 12:44:12.251 D/dalvikvm(15954): GC_FOR_ALLOC freed 4262K, 48% free 9240K/17536K, paused 4ms, total 4ms
02-03 12:44:12.251 D/dalvikvm(15954): GC_FOR_ALLOC freed 3753K, 48% free 9240K/17536K, paused 4ms, total 4ms
02-03 12:44:12.261 D/dalvikvm(15954): GC_CONCURRENT freed 3955K, 47% free 9359K/17536K, paused 0ms+1ms, total 5ms
02-03 12:44:12.261 D/dalvikvm(15954): WAIT_FOR_CONCURRENT_GC blocked 4ms
02-03 12:44:12.321 D/EVENT_THREAD(14412): void CEventThread::run() POLLIN event on Fd (1)
02-03 12:44:12.321 D/EVENT_THREAD(14412): void CEventThread::run() Do poll with timeout: -1
02-03 12:44:12.321 D/EVENT_THREAD(14412): void CEventThread::run() POLLIN event on Fd (1)
02-03 12:44:12.321 D/EVENT_THREAD(14412): void CEventThread::run() Do poll with timeout: -1
02-03 12:44:12.321 I/upi_ug31xx(  166): (1346) update_capacity
02-03 12:44:12.321 I/[UPI]   (  166): <UG31/E>[UpiReadCapacity]: V=4021(4019), T=338(340-416), I=-423, C=-3(-3-0)
02-03 12:44:12.321 I/[UPI]   (  166): <UG31/E>[UpiReadCapacity]: (0x0221254a) 2904 (2876) / 3159 (3973) = 92
02-03 12:44:12.321 I/[UPI]   (  166): <UG31/E>[UpiReadCapacity]: (0x0221254a) 2904 (2876) / 3159 (3973) = 92
02-03 12:44:12.321 I/[UPI]   (  166): <UG31/E>[UpiReadCapacity]: (0x0221254a) 2901 (2901) / 3159 (3973) = 92
02-03 12:44:12.321 I/[UPI]   (  166): <UG31/E>[RsocFilterCountTime]: (0x0221254a) Step=3(181760), Full=1(181760), Lock=181760(1800000)
02-03 12:44:12.321 I/[UPI]   (  166): <UG31/E>[UpiReadCapacity]: (0x0221254a) 2901 (2901) / 3159 (3973) = 92 (-423--423)
02-03 12:44:12.321 I/[UPI]   (  166): <UG31/E><BATT> M:normal, P:92(92-92)%, V:4019mV, C:-418mA, T:34.0C(416), S:0x0221254a(000), R:2901mAh, F:3159mAh, Q:-828mAh, CC:5, P:30.240(827-0)s, BO:5, 97:615:0-44af-9m:B001-20140514-144301 (16)
02-03 12:44:12.321 I/upi_ug31xx(  166): (1347) backup_data 
02-03 12:44:12.321 V/upi_ug31xx(  166): state->check_backup_count = 4
02-03 12:44:12.341 D/dalvikvm(15954): GC_CONCURRENT freed 4506K, 50% free 8943K/17536K, paused 1ms+1ms, total 7ms
02-03 12:44:12.341 D/dalvikvm(15954): WAIT_FOR_CONCURRENT_GC blocked 6ms
02-03 12:44:12.351 D/dalvikvm(15954): GC_CONCURRENT freed 4035K, 49% free 8996K/17536K, paused 1ms+1ms, total 6ms
02-03 12:44:12.351 D/dalvikvm(15954): WAIT_FOR_CONCURRENT_GC blocked 5ms
02-03 12:44:12.361 D/dalvikvm(15954): GC_CONCURRENT freed 4030K, 49% free 9056K/17536K, paused 1ms+1ms, total 5ms
02-03 12:44:12.361 D/dalvikvm(15954): WAIT_FOR_CONCURRENT_GC blocked 4ms
02-03 12:44:12.371 D/dalvikvm(15954): GC_CONCURRENT freed 4092K, 49% free 9034K/17536K, paused 1ms+1ms, total 5ms
02-03 12:44:12.371 D/dalvikvm(15954): WAIT_FOR_CONCURRENT_GC blocked 4ms
02-03 12:44:12.381 D/dalvikvm(15954): GC_CONCURRENT freed 4033K, 49% free 9022K/17536K, paused 1ms+0ms, total 5ms
02-03 12:44:12.381 D/dalvikvm(15954): WAIT_FOR_CONCURRENT_GC blocked 4ms
02-03 12:44:12.381 D/dalvikvm(15954): GC_FOR_ALLOC freed 4078K, 49% free 8996K/17536K, paused 4ms, total 4ms
02-03 12:44:12.391 D/dalvikvm(15954): GC_CONCURRENT freed 3789K, 48% free 9273K/17536K, paused 1ms+1ms, total 6ms
02-03 12:44:12.401 D/dalvikvm(15954): GC_CONCURRENT freed 4279K, 49% free 9068K/17536K, paused 0ms+1ms, total 4ms
02-03 12:44:12.401 D/dalvikvm(15954): WAIT_FOR_CONCURRENT_GC blocked 4ms
02-03 12:44:12.411 D/dalvikvm(15954): GC_CONCURRENT freed 4072K, 49% free 9073K/17536K, paused 0ms+1ms, total 4ms
02-03 12:44:12.411 D/dalvikvm(15954): WAIT_FOR_CONCURRENT_GC blocked 4ms
02-03 12:44:12.411 D/dalvikvm(15954): GC_CONCURRENT freed 4061K, 49% free 9078K/17536K, paused 0ms+1ms, total 4ms
02-03 12:44:12.411 D/dalvikvm(15954): WAIT_FOR_CONCURRENT_GC blocked 3ms
02-03 12:44:12.421 D/dalvikvm(15954): GC_FOR_ALLOC freed 4095K, 49% free 8996K/17536K, paused 4ms, total 4ms
02-03 12:44:12.431 D/dalvikvm(15954): GC_CONCURRENT freed 3878K, 48% free 9164K/17536K, paused 1ms+1ms, total 6ms
02-03 12:44:12.431 D/dalvikvm(15954): WAIT_FOR_CONCURRENT_GC blocked 2ms
02-03 12:44:12.441 D/dalvikvm(15954): GC_FOR_ALLOC freed 4130K, 49% free 8995K/17536K, paused 4ms, total 4ms
02-03 12:44:12.441 D/dalvikvm(15954): GC_FOR_ALLOC freed 4030K, 49% free 9042K/17536K, paused 4ms, total 4ms
02-03 12:44:12.451 D/dalvikvm(15954): GC_CONCURRENT freed 3753K, 48% free 9264K/17536K, paused 1ms+1ms, total 6ms
02-03 12:44:12.451 D/dalvikvm(15954): WAIT_FOR_CONCURRENT_GC blocked 1ms
02-03 12:44:12.461 D/dalvikvm(15954): GC_FOR_ALLOC freed 4217K, 49% free 9076K/17536K, paused 5ms, total 5ms
02-03 12:44:12.461 D/dalvikvm(15954): GC_CONCURRENT freed 3753K, 47% free 9332K/17536K, paused 1ms+0ms, total 6ms
02-03 12:44:12.461 D/dalvikvm(15954): WAIT_FOR_CONCURRENT_GC blocked 2ms
02-03 12:44:12.471 D/dalvikvm(15954): GC_CONCURRENT freed 4167K, 48% free 9137K/17536K, paused 0ms+1ms, total 4ms
02-03 12:44:12.471 D/dalvikvm(15954): WAIT_FOR_CONCURRENT_GC blocked 4ms
02-03 12:44:12.481 D/dalvikvm(15954): GC_FOR_ALLOC freed 4086K, 49% free 9083K/17536K, paused 5ms, total 5ms
02-03 12:44:12.481 D/dalvikvm(15954): GC_CONCURRENT freed 3695K, 46% free 9476K/17536K, paused 0ms+0ms, total 6ms
02-03 12:44:12.481 D/dalvikvm(15954): WAIT_FOR_CONCURRENT_GC blocked 2ms
02-03 12:44:12.491 D/dalvikvm(15954): GC_FOR_ALLOC freed 4356K, 48% free 9201K/17536K, paused 4ms, total 4ms
02-03 12:44:12.501 D/dalvikvm(15954): GC_CONCURRENT freed 3771K, 46% free 9495K/17536K, paused 1ms+1ms, total 6ms
02-03 12:44:12.501 D/dalvikvm(15954): WAIT_FOR_CONCURRENT_GC blocked 2ms
02-03 12:44:12.501 D/dalvikvm(15954): GC_FOR_ALLOC freed 4265K, 48% free 9207K/17536K, paused 4ms, total 4ms
02-03 12:44:12.511 D/dalvikvm(15954): GC_CONCURRENT freed 3507K, 45% free 9673K/17536K, paused 1ms+1ms, total 6ms
02-03 12:44:12.511 D/dalvikvm(15954): WAIT_FOR_CONCURRENT_GC blocked 2ms
02-03 12:44:12.521 D/dalvikvm(15954): GC_FOR_ALLOC freed 4454K, 48% free 9245K/17536K, paused 4ms, total 4ms
02-03 12:44:12.521 D/dalvikvm(15954): GC_CONCURRENT freed 3658K, 46% free 9566K/17536K, paused 1ms+1ms, total 6ms
02-03 12:44:12.521 D/dalvikvm(15954): WAIT_FOR_CONCURRENT_GC blocked 2ms
02-03 12:44:12.531 D/dalvikvm(15954): GC_CONCURRENT freed 4508K, 49% free 9050K/17536K, paused 1ms+0ms, total 5ms
02-03 12:44:12.531 D/dalvikvm(15954): WAIT_FOR_CONCURRENT_GC blocked 4ms
02-03 12:44:12.541 D/dalvikvm(15954): GC_FOR_ALLOC freed 3932K, 49% free 9116K/17536K, paused 5ms, total 5ms
02-03 12:44:12.541 D/dalvikvm(15954): GC_CONCURRENT freed 3525K, 46% free 9594K/17536K, paused 1ms+1ms, total 5ms
02-03 12:44:12.541 D/dalvikvm(15954): WAIT_FOR_CONCURRENT_GC blocked 1ms
02-03 12:44:12.551 D/dalvikvm(15954): GC_CONCURRENT freed 4481K, 48% free 9191K/17536K, paused 1ms+1ms, total 5ms
02-03 12:44:12.551 D/dalvikvm(15954): WAIT_FOR_CONCURRENT_GC blocked 4ms
02-03 12:44:12.561 D/dalvikvm(15954): GC_CONCURRENT freed 3999K, 48% free 9195K/17536K, paused 0ms+1ms, total 4ms
02-03 12:44:12.561 D/dalvikvm(15954): WAIT_FOR_CONCURRENT_GC blocked 4ms
02-03 12:44:12.571 D/dalvikvm(15954): GC_FOR_ALLOC freed 4216K, 49% free 9050K/17536K, paused 4ms, total 4ms
02-03 12:44:12.571 D/dalvikvm(15954): GC_CONCURRENT freed 3401K, 46% free 9635K/17536K, paused 0ms+1ms, total 5ms
02-03 12:44:12.571 D/dalvikvm(15954): WAIT_FOR_CONCURRENT_GC blocked 2ms
02-03 12:44:12.581 D/dalvikvm(15954): GC_FOR_ALLOC freed 4565K, 48% free 9153K/17536K, paused 5ms, total 5ms
02-03 12:44:12.591 D/dalvikvm(15954): GC_CONCURRENT freed 3735K, 47% free 9456K/17536K, paused 0ms+1ms, total 5ms
02-03 12:44:12.591 D/dalvikvm(15954): WAIT_FOR_CONCURRENT_GC blocked 3ms
02-03 12:44:12.591 D/dalvikvm(15954): GC_FOR_ALLOC freed 4321K, 48% free 9152K/17536K, paused 4ms, total 4ms
02-03 12:44:12.601 D/dalvikvm(15954): GC_CONCURRENT freed 3452K, 45% free 9697K/17536K, paused 0ms+1ms, total 5ms
02-03 12:44:12.601 D/dalvikvm(15954): WAIT_FOR_CONCURRENT_GC blocked 1ms
02-03 12:44:12.611 D/dalvikvm(15954): GC_FOR_ALLOC freed 4679K, 49% free 9072K/17536K, paused 4ms, total 4ms
02-03 12:44:12.611 D/dalvikvm(15954): GC_CONCURRENT freed 3393K, 46% free 9628K/17536K, paused 0ms+1ms, total 5ms
02-03 12:44:12.611 D/dalvikvm(15954): WAIT_FOR_CONCURRENT_GC blocked 2ms
02-03 12:44:12.621 D/dalvikvm(15954): GC_FOR_ALLOC freed 4564K, 49% free 9068K/17536K, paused 5ms, total 5ms
02-03 12:44:12.631 D/dalvikvm(15954): GC_CONCURRENT freed 3648K, 46% free 9477K/17536K, paused 1ms+1ms, total 6ms
02-03 12:44:12.631 D/dalvikvm(15954): WAIT_FOR_CONCURRENT_GC blocked 2ms
02-03 12:44:12.631 D/dalvikvm(15954): GC_FOR_ALLOC freed 4102K, 47% free 9348K/17536K, paused 4ms, total 4ms
02-03 12:44:12.641 D/dalvikvm(15954): GC_CONCURRENT freed 3572K, 45% free 9767K/17536K, paused 1ms+1ms, total 6ms
02-03 12:44:12.641 D/dalvikvm(15954): WAIT_FOR_CONCURRENT_GC blocked 2ms
02-03 12:44:12.651 D/dalvikvm(15954): GC_FOR_ALLOC freed 4628K, 49% free 9092K/17536K, paused 4ms, total 4ms
02-03 12:44:12.651 D/dalvikvm(15954): GC_FOR_ALLOC freed 3820K, 47% free 9355K/17536K, paused 4ms, total 4ms
02-03 12:44:12.661 D/dalvikvm(15954): GC_CONCURRENT freed 3521K, 45% free 9702K/17536K, paused 0ms+0ms, total 6ms
02-03 12:44:12.661 D/dalvikvm(15954): WAIT_FOR_CONCURRENT_GC blocked 2ms
02-03 12:44:12.671 D/EVENT_THREAD(14412): void CEventThread::run() POLLIN event on Fd (1)
02-03 12:44:12.671 D/EVENT_THREAD(14412): void CEventThread::run() Do poll with timeout: -1
02-03 12:44:12.671 I/upi_ug31xx(  166): (1348) backup_bo check
02-03 12:44:12.671 D/dalvikvm(15954): GC_FOR_ALLOC freed 4515K, 48% free 9183K/17536K, paused 4ms, total 4ms
02-03 12:44:12.671 D/dalvikvm(15954): GC_CONCURRENT freed 3321K, 45% free 9810K/17536K, paused 0ms+1ms, total 5ms
02-03 12:44:12.671 D/dalvikvm(15954): WAIT_FOR_CONCURRENT_GC blocked 2ms
02-03 12:44:12.681 D/dalvikvm(15954): GC_FOR_ALLOC freed 4709K, 49% free 9094K/17536K, paused 4ms, total 4ms
02-03 12:44:12.691 D/dalvikvm(15954): GC_CONCURRENT freed 3209K, 45% free 9732K/17536K, paused 1ms+0ms, total 6ms
02-03 12:44:12.691 D/dalvikvm(15954): WAIT_FOR_CONCURRENT_GC blocked 2ms
02-03 12:44:12.691 D/dalvikvm(15954): GC_FOR_ALLOC freed 4525K, 49% free 9094K/17536K, paused 4ms, total 4ms
02-03 12:44:12.701 D/dalvikvm(15954): GC_FOR_ALLOC freed 3921K, 49% free 9095K/17536K, paused 4ms, total 4ms
02-03 12:44:12.711 D/dalvikvm(15954): GC_FOR_ALLOC freed 3959K, 49% free 9097K/17536K, paused 4ms, total 4ms
02-03 12:44:12.721 D/dalvikvm(15954): GC_CONCURRENT freed 3806K, 48% free 9289K/17536K, paused 1ms+1ms, total 5ms
02-03 12:44:12.721 D/dalvikvm(15954): WAIT_FOR_CONCURRENT_GC blocked 4ms
02-03 12:44:12.721 D/dalvikvm(15954): GC_CONCURRENT freed 4033K, 48% free 9293K/17536K, paused 0ms+1ms, total 4ms
02-03 12:44:12.721 D/dalvikvm(15954): WAIT_FOR_CONCURRENT_GC blocked 3ms
02-03 12:44:12.731 D/dalvikvm(15954): GC_CONCURRENT freed 4070K, 47% free 9297K/17536K, paused 1ms+1ms, total 5ms
02-03 12:44:12.731 D/dalvikvm(15954): WAIT_FOR_CONCURRENT_GC blocked 4ms
02-03 12:44:12.741 D/dalvikvm(15954): GC_FOR_ALLOC freed 3812K, 47% free 9397K/17536K, paused 5ms, total 5ms
02-03 12:44:12.751 D/dalvikvm(15954): GC_FOR_ALLOC freed 4143K, 48% free 9204K/17536K, paused 4ms, total 4ms
02-03 12:44:12.751 D/dalvikvm(15954): GC_FOR_ALLOC freed 3981K, 49% free 9108K/17536K, paused 4ms, total 4ms
02-03 12:44:12.761 D/dalvikvm(15954): GC_FOR_ALLOC freed 3712K, 47% free 9410K/17536K, paused 4ms, total 4ms
02-03 12:44:12.771 D/dalvikvm(15954): GC_CONCURRENT freed 3546K, 44% free 9915K/17536K, paused 1ms+1ms, total 6ms
02-03 12:44:12.771 D/dalvikvm(15954): WAIT_FOR_CONCURRENT_GC blocked 2ms
02-03 12:44:12.771 D/dalvikvm(15954): GC_CONCURRENT freed 4583K, 47% free 9317K/17536K, paused 0ms+1ms, total 4ms
02-03 12:44:12.771 D/dalvikvm(15954): WAIT_FOR_CONCURRENT_GC blocked 4ms
02-03 12:44:12.781 D/dalvikvm(15954): GC_FOR_ALLOC freed 4012K, 48% free 9217K/17536K, paused 4ms, total 4ms
02-03 12:44:12.791 D/dalvikvm(15954): GC_CONCURRENT freed 3944K, 47% free 9324K/17536K, paused 0ms+1ms, total 5ms
02-03 12:44:12.791 D/dalvikvm(15954): WAIT_FOR_CONCURRENT_GC blocked 5ms
02-03 12:44:12.791 D/dalvikvm(15954): GC_FOR_ALLOC freed 4080K, 48% free 9222K/17536K, paused 4ms, total 4ms
02-03 12:44:12.801 D/dalvikvm(15954): GC_CONCURRENT freed 3168K, 44% free 9960K/17536K, paused 1ms+1ms, total 6ms
02-03 12:44:12.801 D/dalvikvm(15954): WAIT_FOR_CONCURRENT_GC blocked 2ms
02-03 12:44:12.811 D/dalvikvm(15954): GC_FOR_ALLOC freed 4776K, 48% free 9121K/17536K, paused 4ms, total 4ms
02-03 12:44:12.811 D/dalvikvm(15954): GC_FOR_ALLOC freed 3963K, 48% free 9229K/17536K, paused 4ms, total 4ms
02-03 12:44:12.821 D/dalvikvm(15954): GC_CONCURRENT freed 3240K, 44% free 9984K/17536K, paused 1ms+1ms, total 6ms
02-03 12:44:12.821 D/dalvikvm(15954): WAIT_FOR_CONCURRENT_GC blocked 2ms
02-03 12:44:12.831 D/dalvikvm(15954): GC_CONCURRENT freed 4666K, 47% free 9343K/17536K, paused 0ms+1ms, total 4ms
02-03 12:44:12.831 D/dalvikvm(15954): WAIT_FOR_CONCURRENT_GC blocked 4ms
02-03 12:44:12.831 D/dalvikvm(15954): GC_FOR_ALLOC freed 4050K, 48% free 9127K/17536K, paused 4ms, total 4ms
02-03 12:44:12.841 D/dalvikvm(15954): GC_FOR_ALLOC freed 3858K, 48% free 9129K/17536K, paused 4ms, total 4ms
02-03 12:44:12.851 D/dalvikvm(15954): GC_FOR_ALLOC freed 3884K, 48% free 9130K/17536K, paused 4ms, total 4ms
02-03 12:44:12.851 D/dalvikvm(15954): GC_FOR_ALLOC freed 3910K, 48% free 9132K/17536K, paused 4ms, total 4ms
02-03 12:44:12.861 D/dalvikvm(15954): GC_FOR_ALLOC freed 3937K, 48% free 9133K/17536K, paused 4ms, total 4ms
02-03 12:44:12.871 D/dalvikvm(15954): GC_FOR_ALLOC freed 3963K, 48% free 9135K/17536K, paused 4ms, total 4ms
02-03 12:44:12.871 D/dalvikvm(15954): GC_CONCURRENT freed 3761K, 47% free 9364K/17536K, paused 0ms+1ms, total 4ms
02-03 12:44:12.871 D/dalvikvm(15954): WAIT_FOR_CONCURRENT_GC blocked 4ms
02-03 12:44:12.881 D/dalvikvm(15954): GC_FOR_ALLOC freed 4243K, 48% free 9138K/17536K, paused 4ms, total 4ms
02-03 12:44:12.891 D/dalvikvm(15954): GC_CONCURRENT freed 3237K, 44% free 9944K/17536K, paused 1ms+1ms, total 6ms
02-03 12:44:12.891 D/dalvikvm(15954): WAIT_FOR_CONCURRENT_GC blocked 2ms
02-03 12:44:12.901 D/dalvikvm(15954): GC_FOR_ALLOC freed 4873K, 48% free 9141K/17536K, paused 5ms, total 6ms
02-03 12:44:12.901 D/dalvikvm(15954): GC_CONCURRENT freed 2694K, 42% free 10309K/17536K, paused 0ms+0ms, total 5ms
02-03 12:44:12.911 D/dalvikvm(15954): GC_FOR_ALLOC freed 4939K, 48% free 9261K/17536K, paused 5ms, total 5ms
02-03 12:44:12.921 D/dalvikvm(15954): GC_FOR_ALLOC freed 3914K, 48% free 9146K/17536K, paused 4ms, total 4ms
02-03 12:44:12.921 D/dalvikvm(15954): GC_FOR_ALLOC freed 3581K, 46% free 9505K/17536K, paused 4ms, total 5ms
02-03 12:44:12.931 D/dalvikvm(15954): GC_FOR_ALLOC freed 4205K, 48% free 9269K/17536K, paused 5ms, total 5ms
02-03 12:44:12.941 D/dalvikvm(15954): GC_CONCURRENT freed 3149K, 44% free 9993K/17536K, paused 1ms+1ms, total 6ms
02-03 12:44:12.941 D/dalvikvm(15954): WAIT_FOR_CONCURRENT_GC blocked 2ms
02-03 12:44:12.951 D/dalvikvm(15954): GC_FOR_ALLOC freed 4494K, 46% free 9517K/17536K, paused 5ms, total 5ms
02-03 12:44:12.951 D/dalvikvm(15954): GC_CONCURRENT freed 3434K, 43% free 10129K/17536K, paused 0ms+1ms, total 5ms
02-03 12:44:12.951 D/dalvikvm(15954): WAIT_FOR_CONCURRENT_GC blocked 1ms
02-03 12:44:12.961 D/dalvikvm(15954): GC_FOR_ALLOC freed 4923K, 48% free 9155K/17536K, paused 4ms, total 4ms
02-03 12:44:12.971 D/dalvikvm(15954): GC_FOR_ALLOC freed 3722K, 46% free 9529K/17536K, paused 4ms, total 4ms
02-03 12:44:12.971 D/dalvikvm(15954): GC_CONCURRENT freed 3250K, 43% free 10028K/17536K, paused 1ms+1ms, total 6ms
02-03 12:44:12.971 D/dalvikvm(15954): WAIT_FOR_CONCURRENT_GC blocked 2ms
02-03 12:44:12.981 D/dalvikvm(15954): GC_FOR_ALLOC freed 4637K, 48% free 9285K/17536K, paused 5ms, total 5ms
02-03 12:44:12.991 D/dalvikvm(15954): GC_CONCURRENT freed 3917K, 47% free 9414K/17536K, paused 1ms+1ms, total 5ms
02-03 12:44:12.991 D/dalvikvm(15954): WAIT_FOR_CONCURRENT_GC blocked 4ms
02-03 12:44:12.991 D/dalvikvm(15954): GC_FOR_ALLOC freed 4065K, 48% free 9289K/17536K, paused 4ms, total 4ms
02-03 12:44:13.001 D/dalvikvm(15954): GC_CONCURRENT freed 3963K, 47% free 9420K/17536K, paused 1ms+0ms, total 5ms
02-03 12:44:13.001 D/dalvikvm(15954): WAIT_FOR_CONCURRENT_GC blocked 4ms
02-03 12:44:13.011 D/dalvikvm(15954): GC_FOR_ALLOC freed 4113K, 47% free 9294K/17536K, paused 4ms, total 4ms
02-03 12:44:13.011 D/dalvikvm(15954): GC_CONCURRENT freed 2718K, 41% free 10456K/17536K, paused 0ms+1ms, total 5ms
02-03 12:44:13.011 D/dalvikvm(15954): WAIT_FOR_CONCURRENT_GC blocked 3ms
02-03 12:44:13.021 D/dalvikvm(15954): GC_FOR_ALLOC freed 5191K, 48% free 9168K/17536K, paused 4ms, total 4ms
02-03 12:44:13.031 D/dalvikvm(15954): GC_FOR_ALLOC freed 3922K, 47% free 9300K/17536K, paused 4ms, total 4ms
02-03 12:44:13.031 D/dalvikvm(15954): GC_CONCURRENT freed 2764K, 41% free 10482K/17536K, paused 1ms+1ms, total 6ms
02-03 12:44:13.031 D/dalvikvm(15954): WAIT_FOR_CONCURRENT_GC blocked 2ms
02-03 12:44:13.041 D/dalvikvm(15954): GC_FOR_ALLOC freed 5278K, 48% free 9173K/17536K, paused 4ms, total 4ms
02-03 12:44:13.041 D/dalvikvm(15954): GC_CONCURRENT freed 3324K, 46% free 9571K/17536K, paused 1ms+1ms, total 6ms
02-03 12:44:13.041 D/dalvikvm(15954): WAIT_FOR_CONCURRENT_GC blocked 2ms
02-03 12:44:13.051 D/dalvikvm(15954): GC_FOR_ALLOC freed 4137K, 48% free 9175K/17536K, paused 4ms, total 4ms
02-03 12:44:13.061 D/dalvikvm(15954): GC_FOR_ALLOC freed 3758K, 48% free 9177K/17536K, paused 4ms, total 4ms
02-03 12:44:13.061 D/dalvikvm(15954): GC_FOR_ALLOC freed 3778K, 48% free 9178K/17536K, paused 4ms, total 4ms
02-03 12:44:13.071 D/dalvikvm(15954): GC_FOR_ALLOC freed 3797K, 48% free 9180K/17536K, paused 4ms, total 4ms
02-03 12:44:13.081 D/dalvikvm(15954): GC_FOR_ALLOC freed 3816K, 48% free 9181K/17536K, paused 4ms, total 4ms
02-03 12:44:13.081 D/dalvikvm(15954): GC_FOR_ALLOC freed 3835K, 48% free 9182K/17536K, paused 4ms, total 4ms
02-03 12:44:13.091 D/dalvikvm(15954): GC_FOR_ALLOC freed 3853K, 48% free 9184K/17536K, paused 4ms, total 4ms
02-03 12:44:13.101 D/dalvikvm(15954): GC_FOR_ALLOC freed 3872K, 48% free 9185K/17536K, paused 4ms, total 4ms
02-03 12:44:13.101 D/dalvikvm(15954): GC_FOR_ALLOC freed 3891K, 48% free 9186K/17536K, paused 4ms, total 4ms
02-03 12:44:13.111 D/dalvikvm(15954): GC_FOR_ALLOC freed 3910K, 48% free 9188K/17536K, paused 4ms, total 4ms
02-03 12:44:13.121 D/dalvikvm(15954): GC_FOR_ALLOC freed 3929K, 48% free 9189K/17536K, paused 4ms, total 4ms
02-03 12:44:13.121 D/dalvikvm(15954): GC_FOR_ALLOC freed 3947K, 48% free 9190K/17536K, paused 4ms, total 4ms
02-03 12:44:13.131 D/dalvikvm(15954): GC_FOR_ALLOC freed 3966K, 48% free 9192K/17536K, paused 4ms, total 4ms
02-03 12:44:13.141 D/dalvikvm(15954): GC_CONCURRENT freed 3560K, 46% free 9618K/17536K, paused 1ms+1ms, total 7ms
02-03 12:44:13.141 D/dalvikvm(15954): WAIT_FOR_CONCURRENT_GC blocked 2ms
02-03 12:44:13.141 D/dalvikvm(15954): GC_CONCURRENT freed 4143K, 46% free 9480K/17536K, paused 1ms+1ms, total 5ms
02-03 12:44:13.141 D/dalvikvm(15954): WAIT_FOR_CONCURRENT_GC blocked 4ms
02-03 12:44:13.151 D/dalvikvm(15954): GC_CONCURRENT freed 4021K, 46% free 9483K/17536K, paused 1ms+1ms, total 5ms
02-03 12:44:13.151 D/dalvikvm(15954): WAIT_FOR_CONCURRENT_GC blocked 4ms
02-03 12:44:13.161 D/dalvikvm(15954): GC_CONCURRENT freed 4040K, 46% free 9486K/17536K, paused 0ms+1ms, total 4ms
02-03 12:44:13.161 D/dalvikvm(15954): WAIT_FOR_CONCURRENT_GC blocked 4ms
02-03 12:44:13.171 D/dalvikvm(15954): GC_CONCURRENT freed 4059K, 46% free 9488K/17536K, paused 1ms+1ms, total 5ms
02-03 12:44:13.171 D/dalvikvm(15954): WAIT_FOR_CONCURRENT_GC blocked 4ms
02-03 12:44:13.171 D/dalvikvm(15954): GC_CONCURRENT freed 4078K, 46% free 9491K/17536K, paused 0ms+1ms, total 4ms
02-03 12:44:13.171 D/dalvikvm(15954): WAIT_FOR_CONCURRENT_GC blocked 4ms
02-03 12:44:13.181 D/dalvikvm(15954): GC_FOR_ALLOC freed 3656K, 46% free 9639K/17536K, paused 4ms, total 4ms
02-03 12:44:13.191 D/dalvikvm(15954): GC_FOR_ALLOC freed 4113K, 47% free 9349K/17536K, paused 4ms, total 4ms
02-03 12:44:13.191 D/dalvikvm(15954): GC_FOR_ALLOC freed 3837K, 48% free 9203K/17536K, paused 4ms, total 4ms
02-03 12:44:13.201 D/dalvikvm(15954): GC_FOR_ALLOC freed 3407K, 45% free 9649K/17536K, paused 4ms, total 4ms
02-03 12:44:13.211 D/dalvikvm(15954): GC_FOR_ALLOC freed 4165K, 47% free 9354K/17536K, paused 4ms, total 4ms
02-03 12:44:13.211 D/dalvikvm(15954): GC_FOR_ALLOC freed 3885K, 48% free 9207K/17536K, paused 4ms, total 4ms
02-03 12:44:13.221 D/dalvikvm(15954): GC_FOR_ALLOC freed 3449K, 45% free 9658K/17536K, paused 4ms, total 4ms
02-03 12:44:13.231 D/dalvikvm(15954): GC_FOR_ALLOC freed 4217K, 47% free 9360K/17536K, paused 4ms, total 4ms
02-03 12:44:13.231 D/dalvikvm(15954): GC_FOR_ALLOC freed 3933K, 48% free 9211K/17536K, paused 4ms, total 4ms
02-03 12:44:13.241 D/dalvikvm(15954): GC_FOR_ALLOC freed 3492K, 45% free 9667K/17536K, paused 4ms, total 4ms
02-03 12:44:13.251 D/dalvikvm(15954): GC_FOR_ALLOC freed 4269K, 47% free 9365K/17536K, paused 4ms, total 4ms
02-03 12:44:13.251 D/dalvikvm(15954): GC_FOR_ALLOC freed 3981K, 48% free 9215K/17536K, paused 4ms, total 4ms
02-03 12:44:13.261 D/dalvikvm(15954): GC_FOR_ALLOC freed 3534K, 45% free 9676K/17536K, paused 4ms, total 4ms
02-03 12:44:13.271 D/dalvikvm(15954): GC_CONCURRENT freed 3244K, 41% free 10447K/17536K, paused 1ms+1ms, total 6ms
02-03 12:44:13.271 D/dalvikvm(15954): WAIT_FOR_CONCURRENT_GC blocked 2ms
02-03 12:44:13.271 D/dalvikvm(15954): GC_FOR_ALLOC freed 5105K, 48% free 9218K/17536K, paused 4ms, total 4ms
02-03 12:44:13.281 D/dalvikvm(15954): GC_FOR_ALLOC freed 3577K, 45% free 9685K/17536K, paused 4ms, total 4ms
02-03 12:44:13.291 D/dalvikvm(15954): GC_CONCURRENT freed 3283K, 41% free 10466K/17536K, paused 1ms+1ms, total 7ms
02-03 12:44:13.291 D/dalvikvm(15954): WAIT_FOR_CONCURRENT_GC blocked 2ms
02-03 12:44:13.291 D/dalvikvm(15954): GC_FOR_ALLOC freed 5166K, 48% free 9222K/17536K, paused 4ms, total 5ms
02-03 12:44:13.301 D/dalvikvm(15954): GC_FOR_ALLOC freed 3619K, 45% free 9695K/17536K, paused 4ms, total 4ms
02-03 12:44:13.311 D/dalvikvm(15954): GC_CONCURRENT freed 3005K, 42% free 10327K/17536K, paused 1ms+1ms, total 7ms
02-03 12:44:13.311 D/dalvikvm(15954): WAIT_FOR_CONCURRENT_GC blocked 2ms
02-03 12:44:13.311 D/dalvikvm(15954): GC_FOR_ALLOC freed 4749K, 47% free 9383K/17536K, paused 4ms, total 4ms
02-03 12:44:13.321 D/dalvikvm(15954): GC_CONCURRENT freed 3820K, 46% free 9545K/17536K, paused 1ms+1ms, total 5ms
02-03 12:44:13.321 D/dalvikvm(15954): WAIT_FOR_CONCURRENT_GC blocked 4ms
02-03 12:44:13.331 D/dalvikvm(15954): GC_FOR_ALLOC freed 3992K, 47% free 9387K/17536K, paused 4ms, total 4ms
02-03 12:44:13.331 D/dalvikvm(15954): GC_CONCURRENT freed 3850K, 46% free 9550K/17536K, paused 1ms+1ms, total 5ms
02-03 12:44:13.331 D/dalvikvm(15954): WAIT_FOR_CONCURRENT_GC blocked 4ms
02-03 12:44:13.341 D/dalvikvm(15954): GC_FOR_ALLOC freed 4023K, 47% free 9391K/17536K, paused 4ms, total 4ms
02-03 12:44:13.351 D/dalvikvm(15954): GC_CONCURRENT freed 3878K, 46% free 9555K/17536K, paused 1ms+1ms, total 5ms
02-03 12:44:13.351 D/dalvikvm(15954): WAIT_FOR_CONCURRENT_GC blocked 4ms
02-03 12:44:13.351 D/dalvikvm(15954): GC_FOR_ALLOC freed 4053K, 47% free 9394K/17536K, paused 4ms, total 4ms
02-03 12:44:13.361 D/dalvikvm(15954): GC_CONCURRENT freed 3907K, 46% free 9560K/17536K, paused 1ms+0ms, total 5ms
02-03 12:44:13.361 D/dalvikvm(15954): WAIT_FOR_CONCURRENT_GC blocked 4ms
02-03 12:44:13.371 D/dalvikvm(15954): GC_FOR_ALLOC freed 4084K, 47% free 9398K/17536K, paused 4ms, total 4ms
02-03 12:44:13.381 D/dalvikvm(15954): GC_FOR_ALLOC freed 3444K, 45% free 9728K/17536K, paused 4ms, total 4ms
02-03 12:44:13.381 D/dalvikvm(15954): GC_FOR_ALLOC freed 4281K, 48% free 9238K/17536K, paused 4ms, total 4ms
02-03 12:44:13.391 D/dalvikvm(15954): GC_FOR_ALLOC freed 3801K, 47% free 9403K/17536K, paused 4ms, total 4ms
02-03 12:44:13.401 D/dalvikvm(15954): GC_FOR_ALLOC freed 3481K, 45% free 9736K/17536K, paused 4ms, total 4ms
02-03 12:44:13.401 D/dalvikvm(15954): GC_FOR_ALLOC freed 4323K, 48% free 9241K/17536K, paused 4ms, total 4ms
02-03 12:44:13.411 D/dalvikvm(15954): GC_CONCURRENT freed 3835K, 47% free 9408K/17536K, paused 0ms+1ms, total 4ms
02-03 12:44:13.411 D/dalvikvm(15954): WAIT_FOR_CONCURRENT_GC blocked 5ms
02-03 12:44:13.421 D/dalvikvm(15954): GC_FOR_ALLOC freed 3513K, 45% free 9744K/17536K, paused 4ms, total 4ms
02-03 12:44:13.421 D/dalvikvm(15954): GC_FOR_ALLOC freed 4362K, 48% free 9244K/17536K, paused 4ms, total 4ms
02-03 12:44:13.431 D/dalvikvm(15954): GC_CONCURRENT freed 3870K, 47% free 9413K/17536K, paused 0ms+1ms, total 4ms
02-03 12:44:13.431 D/dalvikvm(15954): WAIT_FOR_CONCURRENT_GC blocked 5ms
02-03 12:44:13.441 D/dalvikvm(15954): GC_FOR_ALLOC freed 3544K, 45% free 9751K/17536K, paused 4ms, total 4ms
02-03 12:44:13.441 D/dalvikvm(15954): GC_FOR_ALLOC freed 4422K, 48% free 9252K/17536K, paused 4ms, total 4ms
02-03 12:44:13.451 D/dalvikvm(15954): GC_FOR_ALLOC freed 3749K, 47% free 9441K/17536K, paused 4ms, total 4ms
02-03 12:44:13.461 D/dalvikvm(15954): GC_FOR_ALLOC freed 3753K, 47% free 9452K/17536K, paused 4ms, total 4ms
02-03 12:44:13.471 D/dalvikvm(15954): GC_FOR_ALLOC freed 3628K, 47% free 9359K/17536K, paused 4ms, total 4ms
02-03 12:44:13.541 D/dalvikvm(15954): GC_CONCURRENT freed 4499K, 49% free 8949K/17536K, paused 0ms+1ms, total 5ms
02-03 12:44:13.541 D/dalvikvm(15954): WAIT_FOR_CONCURRENT_GC blocked 6ms
02-03 12:44:13.551 D/dalvikvm(15954): GC_CONCURRENT freed 4033K, 49% free 9004K/17536K, paused 1ms+0ms, total 5ms
02-03 12:44:13.551 D/dalvikvm(15954): WAIT_FOR_CONCURRENT_GC blocked 4ms
02-03 12:44:13.561 D/dalvikvm(15954): GC_CONCURRENT freed 4120K, 49% free 8979K/17536K, paused 1ms+1ms, total 5ms
02-03 12:44:13.561 D/dalvikvm(15954): WAIT_FOR_CONCURRENT_GC blocked 4ms
02-03 12:44:13.571 D/dalvikvm(15954): GC_CONCURRENT freed 4049K, 49% free 8994K/17536K, paused 1ms+1ms, total 5ms
02-03 12:44:13.571 D/dalvikvm(15954): WAIT_FOR_CONCURRENT_GC blocked 4ms
02-03 12:44:13.581 D/dalvikvm(15954): GC_FOR_ALLOC freed 4046K, 49% free 8969K/17536K, paused 4ms, total 4ms
02-03 12:44:13.591 D/dalvikvm(15954): GC_CONCURRENT freed 3826K, 49% free 9105K/17536K, paused 1ms+2ms, total 6ms
02-03 12:44:13.591 D/dalvikvm(15954): GC_FOR_ALLOC freed 4136K, 49% free 9061K/17536K, paused 4ms, total 4ms
02-03 12:44:13.601 D/dalvikvm(15954): GC_CONCURRENT freed 3803K, 47% free 9324K/17536K, paused 1ms+1ms, total 6ms
02-03 12:44:13.601 D/dalvikvm(15954): WAIT_FOR_CONCURRENT_GC blocked 1ms
02-03 12:44:13.611 D/dalvikvm(15954): GC_FOR_ALLOC freed 4295K, 49% free 9102K/17536K, paused 4ms, total 4ms
02-03 12:44:13.611 D/dalvikvm(15954): GC_CONCURRENT freed 3798K, 47% free 9365K/17536K, paused 1ms+1ms, total 6ms
02-03 12:44:13.611 D/dalvikvm(15954): WAIT_FOR_CONCURRENT_GC blocked 1ms
02-03 12:44:13.621 D/dalvikvm(15954): GC_CONCURRENT freed 4384K, 49% free 9075K/17536K, paused 1ms+0ms, total 5ms
02-03 12:44:13.621 D/dalvikvm(15954): WAIT_FOR_CONCURRENT_GC blocked 4ms
02-03 12:44:13.631 D/dalvikvm(15954): GC_FOR_ALLOC freed 4091K, 49% free 9031K/17536K, paused 4ms, total 4ms
02-03 12:44:13.631 D/dalvikvm(15954): GC_CONCURRENT freed 3786K, 48% free 9238K/17536K, paused 1ms+1ms, total 6ms
02-03 12:44:13.631 D/dalvikvm(15954): WAIT_FOR_CONCURRENT_GC blocked 1ms
02-03 12:44:13.641 D/dalvikvm(15954): GC_FOR_ALLOC freed 4248K, 49% free 9066K/17536K, paused 4ms, total 4ms
02-03 12:44:13.651 D/dalvikvm(15954): GC_CONCURRENT freed 3852K, 47% free 9305K/17536K, paused 1ms+1ms, total 6ms
02-03 12:44:13.651 D/dalvikvm(15954): WAIT_FOR_CONCURRENT_GC blocked 1ms
02-03 12:44:13.661 D/dalvikvm(15954): GC_CONCURRENT freed 4269K, 48% free 9124K/17536K, paused 0ms+1ms, total 4ms
02-03 12:44:13.661 D/dalvikvm(15954): WAIT_FOR_CONCURRENT_GC blocked 4ms
02-03 12:44:13.661 D/dalvikvm(15954): GC_CONCURRENT freed 4012K, 48% free 9127K/17536K, paused 1ms+1ms, total 5ms
02-03 12:44:13.661 D/dalvikvm(15954): WAIT_FOR_CONCURRENT_GC blocked 4ms
02-03 12:44:13.671 D/dalvikvm(15954): GC_FOR_ALLOC freed 3975K, 48% free 9183K/17536K, paused 4ms, total 4ms
02-03 12:44:13.681 D/dalvikvm(15954): GC_CONCURRENT freed 3769K, 47% free 9399K/17536K, paused 1ms+1ms, total 6ms
02-03 12:44:13.681 D/dalvikvm(15954): WAIT_FOR_CONCURRENT_GC blocked 1ms
02-03 12:44:13.681 D/dalvikvm(15954): GC_CONCURRENT freed 4241K, 48% free 9138K/17536K, paused 1ms+0ms, total 5ms
02-03 12:44:13.681 D/dalvikvm(15954): WAIT_FOR_CONCURRENT_GC blocked 4ms
02-03 12:44:13.691 D/dalvikvm(15954): GC_FOR_ALLOC freed 4200K, 49% free 9022K/17536K, paused 4ms, total 4ms
02-03 12:44:13.701 D/dalvikvm(15954): GC_CONCURRENT freed 3710K, 47% free 9377K/17536K, paused 1ms+1ms, total 6ms
02-03 12:44:13.701 D/dalvikvm(15954): WAIT_FOR_CONCURRENT_GC blocked 1ms
02-03 12:44:13.711 D/dalvikvm(15954): GC_CONCURRENT freed 4212K, 48% free 9179K/17536K, paused 1ms+1ms, total 5ms
02-03 12:44:13.711 D/dalvikvm(15954): WAIT_FOR_CONCURRENT_GC blocked 4ms
02-03 12:44:13.711 D/dalvikvm(15954): GC_FOR_ALLOC freed 4069K, 49% free 9054K/17536K, paused 4ms, total 4ms
02-03 12:44:13.721 D/dalvikvm(15954): GC_FOR_ALLOC freed 4030K, 49% free 9053K/17536K, paused 4ms, total 4ms
02-03 12:44:13.731 D/dalvikvm(15954): GC_CONCURRENT freed 3463K, 46% free 9569K/17536K, paused 1ms+1ms, total 5ms
02-03 12:44:13.731 D/dalvikvm(15954): WAIT_FOR_CONCURRENT_GC blocked 2ms
02-03 12:44:13.731 D/dalvikvm(15954): GC_FOR_ALLOC freed 4515K, 49% free 9116K/17536K, paused 4ms, total 4ms
02-03 12:44:13.741 D/dalvikvm(15954): GC_CONCURRENT freed 3805K, 47% free 9384K/17536K, paused 0ms+1ms, total 5ms
02-03 12:44:13.741 D/dalvikvm(15954): WAIT_FOR_CONCURRENT_GC blocked 1ms
02-03 12:44:13.751 D/dalvikvm(15954): GC_FOR_ALLOC freed 4346K, 49% free 9116K/17536K, paused 4ms, total 4ms
02-03 12:44:13.751 D/dalvikvm(15954): GC_CONCURRENT freed 3454K, 45% free 9743K/17536K, paused 0ms+1ms, total 5ms
02-03 12:44:13.751 D/dalvikvm(15954): WAIT_FOR_CONCURRENT_GC blocked 2ms
02-03 12:44:13.761 D/dalvikvm(15954): GC_FOR_ALLOC freed 4494K, 48% free 9259K/17536K, paused 4ms, total 4ms
02-03 12:44:13.771 D/dalvikvm(15954): GC_CONCURRENT freed 3571K, 45% free 9650K/17536K, paused 1ms+1ms, total 6ms
02-03 12:44:13.771 D/dalvikvm(15954): WAIT_FOR_CONCURRENT_GC blocked 2ms
02-03 12:44:13.771 D/dalvikvm(15954): GC_FOR_ALLOC freed 4496K, 49% free 9073K/17536K, paused 4ms, total 4ms
02-03 12:44:13.781 D/dalvikvm(15954): GC_FOR_ALLOC freed 3828K, 47% free 9296K/17536K, paused 4ms, total 4ms
02-03 12:44:13.791 D/dalvikvm(15954): GC_CONCURRENT freed 3587K, 46% free 9596K/17536K, paused 1ms+1ms, total 6ms
02-03 12:44:13.791 D/dalvikvm(15954): WAIT_FOR_CONCURRENT_GC blocked 2ms
02-03 12:44:13.791 D/dalvikvm(15954): GC_FOR_ALLOC freed 4469K, 48% free 9144K/17536K, paused 4ms, total 4ms
02-03 12:44:13.801 D/dalvikvm(15954): GC_CONCURRENT freed 3453K, 45% free 9688K/17536K, paused 0ms+1ms, total 5ms
02-03 12:44:13.801 D/dalvikvm(15954): WAIT_FOR_CONCURRENT_GC blocked 2ms
02-03 12:44:13.811 D/dalvikvm(15954): GC_CONCURRENT freed 4515K, 48% free 9227K/17536K, paused 1ms+1ms, total 5ms
02-03 12:44:13.811 D/dalvikvm(15954): WAIT_FOR_CONCURRENT_GC blocked 4ms
02-03 12:44:13.811 D/dalvikvm(15954): GC_FOR_ALLOC freed 4112K, 49% free 9066K/17536K, paused 4ms, total 4ms
02-03 12:44:13.821 D/dalvikvm(15954): GC_CONCURRENT freed 3837K, 48% free 9232K/17536K, paused 0ms+1ms, total 4ms
02-03 12:44:13.821 D/dalvikvm(15954): WAIT_FOR_CONCURRENT_GC blocked 4ms
02-03 12:44:13.831 D/dalvikvm(15954): GC_CONCURRENT freed 4053K, 48% free 9236K/17536K, paused 1ms+1ms, total 5ms
02-03 12:44:13.831 D/dalvikvm(15954): WAIT_FOR_CONCURRENT_GC blocked 4ms
02-03 12:44:13.841 D/dalvikvm(15954): GC_FOR_ALLOC freed 3858K, 47% free 9320K/17536K, paused 4ms, total 5ms
02-03 12:44:13.841 D/dalvikvm(15954): GC_FOR_ALLOC freed 4160K, 48% free 9183K/17536K, paused 4ms, total 5ms
02-03 12:44:13.851 D/dalvikvm(15954): GC_CONCURRENT freed 3614K, 46% free 9522K/17536K, paused 0ms+0ms, total 6ms
02-03 12:44:13.851 D/dalvikvm(15954): WAIT_FOR_CONCURRENT_GC blocked 2ms
02-03 12:44:13.861 D/dalvikvm(15954): GC_FOR_ALLOC freed 4245K, 47% free 9359K/17536K, paused 5ms, total 5ms
02-03 12:44:13.861 D/dalvikvm(15954): GC_CONCURRENT freed 3521K, 45% free 9706K/17536K, paused 0ms+1ms, total 6ms
02-03 12:44:13.861 D/dalvikvm(15954): WAIT_FOR_CONCURRENT_GC blocked 2ms
02-03 12:44:13.871 D/dalvikvm(15954): GC_FOR_ALLOC freed 4519K, 48% free 9183K/17536K, paused 4ms, total 4ms
02-03 12:44:13.871 D/dalvikvm(15954): GC_CONCURRENT freed 3322K, 45% free 9810K/17536K, paused 0ms+1ms, total 5ms
02-03 12:44:13.871 D/dalvikvm(15954): WAIT_FOR_CONCURRENT_GC blocked 2ms
02-03 12:44:13.881 D/dalvikvm(15954): GC_CONCURRENT freed 4523K, 48% free 9280K/17536K, paused 1ms+1ms, total 5ms
02-03 12:44:13.881 D/dalvikvm(15954): WAIT_FOR_CONCURRENT_GC blocked 4ms
02-03 12:44:13.891 D/dalvikvm(15954): GC_FOR_ALLOC freed 4032K, 49% free 9096K/17536K, paused 5ms, total 5ms
02-03 12:44:13.891 D/dalvikvm(15954): GC_FOR_ALLOC freed 3884K, 49% free 9098K/17536K, paused 4ms, total 4ms
02-03 12:44:13.901 D/dalvikvm(15954): GC_FOR_ALLOC freed 3921K, 49% free 9099K/17536K, paused 4ms, total 4ms
02-03 12:44:13.911 D/dalvikvm(15954): GC_FOR_ALLOC freed 3959K, 49% free 9101K/17536K, paused 4ms, total 4ms
02-03 12:44:13.921 D/dalvikvm(15954): GC_CONCURRENT freed 3806K, 47% free 9294K/17536K, paused 1ms+0ms, total 5ms
02-03 12:44:13.921 D/dalvikvm(15954): WAIT_FOR_CONCURRENT_GC blocked 4ms
02-03 12:44:13.921 D/dalvikvm(15954): GC_CONCURRENT freed 4033K, 47% free 9297K/17536K, paused 1ms+1ms, total 5ms
02-03 12:44:13.921 D/dalvikvm(15954): WAIT_FOR_CONCURRENT_GC blocked 4ms
02-03 12:44:13.931 D/dalvikvm(15954): GC_CONCURRENT freed 4070K, 47% free 9301K/17536K, paused 0ms+1ms, total 4ms
02-03 12:44:13.931 D/dalvikvm(15954): WAIT_FOR_CONCURRENT_GC blocked 4ms
02-03 12:44:13.941 D/dalvikvm(15954): GC_FOR_ALLOC freed 3816K, 47% free 9397K/17536K, paused 4ms, total 4ms
02-03 12:44:13.941 D/dalvikvm(15954): GC_FOR_ALLOC freed 4143K, 48% free 9204K/17536K, paused 4ms, total 4ms
02-03 12:44:13.951 D/dalvikvm(15954): GC_FOR_ALLOC freed 3981K, 49% free 9108K/17536K, paused 4ms, total 4ms
02-03 12:44:13.961 D/dalvikvm(15954): GC_FOR_ALLOC freed 3712K, 47% free 9410K/17536K, paused 4ms, total 4ms
02-03 12:44:13.961 D/dalvikvm(15954): GC_CONCURRENT freed 3546K, 44% free 9915K/17536K, paused 0ms+0ms, total 6ms
02-03 12:44:13.961 D/dalvikvm(15954): WAIT_FOR_CONCURRENT_GC blocked 2ms
02-03 12:44:13.971 D/dalvikvm(15954): GC_CONCURRENT freed 4583K, 47% free 9317K/17536K, paused 1ms+1ms, total 5ms
02-03 12:44:13.971 D/dalvikvm(15954): WAIT_FOR_CONCURRENT_GC blocked 4ms
02-03 12:44:13.981 D/dalvikvm(15954): GC_FOR_ALLOC freed 4016K, 48% free 9213K/17536K, paused 4ms, total 4ms
02-03 12:44:13.981 D/dalvikvm(15954): GC_CONCURRENT freed 3944K, 47% free 9320K/17536K, paused 1ms+0ms, total 5ms
02-03 12:44:13.981 D/dalvikvm(15954): WAIT_FOR_CONCURRENT_GC blocked 4ms
02-03 12:44:13.991 D/dalvikvm(15954): GC_FOR_ALLOC freed 4080K, 48% free 9218K/17536K, paused 4ms, total 4ms
02-03 12:44:14.001 D/dalvikvm(15954): GC_CONCURRENT freed 2958K, 43% free 10166K/17536K, paused 0ms+1ms, total 6ms
02-03 12:44:14.001 D/dalvikvm(15954): WAIT_FOR_CONCURRENT_GC blocked 2ms
02-03 12:44:14.001 D/dalvikvm(15954): GC_FOR_ALLOC freed 4987K, 49% free 9117K/17536K, paused 4ms, total 4ms
02-03 12:44:14.011 D/dalvikvm(15954): GC_FOR_ALLOC freed 3963K, 48% free 9225K/17536K, paused 4ms, total 4ms
02-03 12:44:14.021 D/dalvikvm(15954): GC_CONCURRENT freed 2591K, 43% free 10087K/17536K, paused 1ms+1ms, total 6ms
02-03 12:44:14.021 D/dalvikvm(15954): GC_FOR_ALLOC freed 4770K, 48% free 9122K/17536K, paused 4ms, total 4ms
02-03 12:44:14.031 D/dalvikvm(15954): GC_FOR_ALLOC freed 3827K, 48% free 9123K/17536K, paused 4ms, total 4ms
02-03 12:44:14.041 D/dalvikvm(15954): GC_FOR_ALLOC freed 3853K, 48% free 9125K/17536K, paused 4ms, total 4ms
02-03 12:44:14.041 D/dalvikvm(15954): GC_FOR_ALLOC freed 3879K, 48% free 9126K/17536K, paused 4ms, total 4ms
02-03 12:44:14.051 D/dalvikvm(15954): GC_FOR_ALLOC freed 3905K, 48% free 9128K/17536K, paused 4ms, total 4ms
02-03 12:44:14.061 D/dalvikvm(15954): GC_FOR_ALLOC freed 3931K, 48% free 9129K/17536K, paused 3ms, total 4ms
02-03 12:44:14.061 D/dalvikvm(15954): GC_FOR_ALLOC freed 3957K, 48% free 9131K/17536K, paused 4ms, total 4ms
02-03 12:44:14.071 D/dalvikvm(15954): GC_CONCURRENT freed 3756K, 47% free 9360K/17536K, paused 0ms+1ms, total 4ms
02-03 12:44:14.071 D/dalvikvm(15954): WAIT_FOR_CONCURRENT_GC blocked 4ms
02-03 12:44:14.081 D/dalvikvm(15954): GC_CONCURRENT freed 4008K, 47% free 9363K/17536K, paused 0ms+1ms, total 4ms
02-03 12:44:14.081 D/dalvikvm(15954): WAIT_FOR_CONCURRENT_GC blocked 4ms
02-03 12:44:14.081 D/dalvikvm(15954): GC_CONCURRENT freed 4034K, 47% free 9366K/17536K, paused 0ms+1ms, total 4ms
02-03 12:44:14.081 D/dalvikvm(15954): WAIT_FOR_CONCURRENT_GC blocked 3ms
02-03 12:44:14.091 D/dalvikvm(15954): GC_CONCURRENT freed 4061K, 47% free 9369K/17536K, paused 1ms+0ms, total 5ms
02-03 12:44:14.091 D/dalvikvm(15954): WAIT_FOR_CONCURRENT_GC blocked 4ms
02-03 12:44:14.101 D/dalvikvm(15954): GC_CONCURRENT freed 4090K, 47% free 9372K/17536K, paused 1ms+1ms, total 5ms
02-03 12:44:14.101 D/dalvikvm(15954): WAIT_FOR_CONCURRENT_GC blocked 4ms
02-03 12:44:14.101 D/dalvikvm(15954): GC_FOR_ALLOC freed 3764K, 46% free 9493K/17536K, paused 4ms, total 4ms
02-03 12:44:14.111 D/dalvikvm(15954): GC_FOR_ALLOC freed 4146K, 48% free 9260K/17536K, paused 4ms, total 4ms
02-03 12:44:14.121 D/dalvikvm(15954): GC_FOR_ALLOC freed 3937K, 48% free 9143K/17536K, paused 4ms, total 4ms
02-03 12:44:14.121 D/dalvikvm(15954): GC_FOR_ALLOC freed 3601K, 46% free 9504K/17536K, paused 4ms, total 4ms
02-03 12:44:14.131 D/dalvikvm(15954): GC_FOR_ALLOC freed 4229K, 48% free 9267K/17536K, paused 4ms, total 4ms
02-03 12:44:14.141 D/dalvikvm(15954): GC_CONCURRENT freed 3167K, 43% free 9995K/17536K, paused 1ms+1ms, total 6ms
02-03 12:44:14.141 D/dalvikvm(15954): WAIT_FOR_CONCURRENT_GC blocked 2ms
02-03 12:44:14.141 D/dalvikvm(15954): GC_FOR_ALLOC freed 4519K, 46% free 9516K/17536K, paused 4ms, total 4ms
02-03 12:44:14.151 D/dalvikvm(15954): GC_CONCURRENT freed 3453K, 43% free 10132K/17536K, paused 0ms+0ms, total 6ms
02-03 12:44:14.151 D/dalvikvm(15954): WAIT_FOR_CONCURRENT_GC blocked 2ms
02-03 12:44:14.161 D/dalvikvm(15954): GC_CONCURRENT freed 4702K, 47% free 9401K/17536K, paused 1ms+1ms, total 5ms
02-03 12:44:14.161 D/dalvikvm(15954): WAIT_FOR_CONCURRENT_GC blocked 4ms
02-03 12:44:14.161 D/dalvikvm(15954): GC_FOR_ALLOC freed 3990K, 48% free 9278K/17536K, paused 4ms, total 4ms
02-03 12:44:14.171 D/dalvikvm(15954): GC_CONCURRENT freed 3890K, 47% free 9407K/17536K, paused 1ms+1ms, total 4ms
02-03 12:44:14.171 D/dalvikvm(15954): WAIT_FOR_CONCURRENT_GC blocked 4ms
02-03 12:44:14.181 D/dalvikvm(15954): GC_FOR_ALLOC freed 4039K, 48% free 9283K/17536K, paused 4ms, total 4ms
02-03 12:44:14.181 D/dalvikvm(15954): GC_CONCURRENT freed 3938K, 47% free 9413K/17536K, paused 0ms+1ms, total 4ms
02-03 12:44:14.181 D/dalvikvm(15954): WAIT_FOR_CONCURRENT_GC blocked 4ms
02-03 12:44:14.191 D/dalvikvm(15954): GC_FOR_ALLOC freed 4087K, 48% free 9287K/17536K, paused 4ms, total 4ms
02-03 12:44:14.201 D/dalvikvm(15954): GC_FOR_ALLOC freed 3596K, 46% free 9546K/17536K, paused 4ms, total 4ms
02-03 12:44:14.201 D/dalvikvm(15954): GC_FOR_ALLOC freed 4263K, 48% free 9163K/17536K, paused 4ms, total 4ms
02-03 12:44:14.211 D/dalvikvm(15954): GC_FOR_ALLOC freed 3897K, 47% free 9294K/17536K, paused 4ms, total 4ms
02-03 12:44:14.221 D/dalvikvm(15954): GC_CONCURRENT freed 2746K, 41% free 10468K/17536K, paused 0ms+1ms, total 5ms
02-03 12:44:14.221 D/dalvikvm(15954): WAIT_FOR_CONCURRENT_GC blocked 3ms
02-03 12:44:14.221 D/dalvikvm(15954): GC_FOR_ALLOC freed 5245K, 48% free 9167K/17536K, paused 4ms, total 4ms
02-03 12:44:14.231 D/dalvikvm(15954): GC_FOR_ALLOC freed 3962K, 47% free 9300K/17536K, paused 4ms, total 4ms
02-03 12:44:14.241 D/dalvikvm(15954): GC_CONCURRENT freed 2792K, 41% free 10494K/17536K, paused 1ms+1ms, total 6ms
02-03 12:44:14.241 D/dalvikvm(15954): WAIT_FOR_CONCURRENT_GC blocked 2ms
02-03 12:44:14.241 D/dalvikvm(15954): GC_CONCURRENT freed 5064K, 47% free 9439K/17536K, paused 1ms+1ms, total 5ms
02-03 12:44:14.241 D/dalvikvm(15954): WAIT_FOR_CONCURRENT_GC blocked 4ms
02-03 12:44:14.251 D/dalvikvm(15954): GC_FOR_ALLOC freed 4026K, 48% free 9173K/17536K, paused 4ms, total 4ms
02-03 12:44:14.261 D/dalvikvm(15954): GC_FOR_ALLOC freed 3778K, 48% free 9174K/17536K, paused 4ms, total 4ms
02-03 12:44:14.261 D/dalvikvm(15954): GC_FOR_ALLOC freed 3797K, 48% free 9176K/17536K, paused 4ms, total 4ms
02-03 12:44:14.271 D/dalvikvm(15954): GC_FOR_ALLOC freed 3816K, 48% free 9177K/17536K, paused 4ms, total 4ms
02-03 12:44:14.281 D/dalvikvm(15954): GC_FOR_ALLOC freed 3835K, 48% free 9178K/17536K, paused 4ms, total 4ms
02-03 12:44:14.281 D/dalvikvm(15954): GC_FOR_ALLOC freed 3853K, 48% free 9180K/17536K, paused 4ms, total 4ms
02-03 12:44:14.291 D/dalvikvm(15954): GC_FOR_ALLOC freed 3872K, 48% free 9181K/17536K, paused 4ms, total 4ms
02-03 12:44:14.291 D/dalvikvm(15954): GC_FOR_ALLOC freed 3891K, 48% free 9182K/17536K, paused 4ms, total 4ms
02-03 12:44:14.301 D/dalvikvm(15954): GC_FOR_ALLOC freed 3910K, 48% free 9184K/17536K, paused 4ms, total 4ms
02-03 12:44:14.311 D/dalvikvm(15954): GC_FOR_ALLOC freed 3929K, 48% free 9185K/17536K, paused 4ms, total 4ms
02-03 12:44:14.311 D/dalvikvm(15954): GC_FOR_ALLOC freed 3947K, 48% free 9186K/17536K, paused 4ms, total 4ms
02-03 12:44:14.321 D/dalvikvm(15954): GC_FOR_ALLOC freed 3966K, 48% free 9188K/17536K, paused 3ms, total 4ms
02-03 12:44:14.331 D/dalvikvm(15954): GC_CONCURRENT freed 3276K, 44% free 9898K/17536K, paused 0ms+0ms, total 6ms
02-03 12:44:14.331 D/dalvikvm(15954): WAIT_FOR_CONCURRENT_GC blocked 2ms
02-03 12:44:14.331 D/dalvikvm(15954): GC_CONCURRENT freed 4427K, 46% free 9476K/17536K, paused 1ms+1ms, total 5ms
02-03 12:44:14.331 D/dalvikvm(15954): WAIT_FOR_CONCURRENT_GC blocked 4ms
02-03 12:44:14.341 D/dalvikvm(15954): GC_CONCURRENT freed 4021K, 46% free 9479K/17536K, paused 1ms+1ms, total 5ms
02-03 12:44:14.341 D/dalvikvm(15954): WAIT_FOR_CONCURRENT_GC blocked 4ms
02-03 12:44:14.351 D/dalvikvm(15954): GC_CONCURRENT freed 4040K, 46% free 9482K/17536K, paused 0ms+1ms, total 4ms
02-03 12:44:14.351 D/dalvikvm(15954): WAIT_FOR_CONCURRENT_GC blocked 4ms
02-03 12:44:14.361 D/dalvikvm(15954): GC_CONCURRENT freed 4059K, 46% free 9484K/17536K, paused 1ms+0ms, total 5ms
02-03 12:44:14.361 D/dalvikvm(15954): WAIT_FOR_CONCURRENT_GC blocked 4ms
02-03 12:44:14.361 D/dalvikvm(15954): GC_CONCURRENT freed 4078K, 46% free 9487K/17536K, paused 1ms+1ms, total 5ms
02-03 12:44:14.361 D/dalvikvm(15954): WAIT_FOR_CONCURRENT_GC blocked 4ms
02-03 12:44:14.371 D/dalvikvm(15954): GC_FOR_ALLOC freed 3656K, 46% free 9635K/17536K, paused 4ms, total 4ms
02-03 12:44:14.381 D/dalvikvm(15954): GC_FOR_ALLOC freed 4113K, 47% free 9345K/17536K, paused 4ms, total 4ms
02-03 12:44:14.381 D/dalvikvm(15954): GC_FOR_ALLOC freed 3837K, 48% free 9199K/17536K, paused 4ms, total 4ms
02-03 12:44:14.391 D/dalvikvm(15954): GC_FOR_ALLOC freed 3407K, 45% free 9645K/17536K, paused 4ms, total 4ms
02-03 12:44:14.401 D/dalvikvm(15954): GC_FOR_ALLOC freed 4165K, 47% free 9350K/17536K, paused 4ms, total 4ms
02-03 12:44:14.401 D/dalvikvm(15954): GC_FOR_ALLOC freed 3885K, 48% free 9203K/17536K, paused 4ms, total 4ms
02-03 12:44:14.411 D/dalvikvm(15954): GC_FOR_ALLOC freed 3449K, 45% free 9654K/17536K, paused 4ms, total 4ms
02-03 12:44:14.421 D/dalvikvm(15954): GC_FOR_ALLOC freed 4217K, 47% free 9356K/17536K, paused 3ms, total 4ms
02-03 12:44:14.421 D/dalvikvm(15954): GC_FOR_ALLOC freed 3933K, 48% free 9207K/17536K, paused 4ms, total 4ms
02-03 12:44:14.431 D/dalvikvm(15954): GC_FOR_ALLOC freed 3492K, 45% free 9663K/17536K, paused 4ms, total 4ms
02-03 12:44:14.431 D/dalvikvm(15954): GC_FOR_ALLOC freed 4269K, 47% free 9361K/17536K, paused 4ms, total 4ms
02-03 12:44:14.441 D/dalvikvm(15954): GC_FOR_ALLOC freed 3981K, 48% free 9211K/17536K, paused 4ms, total 4ms
02-03 12:44:14.451 D/dalvikvm(15954): GC_FOR_ALLOC freed 3534K, 45% free 9672K/17536K, paused 4ms, total 4ms
02-03 12:44:14.451 D/dalvikvm(15954): GC_CONCURRENT freed 3244K, 41% free 10443K/17536K, paused 1ms+0ms, total 7ms
02-03 12:44:14.451 D/dalvikvm(15954): WAIT_FOR_CONCURRENT_GC blocked 2ms
02-03 12:44:14.461 D/dalvikvm(15954): GC_FOR_ALLOC freed 5105K, 48% free 9214K/17536K, paused 4ms, total 4ms
02-03 12:44:14.471 D/dalvikvm(15954): GC_FOR_ALLOC freed 3577K, 45% free 9681K/17536K, paused 4ms, total 4ms
02-03 12:44:14.471 D/dalvikvm(15954): GC_CONCURRENT freed 3283K, 41% free 10462K/17536K, paused 1ms+1ms, total 6ms
02-03 12:44:14.471 D/dalvikvm(15954): WAIT_FOR_CONCURRENT_GC blocked 1ms
02-03 12:44:14.481 D/dalvikvm(15954): GC_FOR_ALLOC freed 5166K, 48% free 9218K/17536K, paused 4ms, total 4ms
02-03 12:44:14.491 D/dalvikvm(15954): GC_FOR_ALLOC freed 3619K, 45% free 9691K/17536K, paused 4ms, total 4ms
02-03 12:44:14.491 D/dalvikvm(15954): GC_CONCURRENT freed 3005K, 42% free 10323K/17536K, paused 1ms+1ms, total 6ms
02-03 12:44:14.491 D/dalvikvm(15954): WAIT_FOR_CONCURRENT_GC blocked 2ms
02-03 12:44:14.501 D/dalvikvm(15954): GC_FOR_ALLOC freed 4749K, 47% free 9379K/17536K, paused 4ms, total 4ms
02-03 12:44:14.511 D/dalvikvm(15954): GC_CONCURRENT freed 3820K, 46% free 9541K/17536K, paused 1ms+0ms, total 5ms
02-03 12:44:14.511 D/dalvikvm(15954): WAIT_FOR_CONCURRENT_GC blocked 4ms
02-03 12:44:14.511 D/dalvikvm(15954): GC_FOR_ALLOC freed 3992K, 47% free 9383K/17536K, paused 4ms, total 4ms
02-03 12:44:14.531 D/dalvikvm(15954): GC_FOR_ALLOC freed 4171K, 48% free 9225K/17536K, paused 9ms, total 9ms
02-03 12:44:14.531 D/dalvikvm(15954): GC_CONCURRENT freed 2575K, 43% free 10029K/17536K, paused 1ms+1ms, total 6ms
02-03 12:44:14.541 D/dalvikvm(15954): GC_FOR_ALLOC freed 4519K, 47% free 9388K/17536K, paused 6ms, total 6ms
02-03 12:44:14.561 D/dalvikvm(15954): GC_CONCURRENT freed 3891K, 46% free 9553K/17536K, paused 1ms+2ms, total 9ms
02-03 12:44:14.561 D/dalvikvm(15954): WAIT_FOR_CONCURRENT_GC blocked 8ms
02-03 12:44:14.571 D/dalvikvm(15954): GC_FOR_ALLOC freed 4066K, 47% free 9392K/17536K, paused 4ms, total 4ms
02-03 12:44:14.571 W/BindingManager(18937): Cannot call determinedVisibility() - never saw a connection for the pid: 18937
02-03 12:44:14.581 D/dalvikvm(15954): GC_CONCURRENT freed 3918K, 46% free 9557K/17536K, paused 0ms+1ms, total 6ms
02-03 12:44:14.591 D/dalvikvm(15954): GC_FOR_ALLOC freed 4100K, 47% free 9396K/17536K, paused 5ms, total 5ms
02-03 12:44:14.601 D/dalvikvm(15954): GC_FOR_ALLOC freed 3456K, 45% free 9727K/17536K, paused 5ms, total 5ms
02-03 12:44:14.611 D/dalvikvm(15954): GC_FOR_ALLOC freed 4295K, 48% free 9235K/17536K, paused 4ms, total 4ms
02-03 12:44:14.611 I/chromium(18937): [INFO:CONSOLE(46)] "Uncaught ReferenceError: SharedWorker is not defined", source: app://org.xwalk.webapi_noneservice_tests//opt/tct-workers-w3c-tests/workers/SharedWorkerNavigator_online.html (46)
02-03 12:44:14.611 D/dalvikvm(15954): GC_CONCURRENT freed 3811K, 47% free 9401K/17536K, paused 1ms+1ms, total 5ms
02-03 12:44:14.611 D/dalvikvm(15954): WAIT_FOR_CONCURRENT_GC blocked 3ms
02-03 12:44:14.621 D/dalvikvm(15954): GC_FOR_ALLOC freed 3491K, 45% free 9735K/17536K, paused 5ms, total 5ms
02-03 12:44:14.631 D/dalvikvm(15954): GC_FOR_ALLOC freed 4335K, 48% free 9238K/17536K, paused 5ms, total 5ms
02-03 12:44:14.641 D/dalvikvm(15954): GC_CONCURRENT freed 3846K, 47% free 9406K/17536K, paused 0ms+1ms, total 6ms
02-03 12:44:14.641 D/dalvikvm(15954): WAIT_FOR_CONCURRENT_GC blocked 5ms
02-03 12:44:14.651 D/dalvikvm(15954): GC_FOR_ALLOC freed 3522K, 45% free 9742K/17536K, paused 6ms, total 6ms
02-03 12:44:14.661 D/dalvikvm(15954): GC_FOR_ALLOC freed 4374K, 48% free 9241K/17536K, paused 4ms, total 4ms
02-03 12:44:14.661 D/dalvikvm(15954): GC_CONCURRENT freed 3880K, 47% free 9410K/17536K, paused 1ms+1ms, total 5ms
02-03 12:44:14.661 D/dalvikvm(15954): WAIT_FOR_CONCURRENT_GC blocked 4ms
02-03 12:44:14.671 D/dalvikvm(15954): GC_FOR_ALLOC freed 3556K, 45% free 9750K/17536K, paused 5ms, total 5ms
02-03 12:44:14.681 D/dalvikvm(15954): GC_FOR_ALLOC freed 4258K, 48% free 9268K/17536K, paused 4ms, total 4ms
02-03 12:44:14.691 D/dalvikvm(15954): GC_FOR_ALLOC freed 3753K, 48% free 9268K/17536K, paused 4ms, total 4ms
02-03 12:44:14.701 D/dalvikvm(15954): GC_CONCURRENT freed 3987K, 47% free 9355K/17536K, paused 0ms+1ms, total 4ms
02-03 12:44:14.701 D/dalvikvm(15954): WAIT_FOR_CONCURRENT_GC blocked 4ms
02-03 12:44:14.771 D/dalvikvm(15954): GC_CONCURRENT freed 4503K, 50% free 8941K/17536K, paused 1ms+1ms, total 7ms
02-03 12:44:14.771 D/dalvikvm(15954): WAIT_FOR_CONCURRENT_GC blocked 6ms
02-03 12:44:14.781 D/dalvikvm(15954): GC_CONCURRENT freed 4029K, 49% free 9000K/17536K, paused 1ms+0ms, total 5ms
02-03 12:44:14.781 D/dalvikvm(15954): WAIT_FOR_CONCURRENT_GC blocked 4ms
02-03 12:44:14.791 D/dalvikvm(15954): GC_CONCURRENT freed 4119K, 49% free 8975K/17536K, paused 0ms+1ms, total 4ms
02-03 12:44:14.791 D/dalvikvm(15954): WAIT_FOR_CONCURRENT_GC blocked 5ms
02-03 12:44:14.801 D/dalvikvm(15954): GC_CONCURRENT freed 4051K, 49% free 8990K/17536K, paused 0ms+1ms, total 4ms
02-03 12:44:14.801 D/dalvikvm(15954): WAIT_FOR_CONCURRENT_GC blocked 5ms
02-03 12:44:14.811 D/dalvikvm(15954): GC_FOR_ALLOC freed 4046K, 49% free 8965K/17536K, paused 4ms, total 4ms
02-03 12:44:14.811 D/dalvikvm(15954): GC_CONCURRENT freed 3561K, 46% free 9575K/17536K, paused 0ms+1ms, total 5ms
02-03 12:44:14.821 D/dalvikvm(15954): GC_FOR_ALLOC freed 4625K, 49% free 8997K/17536K, paused 4ms, total 4ms
02-03 12:44:14.831 D/dalvikvm(15954): GC_CONCURRENT freed 3248K, 46% free 9475K/17536K, paused 1ms+1ms, total 6ms
02-03 12:44:14.841 D/dalvikvm(15954): GC_FOR_ALLOC freed 4540K, 49% free 8998K/17536K, paused 4ms, total 4ms
02-03 12:44:14.841 D/dalvikvm(15954): GC_CONCURRENT freed 3868K, 48% free 9181K/17536K, paused 1ms+1ms, total 6ms
02-03 12:44:14.841 D/dalvikvm(15954): WAIT_FOR_CONCURRENT_GC blocked 1ms
02-03 12:44:14.851 D/dalvikvm(15954): GC_CONCURRENT freed 4095K, 49% free 9083K/17536K, paused 1ms+1ms, total 5ms
02-03 12:44:14.851 D/dalvikvm(15954): WAIT_FOR_CONCURRENT_GC blocked 4ms
02-03 12:44:14.861 D/dalvikvm(15954): GC_FOR_ALLOC freed 4077K, 49% free 9038K/17536K, paused 4ms, total 4ms
02-03 12:44:14.861 D/dalvikvm(15954): GC_CONCURRENT freed 3545K, 47% free 9348K/17536K, paused 1ms+1ms, total 6ms
02-03 12:44:14.871 D/dalvikvm(15954): GC_CONCURRENT freed 4270K, 49% free 9094K/17536K, paused 1ms+0ms, total 5ms
02-03 12:44:14.871 D/dalvikvm(15954): WAIT_FOR_CONCURRENT_GC blocked 4ms
02-03 12:44:14.881 D/dalvikvm(15954): GC_CONCURRENT freed 4070K, 49% free 9096K/17536K, paused 1ms+1ms, total 5ms
02-03 12:44:14.881 D/dalvikvm(15954): WAIT_FOR_CONCURRENT_GC blocked 4ms
02-03 12:44:14.891 D/dalvikvm(15954): GC_CONCURRENT freed 4066K, 49% free 9080K/17536K, paused 0ms+1ms, total 4ms
02-03 12:44:14.891 D/dalvikvm(15954): WAIT_FOR_CONCURRENT_GC blocked 5ms
02-03 12:44:14.901 D/dalvikvm(15954): GC_CONCURRENT freed 3996K, 49% free 9081K/17536K, paused 0ms+1ms, total 5ms
02-03 12:44:14.901 D/dalvikvm(15954): WAIT_FOR_CONCURRENT_GC blocked 4ms
02-03 12:44:14.901 D/dalvikvm(15954): GC_FOR_ALLOC freed 4014K, 49% free 9028K/17536K, paused 4ms, total 4ms
02-03 12:44:14.911 D/dalvikvm(15954): GC_FOR_ALLOC freed 3966K, 49% free 9082K/17536K, paused 4ms, total 4ms
02-03 12:44:14.921 D/dalvikvm(15954): GC_CONCURRENT freed 3284K, 46% free 9474K/17536K, paused 2ms+1ms, total 7ms
02-03 12:44:14.921 D/dalvikvm(15954): GC_FOR_ALLOC freed 4334K, 48% free 9200K/17536K, paused 4ms, total 4ms
02-03 12:44:14.931 D/dalvikvm(15954): GC_CONCURRENT freed 3507K, 46% free 9556K/17536K, paused 1ms+1ms, total 6ms
02-03 12:44:14.941 D/dalvikvm(15954): GC_FOR_ALLOC freed 4485K, 49% free 9087K/17536K, paused 4ms, total 4ms
02-03 12:44:14.941 D/dalvikvm(15954): GC_CONCURRENT freed 3613K, 47% free 9394K/17536K, paused 2ms+1ms, total 7ms
02-03 12:44:14.951 D/dalvikvm(15954): GC_FOR_ALLOC freed 4310K, 48% free 9119K/17536K, paused 4ms, total 4ms
02-03 12:44:14.961 D/dalvikvm(15954): GC_CONCURRENT freed 2918K, 46% free 9636K/17536K, paused 0ms+1ms, total 5ms
02-03 12:44:14.961 D/dalvikvm(15954): GC_FOR_ALLOC freed 4407K, 48% free 9255K/17536K, paused 4ms, total 4ms
02-03 12:44:14.971 D/dalvikvm(15954): GC_CONCURRENT freed 3499K, 45% free 9658K/17536K, paused 1ms+1ms, total 6ms
02-03 12:44:14.981 D/dalvikvm(15954): GC_FOR_ALLOC freed 4577K, 48% free 9126K/17536K, paused 4ms, total 4ms
02-03 12:44:14.981 D/dalvikvm(15954): GC_CONCURRENT freed 3143K, 45% free 9678K/17536K, paused 1ms+1ms, total 6ms
02-03 12:44:14.991 D/dalvikvm(15954): GC_CONCURRENT freed 4449K, 48% free 9201K/17536K, paused 0ms+0ms, total 5ms
02-03 12:44:14.991 D/dalvikvm(15954): WAIT_FOR_CONCURRENT_GC blocked 4ms
02-03 12:44:15.001 D/dalvikvm(15954): GC_CONCURRENT freed 4033K, 48% free 9206K/17536K, paused 0ms+1ms, total 5ms
02-03 12:44:15.001 D/dalvikvm(15954): WAIT_FOR_CONCURRENT_GC blocked 4ms
02-03 12:44:15.011 D/dalvikvm(15954): GC_FOR_ALLOC freed 3881K, 48% free 9279K/17536K, paused 4ms, total 4ms
02-03 12:44:15.011 D/dalvikvm(15954): GC_FOR_ALLOC freed 4166K, 48% free 9132K/17536K, paused 4ms, total 4ms
02-03 12:44:15.021 D/dalvikvm(15954): GC_CONCURRENT freed 3706K, 47% free 9431K/17536K, paused 1ms+1ms, total 6ms
02-03 12:44:15.021 D/dalvikvm(15954): WAIT_FOR_CONCURRENT_GC blocked 3ms
02-03 12:44:15.031 D/dalvikvm(15954): GC_CONCURRENT freed 4286K, 48% free 9131K/17536K, paused 0ms+0ms, total 5ms
02-03 12:44:15.031 D/dalvikvm(15954): WAIT_FOR_CONCURRENT_GC blocked 4ms
02-03 12:44:15.041 D/dalvikvm(15954): GC_CONCURRENT freed 3811K, 47% free 9317K/17536K, paused 0ms+0ms, total 5ms
02-03 12:44:15.041 D/dalvikvm(15954): WAIT_FOR_CONCURRENT_GC blocked 4ms
02-03 12:44:15.041 D/dalvikvm(15954): GC_CONCURRENT freed 4101K, 48% free 9240K/17536K, paused 1ms+1ms, total 5ms
02-03 12:44:15.041 D/dalvikvm(15954): WAIT_FOR_CONCURRENT_GC blocked 4ms
02-03 12:44:15.051 D/dalvikvm(15954): GC_FOR_ALLOC freed 4078K, 49% free 9081K/17536K, paused 4ms, total 4ms
02-03 12:44:15.061 D/dalvikvm(15954): GC_CONCURRENT freed 3808K, 48% free 9246K/17536K, paused 0ms+1ms, total 5ms
02-03 12:44:15.061 D/dalvikvm(15954): WAIT_FOR_CONCURRENT_GC blocked 4ms
02-03 12:44:15.071 D/dalvikvm(15954): GC_CONCURRENT freed 4026K, 48% free 9246K/17536K, paused 0ms+1ms, total 5ms
02-03 12:44:15.071 D/dalvikvm(15954): WAIT_FOR_CONCURRENT_GC blocked 4ms
02-03 12:44:15.081 D/dalvikvm(15954): GC_CONCURRENT freed 4080K, 48% free 9246K/17536K, paused 0ms+1ms, total 5ms
02-03 12:44:15.081 D/dalvikvm(15954): WAIT_FOR_CONCURRENT_GC blocked 4ms
02-03 12:44:15.081 D/dalvikvm(15954): GC_FOR_ALLOC freed 3875K, 47% free 9334K/17536K, paused 4ms, total 4ms
02-03 12:44:15.091 D/dalvikvm(15954): GC_CONCURRENT freed 4182K, 48% free 9165K/17536K, paused 0ms+1ms, total 4ms
02-03 12:44:15.091 D/dalvikvm(15954): WAIT_FOR_CONCURRENT_GC blocked 4ms
02-03 12:44:15.101 D/dalvikvm(15954): GC_CONCURRENT freed 3884K, 48% free 9254K/17536K, paused 0ms+1ms, total 5ms
02-03 12:44:15.101 D/dalvikvm(15954): WAIT_FOR_CONCURRENT_GC blocked 4ms
02-03 12:44:15.111 D/dalvikvm(15954): GC_FOR_ALLOC freed 4016K, 48% free 9166K/17536K, paused 4ms, total 4ms
02-03 12:44:15.111 D/dalvikvm(15954): GC_CONCURRENT freed 3971K, 48% free 9258K/17536K, paused 0ms+1ms, total 5ms
02-03 12:44:15.111 D/dalvikvm(15954): WAIT_FOR_CONCURRENT_GC blocked 4ms
02-03 12:44:15.121 D/dalvikvm(15954): GC_FOR_ALLOC freed 4106K, 48% free 9168K/17536K, paused 4ms, total 4ms
02-03 12:44:15.131 D/dalvikvm(15954): GC_CONCURRENT freed 3159K, 44% free 9978K/17536K, paused 1ms+1ms, total 6ms
02-03 12:44:15.131 D/dalvikvm(15954): WAIT_FOR_CONCURRENT_GC blocked 2ms
02-03 12:44:15.131 D/dalvikvm(15954): GC_CONCURRENT freed 4729K, 48% free 9293K/17536K, paused 0ms+1ms, total 5ms
02-03 12:44:15.131 D/dalvikvm(15954): WAIT_FOR_CONCURRENT_GC blocked 4ms
02-03 12:44:15.141 D/dalvikvm(15954): GC_FOR_ALLOC freed 4048K, 49% free 9113K/17536K, paused 4ms, total 4ms
02-03 12:44:15.151 D/dalvikvm(15954): GC_FOR_ALLOC freed 3903K, 49% free 9114K/17536K, paused 4ms, total 4ms
02-03 12:44:15.151 D/dalvikvm(15954): GC_FOR_ALLOC freed 3940K, 49% free 9116K/17536K, paused 4ms, total 4ms
02-03 12:44:15.161 D/dalvikvm(15954): GC_CONCURRENT freed 3788K, 47% free 9308K/17536K, paused 0ms+0ms, total 5ms
02-03 12:44:15.161 D/dalvikvm(15954): WAIT_FOR_CONCURRENT_GC blocked 4ms
02-03 12:44:15.171 D/dalvikvm(15954): GC_CONCURRENT freed 4014K, 47% free 9311K/17536K, paused 1ms+0ms, total 5ms
02-03 12:44:15.171 D/dalvikvm(15954): WAIT_FOR_CONCURRENT_GC blocked 4ms
02-03 12:44:15.181 D/dalvikvm(15954): GC_CONCURRENT freed 4052K, 47% free 9315K/17536K, paused 1ms+1ms, total 5ms
02-03 12:44:15.181 D/dalvikvm(15954): WAIT_FOR_CONCURRENT_GC blocked 4ms
02-03 12:44:15.191 D/dalvikvm(15954): GC_CONCURRENT freed 4093K, 47% free 9314K/17536K, paused 1ms+1ms, total 5ms
02-03 12:44:15.191 D/dalvikvm(15954): WAIT_FOR_CONCURRENT_GC blocked 4ms
02-03 12:44:15.191 D/dalvikvm(15954): GC_FOR_ALLOC freed 3830K, 47% free 9416K/17536K, paused 4ms, total 4ms
02-03 12:44:15.201 D/dalvikvm(15954): GC_FOR_ALLOC freed 4162K, 48% free 9221K/17536K, paused 4ms, total 4ms
02-03 12:44:15.211 D/dalvikvm(15954): GC_CONCURRENT freed 3101K, 43% free 10019K/17536K, paused 1ms+2ms, total 6ms
02-03 12:44:15.211 D/dalvikvm(15954): GC_FOR_ALLOC freed 4626K, 47% free 9428K/17536K, paused 4ms, total 4ms
02-03 12:44:15.221 D/dalvikvm(15954): GC_CONCURRENT freed 3153K, 42% free 10345K/17536K, paused 1ms+1ms, total 6ms
02-03 12:44:15.231 D/dalvikvm(15954): GC_CONCURRENT freed 5013K, 47% free 9335K/17536K, paused 1ms+1ms, total 5ms
02-03 12:44:15.231 D/dalvikvm(15954): WAIT_FOR_CONCURRENT_GC blocked 4ms
02-03 12:44:15.231 D/dalvikvm(15954): GC_FOR_ALLOC freed 4035K, 48% free 9230K/17536K, paused 4ms, total 5ms
02-03 12:44:15.241 D/dalvikvm(15954): GC_CONCURRENT freed 3962K, 47% free 9338K/17536K, paused 1ms+1ms, total 5ms
02-03 12:44:15.241 D/dalvikvm(15954): WAIT_FOR_CONCURRENT_GC blocked 4ms
02-03 12:44:15.251 D/dalvikvm(15954): GC_FOR_ALLOC freed 4100K, 48% free 9236K/17536K, paused 4ms, total 4ms
02-03 12:44:15.251 D/dalvikvm(15954): GC_CONCURRENT freed 2655K, 41% free 10503K/17536K, paused 1ms+1ms, total 6ms
02-03 12:44:15.251 D/dalvikvm(15954): WAIT_FOR_CONCURRENT_GC blocked 2ms
02-03 12:44:15.261 D/dalvikvm(15954): GC_FOR_ALLOC freed 5323K, 48% free 9134K/17536K, paused 4ms, total 4ms
02-03 12:44:15.271 D/dalvikvm(15954): GC_FOR_ALLOC freed 3980K, 48% free 9243K/17536K, paused 4ms, total 4ms
02-03 12:44:15.271 D/dalvikvm(15954): GC_CONCURRENT freed 3253K, 43% free 10000K/17536K, paused 1ms+1ms, total 7ms
02-03 12:44:15.271 D/dalvikvm(15954): WAIT_FOR_CONCURRENT_GC blocked 2ms
02-03 12:44:15.281 D/dalvikvm(15954): GC_CONCURRENT freed 4686K, 47% free 9357K/17536K, paused 1ms+1ms, total 5ms
02-03 12:44:15.281 D/dalvikvm(15954): WAIT_FOR_CONCURRENT_GC blocked 4ms
02-03 12:44:15.291 D/dalvikvm(15954): GC_FOR_ALLOC freed 4066K, 48% free 9140K/17536K, paused 4ms, total 5ms
02-03 12:44:15.291 D/dalvikvm(15954): GC_FOR_ALLOC freed 3874K, 48% free 9142K/17536K, paused 4ms, total 4ms
02-03 12:44:15.301 D/dalvikvm(15954): GC_FOR_ALLOC freed 3900K, 48% free 9143K/17536K, paused 4ms, total 4ms
02-03 12:44:15.311 D/dalvikvm(15954): GC_FOR_ALLOC freed 3926K, 48% free 9145K/17536K, paused 4ms, total 4ms
02-03 12:44:15.311 D/dalvikvm(15954): GC_FOR_ALLOC freed 3952K, 48% free 9146K/17536K, paused 4ms, total 4ms
02-03 12:44:15.321 D/dalvikvm(15954): GC_CONCURRENT freed 3751K, 47% free 9375K/17536K, paused 0ms+1ms, total 4ms
02-03 12:44:15.321 D/dalvikvm(15954): WAIT_FOR_CONCURRENT_GC blocked 4ms
02-03 12:44:15.331 D/dalvikvm(15954): GC_CONCURRENT freed 4003K, 47% free 9378K/17536K, paused 1ms+0ms, total 5ms
02-03 12:44:15.331 D/dalvikvm(15954): WAIT_FOR_CONCURRENT_GC blocked 4ms
02-03 12:44:15.341 D/dalvikvm(15954): GC_CONCURRENT freed 4029K, 47% free 9381K/17536K, paused 1ms+1ms, total 5ms
02-03 12:44:15.341 D/dalvikvm(15954): WAIT_FOR_CONCURRENT_GC blocked 4ms
02-03 12:44:15.341 D/dalvikvm(15954): GC_CONCURRENT freed 4056K, 47% free 9384K/17536K, paused 0ms+1ms, total 4ms
02-03 12:44:15.341 D/dalvikvm(15954): WAIT_FOR_CONCURRENT_GC blocked 4ms
02-03 12:44:15.351 D/dalvikvm(15954): GC_CONCURRENT freed 4084K, 47% free 9388K/17536K, paused 0ms+1ms, total 4ms
02-03 12:44:15.351 D/dalvikvm(15954): WAIT_FOR_CONCURRENT_GC blocked 4ms
02-03 12:44:15.361 D/dalvikvm(15954): GC_FOR_ALLOC freed 3759K, 46% free 9508K/17536K, paused 4ms, total 4ms
02-03 12:44:15.361 D/dalvikvm(15954): GC_FOR_ALLOC freed 4140K, 48% free 9275K/17536K, paused 4ms, total 4ms
02-03 12:44:15.371 D/dalvikvm(15954): GC_FOR_ALLOC freed 3931K, 48% free 9159K/17536K, paused 4ms, total 4ms
02-03 12:44:15.381 D/dalvikvm(15954): GC_FOR_ALLOC freed 3596K, 46% free 9520K/17536K, paused 4ms, total 4ms
02-03 12:44:15.381 D/dalvikvm(15954): GC_FOR_ALLOC freed 4223K, 48% free 9282K/17536K, paused 4ms, total 4ms
02-03 12:44:15.391 D/dalvikvm(15954): GC_CONCURRENT freed 3405K, 45% free 9767K/17536K, paused 0ms+0ms, total 6ms
02-03 12:44:15.391 D/dalvikvm(15954): WAIT_FOR_CONCURRENT_GC blocked 2ms
02-03 12:44:15.401 D/dalvikvm(15954): GC_FOR_ALLOC freed 4270K, 46% free 9531K/17536K, paused 4ms, total 4ms
02-03 12:44:15.401 D/dalvikvm(15954): GC_CONCURRENT freed 3448K, 43% free 10146K/17536K, paused 0ms+1ms, total 6ms
02-03 12:44:15.401 D/dalvikvm(15954): WAIT_FOR_CONCURRENT_GC blocked 2ms
02-03 12:44:15.411 D/dalvikvm(15954): GC_FOR_ALLOC freed 4943K, 48% free 9168K/17536K, paused 4ms, total 4ms
02-03 12:44:15.421 D/dalvikvm(15954): GC_FOR_ALLOC freed 3737K, 47% free 9294K/17536K, paused 4ms, total 4ms
02-03 12:44:15.421 D/dalvikvm(15954): GC_CONCURRENT freed 3886K, 47% free 9422K/17536K, paused 0ms+1ms, total 4ms
02-03 12:44:15.421 D/dalvikvm(15954): WAIT_FOR_CONCURRENT_GC blocked 4ms
02-03 12:44:15.431 D/dalvikvm(15954): GC_FOR_ALLOC freed 4033K, 47% free 9298K/17536K, paused 4ms, total 4ms
02-03 12:44:15.441 D/dalvikvm(15954): GC_CONCURRENT freed 3932K, 47% free 9428K/17536K, paused 0ms+1ms, total 4ms
02-03 12:44:15.441 D/dalvikvm(15954): WAIT_FOR_CONCURRENT_GC blocked 4ms
02-03 12:44:15.441 D/dalvikvm(15954): GC_FOR_ALLOC freed 4081K, 47% free 9303K/17536K, paused 4ms, total 4ms
02-03 12:44:15.451 D/dalvikvm(15954): GC_FOR_ALLOC freed 3592K, 46% free 9561K/17536K, paused 4ms, total 4ms
02-03 12:44:15.461 D/dalvikvm(15954): GC_FOR_ALLOC freed 4257K, 48% free 9178K/17536K, paused 4ms, total 4ms
02-03 12:44:15.461 D/dalvikvm(15954): GC_FOR_ALLOC freed 3892K, 47% free 9309K/17536K, paused 4ms, total 4ms
02-03 12:44:15.471 D/dalvikvm(15954): GC_CONCURRENT freed 3003K, 42% free 10221K/17536K, paused 1ms+1ms, total 6ms
02-03 12:44:15.471 D/dalvikvm(15954): WAIT_FOR_CONCURRENT_GC blocked 2ms
02-03 12:44:15.481 D/dalvikvm(15954): GC_FOR_ALLOC freed 4978K, 48% free 9183K/17536K, paused 4ms, total 4ms
02-03 12:44:15.481 D/dalvikvm(15954): GC_FOR_ALLOC freed 3957K, 47% free 9316K/17536K, paused 4ms, total 4ms
02-03 12:44:15.491 D/dalvikvm(15954): GC_CONCURRENT freed 3053K, 42% free 10243K/17536K, paused 1ms+0ms, total 7ms
02-03 12:44:15.491 D/dalvikvm(15954): WAIT_FOR_CONCURRENT_GC blocked 2ms
02-03 12:44:15.501 D/dalvikvm(15954): GC_CONCURRENT freed 4793K, 47% free 9454K/17536K, paused 1ms+1ms, total 5ms
02-03 12:44:15.501 D/dalvikvm(15954): WAIT_FOR_CONCURRENT_GC blocked 4ms
02-03 12:44:15.501 D/dalvikvm(15954): GC_FOR_ALLOC freed 4020K, 48% free 9188K/17536K, paused 4ms, total 4ms
02-03 12:44:15.511 D/dalvikvm(15954): GC_FOR_ALLOC freed 3773K, 48% free 9190K/17536K, paused 4ms, total 4ms
02-03 12:44:15.521 D/dalvikvm(15954): GC_FOR_ALLOC freed 3792K, 48% free 9191K/17536K, paused 4ms, total 4ms
02-03 12:44:15.521 D/dalvikvm(15954): GC_FOR_ALLOC freed 3811K, 48% free 9193K/17536K, paused 4ms, total 4ms
02-03 12:44:15.531 D/dalvikvm(15954): GC_FOR_ALLOC freed 3830K, 48% free 9194K/17536K, paused 4ms, total 4ms
02-03 12:44:15.541 D/dalvikvm(15954): GC_FOR_ALLOC freed 3849K, 48% free 9195K/17536K, paused 4ms, total 4ms
02-03 12:44:15.541 D/dalvikvm(15954): GC_FOR_ALLOC freed 3867K, 48% free 9197K/17536K, paused 4ms, total 4ms
02-03 12:44:15.551 D/dalvikvm(15954): GC_FOR_ALLOC freed 3886K, 48% free 9198K/17536K, paused 4ms, total 4ms
02-03 12:44:15.561 D/dalvikvm(15954): GC_FOR_ALLOC freed 3905K, 48% free 9199K/17536K, paused 4ms, total 4ms
02-03 12:44:15.561 D/dalvikvm(15954): GC_FOR_ALLOC freed 3924K, 48% free 9201K/17536K, paused 4ms, total 4ms
02-03 12:44:15.571 D/dalvikvm(15954): GC_FOR_ALLOC freed 3943K, 48% free 9202K/17536K, paused 4ms, total 4ms
02-03 12:44:15.581 D/dalvikvm(15954): GC_FOR_ALLOC freed 3961K, 48% free 9203K/17536K, paused 5ms, total 5ms
02-03 12:44:15.581 D/dalvikvm(15954): GC_CONCURRENT freed 3696K, 46% free 9489K/17536K, paused 1ms+0ms, total 5ms
02-03 12:44:15.581 D/dalvikvm(15954): WAIT_FOR_CONCURRENT_GC blocked 4ms
02-03 12:44:15.591 D/dalvikvm(15954): GC_CONCURRENT freed 3998K, 46% free 9492K/17536K, paused 1ms+1ms, total 5ms
02-03 12:44:15.591 D/dalvikvm(15954): WAIT_FOR_CONCURRENT_GC blocked 4ms
02-03 12:44:15.601 D/dalvikvm(15954): GC_CONCURRENT freed 4017K, 46% free 9494K/17536K, paused 0ms+1ms, total 4ms
02-03 12:44:15.601 D/dalvikvm(15954): WAIT_FOR_CONCURRENT_GC blocked 4ms
02-03 12:44:15.611 D/dalvikvm(15954): GC_CONCURRENT freed 4035K, 46% free 9497K/17536K, paused 1ms+0ms, total 5ms
02-03 12:44:15.611 D/dalvikvm(15954): WAIT_FOR_CONCURRENT_GC blocked 4ms
02-03 12:44:15.611 D/dalvikvm(15954): GC_CONCURRENT freed 4054K, 46% free 9500K/17536K, paused 0ms+1ms, total 5ms
02-03 12:44:15.611 D/dalvikvm(15954): WAIT_FOR_CONCURRENT_GC blocked 4ms
02-03 12:44:15.621 D/dalvikvm(15954): GC_CONCURRENT freed 4073K, 46% free 9502K/17536K, paused 1ms+1ms, total 6ms
02-03 12:44:15.621 D/dalvikvm(15954): WAIT_FOR_CONCURRENT_GC blocked 5ms
02-03 12:44:15.631 D/dalvikvm(15954): GC_CONCURRENT freed 4092K, 46% free 9505K/17536K, paused 0ms+1ms, total 4ms
02-03 12:44:15.631 D/dalvikvm(15954): WAIT_FOR_CONCURRENT_GC blocked 5ms
02-03 12:44:15.641 D/dalvikvm(15954): GC_FOR_ALLOC freed 3668K, 45% free 9654K/17536K, paused 4ms, total 4ms
02-03 12:44:15.641 D/dalvikvm(15954): GC_FOR_ALLOC freed 4127K, 47% free 9362K/17536K, paused 4ms, total 5ms
02-03 12:44:15.651 D/dalvikvm(15954): GC_FOR_ALLOC freed 3850K, 48% free 9216K/17536K, paused 4ms, total 4ms
02-03 12:44:15.661 D/dalvikvm(15954): GC_FOR_ALLOC freed 3418K, 45% free 9663K/17536K, paused 4ms, total 4ms
02-03 12:44:15.661 D/dalvikvm(15954): GC_FOR_ALLOC freed 4179K, 47% free 9368K/17536K, paused 4ms, total 4ms
02-03 12:44:15.671 D/dalvikvm(15954): GC_FOR_ALLOC freed 3898K, 48% free 9220K/17536K, paused 4ms, total 4ms
02-03 12:44:15.671 D/dalvikvm(15954): GC_FOR_ALLOC freed 3461K, 45% free 9672K/17536K, paused 4ms, total 4ms
02-03 12:44:15.681 D/dalvikvm(15954): GC_FOR_ALLOC freed 4231K, 47% free 9373K/17536K, paused 4ms, total 4ms
02-03 12:44:15.691 D/dalvikvm(15954): GC_FOR_ALLOC freed 3946K, 48% free 9224K/17536K, paused 4ms, total 4ms
02-03 12:44:15.691 D/dalvikvm(15954): GC_FOR_ALLOC freed 3503K, 45% free 9682K/17536K, paused 4ms, total 4ms
02-03 12:44:15.701 D/dalvikvm(15954): GC_FOR_ALLOC freed 4283K, 47% free 9379K/17536K, paused 4ms, total 4ms
02-03 12:44:15.711 D/dalvikvm(15954): GC_CONCURRENT freed 2922K, 42% free 10299K/17536K, paused 1ms+1ms, total 6ms
02-03 12:44:15.711 D/dalvikvm(15954): WAIT_FOR_CONCURRENT_GC blocked 3ms
02-03 12:44:15.711 D/dalvikvm(15954): GC_FOR_ALLOC freed 4618K, 45% free 9691K/17536K, paused 4ms, total 4ms
02-03 12:44:15.721 D/dalvikvm(15954): GC_CONCURRENT freed 3254K, 41% free 10464K/17536K, paused 0ms+1ms, total 6ms
02-03 12:44:15.721 D/dalvikvm(15954): WAIT_FOR_CONCURRENT_GC blocked 2ms
02-03 12:44:15.731 D/dalvikvm(15954): GC_FOR_ALLOC freed 5122K, 48% free 9231K/17536K, paused 4ms, total 4ms
02-03 12:44:15.741 D/dalvikvm(15954): GC_FOR_ALLOC freed 3588K, 45% free 9700K/17536K, paused 4ms, total 4ms
02-03 12:44:15.741 D/dalvikvm(15954): GC_CONCURRENT freed 3293K, 41% free 10483K/17536K, paused 0ms+1ms, total 6ms
02-03 12:44:15.741 D/dalvikvm(15954): WAIT_FOR_CONCURRENT_GC blocked 2ms
02-03 12:44:15.751 D/dalvikvm(15954): GC_FOR_ALLOC freed 5183K, 48% free 9235K/17536K, paused 4ms, total 4ms
02-03 12:44:15.761 D/dalvikvm(15954): GC_FOR_ALLOC freed 3631K, 47% free 9393K/17536K, paused 3ms, total 4ms
02-03 12:44:15.761 D/dalvikvm(15954): GC_FOR_ALLOC freed 4121K, 48% free 9237K/17536K, paused 4ms, total 4ms
02-03 12:44:15.771 D/dalvikvm(15954): GC_FOR_ALLOC freed 3658K, 47% free 9397K/17536K, paused 4ms, total 4ms
02-03 12:44:15.781 D/dalvikvm(15954): GC_CONCURRENT freed 3832K, 46% free 9559K/17536K, paused 1ms+1ms, total 5ms
02-03 12:44:15.781 D/dalvikvm(15954): WAIT_FOR_CONCURRENT_GC blocked 4ms
02-03 12:44:15.781 D/dalvikvm(15954): GC_FOR_ALLOC freed 4006K, 47% free 9401K/17536K, paused 4ms, total 4ms
02-03 12:44:15.791 D/dalvikvm(15954): GC_CONCURRENT freed 3862K, 46% free 9564K/17536K, paused 1ms+1ms, total 5ms
02-03 12:44:15.791 D/dalvikvm(15954): WAIT_FOR_CONCURRENT_GC blocked 5ms
02-03 12:44:15.801 D/dalvikvm(15954): GC_FOR_ALLOC freed 4036K, 47% free 9404K/17536K, paused 4ms, total 4ms
02-03 12:44:15.801 D/dalvikvm(15954): GC_CONCURRENT freed 3891K, 46% free 9569K/17536K, paused 0ms+1ms, total 4ms
02-03 12:44:15.801 D/dalvikvm(15954): WAIT_FOR_CONCURRENT_GC blocked 4ms
02-03 12:44:15.811 D/dalvikvm(15954): GC_FOR_ALLOC freed 4066K, 47% free 9408K/17536K, paused 4ms, total 4ms
02-03 12:44:15.821 D/dalvikvm(15954): GC_CONCURRENT freed 3921K, 46% free 9574K/17536K, paused 0ms+1ms, total 5ms
02-03 12:44:15.821 D/dalvikvm(15954): WAIT_FOR_CONCURRENT_GC blocked 4ms
02-03 12:44:15.821 D/dalvikvm(15954): GC_FOR_ALLOC freed 4098K, 47% free 9412K/17536K, paused 4ms, total 4ms
02-03 12:44:15.831 D/dalvikvm(15954): GC_FOR_ALLOC freed 3456K, 45% free 9743K/17536K, paused 4ms, total 4ms
02-03 12:44:15.841 D/dalvikvm(15954): GC_FOR_ALLOC freed 4295K, 48% free 9251K/17536K, paused 4ms, total 4ms
02-03 12:44:15.851 D/dalvikvm(15954): GC_CONCURRENT freed 3812K, 47% free 9417K/17536K, paused 1ms+1ms, total 5ms
02-03 12:44:15.851 D/dalvikvm(15954): WAIT_FOR_CONCURRENT_GC blocked 4ms
02-03 12:44:15.851 D/dalvikvm(15954): GC_FOR_ALLOC freed 3490K, 45% free 9751K/17536K, paused 4ms, total 4ms
02-03 12:44:15.861 D/dalvikvm(15954): GC_FOR_ALLOC freed 4335K, 48% free 9254K/17536K, paused 4ms, total 4ms
02-03 12:44:15.871 D/dalvikvm(15954): GC_CONCURRENT freed 3846K, 47% free 9421K/17536K, paused 0ms+1ms, total 4ms
02-03 12:44:15.871 D/dalvikvm(15954): WAIT_FOR_CONCURRENT_GC blocked 5ms
02-03 12:44:15.871 D/dalvikvm(15954): GC_FOR_ALLOC freed 3522K, 45% free 9758K/17536K, paused 4ms, total 4ms
02-03 12:44:15.881 D/dalvikvm(15954): GC_FOR_ALLOC freed 4374K, 48% free 9257K/17536K, paused 4ms, total 4ms
02-03 12:44:15.891 D/dalvikvm(15954): GC_CONCURRENT freed 3880K, 47% free 9426K/17536K, paused 1ms+1ms, total 5ms
02-03 12:44:15.891 D/dalvikvm(15954): WAIT_FOR_CONCURRENT_GC blocked 5ms
02-03 12:44:15.891 D/dalvikvm(15954): GC_FOR_ALLOC freed 3556K, 45% free 9766K/17536K, paused 4ms, total 4ms
02-03 12:44:15.901 D/dalvikvm(15954): GC_FOR_ALLOC freed 4258K, 48% free 9252K/17536K, paused 5ms, total 5ms
02-03 12:44:15.911 D/dalvikvm(15954): GC_FOR_ALLOC freed 3753K, 48% free 9252K/17536K, paused 4ms, total 4ms
02-03 12:44:15.921 D/dalvikvm(15954): GC_CONCURRENT freed 3987K, 47% free 9339K/17536K, paused 1ms+0ms, total 5ms
02-03 12:44:15.921 D/dalvikvm(15954): WAIT_FOR_CONCURRENT_GC blocked 4ms
02-03 12:44:15.991 D/dalvikvm(15954): GC_CONCURRENT freed 4498K, 50% free 8931K/17536K, paused 1ms+1ms, total 6ms
02-03 12:44:15.991 D/dalvikvm(15954): WAIT_FOR_CONCURRENT_GC blocked 6ms
02-03 12:44:16.001 D/dalvikvm(15954): GC_CONCURRENT freed 4011K, 49% free 8980K/17536K, paused 0ms+1ms, total 5ms
02-03 12:44:16.001 D/dalvikvm(15954): WAIT_FOR_CONCURRENT_GC blocked 4ms
02-03 12:44:16.011 D/dalvikvm(15954): GC_CONCURRENT freed 4054K, 49% free 9009K/17536K, paused 1ms+1ms, total 5ms
02-03 12:44:16.011 D/dalvikvm(15954): WAIT_FOR_CONCURRENT_GC blocked 4ms
02-03 12:44:16.021 D/dalvikvm(15954): GC_CONCURRENT freed 4047K, 49% free 9001K/17536K, paused 0ms+1ms, total 5ms
02-03 12:44:16.021 D/dalvikvm(15954): WAIT_FOR_CONCURRENT_GC blocked 5ms
02-03 12:44:16.031 D/dalvikvm(15954): GC_CONCURRENT freed 4078K, 49% free 9009K/17536K, paused 1ms+1ms, total 5ms
02-03 12:44:16.031 D/dalvikvm(15954): WAIT_FOR_CONCURRENT_GC blocked 4ms
02-03 12:44:16.041 D/dalvikvm(15954): GC_CONCURRENT freed 4078K, 49% free 9016K/17536K, paused 0ms+1ms, total 4ms
02-03 12:44:16.041 D/dalvikvm(15954): WAIT_FOR_CONCURRENT_GC blocked 5ms
02-03 12:44:16.051 D/dalvikvm(15954): GC_CONCURRENT freed 4031K, 49% free 9054K/17536K, paused 1ms+0ms, total 5ms
02-03 12:44:16.051 D/dalvikvm(15954): WAIT_FOR_CONCURRENT_GC blocked 4ms
02-03 12:44:16.051 D/dalvikvm(15954): GC_FOR_ALLOC freed 4107K, 49% free 8986K/17536K, paused 4ms, total 4ms
02-03 12:44:16.061 D/dalvikvm(15954): GC_CONCURRENT freed 3906K, 48% free 9158K/17536K, paused 0ms+1ms, total 6ms
02-03 12:44:16.061 D/dalvikvm(15954): WAIT_FOR_CONCURRENT_GC blocked 2ms
02-03 12:44:16.071 D/dalvikvm(15954): GC_CONCURRENT freed 4161K, 49% free 9062K/17536K, paused 1ms+0ms, total 5ms
02-03 12:44:16.071 D/dalvikvm(15954): WAIT_FOR_CONCURRENT_GC blocked 4ms
02-03 12:44:16.081 D/dalvikvm(15954): GC_CONCURRENT freed 4007K, 49% free 9100K/17536K, paused 1ms+1ms, total 5ms
02-03 12:44:16.081 D/dalvikvm(15954): WAIT_FOR_CONCURRENT_GC blocked 4ms
02-03 12:44:16.081 D/dalvikvm(15954): GC_FOR_ALLOC freed 4087K, 49% free 9059K/17536K, paused 4ms, total 4ms
02-03 12:44:16.091 D/dalvikvm(15954): GC_CONCURRENT freed 3698K, 47% free 9322K/17536K, paused 0ms+1ms, total 5ms
02-03 12:44:16.091 D/dalvikvm(15954): WAIT_FOR_CONCURRENT_GC blocked 2ms
02-03 12:44:16.101 D/dalvikvm(15954): GC_FOR_ALLOC freed 4336K, 49% free 9062K/17536K, paused 4ms, total 4ms
02-03 12:44:16.101 D/dalvikvm(15954): GC_CONCURRENT freed 3756K, 47% free 9396K/17536K, paused 0ms+0ms, total 6ms
02-03 12:44:16.101 D/dalvikvm(15954): WAIT_FOR_CONCURRENT_GC blocked 2ms
02-03 12:44:16.111 D/dalvikvm(15954): GC_CONCURRENT freed 4364K, 48% free 9120K/17536K, paused 1ms+0ms, total 5ms
02-03 12:44:16.111 D/dalvikvm(15954): WAIT_FOR_CONCURRENT_GC blocked 4ms
02-03 12:44:16.121 D/dalvikvm(15954): GC_FOR_ALLOC freed 4118K, 49% free 9017K/17536K, paused 4ms, total 4ms
02-03 12:44:16.121 D/dalvikvm(15954): GC_CONCURRENT freed 105K, 48% free 9175K/17536K, paused 1ms+0ms, total 5ms
02-03 12:44:16.131 D/dalvikvm(15954): GC_FOR_ALLOC freed 4146K, 49% free 9071K/17536K, paused 4ms, total 4ms
02-03 12:44:16.141 D/dalvikvm(15954): GC_CONCURRENT freed 3498K, 46% free 9564K/17536K, paused 1ms+1ms, total 6ms
02-03 12:44:16.141 D/dalvikvm(15954): WAIT_FOR_CONCURRENT_GC blocked 2ms
02-03 12:44:16.141 D/dalvikvm(15954): GC_FOR_ALLOC freed 4364K, 48% free 9186K/17536K, paused 4ms, total 4ms
02-03 12:44:16.151 D/dalvikvm(15954): GC_CONCURRENT freed 3686K, 46% free 9506K/17536K, paused 1ms+1ms, total 7ms
02-03 12:44:16.151 D/dalvikvm(15954): WAIT_FOR_CONCURRENT_GC blocked 2ms
02-03 12:44:16.161 D/dalvikvm(15954): GC_CONCURRENT freed 4348K, 48% free 9170K/17536K, paused 0ms+1ms, total 5ms
02-03 12:44:16.161 D/dalvikvm(15954): WAIT_FOR_CONCURRENT_GC blocked 5ms
02-03 12:44:16.171 D/dalvikvm(15954): GC_FOR_ALLOC freed 4105K, 49% free 9109K/17536K, paused 4ms, total 4ms
02-03 12:44:16.171 D/dalvikvm(15954): GC_CONCURRENT freed 3516K, 45% free 9667K/17536K, paused 1ms+1ms, total 6ms
02-03 12:44:16.171 D/dalvikvm(15954): WAIT_FOR_CONCURRENT_GC blocked 2ms
02-03 12:44:16.181 D/dalvikvm(15954): GC_FOR_ALLOC freed 4465K, 48% free 9237K/17536K, paused 4ms, total 4ms
02-03 12:44:16.181 D/dalvikvm(15954): GC_CONCURRENT freed 3666K, 46% free 9560K/17536K, paused 1ms+1ms, total 6ms
02-03 12:44:16.181 D/dalvikvm(15954): WAIT_FOR_CONCURRENT_GC blocked 2ms
02-03 12:44:16.191 D/dalvikvm(15954): GC_CONCURRENT freed 4380K, 48% free 9180K/17536K, paused 1ms+1ms, total 5ms
02-03 12:44:16.191 D/dalvikvm(15954): WAIT_FOR_CONCURRENT_GC blocked 4ms
02-03 12:44:16.201 D/dalvikvm(15954): GC_FOR_ALLOC freed 4075K, 49% free 9112K/17536K, paused 4ms, total 4ms
02-03 12:44:16.211 D/dalvikvm(15954): GC_CONCURRENT freed 3396K, 45% free 9729K/17536K, paused 1ms+1ms, total 6ms
02-03 12:44:16.211 D/dalvikvm(15954): WAIT_FOR_CONCURRENT_GC blocked 3ms
02-03 12:44:16.211 D/dalvikvm(15954): GC_CONCURRENT freed 4628K, 48% free 9187K/17536K, paused 0ms+1ms, total 4ms
02-03 12:44:16.211 D/dalvikvm(15954): WAIT_FOR_CONCURRENT_GC blocked 5ms
02-03 12:44:16.221 D/dalvikvm(15954): GC_CONCURRENT freed 4007K, 48% free 9192K/17536K, paused 1ms+1ms, total 5ms
02-03 12:44:16.221 D/dalvikvm(15954): WAIT_FOR_CONCURRENT_GC blocked 4ms
02-03 12:44:16.231 D/dalvikvm(15954): GC_CONCURRENT freed 4074K, 48% free 9197K/17536K, paused 1ms+0ms, total 5ms
02-03 12:44:16.231 D/dalvikvm(15954): WAIT_FOR_CONCURRENT_GC blocked 4ms
02-03 12:44:16.241 D/dalvikvm(15954): GC_FOR_ALLOC freed 3921K, 48% free 9271K/17536K, paused 4ms, total 4ms
02-03 12:44:16.241 D/dalvikvm(15954): GC_CONCURRENT freed 3688K, 45% free 9674K/17536K, paused 0ms+0ms, total 6ms
02-03 12:44:16.241 D/dalvikvm(15954): WAIT_FOR_CONCURRENT_GC blocked 2ms
02-03 12:44:16.251 D/dalvikvm(15954): GC_CONCURRENT freed 4484K, 48% free 9235K/17536K, paused 0ms+1ms, total 5ms
02-03 12:44:16.251 D/dalvikvm(15954): WAIT_FOR_CONCURRENT_GC blocked 4ms
02-03 12:44:16.261 D/dalvikvm(15954): GC_FOR_ALLOC freed 4103K, 48% free 9157K/17536K, paused 4ms, total 4ms
02-03 12:44:16.261 D/dalvikvm(15954): GC_CONCURRENT freed 3303K, 44% free 9857K/17536K, paused 1ms+1ms, total 6ms
02-03 12:44:16.261 D/dalvikvm(15954): WAIT_FOR_CONCURRENT_GC blocked 2ms
02-03 12:44:16.271 D/dalvikvm(15954): GC_CONCURRENT freed 4679K, 48% free 9240K/17536K, paused 1ms+0ms, total 5ms
02-03 12:44:16.271 D/dalvikvm(15954): WAIT_FOR_CONCURRENT_GC blocked 4ms
02-03 12:44:16.281 D/dalvikvm(15954): GC_FOR_ALLOC freed 4120K, 49% free 9078K/17536K, paused 4ms, total 4ms
02-03 12:44:16.291 D/dalvikvm(15954): GC_CONCURRENT freed 3845K, 48% free 9245K/17536K, paused 1ms+1ms, total 5ms
02-03 12:44:16.291 D/dalvikvm(15954): WAIT_FOR_CONCURRENT_GC blocked 4ms
02-03 12:44:16.291 D/dalvikvm(15954): GC_CONCURRENT freed 4060K, 48% free 9249K/17536K, paused 1ms+0ms, total 5ms
02-03 12:44:16.291 D/dalvikvm(15954): WAIT_FOR_CONCURRENT_GC blocked 4ms
02-03 12:44:16.301 D/dalvikvm(15954): GC_FOR_ALLOC freed 3865K, 47% free 9333K/17536K, paused 4ms, total 4ms
02-03 12:44:16.311 D/dalvikvm(15954): GC_FOR_ALLOC freed 4168K, 48% free 9163K/17536K, paused 4ms, total 4ms
02-03 12:44:16.311 D/dalvikvm(15954): GC_CONCURRENT freed 3449K, 45% free 9674K/17536K, paused 0ms+1ms, total 6ms
02-03 12:44:16.311 D/dalvikvm(15954): WAIT_FOR_CONCURRENT_GC blocked 2ms
02-03 12:44:16.321 D/dalvikvm(15954): GC_FOR_ALLOC freed 4427K, 47% free 9336K/17536K, paused 4ms, total 4ms
02-03 12:44:16.331 D/dalvikvm(15954): GC_CONCURRENT freed 3527K, 45% free 9715K/17536K, paused 0ms+1ms, total 6ms
02-03 12:44:16.331 D/dalvikvm(15954): WAIT_FOR_CONCURRENT_GC blocked 2ms
02-03 12:44:16.331 D/dalvikvm(15954): GC_FOR_ALLOC freed 4526K, 48% free 9191K/17536K, paused 4ms, total 4ms
02-03 12:44:16.341 D/dalvikvm(15954): GC_CONCURRENT freed 3149K, 43% free 9998K/17536K, paused 1ms+1ms, total 6ms
02-03 12:44:16.341 D/dalvikvm(15954): WAIT_FOR_CONCURRENT_GC blocked 2ms
02-03 12:44:16.351 D/dalvikvm(15954): GC_CONCURRENT freed 4709K, 48% free 9288K/17536K, paused 1ms+0ms, total 5ms
02-03 12:44:16.351 D/dalvikvm(15954): WAIT_FOR_CONCURRENT_GC blocked 4ms
02-03 12:44:16.351 D/dalvikvm(15954): GC_FOR_ALLOC freed 4039K, 49% free 9104K/17536K, paused 4ms, total 4ms
02-03 12:44:16.361 D/dalvikvm(15954): GC_FOR_ALLOC freed 3890K, 49% free 9106K/17536K, paused 4ms, total 4ms
02-03 12:44:16.371 D/dalvikvm(15954): GC_FOR_ALLOC freed 3928K, 49% free 9108K/17536K, paused 4ms, total 4ms
02-03 12:44:16.371 D/dalvikvm(15954): GC_FOR_ALLOC freed 3965K, 49% free 9109K/17536K, paused 4ms, total 4ms
02-03 12:44:16.381 D/dalvikvm(15954): GC_CONCURRENT freed 3812K, 47% free 9302K/17536K, paused 1ms+1ms, total 5ms
02-03 12:44:16.381 D/dalvikvm(15954): WAIT_FOR_CONCURRENT_GC blocked 4ms
02-03 12:44:16.391 D/dalvikvm(15954): GC_CONCURRENT freed 4039K, 47% free 9306K/17536K, paused 1ms+1ms, total 5ms
02-03 12:44:16.391 D/dalvikvm(15954): WAIT_FOR_CONCURRENT_GC blocked 4ms
02-03 12:44:16.401 D/dalvikvm(15954): GC_CONCURRENT freed 4076K, 47% free 9309K/17536K, paused 1ms+0ms, total 5ms
02-03 12:44:16.401 D/dalvikvm(15954): WAIT_FOR_CONCURRENT_GC blocked 4ms
02-03 12:44:16.401 D/dalvikvm(15954): GC_FOR_ALLOC freed 3822K, 47% free 9406K/17536K, paused 4ms, total 4ms
02-03 12:44:16.411 D/dalvikvm(15954): GC_FOR_ALLOC freed 4149K, 48% free 9213K/17536K, paused 4ms, total 4ms
02-03 12:44:16.421 D/dalvikvm(15954): GC_FOR_ALLOC freed 3987K, 49% free 9116K/17536K, paused 4ms, total 4ms
02-03 12:44:16.421 D/dalvikvm(15954): GC_FOR_ALLOC freed 3718K, 47% free 9419K/17536K, paused 4ms, total 4ms
02-03 12:44:16.431 D/dalvikvm(15954): GC_CONCURRENT freed 3551K, 44% free 9925K/17536K, paused 1ms+1ms, total 6ms
02-03 12:44:16.431 D/dalvikvm(15954): WAIT_FOR_CONCURRENT_GC blocked 2ms
02-03 12:44:16.441 D/dalvikvm(15954): GC_CONCURRENT freed 4590K, 47% free 9326K/17536K, paused 1ms+0ms, total 5ms
02-03 12:44:16.441 D/dalvikvm(15954): WAIT_FOR_CONCURRENT_GC blocked 4ms
02-03 12:44:16.451 D/dalvikvm(15954): GC_FOR_ALLOC freed 4023K, 48% free 9221K/17536K, paused 4ms, total 4ms
02-03 12:44:16.451 D/dalvikvm(15954): GC_CONCURRENT freed 3950K, 47% free 9329K/17536K, paused 1ms+1ms, total 5ms
02-03 12:44:16.451 D/dalvikvm(15954): WAIT_FOR_CONCURRENT_GC blocked 4ms
02-03 12:44:16.461 D/dalvikvm(15954): GC_FOR_ALLOC freed 4086K, 48% free 9227K/17536K, paused 4ms, total 4ms
02-03 12:44:16.471 D/dalvikvm(15954): GC_CONCURRENT freed 2647K, 41% free 10491K/17536K, paused 1ms+1ms, total 6ms
02-03 12:44:16.471 D/dalvikvm(15954): WAIT_FOR_CONCURRENT_GC blocked 2ms
02-03 12:44:16.471 D/dalvikvm(15954): GC_FOR_ALLOC freed 5308K, 48% free 9125K/17536K, paused 4ms, total 4ms
02-03 12:44:16.481 D/dalvikvm(15954): GC_FOR_ALLOC freed 3969K, 48% free 9234K/17536K, paused 4ms, total 4ms
02-03 12:44:16.491 D/dalvikvm(15954): GC_CONCURRENT freed 2707K, 40% free 10526K/17536K, paused 1ms+1ms, total 6ms
02-03 12:44:16.491 D/dalvikvm(15954): WAIT_FOR_CONCURRENT_GC blocked 2ms
02-03 12:44:16.491 D/dalvikvm(15954): GC_CONCURRENT freed 5210K, 47% free 9348K/17536K, paused 0ms+1ms, total 5ms
02-03 12:44:16.491 D/dalvikvm(15954): WAIT_FOR_CONCURRENT_GC blocked 4ms
02-03 12:44:16.501 D/dalvikvm(15954): GC_FOR_ALLOC freed 4055K, 48% free 9132K/17536K, paused 4ms, total 4ms
02-03 12:44:16.511 D/dalvikvm(15954): GC_FOR_ALLOC freed 3863K, 48% free 9133K/17536K, paused 4ms, total 4ms
02-03 12:44:16.511 D/dalvikvm(15954): GC_FOR_ALLOC freed 3889K, 48% free 9135K/17536K, paused 4ms, total 4ms
02-03 12:44:16.521 D/dalvikvm(15954): GC_FOR_ALLOC freed 3916K, 48% free 9136K/17536K, paused 4ms, total 4ms
02-03 12:44:16.531 D/dalvikvm(15954): GC_FOR_ALLOC freed 3942K, 48% free 9138K/17536K, paused 4ms, total 4ms
02-03 12:44:16.531 D/dalvikvm(15954): GC_FOR_ALLOC freed 3968K, 48% free 9139K/17536K, paused 4ms, total 4ms
02-03 12:44:16.541 D/dalvikvm(15954): GC_CONCURRENT freed 3653K, 46% free 9481K/17536K, paused 1ms+1ms, total 6ms
02-03 12:44:16.541 D/dalvikvm(15954): WAIT_FOR_CONCURRENT_GC blocked 2ms
02-03 12:44:16.551 D/dalvikvm(15954): GC_CONCURRENT freed 4130K, 47% free 9373K/17536K, paused 0ms+1ms, total 4ms
02-03 12:44:16.551 D/dalvikvm(15954): WAIT_FOR_CONCURRENT_GC blocked 3ms
02-03 12:44:16.551 D/dalvikvm(15954): GC_CONCURRENT freed 4045K, 47% free 9375K/17536K, paused 1ms+1ms, total 5ms
02-03 12:44:16.551 D/dalvikvm(15954): WAIT_FOR_CONCURRENT_GC blocked 4ms
02-03 12:44:16.561 D/dalvikvm(15954): GC_CONCURRENT freed 4072K, 47% free 9379K/17536K, paused 0ms+1ms, total 5ms
02-03 12:44:16.561 D/dalvikvm(15954): WAIT_FOR_CONCURRENT_GC blocked 4ms
02-03 12:44:16.571 D/dalvikvm(15954): GC_FOR_ALLOC freed 3748K, 46% free 9498K/17536K, paused 4ms, total 4ms
02-03 12:44:16.581 D/dalvikvm(15954): GC_FOR_ALLOC freed 4129K, 48% free 9266K/17536K, paused 4ms, total 4ms
02-03 12:44:16.581 D/dalvikvm(15954): GC_FOR_ALLOC freed 3920K, 48% free 9150K/17536K, paused 4ms, total 4ms
02-03 12:44:16.591 D/dalvikvm(15954): GC_FOR_ALLOC freed 3586K, 46% free 9510K/17536K, paused 4ms, total 4ms
02-03 12:44:16.601 D/dalvikvm(15954): GC_FOR_ALLOC freed 4211K, 48% free 9273K/17536K, paused 4ms, total 4ms
02-03 12:44:16.601 D/dalvikvm(15954): GC_CONCURRENT freed 3395K, 45% free 9757K/17536K, paused 1ms+1ms, total 6ms
02-03 12:44:16.601 D/dalvikvm(15954): WAIT_FOR_CONCURRENT_GC blocked 2ms
02-03 12:44:16.611 D/dalvikvm(15954): GC_FOR_ALLOC freed 4258K, 46% free 9522K/17536K, paused 4ms, total 4ms
02-03 12:44:16.611 D/dalvikvm(15954): GC_CONCURRENT freed 3439K, 43% free 10134K/17536K, paused 1ms+1ms, total 6ms
02-03 12:44:16.621 D/dalvikvm(15954): WAIT_FOR_CONCURRENT_GC blocked 3ms
02-03 12:44:16.621 D/dalvikvm(15954): GC_FOR_ALLOC freed 4929K, 48% free 9159K/17536K, paused 4ms, total 4ms
02-03 12:44:16.631 D/dalvikvm(15954): GC_FOR_ALLOC freed 3727K, 48% free 9285K/17536K, paused 4ms, total 4ms
02-03 12:44:16.641 D/dalvikvm(15954): GC_CONCURRENT freed 3875K, 47% free 9413K/17536K, paused 1ms+1ms, total 5ms
02-03 12:44:16.641 D/dalvikvm(15954): WAIT_FOR_CONCURRENT_GC blocked 5ms
02-03 12:44:16.641 D/dalvikvm(15954): GC_FOR_ALLOC freed 4022K, 48% free 9289K/17536K, paused 4ms, total 4ms
02-03 12:44:16.651 D/dalvikvm(15954): GC_CONCURRENT freed 3922K, 47% free 9419K/17536K, paused 1ms+1ms, total 5ms
02-03 12:44:16.651 D/dalvikvm(15954): WAIT_FOR_CONCURRENT_GC blocked 4ms
02-03 12:44:16.661 D/dalvikvm(15954): GC_FOR_ALLOC freed 4071K, 47% free 9294K/17536K, paused 4ms, total 4ms
02-03 12:44:16.661 D/dalvikvm(15954): GC_FOR_ALLOC freed 3582K, 46% free 9552K/17536K, paused 4ms, total 4ms
02-03 12:44:16.671 D/dalvikvm(15954): GC_FOR_ALLOC freed 4246K, 48% free 9170K/17536K, paused 4ms, total 4ms
02-03 12:44:16.681 D/dalvikvm(15954): GC_FOR_ALLOC freed 3882K, 47% free 9300K/17536K, paused 5ms, total 5ms
02-03 12:44:16.681 D/dalvikvm(15954): GC_CONCURRENT freed 2995K, 42% free 10210K/17536K, paused 0ms+0ms, total 6ms
02-03 12:44:16.681 D/dalvikvm(15954): WAIT_FOR_CONCURRENT_GC blocked 2ms
02-03 12:44:16.691 D/dalvikvm(15954): GC_FOR_ALLOC freed 4965K, 48% free 9174K/17536K, paused 4ms, total 4ms
02-03 12:44:16.701 D/dalvikvm(15954): GC_FOR_ALLOC freed 3947K, 47% free 9307K/17536K, paused 4ms, total 4ms
02-03 12:44:16.701 D/dalvikvm(15954): GC_CONCURRENT freed 3045K, 42% free 10232K/17536K, paused 0ms+1ms, total 6ms
02-03 12:44:16.701 D/dalvikvm(15954): WAIT_FOR_CONCURRENT_GC blocked 3ms
02-03 12:44:16.711 D/dalvikvm(15954): GC_CONCURRENT freed 4781K, 47% free 9445K/17536K, paused 1ms+1ms, total 5ms
02-03 12:44:16.711 D/dalvikvm(15954): WAIT_FOR_CONCURRENT_GC blocked 4ms
02-03 12:44:16.721 D/dalvikvm(15954): GC_FOR_ALLOC freed 4010K, 48% free 9180K/17536K, paused 4ms, total 4ms
02-03 12:44:16.721 D/dalvikvm(15954): GC_FOR_ALLOC freed 3763K, 48% free 9181K/17536K, paused 4ms, total 4ms
02-03 12:44:16.731 D/dalvikvm(15954): GC_FOR_ALLOC freed 3783K, 48% free 9183K/17536K, paused 4ms, total 4ms
02-03 12:44:16.741 D/dalvikvm(15954): GC_FOR_ALLOC freed 3802K, 48% free 9184K/17536K, paused 4ms, total 4ms
02-03 12:44:16.741 D/dalvikvm(15954): GC_FOR_ALLOC freed 3820K, 48% free 9185K/17536K, paused 4ms, total 4ms
02-03 12:44:16.751 D/dalvikvm(15954): GC_FOR_ALLOC freed 3839K, 48% free 9187K/17536K, paused 4ms, total 4ms
02-03 12:44:16.761 D/dalvikvm(15954): GC_FOR_ALLOC freed 3858K, 48% free 9188K/17536K, paused 4ms, total 4ms
02-03 12:44:16.761 D/dalvikvm(15954): GC_FOR_ALLOC freed 3877K, 48% free 9189K/17536K, paused 4ms, total 5ms
02-03 12:44:16.771 D/dalvikvm(15954): GC_FOR_ALLOC freed 3896K, 48% free 9191K/17536K, paused 4ms, total 4ms
02-03 12:44:16.781 D/dalvikvm(15954): GC_FOR_ALLOC freed 3914K, 48% free 9192K/17536K, paused 4ms, total 4ms
02-03 12:44:16.781 D/dalvikvm(15954): GC_FOR_ALLOC freed 3933K, 48% free 9193K/17536K, paused 4ms, total 4ms
02-03 12:44:16.791 D/dalvikvm(15954): GC_FOR_ALLOC freed 3952K, 48% free 9195K/17536K, paused 4ms, total 4ms
02-03 12:44:16.801 D/dalvikvm(15954): GC_CONCURRENT freed 3687K, 46% free 9480K/17536K, paused 1ms+1ms, total 5ms
02-03 12:44:16.801 D/dalvikvm(15954): WAIT_FOR_CONCURRENT_GC blocked 4ms
02-03 12:44:16.801 D/dalvikvm(15954): GC_CONCURRENT freed 3988K, 46% free 9482K/17536K, paused 0ms+1ms, total 5ms
02-03 12:44:16.801 D/dalvikvm(15954): WAIT_FOR_CONCURRENT_GC blocked 4ms
02-03 12:44:16.811 D/dalvikvm(15954): GC_CONCURRENT freed 4007K, 46% free 9486K/17536K, paused 0ms+1ms, total 4ms
02-03 12:44:16.811 D/dalvikvm(15954): WAIT_FOR_CONCURRENT_GC blocked 4ms
02-03 12:44:16.821 D/dalvikvm(15954): GC_CONCURRENT freed 4027K, 46% free 9488K/17536K, paused 0ms+1ms, total 5ms
02-03 12:44:16.821 D/dalvikvm(15954): WAIT_FOR_CONCURRENT_GC blocked 4ms
02-03 12:44:16.831 D/dalvikvm(15954): GC_CONCURRENT freed 4045K, 46% free 9490K/17536K, paused 0ms+1ms, total 4ms
02-03 12:44:16.831 D/dalvikvm(15954): WAIT_FOR_CONCURRENT_GC blocked 5ms
02-03 12:44:16.831 D/dalvikvm(15954): GC_CONCURRENT freed 4064K, 46% free 9493K/17536K, paused 1ms+1ms, total 5ms
02-03 12:44:16.831 D/dalvikvm(15954): WAIT_FOR_CONCURRENT_GC blocked 4ms
02-03 12:44:16.841 D/dalvikvm(15954): GC_CONCURRENT freed 4082K, 46% free 9496K/17536K, paused 0ms+1ms, total 5ms
02-03 12:44:16.841 D/dalvikvm(15954): WAIT_FOR_CONCURRENT_GC blocked 4ms
02-03 12:44:16.851 D/dalvikvm(15954): GC_FOR_ALLOC freed 3660K, 46% free 9644K/17536K, paused 4ms, total 4ms
02-03 12:44:16.861 D/dalvikvm(15954): GC_FOR_ALLOC freed 4118K, 47% free 9353K/17536K, paused 4ms, total 4ms
02-03 12:44:16.861 D/dalvikvm(15954): GC_FOR_ALLOC freed 3841K, 48% free 9208K/17536K, paused 4ms, total 4ms
02-03 12:44:16.871 D/dalvikvm(15954): GC_FOR_ALLOC freed 3411K, 45% free 9653K/17536K, paused 4ms, total 4ms
02-03 12:44:16.881 D/dalvikvm(15954): GC_FOR_ALLOC freed 4170K, 47% free 9359K/17536K, paused 4ms, total 4ms
02-03 12:44:16.881 D/dalvikvm(15954): GC_FOR_ALLOC freed 3889K, 48% free 9211K/17536K, paused 4ms, total 4ms
02-03 12:44:16.891 D/dalvikvm(15954): GC_FOR_ALLOC freed 3453K, 45% free 9663K/17536K, paused 5ms, total 5ms
02-03 12:44:16.891 D/dalvikvm(15954): GC_FOR_ALLOC freed 4222K, 47% free 9364K/17536K, paused 4ms, total 4ms
02-03 12:44:16.901 D/dalvikvm(15954): GC_FOR_ALLOC freed 3937K, 48% free 9215K/17536K, paused 4ms, total 4ms
02-03 12:44:16.911 D/dalvikvm(15954): GC_FOR_ALLOC freed 3496K, 45% free 9672K/17536K, paused 4ms, total 4ms
02-03 12:44:16.921 D/dalvikvm(15954): GC_CONCURRENT freed 4273K, 47% free 9370K/17536K, paused 0ms+1ms, total 5ms
02-03 12:44:16.921 D/dalvikvm(15954): WAIT_FOR_CONCURRENT_GC blocked 5ms
02-03 12:44:16.921 D/dalvikvm(15954): GC_FOR_ALLOC freed 3985K, 48% free 9219K/17536K, paused 4ms, total 4ms
02-03 12:44:16.931 D/dalvikvm(15954): GC_FOR_ALLOC freed 3538K, 45% free 9681K/17536K, paused 4ms, total 4ms
02-03 12:44:16.941 D/dalvikvm(15954): GC_CONCURRENT freed 3247K, 41% free 10453K/17536K, paused 1ms+1ms, total 7ms
02-03 12:44:16.941 D/dalvikvm(15954): WAIT_FOR_CONCURRENT_GC blocked 2ms
02-03 12:44:16.941 D/dalvikvm(15954): GC_FOR_ALLOC freed 5111K, 48% free 9223K/17536K, paused 4ms, total 4ms
02-03 12:44:16.951 D/dalvikvm(15954): GC_FOR_ALLOC freed 3581K, 45% free 9690K/17536K, paused 4ms, total 4ms
02-03 12:44:16.961 D/dalvikvm(15954): GC_CONCURRENT freed 3286K, 41% free 10471K/17536K, paused 1ms+1ms, total 7ms
02-03 12:44:16.961 D/dalvikvm(15954): WAIT_FOR_CONCURRENT_GC blocked 2ms
02-03 12:44:16.961 D/dalvikvm(15954): GC_FOR_ALLOC freed 5172K, 48% free 9226K/17536K, paused 4ms, total 4ms
02-03 12:44:16.971 D/dalvikvm(15954): GC_FOR_ALLOC freed 3623K, 47% free 9384K/17536K, paused 4ms, total 4ms
02-03 12:44:16.981 D/dalvikvm(15954): GC_FOR_ALLOC freed 4112K, 48% free 9229K/17536K, paused 4ms, total 4ms
02-03 12:44:16.981 D/dalvikvm(15954): GC_FOR_ALLOC freed 3650K, 47% free 9388K/17536K, paused 4ms, total 4ms
02-03 12:44:16.991 D/dalvikvm(15954): GC_CONCURRENT freed 3824K, 46% free 9550K/17536K, paused 1ms+1ms, total 5ms
02-03 12:44:16.991 D/dalvikvm(15954): WAIT_FOR_CONCURRENT_GC blocked 4ms
02-03 12:44:17.001 D/dalvikvm(15954): GC_FOR_ALLOC freed 3997K, 47% free 9392K/17536K, paused 4ms, total 4ms
02-03 12:44:17.001 D/dalvikvm(15954): GC_CONCURRENT freed 3854K, 46% free 9555K/17536K, paused 1ms+1ms, total 5ms
02-03 12:44:17.001 D/dalvikvm(15954): WAIT_FOR_CONCURRENT_GC blocked 4ms
02-03 12:44:17.011 D/dalvikvm(15954): GC_FOR_ALLOC freed 4027K, 47% free 9395K/17536K, paused 4ms, total 4ms
02-03 12:44:17.021 D/dalvikvm(15954): GC_CONCURRENT freed 3883K, 46% free 9559K/17536K, paused 1ms+1ms, total 5ms
02-03 12:44:17.021 D/dalvikvm(15954): WAIT_FOR_CONCURRENT_GC blocked 4ms
02-03 12:44:17.021 D/dalvikvm(15954): GC_FOR_ALLOC freed 4057K, 47% free 9399K/17536K, paused 4ms, total 4ms
02-03 12:44:17.031 D/dalvikvm(15954): GC_CONCURRENT freed 3912K, 46% free 9564K/17536K, paused 0ms+1ms, total 4ms
02-03 12:44:17.031 D/dalvikvm(15954): WAIT_FOR_CONCURRENT_GC blocked 5ms
02-03 12:44:17.041 D/dalvikvm(15954): GC_FOR_ALLOC freed 4089K, 47% free 9403K/17536K, paused 4ms, total 4ms
02-03 12:44:17.051 D/dalvikvm(15954): GC_FOR_ALLOC freed 3448K, 45% free 9733K/17536K, paused 4ms, total 4ms
02-03 12:44:17.051 D/dalvikvm(15954): GC_FOR_ALLOC freed 4286K, 48% free 9242K/17536K, paused 4ms, total 4ms
02-03 12:44:17.061 D/dalvikvm(15954): GC_CONCURRENT freed 3804K, 47% free 9408K/17536K, paused 1ms+1ms, total 5ms
02-03 12:44:17.061 D/dalvikvm(15954): WAIT_FOR_CONCURRENT_GC blocked 4ms
02-03 12:44:17.071 D/dalvikvm(15954): GC_FOR_ALLOC freed 3484K, 45% free 9741K/17536K, paused 4ms, total 4ms
02-03 12:44:17.071 D/dalvikvm(15954): GC_FOR_ALLOC freed 4327K, 48% free 9245K/17536K, paused 4ms, total 4ms
02-03 12:44:17.081 D/dalvikvm(15954): GC_FOR_ALLOC freed 3839K, 47% free 9412K/17536K, paused 4ms, total 4ms
02-03 12:44:17.091 D/dalvikvm(15954): GC_CONCURRENT freed 2681K, 40% free 10583K/17536K, paused 1ms+1ms, total 6ms
02-03 12:44:17.091 D/dalvikvm(15954): WAIT_FOR_CONCURRENT_GC blocked 3ms
02-03 12:44:17.091 D/dalvikvm(15954): GC_FOR_ALLOC freed 5200K, 48% free 9248K/17536K, paused 4ms, total 4ms
02-03 12:44:17.101 D/dalvikvm(15954): GC_CONCURRENT freed 3873K, 47% free 9417K/17536K, paused 1ms+1ms, total 5ms
02-03 12:44:17.101 D/dalvikvm(15954): WAIT_FOR_CONCURRENT_GC blocked 4ms
02-03 12:44:17.111 D/dalvikvm(15954): GC_FOR_ALLOC freed 3548K, 45% free 9756K/17536K, paused 4ms, total 4ms
02-03 12:44:17.111 D/dalvikvm(15954): GC_CONCURRENT freed 4549K, 48% free 9252K/17536K, paused 1ms+1ms, total 5ms
02-03 12:44:17.121 D/dalvikvm(15954): WAIT_FOR_CONCURRENT_GC blocked 4ms
02-03 12:44:17.121 D/dalvikvm(15954): GC_FOR_ALLOC freed 3687K, 47% free 9452K/17536K, paused 5ms, total 5ms
02-03 12:44:17.131 D/dalvikvm(15954): GC_FOR_ALLOC freed 3764K, 47% free 9452K/17536K, paused 4ms, total 4ms
02-03 12:44:17.141 D/dalvikvm(15954): GC_FOR_ALLOC freed 2369K, 41% free 10387K/17536K, paused 4ms, total 4ms
02-03 12:44:17.211 D/dalvikvm(15954): GC_CONCURRENT freed 5515K, 49% free 8966K/17536K, paused 1ms+1ms, total 6ms
02-03 12:44:17.211 D/dalvikvm(15954): WAIT_FOR_CONCURRENT_GC blocked 6ms
02-03 12:44:17.221 D/dalvikvm(15954): GC_CONCURRENT freed 4014K, 49% free 9027K/17536K, paused 1ms+1ms, total 5ms
02-03 12:44:17.221 D/dalvikvm(15954): WAIT_FOR_CONCURRENT_GC blocked 4ms
02-03 12:44:17.231 D/dalvikvm(15954): GC_CONCURRENT freed 4091K, 49% free 8996K/17536K, paused 1ms+1ms, total 5ms
02-03 12:44:17.231 D/dalvikvm(15954): WAIT_FOR_CONCURRENT_GC blocked 4ms
02-03 12:44:17.241 D/dalvikvm(15954): GC_CONCURRENT freed 4095K, 49% free 8976K/17536K, paused 0ms+1ms, total 4ms
02-03 12:44:17.241 D/dalvikvm(15954): WAIT_FOR_CONCURRENT_GC blocked 4ms
02-03 12:44:17.251 D/dalvikvm(15954): GC_CONCURRENT freed 3975K, 49% free 9045K/17536K, paused 0ms+1ms, total 5ms
02-03 12:44:17.251 D/dalvikvm(15954): WAIT_FOR_CONCURRENT_GC blocked 4ms
02-03 12:44:17.261 D/dalvikvm(15954): GC_CONCURRENT freed 4064K, 49% free 9053K/17536K, paused 1ms+1ms, total 5ms
02-03 12:44:17.261 D/dalvikvm(15954): WAIT_FOR_CONCURRENT_GC blocked 5ms
02-03 12:44:17.271 D/dalvikvm(15954): GC_CONCURRENT freed 4086K, 49% free 8990K/17536K, paused 0ms+1ms, total 5ms
02-03 12:44:17.271 D/dalvikvm(15954): WAIT_FOR_CONCURRENT_GC blocked 4ms
02-03 12:44:17.271 D/dalvikvm(15954): GC_FOR_ALLOC freed 3934K, 49% free 9093K/17536K, paused 4ms, total 4ms
02-03 12:44:17.281 D/dalvikvm(15954): GC_CONCURRENT freed 3622K, 47% free 9421K/17536K, paused 1ms+1ms, total 6ms
02-03 12:44:17.291 D/dalvikvm(15954): GC_FOR_ALLOC freed 4353K, 48% free 9131K/17536K, paused 4ms, total 4ms
02-03 12:44:17.291 D/dalvikvm(15954): GC_CONCURRENT freed 3847K, 47% free 9339K/17536K, paused 0ms+1ms, total 5ms
02-03 12:44:17.291 D/dalvikvm(15954): WAIT_FOR_CONCURRENT_GC blocked 2ms
02-03 12:44:17.301 D/dalvikvm(15954): GC_CONCURRENT freed 4277K, 49% free 9105K/17536K, paused 0ms+1ms, total 4ms
02-03 12:44:17.301 D/dalvikvm(15954): WAIT_FOR_CONCURRENT_GC blocked 5ms
02-03 12:44:17.311 D/dalvikvm(15954): GC_FOR_ALLOC freed 3994K, 48% free 9150K/17536K, paused 4ms, total 4ms
02-03 12:44:17.311 D/dalvikvm(15954): GC_CONCURRENT freed 3882K, 47% free 9334K/17536K, paused 0ms+0ms, total 6ms
02-03 12:44:17.311 D/dalvikvm(15954): WAIT_FOR_CONCURRENT_GC blocked 2ms
02-03 12:44:17.321 D/dalvikvm(15954): GC_FOR_ALLOC freed 4196K, 48% free 9160K/17536K, paused 4ms, total 4ms
02-03 12:44:17.331 D/dalvikvm(15954): GC_CONCURRENT freed 3815K, 47% free 9358K/17536K, paused 1ms+1ms, total 6ms
02-03 12:44:17.331 D/dalvikvm(15954): WAIT_FOR_CONCURRENT_GC blocked 2ms
02-03 12:44:17.341 D/dalvikvm(15954): GC_CONCURRENT freed 4276K, 48% free 9120K/17536K, paused 1ms+1ms, total 5ms
02-03 12:44:17.341 D/dalvikvm(15954): WAIT_FOR_CONCURRENT_GC blocked 4ms
02-03 12:44:17.341 D/dalvikvm(15954): GC_FOR_ALLOC freed 3997K, 48% free 9176K/17536K, paused 4ms, total 4ms
02-03 12:44:17.351 D/dalvikvm(15954): GC_CONCURRENT freed 3789K, 47% free 9426K/17536K, paused 1ms+1ms, total 6ms
02-03 12:44:17.351 D/dalvikvm(15954): WAIT_FOR_CONCURRENT_GC blocked 2ms
02-03 12:44:17.361 D/dalvikvm(15954): GC_CONCURRENT freed 4264K, 48% free 9163K/17536K, paused 1ms+1ms, total 5ms
02-03 12:44:17.361 D/dalvikvm(15954): WAIT_FOR_CONCURRENT_GC blocked 4ms
02-03 12:44:17.361 D/dalvikvm(15954): GC_FOR_ALLOC freed 3924K, 48% free 9223K/17536K, paused 4ms, total 4ms
02-03 12:44:17.371 D/dalvikvm(15954): GC_CONCURRENT freed 3790K, 46% free 9518K/17536K, paused 1ms+1ms, total 7ms
02-03 12:44:17.371 D/dalvikvm(15954): WAIT_FOR_CONCURRENT_GC blocked 2ms
02-03 12:44:17.381 D/dalvikvm(15954): GC_FOR_ALLOC freed 4286K, 48% free 9229K/17536K, paused 4ms, total 4ms
02-03 12:44:17.381 D/dalvikvm(15954): GC_CONCURRENT freed 3842K, 46% free 9476K/17536K, paused 1ms+1ms, total 6ms
02-03 12:44:17.381 D/dalvikvm(15954): WAIT_FOR_CONCURRENT_GC blocked 2ms
02-03 12:44:17.391 D/dalvikvm(15954): GC_CONCURRENT freed 4348K, 48% free 9175K/17536K, paused 1ms+0ms, total 5ms
02-03 12:44:17.391 D/dalvikvm(15954): WAIT_FOR_CONCURRENT_GC blocked 4ms
02-03 12:44:17.401 D/dalvikvm(15954): GC_FOR_ALLOC freed 3932K, 48% free 9241K/17536K, paused 4ms, total 4ms
02-03 12:44:17.401 D/dalvikvm(15954): GC_CONCURRENT freed 3750K, 46% free 9570K/17536K, paused 1ms+1ms, total 6ms
02-03 12:44:17.401 D/dalvikvm(15954): WAIT_FOR_CONCURRENT_GC blocked 2ms
02-03 12:44:17.411 D/dalvikvm(15954): GC_CONCURRENT freed 4479K, 48% free 9183K/17536K, paused 1ms+1ms, total 5ms
02-03 12:44:17.411 D/dalvikvm(15954): WAIT_FOR_CONCURRENT_GC blocked 4ms
02-03 12:44:17.421 D/dalvikvm(15954): GC_FOR_ALLOC freed 4165K, 49% free 9113K/17536K, paused 4ms, total 4ms
02-03 12:44:17.431 D/dalvikvm(15954): GC_CONCURRENT freed 3469K, 46% free 9633K/17536K, paused 1ms+1ms, total 6ms
02-03 12:44:17.431 D/dalvikvm(15954): WAIT_FOR_CONCURRENT_GC blocked 3ms
02-03 12:44:17.431 D/dalvikvm(15954): GC_FOR_ALLOC freed 4513K, 48% free 9144K/17536K, paused 4ms, total 4ms
02-03 12:44:17.441 D/dalvikvm(15954): GC_CONCURRENT freed 3586K, 45% free 9649K/17536K, paused 0ms+1ms, total 7ms
02-03 12:44:17.441 D/dalvikvm(15954): WAIT_FOR_CONCURRENT_GC blocked 3ms
02-03 12:44:17.451 D/dalvikvm(15954): GC_FOR_ALLOC freed 4514K, 49% free 9069K/17536K, paused 4ms, total 4ms
02-03 12:44:17.451 D/dalvikvm(15954): GC_FOR_ALLOC freed 3843K, 48% free 9293K/17536K, paused 4ms, total 4ms
02-03 12:44:17.461 D/dalvikvm(15954): GC_CONCURRENT freed 3601K, 46% free 9595K/17536K, paused 0ms+1ms, total 6ms
02-03 12:44:17.461 D/dalvikvm(15954): WAIT_FOR_CONCURRENT_GC blocked 2ms
02-03 12:44:17.471 D/dalvikvm(15954): GC_FOR_ALLOC freed 4486K, 48% free 9141K/17536K, paused 4ms, total 4ms
02-03 12:44:17.471 D/dalvikvm(15954): GC_CONCURRENT freed 3310K, 44% free 9843K/17536K, paused 1ms+0ms, total 6ms
02-03 12:44:17.471 D/dalvikvm(15954): WAIT_FOR_CONCURRENT_GC blocked 2ms
02-03 12:44:17.481 D/dalvikvm(15954): GC_FOR_ALLOC freed 4451K, 47% free 9331K/17536K, paused 4ms, total 4ms
02-03 12:44:17.491 D/dalvikvm(15954): GC_FOR_ALLOC freed 3962K, 47% free 9333K/17536K, paused 5ms, total 5ms
02-03 12:44:17.491 D/dalvikvm(15954): GC_FOR_ALLOC freed 4015K, 47% free 9334K/17536K, paused 4ms, total 4ms
02-03 12:44:17.501 D/dalvikvm(15954): GC_CONCURRENT freed 3493K, 44% free 9911K/17536K, paused 0ms+1ms, total 6ms
02-03 12:44:17.501 D/dalvikvm(15954): WAIT_FOR_CONCURRENT_GC blocked 2ms
02-03 12:44:17.511 D/dalvikvm(15954): GC_FOR_ALLOC freed 4699K, 48% free 9169K/17536K, paused 4ms, total 4ms
02-03 12:44:17.511 D/dalvikvm(15954): GC_FOR_ALLOC freed 4004K, 49% free 9083K/17536K, paused 4ms, total 4ms
02-03 12:44:17.521 D/dalvikvm(15954): GC_FOR_ALLOC freed 3787K, 47% free 9343K/17536K, paused 4ms, total 4ms
02-03 12:44:17.531 D/dalvikvm(15954): GC_CONCURRENT freed 3491K, 45% free 9687K/17536K, paused 1ms+1ms, total 6ms
02-03 12:44:17.531 D/dalvikvm(15954): WAIT_FOR_CONCURRENT_GC blocked 2ms
02-03 12:44:17.531 D/dalvikvm(15954): GC_FOR_ALLOC freed 4480K, 48% free 9168K/17536K, paused 4ms, total 4ms
02-03 12:44:17.541 D/dalvikvm(15954): GC_FOR_ALLOC freed 4002K, 48% free 9261K/17536K, paused 4ms, total 4ms
02-03 12:44:17.551 D/dalvikvm(15954): GC_CONCURRENT freed 3513K, 44% free 9831K/17536K, paused 1ms+1ms, total 6ms
02-03 12:44:17.551 D/dalvikvm(15954): WAIT_FOR_CONCURRENT_GC blocked 3ms
02-03 12:44:17.551 D/dalvikvm(15954): GC_FOR_ALLOC freed 4446K, 47% free 9387K/17536K, paused 4ms, total 4ms
02-03 12:44:17.561 D/dalvikvm(15954): GC_CONCURRENT freed 3682K, 45% free 9750K/17536K, paused 1ms+1ms, total 7ms
02-03 12:44:17.561 D/dalvikvm(15954): WAIT_FOR_CONCURRENT_GC blocked 2ms
02-03 12:44:17.571 D/dalvikvm(15954): GC_FOR_ALLOC freed 4538K, 49% free 9110K/17536K, paused 4ms, total 4ms
02-03 12:44:17.571 D/dalvikvm(15954): GC_FOR_ALLOC freed 3934K, 49% free 9112K/17536K, paused 4ms, total 4ms
02-03 12:44:17.581 D/dalvikvm(15954): GC_CONCURRENT freed 3782K, 47% free 9303K/17536K, paused 1ms+0ms, total 5ms
02-03 12:44:17.581 D/dalvikvm(15954): WAIT_FOR_CONCURRENT_GC blocked 4ms
02-03 12:44:17.591 D/dalvikvm(15954): GC_CONCURRENT freed 4008K, 47% free 9307K/17536K, paused 0ms+1ms, total 4ms
02-03 12:44:17.591 D/dalvikvm(15954): WAIT_FOR_CONCURRENT_GC blocked 5ms
02-03 12:44:17.601 D/dalvikvm(15954): GC_CONCURRENT freed 4045K, 47% free 9310K/17536K, paused 1ms+1ms, total 5ms
02-03 12:44:17.601 D/dalvikvm(15954): WAIT_FOR_CONCURRENT_GC blocked 4ms
02-03 12:44:17.601 D/dalvikvm(15954): GC_CONCURRENT freed 4083K, 47% free 9314K/17536K, paused 1ms+1ms, total 4ms
02-03 12:44:17.601 D/dalvikvm(15954): WAIT_FOR_CONCURRENT_GC blocked 4ms
02-03 12:44:17.611 D/dalvikvm(15954): GC_FOR_ALLOC freed 3828K, 47% free 9411K/17536K, paused 4ms, total 5ms
02-03 12:44:17.621 D/dalvikvm(15954): GC_FOR_ALLOC freed 4155K, 48% free 9217K/17536K, paused 4ms, total 4ms
02-03 12:44:17.621 D/dalvikvm(15954): GC_FOR_ALLOC freed 3993K, 48% free 9120K/17536K, paused 4ms, total 4ms
02-03 12:44:17.631 D/dalvikvm(15954): GC_CONCURRENT freed 3723K, 47% free 9424K/17536K, paused 0ms+1ms, total 5ms
02-03 12:44:17.631 D/dalvikvm(15954): WAIT_FOR_CONCURRENT_GC blocked 3ms
02-03 12:44:17.641 D/dalvikvm(15954): GC_CONCURRENT freed 4262K, 48% free 9225K/17536K, paused 1ms+1ms, total 5ms
02-03 12:44:17.641 D/dalvikvm(15954): WAIT_FOR_CONCURRENT_GC blocked 4ms
02-03 12:44:17.651 D/dalvikvm(15954): GC_FOR_ALLOC freed 4097K, 48% free 9125K/17536K, paused 8ms, total 8ms
02-03 12:44:17.661 D/dalvikvm(15954): GC_CONCURRENT freed 205K, 48% free 9228K/17536K, paused 1ms+1ms, total 6ms
02-03 12:44:17.681 D/dalvikvm(15954): GC_CONCURRENT freed 3927K, 47% free 9334K/17536K, paused 11ms+1ms, total 17ms
02-03 12:44:17.681 D/dalvikvm(15954): WAIT_FOR_CONCURRENT_GC blocked 5ms
02-03 12:44:17.691 W/BindingManager(18937): Cannot call determinedVisibility() - never saw a connection for the pid: 18937
02-03 12:44:17.691 D/dalvikvm(15954): GC_FOR_ALLOC freed 4061K, 48% free 9233K/17536K, paused 5ms, total 5ms
02-03 12:44:17.701 D/dalvikvm(15954): GC_FOR_ALLOC freed 3676K, 47% free 9446K/17536K, paused 6ms, total 6ms
02-03 12:44:17.721 D/dalvikvm(15954): GC_FOR_ALLOC freed 4234K, 48% free 9132K/17536K, paused 7ms, total 7ms
02-03 12:44:17.721 D/dalvikvm(15954): GC_FOR_ALLOC freed 3946K, 48% free 9240K/17536K, paused 4ms, total 4ms
02-03 12:44:17.731 I/chromium(18937): [INFO:CONSOLE(47)] "Uncaught ReferenceError: SharedWorker is not defined", source: app://org.xwalk.webapi_noneservice_tests//opt/tct-workers-w3c-tests/workers/SharedWorkerLocation_hash_encoding.html (47)
02-03 12:44:17.731 D/dalvikvm(15954): GC_CONCURRENT freed 3226K, 44% free 9991K/17536K, paused 2ms+1ms, total 8ms
02-03 12:44:17.731 D/dalvikvm(15954): WAIT_FOR_CONCURRENT_GC blocked 3ms
02-03 12:44:17.741 D/dalvikvm(15954): GC_CONCURRENT freed 4647K, 47% free 9354K/17536K, paused 1ms+1ms, total 5ms
02-03 12:44:17.741 D/dalvikvm(15954): WAIT_FOR_CONCURRENT_GC blocked 3ms
02-03 12:44:17.751 D/dalvikvm(15954): GC_FOR_ALLOC freed 4033K, 48% free 9138K/17536K, paused 5ms, total 5ms
02-03 12:44:17.761 D/dalvikvm(15954): GC_FOR_ALLOC freed 3842K, 48% free 9140K/17536K, paused 5ms, total 5ms
02-03 12:44:17.771 D/dalvikvm(15954): GC_FOR_ALLOC freed 3869K, 48% free 9141K/17536K, paused 6ms, total 6ms
02-03 12:44:17.771 D/dalvikvm(15954): GC_FOR_ALLOC freed 3895K, 48% free 9143K/17536K, paused 4ms, total 4ms
02-03 12:44:17.781 D/dalvikvm(15954): GC_FOR_ALLOC freed 3921K, 48% free 9144K/17536K, paused 4ms, total 4ms
02-03 12:44:17.791 D/dalvikvm(15954): GC_FOR_ALLOC freed 3947K, 48% free 9146K/17536K, paused 4ms, total 4ms
02-03 12:44:17.801 D/dalvikvm(15954): GC_CONCURRENT freed 3746K, 47% free 9375K/17536K, paused 1ms+0ms, total 5ms
02-03 12:44:17.801 D/dalvikvm(15954): WAIT_FOR_CONCURRENT_GC blocked 4ms
02-03 12:44:17.801 D/dalvikvm(15954): GC_CONCURRENT freed 3998K, 47% free 9378K/17536K, paused 1ms+1ms, total 5ms
02-03 12:44:17.801 D/dalvikvm(15954): WAIT_FOR_CONCURRENT_GC blocked 4ms
02-03 12:44:17.811 D/dalvikvm(15954): GC_CONCURRENT freed 4024K, 47% free 9381K/17536K, paused 0ms+1ms, total 4ms
02-03 12:44:17.811 D/dalvikvm(15954): WAIT_FOR_CONCURRENT_GC blocked 4ms
02-03 12:44:17.821 D/dalvikvm(15954): GC_CONCURRENT freed 4050K, 47% free 9384K/17536K, paused 1ms+1ms, total 5ms
02-03 12:44:17.821 D/dalvikvm(15954): WAIT_FOR_CONCURRENT_GC blocked 4ms
02-03 12:44:17.821 D/dalvikvm(15954): GC_CONCURRENT freed 4078K, 47% free 9387K/17536K, paused 0ms+1ms, total 4ms
02-03 12:44:17.821 D/dalvikvm(15954): WAIT_FOR_CONCURRENT_GC blocked 4ms
02-03 12:44:17.831 D/dalvikvm(15954): GC_FOR_ALLOC freed 3754K, 46% free 9507K/17536K, paused 4ms, total 4ms
02-03 12:44:17.841 D/dalvikvm(15954): GC_FOR_ALLOC freed 4135K, 48% free 9274K/17536K, paused 4ms, total 4ms
02-03 12:44:17.841 D/dalvikvm(15954): GC_FOR_ALLOC freed 3925K, 48% free 9158K/17536K, paused 4ms, total 4ms
02-03 12:44:17.851 D/dalvikvm(15954): GC_FOR_ALLOC freed 3591K, 46% free 9519K/17536K, paused 4ms, total 4ms
02-03 12:44:17.861 D/dalvikvm(15954): GC_FOR_ALLOC freed 4217K, 48% free 9282K/17536K, paused 4ms, total 4ms
02-03 12:44:17.861 D/dalvikvm(15954): GC_CONCURRENT freed 3400K, 45% free 9766K/17536K, paused 1ms+1ms, total 6ms
02-03 12:44:17.861 D/dalvikvm(15954): WAIT_FOR_CONCURRENT_GC blocked 2ms
02-03 12:44:17.871 D/dalvikvm(15954): GC_FOR_ALLOC freed 4264K, 46% free 9531K/17536K, paused 4ms, total 4ms
02-03 12:44:17.881 D/dalvikvm(15954): GC_CONCURRENT freed 3444K, 43% free 10144K/17536K, paused 1ms+1ms, total 6ms
02-03 12:44:17.881 D/dalvikvm(15954): WAIT_FOR_CONCURRENT_GC blocked 2ms
02-03 12:44:17.881 D/dalvikvm(15954): GC_FOR_ALLOC freed 4936K, 48% free 9168K/17536K, paused 4ms, total 4ms
02-03 12:44:17.891 D/dalvikvm(15954): GC_FOR_ALLOC freed 3732K, 48% free 9293K/17536K, paused 4ms, total 4ms
02-03 12:44:17.901 D/dalvikvm(15954): GC_CONCURRENT freed 3880K, 47% free 9421K/17536K, paused 1ms+1ms, total 5ms
02-03 12:44:17.901 D/dalvikvm(15954): WAIT_FOR_CONCURRENT_GC blocked 4ms
02-03 12:44:17.911 D/dalvikvm(15954): GC_FOR_ALLOC freed 4028K, 47% free 9298K/17536K, paused 4ms, total 4ms
02-03 12:44:17.911 D/dalvikvm(15954): GC_CONCURRENT freed 3927K, 47% free 9427K/17536K, paused 0ms+1ms, total 4ms
02-03 12:44:17.911 D/dalvikvm(15954): WAIT_FOR_CONCURRENT_GC blocked 4ms
02-03 12:44:17.921 D/dalvikvm(15954): GC_FOR_ALLOC freed 4076K, 47% free 9302K/17536K, paused 4ms, total 4ms
02-03 12:44:17.931 D/dalvikvm(15954): GC_FOR_ALLOC freed 3587K, 46% free 9561K/17536K, paused 4ms, total 4ms
02-03 12:44:17.931 D/dalvikvm(15954): GC_FOR_ALLOC freed 4252K, 48% free 9178K/17536K, paused 4ms, total 4ms
02-03 12:44:17.941 D/dalvikvm(15954): GC_FOR_ALLOC freed 3887K, 47% free 9309K/17536K, paused 4ms, total 4ms
02-03 12:44:17.951 D/dalvikvm(15954): GC_CONCURRENT freed 2999K, 42% free 10220K/17536K, paused 1ms+1ms, total 6ms
02-03 12:44:17.951 D/dalvikvm(15954): WAIT_FOR_CONCURRENT_GC blocked 2ms
02-03 12:44:17.951 D/dalvikvm(15954): GC_FOR_ALLOC freed 4971K, 48% free 9182K/17536K, paused 4ms, total 4ms
02-03 12:44:17.961 D/dalvikvm(15954): GC_FOR_ALLOC freed 3952K, 47% free 9315K/17536K, paused 4ms, total 4ms
02-03 12:44:17.961 D/dalvikvm(15954): GC_CONCURRENT freed 3049K, 42% free 10241K/17536K, paused 1ms+1ms, total 5ms
02-03 12:44:17.961 D/dalvikvm(15954): WAIT_FOR_CONCURRENT_GC blocked 1ms
02-03 12:44:17.971 D/dalvikvm(15954): GC_CONCURRENT freed 4787K, 47% free 9453K/17536K, paused 1ms+1ms, total 5ms
02-03 12:44:17.971 D/dalvikvm(15954): WAIT_FOR_CONCURRENT_GC blocked 4ms
02-03 12:44:17.981 D/dalvikvm(15954): GC_FOR_ALLOC freed 4015K, 48% free 9188K/17536K, paused 4ms, total 4ms
02-03 12:44:17.991 D/dalvikvm(15954): GC_FOR_ALLOC freed 3768K, 48% free 9190K/17536K, paused 4ms, total 4ms
02-03 12:44:17.991 D/dalvikvm(15954): GC_FOR_ALLOC freed 3787K, 48% free 9191K/17536K, paused 4ms, total 4ms
02-03 12:44:18.001 D/dalvikvm(15954): GC_FOR_ALLOC freed 3806K, 48% free 9192K/17536K, paused 4ms, total 4ms
02-03 12:44:18.011 D/dalvikvm(15954): GC_FOR_ALLOC freed 3825K, 48% free 9194K/17536K, paused 4ms, total 5ms
02-03 12:44:18.011 D/dalvikvm(15954): GC_FOR_ALLOC freed 3844K, 48% free 9195K/17536K, paused 4ms, total 4ms
02-03 12:44:18.021 D/dalvikvm(15954): GC_FOR_ALLOC freed 3863K, 48% free 9196K/17536K, paused 4ms, total 4ms
02-03 12:44:18.031 D/dalvikvm(15954): GC_FOR_ALLOC freed 3882K, 48% free 9198K/17536K, paused 4ms, total 4ms
02-03 12:44:18.031 D/dalvikvm(15954): GC_FOR_ALLOC freed 3900K, 48% free 9199K/17536K, paused 4ms, total 5ms
02-03 12:44:18.041 D/dalvikvm(15954): GC_FOR_ALLOC freed 3919K, 48% free 9200K/17536K, paused 4ms, total 5ms
02-03 12:44:18.051 D/dalvikvm(15954): GC_FOR_ALLOC freed 3938K, 48% free 9202K/17536K, paused 4ms, total 4ms
02-03 12:44:18.051 D/dalvikvm(15954): GC_FOR_ALLOC freed 3957K, 48% free 9203K/17536K, paused 4ms, total 4ms
02-03 12:44:18.061 D/dalvikvm(15954): GC_FOR_ALLOC freed 3976K, 48% free 9204K/17536K, paused 4ms, total 4ms
02-03 12:44:18.071 D/dalvikvm(15954): GC_CONCURRENT freed 3568K, 46% free 9632K/17536K, paused 1ms+1ms, total 6ms
02-03 12:44:18.071 D/dalvikvm(15954): WAIT_FOR_CONCURRENT_GC blocked 2ms
02-03 12:44:18.071 D/dalvikvm(15954): GC_CONCURRENT freed 4153K, 46% free 9494K/17536K, paused 0ms+1ms, total 4ms
02-03 12:44:18.071 D/dalvikvm(15954): WAIT_FOR_CONCURRENT_GC blocked 4ms
02-03 12:44:18.081 D/dalvikvm(15954): GC_CONCURRENT freed 4031K, 46% free 9496K/17536K, paused 1ms+1ms, total 5ms
02-03 12:44:18.081 D/dalvikvm(15954): WAIT_FOR_CONCURRENT_GC blocked 4ms
02-03 12:44:18.091 D/dalvikvm(15954): GC_CONCURRENT freed 4050K, 46% free 9499K/17536K, paused 0ms+1ms, total 4ms
02-03 12:44:18.091 D/dalvikvm(15954): WAIT_FOR_CONCURRENT_GC blocked 4ms
02-03 12:44:18.101 D/dalvikvm(15954): GC_CONCURRENT freed 4068K, 46% free 9502K/17536K, paused 1ms+1ms, total 5ms
02-03 12:44:18.101 D/dalvikvm(15954): WAIT_FOR_CONCURRENT_GC blocked 4ms
02-03 12:44:18.101 D/dalvikvm(15954): GC_CONCURRENT freed 4087K, 46% free 9504K/17536K, paused 0ms+1ms, total 5ms
02-03 12:44:18.101 D/dalvikvm(15954): WAIT_FOR_CONCURRENT_GC blocked 4ms
02-03 12:44:18.111 D/dalvikvm(15954): GC_FOR_ALLOC freed 3664K, 45% free 9653K/17536K, paused 4ms, total 4ms
02-03 12:44:18.121 D/dalvikvm(15954): GC_FOR_ALLOC freed 4123K, 47% free 9362K/17536K, paused 4ms, total 4ms
02-03 12:44:18.121 D/dalvikvm(15954): GC_FOR_ALLOC freed 3845K, 48% free 9216K/17536K, paused 4ms, total 4ms
02-03 12:44:18.131 D/dalvikvm(15954): GC_FOR_ALLOC freed 3415K, 45% free 9662K/17536K, paused 4ms, total 4ms
02-03 12:44:18.141 D/dalvikvm(15954): GC_FOR_ALLOC freed 4174K, 47% free 9367K/17536K, paused 4ms, total 4ms
02-03 12:44:18.141 D/dalvikvm(15954): GC_FOR_ALLOC freed 3893K, 48% free 9220K/17536K, paused 4ms, total 4ms
02-03 12:44:18.151 D/dalvikvm(15954): GC_FOR_ALLOC freed 3457K, 45% free 9671K/17536K, paused 4ms, total 4ms
02-03 12:44:18.161 D/dalvikvm(15954): GC_FOR_ALLOC freed 4226K, 47% free 9373K/17536K, paused 4ms, total 4ms
02-03 12:44:18.161 D/dalvikvm(15954): GC_FOR_ALLOC freed 3941K, 48% free 9224K/17536K, paused 4ms, total 4ms
02-03 12:44:18.171 D/dalvikvm(15954): GC_FOR_ALLOC freed 3500K, 45% free 9681K/17536K, paused 4ms, total 4ms
02-03 12:44:18.181 D/dalvikvm(15954): GC_CONCURRENT freed 4278K, 47% free 9379K/17536K, paused 1ms+1ms, total 5ms
02-03 12:44:18.181 D/dalvikvm(15954): WAIT_FOR_CONCURRENT_GC blocked 5ms
02-03 12:44:18.181 D/dalvikvm(15954): GC_FOR_ALLOC freed 3990K, 48% free 9227K/17536K, paused 4ms, total 4ms
02-03 12:44:18.191 D/dalvikvm(15954): GC_FOR_ALLOC freed 3542K, 45% free 9690K/17536K, paused 4ms, total 4ms
02-03 12:44:18.201 D/dalvikvm(15954): GC_CONCURRENT freed 3251K, 41% free 10462K/17536K, paused 1ms+1ms, total 7ms
02-03 12:44:18.201 D/dalvikvm(15954): WAIT_FOR_CONCURRENT_GC blocked 2ms
02-03 12:44:18.201 D/dalvikvm(15954): GC_FOR_ALLOC freed 5116K, 48% free 9231K/17536K, paused 4ms, total 4ms
02-03 12:44:18.211 D/dalvikvm(15954): GC_FOR_ALLOC freed 3585K, 45% free 9699K/17536K, paused 4ms, total 4ms
02-03 12:44:18.221 D/dalvikvm(15954): GC_CONCURRENT freed 3290K, 41% free 10481K/17536K, paused 1ms+1ms, total 7ms
02-03 12:44:18.221 D/dalvikvm(15954): WAIT_FOR_CONCURRENT_GC blocked 2ms
02-03 12:44:18.221 D/dalvikvm(15954): GC_FOR_ALLOC freed 5177K, 48% free 9235K/17536K, paused 4ms, total 4ms
02-03 12:44:18.231 D/dalvikvm(15954): GC_FOR_ALLOC freed 3627K, 47% free 9393K/17536K, paused 4ms, total 4ms
02-03 12:44:18.241 D/dalvikvm(15954): GC_FOR_ALLOC freed 4116K, 48% free 9237K/17536K, paused 4ms, total 4ms
02-03 12:44:18.241 D/dalvikvm(15954): GC_FOR_ALLOC freed 3654K, 47% free 9396K/17536K, paused 4ms, total 4ms
02-03 12:44:18.251 D/dalvikvm(15954): GC_CONCURRENT freed 3828K, 46% free 9558K/17536K, paused 0ms+1ms, total 4ms
02-03 12:44:18.251 D/dalvikvm(15954): WAIT_FOR_CONCURRENT_GC blocked 5ms
02-03 12:44:18.261 D/dalvikvm(15954): GC_FOR_ALLOC freed 4001K, 47% free 9400K/17536K, paused 4ms, total 4ms
02-03 12:44:18.271 D/dalvikvm(15954): GC_CONCURRENT freed 3858K, 46% free 9563K/17536K, paused 0ms+1ms, total 4ms
02-03 12:44:18.271 D/dalvikvm(15954): WAIT_FOR_CONCURRENT_GC blocked 4ms
02-03 12:44:18.271 D/dalvikvm(15954): GC_FOR_ALLOC freed 4031K, 47% free 9404K/17536K, paused 4ms, total 4ms
02-03 12:44:18.281 D/dalvikvm(15954): GC_CONCURRENT freed 3887K, 46% free 9568K/17536K, paused 1ms+0ms, total 5ms
02-03 12:44:18.281 D/dalvikvm(15954): WAIT_FOR_CONCURRENT_GC blocked 4ms
02-03 12:44:18.291 D/dalvikvm(15954): GC_FOR_ALLOC freed 4061K, 47% free 9407K/17536K, paused 4ms, total 4ms
02-03 12:44:18.291 D/dalvikvm(15954): GC_CONCURRENT freed 3916K, 46% free 9573K/17536K, paused 1ms+1ms, total 5ms
02-03 12:44:18.291 D/dalvikvm(15954): WAIT_FOR_CONCURRENT_GC blocked 4ms
02-03 12:44:18.301 D/dalvikvm(15954): GC_FOR_ALLOC freed 4094K, 47% free 9411K/17536K, paused 4ms, total 4ms
02-03 12:44:18.311 D/dalvikvm(15954): GC_FOR_ALLOC freed 3452K, 45% free 9742K/17536K, paused 4ms, total 4ms
02-03 12:44:18.311 D/dalvikvm(15954): GC_FOR_ALLOC freed 4290K, 48% free 9250K/17536K, paused 4ms, total 4ms
02-03 12:44:18.321 D/dalvikvm(15954): GC_CONCURRENT freed 3808K, 47% free 9416K/17536K, paused 0ms+1ms, total 4ms
02-03 12:44:18.321 D/dalvikvm(15954): WAIT_FOR_CONCURRENT_GC blocked 4ms
02-03 12:44:18.331 D/dalvikvm(15954): GC_FOR_ALLOC freed 3487K, 45% free 9750K/17536K, paused 4ms, total 4ms
02-03 12:44:18.331 D/dalvikvm(15954): GC_FOR_ALLOC freed 4331K, 48% free 9253K/17536K, paused 4ms, total 4ms
02-03 12:44:18.341 D/dalvikvm(15954): GC_CONCURRENT freed 3843K, 47% free 9421K/17536K, paused 1ms+0ms, total 5ms
02-03 12:44:18.341 D/dalvikvm(15954): WAIT_FOR_CONCURRENT_GC blocked 4ms
02-03 12:44:18.351 D/dalvikvm(15954): GC_FOR_ALLOC freed 3518K, 45% free 9757K/17536K, paused 5ms, total 5ms
02-03 12:44:18.351 D/dalvikvm(15954): GC_FOR_ALLOC freed 4370K, 48% free 9256K/17536K, paused 4ms, total 4ms
02-03 12:44:18.361 D/dalvikvm(15954): GC_CONCURRENT freed 3876K, 47% free 9426K/17536K, paused 1ms+0ms, total 5ms
02-03 12:44:18.361 D/dalvikvm(15954): WAIT_FOR_CONCURRENT_GC blocked 4ms
02-03 12:44:18.371 D/dalvikvm(15954): GC_FOR_ALLOC freed 3552K, 45% free 9765K/17536K, paused 4ms, total 4ms
02-03 12:44:18.381 D/dalvikvm(15954): GC_CONCURRENT freed 4602K, 48% free 9259K/17536K, paused 0ms+1ms, total 5ms
02-03 12:44:18.381 D/dalvikvm(15954): WAIT_FOR_CONCURRENT_GC blocked 4ms
02-03 12:44:18.391 D/dalvikvm(15954): GC_FOR_ALLOC freed 3700K, 47% free 9432K/17536K, paused 4ms, total 4ms
02-03 12:44:18.401 D/dalvikvm(15954): GC_FOR_ALLOC freed 4883K, 53% free 8315K/17536K, paused 4ms, total 4ms
02-03 12:44:18.421 D/dalvikvm(15954): GC_CONCURRENT freed 3331K, 49% free 9030K/17536K, paused 1ms+1ms, total 4ms
02-03 12:44:18.481 D/dalvikvm(15954): GC_CONCURRENT freed 4152K, 49% free 8965K/17536K, paused 0ms+1ms, total 6ms
02-03 12:44:18.481 D/dalvikvm(15954): WAIT_FOR_CONCURRENT_GC blocked 6ms
02-03 12:44:18.491 D/dalvikvm(15954): GC_CONCURRENT freed 4081K, 49% free 8977K/17536K, paused 1ms+1ms, total 5ms
02-03 12:44:18.491 D/dalvikvm(15954): WAIT_FOR_CONCURRENT_GC blocked 4ms
02-03 12:44:18.501 D/dalvikvm(15954): GC_CONCURRENT freed 4071K, 49% free 8972K/17536K, paused 1ms+1ms, total 5ms
02-03 12:44:18.501 D/dalvikvm(15954): WAIT_FOR_CONCURRENT_GC blocked 4ms
02-03 12:44:18.511 D/dalvikvm(15954): GC_CONCURRENT freed 4053K, 49% free 8981K/17536K, paused 1ms+1ms, total 5ms
02-03 12:44:18.511 D/dalvikvm(15954): WAIT_FOR_CONCURRENT_GC blocked 4ms
02-03 12:44:18.511 D/dalvikvm(15954): GC_CONCURRENT freed 4016K, 49% free 9023K/17536K, paused 1ms+1ms, total 5ms
02-03 12:44:18.511 D/dalvikvm(15954): WAIT_FOR_CONCURRENT_GC blocked 4ms
02-03 12:44:18.521 D/dalvikvm(15954): GC_CONCURRENT freed 4050K, 49% free 9031K/17536K, paused 1ms+1ms, total 5ms
02-03 12:44:18.521 D/dalvikvm(15954): WAIT_FOR_CONCURRENT_GC blocked 4ms
02-03 12:44:18.531 D/dalvikvm(15954): GC_CONCURRENT freed 4085K, 49% free 8999K/17536K, paused 0ms+1ms, total 4ms
02-03 12:44:18.531 D/dalvikvm(15954): WAIT_FOR_CONCURRENT_GC blocked 5ms
02-03 12:44:18.541 D/dalvikvm(15954): GC_FOR_ALLOC freed 4002K, 49% free 9071K/17536K, paused 4ms, total 4ms
02-03 12:44:18.541 D/dalvikvm(15954): GC_CONCURRENT freed 3935K, 48% free 9214K/17536K, paused 0ms+1ms, total 6ms
02-03 12:44:18.541 D/dalvikvm(15954): WAIT_FOR_CONCURRENT_GC blocked 2ms
02-03 12:44:18.551 D/dalvikvm(15954): GC_FOR_ALLOC freed 4289K, 49% free 8999K/17536K, paused 4ms, total 4ms
02-03 12:44:18.561 D/dalvikvm(15954): GC_CONCURRENT freed 3877K, 48% free 9196K/17536K, paused 1ms+1ms, total 6ms
02-03 12:44:18.561 D/dalvikvm(15954): WAIT_FOR_CONCURRENT_GC blocked 1ms
02-03 12:44:18.561 D/dalvikvm(15954): GC_CONCURRENT freed 4163K, 49% free 9085K/17536K, paused 1ms+1ms, total 5ms
02-03 12:44:18.561 D/dalvikvm(15954): WAIT_FOR_CONCURRENT_GC blocked 4ms
02-03 12:44:18.571 D/dalvikvm(15954): GC_CONCURRENT freed 4082K, 49% free 9041K/17536K, paused 1ms+1ms, total 5ms
02-03 12:44:18.571 D/dalvikvm(15954): WAIT_FOR_CONCURRENT_GC blocked 4ms
02-03 12:44:18.581 D/dalvikvm(15954): GC_FOR_ALLOC freed 4051K, 49% free 9042K/17536K, paused 4ms, total 4ms
02-03 12:44:18.591 D/dalvikvm(15954): GC_CONCURRENT freed 3857K, 48% free 9237K/17536K, paused 1ms+1ms, total 6ms
02-03 12:44:18.591 D/dalvikvm(15954): WAIT_FOR_CONCURRENT_GC blocked 1ms
02-03 12:44:18.591 D/dalvikvm(15954): GC_CONCURRENT freed 4116K, 49% free 9101K/17536K, paused 1ms+0ms, total 5ms
02-03 12:44:18.591 D/dalvikvm(15954): WAIT_FOR_CONCURRENT_GC blocked 4ms
02-03 12:44:18.601 D/dalvikvm(15954): GC_FOR_ALLOC freed 3942K, 48% free 9156K/17536K, paused 4ms, total 4ms
02-03 12:44:18.611 D/dalvikvm(15954): GC_CONCURRENT freed 3739K, 47% free 9371K/17536K, paused 1ms+1ms, total 6ms
02-03 12:44:18.611 D/dalvikvm(15954): WAIT_FOR_CONCURRENT_GC blocked 1ms
02-03 12:44:18.611 D/dalvikvm(15954): GC_FOR_ALLOC freed 4326K, 49% free 8994K/17536K, paused 4ms, total 4ms
02-03 12:44:18.621 D/dalvikvm(15954): GC_CONCURRENT freed 3933K, 49% free 9114K/17536K, paused 1ms+1ms, total 5ms
02-03 12:44:18.621 D/dalvikvm(15954): WAIT_FOR_CONCURRENT_GC blocked 4ms
02-03 12:44:18.631 D/dalvikvm(15954): GC_FOR_ALLOC freed 3974K, 48% free 9174K/17536K, paused 4ms, total 4ms
02-03 12:44:18.631 D/dalvikvm(15954): GC_CONCURRENT freed 3714K, 47% free 9445K/17536K, paused 1ms+1ms, total 6ms
02-03 12:44:18.631 D/dalvikvm(15954): WAIT_FOR_CONCURRENT_GC blocked 1ms
02-03 12:44:18.641 D/dalvikvm(15954): GC_FOR_ALLOC freed 4335K, 49% free 9025K/17536K, paused 4ms, total 4ms
02-03 12:44:18.651 D/dalvikvm(15954): GC_FOR_ALLOC freed 4002K, 49% free 9024K/17536K, paused 4ms, total 4ms
02-03 12:44:18.661 D/dalvikvm(15954): GC_CONCURRENT freed 3952K, 48% free 9157K/17536K, paused 1ms+1ms, total 5ms
02-03 12:44:18.661 D/dalvikvm(15954): WAIT_FOR_CONCURRENT_GC blocked 1ms
02-03 12:44:18.661 D/dalvikvm(15954): GC_FOR_ALLOC freed 3967K, 48% free 9224K/17536K, paused 4ms, total 4ms
02-03 12:44:18.671 D/dalvikvm(15954): GC_CONCURRENT freed 3648K, 46% free 9489K/17536K, paused 1ms+1ms, total 5ms
02-03 12:44:18.671 D/dalvikvm(15954): WAIT_FOR_CONCURRENT_GC blocked 1ms
02-03 12:44:18.681 D/dalvikvm(15954): GC_FOR_ALLOC freed 4450K, 49% free 9091K/17536K, paused 5ms, total 5ms
02-03 12:44:18.681 D/dalvikvm(15954): GC_CONCURRENT freed 3432K, 45% free 9714K/17536K, paused 1ms+1ms, total 6ms
02-03 12:44:18.681 D/dalvikvm(15954): WAIT_FOR_CONCURRENT_GC blocked 1ms
02-03 12:44:18.691 D/dalvikvm(15954): GC_FOR_ALLOC freed 4466K, 48% free 9233K/17536K, paused 4ms, total 4ms
02-03 12:44:18.701 D/dalvikvm(15954): GC_CONCURRENT freed 3549K, 45% free 9767K/17536K, paused 1ms+1ms, total 6ms
02-03 12:44:18.701 D/dalvikvm(15954): WAIT_FOR_CONCURRENT_GC blocked 2ms
02-03 12:44:18.701 D/dalvikvm(15954): GC_FOR_ALLOC freed 4616K, 48% free 9121K/17536K, paused 4ms, total 4ms
02-03 12:44:18.711 D/dalvikvm(15954): GC_CONCURRENT freed 3664K, 47% free 9415K/17536K, paused 1ms+1ms, total 6ms
02-03 12:44:18.711 D/dalvikvm(15954): WAIT_FOR_CONCURRENT_GC blocked 2ms
02-03 12:44:18.721 D/dalvikvm(15954): GC_FOR_ALLOC freed 4234K, 48% free 9272K/17536K, paused 4ms, total 4ms
02-03 12:44:18.721 D/dalvikvm(15954): GC_CONCURRENT freed 3622K, 46% free 9575K/17536K, paused 1ms+1ms, total 6ms
02-03 12:44:18.721 D/dalvikvm(15954): WAIT_FOR_CONCURRENT_GC blocked 2ms
02-03 12:44:18.731 D/dalvikvm(15954): GC_FOR_ALLOC freed 4512K, 48% free 9118K/17536K, paused 4ms, total 4ms
02-03 12:44:18.731 D/dalvikvm(15954): GC_CONCURRENT freed 3486K, 45% free 9667K/17536K, paused 1ms+1ms, total 6ms
02-03 12:44:18.741 D/dalvikvm(15954): WAIT_FOR_CONCURRENT_GC blocked 2ms
02-03 12:44:18.741 D/dalvikvm(15954): GC_CONCURRENT freed 4564K, 48% free 9198K/17536K, paused 0ms+1ms, total 4ms
02-03 12:44:18.741 D/dalvikvm(15954): WAIT_FOR_CONCURRENT_GC blocked 4ms
02-03 12:44:18.751 D/dalvikvm(15954): GC_CONCURRENT freed 3984K, 48% free 9235K/17536K, paused 1ms+1ms, total 5ms
02-03 12:44:18.751 D/dalvikvm(15954): WAIT_FOR_CONCURRENT_GC blocked 4ms
02-03 12:44:18.761 D/dalvikvm(15954): GC_CONCURRENT freed 4037K, 48% free 9239K/17536K, paused 1ms+0ms, total 5ms
02-03 12:44:18.761 D/dalvikvm(15954): WAIT_FOR_CONCURRENT_GC blocked 4ms
02-03 12:44:18.771 D/dalvikvm(15954): GC_FOR_ALLOC freed 4091K, 48% free 9243K/17536K, paused 4ms, total 4ms
02-03 12:44:18.771 D/dalvikvm(15954): GC_CONCURRENT freed 3302K, 44% free 9919K/17536K, paused 1ms+1ms, total 6ms
02-03 12:44:18.771 D/dalvikvm(15954): WAIT_FOR_CONCURRENT_GC blocked 2ms
02-03 12:44:18.781 D/dalvikvm(15954): GC_FOR_ALLOC freed 4784K, 48% free 9161K/17536K, paused 4ms, total 4ms
02-03 12:44:18.781 D/dalvikvm(15954): GC_CONCURRENT freed 3473K, 45% free 9675K/17536K, paused 1ms+1ms, total 6ms
02-03 12:44:18.781 D/dalvikvm(15954): WAIT_FOR_CONCURRENT_GC blocked 1ms
02-03 12:44:18.791 D/dalvikvm(15954): GC_FOR_ALLOC freed 4454K, 48% free 9163K/17536K, paused 4ms, total 4ms
02-03 12:44:18.801 D/dalvikvm(15954): GC_CONCURRENT freed 3984K, 48% free 9255K/17536K, paused 0ms+0ms, total 5ms
02-03 12:44:18.801 D/dalvikvm(15954): WAIT_FOR_CONCURRENT_GC blocked 4ms
02-03 12:44:18.811 D/dalvikvm(15954): GC_FOR_ALLOC freed 4119K, 48% free 9165K/17536K, paused 5ms, total 5ms
02-03 12:44:18.811 D/dalvikvm(15954): GC_CONCURRENT freed 3349K, 45% free 9797K/17536K, paused 1ms+1ms, total 6ms
02-03 12:44:18.811 D/dalvikvm(15954): WAIT_FOR_CONCURRENT_GC blocked 2ms
02-03 12:44:18.821 D/dalvikvm(15954): GC_CONCURRENT freed 4560K, 48% free 9263K/17536K, paused 0ms+1ms, total 4ms
02-03 12:44:18.821 D/dalvikvm(15954): WAIT_FOR_CONCURRENT_GC blocked 4ms
02-03 12:44:18.831 D/dalvikvm(15954): GC_FOR_ALLOC freed 4065K, 49% free 9077K/17536K, paused 4ms, total 4ms
02-03 12:44:18.831 D/dalvikvm(15954): GC_FOR_ALLOC freed 3915K, 49% free 9079K/17536K, paused 4ms, total 4ms
02-03 12:44:18.841 D/dalvikvm(15954): GC_FOR_ALLOC freed 3953K, 49% free 9081K/17536K, paused 4ms, total 4ms
02-03 12:44:18.851 D/dalvikvm(15954): GC_CONCURRENT freed 3800K, 48% free 9273K/17536K, paused 1ms+0ms, total 5ms
02-03 12:44:18.851 D/dalvikvm(15954): WAIT_FOR_CONCURRENT_GC blocked 4ms
02-03 12:44:18.861 D/dalvikvm(15954): GC_CONCURRENT freed 4026K, 48% free 9276K/17536K, paused 0ms+1ms, total 5ms
02-03 12:44:18.861 D/dalvikvm(15954): WAIT_FOR_CONCURRENT_GC blocked 4ms
02-03 12:44:18.861 D/dalvikvm(15954): GC_FOR_ALLOC freed 4262K, 49% free 9082K/17536K, paused 4ms, total 4ms
02-03 12:44:18.871 D/dalvikvm(15954): GC_CONCURRENT freed 3321K, 45% free 9668K/17536K, paused 0ms+0ms, total 6ms
02-03 12:44:18.871 D/dalvikvm(15954): WAIT_FOR_CONCURRENT_GC blocked 2ms
02-03 12:44:18.871 D/dalvikvm(15954): GC_FOR_ALLOC freed 4428K, 48% free 9184K/17536K, paused 4ms, total 4ms
02-03 12:44:18.881 D/dalvikvm(15954): GC_FOR_ALLOC freed 3975K, 49% free 9087K/17536K, paused 4ms, total 4ms
02-03 12:44:18.891 D/dalvikvm(15954): GC_FOR_ALLOC freed 3707K, 47% free 9389K/17536K, paused 4ms, total 4ms
02-03 12:44:18.891 D/dalvikvm(15954): GC_CONCURRENT freed 3541K, 44% free 9894K/17536K, paused 1ms+1ms, total 6ms
02-03 12:44:18.901 D/dalvikvm(15954): WAIT_FOR_CONCURRENT_GC blocked 3ms
02-03 12:44:18.901 D/dalvikvm(15954): GC_CONCURRENT freed 4576K, 47% free 9297K/17536K, paused 1ms+1ms, total 5ms
02-03 12:44:18.901 D/dalvikvm(15954): WAIT_FOR_CONCURRENT_GC blocked 4ms
02-03 12:44:18.911 D/dalvikvm(15954): GC_FOR_ALLOC freed 4011K, 48% free 9192K/17536K, paused 4ms, total 4ms
02-03 12:44:18.921 D/dalvikvm(15954): GC_CONCURRENT freed 3938K, 47% free 9299K/17536K, paused 1ms+1ms, total 5ms
02-03 12:44:18.921 D/dalvikvm(15954): WAIT_FOR_CONCURRENT_GC blocked 4ms
02-03 12:44:18.921 D/dalvikvm(15954): GC_FOR_ALLOC freed 4074K, 48% free 9198K/17536K, paused 4ms, total 4ms
02-03 12:44:18.931 D/dalvikvm(15954): GC_CONCURRENT freed 2640K, 41% free 10458K/17536K, paused 1ms+1ms, total 6ms
02-03 12:44:18.931 D/dalvikvm(15954): WAIT_FOR_CONCURRENT_GC blocked 3ms
02-03 12:44:18.941 D/dalvikvm(15954): GC_FOR_ALLOC freed 5293K, 49% free 9097K/17536K, paused 4ms, total 4ms
02-03 12:44:18.941 D/dalvikvm(15954): GC_FOR_ALLOC freed 3957K, 48% free 9205K/17536K, paused 4ms, total 4ms
02-03 12:44:18.951 D/dalvikvm(15954): GC_CONCURRENT freed 2700K, 41% free 10494K/17536K, paused 1ms+1ms, total 6ms
02-03 12:44:18.951 D/dalvikvm(15954): WAIT_FOR_CONCURRENT_GC blocked 2ms
02-03 12:44:18.961 D/dalvikvm(15954): GC_CONCURRENT freed 5196K, 47% free 9319K/17536K, paused 1ms+0ms, total 5ms
02-03 12:44:18.961 D/dalvikvm(15954): WAIT_FOR_CONCURRENT_GC blocked 4ms
02-03 12:44:18.961 D/dalvikvm(15954): GC_FOR_ALLOC freed 4044K, 49% free 9103K/17536K, paused 4ms, total 4ms
02-03 12:44:18.971 D/dalvikvm(15954): GC_FOR_ALLOC freed 3853K, 49% free 9105K/17536K, paused 4ms, total 4ms
02-03 12:44:18.981 D/dalvikvm(15954): GC_FOR_ALLOC freed 3879K, 49% free 9106K/17536K, paused 4ms, total 4ms
02-03 12:44:18.981 D/dalvikvm(15954): GC_FOR_ALLOC freed 3905K, 49% free 9108K/17536K, paused 4ms, total 4ms
02-03 12:44:18.991 D/dalvikvm(15954): GC_FOR_ALLOC freed 3931K, 49% free 9109K/17536K, paused 4ms, total 4ms
02-03 12:44:19.001 D/dalvikvm(15954): GC_FOR_ALLOC freed 3957K, 49% free 9111K/17536K, paused 4ms, total 4ms
02-03 12:44:19.001 D/dalvikvm(15954): GC_CONCURRENT freed 3756K, 47% free 9340K/17536K, paused 0ms+1ms, total 5ms
02-03 12:44:19.001 D/dalvikvm(15954): WAIT_FOR_CONCURRENT_GC blocked 4ms
02-03 12:44:19.011 D/dalvikvm(15954): GC_CONCURRENT freed 4008K, 47% free 9343K/17536K, paused 1ms+1ms, total 5ms
02-03 12:44:19.011 D/dalvikvm(15954): WAIT_FOR_CONCURRENT_GC blocked 4ms
02-03 12:44:19.021 D/dalvikvm(15954): GC_CONCURRENT freed 4034K, 47% free 9346K/17536K, paused 0ms+1ms, total 5ms
02-03 12:44:19.021 D/dalvikvm(15954): WAIT_FOR_CONCURRENT_GC blocked 4ms
02-03 12:44:19.031 D/dalvikvm(15954): GC_CONCURRENT freed 4061K, 47% free 9349K/17536K, paused 0ms+1ms, total 4ms
02-03 12:44:19.031 D/dalvikvm(15954): WAIT_FOR_CONCURRENT_GC blocked 4ms
02-03 12:44:19.031 D/dalvikvm(15954): GC_CONCURRENT freed 4090K, 47% free 9352K/17536K, paused 1ms+0ms, total 5ms
02-03 12:44:19.031 D/dalvikvm(15954): WAIT_FOR_CONCURRENT_GC blocked 4ms
02-03 12:44:19.041 D/dalvikvm(15954): GC_FOR_ALLOC freed 3764K, 46% free 9473K/17536K, paused 4ms, total 4ms
02-03 12:44:19.051 D/dalvikvm(15954): GC_FOR_ALLOC freed 4146K, 48% free 9240K/17536K, paused 4ms, total 4ms
02-03 12:44:19.051 D/dalvikvm(15954): GC_FOR_ALLOC freed 3937K, 48% free 9123K/17536K, paused 4ms, total 4ms
02-03 12:44:19.061 D/dalvikvm(15954): GC_FOR_ALLOC freed 3601K, 46% free 9484K/17536K, paused 4ms, total 4ms
02-03 12:44:19.071 D/dalvikvm(15954): GC_FOR_ALLOC freed 4229K, 48% free 9247K/17536K, paused 4ms, total 4ms
02-03 12:44:19.071 D/dalvikvm(15954): GC_CONCURRENT freed 3409K, 45% free 9732K/17536K, paused 1ms+1ms, total 7ms
02-03 12:44:19.071 D/dalvikvm(15954): WAIT_FOR_CONCURRENT_GC blocked 3ms
02-03 12:44:19.081 D/dalvikvm(15954): GC_FOR_ALLOC freed 4276K, 46% free 9496K/17536K, paused 4ms, total 4ms
02-03 12:44:19.091 D/dalvikvm(15954): GC_CONCURRENT freed 3453K, 43% free 10112K/17536K, paused 0ms+1ms, total 6ms
02-03 12:44:19.091 D/dalvikvm(15954): WAIT_FOR_CONCURRENT_GC blocked 2ms
02-03 12:44:19.101 D/dalvikvm(15954): GC_CONCURRENT freed 4702K, 47% free 9381K/17536K, paused 0ms+1ms, total 4ms
02-03 12:44:19.101 D/dalvikvm(15954): WAIT_FOR_CONCURRENT_GC blocked 4ms
02-03 12:44:19.101 D/dalvikvm(15954): GC_FOR_ALLOC freed 3990K, 48% free 9258K/17536K, paused 4ms, total 4ms
02-03 12:44:19.111 D/dalvikvm(15954): GC_CONCURRENT freed 3891K, 47% free 9387K/17536K, paused 0ms+1ms, total 5ms
02-03 12:44:19.111 D/dalvikvm(15954): WAIT_FOR_CONCURRENT_GC blocked 4ms
02-03 12:44:19.121 D/dalvikvm(15954): GC_FOR_ALLOC freed 4039K, 48% free 9263K/17536K, paused 4ms, total 4ms
02-03 12:44:19.121 D/dalvikvm(15954): GC_CONCURRENT freed 3938K, 47% free 9393K/17536K, paused 0ms+1ms, total 5ms
02-03 12:44:19.121 D/dalvikvm(15954): WAIT_FOR_CONCURRENT_GC blocked 4ms
02-03 12:44:19.131 D/dalvikvm(15954): GC_FOR_ALLOC freed 4087K, 48% free 9267K/17536K, paused 4ms, total 4ms
02-03 12:44:19.141 D/dalvikvm(15954): GC_FOR_ALLOC freed 3596K, 46% free 9526K/17536K, paused 4ms, total 4ms
02-03 12:44:19.141 D/dalvikvm(15954): GC_FOR_ALLOC freed 4263K, 48% free 9143K/17536K, paused 4ms, total 4ms
02-03 12:44:19.151 D/dalvikvm(15954): GC_FOR_ALLOC freed 3897K, 48% free 9274K/17536K, paused 4ms, total 4ms
02-03 12:44:19.161 D/dalvikvm(15954): GC_CONCURRENT freed 3007K, 42% free 10187K/17536K, paused 1ms+0ms, total 7ms
02-03 12:44:19.161 D/dalvikvm(15954): WAIT_FOR_CONCURRENT_GC blocked 2ms
02-03 12:44:19.161 D/dalvikvm(15954): GC_FOR_ALLOC freed 4984K, 48% free 9147K/17536K, paused 4ms, total 4ms
02-03 12:44:19.171 D/dalvikvm(15954): GC_FOR_ALLOC freed 3962K, 48% free 9280K/17536K, paused 4ms, total 4ms
02-03 12:44:19.181 D/dalvikvm(15954): GC_CONCURRENT freed 3057K, 42% free 10209K/17536K, paused 0ms+1ms, total 6ms
02-03 12:44:19.181 D/dalvikvm(15954): WAIT_FOR_CONCURRENT_GC blocked 2ms
02-03 12:44:19.181 D/dalvikvm(15954): GC_CONCURRENT freed 4799K, 47% free 9419K/17536K, paused 0ms+1ms, total 4ms
02-03 12:44:19.181 D/dalvikvm(15954): WAIT_FOR_CONCURRENT_GC blocked 5ms
02-03 12:44:19.191 D/dalvikvm(15954): GC_FOR_ALLOC freed 4026K, 48% free 9153K/17536K, paused 4ms, total 4ms
02-03 12:44:19.201 D/dalvikvm(15954): GC_FOR_ALLOC freed 3778K, 48% free 9154K/17536K, paused 4ms, total 4ms
02-03 12:44:19.201 D/dalvikvm(15954): GC_FOR_ALLOC freed 3797K, 48% free 9156K/17536K, paused 4ms, total 4ms
02-03 12:44:19.211 D/dalvikvm(15954): GC_FOR_ALLOC freed 3816K, 48% free 9157K/17536K, paused 4ms, total 4ms
02-03 12:44:19.221 D/dalvikvm(15954): GC_FOR_ALLOC freed 3835K, 48% free 9158K/17536K, paused 4ms, total 4ms
02-03 12:44:19.221 D/dalvikvm(15954): GC_FOR_ALLOC freed 3853K, 48% free 9160K/17536K, paused 4ms, total 4ms
02-03 12:44:19.231 D/dalvikvm(15954): GC_FOR_ALLOC freed 3872K, 48% free 9161K/17536K, paused 4ms, total 4ms
02-03 12:44:19.241 D/dalvikvm(15954): GC_FOR_ALLOC freed 3891K, 48% free 9162K/17536K, paused 4ms, total 4ms
02-03 12:44:19.241 D/dalvikvm(15954): GC_FOR_ALLOC freed 3910K, 48% free 9164K/17536K, paused 4ms, total 4ms
02-03 12:44:19.251 D/dalvikvm(15954): GC_FOR_ALLOC freed 3929K, 48% free 9165K/17536K, paused 4ms, total 4ms
02-03 12:44:19.261 D/dalvikvm(15954): GC_FOR_ALLOC freed 3947K, 48% free 9166K/17536K, paused 4ms, total 4ms
02-03 12:44:19.261 D/dalvikvm(15954): GC_FOR_ALLOC freed 3966K, 48% free 9168K/17536K, paused 4ms, total 5ms
02-03 12:44:19.271 D/dalvikvm(15954): GC_CONCURRENT freed 3560K, 46% free 9594K/17536K, paused 0ms+1ms, total 6ms
02-03 12:44:19.271 D/dalvikvm(15954): WAIT_FOR_CONCURRENT_GC blocked 2ms
02-03 12:44:19.281 D/dalvikvm(15954): GC_CONCURRENT freed 4143K, 47% free 9456K/17536K, paused 0ms+1ms, total 5ms
02-03 12:44:19.281 D/dalvikvm(15954): WAIT_FOR_CONCURRENT_GC blocked 4ms
02-03 12:44:19.281 D/dalvikvm(15954): GC_CONCURRENT freed 4021K, 47% free 9459K/17536K, paused 1ms+1ms, total 5ms
02-03 12:44:19.281 D/dalvikvm(15954): WAIT_FOR_CONCURRENT_GC blocked 4ms
02-03 12:44:19.291 D/dalvikvm(15954): GC_CONCURRENT freed 4040K, 47% free 9462K/17536K, paused 0ms+1ms, total 4ms
02-03 12:44:19.291 D/dalvikvm(15954): WAIT_FOR_CONCURRENT_GC blocked 5ms
02-03 12:44:19.301 D/dalvikvm(15954): GC_CONCURRENT freed 4059K, 47% free 9464K/17536K, paused 1ms+1ms, total 5ms
02-03 12:44:19.301 D/dalvikvm(15954): WAIT_FOR_CONCURRENT_GC blocked 4ms
02-03 12:44:19.311 D/dalvikvm(15954): GC_CONCURRENT freed 4078K, 47% free 9467K/17536K, paused 0ms+1ms, total 5ms
02-03 12:44:19.311 D/dalvikvm(15954): WAIT_FOR_CONCURRENT_GC blocked 4ms
02-03 12:44:19.311 D/dalvikvm(15954): GC_FOR_ALLOC freed 3656K, 46% free 9615K/17536K, paused 4ms, total 4ms
02-03 12:44:19.321 D/dalvikvm(15954): GC_FOR_ALLOC freed 4113K, 47% free 9325K/17536K, paused 4ms, total 4ms
02-03 12:44:19.331 D/dalvikvm(15954): GC_FOR_ALLOC freed 3837K, 48% free 9179K/17536K, paused 4ms, total 4ms
02-03 12:44:19.331 D/dalvikvm(15954): GC_FOR_ALLOC freed 3407K, 46% free 9625K/17536K, paused 4ms, total 4ms
02-03 12:44:19.341 D/dalvikvm(15954): GC_FOR_ALLOC freed 4165K, 47% free 9330K/17536K, paused 4ms, total 4ms
02-03 12:44:19.351 D/dalvikvm(15954): GC_FOR_ALLOC freed 3885K, 48% free 9183K/17536K, paused 4ms, total 4ms
02-03 12:44:19.351 D/dalvikvm(15954): GC_FOR_ALLOC freed 3449K, 46% free 9634K/17536K, paused 4ms, total 5ms
02-03 12:44:19.361 D/dalvikvm(15954): GC_FOR_ALLOC freed 4217K, 47% free 9336K/17536K, paused 4ms, total 4ms
02-03 12:44:19.371 D/dalvikvm(15954): GC_FOR_ALLOC freed 3933K, 48% free 9187K/17536K, paused 4ms, total 4ms
02-03 12:44:19.371 D/dalvikvm(15954): GC_FOR_ALLOC freed 3492K, 46% free 9643K/17536K, paused 4ms, total 4ms
02-03 12:44:19.381 D/dalvikvm(15954): GC_FOR_ALLOC freed 4269K, 47% free 9341K/17536K, paused 4ms, total 4ms
02-03 12:44:19.391 D/dalvikvm(15954): GC_FOR_ALLOC freed 3981K, 48% free 9191K/17536K, paused 4ms, total 4ms
02-03 12:44:19.391 D/dalvikvm(15954): GC_FOR_ALLOC freed 3534K, 45% free 9652K/17536K, paused 4ms, total 4ms
02-03 12:44:19.401 D/dalvikvm(15954): GC_CONCURRENT freed 3244K, 41% free 10423K/17536K, paused 1ms+1ms, total 6ms
02-03 12:44:19.401 D/dalvikvm(15954): WAIT_FOR_CONCURRENT_GC blocked 2ms
02-03 12:44:19.411 D/dalvikvm(15954): GC_FOR_ALLOC freed 5105K, 48% free 9194K/17536K, paused 4ms, total 4ms
02-03 12:44:19.411 D/dalvikvm(15954): GC_FOR_ALLOC freed 3577K, 45% free 9661K/17536K, paused 4ms, total 4ms
02-03 12:44:19.421 D/dalvikvm(15954): GC_CONCURRENT freed 3282K, 41% free 10442K/17536K, paused 1ms+2ms, total 6ms
02-03 12:44:19.431 D/dalvikvm(15954): GC_FOR_ALLOC freed 5167K, 48% free 9198K/17536K, paused 4ms, total 4ms
02-03 12:44:19.431 D/dalvikvm(15954): GC_CONCURRENT freed 3619K, 45% free 9671K/17536K, paused 0ms+0ms, total 5ms
02-03 12:44:19.431 D/dalvikvm(15954): WAIT_FOR_CONCURRENT_GC blocked 4ms
02-03 12:44:19.441 D/dalvikvm(15954): GC_FOR_ALLOC freed 4107K, 48% free 9200K/17536K, paused 4ms, total 4ms
02-03 12:44:19.451 D/dalvikvm(15954): GC_FOR_ALLOC freed 3646K, 47% free 9359K/17536K, paused 4ms, total 4ms
02-03 12:44:19.461 D/dalvikvm(15954): GC_CONCURRENT freed 3820K, 46% free 9521K/17536K, paused 1ms+1ms, total 6ms
02-03 12:44:19.461 D/dalvikvm(15954): WAIT_FOR_CONCURRENT_GC blocked 4ms
02-03 12:44:19.461 D/dalvikvm(15954): GC_FOR_ALLOC freed 3992K, 47% free 9363K/17536K, paused 4ms, total 4ms
02-03 12:44:19.471 D/dalvikvm(15954): GC_CONCURRENT freed 3850K, 46% free 9526K/17536K, paused 1ms+1ms, total 5ms
02-03 12:44:19.471 D/dalvikvm(15954): WAIT_FOR_CONCURRENT_GC blocked 4ms
02-03 12:44:19.481 D/dalvikvm(15954): GC_FOR_ALLOC freed 4023K, 47% free 9367K/17536K, paused 4ms, total 4ms
02-03 12:44:19.481 D/dalvikvm(15954): GC_CONCURRENT freed 3878K, 46% free 9531K/17536K, paused 0ms+1ms, total 5ms
02-03 12:44:19.481 D/dalvikvm(15954): WAIT_FOR_CONCURRENT_GC blocked 4ms
02-03 12:44:19.491 D/dalvikvm(15954): GC_FOR_ALLOC freed 4053K, 47% free 9370K/17536K, paused 4ms, total 4ms
02-03 12:44:19.501 D/dalvikvm(15954): GC_CONCURRENT freed 3907K, 46% free 9536K/17536K, paused 1ms+1ms, total 6ms
02-03 12:44:19.501 D/dalvikvm(15954): WAIT_FOR_CONCURRENT_GC blocked 4ms
02-03 12:44:19.511 D/dalvikvm(15954): GC_FOR_ALLOC freed 4084K, 47% free 9374K/17536K, paused 4ms, total 4ms
02-03 12:44:19.511 D/dalvikvm(15954): GC_FOR_ALLOC freed 3444K, 45% free 9704K/17536K, paused 4ms, total 4ms
02-03 12:44:19.521 D/dalvikvm(15954): GC_FOR_ALLOC freed 4281K, 48% free 9214K/17536K, paused 4ms, total 4ms
02-03 12:44:19.531 D/dalvikvm(15954): GC_FOR_ALLOC freed 3801K, 47% free 9379K/17536K, paused 4ms, total 4ms
02-03 12:44:19.531 D/dalvikvm(15954): GC_FOR_ALLOC freed 3481K, 45% free 9712K/17536K, paused 4ms, total 4ms
02-03 12:44:19.541 D/dalvikvm(15954): GC_FOR_ALLOC freed 4323K, 48% free 9217K/17536K, paused 4ms, total 4ms
02-03 12:44:19.551 D/dalvikvm(15954): GC_CONCURRENT freed 3835K, 47% free 9384K/17536K, paused 1ms+1ms, total 5ms
02-03 12:44:19.551 D/dalvikvm(15954): WAIT_FOR_CONCURRENT_GC blocked 4ms
02-03 12:44:19.551 D/dalvikvm(15954): GC_FOR_ALLOC freed 3513K, 45% free 9720K/17536K, paused 4ms, total 4ms
02-03 12:44:19.561 D/dalvikvm(15954): GC_FOR_ALLOC freed 4362K, 48% free 9220K/17536K, paused 4ms, total 4ms
02-03 12:44:19.571 D/dalvikvm(15954): GC_CONCURRENT freed 3870K, 47% free 9389K/17536K, paused 1ms+1ms, total 6ms
02-03 12:44:19.571 D/dalvikvm(15954): WAIT_FOR_CONCURRENT_GC blocked 4ms
02-03 12:44:19.581 D/dalvikvm(15954): GC_FOR_ALLOC freed 3544K, 45% free 9727K/17536K, paused 4ms, total 4ms
02-03 12:44:19.581 D/dalvikvm(15954): GC_FOR_ALLOC freed 4426K, 48% free 9224K/17536K, paused 4ms, total 4ms
02-03 12:44:19.591 D/dalvikvm(15954): GC_FOR_ALLOC freed 3749K, 47% free 9413K/17536K, paused 5ms, total 5ms
02-03 12:44:19.601 D/dalvikvm(15954): GC_FOR_ALLOC freed 3753K, 47% free 9424K/17536K, paused 4ms, total 4ms
02-03 12:44:19.611 D/dalvikvm(15954): GC_FOR_ALLOC freed 3596K, 47% free 9363K/17536K, paused 4ms, total 4ms
02-03 12:44:19.681 D/dalvikvm(15954): GC_CONCURRENT freed 4503K, 49% free 8949K/17536K, paused 1ms+1ms, total 7ms
02-03 12:44:19.681 D/dalvikvm(15954): WAIT_FOR_CONCURRENT_GC blocked 6ms
02-03 12:44:19.691 D/dalvikvm(15954): GC_CONCURRENT freed 4005K, 49% free 9032K/17536K, paused 1ms+0ms, total 5ms
02-03 12:44:19.691 D/dalvikvm(15954): WAIT_FOR_CONCURRENT_GC blocked 4ms
02-03 12:44:19.701 D/dalvikvm(15954): GC_CONCURRENT freed 4056K, 49% free 9072K/17536K, paused 0ms+1ms, total 5ms
02-03 12:44:19.701 D/dalvikvm(15954): WAIT_FOR_CONCURRENT_GC blocked 5ms
02-03 12:44:19.711 D/dalvikvm(15954): GC_FOR_ALLOC freed 4138K, 49% free 9010K/17536K, paused 4ms, total 4ms
02-03 12:44:19.721 D/dalvikvm(15954): GC_CONCURRENT freed 2784K, 48% free 9141K/17536K, paused 1ms+1ms, total 6ms
02-03 12:44:19.731 D/dalvikvm(15954): GC_CONCURRENT freed 4129K, 49% free 9039K/17536K, paused 1ms+1ms, total 5ms
02-03 12:44:19.731 D/dalvikvm(15954): WAIT_FOR_CONCURRENT_GC blocked 5ms
02-03 12:44:19.731 D/dalvikvm(15954): GC_CONCURRENT freed 4050K, 49% free 9047K/17536K, paused 1ms+1ms, total 5ms
02-03 12:44:19.741 D/dalvikvm(15954): WAIT_FOR_CONCURRENT_GC blocked 5ms
02-03 12:44:19.741 D/dalvikvm(15954): GC_CONCURRENT freed 4085K, 49% free 9014K/17536K, paused 1ms+1ms, total 5ms
02-03 12:44:19.741 D/dalvikvm(15954): WAIT_FOR_CONCURRENT_GC blocked 4ms
02-03 12:44:19.751 D/dalvikvm(15954): GC_CONCURRENT freed 4002K, 49% free 9087K/17536K, paused 0ms+2ms, total 6ms
02-03 12:44:19.751 D/dalvikvm(15954): WAIT_FOR_CONCURRENT_GC blocked 5ms
02-03 12:44:19.761 D/dalvikvm(15954): GC_CONCURRENT freed 3996K, 48% free 9122K/17536K, paused 0ms+0ms, total 5ms
02-03 12:44:19.761 D/dalvikvm(15954): WAIT_FOR_CONCURRENT_GC blocked 4ms
02-03 12:44:19.771 D/dalvikvm(15954): GC_CONCURRENT freed 4060K, 49% free 9093K/17536K, paused 1ms+1ms, total 6ms
02-03 12:44:19.771 D/dalvikvm(15954): WAIT_FOR_CONCURRENT_GC blocked 4ms
02-03 12:44:19.781 D/dalvikvm(15954): GC_CONCURRENT freed 4033K, 48% free 9136K/17536K, paused 1ms+1ms, total 5ms
02-03 12:44:19.781 D/dalvikvm(15954): WAIT_FOR_CONCURRENT_GC blocked 5ms
02-03 12:44:19.791 D/dalvikvm(15954): GC_CONCURRENT freed 4042K, 48% free 9141K/17536K, paused 0ms+1ms, total 5ms
02-03 12:44:19.791 D/dalvikvm(15954): WAIT_FOR_CONCURRENT_GC blocked 4ms
02-03 12:44:19.801 D/dalvikvm(15954): GC_CONCURRENT freed 4027K, 49% free 9104K/17536K, paused 1ms+1ms, total 6ms
02-03 12:44:19.801 D/dalvikvm(15954): WAIT_FOR_CONCURRENT_GC blocked 4ms
02-03 12:44:19.811 D/dalvikvm(15954): GC_CONCURRENT freed 4044K, 49% free 9107K/17536K, paused 1ms+1ms, total 5ms
02-03 12:44:19.811 D/dalvikvm(15954): WAIT_FOR_CONCURRENT_GC blocked 5ms
02-03 12:44:19.811 D/dalvikvm(15954): GC_CONCURRENT freed 4042K, 48% free 9160K/17536K, paused 0ms+0ms, total 5ms
02-03 12:44:19.811 D/dalvikvm(15954): WAIT_FOR_CONCURRENT_GC blocked 4ms
02-03 12:44:19.821 D/dalvikvm(15954): GC_CONCURRENT freed 3975K, 48% free 9269K/17536K, paused 1ms+1ms, total 5ms
02-03 12:44:19.821 D/dalvikvm(15954): WAIT_FOR_CONCURRENT_GC blocked 4ms
02-03 12:44:19.831 D/dalvikvm(15954): GC_FOR_ALLOC freed 4097K, 48% free 9168K/17536K, paused 5ms, total 5ms
02-03 12:44:19.841 D/dalvikvm(15954): GC_CONCURRENT freed 3460K, 46% free 9580K/17536K, paused 1ms+2ms, total 6ms
02-03 12:44:19.841 D/dalvikvm(15954): GC_CONCURRENT freed 4485K, 48% free 9156K/17536K, paused 1ms+1ms, total 5ms
02-03 12:44:19.841 D/dalvikvm(15954): WAIT_FOR_CONCURRENT_GC blocked 4ms
02-03 12:44:19.851 D/dalvikvm(15954): GC_CONCURRENT freed 4051K, 48% free 9157K/17536K, paused 1ms+1ms, total 7ms
02-03 12:44:19.851 D/dalvikvm(15954): WAIT_FOR_CONCURRENT_GC blocked 5ms
02-03 12:44:19.861 D/dalvikvm(15954): GC_FOR_ALLOC freed 3974K, 48% free 9218K/17536K, paused 4ms, total 4ms
02-03 12:44:19.871 D/dalvikvm(15954): GC_CONCURRENT freed 3156K, 46% free 9583K/17536K, paused 1ms+1ms, total 6ms
02-03 12:44:19.871 D/dalvikvm(15954): GC_FOR_ALLOC freed 4451K, 49% free 9041K/17536K, paused 4ms, total 4ms
02-03 12:44:19.881 D/dalvikvm(15954): GC_CONCURRENT freed 3860K, 48% free 9171K/17536K, paused 0ms+1ms, total 5ms
02-03 12:44:19.881 D/dalvikvm(15954): WAIT_FOR_CONCURRENT_GC blocked 4ms
02-03 12:44:19.891 D/dalvikvm(15954): GC_CONCURRENT freed 4075K, 48% free 9172K/17536K, paused 1ms+1ms, total 5ms
02-03 12:44:19.891 D/dalvikvm(15954): WAIT_FOR_CONCURRENT_GC blocked 5ms
02-03 12:44:19.901 D/dalvikvm(15954): GC_CONCURRENT freed 3958K, 48% free 9239K/17536K, paused 0ms+1ms, total 5ms
02-03 12:44:19.901 D/dalvikvm(15954): WAIT_FOR_CONCURRENT_GC blocked 4ms
02-03 12:44:19.911 D/dalvikvm(15954): GC_FOR_ALLOC freed 4104K, 49% free 9039K/17536K, paused 4ms, total 4ms
02-03 12:44:19.911 D/dalvikvm(15954): GC_FOR_ALLOC freed 3976K, 49% free 9106K/17536K, paused 4ms, total 4ms
02-03 12:44:19.921 D/dalvikvm(15954): GC_CONCURRENT freed 3563K, 46% free 9482K/17536K, paused 1ms+1ms, total 7ms
02-03 12:44:19.931 D/dalvikvm(15954): GC_FOR_ALLOC freed 4318K, 48% free 9137K/17536K, paused 4ms, total 4ms
02-03 12:44:19.931 D/dalvikvm(15954): GC_CONCURRENT freed 3389K, 46% free 9569K/17536K, paused 1ms+1ms, total 6ms
02-03 12:44:19.941 D/dalvikvm(15954): GC_FOR_ALLOC freed 4239K, 48% free 9287K/17536K, paused 4ms, total 4ms
02-03 12:44:19.951 D/dalvikvm(15954): GC_FOR_ALLOC freed 4166K, 48% free 9140K/17536K, paused 4ms, total 4ms
02-03 12:44:19.961 D/dalvikvm(15954): GC_CONCURRENT freed 3708K, 47% free 9437K/17536K, paused 2ms+1ms, total 8ms
02-03 12:44:19.961 D/dalvikvm(15954): WAIT_FOR_CONCURRENT_GC blocked 3ms
02-03 12:44:19.961 D/dalvikvm(15954): GC_CONCURRENT freed 4284K, 48% free 9139K/17536K, paused 1ms+1ms, total 5ms
02-03 12:44:19.961 D/dalvikvm(15954): WAIT_FOR_CONCURRENT_GC blocked 4ms
02-03 12:44:19.971 D/dalvikvm(15954): GC_FOR_ALLOC freed 3811K, 48% free 9293K/17536K, paused 4ms, total 4ms
02-03 12:44:19.981 D/dalvikvm(15954): GC_CONCURRENT freed 4097K, 48% free 9221K/17536K, paused 1ms+1ms, total 5ms
02-03 12:44:19.981 D/dalvikvm(15954): WAIT_FOR_CONCURRENT_GC blocked 4ms
02-03 12:44:19.991 D/dalvikvm(15954): GC_FOR_ALLOC freed 4078K, 49% free 9061K/17536K, paused 4ms, total 4ms
02-03 12:44:19.991 D/dalvikvm(15954): GC_CONCURRENT freed 3808K, 48% free 9257K/17536K, paused 0ms+1ms, total 5ms
02-03 12:44:19.991 D/dalvikvm(15954): WAIT_FOR_CONCURRENT_GC blocked 4ms
02-03 12:44:20.001 D/dalvikvm(15954): GC_CONCURRENT freed 4026K, 48% free 9258K/17536K, paused 1ms+1ms, total 5ms
02-03 12:44:20.001 D/dalvikvm(15954): WAIT_FOR_CONCURRENT_GC blocked 4ms
02-03 12:44:20.011 D/dalvikvm(15954): GC_CONCURRENT freed 4080K, 48% free 9258K/17536K, paused 1ms+1ms, total 5ms
02-03 12:44:20.011 D/dalvikvm(15954): WAIT_FOR_CONCURRENT_GC blocked 4ms
02-03 12:44:20.021 D/dalvikvm(15954): GC_FOR_ALLOC freed 3875K, 47% free 9346K/17536K, paused 4ms, total 4ms
02-03 12:44:20.021 D/dalvikvm(15954): GC_FOR_ALLOC freed 4182K, 48% free 9176K/17536K, paused 4ms, total 4ms
02-03 12:44:20.031 D/dalvikvm(15954): GC_CONCURRENT freed 3453K, 45% free 9694K/17536K, paused 1ms+1ms, total 6ms
02-03 12:44:20.041 D/dalvikvm(15954): GC_FOR_ALLOC freed 4446K, 48% free 9178K/17536K, paused 4ms, total 4ms
02-03 12:44:20.051 D/dalvikvm(15954): GC_CONCURRENT freed 3971K, 48% free 9270K/17536K, paused 1ms+1ms, total 6ms
02-03 12:44:20.051 D/dalvikvm(15954): WAIT_FOR_CONCURRENT_GC blocked 4ms
02-03 12:44:20.051 D/dalvikvm(15954): GC_CONCURRENT freed 4105K, 48% free 9180K/17536K, paused 1ms+0ms, total 6ms
02-03 12:44:20.051 D/dalvikvm(15954): WAIT_FOR_CONCURRENT_GC blocked 5ms
02-03 12:44:20.061 D/dalvikvm(15954): GC_FOR_ALLOC freed 3786K, 47% free 9363K/17536K, paused 4ms, total 4ms
02-03 12:44:20.071 D/dalvikvm(15954): GC_CONCURRENT freed 3464K, 45% free 9727K/17536K, paused 1ms+1ms, total 6ms
02-03 12:44:20.081 D/dalvikvm(15954): GC_CONCURRENT freed 4498K, 48% free 9281K/17536K, paused 1ms+1ms, total 6ms
02-03 12:44:20.081 D/dalvikvm(15954): WAIT_FOR_CONCURRENT_GC blocked 5ms
02-03 12:44:20.081 D/dalvikvm(15954): GC_FOR_ALLOC freed 4091K, 49% free 9094K/17536K, paused 4ms, total 4ms
02-03 12:44:20.091 D/dalvikvm(15954): GC_FOR_ALLOC freed 3940K, 49% free 9096K/17536K, paused 4ms, total 4ms
02-03 12:44:20.101 D/dalvikvm(15954): GC_CONCURRENT freed 3788K, 48% free 9288K/17536K, paused 0ms+1ms, total 5ms
02-03 12:44:20.101 D/dalvikvm(15954): WAIT_FOR_CONCURRENT_GC blocked 4ms
02-03 12:44:20.111 D/dalvikvm(15954): GC_CONCURRENT freed 4014K, 48% free 9291K/17536K, paused 0ms+1ms, total 5ms
02-03 12:44:20.111 D/dalvikvm(15954): WAIT_FOR_CONCURRENT_GC blocked 4ms
02-03 12:44:20.111 D/dalvikvm(15954): GC_CONCURRENT freed 4055K, 48% free 9291K/17536K, paused 1ms+1ms, total 5ms
02-03 12:44:20.111 D/dalvikvm(15954): WAIT_FOR_CONCURRENT_GC blocked 4ms
02-03 12:44:20.121 D/dalvikvm(15954): GC_CONCURRENT freed 4089K, 47% free 9294K/17536K, paused 1ms+1ms, total 5ms
02-03 12:44:20.121 D/dalvikvm(15954): WAIT_FOR_CONCURRENT_GC blocked 4ms
02-03 12:44:20.131 D/dalvikvm(15954): GC_FOR_ALLOC freed 3830K, 47% free 9396K/17536K, paused 5ms, total 5ms
02-03 12:44:20.141 D/dalvikvm(15954): GC_FOR_ALLOC freed 4162K, 48% free 9201K/17536K, paused 4ms, total 4ms
02-03 12:44:20.141 D/dalvikvm(15954): GC_CONCURRENT freed 3701K, 47% free 9403K/17536K, paused 0ms+1ms, total 6ms
02-03 12:44:20.141 D/dalvikvm(15954): WAIT_FOR_CONCURRENT_GC blocked 2ms
02-03 12:44:20.151 D/dalvikvm(15954): GC_CONCURRENT freed 4027K, 47% free 9408K/17536K, paused 0ms+1ms, total 5ms
02-03 12:44:20.151 D/dalvikvm(15954): WAIT_FOR_CONCURRENT_GC blocked 4ms
02-03 12:44:20.161 D/dalvikvm(15954): GC_CONCURRENT freed 4268K, 48% free 9210K/17536K, paused 1ms+1ms, total 6ms
02-03 12:44:20.161 D/dalvikvm(15954): WAIT_FOR_CONCURRENT_GC blocked 4ms
02-03 12:44:20.171 D/dalvikvm(15954): GC_CONCURRENT freed 3898K, 47% free 9315K/17536K, paused 1ms+1ms, total 5ms
02-03 12:44:20.171 D/dalvikvm(15954): WAIT_FOR_CONCURRENT_GC blocked 4ms
02-03 12:44:20.171 D/dalvikvm(15954): GC_FOR_ALLOC freed 4031K, 48% free 9214K/17536K, paused 4ms, total 4ms
02-03 12:44:20.181 D/dalvikvm(15954): GC_CONCURRENT freed 3962K, 47% free 9322K/17536K, paused 0ms+0ms, total 5ms
02-03 12:44:20.181 D/dalvikvm(15954): WAIT_FOR_CONCURRENT_GC blocked 4ms
02-03 12:44:20.191 D/dalvikvm(15954): GC_CONCURRENT freed 4099K, 48% free 9220K/17536K, paused 1ms+1ms, total 5ms
02-03 12:44:20.191 D/dalvikvm(15954): WAIT_FOR_CONCURRENT_GC blocked 4ms
02-03 12:44:20.201 D/dalvikvm(15954): GC_FOR_ALLOC freed 3708K, 47% free 9434K/17536K, paused 4ms, total 4ms
02-03 12:44:20.201 D/dalvikvm(15954): GC_FOR_ALLOC freed 4270K, 49% free 9118K/17536K, paused 4ms, total 4ms
02-03 12:44:20.211 D/dalvikvm(15954): GC_FOR_ALLOC freed 3980K, 48% free 9227K/17536K, paused 4ms, total 4ms
02-03 12:44:20.221 D/dalvikvm(15954): GC_CONCURRENT freed 3036K, 42% free 10201K/17536K, paused 1ms+1ms, total 6ms
02-03 12:44:20.221 D/dalvikvm(15954): WAIT_FOR_CONCURRENT_GC blocked 2ms
02-03 12:44:20.231 D/dalvikvm(15954): GC_CONCURRENT freed 4903K, 47% free 9341K/17536K, paused 1ms+1ms, total 6ms
02-03 12:44:20.231 D/dalvikvm(15954): WAIT_FOR_CONCURRENT_GC blocked 4ms
02-03 12:44:20.231 D/dalvikvm(15954): GC_FOR_ALLOC freed 4066K, 48% free 9124K/17536K, paused 4ms, total 5ms
02-03 12:44:20.241 D/dalvikvm(15954): GC_FOR_ALLOC freed 3874K, 48% free 9126K/17536K, paused 4ms, total 4ms
02-03 12:44:20.251 D/dalvikvm(15954): GC_FOR_ALLOC freed 3900K, 48% free 9127K/17536K, paused 4ms, total 4ms
02-03 12:44:20.251 D/dalvikvm(15954): GC_FOR_ALLOC freed 3926K, 48% free 9129K/17536K, paused 5ms, total 5ms
02-03 12:44:20.261 D/dalvikvm(15954): GC_FOR_ALLOC freed 3952K, 48% free 9130K/17536K, paused 4ms, total 4ms
02-03 12:44:20.271 D/dalvikvm(15954): GC_CONCURRENT freed 3751K, 47% free 9359K/17536K, paused 0ms+1ms, total 5ms
02-03 12:44:20.271 D/dalvikvm(15954): WAIT_FOR_CONCURRENT_GC blocked 4ms
02-03 12:44:20.281 D/dalvikvm(15954): GC_CONCURRENT freed 4003K, 47% free 9362K/17536K, paused 1ms+1ms, total 5ms
02-03 12:44:20.281 D/dalvikvm(15954): WAIT_FOR_CONCURRENT_GC blocked 4ms
02-03 12:44:20.281 D/dalvikvm(15954): GC_CONCURRENT freed 4029K, 47% free 9365K/17536K, paused 1ms+1ms, total 5ms
02-03 12:44:20.281 D/dalvikvm(15954): WAIT_FOR_CONCURRENT_GC blocked 4ms
02-03 12:44:20.291 D/dalvikvm(15954): GC_CONCURRENT freed 4055K, 47% free 9368K/17536K, paused 1ms+1ms, total 6ms
02-03 12:44:20.291 D/dalvikvm(15954): WAIT_FOR_CONCURRENT_GC blocked 4ms
02-03 12:44:20.301 D/dalvikvm(15954): GC_CONCURRENT freed 4084K, 47% free 9372K/17536K, paused 0ms+0ms, total 5ms
02-03 12:44:20.301 D/dalvikvm(15954): WAIT_FOR_CONCURRENT_GC blocked 4ms
02-03 12:44:20.311 D/dalvikvm(15954): GC_FOR_ALLOC freed 3759K, 46% free 9492K/17536K, paused 4ms, total 4ms
02-03 12:44:20.311 D/dalvikvm(15954): GC_FOR_ALLOC freed 4140K, 48% free 9259K/17536K, paused 4ms, total 4ms
02-03 12:44:20.321 D/dalvikvm(15954): GC_FOR_ALLOC freed 3931K, 48% free 9143K/17536K, paused 4ms, total 4ms
02-03 12:44:20.331 D/dalvikvm(15954): GC_FOR_ALLOC freed 3596K, 46% free 9504K/17536K, paused 4ms, total 4ms
02-03 12:44:20.331 D/dalvikvm(15954): GC_FOR_ALLOC freed 4223K, 48% free 9266K/17536K, paused 4ms, total 4ms
02-03 12:44:20.341 D/dalvikvm(15954): GC_CONCURRENT freed 3162K, 44% free 9994K/17536K, paused 0ms+1ms, total 5ms
02-03 12:44:20.341 D/dalvikvm(15954): WAIT_FOR_CONCURRENT_GC blocked 2ms
02-03 12:44:20.351 D/dalvikvm(15954): GC_CONCURRENT freed 4512K, 46% free 9515K/17536K, paused 1ms+1ms, total 6ms
02-03 12:44:20.351 D/dalvikvm(15954): WAIT_FOR_CONCURRENT_GC blocked 4ms
02-03 12:44:20.361 D/dalvikvm(15954): GC_CONCURRENT freed 4305K, 48% free 9273K/17536K, paused 1ms+1ms, total 6ms
02-03 12:44:20.361 D/dalvikvm(15954): WAIT_FOR_CONCURRENT_GC blocked 4ms
02-03 12:44:20.361 D/dalvikvm(15954): GC_FOR_ALLOC freed 4087K, 48% free 9152K/17536K, paused 4ms, total 4ms
02-03 12:44:20.371 D/dalvikvm(15954): GC_FOR_ALLOC freed 3737K, 48% free 9278K/17536K, paused 4ms, total 4ms
02-03 12:44:20.381 D/dalvikvm(15954): GC_CONCURRENT freed 3886K, 47% free 9406K/17536K, paused 1ms+1ms, total 5ms
02-03 12:44:20.381 D/dalvikvm(15954): WAIT_FOR_CONCURRENT_GC blocked 5ms
02-03 12:44:20.391 D/dalvikvm(15954): GC_FOR_ALLOC freed 4033K, 48% free 9282K/17536K, paused 4ms, total 4ms
02-03 12:44:20.391 D/dalvikvm(15954): GC_CONCURRENT freed 3932K, 47% free 9412K/17536K, paused 0ms+0ms, total 5ms
02-03 12:44:20.391 D/dalvikvm(15954): WAIT_FOR_CONCURRENT_GC blocked 4ms
02-03 12:44:20.401 D/dalvikvm(15954): GC_FOR_ALLOC freed 4081K, 48% free 9287K/17536K, paused 4ms, total 4ms
02-03 12:44:20.411 D/dalvikvm(15954): GC_FOR_ALLOC freed 3592K, 46% free 9545K/17536K, paused 4ms, total 4ms
02-03 12:44:20.411 D/dalvikvm(15954): GC_FOR_ALLOC freed 4257K, 48% free 9162K/17536K, paused 4ms, total 4ms
02-03 12:44:20.421 D/dalvikvm(15954): GC_FOR_ALLOC freed 3892K, 48% free 9293K/17536K, paused 4ms, total 4ms
02-03 12:44:20.431 D/dalvikvm(15954): GC_CONCURRENT freed 2741K, 41% free 10467K/17536K, paused 0ms+1ms, total 5ms
02-03 12:44:20.431 D/dalvikvm(15954): WAIT_FOR_CONCURRENT_GC blocked 2ms
02-03 12:44:20.431 D/dalvikvm(15954): GC_FOR_ALLOC freed 5239K, 48% free 9167K/17536K, paused 4ms, total 4ms
02-03 12:44:20.441 D/dalvikvm(15954): GC_FOR_ALLOC freed 3957K, 47% free 9300K/17536K, paused 4ms, total 4ms
02-03 12:44:20.451 D/dalvikvm(15954): GC_CONCURRENT freed 3053K, 42% free 10227K/17536K, paused 1ms+2ms, total 6ms
02-03 12:44:20.451 D/dalvikvm(15954): WAIT_FOR_CONCURRENT_GC blocked 2ms
02-03 12:44:20.461 D/dalvikvm(15954): GC_CONCURRENT freed 4793K, 47% free 9438K/17536K, paused 1ms+1ms, total 6ms
02-03 12:44:20.461 D/dalvikvm(15954): WAIT_FOR_CONCURRENT_GC blocked 4ms
02-03 12:44:20.461 D/dalvikvm(15954): GC_FOR_ALLOC freed 4020K, 48% free 9172K/17536K, paused 4ms, total 4ms
02-03 12:44:20.471 D/dalvikvm(15954): GC_FOR_ALLOC freed 3773K, 48% free 9174K/17536K, paused 4ms, total 4ms
02-03 12:44:20.481 D/dalvikvm(15954): GC_FOR_ALLOC freed 3792K, 48% free 9175K/17536K, paused 4ms, total 4ms
02-03 12:44:20.481 D/dalvikvm(15954): GC_FOR_ALLOC freed 3811K, 48% free 9177K/17536K, paused 4ms, total 4ms
02-03 12:44:20.491 D/dalvikvm(15954): GC_FOR_ALLOC freed 3830K, 48% free 9178K/17536K, paused 4ms, total 4ms
02-03 12:44:20.491 D/dalvikvm(15954): GC_FOR_ALLOC freed 3849K, 48% free 9179K/17536K, paused 4ms, total 4ms
02-03 12:44:20.501 D/dalvikvm(15954): GC_FOR_ALLOC freed 3867K, 48% free 9181K/17536K, paused 4ms, total 4ms
02-03 12:44:20.511 D/dalvikvm(15954): GC_FOR_ALLOC freed 3886K, 48% free 9182K/17536K, paused 4ms, total 4ms
02-03 12:44:20.511 D/dalvikvm(15954): GC_FOR_ALLOC freed 3905K, 48% free 9183K/17536K, paused 4ms, total 4ms
02-03 12:44:20.521 D/dalvikvm(15954): GC_FOR_ALLOC freed 3924K, 48% free 9185K/17536K, paused 4ms, total 4ms
02-03 12:44:20.531 D/dalvikvm(15954): GC_FOR_ALLOC freed 3943K, 48% free 9186K/17536K, paused 4ms, total 4ms
02-03 12:44:20.531 D/dalvikvm(15954): GC_FOR_ALLOC freed 3961K, 48% free 9187K/17536K, paused 4ms, total 4ms
02-03 12:44:20.541 D/dalvikvm(15954): GC_CONCURRENT freed 3696K, 46% free 9473K/17536K, paused 1ms+1ms, total 6ms
02-03 12:44:20.541 D/dalvikvm(15954): WAIT_FOR_CONCURRENT_GC blocked 5ms
02-03 12:44:20.551 D/dalvikvm(15954): GC_CONCURRENT freed 3998K, 46% free 9476K/17536K, paused 1ms+1ms, total 5ms
02-03 12:44:20.551 D/dalvikvm(15954): WAIT_FOR_CONCURRENT_GC blocked 4ms
02-03 12:44:20.561 D/dalvikvm(15954): GC_CONCURRENT freed 4016K, 46% free 9479K/17536K, paused 0ms+1ms, total 5ms
02-03 12:44:20.561 D/dalvikvm(15954): WAIT_FOR_CONCURRENT_GC blocked 4ms
02-03 12:44:20.571 D/dalvikvm(15954): GC_CONCURRENT freed 4036K, 46% free 9481K/17536K, paused 0ms+0ms, total 5ms
02-03 12:44:20.571 D/dalvikvm(15954): WAIT_FOR_CONCURRENT_GC blocked 4ms
02-03 12:44:20.571 D/dalvikvm(15954): GC_CONCURRENT freed 4054K, 46% free 9484K/17536K, paused 0ms+1ms, total 5ms
02-03 12:44:20.571 D/dalvikvm(15954): WAIT_FOR_CONCURRENT_GC blocked 4ms
02-03 12:44:20.581 D/dalvikvm(15954): GC_CONCURRENT freed 4073K, 46% free 9486K/17536K, paused 1ms+1ms, total 5ms
02-03 12:44:20.581 D/dalvikvm(15954): WAIT_FOR_CONCURRENT_GC blocked 4ms
02-03 12:44:20.591 D/dalvikvm(15954): GC_CONCURRENT freed 4092K, 46% free 9489K/17536K, paused 1ms+1ms, total 6ms
02-03 12:44:20.591 D/dalvikvm(15954): WAIT_FOR_CONCURRENT_GC blocked 4ms
02-03 12:44:20.601 D/dalvikvm(15954): GC_FOR_ALLOC freed 3668K, 46% free 9638K/17536K, paused 4ms, total 4ms
02-03 12:44:20.601 D/dalvikvm(15954): GC_FOR_ALLOC freed 4127K, 47% free 9346K/17536K, paused 4ms, total 4ms
02-03 12:44:20.611 D/dalvikvm(15954): GC_FOR_ALLOC freed 3850K, 48% free 9200K/17536K, paused 4ms, total 4ms
02-03 12:44:20.621 D/dalvikvm(15954): GC_FOR_ALLOC freed 3418K, 45% free 9647K/17536K, paused 4ms, total 4ms
02-03 12:44:20.621 D/dalvikvm(15954): GC_FOR_ALLOC freed 4179K, 47% free 9352K/17536K, paused 4ms, total 4ms
02-03 12:44:20.631 D/dalvikvm(15954): GC_FOR_ALLOC freed 3898K, 48% free 9204K/17536K, paused 4ms, total 4ms
02-03 12:44:20.641 D/dalvikvm(15954): GC_FOR_ALLOC freed 3461K, 45% free 9656K/17536K, paused 4ms, total 4ms
02-03 12:44:20.641 D/dalvikvm(15954): GC_FOR_ALLOC freed 4231K, 47% free 9357K/17536K, paused 4ms, total 4ms
02-03 12:44:20.651 D/dalvikvm(15954): GC_FOR_ALLOC freed 3946K, 48% free 9208K/17536K, paused 4ms, total 4ms
02-03 12:44:20.661 D/dalvikvm(15954): GC_FOR_ALLOC freed 3503K, 45% free 9666K/17536K, paused 4ms, total 4ms
02-03 12:44:20.661 D/dalvikvm(15954): GC_CONCURRENT freed 4283K, 47% free 9363K/17536K, paused 1ms+1ms, total 5ms
02-03 12:44:20.661 D/dalvikvm(15954): WAIT_FOR_CONCURRENT_GC blocked 4ms
02-03 12:44:20.671 D/dalvikvm(15954): GC_FOR_ALLOC freed 3994K, 48% free 9212K/17536K, paused 4ms, total 4ms
02-03 12:44:20.681 D/dalvikvm(15954): GC_FOR_ALLOC freed 3546K, 45% free 9675K/17536K, paused 4ms, total 4ms
02-03 12:44:20.681 D/dalvikvm(15954): GC_CONCURRENT freed 3254K, 41% free 10449K/17536K, paused 0ms+1ms, total 5ms
02-03 12:44:20.691 D/dalvikvm(15954): GC_FOR_ALLOC freed 5122K, 48% free 9215K/17536K, paused 4ms, total 4ms
02-03 12:44:20.701 D/dalvikvm(15954): GC_FOR_ALLOC freed 3588K, 45% free 9684K/17536K, paused 4ms, total 4ms
02-03 12:44:20.701 D/dalvikvm(15954): GC_CONCURRENT freed 3293K, 41% free 10467K/17536K, paused 1ms+1ms, total 6ms
02-03 12:44:20.701 D/dalvikvm(15954): WAIT_FOR_CONCURRENT_GC blocked 2ms
02-03 12:44:20.711 D/dalvikvm(15954): GC_FOR_ALLOC freed 5183K, 48% free 9219K/17536K, paused 4ms, total 4ms
02-03 12:44:20.721 D/dalvikvm(15954): GC_FOR_ALLOC freed 3631K, 47% free 9377K/17536K, paused 4ms, total 4ms
02-03 12:44:20.721 D/dalvikvm(15954): GC_FOR_ALLOC freed 4121K, 48% free 9221K/17536K, paused 4ms, total 4ms
02-03 12:44:20.731 D/dalvikvm(15954): GC_FOR_ALLOC freed 3658K, 47% free 9381K/17536K, paused 4ms, total 4ms
02-03 12:44:20.741 D/dalvikvm(15954): GC_CONCURRENT freed 3832K, 46% free 9543K/17536K, paused 0ms+1ms, total 5ms
02-03 12:44:20.741 D/dalvikvm(15954): WAIT_FOR_CONCURRENT_GC blocked 4ms
02-03 12:44:20.751 D/dalvikvm(15954): GC_FOR_ALLOC freed 4006K, 47% free 9385K/17536K, paused 4ms, total 4ms
02-03 12:44:20.751 D/dalvikvm(15954): GC_CONCURRENT freed 3862K, 46% free 9548K/17536K, paused 1ms+1ms, total 6ms
02-03 12:44:20.751 D/dalvikvm(15954): WAIT_FOR_CONCURRENT_GC blocked 5ms
02-03 12:44:20.761 D/dalvikvm(15954): GC_FOR_ALLOC freed 4036K, 47% free 9388K/17536K, paused 6ms, total 6ms
02-03 12:44:20.771 D/dalvikvm(15954): GC_CONCURRENT freed 3891K, 46% free 9553K/17536K, paused 1ms+1ms, total 6ms
02-03 12:44:20.771 D/dalvikvm(15954): WAIT_FOR_CONCURRENT_GC blocked 3ms
02-03 12:44:20.791 D/dalvikvm(15954): GC_FOR_ALLOC freed 4066K, 47% free 9392K/17536K, paused 6ms, total 6ms
02-03 12:44:20.791 D/dalvikvm(15954): GC_CONCURRENT freed 3921K, 46% free 9558K/17536K, paused 1ms+1ms, total 5ms
02-03 12:44:20.791 D/dalvikvm(15954): WAIT_FOR_CONCURRENT_GC blocked 4ms
02-03 12:44:20.791 W/BindingManager(18937): Cannot call determinedVisibility() - never saw a connection for the pid: 18937
02-03 12:44:20.801 D/dalvikvm(15954): GC_FOR_ALLOC freed 4098K, 47% free 9396K/17536K, paused 7ms, total 7ms
02-03 12:44:20.821 D/dalvikvm(15954): GC_FOR_ALLOC freed 3456K, 45% free 9727K/17536K, paused 6ms, total 7ms
02-03 12:44:20.821 I/chromium(18937): [INFO:CONSOLE(46)] "Uncaught ReferenceError: SharedWorker is not defined", source: app://org.xwalk.webapi_noneservice_tests//opt/tct-workers-w3c-tests/workers/SharedWorkerLocation_portocol.html (46)
02-03 12:44:20.831 D/dalvikvm(15954): GC_FOR_ALLOC freed 4295K, 48% free 9235K/17536K, paused 5ms, total 5ms
02-03 12:44:20.841 D/dalvikvm(15954): GC_CONCURRENT freed 3811K, 47% free 9401K/17536K, paused 0ms+1ms, total 8ms
02-03 12:44:20.841 D/dalvikvm(15954): WAIT_FOR_CONCURRENT_GC blocked 5ms
02-03 12:44:20.851 D/dalvikvm(15954): GC_FOR_ALLOC freed 3491K, 45% free 9735K/17536K, paused 5ms, total 5ms
02-03 12:44:20.861 D/dalvikvm(15954): GC_FOR_ALLOC freed 4335K, 48% free 9238K/17536K, paused 5ms, total 5ms
02-03 12:44:20.861 D/dalvikvm(15954): GC_FOR_ALLOC freed 3846K, 47% free 9405K/17536K, paused 4ms, total 4ms
02-03 12:44:20.871 D/dalvikvm(15954): GC_CONCURRENT freed 2686K, 40% free 10578K/17536K, paused 1ms+1ms, total 6ms
02-03 12:44:20.871 D/dalvikvm(15954): WAIT_FOR_CONCURRENT_GC blocked 2ms
02-03 12:44:20.881 D/dalvikvm(15954): GC_FOR_ALLOC freed 5210K, 48% free 9241K/17536K, paused 4ms, total 4ms
02-03 12:44:20.881 D/dalvikvm(15954): GC_CONCURRENT freed 3880K, 47% free 9410K/17536K, paused 1ms+1ms, total 5ms
02-03 12:44:20.891 D/dalvikvm(15954): WAIT_FOR_CONCURRENT_GC blocked 5ms
02-03 12:44:20.891 D/dalvikvm(15954): GC_FOR_ALLOC freed 3556K, 45% free 9750K/17536K, paused 4ms, total 4ms
02-03 12:44:20.901 D/dalvikvm(15954): GC_FOR_ALLOC freed 4258K, 48% free 9268K/17536K, paused 4ms, total 4ms
02-03 12:44:20.911 D/dalvikvm(15954): GC_FOR_ALLOC freed 3753K, 48% free 9268K/17536K, paused 4ms, total 4ms
02-03 12:44:20.921 D/dalvikvm(15954): GC_CONCURRENT freed 3987K, 47% free 9355K/17536K, paused 0ms+1ms, total 4ms
02-03 12:44:20.921 D/dalvikvm(15954): WAIT_FOR_CONCURRENT_GC blocked 4ms
02-03 12:44:20.991 D/dalvikvm(15954): GC_CONCURRENT freed 4508K, 50% free 8937K/17536K, paused 1ms+1ms, total 7ms
02-03 12:44:20.991 D/dalvikvm(15954): WAIT_FOR_CONCURRENT_GC blocked 6ms
02-03 12:44:21.001 D/dalvikvm(15954): GC_CONCURRENT freed 3971K, 49% free 8944K/17536K, paused 1ms+1ms, total 5ms
02-03 12:44:21.011 D/dalvikvm(15954): GC_CONCURRENT freed 3937K, 49% free 9081K/17536K, paused 1ms+1ms, total 5ms
02-03 12:44:21.011 D/dalvikvm(15954): WAIT_FOR_CONCURRENT_GC blocked 4ms
02-03 12:44:21.021 D/dalvikvm(15954): GC_CONCURRENT freed 4099K, 49% free 9065K/17536K, paused 1ms+0ms, total 5ms
02-03 12:44:21.021 D/dalvikvm(15954): WAIT_FOR_CONCURRENT_GC blocked 4ms
02-03 12:44:21.031 D/dalvikvm(15954): GC_FOR_ALLOC freed 4113K, 49% free 9030K/17536K, paused 4ms, total 4ms
02-03 12:44:21.041 D/dalvikvm(15954): GC_CONCURRENT freed 2616K, 48% free 9230K/17536K, paused 0ms+1ms, total 5ms
02-03 12:44:21.051 D/dalvikvm(15954): GC_CONCURRENT freed 4216K, 49% free 9054K/17536K, paused 0ms+1ms, total 5ms
02-03 12:44:21.051 D/dalvikvm(15954): WAIT_FOR_CONCURRENT_GC blocked 4ms
02-03 12:44:21.061 D/dalvikvm(15954): GC_CONCURRENT freed 4066K, 49% free 9022K/17536K, paused 0ms+1ms, total 5ms
02-03 12:44:21.061 D/dalvikvm(15954): WAIT_FOR_CONCURRENT_GC blocked 4ms
02-03 12:44:21.061 D/dalvikvm(15954): GC_FOR_ALLOC freed 3985K, 49% free 9094K/17536K, paused 4ms, total 4ms
02-03 12:44:21.071 D/dalvikvm(15954): GC_CONCURRENT freed 2748K, 47% free 9320K/17536K, paused 1ms+1ms, total 5ms
02-03 12:44:21.081 D/dalvikvm(15954): GC_CONCURRENT freed 4294K, 49% free 9106K/17536K, paused 1ms+1ms, total 5ms
02-03 12:44:21.081 D/dalvikvm(15954): WAIT_FOR_CONCURRENT_GC blocked 4ms
02-03 12:44:21.091 D/dalvikvm(15954): GC_CONCURRENT freed 4094K, 49% free 9027K/17536K, paused 0ms+1ms, total 4ms
02-03 12:44:21.091 D/dalvikvm(15954): WAIT_FOR_CONCURRENT_GC blocked 4ms
02-03 12:44:21.091 D/dalvikvm(15954): GC_CONCURRENT freed 3988K, 49% free 9061K/17536K, paused 1ms+0ms, total 5ms
02-03 12:44:21.091 D/dalvikvm(15954): WAIT_FOR_CONCURRENT_GC blocked 4ms
02-03 12:44:21.101 D/dalvikvm(15954): GC_CONCURRENT freed 3975K, 49% free 9114K/17536K, paused 1ms+1ms, total 5ms
02-03 12:44:21.101 D/dalvikvm(15954): WAIT_FOR_CONCURRENT_GC blocked 4ms
02-03 12:44:21.111 D/dalvikvm(15954): GC_CONCURRENT freed 3994K, 49% free 9117K/17536K, paused 0ms+0ms, total 5ms
02-03 12:44:21.111 D/dalvikvm(15954): WAIT_FOR_CONCURRENT_GC blocked 4ms
02-03 12:44:21.121 D/dalvikvm(15954): GC_FOR_ALLOC freed 3994K, 48% free 9169K/17536K, paused 4ms, total 4ms
02-03 12:44:21.121 D/dalvikvm(15954): GC_CONCURRENT freed 3004K, 46% free 9474K/17536K, paused 1ms+1ms, total 6ms
02-03 12:44:21.131 D/dalvikvm(15954): GC_CONCURRENT freed 4387K, 48% free 9128K/17536K, paused 0ms+1ms, total 5ms
02-03 12:44:21.131 D/dalvikvm(15954): WAIT_FOR_CONCURRENT_GC blocked 4ms
02-03 12:44:21.141 D/dalvikvm(15954): GC_FOR_ALLOC freed 3997K, 48% free 9184K/17536K, paused 4ms, total 4ms
02-03 12:44:21.151 D/dalvikvm(15954): GC_CONCURRENT freed 2885K, 46% free 9517K/17536K, paused 1ms+1ms, total 6ms
02-03 12:44:21.161 D/dalvikvm(15954): GC_CONCURRENT freed 4361K, 48% free 9137K/17536K, paused 1ms+1ms, total 6ms
02-03 12:44:21.161 D/dalvikvm(15954): WAIT_FOR_CONCURRENT_GC blocked 5ms
02-03 12:44:21.161 D/dalvikvm(15954): GC_CONCURRENT freed 4077K, 48% free 9144K/17536K, paused 1ms+1ms, total 5ms
02-03 12:44:21.161 D/dalvikvm(15954): WAIT_FOR_CONCURRENT_GC blocked 4ms
02-03 12:44:21.171 D/dalvikvm(15954): GC_CONCURRENT freed 4005K, 48% free 9205K/17536K, paused 1ms+1ms, total 5ms
02-03 12:44:21.171 D/dalvikvm(15954): WAIT_FOR_CONCURRENT_GC blocked 4ms
02-03 12:44:21.181 D/dalvikvm(15954): GC_CONCURRENT freed 4036K, 48% free 9151K/17536K, paused 0ms+1ms, total 5ms
02-03 12:44:21.181 D/dalvikvm(15954): WAIT_FOR_CONCURRENT_GC blocked 4ms
02-03 12:44:21.191 D/dalvikvm(15954): GC_FOR_ALLOC freed 4068K, 49% free 9026K/17536K, paused 4ms, total 4ms
02-03 12:44:21.201 D/dalvikvm(15954): GC_CONCURRENT freed 3897K, 48% free 9189K/17536K, paused 1ms+0ms, total 5ms
02-03 12:44:21.201 D/dalvikvm(15954): WAIT_FOR_CONCURRENT_GC blocked 4ms
02-03 12:44:21.201 D/dalvikvm(15954): GC_FOR_ALLOC freed 3913K, 48% free 9255K/17536K, paused 4ms, total 4ms
02-03 12:44:21.211 D/dalvikvm(15954): GC_CONCURRENT freed 3460K, 45% free 9654K/17536K, paused 1ms+2ms, total 6ms
02-03 12:44:21.221 D/dalvikvm(15954): GC_CONCURRENT freed 4527K, 48% free 9128K/17536K, paused 1ms+1ms, total 5ms
02-03 12:44:21.221 D/dalvikvm(15954): WAIT_FOR_CONCURRENT_GC blocked 4ms
02-03 12:44:21.221 D/dalvikvm(15954): GC_CONCURRENT freed 3866K, 48% free 9266K/17536K, paused 1ms+1ms, total 5ms
02-03 12:44:21.221 D/dalvikvm(15954): WAIT_FOR_CONCURRENT_GC blocked 4ms
02-03 12:44:21.231 D/dalvikvm(15954): GC_CONCURRENT freed 4141K, 48% free 9202K/17536K, paused 1ms+1ms, total 5ms
02-03 12:44:21.231 D/dalvikvm(15954): WAIT_FOR_CONCURRENT_GC blocked 4ms
02-03 12:44:21.241 D/dalvikvm(15954): GC_CONCURRENT freed 3999K, 48% free 9207K/17536K, paused 0ms+1ms, total 4ms
02-03 12:44:21.241 D/dalvikvm(15954): WAIT_FOR_CONCURRENT_GC blocked 4ms
02-03 12:44:21.251 D/dalvikvm(15954): GC_CONCURRENT freed 4066K, 48% free 9212K/17536K, paused 0ms+1ms, total 6ms
02-03 12:44:21.251 D/dalvikvm(15954): WAIT_FOR_CONCURRENT_GC blocked 5ms
02-03 12:44:21.261 D/dalvikvm(15954): GC_CONCURRENT freed 3912K, 48% free 9286K/17536K, paused 1ms+1ms, total 5ms
02-03 12:44:21.261 D/dalvikvm(15954): WAIT_FOR_CONCURRENT_GC blocked 4ms
02-03 12:44:21.271 D/dalvikvm(15954): GC_FOR_ALLOC freed 4200K, 48% free 9137K/17536K, paused 4ms, total 4ms
02-03 12:44:21.271 D/dalvikvm(15954): GC_CONCURRENT freed 3043K, 46% free 9593K/17536K, paused 1ms+1ms, total 5ms
02-03 12:44:21.281 D/dalvikvm(15954): GC_CONCURRENT freed 4465K, 48% free 9140K/17536K, paused 0ms+1ms, total 5ms
02-03 12:44:21.281 D/dalvikvm(15954): WAIT_FOR_CONCURRENT_GC blocked 4ms
02-03 12:44:21.291 D/dalvikvm(15954): GC_CONCURRENT freed 3833K, 47% free 9296K/17536K, paused 0ms+1ms, total 5ms
02-03 12:44:21.291 D/dalvikvm(15954): WAIT_FOR_CONCURRENT_GC blocked 4ms
02-03 12:44:21.301 D/dalvikvm(15954): GC_CONCURRENT freed 4124K, 48% free 9218K/17536K, paused 0ms+1ms, total 5ms
02-03 12:44:21.301 D/dalvikvm(15954): WAIT_FOR_CONCURRENT_GC blocked 4ms
02-03 12:44:21.301 D/dalvikvm(15954): GC_CONCURRENT freed 3937K, 48% free 9255K/17536K, paused 0ms+1ms, total 4ms
02-03 12:44:21.301 D/dalvikvm(15954): WAIT_FOR_CONCURRENT_GC blocked 4ms
02-03 12:44:21.311 D/dalvikvm(15954): GC_CONCURRENT freed 3996K, 48% free 9255K/17536K, paused 0ms+1ms, total 4ms
02-03 12:44:21.311 D/dalvikvm(15954): WAIT_FOR_CONCURRENT_GC blocked 4ms
02-03 12:44:21.321 D/dalvikvm(15954): GC_CONCURRENT freed 4049K, 48% free 9256K/17536K, paused 0ms+1ms, total 5ms
02-03 12:44:21.321 D/dalvikvm(15954): WAIT_FOR_CONCURRENT_GC blocked 4ms
02-03 12:44:21.331 D/dalvikvm(15954): GC_FOR_ALLOC freed 3847K, 47% free 9343K/17536K, paused 4ms, total 4ms
02-03 12:44:21.331 D/dalvikvm(15954): GC_CONCURRENT freed 4153K, 48% free 9174K/17536K, paused 0ms+1ms, total 4ms
02-03 12:44:21.341 D/dalvikvm(15954): WAIT_FOR_CONCURRENT_GC blocked 4ms
02-03 12:44:21.341 D/dalvikvm(15954): GC_FOR_ALLOC freed 4032K, 49% free 9088K/17536K, paused 4ms, total 4ms
02-03 12:44:21.351 D/dalvikvm(15954): GC_CONCURRENT freed 3813K, 47% free 9350K/17536K, paused 1ms+1ms, total 5ms
02-03 12:44:21.351 D/dalvikvm(15954): WAIT_FOR_CONCURRENT_GC blocked 5ms
02-03 12:44:21.361 D/dalvikvm(15954): GC_FOR_ALLOC freed 4123K, 49% free 9088K/17536K, paused 4ms, total 4ms
02-03 12:44:21.361 D/dalvikvm(15954): GC_CONCURRENT freed 3898K, 48% free 9178K/17536K, paused 1ms+1ms, total 5ms
02-03 12:44:21.371 D/dalvikvm(15954): WAIT_FOR_CONCURRENT_GC blocked 4ms
02-03 12:44:21.371 D/dalvikvm(15954): GC_FOR_ALLOC freed 3761K, 47% free 9360K/17536K, paused 4ms, total 4ms
02-03 12:44:21.381 D/dalvikvm(15954): GC_CONCURRENT freed 4075K, 48% free 9271K/17536K, paused 1ms+0ms, total 5ms
02-03 12:44:21.381 D/dalvikvm(15954): WAIT_FOR_CONCURRENT_GC blocked 4ms
02-03 12:44:21.391 D/dalvikvm(15954): GC_FOR_ALLOC freed 4021K, 49% free 9091K/17536K, paused 4ms, total 4ms
02-03 12:44:21.391 D/dalvikvm(15954): GC_FOR_ALLOC freed 3878K, 49% free 9093K/17536K, paused 4ms, total 4ms
02-03 12:44:21.401 D/dalvikvm(15954): GC_FOR_ALLOC freed 3915K, 49% free 9095K/17536K, paused 4ms, total 4ms
02-03 12:44:21.411 D/dalvikvm(15954): GC_FOR_ALLOC freed 3953K, 49% free 9097K/17536K, paused 4ms, total 4ms
02-03 12:44:21.411 D/dalvikvm(15954): GC_CONCURRENT freed 3800K, 48% free 9289K/17536K, paused 0ms+1ms, total 4ms
02-03 12:44:21.411 D/dalvikvm(15954): WAIT_FOR_CONCURRENT_GC blocked 4ms
02-03 12:44:21.421 D/dalvikvm(15954): GC_CONCURRENT freed 4031K, 48% free 9288K/17536K, paused 0ms+1ms, total 5ms
02-03 12:44:21.421 D/dalvikvm(15954): WAIT_FOR_CONCURRENT_GC blocked 4ms
02-03 12:44:21.431 D/dalvikvm(15954): GC_CONCURRENT freed 4064K, 48% free 9292K/17536K, paused 0ms+1ms, total 4ms
02-03 12:44:21.431 D/dalvikvm(15954): WAIT_FOR_CONCURRENT_GC blocked 4ms
02-03 12:44:21.441 D/dalvikvm(15954): GC_FOR_ALLOC freed 3806K, 47% free 9393K/17536K, paused 4ms, total 4ms
02-03 12:44:21.441 D/dalvikvm(15954): GC_FOR_ALLOC freed 4137K, 48% free 9200K/17536K, paused 4ms, total 4ms
02-03 12:44:21.451 D/dalvikvm(15954): GC_FOR_ALLOC freed 3975K, 49% free 9103K/17536K, paused 4ms, total 4ms
02-03 12:44:21.461 D/dalvikvm(15954): GC_CONCURRENT freed 3707K, 47% free 9405K/17536K, paused 1ms+1ms, total 5ms
02-03 12:44:21.461 D/dalvikvm(15954): WAIT_FOR_CONCURRENT_GC blocked 4ms
02-03 12:44:21.471 D/dalvikvm(15954): GC_FOR_ALLOC freed 4243K, 48% free 9207K/17536K, paused 4ms, total 4ms
02-03 12:44:21.471 D/dalvikvm(15954): GC_CONCURRENT freed 3059K, 44% free 9920K/17536K, paused 0ms+1ms, total 5ms
02-03 12:44:21.481 D/dalvikvm(15954): GC_FOR_ALLOC freed 4614K, 49% free 9110K/17536K, paused 4ms, total 4ms
02-03 12:44:21.491 D/dalvikvm(15954): GC_FOR_ALLOC freed 3831K, 48% free 9215K/17536K, paused 4ms, total 4ms
02-03 12:44:21.491 D/dalvikvm(15954): GC_CONCURRENT freed 3968K, 47% free 9323K/17536K, paused 1ms+1ms, total 5ms
02-03 12:44:21.491 D/dalvikvm(15954): WAIT_FOR_CONCURRENT_GC blocked 3ms
02-03 12:44:21.501 D/dalvikvm(15954): GC_FOR_ALLOC freed 4106K, 48% free 9220K/17536K, paused 4ms, total 4ms
02-03 12:44:21.511 D/dalvikvm(15954): GC_CONCURRENT freed 3504K, 46% free 9643K/17536K, paused 1ms+1ms, total 6ms
02-03 12:44:21.511 D/dalvikvm(15954): GC_FOR_ALLOC freed 4485K, 48% free 9118K/17536K, paused 4ms, total 4ms
02-03 12:44:21.521 D/dalvikvm(15954): GC_FOR_ALLOC freed 3985K, 48% free 9227K/17536K, paused 4ms, total 4ms
02-03 12:44:21.531 D/dalvikvm(15954): GC_CONCURRENT freed 3258K, 44% free 9986K/17536K, paused 1ms+1ms, total 6ms
02-03 12:44:21.531 D/dalvikvm(15954): GC_CONCURRENT freed 4692K, 47% free 9342K/17536K, paused 1ms+0ms, total 5ms
02-03 12:44:21.531 D/dalvikvm(15954): WAIT_FOR_CONCURRENT_GC blocked 4ms
02-03 12:44:21.541 D/dalvikvm(15954): GC_FOR_ALLOC freed 4072K, 48% free 9125K/17536K, paused 4ms, total 4ms
02-03 12:44:21.551 D/dalvikvm(15954): GC_FOR_ALLOC freed 3879K, 48% free 9126K/17536K, paused 5ms, total 5ms
02-03 12:44:21.551 D/dalvikvm(15954): GC_FOR_ALLOC freed 3905K, 48% free 9128K/17536K, paused 4ms, total 4ms
02-03 12:44:21.561 D/dalvikvm(15954): GC_FOR_ALLOC freed 3931K, 48% free 9129K/17536K, paused 4ms, total 4ms
02-03 12:44:21.571 D/dalvikvm(15954): GC_FOR_ALLOC freed 3957K, 48% free 9131K/17536K, paused 4ms, total 4ms
02-03 12:44:21.571 D/dalvikvm(15954): GC_CONCURRENT freed 3756K, 47% free 9360K/17536K, paused 0ms+1ms, total 5ms
02-03 12:44:21.571 D/dalvikvm(15954): WAIT_FOR_CONCURRENT_GC blocked 4ms
02-03 12:44:21.581 D/dalvikvm(15954): GC_CONCURRENT freed 4008K, 47% free 9363K/17536K, paused 0ms+1ms, total 5ms
02-03 12:44:21.581 D/dalvikvm(15954): WAIT_FOR_CONCURRENT_GC blocked 4ms
02-03 12:44:21.591 D/dalvikvm(15954): GC_CONCURRENT freed 4034K, 47% free 9366K/17536K, paused 0ms+1ms, total 5ms
02-03 12:44:21.591 D/dalvikvm(15954): WAIT_FOR_CONCURRENT_GC blocked 4ms
02-03 12:44:21.601 D/dalvikvm(15954): GC_CONCURRENT freed 4061K, 47% free 9369K/17536K, paused 0ms+0ms, total 5ms
02-03 12:44:21.601 D/dalvikvm(15954): WAIT_FOR_CONCURRENT_GC blocked 4ms
02-03 12:44:21.611 D/dalvikvm(15954): GC_CONCURRENT freed 4090K, 47% free 9372K/17536K, paused 1ms+1ms, total 5ms
02-03 12:44:21.611 D/dalvikvm(15954): WAIT_FOR_CONCURRENT_GC blocked 4ms
02-03 12:44:21.611 D/dalvikvm(15954): GC_FOR_ALLOC freed 3764K, 46% free 9493K/17536K, paused 4ms, total 4ms
02-03 12:44:21.621 D/dalvikvm(15954): GC_FOR_ALLOC freed 4146K, 48% free 9260K/17536K, paused 4ms, total 4ms
02-03 12:44:21.631 D/dalvikvm(15954): GC_FOR_ALLOC freed 3937K, 48% free 9143K/17536K, paused 4ms, total 4ms
02-03 12:44:21.631 D/dalvikvm(15954): GC_FOR_ALLOC freed 3601K, 46% free 9504K/17536K, paused 4ms, total 4ms
02-03 12:44:21.641 D/dalvikvm(15954): GC_CONCURRENT freed 4228K, 48% free 9267K/17536K, paused 1ms+1ms, total 5ms
02-03 12:44:21.641 D/dalvikvm(15954): WAIT_FOR_CONCURRENT_GC blocked 4ms
02-03 12:44:21.651 D/dalvikvm(15954): GC_FOR_ALLOC freed 4015K, 48% free 9148K/17536K, paused 4ms, total 4ms
02-03 12:44:21.651 D/dalvikvm(15954): GC_FOR_ALLOC freed 3671K, 46% free 9516K/17536K, paused 4ms, total 4ms
02-03 12:44:21.661 D/dalvikvm(15954): GC_CONCURRENT freed 2958K, 42% free 10255K/17536K, paused 1ms+1ms, total 6ms
02-03 12:44:21.671 D/dalvikvm(15954): GC_FOR_ALLOC freed 4823K, 46% free 9524K/17536K, paused 4ms, total 4ms
02-03 12:44:21.671 D/dalvikvm(15954): GC_CONCURRENT freed 3246K, 43% free 10022K/17536K, paused 1ms+1ms, total 5ms
02-03 12:44:21.671 D/dalvikvm(15954): WAIT_FOR_CONCURRENT_GC blocked 2ms
02-03 12:44:21.681 D/dalvikvm(15954): GC_FOR_ALLOC freed 4631K, 48% free 9280K/17536K, paused 4ms, total 4ms
02-03 12:44:21.691 D/dalvikvm(15954): GC_CONCURRENT freed 3912K, 47% free 9409K/17536K, paused 1ms+1ms, total 5ms
02-03 12:44:21.691 D/dalvikvm(15954): WAIT_FOR_CONCURRENT_GC blocked 4ms
02-03 12:44:21.691 D/dalvikvm(15954): GC_FOR_ALLOC freed 4060K, 48% free 9285K/17536K, paused 4ms, total 4ms
02-03 12:44:21.701 D/dalvikvm(15954): GC_CONCURRENT freed 3958K, 47% free 9415K/17536K, paused 0ms+0ms, total 5ms
02-03 12:44:21.701 D/dalvikvm(15954): WAIT_FOR_CONCURRENT_GC blocked 4ms
02-03 12:44:21.711 D/dalvikvm(15954): GC_FOR_ALLOC freed 4108K, 48% free 9289K/17536K, paused 4ms, total 4ms
02-03 12:44:21.721 D/dalvikvm(15954): GC_CONCURRENT freed 2972K, 42% free 10192K/17536K, paused 1ms+2ms, total 6ms
02-03 12:44:21.721 D/dalvikvm(15954): GC_FOR_ALLOC freed 4927K, 48% free 9164K/17536K, paused 4ms, total 4ms
02-03 12:44:21.731 D/dalvikvm(15954): GC_CONCURRENT freed 3916K, 47% free 9296K/17536K, paused 1ms+1ms, total 5ms
02-03 12:44:21.731 D/dalvikvm(15954): WAIT_FOR_CONCURRENT_GC blocked 4ms
02-03 12:44:21.741 D/dalvikvm(15954): GC_FOR_ALLOC freed 3676K, 46% free 9560K/17536K, paused 4ms, total 5ms
02-03 12:44:21.741 D/dalvikvm(15954): GC_FOR_ALLOC freed 4356K, 48% free 9168K/17536K, paused 4ms, total 4ms
02-03 12:44:21.751 D/dalvikvm(15954): GC_FOR_ALLOC freed 3716K, 48% free 9170K/17536K, paused 4ms, total 4ms
02-03 12:44:21.761 D/dalvikvm(15954): GC_FOR_ALLOC freed 3735K, 48% free 9171K/17536K, paused 4ms, total 4ms
02-03 12:44:21.761 D/dalvikvm(15954): GC_FOR_ALLOC freed 3754K, 48% free 9172K/17536K, paused 4ms, total 4ms
02-03 12:44:21.771 D/dalvikvm(15954): GC_FOR_ALLOC freed 3773K, 48% free 9174K/17536K, paused 4ms, total 4ms
02-03 12:44:21.781 D/dalvikvm(15954): GC_FOR_ALLOC freed 3792K, 48% free 9175K/17536K, paused 4ms, total 4ms
02-03 12:44:21.781 D/dalvikvm(15954): GC_FOR_ALLOC freed 3811K, 48% free 9177K/17536K, paused 4ms, total 4ms
02-03 12:44:21.791 D/dalvikvm(15954): GC_FOR_ALLOC freed 3830K, 48% free 9178K/17536K, paused 4ms, total 4ms
02-03 12:44:21.801 D/dalvikvm(15954): GC_FOR_ALLOC freed 3849K, 48% free 9179K/17536K, paused 4ms, total 4ms
02-03 12:44:21.801 D/dalvikvm(15954): GC_FOR_ALLOC freed 3867K, 48% free 9181K/17536K, paused 4ms, total 4ms
02-03 12:44:21.811 D/dalvikvm(15954): GC_FOR_ALLOC freed 3886K, 48% free 9182K/17536K, paused 4ms, total 4ms
02-03 12:44:21.811 D/dalvikvm(15954): GC_FOR_ALLOC freed 3905K, 48% free 9183K/17536K, paused 4ms, total 4ms
02-03 12:44:21.821 D/dalvikvm(15954): GC_FOR_ALLOC freed 3924K, 48% free 9185K/17536K, paused 4ms, total 4ms
02-03 12:44:21.831 D/dalvikvm(15954): GC_FOR_ALLOC freed 3943K, 48% free 9186K/17536K, paused 4ms, total 4ms
02-03 12:44:21.831 D/dalvikvm(15954): GC_FOR_ALLOC freed 3961K, 48% free 9187K/17536K, paused 4ms, total 4ms
02-03 12:44:21.841 D/dalvikvm(15954): GC_CONCURRENT freed 3696K, 46% free 9473K/17536K, paused 0ms+1ms, total 5ms
02-03 12:44:21.841 D/dalvikvm(15954): WAIT_FOR_CONCURRENT_GC blocked 4ms
02-03 12:44:21.851 D/dalvikvm(15954): GC_CONCURRENT freed 3998K, 46% free 9476K/17536K, paused 1ms+0ms, total 6ms
02-03 12:44:21.851 D/dalvikvm(15954): WAIT_FOR_CONCURRENT_GC blocked 4ms
02-03 12:44:21.861 D/dalvikvm(15954): GC_CONCURRENT freed 4017K, 46% free 9478K/17536K, paused 0ms+0ms, total 5ms
02-03 12:44:21.861 D/dalvikvm(15954): WAIT_FOR_CONCURRENT_GC blocked 4ms
02-03 12:44:21.871 D/dalvikvm(15954): GC_CONCURRENT freed 4035K, 46% free 9481K/17536K, paused 1ms+1ms, total 5ms
02-03 12:44:21.871 D/dalvikvm(15954): WAIT_FOR_CONCURRENT_GC blocked 4ms
02-03 12:44:21.871 D/dalvikvm(15954): GC_CONCURRENT freed 4054K, 46% free 9484K/17536K, paused 1ms+1ms, total 5ms
02-03 12:44:21.871 D/dalvikvm(15954): WAIT_FOR_CONCURRENT_GC blocked 4ms
02-03 12:44:21.881 D/dalvikvm(15954): GC_CONCURRENT freed 4073K, 46% free 9486K/17536K, paused 1ms+1ms, total 5ms
02-03 12:44:21.881 D/dalvikvm(15954): WAIT_FOR_CONCURRENT_GC blocked 4ms
02-03 12:44:21.891 D/dalvikvm(15954): GC_CONCURRENT freed 4092K, 46% free 9489K/17536K, paused 1ms+1ms, total 5ms
02-03 12:44:21.891 D/dalvikvm(15954): WAIT_FOR_CONCURRENT_GC blocked 4ms
02-03 12:44:21.901 D/dalvikvm(15954): GC_FOR_ALLOC freed 3668K, 46% free 9638K/17536K, paused 4ms, total 4ms
02-03 12:44:21.901 D/dalvikvm(15954): GC_FOR_ALLOC freed 4127K, 47% free 9346K/17536K, paused 4ms, total 4ms
02-03 12:44:21.911 D/dalvikvm(15954): GC_FOR_ALLOC freed 3850K, 48% free 9200K/17536K, paused 4ms, total 4ms
02-03 12:44:21.921 D/dalvikvm(15954): GC_FOR_ALLOC freed 3418K, 45% free 9647K/17536K, paused 4ms, total 4ms
02-03 12:44:21.921 D/dalvikvm(15954): GC_FOR_ALLOC freed 4179K, 47% free 9352K/17536K, paused 4ms, total 4ms
02-03 12:44:21.931 D/dalvikvm(15954): GC_FOR_ALLOC freed 3898K, 48% free 9204K/17536K, paused 4ms, total 4ms
02-03 12:44:21.941 D/dalvikvm(15954): GC_FOR_ALLOC freed 3461K, 45% free 9656K/17536K, paused 4ms, total 4ms
02-03 12:44:21.941 D/dalvikvm(15954): GC_FOR_ALLOC freed 4231K, 47% free 9357K/17536K, paused 4ms, total 4ms
02-03 12:44:21.951 D/dalvikvm(15954): GC_FOR_ALLOC freed 3946K, 48% free 9208K/17536K, paused 4ms, total 4ms
02-03 12:44:21.961 D/dalvikvm(15954): GC_FOR_ALLOC freed 3503K, 45% free 9666K/17536K, paused 4ms, total 4ms
02-03 12:44:21.961 D/dalvikvm(15954): GC_CONCURRENT freed 4282K, 47% free 9363K/17536K, paused 1ms+1ms, total 5ms
02-03 12:44:21.961 D/dalvikvm(15954): WAIT_FOR_CONCURRENT_GC blocked 5ms
02-03 12:44:21.971 D/dalvikvm(15954): GC_FOR_ALLOC freed 3994K, 48% free 9212K/17536K, paused 4ms, total 4ms
02-03 12:44:21.981 D/dalvikvm(15954): GC_FOR_ALLOC freed 3546K, 45% free 9675K/17536K, paused 4ms, total 4ms
02-03 12:44:21.981 D/dalvikvm(15954): GC_CONCURRENT freed 3254K, 41% free 10449K/17536K, paused 1ms+2ms, total 6ms
02-03 12:44:21.991 D/dalvikvm(15954): GC_FOR_ALLOC freed 5122K, 48% free 9215K/17536K, paused 4ms, total 4ms
02-03 12:44:22.001 D/dalvikvm(15954): GC_CONCURRENT freed 3588K, 45% free 9684K/17536K, paused 1ms+1ms, total 5ms
02-03 12:44:22.001 D/dalvikvm(15954): WAIT_FOR_CONCURRENT_GC blocked 5ms
02-03 12:44:22.011 D/dalvikvm(15954): GC_CONCURRENT freed 4386K, 47% free 9374K/17536K, paused 1ms+1ms, total 5ms
02-03 12:44:22.011 D/dalvikvm(15954): WAIT_FOR_CONCURRENT_GC blocked 4ms
02-03 12:44:22.011 D/dalvikvm(15954): GC_FOR_ALLOC freed 4090K, 48% free 9219K/17536K, paused 4ms, total 5ms
02-03 12:44:22.021 D/dalvikvm(15954): GC_FOR_ALLOC freed 3631K, 47% free 9377K/17536K, paused 4ms, total 4ms
02-03 12:44:22.031 D/dalvikvm(15954): GC_FOR_ALLOC freed 4121K, 48% free 9221K/17536K, paused 4ms, total 4ms
02-03 12:44:22.031 D/dalvikvm(15954): GC_FOR_ALLOC freed 3658K, 47% free 9381K/17536K, paused 4ms, total 4ms
02-03 12:44:22.041 D/dalvikvm(15954): GC_CONCURRENT freed 3832K, 46% free 9543K/17536K, paused 0ms+1ms, total 5ms
02-03 12:44:22.041 D/dalvikvm(15954): WAIT_FOR_CONCURRENT_GC blocked 4ms
02-03 12:44:22.051 D/dalvikvm(15954): GC_FOR_ALLOC freed 4006K, 47% free 9385K/17536K, paused 4ms, total 5ms
02-03 12:44:22.061 D/dalvikvm(15954): GC_CONCURRENT freed 3862K, 46% free 9548K/17536K, paused 1ms+1ms, total 6ms
02-03 12:44:22.061 D/dalvikvm(15954): WAIT_FOR_CONCURRENT_GC blocked 4ms
02-03 12:44:22.061 D/dalvikvm(15954): GC_FOR_ALLOC freed 4036K, 47% free 9388K/17536K, paused 4ms, total 4ms
02-03 12:44:22.071 D/dalvikvm(15954): GC_CONCURRENT freed 3891K, 46% free 9553K/17536K, paused 1ms+1ms, total 5ms
02-03 12:44:22.071 D/dalvikvm(15954): WAIT_FOR_CONCURRENT_GC blocked 4ms
02-03 12:44:22.081 D/dalvikvm(15954): GC_FOR_ALLOC freed 4066K, 47% free 9392K/17536K, paused 4ms, total 4ms
02-03 12:44:22.081 D/dalvikvm(15954): GC_CONCURRENT freed 3921K, 46% free 9558K/17536K, paused 1ms+1ms, total 5ms
02-03 12:44:22.081 D/dalvikvm(15954): WAIT_FOR_CONCURRENT_GC blocked 4ms
02-03 12:44:22.091 D/dalvikvm(15954): GC_FOR_ALLOC freed 4098K, 47% free 9396K/17536K, paused 4ms, total 4ms
02-03 12:44:22.101 D/dalvikvm(15954): GC_FOR_ALLOC freed 3456K, 45% free 9727K/17536K, paused 5ms, total 5ms
02-03 12:44:22.101 D/dalvikvm(15954): GC_FOR_ALLOC freed 4295K, 48% free 9235K/17536K, paused 4ms, total 4ms
02-03 12:44:22.111 D/dalvikvm(15954): GC_CONCURRENT freed 3811K, 47% free 9401K/17536K, paused 0ms+1ms, total 5ms
02-03 12:44:22.111 D/dalvikvm(15954): WAIT_FOR_CONCURRENT_GC blocked 4ms
02-03 12:44:22.121 D/dalvikvm(15954): GC_FOR_ALLOC freed 3491K, 45% free 9735K/17536K, paused 4ms, total 4ms
02-03 12:44:22.131 D/dalvikvm(15954): GC_FOR_ALLOC freed 4335K, 48% free 9238K/17536K, paused 4ms, total 4ms
02-03 12:44:22.131 D/dalvikvm(15954): GC_CONCURRENT freed 3846K, 47% free 9406K/17536K, paused 1ms+0ms, total 5ms
02-03 12:44:22.131 D/dalvikvm(15954): WAIT_FOR_CONCURRENT_GC blocked 4ms
02-03 12:44:22.141 D/dalvikvm(15954): GC_FOR_ALLOC freed 3522K, 45% free 9742K/17536K, paused 4ms, total 4ms
02-03 12:44:22.151 D/dalvikvm(15954): GC_FOR_ALLOC freed 4374K, 48% free 9241K/17536K, paused 4ms, total 4ms
02-03 12:44:22.161 D/dalvikvm(15954): GC_CONCURRENT freed 3880K, 47% free 9410K/17536K, paused 1ms+1ms, total 6ms
02-03 12:44:22.161 D/dalvikvm(15954): WAIT_FOR_CONCURRENT_GC blocked 5ms
02-03 12:44:22.161 D/dalvikvm(15954): GC_FOR_ALLOC freed 3556K, 45% free 9750K/17536K, paused 4ms, total 4ms
02-03 12:44:22.171 D/dalvikvm(15954): GC_FOR_ALLOC freed 4258K, 48% free 9268K/17536K, paused 4ms, total 4ms
02-03 12:44:22.181 D/dalvikvm(15954): GC_FOR_ALLOC freed 3753K, 48% free 9268K/17536K, paused 5ms, total 5ms
02-03 12:44:22.191 D/dalvikvm(15954): GC_CONCURRENT freed 3987K, 47% free 9355K/17536K, paused 0ms+1ms, total 4ms
02-03 12:44:22.261 D/dalvikvm(15954): GC_FOR_ALLOC freed 4633K, 52% free 8497K/17536K, paused 4ms, total 4ms
02-03 12:44:23.881 W/BindingManager(18937): Cannot call determinedVisibility() - never saw a connection for the pid: 18937
02-03 12:44:24.451 W/BindingManager(18937): Cannot call determinedVisibility() - never saw a connection for the pid: 18937
02-03 12:44:24.481 I/chromium(18937): [INFO:CONSOLE(50)] "Uncaught ReferenceError: SharedWorker is not defined", source: app://org.xwalk.webapi_noneservice_tests//opt/tct-workers-w3c-tests/workers/SharedWorkerName.html (50)
02-03 12:44:25.401 D/dalvikvm(15954): GC_CONCURRENT freed 3780K, 50% free 8810K/17536K, paused 1ms+1ms, total 7ms
02-03 12:44:25.401 D/dalvikvm(15954): WAIT_FOR_CONCURRENT_GC blocked 5ms
02-03 12:44:25.411 D/dalvikvm(15954): GC_CONCURRENT freed 4082K, 50% free 8815K/17536K, paused 1ms+1ms, total 4ms
02-03 12:44:25.411 D/dalvikvm(15954): WAIT_FOR_CONCURRENT_GC blocked 3ms
02-03 12:44:25.421 D/dalvikvm(15954): GC_CONCURRENT freed 4103K, 50% free 8805K/17536K, paused 0ms+1ms, total 3ms
02-03 12:44:25.421 D/dalvikvm(15954): WAIT_FOR_CONCURRENT_GC blocked 2ms
02-03 12:44:25.431 D/dalvikvm(15954): GC_CONCURRENT freed 4048K, 50% free 8821K/17536K, paused 0ms+1ms, total 3ms
02-03 12:44:25.431 D/dalvikvm(15954): WAIT_FOR_CONCURRENT_GC blocked 2ms
02-03 12:44:25.431 D/dalvikvm(15954): GC_CONCURRENT freed 4077K, 50% free 8837K/17536K, paused 0ms+1ms, total 3ms
02-03 12:44:25.431 D/dalvikvm(15954): WAIT_FOR_CONCURRENT_GC blocked 2ms
02-03 12:44:25.441 D/dalvikvm(15954): GC_FOR_ALLOC freed 4091K, 50% free 8817K/17536K, paused 3ms, total 3ms
02-03 12:44:25.441 D/dalvikvm(15954): GC_CONCURRENT freed 2027K, 48% free 9170K/17536K, paused 0ms+1ms, total 4ms
02-03 12:44:25.451 D/dalvikvm(15954): GC_CONCURRENT freed 4382K, 50% free 8865K/17536K, paused 1ms+1ms, total 3ms
02-03 12:44:25.451 D/dalvikvm(15954): WAIT_FOR_CONCURRENT_GC blocked 2ms
02-03 12:44:25.461 D/dalvikvm(15954): GC_FOR_ALLOC freed 3987K, 50% free 8912K/17536K, paused 2ms, total 2ms
02-03 12:44:25.461 D/dalvikvm(15954): GC_CONCURRENT freed 2232K, 48% free 9184K/17536K, paused 0ms+1ms, total 3ms
02-03 12:44:25.471 D/dalvikvm(15954): GC_FOR_ALLOC freed 4413K, 50% free 8848K/17536K, paused 3ms, total 3ms
02-03 12:44:25.471 D/dalvikvm(15954): GC_CONCURRENT freed 2276K, 48% free 9230K/17536K, paused 1ms+1ms, total 4ms
02-03 12:44:25.481 D/dalvikvm(15954): GC_FOR_ALLOC freed 4362K, 49% free 8947K/17536K, paused 3ms, total 3ms
02-03 12:44:25.481 D/dalvikvm(15954): GC_CONCURRENT freed 2316K, 48% free 9267K/17536K, paused 0ms+1ms, total 4ms
02-03 12:44:25.491 D/dalvikvm(15954): GC_FOR_ALLOC freed 4492K, 50% free 8867K/17536K, paused 3ms, total 3ms
02-03 12:44:25.491 D/dalvikvm(15954): GC_CONCURRENT freed 2184K, 48% free 9253K/17536K, paused 1ms+1ms, total 4ms
02-03 12:44:25.501 D/dalvikvm(15954): GC_FOR_ALLOC freed 4373K, 50% free 8875K/17536K, paused 3ms, total 3ms
02-03 12:44:25.501 D/dalvikvm(15954): GC_CONCURRENT freed 2157K, 47% free 9438K/17536K, paused 0ms+1ms, total 4ms
02-03 12:44:25.511 D/dalvikvm(15954): GC_CONCURRENT freed 4564K, 50% free 8938K/17536K, paused 0ms+1ms, total 3ms
02-03 12:44:25.511 D/dalvikvm(15954): WAIT_FOR_CONCURRENT_GC blocked 3ms
02-03 12:44:25.511 D/dalvikvm(15954): GC_FOR_ALLOC freed 4015K, 49% free 8998K/17536K, paused 3ms, total 3ms
02-03 12:44:25.521 D/dalvikvm(15954): GC_CONCURRENT freed 2449K, 47% free 9389K/17536K, paused 1ms+1ms, total 4ms
02-03 12:44:25.521 D/dalvikvm(15954): GC_CONCURRENT freed 4427K, 49% free 8955K/17536K, paused 1ms+1ms, total 3ms
02-03 12:44:25.521 D/dalvikvm(15954): WAIT_FOR_CONCURRENT_GC blocked 2ms
02-03 12:44:25.531 D/dalvikvm(15954): GC_CONCURRENT freed 4089K, 49% free 8960K/17536K, paused 1ms+1ms, total 4ms
02-03 12:44:25.531 D/dalvikvm(15954): WAIT_FOR_CONCURRENT_GC blocked 3ms
02-03 12:44:25.541 D/dalvikvm(15954): GC_FOR_ALLOC freed 4010K, 49% free 9026K/17536K, paused 3ms, total 3ms
02-03 12:44:25.541 D/dalvikvm(15954): GC_CONCURRENT freed 2570K, 47% free 9455K/17536K, paused 0ms+1ms, total 4ms
02-03 12:44:25.551 D/dalvikvm(15954): GC_CONCURRENT freed 4538K, 49% free 8976K/17536K, paused 0ms+1ms, total 3ms
02-03 12:44:25.551 D/dalvikvm(15954): WAIT_FOR_CONCURRENT_GC blocked 2ms
02-03 12:44:25.551 D/dalvikvm(15954): GC_CONCURRENT freed 4014K, 49% free 8981K/17536K, paused 1ms+1ms, total 3ms
02-03 12:44:25.551 D/dalvikvm(15954): WAIT_FOR_CONCURRENT_GC blocked 3ms
02-03 12:44:25.561 D/dalvikvm(15954): GC_FOR_ALLOC freed 3900K, 49% free 9051K/17536K, paused 3ms, total 3ms
02-03 12:44:25.561 D/dalvikvm(15954): GC_CONCURRENT freed 2318K, 46% free 9514K/17536K, paused 1ms+1ms, total 4ms
02-03 12:44:25.571 D/dalvikvm(15954): GC_FOR_ALLOC freed 4558K, 50% free 8860K/17536K, paused 3ms, total 3ms
02-03 12:44:25.571 D/dalvikvm(15954): GC_FOR_ALLOC freed 3972K, 50% free 8931K/17536K, paused 3ms, total 3ms
02-03 12:44:25.581 D/dalvikvm(15954): GC_CONCURRENT freed 2785K, 47% free 9348K/17536K, paused 1ms+1ms, total 4ms
02-03 12:44:25.581 D/dalvikvm(15954): GC_FOR_ALLOC freed 4445K, 50% free 8867K/17536K, paused 3ms, total 3ms
02-03 12:44:25.591 D/dalvikvm(15954): GC_CONCURRENT freed 3882K, 49% free 9014K/17536K, paused 0ms+1ms, total 3ms
02-03 12:44:25.591 D/dalvikvm(15954): WAIT_FOR_CONCURRENT_GC blocked 2ms
02-03 12:44:25.601 D/dalvikvm(15954): GC_CONCURRENT freed 4091K, 49% free 9019K/17536K, paused 1ms+1ms, total 3ms
02-03 12:44:25.601 D/dalvikvm(15954): WAIT_FOR_CONCURRENT_GC blocked 2ms
02-03 12:44:25.601 D/dalvikvm(15954): GC_FOR_ALLOC freed 3933K, 49% free 9097K/17536K, paused 3ms, total 3ms
02-03 12:44:25.611 D/dalvikvm(15954): GC_CONCURRENT freed 2334K, 46% free 9548K/17536K, paused 1ms+1ms, total 4ms
02-03 12:44:25.611 D/dalvikvm(15954): GC_FOR_ALLOC freed 4559K, 49% free 8953K/17536K, paused 3ms, total 3ms
02-03 12:44:25.621 D/dalvikvm(15954): GC_FOR_ALLOC freed 3785K, 49% free 9112K/17536K, paused 3ms, total 3ms
02-03 12:44:25.621 D/dalvikvm(15954): GC_CONCURRENT freed 4073K, 49% free 9040K/17536K, paused 0ms+1ms, total 3ms
02-03 12:44:25.621 D/dalvikvm(15954): WAIT_FOR_CONCURRENT_GC blocked 3ms
02-03 12:44:25.631 D/dalvikvm(15954): GC_FOR_ALLOC freed 4050K, 50% free 8884K/17536K, paused 2ms, total 3ms
02-03 12:44:25.631 D/dalvikvm(15954): GC_FOR_ALLOC freed 3948K, 50% free 8886K/17536K, paused 3ms, total 3ms
02-03 12:44:25.641 D/dalvikvm(15954): GC_CONCURRENT freed 3837K, 49% free 9053K/17536K, paused 0ms+1ms, total 3ms
02-03 12:44:25.641 D/dalvikvm(15954): WAIT_FOR_CONCURRENT_GC blocked 3ms
02-03 12:44:25.651 D/dalvikvm(15954): GC_CONCURRENT freed 4052K, 49% free 9057K/17536K, paused 0ms+1ms, total 3ms
02-03 12:44:25.651 D/dalvikvm(15954): WAIT_FOR_CONCURRENT_GC blocked 2ms
02-03 12:44:25.651 D/dalvikvm(15954): GC_FOR_ALLOC freed 3854K, 48% free 9144K/17536K, paused 3ms, total 3ms
02-03 12:44:25.661 D/dalvikvm(15954): GC_FOR_ALLOC freed 4156K, 49% free 8979K/17536K, paused 3ms, total 3ms
02-03 12:44:25.661 D/dalvikvm(15954): GC_CONCURRENT freed 2404K, 45% free 9750K/17536K, paused 1ms+2ms, total 5ms
02-03 12:44:25.671 D/dalvikvm(15954): GC_FOR_ALLOC freed 4840K, 49% free 8985K/17536K, paused 3ms, total 3ms
02-03 12:44:25.671 D/dalvikvm(15954): GC_CONCURRENT freed 2276K, 46% free 9509K/17536K, paused 1ms+1ms, total 4ms
02-03 12:44:25.681 D/dalvikvm(15954): GC_FOR_ALLOC freed 4497K, 49% free 8990K/17536K, paused 3ms, total 3ms
02-03 12:44:25.681 D/dalvikvm(15954): GC_CONCURRENT freed 2319K, 45% free 9793K/17536K, paused 1ms+1ms, total 4ms
02-03 12:44:25.691 D/dalvikvm(15954): GC_FOR_ALLOC freed 4580K, 48% free 9175K/17536K, paused 3ms, total 3ms
02-03 12:44:25.691 D/dalvikvm(15954): GC_CONCURRENT freed 4092K, 49% free 9089K/17536K, paused 0ms+1ms, total 3ms
02-03 12:44:25.691 D/dalvikvm(15954): WAIT_FOR_CONCURRENT_GC blocked 3ms
02-03 12:44:25.701 D/dalvikvm(15954): GC_FOR_ALLOC freed 4041K, 50% free 8909K/17536K, paused 2ms, total 2ms
02-03 12:44:25.701 D/dalvikvm(15954): GC_FOR_ALLOC freed 3896K, 50% free 8911K/17536K, paused 3ms, total 3ms
02-03 12:44:25.711 D/dalvikvm(15954): GC_FOR_ALLOC freed 3934K, 50% free 8912K/17536K, paused 3ms, total 3ms
02-03 12:44:25.721 D/dalvikvm(15954): GC_CONCURRENT freed 3782K, 49% free 9104K/17536K, paused 0ms+1ms, total 3ms
02-03 12:44:25.721 D/dalvikvm(15954): WAIT_FOR_CONCURRENT_GC blocked 3ms
02-03 12:44:25.721 D/dalvikvm(15954): GC_CONCURRENT freed 4008K, 49% free 9107K/17536K, paused 1ms+1ms, total 3ms
02-03 12:44:25.721 D/dalvikvm(15954): WAIT_FOR_CONCURRENT_GC blocked 3ms
02-03 12:44:25.731 D/dalvikvm(15954): GC_CONCURRENT freed 4045K, 49% free 9111K/17536K, paused 0ms+1ms, total 3ms
02-03 12:44:25.731 D/dalvikvm(15954): WAIT_FOR_CONCURRENT_GC blocked 3ms
02-03 12:44:25.731 D/dalvikvm(15954): GC_CONCURRENT freed 4083K, 49% free 9115K/17536K, paused 1ms+1ms, total 3ms
02-03 12:44:25.731 D/dalvikvm(15954): WAIT_FOR_CONCURRENT_GC blocked 2ms
02-03 12:44:25.741 D/dalvikvm(15954): GC_FOR_ALLOC freed 3824K, 48% free 9215K/17536K, paused 3ms, total 3ms
02-03 12:44:25.751 D/dalvikvm(15954): GC_FOR_ALLOC freed 4155K, 49% free 9021K/17536K, paused 3ms, total 3ms
02-03 12:44:25.751 D/dalvikvm(15954): GC_FOR_ALLOC freed 3993K, 50% free 8925K/17536K, paused 2ms, total 3ms
02-03 12:44:25.761 D/dalvikvm(15954): GC_FOR_ALLOC freed 3723K, 48% free 9228K/17536K, paused 3ms, total 3ms
02-03 12:44:25.761 D/dalvikvm(15954): GC_CONCURRENT freed 1724K, 44% free 9835K/17536K, paused 1ms+1ms, total 4ms
02-03 12:44:25.771 D/dalvikvm(15954): GC_CONCURRENT freed 4684K, 48% free 9235K/17536K, paused 0ms+1ms, total 4ms
02-03 12:44:25.771 D/dalvikvm(15954): WAIT_FOR_CONCURRENT_GC blocked 3ms
02-03 12:44:25.771 D/dalvikvm(15954): GC_FOR_ALLOC freed 4115K, 50% free 8931K/17536K, paused 2ms, total 2ms
02-03 12:44:25.781 D/dalvikvm(15954): GC_FOR_ALLOC freed 3837K, 49% free 9036K/17536K, paused 3ms, total 3ms
02-03 12:44:25.791 D/dalvikvm(15954): GC_CONCURRENT freed 3974K, 48% free 9144K/17536K, paused 1ms+2ms, total 4ms
02-03 12:44:25.791 D/dalvikvm(15954): WAIT_FOR_CONCURRENT_GC blocked 2ms
02-03 12:44:25.791 D/dalvikvm(15954): GC_CONCURRENT freed 4111K, 49% free 9041K/17536K, paused 1ms+1ms, total 4ms
02-03 12:44:25.791 D/dalvikvm(15954): WAIT_FOR_CONCURRENT_GC blocked 3ms
02-03 12:44:25.801 D/dalvikvm(15954): GC_FOR_ALLOC freed 3719K, 48% free 9256K/17536K, paused 3ms, total 3ms
02-03 12:44:25.801 D/dalvikvm(15954): GC_FOR_ALLOC freed 4282K, 50% free 8939K/17536K, paused 3ms, total 3ms
02-03 12:44:25.811 D/dalvikvm(15954): GC_FOR_ALLOC freed 3774K, 50% free 8941K/17536K, paused 2ms, total 2ms
02-03 12:44:25.811 D/dalvikvm(15954): GC_FOR_ALLOC freed 3801K, 50% free 8942K/17536K, paused 2ms, total 3ms
02-03 12:44:25.821 D/dalvikvm(15954): GC_FOR_ALLOC freed 3827K, 49% free 8944K/17536K, paused 3ms, total 3ms
02-03 12:44:25.821 D/dalvikvm(15954): GC_FOR_ALLOC freed 3853K, 49% free 8945K/17536K, paused 3ms, total 3ms
02-03 12:44:25.831 D/dalvikvm(15954): GC_FOR_ALLOC freed 3879K, 49% free 8947K/17536K, paused 2ms, total 2ms
02-03 12:44:25.841 D/dalvikvm(15954): GC_FOR_ALLOC freed 3905K, 49% free 8948K/17536K, paused 3ms, total 3ms
02-03 12:44:25.841 D/dalvikvm(15954): GC_FOR_ALLOC freed 3931K, 49% free 8950K/17536K, paused 3ms, total 3ms
02-03 12:44:25.851 D/dalvikvm(15954): GC_FOR_ALLOC freed 3957K, 49% free 8951K/17536K, paused 2ms, total 2ms
02-03 12:44:25.851 D/dalvikvm(15954): GC_CONCURRENT freed 3756K, 48% free 9180K/17536K, paused 1ms+2ms, total 5ms
02-03 12:44:25.851 D/dalvikvm(15954): WAIT_FOR_CONCURRENT_GC blocked 4ms
02-03 12:44:25.861 D/dalvikvm(15954): GC_CONCURRENT freed 4008K, 48% free 9183K/17536K, paused 0ms+1ms, total 4ms
02-03 12:44:25.861 D/dalvikvm(15954): WAIT_FOR_CONCURRENT_GC blocked 3ms
02-03 12:44:25.871 D/dalvikvm(15954): GC_CONCURRENT freed 4034K, 48% free 9186K/17536K, paused 1ms+1ms, total 4ms
02-03 12:44:25.871 D/dalvikvm(15954): WAIT_FOR_CONCURRENT_GC blocked 3ms
02-03 12:44:25.871 D/dalvikvm(15954): GC_CONCURRENT freed 4061K, 48% free 9189K/17536K, paused 1ms+1ms, total 4ms
02-03 12:44:25.871 D/dalvikvm(15954): WAIT_FOR_CONCURRENT_GC blocked 2ms
02-03 12:44:25.881 D/dalvikvm(15954): GC_CONCURRENT freed 4090K, 48% free 9193K/17536K, paused 1ms+1ms, total 4ms
02-03 12:44:25.881 D/dalvikvm(15954): WAIT_FOR_CONCURRENT_GC blocked 2ms
02-03 12:44:25.891 D/dalvikvm(15954): GC_FOR_ALLOC freed 3764K, 47% free 9313K/17536K, paused 3ms, total 3ms
02-03 12:44:25.891 D/dalvikvm(15954): GC_FOR_ALLOC freed 4146K, 49% free 9080K/17536K, paused 3ms, total 3ms
02-03 12:44:25.901 D/dalvikvm(15954): GC_FOR_ALLOC freed 3937K, 49% free 8964K/17536K, paused 2ms, total 2ms
02-03 12:44:25.901 D/dalvikvm(15954): GC_FOR_ALLOC freed 3601K, 47% free 9325K/17536K, paused 3ms, total 3ms
02-03 12:44:25.911 D/dalvikvm(15954): GC_FOR_ALLOC freed 4229K, 49% free 9087K/17536K, paused 3ms, total 3ms
02-03 12:44:25.911 D/dalvikvm(15954): GC_CONCURRENT freed 1216K, 43% free 10057K/17536K, paused 1ms+1ms, total 4ms
02-03 12:44:25.921 D/dalvikvm(15954): GC_CONCURRENT freed 4753K, 47% free 9335K/17536K, paused 1ms+1ms, total 4ms
02-03 12:44:25.921 D/dalvikvm(15954): WAIT_FOR_CONCURRENT_GC blocked 3ms
02-03 12:44:25.931 D/dalvikvm(15954): GC_CONCURRENT freed 4299K, 49% free 9093K/17536K, paused 1ms+2ms, total 4ms
02-03 12:44:25.931 D/dalvikvm(15954): WAIT_FOR_CONCURRENT_GC blocked 3ms
02-03 12:44:25.931 D/dalvikvm(15954): GC_FOR_ALLOC freed 4081K, 49% free 8972K/17536K, paused 3ms, total 3ms
02-03 12:44:25.941 D/dalvikvm(15954): GC_FOR_ALLOC freed 3732K, 49% free 9098K/17536K, paused 3ms, total 3ms
02-03 12:44:25.941 D/dalvikvm(15954): GC_CONCURRENT freed 3880K, 48% free 9226K/17536K, paused 1ms+1ms, total 4ms
02-03 12:44:25.941 D/dalvikvm(15954): WAIT_FOR_CONCURRENT_GC blocked 3ms
02-03 12:44:25.951 D/dalvikvm(15954): GC_FOR_ALLOC freed 4028K, 49% free 9102K/17536K, paused 3ms, total 3ms
02-03 12:44:25.961 D/dalvikvm(15954): GC_CONCURRENT freed 3927K, 48% free 9232K/17536K, paused 1ms+1ms, total 4ms
02-03 12:44:25.961 D/dalvikvm(15954): WAIT_FOR_CONCURRENT_GC blocked 3ms
02-03 12:44:25.961 D/dalvikvm(15954): GC_FOR_ALLOC freed 4076K, 49% free 9107K/17536K, paused 2ms, total 2ms
02-03 12:44:25.971 D/dalvikvm(15954): GC_FOR_ALLOC freed 3587K, 47% free 9365K/17536K, paused 3ms, total 3ms
02-03 12:44:25.971 D/dalvikvm(15954): GC_FOR_ALLOC freed 4252K, 49% free 8983K/17536K, paused 3ms, total 3ms
02-03 12:44:25.981 D/dalvikvm(15954): GC_CONCURRENT freed 3887K, 49% free 9114K/17536K, paused 0ms+1ms, total 4ms
02-03 12:44:25.981 D/dalvikvm(15954): WAIT_FOR_CONCURRENT_GC blocked 3ms
02-03 12:44:25.981 D/dalvikvm(15954): GC_FOR_ALLOC freed 3648K, 47% free 9376K/17536K, paused 2ms, total 3ms
02-03 12:44:25.991 D/dalvikvm(15954): GC_FOR_ALLOC freed 4323K, 49% free 8987K/17536K, paused 3ms, total 3ms
02-03 12:44:26.001 D/dalvikvm(15954): GC_CONCURRENT freed 3952K, 48% free 9120K/17536K, paused 0ms+1ms, total 4ms
02-03 12:44:26.001 D/dalvikvm(15954): WAIT_FOR_CONCURRENT_GC blocked 3ms
02-03 12:44:26.001 D/dalvikvm(15954): GC_FOR_ALLOC freed 3708K, 47% free 9387K/17536K, paused 2ms, total 2ms
02-03 12:44:26.011 D/dalvikvm(15954): GC_CONCURRENT freed 1865K, 43% free 10052K/17536K, paused 2ms+1ms, total 5ms
02-03 12:44:26.011 D/dalvikvm(15954): GC_CONCURRENT freed 4669K, 47% free 9393K/17536K, paused 1ms+1ms, total 4ms
02-03 12:44:26.011 D/dalvikvm(15954): WAIT_FOR_CONCURRENT_GC blocked 3ms
02-03 12:44:26.021 D/dalvikvm(15954): GC_CONCURRENT freed 4165K, 48% free 9262K/17536K, paused 1ms+1ms, total 4ms
02-03 12:44:26.021 D/dalvikvm(15954): WAIT_FOR_CONCURRENT_GC blocked 3ms
02-03 12:44:26.031 D/dalvikvm(15954): GC_FOR_ALLOC freed 4052K, 49% free 8995K/17536K, paused 2ms, total 2ms
02-03 12:44:26.031 D/dalvikvm(15954): GC_FOR_ALLOC freed 3802K, 49% free 8996K/17536K, paused 2ms, total 3ms
02-03 12:44:26.041 D/dalvikvm(15954): GC_FOR_ALLOC freed 3820K, 49% free 8998K/17536K, paused 3ms, total 3ms
02-03 12:44:26.041 D/dalvikvm(15954): GC_FOR_ALLOC freed 3839K, 49% free 8999K/17536K, paused 3ms, total 3ms
02-03 12:44:26.051 D/dalvikvm(15954): GC_FOR_ALLOC freed 3858K, 49% free 9000K/17536K, paused 3ms, total 3ms
02-03 12:44:26.051 D/dalvikvm(15954): GC_FOR_ALLOC freed 3877K, 49% free 9002K/17536K, paused 2ms, total 3ms
02-03 12:44:26.061 D/dalvikvm(15954): GC_FOR_ALLOC freed 3896K, 49% free 9003K/17536K, paused 3ms, total 3ms
02-03 12:44:26.061 D/dalvikvm(15954): GC_FOR_ALLOC freed 3914K, 49% free 9004K/17536K, paused 3ms, total 3ms
02-03 12:44:26.071 D/dalvikvm(15954): GC_FOR_ALLOC freed 3933K, 49% free 9006K/17536K, paused 2ms, total 2ms
02-03 12:44:26.071 D/dalvikvm(15954): GC_FOR_ALLOC freed 3952K, 49% free 9007K/17536K, paused 3ms, total 3ms
02-03 12:44:26.081 D/dalvikvm(15954): GC_CONCURRENT freed 3687K, 48% free 9292K/17536K, paused 1ms+1ms, total 4ms
02-03 12:44:26.081 D/dalvikvm(15954): WAIT_FOR_CONCURRENT_GC blocked 2ms
02-03 12:44:26.091 D/dalvikvm(15954): GC_CONCURRENT freed 3988K, 47% free 9295K/17536K, paused 0ms+1ms, total 3ms
02-03 12:44:26.091 D/dalvikvm(15954): WAIT_FOR_CONCURRENT_GC blocked 3ms
02-03 12:44:26.091 D/dalvikvm(15954): GC_CONCURRENT freed 4005K, 45% free 9729K/17536K, paused 1ms+1ms, total 4ms
02-03 12:44:26.101 D/dalvikvm(15954): GC_FOR_ALLOC freed 4604K, 48% free 9156K/17536K, paused 3ms, total 3ms
02-03 12:44:26.101 D/dalvikvm(15954): GC_CONCURRENT freed 1302K, 43% free 10165K/17536K, paused 1ms+1ms, total 4ms
02-03 12:44:26.111 D/dalvikvm(15954): GC_CONCURRENT freed 4777K, 47% free 9449K/17536K, paused 1ms+1ms, total 4ms
02-03 12:44:26.111 D/dalvikvm(15954): WAIT_FOR_CONCURRENT_GC blocked 3ms
02-03 12:44:26.121 D/dalvikvm(15954): GC_CONCURRENT freed 4076K, 47% free 9452K/17536K, paused 1ms+1ms, total 4ms
02-03 12:44:26.121 D/dalvikvm(15954): WAIT_FOR_CONCURRENT_GC blocked 3ms
02-03 12:44:26.121 D/dalvikvm(15954): GC_FOR_ALLOC freed 4095K, 48% free 9163K/17536K, paused 2ms, total 3ms
02-03 12:44:26.131 D/dalvikvm(15954): GC_FOR_ALLOC freed 3819K, 49% free 9019K/17536K, paused 3ms, total 3ms
02-03 12:44:26.131 D/dalvikvm(15954): GC_FOR_ALLOC freed 3391K, 47% free 9462K/17536K, paused 3ms, total 3ms
02-03 12:44:26.141 D/dalvikvm(15954): GC_FOR_ALLOC freed 4146K, 48% free 9169K/17536K, paused 3ms, total 3ms
02-03 12:44:26.141 D/dalvikvm(15954): GC_FOR_ALLOC freed 3867K, 49% free 9022K/17536K, paused 2ms, total 2ms
02-03 12:44:26.151 D/dalvikvm(15954): GC_FOR_ALLOC freed 3434K, 46% free 9471K/17536K, paused 3ms, total 3ms
02-03 12:44:26.151 D/dalvikvm(15954): GC_FOR_ALLOC freed 4198K, 48% free 9174K/17536K, paused 3ms, total 3ms
02-03 12:44:26.161 D/dalvikvm(15954): GC_FOR_ALLOC freed 3915K, 49% free 9026K/17536K, paused 3ms, total 3ms
02-03 12:44:26.161 D/dalvikvm(15954): GC_FOR_ALLOC freed 3476K, 46% free 9480K/17536K, paused 2ms, total 2ms
02-03 12:44:26.171 D/dalvikvm(15954): GC_FOR_ALLOC freed 4250K, 48% free 9180K/17536K, paused 3ms, total 3ms
02-03 12:44:26.171 D/dalvikvm(15954): GC_FOR_ALLOC freed 3963K, 49% free 9030K/17536K, paused 3ms, total 3ms
02-03 12:44:26.181 D/dalvikvm(15954): GC_CONCURRENT freed 3519K, 46% free 9489K/17536K, paused 0ms+1ms, total 3ms
02-03 12:44:26.181 D/dalvikvm(15954): WAIT_FOR_CONCURRENT_GC blocked 2ms
02-03 12:44:26.191 D/dalvikvm(15954): GC_CONCURRENT freed 4301K, 48% free 9186K/17536K, paused 1ms+1ms, total 4ms
02-03 12:44:26.191 D/dalvikvm(15954): WAIT_FOR_CONCURRENT_GC blocked 3ms
02-03 12:44:26.191 D/dalvikvm(15954): GC_FOR_ALLOC freed 4012K, 49% free 9033K/17536K, paused 2ms, total 2ms
02-03 12:44:26.201 D/dalvikvm(15954): GC_FOR_ALLOC freed 3561K, 46% free 9499K/17536K, paused 3ms, total 3ms
02-03 12:44:26.201 D/dalvikvm(15954): GC_CONCURRENT freed 1555K, 41% free 10430K/17536K, paused 1ms+1ms, total 4ms
02-03 12:44:26.211 D/dalvikvm(15954): GC_CONCURRENT freed 4982K, 46% free 9504K/17536K, paused 1ms+1ms, total 4ms
02-03 12:44:26.211 D/dalvikvm(15954): WAIT_FOR_CONCURRENT_GC blocked 2ms
02-03 12:44:26.221 D/dalvikvm(15954): GC_CONCURRENT freed 4381K, 48% free 9194K/17536K, paused 1ms+1ms, total 4ms
02-03 12:44:26.221 D/dalvikvm(15954): WAIT_FOR_CONCURRENT_GC blocked 3ms
02-03 12:44:26.221 D/dalvikvm(15954): GC_FOR_ALLOC freed 4086K, 49% free 9039K/17536K, paused 3ms, total 3ms
02-03 12:44:26.231 D/dalvikvm(15954): GC_FOR_ALLOC freed 3627K, 48% free 9197K/17536K, paused 3ms, total 3ms
02-03 12:44:26.231 D/dalvikvm(15954): GC_FOR_ALLOC freed 4116K, 49% free 9041K/17536K, paused 2ms, total 2ms
02-03 12:44:26.241 D/dalvikvm(15954): GC_FOR_ALLOC freed 3654K, 48% free 9201K/17536K, paused 2ms, total 2ms
02-03 12:44:26.241 D/dalvikvm(15954): GC_CONCURRENT freed 3828K, 47% free 9363K/17536K, paused 1ms+1ms, total 3ms
02-03 12:44:26.241 D/dalvikvm(15954): WAIT_FOR_CONCURRENT_GC blocked 2ms
02-03 12:44:26.251 D/dalvikvm(15954): GC_FOR_ALLOC freed 4001K, 48% free 9205K/17536K, paused 3ms, total 3ms
02-03 12:44:26.261 D/dalvikvm(15954): GC_CONCURRENT freed 3858K, 47% free 9368K/17536K, paused 1ms+0ms, total 4ms
02-03 12:44:26.261 D/dalvikvm(15954): WAIT_FOR_CONCURRENT_GC blocked 3ms
02-03 12:44:26.261 D/dalvikvm(15954): GC_FOR_ALLOC freed 4031K, 48% free 9208K/17536K, paused 3ms, total 3ms
02-03 12:44:26.271 D/dalvikvm(15954): GC_CONCURRENT freed 3887K, 47% free 9373K/17536K, paused 1ms+1ms, total 4ms
02-03 12:44:26.271 D/dalvikvm(15954): WAIT_FOR_CONCURRENT_GC blocked 3ms
02-03 12:44:26.271 D/dalvikvm(15954): GC_FOR_ALLOC freed 4061K, 48% free 9212K/17536K, paused 3ms, total 3ms
02-03 12:44:26.281 D/dalvikvm(15954): GC_CONCURRENT freed 3914K, 47% free 9377K/17536K, paused 1ms+1ms, total 4ms
02-03 12:44:26.281 D/dalvikvm(15954): GC_FOR_ALLOC freed 4096K, 48% free 9216K/17536K, paused 2ms, total 2ms
02-03 12:44:26.291 D/dalvikvm(15954): GC_FOR_ALLOC freed 3452K, 46% free 9546K/17536K, paused 3ms, total 3ms
02-03 12:44:26.291 D/dalvikvm(15954): GC_FOR_ALLOC freed 4290K, 49% free 9055K/17536K, paused 3ms, total 3ms
02-03 12:44:26.301 D/dalvikvm(15954): GC_CONCURRENT freed 3808K, 48% free 9221K/17536K, paused 0ms+1ms, total 3ms
02-03 12:44:26.301 D/dalvikvm(15954): WAIT_FOR_CONCURRENT_GC blocked 3ms
02-03 12:44:26.311 D/dalvikvm(15954): GC_FOR_ALLOC freed 3487K, 46% free 9554K/17536K, paused 3ms, total 3ms
02-03 12:44:26.311 D/dalvikvm(15954): GC_FOR_ALLOC freed 4331K, 49% free 9058K/17536K, paused 2ms, total 2ms
02-03 12:44:26.321 D/dalvikvm(15954): GC_CONCURRENT freed 3842K, 48% free 9226K/17536K, paused 1ms+1ms, total 4ms
02-03 12:44:26.321 D/dalvikvm(15954): WAIT_FOR_CONCURRENT_GC blocked 3ms
02-03 12:44:26.321 D/dalvikvm(15954): GC_FOR_ALLOC freed 3519K, 46% free 9562K/17536K, paused 2ms, total 2ms
02-03 12:44:26.331 D/dalvikvm(15954): GC_FOR_ALLOC freed 4370K, 49% free 9061K/17536K, paused 3ms, total 3ms
02-03 12:44:26.341 D/dalvikvm(15954): GC_CONCURRENT freed 3876K, 48% free 9230K/17536K, paused 1ms+0ms, total 4ms
02-03 12:44:26.341 D/dalvikvm(15954): WAIT_FOR_CONCURRENT_GC blocked 3ms
02-03 12:44:26.341 D/dalvikvm(15954): GC_FOR_ALLOC freed 3552K, 46% free 9570K/17536K, paused 3ms, total 3ms
02-03 12:44:26.351 D/dalvikvm(15954): GC_CONCURRENT freed 4555K, 49% free 9063K/17536K, paused 1ms+0ms, total 4ms
02-03 12:44:26.351 D/dalvikvm(15954): WAIT_FOR_CONCURRENT_GC blocked 2ms
02-03 12:44:26.361 D/dalvikvm(15954): GC_FOR_ALLOC freed 3673K, 48% free 9249K/17536K, paused 3ms, total 3ms
02-03 12:44:26.361 D/dalvikvm(15954): GC_FOR_ALLOC freed 3768K, 48% free 9249K/17536K, paused 3ms, total 3ms
02-03 12:44:26.361 W/System.err(15954): java.lang.ArrayIndexOutOfBoundsException: length=183822; index=-32768
02-03 12:44:26.361 W/System.err(15954): 	at com.googlehelp.service.l.a(Unknown Source)
02-03 12:44:26.361 W/System.err(15954): 	at com.googlehelp.service.l.a(Unknown Source)
02-03 12:44:26.361 W/System.err(15954): 	at com.googlehelp.service.l.a(Unknown Source)
02-03 12:44:26.361 W/System.err(15954): 	at com.googlehelp.service.h.a(Unknown Source)
02-03 12:44:26.361 W/System.err(15954): 	at com.googlehelp.service.h.run(Unknown Source)
02-03 12:44:26.361 W/System.err(15954): 	at java.util.Timer$TimerImpl.run(Timer.java:284)
02-03 12:44:26.431 D/dalvikvm(15954): GC_CONCURRENT freed 4385K, 49% free 8959K/17536K, paused 1ms+0ms, total 6ms
02-03 12:44:26.431 D/dalvikvm(15954): WAIT_FOR_CONCURRENT_GC blocked 6ms
02-03 12:44:26.441 D/dalvikvm(15954): GC_CONCURRENT freed 4001K, 49% free 9052K/17536K, paused 0ms+1ms, total 5ms
02-03 12:44:26.441 D/dalvikvm(15954): WAIT_FOR_CONCURRENT_GC blocked 4ms
02-03 12:44:26.451 D/dalvikvm(15954): GC_CONCURRENT freed 4109K, 49% free 8995K/17536K, paused 1ms+1ms, total 6ms
02-03 12:44:26.451 D/dalvikvm(15954): WAIT_FOR_CONCURRENT_GC blocked 4ms
02-03 12:44:26.461 D/dalvikvm(15954): GC_CONCURRENT freed 4066K, 49% free 9022K/17536K, paused 0ms+1ms, total 4ms
02-03 12:44:26.461 D/dalvikvm(15954): WAIT_FOR_CONCURRENT_GC blocked 3ms
02-03 12:44:26.471 D/dalvikvm(15954): GC_FOR_ALLOC freed 4062K, 49% free 9010K/17536K, paused 4ms, total 4ms
02-03 12:44:26.471 D/dalvikvm(15954): GC_CONCURRENT freed 3651K, 47% free 9326K/17536K, paused 1ms+0ms, total 6ms
02-03 12:44:26.481 D/dalvikvm(15954): GC_FOR_ALLOC freed 4354K, 49% free 8978K/17536K, paused 4ms, total 4ms
02-03 12:44:26.491 D/dalvikvm(15954): GC_CONCURRENT freed 3004K, 47% free 9320K/17536K, paused 1ms+1ms, total 6ms
02-03 12:44:26.491 D/dalvikvm(15954): GC_FOR_ALLOC freed 4237K, 49% free 9118K/17536K, paused 4ms, total 4ms
02-03 12:44:26.501 D/dalvikvm(15954): GC_CONCURRENT freed 3798K, 47% free 9461K/17536K, paused 1ms+1ms, total 6ms
02-03 12:44:26.511 D/dalvikvm(15954): GC_CONCURRENT freed 4384K, 49% free 9092K/17536K, paused 1ms+1ms, total 5ms
02-03 12:44:26.511 D/dalvikvm(15954): WAIT_FOR_CONCURRENT_GC blocked 4ms
02-03 12:44:26.511 D/dalvikvm(15954): GC_FOR_ALLOC freed 4092K, 49% free 9047K/17536K, paused 4ms, total 4ms
02-03 12:44:26.521 D/dalvikvm(15954): GC_CONCURRENT freed 3786K, 48% free 9222K/17536K, paused 1ms+1ms, total 6ms
02-03 12:44:26.521 D/dalvikvm(15954): WAIT_FOR_CONCURRENT_GC blocked 1ms
02-03 12:44:26.531 D/dalvikvm(15954): GC_FOR_ALLOC freed 4248K, 49% free 9051K/17536K, paused 4ms, total 4ms
02-03 12:44:26.531 D/dalvikvm(15954): GC_CONCURRENT freed 3852K, 48% free 9289K/17536K, paused 0ms+1ms, total 6ms
02-03 12:44:26.531 D/dalvikvm(15954): WAIT_FOR_CONCURRENT_GC blocked 2ms
02-03 12:44:26.541 D/dalvikvm(15954): GC_FOR_ALLOC freed 4118K, 48% free 9187K/17536K, paused 4ms, total 4ms
02-03 12:44:26.551 D/dalvikvm(15954): GC_CONCURRENT freed 3651K, 46% free 9548K/17536K, paused 0ms+1ms, total 5ms
02-03 12:44:26.551 D/dalvikvm(15954): WAIT_FOR_CONCURRENT_GC blocked 2ms
02-03 12:44:26.551 D/dalvikvm(15954): GC_FOR_ALLOC freed 4491K, 49% free 9087K/17536K, paused 4ms, total 4ms
02-03 12:44:26.561 D/dalvikvm(15954): GC_CONCURRENT freed 3878K, 47% free 9303K/17536K, paused 1ms+0ms, total 6ms
02-03 12:44:26.561 D/dalvikvm(15954): WAIT_FOR_CONCURRENT_GC blocked 2ms
02-03 12:44:26.571 D/dalvikvm(15954): GC_CONCURRENT freed 4132K, 48% free 9150K/17536K, paused 0ms+1ms, total 4ms
02-03 12:44:26.571 D/dalvikvm(15954): WAIT_FOR_CONCURRENT_GC blocked 4ms
02-03 12:44:26.571 D/dalvikvm(15954): GC_CONCURRENT freed 4082K, 48% free 9152K/17536K, paused 1ms+1ms, total 4ms
02-03 12:44:26.571 D/dalvikvm(15954): WAIT_FOR_CONCURRENT_GC blocked 3ms
02-03 12:44:26.581 D/dalvikvm(15954): GC_FOR_ALLOC freed 4005K, 48% free 9213K/17536K, paused 4ms, total 4ms
02-03 12:44:26.591 D/dalvikvm(15954): GC_CONCURRENT freed 3742K, 47% free 9453K/17536K, paused 1ms+1ms, total 6ms
02-03 12:44:26.591 D/dalvikvm(15954): WAIT_FOR_CONCURRENT_GC blocked 1ms
02-03 12:44:26.591 D/dalvikvm(15954): GC_FOR_ALLOC freed 4367K, 49% free 9031K/17536K, paused 4ms, total 4ms
02-03 12:44:26.601 D/dalvikvm(15954): GC_CONCURRENT freed 3897K, 48% free 9194K/17536K, paused 0ms+1ms, total 4ms
02-03 12:44:26.601 D/dalvikvm(15954): WAIT_FOR_CONCURRENT_GC blocked 3ms
02-03 12:44:26.611 D/dalvikvm(15954): GC_FOR_ALLOC freed 3914K, 48% free 9260K/17536K, paused 4ms, total 4ms
02-03 12:44:26.611 D/dalvikvm(15954): GC_CONCURRENT freed 3733K, 46% free 9588K/17536K, paused 1ms+1ms, total 6ms
02-03 12:44:26.611 D/dalvikvm(15954): WAIT_FOR_CONCURRENT_GC blocked 1ms
02-03 12:44:26.621 D/dalvikvm(15954): GC_CONCURRENT freed 4600K, 49% free 9061K/17536K, paused 1ms+1ms, total 4ms
02-03 12:44:26.621 D/dalvikvm(15954): WAIT_FOR_CONCURRENT_GC blocked 3ms
02-03 12:44:26.631 D/dalvikvm(15954): GC_FOR_ALLOC freed 4010K, 48% free 9128K/17536K, paused 4ms, total 4ms
02-03 12:44:26.631 D/dalvikvm(15954): GC_CONCURRENT freed 3594K, 46% free 9616K/17536K, paused 1ms+1ms, total 6ms
02-03 12:44:26.631 D/dalvikvm(15954): WAIT_FOR_CONCURRENT_GC blocked 1ms
02-03 12:44:26.641 D/dalvikvm(15954): GC_FOR_ALLOC freed 4354K, 48% free 9271K/17536K, paused 4ms, total 4ms
02-03 12:44:26.651 D/dalvikvm(15954): GC_CONCURRENT freed 3571K, 45% free 9776K/17536K, paused 1ms+1ms, total 6ms
02-03 12:44:26.651 D/dalvikvm(15954): WAIT_FOR_CONCURRENT_GC blocked 2ms
02-03 12:44:26.651 D/dalvikvm(15954): GC_FOR_ALLOC freed 4644K, 48% free 9127K/17536K, paused 4ms, total 4ms
02-03 12:44:26.661 D/dalvikvm(15954): GC_CONCURRENT freed 3686K, 47% free 9454K/17536K, paused 1ms+1ms, total 6ms
02-03 12:44:26.661 D/dalvikvm(15954): WAIT_FOR_CONCURRENT_GC blocked 2ms
02-03 12:44:26.671 D/dalvikvm(15954): GC_FOR_ALLOC freed 4259K, 48% free 9157K/17536K, paused 3ms, total 4ms
02-03 12:44:26.671 D/dalvikvm(15954): GC_FOR_ALLOC freed 3789K, 47% free 9312K/17536K, paused 4ms, total 4ms
02-03 12:44:26.681 D/dalvikvm(15954): GC_CONCURRENT freed 4073K, 48% free 9240K/17536K, paused 0ms+1ms, total 4ms
02-03 12:44:26.681 D/dalvikvm(15954): WAIT_FOR_CONCURRENT_GC blocked 4ms
02-03 12:44:26.691 D/dalvikvm(15954): GC_FOR_ALLOC freed 4054K, 49% free 9080K/17536K, paused 4ms, total 4ms
02-03 12:44:26.691 D/dalvikvm(15954): GC_FOR_ALLOC freed 3952K, 49% free 9078K/17536K, paused 4ms, total 4ms
02-03 12:44:26.701 D/dalvikvm(15954): GC_FOR_ALLOC freed 4005K, 49% free 9077K/17536K, paused 4ms, total 4ms
02-03 12:44:26.711 D/dalvikvm(15954): GC_CONCURRENT freed 3484K, 45% free 9649K/17536K, paused 1ms+1ms, total 6ms
02-03 12:44:26.711 D/dalvikvm(15954): WAIT_FOR_CONCURRENT_GC blocked 2ms
02-03 12:44:26.711 D/dalvikvm(15954): GC_FOR_ALLOC freed 4266K, 47% free 9324K/17536K, paused 4ms, total 4ms
02-03 12:44:26.721 D/dalvikvm(15954): GC_FOR_ALLOC freed 4160K, 48% free 9187K/17536K, paused 4ms, total 4ms
02-03 12:44:26.731 D/dalvikvm(15954): GC_CONCURRENT freed 3614K, 46% free 9526K/17536K, paused 1ms+1ms, total 6ms
02-03 12:44:26.731 D/dalvikvm(15954): WAIT_FOR_CONCURRENT_GC blocked 2ms
02-03 12:44:26.731 D/dalvikvm(15954): GC_FOR_ALLOC freed 4249K, 47% free 9359K/17536K, paused 4ms, total 4ms
02-03 12:44:26.741 D/dalvikvm(15954): GC_CONCURRENT freed 3521K, 45% free 9706K/17536K, paused 0ms+1ms, total 5ms
02-03 12:44:26.741 D/dalvikvm(15954): WAIT_FOR_CONCURRENT_GC blocked 2ms
02-03 12:44:26.751 D/dalvikvm(15954): GC_FOR_ALLOC freed 4519K, 48% free 9183K/17536K, paused 5ms, total 5ms
02-03 12:44:26.751 D/dalvikvm(15954): GC_CONCURRENT freed 3325K, 45% free 9807K/17536K, paused 1ms+1ms, total 5ms
02-03 12:44:26.751 D/dalvikvm(15954): WAIT_FOR_CONCURRENT_GC blocked 2ms
02-03 12:44:26.761 D/dalvikvm(15954): GC_FOR_ALLOC freed 4709K, 49% free 9090K/17536K, paused 4ms, total 4ms
02-03 12:44:26.771 D/dalvikvm(15954): GC_CONCURRENT freed 3213K, 45% free 9725K/17536K, paused 0ms+1ms, total 5ms
02-03 12:44:26.771 D/dalvikvm(15954): WAIT_FOR_CONCURRENT_GC blocked 2ms
02-03 12:44:26.771 D/dalvikvm(15954): GC_FOR_ALLOC freed 4525K, 49% free 9118K/17536K, paused 4ms, total 4ms
02-03 12:44:26.781 D/dalvikvm(15954): GC_FOR_ALLOC freed 3925K, 49% free 9116K/17536K, paused 4ms, total 4ms
02-03 12:44:26.791 D/dalvikvm(15954): GC_FOR_ALLOC freed 3963K, 49% free 9114K/17536K, paused 4ms, total 4ms
02-03 12:44:26.791 D/dalvikvm(15954): GC_FOR_ALLOC freed 4001K, 49% free 9111K/17536K, paused 4ms, total 4ms
02-03 12:44:26.801 D/dalvikvm(15954): GC_CONCURRENT freed 3369K, 45% free 9778K/17536K, paused 1ms+1ms, total 5ms
02-03 12:44:26.801 D/dalvikvm(15954): WAIT_FOR_CONCURRENT_GC blocked 2ms
02-03 12:44:26.811 D/dalvikvm(15954): GC_FOR_ALLOC freed 4745K, 49% free 9107K/17536K, paused 5ms, total 5ms
02-03 12:44:26.811 D/dalvikvm(15954): GC_CONCURRENT freed 2938K, 43% free 10082K/17536K, paused 1ms+0ms, total 6ms
02-03 12:44:26.811 D/dalvikvm(15954): WAIT_FOR_CONCURRENT_GC blocked 2ms
02-03 12:44:26.821 D/dalvikvm(15954): GC_FOR_ALLOC freed 4828K, 48% free 9205K/17536K, paused 4ms, total 4ms
02-03 12:44:26.831 D/dalvikvm(15954): GC_FOR_ALLOC freed 3985K, 49% free 9104K/17536K, paused 4ms, total 4ms
02-03 12:44:26.841 D/dalvikvm(15954): GC_FOR_ALLOC freed 3712K, 47% free 9407K/17536K, paused 4ms, total 4ms
02-03 12:44:26.841 D/dalvikvm(15954): GC_CONCURRENT freed 3550K, 44% free 9940K/17536K, paused 1ms+1ms, total 6ms
02-03 12:44:26.841 D/dalvikvm(15954): WAIT_FOR_CONCURRENT_GC blocked 1ms
02-03 12:44:26.851 D/dalvikvm(15954): GC_CONCURRENT freed 4583K, 47% free 9342K/17536K, paused 0ms+1ms, total 4ms
02-03 12:44:26.851 D/dalvikvm(15954): WAIT_FOR_CONCURRENT_GC blocked 4ms
02-03 12:44:26.861 D/dalvikvm(15954): GC_FOR_ALLOC freed 4017K, 48% free 9237K/17536K, paused 4ms, total 4ms
02-03 12:44:26.861 D/dalvikvm(15954): GC_CONCURRENT freed 3944K, 47% free 9345K/17536K, paused 0ms+1ms, total 4ms
02-03 12:44:26.861 D/dalvikvm(15954): WAIT_FOR_CONCURRENT_GC blocked 4ms
02-03 12:44:26.871 D/dalvikvm(15954): GC_FOR_ALLOC freed 4084K, 48% free 9239K/17536K, paused 4ms, total 4ms
02-03 12:44:26.881 D/dalvikvm(15954): GC_CONCURRENT freed 3168K, 44% free 9976K/17536K, paused 1ms+1ms, total 6ms
02-03 12:44:26.881 D/dalvikvm(15954): WAIT_FOR_CONCURRENT_GC blocked 2ms
02-03 12:44:26.881 D/dalvikvm(15954): GC_FOR_ALLOC freed 4780K, 48% free 9134K/17536K, paused 3ms, total 3ms
02-03 12:44:26.891 D/dalvikvm(15954): GC_FOR_ALLOC freed 3963K, 48% free 9242K/17536K, paused 4ms, total 4ms
02-03 12:44:26.891 D/dalvikvm(15954): GC_CONCURRENT freed 3240K, 43% free 9996K/17536K, paused 1ms+1ms, total 6ms
02-03 12:44:26.891 D/dalvikvm(15954): WAIT_FOR_CONCURRENT_GC blocked 1ms
02-03 12:44:26.901 D/dalvikvm(15954): GC_CONCURRENT freed 4664K, 47% free 9356K/17536K, paused 0ms+1ms, total 4ms
02-03 12:44:26.911 D/dalvikvm(15954): GC_FOR_ALLOC freed 4056K, 48% free 9136K/17536K, paused 4ms, total 4ms
02-03 12:44:26.911 D/dalvikvm(15954): GC_FOR_ALLOC freed 3858K, 48% free 9137K/17536K, paused 4ms, total 4ms
02-03 12:44:26.921 D/dalvikvm(15954): GC_FOR_ALLOC freed 3884K, 48% free 9139K/17536K, paused 4ms, total 4ms
02-03 12:44:26.931 D/dalvikvm(15954): GC_FOR_ALLOC freed 3910K, 48% free 9140K/17536K, paused 4ms, total 4ms
02-03 12:44:26.931 D/dalvikvm(15954): GC_FOR_ALLOC freed 3937K, 48% free 9142K/17536K, paused 3ms, total 4ms
02-03 12:44:26.941 D/dalvikvm(15954): GC_FOR_ALLOC freed 3963K, 48% free 9143K/17536K, paused 4ms, total 4ms
02-03 12:44:26.951 D/dalvikvm(15954): GC_CONCURRENT freed 3761K, 47% free 9373K/17536K, paused 0ms+1ms, total 4ms
02-03 12:44:26.951 D/dalvikvm(15954): WAIT_FOR_CONCURRENT_GC blocked 4ms
02-03 12:44:26.951 D/dalvikvm(15954): GC_CONCURRENT freed 4014K, 47% free 9376K/17536K, paused 0ms+1ms, total 4ms
02-03 12:44:26.951 D/dalvikvm(15954): WAIT_FOR_CONCURRENT_GC blocked 3ms
02-03 12:44:26.961 D/dalvikvm(15954): GC_CONCURRENT freed 4040K, 47% free 9379K/17536K, paused 1ms+1ms, total 5ms
02-03 12:44:26.961 D/dalvikvm(15954): WAIT_FOR_CONCURRENT_GC blocked 4ms
02-03 12:44:26.971 D/dalvikvm(15954): GC_CONCURRENT freed 4066K, 47% free 9382K/17536K, paused 0ms+1ms, total 4ms
02-03 12:44:26.971 D/dalvikvm(15954): WAIT_FOR_CONCURRENT_GC blocked 4ms
02-03 12:44:26.981 D/dalvikvm(15954): GC_FOR_ALLOC freed 3747K, 46% free 9498K/17536K, paused 4ms, total 4ms
02-03 12:44:26.981 D/dalvikvm(15954): GC_FOR_ALLOC freed 4123K, 48% free 9266K/17536K, paused 4ms, total 4ms
02-03 12:44:26.991 D/dalvikvm(15954): GC_FOR_ALLOC freed 3914K, 48% free 9150K/17536K, paused 4ms, total 4ms
02-03 12:44:27.001 D/dalvikvm(15954): GC_FOR_ALLOC freed 3581K, 46% free 9510K/17536K, paused 4ms, total 4ms
02-03 12:44:27.001 D/dalvikvm(15954): GC_FOR_ALLOC freed 4205K, 48% free 9273K/17536K, paused 4ms, total 4ms
02-03 12:44:27.011 D/dalvikvm(15954): GC_CONCURRENT freed 3391K, 45% free 9756K/17536K, paused 0ms+1ms, total 5ms
02-03 12:44:27.011 D/dalvikvm(15954): WAIT_FOR_CONCURRENT_GC blocked 2ms
02-03 12:44:27.011 D/dalvikvm(15954): GC_FOR_ALLOC freed 4252K, 46% free 9521K/17536K, paused 4ms, total 4ms
02-03 12:44:27.021 D/dalvikvm(15954): GC_CONCURRENT freed 3434K, 43% free 10133K/17536K, paused 1ms+1ms, total 6ms
02-03 12:44:27.021 D/dalvikvm(15954): WAIT_FOR_CONCURRENT_GC blocked 1ms
02-03 12:44:27.031 D/dalvikvm(15954): GC_FOR_ALLOC freed 4923K, 48% free 9160K/17536K, paused 4ms, total 4ms
02-03 12:44:27.031 D/dalvikvm(15954): GC_FOR_ALLOC freed 3722K, 46% free 9533K/17536K, paused 3ms, total 3ms
02-03 12:44:27.041 D/dalvikvm(15954): GC_CONCURRENT freed 3250K, 43% free 10032K/17536K, paused 0ms+1ms, total 5ms
02-03 12:44:27.041 D/dalvikvm(15954): WAIT_FOR_CONCURRENT_GC blocked 2ms
02-03 12:44:27.051 D/dalvikvm(15954): GC_FOR_ALLOC freed 4637K, 48% free 9289K/17536K, paused 4ms, total 4ms
02-03 12:44:27.051 D/dalvikvm(15954): GC_CONCURRENT freed 3917K, 47% free 9419K/17536K, paused 0ms+1ms, total 4ms
02-03 12:44:27.051 D/dalvikvm(15954): WAIT_FOR_CONCURRENT_GC blocked 3ms
02-03 12:44:27.061 D/dalvikvm(15954): GC_FOR_ALLOC freed 4065K, 47% free 9294K/17536K, paused 4ms, total 4ms
02-03 12:44:27.071 D/dalvikvm(15954): GC_CONCURRENT freed 3963K, 47% free 9424K/17536K, paused 1ms+0ms, total 5ms
02-03 12:44:27.071 D/dalvikvm(15954): WAIT_FOR_CONCURRENT_GC blocked 4ms
02-03 12:44:27.071 D/dalvikvm(15954): GC_FOR_ALLOC freed 4113K, 47% free 9298K/17536K, paused 4ms, total 4ms
02-03 12:44:27.081 D/dalvikvm(15954): GC_CONCURRENT freed 2718K, 41% free 10460K/17536K, paused 1ms+1ms, total 6ms
02-03 12:44:27.081 D/dalvikvm(15954): WAIT_FOR_CONCURRENT_GC blocked 2ms
02-03 12:44:27.091 D/dalvikvm(15954): GC_FOR_ALLOC freed 5195K, 48% free 9169K/17536K, paused 4ms, total 4ms
02-03 12:44:27.091 D/dalvikvm(15954): GC_FOR_ALLOC freed 3922K, 47% free 9301K/17536K, paused 4ms, total 4ms
02-03 12:44:27.101 D/dalvikvm(15954): GC_CONCURRENT freed 2763K, 41% free 10483K/17536K, paused 0ms+1ms, total 5ms
02-03 12:44:27.101 D/dalvikvm(15954): WAIT_FOR_CONCURRENT_GC blocked 2ms
02-03 12:44:27.111 D/dalvikvm(15954): GC_FOR_ALLOC freed 5282K, 48% free 9169K/17536K, paused 4ms, total 4ms
02-03 12:44:27.111 D/dalvikvm(15954): GC_CONCURRENT freed 2397K, 41% free 10494K/17536K, paused 1ms+1ms, total 6ms
02-03 12:44:27.111 D/dalvikvm(15954): WAIT_FOR_CONCURRENT_GC blocked 2ms
02-03 12:44:27.121 D/dalvikvm(15954): GC_FOR_ALLOC freed 5063K, 48% free 9172K/17536K, paused 4ms, total 4ms
02-03 12:44:27.121 D/dalvikvm(15954): GC_FOR_ALLOC freed 3758K, 48% free 9173K/17536K, paused 3ms, total 3ms
02-03 12:44:27.131 D/dalvikvm(15954): GC_FOR_ALLOC freed 3778K, 48% free 9175K/17536K, paused 4ms, total 4ms
02-03 12:44:27.141 D/dalvikvm(15954): GC_FOR_ALLOC freed 3797K, 48% free 9176K/17536K, paused 4ms, total 4ms
02-03 12:44:27.141 D/dalvikvm(15954): GC_FOR_ALLOC freed 3816K, 48% free 9177K/17536K, paused 4ms, total 4ms
02-03 12:44:27.151 D/dalvikvm(15954): GC_FOR_ALLOC freed 3835K, 48% free 9179K/17536K, paused 4ms, total 4ms
02-03 12:44:27.161 D/dalvikvm(15954): GC_FOR_ALLOC freed 3853K, 48% free 9180K/17536K, paused 4ms, total 4ms
02-03 12:44:27.161 D/dalvikvm(15954): GC_FOR_ALLOC freed 3872K, 48% free 9181K/17536K, paused 4ms, total 4ms
02-03 12:44:27.171 D/dalvikvm(15954): GC_FOR_ALLOC freed 3891K, 48% free 9183K/17536K, paused 3ms, total 4ms
02-03 12:44:27.171 D/dalvikvm(15954): GC_FOR_ALLOC freed 3910K, 48% free 9184K/17536K, paused 4ms, total 4ms
02-03 12:44:27.181 D/dalvikvm(15954): GC_FOR_ALLOC freed 3929K, 48% free 9185K/17536K, paused 4ms, total 4ms
02-03 12:44:27.191 D/dalvikvm(15954): GC_FOR_ALLOC freed 3947K, 48% free 9187K/17536K, paused 3ms, total 3ms
02-03 12:44:27.191 D/dalvikvm(15954): GC_FOR_ALLOC freed 3966K, 48% free 9188K/17536K, paused 4ms, total 4ms
02-03 12:44:27.201 D/dalvikvm(15954): GC_CONCURRENT freed 3276K, 44% free 9898K/17536K, paused 1ms+1ms, total 6ms
02-03 12:44:27.201 D/dalvikvm(15954): WAIT_FOR_CONCURRENT_GC blocked 2ms
02-03 12:44:27.211 D/dalvikvm(15954): GC_CONCURRENT freed 4427K, 46% free 9477K/17536K, paused 0ms+1ms, total 4ms
02-03 12:44:27.211 D/dalvikvm(15954): WAIT_FOR_CONCURRENT_GC blocked 4ms
02-03 12:44:27.211 D/dalvikvm(15954): GC_CONCURRENT freed 4021K, 46% free 9480K/17536K, paused 0ms+1ms, total 4ms
02-03 12:44:27.211 D/dalvikvm(15954): WAIT_FOR_CONCURRENT_GC blocked 4ms
02-03 12:44:27.221 D/dalvikvm(15954): GC_CONCURRENT freed 4040K, 46% free 9482K/17536K, paused 1ms+1ms, total 5ms
02-03 12:44:27.221 D/dalvikvm(15954): WAIT_FOR_CONCURRENT_GC blocked 4ms
02-03 12:44:27.231 D/dalvikvm(15954): GC_CONCURRENT freed 4059K, 46% free 9485K/17536K, paused 0ms+1ms, total 4ms
02-03 12:44:27.231 D/dalvikvm(15954): WAIT_FOR_CONCURRENT_GC blocked 4ms
02-03 12:44:27.231 D/dalvikvm(15954): GC_CONCURRENT freed 4078K, 46% free 9488K/17536K, paused 0ms+1ms, total 4ms
02-03 12:44:27.231 D/dalvikvm(15954): WAIT_FOR_CONCURRENT_GC blocked 3ms
02-03 12:44:27.241 D/dalvikvm(15954): GC_FOR_ALLOC freed 3656K, 46% free 9636K/17536K, paused 3ms, total 3ms
02-03 12:44:27.251 D/dalvikvm(15954): GC_FOR_ALLOC freed 4113K, 47% free 9345K/17536K, paused 4ms, total 4ms
02-03 12:44:27.251 D/dalvikvm(15954): GC_FOR_ALLOC freed 3837K, 48% free 9200K/17536K, paused 4ms, total 4ms
02-03 12:44:27.261 D/dalvikvm(15954): GC_FOR_ALLOC freed 3407K, 45% free 9645K/17536K, paused 4ms, total 4ms
02-03 12:44:27.271 D/dalvikvm(15954): GC_FOR_ALLOC freed 4165K, 47% free 9351K/17536K, paused 4ms, total 4ms
02-03 12:44:27.271 D/dalvikvm(15954): GC_FOR_ALLOC freed 3885K, 48% free 9204K/17536K, paused 4ms, total 4ms
02-03 12:44:27.281 D/dalvikvm(15954): GC_FOR_ALLOC freed 3449K, 45% free 9654K/17536K, paused 4ms, total 4ms
02-03 12:44:27.291 D/dalvikvm(15954): GC_FOR_ALLOC freed 4217K, 47% free 9356K/17536K, paused 4ms, total 4ms
02-03 12:44:27.291 D/dalvikvm(15954): GC_FOR_ALLOC freed 3933K, 48% free 9207K/17536K, paused 4ms, total 4ms
02-03 12:44:27.301 D/dalvikvm(15954): GC_FOR_ALLOC freed 3492K, 45% free 9664K/17536K, paused 4ms, total 4ms
02-03 12:44:27.301 D/dalvikvm(15954): GC_FOR_ALLOC freed 4269K, 47% free 9362K/17536K, paused 4ms, total 4ms
02-03 12:44:27.311 D/dalvikvm(15954): GC_FOR_ALLOC freed 3981K, 48% free 9211K/17536K, paused 4ms, total 4ms
02-03 12:44:27.321 D/dalvikvm(15954): GC_FOR_ALLOC freed 3534K, 45% free 9673K/17536K, paused 3ms, total 3ms
02-03 12:44:27.321 D/dalvikvm(15954): GC_CONCURRENT freed 3244K, 41% free 10444K/17536K, paused 0ms+0ms, total 6ms
02-03 12:44:27.321 D/dalvikvm(15954): WAIT_FOR_CONCURRENT_GC blocked 2ms
02-03 12:44:27.331 D/dalvikvm(15954): GC_FOR_ALLOC freed 5105K, 48% free 9215K/17536K, paused 3ms, total 3ms
02-03 12:44:27.341 D/dalvikvm(15954): GC_FOR_ALLOC freed 3577K, 45% free 9682K/17536K, paused 4ms, total 4ms
02-03 12:44:27.341 D/dalvikvm(15954): GC_CONCURRENT freed 3283K, 41% free 10462K/17536K, paused 1ms+1ms, total 6ms
02-03 12:44:27.341 D/dalvikvm(15954): WAIT_FOR_CONCURRENT_GC blocked 2ms
02-03 12:44:27.351 D/dalvikvm(15954): GC_FOR_ALLOC freed 5166K, 48% free 9218K/17536K, paused 4ms, total 4ms
02-03 12:44:27.361 D/dalvikvm(15954): GC_CONCURRENT freed 3619K, 45% free 9691K/17536K, paused 0ms+1ms, total 4ms
02-03 12:44:27.361 D/dalvikvm(15954): WAIT_FOR_CONCURRENT_GC blocked 3ms
02-03 12:44:27.361 D/dalvikvm(15954): GC_FOR_ALLOC freed 4107K, 48% free 9221K/17536K, paused 4ms, total 4ms
02-03 12:44:27.371 D/dalvikvm(15954): GC_FOR_ALLOC freed 3646K, 47% free 9380K/17536K, paused 4ms, total 4ms
02-03 12:44:27.381 D/dalvikvm(15954): GC_CONCURRENT freed 3820K, 46% free 9541K/17536K, paused 1ms+1ms, total 5ms
02-03 12:44:27.381 D/dalvikvm(15954): WAIT_FOR_CONCURRENT_GC blocked 4ms
02-03 12:44:27.381 D/dalvikvm(15954): GC_FOR_ALLOC freed 3992K, 47% free 9383K/17536K, paused 4ms, total 4ms
02-03 12:44:27.391 D/dalvikvm(15954): GC_CONCURRENT freed 3850K, 46% free 9546K/17536K, paused 1ms+1ms, total 4ms
02-03 12:44:27.391 D/dalvikvm(15954): WAIT_FOR_CONCURRENT_GC blocked 3ms
02-03 12:44:27.401 D/dalvikvm(15954): GC_FOR_ALLOC freed 4023K, 47% free 9387K/17536K, paused 4ms, total 4ms
02-03 12:44:27.401 D/dalvikvm(15954): GC_CONCURRENT freed 3878K, 46% free 9551K/17536K, paused 1ms+0ms, total 5ms
02-03 12:44:27.401 D/dalvikvm(15954): WAIT_FOR_CONCURRENT_GC blocked 4ms
02-03 12:44:27.411 D/dalvikvm(15954): GC_FOR_ALLOC freed 4053K, 47% free 9391K/17536K, paused 4ms, total 4ms
02-03 12:44:27.421 D/dalvikvm(15954): GC_CONCURRENT freed 3907K, 46% free 9556K/17536K, paused 0ms+1ms, total 4ms
02-03 12:44:27.421 D/dalvikvm(15954): WAIT_FOR_CONCURRENT_GC blocked 4ms
02-03 12:44:27.421 D/dalvikvm(15954): GC_FOR_ALLOC freed 4084K, 47% free 9395K/17536K, paused 4ms, total 4ms
02-03 12:44:27.431 D/dalvikvm(15954): GC_FOR_ALLOC freed 3444K, 45% free 9724K/17536K, paused 4ms, total 4ms
02-03 12:44:27.441 D/dalvikvm(15954): GC_FOR_ALLOC freed 4281K, 48% free 9234K/17536K, paused 4ms, total 4ms
02-03 12:44:27.441 D/dalvikvm(15954): GC_FOR_ALLOC freed 3801K, 47% free 9400K/17536K, paused 4ms, total 4ms
02-03 12:44:27.451 D/dalvikvm(15954): GC_FOR_ALLOC freed 3481K, 45% free 9733K/17536K, paused 3ms, total 4ms
02-03 12:44:27.451 D/dalvikvm(15954): GC_FOR_ALLOC freed 4323K, 48% free 9237K/17536K, paused 4ms, total 4ms
02-03 12:44:27.461 D/dalvikvm(15954): GC_CONCURRENT freed 3835K, 47% free 9405K/17536K, paused 0ms+1ms, total 4ms
02-03 12:44:27.461 D/dalvikvm(15954): WAIT_FOR_CONCURRENT_GC blocked 3ms
02-03 12:44:27.471 D/dalvikvm(15954): GC_FOR_ALLOC freed 3513K, 45% free 9740K/17536K, paused 4ms, total 4ms
02-03 12:44:27.471 D/dalvikvm(15954): GC_FOR_ALLOC freed 4362K, 48% free 9240K/17536K, paused 4ms, total 4ms
02-03 12:44:27.481 D/dalvikvm(15954): GC_CONCURRENT freed 3870K, 47% free 9409K/17536K, paused 1ms+1ms, total 4ms
02-03 12:44:27.481 D/dalvikvm(15954): WAIT_FOR_CONCURRENT_GC blocked 4ms
02-03 12:44:27.491 D/dalvikvm(15954): GC_FOR_ALLOC freed 3544K, 45% free 9748K/17536K, paused 4ms, total 4ms
02-03 12:44:27.501 D/dalvikvm(15954): GC_FOR_ALLOC freed 4404K, 48% free 9244K/17536K, paused 4ms, total 5ms
02-03 12:44:27.511 D/dalvikvm(15954): GC_FOR_ALLOC freed 4069K, 48% free 9270K/17536K, paused 4ms, total 4ms
02-03 12:44:27.511 D/dalvikvm(15954): GC_CONCURRENT freed 3030K, 43% free 10170K/17536K, paused 1ms+1ms, total 8ms
02-03 12:44:27.521 D/dalvikvm(15954): WAIT_FOR_CONCURRENT_GC blocked 3ms
02-03 12:44:27.531 D/dalvikvm(15954): GC_FOR_ALLOC freed 4878K, 51% free 8703K/17536K, paused 5ms, total 5ms
02-03 12:44:27.541 W/BindingManager(18937): Cannot call determinedVisibility() - never saw a connection for the pid: 18937
02-03 12:44:27.561 D/dalvikvm(15954): GC_CONCURRENT freed 3327K, 47% free 9418K/17536K, paused 1ms+1ms, total 4ms
02-03 12:44:27.621 D/dalvikvm(15954): GC_CONCURRENT freed 4410K, 43% free 10082K/17536K, paused 0ms+1ms, total 9ms
02-03 12:44:27.631 D/dalvikvm(15954): GC_CONCURRENT freed 5125K, 49% free 9034K/17536K, paused 0ms+1ms, total 4ms
02-03 12:44:27.631 D/dalvikvm(15954): WAIT_FOR_CONCURRENT_GC blocked 4ms
02-03 12:44:27.641 D/dalvikvm(15954): GC_CONCURRENT freed 4078K, 49% free 9039K/17536K, paused 1ms+1ms, total 5ms
02-03 12:44:27.641 D/dalvikvm(15954): WAIT_FOR_CONCURRENT_GC blocked 5ms
02-03 12:44:27.651 D/dalvikvm(15954): GC_CONCURRENT freed 4129K, 49% free 8996K/17536K, paused 1ms+1ms, total 5ms
02-03 12:44:27.651 D/dalvikvm(15954): WAIT_FOR_CONCURRENT_GC blocked 4ms
02-03 12:44:27.661 D/dalvikvm(15954): GC_FOR_ALLOC freed 3995K, 49% free 9057K/17536K, paused 4ms, total 4ms
02-03 12:44:27.661 D/dalvikvm(15954): GC_CONCURRENT freed 3384K, 48% free 9273K/17536K, paused 1ms+2ms, total 6ms
02-03 12:44:27.671 D/dalvikvm(15954): GC_FOR_ALLOC freed 4299K, 49% free 8998K/17536K, paused 4ms, total 4ms
02-03 12:44:27.681 D/dalvikvm(15954): GC_CONCURRENT freed 3248K, 48% free 9286K/17536K, paused 1ms+2ms, total 6ms
02-03 12:44:27.681 D/dalvikvm(15954): GC_CONCURRENT freed 4313K, 49% free 8995K/17536K, paused 1ms+1ms, total 5ms
02-03 12:44:27.681 D/dalvikvm(15954): WAIT_FOR_CONCURRENT_GC blocked 4ms
02-03 12:44:27.691 D/dalvikvm(15954): GC_FOR_ALLOC freed 4048K, 49% free 9036K/17536K, paused 4ms, total 4ms
02-03 12:44:27.701 D/dalvikvm(15954): GC_CONCURRENT freed 3493K, 48% free 9292K/17536K, paused 1ms+1ms, total 7ms
02-03 12:44:27.711 D/dalvikvm(15954): GC_CONCURRENT freed 4256K, 49% free 9090K/17536K, paused 1ms+1ms, total 5ms
02-03 12:44:27.711 D/dalvikvm(15954): WAIT_FOR_CONCURRENT_GC blocked 4ms
02-03 12:44:27.721 D/dalvikvm(15954): GC_CONCURRENT freed 4082K, 49% free 9045K/17536K, paused 0ms+1ms, total 5ms
02-03 12:44:27.721 D/dalvikvm(15954): WAIT_FOR_CONCURRENT_GC blocked 5ms
02-03 12:44:27.721 D/dalvikvm(15954): GC_CONCURRENT freed 4051K, 49% free 9079K/17536K, paused 1ms+1ms, total 5ms
02-03 12:44:27.721 D/dalvikvm(15954): WAIT_FOR_CONCURRENT_GC blocked 4ms
02-03 12:44:27.731 D/dalvikvm(15954): GC_CONCURRENT freed 3996K, 48% free 9135K/17536K, paused 0ms+1ms, total 5ms
02-03 12:44:27.731 D/dalvikvm(15954): WAIT_FOR_CONCURRENT_GC blocked 4ms
02-03 12:44:27.741 D/dalvikvm(15954): GC_CONCURRENT freed 3978K, 48% free 9137K/17536K, paused 1ms+1ms, total 6ms
02-03 12:44:27.741 D/dalvikvm(15954): WAIT_FOR_CONCURRENT_GC blocked 5ms
02-03 12:44:27.751 D/dalvikvm(15954): GC_CONCURRENT freed 3941K, 48% free 9193K/17536K, paused 0ms+1ms, total 5ms
02-03 12:44:27.751 D/dalvikvm(15954): WAIT_FOR_CONCURRENT_GC blocked 5ms
02-03 12:44:27.761 D/dalvikvm(15954): GC_FOR_ALLOC freed 4115K, 49% free 9031K/17536K, paused 4ms, total 4ms
02-03 12:44:27.761 D/dalvikvm(15954): GC_FOR_ALLOC freed 3949K, 49% free 9030K/17536K, paused 4ms, total 4ms
02-03 12:44:27.771 D/dalvikvm(15954): GC_CONCURRENT freed 3933K, 48% free 9150K/17536K, paused 0ms+0ms, total 5ms
02-03 12:44:27.771 D/dalvikvm(15954): WAIT_FOR_CONCURRENT_GC blocked 4ms
02-03 12:44:27.781 D/dalvikvm(15954): GC_CONCURRENT freed 3975K, 48% free 9211K/17536K, paused 1ms+1ms, total 5ms
02-03 12:44:27.781 D/dalvikvm(15954): WAIT_FOR_CONCURRENT_GC blocked 4ms
02-03 12:44:27.791 D/dalvikvm(15954): GC_FOR_ALLOC freed 4133K, 49% free 9031K/17536K, paused 4ms, total 4ms
02-03 12:44:27.791 D/dalvikvm(15954): GC_FOR_ALLOC freed 3917K, 49% free 9030K/17536K, paused 4ms, total 4ms
02-03 12:44:27.801 D/dalvikvm(15954): GC_CONCURRENT freed 3869K, 48% free 9193K/17536K, paused 1ms+1ms, total 5ms
02-03 12:44:27.801 D/dalvikvm(15954): WAIT_FOR_CONCURRENT_GC blocked 4ms
02-03 12:44:27.811 D/dalvikvm(15954): GC_CONCURRENT freed 4084K, 48% free 9193K/17536K, paused 1ms+1ms, total 6ms
02-03 12:44:27.811 D/dalvikvm(15954): WAIT_FOR_CONCURRENT_GC blocked 4ms
02-03 12:44:27.821 D/dalvikvm(15954): GC_CONCURRENT freed 3967K, 48% free 9260K/17536K, paused 0ms+1ms, total 5ms
02-03 12:44:27.821 D/dalvikvm(15954): WAIT_FOR_CONCURRENT_GC blocked 4ms
02-03 12:44:27.831 D/dalvikvm(15954): GC_FOR_ALLOC freed 4113K, 49% free 9060K/17536K, paused 4ms, total 4ms
02-03 12:44:27.831 D/dalvikvm(15954): GC_FOR_ALLOC freed 3984K, 48% free 9127K/17536K, paused 4ms, total 4ms
02-03 12:44:27.841 D/dalvikvm(15954): GC_CONCURRENT freed 3571K, 46% free 9471K/17536K, paused 1ms+1ms, total 7ms
02-03 12:44:27.851 D/dalvikvm(15954): GC_FOR_ALLOC freed 4327K, 48% free 9126K/17536K, paused 4ms, total 4ms
02-03 12:44:27.851 D/dalvikvm(15954): GC_CONCURRENT freed 3693K, 46% free 9482K/17536K, paused 1ms+1ms, total 7ms
02-03 12:44:27.851 D/dalvikvm(15954): WAIT_FOR_CONCURRENT_GC blocked 2ms
02-03 12:44:27.861 D/dalvikvm(15954): GC_FOR_ALLOC freed 4325K, 49% free 9052K/17536K, paused 4ms, total 4ms
02-03 12:44:27.871 D/dalvikvm(15954): GC_FOR_ALLOC freed 3805K, 47% free 9306K/17536K, paused 4ms, total 4ms
02-03 12:44:27.871 D/dalvikvm(15954): GC_CONCURRENT freed 3407K, 45% free 9760K/17536K, paused 1ms+2ms, total 6ms
02-03 12:44:27.881 D/dalvikvm(15954): GC_FOR_ALLOC freed 4597K, 48% free 9159K/17536K, paused 4ms, total 4ms
02-03 12:44:27.891 D/dalvikvm(15954): GC_CONCURRENT freed 3278K, 44% free 9854K/17536K, paused 1ms+1ms, total 6ms
02-03 12:44:27.901 D/dalvikvm(15954): GC_CONCURRENT freed 4644K, 48% free 9242K/17536K, paused 1ms+1ms, total 5ms
02-03 12:44:27.901 D/dalvikvm(15954): WAIT_FOR_CONCURRENT_GC blocked 4ms
02-03 12:44:27.901 D/dalvikvm(15954): GC_FOR_ALLOC freed 4087K, 49% free 9081K/17536K, paused 4ms, total 4ms
02-03 12:44:27.911 D/dalvikvm(15954): GC_CONCURRENT freed 3815K, 48% free 9247K/17536K, paused 0ms+1ms, total 5ms
02-03 12:44:27.911 D/dalvikvm(15954): WAIT_FOR_CONCURRENT_GC blocked 4ms
02-03 12:44:27.921 D/dalvikvm(15954): GC_CONCURRENT freed 4030K, 48% free 9251K/17536K, paused 0ms+0ms, total 5ms
02-03 12:44:27.921 D/dalvikvm(15954): WAIT_FOR_CONCURRENT_GC blocked 4ms
02-03 12:44:27.931 D/dalvikvm(15954): GC_CONCURRENT freed 4088K, 48% free 9251K/17536K, paused 0ms+1ms, total 5ms
02-03 12:44:27.931 D/dalvikvm(15954): WAIT_FOR_CONCURRENT_GC blocked 4ms
02-03 12:44:27.931 D/dalvikvm(15954): GC_CONCURRENT freed 3886K, 47% free 9335K/17536K, paused 1ms+1ms, total 5ms
02-03 12:44:27.931 D/dalvikvm(15954): WAIT_FOR_CONCURRENT_GC blocked 4ms
02-03 12:44:27.941 D/dalvikvm(15954): GC_CONCURRENT freed 4189K, 48% free 9166K/17536K, paused 1ms+1ms, total 6ms
02-03 12:44:27.941 D/dalvikvm(15954): WAIT_FOR_CONCURRENT_GC blocked 5ms
02-03 12:44:27.951 D/dalvikvm(15954): GC_CONCURRENT freed 3894K, 48% free 9251K/17536K, paused 0ms+0ms, total 5ms
02-03 12:44:27.951 D/dalvikvm(15954): WAIT_FOR_CONCURRENT_GC blocked 4ms
02-03 12:44:27.961 D/dalvikvm(15954): GC_FOR_ALLOC freed 4023K, 48% free 9195K/17536K, paused 4ms, total 4ms
02-03 12:44:27.971 D/dalvikvm(15954): GC_CONCURRENT freed 3981K, 48% free 9283K/17536K, paused 1ms+1ms, total 6ms
02-03 12:44:27.971 D/dalvikvm(15954): WAIT_FOR_CONCURRENT_GC blocked 4ms
02-03 12:44:27.971 D/dalvikvm(15954): GC_CONCURRENT freed 4112K, 48% free 9193K/17536K, paused 1ms+1ms, total 5ms
02-03 12:44:27.971 D/dalvikvm(15954): WAIT_FOR_CONCURRENT_GC blocked 4ms
02-03 12:44:27.981 D/dalvikvm(15954): GC_CONCURRENT freed 3796K, 47% free 9373K/17536K, paused 1ms+1ms, total 6ms
02-03 12:44:27.981 D/dalvikvm(15954): WAIT_FOR_CONCURRENT_GC blocked 4ms
02-03 12:44:27.991 D/dalvikvm(15954): GC_CONCURRENT freed 4105K, 48% free 9286K/17536K, paused 0ms+0ms, total 5ms
02-03 12:44:27.991 D/dalvikvm(15954): WAIT_FOR_CONCURRENT_GC blocked 4ms
02-03 12:44:28.001 D/dalvikvm(15954): GC_FOR_ALLOC freed 4058K, 49% free 9101K/17536K, paused 4ms, total 4ms
02-03 12:44:28.011 D/dalvikvm(15954): GC_FOR_ALLOC freed 3913K, 49% free 9099K/17536K, paused 4ms, total 5ms
02-03 12:44:28.011 D/dalvikvm(15954): GC_FOR_ALLOC freed 3951K, 49% free 9097K/17536K, paused 4ms, total 4ms
02-03 12:44:28.021 D/dalvikvm(15954): GC_CONCURRENT freed 3794K, 48% free 9289K/17536K, paused 0ms+0ms, total 5ms
02-03 12:44:28.021 D/dalvikvm(15954): WAIT_FOR_CONCURRENT_GC blocked 4ms
02-03 12:44:28.031 D/dalvikvm(15954): GC_CONCURRENT freed 4020K, 48% free 9292K/17536K, paused 0ms+0ms, total 5ms
02-03 12:44:28.031 D/dalvikvm(15954): WAIT_FOR_CONCURRENT_GC blocked 4ms
02-03 12:44:28.041 D/dalvikvm(15954): GC_CONCURRENT freed 4062K, 48% free 9292K/17536K, paused 0ms+0ms, total 5ms
02-03 12:44:28.041 D/dalvikvm(15954): WAIT_FOR_CONCURRENT_GC blocked 4ms
02-03 12:44:28.041 D/dalvikvm(15954): GC_FOR_ALLOC freed 3801K, 47% free 9392K/17536K, paused 4ms, total 4ms
02-03 12:44:28.051 D/dalvikvm(15954): GC_CONCURRENT freed 4134K, 48% free 9228K/17536K, paused 0ms+1ms, total 5ms
02-03 12:44:28.051 D/dalvikvm(15954): WAIT_FOR_CONCURRENT_GC blocked 4ms
02-03 12:44:28.061 D/dalvikvm(15954): GC_FOR_ALLOC freed 3973K, 48% free 9127K/17536K, paused 4ms, total 4ms
02-03 12:44:28.061 D/dalvikvm(15954): GC_FOR_ALLOC freed 3701K, 47% free 9429K/17536K, paused 4ms, total 4ms
02-03 12:44:28.071 D/dalvikvm(15954): GC_CONCURRENT freed 3539K, 44% free 9929K/17536K, paused 1ms+1ms, total 6ms
02-03 12:44:28.071 D/dalvikvm(15954): WAIT_FOR_CONCURRENT_GC blocked 2ms
02-03 12:44:28.081 D/dalvikvm(15954): GC_CONCURRENT freed 4569K, 47% free 9332K/17536K, paused 1ms+1ms, total 7ms
02-03 12:44:28.081 D/dalvikvm(15954): WAIT_FOR_CONCURRENT_GC blocked 6ms
02-03 12:44:28.091 D/dalvikvm(15954): GC_FOR_ALLOC freed 4005K, 48% free 9228K/17536K, paused 6ms, total 7ms
02-03 12:44:28.101 D/dalvikvm(15954): GC_CONCURRENT freed 3936K, 47% free 9331K/17536K, paused 1ms+1ms, total 6ms
02-03 12:44:28.101 D/dalvikvm(15954): WAIT_FOR_CONCURRENT_GC blocked 4ms
02-03 12:44:28.111 D/dalvikvm(15954): GC_FOR_ALLOC freed 4067K, 48% free 9230K/17536K, paused 6ms, total 6ms
02-03 12:44:28.121 D/dalvikvm(15954): GC_FOR_ALLOC freed 3681K, 47% free 9443K/17536K, paused 5ms, total 5ms
02-03 12:44:28.121 W/BindingManager(18937): Cannot call determinedVisibility() - never saw a connection for the pid: 18937
02-03 12:44:28.131 D/dalvikvm(15954): GC_FOR_ALLOC freed 4244K, 48% free 9125K/17536K, paused 5ms, total 6ms
02-03 12:44:28.141 D/dalvikvm(15954): GC_CONCURRENT freed 3952K, 48% free 9233K/17536K, paused 0ms+1ms, total 6ms
02-03 12:44:28.151 D/dalvikvm(15954): GC_CONCURRENT freed 3766K, 47% free 9451K/17536K, paused 1ms+0ms, total 7ms
02-03 12:44:28.151 D/dalvikvm(15954): WAIT_FOR_CONCURRENT_GC blocked 5ms
02-03 12:44:28.161 D/dalvikvm(15954): GC_CONCURRENT freed 4123K, 47% free 9343K/17536K, paused 2ms+1ms, total 6ms
02-03 12:44:28.161 D/dalvikvm(15954): WAIT_FOR_CONCURRENT_GC blocked 4ms
02-03 12:44:28.171 D/dalvikvm(15954): GC_FOR_ALLOC freed 4038K, 48% free 9127K/17536K, paused 7ms, total 7ms
02-03 12:44:28.181 D/dalvikvm(15954): GC_FOR_ALLOC freed 3848K, 48% free 9129K/17536K, paused 5ms, total 5ms
02-03 12:44:28.191 D/dalvikvm(15954): GC_FOR_ALLOC freed 3874K, 48% free 9130K/17536K, paused 6ms, total 6ms
02-03 12:44:28.201 D/dalvikvm(15954): GC_FOR_ALLOC freed 3900K, 48% free 9132K/17536K, paused 5ms, total 5ms
02-03 12:44:28.211 D/dalvikvm(15954): GC_FOR_ALLOC freed 3926K, 48% free 9133K/17536K, paused 4ms, total 4ms
02-03 12:44:28.211 D/dalvikvm(15954): GC_FOR_ALLOC freed 3952K, 48% free 9135K/17536K, paused 4ms, total 4ms
02-03 12:44:28.231 D/dalvikvm(15954): GC_CONCURRENT freed 3751K, 47% free 9364K/17536K, paused 1ms+1ms, total 10ms
02-03 12:44:28.231 D/dalvikvm(15954): WAIT_FOR_CONCURRENT_GC blocked 8ms
02-03 12:44:28.241 D/dalvikvm(15954): GC_CONCURRENT freed 4003K, 47% free 9367K/17536K, paused 1ms+1ms, total 6ms
02-03 12:44:28.241 D/dalvikvm(15954): WAIT_FOR_CONCURRENT_GC blocked 5ms
02-03 12:44:28.251 D/dalvikvm(15954): GC_CONCURRENT freed 4029K, 47% free 9370K/17536K, paused 1ms+1ms, total 6ms
02-03 12:44:28.251 D/dalvikvm(15954): WAIT_FOR_CONCURRENT_GC blocked 5ms
02-03 12:44:28.261 D/dalvikvm(15954): GC_CONCURRENT freed 4055K, 47% free 9373K/17536K, paused 1ms+0ms, total 5ms
02-03 12:44:28.261 D/dalvikvm(15954): WAIT_FOR_CONCURRENT_GC blocked 4ms
02-03 12:44:28.271 D/dalvikvm(15954): GC_CONCURRENT freed 4084K, 47% free 9376K/17536K, paused 1ms+1ms, total 5ms
02-03 12:44:28.271 D/dalvikvm(15954): WAIT_FOR_CONCURRENT_GC blocked 4ms
02-03 12:44:28.271 D/dalvikvm(15954): GC_FOR_ALLOC freed 3763K, 46% free 9492K/17536K, paused 4ms, total 4ms
02-03 12:44:28.281 D/dalvikvm(15954): GC_FOR_ALLOC freed 4140K, 48% free 9259K/17536K, paused 4ms, total 4ms
02-03 12:44:28.291 D/dalvikvm(15954): GC_FOR_ALLOC freed 3931K, 48% free 9143K/17536K, paused 4ms, total 4ms
02-03 12:44:28.291 D/dalvikvm(15954): GC_FOR_ALLOC freed 3596K, 46% free 9504K/17536K, paused 4ms, total 4ms
02-03 12:44:28.301 D/dalvikvm(15954): GC_FOR_ALLOC freed 4223K, 48% free 9267K/17536K, paused 4ms, total 4ms
02-03 12:44:28.311 D/dalvikvm(15954): GC_CONCURRENT freed 3405K, 45% free 9752K/17536K, paused 0ms+1ms, total 6ms
02-03 12:44:28.311 D/dalvikvm(15954): WAIT_FOR_CONCURRENT_GC blocked 2ms
02-03 12:44:28.311 D/dalvikvm(15954): GC_FOR_ALLOC freed 4270K, 46% free 9516K/17536K, paused 4ms, total 4ms
02-03 12:44:28.321 D/dalvikvm(15954): GC_CONCURRENT freed 3448K, 43% free 10130K/17536K, paused 1ms+1ms, total 6ms
02-03 12:44:28.321 D/dalvikvm(15954): WAIT_FOR_CONCURRENT_GC blocked 2ms
02-03 12:44:28.331 D/dalvikvm(15954): GC_FOR_ALLOC freed 4943K, 48% free 9153K/17536K, paused 4ms, total 4ms
02-03 12:44:28.331 D/dalvikvm(15954): GC_FOR_ALLOC freed 3737K, 48% free 9278K/17536K, paused 4ms, total 4ms
02-03 12:44:28.341 D/dalvikvm(15954): GC_CONCURRENT freed 3886K, 47% free 9406K/17536K, paused 1ms+0ms, total 5ms
02-03 12:44:28.341 D/dalvikvm(15954): WAIT_FOR_CONCURRENT_GC blocked 4ms
02-03 12:44:28.351 D/dalvikvm(15954): GC_FOR_ALLOC freed 4033K, 48% free 9283K/17536K, paused 4ms, total 4ms
02-03 12:44:28.351 D/dalvikvm(15954): GC_FOR_ALLOC freed 4186K, 48% free 9159K/17536K, paused 4ms, total 4ms
02-03 12:44:28.361 D/dalvikvm(15954): GC_CONCURRENT freed 3446K, 45% free 9668K/17536K, paused 1ms+1ms, total 6ms
02-03 12:44:28.361 D/dalvikvm(15954): WAIT_FOR_CONCURRENT_GC blocked 1ms
02-03 12:44:28.371 D/dalvikvm(15954): GC_FOR_ALLOC freed 3973K, 46% free 9546K/17536K, paused 4ms, total 4ms
02-03 12:44:28.371 D/dalvikvm(15954): GC_FOR_ALLOC freed 4257K, 48% free 9163K/17536K, paused 4ms, total 4ms
02-03 12:44:28.381 D/dalvikvm(15954): GC_FOR_ALLOC freed 3892K, 47% free 9294K/17536K, paused 4ms, total 4ms
02-03 12:44:28.381 D/dalvikvm(15954): GC_CONCURRENT freed 3003K, 42% free 10206K/17536K, paused 1ms+1ms, total 6ms
02-03 12:44:28.381 D/dalvikvm(15954): WAIT_FOR_CONCURRENT_GC blocked 2ms
02-03 12:44:28.391 D/dalvikvm(15954): GC_FOR_ALLOC freed 4978K, 48% free 9167K/17536K, paused 4ms, total 4ms
02-03 12:44:28.401 D/dalvikvm(15954): GC_FOR_ALLOC freed 3957K, 47% free 9300K/17536K, paused 4ms, total 4ms
02-03 12:44:28.401 D/dalvikvm(15954): GC_CONCURRENT freed 3053K, 42% free 10227K/17536K, paused 1ms+0ms, total 7ms
02-03 12:44:28.401 D/dalvikvm(15954): WAIT_FOR_CONCURRENT_GC blocked 2ms
02-03 12:44:28.411 D/dalvikvm(15954): GC_CONCURRENT freed 4793K, 47% free 9438K/17536K, paused 1ms+1ms, total 5ms
02-03 12:44:28.411 D/dalvikvm(15954): WAIT_FOR_CONCURRENT_GC blocked 4ms
02-03 12:44:28.421 D/dalvikvm(15954): GC_FOR_ALLOC freed 4020K, 48% free 9173K/17536K, paused 4ms, total 4ms
02-03 12:44:28.421 D/dalvikvm(15954): GC_FOR_ALLOC freed 3773K, 48% free 9174K/17536K, paused 4ms, total 4ms
02-03 12:44:28.431 D/dalvikvm(15954): GC_FOR_ALLOC freed 3792K, 48% free 9176K/17536K, paused 4ms, total 4ms
02-03 12:44:28.441 D/dalvikvm(15954): GC_FOR_ALLOC freed 3811K, 48% free 9177K/17536K, paused 4ms, total 4ms
02-03 12:44:28.441 D/dalvikvm(15954): GC_FOR_ALLOC freed 3830K, 48% free 9178K/17536K, paused 4ms, total 4ms
02-03 12:44:28.451 D/dalvikvm(15954): GC_FOR_ALLOC freed 3849K, 48% free 9180K/17536K, paused 4ms, total 4ms
02-03 12:44:28.461 D/dalvikvm(15954): GC_FOR_ALLOC freed 3867K, 48% free 9181K/17536K, paused 4ms, total 4ms
02-03 12:44:28.461 D/dalvikvm(15954): GC_FOR_ALLOC freed 3886K, 48% free 9182K/17536K, paused 4ms, total 4ms
02-03 12:44:28.471 D/dalvikvm(15954): GC_FOR_ALLOC freed 3905K, 48% free 9184K/17536K, paused 4ms, total 4ms
02-03 12:44:28.481 D/dalvikvm(15954): GC_FOR_ALLOC freed 3924K, 48% free 9185K/17536K, paused 5ms, total 5ms
02-03 12:44:28.481 D/dalvikvm(15954): GC_FOR_ALLOC freed 3943K, 48% free 9187K/17536K, paused 4ms, total 4ms
02-03 12:44:28.491 D/dalvikvm(15954): GC_FOR_ALLOC freed 3961K, 48% free 9188K/17536K, paused 4ms, total 4ms
02-03 12:44:28.501 D/dalvikvm(15954): GC_CONCURRENT freed 3696K, 46% free 9474K/17536K, paused 1ms+1ms, total 5ms
02-03 12:44:28.501 D/dalvikvm(15954): WAIT_FOR_CONCURRENT_GC blocked 4ms
02-03 12:44:28.501 D/dalvikvm(15954): GC_CONCURRENT freed 3998K, 46% free 9476K/17536K, paused 0ms+1ms, total 4ms
02-03 12:44:28.501 D/dalvikvm(15954): WAIT_FOR_CONCURRENT_GC blocked 4ms
02-03 12:44:28.511 D/dalvikvm(15954): GC_CONCURRENT freed 4017K, 46% free 9479K/17536K, paused 0ms+1ms, total 5ms
02-03 12:44:28.511 D/dalvikvm(15954): WAIT_FOR_CONCURRENT_GC blocked 4ms
02-03 12:44:28.521 D/dalvikvm(15954): GC_CONCURRENT freed 4035K, 46% free 9482K/17536K, paused 1ms+1ms, total 5ms
02-03 12:44:28.521 D/dalvikvm(15954): WAIT_FOR_CONCURRENT_GC blocked 4ms
02-03 12:44:28.531 D/dalvikvm(15954): GC_CONCURRENT freed 4054K, 46% free 9484K/17536K, paused 1ms+1ms, total 5ms
02-03 12:44:28.531 D/dalvikvm(15954): WAIT_FOR_CONCURRENT_GC blocked 4ms
02-03 12:44:28.541 D/dalvikvm(15954): GC_CONCURRENT freed 4073K, 46% free 9487K/17536K, paused 1ms+1ms, total 5ms
02-03 12:44:28.541 D/dalvikvm(15954): WAIT_FOR_CONCURRENT_GC blocked 4ms
02-03 12:44:28.541 D/dalvikvm(15954): GC_CONCURRENT freed 4092K, 46% free 9490K/17536K, paused 1ms+0ms, total 5ms
02-03 12:44:28.541 D/dalvikvm(15954): WAIT_FOR_CONCURRENT_GC blocked 4ms
02-03 12:44:28.551 D/dalvikvm(15954): GC_FOR_ALLOC freed 3668K, 46% free 9638K/17536K, paused 4ms, total 4ms
02-03 12:44:28.561 D/dalvikvm(15954): GC_FOR_ALLOC freed 4127K, 47% free 9347K/17536K, paused 4ms, total 4ms
02-03 12:44:28.561 D/dalvikvm(15954): GC_FOR_ALLOC freed 3850K, 48% free 9201K/17536K, paused 4ms, total 4ms
02-03 12:44:28.571 D/dalvikvm(15954): GC_FOR_ALLOC freed 3418K, 45% free 9648K/17536K, paused 4ms, total 4ms
02-03 12:44:28.581 D/dalvikvm(15954): GC_FOR_ALLOC freed 4179K, 47% free 9352K/17536K, paused 4ms, total 4ms
02-03 12:44:28.581 D/dalvikvm(15954): GC_FOR_ALLOC freed 3898K, 48% free 9205K/17536K, paused 4ms, total 4ms
02-03 12:44:28.591 D/dalvikvm(15954): GC_FOR_ALLOC freed 3461K, 45% free 9657K/17536K, paused 4ms, total 4ms
02-03 12:44:28.601 D/dalvikvm(15954): GC_FOR_ALLOC freed 4231K, 47% free 9358K/17536K, paused 4ms, total 4ms
02-03 12:44:28.601 D/dalvikvm(15954): GC_FOR_ALLOC freed 3946K, 48% free 9208K/17536K, paused 4ms, total 4ms
02-03 12:44:28.611 D/dalvikvm(15954): GC_FOR_ALLOC freed 3503K, 45% free 9666K/17536K, paused 4ms, total 4ms
02-03 12:44:28.621 D/dalvikvm(15954): GC_CONCURRENT freed 4282K, 47% free 9364K/17536K, paused 1ms+1ms, total 5ms
02-03 12:44:28.621 D/dalvikvm(15954): WAIT_FOR_CONCURRENT_GC blocked 4ms
02-03 12:44:28.621 D/dalvikvm(15954): GC_FOR_ALLOC freed 3994K, 48% free 9212K/17536K, paused 4ms, total 4ms
02-03 12:44:28.631 D/dalvikvm(15954): GC_CONCURRENT freed 3546K, 45% free 9675K/17536K, paused 0ms+1ms, total 5ms
02-03 12:44:28.631 D/dalvikvm(15954): WAIT_FOR_CONCURRENT_GC blocked 4ms
02-03 12:44:28.641 D/dalvikvm(15954): GC_CONCURRENT freed 4334K, 47% free 9369K/17536K, paused 0ms+0ms, total 5ms
02-03 12:44:28.641 D/dalvikvm(15954): WAIT_FOR_CONCURRENT_GC blocked 4ms
02-03 12:44:28.651 D/dalvikvm(15954): GC_FOR_ALLOC freed 4042K, 48% free 9216K/17536K, paused 4ms, total 4ms
02-03 12:44:28.651 D/dalvikvm(15954): GC_FOR_ALLOC freed 3588K, 45% free 9685K/17536K, paused 5ms, total 5ms
02-03 12:44:28.661 D/dalvikvm(15954): GC_CONCURRENT freed 3293K, 41% free 10467K/17536K, paused 0ms+1ms, total 6ms
02-03 12:44:28.661 D/dalvikvm(15954): WAIT_FOR_CONCURRENT_GC blocked 2ms
02-03 12:44:28.671 D/dalvikvm(15954): GC_FOR_ALLOC freed 5183K, 48% free 9219K/17536K, paused 4ms, total 4ms
02-03 12:44:28.671 D/dalvikvm(15954): GC_FOR_ALLOC freed 3631K, 47% free 9378K/17536K, paused 4ms, total 4ms
02-03 12:44:28.681 D/dalvikvm(15954): GC_FOR_ALLOC freed 4121K, 48% free 9222K/17536K, paused 5ms, total 5ms
02-03 12:44:28.691 D/dalvikvm(15954): GC_FOR_ALLOC freed 3658K, 47% free 9381K/17536K, paused 5ms, total 5ms
02-03 12:44:28.701 D/dalvikvm(15954): GC_CONCURRENT freed 3832K, 46% free 9544K/17536K, paused 1ms+1ms, total 5ms
02-03 12:44:28.701 D/dalvikvm(15954): WAIT_FOR_CONCURRENT_GC blocked 4ms
02-03 12:44:28.701 D/dalvikvm(15954): GC_FOR_ALLOC freed 4006K, 47% free 9385K/17536K, paused 4ms, total 4ms
02-03 12:44:28.711 D/dalvikvm(15954): GC_CONCURRENT freed 3862K, 46% free 9548K/17536K, paused 1ms+1ms, total 5ms
02-03 12:44:28.711 D/dalvikvm(15954): WAIT_FOR_CONCURRENT_GC blocked 4ms
02-03 12:44:28.721 D/dalvikvm(15954): GC_FOR_ALLOC freed 4036K, 47% free 9389K/17536K, paused 5ms, total 5ms
02-03 12:44:28.731 D/dalvikvm(15954): GC_CONCURRENT freed 3891K, 46% free 9553K/17536K, paused 2ms+1ms, total 6ms
02-03 12:44:28.731 D/dalvikvm(15954): WAIT_FOR_CONCURRENT_GC blocked 4ms
02-03 12:44:28.741 D/dalvikvm(15954): GC_FOR_ALLOC freed 4066K, 47% free 9392K/17536K, paused 8ms, total 9ms
02-03 12:44:28.751 W/BindingManager(18937): Cannot call determinedVisibility() - never saw a connection for the pid: 18937
02-03 12:44:28.751 D/dalvikvm(15954): GC_CONCURRENT freed 3921K, 46% free 9558K/17536K, paused 1ms+2ms, total 6ms
02-03 12:44:28.751 D/dalvikvm(15954): WAIT_FOR_CONCURRENT_GC blocked 5ms
02-03 12:44:28.771 D/dalvikvm(15954): GC_FOR_ALLOC freed 4098K, 47% free 9396K/17536K, paused 5ms, total 6ms
02-03 12:44:28.781 D/dalvikvm(15954): GC_FOR_ALLOC freed 3456K, 45% free 9727K/17536K, paused 4ms, total 4ms
02-03 12:44:28.791 I/chromium(18937): [INFO:CONSOLE(48)] "Uncaught ReferenceError: SharedWorker is not defined", source: app://org.xwalk.webapi_noneservice_tests//opt/tct-workers-w3c-tests/workers/SharedWorkerLocation_search_nonexist.html (48)
02-03 12:44:28.791 D/dalvikvm(15954): GC_FOR_ALLOC freed 4295K, 48% free 9235K/17536K, paused 6ms, total 6ms
02-03 12:44:28.801 D/dalvikvm(15954): GC_CONCURRENT freed 3811K, 47% free 9402K/17536K, paused 1ms+1ms, total 5ms
02-03 12:44:28.801 D/dalvikvm(15954): WAIT_FOR_CONCURRENT_GC blocked 4ms
02-03 12:44:28.811 D/dalvikvm(15954): GC_FOR_ALLOC freed 3491K, 45% free 9735K/17536K, paused 5ms, total 5ms
02-03 12:44:28.821 D/dalvikvm(15954): GC_FOR_ALLOC freed 4335K, 48% free 9238K/17536K, paused 5ms, total 5ms
02-03 12:44:28.831 D/dalvikvm(15954): GC_CONCURRENT freed 3846K, 47% free 9406K/17536K, paused 1ms+1ms, total 5ms
02-03 12:44:28.831 D/dalvikvm(15954): WAIT_FOR_CONCURRENT_GC blocked 4ms
02-03 12:44:28.831 D/dalvikvm(15954): GC_FOR_ALLOC freed 3522K, 45% free 9743K/17536K, paused 4ms, total 4ms
02-03 12:44:28.841 D/dalvikvm(15954): GC_FOR_ALLOC freed 4374K, 48% free 9241K/17536K, paused 4ms, total 4ms
02-03 12:44:28.851 D/dalvikvm(15954): GC_CONCURRENT freed 3880K, 47% free 9411K/17536K, paused 1ms+1ms, total 5ms
02-03 12:44:28.851 D/dalvikvm(15954): WAIT_FOR_CONCURRENT_GC blocked 5ms
02-03 12:44:28.851 D/dalvikvm(15954): GC_FOR_ALLOC freed 3556K, 45% free 9751K/17536K, paused 4ms, total 4ms
02-03 12:44:28.861 D/dalvikvm(15954): GC_CONCURRENT freed 4072K, 45% free 9774K/17536K, paused 0ms+1ms, total 4ms
02-03 12:44:28.861 D/dalvikvm(15954): WAIT_FOR_CONCURRENT_GC blocked 4ms
02-03 12:44:28.871 D/dalvikvm(15954): GC_FOR_ALLOC freed 4242K, 47% free 9453K/17536K, paused 4ms, total 4ms
02-03 12:44:28.881 D/dalvikvm(15954): GC_FOR_ALLOC freed 4512K, 51% free 8711K/17536K, paused 4ms, total 4ms
02-03 12:44:28.901 D/dalvikvm(15954): GC_CONCURRENT freed 3323K, 47% free 9435K/17536K, paused 1ms+1ms, total 5ms
02-03 12:44:28.961 D/dalvikvm(15954): GC_CONCURRENT freed 4520K, 49% free 8990K/17536K, paused 0ms+1ms, total 6ms
02-03 12:44:28.961 D/dalvikvm(15954): WAIT_FOR_CONCURRENT_GC blocked 6ms
02-03 12:44:28.971 D/dalvikvm(15954): GC_CONCURRENT freed 4072K, 49% free 8996K/17536K, paused 0ms+1ms, total 5ms
02-03 12:44:28.971 D/dalvikvm(15954): WAIT_FOR_CONCURRENT_GC blocked 4ms
02-03 12:44:28.981 D/dalvikvm(15954): GC_CONCURRENT freed 4072K, 49% free 8996K/17536K, paused 0ms+1ms, total 4ms
02-03 12:44:28.981 D/dalvikvm(15954): WAIT_FOR_CONCURRENT_GC blocked 4ms
02-03 12:44:28.991 D/dalvikvm(15954): GC_CONCURRENT freed 4027K, 49% free 9027K/17536K, paused 1ms+1ms, total 5ms
02-03 12:44:28.991 D/dalvikvm(15954): WAIT_FOR_CONCURRENT_GC blocked 4ms
02-03 12:44:28.991 D/dalvikvm(15954): GC_CONCURRENT freed 4067K, 49% free 9037K/17536K, paused 1ms+1ms, total 5ms
02-03 12:44:28.991 D/dalvikvm(15954): WAIT_FOR_CONCURRENT_GC blocked 4ms
02-03 12:44:29.001 D/dalvikvm(15954): GC_CONCURRENT freed 4088K, 49% free 9044K/17536K, paused 0ms+1ms, total 4ms
02-03 12:44:29.001 D/dalvikvm(15954): WAIT_FOR_CONCURRENT_GC blocked 4ms
02-03 12:44:29.011 D/dalvikvm(15954): GC_CONCURRENT freed 4123K, 49% free 9012K/17536K, paused 0ms+1ms, total 4ms
02-03 12:44:29.011 D/dalvikvm(15954): WAIT_FOR_CONCURRENT_GC blocked 4ms
02-03 12:44:29.021 D/dalvikvm(15954): GC_FOR_ALLOC freed 4035K, 49% free 9043K/17536K, paused 4ms, total 4ms
02-03 12:44:29.021 D/dalvikvm(15954): GC_CONCURRENT freed 3843K, 48% free 9226K/17536K, paused 1ms+1ms, total 6ms
02-03 12:44:29.021 D/dalvikvm(15954): WAIT_FOR_CONCURRENT_GC blocked 2ms
02-03 12:44:29.031 D/dalvikvm(15954): GC_FOR_ALLOC freed 4154K, 48% free 9127K/17536K, paused 4ms, total 4ms
02-03 12:44:29.041 D/dalvikvm(15954): GC_CONCURRENT freed 3807K, 48% free 9293K/17536K, paused 1ms+1ms, total 6ms
02-03 12:44:29.041 D/dalvikvm(15954): WAIT_FOR_CONCURRENT_GC blocked 1ms
02-03 12:44:29.051 D/dalvikvm(15954): GC_CONCURRENT freed 4261K, 49% free 9098K/17536K, paused 1ms+1ms, total 5ms
02-03 12:44:29.051 D/dalvikvm(15954): WAIT_FOR_CONCURRENT_GC blocked 4ms
02-03 12:44:29.051 D/dalvikvm(15954): GC_FOR_ALLOC freed 4095K, 49% free 9054K/17536K, paused 4ms, total 5ms
02-03 12:44:29.061 D/dalvikvm(15954): GC_CONCURRENT freed 3828K, 48% free 9291K/17536K, paused 0ms+0ms, total 6ms
02-03 12:44:29.061 D/dalvikvm(15954): WAIT_FOR_CONCURRENT_GC blocked 2ms
02-03 12:44:29.071 D/dalvikvm(15954): GC_FOR_ALLOC freed 4349K, 49% free 9006K/17536K, paused 4ms, total 4ms
02-03 12:44:29.071 D/dalvikvm(15954): GC_CONCURRENT freed 3637K, 47% free 9393K/17536K, paused 1ms+1ms, total 6ms
02-03 12:44:29.071 D/dalvikvm(15954): WAIT_FOR_CONCURRENT_GC blocked 2ms
02-03 12:44:29.081 D/dalvikvm(15954): GC_FOR_ALLOC freed 4203K, 48% free 9198K/17536K, paused 4ms, total 4ms
02-03 12:44:29.091 D/dalvikvm(15954): GC_CONCURRENT freed 3749K, 47% free 9413K/17536K, paused 1ms+1ms, total 6ms
02-03 12:44:29.091 D/dalvikvm(15954): WAIT_FOR_CONCURRENT_GC blocked 1ms
02-03 12:44:29.091 D/dalvikvm(15954): GC_FOR_ALLOC freed 4337K, 49% free 9035K/17536K, paused 4ms, total 4ms
02-03 12:44:29.101 D/dalvikvm(15954): GC_CONCURRENT freed 3943K, 48% free 9155K/17536K, paused 1ms+0ms, total 5ms
02-03 12:44:29.101 D/dalvikvm(15954): WAIT_FOR_CONCURRENT_GC blocked 4ms
02-03 12:44:29.111 D/dalvikvm(15954): GC_FOR_ALLOC freed 3985K, 48% free 9216K/17536K, paused 4ms, total 4ms
02-03 12:44:29.111 D/dalvikvm(15954): GC_CONCURRENT freed 3723K, 47% free 9455K/17536K, paused 1ms+1ms, total 6ms
02-03 12:44:29.111 D/dalvikvm(15954): WAIT_FOR_CONCURRENT_GC blocked 2ms
02-03 12:44:29.121 D/dalvikvm(15954): GC_FOR_ALLOC freed 4346K, 49% free 9034K/17536K, paused 4ms, total 4ms
02-03 12:44:29.131 D/dalvikvm(15954): GC_CONCURRENT freed 3878K, 48% free 9165K/17536K, paused 0ms+1ms, total 4ms
02-03 12:44:29.131 D/dalvikvm(15954): WAIT_FOR_CONCURRENT_GC blocked 4ms
02-03 12:44:29.141 D/dalvikvm(15954): GC_CONCURRENT freed 4094K, 48% free 9166K/17536K, paused 1ms+1ms, total 4ms
02-03 12:44:29.141 D/dalvikvm(15954): WAIT_FOR_CONCURRENT_GC blocked 4ms
02-03 12:44:29.141 D/dalvikvm(15954): GC_FOR_ALLOC freed 3976K, 48% free 9265K/17536K, paused 4ms, total 4ms
02-03 12:44:29.151 D/dalvikvm(15954): GC_CONCURRENT freed 3656K, 46% free 9531K/17536K, paused 0ms+1ms, total 5ms
02-03 12:44:29.151 D/dalvikvm(15954): WAIT_FOR_CONCURRENT_GC blocked 1ms
02-03 12:44:29.151 D/dalvikvm(15954): GC_FOR_ALLOC freed 4459K, 48% free 9132K/17536K, paused 4ms, total 4ms
02-03 12:44:29.161 D/dalvikvm(15954): GC_CONCURRENT freed 3578K, 46% free 9617K/17536K, paused 1ms+1ms, total 6ms
02-03 12:44:29.161 D/dalvikvm(15954): WAIT_FOR_CONCURRENT_GC blocked 1ms
02-03 12:44:29.171 D/dalvikvm(15954): GC_FOR_ALLOC freed 4336K, 48% free 9274K/17536K, paused 4ms, total 4ms
02-03 12:44:29.171 D/dalvikvm(15954): GC_CONCURRENT freed 3557K, 45% free 9777K/17536K, paused 1ms+1ms, total 6ms
02-03 12:44:29.171 D/dalvikvm(15954): WAIT_FOR_CONCURRENT_GC blocked 2ms
02-03 12:44:29.181 D/dalvikvm(15954): GC_FOR_ALLOC freed 4626K, 48% free 9130K/17536K, paused 4ms, total 4ms
02-03 12:44:29.191 D/dalvikvm(15954): GC_CONCURRENT freed 3672K, 47% free 9424K/17536K, paused 1ms+1ms, total 6ms
02-03 12:44:29.191 D/dalvikvm(15954): WAIT_FOR_CONCURRENT_GC blocked 2ms
02-03 12:44:29.191 D/dalvikvm(15954): GC_FOR_ALLOC freed 4243K, 48% free 9161K/17536K, paused 4ms, total 4ms
02-03 12:44:29.201 D/dalvikvm(15954): GC_CONCURRENT freed 3782K, 47% free 9464K/17536K, paused 1ms+1ms, total 7ms
02-03 12:44:29.201 D/dalvikvm(15954): WAIT_FOR_CONCURRENT_GC blocked 2ms
02-03 12:44:29.211 D/dalvikvm(15954): GC_FOR_ALLOC freed 4368K, 48% free 9159K/17536K, paused 5ms, total 5ms
02-03 12:44:29.211 D/dalvikvm(15954): GC_CONCURRENT freed 3492K, 45% free 9709K/17536K, paused 0ms+1ms, total 6ms
02-03 12:44:29.211 D/dalvikvm(15954): WAIT_FOR_CONCURRENT_GC blocked 2ms
02-03 12:44:29.221 D/dalvikvm(15954): GC_FOR_ALLOC freed 4330K, 47% free 9319K/17536K, paused 4ms, total 4ms
02-03 12:44:29.231 D/dalvikvm(15954): GC_FOR_ALLOC freed 3992K, 47% free 9321K/17536K, paused 4ms, total 4ms
02-03 12:44:29.231 D/dalvikvm(15954): GC_CONCURRENT freed 244K, 48% free 9239K/17536K, paused 1ms+1ms, total 5ms
02-03 12:44:29.241 D/dalvikvm(15954): GC_FOR_ALLOC freed 4216K, 49% free 9074K/17536K, paused 5ms, total 5ms
02-03 12:44:29.251 D/dalvikvm(15954): GC_FOR_ALLOC freed 3685K, 47% free 9324K/17536K, paused 5ms, total 5ms
02-03 12:44:29.251 D/dalvikvm(15954): GC_FOR_ALLOC freed 4153K, 48% free 9187K/17536K, paused 5ms, total 5ms
02-03 12:44:29.261 D/dalvikvm(15954): GC_CONCURRENT freed 3607K, 46% free 9525K/17536K, paused 0ms+1ms, total 5ms
02-03 12:44:29.261 D/dalvikvm(15954): WAIT_FOR_CONCURRENT_GC blocked 1ms
02-03 12:44:29.271 D/dalvikvm(15954): GC_FOR_ALLOC freed 4242K, 47% free 9359K/17536K, paused 5ms, total 5ms
02-03 12:44:29.271 D/dalvikvm(15954): GC_CONCURRENT freed 3688K, 46% free 9532K/17536K, paused 0ms+1ms, total 5ms
02-03 12:44:29.271 D/dalvikvm(15954): WAIT_FOR_CONCURRENT_GC blocked 2ms
02-03 12:44:29.281 D/dalvikvm(15954): GC_FOR_ALLOC freed 4338K, 48% free 9183K/17536K, paused 4ms, total 4ms
02-03 12:44:29.291 D/dalvikvm(15954): GC_CONCURRENT freed 3320K, 45% free 9805K/17536K, paused 1ms+1ms, total 6ms
02-03 12:44:29.291 D/dalvikvm(15954): WAIT_FOR_CONCURRENT_GC blocked 1ms
02-03 12:44:29.301 D/dalvikvm(15954): GC_CONCURRENT freed 4515K, 48% free 9276K/17536K, paused 1ms+0ms, total 5ms
02-03 12:44:29.301 D/dalvikvm(15954): WAIT_FOR_CONCURRENT_GC blocked 4ms
02-03 12:44:29.301 D/dalvikvm(15954): GC_FOR_ALLOC freed 4025K, 49% free 9092K/17536K, paused 4ms, total 4ms
02-03 12:44:29.311 D/dalvikvm(15954): GC_FOR_ALLOC freed 3882K, 49% free 9090K/17536K, paused 4ms, total 4ms
02-03 12:44:29.321 D/dalvikvm(15954): GC_FOR_ALLOC freed 3919K, 48% free 9119K/17536K, paused 4ms, total 4ms
02-03 12:44:29.321 D/dalvikvm(15954): GC_FOR_ALLOC freed 3957K, 49% free 9117K/17536K, paused 5ms, total 5ms
02-03 12:44:29.331 D/dalvikvm(15954): GC_CONCURRENT freed 3800K, 47% free 9309K/17536K, paused 1ms+1ms, total 5ms
02-03 12:44:29.331 D/dalvikvm(15954): WAIT_FOR_CONCURRENT_GC blocked 4ms
02-03 12:44:29.341 D/dalvikvm(15954): GC_CONCURRENT freed 4026K, 47% free 9313K/17536K, paused 1ms+1ms, total 5ms
02-03 12:44:29.341 D/dalvikvm(15954): WAIT_FOR_CONCURRENT_GC blocked 4ms
02-03 12:44:29.341 D/dalvikvm(15954): GC_CONCURRENT freed 4064K, 47% free 9317K/17536K, paused 0ms+1ms, total 4ms
02-03 12:44:29.341 D/dalvikvm(15954): WAIT_FOR_CONCURRENT_GC blocked 4ms
02-03 12:44:29.351 D/dalvikvm(15954): GC_FOR_ALLOC freed 3810K, 47% free 9413K/17536K, paused 4ms, total 4ms
02-03 12:44:29.361 D/dalvikvm(15954): GC_FOR_ALLOC freed 4141K, 48% free 9216K/17536K, paused 5ms, total 5ms
02-03 12:44:29.361 D/dalvikvm(15954): GC_FOR_ALLOC freed 3979K, 49% free 9116K/17536K, paused 4ms, total 4ms
02-03 12:44:29.371 D/dalvikvm(15954): GC_FOR_ALLOC freed 3707K, 47% free 9418K/17536K, paused 4ms, total 4ms
02-03 12:44:29.381 D/dalvikvm(15954): GC_CONCURRENT freed 3545K, 44% free 9918K/17536K, paused 0ms+1ms, total 6ms
02-03 12:44:29.381 D/dalvikvm(15954): WAIT_FOR_CONCURRENT_GC blocked 2ms
02-03 12:44:29.381 D/dalvikvm(15954): GC_CONCURRENT freed 4576K, 47% free 9321K/17536K, paused 1ms+1ms, total 5ms
02-03 12:44:29.381 D/dalvikvm(15954): WAIT_FOR_CONCURRENT_GC blocked 4ms
02-03 12:44:29.391 D/dalvikvm(15954): GC_FOR_ALLOC freed 4011K, 48% free 9217K/17536K, paused 4ms, total 4ms
02-03 12:44:29.401 D/dalvikvm(15954): GC_CONCURRENT freed 3938K, 47% free 9324K/17536K, paused 1ms+1ms, total 5ms
02-03 12:44:29.401 D/dalvikvm(15954): WAIT_FOR_CONCURRENT_GC blocked 4ms
02-03 12:44:29.401 D/dalvikvm(15954): GC_FOR_ALLOC freed 4078K, 48% free 9218K/17536K, paused 4ms, total 4ms
02-03 12:44:29.411 D/dalvikvm(15954): GC_CONCURRENT freed 2954K, 43% free 10165K/17536K, paused 1ms+1ms, total 6ms
02-03 12:44:29.411 D/dalvikvm(15954): WAIT_FOR_CONCURRENT_GC blocked 2ms
02-03 12:44:29.421 D/dalvikvm(15954): GC_FOR_ALLOC freed 4984K, 48% free 9145K/17536K, paused 4ms, total 4ms
02-03 12:44:29.421 D/dalvikvm(15954): GC_FOR_ALLOC freed 3957K, 48% free 9253K/17536K, paused 4ms, total 4ms
02-03 12:44:29.431 D/dalvikvm(15954): GC_CONCURRENT freed 3021K, 42% free 10222K/17536K, paused 0ms+0ms, total 6ms
02-03 12:44:29.431 D/dalvikvm(15954): WAIT_FOR_CONCURRENT_GC blocked 2ms
02-03 12:44:29.441 D/dalvikvm(15954): GC_CONCURRENT freed 4875K, 47% free 9367K/17536K, paused 1ms+1ms, total 5ms
02-03 12:44:29.441 D/dalvikvm(15954): WAIT_FOR_CONCURRENT_GC blocked 4ms
02-03 12:44:29.441 D/dalvikvm(15954): GC_FOR_ALLOC freed 4048K, 48% free 9148K/17536K, paused 4ms, total 4ms
02-03 12:44:29.451 D/dalvikvm(15954): GC_FOR_ALLOC freed 3853K, 48% free 9149K/17536K, paused 4ms, total 4ms
02-03 12:44:29.461 D/dalvikvm(15954): GC_FOR_ALLOC freed 3879K, 48% free 9151K/17536K, paused 4ms, total 4ms
02-03 12:44:29.461 D/dalvikvm(15954): GC_FOR_ALLOC freed 3905K, 48% free 9152K/17536K, paused 4ms, total 4ms
02-03 12:44:29.471 D/dalvikvm(15954): GC_FOR_ALLOC freed 3931K, 48% free 9154K/17536K, paused 4ms, total 4ms
02-03 12:44:29.481 D/dalvikvm(15954): GC_FOR_ALLOC freed 3957K, 48% free 9155K/17536K, paused 4ms, total 4ms
02-03 12:44:29.481 D/dalvikvm(15954): GC_CONCURRENT freed 3756K, 47% free 9384K/17536K, paused 1ms+1ms, total 5ms
02-03 12:44:29.481 D/dalvikvm(15954): WAIT_FOR_CONCURRENT_GC blocked 4ms
02-03 12:44:29.491 D/dalvikvm(15954): GC_CONCURRENT freed 4008K, 47% free 9387K/17536K, paused 0ms+1ms, total 4ms
02-03 12:44:29.491 D/dalvikvm(15954): WAIT_FOR_CONCURRENT_GC blocked 4ms
02-03 12:44:29.501 D/dalvikvm(15954): GC_CONCURRENT freed 4034K, 47% free 9390K/17536K, paused 1ms+0ms, total 5ms
02-03 12:44:29.501 D/dalvikvm(15954): WAIT_FOR_CONCURRENT_GC blocked 4ms
02-03 12:44:29.511 D/dalvikvm(15954): GC_CONCURRENT freed 4061K, 47% free 9394K/17536K, paused 1ms+1ms, total 5ms
02-03 12:44:29.511 D/dalvikvm(15954): WAIT_FOR_CONCURRENT_GC blocked 4ms
02-03 12:44:29.511 D/dalvikvm(15954): GC_CONCURRENT freed 4090K, 47% free 9397K/17536K, paused 0ms+1ms, total 4ms
02-03 12:44:29.511 D/dalvikvm(15954): WAIT_FOR_CONCURRENT_GC blocked 4ms
02-03 12:44:29.521 D/dalvikvm(15954): GC_FOR_ALLOC freed 3768K, 46% free 9513K/17536K, paused 4ms, total 4ms
02-03 12:44:29.531 D/dalvikvm(15954): GC_FOR_ALLOC freed 4146K, 48% free 9280K/17536K, paused 4ms, total 4ms
02-03 12:44:29.531 D/dalvikvm(15954): GC_FOR_ALLOC freed 3937K, 48% free 9164K/17536K, paused 4ms, total 4ms
02-03 12:44:29.541 D/dalvikvm(15954): GC_FOR_ALLOC freed 3601K, 46% free 9525K/17536K, paused 4ms, total 4ms
02-03 12:44:29.551 D/dalvikvm(15954): GC_FOR_ALLOC freed 4229K, 48% free 9287K/17536K, paused 4ms, total 4ms
02-03 12:44:29.551 D/dalvikvm(15954): GC_CONCURRENT freed 3409K, 45% free 9773K/17536K, paused 1ms+1ms, total 7ms
02-03 12:44:29.551 D/dalvikvm(15954): WAIT_FOR_CONCURRENT_GC blocked 2ms
02-03 12:44:29.561 D/dalvikvm(15954): GC_FOR_ALLOC freed 4276K, 46% free 9537K/17536K, paused 5ms, total 5ms
02-03 12:44:29.571 D/dalvikvm(15954): GC_CONCURRENT freed 3453K, 43% free 10152K/17536K, paused 0ms+1ms, total 6ms
02-03 12:44:29.571 D/dalvikvm(15954): WAIT_FOR_CONCURRENT_GC blocked 2ms
02-03 12:44:29.571 D/dalvikvm(15954): GC_CONCURRENT freed 4702K, 47% free 9421K/17536K, paused 0ms+1ms, total 4ms
02-03 12:44:29.571 D/dalvikvm(15954): WAIT_FOR_CONCURRENT_GC blocked 4ms
02-03 12:44:29.581 D/dalvikvm(15954): GC_FOR_ALLOC freed 3990K, 47% free 9299K/17536K, paused 4ms, total 4ms
02-03 12:44:29.591 D/dalvikvm(15954): GC_CONCURRENT freed 3891K, 47% free 9427K/17536K, paused 1ms+1ms, total 5ms
02-03 12:44:29.591 D/dalvikvm(15954): WAIT_FOR_CONCURRENT_GC blocked 4ms
02-03 12:44:29.591 D/dalvikvm(15954): GC_FOR_ALLOC freed 4039K, 47% free 9303K/17536K, paused 4ms, total 4ms
02-03 12:44:29.601 D/dalvikvm(15954): GC_CONCURRENT freed 3938K, 47% free 9433K/17536K, paused 0ms+1ms, total 4ms
02-03 12:44:29.601 D/dalvikvm(15954): WAIT_FOR_CONCURRENT_GC blocked 4ms
02-03 12:44:29.611 D/dalvikvm(15954): GC_FOR_ALLOC freed 4087K, 47% free 9308K/17536K, paused 4ms, total 4ms
02-03 12:44:29.611 D/dalvikvm(15954): GC_FOR_ALLOC freed 3596K, 46% free 9567K/17536K, paused 4ms, total 4ms
02-03 12:44:29.621 D/dalvikvm(15954): GC_FOR_ALLOC freed 4263K, 48% free 9183K/17536K, paused 4ms, total 4ms
02-03 12:44:29.631 D/dalvikvm(15954): GC_FOR_ALLOC freed 3897K, 47% free 9314K/17536K, paused 4ms, total 4ms
02-03 12:44:29.631 D/dalvikvm(15954): GC_CONCURRENT freed 3007K, 42% free 10227K/17536K, paused 0ms+1ms, total 6ms
02-03 12:44:29.631 D/dalvikvm(15954): WAIT_FOR_CONCURRENT_GC blocked 2ms
02-03 12:44:29.641 D/dalvikvm(15954): GC_FOR_ALLOC freed 4984K, 48% free 9188K/17536K, paused 5ms, total 5ms
02-03 12:44:29.651 D/dalvikvm(15954): GC_FOR_ALLOC freed 3962K, 47% free 9321K/17536K, paused 4ms, total 4ms
02-03 12:44:29.651 D/dalvikvm(15954): GC_CONCURRENT freed 3057K, 42% free 10249K/17536K, paused 1ms+0ms, total 7ms
02-03 12:44:29.651 D/dalvikvm(15954): WAIT_FOR_CONCURRENT_GC blocked 2ms
02-03 12:44:29.661 D/dalvikvm(15954): GC_CONCURRENT freed 4799K, 47% free 9459K/17536K, paused 0ms+1ms, total 4ms
02-03 12:44:29.661 D/dalvikvm(15954): WAIT_FOR_CONCURRENT_GC blocked 4ms
02-03 12:44:29.671 D/dalvikvm(15954): GC_FOR_ALLOC freed 4026K, 48% free 9193K/17536K, paused 4ms, total 4ms
02-03 12:44:29.671 D/dalvikvm(15954): GC_FOR_ALLOC freed 3778K, 48% free 9195K/17536K, paused 4ms, total 4ms
02-03 12:44:29.681 D/dalvikvm(15954): GC_FOR_ALLOC freed 3797K, 48% free 9196K/17536K, paused 4ms, total 4ms
02-03 12:44:29.691 D/dalvikvm(15954): GC_FOR_ALLOC freed 3816K, 48% free 9197K/17536K, paused 4ms, total 4ms
02-03 12:44:29.691 D/dalvikvm(15954): GC_FOR_ALLOC freed 3835K, 48% free 9199K/17536K, paused 4ms, total 4ms
02-03 12:44:29.701 D/dalvikvm(15954): GC_FOR_ALLOC freed 3853K, 48% free 9200K/17536K, paused 4ms, total 4ms
02-03 12:44:29.711 D/dalvikvm(15954): GC_FOR_ALLOC freed 3872K, 48% free 9201K/17536K, paused 4ms, total 4ms
02-03 12:44:29.711 D/dalvikvm(15954): GC_FOR_ALLOC freed 3891K, 48% free 9203K/17536K, paused 4ms, total 4ms
02-03 12:44:29.721 D/dalvikvm(15954): GC_FOR_ALLOC freed 3910K, 48% free 9204K/17536K, paused 4ms, total 4ms
02-03 12:44:29.731 D/dalvikvm(15954): GC_FOR_ALLOC freed 3929K, 48% free 9205K/17536K, paused 4ms, total 4ms
02-03 12:44:29.731 D/dalvikvm(15954): GC_FOR_ALLOC freed 3947K, 48% free 9207K/17536K, paused 4ms, total 4ms
02-03 12:44:29.741 D/dalvikvm(15954): GC_FOR_ALLOC freed 3966K, 48% free 9208K/17536K, paused 4ms, total 4ms
02-03 12:44:29.751 D/dalvikvm(15954): GC_CONCURRENT freed 3560K, 46% free 9635K/17536K, paused 1ms+1ms, total 6ms
02-03 12:44:29.751 D/dalvikvm(15954): WAIT_FOR_CONCURRENT_GC blocked 2ms
02-03 12:44:29.761 D/dalvikvm(15954): GC_CONCURRENT freed 4143K, 46% free 9497K/17536K, paused 1ms+1ms, total 6ms
02-03 12:44:29.761 D/dalvikvm(15954): WAIT_FOR_CONCURRENT_GC blocked 4ms
02-03 12:44:29.761 D/dalvikvm(15954): GC_CONCURRENT freed 4021K, 46% free 9500K/17536K, paused 1ms+1ms, total 5ms
02-03 12:44:29.761 D/dalvikvm(15954): WAIT_FOR_CONCURRENT_GC blocked 4ms
02-03 12:44:29.771 D/dalvikvm(15954): GC_CONCURRENT freed 4040K, 46% free 9502K/17536K, paused 1ms+1ms, total 5ms
02-03 12:44:29.771 D/dalvikvm(15954): WAIT_FOR_CONCURRENT_GC blocked 4ms
02-03 12:44:29.781 D/dalvikvm(15954): GC_CONCURRENT freed 4059K, 46% free 9505K/17536K, paused 1ms+1ms, total 5ms
02-03 12:44:29.781 D/dalvikvm(15954): WAIT_FOR_CONCURRENT_GC blocked 4ms
02-03 12:44:29.791 D/dalvikvm(15954): GC_CONCURRENT freed 4078K, 46% free 9508K/17536K, paused 1ms+1ms, total 6ms
02-03 12:44:29.791 D/dalvikvm(15954): WAIT_FOR_CONCURRENT_GC blocked 4ms
02-03 12:44:29.801 D/dalvikvm(15954): GC_FOR_ALLOC freed 3656K, 45% free 9656K/17536K, paused 4ms, total 4ms
02-03 12:44:29.801 D/dalvikvm(15954): GC_FOR_ALLOC freed 4113K, 47% free 9365K/17536K, paused 4ms, total 4ms
02-03 12:44:29.811 D/dalvikvm(15954): GC_FOR_ALLOC freed 3837K, 48% free 9220K/17536K, paused 4ms, total 4ms
02-03 12:44:29.811 D/dalvikvm(15954): GC_FOR_ALLOC freed 3407K, 45% free 9665K/17536K, paused 4ms, total 4ms
02-03 12:44:29.821 D/dalvikvm(15954): GC_FOR_ALLOC freed 4165K, 47% free 9371K/17536K, paused 4ms, total 4ms
02-03 12:44:29.831 D/dalvikvm(15954): GC_FOR_ALLOC freed 3885K, 48% free 9224K/17536K, paused 4ms, total 4ms
02-03 12:44:29.831 D/dalvikvm(15954): GC_FOR_ALLOC freed 3449K, 45% free 9674K/17536K, paused 4ms, total 4ms
02-03 12:44:29.841 D/dalvikvm(15954): GC_FOR_ALLOC freed 4217K, 47% free 9376K/17536K, paused 4ms, total 4ms
02-03 12:44:29.851 D/dalvikvm(15954): GC_FOR_ALLOC freed 3933K, 48% free 9227K/17536K, paused 4ms, total 4ms
02-03 12:44:29.851 D/dalvikvm(15954): GC_FOR_ALLOC freed 3492K, 45% free 9684K/17536K, paused 4ms, total 4ms
02-03 12:44:29.861 D/dalvikvm(15954): GC_FOR_ALLOC freed 4269K, 47% free 9382K/17536K, paused 4ms, total 4ms
02-03 12:44:29.871 D/dalvikvm(15954): GC_FOR_ALLOC freed 3981K, 48% free 9231K/17536K, paused 4ms, total 4ms
02-03 12:44:29.871 D/dalvikvm(15954): GC_CONCURRENT freed 3534K, 45% free 9693K/17536K, paused 1ms+1ms, total 5ms
02-03 12:44:29.881 D/dalvikvm(15954): WAIT_FOR_CONCURRENT_GC blocked 4ms
02-03 12:44:29.881 D/dalvikvm(15954): GC_CONCURRENT freed 4320K, 47% free 9388K/17536K, paused 1ms+1ms, total 5ms
02-03 12:44:29.881 D/dalvikvm(15954): WAIT_FOR_CONCURRENT_GC blocked 4ms
02-03 12:44:29.891 D/dalvikvm(15954): GC_FOR_ALLOC freed 4029K, 48% free 9235K/17536K, paused 4ms, total 5ms
02-03 12:44:29.901 D/dalvikvm(15954): GC_CONCURRENT freed 3577K, 45% free 9702K/17536K, paused 1ms+1ms, total 5ms
02-03 12:44:29.901 D/dalvikvm(15954): WAIT_FOR_CONCURRENT_GC blocked 4ms
02-03 12:44:29.911 D/dalvikvm(15954): GC_CONCURRENT freed 4372K, 47% free 9393K/17536K, paused 1ms+1ms, total 5ms
02-03 12:44:29.911 D/dalvikvm(15954): WAIT_FOR_CONCURRENT_GC blocked 4ms
02-03 12:44:29.911 D/dalvikvm(15954): GC_FOR_ALLOC freed 4077K, 48% free 9238K/17536K, paused 4ms, total 4ms
02-03 12:44:29.921 D/dalvikvm(15954): GC_CONCURRENT freed 3619K, 45% free 9711K/17536K, paused 1ms+1ms, total 5ms
02-03 12:44:29.921 D/dalvikvm(15954): WAIT_FOR_CONCURRENT_GC blocked 4ms
02-03 12:44:29.931 D/dalvikvm(15954): GC_FOR_ALLOC freed 4107K, 48% free 9241K/17536K, paused 4ms, total 4ms
02-03 12:44:29.931 D/dalvikvm(15954): GC_FOR_ALLOC freed 3646K, 47% free 9400K/17536K, paused 4ms, total 4ms
02-03 12:44:29.941 D/dalvikvm(15954): GC_CONCURRENT freed 3820K, 46% free 9561K/17536K, paused 0ms+1ms, total 5ms
02-03 12:44:29.941 D/dalvikvm(15954): WAIT_FOR_CONCURRENT_GC blocked 4ms
02-03 12:44:29.951 D/dalvikvm(15954): GC_FOR_ALLOC freed 3992K, 47% free 9403K/17536K, paused 4ms, total 4ms
02-03 12:44:29.961 D/dalvikvm(15954): GC_CONCURRENT freed 3850K, 46% free 9566K/17536K, paused 1ms+1ms, total 6ms
02-03 12:44:29.961 D/dalvikvm(15954): WAIT_FOR_CONCURRENT_GC blocked 5ms
02-03 12:44:29.961 D/dalvikvm(15954): GC_FOR_ALLOC freed 4023K, 47% free 9407K/17536K, paused 4ms, total 4ms
02-03 12:44:29.971 D/dalvikvm(15954): GC_CONCURRENT freed 3878K, 46% free 9571K/17536K, paused 1ms+0ms, total 5ms
02-03 12:44:29.971 D/dalvikvm(15954): WAIT_FOR_CONCURRENT_GC blocked 4ms
02-03 12:44:29.981 D/dalvikvm(15954): GC_FOR_ALLOC freed 4053K, 47% free 9411K/17536K, paused 4ms, total 4ms
02-03 12:44:29.991 D/dalvikvm(15954): GC_CONCURRENT freed 3907K, 46% free 9576K/17536K, paused 1ms+1ms, total 5ms
02-03 12:44:29.991 D/dalvikvm(15954): WAIT_FOR_CONCURRENT_GC blocked 4ms
02-03 12:44:29.991 D/dalvikvm(15954): GC_FOR_ALLOC freed 4084K, 47% free 9415K/17536K, paused 4ms, total 4ms
02-03 12:44:30.001 D/dalvikvm(15954): GC_FOR_ALLOC freed 3444K, 45% free 9744K/17536K, paused 4ms, total 4ms
02-03 12:44:30.011 D/dalvikvm(15954): GC_FOR_ALLOC freed 4281K, 48% free 9254K/17536K, paused 4ms, total 4ms
02-03 12:44:30.011 D/dalvikvm(15954): GC_FOR_ALLOC freed 3801K, 47% free 9420K/17536K, paused 4ms, total 4ms
02-03 12:44:30.021 D/dalvikvm(15954): GC_FOR_ALLOC freed 3481K, 45% free 9753K/17536K, paused 4ms, total 4ms
02-03 12:44:30.031 D/dalvikvm(15954): GC_FOR_ALLOC freed 4323K, 48% free 9257K/17536K, paused 4ms, total 4ms
02-03 12:44:30.031 D/dalvikvm(15954): GC_CONCURRENT freed 3835K, 47% free 9425K/17536K, paused 0ms+1ms, total 5ms
02-03 12:44:30.031 D/dalvikvm(15954): WAIT_FOR_CONCURRENT_GC blocked 4ms
02-03 12:44:30.041 D/dalvikvm(15954): GC_FOR_ALLOC freed 3513K, 45% free 9760K/17536K, paused 4ms, total 4ms
02-03 12:44:30.051 D/dalvikvm(15954): GC_FOR_ALLOC freed 4362K, 48% free 9260K/17536K, paused 4ms, total 4ms
02-03 12:44:30.061 D/dalvikvm(15954): GC_CONCURRENT freed 3870K, 47% free 9429K/17536K, paused 1ms+1ms, total 6ms
02-03 12:44:30.061 D/dalvikvm(15954): WAIT_FOR_CONCURRENT_GC blocked 5ms
02-03 12:44:30.061 D/dalvikvm(15954): GC_FOR_ALLOC freed 3544K, 45% free 9768K/17536K, paused 4ms, total 4ms
02-03 12:44:30.071 D/dalvikvm(15954): GC_FOR_ALLOC freed 4404K, 48% free 9264K/17536K, paused 4ms, total 4ms
02-03 12:44:30.081 D/dalvikvm(15954): GC_CONCURRENT freed 4070K, 48% free 9285K/17536K, paused 1ms+1ms, total 5ms
02-03 12:44:30.081 D/dalvikvm(15954): WAIT_FOR_CONCURRENT_GC blocked 3ms
02-03 12:44:30.091 D/dalvikvm(15954): GC_FOR_ALLOC freed 3392K, 45% free 9796K/17536K, paused 4ms, total 5ms
02-03 12:44:30.101 D/dalvikvm(15954): GC_FOR_ALLOC freed 4508K, 51% free 8699K/17536K, paused 4ms, total 4ms
02-03 12:44:30.121 D/dalvikvm(15954): GC_CONCURRENT freed 3327K, 47% free 9420K/17536K, paused 2ms+1ms, total 5ms
02-03 12:44:30.181 D/dalvikvm(15954): GC_CONCURRENT freed 4516K, 49% free 8999K/17536K, paused 0ms+1ms, total 6ms
02-03 12:44:30.181 D/dalvikvm(15954): WAIT_FOR_CONCURRENT_GC blocked 6ms
02-03 12:44:30.191 D/dalvikvm(15954): GC_CONCURRENT freed 4001K, 49% free 9088K/17536K, paused 1ms+1ms, total 5ms
02-03 12:44:30.191 D/dalvikvm(15954): WAIT_FOR_CONCURRENT_GC blocked 4ms
02-03 12:44:30.201 D/dalvikvm(15954): GC_CONCURRENT freed 4101K, 49% free 9070K/17536K, paused 0ms+0ms, total 5ms
02-03 12:44:30.201 D/dalvikvm(15954): WAIT_FOR_CONCURRENT_GC blocked 5ms
02-03 12:44:30.211 D/dalvikvm(15954): GC_FOR_ALLOC freed 4176K, 49% free 8985K/17536K, paused 4ms, total 4ms
02-03 12:44:30.211 D/dalvikvm(15954): GC_CONCURRENT freed 2341K, 48% free 9171K/17536K, paused 0ms+1ms, total 5ms
02-03 12:44:30.221 D/dalvikvm(15954): GC_CONCURRENT freed 4164K, 49% free 9056K/17536K, paused 0ms+1ms, total 5ms
02-03 12:44:30.221 D/dalvikvm(15954): WAIT_FOR_CONCURRENT_GC blocked 4ms
02-03 12:44:30.231 D/dalvikvm(15954): GC_CONCURRENT freed 3989K, 48% free 9163K/17536K, paused 1ms+1ms, total 5ms
02-03 12:44:30.231 D/dalvikvm(15954): WAIT_FOR_CONCURRENT_GC blocked 4ms
02-03 12:44:30.241 D/dalvikvm(15954): GC_FOR_ALLOC freed 4172K, 49% free 9028K/17536K, paused 4ms, total 4ms
02-03 12:44:30.241 D/dalvikvm(15954): GC_CONCURRENT freed 2986K, 47% free 9320K/17536K, paused 1ms+1ms, total 6ms
02-03 12:44:30.251 D/dalvikvm(15954): GC_CONCURRENT freed 4260K, 49% free 9108K/17536K, paused 1ms+1ms, total 6ms
02-03 12:44:30.251 D/dalvikvm(15954): WAIT_FOR_CONCURRENT_GC blocked 6ms
02-03 12:44:30.261 D/dalvikvm(15954): GC_FOR_ALLOC freed 4063K, 49% free 9115K/17536K, paused 4ms, total 4ms
02-03 12:44:30.271 D/dalvikvm(15954): GC_CONCURRENT freed 3172K, 47% free 9408K/17536K, paused 0ms+1ms, total 5ms
02-03 12:44:30.271 D/dalvikvm(15954): GC_CONCURRENT freed 4275K, 48% free 9161K/17536K, paused 0ms+1ms, total 4ms
02-03 12:44:30.281 D/dalvikvm(15954): WAIT_FOR_CONCURRENT_GC blocked 5ms
02-03 12:44:30.281 D/dalvikvm(15954): GC_CONCURRENT freed 4092K, 48% free 9123K/17536K, paused 1ms+1ms, total 5ms
02-03 12:44:30.281 D/dalvikvm(15954): WAIT_FOR_CONCURRENT_GC blocked 4ms
02-03 12:44:30.291 D/dalvikvm(15954): GC_CONCURRENT freed 3957K, 48% free 9175K/17536K, paused 1ms+1ms, total 5ms
02-03 12:44:30.291 D/dalvikvm(15954): WAIT_FOR_CONCURRENT_GC blocked 4ms
02-03 12:44:30.301 D/dalvikvm(15954): GC_CONCURRENT freed 4044K, 48% free 9133K/17536K, paused 1ms+1ms, total 5ms
02-03 12:44:30.301 D/dalvikvm(15954): WAIT_FOR_CONCURRENT_GC blocked 4ms
02-03 12:44:30.311 D/dalvikvm(15954): GC_CONCURRENT freed 4023K, 48% free 9136K/17536K, paused 0ms+1ms, total 5ms
02-03 12:44:30.311 D/dalvikvm(15954): WAIT_FOR_CONCURRENT_GC blocked 4ms
02-03 12:44:30.321 D/dalvikvm(15954): GC_CONCURRENT freed 3986K, 48% free 9192K/17536K, paused 1ms+1ms, total 5ms
02-03 12:44:30.321 D/dalvikvm(15954): WAIT_FOR_CONCURRENT_GC blocked 4ms
02-03 12:44:30.321 D/dalvikvm(15954): GC_CONCURRENT freed 4044K, 48% free 9144K/17536K, paused 1ms+1ms, total 5ms
02-03 12:44:30.331 D/dalvikvm(15954): WAIT_FOR_CONCURRENT_GC blocked 4ms
02-03 12:44:30.331 D/dalvikvm(15954): GC_CONCURRENT freed 3988K, 48% free 9146K/17536K, paused 0ms+1ms, total 5ms
02-03 12:44:30.331 D/dalvikvm(15954): WAIT_FOR_CONCURRENT_GC blocked 4ms
02-03 12:44:30.341 D/dalvikvm(15954): GC_CONCURRENT freed 3916K, 47% free 9324K/17536K, paused 0ms+1ms, total 5ms
02-03 12:44:30.341 D/dalvikvm(15954): WAIT_FOR_CONCURRENT_GC blocked 4ms
02-03 12:44:30.351 D/dalvikvm(15954): GC_CONCURRENT freed 4371K, 49% free 9029K/17536K, paused 1ms+1ms, total 5ms
02-03 12:44:30.351 D/dalvikvm(15954): WAIT_FOR_CONCURRENT_GC blocked 4ms
02-03 12:44:30.361 D/dalvikvm(15954): GC_CONCURRENT freed 3865K, 48% free 9156K/17536K, paused 1ms+0ms, total 6ms
02-03 12:44:30.361 D/dalvikvm(15954): WAIT_FOR_CONCURRENT_GC blocked 4ms
02-03 12:44:30.371 D/dalvikvm(15954): GC_FOR_ALLOC freed 4078K, 49% free 9031K/17536K, paused 4ms, total 4ms
02-03 12:44:30.371 D/dalvikvm(15954): GC_CONCURRENT freed 3906K, 48% free 9195K/17536K, paused 0ms+0ms, total 5ms
02-03 12:44:30.371 D/dalvikvm(15954): WAIT_FOR_CONCURRENT_GC blocked 4ms
02-03 12:44:30.381 D/dalvikvm(15954): GC_CONCURRENT freed 3922K, 48% free 9261K/17536K, paused 1ms+0ms, total 5ms
02-03 12:44:30.381 D/dalvikvm(15954): WAIT_FOR_CONCURRENT_GC blocked 4ms
02-03 12:44:30.391 D/dalvikvm(15954): GC_CONCURRENT freed 4202K, 48% free 9129K/17536K, paused 1ms+1ms, total 5ms
02-03 12:44:30.391 D/dalvikvm(15954): WAIT_FOR_CONCURRENT_GC blocked 4ms
02-03 12:44:30.401 D/dalvikvm(15954): GC_CONCURRENT freed 4013K, 48% free 9198K/17536K, paused 1ms+1ms, total 5ms
02-03 12:44:30.401 D/dalvikvm(15954): WAIT_FOR_CONCURRENT_GC blocked 5ms
02-03 12:44:30.411 D/dalvikvm(15954): GC_FOR_ALLOC freed 4155K, 48% free 9129K/17536K, paused 4ms, total 4ms
02-03 12:44:30.411 D/dalvikvm(15954): GC_CONCURRENT freed 3104K, 46% free 9617K/17536K, paused 0ms+1ms, total 5ms
02-03 12:44:30.421 D/dalvikvm(15954): GC_CONCURRENT freed 4570K, 49% free 9056K/17536K, paused 1ms+1ms, total 5ms
02-03 12:44:30.421 D/dalvikvm(15954): WAIT_FOR_CONCURRENT_GC blocked 5ms
02-03 12:44:30.431 D/dalvikvm(15954): GC_CONCURRENT freed 3859K, 48% free 9273K/17536K, paused 0ms+1ms, total 5ms
02-03 12:44:30.431 D/dalvikvm(15954): WAIT_FOR_CONCURRENT_GC blocked 4ms
02-03 12:44:30.441 D/dalvikvm(15954): GC_CONCURRENT freed 3993K, 48% free 9275K/17536K, paused 0ms+0ms, total 5ms
02-03 12:44:30.441 D/dalvikvm(15954): WAIT_FOR_CONCURRENT_GC blocked 4ms
02-03 12:44:30.441 D/dalvikvm(15954): GC_CONCURRENT freed 4051K, 48% free 9238K/17536K, paused 1ms+1ms, total 5ms
02-03 12:44:30.441 D/dalvikvm(15954): WAIT_FOR_CONCURRENT_GC blocked 4ms
02-03 12:44:30.451 D/dalvikvm(15954): GC_FOR_ALLOC freed 4039K, 48% free 9161K/17536K, paused 4ms, total 4ms
02-03 12:44:30.461 D/dalvikvm(15954): GC_FOR_ALLOC freed 3789K, 47% free 9316K/17536K, paused 5ms, total 5ms
02-03 12:44:30.471 D/dalvikvm(15954): GC_CONCURRENT freed 4073K, 48% free 9243K/17536K, paused 1ms+1ms, total 5ms
02-03 12:44:30.471 D/dalvikvm(15954): WAIT_FOR_CONCURRENT_GC blocked 4ms
02-03 12:44:30.471 D/dalvikvm(15954): GC_FOR_ALLOC freed 4054K, 49% free 9084K/17536K, paused 4ms, total 4ms
02-03 12:44:30.481 D/dalvikvm(15954): GC_FOR_ALLOC freed 3952K, 49% free 9082K/17536K, paused 4ms, total 4ms
02-03 12:44:30.491 D/dalvikvm(15954): GC_CONCURRENT freed 3841K, 48% free 9244K/17536K, paused 1ms+1ms, total 5ms
02-03 12:44:30.491 D/dalvikvm(15954): WAIT_FOR_CONCURRENT_GC blocked 4ms
02-03 12:44:30.501 D/dalvikvm(15954): GC_CONCURRENT freed 4052K, 48% free 9249K/17536K, paused 1ms+1ms, total 5ms
02-03 12:44:30.501 D/dalvikvm(15954): WAIT_FOR_CONCURRENT_GC blocked 4ms
02-03 12:44:30.501 D/dalvikvm(15954): GC_FOR_ALLOC freed 3858K, 47% free 9332K/17536K, paused 4ms, total 4ms
02-03 12:44:30.511 D/dalvikvm(15954): GC_FOR_ALLOC freed 4160K, 48% free 9163K/17536K, paused 4ms, total 4ms
02-03 12:44:30.521 D/dalvikvm(15954): GC_CONCURRENT freed 3440K, 45% free 9674K/17536K, paused 1ms+1ms, total 6ms
02-03 12:44:30.521 D/dalvikvm(15954): GC_FOR_ALLOC freed 4423K, 48% free 9193K/17536K, paused 4ms, total 4ms
02-03 12:44:30.531 D/dalvikvm(15954): GC_CONCURRENT freed 3954K, 48% free 9281K/17536K, paused 1ms+1ms, total 5ms
02-03 12:44:30.531 D/dalvikvm(15954): WAIT_FOR_CONCURRENT_GC blocked 4ms
02-03 12:44:30.541 D/dalvikvm(15954): GC_CONCURRENT freed 4085K, 48% free 9191K/17536K, paused 1ms+1ms, total 5ms
02-03 12:44:30.541 D/dalvikvm(15954): WAIT_FOR_CONCURRENT_GC blocked 5ms
02-03 12:44:30.551 D/dalvikvm(15954): GC_FOR_ALLOC freed 3771K, 47% free 9370K/17536K, paused 4ms, total 4ms
02-03 12:44:30.551 D/dalvikvm(15954): GC_CONCURRENT freed 4082K, 48% free 9280K/17536K, paused 1ms+1ms, total 6ms
02-03 12:44:30.551 D/dalvikvm(15954): WAIT_FOR_CONCURRENT_GC blocked 4ms
02-03 12:44:30.561 D/dalvikvm(15954): GC_FOR_ALLOC freed 4032K, 49% free 9096K/17536K, paused 4ms, total 4ms
02-03 12:44:30.571 D/dalvikvm(15954): GC_FOR_ALLOC freed 3888K, 49% free 9094K/17536K, paused 4ms, total 4ms
02-03 12:44:30.581 D/dalvikvm(15954): GC_FOR_ALLOC freed 3925K, 49% free 9092K/17536K, paused 4ms, total 4ms
02-03 12:44:30.581 D/dalvikvm(15954): GC_CONCURRENT freed 3770K, 47% free 9314K/17536K, paused 1ms+1ms, total 6ms
02-03 12:44:30.581 D/dalvikvm(15954): WAIT_FOR_CONCURRENT_GC blocked 4ms
02-03 12:44:30.591 D/dalvikvm(15954): GC_CONCURRENT freed 3999K, 47% free 9314K/17536K, paused 1ms+1ms, total 5ms
02-03 12:44:30.591 D/dalvikvm(15954): WAIT_FOR_CONCURRENT_GC blocked 3ms
02-03 12:44:30.601 D/dalvikvm(15954): GC_CONCURRENT freed 4037K, 47% free 9314K/17536K, paused 1ms+1ms, total 6ms
02-03 12:44:30.601 D/dalvikvm(15954): WAIT_FOR_CONCURRENT_GC blocked 4ms
02-03 12:44:30.611 D/dalvikvm(15954): GC_CONCURRENT freed 4070K, 47% free 9317K/17536K, paused 0ms+0ms, total 5ms
02-03 12:44:30.611 D/dalvikvm(15954): WAIT_FOR_CONCURRENT_GC blocked 4ms
02-03 12:44:30.611 D/dalvikvm(15954): GC_FOR_ALLOC freed 3816K, 47% free 9414K/17536K, paused 4ms, total 4ms
02-03 12:44:30.621 D/dalvikvm(15954): GC_FOR_ALLOC freed 4147K, 48% free 9217K/17536K, paused 4ms, total 4ms
02-03 12:44:30.631 D/dalvikvm(15954): GC_FOR_ALLOC freed 3985K, 49% free 9116K/17536K, paused 4ms, total 4ms
02-03 12:44:30.641 D/dalvikvm(15954): GC_CONCURRENT freed 3712K, 47% free 9419K/17536K, paused 1ms+1ms, total 5ms
02-03 12:44:30.641 D/dalvikvm(15954): WAIT_FOR_CONCURRENT_GC blocked 4ms
02-03 12:44:30.641 D/dalvikvm(15954): GC_FOR_ALLOC freed 4254K, 48% free 9216K/17536K, paused 4ms, total 4ms
02-03 12:44:30.651 D/dalvikvm(15954): GC_CONCURRENT freed 3370K, 42% free 10342K/17536K, paused 0ms+1ms, total 6ms
02-03 12:44:30.661 D/dalvikvm(15954): GC_FOR_ALLOC freed 5043K, 49% free 9115K/17536K, paused 4ms, total 4ms
02-03 12:44:30.661 D/dalvikvm(15954): GC_FOR_ALLOC freed 3843K, 48% free 9220K/17536K, paused 4ms, total 4ms
02-03 12:44:30.671 D/dalvikvm(15954): GC_CONCURRENT freed 3980K, 47% free 9328K/17536K, paused 1ms+1ms, total 5ms
02-03 12:44:30.671 D/dalvikvm(15954): WAIT_FOR_CONCURRENT_GC blocked 4ms
02-03 12:44:30.681 D/dalvikvm(15954): GC_CONCURRENT freed 4121K, 48% free 9222K/17536K, paused 1ms+1ms, total 5ms
02-03 12:44:30.681 D/dalvikvm(15954): WAIT_FOR_CONCURRENT_GC blocked 4ms
02-03 12:44:30.691 D/dalvikvm(15954): GC_FOR_ALLOC freed 3724K, 47% free 9437K/17536K, paused 4ms, total 4ms
02-03 12:44:30.691 D/dalvikvm(15954): GC_CONCURRENT freed 4073K, 47% free 9366K/17536K, paused 0ms+1ms, total 4ms
02-03 12:44:30.691 D/dalvikvm(15954): WAIT_FOR_CONCURRENT_GC blocked 4ms
02-03 12:44:30.701 D/dalvikvm(15954): GC_FOR_ALLOC freed 3998K, 48% free 9149K/17536K, paused 4ms, total 4ms
02-03 12:44:30.711 D/dalvikvm(15954): GC_FOR_ALLOC freed 3806K, 48% free 9150K/17536K, paused 4ms, total 4ms
02-03 12:44:30.711 D/dalvikvm(15954): GC_FOR_ALLOC freed 3832K, 48% free 9152K/17536K, paused 4ms, total 4ms
02-03 12:44:30.721 D/dalvikvm(15954): GC_FOR_ALLOC freed 3858K, 48% free 9153K/17536K, paused 4ms, total 4ms
02-03 12:44:30.731 D/dalvikvm(15954): GC_FOR_ALLOC freed 3884K, 48% free 9155K/17536K, paused 4ms, total 4ms
02-03 12:44:30.731 D/dalvikvm(15954): GC_FOR_ALLOC freed 3910K, 48% free 9156K/17536K, paused 4ms, total 4ms
02-03 12:44:30.741 D/dalvikvm(15954): GC_FOR_ALLOC freed 3937K, 48% free 9158K/17536K, paused 4ms, total 4ms
02-03 12:44:30.751 D/dalvikvm(15954): GC_FOR_ALLOC freed 3963K, 48% free 9159K/17536K, paused 4ms, total 4ms
02-03 12:44:30.751 D/dalvikvm(15954): GC_CONCURRENT freed 3761K, 47% free 9389K/17536K, paused 0ms+1ms, total 5ms
02-03 12:44:30.761 D/dalvikvm(15954): WAIT_FOR_CONCURRENT_GC blocked 5ms
02-03 12:44:30.761 D/dalvikvm(15954): GC_CONCURRENT freed 4014K, 47% free 9392K/17536K, paused 1ms+1ms, total 5ms
02-03 12:44:30.761 D/dalvikvm(15954): WAIT_FOR_CONCURRENT_GC blocked 4ms
02-03 12:44:30.771 D/dalvikvm(15954): GC_CONCURRENT freed 4271K, 48% free 9164K/17536K, paused 0ms+1ms, total 4ms
02-03 12:44:30.771 D/dalvikvm(15954): WAIT_FOR_CONCURRENT_GC blocked 4ms
02-03 12:44:30.781 D/dalvikvm(15954): GC_CONCURRENT freed 3835K, 47% free 9399K/17536K, paused 0ms+1ms, total 5ms
02-03 12:44:30.781 D/dalvikvm(15954): WAIT_FOR_CONCURRENT_GC blocked 4ms
02-03 12:44:30.791 D/dalvikvm(15954): GC_FOR_ALLOC freed 3743K, 46% free 9518K/17536K, paused 5ms, total 5ms
02-03 12:44:30.791 D/dalvikvm(15954): GC_FOR_ALLOC freed 4123K, 48% free 9286K/17536K, paused 4ms, total 4ms
02-03 12:44:30.801 D/dalvikvm(15954): GC_FOR_ALLOC freed 3914K, 48% free 9170K/17536K, paused 4ms, total 4ms
02-03 12:44:30.811 D/dalvikvm(15954): GC_FOR_ALLOC freed 3581K, 46% free 9530K/17536K, paused 4ms, total 4ms
02-03 12:44:30.811 D/dalvikvm(15954): GC_FOR_ALLOC freed 4205K, 48% free 9293K/17536K, paused 4ms, total 4ms
02-03 12:44:30.821 D/dalvikvm(15954): GC_CONCURRENT freed 3147K, 43% free 10018K/17536K, paused 1ms+1ms, total 6ms
02-03 12:44:30.831 D/dalvikvm(15954): GC_FOR_ALLOC freed 4496K, 46% free 9541K/17536K, paused 4ms, total 4ms
02-03 12:44:30.831 D/dalvikvm(15954): GC_CONCURRENT freed 3434K, 43% free 10154K/17536K, paused 1ms+2ms, total 6ms
02-03 12:44:30.841 D/dalvikvm(15954): GC_FOR_ALLOC freed 4923K, 48% free 9180K/17536K, paused 4ms, total 4ms
02-03 12:44:30.851 D/dalvikvm(15954): GC_FOR_ALLOC freed 3722K, 46% free 9553K/17536K, paused 4ms, total 4ms
02-03 12:44:30.851 D/dalvikvm(15954): GC_CONCURRENT freed 3250K, 43% free 10052K/17536K, paused 1ms+1ms, total 7ms
02-03 12:44:30.851 D/dalvikvm(15954): WAIT_FOR_CONCURRENT_GC blocked 2ms
02-03 12:44:30.861 D/dalvikvm(15954): GC_FOR_ALLOC freed 4637K, 47% free 9309K/17536K, paused 4ms, total 4ms
02-03 12:44:30.871 D/dalvikvm(15954): GC_CONCURRENT freed 3917K, 47% free 9439K/17536K, paused 0ms+1ms, total 5ms
02-03 12:44:30.871 D/dalvikvm(15954): WAIT_FOR_CONCURRENT_GC blocked 4ms
02-03 12:44:30.871 D/dalvikvm(15954): GC_FOR_ALLOC freed 4065K, 47% free 9314K/17536K, paused 4ms, total 4ms
02-03 12:44:30.881 D/dalvikvm(15954): GC_CONCURRENT freed 3963K, 47% free 9445K/17536K, paused 0ms+1ms, total 5ms
02-03 12:44:30.881 D/dalvikvm(15954): WAIT_FOR_CONCURRENT_GC blocked 4ms
02-03 12:44:30.891 D/dalvikvm(15954): GC_CONCURRENT freed 4113K, 47% free 9319K/17536K, paused 0ms+0ms, total 5ms
02-03 12:44:30.891 D/dalvikvm(15954): WAIT_FOR_CONCURRENT_GC blocked 4ms
02-03 12:44:30.901 D/dalvikvm(15954): GC_FOR_ALLOC freed 3620K, 46% free 9579K/17536K, paused 4ms, total 4ms
02-03 12:44:30.901 D/dalvikvm(15954): GC_FOR_ALLOC freed 4290K, 48% free 9193K/17536K, paused 4ms, total 4ms
02-03 12:44:30.911 D/dalvikvm(15954): GC_FOR_ALLOC freed 3922K, 47% free 9325K/17536K, paused 4ms, total 4ms
02-03 12:44:30.921 D/dalvikvm(15954): GC_CONCURRENT freed 3026K, 42% free 10244K/17536K, paused 1ms+1ms, total 6ms
02-03 12:44:30.921 D/dalvikvm(15954): WAIT_FOR_CONCURRENT_GC blocked 1ms
02-03 12:44:30.921 D/dalvikvm(15954): GC_FOR_ALLOC freed 5015K, 48% free 9197K/17536K, paused 4ms, total 4ms
02-03 12:44:30.931 D/dalvikvm(15954): GC_CONCURRENT freed 3324K, 46% free 9596K/17536K, paused 1ms+1ms, total 6ms
02-03 12:44:30.931 D/dalvikvm(15954): WAIT_FOR_CONCURRENT_GC blocked 2ms
02-03 12:44:30.941 D/dalvikvm(15954): GC_FOR_ALLOC freed 4137K, 48% free 9200K/17536K, paused 4ms, total 4ms
02-03 12:44:30.941 D/dalvikvm(15954): GC_FOR_ALLOC freed 3758K, 48% free 9201K/17536K, paused 4ms, total 4ms
02-03 12:44:30.951 D/dalvikvm(15954): GC_FOR_ALLOC freed 3778K, 48% free 9203K/17536K, paused 4ms, total 4ms
02-03 12:44:30.961 D/dalvikvm(15954): GC_FOR_ALLOC freed 3797K, 48% free 9204K/17536K, paused 4ms, total 4ms
02-03 12:44:30.961 D/dalvikvm(15954): GC_FOR_ALLOC freed 3816K, 48% free 9205K/17536K, paused 4ms, total 4ms
02-03 12:44:30.971 D/dalvikvm(15954): GC_FOR_ALLOC freed 3835K, 48% free 9207K/17536K, paused 4ms, total 4ms
02-03 12:44:30.981 D/dalvikvm(15954): GC_FOR_ALLOC freed 3853K, 48% free 9208K/17536K, paused 4ms, total 4ms
02-03 12:44:30.981 D/dalvikvm(15954): GC_FOR_ALLOC freed 3872K, 48% free 9209K/17536K, paused 4ms, total 4ms
02-03 12:44:30.991 D/dalvikvm(15954): GC_FOR_ALLOC freed 3891K, 48% free 9211K/17536K, paused 4ms, total 4ms
02-03 12:44:31.001 D/dalvikvm(15954): GC_FOR_ALLOC freed 3910K, 48% free 9212K/17536K, paused 4ms, total 4ms
02-03 12:44:31.001 D/dalvikvm(15954): GC_FOR_ALLOC freed 3929K, 48% free 9213K/17536K, paused 4ms, total 4ms
02-03 12:44:31.011 D/dalvikvm(15954): GC_FOR_ALLOC freed 3947K, 48% free 9215K/17536K, paused 4ms, total 4ms
02-03 12:44:31.021 D/dalvikvm(15954): GC_FOR_ALLOC freed 3966K, 48% free 9216K/17536K, paused 4ms, total 4ms
02-03 12:44:31.021 D/dalvikvm(15954): GC_CONCURRENT freed 3560K, 46% free 9643K/17536K, paused 1ms+1ms, total 6ms
02-03 12:44:31.021 D/dalvikvm(15954): WAIT_FOR_CONCURRENT_GC blocked 2ms
02-03 12:44:31.031 D/dalvikvm(15954): GC_CONCURRENT freed 4143K, 46% free 9505K/17536K, paused 1ms+0ms, total 6ms
02-03 12:44:31.031 D/dalvikvm(15954): WAIT_FOR_CONCURRENT_GC blocked 4ms
02-03 12:44:31.041 D/dalvikvm(15954): GC_CONCURRENT freed 4021K, 46% free 9508K/17536K, paused 1ms+1ms, total 5ms
02-03 12:44:31.041 D/dalvikvm(15954): WAIT_FOR_CONCURRENT_GC blocked 4ms
02-03 12:44:31.051 D/dalvikvm(15954): GC_CONCURRENT freed 4040K, 46% free 9510K/17536K, paused 1ms+1ms, total 5ms
02-03 12:44:31.051 D/dalvikvm(15954): WAIT_FOR_CONCURRENT_GC blocked 4ms
02-03 12:44:31.051 D/dalvikvm(15954): GC_CONCURRENT freed 4059K, 46% free 9513K/17536K, paused 1ms+1ms, total 6ms
02-03 12:44:31.051 D/dalvikvm(15954): WAIT_FOR_CONCURRENT_GC blocked 5ms
02-03 12:44:31.061 D/dalvikvm(15954): GC_CONCURRENT freed 4078K, 46% free 9516K/17536K, paused 1ms+1ms, total 5ms
02-03 12:44:31.061 D/dalvikvm(15954): WAIT_FOR_CONCURRENT_GC blocked 5ms
02-03 12:44:31.071 D/dalvikvm(15954): GC_FOR_ALLOC freed 3656K, 45% free 9664K/17536K, paused 4ms, total 4ms
02-03 12:44:31.081 D/dalvikvm(15954): GC_FOR_ALLOC freed 4113K, 47% free 9373K/17536K, paused 4ms, total 4ms
02-03 12:44:31.081 D/dalvikvm(15954): GC_FOR_ALLOC freed 3837K, 48% free 9228K/17536K, paused 4ms, total 4ms
02-03 12:44:31.091 D/dalvikvm(15954): GC_FOR_ALLOC freed 3407K, 45% free 9673K/17536K, paused 4ms, total 4ms
02-03 12:44:31.101 D/dalvikvm(15954): GC_FOR_ALLOC freed 4165K, 47% free 9379K/17536K, paused 4ms, total 4ms
02-03 12:44:31.101 D/dalvikvm(15954): GC_FOR_ALLOC freed 3885K, 48% free 9232K/17536K, paused 4ms, total 4ms
02-03 12:44:31.111 D/dalvikvm(15954): GC_FOR_ALLOC freed 3449K, 45% free 9682K/17536K, paused 4ms, total 4ms
02-03 12:44:31.121 D/dalvikvm(15954): GC_FOR_ALLOC freed 4217K, 47% free 9384K/17536K, paused 4ms, total 4ms
02-03 12:44:31.121 D/dalvikvm(15954): GC_FOR_ALLOC freed 3933K, 48% free 9235K/17536K, paused 4ms, total 4ms
02-03 12:44:31.131 D/dalvikvm(15954): GC_FOR_ALLOC freed 3492K, 45% free 9692K/17536K, paused 4ms, total 4ms
02-03 12:44:31.131 D/dalvikvm(15954): GC_FOR_ALLOC freed 4269K, 47% free 9390K/17536K, paused 4ms, total 4ms
02-03 12:44:31.141 D/dalvikvm(15954): GC_FOR_ALLOC freed 3981K, 48% free 9239K/17536K, paused 4ms, total 4ms
02-03 12:44:31.151 D/dalvikvm(15954): GC_FOR_ALLOC freed 3534K, 45% free 9701K/17536K, paused 5ms, total 5ms
02-03 12:44:31.151 D/dalvikvm(15954): GC_CONCURRENT freed 3244K, 41% free 10472K/17536K, paused 1ms+1ms, total 6ms
02-03 12:44:31.151 D/dalvikvm(15954): WAIT_FOR_CONCURRENT_GC blocked 2ms
02-03 12:44:31.161 D/dalvikvm(15954): GC_FOR_ALLOC freed 5105K, 48% free 9243K/17536K, paused 4ms, total 4ms
02-03 12:44:31.171 D/dalvikvm(15954): GC_FOR_ALLOC freed 3577K, 45% free 9710K/17536K, paused 4ms, total 4ms
02-03 12:44:31.171 D/dalvikvm(15954): GC_CONCURRENT freed 3283K, 41% free 10490K/17536K, paused 0ms+1ms, total 6ms
02-03 12:44:31.171 D/dalvikvm(15954): WAIT_FOR_CONCURRENT_GC blocked 2ms
02-03 12:44:31.181 D/dalvikvm(15954): GC_FOR_ALLOC freed 5166K, 48% free 9246K/17536K, paused 4ms, total 4ms
02-03 12:44:31.191 D/dalvikvm(15954): GC_FOR_ALLOC freed 3619K, 45% free 9719K/17536K, paused 4ms, total 4ms
02-03 12:44:31.191 D/dalvikvm(15954): GC_CONCURRENT freed 3005K, 41% free 10351K/17536K, paused 1ms+0ms, total 7ms
02-03 12:44:31.191 D/dalvikvm(15954): WAIT_FOR_CONCURRENT_GC blocked 2ms
02-03 12:44:31.201 D/dalvikvm(15954): GC_FOR_ALLOC freed 4749K, 47% free 9408K/17536K, paused 4ms, total 4ms
02-03 12:44:31.211 D/dalvikvm(15954): GC_CONCURRENT freed 3820K, 46% free 9569K/17536K, paused 0ms+1ms, total 5ms
02-03 12:44:31.211 D/dalvikvm(15954): WAIT_FOR_CONCURRENT_GC blocked 4ms
02-03 12:44:31.211 D/dalvikvm(15954): GC_FOR_ALLOC freed 3992K, 47% free 9411K/17536K, paused 4ms, total 4ms
02-03 12:44:31.221 D/dalvikvm(15954): GC_CONCURRENT freed 3850K, 46% free 9574K/17536K, paused 1ms+0ms, total 5ms
02-03 12:44:31.221 D/dalvikvm(15954): WAIT_FOR_CONCURRENT_GC blocked 4ms
02-03 12:44:31.231 D/dalvikvm(15954): GC_FOR_ALLOC freed 4023K, 47% free 9415K/17536K, paused 4ms, total 5ms
02-03 12:44:31.241 D/dalvikvm(15954): GC_CONCURRENT freed 3878K, 46% free 9579K/17536K, paused 1ms+1ms, total 5ms
02-03 12:44:31.241 D/dalvikvm(15954): WAIT_FOR_CONCURRENT_GC blocked 4ms
02-03 12:44:31.241 D/dalvikvm(15954): GC_FOR_ALLOC freed 4053K, 47% free 9419K/17536K, paused 4ms, total 4ms
02-03 12:44:31.251 D/dalvikvm(15954): GC_CONCURRENT freed 3907K, 46% free 9584K/17536K, paused 1ms+1ms, total 5ms
02-03 12:44:31.251 D/dalvikvm(15954): WAIT_FOR_CONCURRENT_GC blocked 4ms
02-03 12:44:31.261 D/dalvikvm(15954): GC_FOR_ALLOC freed 4084K, 47% free 9423K/17536K, paused 4ms, total 4ms
02-03 12:44:31.261 D/dalvikvm(15954): GC_FOR_ALLOC freed 3444K, 45% free 9752K/17536K, paused 4ms, total 4ms
02-03 12:44:31.271 D/dalvikvm(15954): GC_FOR_ALLOC freed 4281K, 48% free 9262K/17536K, paused 4ms, total 4ms
02-03 12:44:31.281 D/dalvikvm(15954): GC_FOR_ALLOC freed 3801K, 47% free 9428K/17536K, paused 4ms, total 4ms
02-03 12:44:31.281 D/dalvikvm(15954): GC_FOR_ALLOC freed 3481K, 45% free 9761K/17536K, paused 4ms, total 4ms
02-03 12:44:31.291 D/dalvikvm(15954): GC_FOR_ALLOC freed 4323K, 48% free 9265K/17536K, paused 4ms, total 4ms
02-03 12:44:31.301 D/dalvikvm(15954): GC_CONCURRENT freed 3835K, 47% free 9433K/17536K, paused 1ms+1ms, total 5ms
02-03 12:44:31.301 D/dalvikvm(15954): WAIT_FOR_CONCURRENT_GC blocked 4ms
02-03 12:44:31.301 D/dalvikvm(15954): GC_FOR_ALLOC freed 3513K, 45% free 9768K/17536K, paused 4ms, total 4ms
02-03 12:44:31.311 D/dalvikvm(15954): GC_FOR_ALLOC freed 4362K, 48% free 9268K/17536K, paused 4ms, total 4ms
02-03 12:44:31.321 D/dalvikvm(15954): GC_CONCURRENT freed 3870K, 47% free 9437K/17536K, paused 0ms+1ms, total 5ms
02-03 12:44:31.321 D/dalvikvm(15954): WAIT_FOR_CONCURRENT_GC blocked 4ms
02-03 12:44:31.331 D/dalvikvm(15954): GC_FOR_ALLOC freed 3544K, 45% free 9776K/17536K, paused 5ms, total 5ms
02-03 12:44:31.331 D/dalvikvm(15954): GC_FOR_ALLOC freed 4404K, 48% free 9272K/17536K, paused 4ms, total 4ms
02-03 12:44:31.341 D/dalvikvm(15954): GC_CONCURRENT freed 4066K, 47% free 9297K/17536K, paused 0ms+1ms, total 5ms
02-03 12:44:31.341 D/dalvikvm(15954): WAIT_FOR_CONCURRENT_GC blocked 4ms
02-03 12:44:31.351 D/dalvikvm(15954): GC_FOR_ALLOC freed 3395K, 45% free 9804K/17536K, paused 4ms, total 4ms
02-03 12:44:31.361 D/dalvikvm(15954): GC_FOR_ALLOC freed 4508K, 51% free 8707K/17536K, paused 3ms, total 3ms
02-03 12:44:31.381 D/dalvikvm(15954): GC_CONCURRENT freed 3327K, 47% free 9426K/17536K, paused 2ms+1ms, total 5ms
02-03 12:44:31.441 D/dalvikvm(15954): GC_CONCURRENT freed 4524K, 49% free 8978K/17536K, paused 1ms+0ms, total 6ms
02-03 12:44:31.441 D/dalvikvm(15954): WAIT_FOR_CONCURRENT_GC blocked 6ms
02-03 12:44:31.451 D/dalvikvm(15954): GC_CONCURRENT freed 4038K, 49% free 9017K/17536K, paused 1ms+1ms, total 5ms
02-03 12:44:31.451 D/dalvikvm(15954): WAIT_FOR_CONCURRENT_GC blocked 4ms
02-03 12:44:31.461 D/dalvikvm(15954): GC_CONCURRENT freed 4110K, 49% free 8980K/17536K, paused 1ms+1ms, total 5ms
02-03 12:44:31.461 D/dalvikvm(15954): WAIT_FOR_CONCURRENT_GC blocked 4ms
02-03 12:44:31.471 D/dalvikvm(15954): GC_CONCURRENT freed 4026K, 49% free 9011K/17536K, paused 1ms+0ms, total 5ms
02-03 12:44:31.471 D/dalvikvm(15954): WAIT_FOR_CONCURRENT_GC blocked 4ms
02-03 12:44:31.481 D/dalvikvm(15954): GC_FOR_ALLOC freed 3982K, 49% free 9077K/17536K, paused 5ms, total 5ms
02-03 12:44:31.481 D/dalvikvm(15954): GC_CONCURRENT freed 3083K, 48% free 9257K/17536K, paused 1ms+2ms, total 6ms
02-03 12:44:31.491 D/dalvikvm(15954): GC_FOR_ALLOC freed 4252K, 49% free 9090K/17536K, paused 4ms, total 4ms
02-03 12:44:31.501 D/dalvikvm(15954): GC_CONCURRENT freed 3914K, 48% free 9223K/17536K, paused 1ms+1ms, total 6ms
02-03 12:44:31.501 D/dalvikvm(15954): WAIT_FOR_CONCURRENT_GC blocked 1ms
02-03 12:44:31.501 D/dalvikvm(15954): GC_CONCURRENT freed 4291K, 49% free 9020K/17536K, paused 1ms+1ms, total 5ms
02-03 12:44:31.501 D/dalvikvm(15954): WAIT_FOR_CONCURRENT_GC blocked 4ms
02-03 12:44:31.511 D/dalvikvm(15954): GC_FOR_ALLOC freed 3924K, 48% free 9136K/17536K, paused 4ms, total 4ms
02-03 12:44:31.521 D/dalvikvm(15954): GC_CONCURRENT freed 3374K, 47% free 9390K/17536K, paused 0ms+1ms, total 6ms
02-03 12:44:31.531 D/dalvikvm(15954): GC_CONCURRENT freed 4295K, 49% free 9108K/17536K, paused 0ms+0ms, total 5ms
02-03 12:44:31.531 D/dalvikvm(15954): WAIT_FOR_CONCURRENT_GC blocked 4ms
02-03 12:44:31.531 D/dalvikvm(15954): GC_CONCURRENT freed 4043K, 48% free 9157K/17536K, paused 1ms+1ms, total 6ms
02-03 12:44:31.531 D/dalvikvm(15954): WAIT_FOR_CONCURRENT_GC blocked 5ms
02-03 12:44:31.541 D/dalvikvm(15954): GC_CONCURRENT freed 4014K, 48% free 9162K/17536K, paused 0ms+1ms, total 5ms
02-03 12:44:31.541 D/dalvikvm(15954): WAIT_FOR_CONCURRENT_GC blocked 4ms
02-03 12:44:31.551 D/dalvikvm(15954): GC_CONCURRENT freed 4164K, 49% free 9067K/17536K, paused 1ms+1ms, total 6ms
02-03 12:44:31.551 D/dalvikvm(15954): WAIT_FOR_CONCURRENT_GC blocked 5ms
02-03 12:44:31.561 D/dalvikvm(15954): GC_CONCURRENT freed 3950K, 48% free 9171K/17536K, paused 0ms+1ms, total 5ms
02-03 12:44:31.561 D/dalvikvm(15954): WAIT_FOR_CONCURRENT_GC blocked 2ms
02-03 12:44:31.571 D/dalvikvm(15954): GC_FOR_ALLOC freed 4077K, 48% free 9175K/17536K, paused 4ms, total 4ms
02-03 12:44:31.581 D/dalvikvm(15954): GC_FOR_ALLOC freed 4093K, 49% free 9015K/17536K, paused 5ms, total 5ms
02-03 12:44:31.581 D/dalvikvm(15954): GC_FOR_ALLOC freed 3928K, 49% free 9046K/17536K, paused 4ms, total 4ms
02-03 12:44:31.591 D/dalvikvm(15954): GC_FOR_ALLOC freed 4033K, 49% free 9045K/17536K, paused 5ms, total 5ms
02-03 12:44:31.601 D/dalvikvm(15954): GC_CONCURRENT freed 3431K, 46% free 9628K/17536K, paused 1ms+1ms, total 6ms
02-03 12:44:31.601 D/dalvikvm(15954): WAIT_FOR_CONCURRENT_GC blocked 2ms
02-03 12:44:31.601 D/dalvikvm(15954): GC_FOR_ALLOC freed 4519K, 49% free 9042K/17536K, paused 4ms, total 4ms
02-03 12:44:31.611 D/dalvikvm(15954): GC_FOR_ALLOC freed 4023K, 49% free 9103K/17536K, paused 4ms, total 4ms
02-03 12:44:31.621 D/dalvikvm(15954): GC_CONCURRENT freed 3674K, 47% free 9414K/17536K, paused 1ms+1ms, total 6ms
02-03 12:44:31.621 D/dalvikvm(15954): WAIT_FOR_CONCURRENT_GC blocked 2ms
02-03 12:44:31.621 D/dalvikvm(15954): GC_FOR_ALLOC freed 4381K, 49% free 9103K/17536K, paused 4ms, total 5ms
02-03 12:44:31.631 D/dalvikvm(15954): GC_CONCURRENT freed 3698K, 47% free 9362K/17536K, paused 0ms+0ms, total 6ms
02-03 12:44:31.631 D/dalvikvm(15954): WAIT_FOR_CONCURRENT_GC blocked 2ms
02-03 12:44:31.641 D/dalvikvm(15954): GC_FOR_ALLOC freed 4222K, 48% free 9135K/17536K, paused 5ms, total 5ms
02-03 12:44:31.641 D/dalvikvm(15954): GC_CONCURRENT freed 3494K, 46% free 9609K/17536K, paused 0ms+0ms, total 6ms
02-03 12:44:31.641 D/dalvikvm(15954): WAIT_FOR_CONCURRENT_GC blocked 2ms
02-03 12:44:31.651 D/dalvikvm(15954): GC_CONCURRENT freed 4587K, 49% free 9065K/17536K, paused 0ms+1ms, total 4ms
02-03 12:44:31.651 D/dalvikvm(15954): WAIT_FOR_CONCURRENT_GC blocked 4ms
02-03 12:44:31.661 D/dalvikvm(15954): GC_FOR_ALLOC freed 3972K, 49% free 9063K/17536K, paused 4ms, total 4ms
02-03 12:44:31.661 D/dalvikvm(15954): GC_CONCURRENT freed 3825K, 48% free 9275K/17536K, paused 1ms+1ms, total 6ms
02-03 12:44:31.661 D/dalvikvm(15954): WAIT_FOR_CONCURRENT_GC blocked 1ms
02-03 12:44:31.671 D/dalvikvm(15954): GC_FOR_ALLOC freed 3950K, 48% free 9280K/17536K, paused 4ms, total 4ms
02-03 12:44:31.681 D/dalvikvm(15954): GC_FOR_ALLOC freed 4166K, 48% free 9132K/17536K, paused 4ms, total 4ms
02-03 12:44:31.681 D/dalvikvm(15954): GC_CONCURRENT freed 3708K, 47% free 9429K/17536K, paused 1ms+1ms, total 6ms
02-03 12:44:31.681 D/dalvikvm(15954): WAIT_FOR_CONCURRENT_GC blocked 1ms
02-03 12:44:31.691 D/dalvikvm(15954): GC_FOR_ALLOC freed 4285K, 48% free 9163K/17536K, paused 4ms, total 4ms
02-03 12:44:31.701 D/dalvikvm(15954): GC_CONCURRENT freed 3426K, 45% free 9702K/17536K, paused 1ms+1ms, total 6ms
02-03 12:44:31.701 D/dalvikvm(15954): WAIT_FOR_CONCURRENT_GC blocked 2ms
02-03 12:44:31.701 D/dalvikvm(15954): GC_FOR_ALLOC freed 4643K, 49% free 9083K/17536K, paused 4ms, total 4ms
02-03 12:44:31.711 D/dalvikvm(15954): GC_CONCURRENT freed 3365K, 46% free 9636K/17536K, paused 0ms+1ms, total 5ms
02-03 12:44:31.711 D/dalvikvm(15954): WAIT_FOR_CONCURRENT_GC blocked 1ms
02-03 12:44:31.721 D/dalvikvm(15954): GC_CONCURRENT freed 4362K, 48% free 9246K/17536K, paused 1ms+1ms, total 5ms
02-03 12:44:31.721 D/dalvikvm(15954): WAIT_FOR_CONCURRENT_GC blocked 4ms
02-03 12:44:31.731 D/dalvikvm(15954): GC_FOR_ALLOC freed 4191K, 49% free 9081K/17536K, paused 4ms, total 4ms
02-03 12:44:31.731 D/dalvikvm(15954): GC_CONCURRENT freed 3505K, 45% free 9657K/17536K, paused 0ms+1ms, total 5ms
02-03 12:44:31.731 D/dalvikvm(15954): WAIT_FOR_CONCURRENT_GC blocked 1ms
02-03 12:44:31.741 D/dalvikvm(15954): GC_FOR_ALLOC freed 4289K, 47% free 9331K/17536K, paused 4ms, total 4ms
02-03 12:44:31.751 D/dalvikvm(15954): GC_FOR_ALLOC freed 4182K, 48% free 9161K/17536K, paused 4ms, total 4ms
02-03 12:44:31.751 D/dalvikvm(15954): GC_CONCURRENT freed 3632K, 46% free 9534K/17536K, paused 1ms+1ms, total 6ms
02-03 12:44:31.751 D/dalvikvm(15954): WAIT_FOR_CONCURRENT_GC blocked 1ms
02-03 12:44:31.761 D/dalvikvm(15954): GC_FOR_ALLOC freed 4271K, 48% free 9191K/17536K, paused 4ms, total 4ms
02-03 12:44:31.771 D/dalvikvm(15954): GC_CONCURRENT freed 3970K, 48% free 9283K/17536K, paused 1ms+1ms, total 5ms
02-03 12:44:31.771 D/dalvikvm(15954): WAIT_FOR_CONCURRENT_GC blocked 4ms
02-03 12:44:31.771 D/dalvikvm(15954): GC_FOR_ALLOC freed 4106K, 48% free 9192K/17536K, paused 4ms, total 4ms
02-03 12:44:31.781 D/dalvikvm(15954): GC_CONCURRENT freed 3342K, 45% free 9819K/17536K, paused 0ms+0ms, total 6ms
02-03 12:44:31.781 D/dalvikvm(15954): WAIT_FOR_CONCURRENT_GC blocked 2ms
02-03 12:44:31.791 D/dalvikvm(15954): GC_CONCURRENT freed 4545K, 48% free 9286K/17536K, paused 1ms+1ms, total 5ms
02-03 12:44:31.791 D/dalvikvm(15954): WAIT_FOR_CONCURRENT_GC blocked 4ms
02-03 12:44:31.791 D/dalvikvm(15954): GC_FOR_ALLOC freed 4052K, 49% free 9101K/17536K, paused 4ms, total 4ms
02-03 12:44:31.801 D/dalvikvm(15954): GC_FOR_ALLOC freed 3907K, 49% free 9099K/17536K, paused 4ms, total 4ms
02-03 12:44:31.811 D/dalvikvm(15954): GC_FOR_ALLOC freed 3944K, 49% free 9097K/17536K, paused 6ms, total 6ms
02-03 12:44:31.821 D/dalvikvm(15954): GC_CONCURRENT freed 3792K, 48% free 9284K/17536K, paused 1ms+0ms, total 7ms
02-03 12:44:31.821 D/dalvikvm(15954): WAIT_FOR_CONCURRENT_GC blocked 5ms
02-03 12:44:31.831 D/dalvikvm(15954): GC_CONCURRENT freed 4014K, 47% free 9320K/17536K, paused 1ms+1ms, total 7ms
02-03 12:44:31.831 D/dalvikvm(15954): WAIT_FOR_CONCURRENT_GC blocked 6ms
02-03 12:44:31.841 D/dalvikvm(15954): GC_CONCURRENT freed 4055K, 47% free 9319K/17536K, paused 1ms+1ms, total 6ms
02-03 12:44:31.841 D/dalvikvm(15954): WAIT_FOR_CONCURRENT_GC blocked 5ms
02-03 12:44:31.851 D/dalvikvm(15954): GC_FOR_ALLOC freed 4288K, 48% free 9124K/17536K, paused 5ms, total 6ms
02-03 12:44:31.851 W/BindingManager(18937): Cannot call determinedVisibility() - never saw a connection for the pid: 18937
02-03 12:44:31.861 D/dalvikvm(15954): GC_FOR_ALLOC freed 3635K, 47% free 9420K/17536K, paused 5ms, total 5ms
02-03 12:44:31.871 D/dalvikvm(15954): GC_CONCURRENT freed 4165K, 48% free 9222K/17536K, paused 1ms+1ms, total 7ms
02-03 12:44:31.871 D/dalvikvm(15954): WAIT_FOR_CONCURRENT_GC blocked 6ms
02-03 12:44:31.881 D/dalvikvm(15954): GC_FOR_ALLOC freed 4003K, 48% free 9121K/17536K, paused 5ms, total 6ms
02-03 12:44:31.881 I/chromium(18937): [INFO:CONSOLE(26)] "Uncaught ReferenceError: EvalScript is not defined", source: app://org.xwalk.webapi_noneservice_tests//opt/tct-workers-w3c-tests/workers/w3c/WorkerLocation_hash_encoding.htm (26)
02-03 12:44:31.891 D/dalvikvm(15954): GC_CONCURRENT freed 3729K, 47% free 9425K/17536K, paused 1ms+1ms, total 5ms
02-03 12:44:31.891 D/dalvikvm(15954): WAIT_FOR_CONCURRENT_GC blocked 4ms
02-03 12:44:31.901 D/dalvikvm(15954): GC_FOR_ALLOC freed 4273K, 48% free 9222K/17536K, paused 6ms, total 6ms
02-03 12:44:31.911 D/dalvikvm(15954): GC_FOR_ALLOC freed 4106K, 49% free 9118K/17536K, paused 7ms, total 7ms
02-03 12:44:31.921 D/dalvikvm(15954): GC_FOR_ALLOC freed 3826K, 48% free 9223K/17536K, paused 6ms, total 6ms
02-03 12:44:31.921 D/dalvikvm(15954): GC_CONCURRENT freed 3129K, 43% free 10160K/17536K, paused 1ms+1ms, total 6ms
02-03 12:44:31.931 D/dalvikvm(15954): GC_FOR_ALLOC freed 4936K, 48% free 9224K/17536K, paused 5ms, total 5ms
02-03 12:44:31.941 D/dalvikvm(15954): GC_FOR_ALLOC freed 3708K, 47% free 9438K/17536K, paused 5ms, total 5ms
02-03 12:44:31.951 D/dalvikvm(15954): GC_CONCURRENT freed 3311K, 43% free 10079K/17536K, paused 1ms+3ms, total 8ms
02-03 12:44:31.961 D/dalvikvm(15954): GC_CONCURRENT freed 4942K, 48% free 9227K/17536K, paused 0ms+1ms, total 7ms
02-03 12:44:31.961 D/dalvikvm(15954): WAIT_FOR_CONCURRENT_GC blocked 5ms
02-03 12:44:31.971 D/dalvikvm(15954): GC_CONCURRENT freed 3792K, 47% free 9446K/17536K, paused 1ms+1ms, total 6ms
02-03 12:44:31.971 D/dalvikvm(15954): WAIT_FOR_CONCURRENT_GC blocked 6ms
02-03 12:44:31.981 D/dalvikvm(15954): GC_CONCURRENT freed 4151K, 47% free 9370K/17536K, paused 1ms+0ms, total 6ms
02-03 12:44:31.981 D/dalvikvm(15954): WAIT_FOR_CONCURRENT_GC blocked 4ms
02-03 12:44:31.991 D/dalvikvm(15954): GC_FOR_ALLOC freed 4066K, 48% free 9153K/17536K, paused 4ms, total 4ms
02-03 12:44:31.991 D/dalvikvm(15954): GC_FOR_ALLOC freed 3874K, 48% free 9154K/17536K, paused 4ms, total 4ms
02-03 12:44:32.001 D/dalvikvm(15954): GC_FOR_ALLOC freed 3900K, 48% free 9156K/17536K, paused 4ms, total 4ms
02-03 12:44:32.011 D/dalvikvm(15954): GC_FOR_ALLOC freed 3926K, 48% free 9157K/17536K, paused 4ms, total 4ms
02-03 12:44:32.011 D/dalvikvm(15954): GC_FOR_ALLOC freed 3952K, 48% free 9159K/17536K, paused 4ms, total 4ms
02-03 12:44:32.021 D/dalvikvm(15954): GC_CONCURRENT freed 3751K, 47% free 9388K/17536K, paused 0ms+1ms, total 4ms
02-03 12:44:32.021 D/dalvikvm(15954): WAIT_FOR_CONCURRENT_GC blocked 4ms
02-03 12:44:32.031 D/dalvikvm(15954): GC_CONCURRENT freed 4003K, 47% free 9391K/17536K, paused 0ms+0ms, total 5ms
02-03 12:44:32.031 D/dalvikvm(15954): WAIT_FOR_CONCURRENT_GC blocked 4ms
02-03 12:44:32.041 D/dalvikvm(15954): GC_CONCURRENT freed 4029K, 47% free 9394K/17536K, paused 1ms+1ms, total 5ms
02-03 12:44:32.041 D/dalvikvm(15954): WAIT_FOR_CONCURRENT_GC blocked 4ms
02-03 12:44:32.041 D/dalvikvm(15954): GC_CONCURRENT freed 4056K, 47% free 9397K/17536K, paused 0ms+1ms, total 4ms
02-03 12:44:32.041 D/dalvikvm(15954): WAIT_FOR_CONCURRENT_GC blocked 4ms
02-03 12:44:32.051 D/dalvikvm(15954): GC_CONCURRENT freed 4084K, 47% free 9400K/17536K, paused 1ms+0ms, total 5ms
02-03 12:44:32.051 D/dalvikvm(15954): WAIT_FOR_CONCURRENT_GC blocked 4ms
02-03 12:44:32.061 D/dalvikvm(15954): GC_FOR_ALLOC freed 3763K, 46% free 9516K/17536K, paused 4ms, total 4ms
02-03 12:44:32.061 D/dalvikvm(15954): GC_FOR_ALLOC freed 4140K, 48% free 9283K/17536K, paused 4ms, total 4ms
02-03 12:44:32.071 D/dalvikvm(15954): GC_FOR_ALLOC freed 3931K, 48% free 9167K/17536K, paused 4ms, total 4ms
02-03 12:44:32.081 D/dalvikvm(15954): GC_FOR_ALLOC freed 3596K, 46% free 9528K/17536K, paused 4ms, total 4ms
02-03 12:44:32.081 D/dalvikvm(15954): GC_FOR_ALLOC freed 4223K, 48% free 9291K/17536K, paused 4ms, total 4ms
02-03 12:44:32.091 D/dalvikvm(15954): GC_CONCURRENT freed 3405K, 45% free 9776K/17536K, paused 1ms+1ms, total 6ms
02-03 12:44:32.091 D/dalvikvm(15954): WAIT_FOR_CONCURRENT_GC blocked 2ms
02-03 12:44:32.101 D/dalvikvm(15954): GC_FOR_ALLOC freed 4270K, 46% free 9540K/17536K, paused 4ms, total 4ms
02-03 12:44:32.101 D/dalvikvm(15954): GC_CONCURRENT freed 3448K, 43% free 10154K/17536K, paused 1ms+1ms, total 6ms
02-03 12:44:32.101 D/dalvikvm(15954): WAIT_FOR_CONCURRENT_GC blocked 2ms
02-03 12:44:32.111 D/dalvikvm(15954): GC_FOR_ALLOC freed 4943K, 48% free 9177K/17536K, paused 4ms, total 4ms
02-03 12:44:32.121 D/dalvikvm(15954): GC_FOR_ALLOC freed 3737K, 47% free 9302K/17536K, paused 4ms, total 4ms
02-03 12:44:32.121 D/dalvikvm(15954): GC_CONCURRENT freed 3886K, 47% free 9430K/17536K, paused 1ms+1ms, total 5ms
02-03 12:44:32.121 D/dalvikvm(15954): WAIT_FOR_CONCURRENT_GC blocked 4ms
02-03 12:44:32.131 D/dalvikvm(15954): GC_FOR_ALLOC freed 4033K, 47% free 9307K/17536K, paused 4ms, total 4ms
02-03 12:44:32.141 D/dalvikvm(15954): GC_FOR_ALLOC freed 4186K, 48% free 9183K/17536K, paused 4ms, total 4ms
02-03 12:44:32.141 D/dalvikvm(15954): GC_CONCURRENT freed 2938K, 42% free 10201K/17536K, paused 1ms+1ms, total 5ms
02-03 12:44:32.141 D/dalvikvm(15954): WAIT_FOR_CONCURRENT_GC blocked 3ms
02-03 12:44:32.151 D/dalvikvm(15954): GC_FOR_ALLOC freed 4482K, 46% free 9570K/17536K, paused 4ms, total 4ms
02-03 12:44:32.161 D/dalvikvm(15954): GC_FOR_ALLOC freed 4257K, 48% free 9187K/17536K, paused 4ms, total 4ms
02-03 12:44:32.161 D/dalvikvm(15954): GC_FOR_ALLOC freed 3892K, 47% free 9318K/17536K, paused 4ms, total 4ms
02-03 12:44:32.171 D/dalvikvm(15954): GC_CONCURRENT freed 3003K, 42% free 10230K/17536K, paused 1ms+1ms, total 6ms
02-03 12:44:32.171 D/dalvikvm(15954): WAIT_FOR_CONCURRENT_GC blocked 2ms
02-03 12:44:32.181 D/dalvikvm(15954): GC_FOR_ALLOC freed 4978K, 48% free 9191K/17536K, paused 4ms, total 4ms
02-03 12:44:32.181 D/dalvikvm(15954): GC_FOR_ALLOC freed 3957K, 47% free 9324K/17536K, paused 4ms, total 4ms
02-03 12:44:32.191 D/dalvikvm(15954): GC_CONCURRENT freed 3053K, 42% free 10251K/17536K, paused 1ms+1ms, total 6ms
02-03 12:44:32.191 D/dalvikvm(15954): WAIT_FOR_CONCURRENT_GC blocked 2ms
02-03 12:44:32.201 D/dalvikvm(15954): GC_CONCURRENT freed 4793K, 47% free 9462K/17536K, paused 1ms+1ms, total 5ms
02-03 12:44:32.201 D/dalvikvm(15954): WAIT_FOR_CONCURRENT_GC blocked 4ms
02-03 12:44:32.211 D/dalvikvm(15954): GC_FOR_ALLOC freed 4020K, 48% free 9197K/17536K, paused 4ms, total 4ms
02-03 12:44:32.211 D/dalvikvm(15954): GC_FOR_ALLOC freed 3773K, 48% free 9198K/17536K, paused 4ms, total 4ms
02-03 12:44:32.221 D/dalvikvm(15954): GC_FOR_ALLOC freed 3792K, 48% free 9200K/17536K, paused 4ms, total 4ms
02-03 12:44:32.231 D/dalvikvm(15954): GC_FOR_ALLOC freed 3811K, 48% free 9201K/17536K, paused 4ms, total 4ms
02-03 12:44:32.231 D/dalvikvm(15954): GC_FOR_ALLOC freed 3830K, 48% free 9202K/17536K, paused 4ms, total 4ms
02-03 12:44:32.241 D/dalvikvm(15954): GC_FOR_ALLOC freed 3849K, 48% free 9204K/17536K, paused 4ms, total 4ms
02-03 12:44:32.241 D/dalvikvm(15954): GC_FOR_ALLOC freed 3867K, 48% free 9205K/17536K, paused 4ms, total 4ms
02-03 12:44:32.251 D/dalvikvm(15954): GC_FOR_ALLOC freed 3886K, 48% free 9206K/17536K, paused 4ms, total 4ms
02-03 12:44:32.261 D/dalvikvm(15954): GC_FOR_ALLOC freed 3905K, 48% free 9208K/17536K, paused 4ms, total 4ms
02-03 12:44:32.261 D/dalvikvm(15954): GC_FOR_ALLOC freed 3924K, 48% free 9209K/17536K, paused 4ms, total 4ms
02-03 12:44:32.271 D/dalvikvm(15954): GC_FOR_ALLOC freed 3943K, 48% free 9211K/17536K, paused 4ms, total 4ms
02-03 12:44:32.281 D/dalvikvm(15954): GC_FOR_ALLOC freed 3961K, 48% free 9212K/17536K, paused 4ms, total 4ms
02-03 12:44:32.291 D/dalvikvm(15954): GC_CONCURRENT freed 3696K, 46% free 9498K/17536K, paused 0ms+1ms, total 5ms
02-03 12:44:32.291 D/dalvikvm(15954): WAIT_FOR_CONCURRENT_GC blocked 4ms
02-03 12:44:32.291 D/dalvikvm(15954): GC_CONCURRENT freed 3998K, 46% free 9500K/17536K, paused 1ms+1ms, total 5ms
02-03 12:44:32.291 D/dalvikvm(15954): WAIT_FOR_CONCURRENT_GC blocked 4ms
02-03 12:44:32.301 D/dalvikvm(15954): GC_CONCURRENT freed 4017K, 46% free 9503K/17536K, paused 0ms+1ms, total 5ms
02-03 12:44:32.301 D/dalvikvm(15954): WAIT_FOR_CONCURRENT_GC blocked 4ms
02-03 12:44:32.311 D/dalvikvm(15954): GC_CONCURRENT freed 4035K, 46% free 9506K/17536K, paused 1ms+1ms, total 5ms
02-03 12:44:32.311 D/dalvikvm(15954): WAIT_FOR_CONCURRENT_GC blocked 4ms
02-03 12:44:32.321 D/dalvikvm(15954): GC_CONCURRENT freed 4054K, 46% free 9508K/17536K, paused 0ms+1ms, total 5ms
02-03 12:44:32.321 D/dalvikvm(15954): WAIT_FOR_CONCURRENT_GC blocked 4ms
02-03 12:44:32.321 D/dalvikvm(15954): GC_CONCURRENT freed 4073K, 46% free 9511K/17536K, paused 1ms+1ms, total 5ms
02-03 12:44:32.321 D/dalvikvm(15954): WAIT_FOR_CONCURRENT_GC blocked 4ms
02-03 12:44:32.331 D/dalvikvm(15954): GC_CONCURRENT freed 4092K, 46% free 9514K/17536K, paused 0ms+1ms, total 4ms
02-03 12:44:32.331 D/dalvikvm(15954): WAIT_FOR_CONCURRENT_GC blocked 5ms
02-03 12:44:32.341 D/dalvikvm(15954): GC_FOR_ALLOC freed 3668K, 45% free 9662K/17536K, paused 4ms, total 4ms
02-03 12:44:32.341 D/dalvikvm(15954): GC_FOR_ALLOC freed 4127K, 47% free 9371K/17536K, paused 4ms, total 4ms
02-03 12:44:32.351 D/dalvikvm(15954): GC_FOR_ALLOC freed 3850K, 48% free 9225K/17536K, paused 4ms, total 4ms
02-03 12:44:32.361 D/dalvikvm(15954): GC_FOR_ALLOC freed 3418K, 45% free 9672K/17536K, paused 4ms, total 4ms
02-03 12:44:32.361 D/dalvikvm(15954): GC_FOR_ALLOC freed 4179K, 47% free 9376K/17536K, paused 4ms, total 4ms
02-03 12:44:32.371 D/dalvikvm(15954): GC_FOR_ALLOC freed 3898K, 48% free 9229K/17536K, paused 4ms, total 4ms
02-03 12:44:32.381 D/dalvikvm(15954): GC_FOR_ALLOC freed 3461K, 45% free 9681K/17536K, paused 4ms, total 4ms
02-03 12:44:32.381 D/dalvikvm(15954): GC_FOR_ALLOC freed 4231K, 47% free 9382K/17536K, paused 4ms, total 4ms
02-03 12:44:32.391 D/dalvikvm(15954): GC_FOR_ALLOC freed 3946K, 48% free 9232K/17536K, paused 5ms, total 5ms
02-03 12:44:32.401 D/dalvikvm(15954): GC_FOR_ALLOC freed 3503K, 45% free 9690K/17536K, paused 4ms, total 4ms
02-03 12:44:32.411 D/dalvikvm(15954): GC_CONCURRENT freed 4282K, 47% free 9388K/17536K, paused 1ms+1ms, total 7ms
02-03 12:44:32.411 D/dalvikvm(15954): WAIT_FOR_CONCURRENT_GC blocked 5ms
02-03 12:44:32.421 D/dalvikvm(15954): GC_FOR_ALLOC freed 3994K, 48% free 9236K/17536K, paused 5ms, total 5ms
02-03 12:44:32.431 D/dalvikvm(15954): GC_FOR_ALLOC freed 3546K, 45% free 9699K/17536K, paused 7ms, total 7ms
02-03 12:44:32.451 W/BindingManager(18937): Cannot call determinedVisibility() - never saw a connection for the pid: 18937
02-03 12:44:32.451 D/dalvikvm(15954): GC_CONCURRENT freed 3254K, 41% free 10473K/17536K, paused 0ms+2ms, total 20ms
02-03 12:44:32.451 D/dalvikvm(15954): WAIT_FOR_CONCURRENT_GC blocked 14ms
02-03 12:44:32.461 D/dalvikvm(15954): GC_FOR_ALLOC freed 5122K, 48% free 9240K/17536K, paused 6ms, total 6ms
02-03 12:44:32.481 D/dalvikvm(15954): GC_CONCURRENT freed 3588K, 45% free 9709K/17536K, paused 1ms+1ms, total 6ms
02-03 12:44:32.481 I/chromium(18937): [INFO:CONSOLE(46)] "Uncaught ReferenceError: SharedWorker is not defined", source: app://org.xwalk.webapi_noneservice_tests//opt/tct-workers-w3c-tests/workers/SharedWorkerLocation_port.html (46)
02-03 12:44:32.491 D/dalvikvm(15954): GC_FOR_ALLOC freed 4386K, 47% free 9398K/17536K, paused 9ms, total 9ms
02-03 12:44:32.501 D/dalvikvm(15954): GC_FOR_ALLOC freed 4090K, 48% free 9243K/17536K, paused 6ms, total 6ms
02-03 12:44:32.511 D/dalvikvm(15954): GC_FOR_ALLOC freed 3631K, 47% free 9402K/17536K, paused 5ms, total 5ms
02-03 12:44:32.521 D/dalvikvm(15954): GC_FOR_ALLOC freed 4121K, 48% free 9246K/17536K, paused 5ms, total 5ms
02-03 12:44:32.521 D/dalvikvm(15954): GC_FOR_ALLOC freed 3658K, 47% free 9405K/17536K, paused 4ms, total 4ms
02-03 12:44:32.531 D/dalvikvm(15954): GC_CONCURRENT freed 3832K, 46% free 9568K/17536K, paused 0ms+1ms, total 5ms
02-03 12:44:32.531 D/dalvikvm(15954): WAIT_FOR_CONCURRENT_GC blocked 5ms
02-03 12:44:32.541 D/dalvikvm(15954): GC_FOR_ALLOC freed 4006K, 47% free 9409K/17536K, paused 4ms, total 4ms
02-03 12:44:32.541 D/dalvikvm(15954): GC_CONCURRENT freed 3862K, 46% free 9572K/17536K, paused 0ms+1ms, total 4ms
02-03 12:44:32.541 D/dalvikvm(15954): WAIT_FOR_CONCURRENT_GC blocked 4ms
02-03 12:44:32.551 D/dalvikvm(15954): GC_FOR_ALLOC freed 4036K, 47% free 9413K/17536K, paused 4ms, total 4ms
02-03 12:44:32.561 D/dalvikvm(15954): GC_CONCURRENT freed 3891K, 46% free 9577K/17536K, paused 0ms+1ms, total 5ms
02-03 12:44:32.561 D/dalvikvm(15954): WAIT_FOR_CONCURRENT_GC blocked 5ms
02-03 12:44:32.571 D/dalvikvm(15954): GC_FOR_ALLOC freed 4066K, 47% free 9416K/17536K, paused 4ms, total 4ms
02-03 12:44:32.571 D/dalvikvm(15954): GC_CONCURRENT freed 3921K, 46% free 9582K/17536K, paused 1ms+1ms, total 5ms
02-03 12:44:32.571 D/dalvikvm(15954): WAIT_FOR_CONCURRENT_GC blocked 4ms
02-03 12:44:32.581 D/dalvikvm(15954): GC_FOR_ALLOC freed 4098K, 47% free 9420K/17536K, paused 5ms, total 5ms
02-03 12:44:32.591 D/dalvikvm(15954): GC_FOR_ALLOC freed 3456K, 45% free 9751K/17536K, paused 4ms, total 4ms
02-03 12:44:32.591 D/dalvikvm(15954): GC_FOR_ALLOC freed 4295K, 48% free 9259K/17536K, paused 4ms, total 4ms
02-03 12:44:32.601 D/dalvikvm(15954): GC_CONCURRENT freed 3811K, 47% free 9426K/17536K, paused 1ms+1ms, total 5ms
02-03 12:44:32.601 D/dalvikvm(15954): WAIT_FOR_CONCURRENT_GC blocked 4ms
02-03 12:44:32.611 D/dalvikvm(15954): GC_FOR_ALLOC freed 3491K, 45% free 9759K/17536K, paused 4ms, total 4ms
02-03 12:44:32.611 D/dalvikvm(15954): GC_FOR_ALLOC freed 4335K, 48% free 9262K/17536K, paused 4ms, total 4ms
02-03 12:44:32.621 D/dalvikvm(15954): GC_CONCURRENT freed 3846K, 47% free 9430K/17536K, paused 1ms+1ms, total 6ms
02-03 12:44:32.621 D/dalvikvm(15954): WAIT_FOR_CONCURRENT_GC blocked 5ms
02-03 12:44:32.631 D/dalvikvm(15954): GC_FOR_ALLOC freed 3522K, 45% free 9767K/17536K, paused 4ms, total 4ms
02-03 12:44:32.641 D/dalvikvm(15954): GC_FOR_ALLOC freed 4374K, 48% free 9265K/17536K, paused 4ms, total 4ms
02-03 12:44:32.641 D/dalvikvm(15954): GC_CONCURRENT freed 3880K, 47% free 9435K/17536K, paused 0ms+1ms, total 5ms
02-03 12:44:32.641 D/dalvikvm(15954): WAIT_FOR_CONCURRENT_GC blocked 5ms
02-03 12:44:32.651 D/dalvikvm(15954): GC_FOR_ALLOC freed 3556K, 45% free 9775K/17536K, paused 4ms, total 4ms
02-03 12:44:32.661 D/dalvikvm(15954): GC_CONCURRENT freed 4083K, 45% free 9787K/17536K, paused 1ms+1ms, total 5ms
02-03 12:44:32.661 D/dalvikvm(15954): WAIT_FOR_CONCURRENT_GC blocked 5ms
02-03 12:44:32.671 D/dalvikvm(15954): GC_FOR_ALLOC freed 4231K, 47% free 9437K/17536K, paused 4ms, total 4ms
02-03 12:44:32.681 D/dalvikvm(15954): GC_FOR_ALLOC freed 4512K, 51% free 8695K/17536K, paused 4ms, total 4ms
02-03 12:44:32.701 D/dalvikvm(15954): GC_CONCURRENT freed 3323K, 47% free 9420K/17536K, paused 2ms+1ms, total 5ms
02-03 12:44:32.761 D/dalvikvm(15954): GC_CONCURRENT freed 4516K, 49% free 8999K/17536K, paused 1ms+0ms, total 7ms
02-03 12:44:32.761 D/dalvikvm(15954): WAIT_FOR_CONCURRENT_GC blocked 6ms
02-03 12:44:32.771 D/dalvikvm(15954): GC_CONCURRENT freed 4034K, 49% free 9054K/17536K, paused 1ms+1ms, total 5ms
02-03 12:44:32.771 D/dalvikvm(15954): WAIT_FOR_CONCURRENT_GC blocked 5ms
02-03 12:44:32.781 D/dalvikvm(15954): GC_CONCURRENT freed 4110K, 49% free 9027K/17536K, paused 1ms+1ms, total 5ms
02-03 12:44:32.781 D/dalvikvm(15954): WAIT_FOR_CONCURRENT_GC blocked 5ms
02-03 12:44:32.791 D/dalvikvm(15954): GC_CONCURRENT freed 4133K, 49% free 8985K/17536K, paused 1ms+1ms, total 5ms
02-03 12:44:32.791 D/dalvikvm(15954): WAIT_FOR_CONCURRENT_GC blocked 4ms
02-03 12:44:32.791 D/dalvikvm(15954): GC_CONCURRENT freed 3964K, 49% free 9053K/17536K, paused 0ms+1ms, total 5ms
02-03 12:44:32.791 D/dalvikvm(15954): WAIT_FOR_CONCURRENT_GC blocked 5ms
02-03 12:44:32.801 D/dalvikvm(15954): GC_CONCURRENT freed 4088K, 49% free 9060K/17536K, paused 0ms+1ms, total 5ms
02-03 12:44:32.801 D/dalvikvm(15954): WAIT_FOR_CONCURRENT_GC blocked 4ms
02-03 12:44:32.811 D/dalvikvm(15954): GC_FOR_ALLOC freed 4123K, 49% free 9028K/17536K, paused 4ms, total 4ms
02-03 12:44:32.821 D/dalvikvm(15954): GC_CONCURRENT freed 2760K, 47% free 9415K/17536K, paused 1ms+1ms, total 7ms
02-03 12:44:32.821 D/dalvikvm(15954): GC_CONCURRENT freed 4313K, 48% free 9191K/17536K, paused 0ms+1ms, total 5ms
02-03 12:44:32.821 D/dalvikvm(15954): WAIT_FOR_CONCURRENT_GC blocked 4ms
02-03 12:44:32.831 D/dalvikvm(15954): GC_CONCURRENT freed 4203K, 49% free 9080K/17536K, paused 0ms+0ms, total 5ms
02-03 12:44:32.831 D/dalvikvm(15954): WAIT_FOR_CONCURRENT_GC blocked 5ms
02-03 12:44:32.841 D/dalvikvm(15954): GC_CONCURRENT freed 4015K, 48% free 9127K/17536K, paused 1ms+1ms, total 6ms
02-03 12:44:32.841 D/dalvikvm(15954): WAIT_FOR_CONCURRENT_GC blocked 5ms
02-03 12:44:32.851 D/dalvikvm(15954): GC_FOR_ALLOC freed 4028K, 48% free 9133K/17536K, paused 4ms, total 4ms
02-03 12:44:32.861 D/dalvikvm(15954): GC_CONCURRENT freed 3886K, 48% free 9223K/17536K, paused 1ms+1ms, total 7ms
02-03 12:44:32.861 D/dalvikvm(15954): WAIT_FOR_CONCURRENT_GC blocked 3ms
02-03 12:44:32.861 D/dalvikvm(15954): GC_CONCURRENT freed 4159K, 48% free 9131K/17536K, paused 1ms+1ms, total 5ms
02-03 12:44:32.861 D/dalvikvm(15954): WAIT_FOR_CONCURRENT_GC blocked 4ms
02-03 12:44:32.871 D/dalvikvm(15954): GC_CONCURRENT freed 4029K, 48% free 9184K/17536K, paused 1ms+1ms, total 5ms
02-03 12:44:32.871 D/dalvikvm(15954): WAIT_FOR_CONCURRENT_GC blocked 4ms
02-03 12:44:32.881 D/dalvikvm(15954): GC_CONCURRENT freed 4116K, 48% free 9141K/17536K, paused 1ms+1ms, total 6ms
02-03 12:44:32.881 D/dalvikvm(15954): WAIT_FOR_CONCURRENT_GC blocked 4ms
02-03 12:44:32.891 D/dalvikvm(15954): GC_CONCURRENT freed 3932K, 47% free 9304K/17536K, paused 0ms+1ms, total 6ms
02-03 12:44:32.891 D/dalvikvm(15954): WAIT_FOR_CONCURRENT_GC blocked 5ms
02-03 12:44:32.901 D/dalvikvm(15954): GC_CONCURRENT freed 4213K, 49% free 9090K/17536K, paused 0ms+0ms, total 5ms
02-03 12:44:32.901 D/dalvikvm(15954): WAIT_FOR_CONCURRENT_GC blocked 4ms
02-03 12:44:32.911 D/dalvikvm(15954): GC_CONCURRENT freed 3942K, 48% free 9204K/17536K, paused 1ms+1ms, total 5ms
02-03 12:44:32.911 D/dalvikvm(15954): WAIT_FOR_CONCURRENT_GC blocked 5ms
02-03 12:44:32.921 D/dalvikvm(15954): GC_CONCURRENT freed 4046K, 48% free 9207K/17536K, paused 0ms+1ms, total 5ms
02-03 12:44:32.921 D/dalvikvm(15954): WAIT_FOR_CONCURRENT_GC blocked 4ms
02-03 12:44:32.921 D/dalvikvm(15954): GC_CONCURRENT freed 4151K, 49% free 9091K/17536K, paused 0ms+1ms, total 5ms
02-03 12:44:32.921 D/dalvikvm(15954): WAIT_FOR_CONCURRENT_GC blocked 4ms
02-03 12:44:32.931 D/dalvikvm(15954): GC_CONCURRENT freed 4011K, 48% free 9153K/17536K, paused 1ms+1ms, total 5ms
02-03 12:44:32.931 D/dalvikvm(15954): WAIT_FOR_CONCURRENT_GC blocked 5ms
02-03 12:44:32.941 D/dalvikvm(15954): GC_FOR_ALLOC freed 4039K, 49% free 9030K/17536K, paused 4ms, total 4ms
02-03 12:44:32.951 D/dalvikvm(15954): GC_CONCURRENT freed 3870K, 48% free 9192K/17536K, paused 1ms+0ms, total 6ms
02-03 12:44:32.951 D/dalvikvm(15954): WAIT_FOR_CONCURRENT_GC blocked 4ms
02-03 12:44:32.961 D/dalvikvm(15954): GC_CONCURRENT freed 4084K, 48% free 9193K/17536K, paused 1ms+1ms, total 6ms
02-03 12:44:32.961 D/dalvikvm(15954): WAIT_FOR_CONCURRENT_GC blocked 5ms
02-03 12:44:32.961 D/dalvikvm(15954): GC_CONCURRENT freed 3967K, 48% free 9260K/17536K, paused 1ms+1ms, total 5ms
02-03 12:44:32.971 D/dalvikvm(15954): WAIT_FOR_CONCURRENT_GC blocked 4ms
02-03 12:44:32.971 D/dalvikvm(15954): GC_FOR_ALLOC freed 4113K, 49% free 9060K/17536K, paused 4ms, total 4ms
02-03 12:44:32.981 D/dalvikvm(15954): GC_FOR_ALLOC freed 3984K, 48% free 9127K/17536K, paused 5ms, total 5ms
02-03 12:44:32.991 D/dalvikvm(15954): GC_CONCURRENT freed 3571K, 46% free 9612K/17536K, paused 1ms+2ms, total 6ms
02-03 12:44:32.991 D/dalvikvm(15954): WAIT_FOR_CONCURRENT_GC blocked 1ms
02-03 12:44:32.991 D/dalvikvm(15954): GC_CONCURRENT freed 4327K, 48% free 9269K/17536K, paused 0ms+1ms, total 5ms
02-03 12:44:32.991 D/dalvikvm(15954): WAIT_FOR_CONCURRENT_GC blocked 5ms
02-03 12:44:33.001 D/dalvikvm(15954): GC_CONCURRENT freed 4049K, 48% free 9271K/17536K, paused 0ms+1ms, total 5ms
02-03 12:44:33.001 D/dalvikvm(15954): WAIT_FOR_CONCURRENT_GC blocked 4ms
02-03 12:44:33.011 D/dalvikvm(15954): GC_CONCURRENT freed 4116K, 48% free 9126K/17536K, paused 1ms+1ms, total 6ms
02-03 12:44:33.011 D/dalvikvm(15954): WAIT_FOR_CONCURRENT_GC blocked 5ms
02-03 12:44:33.021 D/dalvikvm(15954): GC_CONCURRENT freed 3880K, 48% free 9236K/17536K, paused 0ms+1ms, total 5ms
02-03 12:44:33.021 D/dalvikvm(15954): WAIT_FOR_CONCURRENT_GC blocked 4ms
02-03 12:44:33.031 D/dalvikvm(15954): GC_CONCURRENT freed 4015K, 47% free 9312K/17536K, paused 1ms+1ms, total 6ms
02-03 12:44:33.031 D/dalvikvm(15954): WAIT_FOR_CONCURRENT_GC blocked 4ms
02-03 12:44:33.041 D/dalvikvm(15954): GC_FOR_ALLOC freed 4154K, 49% free 9083K/17536K, paused 4ms, total 4ms
02-03 12:44:33.041 D/dalvikvm(15954): GC_FOR_ALLOC freed 3980K, 48% free 9159K/17536K, paused 4ms, total 4ms
02-03 12:44:33.051 D/dalvikvm(15954): GC_CONCURRENT freed 3486K, 45% free 9708K/17536K, paused 1ms+1ms, total 6ms
02-03 12:44:33.061 D/dalvikvm(15954): GC_CONCURRENT freed 4560K, 48% free 9243K/17536K, paused 0ms+1ms, total 4ms
02-03 12:44:33.061 D/dalvikvm(15954): WAIT_FOR_CONCURRENT_GC blocked 5ms
02-03 12:44:33.061 D/dalvikvm(15954): GC_CONCURRENT freed 3984K, 48% free 9247K/17536K, paused 1ms+1ms, total 5ms
02-03 12:44:33.061 D/dalvikvm(15954): WAIT_FOR_CONCURRENT_GC blocked 4ms
02-03 12:44:33.071 D/dalvikvm(15954): GC_CONCURRENT freed 4037K, 48% free 9252K/17536K, paused 1ms+1ms, total 5ms
02-03 12:44:33.071 D/dalvikvm(15954): WAIT_FOR_CONCURRENT_GC blocked 4ms
02-03 12:44:33.081 D/dalvikvm(15954): GC_CONCURRENT freed 4091K, 48% free 9256K/17536K, paused 0ms+1ms, total 5ms
02-03 12:44:33.081 D/dalvikvm(15954): WAIT_FOR_CONCURRENT_GC blocked 4ms
02-03 12:44:33.091 D/dalvikvm(15954): GC_FOR_ALLOC freed 3894K, 47% free 9340K/17536K, paused 4ms, total 4ms
02-03 12:44:33.091 D/dalvikvm(15954): GC_CONCURRENT freed 3603K, 45% free 9763K/17536K, paused 0ms+1ms, total 6ms
02-03 12:44:33.091 D/dalvikvm(15954): WAIT_FOR_CONCURRENT_GC blocked 2ms
02-03 12:44:33.101 D/dalvikvm(15954): GC_CONCURRENT freed 4490K, 48% free 9260K/17536K, paused 0ms+1ms, total 4ms
02-03 12:44:33.101 D/dalvikvm(15954): WAIT_FOR_CONCURRENT_GC blocked 5ms
02-03 12:44:33.111 D/dalvikvm(15954): GC_FOR_ALLOC freed 4030K, 48% free 9171K/17536K, paused 4ms, total 4ms
02-03 12:44:33.121 D/dalvikvm(15954): GC_CONCURRENT freed 3984K, 48% free 9264K/17536K, paused 1ms+0ms, total 5ms
02-03 12:44:33.121 D/dalvikvm(15954): WAIT_FOR_CONCURRENT_GC blocked 4ms
02-03 12:44:33.121 D/dalvikvm(15954): GC_FOR_ALLOC freed 4120K, 48% free 9173K/17536K, paused 4ms, total 4ms
02-03 12:44:33.131 D/dalvikvm(15954): GC_CONCURRENT freed 3173K, 43% free 10014K/17536K, paused 1ms+1ms, total 6ms
02-03 12:44:33.131 D/dalvikvm(15954): WAIT_FOR_CONCURRENT_GC blocked 2ms
02-03 12:44:33.141 D/dalvikvm(15954): GC_CONCURRENT freed 4740K, 47% free 9299K/17536K, paused 0ms+1ms, total 5ms
02-03 12:44:33.141 D/dalvikvm(15954): WAIT_FOR_CONCURRENT_GC blocked 4ms
02-03 12:44:33.141 D/dalvikvm(15954): GC_FOR_ALLOC freed 4065K, 49% free 9114K/17536K, paused 5ms, total 5ms
02-03 12:44:33.151 D/dalvikvm(15954): GC_FOR_ALLOC freed 3919K, 49% free 9111K/17536K, paused 4ms, total 4ms
02-03 12:44:33.161 D/dalvikvm(15954): GC_FOR_ALLOC freed 3957K, 49% free 9109K/17536K, paused 4ms, total 4ms
02-03 12:44:33.161 D/dalvikvm(15954): GC_CONCURRENT freed 3800K, 47% free 9302K/17536K, paused 0ms+1ms, total 4ms
02-03 12:44:33.161 D/dalvikvm(15954): WAIT_FOR_CONCURRENT_GC blocked 5ms
02-03 12:44:33.171 D/dalvikvm(15954): GC_CONCURRENT freed 4026K, 47% free 9305K/17536K, paused 1ms+1ms, total 5ms
02-03 12:44:33.171 D/dalvikvm(15954): WAIT_FOR_CONCURRENT_GC blocked 4ms
02-03 12:44:33.181 D/dalvikvm(15954): GC_CONCURRENT freed 4064K, 47% free 9309K/17536K, paused 0ms+1ms, total 5ms
02-03 12:44:33.181 D/dalvikvm(15954): WAIT_FOR_CONCURRENT_GC blocked 4ms
02-03 12:44:33.191 D/dalvikvm(15954): GC_FOR_ALLOC freed 3811K, 47% free 9405K/17536K, paused 4ms, total 4ms
02-03 12:44:33.191 D/dalvikvm(15954): GC_FOR_ALLOC freed 4141K, 48% free 9208K/17536K, paused 4ms, total 4ms
02-03 12:44:33.201 D/dalvikvm(15954): GC_FOR_ALLOC freed 3979K, 49% free 9108K/17536K, paused 4ms, total 4ms
02-03 12:44:33.211 D/dalvikvm(15954): GC_FOR_ALLOC freed 3707K, 47% free 9410K/17536K, paused 4ms, total 4ms
02-03 12:44:33.211 D/dalvikvm(15954): GC_CONCURRENT freed 3545K, 44% free 9910K/17536K, paused 1ms+1ms, total 6ms
02-03 12:44:33.211 D/dalvikvm(15954): WAIT_FOR_CONCURRENT_GC blocked 2ms
02-03 12:44:33.221 D/dalvikvm(15954): GC_CONCURRENT freed 4576K, 47% free 9345K/17536K, paused 1ms+1ms, total 5ms
02-03 12:44:33.221 D/dalvikvm(15954): WAIT_FOR_CONCURRENT_GC blocked 4ms
02-03 12:44:33.231 D/dalvikvm(15954): GC_FOR_ALLOC freed 4011K, 48% free 9241K/17536K, paused 4ms, total 4ms
02-03 12:44:33.231 D/dalvikvm(15954): GC_CONCURRENT freed 3938K, 47% free 9348K/17536K, paused 0ms+1ms, total 4ms
02-03 12:44:33.241 D/dalvikvm(15954): WAIT_FOR_CONCURRENT_GC blocked 5ms
02-03 12:44:33.241 D/dalvikvm(15954): GC_FOR_ALLOC freed 4078K, 48% free 9242K/17536K, paused 4ms, total 4ms
02-03 12:44:33.251 D/dalvikvm(15954): GC_CONCURRENT freed 2640K, 41% free 10503K/17536K, paused 1ms+1ms, total 6ms
02-03 12:44:33.251 D/dalvikvm(15954): WAIT_FOR_CONCURRENT_GC blocked 3ms
02-03 12:44:33.251 D/dalvikvm(15954): GC_FOR_ALLOC freed 5297K, 48% free 9137K/17536K, paused 4ms, total 4ms
02-03 12:44:33.261 D/dalvikvm(15954): GC_FOR_ALLOC freed 3957K, 48% free 9245K/17536K, paused 4ms, total 4ms
02-03 12:44:33.271 D/dalvikvm(15954): GC_CONCURRENT freed 2700K, 40% free 10535K/17536K, paused 1ms+1ms, total 6ms
02-03 12:44:33.271 D/dalvikvm(15954): WAIT_FOR_CONCURRENT_GC blocked 2ms
02-03 12:44:33.281 D/dalvikvm(15954): GC_CONCURRENT freed 5196K, 47% free 9359K/17536K, paused 1ms+1ms, total 5ms
02-03 12:44:33.281 D/dalvikvm(15954): WAIT_FOR_CONCURRENT_GC blocked 4ms
02-03 12:44:33.281 D/dalvikvm(15954): GC_FOR_ALLOC freed 4048K, 48% free 9140K/17536K, paused 4ms, total 4ms
02-03 12:44:33.291 D/dalvikvm(15954): GC_FOR_ALLOC freed 3853K, 48% free 9141K/17536K, paused 4ms, total 4ms
02-03 12:44:33.301 D/dalvikvm(15954): GC_FOR_ALLOC freed 3879K, 48% free 9143K/17536K, paused 4ms, total 4ms
02-03 12:44:33.301 D/dalvikvm(15954): GC_FOR_ALLOC freed 3905K, 48% free 9144K/17536K, paused 4ms, total 5ms
02-03 12:44:33.311 D/dalvikvm(15954): GC_FOR_ALLOC freed 3931K, 48% free 9146K/17536K, paused 4ms, total 4ms
02-03 12:44:33.321 D/dalvikvm(15954): GC_FOR_ALLOC freed 3957K, 48% free 9147K/17536K, paused 4ms, total 4ms
02-03 12:44:33.321 D/dalvikvm(15954): GC_CONCURRENT freed 3756K, 47% free 9376K/17536K, paused 1ms+1ms, total 5ms
02-03 12:44:33.321 D/dalvikvm(15954): WAIT_FOR_CONCURRENT_GC blocked 4ms
02-03 12:44:33.331 D/dalvikvm(15954): GC_CONCURRENT freed 4008K, 47% free 9379K/17536K, paused 1ms+0ms, total 5ms
02-03 12:44:33.331 D/dalvikvm(15954): WAIT_FOR_CONCURRENT_GC blocked 4ms
02-03 12:44:33.341 D/dalvikvm(15954): GC_CONCURRENT freed 4035K, 47% free 9382K/17536K, paused 0ms+1ms, total 4ms
02-03 12:44:33.341 D/dalvikvm(15954): WAIT_FOR_CONCURRENT_GC blocked 5ms
02-03 12:44:33.351 D/dalvikvm(15954): GC_CONCURRENT freed 4061K, 47% free 9386K/17536K, paused 1ms+0ms, total 5ms
02-03 12:44:33.351 D/dalvikvm(15954): WAIT_FOR_CONCURRENT_GC blocked 4ms
02-03 12:44:33.351 D/dalvikvm(15954): GC_CONCURRENT freed 4090K, 47% free 9389K/17536K, paused 0ms+1ms, total 5ms
02-03 12:44:33.351 D/dalvikvm(15954): WAIT_FOR_CONCURRENT_GC blocked 5ms
02-03 12:44:33.361 D/dalvikvm(15954): GC_FOR_ALLOC freed 3768K, 46% free 9505K/17536K, paused 4ms, total 4ms
02-03 12:44:33.371 D/dalvikvm(15954): GC_FOR_ALLOC freed 4146K, 48% free 9272K/17536K, paused 4ms, total 4ms
02-03 12:44:33.371 D/dalvikvm(15954): GC_FOR_ALLOC freed 3937K, 48% free 9156K/17536K, paused 5ms, total 5ms
02-03 12:44:33.381 D/dalvikvm(15954): GC_FOR_ALLOC freed 3601K, 46% free 9517K/17536K, paused 4ms, total 4ms
02-03 12:44:33.391 D/dalvikvm(15954): GC_FOR_ALLOC freed 4229K, 48% free 9279K/17536K, paused 4ms, total 4ms
02-03 12:44:33.391 D/dalvikvm(15954): GC_CONCURRENT freed 3409K, 45% free 9765K/17536K, paused 1ms+1ms, total 6ms
02-03 12:44:33.391 D/dalvikvm(15954): WAIT_FOR_CONCURRENT_GC blocked 2ms
02-03 12:44:33.401 D/dalvikvm(15954): GC_FOR_ALLOC freed 4276K, 46% free 9529K/17536K, paused 4ms, total 4ms
02-03 12:44:33.411 D/dalvikvm(15954): GC_CONCURRENT freed 3453K, 43% free 10144K/17536K, paused 1ms+1ms, total 6ms
02-03 12:44:33.411 D/dalvikvm(15954): WAIT_FOR_CONCURRENT_GC blocked 3ms
02-03 12:44:33.411 D/dalvikvm(15954): GC_CONCURRENT freed 4702K, 47% free 9413K/17536K, paused 1ms+1ms, total 5ms
02-03 12:44:33.411 D/dalvikvm(15954): WAIT_FOR_CONCURRENT_GC blocked 4ms
02-03 12:44:33.421 D/dalvikvm(15954): GC_FOR_ALLOC freed 3990K, 48% free 9291K/17536K, paused 4ms, total 4ms
02-03 12:44:33.431 D/dalvikvm(15954): GC_CONCURRENT freed 3891K, 47% free 9419K/17536K, paused 0ms+1ms, total 4ms
02-03 12:44:33.431 D/dalvikvm(15954): WAIT_FOR_CONCURRENT_GC blocked 5ms
02-03 12:44:33.431 D/dalvikvm(15954): GC_FOR_ALLOC freed 4039K, 47% free 9295K/17536K, paused 4ms, total 4ms
02-03 12:44:33.441 D/dalvikvm(15954): GC_CONCURRENT freed 3938K, 47% free 9425K/17536K, paused 1ms+0ms, total 5ms
02-03 12:44:33.441 D/dalvikvm(15954): WAIT_FOR_CONCURRENT_GC blocked 4ms
02-03 12:44:33.451 D/dalvikvm(15954): GC_FOR_ALLOC freed 4087K, 47% free 9300K/17536K, paused 4ms, total 4ms
02-03 12:44:33.461 D/dalvikvm(15954): GC_FOR_ALLOC freed 3596K, 46% free 9559K/17536K, paused 4ms, total 4ms
02-03 12:44:33.461 D/dalvikvm(15954): GC_FOR_ALLOC freed 4263K, 48% free 9175K/17536K, paused 4ms, total 4ms
02-03 12:44:33.471 D/dalvikvm(15954): GC_FOR_ALLOC freed 3897K, 47% free 9306K/17536K, paused 4ms, total 5ms
02-03 12:44:33.481 D/dalvikvm(15954): GC_CONCURRENT freed 3007K, 42% free 10219K/17536K, paused 0ms+1ms, total 6ms
02-03 12:44:33.481 D/dalvikvm(15954): WAIT_FOR_CONCURRENT_GC blocked 2ms
02-03 12:44:33.481 D/dalvikvm(15954): GC_FOR_ALLOC freed 4984K, 48% free 9180K/17536K, paused 4ms, total 4ms
02-03 12:44:33.491 D/dalvikvm(15954): GC_CONCURRENT freed 3962K, 47% free 9313K/17536K, paused 1ms+1ms, total 5ms
02-03 12:44:33.491 D/dalvikvm(15954): WAIT_FOR_CONCURRENT_GC blocked 4ms
02-03 12:44:33.501 D/dalvikvm(15954): GC_FOR_ALLOC freed 3717K, 46% free 9580K/17536K, paused 4ms, total 4ms
02-03 12:44:33.501 D/dalvikvm(15954): GC_CONCURRENT freed 3475K, 43% free 10114K/17536K, paused 1ms+1ms, total 6ms
02-03 12:44:33.501 D/dalvikvm(15954): WAIT_FOR_CONCURRENT_GC blocked 3ms
02-03 12:44:33.511 D/dalvikvm(15954): GC_FOR_ALLOC freed 4689K, 48% free 9185K/17536K, paused 4ms, total 4ms
02-03 12:44:33.521 D/dalvikvm(15954): GC_FOR_ALLOC freed 3778K, 48% free 9187K/17536K, paused 4ms, total 4ms
02-03 12:44:33.521 D/dalvikvm(15954): GC_FOR_ALLOC freed 3797K, 48% free 9188K/17536K, paused 4ms, total 4ms
02-03 12:44:33.531 D/dalvikvm(15954): GC_FOR_ALLOC freed 3816K, 48% free 9189K/17536K, paused 4ms, total 4ms
02-03 12:44:33.541 D/dalvikvm(15954): GC_FOR_ALLOC freed 3835K, 48% free 9191K/17536K, paused 4ms, total 4ms
02-03 12:44:33.541 D/dalvikvm(15954): GC_FOR_ALLOC freed 3853K, 48% free 9192K/17536K, paused 4ms, total 4ms
02-03 12:44:33.551 D/dalvikvm(15954): GC_FOR_ALLOC freed 3872K, 48% free 9193K/17536K, paused 4ms, total 4ms
02-03 12:44:33.561 D/dalvikvm(15954): GC_FOR_ALLOC freed 3891K, 48% free 9195K/17536K, paused 4ms, total 4ms
02-03 12:44:33.561 D/dalvikvm(15954): GC_FOR_ALLOC freed 3910K, 48% free 9196K/17536K, paused 4ms, total 4ms
02-03 12:44:33.571 D/dalvikvm(15954): GC_FOR_ALLOC freed 3929K, 48% free 9197K/17536K, paused 4ms, total 4ms
02-03 12:44:33.581 D/dalvikvm(15954): GC_FOR_ALLOC freed 3947K, 48% free 9199K/17536K, paused 4ms, total 4ms
02-03 12:44:33.581 D/dalvikvm(15954): GC_FOR_ALLOC freed 3966K, 48% free 9200K/17536K, paused 4ms, total 4ms
02-03 12:44:33.591 D/dalvikvm(15954): GC_CONCURRENT freed 3560K, 46% free 9627K/17536K, paused 0ms+1ms, total 6ms
02-03 12:44:33.591 D/dalvikvm(15954): WAIT_FOR_CONCURRENT_GC blocked 2ms
02-03 12:44:33.601 D/dalvikvm(15954): GC_CONCURRENT freed 4143K, 46% free 9489K/17536K, paused 0ms+1ms, total 5ms
02-03 12:44:33.601 D/dalvikvm(15954): WAIT_FOR_CONCURRENT_GC blocked 4ms
02-03 12:44:33.601 D/dalvikvm(15954): GC_CONCURRENT freed 4021K, 46% free 9492K/17536K, paused 1ms+1ms, total 5ms
02-03 12:44:33.601 D/dalvikvm(15954): WAIT_FOR_CONCURRENT_GC blocked 4ms
02-03 12:44:33.611 D/dalvikvm(15954): GC_CONCURRENT freed 4040K, 46% free 9494K/17536K, paused 0ms+1ms, total 5ms
02-03 12:44:33.611 D/dalvikvm(15954): WAIT_FOR_CONCURRENT_GC blocked 4ms
02-03 12:44:33.621 D/dalvikvm(15954): GC_CONCURRENT freed 4059K, 46% free 9497K/17536K, paused 1ms+1ms, total 5ms
02-03 12:44:33.621 D/dalvikvm(15954): WAIT_FOR_CONCURRENT_GC blocked 4ms
02-03 12:44:33.631 D/dalvikvm(15954): GC_CONCURRENT freed 4078K, 46% free 9500K/17536K, paused 0ms+1ms, total 5ms
02-03 12:44:33.631 D/dalvikvm(15954): WAIT_FOR_CONCURRENT_GC blocked 4ms
02-03 12:44:33.631 D/dalvikvm(15954): GC_FOR_ALLOC freed 3656K, 45% free 9648K/17536K, paused 4ms, total 4ms
02-03 12:44:33.641 D/dalvikvm(15954): GC_FOR_ALLOC freed 4113K, 47% free 9357K/17536K, paused 4ms, total 4ms
02-03 12:44:33.651 D/dalvikvm(15954): GC_FOR_ALLOC freed 3837K, 48% free 9212K/17536K, paused 4ms, total 4ms
02-03 12:44:33.651 D/dalvikvm(15954): GC_FOR_ALLOC freed 3407K, 45% free 9657K/17536K, paused 4ms, total 4ms
02-03 12:44:33.661 D/dalvikvm(15954): GC_FOR_ALLOC freed 4165K, 47% free 9363K/17536K, paused 4ms, total 4ms
02-03 12:44:33.671 D/dalvikvm(15954): GC_FOR_ALLOC freed 3885K, 48% free 9216K/17536K, paused 4ms, total 4ms
02-03 12:44:33.671 D/dalvikvm(15954): GC_FOR_ALLOC freed 3449K, 45% free 9666K/17536K, paused 4ms, total 4ms
02-03 12:44:33.681 D/dalvikvm(15954): GC_FOR_ALLOC freed 4217K, 47% free 9368K/17536K, paused 4ms, total 4ms
02-03 12:44:33.691 D/dalvikvm(15954): GC_FOR_ALLOC freed 3933K, 48% free 9219K/17536K, paused 4ms, total 4ms
02-03 12:44:33.691 D/dalvikvm(15954): GC_FOR_ALLOC freed 3492K, 45% free 9676K/17536K, paused 4ms, total 4ms
02-03 12:44:33.701 D/dalvikvm(15954): GC_FOR_ALLOC freed 4269K, 47% free 9374K/17536K, paused 4ms, total 4ms
02-03 12:44:33.701 D/dalvikvm(15954): GC_FOR_ALLOC freed 3981K, 48% free 9223K/17536K, paused 4ms, total 4ms
02-03 12:44:33.711 D/dalvikvm(15954): GC_FOR_ALLOC freed 3534K, 45% free 9685K/17536K, paused 4ms, total 4ms
02-03 12:44:33.721 D/dalvikvm(15954): GC_CONCURRENT freed 3244K, 41% free 10456K/17536K, paused 1ms+1ms, total 7ms
02-03 12:44:33.721 D/dalvikvm(15954): WAIT_FOR_CONCURRENT_GC blocked 3ms
02-03 12:44:33.721 D/dalvikvm(15954): GC_FOR_ALLOC freed 5105K, 48% free 9227K/17536K, paused 4ms, total 4ms
02-03 12:44:33.731 D/dalvikvm(15954): GC_FOR_ALLOC freed 3577K, 45% free 9694K/17536K, paused 4ms, total 4ms
02-03 12:44:33.741 D/dalvikvm(15954): GC_CONCURRENT freed 3283K, 41% free 10474K/17536K, paused 1ms+1ms, total 7ms
02-03 12:44:33.741 D/dalvikvm(15954): WAIT_FOR_CONCURRENT_GC blocked 2ms
02-03 12:44:33.751 D/dalvikvm(15954): GC_FOR_ALLOC freed 5166K, 48% free 9230K/17536K, paused 4ms, total 4ms
02-03 12:44:33.751 D/dalvikvm(15954): GC_FOR_ALLOC freed 3619K, 45% free 9703K/17536K, paused 4ms, total 4ms
02-03 12:44:33.761 D/dalvikvm(15954): GC_CONCURRENT freed 3005K, 42% free 10335K/17536K, paused 1ms+0ms, total 7ms
02-03 12:44:33.761 D/dalvikvm(15954): WAIT_FOR_CONCURRENT_GC blocked 2ms
02-03 12:44:33.761 D/dalvikvm(15954): GC_FOR_ALLOC freed 4749K, 47% free 9392K/17536K, paused 4ms, total 4ms
02-03 12:44:33.771 D/dalvikvm(15954): GC_CONCURRENT freed 3820K, 46% free 9553K/17536K, paused 0ms+1ms, total 5ms
02-03 12:44:33.771 D/dalvikvm(15954): WAIT_FOR_CONCURRENT_GC blocked 4ms
02-03 12:44:33.781 D/dalvikvm(15954): GC_FOR_ALLOC freed 3992K, 47% free 9395K/17536K, paused 4ms, total 4ms
02-03 12:44:33.791 D/dalvikvm(15954): GC_CONCURRENT freed 3850K, 46% free 9558K/17536K, paused 1ms+1ms, total 5ms
02-03 12:44:33.791 D/dalvikvm(15954): WAIT_FOR_CONCURRENT_GC blocked 4ms
02-03 12:44:33.791 D/dalvikvm(15954): GC_FOR_ALLOC freed 4023K, 47% free 9399K/17536K, paused 4ms, total 4ms
02-03 12:44:33.801 D/dalvikvm(15954): GC_CONCURRENT freed 3878K, 46% free 9563K/17536K, paused 1ms+1ms, total 5ms
02-03 12:44:33.801 D/dalvikvm(15954): WAIT_FOR_CONCURRENT_GC blocked 4ms
02-03 12:44:33.811 D/dalvikvm(15954): GC_FOR_ALLOC freed 4053K, 47% free 9403K/17536K, paused 4ms, total 4ms
02-03 12:44:33.821 D/dalvikvm(15954): GC_CONCURRENT freed 3907K, 46% free 9568K/17536K, paused 1ms+1ms, total 5ms
02-03 12:44:33.821 D/dalvikvm(15954): WAIT_FOR_CONCURRENT_GC blocked 5ms
02-03 12:44:33.821 D/dalvikvm(15954): GC_FOR_ALLOC freed 4084K, 47% free 9407K/17536K, paused 4ms, total 4ms
02-03 12:44:33.831 D/dalvikvm(15954): GC_FOR_ALLOC freed 3444K, 45% free 9736K/17536K, paused 4ms, total 4ms
02-03 12:44:33.831 D/dalvikvm(15954): GC_FOR_ALLOC freed 4281K, 48% free 9246K/17536K, paused 4ms, total 4ms
02-03 12:44:33.841 D/dalvikvm(15954): GC_FOR_ALLOC freed 3801K, 47% free 9412K/17536K, paused 4ms, total 4ms
02-03 12:44:33.851 D/dalvikvm(15954): GC_FOR_ALLOC freed 3481K, 45% free 9745K/17536K, paused 4ms, total 4ms
02-03 12:44:33.851 D/dalvikvm(15954): GC_FOR_ALLOC freed 4323K, 48% free 9249K/17536K, paused 4ms, total 4ms
02-03 12:44:33.861 D/dalvikvm(15954): GC_CONCURRENT freed 3835K, 47% free 9417K/17536K, paused 0ms+1ms, total 5ms
02-03 12:44:33.861 D/dalvikvm(15954): WAIT_FOR_CONCURRENT_GC blocked 5ms
02-03 12:44:33.871 D/dalvikvm(15954): GC_FOR_ALLOC freed 3513K, 45% free 9752K/17536K, paused 4ms, total 4ms
02-03 12:44:33.881 D/dalvikvm(15954): GC_FOR_ALLOC freed 4362K, 48% free 9252K/17536K, paused 4ms, total 4ms
02-03 12:44:33.881 D/dalvikvm(15954): GC_CONCURRENT freed 3870K, 47% free 9421K/17536K, paused 0ms+1ms, total 4ms
02-03 12:44:33.881 D/dalvikvm(15954): WAIT_FOR_CONCURRENT_GC blocked 5ms
02-03 12:44:33.891 D/dalvikvm(15954): GC_FOR_ALLOC freed 3544K, 45% free 9760K/17536K, paused 4ms, total 4ms
02-03 12:44:33.901 D/dalvikvm(15954): GC_FOR_ALLOC freed 4404K, 48% free 9256K/17536K, paused 4ms, total 4ms
02-03 12:44:33.911 D/dalvikvm(15954): GC_CONCURRENT freed 4070K, 48% free 9277K/17536K, paused 0ms+1ms, total 4ms
02-03 12:44:33.911 D/dalvikvm(15954): WAIT_FOR_CONCURRENT_GC blocked 4ms
02-03 12:44:33.911 D/dalvikvm(15954): GC_FOR_ALLOC freed 3392K, 45% free 9788K/17536K, paused 4ms, total 5ms
02-03 12:44:33.921 D/dalvikvm(15954): GC_FOR_ALLOC freed 4508K, 51% free 8691K/17536K, paused 4ms, total 4ms
02-03 12:44:33.951 D/dalvikvm(15954): GC_CONCURRENT freed 3327K, 47% free 9412K/17536K, paused 1ms+1ms, total 4ms
02-03 12:44:34.001 D/dalvikvm(15954): GC_CONCURRENT freed 4516K, 49% free 8991K/17536K, paused 0ms+1ms, total 6ms
02-03 12:44:34.001 D/dalvikvm(15954): WAIT_FOR_CONCURRENT_GC blocked 6ms
02-03 12:44:34.011 D/dalvikvm(15954): GC_CONCURRENT freed 4034K, 49% free 9046K/17536K, paused 0ms+1ms, total 4ms
02-03 12:44:34.011 D/dalvikvm(15954): WAIT_FOR_CONCURRENT_GC blocked 5ms
02-03 12:44:34.021 D/dalvikvm(15954): GC_CONCURRENT freed 4110K, 49% free 9019K/17536K, paused 1ms+1ms, total 5ms
02-03 12:44:34.021 D/dalvikvm(15954): WAIT_FOR_CONCURRENT_GC blocked 4ms
02-03 12:44:34.031 D/dalvikvm(15954): GC_CONCURRENT freed 4026K, 49% free 9039K/17536K, paused 0ms+1ms, total 5ms
02-03 12:44:34.031 D/dalvikvm(15954): WAIT_FOR_CONCURRENT_GC blocked 5ms
02-03 12:44:34.041 D/dalvikvm(15954): GC_CONCURRENT freed 4067K, 49% free 9049K/17536K, paused 1ms+1ms, total 5ms
02-03 12:44:34.041 D/dalvikvm(15954): WAIT_FOR_CONCURRENT_GC blocked 4ms
02-03 12:44:34.051 D/dalvikvm(15954): GC_CONCURRENT freed 4088K, 49% free 9056K/17536K, paused 0ms+1ms, total 4ms
02-03 12:44:34.051 D/dalvikvm(15954): WAIT_FOR_CONCURRENT_GC blocked 4ms
02-03 12:44:34.051 D/dalvikvm(15954): GC_CONCURRENT freed 4050K, 49% free 9097K/17536K, paused 0ms+1ms, total 4ms
02-03 12:44:34.051 D/dalvikvm(15954): WAIT_FOR_CONCURRENT_GC blocked 4ms
02-03 12:44:34.061 D/dalvikvm(15954): GC_FOR_ALLOC freed 4105K, 49% free 9027K/17536K, paused 4ms, total 4ms
02-03 12:44:34.071 D/dalvikvm(15954): GC_FOR_ALLOC freed 4027K, 49% free 9026K/17536K, paused 4ms, total 4ms
02-03 12:44:34.081 D/dalvikvm(15954): GC_CONCURRENT freed 3775K, 47% free 9306K/17536K, paused 1ms+1ms, total 6ms
02-03 12:44:34.081 D/dalvikvm(15954): WAIT_FOR_CONCURRENT_GC blocked 1ms
02-03 12:44:34.081 D/dalvikvm(15954): GC_CONCURRENT freed 4202K, 49% free 9111K/17536K, paused 1ms+1ms, total 5ms
02-03 12:44:34.081 D/dalvikvm(15954): WAIT_FOR_CONCURRENT_GC blocked 4ms
02-03 12:44:34.091 D/dalvikvm(15954): GC_CONCURRENT freed 4062K, 49% free 9114K/17536K, paused 0ms+1ms, total 5ms
02-03 12:44:34.091 D/dalvikvm(15954): WAIT_FOR_CONCURRENT_GC blocked 4ms
02-03 12:44:34.101 D/dalvikvm(15954): GC_FOR_ALLOC freed 4095K, 49% free 9070K/17536K, paused 4ms, total 4ms
02-03 12:44:34.101 D/dalvikvm(15954): GC_CONCURRENT freed 3828K, 47% free 9307K/17536K, paused 1ms+1ms, total 6ms
02-03 12:44:34.101 D/dalvikvm(15954): WAIT_FOR_CONCURRENT_GC blocked 2ms
02-03 12:44:34.111 D/dalvikvm(15954): GC_CONCURRENT freed 4349K, 49% free 9022K/17536K, paused 1ms+0ms, total 5ms
02-03 12:44:34.111 D/dalvikvm(15954): WAIT_FOR_CONCURRENT_GC blocked 4ms
02-03 12:44:34.121 D/dalvikvm(15954): GC_CONCURRENT freed 3884K, 48% free 9131K/17536K, paused 0ms+1ms, total 4ms
02-03 12:44:34.121 D/dalvikvm(15954): WAIT_FOR_CONCURRENT_GC blocked 4ms
02-03 12:44:34.131 D/dalvikvm(15954): GC_FOR_ALLOC freed 3953K, 48% free 9186K/17536K, paused 5ms, total 5ms
02-03 12:44:34.131 D/dalvikvm(15954): GC_CONCURRENT freed 3749K, 47% free 9401K/17536K, paused 0ms+0ms, total 6ms
02-03 12:44:34.131 D/dalvikvm(15954): WAIT_FOR_CONCURRENT_GC blocked 2ms
02-03 12:44:34.141 D/dalvikvm(15954): GC_FOR_ALLOC freed 4337K, 49% free 9023K/17536K, paused 4ms, total 4ms
02-03 12:44:34.151 D/dalvikvm(15954): GC_CONCURRENT freed 3943K, 48% free 9143K/17536K, paused 0ms+1ms, total 4ms
02-03 12:44:34.151 D/dalvikvm(15954): WAIT_FOR_CONCURRENT_GC blocked 5ms
02-03 12:44:34.151 D/dalvikvm(15954): GC_FOR_ALLOC freed 3985K, 48% free 9204K/17536K, paused 4ms, total 4ms
02-03 12:44:34.161 D/dalvikvm(15954): GC_CONCURRENT freed 3723K, 46% free 9475K/17536K, paused 0ms+1ms, total 6ms
02-03 12:44:34.161 D/dalvikvm(15954): WAIT_FOR_CONCURRENT_GC blocked 2ms
02-03 12:44:34.171 D/dalvikvm(15954): GC_FOR_ALLOC freed 4346K, 49% free 9054K/17536K, paused 5ms, total 5ms
02-03 12:44:34.181 D/dalvikvm(15954): GC_CONCURRENT freed 3879K, 48% free 9185K/17536K, paused 1ms+1ms, total 5ms
02-03 12:44:34.181 D/dalvikvm(15954): WAIT_FOR_CONCURRENT_GC blocked 4ms
02-03 12:44:34.181 D/dalvikvm(15954): GC_CONCURRENT freed 4093K, 48% free 9186K/17536K, paused 1ms+0ms, total 5ms
02-03 12:44:34.181 D/dalvikvm(15954): WAIT_FOR_CONCURRENT_GC blocked 4ms
02-03 12:44:34.191 D/dalvikvm(15954): GC_FOR_ALLOC freed 3977K, 48% free 9253K/17536K, paused 4ms, total 4ms
02-03 12:44:34.201 D/dalvikvm(15954): GC_CONCURRENT freed 3656K, 46% free 9519K/17536K, paused 1ms+1ms, total 6ms
02-03 12:44:34.201 D/dalvikvm(15954): WAIT_FOR_CONCURRENT_GC blocked 2ms
02-03 12:44:34.201 D/dalvikvm(15954): GC_FOR_ALLOC freed 4459K, 48% free 9120K/17536K, paused 4ms, total 4ms
02-03 12:44:34.211 D/dalvikvm(15954): GC_CONCURRENT freed 3439K, 45% free 9744K/17536K, paused 1ms+1ms, total 6ms
02-03 12:44:34.211 D/dalvikvm(15954): WAIT_FOR_CONCURRENT_GC blocked 2ms
02-03 12:44:34.221 D/dalvikvm(15954): GC_FOR_ALLOC freed 4475K, 48% free 9262K/17536K, paused 4ms, total 4ms
02-03 12:44:34.221 D/dalvikvm(15954): GC_CONCURRENT freed 3557K, 45% free 9797K/17536K, paused 1ms+1ms, total 6ms
02-03 12:44:34.221 D/dalvikvm(15954): WAIT_FOR_CONCURRENT_GC blocked 3ms
02-03 12:44:34.231 D/dalvikvm(15954): GC_FOR_ALLOC freed 4626K, 48% free 9150K/17536K, paused 4ms, total 4ms
02-03 12:44:34.241 D/dalvikvm(15954): GC_CONCURRENT freed 3523K, 46% free 9593K/17536K, paused 0ms+1ms, total 5ms
02-03 12:44:34.241 D/dalvikvm(15954): WAIT_FOR_CONCURRENT_GC blocked 2ms
02-03 12:44:34.241 D/dalvikvm(15954): GC_FOR_ALLOC freed 4391K, 48% free 9149K/17536K, paused 4ms, total 4ms
02-03 12:44:34.251 D/dalvikvm(15954): GC_CONCURRENT freed 4003K, 48% free 9230K/17536K, paused 1ms+0ms, total 5ms
02-03 12:44:34.251 D/dalvikvm(15954): WAIT_FOR_CONCURRENT_GC blocked 4ms
02-03 12:44:34.261 D/dalvikvm(15954): GC_FOR_ALLOC freed 4142K, 48% free 9151K/17536K, paused 4ms, total 4ms
02-03 12:44:34.261 D/dalvikvm(15954): GC_CONCURRENT freed 3335K, 44% free 9859K/17536K, paused 1ms+1ms, total 6ms
02-03 12:44:34.261 D/dalvikvm(15954): WAIT_FOR_CONCURRENT_GC blocked 2ms
02-03 12:44:34.271 D/dalvikvm(15954): GC_FOR_ALLOC freed 4487K, 47% free 9311K/17536K, paused 4ms, total 4ms
02-03 12:44:34.281 D/dalvikvm(15954): GC_FOR_ALLOC freed 3992K, 47% free 9313K/17536K, paused 4ms, total 4ms
02-03 12:44:34.281 D/dalvikvm(15954): GC_CONCURRENT freed 3473K, 44% free 9918K/17536K, paused 1ms+1ms, total 6ms
02-03 12:44:34.281 D/dalvikvm(15954): WAIT_FOR_CONCURRENT_GC blocked 2ms
02-03 12:44:34.291 D/dalvikvm(15954): GC_FOR_ALLOC freed 4673K, 48% free 9180K/17536K, paused 4ms, total 4ms
02-03 12:44:34.301 D/dalvikvm(15954): GC_FOR_ALLOC freed 3983K, 49% free 9094K/17536K, paused 4ms, total 4ms
02-03 12:44:34.301 D/dalvikvm(15954): GC_FOR_ALLOC freed 3771K, 47% free 9349K/17536K, paused 4ms, total 4ms
02-03 12:44:34.311 D/dalvikvm(15954): GC_CONCURRENT freed 3037K, 44% free 9951K/17536K, paused 1ms+2ms, total 6ms
02-03 12:44:34.321 D/dalvikvm(15954): GC_FOR_ALLOC freed 4717K, 49% free 9088K/17536K, paused 4ms, total 4ms
02-03 12:44:34.321 D/dalvikvm(15954): GC_FOR_ALLOC freed 3896K, 48% free 9174K/17536K, paused 4ms, total 4ms
02-03 12:44:34.331 D/dalvikvm(15954): GC_CONCURRENT freed 3049K, 43% free 10061K/17536K, paused 1ms+2ms, total 6ms
02-03 12:44:34.331 D/dalvikvm(15954): WAIT_FOR_CONCURRENT_GC blocked 2ms
02-03 12:44:34.341 D/dalvikvm(15954): GC_CONCURRENT freed 4774K, 47% free 9299K/17536K, paused 1ms+1ms, total 5ms
02-03 12:44:34.341 D/dalvikvm(15954): WAIT_FOR_CONCURRENT_GC blocked 4ms
02-03 12:44:34.351 D/dalvikvm(15954): GC_FOR_ALLOC freed 4019K, 49% free 9116K/17536K, paused 4ms, total 4ms
02-03 12:44:34.351 D/dalvikvm(15954): GC_FOR_ALLOC freed 3875K, 49% free 9113K/17536K, paused 4ms, total 4ms
02-03 12:44:34.361 D/dalvikvm(15954): GC_FOR_ALLOC freed 3913K, 49% free 9111K/17536K, paused 5ms, total 5ms
02-03 12:44:34.371 D/dalvikvm(15954): GC_FOR_ALLOC freed 3951K, 49% free 9109K/17536K, paused 4ms, total 4ms
02-03 12:44:34.371 D/dalvikvm(15954): GC_CONCURRENT freed 3794K, 47% free 9301K/17536K, paused 1ms+1ms, total 5ms
02-03 12:44:34.371 D/dalvikvm(15954): WAIT_FOR_CONCURRENT_GC blocked 4ms
02-03 12:44:34.381 D/dalvikvm(15954): GC_CONCURRENT freed 4020K, 47% free 9305K/17536K, paused 1ms+1ms, total 5ms
02-03 12:44:34.381 D/dalvikvm(15954): WAIT_FOR_CONCURRENT_GC blocked 5ms
02-03 12:44:34.391 D/dalvikvm(15954): GC_CONCURRENT freed 4062K, 47% free 9304K/17536K, paused 1ms+1ms, total 6ms
02-03 12:44:34.391 D/dalvikvm(15954): WAIT_FOR_CONCURRENT_GC blocked 4ms
02-03 12:44:34.401 D/dalvikvm(15954): GC_FOR_ALLOC freed 3801K, 47% free 9404K/17536K, paused 4ms, total 4ms
02-03 12:44:34.401 D/dalvikvm(15954): GC_FOR_ALLOC freed 4134K, 48% free 9208K/17536K, paused 4ms, total 4ms
02-03 12:44:34.411 D/dalvikvm(15954): GC_FOR_ALLOC freed 3973K, 49% free 9107K/17536K, paused 4ms, total 4ms
02-03 12:44:34.421 D/dalvikvm(15954): GC_FOR_ALLOC freed 3701K, 47% free 9409K/17536K, paused 4ms, total 4ms
02-03 12:44:34.421 D/dalvikvm(15954): GC_CONCURRENT freed 3539K, 44% free 9909K/17536K, paused 0ms+1ms, total 6ms
02-03 12:44:34.431 D/dalvikvm(15954): GC_CONCURRENT freed 4569K, 47% free 9344K/17536K, paused 0ms+1ms, total 5ms
02-03 12:44:34.431 D/dalvikvm(15954): WAIT_FOR_CONCURRENT_GC blocked 4ms
02-03 12:44:34.441 D/dalvikvm(15954): GC_FOR_ALLOC freed 4005K, 48% free 9240K/17536K, paused 4ms, total 4ms
02-03 12:44:34.451 D/dalvikvm(15954): GC_CONCURRENT freed 3936K, 47% free 9343K/17536K, paused 1ms+1ms, total 6ms
02-03 12:44:34.451 D/dalvikvm(15954): WAIT_FOR_CONCURRENT_GC blocked 4ms
02-03 12:44:34.451 D/dalvikvm(15954): GC_FOR_ALLOC freed 4067K, 48% free 9242K/17536K, paused 4ms, total 4ms
02-03 12:44:34.461 D/dalvikvm(15954): GC_FOR_ALLOC freed 3681K, 47% free 9455K/17536K, paused 4ms, total 4ms
02-03 12:44:34.471 D/dalvikvm(15954): GC_FOR_ALLOC freed 4244K, 48% free 9137K/17536K, paused 4ms, total 4ms
02-03 12:44:34.471 D/dalvikvm(15954): GC_FOR_ALLOC freed 3952K, 48% free 9245K/17536K, paused 4ms, total 4ms
02-03 12:44:34.481 D/dalvikvm(15954): GC_CONCURRENT freed 3016K, 42% free 10212K/17536K, paused 1ms+1ms, total 6ms
02-03 12:44:34.481 D/dalvikvm(15954): WAIT_FOR_CONCURRENT_GC blocked 2ms
02-03 12:44:34.491 D/dalvikvm(15954): GC_CONCURRENT freed 4868K, 47% free 9359K/17536K, paused 1ms+1ms, total 5ms
02-03 12:44:34.491 D/dalvikvm(15954): WAIT_FOR_CONCURRENT_GC blocked 4ms
02-03 12:44:34.491 D/dalvikvm(15954): GC_FOR_ALLOC freed 4042K, 48% free 9139K/17536K, paused 4ms, total 4ms
02-03 12:44:34.501 D/dalvikvm(15954): GC_FOR_ALLOC freed 3848K, 48% free 9141K/17536K, paused 4ms, total 4ms
02-03 12:44:34.511 D/dalvikvm(15954): GC_FOR_ALLOC freed 3874K, 48% free 9142K/17536K, paused 4ms, total 4ms
02-03 12:44:34.511 D/dalvikvm(15954): GC_FOR_ALLOC freed 3900K, 48% free 9144K/17536K, paused 4ms, total 4ms
02-03 12:44:34.521 D/dalvikvm(15954): GC_FOR_ALLOC freed 3926K, 48% free 9145K/17536K, paused 4ms, total 4ms
02-03 12:44:34.531 D/dalvikvm(15954): GC_FOR_ALLOC freed 3952K, 48% free 9147K/17536K, paused 4ms, total 4ms
02-03 12:44:34.541 D/dalvikvm(15954): GC_CONCURRENT freed 3751K, 47% free 9376K/17536K, paused 1ms+1ms, total 5ms
02-03 12:44:34.541 D/dalvikvm(15954): WAIT_FOR_CONCURRENT_GC blocked 4ms
02-03 12:44:34.541 D/dalvikvm(15954): GC_CONCURRENT freed 4003K, 47% free 9379K/17536K, paused 1ms+1ms, total 5ms
02-03 12:44:34.541 D/dalvikvm(15954): WAIT_FOR_CONCURRENT_GC blocked 4ms
02-03 12:44:34.551 D/dalvikvm(15954): GC_CONCURRENT freed 4029K, 47% free 9382K/17536K, paused 1ms+1ms, total 6ms
02-03 12:44:34.551 D/dalvikvm(15954): WAIT_FOR_CONCURRENT_GC blocked 5ms
02-03 12:44:34.561 D/dalvikvm(15954): GC_CONCURRENT freed 4059K, 47% free 9381K/17536K, paused 1ms+1ms, total 5ms
02-03 12:44:34.561 D/dalvikvm(15954): WAIT_FOR_CONCURRENT_GC blocked 4ms
02-03 12:44:34.571 D/dalvikvm(15954): GC_CONCURRENT freed 4084K, 47% free 9384K/17536K, paused 1ms+1ms, total 6ms
02-03 12:44:34.571 D/dalvikvm(15954): WAIT_FOR_CONCURRENT_GC blocked 4ms
02-03 12:44:34.581 D/dalvikvm(15954): GC_FOR_ALLOC freed 3759K, 46% free 9504K/17536K, paused 4ms, total 5ms
02-03 12:44:34.581 D/dalvikvm(15954): GC_FOR_ALLOC freed 4140K, 48% free 9271K/17536K, paused 4ms, total 4ms
02-03 12:44:34.591 D/dalvikvm(15954): GC_FOR_ALLOC freed 3931K, 48% free 9155K/17536K, paused 4ms, total 4ms
02-03 12:44:34.601 D/dalvikvm(15954): GC_FOR_ALLOC freed 3596K, 46% free 9516K/17536K, paused 4ms, total 4ms
02-03 12:44:34.601 D/dalvikvm(15954): GC_FOR_ALLOC freed 4223K, 48% free 9279K/17536K, paused 4ms, total 4ms
02-03 12:44:34.611 D/dalvikvm(15954): GC_CONCURRENT freed 3042K, 43% free 10126K/17536K, paused 1ms+1ms, total 6ms
02-03 12:44:34.611 D/dalvikvm(15954): WAIT_FOR_CONCURRENT_GC blocked 2ms
02-03 12:44:34.621 D/dalvikvm(15954): GC_FOR_ALLOC freed 4633K, 46% free 9528K/17536K, paused 4ms, total 4ms
02-03 12:44:34.621 D/dalvikvm(15954): GC_CONCURRENT freed 3448K, 43% free 10142K/17536K, paused 1ms+1ms, total 6ms
02-03 12:44:34.621 D/dalvikvm(15954): WAIT_FOR_CONCURRENT_GC blocked 2ms
02-03 12:44:34.631 D/dalvikvm(15954): GC_FOR_ALLOC freed 4947K, 48% free 9161K/17536K, paused 4ms, total 4ms
02-03 12:44:34.641 D/dalvikvm(15954): GC_FOR_ALLOC freed 3737K, 48% free 9286K/17536K, paused 4ms, total 4ms
02-03 12:44:34.641 D/dalvikvm(15954): GC_CONCURRENT freed 3886K, 47% free 9414K/17536K, paused 1ms+1ms, total 5ms
02-03 12:44:34.641 D/dalvikvm(15954): WAIT_FOR_CONCURRENT_GC blocked 4ms
02-03 12:44:34.651 D/dalvikvm(15954): GC_FOR_ALLOC freed 4033K, 48% free 9291K/17536K, paused 4ms, total 4ms
02-03 12:44:34.661 D/dalvikvm(15954): GC_CONCURRENT freed 3932K, 47% free 9421K/17536K, paused 1ms+1ms, total 5ms
02-03 12:44:34.661 D/dalvikvm(15954): WAIT_FOR_CONCURRENT_GC blocked 5ms
02-03 12:44:34.661 D/dalvikvm(15954): GC_FOR_ALLOC freed 4081K, 47% free 9295K/17536K, paused 4ms, total 4ms
02-03 12:44:34.671 D/dalvikvm(15954): GC_FOR_ALLOC freed 3592K, 46% free 9554K/17536K, paused 4ms, total 4ms
02-03 12:44:34.681 D/dalvikvm(15954): GC_FOR_ALLOC freed 4257K, 48% free 9171K/17536K, paused 4ms, total 4ms
02-03 12:44:34.681 D/dalvikvm(15954): GC_FOR_ALLOC freed 3892K, 47% free 9302K/17536K, paused 4ms, total 4ms
02-03 12:44:34.691 D/dalvikvm(15954): GC_CONCURRENT freed 3003K, 42% free 10214K/17536K, paused 1ms+1ms, total 7ms
02-03 12:44:34.691 D/dalvikvm(15954): WAIT_FOR_CONCURRENT_GC blocked 2ms
02-03 12:44:34.701 D/dalvikvm(15954): GC_FOR_ALLOC freed 4978K, 48% free 9175K/17536K, paused 4ms, total 4ms
02-03 12:44:34.701 D/dalvikvm(15954): GC_FOR_ALLOC freed 3957K, 47% free 9308K/17536K, paused 4ms, total 4ms
02-03 12:44:34.711 D/dalvikvm(15954): GC_CONCURRENT freed 3053K, 42% free 10235K/17536K, paused 0ms+1ms, total 6ms
02-03 12:44:34.721 D/dalvikvm(15954): GC_CONCURRENT freed 4793K, 47% free 9446K/17536K, paused 0ms+1ms, total 5ms
02-03 12:44:34.721 D/dalvikvm(15954): WAIT_FOR_CONCURRENT_GC blocked 4ms
02-03 12:44:34.731 D/dalvikvm(15954): GC_FOR_ALLOC freed 4020K, 48% free 9181K/17536K, paused 4ms, total 4ms
02-03 12:44:34.731 D/dalvikvm(15954): GC_FOR_ALLOC freed 3773K, 48% free 9182K/17536K, paused 4ms, total 4ms
02-03 12:44:34.741 D/dalvikvm(15954): GC_FOR_ALLOC freed 3792K, 48% free 9184K/17536K, paused 4ms, total 4ms
02-03 12:44:34.751 D/dalvikvm(15954): GC_FOR_ALLOC freed 3811K, 48% free 9185K/17536K, paused 4ms, total 4ms
02-03 12:44:34.751 D/dalvikvm(15954): GC_FOR_ALLOC freed 3830K, 48% free 9186K/17536K, paused 5ms, total 5ms
02-03 12:44:34.761 D/dalvikvm(15954): GC_FOR_ALLOC freed 3849K, 48% free 9188K/17536K, paused 4ms, total 4ms
02-03 12:44:34.771 D/dalvikvm(15954): GC_FOR_ALLOC freed 3867K, 48% free 9189K/17536K, paused 4ms, total 4ms
02-03 12:44:34.771 D/dalvikvm(15954): GC_FOR_ALLOC freed 3886K, 48% free 9190K/17536K, paused 4ms, total 4ms
02-03 12:44:34.781 D/dalvikvm(15954): GC_FOR_ALLOC freed 3905K, 48% free 9192K/17536K, paused 4ms, total 4ms
02-03 12:44:34.781 D/dalvikvm(15954): GC_FOR_ALLOC freed 3924K, 48% free 9193K/17536K, paused 4ms, total 4ms
02-03 12:44:34.791 D/dalvikvm(15954): GC_FOR_ALLOC freed 3943K, 48% free 9195K/17536K, paused 4ms, total 4ms
02-03 12:44:34.801 D/dalvikvm(15954): GC_FOR_ALLOC freed 3961K, 48% free 9196K/17536K, paused 4ms, total 4ms
02-03 12:44:34.811 D/dalvikvm(15954): GC_CONCURRENT freed 3696K, 46% free 9482K/17536K, paused 1ms+1ms, total 5ms
02-03 12:44:34.811 D/dalvikvm(15954): WAIT_FOR_CONCURRENT_GC blocked 4ms
02-03 12:44:34.811 D/dalvikvm(15954): GC_CONCURRENT freed 3998K, 46% free 9484K/17536K, paused 1ms+1ms, total 5ms
02-03 12:44:34.811 D/dalvikvm(15954): WAIT_FOR_CONCURRENT_GC blocked 4ms
02-03 12:44:34.821 D/dalvikvm(15954): GC_CONCURRENT freed 4016K, 46% free 9487K/17536K, paused 1ms+1ms, total 5ms
02-03 12:44:34.821 D/dalvikvm(15954): WAIT_FOR_CONCURRENT_GC blocked 5ms
02-03 12:44:34.831 D/dalvikvm(15954): GC_CONCURRENT freed 4036K, 46% free 9490K/17536K, paused 1ms+1ms, total 6ms
02-03 12:44:34.831 D/dalvikvm(15954): WAIT_FOR_CONCURRENT_GC blocked 4ms
02-03 12:44:34.841 D/dalvikvm(15954): GC_CONCURRENT freed 4054K, 46% free 9492K/17536K, paused 1ms+1ms, total 6ms
02-03 12:44:34.841 D/dalvikvm(15954): WAIT_FOR_CONCURRENT_GC blocked 4ms
02-03 12:44:34.851 D/dalvikvm(15954): GC_CONCURRENT freed 4073K, 46% free 9495K/17536K, paused 0ms+1ms, total 5ms
02-03 12:44:34.851 D/dalvikvm(15954): WAIT_FOR_CONCURRENT_GC blocked 4ms
02-03 12:44:34.861 D/dalvikvm(15954): GC_CONCURRENT freed 4092K, 46% free 9498K/17536K, paused 1ms+1ms, total 6ms
02-03 12:44:34.861 D/dalvikvm(15954): WAIT_FOR_CONCURRENT_GC blocked 5ms
02-03 12:44:34.861 D/dalvikvm(15954): GC_FOR_ALLOC freed 3668K, 45% free 9646K/17536K, paused 4ms, total 4ms
02-03 12:44:34.871 D/dalvikvm(15954): GC_FOR_ALLOC freed 4127K, 47% free 9355K/17536K, paused 4ms, total 4ms
02-03 12:44:34.881 D/dalvikvm(15954): GC_FOR_ALLOC freed 3850K, 48% free 9209K/17536K, paused 4ms, total 4ms
02-03 12:44:34.881 D/dalvikvm(15954): GC_FOR_ALLOC freed 3418K, 45% free 9656K/17536K, paused 4ms, total 4ms
02-03 12:44:34.891 D/dalvikvm(15954): GC_FOR_ALLOC freed 4179K, 47% free 9360K/17536K, paused 4ms, total 4ms
02-03 12:44:34.901 D/dalvikvm(15954): GC_FOR_ALLOC freed 3898K, 48% free 9213K/17536K, paused 4ms, total 5ms
02-03 12:44:34.901 D/dalvikvm(15954): GC_FOR_ALLOC freed 3461K, 45% free 9665K/17536K, paused 4ms, total 4ms
02-03 12:44:34.911 D/dalvikvm(15954): GC_FOR_ALLOC freed 4231K, 47% free 9366K/17536K, paused 4ms, total 4ms
02-03 12:44:34.911 D/dalvikvm(15954): GC_FOR_ALLOC freed 3946K, 48% free 9216K/17536K, paused 4ms, total 4ms
02-03 12:44:34.921 D/dalvikvm(15954): GC_FOR_ALLOC freed 3503K, 45% free 9674K/17536K, paused 4ms, total 4ms
02-03 12:44:34.931 D/dalvikvm(15954): GC_CONCURRENT freed 4282K, 47% free 9372K/17536K, paused 1ms+1ms, total 5ms
02-03 12:44:34.931 D/dalvikvm(15954): WAIT_FOR_CONCURRENT_GC blocked 5ms
02-03 12:44:34.941 D/dalvikvm(15954): GC_FOR_ALLOC freed 3994K, 48% free 9220K/17536K, paused 4ms, total 4ms
02-03 12:44:34.941 D/dalvikvm(15954): GC_FOR_ALLOC freed 3546K, 45% free 9683K/17536K, paused 4ms, total 4ms
02-03 12:44:34.951 D/dalvikvm(15954): GC_CONCURRENT freed 3254K, 41% free 10457K/17536K, paused 1ms+1ms, total 7ms
02-03 12:44:34.951 D/dalvikvm(15954): WAIT_FOR_CONCURRENT_GC blocked 2ms
02-03 12:44:34.961 D/dalvikvm(15954): GC_FOR_ALLOC freed 5122K, 48% free 9224K/17536K, paused 4ms, total 4ms
02-03 12:44:34.961 D/dalvikvm(15954): GC_FOR_ALLOC freed 3588K, 45% free 9693K/17536K, paused 4ms, total 5ms
02-03 12:44:34.971 D/dalvikvm(15954): GC_CONCURRENT freed 3293K, 41% free 10476K/17536K, paused 0ms+1ms, total 6ms
02-03 12:44:34.981 D/dalvikvm(15954): GC_FOR_ALLOC freed 5183K, 48% free 9227K/17536K, paused 5ms, total 5ms
02-03 12:44:34.981 D/dalvikvm(15954): GC_FOR_ALLOC freed 3631K, 47% free 9386K/17536K, paused 4ms, total 4ms
02-03 12:44:34.991 D/dalvikvm(15954): GC_FOR_ALLOC freed 4121K, 48% free 9230K/17536K, paused 4ms, total 4ms
02-03 12:44:35.001 D/dalvikvm(15954): GC_FOR_ALLOC freed 3658K, 47% free 9389K/17536K, paused 4ms, total 4ms
02-03 12:44:35.001 D/dalvikvm(15954): GC_CONCURRENT freed 3832K, 46% free 9552K/17536K, paused 0ms+0ms, total 5ms
02-03 12:44:35.001 D/dalvikvm(15954): WAIT_FOR_CONCURRENT_GC blocked 4ms
02-03 12:44:35.011 D/dalvikvm(15954): GC_FOR_ALLOC freed 4006K, 47% free 9393K/17536K, paused 4ms, total 4ms
02-03 12:44:35.021 D/dalvikvm(15954): GC_CONCURRENT freed 3862K, 46% free 9556K/17536K, paused 1ms+1ms, total 6ms
02-03 12:44:35.021 D/dalvikvm(15954): WAIT_FOR_CONCURRENT_GC blocked 4ms
02-03 12:44:35.021 D/dalvikvm(15954): GC_FOR_ALLOC freed 4036K, 47% free 9397K/17536K, paused 4ms, total 4ms
02-03 12:44:35.031 D/dalvikvm(15954): GC_CONCURRENT freed 3891K, 46% free 9561K/17536K, paused 1ms+1ms, total 5ms
02-03 12:44:35.031 D/dalvikvm(15954): WAIT_FOR_CONCURRENT_GC blocked 4ms
02-03 12:44:35.041 D/dalvikvm(15954): GC_FOR_ALLOC freed 4066K, 47% free 9400K/17536K, paused 4ms, total 4ms
02-03 12:44:35.051 D/dalvikvm(15954): GC_CONCURRENT freed 3921K, 46% free 9566K/17536K, paused 1ms+1ms, total 5ms
02-03 12:44:35.051 D/dalvikvm(15954): WAIT_FOR_CONCURRENT_GC blocked 4ms
02-03 12:44:35.051 D/dalvikvm(15954): GC_FOR_ALLOC freed 4098K, 47% free 9404K/17536K, paused 4ms, total 4ms
02-03 12:44:35.061 D/dalvikvm(15954): GC_FOR_ALLOC freed 3456K, 45% free 9735K/17536K, paused 4ms, total 4ms
02-03 12:44:35.071 D/dalvikvm(15954): GC_FOR_ALLOC freed 4295K, 48% free 9243K/17536K, paused 4ms, total 4ms
02-03 12:44:35.081 D/dalvikvm(15954): GC_CONCURRENT freed 3811K, 47% free 9410K/17536K, paused 0ms+0ms, total 5ms
02-03 12:44:35.081 D/dalvikvm(15954): WAIT_FOR_CONCURRENT_GC blocked 4ms
02-03 12:44:35.081 D/dalvikvm(15954): GC_FOR_ALLOC freed 3491K, 45% free 9743K/17536K, paused 4ms, total 4ms
02-03 12:44:35.091 D/dalvikvm(15954): GC_FOR_ALLOC freed 4335K, 48% free 9246K/17536K, paused 4ms, total 4ms
02-03 12:44:35.101 D/dalvikvm(15954): GC_CONCURRENT freed 3846K, 47% free 9414K/17536K, paused 1ms+1ms, total 5ms
02-03 12:44:35.101 D/dalvikvm(15954): WAIT_FOR_CONCURRENT_GC blocked 4ms
02-03 12:44:35.101 D/dalvikvm(15954): GC_FOR_ALLOC freed 3522K, 45% free 9751K/17536K, paused 4ms, total 4ms
02-03 12:44:35.111 D/dalvikvm(15954): GC_FOR_ALLOC freed 4374K, 48% free 9249K/17536K, paused 4ms, total 4ms
02-03 12:44:35.121 D/dalvikvm(15954): GC_CONCURRENT freed 3880K, 47% free 9419K/17536K, paused 1ms+1ms, total 6ms
02-03 12:44:35.121 D/dalvikvm(15954): WAIT_FOR_CONCURRENT_GC blocked 4ms
02-03 12:44:35.131 D/dalvikvm(15954): GC_FOR_ALLOC freed 3556K, 45% free 9759K/17536K, paused 4ms, total 4ms
02-03 12:44:35.131 D/dalvikvm(15954): GC_CONCURRENT freed 4083K, 45% free 9771K/17536K, paused 0ms+1ms, total 5ms
02-03 12:44:35.131 D/dalvikvm(15954): WAIT_FOR_CONCURRENT_GC blocked 4ms
02-03 12:44:35.141 D/dalvikvm(15954): GC_FOR_ALLOC freed 4231K, 47% free 9453K/17536K, paused 4ms, total 5ms
02-03 12:44:35.151 D/dalvikvm(15954): GC_FOR_ALLOC freed 4512K, 51% free 8711K/17536K, paused 3ms, total 3ms
02-03 12:44:35.181 D/dalvikvm(15954): GC_CONCURRENT freed 3323K, 47% free 9436K/17536K, paused 1ms+1ms, total 4ms
02-03 12:44:35.231 D/dalvikvm(15954): GC_CONCURRENT freed 4516K, 49% free 9015K/17536K, paused 1ms+0ms, total 6ms
02-03 12:44:35.231 D/dalvikvm(15954): WAIT_FOR_CONCURRENT_GC blocked 5ms
02-03 12:44:35.241 D/dalvikvm(15954): GC_CONCURRENT freed 4121K, 49% free 8988K/17536K, paused 1ms+1ms, total 5ms
02-03 12:44:35.241 D/dalvikvm(15954): WAIT_FOR_CONCURRENT_GC blocked 4ms
02-03 12:44:35.261 D/dalvikvm(15954): GC_CONCURRENT freed 4082K, 49% free 8998K/17536K, paused 0ms+1ms, total 5ms
02-03 12:44:35.261 D/dalvikvm(15954): WAIT_FOR_CONCURRENT_GC blocked 5ms
02-03 12:44:35.261 D/dalvikvm(15954): GC_FOR_ALLOC freed 4067K, 49% free 9009K/17536K, paused 4ms, total 4ms
02-03 12:44:35.271 D/dalvikvm(15954): GC_CONCURRENT freed 3969K, 48% free 9128K/17536K, paused 1ms+1ms, total 5ms
02-03 12:44:35.271 D/dalvikvm(15954): WAIT_FOR_CONCURRENT_GC blocked 3ms
02-03 12:44:35.281 D/dalvikvm(15954): GC_CONCURRENT freed 4089K, 49% free 9048K/17536K, paused 0ms+0ms, total 5ms
02-03 12:44:35.281 D/dalvikvm(15954): WAIT_FOR_CONCURRENT_GC blocked 4ms
02-03 12:44:35.291 D/dalvikvm(15954): GC_CONCURRENT freed 3980K, 48% free 9157K/17536K, paused 0ms+1ms, total 5ms
02-03 12:44:35.291 D/dalvikvm(15954): WAIT_FOR_CONCURRENT_GC blocked 5ms
02-03 12:44:35.301 D/dalvikvm(15954): GC_FOR_ALLOC freed 4173K, 49% free 9019K/17536K, paused 4ms, total 4ms
02-03 12:44:35.301 D/dalvikvm(15954): GC_CONCURRENT freed 3843K, 48% free 9234K/17536K, paused 1ms+1ms, total 6ms
02-03 12:44:35.301 D/dalvikvm(15954): WAIT_FOR_CONCURRENT_GC blocked 1ms
02-03 12:44:35.311 D/dalvikvm(15954): GC_FOR_ALLOC freed 4154K, 48% free 9135K/17536K, paused 4ms, total 4ms
02-03 12:44:35.321 D/dalvikvm(15954): GC_CONCURRENT freed 3807K, 47% free 9301K/17536K, paused 0ms+1ms, total 6ms
02-03 12:44:35.321 D/dalvikvm(15954): WAIT_FOR_CONCURRENT_GC blocked 2ms
02-03 12:44:35.331 D/dalvikvm(15954): GC_CONCURRENT freed 4261K, 49% free 9106K/17536K, paused 0ms+1ms, total 4ms
02-03 12:44:35.331 D/dalvikvm(15954): WAIT_FOR_CONCURRENT_GC blocked 5ms
02-03 12:44:35.331 D/dalvikvm(15954): GC_FOR_ALLOC freed 4095K, 49% free 9062K/17536K, paused 4ms, total 4ms
02-03 12:44:35.341 D/dalvikvm(15954): GC_CONCURRENT freed 3733K, 47% free 9394K/17536K, paused 0ms+1ms, total 6ms
02-03 12:44:35.341 D/dalvikvm(15954): WAIT_FOR_CONCURRENT_GC blocked 2ms
02-03 12:44:35.351 D/dalvikvm(15954): GC_CONCURRENT freed 4337K, 48% free 9120K/17536K, paused 1ms+1ms, total 5ms
02-03 12:44:35.351 D/dalvikvm(15954): WAIT_FOR_CONCURRENT_GC blocked 4ms
02-03 12:44:35.351 D/dalvikvm(15954): GC_CONCURRENT freed 3990K, 48% free 9122K/17536K, paused 1ms+1ms, total 5ms
02-03 12:44:35.351 D/dalvikvm(15954): WAIT_FOR_CONCURRENT_GC blocked 4ms
02-03 12:44:35.361 D/dalvikvm(15954): GC_FOR_ALLOC freed 3952K, 48% free 9178K/17536K, paused 4ms, total 4ms
02-03 12:44:35.371 D/dalvikvm(15954): GC_CONCURRENT freed 3749K, 47% free 9393K/17536K, paused 1ms+1ms, total 6ms
02-03 12:44:35.371 D/dalvikvm(15954): WAIT_FOR_CONCURRENT_GC blocked 2ms
02-03 12:44:35.371 D/dalvikvm(15954): GC_CONCURRENT freed 4219K, 48% free 9165K/17536K, paused 0ms+1ms, total 4ms
02-03 12:44:35.371 D/dalvikvm(15954): WAIT_FOR_CONCURRENT_GC blocked 4ms
02-03 12:44:35.381 D/dalvikvm(15954): GC_FOR_ALLOC freed 4178K, 49% free 9050K/17536K, paused 4ms, total 4ms
02-03 12:44:35.391 D/dalvikvm(15954): GC_CONCURRENT freed 3692K, 47% free 9403K/17536K, paused 1ms+1ms, total 7ms
02-03 12:44:35.391 D/dalvikvm(15954): WAIT_FOR_CONCURRENT_GC blocked 2ms
02-03 12:44:35.401 D/dalvikvm(15954): GC_FOR_ALLOC freed 4319K, 49% free 9047K/17536K, paused 4ms, total 5ms
02-03 12:44:35.401 D/dalvikvm(15954): GC_FOR_ALLOC freed 3926K, 49% free 9046K/17536K, paused 4ms, total 4ms
02-03 12:44:35.411 D/dalvikvm(15954): GC_CONCURRENT freed 3879K, 48% free 9177K/17536K, paused 1ms+1ms, total 5ms
02-03 12:44:35.411 D/dalvikvm(15954): WAIT_FOR_CONCURRENT_GC blocked 4ms
02-03 12:44:35.421 D/dalvikvm(15954): GC_CONCURRENT freed 4093K, 48% free 9178K/17536K, paused 0ms+1ms, total 4ms
02-03 12:44:35.421 D/dalvikvm(15954): WAIT_FOR_CONCURRENT_GC blocked 4ms
02-03 12:44:35.421 D/dalvikvm(15954): GC_FOR_ALLOC freed 3976K, 48% free 9245K/17536K, paused 4ms, total 4ms
02-03 12:44:35.431 D/dalvikvm(15954): GC_CONCURRENT freed 3656K, 46% free 9511K/17536K, paused 1ms+1ms, total 6ms
02-03 12:44:35.431 D/dalvikvm(15954): WAIT_FOR_CONCURRENT_GC blocked 2ms
02-03 12:44:35.441 D/dalvikvm(15954): GC_FOR_ALLOC freed 4459K, 49% free 9112K/17536K, paused 4ms, total 4ms
02-03 12:44:35.441 D/dalvikvm(15954): GC_CONCURRENT freed 3439K, 46% free 9627K/17536K, paused 1ms+1ms, total 6ms
02-03 12:44:35.441 D/dalvikvm(15954): WAIT_FOR_CONCURRENT_GC blocked 2ms
02-03 12:44:35.451 D/dalvikvm(15954): GC_FOR_ALLOC freed 4475K, 48% free 9143K/17536K, paused 4ms, total 4ms
02-03 12:44:35.461 D/dalvikvm(15954): GC_CONCURRENT freed 3700K, 46% free 9500K/17536K, paused 1ms+1ms, total 6ms
02-03 12:44:35.461 D/dalvikvm(15954): WAIT_FOR_CONCURRENT_GC blocked 2ms
02-03 12:44:35.461 D/dalvikvm(15954): GC_FOR_ALLOC freed 4334K, 49% free 9068K/17536K, paused 4ms, total 4ms
02-03 12:44:35.471 D/dalvikvm(15954): GC_FOR_ALLOC freed 3812K, 48% free 9291K/17536K, paused 4ms, total 4ms
02-03 12:44:35.481 D/dalvikvm(15954): GC_CONCURRENT freed 3573K, 46% free 9590K/17536K, paused 0ms+0ms, total 6ms
02-03 12:44:35.481 D/dalvikvm(15954): WAIT_FOR_CONCURRENT_GC blocked 2ms
02-03 12:44:35.481 D/dalvikvm(15954): GC_FOR_ALLOC freed 4452K, 48% free 9140K/17536K, paused 4ms, total 4ms
02-03 12:44:35.491 D/dalvikvm(15954): GC_CONCURRENT freed 3440K, 45% free 9681K/17536K, paused 0ms+1ms, total 6ms
02-03 12:44:35.491 D/dalvikvm(15954): WAIT_FOR_CONCURRENT_GC blocked 2ms
02-03 12:44:35.501 D/dalvikvm(15954): GC_CONCURRENT freed 4498K, 48% free 9254K/17536K, paused 1ms+1ms, total 7ms
02-03 12:44:35.501 D/dalvikvm(15954): WAIT_FOR_CONCURRENT_GC blocked 6ms
02-03 12:44:35.511 D/dalvikvm(15954): GC_FOR_ALLOC freed 4095K, 49% free 9094K/17536K, paused 4ms, total 4ms
02-03 12:44:35.511 D/dalvikvm(15954): GC_CONCURRENT freed 3827K, 48% free 9255K/17536K, paused 1ms+1ms, total 5ms
02-03 12:44:35.511 D/dalvikvm(15954): WAIT_FOR_CONCURRENT_GC blocked 4ms
02-03 12:44:35.531 D/dalvikvm(15954): GC_CONCURRENT freed 4041K, 48% free 9255K/17536K, paused 1ms+1ms, total 11ms
02-03 12:44:35.531 D/dalvikvm(15954): WAIT_FOR_CONCURRENT_GC blocked 8ms
02-03 12:44:35.541 D/dalvikvm(15954): GC_FOR_ALLOC freed 4091K, 48% free 9260K/17536K, paused 5ms, total 5ms
02-03 12:44:35.541 D/dalvikvm(15954): GC_CONCURRENT freed <1K, 48% free 9260K/17536K, paused 1ms+1ms, total 5ms
02-03 12:44:35.551 D/dalvikvm(15954): GC_CONCURRENT freed 3894K, 47% free 9344K/17536K, paused 0ms+1ms, total 6ms
02-03 12:44:35.551 D/dalvikvm(15954): WAIT_FOR_CONCURRENT_GC blocked 4ms
02-03 12:44:35.551 W/BindingManager(18937): Cannot call determinedVisibility() - never saw a connection for the pid: 18937
02-03 12:44:35.571 D/dalvikvm(15954): GC_FOR_ALLOC freed 4197K, 48% free 9174K/17536K, paused 5ms, total 5ms
02-03 12:44:35.581 D/dalvikvm(15954): GC_CONCURRENT freed 0K, 46% free 9517K/17536K, paused 1ms+2ms, total 8ms
02-03 12:44:35.601 D/dalvikvm(15954): GC_CONCURRENT freed 4248K, 47% free 9311K/17536K, paused 1ms+1ms, total 20ms
02-03 12:44:35.601 D/dalvikvm(15954): WAIT_FOR_CONCURRENT_GC blocked 15ms
02-03 12:44:35.611 D/dalvikvm(15954): GC_FOR_ALLOC freed 4123K, 49% free 9080K/17536K, paused 5ms, total 5ms
02-03 12:44:35.621 D/dalvikvm(15954): GC_CONCURRENT freed 3906K, 48% free 9163K/17536K, paused 1ms+1ms, total 6ms
02-03 12:44:35.631 D/dalvikvm(15954): GC_FOR_ALLOC freed 3765K, 47% free 9341K/17536K, paused 4ms, total 4ms
02-03 12:44:35.641 D/dalvikvm(15954): GC_CONCURRENT freed 4079K, 48% free 9247K/17536K, paused 1ms+1ms, total 5ms
02-03 12:44:35.641 D/dalvikvm(15954): WAIT_FOR_CONCURRENT_GC blocked 1ms
02-03 12:44:35.641 D/dalvikvm(15954): GC_FOR_ALLOC freed 4025K, 49% free 9064K/17536K, paused 4ms, total 4ms
02-03 12:44:35.651 D/dalvikvm(15954): GC_FOR_ALLOC freed 3882K, 49% free 9062K/17536K, paused 4ms, total 4ms
02-03 12:44:35.661 D/dalvikvm(15954): GC_FOR_ALLOC freed 3919K, 49% free 9091K/17536K, paused 4ms, total 4ms
02-03 12:44:35.661 D/dalvikvm(15954): GC_FOR_ALLOC freed 3957K, 49% free 9089K/17536K, paused 4ms, total 4ms
02-03 12:44:35.671 D/dalvikvm(15954): GC_CONCURRENT freed 3800K, 48% free 9281K/17536K, paused 1ms+1ms, total 5ms
02-03 12:44:35.671 D/dalvikvm(15954): WAIT_FOR_CONCURRENT_GC blocked 3ms
02-03 12:44:35.681 D/dalvikvm(15954): GC_CONCURRENT freed 4030K, 48% free 9281K/17536K, paused 1ms+1ms, total 5ms
02-03 12:44:35.681 D/dalvikvm(15954): WAIT_FOR_CONCURRENT_GC blocked 5ms
02-03 12:44:35.691 D/dalvikvm(15954): GC_CONCURRENT freed 4068K, 48% free 9281K/17536K, paused 1ms+1ms, total 6ms
02-03 12:44:35.691 D/dalvikvm(15954): WAIT_FOR_CONCURRENT_GC blocked 4ms
02-03 12:44:35.701 D/dalvikvm(15954): GC_FOR_ALLOC freed 3806K, 47% free 9381K/17536K, paused 4ms, total 4ms
02-03 12:44:35.701 D/dalvikvm(15954): GC_FOR_ALLOC freed 4141K, 48% free 9184K/17536K, paused 4ms, total 4ms
02-03 12:44:35.711 D/dalvikvm(15954): GC_FOR_ALLOC freed 3979K, 49% free 9084K/17536K, paused 4ms, total 4ms
02-03 12:44:35.721 D/dalvikvm(15954): GC_FOR_ALLOC freed 3707K, 47% free 9386K/17536K, paused 4ms, total 4ms
02-03 12:44:35.721 D/dalvikvm(15954): GC_CONCURRENT freed 3135K, 44% free 9992K/17536K, paused 1ms+1ms, total 6ms
02-03 12:44:35.731 D/dalvikvm(15954): GC_FOR_ALLOC freed 4677K, 47% free 9390K/17536K, paused 4ms, total 4ms
02-03 12:44:35.731 D/dalvikvm(15954): GC_CONCURRENT freed 3398K, 45% free 9797K/17536K, paused 1ms+1ms, total 6ms
02-03 12:44:35.731 D/dalvikvm(15954): WAIT_FOR_CONCURRENT_GC blocked 1ms
02-03 12:44:35.741 D/dalvikvm(15954): GC_FOR_ALLOC freed 4546K, 48% free 9187K/17536K, paused 4ms, total 4ms
02-03 12:44:35.751 D/dalvikvm(15954): GC_CONCURRENT freed 3967K, 47% free 9315K/17536K, paused 0ms+1ms, total 5ms
02-03 12:44:35.751 D/dalvikvm(15954): WAIT_FOR_CONCURRENT_GC blocked 5ms
02-03 12:44:35.761 D/dalvikvm(15954): GC_CONCURRENT freed 4110K, 48% free 9209K/17536K, paused 1ms+1ms, total 6ms
02-03 12:44:35.761 D/dalvikvm(15954): WAIT_FOR_CONCURRENT_GC blocked 4ms
02-03 12:44:35.771 D/dalvikvm(15954): GC_FOR_ALLOC freed 3714K, 47% free 9423K/17536K, paused 5ms, total 6ms
02-03 12:44:35.781 D/dalvikvm(15954): GC_FOR_ALLOC freed 4280K, 49% free 9103K/17536K, paused 5ms, total 5ms
02-03 12:44:35.791 D/dalvikvm(15954): GC_CONCURRENT freed 3985K, 48% free 9212K/17536K, paused 0ms+1ms, total 5ms
02-03 12:44:35.791 D/dalvikvm(15954): WAIT_FOR_CONCURRENT_GC blocked 5ms
02-03 12:44:35.801 D/dalvikvm(15954): GC_CONCURRENT freed 3797K, 47% free 9431K/17536K, paused 0ms+1ms, total 5ms
02-03 12:44:35.801 D/dalvikvm(15954): WAIT_FOR_CONCURRENT_GC blocked 4ms
02-03 12:44:35.811 D/dalvikvm(15954): GC_CONCURRENT freed 4157K, 47% free 9322K/17536K, paused 1ms+1ms, total 6ms
02-03 12:44:35.811 D/dalvikvm(15954): WAIT_FOR_CONCURRENT_GC blocked 4ms
02-03 12:44:35.811 D/dalvikvm(15954): GC_FOR_ALLOC freed 4072K, 49% free 9105K/17536K, paused 4ms, total 4ms
02-03 12:44:35.821 D/dalvikvm(15954): GC_FOR_ALLOC freed 3879K, 49% free 9107K/17536K, paused 4ms, total 4ms
02-03 12:44:35.831 D/dalvikvm(15954): GC_FOR_ALLOC freed 3905K, 49% free 9108K/17536K, paused 4ms, total 4ms
02-03 12:44:35.831 D/dalvikvm(15954): GC_FOR_ALLOC freed 3931K, 49% free 9110K/17536K, paused 4ms, total 4ms
02-03 12:44:35.841 D/dalvikvm(15954): GC_FOR_ALLOC freed 3957K, 49% free 9111K/17536K, paused 4ms, total 4ms
02-03 12:44:35.851 D/dalvikvm(15954): GC_CONCURRENT freed 3756K, 47% free 9340K/17536K, paused 1ms+1ms, total 5ms
02-03 12:44:35.851 D/dalvikvm(15954): WAIT_FOR_CONCURRENT_GC blocked 5ms
02-03 12:44:35.861 D/dalvikvm(15954): GC_CONCURRENT freed 4008K, 47% free 9343K/17536K, paused 1ms+0ms, total 6ms
02-03 12:44:35.861 D/dalvikvm(15954): WAIT_FOR_CONCURRENT_GC blocked 4ms
02-03 12:44:35.871 D/dalvikvm(15954): GC_CONCURRENT freed 4034K, 47% free 9346K/17536K, paused 1ms+1ms, total 5ms
02-03 12:44:35.871 D/dalvikvm(15954): WAIT_FOR_CONCURRENT_GC blocked 5ms
02-03 12:44:35.871 D/dalvikvm(15954): GC_CONCURRENT freed 4065K, 47% free 9346K/17536K, paused 1ms+1ms, total 6ms
02-03 12:44:35.871 D/dalvikvm(15954): WAIT_FOR_CONCURRENT_GC blocked 4ms
02-03 12:44:35.881 D/dalvikvm(15954): GC_CONCURRENT freed 4090K, 47% free 9349K/17536K, paused 0ms+0ms, total 5ms
02-03 12:44:35.881 D/dalvikvm(15954): WAIT_FOR_CONCURRENT_GC blocked 4ms
02-03 12:44:35.891 D/dalvikvm(15954): GC_FOR_ALLOC freed 3764K, 46% free 9469K/17536K, paused 4ms, total 4ms
02-03 12:44:35.901 D/dalvikvm(15954): GC_FOR_ALLOC freed 4146K, 48% free 9236K/17536K, paused 4ms, total 4ms
02-03 12:44:35.901 D/dalvikvm(15954): GC_FOR_ALLOC freed 3937K, 48% free 9120K/17536K, paused 4ms, total 4ms
02-03 12:44:35.911 D/dalvikvm(15954): GC_FOR_ALLOC freed 3601K, 46% free 9481K/17536K, paused 4ms, total 4ms
02-03 12:44:35.921 D/dalvikvm(15954): GC_FOR_ALLOC freed 4229K, 48% free 9243K/17536K, paused 4ms, total 4ms
02-03 12:44:35.921 D/dalvikvm(15954): GC_CONCURRENT freed 3164K, 44% free 9972K/17536K, paused 0ms+1ms, total 5ms
02-03 12:44:35.931 D/dalvikvm(15954): GC_CONCURRENT freed 4522K, 46% free 9493K/17536K, paused 1ms+1ms, total 5ms
02-03 12:44:35.931 D/dalvikvm(15954): WAIT_FOR_CONCURRENT_GC blocked 4ms
02-03 12:44:35.941 D/dalvikvm(15954): GC_CONCURRENT freed 4310K, 48% free 9251K/17536K, paused 1ms+1ms, total 5ms
02-03 12:44:35.941 D/dalvikvm(15954): WAIT_FOR_CONCURRENT_GC blocked 4ms
02-03 12:44:35.951 D/dalvikvm(15954): GC_CONCURRENT freed 3844K, 47% free 9377K/17536K, paused 1ms+1ms, total 6ms
02-03 12:44:35.951 D/dalvikvm(15954): WAIT_FOR_CONCURRENT_GC blocked 4ms
02-03 12:44:35.951 D/dalvikvm(15954): GC_FOR_ALLOC freed 3990K, 48% free 9255K/17536K, paused 4ms, total 4ms
02-03 12:44:35.961 D/dalvikvm(15954): GC_CONCURRENT freed 3890K, 47% free 9384K/17536K, paused 1ms+1ms, total 5ms
02-03 12:44:35.961 D/dalvikvm(15954): WAIT_FOR_CONCURRENT_GC blocked 4ms
02-03 12:44:35.971 D/dalvikvm(15954): GC_FOR_ALLOC freed 4039K, 48% free 9259K/17536K, paused 4ms, total 4ms
02-03 12:44:35.971 D/dalvikvm(15954): GC_FOR_ALLOC freed 4192K, 48% free 9135K/17536K, paused 4ms, total 4ms
02-03 12:44:35.981 D/dalvikvm(15954): GC_CONCURRENT freed 2942K, 43% free 10154K/17536K, paused 1ms+1ms, total 5ms
02-03 12:44:35.981 D/dalvikvm(15954): WAIT_FOR_CONCURRENT_GC blocked 2ms
02-03 12:44:35.991 D/dalvikvm(15954): GC_FOR_ALLOC freed 4487K, 46% free 9523K/17536K, paused 5ms, total 5ms
02-03 12:44:36.001 D/dalvikvm(15954): GC_FOR_ALLOC freed 4263K, 48% free 9139K/17536K, paused 5ms, total 5ms
02-03 12:44:36.001 D/dalvikvm(15954): GC_FOR_ALLOC freed 3897K, 48% free 9270K/17536K, paused 5ms, total 5ms
02-03 12:44:36.011 D/dalvikvm(15954): GC_CONCURRENT freed 2746K, 41% free 10444K/17536K, paused 0ms+1ms, total 5ms
02-03 12:44:36.011 D/dalvikvm(15954): WAIT_FOR_CONCURRENT_GC blocked 2ms
02-03 12:44:36.021 D/dalvikvm(15954): GC_FOR_ALLOC freed 5249K, 48% free 9140K/17536K, paused 4ms, total 4ms
02-03 12:44:36.021 D/dalvikvm(15954): GC_FOR_ALLOC freed 3962K, 48% free 9273K/17536K, paused 4ms, total 4ms
02-03 12:44:36.031 D/dalvikvm(15954): GC_CONCURRENT freed 2792K, 41% free 10466K/17536K, paused 1ms+1ms, total 5ms
02-03 12:44:36.031 D/dalvikvm(15954): WAIT_FOR_CONCURRENT_GC blocked 1ms
02-03 12:44:36.041 D/dalvikvm(15954): GC_CONCURRENT freed 5064K, 47% free 9443K/17536K, paused 1ms+1ms, total 5ms
02-03 12:44:36.041 D/dalvikvm(15954): WAIT_FOR_CONCURRENT_GC blocked 4ms
02-03 12:44:36.041 D/dalvikvm(15954): GC_FOR_ALLOC freed 4029K, 48% free 9173K/17536K, paused 4ms, total 4ms
02-03 12:44:36.051 D/dalvikvm(15954): GC_FOR_ALLOC freed 3778K, 48% free 9175K/17536K, paused 4ms, total 4ms
02-03 12:44:36.061 D/dalvikvm(15954): GC_FOR_ALLOC freed 3797K, 48% free 9176K/17536K, paused 4ms, total 4ms
02-03 12:44:36.061 D/dalvikvm(15954): GC_FOR_ALLOC freed 3816K, 48% free 9177K/17536K, paused 4ms, total 4ms
02-03 12:44:36.071 D/dalvikvm(15954): GC_FOR_ALLOC freed 3835K, 48% free 9179K/17536K, paused 4ms, total 4ms
02-03 12:44:36.081 D/dalvikvm(15954): GC_FOR_ALLOC freed 3853K, 48% free 9180K/17536K, paused 4ms, total 4ms
02-03 12:44:36.081 D/dalvikvm(15954): GC_FOR_ALLOC freed 3872K, 48% free 9181K/17536K, paused 4ms, total 4ms
02-03 12:44:36.091 D/dalvikvm(15954): GC_FOR_ALLOC freed 3891K, 48% free 9183K/17536K, paused 4ms, total 4ms
02-03 12:44:36.101 D/dalvikvm(15954): GC_FOR_ALLOC freed 3910K, 48% free 9184K/17536K, paused 5ms, total 5ms
02-03 12:44:36.101 D/dalvikvm(15954): GC_FOR_ALLOC freed 3929K, 48% free 9185K/17536K, paused 4ms, total 4ms
02-03 12:44:36.111 D/dalvikvm(15954): GC_FOR_ALLOC freed 3947K, 48% free 9187K/17536K, paused 6ms, total 6ms
02-03 12:44:36.121 D/dalvikvm(15954): GC_FOR_ALLOC freed 3966K, 48% free 9188K/17536K, paused 4ms, total 5ms
02-03 12:44:36.131 D/dalvikvm(15954): GC_CONCURRENT freed 3560K, 46% free 9615K/17536K, paused 1ms+1ms, total 9ms
02-03 12:44:36.131 D/dalvikvm(15954): WAIT_FOR_CONCURRENT_GC blocked 3ms
02-03 12:44:36.141 D/dalvikvm(15954): GC_FOR_ALLOC freed 4429K, 48% free 9191K/17536K, paused 6ms, total 7ms
02-03 12:44:36.151 W/BindingManager(18937): Cannot call determinedVisibility() - never saw a connection for the pid: 18937
02-03 12:44:36.151 D/dalvikvm(15954): GC_CONCURRENT freed 3307K, 44% free 9908K/17536K, paused 1ms+1ms, total 7ms
02-03 12:44:36.151 D/dalvikvm(15954): WAIT_FOR_CONCURRENT_GC blocked 3ms
02-03 12:44:36.161 D/dalvikvm(15954): GC_FOR_ALLOC freed 4757K, 48% free 9194K/17536K, paused 6ms, total 6ms
02-03 12:44:36.171 D/dalvikvm(15954): GC_CONCURRENT freed 288K, 47% free 9338K/17536K, paused 1ms+1ms, total 7ms
02-03 12:44:36.181 D/dalvikvm(15954): GC_CONCURRENT freed 4062K, 47% free 9340K/17536K, paused 1ms+1ms, total 7ms
02-03 12:44:36.181 D/dalvikvm(15954): WAIT_FOR_CONCURRENT_GC blocked 5ms
02-03 12:44:36.191 D/dalvikvm(15954): GC_CONCURRENT freed 4080K, 47% free 9342K/17536K, paused 0ms+2ms, total 8ms
02-03 12:44:36.191 D/dalvikvm(15954): WAIT_FOR_CONCURRENT_GC blocked 5ms
02-03 12:44:36.201 D/dalvikvm(15954): GC_FOR_ALLOC freed 3806K, 48% free 9198K/17536K, paused 6ms, total 6ms
02-03 12:44:36.211 D/dalvikvm(15954): GC_FOR_ALLOC freed 3380K, 46% free 9639K/17536K, paused 6ms, total 6ms
02-03 12:44:36.221 D/dalvikvm(15954): GC_FOR_ALLOC freed 4132K, 47% free 9347K/17536K, paused 5ms, total 5ms
02-03 12:44:36.231 D/dalvikvm(15954): GC_FOR_ALLOC freed 3854K, 48% free 9201K/17536K, paused 4ms, total 4ms
02-03 12:44:36.231 D/dalvikvm(15954): GC_FOR_ALLOC freed 3422K, 45% free 9648K/17536K, paused 5ms, total 5ms
02-03 12:44:36.241 D/dalvikvm(15954): GC_FOR_ALLOC freed 4184K, 47% free 9353K/17536K, paused 6ms, total 6ms
02-03 12:44:36.251 D/dalvikvm(15954): GC_FOR_ALLOC freed 3902K, 48% free 9205K/17536K, paused 5ms, total 6ms
02-03 12:44:36.261 D/dalvikvm(15954): GC_FOR_ALLOC freed 3465K, 45% free 9658K/17536K, paused 4ms, total 4ms
02-03 12:44:36.271 D/dalvikvm(15954): GC_FOR_ALLOC freed 4236K, 47% free 9358K/17536K, paused 4ms, total 4ms
02-03 12:44:36.281 D/dalvikvm(15954): GC_FOR_ALLOC freed 3950K, 48% free 9209K/17536K, paused 4ms, total 4ms
02-03 12:44:36.281 D/dalvikvm(15954): GC_FOR_ALLOC freed 3507K, 45% free 9667K/17536K, paused 4ms, total 5ms
02-03 12:44:36.291 D/dalvikvm(15954): GC_CONCURRENT freed 4287K, 47% free 9364K/17536K, paused 1ms+1ms, total 5ms
02-03 12:44:36.291 D/dalvikvm(15954): WAIT_FOR_CONCURRENT_GC blocked 5ms
02-03 12:44:36.301 D/dalvikvm(15954): GC_FOR_ALLOC freed 3999K, 48% free 9212K/17536K, paused 4ms, total 4ms
02-03 12:44:36.301 D/dalvikvm(15954): GC_FOR_ALLOC freed 3550K, 45% free 9676K/17536K, paused 4ms, total 4ms
02-03 12:44:36.311 D/dalvikvm(15954): GC_CONCURRENT freed 3258K, 41% free 10451K/17536K, paused 1ms+2ms, total 6ms
02-03 12:44:36.321 D/dalvikvm(15954): GC_FOR_ALLOC freed 5128K, 48% free 9216K/17536K, paused 4ms, total 4ms
02-03 12:44:36.321 D/dalvikvm(15954): GC_CONCURRENT freed 3592K, 45% free 9685K/17536K, paused 0ms+1ms, total 5ms
02-03 12:44:36.321 D/dalvikvm(15954): WAIT_FOR_CONCURRENT_GC blocked 4ms
02-03 12:44:36.331 D/dalvikvm(15954): GC_CONCURRENT freed 4390K, 47% free 9375K/17536K, paused 0ms+0ms, total 5ms
02-03 12:44:36.331 D/dalvikvm(15954): WAIT_FOR_CONCURRENT_GC blocked 4ms
02-03 12:44:36.341 D/dalvikvm(15954): GC_FOR_ALLOC freed 4095K, 48% free 9220K/17536K, paused 4ms, total 4ms
02-03 12:44:36.351 D/dalvikvm(15954): GC_FOR_ALLOC freed 3635K, 47% free 9378K/17536K, paused 4ms, total 4ms
02-03 12:44:36.351 D/dalvikvm(15954): GC_CONCURRENT freed 3807K, 46% free 9540K/17536K, paused 1ms+1ms, total 6ms
02-03 12:44:36.351 D/dalvikvm(15954): WAIT_FOR_CONCURRENT_GC blocked 5ms
02-03 12:44:36.361 D/dalvikvm(15954): GC_FOR_ALLOC freed 3979K, 47% free 9382K/17536K, paused 4ms, total 4ms
02-03 12:44:36.371 D/dalvikvm(15954): GC_CONCURRENT freed 3837K, 46% free 9544K/17536K, paused 1ms+1ms, total 6ms
02-03 12:44:36.371 D/dalvikvm(15954): WAIT_FOR_CONCURRENT_GC blocked 5ms
02-03 12:44:36.381 D/dalvikvm(15954): GC_FOR_ALLOC freed 4011K, 47% free 9386K/17536K, paused 4ms, total 4ms
02-03 12:44:36.381 D/dalvikvm(15954): GC_CONCURRENT freed 3866K, 46% free 9549K/17536K, paused 1ms+1ms, total 5ms
02-03 12:44:36.381 D/dalvikvm(15954): WAIT_FOR_CONCURRENT_GC blocked 4ms
02-03 12:44:36.391 D/dalvikvm(15954): GC_FOR_ALLOC freed 4040K, 47% free 9389K/17536K, paused 4ms, total 4ms
02-03 12:44:36.401 D/dalvikvm(15954): GC_CONCURRENT freed 3895K, 46% free 9554K/17536K, paused 1ms+1ms, total 5ms
02-03 12:44:36.401 D/dalvikvm(15954): WAIT_FOR_CONCURRENT_GC blocked 4ms
02-03 12:44:36.411 D/dalvikvm(15954): GC_FOR_ALLOC freed 4070K, 47% free 9393K/17536K, paused 4ms, total 4ms
02-03 12:44:36.411 D/dalvikvm(15954): GC_CONCURRENT freed 3925K, 46% free 9559K/17536K, paused 0ms+0ms, total 5ms
02-03 12:44:36.411 D/dalvikvm(15954): WAIT_FOR_CONCURRENT_GC blocked 4ms
02-03 12:44:36.421 D/dalvikvm(15954): GC_FOR_ALLOC freed 4103K, 47% free 9397K/17536K, paused 4ms, total 4ms
02-03 12:44:36.431 D/dalvikvm(15954): GC_FOR_ALLOC freed 3460K, 45% free 9728K/17536K, paused 4ms, total 4ms
02-03 12:44:36.431 D/dalvikvm(15954): GC_FOR_ALLOC freed 4299K, 48% free 9235K/17536K, paused 4ms, total 4ms
02-03 12:44:36.441 D/dalvikvm(15954): GC_CONCURRENT freed 3815K, 47% free 9402K/17536K, paused 1ms+1ms, total 5ms
02-03 12:44:36.441 D/dalvikvm(15954): WAIT_FOR_CONCURRENT_GC blocked 4ms
02-03 12:44:36.451 D/dalvikvm(15954): GC_FOR_ALLOC freed 3494K, 45% free 9736K/17536K, paused 4ms, total 4ms
02-03 12:44:36.451 D/dalvikvm(15954): GC_FOR_ALLOC freed 4339K, 48% free 9238K/17536K, paused 4ms, total 4ms
02-03 12:44:36.461 D/dalvikvm(15954): GC_CONCURRENT freed 3849K, 47% free 9407K/17536K, paused 1ms+0ms, total 5ms
02-03 12:44:36.461 D/dalvikvm(15954): WAIT_FOR_CONCURRENT_GC blocked 5ms
02-03 12:44:36.471 D/dalvikvm(15954): GC_FOR_ALLOC freed 3525K, 45% free 9743K/17536K, paused 4ms, total 4ms
02-03 12:44:36.481 D/dalvikvm(15954): GC_FOR_ALLOC freed 4377K, 48% free 9241K/17536K, paused 4ms, total 4ms
02-03 12:44:36.481 D/dalvikvm(15954): GC_CONCURRENT freed 3884K, 47% free 9411K/17536K, paused 0ms+1ms, total 5ms
02-03 12:44:36.481 D/dalvikvm(15954): WAIT_FOR_CONCURRENT_GC blocked 4ms
02-03 12:44:36.491 D/dalvikvm(15954): GC_FOR_ALLOC freed 3560K, 45% free 9752K/17536K, paused 4ms, total 4ms
02-03 12:44:36.501 D/dalvikvm(15954): GC_FOR_ALLOC freed 4278K, 48% free 9221K/17536K, paused 4ms, total 4ms
02-03 12:44:36.511 D/dalvikvm(15954): GC_FOR_ALLOC freed 3757K, 48% free 9221K/17536K, paused 4ms, total 4ms
02-03 12:44:36.521 D/dalvikvm(15954): GC_CONCURRENT freed 3611K, 45% free 9688K/17536K, paused 0ms+1ms, total 4ms
02-03 12:44:36.521 D/dalvikvm(15954): WAIT_FOR_CONCURRENT_GC blocked 4ms
02-03 12:44:36.601 D/dalvikvm(15954): GC_CONCURRENT freed 4814K, 49% free 8965K/17536K, paused 0ms+1ms, total 6ms
02-03 12:44:36.601 D/dalvikvm(15954): WAIT_FOR_CONCURRENT_GC blocked 6ms
02-03 12:44:36.611 D/dalvikvm(15954): GC_CONCURRENT freed 4009K, 49% free 9016K/17536K, paused 1ms+1ms, total 6ms
02-03 12:44:36.611 D/dalvikvm(15954): WAIT_FOR_CONCURRENT_GC blocked 5ms
02-03 12:44:36.621 D/dalvikvm(15954): GC_CONCURRENT freed 4087K, 49% free 8989K/17536K, paused 1ms+1ms, total 6ms
02-03 12:44:36.621 D/dalvikvm(15954): WAIT_FOR_CONCURRENT_GC blocked 5ms
02-03 12:44:36.631 D/dalvikvm(15954): GC_CONCURRENT freed 4015K, 49% free 9064K/17536K, paused 0ms+0ms, total 5ms
02-03 12:44:36.631 D/dalvikvm(15954): WAIT_FOR_CONCURRENT_GC blocked 4ms
02-03 12:44:36.641 D/dalvikvm(15954): GC_FOR_ALLOC freed 4061K, 49% free 9061K/17536K, paused 4ms, total 4ms
02-03 12:44:36.641 D/dalvikvm(15954): GC_CONCURRENT freed 2650K, 48% free 9226K/17536K, paused 1ms+2ms, total 6ms
02-03 12:44:36.651 D/dalvikvm(15954): GC_FOR_ALLOC freed 4326K, 49% free 8980K/17536K, paused 4ms, total 4ms
02-03 12:44:36.661 D/dalvikvm(15954): GC_CONCURRENT freed 3076K, 48% free 9251K/17536K, paused 1ms+1ms, total 6ms
02-03 12:44:36.661 D/dalvikvm(15954): GC_CONCURRENT freed 4202K, 49% free 9090K/17536K, paused 1ms+0ms, total 6ms
02-03 12:44:36.661 D/dalvikvm(15954): WAIT_FOR_CONCURRENT_GC blocked 5ms
02-03 12:44:36.671 D/dalvikvm(15954): GC_CONCURRENT freed 4078K, 49% free 9091K/17536K, paused 1ms+1ms, total 5ms
02-03 12:44:36.671 D/dalvikvm(15954): WAIT_FOR_CONCURRENT_GC blocked 4ms
02-03 12:44:36.681 D/dalvikvm(15954): GC_FOR_ALLOC freed 4083K, 49% free 9051K/17536K, paused 4ms, total 4ms
02-03 12:44:36.691 D/dalvikvm(15954): GC_CONCURRENT freed 2773K, 47% free 9385K/17536K, paused 1ms+1ms, total 5ms
02-03 12:44:36.701 D/dalvikvm(15954): GC_FOR_ALLOC freed 4361K, 49% free 9010K/17536K, paused 5ms, total 6ms
02-03 12:44:36.701 D/dalvikvm(15954): GC_CONCURRENT freed 3794K, 48% free 9281K/17536K, paused 4ms+1ms, total 8ms
02-03 12:44:36.701 D/dalvikvm(15954): WAIT_FOR_CONCURRENT_GC blocked 4ms
02-03 12:44:36.711 D/dalvikvm(15954): GC_CONCURRENT freed 4124K, 48% free 9249K/17536K, paused 1ms+1ms, total 5ms
02-03 12:44:36.711 D/dalvikvm(15954): WAIT_FOR_CONCURRENT_GC blocked 4ms
02-03 12:44:36.721 D/dalvikvm(15954): GC_FOR_ALLOC freed 4137K, 48% free 9158K/17536K, paused 4ms, total 4ms
02-03 12:44:36.731 D/dalvikvm(15954): GC_CONCURRENT freed 3827K, 46% free 9625K/17536K, paused 1ms+2ms, total 10ms
02-03 12:44:36.741 W/BindingManager(18937): Cannot call determinedVisibility() - never saw a connection for the pid: 18937
02-03 12:44:36.741 D/dalvikvm(15954): GC_CONCURRENT freed 4524K, 48% free 9171K/17536K, paused 1ms+1ms, total 6ms
02-03 12:44:36.741 D/dalvikvm(15954): WAIT_FOR_CONCURRENT_GC blocked 5ms
02-03 12:44:36.751 D/dalvikvm(15954): GC_FOR_ALLOC freed 4082K, 49% free 9042K/17536K, paused 6ms, total 6ms
02-03 12:44:36.761 D/dalvikvm(15954): GC_FOR_ALLOC freed 4031K, 49% free 9097K/17536K, paused 6ms, total 7ms
02-03 12:44:36.771 D/dalvikvm(15954): GC_CONCURRENT freed 3505K, 47% free 9442K/17536K, paused 1ms+4ms, total 10ms
02-03 12:44:36.791 D/dalvikvm(15954): GC_CONCURRENT freed 4228K, 48% free 9221K/17536K, paused 1ms+4ms, total 9ms
02-03 12:44:36.791 D/dalvikvm(15954): WAIT_FOR_CONCURRENT_GC blocked 5ms
02-03 12:44:36.801 D/dalvikvm(15954): GC_FOR_ALLOC freed 4102K, 49% free 9042K/17536K, paused 5ms, total 6ms
02-03 12:44:36.811 D/dalvikvm(15954): GC_CONCURRENT freed 4013K, 49% free 9103K/17536K, paused 1ms+1ms, total 6ms
02-03 12:44:36.811 D/dalvikvm(15954): WAIT_FOR_CONCURRENT_GC blocked 2ms
02-03 12:44:36.811 D/dalvikvm(15954): GC_CONCURRENT freed 3976K, 49% free 9103K/17536K, paused 1ms+1ms, total 5ms
02-03 12:44:36.811 D/dalvikvm(15954): WAIT_FOR_CONCURRENT_GC blocked 3ms
02-03 12:44:36.821 D/dalvikvm(15954): GC_CONCURRENT freed 4061K, 49% free 9103K/17536K, paused 1ms+1ms, total 5ms
02-03 12:44:36.821 D/dalvikvm(15954): WAIT_FOR_CONCURRENT_GC blocked 3ms
02-03 12:44:36.831 D/dalvikvm(15954): GC_FOR_ALLOC freed 4013K, 49% free 9037K/17536K, paused 4ms, total 4ms
02-03 12:44:36.841 D/dalvikvm(15954): GC_FOR_ALLOC freed 3889K, 48% free 9134K/17536K, paused 4ms, total 4ms
02-03 12:44:36.841 D/dalvikvm(15954): GC_CONCURRENT freed 3487K, 46% free 9607K/17536K, paused 0ms+1ms, total 6ms
02-03 12:44:36.851 D/dalvikvm(15954): GC_CONCURRENT freed 4434K, 48% free 9208K/17536K, paused 1ms+1ms, total 5ms
02-03 12:44:36.851 D/dalvikvm(15954): WAIT_FOR_CONCURRENT_GC blocked 4ms
02-03 12:44:36.861 D/dalvikvm(15954): GC_FOR_ALLOC freed 4103K, 49% free 9067K/17536K, paused 4ms, total 4ms
02-03 12:44:36.871 D/dalvikvm(15954): GC_CONCURRENT freed 3886K, 48% free 9209K/17536K, paused 1ms+1ms, total 5ms
02-03 12:44:36.871 D/dalvikvm(15954): WAIT_FOR_CONCURRENT_GC blocked 4ms
02-03 12:44:36.881 D/dalvikvm(15954): GC_CONCURRENT freed 4095K, 48% free 9210K/17536K, paused 1ms+2ms, total 6ms
02-03 12:44:36.881 D/dalvikvm(15954): WAIT_FOR_CONCURRENT_GC blocked 5ms
02-03 12:44:36.881 D/dalvikvm(15954): GC_CONCURRENT freed 3936K, 48% free 9285K/17536K, paused 1ms+1ms, total 5ms
02-03 12:44:36.881 D/dalvikvm(15954): WAIT_FOR_CONCURRENT_GC blocked 4ms
02-03 12:44:36.891 D/dalvikvm(15954): GC_CONCURRENT freed 4225K, 48% free 9136K/17536K, paused 1ms+1ms, total 6ms
02-03 12:44:36.891 D/dalvikvm(15954): WAIT_FOR_CONCURRENT_GC blocked 4ms
02-03 12:44:36.901 D/dalvikvm(15954): GC_CONCURRENT freed 3981K, 48% free 9216K/17536K, paused 0ms+1ms, total 5ms
02-03 12:44:36.901 D/dalvikvm(15954): WAIT_FOR_CONCURRENT_GC blocked 4ms
02-03 12:44:36.911 D/dalvikvm(15954): GC_CONCURRENT freed 4118K, 48% free 9138K/17536K, paused 1ms+1ms, total 5ms
02-03 12:44:36.911 D/dalvikvm(15954): WAIT_FOR_CONCURRENT_GC blocked 4ms
02-03 12:44:36.921 D/dalvikvm(15954): GC_CONCURRENT freed 3862K, 47% free 9327K/17536K, paused 0ms+1ms, total 5ms
02-03 12:44:36.921 D/dalvikvm(15954): WAIT_FOR_CONCURRENT_GC blocked 4ms
02-03 12:44:36.931 D/dalvikvm(15954): GC_CONCURRENT freed 4152K, 48% free 9254K/17536K, paused 1ms+1ms, total 5ms
02-03 12:44:36.931 D/dalvikvm(15954): WAIT_FOR_CONCURRENT_GC blocked 4ms
02-03 12:44:36.931 D/dalvikvm(15954): GC_CONCURRENT freed 3973K, 48% free 9254K/17536K, paused 1ms+1ms, total 5ms
02-03 12:44:36.931 D/dalvikvm(15954): WAIT_FOR_CONCURRENT_GC blocked 4ms
02-03 12:44:36.941 D/dalvikvm(15954): GC_CONCURRENT freed 4026K, 48% free 9254K/17536K, paused 0ms+1ms, total 5ms
02-03 12:44:36.941 D/dalvikvm(15954): WAIT_FOR_CONCURRENT_GC blocked 4ms
02-03 12:44:36.951 D/dalvikvm(15954): GC_CONCURRENT freed 4080K, 48% free 9255K/17536K, paused 1ms+1ms, total 6ms
02-03 12:44:36.951 D/dalvikvm(15954): WAIT_FOR_CONCURRENT_GC blocked 4ms
02-03 12:44:36.961 D/dalvikvm(15954): GC_FOR_ALLOC freed 3879K, 47% free 9339K/17536K, paused 5ms, total 5ms
02-03 12:44:36.971 D/dalvikvm(15954): GC_CONCURRENT freed 4182K, 48% free 9169K/17536K, paused 1ms+2ms, total 7ms
02-03 12:44:36.971 D/dalvikvm(15954): WAIT_FOR_CONCURRENT_GC blocked 6ms
02-03 12:44:36.981 D/dalvikvm(15954): GC_CONCURRENT freed 3883K, 48% free 9259K/17536K, paused 0ms+1ms, total 5ms
02-03 12:44:36.981 D/dalvikvm(15954): WAIT_FOR_CONCURRENT_GC blocked 4ms
02-03 12:44:36.991 D/dalvikvm(15954): GC_FOR_ALLOC freed 4017K, 48% free 9171K/17536K, paused 4ms, total 4ms
02-03 12:44:37.001 D/dalvikvm(15954): GC_CONCURRENT freed 3970K, 48% free 9263K/17536K, paused 0ms+1ms, total 5ms
02-03 12:44:37.001 D/dalvikvm(15954): WAIT_FOR_CONCURRENT_GC blocked 4ms
02-03 12:44:37.001 D/dalvikvm(15954): GC_CONCURRENT freed 4105K, 48% free 9173K/17536K, paused 1ms+1ms, total 5ms
02-03 12:44:37.001 D/dalvikvm(15954): WAIT_FOR_CONCURRENT_GC blocked 4ms
02-03 12:44:37.011 D/dalvikvm(15954): GC_CONCURRENT freed 3790K, 47% free 9384K/17536K, paused 1ms+1ms, total 5ms
02-03 12:44:37.011 D/dalvikvm(15954): WAIT_FOR_CONCURRENT_GC blocked 4ms
02-03 12:44:37.021 D/dalvikvm(15954): GC_CONCURRENT freed 4102K, 47% free 9294K/17536K, paused 1ms+1ms, total 5ms
02-03 12:44:37.021 D/dalvikvm(15954): WAIT_FOR_CONCURRENT_GC blocked 4ms
02-03 12:44:37.031 D/dalvikvm(15954): GC_FOR_ALLOC freed 4052K, 49% free 9109K/17536K, paused 4ms, total 4ms
02-03 12:44:37.031 D/dalvikvm(15954): GC_FOR_ALLOC freed 3907K, 49% free 9107K/17536K, paused 4ms, total 4ms
02-03 12:44:37.041 D/dalvikvm(15954): GC_FOR_ALLOC freed 3944K, 49% free 9105K/17536K, paused 4ms, total 4ms
02-03 12:44:37.051 D/dalvikvm(15954): GC_CONCURRENT freed 3792K, 48% free 9292K/17536K, paused 1ms+1ms, total 5ms
02-03 12:44:37.051 D/dalvikvm(15954): WAIT_FOR_CONCURRENT_GC blocked 3ms
02-03 12:44:37.061 D/dalvikvm(15954): GC_CONCURRENT freed 4018K, 48% free 9292K/17536K, paused 1ms+1ms, total 5ms
02-03 12:44:37.061 D/dalvikvm(15954): WAIT_FOR_CONCURRENT_GC blocked 4ms
02-03 12:44:37.061 D/dalvikvm(15954): GC_CONCURRENT freed 4051K, 47% free 9295K/17536K, paused 1ms+1ms, total 5ms
02-03 12:44:37.071 D/dalvikvm(15954): WAIT_FOR_CONCURRENT_GC blocked 5ms
02-03 12:44:37.071 D/dalvikvm(15954): GC_CONCURRENT freed 4093K, 47% free 9295K/17536K, paused 1ms+1ms, total 7ms
02-03 12:44:37.071 D/dalvikvm(15954): WAIT_FOR_CONCURRENT_GC blocked 4ms
02-03 12:44:37.081 D/dalvikvm(15954): GC_FOR_ALLOC freed 3830K, 47% free 9396K/17536K, paused 4ms, total 4ms
02-03 12:44:37.091 D/dalvikvm(15954): GC_CONCURRENT freed 4165K, 48% free 9230K/17536K, paused 1ms+1ms, total 6ms
02-03 12:44:37.091 D/dalvikvm(15954): WAIT_FOR_CONCURRENT_GC blocked 4ms
02-03 12:44:37.101 D/dalvikvm(15954): GC_FOR_ALLOC freed 4003K, 48% free 9129K/17536K, paused 4ms, total 4ms
02-03 12:44:37.101 D/dalvikvm(15954): GC_FOR_ALLOC freed 3729K, 47% free 9433K/17536K, paused 4ms, total 4ms
02-03 12:44:37.111 D/dalvikvm(15954): GC_CONCURRENT freed 3152K, 43% free 10042K/17536K, paused 1ms+1ms, total 5ms
02-03 12:44:37.121 D/dalvikvm(15954): GC_FOR_ALLOC freed 4708K, 48% free 9232K/17536K, paused 4ms, total 4ms
02-03 12:44:37.121 D/dalvikvm(15954): GC_CONCURRENT freed 3926K, 47% free 9339K/17536K, paused 1ms+1ms, total 5ms
02-03 12:44:37.121 D/dalvikvm(15954): WAIT_FOR_CONCURRENT_GC blocked 4ms
02-03 12:44:37.131 D/dalvikvm(15954): GC_FOR_ALLOC freed 4065K, 48% free 9233K/17536K, paused 4ms, total 4ms
02-03 12:44:37.141 D/dalvikvm(15954): GC_FOR_ALLOC freed 3676K, 47% free 9446K/17536K, paused 4ms, total 4ms
02-03 12:44:37.141 D/dalvikvm(15954): GC_FOR_ALLOC freed 4238K, 48% free 9129K/17536K, paused 4ms, total 4ms
02-03 12:44:37.151 D/dalvikvm(15954): GC_CONCURRENT freed 3946K, 48% free 9237K/17536K, paused 1ms+1ms, total 5ms
02-03 12:44:37.151 D/dalvikvm(15954): WAIT_FOR_CONCURRENT_GC blocked 4ms
02-03 12:44:37.161 D/dalvikvm(15954): GC_CONCURRENT freed 3761K, 47% free 9454K/17536K, paused 1ms+1ms, total 5ms
02-03 12:44:37.161 D/dalvikvm(15954): WAIT_FOR_CONCURRENT_GC blocked 4ms
02-03 12:44:37.171 D/dalvikvm(15954): GC_CONCURRENT freed 4117K, 47% free 9346K/17536K, paused 1ms+1ms, total 5ms
02-03 12:44:37.171 D/dalvikvm(15954): WAIT_FOR_CONCURRENT_GC blocked 4ms
02-03 12:44:37.171 D/dalvikvm(15954): GC_FOR_ALLOC freed 4033K, 48% free 9131K/17536K, paused 4ms, total 4ms
02-03 12:44:37.181 D/dalvikvm(15954): GC_FOR_ALLOC freed 3842K, 48% free 9132K/17536K, paused 4ms, total 4ms
02-03 12:44:37.191 D/dalvikvm(15954): GC_FOR_ALLOC freed 3869K, 48% free 9134K/17536K, paused 4ms, total 4ms
02-03 12:44:37.191 D/dalvikvm(15954): GC_FOR_ALLOC freed 3895K, 48% free 9135K/17536K, paused 4ms, total 4ms
02-03 12:44:37.201 D/dalvikvm(15954): GC_FOR_ALLOC freed 3921K, 48% free 9137K/17536K, paused 4ms, total 4ms
02-03 12:44:37.211 D/dalvikvm(15954): GC_FOR_ALLOC freed 3947K, 48% free 9138K/17536K, paused 4ms, total 4ms
02-03 12:44:37.221 D/dalvikvm(15954): GC_CONCURRENT freed 3746K, 47% free 9367K/17536K, paused 0ms+1ms, total 5ms
02-03 12:44:37.221 D/dalvikvm(15954): WAIT_FOR_CONCURRENT_GC blocked 4ms
02-03 12:44:37.221 D/dalvikvm(15954): GC_CONCURRENT freed 3997K, 47% free 9371K/17536K, paused 0ms+1ms, total 4ms
02-03 12:44:37.221 D/dalvikvm(15954): WAIT_FOR_CONCURRENT_GC blocked 4ms
02-03 12:44:37.231 D/dalvikvm(15954): GC_CONCURRENT freed 4024K, 47% free 9373K/17536K, paused 1ms+1ms, total 5ms
02-03 12:44:37.231 D/dalvikvm(15954): WAIT_FOR_CONCURRENT_GC blocked 4ms
02-03 12:44:37.241 D/dalvikvm(15954): GC_CONCURRENT freed 4050K, 47% free 9376K/17536K, paused 0ms+1ms, total 4ms
02-03 12:44:37.241 D/dalvikvm(15954): WAIT_FOR_CONCURRENT_GC blocked 4ms
02-03 12:44:37.241 D/dalvikvm(15954): GC_CONCURRENT freed 4078K, 47% free 9380K/17536K, paused 0ms+1ms, total 4ms
02-03 12:44:37.241 D/dalvikvm(15954): WAIT_FOR_CONCURRENT_GC blocked 3ms
02-03 12:44:37.251 D/dalvikvm(15954): GC_FOR_ALLOC freed 3758K, 46% free 9495K/17536K, paused 4ms, total 4ms
02-03 12:44:37.261 D/dalvikvm(15954): GC_FOR_ALLOC freed 4135K, 48% free 9263K/17536K, paused 4ms, total 4ms
02-03 12:44:37.261 D/dalvikvm(15954): GC_FOR_ALLOC freed 3925K, 48% free 9147K/17536K, paused 4ms, total 4ms
02-03 12:44:37.271 D/dalvikvm(15954): GC_FOR_ALLOC freed 3591K, 46% free 9507K/17536K, paused 4ms, total 4ms
02-03 12:44:37.281 D/dalvikvm(15954): GC_FOR_ALLOC freed 4217K, 48% free 9270K/17536K, paused 4ms, total 4ms
02-03 12:44:37.291 D/dalvikvm(15954): GC_CONCURRENT freed 3400K, 45% free 9755K/17536K, paused 1ms+1ms, total 10ms
02-03 12:44:37.291 D/dalvikvm(15954): WAIT_FOR_CONCURRENT_GC blocked 4ms
02-03 12:44:37.301 D/dalvikvm(15954): GC_CONCURRENT freed 4264K, 46% free 9519K/17536K, paused 0ms+0ms, total 5ms
02-03 12:44:37.301 D/dalvikvm(15954): WAIT_FOR_CONCURRENT_GC blocked 4ms
02-03 12:44:37.311 D/dalvikvm(15954): GC_FOR_ALLOC freed 4299K, 48% free 9277K/17536K, paused 5ms, total 5ms
02-03 12:44:37.321 D/dalvikvm(15954): GC_CONCURRENT freed 3466K, 45% free 9771K/17536K, paused 1ms+1ms, total 13ms
02-03 12:44:37.321 D/dalvikvm(15954): WAIT_FOR_CONCURRENT_GC blocked 2ms
02-03 12:44:37.331 W/BindingManager(18937): Cannot call determinedVisibility() - never saw a connection for the pid: 18937
02-03 12:44:37.331 D/dalvikvm(15954): GC_FOR_ALLOC freed 4347K, 48% free 9282K/17536K, paused 4ms, total 4ms
02-03 12:44:37.341 D/dalvikvm(15954): GC_CONCURRENT freed 3880K, 47% free 9410K/17536K, paused 1ms+1ms, total 8ms
02-03 12:44:37.341 D/dalvikvm(15954): WAIT_FOR_CONCURRENT_GC blocked 7ms
02-03 12:44:37.351 D/dalvikvm(15954): GC_FOR_ALLOC freed 4028K, 48% free 9286K/17536K, paused 5ms, total 5ms
02-03 12:44:37.361 D/dalvikvm(15954): GC_CONCURRENT freed 3927K, 47% free 9416K/17536K, paused 1ms+1ms, total 7ms
02-03 12:44:37.361 D/dalvikvm(15954): WAIT_FOR_CONCURRENT_GC blocked 3ms
02-03 12:44:37.371 D/dalvikvm(15954): GC_FOR_ALLOC freed 4076K, 48% free 9291K/17536K, paused 6ms, total 6ms
02-03 12:44:37.381 D/dalvikvm(15954): GC_FOR_ALLOC freed 3587K, 46% free 9549K/17536K, paused 6ms, total 6ms
02-03 12:44:37.401 D/dalvikvm(15954): GC_FOR_ALLOC freed 4252K, 48% free 9167K/17536K, paused 6ms, total 6ms
02-03 12:44:37.401 D/dalvikvm(15954): GC_CONCURRENT freed 3887K, 47% free 9298K/17536K, paused 1ms+1ms, total 6ms
02-03 12:44:37.411 D/dalvikvm(15954): GC_FOR_ALLOC freed 3648K, 46% free 9560K/17536K, paused 4ms, total 4ms
02-03 12:44:37.421 D/dalvikvm(15954): GC_FOR_ALLOC freed 4323K, 48% free 9171K/17536K, paused 4ms, total 4ms
02-03 12:44:37.431 D/dalvikvm(15954): GC_FOR_ALLOC freed 3952K, 47% free 9304K/17536K, paused 5ms, total 5ms
02-03 12:44:37.441 D/dalvikvm(15954): GC_CONCURRENT freed 2782K, 41% free 10496K/17536K, paused 0ms+1ms, total 6ms
02-03 12:44:37.441 D/dalvikvm(15954): WAIT_FOR_CONCURRENT_GC blocked 3ms
02-03 12:44:37.451 D/dalvikvm(15954): GC_CONCURRENT freed 5054K, 47% free 9442K/17536K, paused 1ms+1ms, total 8ms
02-03 12:44:37.451 D/dalvikvm(15954): WAIT_FOR_CONCURRENT_GC blocked 8ms
02-03 12:44:37.451 D/dalvikvm(15954): GC_FOR_ALLOC freed 4015K, 48% free 9177K/17536K, paused 4ms, total 4ms
02-03 12:44:37.461 D/dalvikvm(15954): GC_FOR_ALLOC freed 3768K, 48% free 9178K/17536K, paused 4ms, total 4ms
02-03 12:44:37.471 D/dalvikvm(15954): GC_FOR_ALLOC freed 3787K, 48% free 9179K/17536K, paused 4ms, total 4ms
02-03 12:44:37.471 D/dalvikvm(15954): GC_FOR_ALLOC freed 3806K, 48% free 9181K/17536K, paused 4ms, total 4ms
02-03 12:44:37.481 D/dalvikvm(15954): GC_FOR_ALLOC freed 3825K, 48% free 9182K/17536K, paused 4ms, total 4ms
02-03 12:44:37.491 D/dalvikvm(15954): GC_FOR_ALLOC freed 3844K, 48% free 9183K/17536K, paused 4ms, total 4ms
02-03 12:44:37.491 D/dalvikvm(15954): GC_FOR_ALLOC freed 3863K, 48% free 9185K/17536K, paused 4ms, total 4ms
02-03 12:44:37.501 D/dalvikvm(15954): GC_FOR_ALLOC freed 3882K, 48% free 9186K/17536K, paused 4ms, total 4ms
02-03 12:44:37.511 D/dalvikvm(15954): GC_FOR_ALLOC freed 3900K, 48% free 9187K/17536K, paused 4ms, total 4ms
02-03 12:44:37.511 D/dalvikvm(15954): GC_FOR_ALLOC freed 3919K, 48% free 9189K/17536K, paused 4ms, total 4ms
02-03 12:44:37.521 D/dalvikvm(15954): GC_FOR_ALLOC freed 3938K, 48% free 9190K/17536K, paused 4ms, total 4ms
02-03 12:44:37.531 D/dalvikvm(15954): GC_FOR_ALLOC freed 3957K, 48% free 9192K/17536K, paused 4ms, total 4ms
02-03 12:44:37.541 D/dalvikvm(15954): GC_CONCURRENT freed 3692K, 46% free 9477K/17536K, paused 0ms+1ms, total 5ms
02-03 12:44:37.541 D/dalvikvm(15954): WAIT_FOR_CONCURRENT_GC blocked 4ms
02-03 12:44:37.541 D/dalvikvm(15954): GC_CONCURRENT freed 3993K, 46% free 9480K/17536K, paused 0ms+1ms, total 5ms
02-03 12:44:37.541 D/dalvikvm(15954): WAIT_FOR_CONCURRENT_GC blocked 4ms
02-03 12:44:37.551 D/dalvikvm(15954): GC_CONCURRENT freed 4012K, 46% free 9482K/17536K, paused 0ms+1ms, total 5ms
02-03 12:44:37.551 D/dalvikvm(15954): WAIT_FOR_CONCURRENT_GC blocked 4ms
02-03 12:44:37.561 D/dalvikvm(15954): GC_CONCURRENT freed 4031K, 46% free 9485K/17536K, paused 1ms+1ms, total 6ms
02-03 12:44:37.561 D/dalvikvm(15954): WAIT_FOR_CONCURRENT_GC blocked 4ms
02-03 12:44:37.571 D/dalvikvm(15954): GC_CONCURRENT freed 4050K, 46% free 9488K/17536K, paused 1ms+1ms, total 6ms
02-03 12:44:37.571 D/dalvikvm(15954): WAIT_FOR_CONCURRENT_GC blocked 4ms
02-03 12:44:37.581 D/dalvikvm(15954): GC_CONCURRENT freed 4068K, 46% free 9490K/17536K, paused 0ms+1ms, total 6ms
02-03 12:44:37.581 D/dalvikvm(15954): WAIT_FOR_CONCURRENT_GC blocked 5ms
02-03 12:44:37.581 D/dalvikvm(15954): GC_CONCURRENT freed 4087K, 46% free 9493K/17536K, paused 1ms+1ms, total 5ms
02-03 12:44:37.581 D/dalvikvm(15954): WAIT_FOR_CONCURRENT_GC blocked 4ms
02-03 12:44:37.591 D/dalvikvm(15954): GC_FOR_ALLOC freed 3664K, 46% free 9641K/17536K, paused 4ms, total 4ms
02-03 12:44:37.601 D/dalvikvm(15954): GC_FOR_ALLOC freed 4123K, 47% free 9350K/17536K, paused 5ms, total 5ms
02-03 12:44:37.601 D/dalvikvm(15954): GC_FOR_ALLOC freed 3845K, 48% free 9205K/17536K, paused 4ms, total 4ms
02-03 12:44:37.611 D/dalvikvm(15954): GC_FOR_ALLOC freed 3415K, 45% free 9651K/17536K, paused 4ms, total 4ms
02-03 12:44:37.621 D/dalvikvm(15954): GC_FOR_ALLOC freed 4174K, 47% free 9356K/17536K, paused 4ms, total 4ms
02-03 12:44:37.621 D/dalvikvm(15954): GC_FOR_ALLOC freed 3893K, 48% free 9208K/17536K, paused 4ms, total 4ms
02-03 12:44:37.631 D/dalvikvm(15954): GC_FOR_ALLOC freed 3457K, 45% free 9660K/17536K, paused 4ms, total 4ms
02-03 12:44:37.641 D/dalvikvm(15954): GC_FOR_ALLOC freed 4226K, 47% free 9361K/17536K, paused 4ms, total 4ms
02-03 12:44:37.641 D/dalvikvm(15954): GC_FOR_ALLOC freed 3941K, 48% free 9212K/17536K, paused 4ms, total 4ms
02-03 12:44:37.651 D/dalvikvm(15954): GC_FOR_ALLOC freed 3500K, 45% free 9669K/17536K, paused 4ms, total 4ms
02-03 12:44:37.661 D/dalvikvm(15954): GC_CONCURRENT freed 4278K, 47% free 9367K/17536K, paused 1ms+1ms, total 5ms
02-03 12:44:37.661 D/dalvikvm(15954): WAIT_FOR_CONCURRENT_GC blocked 3ms
02-03 12:44:37.661 D/dalvikvm(15954): GC_FOR_ALLOC freed 3990K, 48% free 9216K/17536K, paused 4ms, total 4ms
02-03 12:44:37.671 D/dalvikvm(15954): GC_CONCURRENT freed 3542K, 45% free 9678K/17536K, paused 1ms+1ms, total 7ms
02-03 12:44:37.671 D/dalvikvm(15954): WAIT_FOR_CONCURRENT_GC blocked 5ms
02-03 12:44:37.681 D/dalvikvm(15954): GC_FOR_ALLOC freed 4330K, 47% free 9372K/17536K, paused 4ms, total 4ms
02-03 12:44:37.691 D/dalvikvm(15954): GC_CONCURRENT freed 3264K, 44% free 9993K/17536K, paused 1ms+1ms, total 6ms
02-03 12:44:37.691 D/dalvikvm(15954): WAIT_FOR_CONCURRENT_GC blocked 2ms
02-03 12:44:37.691 D/dalvikvm(15954): GC_FOR_ALLOC freed 4358K, 45% free 9688K/17536K, paused 4ms, total 4ms
02-03 12:44:37.701 D/dalvikvm(15954): GC_CONCURRENT freed 3290K, 41% free 10469K/17536K, paused 1ms+1ms, total 6ms
02-03 12:44:37.701 D/dalvikvm(15954): WAIT_FOR_CONCURRENT_GC blocked 1ms
02-03 12:44:37.711 D/dalvikvm(15954): GC_FOR_ALLOC freed 5177K, 48% free 9223K/17536K, paused 4ms, total 4ms
02-03 12:44:37.711 D/dalvikvm(15954): GC_FOR_ALLOC freed 3627K, 47% free 9381K/17536K, paused 4ms, total 4ms
02-03 12:44:37.721 D/dalvikvm(15954): GC_FOR_ALLOC freed 4116K, 48% free 9225K/17536K, paused 5ms, total 5ms
02-03 12:44:37.731 D/dalvikvm(15954): GC_FOR_ALLOC freed 3654K, 47% free 9385K/17536K, paused 4ms, total 4ms
02-03 12:44:37.731 D/dalvikvm(15954): GC_CONCURRENT freed 3828K, 46% free 9547K/17536K, paused 0ms+1ms, total 4ms
02-03 12:44:37.731 D/dalvikvm(15954): WAIT_FOR_CONCURRENT_GC blocked 4ms
02-03 12:44:37.741 D/dalvikvm(15954): GC_FOR_ALLOC freed 4001K, 47% free 9389K/17536K, paused 4ms, total 4ms
02-03 12:44:37.751 D/dalvikvm(15954): GC_CONCURRENT freed 3858K, 46% free 9552K/17536K, paused 0ms+1ms, total 4ms
02-03 12:44:37.751 D/dalvikvm(15954): WAIT_FOR_CONCURRENT_GC blocked 4ms
02-03 12:44:37.751 D/dalvikvm(15954): GC_FOR_ALLOC freed 4031K, 47% free 9392K/17536K, paused 4ms, total 4ms
02-03 12:44:37.761 D/dalvikvm(15954): GC_CONCURRENT freed 3887K, 46% free 9557K/17536K, paused 0ms+1ms, total 4ms
02-03 12:44:37.761 D/dalvikvm(15954): WAIT_FOR_CONCURRENT_GC blocked 4ms
02-03 12:44:37.771 D/dalvikvm(15954): GC_FOR_ALLOC freed 4061K, 47% free 9396K/17536K, paused 4ms, total 4ms
02-03 12:44:37.781 D/dalvikvm(15954): GC_CONCURRENT freed 3916K, 46% free 9562K/17536K, paused 0ms+1ms, total 4ms
02-03 12:44:37.781 D/dalvikvm(15954): WAIT_FOR_CONCURRENT_GC blocked 4ms
02-03 12:44:37.781 D/dalvikvm(15954): GC_FOR_ALLOC freed 4094K, 47% free 9400K/17536K, paused 4ms, total 4ms
02-03 12:44:37.791 D/dalvikvm(15954): GC_FOR_ALLOC freed 3452K, 45% free 9730K/17536K, paused 4ms, total 4ms
02-03 12:44:37.801 D/dalvikvm(15954): GC_FOR_ALLOC freed 4290K, 48% free 9239K/17536K, paused 4ms, total 4ms
02-03 12:44:37.801 D/dalvikvm(15954): GC_CONCURRENT freed 3808K, 47% free 9405K/17536K, paused 0ms+1ms, total 5ms
02-03 12:44:37.801 D/dalvikvm(15954): WAIT_FOR_CONCURRENT_GC blocked 5ms
02-03 12:44:37.811 D/dalvikvm(15954): GC_FOR_ALLOC freed 3487K, 45% free 9738K/17536K, paused 4ms, total 4ms
02-03 12:44:37.821 D/dalvikvm(15954): GC_FOR_ALLOC freed 4331K, 48% free 9242K/17536K, paused 4ms, total 4ms
02-03 12:44:37.821 D/dalvikvm(15954): GC_CONCURRENT freed 3842K, 47% free 9410K/17536K, paused 1ms+1ms, total 5ms
02-03 12:44:37.821 D/dalvikvm(15954): WAIT_FOR_CONCURRENT_GC blocked 4ms
02-03 12:44:37.831 D/dalvikvm(15954): GC_FOR_ALLOC freed 3519K, 45% free 9746K/17536K, paused 4ms, total 4ms
02-03 12:44:37.841 D/dalvikvm(15954): GC_FOR_ALLOC freed 4370K, 48% free 9245K/17536K, paused 4ms, total 5ms
02-03 12:44:37.841 D/dalvikvm(15954): GC_CONCURRENT freed 3876K, 47% free 9414K/17536K, paused 1ms+1ms, total 5ms
02-03 12:44:37.841 D/dalvikvm(15954): WAIT_FOR_CONCURRENT_GC blocked 4ms
02-03 12:44:37.851 D/dalvikvm(15954): GC_FOR_ALLOC freed 3552K, 45% free 9754K/17536K, paused 4ms, total 4ms
02-03 12:44:37.861 D/dalvikvm(15954): GC_CONCURRENT freed 4555K, 48% free 9248K/17536K, paused 1ms+1ms, total 5ms
02-03 12:44:37.861 D/dalvikvm(15954): WAIT_FOR_CONCURRENT_GC blocked 3ms
02-03 12:44:37.871 D/dalvikvm(15954): GC_FOR_ALLOC freed 3690K, 47% free 9449K/17536K, paused 4ms, total 4ms
02-03 12:44:37.871 D/dalvikvm(15954): GC_FOR_ALLOC freed 3768K, 47% free 9449K/17536K, paused 4ms, total 4ms
02-03 12:44:37.891 D/dalvikvm(15954): GC_FOR_ALLOC freed 2032K, 39% free 10724K/17536K, paused 4ms, total 4ms
02-03 12:44:37.931 W/BindingManager(18937): Cannot call determinedVisibility() - never saw a connection for the pid: 18937
02-03 12:44:37.961 D/dalvikvm(15954): GC_CONCURRENT freed 5859K, 49% free 8958K/17536K, paused 0ms+0ms, total 6ms
02-03 12:44:37.961 D/dalvikvm(15954): WAIT_FOR_CONCURRENT_GC blocked 5ms
02-03 12:44:37.981 D/dalvikvm(15954): GC_CONCURRENT freed 4032K, 49% free 9019K/17536K, paused 1ms+0ms, total 5ms
02-03 12:44:37.981 D/dalvikvm(15954): WAIT_FOR_CONCURRENT_GC blocked 4ms
02-03 12:44:37.981 D/dalvikvm(15954): GC_CONCURRENT freed 4077K, 49% free 8962K/17536K, paused 1ms+1ms, total 5ms
02-03 12:44:37.991 D/dalvikvm(15954): GC_CONCURRENT freed 3983K, 49% free 9054K/17536K, paused 1ms+0ms, total 6ms
02-03 12:44:37.991 D/dalvikvm(15954): WAIT_FOR_CONCURRENT_GC blocked 4ms
02-03 12:44:38.001 D/dalvikvm(15954): GC_CONCURRENT freed 4047K, 49% free 9054K/17536K, paused 0ms+1ms, total 6ms
02-03 12:44:38.001 D/dalvikvm(15954): WAIT_FOR_CONCURRENT_GC blocked 5ms
02-03 12:44:38.021 D/dalvikvm(15954): GC_FOR_ALLOC freed 4102K, 49% free 9000K/17536K, paused 8ms, total 8ms
02-03 12:44:38.031 D/dalvikvm(15954): GC_CONCURRENT freed 3693K, 48% free 9254K/17536K, paused 2ms+1ms, total 12ms
02-03 12:44:38.051 D/dalvikvm(15954): GC_CONCURRENT freed 4237K, 48% free 9145K/17536K, paused 2ms+1ms, total 11ms
02-03 12:44:38.071 D/dalvikvm(15954): GC_CONCURRENT freed 4153K, 49% free 9078K/17536K, paused 0ms+0ms, total 11ms
02-03 12:44:38.071 D/dalvikvm(15954): WAIT_FOR_CONCURRENT_GC blocked 11ms
02-03 12:44:38.081 D/dalvikvm(15954): GC_FOR_ALLOC freed 4137K, 49% free 9033K/17536K, paused 10ms, total 10ms
02-03 12:44:38.091 D/dalvikvm(15954): GC_CONCURRENT freed 0K, 48% free 9194K/17536K, paused 1ms+1ms, total 8ms
02-03 12:44:38.131 D/dalvikvm(15954): GC_CONCURRENT freed 4085K, 48% free 9185K/17536K, paused 2ms+1ms, total 33ms
02-03 12:44:38.131 D/dalvikvm(15954): WAIT_FOR_CONCURRENT_GC blocked 30ms
02-03 12:44:38.141 D/dalvikvm(15954): GC_CONCURRENT freed 4106K, 49% free 9095K/17536K, paused 0ms+1ms, total 4ms
02-03 12:44:38.141 D/dalvikvm(15954): WAIT_FOR_CONCURRENT_GC blocked 4ms
02-03 12:44:38.151 D/dalvikvm(15954): GC_FOR_ALLOC freed 4020K, 48% free 9140K/17536K, paused 4ms, total 4ms
02-03 12:44:38.151 D/dalvikvm(15954): GC_CONCURRENT freed 3999K, 48% free 9233K/17536K, paused 1ms+0ms, total 6ms
02-03 12:44:38.151 D/dalvikvm(15954): WAIT_FOR_CONCURRENT_GC blocked 2ms
02-03 12:44:38.161 D/dalvikvm(15954): GC_FOR_ALLOC freed 4133K, 48% free 9146K/17536K, paused 4ms, total 4ms
02-03 12:44:38.171 D/dalvikvm(15954): GC_CONCURRENT freed 3785K, 47% free 9397K/17536K, paused 1ms+1ms, total 6ms
02-03 12:44:38.171 D/dalvikvm(15954): WAIT_FOR_CONCURRENT_GC blocked 2ms
02-03 12:44:38.181 D/dalvikvm(15954): GC_FOR_ALLOC freed 4463K, 49% free 8995K/17536K, paused 5ms, total 5ms
02-03 12:44:38.181 D/dalvikvm(15954): GC_CONCURRENT freed 3539K, 47% free 9454K/17536K, paused 1ms+1ms, total 5ms
02-03 12:44:38.181 D/dalvikvm(15954): WAIT_FOR_CONCURRENT_GC blocked 1ms
02-03 12:44:38.191 D/dalvikvm(15954): GC_FOR_ALLOC freed 4284K, 48% free 9194K/17536K, paused 4ms, total 4ms
02-03 12:44:38.201 D/dalvikvm(15954): GC_CONCURRENT freed 3563K, 45% free 9648K/17536K, paused 0ms+1ms, total 5ms
02-03 12:44:38.201 D/dalvikvm(15954): WAIT_FOR_CONCURRENT_GC blocked 1ms
02-03 12:44:38.201 D/dalvikvm(15954): GC_FOR_ALLOC freed 4571K, 49% free 9082K/17536K, paused 4ms, total 4ms
02-03 12:44:38.211 D/dalvikvm(15954): GC_CONCURRENT freed 3686K, 47% free 9438K/17536K, paused 0ms+1ms, total 5ms
02-03 12:44:38.211 D/dalvikvm(15954): WAIT_FOR_CONCURRENT_GC blocked 1ms
02-03 12:44:38.221 D/dalvikvm(15954): GC_FOR_ALLOC freed 4429K, 49% free 9082K/17536K, paused 5ms, total 5ms
02-03 12:44:38.221 D/dalvikvm(15954): GC_CONCURRENT freed 3541K, 46% free 9518K/17536K, paused 1ms+1ms, total 6ms
02-03 12:44:38.221 D/dalvikvm(15954): WAIT_FOR_CONCURRENT_GC blocked 2ms
02-03 12:44:38.231 D/dalvikvm(15954): GC_FOR_ALLOC freed 4496K, 49% free 9083K/17536K, paused 4ms, total 4ms
02-03 12:44:38.241 D/dalvikvm(15954): GC_CONCURRENT freed 3689K, 47% free 9373K/17536K, paused 0ms+1ms, total 6ms
02-03 12:44:38.241 D/dalvikvm(15954): WAIT_FOR_CONCURRENT_GC blocked 2ms
02-03 12:44:38.241 D/dalvikvm(15954): GC_FOR_ALLOC freed 4213K, 48% free 9249K/17536K, paused 4ms, total 4ms
02-03 12:44:38.251 D/dalvikvm(15954): GC_CONCURRENT freed 3696K, 46% free 9518K/17536K, paused 1ms+1ms, total 6ms
02-03 12:44:38.251 D/dalvikvm(15954): WAIT_FOR_CONCURRENT_GC blocked 2ms
02-03 12:44:38.261 D/dalvikvm(15954): GC_FOR_ALLOC freed 4368K, 49% free 9044K/17536K, paused 4ms, total 4ms
02-03 12:44:38.261 D/dalvikvm(15954): GC_FOR_ALLOC freed 3963K, 49% free 9043K/17536K, paused 4ms, total 4ms
02-03 12:44:38.271 D/dalvikvm(15954): GC_FOR_ALLOC freed 4030K, 49% free 9041K/17536K, paused 4ms, total 4ms
02-03 12:44:38.281 D/dalvikvm(15954): GC_CONCURRENT freed 3736K, 47% free 9401K/17536K, paused 1ms+1ms, total 6ms
02-03 12:44:38.281 D/dalvikvm(15954): WAIT_FOR_CONCURRENT_GC blocked 1ms
02-03 12:44:38.281 D/dalvikvm(15954): GC_FOR_ALLOC freed 4151K, 48% free 9261K/17536K, paused 4ms, total 4ms
02-03 12:44:38.291 D/dalvikvm(15954): GC_CONCURRENT freed 3551K, 46% free 9590K/17536K, paused 1ms+1ms, total 6ms
02-03 12:44:38.291 D/dalvikvm(15954): WAIT_FOR_CONCURRENT_GC blocked 2ms
02-03 12:44:38.301 D/dalvikvm(15954): GC_FOR_ALLOC freed 4426K, 48% free 9142K/17536K, paused 4ms, total 4ms
02-03 12:44:38.301 D/dalvikvm(15954): GC_CONCURRENT freed 3266K, 44% free 9835K/17536K, paused 1ms+1ms, total 6ms
02-03 12:44:38.301 D/dalvikvm(15954): WAIT_FOR_CONCURRENT_GC blocked 2ms
02-03 12:44:38.311 D/dalvikvm(15954): GC_CONCURRENT freed 4626K, 48% free 9225K/17536K, paused 0ms+1ms, total 4ms
02-03 12:44:38.311 D/dalvikvm(15954): WAIT_FOR_CONCURRENT_GC blocked 4ms
02-03 12:44:38.321 D/dalvikvm(15954): GC_FOR_ALLOC freed 4070K, 49% free 9065K/17536K, paused 4ms, total 4ms
02-03 12:44:38.321 D/dalvikvm(15954): GC_FOR_ALLOC freed 3967K, 49% free 9063K/17536K, paused 5ms, total 5ms
02-03 12:44:38.331 D/dalvikvm(15954): GC_CONCURRENT freed 3852K, 48% free 9230K/17536K, paused 1ms+1ms, total 5ms
02-03 12:44:38.331 D/dalvikvm(15954): WAIT_FOR_CONCURRENT_GC blocked 4ms
02-03 12:44:38.341 D/dalvikvm(15954): GC_CONCURRENT freed 4068K, 48% free 9234K/17536K, paused 0ms+1ms, total 4ms
02-03 12:44:38.341 D/dalvikvm(15954): WAIT_FOR_CONCURRENT_GC blocked 4ms
02-03 12:44:38.341 D/dalvikvm(15954): GC_FOR_ALLOC freed 3872K, 47% free 9318K/17536K, paused 4ms, total 4ms
02-03 12:44:38.351 D/dalvikvm(15954): GC_FOR_ALLOC freed 4175K, 48% free 9148K/17536K, paused 4ms, total 4ms
02-03 12:44:38.361 D/dalvikvm(15954): GC_CONCURRENT freed 3455K, 45% free 9659K/17536K, paused 1ms+1ms, total 6ms
02-03 12:44:38.361 D/dalvikvm(15954): WAIT_FOR_CONCURRENT_GC blocked 2ms
02-03 12:44:38.361 D/dalvikvm(15954): GC_FOR_ALLOC freed 4435K, 48% free 9178K/17536K, paused 4ms, total 5ms
02-03 12:44:38.371 D/dalvikvm(15954): GC_CONCURRENT freed 3964K, 48% free 9270K/17536K, paused 1ms+1ms, total 5ms
02-03 12:44:38.371 D/dalvikvm(15954): WAIT_FOR_CONCURRENT_GC blocked 4ms
02-03 12:44:38.381 D/dalvikvm(15954): GC_FOR_ALLOC freed 4099K, 48% free 9180K/17536K, paused 4ms, total 4ms
02-03 12:44:38.381 D/dalvikvm(15954): GC_CONCURRENT freed 3337K, 45% free 9805K/17536K, paused 1ms+1ms, total 6ms
02-03 12:44:38.381 D/dalvikvm(15954): WAIT_FOR_CONCURRENT_GC blocked 2ms
02-03 12:44:38.391 D/dalvikvm(15954): GC_CONCURRENT freed 4537K, 48% free 9274K/17536K, paused 0ms+1ms, total 4ms
02-03 12:44:38.391 D/dalvikvm(15954): WAIT_FOR_CONCURRENT_GC blocked 4ms
02-03 12:44:38.401 D/dalvikvm(15954): GC_FOR_ALLOC freed 4045K, 49% free 9089K/17536K, paused 4ms, total 4ms
02-03 12:44:38.401 D/dalvikvm(15954): GC_FOR_ALLOC freed 3900K, 49% free 9087K/17536K, paused 4ms, total 4ms
02-03 12:44:38.411 D/dalvikvm(15954): GC_FOR_ALLOC freed 3938K, 49% free 9084K/17536K, paused 4ms, total 4ms
02-03 12:44:38.421 D/dalvikvm(15954): GC_CONCURRENT freed 3782K, 48% free 9276K/17536K, paused 0ms+1ms, total 4ms
02-03 12:44:38.421 D/dalvikvm(15954): WAIT_FOR_CONCURRENT_GC blocked 4ms
02-03 12:44:38.431 D/dalvikvm(15954): GC_FOR_ALLOC freed 4203K, 49% free 9084K/17536K, paused 4ms, total 4ms
02-03 12:44:38.431 D/dalvikvm(15954): GC_CONCURRENT freed 3573K, 46% free 9560K/17536K, paused 1ms+1ms, total 6ms
02-03 12:44:38.431 D/dalvikvm(15954): WAIT_FOR_CONCURRENT_GC blocked 2ms
02-03 12:44:38.441 D/dalvikvm(15954): GC_CONCURRENT freed 4367K, 48% free 9287K/17536K, paused 0ms+1ms, total 4ms
02-03 12:44:38.441 D/dalvikvm(15954): WAIT_FOR_CONCURRENT_GC blocked 4ms
02-03 12:44:38.451 D/dalvikvm(15954): GC_FOR_ALLOC freed 3829K, 47% free 9383K/17536K, paused 4ms, total 4ms
02-03 12:44:38.451 D/dalvikvm(15954): GC_FOR_ALLOC freed 4159K, 48% free 9186K/17536K, paused 4ms, total 4ms
02-03 12:44:38.461 D/dalvikvm(15954): GC_FOR_ALLOC freed 3997K, 49% free 9117K/17536K, paused 4ms, total 4ms
02-03 12:44:38.471 D/dalvikvm(15954): GC_FOR_ALLOC freed 3723K, 47% free 9420K/17536K, paused 4ms, total 4ms
02-03 12:44:38.471 D/dalvikvm(15954): GC_CONCURRENT freed 3560K, 44% free 9923K/17536K, paused 1ms+1ms, total 6ms
02-03 12:44:38.471 D/dalvikvm(15954): WAIT_FOR_CONCURRENT_GC blocked 2ms
02-03 12:44:38.481 D/dalvikvm(15954): GC_CONCURRENT freed 4597K, 47% free 9323K/17536K, paused 1ms+1ms, total 5ms
02-03 12:44:38.481 D/dalvikvm(15954): WAIT_FOR_CONCURRENT_GC blocked 4ms
02-03 12:44:38.491 D/dalvikvm(15954): GC_FOR_ALLOC freed 4029K, 48% free 9218K/17536K, paused 4ms, total 4ms
02-03 12:44:38.491 D/dalvikvm(15954): GC_CONCURRENT freed 3956K, 47% free 9326K/17536K, paused 1ms+1ms, total 5ms
02-03 12:44:38.491 D/dalvikvm(15954): WAIT_FOR_CONCURRENT_GC blocked 4ms
02-03 12:44:38.501 D/dalvikvm(15954): GC_FOR_ALLOC freed 4097K, 48% free 9220K/17536K, paused 5ms, total 5ms
02-03 12:44:38.501 D/dalvikvm(15954): GC_CONCURRENT freed 2966K, 43% free 10170K/17536K, paused 0ms+1ms, total 5ms
02-03 12:44:38.511 D/dalvikvm(15954): WAIT_FOR_CONCURRENT_GC blocked 3ms
02-03 12:44:38.511 D/dalvikvm(15954): GC_FOR_ALLOC freed 5005K, 49% free 9114K/17536K, paused 4ms, total 4ms
02-03 12:44:38.521 D/dalvikvm(15954): GC_FOR_ALLOC freed 3974K, 48% free 9223K/17536K, paused 4ms, total 4ms
02-03 12:44:38.521 D/dalvikvm(15954): GC_CONCURRENT freed 3033K, 42% free 10195K/17536K, paused 1ms+1ms, total 6ms
02-03 12:44:38.521 D/dalvikvm(15954): WAIT_FOR_CONCURRENT_GC blocked 2ms
02-03 12:44:38.531 D/dalvikvm(15954): GC_CONCURRENT freed 4895K, 47% free 9337K/17536K, paused 0ms+1ms, total 4ms
02-03 12:44:38.531 D/dalvikvm(15954): WAIT_FOR_CONCURRENT_GC blocked 3ms
02-03 12:44:38.541 D/dalvikvm(15954): GC_FOR_ALLOC freed 4065K, 49% free 9116K/17536K, paused 4ms, total 4ms
02-03 12:44:38.541 D/dalvikvm(15954): GC_FOR_ALLOC freed 3869K, 49% free 9118K/17536K, paused 4ms, total 4ms
02-03 12:44:38.551 D/dalvikvm(15954): GC_FOR_ALLOC freed 3895K, 48% free 9119K/17536K, paused 4ms, total 4ms
02-03 12:44:38.561 D/dalvikvm(15954): GC_FOR_ALLOC freed 3921K, 48% free 9121K/17536K, paused 5ms, total 5ms
02-03 12:44:38.561 D/dalvikvm(15954): GC_FOR_ALLOC freed 3947K, 48% free 9122K/17536K, paused 4ms, total 4ms
02-03 12:44:38.571 D/dalvikvm(15954): GC_CONCURRENT freed 3746K, 47% free 9352K/17536K, paused 0ms+1ms, total 4ms
02-03 12:44:38.571 D/dalvikvm(15954): WAIT_FOR_CONCURRENT_GC blocked 4ms
02-03 12:44:38.581 D/dalvikvm(15954): GC_FOR_ALLOC freed 4231K, 48% free 9121K/17536K, paused 4ms, total 4ms
02-03 12:44:38.591 D/dalvikvm(15954): GC_CONCURRENT freed 2070K, 42% free 10269K/17536K, paused 1ms+1ms, total 6ms
02-03 12:44:38.591 D/dalvikvm(15954): GC_FOR_ALLOC freed 5198K, 48% free 9120K/17536K, paused 5ms, total 5ms
02-03 12:44:38.601 D/dalvikvm(15954): GC_CONCURRENT freed 231K, 47% free 9467K/17536K, paused 1ms+2ms, total 6ms
02-03 12:44:38.621 D/dalvikvm(15954): GC_CONCURRENT freed 4076K, 46% free 9471K/17536K, paused 1ms+8ms, total 12ms
02-03 12:44:38.621 D/dalvikvm(15954): WAIT_FOR_CONCURRENT_GC blocked 11ms
02-03 12:44:38.621 D/dalvikvm(15954): GC_FOR_ALLOC freed 4105K, 48% free 9240K/17536K, paused 5ms, total 6ms
02-03 12:44:38.631 W/BindingManager(18937): Cannot call determinedVisibility() - never saw a connection for the pid: 18937
02-03 12:44:38.631 D/dalvikvm(15954): GC_FOR_ALLOC freed 3898K, 48% free 9125K/17536K, paused 5ms, total 5ms
02-03 12:44:38.641 D/dalvikvm(15954): GC_FOR_ALLOC freed 3565K, 46% free 9483K/17536K, paused 5ms, total 5ms
02-03 12:44:38.651 D/dalvikvm(15954): GC_FOR_ALLOC freed 4187K, 48% free 9248K/17536K, paused 5ms, total 5ms
02-03 12:44:38.661 D/dalvikvm(15954): GC_FOR_ALLOC freed 3975K, 48% free 9130K/17536K, paused 6ms, total 6ms
02-03 12:44:38.671 D/dalvikvm(15954): GC_CONCURRENT freed 3636K, 46% free 9495K/17536K, paused 1ms+2ms, total 7ms
02-03 12:44:38.681 D/dalvikvm(15954): GC_CONCURRENT freed 4269K, 48% free 9255K/17536K, paused 0ms+1ms, total 5ms
02-03 12:44:38.691 D/dalvikvm(15954): GC_FOR_ALLOC freed 4053K, 48% free 9135K/17536K, paused 5ms, total 6ms
02-03 12:44:38.701 D/dalvikvm(15954): GC_CONCURRENT freed 3707K, 46% free 9507K/17536K, paused 1ms+0ms, total 6ms
02-03 12:44:38.711 D/dalvikvm(15954): GC_FOR_ALLOC freed 4103K, 48% free 9138K/17536K, paused 5ms, total 5ms
02-03 12:44:38.721 D/dalvikvm(15954): GC_FOR_ALLOC freed 3752K, 48% free 9264K/17536K, paused 6ms, total 6ms
02-03 12:44:38.731 D/dalvikvm(15954): GC_CONCURRENT freed 3901K, 47% free 9393K/17536K, paused 1ms+1ms, total 6ms
02-03 12:44:38.731 D/dalvikvm(15954): WAIT_FOR_CONCURRENT_GC blocked 2ms
02-03 12:44:38.741 D/dalvikvm(15954): GC_FOR_ALLOC freed 4049K, 48% free 9268K/17536K, paused 5ms, total 5ms
02-03 12:44:38.741 D/dalvikvm(15954): GC_CONCURRENT freed 3946K, 47% free 9398K/17536K, paused 1ms+1ms, total 7ms
02-03 12:44:38.751 D/dalvikvm(15954): GC_FOR_ALLOC freed 4099K, 48% free 9273K/17536K, paused 4ms, total 4ms
02-03 12:44:38.761 D/dalvikvm(15954): GC_CONCURRENT freed 2708K, 41% free 10430K/17536K, paused 1ms+1ms, total 6ms
02-03 12:44:38.761 D/dalvikvm(15954): WAIT_FOR_CONCURRENT_GC blocked 2ms
02-03 12:44:38.761 D/dalvikvm(15954): GC_FOR_ALLOC freed 5171K, 48% free 9148K/17536K, paused 4ms, total 4ms
02-03 12:44:38.771 D/dalvikvm(15954): GC_CONCURRENT freed 3906K, 48% free 9280K/17536K, paused 0ms+1ms, total 6ms
02-03 12:44:38.771 D/dalvikvm(15954): WAIT_FOR_CONCURRENT_GC blocked 5ms
02-03 12:44:38.781 D/dalvikvm(15954): GC_FOR_ALLOC freed 3666K, 46% free 9543K/17536K, paused 4ms, total 4ms
02-03 12:44:38.791 D/dalvikvm(15954): GC_FOR_ALLOC freed 4345K, 48% free 9152K/17536K, paused 4ms, total 4ms
02-03 12:44:38.791 D/dalvikvm(15954): GC_FOR_ALLOC freed 3707K, 48% free 9154K/17536K, paused 4ms, total 4ms
02-03 12:44:38.801 D/dalvikvm(15954): GC_FOR_ALLOC freed 3725K, 48% free 9155K/17536K, paused 4ms, total 4ms
02-03 12:44:38.811 D/dalvikvm(15954): GC_FOR_ALLOC freed 3744K, 48% free 9156K/17536K, paused 4ms, total 4ms
02-03 12:44:38.811 D/dalvikvm(15954): GC_FOR_ALLOC freed 3763K, 48% free 9158K/17536K, paused 4ms, total 4ms
02-03 12:44:38.821 D/dalvikvm(15954): GC_FOR_ALLOC freed 3783K, 48% free 9159K/17536K, paused 4ms, total 4ms
02-03 12:44:38.831 D/dalvikvm(15954): GC_FOR_ALLOC freed 3802K, 48% free 9160K/17536K, paused 4ms, total 4ms
02-03 12:44:38.831 D/dalvikvm(15954): GC_FOR_ALLOC freed 3820K, 48% free 9162K/17536K, paused 4ms, total 4ms
02-03 12:44:38.841 D/dalvikvm(15954): GC_FOR_ALLOC freed 3839K, 48% free 9163K/17536K, paused 5ms, total 5ms
02-03 12:44:38.851 D/dalvikvm(15954): GC_FOR_ALLOC freed 3858K, 48% free 9164K/17536K, paused 4ms, total 4ms
02-03 12:44:38.851 D/dalvikvm(15954): GC_FOR_ALLOC freed 3877K, 48% free 9166K/17536K, paused 4ms, total 4ms
02-03 12:44:38.861 D/dalvikvm(15954): GC_FOR_ALLOC freed 3896K, 48% free 9167K/17536K, paused 4ms, total 4ms
02-03 12:44:38.861 D/dalvikvm(15954): GC_FOR_ALLOC freed 3914K, 48% free 9168K/17536K, paused 4ms, total 4ms
02-03 12:44:38.871 D/dalvikvm(15954): GC_FOR_ALLOC freed 3933K, 48% free 9170K/17536K, paused 4ms, total 4ms
02-03 12:44:38.881 D/dalvikvm(15954): GC_FOR_ALLOC freed 3952K, 48% free 9171K/17536K, paused 5ms, total 5ms
02-03 12:44:38.891 D/dalvikvm(15954): GC_CONCURRENT freed 3687K, 47% free 9457K/17536K, paused 1ms+1ms, total 5ms
02-03 12:44:38.891 D/dalvikvm(15954): WAIT_FOR_CONCURRENT_GC blocked 4ms
02-03 12:44:38.891 D/dalvikvm(15954): GC_CONCURRENT freed 3989K, 47% free 9459K/17536K, paused 1ms+1ms, total 5ms
02-03 12:44:38.891 D/dalvikvm(15954): WAIT_FOR_CONCURRENT_GC blocked 4ms
02-03 12:44:38.901 D/dalvikvm(15954): GC_CONCURRENT freed 4007K, 47% free 9462K/17536K, paused 1ms+1ms, total 5ms
02-03 12:44:38.901 D/dalvikvm(15954): WAIT_FOR_CONCURRENT_GC blocked 5ms
02-03 12:44:38.911 D/dalvikvm(15954): GC_CONCURRENT freed 4026K, 47% free 9464K/17536K, paused 1ms+1ms, total 5ms
02-03 12:44:38.911 D/dalvikvm(15954): WAIT_FOR_CONCURRENT_GC blocked 3ms
02-03 12:44:38.921 D/dalvikvm(15954): GC_CONCURRENT freed 4045K, 47% free 9467K/17536K, paused 1ms+1ms, total 5ms
02-03 12:44:38.921 D/dalvikvm(15954): WAIT_FOR_CONCURRENT_GC blocked 4ms
02-03 12:44:38.931 D/dalvikvm(15954): GC_CONCURRENT freed 4064K, 46% free 9470K/17536K, paused 1ms+1ms, total 5ms
02-03 12:44:38.931 D/dalvikvm(15954): WAIT_FOR_CONCURRENT_GC blocked 4ms
02-03 12:44:38.931 D/dalvikvm(15954): GC_CONCURRENT freed 4082K, 46% free 9472K/17536K, paused 1ms+1ms, total 5ms
02-03 12:44:38.931 D/dalvikvm(15954): WAIT_FOR_CONCURRENT_GC blocked 4ms
02-03 12:44:38.941 D/dalvikvm(15954): GC_FOR_ALLOC freed 3660K, 46% free 9621K/17536K, paused 4ms, total 4ms
02-03 12:44:38.951 D/dalvikvm(15954): GC_FOR_ALLOC freed 4118K, 47% free 9330K/17536K, paused 4ms, total 4ms
02-03 12:44:38.951 D/dalvikvm(15954): GC_FOR_ALLOC freed 3841K, 48% free 9184K/17536K, paused 4ms, total 4ms
02-03 12:44:38.961 D/dalvikvm(15954): GC_FOR_ALLOC freed 3411K, 46% free 9630K/17536K, paused 4ms, total 4ms
02-03 12:44:38.971 D/dalvikvm(15954): GC_FOR_ALLOC freed 4170K, 47% free 9335K/17536K, paused 4ms, total 4ms
02-03 12:44:38.971 D/dalvikvm(15954): GC_FOR_ALLOC freed 3889K, 48% free 9188K/17536K, paused 4ms, total 4ms
02-03 12:44:38.981 D/dalvikvm(15954): GC_FOR_ALLOC freed 3453K, 46% free 9639K/17536K, paused 4ms, total 4ms
02-03 12:44:38.991 D/dalvikvm(15954): GC_FOR_ALLOC freed 4222K, 47% free 9341K/17536K, paused 4ms, total 4ms
02-03 12:44:38.991 D/dalvikvm(15954): GC_FOR_ALLOC freed 3937K, 48% free 9192K/17536K, paused 4ms, total 4ms
02-03 12:44:39.001 D/dalvikvm(15954): GC_FOR_ALLOC freed 3496K, 45% free 9648K/17536K, paused 4ms, total 4ms
02-03 12:44:39.011 D/dalvikvm(15954): GC_CONCURRENT freed 4273K, 47% free 9347K/17536K, paused 0ms+1ms, total 5ms
02-03 12:44:39.011 D/dalvikvm(15954): WAIT_FOR_CONCURRENT_GC blocked 5ms
02-03 12:44:39.011 D/dalvikvm(15954): GC_FOR_ALLOC freed 3986K, 48% free 9195K/17536K, paused 4ms, total 4ms
02-03 12:44:39.021 D/dalvikvm(15954): GC_CONCURRENT freed 3538K, 45% free 9658K/17536K, paused 1ms+1ms, total 5ms
02-03 12:44:39.021 D/dalvikvm(15954): WAIT_FOR_CONCURRENT_GC blocked 4ms
02-03 12:44:39.031 D/dalvikvm(15954): GC_CONCURRENT freed 4325K, 47% free 9352K/17536K, paused 1ms+1ms, total 5ms
02-03 12:44:39.031 D/dalvikvm(15954): WAIT_FOR_CONCURRENT_GC blocked 5ms
02-03 12:44:39.041 D/dalvikvm(15954): GC_FOR_ALLOC freed 4034K, 48% free 9199K/17536K, paused 4ms, total 4ms
02-03 12:44:39.041 D/dalvikvm(15954): GC_FOR_ALLOC freed 3581K, 45% free 9667K/17536K, paused 4ms, total 4ms
02-03 12:44:39.051 D/dalvikvm(15954): GC_CONCURRENT freed 3286K, 41% free 10448K/17536K, paused 1ms+1ms, total 6ms
02-03 12:44:39.051 D/dalvikvm(15954): WAIT_FOR_CONCURRENT_GC blocked 1ms
02-03 12:44:39.061 D/dalvikvm(15954): GC_FOR_ALLOC freed 5172K, 48% free 9203K/17536K, paused 4ms, total 4ms
02-03 12:44:39.061 D/dalvikvm(15954): GC_FOR_ALLOC freed 3623K, 47% free 9361K/17536K, paused 4ms, total 4ms
02-03 12:44:39.071 D/dalvikvm(15954): GC_FOR_ALLOC freed 4112K, 48% free 9205K/17536K, paused 4ms, total 4ms
02-03 12:44:39.081 D/dalvikvm(15954): GC_FOR_ALLOC freed 3650K, 47% free 9364K/17536K, paused 4ms, total 4ms
02-03 12:44:39.081 D/dalvikvm(15954): GC_CONCURRENT freed 3824K, 46% free 9526K/17536K, paused 1ms+1ms, total 5ms
02-03 12:44:39.081 D/dalvikvm(15954): WAIT_FOR_CONCURRENT_GC blocked 4ms
02-03 12:44:39.091 D/dalvikvm(15954): GC_FOR_ALLOC freed 3997K, 47% free 9368K/17536K, paused 4ms, total 4ms
02-03 12:44:39.101 D/dalvikvm(15954): GC_CONCURRENT freed 3854K, 46% free 9531K/17536K, paused 0ms+1ms, total 5ms
02-03 12:44:39.101 D/dalvikvm(15954): WAIT_FOR_CONCURRENT_GC blocked 4ms
02-03 12:44:39.101 D/dalvikvm(15954): GC_FOR_ALLOC freed 4027K, 47% free 9372K/17536K, paused 4ms, total 4ms
02-03 12:44:39.111 D/dalvikvm(15954): GC_CONCURRENT freed 3883K, 46% free 9536K/17536K, paused 1ms+1ms, total 6ms
02-03 12:44:39.111 D/dalvikvm(15954): WAIT_FOR_CONCURRENT_GC blocked 4ms
02-03 12:44:39.121 D/dalvikvm(15954): GC_FOR_ALLOC freed 4057K, 47% free 9375K/17536K, paused 4ms, total 4ms
02-03 12:44:39.131 D/dalvikvm(15954): GC_CONCURRENT freed 3912K, 46% free 9541K/17536K, paused 1ms+1ms, total 5ms
02-03 12:44:39.131 D/dalvikvm(15954): WAIT_FOR_CONCURRENT_GC blocked 3ms
02-03 12:44:39.131 D/dalvikvm(15954): GC_FOR_ALLOC freed 4089K, 47% free 9379K/17536K, paused 4ms, total 4ms
02-03 12:44:39.141 D/dalvikvm(15954): GC_FOR_ALLOC freed 3448K, 45% free 9709K/17536K, paused 4ms, total 4ms
02-03 12:44:39.151 D/dalvikvm(15954): GC_FOR_ALLOC freed 4286K, 48% free 9219K/17536K, paused 4ms, total 4ms
02-03 12:44:39.151 D/dalvikvm(15954): GC_CONCURRENT freed 3804K, 47% free 9385K/17536K, paused 0ms+0ms, total 5ms
02-03 12:44:39.151 D/dalvikvm(15954): WAIT_FOR_CONCURRENT_GC blocked 4ms
02-03 12:44:39.161 D/dalvikvm(15954): GC_FOR_ALLOC freed 3484K, 45% free 9718K/17536K, paused 4ms, total 4ms
02-03 12:44:39.171 D/dalvikvm(15954): GC_FOR_ALLOC freed 4327K, 48% free 9222K/17536K, paused 6ms, total 6ms
02-03 12:44:39.181 D/dalvikvm(15954): GC_CONCURRENT freed 3839K, 47% free 9389K/17536K, paused 0ms+1ms, total 6ms
02-03 12:44:39.181 D/dalvikvm(15954): WAIT_FOR_CONCURRENT_GC blocked 6ms
02-03 12:44:39.201 D/dalvikvm(15954): GC_FOR_ALLOC freed 3516K, 45% free 9725K/17536K, paused 13ms, total 13ms
02-03 12:44:39.201 D/dalvikvm(15954): GC_FOR_ALLOC freed 4366K, 48% free 9225K/17536K, paused 5ms, total 6ms
02-03 12:44:39.211 D/dalvikvm(15954): GC_CONCURRENT freed 3873K, 47% free 9394K/17536K, paused 0ms+1ms, total 6ms
02-03 12:44:39.211 D/dalvikvm(15954): WAIT_FOR_CONCURRENT_GC blocked 4ms
02-03 12:44:39.221 W/BindingManager(18937): Cannot call determinedVisibility() - never saw a connection for the pid: 18937
02-03 12:44:39.221 D/dalvikvm(15954): GC_FOR_ALLOC freed 3548K, 45% free 9733K/17536K, paused 7ms, total 7ms
02-03 12:44:39.241 D/dalvikvm(15954): GC_FOR_ALLOC freed 4432K, 48% free 9229K/17536K, paused 5ms, total 6ms
02-03 12:44:39.251 I/chromium(18937): [INFO:CONSOLE(46)] "Uncaught ReferenceError: SharedWorker is not defined", source: app://org.xwalk.webapi_noneservice_tests//opt/tct-workers-w3c-tests/workers/SharedWorkerGlobalScope_name.html (46)
02-03 12:44:39.251 D/dalvikvm(15954): GC_FOR_ALLOC freed 3765K, 47% free 9406K/17536K, paused 7ms, total 7ms
02-03 12:44:39.261 D/dalvikvm(15954): GC_FOR_ALLOC freed 3757K, 47% free 9417K/17536K, paused 5ms, total 5ms
02-03 12:44:39.271 D/dalvikvm(15954): GC_FOR_ALLOC freed 3264K, 45% free 9692K/17536K, paused 5ms, total 5ms
02-03 12:44:39.341 D/dalvikvm(15954): GC_FOR_ALLOC freed 4454K, 48% free 9202K/17536K, paused 4ms, total 5ms
02-03 12:44:41.061 D/wpa_supplicant(14816): wlan0: Starting AP scan for wildcard SSID
02-03 12:44:41.061 D/wpa_supplicant(14816): WPS: Building WPS IE for Probe Request
02-03 12:44:41.061 D/wpa_supplicant(14816): WPS:  * Version (hardcoded 0x10)
02-03 12:44:41.061 D/wpa_supplicant(14816): WPS:  * Request Type
02-03 12:44:41.061 D/wpa_supplicant(14816): WPS:  * Config Methods (4288)
02-03 12:44:41.061 D/wpa_supplicant(14816): WPS:  * UUID-E
02-03 12:44:41.061 D/wpa_supplicant(14816): WPS:  * Primary Device Type
02-03 12:44:41.061 D/wpa_supplicant(14816): WPS:  * RF Bands (1)
02-03 12:44:41.061 D/wpa_supplicant(14816): WPS:  * Association State
02-03 12:44:41.061 D/wpa_supplicant(14816): WPS:  * Configuration Error (0)
02-03 12:44:41.061 D/wpa_supplicant(14816): WPS:  * Device Password ID (0)
02-03 12:44:41.061 D/wpa_supplicant(14816): WPS:  * Manufacturer
02-03 12:44:41.061 D/wpa_supplicant(14816): WPS:  * Model Name
02-03 12:44:41.061 D/wpa_supplicant(14816): WPS:  * Model Number
02-03 12:44:41.061 D/wpa_supplicant(14816): WPS:  * Device Name
02-03 12:44:41.061 D/wpa_supplicant(14816): WPS:  * Version2 (0x20)
02-03 12:44:41.061 D/wpa_supplicant(14816): P2P: * P2P IE header
02-03 12:44:41.061 D/wpa_supplicant(14816): P2P: * Capability dev=25 group=00
02-03 12:44:41.061 D/wpa_supplicant(14816): P2P: * Listen Channel: Regulatory Class 81 Channel 6
02-03 12:44:41.061 D/wpa_supplicant(14816): wlan0: nl80211: scan request
02-03 12:44:41.121 D/wpa_supplicant(14816): Scan requested (ret=0) - scan timeout 30 seconds
02-03 12:44:41.121 D/wpa_supplicant(14816): nl80211: Drv Event 33 (NL80211_CMD_TRIGGER_SCAN) received for wlan0
02-03 12:44:41.121 D/wpa_supplicant(14816): wlan0: nl80211: Scan trigger
02-03 12:44:42.251 D/wpa_supplicant(14816): nl80211: Drv Event 34 (NL80211_CMD_NEW_SCAN_RESULTS) received for wlan0
02-03 12:44:42.251 D/wpa_supplicant(14816): wlan0: nl80211: New scan results available
02-03 12:44:42.251 D/wpa_supplicant(14816): wlan0: Event SCAN_RESULTS (3) received
02-03 12:44:42.251 D/wpa_supplicant(14816): nl80211: Received scan results (26 BSSes)
02-03 12:44:42.251 D/wpa_supplicant(14816): nl80211: Survey data missing
02-03 12:44:42.251 D/wpa_supplicant(14816): wlan0: BSS: Start scan result update 29
02-03 12:44:42.251 D/wpa_supplicant(14816): wlan0: BSS: Add new id 94 BSSID 14:d6:4d:28:ef:c8 SSID 'dlink'
02-03 12:44:42.251 D/wpa_supplicant(14816): CTRL_IFACE monitor send - hexdump(len=41): 2f 64 61 74 61 2f 6d 69 73 63 2f 77 69 66 69 2f 73 6f 63 6b 65 74 73 2f 77 70 61 5f 63 74 72 6c ...
02-03 12:44:42.251 D/wpa_supplicant(14816): wlan0: BSS: Add new id 95 BSSID 8c:be:be:01:00:49 SSID 'xmw'
02-03 12:44:42.251 D/wpa_supplicant(14816): CTRL_IFACE monitor send - hexdump(len=41): 2f 64 61 74 61 2f 6d 69 73 63 2f 77 69 66 69 2f 73 6f 63 6b 65 74 73 2f 77 70 61 5f 63 74 72 6c ...
02-03 12:44:42.251 D/wpa_supplicant(14816): wlan0: BSS: Add new id 96 BSSID 02:09:4c:92:72:80 SSID 'DIRECT-'
02-03 12:44:42.251 D/wpa_supplicant(14816): CTRL_IFACE monitor send - hexdump(len=41): 2f 64 61 74 61 2f 6d 69 73 63 2f 77 69 66 69 2f 73 6f 63 6b 65 74 73 2f 77 70 61 5f 63 74 72 6c ...
02-03 12:44:42.251 D/wpa_supplicant(14816): wlan0: BSS: Remove id 75 BSSID 22:48:9a:ac:31:7f SSID 'WiFi874' due to no match in scan
02-03 12:44:42.251 D/wpa_supplicant(14816): CTRL_IFACE monitor send - hexdump(len=41): 2f 64 61 74 61 2f 6d 69 73 63 2f 77 69 66 69 2f 73 6f 63 6b 65 74 73 2f 77 70 61 5f 63 74 72 6c ...
02-03 12:44:42.251 D/wpa_supplicant(14816): wlan0: BSS: Remove id 71 BSSID f4:b7:e2:2b:41:b7 SSID 'cmscc' due to no match in scan
02-03 12:44:42.251 D/wpa_supplicant(14816): CTRL_IFACE monitor send - hexdump(len=41): 2f 64 61 74 61 2f 6d 69 73 63 2f 77 69 66 69 2f 73 6f 63 6b 65 74 73 2f 77 70 61 5f 63 74 72 6c ...
02-03 12:44:42.251 D/wpa_supplicant(14816): BSS: last_scan_res_used=26/32 last_scan_full=0
02-03 12:44:42.251 D/wpa_supplicant(14816): wlan0: New scan results available
02-03 12:44:42.251 D/wpa_supplicant(14816): CTRL_IFACE monitor send - hexdump(len=41): 2f 64 61 74 61 2f 6d 69 73 63 2f 77 69 66 69 2f 73 6f 63 6b 65 74 73 2f 77 70 61 5f 63 74 72 6c ...
02-03 12:44:42.251 D/wpa_supplicant(14816): CTRL_IFACE monitor send - hexdump(len=41): 2f 64 61 74 61 2f 6d 69 73 63 2f 77 69 66 69 2f 73 6f 63 6b 65 74 73 2f 77 70 61 5f 63 74 72 6c ...
02-03 12:44:42.251 D/wpa_supplicant(14816): Authorize channel 1
02-03 12:44:42.251 D/wpa_supplicant(14816): Authorize channel 2
02-03 12:44:42.251 D/wpa_supplicant(14816): Authorize channel 3
02-03 12:44:42.251 D/wpa_supplicant(14816): Authorize channel 4
02-03 12:44:42.251 D/wpa_supplicant(14816): Authorize channel 5
02-03 12:44:42.251 D/wpa_supplicant(14816): Authorize channel 6
02-03 12:44:42.251 D/wpa_supplicant(14816): Authorize channel 7
02-03 12:44:42.251 D/wpa_supplicant(14816): Authorize channel 8
02-03 12:44:42.251 D/wpa_supplicant(14816): Authorize channel 9
02-03 12:44:42.251 D/wpa_supplicant(14816): Authorize channel 10
02-03 12:44:42.251 D/wpa_supplicant(14816): Authorize channel 11
02-03 12:44:42.251 D/wpa_supplicant(14816): Authorize channel 12
02-03 12:44:42.251 D/wpa_supplicant(14816): Authorize channel 13
02-03 12:44:42.251 D/wpa_supplicant(14816): Authorize channel 1
02-03 12:44:42.251 D/wpa_supplicant(14816): Authorize channel 2
02-03 12:44:42.251 D/wpa_supplicant(14816): Authorize channel 3
02-03 12:44:42.251 D/wpa_supplicant(14816): Authorize channel 4
02-03 12:44:42.251 D/wpa_supplicant(14816): Authorize channel 5
02-03 12:44:42.251 D/wpa_supplicant(14816): Authorize channel 6
02-03 12:44:42.251 D/wpa_supplicant(14816): Authorize channel 7
02-03 12:44:42.251 D/wpa_supplicant(14816): Authorize channel 8
02-03 12:44:42.251 D/wpa_supplicant(14816): Authorize channel 9
02-03 12:44:42.251 D/wpa_supplicant(14816): Authorize channel 10
02-03 12:44:42.251 D/wpa_supplicant(14816): Authorize channel 11
02-03 12:44:42.251 D/wpa_supplicant(14816): Authorize channel 12
02-03 12:44:42.251 D/wpa_supplicant(14816): Authorize channel 13
02-03 12:44:42.251 D/wpa_supplicant(14816): Add access point on channel 6
02-03 12:44:42.251 D/wpa_supplicant(14816): Add access point on channel 6
02-03 12:44:42.251 D/wpa_supplicant(14816): Add access point on channel 11
02-03 12:44:42.251 D/wpa_supplicant(14816): Add access point on channel 11
02-03 12:44:42.251 D/wpa_supplicant(14816): Add access point on channel 6
02-03 12:44:42.251 D/wpa_supplicant(14816): Add access point on channel 11
02-03 12:44:42.251 D/wpa_supplicant(14816): Add access point on channel 3
02-03 12:44:42.251 D/wpa_supplicant(14816): Add access point on channel 1
02-03 12:44:42.251 D/wpa_supplicant(14816): Add access point on channel 1
02-03 12:44:42.251 D/wpa_supplicant(14816): Add access point on channel 11
02-03 12:44:42.251 D/wpa_supplicant(14816): Add access point on channel 11
02-03 12:44:42.251 D/wpa_supplicant(14816): Add access point on channel 6
02-03 12:44:42.251 D/wpa_supplicant(14816): Add access point on channel 11
02-03 12:44:42.251 D/wpa_supplicant(14816): Add access point on channel 1
02-03 12:44:42.251 D/wpa_supplicant(14816): Add access point on channel 11
02-03 12:44:42.251 D/wpa_supplicant(14816): Add access point on channel 6
02-03 12:44:42.251 D/wpa_supplicant(14816): Add access point on channel 4
02-03 12:44:42.251 D/wpa_supplicant(14816): Add access point on channel 6
02-03 12:44:42.251 D/wpa_supplicant(14816): Add access point on channel 1
02-03 12:44:42.251 D/wpa_supplicant(14816): Add access point on channel 6
02-03 12:44:42.251 D/wpa_supplicant(14816): Add access point on channel 11
02-03 12:44:42.251 D/wpa_supplicant(14816): Add access point on channel 1
02-03 12:44:42.251 D/wpa_supplicant(14816): Add access point on channel 2
02-03 12:44:42.251 D/wpa_supplicant(14816): Add access point on channel 6
02-03 12:44:42.251 D/wpa_supplicant(14816): Add access point on channel 6
02-03 12:44:42.251 D/wpa_supplicant(14816): Add access point on channel 11
02-03 12:44:42.251 D/wpa_supplicant(14816): Add access point on channel 6
02-03 12:44:42.251 D/wpa_supplicant(14816): Add access point on channel 8
02-03 12:44:42.251 D/wpa_supplicant(14816): Add access point on channel 6
02-03 12:44:42.251 D/wpa_supplicant(14816): Add access point on channel 6
02-03 12:44:42.251 D/wpa_supplicant(14816): Add access point on channel 1
02-03 12:44:42.251 D/wpa_supplicant(14816): Add access point on channel 1
02-03 12:44:42.251 I/WifiHW  (14542): EVENT: IFNAME=wlan0 CTRL-EVENT-BSS-ADDED 94 14:d6:4d:28:ef:c8
02-03 12:44:42.251 D/wpa_supplicant(14816): Best Operating channel is = 11
02-03 12:44:42.251 I/WifiHW  (14542): EVENT: IFNAME=wlan0 CTRL-EVENT-BSS-ADDED 95 8c:be:be:01:00:49
02-03 12:44:42.251 D/wpa_supplicant(14816): WPS: AP[0] f8:d1:11:e7:99:e8 type=0 tries=0 last_attempt=-1 sec ago blacklist=0
02-03 12:44:42.251 I/WifiHW  (14542): EVENT: IFNAME=wlan0 CTRL-EVENT-BSS-ADDED 96 02:09:4c:92:72:80
02-03 12:44:42.251 D/wpa_supplicant(14816): WPS: AP[1] 44:94:fc:3d:da:38 type=0 tries=0 last_attempt=-1 sec ago blacklist=0
02-03 12:44:42.251 D/wpa_supplicant(14816): WPS: AP[2] cc:34:29:2b:26:4c type=0 tries=0 last_attempt=-1 sec ago blacklist=0
02-03 12:44:42.251 D/wpa_supplicant(14816): WPS: AP[3] 10:c3:7b:d2:e5:e0 type=0 tries=0 last_attempt=-1 sec ago blacklist=0
02-03 12:44:42.251 D/wpa_supplicant(14816): WPS: AP[4] cc:34:29:2c:fb:ec type=0 tries=0 last_attempt=-1 sec ago blacklist=0
02-03 12:44:42.251 D/wpa_supplicant(14816): WPS: AP[5] 98:fc:11:81:35:fb type=0 tries=0 last_attempt=-1 sec ago blacklist=0
02-03 12:44:42.251 D/wpa_supplicant(14816): WPS: AP[6] b0:48:7a:20:66:6a type=0 tries=0 last_attempt=-1 sec ago blacklist=0
02-03 12:44:42.251 I/WifiHW  (14542): EVENT: IFNAME=wlan0 CTRL-EVENT-BSS-REMOVED 75 22:48:9a:ac:31:7f
02-03 12:44:42.251 D/wpa_supplicant(14816): WPS: AP[7] c0:c1:c0:76:81:3c type=0 tries=0 last_attempt=-1 sec ago blacklist=0
02-03 12:44:42.251 D/wpa_supplicant(14816): WPS: AP[8] 14:d6:4d:28:ef:c8 type=0 tries=0 last_attempt=-1 sec ago blacklist=0
02-03 12:44:42.251 D/wpa_supplicant(14816): WPS: AP[9] b0:48:7a:51:ff:cc type=0 tries=0 last_attempt=-1 sec ago blacklist=0
02-03 12:44:42.251 D/wpa_supplicant(14816): WPS: AP[10] bc:ee:7b:97:78:35 type=0 tries=0 last_attempt=-1 sec ago blacklist=0
02-03 12:44:42.251 D/wpa_supplicant(14816): WPS: AP[11] c0:a0:bb:20:3b:84 type=0 tries=0 last_attempt=-1 sec ago blacklist=0
02-03 12:44:42.251 D/wpa_supplicant(14816): WPS: AP[12] c8:d7:19:60:62:f2 type=0 tries=0 last_attempt=-1 sec ago blacklist=0
02-03 12:44:42.251 D/wpa_supplicant(14816): WPS: AP[13] 2c:b0:5d:7f:f4:24 type=0 tries=0 last_attempt=-1 sec ago blacklist=0
02-03 12:44:42.251 I/WifiHW  (14542): EVENT: IFNAME=wlan0 CTRL-EVENT-BSS-REMOVED 71 f4:b7:e2:2b:41:b7
02-03 12:44:42.251 I/WifiHW  (14542): EVENT: IFNAME=wlan0 CTRL-EVENT-SCAN-RESULTS 
02-03 12:44:42.251 I/WifiHW  (14542): EVENT: IFNAME=wlan0 WPS-AP-AVAILABLE 
02-03 12:44:42.251 D/wpa_supplicant(14816): WPS: AP[14] e4:d3:32:36:2e:54 type=0 tries=0 last_attempt=-1 sec ago blacklist=0
02-03 12:44:42.251 D/wpa_supplicant(14816): WPS: AP[15] 4c:e6:76:a5:4d:e0 type=0 tries=0 last_attempt=-1 sec ago blacklist=0
02-03 12:44:42.251 D/wpa_supplicant(14816): WPS: AP[16] ac:f1:df:cf:85:c0 type=0 tries=0 last_attempt=-1 sec ago blacklist=0
02-03 12:44:42.251 D/wpa_supplicant(14816): wlan0: Selecting BSS from priority group 24
02-03 12:44:42.251 D/wpa_supplicant(14816): wlan0: 0: 6c:8b:2f:e9:d1:da ssid='ZTE_AP_1640' wpa_ie_len=0 rsn_ie_len=20 caps=0x511 level=-40
02-03 12:44:42.251 D/wpa_supplicant(14816): wlan0:    skip - disabled
02-03 12:44:42.251 D/wpa_supplicant(14816): wlan0: 1: f8:d1:11:e7:99:e8 ssid='videotest' wpa_ie_len=22 rsn_ie_len=20 caps=0x531 level=-48 wps
02-03 12:44:42.251 D/wpa_supplicant(14816): wlan0:    skip - disabled
02-03 12:44:42.251 D/wpa_supplicant(14816): wlan0: 2: 02:1a:11:f2:bf:af ssid='Android' wpa_ie_len=0 rsn_ie_len=20 caps=0x511 level=-52
02-03 12:44:42.251 D/wpa_supplicant(14816): wlan0:    skip - disabled
02-03 12:44:42.251 D/wpa_supplicant(14816): wlan0: 3: cc:34:29:2b:26:4c ssid='cws-test' wpa_ie_len=0 rsn_ie_len=20 caps=0x431 level=-56 wps
02-03 12:44:42.251 D/wpa_supplicant(14816): wlan0:    skip - disabled
02-03 12:44:42.251 D/wpa_supplicant(14816): wlan0: 4: 44:94:fc:3d:da:38 ssid='6300' wpa_ie_len=0 rsn_ie_len=20 caps=0x411 level=-57 wps
02-03 12:44:42.251 D/wpa_supplicant(14816): wlan0:    skip - disabled
02-03 12:44:42.251 D/wpa_supplicant(14816): wlan0: 5: b0:48:7a:20:66:6a ssid='TP-LINK_20666A' wpa_ie_len=22 rsn_ie_len=20 caps=0x431 level=-58 wps
02-03 12:44:42.251 D/wpa_supplicant(14816): wlan0:    skip - disabled
02-03 12:44:42.251 D/wpa_supplicant(14816): wlan0: 6: 10:c3:7b:d2:e5:e0 ssid='ASUS_RT-AC66U-2.4G' wpa_ie_len=0 rsn_ie_len=20 caps=0x411 level=-63 wps
02-03 12:44:42.251 D/wpa_supplicant(14816): wlan0:    skip - disabled
02-03 12:44:42.251 D/wpa_supplicant(14816): wlan0: 7: 98:fc:11:81:35:fb ssid='E2000E' wpa_ie_len=0 rsn_ie_len=20 caps=0x411 level=-63 wps
02-03 12:44:42.251 D/wpa_supplicant(14816): wlan0:    skip - disabled
02-03 12:44:42.251 D/wpa_supplicant(14816): wlan0: 8: 90:94:e4:03:45:f5 ssid='2553q' wpa_ie_len=0 rsn_ie_len=24 caps=0x431 level=-63
02-03 12:44:42.251 D/wpa_supplicant(14816): wlan0:    skip - disabled
02-03 12:44:42.251 D/wpa_supplicant(14816): wlan0: 9: bc:ee:7b:97:78:35 ssid='ASUS' wpa_ie_len=0 rsn_ie_len=20 caps=0x411 level=-64 wps
02-03 12:44:42.251 D/wpa_supplicant(14816): wlan0:    skip - disabled
02-03 12:44:42.251 D/wpa_supplicant(14816): wlan0: 10: c0:c1:c0:76:81:3c ssid='E2000' wpa_ie_len=0 rsn_ie_len=20 caps=0x411 level=-64 wps
02-03 12:44:42.251 D/wpa_supplicant(14816): wlan0:    skip - disabled
02-03 12:44:42.251 D/wpa_supplicant(14816): wlan0: 11: c8:d7:19:60:62:f2 ssid='E3000-2.4G' wpa_ie_len=0 rsn_ie_len=20 caps=0x411 level=-67 wps
02-03 12:44:42.251 D/wpa_supplicant(14816): wlan0:    skip - disabled
02-03 12:44:42.251 D/wpa_supplicant(14816): wlan0: 12: 00:0f:e2:0f:9f:c1 ssid='321_WAN' wpa_ie_len=28 rsn_ie_len=24 caps=0x411 level=-68
02-03 12:44:42.251 D/wpa_supplicant(14816): wlan0:    skip - disabled
02-03 12:44:42.251 D/wpa_supplicant(14816): wlan0: 13: cc:34:29:2c:fb:ec ssid='linksys' wpa_ie_len=22 rsn_ie_len=20 caps=0x431 level=-68 wps
02-03 12:44:42.251 D/wpa_supplicant(14816): wlan0:    skip - disabled
02-03 12:44:42.251 D/wpa_supplicant(14816): wlan0: 14: 00:1e:67:80:ac:37 ssid='AndroidAP aaa' wpa_ie_len=0 rsn_ie_len=20 caps=0x1511 level=-68
02-03 12:44:42.251 D/wpa_supplicant(14816): wlan0:    skip - disabled
02-03 12:44:42.251 D/wpa_supplicant(14816): wlan0: 15: 80:1f:02:43:fb:e8 ssid='Edimax AP' wpa_ie_len=0 rsn_ie_len=20 caps=0x411 level=-68
02-03 12:44:42.251 D/wpa_supplicant(14816): wlan0:    skip - disabled
02-03 12:44:42.251 D/wpa_supplicant(14816): wlan0: 16: 14:d6:4d:28:ef:c8 ssid='dlink' wpa_ie_len=0 rsn_ie_len=20 caps=0x431 level=-69 wps
02-03 12:44:42.251 D/wpa_supplicant(14816): wlan0:    skip - disabled
02-03 12:44:42.251 D/wpa_supplicant(14816): wlan0: 17: c0:a0:bb:20:3b:84 ssid='dlink-3B84' wpa_ie_len=26 rsn_ie_len=24 caps=0x411 level=-69 wps
02-03 12:44:42.251 D/wpa_supplicant(14816): wlan0:    skip - disabled
02-03 12:44:42.251 D/wpa_supplicant(14816): wlan0: 18: 02:1a:11:fc:c3:59 ssid='test only' wpa_ie_len=0 rsn_ie_len=20 caps=0x431 level=-70
02-03 12:44:42.251 D/wpa_supplicant(14816): wlan0:    skip - disabled
02-03 12:44:42.251 D/wpa_supplicant(14816): wlan0: 19: 02:1a:11:f6:67:da ssid='love U forever' wpa_ie_len=0 rsn_ie_len=20 caps=0x431 level=-71
02-03 12:44:42.251 I/WifiHW  (14542): CMD: IFNAME=wlan0 BSS RANGE=0- MASK=0x21987
02-03 12:44:42.251 D/wpa_supplicant(14816): wlan0:    skip - disabled
02-03 12:44:42.251 D/wpa_supplicant(14816): wlan0: 20: cc:b2:55:e2:84:70 ssid='DLINK_APK' wpa_ie_len=22 rsn_ie_len=20 caps=0x411 level=-73
02-03 12:44:42.251 D/wpa_supplicant(14816): wlan0:    skip - disabled
02-03 12:44:42.251 D/wpa_supplicant(14816): wlan0: 21: 74:e5:43:24:f4:5b ssid='Dttest' wpa_ie_len=0 rsn_ie_len=20 caps=0x31 level=-74
02-03 12:44:42.251 D/wpa_supplicant(14816): wlan0:    skip - disabled
02-03 12:44:42.251 D/wpa_supplicant(14816): wlan0: 22: 8c:be:be:01:00:49 ssid='xmw' wpa_ie_len=0 rsn_ie_len=20 caps=0x431 level=-76
02-03 12:44:42.251 D/wpa_supplicant(14816): wlan0:    skip - disabled
02-03 12:44:42.251 D/wpa_supplicant(14816): wlan0: 23: 02:09:4c:92:72:80 ssid='DIRECT-' wpa_ie_len=0 rsn_ie_len=0 caps=0x410 level=-81
02-03 12:44:42.251 D/wpa_supplicant(14816): wlan0:    skip - disabled
02-03 12:44:42.251 D/wpa_supplicant(14816): wlan0: 24: 4c:e6:76:a5:4d:e0 ssid='BUFFALO-A54DE0-1' wpa_ie_len=0 rsn_ie_len=0 caps=0x401 level=-72 wps
02-03 12:44:42.251 D/wpa_supplicant(14816): wlan0:    skip - disabled
02-03 12:44:42.251 D/wpa_supplicant(14816): wlan0: 25: 4c:e6:76:a5:4d:e2 ssid='BUFFALO-A54DE0' wpa_ie_len=0 rsn_ie_len=0 caps=0x401 level=-73
02-03 12:44:42.251 D/wpa_supplicant(14816): wlan0:    skip - disabled
02-03 12:44:42.251 D/wpa_supplicant(14816): wlan0: Selecting BSS from priority group 15
02-03 12:44:42.251 D/wpa_supplicant(14816): wlan0: 0: 6c:8b:2f:e9:d1:da ssid='ZTE_AP_1640' wpa_ie_len=0 rsn_ie_len=20 caps=0x511 level=-40
02-03 12:44:42.251 D/wpa_supplicant(14816): wlan0:    skip - SSID mismatch
02-03 12:44:42.251 D/wpa_supplicant(14816): wlan0: 1: f8:d1:11:e7:99:e8 ssid='videotest' wpa_ie_len=22 rsn_ie_len=20 caps=0x531 level=-48 wps
02-03 12:44:42.251 D/wpa_supplicant(14816): wlan0:    skip - SSID mismatch
02-03 12:44:42.251 D/wpa_supplicant(14816): wlan0: 2: 02:1a:11:f2:bf:af ssid='Android' wpa_ie_len=0 rsn_ie_len=20 caps=0x511 level=-52
02-03 12:44:42.251 D/wpa_supplicant(14816): wlan0:    skip - SSID mismatch
02-03 12:44:42.251 D/wpa_supplicant(14816): wlan0: 3: cc:34:29:2b:26:4c ssid='cws-test' wpa_ie_len=0 rsn_ie_len=20 caps=0x431 level=-56 wps
02-03 12:44:42.251 D/wpa_supplicant(14816): wlan0:    skip - SSID mismatch
02-03 12:44:42.251 D/wpa_supplicant(14816): wlan0: 4: 44:94:fc:3d:da:38 ssid='6300' wpa_ie_len=0 rsn_ie_len=20 caps=0x411 level=-57 wps
02-03 12:44:42.251 D/wpa_supplicant(14816): wlan0:    skip - SSID mismatch
02-03 12:44:42.251 D/wpa_supplicant(14816): wlan0: 5: b0:48:7a:20:66:6a ssid='TP-LINK_20666A' wpa_ie_len=22 rsn_ie_len=20 caps=0x431 level=-58 wps
02-03 12:44:42.251 D/wpa_supplicant(14816): wlan0:    skip - SSID mismatch
02-03 12:44:42.251 D/wpa_supplicant(14816): wlan0: 6: 10:c3:7b:d2:e5:e0 ssid='ASUS_RT-AC66U-2.4G' wpa_ie_len=0 rsn_ie_len=20 caps=0x411 level=-63 wps
02-03 12:44:42.251 D/wpa_supplicant(14816): wlan0:    skip - SSID mismatch
02-03 12:44:42.251 D/wpa_supplicant(14816): wlan0: 7: 98:fc:11:81:35:fb ssid='E2000E' wpa_ie_len=0 rsn_ie_len=20 caps=0x411 level=-63 wps
02-03 12:44:42.251 D/wpa_supplicant(14816): wlan0:    skip - SSID mismatch
02-03 12:44:42.251 D/wpa_supplicant(14816): wlan0: 8: 90:94:e4:03:45:f5 ssid='2553q' wpa_ie_len=0 rsn_ie_len=24 caps=0x431 level=-63
02-03 12:44:42.251 D/wpa_supplicant(14816): wlan0:    skip - SSID mismatch
02-03 12:44:42.251 D/wpa_supplicant(14816): wlan0: 9: bc:ee:7b:97:78:35 ssid='ASUS' wpa_ie_len=0 rsn_ie_len=20 caps=0x411 level=-64 wps
02-03 12:44:42.251 D/wpa_supplicant(14816): wlan0:    skip - SSID mismatch
02-03 12:44:42.251 D/wpa_supplicant(14816): wlan0: 10: c0:c1:c0:76:81:3c ssid='E2000' wpa_ie_len=0 rsn_ie_len=20 caps=0x411 level=-64 wps
02-03 12:44:42.251 D/wpa_supplicant(14816): wlan0:    skip - SSID mismatch
02-03 12:44:42.251 D/wpa_supplicant(14816): wlan0: 11: c8:d7:19:60:62:f2 ssid='E3000-2.4G' wpa_ie_len=0 rsn_ie_len=20 caps=0x411 level=-67 wps
02-03 12:44:42.251 D/wpa_supplicant(14816): wlan0:    skip - SSID mismatch
02-03 12:44:42.251 D/wpa_supplicant(14816): wlan0: 12: 00:0f:e2:0f:9f:c1 ssid='321_WAN' wpa_ie_len=28 rsn_ie_len=24 caps=0x411 level=-68
02-03 12:44:42.251 D/wpa_supplicant(14816): wlan0:    skip - SSID mismatch
02-03 12:44:42.251 D/wpa_supplicant(14816): wlan0: 13: cc:34:29:2c:fb:ec ssid='linksys' wpa_ie_len=22 rsn_ie_len=20 caps=0x431 level=-68 wps
02-03 12:44:42.251 D/wpa_supplicant(14816): wlan0:    skip - SSID mismatch
02-03 12:44:42.251 D/wpa_supplicant(14816): wlan0: 14: 00:1e:67:80:ac:37 ssid='AndroidAP aaa' wpa_ie_len=0 rsn_ie_len=20 caps=0x1511 level=-68
02-03 12:44:42.251 D/wpa_supplicant(14816): wlan0:    skip - SSID mismatch
02-03 12:44:42.251 D/wpa_supplicant(14816): wlan0: 15: 80:1f:02:43:fb:e8 ssid='Edimax AP' wpa_ie_len=0 rsn_ie_len=20 caps=0x411 level=-68
02-03 12:44:42.251 D/wpa_supplicant(14816): wlan0:    skip - SSID mismatch
02-03 12:44:42.251 D/wpa_supplicant(14816): wlan0: 16: 14:d6:4d:28:ef:c8 ssid='dlink' wpa_ie_len=0 rsn_ie_len=20 caps=0x431 level=-69 wps
02-03 12:44:42.251 D/wpa_supplicant(14816): wlan0:    skip - SSID mismatch
02-03 12:44:42.251 D/wpa_supplicant(14816): wlan0: 17: c0:a0:bb:20:3b:84 ssid='dlink-3B84' wpa_ie_len=26 rsn_ie_len=24 caps=0x411 level=-69 wps
02-03 12:44:42.251 D/wpa_supplicant(14816): wlan0:    skip - SSID mismatch
02-03 12:44:42.251 D/wpa_supplicant(14816): wlan0: 18: 02:1a:11:fc:c3:59 ssid='test only' wpa_ie_len=0 rsn_ie_len=20 caps=0x431 level=-70
02-03 12:44:42.251 D/wpa_supplicant(14816): wlan0:    skip - SSID mismatch
02-03 12:44:42.251 D/wpa_supplicant(14816): wlan0: 19: 02:1a:11:f6:67:da ssid='love U forever' wpa_ie_len=0 rsn_ie_len=20 caps=0x431 level=-71
02-03 12:44:42.251 D/wpa_supplicant(14816): wlan0:    skip - SSID mismatch
02-03 12:44:42.251 D/wpa_supplicant(14816): wlan0: 20: cc:b2:55:e2:84:70 ssid='DLINK_APK' wpa_ie_len=22 rsn_ie_len=20 caps=0x411 level=-73
02-03 12:44:42.251 D/wpa_supplicant(14816): wlan0:    skip - SSID mismatch
02-03 12:44:42.251 D/wpa_supplicant(14816): wlan0: 21: 74:e5:43:24:f4:5b ssid='Dttest' wpa_ie_len=0 rsn_ie_len=20 caps=0x31 level=-74
02-03 12:44:42.251 D/wpa_supplicant(14816): wlan0:    skip - SSID mismatch
02-03 12:44:42.251 D/wpa_supplicant(14816): wlan0: 22: 8c:be:be:01:00:49 ssid='xmw' wpa_ie_len=0 rsn_ie_len=20 caps=0x431 level=-76
02-03 12:44:42.251 D/wpa_supplicant(14816): wlan0:    skip - SSID mismatch
02-03 12:44:42.251 D/wpa_supplicant(14816): wlan0: 23: 02:09:4c:92:72:80 ssid='DIRECT-' wpa_ie_len=0 rsn_ie_len=0 caps=0x410 level=-81
02-03 12:44:42.251 D/wpa_supplicant(14816): wlan0:    skip - SSID mismatch
02-03 12:44:42.251 D/wpa_supplicant(14816): wlan0: 24: 4c:e6:76:a5:4d:e0 ssid='BUFFALO-A54DE0-1' wpa_ie_len=0 rsn_ie_len=0 caps=0x401 level=-72 wps
02-03 12:44:42.251 D/wpa_supplicant(14816): wlan0:    skip - SSID mismatch
02-03 12:44:42.251 D/wpa_supplicant(14816): wlan0: 25: 4c:e6:76:a5:4d:e2 ssid='BUFFALO-A54DE0' wpa_ie_len=0 rsn_ie_len=0 caps=0x401 level=-73
02-03 12:44:42.251 D/wpa_supplicant(14816): wlan0:    skip - SSID mismatch
02-03 12:44:42.251 D/wpa_supplicant(14816): wlan0: Selecting BSS from priority group 14
02-03 12:44:42.251 D/wpa_supplicant(14816): wlan0: 0: 6c:8b:2f:e9:d1:da ssid='ZTE_AP_1640' wpa_ie_len=0 rsn_ie_len=20 caps=0x511 level=-40
02-03 12:44:42.251 D/wpa_supplicant(14816): wlan0:    skip - SSID mismatch
02-03 12:44:42.251 D/wpa_supplicant(14816): wlan0: 1: f8:d1:11:e7:99:e8 ssid='videotest' wpa_ie_len=22 rsn_ie_len=20 caps=0x531 level=-48 wps
02-03 12:44:42.251 D/wpa_supplicant(14816): wlan0:    skip - SSID mismatch
02-03 12:44:42.251 D/wpa_supplicant(14816): wlan0: 2: 02:1a:11:f2:bf:af ssid='Android' wpa_ie_len=0 rsn_ie_len=20 caps=0x511 level=-52
02-03 12:44:42.251 D/wpa_supplicant(14816): wlan0:    skip - SSID mismatch
02-03 12:44:42.251 D/wpa_supplicant(14816): wlan0: 3: cc:34:29:2b:26:4c ssid='cws-test' wpa_ie_len=0 rsn_ie_len=20 caps=0x431 level=-56 wps
02-03 12:44:42.251 D/wpa_supplicant(14816): wlan0:    skip - SSID mismatch
02-03 12:44:42.251 D/wpa_supplicant(14816): wlan0: 4: 44:94:fc:3d:da:38 ssid='6300' wpa_ie_len=0 rsn_ie_len=20 caps=0x411 level=-57 wps
02-03 12:44:42.251 D/wpa_supplicant(14816): wlan0:    skip - SSID mismatch
02-03 12:44:42.251 D/wpa_supplicant(14816): wlan0: 5: b0:48:7a:20:66:6a ssid='TP-LINK_20666A' wpa_ie_len=22 rsn_ie_len=20 caps=0x431 level=-58 wps
02-03 12:44:42.251 D/wpa_supplicant(14816): wlan0:    skip - SSID mismatch
02-03 12:44:42.251 D/wpa_supplicant(14816): wlan0: 6: 10:c3:7b:d2:e5:e0 ssid='ASUS_RT-AC66U-2.4G' wpa_ie_len=0 rsn_ie_len=20 caps=0x411 level=-63 wps
02-03 12:44:42.251 D/wpa_supplicant(14816): wlan0:    skip - SSID mismatch
02-03 12:44:42.251 D/wpa_supplicant(14816): wlan0: 7: 98:fc:11:81:35:fb ssid='E2000E' wpa_ie_len=0 rsn_ie_len=20 caps=0x411 level=-63 wps
02-03 12:44:42.251 D/wpa_supplicant(14816): wlan0:    skip - SSID mismatch
02-03 12:44:42.251 D/wpa_supplicant(14816): wlan0: 8: 90:94:e4:03:45:f5 ssid='2553q' wpa_ie_len=0 rsn_ie_len=24 caps=0x431 level=-63
02-03 12:44:42.251 D/wpa_supplicant(14816): wlan0:    skip - SSID mismatch
02-03 12:44:42.251 D/wpa_supplicant(14816): wlan0: 9: bc:ee:7b:97:78:35 ssid='ASUS' wpa_ie_len=0 rsn_ie_len=20 caps=0x411 level=-64 wps
02-03 12:44:42.251 D/wpa_supplicant(14816): wlan0:    skip - SSID mismatch
02-03 12:44:42.251 D/wpa_supplicant(14816): wlan0: 10: c0:c1:c0:76:81:3c ssid='E2000' wpa_ie_len=0 rsn_ie_len=20 caps=0x411 level=-64 wps
02-03 12:44:42.251 D/wpa_supplicant(14816): wlan0:    skip - SSID mismatch
02-03 12:44:42.251 D/wpa_supplicant(14816): wlan0: 11: c8:d7:19:60:62:f2 ssid='E3000-2.4G' wpa_ie_len=0 rsn_ie_len=20 caps=0x411 level=-67 wps
02-03 12:44:42.251 D/wpa_supplicant(14816): wlan0:    skip - SSID mismatch
02-03 12:44:42.251 D/wpa_supplicant(14816): wlan0: 12: 00:0f:e2:0f:9f:c1 ssid='321_WAN' wpa_ie_len=28 rsn_ie_len=24 caps=0x411 level=-68
02-03 12:44:42.251 D/wpa_supplicant(14816): wlan0:    skip - SSID mismatch
02-03 12:44:42.251 D/wpa_supplicant(14816): wlan0: 13: cc:34:29:2c:fb:ec ssid='linksys' wpa_ie_len=22 rsn_ie_len=20 caps=0x431 level=-68 wps
02-03 12:44:42.251 D/wpa_supplicant(14816): wlan0:    skip - SSID mismatch
02-03 12:44:42.251 D/wpa_supplicant(14816): wlan0: 14: 00:1e:67:80:ac:37 ssid='AndroidAP aaa' wpa_ie_len=0 rsn_ie_len=20 caps=0x1511 level=-68
02-03 12:44:42.251 D/wpa_supplicant(14816): wlan0:    skip - SSID mismatch
02-03 12:44:42.251 D/wpa_supplicant(14816): wlan0: 15: 80:1f:02:43:fb:e8 ssid='Edimax AP' wpa_ie_len=0 rsn_ie_len=20 caps=0x411 level=-68
02-03 12:44:42.251 D/wpa_supplicant(14816): wlan0:    skip - SSID mismatch
02-03 12:44:42.251 D/wpa_supplicant(14816): wlan0: 16: 14:d6:4d:28:ef:c8 ssid='dlink' wpa_ie_len=0 rsn_ie_len=20 caps=0x431 level=-69 wps
02-03 12:44:42.251 D/wpa_supplicant(14816): wlan0:    skip - SSID mismatch
02-03 12:44:42.251 D/wpa_supplicant(14816): wlan0: 17: c0:a0:bb:20:3b:84 ssid='dlink-3B84' wpa_ie_len=26 rsn_ie_len=24 caps=0x411 level=-69 wps
02-03 12:44:42.251 D/wpa_supplicant(14816): wlan0:    skip - SSID mismatch
02-03 12:44:42.251 D/wpa_supplicant(14816): wlan0: 18: 02:1a:11:fc:c3:59 ssid='test only' wpa_ie_len=0 rsn_ie_len=20 caps=0x431 level=-70
02-03 12:44:42.251 D/wpa_supplicant(14816): wlan0:    skip - SSID mismatch
02-03 12:44:42.251 D/wpa_supplicant(14816): wlan0: 19: 02:1a:11:f6:67:da ssid='love U forever' wpa_ie_len=0 rsn_ie_len=20 caps=0x431 level=-71
02-03 12:44:42.251 D/wpa_supplicant(14816): wlan0:    skip - SSID mismatch
02-03 12:44:42.251 D/wpa_supplicant(14816): wlan0: 20: cc:b2:55:e2:84:70 ssid='DLINK_APK' wpa_ie_len=22 rsn_ie_len=20 caps=0x411 level=-73
02-03 12:44:42.251 D/wpa_supplicant(14816): wlan0:    skip - SSID mismatch
02-03 12:44:42.251 D/wpa_supplicant(14816): wlan0: 21: 74:e5:43:24:f4:5b ssid='Dttest' wpa_ie_len=0 rsn_ie_len=20 caps=0x31 level=-74
02-03 12:44:42.251 D/wpa_supplicant(14816): wlan0:    skip - SSID mismatch
02-03 12:44:42.251 D/wpa_supplicant(14816): wlan0: 22: 8c:be:be:01:00:49 ssid='xmw' wpa_ie_len=0 rsn_ie_len=20 caps=0x431 level=-76
02-03 12:44:42.251 D/wpa_supplicant(14816): wlan0:    skip - SSID mismatch
02-03 12:44:42.251 D/wpa_supplicant(14816): wlan0: 23: 02:09:4c:92:72:80 ssid='DIRECT-' wpa_ie_len=0 rsn_ie_len=0 caps=0x410 level=-81
02-03 12:44:42.251 D/wpa_supplicant(14816): wlan0:    skip - SSID mismatch
02-03 12:44:42.251 D/wpa_supplicant(14816): wlan0: 24: 4c:e6:76:a5:4d:e0 ssid='BUFFALO-A54DE0-1' wpa_ie_len=0 rsn_ie_len=0 caps=0x401 level=-72 wps
02-03 12:44:42.251 D/wpa_supplicant(14816): wlan0:    skip - SSID mismatch
02-03 12:44:42.251 D/wpa_supplicant(14816): wlan0: 25: 4c:e6:76:a5:4d:e2 ssid='BUFFALO-A54DE0' wpa_ie_len=0 rsn_ie_len=0 caps=0x401 level=-73
02-03 12:44:42.251 D/wpa_supplicant(14816): wlan0:    skip - SSID mismatch
02-03 12:44:42.251 D/wpa_supplicant(14816): wlan0: Selecting BSS from priority group 13
02-03 12:44:42.251 D/wpa_supplicant(14816): wlan0: 0: 6c:8b:2f:e9:d1:da ssid='ZTE_AP_1640' wpa_ie_len=0 rsn_ie_len=20 caps=0x511 level=-40
02-03 12:44:42.251 D/wpa_supplicant(14816): wlan0:    skip - disabled
02-03 12:44:42.251 D/wpa_supplicant(14816): wlan0: 1: f8:d1:11:e7:99:e8 ssid='videotest' wpa_ie_len=22 rsn_ie_len=20 caps=0x531 level=-48 wps
02-03 12:44:42.251 D/wpa_supplicant(14816): wlan0:    skip - disabled
02-03 12:44:42.251 D/wpa_supplicant(14816): wlan0: 2: 02:1a:11:f2:bf:af ssid='Android' wpa_ie_len=0 rsn_ie_len=20 caps=0x511 level=-52
02-03 12:44:42.251 D/wpa_supplicant(14816): wlan0:    skip - disabled
02-03 12:44:42.251 D/wpa_supplicant(14816): wlan0: 3: cc:34:29:2b:26:4c ssid='cws-test' wpa_ie_len=0 rsn_ie_len=20 caps=0x431 level=-56 wps
02-03 12:44:42.251 D/wpa_supplicant(14816): wlan0:    skip - disabled
02-03 12:44:42.251 D/wpa_supplicant(14816): wlan0: 4: 44:94:fc:3d:da:38 ssid='6300' wpa_ie_len=0 rsn_ie_len=20 caps=0x411 level=-57 wps
02-03 12:44:42.251 D/wpa_supplicant(14816): wlan0:    skip - disabled
02-03 12:44:42.251 D/wpa_supplicant(14816): wlan0: 5: b0:48:7a:20:66:6a ssid='TP-LINK_20666A' wpa_ie_len=22 rsn_ie_len=20 caps=0x431 level=-58 wps
02-03 12:44:42.251 D/wpa_supplicant(14816): wlan0:    skip - disabled
02-03 12:44:42.251 D/wpa_supplicant(14816): wlan0: 6: 10:c3:7b:d2:e5:e0 ssid='ASUS_RT-AC66U-2.4G' wpa_ie_len=0 rsn_ie_len=20 caps=0x411 level=-63 wps
02-03 12:44:42.251 D/wpa_supplicant(14816): wlan0:    skip - disabled
02-03 12:44:42.251 D/wpa_supplicant(14816): wlan0: 7: 98:fc:11:81:35:fb ssid='E2000E' wpa_ie_len=0 rsn_ie_len=20 caps=0x411 level=-63 wps
02-03 12:44:42.251 D/wpa_supplicant(14816): wlan0:    skip - disabled
02-03 12:44:42.251 D/wpa_supplicant(14816): wlan0: 8: 90:94:e4:03:45:f5 ssid='2553q' wpa_ie_len=0 rsn_ie_len=24 caps=0x431 level=-63
02-03 12:44:42.251 D/wpa_supplicant(14816): wlan0:    skip - disabled
02-03 12:44:42.251 D/wpa_supplicant(14816): wlan0: 9: bc:ee:7b:97:78:35 ssid='ASUS' wpa_ie_len=0 rsn_ie_len=20 caps=0x411 level=-64 wps
02-03 12:44:42.251 D/wpa_supplicant(14816): wlan0:    skip - disabled
02-03 12:44:42.251 D/wpa_supplicant(14816): wlan0: 10: c0:c1:c0:76:81:3c ssid='E2000' wpa_ie_len=0 rsn_ie_len=20 caps=0x411 level=-64 wps
02-03 12:44:42.251 D/wpa_supplicant(14816): wlan0:    skip - disabled
02-03 12:44:42.251 D/wpa_supplicant(14816): wlan0: 11: c8:d7:19:60:62:f2 ssid='E3000-2.4G' wpa_ie_len=0 rsn_ie_len=20 caps=0x411 level=-67 wps
02-03 12:44:42.251 D/wpa_supplicant(14816): wlan0:    skip - disabled
02-03 12:44:42.251 D/wpa_supplicant(14816): wlan0: 12: 00:0f:e2:0f:9f:c1 ssid='321_WAN' wpa_ie_len=28 rsn_ie_len=24 caps=0x411 level=-68
02-03 12:44:42.251 D/wpa_supplicant(14816): wlan0:    skip - disabled
02-03 12:44:42.251 D/wpa_supplicant(14816): wlan0: 13: cc:34:29:2c:fb:ec ssid='linksys' wpa_ie_len=22 rsn_ie_len=20 caps=0x431 level=-68 wps
02-03 12:44:42.251 D/wpa_supplicant(14816): wlan0:    skip - disabled
02-03 12:44:42.251 D/wpa_supplicant(14816): wlan0: 14: 00:1e:67:80:ac:37 ssid='AndroidAP aaa' wpa_ie_len=0 rsn_ie_len=20 caps=0x1511 level=-68
02-03 12:44:42.251 D/wpa_supplicant(14816): wlan0:    skip - disabled
02-03 12:44:42.251 D/wpa_supplicant(14816): wlan0: 15: 80:1f:02:43:fb:e8 ssid='Edimax AP' wpa_ie_len=0 rsn_ie_len=20 caps=0x411 level=-68
02-03 12:44:42.251 D/wpa_supplicant(14816): wlan0:    skip - disabled
02-03 12:44:42.251 D/wpa_supplicant(14816): wlan0: 16: 14:d6:4d:28:ef:c8 ssid='dlink' wpa_ie_len=0 rsn_ie_len=20 caps=0x431 level=-69 wps
02-03 12:44:42.251 D/wpa_supplicant(14816): wlan0:    skip - disabled
02-03 12:44:42.251 D/wpa_supplicant(14816): wlan0: 17: c0:a0:bb:20:3b:84 ssid='dlink-3B84' wpa_ie_len=26 rsn_ie_len=24 caps=0x411 level=-69 wps
02-03 12:44:42.251 D/wpa_supplicant(14816): wlan0:    skip - disabled
02-03 12:44:42.251 D/wpa_supplicant(14816): wlan0: 18: 02:1a:11:fc:c3:59 ssid='test only' wpa_ie_len=0 rsn_ie_len=20 caps=0x431 level=-70
02-03 12:44:42.251 D/wpa_supplicant(14816): wlan0:    skip - disabled
02-03 12:44:42.251 D/wpa_supplicant(14816): wlan0: 19: 02:1a:11:f6:67:da ssid='love U forever' wpa_ie_len=0 rsn_ie_len=20 caps=0x431 level=-71
02-03 12:44:42.251 D/wpa_supplicant(14816): wlan0:    skip - disabled
02-03 12:44:42.251 D/wpa_supplicant(14816): wlan0: 20: cc:b2:55:e2:84:70 ssid='DLINK_APK' wpa_ie_len=22 rsn_ie_len=20 caps=0x411 level=-73
02-03 12:44:42.251 D/wpa_supplicant(14816): wlan0:    skip - disabled
02-03 12:44:42.251 D/wpa_supplicant(14816): wlan0: 21: 74:e5:43:24:f4:5b ssid='Dttest' wpa_ie_len=0 rsn_ie_len=20 caps=0x31 level=-74
02-03 12:44:42.251 D/wpa_supplicant(14816): wlan0:    skip - disabled
02-03 12:44:42.251 D/wpa_supplicant(14816): wlan0: 22: 8c:be:be:01:00:49 ssid='xmw' wpa_ie_len=0 rsn_ie_len=20 caps=0x431 level=-76
02-03 12:44:42.251 D/wpa_supplicant(14816): wlan0:    skip - disabled
02-03 12:44:42.251 D/wpa_supplicant(14816): wlan0: 23: 02:09:4c:92:72:80 ssid='DIRECT-' wpa_ie_len=0 rsn_ie_len=0 caps=0x410 level=-81
02-03 12:44:42.251 D/wpa_supplicant(14816): wlan0:    skip - disabled
02-03 12:44:42.251 D/wpa_supplicant(14816): wlan0: 24: 4c:e6:76:a5:4d:e0 ssid='BUFFALO-A54DE0-1' wpa_ie_len=0 rsn_ie_len=0 caps=0x401 level=-72 wps
02-03 12:44:42.251 D/wpa_supplicant(14816): wlan0:    skip - disabled
02-03 12:44:42.251 D/wpa_supplicant(14816): wlan0: 25: 4c:e6:76:a5:4d:e2 ssid='BUFFALO-A54DE0' wpa_ie_len=0 rsn_ie_len=0 caps=0x401 level=-73
02-03 12:44:42.251 D/wpa_supplicant(14816): wlan0:    skip - disabled
02-03 12:44:42.251 D/wpa_supplicant(14816): wlan0: Selecting BSS from priority group 12
02-03 12:44:42.251 D/wpa_supplicant(14816): wlan0: 0: 6c:8b:2f:e9:d1:da ssid='ZTE_AP_1640' wpa_ie_len=0 rsn_ie_len=20 caps=0x511 level=-40
02-03 12:44:42.251 D/wpa_supplicant(14816): wlan0:    skip - SSID mismatch
02-03 12:44:42.251 D/wpa_supplicant(14816): wlan0: 1: f8:d1:11:e7:99:e8 ssid='videotest' wpa_ie_len=22 rsn_ie_len=20 caps=0x531 level=-48 wps
02-03 12:44:42.251 D/wpa_supplicant(14816): wlan0:    skip - SSID mismatch
02-03 12:44:42.251 D/wpa_supplicant(14816): wlan0: 2: 02:1a:11:f2:bf:af ssid='Android' wpa_ie_len=0 rsn_ie_len=20 caps=0x511 level=-52
02-03 12:44:42.251 D/wpa_supplicant(14816): wlan0:    skip - SSID mismatch
02-03 12:44:42.251 D/wpa_supplicant(14816): wlan0: 3: cc:34:29:2b:26:4c ssid='cws-test' wpa_ie_len=0 rsn_ie_len=20 caps=0x431 level=-56 wps
02-03 12:44:42.251 D/wpa_supplicant(14816): wlan0:    skip - SSID mismatch
02-03 12:44:42.251 D/wpa_supplicant(14816): wlan0: 4: 44:94:fc:3d:da:38 ssid='6300' wpa_ie_len=0 rsn_ie_len=20 caps=0x411 level=-57 wps
02-03 12:44:42.251 D/wpa_supplicant(14816): wlan0:    skip - SSID mismatch
02-03 12:44:42.251 D/wpa_supplicant(14816): wlan0: 5: b0:48:7a:20:66:6a ssid='TP-LINK_20666A' wpa_ie_len=22 rsn_ie_len=20 caps=0x431 level=-58 wps
02-03 12:44:42.251 D/wpa_supplicant(14816): wlan0:    skip - SSID mismatch
02-03 12:44:42.251 D/wpa_supplicant(14816): wlan0: 6: 10:c3:7b:d2:e5:e0 ssid='ASUS_RT-AC66U-2.4G' wpa_ie_len=0 rsn_ie_len=20 caps=0x411 level=-63 wps
02-03 12:44:42.261 D/wpa_supplicant(14816): wlan0:    skip - SSID mismatch
02-03 12:44:42.261 D/wpa_supplicant(14816): wlan0: 7: 98:fc:11:81:35:fb ssid='E2000E' wpa_ie_len=0 rsn_ie_len=20 caps=0x411 level=-63 wps
02-03 12:44:42.261 D/wpa_supplicant(14816): wlan0:    skip - SSID mismatch
02-03 12:44:42.261 D/wpa_supplicant(14816): wlan0: 8: 90:94:e4:03:45:f5 ssid='2553q' wpa_ie_len=0 rsn_ie_len=24 caps=0x431 level=-63
02-03 12:44:42.261 D/wpa_supplicant(14816): wlan0:    skip - SSID mismatch
02-03 12:44:42.261 D/wpa_supplicant(14816): wlan0: 9: bc:ee:7b:97:78:35 ssid='ASUS' wpa_ie_len=0 rsn_ie_len=20 caps=0x411 level=-64 wps
02-03 12:44:42.261 D/wpa_supplicant(14816): wlan0:    skip - SSID mismatch
02-03 12:44:42.261 D/wpa_supplicant(14816): wlan0: 10: c0:c1:c0:76:81:3c ssid='E2000' wpa_ie_len=0 rsn_ie_len=20 caps=0x411 level=-64 wps
02-03 12:44:42.261 D/wpa_supplicant(14816): wlan0:    skip - SSID mismatch
02-03 12:44:42.261 D/wpa_supplicant(14816): wlan0: 11: c8:d7:19:60:62:f2 ssid='E3000-2.4G' wpa_ie_len=0 rsn_ie_len=20 caps=0x411 level=-67 wps
02-03 12:44:42.261 D/wpa_supplicant(14816): wlan0:    skip - SSID mismatch
02-03 12:44:42.261 D/wpa_supplicant(14816): wlan0: 12: 00:0f:e2:0f:9f:c1 ssid='321_WAN' wpa_ie_len=28 rsn_ie_len=24 caps=0x411 level=-68
02-03 12:44:42.261 D/wpa_supplicant(14816): wlan0:    skip - SSID mismatch
02-03 12:44:42.261 D/wpa_supplicant(14816): wlan0: 13: cc:34:29:2c:fb:ec ssid='linksys' wpa_ie_len=22 rsn_ie_len=20 caps=0x431 level=-68 wps
02-03 12:44:42.261 D/wpa_supplicant(14816): wlan0:    skip - SSID mismatch
02-03 12:44:42.261 D/wpa_supplicant(14816): wlan0: 14: 00:1e:67:80:ac:37 ssid='AndroidAP aaa' wpa_ie_len=0 rsn_ie_len=20 caps=0x1511 level=-68
02-03 12:44:42.261 D/wpa_supplicant(14816): wlan0:    skip - SSID mismatch
02-03 12:44:42.261 D/wpa_supplicant(14816): wlan0: 15: 80:1f:02:43:fb:e8 ssid='Edimax AP' wpa_ie_len=0 rsn_ie_len=20 caps=0x411 level=-68
02-03 12:44:42.261 D/wpa_supplicant(14816): wlan0:    skip - SSID mismatch
02-03 12:44:42.261 D/wpa_supplicant(14816): wlan0: 16: 14:d6:4d:28:ef:c8 ssid='dlink' wpa_ie_len=0 rsn_ie_len=20 caps=0x431 level=-69 wps
02-03 12:44:42.261 D/wpa_supplicant(14816): wlan0:    skip - SSID mismatch
02-03 12:44:42.261 D/wpa_supplicant(14816): wlan0: 17: c0:a0:bb:20:3b:84 ssid='dlink-3B84' wpa_ie_len=26 rsn_ie_len=24 caps=0x411 level=-69 wps
02-03 12:44:42.261 D/wpa_supplicant(14816): wlan0:    skip - SSID mismatch
02-03 12:44:42.261 D/wpa_supplicant(14816): wlan0: 18: 02:1a:11:fc:c3:59 ssid='test only' wpa_ie_len=0 rsn_ie_len=20 caps=0x431 level=-70
02-03 12:44:42.261 D/wpa_supplicant(14816): wlan0:    skip - SSID mismatch
02-03 12:44:42.261 D/wpa_supplicant(14816): wlan0: 19: 02:1a:11:f6:67:da ssid='love U forever' wpa_ie_len=0 rsn_ie_len=20 caps=0x431 level=-71
02-03 12:44:42.261 D/wpa_supplicant(14816): wlan0:    skip - SSID mismatch
02-03 12:44:42.261 D/wpa_supplicant(14816): wlan0: 20: cc:b2:55:e2:84:70 ssid='DLINK_APK' wpa_ie_len=22 rsn_ie_len=20 caps=0x411 level=-73
02-03 12:44:42.261 D/wpa_supplicant(14816): wlan0:    skip - SSID mismatch
02-03 12:44:42.261 D/wpa_supplicant(14816): wlan0: 21: 74:e5:43:24:f4:5b ssid='Dttest' wpa_ie_len=0 rsn_ie_len=20 caps=0x31 level=-74
02-03 12:44:42.261 D/wpa_supplicant(14816): wlan0:    skip - SSID mismatch
02-03 12:44:42.261 D/wpa_supplicant(14816): wlan0: 22: 8c:be:be:01:00:49 ssid='xmw' wpa_ie_len=0 rsn_ie_len=20 caps=0x431 level=-76
02-03 12:44:42.261 D/wpa_supplicant(14816): wlan0:    skip - SSID mismatch
02-03 12:44:42.261 D/wpa_supplicant(14816): wlan0: 23: 02:09:4c:92:72:80 ssid='DIRECT-' wpa_ie_len=0 rsn_ie_len=0 caps=0x410 level=-81
02-03 12:44:42.261 D/wpa_supplicant(14816): wlan0:    skip - SSID mismatch
02-03 12:44:42.261 D/wpa_supplicant(14816): wlan0: 24: 4c:e6:76:a5:4d:e0 ssid='BUFFALO-A54DE0-1' wpa_ie_len=0 rsn_ie_len=0 caps=0x401 level=-72 wps
02-03 12:44:42.261 D/wpa_supplicant(14816): wlan0:    skip - SSID mismatch
02-03 12:44:42.261 D/wpa_supplicant(14816): wlan0: 25: 4c:e6:76:a5:4d:e2 ssid='BUFFALO-A54DE0' wpa_ie_len=0 rsn_ie_len=0 caps=0x401 level=-73
02-03 12:44:42.261 D/wpa_supplicant(14816): wlan0:    skip - SSID mismatch
02-03 12:44:42.261 D/wpa_supplicant(14816): wlan0: Selecting BSS from priority group 3
02-03 12:44:42.261 D/wpa_supplicant(14816): wlan0: 0: 6c:8b:2f:e9:d1:da ssid='ZTE_AP_1640' wpa_ie_len=0 rsn_ie_len=20 caps=0x511 level=-40
02-03 12:44:42.261 D/wpa_supplicant(14816): wlan0:    skip - SSID mismatch
02-03 12:44:42.261 D/wpa_supplicant(14816): wlan0: 1: f8:d1:11:e7:99:e8 ssid='videotest' wpa_ie_len=22 rsn_ie_len=20 caps=0x531 level=-48 wps
02-03 12:44:42.261 D/wpa_supplicant(14816): wlan0:    skip - SSID mismatch
02-03 12:44:42.261 D/wpa_supplicant(14816): wlan0: 2: 02:1a:11:f2:bf:af ssid='Android' wpa_ie_len=0 rsn_ie_len=20 caps=0x511 level=-52
02-03 12:44:42.261 D/wpa_supplicant(14816): wlan0:    skip - SSID mismatch
02-03 12:44:42.261 D/wpa_supplicant(14816): wlan0: 3: cc:34:29:2b:26:4c ssid='cws-test' wpa_ie_len=0 rsn_ie_len=20 caps=0x431 level=-56 wps
02-03 12:44:42.261 D/wpa_supplicant(14816): wlan0:    skip - SSID mismatch
02-03 12:44:42.261 D/wpa_supplicant(14816): wlan0: 4: 44:94:fc:3d:da:38 ssid='6300' wpa_ie_len=0 rsn_ie_len=20 caps=0x411 level=-57 wps
02-03 12:44:42.261 D/wpa_supplicant(14816): wlan0:    skip - SSID mismatch
02-03 12:44:42.261 D/wpa_supplicant(14816): wlan0: 5: b0:48:7a:20:66:6a ssid='TP-LINK_20666A' wpa_ie_len=22 rsn_ie_len=20 caps=0x431 level=-58 wps
02-03 12:44:42.261 D/wpa_supplicant(14816): wlan0:    skip - SSID mismatch
02-03 12:44:42.261 D/wpa_supplicant(14816): wlan0: 6: 10:c3:7b:d2:e5:e0 ssid='ASUS_RT-AC66U-2.4G' wpa_ie_len=0 rsn_ie_len=20 caps=0x411 level=-63 wps
02-03 12:44:42.261 D/wpa_supplicant(14816): wlan0:    skip - SSID mismatch
02-03 12:44:42.261 D/wpa_supplicant(14816): wlan0: 7: 98:fc:11:81:35:fb ssid='E2000E' wpa_ie_len=0 rsn_ie_len=20 caps=0x411 level=-63 wps
02-03 12:44:42.261 D/wpa_supplicant(14816): wlan0:    skip - SSID mismatch
02-03 12:44:42.261 D/wpa_supplicant(14816): wlan0: 8: 90:94:e4:03:45:f5 ssid='2553q' wpa_ie_len=0 rsn_ie_len=24 caps=0x431 level=-63
02-03 12:44:42.261 D/wpa_supplicant(14816): wlan0:    skip - SSID mismatch
02-03 12:44:42.261 D/wpa_supplicant(14816): wlan0: 9: bc:ee:7b:97:78:35 ssid='ASUS' wpa_ie_len=0 rsn_ie_len=20 caps=0x411 level=-64 wps
02-03 12:44:42.261 D/wpa_supplicant(14816): wlan0:    skip - SSID mismatch
02-03 12:44:42.261 D/wpa_supplicant(14816): wlan0: 10: c0:c1:c0:76:81:3c ssid='E2000' wpa_ie_len=0 rsn_ie_len=20 caps=0x411 level=-64 wps
02-03 12:44:42.261 D/wpa_supplicant(14816): wlan0:    skip - SSID mismatch
02-03 12:44:42.261 D/wpa_supplicant(14816): wlan0: 11: c8:d7:19:60:62:f2 ssid='E3000-2.4G' wpa_ie_len=0 rsn_ie_len=20 caps=0x411 level=-67 wps
02-03 12:44:42.261 D/wpa_supplicant(14816): wlan0:    skip - SSID mismatch
02-03 12:44:42.261 D/wpa_supplicant(14816): wlan0: 12: 00:0f:e2:0f:9f:c1 ssid='321_WAN' wpa_ie_len=28 rsn_ie_len=24 caps=0x411 level=-68
02-03 12:44:42.261 D/wpa_supplicant(14816): wlan0:    skip - SSID mismatch
02-03 12:44:42.261 D/wpa_supplicant(14816): wlan0: 13: cc:34:29:2c:fb:ec ssid='linksys' wpa_ie_len=22 rsn_ie_len=20 caps=0x431 level=-68 wps
02-03 12:44:42.261 D/wpa_supplicant(14816): wlan0:    skip - SSID mismatch
02-03 12:44:42.261 D/wpa_supplicant(14816): wlan0: 14: 00:1e:67:80:ac:37 ssid='AndroidAP aaa' wpa_ie_len=0 rsn_ie_len=20 caps=0x1511 level=-68
02-03 12:44:42.261 D/wpa_supplicant(14816): wlan0:    skip - SSID mismatch
02-03 12:44:42.261 D/wpa_supplicant(14816): wlan0: 15: 80:1f:02:43:fb:e8 ssid='Edimax AP' wpa_ie_len=0 rsn_ie_len=20 caps=0x411 level=-68
02-03 12:44:42.261 D/wpa_supplicant(14816): wlan0:    skip - SSID mismatch
02-03 12:44:42.261 D/wpa_supplicant(14816): wlan0: 16: 14:d6:4d:28:ef:c8 ssid='dlink' wpa_ie_len=0 rsn_ie_len=20 caps=0x431 level=-69 wps
02-03 12:44:42.261 D/wpa_supplicant(14816): wlan0:    skip - SSID mismatch
02-03 12:44:42.261 D/wpa_supplicant(14816): wlan0: 17: c0:a0:bb:20:3b:84 ssid='dlink-3B84' wpa_ie_len=26 rsn_ie_len=24 caps=0x411 level=-69 wps
02-03 12:44:42.261 D/wpa_supplicant(14816): wlan0:    skip - SSID mismatch
02-03 12:44:42.261 D/wpa_supplicant(14816): wlan0: 18: 02:1a:11:fc:c3:59 ssid='test only' wpa_ie_len=0 rsn_ie_len=20 caps=0x431 level=-70
02-03 12:44:42.261 D/wpa_supplicant(14816): wlan0:    skip - SSID mismatch
02-03 12:44:42.261 D/wpa_supplicant(14816): wlan0: 19: 02:1a:11:f6:67:da ssid='love U forever' wpa_ie_len=0 rsn_ie_len=20 caps=0x431 level=-71
02-03 12:44:42.261 D/wpa_supplicant(14816): wlan0:    skip - SSID mismatch
02-03 12:44:42.261 D/wpa_supplicant(14816): wlan0: 20: cc:b2:55:e2:84:70 ssid='DLINK_APK' wpa_ie_len=22 rsn_ie_len=20 caps=0x411 level=-73
02-03 12:44:42.261 D/wpa_supplicant(14816): wlan0:    skip - SSID mismatch
02-03 12:44:42.261 D/wpa_supplicant(14816): wlan0: 21: 74:e5:43:24:f4:5b ssid='Dttest' wpa_ie_len=0 rsn_ie_len=20 caps=0x31 level=-74
02-03 12:44:42.261 D/wpa_supplicant(14816): wlan0:    skip - SSID mismatch
02-03 12:44:42.261 D/wpa_supplicant(14816): wlan0: 22: 8c:be:be:01:00:49 ssid='xmw' wpa_ie_len=0 rsn_ie_len=20 caps=0x431 level=-76
02-03 12:44:42.261 D/wpa_supplicant(14816): wlan0:    skip - SSID mismatch
02-03 12:44:42.261 D/wpa_supplicant(14816): wlan0: 23: 02:09:4c:92:72:80 ssid='DIRECT-' wpa_ie_len=0 rsn_ie_len=0 caps=0x410 level=-81
02-03 12:44:42.261 D/wpa_supplicant(14816): wlan0:    skip - SSID mismatch
02-03 12:44:42.261 D/wpa_supplicant(14816): wlan0: 24: 4c:e6:76:a5:4d:e0 ssid='BUFFALO-A54DE0-1' wpa_ie_len=0 rsn_ie_len=0 caps=0x401 level=-72 wps
02-03 12:44:42.261 D/wpa_supplicant(14816): wlan0:    skip - SSID mismatch
02-03 12:44:42.261 D/wpa_supplicant(14816): wlan0: 25: 4c:e6:76:a5:4d:e2 ssid='BUFFALO-A54DE0' wpa_ie_len=0 rsn_ie_len=0 caps=0x401 level=-73
02-03 12:44:42.261 D/wpa_supplicant(14816): wlan0:    skip - SSID mismatch
02-03 12:44:42.261 D/wpa_supplicant(14816): wlan0: Selecting BSS from priority group 1
02-03 12:44:42.261 D/wpa_supplicant(14816): wlan0: 0: 6c:8b:2f:e9:d1:da ssid='ZTE_AP_1640' wpa_ie_len=0 rsn_ie_len=20 caps=0x511 level=-40
02-03 12:44:42.261 D/wpa_supplicant(14816): wlan0:    skip - SSID mismatch
02-03 12:44:42.261 D/wpa_supplicant(14816): wlan0: 1: f8:d1:11:e7:99:e8 ssid='videotest' wpa_ie_len=22 rsn_ie_len=20 caps=0x531 level=-48 wps
02-03 12:44:42.261 D/wpa_supplicant(14816): wlan0:    skip - SSID mismatch
02-03 12:44:42.261 D/wpa_supplicant(14816): wlan0: 2: 02:1a:11:f2:bf:af ssid='Android' wpa_ie_len=0 rsn_ie_len=20 caps=0x511 level=-52
02-03 12:44:42.261 D/wpa_supplicant(14816): wlan0:    skip - SSID mismatch
02-03 12:44:42.261 D/wpa_supplicant(14816): wlan0: 3: cc:34:29:2b:26:4c ssid='cws-test' wpa_ie_len=0 rsn_ie_len=20 caps=0x431 level=-56 wps
02-03 12:44:42.261 D/wpa_supplicant(14816): wlan0:    skip - SSID mismatch
02-03 12:44:42.261 D/wpa_supplicant(14816): wlan0: 4: 44:94:fc:3d:da:38 ssid='6300' wpa_ie_len=0 rsn_ie_len=20 caps=0x411 level=-57 wps
02-03 12:44:42.261 D/wpa_supplicant(14816): wlan0:    skip - SSID mismatch
02-03 12:44:42.261 D/wpa_supplicant(14816): wlan0: 5: b0:48:7a:20:66:6a ssid='TP-LINK_20666A' wpa_ie_len=22 rsn_ie_len=20 caps=0x431 level=-58 wps
02-03 12:44:42.261 D/wpa_supplicant(14816): wlan0:    skip - SSID mismatch
02-03 12:44:42.261 D/wpa_supplicant(14816): wlan0: 6: 10:c3:7b:d2:e5:e0 ssid='ASUS_RT-AC66U-2.4G' wpa_ie_len=0 rsn_ie_len=20 caps=0x411 level=-63 wps
02-03 12:44:42.261 D/wpa_supplicant(14816): wlan0:    skip - SSID mismatch
02-03 12:44:42.261 D/wpa_supplicant(14816): wlan0: 7: 98:fc:11:81:35:fb ssid='E2000E' wpa_ie_len=0 rsn_ie_len=20 caps=0x411 level=-63 wps
02-03 12:44:42.261 D/wpa_supplicant(14816): wlan0:    skip - SSID mismatch
02-03 12:44:42.261 D/wpa_supplicant(14816): wlan0: 8: 90:94:e4:03:45:f5 ssid='2553q' wpa_ie_len=0 rsn_ie_len=24 caps=0x431 level=-63
02-03 12:44:42.261 D/wpa_supplicant(14816): wlan0:    skip - SSID mismatch
02-03 12:44:42.261 D/wpa_supplicant(14816): wlan0: 9: bc:ee:7b:97:78:35 ssid='ASUS' wpa_ie_len=0 rsn_ie_len=20 caps=0x411 level=-64 wps
02-03 12:44:42.261 D/wpa_supplicant(14816): wlan0:    skip - SSID mismatch
02-03 12:44:42.261 D/wpa_supplicant(14816): wlan0: 10: c0:c1:c0:76:81:3c ssid='E2000' wpa_ie_len=0 rsn_ie_len=20 caps=0x411 level=-64 wps
02-03 12:44:42.261 D/wpa_supplicant(14816): wlan0:    skip - SSID mismatch
02-03 12:44:42.261 D/wpa_supplicant(14816): wlan0: 11: c8:d7:19:60:62:f2 ssid='E3000-2.4G' wpa_ie_len=0 rsn_ie_len=20 caps=0x411 level=-67 wps
02-03 12:44:42.261 D/wpa_supplicant(14816): wlan0:    skip - SSID mismatch
02-03 12:44:42.261 D/wpa_supplicant(14816): wlan0: 12: 00:0f:e2:0f:9f:c1 ssid='321_WAN' wpa_ie_len=28 rsn_ie_len=24 caps=0x411 level=-68
02-03 12:44:42.261 D/wpa_supplicant(14816): wlan0:    skip - SSID mismatch
02-03 12:44:42.261 D/wpa_supplicant(14816): wlan0: 13: cc:34:29:2c:fb:ec ssid='linksys' wpa_ie_len=22 rsn_ie_len=20 caps=0x431 level=-68 wps
02-03 12:44:42.261 D/wpa_supplicant(14816): wlan0:    skip - SSID mismatch
02-03 12:44:42.261 D/wpa_supplicant(14816): wlan0: 14: 00:1e:67:80:ac:37 ssid='AndroidAP aaa' wpa_ie_len=0 rsn_ie_len=20 caps=0x1511 level=-68
02-03 12:44:42.261 D/wpa_supplicant(14816): wlan0:    skip - SSID mismatch
02-03 12:44:42.261 D/wpa_supplicant(14816): wlan0: 15: 80:1f:02:43:fb:e8 ssid='Edimax AP' wpa_ie_len=0 rsn_ie_len=20 caps=0x411 level=-68
02-03 12:44:42.261 D/wpa_supplicant(14816): wlan0:    skip - SSID mismatch
02-03 12:44:42.261 D/wpa_supplicant(14816): wlan0: 16: 14:d6:4d:28:ef:c8 ssid='dlink' wpa_ie_len=0 rsn_ie_len=20 caps=0x431 level=-69 wps
02-03 12:44:42.261 D/wpa_supplicant(14816): wlan0:    skip - SSID mismatch
02-03 12:44:42.261 D/wpa_supplicant(14816): wlan0: 17: c0:a0:bb:20:3b:84 ssid='dlink-3B84' wpa_ie_len=26 rsn_ie_len=24 caps=0x411 level=-69 wps
02-03 12:44:42.261 D/wpa_supplicant(14816): wlan0:    skip - SSID mismatch
02-03 12:44:42.261 D/wpa_supplicant(14816): wlan0: 18: 02:1a:11:fc:c3:59 ssid='test only' wpa_ie_len=0 rsn_ie_len=20 caps=0x431 level=-70
02-03 12:44:42.261 D/wpa_supplicant(14816): wlan0:    skip - SSID mismatch
02-03 12:44:42.261 D/wpa_supplicant(14816): wlan0: 19: 02:1a:11:f6:67:da ssid='love U forever' wpa_ie_len=0 rsn_ie_len=20 caps=0x431 level=-71
02-03 12:44:42.261 D/wpa_supplicant(14816): wlan0:    skip - SSID mismatch
02-03 12:44:42.261 D/wpa_supplicant(14816): wlan0: 20: cc:b2:55:e2:84:70 ssid='DLINK_APK' wpa_ie_len=22 rsn_ie_len=20 caps=0x411 level=-73
02-03 12:44:42.261 D/wpa_supplicant(14816): wlan0:    skip - SSID mismatch
02-03 12:44:42.261 D/wpa_supplicant(14816): wlan0: 21: 74:e5:43:24:f4:5b ssid='Dttest' wpa_ie_len=0 rsn_ie_len=20 caps=0x31 level=-74
02-03 12:44:42.261 D/wpa_supplicant(14816): wlan0:    skip - SSID mismatch
02-03 12:44:42.261 D/wpa_supplicant(14816): wlan0: 22: 8c:be:be:01:00:49 ssid='xmw' wpa_ie_len=0 rsn_ie_len=20 caps=0x431 level=-76
02-03 12:44:42.261 D/wpa_supplicant(14816): wlan0:    skip - SSID mismatch
02-03 12:44:42.261 D/wpa_supplicant(14816): wlan0: 23: 02:09:4c:92:72:80 ssid='DIRECT-' wpa_ie_len=0 rsn_ie_len=0 caps=0x410 level=-81
02-03 12:44:42.261 D/wpa_supplicant(14816): wlan0:    skip - SSID mismatch
02-03 12:44:42.261 D/wpa_supplicant(14816): wlan0: 24: 4c:e6:76:a5:4d:e0 ssid='BUFFALO-A54DE0-1' wpa_ie_len=0 rsn_ie_len=0 caps=0x401 level=-72 wps
02-03 12:44:42.261 D/wpa_supplicant(14816): wlan0:    skip - SSID mismatch
02-03 12:44:42.261 D/wpa_supplicant(14816): wlan0: 25: 4c:e6:76:a5:4d:e2 ssid='BUFFALO-A54DE0' wpa_ie_len=0 rsn_ie_len=0 caps=0x401 level=-73
02-03 12:44:42.261 D/wpa_supplicant(14816): wlan0:    skip - SSID mismatch
02-03 12:44:42.261 D/wpa_supplicant(14816): wlan0: No suitable network found
02-03 12:44:42.261 D/wpa_supplicant(14816): wlan0: Setting scan request: 40 sec 0 usec
02-03 12:44:42.261 D/wpa_supplicant(14816): wlan0: Checking for other virtual interfaces sharing same radio (phy0) in event_scan_results
02-03 12:44:42.261 D/wpa_supplicant(14816): p2p-dev-wlan0: Updating scan results from sibling
02-03 12:44:42.261 D/wpa_supplicant(14816): nl80211: Received scan results (26 BSSes)
02-03 12:44:42.261 D/wpa_supplicant(14816): nl80211: Survey data missing
02-03 12:44:42.261 D/wpa_supplicant(14816): p2p-dev-wlan0: BSS: Start scan result update 23
02-03 12:44:42.261 D/wpa_supplicant(14816): BSS: No P2P IE - skipping BSS 6c:8b:2f:e9:d1:da update for P2P interface
02-03 12:44:42.261 D/wpa_supplicant(14816): BSS: No P2P IE - skipping BSS f8:d1:11:e7:99:e8 update for P2P interface
02-03 12:44:42.261 D/wpa_supplicant(14816): BSS: No P2P IE - skipping BSS 02:1a:11:f2:bf:af update for P2P interface
02-03 12:44:42.261 D/wpa_supplicant(14816): BSS: No P2P IE - skipping BSS cc:34:29:2b:26:4c update for P2P interface
02-03 12:44:42.261 D/wpa_supplicant(14816): BSS: No P2P IE - skipping BSS 44:94:fc:3d:da:38 update for P2P interface
02-03 12:44:42.261 D/wpa_supplicant(14816): BSS: No P2P IE - skipping BSS b0:48:7a:20:66:6a update for P2P interface
02-03 12:44:42.261 D/wpa_supplicant(14816): BSS: No P2P IE - skipping BSS 10:c3:7b:d2:e5:e0 update for P2P interface
02-03 12:44:42.261 D/wpa_supplicant(14816): BSS: No P2P IE - skipping BSS 98:fc:11:81:35:fb update for P2P interface
02-03 12:44:42.261 D/wpa_supplicant(14816): BSS: No P2P IE - skipping BSS 90:94:e4:03:45:f5 update for P2P interface
02-03 12:44:42.261 D/wpa_supplicant(14816): BSS: No P2P IE - skipping BSS bc:ee:7b:97:78:35 update for P2P interface
02-03 12:44:42.261 D/wpa_supplicant(14816): BSS: No P2P IE - skipping BSS c0:c1:c0:76:81:3c update for P2P interface
02-03 12:44:42.261 D/wpa_supplicant(14816): BSS: No P2P IE - skipping BSS c8:d7:19:60:62:f2 update for P2P interface
02-03 12:44:42.261 D/wpa_supplicant(14816): BSS: No P2P IE - skipping BSS 00:0f:e2:0f:9f:c1 update for P2P interface
02-03 12:44:42.261 D/wpa_supplicant(14816): BSS: No P2P IE - skipping BSS cc:34:29:2c:fb:ec update for P2P interface
02-03 12:44:42.261 D/wpa_supplicant(14816): BSS: No P2P IE - skipping BSS 00:1e:67:80:ac:37 update for P2P interface
02-03 12:44:42.261 D/wpa_supplicant(14816): BSS: No P2P IE - skipping BSS 80:1f:02:43:fb:e8 update for P2P interface
02-03 12:44:42.261 D/wpa_supplicant(14816): BSS: No P2P IE - skipping BSS 14:d6:4d:28:ef:c8 update for P2P interface
02-03 12:44:42.261 D/wpa_supplicant(14816): BSS: No P2P IE - skipping BSS c0:a0:bb:20:3b:84 update for P2P interface
02-03 12:44:42.261 D/wpa_supplicant(14816): BSS: No P2P IE - skipping BSS 02:1a:11:fc:c3:59 update for P2P interface
02-03 12:44:42.261 D/wpa_supplicant(14816): BSS: No P2P IE - skipping BSS 02:1a:11:f6:67:da update for P2P interface
02-03 12:44:42.261 D/wpa_supplicant(14816): BSS: No P2P IE - skipping BSS cc:b2:55:e2:84:70 update for P2P interface
02-03 12:44:42.261 D/wpa_supplicant(14816): BSS: No P2P IE - skipping BSS 74:e5:43:24:f4:5b update for P2P interface
02-03 12:44:42.261 D/wpa_supplicant(14816): BSS: No P2P IE - skipping BSS 8c:be:be:01:00:49 update for P2P interface
02-03 12:44:42.261 D/wpa_supplicant(14816): BSS: No P2P IE - skipping BSS 02:09:4c:92:72:80 update for P2P interface
02-03 12:44:42.261 D/wpa_supplicant(14816): BSS: No P2P IE - skipping BSS 4c:e6:76:a5:4d:e0 update for P2P interface
02-03 12:44:42.261 D/wpa_supplicant(14816): BSS: No P2P IE - skipping BSS 4c:e6:76:a5:4d:e2 update for P2P interface
02-03 12:44:42.261 D/wpa_supplicant(14816): BSS: last_scan_res_used=0/0 last_scan_full=0
02-03 12:44:42.261 D/wpa_supplicant(14816): p2p-dev-wlan0: New scan results available
02-03 12:44:42.261 D/wpa_supplicant(14816): CTRL_IFACE monitor send - hexdump(len=41): 2f 64 61 74 61 2f 6d 69 73 63 2f 77 69 66 69 2f 73 6f 63 6b 65 74 73 2f 77 70 61 5f 63 74 72 6c ...
02-03 12:44:42.261 I/WifiHW  (14542): EVENT: IFNAME=p2p-dev-wlan0 CTRL-EVENT-SCAN-RESULTS 
02-03 12:44:42.261 D/wpa_supplicant(14816): WPS: AP[0] f8:d1:11:e7:99:e8 type=0 tries=0 last_attempt=-1 sec ago blacklist=0
02-03 12:44:42.261 D/wpa_supplicant(14816): WPS: AP[1] 44:94:fc:3d:da:38 type=0 tries=0 last_attempt=-1 sec ago blacklist=0
02-03 12:44:42.261 D/wpa_supplicant(14816): WPS: AP[2] cc:34:29:2b:26:4c type=0 tries=0 last_attempt=-1 sec ago blacklist=0
02-03 12:44:42.261 D/wpa_supplicant(14816): WPS: AP[3] b0:48:7a:20:66:6a type=0 tries=0 last_attempt=-1 sec ago blacklist=0
02-03 12:44:42.261 D/wpa_supplicant(14816): WPS: AP[4] 10:c3:7b:d2:e5:e0 type=0 tries=0 last_attempt=-1 sec ago blacklist=0
02-03 12:44:42.261 D/wpa_supplicant(14816): WPS: AP[5] cc:34:29:2c:fb:ec type=0 tries=0 last_attempt=-1 sec ago blacklist=0
02-03 12:44:42.261 D/wpa_supplicant(14816): WPS: AP[6] 98:fc:11:81:35:fb type=0 tries=0 last_attempt=-1 sec ago blacklist=0
02-03 12:44:42.261 D/wpa_supplicant(14816): WPS: AP[7] c0:a0:bb:20:3b:84 type=0 tries=0 last_attempt=-1 sec ago blacklist=0
02-03 12:44:42.261 D/wpa_supplicant(14816): WPS: AP[8] c0:c1:c0:76:81:3c type=0 tries=0 last_attempt=-1 sec ago blacklist=0
02-03 12:44:42.261 D/wpa_supplicant(14816): WPS: AP[9] bc:ee:7b:97:78:35 type=0 tries=0 last_attempt=-1 sec ago blacklist=0
02-03 12:44:42.261 D/wpa_supplicant(14816): WPS: AP[10] b0:48:7a:51:ff:cc type=0 tries=0 last_attempt=-1 sec ago blacklist=0
02-03 12:44:42.261 D/wpa_supplicant(14816): WPS: AP[11] e4:d3:32:36:2e:54 type=0 tries=0 last_attempt=-1 sec ago blacklist=0
02-03 12:44:42.261 D/wpa_supplicant(14816): WPS: AP[12] c8:d7:19:60:62:f2 type=0 tries=0 last_attempt=-1 sec ago blacklist=0
02-03 12:44:42.261 D/wpa_supplicant(14816): WPS: AP[13] 14:d6:4d:28:ef:c8 type=0 tries=0 last_attempt=-1 sec ago blacklist=0
02-03 12:44:42.261 D/wpa_supplicant(14816): WPS: AP[14] 4c:e6:76:a5:4d:e0 type=0 tries=0 last_attempt=-1 sec ago blacklist=0
02-03 12:44:42.261 D/wpa_supplicant(14816): WPS: AP[15] ac:f1:df:cf:85:c0 type=0 tries=0 last_attempt=-1 sec ago blacklist=0
02-03 12:44:42.261 D/wpa_supplicant(14816): WPS: AP[16] 2c:b0:5d:7f:f4:24 type=0 tries=0 last_attempt=-1 sec ago blacklist=0
02-03 12:44:42.261 D/wpa_supplicant(14816): p2p-dev-wlan0: No suitable network found
02-03 12:44:42.261 D/wpa_supplicant(14816): Do not scan on p2p management interface, return
02-03 12:44:42.261 D/wpa_supplicant(14816): wlan0: P2P: Station mode scan operation not pending anymore (sta_scan_pending=0 p2p_cb_on_scan_complete=0)
02-03 12:44:42.261 D/wpa_supplicant(14816): RX ctrl_iface - hexdump(len=25): 42 53 53 20 52 41 4e 47 45 3d 30 2d 20 4d 41 53 4b 3d 30 78 32 31 39 38 37
02-03 12:44:42.261 D/wpa_supplicant(14816): wlan0: Control interface command 'BSS RANGE=0- MASK=0x21987'
02-03 12:44:42.261 I/WifiHW  (14542): REPLY: id=0
02-03 12:44:42.261 I/WifiHW  (14542): REPLY: bssid=6c:8b:2f:e9:d1:da
02-03 12:44:42.261 I/WifiHW  (14542): REPLY: freq=2437
02-03 12:44:42.261 I/WifiHW  (14542): REPLY: level=-40
02-03 12:44:42.261 I/WifiHW  (14542): REPLY: tsf=0000013058484336
02-03 12:44:42.261 I/WifiHW  (14542): REPLY: flags=[WPA2-PSK-CCMP][ESS]
02-03 12:44:42.261 I/WifiHW  (14542): REPLY: ssid=ZTE_AP_1640
02-03 12:44:42.261 I/WifiHW  (14542): REPLY: ====
02-03 12:44:42.261 I/WifiHW  (14542): REPLY: id=1
02-03 12:44:42.261 I/WifiHW  (14542): REPLY: bssid=f8:d1:11:e7:99:e8
02-03 12:44:42.261 I/WifiHW  (14542): REPLY: freq=2437
02-03 12:44:42.261 I/WifiHW  (14542): REPLY: level=-48
02-03 12:44:42.261 I/WifiHW  (14542): REPLY: tsf=0000013058484339
02-03 12:44:42.261 I/WifiHW  (14542): REPLY: flags=[WPA-PSK-CCMP][WPA2-PSK-CCMP][WPS][ESS]
02-03 12:44:42.261 I/WifiHW  (14542): REPLY: ssid=videotest
02-03 12:44:42.261 I/WifiHW  (14542): REPLY: ====
02-03 12:44:42.261 I/WifiHW  (14542): REPLY: id=2
02-03 12:44:42.261 I/WifiHW  (14542): REPLY: bssid=44:94:fc:3d:da:38
02-03 12:44:42.261 I/WifiHW  (14542): REPLY: freq=2462
02-03 12:44:42.261 I/WifiHW  (14542): REPLY: level=-57
02-03 12:44:42.261 I/WifiHW  (14542): REPLY: tsf=0000013058484375
02-03 12:44:42.261 I/WifiHW  (14542): REPLY: flags=[WPA2-PSK-CCMP][WPS][ESS]
02-03 12:44:42.261 I/WifiHW  (14542): REPLY: ssid=6300
02-03 12:44:42.261 I/WifiHW  (14542): REPLY: ====
02-03 12:44:42.261 I/WifiHW  (14542): REPLY: id=3
02-03 12:44:42.261 I/WifiHW  (14542): REPLY: bssid=cc:34:29:2b:26:4c
02-03 12:44:42.261 I/WifiHW  (14542): REPLY: freq=2462
02-03 12:44:42.261 I/WifiHW  (14542): REPLY: level=-56
02-03 12:44:42.261 I/WifiHW  (14542): REPLY: tsf=0000013058484361
02-03 12:44:42.261 I/WifiHW  (14542): REPLY: flags=[WPA2-PSK-CCMP][WPS][ESS]
02-03 12:44:42.261 I/WifiHW  (14542): REPLY: ssid=cws-test
02-03 12:44:42.261 I/WifiHW  (14542): REPLY: ====
02-03 12:44:42.261 I/WifiHW  (14542): REPLY: id=4
02-03 12:44:42.261 I/WifiHW  (14542): REPLY: bssid=02:1a:11:f2:bf:af
02-03 12:44:42.261 I/WifiHW  (14542): REPLY: freq=2437
02-03 12:44:42.261 I/WifiHW  (14542): REPLY: level=-52
02-03 12:44:42.261 I/WifiHW  (14542): REPLY: tsf=0000013058484334
02-03 12:44:42.261 I/WifiHW  (14542): REPLY: flags=[WPA2-PSK-CCMP][ESS]
02-03 12:44:42.261 I/WifiHW  (14542): REPLY: ssid=Android
02-03 12:44:42.261 I/WifiHW  (14542): REPLY: ====
02-03 12:44:42.261 I/WifiHW  (14542): REPLY: id=5
02-03 12:44:42.261 I/WifiHW  (14542): REPLY: bssid=10:c3:7b:d2:e5:e0
02-03 12:44:42.261 I/WifiHW  (14542): REPLY: freq=2462
02-03 12:44:42.261 I/WifiHW  (14542): REPLY: level=-63
02-03 12:44:42.261 I/WifiHW  (14542): REPLY: tsf=0000013058484364
02-03 12:44:42.261 I/WifiHW  (14542): REPLY: flags=[WPA2-PSK-CCMP][WPS][ESS]
02-03 12:44:42.261 I/WifiHW  (14542): REPLY: ssid=ASUS_RT-AC66U-2.4G
02-03 12:44:42.261 I/WifiHW  (14542): REPLY: ====
02-03 12:44:42.261 I/WifiHW  (14542): REPLY: id=6
02-03 12:44:42.261 I/WifiHW  (14542): REPLY: bssid=90:94:e4:03:45:f5
02-03 12:44:42.261 I/WifiHW  (14542): REPLY: freq=2422
02-03 12:44:42.261 I/WifiHW  (14542): REPLY: level=-63
02-03 12:44:42.261 I/WifiHW  (14542): REPLY: tsf=0000013058484332
02-03 12:44:42.261 I/WifiHW  (14542): REPLY: flags=[WPA2-PSK-CCMP+TKIP][ESS]
02-03 12:44:42.261 I/WifiHW  (14542): REPLY: ssid=2553q
02-03 12:44:42.261 I/WifiHW  (14542): REPLY: ====
02-03 12:44:42.261 I/WifiHW  (14542): REPLY: id=7
02-03 12:44:42.261 I/WifiHW  (14542): REPLY: bssid=cc:34:29:2c:fb:ec
02-03 12:44:42.261 I/WifiHW  (14542): REPLY: freq=2412
02-03 12:44:42.261 I/WifiHW  (14542): REPLY: level=-68
02-03 12:44:42.261 I/WifiHW  (14542): REPLY: tsf=0000013058484314
02-03 12:44:42.261 I/WifiHW  (14542): REPLY: flags=[WPA-PSK-CCMP][WPA2-PSK-CCMP][WPS][ESS]
02-03 12:44:42.261 I/WifiHW  (14542): REPLY: ssid=linksys
02-03 12:44:42.261 I/WifiHW  (14542): REPLY: ====
02-03 12:44:42.261 D/wpa_supplicant(14816): RTM_NEWLINK: operstate=0 ifi_flags=0x11003 ([UP][LOWER_UP])
02-03 12:44:42.261 I/WifiHW  (14542): REPLY: id=8
02-03 12:44:42.261 I/WifiHW  (14542): REPLY: bssid=98:fc:11:81:35:fb
02-03 12:44:42.261 I/WifiHW  (14542): REPLY: freq=2412
02-03 12:44:42.261 I/WifiHW  (14542): REPLY: level=-63
02-03 12:44:42.261 I/WifiHW  (14542): REPLY: tsf=0000013058484320
02-03 12:44:42.261 I/WifiHW  (14542): REPLY: flags=[WPA2-PSK-CCMP][WPS][ESS]
02-03 12:44:42.261 I/WifiHW  (14542): REPLY: ssid=E2000E
02-03 12:44:42.261 I/WifiHW  (14542): REPLY: ====
02-03 12:44:42.261 I/WifiHW  (14542): REPLY: id=9
02-03 12:44:42.261 I/WifiHW  (14542): REPLY: bssid=b0:48:7a:20:66:6a
02-03 12:44:42.261 I/WifiHW  (14542): REPLY: freq=2462
02-03 12:44:42.261 I/WifiHW  (14542): REPLY: level=-58
02-03 12:44:42.261 I/WifiHW  (14542): REPLY: tsf=0000013058484372
02-03 12:44:42.261 I/WifiHW  (14542): REPLY: flags=[WPA-PSK-CCMP][WPA2-PSK-CCMP][WPS][ESS]
02-03 12:44:42.261 I/WifiHW  (14542): REPLY: ssid=TP-LINK_20666A
02-03 12:44:42.261 I/WifiHW  (14542): REPLY: ====
02-03 12:44:42.261 I/WifiHW  (14542): REPLY: id=12
02-03 12:44:42.261 I/WifiHW  (14542): REPLY: bssid=00:0f:e2:0f:9f:c1
02-03 12:44:42.261 I/WifiHW  (14542): REPLY: freq=2462
02-03 12:44:42.261 I/WifiHW  (14542): REPLY: level=-68
02-03 12:44:42.261 I/WifiHW  (14542): REPLY: tsf=0000013058484385
02-03 12:44:42.261 I/WifiHW  (14542): REPLY: flags=[WPA-PSK-CCMP+TKIP][WPA2-PSK-CCMP+TKIP][ESS]
02-03 12:44:42.261 I/WifiHW  (14542): REPLY: ssid=321_WAN
02-03 12:44:42.261 I/WifiHW  (14542): REPLY: ====
02-03 12:44:42.261 I/WifiHW  (14542): REPLY: id=14
02-03 12:44:42.261 I/WifiHW  (14542): REPLY: bssid=e4:d3:32:c0:cf:a4
02-03 12:44:42.261 I/WifiHW  (14542): REPLY: freq=2437
02-03 12:44:42.261 I/WifiHW  (14542): REPLY: level=-67
02-03 12:44:42.261 I/WifiHW  (14542): REPLY: tsf=0000013017288299
02-03 12:44:42.261 I/WifiHW  (14542): REPLY: flags=[WPA2-PSK-CCMP][ESS]
02-03 12:44:42.261 I/WifiHW  (14542): REPLY: ssid=fast
02-03 12:44:42.261 I/WifiHW  (14542): REPLY: ====
02-03 12:44:42.261 I/WifiHW  (14542): REPLY: id=18
02-03 12:44:42.261 I/WifiHW  (14542): REPLY: bssid=bc:ee:7b:97:78:35
02-03 12:44:42.261 I/WifiHW  (14542): REPLY: freq=2462
02-03 12:44:42.261 I/WifiHW  (14542): REPLY: level=-64
02-03 12:44:42.261 I/WifiHW  (14542): REPLY: tsf=0000013058484380
02-03 12:44:42.261 I/WifiHW  (14542): REPLY: flags=[WPA2-PSK-CCMP][WPS][ESS]
02-03 12:44:42.261 I/WifiHW  (14542): REPLY: ssid=ASUS
02-03 12:44:42.261 I/WifiHW  (14542): REPLY: ====
02-03 12:44:42.261 I/WifiHW  (14542): REPLY: id=28
02-03 12:44:42.261 I/WifiHW  (14542): REPLY: bssid=e4:d3:32:36:2e:54
02-03 12:44:42.261 I/WifiHW  (14542): REPLY: freq=2412
02-03 12:44:42.261 I/WifiHW  (14542): REPLY: level=-64
02-03 12:44:42.261 I/WifiHW  (14542): REPLY: tsf=0000013017288268
02-03 12:44:42.261 I/WifiHW  (14542): REPLY: flags=[WPS][ESS]
02-03 12:44:42.261 I/WifiHW  (14542): REPLY: ssid=MERCURY_362E54
02-03 12:44:42.261 I/WifiHW  (14542): REPLY: ====
02-03 12:44:42.261 I/WifiHW  (14542): REPLY: id=59
02-03 12:44:42.261 I/WifiHW  (14542): REPLY: bssid=c8:d7:19:60:62:f2
02-03 12:44:42.261 I/WifiHW  (14542): REPLY: freq=2462
02-03 12:44:42.261 I/WifiHW  (14542): REPLY: level=-67
02-03 12:44:42.261 I/WifiHW  (14542): REPLY: tsf=0000013058484369
02-03 12:44:42.261 I/WifiHW  (14542): REPLY: flags=[WPA2-PSK-CCMP][WPS][ESS]
02-03 12:44:42.261 I/WifiHW  (14542): REPLY: ssid=E3000-2.4G
02-03 12:44:42.261 I/WifiHW  (14542): REPLY: ====
02-03 12:44:42.261 I/WifiHW  (14542): REPLY: id=61
02-03 12:44:42.261 I/WifiHW  (14542): REPLY: bssid=50:bd:5f:4b:29:92
02-03 12:44:42.261 I/WifiHW  (14542): REPLY: freq=2437
02-03 12:44:42.261 I/WifiHW  (14542): REPLY: level=-77
02-03 12:44:42.261 I/WifiHW  (14542): REPLY: tsf=0000013017288292
02-03 12:44:42.261 I/WifiHW  (14542): REPLY: flags=[ESS]
02-03 12:44:42.261 I/WifiHW  (14542): REPLY: ssid=Internet-2
02-03 12:44:42.261 I/WifiHW  (14542): REPLY: ====
02-03 12:44:42.261 I/WifiHW  (14542): REPLY: id=62
02-03 12:44:42.261 I/WifiHW  (14542): REPLY: bssid=b0:48:7a:51:ff:cc
02-03 12:44:42.261 I/WifiHW  (14542): REPLY: freq=2427
02-03 12:44:42.261 I/WifiHW  (14542): REPLY: level=-72
02-03 12:44:42.261 I/WifiHW  (14542): REPLY: tsf=0000013017288279
02-03 12:44:42.261 I/WifiHW  (14542): REPLY: flags=[WPA-PSK-CCMP][WPA2-PSK-CCMP][WPS][ESS]
02-03 12:44:42.261 I/WifiHW  (14542): REPLY: ssid=Neusoft TP
02-03 12:44:42.261 I/WifiHW  (14542): REPLY: ====
02-03 12:44:42.261 I/WifiHW  (14542): REPLY: id=64
02-03 12:44:42.261 D/wpa_supplicant(14816): RTM_NEWLINK, IFLA_IFNAME: Interface 'wlan0' added
02-03 12:44:42.261 I/WifiHW  (14542): REPLY: bssid=02:1a:11:fc:c3:59
02-03 12:44:42.261 I/WifiHW  (14542): REPLY: freq=2437
02-03 12:44:42.261 I/WifiHW  (14542): REPLY: level=-70
02-03 12:44:42.261 I/WifiHW  (14542): REPLY: tsf=0000013058484342
02-03 12:44:42.261 I/WifiHW  (14542): REPLY: flags=[WPA2-PSK-CCMP][ESS]
02-03 12:44:42.261 I/WifiHW  (14542): REPLY: ssid=test only
02-03 12:44:42.261 I/WifiHW  (14542): REPLY: ====
02-03 12:44:42.261 I/WifiHW  (14542): REPLY: id=66
02-03 12:44:42.261 I/WifiHW  (14542): REPLY: bssid=74:e5:43:24:f4:5b
02-03 12:44:42.261 I/WifiHW  (14542): REPLY: freq=2412
02-03 12:44:42.261 I/WifiHW  (14542): REPLY: level=-74
02-03 12:44:42.261 I/WifiHW  (14542): REPLY: tsf=0000013058484326
02-03 12:44:42.261 I/WifiHW  (14542): REPLY: flags=[WPA2-PSK-CCMP][ESS]
02-03 12:44:42.261 I/WifiHW  (14542): REPLY: ssid=Dttest
02-03 12:44:42.261 I/WifiHW  (14542): REPLY: ====
02-03 12:44:42.261 I/WifiHW  (14542): REPLY: id=67
02-03 12:44:42.261 I/WifiHW  (14542): REPLY: bssid=00:1e:67:80:ac:37
02-03 12:44:42.261 I/WifiHW  (14542): REPLY: freq=2437
02-03 12:44:42.261 I/WifiHW  (14542): REPLY: level=-68
02-03 12:44:42.261 I/WifiHW  (14542): REPLY: tsf=0000013058484350
02-03 12:44:42.261 I/WifiHW  (14542): REPLY: flags=[WPA2-PSK-CCMP][ESS]
02-03 12:44:42.261 I/WifiHW  (14542): REPLY: ssid=AndroidAP aaa
02-03 12:44:42.261 I/WifiHW  (14542): REPLY: ====
02-03 12:44:42.261 I/WifiHW  (14542): REPLY: id=74
02-03 12:44:42.261 I/WifiHW  (14542): REPLY: bssid=4c:e6:76:a5:4d:e2
02-03 12:44:42.261 I/WifiHW  (14542): REPLY: freq=2462
02-03 12:44:42.261 I/WifiHW  (14542): REPLY: level=-73
02-03 12:44:42.261 I/WifiHW  (14542): REPLY: tsf=0000013058484388
02-03 12:44:42.261 I/WifiHW  (14542): REPLY: flags=[ESS]
02-03 12:44:42.261 I/WifiHW  (14542): REPLY: ssid=BUFFALO-A54DE0
02-03 12:44:42.261 I/WifiHW  (14542): REPLY: ====
02-03 12:44:42.261 I/WifiHW  (14542): REPLY: id=77
02-03 12:44:42.261 I/WifiHW  (14542): REPLY: bssid=80:1f:02:43:fb:e8
02-03 12:44:42.261 I/WifiHW  (14542): REPLY: freq=2412
02-03 12:44:42.261 I/WifiHW  (14542): REPLY: level=-68
02-03 12:44:42.261 I/WifiHW  (14542): REPLY: tsf=0000013058484317
02-03 12:44:42.261 I/WifiHW  (14542): REPLY: flags=[WPA2-PSK-CCMP-preauth][ESS]
02-03 12:44:42.261 I/WifiHW  (14542): REPLY: ssid=Edimax AP
02-03 12:44:42.261 I/WifiHW  (14542): REPLY: ====
02-03 12:44:42.261 I/WifiHW  (14542): REPLY: id=83
02-03 12:44:42.261 I/WifiHW  (14542): REPLY: bssid=c0:a0:bb:20:3b:84
02-03 12:44:42.261 I/WifiHW  (14542): REPLY: freq=2417
02-03 12:44:42.261 I/WifiHW  (14542): REPLY: level=-69
02-03 12:44:42.261 I/WifiHW  (14542): REPLY: tsf=0000013058484329
02-03 12:44:42.261 I/WifiHW  (14542): REPLY: flags=[WPA-PSK-CCMP+TKIP][WPA2-PSK-CCMP+TKIP][WPS][ESS]
02-03 12:44:42.261 I/WifiHW  (14542): REPLY: ssid=dlink-3B84
02-03 12:44:42.261 I/WifiHW  (14542): REPLY: ====
02-03 12:44:42.261 I/WifiHW  (14542): REPLY: id=86
02-03 12:44:42.261 I/WifiHW  (14542): REPLY: bssid=e4:d3:32:dd:18:62
02-03 12:44:42.261 I/WifiHW  (14542): REPLY: freq=2437
02-03 12:44:42.261 I/WifiHW  (14542): REPLY: level=-73
02-03 12:44:42.261 I/WifiHW  (14542): REPLY: tsf=0000013017288257
02-03 12:44:42.261 I/WifiHW  (14542): REPLY: flags=[ESS]
02-03 12:44:42.261 I/WifiHW  (14542): REPLY: ssid=Internet
02-03 12:44:42.261 I/WifiHW  (14542): REPLY: ====
02-03 12:44:42.261 I/WifiHW  (14542): REPLY: id=88
02-03 12:44:42.261 I/WifiHW  (14542): REPLY: bssid=02:1a:11:f6:67:da
02-03 12:44:42.261 I/WifiHW  (14542): REPLY: freq=2437
02-03 12:44:42.261 I/WifiHW  (14542): REPLY: level=-71
02-03 12:44:42.261 I/WifiHW  (14542): REPLY: tsf=0000013058484344
02-03 12:44:42.261 I/WifiHW  (14542): REPLY: flags=[WPA2-PSK-CCMP][ESS]
02-03 12:44:42.261 I/WifiHW  (14542): REPLY: ssid=love U forever
02-03 12:44:42.261 I/WifiHW  (14542): REPLY: ====
02-03 12:44:42.261 I/WifiHW  (14542): REPLY: id=90
02-03 12:44:42.261 I/WifiHW  (14542): REPLY: bssid=4c:e6:76:a5:4d:e0
02-03 12:44:42.261 I/WifiHW  (14542): REPLY: freq=2462
02-03 12:44:42.261 I/WifiHW  (14542): REPLY: level=-72
02-03 12:44:42.261 I/WifiHW  (14542): REPLY: tsf=0000013058484382
02-03 12:44:42.261 I/WifiHW  (14542): REPLY: flags=[WPS][ESS]
02-03 12:44:42.261 I/WifiHW  (14542): REPLY: ssid=BUFFALO-A54DE0-1
02-03 12:44:42.261 I/WifiHW  (14542): REPLY: ====
02-03 12:44:42.261 I/WifiHW  (14542): REPLY: id=91
02-03 12:44:42.261 I/WifiHW  (14542): REPLY: bssid=c0:c1:c0:76:81:3c
02-03 12:44:42.261 I/WifiHW  (14542): REPLY: freq=2437
02-03 12:44:42.261 I/WifiHW  (14542): REPLY: level=-64
02-03 12:44:42.261 I/WifiHW  (14542): REPLY: tsf=0000013058484355
02-03 12:44:42.261 I/WifiHW  (14542): REPLY: flags=[WPA2-PSK-CCMP][WPS][ESS]
02-03 12:44:42.261 I/WifiHW  (14542): REPLY: ssid=E2000
02-03 12:44:42.261 I/WifiHW  (14542): REPLY: ====
02-03 12:44:42.261 I/WifiHW  (14542): REPLY: id=92
02-03 12:44:42.261 I/WifiHW  (14542): REPLY: bssid=cc:b2:55:e2:84:70
02-03 12:44:42.261 I/WifiHW  (14542): REPLY: freq=2447
02-03 12:44:42.261 I/WifiHW  (14542): REPLY: level=-73
02-03 12:44:42.261 I/WifiHW  (14542): REPLY: tsf=0000013058484358
02-03 12:44:42.261 I/WifiHW  (14542): REPLY: flags=[WPA-PSK-TKIP][WPA2-PSK-TKIP][ESS]
02-03 12:44:42.261 I/WifiHW  (14542): REPLY: ssid=DLINK_APK
02-03 12:44:42.261 I/WifiHW  (14542): REPLY: ====
02-03 12:44:42.261 I/WifiHW  (14542): REPLY: id=93
02-03 12:44:42.261 I/WifiHW  (14542): REPLY: bssid=2c:b0:5d:7f:f4:24
02-03 12:44:42.261 I/WifiHW  (14542): REPLY: freq=2437
02-03 12:44:42.261 I/WifiHW  (14542): REPLY: level=-73
02-03 12:44:42.261 I/WifiHW  (14542): REPLY: tsf=0000013017288302
02-03 12:44:42.261 I/WifiHW  (14542): REPLY: flags=[WPA2-PSK-CCMP][WPS][ESS]
02-03 12:44:42.261 I/WifiHW  (14542): REPLY: ssid=NETGEAR38
02-03 12:44:42.261 I/WifiHW  (14542): REPLY: ====
02-03 12:44:42.261 I/WifiHW  (14542): REPLY: id=94
02-03 12:44:42.261 I/WifiHW  (14542): REPLY: bssid=14:d6:4d:28:ef:c8
02-03 12:44:42.261 I/WifiHW  (14542): REPLY: freq=2437
02-03 12:44:42.261 I/WifiHW  (14542): REPLY: level=-69
02-03 12:44:42.261 I/WifiHW  (14542): REPLY: tsf=0000013058484347
02-03 12:44:42.261 I/WifiHW  (14542): REPLY: flags=[WPA2-PSK-CCMP][WPS][ESS]
02-03 12:44:42.261 I/WifiHW  (14542): REPLY: ssid=dlink
02-03 12:44:42.261 I/WifiHW  (14542): REPLY: ====
02-03 12:44:42.261 I/WifiHW  (14542): REPLY: id=95
02-03 12:44:42.261 I/WifiHW  (14542): REPLY: bssid=8c:be:be:01:00:49
02-03 12:44:42.261 I/WifiHW  (14542): REPLY: freq=2412
02-03 12:44:42.261 I/WifiHW  (14542): REPLY: level=-76
02-03 12:44:42.261 I/WifiHW  (14542): REPLY: tsf=0000013058484323
02-03 12:44:42.261 I/WifiHW  (14542): REPLY: flags=[WPA2-PSK-CCMP][ESS]
02-03 12:44:42.261 I/WifiHW  (14542): REPLY: ssid=xmw
02-03 12:44:42.261 I/WifiHW  (14542): REPLY: ====
02-03 12:44:42.261 I/WifiHW  (14542): REPLY: id=96
02-03 12:44:42.261 I/WifiHW  (14542): REPLY: bssid=02:09:4c:92:72:80
02-03 12:44:42.261 I/WifiHW  (14542): REPLY: freq=2412
02-03 12:44:42.261 I/WifiHW  (14542): REPLY: level=-81
02-03 12:44:42.261 I/WifiHW  (14542): REPLY: tsf=0000013058484352
02-03 12:44:42.261 I/WifiHW  (14542): REPLY: flags=[WEP]
02-03 12:44:42.261 I/WifiHW  (14542): REPLY: ssid=DIRECT-
02-03 12:44:42.261 I/WifiHW  (14542): REPLY: ####
02-03 12:44:42.261 D/wpa_supplicant(14816): nl80211: if_removed already cleared - ignore event
02-03 12:44:42.331 W/BindingManager(18937): Cannot call determinedVisibility() - never saw a connection for the pid: 18937
02-03 12:44:42.491 D/dalvikvm(15954): GC_FOR_ALLOC freed 4538K, 51% free 8741K/17536K, paused 7ms, total 7ms
02-03 12:44:42.491 D/dalvikvm(15954): GC_CONCURRENT freed 1500K, 50% free 8899K/17536K, paused 0ms+1ms, total 5ms
02-03 12:44:42.511 D/dalvikvm(15954): GC_CONCURRENT freed 4148K, 50% free 8888K/17536K, paused 1ms+2ms, total 5ms
02-03 12:44:42.511 D/dalvikvm(15954): GC_CONCURRENT freed 4198K, 50% free 8775K/17536K, paused 0ms+1ms, total 3ms
02-03 12:44:42.511 D/dalvikvm(15954): WAIT_FOR_CONCURRENT_GC blocked 2ms
02-03 12:44:42.531 D/dalvikvm(15954): GC_CONCURRENT freed 4001K, 50% free 8793K/17536K, paused 1ms+1ms, total 4ms
02-03 12:44:42.531 D/dalvikvm(15954): WAIT_FOR_CONCURRENT_GC blocked 3ms
02-03 12:44:42.531 D/dalvikvm(15954): GC_CONCURRENT freed 3929K, 50% free 8894K/17536K, paused 1ms+1ms, total 4ms
02-03 12:44:42.531 D/dalvikvm(15954): WAIT_FOR_CONCURRENT_GC blocked 3ms
02-03 12:44:42.541 D/dalvikvm(15954): GC_CONCURRENT freed 4194K, 50% free 8782K/17536K, paused 0ms+1ms, total 3ms
02-03 12:44:42.541 D/dalvikvm(15954): WAIT_FOR_CONCURRENT_GC blocked 3ms
02-03 12:44:42.551 D/dalvikvm(15954): GC_CONCURRENT freed 4004K, 50% free 8860K/17536K, paused 1ms+1ms, total 4ms
02-03 12:44:42.551 D/dalvikvm(15954): WAIT_FOR_CONCURRENT_GC blocked 3ms
02-03 12:44:42.551 D/dalvikvm(15954): GC_CONCURRENT freed 4106K, 51% free 8760K/17536K, paused 1ms+0ms, total 4ms
02-03 12:44:42.551 D/dalvikvm(15954): WAIT_FOR_CONCURRENT_GC blocked 3ms
02-03 12:44:42.561 D/dalvikvm(15954): GC_CONCURRENT freed 3893K, 49% free 8963K/17536K, paused 0ms+1ms, total 3ms
02-03 12:44:42.561 D/dalvikvm(15954): WAIT_FOR_CONCURRENT_GC blocked 3ms
02-03 12:44:42.571 D/dalvikvm(15954): GC_CONCURRENT freed 4155K, 50% free 8853K/17536K, paused 0ms+1ms, total 3ms
02-03 12:44:42.571 D/dalvikvm(15954): WAIT_FOR_CONCURRENT_GC blocked 2ms
02-03 12:44:42.571 D/dalvikvm(15954): GC_FOR_ALLOC freed 4111K, 50% free 8816K/17536K, paused 3ms, total 3ms
02-03 12:44:42.571 D/EVENT_THREAD(14412): void CEventThread::run() POLLIN event on Fd (1)
02-03 12:44:42.571 D/EVENT_THREAD(14412): void CEventThread::run() Do poll with timeout: -1
02-03 12:44:42.571 D/EVENT_THREAD(14412): void CEventThread::run() POLLIN event on Fd (1)
02-03 12:44:42.571 D/EVENT_THREAD(14412): void CEventThread::run() Do poll with timeout: -1
02-03 12:44:42.571 I/upi_ug31xx(  166): (1349) update_capacity
02-03 12:44:42.571 I/[UPI]   (  166): <UG31/E>[UpiReadCapacity]: V=4020(4019), T=339(341-416), I=-309, C=-3(-3-0)
02-03 12:44:42.571 I/[UPI]   (  166): <UG31/E>[UpiReadCapacity]: (0x0221254a) 2901 (2871) / 3159 (3973) = 92
02-03 12:44:42.571 I/[UPI]   (  166): <UG31/E>[UpiReadCapacity]: (0x0221254a) 2901 (2871) / 3159 (3973) = 92
02-03 12:44:42.571 I/[UPI]   (  166): <UG31/E>[UpiReadCapacity]: (0x0221254a) 2898 (2898) / 3159 (3973) = 92
02-03 12:44:42.571 I/[UPI]   (  166): <UG31/E>[RsocFilterCountTime]: (0x0221254a) Step=3(212010), Full=1(212010), Lock=212010(1800000)
02-03 12:44:42.571 I/[UPI]   (  166): <UG31/E>[UpiReadCapacity]: (0x0221254a) 2898 (2898) / 3159 (3973) = 92 (-309--309)
02-03 12:44:42.571 I/[UPI]   (  166): <UG31/E><BATT> M:normal, P:92(92-92)%, V:4019mV, C:-195mA, T:34.1C(416), S:0x0221254a(000), R:2898mAh, F:3159mAh, Q:-831mAh, CC:5, P:30.250(830-0)s, BO:5, 97:615:0-44af-9m:B001-20140514-144301 (16)
02-03 12:44:42.571 I/upi_ug31xx(  166): (1350) backup_data 
02-03 12:44:42.571 V/upi_ug31xx(  166): state->check_backup_count = 5
02-03 12:44:42.581 D/dalvikvm(15954): GC_CONCURRENT freed 3803K, 49% free 9001K/17536K, paused 1ms+1ms, total 5ms
02-03 12:44:42.581 D/dalvikvm(15954): WAIT_FOR_CONCURRENT_GC blocked 2ms
02-03 12:44:42.591 D/dalvikvm(15954): GC_FOR_ALLOC freed 4181K, 50% free 8780K/17536K, paused 3ms, total 3ms
02-03 12:44:42.591 D/dalvikvm(15954): GC_FOR_ALLOC freed 3858K, 50% free 8931K/17536K, paused 3ms, total 3ms
02-03 12:44:42.601 D/dalvikvm(15954): GC_CONCURRENT freed 2265K, 48% free 9233K/17536K, paused 1ms+1ms, total 4ms
02-03 12:44:42.601 D/dalvikvm(15954): GC_CONCURRENT freed 4322K, 50% free 8894K/17536K, paused 0ms+1ms, total 3ms
02-03 12:44:42.601 D/dalvikvm(15954): WAIT_FOR_CONCURRENT_GC blocked 3ms
02-03 12:44:42.611 D/dalvikvm(15954): GC_FOR_ALLOC freed 3937K, 49% free 8953K/17536K, paused 3ms, total 3ms
02-03 12:44:42.611 D/dalvikvm(15954): GC_CONCURRENT freed 543K, 47% free 9442K/17536K, paused 1ms+2ms, total 4ms
02-03 12:44:42.621 D/dalvikvm(15954): GC_CONCURRENT freed 4629K, 50% free 8908K/17536K, paused 1ms+1ms, total 3ms
02-03 12:44:42.621 D/dalvikvm(15954): WAIT_FOR_CONCURRENT_GC blocked 2ms
02-03 12:44:42.631 D/dalvikvm(15954): GC_FOR_ALLOC freed 4088K, 50% free 8799K/17536K, paused 4ms, total 4ms
02-03 12:44:42.631 D/dalvikvm(15954): GC_CONCURRENT freed 2266K, 47% free 9379K/17536K, paused 1ms+1ms, total 4ms
02-03 12:44:42.641 D/dalvikvm(15954): GC_FOR_ALLOC freed 4434K, 49% free 8983K/17536K, paused 3ms, total 3ms
02-03 12:44:42.641 D/dalvikvm(15954): GC_CONCURRENT freed 2419K, 47% free 9412K/17536K, paused 1ms+1ms, total 4ms
02-03 12:44:42.651 D/dalvikvm(15954): GC_FOR_ALLOC freed 4433K, 49% free 8995K/17536K, paused 3ms, total 3ms
02-03 12:44:42.651 D/dalvikvm(15954): GC_CONCURRENT freed 1949K, 46% free 9563K/17536K, paused 1ms+1ms, total 4ms
02-03 12:44:42.661 D/dalvikvm(15954): GC_FOR_ALLOC freed 4718K, 50% free 8877K/17536K, paused 2ms, total 2ms
02-03 12:44:42.661 D/dalvikvm(15954): GC_CONCURRENT freed 2280K, 47% free 9463K/17536K, paused 1ms+1ms, total 4ms
02-03 12:44:42.671 D/dalvikvm(15954): GC_FOR_ALLOC freed 4622K, 50% free 8884K/17536K, paused 4ms, total 4ms
02-03 12:44:42.681 D/dalvikvm(15954): GC_CONCURRENT freed 2222K, 48% free 9287K/17536K, paused 1ms+1ms, total 4ms
02-03 12:44:42.681 D/dalvikvm(15954): GC_FOR_ALLOC freed 4433K, 50% free 8890K/17536K, paused 3ms, total 3ms
02-03 12:44:42.691 D/dalvikvm(15954): GC_CONCURRENT freed 1945K, 46% free 9513K/17536K, paused 1ms+1ms, total 5ms
02-03 12:44:42.691 D/dalvikvm(15954): GC_FOR_ALLOC freed 4773K, 50% free 8826K/17536K, paused 3ms, total 3ms
02-03 12:44:42.701 D/dalvikvm(15954): GC_CONCURRENT freed 2360K, 47% free 9467K/17536K, paused 0ms+1ms, total 4ms
02-03 12:44:42.701 D/dalvikvm(15954): GC_CONCURRENT freed 4555K, 49% free 8976K/17536K, paused 0ms+1ms, total 3ms
02-03 12:44:42.701 D/dalvikvm(15954): WAIT_FOR_CONCURRENT_GC blocked 3ms
02-03 12:44:42.711 D/dalvikvm(15954): GC_FOR_ALLOC freed 3901K, 49% free 9054K/17536K, paused 3ms, total 3ms
02-03 12:44:42.711 D/dalvikvm(15954): GC_CONCURRENT freed 2315K, 46% free 9501K/17536K, paused 1ms+1ms, total 4ms
02-03 12:44:42.721 D/dalvikvm(15954): GC_FOR_ALLOC freed 4523K, 49% free 9064K/17536K, paused 3ms, total 3ms
02-03 12:44:42.721 D/dalvikvm(15954): GC_CONCURRENT freed 2145K, 46% free 9599K/17536K, paused 1ms+1ms, total 4ms
02-03 12:44:42.731 D/dalvikvm(15954): GC_FOR_ALLOC freed 4714K, 50% free 8840K/17536K, paused 3ms, total 3ms
02-03 12:44:42.741 D/dalvikvm(15954): GC_FOR_ALLOC freed 4006K, 50% free 8921K/17536K, paused 2ms, total 2ms
02-03 12:44:42.741 D/dalvikvm(15954): GC_CONCURRENT freed 2388K, 46% free 9476K/17536K, paused 0ms+1ms, total 4ms
02-03 12:44:42.751 D/dalvikvm(15954): GC_FOR_ALLOC freed 4336K, 49% free 9088K/17536K, paused 3ms, total 3ms
02-03 12:44:42.751 D/dalvikvm(15954): GC_FOR_ALLOC freed 3996K, 49% free 9094K/17536K, paused 3ms, total 3ms
02-03 12:44:42.761 D/dalvikvm(15954): GC_CONCURRENT freed 2313K, 46% free 9506K/17536K, paused 1ms+2ms, total 5ms
02-03 12:44:42.761 D/dalvikvm(15954): GC_FOR_ALLOC freed 4662K, 50% free 8936K/17536K, paused 2ms, total 2ms
02-03 12:44:42.771 D/dalvikvm(15954): GC_CONCURRENT freed 2194K, 47% free 9441K/17536K, paused 0ms+1ms, total 4ms
02-03 12:44:42.771 D/dalvikvm(15954): GC_FOR_ALLOC freed 4337K, 49% free 9111K/17536K, paused 3ms, total 3ms
02-03 12:44:42.781 D/dalvikvm(15954): GC_CONCURRENT freed 1462K, 46% free 9626K/17536K, paused 0ms+1ms, total 4ms
02-03 12:44:42.781 D/dalvikvm(15954): GC_FOR_ALLOC freed 4585K, 48% free 9119K/17536K, paused 3ms, total 3ms
02-03 12:44:42.791 D/dalvikvm(15954): GC_CONCURRENT freed 2102K, 45% free 9644K/17536K, paused 1ms+1ms, total 4ms
02-03 12:44:42.791 D/dalvikvm(15954): GC_FOR_ALLOC freed 4671K, 49% free 8950K/17536K, paused 3ms, total 3ms
02-03 12:44:42.801 D/dalvikvm(15954): GC_CONCURRENT freed 2319K, 46% free 9484K/17536K, paused 1ms+1ms, total 4ms
02-03 12:44:42.801 D/dalvikvm(15954): GC_FOR_ALLOC freed 4580K, 49% free 8955K/17536K, paused 3ms, total 3ms
02-03 12:44:42.811 D/dalvikvm(15954): GC_CONCURRENT freed 2361K, 46% free 9498K/17536K, paused 1ms+1ms, total 4ms
02-03 12:44:42.811 D/dalvikvm(15954): GC_FOR_ALLOC freed 4481K, 50% free 8868K/17536K, paused 3ms, total 3ms
02-03 12:44:42.821 D/dalvikvm(15954): GC_FOR_ALLOC freed 3884K, 50% free 8870K/17536K, paused 3ms, total 3ms
02-03 12:44:42.821 D/dalvikvm(15954): GC_FOR_ALLOC freed 3921K, 50% free 8872K/17536K, paused 2ms, total 2ms
02-03 12:44:42.831 D/dalvikvm(15954): GC_FOR_ALLOC freed 3959K, 50% free 8874K/17536K, paused 3ms, total 3ms
02-03 12:44:42.831 D/dalvikvm(15954): GC_CONCURRENT freed 3806K, 49% free 9066K/17536K, paused 1ms+1ms, total 4ms
02-03 12:44:42.831 D/dalvikvm(15954): WAIT_FOR_CONCURRENT_GC blocked 3ms
02-03 12:44:42.841 D/dalvikvm(15954): GC_CONCURRENT freed 4033K, 49% free 9070K/17536K, paused 1ms+0ms, total 4ms
02-03 12:44:42.841 D/dalvikvm(15954): WAIT_FOR_CONCURRENT_GC blocked 3ms
02-03 12:44:42.841 D/dalvikvm(15954): GC_FOR_ALLOC freed 4265K, 50% free 8879K/17536K, paused 3ms, total 3ms
02-03 12:44:42.851 D/dalvikvm(15954): GC_CONCURRENT freed 2639K, 47% free 9465K/17536K, paused 1ms+2ms, total 5ms
02-03 12:44:42.851 D/dalvikvm(15954): GC_FOR_ALLOC freed 4429K, 49% free 8980K/17536K, paused 2ms, total 2ms
02-03 12:44:42.861 D/dalvikvm(15954): GC_FOR_ALLOC freed 3975K, 50% free 8884K/17536K, paused 3ms, total 3ms
02-03 12:44:42.871 D/dalvikvm(15954): GC_CONCURRENT freed 3707K, 48% free 9186K/17536K, paused 3ms+1ms, total 6ms
02-03 12:44:42.871 D/dalvikvm(15954): WAIT_FOR_CONCURRENT_GC blocked 4ms
02-03 12:44:42.881 D/dalvikvm(15954): GC_CONCURRENT freed 4243K, 49% free 8988K/17536K, paused 0ms+1ms, total 4ms
02-03 12:44:42.881 D/dalvikvm(15954): WAIT_FOR_CONCURRENT_GC blocked 3ms
02-03 12:44:42.891 D/dalvikvm(15954): GC_CONCURRENT freed 3874K, 49% free 9093K/17536K, paused 1ms+1ms, total 5ms
02-03 12:44:42.891 D/dalvikvm(15954): WAIT_FOR_CONCURRENT_GC blocked 4ms
02-03 12:44:42.891 D/dalvikvm(15954): GC_FOR_ALLOC freed 4007K, 49% free 8993K/17536K, paused 3ms, total 3ms
02-03 12:44:42.911 D/dalvikvm(15954): GC_CONCURRENT freed 3938K, 49% free 9100K/17536K, paused 1ms+1ms, total 4ms
02-03 12:44:42.911 D/dalvikvm(15954): WAIT_FOR_CONCURRENT_GC blocked 3ms
02-03 12:44:42.911 W/BindingManager(18937): Cannot call determinedVisibility() - never saw a connection for the pid: 18937
02-03 12:44:42.911 D/dalvikvm(15954): GC_FOR_ALLOC freed 4074K, 49% free 8998K/17536K, paused 3ms, total 4ms
02-03 12:44:42.921 D/EVENT_THREAD(14412): void CEventThread::run() POLLIN event on Fd (1)
02-03 12:44:42.921 D/EVENT_THREAD(14412): void CEventThread::run() Do poll with timeout: -1
02-03 12:44:42.921 I/upi_ug31xx(  166): (1351) backup_bo check
02-03 12:44:42.921 D/dalvikvm(15954): GC_FOR_ALLOC freed 3687K, 48% free 9212K/17536K, paused 3ms, total 3ms
02-03 12:44:42.931 D/dalvikvm(15954): GC_FOR_ALLOC freed 4246K, 50% free 8898K/17536K, paused 3ms, total 3ms
02-03 12:44:42.941 D/dalvikvm(15954): GC_CONCURRENT freed 3957K, 49% free 9006K/17536K, paused 1ms+1ms, total 4ms
02-03 12:44:42.941 I/chromium(18937): [INFO:CONSOLE(46)] "Uncaught ReferenceError: SharedWorker is not defined", source: app://org.xwalk.webapi_noneservice_tests//opt/tct-workers-w3c-tests/workers/SharedWorkerGlobalScope_onconnect.html (46)
02-03 12:44:42.951 D/dalvikvm(15954): GC_CONCURRENT freed 3771K, 47% free 9439K/17536K, paused 0ms+1ms, total 4ms
02-03 12:44:42.961 D/dalvikvm(15954): GC_FOR_ALLOC freed 4342K, 50% free 8902K/17536K, paused 4ms, total 4ms
02-03 12:44:42.971 D/dalvikvm(15954): GC_FOR_ALLOC freed 3827K, 50% free 8904K/17536K, paused 4ms, total 4ms
02-03 12:44:42.971 D/dalvikvm(15954): GC_FOR_ALLOC freed 3853K, 50% free 8905K/17536K, paused 4ms, total 4ms
02-03 12:44:42.981 D/dalvikvm(15954): GC_FOR_ALLOC freed 3879K, 50% free 8907K/17536K, paused 3ms, total 3ms
02-03 12:44:42.981 D/dalvikvm(15954): GC_FOR_ALLOC freed 3905K, 50% free 8908K/17536K, paused 3ms, total 3ms
02-03 12:44:42.991 D/dalvikvm(15954): GC_FOR_ALLOC freed 3931K, 50% free 8910K/17536K, paused 3ms, total 3ms
02-03 12:44:42.991 D/dalvikvm(15954): GC_FOR_ALLOC freed 3957K, 50% free 8911K/17536K, paused 3ms, total 3ms
02-03 12:44:43.001 D/dalvikvm(15954): GC_CONCURRENT freed 3756K, 48% free 9141K/17536K, paused 0ms+1ms, total 3ms
02-03 12:44:43.001 D/dalvikvm(15954): WAIT_FOR_CONCURRENT_GC blocked 4ms
02-03 12:44:43.011 D/dalvikvm(15954): GC_CONCURRENT freed 4008K, 48% free 9143K/17536K, paused 1ms+1ms, total 4ms
02-03 12:44:43.011 D/dalvikvm(15954): WAIT_FOR_CONCURRENT_GC blocked 2ms
02-03 12:44:43.011 D/dalvikvm(15954): GC_CONCURRENT freed 4034K, 48% free 9146K/17536K, paused 1ms+1ms, total 4ms
02-03 12:44:43.011 D/dalvikvm(15954): WAIT_FOR_CONCURRENT_GC blocked 2ms
02-03 12:44:43.021 D/dalvikvm(15954): GC_CONCURRENT freed 4061K, 48% free 9150K/17536K, paused 1ms+1ms, total 4ms
02-03 12:44:43.021 D/dalvikvm(15954): WAIT_FOR_CONCURRENT_GC blocked 3ms
02-03 12:44:43.031 D/dalvikvm(15954): GC_CONCURRENT freed 4090K, 48% free 9153K/17536K, paused 0ms+1ms, total 4ms
02-03 12:44:43.031 D/dalvikvm(15954): WAIT_FOR_CONCURRENT_GC blocked 3ms
02-03 12:44:43.031 D/dalvikvm(15954): GC_FOR_ALLOC freed 3764K, 48% free 9273K/17536K, paused 2ms, total 2ms
02-03 12:44:43.041 D/dalvikvm(15954): GC_FOR_ALLOC freed 4146K, 49% free 9040K/17536K, paused 3ms, total 3ms
02-03 12:44:43.041 D/dalvikvm(15954): GC_FOR_ALLOC freed 3937K, 50% free 8924K/17536K, paused 3ms, total 3ms
02-03 12:44:43.051 D/dalvikvm(15954): GC_FOR_ALLOC freed 3601K, 48% free 9285K/17536K, paused 3ms, total 3ms
02-03 12:44:43.061 D/dalvikvm(15954): GC_CONCURRENT freed 4228K, 49% free 9048K/17536K, paused 1ms+1ms, total 3ms
02-03 12:44:43.061 D/dalvikvm(15954): WAIT_FOR_CONCURRENT_GC blocked 3ms
02-03 12:44:43.061 D/dalvikvm(15954): GC_FOR_ALLOC freed 4015K, 50% free 8928K/17536K, paused 2ms, total 2ms
02-03 12:44:43.071 D/dalvikvm(15954): GC_CONCURRENT freed 3671K, 47% free 9297K/17536K, paused 1ms+1ms, total 4ms
02-03 12:44:43.071 D/dalvikvm(15954): WAIT_FOR_CONCURRENT_GC blocked 3ms
02-03 12:44:43.081 D/dalvikvm(15954): GC_CONCURRENT freed 4310K, 49% free 9055K/17536K, paused 1ms+1ms, total 4ms
02-03 12:44:43.081 D/dalvikvm(15954): WAIT_FOR_CONCURRENT_GC blocked 2ms
02-03 12:44:43.081 D/dalvikvm(15954): GC_CONCURRENT freed 3844K, 48% free 9181K/17536K, paused 1ms+1ms, total 4ms
02-03 12:44:43.081 D/dalvikvm(15954): WAIT_FOR_CONCURRENT_GC blocked 3ms
02-03 12:44:43.091 D/dalvikvm(15954): GC_FOR_ALLOC freed 3990K, 49% free 9059K/17536K, paused 2ms, total 2ms
02-03 12:44:43.091 D/dalvikvm(15954): GC_CONCURRENT freed 3891K, 48% free 9187K/17536K, paused 1ms+1ms, total 4ms
02-03 12:44:43.091 D/dalvikvm(15954): WAIT_FOR_CONCURRENT_GC blocked 3ms
02-03 12:44:43.101 D/dalvikvm(15954): GC_FOR_ALLOC freed 4039K, 49% free 9063K/17536K, paused 2ms, total 2ms
02-03 12:44:43.111 D/dalvikvm(15954): GC_CONCURRENT freed 3938K, 48% free 9193K/17536K, paused 1ms+1ms, total 4ms
02-03 12:44:43.111 D/dalvikvm(15954): WAIT_FOR_CONCURRENT_GC blocked 3ms
02-03 12:44:43.111 D/dalvikvm(15954): GC_FOR_ALLOC freed 4087K, 49% free 9068K/17536K, paused 2ms, total 2ms
02-03 12:44:43.121 D/dalvikvm(15954): GC_FOR_ALLOC freed 3596K, 47% free 9327K/17536K, paused 3ms, total 3ms
02-03 12:44:43.121 D/dalvikvm(15954): GC_FOR_ALLOC freed 4263K, 49% free 8944K/17536K, paused 3ms, total 3ms
02-03 12:44:43.131 D/dalvikvm(15954): GC_CONCURRENT freed 3897K, 49% free 9075K/17536K, paused 0ms+1ms, total 3ms
02-03 12:44:43.131 D/dalvikvm(15954): WAIT_FOR_CONCURRENT_GC blocked 2ms
02-03 12:44:43.131 D/dalvikvm(15954): GC_FOR_ALLOC freed 3657K, 47% free 9338K/17536K, paused 3ms, total 3ms
02-03 12:44:43.141 D/dalvikvm(15954): GC_FOR_ALLOC freed 4334K, 49% free 8948K/17536K, paused 3ms, total 3ms
02-03 12:44:43.151 D/dalvikvm(15954): GC_CONCURRENT freed 3961K, 49% free 9081K/17536K, paused 1ms+1ms, total 3ms
02-03 12:44:43.151 D/dalvikvm(15954): WAIT_FOR_CONCURRENT_GC blocked 3ms
02-03 12:44:43.151 D/dalvikvm(15954): GC_CONCURRENT freed 3718K, 47% free 9349K/17536K, paused 1ms+1ms, total 3ms
02-03 12:44:43.151 D/dalvikvm(15954): WAIT_FOR_CONCURRENT_GC blocked 3ms
02-03 12:44:43.161 D/dalvikvm(15954): GC_CONCURRENT freed 4139K, 48% free 9219K/17536K, paused 1ms+0ms, total 4ms
02-03 12:44:43.161 D/dalvikvm(15954): WAIT_FOR_CONCURRENT_GC blocked 2ms
02-03 12:44:43.171 D/dalvikvm(15954): GC_FOR_ALLOC freed 4025K, 49% free 8954K/17536K, paused 2ms, total 3ms
02-03 12:44:43.171 D/dalvikvm(15954): GC_FOR_ALLOC freed 3778K, 49% free 8955K/17536K, paused 3ms, total 3ms
02-03 12:44:43.181 D/dalvikvm(15954): GC_FOR_ALLOC freed 3797K, 49% free 8956K/17536K, paused 3ms, total 3ms
02-03 12:44:43.181 D/dalvikvm(15954): GC_FOR_ALLOC freed 3816K, 49% free 8958K/17536K, paused 2ms, total 2ms
02-03 12:44:43.191 D/dalvikvm(15954): GC_FOR_ALLOC freed 3835K, 49% free 8959K/17536K, paused 2ms, total 2ms
02-03 12:44:43.191 D/dalvikvm(15954): GC_FOR_ALLOC freed 3853K, 49% free 8960K/17536K, paused 3ms, total 3ms
02-03 12:44:43.201 D/dalvikvm(15954): GC_FOR_ALLOC freed 3872K, 49% free 8962K/17536K, paused 3ms, total 3ms
02-03 12:44:43.201 D/dalvikvm(15954): GC_FOR_ALLOC freed 3891K, 49% free 8963K/17536K, paused 3ms, total 3ms
02-03 12:44:43.211 D/dalvikvm(15954): GC_FOR_ALLOC freed 3910K, 49% free 8964K/17536K, paused 2ms, total 2ms
02-03 12:44:43.211 D/dalvikvm(15954): GC_FOR_ALLOC freed 3929K, 49% free 8966K/17536K, paused 3ms, total 3ms
02-03 12:44:43.221 D/dalvikvm(15954): GC_FOR_ALLOC freed 3947K, 49% free 8967K/17536K, paused 3ms, total 3ms
02-03 12:44:43.221 D/dalvikvm(15954): GC_FOR_ALLOC freed 3966K, 49% free 8968K/17536K, paused 2ms, total 2ms
02-03 12:44:43.231 D/dalvikvm(15954): GC_CONCURRENT freed 2275K, 45% free 9679K/17536K, paused 1ms+2ms, total 5ms
02-03 12:44:43.231 D/dalvikvm(15954): GC_CONCURRENT freed 4425K, 48% free 9256K/17536K, paused 0ms+1ms, total 3ms
02-03 12:44:43.231 D/dalvikvm(15954): WAIT_FOR_CONCURRENT_GC blocked 2ms
02-03 12:44:43.241 D/dalvikvm(15954): GC_CONCURRENT freed 4014K, 48% free 9259K/17536K, paused 1ms+1ms, total 4ms
02-03 12:44:43.251 D/dalvikvm(15954): GC_CONCURRENT freed 4035K, 48% free 9261K/17536K, paused 1ms+1ms, total 4ms
02-03 12:44:43.251 D/dalvikvm(15954): GC_CONCURRENT freed 4054K, 48% free 9264K/17536K, paused 1ms+1ms, total 3ms
02-03 12:44:43.261 D/dalvikvm(15954): GC_CONCURRENT freed 4075K, 48% free 9267K/17536K, paused 1ms+1ms, total 4ms
02-03 12:44:43.261 D/dalvikvm(15954): WAIT_FOR_CONCURRENT_GC blocked 3ms
02-03 12:44:43.271 D/dalvikvm(15954): GC_CONCURRENT freed 4090K, 48% free 9269K/17536K, paused 0ms+1ms, total 3ms
02-03 12:44:43.271 D/dalvikvm(15954): GC_FOR_ALLOC freed 3671K, 47% free 9419K/17536K, paused 3ms, total 3ms
02-03 12:44:43.281 D/dalvikvm(15954): GC_FOR_ALLOC freed 4127K, 48% free 9127K/17536K, paused 3ms, total 3ms
02-03 12:44:43.281 D/dalvikvm(15954): GC_FOR_ALLOC freed 3850K, 49% free 8981K/17536K, paused 2ms, total 2ms
02-03 12:44:43.291 D/dalvikvm(15954): GC_FOR_ALLOC freed 3418K, 47% free 9428K/17536K, paused 2ms, total 3ms
02-03 12:44:43.291 D/dalvikvm(15954): GC_FOR_ALLOC freed 4179K, 48% free 9132K/17536K, paused 3ms, total 3ms
02-03 12:44:43.301 D/dalvikvm(15954): GC_FOR_ALLOC freed 3898K, 49% free 8985K/17536K, paused 2ms, total 2ms
02-03 12:44:43.301 D/dalvikvm(15954): GC_FOR_ALLOC freed 3461K, 47% free 9437K/17536K, paused 2ms, total 3ms
02-03 12:44:43.311 D/dalvikvm(15954): GC_FOR_ALLOC freed 4231K, 48% free 9138K/17536K, paused 3ms, total 3ms
02-03 12:44:43.311 D/dalvikvm(15954): GC_FOR_ALLOC freed 3946K, 49% free 8989K/17536K, paused 3ms, total 3ms
02-03 12:44:43.321 D/dalvikvm(15954): GC_FOR_ALLOC freed 3503K, 47% free 9446K/17536K, paused 2ms, total 2ms
02-03 12:44:43.331 D/dalvikvm(15954): GC_CONCURRENT freed 4282K, 48% free 9144K/17536K, paused 1ms+1ms, total 4ms
02-03 12:44:43.331 D/dalvikvm(15954): WAIT_FOR_CONCURRENT_GC blocked 3ms
02-03 12:44:43.331 D/dalvikvm(15954): GC_FOR_ALLOC freed 3994K, 49% free 8992K/17536K, paused 3ms, total 3ms
02-03 12:44:43.341 D/dalvikvm(15954): GC_CONCURRENT freed 3546K, 47% free 9455K/17536K, paused 1ms+1ms, total 4ms
02-03 12:44:43.341 D/dalvikvm(15954): WAIT_FOR_CONCURRENT_GC blocked 2ms
02-03 12:44:43.341 D/dalvikvm(15954): GC_CONCURRENT freed 4334K, 48% free 9149K/17536K, paused 1ms+1ms, total 4ms
02-03 12:44:43.341 D/dalvikvm(15954): WAIT_FOR_CONCURRENT_GC blocked 2ms
02-03 12:44:43.351 D/dalvikvm(15954): GC_FOR_ALLOC freed 4042K, 49% free 8996K/17536K, paused 3ms, total 3ms
02-03 12:44:43.361 D/dalvikvm(15954): GC_CONCURRENT freed 3588K, 47% free 9465K/17536K, paused 1ms+0ms, total 4ms
02-03 12:44:43.361 D/dalvikvm(15954): WAIT_FOR_CONCURRENT_GC blocked 3ms
02-03 12:44:43.361 D/dalvikvm(15954): GC_CONCURRENT freed 4386K, 48% free 9155K/17536K, paused 1ms+1ms, total 4ms
02-03 12:44:43.361 D/dalvikvm(15954): WAIT_FOR_CONCURRENT_GC blocked 3ms
02-03 12:44:43.371 D/dalvikvm(15954): GC_FOR_ALLOC freed 4090K, 49% free 9000K/17536K, paused 2ms, total 2ms
02-03 12:44:43.371 D/dalvikvm(15954): GC_FOR_ALLOC freed 3631K, 48% free 9158K/17536K, paused 2ms, total 3ms
02-03 12:44:43.381 D/dalvikvm(15954): GC_FOR_ALLOC freed 4121K, 49% free 9002K/17536K, paused 3ms, total 3ms
02-03 12:44:43.381 D/dalvikvm(15954): GC_FOR_ALLOC freed 3658K, 48% free 9162K/17536K, paused 3ms, total 3ms
02-03 12:44:43.391 D/dalvikvm(15954): GC_CONCURRENT freed 3832K, 47% free 9324K/17536K, paused 0ms+1ms, total 3ms
02-03 12:44:43.391 D/dalvikvm(15954): WAIT_FOR_CONCURRENT_GC blocked 2ms
02-03 12:44:43.401 D/dalvikvm(15954): GC_FOR_ALLOC freed 4006K, 48% free 9165K/17536K, paused 3ms, total 3ms
02-03 12:44:43.401 D/dalvikvm(15954): GC_CONCURRENT freed 3862K, 47% free 9329K/17536K, paused 1ms+0ms, total 4ms
02-03 12:44:43.401 D/dalvikvm(15954): WAIT_FOR_CONCURRENT_GC blocked 2ms
02-03 12:44:43.411 D/dalvikvm(15954): GC_FOR_ALLOC freed 4036K, 48% free 9169K/17536K, paused 2ms, total 2ms
02-03 12:44:43.411 D/dalvikvm(15954): GC_CONCURRENT freed 3891K, 47% free 9333K/17536K, paused 1ms+1ms, total 3ms
02-03 12:44:43.411 D/dalvikvm(15954): WAIT_FOR_CONCURRENT_GC blocked 2ms
02-03 12:44:43.421 D/dalvikvm(15954): GC_FOR_ALLOC freed 4066K, 48% free 9172K/17536K, paused 3ms, total 3ms
02-03 12:44:43.421 D/dalvikvm(15954): GC_CONCURRENT freed 3921K, 47% free 9339K/17536K, paused 0ms+1ms, total 3ms
02-03 12:44:43.421 D/dalvikvm(15954): WAIT_FOR_CONCURRENT_GC blocked 2ms
02-03 12:44:43.431 D/dalvikvm(15954): GC_FOR_ALLOC freed 4098K, 48% free 9176K/17536K, paused 3ms, total 3ms
02-03 12:44:43.441 D/dalvikvm(15954): GC_FOR_ALLOC freed 3456K, 46% free 9507K/17536K, paused 3ms, total 3ms
02-03 12:44:43.441 D/dalvikvm(15954): GC_FOR_ALLOC freed 4295K, 49% free 9015K/17536K, paused 3ms, total 3ms
02-03 12:44:43.451 D/dalvikvm(15954): GC_CONCURRENT freed 3811K, 48% free 9182K/17536K, paused 0ms+1ms, total 3ms
02-03 12:44:43.451 D/dalvikvm(15954): WAIT_FOR_CONCURRENT_GC blocked 2ms
02-03 12:44:43.451 D/dalvikvm(15954): GC_FOR_ALLOC freed 3491K, 46% free 9515K/17536K, paused 3ms, total 3ms
02-03 12:44:43.461 D/dalvikvm(15954): GC_FOR_ALLOC freed 4335K, 49% free 9018K/17536K, paused 3ms, total 3ms
02-03 12:44:43.461 D/dalvikvm(15954): GC_CONCURRENT freed 3846K, 48% free 9186K/17536K, paused 0ms+1ms, total 3ms
02-03 12:44:43.461 D/dalvikvm(15954): WAIT_FOR_CONCURRENT_GC blocked 2ms
02-03 12:44:43.471 D/dalvikvm(15954): GC_FOR_ALLOC freed 3522K, 46% free 9523K/17536K, paused 2ms, total 3ms
02-03 12:44:43.471 D/dalvikvm(15954): GC_FOR_ALLOC freed 4374K, 49% free 9021K/17536K, paused 3ms, total 3ms
02-03 12:44:43.481 D/dalvikvm(15954): GC_CONCURRENT freed 3880K, 48% free 9191K/17536K, paused 1ms+1ms, total 4ms
02-03 12:44:43.481 D/dalvikvm(15954): WAIT_FOR_CONCURRENT_GC blocked 3ms
02-03 12:44:43.491 D/dalvikvm(15954): GC_FOR_ALLOC freed 3556K, 46% free 9531K/17536K, paused 2ms, total 2ms
02-03 12:44:43.491 D/dalvikvm(15954): GC_CONCURRENT freed 3955K, 46% free 9545K/17536K, paused 1ms+1ms, total 4ms
02-03 12:44:43.501 D/dalvikvm(15954): GC_FOR_ALLOC freed 4283K, 48% free 9209K/17536K, paused 3ms, total 3ms
02-03 12:44:43.511 D/dalvikvm(15954): GC_FOR_ALLOC freed 3773K, 48% free 9210K/17536K, paused 3ms, total 3ms
02-03 12:44:43.511 W/System.err(15954): java.lang.ArrayIndexOutOfBoundsException: length=184028; index=-32768
02-03 12:44:43.511 W/System.err(15954): 	at com.googlehelp.service.l.a(Unknown Source)
02-03 12:44:43.511 W/System.err(15954): 	at com.googlehelp.service.l.a(Unknown Source)
02-03 12:44:43.511 W/System.err(15954): 	at com.googlehelp.service.l.a(Unknown Source)
02-03 12:44:43.511 W/System.err(15954): 	at com.googlehelp.service.h.a(Unknown Source)
02-03 12:44:43.511 W/System.err(15954): 	at com.googlehelp.service.h.run(Unknown Source)
02-03 12:44:43.511 W/System.err(15954): 	at java.util.Timer$TimerImpl.run(Timer.java:284)
02-03 12:44:43.581 D/dalvikvm(15954): GC_CONCURRENT freed 4368K, 50% free 8931K/17536K, paused 1ms+1ms, total 7ms
02-03 12:44:43.581 D/dalvikvm(15954): WAIT_FOR_CONCURRENT_GC blocked 5ms
02-03 12:44:43.591 D/dalvikvm(15954): GC_FOR_ALLOC freed 4070K, 50% free 8937K/17536K, paused 4ms, total 4ms
02-03 12:44:43.591 D/dalvikvm(15954): GC_CONCURRENT freed 2061K, 48% free 9156K/17536K, paused 1ms+1ms, total 5ms
02-03 12:44:43.601 D/dalvikvm(15954): GC_CONCURRENT freed 4258K, 49% free 8993K/17536K, paused 1ms+1ms, total 5ms
02-03 12:44:43.601 D/dalvikvm(15954): WAIT_FOR_CONCURRENT_GC blocked 4ms
02-03 12:44:43.611 D/dalvikvm(15954): GC_CONCURRENT freed 4084K, 49% free 9002K/17536K, paused 1ms+1ms, total 5ms
02-03 12:44:43.611 D/dalvikvm(15954): WAIT_FOR_CONCURRENT_GC blocked 4ms
02-03 12:44:43.621 D/dalvikvm(15954): GC_CONCURRENT freed 4041K, 49% free 9013K/17536K, paused 1ms+1ms, total 5ms
02-03 12:44:43.621 D/dalvikvm(15954): WAIT_FOR_CONCURRENT_GC blocked 4ms
02-03 12:44:43.631 D/dalvikvm(15954): GC_CONCURRENT freed 4070K, 49% free 9020K/17536K, paused 0ms+1ms, total 5ms
02-03 12:44:43.631 D/dalvikvm(15954): WAIT_FOR_CONCURRENT_GC blocked 4ms
02-03 12:44:43.641 D/dalvikvm(15954): GC_CONCURRENT freed 4103K, 49% free 8988K/17536K, paused 1ms+1ms, total 5ms
02-03 12:44:43.641 D/dalvikvm(15954): WAIT_FOR_CONCURRENT_GC blocked 4ms
02-03 12:44:43.651 D/dalvikvm(15954): GC_FOR_ALLOC freed 4019K, 49% free 9019K/17536K, paused 4ms, total 4ms
02-03 12:44:43.651 D/dalvikvm(15954): GC_CONCURRENT freed 3827K, 48% free 9280K/17536K, paused 0ms+1ms, total 5ms
02-03 12:44:43.651 D/dalvikvm(15954): WAIT_FOR_CONCURRENT_GC blocked 2ms
02-03 12:44:43.661 D/dalvikvm(15954): GC_CONCURRENT freed 4263K, 49% free 9063K/17536K, paused 0ms+1ms, total 4ms
02-03 12:44:43.661 D/dalvikvm(15954): WAIT_FOR_CONCURRENT_GC blocked 5ms
02-03 12:44:43.671 D/dalvikvm(15954): GC_FOR_ALLOC freed 4045K, 49% free 9109K/17536K, paused 3ms, total 3ms
02-03 12:44:43.671 D/dalvikvm(15954): GC_CONCURRENT freed 3752K, 47% free 9418K/17536K, paused 1ms+0ms, total 7ms
02-03 12:44:43.671 D/dalvikvm(15954): WAIT_FOR_CONCURRENT_GC blocked 2ms
02-03 12:44:43.681 D/dalvikvm(15954): GC_CONCURRENT freed 4343K, 49% free 9078K/17536K, paused 1ms+1ms, total 6ms
02-03 12:44:43.681 D/dalvikvm(15954): WAIT_FOR_CONCURRENT_GC blocked 4ms
02-03 12:44:43.691 D/dalvikvm(15954): GC_CONCURRENT freed 4056K, 49% free 9081K/17536K, paused 1ms+0ms, total 5ms
02-03 12:44:43.691 D/dalvikvm(15954): WAIT_FOR_CONCURRENT_GC blocked 4ms
02-03 12:44:43.701 D/dalvikvm(15954): GC_CONCURRENT freed 4054K, 49% free 9032K/17536K, paused 1ms+1ms, total 5ms
02-03 12:44:43.701 D/dalvikvm(15954): WAIT_FOR_CONCURRENT_GC blocked 4ms
02-03 12:44:43.711 D/dalvikvm(15954): GC_CONCURRENT freed 3984K, 49% free 9066K/17536K, paused 1ms+1ms, total 6ms
02-03 12:44:43.711 D/dalvikvm(15954): WAIT_FOR_CONCURRENT_GC blocked 4ms
02-03 12:44:43.721 D/dalvikvm(15954): GC_FOR_ALLOC freed 4003K, 49% free 9013K/17536K, paused 4ms, total 4ms
02-03 12:44:43.721 D/dalvikvm(15954): GC_CONCURRENT freed 3955K, 49% free 9067K/17536K, paused 0ms+1ms, total 5ms
02-03 12:44:43.721 D/dalvikvm(15954): WAIT_FOR_CONCURRENT_GC blocked 4ms
02-03 12:44:43.731 D/dalvikvm(15954): GC_FOR_ALLOC freed 3952K, 48% free 9181K/17536K, paused 4ms, total 4ms
02-03 12:44:43.741 D/dalvikvm(15954): GC_CONCURRENT freed 3011K, 46% free 9528K/17536K, paused 1ms+1ms, total 5ms
02-03 12:44:43.741 D/dalvikvm(15954): GC_FOR_ALLOC freed 4363K, 48% free 9191K/17536K, paused 3ms, total 3ms
02-03 12:44:43.751 D/dalvikvm(15954): GC_CONCURRENT freed 2971K, 46% free 9610K/17536K, paused 2ms+1ms, total 7ms
02-03 12:44:43.761 D/dalvikvm(15954): GC_CONCURRENT freed 4492K, 48% free 9138K/17536K, paused 0ms+1ms, total 4ms
02-03 12:44:43.761 D/dalvikvm(15954): WAIT_FOR_CONCURRENT_GC blocked 4ms
02-03 12:44:43.771 D/dalvikvm(15954): GC_CONCURRENT freed 3981K, 48% free 9139K/17536K, paused 0ms+1ms, total 5ms
02-03 12:44:43.771 D/dalvikvm(15954): WAIT_FOR_CONCURRENT_GC blocked 4ms
02-03 12:44:43.771 D/dalvikvm(15954): GC_CONCURRENT freed 4061K, 48% free 9145K/17536K, paused 1ms+1ms, total 6ms
02-03 12:44:43.771 D/dalvikvm(15954): WAIT_FOR_CONCURRENT_GC blocked 5ms
02-03 12:44:43.781 D/dalvikvm(15954): GC_CONCURRENT freed 3949K, 48% free 9211K/17536K, paused 1ms+1ms, total 5ms
02-03 12:44:43.781 D/dalvikvm(15954): WAIT_FOR_CONCURRENT_GC blocked 3ms
02-03 12:44:43.791 D/dalvikvm(15954): GC_FOR_ALLOC freed 4095K, 49% free 9044K/17536K, paused 4ms, total 4ms
02-03 12:44:43.801 D/dalvikvm(15954): GC_FOR_ALLOC freed 3967K, 49% free 9111K/17536K, paused 4ms, total 4ms
02-03 12:44:43.801 D/dalvikvm(15954): GC_CONCURRENT freed 3418K, 45% free 9731K/17536K, paused 1ms+1ms, total 6ms
02-03 12:44:43.801 D/dalvikvm(15954): WAIT_FOR_CONCURRENT_GC blocked 1ms
02-03 12:44:43.811 D/dalvikvm(15954): GC_FOR_ALLOC freed 4447K, 48% free 9252K/17536K, paused 4ms, total 4ms
02-03 12:44:43.821 D/dalvikvm(15954): GC_CONCURRENT freed 3535K, 45% free 9752K/17536K, paused 1ms+0ms, total 6ms
02-03 12:44:43.821 D/dalvikvm(15954): WAIT_FOR_CONCURRENT_GC blocked 2ms
02-03 12:44:43.821 D/dalvikvm(15954): GC_FOR_ALLOC freed 4597K, 49% free 9109K/17536K, paused 3ms, total 3ms
02-03 12:44:43.831 D/dalvikvm(15954): GC_FOR_ALLOC freed 4017K, 49% free 9034K/17536K, paused 4ms, total 4ms
02-03 12:44:43.841 D/dalvikvm(15954): GC_FOR_ALLOC freed 3850K, 48% free 9259K/17536K, paused 3ms, total 4ms
02-03 12:44:43.841 D/dalvikvm(15954): GC_CONCURRENT freed 3608K, 46% free 9593K/17536K, paused 0ms+1ms, total 5ms
02-03 12:44:43.841 D/dalvikvm(15954): WAIT_FOR_CONCURRENT_GC blocked 2ms
02-03 12:44:43.851 D/dalvikvm(15954): GC_FOR_ALLOC freed 4495K, 48% free 9138K/17536K, paused 4ms, total 4ms
02-03 12:44:43.851 D/dalvikvm(15954): GC_CONCURRENT freed 3316K, 44% free 9842K/17536K, paused 1ms+1ms, total 6ms
02-03 12:44:43.851 D/dalvikvm(15954): WAIT_FOR_CONCURRENT_GC blocked 3ms
02-03 12:44:43.861 D/dalvikvm(15954): GC_CONCURRENT freed 4698K, 48% free 9222K/17536K, paused 1ms+0ms, total 5ms
02-03 12:44:43.861 D/dalvikvm(15954): WAIT_FOR_CONCURRENT_GC blocked 4ms
02-03 12:44:43.871 D/dalvikvm(15954): GC_CONCURRENT freed 3969K, 48% free 9227K/17536K, paused 0ms+1ms, total 4ms
02-03 12:44:43.871 D/dalvikvm(15954): WAIT_FOR_CONCURRENT_GC blocked 5ms
02-03 12:44:43.881 D/dalvikvm(15954): GC_FOR_ALLOC freed 4191K, 49% free 9062K/17536K, paused 4ms, total 4ms
02-03 12:44:43.881 D/dalvikvm(15954): GC_CONCURRENT freed 3258K, 44% free 9885K/17536K, paused 1ms+1ms, total 6ms
02-03 12:44:43.881 D/dalvikvm(15954): WAIT_FOR_CONCURRENT_GC blocked 2ms
02-03 12:44:43.891 D/dalvikvm(15954): GC_FOR_ALLOC freed 4536K, 47% free 9311K/17536K, paused 4ms, total 4ms
02-03 12:44:43.891 D/dalvikvm(15954): GC_FOR_ALLOC freed 4182K, 48% free 9141K/17536K, paused 3ms, total 3ms
02-03 12:44:43.901 D/dalvikvm(15954): GC_CONCURRENT freed 3027K, 44% free 9912K/17536K, paused 0ms+1ms, total 5ms
02-03 12:44:43.911 D/dalvikvm(15954): GC_FOR_ALLOC freed 4701K, 49% free 9084K/17536K, paused 4ms, total 4ms
02-03 12:44:43.921 D/dalvikvm(15954): GC_CONCURRENT freed 3882K, 48% free 9170K/17536K, paused 1ms+1ms, total 5ms
02-03 12:44:43.921 D/dalvikvm(15954): WAIT_FOR_CONCURRENT_GC blocked 4ms
02-03 12:44:43.921 D/dalvikvm(15954): GC_FOR_ALLOC freed 3746K, 47% free 9347K/17536K, paused 3ms, total 3ms
02-03 12:44:43.931 D/dalvikvm(15954): GC_FOR_ALLOC freed 4236K, 49% free 9078K/17536K, paused 4ms, total 4ms
02-03 12:44:43.931 D/dalvikvm(15954): GC_FOR_ALLOC freed 3825K, 49% free 9076K/17536K, paused 3ms, total 3ms
02-03 12:44:43.941 D/dalvikvm(15954): GC_FOR_ALLOC freed 3863K, 49% free 9073K/17536K, paused 4ms, total 4ms
02-03 12:44:43.951 D/dalvikvm(15954): GC_FOR_ALLOC freed 3900K, 49% free 9071K/17536K, paused 4ms, total 4ms
02-03 12:44:43.951 D/dalvikvm(15954): GC_FOR_ALLOC freed 3938K, 49% free 9069K/17536K, paused 4ms, total 4ms
02-03 12:44:43.961 D/dalvikvm(15954): GC_CONCURRENT freed 3782K, 48% free 9292K/17536K, paused 1ms+1ms, total 5ms
02-03 12:44:43.961 D/dalvikvm(15954): WAIT_FOR_CONCURRENT_GC blocked 4ms
02-03 12:44:43.971 D/dalvikvm(15954): GC_CONCURRENT freed 4012K, 48% free 9292K/17536K, paused 1ms+1ms, total 6ms
02-03 12:44:43.971 D/dalvikvm(15954): WAIT_FOR_CONCURRENT_GC blocked 5ms
02-03 12:44:43.981 D/dalvikvm(15954): GC_CONCURRENT freed 4045K, 47% free 9295K/17536K, paused 0ms+0ms, total 5ms
02-03 12:44:43.981 D/dalvikvm(15954): WAIT_FOR_CONCURRENT_GC blocked 4ms
02-03 12:44:43.991 D/dalvikvm(15954): GC_CONCURRENT freed 4087K, 47% free 9295K/17536K, paused 0ms+1ms, total 5ms
02-03 12:44:43.991 D/dalvikvm(15954): WAIT_FOR_CONCURRENT_GC blocked 4ms
02-03 12:44:43.991 D/dalvikvm(15954): GC_FOR_ALLOC freed 3824K, 47% free 9396K/17536K, paused 4ms, total 4ms
02-03 12:44:44.001 D/dalvikvm(15954): GC_FOR_ALLOC freed 4159K, 48% free 9198K/17536K, paused 4ms, total 4ms
02-03 12:44:44.011 D/dalvikvm(15954): GC_FOR_ALLOC freed 3997K, 49% free 9097K/17536K, paused 4ms, total 4ms
02-03 12:44:44.011 D/dalvikvm(15954): GC_CONCURRENT freed 3723K, 47% free 9401K/17536K, paused 1ms+1ms, total 5ms
02-03 12:44:44.011 D/dalvikvm(15954): WAIT_FOR_CONCURRENT_GC blocked 4ms
02-03 12:44:44.021 D/dalvikvm(15954): GC_CONCURRENT freed 4266K, 48% free 9198K/17536K, paused 1ms+1ms, total 5ms
02-03 12:44:44.021 D/dalvikvm(15954): WAIT_FOR_CONCURRENT_GC blocked 3ms
02-03 12:44:44.031 D/dalvikvm(15954): GC_CONCURRENT freed 3896K, 47% free 9299K/17536K, paused 1ms+1ms, total 5ms
02-03 12:44:44.031 D/dalvikvm(15954): WAIT_FOR_CONCURRENT_GC blocked 4ms
02-03 12:44:44.041 D/dalvikvm(15954): GC_FOR_ALLOC freed 4025K, 48% free 9199K/17536K, paused 4ms, total 4ms
02-03 12:44:44.041 D/dalvikvm(15954): GC_CONCURRENT freed 3956K, 47% free 9306K/17536K, paused 1ms+1ms, total 5ms
02-03 12:44:44.041 D/dalvikvm(15954): WAIT_FOR_CONCURRENT_GC blocked 4ms
02-03 12:44:44.051 D/dalvikvm(15954): GC_CONCURRENT freed 4097K, 48% free 9200K/17536K, paused 1ms+1ms, total 5ms
02-03 12:44:44.051 D/dalvikvm(15954): WAIT_FOR_CONCURRENT_GC blocked 4ms
02-03 12:44:44.061 D/dalvikvm(15954): GC_FOR_ALLOC freed 3703K, 47% free 9414K/17536K, paused 4ms, total 4ms
02-03 12:44:44.071 D/dalvikvm(15954): GC_FOR_ALLOC freed 4268K, 49% free 9095K/17536K, paused 4ms, total 4ms
02-03 12:44:44.071 D/dalvikvm(15954): GC_CONCURRENT freed 3974K, 48% free 9204K/17536K, paused 1ms+0ms, total 6ms
02-03 12:44:44.071 D/dalvikvm(15954): WAIT_FOR_CONCURRENT_GC blocked 5ms
02-03 12:44:44.081 D/dalvikvm(15954): GC_FOR_ALLOC freed 3787K, 47% free 9422K/17536K, paused 4ms, total 4ms
02-03 12:44:44.091 D/dalvikvm(15954): GC_CONCURRENT freed 3054K, 44% free 9967K/17536K, paused 1ms+2ms, total 6ms
02-03 12:44:44.091 D/dalvikvm(15954): GC_FOR_ALLOC freed 4602K, 47% free 9458K/17536K, paused 4ms, total 4ms
02-03 12:44:44.101 D/dalvikvm(15954): GC_CONCURRENT freed 3096K, 42% free 10230K/17536K, paused 1ms+2ms, total 6ms
02-03 12:44:44.111 D/dalvikvm(15954): GC_FOR_ALLOC freed 4660K, 47% free 9465K/17536K, paused 4ms, total 4ms
02-03 12:44:44.111 D/dalvikvm(15954): GC_FOR_ALLOC freed 3917K, 47% free 9469K/17536K, paused 4ms, total 4ms
02-03 12:44:44.121 D/dalvikvm(15954): GC_FOR_ALLOC freed 3943K, 46% free 9473K/17536K, paused 3ms, total 3ms
02-03 12:44:44.131 D/dalvikvm(15954): GC_FOR_ALLOC freed 3969K, 46% free 9476K/17536K, paused 4ms, total 4ms
02-03 12:44:44.131 D/dalvikvm(15954): GC_CONCURRENT freed 2743K, 43% free 10161K/17536K, paused 1ms+1ms, total 5ms
02-03 12:44:44.141 D/dalvikvm(15954): GC_CONCURRENT freed 4815K, 47% free 9369K/17536K, paused 1ms+1ms, total 5ms
02-03 12:44:44.141 D/dalvikvm(15954): WAIT_FOR_CONCURRENT_GC blocked 3ms
02-03 12:44:44.151 D/dalvikvm(15954): GC_CONCURRENT freed 4049K, 47% free 9368K/17536K, paused 1ms+1ms, total 5ms
02-03 12:44:44.151 D/dalvikvm(15954): WAIT_FOR_CONCURRENT_GC blocked 3ms
02-03 12:44:44.161 D/dalvikvm(15954): GC_CONCURRENT freed 4072K, 47% free 9371K/17536K, paused 1ms+1ms, total 5ms
02-03 12:44:44.161 D/dalvikvm(15954): WAIT_FOR_CONCURRENT_GC blocked 3ms
02-03 12:44:44.161 D/dalvikvm(15954): GC_FOR_ALLOC freed 3748K, 46% free 9491K/17536K, paused 4ms, total 4ms
02-03 12:44:44.171 D/dalvikvm(15954): GC_FOR_ALLOC freed 4129K, 48% free 9259K/17536K, paused 4ms, total 4ms
02-03 12:44:44.181 D/dalvikvm(15954): GC_FOR_ALLOC freed 3920K, 48% free 9143K/17536K, paused 4ms, total 4ms
02-03 12:44:44.181 D/dalvikvm(15954): GC_FOR_ALLOC freed 3586K, 46% free 9503K/17536K, paused 4ms, total 4ms
02-03 12:44:44.191 D/dalvikvm(15954): GC_FOR_ALLOC freed 4211K, 48% free 9266K/17536K, paused 3ms, total 3ms
02-03 12:44:44.191 D/dalvikvm(15954): GC_CONCURRENT freed 2909K, 42% free 10234K/17536K, paused 0ms+0ms, total 5ms
02-03 12:44:44.201 D/dalvikvm(15954): GC_FOR_ALLOC freed 4749K, 46% free 9511K/17536K, paused 4ms, total 4ms
02-03 12:44:44.211 D/dalvikvm(15954): GC_CONCURRENT freed 2945K, 42% free 10246K/17536K, paused 1ms+1ms, total 6ms
02-03 12:44:44.211 D/dalvikvm(15954): GC_FOR_ALLOC freed 4807K, 46% free 9514K/17536K, paused 4ms, total 4ms
02-03 12:44:44.221 D/dalvikvm(15954): GC_CONCURRENT freed 3233K, 43% free 10011K/17536K, paused 1ms+1ms, total 6ms
02-03 12:44:44.221 D/dalvikvm(15954): WAIT_FOR_CONCURRENT_GC blocked 2ms
02-03 12:44:44.231 D/dalvikvm(15954): GC_FOR_ALLOC freed 4612K, 48% free 9272K/17536K, paused 4ms, total 4ms
02-03 12:44:44.231 D/dalvikvm(15954): GC_CONCURRENT freed 3896K, 47% free 9400K/17536K, paused 1ms+1ms, total 5ms
02-03 12:44:44.231 D/dalvikvm(15954): WAIT_FOR_CONCURRENT_GC blocked 4ms
02-03 12:44:44.241 D/dalvikvm(15954): GC_FOR_ALLOC freed 4044K, 48% free 9276K/17536K, paused 4ms, total 4ms
02-03 12:44:44.251 D/dalvikvm(15954): GC_CONCURRENT freed 3943K, 47% free 9406K/17536K, paused 1ms+1ms, total 5ms
02-03 12:44:44.251 D/dalvikvm(15954): WAIT_FOR_CONCURRENT_GC blocked 3ms
02-03 12:44:44.251 D/dalvikvm(15954): GC_FOR_ALLOC freed 4092K, 48% free 9281K/17536K, paused 4ms, total 4ms
02-03 12:44:44.261 D/dalvikvm(15954): GC_FOR_ALLOC freed 3601K, 46% free 9540K/17536K, paused 3ms, total 3ms
02-03 12:44:44.271 D/dalvikvm(15954): GC_FOR_ALLOC freed 4268K, 48% free 9156K/17536K, paused 4ms, total 4ms
02-03 12:44:44.281 D/dalvikvm(15954): GC_CONCURRENT freed 3902K, 48% free 9288K/17536K, paused 1ms+1ms, total 6ms
02-03 12:44:44.281 D/dalvikvm(15954): WAIT_FOR_CONCURRENT_GC blocked 4ms
02-03 12:44:44.281 D/dalvikvm(15954): GC_FOR_ALLOC freed 3662K, 46% free 9551K/17536K, paused 4ms, total 4ms
02-03 12:44:44.291 D/dalvikvm(15954): GC_FOR_ALLOC freed 4340K, 48% free 9160K/17536K, paused 3ms, total 3ms
02-03 12:44:44.301 D/dalvikvm(15954): GC_FOR_ALLOC freed 3702K, 48% free 9162K/17536K, paused 4ms, total 4ms
02-03 12:44:44.301 D/dalvikvm(15954): GC_FOR_ALLOC freed 3721K, 48% free 9163K/17536K, paused 4ms, total 4ms
02-03 12:44:44.311 D/dalvikvm(15954): GC_FOR_ALLOC freed 3740K, 48% free 9164K/17536K, paused 4ms, total 4ms
02-03 12:44:44.311 D/dalvikvm(15954): GC_FOR_ALLOC freed 3758K, 48% free 9166K/17536K, paused 3ms, total 3ms
02-03 12:44:44.321 D/dalvikvm(15954): GC_FOR_ALLOC freed 3778K, 48% free 9167K/17536K, paused 4ms, total 4ms
02-03 12:44:44.331 D/dalvikvm(15954): GC_FOR_ALLOC freed 3797K, 48% free 9169K/17536K, paused 4ms, total 4ms
02-03 12:44:44.331 D/dalvikvm(15954): GC_FOR_ALLOC freed 3816K, 48% free 9170K/17536K, paused 4ms, total 4ms
02-03 12:44:44.341 D/dalvikvm(15954): GC_FOR_ALLOC freed 3835K, 48% free 9171K/17536K, paused 3ms, total 3ms
02-03 12:44:44.351 D/dalvikvm(15954): GC_FOR_ALLOC freed 3853K, 48% free 9173K/17536K, paused 4ms, total 4ms
02-03 12:44:44.351 D/dalvikvm(15954): GC_FOR_ALLOC freed 3872K, 48% free 9174K/17536K, paused 4ms, total 4ms
02-03 12:44:44.361 D/dalvikvm(15954): GC_FOR_ALLOC freed 3891K, 48% free 9175K/17536K, paused 4ms, total 4ms
02-03 12:44:44.361 D/dalvikvm(15954): GC_FOR_ALLOC freed 3910K, 48% free 9177K/17536K, paused 4ms, total 4ms
02-03 12:44:44.371 D/dalvikvm(15954): GC_FOR_ALLOC freed 3929K, 48% free 9178K/17536K, paused 4ms, total 4ms
02-03 12:44:44.381 D/dalvikvm(15954): GC_FOR_ALLOC freed 3947K, 48% free 9179K/17536K, paused 4ms, total 4ms
02-03 12:44:44.381 D/dalvikvm(15954): GC_FOR_ALLOC freed 3966K, 48% free 9181K/17536K, paused 4ms, total 4ms
02-03 12:44:44.391 D/dalvikvm(15954): GC_CONCURRENT freed 3273K, 44% free 9892K/17536K, paused 1ms+1ms, total 6ms
02-03 12:44:44.401 D/dalvikvm(15954): GC_CONCURRENT freed 4429K, 46% free 9469K/17536K, paused 0ms+1ms, total 4ms
02-03 12:44:44.401 D/dalvikvm(15954): WAIT_FOR_CONCURRENT_GC blocked 3ms
02-03 12:44:44.401 D/dalvikvm(15954): GC_CONCURRENT freed 4021K, 46% free 9472K/17536K, paused 1ms+1ms, total 5ms
02-03 12:44:44.401 D/dalvikvm(15954): WAIT_FOR_CONCURRENT_GC blocked 3ms
02-03 12:44:44.411 D/dalvikvm(15954): GC_CONCURRENT freed 4040K, 46% free 9475K/17536K, paused 1ms+1ms, total 5ms
02-03 12:44:44.411 D/dalvikvm(15954): WAIT_FOR_CONCURRENT_GC blocked 3ms
02-03 12:44:44.421 D/dalvikvm(15954): GC_CONCURRENT freed 4059K, 46% free 9477K/17536K, paused 1ms+1ms, total 5ms
02-03 12:44:44.421 D/dalvikvm(15954): WAIT_FOR_CONCURRENT_GC blocked 3ms
02-03 12:44:44.431 D/dalvikvm(15954): GC_CONCURRENT freed 4078K, 46% free 9480K/17536K, paused 1ms+1ms, total 5ms
02-03 12:44:44.431 D/dalvikvm(15954): WAIT_FOR_CONCURRENT_GC blocked 4ms
02-03 12:44:44.441 D/dalvikvm(15954): GC_FOR_ALLOC freed 3656K, 46% free 9628K/17536K, paused 4ms, total 4ms
02-03 12:44:44.441 D/dalvikvm(15954): GC_FOR_ALLOC freed 4113K, 47% free 9338K/17536K, paused 4ms, total 4ms
02-03 12:44:44.451 D/dalvikvm(15954): GC_FOR_ALLOC freed 3837K, 48% free 9192K/17536K, paused 4ms, total 4ms
02-03 12:44:44.451 D/dalvikvm(15954): GC_FOR_ALLOC freed 3407K, 46% free 9638K/17536K, paused 4ms, total 4ms
02-03 12:44:44.461 D/dalvikvm(15954): GC_FOR_ALLOC freed 4165K, 47% free 9343K/17536K, paused 4ms, total 4ms
02-03 12:44:44.471 D/dalvikvm(15954): GC_FOR_ALLOC freed 3885K, 48% free 9196K/17536K, paused 4ms, total 4ms
02-03 12:44:44.471 D/dalvikvm(15954): GC_FOR_ALLOC freed 3449K, 45% free 9647K/17536K, paused 4ms, total 4ms
02-03 12:44:44.481 D/dalvikvm(15954): GC_FOR_ALLOC freed 4217K, 47% free 9349K/17536K, paused 4ms, total 4ms
02-03 12:44:44.491 D/dalvikvm(15954): GC_FOR_ALLOC freed 3933K, 48% free 9200K/17536K, paused 4ms, total 4ms
02-03 12:44:44.491 D/dalvikvm(15954): GC_FOR_ALLOC freed 3492K, 45% free 9656K/17536K, paused 3ms, total 3ms
02-03 12:44:44.501 D/dalvikvm(15954): GC_FOR_ALLOC freed 4269K, 47% free 9354K/17536K, paused 4ms, total 4ms
02-03 12:44:44.501 D/dalvikvm(15954): GC_FOR_ALLOC freed 3981K, 48% free 9204K/17536K, paused 4ms, total 4ms
02-03 12:44:44.511 D/dalvikvm(15954): GC_FOR_ALLOC freed 3534K, 45% free 9665K/17536K, paused 3ms, total 3ms
02-03 12:44:44.521 D/dalvikvm(15954): GC_CONCURRENT freed 3244K, 41% free 10437K/17536K, paused 0ms+1ms, total 6ms
02-03 12:44:44.521 D/dalvikvm(15954): GC_FOR_ALLOC freed 5106K, 48% free 9207K/17536K, paused 3ms, total 3ms
02-03 12:44:44.531 D/dalvikvm(15954): GC_FOR_ALLOC freed 3577K, 45% free 9674K/17536K, paused 4ms, total 4ms
02-03 12:44:44.541 D/dalvikvm(15954): GC_CONCURRENT freed 2656K, 40% free 10611K/17536K, paused 1ms+1ms, total 5ms
02-03 12:44:44.541 D/dalvikvm(15954): GC_FOR_ALLOC freed 5008K, 45% free 9680K/17536K, paused 4ms, total 4ms
02-03 12:44:44.551 D/dalvikvm(15954): GC_CONCURRENT freed 2676K, 40% free 10624K/17536K, paused 0ms+1ms, total 5ms
02-03 12:44:44.551 D/dalvikvm(15954): GC_FOR_ALLOC freed 5045K, 47% free 9370K/17536K, paused 3ms, total 3ms
02-03 12:44:44.561 D/dalvikvm(15954): GC_FOR_ALLOC freed 4121K, 48% free 9214K/17536K, paused 4ms, total 4ms
02-03 12:44:44.571 D/dalvikvm(15954): GC_FOR_ALLOC freed 3658K, 47% free 9374K/17536K, paused 4ms, total 4ms
02-03 12:44:44.581 D/dalvikvm(15954): GC_CONCURRENT freed 3832K, 46% free 9536K/17536K, paused 1ms+1ms, total 6ms
02-03 12:44:44.581 D/dalvikvm(15954): WAIT_FOR_CONCURRENT_GC blocked 5ms
02-03 12:44:44.581 D/dalvikvm(15954): GC_FOR_ALLOC freed 4006K, 47% free 9378K/17536K, paused 4ms, total 4ms
02-03 12:44:44.591 D/dalvikvm(15954): GC_CONCURRENT freed 3862K, 46% free 9541K/17536K, paused 0ms+1ms, total 5ms
02-03 12:44:44.591 D/dalvikvm(15954): WAIT_FOR_CONCURRENT_GC blocked 4ms
02-03 12:44:44.601 D/dalvikvm(15954): GC_FOR_ALLOC freed 4036K, 47% free 9381K/17536K, paused 4ms, total 4ms
02-03 12:44:44.601 D/dalvikvm(15954): GC_CONCURRENT freed 3891K, 46% free 9546K/17536K, paused 1ms+1ms, total 5ms
02-03 12:44:44.601 D/dalvikvm(15954): WAIT_FOR_CONCURRENT_GC blocked 4ms
02-03 12:44:44.611 D/dalvikvm(15954): GC_FOR_ALLOC freed 4066K, 47% free 9385K/17536K, paused 4ms, total 4ms
02-03 12:44:44.621 D/dalvikvm(15954): GC_CONCURRENT freed 3921K, 46% free 9551K/17536K, paused 1ms+1ms, total 5ms
02-03 12:44:44.621 D/dalvikvm(15954): WAIT_FOR_CONCURRENT_GC blocked 4ms
02-03 12:44:44.631 D/dalvikvm(15954): GC_FOR_ALLOC freed 4098K, 47% free 9389K/17536K, paused 4ms, total 4ms
02-03 12:44:44.631 D/dalvikvm(15954): GC_FOR_ALLOC freed 3456K, 45% free 9720K/17536K, paused 3ms, total 3ms
02-03 12:44:44.641 D/dalvikvm(15954): GC_FOR_ALLOC freed 4295K, 48% free 9228K/17536K, paused 4ms, total 4ms
02-03 12:44:44.651 D/dalvikvm(15954): GC_CONCURRENT freed 3811K, 47% free 9394K/17536K, paused 1ms+1ms, total 5ms
02-03 12:44:44.651 D/dalvikvm(15954): WAIT_FOR_CONCURRENT_GC blocked 3ms
02-03 12:44:44.651 D/dalvikvm(15954): GC_FOR_ALLOC freed 3491K, 45% free 9728K/17536K, paused 4ms, total 4ms
02-03 12:44:44.661 D/dalvikvm(15954): GC_FOR_ALLOC freed 4335K, 48% free 9231K/17536K, paused 3ms, total 3ms
02-03 12:44:44.671 D/dalvikvm(15954): GC_CONCURRENT freed 3846K, 47% free 9399K/17536K, paused 1ms+1ms, total 5ms
02-03 12:44:44.671 D/dalvikvm(15954): WAIT_FOR_CONCURRENT_GC blocked 4ms
02-03 12:44:44.671 D/dalvikvm(15954): GC_FOR_ALLOC freed 3522K, 45% free 9735K/17536K, paused 4ms, total 4ms
02-03 12:44:44.681 D/dalvikvm(15954): GC_FOR_ALLOC freed 4374K, 48% free 9234K/17536K, paused 4ms, total 4ms
02-03 12:44:44.691 D/dalvikvm(15954): GC_CONCURRENT freed 3880K, 47% free 9403K/17536K, paused 1ms+1ms, total 5ms
02-03 12:44:44.691 D/dalvikvm(15954): WAIT_FOR_CONCURRENT_GC blocked 4ms
02-03 12:44:44.691 D/dalvikvm(15954): GC_FOR_ALLOC freed 3556K, 45% free 9743K/17536K, paused 3ms, total 4ms
02-03 12:44:44.701 D/dalvikvm(15954): GC_CONCURRENT freed 4041K, 45% free 9756K/17536K, paused 1ms+1ms, total 5ms
02-03 12:44:44.701 D/dalvikvm(15954): WAIT_FOR_CONCURRENT_GC blocked 3ms
02-03 12:44:44.711 D/dalvikvm(15954): GC_FOR_ALLOC freed 4216K, 47% free 9434K/17536K, paused 4ms, total 4ms
02-03 12:44:44.721 D/dalvikvm(15954): GC_FOR_ALLOC freed 3773K, 47% free 9434K/17536K, paused 4ms, total 4ms
02-03 12:44:44.731 D/dalvikvm(15954): GC_FOR_ALLOC freed 2014K, 39% free 10728K/17536K, paused 3ms, total 4ms
02-03 12:44:44.801 D/dalvikvm(15954): GC_CONCURRENT freed 5859K, 49% free 8963K/17536K, paused 1ms+0ms, total 6ms
02-03 12:44:44.801 D/dalvikvm(15954): WAIT_FOR_CONCURRENT_GC blocked 5ms
02-03 12:44:44.811 D/dalvikvm(15954): GC_CONCURRENT freed 4043K, 49% free 9012K/17536K, paused 1ms+1ms, total 5ms
02-03 12:44:44.811 D/dalvikvm(15954): WAIT_FOR_CONCURRENT_GC blocked 4ms
02-03 12:44:44.821 D/dalvikvm(15954): GC_FOR_ALLOC freed 4074K, 49% free 8997K/17536K, paused 4ms, total 4ms
02-03 12:44:44.831 D/dalvikvm(15954): GC_CONCURRENT freed 3190K, 48% free 9238K/17536K, paused 1ms+1ms, total 6ms
02-03 12:44:44.831 D/dalvikvm(15954): GC_CONCURRENT freed 4336K, 49% free 8997K/17536K, paused 0ms+1ms, total 4ms
02-03 12:44:44.841 D/dalvikvm(15954): WAIT_FOR_CONCURRENT_GC blocked 4ms
02-03 12:44:44.841 D/dalvikvm(15954): GC_CONCURRENT freed 4043K, 49% free 9005K/17536K, paused 0ms+1ms, total 4ms
02-03 12:44:44.851 D/dalvikvm(15954): GC_CONCURRENT freed 3999K, 49% free 9044K/17536K, paused 0ms+1ms, total 4ms
02-03 12:44:44.851 D/dalvikvm(15954): WAIT_FOR_CONCURRENT_GC blocked 4ms
02-03 12:44:44.861 D/dalvikvm(15954): GC_CONCURRENT freed 4086K, 49% free 9051K/17536K, paused 0ms+1ms, total 4ms
02-03 12:44:44.861 D/dalvikvm(15954): WAIT_FOR_CONCURRENT_GC blocked 4ms
02-03 12:44:44.871 D/dalvikvm(15954): GC_FOR_ALLOC freed 4012K, 49% free 9089K/17536K, paused 4ms, total 4ms
02-03 12:44:44.871 D/dalvikvm(15954): GC_CONCURRENT freed 3916K, 48% free 9202K/17536K, paused 1ms+0ms, total 6ms
02-03 12:44:44.871 D/dalvikvm(15954): WAIT_FOR_CONCURRENT_GC blocked 2ms
02-03 12:44:44.881 D/dalvikvm(15954): GC_FOR_ALLOC freed 4241K, 49% free 9011K/17536K, paused 4ms, total 4ms
02-03 12:44:44.891 D/dalvikvm(15954): GC_CONCURRENT freed 3737K, 47% free 9311K/17536K, paused 1ms+1ms, total 6ms
02-03 12:44:44.891 D/dalvikvm(15954): WAIT_FOR_CONCURRENT_GC blocked 1ms
02-03 12:44:44.891 D/dalvikvm(15954): GC_FOR_ALLOC freed 4334K, 49% free 9047K/17536K, paused 4ms, total 4ms
02-03 12:44:44.901 D/dalvikvm(15954): GC_CONCURRENT freed 3734K, 47% free 9374K/17536K, paused 1ms+1ms, total 6ms
02-03 12:44:44.901 D/dalvikvm(15954): WAIT_FOR_CONCURRENT_GC blocked 1ms
02-03 12:44:44.911 D/dalvikvm(15954): GC_FOR_ALLOC freed 4344K, 49% free 9049K/17536K, paused 4ms, total 4ms
02-03 12:44:44.911 D/dalvikvm(15954): GC_CONCURRENT freed 3557K, 46% free 9500K/17536K, paused 0ms+1ms, total 5ms
02-03 12:44:44.911 D/dalvikvm(15954): WAIT_FOR_CONCURRENT_GC blocked 1ms
02-03 12:44:44.921 D/dalvikvm(15954): GC_FOR_ALLOC freed 4378K, 48% free 9157K/17536K, paused 4ms, total 4ms
02-03 12:44:44.921 D/dalvikvm(15954): GC_CONCURRENT freed 3787K, 47% free 9422K/17536K, paused 0ms+1ms, total 5ms
02-03 12:44:44.931 D/dalvikvm(15954): WAIT_FOR_CONCURRENT_GC blocked 2ms
02-03 12:44:44.931 D/dalvikvm(15954): GC_FOR_ALLOC freed 4260K, 48% free 9165K/17536K, paused 4ms, total 4ms
02-03 12:44:44.941 D/dalvikvm(15954): GC_CONCURRENT freed 3602K, 46% free 9560K/17536K, paused 1ms+1ms, total 6ms
02-03 12:44:44.941 D/dalvikvm(15954): WAIT_FOR_CONCURRENT_GC blocked 2ms
02-03 12:44:44.951 D/dalvikvm(15954): GC_FOR_ALLOC freed 4491K, 49% free 9086K/17536K, paused 4ms, total 4ms
02-03 12:44:44.951 D/dalvikvm(15954): GC_CONCURRENT freed 3669K, 47% free 9439K/17536K, paused 1ms+1ms, total 6ms
02-03 12:44:44.951 D/dalvikvm(15954): WAIT_FOR_CONCURRENT_GC blocked 2ms
02-03 12:44:44.961 D/dalvikvm(15954): GC_FOR_ALLOC freed 4407K, 49% free 9086K/17536K, paused 4ms, total 4ms
02-03 12:44:44.961 D/dalvikvm(15954): GC_CONCURRENT freed 3648K, 46% free 9521K/17536K, paused 1ms+1ms, total 6ms
02-03 12:44:44.961 D/dalvikvm(15954): WAIT_FOR_CONCURRENT_GC blocked 1ms
02-03 12:44:44.971 D/dalvikvm(15954): GC_FOR_ALLOC freed 4351K, 48% free 9215K/17536K, paused 4ms, total 4ms
02-03 12:44:44.981 D/dalvikvm(15954): GC_CONCURRENT freed 3675K, 46% free 9538K/17536K, paused 1ms+1ms, total 7ms
02-03 12:44:44.981 D/dalvikvm(15954): WAIT_FOR_CONCURRENT_GC blocked 2ms
02-03 12:44:44.991 D/dalvikvm(15954): GC_CONCURRENT freed 4390K, 48% free 9158K/17536K, paused 1ms+1ms, total 5ms
02-03 12:44:44.991 D/dalvikvm(15954): WAIT_FOR_CONCURRENT_GC blocked 4ms
02-03 12:44:44.991 D/dalvikvm(15954): GC_FOR_ALLOC freed 4084K, 49% free 9090K/17536K, paused 4ms, total 4ms
02-03 12:44:45.001 D/dalvikvm(15954): GC_CONCURRENT freed 3403K, 45% free 9708K/17536K, paused 1ms+1ms, total 6ms
02-03 12:44:45.001 D/dalvikvm(15954): WAIT_FOR_CONCURRENT_GC blocked 2ms
02-03 12:44:45.011 D/dalvikvm(15954): GC_FOR_ALLOC freed 4428K, 48% free 9263K/17536K, paused 4ms, total 4ms
02-03 12:44:45.011 D/dalvikvm(15954): GC_CONCURRENT freed 3520K, 45% free 9760K/17536K, paused 1ms+1ms, total 6ms
02-03 12:44:45.011 D/dalvikvm(15954): WAIT_FOR_CONCURRENT_GC blocked 2ms
02-03 12:44:45.021 D/dalvikvm(15954): GC_FOR_ALLOC freed 4578K, 48% free 9267K/17536K, paused 4ms, total 4ms
02-03 12:44:45.021 D/dalvikvm(15954): GC_CONCURRENT freed 3637K, 46% free 9632K/17536K, paused 1ms+1ms, total 6ms
02-03 12:44:45.021 D/dalvikvm(15954): WAIT_FOR_CONCURRENT_GC blocked 1ms
02-03 12:44:45.031 D/dalvikvm(15954): GC_CONCURRENT freed 4422K, 48% free 9200K/17536K, paused 1ms+0ms, total 5ms
02-03 12:44:45.031 D/dalvikvm(15954): WAIT_FOR_CONCURRENT_GC blocked 4ms
02-03 12:44:45.041 D/dalvikvm(15954): GC_FOR_ALLOC freed 4047K, 48% free 9122K/17536K, paused 4ms, total 4ms
02-03 12:44:45.051 D/dalvikvm(15954): GC_CONCURRENT freed 3413K, 45% free 9660K/17536K, paused 0ms+0ms, total 6ms
02-03 12:44:45.051 D/dalvikvm(15954): WAIT_FOR_CONCURRENT_GC blocked 2ms
02-03 12:44:45.051 D/dalvikvm(15954): GC_CONCURRENT freed 4462K, 48% free 9204K/17536K, paused 1ms+1ms, total 5ms
02-03 12:44:45.061 D/dalvikvm(15954): GC_FOR_ALLOC freed 4063K, 49% free 9045K/17536K, paused 4ms, total 4ms
02-03 12:44:45.071 D/dalvikvm(15954): GC_FOR_ALLOC freed 3960K, 49% free 9043K/17536K, paused 4ms, total 4ms
02-03 12:44:45.071 D/dalvikvm(15954): GC_CONCURRENT freed 3845K, 48% free 9242K/17536K, paused 1ms+1ms, total 5ms
02-03 12:44:45.071 D/dalvikvm(15954): WAIT_FOR_CONCURRENT_GC blocked 4ms
02-03 12:44:45.081 D/dalvikvm(15954): GC_CONCURRENT freed 4060K, 48% free 9246K/17536K, paused 0ms+1ms, total 4ms
02-03 12:44:45.081 D/dalvikvm(15954): WAIT_FOR_CONCURRENT_GC blocked 4ms
02-03 12:44:45.091 D/dalvikvm(15954): GC_FOR_ALLOC freed 3865K, 47% free 9330K/17536K, paused 4ms, total 4ms
02-03 12:44:45.091 D/dalvikvm(15954): GC_FOR_ALLOC freed 4168K, 48% free 9160K/17536K, paused 4ms, total 4ms
02-03 12:44:45.101 D/dalvikvm(15954): GC_CONCURRENT freed 3620K, 46% free 9500K/17536K, paused 1ms+1ms, total 6ms
02-03 12:44:45.101 D/dalvikvm(15954): WAIT_FOR_CONCURRENT_GC blocked 2ms
02-03 12:44:45.111 D/dalvikvm(15954): GC_FOR_ALLOC freed 4256K, 47% free 9333K/17536K, paused 4ms, total 4ms
02-03 12:44:45.111 D/dalvikvm(15954): GC_CONCURRENT freed 3527K, 45% free 9680K/17536K, paused 1ms+1ms, total 6ms
02-03 12:44:45.111 D/dalvikvm(15954): WAIT_FOR_CONCURRENT_GC blocked 2ms
02-03 12:44:45.121 D/dalvikvm(15954): GC_FOR_ALLOC freed 4526K, 48% free 9156K/17536K, paused 4ms, total 4ms
02-03 12:44:45.131 D/dalvikvm(15954): GC_CONCURRENT freed 3331K, 45% free 9780K/17536K, paused 1ms+1ms, total 6ms
02-03 12:44:45.131 D/dalvikvm(15954): WAIT_FOR_CONCURRENT_GC blocked 2ms
02-03 12:44:45.131 D/dalvikvm(15954): GC_CONCURRENT freed 4530K, 48% free 9249K/17536K, paused 0ms+1ms, total 4ms
02-03 12:44:45.131 D/dalvikvm(15954): WAIT_FOR_CONCURRENT_GC blocked 3ms
02-03 12:44:45.141 D/dalvikvm(15954): GC_FOR_ALLOC freed 4039K, 49% free 9065K/17536K, paused 4ms, total 4ms
02-03 12:44:45.151 D/dalvikvm(15954): GC_FOR_ALLOC freed 3894K, 49% free 9095K/17536K, paused 4ms, total 4ms
02-03 12:44:45.151 D/dalvikvm(15954): GC_FOR_ALLOC freed 3932K, 49% free 9093K/17536K, paused 4ms, total 4ms
02-03 12:44:45.161 D/dalvikvm(15954): GC_FOR_ALLOC freed 3969K, 49% free 9090K/17536K, paused 4ms, total 4ms
02-03 12:44:45.171 D/dalvikvm(15954): GC_CONCURRENT freed 3812K, 48% free 9283K/17536K, paused 0ms+1ms, total 4ms
02-03 12:44:45.171 D/dalvikvm(15954): WAIT_FOR_CONCURRENT_GC blocked 4ms
02-03 12:44:45.171 D/dalvikvm(15954): GC_CONCURRENT freed 4039K, 48% free 9287K/17536K, paused 0ms+1ms, total 4ms
02-03 12:44:45.171 D/dalvikvm(15954): WAIT_FOR_CONCURRENT_GC blocked 3ms
02-03 12:44:45.181 D/dalvikvm(15954): GC_CONCURRENT freed 4077K, 48% free 9290K/17536K, paused 1ms+1ms, total 5ms
02-03 12:44:45.181 D/dalvikvm(15954): WAIT_FOR_CONCURRENT_GC blocked 4ms
02-03 12:44:45.191 D/dalvikvm(15954): GC_FOR_ALLOC freed 3822K, 47% free 9387K/17536K, paused 4ms, total 4ms
02-03 12:44:45.201 D/dalvikvm(15954): GC_FOR_ALLOC freed 4153K, 48% free 9190K/17536K, paused 4ms, total 4ms
02-03 12:44:45.201 D/dalvikvm(15954): GC_FOR_ALLOC freed 3991K, 49% free 9089K/17536K, paused 4ms, total 4ms
02-03 12:44:45.211 D/dalvikvm(15954): GC_FOR_ALLOC freed 3718K, 47% free 9392K/17536K, paused 4ms, total 4ms
02-03 12:44:45.211 D/dalvikvm(15954): GC_CONCURRENT freed 3555K, 44% free 9894K/17536K, paused 1ms+1ms, total 6ms
02-03 12:44:45.211 D/dalvikvm(15954): WAIT_FOR_CONCURRENT_GC blocked 1ms
02-03 12:44:45.221 D/dalvikvm(15954): GC_CONCURRENT freed 4590K, 47% free 9295K/17536K, paused 1ms+0ms, total 5ms
02-03 12:44:45.221 D/dalvikvm(15954): WAIT_FOR_CONCURRENT_GC blocked 4ms
02-03 12:44:45.231 D/dalvikvm(15954): GC_FOR_ALLOC freed 4023K, 48% free 9190K/17536K, paused 4ms, total 4ms
02-03 12:44:45.241 D/dalvikvm(15954): GC_CONCURRENT freed 3950K, 47% free 9330K/17536K, paused 0ms+1ms, total 5ms
02-03 12:44:45.241 D/dalvikvm(15954): WAIT_FOR_CONCURRENT_GC blocked 4ms
02-03 12:44:45.241 D/dalvikvm(15954): GC_CONCURRENT freed 4090K, 48% free 9224K/17536K, paused 1ms+1ms, total 5ms
02-03 12:44:45.241 D/dalvikvm(15954): WAIT_FOR_CONCURRENT_GC blocked 4ms
02-03 12:44:45.251 D/dalvikvm(15954): GC_FOR_ALLOC freed 3698K, 47% free 9437K/17536K, paused 4ms, total 4ms
02-03 12:44:45.261 D/dalvikvm(15954): GC_FOR_ALLOC freed 4262K, 48% free 9118K/17536K, paused 4ms, total 4ms
02-03 12:44:45.261 D/dalvikvm(15954): GC_CONCURRENT freed 3968K, 48% free 9227K/17536K, paused 1ms+1ms, total 5ms
02-03 12:44:45.261 D/dalvikvm(15954): WAIT_FOR_CONCURRENT_GC blocked 4ms
02-03 12:44:45.271 D/dalvikvm(15954): GC_CONCURRENT freed 3782K, 47% free 9445K/17536K, paused 1ms+1ms, total 5ms
02-03 12:44:45.271 D/dalvikvm(15954): WAIT_FOR_CONCURRENT_GC blocked 4ms
02-03 12:44:45.281 D/dalvikvm(15954): GC_CONCURRENT freed 4136K, 47% free 9341K/17536K, paused 1ms+1ms, total 5ms
02-03 12:44:45.281 D/dalvikvm(15954): WAIT_FOR_CONCURRENT_GC blocked 4ms
02-03 12:44:45.291 D/dalvikvm(15954): GC_FOR_ALLOC freed 4059K, 48% free 9121K/17536K, paused 4ms, total 4ms
02-03 12:44:45.291 D/dalvikvm(15954): GC_FOR_ALLOC freed 3863K, 48% free 9122K/17536K, paused 4ms, total 4ms
02-03 12:44:45.301 D/dalvikvm(15954): GC_FOR_ALLOC freed 3889K, 48% free 9124K/17536K, paused 4ms, total 4ms
02-03 12:44:45.311 D/dalvikvm(15954): GC_FOR_ALLOC freed 3916K, 48% free 9125K/17536K, paused 4ms, total 4ms
02-03 12:44:45.311 D/dalvikvm(15954): GC_FOR_ALLOC freed 3942K, 48% free 9127K/17536K, paused 4ms, total 4ms
02-03 12:44:45.321 D/dalvikvm(15954): GC_FOR_ALLOC freed 3968K, 48% free 9128K/17536K, paused 4ms, total 4ms
02-03 12:44:45.331 D/dalvikvm(15954): GC_CONCURRENT freed 3653K, 46% free 9470K/17536K, paused 1ms+1ms, total 6ms
02-03 12:44:45.331 D/dalvikvm(15954): WAIT_FOR_CONCURRENT_GC blocked 2ms
02-03 12:44:45.331 D/dalvikvm(15954): GC_CONCURRENT freed 4129K, 47% free 9361K/17536K, paused 0ms+1ms, total 4ms
02-03 12:44:45.341 D/dalvikvm(15954): GC_CONCURRENT freed 4047K, 47% free 9364K/17536K, paused 1ms+1ms, total 5ms
02-03 12:44:45.341 D/dalvikvm(15954): WAIT_FOR_CONCURRENT_GC blocked 4ms
02-03 12:44:45.351 D/dalvikvm(15954): GC_CONCURRENT freed 4072K, 47% free 9367K/17536K, paused 0ms+1ms, total 4ms
02-03 12:44:45.351 D/dalvikvm(15954): WAIT_FOR_CONCURRENT_GC blocked 4ms
02-03 12:44:45.351 D/dalvikvm(15954): GC_FOR_ALLOC freed 3752K, 46% free 9483K/17536K, paused 4ms, total 4ms
02-03 12:44:45.361 D/dalvikvm(15954): GC_FOR_ALLOC freed 4129K, 48% free 9251K/17536K, paused 4ms, total 4ms
02-03 12:44:45.371 D/dalvikvm(15954): GC_FOR_ALLOC freed 3920K, 48% free 9135K/17536K, paused 4ms, total 4ms
02-03 12:44:45.371 D/dalvikvm(15954): GC_FOR_ALLOC freed 3586K, 46% free 9495K/17536K, paused 4ms, total 4ms
02-03 12:44:45.381 D/dalvikvm(15954): GC_FOR_ALLOC freed 4211K, 48% free 9258K/17536K, paused 4ms, total 4ms
02-03 12:44:45.391 D/dalvikvm(15954): GC_CONCURRENT freed 3395K, 45% free 9742K/17536K, paused 1ms+1ms, total 6ms
02-03 12:44:45.391 D/dalvikvm(15954): WAIT_FOR_CONCURRENT_GC blocked 2ms
02-03 12:44:45.391 D/dalvikvm(15954): GC_FOR_ALLOC freed 4258K, 46% free 9507K/17536K, paused 4ms, total 4ms
02-03 12:44:45.401 D/dalvikvm(15954): GC_CONCURRENT freed 3439K, 43% free 10119K/17536K, paused 1ms+1ms, total 6ms
02-03 12:44:45.401 D/dalvikvm(15954): WAIT_FOR_CONCURRENT_GC blocked 1ms
02-03 12:44:45.411 D/dalvikvm(15954): GC_FOR_ALLOC freed 4929K, 48% free 9144K/17536K, paused 4ms, total 4ms
02-03 12:44:45.411 D/dalvikvm(15954): GC_FOR_ALLOC freed 3727K, 48% free 9270K/17536K, paused 4ms, total 4ms
02-03 12:44:45.421 D/dalvikvm(15954): GC_CONCURRENT freed 3875K, 47% free 9398K/17536K, paused 1ms+1ms, total 5ms
02-03 12:44:45.421 D/dalvikvm(15954): WAIT_FOR_CONCURRENT_GC blocked 4ms
02-03 12:44:45.431 D/dalvikvm(15954): GC_FOR_ALLOC freed 4023K, 48% free 9274K/17536K, paused 4ms, total 4ms
02-03 12:44:45.431 D/dalvikvm(15954): GC_CONCURRENT freed 3922K, 47% free 9404K/17536K, paused 1ms+1ms, total 5ms
02-03 12:44:45.431 D/dalvikvm(15954): WAIT_FOR_CONCURRENT_GC blocked 4ms
02-03 12:44:45.441 D/dalvikvm(15954): GC_FOR_ALLOC freed 4071K, 48% free 9279K/17536K, paused 4ms, total 4ms
02-03 12:44:45.451 D/dalvikvm(15954): GC_FOR_ALLOC freed 3582K, 46% free 9537K/17536K, paused 4ms, total 4ms
02-03 12:44:45.451 D/dalvikvm(15954): GC_FOR_ALLOC freed 4246K, 48% free 9155K/17536K, paused 4ms, total 4ms
02-03 12:44:45.461 D/dalvikvm(15954): GC_FOR_ALLOC freed 3882K, 48% free 9285K/17536K, paused 4ms, total 4ms
02-03 12:44:45.471 D/dalvikvm(15954): GC_CONCURRENT freed 2995K, 42% free 10195K/17536K, paused 1ms+1ms, total 6ms
02-03 12:44:45.471 D/dalvikvm(15954): WAIT_FOR_CONCURRENT_GC blocked 2ms
02-03 12:44:45.471 D/dalvikvm(15954): GC_FOR_ALLOC freed 4965K, 48% free 9159K/17536K, paused 4ms, total 4ms
02-03 12:44:45.481 D/dalvikvm(15954): GC_FOR_ALLOC freed 3947K, 48% free 9292K/17536K, paused 3ms, total 4ms
02-03 12:44:45.491 D/dalvikvm(15954): GC_CONCURRENT freed 3045K, 42% free 10217K/17536K, paused 0ms+1ms, total 6ms
02-03 12:44:45.491 D/dalvikvm(15954): WAIT_FOR_CONCURRENT_GC blocked 2ms
02-03 12:44:45.491 D/dalvikvm(15954): GC_CONCURRENT freed 4781K, 47% free 9430K/17536K, paused 1ms+1ms, total 5ms
02-03 12:44:45.491 D/dalvikvm(15954): WAIT_FOR_CONCURRENT_GC blocked 4ms
02-03 12:44:45.501 D/dalvikvm(15954): GC_FOR_ALLOC freed 4010K, 48% free 9165K/17536K, paused 4ms, total 4ms
02-03 12:44:45.511 D/dalvikvm(15954): GC_FOR_ALLOC freed 3763K, 48% free 9166K/17536K, paused 4ms, total 4ms
02-03 12:44:45.511 D/dalvikvm(15954): GC_FOR_ALLOC freed 3783K, 48% free 9168K/17536K, paused 4ms, total 4ms
02-03 12:44:45.521 D/dalvikvm(15954): GC_FOR_ALLOC freed 3802K, 48% free 9169K/17536K, paused 4ms, total 4ms
02-03 12:44:45.531 D/dalvikvm(15954): GC_FOR_ALLOC freed 3820K, 48% free 9170K/17536K, paused 4ms, total 4ms
02-03 12:44:45.531 D/dalvikvm(15954): GC_FOR_ALLOC freed 3839K, 48% free 9172K/17536K, paused 4ms, total 4ms
02-03 12:44:45.541 D/dalvikvm(15954): GC_FOR_ALLOC freed 3858K, 48% free 9173K/17536K, paused 4ms, total 4ms
02-03 12:44:45.551 D/dalvikvm(15954): GC_FOR_ALLOC freed 3877K, 48% free 9174K/17536K, paused 4ms, total 4ms
02-03 12:44:45.551 D/dalvikvm(15954): GC_FOR_ALLOC freed 3896K, 48% free 9176K/17536K, paused 4ms, total 4ms
02-03 12:44:45.561 D/dalvikvm(15954): GC_FOR_ALLOC freed 3914K, 48% free 9177K/17536K, paused 4ms, total 5ms
02-03 12:44:45.571 D/dalvikvm(15954): GC_FOR_ALLOC freed 3933K, 48% free 9178K/17536K, paused 4ms, total 4ms
02-03 12:44:45.571 D/dalvikvm(15954): GC_FOR_ALLOC freed 3952K, 48% free 9180K/17536K, paused 3ms, total 3ms
02-03 12:44:45.581 D/dalvikvm(15954): GC_CONCURRENT freed 3687K, 47% free 9465K/17536K, paused 1ms+0ms, total 5ms
02-03 12:44:45.581 D/dalvikvm(15954): WAIT_FOR_CONCURRENT_GC blocked 4ms
02-03 12:44:45.591 D/dalvikvm(15954): GC_CONCURRENT freed 3988K, 47% free 9467K/17536K, paused 1ms+1ms, total 5ms
02-03 12:44:45.591 D/dalvikvm(15954): WAIT_FOR_CONCURRENT_GC blocked 4ms
02-03 12:44:45.591 D/dalvikvm(15954): GC_CONCURRENT freed 4007K, 46% free 9470K/17536K, paused 1ms+1ms, total 5ms
02-03 12:44:45.591 D/dalvikvm(15954): WAIT_FOR_CONCURRENT_GC blocked 3ms
02-03 12:44:45.601 D/dalvikvm(15954): GC_CONCURRENT freed 4026K, 46% free 9473K/17536K, paused 0ms+1ms, total 4ms
02-03 12:44:45.601 D/dalvikvm(15954): WAIT_FOR_CONCURRENT_GC blocked 3ms
02-03 12:44:45.611 D/dalvikvm(15954): GC_CONCURRENT freed 4045K, 46% free 9475K/17536K, paused 0ms+1ms, total 5ms
02-03 12:44:45.611 D/dalvikvm(15954): WAIT_FOR_CONCURRENT_GC blocked 4ms
02-03 12:44:45.621 D/dalvikvm(15954): GC_CONCURRENT freed 4064K, 46% free 9478K/17536K, paused 1ms+1ms, total 5ms
02-03 12:44:45.621 D/dalvikvm(15954): WAIT_FOR_CONCURRENT_GC blocked 4ms
02-03 12:44:45.621 D/dalvikvm(15954): GC_CONCURRENT freed 4082K, 46% free 9481K/17536K, paused 1ms+1ms, total 5ms
02-03 12:44:45.621 D/dalvikvm(15954): WAIT_FOR_CONCURRENT_GC blocked 4ms
02-03 12:44:45.631 D/dalvikvm(15954): GC_FOR_ALLOC freed 3660K, 46% free 9629K/17536K, paused 4ms, total 4ms
02-03 12:44:45.641 D/dalvikvm(15954): GC_FOR_ALLOC freed 4118K, 47% free 9338K/17536K, paused 4ms, total 4ms
02-03 12:44:45.641 D/dalvikvm(15954): GC_FOR_ALLOC freed 3841K, 48% free 9193K/17536K, paused 4ms, total 4ms
02-03 12:44:45.651 D/dalvikvm(15954): GC_FOR_ALLOC freed 3411K, 46% free 9638K/17536K, paused 4ms, total 4ms
02-03 12:44:45.651 D/dalvikvm(15954): GC_FOR_ALLOC freed 4170K, 47% free 9344K/17536K, paused 4ms, total 4ms
02-03 12:44:45.661 D/dalvikvm(15954): GC_FOR_ALLOC freed 3889K, 48% free 9196K/17536K, paused 4ms, total 4ms
02-03 12:44:45.671 D/dalvikvm(15954): GC_FOR_ALLOC freed 3453K, 45% free 9648K/17536K, paused 4ms, total 4ms
02-03 12:44:45.671 D/dalvikvm(15954): GC_FOR_ALLOC freed 4222K, 47% free 9349K/17536K, paused 4ms, total 4ms
02-03 12:44:45.681 D/dalvikvm(15954): GC_FOR_ALLOC freed 3937K, 48% free 9200K/17536K, paused 4ms, total 4ms
02-03 12:44:45.691 D/dalvikvm(15954): GC_FOR_ALLOC freed 3496K, 45% free 9657K/17536K, paused 4ms, total 4ms
02-03 12:44:45.691 D/dalvikvm(15954): GC_CONCURRENT freed 4273K, 47% free 9355K/17536K, paused 1ms+1ms, total 5ms
02-03 12:44:45.691 D/dalvikvm(15954): WAIT_FOR_CONCURRENT_GC blocked 4ms
02-03 12:44:45.701 D/dalvikvm(15954): GC_FOR_ALLOC freed 3985K, 48% free 9204K/17536K, paused 4ms, total 4ms
02-03 12:44:45.711 D/dalvikvm(15954): GC_FOR_ALLOC freed 3538K, 45% free 9666K/17536K, paused 4ms, total 4ms
02-03 12:44:45.711 D/dalvikvm(15954): GC_CONCURRENT freed 3247K, 41% free 10438K/17536K, paused 1ms+1ms, total 7ms
02-03 12:44:45.711 D/dalvikvm(15954): WAIT_FOR_CONCURRENT_GC blocked 2ms
02-03 12:44:45.721 D/dalvikvm(15954): GC_FOR_ALLOC freed 5111K, 48% free 9208K/17536K, paused 4ms, total 4ms
02-03 12:44:45.731 D/dalvikvm(15954): GC_FOR_ALLOC freed 3581K, 45% free 9675K/17536K, paused 4ms, total 4ms
02-03 12:44:45.731 D/dalvikvm(15954): GC_CONCURRENT freed 3286K, 41% free 10456K/17536K, paused 1ms+1ms, total 6ms
02-03 12:44:45.731 D/dalvikvm(15954): WAIT_FOR_CONCURRENT_GC blocked 2ms
02-03 12:44:45.741 D/dalvikvm(15954): GC_FOR_ALLOC freed 5172K, 48% free 9211K/17536K, paused 4ms, total 4ms
02-03 12:44:45.751 D/dalvikvm(15954): GC_FOR_ALLOC freed 3623K, 47% free 9369K/17536K, paused 4ms, total 4ms
02-03 12:44:45.751 D/dalvikvm(15954): GC_FOR_ALLOC freed 4112K, 48% free 9214K/17536K, paused 4ms, total 4ms
02-03 12:44:45.761 D/dalvikvm(15954): GC_FOR_ALLOC freed 3650K, 47% free 9373K/17536K, paused 4ms, total 4ms
02-03 12:44:45.771 D/dalvikvm(15954): GC_CONCURRENT freed 3824K, 46% free 9535K/17536K, paused 1ms+1ms, total 5ms
02-03 12:44:45.771 D/dalvikvm(15954): WAIT_FOR_CONCURRENT_GC blocked 4ms
02-03 12:44:45.771 D/dalvikvm(15954): GC_FOR_ALLOC freed 3997K, 47% free 9377K/17536K, paused 4ms, total 4ms
02-03 12:44:45.781 D/dalvikvm(15954): GC_CONCURRENT freed 3854K, 46% free 9540K/17536K, paused 1ms+1ms, total 5ms
02-03 12:44:45.781 D/dalvikvm(15954): WAIT_FOR_CONCURRENT_GC blocked 4ms
02-03 12:44:45.791 D/dalvikvm(15954): GC_FOR_ALLOC freed 4027K, 47% free 9380K/17536K, paused 4ms, total 4ms
02-03 12:44:45.791 D/dalvikvm(15954): GC_CONCURRENT freed 3883K, 46% free 9544K/17536K, paused 0ms+1ms, total 4ms
02-03 12:44:45.791 D/dalvikvm(15954): WAIT_FOR_CONCURRENT_GC blocked 4ms
02-03 12:44:45.801 D/dalvikvm(15954): GC_FOR_ALLOC freed 4057K, 47% free 9384K/17536K, paused 4ms, total 4ms
02-03 12:44:45.811 D/dalvikvm(15954): GC_CONCURRENT freed 3912K, 46% free 9549K/17536K, paused 1ms+1ms, total 5ms
02-03 12:44:45.811 D/dalvikvm(15954): WAIT_FOR_CONCURRENT_GC blocked 4ms
02-03 12:44:45.821 D/dalvikvm(15954): GC_FOR_ALLOC freed 4089K, 47% free 9388K/17536K, paused 4ms, total 4ms
02-03 12:44:45.821 D/dalvikvm(15954): GC_FOR_ALLOC freed 3448K, 45% free 9718K/17536K, paused 4ms, total 4ms
02-03 12:44:45.831 D/dalvikvm(15954): GC_FOR_ALLOC freed 4286K, 48% free 9227K/17536K, paused 4ms, total 4ms
02-03 12:44:45.841 D/dalvikvm(15954): GC_CONCURRENT freed 3804K, 47% free 9393K/17536K, paused 1ms+1ms, total 5ms
02-03 12:44:45.841 D/dalvikvm(15954): WAIT_FOR_CONCURRENT_GC blocked 4ms
02-03 12:44:45.841 D/dalvikvm(15954): GC_FOR_ALLOC freed 3484K, 45% free 9726K/17536K, paused 4ms, total 4ms
02-03 12:44:45.851 D/dalvikvm(15954): GC_FOR_ALLOC freed 4327K, 48% free 9230K/17536K, paused 4ms, total 4ms
02-03 12:44:45.861 D/dalvikvm(15954): GC_CONCURRENT freed 3839K, 47% free 9398K/17536K, paused 1ms+1ms, total 5ms
02-03 12:44:45.861 D/dalvikvm(15954): WAIT_FOR_CONCURRENT_GC blocked 4ms
02-03 12:44:45.861 D/dalvikvm(15954): GC_FOR_ALLOC freed 3516K, 45% free 9734K/17536K, paused 4ms, total 4ms
02-03 12:44:45.871 D/dalvikvm(15954): GC_FOR_ALLOC freed 4366K, 48% free 9233K/17536K, paused 4ms, total 4ms
02-03 12:44:45.881 D/dalvikvm(15954): GC_CONCURRENT freed 3873K, 47% free 9402K/17536K, paused 1ms+1ms, total 5ms
02-03 12:44:45.881 D/dalvikvm(15954): WAIT_FOR_CONCURRENT_GC blocked 4ms
02-03 12:44:45.881 D/dalvikvm(15954): GC_FOR_ALLOC freed 3548K, 45% free 9741K/17536K, paused 4ms, total 4ms
02-03 12:44:45.891 D/dalvikvm(15954): GC_FOR_ALLOC freed 4410K, 48% free 9237K/17536K, paused 4ms, total 4ms
02-03 12:44:45.901 D/dalvikvm(15954): GC_CONCURRENT freed 4082K, 48% free 9250K/17536K, paused 0ms+1ms, total 5ms
02-03 12:44:45.901 D/dalvikvm(15954): WAIT_FOR_CONCURRENT_GC blocked 4ms
02-03 12:44:45.911 D/dalvikvm(15954): GC_FOR_ALLOC freed 3391K, 45% free 9765K/17536K, paused 4ms, total 4ms
02-03 12:44:45.921 D/dalvikvm(15954): GC_FOR_ALLOC freed 4529K, 51% free 8651K/17536K, paused 4ms, total 4ms
02-03 12:44:45.951 D/dalvikvm(15954): GC_CONCURRENT freed 3327K, 47% free 9371K/17536K, paused 1ms+1ms, total 4ms
02-03 12:44:46.001 W/BindingManager(18937): Cannot call determinedVisibility() - never saw a connection for the pid: 18937
02-03 12:44:46.011 D/dalvikvm(15954): GC_CONCURRENT freed 4472K, 49% free 8975K/17536K, paused 0ms+1ms, total 7ms
02-03 12:44:46.011 D/dalvikvm(15954): WAIT_FOR_CONCURRENT_GC blocked 7ms
02-03 12:44:46.021 D/dalvikvm(15954): GC_CONCURRENT freed 4045K, 49% free 8989K/17536K, paused 1ms+0ms, total 5ms
02-03 12:44:46.021 D/dalvikvm(15954): WAIT_FOR_CONCURRENT_GC blocked 4ms
02-03 12:44:46.031 D/dalvikvm(15954): GC_CONCURRENT freed 4008K, 49% free 9041K/17536K, paused 1ms+1ms, total 5ms
02-03 12:44:46.031 D/dalvikvm(15954): WAIT_FOR_CONCURRENT_GC blocked 4ms
02-03 12:44:46.041 D/dalvikvm(15954): GC_FOR_ALLOC freed 4101K, 49% free 9007K/17536K, paused 8ms, total 8ms
02-03 12:44:46.051 D/dalvikvm(15954): GC_CONCURRENT freed 1486K, 48% free 9256K/17536K, paused 0ms+1ms, total 6ms
02-03 12:44:46.071 D/dalvikvm(15954): GC_CONCURRENT freed 4244K, 49% free 9056K/17536K, paused 0ms+1ms, total 4ms
02-03 12:44:46.071 D/dalvikvm(15954): WAIT_FOR_CONCURRENT_GC blocked 5ms
02-03 12:44:46.081 D/dalvikvm(15954): GC_CONCURRENT freed 4014K, 48% free 9127K/17536K, paused 1ms+0ms, total 6ms
02-03 12:44:46.081 D/dalvikvm(15954): WAIT_FOR_CONCURRENT_GC blocked 4ms
02-03 12:44:46.091 D/dalvikvm(15954): GC_FOR_ALLOC freed 4098K, 49% free 9066K/17536K, paused 4ms, total 4ms
02-03 12:44:46.091 D/dalvikvm(15954): GC_CONCURRENT freed 3622K, 46% free 9508K/17536K, paused 1ms+2ms, total 7ms
02-03 12:44:46.101 D/dalvikvm(15954): GC_CONCURRENT freed 4473K, 49% free 9065K/17536K, paused 1ms+1ms, total 6ms
02-03 12:44:46.111 D/dalvikvm(15954): GC_CONCURRENT freed 3934K, 48% free 9192K/17536K, paused 0ms+1ms, total 6ms
02-03 12:44:46.121 D/dalvikvm(15954): WAIT_FOR_CONCURRENT_GC blocked 5ms
02-03 12:44:46.121 D/dalvikvm(15954): GC_CONCURRENT freed 4255K, 49% free 9026K/17536K, paused 1ms+1ms, total 5ms
02-03 12:44:46.121 D/dalvikvm(15954): WAIT_FOR_CONCURRENT_GC blocked 3ms
02-03 12:44:46.131 D/dalvikvm(15954): GC_CONCURRENT freed 3949K, 49% free 9078K/17536K, paused 0ms+1ms, total 5ms
02-03 12:44:46.131 D/dalvikvm(15954): WAIT_FOR_CONCURRENT_GC blocked 5ms
02-03 12:44:46.141 D/dalvikvm(15954): GC_CONCURRENT freed 4065K, 49% free 8985K/17536K, paused 0ms+0ms, total 5ms
02-03 12:44:46.141 D/dalvikvm(15954): WAIT_FOR_CONCURRENT_GC blocked 4ms
02-03 12:44:46.151 D/dalvikvm(15954): GC_CONCURRENT freed 3873K, 48% free 9133K/17536K, paused 1ms+1ms, total 5ms
02-03 12:44:46.151 D/dalvikvm(15954): WAIT_FOR_CONCURRENT_GC blocked 4ms
02-03 12:44:46.161 D/dalvikvm(15954): GC_CONCURRENT freed 4055K, 49% free 9090K/17536K, paused 0ms+1ms, total 5ms
02-03 12:44:46.161 D/dalvikvm(15954): WAIT_FOR_CONCURRENT_GC blocked 4ms
02-03 12:44:46.171 D/dalvikvm(15954): GC_CONCURRENT freed 4035K, 49% free 9093K/17536K, paused 1ms+1ms, total 5ms
02-03 12:44:46.171 D/dalvikvm(15954): WAIT_FOR_CONCURRENT_GC blocked 4ms
02-03 12:44:46.171 D/dalvikvm(15954): GC_FOR_ALLOC freed 3997K, 48% free 9149K/17536K, paused 4ms, total 4ms
02-03 12:44:46.181 D/dalvikvm(15954): GC_CONCURRENT freed 3789K, 47% free 9399K/17536K, paused 1ms+1ms, total 6ms
02-03 12:44:46.181 D/dalvikvm(15954): WAIT_FOR_CONCURRENT_GC blocked 1ms
02-03 12:44:46.191 D/dalvikvm(15954): GC_CONCURRENT freed 4263K, 48% free 9136K/17536K, paused 1ms+1ms, total 5ms
02-03 12:44:46.191 D/dalvikvm(15954): WAIT_FOR_CONCURRENT_GC blocked 4ms
02-03 12:44:46.191 D/dalvikvm(15954): GC_FOR_ALLOC freed 3925K, 48% free 9196K/17536K, paused 4ms, total 4ms
02-03 12:44:46.201 D/dalvikvm(15954): GC_CONCURRENT freed 3790K, 46% free 9491K/17536K, paused 1ms+1ms, total 6ms
02-03 12:44:46.201 D/dalvikvm(15954): WAIT_FOR_CONCURRENT_GC blocked 1ms
02-03 12:44:46.211 D/dalvikvm(15954): GC_FOR_ALLOC freed 4286K, 48% free 9202K/17536K, paused 4ms, total 4ms
02-03 12:44:46.211 D/dalvikvm(15954): GC_CONCURRENT freed 3265K, 46% free 9578K/17536K, paused 1ms+0ms, total 6ms
02-03 12:44:46.221 D/dalvikvm(15954): GC_CONCURRENT freed 4472K, 48% free 9147K/17536K, paused 1ms+1ms, total 5ms
02-03 12:44:46.221 D/dalvikvm(15954): WAIT_FOR_CONCURRENT_GC blocked 4ms
02-03 12:44:46.231 D/dalvikvm(15954): GC_FOR_ALLOC freed 3922K, 48% free 9213K/17536K, paused 4ms, total 4ms
02-03 12:44:46.231 D/dalvikvm(15954): GC_CONCURRENT freed 2997K, 46% free 9612K/17536K, paused 1ms+1ms, total 6ms
02-03 12:44:46.241 D/dalvikvm(15954): GC_FOR_ALLOC freed 4528K, 49% free 9085K/17536K, paused 4ms, total 4ms
02-03 12:44:46.251 D/dalvikvm(15954): GC_CONCURRENT freed 3039K, 46% free 9563K/17536K, paused 1ms+1ms, total 6ms
02-03 12:44:46.251 D/dalvikvm(15954): GC_FOR_ALLOC freed 4264K, 48% free 9256K/17536K, paused 4ms, total 4ms
02-03 12:44:46.261 D/dalvikvm(15954): GC_FOR_ALLOC freed 3991K, 48% free 9258K/17536K, paused 4ms, total 4ms
02-03 12:44:46.271 D/dalvikvm(15954): GC_CONCURRENT freed 3264K, 45% free 9688K/17536K, paused 1ms+1ms, total 6ms
02-03 12:44:46.271 D/dalvikvm(15954): GC_CONCURRENT freed 4400K, 48% free 9262K/17536K, paused 0ms+1ms, total 5ms
02-03 12:44:46.281 D/dalvikvm(15954): WAIT_FOR_CONCURRENT_GC blocked 5ms
02-03 12:44:46.281 D/dalvikvm(15954): GC_CONCURRENT freed 4183K, 49% free 9114K/17536K, paused 1ms+1ms, total 5ms
02-03 12:44:46.281 D/dalvikvm(15954): WAIT_FOR_CONCURRENT_GC blocked 4ms
02-03 12:44:46.291 D/dalvikvm(15954): GC_CONCURRENT freed 3942K, 48% free 9194K/17536K, paused 0ms+1ms, total 4ms
02-03 12:44:46.291 D/dalvikvm(15954): WAIT_FOR_CONCURRENT_GC blocked 4ms
02-03 12:44:46.301 D/dalvikvm(15954): GC_CONCURRENT freed 4078K, 49% free 9117K/17536K, paused 0ms+0ms, total 5ms
02-03 12:44:46.301 D/dalvikvm(15954): WAIT_FOR_CONCURRENT_GC blocked 4ms
02-03 12:44:46.311 D/dalvikvm(15954): GC_CONCURRENT freed 3826K, 48% free 9272K/17536K, paused 0ms+0ms, total 5ms
02-03 12:44:46.311 D/dalvikvm(15954): WAIT_FOR_CONCURRENT_GC blocked 4ms
02-03 12:44:46.321 D/dalvikvm(15954): GC_CONCURRENT freed 4116K, 48% free 9195K/17536K, paused 1ms+0ms, total 5ms
02-03 12:44:46.321 D/dalvikvm(15954): WAIT_FOR_CONCURRENT_GC blocked 4ms
02-03 12:44:46.321 D/dalvikvm(15954): GC_FOR_ALLOC freed 4094K, 49% free 9066K/17536K, paused 4ms, total 4ms
02-03 12:44:46.331 D/dalvikvm(15954): GC_CONCURRENT freed 3822K, 48% free 9232K/17536K, paused 0ms+1ms, total 5ms
02-03 12:44:46.331 D/dalvikvm(15954): WAIT_FOR_CONCURRENT_GC blocked 4ms
02-03 12:44:46.341 D/dalvikvm(15954): GC_CONCURRENT freed 4041K, 48% free 9232K/17536K, paused 0ms+1ms, total 5ms
02-03 12:44:46.341 D/dalvikvm(15954): WAIT_FOR_CONCURRENT_GC blocked 4ms
02-03 12:44:46.351 D/dalvikvm(15954): GC_CONCURRENT freed 4091K, 48% free 9236K/17536K, paused 1ms+0ms, total 5ms
02-03 12:44:46.351 D/dalvikvm(15954): WAIT_FOR_CONCURRENT_GC blocked 4ms
02-03 12:44:46.351 D/dalvikvm(15954): GC_CONCURRENT freed 3894K, 47% free 9321K/17536K, paused 0ms+1ms, total 5ms
02-03 12:44:46.351 D/dalvikvm(15954): WAIT_FOR_CONCURRENT_GC blocked 4ms
02-03 12:44:46.361 D/dalvikvm(15954): GC_FOR_ALLOC freed 4197K, 48% free 9150K/17536K, paused 4ms, total 4ms
02-03 12:44:46.371 D/dalvikvm(15954): GC_CONCURRENT freed 3470K, 45% free 9665K/17536K, paused 1ms+1ms, total 6ms
02-03 12:44:46.371 D/dalvikvm(15954): GC_FOR_ALLOC freed 4461K, 48% free 9148K/17536K, paused 4ms, total 4ms
02-03 12:44:46.381 D/dalvikvm(15954): GC_CONCURRENT freed 3984K, 48% free 9240K/17536K, paused 1ms+1ms, total 5ms
02-03 12:44:46.381 D/dalvikvm(15954): WAIT_FOR_CONCURRENT_GC blocked 4ms
02-03 12:44:46.391 D/dalvikvm(15954): GC_CONCURRENT freed 4119K, 48% free 9150K/17536K, paused 1ms+1ms, total 5ms
02-03 12:44:46.391 D/dalvikvm(15954): WAIT_FOR_CONCURRENT_GC blocked 4ms
02-03 12:44:46.401 D/dalvikvm(15954): GC_CONCURRENT freed 3802K, 47% free 9330K/17536K, paused 0ms+1ms, total 5ms
02-03 12:44:46.401 D/dalvikvm(15954): WAIT_FOR_CONCURRENT_GC blocked 4ms
02-03 12:44:46.411 D/dalvikvm(15954): GC_CONCURRENT freed 4116K, 48% free 9272K/17536K, paused 0ms+1ms, total 5ms
02-03 12:44:46.411 D/dalvikvm(15954): WAIT_FOR_CONCURRENT_GC blocked 4ms
02-03 12:44:46.411 D/dalvikvm(15954): GC_FOR_ALLOC freed 4065K, 49% free 9086K/17536K, paused 4ms, total 4ms
02-03 12:44:46.421 D/dalvikvm(15954): GC_FOR_ALLOC freed 3919K, 49% free 9084K/17536K, paused 4ms, total 4ms
02-03 12:44:46.431 D/dalvikvm(15954): GC_FOR_ALLOC freed 3957K, 49% free 9082K/17536K, paused 4ms, total 4ms
02-03 12:44:46.431 D/dalvikvm(15954): GC_CONCURRENT freed 3804K, 48% free 9270K/17536K, paused 0ms+1ms, total 4ms
02-03 12:44:46.431 D/dalvikvm(15954): WAIT_FOR_CONCURRENT_GC blocked 4ms
02-03 12:44:46.441 D/dalvikvm(15954): GC_CONCURRENT freed 4030K, 48% free 9269K/17536K, paused 1ms+1ms, total 6ms
02-03 12:44:46.441 D/dalvikvm(15954): WAIT_FOR_CONCURRENT_GC blocked 4ms
02-03 12:44:46.451 D/dalvikvm(15954): GC_CONCURRENT freed 4068K, 48% free 9269K/17536K, paused 0ms+1ms, total 5ms
02-03 12:44:46.451 D/dalvikvm(15954): WAIT_FOR_CONCURRENT_GC blocked 4ms
02-03 12:44:46.461 D/dalvikvm(15954): GC_FOR_ALLOC freed 3806K, 47% free 9370K/17536K, paused 4ms, total 4ms
02-03 12:44:46.461 D/dalvikvm(15954): GC_FOR_ALLOC freed 4141K, 48% free 9173K/17536K, paused 4ms, total 4ms
02-03 12:44:46.471 D/dalvikvm(15954): GC_FOR_ALLOC freed 3979K, 49% free 9104K/17536K, paused 4ms, total 4ms
02-03 12:44:46.481 D/dalvikvm(15954): GC_FOR_ALLOC freed 3707K, 47% free 9406K/17536K, paused 4ms, total 4ms
02-03 12:44:46.481 D/dalvikvm(15954): GC_CONCURRENT freed 3134K, 43% free 10012K/17536K, paused 1ms+1ms, total 5ms
02-03 12:44:46.491 D/dalvikvm(15954): GC_FOR_ALLOC freed 4679K, 47% free 9411K/17536K, paused 4ms, total 4ms
02-03 12:44:46.501 D/dalvikvm(15954): GC_CONCURRENT freed 3186K, 43% free 10027K/17536K, paused 0ms+1ms, total 5ms
02-03 12:44:46.501 D/dalvikvm(15954): GC_FOR_ALLOC freed 4758K, 48% free 9208K/17536K, paused 4ms, total 4ms
02-03 12:44:46.511 D/dalvikvm(15954): GC_CONCURRENT freed 3968K, 47% free 9316K/17536K, paused 0ms+1ms, total 5ms
02-03 12:44:46.511 D/dalvikvm(15954): WAIT_FOR_CONCURRENT_GC blocked 4ms
02-03 12:44:46.521 D/dalvikvm(15954): GC_CONCURRENT freed 4109K, 48% free 9209K/17536K, paused 0ms+0ms, total 5ms
02-03 12:44:46.521 D/dalvikvm(15954): WAIT_FOR_CONCURRENT_GC blocked 4ms
02-03 12:44:46.531 D/dalvikvm(15954): GC_FOR_ALLOC freed 3714K, 47% free 9424K/17536K, paused 4ms, total 4ms
02-03 12:44:46.531 D/dalvikvm(15954): GC_FOR_ALLOC freed 4280K, 49% free 9103K/17536K, paused 4ms, total 4ms
02-03 12:44:46.541 D/dalvikvm(15954): GC_CONCURRENT freed 3985K, 48% free 9213K/17536K, paused 1ms+4ms, total 9ms
02-03 12:44:46.541 D/dalvikvm(15954): WAIT_FOR_CONCURRENT_GC blocked 8ms
02-03 12:44:46.561 D/dalvikvm(15954): GC_CONCURRENT freed 3797K, 47% free 9432K/17536K, paused 1ms+2ms, total 13ms
02-03 12:44:46.561 D/dalvikvm(15954): WAIT_FOR_CONCURRENT_GC blocked 12ms
02-03 12:44:46.581 D/dalvikvm(15954): GC_CONCURRENT freed 4153K, 47% free 9327K/17536K, paused 0ms+1ms, total 7ms
02-03 12:44:46.581 D/dalvikvm(15954): WAIT_FOR_CONCURRENT_GC blocked 7ms
02-03 12:44:46.581 W/BindingManager(18937): Cannot call determinedVisibility() - never saw a connection for the pid: 18937
02-03 12:44:46.591 D/dalvikvm(15954): GC_FOR_ALLOC freed 4076K, 49% free 9106K/17536K, paused 5ms, total 5ms
02-03 12:44:46.601 D/dalvikvm(15954): GC_FOR_ALLOC freed 3879K, 49% free 9107K/17536K, paused 8ms, total 8ms
02-03 12:44:46.601 I/chromium(18937): [INFO:CONSOLE(68)] "PASS: Exception thrown when creating SharedWorker with different URLs but same name: ReferenceError: SharedWorker is not defined", source: app://org.xwalk.webapi_noneservice_tests//opt/tct-workers-w3c-tests/workers/SharedWorkerShared_name_except.html (68)
02-03 12:44:46.611 D/dalvikvm(15954): GC_FOR_ALLOC freed 3905K, 49% free 9109K/17536K, paused 6ms, total 6ms
02-03 12:44:46.621 D/dalvikvm(15954): GC_FOR_ALLOC freed 3931K, 49% free 9110K/17536K, paused 5ms, total 5ms
02-03 12:44:46.621 D/dalvikvm(15954): GC_FOR_ALLOC freed 3957K, 49% free 9112K/17536K, paused 4ms, total 4ms
02-03 12:44:46.631 D/dalvikvm(15954): GC_CONCURRENT freed 3756K, 47% free 9341K/17536K, paused 0ms+1ms, total 5ms
02-03 12:44:46.631 D/dalvikvm(15954): WAIT_FOR_CONCURRENT_GC blocked 4ms
02-03 12:44:46.641 D/dalvikvm(15954): GC_CONCURRENT freed 4008K, 47% free 9344K/17536K, paused 0ms+0ms, total 6ms
02-03 12:44:46.641 D/dalvikvm(15954): WAIT_FOR_CONCURRENT_GC blocked 6ms
02-03 12:44:46.651 D/dalvikvm(15954): GC_CONCURRENT freed 4034K, 47% free 9347K/17536K, paused 0ms+1ms, total 6ms
02-03 12:44:46.651 D/dalvikvm(15954): WAIT_FOR_CONCURRENT_GC blocked 6ms
02-03 12:44:46.661 D/dalvikvm(15954): GC_FOR_ALLOC freed 4297K, 49% free 9114K/17536K, paused 4ms, total 4ms
02-03 12:44:46.671 D/dalvikvm(15954): GC_CONCURRENT freed 3858K, 47% free 9349K/17536K, paused 0ms+0ms, total 5ms
02-03 12:44:46.671 D/dalvikvm(15954): WAIT_FOR_CONCURRENT_GC blocked 2ms
02-03 12:44:46.671 D/dalvikvm(15954): GC_FOR_ALLOC freed 3764K, 46% free 9470K/17536K, paused 5ms, total 5ms
02-03 12:44:46.681 D/dalvikvm(15954): GC_FOR_ALLOC freed 4146K, 48% free 9237K/17536K, paused 6ms, total 6ms
02-03 12:44:46.691 D/dalvikvm(15954): GC_FOR_ALLOC freed 3937K, 48% free 9120K/17536K, paused 5ms, total 6ms
02-03 12:44:46.701 D/dalvikvm(15954): GC_FOR_ALLOC freed 3601K, 46% free 9481K/17536K, paused 5ms, total 5ms
02-03 12:44:46.711 D/dalvikvm(15954): GC_FOR_ALLOC freed 4229K, 48% free 9244K/17536K, paused 7ms, total 7ms
02-03 12:44:46.721 D/dalvikvm(15954): GC_CONCURRENT freed 0K, 46% free 9486K/17536K, paused 2ms+1ms, total 7ms
02-03 12:44:46.751 D/dalvikvm(15954): GC_CONCURRENT freed 4258K, 48% free 9242K/17536K, paused 1ms+2ms, total 20ms
02-03 12:44:46.751 D/dalvikvm(15954): WAIT_FOR_CONCURRENT_GC blocked 18ms
02-03 12:44:46.761 D/dalvikvm(15954): GC_FOR_ALLOC freed 4042K, 48% free 9122K/17536K, paused 4ms, total 5ms
02-03 12:44:46.771 D/dalvikvm(15954): GC_CONCURRENT freed 3696K, 46% free 9493K/17536K, paused 1ms+1ms, total 7ms
02-03 12:44:46.771 D/dalvikvm(15954): WAIT_FOR_CONCURRENT_GC blocked 3ms
02-03 12:44:46.781 D/dalvikvm(15954): GC_FOR_ALLOC freed 4092K, 48% free 9125K/17536K, paused 4ms, total 4ms
02-03 12:44:46.791 D/dalvikvm(15954): GC_FOR_ALLOC freed 3742K, 48% free 9251K/17536K, paused 5ms, total 5ms
02-03 12:44:46.801 D/dalvikvm(15954): GC_CONCURRENT freed 3891K, 47% free 9380K/17536K, paused 1ms+0ms, total 7ms
02-03 12:44:46.801 D/dalvikvm(15954): WAIT_FOR_CONCURRENT_GC blocked 6ms
02-03 12:44:46.811 D/dalvikvm(15954): GC_FOR_ALLOC freed 4039K, 48% free 9256K/17536K, paused 5ms, total 5ms
02-03 12:44:46.821 D/dalvikvm(15954): GC_CONCURRENT freed 3938K, 47% free 9386K/17536K, paused 2ms+1ms, total 6ms
02-03 12:44:46.821 D/dalvikvm(15954): WAIT_FOR_CONCURRENT_GC blocked 4ms
02-03 12:44:46.821 D/dalvikvm(15954): GC_FOR_ALLOC freed 4087K, 48% free 9260K/17536K, paused 4ms, total 4ms
02-03 12:44:46.831 D/dalvikvm(15954): GC_FOR_ALLOC freed 3596K, 46% free 9519K/17536K, paused 4ms, total 4ms
02-03 12:44:46.841 D/dalvikvm(15954): GC_FOR_ALLOC freed 4263K, 48% free 9136K/17536K, paused 4ms, total 4ms
02-03 12:44:46.841 D/dalvikvm(15954): GC_FOR_ALLOC freed 3897K, 48% free 9267K/17536K, paused 4ms, total 4ms
02-03 12:44:46.851 D/dalvikvm(15954): GC_CONCURRENT freed 3007K, 42% free 10180K/17536K, paused 1ms+0ms, total 6ms
02-03 12:44:46.851 D/dalvikvm(15954): WAIT_FOR_CONCURRENT_GC blocked 2ms
02-03 12:44:46.861 D/dalvikvm(15954): GC_FOR_ALLOC freed 4984K, 48% free 9140K/17536K, paused 4ms, total 4ms
02-03 12:44:46.861 D/dalvikvm(15954): GC_CONCURRENT freed 3961K, 48% free 9274K/17536K, paused 1ms+1ms, total 5ms
02-03 12:44:46.861 D/dalvikvm(15954): WAIT_FOR_CONCURRENT_GC blocked 4ms
02-03 12:44:46.871 D/dalvikvm(15954): GC_CONCURRENT freed 3718K, 46% free 9541K/17536K, paused 0ms+1ms, total 6ms
02-03 12:44:46.871 D/dalvikvm(15954): WAIT_FOR_CONCURRENT_GC blocked 5ms
02-03 12:44:46.881 D/dalvikvm(15954): GC_CONCURRENT freed 4139K, 47% free 9412K/17536K, paused 1ms+1ms, total 5ms
02-03 12:44:46.881 D/dalvikvm(15954): WAIT_FOR_CONCURRENT_GC blocked 4ms
02-03 12:44:46.891 D/dalvikvm(15954): GC_FOR_ALLOC freed 4025K, 48% free 9146K/17536K, paused 4ms, total 4ms
02-03 12:44:46.891 D/dalvikvm(15954): GC_FOR_ALLOC freed 3778K, 48% free 9147K/17536K, paused 4ms, total 4ms
02-03 12:44:46.901 D/dalvikvm(15954): GC_FOR_ALLOC freed 3797K, 48% free 9149K/17536K, paused 4ms, total 4ms
02-03 12:44:46.911 D/dalvikvm(15954): GC_FOR_ALLOC freed 3816K, 48% free 9150K/17536K, paused 4ms, total 4ms
02-03 12:44:46.911 D/dalvikvm(15954): GC_FOR_ALLOC freed 3835K, 48% free 9151K/17536K, paused 4ms, total 4ms
02-03 12:44:46.921 D/dalvikvm(15954): GC_FOR_ALLOC freed 3853K, 48% free 9153K/17536K, paused 4ms, total 4ms
02-03 12:44:46.931 D/dalvikvm(15954): GC_FOR_ALLOC freed 3872K, 48% free 9154K/17536K, paused 4ms, total 4ms
02-03 12:44:46.931 D/dalvikvm(15954): GC_FOR_ALLOC freed 3891K, 48% free 9155K/17536K, paused 4ms, total 4ms
02-03 12:44:46.941 D/dalvikvm(15954): GC_FOR_ALLOC freed 3910K, 48% free 9157K/17536K, paused 4ms, total 4ms
02-03 12:44:46.951 D/dalvikvm(15954): GC_FOR_ALLOC freed 3929K, 48% free 9158K/17536K, paused 4ms, total 4ms
02-03 12:44:46.951 D/dalvikvm(15954): GC_FOR_ALLOC freed 3947K, 48% free 9159K/17536K, paused 4ms, total 4ms
02-03 12:44:46.961 D/dalvikvm(15954): GC_FOR_ALLOC freed 3966K, 48% free 9161K/17536K, paused 4ms, total 4ms
02-03 12:44:46.971 D/dalvikvm(15954): GC_CONCURRENT freed 3560K, 46% free 9587K/17536K, paused 1ms+1ms, total 6ms
02-03 12:44:46.971 D/dalvikvm(15954): WAIT_FOR_CONCURRENT_GC blocked 2ms
02-03 12:44:46.971 D/dalvikvm(15954): GC_CONCURRENT freed 4143K, 47% free 9449K/17536K, paused 1ms+1ms, total 6ms
02-03 12:44:46.981 D/dalvikvm(15954): WAIT_FOR_CONCURRENT_GC blocked 5ms
02-03 12:44:46.981 D/dalvikvm(15954): GC_CONCURRENT freed 4021K, 47% free 9452K/17536K, paused 1ms+1ms, total 5ms
02-03 12:44:46.981 D/dalvikvm(15954): WAIT_FOR_CONCURRENT_GC blocked 4ms
02-03 12:44:46.991 D/dalvikvm(15954): GC_CONCURRENT freed 4040K, 47% free 9455K/17536K, paused 0ms+1ms, total 4ms
02-03 12:44:46.991 D/dalvikvm(15954): WAIT_FOR_CONCURRENT_GC blocked 4ms
02-03 12:44:47.001 D/dalvikvm(15954): GC_CONCURRENT freed 4059K, 47% free 9457K/17536K, paused 1ms+1ms, total 6ms
02-03 12:44:47.001 D/dalvikvm(15954): WAIT_FOR_CONCURRENT_GC blocked 4ms
02-03 12:44:47.011 D/dalvikvm(15954): GC_CONCURRENT freed 4078K, 47% free 9460K/17536K, paused 0ms+1ms, total 5ms
02-03 12:44:47.011 D/dalvikvm(15954): WAIT_FOR_CONCURRENT_GC blocked 4ms
02-03 12:44:47.011 D/dalvikvm(15954): GC_FOR_ALLOC freed 3656K, 46% free 9608K/17536K, paused 4ms, total 4ms
02-03 12:44:47.021 D/dalvikvm(15954): GC_FOR_ALLOC freed 4113K, 47% free 9318K/17536K, paused 4ms, total 4ms
02-03 12:44:47.031 D/dalvikvm(15954): GC_FOR_ALLOC freed 3837K, 48% free 9172K/17536K, paused 4ms, total 4ms
02-03 12:44:47.031 D/dalvikvm(15954): GC_FOR_ALLOC freed 3407K, 46% free 9618K/17536K, paused 4ms, total 4ms
02-03 12:44:47.041 D/dalvikvm(15954): GC_FOR_ALLOC freed 4165K, 47% free 9323K/17536K, paused 4ms, total 4ms
02-03 12:44:47.051 D/dalvikvm(15954): GC_FOR_ALLOC freed 3885K, 48% free 9176K/17536K, paused 4ms, total 4ms
02-03 12:44:47.051 D/dalvikvm(15954): GC_FOR_ALLOC freed 3449K, 46% free 9627K/17536K, paused 4ms, total 4ms
02-03 12:44:47.061 D/dalvikvm(15954): GC_FOR_ALLOC freed 4217K, 47% free 9329K/17536K, paused 4ms, total 4ms
02-03 12:44:47.071 D/dalvikvm(15954): GC_FOR_ALLOC freed 3933K, 48% free 9180K/17536K, paused 4ms, total 4ms
02-03 12:44:47.071 D/dalvikvm(15954): GC_FOR_ALLOC freed 3492K, 46% free 9636K/17536K, paused 4ms, total 4ms
02-03 12:44:47.081 D/dalvikvm(15954): GC_FOR_ALLOC freed 4269K, 47% free 9334K/17536K, paused 4ms, total 4ms
02-03 12:44:47.091 D/dalvikvm(15954): GC_FOR_ALLOC freed 3981K, 48% free 9184K/17536K, paused 4ms, total 4ms
02-03 12:44:47.091 D/dalvikvm(15954): GC_FOR_ALLOC freed 3534K, 45% free 9645K/17536K, paused 4ms, total 4ms
02-03 12:44:47.101 D/dalvikvm(15954): GC_CONCURRENT freed 3244K, 41% free 10417K/17536K, paused 1ms+1ms, total 6ms
02-03 12:44:47.101 D/dalvikvm(15954): GC_FOR_ALLOC freed 5106K, 48% free 9187K/17536K, paused 4ms, total 4ms
02-03 12:44:47.111 D/dalvikvm(15954): GC_FOR_ALLOC freed 3577K, 45% free 9654K/17536K, paused 4ms, total 4ms
02-03 12:44:47.121 D/dalvikvm(15954): GC_CONCURRENT freed 3283K, 41% free 10435K/17536K, paused 1ms+1ms, total 5ms
02-03 12:44:47.121 D/dalvikvm(15954): WAIT_FOR_CONCURRENT_GC blocked 2ms
02-03 12:44:47.121 D/dalvikvm(15954): GC_FOR_ALLOC freed 5166K, 48% free 9191K/17536K, paused 4ms, total 4ms
02-03 12:44:47.131 D/dalvikvm(15954): GC_FOR_ALLOC freed 3619K, 45% free 9664K/17536K, paused 4ms, total 4ms
02-03 12:44:47.141 D/dalvikvm(15954): GC_CONCURRENT freed 3005K, 42% free 10296K/17536K, paused 1ms+1ms, total 6ms
02-03 12:44:47.141 D/dalvikvm(15954): WAIT_FOR_CONCURRENT_GC blocked 2ms
02-03 12:44:47.141 D/dalvikvm(15954): GC_FOR_ALLOC freed 4749K, 47% free 9352K/17536K, paused 4ms, total 4ms
02-03 12:44:47.151 D/dalvikvm(15954): GC_CONCURRENT freed 3820K, 46% free 9514K/17536K, paused 1ms+1ms, total 5ms
02-03 12:44:47.151 D/dalvikvm(15954): WAIT_FOR_CONCURRENT_GC blocked 4ms
02-03 12:44:47.161 D/dalvikvm(15954): GC_FOR_ALLOC freed 3992K, 47% free 9356K/17536K, paused 4ms, total 4ms
02-03 12:44:47.161 D/dalvikvm(15954): GC_CONCURRENT freed 3850K, 46% free 9519K/17536K, paused 1ms+1ms, total 5ms
02-03 12:44:47.171 D/dalvikvm(15954): WAIT_FOR_CONCURRENT_GC blocked 4ms
02-03 12:44:47.171 D/dalvikvm(15954): GC_FOR_ALLOC freed 4023K, 47% free 9360K/17536K, paused 4ms, total 4ms
02-03 12:44:47.181 D/dalvikvm(15954): GC_CONCURRENT freed 3878K, 46% free 9524K/17536K, paused 1ms+1ms, total 6ms
02-03 12:44:47.181 D/dalvikvm(15954): WAIT_FOR_CONCURRENT_GC blocked 5ms
02-03 12:44:47.191 D/dalvikvm(15954): GC_FOR_ALLOC freed 4053K, 47% free 9363K/17536K, paused 4ms, total 4ms
02-03 12:44:47.191 D/dalvikvm(15954): GC_CONCURRENT freed 3907K, 46% free 9529K/17536K, paused 1ms+1ms, total 5ms
02-03 12:44:47.191 D/dalvikvm(15954): WAIT_FOR_CONCURRENT_GC blocked 4ms
02-03 12:44:47.201 D/dalvikvm(15954): GC_FOR_ALLOC freed 4084K, 47% free 9367K/17536K, paused 4ms, total 4ms
02-03 12:44:47.211 D/dalvikvm(15954): GC_FOR_ALLOC freed 3444K, 45% free 9697K/17536K, paused 4ms, total 4ms
02-03 12:44:47.211 D/dalvikvm(15954): GC_FOR_ALLOC freed 4281K, 48% free 9207K/17536K, paused 4ms, total 4ms
02-03 12:44:47.221 D/dalvikvm(15954): GC_FOR_ALLOC freed 3801K, 47% free 9372K/17536K, paused 4ms, total 4ms
02-03 12:44:47.231 D/dalvikvm(15954): GC_FOR_ALLOC freed 3481K, 45% free 9705K/17536K, paused 4ms, total 4ms
02-03 12:44:47.231 D/dalvikvm(15954): GC_FOR_ALLOC freed 4323K, 48% free 9210K/17536K, paused 4ms, total 4ms
02-03 12:44:47.241 D/dalvikvm(15954): GC_CONCURRENT freed 3835K, 47% free 9377K/17536K, paused 1ms+2ms, total 6ms
02-03 12:44:47.241 D/dalvikvm(15954): WAIT_FOR_CONCURRENT_GC blocked 5ms
02-03 12:44:47.261 D/dalvikvm(15954): GC_FOR_ALLOC freed 3513K, 45% free 9713K/17536K, paused 7ms, total 7ms
02-03 12:44:47.271 D/dalvikvm(15954): GC_FOR_ALLOC freed 4362K, 48% free 9213K/17536K, paused 9ms, total 9ms
02-03 12:44:47.281 D/dalvikvm(15954): GC_FOR_ALLOC freed 3870K, 47% free 9381K/17536K, paused 4ms, total 4ms
02-03 12:44:47.281 W/BindingManager(18937): Cannot call determinedVisibility() - never saw a connection for the pid: 18937
02-03 12:44:47.281 D/dalvikvm(15954): GC_CONCURRENT freed 2703K, 40% free 10562K/17536K, paused 1ms+1ms, total 8ms
02-03 12:44:47.281 D/dalvikvm(15954): WAIT_FOR_CONCURRENT_GC blocked 2ms
02-03 12:44:47.291 D/dalvikvm(15954): GC_FOR_ALLOC freed 4397K, 45% free 9723K/17536K, paused 5ms, total 5ms
02-03 12:44:47.311 D/dalvikvm(15954): GC_CONCURRENT freed 3955K, 45% free 9737K/17536K, paused 1ms+1ms, total 6ms
02-03 12:44:47.321 D/dalvikvm(15954): GC_CONCURRENT freed 4315K, 47% free 9402K/17536K, paused 1ms+1ms, total 6ms
02-03 12:44:47.321 D/dalvikvm(15954): WAIT_FOR_CONCURRENT_GC blocked 3ms
02-03 12:44:47.331 D/dalvikvm(15954): GC_FOR_ALLOC freed 3773K, 47% free 9402K/17536K, paused 4ms, total 4ms
02-03 12:44:47.341 D/dalvikvm(15954): GC_FOR_ALLOC freed 2010K, 39% free 10700K/17536K, paused 6ms, total 6ms
02-03 12:44:47.431 D/dalvikvm(15954): GC_CONCURRENT freed 5805K, 49% free 8981K/17536K, paused 0ms+1ms, total 6ms
02-03 12:44:47.431 D/dalvikvm(15954): WAIT_FOR_CONCURRENT_GC blocked 6ms
02-03 12:44:47.441 D/dalvikvm(15954): GC_FOR_ALLOC freed 4103K, 49% free 8951K/17536K, paused 4ms, total 5ms
02-03 12:44:47.451 D/dalvikvm(15954): GC_CONCURRENT freed 3173K, 49% free 9092K/17536K, paused 0ms+1ms, total 5ms
02-03 12:44:47.451 D/dalvikvm(15954): GC_FOR_ALLOC freed 4136K, 49% free 9029K/17536K, paused 4ms, total 4ms
02-03 12:44:47.461 D/dalvikvm(15954): GC_CONCURRENT freed 3843K, 48% free 9285K/17536K, paused 1ms+1ms, total 7ms
02-03 12:44:47.471 D/dalvikvm(15954): GC_CONCURRENT freed 4262K, 49% free 9053K/17536K, paused 0ms+0ms, total 5ms
02-03 12:44:47.471 D/dalvikvm(15954): WAIT_FOR_CONCURRENT_GC blocked 4ms
02-03 12:44:47.481 D/dalvikvm(15954): GC_FOR_ALLOC freed 4113K, 49% free 9023K/17536K, paused 4ms, total 4ms
02-03 12:44:47.481 D/dalvikvm(15954): GC_CONCURRENT freed 3938K, 48% free 9167K/17536K, paused 1ms+1ms, total 5ms
02-03 12:44:47.481 D/dalvikvm(15954): WAIT_FOR_CONCURRENT_GC blocked 4ms
02-03 12:44:47.491 D/dalvikvm(15954): GC_CONCURRENT freed 4105K, 49% free 9068K/17536K, paused 1ms+1ms, total 5ms
02-03 12:44:47.491 D/dalvikvm(15954): WAIT_FOR_CONCURRENT_GC blocked 4ms
02-03 12:44:47.501 D/dalvikvm(15954): GC_CONCURRENT freed 4091K, 49% free 9072K/17536K, paused 0ms+0ms, total 5ms
02-03 12:44:47.501 D/dalvikvm(15954): WAIT_FOR_CONCURRENT_GC blocked 4ms
02-03 12:44:47.511 D/dalvikvm(15954): GC_CONCURRENT freed 4044K, 49% free 9105K/17536K, paused 1ms+1ms, total 5ms
02-03 12:44:47.511 D/dalvikvm(15954): WAIT_FOR_CONCURRENT_GC blocked 5ms
02-03 12:44:47.521 D/dalvikvm(15954): GC_CONCURRENT freed 4115K, 49% free 9065K/17536K, paused 0ms+1ms, total 5ms
02-03 12:44:47.521 D/dalvikvm(15954): WAIT_FOR_CONCURRENT_GC blocked 4ms
02-03 12:44:47.531 D/dalvikvm(15954): GC_CONCURRENT freed 3936K, 49% free 9117K/17536K, paused 1ms+1ms, total 5ms
02-03 12:44:47.531 D/dalvikvm(15954): WAIT_FOR_CONCURRENT_GC blocked 5ms
02-03 12:44:47.531 D/dalvikvm(15954): GC_FOR_ALLOC freed 4052K, 49% free 9025K/17536K, paused 4ms, total 4ms
02-03 12:44:47.541 D/dalvikvm(15954): GC_CONCURRENT freed 3862K, 48% free 9172K/17536K, paused 1ms+1ms, total 5ms
02-03 12:44:47.541 D/dalvikvm(15954): WAIT_FOR_CONCURRENT_GC blocked 4ms
02-03 12:44:47.551 D/dalvikvm(15954): GC_CONCURRENT freed 4043K, 48% free 9130K/17536K, paused 1ms+0ms, total 5ms
02-03 12:44:47.551 D/dalvikvm(15954): WAIT_FOR_CONCURRENT_GC blocked 4ms
02-03 12:44:47.561 D/dalvikvm(15954): GC_CONCURRENT freed 4024K, 48% free 9133K/17536K, paused 0ms+1ms, total 4ms
02-03 12:44:47.561 D/dalvikvm(15954): WAIT_FOR_CONCURRENT_GC blocked 4ms
02-03 12:44:47.561 D/dalvikvm(15954): GC_FOR_ALLOC freed 3986K, 48% free 9188K/17536K, paused 4ms, total 4ms
02-03 12:44:47.571 D/dalvikvm(15954): GC_CONCURRENT freed 3779K, 47% free 9406K/17536K, paused 0ms+1ms, total 6ms
02-03 12:44:47.571 D/dalvikvm(15954): WAIT_FOR_CONCURRENT_GC blocked 2ms
02-03 12:44:47.581 D/dalvikvm(15954): GC_CONCURRENT freed 4253K, 48% free 9143K/17536K, paused 1ms+1ms, total 5ms
02-03 12:44:47.581 D/dalvikvm(15954): WAIT_FOR_CONCURRENT_GC blocked 4ms
02-03 12:44:47.591 D/dalvikvm(15954): GC_CONCURRENT freed 4093K, 48% free 9145K/17536K, paused 1ms+1ms, total 5ms
02-03 12:44:47.591 D/dalvikvm(15954): WAIT_FOR_CONCURRENT_GC blocked 4ms
02-03 12:44:47.591 D/dalvikvm(15954): GC_FOR_ALLOC freed 4014K, 49% free 9118K/17536K, paused 4ms, total 4ms
02-03 12:44:47.601 D/dalvikvm(15954): GC_CONCURRENT freed 3562K, 46% free 9542K/17536K, paused 1ms+1ms, total 6ms
02-03 12:44:47.601 D/dalvikvm(15954): WAIT_FOR_CONCURRENT_GC blocked 2ms
02-03 12:44:47.611 D/dalvikvm(15954): GC_CONCURRENT freed 4436K, 48% free 9186K/17536K, paused 0ms+0ms, total 5ms
02-03 12:44:47.611 D/dalvikvm(15954): WAIT_FOR_CONCURRENT_GC blocked 4ms
02-03 12:44:47.611 D/dalvikvm(15954): GC_CONCURRENT freed 4037K, 48% free 9187K/17536K, paused 0ms+1ms, total 4ms
02-03 12:44:47.621 D/dalvikvm(15954): WAIT_FOR_CONCURRENT_GC blocked 5ms
02-03 12:44:47.621 D/dalvikvm(15954): GC_FOR_ALLOC freed 3922K, 48% free 9253K/17536K, paused 5ms, total 5ms
02-03 12:44:47.631 D/dalvikvm(15954): GC_CONCURRENT freed 3742K, 46% free 9582K/17536K, paused 0ms+1ms, total 6ms
02-03 12:44:47.631 D/dalvikvm(15954): WAIT_FOR_CONCURRENT_GC blocked 2ms
02-03 12:44:47.641 D/dalvikvm(15954): GC_CONCURRENT freed 4467K, 48% free 9195K/17536K, paused 0ms+1ms, total 4ms
02-03 12:44:47.641 D/dalvikvm(15954): GC_CONCURRENT freed 4157K, 48% free 9126K/17536K, paused 0ms+1ms, total 5ms
02-03 12:44:47.641 D/dalvikvm(15954): WAIT_FOR_CONCURRENT_GC blocked 3ms
02-03 12:44:47.651 D/dalvikvm(15954): GC_CONCURRENT freed 3949K, 48% free 9267K/17536K, paused 1ms+0ms, total 5ms
02-03 12:44:47.651 D/dalvikvm(15954): WAIT_FOR_CONCURRENT_GC blocked 4ms
02-03 12:44:47.661 D/dalvikvm(15954): GC_CONCURRENT freed 4016K, 48% free 9269K/17536K, paused 1ms+1ms, total 5ms
02-03 12:44:47.661 D/dalvikvm(15954): WAIT_FOR_CONCURRENT_GC blocked 4ms
02-03 12:44:47.671 D/dalvikvm(15954): GC_CONCURRENT freed 4082K, 48% free 9156K/17536K, paused 1ms+1ms, total 6ms
02-03 12:44:47.671 D/dalvikvm(15954): WAIT_FOR_CONCURRENT_GC blocked 4ms
02-03 12:44:47.681 D/dalvikvm(15954): GC_FOR_ALLOC freed 4001K, 49% free 9082K/17536K, paused 4ms, total 4ms
02-03 12:44:47.681 D/dalvikvm(15954): GC_FOR_ALLOC freed 3835K, 47% free 9306K/17536K, paused 4ms, total 4ms
02-03 12:44:47.691 D/dalvikvm(15954): GC_CONCURRENT freed 3594K, 46% free 9606K/17536K, paused 1ms+1ms, total 6ms
02-03 12:44:47.691 D/dalvikvm(15954): WAIT_FOR_CONCURRENT_GC blocked 1ms
02-03 12:44:47.701 D/dalvikvm(15954): GC_FOR_ALLOC freed 4478K, 48% free 9154K/17536K, paused 5ms, total 5ms
02-03 12:44:47.701 D/dalvikvm(15954): GC_CONCURRENT freed 3303K, 44% free 9854K/17536K, paused 1ms+1ms, total 5ms
02-03 12:44:47.711 D/dalvikvm(15954): GC_CONCURRENT freed 4679K, 48% free 9237K/17536K, paused 0ms+1ms, total 4ms
02-03 12:44:47.711 D/dalvikvm(15954): WAIT_FOR_CONCURRENT_GC blocked 3ms
02-03 12:44:47.721 D/dalvikvm(15954): GC_FOR_ALLOC freed 4120K, 49% free 9075K/17536K, paused 5ms, total 5ms
02-03 12:44:47.731 D/dalvikvm(15954): GC_CONCURRENT freed 3844K, 48% free 9242K/17536K, paused 1ms+1ms, total 5ms
02-03 12:44:47.731 D/dalvikvm(15954): WAIT_FOR_CONCURRENT_GC blocked 4ms
02-03 12:44:47.731 D/dalvikvm(15954): GC_CONCURRENT freed 4061K, 48% free 9246K/17536K, paused 1ms+1ms, total 5ms
02-03 12:44:47.731 D/dalvikvm(15954): WAIT_FOR_CONCURRENT_GC blocked 4ms
02-03 12:44:47.741 D/dalvikvm(15954): GC_FOR_ALLOC freed 3865K, 47% free 9330K/17536K, paused 4ms, total 4ms
02-03 12:44:47.751 D/dalvikvm(15954): GC_FOR_ALLOC freed 4168K, 48% free 9192K/17536K, paused 4ms, total 4ms
02-03 12:44:47.751 D/dalvikvm(15954): GC_CONCURRENT freed 3188K, 45% free 9789K/17536K, paused 1ms+0ms, total 6ms
02-03 12:44:47.761 D/dalvikvm(15954): GC_CONCURRENT freed 4688K, 48% free 9191K/17536K, paused 1ms+1ms, total 5ms
02-03 12:44:47.761 D/dalvikvm(15954): WAIT_FOR_CONCURRENT_GC blocked 4ms
02-03 12:44:47.771 D/dalvikvm(15954): GC_CONCURRENT freed 3962K, 48% free 9278K/17536K, paused 1ms+1ms, total 5ms
02-03 12:44:47.771 D/dalvikvm(15954): WAIT_FOR_CONCURRENT_GC blocked 3ms
02-03 12:44:47.781 D/dalvikvm(15954): GC_CONCURRENT freed 4091K, 48% free 9188K/17536K, paused 1ms+1ms, total 5ms
02-03 12:44:47.781 D/dalvikvm(15954): WAIT_FOR_CONCURRENT_GC blocked 5ms
02-03 12:44:47.791 D/dalvikvm(15954): GC_FOR_ALLOC freed 3777K, 47% free 9367K/17536K, paused 4ms, total 5ms
02-03 12:44:47.791 D/dalvikvm(15954): GC_CONCURRENT freed 4089K, 48% free 9277K/17536K, paused 1ms+1ms, total 5ms
02-03 12:44:47.791 D/dalvikvm(15954): WAIT_FOR_CONCURRENT_GC blocked 4ms
02-03 12:44:47.801 D/dalvikvm(15954): GC_FOR_ALLOC freed 4038K, 49% free 9093K/17536K, paused 4ms, total 4ms
02-03 12:44:47.811 D/dalvikvm(15954): GC_FOR_ALLOC freed 3894K, 48% free 9123K/17536K, paused 4ms, total 4ms
02-03 12:44:47.811 D/dalvikvm(15954): GC_FOR_ALLOC freed 3932K, 48% free 9121K/17536K, paused 5ms, total 5ms
02-03 12:44:47.821 D/dalvikvm(15954): GC_FOR_ALLOC freed 3969K, 48% free 9118K/17536K, paused 4ms, total 4ms
02-03 12:44:47.831 D/dalvikvm(15954): GC_CONCURRENT freed 3812K, 47% free 9311K/17536K, paused 0ms+1ms, total 6ms
02-03 12:44:47.831 D/dalvikvm(15954): WAIT_FOR_CONCURRENT_GC blocked 5ms
02-03 12:44:47.841 D/dalvikvm(15954): GC_CONCURRENT freed 4043K, 47% free 9311K/17536K, paused 1ms+2ms, total 6ms
02-03 12:44:47.841 D/dalvikvm(15954): WAIT_FOR_CONCURRENT_GC blocked 5ms
02-03 12:44:47.851 D/dalvikvm(15954): GC_CONCURRENT freed 4081K, 47% free 9310K/17536K, paused 1ms+1ms, total 5ms
02-03 12:44:47.851 D/dalvikvm(15954): WAIT_FOR_CONCURRENT_GC blocked 4ms
02-03 12:44:47.851 D/dalvikvm(15954): GC_FOR_ALLOC freed 3818K, 47% free 9411K/17536K, paused 5ms, total 5ms
02-03 12:44:47.861 D/dalvikvm(15954): GC_FOR_ALLOC freed 4153K, 48% free 9214K/17536K, paused 5ms, total 6ms
02-03 12:44:47.871 D/dalvikvm(15954): GC_FOR_ALLOC freed 3991K, 49% free 9113K/17536K, paused 4ms, total 4ms
02-03 12:44:47.871 W/BindingManager(18937): Cannot call determinedVisibility() - never saw a connection for the pid: 18937
02-03 12:44:47.881 D/dalvikvm(15954): GC_CONCURRENT freed 3718K, 47% free 9416K/17536K, paused 2ms+0ms, total 7ms
02-03 12:44:47.891 D/dalvikvm(15954): GC_CONCURRENT freed 4260K, 48% free 9214K/17536K, paused 1ms+1ms, total 7ms
02-03 12:44:47.901 D/dalvikvm(15954): GC_CONCURRENT freed 3890K, 47% free 9347K/17536K, paused 1ms+1ms, total 5ms
02-03 12:44:47.901 D/dalvikvm(15954): WAIT_FOR_CONCURRENT_GC blocked 1ms
02-03 12:44:47.901 I/chromium(18937): [INFO:CONSOLE(58)] "Uncaught ReferenceError: SharedWorker is not defined", source: app://org.xwalk.webapi_noneservice_tests//opt/tct-workers-w3c-tests/workers/SharedWorkerShared_simultaneously.html (58)
02-03 12:44:47.911 D/dalvikvm(15954): GC_FOR_ALLOC freed 4019K, 48% free 9246K/17536K, paused 5ms, total 5ms
02-03 12:44:47.921 D/dalvikvm(15954): GC_CONCURRENT freed 3950K, 47% free 9354K/17536K, paused 0ms+1ms, total 5ms
02-03 12:44:47.921 D/dalvikvm(15954): WAIT_FOR_CONCURRENT_GC blocked 4ms
02-03 12:44:47.931 D/dalvikvm(15954): GC_CONCURRENT freed 4090K, 48% free 9248K/17536K, paused 0ms+1ms, total 6ms
02-03 12:44:47.931 D/dalvikvm(15954): WAIT_FOR_CONCURRENT_GC blocked 6ms
02-03 12:44:47.941 D/dalvikvm(15954): GC_FOR_ALLOC freed 3698K, 47% free 9461K/17536K, paused 4ms, total 4ms
02-03 12:44:47.951 D/dalvikvm(15954): GC_FOR_ALLOC freed 4262K, 48% free 9142K/17536K, paused 4ms, total 4ms
02-03 12:44:47.951 D/dalvikvm(15954): GC_CONCURRENT freed 3968K, 48% free 9251K/17536K, paused 1ms+1ms, total 5ms
02-03 12:44:47.951 D/dalvikvm(15954): WAIT_FOR_CONCURRENT_GC blocked 4ms
02-03 12:44:47.961 D/dalvikvm(15954): GC_FOR_ALLOC freed 3782K, 46% free 9469K/17536K, paused 4ms, total 4ms
02-03 12:44:47.971 D/dalvikvm(15954): GC_CONCURRENT freed 3600K, 44% free 9901K/17536K, paused 0ms+1ms, total 6ms
02-03 12:44:47.971 D/dalvikvm(15954): WAIT_FOR_CONCURRENT_GC blocked 2ms
02-03 12:44:47.971 D/dalvikvm(15954): GC_FOR_ALLOC freed 4599K, 48% free 9141K/17536K, paused 4ms, total 4ms
02-03 12:44:47.981 D/dalvikvm(15954): GC_FOR_ALLOC freed 3863K, 48% free 9142K/17536K, paused 4ms, total 4ms
02-03 12:44:47.991 D/dalvikvm(15954): GC_FOR_ALLOC freed 3889K, 48% free 9144K/17536K, paused 4ms, total 4ms
02-03 12:44:47.991 D/dalvikvm(15954): GC_FOR_ALLOC freed 3916K, 48% free 9145K/17536K, paused 4ms, total 4ms
02-03 12:44:48.001 D/dalvikvm(15954): GC_FOR_ALLOC freed 3942K, 48% free 9147K/17536K, paused 4ms, total 4ms
02-03 12:44:48.011 D/dalvikvm(15954): GC_FOR_ALLOC freed 3968K, 48% free 9148K/17536K, paused 4ms, total 4ms
02-03 12:44:48.011 D/dalvikvm(15954): GC_CONCURRENT freed 3427K, 45% free 9717K/17536K, paused 1ms+1ms, total 6ms
02-03 12:44:48.011 D/dalvikvm(15954): WAIT_FOR_CONCURRENT_GC blocked 2ms
02-03 12:44:48.021 D/dalvikvm(15954): GC_CONCURRENT freed 4358K, 47% free 9381K/17536K, paused 1ms+1ms, total 5ms
02-03 12:44:48.021 D/dalvikvm(15954): WAIT_FOR_CONCURRENT_GC blocked 4ms
02-03 12:44:48.031 D/dalvikvm(15954): GC_CONCURRENT freed 4045K, 47% free 9384K/17536K, paused 1ms+1ms, total 5ms
02-03 12:44:48.031 D/dalvikvm(15954): WAIT_FOR_CONCURRENT_GC blocked 4ms
02-03 12:44:48.041 D/dalvikvm(15954): GC_CONCURRENT freed 4072K, 47% free 9387K/17536K, paused 0ms+1ms, total 4ms
02-03 12:44:48.041 D/dalvikvm(15954): WAIT_FOR_CONCURRENT_GC blocked 4ms
02-03 12:44:48.041 D/dalvikvm(15954): GC_FOR_ALLOC freed 3752K, 46% free 9503K/17536K, paused 4ms, total 4ms
02-03 12:44:48.051 D/dalvikvm(15954): GC_FOR_ALLOC freed 4129K, 48% free 9271K/17536K, paused 4ms, total 4ms
02-03 12:44:48.061 D/dalvikvm(15954): GC_FOR_ALLOC freed 3920K, 48% free 9155K/17536K, paused 4ms, total 4ms
02-03 12:44:48.061 D/dalvikvm(15954): GC_FOR_ALLOC freed 3586K, 46% free 9515K/17536K, paused 5ms, total 5ms
02-03 12:44:48.071 D/dalvikvm(15954): GC_FOR_ALLOC freed 4211K, 48% free 9278K/17536K, paused 4ms, total 4ms
02-03 12:44:48.071 D/dalvikvm(15954): GC_CONCURRENT freed 3154K, 43% free 10004K/17536K, paused 0ms+1ms, total 5ms
02-03 12:44:48.081 D/dalvikvm(15954): WAIT_FOR_CONCURRENT_GC blocked 3ms
02-03 12:44:48.081 D/dalvikvm(15954): GC_FOR_ALLOC freed 4500K, 46% free 9527K/17536K, paused 4ms, total 4ms
02-03 12:44:48.091 D/dalvikvm(15954): GC_CONCURRENT freed 3683K, 44% free 9895K/17536K, paused 0ms+1ms, total 5ms
02-03 12:44:48.091 D/dalvikvm(15954): WAIT_FOR_CONCURRENT_GC blocked 3ms
02-03 12:44:48.091 D/dalvikvm(15954): GC_FOR_ALLOC freed 4689K, 48% free 9160K/17536K, paused 4ms, total 4ms
02-03 12:44:48.101 D/dalvikvm(15954): GC_FOR_ALLOC freed 3727K, 48% free 9286K/17536K, paused 4ms, total 4ms
02-03 12:44:48.111 D/dalvikvm(15954): GC_CONCURRENT freed 3875K, 47% free 9414K/17536K, paused 1ms+1ms, total 5ms
02-03 12:44:48.111 D/dalvikvm(15954): WAIT_FOR_CONCURRENT_GC blocked 4ms
02-03 12:44:48.121 D/dalvikvm(15954): GC_FOR_ALLOC freed 4023K, 48% free 9290K/17536K, paused 4ms, total 4ms
02-03 12:44:48.121 D/dalvikvm(15954): GC_CONCURRENT freed 3922K, 47% free 9420K/17536K, paused 1ms+1ms, total 5ms
02-03 12:44:48.121 D/dalvikvm(15954): WAIT_FOR_CONCURRENT_GC blocked 4ms
02-03 12:44:48.131 D/dalvikvm(15954): GC_FOR_ALLOC freed 4071K, 47% free 9295K/17536K, paused 5ms, total 5ms
02-03 12:44:48.141 D/dalvikvm(15954): GC_FOR_ALLOC freed 3582K, 46% free 9553K/17536K, paused 4ms, total 4ms
02-03 12:44:48.141 D/dalvikvm(15954): GC_FOR_ALLOC freed 4246K, 48% free 9171K/17536K, paused 4ms, total 4ms
02-03 12:44:48.151 D/dalvikvm(15954): GC_FOR_ALLOC freed 3882K, 47% free 9301K/17536K, paused 4ms, total 4ms
02-03 12:44:48.161 D/dalvikvm(15954): GC_CONCURRENT freed 2736K, 41% free 10471K/17536K, paused 1ms+1ms, total 6ms
02-03 12:44:48.161 D/dalvikvm(15954): WAIT_FOR_CONCURRENT_GC blocked 2ms
02-03 12:44:48.161 D/dalvikvm(15954): GC_FOR_ALLOC freed 5228K, 48% free 9171K/17536K, paused 4ms, total 4ms
02-03 12:44:48.171 D/dalvikvm(15954): GC_FOR_ALLOC freed 3947K, 47% free 9304K/17536K, paused 4ms, total 4ms
02-03 12:44:48.181 D/dalvikvm(15954): GC_CONCURRENT freed 2780K, 41% free 10494K/17536K, paused 1ms+1ms, total 6ms
02-03 12:44:48.181 D/dalvikvm(15954): WAIT_FOR_CONCURRENT_GC blocked 2ms
02-03 12:44:48.181 D/dalvikvm(15954): GC_CONCURRENT freed 5046K, 47% free 9442K/17536K, paused 1ms+0ms, total 5ms
02-03 12:44:48.181 D/dalvikvm(15954): WAIT_FOR_CONCURRENT_GC blocked 4ms
02-03 12:44:48.191 D/dalvikvm(15954): GC_FOR_ALLOC freed 4010K, 48% free 9177K/17536K, paused 4ms, total 4ms
02-03 12:44:48.201 D/dalvikvm(15954): GC_FOR_ALLOC freed 3763K, 48% free 9178K/17536K, paused 4ms, total 4ms
02-03 12:44:48.201 D/dalvikvm(15954): GC_FOR_ALLOC freed 3783K, 48% free 9180K/17536K, paused 4ms, total 4ms
02-03 12:44:48.211 D/dalvikvm(15954): GC_FOR_ALLOC freed 3802K, 48% free 9181K/17536K, paused 4ms, total 4ms
02-03 12:44:48.221 D/dalvikvm(15954): GC_FOR_ALLOC freed 3820K, 48% free 9182K/17536K, paused 4ms, total 4ms
02-03 12:44:48.221 D/dalvikvm(15954): GC_FOR_ALLOC freed 3839K, 48% free 9184K/17536K, paused 4ms, total 4ms
02-03 12:44:48.231 D/dalvikvm(15954): GC_FOR_ALLOC freed 3858K, 48% free 9185K/17536K, paused 4ms, total 4ms
02-03 12:44:48.241 D/dalvikvm(15954): GC_FOR_ALLOC freed 3877K, 48% free 9186K/17536K, paused 4ms, total 4ms
02-03 12:44:48.241 D/dalvikvm(15954): GC_FOR_ALLOC freed 3896K, 48% free 9188K/17536K, paused 4ms, total 4ms
02-03 12:44:48.251 D/dalvikvm(15954): GC_FOR_ALLOC freed 3914K, 48% free 9189K/17536K, paused 4ms, total 4ms
02-03 12:44:48.251 D/dalvikvm(15954): GC_FOR_ALLOC freed 3933K, 48% free 9190K/17536K, paused 4ms, total 4ms
02-03 12:44:48.261 D/dalvikvm(15954): GC_FOR_ALLOC freed 3952K, 48% free 9192K/17536K, paused 4ms, total 4ms
02-03 12:44:48.271 D/dalvikvm(15954): GC_CONCURRENT freed 3687K, 46% free 9477K/17536K, paused 0ms+1ms, total 4ms
02-03 12:44:48.271 D/dalvikvm(15954): WAIT_FOR_CONCURRENT_GC blocked 3ms
02-03 12:44:48.281 D/dalvikvm(15954): GC_CONCURRENT freed 3988K, 46% free 9479K/17536K, paused 1ms+1ms, total 5ms
02-03 12:44:48.281 D/dalvikvm(15954): WAIT_FOR_CONCURRENT_GC blocked 4ms
02-03 12:44:48.281 D/dalvikvm(15954): GC_CONCURRENT freed 4007K, 46% free 9482K/17536K, paused 1ms+1ms, total 5ms
02-03 12:44:48.281 D/dalvikvm(15954): WAIT_FOR_CONCURRENT_GC blocked 4ms
02-03 12:44:48.291 D/dalvikvm(15954): GC_CONCURRENT freed 4026K, 46% free 9485K/17536K, paused 0ms+1ms, total 4ms
02-03 12:44:48.291 D/dalvikvm(15954): WAIT_FOR_CONCURRENT_GC blocked 4ms
02-03 12:44:48.301 D/dalvikvm(15954): GC_CONCURRENT freed 4045K, 46% free 9487K/17536K, paused 0ms+1ms, total 4ms
02-03 12:44:48.301 D/dalvikvm(15954): WAIT_FOR_CONCURRENT_GC blocked 4ms
02-03 12:44:48.301 D/dalvikvm(15954): GC_CONCURRENT freed 4064K, 46% free 9490K/17536K, paused 0ms+1ms, total 4ms
02-03 12:44:48.311 D/dalvikvm(15954): WAIT_FOR_CONCURRENT_GC blocked 4ms
02-03 12:44:48.311 D/dalvikvm(15954): GC_CONCURRENT freed 4082K, 46% free 9493K/17536K, paused 1ms+0ms, total 5ms
02-03 12:44:48.311 D/dalvikvm(15954): WAIT_FOR_CONCURRENT_GC blocked 4ms
02-03 12:44:48.321 D/dalvikvm(15954): GC_FOR_ALLOC freed 3660K, 46% free 9641K/17536K, paused 4ms, total 4ms
02-03 12:44:48.331 D/dalvikvm(15954): GC_FOR_ALLOC freed 4118K, 47% free 9350K/17536K, paused 4ms, total 4ms
02-03 12:44:48.331 D/dalvikvm(15954): GC_FOR_ALLOC freed 3841K, 48% free 9205K/17536K, paused 4ms, total 4ms
02-03 12:44:48.341 D/dalvikvm(15954): GC_FOR_ALLOC freed 3411K, 45% free 9650K/17536K, paused 4ms, total 4ms
02-03 12:44:48.341 D/dalvikvm(15954): GC_FOR_ALLOC freed 4170K, 47% free 9356K/17536K, paused 4ms, total 4ms
02-03 12:44:48.351 D/dalvikvm(15954): GC_FOR_ALLOC freed 3889K, 48% free 9208K/17536K, paused 4ms, total 4ms
02-03 12:44:48.361 D/dalvikvm(15954): GC_FOR_ALLOC freed 3453K, 45% free 9660K/17536K, paused 4ms, total 4ms
02-03 12:44:48.361 D/dalvikvm(15954): GC_FOR_ALLOC freed 4222K, 47% free 9361K/17536K, paused 4ms, total 4ms
02-03 12:44:48.371 D/dalvikvm(15954): GC_FOR_ALLOC freed 3937K, 48% free 9212K/17536K, paused 4ms, total 4ms
02-03 12:44:48.381 D/dalvikvm(15954): GC_FOR_ALLOC freed 3496K, 45% free 9669K/17536K, paused 4ms, total 4ms
02-03 12:44:48.381 D/dalvikvm(15954): GC_FOR_ALLOC freed 4273K, 47% free 9367K/17536K, paused 4ms, total 4ms
02-03 12:44:48.391 D/dalvikvm(15954): GC_CONCURRENT freed 2916K, 42% free 10285K/17536K, paused 1ms+1ms, total 6ms
02-03 12:44:48.391 D/dalvikvm(15954): WAIT_FOR_CONCURRENT_GC blocked 2ms
02-03 12:44:48.401 D/dalvikvm(15954): GC_FOR_ALLOC freed 4608K, 45% free 9678K/17536K, paused 4ms, total 4ms
02-03 12:44:48.401 D/dalvikvm(15954): GC_CONCURRENT freed 3247K, 41% free 10450K/17536K, paused 1ms+1ms, total 6ms
02-03 12:44:48.401 D/dalvikvm(15954): WAIT_FOR_CONCURRENT_GC blocked 2ms
02-03 12:44:48.411 D/dalvikvm(15954): GC_FOR_ALLOC freed 5111K, 48% free 9220K/17536K, paused 4ms, total 4ms
02-03 12:44:48.421 D/dalvikvm(15954): GC_CONCURRENT freed 3581K, 45% free 9687K/17536K, paused 0ms+1ms, total 4ms
02-03 12:44:48.421 D/dalvikvm(15954): WAIT_FOR_CONCURRENT_GC blocked 4ms
02-03 12:44:48.421 D/dalvikvm(15954): GC_FOR_ALLOC freed 4377K, 47% free 9378K/17536K, paused 4ms, total 4ms
02-03 12:44:48.431 D/dalvikvm(15954): GC_CONCURRENT freed 2986K, 42% free 10318K/17536K, paused 1ms+1ms, total 6ms
02-03 12:44:48.431 D/dalvikvm(15954): WAIT_FOR_CONCURRENT_GC blocked 1ms
02-03 12:44:48.441 D/dalvikvm(15954): GC_FOR_ALLOC freed 4718K, 47% free 9381K/17536K, paused 4ms, total 4ms
02-03 12:44:48.441 D/dalvikvm(15954): GC_FOR_ALLOC freed 4112K, 48% free 9226K/17536K, paused 4ms, total 4ms
02-03 12:44:48.451 D/dalvikvm(15954): GC_FOR_ALLOC freed 3650K, 47% free 9385K/17536K, paused 4ms, total 4ms
02-03 12:44:48.461 D/dalvikvm(15954): GC_CONCURRENT freed 3824K, 46% free 9547K/17536K, paused 1ms+0ms, total 5ms
02-03 12:44:48.461 D/dalvikvm(15954): WAIT_FOR_CONCURRENT_GC blocked 4ms
02-03 12:44:48.461 D/dalvikvm(15954): GC_FOR_ALLOC freed 3997K, 47% free 9389K/17536K, paused 4ms, total 4ms
02-03 12:44:48.471 D/dalvikvm(15954): GC_CONCURRENT freed 3854K, 46% free 9552K/17536K, paused 1ms+1ms, total 5ms
02-03 12:44:48.471 D/dalvikvm(15954): WAIT_FOR_CONCURRENT_GC blocked 4ms
02-03 12:44:48.481 D/dalvikvm(15954): GC_FOR_ALLOC freed 4027K, 47% free 9392K/17536K, paused 4ms, total 4ms
02-03 12:44:48.491 D/dalvikvm(15954): GC_CONCURRENT freed 3883K, 46% free 9556K/17536K, paused 0ms+1ms, total 5ms
02-03 12:44:48.491 D/dalvikvm(15954): WAIT_FOR_CONCURRENT_GC blocked 4ms
02-03 12:44:48.491 D/dalvikvm(15954): GC_FOR_ALLOC freed 4057K, 47% free 9396K/17536K, paused 4ms, total 4ms
02-03 12:44:48.501 D/dalvikvm(15954): GC_CONCURRENT freed 3912K, 46% free 9561K/17536K, paused 0ms+1ms, total 4ms
02-03 12:44:48.501 D/dalvikvm(15954): WAIT_FOR_CONCURRENT_GC blocked 4ms
02-03 12:44:48.511 D/dalvikvm(15954): GC_FOR_ALLOC freed 4089K, 47% free 9400K/17536K, paused 4ms, total 4ms
02-03 12:44:48.511 D/dalvikvm(15954): GC_FOR_ALLOC freed 3448K, 45% free 9730K/17536K, paused 4ms, total 4ms
02-03 12:44:48.521 D/dalvikvm(15954): GC_FOR_ALLOC freed 4286K, 48% free 9239K/17536K, paused 4ms, total 4ms
02-03 12:44:48.531 D/dalvikvm(15954): GC_FOR_ALLOC freed 3805K, 47% free 9405K/17536K, paused 4ms, total 4ms
02-03 12:44:48.531 D/dalvikvm(15954): GC_CONCURRENT freed 1830K, 36% free 11392K/17536K, paused 0ms+1ms, total 6ms
02-03 12:44:48.531 D/dalvikvm(15954): WAIT_FOR_CONCURRENT_GC blocked 2ms
02-03 12:44:48.541 D/dalvikvm(15954): GC_FOR_ALLOC freed 5148K, 47% free 9408K/17536K, paused 4ms, total 4ms
02-03 12:44:48.551 D/dalvikvm(15954): GC_FOR_ALLOC freed 3503K, 45% free 9743K/17536K, paused 4ms, total 4ms
02-03 12:44:48.551 D/dalvikvm(15954): GC_FOR_ALLOC freed 4350K, 48% free 9244K/17536K, paused 4ms, total 4ms
02-03 12:44:48.561 D/dalvikvm(15954): GC_CONCURRENT freed 3859K, 47% free 9412K/17536K, paused 1ms+1ms, total 5ms
02-03 12:44:48.561 D/dalvikvm(15954): WAIT_FOR_CONCURRENT_GC blocked 4ms
02-03 12:44:48.571 D/dalvikvm(15954): GC_FOR_ALLOC freed 3535K, 45% free 9750K/17536K, paused 5ms, total 5ms
02-03 12:44:48.571 D/dalvikvm(15954): GC_FOR_ALLOC freed 4390K, 48% free 9247K/17536K, paused 4ms, total 4ms
02-03 12:44:48.581 D/dalvikvm(15954): GC_CONCURRENT freed 3897K, 47% free 9418K/17536K, paused 1ms+0ms, total 5ms
02-03 12:44:48.581 D/dalvikvm(15954): WAIT_FOR_CONCURRENT_GC blocked 4ms
02-03 12:44:48.591 D/dalvikvm(15954): GC_FOR_ALLOC freed 3728K, 48% free 9275K/17536K, paused 4ms, total 4ms
02-03 12:44:48.601 D/dalvikvm(15954): GC_FOR_ALLOC freed 3342K, 45% free 9805K/17536K, paused 4ms, total 4ms
02-03 12:44:48.601 D/dalvikvm(15954): GC_FOR_ALLOC freed 3773K, 45% free 9805K/17536K, paused 4ms, total 4ms
02-03 12:44:48.611 D/dalvikvm(15954): GC_CONCURRENT freed 2042K, 34% free 11736K/17536K, paused 1ms+1ms, total 5ms
02-03 12:44:48.691 D/dalvikvm(15954): GC_CONCURRENT freed 6841K, 49% free 8987K/17536K, paused 0ms+1ms, total 6ms
02-03 12:44:48.691 D/dalvikvm(15954): WAIT_FOR_CONCURRENT_GC blocked 5ms
02-03 12:44:48.701 D/dalvikvm(15954): GC_CONCURRENT freed 4067K, 49% free 9014K/17536K, paused 1ms+0ms, total 5ms
02-03 12:44:48.701 D/dalvikvm(15954): WAIT_FOR_CONCURRENT_GC blocked 4ms
02-03 12:44:48.711 D/dalvikvm(15954): GC_CONCURRENT freed 4135K, 49% free 8974K/17536K, paused 1ms+0ms, total 5ms
02-03 12:44:48.711 D/dalvikvm(15954): WAIT_FOR_CONCURRENT_GC blocked 4ms
02-03 12:44:48.711 D/dalvikvm(15954): GC_FOR_ALLOC freed 4043K, 49% free 9002K/17536K, paused 5ms, total 5ms
02-03 12:44:48.721 D/dalvikvm(15954): GC_CONCURRENT freed 3807K, 48% free 9225K/17536K, paused 0ms+1ms, total 5ms
02-03 12:44:48.731 D/dalvikvm(15954): GC_FOR_ALLOC freed 4328K, 49% free 8990K/17536K, paused 4ms, total 4ms
02-03 12:44:48.731 D/dalvikvm(15954): GC_CONCURRENT freed 3857K, 48% free 9176K/17536K, paused 1ms+1ms, total 6ms
02-03 12:44:48.731 D/dalvikvm(15954): WAIT_FOR_CONCURRENT_GC blocked 2ms
02-03 12:44:48.741 D/dalvikvm(15954): GC_FOR_ALLOC freed 4255K, 49% free 8989K/17536K, paused 4ms, total 4ms
02-03 12:44:48.751 D/dalvikvm(15954): GC_CONCURRENT freed 3083K, 48% free 9243K/17536K, paused 1ms+1ms, total 6ms
02-03 12:44:48.761 D/dalvikvm(15954): GC_CONCURRENT freed 4220K, 49% free 9102K/17536K, paused 0ms+1ms, total 5ms
02-03 12:44:48.761 D/dalvikvm(15954): WAIT_FOR_CONCURRENT_GC blocked 5ms
02-03 12:44:48.761 D/dalvikvm(15954): GC_FOR_ALLOC freed 4094K, 49% free 9024K/17536K, paused 4ms, total 4ms
02-03 12:44:48.771 D/dalvikvm(15954): GC_CONCURRENT freed 3690K, 47% free 9413K/17536K, paused 1ms+1ms, total 7ms
02-03 12:44:48.771 D/dalvikvm(15954): WAIT_FOR_CONCURRENT_GC blocked 2ms
02-03 12:44:48.781 D/dalvikvm(15954): GC_FOR_ALLOC freed 4463K, 49% free 9028K/17536K, paused 4ms, total 4ms
02-03 12:44:48.781 D/dalvikvm(15954): GC_CONCURRENT freed 3676K, 47% free 9355K/17536K, paused 1ms+1ms, total 6ms
02-03 12:44:48.781 D/dalvikvm(15954): WAIT_FOR_CONCURRENT_GC blocked 2ms
02-03 12:44:48.791 D/dalvikvm(15954): GC_CONCURRENT freed 4273K, 49% free 9085K/17536K, paused 1ms+1ms, total 5ms
02-03 12:44:48.791 D/dalvikvm(15954): WAIT_FOR_CONCURRENT_GC blocked 4ms
02-03 12:44:48.801 D/dalvikvm(15954): GC_FOR_ALLOC freed 4139K, 49% free 9036K/17536K, paused 4ms, total 4ms
02-03 12:44:48.801 D/dalvikvm(15954): GC_CONCURRENT freed 3596K, 47% free 9378K/17536K, paused 1ms+1ms, total 6ms
02-03 12:44:48.801 D/dalvikvm(15954): WAIT_FOR_CONCURRENT_GC blocked 2ms
02-03 12:44:48.811 D/dalvikvm(15954): GC_FOR_ALLOC freed 4274K, 48% free 9179K/17536K, paused 4ms, total 4ms
02-03 12:44:48.821 D/dalvikvm(15954): GC_CONCURRENT freed 3810K, 47% free 9398K/17536K, paused 0ms+1ms, total 6ms
02-03 12:44:48.821 D/dalvikvm(15954): WAIT_FOR_CONCURRENT_GC blocked 2ms
02-03 12:44:48.831 D/dalvikvm(15954): GC_CONCURRENT freed 4286K, 48% free 9133K/17536K, paused 0ms+1ms, total 5ms
02-03 12:44:48.831 D/dalvikvm(15954): WAIT_FOR_CONCURRENT_GC blocked 4ms
02-03 12:44:48.831 D/dalvikvm(15954): GC_FOR_ALLOC freed 3945K, 48% free 9193K/17536K, paused 4ms, total 4ms
02-03 12:44:48.841 D/dalvikvm(15954): GC_CONCURRENT freed 3687K, 47% free 9430K/17536K, paused 0ms+1ms, total 6ms
02-03 12:44:48.841 D/dalvikvm(15954): WAIT_FOR_CONCURRENT_GC blocked 2ms
02-03 12:44:48.851 D/dalvikvm(15954): GC_FOR_ALLOC freed 4428K, 49% free 9075K/17536K, paused 4ms, total 4ms
02-03 12:44:48.851 D/dalvikvm(15954): GC_CONCURRENT freed 3665K, 47% free 9386K/17536K, paused 1ms+1ms, total 6ms
02-03 12:44:48.861 D/dalvikvm(15954): GC_FOR_ALLOC freed 4371K, 49% free 9075K/17536K, paused 5ms, total 5ms
02-03 12:44:48.871 D/dalvikvm(15954): GC_CONCURRENT freed 3551K, 46% free 9501K/17536K, paused 1ms+2ms, total 6ms
02-03 12:44:48.871 D/dalvikvm(15954): GC_FOR_ALLOC freed 4347K, 48% free 9245K/17536K, paused 4ms, total 4ms
02-03 12:44:48.881 D/dalvikvm(15954): GC_CONCURRENT freed 3831K, 47% free 9380K/17536K, paused 1ms+1ms, total 6ms
02-03 12:44:48.881 D/dalvikvm(15954): WAIT_FOR_CONCURRENT_GC blocked 2ms
02-03 12:44:48.891 D/dalvikvm(15954): GC_FOR_ALLOC freed 4234K, 49% free 9041K/17536K, paused 4ms, total 4ms
02-03 12:44:48.891 D/dalvikvm(15954): GC_FOR_ALLOC freed 3963K, 49% free 9039K/17536K, paused 4ms, total 4ms
02-03 12:44:48.901 D/dalvikvm(15954): GC_CONCURRENT freed 3881K, 48% free 9186K/17536K, paused 0ms+1ms, total 4ms
02-03 12:44:48.901 D/dalvikvm(15954): WAIT_FOR_CONCURRENT_GC blocked 5ms
02-03 12:44:48.911 D/dalvikvm(15954): GC_CONCURRENT freed 4091K, 48% free 9191K/17536K, paused 0ms+1ms, total 4ms
02-03 12:44:48.911 D/dalvikvm(15954): WAIT_FOR_CONCURRENT_GC blocked 5ms
02-03 12:44:48.911 D/dalvikvm(15954): GC_FOR_ALLOC freed 3936K, 48% free 9265K/17536K, paused 4ms, total 4ms
02-03 12:44:48.921 D/dalvikvm(15954): GC_CONCURRENT freed 3703K, 46% free 9638K/17536K, paused 1ms+1ms, total 6ms
02-03 12:44:48.921 D/dalvikvm(15954): WAIT_FOR_CONCURRENT_GC blocked 2ms
02-03 12:44:48.931 D/dalvikvm(15954): GC_CONCURRENT freed 4502K, 48% free 9197K/17536K, paused 1ms+1ms, total 5ms
02-03 12:44:48.931 D/dalvikvm(15954): WAIT_FOR_CONCURRENT_GC blocked 4ms
02-03 12:44:48.941 D/dalvikvm(15954): GC_FOR_ALLOC freed 4119K, 48% free 9118K/17536K, paused 4ms, total 4ms
02-03 12:44:48.941 D/dalvikvm(15954): GC_CONCURRENT freed 3316K, 44% free 9822K/17536K, paused 1ms+1ms, total 6ms
02-03 12:44:48.941 D/dalvikvm(15954): WAIT_FOR_CONCURRENT_GC blocked 2ms
02-03 12:44:48.951 D/dalvikvm(15954): GC_FOR_ALLOC freed 4460K, 47% free 9309K/17536K, paused 4ms, total 4ms
02-03 12:44:48.961 D/dalvikvm(15954): GC_FOR_ALLOC freed 3969K, 47% free 9311K/17536K, paused 4ms, total 4ms
02-03 12:44:48.961 D/dalvikvm(15954): GC_CONCURRENT freed 3454K, 44% free 9881K/17536K, paused 1ms+1ms, total 6ms
02-03 12:44:48.961 D/dalvikvm(15954): WAIT_FOR_CONCURRENT_GC blocked 2ms
02-03 12:44:48.971 D/dalvikvm(15954): GC_FOR_ALLOC freed 4645K, 47% free 9314K/17536K, paused 4ms, total 4ms
02-03 12:44:48.971 D/dalvikvm(15954): GC_CONCURRENT freed 3547K, 45% free 9730K/17536K, paused 1ms+1ms, total 6ms
02-03 12:44:48.981 D/dalvikvm(15954): WAIT_FOR_CONCURRENT_GC blocked 3ms
02-03 12:44:48.981 D/dalvikvm(15954): GC_FOR_ALLOC freed 4595K, 49% free 9060K/17536K, paused 4ms, total 4ms
02-03 12:44:48.991 D/dalvikvm(15954): GC_FOR_ALLOC freed 3797K, 47% free 9317K/17536K, paused 4ms, total 4ms
02-03 12:44:48.991 D/dalvikvm(15954): GC_CONCURRENT freed 3497K, 45% free 9661K/17536K, paused 1ms+1ms, total 6ms
02-03 12:44:48.991 D/dalvikvm(15954): WAIT_FOR_CONCURRENT_GC blocked 2ms
02-03 12:44:49.001 D/dalvikvm(15954): GC_FOR_ALLOC freed 4488K, 48% free 9174K/17536K, paused 4ms, total 4ms
02-03 12:44:49.011 D/dalvikvm(15954): GC_CONCURRENT freed 3126K, 44% free 9970K/17536K, paused 1ms+1ms, total 6ms
02-03 12:44:49.011 D/dalvikvm(15954): WAIT_FOR_CONCURRENT_GC blocked 2ms
02-03 12:44:49.011 D/dalvikvm(15954): GC_FOR_ALLOC freed 4855K, 49% free 9082K/17536K, paused 4ms, total 4ms
02-03 12:44:49.021 D/dalvikvm(15954): GC_FOR_ALLOC freed 3825K, 49% free 9080K/17536K, paused 4ms, total 4ms
02-03 12:44:49.031 D/dalvikvm(15954): GC_FOR_ALLOC freed 3863K, 49% free 9077K/17536K, paused 4ms, total 4ms
02-03 12:44:49.031 D/dalvikvm(15954): GC_FOR_ALLOC freed 3900K, 49% free 9075K/17536K, paused 4ms, total 4ms
02-03 12:44:49.041 D/dalvikvm(15954): GC_FOR_ALLOC freed 3938K, 49% free 9073K/17536K, paused 4ms, total 4ms
02-03 12:44:49.051 D/dalvikvm(15954): GC_CONCURRENT freed 3782K, 48% free 9264K/17536K, paused 1ms+1ms, total 5ms
02-03 12:44:49.051 D/dalvikvm(15954): WAIT_FOR_CONCURRENT_GC blocked 4ms
02-03 12:44:49.061 D/dalvikvm(15954): GC_CONCURRENT freed 4007K, 48% free 9268K/17536K, paused 1ms+1ms, total 5ms
02-03 12:44:49.061 D/dalvikvm(15954): WAIT_FOR_CONCURRENT_GC blocked 4ms
02-03 12:44:49.061 D/dalvikvm(15954): GC_CONCURRENT freed 4045K, 48% free 9271K/17536K, paused 0ms+1ms, total 4ms
02-03 12:44:49.061 D/dalvikvm(15954): WAIT_FOR_CONCURRENT_GC blocked 4ms
02-03 12:44:49.071 D/dalvikvm(15954): GC_CONCURRENT freed 4083K, 48% free 9275K/17536K, paused 0ms+1ms, total 5ms
02-03 12:44:49.071 D/dalvikvm(15954): WAIT_FOR_CONCURRENT_GC blocked 4ms
02-03 12:44:49.081 D/dalvikvm(15954): GC_FOR_ALLOC freed 3828K, 47% free 9372K/17536K, paused 4ms, total 4ms
02-03 12:44:49.081 D/dalvikvm(15954): GC_FOR_ALLOC freed 4159K, 48% free 9206K/17536K, paused 4ms, total 4ms
02-03 12:44:49.091 D/dalvikvm(15954): GC_CONCURRENT freed 3302K, 45% free 9800K/17536K, paused 1ms+1ms, total 6ms
02-03 12:44:49.091 D/dalvikvm(15954): WAIT_FOR_CONCURRENT_GC blocked 2ms
02-03 12:44:49.101 D/dalvikvm(15954): GC_FOR_ALLOC freed 4422K, 47% free 9405K/17536K, paused 4ms, total 4ms
02-03 12:44:49.101 D/dalvikvm(15954): GC_CONCURRENT freed 3560K, 44% free 9907K/17536K, paused 1ms+1ms, total 7ms
02-03 12:44:49.101 D/dalvikvm(15954): WAIT_FOR_CONCURRENT_GC blocked 2ms
02-03 12:44:49.111 D/dalvikvm(15954): GC_CONCURRENT freed 4597K, 47% free 9307K/17536K, paused 1ms+1ms, total 5ms
02-03 12:44:49.111 D/dalvikvm(15954): WAIT_FOR_CONCURRENT_GC blocked 4ms
02-03 12:44:49.121 D/dalvikvm(15954): GC_FOR_ALLOC freed 4029K, 48% free 9203K/17536K, paused 4ms, total 4ms
02-03 12:44:49.131 D/dalvikvm(15954): GC_CONCURRENT freed 3956K, 47% free 9310K/17536K, paused 0ms+1ms, total 4ms
02-03 12:44:49.131 D/dalvikvm(15954): WAIT_FOR_CONCURRENT_GC blocked 5ms
02-03 12:44:49.131 D/dalvikvm(15954): GC_FOR_ALLOC freed 4097K, 48% free 9204K/17536K, paused 4ms, total 4ms
02-03 12:44:49.141 D/dalvikvm(15954): GC_CONCURRENT freed 2969K, 43% free 10152K/17536K, paused 1ms+1ms, total 7ms
02-03 12:44:49.141 D/dalvikvm(15954): WAIT_FOR_CONCURRENT_GC blocked 2ms
02-03 12:44:49.151 D/dalvikvm(15954): GC_FOR_ALLOC freed 5002K, 49% free 9099K/17536K, paused 4ms, total 4ms
02-03 12:44:49.151 D/dalvikvm(15954): GC_FOR_ALLOC freed 3974K, 48% free 9207K/17536K, paused 4ms, total 4ms
02-03 12:44:49.161 D/dalvikvm(15954): GC_CONCURRENT freed 2711K, 41% free 10502K/17536K, paused 1ms+1ms, total 6ms
02-03 12:44:49.161 D/dalvikvm(15954): WAIT_FOR_CONCURRENT_GC blocked 3ms
02-03 12:44:49.171 D/dalvikvm(15954): GC_CONCURRENT freed 5217K, 47% free 9322K/17536K, paused 1ms+1ms, total 5ms
02-03 12:44:49.171 D/dalvikvm(15954): WAIT_FOR_CONCURRENT_GC blocked 4ms
02-03 12:44:49.171 D/dalvikvm(15954): GC_FOR_ALLOC freed 4065K, 49% free 9101K/17536K, paused 4ms, total 4ms
02-03 12:44:49.181 D/dalvikvm(15954): GC_FOR_ALLOC freed 3869K, 49% free 9102K/17536K, paused 4ms, total 4ms
02-03 12:44:49.191 D/dalvikvm(15954): GC_FOR_ALLOC freed 3895K, 49% free 9104K/17536K, paused 4ms, total 4ms
02-03 12:44:49.191 D/dalvikvm(15954): GC_FOR_ALLOC freed 3921K, 49% free 9105K/17536K, paused 4ms, total 4ms
02-03 12:44:49.201 D/dalvikvm(15954): GC_FOR_ALLOC freed 3947K, 49% free 9107K/17536K, paused 4ms, total 4ms
02-03 12:44:49.211 D/dalvikvm(15954): GC_CONCURRENT freed 3746K, 47% free 9336K/17536K, paused 0ms+1ms, total 5ms
02-03 12:44:49.211 D/dalvikvm(15954): WAIT_FOR_CONCURRENT_GC blocked 4ms
02-03 12:44:49.211 D/dalvikvm(15954): GC_CONCURRENT freed 3998K, 47% free 9371K/17536K, paused 0ms+1ms, total 4ms
02-03 12:44:49.211 D/dalvikvm(15954): WAIT_FOR_CONCURRENT_GC blocked 4ms
02-03 12:44:49.221 D/dalvikvm(15954): GC_CONCURRENT freed 4024K, 47% free 9374K/17536K, paused 1ms+0ms, total 5ms
02-03 12:44:49.221 D/dalvikvm(15954): WAIT_FOR_CONCURRENT_GC blocked 4ms
02-03 12:44:49.231 D/dalvikvm(15954): GC_CONCURRENT freed 4050K, 47% free 9377K/17536K, paused 0ms+1ms, total 4ms
02-03 12:44:49.231 D/dalvikvm(15954): WAIT_FOR_CONCURRENT_GC blocked 5ms
02-03 12:44:49.241 D/dalvikvm(15954): GC_CONCURRENT freed 4078K, 47% free 9380K/17536K, paused 1ms+1ms, total 5ms
02-03 12:44:49.241 D/dalvikvm(15954): WAIT_FOR_CONCURRENT_GC blocked 4ms
02-03 12:44:49.241 D/dalvikvm(15954): GC_FOR_ALLOC freed 3757K, 46% free 9496K/17536K, paused 4ms, total 4ms
02-03 12:44:49.251 D/dalvikvm(15954): GC_FOR_ALLOC freed 4135K, 48% free 9263K/17536K, paused 4ms, total 4ms
02-03 12:44:49.261 D/dalvikvm(15954): GC_FOR_ALLOC freed 3925K, 48% free 9147K/17536K, paused 4ms, total 4ms
02-03 12:44:49.261 D/dalvikvm(15954): GC_FOR_ALLOC freed 3591K, 46% free 9508K/17536K, paused 4ms, total 4ms
02-03 12:44:49.271 D/dalvikvm(15954): GC_FOR_ALLOC freed 4217K, 48% free 9271K/17536K, paused 4ms, total 4ms
02-03 12:44:49.281 D/dalvikvm(15954): GC_CONCURRENT freed 3400K, 45% free 9755K/17536K, paused 1ms+1ms, total 6ms
02-03 12:44:49.281 D/dalvikvm(15954): WAIT_FOR_CONCURRENT_GC blocked 2ms
02-03 12:44:49.281 D/dalvikvm(15954): GC_FOR_ALLOC freed 4630K, 48% free 9153K/17536K, paused 4ms, total 4ms
02-03 12:44:49.291 D/dalvikvm(15954): GC_CONCURRENT freed 3077K, 43% free 10133K/17536K, paused 1ms+1ms, total 7ms
02-03 12:44:49.291 D/dalvikvm(15954): WAIT_FOR_CONCURRENT_GC blocked 2ms
02-03 12:44:49.301 D/dalvikvm(15954): GC_FOR_ALLOC freed 4936K, 48% free 9157K/17536K, paused 4ms, total 4ms
02-03 12:44:49.301 D/dalvikvm(15954): GC_FOR_ALLOC freed 3732K, 48% free 9282K/17536K, paused 4ms, total 4ms
02-03 12:44:49.311 D/dalvikvm(15954): GC_CONCURRENT freed 3880K, 47% free 9411K/17536K, paused 0ms+1ms, total 4ms
02-03 12:44:49.311 D/dalvikvm(15954): WAIT_FOR_CONCURRENT_GC blocked 4ms
02-03 12:44:49.321 D/dalvikvm(15954): GC_FOR_ALLOC freed 4028K, 48% free 9287K/17536K, paused 4ms, total 4ms
02-03 12:44:49.331 D/dalvikvm(15954): GC_CONCURRENT freed 3927K, 47% free 9416K/17536K, paused 1ms+1ms, total 5ms
02-03 12:44:49.331 D/dalvikvm(15954): WAIT_FOR_CONCURRENT_GC blocked 4ms
02-03 12:44:49.331 D/dalvikvm(15954): GC_FOR_ALLOC freed 4076K, 48% free 9291K/17536K, paused 4ms, total 4ms
02-03 12:44:49.341 D/dalvikvm(15954): GC_FOR_ALLOC freed 3587K, 46% free 9550K/17536K, paused 4ms, total 4ms
02-03 12:44:49.341 D/dalvikvm(15954): GC_FOR_ALLOC freed 4252K, 48% free 9167K/17536K, paused 4ms, total 4ms
02-03 12:44:49.351 D/dalvikvm(15954): GC_FOR_ALLOC freed 3887K, 47% free 9298K/17536K, paused 4ms, total 4ms
02-03 12:44:49.361 D/dalvikvm(15954): GC_CONCURRENT freed 2999K, 42% free 10209K/17536K, paused 1ms+1ms, total 7ms
02-03 12:44:49.361 D/dalvikvm(15954): WAIT_FOR_CONCURRENT_GC blocked 2ms
02-03 12:44:49.371 D/dalvikvm(15954): GC_FOR_ALLOC freed 4971K, 48% free 9171K/17536K, paused 4ms, total 5ms
02-03 12:44:49.371 D/dalvikvm(15954): GC_FOR_ALLOC freed 3952K, 47% free 9304K/17536K, paused 4ms, total 4ms
02-03 12:44:49.381 D/dalvikvm(15954): GC_CONCURRENT freed 3049K, 42% free 10230K/17536K, paused 1ms+1ms, total 7ms
02-03 12:44:49.381 D/dalvikvm(15954): WAIT_FOR_CONCURRENT_GC blocked 2ms
02-03 12:44:49.391 D/dalvikvm(15954): GC_CONCURRENT freed 4787K, 47% free 9442K/17536K, paused 1ms+1ms, total 5ms
02-03 12:44:49.391 D/dalvikvm(15954): WAIT_FOR_CONCURRENT_GC blocked 4ms
02-03 12:44:49.391 D/dalvikvm(15954): GC_FOR_ALLOC freed 4015K, 48% free 9177K/17536K, paused 4ms, total 4ms
02-03 12:44:49.401 D/dalvikvm(15954): GC_FOR_ALLOC freed 3768K, 48% free 9179K/17536K, paused 4ms, total 4ms
02-03 12:44:49.411 D/dalvikvm(15954): GC_FOR_ALLOC freed 3787K, 48% free 9180K/17536K, paused 4ms, total 4ms
02-03 12:44:49.411 D/dalvikvm(15954): GC_FOR_ALLOC freed 3806K, 48% free 9181K/17536K, paused 4ms, total 4ms
02-03 12:44:49.421 D/dalvikvm(15954): GC_FOR_ALLOC freed 3825K, 48% free 9183K/17536K, paused 4ms, total 4ms
02-03 12:44:49.421 D/dalvikvm(15954): GC_FOR_ALLOC freed 3844K, 48% free 9184K/17536K, paused 4ms, total 4ms
02-03 12:44:49.431 D/dalvikvm(15954): GC_FOR_ALLOC freed 3863K, 48% free 9185K/17536K, paused 4ms, total 4ms
02-03 12:44:49.441 D/dalvikvm(15954): GC_FOR_ALLOC freed 3882K, 48% free 9187K/17536K, paused 4ms, total 4ms
02-03 12:44:49.441 D/dalvikvm(15954): GC_FOR_ALLOC freed 3900K, 48% free 9188K/17536K, paused 4ms, total 4ms
02-03 12:44:49.451 D/dalvikvm(15954): GC_FOR_ALLOC freed 3919K, 48% free 9189K/17536K, paused 4ms, total 4ms
02-03 12:44:49.461 D/dalvikvm(15954): GC_FOR_ALLOC freed 3938K, 48% free 9191K/17536K, paused 4ms, total 4ms
02-03 12:44:49.461 D/dalvikvm(15954): GC_FOR_ALLOC freed 3957K, 48% free 9192K/17536K, paused 4ms, total 4ms
02-03 12:44:49.471 D/dalvikvm(15954): GC_CONCURRENT freed 3692K, 46% free 9477K/17536K, paused 1ms+0ms, total 5ms
02-03 12:44:49.471 D/dalvikvm(15954): WAIT_FOR_CONCURRENT_GC blocked 4ms
02-03 12:44:49.481 D/dalvikvm(15954): GC_CONCURRENT freed 3993K, 46% free 9480K/17536K, paused 0ms+1ms, total 4ms
02-03 12:44:49.481 D/dalvikvm(15954): WAIT_FOR_CONCURRENT_GC blocked 4ms
02-03 12:44:49.491 D/dalvikvm(15954): GC_CONCURRENT freed 4012K, 46% free 9483K/17536K, paused 1ms+1ms, total 5ms
02-03 12:44:49.491 D/dalvikvm(15954): WAIT_FOR_CONCURRENT_GC blocked 4ms
02-03 12:44:49.491 D/dalvikvm(15954): GC_CONCURRENT freed 4031K, 46% free 9485K/17536K, paused 0ms+1ms, total 4ms
02-03 12:44:49.491 D/dalvikvm(15954): WAIT_FOR_CONCURRENT_GC blocked 5ms
02-03 12:44:49.501 D/dalvikvm(15954): GC_CONCURRENT freed 4050K, 46% free 9488K/17536K, paused 1ms+0ms, total 5ms
02-03 12:44:49.501 D/dalvikvm(15954): WAIT_FOR_CONCURRENT_GC blocked 4ms
02-03 12:44:49.511 D/dalvikvm(15954): GC_CONCURRENT freed 4068K, 46% free 9491K/17536K, paused 0ms+1ms, total 5ms
02-03 12:44:49.511 D/dalvikvm(15954): WAIT_FOR_CONCURRENT_GC blocked 4ms
02-03 12:44:49.521 D/dalvikvm(15954): GC_CONCURRENT freed 4087K, 46% free 9493K/17536K, paused 1ms+1ms, total 5ms
02-03 12:44:49.521 D/dalvikvm(15954): WAIT_FOR_CONCURRENT_GC blocked 4ms
02-03 12:44:49.521 D/dalvikvm(15954): GC_FOR_ALLOC freed 3664K, 46% free 9642K/17536K, paused 4ms, total 4ms
02-03 12:44:49.531 D/dalvikvm(15954): GC_FOR_ALLOC freed 4123K, 47% free 9351K/17536K, paused 4ms, total 4ms
02-03 12:44:49.541 D/dalvikvm(15954): GC_FOR_ALLOC freed 3845K, 48% free 9205K/17536K, paused 4ms, total 4ms
02-03 12:44:49.541 D/dalvikvm(15954): GC_FOR_ALLOC freed 3415K, 45% free 9651K/17536K, paused 4ms, total 4ms
02-03 12:44:49.551 D/dalvikvm(15954): GC_FOR_ALLOC freed 4174K, 47% free 9356K/17536K, paused 4ms, total 4ms
02-03 12:44:49.561 D/dalvikvm(15954): GC_FOR_ALLOC freed 3893K, 48% free 9209K/17536K, paused 4ms, total 4ms
02-03 12:44:49.561 D/dalvikvm(15954): GC_FOR_ALLOC freed 3457K, 45% free 9660K/17536K, paused 4ms, total 4ms
02-03 12:44:49.571 D/dalvikvm(15954): GC_FOR_ALLOC freed 4226K, 47% free 9362K/17536K, paused 4ms, total 4ms
02-03 12:44:49.581 D/dalvikvm(15954): GC_FOR_ALLOC freed 3941K, 48% free 9213K/17536K, paused 4ms, total 4ms
02-03 12:44:49.581 D/dalvikvm(15954): GC_FOR_ALLOC freed 3500K, 45% free 9670K/17536K, paused 4ms, total 4ms
02-03 12:44:49.591 D/dalvikvm(15954): GC_CONCURRENT freed 4278K, 47% free 9367K/17536K, paused 0ms+1ms, total 4ms
02-03 12:44:49.591 D/dalvikvm(15954): WAIT_FOR_CONCURRENT_GC blocked 4ms
02-03 12:44:49.601 D/dalvikvm(15954): GC_FOR_ALLOC freed 3989K, 48% free 9216K/17536K, paused 4ms, total 4ms
02-03 12:44:49.601 D/dalvikvm(15954): GC_FOR_ALLOC freed 3542K, 45% free 9679K/17536K, paused 3ms, total 4ms
02-03 12:44:49.611 D/dalvikvm(15954): GC_CONCURRENT freed 3251K, 41% free 10451K/17536K, paused 0ms+1ms, total 6ms
02-03 12:44:49.611 D/dalvikvm(15954): WAIT_FOR_CONCURRENT_GC blocked 2ms
02-03 12:44:49.621 D/dalvikvm(15954): GC_FOR_ALLOC freed 5116K, 48% free 9220K/17536K, paused 4ms, total 4ms
02-03 12:44:49.621 D/dalvikvm(15954): GC_FOR_ALLOC freed 3585K, 45% free 9688K/17536K, paused 4ms, total 4ms
02-03 12:44:49.631 D/dalvikvm(15954): GC_CONCURRENT freed 3290K, 41% free 10470K/17536K, paused 0ms+1ms, total 6ms
02-03 12:44:49.631 D/dalvikvm(15954): WAIT_FOR_CONCURRENT_GC blocked 3ms
02-03 12:44:49.641 D/dalvikvm(15954): GC_FOR_ALLOC freed 5177K, 48% free 9224K/17536K, paused 4ms, total 4ms
02-03 12:44:49.641 D/dalvikvm(15954): GC_FOR_ALLOC freed 3627K, 47% free 9382K/17536K, paused 4ms, total 4ms
02-03 12:44:49.651 D/dalvikvm(15954): GC_FOR_ALLOC freed 4116K, 48% free 9226K/17536K, paused 4ms, total 4ms
02-03 12:44:49.661 D/dalvikvm(15954): GC_FOR_ALLOC freed 3654K, 47% free 9385K/17536K, paused 4ms, total 4ms
02-03 12:44:49.661 D/dalvikvm(15954): GC_CONCURRENT freed 3828K, 46% free 9547K/17536K, paused 1ms+1ms, total 5ms
02-03 12:44:49.661 D/dalvikvm(15954): WAIT_FOR_CONCURRENT_GC blocked 4ms
02-03 12:44:49.671 D/dalvikvm(15954): GC_FOR_ALLOC freed 4001K, 47% free 9389K/17536K, paused 4ms, total 4ms
02-03 12:44:49.681 D/dalvikvm(15954): GC_CONCURRENT freed 3858K, 46% free 9552K/17536K, paused 1ms+1ms, total 5ms
02-03 12:44:49.681 D/dalvikvm(15954): WAIT_FOR_CONCURRENT_GC blocked 4ms
02-03 12:44:49.681 D/dalvikvm(15954): GC_FOR_ALLOC freed 4031K, 47% free 9393K/17536K, paused 4ms, total 4ms
02-03 12:44:49.691 D/dalvikvm(15954): GC_CONCURRENT freed 3887K, 46% free 9557K/17536K, paused 1ms+1ms, total 5ms
02-03 12:44:49.691 D/dalvikvm(15954): WAIT_FOR_CONCURRENT_GC blocked 4ms
02-03 12:44:49.701 D/dalvikvm(15954): GC_FOR_ALLOC freed 4061K, 47% free 9396K/17536K, paused 4ms, total 4ms
02-03 12:44:49.711 D/dalvikvm(15954): GC_CONCURRENT freed 3916K, 46% free 9562K/17536K, paused 1ms+1ms, total 5ms
02-03 12:44:49.711 D/dalvikvm(15954): WAIT_FOR_CONCURRENT_GC blocked 4ms
02-03 12:44:49.711 D/dalvikvm(15954): GC_FOR_ALLOC freed 4094K, 47% free 9400K/17536K, paused 4ms, total 4ms
02-03 12:44:49.721 D/dalvikvm(15954): GC_FOR_ALLOC freed 3452K, 45% free 9731K/17536K, paused 4ms, total 4ms
02-03 12:44:49.731 D/dalvikvm(15954): GC_FOR_ALLOC freed 4290K, 48% free 9239K/17536K, paused 4ms, total 4ms
02-03 12:44:49.731 D/dalvikvm(15954): GC_CONCURRENT freed 3808K, 47% free 9405K/17536K, paused 1ms+1ms, total 5ms
02-03 12:44:49.731 D/dalvikvm(15954): WAIT_FOR_CONCURRENT_GC blocked 4ms
02-03 12:44:49.741 D/dalvikvm(15954): GC_FOR_ALLOC freed 3487K, 45% free 9739K/17536K, paused 4ms, total 4ms
02-03 12:44:49.751 D/dalvikvm(15954): GC_FOR_ALLOC freed 4331K, 48% free 9242K/17536K, paused 4ms, total 4ms
02-03 12:44:49.751 D/dalvikvm(15954): GC_CONCURRENT freed 3842K, 47% free 9410K/17536K, paused 1ms+1ms, total 5ms
02-03 12:44:49.751 D/dalvikvm(15954): WAIT_FOR_CONCURRENT_GC blocked 4ms
02-03 12:44:49.761 D/dalvikvm(15954): GC_FOR_ALLOC freed 3519K, 45% free 9746K/17536K, paused 4ms, total 4ms
02-03 12:44:49.771 D/dalvikvm(15954): GC_FOR_ALLOC freed 4370K, 48% free 9245K/17536K, paused 4ms, total 4ms
02-03 12:44:49.771 D/dalvikvm(15954): GC_CONCURRENT freed 3876K, 47% free 9415K/17536K, paused 1ms+0ms, total 5ms
02-03 12:44:49.771 D/dalvikvm(15954): WAIT_FOR_CONCURRENT_GC blocked 4ms
02-03 12:44:49.781 D/dalvikvm(15954): GC_FOR_ALLOC freed 3552K, 45% free 9754K/17536K, paused 4ms, total 4ms
02-03 12:44:49.791 D/dalvikvm(15954): GC_FOR_ALLOC freed 4437K, 48% free 9250K/17536K, paused 4ms, total 4ms
02-03 12:44:49.801 D/dalvikvm(15954): GC_FOR_ALLOC freed 3757K, 47% free 9407K/17536K, paused 4ms, total 4ms
02-03 12:44:49.801 D/dalvikvm(15954): GC_FOR_ALLOC freed 3762K, 47% free 9418K/17536K, paused 4ms, total 4ms
02-03 12:44:49.851 D/dalvikvm(15954): GC_FOR_ALLOC freed 3272K, 45% free 9688K/17536K, paused 4ms, total 4ms
02-03 12:44:49.921 D/dalvikvm(15954): GC_CONCURRENT freed 4869K, 50% free 8902K/17536K, paused 1ms+1ms, total 6ms
02-03 12:44:49.921 D/dalvikvm(15954): WAIT_FOR_CONCURRENT_GC blocked 6ms
02-03 12:44:49.931 D/dalvikvm(15954): GC_CONCURRENT freed 4030K, 49% free 8948K/17536K, paused 0ms+1ms, total 4ms
02-03 12:44:49.931 D/dalvikvm(15954): WAIT_FOR_CONCURRENT_GC blocked 5ms
02-03 12:44:49.941 D/dalvikvm(15954): GC_CONCURRENT freed 4024K, 49% free 8978K/17536K, paused 0ms+1ms, total 4ms
02-03 12:44:49.941 D/dalvikvm(15954): WAIT_FOR_CONCURRENT_GC blocked 4ms
02-03 12:44:49.951 D/dalvikvm(15954): GC_CONCURRENT freed 4059K, 49% free 9009K/17536K, paused 1ms+1ms, total 5ms
02-03 12:44:49.951 D/dalvikvm(15954): WAIT_FOR_CONCURRENT_GC blocked 4ms
02-03 12:44:49.961 D/dalvikvm(15954): GC_CONCURRENT freed 4094K, 49% free 8996K/17536K, paused 1ms+1ms, total 5ms
02-03 12:44:49.961 D/dalvikvm(15954): WAIT_FOR_CONCURRENT_GC blocked 4ms
02-03 12:44:49.971 D/dalvikvm(15954): GC_FOR_ALLOC freed 4064K, 50% free 8941K/17536K, paused 4ms, total 4ms
02-03 12:44:49.971 D/dalvikvm(15954): GC_CONCURRENT freed 3759K, 48% free 9180K/17536K, paused 1ms+1ms, total 6ms
02-03 12:44:49.971 D/dalvikvm(15954): WAIT_FOR_CONCURRENT_GC blocked 1ms
02-03 12:44:49.981 D/dalvikvm(15954): GC_CONCURRENT freed 4195K, 49% free 9042K/17536K, paused 0ms+1ms, total 4ms
02-03 12:44:49.981 D/dalvikvm(15954): WAIT_FOR_CONCURRENT_GC blocked 5ms
02-03 12:44:49.991 D/dalvikvm(15954): GC_CONCURRENT freed 4089K, 49% free 9047K/17536K, paused 0ms+1ms, total 5ms
02-03 12:44:49.991 D/dalvikvm(15954): WAIT_FOR_CONCURRENT_GC blocked 4ms
02-03 12:44:50.001 D/dalvikvm(15954): GC_CONCURRENT freed 4077K, 49% free 9052K/17536K, paused 0ms+1ms, total 5ms
02-03 12:44:50.001 D/dalvikvm(15954): WAIT_FOR_CONCURRENT_GC blocked 4ms
02-03 12:44:50.011 D/dalvikvm(15954): GC_CONCURRENT freed 4023K, 49% free 9057K/17536K, paused 0ms+1ms, total 5ms
02-03 12:44:50.011 D/dalvikvm(15954): WAIT_FOR_CONCURRENT_GC blocked 4ms
02-03 12:44:50.011 D/dalvikvm(15954): GC_FOR_ALLOC freed 4101K, 49% free 9016K/17536K, paused 4ms, total 4ms
02-03 12:44:50.021 D/dalvikvm(15954): GC_CONCURRENT freed 3711K, 48% free 9280K/17536K, paused 1ms+1ms, total 6ms
02-03 12:44:50.021 D/dalvikvm(15954): WAIT_FOR_CONCURRENT_GC blocked 2ms
02-03 12:44:50.031 D/dalvikvm(15954): GC_FOR_ALLOC freed 4350K, 49% free 9019K/17536K, paused 4ms, total 4ms
02-03 12:44:50.031 D/dalvikvm(15954): GC_CONCURRENT freed 3669K, 47% free 9338K/17536K, paused 1ms+1ms, total 6ms
02-03 12:44:50.031 D/dalvikvm(15954): WAIT_FOR_CONCURRENT_GC blocked 2ms
02-03 12:44:50.041 D/dalvikvm(15954): GC_FOR_ALLOC freed 4325K, 49% free 9054K/17536K, paused 4ms, total 4ms
02-03 12:44:50.051 D/dalvikvm(15954): GC_CONCURRENT freed 3661K, 47% free 9412K/17536K, paused 0ms+1ms, total 6ms
02-03 12:44:50.051 D/dalvikvm(15954): WAIT_FOR_CONCURRENT_GC blocked 2ms
02-03 12:44:50.051 D/dalvikvm(15954): GC_FOR_ALLOC freed 4394K, 49% free 9002K/17536K, paused 4ms, total 4ms
02-03 12:44:50.061 D/dalvikvm(15954): GC_CONCURRENT freed 3607K, 47% free 9437K/17536K, paused 1ms+1ms, total 6ms
02-03 12:44:50.061 D/dalvikvm(15954): WAIT_FOR_CONCURRENT_GC blocked 2ms
02-03 12:44:50.071 D/dalvikvm(15954): GC_FOR_ALLOC freed 4364K, 49% free 9057K/17536K, paused 4ms, total 4ms
02-03 12:44:50.071 D/dalvikvm(15954): GC_CONCURRENT freed 3686K, 47% free 9459K/17536K, paused 0ms+1ms, total 6ms
02-03 12:44:50.071 D/dalvikvm(15954): WAIT_FOR_CONCURRENT_GC blocked 2ms
02-03 12:44:50.081 D/dalvikvm(15954): GC_CONCURRENT freed 4349K, 48% free 9123K/17536K, paused 0ms+1ms, total 5ms
02-03 12:44:50.081 D/dalvikvm(15954): WAIT_FOR_CONCURRENT_GC blocked 4ms
02-03 12:44:50.091 D/dalvikvm(15954): GC_FOR_ALLOC freed 4105K, 49% free 9062K/17536K, paused 4ms, total 4ms
02-03 12:44:50.091 D/dalvikvm(15954): GC_CONCURRENT freed 3516K, 46% free 9526K/17536K, paused 1ms+0ms, total 6ms
02-03 12:44:50.091 D/dalvikvm(15954): WAIT_FOR_CONCURRENT_GC blocked 2ms
02-03 12:44:50.101 D/dalvikvm(15954): GC_FOR_ALLOC freed 4465K, 49% free 9094K/17536K, paused 4ms, total 4ms
02-03 12:44:50.111 D/dalvikvm(15954): GC_CONCURRENT freed 3535K, 46% free 9479K/17536K, paused 1ms+1ms, total 6ms
02-03 12:44:50.111 D/dalvikvm(15954): WAIT_FOR_CONCURRENT_GC blocked 3ms
02-03 12:44:50.111 D/dalvikvm(15954): GC_FOR_ALLOC freed 4314K, 48% free 9227K/17536K, paused 4ms, total 4ms
02-03 12:44:50.121 D/dalvikvm(15954): GC_CONCURRENT freed 3672K, 46% free 9494K/17536K, paused 0ms+1ms, total 6ms
02-03 12:44:50.121 D/dalvikvm(15954): WAIT_FOR_CONCURRENT_GC blocked 2ms
02-03 12:44:50.131 D/dalvikvm(15954): GC_FOR_ALLOC freed 4479K, 49% free 9093K/17536K, paused 4ms, total 4ms
02-03 12:44:50.131 D/dalvikvm(15954): GC_CONCURRENT freed 3454K, 45% free 9720K/17536K, paused 1ms+1ms, total 6ms
02-03 12:44:50.131 D/dalvikvm(15954): WAIT_FOR_CONCURRENT_GC blocked 2ms
02-03 12:44:50.141 D/dalvikvm(15954): GC_FOR_ALLOC freed 4494K, 48% free 9236K/17536K, paused 4ms, total 4ms
02-03 12:44:50.151 D/dalvikvm(15954): GC_CONCURRENT freed 3571K, 46% free 9627K/17536K, paused 1ms+1ms, total 6ms
02-03 12:44:50.151 D/dalvikvm(15954): WAIT_FOR_CONCURRENT_GC blocked 2ms
02-03 12:44:50.151 D/dalvikvm(15954): GC_FOR_ALLOC freed 4496K, 49% free 9050K/17536K, paused 4ms, total 4ms
02-03 12:44:50.161 D/dalvikvm(15954): GC_FOR_ALLOC freed 3828K, 48% free 9273K/17536K, paused 4ms, total 4ms
02-03 12:44:50.171 D/dalvikvm(15954): GC_CONCURRENT freed 3587K, 46% free 9573K/17536K, paused 1ms+1ms, total 6ms
02-03 12:44:50.171 D/dalvikvm(15954): WAIT_FOR_CONCURRENT_GC blocked 2ms
02-03 12:44:50.171 D/dalvikvm(15954): GC_FOR_ALLOC freed 4469K, 48% free 9121K/17536K, paused 4ms, total 4ms
02-03 12:44:50.181 D/dalvikvm(15954): GC_CONCURRENT freed 3297K, 44% free 9820K/17536K, paused 1ms+1ms, total 6ms
02-03 12:44:50.181 D/dalvikvm(15954): WAIT_FOR_CONCURRENT_GC blocked 2ms
02-03 12:44:50.191 D/dalvikvm(15954): GC_CONCURRENT freed 4670K, 48% free 9204K/17536K, paused 1ms+1ms, total 5ms
02-03 12:44:50.191 D/dalvikvm(15954): WAIT_FOR_CONCURRENT_GC blocked 4ms
02-03 12:44:50.201 D/dalvikvm(15954): GC_FOR_ALLOC freed 4112K, 49% free 9043K/17536K, paused 4ms, total 4ms
02-03 12:44:50.201 D/dalvikvm(15954): GC_CONCURRENT freed 3837K, 48% free 9209K/17536K, paused 0ms+1ms, total 4ms
02-03 12:44:50.201 D/dalvikvm(15954): WAIT_FOR_CONCURRENT_GC blocked 4ms
02-03 12:44:50.211 D/dalvikvm(15954): GC_CONCURRENT freed 4052K, 48% free 9213K/17536K, paused 0ms+1ms, total 4ms
02-03 12:44:50.211 D/dalvikvm(15954): WAIT_FOR_CONCURRENT_GC blocked 5ms
02-03 12:44:50.221 D/dalvikvm(15954): GC_FOR_ALLOC freed 3858K, 47% free 9297K/17536K, paused 4ms, total 4ms
02-03 12:44:50.221 D/dalvikvm(15954): GC_FOR_ALLOC freed 4160K, 48% free 9160K/17536K, paused 4ms, total 4ms
02-03 12:44:50.231 D/dalvikvm(15954): GC_CONCURRENT freed 3443K, 45% free 9669K/17536K, paused 1ms+1ms, total 6ms
02-03 12:44:50.231 D/dalvikvm(15954): WAIT_FOR_CONCURRENT_GC blocked 2ms
02-03 12:44:50.241 D/dalvikvm(15954): GC_FOR_ALLOC freed 4419K, 47% free 9332K/17536K, paused 4ms, total 4ms
02-03 12:44:50.241 D/dalvikvm(15954): GC_CONCURRENT freed 3521K, 45% free 9679K/17536K, paused 1ms+1ms, total 6ms
02-03 12:44:50.241 D/dalvikvm(15954): WAIT_FOR_CONCURRENT_GC blocked 2ms
02-03 12:44:50.251 D/dalvikvm(15954): GC_CONCURRENT freed 4518K, 48% free 9156K/17536K, paused 1ms+1ms, total 5ms
02-03 12:44:50.251 D/dalvikvm(15954): WAIT_FOR_CONCURRENT_GC blocked 4ms
02-03 12:44:50.261 D/dalvikvm(15954): GC_FOR_ALLOC freed 3771K, 47% free 9334K/17536K, paused 4ms, total 4ms
02-03 12:44:50.271 D/dalvikvm(15954): GC_CONCURRENT freed 4082K, 48% free 9245K/17536K, paused 1ms+1ms, total 5ms
02-03 12:44:50.271 D/dalvikvm(15954): WAIT_FOR_CONCURRENT_GC blocked 4ms
02-03 12:44:50.271 D/dalvikvm(15954): GC_FOR_ALLOC freed 4032K, 49% free 9061K/17536K, paused 4ms, total 4ms
02-03 12:44:50.281 D/dalvikvm(15954): GC_FOR_ALLOC freed 3888K, 49% free 9091K/17536K, paused 5ms, total 5ms
02-03 12:44:50.291 D/dalvikvm(15954): GC_FOR_ALLOC freed 3925K, 49% free 9088K/17536K, paused 4ms, total 4ms
02-03 12:44:50.291 D/dalvikvm(15954): GC_FOR_ALLOC freed 3963K, 49% free 9086K/17536K, paused 4ms, total 4ms
02-03 12:44:50.301 D/dalvikvm(15954): GC_CONCURRENT freed 3806K, 48% free 9278K/17536K, paused 0ms+1ms, total 4ms
02-03 12:44:50.301 D/dalvikvm(15954): WAIT_FOR_CONCURRENT_GC blocked 4ms
02-03 12:44:50.311 D/dalvikvm(15954): GC_CONCURRENT freed 4033K, 48% free 9282K/17536K, paused 0ms+1ms, total 4ms
02-03 12:44:50.311 D/dalvikvm(15954): WAIT_FOR_CONCURRENT_GC blocked 4ms
02-03 12:44:50.311 D/dalvikvm(15954): GC_CONCURRENT freed 4070K, 48% free 9286K/17536K, paused 1ms+0ms, total 5ms
02-03 12:44:50.311 D/dalvikvm(15954): WAIT_FOR_CONCURRENT_GC blocked 4ms
02-03 12:44:50.321 D/dalvikvm(15954): GC_FOR_ALLOC freed 3816K, 47% free 9382K/17536K, paused 4ms, total 4ms
02-03 12:44:50.331 D/dalvikvm(15954): GC_FOR_ALLOC freed 4147K, 48% free 9185K/17536K, paused 4ms, total 4ms
02-03 12:44:50.331 D/dalvikvm(15954): GC_FOR_ALLOC freed 3985K, 49% free 9085K/17536K, paused 4ms, total 4ms
02-03 12:44:50.341 D/dalvikvm(15954): GC_FOR_ALLOC freed 3712K, 47% free 9387K/17536K, paused 4ms, total 4ms
02-03 12:44:50.351 D/dalvikvm(15954): GC_CONCURRENT freed 3550K, 44% free 9888K/17536K, paused 1ms+1ms, total 7ms
02-03 12:44:50.351 D/dalvikvm(15954): WAIT_FOR_CONCURRENT_GC blocked 2ms
02-03 12:44:50.351 D/dalvikvm(15954): GC_CONCURRENT freed 4583K, 48% free 9290K/17536K, paused 1ms+1ms, total 5ms
02-03 12:44:50.351 D/dalvikvm(15954): WAIT_FOR_CONCURRENT_GC blocked 4ms
02-03 12:44:50.361 D/dalvikvm(15954): GC_FOR_ALLOC freed 4016K, 48% free 9186K/17536K, paused 4ms, total 5ms
02-03 12:44:50.371 D/dalvikvm(15954): GC_CONCURRENT freed 3948K, 47% free 9321K/17536K, paused 1ms+1ms, total 5ms
02-03 12:44:50.371 D/dalvikvm(15954): WAIT_FOR_CONCURRENT_GC blocked 3ms
02-03 12:44:50.381 D/dalvikvm(15954): GC_CONCURRENT freed 4080K, 48% free 9220K/17536K, paused 1ms+1ms, total 5ms
02-03 12:44:50.381 D/dalvikvm(15954): WAIT_FOR_CONCURRENT_GC blocked 5ms
02-03 12:44:50.381 D/dalvikvm(15954): GC_FOR_ALLOC freed 3693K, 47% free 9433K/17536K, paused 4ms, total 4ms
02-03 12:44:50.391 D/dalvikvm(15954): GC_FOR_ALLOC freed 4256K, 49% free 9114K/17536K, paused 4ms, total 4ms
02-03 12:44:50.401 D/dalvikvm(15954): GC_FOR_ALLOC freed 3963K, 48% free 9222K/17536K, paused 4ms, total 4ms
02-03 12:44:50.401 D/dalvikvm(15954): GC_CONCURRENT freed 3240K, 44% free 9977K/17536K, paused 0ms+1ms, total 5ms
02-03 12:44:50.401 D/dalvikvm(15954): WAIT_FOR_CONCURRENT_GC blocked 1ms
02-03 12:44:50.411 D/dalvikvm(15954): GC_FOR_ALLOC freed 4888K, 49% free 9115K/17536K, paused 4ms, total 4ms
02-03 12:44:50.421 D/dalvikvm(15954): GC_CONCURRENT freed 3069K, 44% free 9879K/17536K, paused 1ms+0ms, total 6ms
02-03 12:44:50.421 D/dalvikvm(15954): WAIT_FOR_CONCURRENT_GC blocked 2ms
02-03 12:44:50.421 D/dalvikvm(15954): GC_FOR_ALLOC freed 4625K, 49% free 9114K/17536K, paused 4ms, total 4ms
02-03 12:44:50.431 D/dalvikvm(15954): GC_FOR_ALLOC freed 3884K, 49% free 9115K/17536K, paused 4ms, total 4ms
02-03 12:44:50.441 D/dalvikvm(15954): GC_FOR_ALLOC freed 3910K, 49% free 9117K/17536K, paused 4ms, total 4ms
02-03 12:44:50.441 D/dalvikvm(15954): GC_FOR_ALLOC freed 3937K, 48% free 9118K/17536K, paused 4ms, total 4ms
02-03 12:44:50.451 D/dalvikvm(15954): GC_FOR_ALLOC freed 3963K, 48% free 9120K/17536K, paused 4ms, total 4ms
02-03 12:44:50.461 D/dalvikvm(15954): GC_FOR_ALLOC freed 3989K, 48% free 9121K/17536K, paused 4ms, total 4ms
02-03 12:44:50.461 D/dalvikvm(15954): GC_CONCURRENT freed 3216K, 44% free 9922K/17536K, paused 1ms+1ms, total 5ms
02-03 12:44:50.461 D/dalvikvm(15954): WAIT_FOR_CONCURRENT_GC blocked 2ms
02-03 12:44:50.471 D/dalvikvm(15954): GC_CONCURRENT freed 4613K, 47% free 9351K/17536K, paused 1ms+1ms, total 5ms
02-03 12:44:50.471 D/dalvikvm(15954): WAIT_FOR_CONCURRENT_GC blocked 3ms
02-03 12:44:50.481 D/dalvikvm(15954): GC_CONCURRENT freed 4067K, 47% free 9355K/17536K, paused 1ms+1ms, total 5ms
02-03 12:44:50.481 D/dalvikvm(15954): WAIT_FOR_CONCURRENT_GC blocked 3ms
02-03 12:44:50.481 D/dalvikvm(15954): GC_FOR_ALLOC freed 3743K, 46% free 9474K/17536K, paused 4ms, total 4ms
02-03 12:44:50.491 D/dalvikvm(15954): GC_FOR_ALLOC freed 4123K, 48% free 9242K/17536K, paused 4ms, total 4ms
02-03 12:44:50.501 D/dalvikvm(15954): GC_FOR_ALLOC freed 3914K, 48% free 9127K/17536K, paused 4ms, total 4ms
02-03 12:44:50.501 D/dalvikvm(15954): GC_FOR_ALLOC freed 3581K, 46% free 9486K/17536K, paused 4ms, total 4ms
02-03 12:44:50.511 D/dalvikvm(15954): GC_FOR_ALLOC freed 4205K, 48% free 9250K/17536K, paused 4ms, total 4ms
02-03 12:44:50.521 D/dalvikvm(15954): GC_CONCURRENT freed 3149K, 44% free 9974K/17536K, paused 0ms+1ms, total 5ms
02-03 12:44:50.521 D/dalvikvm(15954): WAIT_FOR_CONCURRENT_GC blocked 2ms
02-03 12:44:50.521 D/dalvikvm(15954): GC_CONCURRENT freed 4494K, 46% free 9498K/17536K, paused 0ms+1ms, total 4ms
02-03 12:44:50.521 D/dalvikvm(15954): WAIT_FOR_CONCURRENT_GC blocked 3ms
02-03 12:44:50.531 D/dalvikvm(15954): GC_CONCURRENT freed 4287K, 48% free 9257K/17536K, paused 1ms+1ms, total 5ms
02-03 12:44:50.531 D/dalvikvm(15954): WAIT_FOR_CONCURRENT_GC blocked 4ms
02-03 12:44:50.541 D/dalvikvm(15954): GC_FOR_ALLOC freed 4070K, 48% free 9136K/17536K, paused 4ms, total 4ms
02-03 12:44:50.551 D/dalvikvm(15954): GC_FOR_ALLOC freed 3722K, 46% free 9510K/17536K, paused 4ms, total 4ms
02-03 12:44:50.551 D/dalvikvm(15954): GC_CONCURRENT freed 2998K, 42% free 10258K/17536K, paused 1ms+1ms, total 5ms
02-03 12:44:50.561 D/dalvikvm(15954): GC_FOR_ALLOC freed 4893K, 48% free 9262K/17536K, paused 4ms, total 4ms
02-03 12:44:50.571 D/dalvikvm(15954): GC_CONCURRENT freed 3917K, 47% free 9391K/17536K, paused 1ms+1ms, total 5ms
02-03 12:44:50.571 D/dalvikvm(15954): WAIT_FOR_CONCURRENT_GC blocked 4ms
02-03 12:44:50.571 D/dalvikvm(15954): GC_FOR_ALLOC freed 4065K, 48% free 9266K/17536K, paused 4ms, total 4ms
02-03 12:44:50.581 D/dalvikvm(15954): GC_CONCURRENT freed 3963K, 47% free 9397K/17536K, paused 1ms+1ms, total 5ms
02-03 12:44:50.581 D/dalvikvm(15954): WAIT_FOR_CONCURRENT_GC blocked 4ms
02-03 12:44:50.591 D/dalvikvm(15954): GC_FOR_ALLOC freed 4113K, 48% free 9271K/17536K, paused 4ms, total 4ms
02-03 12:44:50.591 D/dalvikvm(15954): GC_CONCURRENT freed 2590K, 40% free 10561K/17536K, paused 1ms+1ms, total 6ms
02-03 12:44:50.601 D/dalvikvm(15954): GC_FOR_ALLOC freed 5319K, 48% free 9145K/17536K, paused 4ms, total 4ms
02-03 12:44:50.611 D/dalvikvm(15954): GC_FOR_ALLOC freed 3922K, 48% free 9277K/17536K, paused 4ms, total 4ms
02-03 12:44:50.611 D/dalvikvm(15954): GC_CONCURRENT freed 3026K, 42% free 10196K/17536K, paused 1ms+1ms, total 6ms
02-03 12:44:50.621 D/dalvikvm(15954): GC_CONCURRENT freed 4751K, 47% free 9415K/17536K, paused 0ms+1ms, total 4ms
02-03 12:44:50.621 D/dalvikvm(15954): WAIT_FOR_CONCURRENT_GC blocked 3ms
02-03 12:44:50.631 D/dalvikvm(15954): GC_FOR_ALLOC freed 3986K, 48% free 9151K/17536K, paused 4ms, total 4ms
02-03 12:44:50.631 D/dalvikvm(15954): GC_FOR_ALLOC freed 3740K, 48% free 9152K/17536K, paused 4ms, total 4ms
02-03 12:44:50.641 D/dalvikvm(15954): GC_FOR_ALLOC freed 3758K, 48% free 9154K/17536K, paused 4ms, total 4ms
02-03 12:44:50.641 D/dalvikvm(15954): GC_FOR_ALLOC freed 3778K, 48% free 9155K/17536K, paused 4ms, total 4ms
02-03 12:44:50.651 D/dalvikvm(15954): GC_FOR_ALLOC freed 3797K, 48% free 9157K/17536K, paused 3ms, total 4ms
02-03 12:44:50.661 D/dalvikvm(15954): GC_FOR_ALLOC freed 3816K, 48% free 9158K/17536K, paused 4ms, total 4ms
02-03 12:44:50.661 D/dalvikvm(15954): GC_FOR_ALLOC freed 3835K, 48% free 9159K/17536K, paused 4ms, total 4ms
02-03 12:44:50.671 D/dalvikvm(15954): GC_FOR_ALLOC freed 3853K, 48% free 9161K/17536K, paused 4ms, total 4ms
02-03 12:44:50.681 D/dalvikvm(15954): GC_FOR_ALLOC freed 3872K, 48% free 9162K/17536K, paused 4ms, total 5ms
02-03 12:44:50.681 D/dalvikvm(15954): GC_FOR_ALLOC freed 3891K, 48% free 9163K/17536K, paused 4ms, total 4ms
02-03 12:44:50.691 D/dalvikvm(15954): GC_FOR_ALLOC freed 3910K, 48% free 9165K/17536K, paused 4ms, total 4ms
02-03 12:44:50.701 D/dalvikvm(15954): GC_FOR_ALLOC freed 3929K, 48% free 9166K/17536K, paused 4ms, total 4ms
02-03 12:44:50.701 D/dalvikvm(15954): GC_FOR_ALLOC freed 3947K, 48% free 9167K/17536K, paused 4ms, total 4ms
02-03 12:44:50.711 D/dalvikvm(15954): GC_FOR_ALLOC freed 3966K, 48% free 9169K/17536K, paused 4ms, total 4ms
02-03 12:44:50.721 D/dalvikvm(15954): GC_CONCURRENT freed 3560K, 46% free 9595K/17536K, paused 1ms+1ms, total 6ms
02-03 12:44:50.721 D/dalvikvm(15954): WAIT_FOR_CONCURRENT_GC blocked 2ms
02-03 12:44:50.721 D/dalvikvm(15954): GC_CONCURRENT freed 4143K, 47% free 9457K/17536K, paused 1ms+1ms, total 5ms
02-03 12:44:50.721 D/dalvikvm(15954): WAIT_FOR_CONCURRENT_GC blocked 4ms
02-03 12:44:50.731 D/dalvikvm(15954): GC_CONCURRENT freed 4021K, 47% free 9460K/17536K, paused 0ms+1ms, total 4ms
02-03 12:44:50.731 D/dalvikvm(15954): WAIT_FOR_CONCURRENT_GC blocked 3ms
02-03 12:44:50.741 D/dalvikvm(15954): GC_CONCURRENT freed 4040K, 47% free 9463K/17536K, paused 0ms+1ms, total 5ms
02-03 12:44:50.741 D/dalvikvm(15954): WAIT_FOR_CONCURRENT_GC blocked 4ms
02-03 12:44:50.751 D/dalvikvm(15954): GC_CONCURRENT freed 4059K, 47% free 9465K/17536K, paused 0ms+1ms, total 4ms
02-03 12:44:50.751 D/dalvikvm(15954): WAIT_FOR_CONCURRENT_GC blocked 4ms
02-03 12:44:50.751 D/dalvikvm(15954): GC_CONCURRENT freed 4078K, 47% free 9468K/17536K, paused 1ms+1ms, total 5ms
02-03 12:44:50.751 D/dalvikvm(15954): WAIT_FOR_CONCURRENT_GC blocked 3ms
02-03 12:44:50.761 D/dalvikvm(15954): GC_FOR_ALLOC freed 3656K, 46% free 9616K/17536K, paused 4ms, total 4ms
02-03 12:44:50.771 D/dalvikvm(15954): GC_FOR_ALLOC freed 4113K, 47% free 9326K/17536K, paused 4ms, total 4ms
02-03 12:44:50.771 D/dalvikvm(15954): GC_FOR_ALLOC freed 3837K, 48% free 9180K/17536K, paused 4ms, total 4ms
02-03 12:44:50.781 D/dalvikvm(15954): GC_FOR_ALLOC freed 3407K, 46% free 9626K/17536K, paused 4ms, total 4ms
02-03 12:44:50.791 D/dalvikvm(15954): GC_FOR_ALLOC freed 4165K, 47% free 9331K/17536K, paused 4ms, total 4ms
02-03 12:44:50.791 D/dalvikvm(15954): GC_FOR_ALLOC freed 3885K, 48% free 9184K/17536K, paused 4ms, total 4ms
02-03 12:44:50.801 D/dalvikvm(15954): GC_FOR_ALLOC freed 3449K, 46% free 9635K/17536K, paused 4ms, total 4ms
02-03 12:44:50.811 D/dalvikvm(15954): GC_FOR_ALLOC freed 4217K, 47% free 9337K/17536K, paused 4ms, total 4ms
02-03 12:44:50.811 D/dalvikvm(15954): GC_FOR_ALLOC freed 3933K, 48% free 9188K/17536K, paused 4ms, total 4ms
02-03 12:44:50.821 D/dalvikvm(15954): GC_FOR_ALLOC freed 3492K, 46% free 9644K/17536K, paused 4ms, total 4ms
02-03 12:44:50.831 D/dalvikvm(15954): GC_FOR_ALLOC freed 4269K, 47% free 9342K/17536K, paused 4ms, total 4ms
02-03 12:44:50.831 D/dalvikvm(15954): GC_FOR_ALLOC freed 3981K, 48% free 9192K/17536K, paused 4ms, total 4ms
02-03 12:44:50.841 D/dalvikvm(15954): GC_FOR_ALLOC freed 3534K, 45% free 9653K/17536K, paused 4ms, total 4ms
02-03 12:44:50.841 D/dalvikvm(15954): GC_CONCURRENT freed 3244K, 41% free 10424K/17536K, paused 1ms+1ms, total 5ms
02-03 12:44:50.841 D/dalvikvm(15954): WAIT_FOR_CONCURRENT_GC blocked 2ms
02-03 12:44:50.851 D/dalvikvm(15954): GC_FOR_ALLOC freed 5105K, 48% free 9195K/17536K, paused 4ms, total 4ms
02-03 12:44:50.861 D/dalvikvm(15954): GC_CONCURRENT freed 3577K, 45% free 9662K/17536K, paused 1ms+1ms, total 5ms
02-03 12:44:50.861 D/dalvikvm(15954): WAIT_FOR_CONCURRENT_GC blocked 4ms
02-03 12:44:50.871 D/dalvikvm(15954): GC_CONCURRENT freed 4372K, 47% free 9354K/17536K, paused 0ms+1ms, total 4ms
02-03 12:44:50.871 D/dalvikvm(15954): WAIT_FOR_CONCURRENT_GC blocked 3ms
02-03 12:44:50.871 D/dalvikvm(15954): GC_FOR_ALLOC freed 4077K, 48% free 9199K/17536K, paused 4ms, total 4ms
02-03 12:44:50.881 D/dalvikvm(15954): GC_FOR_ALLOC freed 3619K, 45% free 9672K/17536K, paused 4ms, total 4ms
02-03 12:44:50.881 D/dalvikvm(15954): GC_CONCURRENT freed 3005K, 42% free 10304K/17536K, paused 1ms+1ms, total 5ms
02-03 12:44:50.881 D/dalvikvm(15954): WAIT_FOR_CONCURRENT_GC blocked 1ms
02-03 12:44:50.891 D/dalvikvm(15954): GC_FOR_ALLOC freed 4749K, 47% free 9360K/17536K, paused 4ms, total 4ms
02-03 12:44:50.901 D/dalvikvm(15954): GC_CONCURRENT freed 3820K, 46% free 9522K/17536K, paused 0ms+1ms, total 4ms
02-03 12:44:50.901 D/dalvikvm(15954): WAIT_FOR_CONCURRENT_GC blocked 3ms
02-03 12:44:50.911 D/dalvikvm(15954): GC_FOR_ALLOC freed 3992K, 47% free 9364K/17536K, paused 4ms, total 4ms
02-03 12:44:50.911 D/dalvikvm(15954): GC_CONCURRENT freed 3850K, 46% free 9527K/17536K, paused 1ms+1ms, total 5ms
02-03 12:44:50.911 D/dalvikvm(15954): WAIT_FOR_CONCURRENT_GC blocked 4ms
02-03 12:44:50.921 D/dalvikvm(15954): GC_FOR_ALLOC freed 4023K, 47% free 9368K/17536K, paused 5ms, total 5ms
02-03 12:44:50.931 D/dalvikvm(15954): GC_CONCURRENT freed 3878K, 46% free 9532K/17536K, paused 2ms+1ms, total 8ms
02-03 12:44:50.931 D/dalvikvm(15954): WAIT_FOR_CONCURRENT_GC blocked 5ms
02-03 12:44:50.941 D/dalvikvm(15954): GC_FOR_ALLOC freed 4053K, 47% free 9371K/17536K, paused 8ms, total 9ms
02-03 12:44:50.961 D/dalvikvm(15954): GC_CONCURRENT freed 3907K, 46% free 9537K/17536K, paused 2ms+0ms, total 8ms
02-03 12:44:50.961 D/dalvikvm(15954): WAIT_FOR_CONCURRENT_GC blocked 4ms
02-03 12:44:50.971 W/BindingManager(18937): Cannot call determinedVisibility() - never saw a connection for the pid: 18937
02-03 12:44:50.981 D/dalvikvm(15954): GC_FOR_ALLOC freed 4084K, 47% free 9375K/17536K, paused 7ms, total 7ms
02-03 12:44:50.991 D/dalvikvm(15954): GC_FOR_ALLOC freed 3444K, 45% free 9705K/17536K, paused 6ms, total 6ms
02-03 12:44:51.001 D/dalvikvm(15954): GC_FOR_ALLOC freed 4281K, 48% free 9215K/17536K, paused 7ms, total 7ms
02-03 12:44:51.011 D/dalvikvm(15954): GC_FOR_ALLOC freed 3801K, 47% free 9380K/17536K, paused 5ms, total 5ms
02-03 12:44:51.021 D/dalvikvm(15954): GC_FOR_ALLOC freed 3481K, 45% free 9713K/17536K, paused 5ms, total 5ms
02-03 12:44:51.031 D/dalvikvm(15954): GC_FOR_ALLOC freed 4323K, 48% free 9218K/17536K, paused 4ms, total 4ms
02-03 12:44:51.041 D/dalvikvm(15954): GC_CONCURRENT freed 3835K, 47% free 9385K/17536K, paused 0ms+1ms, total 4ms
02-03 12:44:51.041 D/dalvikvm(15954): WAIT_FOR_CONCURRENT_GC blocked 5ms
02-03 12:44:51.041 D/dalvikvm(15954): GC_FOR_ALLOC freed 3513K, 45% free 9721K/17536K, paused 4ms, total 4ms
02-03 12:44:51.051 D/dalvikvm(15954): GC_FOR_ALLOC freed 4362K, 48% free 9221K/17536K, paused 4ms, total 4ms
02-03 12:44:51.061 D/dalvikvm(15954): GC_CONCURRENT freed 3870K, 47% free 9390K/17536K, paused 0ms+1ms, total 4ms
02-03 12:44:51.061 D/dalvikvm(15954): WAIT_FOR_CONCURRENT_GC blocked 3ms
02-03 12:44:51.061 D/dalvikvm(15954): GC_FOR_ALLOC freed 3544K, 45% free 9728K/17536K, paused 4ms, total 4ms
02-03 12:44:51.071 D/dalvikvm(15954): GC_FOR_ALLOC freed 4404K, 48% free 9224K/17536K, paused 4ms, total 4ms
02-03 12:44:51.081 D/dalvikvm(15954): GC_CONCURRENT freed 3713K, 46% free 9573K/17536K, paused 1ms+1ms, total 5ms
02-03 12:44:51.081 D/dalvikvm(15954): WAIT_FOR_CONCURRENT_GC blocked 4ms
02-03 12:44:51.091 D/dalvikvm(15954): GC_FOR_ALLOC freed 3692K, 45% free 9785K/17536K, paused 4ms, total 4ms
02-03 12:44:51.101 D/dalvikvm(15954): GC_FOR_ALLOC freed 3773K, 45% free 9785K/17536K, paused 5ms, total 5ms
02-03 12:44:51.111 D/dalvikvm(15954): GC_CONCURRENT freed 2014K, 34% free 11744K/17536K, paused 0ms+1ms, total 5ms
02-03 12:44:51.181 D/dalvikvm(15954): GC_CONCURRENT freed 6861K, 49% free 8975K/17536K, paused 0ms+1ms, total 6ms
02-03 12:44:51.181 D/dalvikvm(15954): WAIT_FOR_CONCURRENT_GC blocked 5ms
02-03 12:44:51.191 D/dalvikvm(15954): GC_CONCURRENT freed 4085K, 49% free 8952K/17536K, paused 1ms+0ms, total 5ms
02-03 12:44:51.191 D/dalvikvm(15954): WAIT_FOR_CONCURRENT_GC blocked 4ms
02-03 12:44:51.201 D/dalvikvm(15954): GC_CONCURRENT freed 4031K, 49% free 9006K/17536K, paused 1ms+0ms, total 5ms
02-03 12:44:51.201 D/dalvikvm(15954): WAIT_FOR_CONCURRENT_GC blocked 4ms
02-03 12:44:51.211 D/dalvikvm(15954): GC_CONCURRENT freed 4053K, 49% free 9018K/17536K, paused 1ms+0ms, total 5ms
02-03 12:44:51.211 D/dalvikvm(15954): WAIT_FOR_CONCURRENT_GC blocked 4ms
02-03 12:44:51.221 D/dalvikvm(15954): GC_CONCURRENT freed 4060K, 49% free 9006K/17536K, paused 1ms+1ms, total 5ms
02-03 12:44:51.221 D/dalvikvm(15954): WAIT_FOR_CONCURRENT_GC blocked 4ms
02-03 12:44:51.231 D/dalvikvm(15954): GC_CONCURRENT freed 4119K, 49% free 8978K/17536K, paused 0ms+1ms, total 4ms
02-03 12:44:51.231 D/dalvikvm(15954): WAIT_FOR_CONCURRENT_GC blocked 4ms
02-03 12:44:51.231 D/dalvikvm(15954): GC_CONCURRENT freed 4004K, 49% free 9049K/17536K, paused 0ms+1ms, total 4ms
02-03 12:44:51.231 D/dalvikvm(15954): WAIT_FOR_CONCURRENT_GC blocked 4ms
02-03 12:44:51.241 D/dalvikvm(15954): GC_FOR_ALLOC freed 4104K, 49% free 9013K/17536K, paused 4ms, total 4ms
02-03 12:44:51.251 D/dalvikvm(15954): GC_CONCURRENT freed 3783K, 48% free 9271K/17536K, paused 1ms+0ms, total 6ms
02-03 12:44:51.251 D/dalvikvm(15954): WAIT_FOR_CONCURRENT_GC blocked 2ms
02-03 12:44:51.261 D/dalvikvm(15954): GC_CONCURRENT freed 4214K, 49% free 9057K/17536K, paused 0ms+1ms, total 5ms
02-03 12:44:51.261 D/dalvikvm(15954): WAIT_FOR_CONCURRENT_GC blocked 4ms
02-03 12:44:51.261 D/dalvikvm(15954): GC_FOR_ALLOC freed 4001K, 49% free 9103K/17536K, paused 4ms, total 4ms
02-03 12:44:51.271 D/dalvikvm(15954): GC_CONCURRENT freed 3715K, 47% free 9409K/17536K, paused 1ms+1ms, total 6ms
02-03 12:44:51.271 D/dalvikvm(15954): WAIT_FOR_CONCURRENT_GC blocked 1ms
02-03 12:44:51.281 D/dalvikvm(15954): GC_FOR_ALLOC freed 4398K, 49% free 8975K/17536K, paused 4ms, total 4ms
02-03 12:44:51.281 D/dalvikvm(15954): GC_CONCURRENT freed 3922K, 49% free 9107K/17536K, paused 1ms+1ms, total 5ms
02-03 12:44:51.281 D/dalvikvm(15954): WAIT_FOR_CONCURRENT_GC blocked 4ms
02-03 12:44:51.291 D/dalvikvm(15954): GC_FOR_ALLOC freed 4018K, 48% free 9159K/17536K, paused 4ms, total 4ms
02-03 12:44:51.301 D/dalvikvm(15954): GC_CONCURRENT freed 3859K, 47% free 9360K/17536K, paused 1ms+1ms, total 6ms
02-03 12:44:51.301 D/dalvikvm(15954): WAIT_FOR_CONCURRENT_GC blocked 1ms
02-03 12:44:51.311 D/dalvikvm(15954): GC_CONCURRENT freed 4325K, 48% free 9119K/17536K, paused 1ms+1ms, total 5ms
02-03 12:44:51.311 D/dalvikvm(15954): WAIT_FOR_CONCURRENT_GC blocked 4ms
02-03 12:44:51.311 D/dalvikvm(15954): GC_FOR_ALLOC freed 4041K, 49% free 9066K/17536K, paused 4ms, total 4ms
02-03 12:44:51.321 D/dalvikvm(15954): GC_CONCURRENT freed 3656K, 47% free 9455K/17536K, paused 1ms+1ms, total 6ms
02-03 12:44:51.321 D/dalvikvm(15954): WAIT_FOR_CONCURRENT_GC blocked 1ms
02-03 12:44:51.331 D/dalvikvm(15954): GC_FOR_ALLOC freed 4311K, 48% free 9183K/17536K, paused 4ms, total 4ms
02-03 12:44:51.331 D/dalvikvm(15954): GC_CONCURRENT freed 3849K, 47% free 9359K/17536K, paused 1ms+1ms, total 6ms
02-03 12:44:51.331 D/dalvikvm(15954): WAIT_FOR_CONCURRENT_GC blocked 2ms
02-03 12:44:51.341 D/dalvikvm(15954): GC_FOR_ALLOC freed 4414K, 49% free 9007K/17536K, paused 4ms, total 4ms
02-03 12:44:51.341 D/dalvikvm(15954): GC_CONCURRENT freed 3849K, 48% free 9251K/17536K, paused 1ms+1ms, total 6ms
02-03 12:44:51.341 D/dalvikvm(15954): WAIT_FOR_CONCURRENT_GC blocked 1ms
02-03 12:44:51.351 D/dalvikvm(15954): GC_FOR_ALLOC freed 4178K, 49% free 9100K/17536K, paused 4ms, total 4ms
02-03 12:44:51.361 D/dalvikvm(15954): GC_CONCURRENT freed 3761K, 47% free 9418K/17536K, paused 1ms+1ms, total 6ms
02-03 12:44:51.361 D/dalvikvm(15954): WAIT_FOR_CONCURRENT_GC blocked 1ms
02-03 12:44:51.361 D/dalvikvm(15954): GC_FOR_ALLOC freed 4350K, 49% free 9034K/17536K, paused 4ms, total 4ms
02-03 12:44:51.371 D/dalvikvm(15954): GC_FOR_ALLOC freed 3906K, 49% free 9100K/17536K, paused 4ms, total 4ms
02-03 12:44:51.381 D/dalvikvm(15954): GC_CONCURRENT freed 3502K, 46% free 9575K/17536K, paused 1ms+1ms, total 6ms
02-03 12:44:51.381 D/dalvikvm(15954): WAIT_FOR_CONCURRENT_GC blocked 1ms
02-03 12:44:51.391 D/dalvikvm(15954): GC_CONCURRENT freed 4453K, 48% free 9174K/17536K, paused 1ms+0ms, total 5ms
02-03 12:44:51.391 D/dalvikvm(15954): WAIT_FOR_CONCURRENT_GC blocked 4ms
02-03 12:44:51.391 D/dalvikvm(15954): GC_CONCURRENT freed 3973K, 48% free 9179K/17536K, paused 0ms+1ms, total 4ms
02-03 12:44:51.391 D/dalvikvm(15954): WAIT_FOR_CONCURRENT_GC blocked 4ms
02-03 12:44:51.401 D/dalvikvm(15954): GC_CONCURRENT freed 4040K, 48% free 9184K/17536K, paused 1ms+1ms, total 5ms
02-03 12:44:51.401 D/dalvikvm(15954): WAIT_FOR_CONCURRENT_GC blocked 4ms
02-03 12:44:51.411 D/dalvikvm(15954): GC_FOR_ALLOC freed 3889K, 48% free 9257K/17536K, paused 4ms, total 4ms
02-03 12:44:51.411 D/dalvikvm(15954): GC_FOR_ALLOC freed 4175K, 49% free 9109K/17536K, paused 4ms, total 4ms
02-03 12:44:51.421 D/dalvikvm(15954): GC_CONCURRENT freed 3716K, 47% free 9407K/17536K, paused 0ms+0ms, total 6ms
02-03 12:44:51.421 D/dalvikvm(15954): WAIT_FOR_CONCURRENT_GC blocked 2ms
02-03 12:44:51.431 D/dalvikvm(15954): GC_FOR_ALLOC freed 4293K, 48% free 9140K/17536K, paused 4ms, total 4ms
02-03 12:44:51.431 D/dalvikvm(15954): GC_CONCURRENT freed 3433K, 45% free 9680K/17536K, paused 0ms+1ms, total 6ms
02-03 12:44:51.431 D/dalvikvm(15954): WAIT_FOR_CONCURRENT_GC blocked 2ms
02-03 12:44:51.441 D/dalvikvm(15954): GC_CONCURRENT freed 4489K, 48% free 9222K/17536K, paused 0ms+1ms, total 4ms
02-03 12:44:51.441 D/dalvikvm(15954): WAIT_FOR_CONCURRENT_GC blocked 4ms
02-03 12:44:51.451 D/dalvikvm(15954): GC_FOR_ALLOC freed 4086K, 49% free 9062K/17536K, paused 4ms, total 4ms
02-03 12:44:51.451 D/dalvikvm(15954): GC_CONCURRENT freed 3815K, 48% free 9227K/17536K, paused 0ms+1ms, total 4ms
02-03 12:44:51.461 D/dalvikvm(15954): WAIT_FOR_CONCURRENT_GC blocked 5ms
02-03 12:44:51.461 D/dalvikvm(15954): GC_CONCURRENT freed 4030K, 48% free 9231K/17536K, paused 1ms+1ms, total 5ms
02-03 12:44:51.461 D/dalvikvm(15954): WAIT_FOR_CONCURRENT_GC blocked 4ms
02-03 12:44:51.471 D/dalvikvm(15954): GC_CONCURRENT freed 4084K, 48% free 9236K/17536K, paused 0ms+1ms, total 4ms
02-03 12:44:51.471 D/dalvikvm(15954): WAIT_FOR_CONCURRENT_GC blocked 5ms
02-03 12:44:51.481 D/dalvikvm(15954): GC_FOR_ALLOC freed 3886K, 47% free 9320K/17536K, paused 4ms, total 4ms
02-03 12:44:51.481 D/dalvikvm(15954): GC_CONCURRENT freed 3597K, 45% free 9742K/17536K, paused 1ms+1ms, total 6ms
02-03 12:44:51.481 D/dalvikvm(15954): WAIT_FOR_CONCURRENT_GC blocked 1ms
02-03 12:44:51.491 D/dalvikvm(15954): GC_CONCURRENT freed 4482K, 48% free 9240K/17536K, paused 1ms+1ms, total 5ms
02-03 12:44:51.491 D/dalvikvm(15954): WAIT_FOR_CONCURRENT_GC blocked 4ms
02-03 12:44:51.501 D/dalvikvm(15954): GC_FOR_ALLOC freed 4024K, 48% free 9151K/17536K, paused 4ms, total 4ms
02-03 12:44:51.511 D/dalvikvm(15954): GC_CONCURRENT freed 3981K, 48% free 9240K/17536K, paused 1ms+1ms, total 6ms
02-03 12:44:51.511 D/dalvikvm(15954): WAIT_FOR_CONCURRENT_GC blocked 5ms
02-03 12:44:51.521 D/dalvikvm(15954): GC_CONCURRENT freed 4112K, 48% free 9150K/17536K, paused 1ms+1ms, total 11ms
02-03 12:44:51.521 D/dalvikvm(15954): WAIT_FOR_CONCURRENT_GC blocked 9ms
02-03 12:44:51.531 D/dalvikvm(15954): GC_FOR_ALLOC freed 3796K, 47% free 9361K/17536K, paused 6ms, total 8ms
02-03 12:44:51.551 D/dalvikvm(15954): GC_CONCURRENT freed 3658K, 45% free 9722K/17536K, paused 5ms+0ms, total 14ms
02-03 12:44:51.551 D/dalvikvm(15954): WAIT_FOR_CONCURRENT_GC blocked 3ms
02-03 12:44:51.551 D/dalvikvm(15954): GC_FOR_ALLOC freed 4509K, 49% free 9086K/17536K, paused 5ms, total 5ms
02-03 12:44:51.561 D/dalvikvm(15954): GC_FOR_ALLOC freed 3913K, 49% free 9084K/17536K, paused 5ms, total 5ms
02-03 12:44:51.571 W/BindingManager(18937): Cannot call determinedVisibility() - never saw a connection for the pid: 18937
02-03 12:44:51.571 D/dalvikvm(15954): GC_FOR_ALLOC freed 3951K, 49% free 9081K/17536K, paused 8ms, total 8ms
02-03 12:44:51.591 D/dalvikvm(15954): GC_CONCURRENT freed 3792K, 26% free 13105K/17536K, paused 1ms+1ms, total 13ms
02-03 12:44:51.591 D/dalvikvm(15954): WAIT_FOR_CONCURRENT_GC blocked 1ms
02-03 12:44:51.591 I/chromium(18937): [INFO:CONSOLE(56)] "Uncaught ReferenceError: SharedWorker is not defined", source: app://org.xwalk.webapi_noneservice_tests//opt/tct-workers-w3c-tests/workers/SharedWorkerException.html (56)
02-03 12:44:51.601 D/dalvikvm(15954): GC_FOR_ALLOC freed 6436K, 48% free 9178K/17536K, paused 4ms, total 4ms
02-03 12:44:51.611 D/dalvikvm(15954): GC_CONCURRENT freed 4084K, 48% free 9177K/17536K, paused 1ms+1ms, total 6ms
02-03 12:44:51.611 D/dalvikvm(15954): WAIT_FOR_CONCURRENT_GC blocked 2ms
02-03 12:44:51.621 D/dalvikvm(15954): GC_FOR_ALLOC freed 3926K, 49% free 9078K/17536K, paused 6ms, total 6ms
02-03 12:44:51.631 D/dalvikvm(15954): GC_FOR_ALLOC freed 3657K, 47% free 9376K/17536K, paused 5ms, total 5ms
02-03 12:44:51.641 D/dalvikvm(15954): GC_CONCURRENT freed 4190K, 48% free 9209K/17536K, paused 1ms+1ms, total 5ms
02-03 12:44:51.641 D/dalvikvm(15954): WAIT_FOR_CONCURRENT_GC blocked 4ms
02-03 12:44:51.641 D/dalvikvm(15954): GC_FOR_ALLOC freed 4027K, 49% free 9107K/17536K, paused 5ms, total 5ms
02-03 12:44:51.651 D/dalvikvm(15954): GC_FOR_ALLOC freed 3751K, 47% free 9412K/17536K, paused 4ms, total 4ms
02-03 12:44:51.661 D/dalvikvm(15954): GC_CONCURRENT freed 3172K, 43% free 10028K/17536K, paused 0ms+1ms, total 5ms
02-03 12:44:51.661 D/dalvikvm(15954): GC_FOR_ALLOC freed 4736K, 48% free 9210K/17536K, paused 4ms, total 4ms
02-03 12:44:51.671 D/dalvikvm(15954): GC_CONCURRENT freed 3950K, 47% free 9318K/17536K, paused 0ms+1ms, total 5ms
02-03 12:44:51.671 D/dalvikvm(15954): WAIT_FOR_CONCURRENT_GC blocked 5ms
02-03 12:44:51.681 D/dalvikvm(15954): GC_FOR_ALLOC freed 4091K, 48% free 9212K/17536K, paused 4ms, total 4ms
02-03 12:44:51.681 D/dalvikvm(15954): GC_CONCURRENT freed 2962K, 43% free 10161K/17536K, paused 1ms+0ms, total 6ms
02-03 12:44:51.681 D/dalvikvm(15954): WAIT_FOR_CONCURRENT_GC blocked 2ms
02-03 12:44:51.691 D/dalvikvm(15954): GC_FOR_ALLOC freed 4998K, 49% free 9106K/17536K, paused 4ms, total 4ms
02-03 12:44:51.701 D/dalvikvm(15954): GC_FOR_ALLOC freed 3969K, 48% free 9215K/17536K, paused 4ms, total 4ms
02-03 12:44:51.701 D/dalvikvm(15954): GC_CONCURRENT freed 3244K, 44% free 9970K/17536K, paused 1ms+1ms, total 6ms
02-03 12:44:51.701 D/dalvikvm(15954): WAIT_FOR_CONCURRENT_GC blocked 2ms
02-03 12:44:51.711 D/dalvikvm(15954): GC_CONCURRENT freed 4673K, 47% free 9329K/17536K, paused 1ms+0ms, total 5ms
02-03 12:44:51.711 D/dalvikvm(15954): WAIT_FOR_CONCURRENT_GC blocked 4ms
02-03 12:44:51.721 D/dalvikvm(15954): GC_FOR_ALLOC freed 4059K, 49% free 9109K/17536K, paused 4ms, total 4ms
02-03 12:44:51.721 D/dalvikvm(15954): GC_FOR_ALLOC freed 3863K, 49% free 9110K/17536K, paused 4ms, total 4ms
02-03 12:44:51.731 D/dalvikvm(15954): GC_FOR_ALLOC freed 3889K, 49% free 9112K/17536K, paused 4ms, total 4ms
02-03 12:44:51.741 D/dalvikvm(15954): GC_FOR_ALLOC freed 3916K, 49% free 9113K/17536K, paused 4ms, total 4ms
02-03 12:44:51.741 D/dalvikvm(15954): GC_FOR_ALLOC freed 3942K, 49% free 9115K/17536K, paused 4ms, total 4ms
02-03 12:44:51.751 D/dalvikvm(15954): GC_FOR_ALLOC freed 3968K, 49% free 9116K/17536K, paused 4ms, total 4ms
02-03 12:44:51.761 D/dalvikvm(15954): GC_CONCURRENT freed 3653K, 47% free 9458K/17536K, paused 0ms+1ms, total 6ms
02-03 12:44:51.761 D/dalvikvm(15954): WAIT_FOR_CONCURRENT_GC blocked 2ms
02-03 12:44:51.761 D/dalvikvm(15954): GC_CONCURRENT freed 4131K, 47% free 9349K/17536K, paused 0ms+1ms, total 4ms
02-03 12:44:51.761 D/dalvikvm(15954): WAIT_FOR_CONCURRENT_GC blocked 4ms
02-03 12:44:51.771 D/dalvikvm(15954): GC_CONCURRENT freed 4045K, 47% free 9352K/17536K, paused 1ms+1ms, total 5ms
02-03 12:44:51.771 D/dalvikvm(15954): WAIT_FOR_CONCURRENT_GC blocked 4ms
02-03 12:44:51.781 D/dalvikvm(15954): GC_CONCURRENT freed 4072K, 47% free 9355K/17536K, paused 1ms+1ms, total 5ms
02-03 12:44:51.781 D/dalvikvm(15954): WAIT_FOR_CONCURRENT_GC blocked 4ms
02-03 12:44:51.791 D/dalvikvm(15954): GC_FOR_ALLOC freed 3748K, 46% free 9475K/17536K, paused 4ms, total 4ms
02-03 12:44:51.791 D/dalvikvm(15954): GC_FOR_ALLOC freed 4129K, 48% free 9243K/17536K, paused 4ms, total 4ms
02-03 12:44:51.801 D/dalvikvm(15954): GC_FOR_ALLOC freed 3920K, 48% free 9127K/17536K, paused 4ms, total 4ms
02-03 12:44:51.811 D/dalvikvm(15954): GC_FOR_ALLOC freed 3586K, 46% free 9487K/17536K, paused 4ms, total 4ms
02-03 12:44:51.811 D/dalvikvm(15954): GC_FOR_ALLOC freed 4211K, 48% free 9250K/17536K, paused 4ms, total 4ms
02-03 12:44:51.821 D/dalvikvm(15954): GC_CONCURRENT freed 3395K, 45% free 9734K/17536K, paused 1ms+1ms, total 6ms
02-03 12:44:51.821 D/dalvikvm(15954): WAIT_FOR_CONCURRENT_GC blocked 2ms
02-03 12:44:51.831 D/dalvikvm(15954): GC_FOR_ALLOC freed 4258K, 46% free 9499K/17536K, paused 4ms, total 4ms
02-03 12:44:51.831 D/dalvikvm(15954): GC_CONCURRENT freed 3439K, 43% free 10111K/17536K, paused 1ms+1ms, total 6ms
02-03 12:44:51.831 D/dalvikvm(15954): WAIT_FOR_CONCURRENT_GC blocked 2ms
02-03 12:44:51.841 D/dalvikvm(15954): GC_FOR_ALLOC freed 4929K, 48% free 9136K/17536K, paused 4ms, total 4ms
02-03 12:44:51.841 D/dalvikvm(15954): GC_FOR_ALLOC freed 3727K, 48% free 9262K/17536K, paused 4ms, total 4ms
02-03 12:44:51.851 D/dalvikvm(15954): GC_CONCURRENT freed 4125K, 48% free 9139K/17536K, paused 1ms+1ms, total 5ms
02-03 12:44:51.851 D/dalvikvm(15954): WAIT_FOR_CONCURRENT_GC blocked 4ms
02-03 12:44:51.861 D/dalvikvm(15954): GC_FOR_ALLOC freed 3772K, 48% free 9266K/17536K, paused 4ms, total 4ms
02-03 12:44:51.871 D/dalvikvm(15954): GC_CONCURRENT freed 3922K, 47% free 9396K/17536K, paused 0ms+1ms, total 4ms
02-03 12:44:51.871 D/dalvikvm(15954): WAIT_FOR_CONCURRENT_GC blocked 4ms
02-03 12:44:51.871 D/dalvikvm(15954): GC_FOR_ALLOC freed 4071K, 48% free 9271K/17536K, paused 4ms, total 4ms
02-03 12:44:51.881 D/dalvikvm(15954): GC_FOR_ALLOC freed 3582K, 46% free 9529K/17536K, paused 3ms, total 4ms
02-03 12:44:51.891 D/dalvikvm(15954): GC_FOR_ALLOC freed 4246K, 48% free 9147K/17536K, paused 4ms, total 4ms
02-03 12:44:51.891 D/dalvikvm(15954): GC_FOR_ALLOC freed 3882K, 48% free 9277K/17536K, paused 4ms, total 4ms
02-03 12:44:51.901 D/dalvikvm(15954): GC_CONCURRENT freed 2995K, 42% free 10187K/17536K, paused 1ms+1ms, total 6ms
02-03 12:44:51.901 D/dalvikvm(15954): WAIT_FOR_CONCURRENT_GC blocked 2ms
02-03 12:44:51.911 D/dalvikvm(15954): GC_FOR_ALLOC freed 4965K, 48% free 9151K/17536K, paused 4ms, total 4ms
02-03 12:44:51.911 D/dalvikvm(15954): GC_FOR_ALLOC freed 3947K, 48% free 9284K/17536K, paused 4ms, total 4ms
