02-03 12:46:15.011 D/dalvikvm(15954): GC_FOR_ALLOC freed 3933K, 48% free 9201K/17584K, paused 5ms, total 5ms
02-03 12:46:15.011 D/dalvikvm(15954): GC_FOR_ALLOC freed 3492K, 46% free 9657K/17584K, paused 4ms, total 4ms
02-03 12:46:15.021 D/dalvikvm(15954): GC_FOR_ALLOC freed 4269K, 47% free 9355K/17584K, paused 5ms, total 5ms
02-03 12:46:15.031 D/dalvikvm(15954): GC_FOR_ALLOC freed 3981K, 48% free 9205K/17584K, paused 4ms, total 4ms
02-03 12:46:15.031 D/dalvikvm(15954): GC_FOR_ALLOC freed 3534K, 46% free 9666K/17584K, paused 4ms, total 4ms
02-03 12:46:15.041 D/dalvikvm(15954): GC_CONCURRENT freed 3244K, 41% free 10437K/17584K, paused 1ms+1ms, total 6ms
02-03 12:46:15.041 D/dalvikvm(15954): WAIT_FOR_CONCURRENT_GC blocked 2ms
02-03 12:46:15.051 D/dalvikvm(15954): GC_FOR_ALLOC freed 5105K, 48% free 9208K/17584K, paused 5ms, total 5ms
02-03 12:46:15.061 D/dalvikvm(15954): GC_CONCURRENT freed 3577K, 45% free 9676K/17584K, paused 1ms+1ms, total 6ms
02-03 12:46:15.061 D/dalvikvm(15954): WAIT_FOR_CONCURRENT_GC blocked 3ms
02-03 12:46:15.061 D/dalvikvm(15954): GC_CONCURRENT freed 4372K, 47% free 9367K/17584K, paused 1ms+1ms, total 6ms
02-03 12:46:15.061 D/dalvikvm(15954): WAIT_FOR_CONCURRENT_GC blocked 5ms
02-03 12:46:15.071 D/dalvikvm(15954): GC_FOR_ALLOC freed 4077K, 48% free 9212K/17584K, paused 5ms, total 5ms
02-03 12:46:15.081 D/dalvikvm(15954): GC_FOR_ALLOC freed 3619K, 45% free 9685K/17584K, paused 5ms, total 5ms
02-03 12:46:15.081 D/dalvikvm(15954): GC_CONCURRENT freed 3005K, 42% free 10317K/17584K, paused 1ms+2ms, total 6ms
02-03 12:46:15.081 D/dalvikvm(15954): WAIT_FOR_CONCURRENT_GC blocked 2ms
02-03 12:46:15.091 D/dalvikvm(15954): GC_FOR_ALLOC freed 4749K, 47% free 9373K/17584K, paused 4ms, total 4ms
02-03 12:46:15.101 D/dalvikvm(15954): GC_CONCURRENT freed 3820K, 46% free 9535K/17584K, paused 0ms+1ms, total 5ms
02-03 12:46:15.101 D/dalvikvm(15954): WAIT_FOR_CONCURRENT_GC blocked 5ms
02-03 12:46:15.111 D/dalvikvm(15954): GC_FOR_ALLOC freed 3992K, 47% free 9377K/17584K, paused 5ms, total 5ms
02-03 12:46:15.111 D/dalvikvm(15954): GC_CONCURRENT freed 3850K, 46% free 9540K/17584K, paused 1ms+1ms, total 5ms
02-03 12:46:15.111 D/dalvikvm(15954): WAIT_FOR_CONCURRENT_GC blocked 4ms
02-03 12:46:15.121 D/dalvikvm(15954): GC_FOR_ALLOC freed 4023K, 47% free 9381K/17584K, paused 4ms, total 4ms
02-03 12:46:15.131 D/dalvikvm(15954): GC_CONCURRENT freed 3878K, 46% free 9545K/17584K, paused 0ms+1ms, total 5ms
02-03 12:46:15.131 D/dalvikvm(15954): WAIT_FOR_CONCURRENT_GC blocked 4ms
02-03 12:46:15.131 D/dalvikvm(15954): GC_FOR_ALLOC freed 4053K, 47% free 9384K/17584K, paused 4ms, total 4ms
02-03 12:46:15.141 D/dalvikvm(15954): GC_CONCURRENT freed 3907K, 46% free 9550K/17584K, paused 0ms+1ms, total 4ms
02-03 12:46:15.141 D/dalvikvm(15954): WAIT_FOR_CONCURRENT_GC blocked 5ms
02-03 12:46:15.151 D/dalvikvm(15954): GC_FOR_ALLOC freed 4084K, 47% free 9388K/17584K, paused 5ms, total 5ms
02-03 12:46:15.161 D/dalvikvm(15954): GC_FOR_ALLOC freed 3444K, 45% free 9718K/17584K, paused 5ms, total 5ms
02-03 12:46:15.161 D/dalvikvm(15954): GC_FOR_ALLOC freed 4281K, 48% free 9228K/17584K, paused 4ms, total 4ms
02-03 12:46:15.171 D/dalvikvm(15954): GC_FOR_ALLOC freed 3801K, 47% free 9394K/17584K, paused 5ms, total 5ms
02-03 12:46:15.181 D/dalvikvm(15954): GC_FOR_ALLOC freed 3481K, 45% free 9726K/17584K, paused 4ms, total 4ms
02-03 12:46:15.181 D/dalvikvm(15954): GC_FOR_ALLOC freed 4323K, 48% free 9231K/17584K, paused 4ms, total 4ms
02-03 12:46:15.191 D/dalvikvm(15954): GC_CONCURRENT freed 3835K, 47% free 9398K/17584K, paused 1ms+1ms, total 5ms
02-03 12:46:15.191 D/dalvikvm(15954): WAIT_FOR_CONCURRENT_GC blocked 4ms
02-03 12:46:15.201 D/dalvikvm(15954): GC_FOR_ALLOC freed 3513K, 45% free 9734K/17584K, paused 4ms, total 4ms
02-03 12:46:15.211 D/dalvikvm(15954): GC_FOR_ALLOC freed 4362K, 48% free 9234K/17584K, paused 5ms, total 5ms
02-03 12:46:15.211 D/dalvikvm(15954): GC_CONCURRENT freed 3870K, 47% free 9403K/17584K, paused 1ms+1ms, total 6ms
02-03 12:46:15.211 D/dalvikvm(15954): WAIT_FOR_CONCURRENT_GC blocked 5ms
02-03 12:46:15.221 D/dalvikvm(15954): GC_FOR_ALLOC freed 3544K, 45% free 9741K/17584K, paused 5ms, total 5ms
02-03 12:46:15.231 D/dalvikvm(15954): GC_FOR_ALLOC freed 4404K, 48% free 9237K/17584K, paused 5ms, total 5ms
02-03 12:46:15.241 D/dalvikvm(15954): GC_CONCURRENT freed 3911K, 47% free 9408K/17584K, paused 0ms+0ms, total 5ms
02-03 12:46:15.241 D/dalvikvm(15954): WAIT_FOR_CONCURRENT_GC blocked 4ms
02-03 12:46:15.251 D/dalvikvm(15954): GC_FOR_ALLOC freed 3583K, 45% free 9751K/17584K, paused 4ms, total 4ms
02-03 12:46:15.261 D/dalvikvm(15954): GC_FOR_ALLOC freed 4328K, 48% free 9221K/17584K, paused 4ms, total 4ms
02-03 12:46:15.271 D/dalvikvm(15954): GC_FOR_ALLOC freed 3787K, 48% free 9221K/17584K, paused 4ms, total 4ms
02-03 12:46:15.281 D/dalvikvm(15954): GC_FOR_ALLOC freed 3823K, 52% free 8475K/17584K, paused 4ms, total 4ms
02-03 12:46:15.301 D/dalvikvm(15954): GC_CONCURRENT freed 3333K, 48% free 9194K/17584K, paused 2ms+1ms, total 5ms
02-03 12:46:15.361 D/dalvikvm(15954): GC_CONCURRENT freed 4285K, 49% free 8987K/17584K, paused 0ms+1ms, total 6ms
02-03 12:46:15.361 D/dalvikvm(15954): WAIT_FOR_CONCURRENT_GC blocked 5ms
02-03 12:46:15.371 D/dalvikvm(15954): GC_CONCURRENT freed 4061K, 49% free 9013K/17584K, paused 0ms+1ms, total 7ms
02-03 12:46:15.371 D/dalvikvm(15954): WAIT_FOR_CONCURRENT_GC blocked 6ms
02-03 12:46:15.381 D/dalvikvm(15954): GC_CONCURRENT freed 3979K, 49% free 9018K/17584K, paused 1ms+0ms, total 6ms
02-03 12:46:15.391 D/dalvikvm(15954): GC_FOR_ALLOC freed 4045K, 49% free 9026K/17584K, paused 4ms, total 4ms
02-03 12:46:15.401 D/dalvikvm(15954): GC_CONCURRENT freed 3969K, 47% free 9339K/17584K, paused 1ms+2ms, total 7ms
02-03 12:46:15.411 D/dalvikvm(15954): GC_CONCURRENT freed 4401K, 49% free 9033K/17584K, paused 1ms+1ms, total 5ms
02-03 12:46:15.411 D/dalvikvm(15954): WAIT_FOR_CONCURRENT_GC blocked 4ms
02-03 12:46:15.421 D/dalvikvm(15954): GC_CONCURRENT freed 3962K, 49% free 9039K/17584K, paused 1ms+1ms, total 6ms
02-03 12:46:15.431 D/dalvikvm(15954): GC_CONCURRENT freed 4010K, 49% free 9041K/17584K, paused 1ms+1ms, total 6ms
02-03 12:46:15.431 D/dalvikvm(15954): WAIT_FOR_CONCURRENT_GC blocked 5ms
02-03 12:46:15.441 D/dalvikvm(15954): GC_FOR_ALLOC freed 4080K, 50% free 8964K/17584K, paused 5ms, total 5ms
02-03 12:46:15.451 D/dalvikvm(15954): GC_CONCURRENT freed 77K, 49% free 9003K/17584K, paused 1ms+1ms, total 5ms
02-03 12:46:15.451 D/dalvikvm(15954): GC_CONCURRENT freed 3959K, 49% free 9116K/17584K, paused 1ms+1ms, total 5ms
02-03 12:46:15.451 D/dalvikvm(15954): WAIT_FOR_CONCURRENT_GC blocked 4ms
02-03 12:46:15.461 D/dalvikvm(15954): GC_FOR_ALLOC freed 4174K, 49% free 9032K/17584K, paused 4ms, total 4ms
02-03 12:46:15.471 D/dalvikvm(15954): GC_CONCURRENT freed <1K, 49% free 9118K/17584K, paused 0ms+0ms, total 5ms
02-03 12:46:15.481 D/dalvikvm(15954): GC_CONCURRENT freed 4059K, 49% free 9120K/17584K, paused 1ms+1ms, total 5ms
02-03 12:46:15.481 D/dalvikvm(15954): WAIT_FOR_CONCURRENT_GC blocked 1ms
02-03 12:46:15.481 D/123     (15052): updateSettingTable: query time = 1050
02-03 12:46:15.481 D/DialerDefaultTabReceiver(15052): Account exist: Device/asus.local.phone
02-03 12:46:15.481 D/AsusPreferenceManager(15052): getUpdateSettingTable: false
02-03 12:46:15.481 D/AsusPreferenceManager(15052): getUpdateSettingTable: false
02-03 12:46:15.491 D/dalvikvm(15954): GC_FOR_ALLOC freed 4142K, 49% free 8981K/17584K, paused 9ms, total 9ms
02-03 12:46:15.501 D/dalvikvm(15954): GC_CONCURRENT freed 94K, 48% free 9217K/17584K, paused 1ms+2ms, total 7ms
02-03 12:46:15.501 D/SendBroadcastHandler(19704): startTimer() SEND_TO_CONTACTS_WIDGET_DELETE 
02-03 12:46:15.511 D/dalvikvm(15954): GC_CONCURRENT freed 4064K, 48% free 9159K/17584K, paused 0ms+2ms, total 6ms
02-03 12:46:15.521 D/dalvikvm(15954): GC_FOR_ALLOC freed 4113K, 49% free 9012K/17584K, paused 5ms, total 5ms
02-03 12:46:15.531 D/dalvikvm(15954): GC_CONCURRENT freed 3886K, 49% free 9115K/17584K, paused 1ms+1ms, total 5ms
02-03 12:46:15.541 D/dalvikvm(15954): GC_CONCURRENT freed 3955K, 48% free 9171K/17584K, paused 1ms+1ms, total 6ms
02-03 12:46:15.551 D/dalvikvm(15954): GC_FOR_ALLOC freed 4126K, 49% free 9009K/17584K, paused 5ms, total 5ms
02-03 12:46:15.561 D/dalvikvm(15954): GC_FOR_ALLOC freed 3960K, 49% free 9008K/17584K, paused 5ms, total 5ms
02-03 12:46:15.571 D/dalvikvm(15954): GC_CONCURRENT freed 3947K, 49% free 9124K/17584K, paused 1ms+1ms, total 6ms
02-03 12:46:15.571 D/dalvikvm(15954): WAIT_FOR_CONCURRENT_GC blocked 4ms
02-03 12:46:15.581 D/dalvikvm(15954): GC_FOR_ALLOC freed 3984K, 48% free 9185K/17584K, paused 5ms, total 5ms
02-03 12:46:15.581 D/dalvikvm(15954): GC_CONCURRENT freed 3723K, 47% free 9456K/17584K, paused 1ms+1ms, total 7ms
02-03 12:46:15.581 D/dalvikvm(15954): WAIT_FOR_CONCURRENT_GC blocked 2ms
02-03 12:46:15.591 D/dalvikvm(15954): GC_FOR_ALLOC freed 4346K, 49% free 9036K/17584K, paused 5ms, total 5ms
02-03 12:46:15.601 D/dalvikvm(15954): GC_CONCURRENT freed 3879K, 48% free 9166K/17584K, paused 1ms+0ms, total 6ms
02-03 12:46:15.601 D/dalvikvm(15954): WAIT_FOR_CONCURRENT_GC blocked 5ms
02-03 12:46:15.601 I/chromium(19493): [INFO:CONSOLE(70)] "WARNING: Message from backend doesn't have data.", source:  (70)
02-03 12:46:15.611 D/dalvikvm(15954): GC_CONCURRENT freed 4093K, 48% free 9168K/17584K, paused 0ms+1ms, total 5ms
02-03 12:46:15.611 D/dalvikvm(15954): WAIT_FOR_CONCURRENT_GC blocked 1ms
02-03 12:46:15.621 D/dalvikvm(15954): GC_FOR_ALLOC freed 3976K, 48% free 9235K/17584K, paused 5ms, total 5ms
02-03 12:46:15.621 D/dalvikvm(15954): GC_CONCURRENT freed 199K, 48% free 9169K/17584K, paused 1ms+1ms, total 5ms
02-03 12:46:15.631 D/dalvikvm(15954): GC_CONCURRENT freed 4055K, 49% free 9106K/17584K, paused 0ms+1ms, total 6ms
02-03 12:46:15.631 D/dalvikvm(15954): WAIT_FOR_CONCURRENT_GC blocked 5ms
02-03 12:46:15.651 D/dalvikvm(15954): GC_FOR_ALLOC freed 3853K, 48% free 9247K/17584K, paused 8ms, total 8ms
02-03 12:46:15.651 D/dalvikvm(15954): GC_CONCURRENT freed 3789K, 46% free 9527K/17584K, paused 1ms+1ms, total 6ms
02-03 12:46:15.651 D/dalvikvm(15954): WAIT_FOR_CONCURRENT_GC blocked 2ms
02-03 12:46:15.661 D/dalvikvm(15954): GC_CONCURRENT freed 4333K, 48% free 9189K/17584K, paused 1ms+1ms, total 5ms
02-03 12:46:15.661 D/dalvikvm(15954): WAIT_FOR_CONCURRENT_GC blocked 4ms
02-03 12:46:15.671 D/dalvikvm(15954): GC_CONCURRENT freed 4058K, 48% free 9193K/17584K, paused 1ms+1ms, total 5ms
02-03 12:46:15.671 D/dalvikvm(15954): WAIT_FOR_CONCURRENT_GC blocked 5ms
02-03 12:46:15.681 D/dalvikvm(15954): GC_CONCURRENT freed 3901K, 48% free 9271K/17584K, paused 1ms+1ms, total 6ms
02-03 12:46:15.681 D/dalvikvm(15954): WAIT_FOR_CONCURRENT_GC blocked 4ms
02-03 12:46:15.691 D/dalvikvm(15954): GC_CONCURRENT freed 4187K, 49% free 9127K/17584K, paused 0ms+1ms, total 5ms
02-03 12:46:15.691 D/dalvikvm(15954): WAIT_FOR_CONCURRENT_GC blocked 4ms
02-03 12:46:15.701 D/dalvikvm(15954): GC_CONCURRENT freed 3950K, 48% free 9207K/17584K, paused 1ms+1ms, total 6ms
02-03 12:46:15.701 D/dalvikvm(15954): WAIT_FOR_CONCURRENT_GC blocked 4ms
02-03 12:46:15.701 D/dalvikvm(15954): GC_CONCURRENT freed 4082K, 49% free 9134K/17584K, paused 0ms+0ms, total 5ms
02-03 12:46:15.701 D/dalvikvm(15954): WAIT_FOR_CONCURRENT_GC blocked 4ms
02-03 12:46:15.711 D/dalvikvm(15954): GC_CONCURRENT freed 3829K, 48% free 9294K/17584K, paused 0ms+1ms, total 5ms
02-03 12:46:15.711 D/dalvikvm(15954): WAIT_FOR_CONCURRENT_GC blocked 4ms
02-03 12:46:15.721 D/dalvikvm(15954): GC_CONCURRENT freed 4120K, 48% free 9220K/17584K, paused 1ms+1ms, total 6ms
02-03 12:46:15.721 D/dalvikvm(15954): WAIT_FOR_CONCURRENT_GC blocked 4ms
02-03 12:46:15.731 D/dalvikvm(15954): GC_FOR_ALLOC freed 4099K, 49% free 9064K/17584K, paused 4ms, total 4ms
02-03 12:46:15.741 D/dalvikvm(15954): GC_CONCURRENT freed 3830K, 48% free 9230K/17584K, paused 0ms+1ms, total 5ms
02-03 12:46:15.741 D/dalvikvm(15954): WAIT_FOR_CONCURRENT_GC blocked 4ms
02-03 12:46:15.741 D/dalvikvm(15954): GC_CONCURRENT freed 4045K, 48% free 9234K/17584K, paused 1ms+1ms, total 5ms
02-03 12:46:15.751 D/dalvikvm(15954): WAIT_FOR_CONCURRENT_GC blocked 5ms
02-03 12:46:15.751 D/dalvikvm(15954): GC_FOR_ALLOC freed 3847K, 47% free 9321K/17584K, paused 5ms, total 5ms
02-03 12:46:15.761 D/dalvikvm(15954): GC_FOR_ALLOC freed 4149K, 48% free 9157K/17584K, paused 5ms, total 5ms
02-03 12:46:15.771 D/dalvikvm(15954): GC_CONCURRENT freed 3433K, 46% free 9669K/17584K, paused 1ms+1ms, total 6ms
02-03 12:46:15.771 D/dalvikvm(15954): WAIT_FOR_CONCURRENT_GC blocked 2ms
02-03 12:46:15.771 D/dalvikvm(15954): GC_CONCURRENT freed 4408K, 47% free 9336K/17584K, paused 1ms+1ms, total 5ms
02-03 12:46:15.771 D/dalvikvm(15954): WAIT_FOR_CONCURRENT_GC blocked 5ms
02-03 12:46:15.781 D/dalvikvm(15954): GC_FOR_ALLOC freed 4119K, 49% free 9078K/17584K, paused 5ms, total 5ms
02-03 12:46:15.791 D/dalvikvm(15954): GC_FOR_ALLOC freed 3898K, 48% free 9168K/17584K, paused 5ms, total 5ms
02-03 12:46:15.801 D/dalvikvm(15954): GC_CONCURRENT freed 3585K, 46% free 9525K/17584K, paused 1ms+1ms, total 7ms
02-03 12:46:15.801 D/dalvikvm(15954): WAIT_FOR_CONCURRENT_GC blocked 3ms
02-03 12:46:15.801 D/dalvikvm(15954): GC_CONCURRENT freed 4246K, 48% free 9265K/17584K, paused 0ms+1ms, total 5ms
02-03 12:46:15.801 D/dalvikvm(15954): WAIT_FOR_CONCURRENT_GC blocked 4ms
02-03 12:46:15.811 D/dalvikvm(15954): GC_FOR_ALLOC freed 4021K, 49% free 9086K/17584K, paused 5ms, total 5ms
02-03 12:46:15.821 D/dalvikvm(15954): GC_FOR_ALLOC freed 3878K, 49% free 9087K/17584K, paused 5ms, total 5ms
02-03 12:46:15.821 D/dalvikvm(15954): GC_FOR_ALLOC freed 3915K, 49% free 9089K/17584K, paused 4ms, total 4ms
02-03 12:46:15.831 D/dalvikvm(15954): GC_FOR_ALLOC freed 3953K, 49% free 9091K/17584K, paused 4ms, total 4ms
02-03 12:46:15.841 D/dalvikvm(15954): GC_CONCURRENT freed 3800K, 48% free 9284K/17584K, paused 0ms+1ms, total 6ms
02-03 12:46:15.841 D/dalvikvm(15954): WAIT_FOR_CONCURRENT_GC blocked 5ms
02-03 12:46:15.851 D/dalvikvm(15954): GC_CONCURRENT freed 4027K, 48% free 9287K/17584K, paused 0ms+1ms, total 5ms
02-03 12:46:15.851 D/dalvikvm(15954): WAIT_FOR_CONCURRENT_GC blocked 4ms
02-03 12:46:15.861 D/dalvikvm(15954): GC_CONCURRENT freed 4064K, 48% free 9290K/17584K, paused 0ms+1ms, total 5ms
02-03 12:46:15.861 D/dalvikvm(15954): WAIT_FOR_CONCURRENT_GC blocked 4ms
02-03 12:46:15.861 D/dalvikvm(15954): GC_FOR_ALLOC freed 3806K, 47% free 9391K/17584K, paused 4ms, total 4ms
02-03 12:46:15.871 D/dalvikvm(15954): GC_FOR_ALLOC freed 4137K, 48% free 9198K/17584K, paused 4ms, total 4ms
02-03 12:46:15.881 D/dalvikvm(15954): GC_FOR_ALLOC freed 3975K, 49% free 9101K/17584K, paused 7ms, total 7ms
02-03 12:46:15.891 D/dalvikvm(15954): GC_FOR_ALLOC freed 3707K, 47% free 9403K/17584K, paused 6ms, total 6ms
02-03 12:46:15.901 D/dalvikvm(15954): GC_CONCURRENT freed 3541K, 44% free 9908K/17584K, paused 1ms+1ms, total 9ms
02-03 12:46:15.901 D/dalvikvm(15954): WAIT_FOR_CONCURRENT_GC blocked 5ms
02-03 12:46:15.921 D/dalvikvm(15954): GC_CONCURRENT freed 4576K, 48% free 9311K/17584K, paused 4ms+1ms, total 13ms
02-03 12:46:15.921 D/dalvikvm(15954): WAIT_FOR_CONCURRENT_GC blocked 7ms
02-03 12:46:15.921 D/dalvikvm(15954): GC_FOR_ALLOC freed 4007K, 48% free 9210K/17584K, paused 4ms, total 4ms
02-03 12:46:15.931 W/BindingManager(19493): Cannot call determinedVisibility() - never saw a connection for the pid: 19493
02-03 12:46:15.941 D/dalvikvm(15954): GC_CONCURRENT freed 3938K, 48% free 9317K/17584K, paused 1ms+5ms, total 12ms
02-03 12:46:15.941 D/dalvikvm(15954): WAIT_FOR_CONCURRENT_GC blocked 11ms
02-03 12:46:15.951 D/dalvikvm(15954): GC_CONCURRENT freed 4073K, 48% free 9216K/17584K, paused 1ms+1ms, total 9ms
02-03 12:46:15.951 D/dalvikvm(15954): WAIT_FOR_CONCURRENT_GC blocked 4ms
02-03 12:46:15.961 D/dalvikvm(15954): GC_FOR_ALLOC freed 3687K, 47% free 9429K/17584K, paused 5ms, total 6ms
02-03 12:46:15.971 I/chromium(19493): [INFO:CONSOLE(70)] "WARNING: Message from backend doesn't have data.", source:  (70)
02-03 12:46:15.981 D/dalvikvm(15954): GC_FOR_ALLOC freed 4246K, 49% free 9115K/17584K, paused 12ms, total 12ms
02-03 12:46:15.991 D/dalvikvm(15954): GC_CONCURRENT freed 3957K, 48% free 9223K/17584K, paused 1ms+1ms, total 8ms
02-03 12:46:15.991 D/dalvikvm(15954): WAIT_FOR_CONCURRENT_GC blocked 5ms
02-03 12:46:16.001 D/dalvikvm(15954): GC_FOR_ALLOC freed 3771K, 47% free 9441K/17584K, paused 7ms, total 7ms
02-03 12:46:16.011 D/dalvikvm(15954): GC_CONCURRENT freed 3587K, 44% free 9875K/17584K, paused 1ms+1ms, total 6ms
02-03 12:46:16.011 D/dalvikvm(15954): WAIT_FOR_CONCURRENT_GC blocked 2ms
02-03 12:46:16.021 D/dalvikvm(15954): GC_FOR_ALLOC freed 4582K, 49% free 9121K/17584K, paused 5ms, total 5ms
02-03 12:46:16.021 D/dalvikvm(15954): GC_FOR_ALLOC freed 3853K, 49% free 9123K/17584K, paused 5ms, total 5ms
02-03 12:46:16.031 D/dalvikvm(15954): GC_FOR_ALLOC freed 3879K, 49% free 9124K/17584K, paused 4ms, total 4ms
02-03 12:46:16.041 D/dalvikvm(15954): GC_FOR_ALLOC freed 3905K, 49% free 9126K/17584K, paused 4ms, total 4ms
02-03 12:46:16.051 D/dalvikvm(15954): GC_FOR_ALLOC freed 3931K, 49% free 9127K/17584K, paused 6ms, total 7ms
02-03 12:46:16.061 D/dalvikvm(15954): GC_FOR_ALLOC freed 3957K, 49% free 9129K/17584K, paused 4ms, total 5ms
02-03 12:46:16.061 D/dalvikvm(15954): GC_CONCURRENT freed 3754K, 47% free 9358K/17584K, paused 0ms+1ms, total 6ms
02-03 12:46:16.071 D/dalvikvm(15954): GC_CONCURRENT freed 4008K, 47% free 9360K/17584K, paused 1ms+1ms, total 6ms
02-03 12:46:16.081 D/dalvikvm(15954): GC_FOR_ALLOC freed 4267K, 49% free 9133K/17584K, paused 4ms, total 4ms
02-03 12:46:16.091 D/dalvikvm(15954): GC_CONCURRENT freed 3830K, 47% free 9367K/17584K, paused 1ms+1ms, total 6ms
02-03 12:46:16.091 D/dalvikvm(15954): WAIT_FOR_CONCURRENT_GC blocked 4ms
02-03 12:46:16.101 D/dalvikvm(15954): GC_CONCURRENT freed 4090K, 47% free 9370K/17584K, paused 0ms+1ms, total 4ms
02-03 12:46:16.101 D/dalvikvm(15954): WAIT_FOR_CONCURRENT_GC blocked 5ms
02-03 12:46:16.101 D/dalvikvm(15954): GC_FOR_ALLOC freed 3764K, 47% free 9491K/17584K, paused 4ms, total 4ms
02-03 12:46:16.111 D/dalvikvm(15954): GC_FOR_ALLOC freed 4146K, 48% free 9258K/17584K, paused 4ms, total 4ms
02-03 12:46:16.121 D/dalvikvm(15954): GC_FOR_ALLOC freed 3937K, 49% free 9141K/17584K, paused 4ms, total 4ms
02-03 12:46:16.121 D/dalvikvm(15954): GC_FOR_ALLOC freed 3601K, 46% free 9503K/17584K, paused 4ms, total 4ms
02-03 12:46:16.131 D/dalvikvm(15954): GC_CONCURRENT freed 4228K, 48% free 9265K/17584K, paused 1ms+1ms, total 5ms
02-03 12:46:16.131 D/dalvikvm(15954): WAIT_FOR_CONCURRENT_GC blocked 4ms
02-03 12:46:16.141 D/dalvikvm(15954): GC_FOR_ALLOC freed 4015K, 48% free 9146K/17584K, paused 4ms, total 5ms
02-03 12:46:16.151 D/dalvikvm(15954): GC_CONCURRENT freed 3671K, 46% free 9514K/17584K, paused 1ms+1ms, total 6ms
02-03 12:46:16.151 D/dalvikvm(15954): WAIT_FOR_CONCURRENT_GC blocked 5ms
02-03 12:46:16.161 D/dalvikvm(15954): GC_CONCURRENT freed 4310K, 48% free 9272K/17584K, paused 1ms+0ms, total 6ms
02-03 12:46:16.161 D/dalvikvm(15954): WAIT_FOR_CONCURRENT_GC blocked 1ms
02-03 12:46:16.161 D/dalvikvm(15954): GC_CONCURRENT freed 3844K, 47% free 9399K/17584K, paused 1ms+1ms, total 6ms
02-03 12:46:16.161 D/dalvikvm(15954): WAIT_FOR_CONCURRENT_GC blocked 5ms
02-03 12:46:16.171 D/dalvikvm(15954): GC_FOR_ALLOC freed 3990K, 48% free 9276K/17584K, paused 5ms, total 5ms
02-03 12:46:16.181 D/dalvikvm(15954): GC_CONCURRENT freed 3891K, 47% free 9405K/17584K, paused 1ms+1ms, total 6ms
02-03 12:46:16.181 D/dalvikvm(15954): WAIT_FOR_CONCURRENT_GC blocked 5ms
02-03 12:46:16.191 D/dalvikvm(15954): GC_FOR_ALLOC freed 4039K, 48% free 9281K/17584K, paused 5ms, total 5ms
02-03 12:46:16.191 D/dalvikvm(15954): GC_FOR_ALLOC freed 4192K, 48% free 9157K/17584K, paused 4ms, total 4ms
02-03 12:46:16.201 D/dalvikvm(15954): GC_CONCURRENT freed 3451K, 46% free 9667K/17584K, paused 1ms+0ms, total 7ms
02-03 12:46:16.201 D/dalvikvm(15954): WAIT_FOR_CONCURRENT_GC blocked 3ms
02-03 12:46:16.211 D/dalvikvm(15954): GC_FOR_ALLOC freed 3978K, 46% free 9544K/17584K, paused 5ms, total 5ms
02-03 12:46:16.221 D/dalvikvm(15954): GC_FOR_ALLOC freed 4263K, 48% free 9161K/17584K, paused 5ms, total 5ms
02-03 12:46:16.221 D/dalvikvm(15954): GC_CONCURRENT freed 3897K, 48% free 9292K/17584K, paused 1ms+1ms, total 5ms
02-03 12:46:16.221 D/dalvikvm(15954): WAIT_FOR_CONCURRENT_GC blocked 3ms
02-03 12:46:16.231 D/dalvikvm(15954): GC_FOR_ALLOC freed 3657K, 46% free 9555K/17584K, paused 4ms, total 4ms
02-03 12:46:16.241 D/dalvikvm(15954): GC_FOR_ALLOC freed 4334K, 48% free 9165K/17584K, paused 4ms, total 4ms
02-03 12:46:16.251 D/dalvikvm(15954): GC_CONCURRENT freed 3962K, 48% free 9298K/17584K, paused 0ms+1ms, total 5ms
02-03 12:46:16.251 D/dalvikvm(15954): WAIT_FOR_CONCURRENT_GC blocked 4ms
02-03 12:46:16.251 D/dalvikvm(15954): GC_CONCURRENT freed 3717K, 45% free 9832K/17584K, paused 1ms+1ms, total 6ms
02-03 12:46:16.261 D/dalvikvm(15954): GC_FOR_ALLOC freed 4406K, 48% free 9170K/17584K, paused 6ms, total 6ms
02-03 12:46:16.271 D/dalvikvm(15954): GC_FOR_ALLOC freed 3758K, 48% free 9171K/17584K, paused 6ms, total 6ms
02-03 12:46:16.281 D/dalvikvm(15954): GC_FOR_ALLOC freed 3778K, 48% free 9172K/17584K, paused 5ms, total 5ms
02-03 12:46:16.291 D/dalvikvm(15954): GC_FOR_ALLOC freed 3797K, 48% free 9174K/17584K, paused 4ms, total 4ms
02-03 12:46:16.301 D/dalvikvm(15954): GC_FOR_ALLOC freed 3816K, 48% free 9175K/17584K, paused 5ms, total 5ms
02-03 12:46:16.311 D/dalvikvm(15954): GC_FOR_ALLOC freed 3835K, 48% free 9176K/17584K, paused 6ms, total 6ms
02-03 12:46:16.321 D/dalvikvm(15954): GC_FOR_ALLOC freed 3853K, 48% free 9178K/17584K, paused 5ms, total 5ms
02-03 12:46:16.331 D/dalvikvm(15954): GC_FOR_ALLOC freed 3872K, 48% free 9179K/17584K, paused 8ms, total 8ms
02-03 12:46:16.341 D/dalvikvm(15954): GC_FOR_ALLOC freed 3891K, 48% free 9180K/17584K, paused 5ms, total 5ms
02-03 12:46:16.341 D/dalvikvm(15954): GC_FOR_ALLOC freed 3910K, 48% free 9182K/17584K, paused 5ms, total 5ms
02-03 12:46:16.361 D/dalvikvm(15954): GC_FOR_ALLOC freed 3929K, 48% free 9183K/17584K, paused 7ms, total 7ms
02-03 12:46:16.371 D/dalvikvm(15954): GC_FOR_ALLOC freed 3947K, 48% free 9184K/17584K, paused 6ms, total 6ms
02-03 12:46:16.381 D/dalvikvm(15954): GC_FOR_ALLOC freed 3966K, 48% free 9186K/17584K, paused 5ms, total 5ms
02-03 12:46:16.381 D/dalvikvm(15954): GC_CONCURRENT freed 3560K, 46% free 9613K/17584K, paused 1ms+1ms, total 7ms
02-03 12:46:16.381 D/dalvikvm(15954): WAIT_FOR_CONCURRENT_GC blocked 2ms
02-03 12:46:16.391 D/dalvikvm(15954): GC_CONCURRENT freed 4143K, 47% free 9474K/17584K, paused 1ms+1ms, total 5ms
02-03 12:46:16.391 D/dalvikvm(15954): WAIT_FOR_CONCURRENT_GC blocked 4ms
02-03 12:46:16.401 D/dalvikvm(15954): GC_CONCURRENT freed 4021K, 47% free 9477K/17584K, paused 0ms+1ms, total 5ms
02-03 12:46:16.401 D/dalvikvm(15954): WAIT_FOR_CONCURRENT_GC blocked 4ms
02-03 12:46:16.411 D/dalvikvm(15954): GC_CONCURRENT freed 4040K, 47% free 9480K/17584K, paused 0ms+0ms, total 5ms
02-03 12:46:16.411 D/dalvikvm(15954): WAIT_FOR_CONCURRENT_GC blocked 4ms
02-03 12:46:16.411 D/dalvikvm(15954): GC_CONCURRENT freed 4059K, 47% free 9483K/17584K, paused 1ms+1ms, total 5ms
02-03 12:46:16.411 D/dalvikvm(15954): WAIT_FOR_CONCURRENT_GC blocked 4ms
02-03 12:46:16.421 D/dalvikvm(15954): GC_CONCURRENT freed 4078K, 47% free 9485K/17584K, paused 1ms+1ms, total 5ms
02-03 12:46:16.421 D/dalvikvm(15954): WAIT_FOR_CONCURRENT_GC blocked 4ms
02-03 12:46:16.431 D/dalvikvm(15954): GC_FOR_ALLOC freed 3656K, 46% free 9633K/17584K, paused 4ms, total 4ms
02-03 12:46:16.441 D/dalvikvm(15954): GC_FOR_ALLOC freed 4113K, 47% free 9343K/17584K, paused 5ms, total 5ms
02-03 12:46:16.441 D/dalvikvm(15954): GC_FOR_ALLOC freed 3837K, 48% free 9198K/17584K, paused 5ms, total 5ms
02-03 12:46:16.451 D/dalvikvm(15954): GC_FOR_ALLOC freed 3407K, 46% free 9643K/17584K, paused 5ms, total 5ms
02-03 12:46:16.461 D/dalvikvm(15954): GC_FOR_ALLOC freed 4165K, 47% free 9348K/17584K, paused 4ms, total 4ms
02-03 12:46:16.461 D/dalvikvm(15954): GC_FOR_ALLOC freed 3885K, 48% free 9201K/17584K, paused 4ms, total 4ms
02-03 12:46:16.471 D/dalvikvm(15954): GC_FOR_ALLOC freed 3449K, 46% free 9652K/17584K, paused 4ms, total 4ms
02-03 12:46:16.481 D/dalvikvm(15954): GC_FOR_ALLOC freed 4217K, 47% free 9354K/17584K, paused 5ms, total 6ms
02-03 12:46:16.491 D/dalvikvm(15954): GC_FOR_ALLOC freed 3933K, 48% free 9205K/17584K, paused 6ms, total 6ms
02-03 12:46:16.501 D/dalvikvm(15954): GC_FOR_ALLOC freed 3492K, 46% free 9661K/17584K, paused 6ms, total 6ms
02-03 12:46:16.511 D/dalvikvm(15954): GC_FOR_ALLOC freed 4269K, 47% free 9359K/17584K, paused 9ms, total 9ms
02-03 12:46:16.521 D/dalvikvm(15954): GC_FOR_ALLOC freed 3981K, 48% free 9209K/17584K, paused 5ms, total 5ms
02-03 12:46:16.531 D/dalvikvm(15954): GC_FOR_ALLOC freed 3534K, 46% free 9670K/17584K, paused 5ms, total 5ms
02-03 12:46:16.541 D/dalvikvm(15954): GC_CONCURRENT freed 3244K, 41% free 10441K/17584K, paused 0ms+1ms, total 6ms
02-03 12:46:16.541 D/dalvikvm(15954): WAIT_FOR_CONCURRENT_GC blocked 2ms
02-03 12:46:16.541 W/BindingManager(19493): Cannot call determinedVisibility() - never saw a connection for the pid: 19493
02-03 12:46:16.541 D/dalvikvm(15954): GC_FOR_ALLOC freed 5105K, 48% free 9212K/17584K, paused 4ms, total 5ms
02-03 12:46:16.561 D/dalvikvm(15954): GC_CONCURRENT freed 3577K, 45% free 9680K/17584K, paused 1ms+1ms, total 8ms
02-03 12:46:16.571 D/dalvikvm(15954): GC_CONCURRENT freed 4372K, 47% free 9371K/17584K, paused 1ms+1ms, total 6ms
02-03 12:46:16.571 D/dalvikvm(15954): WAIT_FOR_CONCURRENT_GC blocked 4ms
02-03 12:46:16.591 D/dalvikvm(15954): GC_FOR_ALLOC freed 4077K, 48% free 9216K/17584K, paused 9ms, total 9ms
02-03 12:46:16.611 D/dalvikvm(15954): GC_CONCURRENT freed 3619K, 45% free 9689K/17584K, paused 1ms+1ms, total 16ms
02-03 12:46:16.611 D/dalvikvm(15954): WAIT_FOR_CONCURRENT_GC blocked 15ms
02-03 12:46:16.621 D/dalvikvm(15954): GC_FOR_ALLOC freed 4107K, 48% free 9218K/17584K, paused 5ms, total 5ms
02-03 12:46:16.631 D/dalvikvm(15954): GC_FOR_ALLOC freed 3646K, 47% free 9377K/17584K, paused 5ms, total 5ms
02-03 12:46:16.641 D/dalvikvm(15954): GC_CONCURRENT freed 3820K, 46% free 9539K/17584K, paused 1ms+1ms, total 5ms
02-03 12:46:16.641 D/dalvikvm(15954): WAIT_FOR_CONCURRENT_GC blocked 4ms
02-03 12:46:16.641 D/dalvikvm(15954): GC_FOR_ALLOC freed 3992K, 47% free 9381K/17584K, paused 4ms, total 4ms
02-03 12:46:16.651 D/dalvikvm(15954): GC_CONCURRENT freed 3850K, 46% free 9544K/17584K, paused 1ms+1ms, total 5ms
02-03 12:46:16.651 D/dalvikvm(15954): WAIT_FOR_CONCURRENT_GC blocked 5ms
02-03 12:46:16.661 D/dalvikvm(15954): GC_FOR_ALLOC freed 4023K, 47% free 9385K/17584K, paused 4ms, total 4ms
02-03 12:46:16.671 D/dalvikvm(15954): GC_CONCURRENT freed 3878K, 46% free 9549K/17584K, paused 1ms+1ms, total 5ms
02-03 12:46:16.671 D/dalvikvm(15954): WAIT_FOR_CONCURRENT_GC blocked 4ms
02-03 12:46:16.671 D/dalvikvm(15954): GC_FOR_ALLOC freed 4053K, 47% free 9388K/17584K, paused 4ms, total 4ms
02-03 12:46:16.681 I/chromium(19493): [INFO:CONSOLE(70)] "WARNING: Message from backend doesn't have data.", source:  (70)
02-03 12:46:16.681 D/dalvikvm(15954): GC_CONCURRENT freed 3907K, 46% free 9554K/17584K, paused 1ms+0ms, total 7ms
02-03 12:46:16.681 D/dalvikvm(15954): WAIT_FOR_CONCURRENT_GC blocked 6ms
02-03 12:46:16.701 D/dalvikvm(15954): GC_FOR_ALLOC freed 4084K, 47% free 9392K/17584K, paused 8ms, total 8ms
02-03 12:46:16.701 D/dalvikvm(15954): GC_FOR_ALLOC freed 3444K, 45% free 9722K/17584K, paused 5ms, total 5ms
02-03 12:46:16.711 D/dalvikvm(15954): GC_FOR_ALLOC freed 4281K, 48% free 9232K/17584K, paused 5ms, total 5ms
02-03 12:46:16.721 D/dalvikvm(15954): GC_FOR_ALLOC freed 3801K, 47% free 9398K/17584K, paused 4ms, total 4ms
02-03 12:46:16.731 D/dalvikvm(15954): GC_FOR_ALLOC freed 3481K, 45% free 9730K/17584K, paused 6ms, total 6ms
02-03 12:46:16.731 D/dalvikvm(15954): GC_FOR_ALLOC freed 4323K, 48% free 9235K/17584K, paused 5ms, total 5ms
02-03 12:46:16.741 D/dalvikvm(15954): GC_CONCURRENT freed 3835K, 47% free 9402K/17584K, paused 1ms+1ms, total 5ms
02-03 12:46:16.741 D/dalvikvm(15954): WAIT_FOR_CONCURRENT_GC blocked 4ms
02-03 12:46:16.751 D/dalvikvm(15954): GC_FOR_ALLOC freed 3513K, 45% free 9738K/17584K, paused 4ms, total 4ms
02-03 12:46:16.761 D/dalvikvm(15954): GC_FOR_ALLOC freed 4362K, 48% free 9238K/17584K, paused 5ms, total 5ms
02-03 12:46:16.771 D/dalvikvm(15954): GC_CONCURRENT freed 3870K, 47% free 9407K/17584K, paused 1ms+1ms, total 5ms
02-03 12:46:16.771 D/dalvikvm(15954): WAIT_FOR_CONCURRENT_GC blocked 5ms
02-03 12:46:16.771 D/dalvikvm(15954): GC_FOR_ALLOC freed 3544K, 45% free 9745K/17584K, paused 5ms, total 5ms
02-03 12:46:16.781 D/dalvikvm(15954): GC_FOR_ALLOC freed 4404K, 48% free 9241K/17584K, paused 5ms, total 5ms
02-03 12:46:16.791 D/dalvikvm(15954): GC_CONCURRENT freed 3911K, 47% free 9412K/17584K, paused 1ms+1ms, total 5ms
02-03 12:46:16.791 D/dalvikvm(15954): WAIT_FOR_CONCURRENT_GC blocked 5ms
02-03 12:46:16.791 D/dalvikvm(15954): GC_FOR_ALLOC freed 3583K, 45% free 9755K/17584K, paused 5ms, total 5ms
02-03 12:46:16.801 D/dalvikvm(15954): GC_FOR_ALLOC freed 4316K, 48% free 9237K/17584K, paused 5ms, total 5ms
02-03 12:46:16.811 D/dalvikvm(15954): GC_FOR_ALLOC freed 3787K, 48% free 9237K/17584K, paused 7ms, total 8ms
02-03 12:46:16.821 D/dalvikvm(15954): GC_FOR_ALLOC freed 3835K, 52% free 8479K/17584K, paused 5ms, total 5ms
02-03 12:46:16.851 D/dalvikvm(15954): GC_CONCURRENT freed 3333K, 48% free 9200K/17584K, paused 1ms+1ms, total 4ms
02-03 12:46:16.911 D/dalvikvm(15954): GC_CONCURRENT freed 4245K, 50% free 8925K/17584K, paused 1ms+1ms, total 7ms
02-03 12:46:16.921 D/dalvikvm(15954): GC_CONCURRENT freed 3991K, 50% free 8943K/17584K, paused 1ms+1ms, total 6ms
02-03 12:46:16.931 D/dalvikvm(15954): GC_CONCURRENT freed 3951K, 49% free 8981K/17584K, paused 1ms+1ms, total 5ms
02-03 12:46:16.941 D/dalvikvm(15954): GC_CONCURRENT freed 4017K, 49% free 9021K/17584K, paused 0ms+1ms, total 5ms
02-03 12:46:16.941 D/dalvikvm(15954): WAIT_FOR_CONCURRENT_GC blocked 5ms
02-03 12:46:16.951 D/dalvikvm(15954): GC_FOR_ALLOC freed 4131K, 50% free 8944K/17584K, paused 4ms, total 4ms
02-03 12:46:16.981 D/dalvikvm(15954): GC_CONCURRENT freed 3839K, 49% free 9142K/17584K, paused 1ms+6ms, total 34ms
02-03 12:46:16.981 D/dalvikvm(15954): WAIT_FOR_CONCURRENT_GC blocked 25ms
02-03 12:46:16.991 D/dalvikvm(15954): GC_FOR_ALLOC freed 4205K, 49% free 8972K/17584K, paused 4ms, total 4ms
02-03 12:46:17.001 D/dalvikvm(15954): GC_CONCURRENT freed 3985K, 49% free 9076K/17584K, paused 0ms+1ms, total 4ms
02-03 12:46:17.001 D/dalvikvm(15954): WAIT_FOR_CONCURRENT_GC blocked 4ms
02-03 12:46:17.001 D/dalvikvm(15954): GC_CONCURRENT freed 3980K, 49% free 9079K/17584K, paused 1ms+1ms, total 5ms
02-03 12:46:17.011 D/dalvikvm(15954): GC_FOR_ALLOC freed 4134K, 50% free 8960K/17584K, paused 5ms, total 5ms
02-03 12:46:17.021 D/dalvikvm(15954): GC_CONCURRENT freed 3814K, 48% free 9208K/17584K, paused 1ms+1ms, total 11ms
02-03 12:46:17.021 D/dalvikvm(15954): WAIT_FOR_CONCURRENT_GC blocked 4ms
02-03 12:46:17.031 D/dalvikvm(15954): GC_CONCURRENT freed 4155K, 49% free 9029K/17584K, paused 1ms+1ms, total 6ms
02-03 12:46:17.041 D/dalvikvm(15954): GC_FOR_ALLOC freed 4116K, 49% free 8980K/17584K, paused 5ms, total 5ms
02-03 12:46:17.051 D/dalvikvm(15954): GC_CONCURRENT freed 93K, 49% free 9027K/17584K, paused 2ms+1ms, total 6ms
02-03 12:46:17.061 D/dalvikvm(15954): GC_CONCURRENT freed 4039K, 49% free 9028K/17584K, paused 1ms+1ms, total 6ms
02-03 12:46:17.071 D/dalvikvm(15954): GC_FOR_ALLOC freed 4089K, 49% free 8979K/17584K, paused 5ms, total 5ms
02-03 12:46:17.071 D/dalvikvm(15954): GC_CONCURRENT freed 100K, 49% free 9029K/17584K, paused 1ms+1ms, total 5ms
02-03 12:46:17.101 D/dalvikvm(15954): GC_CONCURRENT freed 3818K, 48% free 9185K/17584K, paused 1ms+3ms, total 11ms
02-03 12:46:17.111 D/dalvikvm(15954): GC_FOR_ALLOC freed 3992K, 49% free 9133K/17584K, paused 5ms, total 6ms
02-03 12:46:17.121 D/dalvikvm(15954): GC_CONCURRENT freed 3944K, 48% free 9219K/17584K, paused 1ms+2ms, total 11ms
02-03 12:46:17.121 D/dalvikvm(15954): WAIT_FOR_CONCURRENT_GC blocked 7ms
02-03 12:46:17.141 D/dalvikvm(15954): GC_CONCURRENT freed 3942K, 47% free 9333K/17584K, paused 1ms+5ms, total 10ms
02-03 12:46:17.151 D/dalvikvm(15954): GC_FOR_ALLOC freed 4046K, 47% free 9336K/17584K, paused 5ms, total 6ms
02-03 12:46:17.161 D/dalvikvm(15954): GC_CONCURRENT freed 329K, 49% free 9123K/17584K, paused 0ms+1ms, total 5ms
02-03 12:46:17.161 D/dalvikvm(15954): GC_CONCURRENT freed 3972K, 48% free 9188K/17584K, paused 1ms+1ms, total 6ms
02-03 12:46:17.171 W/BindingManager(19493): Cannot call determinedVisibility() - never saw a connection for the pid: 19493
02-03 12:46:17.181 D/dalvikvm(15954): GC_FOR_ALLOC freed 4129K, 49% free 9013K/17584K, paused 8ms, total 9ms
02-03 12:46:17.191 D/dalvikvm(15954): GC_FOR_ALLOC freed 3913K, 49% free 9015K/17584K, paused 6ms, total 6ms
02-03 12:46:17.201 D/dalvikvm(15954): GC_CONCURRENT freed 3870K, 48% free 9146K/17584K, paused 1ms+1ms, total 7ms
02-03 12:46:17.201 D/dalvikvm(15954): WAIT_FOR_CONCURRENT_GC blocked 3ms
02-03 12:46:17.211 D/dalvikvm(15954): GC_CONCURRENT freed 4079K, 48% free 9151K/17584K, paused 1ms+1ms, total 8ms
02-03 12:46:17.211 D/dalvikvm(15954): WAIT_FOR_CONCURRENT_GC blocked 7ms
02-03 12:46:17.221 D/dalvikvm(15954): GC_CONCURRENT freed 3963K, 48% free 9222K/17584K, paused 2ms+4ms, total 11ms
02-03 12:46:17.231 D/dalvikvm(15954): GC_FOR_ALLOC freed 4109K, 49% free 9026K/17584K, paused 5ms, total 5ms
02-03 12:46:17.251 D/dalvikvm(15954): GC_CONCURRENT freed 3980K, 49% free 9097K/17584K, paused 1ms+1ms, total 13ms
02-03 12:46:17.261 D/dalvikvm(15954): GC_CONCURRENT freed 3912K, 48% free 9241K/17584K, paused 0ms+1ms, total 5ms
02-03 12:46:17.261 D/dalvikvm(15954): WAIT_FOR_CONCURRENT_GC blocked 3ms
02-03 12:46:17.271 D/dalvikvm(15954): GC_FOR_ALLOC freed 3978K, 48% free 9247K/17584K, paused 5ms, total 5ms
02-03 12:46:17.281 D/dalvikvm(15954): GC_CONCURRENT freed 3545K, 45% free 9753K/17584K, paused 1ms+0ms, total 7ms
02-03 12:46:17.281 D/dalvikvm(15954): WAIT_FOR_CONCURRENT_GC blocked 2ms
02-03 12:46:17.281 D/dalvikvm(15954): GC_CONCURRENT freed 4612K, 49% free 9111K/17584K, paused 1ms+1ms, total 5ms
02-03 12:46:17.281 D/dalvikvm(15954): WAIT_FOR_CONCURRENT_GC blocked 4ms
02-03 12:46:17.291 D/dalvikvm(15954): GC_FOR_ALLOC freed 4029K, 49% free 9040K/17584K, paused 4ms, total 4ms
02-03 12:46:17.301 D/dalvikvm(15954): GC_CONCURRENT freed 3862K, 48% free 9270K/17584K, paused 0ms+0ms, total 5ms
02-03 12:46:17.301 D/dalvikvm(15954): WAIT_FOR_CONCURRENT_GC blocked 5ms
02-03 12:46:17.311 D/dalvikvm(15954): GC_FOR_ALLOC freed 4150K, 49% free 9045K/17584K, paused 5ms, total 5ms
02-03 12:46:17.311 D/dalvikvm(15954): GC_CONCURRENT freed 3976K, 49% free 9125K/17584K, paused 1ms+1ms, total 5ms
02-03 12:46:17.311 D/dalvikvm(15954): WAIT_FOR_CONCURRENT_GC blocked 4ms
02-03 12:46:17.321 I/chromium(19493): [INFO:CONSOLE(70)] "WARNING: Message from backend doesn't have data.", source:  (70)
02-03 12:46:17.321 D/dalvikvm(15954): GC_FOR_ALLOC freed 3873K, 48% free 9286K/17584K, paused 7ms, total 7ms
02-03 12:46:17.331 D/dalvikvm(15954): GC_CONCURRENT freed 4169K, 48% free 9212K/17584K, paused 1ms+1ms, total 6ms
02-03 12:46:17.331 D/dalvikvm(15954): WAIT_FOR_CONCURRENT_GC blocked 4ms
02-03 12:46:17.341 D/dalvikvm(15954): GC_CONCURRENT freed 3981K, 48% free 9216K/17584K, paused 1ms+1ms, total 5ms
02-03 12:46:17.351 D/dalvikvm(15954): GC_FOR_ALLOC freed 4205K, 49% free 9056K/17584K, paused 4ms, total 5ms
02-03 12:46:17.351 D/dalvikvm(15954): GC_CONCURRENT freed 169K, 49% free 9134K/17584K, paused 0ms+0ms, total 5ms
02-03 12:46:17.361 D/dalvikvm(15954): GC_FOR_ALLOC freed 3768K, 48% free 9216K/17584K, paused 5ms, total 5ms
02-03 12:46:17.371 D/dalvikvm(15954): GC_CONCURRENT freed 3725K, 47% free 9467K/17584K, paused 0ms+1ms, total 5ms
02-03 12:46:17.381 D/dalvikvm(15954): GC_CONCURRENT freed 4197K, 48% free 9297K/17584K, paused 1ms+1ms, total 5ms
02-03 12:46:17.381 D/dalvikvm(15954): WAIT_FOR_CONCURRENT_GC blocked 4ms
02-03 12:46:17.391 D/dalvikvm(15954): GC_FOR_ALLOC freed 4075K, 48% free 9209K/17584K, paused 4ms, total 4ms
02-03 12:46:17.391 D/dalvikvm(15954): GC_CONCURRENT freed 173K, 48% free 9296K/17584K, paused 1ms+0ms, total 6ms
02-03 12:46:17.401 D/dalvikvm(15954): GC_CONCURRENT freed 3946K, 47% free 9415K/17584K, paused 1ms+1ms, total 5ms
02-03 12:46:17.411 D/dalvikvm(15954): GC_FOR_ALLOC freed 4080K, 47% free 9326K/17584K, paused 4ms, total 4ms
02-03 12:46:17.411 D/dalvikvm(15954): GC_CONCURRENT freed 165K, 47% free 9338K/17584K, paused 0ms+1ms, total 4ms
02-03 12:46:17.421 D/dalvikvm(15954): GC_FOR_ALLOC freed 3948K, 47% free 9337K/17584K, paused 4ms, total 4ms
02-03 12:46:17.431 D/dalvikvm(15954): GC_CONCURRENT freed 3988K, 47% free 9425K/17584K, paused 1ms+1ms, total 5ms
02-03 12:46:17.431 D/dalvikvm(15954): WAIT_FOR_CONCURRENT_GC blocked 3ms
02-03 12:46:17.441 D/dalvikvm(15954): GC_CONCURRENT freed 3846K, 46% free 9607K/17584K, paused 1ms+1ms, total 5ms
02-03 12:46:17.441 D/dalvikvm(15954): GC_CONCURRENT freed 4163K, 46% free 9515K/17584K, paused 1ms+1ms, total 5ms
02-03 12:46:17.441 D/dalvikvm(15954): WAIT_FOR_CONCURRENT_GC blocked 4ms
02-03 12:46:17.451 D/dalvikvm(15954): GC_FOR_ALLOC freed 4111K, 47% free 9328K/17584K, paused 5ms, total 5ms
02-03 12:46:17.461 D/dalvikvm(15954): GC_FOR_ALLOC freed 3963K, 47% free 9326K/17584K, paused 5ms, total 6ms
02-03 12:46:17.461 D/SendBroadcastHandler(19704): mTimerTask sendMessage CONTACTS_INSERT 
02-03 12:46:17.471 D/SendBroadcastHandler(19704): (insert) sendBroadcast mInsertRawContacts:4
02-03 12:46:17.471 D/SendBroadcastHandler(19704): (insert) sendBroadcast mInsertName:4
02-03 12:46:17.471 D/SendBroadcastHandler(19704): (insert) sendBroadcast mInsertNameDetail:4
02-03 12:46:17.471 D/SendBroadcastHandler(19704): sendBroadcast insert to voice agent
02-03 12:46:17.471 D/dalvikvm(15954): GC_CONCURRENT freed 3810K, 46% free 9546K/17584K, paused 1ms+1ms, total 6ms
02-03 12:46:17.471 D/dalvikvm(15954): WAIT_FOR_CONCURRENT_GC blocked 5ms
02-03 12:46:17.481 D/dalvikvm(15954): GC_CONCURRENT freed 4037K, 46% free 9546K/17584K, paused 0ms+1ms, total 5ms
02-03 12:46:17.481 D/dalvikvm(15954): WAIT_FOR_CONCURRENT_GC blocked 4ms
02-03 12:46:17.481 D/dalvikvm(15954): GC_CONCURRENT freed 4074K, 46% free 9545K/17584K, paused 1ms+1ms, total 5ms
02-03 12:46:17.481 D/dalvikvm(15954): WAIT_FOR_CONCURRENT_GC blocked 2ms
02-03 12:46:17.491 D/dalvikvm(15954): GC_FOR_ALLOC freed 3816K, 46% free 9642K/17584K, paused 4ms, total 4ms
02-03 12:46:17.501 D/dalvikvm(15954): GC_FOR_ALLOC freed 4147K, 47% free 9445K/17584K, paused 5ms, total 5ms
02-03 12:46:17.511 D/dalvikvm(15954): GC_FOR_ALLOC freed 3985K, 47% free 9344K/17584K, paused 7ms, total 7ms
02-03 12:46:17.521 D/dalvikvm(15954): GC_CONCURRENT freed 3716K, 46% free 9643K/17584K, paused 1ms+1ms, total 6ms
02-03 12:46:17.521 D/dalvikvm(15954): WAIT_FOR_CONCURRENT_GC blocked 4ms
02-03 12:46:17.521 D/dalvikvm(15954): GC_FOR_ALLOC freed 4520K, 48% free 9174K/17584K, paused 5ms, total 5ms
02-03 12:46:17.531 D/dalvikvm(15954): GC_CONCURRENT freed 3883K, 48% free 9307K/17584K, paused 1ms+1ms, total 5ms
02-03 12:46:17.531 D/dalvikvm(15954): WAIT_FOR_CONCURRENT_GC blocked 4ms
02-03 12:46:17.541 D/dalvikvm(15954): GC_FOR_ALLOC freed 4016K, 48% free 9203K/17584K, paused 5ms, total 5ms
02-03 12:46:17.541 I/SecurityManagerService(14632): SMS received security event: App[START/com.android.providers.calendar]
02-03 12:46:17.551 D/dalvikvm(15954): GC_CONCURRENT freed 3948K, 48% free 9306K/17584K, paused 1ms+1ms, total 6ms
02-03 12:46:17.551 D/dalvikvm(15954): WAIT_FOR_CONCURRENT_GC blocked 4ms
02-03 12:46:17.561 D/dalvikvm(15954): GC_FOR_ALLOC freed 4084K, 48% free 9200K/17584K, paused 5ms, total 5ms
02-03 12:46:17.561 D/dalvikvm(19737): Process 19737 nice name: com.android.providers.calendar
02-03 12:46:17.561 D/dalvikvm(19737): Extra Options: not specified
02-03 12:46:17.561 D/dalvikvm(15954): GC_FOR_ALLOC freed 3696K, 47% free 9410K/17584K, paused 5ms, total 5ms
02-03 12:46:17.561 I/ActivityManager(14542): Start proc com.android.providers.calendar for broadcast com.android.providers.calendar/.ContactsEventUpdateReceiver: pid=19737 uid=10031 gids={50031, 3003, 1028, 1015}
02-03 12:46:17.571 D/dalvikvm(15954): GC_FOR_ALLOC freed 4256K, 49% free 9091K/17584K, paused 5ms, total 5ms
02-03 12:46:17.581 D/dalvikvm(15954): GC_CONCURRENT freed 3967K, 48% free 9196K/17584K, paused 1ms+1ms, total 5ms
02-03 12:46:17.591 D/dalvikvm(15954): GC_CONCURRENT freed 3780K, 47% free 9410K/17584K, paused 1ms+1ms, total 6ms
02-03 12:46:17.601 D/dalvikvm(15954): GC_FOR_ALLOC freed 4352K, 49% free 9116K/17584K, paused 4ms, total 4ms
02-03 12:46:17.601 D/dalvikvm(15954): GC_CONCURRENT freed 217K, 48% free 9225K/17584K, paused 0ms+1ms, total 4ms
02-03 12:46:17.611 D/dalvikvm(15954): GC_CONCURRENT freed 3838K, 47% free 9442K/17584K, paused 2ms+1ms, total 6ms
02-03 12:46:17.621 D/dalvikvm(15954): GC_FOR_ALLOC freed 4418K, 49% free 9111K/17584K, paused 5ms, total 5ms
02-03 12:46:17.631 D/dalvikvm(15954): GC_CONCURRENT freed 220K, 47% free 9443K/17584K, paused 2ms+2ms, total 8ms
02-03 12:46:17.641 D/dalvikvm(15954): GC_FOR_ALLOC freed 3895K, 47% free 9442K/17584K, paused 4ms, total 6ms
02-03 12:46:17.661 D/dalvikvm(15954): GC_FOR_ALLOC freed 3921K, 47% free 9442K/17584K, paused 5ms, total 5ms
02-03 12:46:17.671 D/dalvikvm(15954): GC_FOR_ALLOC freed 3947K, 47% free 9442K/17584K, paused 6ms, total 6ms
02-03 12:46:17.691 D/dalvikvm(15954): GC_CONCURRENT freed 3973K, 47% free 9441K/17584K, paused 1ms+1ms, total 6ms
02-03 12:46:17.701 D/dalvikvm(15954): GC_CONCURRENT freed 4000K, 47% free 9441K/17584K, paused 3ms+2ms, total 12ms
02-03 12:46:17.701 D/dalvikvm(15954): WAIT_FOR_CONCURRENT_GC blocked 4ms
02-03 12:46:17.731 D/dalvikvm(15954): GC_CONCURRENT freed 4026K, 47% free 9473K/17584K, paused 2ms+1ms, total 25ms
02-03 12:46:17.741 D/dalvikvm(15954): GC_FOR_ALLOC freed 4052K, 47% free 9473K/17584K, paused 4ms, total 5ms
02-03 12:46:17.751 D/dalvikvm(15954): GC_CONCURRENT freed 347K, 47% free 9357K/17584K, paused 0ms+1ms, total 6ms
02-03 12:46:17.761 D/dalvikvm(15954): GC_CONCURRENT freed 4084K, 47% free 9357K/17584K, paused 1ms+1ms, total 8ms
02-03 12:46:17.761 D/dalvikvm(15954): WAIT_FOR_CONCURRENT_GC blocked 6ms
02-03 12:46:17.771 D/dalvikvm(15954): GC_FOR_ALLOC freed 3753K, 47% free 9477K/17584K, paused 7ms, total 7ms
02-03 12:46:17.781 D/dalvikvm(15954): GC_FOR_ALLOC freed 4139K, 48% free 9241K/17584K, paused 5ms, total 6ms
02-03 12:46:17.791 D/dalvikvm(15954): GC_FOR_ALLOC freed 3929K, 49% free 9120K/17584K, paused 5ms, total 5ms
02-03 12:46:17.801 D/dalvikvm(15954): GC_FOR_ALLOC freed 3591K, 47% free 9481K/17584K, paused 6ms, total 6ms
02-03 12:46:17.801 W/BindingManager(19493): Cannot call determinedVisibility() - never saw a connection for the pid: 19493
02-03 12:46:17.801 V/ActivityManager(14542): Remove bg service from mStartingBackground ,r=ServiceRecord{224e1208 u0 com.android.providers.calendar/.ContactsEventUpdateIntentService},r used time=134,left r count=1
02-03 12:46:17.811 D/dalvikvm(15954): GC_CONCURRENT freed 4220K, 48% free 9240K/17584K, paused 2ms+2ms, total 7ms
02-03 12:46:17.821 D/dalvikvm(15954): GC_FOR_ALLOC freed 4007K, 49% free 9117K/17584K, paused 6ms, total 6ms
02-03 12:46:17.831 D/dalvikvm(15954): GC_CONCURRENT freed 3661K, 47% free 9485K/17584K, paused 1ms+3ms, total 9ms
02-03 12:46:17.831 D/dalvikvm(15954): WAIT_FOR_CONCURRENT_GC blocked 7ms
02-03 12:46:17.841 D/dalvikvm(15954): GC_FOR_ALLOC freed 4303K, 48% free 9239K/17584K, paused 5ms, total 6ms
02-03 12:46:17.861 D/dalvikvm(15954): GC_CONCURRENT freed 3831K, 47% free 9397K/17584K, paused 2ms+0ms, total 7ms
02-03 12:46:17.871 D/dalvikvm(15954): GC_FOR_ALLOC freed 3986K, 48% free 9271K/17584K, paused 7ms, total 8ms
02-03 12:46:17.881 D/dalvikvm(15954): GC_CONCURRENT freed 3878K, 45% free 9777K/17584K, paused 3ms+1ms, total 13ms
02-03 12:46:17.891 D/dalvikvm(15954): GC_CONCURRENT freed 4414K, 47% free 9399K/17584K, paused 1ms+1ms, total 5ms
02-03 12:46:17.891 D/dalvikvm(15954): WAIT_FOR_CONCURRENT_GC blocked 4ms
02-03 12:46:17.901 D/dalvikvm(15954): GC_FOR_ALLOC freed 4055K, 48% free 9274K/17584K, paused 5ms, total 5ms
02-03 12:46:17.911 D/dalvikvm(15954): GC_CONCURRENT freed 3957K, 47% free 9401K/17584K, paused 1ms+1ms, total 6ms
02-03 12:46:17.911 D/dalvikvm(15954): WAIT_FOR_CONCURRENT_GC blocked 4ms
02-03 12:46:17.921 D/dalvikvm(15954): GC_CONCURRENT freed 4102K, 48% free 9275K/17584K, paused 1ms+1ms, total 5ms
02-03 12:46:17.921 D/dalvikvm(15954): WAIT_FOR_CONCURRENT_GC blocked 4ms
02-03 12:46:17.921 D/dalvikvm(15954): GC_FOR_ALLOC freed 3610K, 46% free 9535K/17584K, paused 5ms, total 5ms
02-03 12:46:17.931 D/dalvikvm(15954): GC_FOR_ALLOC freed 4283K, 48% free 9146K/17584K, paused 4ms, total 4ms
02-03 12:46:17.941 D/dalvikvm(15954): GC_CONCURRENT freed 3911K, 48% free 9278K/17584K, paused 1ms+1ms, total 5ms
02-03 12:46:17.941 D/dalvikvm(15954): WAIT_FOR_CONCURRENT_GC blocked 5ms
02-03 12:46:17.951 D/dalvikvm(15954): GC_FOR_ALLOC freed 3671K, 46% free 9542K/17584K, paused 5ms, total 5ms
02-03 12:46:17.951 D/dalvikvm(15954): GC_FOR_ALLOC freed 4354K, 48% free 9146K/17584K, paused 4ms, total 4ms
02-03 12:46:17.961 D/dalvikvm(15954): GC_FOR_ALLOC freed 3711K, 48% free 9148K/17584K, paused 5ms, total 5ms
02-03 12:46:17.971 D/dalvikvm(15954): GC_FOR_ALLOC freed 3730K, 48% free 9149K/17584K, paused 4ms, total 4ms
02-03 12:46:17.971 D/dalvikvm(15954): GC_FOR_ALLOC freed 3749K, 48% free 9150K/17584K, paused 4ms, total 4ms
02-03 12:46:17.981 D/dalvikvm(15954): GC_FOR_ALLOC freed 3768K, 48% free 9152K/17584K, paused 5ms, total 5ms
02-03 12:46:17.981 I/chromium(19493): [INFO:CONSOLE(70)] "WARNING: Message from backend doesn't have data.", source:  (70)
02-03 12:46:17.991 D/dalvikvm(15954): GC_FOR_ALLOC freed 3787K, 48% free 9153K/17584K, paused 10ms, total 10ms
02-03 12:46:18.001 D/dalvikvm(15954): GC_FOR_ALLOC freed 3806K, 48% free 9154K/17584K, paused 4ms, total 4ms
02-03 12:46:18.011 D/dalvikvm(15954): GC_FOR_ALLOC freed 3825K, 48% free 9156K/17584K, paused 4ms, total 4ms
02-03 12:46:18.021 D/dalvikvm(15954): GC_FOR_ALLOC freed 3844K, 48% free 9157K/17584K, paused 4ms, total 4ms
02-03 12:46:18.021 D/dalvikvm(15954): GC_FOR_ALLOC freed 3863K, 48% free 9158K/17584K, paused 4ms, total 4ms
02-03 12:46:18.031 D/dalvikvm(15954): GC_FOR_ALLOC freed 3882K, 48% free 9160K/17584K, paused 4ms, total 4ms
02-03 12:46:18.041 D/dalvikvm(15954): GC_FOR_ALLOC freed 3900K, 48% free 9161K/17584K, paused 4ms, total 5ms
02-03 12:46:18.051 D/SendBroadcastHandler(19704): startTimer() SEND_TO_CONTACTS_INSERT 
02-03 12:46:18.051 D/dalvikvm(15954): GC_FOR_ALLOC freed 3919K, 48% free 9162K/17584K, paused 4ms, total 5ms
02-03 12:46:18.061 D/dalvikvm(15954): GC_FOR_ALLOC freed 3938K, 48% free 9164K/17584K, paused 5ms, total 5ms
02-03 12:46:18.071 D/dalvikvm(15954): GC_FOR_ALLOC freed 3957K, 48% free 9165K/17584K, paused 5ms, total 5ms
02-03 12:46:18.071 D/dalvikvm(15954): GC_CONCURRENT freed 3692K, 47% free 9450K/17584K, paused 1ms+1ms, total 5ms
02-03 12:46:18.071 D/dalvikvm(15954): WAIT_FOR_CONCURRENT_GC blocked 4ms
02-03 12:46:18.081 D/dalvikvm(15954): GC_CONCURRENT freed 3997K, 47% free 9449K/17584K, paused 1ms+0ms, total 6ms
02-03 12:46:18.081 D/dalvikvm(15954): WAIT_FOR_CONCURRENT_GC blocked 5ms
02-03 12:46:18.091 D/dalvikvm(15954): GC_CONCURRENT freed 4012K, 47% free 9452K/17584K, paused 1ms+1ms, total 5ms
02-03 12:46:18.091 D/dalvikvm(15954): WAIT_FOR_CONCURRENT_GC blocked 4ms
02-03 12:46:18.101 D/dalvikvm(15954): GC_CONCURRENT freed 4031K, 47% free 9455K/17584K, paused 1ms+1ms, total 5ms
02-03 12:46:18.101 D/dalvikvm(15954): WAIT_FOR_CONCURRENT_GC blocked 4ms
02-03 12:46:18.111 D/dalvikvm(15954): GC_CONCURRENT freed 4050K, 47% free 9457K/17584K, paused 1ms+1ms, total 5ms
02-03 12:46:18.111 D/dalvikvm(15954): WAIT_FOR_CONCURRENT_GC blocked 4ms
02-03 12:46:18.121 D/dalvikvm(15954): GC_CONCURRENT freed 4068K, 47% free 9460K/17584K, paused 1ms+1ms, total 5ms
02-03 12:46:18.121 D/dalvikvm(15954): WAIT_FOR_CONCURRENT_GC blocked 4ms
02-03 12:46:18.121 D/dalvikvm(15954): GC_CONCURRENT freed 4087K, 47% free 9463K/17584K, paused 1ms+1ms, total 6ms
02-03 12:46:18.121 D/dalvikvm(15954): WAIT_FOR_CONCURRENT_GC blocked 5ms
02-03 12:46:18.131 D/dalvikvm(15954): GC_FOR_ALLOC freed 3664K, 46% free 9611K/17584K, paused 4ms, total 4ms
02-03 12:46:18.141 D/dalvikvm(15954): GC_FOR_ALLOC freed 4123K, 47% free 9320K/17584K, paused 4ms, total 4ms
02-03 12:46:18.151 D/dalvikvm(15954): GC_FOR_ALLOC freed 3845K, 48% free 9174K/17584K, paused 5ms, total 5ms
02-03 12:46:18.151 D/dalvikvm(15954): GC_FOR_ALLOC freed 3415K, 46% free 9620K/17584K, paused 4ms, total 4ms
02-03 12:46:18.161 D/dalvikvm(15954): GC_FOR_ALLOC freed 4174K, 47% free 9325K/17584K, paused 4ms, total 4ms
02-03 12:46:18.171 D/dalvikvm(15954): GC_FOR_ALLOC freed 3893K, 48% free 9178K/17584K, paused 4ms, total 4ms
02-03 12:46:18.171 D/dalvikvm(15954): GC_FOR_ALLOC freed 3457K, 46% free 9630K/17584K, paused 4ms, total 4ms
02-03 12:46:18.181 D/dalvikvm(15954): GC_FOR_ALLOC freed 4226K, 47% free 9331K/17584K, paused 4ms, total 4ms
02-03 12:46:18.191 D/dalvikvm(15954): GC_FOR_ALLOC freed 3941K, 48% free 9182K/17584K, paused 4ms, total 4ms
02-03 12:46:18.191 D/dalvikvm(15954): GC_FOR_ALLOC freed 3500K, 46% free 9639K/17584K, paused 4ms, total 4ms
02-03 12:46:18.211 D/dalvikvm(15954): GC_CONCURRENT freed 4278K, 47% free 9337K/17584K, paused 1ms+1ms, total 8ms
02-03 12:46:18.211 D/dalvikvm(15954): WAIT_FOR_CONCURRENT_GC blocked 7ms
02-03 12:46:18.211 D/dalvikvm(15954): GC_FOR_ALLOC freed 3990K, 48% free 9185K/17584K, paused 4ms, total 5ms
02-03 12:46:18.221 D/dalvikvm(15954): GC_CONCURRENT freed 3542K, 46% free 9648K/17584K, paused 1ms+1ms, total 6ms
02-03 12:46:18.221 D/dalvikvm(15954): WAIT_FOR_CONCURRENT_GC blocked 3ms
02-03 12:46:18.231 D/dalvikvm(15954): GC_CONCURRENT freed 4329K, 47% free 9342K/17584K, paused 0ms+1ms, total 5ms
02-03 12:46:18.231 D/dalvikvm(15954): WAIT_FOR_CONCURRENT_GC blocked 4ms
