02-03 12:49:40.321 D/dalvikvm(15954): GC_CONCURRENT freed 3852K, 46% free 9505K/17496K, paused 1ms+1ms, total 12ms
02-03 12:49:40.321 D/dalvikvm(15954): WAIT_FOR_CONCURRENT_GC blocked 7ms
02-03 12:49:40.321 W/BindingManager(20270): Cannot call determinedVisibility() - never saw a connection for the pid: 20270
02-03 12:49:40.331 D/dalvikvm(15954): GC_CONCURRENT freed 4355K, 48% free 9209K/17496K, paused 2ms+1ms, total 9ms
02-03 12:49:40.341 D/dalvikvm(15954): GC_FOR_ALLOC freed 4120K, 48% free 9131K/17496K, paused 5ms, total 6ms
02-03 12:49:40.351 D/dalvikvm(15954): GC_FOR_ALLOC freed 3862K, 47% free 9289K/17496K, paused 5ms, total 5ms
02-03 12:49:40.361 D/dalvikvm(15954): GC_CONCURRENT freed 236K, 48% free 9210K/17496K, paused 1ms+1ms, total 5ms
02-03 12:49:40.371 D/dalvikvm(15954): GC_FOR_ALLOC freed 4080K, 49% free 9051K/17496K, paused 5ms, total 5ms
02-03 12:49:40.381 D/dalvikvm(15954): GC_CONCURRENT freed 3812K, 48% free 9211K/17496K, paused 2ms+1ms, total 6ms
02-03 12:49:40.381 D/dalvikvm(15954): WAIT_FOR_CONCURRENT_GC blocked 2ms
02-03 12:49:40.391 D/dalvikvm(15954): GC_CONCURRENT freed 4024K, 48% free 9243K/17496K, paused 1ms+1ms, total 6ms
02-03 12:49:40.401 D/dalvikvm(15954): GC_FOR_ALLOC freed 4249K, 49% free 9077K/17496K, paused 6ms, total 6ms
02-03 12:49:40.411 D/dalvikvm(15954): GC_CONCURRENT freed 1685K, 47% free 9409K/17496K, paused 1ms+1ms, total 7ms
02-03 12:49:40.441 D/dalvikvm(15954): GC_FOR_ALLOC freed 4241K, 49% free 9072K/17496K, paused 13ms, total 13ms
02-03 12:49:40.451 D/dalvikvm(15954): GC_CONCURRENT freed 3778K, 47% free 9328K/17496K, paused 1ms+1ms, total 7ms
02-03 12:49:40.451 D/dalvikvm(15954): WAIT_FOR_CONCURRENT_GC blocked 6ms
02-03 12:49:40.471 D/dalvikvm(15954): GC_FOR_ALLOC freed 4255K, 48% free 9155K/17496K, paused 6ms, total 6ms
02-03 12:49:40.481 D/dalvikvm(15954): GC_CONCURRENT freed 3518K, 45% free 9679K/17496K, paused 4ms+1ms, total 11ms
02-03 12:49:40.481 D/dalvikvm(15954): WAIT_FOR_CONCURRENT_GC blocked 6ms
02-03 12:49:40.491 D/dalvikvm(15954): GC_CONCURRENT freed 4521K, 48% free 9153K/17496K, paused 1ms+1ms, total 5ms
02-03 12:49:40.491 D/dalvikvm(15954): WAIT_FOR_CONCURRENT_GC blocked 5ms
02-03 12:49:40.491 D/dalvikvm(15954): GC_FOR_ALLOC freed 3771K, 47% free 9363K/17496K, paused 4ms, total 4ms
02-03 12:49:40.501 D/dalvikvm(15954): GC_CONCURRENT freed 3634K, 45% free 9721K/17496K, paused 1ms+1ms, total 7ms
02-03 12:49:40.501 D/dalvikvm(15954): WAIT_FOR_CONCURRENT_GC blocked 2ms
02-03 12:49:40.511 D/dalvikvm(15954): GC_FOR_ALLOC freed 4480K, 49% free 9090K/17496K, paused 4ms, total 4ms
02-03 12:49:40.511 D/dalvikvm(15954): GC_FOR_ALLOC freed 3888K, 49% free 9087K/17496K, paused 4ms, total 4ms
02-03 12:49:40.521 D/dalvikvm(15954): GC_FOR_ALLOC freed 3925K, 49% free 9085K/17496K, paused 4ms, total 4ms
02-03 12:49:40.531 D/dalvikvm(15954): GC_FOR_ALLOC freed 3963K, 49% free 9083K/17496K, paused 4ms, total 4ms
02-03 12:49:40.541 D/dalvikvm(15954): GC_CONCURRENT freed 3806K, 47% free 9275K/17496K, paused 1ms+0ms, total 5ms
02-03 12:49:40.541 D/dalvikvm(15954): WAIT_FOR_CONCURRENT_GC blocked 4ms
02-03 12:49:40.541 D/dalvikvm(15954): GC_CONCURRENT freed 4037K, 47% free 9275K/17496K, paused 1ms+0ms, total 6ms
02-03 12:49:40.541 D/dalvikvm(15954): WAIT_FOR_CONCURRENT_GC blocked 5ms
02-03 12:49:40.551 D/dalvikvm(15954): GC_CONCURRENT freed 4074K, 47% free 9275K/17496K, paused 0ms+1ms, total 5ms
02-03 12:49:40.551 D/dalvikvm(15954): WAIT_FOR_CONCURRENT_GC blocked 5ms
02-03 12:49:40.561 D/dalvikvm(15954): GC_FOR_ALLOC freed 3816K, 47% free 9403K/17496K, paused 4ms, total 4ms
02-03 12:49:40.571 D/dalvikvm(15954): GC_FOR_ALLOC freed 4147K, 48% free 9206K/17496K, paused 4ms, total 4ms
02-03 12:49:40.571 D/dalvikvm(15954): GC_FOR_ALLOC freed 3985K, 48% free 9105K/17496K, paused 4ms, total 4ms
02-03 12:49:40.581 D/dalvikvm(15954): GC_CONCURRENT freed 3716K, 47% free 9404K/17496K, paused 1ms+1ms, total 6ms
02-03 12:49:40.581 D/dalvikvm(15954): WAIT_FOR_CONCURRENT_GC blocked 5ms
02-03 12:49:40.591 D/dalvikvm(15954): GC_CONCURRENT freed 4253K, 48% free 9202K/17496K, paused 0ms+1ms, total 5ms
02-03 12:49:40.591 D/dalvikvm(15954): WAIT_FOR_CONCURRENT_GC blocked 5ms
02-03 12:49:40.601 D/dalvikvm(15954): GC_CONCURRENT freed 3880K, 47% free 9307K/17496K, paused 0ms+1ms, total 5ms
02-03 12:49:40.601 D/dalvikvm(15954): WAIT_FOR_CONCURRENT_GC blocked 5ms
02-03 12:49:40.601 D/dalvikvm(15954): GC_FOR_ALLOC freed 4016K, 48% free 9203K/17496K, paused 4ms, total 4ms
02-03 12:49:40.611 D/dalvikvm(15954): GC_CONCURRENT freed 3948K, 47% free 9306K/17496K, paused 1ms+1ms, total 5ms
02-03 12:49:40.611 D/dalvikvm(15954): WAIT_FOR_CONCURRENT_GC blocked 4ms
02-03 12:49:40.621 D/dalvikvm(15954): GC_CONCURRENT freed 4084K, 48% free 9200K/17496K, paused 1ms+1ms, total 5ms
02-03 12:49:40.621 D/dalvikvm(15954): WAIT_FOR_CONCURRENT_GC blocked 4ms
02-03 12:49:40.631 D/dalvikvm(15954): GC_FOR_ALLOC freed 3697K, 47% free 9442K/17496K, paused 4ms, total 4ms
02-03 12:49:40.631 D/dalvikvm(15954): GC_FOR_ALLOC freed 4256K, 48% free 9123K/17496K, paused 4ms, total 4ms
02-03 12:49:40.641 D/dalvikvm(15954): GC_CONCURRENT freed 3967K, 48% free 9228K/17496K, paused 1ms+1ms, total 6ms
02-03 12:49:40.641 D/dalvikvm(15954): WAIT_FOR_CONCURRENT_GC blocked 5ms
02-03 12:49:40.651 D/dalvikvm(15954): GC_FOR_ALLOC freed 3780K, 47% free 9442K/17496K, paused 4ms, total 4ms
02-03 12:49:40.651 D/dalvikvm(15954): GC_CONCURRENT freed 3595K, 44% free 9872K/17496K, paused 1ms+1ms, total 6ms
02-03 12:49:40.651 D/dalvikvm(15954): WAIT_FOR_CONCURRENT_GC blocked 2ms
02-03 12:49:40.661 D/dalvikvm(15954): GC_FOR_ALLOC freed 4592K, 48% free 9113K/17496K, paused 4ms, total 4ms
02-03 12:49:40.671 D/dalvikvm(15954): GC_FOR_ALLOC freed 3862K, 48% free 9111K/17496K, paused 4ms, total 4ms
02-03 12:49:40.671 D/dalvikvm(15954): GC_FOR_ALLOC freed 3888K, 48% free 9108K/17496K, paused 4ms, total 4ms
02-03 12:49:40.681 D/dalvikvm(15954): GC_FOR_ALLOC freed 3914K, 48% free 9138K/17496K, paused 4ms, total 4ms
02-03 12:49:40.691 D/dalvikvm(15954): GC_FOR_ALLOC freed 3941K, 48% free 9135K/17496K, paused 4ms, total 4ms
02-03 12:49:40.691 D/dalvikvm(15954): GC_FOR_ALLOC freed 3967K, 48% free 9133K/17496K, paused 4ms, total 4ms
02-03 12:49:40.701 D/dalvikvm(15954): GC_CONCURRENT freed 3761K, 47% free 9363K/17496K, paused 1ms+1ms, total 5ms
02-03 12:49:40.701 D/dalvikvm(15954): WAIT_FOR_CONCURRENT_GC blocked 4ms
02-03 12:49:40.711 D/dalvikvm(15954): GC_CONCURRENT freed 4014K, 47% free 9365K/17496K, paused 0ms+1ms, total 4ms
02-03 12:49:40.711 D/dalvikvm(15954): WAIT_FOR_CONCURRENT_GC blocked 4ms
02-03 12:49:40.721 D/dalvikvm(15954): GC_CONCURRENT freed 4040K, 47% free 9368K/17496K, paused 1ms+1ms, total 5ms
02-03 12:49:40.721 D/dalvikvm(15954): WAIT_FOR_CONCURRENT_GC blocked 4ms
02-03 12:49:40.721 D/dalvikvm(15954): GC_CONCURRENT freed 4067K, 47% free 9372K/17496K, paused 1ms+0ms, total 5ms
02-03 12:49:40.721 D/dalvikvm(15954): WAIT_FOR_CONCURRENT_GC blocked 4ms
02-03 12:49:40.731 D/dalvikvm(15954): GC_FOR_ALLOC freed 3747K, 46% free 9487K/17496K, paused 5ms, total 5ms
02-03 12:49:40.741 D/dalvikvm(15954): GC_FOR_ALLOC freed 4127K, 48% free 9251K/17496K, paused 5ms, total 5ms
02-03 12:49:40.751 D/dalvikvm(15954): GC_FOR_ALLOC freed 3918K, 48% free 9132K/17496K, paused 4ms, total 4ms
02-03 12:49:40.751 D/dalvikvm(15954): GC_FOR_ALLOC freed 3585K, 46% free 9487K/17496K, paused 4ms, total 4ms
02-03 12:49:40.761 D/dalvikvm(15954): GC_FOR_ALLOC freed 4209K, 48% free 9246K/17496K, paused 4ms, total 4ms
02-03 12:49:40.771 D/dalvikvm(15954): GC_CONCURRENT freed 3395K, 45% free 9758K/17496K, paused 1ms+1ms, total 6ms
02-03 12:49:40.771 D/dalvikvm(15954): WAIT_FOR_CONCURRENT_GC blocked 2ms
02-03 12:49:40.771 D/dalvikvm(15954): GC_FOR_ALLOC freed 4256K, 46% free 9519K/17496K, paused 4ms, total 4ms
02-03 12:49:40.781 D/dalvikvm(15954): GC_CONCURRENT freed 3438K, 43% free 10127K/17496K, paused 0ms+1ms, total 6ms
02-03 12:49:40.781 D/dalvikvm(15954): WAIT_FOR_CONCURRENT_GC blocked 2ms
02-03 12:49:40.791 D/dalvikvm(15954): GC_FOR_ALLOC freed 4308K, 46% free 9518K/17496K, paused 4ms, total 4ms
02-03 12:49:40.791 D/dalvikvm(15954): GC_FOR_ALLOC freed 4096K, 48% free 9146K/17496K, paused 4ms, total 4ms
02-03 12:49:40.801 D/dalvikvm(15954): GC_FOR_ALLOC freed 3746K, 48% free 9268K/17496K, paused 4ms, total 4ms
02-03 12:49:40.811 D/dalvikvm(15954): GC_CONCURRENT freed 3891K, 47% free 9397K/17496K, paused 1ms+1ms, total 5ms
02-03 12:49:40.811 D/dalvikvm(15954): WAIT_FOR_CONCURRENT_GC blocked 4ms
02-03 12:49:40.811 D/dalvikvm(15954): GC_FOR_ALLOC freed 4043K, 48% free 9269K/17496K, paused 4ms, total 4ms
02-03 12:49:40.821 D/dalvikvm(15954): GC_CONCURRENT freed 3942K, 47% free 9395K/17496K, paused 0ms+1ms, total 5ms
02-03 12:49:40.821 D/dalvikvm(15954): WAIT_FOR_CONCURRENT_GC blocked 3ms
02-03 12:49:40.831 D/dalvikvm(15954): GC_CONCURRENT freed 4090K, 47% free 9297K/17496K, paused 1ms+1ms, total 5ms
02-03 12:49:40.831 D/dalvikvm(15954): WAIT_FOR_CONCURRENT_GC blocked 2ms
02-03 12:49:40.841 D/dalvikvm(15954): GC_FOR_ALLOC freed 3601K, 46% free 9552K/17496K, paused 4ms, total 4ms
02-03 12:49:40.841 D/dalvikvm(15954): GC_FOR_ALLOC freed 4267K, 48% free 9165K/17496K, paused 5ms, total 5ms
02-03 12:49:40.851 D/dalvikvm(15954): GC_CONCURRENT freed 3901K, 47% free 9292K/17496K, paused 1ms+0ms, total 6ms
02-03 12:49:40.851 D/dalvikvm(15954): WAIT_FOR_CONCURRENT_GC blocked 5ms
02-03 12:49:40.861 D/dalvikvm(15954): GC_FOR_ALLOC freed 3661K, 46% free 9551K/17496K, paused 4ms, total 4ms
02-03 12:49:40.871 D/dalvikvm(15954): GC_FOR_ALLOC freed 4338K, 48% free 9157K/17496K, paused 4ms, total 4ms
02-03 12:49:40.871 D/dalvikvm(15954): GC_CONCURRENT freed 3966K, 47% free 9286K/17496K, paused 1ms+1ms, total 5ms
02-03 12:49:40.871 D/dalvikvm(15954): WAIT_FOR_CONCURRENT_GC blocked 4ms
02-03 12:49:40.881 D/dalvikvm(15954): GC_FOR_ALLOC freed 3721K, 46% free 9550K/17496K, paused 4ms, total 4ms
02-03 12:49:40.891 D/dalvikvm(15954): GC_FOR_ALLOC freed 4410K, 48% free 9181K/17496K, paused 4ms, total 5ms
02-03 12:49:40.891 D/dalvikvm(15954): GC_CONCURRENT freed 3361K, 46% free 9580K/17496K, paused 0ms+1ms, total 6ms
02-03 12:49:40.891 D/dalvikvm(15954): WAIT_FOR_CONCURRENT_GC blocked 2ms
02-03 12:49:40.901 D/dalvikvm(15954): GC_FOR_ALLOC freed 4183K, 48% free 9176K/17496K, paused 4ms, total 4ms
02-03 12:49:40.911 D/dalvikvm(15954): GC_FOR_ALLOC freed 3801K, 48% free 9173K/17496K, paused 4ms, total 4ms
02-03 12:49:40.911 D/dalvikvm(15954): GC_FOR_ALLOC freed 3820K, 48% free 9171K/17496K, paused 4ms, total 4ms
02-03 12:49:40.921 D/dalvikvm(15954): GC_FOR_ALLOC freed 3839K, 48% free 9168K/17496K, paused 5ms, total 5ms
02-03 12:49:40.931 D/dalvikvm(15954): GC_FOR_ALLOC freed 3857K, 48% free 9166K/17496K, paused 4ms, total 4ms
02-03 12:49:40.931 D/dalvikvm(15954): GC_FOR_ALLOC freed 3876K, 48% free 9163K/17496K, paused 4ms, total 4ms
02-03 12:49:40.941 D/dalvikvm(15954): GC_FOR_ALLOC freed 3895K, 48% free 9192K/17496K, paused 5ms, total 5ms
02-03 12:49:40.951 D/dalvikvm(15954): GC_FOR_ALLOC freed 3914K, 48% free 9190K/17496K, paused 5ms, total 5ms
02-03 12:49:40.951 D/dalvikvm(15954): GC_FOR_ALLOC freed 3933K, 48% free 9187K/17496K, paused 4ms, total 4ms
02-03 12:49:40.961 D/dalvikvm(15954): GC_FOR_ALLOC freed 3951K, 48% free 9184K/17496K, paused 4ms, total 4ms
02-03 12:49:40.971 D/dalvikvm(15954): GC_FOR_ALLOC freed 3970K, 48% free 9182K/17496K, paused 4ms, total 4ms
02-03 12:49:40.971 D/dalvikvm(15954): GC_CONCURRENT freed 3564K, 46% free 9604K/17496K, paused 1ms+1ms, total 6ms
02-03 12:49:40.971 D/dalvikvm(15954): WAIT_FOR_CONCURRENT_GC blocked 2ms
02-03 12:49:40.981 D/dalvikvm(15954): GC_CONCURRENT freed 4143K, 46% free 9466K/17496K, paused 1ms+0ms, total 5ms
02-03 12:49:40.981 D/dalvikvm(15954): WAIT_FOR_CONCURRENT_GC blocked 4ms
02-03 12:49:40.991 D/dalvikvm(15954): GC_CONCURRENT freed 4025K, 46% free 9465K/17496K, paused 1ms+1ms, total 5ms
02-03 12:49:40.991 D/dalvikvm(15954): WAIT_FOR_CONCURRENT_GC blocked 5ms
02-03 12:49:41.001 D/dalvikvm(15954): GC_CONCURRENT freed 4044K, 46% free 9464K/17496K, paused 1ms+1ms, total 5ms
02-03 12:49:41.001 D/dalvikvm(15954): WAIT_FOR_CONCURRENT_GC blocked 5ms
02-03 12:49:41.001 D/dalvikvm(15954): GC_CONCURRENT freed 4063K, 46% free 9494K/17496K, paused 1ms+1ms, total 5ms
02-03 12:49:41.011 D/dalvikvm(15954): WAIT_FOR_CONCURRENT_GC blocked 5ms
02-03 12:49:41.011 D/dalvikvm(15954): GC_CONCURRENT freed 4082K, 46% free 9493K/17496K, paused 1ms+1ms, total 5ms
02-03 12:49:41.011 D/dalvikvm(15954): WAIT_FOR_CONCURRENT_GC blocked 4ms
02-03 12:49:41.021 D/dalvikvm(15954): GC_FOR_ALLOC freed 3660K, 45% free 9637K/17496K, paused 4ms, total 4ms
02-03 12:49:41.031 D/dalvikvm(15954): GC_FOR_ALLOC freed 4117K, 47% free 9342K/17496K, paused 5ms, total 5ms
02-03 12:49:41.031 D/dalvikvm(15954): GC_FOR_ALLOC freed 3841K, 48% free 9193K/17496K, paused 4ms, total 4ms
02-03 12:49:41.041 D/dalvikvm(15954): GC_FOR_ALLOC freed 3411K, 45% free 9634K/17496K, paused 4ms, total 4ms
02-03 12:49:41.051 D/dalvikvm(15954): GC_FOR_ALLOC freed 4169K, 47% free 9336K/17496K, paused 4ms, total 4ms
02-03 12:49:41.051 D/dalvikvm(15954): GC_FOR_ALLOC freed 3889K, 48% free 9185K/17496K, paused 4ms, total 4ms
02-03 12:49:41.061 D/dalvikvm(15954): GC_FOR_ALLOC freed 3453K, 45% free 9664K/17496K, paused 4ms, total 4ms
02-03 12:49:41.071 D/dalvikvm(15954): GC_FOR_ALLOC freed 4221K, 47% free 9362K/17496K, paused 4ms, total 4ms
02-03 12:49:41.071 D/dalvikvm(15954): GC_FOR_ALLOC freed 3937K, 48% free 9209K/17496K, paused 5ms, total 5ms
02-03 12:49:41.081 D/dalvikvm(15954): GC_FOR_ALLOC freed 3496K, 45% free 9661K/17496K, paused 4ms, total 4ms
02-03 12:49:41.091 D/dalvikvm(15954): GC_FOR_ALLOC freed 4273K, 47% free 9355K/17496K, paused 4ms, total 4ms
02-03 12:49:41.091 D/dalvikvm(15954): GC_FOR_ALLOC freed 3985K, 48% free 9200K/17496K, paused 4ms, total 4ms
02-03 12:49:41.101 D/dalvikvm(15954): GC_FOR_ALLOC freed 3538K, 45% free 9658K/17496K, paused 4ms, total 4ms
02-03 12:49:41.111 D/dalvikvm(15954): GC_CONCURRENT freed 3248K, 41% free 10425K/17496K, paused 1ms+1ms, total 7ms
02-03 12:49:41.111 D/dalvikvm(15954): WAIT_FOR_CONCURRENT_GC blocked 2ms
02-03 12:49:41.111 D/dalvikvm(15954): GC_FOR_ALLOC freed 4333K, 45% free 9688K/17496K, paused 4ms, total 4ms
02-03 12:49:41.121 D/dalvikvm(15954): GC_FOR_ALLOC freed 4357K, 47% free 9376K/17496K, paused 4ms, total 4ms
02-03 12:49:41.121 D/dalvikvm(15954): GC_CONCURRENT freed 3286K, 43% free 9996K/17496K, paused 1ms+1ms, total 6ms
02-03 12:49:41.131 D/dalvikvm(15954): WAIT_FOR_CONCURRENT_GC blocked 2ms
02-03 12:49:41.131 D/dalvikvm(15954): GC_FOR_ALLOC freed 4385K, 45% free 9685K/17496K, paused 4ms, total 5ms
02-03 12:49:41.141 D/dalvikvm(15954): GC_CONCURRENT freed 3311K, 41% free 10467K/17496K, paused 0ms+1ms, total 6ms
02-03 12:49:41.141 D/dalvikvm(15954): WAIT_FOR_CONCURRENT_GC blocked 2ms
02-03 12:49:41.151 D/dalvikvm(15954): GC_FOR_ALLOC freed 4417K, 47% free 9367K/17496K, paused 4ms, total 4ms
02-03 12:49:41.151 D/dalvikvm(15954): GC_FOR_ALLOC freed 4125K, 48% free 9207K/17496K, paused 4ms, total 4ms
02-03 12:49:41.161 D/dalvikvm(15954): GC_FOR_ALLOC freed 3662K, 47% free 9363K/17496K, paused 4ms, total 4ms
02-03 12:49:41.171 D/dalvikvm(15954): GC_CONCURRENT freed 3832K, 46% free 9557K/17496K, paused 1ms+1ms, total 5ms
02-03 12:49:41.171 D/dalvikvm(15954): WAIT_FOR_CONCURRENT_GC blocked 4ms
02-03 12:49:41.171 D/dalvikvm(15954): GC_FOR_ALLOC freed 4010K, 47% free 9395K/17496K, paused 4ms, total 4ms
02-03 12:49:41.181 D/dalvikvm(15954): GC_CONCURRENT freed 3862K, 46% free 9558K/17496K, paused 1ms+1ms, total 5ms
02-03 12:49:41.181 D/dalvikvm(15954): WAIT_FOR_CONCURRENT_GC blocked 5ms
02-03 12:49:41.191 D/dalvikvm(15954): GC_FOR_ALLOC freed 4040K, 47% free 9394K/17496K, paused 4ms, total 4ms
02-03 12:49:41.191 D/dalvikvm(15954): GC_CONCURRENT freed 3891K, 46% free 9559K/17496K, paused 0ms+1ms, total 5ms
02-03 12:49:41.191 D/dalvikvm(15954): WAIT_FOR_CONCURRENT_GC blocked 4ms
02-03 12:49:41.201 D/dalvikvm(15954): GC_FOR_ALLOC freed 4070K, 47% free 9394K/17496K, paused 5ms, total 5ms
02-03 12:49:41.211 D/dalvikvm(15954): GC_CONCURRENT freed 3921K, 46% free 9560K/17496K, paused 1ms+1ms, total 5ms
02-03 12:49:41.211 D/dalvikvm(15954): WAIT_FOR_CONCURRENT_GC blocked 4ms
02-03 12:49:41.221 D/dalvikvm(15954): GC_FOR_ALLOC freed 4102K, 47% free 9394K/17496K, paused 4ms, total 4ms
02-03 12:49:41.221 D/dalvikvm(15954): GC_FOR_ALLOC freed 3460K, 45% free 9721K/17496K, paused 4ms, total 5ms
02-03 12:49:41.231 D/dalvikvm(15954): GC_FOR_ALLOC freed 4299K, 48% free 9225K/17496K, paused 4ms, total 4ms
02-03 12:49:41.241 D/dalvikvm(15954): GC_FOR_ALLOC freed 3816K, 47% free 9387K/17496K, paused 4ms, total 4ms
02-03 12:49:41.241 D/dalvikvm(15954): GC_CONCURRENT freed 2666K, 40% free 10545K/17496K, paused 1ms+1ms, total 7ms
02-03 12:49:41.241 D/dalvikvm(15954): WAIT_FOR_CONCURRENT_GC blocked 3ms
02-03 12:49:41.251 D/dalvikvm(15954): GC_FOR_ALLOC freed 4332K, 45% free 9747K/17496K, paused 4ms, total 4ms
02-03 12:49:41.261 D/dalvikvm(15954): GC_FOR_ALLOC freed 4350K, 48% free 9244K/17496K, paused 4ms, total 4ms
02-03 12:49:41.261 D/dalvikvm(15954): GC_CONCURRENT freed 3860K, 47% free 9409K/17496K, paused 1ms+1ms, total 5ms
02-03 12:49:41.261 D/dalvikvm(15954): WAIT_FOR_CONCURRENT_GC blocked 4ms
02-03 12:49:41.271 D/dalvikvm(15954): GC_FOR_ALLOC freed 3535K, 45% free 9742K/17496K, paused 4ms, total 4ms
02-03 12:49:41.281 D/dalvikvm(15954): GC_FOR_ALLOC freed 4389K, 48% free 9236K/17496K, paused 4ms, total 4ms
02-03 12:49:41.291 D/dalvikvm(15954): GC_CONCURRENT freed 3897K, 47% free 9402K/17496K, paused 1ms+1ms, total 5ms
02-03 12:49:41.291 D/dalvikvm(15954): WAIT_FOR_CONCURRENT_GC blocked 5ms
02-03 12:49:41.291 D/dalvikvm(15954): GC_FOR_ALLOC freed 3573K, 45% free 9739K/17496K, paused 4ms, total 4ms
02-03 12:49:41.301 D/dalvikvm(15954): GC_FOR_ALLOC freed 4437K, 48% free 9227K/17496K, paused 4ms, total 4ms
02-03 12:49:41.301 D/dalvikvm(15954): GC_FOR_ALLOC freed 3596K, 48% free 9256K/17496K, paused 4ms, total 4ms
02-03 12:49:41.311 D/dalvikvm(15954): GC_FOR_ALLOC freed 3607K, 48% free 9253K/17496K, paused 4ms, total 4ms
02-03 12:49:41.321 D/dalvikvm(15954): GC_FOR_ALLOC freed 3616K, 48% free 9250K/17496K, paused 4ms, total 4ms
02-03 12:49:41.331 D/dalvikvm(15954): GC_CONCURRENT freed 3661K, 46% free 9591K/17496K, paused 0ms+1ms, total 5ms
02-03 12:49:41.331 D/dalvikvm(15954): WAIT_FOR_CONCURRENT_GC blocked 5ms
02-03 12:49:41.341 D/dalvikvm(15954): GC_CONCURRENT freed 3823K, 45% free 9773K/17496K, paused 1ms+1ms, total 5ms
02-03 12:49:41.341 D/dalvikvm(15954): WAIT_FOR_CONCURRENT_GC blocked 4ms
02-03 12:49:41.341 D/dalvikvm(15954): GC_FOR_ALLOC freed 3458K, 48% free 9236K/17496K, paused 4ms, total 4ms
02-03 12:49:41.351 D/dalvikvm(15954): GC_FOR_ALLOC freed 3942K, 52% free 8401K/17496K, paused 4ms, total 4ms
02-03 12:49:41.381 D/dalvikvm(15954): GC_CONCURRENT freed 3334K, 48% free 9130K/17496K, paused 1ms+1ms, total 5ms
02-03 12:49:43.551 W/BindingManager(20270): Cannot call determinedVisibility() - never saw a connection for the pid: 20270
02-03 12:49:44.481 W/BindingManager(20270): Cannot call determinedVisibility() - never saw a connection for the pid: 20270
02-03 12:49:44.581 D/dalvikvm(15954): GC_CONCURRENT freed 4827K, 53% free 8392K/17496K, paused 1ms+1ms, total 12ms
02-03 12:49:44.581 D/dalvikvm(15954): WAIT_FOR_CONCURRENT_GC blocked 10ms
02-03 12:49:44.591 D/dalvikvm(15954): GC_CONCURRENT freed 3969K, 50% free 8763K/17496K, paused 0ms+2ms, total 4ms
02-03 12:49:44.601 D/dalvikvm(15954): GC_FOR_ALLOC freed 4389K, 52% free 8448K/17496K, paused 4ms, total 4ms
02-03 12:49:44.611 D/dalvikvm(15954): GC_CONCURRENT freed 1567K, 51% free 8669K/17496K, paused 0ms+1ms, total 4ms
02-03 12:49:44.621 D/dalvikvm(15954): GC_CONCURRENT freed 4253K, 52% free 8455K/17496K, paused 0ms+1ms, total 5ms
02-03 12:49:44.621 D/dalvikvm(15954): WAIT_FOR_CONCURRENT_GC blocked 5ms
02-03 12:49:44.631 D/dalvikvm(15954): GC_CONCURRENT freed 3964K, 52% free 8555K/17496K, paused 1ms+1ms, total 4ms
02-03 12:49:44.631 D/dalvikvm(15954): WAIT_FOR_CONCURRENT_GC blocked 2ms
02-03 12:49:44.631 D/dalvikvm(15954): GC_CONCURRENT freed 4153K, 52% free 8452K/17496K, paused 1ms+1ms, total 4ms
02-03 12:49:44.641 D/dalvikvm(15954): GC_CONCURRENT freed 3964K, 52% free 8493K/17496K, paused 1ms+1ms, total 4ms
02-03 12:49:44.641 D/dalvikvm(15954): WAIT_FOR_CONCURRENT_GC blocked 3ms
02-03 12:49:44.651 D/dalvikvm(15954): GC_FOR_ALLOC freed 4061K, 52% free 8467K/17496K, paused 3ms, total 4ms
02-03 12:49:44.661 D/dalvikvm(15954): GC_CONCURRENT freed 3938K, 51% free 8616K/17496K, paused 0ms+2ms, total 10ms
02-03 12:49:44.661 D/dalvikvm(15954): WAIT_FOR_CONCURRENT_GC blocked 3ms
02-03 12:49:44.671 D/dalvikvm(15954): GC_CONCURRENT freed 4147K, 52% free 8481K/17496K, paused 4ms+1ms, total 9ms
02-03 12:49:44.681 D/dalvikvm(15954): GC_CONCURRENT freed 3933K, 52% free 8530K/17496K, paused 1ms+1ms, total 4ms
02-03 12:49:44.711 D/dalvikvm(15954): GC_CONCURRENT freed 3992K, 52% free 8538K/17496K, paused 1ms+1ms, total 18ms
02-03 12:49:44.711 D/dalvikvm(15954): WAIT_FOR_CONCURRENT_GC blocked 13ms
02-03 12:49:44.721 D/dalvikvm(15954): GC_CONCURRENT freed 4025K, 52% free 8498K/17496K, paused 1ms+2ms, total 6ms
02-03 12:49:44.731 D/dalvikvm(15954): GC_CONCURRENT freed 3997K, 52% free 8504K/17496K, paused 1ms+2ms, total 6ms
02-03 12:49:44.741 D/dalvikvm(15954): GC_CONCURRENT freed 3946K, 52% free 8559K/17496K, paused 1ms+1ms, total 4ms
02-03 12:49:44.751 D/dalvikvm(15954): GC_CONCURRENT freed 4136K, 52% free 8514K/17496K, paused 1ms+2ms, total 4ms
02-03 12:49:44.751 D/dalvikvm(15954): WAIT_FOR_CONCURRENT_GC blocked 3ms
02-03 12:49:44.761 D/dalvikvm(15954): GC_CONCURRENT freed 4061K, 52% free 8519K/17496K, paused 1ms+1ms, total 5ms
02-03 12:49:44.761 D/dalvikvm(15954): WAIT_FOR_CONCURRENT_GC blocked 4ms
02-03 12:49:44.771 D/dalvikvm(15954): GC_CONCURRENT freed 3966K, 51% free 8579K/17496K, paused 1ms+1ms, total 5ms
02-03 12:49:44.781 D/dalvikvm(15954): GC_CONCURRENT freed 4138K, 52% free 8529K/17496K, paused 1ms+0ms, total 4ms
02-03 12:49:44.791 D/dalvikvm(15954): GC_CONCURRENT freed 4021K, 52% free 8533K/17496K, paused 1ms+0ms, total 5ms
02-03 12:49:44.791 D/dalvikvm(15954): WAIT_FOR_CONCURRENT_GC blocked 3ms
02-03 12:49:44.801 D/dalvikvm(15954): GC_FOR_ALLOC freed 4007K, 52% free 8478K/17496K, paused 3ms, total 3ms
02-03 12:49:44.811 D/dalvikvm(15954): GC_FOR_ALLOC freed 3922K, 52% free 8541K/17496K, paused 4ms, total 4ms
02-03 12:49:44.811 D/dalvikvm(15954): GC_CONCURRENT freed 553K, 50% free 8846K/17496K, paused 1ms+1ms, total 5ms
02-03 12:49:44.831 D/dalvikvm(15954): GC_CONCURRENT freed 4210K, 51% free 8671K/17496K, paused 3ms+4ms, total 12ms
02-03 12:49:44.851 D/dalvikvm(15954): GC_CONCURRENT freed 3991K, 51% free 8678K/17496K, paused 6ms+1ms, total 12ms
02-03 12:49:44.861 D/dalvikvm(15954): GC_FOR_ALLOC freed 4076K, 51% free 8684K/17496K, paused 4ms, total 4ms
02-03 12:49:44.871 D/dalvikvm(15954): GC_CONCURRENT freed 3704K, 49% free 9014K/17496K, paused 0ms+1ms, total 7ms
02-03 12:49:44.871 D/dalvikvm(15954): WAIT_FOR_CONCURRENT_GC blocked 3ms
02-03 12:49:44.881 D/dalvikvm(15954): GC_CONCURRENT freed 4430K, 51% free 8630K/17496K, paused 1ms+1ms, total 4ms
02-03 12:49:44.881 D/dalvikvm(15954): WAIT_FOR_CONCURRENT_GC blocked 2ms
02-03 12:49:44.891 D/dalvikvm(15954): GC_CONCURRENT freed 4115K, 52% free 8566K/17496K, paused 0ms+1ms, total 4ms
02-03 12:49:44.971 D/dalvikvm(15954): GC_CONCURRENT freed 3912K, 51% free 8710K/17496K, paused 1ms+3ms, total 17ms
02-03 12:49:44.971 D/dalvikvm(15954): WAIT_FOR_CONCURRENT_GC blocked 15ms
02-03 12:49:44.991 D/dalvikvm(15954): GC_CONCURRENT freed 3978K, 51% free 8716K/17496K, paused 5ms+1ms, total 12ms
02-03 12:49:44.991 D/dalvikvm(15954): WAIT_FOR_CONCURRENT_GC blocked 4ms
02-03 12:49:45.001 D/dalvikvm(15954): GC_CONCURRENT freed 4045K, 51% free 8722K/17496K, paused 1ms+1ms, total 4ms
02-03 12:49:45.011 D/dalvikvm(15954): GC_CONCURRENT freed 4112K, 51% free 8581K/17496K, paused 0ms+1ms, total 4ms
02-03 12:49:45.011 D/dalvikvm(15954): GC_FOR_ALLOC freed 4029K, 52% free 8509K/17496K, paused 3ms, total 4ms
02-03 12:49:45.021 D/dalvikvm(15954): GC_CONCURRENT freed 3862K, 51% free 8739K/17496K, paused 2ms+1ms, total 6ms
02-03 12:49:45.051 D/dalvikvm(15954): GC_FOR_ALLOC freed 4150K, 52% free 8514K/17496K, paused 17ms, total 18ms
02-03 12:49:45.071 D/dalvikvm(15954): GC_CONCURRENT freed 3976K, 51% free 8594K/17496K, paused 1ms+6ms, total 14ms
02-03 12:49:45.071 D/dalvikvm(15954): WAIT_FOR_CONCURRENT_GC blocked 8ms
02-03 12:49:45.081 W/BindingManager(20270): Cannot call determinedVisibility() - never saw a connection for the pid: 20270
02-03 12:49:45.091 D/dalvikvm(15954): GC_FOR_ALLOC freed 3873K, 50% free 8755K/17496K, paused 7ms, total 7ms
02-03 12:49:45.101 D/dalvikvm(15954): GC_CONCURRENT freed 3775K, 49% free 9076K/17496K, paused 1ms+1ms, total 9ms
02-03 12:49:45.101 D/dalvikvm(15954): WAIT_FOR_CONCURRENT_GC blocked 4ms
02-03 12:49:45.101 D/dalvikvm(15954): GC_CONCURRENT freed 4378K, 51% free 8686K/17496K, paused 1ms+1ms, total 3ms
02-03 12:49:45.111 D/dalvikvm(15954): WAIT_FOR_CONCURRENT_GC blocked 3ms
02-03 12:49:45.111 D/dalvikvm(15954): GC_CONCURRENT freed 4037K, 51% free 8690K/17496K, paused 0ms+1ms, total 3ms
02-03 12:49:45.111 D/dalvikvm(15954): WAIT_FOR_CONCURRENT_GC blocked 3ms
02-03 12:49:45.121 D/dalvikvm(15954): GC_FOR_ALLOC freed 4091K, 51% free 8695K/17496K, paused 3ms, total 3ms
02-03 12:49:45.121 D/dalvikvm(15954): GC_FOR_ALLOC freed 3890K, 50% free 8783K/17496K, paused 2ms, total 2ms
02-03 12:49:45.131 D/dalvikvm(15954): GC_CONCURRENT freed 2051K, 46% free 9554K/17496K, paused 1ms+1ms, total 5ms
02-03 12:49:45.131 D/dalvikvm(15954): GC_CONCURRENT freed 4821K, 51% free 8705K/17496K, paused 0ms+1ms, total 3ms
02-03 12:49:45.131 D/dalvikvm(15954): WAIT_FOR_CONCURRENT_GC blocked 3ms
02-03 12:49:45.141 D/dalvikvm(15954): GC_FOR_ALLOC freed 4012K, 51% free 8621K/17496K, paused 3ms, total 3ms
02-03 12:49:45.151 D/dalvikvm(15954): GC_CONCURRENT freed 3970K, 51% free 8713K/17496K, paused 0ms+1ms, total 3ms
02-03 12:49:45.151 D/dalvikvm(15954): WAIT_FOR_CONCURRENT_GC blocked 3ms
02-03 12:49:45.151 D/dalvikvm(15954): GC_FOR_ALLOC freed 4102K, 51% free 8627K/17496K, paused 3ms, total 3ms
02-03 12:49:45.161 D/dalvikvm(15954): GC_CONCURRENT freed 2342K, 48% free 9166K/17496K, paused 1ms+1ms, total 4ms
02-03 12:49:45.161 D/dalvikvm(15954): GC_FOR_ALLOC freed 4626K, 51% free 8632K/17496K, paused 3ms, total 3ms
02-03 12:49:45.171 D/dalvikvm(15954): GC_CONCURRENT freed 2385K, 45% free 9642K/17496K, paused 1ms+2ms, total 5ms
02-03 12:49:45.171 D/dalvikvm(15954): GC_CONCURRENT freed 4990K, 51% free 8731K/17496K, paused 1ms+1ms, total 3ms
02-03 12:49:45.171 D/dalvikvm(15954): WAIT_FOR_CONCURRENT_GC blocked 3ms
02-03 12:49:45.181 D/dalvikvm(15954): GC_FOR_ALLOC freed 4113K, 52% free 8547K/17496K, paused 3ms, total 3ms
02-03 12:49:45.181 D/dalvikvm(15954): GC_FOR_ALLOC freed 3965K, 52% free 8549K/17496K, paused 2ms, total 2ms
02-03 12:49:45.191 D/dalvikvm(15954): GC_CONCURRENT freed 3812K, 51% free 8741K/17496K, paused 1ms+1ms, total 4ms
02-03 12:49:45.191 D/dalvikvm(15954): WAIT_FOR_CONCURRENT_GC blocked 3ms
02-03 12:49:45.201 D/dalvikvm(15954): GC_CONCURRENT freed 4039K, 51% free 8745K/17496K, paused 0ms+1ms, total 3ms
02-03 12:49:45.201 D/dalvikvm(15954): WAIT_FOR_CONCURRENT_GC blocked 3ms
02-03 12:49:45.201 D/dalvikvm(15954): GC_CONCURRENT freed 4077K, 50% free 8749K/17496K, paused 1ms+1ms, total 3ms
02-03 12:49:45.201 D/dalvikvm(15954): WAIT_FOR_CONCURRENT_GC blocked 3ms
02-03 12:49:45.211 D/dalvikvm(15954): GC_FOR_ALLOC freed 3818K, 50% free 8849K/17496K, paused 3ms, total 3ms
02-03 12:49:45.221 D/dalvikvm(15954): GC_FOR_ALLOC freed 4149K, 51% free 8656K/17496K, paused 3ms, total 3ms
02-03 12:49:45.221 D/dalvikvm(15954): GC_FOR_ALLOC freed 3987K, 52% free 8559K/17496K, paused 3ms, total 3ms
02-03 12:49:45.231 D/dalvikvm(15954): GC_FOR_ALLOC freed 3718K, 50% free 8862K/17496K, paused 3ms, total 3ms
02-03 12:49:45.231 D/dalvikvm(15954): GC_CONCURRENT freed 3039K, 47% free 9371K/17496K, paused 0ms+1ms, total 4ms
02-03 12:49:45.241 D/dalvikvm(15954): GC_FOR_ALLOC freed 4793K, 51% free 8666K/17496K, paused 3ms, total 3ms
02-03 12:49:45.241 D/dalvikvm(15954): GC_CONCURRENT freed 2370K, 46% free 9589K/17496K, paused 1ms+1ms, total 4ms
02-03 12:49:45.251 D/dalvikvm(15954): GC_FOR_ALLOC freed 4864K, 51% free 8670K/17496K, paused 3ms, total 3ms
02-03 12:49:45.251 D/dalvikvm(15954): GC_CONCURRENT freed 3974K, 50% free 8779K/17496K, paused 0ms+1ms, total 3ms
02-03 12:49:45.251 D/dalvikvm(15954): WAIT_FOR_CONCURRENT_GC blocked 2ms
02-03 12:49:45.261 D/dalvikvm(15954): GC_FOR_ALLOC freed 4112K, 51% free 8676K/17496K, paused 3ms, total 3ms
02-03 12:49:45.261 D/dalvikvm(15954): GC_CONCURRENT freed 2444K, 45% free 9631K/17496K, paused 1ms+1ms, total 4ms
02-03 12:49:45.271 D/dalvikvm(15954): GC_CONCURRENT freed 5019K, 51% free 8681K/17496K, paused 1ms+1ms, total 4ms
02-03 12:49:45.271 D/dalvikvm(15954): WAIT_FOR_CONCURRENT_GC blocked 3ms
02-03 12:49:45.281 D/dalvikvm(15954): GC_CONCURRENT freed 3771K, 50% free 8898K/17496K, paused 0ms+1ms, total 3ms
02-03 12:49:45.281 D/dalvikvm(15954): WAIT_FOR_CONCURRENT_GC blocked 2ms
02-03 12:49:45.281 D/dalvikvm(15954): GC_FOR_ALLOC freed 4342K, 51% free 8577K/17496K, paused 3ms, total 3ms
02-03 12:49:45.291 D/dalvikvm(15954): GC_CONCURRENT freed 2295K, 45% free 9670K/17496K, paused 0ms+1ms, total 4ms
02-03 12:49:45.291 D/dalvikvm(15954): GC_CONCURRENT freed 4832K, 50% free 8909K/17496K, paused 0ms+1ms, total 4ms
02-03 12:49:45.291 D/dalvikvm(15954): WAIT_FOR_CONCURRENT_GC blocked 4ms
02-03 12:49:45.301 D/dalvikvm(15954): GC_FOR_ALLOC freed 3875K, 50% free 8913K/17496K, paused 2ms, total 3ms
02-03 12:49:45.311 D/dalvikvm(15954): GC_FOR_ALLOC freed 3901K, 50% free 8917K/17496K, paused 3ms, total 3ms
02-03 12:49:45.311 D/dalvikvm(15954): GC_FOR_ALLOC freed 3928K, 50% free 8921K/17496K, paused 3ms, total 3ms
02-03 12:49:45.331 D/dalvikvm(15954): GC_FOR_ALLOC freed 3954K, 49% free 8924K/17496K, paused 2ms, total 3ms
02-03 12:49:45.331 D/dalvikvm(15954): GC_FOR_ALLOC freed 3980K, 49% free 8928K/17496K, paused 3ms, total 3ms
02-03 12:49:45.331 D/dalvikvm(15954): GC_CONCURRENT freed 2406K, 44% free 9958K/17496K, paused 1ms+1ms, total 5ms
02-03 12:49:45.331 D/dalvikvm(15954): GC_FOR_ALLOC freed 4824K, 49% free 8935K/17496K, paused 3ms, total 3ms
02-03 12:49:45.341 D/dalvikvm(15954): GC_FOR_ALLOC freed 4053K, 49% free 8939K/17496K, paused 3ms, total 3ms
02-03 12:49:45.341 D/dalvikvm(15954): GC_CONCURRENT freed 2683K, 45% free 9755K/17496K, paused 1ms+1ms, total 4ms
02-03 12:49:45.351 D/dalvikvm(15954): GC_FOR_ALLOC freed 4685K, 49% free 8946K/17496K, paused 3ms, total 3ms
02-03 12:49:45.351 D/dalvikvm(15954): GC_FOR_ALLOC freed 4135K, 51% free 8714K/17496K, paused 2ms, total 3ms
02-03 12:49:45.361 D/dalvikvm(15954): GC_FOR_ALLOC freed 3925K, 51% free 8598K/17496K, paused 3ms, total 3ms
02-03 12:49:45.371 D/dalvikvm(15954): GC_FOR_ALLOC freed 3591K, 49% free 8958K/17496K, paused 3ms, total 3ms
02-03 12:49:45.371 D/dalvikvm(15954): GC_FOR_ALLOC freed 4217K, 51% free 8721K/17496K, paused 2ms, total 3ms
02-03 12:49:45.381 D/dalvikvm(15954): GC_CONCURRENT freed 2304K, 42% free 10299K/17496K, paused 1ms+1ms, total 4ms
02-03 12:49:45.381 D/dalvikvm(15954): GC_FOR_ALLOC freed 5116K, 51% free 8604K/17496K, paused 3ms, total 3ms
02-03 12:49:45.391 D/dalvikvm(15954): GC_FOR_ALLOC freed 3681K, 49% free 8973K/17496K, paused 3ms, total 3ms
02-03 12:49:45.391 D/dalvikvm(15954): GC_CONCURRENT freed 3212K, 43% free 10088K/17496K, paused 1ms+2ms, total 5ms
02-03 12:49:45.401 D/dalvikvm(15954): GC_FOR_ALLOC freed 4590K, 49% free 8981K/17496K, paused 2ms, total 3ms
02-03 12:49:45.401 D/dalvikvm(15954): GC_FOR_ALLOC freed 4125K, 51% free 8610K/17496K, paused 3ms, total 3ms
02-03 12:49:45.411 D/dalvikvm(15954): GC_FOR_ALLOC freed 3772K, 51% free 8736K/17496K, paused 3ms, total 3ms
02-03 12:49:45.421 D/dalvikvm(15954): GC_FOR_ALLOC freed 4175K, 51% free 8613K/17496K, paused 2ms, total 3ms
02-03 12:49:45.421 D/dalvikvm(15954): GC_CONCURRENT freed 2926K, 48% free 9248K/17496K, paused 1ms+2ms, total 5ms
02-03 12:49:45.431 D/dalvikvm(15954): GC_CONCURRENT freed 4474K, 51% free 8743K/17496K, paused 0ms+1ms, total 3ms
02-03 12:49:45.431 D/dalvikvm(15954): WAIT_FOR_CONCURRENT_GC blocked 3ms
02-03 12:49:45.431 D/dalvikvm(15954): GC_FOR_ALLOC freed 3601K, 49% free 9002K/17496K, paused 3ms, total 3ms
02-03 12:49:45.441 D/dalvikvm(15954): GC_FOR_ALLOC freed 4268K, 51% free 8618K/17496K, paused 3ms, total 3ms
02-03 12:49:45.441 D/dalvikvm(15954): GC_FOR_ALLOC freed 3902K, 50% free 8749K/17496K, paused 3ms, total 3ms
02-03 12:49:45.451 D/dalvikvm(15954): GC_CONCURRENT freed 2485K, 46% free 9533K/17496K, paused 1ms+2ms, total 5ms
02-03 12:49:45.451 D/dalvikvm(15954): GC_FOR_ALLOC freed 4593K, 51% free 8622K/17496K, paused 3ms, total 3ms
02-03 12:49:45.461 D/dalvikvm(15954): GC_FOR_ALLOC freed 3962K, 50% free 8755K/17496K, paused 3ms, total 3ms
02-03 12:49:45.471 D/dalvikvm(15954): GC_CONCURRENT freed 2523K, 44% free 9952K/17496K, paused 1ms+1ms, total 5ms
02-03 12:49:45.471 D/dalvikvm(15954): GC_FOR_ALLOC freed 4930K, 50% free 8759K/17496K, paused 3ms, total 3ms
02-03 12:49:45.481 D/dalvikvm(15954): GC_FOR_ALLOC freed 3755K, 49% free 9030K/17496K, paused 3ms, total 3ms
02-03 12:49:45.481 D/dalvikvm(15954): GC_CONCURRENT freed 1889K, 43% free 9972K/17496K, paused 1ms+1ms, total 4ms
02-03 12:49:45.491 D/dalvikvm(15954): GC_FOR_ALLOC freed 4728K, 50% free 8765K/17496K, paused 3ms, total 3ms
02-03 12:49:45.491 D/dalvikvm(15954): GC_CONCURRENT freed 3808K, 49% free 9039K/17496K, paused 1ms+1ms, total 4ms
02-03 12:49:45.491 D/dalvikvm(15954): WAIT_FOR_CONCURRENT_GC blocked 3ms
02-03 12:49:45.501 D/dalvikvm(15954): GC_FOR_ALLOC freed 4236K, 51% free 8633K/17496K, paused 3ms, total 3ms
02-03 12:49:45.501 D/dalvikvm(15954): GC_FOR_ALLOC freed 3435K, 49% free 9046K/17496K, paused 3ms, total 3ms
02-03 12:49:45.511 D/dalvikvm(15954): GC_FOR_ALLOC freed 3864K, 49% free 9049K/17496K, paused 3ms, total 3ms
02-03 12:49:45.521 D/dalvikvm(15954): GC_FOR_ALLOC freed 3883K, 49% free 9053K/17496K, paused 3ms, total 3ms
02-03 12:49:45.521 D/dalvikvm(15954): GC_FOR_ALLOC freed 3902K, 49% free 9056K/17496K, paused 3ms, total 3ms
02-03 12:49:45.531 D/dalvikvm(15954): GC_FOR_ALLOC freed 3921K, 49% free 9059K/17496K, paused 3ms, total 3ms
02-03 12:49:45.531 D/dalvikvm(15954): GC_FOR_ALLOC freed 3939K, 49% free 9063K/17496K, paused 4ms, total 4ms
02-03 12:49:45.541 D/dalvikvm(15954): GC_FOR_ALLOC freed 3958K, 49% free 9066K/17496K, paused 4ms, total 4ms
02-03 12:49:45.551 D/dalvikvm(15954): GC_FOR_ALLOC freed 3977K, 49% free 9070K/17496K, paused 4ms, total 4ms
02-03 12:49:45.551 D/dalvikvm(15954): GC_CONCURRENT freed 1999K, 41% free 10353K/17496K, paused 1ms+1ms, total 5ms
02-03 12:49:45.561 D/dalvikvm(15954): GC_FOR_ALLOC freed 4719K, 51% free 8646K/17496K, paused 4ms, total 4ms
02-03 12:49:45.571 D/dalvikvm(15954): GC_CONCURRENT freed 3740K, 49% free 8935K/17496K, paused 1ms+1ms, total 4ms
02-03 12:49:45.571 D/dalvikvm(15954): WAIT_FOR_CONCURRENT_GC blocked 3ms
02-03 12:49:45.571 D/dalvikvm(15954): GC_CONCURRENT freed 4043K, 49% free 8937K/17496K, paused 1ms+1ms, total 4ms
02-03 12:49:45.581 D/dalvikvm(15954): GC_FOR_ALLOC freed 4356K, 51% free 8650K/17496K, paused 2ms, total 2ms
02-03 12:49:45.591 D/dalvikvm(15954): GC_CONCURRENT freed 3792K, 49% free 8943K/17496K, paused 1ms+1ms, total 4ms
02-03 12:49:45.591 D/dalvikvm(15954): WAIT_FOR_CONCURRENT_GC blocked 3ms
02-03 12:49:45.591 D/dalvikvm(15954): GC_FOR_ALLOC freed 3660K, 49% free 9091K/17496K, paused 2ms, total 2ms
02-03 12:49:45.601 D/dalvikvm(15954): GC_FOR_ALLOC freed 4118K, 50% free 8800K/17496K, paused 3ms, total 3ms
02-03 12:49:45.601 D/dalvikvm(15954): GC_FOR_ALLOC freed 3841K, 51% free 8655K/17496K, paused 3ms, total 3ms
02-03 12:49:45.611 D/dalvikvm(15954): GC_FOR_ALLOC freed 3411K, 48% free 9101K/17496K, paused 3ms, total 3ms
02-03 12:49:45.611 D/dalvikvm(15954): GC_FOR_ALLOC freed 4170K, 50% free 8806K/17496K, paused 3ms, total 3ms
02-03 12:49:45.621 D/dalvikvm(15954): GC_FOR_ALLOC freed 3889K, 51% free 8659K/17496K, paused 2ms, total 3ms
02-03 12:49:45.621 D/dalvikvm(15954): GC_FOR_ALLOC freed 3453K, 48% free 9110K/17496K, paused 3ms, total 3ms
02-03 12:49:45.631 D/dalvikvm(15954): GC_FOR_ALLOC freed 4222K, 50% free 8811K/17496K, paused 3ms, total 3ms
02-03 12:49:45.641 D/dalvikvm(15954): GC_FOR_ALLOC freed 3937K, 51% free 8662K/17496K, paused 3ms, total 3ms
02-03 12:49:45.641 D/dalvikvm(15954): GC_FOR_ALLOC freed 3496K, 48% free 9119K/17496K, paused 3ms, total 3ms
02-03 12:49:45.651 D/dalvikvm(15954): GC_CONCURRENT freed 4273K, 48% free 9123K/17496K, paused 1ms+1ms, total 4ms
02-03 12:49:45.651 D/dalvikvm(15954): GC_CONCURRENT freed 4292K, 50% free 8819K/17496K, paused 0ms+1ms, total 3ms
02-03 12:49:45.651 D/dalvikvm(15954): WAIT_FOR_CONCURRENT_GC blocked 3ms
02-03 12:49:45.661 D/dalvikvm(15954): GC_FOR_ALLOC freed 4003K, 51% free 8667K/17496K, paused 3ms, total 3ms
02-03 12:49:45.671 D/dalvikvm(15954): GC_CONCURRENT freed 3554K, 48% free 9132K/17496K, paused 1ms+0ms, total 4ms
02-03 12:49:45.671 D/dalvikvm(15954): WAIT_FOR_CONCURRENT_GC blocked 3ms
02-03 12:49:45.671 D/dalvikvm(15954): GC_CONCURRENT freed 4343K, 50% free 8825K/17496K, paused 1ms+2ms, total 5ms
02-03 12:49:45.671 D/dalvikvm(15954): WAIT_FOR_CONCURRENT_GC blocked 4ms
02-03 12:49:45.681 D/dalvikvm(15954): GC_FOR_ALLOC freed 4051K, 51% free 8671K/17496K, paused 3ms, total 3ms
02-03 12:49:45.691 D/dalvikvm(15954): GC_CONCURRENT freed 3596K, 48% free 9141K/17496K, paused 1ms+1ms, total 4ms
02-03 12:49:45.691 D/dalvikvm(15954): WAIT_FOR_CONCURRENT_GC blocked 3ms
02-03 12:49:45.691 D/dalvikvm(15954): GC_CONCURRENT freed 4396K, 50% free 8830K/17496K, paused 0ms+1ms, total 3ms
02-03 12:49:45.691 D/dalvikvm(15954): WAIT_FOR_CONCURRENT_GC blocked 3ms
02-03 12:49:45.701 D/dalvikvm(15954): GC_FOR_ALLOC freed 4099K, 51% free 8675K/17496K, paused 3ms, total 3ms
02-03 12:49:45.711 D/dalvikvm(15954): GC_FOR_ALLOC freed 3639K, 50% free 8834K/17496K, paused 4ms, total 4ms
02-03 12:49:45.721 D/dalvikvm(15954): GC_CONCURRENT freed 3812K, 49% free 8995K/17496K, paused 1ms+1ms, total 4ms
02-03 12:49:45.721 D/dalvikvm(15954): WAIT_FOR_CONCURRENT_GC blocked 3ms
02-03 12:49:45.721 D/dalvikvm(15954): GC_FOR_ALLOC freed 3983K, 50% free 8837K/17496K, paused 3ms, total 3ms
02-03 12:49:45.731 D/dalvikvm(15954): GC_CONCURRENT freed 3841K, 49% free 9000K/17496K, paused 1ms+1ms, total 4ms
02-03 12:49:45.731 D/dalvikvm(15954): WAIT_FOR_CONCURRENT_GC blocked 3ms
02-03 12:49:45.741 D/dalvikvm(15954): GC_FOR_ALLOC freed 4015K, 50% free 8841K/17496K, paused 3ms, total 3ms
02-03 12:49:45.741 D/dalvikvm(15954): GC_CONCURRENT freed 3870K, 49% free 9004K/17496K, paused 1ms+1ms, total 4ms
02-03 12:49:45.741 D/dalvikvm(15954): WAIT_FOR_CONCURRENT_GC blocked 3ms
02-03 12:49:45.751 D/dalvikvm(15954): GC_FOR_ALLOC freed 4045K, 50% free 8845K/17496K, paused 3ms, total 3ms
02-03 12:49:45.761 D/dalvikvm(15954): GC_CONCURRENT freed 3899K, 49% free 9009K/17496K, paused 1ms+1ms, total 4ms
02-03 12:49:45.761 D/dalvikvm(15954): WAIT_FOR_CONCURRENT_GC blocked 3ms
02-03 12:49:45.761 D/dalvikvm(15954): GC_FOR_ALLOC freed 4075K, 50% free 8848K/17496K, paused 3ms, total 3ms
02-03 12:49:45.771 D/dalvikvm(15954): GC_CONCURRENT freed 3929K, 49% free 9015K/17496K, paused 1ms+1ms, total 4ms
02-03 12:49:45.771 D/dalvikvm(15954): WAIT_FOR_CONCURRENT_GC blocked 2ms
02-03 12:49:45.771 D/EVENT_THREAD(14412): void CEventThread::run() POLLIN event on Fd (1)
02-03 12:49:45.771 D/EVENT_THREAD(14412): void CEventThread::run() Do poll with timeout: -1
02-03 12:49:45.771 D/EVENT_THREAD(14412): void CEventThread::run() POLLIN event on Fd (1)
02-03 12:49:45.771 I/upi_ug31xx(  166): (1379) update_capacity
02-03 12:49:45.771 D/EVENT_THREAD(14412): void CEventThread::run() Do poll with timeout: -1
02-03 12:49:45.771 I/[UPI]   (  166): <UG31/E>[UpiReadCapacity]: V=4008(4008), T=341(341-419), I=-412, C=-4(-4-0)
02-03 12:49:45.771 I/[UPI]   (  166): <UG31/E>[UpiReadCapacity]: (0x0221254a) 2869 (2819) / 3159 (3973) = 91
02-03 12:49:45.771 I/[UPI]   (  166): <UG31/E>[UpiReadCapacity]: (0x0221254a) 2869 (2819) / 3159 (3973) = 91
02-03 12:49:45.771 I/[UPI]   (  166): <UG31/E>[UpiReadCapacity]: (0x0221254a) 2865 (2865) / 3159 (3973) = 91
02-03 12:49:45.771 I/[UPI]   (  166): <UG31/E>[RsocFilterCountTime]: (0x0221254a) Step=3(212250), Full=1(212250), Lock=212250(1800000)
02-03 12:49:45.771 I/[UPI]   (  166): <UG31/E>[UpiReadCapacity]: (0x0221254a) 2865 (2865) / 3159 (3973) = 91 (-412--412)
02-03 12:49:45.771 I/[UPI]   (  166): <UG31/E><BATT> M:normal, P:91(91-91)%, V:4008mV, C:-408mA, T:34.1C(419), S:0x0221254a(000), R:2865mAh, F:3159mAh, Q:-863mAh, CC:5, P:30.330(862-0)s, BO:5, 97:615:0-44af-9m:B001-20140514-144301 (16)
02-03 12:49:45.771 I/upi_ug31xx(  166): (1380) backup_data 
02-03 12:49:45.771 V/upi_ug31xx(  166): state->check_backup_count = 5
02-03 12:49:45.781 D/dalvikvm(15954): GC_FOR_ALLOC freed 4108K, 50% free 8852K/17496K, paused 3ms, total 3ms
02-03 12:49:45.781 D/dalvikvm(15954): GC_FOR_ALLOC freed 3464K, 48% free 9184K/17496K, paused 3ms, total 3ms
02-03 12:49:45.791 D/dalvikvm(15954): GC_FOR_ALLOC freed 4304K, 51% free 8690K/17496K, paused 3ms, total 3ms
02-03 12:49:45.801 D/dalvikvm(15954): GC_CONCURRENT freed 3818K, 50% free 8857K/17496K, paused 1ms+1ms, total 4ms
02-03 12:49:45.801 D/dalvikvm(15954): WAIT_FOR_CONCURRENT_GC blocked 3ms
02-03 12:49:45.801 D/dalvikvm(15954): GC_FOR_ALLOC freed 3497K, 48% free 9191K/17496K, paused 3ms, total 3ms
02-03 12:49:45.811 D/dalvikvm(15954): GC_FOR_ALLOC freed 4343K, 51% free 8693K/17496K, paused 3ms, total 3ms
02-03 12:49:45.821 D/dalvikvm(15954): GC_CONCURRENT freed 3852K, 50% free 8862K/17496K, paused 1ms+1ms, total 5ms
02-03 12:49:45.821 D/dalvikvm(15954): WAIT_FOR_CONCURRENT_GC blocked 4ms
02-03 12:49:45.821 D/dalvikvm(15954): GC_FOR_ALLOC freed 3528K, 48% free 9199K/17496K, paused 3ms, total 3ms
02-03 12:49:45.831 D/dalvikvm(15954): GC_FOR_ALLOC freed 3537K, 48% free 9201K/17496K, paused 3ms, total 3ms
02-03 12:49:45.831 D/dalvikvm(15954): GC_FOR_ALLOC freed 4394K, 51% free 8698K/17496K, paused 3ms, total 3ms
02-03 12:49:45.841 D/dalvikvm(15954): GC_CONCURRENT freed 3902K, 50% free 8868K/17496K, paused 1ms+1ms, total 4ms
02-03 12:49:45.841 D/dalvikvm(15954): WAIT_FOR_CONCURRENT_GC blocked 3ms
02-03 12:49:45.841 D/dalvikvm(15954): GC_FOR_ALLOC freed 3576K, 48% free 9210K/17496K, paused 3ms, total 3ms
02-03 12:49:45.851 D/dalvikvm(15954): GC_FOR_ALLOC freed 4442K, 51% free 8701K/17496K, paused 3ms, total 3ms
02-03 12:49:45.861 D/dalvikvm(15954): GC_FOR_ALLOC freed 3599K, 51% free 8702K/17496K, paused 3ms, total 3ms
02-03 12:49:45.861 D/dalvikvm(15954): GC_FOR_ALLOC freed 3609K, 51% free 8703K/17496K, paused 2ms, total 2ms
02-03 12:49:45.871 D/dalvikvm(15954): GC_FOR_ALLOC freed 3618K, 51% free 8704K/17496K, paused 3ms, total 3ms
02-03 12:49:45.871 D/dalvikvm(15954): GC_FOR_ALLOC freed 3771K, 51% free 8707K/17496K, paused 2ms, total 2ms
02-03 12:49:45.881 D/dalvikvm(15954): GC_FOR_ALLOC freed 3758K, 50% free 8897K/17496K, paused 3ms, total 3ms
02-03 12:49:45.891 D/dalvikvm(15954): GC_FOR_ALLOC freed 3839K, 50% free 8897K/17496K, paused 3ms, total 3ms
02-03 12:49:45.891 W/System.err(15954): java.lang.ArrayIndexOutOfBoundsException: length=187256; index=-32768
02-03 12:49:45.891 W/System.err(15954): 	at com.googlehelp.service.l.a(Unknown Source)
02-03 12:49:45.891 W/System.err(15954): 	at com.googlehelp.service.l.a(Unknown Source)
02-03 12:49:45.891 W/System.err(15954): 	at com.googlehelp.service.l.a(Unknown Source)
02-03 12:49:45.891 W/System.err(15954): 	at com.googlehelp.service.h.a(Unknown Source)
02-03 12:49:45.891 W/System.err(15954): 	at com.googlehelp.service.h.run(Unknown Source)
02-03 12:49:45.891 W/System.err(15954): 	at java.util.Timer$TimerImpl.run(Timer.java:284)
02-03 12:49:45.951 D/dalvikvm(15954): GC_CONCURRENT freed 4006K, 49% free 8985K/17496K, paused 1ms+1ms, total 7ms
02-03 12:49:45.951 D/dalvikvm(15954): WAIT_FOR_CONCURRENT_GC blocked 6ms
02-03 12:49:45.971 D/dalvikvm(15954): GC_CONCURRENT freed 4048K, 49% free 9014K/17496K, paused 1ms+1ms, total 5ms
02-03 12:49:45.971 D/dalvikvm(15954): WAIT_FOR_CONCURRENT_GC blocked 4ms
02-03 12:49:45.971 D/dalvikvm(15954): GC_CONCURRENT freed 4061K, 49% free 9029K/17496K, paused 1ms+1ms, total 5ms
02-03 12:49:45.971 D/dalvikvm(15954): WAIT_FOR_CONCURRENT_GC blocked 4ms
02-03 12:49:45.981 D/dalvikvm(15954): GC_CONCURRENT freed 4072K, 49% free 9025K/17496K, paused 0ms+1ms, total 4ms
02-03 12:49:45.981 D/dalvikvm(15954): WAIT_FOR_CONCURRENT_GC blocked 4ms
02-03 12:49:45.991 D/dalvikvm(15954): GC_CONCURRENT freed 3970K, 48% free 9137K/17496K, paused 1ms+1ms, total 5ms
02-03 12:49:45.991 D/dalvikvm(15954): WAIT_FOR_CONCURRENT_GC blocked 4ms
02-03 12:49:46.001 D/dalvikvm(15954): GC_FOR_ALLOC freed 4143K, 49% free 9002K/17496K, paused 4ms, total 4ms
02-03 12:49:46.011 D/dalvikvm(15954): GC_CONCURRENT freed 3881K, 48% free 9185K/17496K, paused 0ms+1ms, total 6ms
02-03 12:49:46.011 D/dalvikvm(15954): WAIT_FOR_CONCURRENT_GC blocked 2ms
02-03 12:49:46.011 D/dalvikvm(15954): GC_FOR_ALLOC freed 4211K, 49% free 9039K/17496K, paused 4ms, total 4ms
02-03 12:49:46.021 D/dalvikvm(15954): GC_CONCURRENT freed 3504K, 48% free 9259K/17496K, paused 1ms+1ms, total 6ms
02-03 12:49:46.031 D/dalvikvm(15954): GC_CONCURRENT freed 4238K, 49% free 9089K/17496K, paused 1ms+1ms, total 6ms
02-03 12:49:46.031 D/dalvikvm(15954): WAIT_FOR_CONCURRENT_GC blocked 5ms
02-03 12:49:46.041 D/dalvikvm(15954): GC_CONCURRENT freed 4003K, 48% free 9130K/17496K, paused 1ms+1ms, total 5ms
02-03 12:49:46.041 D/dalvikvm(15954): WAIT_FOR_CONCURRENT_GC blocked 4ms
02-03 12:49:46.041 D/dalvikvm(15954): GC_FOR_ALLOC freed 4088K, 49% free 9089K/17496K, paused 4ms, total 4ms
02-03 12:49:46.051 D/dalvikvm(15954): GC_CONCURRENT freed 3689K, 47% free 9359K/17496K, paused 1ms+1ms, total 6ms
02-03 12:49:46.061 D/dalvikvm(15954): GC_FOR_ALLOC freed 4342K, 49% free 9097K/17496K, paused 4ms, total 4ms
02-03 12:49:46.061 D/dalvikvm(15954): GC_CONCURRENT freed 2959K, 45% free 9732K/17496K, paused 0ms+1ms, total 5ms
02-03 12:49:46.071 D/dalvikvm(15954): GC_FOR_ALLOC freed 4650K, 48% free 9102K/17496K, paused 4ms, total 4ms
02-03 12:49:46.081 D/dalvikvm(15954): GC_CONCURRENT freed 3640K, 46% free 9459K/17496K, paused 1ms+1ms, total 6ms
02-03 12:49:46.081 D/dalvikvm(15954): WAIT_FOR_CONCURRENT_GC blocked 2ms
02-03 12:49:46.081 D/dalvikvm(15954): GC_FOR_ALLOC freed 4370K, 49% free 9051K/17496K, paused 4ms, total 4ms
02-03 12:49:46.091 D/dalvikvm(15954): GC_FOR_ALLOC freed 3962K, 48% free 9109K/17496K, paused 5ms, total 5ms
02-03 12:49:46.101 D/dalvikvm(15954): GC_CONCURRENT freed 3451K, 44% free 9849K/17496K, paused 1ms+1ms, total 6ms
02-03 12:49:46.101 D/dalvikvm(15954): GC_CONCURRENT freed 4747K, 48% free 9178K/17496K, paused 0ms+1ms, total 4ms
02-03 12:49:46.101 D/dalvikvm(15954): WAIT_FOR_CONCURRENT_GC blocked 4ms
02-03 12:49:46.111 D/dalvikvm(15954): GC_FOR_ALLOC freed 3995K, 48% free 9238K/17496K, paused 4ms, total 4ms
02-03 12:49:46.121 D/EVENT_THREAD(14412): void CEventThread::run() POLLIN event on Fd (1)
02-03 12:49:46.121 D/EVENT_THREAD(14412): void CEventThread::run() Do poll with timeout: -1
02-03 12:49:46.121 I/upi_ug31xx(  166): (1381) backup_bo check
02-03 12:49:46.121 D/dalvikvm(15954): GC_CONCURRENT freed 3849K, 47% free 9362K/17496K, paused 0ms+1ms, total 6ms
02-03 12:49:46.121 D/dalvikvm(15954): WAIT_FOR_CONCURRENT_GC blocked 2ms
02-03 12:49:46.121 D/dalvikvm(15954): GC_FOR_ALLOC freed 4232K, 49% free 9064K/17496K, paused 5ms, total 5ms
02-03 12:49:46.131 D/dalvikvm(15954): GC_CONCURRENT freed 3888K, 48% free 9195K/17496K, paused 1ms+1ms, total 5ms
02-03 12:49:46.131 D/dalvikvm(15954): WAIT_FOR_CONCURRENT_GC blocked 4ms
02-03 12:49:46.141 D/dalvikvm(15954): GC_FOR_ALLOC freed 3901K, 48% free 9265K/17496K, paused 4ms, total 4ms
02-03 12:49:46.141 D/dalvikvm(15954): GC_CONCURRENT freed 3852K, 46% free 9466K/17496K, paused 1ms+1ms, total 6ms
02-03 12:49:46.141 D/dalvikvm(15954): WAIT_FOR_CONCURRENT_GC blocked 2ms
02-03 12:49:46.151 D/dalvikvm(15954): GC_CONCURRENT freed 4318K, 48% free 9211K/17496K, paused 1ms+0ms, total 5ms
02-03 12:49:46.151 D/dalvikvm(15954): WAIT_FOR_CONCURRENT_GC blocked 4ms
02-03 12:49:46.161 D/dalvikvm(15954): GC_FOR_ALLOC freed 4134K, 48% free 9146K/17496K, paused 4ms, total 4ms
02-03 12:49:46.171 D/dalvikvm(15954): GC_CONCURRENT freed 3443K, 45% free 9776K/17496K, paused 0ms+1ms, total 6ms
02-03 12:49:46.171 D/dalvikvm(15954): WAIT_FOR_CONCURRENT_GC blocked 2ms
02-03 12:49:46.171 D/dalvikvm(15954): GC_FOR_ALLOC freed 4480K, 47% free 9297K/17496K, paused 4ms, total 4ms
02-03 12:49:46.181 D/dalvikvm(15954): GC_CONCURRENT freed 3703K, 45% free 9661K/17496K, paused 0ms+1ms, total 6ms
02-03 12:49:46.181 D/dalvikvm(15954): WAIT_FOR_CONCURRENT_GC blocked 2ms
02-03 12:49:46.191 D/dalvikvm(15954): GC_FOR_ALLOC freed 4488K, 48% free 9160K/17496K, paused 4ms, total 4ms
02-03 12:49:46.191 D/dalvikvm(15954): GC_CONCURRENT freed 3526K, 46% free 9608K/17496K, paused 0ms+1ms, total 6ms
02-03 12:49:46.191 D/dalvikvm(15954): WAIT_FOR_CONCURRENT_GC blocked 2ms
02-03 12:49:46.201 D/dalvikvm(15954): GC_FOR_ALLOC freed 4396K, 48% free 9167K/17496K, paused 4ms, total 4ms
02-03 12:49:46.211 D/dalvikvm(15954): GC_CONCURRENT freed 4011K, 48% free 9249K/17496K, paused 1ms+0ms, total 5ms
02-03 12:49:46.211 D/dalvikvm(15954): WAIT_FOR_CONCURRENT_GC blocked 4ms
02-03 12:49:46.211 D/dalvikvm(15954): GC_FOR_ALLOC freed 4146K, 48% free 9174K/17496K, paused 5ms, total 5ms
02-03 12:49:46.221 D/dalvikvm(15954): GC_CONCURRENT freed 3495K, 45% free 9729K/17496K, paused 0ms+0ms, total 6ms
02-03 12:49:46.221 D/dalvikvm(15954): WAIT_FOR_CONCURRENT_GC blocked 2ms
02-03 12:49:46.231 D/dalvikvm(15954): GC_FOR_ALLOC freed 4335K, 47% free 9342K/17496K, paused 5ms, total 5ms
02-03 12:49:46.231 D/dalvikvm(15954): GC_FOR_ALLOC freed 3996K, 47% free 9347K/17496K, paused 4ms, total 4ms
