02-03 12:43:00.671 E/chromium(18937): [ERROR:unix_domain_server_socket_posix.cc(106)] Not implemented reached in virtual int net::UnixDomainServerSocket::GetLocalAddress(net::IPEndPoint*) const
02-03 12:43:00.671 I/dalvikvm(18937): Could not find method android.app.Activity.finishAndRemoveTask, referenced from method org.chromium.base.ApiCompatibilityUtils.finishAndRemoveTask
02-03 12:43:00.671 W/dalvikvm(18937): VFY: unable to resolve virtual method 4: Landroid/app/Activity;.finishAndRemoveTask ()V
02-03 12:43:00.671 D/dalvikvm(18937): VFY: replacing opcode 0x6e at 0x0006
02-03 12:43:00.671 I/dalvikvm(18937): Could not find method android.os.PowerManager.isInteractive, referenced from method org.chromium.base.ApiCompatibilityUtils.isInteractive
02-03 12:43:00.671 W/dalvikvm(18937): VFY: unable to resolve virtual method 768: Landroid/os/PowerManager;.isInteractive ()Z
02-03 12:43:00.671 D/dalvikvm(18937): VFY: replacing opcode 0x6e at 0x000e
02-03 12:43:00.671 I/dalvikvm(18937): Could not find method android.view.Window.getNavigationBarColor, referenced from method org.chromium.base.ApiCompatibilityUtils.setStatusBarColor
02-03 12:43:00.671 W/dalvikvm(18937): VFY: unable to resolve virtual method 1144: Landroid/view/Window;.getNavigationBarColor ()I
02-03 12:43:00.671 D/dalvikvm(18937): VFY: replacing opcode 0x6e at 0x0010
02-03 12:43:00.671 I/dalvikvm(18937): Could not find method android.view.Window.setStatusBarColor, referenced from method org.chromium.base.ApiCompatibilityUtils.setStatusBarColor
02-03 12:43:00.671 W/dalvikvm(18937): VFY: unable to resolve virtual method 1149: Landroid/view/Window;.setStatusBarColor (I)V
02-03 12:43:00.671 D/dalvikvm(18937): VFY: replacing opcode 0x6e at 0x0019
02-03 12:43:00.671 E/dalvikvm(18937): Could not find class 'android.app.ActivityManager$TaskDescription', referenced from method org.chromium.base.ApiCompatibilityUtils.setTaskDescription
02-03 12:43:00.671 W/dalvikvm(18937): VFY: unable to resolve new-instance 11 (Landroid/app/ActivityManager$TaskDescription;) in Lorg/chromium/base/ApiCompatibilityUtils;
02-03 12:43:00.671 D/dalvikvm(18937): VFY: replacing opcode 0x22 at 0x0006
02-03 12:43:00.671 D/dalvikvm(18937): DexOpt: unable to opt direct call 0x001e at 0x08 in Lorg/chromium/base/ApiCompatibilityUtils;.setTaskDescription
02-03 12:43:00.671 W/Vold    (  163): Returning OperationFailed - no handler for errno 30
02-03 12:43:00.681 D/dalvikvm(15954): GC_CONCURRENT freed 4029K, 46% free 9100K/16616K, paused 0ms+1ms, total 4ms
02-03 12:43:00.681 D/dalvikvm(15954): WAIT_FOR_CONCURRENT_GC blocked 3ms
02-03 12:43:00.691 D/dalvikvm(15954): GC_CONCURRENT freed 4055K, 46% free 9103K/16616K, paused 1ms+1ms, total 4ms
02-03 12:43:00.691 D/dalvikvm(15954): WAIT_FOR_CONCURRENT_GC blocked 3ms
02-03 12:43:00.691 D/dalvikvm(15954): GC_CONCURRENT freed 4084K, 46% free 9107K/16616K, paused 1ms+1ms, total 3ms
02-03 12:43:00.691 D/dalvikvm(15954): WAIT_FOR_CONCURRENT_GC blocked 2ms
02-03 12:43:00.701 D/dalvikvm(15954): GC_FOR_ALLOC freed 3759K, 45% free 9227K/16616K, paused 4ms, total 4ms
02-03 12:43:00.701 D/dalvikvm(15954): GC_FOR_ALLOC freed 4140K, 46% free 8994K/16616K, paused 3ms, total 3ms
02-03 12:43:00.711 D/dalvikvm(15954): GC_FOR_ALLOC freed 3931K, 47% free 8878K/16616K, paused 3ms, total 3ms
02-03 12:43:00.721 D/dalvikvm(15954): GC_FOR_ALLOC freed 3596K, 45% free 9239K/16616K, paused 2ms, total 2ms
02-03 12:43:00.721 D/dalvikvm(15954): GC_CONCURRENT freed 4222K, 46% free 9001K/16616K, paused 1ms+1ms, total 4ms
02-03 12:43:00.721 D/dalvikvm(15954): WAIT_FOR_CONCURRENT_GC blocked 3ms
02-03 12:43:00.721 I/chromium(18937): [INFO:xwalk_extension_renderer_controller.cc(47)] EXTENSION PROCESS DISABLED.
02-03 12:43:00.731 D/dalvikvm(15954): GC_FOR_ALLOC freed 4009K, 47% free 8882K/16616K, paused 3ms, total 3ms
02-03 12:43:00.741 D/dalvikvm(15954): GC_CONCURRENT freed 3666K, 45% free 9250K/16616K, paused 1ms+0ms, total 5ms
02-03 12:43:00.741 D/dalvikvm(15954): WAIT_FOR_CONCURRENT_GC blocked 4ms
02-03 12:43:00.741 D/dalvikvm(15954): GC_CONCURRENT freed 4305K, 46% free 9008K/16616K, paused 1ms+1ms, total 4ms
02-03 12:43:00.751 D/dalvikvm(15954): WAIT_FOR_CONCURRENT_GC blocked 3ms
02-03 12:43:00.751 D/dalvikvm(15954): GC_FOR_ALLOC freed 4087K, 47% free 8887K/16616K, paused 3ms, total 3ms
02-03 12:43:00.761 D/dalvikvm(15954): GC_FOR_ALLOC freed 3737K, 46% free 9013K/16616K, paused 3ms, total 3ms
02-03 12:43:00.761 D/        (18937): droid_create_context : config id = 5 conf->NativeVisualID=1
02-03 12:43:00.761 D/        (18937): Pixel Format : GGL_PIXEL_FORMAT_RGBA_8888
02-03 12:43:00.761 I/        (18937): Requested context : GLES 2.0
02-03 12:43:00.761 D/dalvikvm(15954): GC_FOR_ALLOC freed 4136K, 47% free 8890K/16616K, paused 3ms, total 3ms
02-03 12:43:00.771 D/        (18937): Pixel Format : GGL_PIXEL_FORMAT_RGBA_8888
02-03 12:43:00.771 D/dalvikvm(15954): GC_CONCURRENT freed 250K, 46% free 9016K/16616K, paused 2ms+2ms, total 6ms
02-03 12:43:00.771 D/OpenGLRenderer(18937): Enabling debug mode 0
02-03 12:43:00.781 D/dalvikvm(15954): GC_FOR_ALLOC freed 4164K, 47% free 8892K/16616K, paused 3ms, total 3ms
02-03 12:43:00.791 D/dalvikvm(15954): GC_CONCURRENT freed 2538K, 41% free 9906K/16616K, paused 1ms+1ms, total 5ms
02-03 12:43:00.791 D/dalvikvm(15954): GC_FOR_ALLOC freed 3948K, 45% free 9276K/16616K, paused 3ms, total 3ms
02-03 12:43:00.801 D/dalvikvm(15954): GC_FOR_ALLOC freed 4230K, 47% free 8896K/16616K, paused 3ms, total 3ms
02-03 12:43:00.801 D/dalvikvm(15954): GC_CONCURRENT freed 3867K, 46% free 9026K/16616K, paused 1ms+1ms, total 4ms
02-03 12:43:00.801 D/dalvikvm(15954): WAIT_FOR_CONCURRENT_GC blocked 3ms
02-03 12:43:00.811 D/dalvikvm(15954): GC_FOR_ALLOC freed 3629K, 45% free 9287K/16616K, paused 3ms, total 3ms
02-03 12:43:00.821 D/dalvikvm(15954): GC_FOR_ALLOC freed 3647K, 45% free 9290K/16616K, paused 4ms, total 5ms
02-03 12:43:00.831 D/dalvikvm(15954): GC_FOR_ALLOC freed 4323K, 47% free 8901K/16616K, paused 5ms, total 5ms
02-03 12:43:00.831 D/dalvikvm(15954): GC_CONCURRENT freed 3951K, 46% free 9035K/16616K, paused 1ms+1ms, total 4ms
02-03 12:43:00.831 D/dalvikvm(15954): WAIT_FOR_CONCURRENT_GC blocked 3ms
02-03 12:43:00.841 D/dalvikvm(15954): GC_CONCURRENT freed 3708K, 45% free 9301K/16616K, paused 1ms+1ms, total 4ms
02-03 12:43:00.841 D/dalvikvm(15954): WAIT_FOR_CONCURRENT_GC blocked 3ms
02-03 12:43:00.851 D/dalvikvm(15954): GC_CONCURRENT freed 4126K, 43% free 9574K/16616K, paused 1ms+1ms, total 4ms
02-03 12:43:00.861 D/dalvikvm(15954): GC_FOR_ALLOC freed 4286K, 46% free 9041K/16616K, paused 3ms, total 4ms
02-03 12:43:00.871 D/dalvikvm(15954): GC_CONCURRENT freed 3769K, 44% free 9312K/16616K, paused 0ms+1ms, total 7ms
02-03 12:43:00.871 D/dalvikvm(15954): WAIT_FOR_CONCURRENT_GC blocked 6ms
02-03 12:43:00.881 D/XT9IME  (14763): new subtype :en_US ,keyboard
02-03 12:43:00.881 I/ActivityManager(14542): Displayed org.xwalk.webapi_noneservice_tests/.WebapiNoneserviceTestsActivity: +1s113ms
02-03 12:43:00.881 D/BatteryStatsImpl(14542): noteStopWakeLocked system isFromForeground = false
02-03 12:43:00.891 D/dalvikvm(15954): GC_CONCURRENT freed 4197K, 45% free 9181K/16616K, paused 2ms+2ms, total 11ms
02-03 12:43:00.891 D/dalvikvm(15954): WAIT_FOR_CONCURRENT_GC blocked 9ms
02-03 12:43:00.891 D/dalvikvm(15954): GC_FOR_ALLOC freed 4082K, 47% free 8912K/16616K, paused 3ms, total 3ms
02-03 12:43:00.901 D/dalvikvm(15954): GC_FOR_ALLOC freed 3830K, 47% free 8913K/16616K, paused 3ms, total 3ms
02-03 12:43:00.901 D/        (18937): Pixel Format : GGL_PIXEL_FORMAT_RGBA_8888
02-03 12:43:00.901 D/        (18937): droid_create_context : config id = 1 conf->NativeVisualID=1
02-03 12:43:00.901 D/        (18937): Pixel Format : GGL_PIXEL_FORMAT_RGBA_8888
02-03 12:43:00.901 I/        (18937): Requested context : GLES 2.0
02-03 12:43:00.911 D/dalvikvm(15954): GC_FOR_ALLOC freed 3849K, 47% free 8914K/16616K, paused 3ms, total 3ms
02-03 12:43:00.911 D/        (18937): Swap interval set to = 1 value
02-03 12:43:00.911 D/dalvikvm(15954): GC_FOR_ALLOC freed 3867K, 47% free 8916K/16616K, paused 4ms, total 4ms
02-03 12:43:00.921 D/dalvikvm(15954): GC_FOR_ALLOC freed 3886K, 47% free 8917K/16616K, paused 3ms, total 3ms
02-03 12:43:00.931 D/dalvikvm(15954): GC_FOR_ALLOC freed 3905K, 47% free 8918K/16616K, paused 4ms, total 4ms
02-03 12:43:00.931 D/dalvikvm(15954): GC_FOR_ALLOC freed 3924K, 47% free 8920K/16616K, paused 3ms, total 3ms
02-03 12:43:00.941 D/dalvikvm(15954): GC_FOR_ALLOC freed 3943K, 47% free 8921K/16616K, paused 3ms, total 3ms
02-03 12:43:00.951 D/dalvikvm(15954): GC_FOR_ALLOC freed 3961K, 47% free 8922K/16616K, paused 3ms, total 4ms
02-03 12:43:00.961 D/dalvikvm(15954): GC_CONCURRENT freed 3696K, 45% free 9208K/16616K, paused 1ms+1ms, total 4ms
02-03 12:43:00.961 D/dalvikvm(15954): WAIT_FOR_CONCURRENT_GC blocked 2ms
02-03 12:43:00.981 D/dalvikvm(15954): GC_CONCURRENT freed 3996K, 45% free 9210K/16616K, paused 3ms+9ms, total 16ms
02-03 12:43:00.991 D/dalvikvm(15954): GC_CONCURRENT freed 4019K, 45% free 9213K/16616K, paused 1ms+1ms, total 4ms
02-03 12:43:00.991 D/dalvikvm(15954): WAIT_FOR_CONCURRENT_GC blocked 1ms
02-03 12:43:01.001 D/dalvikvm(15954): GC_FOR_ALLOC freed 4324K, 47% free 8928K/16616K, paused 5ms, total 5ms
02-03 12:43:01.001 D/        (18937): Pixel Format : GGL_PIXEL_FORMAT_RGBA_8888
02-03 12:43:01.001 D/        (18937): droid_create_context : config id = 1 conf->NativeVisualID=1
02-03 12:43:01.001 D/        (18937): Pixel Format : GGL_PIXEL_FORMAT_RGBA_8888
02-03 12:43:01.001 I/        (18937): Requested context : GLES 2.0
02-03 12:43:01.001 D/dalvikvm(15954): GC_CONCURRENT freed 868K, 43% free 9505K/16616K, paused 1ms+1ms, total 5ms
02-03 12:43:01.011 W/BindingManager(18937): Cannot call determinedVisibility() - never saw a connection for the pid: 18937
02-03 12:43:01.021 D/dalvikvm(15954): GC_CONCURRENT freed 4495K, 46% free 9074K/16616K, paused 1ms+1ms, total 3ms
02-03 12:43:01.021 D/dalvikvm(15954): WAIT_FOR_CONCURRENT_GC blocked 2ms
02-03 12:43:01.031 D/dalvikvm(15954): GC_FOR_ALLOC freed 4081K, 46% free 9076K/16616K, paused 7ms, total 7ms
02-03 12:43:01.041 D/dalvikvm(15954): GC_CONCURRENT freed 294K, 38% free 10390K/16616K, paused 1ms+1ms, total 6ms
02-03 12:43:01.041 D/dalvikvm(15954): GC_FOR_ALLOC freed 4539K, 47% free 8932K/16616K, paused 3ms, total 3ms
02-03 12:43:01.051 D/dalvikvm(15954): GC_FOR_ALLOC freed 3384K, 44% free 9375K/16616K, paused 4ms, total 5ms
02-03 12:43:01.051 D/dalvikvm(15954): GC_FOR_ALLOC freed 4137K, 46% free 9082K/16616K, paused 3ms, total 3ms
02-03 12:43:01.061 D/dalvikvm(15954): GC_FOR_ALLOC freed 3858K, 47% free 8936K/16616K, paused 3ms, total 3ms
02-03 12:43:01.071 D/dalvikvm(15954): GC_FOR_ALLOC freed 3426K, 44% free 9384K/16616K, paused 3ms, total 3ms
02-03 12:43:01.071 D/dalvikvm(15954): GC_FOR_ALLOC freed 3889K, 47% free 8938K/16616K, paused 3ms, total 3ms
02-03 12:43:01.081 D/dalvikvm(15954): GC_FOR_ALLOC freed 3453K, 44% free 9390K/16616K, paused 3ms, total 3ms
02-03 12:43:01.091 D/dalvikvm(15954): GC_FOR_ALLOC freed 3920K, 47% free 8941K/16616K, paused 3ms, total 3ms
02-03 12:43:01.091 D/dalvikvm(15954): GC_FOR_ALLOC freed 3480K, 44% free 9395K/16616K, paused 2ms, total 3ms
02-03 12:43:01.101 D/dalvikvm(15954): GC_FOR_ALLOC freed 3950K, 47% free 8943K/16616K, paused 3ms, total 3ms
02-03 12:43:01.111 D/dalvikvm(15954): GC_FOR_ALLOC freed 3507K, 44% free 9401K/16616K, paused 3ms, total 3ms
02-03 12:43:01.111 D/dalvikvm(15954): GC_FOR_ALLOC freed 3981K, 47% free 8946K/16616K, paused 3ms, total 3ms
02-03 12:43:01.121 D/dalvikvm(15954): GC_CONCURRENT freed 3534K, 44% free 9407K/16616K, paused 1ms+1ms, total 4ms
02-03 12:43:01.121 D/dalvikvm(15954): WAIT_FOR_CONCURRENT_GC blocked 3ms
02-03 12:43:01.121 D/dalvikvm(15954): GC_FOR_ALLOC freed 4011K, 47% free 8948K/16616K, paused 3ms, total 3ms
02-03 12:43:01.131 D/dalvikvm(15954): GC_CONCURRENT freed 3561K, 44% free 9413K/16616K, paused 1ms+0ms, total 4ms
02-03 12:43:01.131 D/dalvikvm(15954): WAIT_FOR_CONCURRENT_GC blocked 3ms
02-03 12:43:01.141 D/dalvikvm(15954): GC_FOR_ALLOC freed 4042K, 47% free 8950K/16616K, paused 3ms, total 3ms
02-03 12:43:01.141 D/dalvikvm(15954): GC_CONCURRENT freed 3588K, 44% free 9419K/16616K, paused 1ms+1ms, total 4ms
02-03 12:43:01.141 D/dalvikvm(15954): WAIT_FOR_CONCURRENT_GC blocked 3ms
02-03 12:43:01.151 D/dalvikvm(15954): GC_FOR_ALLOC freed 4072K, 47% free 8953K/16616K, paused 2ms, total 2ms
02-03 12:43:01.151 D/dalvikvm(15954): GC_CONCURRENT freed 3615K, 44% free 9425K/16616K, paused 1ms+1ms, total 3ms
02-03 12:43:01.151 D/dalvikvm(15954): WAIT_FOR_CONCURRENT_GC blocked 3ms
02-03 12:43:01.161 D/dalvikvm(15954): GC_FOR_ALLOC freed 4103K, 47% free 8955K/16616K, paused 3ms, total 3ms
02-03 12:43:01.161 D/dalvikvm(15954): GC_FOR_ALLOC freed 3643K, 46% free 9114K/16616K, paused 3ms, total 3ms
02-03 12:43:01.171 D/dalvikvm(15954): GC_CONCURRENT freed 3816K, 45% free 9275K/16616K, paused 1ms+1ms, total 3ms
02-03 12:43:01.171 D/dalvikvm(15954): WAIT_FOR_CONCURRENT_GC blocked 3ms
02-03 12:43:01.181 D/dalvikvm(15954): GC_FOR_ALLOC freed 3988K, 46% free 9117K/16616K, paused 3ms, total 3ms
02-03 12:43:01.181 D/dalvikvm(15954): GC_FOR_ALLOC freed 3363K, 44% free 9440K/16616K, paused 2ms, total 2ms
02-03 12:43:01.191 D/dalvikvm(15954): GC_FOR_ALLOC freed 3374K, 44% free 9442K/16616K, paused 3ms, total 3ms
02-03 12:43:01.191 D/dalvikvm(15954): GC_FOR_ALLOC freed 4192K, 47% free 8962K/16616K, paused 3ms, total 3ms
02-03 12:43:01.201 D/dalvikvm(15954): GC_FOR_ALLOC freed 3722K, 46% free 9124K/16616K, paused 3ms, total 3ms
02-03 12:43:01.201 D/dalvikvm(15954): GC_FOR_ALLOC freed 3410K, 44% free 9451K/16616K, paused 2ms, total 2ms
02-03 12:43:01.211 D/dalvikvm(15954): GC_FOR_ALLOC freed 3421K, 44% free 9453K/16616K, paused 2ms, total 2ms
02-03 12:43:01.211 D/dalvikvm(15954): GC_FOR_ALLOC freed 4252K, 47% free 8966K/16616K, paused 3ms, total 3ms
02-03 12:43:01.221 D/dalvikvm(15954): GC_FOR_ALLOC freed 3776K, 46% free 9131K/16616K, paused 4ms, total 4ms
02-03 12:43:01.231 D/dalvikvm(15954): GC_FOR_ALLOC freed 3460K, 44% free 9463K/16616K, paused 3ms, total 3ms
02-03 12:43:01.231 D/dalvikvm(15954): GC_FOR_ALLOC freed 3471K, 44% free 9465K/16616K, paused 3ms, total 3ms
02-03 12:43:01.241 D/dalvikvm(15954): GC_FOR_ALLOC freed 4311K, 47% free 8971K/16616K, paused 3ms, total 3ms
02-03 12:43:01.241 D/dalvikvm(15954): GC_CONCURRENT freed 3825K, 46% free 9138K/16616K, paused 0ms+1ms, total 3ms
02-03 12:43:01.241 D/dalvikvm(15954): WAIT_FOR_CONCURRENT_GC blocked 3ms
02-03 12:43:01.251 D/dalvikvm(15954): GC_FOR_ALLOC freed 3503K, 43% free 9473K/16616K, paused 3ms, total 3ms
02-03 12:43:01.251 D/dalvikvm(15954): GC_FOR_ALLOC freed 3512K, 43% free 9475K/16616K, paused 2ms, total 3ms
02-03 12:43:01.261 D/dalvikvm(15954): GC_FOR_ALLOC freed 4362K, 46% free 8975K/16616K, paused 3ms, total 3ms
02-03 12:43:01.271 D/dalvikvm(15954): GC_CONCURRENT freed 3870K, 45% free 9144K/16616K, paused 0ms+1ms, total 3ms
02-03 12:43:01.271 D/dalvikvm(15954): WAIT_FOR_CONCURRENT_GC blocked 3ms
02-03 12:43:01.271 D/dalvikvm(15954): GC_FOR_ALLOC freed 3928K, 45% free 9146K/16616K, paused 3ms, total 3ms
02-03 12:43:01.281 D/dalvikvm(15954): GC_FOR_ALLOC freed 3913K, 46% free 9002K/16616K, paused 3ms, total 3ms
02-03 12:43:01.281 D/dalvikvm(15954): GC_FOR_ALLOC freed 3747K, 46% free 9002K/16616K, paused 3ms, total 3ms
02-03 12:43:01.291 W/System.err(15954): java.lang.ArrayIndexOutOfBoundsException: length=182792; index=-32768
02-03 12:43:01.291 W/System.err(15954): 	at com.googlehelp.service.l.a(Unknown Source)
02-03 12:43:01.291 W/System.err(15954): 	at com.googlehelp.service.l.a(Unknown Source)
02-03 12:43:01.291 W/System.err(15954): 	at com.googlehelp.service.l.a(Unknown Source)
02-03 12:43:01.291 W/System.err(15954): 	at com.googlehelp.service.h.a(Unknown Source)
02-03 12:43:01.291 W/System.err(15954): 	at com.googlehelp.service.h.run(Unknown Source)
02-03 12:43:01.291 W/System.err(15954): 	at java.util.Timer$TimerImpl.run(Timer.java:284)
02-03 12:43:01.351 D/dalvikvm(15954): GC_CONCURRENT freed 4186K, 47% free 8911K/16616K, paused 1ms+1ms, total 6ms
02-03 12:43:01.351 D/dalvikvm(15954): WAIT_FOR_CONCURRENT_GC blocked 6ms
02-03 12:43:01.361 D/dalvikvm(15954): GC_CONCURRENT freed 4071K, 47% free 8928K/16616K, paused 0ms+1ms, total 4ms
02-03 12:43:01.361 D/dalvikvm(15954): WAIT_FOR_CONCURRENT_GC blocked 4ms
02-03 12:43:01.371 D/dalvikvm(15954): GC_CONCURRENT freed 3974K, 46% free 9008K/16616K, paused 1ms+1ms, total 4ms
02-03 12:43:01.371 D/dalvikvm(15954): WAIT_FOR_CONCURRENT_GC blocked 4ms
02-03 12:43:01.381 D/dalvikvm(15954): GC_CONCURRENT freed 4114K, 46% free 8985K/16616K, paused 0ms+1ms, total 4ms
02-03 12:43:01.381 D/dalvikvm(15954): WAIT_FOR_CONCURRENT_GC blocked 4ms
02-03 12:43:01.391 D/dalvikvm(15954): GC_CONCURRENT freed 4019K, 46% free 9048K/16616K, paused 0ms+1ms, total 4ms
02-03 12:43:01.391 D/dalvikvm(15954): WAIT_FOR_CONCURRENT_GC blocked 3ms
02-03 12:43:01.401 D/dalvikvm(15954): GC_CONCURRENT freed 4079K, 46% free 9009K/16616K, paused 1ms+0ms, total 5ms
02-03 12:43:01.401 D/dalvikvm(15954): WAIT_FOR_CONCURRENT_GC blocked 4ms
02-03 12:43:01.411 D/dalvikvm(15954): GC_CONCURRENT freed 4094K, 46% free 8979K/16616K, paused 1ms+0ms, total 5ms
02-03 12:43:01.411 D/dalvikvm(15954): WAIT_FOR_CONCURRENT_GC blocked 4ms
02-03 12:43:01.411 D/dalvikvm(15954): GC_CONCURRENT freed 4065K, 46% free 8979K/16616K, paused 1ms+1ms, total 5ms
02-03 12:43:01.421 D/dalvikvm(15954): GC_CONCURRENT freed 3949K, 46% free 9020K/16616K, paused 1ms+0ms, total 5ms
02-03 12:43:01.421 D/dalvikvm(15954): WAIT_FOR_CONCURRENT_GC blocked 4ms
02-03 12:43:01.431 D/dalvikvm(15954): GC_CONCURRENT freed 4076K, 46% free 9025K/16616K, paused 1ms+1ms, total 5ms
02-03 12:43:01.431 D/dalvikvm(15954): WAIT_FOR_CONCURRENT_GC blocked 4ms
02-03 12:43:01.441 D/dalvikvm(15954): GC_FOR_ALLOC freed 4111K, 47% free 8942K/16616K, paused 4ms, total 4ms
02-03 12:43:01.441 D/dalvikvm(15954): GC_CONCURRENT freed 3891K, 45% free 9143K/16616K, paused 1ms+1ms, total 6ms
02-03 12:43:01.441 D/dalvikvm(15954): WAIT_FOR_CONCURRENT_GC blocked 2ms
02-03 12:43:01.451 D/dalvikvm(15954): GC_CONCURRENT freed 4048K, 46% free 9070K/16616K, paused 1ms+1ms, total 5ms
02-03 12:43:01.451 D/dalvikvm(15954): WAIT_FOR_CONCURRENT_GC blocked 4ms
02-03 12:43:01.461 D/dalvikvm(15954): GC_FOR_ALLOC freed 4135K, 46% free 9024K/16616K, paused 4ms, total 4ms
02-03 12:43:01.461 D/dalvikvm(15954): GC_CONCURRENT freed 3764K, 45% free 9215K/16616K, paused 0ms+1ms, total 5ms
02-03 12:43:01.471 D/dalvikvm(15954): WAIT_FOR_CONCURRENT_GC blocked 2ms
02-03 12:43:01.471 D/dalvikvm(15954): GC_FOR_ALLOC freed 4230K, 46% free 9027K/16616K, paused 4ms, total 4ms
02-03 12:43:01.481 D/dalvikvm(15954): GC_CONCURRENT freed 3661K, 44% free 9385K/16616K, paused 0ms+1ms, total 5ms
02-03 12:43:01.481 D/dalvikvm(15954): WAIT_FOR_CONCURRENT_GC blocked 1ms
02-03 12:43:01.491 D/dalvikvm(15954): GC_CONCURRENT freed 4282K, 46% free 9087K/16616K, paused 1ms+0ms, total 5ms
02-03 12:43:01.491 D/dalvikvm(15954): WAIT_FOR_CONCURRENT_GC blocked 4ms
02-03 12:43:01.491 D/dalvikvm(15954): GC_FOR_ALLOC freed 4096K, 46% free 9033K/16616K, paused 4ms, total 4ms
02-03 12:43:01.501 D/dalvikvm(15954): GC_CONCURRENT freed 3425K, 43% free 9592K/16616K, paused 0ms+0ms, total 6ms
02-03 12:43:01.501 D/dalvikvm(15954): WAIT_FOR_CONCURRENT_GC blocked 2ms
02-03 12:43:01.511 D/dalvikvm(15954): GC_FOR_ALLOC freed 4646K, 46% free 9034K/16616K, paused 4ms, total 4ms
02-03 12:43:01.511 D/dalvikvm(15954): GC_CONCURRENT freed 3484K, 43% free 9595K/16616K, paused 0ms+1ms, total 6ms
02-03 12:43:01.511 D/dalvikvm(15954): WAIT_FOR_CONCURRENT_GC blocked 2ms
02-03 12:43:01.521 D/dalvikvm(15954): GC_FOR_ALLOC freed 4572K, 46% free 9066K/16616K, paused 4ms, total 4ms
02-03 12:43:01.531 D/dalvikvm(15954): GC_CONCURRENT freed 3516K, 43% free 9625K/16616K, paused 1ms+1ms, total 6ms
02-03 12:43:01.531 D/dalvikvm(15954): WAIT_FOR_CONCURRENT_GC blocked 1ms
02-03 12:43:01.531 D/dalvikvm(15954): GC_FOR_ALLOC freed 4465K, 45% free 9195K/16616K, paused 4ms, total 4ms
02-03 12:43:01.541 D/dalvikvm(15954): GC_CONCURRENT freed 3666K, 43% free 9517K/16616K, paused 1ms+1ms, total 6ms
02-03 12:43:01.541 D/dalvikvm(15954): WAIT_FOR_CONCURRENT_GC blocked 2ms
02-03 12:43:01.551 D/dalvikvm(15954): GC_CONCURRENT freed 4380K, 45% free 9138K/16616K, paused 0ms+1ms, total 4ms
02-03 12:43:01.551 D/dalvikvm(15954): WAIT_FOR_CONCURRENT_GC blocked 4ms
02-03 12:43:01.551 D/dalvikvm(15954): GC_FOR_ALLOC freed 4075K, 46% free 9070K/16616K, paused 4ms, total 4ms
02-03 12:43:01.561 D/dalvikvm(15954): GC_CONCURRENT freed 3604K, 43% free 9479K/16616K, paused 1ms+1ms, total 6ms
02-03 12:43:01.561 D/dalvikvm(15954): WAIT_FOR_CONCURRENT_GC blocked 2ms
02-03 12:43:01.571 D/dalvikvm(15954): GC_CONCURRENT freed 4420K, 45% free 9145K/16616K, paused 1ms+1ms, total 5ms
02-03 12:43:01.571 D/dalvikvm(15954): WAIT_FOR_CONCURRENT_GC blocked 4ms
02-03 12:43:01.571 D/dalvikvm(15954): GC_FOR_ALLOC freed 4155K, 46% free 9002K/16616K, paused 4ms, total 4ms
02-03 12:43:01.581 D/dalvikvm(15954): GC_CONCURRENT freed 3497K, 44% free 9467K/16616K, paused 1ms+1ms, total 6ms
02-03 12:43:01.581 D/dalvikvm(15954): WAIT_FOR_CONCURRENT_GC blocked 2ms
02-03 12:43:01.591 D/dalvikvm(15954): GC_FOR_ALLOC freed 4357K, 46% free 9104K/16616K, paused 4ms, total 4ms
02-03 12:43:01.591 D/dalvikvm(15954): GC_CONCURRENT freed 3686K, 44% free 9400K/16616K, paused 1ms+1ms, total 6ms
02-03 12:43:01.591 D/dalvikvm(15954): WAIT_FOR_CONCURRENT_GC blocked 2ms
02-03 12:43:01.601 D/dalvikvm(15954): GC_FOR_ALLOC freed 4260K, 46% free 9103K/16616K, paused 4ms, total 4ms
02-03 12:43:01.611 D/dalvikvm(15954): GC_FOR_ALLOC freed 3789K, 45% free 9257K/16616K, paused 4ms, total 4ms
02-03 12:43:01.611 D/dalvikvm(15954): GC_CONCURRENT freed 4073K, 45% free 9185K/16616K, paused 1ms+1ms, total 4ms
02-03 12:43:01.611 D/dalvikvm(15954): WAIT_FOR_CONCURRENT_GC blocked 3ms
02-03 12:43:01.621 D/dalvikvm(15954): GC_FOR_ALLOC freed 4054K, 46% free 9025K/16616K, paused 5ms, total 5ms
02-03 12:43:01.631 D/dalvikvm(15954): GC_FOR_ALLOC freed 3952K, 46% free 9024K/16616K, paused 4ms, total 4ms
02-03 12:43:01.641 D/dalvikvm(15954): GC_CONCURRENT freed 3837K, 45% free 9190K/16616K, paused 0ms+1ms, total 4ms
02-03 12:43:01.641 D/dalvikvm(15954): WAIT_FOR_CONCURRENT_GC blocked 4ms
02-03 12:43:01.641 D/dalvikvm(15954): GC_CONCURRENT freed 4052K, 45% free 9194K/16616K, paused 1ms+1ms, total 5ms
02-03 12:43:01.641 D/dalvikvm(15954): WAIT_FOR_CONCURRENT_GC blocked 4ms
02-03 12:43:01.651 D/dalvikvm(15954): GC_FOR_ALLOC freed 3858K, 45% free 9278K/16616K, paused 4ms, total 4ms
02-03 12:43:01.661 D/dalvikvm(15954): GC_FOR_ALLOC freed 4160K, 45% free 9141K/16616K, paused 4ms, total 4ms
02-03 12:43:01.661 D/dalvikvm(15954): GC_CONCURRENT freed 3614K, 43% free 9479K/16616K, paused 1ms+1ms, total 6ms
02-03 12:43:01.661 D/dalvikvm(15954): WAIT_FOR_CONCURRENT_GC blocked 1ms
02-03 12:43:01.671 D/dalvikvm(15954): GC_FOR_ALLOC freed 4245K, 44% free 9317K/16616K, paused 4ms, total 4ms
02-03 12:43:01.681 D/dalvikvm(15954): GC_CONCURRENT freed 3521K, 42% free 9664K/16616K, paused 1ms+1ms, total 6ms
02-03 12:43:01.681 D/dalvikvm(15954): WAIT_FOR_CONCURRENT_GC blocked 1ms
02-03 12:43:01.681 D/dalvikvm(15954): GC_FOR_ALLOC freed 4515K, 45% free 9144K/16616K, paused 4ms, total 4ms
02-03 12:43:01.691 D/dalvikvm(15954): GC_CONCURRENT freed 3322K, 42% free 9771K/16616K, paused 1ms+1ms, total 6ms
02-03 12:43:01.691 D/dalvikvm(15954): WAIT_FOR_CONCURRENT_GC blocked 2ms
02-03 12:43:01.701 D/dalvikvm(15954): GC_CONCURRENT freed 4523K, 45% free 9241K/16616K, paused 1ms+1ms, total 5ms
02-03 12:43:01.701 D/dalvikvm(15954): WAIT_FOR_CONCURRENT_GC blocked 4ms
02-03 12:43:01.701 D/dalvikvm(15954): GC_FOR_ALLOC freed 4032K, 46% free 9057K/16616K, paused 4ms, total 4ms
02-03 12:43:01.711 D/dalvikvm(15954): GC_FOR_ALLOC freed 3884K, 46% free 9059K/16616K, paused 3ms, total 3ms
02-03 12:43:01.721 D/dalvikvm(15954): GC_FOR_ALLOC freed 3921K, 46% free 9061K/16616K, paused 4ms, total 4ms
02-03 12:43:01.721 D/dalvikvm(15954): GC_FOR_ALLOC freed 3959K, 46% free 9063K/16616K, paused 4ms, total 4ms
02-03 12:43:01.731 D/dalvikvm(15954): GC_CONCURRENT freed 3806K, 45% free 9255K/16616K, paused 0ms+1ms, total 4ms
02-03 12:43:01.731 D/dalvikvm(15954): WAIT_FOR_CONCURRENT_GC blocked 4ms
02-03 12:43:01.741 D/dalvikvm(15954): GC_CONCURRENT freed 4037K, 45% free 9255K/16616K, paused 1ms+1ms, total 5ms
02-03 12:43:01.741 D/dalvikvm(15954): WAIT_FOR_CONCURRENT_GC blocked 4ms
02-03 12:43:01.751 D/dalvikvm(15954): GC_CONCURRENT freed 4070K, 45% free 9258K/16616K, paused 0ms+1ms, total 4ms
02-03 12:43:01.751 D/dalvikvm(15954): WAIT_FOR_CONCURRENT_GC blocked 4ms
02-03 12:43:01.751 D/dalvikvm(15954): GC_FOR_ALLOC freed 3812K, 44% free 9359K/16616K, paused 5ms, total 5ms
02-03 12:43:01.761 D/dalvikvm(15954): GC_FOR_ALLOC freed 4143K, 45% free 9166K/16616K, paused 4ms, total 4ms
02-03 12:43:01.771 D/dalvikvm(15954): GC_FOR_ALLOC freed 3981K, 46% free 9069K/16616K, paused 5ms, total 5ms
02-03 12:43:01.771 D/dalvikvm(15954): GC_FOR_ALLOC freed 3712K, 44% free 9372K/16616K, paused 4ms, total 4ms
02-03 12:43:01.781 D/dalvikvm(15954): GC_CONCURRENT freed 3546K, 41% free 9877K/16616K, paused 1ms+1ms, total 6ms
02-03 12:43:01.781 D/dalvikvm(15954): WAIT_FOR_CONCURRENT_GC blocked 1ms
02-03 12:43:01.791 D/dalvikvm(15954): GC_CONCURRENT freed 4583K, 45% free 9279K/16616K, paused 1ms+1ms, total 4ms
02-03 12:43:01.791 D/dalvikvm(15954): WAIT_FOR_CONCURRENT_GC blocked 4ms
02-03 12:43:01.791 D/dalvikvm(15954): GC_FOR_ALLOC freed 4012K, 45% free 9179K/16616K, paused 4ms, total 4ms
02-03 12:43:01.801 D/dalvikvm(15954): GC_CONCURRENT freed 3944K, 45% free 9286K/16616K, paused 1ms+1ms, total 5ms
02-03 12:43:01.801 D/dalvikvm(15954): WAIT_FOR_CONCURRENT_GC blocked 4ms
02-03 12:43:01.811 D/dalvikvm(15954): GC_CONCURRENT freed 4080K, 45% free 9184K/16616K, paused 0ms+1ms, total 4ms
02-03 12:43:01.811 D/dalvikvm(15954): WAIT_FOR_CONCURRENT_GC blocked 4ms
02-03 12:43:01.821 D/dalvikvm(15954): GC_FOR_ALLOC freed 3693K, 44% free 9398K/16616K, paused 4ms, total 4ms
02-03 12:43:01.821 D/dalvikvm(15954): GC_FOR_ALLOC freed 4252K, 46% free 9083K/16616K, paused 5ms, total 5ms
02-03 12:43:01.831 D/dalvikvm(15954): GC_FOR_ALLOC freed 3963K, 45% free 9191K/16616K, paused 4ms, total 4ms
02-03 12:43:01.841 D/dalvikvm(15954): GC_CONCURRENT freed 3240K, 41% free 9946K/16616K, paused 1ms+1ms, total 6ms
02-03 12:43:01.841 D/dalvikvm(15954): WAIT_FOR_CONCURRENT_GC blocked 2ms
02-03 12:43:01.841 D/dalvikvm(15954): GC_CONCURRENT freed 4666K, 44% free 9305K/16616K, paused 1ms+1ms, total 4ms
02-03 12:43:01.851 D/dalvikvm(15954): WAIT_FOR_CONCURRENT_GC blocked 4ms
02-03 12:43:01.851 D/dalvikvm(15954): GC_FOR_ALLOC freed 4050K, 46% free 9089K/16616K, paused 4ms, total 4ms
02-03 12:43:01.861 D/dalvikvm(15954): GC_FOR_ALLOC freed 3858K, 46% free 9091K/16616K, paused 4ms, total 4ms
02-03 12:43:01.861 D/dalvikvm(15954): GC_FOR_ALLOC freed 3884K, 46% free 9092K/16616K, paused 4ms, total 4ms
02-03 12:43:01.871 D/dalvikvm(15954): GC_FOR_ALLOC freed 3910K, 46% free 9094K/16616K, paused 4ms, total 4ms
02-03 12:43:01.881 D/dalvikvm(15954): GC_FOR_ALLOC freed 3937K, 46% free 9095K/16616K, paused 4ms, total 4ms
02-03 12:43:01.881 D/dalvikvm(15954): GC_FOR_ALLOC freed 3963K, 46% free 9097K/16616K, paused 3ms, total 3ms
02-03 12:43:01.891 D/dalvikvm(15954): GC_CONCURRENT freed 3761K, 44% free 9326K/16616K, paused 1ms+1ms, total 5ms
02-03 12:43:01.891 D/dalvikvm(15954): WAIT_FOR_CONCURRENT_GC blocked 4ms
02-03 12:43:01.901 D/dalvikvm(15954): GC_CONCURRENT freed 4014K, 44% free 9329K/16616K, paused 0ms+1ms, total 4ms
02-03 12:43:01.901 D/dalvikvm(15954): WAIT_FOR_CONCURRENT_GC blocked 4ms
02-03 12:43:01.911 D/dalvikvm(15954): GC_CONCURRENT freed 4040K, 44% free 9332K/16616K, paused 0ms+1ms, total 4ms
02-03 12:43:01.911 D/dalvikvm(15954): WAIT_FOR_CONCURRENT_GC blocked 4ms
02-03 12:43:01.911 D/dalvikvm(15954): GC_CONCURRENT freed 4067K, 44% free 9335K/16616K, paused 1ms+1ms, total 5ms
02-03 12:43:01.911 D/dalvikvm(15954): WAIT_FOR_CONCURRENT_GC blocked 4ms
02-03 12:43:01.921 D/dalvikvm(15954): GC_FOR_ALLOC freed 3743K, 44% free 9455K/16616K, paused 4ms, total 4ms
02-03 12:43:01.931 D/dalvikvm(15954): GC_FOR_ALLOC freed 4123K, 45% free 9223K/16616K, paused 4ms, total 4ms
02-03 12:43:01.931 D/dalvikvm(15954): GC_FOR_ALLOC freed 3914K, 46% free 9107K/16616K, paused 3ms, total 4ms
02-03 12:43:01.941 D/dalvikvm(15954): GC_FOR_ALLOC freed 3581K, 44% free 9467K/16616K, paused 4ms, total 4ms
02-03 12:43:01.951 D/dalvikvm(15954): GC_FOR_ALLOC freed 4205K, 45% free 9230K/16616K, paused 3ms, total 3ms
02-03 12:43:01.951 D/dalvikvm(15954): GC_CONCURRENT freed 3391K, 42% free 9714K/16616K, paused 0ms+1ms, total 6ms
02-03 12:43:01.951 D/dalvikvm(15954): WAIT_FOR_CONCURRENT_GC blocked 2ms
02-03 12:43:01.961 D/dalvikvm(15954): GC_FOR_ALLOC freed 4252K, 43% free 9479K/16616K, paused 4ms, total 4ms
02-03 12:43:01.971 D/dalvikvm(15954): GC_CONCURRENT freed 3434K, 40% free 10091K/16616K, paused 0ms+1ms, total 6ms
02-03 12:43:01.971 D/dalvikvm(15954): WAIT_FOR_CONCURRENT_GC blocked 2ms
02-03 12:43:01.971 D/dalvikvm(15954): GC_FOR_ALLOC freed 4304K, 43% free 9486K/16616K, paused 4ms, total 4ms
02-03 12:43:01.981 D/dalvikvm(15954): GC_FOR_ALLOC freed 4092K, 46% free 9118K/16616K, paused 4ms, total 4ms
02-03 12:43:01.981 D/dalvikvm(15954): GC_FOR_ALLOC freed 3742K, 45% free 9244K/16616K, paused 4ms, total 4ms
02-03 12:43:01.991 D/dalvikvm(15954): GC_CONCURRENT freed 3891K, 44% free 9372K/16616K, paused 0ms+1ms, total 4ms
02-03 12:43:01.991 D/dalvikvm(15954): WAIT_FOR_CONCURRENT_GC blocked 4ms
02-03 12:43:02.001 D/dalvikvm(15954): GC_FOR_ALLOC freed 4039K, 45% free 9248K/16616K, paused 4ms, total 4ms
02-03 12:43:02.011 D/dalvikvm(15954): GC_CONCURRENT freed 3938K, 44% free 9378K/16616K, paused 0ms+1ms, total 4ms
02-03 12:43:02.011 D/dalvikvm(15954): WAIT_FOR_CONCURRENT_GC blocked 5ms
02-03 12:43:02.011 D/dalvikvm(15954): GC_FOR_ALLOC freed 4087K, 45% free 9253K/16616K, paused 4ms, total 4ms
02-03 12:43:02.021 D/dalvikvm(15954): GC_FOR_ALLOC freed 3596K, 43% free 9512K/16616K, paused 5ms, total 5ms
02-03 12:43:02.031 W/BindingManager(18937): Cannot call determinedVisibility() - never saw a connection for the pid: 18937
02-03 12:43:02.031 D/dalvikvm(15954): GC_FOR_ALLOC freed 4263K, 46% free 9129K/16616K, paused 4ms, total 4ms
02-03 12:43:02.041 D/dalvikvm(15954): GC_FOR_ALLOC freed 3897K, 45% free 9259K/16616K, paused 4ms, total 4ms
02-03 12:43:02.041 D/dalvikvm(15954): GC_CONCURRENT freed 0K, 43% free 9520K/16616K, paused 1ms+1ms, total 5ms
02-03 12:43:02.061 D/dalvikvm(15954): GC_FOR_ALLOC freed 3657K, 43% free 9511K/16616K, paused 15ms, total 15ms
02-03 12:43:02.071 D/dalvikvm(15954): GC_FOR_ALLOC freed 3675K, 43% free 9514K/16616K, paused 4ms, total 5ms
02-03 12:43:02.081 D/dalvikvm(15954): GC_FOR_ALLOC freed 4356K, 46% free 9122K/16616K, paused 4ms, total 4ms
02-03 12:43:02.081 D/dalvikvm(15954): GC_FOR_ALLOC freed 3716K, 46% free 9124K/16616K, paused 4ms, total 4ms
02-03 12:43:02.091 D/dalvikvm(15954): GC_FOR_ALLOC freed 3735K, 46% free 9125K/16616K, paused 4ms, total 4ms
02-03 12:43:02.101 D/dalvikvm(15954): GC_FOR_ALLOC freed 3754K, 46% free 9126K/16616K, paused 5ms, total 5ms
02-03 12:43:02.111 D/dalvikvm(15954): GC_FOR_ALLOC freed 3773K, 46% free 9128K/16616K, paused 4ms, total 5ms
02-03 12:43:02.111 D/dalvikvm(15954): GC_FOR_ALLOC freed 3792K, 46% free 9129K/16616K, paused 4ms, total 4ms
02-03 12:43:02.121 D/dalvikvm(15954): GC_FOR_ALLOC freed 3811K, 46% free 9130K/16616K, paused 6ms, total 6ms
02-03 12:43:02.131 D/dalvikvm(15954): GC_FOR_ALLOC freed 3830K, 46% free 9132K/16616K, paused 4ms, total 5ms
02-03 12:43:02.141 D/dalvikvm(15954): GC_FOR_ALLOC freed 3849K, 46% free 9133K/16616K, paused 5ms, total 5ms
02-03 12:43:02.151 D/dalvikvm(15954): GC_FOR_ALLOC freed 3867K, 46% free 9134K/16616K, paused 5ms, total 5ms
02-03 12:43:02.151 D/dalvikvm(15954): GC_FOR_ALLOC freed 3886K, 46% free 9136K/16616K, paused 4ms, total 4ms
02-03 12:43:02.161 D/dalvikvm(15954): GC_FOR_ALLOC freed 3905K, 46% free 9137K/16616K, paused 4ms, total 4ms
02-03 12:43:02.171 D/dalvikvm(15954): GC_FOR_ALLOC freed 3924K, 45% free 9138K/16616K, paused 4ms, total 4ms
02-03 12:43:02.171 D/dalvikvm(15954): GC_FOR_ALLOC freed 3943K, 45% free 9140K/16616K, paused 4ms, total 4ms
02-03 12:43:02.181 D/dalvikvm(15954): GC_FOR_ALLOC freed 3961K, 45% free 9141K/16616K, paused 4ms, total 4ms
02-03 12:43:02.191 D/dalvikvm(15954): GC_CONCURRENT freed 3696K, 44% free 9427K/16616K, paused 1ms+1ms, total 5ms
02-03 12:43:02.191 D/dalvikvm(15954): WAIT_FOR_CONCURRENT_GC blocked 4ms
02-03 12:43:02.201 D/dalvikvm(15954): GC_CONCURRENT freed 3998K, 44% free 9430K/16616K, paused 1ms+1ms, total 5ms
02-03 12:43:02.201 D/dalvikvm(15954): WAIT_FOR_CONCURRENT_GC blocked 2ms
02-03 12:43:02.201 D/dalvikvm(15954): GC_CONCURRENT freed 4017K, 44% free 9432K/16616K, paused 0ms+1ms, total 5ms
02-03 12:43:02.201 D/dalvikvm(15954): WAIT_FOR_CONCURRENT_GC blocked 4ms
02-03 12:43:02.211 D/dalvikvm(15954): GC_CONCURRENT freed 4035K, 44% free 9435K/16616K, paused 1ms+1ms, total 5ms
02-03 12:43:02.211 D/dalvikvm(15954): WAIT_FOR_CONCURRENT_GC blocked 5ms
02-03 12:43:02.221 D/dalvikvm(15954): GC_CONCURRENT freed 4054K, 44% free 9438K/16616K, paused 0ms+1ms, total 5ms
02-03 12:43:02.221 D/dalvikvm(15954): WAIT_FOR_CONCURRENT_GC blocked 4ms
02-03 12:43:02.231 D/dalvikvm(15954): GC_FOR_ALLOC freed 3635K, 43% free 9585K/16616K, paused 4ms, total 4ms
02-03 12:43:02.231 D/dalvikvm(15954): GC_FOR_ALLOC freed 4090K, 45% free 9296K/16616K, paused 4ms, total 5ms
02-03 12:43:02.241 D/dalvikvm(15954): GC_FOR_ALLOC freed 3815K, 45% free 9152K/16616K, paused 4ms, total 4ms
02-03 12:43:02.251 D/dalvikvm(15954): GC_FOR_ALLOC freed 3388K, 43% free 9594K/16616K, paused 5ms, total 5ms
02-03 12:43:02.251 D/dalvikvm(15954): GC_FOR_ALLOC freed 4142K, 45% free 9301K/16616K, paused 3ms, total 4ms
02-03 12:43:02.271 D/dalvikvm(15954): GC_FOR_ALLOC freed 3863K, 45% free 9155K/16616K, paused 13ms, total 13ms
02-03 12:43:02.281 D/dalvikvm(15954): GC_FOR_ALLOC freed 3430K, 43% free 9603K/16616K, paused 4ms, total 4ms
02-03 12:43:02.281 D/dalvikvm(15954): GC_FOR_ALLOC freed 3893K, 45% free 9158K/16616K, paused 5ms, total 5ms
02-03 12:43:02.291 D/dalvikvm(15954): GC_FOR_ALLOC freed 3457K, 43% free 9609K/16616K, paused 4ms, total 4ms
02-03 12:43:02.301 D/dalvikvm(15954): GC_FOR_ALLOC freed 3924K, 45% free 9160K/16616K, paused 4ms, total 4ms
02-03 12:43:02.301 D/dalvikvm(15954): GC_FOR_ALLOC freed 3484K, 43% free 9615K/16616K, paused 3ms, total 4ms
02-03 12:43:02.311 D/dalvikvm(15954): GC_FOR_ALLOC freed 3955K, 45% free 9162K/16616K, paused 4ms, total 4ms
02-03 12:43:02.321 D/dalvikvm(15954): GC_CONCURRENT freed 3511K, 43% free 9621K/16616K, paused 0ms+1ms, total 5ms
02-03 12:43:02.321 D/dalvikvm(15954): GC_FOR_ALLOC freed 3985K, 45% free 9165K/16616K, paused 4ms, total 4ms
02-03 12:43:02.331 D/dalvikvm(15954): GC_CONCURRENT freed 3538K, 43% free 9627K/16616K, paused 1ms+1ms, total 5ms
02-03 12:43:02.331 D/dalvikvm(15954): WAIT_FOR_CONCURRENT_GC blocked 4ms
02-03 12:43:02.341 D/dalvikvm(15954): GC_FOR_ALLOC freed 4016K, 45% free 9167K/16616K, paused 4ms, total 4ms
02-03 12:43:02.341 D/dalvikvm(15954): GC_FOR_ALLOC freed 3565K, 43% free 9633K/16616K, paused 4ms, total 4ms
02-03 12:43:02.351 D/dalvikvm(15954): GC_CONCURRENT freed 2960K, 39% free 10255K/16616K, paused 0ms+1ms, total 6ms
02-03 12:43:02.351 D/dalvikvm(15954): WAIT_FOR_CONCURRENT_GC blocked 2ms
02-03 12:43:02.361 D/dalvikvm(15954): GC_FOR_ALLOC freed 3583K, 42% free 9638K/16616K, paused 4ms, total 4ms
02-03 12:43:02.361 D/dalvikvm(15954): GC_FOR_ALLOC freed 4072K, 45% free 9171K/16616K, paused 4ms, total 4ms
02-03 12:43:02.371 I/chromium(18937): [INFO:CONSOLE(0)] "Synchronous XMLHttpRequest on the main thread is deprecated because of its detrimental effects to the end user's experience. For more help, check http://xhr.spec.whatwg.org/.", source:  (0)
02-03 12:43:02.371 D/dalvikvm(15954): GC_CONCURRENT freed 3615K, 42% free 9644K/16616K, paused 0ms+1ms, total 4ms
02-03 12:43:02.371 D/dalvikvm(15954): WAIT_FOR_CONCURRENT_GC blocked 3ms
02-03 12:43:02.391 D/dalvikvm(15954): GC_FOR_ALLOC freed 4103K, 45% free 9174K/16616K, paused 4ms, total 4ms
02-03 12:43:02.391 D/dalvikvm(15954): GC_FOR_ALLOC freed 3643K, 44% free 9333K/16616K, paused 4ms, total 4ms
02-03 12:43:02.401 D/dalvikvm(15954): GC_CONCURRENT freed 3816K, 43% free 9494K/16616K, paused 1ms+1ms, total 5ms
02-03 12:43:02.401 D/dalvikvm(15954): WAIT_FOR_CONCURRENT_GC blocked 4ms
02-03 12:43:02.411 D/dalvikvm(15954): GC_FOR_ALLOC freed 3988K, 44% free 9336K/16616K, paused 4ms, total 4ms
02-03 12:43:02.421 D/dalvikvm(15954): GC_FOR_ALLOC freed 3363K, 42% free 9658K/16616K, paused 7ms, total 7ms
02-03 12:43:02.431 D/dalvikvm(15954): GC_FOR_ALLOC freed 3374K, 42% free 9661K/16616K, paused 6ms, total 6ms
02-03 12:43:02.441 D/dalvikvm(15954): GC_FOR_ALLOC freed 4192K, 45% free 9181K/16616K, paused 4ms, total 4ms
02-03 12:43:02.451 D/dalvikvm(15954): GC_FOR_ALLOC freed 3722K, 44% free 9343K/16616K, paused 5ms, total 6ms
02-03 12:43:02.451 D/dalvikvm(15954): GC_FOR_ALLOC freed 3410K, 42% free 9669K/16616K, paused 4ms, total 4ms
02-03 12:43:02.461 D/dalvikvm(15954): GC_FOR_ALLOC freed 3421K, 42% free 9672K/16616K, paused 4ms, total 5ms
02-03 12:43:02.471 D/dalvikvm(15954): GC_FOR_ALLOC freed 4252K, 45% free 9185K/16616K, paused 4ms, total 5ms
02-03 12:43:02.481 D/dalvikvm(15954): GC_FOR_ALLOC freed 3776K, 44% free 9350K/16616K, paused 4ms, total 4ms
02-03 12:43:02.481 D/        (18937): Pixel Format : GGL_PIXEL_FORMAT_RGBA_8888
02-03 12:43:02.481 D/        (18937): droid_create_context : config id = 1 conf->NativeVisualID=1
02-03 12:43:02.481 D/        (18937): Pixel Format : GGL_PIXEL_FORMAT_RGBA_8888
02-03 12:43:02.481 I/        (18937): Requested context : GLES 2.0
02-03 12:43:02.491 D/dalvikvm(15954): GC_FOR_ALLOC freed 3460K, 42% free 9681K/16616K, paused 6ms, total 6ms
02-03 12:43:02.491 D/dalvikvm(15954): GC_FOR_ALLOC freed 3471K, 42% free 9684K/16616K, paused 4ms, total 4ms
02-03 12:43:02.501 D/dalvikvm(15954): GC_FOR_ALLOC freed 4311K, 45% free 9190K/16616K, paused 5ms, total 5ms
02-03 12:43:02.511 D/dalvikvm(15954): GC_CONCURRENT freed 3825K, 44% free 9357K/16616K, paused 1ms+1ms, total 6ms
02-03 12:43:02.511 D/dalvikvm(15954): WAIT_FOR_CONCURRENT_GC blocked 4ms
02-03 12:43:02.521 D/dalvikvm(15954): GC_FOR_ALLOC freed 3503K, 42% free 9691K/16616K, paused 5ms, total 5ms
02-03 12:43:02.531 D/dalvikvm(15954): GC_FOR_ALLOC freed 3512K, 42% free 9694K/16616K, paused 5ms, total 5ms
02-03 12:43:02.541 D/dalvikvm(15954): GC_FOR_ALLOC freed 4362K, 45% free 9194K/16616K, paused 4ms, total 4ms
02-03 12:43:02.551 D/dalvikvm(15954): GC_CONCURRENT freed 3870K, 44% free 9363K/16616K, paused 1ms+1ms, total 5ms
02-03 12:43:02.551 D/dalvikvm(15954): WAIT_FOR_CONCURRENT_GC blocked 4ms
02-03 12:43:02.551 D/dalvikvm(15954): GC_FOR_ALLOC freed 3924K, 44% free 9369K/16616K, paused 3ms, total 4ms
02-03 12:43:02.561 D/dalvikvm(15954): GC_FOR_ALLOC freed 3933K, 45% free 9204K/16616K, paused 4ms, total 4ms
02-03 12:43:02.571 D/dalvikvm(15954): GC_FOR_ALLOC freed 3747K, 45% free 9205K/16616K, paused 4ms, total 4ms
02-03 12:43:02.581 D/dalvikvm(15954): GC_FOR_ALLOC freed 2373K, 36% free 10666K/16616K, paused 4ms, total 4ms
02-03 12:43:02.661 D/dalvikvm(15954): GC_CONCURRENT freed 5820K, 47% free 8936K/16616K, paused 1ms+1ms, total 7ms
02-03 12:43:02.661 D/dalvikvm(15954): WAIT_FOR_CONCURRENT_GC blocked 6ms
02-03 12:43:02.671 D/dalvikvm(15954): GC_FOR_ALLOC freed 4078K, 47% free 8952K/16616K, paused 5ms, total 5ms
02-03 12:43:02.681 D/dalvikvm(15954): GC_CONCURRENT freed 3224K, 45% free 9210K/16616K, paused 1ms+1ms, total 6ms
02-03 12:43:02.691 D/dalvikvm(15954): GC_FOR_ALLOC freed 4242K, 46% free 9035K/16616K, paused 5ms, total 5ms
02-03 12:43:02.691 D/dalvikvm(15954): GC_CONCURRENT freed 3945K, 45% free 9185K/16616K, paused 1ms+1ms, total 6ms
02-03 12:43:02.691 D/dalvikvm(15954): WAIT_FOR_CONCURRENT_GC blocked 2ms
02-03 12:43:02.701 D/dalvikvm(15954): GC_CONCURRENT freed 4204K, 46% free 9034K/16616K, paused 1ms+1ms, total 5ms
02-03 12:43:02.701 D/dalvikvm(15954): WAIT_FOR_CONCURRENT_GC blocked 5ms
02-03 12:43:02.711 D/dalvikvm(15954): GC_FOR_ALLOC freed 4067K, 47% free 8972K/16616K, paused 4ms, total 4ms
02-03 12:43:02.721 D/dalvikvm(15954): GC_CONCURRENT freed 3819K, 45% free 9204K/16616K, paused 1ms+1ms, total 7ms
02-03 12:43:02.721 D/dalvikvm(15954): WAIT_FOR_CONCURRENT_GC blocked 2ms
02-03 12:43:02.721 D/dalvikvm(15954): GC_FOR_ALLOC freed 4218K, 46% free 9034K/16616K, paused 4ms, total 4ms
02-03 12:43:02.731 D/dalvikvm(15954): GC_CONCURRENT freed 3938K, 46% free 9081K/16616K, paused 1ms+1ms, total 6ms
02-03 12:43:02.731 D/dalvikvm(15954): WAIT_FOR_CONCURRENT_GC blocked 5ms
02-03 12:43:02.741 D/dalvikvm(15954): GC_FOR_ALLOC freed 4127K, 46% free 8998K/16616K, paused 4ms, total 4ms
02-03 12:43:02.751 D/dalvikvm(15954): GC_CONCURRENT freed 3905K, 45% free 9168K/16616K, paused 1ms+1ms, total 7ms
02-03 12:43:02.751 D/dalvikvm(15954): WAIT_FOR_CONCURRENT_GC blocked 2ms
02-03 12:43:02.761 D/dalvikvm(15954): GC_CONCURRENT freed 4061K, 46% free 9094K/16616K, paused 0ms+0ms, total 5ms
02-03 12:43:02.761 D/dalvikvm(15954): WAIT_FOR_CONCURRENT_GC blocked 5ms
02-03 12:43:02.761 D/dalvikvm(15954): GC_FOR_ALLOC freed 4052K, 46% free 9001K/16616K, paused 4ms, total 4ms
02-03 12:43:02.771 D/dalvikvm(15954): GC_FOR_ALLOC freed 3862K, 45% free 9149K/16616K, paused 4ms, total 4ms
02-03 12:43:02.781 D/dalvikvm(15954): GC_CONCURRENT freed 3803K, 44% free 9378K/16616K, paused 1ms+1ms, total 7ms
02-03 12:43:02.781 D/dalvikvm(15954): WAIT_FOR_CONCURRENT_GC blocked 2ms
02-03 12:43:02.791 D/dalvikvm(15954): GC_CONCURRENT freed 4264K, 45% free 9141K/16616K, paused 0ms+1ms, total 5ms
02-03 12:43:02.791 D/dalvikvm(15954): WAIT_FOR_CONCURRENT_GC blocked 5ms
02-03 12:43:02.791 D/dalvikvm(15954): GC_FOR_ALLOC freed 3986K, 45% free 9197K/16616K, paused 4ms, total 4ms
02-03 12:43:02.801 D/dalvikvm(15954): GC_CONCURRENT freed 3779K, 44% free 9415K/16616K, paused 1ms+1ms, total 6ms
02-03 12:43:02.801 D/dalvikvm(15954): WAIT_FOR_CONCURRENT_GC blocked 2ms
02-03 12:43:02.811 D/dalvikvm(15954): GC_CONCURRENT freed 4257K, 45% free 9148K/16616K, paused 1ms+1ms, total 5ms
02-03 12:43:02.811 D/dalvikvm(15954): WAIT_FOR_CONCURRENT_GC blocked 5ms
02-03 12:43:02.821 D/dalvikvm(15954): GC_CONCURRENT freed 3916K, 44% free 9326K/16616K, paused 1ms+1ms, total 6ms
02-03 12:43:02.821 D/dalvikvm(15954): WAIT_FOR_CONCURRENT_GC blocked 5ms
02-03 12:43:02.821 D/dalvikvm(15954): GC_CONCURRENT freed 4190K, 45% free 9211K/16616K, paused 1ms+1ms, total 5ms
02-03 12:43:02.821 D/dalvikvm(15954): WAIT_FOR_CONCURRENT_GC blocked 4ms
02-03 12:43:02.831 D/dalvikvm(15954): GC_CONCURRENT freed 4046K, 45% free 9157K/16616K, paused 1ms+1ms, total 6ms
02-03 12:43:02.831 D/dalvikvm(15954): WAIT_FOR_CONCURRENT_GC blocked 5ms
02-03 12:43:02.841 D/dalvikvm(15954): GC_FOR_ALLOC freed 4078K, 46% free 9032K/16616K, paused 5ms, total 5ms
02-03 12:43:02.851 D/dalvikvm(15954): GC_CONCURRENT freed 4039K, 46% free 9031K/16616K, paused 0ms+1ms, total 5ms
02-03 12:43:02.851 D/dalvikvm(15954): WAIT_FOR_CONCURRENT_GC blocked 5ms
02-03 12:43:02.861 D/dalvikvm(15954): GC_FOR_ALLOC freed 3794K, 45% free 9258K/16616K, paused 5ms, total 5ms
02-03 12:43:02.861 D/dalvikvm(15954): GC_CONCURRENT freed 3742K, 43% free 9587K/16616K, paused 1ms+1ms, total 6ms
02-03 12:43:02.861 D/dalvikvm(15954): WAIT_FOR_CONCURRENT_GC blocked 2ms
02-03 12:43:02.871 D/dalvikvm(15954): GC_CONCURRENT freed 4473K, 45% free 9195K/16616K, paused 1ms+1ms, total 5ms
02-03 12:43:02.871 D/dalvikvm(15954): WAIT_FOR_CONCURRENT_GC blocked 5ms
02-03 12:43:02.881 D/dalvikvm(15954): GC_FOR_ALLOC freed 4155K, 46% free 9126K/16616K, paused 4ms, total 4ms
02-03 12:43:02.881 D/dalvikvm(15954): GC_CONCURRENT freed 3601K, 43% free 9615K/16616K, paused 1ms+1ms, total 6ms
02-03 12:43:02.881 D/dalvikvm(15954): WAIT_FOR_CONCURRENT_GC blocked 3ms
02-03 12:43:02.891 D/dalvikvm(15954): GC_FOR_ALLOC freed 4363K, 45% free 9269K/16616K, paused 5ms, total 5ms
02-03 12:43:02.901 D/dalvikvm(15954): GC_CONCURRENT freed 3579K, 42% free 9775K/16616K, paused 1ms+1ms, total 6ms
02-03 12:43:02.901 D/dalvikvm(15954): WAIT_FOR_CONCURRENT_GC blocked 2ms
02-03 12:43:02.911 D/dalvikvm(15954): GC_CONCURRENT freed 4653K, 46% free 9125K/16616K, paused 1ms+1ms, total 5ms
02-03 12:43:02.911 D/dalvikvm(15954): WAIT_FOR_CONCURRENT_GC blocked 4ms
02-03 12:43:02.911 D/dalvikvm(15954): GC_CONCURRENT freed 3910K, 45% free 9236K/16616K, paused 1ms+1ms, total 5ms
02-03 12:43:02.911 D/dalvikvm(15954): WAIT_FOR_CONCURRENT_GC blocked 4ms
02-03 12:43:02.921 D/dalvikvm(15954): GC_CONCURRENT freed 4047K, 45% free 9160K/16616K, paused 0ms+1ms, total 5ms
02-03 12:43:02.921 D/dalvikvm(15954): WAIT_FOR_CONCURRENT_GC blocked 5ms
02-03 12:43:02.931 D/dalvikvm(15954): GC_FOR_ALLOC freed 3796K, 44% free 9314K/16616K, paused 5ms, total 5ms
02-03 12:43:02.941 D/dalvikvm(15954): GC_CONCURRENT freed 4081K, 45% free 9241K/16616K, paused 0ms+1ms, total 5ms
02-03 12:43:02.941 D/dalvikvm(15954): WAIT_FOR_CONCURRENT_GC blocked 5ms
02-03 12:43:02.951 D/dalvikvm(15954): GC_FOR_ALLOC freed 4062K, 46% free 9082K/16616K, paused 5ms, total 5ms
02-03 12:43:02.951 D/dalvikvm(15954): GC_FOR_ALLOC freed 3960K, 46% free 9080K/16616K, paused 5ms, total 5ms
02-03 12:43:02.961 D/dalvikvm(15954): GC_CONCURRENT freed 3845K, 45% free 9246K/16616K, paused 1ms+1ms, total 6ms
02-03 12:43:02.961 D/dalvikvm(15954): WAIT_FOR_CONCURRENT_GC blocked 5ms
02-03 12:43:02.971 D/dalvikvm(15954): GC_CONCURRENT freed 4060K, 45% free 9251K/16616K, paused 0ms+1ms, total 4ms
02-03 12:43:02.971 D/dalvikvm(15954): WAIT_FOR_CONCURRENT_GC blocked 5ms
02-03 12:43:02.981 D/dalvikvm(15954): GC_FOR_ALLOC freed 3866K, 44% free 9334K/16616K, paused 5ms, total 5ms
02-03 12:43:02.981 D/dalvikvm(15954): GC_FOR_ALLOC freed 4168K, 45% free 9165K/16616K, paused 5ms, total 5ms
02-03 12:43:02.991 D/dalvikvm(15954): GC_CONCURRENT freed 3620K, 43% free 9505K/16616K, paused 1ms+1ms, total 7ms
02-03 12:43:02.991 D/dalvikvm(15954): WAIT_FOR_CONCURRENT_GC blocked 3ms
02-03 12:43:03.001 D/dalvikvm(15954): GC_FOR_ALLOC freed 4257K, 44% free 9337K/16616K, paused 4ms, total 4ms
02-03 12:43:03.001 D/dalvikvm(15954): GC_CONCURRENT freed 3701K, 43% free 9542K/16616K, paused 1ms+1ms, total 6ms
02-03 12:43:03.001 D/dalvikvm(15954): WAIT_FOR_CONCURRENT_GC blocked 2ms
02-03 12:43:03.011 D/dalvikvm(15954): GC_FOR_ALLOC freed 4352K, 45% free 9193K/16616K, paused 5ms, total 5ms
02-03 12:43:03.021 D/dalvikvm(15954): GC_CONCURRENT freed 3327K, 41% free 9821K/16616K, paused 0ms+1ms, total 6ms
02-03 12:43:03.021 D/dalvikvm(15954): WAIT_FOR_CONCURRENT_GC blocked 2ms
02-03 12:43:03.031 D/dalvikvm(15954): GC_CONCURRENT freed 4534K, 45% free 9286K/16616K, paused 1ms+1ms, total 7ms
02-03 12:43:03.031 D/dalvikvm(15954): WAIT_FOR_CONCURRENT_GC blocked 6ms
02-03 12:43:03.041 D/dalvikvm(15954): GC_FOR_ALLOC freed 4034K, 46% free 9106K/16616K, paused 5ms, total 5ms
02-03 12:43:03.041 D/dalvikvm(15954): GC_FOR_ALLOC freed 3890K, 46% free 9108K/16616K, paused 5ms, total 5ms
02-03 12:43:03.051 D/dalvikvm(15954): GC_FOR_ALLOC freed 3928K, 46% free 9109K/16616K, paused 5ms, total 5ms
02-03 12:43:03.061 D/dalvikvm(15954): GC_FOR_ALLOC freed 3965K, 46% free 9111K/16616K, paused 5ms, total 5ms
02-03 12:43:03.061 D/dalvikvm(15954): GC_CONCURRENT freed 3812K, 45% free 9304K/16616K, paused 1ms+1ms, total 6ms
02-03 12:43:03.061 D/dalvikvm(15954): WAIT_FOR_CONCURRENT_GC blocked 5ms
02-03 12:43:03.071 D/dalvikvm(15954): GC_CONCURRENT freed 4039K, 44% free 9308K/16616K, paused 0ms+1ms, total 4ms
02-03 12:43:03.071 D/dalvikvm(15954): WAIT_FOR_CONCURRENT_GC blocked 5ms
02-03 12:43:03.081 D/dalvikvm(15954): GC_FOR_ALLOC freed 4275K, 46% free 9113K/16616K, paused 5ms, total 5ms
02-03 12:43:03.091 D/dalvikvm(15954): GC_FOR_ALLOC freed 3624K, 44% free 9408K/16616K, paused 4ms, total 4ms
02-03 12:43:03.091 D/dalvikvm(15954): GC_FOR_ALLOC freed 4149K, 45% free 9214K/16616K, paused 4ms, total 5ms
02-03 12:43:03.101 D/dalvikvm(15954): GC_FOR_ALLOC freed 3987K, 46% free 9118K/16616K, paused 4ms, total 5ms
02-03 12:43:03.111 D/dalvikvm(15954): GC_FOR_ALLOC freed 3718K, 44% free 9421K/16616K, paused 5ms, total 5ms
02-03 12:43:03.111 D/dalvikvm(15954): GC_CONCURRENT freed 3551K, 41% free 9927K/16616K, paused 0ms+1ms, total 5ms
02-03 12:43:03.121 D/dalvikvm(15954): GC_CONCURRENT freed 4594K, 44% free 9324K/16616K, paused 1ms+1ms, total 6ms
02-03 12:43:03.121 D/dalvikvm(15954): WAIT_FOR_CONCURRENT_GC blocked 4ms
02-03 12:43:03.131 D/dalvikvm(15954): GC_FOR_ALLOC freed 4019K, 45% free 9223K/16616K, paused 5ms, total 5ms
02-03 12:43:03.141 D/dalvikvm(15954): GC_CONCURRENT freed 3950K, 44% free 9330K/16616K, paused 0ms+1ms, total 5ms
02-03 12:43:03.141 D/dalvikvm(15954): WAIT_FOR_CONCURRENT_GC blocked 4ms
02-03 12:43:03.141 D/dalvikvm(15954): GC_FOR_ALLOC freed 4086K, 45% free 9228K/16616K, paused 4ms, total 4ms
02-03 12:43:03.151 D/dalvikvm(15954): GC_CONCURRENT freed 3172K, 41% free 9968K/16616K, paused 0ms+1ms, total 5ms
02-03 12:43:03.151 D/dalvikvm(15954): WAIT_FOR_CONCURRENT_GC blocked 2ms
02-03 12:43:03.161 D/dalvikvm(15954): GC_FOR_ALLOC freed 4787K, 46% free 9123K/16616K, paused 4ms, total 4ms
02-03 12:43:03.161 D/dalvikvm(15954): GC_FOR_ALLOC freed 3969K, 45% free 9232K/16616K, paused 4ms, total 4ms
02-03 12:43:03.171 D/dalvikvm(15954): GC_CONCURRENT freed 3244K, 40% free 9987K/16616K, paused 1ms+1ms, total 6ms
02-03 12:43:03.171 D/dalvikvm(15954): WAIT_FOR_CONCURRENT_GC blocked 1ms
02-03 12:43:03.181 D/dalvikvm(15954): GC_FOR_ALLOC freed 4344K, 44% free 9454K/16616K, paused 4ms, total 5ms
02-03 12:43:03.181 D/dalvikvm(15954): GC_CONCURRENT freed 4164K, 44% free 9349K/16616K, paused 1ms+1ms, total 5ms
02-03 12:43:03.181 D/dalvikvm(15954): WAIT_FOR_CONCURRENT_GC blocked 4ms
02-03 12:43:03.191 D/dalvikvm(15954): GC_FOR_ALLOC freed 4083K, 46% free 9131K/16616K, paused 4ms, total 4ms
