02-03 13:10:19.601 D/dalvikvm(21555): VFY: replacing opcode 0x6e at 0x0006
02-03 13:10:19.601 I/dalvikvm(21555): Could not find method android.os.PowerManager.isInteractive, referenced from method org.chromium.base.ApiCompatibilityUtils.isInteractive
02-03 13:10:19.601 W/dalvikvm(21555): VFY: unable to resolve virtual method 768: Landroid/os/PowerManager;.isInteractive ()Z
02-03 13:10:19.601 D/dalvikvm(21555): VFY: replacing opcode 0x6e at 0x000e
02-03 13:10:19.601 I/dalvikvm(21555): Could not find method android.view.Window.getNavigationBarColor, referenced from method org.chromium.base.ApiCompatibilityUtils.setStatusBarColor
02-03 13:10:19.601 W/dalvikvm(21555): VFY: unable to resolve virtual method 1144: Landroid/view/Window;.getNavigationBarColor ()I
02-03 13:10:19.601 D/dalvikvm(21555): VFY: replacing opcode 0x6e at 0x0010
02-03 13:10:19.601 I/dalvikvm(21555): Could not find method android.view.Window.setStatusBarColor, referenced from method org.chromium.base.ApiCompatibilityUtils.setStatusBarColor
02-03 13:10:19.601 W/dalvikvm(21555): VFY: unable to resolve virtual method 1149: Landroid/view/Window;.setStatusBarColor (I)V
02-03 13:10:19.601 D/dalvikvm(21555): VFY: replacing opcode 0x6e at 0x0019
02-03 13:10:19.601 E/dalvikvm(21555): Could not find class 'android.app.ActivityManager$TaskDescription', referenced from method org.chromium.base.ApiCompatibilityUtils.setTaskDescription
02-03 13:10:19.601 W/dalvikvm(21555): VFY: unable to resolve new-instance 11 (Landroid/app/ActivityManager$TaskDescription;) in Lorg/chromium/base/ApiCompatibilityUtils;
02-03 13:10:19.601 D/dalvikvm(21555): VFY: replacing opcode 0x22 at 0x0006
02-03 13:10:19.601 D/dalvikvm(21555): DexOpt: unable to opt direct call 0x001e at 0x08 in Lorg/chromium/base/ApiCompatibilityUtils;.setTaskDescription
02-03 13:10:19.601 I/chromium(21555): [INFO:xwalk_extension_renderer_controller.cc(47)] EXTENSION PROCESS DISABLED.
02-03 13:10:19.601 D/dalvikvm(15954): GC_FOR_ALLOC freed 3334K, 41% free 9902K/16616K, paused 5ms, total 6ms
02-03 13:10:19.611 D/dalvikvm(15954): GC_FOR_ALLOC freed 4142K, 44% free 9427K/16616K, paused 4ms, total 5ms
02-03 13:10:19.621 D/dalvikvm(15954): GC_FOR_ALLOC freed 3678K, 43% free 9588K/16616K, paused 5ms, total 5ms
02-03 13:10:19.631 D/dalvikvm(15954): GC_FOR_ALLOC freed 3371K, 43% free 9589K/16616K, paused 4ms, total 4ms
02-03 13:10:19.631 D/dalvikvm(15954): GC_FOR_ALLOC freed 3381K, 43% free 9591K/16616K, paused 4ms, total 4ms
02-03 13:10:19.641 D/dalvikvm(15954): GC_FOR_ALLOC freed 3392K, 43% free 9592K/16616K, paused 5ms, total 5ms
02-03 13:10:19.651 D/        (21555): droid_create_context : config id = 5 conf->NativeVisualID=1
02-03 13:10:19.651 D/        (21555): Pixel Format : GGL_PIXEL_FORMAT_RGBA_8888
02-03 13:10:19.651 I/        (21555): Requested context : GLES 2.0
02-03 13:10:19.651 D/dalvikvm(15954): GC_FOR_ALLOC freed 3403K, 43% free 9594K/16616K, paused 5ms, total 5ms
02-03 13:10:19.651 D/        (21555): Pixel Format : GGL_PIXEL_FORMAT_RGBA_8888
02-03 13:10:19.661 D/OpenGLRenderer(21555): Enabling debug mode 0
02-03 13:10:19.661 D/dalvikvm(15954): GC_FOR_ALLOC freed 3413K, 43% free 9595K/16616K, paused 5ms, total 5ms
02-03 13:10:19.671 D/dalvikvm(15954): GC_FOR_ALLOC freed 3425K, 43% free 9597K/16616K, paused 5ms, total 5ms
02-03 13:10:19.681 D/dalvikvm(15954): GC_FOR_ALLOC freed 3437K, 43% free 9599K/16616K, paused 5ms, total 5ms
02-03 13:10:19.681 D/dalvikvm(15954): GC_FOR_ALLOC freed 3448K, 43% free 9600K/16616K, paused 6ms, total 6ms
02-03 13:10:19.691 D/dalvikvm(15954): GC_FOR_ALLOC freed 3460K, 43% free 9602K/16616K, paused 5ms, total 5ms
02-03 13:10:19.691 D/        (21555): Pixel Format : GGL_PIXEL_FORMAT_RGBA_8888
02-03 13:10:19.691 D/        (21555): droid_create_context : config id = 1 conf->NativeVisualID=1
02-03 13:10:19.691 D/        (21555): Pixel Format : GGL_PIXEL_FORMAT_RGBA_8888
02-03 13:10:19.691 I/        (21555): Requested context : GLES 2.0
02-03 13:10:19.701 D/dalvikvm(15954): GC_FOR_ALLOC freed 3471K, 43% free 9604K/16616K, paused 5ms, total 5ms
02-03 13:10:19.711 D/dalvikvm(15954): GC_FOR_ALLOC freed 3481K, 43% free 9605K/16616K, paused 4ms, total 5ms
02-03 13:10:19.721 D/dalvikvm(15954): GC_FOR_ALLOC freed 3490K, 43% free 9606K/16616K, paused 4ms, total 4ms
02-03 13:10:19.731 D/dalvikvm(15954): GC_FOR_ALLOC freed 3500K, 43% free 9608K/16616K, paused 6ms, total 6ms
02-03 13:10:19.741 D/dalvikvm(15954): GC_FOR_ALLOC freed 3509K, 43% free 9609K/16616K, paused 9ms, total 10ms
02-03 13:10:19.741 W/BindingManager(21555): Cannot call determinedVisibility() - never saw a connection for the pid: 21555
02-03 13:10:19.741 I/ActivityManager(14542): Displayed org.xwalk.webapi_noneservice_tests/.WebapiNoneserviceTestsActivity: +901ms
02-03 13:10:19.751 D/XT9IME  (14763): new subtype :en_US ,keyboard
02-03 13:10:19.751 D/        (21555): Pixel Format : GGL_PIXEL_FORMAT_RGBA_8888
02-03 13:10:19.751 D/        (21555): droid_create_context : config id = 1 conf->NativeVisualID=1
02-03 13:10:19.751 D/        (21555): Pixel Format : GGL_PIXEL_FORMAT_RGBA_8888
02-03 13:10:19.751 I/        (21555): Requested context : GLES 2.0
02-03 13:10:19.761 D/dalvikvm(15954): GC_FOR_ALLOC freed 3518K, 43% free 9610K/16616K, paused 7ms, total 7ms
02-03 13:10:19.761 D/        (21555): Swap interval set to = 1 value
02-03 13:10:19.771 D/BatteryStatsImpl(14542): noteStopWakeLocked system isFromForeground = false
02-03 13:10:19.771 D/dalvikvm(15954): GC_FOR_ALLOC freed 3528K, 43% free 9612K/16616K, paused 8ms, total 8ms
02-03 13:10:19.781 D/dalvikvm(15954): GC_FOR_ALLOC freed 3537K, 43% free 9613K/16616K, paused 5ms, total 5ms
02-03 13:10:19.791 D/dalvikvm(15954): GC_FOR_ALLOC freed 3547K, 43% free 9615K/16616K, paused 5ms, total 5ms
02-03 13:10:19.801 D/dalvikvm(15954): GC_FOR_ALLOC freed 3560K, 43% free 9616K/16616K, paused 6ms, total 6ms
02-03 13:10:19.811 D/dalvikvm(15954): GC_FOR_ALLOC freed 3572K, 43% free 9618K/16616K, paused 6ms, total 6ms
02-03 13:10:19.821 D/dalvikvm(15954): GC_FOR_ALLOC freed 3583K, 43% free 9620K/16616K, paused 4ms, total 4ms
02-03 13:10:19.831 D/dalvikvm(15954): GC_FOR_ALLOC freed 3593K, 43% free 9621K/16616K, paused 5ms, total 5ms
02-03 13:10:19.831 D/dalvikvm(15954): GC_FOR_ALLOC freed 3604K, 43% free 9623K/16616K, paused 5ms, total 5ms
02-03 13:10:19.841 D/dalvikvm(15954): GC_FOR_ALLOC freed 3613K, 43% free 9624K/16616K, paused 4ms, total 4ms
02-03 13:10:19.851 D/dalvikvm(15954): GC_FOR_ALLOC freed 3623K, 43% free 9625K/16616K, paused 4ms, total 4ms
02-03 13:10:19.861 D/dalvikvm(15954): GC_FOR_ALLOC freed 3634K, 43% free 9627K/16616K, paused 4ms, total 4ms
02-03 13:10:19.871 D/dalvikvm(15954): GC_FOR_ALLOC freed 3298K, 44% free 9455K/16616K, paused 5ms, total 5ms
02-03 13:10:19.871 D/dalvikvm(15954): GC_FOR_ALLOC freed 3655K, 44% free 9456K/16616K, paused 4ms, total 4ms
02-03 13:10:19.881 D/dalvikvm(15954): GC_FOR_ALLOC freed 3665K, 44% free 9457K/16616K, paused 5ms, total 5ms
02-03 13:10:19.891 D/dalvikvm(15954): GC_FOR_ALLOC freed 3675K, 44% free 9458K/16616K, paused 5ms, total 5ms
02-03 13:10:19.901 D/dalvikvm(15954): GC_FOR_ALLOC freed 3684K, 44% free 9459K/16616K, paused 4ms, total 4ms
02-03 13:10:19.911 D/dalvikvm(15954): GC_FOR_ALLOC freed 3693K, 44% free 9460K/16616K, paused 4ms, total 4ms
02-03 13:10:19.921 D/dalvikvm(15954): GC_FOR_ALLOC freed 3703K, 44% free 9461K/16616K, paused 5ms, total 5ms
02-03 13:10:19.921 D/dalvikvm(15954): GC_FOR_ALLOC freed 3712K, 44% free 9462K/16616K, paused 4ms, total 4ms
02-03 13:10:19.931 D/dalvikvm(15954): GC_FOR_ALLOC freed 3722K, 44% free 9463K/16616K, paused 4ms, total 4ms
02-03 13:10:19.941 D/dalvikvm(15954): GC_FOR_ALLOC freed 3731K, 44% free 9464K/16616K, paused 4ms, total 4ms
02-03 13:10:19.951 D/dalvikvm(15954): GC_FOR_ALLOC freed 3740K, 44% free 9465K/16616K, paused 4ms, total 4ms
02-03 13:10:19.961 D/dalvikvm(15954): GC_FOR_ALLOC freed 3750K, 44% free 9465K/16616K, paused 4ms, total 4ms
02-03 13:10:19.961 D/dalvikvm(15954): GC_FOR_ALLOC freed 3759K, 44% free 9466K/16616K, paused 5ms, total 5ms
02-03 13:10:19.971 D/dalvikvm(15954): GC_FOR_ALLOC freed 3769K, 44% free 9467K/16616K, paused 4ms, total 4ms
02-03 13:10:19.981 D/dalvikvm(15954): GC_FOR_ALLOC freed 3778K, 44% free 9468K/16616K, paused 4ms, total 4ms
02-03 13:10:19.981 D/dalvikvm(15954): GC_FOR_ALLOC freed 3787K, 44% free 9469K/16616K, paused 4ms, total 4ms
02-03 13:10:19.991 D/dalvikvm(15954): GC_FOR_ALLOC freed 3797K, 44% free 9470K/16616K, paused 4ms, total 4ms
02-03 13:10:20.001 D/dalvikvm(15954): GC_FOR_ALLOC freed 3806K, 43% free 9471K/16616K, paused 4ms, total 4ms
02-03 13:10:20.001 D/dalvikvm(15954): GC_FOR_ALLOC freed 3816K, 43% free 9472K/16616K, paused 4ms, total 4ms
02-03 13:10:20.011 D/dalvikvm(15954): GC_FOR_ALLOC freed 3825K, 43% free 9473K/16616K, paused 4ms, total 4ms
02-03 13:10:20.021 D/dalvikvm(15954): GC_FOR_ALLOC freed 3859K, 43% free 9475K/16616K, paused 4ms, total 4ms
02-03 13:10:20.031 D/dalvikvm(15954): GC_FOR_ALLOC freed 3692K, 44% free 9463K/16616K, paused 4ms, total 4ms
02-03 13:10:20.031 D/dalvikvm(15954): GC_CONCURRENT freed 3659K, 41% free 9850K/16616K, paused 1ms+1ms, total 5ms
02-03 13:10:20.031 D/dalvikvm(15954): WAIT_FOR_CONCURRENT_GC blocked 4ms
02-03 13:10:20.041 D/dalvikvm(15954): GC_FOR_ALLOC freed 4628K, 49% free 8508K/16616K, paused 4ms, total 4ms
02-03 13:10:20.071 D/dalvikvm(15954): GC_FOR_ALLOC freed 3347K, 46% free 9081K/16616K, paused 2ms, total 2ms
02-03 13:10:20.131 D/dalvikvm(15954): GC_CONCURRENT freed 3992K, 45% free 9163K/16616K, paused 1ms+1ms, total 7ms
02-03 13:10:20.131 D/dalvikvm(15954): WAIT_FOR_CONCURRENT_GC blocked 6ms
02-03 13:10:20.141 D/dalvikvm(15954): GC_CONCURRENT freed 4011K, 45% free 9219K/16616K, paused 1ms+1ms, total 5ms
02-03 13:10:20.141 D/dalvikvm(15954): WAIT_FOR_CONCURRENT_GC blocked 4ms
02-03 13:10:20.151 D/dalvikvm(15954): GC_CONCURRENT freed 4094K, 45% free 9203K/16616K, paused 1ms+1ms, total 5ms
02-03 13:10:20.151 D/dalvikvm(15954): WAIT_FOR_CONCURRENT_GC blocked 4ms
02-03 13:10:20.161 D/dalvikvm(15954): GC_FOR_ALLOC freed 4030K, 45% free 9242K/16616K, paused 4ms, total 4ms
02-03 13:10:20.161 D/dalvikvm(15954): GC_CONCURRENT freed 3664K, 43% free 9602K/16616K, paused 0ms+1ms, total 6ms
02-03 13:10:20.171 D/dalvikvm(15954): GC_CONCURRENT freed 4452K, 45% free 9171K/16616K, paused 1ms+1ms, total 5ms
02-03 13:10:20.171 D/dalvikvm(15954): WAIT_FOR_CONCURRENT_GC blocked 4ms
02-03 13:10:20.181 D/dalvikvm(15954): GC_FOR_ALLOC freed 3986K, 45% free 9269K/16616K, paused 4ms, total 4ms
02-03 13:10:20.191 D/dalvikvm(15954): GC_CONCURRENT freed 3914K, 44% free 9403K/16616K, paused 1ms+1ms, total 6ms
02-03 13:10:20.191 D/dalvikvm(15954): WAIT_FOR_CONCURRENT_GC blocked 1ms
02-03 13:10:20.201 D/dalvikvm(15954): GC_CONCURRENT freed 4132K, 45% free 9275K/16616K, paused 1ms+1ms, total 6ms
02-03 13:10:20.201 D/dalvikvm(15954): WAIT_FOR_CONCURRENT_GC blocked 5ms
02-03 13:10:20.201 D/dalvikvm(15954): GC_FOR_ALLOC freed 4083K, 45% free 9234K/16616K, paused 5ms, total 5ms
02-03 13:10:20.211 D/dalvikvm(15954): GC_CONCURRENT freed 3854K, 44% free 9394K/16616K, paused 1ms+1ms, total 6ms
02-03 13:10:20.211 D/dalvikvm(15954): WAIT_FOR_CONCURRENT_GC blocked 2ms
02-03 13:10:20.221 D/dalvikvm(15954): GC_FOR_ALLOC freed 4228K, 45% free 9190K/16616K, paused 5ms, total 5ms
02-03 13:10:20.221 D/dalvikvm(15954): GC_CONCURRENT freed 3741K, 44% free 9460K/16616K, paused 0ms+1ms, total 7ms
02-03 13:10:20.221 D/dalvikvm(15954): WAIT_FOR_CONCURRENT_GC blocked 3ms
02-03 13:10:20.231 D/dalvikvm(15954): GC_FOR_ALLOC freed 4251K, 45% free 9237K/16616K, paused 4ms, total 4ms
02-03 13:10:20.241 D/dalvikvm(15954): GC_CONCURRENT freed 3834K, 44% free 9463K/16616K, paused 1ms+1ms, total 7ms
02-03 13:10:20.241 D/dalvikvm(15954): WAIT_FOR_CONCURRENT_GC blocked 2ms
02-03 13:10:20.251 D/dalvikvm(15954): GC_FOR_ALLOC freed 4201K, 45% free 9220K/16616K, paused 4ms, total 4ms
02-03 13:10:20.251 D/dalvikvm(15954): GC_CONCURRENT freed 3974K, 44% free 9330K/16616K, paused 0ms+1ms, total 5ms
02-03 13:10:20.251 D/dalvikvm(15954): WAIT_FOR_CONCURRENT_GC blocked 4ms
02-03 13:10:20.261 D/dalvikvm(15954): GC_FOR_ALLOC freed 4041K, 45% free 9277K/16616K, paused 4ms, total 4ms
02-03 13:10:20.271 D/dalvikvm(15954): GC_CONCURRENT freed 3656K, 42% free 9666K/16616K, paused 1ms+1ms, total 7ms
02-03 13:10:20.271 D/dalvikvm(15954): WAIT_FOR_CONCURRENT_GC blocked 2ms
02-03 13:10:20.271 D/dalvikvm(15954): GC_FOR_ALLOC freed 4311K, 44% free 9394K/16616K, paused 4ms, total 4ms
02-03 13:10:20.281 D/dalvikvm(15954): GC_CONCURRENT freed 173K, 44% free 9337K/16616K, paused 1ms+1ms, total 5ms
02-03 13:10:20.291 D/dalvikvm(15954): GC_FOR_ALLOC freed 3966K, 44% free 9398K/16616K, paused 4ms, total 4ms
02-03 13:10:20.291 D/dalvikvm(15954): GC_FOR_ALLOC freed 4123K, 45% free 9218K/16616K, paused 5ms, total 5ms
02-03 13:10:20.301 D/dalvikvm(15954): GC_FOR_ALLOC freed 4032K, 45% free 9279K/16616K, paused 4ms, total 4ms
02-03 13:10:20.311 D/dalvikvm(15954): GC_CONCURRENT freed 3558K, 42% free 9748K/16616K, paused 0ms+1ms, total 6ms
02-03 13:10:20.311 D/dalvikvm(15954): WAIT_FOR_CONCURRENT_GC blocked 2ms
02-03 13:10:20.311 D/dalvikvm(15954): GC_FOR_ALLOC freed 4517K, 44% free 9311K/16616K, paused 4ms, total 4ms
02-03 13:10:20.321 D/dalvikvm(15954): GC_CONCURRENT freed 3706K, 43% free 9570K/16616K, paused 1ms+1ms, total 6ms
02-03 13:10:20.321 D/dalvikvm(15954): WAIT_FOR_CONCURRENT_GC blocked 1ms
02-03 13:10:20.331 D/dalvikvm(15954): GC_FOR_ALLOC freed 4231K, 44% free 9311K/16616K, paused 4ms, total 4ms
02-03 13:10:20.331 D/dalvikvm(15954): GC_CONCURRENT freed 3366K, 41% free 9922K/16616K, paused 0ms+1ms, total 5ms
02-03 13:10:20.331 D/dalvikvm(15954): WAIT_FOR_CONCURRENT_GC blocked 1ms
02-03 13:10:20.341 D/dalvikvm(15954): GC_CONCURRENT freed 4589K, 44% free 9385K/16616K, paused 1ms+1ms, total 5ms
02-03 13:10:20.341 D/dalvikvm(15954): WAIT_FOR_CONCURRENT_GC blocked 4ms
02-03 13:10:20.351 D/dalvikvm(15954): GC_CONCURRENT freed 3973K, 44% free 9390K/16616K, paused 0ms+1ms, total 5ms
02-03 13:10:20.351 D/dalvikvm(15954): WAIT_FOR_CONCURRENT_GC blocked 4ms
02-03 13:10:20.361 D/dalvikvm(15954): GC_CONCURRENT freed 4040K, 44% free 9395K/16616K, paused 1ms+1ms, total 5ms
02-03 13:10:20.361 D/dalvikvm(15954): WAIT_FOR_CONCURRENT_GC blocked 4ms
02-03 13:10:20.361 D/dalvikvm(15954): GC_FOR_ALLOC freed 3889K, 44% free 9468K/16616K, paused 4ms, total 4ms
02-03 13:10:20.371 D/dalvikvm(15954): GC_FOR_ALLOC freed 4175K, 44% free 9320K/16616K, paused 4ms, total 4ms
02-03 13:10:20.381 D/dalvikvm(15954): GC_CONCURRENT freed 3408K, 41% free 9924K/16616K, paused 1ms+1ms, total 6ms
02-03 13:10:20.391 D/dalvikvm(15954): GC_CONCURRENT freed 4597K, 44% free 9323K/16616K, paused 0ms+1ms, total 5ms
02-03 13:10:20.391 D/dalvikvm(15954): WAIT_FOR_CONCURRENT_GC blocked 4ms
02-03 13:10:20.391 D/dalvikvm(15954): GC_CONCURRENT freed 3818K, 43% free 9510K/16616K, paused 0ms+1ms, total 5ms
02-03 13:10:20.391 D/dalvikvm(15954): WAIT_FOR_CONCURRENT_GC blocked 4ms
02-03 13:10:20.401 D/dalvikvm(15954): GC_CONCURRENT freed 4104K, 44% free 9437K/16616K, paused 1ms+1ms, total 5ms
02-03 13:10:20.401 D/dalvikvm(15954): WAIT_FOR_CONCURRENT_GC blocked 4ms
02-03 13:10:20.411 D/dalvikvm(15954): GC_FOR_ALLOC freed 4086K, 45% free 9277K/16616K, paused 4ms, total 4ms
02-03 13:10:20.421 D/dalvikvm(15954): GC_CONCURRENT freed 3815K, 44% free 9442K/16616K, paused 0ms+1ms, total 5ms
02-03 13:10:20.421 D/dalvikvm(15954): WAIT_FOR_CONCURRENT_GC blocked 5ms
02-03 13:10:20.421 D/dalvikvm(15954): GC_CONCURRENT freed 4034K, 44% free 9442K/16616K, paused 0ms+1ms, total 4ms
02-03 13:10:20.421 D/dalvikvm(15954): WAIT_FOR_CONCURRENT_GC blocked 5ms
02-03 13:10:20.431 D/dalvikvm(15954): GC_CONCURRENT freed 4084K, 44% free 9447K/16616K, paused 0ms+1ms, total 4ms
02-03 13:10:20.431 D/dalvikvm(15954): WAIT_FOR_CONCURRENT_GC blocked 4ms
02-03 13:10:20.441 D/dalvikvm(15954): GC_FOR_ALLOC freed 3886K, 43% free 9531K/16616K, paused 4ms, total 4ms
02-03 13:10:20.451 D/dalvikvm(15954): GC_CONCURRENT freed 2996K, 37% free 10555K/16616K, paused 1ms+1ms, total 6ms
02-03 13:10:20.451 D/dalvikvm(15954): GC_FOR_ALLOC freed 4653K, 45% free 9273K/16616K, paused 5ms, total 5ms
02-03 13:10:20.461 D/dalvikvm(15954): GC_FOR_ALLOC freed 3843K, 44% free 9358K/16616K, paused 5ms, total 5ms
02-03 13:10:20.471 D/dalvikvm(15954): GC_CONCURRENT freed 3970K, 44% free 9450K/16616K, paused 1ms+1ms, total 5ms
02-03 13:10:20.471 D/dalvikvm(15954): WAIT_FOR_CONCURRENT_GC blocked 4ms
02-03 13:10:20.471 D/dalvikvm(15954): GC_FOR_ALLOC freed 4106K, 44% free 9360K/16616K, paused 4ms, total 4ms
02-03 13:10:20.481 D/dalvikvm(15954): GC_CONCURRENT freed 3342K, 40% free 10018K/16616K, paused 1ms+1ms, total 7ms
02-03 13:10:20.481 D/dalvikvm(15954): WAIT_FOR_CONCURRENT_GC blocked 3ms
02-03 13:10:20.491 D/dalvikvm(15954): GC_FOR_ALLOC freed 4274K, 43% free 9572K/16616K, paused 4ms, total 4ms
02-03 13:10:20.501 D/dalvikvm(15954): GC_CONCURRENT freed 4143K, 43% free 9481K/16616K, paused 1ms+1ms, total 6ms
02-03 13:10:20.501 D/dalvikvm(15954): WAIT_FOR_CONCURRENT_GC blocked 5ms
02-03 13:10:20.501 D/dalvikvm(15954): GC_FOR_ALLOC freed 4091K, 45% free 9295K/16616K, paused 4ms, total 4ms
02-03 13:10:20.511 D/dalvikvm(15954): GC_FOR_ALLOC freed 3944K, 45% free 9292K/16616K, paused 4ms, total 4ms
02-03 13:10:20.521 D/dalvikvm(15954): GC_CONCURRENT freed 3788K, 43% free 9484K/16616K, paused 0ms+0ms, total 5ms
02-03 13:10:20.521 D/dalvikvm(15954): WAIT_FOR_CONCURRENT_GC blocked 4ms
02-03 13:10:20.531 D/dalvikvm(15954): GC_CONCURRENT freed 4014K, 43% free 9488K/16616K, paused 0ms+0ms, total 5ms
02-03 13:10:20.531 D/dalvikvm(15954): WAIT_FOR_CONCURRENT_GC blocked 4ms
02-03 13:10:20.531 D/dalvikvm(15954): GC_CONCURRENT freed 4052K, 43% free 9491K/16616K, paused 0ms+0ms, total 5ms
02-03 13:10:20.531 D/dalvikvm(15954): WAIT_FOR_CONCURRENT_GC blocked 5ms
02-03 13:10:20.541 D/dalvikvm(15954): GC_CONCURRENT freed 4093K, 43% free 9491K/16616K, paused 0ms+1ms, total 5ms
02-03 13:10:20.541 D/dalvikvm(15954): WAIT_FOR_CONCURRENT_GC blocked 5ms
02-03 13:10:20.551 D/dalvikvm(15954): GC_FOR_ALLOC freed 3830K, 43% free 9592K/16616K, paused 5ms, total 5ms
02-03 13:10:20.551 D/dalvikvm(15954): GC_FOR_ALLOC freed 3967K, 45% free 9295K/16616K, paused 4ms, total 4ms
02-03 13:10:20.561 D/dalvikvm(15954): GC_FOR_ALLOC freed 3696K, 43% free 9596K/16616K, paused 4ms, total 4ms
02-03 13:10:20.571 D/dalvikvm(15954): GC_CONCURRENT freed 3332K, 40% free 9995K/16616K, paused 1ms+1ms, total 7ms
02-03 13:10:20.571 D/dalvikvm(15954): WAIT_FOR_CONCURRENT_GC blocked 3ms
02-03 13:10:20.571 D/dalvikvm(15954): GC_FOR_ALLOC freed 3541K, 45% free 9295K/16616K, paused 4ms, total 4ms
02-03 13:10:20.581 D/dalvikvm(15954): GC_FOR_ALLOC freed 3780K, 43% free 9603K/16616K, paused 4ms, total 4ms
02-03 13:10:20.591 D/dalvikvm(15954): GC_CONCURRENT freed 3408K, 40% free 10043K/16616K, paused 1ms+1ms, total 6ms
02-03 13:10:20.591 D/dalvikvm(15954): WAIT_FOR_CONCURRENT_GC blocked 2ms
02-03 13:10:20.601 D/dalvikvm(15954): GC_FOR_ALLOC freed 3622K, 44% free 9328K/16616K, paused 5ms, total 5ms
02-03 13:10:20.601 D/dalvikvm(15954): GC_FOR_ALLOC freed 3866K, 44% free 9434K/16616K, paused 5ms, total 5ms
02-03 13:10:20.611 D/dalvikvm(15954): GC_CONCURRENT freed 3164K, 41% free 9959K/16616K, paused 1ms+1ms, total 6ms
02-03 13:10:20.611 D/dalvikvm(15954): WAIT_FOR_CONCURRENT_GC blocked 2ms
02-03 13:10:20.621 D/dalvikvm(15954): GC_FOR_ALLOC freed 3492K, 44% free 9438K/16616K, paused 4ms, total 4ms
02-03 13:10:20.621 D/dalvikvm(15954): GC_FOR_ALLOC freed 3734K, 44% free 9440K/16616K, paused 4ms, total 4ms
02-03 13:10:20.631 D/dalvikvm(15954): GC_FOR_ALLOC freed 3545K, 44% free 9335K/16616K, paused 5ms, total 5ms
02-03 13:10:20.641 D/dalvikvm(15954): GC_FOR_ALLOC freed 3785K, 44% free 9337K/16616K, paused 4ms, total 4ms
02-03 13:10:20.641 D/dalvikvm(15954): GC_FOR_ALLOC freed 3811K, 44% free 9338K/16616K, paused 4ms, total 4ms
02-03 13:10:20.651 D/dalvikvm(15954): GC_FOR_ALLOC freed 3837K, 44% free 9340K/16616K, paused 4ms, total 4ms
02-03 13:10:20.661 D/dalvikvm(15954): GC_FOR_ALLOC freed 3863K, 44% free 9341K/16616K, paused 4ms, total 4ms
02-03 13:10:20.661 D/dalvikvm(15954): GC_FOR_ALLOC freed 3889K, 44% free 9343K/16616K, paused 4ms, total 4ms
02-03 13:10:20.671 D/dalvikvm(15954): GC_FOR_ALLOC freed 3916K, 44% free 9344K/16616K, paused 5ms, total 5ms
02-03 13:10:20.681 D/dalvikvm(15954): GC_FOR_ALLOC freed 3942K, 44% free 9346K/16616K, paused 5ms, total 5ms
02-03 13:10:20.691 D/dalvikvm(15954): GC_FOR_ALLOC freed 3968K, 44% free 9347K/16616K, paused 5ms, total 5ms
02-03 13:10:20.691 D/dalvikvm(15954): GC_CONCURRENT freed 3653K, 42% free 9689K/16616K, paused 1ms+1ms, total 6ms
02-03 13:10:20.691 D/dalvikvm(15954): WAIT_FOR_CONCURRENT_GC blocked 1ms
02-03 13:10:20.701 D/dalvikvm(15954): GC_FOR_ALLOC freed 3785K, 44% free 9464K/16616K, paused 4ms, total 4ms
02-03 13:10:20.711 D/dalvikvm(15954): GC_FOR_ALLOC freed 3811K, 44% free 9352K/16616K, paused 5ms, total 5ms
02-03 13:10:20.711 D/dalvikvm(15954): GC_FOR_ALLOC freed 3485K, 42% free 9701K/16616K, paused 4ms, total 4ms
02-03 13:10:20.721 D/dalvikvm(15954): GC_FOR_ALLOC freed 3859K, 44% free 9355K/16616K, paused 4ms, total 4ms
02-03 13:10:20.731 D/dalvikvm(15954): GC_FOR_ALLOC freed 3530K, 42% free 9709K/16616K, paused 5ms, total 5ms
02-03 13:10:20.731 D/dalvikvm(15954): GC_FOR_ALLOC freed 3315K, 42% free 9712K/16616K, paused 4ms, total 4ms
02-03 13:10:20.741 D/dalvikvm(15954): GC_FOR_ALLOC freed 3333K, 42% free 9716K/16616K, paused 4ms, total 4ms
02-03 13:10:20.751 D/dalvikvm(15954): GC_FOR_ALLOC freed 3352K, 42% free 9719K/16616K, paused 5ms, total 5ms
02-03 13:10:20.751 W/BindingManager(21555): Cannot call determinedVisibility() - never saw a connection for the pid: 21555
02-03 13:10:20.751 D/dalvikvm(15954): GC_FOR_ALLOC freed 3371K, 42% free 9722K/16616K, paused 4ms, total 5ms
02-03 13:10:20.761 D/dalvikvm(15954): GC_FOR_ALLOC freed 3390K, 42% free 9726K/16616K, paused 5ms, total 5ms
02-03 13:10:20.771 D/dalvikvm(15954): GC_FOR_ALLOC freed 3409K, 42% free 9729K/16616K, paused 4ms, total 4ms
02-03 13:10:20.771 D/dalvikvm(15954): GC_FOR_ALLOC freed 3427K, 42% free 9732K/16616K, paused 4ms, total 4ms
02-03 13:10:20.781 D/dalvikvm(15954): GC_FOR_ALLOC freed 3446K, 42% free 9736K/16616K, paused 5ms, total 5ms
02-03 13:10:20.791 D/dalvikvm(15954): GC_FOR_ALLOC freed 3465K, 42% free 9739K/16616K, paused 4ms, total 4ms
02-03 13:10:20.801 D/dalvikvm(15954): GC_FOR_ALLOC freed 3484K, 42% free 9742K/16616K, paused 4ms, total 5ms
02-03 13:10:20.801 D/dalvikvm(15954): GC_FOR_ALLOC freed 3503K, 42% free 9746K/16616K, paused 4ms, total 4ms
02-03 13:10:20.811 D/dalvikvm(15954): GC_FOR_ALLOC freed 3522K, 42% free 9749K/16616K, paused 5ms, total 5ms
02-03 13:10:20.821 D/dalvikvm(15954): GC_FOR_ALLOC freed 3541K, 42% free 9753K/16616K, paused 4ms, total 5ms
02-03 13:10:20.831 D/dalvikvm(15954): GC_FOR_ALLOC freed 3559K, 42% free 9756K/16616K, paused 5ms, total 5ms
02-03 13:10:20.831 D/dalvikvm(15954): GC_FOR_ALLOC freed 3578K, 42% free 9759K/16616K, paused 5ms, total 5ms
02-03 13:10:20.841 D/dalvikvm(15954): GC_FOR_ALLOC freed 3596K, 42% free 9762K/16616K, paused 4ms, total 4ms
02-03 13:10:20.851 D/dalvikvm(15954): GC_FOR_ALLOC freed 3615K, 42% free 9766K/16616K, paused 5ms, total 5ms
02-03 13:10:20.861 D/dalvikvm(15954): GC_FOR_ALLOC freed 3634K, 43% free 9509K/16616K, paused 4ms, total 4ms
02-03 13:10:20.861 D/dalvikvm(15954): GC_FOR_ALLOC freed 3652K, 43% free 9511K/16616K, paused 5ms, total 5ms
02-03 13:10:20.871 D/dalvikvm(15954): GC_FOR_ALLOC freed 3671K, 43% free 9513K/16616K, paused 4ms, total 5ms
02-03 13:10:20.881 D/dalvikvm(15954): GC_FOR_ALLOC freed 3689K, 43% free 9515K/16616K, paused 5ms, total 5ms
02-03 13:10:20.891 D/dalvikvm(15954): GC_FOR_ALLOC freed 3708K, 43% free 9517K/16616K, paused 4ms, total 4ms
02-03 13:10:20.891 D/dalvikvm(15954): GC_FOR_ALLOC freed 3460K, 44% free 9387K/16616K, paused 4ms, total 4ms
02-03 13:10:20.901 D/dalvikvm(15954): GC_FOR_ALLOC freed 3744K, 44% free 9388K/16616K, paused 4ms, total 4ms
02-03 13:10:20.911 D/dalvikvm(15954): GC_FOR_ALLOC freed 3763K, 44% free 9389K/16616K, paused 4ms, total 4ms
02-03 13:10:20.911 D/dalvikvm(15954): GC_FOR_ALLOC freed 3783K, 44% free 9391K/16616K, paused 4ms, total 4ms
02-03 13:10:20.921 D/dalvikvm(15954): GC_FOR_ALLOC freed 3802K, 44% free 9392K/16616K, paused 5ms, total 5ms
02-03 13:10:20.931 D/dalvikvm(15954): GC_FOR_ALLOC freed 3820K, 44% free 9393K/16616K, paused 5ms, total 5ms
02-03 13:10:20.931 D/dalvikvm(15954): GC_FOR_ALLOC freed 3839K, 44% free 9395K/16616K, paused 5ms, total 5ms
02-03 13:10:20.941 D/dalvikvm(15954): GC_FOR_ALLOC freed 3858K, 44% free 9396K/16616K, paused 5ms, total 5ms
02-03 13:10:20.951 D/dalvikvm(15954): GC_FOR_ALLOC freed 3877K, 44% free 9397K/16616K, paused 5ms, total 5ms
02-03 13:10:20.961 D/dalvikvm(15954): GC_FOR_ALLOC freed 3896K, 44% free 9399K/16616K, paused 5ms, total 5ms
02-03 13:10:20.961 D/dalvikvm(15954): GC_FOR_ALLOC freed 3914K, 44% free 9400K/16616K, paused 5ms, total 5ms
02-03 13:10:20.971 D/dalvikvm(15954): GC_FOR_ALLOC freed 3229K, 41% free 9822K/16616K, paused 4ms, total 4ms
02-03 13:10:20.981 D/dalvikvm(15954): GC_FOR_ALLOC freed 3666K, 44% free 9403K/16616K, paused 4ms, total 4ms
02-03 13:10:20.981 D/dalvikvm(15954): GC_FOR_ALLOC freed 3256K, 41% free 9828K/16616K, paused 5ms, total 5ms
02-03 13:10:20.991 D/dalvikvm(15954): GC_FOR_ALLOC freed 3697K, 44% free 9405K/16616K, paused 4ms, total 4ms
02-03 13:10:21.001 D/dalvikvm(15954): GC_FOR_ALLOC freed 3283K, 41% free 9834K/16616K, paused 4ms, total 5ms
02-03 13:10:21.011 D/dalvikvm(15954): GC_FOR_ALLOC freed 3727K, 44% free 9407K/16616K, paused 5ms, total 5ms
02-03 13:10:21.011 D/dalvikvm(15954): GC_FOR_ALLOC freed 3310K, 41% free 9840K/16616K, paused 4ms, total 4ms
02-03 13:10:21.021 D/dalvikvm(15954): GC_FOR_ALLOC freed 3758K, 44% free 9410K/16616K, paused 5ms, total 5ms
02-03 13:10:21.031 D/dalvikvm(15954): GC_FOR_ALLOC freed 3337K, 41% free 9846K/16616K, paused 4ms, total 4ms
02-03 13:10:21.031 D/dalvikvm(15954): GC_FOR_ALLOC freed 3789K, 44% free 9412K/16616K, paused 4ms, total 4ms
02-03 13:10:21.041 D/dalvikvm(15954): GC_FOR_ALLOC freed 3364K, 41% free 9851K/16616K, paused 5ms, total 5ms
02-03 13:10:21.051 D/dalvikvm(15954): GC_FOR_ALLOC freed 3819K, 44% free 9414K/16616K, paused 4ms, total 4ms
02-03 13:10:21.061 D/dalvikvm(15954): GC_FOR_ALLOC freed 3391K, 41% free 9857K/16616K, paused 5ms, total 5ms
02-03 13:10:21.061 D/dalvikvm(15954): GC_FOR_ALLOC freed 3108K, 41% free 9860K/16616K, paused 5ms, total 5ms
02-03 13:10:21.071 D/dalvikvm(15954): GC_FOR_ALLOC freed 3863K, 44% free 9418K/16616K, paused 4ms, total 4ms
02-03 13:10:21.081 I/chromium(21555): [INFO:CONSOLE(0)] "Synchronous XMLHttpRequest on the main thread is deprecated because of its detrimental effects to the end user's experience. For more help, check http://xhr.spec.whatwg.org/.", source:  (0)
02-03 13:10:21.081 D/dalvikvm(15954): GC_FOR_ALLOC freed 3430K, 43% free 9567K/16616K, paused 6ms, total 6ms
02-03 13:10:21.091 D/dalvikvm(15954): GC_FOR_ALLOC freed 3143K, 41% free 9868K/16616K, paused 4ms, total 5ms
02-03 13:10:21.091 D/dalvikvm(15954): GC_FOR_ALLOC freed 3154K, 41% free 9871K/16616K, paused 4ms, total 4ms
02-03 13:10:21.101 D/dalvikvm(15954): GC_FOR_ALLOC freed 3920K, 44% free 9422K/16616K, paused 4ms, total 4ms
02-03 13:10:21.111 D/dalvikvm(15954): GC_FOR_ALLOC freed 3480K, 43% free 9574K/16616K, paused 4ms, total 4ms
02-03 13:10:21.121 D/dalvikvm(15954): GC_FOR_ALLOC freed 3189K, 41% free 9879K/16616K, paused 5ms, total 5ms
02-03 13:10:21.121 D/dalvikvm(15954): GC_FOR_ALLOC freed 3200K, 41% free 9882K/16616K, paused 5ms, total 5ms
02-03 13:10:21.131 D/dalvikvm(15954): GC_FOR_ALLOC freed 3976K, 44% free 9426K/16616K, paused 4ms, total 4ms
02-03 13:10:21.141 D/dalvikvm(15954): GC_FOR_ALLOC freed 3530K, 43% free 9580K/16616K, paused 5ms, total 5ms
02-03 13:10:21.151 D/dalvikvm(15954): GC_FOR_ALLOC freed 3235K, 41% free 9890K/16616K, paused 4ms, total 4ms
02-03 13:10:21.151 D/dalvikvm(15954): GC_FOR_ALLOC freed 3245K, 41% free 9893K/16616K, paused 4ms, total 4ms
02-03 13:10:21.161 D/        (21555): Pixel Format : GGL_PIXEL_FORMAT_RGBA_8888
02-03 13:10:21.161 D/        (21555): droid_create_context : config id = 1 conf->NativeVisualID=1
02-03 13:10:21.161 D/        (21555): Pixel Format : GGL_PIXEL_FORMAT_RGBA_8888
02-03 13:10:21.161 I/        (21555): Requested context : GLES 2.0
02-03 13:10:21.161 D/dalvikvm(15954): GC_FOR_ALLOC freed 4033K, 44% free 9431K/16616K, paused 5ms, total 5ms
02-03 13:10:21.171 D/dalvikvm(15954): GC_FOR_ALLOC freed 3581K, 43% free 9587K/16616K, paused 4ms, total 4ms
02-03 13:10:21.181 D/dalvikvm(15954): GC_FOR_ALLOC freed 3281K, 41% free 9901K/16616K, paused 5ms, total 5ms
02-03 13:10:21.191 D/dalvikvm(15954): GC_FOR_ALLOC freed 3291K, 41% free 9904K/16616K, paused 5ms, total 5ms
02-03 13:10:21.191 D/dalvikvm(15954): GC_FOR_ALLOC freed 4090K, 44% free 9435K/16616K, paused 5ms, total 5ms
02-03 13:10:21.201 D/dalvikvm(15954): GC_FOR_ALLOC freed 3631K, 43% free 9594K/16616K, paused 5ms, total 5ms
02-03 13:10:21.211 D/dalvikvm(15954): GC_FOR_ALLOC freed 3327K, 41% free 9912K/16616K, paused 5ms, total 5ms
02-03 13:10:21.221 D/dalvikvm(15954): GC_FOR_ALLOC freed 3337K, 41% free 9914K/16616K, paused 4ms, total 4ms
02-03 13:10:21.231 D/dalvikvm(15954): GC_FOR_ALLOC freed 4147K, 44% free 9440K/16616K, paused 5ms, total 5ms
02-03 13:10:21.231 D/dalvikvm(15954): GC_FOR_ALLOC freed 3682K, 43% free 9600K/16616K, paused 4ms, total 4ms
02-03 13:10:21.241 D/dalvikvm(15954): GC_FOR_ALLOC freed 3374K, 43% free 9602K/16616K, paused 4ms, total 4ms
02-03 13:10:21.251 D/dalvikvm(15954): GC_FOR_ALLOC freed 3384K, 43% free 9603K/16616K, paused 4ms, total 4ms
02-03 13:10:21.251 D/dalvikvm(15954): GC_FOR_ALLOC freed 3396K, 43% free 9605K/16616K, paused 5ms, total 5ms
02-03 13:10:21.261 D/dalvikvm(15954): GC_FOR_ALLOC freed 3406K, 43% free 9606K/16616K, paused 4ms, total 4ms
02-03 13:10:21.271 D/dalvikvm(15954): GC_FOR_ALLOC freed 3417K, 43% free 9608K/16616K, paused 4ms, total 4ms
02-03 13:10:21.271 D/dalvikvm(15954): GC_FOR_ALLOC freed 3429K, 43% free 9610K/16616K, paused 4ms, total 4ms
02-03 13:10:21.281 D/dalvikvm(15954): GC_FOR_ALLOC freed 3440K, 43% free 9611K/16616K, paused 4ms, total 4ms
02-03 13:10:21.291 D/dalvikvm(15954): GC_FOR_ALLOC freed 3452K, 43% free 9613K/16616K, paused 4ms, total 4ms
02-03 13:10:21.291 D/dalvikvm(15954): GC_FOR_ALLOC freed 3464K, 43% free 9615K/16616K, paused 4ms, total 4ms
02-03 13:10:21.301 D/dalvikvm(15954): GC_FOR_ALLOC freed 3474K, 43% free 9616K/16616K, paused 4ms, total 4ms
02-03 13:10:21.301 D/dalvikvm(15954): GC_FOR_ALLOC freed 3484K, 43% free 9617K/16616K, paused 4ms, total 4ms
02-03 13:10:21.311 D/dalvikvm(15954): GC_FOR_ALLOC freed 3493K, 43% free 9619K/16616K, paused 5ms, total 5ms
02-03 13:10:21.321 D/dalvikvm(15954): GC_FOR_ALLOC freed 3503K, 43% free 9620K/16616K, paused 4ms, total 4ms
02-03 13:10:21.321 D/dalvikvm(15954): GC_FOR_ALLOC freed 3512K, 43% free 9621K/16616K, paused 4ms, total 4ms
02-03 13:10:21.331 D/dalvikvm(15954): GC_FOR_ALLOC freed 3522K, 43% free 9623K/16616K, paused 4ms, total 4ms
02-03 13:10:21.341 D/dalvikvm(15954): GC_FOR_ALLOC freed 3531K, 43% free 9624K/16616K, paused 4ms, total 4ms
02-03 13:10:21.341 D/dalvikvm(15954): GC_FOR_ALLOC freed 3540K, 43% free 9626K/16616K, paused 4ms, total 4ms
02-03 13:10:21.351 D/dalvikvm(15954): GC_FOR_ALLOC freed 3551K, 43% free 9627K/16616K, paused 4ms, total 4ms
02-03 13:10:21.361 D/dalvikvm(15954): GC_FOR_ALLOC freed 3564K, 43% free 9629K/16616K, paused 4ms, total 4ms
02-03 13:10:21.361 D/dalvikvm(15954): GC_FOR_ALLOC freed 3576K, 43% free 9631K/16616K, paused 4ms, total 4ms
02-03 13:10:21.371 D/dalvikvm(15954): GC_FOR_ALLOC freed 3586K, 43% free 9632K/16616K, paused 4ms, total 5ms
02-03 13:10:21.381 D/dalvikvm(15954): GC_FOR_ALLOC freed 3597K, 43% free 9634K/16616K, paused 4ms, total 4ms
02-03 13:10:21.381 D/dalvikvm(15954): GC_FOR_ALLOC freed 3607K, 43% free 9635K/16616K, paused 5ms, total 5ms
02-03 13:10:21.391 D/dalvikvm(15954): GC_FOR_ALLOC freed 3616K, 43% free 9636K/16616K, paused 4ms, total 4ms
02-03 13:10:21.401 D/dalvikvm(15954): GC_FOR_ALLOC freed 3281K, 44% free 9466K/16616K, paused 5ms, total 5ms
02-03 13:10:21.401 D/dalvikvm(15954): GC_FOR_ALLOC freed 3637K, 44% free 9467K/16616K, paused 4ms, total 4ms
02-03 13:10:21.411 D/dalvikvm(15954): GC_FOR_ALLOC freed 3648K, 44% free 9468K/16616K, paused 5ms, total 5ms
02-03 13:10:21.421 D/dalvikvm(15954): GC_FOR_ALLOC freed 3659K, 44% free 9469K/16616K, paused 4ms, total 4ms
02-03 13:10:21.421 D/dalvikvm(15954): GC_FOR_ALLOC freed 3668K, 44% free 9470K/16616K, paused 4ms, total 4ms
02-03 13:10:21.431 D/dalvikvm(15954): GC_FOR_ALLOC freed 3678K, 44% free 9471K/16616K, paused 5ms, total 5ms
02-03 13:10:21.441 D/dalvikvm(15954): GC_FOR_ALLOC freed 3687K, 43% free 9471K/16616K, paused 4ms, total 4ms
02-03 13:10:21.441 D/dalvikvm(15954): GC_FOR_ALLOC freed 3696K, 43% free 9472K/16616K, paused 4ms, total 4ms
02-03 13:10:21.451 D/dalvikvm(15954): GC_FOR_ALLOC freed 3706K, 43% free 9473K/16616K, paused 4ms, total 4ms
02-03 13:10:21.461 D/dalvikvm(15954): GC_FOR_ALLOC freed 3715K, 43% free 9474K/16616K, paused 4ms, total 4ms
02-03 13:10:21.461 D/dalvikvm(15954): GC_FOR_ALLOC freed 3725K, 43% free 9475K/16616K, paused 4ms, total 4ms
02-03 13:10:21.471 D/dalvikvm(15954): GC_FOR_ALLOC freed 3734K, 43% free 9476K/16616K, paused 4ms, total 4ms
02-03 13:10:21.481 D/dalvikvm(15954): GC_FOR_ALLOC freed 3744K, 43% free 9477K/16616K, paused 4ms, total 4ms
02-03 13:10:21.481 D/dalvikvm(15954): GC_FOR_ALLOC freed 3753K, 43% free 9478K/16616K, paused 5ms, total 5ms
02-03 13:10:21.491 D/dalvikvm(15954): GC_FOR_ALLOC freed 3762K, 43% free 9479K/16616K, paused 4ms, total 4ms
02-03 13:10:21.501 D/dalvikvm(15954): GC_FOR_ALLOC freed 3772K, 43% free 9480K/16616K, paused 4ms, total 4ms
02-03 13:10:21.501 D/dalvikvm(15954): GC_FOR_ALLOC freed 3781K, 43% free 9480K/16616K, paused 4ms, total 4ms
02-03 13:10:21.511 D/dalvikvm(15954): GC_FOR_ALLOC freed 3791K, 43% free 9481K/16616K, paused 4ms, total 4ms
02-03 13:10:21.521 D/dalvikvm(15954): GC_FOR_ALLOC freed 3800K, 43% free 9482K/16616K, paused 4ms, total 4ms
02-03 13:10:21.521 D/dalvikvm(15954): GC_FOR_ALLOC freed 3809K, 43% free 9483K/16616K, paused 4ms, total 4ms
02-03 13:10:21.531 D/dalvikvm(15954): GC_FOR_ALLOC freed 3819K, 43% free 9484K/16616K, paused 5ms, total 5ms
02-03 13:10:21.541 D/dalvikvm(15954): GC_FOR_ALLOC freed 3828K, 43% free 9485K/16616K, paused 4ms, total 4ms
02-03 13:10:21.541 D/dalvikvm(15954): GC_CONCURRENT freed 3985K, 43% free 9485K/16616K, paused 0ms+1ms, total 5ms
02-03 13:10:21.541 D/dalvikvm(15954): WAIT_FOR_CONCURRENT_GC blocked 4ms
02-03 13:10:21.551 D/dalvikvm(15954): GC_FOR_ALLOC freed 3633K, 43% free 9471K/16616K, paused 4ms, total 4ms
02-03 13:10:21.561 D/dalvikvm(15954): GC_CONCURRENT freed 3671K, 41% free 9858K/16616K, paused 1ms+1ms, total 5ms
02-03 13:10:21.561 D/dalvikvm(15954): WAIT_FOR_CONCURRENT_GC blocked 4ms
02-03 13:10:21.571 D/dalvikvm(15954): GC_FOR_ALLOC freed 3275K, 49% free 8516K/16616K, paused 4ms, total 4ms
02-03 13:10:21.601 D/dalvikvm(15954): GC_FOR_ALLOC freed 3347K, 46% free 9089K/16616K, paused 3ms, total 3ms
02-03 13:10:21.661 D/dalvikvm(15954): GC_CONCURRENT freed 3992K, 45% free 9171K/16616K, paused 1ms+1ms, total 7ms
02-03 13:10:21.661 D/dalvikvm(15954): WAIT_FOR_CONCURRENT_GC blocked 6ms
02-03 13:10:21.671 D/dalvikvm(15954): GC_CONCURRENT freed 4054K, 45% free 9184K/16616K, paused 1ms+1ms, total 5ms
02-03 13:10:21.671 D/dalvikvm(15954): WAIT_FOR_CONCURRENT_GC blocked 4ms
02-03 13:10:21.681 D/dalvikvm(15954): GC_CONCURRENT freed 4051K, 45% free 9211K/16616K, paused 1ms+1ms, total 5ms
02-03 13:10:21.681 D/dalvikvm(15954): WAIT_FOR_CONCURRENT_GC blocked 4ms
02-03 13:10:21.691 D/dalvikvm(15954): GC_CONCURRENT freed 4101K, 45% free 9199K/16616K, paused 0ms+1ms, total 5ms
02-03 13:10:21.691 D/dalvikvm(15954): WAIT_FOR_CONCURRENT_GC blocked 4ms
02-03 13:10:21.691 D/dalvikvm(15954): GC_CONCURRENT freed 4081K, 45% free 9177K/16616K, paused 0ms+1ms, total 4ms
02-03 13:10:21.691 D/dalvikvm(15954): WAIT_FOR_CONCURRENT_GC blocked 4ms
02-03 13:10:21.701 D/dalvikvm(15954): GC_FOR_ALLOC freed 4026K, 45% free 9210K/16616K, paused 4ms, total 4ms
02-03 13:10:21.711 D/dalvikvm(15954): GC_CONCURRENT freed 3925K, 44% free 9346K/16616K, paused 1ms+1ms, total 5ms
02-03 13:10:21.711 D/dalvikvm(15954): WAIT_FOR_CONCURRENT_GC blocked 4ms
02-03 13:10:21.721 D/dalvikvm(15954): GC_CONCURRENT freed 4073K, 44% free 9358K/16616K, paused 0ms+1ms, total 5ms
02-03 13:10:21.721 D/dalvikvm(15954): WAIT_FOR_CONCURRENT_GC blocked 4ms
02-03 13:10:21.731 D/dalvikvm(15954): GC_FOR_ALLOC freed 4125K, 45% free 9289K/16616K, paused 5ms, total 5ms
02-03 13:10:21.741 D/dalvikvm(15954): GC_CONCURRENT freed 4050K, 45% free 9284K/16616K, paused 1ms+1ms, total 6ms
02-03 13:10:21.741 D/dalvikvm(15954): GC_CONCURRENT freed 4021K, 44% free 9327K/16616K, paused 0ms+0ms, total 5ms
02-03 13:10:21.741 D/dalvikvm(15954): WAIT_FOR_CONCURRENT_GC blocked 4ms
02-03 13:10:21.751 D/dalvikvm(15954): GC_CONCURRENT freed 4029K, 44% free 9333K/16616K, paused 1ms+1ms, total 5ms
02-03 13:10:21.751 D/dalvikvm(15954): WAIT_FOR_CONCURRENT_GC blocked 4ms
02-03 13:10:21.761 D/dalvikvm(15954): GC_FOR_ALLOC freed 4111K, 45% free 9198K/16616K, paused 5ms, total 5ms
02-03 13:10:21.771 D/dalvikvm(15954): GC_CONCURRENT freed 3895K, 44% free 9338K/16616K, paused 0ms+1ms, total 6ms
02-03 13:10:21.771 D/dalvikvm(15954): WAIT_FOR_CONCURRENT_GC blocked 2ms
02-03 13:10:21.771 D/dalvikvm(15954): GC_CONCURRENT freed 4073K, 44% free 9347K/16616K, paused 1ms+1ms, total 5ms
02-03 13:10:21.771 D/dalvikvm(15954): WAIT_FOR_CONCURRENT_GC blocked 4ms
02-03 13:10:21.781 D/dalvikvm(15954): GC_CONCURRENT freed 4115K, 44% free 9305K/16616K, paused 1ms+1ms, total 5ms
02-03 13:10:21.781 D/dalvikvm(15954): WAIT_FOR_CONCURRENT_GC blocked 4ms
02-03 13:10:21.791 D/dalvikvm(15954): GC_CONCURRENT freed 3932K, 44% free 9468K/16616K, paused 0ms+0ms, total 5ms
02-03 13:10:21.791 D/dalvikvm(15954): WAIT_FOR_CONCURRENT_GC blocked 4ms
02-03 13:10:21.801 D/dalvikvm(15954): GC_FOR_ALLOC freed 4213K, 45% free 9286K/16616K, paused 4ms, total 4ms
02-03 13:10:21.801 D/dalvikvm(15954): GC_CONCURRENT freed 3666K, 42% free 9676K/16616K, paused 1ms+1ms, total 6ms
02-03 13:10:21.811 D/dalvikvm(15954): WAIT_FOR_CONCURRENT_GC blocked 2ms
02-03 13:10:21.811 D/dalvikvm(15954): GC_FOR_ALLOC freed 4322K, 44% free 9403K/16616K, paused 5ms, total 5ms
02-03 13:10:21.821 D/dalvikvm(15954): GC_CONCURRENT freed 3743K, 42% free 9695K/16616K, paused 0ms+1ms, total 6ms
02-03 13:10:21.821 D/dalvikvm(15954): WAIT_FOR_CONCURRENT_GC blocked 2ms
02-03 13:10:21.831 D/dalvikvm(15954): GC_CONCURRENT freed 4415K, 44% free 9353K/16616K, paused 1ms+1ms, total 5ms
02-03 13:10:21.831 D/dalvikvm(15954): WAIT_FOR_CONCURRENT_GC blocked 4ms
02-03 13:10:21.831 D/dalvikvm(15954): GC_FOR_ALLOC freed 4039K, 45% free 9229K/16616K, paused 5ms, total 5ms
02-03 13:10:21.841 D/dalvikvm(15954): GC_CONCURRENT freed 3869K, 44% free 9360K/16616K, paused 1ms+1ms, total 5ms
02-03 13:10:21.841 D/dalvikvm(15954): WAIT_FOR_CONCURRENT_GC blocked 4ms
02-03 13:10:21.851 D/dalvikvm(15954): GC_CONCURRENT freed 4084K, 44% free 9361K/16616K, paused 1ms+1ms, total 5ms
02-03 13:10:21.851 D/dalvikvm(15954): WAIT_FOR_CONCURRENT_GC blocked 4ms
02-03 13:10:21.861 D/dalvikvm(15954): GC_FOR_ALLOC freed 3967K, 44% free 9428K/16616K, paused 5ms, total 5ms
02-03 13:10:21.861 D/dalvikvm(15954): GC_CONCURRENT freed 3648K, 42% free 9693K/16616K, paused 1ms+1ms, total 6ms
02-03 13:10:21.861 D/dalvikvm(15954): WAIT_FOR_CONCURRENT_GC blocked 2ms
02-03 13:10:21.871 D/dalvikvm(15954): GC_CONCURRENT freed 4450K, 44% free 9327K/16616K, paused 0ms+1ms, total 5ms
02-03 13:10:21.871 D/dalvikvm(15954): WAIT_FOR_CONCURRENT_GC blocked 4ms
02-03 13:10:21.881 D/dalvikvm(15954): GC_FOR_ALLOC freed 4126K, 45% free 9257K/16616K, paused 4ms, total 4ms
02-03 13:10:21.891 D/dalvikvm(15954): GC_CONCURRENT freed 3280K, 41% free 9960K/16616K, paused 1ms+1ms, total 7ms
02-03 13:10:21.891 D/dalvikvm(15954): WAIT_FOR_CONCURRENT_GC blocked 2ms
02-03 13:10:21.891 D/dalvikvm(15954): GC_FOR_ALLOC freed 4541K, 43% free 9471K/16616K, paused 5ms, total 5ms
02-03 13:10:21.901 D/dalvikvm(15954): GC_CONCURRENT freed 3608K, 41% free 9833K/16616K, paused 1ms+1ms, total 6ms
02-03 13:10:21.901 D/dalvikvm(15954): WAIT_FOR_CONCURRENT_GC blocked 2ms
02-03 13:10:21.911 D/dalvikvm(15954): GC_FOR_ALLOC freed 4541K, 45% free 9250K/16616K, paused 5ms, total 5ms
02-03 13:10:21.921 D/dalvikvm(15954): GC_FOR_ALLOC freed 3866K, 43% free 9476K/16616K, paused 5ms, total 5ms
02-03 13:10:21.921 D/dalvikvm(15954): GC_CONCURRENT freed 3622K, 42% free 9779K/16616K, paused 1ms+1ms, total 6ms
02-03 13:10:21.921 D/dalvikvm(15954): WAIT_FOR_CONCURRENT_GC blocked 2ms
02-03 13:10:21.931 D/dalvikvm(15954): GC_FOR_ALLOC freed 4512K, 44% free 9355K/16616K, paused 4ms, total 4ms
02-03 13:10:21.941 D/dalvikvm(15954): GC_CONCURRENT freed 3486K, 41% free 9903K/16616K, paused 1ms+1ms, total 7ms
02-03 13:10:21.941 D/dalvikvm(15954): WAIT_FOR_CONCURRENT_GC blocked 2ms
02-03 13:10:21.941 D/dalvikvm(15954): GC_CONCURRENT freed 4564K, 44% free 9434K/16616K, paused 0ms+1ms, total 5ms
02-03 13:10:21.941 D/dalvikvm(15954): WAIT_FOR_CONCURRENT_GC blocked 4ms
02-03 13:10:21.951 D/dalvikvm(15954): GC_CONCURRENT freed 3983K, 44% free 9439K/16616K, paused 0ms+1ms, total 5ms
02-03 13:10:21.951 D/dalvikvm(15954): WAIT_FOR_CONCURRENT_GC blocked 5ms
02-03 13:10:21.961 D/dalvikvm(15954): GC_CONCURRENT freed 4038K, 44% free 9443K/16616K, paused 1ms+1ms, total 5ms
02-03 13:10:21.961 D/dalvikvm(15954): WAIT_FOR_CONCURRENT_GC blocked 4ms
02-03 13:10:21.971 D/dalvikvm(15954): GC_CONCURRENT freed 4091K, 44% free 9448K/16616K, paused 1ms+1ms, total 5ms
02-03 13:10:21.971 D/dalvikvm(15954): WAIT_FOR_CONCURRENT_GC blocked 4ms
02-03 13:10:21.981 D/dalvikvm(15954): GC_CONCURRENT freed 3894K, 43% free 9532K/16616K, paused 1ms+1ms, total 5ms
02-03 13:10:21.981 D/dalvikvm(15954): WAIT_FOR_CONCURRENT_GC blocked 4ms
02-03 13:10:21.981 D/dalvikvm(15954): GC_FOR_ALLOC freed 4197K, 44% free 9361K/16616K, paused 4ms, total 4ms
02-03 13:10:21.991 D/dalvikvm(15954): GC_CONCURRENT freed 3645K, 42% free 9703K/16616K, paused 1ms+1ms, total 7ms
02-03 13:10:21.991 D/dalvikvm(15954): WAIT_FOR_CONCURRENT_GC blocked 2ms
02-03 13:10:22.001 D/dalvikvm(15954): GC_FOR_ALLOC freed 4285K, 44% free 9359K/16616K, paused 5ms, total 5ms
02-03 13:10:22.001 D/dalvikvm(15954): GC_CONCURRENT freed 3988K, 44% free 9447K/16616K, paused 1ms+1ms, total 5ms
02-03 13:10:22.001 D/dalvikvm(15954): WAIT_FOR_CONCURRENT_GC blocked 4ms
02-03 13:10:22.011 D/dalvikvm(15954): GC_CONCURRENT freed 4119K, 44% free 9389K/16616K, paused 1ms+1ms, total 5ms
02-03 13:10:22.011 D/dalvikvm(15954): WAIT_FOR_CONCURRENT_GC blocked 4ms
02-03 13:10:22.021 D/dalvikvm(15954): GC_FOR_ALLOC freed 3802K, 43% free 9569K/16616K, paused 4ms, total 4ms
02-03 13:10:22.031 D/dalvikvm(15954): GC_CONCURRENT freed 3664K, 41% free 9930K/16616K, paused 1ms+1ms, total 6ms
02-03 13:10:22.031 D/dalvikvm(15954): WAIT_FOR_CONCURRENT_GC blocked 2ms
02-03 13:10:22.031 D/dalvikvm(15954): GC_FOR_ALLOC freed 4516K, 45% free 9293K/16616K, paused 4ms, total 5ms
02-03 13:10:22.041 D/dalvikvm(15954): GC_FOR_ALLOC freed 3919K, 45% free 9291K/16616K, paused 5ms, total 5ms
02-03 13:10:22.051 D/dalvikvm(15954): GC_FOR_ALLOC freed 3957K, 45% free 9289K/16616K, paused 4ms, total 4ms
02-03 13:10:22.061 D/dalvikvm(15954): GC_CONCURRENT freed 3800K, 43% free 9481K/16616K, paused 1ms+1ms, total 5ms
02-03 13:10:22.061 D/dalvikvm(15954): WAIT_FOR_CONCURRENT_GC blocked 4ms
02-03 13:10:22.061 D/dalvikvm(15954): GC_CONCURRENT freed 4030K, 43% free 9481K/16616K, paused 1ms+1ms, total 5ms
02-03 13:10:22.061 D/dalvikvm(15954): WAIT_FOR_CONCURRENT_GC blocked 4ms
02-03 13:10:22.071 D/dalvikvm(15954): GC_CONCURRENT freed 4064K, 43% free 9484K/16616K, paused 1ms+1ms, total 5ms
02-03 13:10:22.071 D/dalvikvm(15954): WAIT_FOR_CONCURRENT_GC blocked 4ms
02-03 13:10:22.081 D/dalvikvm(15954): GC_FOR_ALLOC freed 3811K, 43% free 9581K/16616K, paused 4ms, total 4ms
02-03 13:10:22.091 D/dalvikvm(15954): GC_CONCURRENT freed 4140K, 44% free 9416K/16616K, paused 1ms+1ms, total 6ms
02-03 13:10:22.091 D/dalvikvm(15954): WAIT_FOR_CONCURRENT_GC blocked 5ms
02-03 13:10:22.091 D/dalvikvm(15954): GC_FOR_ALLOC freed 3979K, 44% free 9315K/16616K, paused 4ms, total 4ms
02-03 13:10:22.101 D/dalvikvm(15954): GC_FOR_ALLOC freed 3707K, 43% free 9617K/16616K, paused 4ms, total 4ms
02-03 13:10:22.111 D/dalvikvm(15954): GC_CONCURRENT freed 3342K, 40% free 10017K/16616K, paused 1ms+1ms, total 6ms
02-03 13:10:22.111 D/dalvikvm(15954): WAIT_FOR_CONCURRENT_GC blocked 2ms
02-03 13:10:22.111 D/dalvikvm(15954): GC_FOR_ALLOC freed 3755K, 44% free 9417K/16616K, paused 5ms, total 5ms
02-03 13:10:22.121 D/dalvikvm(15954): GC_CONCURRENT freed 3897K, 43% free 9524K/16616K, paused 0ms+1ms, total 4ms
02-03 13:10:22.121 D/dalvikvm(15954): WAIT_FOR_CONCURRENT_GC blocked 5ms
02-03 13:10:22.131 D/dalvikvm(15954): GC_FOR_ALLOC freed 4035K, 44% free 9418K/16616K, paused 4ms, total 4ms
02-03 13:10:22.131 D/dalvikvm(15954): GC_FOR_ALLOC freed 3647K, 43% free 9629K/16616K, paused 4ms, total 4ms
02-03 13:10:22.141 D/dalvikvm(15954): GC_FOR_ALLOC freed 3676K, 44% free 9423K/16616K, paused 5ms, total 5ms
02-03 13:10:22.151 D/dalvikvm(15954): GC_FOR_ALLOC freed 3703K, 42% free 9637K/16616K, paused 4ms, total 4ms
02-03 13:10:22.151 D/dalvikvm(15954): GC_FOR_ALLOC freed 3729K, 44% free 9428K/16616K, paused 4ms, total 4ms
02-03 13:10:22.161 D/dalvikvm(15954): GC_CONCURRENT freed 3755K, 42% free 9645K/16616K, paused 1ms+1ms, total 5ms
02-03 13:10:22.161 D/dalvikvm(15954): WAIT_FOR_CONCURRENT_GC blocked 4ms
02-03 13:10:22.181 D/dalvikvm(15954): GC_FOR_ALLOC freed 3565K, 44% free 9325K/16616K, paused 4ms, total 4ms
02-03 13:10:22.191 D/dalvikvm(15954): GC_FOR_ALLOC freed 3806K, 44% free 9326K/16616K, paused 5ms, total 5ms
02-03 13:10:22.191 D/dalvikvm(15954): GC_FOR_ALLOC freed 3832K, 44% free 9328K/16616K, paused 4ms, total 4ms
02-03 13:10:22.201 D/dalvikvm(15954): GC_FOR_ALLOC freed 3858K, 44% free 9329K/16616K, paused 4ms, total 5ms
02-03 13:10:22.211 D/dalvikvm(15954): GC_FOR_ALLOC freed 3884K, 44% free 9331K/16616K, paused 5ms, total 5ms
02-03 13:10:22.221 D/dalvikvm(15954): GC_FOR_ALLOC freed 3910K, 44% free 9332K/16616K, paused 5ms, total 5ms
02-03 13:10:22.221 D/dalvikvm(15954): GC_FOR_ALLOC freed 3937K, 44% free 9334K/16616K, paused 4ms, total 5ms
02-03 13:10:22.241 D/dalvikvm(15954): GC_FOR_ALLOC freed 3963K, 44% free 9335K/16616K, paused 6ms, total 7ms
02-03 13:10:22.251 D/dalvikvm(15954): GC_CONCURRENT freed 3761K, 43% free 9565K/16616K, paused 2ms+1ms, total 6ms
02-03 13:10:22.251 D/dalvikvm(15954): WAIT_FOR_CONCURRENT_GC blocked 2ms
02-03 13:10:22.261 D/dalvikvm(15954): GC_FOR_ALLOC freed 3667K, 42% free 9681K/16616K, paused 4ms, total 4ms
02-03 13:10:22.261 D/dalvikvm(15954): GC_FOR_ALLOC freed 3806K, 44% free 9339K/16616K, paused 5ms, total 5ms
02-03 13:10:22.271 D/dalvikvm(15954): GC_FOR_ALLOC freed 3480K, 42% free 9688K/16616K, paused 5ms, total 5ms
02-03 13:10:22.281 D/dalvikvm(15954): GC_FOR_ALLOC freed 3853K, 44% free 9342K/16616K, paused 5ms, total 5ms
02-03 13:10:22.291 D/dalvikvm(15954): GC_FOR_ALLOC freed 3525K, 42% free 9696K/16616K, paused 6ms, total 6ms
02-03 13:10:22.301 D/dalvikvm(15954): GC_FOR_ALLOC freed 3903K, 44% free 9345K/16616K, paused 6ms, total 6ms
02-03 13:10:22.311 D/dalvikvm(15954): GC_FOR_ALLOC freed 3570K, 44% free 9465K/16616K, paused 5ms, total 5ms
02-03 13:10:22.321 D/dalvikvm(15954): GC_FOR_ALLOC freed 3352K, 42% free 9707K/16616K, paused 9ms, total 9ms
02-03 13:10:22.331 D/dalvikvm(15954): GC_FOR_ALLOC freed 3371K, 42% free 9710K/16616K, paused 7ms, total 7ms
02-03 13:10:22.341 D/dalvikvm(15954): GC_FOR_ALLOC freed 3390K, 42% free 9714K/16616K, paused 6ms, total 6ms
02-03 13:10:22.351 D/dalvikvm(15954): GC_FOR_ALLOC freed 3409K, 42% free 9717K/16616K, paused 5ms, total 5ms
02-03 13:10:22.361 D/dalvikvm(15954): GC_FOR_ALLOC freed 3427K, 42% free 9720K/16616K, paused 5ms, total 5ms
02-03 13:10:22.371 D/dalvikvm(15954): GC_FOR_ALLOC freed 3446K, 42% free 9724K/16616K, paused 5ms, total 5ms
02-03 13:10:22.371 D/dalvikvm(15954): GC_FOR_ALLOC freed 3465K, 42% free 9727K/16616K, paused 4ms, total 5ms
02-03 13:10:22.381 D/dalvikvm(15954): GC_FOR_ALLOC freed 3484K, 42% free 9730K/16616K, paused 4ms, total 5ms
02-03 13:10:22.391 D/dalvikvm(15954): GC_FOR_ALLOC freed 3503K, 42% free 9734K/16616K, paused 5ms, total 5ms
02-03 13:10:22.391 D/dalvikvm(15954): GC_FOR_ALLOC freed 3522K, 42% free 9737K/16616K, paused 5ms, total 5ms
02-03 13:10:22.401 D/dalvikvm(15954): GC_FOR_ALLOC freed 3541K, 42% free 9741K/16616K, paused 6ms, total 6ms
02-03 13:10:22.411 D/dalvikvm(15954): GC_FOR_ALLOC freed 3559K, 42% free 9744K/16616K, paused 4ms, total 5ms
02-03 13:10:22.421 D/dalvikvm(15954): GC_FOR_ALLOC freed 3578K, 42% free 9747K/16616K, paused 5ms, total 6ms
02-03 13:10:22.431 D/dalvikvm(15954): GC_FOR_ALLOC freed 3596K, 42% free 9750K/16616K, paused 5ms, total 5ms
02-03 13:10:22.431 D/dalvikvm(15954): GC_FOR_ALLOC freed 3615K, 42% free 9754K/16616K, paused 5ms, total 5ms
02-03 13:10:22.441 D/dalvikvm(15954): GC_FOR_ALLOC freed 3634K, 43% free 9497K/16616K, paused 4ms, total 5ms
02-03 13:10:22.451 D/dalvikvm(15954): GC_FOR_ALLOC freed 3652K, 43% free 9499K/16616K, paused 5ms, total 6ms
02-03 13:10:22.461 D/dalvikvm(15954): GC_FOR_ALLOC freed 3671K, 43% free 9501K/16616K, paused 5ms, total 5ms
02-03 13:10:22.471 D/dalvikvm(15954): GC_FOR_ALLOC freed 3689K, 43% free 9503K/16616K, paused 5ms, total 5ms
02-03 13:10:22.481 D/dalvikvm(15954): GC_FOR_ALLOC freed 3443K, 44% free 9373K/16616K, paused 5ms, total 5ms
02-03 13:10:22.481 D/dalvikvm(15954): GC_FOR_ALLOC freed 3725K, 44% free 9375K/16616K, paused 4ms, total 5ms
02-03 13:10:22.491 D/dalvikvm(15954): GC_FOR_ALLOC freed 3744K, 44% free 9376K/16616K, paused 5ms, total 5ms
