02-03 12:46:18.241 D/dalvikvm(15954): GC_FOR_ALLOC freed 4038K, 48% free 9189K/17584K, paused 8ms, total 8ms
02-03 12:46:18.251 D/dalvikvm(15954): GC_FOR_ALLOC freed 3585K, 46% free 9657K/17584K, paused 5ms, total 5ms
02-03 12:46:18.261 D/dalvikvm(15954): GC_CONCURRENT freed 469K, 44% free 9970K/17584K, paused 1ms+4ms, total 9ms
02-03 12:46:18.271 D/dalvikvm(15954): GC_FOR_ALLOC freed 4697K, 48% free 9192K/17584K, paused 4ms, total 5ms
02-03 12:46:18.281 D/dalvikvm(15954): GC_CONCURRENT freed 3615K, 46% free 9664K/17584K, paused 1ms+1ms, total 6ms
02-03 12:46:18.281 D/dalvikvm(15954): WAIT_FOR_CONCURRENT_GC blocked 4ms
02-03 12:46:18.281 D/dalvikvm(19704): GC_EXPLICIT freed 1161K, 15% free 7499K/8728K, paused 1ms+2ms, total 22ms
02-03 12:46:18.281 D/dalvikvm(15954): GC_FOR_ALLOC freed 4103K, 48% free 9194K/17584K, paused 6ms, total 6ms
02-03 12:46:18.301 D/dalvikvm(15954): GC_FOR_ALLOC freed 3643K, 47% free 9353K/17584K, paused 4ms, total 5ms
02-03 12:46:18.311 D/dalvikvm(15954): GC_CONCURRENT freed 3814K, 46% free 9514K/17584K, paused 1ms+1ms, total 6ms
02-03 12:46:18.311 D/dalvikvm(15954): GC_FOR_ALLOC freed 3990K, 47% free 9356K/17584K, paused 5ms, total 5ms
02-03 12:46:18.351 D/dalvikvm(15954): GC_CONCURRENT freed 3846K, 46% free 9519K/17584K, paused 0ms+1ms, total 24ms
02-03 12:46:18.351 D/dalvikvm(15954): WAIT_FOR_CONCURRENT_GC blocked 21ms
02-03 12:46:18.351 D/dalvikvm(15954): GC_FOR_ALLOC freed 4019K, 47% free 9360K/17584K, paused 5ms, total 5ms
02-03 12:46:18.361 D/dalvikvm(15954): GC_CONCURRENT freed 3872K, 46% free 9524K/17584K, paused 1ms+0ms, total 6ms
02-03 12:46:18.371 D/dalvikvm(14542): GC_EXPLICIT freed 657K, 19% free 15523K/19116K, paused 1ms+3ms, total 43ms
02-03 12:46:18.381 D/dalvikvm(15954): GC_FOR_ALLOC freed 4051K, 47% free 9364K/17584K, paused 14ms, total 15ms
02-03 12:46:18.391 D/dalvikvm(15954): GC_CONCURRENT freed 3901K, 46% free 9528K/17584K, paused 1ms+1ms, total 6ms
02-03 12:46:18.401 D/dalvikvm(15954): GC_FOR_ALLOC freed 4082K, 47% free 9368K/17584K, paused 5ms, total 5ms
02-03 12:46:18.411 D/dalvikvm(15954): GC_FOR_ALLOC freed 3440K, 45% free 9697K/17584K, paused 5ms, total 5ms
02-03 12:46:18.421 D/dalvikvm(15954): GC_FOR_ALLOC freed 4276K, 48% free 9207K/17584K, paused 6ms, total 6ms
02-03 12:46:18.431 D/dalvikvm(15954): GC_FOR_ALLOC freed 3797K, 47% free 9373K/17584K, paused 6ms, total 6ms
02-03 12:46:18.441 D/dalvikvm(15954): GC_FOR_ALLOC freed 3478K, 45% free 9706K/17584K, paused 4ms, total 4ms
02-03 12:46:18.441 D/dalvikvm(15954): GC_FOR_ALLOC freed 4319K, 48% free 9211K/17584K, paused 5ms, total 5ms
02-03 12:46:18.451 D/dalvikvm(15954): GC_CONCURRENT freed 3832K, 47% free 9378K/17584K, paused 1ms+1ms, total 5ms
02-03 12:46:18.451 D/dalvikvm(15954): WAIT_FOR_CONCURRENT_GC blocked 4ms
02-03 12:46:18.461 D/dalvikvm(15954): GC_FOR_ALLOC freed 3509K, 45% free 9713K/17584K, paused 4ms, total 4ms
02-03 12:46:18.471 D/dalvikvm(15954): GC_FOR_ALLOC freed 4358K, 48% free 9214K/17584K, paused 4ms, total 4ms
02-03 12:46:18.471 D/dalvikvm(15954): GC_CONCURRENT freed 3867K, 47% free 9382K/17584K, paused 0ms+1ms, total 5ms
02-03 12:46:18.471 D/dalvikvm(15954): WAIT_FOR_CONCURRENT_GC blocked 5ms
02-03 12:46:18.481 D/dalvikvm(15954): GC_FOR_ALLOC freed 3540K, 45% free 9721K/17584K, paused 5ms, total 5ms
02-03 12:46:18.491 D/dalvikvm(15954): GC_FOR_ALLOC freed 4399K, 48% free 9217K/17584K, paused 5ms, total 5ms
02-03 12:46:18.491 D/dalvikvm(15954): GC_CONCURRENT freed 3907K, 47% free 9388K/17584K, paused 1ms+1ms, total 5ms
02-03 12:46:18.491 D/dalvikvm(15954): WAIT_FOR_CONCURRENT_GC blocked 4ms
02-03 12:46:18.501 D/dalvikvm(15954): GC_FOR_ALLOC freed 3580K, 45% free 9730K/17584K, paused 4ms, total 4ms
02-03 12:46:18.501 D/SendBroadcastHandler(19704): mTimerTask sendMessage CONTACTS_DELETE 
02-03 12:46:18.511 D/SendBroadcastHandler(19704): sendBroadcast delete to voice agent
02-03 12:46:18.511 D/SendBroadcastHandler(19704): (Delete) sendBroadcast mDeleteContacts:4
02-03 12:46:18.511 D/SendBroadcastHandler(19704): (Delete) sendBroadcast mDeleteRawContactsVoice:5
02-03 12:46:18.511 D/SendBroadcastHandler(19704): sendBroadcast CONTACTS_DELETE
02-03 12:46:18.511 D/dalvikvm(15954): GC_FOR_ALLOC freed 4104K, 47% free 9387K/17584K, paused 5ms, total 5ms
02-03 12:46:18.521 D/dalvikvm(15954): GC_FOR_ALLOC freed 3937K, 48% free 9237K/17584K, paused 4ms, total 4ms
02-03 12:46:18.531 D/dalvikvm(15954): GC_FOR_ALLOC freed 3798K, 48% free 9237K/17584K, paused 4ms, total 4ms
02-03 12:46:18.551 D/AsusContactWigdetSync(15052): ready to sync contact id = 4
02-03 12:46:18.551 D/AsusContactWigdetSync(15052): ready to sync widget
02-03 12:46:18.551 I/SecurityManagerService(14632): SMS received security event: App[START/com.asus.contactswidget]
02-03 12:46:18.551 D/AsusContactWigdetSync(15052): delete contact_id = 845
02-03 12:46:18.551 D/AsusContactWigdetSync(15052): delete contact_id = 847
02-03 12:46:18.551 D/AsusContactWigdetSync(15052): delete contact_id = 848
02-03 12:46:18.551 D/AsusContactWigdetSync(15052): delete contact_id = 849
02-03 12:46:18.551 D/AsusContactWigdetSync(15052): sync isdelete = true
02-03 12:46:18.561 D/dalvikvm(19758): Process 19758 nice name: com.asus.contactswidget
02-03 12:46:18.561 D/dalvikvm(19758): Extra Options: not specified
02-03 12:46:18.561 D/dalvikvm(15954): GC_FOR_ALLOC freed 4422K, 51% free 8684K/17584K, paused 11ms, total 11ms
02-03 12:46:18.561 I/ActivityManager(14542): Start proc com.asus.contactswidget for broadcast com.asus.contactswidget/.ContactsWidgetReceiver: pid=19758 uid=10046 gids={50046}
02-03 12:46:18.591 D/AsusContactWigdetSync(19758): ready to sync contact id = 4
02-03 12:46:18.591 D/AsusContactWigdetSync(19758): ready to sync widget
02-03 12:46:18.591 D/AsusContactWigdetSync(19758): delete contact_id = 845
02-03 12:46:18.591 D/AsusContactWigdetSync(19758): delete contact_id = 847
02-03 12:46:18.591 D/AsusContactWigdetSync(19758): delete contact_id = 848
02-03 12:46:18.591 D/AsusContactWigdetSync(19758): delete contact_id = 849
02-03 12:46:18.591 D/AsusContactWigdetSync(19758): sync isdelete = true
02-03 12:46:18.621 D/dalvikvm(15954): GC_CONCURRENT freed 3808K, 50% free 8956K/17584K, paused 1ms+1ms, total 6ms
02-03 12:46:18.621 D/dalvikvm(15954): WAIT_FOR_CONCURRENT_GC blocked 6ms
02-03 12:46:18.631 D/dalvikvm(15954): GC_CONCURRENT freed 4035K, 49% free 9014K/17584K, paused 1ms+1ms, total 5ms
02-03 12:46:18.631 D/dalvikvm(15954): WAIT_FOR_CONCURRENT_GC blocked 4ms
02-03 12:46:18.641 D/dalvikvm(15954): GC_CONCURRENT freed 4032K, 49% free 9067K/17584K, paused 1ms+1ms, total 6ms
02-03 12:46:18.641 D/dalvikvm(15954): WAIT_FOR_CONCURRENT_GC blocked 5ms
02-03 12:46:18.651 D/dalvikvm(15954): GC_CONCURRENT freed 4093K, 49% free 9039K/17584K, paused 1ms+1ms, total 5ms
02-03 12:46:18.651 D/dalvikvm(15954): WAIT_FOR_CONCURRENT_GC blocked 4ms
02-03 12:46:18.661 D/dalvikvm(15954): GC_CONCURRENT freed 4064K, 49% free 9024K/17584K, paused 0ms+0ms, total 5ms
02-03 12:46:18.661 D/dalvikvm(15954): WAIT_FOR_CONCURRENT_GC blocked 5ms
02-03 12:46:18.671 D/dalvikvm(15954): GC_CONCURRENT freed 4053K, 49% free 9062K/17584K, paused 0ms+1ms, total 5ms
02-03 12:46:18.671 D/dalvikvm(15954): WAIT_FOR_CONCURRENT_GC blocked 4ms
02-03 12:46:18.681 D/dalvikvm(15954): GC_CONCURRENT freed 4066K, 49% free 9038K/17584K, paused 1ms+1ms, total 5ms
02-03 12:46:18.681 D/dalvikvm(15954): WAIT_FOR_CONCURRENT_GC blocked 4ms
02-03 12:46:18.681 D/dalvikvm(15954): GC_FOR_ALLOC freed 4104K, 49% free 9003K/17584K, paused 4ms, total 4ms
02-03 12:46:18.691 D/dalvikvm(15954): GC_CONCURRENT freed 3783K, 48% free 9292K/17584K, paused 1ms+1ms, total 6ms
02-03 12:46:18.691 D/dalvikvm(15954): WAIT_FOR_CONCURRENT_GC blocked 1ms
02-03 12:46:18.701 D/dalvikvm(15954): GC_CONCURRENT freed 4300K, 49% free 8992K/17584K, paused 0ms+1ms, total 4ms
02-03 12:46:18.701 D/dalvikvm(15954): WAIT_FOR_CONCURRENT_GC blocked 5ms
02-03 12:46:18.711 D/dalvikvm(15954): GC_CONCURRENT freed 3923K, 49% free 9116K/17584K, paused 0ms+1ms, total 4ms
02-03 12:46:18.711 D/dalvikvm(15954): WAIT_FOR_CONCURRENT_GC blocked 5ms
02-03 12:46:18.711 D/dalvikvm(15954): GC_FOR_ALLOC freed 4019K, 49% free 9118K/17584K, paused 4ms, total 4ms
02-03 12:46:18.721 D/dalvikvm(15954): GC_CONCURRENT freed 3788K, 47% free 9325K/17584K, paused 1ms+1ms, total 6ms
02-03 12:46:18.721 D/dalvikvm(15954): WAIT_FOR_CONCURRENT_GC blocked 2ms
02-03 12:46:18.731 D/dalvikvm(15954): GC_CONCURRENT freed 4235K, 49% free 9113K/17584K, paused 1ms+1ms, total 5ms
02-03 12:46:18.731 D/dalvikvm(15954): WAIT_FOR_CONCURRENT_GC blocked 4ms
02-03 12:46:18.741 D/dalvikvm(15954): GC_CONCURRENT freed 4018K, 48% free 9165K/17584K, paused 1ms+1ms, total 5ms
02-03 12:46:18.741 D/dalvikvm(15954): WAIT_FOR_CONCURRENT_GC blocked 4ms
02-03 12:46:18.741 D/dalvikvm(15954): GC_CONCURRENT freed 4103K, 49% free 9122K/17584K, paused 0ms+1ms, total 4ms
02-03 12:46:18.741 D/dalvikvm(15954): WAIT_FOR_CONCURRENT_GC blocked 4ms
02-03 12:46:18.751 D/dalvikvm(15954): GC_CONCURRENT freed 3922K, 48% free 9284K/17584K, paused 1ms+1ms, total 5ms
02-03 12:46:18.751 D/dalvikvm(15954): WAIT_FOR_CONCURRENT_GC blocked 4ms
02-03 12:46:18.751 I/CalendarProvider2(19737): Sending countdown intent: Intent { act=asuscalendar.intent.action.COUNTDOWN_CHANGED dat=content://com.android.calendar }
02-03 12:46:18.751 W/ContentResolver(19737): Failed to get type for: content://com.android.calendar (Unknown URL content://com.android.calendar)
02-03 12:46:18.761 D/dalvikvm(15954): GC_CONCURRENT freed 4201K, 49% free 9071K/17584K, paused 2ms+1ms, total 6ms
02-03 12:46:18.761 D/dalvikvm(15954): WAIT_FOR_CONCURRENT_GC blocked 3ms
02-03 12:46:18.771 D/dalvikvm(15954): GC_CONCURRENT freed 3931K, 48% free 9185K/17584K, paused 1ms+1ms, total 5ms
02-03 12:46:18.771 D/dalvikvm(15954): WAIT_FOR_CONCURRENT_GC blocked 4ms
02-03 12:46:18.781 D/dalvikvm(15954): GC_CONCURRENT freed 4036K, 48% free 9188K/17584K, paused 1ms+1ms, total 5ms
02-03 12:46:18.781 D/dalvikvm(15954): WAIT_FOR_CONCURRENT_GC blocked 4ms
02-03 12:46:18.781 D/dalvikvm(15954): GC_CONCURRENT freed 4140K, 49% free 9073K/17584K, paused 1ms+1ms, total 5ms
02-03 12:46:18.781 D/dalvikvm(15954): WAIT_FOR_CONCURRENT_GC blocked 3ms
02-03 12:46:18.791 D/dalvikvm(15954): GC_CONCURRENT freed 3819K, 47% free 9349K/17584K, paused 1ms+1ms, total 5ms
02-03 12:46:18.791 D/dalvikvm(15954): WAIT_FOR_CONCURRENT_GC blocked 4ms
02-03 12:46:18.801 I/CalendarProvider2(19737): Sending notification intent: Intent { act=android.intent.action.PROVIDER_CHANGED dat=content://com.android.calendar }
02-03 12:46:18.801 W/ContentResolver(19737): Failed to get type for: content://com.android.calendar (Unknown URL content://com.android.calendar)
02-03 12:46:18.801 D/dalvikvm(15954): GC_CONCURRENT freed 4337K, 49% free 9105K/17584K, paused 1ms+1ms, total 8ms
02-03 12:46:18.801 D/dalvikvm(15954): WAIT_FOR_CONCURRENT_GC blocked 7ms
02-03 12:46:18.801 V/ActivityManager(14542): Remove bg service from mStartingBackground ,r=ServiceRecord{22425fe0 u0 com.android.providers.calendar/.EmptyService},r used time=1055,left r count=3
02-03 12:46:18.811 D/AlertReceiver(16150): onReceive: a=android.intent.action.PROVIDER_CHANGED Intent { act=android.intent.action.PROVIDER_CHANGED dat=content://com.android.calendar flg=0x10 cmp=com.asus.calendar/com.android.calendar.alerts.AlertReceiver }
02-03 12:46:18.811 D/dalvikvm(15954): GC_FOR_ALLOC freed 3995K, 49% free 9105K/17584K, paused 6ms, total 6ms
02-03 12:46:18.811 D/AlertService(16150): 0 Action = android.intent.action.PROVIDER_CHANGED
02-03 12:46:18.821 D/AlertService(16150): Beginning updateAlertNotification
02-03 12:46:18.831 D/dalvikvm(15954): GC_CONCURRENT freed 4079K, 49% free 9105K/17584K, paused 1ms+1ms, total 6ms
02-03 12:46:18.831 D/dalvikvm(15954): WAIT_FOR_CONCURRENT_GC blocked 2ms
02-03 12:46:18.831 D/AlertService(16150): No fired or scheduled alerts
02-03 12:46:18.831 V/ActivityManager(14542): Remove bg service from mStartingBackground ,r=ServiceRecord{2220ebc0 u0 com.asus.calendar/com.asus.countdown.CountdownService},r used time=29,left r count=3
02-03 12:46:18.841 D/dalvikvm(15954): GC_FOR_ALLOC freed 4032K, 49% free 9039K/17584K, paused 5ms, total 5ms
02-03 12:46:18.841 D/dalvikvm(15954): GC_CONCURRENT freed 3906K, 49% free 9105K/17584K, paused 1ms+0ms, total 6ms
02-03 12:46:18.841 D/dalvikvm(15954): WAIT_FOR_CONCURRENT_GC blocked 3ms
02-03 12:46:18.851 D/BatteryStatsImpl(14542): noteStopWakeLocked com.asus.calendar isFromForeground = false
02-03 12:46:18.851 V/ActivityManager(14542): Remove bg service from mStartingBackground ,r=ServiceRecord{221d2600 u0 com.asus.calendar/com.android.calendar.alerts.AlertService},r used time=42,left r count=2
02-03 12:46:18.861 D/dalvikvm(15954): GC_FOR_ALLOC freed 3840K, 48% free 9242K/17584K, paused 7ms, total 7ms
02-03 12:46:18.871 D/dalvikvm(15954): GC_CONCURRENT freed 3777K, 46% free 9517K/17584K, paused 1ms+1ms, total 9ms
02-03 12:46:18.871 D/dalvikvm(15954): WAIT_FOR_CONCURRENT_GC blocked 4ms
02-03 12:46:18.881 D/dalvikvm(15954): GC_CONCURRENT freed 4320K, 48% free 9207K/17584K, paused 1ms+1ms, total 7ms
02-03 12:46:18.881 D/dalvikvm(15954): WAIT_FOR_CONCURRENT_GC blocked 5ms
02-03 12:46:18.891 D/dalvikvm(15954): GC_CONCURRENT freed 4044K, 48% free 9208K/17584K, paused 0ms+1ms, total 9ms
02-03 12:46:18.891 D/dalvikvm(15954): WAIT_FOR_CONCURRENT_GC blocked 8ms
02-03 12:46:18.901 D/dalvikvm(15954): GC_FOR_ALLOC freed 3889K, 48% free 9282K/17584K, paused 5ms, total 5ms
02-03 12:46:18.911 D/dalvikvm(15954): GC_FOR_ALLOC freed 4175K, 49% free 9134K/17584K, paused 5ms, total 5ms
02-03 12:46:18.911 W/BindingManager(19493): Cannot call determinedVisibility() - never saw a connection for the pid: 19493
02-03 12:46:18.921 D/dalvikvm(15954): GC_CONCURRENT freed 3025K, 46% free 9587K/17584K, paused 1ms+1ms, total 9ms
02-03 12:46:18.931 D/dalvikvm(15954): GC_CONCURRENT freed 4439K, 49% free 9137K/17584K, paused 1ms+1ms, total 7ms
02-03 12:46:18.941 D/dalvikvm(15954): GC_FOR_ALLOC freed 3811K, 48% free 9292K/17584K, paused 5ms, total 5ms
02-03 12:46:18.951 D/dalvikvm(15954): GC_CONCURRENT freed 4101K, 48% free 9215K/17584K, paused 1ms+1ms, total 7ms
02-03 12:46:18.951 D/dalvikvm(15954): WAIT_FOR_CONCURRENT_GC blocked 4ms
02-03 12:46:18.961 D/dalvikvm(15954): GC_FOR_ALLOC freed 4078K, 49% free 9055K/17584K, paused 4ms, total 5ms
02-03 12:46:18.981 D/SendBroadcastHandler(19704): startTimer() SEND_TO_CONTACTS_WIDGET_DELETE 
02-03 12:46:18.981 D/dalvikvm(15954): GC_CONCURRENT freed 3812K, 48% free 9247K/17584K, paused 1ms+1ms, total 21ms
02-03 12:46:18.981 D/dalvikvm(15954): WAIT_FOR_CONCURRENT_GC blocked 19ms
02-03 12:46:18.991 D/dalvikvm(15954): GC_CONCURRENT freed 4026K, 48% free 9248K/17584K, paused 1ms+1ms, total 8ms
02-03 12:46:18.991 D/dalvikvm(15954): WAIT_FOR_CONCURRENT_GC blocked 3ms
02-03 12:46:19.001 D/dalvikvm(15954): GC_FOR_ALLOC freed 4247K, 49% free 9081K/17584K, paused 5ms, total 5ms
02-03 12:46:19.011 D/dalvikvm(15954): GC_CONCURRENT freed 754K, 45% free 9754K/17584K, paused 0ms+1ms, total 5ms
02-03 12:46:19.021 D/dalvikvm(15954): GC_FOR_ALLOC freed 4571K, 49% free 9080K/17584K, paused 4ms, total 4ms
02-03 12:46:19.021 D/dalvikvm(15954): GC_CONCURRENT freed 3771K, 47% free 9335K/17584K, paused 1ms+1ms, total 5ms
02-03 12:46:19.021 D/dalvikvm(15954): WAIT_FOR_CONCURRENT_GC blocked 4ms
02-03 12:46:19.031 D/dalvikvm(15954): GC_CONCURRENT freed 4248K, 48% free 9163K/17584K, paused 1ms+1ms, total 5ms
02-03 12:46:19.031 D/dalvikvm(15954): WAIT_FOR_CONCURRENT_GC blocked 4ms
02-03 12:46:19.041 D/dalvikvm(15954): GC_CONCURRENT freed 3948K, 48% free 9250K/17584K, paused 0ms+1ms, total 5ms
02-03 12:46:19.041 D/dalvikvm(15954): WAIT_FOR_CONCURRENT_GC blocked 4ms
02-03 12:46:19.051 D/dalvikvm(15954): GC_CONCURRENT freed 4078K, 48% free 9161K/17584K, paused 1ms+0ms, total 6ms
02-03 12:46:19.051 D/dalvikvm(15954): WAIT_FOR_CONCURRENT_GC blocked 5ms
02-03 12:46:19.061 D/dalvikvm(15954): GC_CONCURRENT freed 3765K, 47% free 9370K/17584K, paused 1ms+1ms, total 5ms
02-03 12:46:19.061 D/dalvikvm(15954): WAIT_FOR_CONCURRENT_GC blocked 4ms
02-03 12:46:19.061 D/dalvikvm(15954): GC_CONCURRENT freed 4071K, 48% free 9285K/17584K, paused 0ms+1ms, total 5ms
02-03 12:46:19.061 D/dalvikvm(15954): WAIT_FOR_CONCURRENT_GC blocked 4ms
02-03 12:46:19.071 I/chromium(19493): [INFO:CONSOLE(70)] "WARNING: Message from backend doesn't have data.", source:  (70)
02-03 12:46:19.071 D/dalvikvm(15954): GC_FOR_ALLOC freed 4025K, 49% free 9102K/17584K, paused 6ms, total 6ms
02-03 12:46:19.081 D/dalvikvm(15954): GC_FOR_ALLOC freed 3882K, 49% free 9099K/17584K, paused 5ms, total 5ms
02-03 12:46:19.091 D/dalvikvm(15954): GC_FOR_ALLOC freed 3919K, 49% free 9097K/17584K, paused 4ms, total 5ms
02-03 12:46:19.101 D/dalvikvm(15954): GC_FOR_ALLOC freed 3957K, 49% free 9095K/17584K, paused 4ms, total 5ms
02-03 12:46:19.101 D/dalvikvm(15954): GC_CONCURRENT freed 3804K, 48% free 9283K/17584K, paused 1ms+1ms, total 5ms
02-03 12:46:19.101 D/dalvikvm(15954): WAIT_FOR_CONCURRENT_GC blocked 2ms
02-03 12:46:19.111 D/dalvikvm(15954): GC_CONCURRENT freed 4030K, 48% free 9283K/17584K, paused 1ms+1ms, total 5ms
02-03 12:46:19.111 D/dalvikvm(15954): WAIT_FOR_CONCURRENT_GC blocked 3ms
02-03 12:46:19.121 D/dalvikvm(15954): GC_CONCURRENT freed 4064K, 48% free 9286K/17584K, paused 0ms+1ms, total 5ms
02-03 12:46:19.121 D/dalvikvm(15954): WAIT_FOR_CONCURRENT_GC blocked 5ms
02-03 12:46:19.131 D/dalvikvm(15954): GC_FOR_ALLOC freed 3811K, 47% free 9383K/17584K, paused 4ms, total 5ms
02-03 12:46:19.141 D/dalvikvm(15954): GC_CONCURRENT freed 4140K, 48% free 9218K/17584K, paused 1ms+1ms, total 5ms
02-03 12:46:19.141 D/dalvikvm(15954): WAIT_FOR_CONCURRENT_GC blocked 3ms
02-03 12:46:19.151 D/dalvikvm(15954): GC_FOR_ALLOC freed 3979K, 49% free 9117K/17584K, paused 4ms, total 5ms
02-03 12:46:19.161 D/dalvikvm(15954): GC_FOR_ALLOC freed 3711K, 47% free 9415K/17584K, paused 4ms, total 4ms
02-03 12:46:19.161 D/dalvikvm(15954): GC_CONCURRENT freed 3545K, 44% free 9916K/17584K, paused 1ms+1ms, total 7ms
02-03 12:46:19.161 D/dalvikvm(15954): WAIT_FOR_CONCURRENT_GC blocked 2ms
02-03 12:46:19.181 D/dalvikvm(15954): GC_CONCURRENT freed 4580K, 48% free 9315K/17584K, paused 0ms+6ms, total 9ms
02-03 12:46:19.181 D/dalvikvm(15954): WAIT_FOR_CONCURRENT_GC blocked 9ms
02-03 12:46:19.181 D/dalvikvm(15954): GC_FOR_ALLOC freed 4011K, 48% free 9210K/17584K, paused 4ms, total 4ms
02-03 12:46:19.191 D/dalvikvm(15954): GC_CONCURRENT freed 3942K, 48% free 9313K/17584K, paused 1ms+1ms, total 5ms
02-03 12:46:19.191 D/dalvikvm(15954): WAIT_FOR_CONCURRENT_GC blocked 4ms
02-03 12:46:19.201 D/dalvikvm(15954): GC_CONCURRENT freed 4077K, 48% free 9208K/17584K, paused 1ms+1ms, total 5ms
02-03 12:46:19.201 D/dalvikvm(15954): WAIT_FOR_CONCURRENT_GC blocked 4ms
02-03 12:46:19.211 D/dalvikvm(15954): GC_FOR_ALLOC freed 3691K, 47% free 9449K/17584K, paused 4ms, total 4ms
02-03 12:46:19.211 D/dalvikvm(15954): GC_FOR_ALLOC freed 4250K, 49% free 9131K/17584K, paused 4ms, total 4ms
02-03 12:46:19.221 D/dalvikvm(15954): GC_CONCURRENT freed 3961K, 48% free 9235K/17584K, paused 1ms+1ms, total 5ms
02-03 12:46:19.221 D/dalvikvm(15954): WAIT_FOR_CONCURRENT_GC blocked 4ms
02-03 12:46:19.231 D/dalvikvm(15954): GC_CONCURRENT freed 3775K, 47% free 9449K/17584K, paused 1ms+1ms, total 6ms
02-03 12:46:19.231 D/dalvikvm(15954): WAIT_FOR_CONCURRENT_GC blocked 5ms
02-03 12:46:19.241 D/dalvikvm(15954): GC_CONCURRENT freed 4129K, 47% free 9341K/17584K, paused 1ms+0ms, total 6ms
02-03 12:46:19.241 D/dalvikvm(15954): WAIT_FOR_CONCURRENT_GC blocked 4ms
02-03 12:46:19.241 D/dalvikvm(15954): GC_FOR_ALLOC freed 4048K, 49% free 9121K/17584K, paused 5ms, total 5ms
02-03 12:46:19.251 D/dalvikvm(15954): GC_FOR_ALLOC freed 3857K, 49% free 9119K/17584K, paused 5ms, total 5ms
02-03 12:46:19.261 D/dalvikvm(15954): GC_FOR_ALLOC freed 3883K, 49% free 9116K/17584K, paused 5ms, total 5ms
02-03 12:46:19.261 D/dalvikvm(15954): GC_FOR_ALLOC freed 3909K, 48% free 9146K/17584K, paused 4ms, total 4ms
02-03 12:46:19.271 D/dalvikvm(15954): GC_FOR_ALLOC freed 3935K, 49% free 9143K/17584K, paused 4ms, total 4ms
02-03 12:46:19.281 D/dalvikvm(15954): GC_FOR_ALLOC freed 3961K, 49% free 9141K/17584K, paused 4ms, total 4ms
02-03 12:46:19.291 D/dalvikvm(15954): GC_CONCURRENT freed 3756K, 47% free 9370K/17584K, paused 1ms+1ms, total 5ms
02-03 12:46:19.291 D/dalvikvm(15954): WAIT_FOR_CONCURRENT_GC blocked 4ms
02-03 12:46:19.291 D/dalvikvm(15954): GC_FOR_ALLOC freed 4242K, 49% free 9140K/17584K, paused 4ms, total 5ms
02-03 12:46:19.301 D/dalvikvm(15954): GC_CONCURRENT freed 1379K, 47% free 9370K/17584K, paused 0ms+0ms, total 5ms
02-03 12:46:19.311 D/dalvikvm(15954): GC_CONCURRENT freed 4047K, 47% free 9373K/17584K, paused 0ms+1ms, total 5ms
02-03 12:46:19.311 D/dalvikvm(15954): WAIT_FOR_CONCURRENT_GC blocked 5ms
02-03 12:46:19.321 D/dalvikvm(15954): GC_CONCURRENT freed 4076K, 47% free 9372K/17584K, paused 1ms+1ms, total 5ms
02-03 12:46:19.321 D/dalvikvm(15954): WAIT_FOR_CONCURRENT_GC blocked 2ms
02-03 12:46:19.331 D/dalvikvm(15954): GC_FOR_ALLOC freed 3748K, 47% free 9492K/17584K, paused 7ms, total 7ms
02-03 12:46:19.341 D/dalvikvm(15954): GC_FOR_ALLOC freed 4133K, 48% free 9256K/17584K, paused 6ms, total 6ms
02-03 12:46:19.351 D/dalvikvm(19493): GC_CONCURRENT freed 2794K, 29% free 6982K/9816K, paused 1ms+2ms, total 7ms
02-03 12:46:19.361 D/dalvikvm(15954): GC_FOR_ALLOC freed 3924K, 49% free 9136K/17584K, paused 18ms, total 19ms
02-03 12:46:19.371 D/dalvikvm(15954): GC_FOR_ALLOC freed 3586K, 46% free 9496K/17584K, paused 5ms, total 5ms
02-03 12:46:19.381 D/dalvikvm(15954): GC_CONCURRENT freed 4215K, 48% free 9256K/17584K, paused 2ms+1ms, total 7ms
02-03 12:46:19.391 D/dalvikvm(15954): GC_FOR_ALLOC freed 4002K, 48% free 9165K/17584K, paused 5ms, total 5ms
02-03 12:46:19.401 D/dalvikvm(15954): GC_CONCURRENT freed 3656K, 46% free 9532K/17584K, paused 0ms+2ms, total 12ms
02-03 12:46:19.401 D/dalvikvm(15954): WAIT_FOR_CONCURRENT_GC blocked 9ms
02-03 12:46:19.421 D/dalvikvm(15954): GC_CONCURRENT freed 4297K, 48% free 9287K/17584K, paused 4ms+1ms, total 8ms
02-03 12:46:19.421 D/dalvikvm(15954): WAIT_FOR_CONCURRENT_GC blocked 1ms
02-03 12:46:19.441 D/dalvikvm(15954): GC_FOR_ALLOC freed 4080K, 48% free 9162K/17584K, paused 14ms, total 15ms
02-03 12:46:19.451 D/dalvikvm(15954): GC_FOR_ALLOC freed 3727K, 48% free 9287K/17584K, paused 4ms, total 5ms
02-03 12:46:19.471 D/dalvikvm(15954): GC_CONCURRENT freed 3873K, 47% free 9417K/17584K, paused 9ms+1ms, total 13ms
02-03 12:46:19.481 D/dalvikvm(15954): GC_FOR_ALLOC freed 4028K, 48% free 9287K/17584K, paused 4ms, total 5ms
02-03 12:46:19.481 D/dalvikvm(15954): GC_FOR_ALLOC freed 4179K, 48% free 9160K/17584K, paused 5ms, total 5ms
02-03 12:46:19.491 D/dalvikvm(15954): GC_CONCURRENT freed 3437K, 46% free 9668K/17584K, paused 0ms+1ms, total 5ms
02-03 12:46:19.491 D/dalvikvm(15954): WAIT_FOR_CONCURRENT_GC blocked 1ms
02-03 12:46:19.501 D/dalvikvm(15954): GC_FOR_ALLOC freed 3963K, 46% free 9546K/17584K, paused 5ms, total 5ms
02-03 12:46:19.511 D/dalvikvm(15954): GC_FOR_ALLOC freed 4250K, 48% free 9160K/17584K, paused 5ms, total 5ms
02-03 12:46:19.511 D/dalvikvm(15954): GC_CONCURRENT freed 3882K, 48% free 9291K/17584K, paused 1ms+1ms, total 5ms
02-03 12:46:19.521 D/dalvikvm(15954): WAIT_FOR_CONCURRENT_GC blocked 5ms
02-03 12:46:19.521 D/dalvikvm(15954): GC_FOR_ALLOC freed 3643K, 46% free 9553K/17584K, paused 5ms, total 5ms
02-03 12:46:19.531 D/dalvikvm(15954): GC_FOR_ALLOC freed 4321K, 48% free 9160K/17584K, paused 5ms, total 5ms
02-03 12:46:19.541 D/dalvikvm(15954): GC_CONCURRENT freed 3947K, 48% free 9293K/17584K, paused 1ms+1ms, total 6ms
02-03 12:46:19.541 D/dalvikvm(15954): WAIT_FOR_CONCURRENT_GC blocked 5ms
02-03 12:46:19.541 D/dalvikvm(15954): GC_CONCURRENT freed 3704K, 46% free 9560K/17584K, paused 1ms+1ms, total 5ms
02-03 12:46:19.541 D/dalvikvm(15954): WAIT_FOR_CONCURRENT_GC blocked 4ms
02-03 12:46:19.551 D/AsusContactWigdetSync(15052): sync start
02-03 12:46:19.551 D/AsusContactWigdetSync(15052): sync selection = null
02-03 12:46:19.551 D/AsusContactWigdetSync(15052): sync delete selection = contact_id IN ( 847, 849, 848, 845)
02-03 12:46:19.551 D/dalvikvm(15954): GC_CONCURRENT freed 4127K, 47% free 9427K/17584K, paused 1ms+1ms, total 6ms
02-03 12:46:19.551 D/dalvikvm(15954): WAIT_FOR_CONCURRENT_GC blocked 5ms
02-03 12:46:19.561 D/dalvikvm(15954): GC_FOR_ALLOC freed 4010K, 48% free 9162K/17584K, paused 4ms, total 4ms
02-03 12:46:19.571 D/dalvikvm(15954): GC_FOR_ALLOC freed 3763K, 48% free 9163K/17584K, paused 5ms, total 5ms
02-03 12:46:19.571 D/AsusContactWigdetSync(15052): sync stop
02-03 12:46:19.571 V/ActivityManager(14542): Remove bg service from mStartingBackground ,r=ServiceRecord{224e1ff8 u0 com.asus.contacts/com.android.contacts.miniwidget.SyncService},r used time=1025,left r count=1
02-03 12:46:19.581 D/dalvikvm(15954): GC_FOR_ALLOC freed 3783K, 48% free 9165K/17584K, paused 4ms, total 4ms
02-03 12:46:19.591 D/dalvikvm(15954): GC_FOR_ALLOC freed 3802K, 48% free 9166K/17584K, paused 4ms, total 4ms
02-03 12:46:19.591 D/dalvikvm(15954): GC_FOR_ALLOC freed 3820K, 48% free 9167K/17584K, paused 4ms, total 4ms
02-03 12:46:19.591 D/AsusContactWigdetSync(19758): sync start
02-03 12:46:19.591 D/AsusContactWigdetSync(19758): sync selection = null
02-03 12:46:19.591 D/AsusContactWigdetSync(19758): sync delete selection = contact_id IN ( 847, 849, 848, 845)
02-03 12:46:19.601 D/dalvikvm(15954): GC_FOR_ALLOC freed 3839K, 48% free 9169K/17584K, paused 4ms, total 4ms
02-03 12:46:19.611 D/dalvikvm(15954): GC_FOR_ALLOC freed 3858K, 48% free 9170K/17584K, paused 5ms, total 5ms
02-03 12:46:19.621 D/AsusContactWigdetSync(19758): sync stop
02-03 12:46:19.621 D/dalvikvm(15954): GC_FOR_ALLOC freed 3877K, 48% free 9171K/17584K, paused 4ms, total 4ms
02-03 12:46:19.621 V/ActivityManager(14542): Remove bg service from mStartingBackground ,r=ServiceRecord{2226cea8 u0 com.asus.contactswidget/.SyncService},r used time=1025,left r count=0
02-03 12:46:19.631 D/dalvikvm(15954): GC_FOR_ALLOC freed 3896K, 48% free 9173K/17584K, paused 5ms, total 5ms
02-03 12:46:19.631 D/dalvikvm(15954): GC_FOR_ALLOC freed 3914K, 48% free 9174K/17584K, paused 4ms, total 4ms
02-03 12:46:19.641 D/dalvikvm(15954): GC_FOR_ALLOC freed 3933K, 48% free 9175K/17584K, paused 4ms, total 4ms
02-03 12:46:19.651 I/ActivityManager(14542): Killing 16270:com.wandoujia.phoenix2/u0a29 (adj 15): empty #9
02-03 12:46:19.651 D/dalvikvm(15954): GC_FOR_ALLOC freed 3952K, 48% free 9177K/17584K, paused 9ms, total 9ms
02-03 12:46:19.661 D/dalvikvm(15954): GC_CONCURRENT freed 3685K, 47% free 9461K/17584K, paused 1ms+1ms, total 5ms
02-03 12:46:19.661 E/ContactJson(19493): getStringArray(fields): Failed to parse json data: org.json.JSONException: Value givenNames at fields of type java.lang.String cannot be converted to JSONArray
02-03 12:46:19.671 D/dalvikvm(15954): GC_CONCURRENT freed 3990K, 46% free 9497K/17584K, paused 1ms+1ms, total 5ms
02-03 12:46:19.671 D/dalvikvm(15954): WAIT_FOR_CONCURRENT_GC blocked 4ms
02-03 12:46:19.681 D/dalvikvm(15954): GC_CONCURRENT freed 4012K, 46% free 9495K/17584K, paused 1ms+1ms, total 5ms
02-03 12:46:19.681 D/dalvikvm(15954): WAIT_FOR_CONCURRENT_GC blocked 4ms
02-03 12:46:19.691 D/dalvikvm(15954): GC_CONCURRENT freed 4026K, 46% free 9498K/17584K, paused 1ms+1ms, total 5ms
02-03 12:46:19.691 D/dalvikvm(15954): WAIT_FOR_CONCURRENT_GC blocked 4ms
02-03 12:46:19.691 D/dalvikvm(15954): GC_CONCURRENT freed 4045K, 46% free 9501K/17584K, paused 1ms+1ms, total 5ms
02-03 12:46:19.691 D/dalvikvm(15954): WAIT_FOR_CONCURRENT_GC blocked 4ms
02-03 12:46:19.711 I/SecurityManagerService(14632): SMS received security event: App[STOP/com.wandoujia.phoenix2]
02-03 12:46:19.711 D/dalvikvm(15954): GC_CONCURRENT freed 4064K, 46% free 9503K/17584K, paused 1ms+1ms, total 9ms
02-03 12:46:19.711 D/dalvikvm(15954): WAIT_FOR_CONCURRENT_GC blocked 6ms
02-03 12:46:19.731 D/dalvikvm(15954): GC_FOR_ALLOC freed 4374K, 48% free 9214K/17584K, paused 13ms, total 13ms
02-03 12:46:19.741 D/dalvikvm(15954): GC_FOR_ALLOC freed 3368K, 46% free 9654K/17584K, paused 4ms, total 4ms
02-03 12:46:19.741 D/dalvikvm(15954): GC_FOR_ALLOC freed 4118K, 47% free 9363K/17584K, paused 4ms, total 4ms
02-03 12:46:19.751 D/dalvikvm(15954): GC_FOR_ALLOC freed 3841K, 48% free 9218K/17584K, paused 4ms, total 5ms
02-03 12:46:19.761 D/dalvikvm(15954): GC_FOR_ALLOC freed 3411K, 46% free 9663K/17584K, paused 5ms, total 5ms
02-03 12:46:19.771 D/dalvikvm(15954): GC_FOR_ALLOC freed 4170K, 47% free 9369K/17584K, paused 6ms, total 6ms
02-03 12:46:19.781 D/dalvikvm(15954): GC_FOR_ALLOC freed 3889K, 48% free 9222K/17584K, paused 6ms, total 6ms
02-03 12:46:19.791 D/dalvikvm(15954): GC_FOR_ALLOC freed 3453K, 45% free 9673K/17584K, paused 5ms, total 6ms
02-03 12:46:19.801 D/dalvikvm(15954): GC_FOR_ALLOC freed 4222K, 47% free 9374K/17584K, paused 6ms, total 6ms
02-03 12:46:19.811 D/dalvikvm(15954): GC_FOR_ALLOC freed 3937K, 48% free 9225K/17584K, paused 6ms, total 6ms
02-03 12:46:19.821 D/dalvikvm(15954): GC_FOR_ALLOC freed 3496K, 45% free 9682K/17584K, paused 6ms, total 6ms
02-03 12:46:19.821 D/dalvikvm(15954): GC_CONCURRENT freed 4273K, 47% free 9380K/17584K, paused 1ms+0ms, total 6ms
02-03 12:46:19.821 D/dalvikvm(15954): WAIT_FOR_CONCURRENT_GC blocked 5ms
02-03 12:46:19.831 D/dalvikvm(15954): GC_FOR_ALLOC freed 3986K, 48% free 9229K/17584K, paused 4ms, total 4ms
02-03 12:46:19.841 D/dalvikvm(15954): GC_CONCURRENT freed 3538K, 45% free 9691K/17584K, paused 1ms+1ms, total 5ms
02-03 12:46:19.841 D/dalvikvm(15954): WAIT_FOR_CONCURRENT_GC blocked 5ms
02-03 12:46:19.851 D/dalvikvm(15954): GC_CONCURRENT freed 4325K, 47% free 9386K/17584K, paused 1ms+1ms, total 5ms
02-03 12:46:19.851 D/dalvikvm(15954): WAIT_FOR_CONCURRENT_GC blocked 5ms
02-03 12:46:19.851 D/dalvikvm(15954): GC_FOR_ALLOC freed 4034K, 48% free 9233K/17584K, paused 5ms, total 5ms
02-03 12:46:19.861 D/dalvikvm(15954): GC_FOR_ALLOC freed 3581K, 45% free 9700K/17584K, paused 4ms, total 4ms
02-03 12:46:19.871 D/dalvikvm(15954): GC_CONCURRENT freed 3286K, 41% free 10481K/17584K, paused 0ms+1ms, total 6ms
02-03 12:46:19.871 D/dalvikvm(15954): WAIT_FOR_CONCURRENT_GC blocked 2ms
02-03 12:46:19.871 D/dalvikvm(15954): GC_FOR_ALLOC freed 5172K, 48% free 9236K/17584K, paused 4ms, total 4ms
02-03 12:46:19.881 D/dalvikvm(15954): GC_FOR_ALLOC freed 3623K, 47% free 9394K/17584K, paused 6ms, total 6ms
02-03 12:46:19.891 D/dalvikvm(15954): GC_FOR_ALLOC freed 4112K, 48% free 9239K/17584K, paused 5ms, total 5ms
02-03 12:46:19.901 D/dalvikvm(15954): GC_FOR_ALLOC freed 3650K, 47% free 9398K/17584K, paused 5ms, total 6ms
02-03 12:46:19.911 D/dalvikvm(15954): GC_CONCURRENT freed 3824K, 46% free 9560K/17584K, paused 1ms+1ms, total 5ms
02-03 12:46:19.911 D/dalvikvm(15954): WAIT_FOR_CONCURRENT_GC blocked 4ms
02-03 12:46:19.911 V/ActivityManager(14542): Remove bg service from mStartingBackground ,r=ServiceRecord{22173e28 u0 com.android.providers.calendar/.ContactsEventUpdateIntentService},r used time=28,left r count=1
02-03 12:46:19.921 D/dalvikvm(15954): GC_FOR_ALLOC freed 3997K, 47% free 9402K/17584K, paused 5ms, total 5ms
02-03 12:46:19.921 D/dalvikvm(15954): GC_CONCURRENT freed 3854K, 46% free 9565K/17584K, paused 1ms+1ms, total 5ms
02-03 12:46:19.921 D/dalvikvm(15954): WAIT_FOR_CONCURRENT_GC blocked 4ms
02-03 12:46:19.931 D/dalvikvm(15954): GC_FOR_ALLOC freed 4027K, 47% free 9405K/17584K, paused 4ms, total 4ms
02-03 12:46:19.941 D/dalvikvm(15954): GC_CONCURRENT freed 3883K, 46% free 9570K/17584K, paused 0ms+1ms, total 5ms
02-03 12:46:19.941 D/dalvikvm(15954): WAIT_FOR_CONCURRENT_GC blocked 4ms
02-03 12:46:19.951 D/dalvikvm(15954): GC_FOR_ALLOC freed 4057K, 47% free 9409K/17584K, paused 4ms, total 4ms
02-03 12:46:19.951 D/dalvikvm(15954): GC_CONCURRENT freed 3912K, 46% free 9574K/17584K, paused 1ms+1ms, total 6ms
02-03 12:46:19.951 D/dalvikvm(15954): WAIT_FOR_CONCURRENT_GC blocked 5ms
02-03 12:46:19.961 D/dalvikvm(15954): GC_FOR_ALLOC freed 4089K, 47% free 9413K/17584K, paused 4ms, total 4ms
02-03 12:46:19.971 D/dalvikvm(15954): GC_FOR_ALLOC freed 3448K, 45% free 9743K/17584K, paused 4ms, total 4ms
02-03 12:46:19.981 D/dalvikvm(15954): GC_FOR_ALLOC freed 4286K, 48% free 9252K/17584K, paused 5ms, total 5ms
02-03 12:46:19.981 D/dalvikvm(15954): GC_CONCURRENT freed 3804K, 47% free 9418K/17584K, paused 0ms+1ms, total 5ms
02-03 12:46:19.981 D/dalvikvm(15954): WAIT_FOR_CONCURRENT_GC blocked 4ms
02-03 12:46:19.991 D/dalvikvm(15954): GC_FOR_ALLOC freed 3484K, 45% free 9751K/17584K, paused 6ms, total 6ms
02-03 12:46:20.001 D/dalvikvm(15954): GC_FOR_ALLOC freed 4327K, 48% free 9255K/17584K, paused 4ms, total 4ms
02-03 12:46:20.011 D/dalvikvm(15954): GC_CONCURRENT freed 3839K, 47% free 9423K/17584K, paused 1ms+0ms, total 6ms
02-03 12:46:20.011 D/dalvikvm(15954): WAIT_FOR_CONCURRENT_GC blocked 5ms
02-03 12:46:20.021 D/dalvikvm(15954): GC_FOR_ALLOC freed 3516K, 45% free 9759K/17584K, paused 6ms, total 6ms
02-03 12:46:20.031 D/dalvikvm(15954): GC_FOR_ALLOC freed 4366K, 48% free 9258K/17584K, paused 5ms, total 5ms
02-03 12:46:20.041 D/dalvikvm(15954): GC_CONCURRENT freed 3873K, 47% free 9427K/17584K, paused 1ms+1ms, total 7ms
02-03 12:46:20.041 D/dalvikvm(15954): WAIT_FOR_CONCURRENT_GC blocked 6ms
02-03 12:46:20.051 D/dalvikvm(15954): GC_FOR_ALLOC freed 3548K, 45% free 9766K/17584K, paused 4ms, total 5ms
02-03 12:46:20.051 W/BindingManager(19493): Cannot call determinedVisibility() - never saw a connection for the pid: 19493
02-03 12:46:20.061 D/dalvikvm(15954): GC_FOR_ALLOC freed 4410K, 48% free 9262K/17584K, paused 7ms, total 8ms
02-03 12:46:20.071 D/dalvikvm(15954): GC_CONCURRENT freed 3915K, 47% free 9433K/17584K, paused 1ms+1ms, total 6ms
02-03 12:46:20.081 D/dalvikvm(15954): GC_CONCURRENT freed 3977K, 47% free 9435K/17584K, paused 1ms+0ms, total 6ms
02-03 12:46:20.081 D/dalvikvm(15954): WAIT_FOR_CONCURRENT_GC blocked 3ms
02-03 12:46:20.101 D/dalvikvm(15954): GC_FOR_ALLOC freed 3988K, 48% free 9253K/17584K, paused 6ms, total 6ms
02-03 12:46:20.111 D/dalvikvm(15954): GC_FOR_ALLOC freed 3798K, 48% free 9253K/17584K, paused 9ms, total 9ms
02-03 12:46:20.131 D/dalvikvm(15954): GC_FOR_ALLOC freed 2573K, 41% free 10539K/17584K, paused 5ms, total 5ms
02-03 12:46:20.211 D/dalvikvm(15954): GC_CONCURRENT freed 5661K, 49% free 8974K/17584K, paused 1ms+1ms, total 10ms
02-03 12:46:20.211 D/dalvikvm(15954): WAIT_FOR_CONCURRENT_GC blocked 9ms
02-03 12:46:20.221 D/dalvikvm(15954): GC_CONCURRENT freed 4038K, 49% free 9030K/17584K, paused 0ms+1ms, total 5ms
02-03 12:46:20.221 D/dalvikvm(15954): WAIT_FOR_CONCURRENT_GC blocked 4ms
02-03 12:46:20.231 D/dalvikvm(15954): GC_CONCURRENT freed 4071K, 49% free 9055K/17584K, paused 1ms+1ms, total 5ms
02-03 12:46:20.231 D/dalvikvm(15954): WAIT_FOR_CONCURRENT_GC blocked 4ms
02-03 12:46:20.241 D/dalvikvm(15954): GC_CONCURRENT freed 4084K, 49% free 9007K/17584K, paused 1ms+1ms, total 5ms
02-03 12:46:20.241 D/dalvikvm(15954): WAIT_FOR_CONCURRENT_GC blocked 5ms
02-03 12:46:20.241 D/dalvikvm(15954): GC_CONCURRENT freed 4022K, 49% free 9038K/17584K, paused 1ms+1ms, total 5ms
02-03 12:46:20.241 D/dalvikvm(15954): WAIT_FOR_CONCURRENT_GC blocked 4ms
02-03 12:46:20.251 D/dalvikvm(15954): GC_CONCURRENT freed 4080K, 49% free 9017K/17584K, paused 0ms+1ms, total 6ms
02-03 12:46:20.251 D/dalvikvm(15954): WAIT_FOR_CONCURRENT_GC blocked 6ms
02-03 12:46:20.261 D/dalvikvm(15954): GC_CONCURRENT freed 4031K, 49% free 9017K/17584K, paused 0ms+1ms, total 5ms
02-03 12:46:20.261 D/dalvikvm(15954): WAIT_FOR_CONCURRENT_GC blocked 5ms
02-03 12:46:20.271 D/dalvikvm(15954): GC_CONCURRENT freed 3972K, 49% free 9056K/17584K, paused 1ms+0ms, total 6ms
02-03 12:46:20.271 D/dalvikvm(15954): WAIT_FOR_CONCURRENT_GC blocked 5ms
02-03 12:46:20.281 D/dalvikvm(15954): GC_CONCURRENT freed 4028K, 49% free 9095K/17584K, paused 1ms+1ms, total 5ms
02-03 12:46:20.281 D/dalvikvm(15954): WAIT_FOR_CONCURRENT_GC blocked 4ms
02-03 12:46:20.291 D/dalvikvm(15954): GC_FOR_ALLOC freed 4121K, 49% free 9050K/17584K, paused 5ms, total 5ms
02-03 12:46:20.291 I/chromium(19493): [INFO:CONSOLE(70)] "WARNING: Message from backend doesn't have data.", source:  (70)
02-03 12:46:20.301 D/dalvikvm(15954): GC_CONCURRENT freed 1635K, 48% free 9294K/17584K, paused 0ms+8ms, total 13ms
02-03 12:46:20.311 D/dalvikvm(15954): GC_FOR_ALLOC freed 4236K, 49% free 9137K/17584K, paused 4ms, total 4ms
02-03 12:46:20.321 D/dalvikvm(15954): GC_CONCURRENT freed 3744K, 47% free 9441K/17584K, paused 1ms+1ms, total 6ms
02-03 12:46:20.321 D/dalvikvm(15954): WAIT_FOR_CONCURRENT_GC blocked 1ms
02-03 12:46:20.331 D/dalvikvm(15954): GC_CONCURRENT freed 4328K, 49% free 9103K/17584K, paused 1ms+1ms, total 6ms
02-03 12:46:20.331 D/dalvikvm(15954): WAIT_FOR_CONCURRENT_GC blocked 5ms
02-03 12:46:20.341 D/dalvikvm(15954): GC_CONCURRENT freed 4045K, 49% free 9105K/17584K, paused 0ms+0ms, total 5ms
02-03 12:46:20.341 D/dalvikvm(15954): WAIT_FOR_CONCURRENT_GC blocked 5ms
02-03 12:46:20.371 D/dalvikvm(15954): GC_CONCURRENT freed 4041K, 48% free 9158K/17584K, paused 0ms+1ms, total 26ms
02-03 12:46:20.371 D/dalvikvm(15954): WAIT_FOR_CONCURRENT_GC blocked 25ms
02-03 12:46:20.371 D/dalvikvm(15954): GC_CONCURRENT freed 3976K, 48% free 9267K/17584K, paused 1ms+1ms, total 6ms
02-03 12:46:20.371 D/dalvikvm(15954): WAIT_FOR_CONCURRENT_GC blocked 2ms
02-03 12:46:20.381 D/dalvikvm(15954): GC_CONCURRENT freed 4097K, 48% free 9199K/17584K, paused 0ms+1ms, total 5ms
02-03 12:46:20.381 D/dalvikvm(15954): WAIT_FOR_CONCURRENT_GC blocked 3ms
02-03 12:46:20.391 D/dalvikvm(15954): GC_FOR_ALLOC freed 4115K, 49% free 9037K/17584K, paused 4ms, total 5ms
02-03 12:46:20.401 D/dalvikvm(15954): GC_FOR_ALLOC freed 3949K, 49% free 9036K/17584K, paused 5ms, total 5ms
02-03 12:46:20.411 D/dalvikvm(15954): GC_CONCURRENT freed 3937K, 48% free 9151K/17584K, paused 1ms+1ms, total 5ms
02-03 12:46:20.411 D/dalvikvm(15954): WAIT_FOR_CONCURRENT_GC blocked 2ms
02-03 12:46:20.411 D/dalvikvm(15954): GC_CONCURRENT freed 3974K, 48% free 9212K/17584K, paused 1ms+1ms, total 5ms
02-03 12:46:20.411 D/dalvikvm(15954): WAIT_FOR_CONCURRENT_GC blocked 4ms
02-03 12:46:20.421 D/dalvikvm(15954): GC_FOR_ALLOC freed 4133K, 49% free 9033K/17584K, paused 5ms, total 5ms
02-03 12:46:20.431 D/dalvikvm(15954): GC_FOR_ALLOC freed 3917K, 49% free 9031K/17584K, paused 5ms, total 5ms
02-03 12:46:20.441 D/dalvikvm(15954): GC_CONCURRENT freed 3874K, 48% free 9158K/17584K, paused 1ms+1ms, total 6ms
02-03 12:46:20.441 D/dalvikvm(15954): WAIT_FOR_CONCURRENT_GC blocked 5ms
02-03 12:46:20.441 D/dalvikvm(15954): GC_CONCURRENT freed 4081K, 49% free 9060K/17584K, paused 0ms+0ms, total 5ms
02-03 12:46:20.441 D/dalvikvm(15954): WAIT_FOR_CONCURRENT_GC blocked 5ms
02-03 12:46:20.451 D/dalvikvm(15954): GC_CONCURRENT freed 3969K, 49% free 9125K/17584K, paused 0ms+0ms, total 5ms
02-03 12:46:20.451 D/dalvikvm(15954): WAIT_FOR_CONCURRENT_GC blocked 5ms
02-03 12:46:20.461 D/dalvikvm(15954): GC_CONCURRENT freed 3974K, 48% free 9197K/17584K, paused 0ms+1ms, total 5ms
02-03 12:46:20.461 D/dalvikvm(15954): WAIT_FOR_CONCURRENT_GC blocked 4ms
02-03 12:46:20.471 D/dalvikvm(15954): GC_CONCURRENT freed 4119K, 49% free 9129K/17584K, paused 0ms+1ms, total 5ms
02-03 12:46:20.471 D/dalvikvm(15954): WAIT_FOR_CONCURRENT_GC blocked 5ms
02-03 12:46:20.481 D/dalvikvm(15954): GC_CONCURRENT freed 3916K, 48% free 9269K/17584K, paused 0ms+1ms, total 5ms
02-03 12:46:20.481 D/dalvikvm(15954): WAIT_FOR_CONCURRENT_GC blocked 5ms
02-03 12:46:20.481 D/dalvikvm(15954): GC_CONCURRENT freed 3982K, 48% free 9271K/17584K, paused 1ms+1ms, total 5ms
02-03 12:46:20.481 D/dalvikvm(15954): WAIT_FOR_CONCURRENT_GC blocked 4ms
02-03 12:46:20.491 D/dalvikvm(15954): GC_CONCURRENT freed 4049K, 48% free 9273K/17584K, paused 1ms+1ms, total 5ms
02-03 12:46:20.491 D/dalvikvm(15954): WAIT_FOR_CONCURRENT_GC blocked 4ms
02-03 12:46:20.501 D/dalvikvm(15954): GC_CONCURRENT freed 4116K, 49% free 9127K/17584K, paused 1ms+1ms, total 5ms
02-03 12:46:20.501 D/dalvikvm(15954): WAIT_FOR_CONCURRENT_GC blocked 4ms
02-03 12:46:20.511 D/dalvikvm(15954): GC_FOR_ALLOC freed 4033K, 49% free 9052K/17584K, paused 4ms, total 4ms
02-03 12:46:20.521 D/dalvikvm(15954): GC_CONCURRENT freed 3865K, 48% free 9158K/17584K, paused 1ms+1ms, total 5ms
02-03 12:46:20.521 D/dalvikvm(15954): WAIT_FOR_CONCURRENT_GC blocked 4ms
02-03 12:46:20.521 D/dalvikvm(15954): GC_CONCURRENT freed 3996K, 48% free 9239K/17584K, paused 1ms+1ms, total 5ms
02-03 12:46:20.521 D/dalvikvm(15954): WAIT_FOR_CONCURRENT_GC blocked 4ms
02-03 12:46:20.531 D/dalvikvm(15954): GC_FOR_ALLOC freed 4134K, 48% free 9160K/17584K, paused 4ms, total 4ms
02-03 12:46:20.541 D/dalvikvm(15954): GC_CONCURRENT freed 3486K, 45% free 9709K/17584K, paused 0ms+1ms, total 7ms
02-03 12:46:20.541 D/dalvikvm(15954): WAIT_FOR_CONCURRENT_GC blocked 3ms
02-03 12:46:20.551 D/dalvikvm(15954): GC_CONCURRENT freed 4564K, 48% free 9240K/17584K, paused 1ms+1ms, total 9ms
02-03 12:46:20.551 D/dalvikvm(15954): WAIT_FOR_CONCURRENT_GC blocked 6ms
02-03 12:46:20.561 D/dalvikvm(15954): GC_CONCURRENT freed 3983K, 48% free 9245K/17584K, paused 1ms+1ms, total 5ms
02-03 12:46:20.561 D/dalvikvm(15954): WAIT_FOR_CONCURRENT_GC blocked 4ms
02-03 12:46:20.571 D/dalvikvm(15954): GC_CONCURRENT freed 4041K, 48% free 9245K/17584K, paused 1ms+1ms, total 6ms
02-03 12:46:20.571 D/dalvikvm(15954): WAIT_FOR_CONCURRENT_GC blocked 5ms
02-03 12:46:20.591 D/dalvikvm(15954): GC_CONCURRENT freed 4091K, 48% free 9249K/17584K, paused 3ms+1ms, total 16ms
02-03 12:46:20.591 D/dalvikvm(15954): WAIT_FOR_CONCURRENT_GC blocked 13ms
02-03 12:46:20.601 D/dalvikvm(15954): GC_FOR_ALLOC freed 3894K, 47% free 9334K/17584K, paused 4ms, total 4ms
02-03 12:46:20.601 D/dalvikvm(15954): GC_CONCURRENT freed 4197K, 48% free 9164K/17584K, paused 1ms+1ms, total 5ms
02-03 12:46:20.601 D/dalvikvm(15954): WAIT_FOR_CONCURRENT_GC blocked 2ms
02-03 12:46:20.611 D/dalvikvm(15954): GC_CONCURRENT freed 3897K, 48% free 9254K/17584K, paused 1ms+1ms, total 6ms
02-03 12:46:20.611 D/dalvikvm(15954): WAIT_FOR_CONCURRENT_GC blocked 5ms
02-03 12:46:20.621 D/dalvikvm(15954): GC_FOR_ALLOC freed 4030K, 48% free 9165K/17584K, paused 6ms, total 6ms
02-03 12:46:20.631 D/dalvikvm(15954): GC_FOR_ALLOC freed 3720K, 47% free 9373K/17584K, paused 5ms, total 5ms
02-03 12:46:20.641 D/dalvikvm(15954): GC_FOR_ALLOC freed 4208K, 49% free 9106K/17584K, paused 4ms, total 5ms
02-03 12:46:20.651 D/dalvikvm(15954): GC_CONCURRENT freed 3981K, 48% free 9194K/17584K, paused 1ms+1ms, total 6ms
02-03 12:46:20.651 D/dalvikvm(15954): WAIT_FOR_CONCURRENT_GC blocked 5ms
02-03 12:46:20.661 D/dalvikvm(15954): GC_CONCURRENT freed 3840K, 47% free 9375K/17584K, paused 3ms+1ms, total 8ms
02-03 12:46:20.661 D/dalvikvm(15954): WAIT_FOR_CONCURRENT_GC blocked 2ms
02-03 12:46:20.671 D/dalvikvm(15954): GC_FOR_ALLOC freed 4341K, 49% free 9099K/17584K, paused 4ms, total 4ms
02-03 12:46:20.691 D/dalvikvm(15954): GC_CONCURRENT freed 835K, 46% free 9565K/17584K, paused 17ms+1ms, total 22ms
02-03 12:46:20.691 D/dalvikvm(15954): GC_FOR_ALLOC freed 4397K, 49% free 9098K/17584K, paused 4ms, total 4ms
02-03 12:46:20.701 D/dalvikvm(15954): GC_FOR_ALLOC freed 3969K, 49% free 9095K/17584K, paused 4ms, total 4ms
02-03 12:46:20.711 D/dalvikvm(15954): GC_CONCURRENT freed 3816K, 48% free 9284K/17584K, paused 0ms+1ms, total 5ms
02-03 12:46:20.711 D/dalvikvm(15954): WAIT_FOR_CONCURRENT_GC blocked 5ms
02-03 12:46:20.721 D/dalvikvm(15954): GC_CONCURRENT freed 4043K, 48% free 9316K/17584K, paused 1ms+0ms, total 6ms
02-03 12:46:20.721 D/dalvikvm(15954): WAIT_FOR_CONCURRENT_GC blocked 5ms
02-03 12:46:20.731 D/dalvikvm(15954): GC_CONCURRENT freed 4081K, 48% free 9315K/17584K, paused 0ms+1ms, total 5ms
02-03 12:46:20.731 D/dalvikvm(15954): WAIT_FOR_CONCURRENT_GC blocked 4ms
02-03 12:46:20.731 D/dalvikvm(15954): GC_FOR_ALLOC freed 3822K, 47% free 9412K/17584K, paused 5ms, total 5ms
02-03 12:46:20.741 D/dalvikvm(15954): GC_FOR_ALLOC freed 4153K, 48% free 9215K/17584K, paused 4ms, total 4ms
02-03 12:46:20.751 D/dalvikvm(15954): GC_FOR_ALLOC freed 3991K, 49% free 9114K/17584K, paused 4ms, total 4ms
02-03 12:46:20.761 D/dalvikvm(15954): GC_CONCURRENT freed 3722K, 47% free 9413K/17584K, paused 0ms+1ms, total 5ms
02-03 12:46:20.761 D/dalvikvm(15954): WAIT_FOR_CONCURRENT_GC blocked 4ms
02-03 12:46:20.761 D/dalvikvm(15954): GC_CONCURRENT freed 4260K, 48% free 9211K/17584K, paused 1ms+1ms, total 5ms
02-03 12:46:20.761 D/dalvikvm(15954): WAIT_FOR_CONCURRENT_GC blocked 4ms
02-03 12:46:20.771 D/dalvikvm(15954): GC_CONCURRENT freed 3890K, 48% free 9312K/17584K, paused 0ms+0ms, total 5ms
02-03 12:46:20.771 D/dalvikvm(15954): WAIT_FOR_CONCURRENT_GC blocked 5ms
02-03 12:46:20.781 D/dalvikvm(15954): GC_FOR_ALLOC freed 4023K, 48% free 9239K/17584K, paused 4ms, total 4ms
02-03 12:46:20.791 D/dalvikvm(15954): GC_CONCURRENT freed 3950K, 47% free 9347K/17584K, paused 1ms+1ms, total 5ms
02-03 12:46:20.791 D/dalvikvm(15954): WAIT_FOR_CONCURRENT_GC blocked 4ms
02-03 12:46:20.791 D/dalvikvm(15954): GC_FOR_ALLOC freed 4090K, 48% free 9241K/17584K, paused 4ms, total 4ms
02-03 12:46:20.801 D/dalvikvm(15954): GC_CONCURRENT freed 3175K, 44% free 9977K/17584K, paused 1ms+1ms, total 6ms
02-03 12:46:20.801 D/dalvikvm(15954): WAIT_FOR_CONCURRENT_GC blocked 2ms
02-03 12:46:20.811 D/dalvikvm(15954): GC_FOR_ALLOC freed 4788K, 49% free 9131K/17584K, paused 5ms, total 5ms
02-03 12:46:20.821 D/dalvikvm(15954): GC_FOR_ALLOC freed 3973K, 48% free 9236K/17584K, paused 7ms, total 8ms
02-03 12:46:20.831 D/dalvikvm(15954): GC_CONCURRENT freed 2711K, 41% free 10525K/17584K, paused 0ms+4ms, total 10ms
02-03 12:46:20.831 D/dalvikvm(15954): WAIT_FOR_CONCURRENT_GC blocked 6ms
02-03 12:46:20.841 D/dalvikvm(15954): GC_CONCURRENT freed 5214K, 47% free 9342K/17584K, paused 1ms+1ms, total 6ms
02-03 12:46:20.841 D/dalvikvm(15954): WAIT_FOR_CONCURRENT_GC blocked 5ms
02-03 12:46:20.851 D/dalvikvm(15954): GC_FOR_ALLOC freed 4059K, 49% free 9122K/17584K, paused 5ms, total 5ms
02-03 12:46:20.861 D/dalvikvm(15954): GC_FOR_ALLOC freed 3867K, 48% free 9151K/17584K, paused 6ms, total 6ms
02-03 12:46:20.861 D/dalvikvm(15954): GC_FOR_ALLOC freed 3893K, 48% free 9149K/17584K, paused 5ms, total 5ms
02-03 12:46:20.871 D/dalvikvm(15954): GC_FOR_ALLOC freed 3920K, 48% free 9146K/17584K, paused 5ms, total 5ms
02-03 12:46:20.881 D/dalvikvm(15954): GC_FOR_ALLOC freed 3946K, 48% free 9144K/17584K, paused 5ms, total 5ms
02-03 12:46:20.901 D/dalvikvm(15954): GC_CONCURRENT freed 3741K, 47% free 9373K/17584K, paused 1ms+2ms, total 6ms
02-03 12:46:20.901 D/dalvikvm(15954): WAIT_FOR_CONCURRENT_GC blocked 4ms
02-03 12:46:20.911 I/CalendarProvider2(19737): Sending notification intent: Intent { act=android.intent.action.PROVIDER_CHANGED dat=content://com.android.calendar }
02-03 12:46:20.911 W/ContentResolver(19737): Failed to get type for: content://com.android.calendar (Unknown URL content://com.android.calendar)
02-03 12:46:20.911 D/dalvikvm(15954): GC_CONCURRENT freed 3997K, 47% free 9371K/17584K, paused 1ms+1ms, total 6ms
02-03 12:46:20.911 D/AlertReceiver(16150): onReceive: a=android.intent.action.PROVIDER_CHANGED Intent { act=android.intent.action.PROVIDER_CHANGED dat=content://com.android.calendar flg=0x10 cmp=com.asus.calendar/com.android.calendar.alerts.AlertReceiver }
02-03 12:46:20.911 V/ActivityManager(14542): Remove bg service from mStartingBackground ,r=ServiceRecord{22169d70 u0 com.android.providers.calendar/.EmptyService},r used time=1006,left r count=0
02-03 12:46:20.921 D/dalvikvm(15954): WAIT_FOR_CONCURRENT_GC blocked 15ms
02-03 12:46:20.931 D/AlertService(16150): 0 Action = android.intent.action.PROVIDER_CHANGED
02-03 12:46:20.931 D/AlertService(16150): Beginning updateAlertNotification
02-03 12:46:20.941 D/dalvikvm(15954): GC_CONCURRENT freed 4017K, 47% free 9374K/17584K, paused 1ms+5ms, total 12ms
02-03 12:46:20.951 D/AlertService(16150): No fired or scheduled alerts
02-03 12:46:20.951 D/dalvikvm(15954): GC_CONCURRENT freed 4051K, 47% free 9373K/17584K, paused 0ms+1ms, total 7ms
02-03 12:46:20.951 D/dalvikvm(15954): WAIT_FOR_CONCURRENT_GC blocked 6ms
02-03 12:46:20.961 D/BatteryStatsImpl(14542): noteStopWakeLocked com.asus.calendar isFromForeground = false
02-03 12:46:20.961 D/dalvikvm(15954): GC_FOR_ALLOC freed 4309K, 49% free 9139K/17584K, paused 5ms, total 5ms
02-03 12:46:20.961 V/ActivityManager(14542): Remove bg service from mStartingBackground ,r=ServiceRecord{22165158 u0 com.asus.calendar/com.android.calendar.alerts.AlertService},r used time=43,left r count=0
02-03 12:46:20.971 D/dalvikvm(15954): GC_FOR_ALLOC freed 3515K, 47% free 9492K/17584K, paused 5ms, total 5ms
02-03 12:46:20.981 D/dalvikvm(15954): GC_FOR_ALLOC freed 4133K, 48% free 9256K/17584K, paused 4ms, total 4ms
02-03 12:46:20.981 D/dalvikvm(15954): GC_FOR_ALLOC freed 3924K, 48% free 9168K/17584K, paused 4ms, total 4ms
02-03 12:46:20.991 D/dalvikvm(15954): GC_FOR_ALLOC freed 3586K, 46% free 9528K/17584K, paused 4ms, total 4ms
02-03 12:46:21.001 D/dalvikvm(15954): GC_FOR_ALLOC freed 4215K, 48% free 9287K/17584K, paused 4ms, total 4ms
02-03 12:46:21.001 D/dalvikvm(15954): GC_CONCURRENT freed 3399K, 45% free 9767K/17584K, paused 1ms+1ms, total 6ms
02-03 12:46:21.001 D/dalvikvm(15954): WAIT_FOR_CONCURRENT_GC blocked 2ms
02-03 12:46:21.011 D/dalvikvm(15954): GC_FOR_ALLOC freed 4258K, 46% free 9532K/17584K, paused 5ms, total 5ms
02-03 12:46:21.021 D/dalvikvm(15954): GC_CONCURRENT freed 3443K, 43% free 10141K/17584K, paused 1ms+1ms, total 6ms
02-03 12:46:21.021 D/dalvikvm(15954): WAIT_FOR_CONCURRENT_GC blocked 2ms
02-03 12:46:21.031 D/dalvikvm(15954): GC_FOR_ALLOC freed 4933K, 48% free 9162K/17584K, paused 4ms, total 5ms
02-03 12:46:21.031 D/dalvikvm(15954): GC_FOR_ALLOC freed 3727K, 48% free 9287K/17584K, paused 5ms, total 5ms
02-03 12:46:21.041 D/dalvikvm(15954): GC_CONCURRENT freed 3875K, 47% free 9415K/17584K, paused 1ms+1ms, total 5ms
02-03 12:46:21.041 D/dalvikvm(15954): WAIT_FOR_CONCURRENT_GC blocked 4ms
02-03 12:46:21.051 D/SendBroadcastHandler(19704): mTimerTask sendMessage CONTACTS_INSERT 
02-03 12:46:21.051 D/dalvikvm(15954): GC_FOR_ALLOC freed 4026K, 48% free 9287K/17584K, paused 4ms, total 4ms
02-03 12:46:21.051 D/SendBroadcastHandler(19704): (insert) sendBroadcast mInsertRawContacts:5
