--------- beginning of /dev/log/main
02-03 13:10:14.851 D/dalvikvm(15954): GC_FOR_ALLOC freed 3560K, 43% free 9600K/16616K, paused 5ms, total 5ms
02-03 13:10:14.851 D/dalvikvm(15954): GC_FOR_ALLOC freed 3572K, 43% free 9602K/16616K, paused 4ms, total 4ms
02-03 13:10:14.861 D/dalvikvm(15954): GC_FOR_ALLOC freed 3583K, 43% free 9603K/16616K, paused 4ms, total 4ms
02-03 13:10:14.871 D/dalvikvm(15954): GC_FOR_ALLOC freed 3593K, 43% free 9605K/16616K, paused 5ms, total 5ms
02-03 13:10:14.871 D/dalvikvm(15954): GC_FOR_ALLOC freed 3604K, 43% free 9606K/16616K, paused 4ms, total 4ms
02-03 13:10:14.881 D/dalvikvm(15954): GC_FOR_ALLOC freed 3613K, 43% free 9608K/16616K, paused 4ms, total 4ms
02-03 13:10:14.891 D/dalvikvm(15954): GC_FOR_ALLOC freed 3623K, 43% free 9609K/16616K, paused 4ms, total 4ms
02-03 13:10:14.891 D/dalvikvm(15954): GC_FOR_ALLOC freed 3287K, 44% free 9438K/16616K, paused 5ms, total 5ms
02-03 13:10:14.901 D/dalvikvm(15954): GC_FOR_ALLOC freed 3644K, 44% free 9439K/16616K, paused 4ms, total 4ms
02-03 13:10:14.911 D/dalvikvm(15954): GC_FOR_ALLOC freed 3655K, 44% free 9440K/16616K, paused 4ms, total 4ms
02-03 13:10:14.911 D/dalvikvm(15954): GC_FOR_ALLOC freed 3665K, 44% free 9441K/16616K, paused 4ms, total 4ms
02-03 13:10:14.921 D/dalvikvm(15954): GC_FOR_ALLOC freed 3675K, 44% free 9442K/16616K, paused 4ms, total 4ms
02-03 13:10:14.931 D/dalvikvm(15954): GC_FOR_ALLOC freed 3684K, 44% free 9443K/16616K, paused 4ms, total 4ms
02-03 13:10:14.931 D/dalvikvm(15954): GC_FOR_ALLOC freed 3693K, 44% free 9444K/16616K, paused 4ms, total 4ms
02-03 13:10:14.941 D/dalvikvm(15954): GC_FOR_ALLOC freed 3703K, 44% free 9445K/16616K, paused 4ms, total 4ms
02-03 13:10:14.951 D/dalvikvm(15954): GC_FOR_ALLOC freed 3712K, 44% free 9446K/16616K, paused 4ms, total 4ms
02-03 13:10:14.951 D/dalvikvm(15954): GC_FOR_ALLOC freed 3722K, 44% free 9447K/16616K, paused 4ms, total 4ms
02-03 13:10:14.961 D/dalvikvm(15954): GC_FOR_ALLOC freed 3731K, 44% free 9447K/16616K, paused 4ms, total 4ms
02-03 13:10:14.971 D/dalvikvm(15954): GC_FOR_ALLOC freed 3740K, 44% free 9448K/16616K, paused 4ms, total 4ms
02-03 13:10:14.971 D/dalvikvm(15954): GC_FOR_ALLOC freed 3750K, 44% free 9449K/16616K, paused 4ms, total 4ms
02-03 13:10:14.981 D/dalvikvm(15954): GC_FOR_ALLOC freed 3759K, 44% free 9450K/16616K, paused 4ms, total 4ms
02-03 13:10:14.991 D/dalvikvm(15954): GC_FOR_ALLOC freed 3769K, 44% free 9451K/16616K, paused 5ms, total 5ms
02-03 13:10:14.991 D/dalvikvm(15954): GC_FOR_ALLOC freed 3778K, 44% free 9452K/16616K, paused 4ms, total 4ms
02-03 13:10:15.001 D/dalvikvm(15954): GC_FOR_ALLOC freed 3787K, 44% free 9453K/16616K, paused 4ms, total 4ms
02-03 13:10:15.011 D/dalvikvm(15954): GC_FOR_ALLOC freed 3797K, 44% free 9454K/16616K, paused 4ms, total 4ms
02-03 13:10:15.011 D/dalvikvm(15954): GC_FOR_ALLOC freed 3806K, 44% free 9455K/16616K, paused 5ms, total 5ms
02-03 13:10:15.021 D/dalvikvm(15954): GC_FOR_ALLOC freed 3816K, 44% free 9456K/16616K, paused 4ms, total 4ms
02-03 13:10:15.031 D/dalvikvm(15954): GC_FOR_ALLOC freed 3825K, 44% free 9456K/16616K, paused 4ms, total 4ms
02-03 13:10:15.041 D/dalvikvm(15954): GC_FOR_ALLOC freed 3859K, 44% free 9459K/16616K, paused 4ms, total 4ms
02-03 13:10:15.051 D/dalvikvm(15954): GC_FOR_ALLOC freed 3692K, 43% free 9479K/16616K, paused 5ms, total 5ms
02-03 13:10:15.051 D/dalvikvm(15954): GC_CONCURRENT freed 3659K, 41% free 9866K/16616K, paused 1ms+1ms, total 5ms
02-03 13:10:15.051 D/dalvikvm(15954): WAIT_FOR_CONCURRENT_GC blocked 3ms
02-03 13:10:15.071 D/dalvikvm(15954): GC_FOR_ALLOC freed 4628K, 49% free 8523K/16616K, paused 4ms, total 4ms
02-03 13:10:15.091 D/dalvikvm(15954): GC_FOR_ALLOC freed 3347K, 46% free 9096K/16616K, paused 2ms, total 2ms
02-03 13:10:15.161 D/dalvikvm(15954): GC_CONCURRENT freed 3930K, 46% free 9138K/16616K, paused 1ms+1ms, total 7ms
02-03 13:10:15.171 D/dalvikvm(15954): GC_CONCURRENT freed 3996K, 45% free 9199K/16616K, paused 1ms+1ms, total 6ms
02-03 13:10:15.171 D/dalvikvm(15954): WAIT_FOR_CONCURRENT_GC blocked 5ms
02-03 13:10:15.181 D/dalvikvm(15954): GC_CONCURRENT freed 3990K, 45% free 9295K/16616K, paused 0ms+1ms, total 5ms
02-03 13:10:15.181 D/dalvikvm(15954): WAIT_FOR_CONCURRENT_GC blocked 4ms
02-03 13:10:15.181 D/dalvikvm(15954): GC_CONCURRENT freed 4113K, 45% free 9275K/16616K, paused 0ms+1ms, total 5ms
02-03 13:10:15.181 D/dalvikvm(15954): WAIT_FOR_CONCURRENT_GC blocked 4ms
02-03 13:10:15.191 D/dalvikvm(15954): GC_CONCURRENT freed 4137K, 45% free 9214K/16616K, paused 0ms+1ms, total 5ms
02-03 13:10:15.191 D/dalvikvm(15954): WAIT_FOR_CONCURRENT_GC blocked 4ms
02-03 13:10:15.201 D/dalvikvm(15954): GC_CONCURRENT freed 4014K, 45% free 9217K/16616K, paused 1ms+1ms, total 5ms
02-03 13:10:15.201 D/dalvikvm(15954): WAIT_FOR_CONCURRENT_GC blocked 4ms
02-03 13:10:15.211 D/dalvikvm(15954): GC_CONCURRENT freed 4048K, 45% free 9217K/16616K, paused 0ms+0ms, total 5ms
02-03 13:10:15.211 D/dalvikvm(15954): WAIT_FOR_CONCURRENT_GC blocked 4ms
02-03 13:10:15.221 D/dalvikvm(15954): GC_FOR_ALLOC freed 3969K, 45% free 9289K/16616K, paused 4ms, total 4ms
02-03 13:10:15.231 D/dalvikvm(15954): GC_CONCURRENT freed 3976K, 44% free 9360K/16616K, paused 1ms+1ms, total 6ms
02-03 13:10:15.231 D/dalvikvm(15954): WAIT_FOR_CONCURRENT_GC blocked 2ms
02-03 13:10:15.231 D/dalvikvm(15954): GC_CONCURRENT freed 4188K, 45% free 9215K/16616K, paused 1ms+1ms, total 5ms
02-03 13:10:15.241 D/dalvikvm(15954): WAIT_FOR_CONCURRENT_GC blocked 5ms
02-03 13:10:15.241 D/dalvikvm(15954): GC_CONCURRENT freed 3964K, 45% free 9296K/16616K, paused 0ms+1ms, total 5ms
02-03 13:10:15.241 D/dalvikvm(15954): WAIT_FOR_CONCURRENT_GC blocked 4ms
02-03 13:10:15.251 D/dalvikvm(15954): GC_CONCURRENT freed 4021K, 45% free 9300K/16616K, paused 0ms+0ms, total 5ms
02-03 13:10:15.251 D/dalvikvm(15954): WAIT_FOR_CONCURRENT_GC blocked 4ms
02-03 13:10:15.261 D/dalvikvm(15954): GC_FOR_ALLOC freed 4055K, 45% free 9256K/16616K, paused 4ms, total 4ms
02-03 13:10:15.271 D/dalvikvm(15954): GC_CONCURRENT freed 3358K, 43% free 9584K/16616K, paused 1ms+2ms, total 7ms
02-03 13:10:15.271 D/dalvikvm(15954): GC_CONCURRENT freed 4287K, 44% free 9313K/16616K, paused 1ms+1ms, total 5ms
02-03 13:10:15.271 D/dalvikvm(15954): WAIT_FOR_CONCURRENT_GC blocked 4ms
02-03 13:10:15.281 D/dalvikvm(15954): GC_FOR_ALLOC freed 4047K, 45% free 9212K/16616K, paused 5ms, total 5ms
02-03 13:10:15.291 D/dalvikvm(15954): GC_FOR_ALLOC freed 4073K, 45% free 9211K/16616K, paused 5ms, total 5ms
02-03 13:10:15.301 D/dalvikvm(15954): GC_CONCURRENT freed 3763K, 43% free 9535K/16616K, paused 1ms+1ms, total 6ms
02-03 13:10:15.301 D/dalvikvm(15954): WAIT_FOR_CONCURRENT_GC blocked 1ms
02-03 13:10:15.301 D/dalvikvm(15954): GC_CONCURRENT freed 4248K, 44% free 9327K/16616K, paused 0ms+1ms, total 5ms
02-03 13:10:15.301 D/dalvikvm(15954): WAIT_FOR_CONCURRENT_GC blocked 4ms
02-03 13:10:15.311 D/dalvikvm(15954): GC_CONCURRENT freed 4030K, 44% free 9329K/16616K, paused 0ms+1ms, total 5ms
02-03 13:10:15.311 D/dalvikvm(15954): WAIT_FOR_CONCURRENT_GC blocked 4ms
02-03 13:10:15.321 D/dalvikvm(15954): GC_FOR_ALLOC freed 3954K, 44% free 9389K/16616K, paused 4ms, total 4ms
02-03 13:10:15.331 D/dalvikvm(15954): GC_CONCURRENT freed 3696K, 42% free 9658K/16616K, paused 1ms+1ms, total 7ms
02-03 13:10:15.331 D/dalvikvm(15954): WAIT_FOR_CONCURRENT_GC blocked 2ms
02-03 13:10:15.331 D/dalvikvm(15954): GC_FOR_ALLOC freed 4439K, 45% free 9302K/16616K, paused 4ms, total 4ms
02-03 13:10:15.341 D/dalvikvm(15954): GC_CONCURRENT freed 3674K, 43% free 9614K/16616K, paused 1ms+1ms, total 6ms
02-03 13:10:15.341 D/dalvikvm(15954): WAIT_FOR_CONCURRENT_GC blocked 2ms
02-03 13:10:15.351 D/dalvikvm(15954): GC_FOR_ALLOC freed 4381K, 45% free 9303K/16616K, paused 4ms, total 5ms
02-03 13:10:15.351 D/dalvikvm(15954): GC_CONCURRENT freed 3563K, 42% free 9693K/16616K, paused 0ms+1ms, total 6ms
02-03 13:10:15.361 D/dalvikvm(15954): GC_FOR_ALLOC freed 4357K, 45% free 9302K/16616K, paused 5ms, total 5ms
02-03 13:10:15.371 D/dalvikvm(15954): GC_CONCURRENT freed 3832K, 44% free 9439K/16616K, paused 0ms+1ms, total 4ms
02-03 13:10:15.371 D/dalvikvm(15954): WAIT_FOR_CONCURRENT_GC blocked 5ms
02-03 13:10:15.381 D/dalvikvm(15954): GC_FOR_ALLOC freed 4250K, 45% free 9232K/16616K, paused 4ms, total 4ms
02-03 13:10:15.381 D/dalvikvm(15954): GC_CONCURRENT freed 3479K, 42% free 9755K/16616K, paused 1ms+1ms, total 6ms
02-03 13:10:15.381 D/dalvikvm(15954): WAIT_FOR_CONCURRENT_GC blocked 2ms
02-03 13:10:15.391 D/dalvikvm(15954): GC_CONCURRENT freed 4387K, 44% free 9406K/16616K, paused 1ms+1ms, total 5ms
02-03 13:10:15.391 D/dalvikvm(15954): WAIT_FOR_CONCURRENT_GC blocked 4ms
02-03 13:10:15.401 D/dalvikvm(15954): GC_FOR_ALLOC freed 3881K, 43% free 9479K/16616K, paused 4ms, total 4ms
02-03 13:10:15.411 D/dalvikvm(15954): GC_CONCURRENT freed 4166K, 44% free 9332K/16616K, paused 1ms+1ms, total 5ms
02-03 13:10:15.411 D/dalvikvm(15954): WAIT_FOR_CONCURRENT_GC blocked 4ms
02-03 13:10:15.421 D/dalvikvm(15954): GC_CONCURRENT freed 3926K, 44% free 9412K/16616K, paused 0ms+1ms, total 4ms
02-03 13:10:15.421 D/dalvikvm(15954): WAIT_FOR_CONCURRENT_GC blocked 5ms
02-03 13:10:15.421 D/dalvikvm(15954): GC_FOR_ALLOC freed 4063K, 44% free 9334K/16616K, paused 5ms, total 5ms
02-03 13:10:15.431 D/dalvikvm(15954): GC_CONCURRENT freed 3272K, 40% free 10028K/16616K, paused 0ms+0ms, total 6ms
02-03 13:10:15.431 D/dalvikvm(15954): WAIT_FOR_CONCURRENT_GC blocked 2ms
02-03 13:10:15.441 D/dalvikvm(15954): GC_CONCURRENT freed 4640K, 44% free 9412K/16616K, paused 0ms+1ms, total 5ms
02-03 13:10:15.441 D/dalvikvm(15954): WAIT_FOR_CONCURRENT_GC blocked 4ms
02-03 13:10:15.441 D/dalvikvm(15954): GC_FOR_ALLOC freed 4078K, 45% free 9253K/16616K, paused 5ms, total 5ms
02-03 13:10:15.451 D/dalvikvm(15954): GC_FOR_ALLOC freed 3975K, 45% free 9283K/16616K, paused 4ms, total 4ms
02-03 13:10:15.461 D/dalvikvm(15954): GC_CONCURRENT freed 3622K, 42% free 9687K/16616K, paused 0ms+1ms, total 6ms
02-03 13:10:15.461 D/dalvikvm(15954): WAIT_FOR_CONCURRENT_GC blocked 3ms
02-03 13:10:15.471 D/dalvikvm(15954): GC_CONCURRENT freed 4318K, 44% free 9451K/16616K, paused 0ms+1ms, total 5ms
02-03 13:10:15.471 D/dalvikvm(15954): WAIT_FOR_CONCURRENT_GC blocked 5ms
02-03 13:10:15.471 D/dalvikvm(15954): GC_FOR_ALLOC freed 3879K, 43% free 9534K/16616K, paused 5ms, total 5ms
02-03 13:10:15.481 D/dalvikvm(15954): GC_FOR_ALLOC freed 4182K, 44% free 9364K/16616K, paused 4ms, total 4ms
02-03 13:10:15.491 D/dalvikvm(15954): GC_CONCURRENT freed 3461K, 41% free 9876K/16616K, paused 1ms+1ms, total 6ms
02-03 13:10:15.491 D/dalvikvm(15954): WAIT_FOR_CONCURRENT_GC blocked 2ms
02-03 13:10:15.491 D/dalvikvm(15954): GC_FOR_ALLOC freed 4442K, 44% free 9362K/16616K, paused 5ms, total 5ms
02-03 13:10:15.501 D/dalvikvm(15954): GC_FOR_ALLOC freed 4151K, 45% free 9273K/16616K, paused 4ms, total 4ms
02-03 13:10:15.511 D/dalvikvm(15954): GC_CONCURRENT freed 3486K, 42% free 9802K/16616K, paused 0ms+1ms, total 6ms
02-03 13:10:15.511 D/dalvikvm(15954): WAIT_FOR_CONCURRENT_GC blocked 3ms
02-03 13:10:15.521 D/dalvikvm(15954): GC_FOR_ALLOC freed 4232K, 43% free 9571K/16616K, paused 4ms, total 4ms
02-03 13:10:15.521 D/dalvikvm(15954): GC_CONCURRENT freed 3652K, 41% free 9931K/16616K, paused 0ms+1ms, total 6ms
02-03 13:10:15.521 D/dalvikvm(15954): WAIT_FOR_CONCURRENT_GC blocked 2ms
02-03 13:10:15.531 D/dalvikvm(15954): GC_FOR_ALLOC freed 4502K, 45% free 9297K/16616K, paused 5ms, total 5ms
02-03 13:10:15.541 D/dalvikvm(15954): GC_FOR_ALLOC freed 3907K, 45% free 9294K/16616K, paused 4ms, total 4ms
02-03 13:10:15.541 D/dalvikvm(15954): GC_FOR_ALLOC freed 3944K, 45% free 9292K/16616K, paused 4ms, total 4ms
02-03 13:10:15.551 D/dalvikvm(15954): GC_CONCURRENT freed 3788K, 43% free 9484K/16616K, paused 0ms+0ms, total 5ms
02-03 13:10:15.551 D/dalvikvm(15954): WAIT_FOR_CONCURRENT_GC blocked 4ms
02-03 13:10:15.561 D/dalvikvm(15954): GC_CONCURRENT freed 4018K, 43% free 9483K/16616K, paused 1ms+1ms, total 5ms
02-03 13:10:15.561 D/dalvikvm(15954): WAIT_FOR_CONCURRENT_GC blocked 4ms
02-03 13:10:15.571 D/dalvikvm(15954): GC_CONCURRENT freed 4051K, 43% free 9487K/16616K, paused 1ms+1ms, total 5ms
02-03 13:10:15.571 D/dalvikvm(15954): WAIT_FOR_CONCURRENT_GC blocked 4ms
02-03 13:10:15.581 D/dalvikvm(15954): GC_CONCURRENT freed 4089K, 43% free 9491K/16616K, paused 1ms+1ms, total 5ms
02-03 13:10:15.581 D/dalvikvm(15954): WAIT_FOR_CONCURRENT_GC blocked 4ms
02-03 13:10:15.581 D/dalvikvm(15954): GC_FOR_ALLOC freed 3834K, 43% free 9588K/16616K, paused 4ms, total 4ms
02-03 13:10:15.591 D/dalvikvm(15954): GC_FOR_ALLOC freed 4166K, 44% free 9389K/16616K, paused 5ms, total 5ms
02-03 13:10:15.601 D/dalvikvm(15954): GC_CONCURRENT freed 3506K, 41% free 9817K/16616K, paused 0ms+1ms, total 6ms
02-03 13:10:15.601 D/dalvikvm(15954): WAIT_FOR_CONCURRENT_GC blocked 2ms
02-03 13:10:15.601 D/dalvikvm(15954): GC_FOR_ALLOC freed 3518K, 43% free 9624K/16616K, paused 5ms, total 5ms
02-03 13:10:15.611 D/dalvikvm(15954): GC_FOR_ALLOC freed 4063K, 44% free 9319K/16616K, paused 4ms, total 4ms
02-03 13:10:15.621 D/dalvikvm(15954): GC_CONCURRENT freed 3786K, 43% free 9628K/16616K, paused 1ms+1ms, total 5ms
02-03 13:10:15.621 D/dalvikvm(15954): WAIT_FOR_CONCURRENT_GC blocked 4ms
02-03 13:10:15.631 D/dalvikvm(15954): GC_FOR_ALLOC freed 4131K, 44% free 9319K/16616K, paused 5ms, total 5ms
02-03 13:10:15.631 D/dalvikvm(15954): GC_FOR_ALLOC freed 3849K, 44% free 9424K/16616K, paused 4ms, total 4ms
02-03 13:10:15.641 D/dalvikvm(15954): GC_FOR_ALLOC freed 3670K, 44% free 9427K/16616K, paused 4ms, total 4ms
02-03 13:10:15.651 D/dalvikvm(15954): GC_FOR_ALLOC freed 3698K, 42% free 9641K/16616K, paused 4ms, total 4ms
02-03 13:10:15.651 D/dalvikvm(15954): GC_FOR_ALLOC freed 3724K, 44% free 9431K/16616K, paused 5ms, total 5ms
02-03 13:10:15.661 D/dalvikvm(15954): GC_FOR_ALLOC freed 3750K, 42% free 9648K/16616K, paused 5ms, total 5ms
02-03 13:10:15.671 D/dalvikvm(15954): GC_FOR_ALLOC freed 3560K, 44% free 9328K/16616K, paused 4ms, total 4ms
02-03 13:10:15.671 D/dalvikvm(15954): GC_FOR_ALLOC freed 3801K, 44% free 9330K/16616K, paused 5ms, total 5ms
02-03 13:10:15.681 D/dalvikvm(15954): GC_FOR_ALLOC freed 3827K, 44% free 9331K/16616K, paused 5ms, total 5ms
02-03 13:10:15.691 D/dalvikvm(15954): GC_FOR_ALLOC freed 3853K, 44% free 9333K/16616K, paused 4ms, total 5ms
02-03 13:10:15.701 D/dalvikvm(15954): GC_FOR_ALLOC freed 3879K, 44% free 9334K/16616K, paused 5ms, total 5ms
02-03 13:10:15.701 D/dalvikvm(15954): GC_FOR_ALLOC freed 3905K, 44% free 9336K/16616K, paused 4ms, total 4ms
02-03 13:10:15.711 D/dalvikvm(15954): GC_FOR_ALLOC freed 3931K, 44% free 9337K/16616K, paused 5ms, total 5ms
02-03 13:10:15.721 D/dalvikvm(15954): GC_FOR_ALLOC freed 3957K, 44% free 9339K/16616K, paused 5ms, total 5ms
02-03 13:10:15.721 D/dalvikvm(15954): GC_CONCURRENT freed 3756K, 43% free 9568K/16616K, paused 1ms+1ms, total 5ms
02-03 13:10:15.721 D/dalvikvm(15954): WAIT_FOR_CONCURRENT_GC blocked 4ms
02-03 13:10:15.731 D/dalvikvm(15954): GC_FOR_ALLOC freed 3663K, 42% free 9685K/16616K, paused 4ms, total 4ms
02-03 13:10:15.741 D/dalvikvm(15954): GC_FOR_ALLOC freed 3801K, 44% free 9343K/16616K, paused 5ms, total 5ms
02-03 13:10:15.741 D/dalvikvm(15954): GC_FOR_ALLOC freed 3475K, 42% free 9691K/16616K, paused 4ms, total 4ms
02-03 13:10:15.751 D/dalvikvm(15954): GC_FOR_ALLOC freed 3848K, 44% free 9346K/16616K, paused 4ms, total 4ms
02-03 13:10:15.761 D/dalvikvm(15954): GC_FOR_ALLOC freed 3520K, 42% free 9699K/16616K, paused 5ms, total 5ms
02-03 13:10:15.761 D/dalvikvm(15954): GC_FOR_ALLOC freed 3898K, 44% free 9349K/16616K, paused 4ms, total 4ms
02-03 13:10:15.771 D/dalvikvm(15954): GC_FOR_ALLOC freed 3565K, 44% free 9469K/16616K, paused 4ms, total 4ms
02-03 13:10:15.781 D/dalvikvm(15954): GC_FOR_ALLOC freed 3347K, 42% free 9710K/16616K, paused 4ms, total 4ms
02-03 13:10:15.791 D/dalvikvm(15954): GC_FOR_ALLOC freed 3366K, 42% free 9713K/16616K, paused 4ms, total 5ms
02-03 13:10:15.791 D/dalvikvm(15954): GC_FOR_ALLOC freed 3385K, 42% free 9717K/16616K, paused 5ms, total 5ms
02-03 13:10:15.801 D/dalvikvm(15954): GC_FOR_ALLOC freed 3404K, 42% free 9720K/16616K, paused 5ms, total 5ms
02-03 13:10:15.811 D/dalvikvm(15954): GC_FOR_ALLOC freed 3423K, 42% free 9723K/16616K, paused 4ms, total 4ms
02-03 13:10:15.811 D/dalvikvm(15954): GC_FOR_ALLOC freed 3442K, 42% free 9727K/16616K, paused 5ms, total 5ms
02-03 13:10:15.821 D/dalvikvm(15954): GC_FOR_ALLOC freed 3460K, 42% free 9730K/16616K, paused 4ms, total 4ms
02-03 13:10:15.831 D/dalvikvm(15954): GC_FOR_ALLOC freed 3479K, 42% free 9733K/16616K, paused 5ms, total 5ms
02-03 13:10:15.831 D/dalvikvm(15954): GC_FOR_ALLOC freed 3498K, 42% free 9737K/16616K, paused 4ms, total 4ms
02-03 13:10:15.841 D/dalvikvm(15954): GC_FOR_ALLOC freed 3517K, 42% free 9740K/16616K, paused 5ms, total 5ms
02-03 13:10:15.851 D/dalvikvm(15954): GC_FOR_ALLOC freed 3536K, 42% free 9744K/16616K, paused 4ms, total 4ms
02-03 13:10:15.851 D/dalvikvm(15954): GC_FOR_ALLOC freed 3555K, 42% free 9747K/16616K, paused 4ms, total 4ms
02-03 13:10:15.861 D/dalvikvm(15954): GC_FOR_ALLOC freed 3573K, 42% free 9750K/16616K, paused 4ms, total 4ms
02-03 13:10:15.871 D/dalvikvm(15954): GC_FOR_ALLOC freed 3592K, 42% free 9753K/16616K, paused 5ms, total 5ms
02-03 13:10:15.871 D/dalvikvm(15954): GC_FOR_ALLOC freed 3610K, 42% free 9757K/16616K, paused 4ms, total 4ms
02-03 13:10:15.881 D/dalvikvm(15954): GC_FOR_ALLOC freed 3629K, 43% free 9501K/16616K, paused 5ms, total 5ms
02-03 13:10:15.891 D/dalvikvm(15954): GC_FOR_ALLOC freed 3647K, 43% free 9503K/16616K, paused 4ms, total 4ms
02-03 13:10:15.891 D/dalvikvm(15954): GC_FOR_ALLOC freed 3666K, 43% free 9505K/16616K, paused 5ms, total 5ms
02-03 13:10:15.901 D/dalvikvm(15954): GC_FOR_ALLOC freed 3685K, 43% free 9507K/16616K, paused 4ms, total 4ms
02-03 13:10:15.911 D/dalvikvm(15954): GC_FOR_ALLOC freed 3438K, 44% free 9377K/16616K, paused 4ms, total 5ms
02-03 13:10:15.911 D/dalvikvm(15954): GC_FOR_ALLOC freed 3721K, 44% free 9378K/16616K, paused 4ms, total 4ms
02-03 13:10:15.921 D/dalvikvm(15954): GC_FOR_ALLOC freed 3740K, 44% free 9380K/16616K, paused 4ms, total 4ms
02-03 13:10:15.931 D/dalvikvm(15954): GC_FOR_ALLOC freed 3758K, 44% free 9381K/16616K, paused 5ms, total 5ms
02-03 13:10:15.931 D/dalvikvm(15954): GC_FOR_ALLOC freed 3778K, 44% free 9382K/16616K, paused 5ms, total 5ms
02-03 13:10:15.941 D/dalvikvm(15954): GC_FOR_ALLOC freed 3797K, 44% free 9384K/16616K, paused 5ms, total 5ms
02-03 13:10:15.951 D/dalvikvm(15954): GC_FOR_ALLOC freed 3816K, 44% free 9385K/16616K, paused 5ms, total 5ms
02-03 13:10:15.951 D/dalvikvm(15954): GC_FOR_ALLOC freed 3835K, 44% free 9386K/16616K, paused 4ms, total 4ms
02-03 13:10:15.961 D/dalvikvm(15954): GC_FOR_ALLOC freed 3853K, 44% free 9388K/16616K, paused 4ms, total 4ms
02-03 13:10:15.971 D/dalvikvm(15954): GC_FOR_ALLOC freed 3872K, 44% free 9389K/16616K, paused 4ms, total 4ms
02-03 13:10:15.981 D/dalvikvm(15954): GC_FOR_ALLOC freed 3891K, 44% free 9390K/16616K, paused 5ms, total 5ms
02-03 13:10:15.981 D/dalvikvm(15954): GC_FOR_ALLOC freed 3910K, 44% free 9392K/16616K, paused 4ms, total 4ms
02-03 13:10:15.991 D/dalvikvm(15954): GC_FOR_ALLOC freed 3225K, 41% free 9813K/16616K, paused 4ms, total 4ms
02-03 13:10:16.001 D/dalvikvm(15954): GC_FOR_ALLOC freed 3662K, 44% free 9394K/16616K, paused 5ms, total 5ms
02-03 13:10:16.001 D/dalvikvm(15954): GC_FOR_ALLOC freed 3252K, 41% free 9819K/16616K, paused 4ms, total 4ms
02-03 13:10:16.011 D/dalvikvm(15954): GC_FOR_ALLOC freed 3693K, 44% free 9396K/16616K, paused 4ms, total 4ms
02-03 13:10:16.021 D/dalvikvm(15954): GC_FOR_ALLOC freed 3279K, 41% free 9825K/16616K, paused 5ms, total 5ms
02-03 13:10:16.021 D/dalvikvm(15954): GC_FOR_ALLOC freed 3723K, 44% free 9399K/16616K, paused 4ms, total 4ms
02-03 13:10:16.031 D/dalvikvm(15954): GC_FOR_ALLOC freed 3306K, 41% free 9831K/16616K, paused 4ms, total 4ms
02-03 13:10:16.041 D/dalvikvm(15954): GC_FOR_ALLOC freed 3754K, 44% free 9401K/16616K, paused 5ms, total 5ms
02-03 13:10:16.041 D/dalvikvm(15954): GC_FOR_ALLOC freed 3333K, 41% free 9837K/16616K, paused 4ms, total 4ms
02-03 13:10:16.051 D/dalvikvm(15954): GC_FOR_ALLOC freed 3784K, 44% free 9403K/16616K, paused 4ms, total 4ms
02-03 13:10:16.071 D/dalvikvm(15954): GC_FOR_ALLOC freed 3360K, 41% free 9842K/16616K, paused 12ms, total 12ms
02-03 13:10:16.081 D/dalvikvm(15954): GC_FOR_ALLOC freed 3815K, 44% free 9406K/16616K, paused 5ms, total 5ms
02-03 13:10:16.081 D/dalvikvm(15954): GC_FOR_ALLOC freed 3388K, 41% free 9848K/16616K, paused 5ms, total 5ms
02-03 13:10:16.091 D/dalvikvm(15954): GC_FOR_ALLOC freed 3104K, 41% free 9851K/16616K, paused 4ms, total 4ms
02-03 13:10:16.101 D/dalvikvm(15954): GC_FOR_ALLOC freed 3858K, 44% free 9409K/16616K, paused 4ms, total 4ms
02-03 13:10:16.101 D/dalvikvm(15954): GC_FOR_ALLOC freed 3426K, 43% free 9559K/16616K, paused 5ms, total 5ms
02-03 13:10:16.111 D/dalvikvm(15954): GC_FOR_ALLOC freed 3140K, 41% free 9859K/16616K, paused 5ms, total 5ms
02-03 13:10:16.121 D/dalvikvm(15954): GC_FOR_ALLOC freed 3150K, 41% free 9862K/16616K, paused 5ms, total 5ms
02-03 13:10:16.131 D/dalvikvm(15954): GC_FOR_ALLOC freed 3915K, 44% free 9414K/16616K, paused 5ms, total 5ms
02-03 13:10:16.131 D/dalvikvm(15954): GC_FOR_ALLOC freed 3476K, 43% free 9565K/16616K, paused 5ms, total 5ms
02-03 13:10:16.141 D/dalvikvm(15954): GC_FOR_ALLOC freed 3185K, 41% free 9870K/16616K, paused 5ms, total 5ms
02-03 13:10:16.151 D/dalvikvm(15954): GC_FOR_ALLOC freed 3196K, 41% free 9873K/16616K, paused 5ms, total 5ms
02-03 13:10:16.161 D/dalvikvm(15954): GC_FOR_ALLOC freed 3972K, 44% free 9418K/16616K, paused 4ms, total 4ms
02-03 13:10:16.161 D/dalvikvm(15954): GC_FOR_ALLOC freed 3527K, 43% free 9572K/16616K, paused 4ms, total 4ms
02-03 13:10:16.171 D/dalvikvm(15954): GC_FOR_ALLOC freed 3231K, 41% free 9881K/16616K, paused 4ms, total 4ms
02-03 13:10:16.181 D/dalvikvm(15954): GC_FOR_ALLOC freed 3242K, 41% free 9884K/16616K, paused 4ms, total 4ms
02-03 13:10:16.181 D/dalvikvm(15954): GC_FOR_ALLOC freed 4029K, 44% free 9422K/16616K, paused 5ms, total 5ms
02-03 13:10:16.191 D/dalvikvm(15954): GC_FOR_ALLOC freed 3577K, 43% free 9578K/16616K, paused 5ms, total 5ms
02-03 13:10:16.201 D/dalvikvm(15954): GC_FOR_ALLOC freed 3277K, 41% free 9892K/16616K, paused 5ms, total 5ms
02-03 13:10:16.201 D/dalvikvm(15954): GC_FOR_ALLOC freed 3288K, 41% free 9895K/16616K, paused 4ms, total 4ms
02-03 13:10:16.211 D/dalvikvm(15954): GC_FOR_ALLOC freed 4086K, 44% free 9427K/16616K, paused 4ms, total 4ms
02-03 13:10:16.221 D/dalvikvm(15954): GC_FOR_ALLOC freed 3627K, 43% free 9585K/16616K, paused 4ms, total 4ms
02-03 13:10:16.231 D/dalvikvm(15954): GC_FOR_ALLOC freed 3323K, 41% free 9903K/16616K, paused 5ms, total 5ms
02-03 13:10:16.231 D/AndroidRuntime(21510): 
02-03 13:10:16.231 D/AndroidRuntime(21510): >>>>>> AndroidRuntime START com.android.internal.os.RuntimeInit <<<<<<
02-03 13:10:16.231 D/AndroidRuntime(21510): CheckJNI is OFF
02-03 13:10:16.231 I/AndroidRuntime(21510): Kernel Release Version: 3.10.20-g25181e8-dirty
02-03 13:10:16.231 D/dalvikvm(15954): GC_FOR_ALLOC freed 3334K, 41% free 9905K/16616K, paused 5ms, total 5ms
02-03 13:10:16.231 I/dalvikvm(21510): No library specified. The standard exception handler will be used
02-03 13:10:16.231 I/dalvikvm(21510): 
02-03 13:10:16.231 I/dalvikvm(21510): +++++++++++++ Using PCG. +++++++++++++++++++++
02-03 13:10:16.241 D/dalvikvm(15954): GC_FOR_ALLOC freed 4142K, 44% free 9431K/16616K, paused 4ms, total 4ms
02-03 13:10:16.241 D/dalvikvm(21510): Trying to load lib libjavacore.so 0x0
02-03 13:10:16.241 D/dalvikvm(21510): Added shared lib libjavacore.so 0x0
02-03 13:10:16.251 D/dalvikvm(21510): Trying to load lib libnativehelper.so 0x0
02-03 13:10:16.251 D/dalvikvm(21510): Added shared lib libnativehelper.so 0x0
02-03 13:10:16.251 D/dalvikvm(21510): No JNI_OnLoad found in libnativehelper.so 0x0, skipping init
02-03 13:10:16.251 D/dalvikvm(15954): GC_FOR_ALLOC freed 3678K, 43% free 9592K/16616K, paused 5ms, total 5ms
02-03 13:10:16.251 D/dalvikvm(21510): Extra Options: not specified
02-03 13:10:16.251 D/dalvikvm(15954): GC_FOR_ALLOC freed 3371K, 43% free 9593K/16616K, paused 4ms, total 4ms
02-03 13:10:16.261 D/dalvikvm(15954): GC_FOR_ALLOC freed 3381K, 43% free 9595K/16616K, paused 4ms, total 4ms
02-03 13:10:16.261 D/dalvikvm(21510): Note: class Landroid/app/ActivityManagerNative; has 186 unimplemented (abstract) methods
02-03 13:10:16.271 D/dalvikvm(15954): GC_FOR_ALLOC freed 3392K, 43% free 9596K/16616K, paused 4ms, total 4ms
02-03 13:10:16.281 D/dalvikvm(15954): GC_FOR_ALLOC freed 3403K, 43% free 9598K/16616K, paused 4ms, total 4ms
02-03 13:10:16.281 D/dalvikvm(15954): GC_FOR_ALLOC freed 3413K, 43% free 9599K/16616K, paused 4ms, total 4ms
02-03 13:10:16.291 D/dalvikvm(15954): GC_FOR_ALLOC freed 3425K, 43% free 9601K/16616K, paused 4ms, total 4ms
02-03 13:10:16.301 D/dalvikvm(15954): GC_FOR_ALLOC freed 3437K, 43% free 9603K/16616K, paused 5ms, total 5ms
02-03 13:10:16.301 D/dalvikvm(15954): GC_FOR_ALLOC freed 3448K, 43% free 9604K/16616K, paused 4ms, total 4ms
02-03 13:10:16.311 D/dalvikvm(15954): GC_FOR_ALLOC freed 3460K, 43% free 9606K/16616K, paused 5ms, total 5ms
02-03 13:10:16.311 D/dalvikvm(15954): GC_FOR_ALLOC freed 3471K, 43% free 9608K/16616K, paused 4ms, total 4ms
02-03 13:10:16.321 D/dalvikvm(15954): GC_FOR_ALLOC freed 3481K, 43% free 9609K/16616K, paused 5ms, total 5ms
02-03 13:10:16.331 D/dalvikvm(15954): GC_FOR_ALLOC freed 3490K, 43% free 9610K/16616K, paused 4ms, total 4ms
02-03 13:10:16.331 D/dalvikvm(15954): GC_FOR_ALLOC freed 3500K, 43% free 9612K/16616K, paused 5ms, total 5ms
02-03 13:10:16.341 D/dalvikvm(15954): GC_FOR_ALLOC freed 3509K, 43% free 9613K/16616K, paused 4ms, total 4ms
02-03 13:10:16.351 D/dalvikvm(15954): GC_FOR_ALLOC freed 3518K, 43% free 9614K/16616K, paused 5ms, total 5ms
02-03 13:10:16.351 E/memtrack(21510): Couldn't load memtrack module (No such file or directory)
02-03 13:10:16.351 E/android.os.Debug(21510): failed to load memtrack module: -2
02-03 13:10:16.361 D/dalvikvm(15954): GC_FOR_ALLOC freed 3528K, 43% free 9616K/16616K, paused 5ms, total 5ms
02-03 13:10:16.361 D/dalvikvm(15954): GC_FOR_ALLOC freed 3537K, 43% free 9617K/16616K, paused 4ms, total 4ms
02-03 13:10:16.371 D/dalvikvm(15954): GC_FOR_ALLOC freed 3547K, 43% free 9618K/16616K, paused 4ms, total 4ms
02-03 13:10:16.381 D/dalvikvm(15954): GC_FOR_ALLOC freed 3560K, 43% free 9620K/16616K, paused 4ms, total 4ms
02-03 13:10:16.391 D/dalvikvm(15954): GC_FOR_ALLOC freed 3572K, 43% free 9622K/16616K, paused 5ms, total 5ms
02-03 13:10:16.401 D/dalvikvm(15954): GC_FOR_ALLOC freed 3583K, 43% free 9623K/16616K, paused 5ms, total 5ms
02-03 13:10:16.401 D/AndroidRuntime(21510): Calling main entry com.android.commands.am.Am
02-03 13:10:16.401 D/dalvikvm(15954): GC_FOR_ALLOC freed 3593K, 43% free 9625K/16616K, paused 5ms, total 5ms
02-03 13:10:16.411 D/dalvikvm(15954): GC_FOR_ALLOC freed 3604K, 43% free 9626K/16616K, paused 4ms, total 5ms
02-03 13:10:16.421 D/dalvikvm(15954): GC_FOR_ALLOC freed 3613K, 43% free 9628K/16616K, paused 4ms, total 5ms
02-03 13:10:16.431 D/dalvikvm(15954): GC_FOR_ALLOC freed 3623K, 43% free 9629K/16616K, paused 4ms, total 5ms
02-03 13:10:16.441 D/AndroidRuntime(21510): Shutting down VM
--------- beginning of /dev/log/system
02-03 13:10:16.441 I/ActivityManager(14542): Force stopping org.xwalk.webapi_noneservice_tests appid=11605 user=0: from pid 21510
02-03 13:10:16.441 D/dalvikvm(15954): GC_FOR_ALLOC freed 3634K, 43% free 9631K/16616K, paused 6ms, total 12ms
02-03 13:10:16.451 D/dalvikvm(21510): GC_CONCURRENT freed 108K, 16% free 638K/760K, paused 1ms+0ms, total 2ms
02-03 13:10:16.451 D/dalvikvm(21510): Compiler shutdown in progress - discarding request
02-03 13:10:16.451 D/dalvikvm(21510): Compiler shutdown in progress - discarding request
02-03 13:10:16.451 D/dalvikvm(21510): Compiler shutdown in progress - discarding request
02-03 13:10:16.451 D/dalvikvm(21510): Compiler shutdown in progress - discarding request
02-03 13:10:16.451 D/dalvikvm(21510): Compiler shutdown in progress - discarding request
02-03 13:10:16.451 D/dalvikvm(21510): Compiler shutdown in progress - discarding request
02-03 13:10:16.451 D/dalvikvm(21510): Compiler shutdown in progress - discarding request
02-03 13:10:16.451 D/dalvikvm(21510): Compiler shutdown in progress - discarding request
02-03 13:10:16.451 D/dalvikvm(21510): Compiler shutdown in progress - discarding request
02-03 13:10:16.451 D/dalvikvm(21510): Compiler shutdown in progress - discarding request
02-03 13:10:16.451 D/dalvikvm(21510): Compiler shutdown in progress - discarding request
02-03 13:10:16.451 D/dalvikvm(21510): Compiler shutdown in progress - discarding request
02-03 13:10:16.451 D/dalvikvm(21510): Compiler shutdown in progress - discarding request
02-03 13:10:16.451 D/dalvikvm(21510): Compiler shutdown in progress - discarding request
02-03 13:10:16.451 D/dalvikvm(21510): Compiler shutdown in progress - discarding request
02-03 13:10:16.451 D/dalvikvm(21510): Compiler shutdown in progress - discarding request
02-03 13:10:16.451 D/dalvikvm(21510): Compiler shutdown in progress - discarding request
02-03 13:10:16.451 D/dalvikvm(21510): Compiler shutdown in progress - discarding request
02-03 13:10:16.451 D/dalvikvm(21510): Compiler shutdown in progress - discarding request
02-03 13:10:16.451 D/dalvikvm(21510): Compiler shutdown in progress - discarding request
02-03 13:10:16.451 D/dalvikvm(21510): Compiler shutdown in progress - discarding request
02-03 13:10:16.451 D/dalvikvm(21510): Compiler shutdown in progress - discarding request
02-03 13:10:16.451 D/dalvikvm(21510): Compiler shutdown in progress - discarding request
02-03 13:10:16.451 D/dalvikvm(21510): Compiler shutdown in progress - discarding request
02-03 13:10:16.451 D/dalvikvm(21510): Compiler shutdown in progress - discarding request
02-03 13:10:16.451 D/dalvikvm(21510): Compiler shutdown in progress - discarding request
02-03 13:10:16.451 D/dalvikvm(21510): Compiler shutdown in progress - discarding request
02-03 13:10:16.451 D/dalvikvm(21510): Compiler shutdown in progress - discarding request
02-03 13:10:16.451 D/dalvikvm(21510): Compiler shutdown in progress - discarding request
02-03 13:10:16.451 D/dalvikvm(21510): Compiler shutdown in progress - discarding request
02-03 13:10:16.451 D/dalvikvm(21510): Compiler shutdown in progress - discarding request
02-03 13:10:16.451 D/dalvikvm(21510): Compiler shutdown in progress - discarding request
02-03 13:10:16.451 D/dalvikvm(21510): Compiler shutdown in progress - discarding request
02-03 13:10:16.451 D/dalvikvm(21510): Compiler shutdown in progress - discarding request
02-03 13:10:16.451 D/dalvikvm(21510): Compiler shutdown in progress - discarding request
02-03 13:10:16.451 D/dalvikvm(21510): Compiler shutdown in progress - discarding request
02-03 13:10:16.451 D/dalvikvm(21510): Compiler shutdown in progress - discarding request
02-03 13:10:16.451 D/dalvikvm(21510): Compiler shutdown in progress - discarding request
02-03 13:10:16.451 D/dalvikvm(21510): Compiler shutdown in progress - discarding request
02-03 13:10:16.451 D/dalvikvm(15954): GC_FOR_ALLOC freed 3298K, 44% free 9459K/16616K, paused 8ms, total 8ms
02-03 13:10:16.461 D/dalvikvm(15954): GC_FOR_ALLOC freed 3655K, 44% free 9460K/16616K, paused 5ms, total 5ms
02-03 13:10:16.471 D/dalvikvm(15954): GC_FOR_ALLOC freed 3665K, 44% free 9461K/16616K, paused 5ms, total 5ms
02-03 13:10:16.481 D/dalvikvm(15954): GC_FOR_ALLOC freed 3675K, 44% free 9462K/16616K, paused 4ms, total 4ms
02-03 13:10:16.481 D/dalvikvm(15954): GC_FOR_ALLOC freed 3684K, 44% free 9463K/16616K, paused 4ms, total 4ms
02-03 13:10:16.491 D/dalvikvm(15954): GC_FOR_ALLOC freed 3693K, 44% free 9464K/16616K, paused 5ms, total 5ms
02-03 13:10:16.501 D/dalvikvm(15954): GC_FOR_ALLOC freed 3703K, 44% free 9465K/16616K, paused 5ms, total 5ms
02-03 13:10:16.501 D/dalvikvm(15954): GC_FOR_ALLOC freed 3712K, 44% free 9466K/16616K, paused 4ms, total 4ms
02-03 13:10:16.511 D/dalvikvm(15954): GC_FOR_ALLOC freed 3722K, 44% free 9467K/16616K, paused 4ms, total 4ms
02-03 13:10:16.521 D/dalvikvm(15954): GC_FOR_ALLOC freed 3731K, 44% free 9467K/16616K, paused 5ms, total 5ms
02-03 13:10:16.531 D/dalvikvm(15954): GC_FOR_ALLOC freed 3740K, 44% free 9468K/16616K, paused 4ms, total 4ms
02-03 13:10:16.531 D/dalvikvm(15954): GC_FOR_ALLOC freed 3750K, 44% free 9469K/16616K, paused 5ms, total 5ms
02-03 13:10:16.541 D/dalvikvm(15954): GC_FOR_ALLOC freed 3759K, 44% free 9470K/16616K, paused 4ms, total 4ms
02-03 13:10:16.551 D/dalvikvm(15954): GC_FOR_ALLOC freed 3769K, 43% free 9471K/16616K, paused 4ms, total 4ms
02-03 13:10:16.551 D/dalvikvm(15954): GC_FOR_ALLOC freed 3778K, 43% free 9472K/16616K, paused 4ms, total 4ms
02-03 13:10:16.561 D/dalvikvm(15954): GC_FOR_ALLOC freed 3787K, 43% free 9473K/16616K, paused 4ms, total 4ms
02-03 13:10:16.571 D/dalvikvm(15954): GC_FOR_ALLOC freed 3797K, 43% free 9474K/16616K, paused 5ms, total 5ms
02-03 13:10:16.571 D/dalvikvm(15954): GC_FOR_ALLOC freed 3806K, 43% free 9475K/16616K, paused 4ms, total 4ms
02-03 13:10:16.581 D/dalvikvm(15954): GC_FOR_ALLOC freed 3816K, 43% free 9476K/16616K, paused 4ms, total 4ms
02-03 13:10:16.591 D/dalvikvm(15954): GC_FOR_ALLOC freed 3825K, 43% free 9476K/16616K, paused 4ms, total 4ms
02-03 13:10:16.601 D/dalvikvm(15954): GC_FOR_ALLOC freed 3859K, 43% free 9479K/16616K, paused 5ms, total 5ms
02-03 13:10:16.611 D/dalvikvm(15954): GC_FOR_ALLOC freed 3692K, 44% free 9467K/16616K, paused 5ms, total 5ms
02-03 13:10:16.611 D/dalvikvm(15954): GC_CONCURRENT freed 3659K, 41% free 9854K/16616K, paused 1ms+1ms, total 5ms
02-03 13:10:16.611 D/dalvikvm(15954): WAIT_FOR_CONCURRENT_GC blocked 4ms
02-03 13:10:16.621 D/dalvikvm(15954): GC_FOR_ALLOC freed 4628K, 49% free 8512K/16616K, paused 4ms, total 4ms
02-03 13:10:16.651 D/dalvikvm(15954): GC_FOR_ALLOC freed 3347K, 46% free 9085K/16616K, paused 3ms, total 3ms
02-03 13:10:16.711 D/dalvikvm(15954): GC_CONCURRENT freed 3992K, 45% free 9167K/16616K, paused 1ms+1ms, total 7ms
02-03 13:10:16.711 D/dalvikvm(15954): WAIT_FOR_CONCURRENT_GC blocked 6ms
02-03 13:10:16.721 D/dalvikvm(15954): GC_CONCURRENT freed 4054K, 45% free 9180K/16616K, paused 1ms+1ms, total 5ms
02-03 13:10:16.721 D/dalvikvm(15954): WAIT_FOR_CONCURRENT_GC blocked 4ms
02-03 13:10:16.731 D/dalvikvm(15954): GC_CONCURRENT freed 4052K, 45% free 9206K/16616K, paused 1ms+1ms, total 5ms
02-03 13:10:16.731 D/dalvikvm(15954): WAIT_FOR_CONCURRENT_GC blocked 5ms
02-03 13:10:16.741 D/dalvikvm(15954): GC_CONCURRENT freed 4032K, 45% free 9264K/16616K, paused 1ms+1ms, total 5ms
02-03 13:10:16.741 D/dalvikvm(15954): WAIT_FOR_CONCURRENT_GC blocked 5ms
02-03 13:10:16.751 D/dalvikvm(15954): GC_CONCURRENT freed 4155K, 45% free 9201K/16616K, paused 1ms+1ms, total 5ms
02-03 13:10:16.751 D/dalvikvm(15954): WAIT_FOR_CONCURRENT_GC blocked 4ms
02-03 13:10:16.761 D/dalvikvm(15954): GC_CONCURRENT freed 4026K, 45% free 9265K/16616K, paused 0ms+1ms, total 4ms
02-03 13:10:16.761 D/dalvikvm(15954): WAIT_FOR_CONCURRENT_GC blocked 5ms
02-03 13:10:16.761 D/dalvikvm(15954): GC_FOR_ALLOC freed 4094K, 45% free 9168K/16616K, paused 4ms, total 4ms
02-03 13:10:16.771 D/dalvikvm(15954): GC_CONCURRENT freed 3951K, 45% free 9303K/16616K, paused 1ms+1ms, total 8ms
02-03 13:10:16.771 D/dalvikvm(15954): WAIT_FOR_CONCURRENT_GC blocked 3ms
02-03 13:10:16.781 D/dalvikvm(15954): GC_FOR_ALLOC freed 4082K, 44% free 9309K/16616K, paused 5ms, total 5ms
02-03 13:10:16.791 D/dalvikvm(15954): GC_CONCURRENT freed 3863K, 44% free 9461K/16616K, paused 1ms+1ms, total 7ms
02-03 13:10:16.791 D/dalvikvm(15954): WAIT_FOR_CONCURRENT_GC blocked 2ms
02-03 13:10:16.791 D/dalvikvm(15954): GC_CONCURRENT freed 4205K, 44% free 9319K/16616K, paused 1ms+1ms, total 6ms
02-03 13:10:16.791 D/dalvikvm(15954): WAIT_FOR_CONCURRENT_GC blocked 5ms
02-03 13:10:16.801 D/dalvikvm(15954): GC_FOR_ALLOC freed 4028K, 44% free 9325K/16616K, paused 4ms, total 4ms
02-03 13:10:16.811 D/dalvikvm(15954): GC_CONCURRENT freed 3796K, 43% free 9505K/16616K, paused 0ms+1ms, total 6ms
02-03 13:10:16.811 D/dalvikvm(15954): WAIT_FOR_CONCURRENT_GC blocked 2ms
02-03 13:10:16.821 D/dalvikvm(15954): GC_CONCURRENT freed 4249K, 45% free 9291K/16616K, paused 1ms+1ms, total 5ms
02-03 13:10:16.821 D/dalvikvm(15954): WAIT_FOR_CONCURRENT_GC blocked 4ms
02-03 13:10:16.821 D/dalvikvm(15954): GC_FOR_ALLOC freed 4030K, 44% free 9343K/16616K, paused 4ms, total 4ms
02-03 13:10:16.831 D/dalvikvm(15954): GC_CONCURRENT freed 3609K, 42% free 9732K/16616K, paused 0ms+1ms, total 6ms
02-03 13:10:16.831 D/dalvikvm(15954): WAIT_FOR_CONCURRENT_GC blocked 2ms
02-03 13:10:16.841 D/dalvikvm(15954): GC_FOR_ALLOC freed 4441K, 44% free 9384K/16616K, paused 4ms, total 4ms
02-03 13:10:16.841 D/dalvikvm(15954): GC_CONCURRENT freed 3728K, 43% free 9598K/16616K, paused 0ms+1ms, total 6ms
02-03 13:10:16.841 D/dalvikvm(15954): WAIT_FOR_CONCURRENT_GC blocked 2ms
02-03 13:10:16.851 D/dalvikvm(15954): GC_FOR_ALLOC freed 4314K, 45% free 9222K/16616K, paused 4ms, total 4ms
02-03 13:10:16.861 D/dalvikvm(15954): GC_CONCURRENT freed 4043K, 45% free 9221K/16616K, paused 0ms+1ms, total 5ms
02-03 13:10:16.861 D/dalvikvm(15954): WAIT_FOR_CONCURRENT_GC blocked 5ms
02-03 13:10:16.871 D/dalvikvm(15954): GC_CONCURRENT freed 3848K, 44% free 9398K/16616K, paused 1ms+1ms, total 6ms
02-03 13:10:16.871 D/dalvikvm(15954): WAIT_FOR_CONCURRENT_GC blocked 5ms
02-03 13:10:16.881 D/dalvikvm(15954): GC_FOR_ALLOC freed 4123K, 45% free 9218K/16616K, paused 4ms, total 4ms
02-03 13:10:16.891 D/dalvikvm(15954): GC_FOR_ALLOC freed 4032K, 45% free 9279K/16616K, paused 5ms, total 5ms
02-03 13:10:16.901 D/dalvikvm(15954): GC_CONCURRENT freed 3683K, 43% free 9623K/16616K, paused 1ms+1ms, total 7ms
02-03 13:10:16.901 D/dalvikvm(15954): WAIT_FOR_CONCURRENT_GC blocked 3ms
02-03 13:10:16.901 D/dalvikvm(15954): GC_CONCURRENT freed 4391K, 44% free 9311K/16616K, paused 0ms+1ms, total 5ms
02-03 13:10:16.901 D/dalvikvm(15954): WAIT_FOR_CONCURRENT_GC blocked 5ms
02-03 13:10:16.911 D/dalvikvm(15954): GC_FOR_ALLOC freed 4031K, 45% free 9245K/16616K, paused 4ms, total 4ms
02-03 13:10:16.921 D/dalvikvm(15954): GC_FOR_ALLOC freed 3906K, 44% free 9311K/16616K, paused 5ms, total 5ms
02-03 13:10:16.931 D/dalvikvm(15954): GC_CONCURRENT freed 3366K, 41% free 9922K/16616K, paused 0ms+1ms, total 6ms
02-03 13:10:16.931 D/dalvikvm(15954): WAIT_FOR_CONCURRENT_GC blocked 2ms
02-03 13:10:16.941 D/dalvikvm(15954): GC_CONCURRENT freed 4588K, 44% free 9385K/16616K, paused 1ms+1ms, total 7ms
02-03 13:10:16.941 D/dalvikvm(15954): WAIT_FOR_CONCURRENT_GC blocked 6ms
02-03 13:10:16.951 D/dalvikvm(15954): GC_CONCURRENT freed 3978K, 44% free 9386K/16616K, paused 1ms+0ms, total 6ms
02-03 13:10:16.951 D/dalvikvm(15954): WAIT_FOR_CONCURRENT_GC blocked 4ms
02-03 13:10:16.951 D/dalvikvm(15954): GC_CONCURRENT freed 4044K, 44% free 9386K/16616K, paused 1ms+1ms, total 5ms
02-03 13:10:16.951 D/dalvikvm(15954): WAIT_FOR_CONCURRENT_GC blocked 4ms
02-03 13:10:16.961 D/dalvikvm(15954): GC_FOR_ALLOC freed 3889K, 44% free 9460K/16616K, paused 4ms, total 5ms
02-03 13:10:16.971 D/dalvikvm(15954): GC_CONCURRENT freed 4174K, 44% free 9345K/16616K, paused 0ms+0ms, total 5ms
02-03 13:10:16.971 D/dalvikvm(15954): WAIT_FOR_CONCURRENT_GC blocked 4ms
02-03 13:10:16.981 D/dalvikvm(15954): GC_CONCURRENT freed 3934K, 44% free 9424K/16616K, paused 1ms+1ms, total 5ms
02-03 13:10:16.981 D/dalvikvm(15954): WAIT_FOR_CONCURRENT_GC blocked 4ms
02-03 13:10:16.991 D/dalvikvm(15954): GC_CONCURRENT freed 4071K, 44% free 9347K/16616K, paused 1ms+1ms, total 5ms
02-03 13:10:16.991 D/dalvikvm(15954): WAIT_FOR_CONCURRENT_GC blocked 2ms
02-03 13:10:16.991 D/dalvikvm(15954): GC_FOR_ALLOC freed 3818K, 43% free 9502K/16616K, paused 4ms, total 4ms
02-03 13:10:17.001 D/dalvikvm(15954): GC_CONCURRENT freed 2767K, 40% free 10050K/16616K, paused 1ms+1ms, total 7ms
02-03 13:10:17.011 D/dalvikvm(15954): GC_FOR_ALLOC freed 4701K, 45% free 9264K/16616K, paused 4ms, total 4ms
02-03 13:10:17.021 D/dalvikvm(15954): GC_FOR_ALLOC freed 3729K, 43% free 9506K/16616K, paused 5ms, total 5ms
02-03 13:10:17.021 D/dalvikvm(15954): GC_CONCURRENT freed 1721K, 29% free 11809K/16616K, paused 1ms+1ms, total 8ms
02-03 13:10:17.031 D/dalvikvm(15954): GC_FOR_ALLOC freed 4456K, 45% free 9262K/16616K, paused 4ms, total 5ms
02-03 13:10:17.041 D/AndroidRuntime(21521): 
02-03 13:10:17.041 D/AndroidRuntime(21521): >>>>>> AndroidRuntime START com.android.internal.os.RuntimeInit <<<<<<
02-03 13:10:17.041 D/AndroidRuntime(21521): CheckJNI is OFF
02-03 13:10:17.041 I/AndroidRuntime(21521): Kernel Release Version: 3.10.20-g25181e8-dirty
02-03 13:10:17.041 I/dalvikvm(21521): No library specified. The standard exception handler will be used
02-03 13:10:17.041 D/dalvikvm(15954): GC_FOR_ALLOC freed 3685K, 43% free 9511K/16616K, paused 6ms, total 6ms
02-03 13:10:17.041 I/dalvikvm(21521): 
02-03 13:10:17.041 I/dalvikvm(21521): +++++++++++++ Using PCG. +++++++++++++++++++++
02-03 13:10:17.051 D/dalvikvm(15954): GC_CONCURRENT freed 4153K, 44% free 9375K/16616K, paused 1ms+1ms, total 6ms
02-03 13:10:17.051 D/dalvikvm(15954): WAIT_FOR_CONCURRENT_GC blocked 5ms
02-03 13:10:17.051 D/dalvikvm(21521): Trying to load lib libjavacore.so 0x0
02-03 13:10:17.051 D/dalvikvm(21521): Added shared lib libjavacore.so 0x0
02-03 13:10:17.061 D/dalvikvm(21521): Trying to load lib libnativehelper.so 0x0
02-03 13:10:17.061 D/dalvikvm(21521): Added shared lib libnativehelper.so 0x0
02-03 13:10:17.061 D/dalvikvm(21521): No JNI_OnLoad found in libnativehelper.so 0x0, skipping init
02-03 13:10:17.061 D/dalvikvm(15954): GC_FOR_ALLOC freed 4032K, 45% free 9288K/16616K, paused 4ms, total 4ms
02-03 13:10:17.061 D/dalvikvm(21521): Extra Options: not specified
02-03 13:10:17.071 D/dalvikvm(15954): GC_CONCURRENT freed 3817K, 43% free 9546K/16616K, paused 1ms+1ms, total 6ms
02-03 13:10:17.071 D/dalvikvm(15954): WAIT_FOR_CONCURRENT_GC blocked 5ms
02-03 13:10:17.071 D/dalvikvm(15954): GC_FOR_ALLOC freed 4123K, 45% free 9284K/16616K, paused 4ms, total 4ms
02-03 13:10:17.071 D/dalvikvm(21521): Note: class Landroid/app/ActivityManagerNative; has 186 unimplemented (abstract) methods
02-03 13:10:17.081 D/dalvikvm(15954): GC_FOR_ALLOC freed 3902K, 44% free 9370K/16616K, paused 4ms, total 4ms
02-03 13:10:17.091 D/dalvikvm(15954): GC_CONCURRENT freed 3320K, 40% free 9992K/16616K, paused 1ms+1ms, total 7ms
02-03 13:10:17.091 D/dalvikvm(15954): WAIT_FOR_CONCURRENT_GC blocked 3ms
02-03 13:10:17.101 D/dalvikvm(15954): GC_FOR_ALLOC freed 4701K, 45% free 9278K/16616K, paused 4ms, total 4ms
02-03 13:10:17.101 D/dalvikvm(15954): GC_CONCURRENT freed 3572K, 43% free 9548K/16616K, paused 1ms+3ms, total 8ms
02-03 13:10:17.101 D/dalvikvm(15954): WAIT_FOR_CONCURRENT_GC blocked 4ms
02-03 13:10:17.111 D/dalvikvm(15954): GC_FOR_ALLOC freed 4154K, 44% free 9305K/16616K, paused 5ms, total 5ms
02-03 13:10:17.121 D/dalvikvm(15954): GC_FOR_ALLOC freed 3919K, 45% free 9303K/16616K, paused 5ms, total 5ms
02-03 13:10:17.131 D/dalvikvm(15954): GC_FOR_ALLOC freed 3957K, 45% free 9301K/16616K, paused 4ms, total 4ms
02-03 13:10:17.131 D/dalvikvm(15954): GC_CONCURRENT freed 3800K, 43% free 9493K/16616K, paused 0ms+0ms, total 5ms
02-03 13:10:17.131 D/dalvikvm(15954): WAIT_FOR_CONCURRENT_GC blocked 5ms
02-03 13:10:17.141 D/dalvikvm(15954): GC_CONCURRENT freed 4026K, 43% free 9497K/16616K, paused 0ms+1ms, total 5ms
02-03 13:10:17.141 D/dalvikvm(15954): WAIT_FOR_CONCURRENT_GC blocked 5ms
02-03 13:10:17.151 D/dalvikvm(15954): GC_FOR_ALLOC freed 4262K, 45% free 9302K/16616K, paused 4ms, total 4ms
02-03 13:10:17.161 D/dalvikvm(15954): GC_CONCURRENT freed 3321K, 41% free 9888K/16616K, paused 1ms+1ms, total 7ms
02-03 13:10:17.161 D/dalvikvm(15954): WAIT_FOR_CONCURRENT_GC blocked 3ms
02-03 13:10:17.161 D/dalvikvm(15954): GC_FOR_ALLOC freed 4234K, 45% free 9302K/16616K, paused 5ms, total 5ms
02-03 13:10:17.171 D/dalvikvm(15954): GC_CONCURRENT freed 3673K, 43% free 9601K/16616K, paused 1ms+1ms, total 5ms
02-03 13:10:17.171 D/dalvikvm(15954): WAIT_FOR_CONCURRENT_GC blocked 3ms
02-03 13:10:17.181 E/memtrack(21521): Couldn't load memtrack module (No such file or directory)
02-03 13:10:17.181 E/android.os.Debug(21521): failed to load memtrack module: -2
02-03 13:10:17.181 D/dalvikvm(15954): GC_FOR_ALLOC freed 4009K, 45% free 9301K/16616K, paused 4ms, total 5ms
02-03 13:10:17.181 D/dalvikvm(15954): GC_CONCURRENT freed 3734K, 43% free 9605K/16616K, paused 1ms+1ms, total 5ms
02-03 13:10:17.181 D/dalvikvm(15954): WAIT_FOR_CONCURRENT_GC blocked 4ms
02-03 13:10:17.191 D/dalvikvm(15954): GC_FOR_ALLOC freed 4075K, 45% free 9300K/16616K, paused 5ms, total 5ms
02-03 13:10:17.201 D/dalvikvm(15954): GC_FOR_ALLOC freed 3797K, 44% free 9404K/16616K, paused 5ms, total 5ms
02-03 13:10:17.211 D/dalvikvm(15954): GC_CONCURRENT freed 3930K, 43% free 9513K/16616K, paused 1ms+1ms, total 6ms
02-03 13:10:17.221 D/dalvikvm(15954): GC_FOR_ALLOC freed 3864K, 45% free 9301K/16616K, paused 5ms, total 5ms
02-03 13:10:17.231 D/AndroidRuntime(21521): Calling main entry com.android.commands.am.Am
02-03 13:10:17.231 D/dalvikvm(15954): GC_CONCURRENT freed 3890K, 44% free 9408K/16616K, paused 1ms+1ms, total 6ms
02-03 13:10:17.231 D/dalvikvm(15954): WAIT_FOR_CONCURRENT_GC blocked 2ms
02-03 13:10:17.231 D/dalvikvm(15954): GC_FOR_ALLOC freed 3708K, 44% free 9410K/16616K, paused 4ms, total 4ms
02-03 13:10:17.241 D/dalvikvm(15954): GC_FOR_ALLOC freed 3734K, 43% free 9626K/16616K, paused 5ms, total 5ms
02-03 13:10:17.251 D/dalvikvm(15954): GC_FOR_ALLOC freed 3545K, 44% free 9307K/16616K, paused 5ms, total 5ms
02-03 13:10:17.261 D/dalvikvm(15954): GC_FOR_ALLOC freed 3785K, 44% free 9309K/16616K, paused 4ms, total 4ms
02-03 13:10:17.261 D/dalvikvm(15954): GC_FOR_ALLOC freed 3811K, 44% free 9310K/16616K, paused 4ms, total 4ms
02-03 13:10:17.271 D/AndroidRuntime(21521): Shutting down VM
02-03 13:10:17.271 D/dalvikvm(15954): GC_FOR_ALLOC freed 3837K, 44% free 9312K/16616K, paused 5ms, total 6ms
02-03 13:10:17.271 D/dalvikvm(21521): GC_CONCURRENT freed 117K, 16% free 702K/832K, paused 3ms+0ms, total 4ms
02-03 13:10:17.271 I/ActivityManager(14542): START u0 {flg=0x10000000 cmp=org.xwalk.webapi_noneservice_tests/.webapi_noneservice_testsActivity} from pid 21521
02-03 13:10:17.281 D/dalvikvm(21521): Compiler shutdown in progress - discarding request
02-03 13:10:17.281 D/dalvikvm(21521): Compiler shutdown in progress - discarding request
02-03 13:10:17.281 D/dalvikvm(21521): Compiler shutdown in progress - discarding request
02-03 13:10:17.281 D/dalvikvm(21521): Compiler shutdown in progress - discarding request
02-03 13:10:17.281 D/dalvikvm(21521): Compiler shutdown in progress - discarding request
02-03 13:10:17.281 D/dalvikvm(21521): Compiler shutdown in progress - discarding request
02-03 13:10:17.281 D/dalvikvm(21521): Compiler shutdown in progress - discarding request
02-03 13:10:17.281 D/dalvikvm(21521): Compiler shutdown in progress - discarding request
02-03 13:10:17.281 D/dalvikvm(21521): Compiler shutdown in progress - discarding request
02-03 13:10:17.281 D/dalvikvm(21521): Compiler shutdown in progress - discarding request
02-03 13:10:17.281 D/dalvikvm(21521): Compiler shutdown in progress - discarding request
02-03 13:10:17.281 D/dalvikvm(21521): Compiler shutdown in progress - discarding request
02-03 13:10:17.281 D/dalvikvm(21521): Compiler shutdown in progress - discarding request
02-03 13:10:17.281 D/dalvikvm(21521): Compiler shutdown in progress - discarding request
02-03 13:10:17.281 D/dalvikvm(21521): Compiler shutdown in progress - discarding request
02-03 13:10:17.281 D/dalvikvm(21521): Compiler shutdown in progress - discarding request
02-03 13:10:17.281 D/dalvikvm(21521): Compiler shutdown in progress - discarding request
02-03 13:10:17.281 D/dalvikvm(21521): Compiler shutdown in progress - discarding request
02-03 13:10:17.281 D/dalvikvm(21521): Compiler shutdown in progress - discarding request
02-03 13:10:17.281 D/dalvikvm(21521): Compiler shutdown in progress - discarding request
02-03 13:10:17.281 D/dalvikvm(21521): Compiler shutdown in progress - discarding request
02-03 13:10:17.281 D/dalvikvm(21521): Compiler shutdown in progress - discarding request
02-03 13:10:17.281 D/dalvikvm(21521): Compiler shutdown in progress - discarding request
02-03 13:10:17.281 D/dalvikvm(21521): Compiler shutdown in progress - discarding request
02-03 13:10:17.281 D/dalvikvm(21521): Compiler shutdown in progress - discarding request
02-03 13:10:17.281 D/dalvikvm(21521): Compiler shutdown in progress - discarding request
02-03 13:10:17.281 D/dalvikvm(21521): Compiler shutdown in progress - discarding request
02-03 13:10:17.281 D/dalvikvm(21521): Compiler shutdown in progress - discarding request
02-03 13:10:17.281 D/dalvikvm(21521): Compiler shutdown in progress - discarding request
02-03 13:10:17.281 D/dalvikvm(21521): Compiler shutdown in progress - discarding request
02-03 13:10:17.281 D/dalvikvm(21521): Compiler shutdown in progress - discarding request
02-03 13:10:17.281 D/dalvikvm(21521): Compiler shutdown in progress - discarding request
02-03 13:10:17.281 D/dalvikvm(21521): Compiler shutdown in progress - discarding request
02-03 13:10:17.281 D/dalvikvm(21521): Compiler shutdown in progress - discarding request
02-03 13:10:17.281 D/dalvikvm(21521): Compiler shutdown in progress - discarding request
02-03 13:10:17.281 D/dalvikvm(21521): Compiler shutdown in progress - discarding request
02-03 13:10:17.281 D/dalvikvm(21521): Compiler shutdown in progress - discarding request
02-03 13:10:17.281 D/dalvikvm(21521): Compiler shutdown in progress - discarding request
02-03 13:10:17.281 D/dalvikvm(21521): Compiler shutdown in progress - discarding request
02-03 13:10:17.281 D/dalvikvm(21521): Compiler shutdown in progress - discarding request
02-03 13:10:17.281 D/dalvikvm(21521): Compiler shutdown in progress - discarding request
02-03 13:10:17.281 D/dalvikvm(21521): Compiler shutdown in progress - discarding request
02-03 13:10:17.281 D/dalvikvm(21521): Compiler shutdown in progress - discarding request
02-03 13:10:17.281 D/dalvikvm(21521): Compiler shutdown in progress - discarding request
