02-03 12:49:30.591 D/wpa_supplicant(14816): wlan0: 28: e4:d3:32:dd:18:62 ssid='Internet' wpa_ie_len=0 rsn_ie_len=0 caps=0x421 level=-76
02-03 12:49:30.591 D/wpa_supplicant(14816): wlan0:    skip - SSID mismatch
02-03 12:49:30.591 D/wpa_supplicant(14816): wlan0: No suitable network found
02-03 12:49:30.591 D/wpa_supplicant(14816): wlan0: Setting scan request: 40 sec 0 usec
02-03 12:49:30.591 D/wpa_supplicant(14816): wlan0: Checking for other virtual interfaces sharing same radio (phy0) in event_scan_results
02-03 12:49:30.591 D/wpa_supplicant(14816): p2p-dev-wlan0: Updating scan results from sibling
02-03 12:49:30.591 D/wpa_supplicant(14816): nl80211: Received scan results (29 BSSes)
02-03 12:49:30.591 D/wpa_supplicant(14816): nl80211: Survey data missing
02-03 12:49:30.591 D/wpa_supplicant(14816): p2p-dev-wlan0: BSS: Start scan result update 30
02-03 12:49:30.591 D/wpa_supplicant(14816): BSS: No P2P IE - skipping BSS 6c:8b:2f:e9:d1:da update for P2P interface
02-03 12:49:30.591 D/wpa_supplicant(14816): BSS: No P2P IE - skipping BSS f8:d1:11:e7:99:e8 update for P2P interface
02-03 12:49:30.591 D/wpa_supplicant(14816): BSS: No P2P IE - skipping BSS 02:1a:11:f2:bf:af update for P2P interface
02-03 12:49:30.591 D/wpa_supplicant(14816): BSS: No P2P IE - skipping BSS c8:d7:19:60:62:f2 update for P2P interface
02-03 12:49:30.591 D/wpa_supplicant(14816): BSS: No P2P IE - skipping BSS 44:94:fc:3d:da:38 update for P2P interface
02-03 12:49:30.591 D/wpa_supplicant(14816): BSS: No P2P IE - skipping BSS cc:34:29:2b:26:4c update for P2P interface
02-03 12:49:30.591 D/wpa_supplicant(14816): BSS: No P2P IE - skipping BSS 10:c3:7b:d2:e5:e0 update for P2P interface
02-03 12:49:30.591 D/wpa_supplicant(14816): BSS: No P2P IE - skipping BSS 90:94:e4:03:45:f5 update for P2P interface
02-03 12:49:30.591 D/wpa_supplicant(14816): BSS: No P2P IE - skipping BSS c0:c1:c0:76:81:3c update for P2P interface
02-03 12:49:30.591 D/wpa_supplicant(14816): BSS: No P2P IE - skipping BSS b0:48:7a:20:66:6a update for P2P interface
02-03 12:49:30.591 D/wpa_supplicant(14816): BSS: No P2P IE - skipping BSS bc:ee:7b:97:78:35 update for P2P interface
02-03 12:49:30.591 D/wpa_supplicant(14816): BSS: No P2P IE - skipping BSS cc:34:29:2c:fb:ec update for P2P interface
02-03 12:49:30.591 D/wpa_supplicant(14816): BSS: No P2P IE - skipping BSS 00:1e:67:80:ac:37 update for P2P interface
02-03 12:49:30.591 D/wpa_supplicant(14816): BSS: No P2P IE - skipping BSS 00:0f:e2:0f:9f:c1 update for P2P interface
02-03 12:49:30.591 D/wpa_supplicant(14816): BSS: No P2P IE - skipping BSS 14:d6:4d:28:ef:c8 update for P2P interface
02-03 12:49:30.591 D/wpa_supplicant(14816): BSS: No P2P IE - skipping BSS b0:48:7a:51:ff:cc update for P2P interface
02-03 12:49:30.591 D/wpa_supplicant(14816): BSS: No P2P IE - skipping BSS 02:1a:11:f6:67:da update for P2P interface
02-03 12:49:30.591 D/wpa_supplicant(14816): BSS: No P2P IE - skipping BSS cc:b2:55:e2:84:70 update for P2P interface
02-03 12:49:30.591 D/wpa_supplicant(14816): BSS: No P2P IE - skipping BSS 02:1a:11:fc:c3:59 update for P2P interface
02-03 12:49:30.591 D/wpa_supplicant(14816): BSS: No P2P IE - skipping BSS c0:a0:bb:20:3b:84 update for P2P interface
02-03 12:49:30.591 D/wpa_supplicant(14816): BSS: No P2P IE - skipping BSS 22:48:9a:ac:31:7f update for P2P interface
02-03 12:49:30.591 D/wpa_supplicant(14816): BSS: No P2P IE - skipping BSS 98:fc:11:81:35:fb update for P2P interface
02-03 12:49:30.591 D/wpa_supplicant(14816): BSS: No P2P IE - skipping BSS 8c:be:be:01:00:49 update for P2P interface
02-03 12:49:30.591 D/wpa_supplicant(14816): BSS: No P2P IE - skipping BSS f4:b7:e2:2b:41:b7 update for P2P interface
02-03 12:49:30.591 D/wpa_supplicant(14816): BSS: No P2P IE - skipping BSS 80:1f:02:43:fb:e8 update for P2P interface
02-03 12:49:30.591 D/wpa_supplicant(14816): BSS: No P2P IE - skipping BSS ac:f1:df:cf:85:c0 update for P2P interface
02-03 12:49:30.591 D/wpa_supplicant(14816): BSS: No P2P IE - skipping BSS e4:d3:32:36:2e:54 update for P2P interface
02-03 12:49:30.591 D/wpa_supplicant(14816): BSS: No P2P IE - skipping BSS 50:bd:5f:4b:29:92 update for P2P interface
02-03 12:49:30.591 D/wpa_supplicant(14816): BSS: No P2P IE - skipping BSS e4:d3:32:dd:18:62 update for P2P interface
02-03 12:49:30.591 D/wpa_supplicant(14816): BSS: last_scan_res_used=0/0 last_scan_full=0
02-03 12:49:30.591 D/wpa_supplicant(14816): p2p-dev-wlan0: New scan results available
02-03 12:49:30.591 D/wpa_supplicant(14816): CTRL_IFACE monitor send - hexdump(len=41): 2f 64 61 74 61 2f 6d 69 73 63 2f 77 69 66 69 2f 73 6f 63 6b 65 74 73 2f 77 70 61 5f 63 74 72 6c ...
02-03 12:49:30.591 D/wpa_supplicant(14816): WPS: AP[0] f8:d1:11:e7:99:e8 type=0 tries=0 last_attempt=-1 sec ago blacklist=0
02-03 12:49:30.591 D/wpa_supplicant(14816): WPS: AP[1] 44:94:fc:3d:da:38 type=0 tries=0 last_attempt=-1 sec ago blacklist=0
02-03 12:49:30.591 D/wpa_supplicant(14816): WPS: AP[2] cc:34:29:2b:26:4c type=0 tries=0 last_attempt=-1 sec ago blacklist=0
02-03 12:49:30.591 D/wpa_supplicant(14816): WPS: AP[3] b0:48:7a:20:66:6a type=0 tries=0 last_attempt=-1 sec ago blacklist=0
02-03 12:49:30.591 D/wpa_supplicant(14816): WPS: AP[4] 10:c3:7b:d2:e5:e0 type=0 tries=0 last_attempt=-1 sec ago blacklist=0
02-03 12:49:30.591 I/WifiHW  (14542): EVENT: IFNAME=p2p-dev-wlan0 CTRL-EVENT-SCAN-RESULTS 
02-03 12:49:30.591 D/wpa_supplicant(14816): WPS: AP[5] cc:34:29:2c:fb:ec type=0 tries=0 last_attempt=-1 sec ago blacklist=0
02-03 12:49:30.591 D/wpa_supplicant(14816): WPS: AP[6] 98:fc:11:81:35:fb type=0 tries=0 last_attempt=-1 sec ago blacklist=0
02-03 12:49:30.591 D/wpa_supplicant(14816): WPS: AP[7] c0:a0:bb:20:3b:84 type=0 tries=0 last_attempt=-1 sec ago blacklist=0
02-03 12:49:30.591 D/wpa_supplicant(14816): WPS: AP[8] c0:c1:c0:76:81:3c type=0 tries=0 last_attempt=-1 sec ago blacklist=0
02-03 12:49:30.591 D/wpa_supplicant(14816): WPS: AP[9] bc:ee:7b:97:78:35 type=0 tries=0 last_attempt=-1 sec ago blacklist=0
02-03 12:49:30.591 D/wpa_supplicant(14816): WPS: AP[10] b0:48:7a:51:ff:cc type=0 tries=0 last_attempt=-1 sec ago blacklist=0
02-03 12:49:30.591 D/wpa_supplicant(14816): WPS: AP[11] e4:d3:32:36:2e:54 type=0 tries=0 last_attempt=-1 sec ago blacklist=0
02-03 12:49:30.591 D/wpa_supplicant(14816): WPS: AP[12] c8:d7:19:60:62:f2 type=0 tries=0 last_attempt=-1 sec ago blacklist=0
02-03 12:49:30.591 D/wpa_supplicant(14816): WPS: AP[13] 14:d6:4d:28:ef:c8 type=0 tries=0 last_attempt=-1 sec ago blacklist=0
02-03 12:49:30.591 D/wpa_supplicant(14816): WPS: AP[14] 4c:e6:76:a5:4d:e0 type=0 tries=0 last_attempt=-1 sec ago blacklist=0
02-03 12:49:30.591 D/wpa_supplicant(14816): WPS: AP[15] ac:f1:df:cf:85:c0 type=0 tries=0 last_attempt=-1 sec ago blacklist=0
02-03 12:49:30.591 D/wpa_supplicant(14816): WPS: AP[16] 2c:b0:5d:7f:f4:24 type=0 tries=0 last_attempt=-1 sec ago blacklist=0
02-03 12:49:30.591 D/wpa_supplicant(14816): p2p-dev-wlan0: No suitable network found
02-03 12:49:30.591 D/wpa_supplicant(14816): Do not scan on p2p management interface, return
02-03 12:49:30.591 D/wpa_supplicant(14816): wlan0: P2P: Station mode scan operation not pending anymore (sta_scan_pending=0 p2p_cb_on_scan_complete=0)
02-03 12:49:30.591 D/wpa_supplicant(14816): RX ctrl_iface - hexdump(len=25): 42 53 53 20 52 41 4e 47 45 3d 30 2d 20 4d 41 53 4b 3d 30 78 32 31 39 38 37
02-03 12:49:30.591 D/wpa_supplicant(14816): wlan0: Control interface command 'BSS RANGE=0- MASK=0x21987'
02-03 12:49:30.591 D/wpa_supplicant(14816): RTM_NEWLINK: operstate=0 ifi_flags=0x11003 ([UP][LOWER_UP])
02-03 12:49:30.591 D/wpa_supplicant(14816): RTM_NEWLINK, IFLA_IFNAME: Interface 'wlan0' added
02-03 12:49:30.591 I/WifiHW  (14542): REPLY: id=0
02-03 12:49:30.591 I/WifiHW  (14542): REPLY: bssid=6c:8b:2f:e9:d1:da
02-03 12:49:30.591 I/WifiHW  (14542): REPLY: freq=2437
02-03 12:49:30.591 I/WifiHW  (14542): REPLY: level=-27
02-03 12:49:30.591 I/WifiHW  (14542): REPLY: tsf=0000013346820705
02-03 12:49:30.591 D/wpa_supplicant(14816): nl80211: if_removed already cleared - ignore event
02-03 12:49:30.591 I/WifiHW  (14542): REPLY: flags=[WPA2-PSK-CCMP][ESS]
02-03 12:49:30.591 I/WifiHW  (14542): REPLY: ssid=ZTE_AP_1640
02-03 12:49:30.591 I/WifiHW  (14542): REPLY: ====
02-03 12:49:30.591 I/WifiHW  (14542): REPLY: id=1
02-03 12:49:30.591 I/WifiHW  (14542): REPLY: bssid=f8:d1:11:e7:99:e8
02-03 12:49:30.591 I/WifiHW  (14542): REPLY: freq=2437
02-03 12:49:30.591 I/WifiHW  (14542): REPLY: level=-47
02-03 12:49:30.591 I/WifiHW  (14542): REPLY: tsf=0000013346820703
02-03 12:49:30.591 I/WifiHW  (14542): REPLY: flags=[WPA-PSK-CCMP][WPA2-PSK-CCMP][WPS][ESS]
02-03 12:49:30.591 I/WifiHW  (14542): REPLY: ssid=videotest
02-03 12:49:30.591 I/WifiHW  (14542): REPLY: ====
02-03 12:49:30.591 I/WifiHW  (14542): REPLY: id=2
02-03 12:49:30.591 I/WifiHW  (14542): REPLY: bssid=44:94:fc:3d:da:38
02-03 12:49:30.591 I/WifiHW  (14542): REPLY: freq=2462
02-03 12:49:30.591 I/WifiHW  (14542): REPLY: level=-55
02-03 12:49:30.591 I/WifiHW  (14542): REPLY: tsf=0000013346820735
02-03 12:49:30.591 I/WifiHW  (14542): REPLY: flags=[WPA2-PSK-CCMP][WPS][ESS]
02-03 12:49:30.591 I/WifiHW  (14542): REPLY: ssid=6300
02-03 12:49:30.591 I/WifiHW  (14542): REPLY: ====
02-03 12:49:30.591 I/WifiHW  (14542): REPLY: id=3
02-03 12:49:30.591 I/WifiHW  (14542): REPLY: bssid=cc:34:29:2b:26:4c
02-03 12:49:30.591 I/WifiHW  (14542): REPLY: freq=2462
02-03 12:49:30.591 I/WifiHW  (14542): REPLY: level=-57
02-03 12:49:30.591 I/WifiHW  (14542): REPLY: tsf=0000013346820746
02-03 12:49:30.591 I/WifiHW  (14542): REPLY: flags=[WPA2-PSK-CCMP][WPS][ESS]
02-03 12:49:30.591 I/WifiHW  (14542): REPLY: ssid=cws-test
02-03 12:49:30.591 I/WifiHW  (14542): REPLY: ====
02-03 12:49:30.591 I/WifiHW  (14542): REPLY: id=4
02-03 12:49:30.591 I/WifiHW  (14542): REPLY: bssid=02:1a:11:f2:bf:af
02-03 12:49:30.591 I/WifiHW  (14542): REPLY: freq=2437
02-03 12:49:30.591 I/WifiHW  (14542): REPLY: level=-52
02-03 12:49:30.591 I/WifiHW  (14542): REPLY: tsf=0000013346820698
02-03 12:49:30.591 I/WifiHW  (14542): REPLY: flags=[WPA2-PSK-CCMP][ESS]
02-03 12:49:30.591 I/WifiHW  (14542): REPLY: ssid=Android
02-03 12:49:30.591 I/WifiHW  (14542): REPLY: ====
02-03 12:49:30.591 I/WifiHW  (14542): REPLY: id=5
02-03 12:49:30.591 I/WifiHW  (14542): REPLY: bssid=10:c3:7b:d2:e5:e0
02-03 12:49:30.591 I/WifiHW  (14542): REPLY: freq=2462
02-03 12:49:30.591 I/WifiHW  (14542): REPLY: level=-60
02-03 12:49:30.591 I/WifiHW  (14542): REPLY: tsf=0000013346820737
02-03 12:49:30.591 I/WifiHW  (14542): REPLY: flags=[WPA2-PSK-CCMP][WPS][ESS]
02-03 12:49:30.591 I/WifiHW  (14542): REPLY: ssid=ASUS_RT-AC66U-2.4G
02-03 12:49:30.591 I/WifiHW  (14542): REPLY: ====
02-03 12:49:30.591 I/WifiHW  (14542): REPLY: id=6
02-03 12:49:30.591 I/WifiHW  (14542): REPLY: bssid=90:94:e4:03:45:f5
02-03 12:49:30.591 I/WifiHW  (14542): REPLY: freq=2422
02-03 12:49:30.591 I/WifiHW  (14542): REPLY: level=-60
02-03 12:49:30.591 I/WifiHW  (14542): REPLY: tsf=0000013346820686
02-03 12:49:30.591 I/WifiHW  (14542): REPLY: flags=[WPA2-PSK-CCMP+TKIP][ESS]
02-03 12:49:30.591 I/WifiHW  (14542): REPLY: ssid=2553q
02-03 12:49:30.591 I/WifiHW  (14542): REPLY: ====
02-03 12:49:30.591 I/WifiHW  (14542): REPLY: id=7
02-03 12:49:30.591 I/WifiHW  (14542): REPLY: bssid=cc:34:29:2c:fb:ec
02-03 12:49:30.591 I/WifiHW  (14542): REPLY: freq=2412
02-03 12:49:30.591 I/WifiHW  (14542): REPLY: level=-66
02-03 12:49:30.591 I/WifiHW  (14542): REPLY: tsf=0000013346820689
02-03 12:49:30.591 I/WifiHW  (14542): REPLY: flags=[WPA-PSK-CCMP][WPA2-PSK-CCMP][WPS][ESS]
02-03 12:49:30.591 I/WifiHW  (14542): REPLY: ssid=linksys
02-03 12:49:30.591 I/WifiHW  (14542): REPLY: ====
02-03 12:49:30.591 I/WifiHW  (14542): REPLY: id=8
02-03 12:49:30.591 I/WifiHW  (14542): REPLY: bssid=98:fc:11:81:35:fb
02-03 12:49:30.591 I/WifiHW  (14542): REPLY: freq=2412
02-03 12:49:30.591 I/WifiHW  (14542): REPLY: level=-75
02-03 12:49:30.591 I/WifiHW  (14542): REPLY: tsf=0000013346820696
02-03 12:49:30.591 I/WifiHW  (14542): REPLY: flags=[WPA2-PSK-CCMP][WPS][ESS]
02-03 12:49:30.591 I/WifiHW  (14542): REPLY: ssid=E2000E
02-03 12:49:30.591 I/WifiHW  (14542): REPLY: ====
02-03 12:49:30.591 I/WifiHW  (14542): REPLY: id=9
02-03 12:49:30.591 I/WifiHW  (14542): REPLY: bssid=b0:48:7a:20:66:6a
02-03 12:49:30.591 I/WifiHW  (14542): REPLY: freq=2462
02-03 12:49:30.591 I/WifiHW  (14542): REPLY: level=-65
02-03 12:49:30.591 I/WifiHW  (14542): REPLY: tsf=0000013346820750
02-03 12:49:30.591 I/WifiHW  (14542): REPLY: flags=[WPA-PSK-CCMP][WPA2-PSK-CCMP][WPS][ESS]
02-03 12:49:30.591 I/WifiHW  (14542): REPLY: ssid=TP-LINK_20666A
02-03 12:49:30.591 I/WifiHW  (14542): REPLY: ====
02-03 12:49:30.591 I/WifiHW  (14542): REPLY: id=12
02-03 12:49:30.591 I/WifiHW  (14542): REPLY: bssid=00:0f:e2:0f:9f:c1
02-03 12:49:30.591 I/WifiHW  (14542): REPLY: freq=2462
02-03 12:49:30.591 I/WifiHW  (14542): REPLY: level=-69
02-03 12:49:30.591 I/WifiHW  (14542): REPLY: tsf=0000013346820753
02-03 12:49:30.591 I/WifiHW  (14542): REPLY: flags=[WPA-PSK-CCMP+TKIP][WPA2-PSK-CCMP+TKIP][ESS]
02-03 12:49:30.591 I/WifiHW  (14542): REPLY: ssid=321_WAN
02-03 12:49:30.591 I/WifiHW  (14542): REPLY: ====
02-03 12:49:30.591 I/WifiHW  (14542): REPLY: id=28
02-03 12:49:30.591 I/WifiHW  (14542): REPLY: bssid=e4:d3:32:36:2e:54
02-03 12:49:30.591 I/WifiHW  (14542): REPLY: freq=2412
02-03 12:49:30.591 I/WifiHW  (14542): REPLY: level=-70
02-03 12:49:30.591 I/WifiHW  (14542): REPLY: tsf=0000013346820679
02-03 12:49:30.591 I/WifiHW  (14542): REPLY: flags=[WPS][ESS]
02-03 12:49:30.591 I/WifiHW  (14542): REPLY: ssid=MERCURY_362E54
02-03 12:49:30.591 I/WifiHW  (14542): REPLY: ====
02-03 12:49:30.591 I/WifiHW  (14542): REPLY: id=59
02-03 12:49:30.591 I/WifiHW  (14542): REPLY: bssid=c8:d7:19:60:62:f2
02-03 12:49:30.591 I/WifiHW  (14542): REPLY: freq=2462
02-03 12:49:30.591 I/WifiHW  (14542): REPLY: level=-55
02-03 12:49:30.591 I/WifiHW  (14542): REPLY: tsf=0000013346820748
02-03 12:49:30.591 I/WifiHW  (14542): REPLY: flags=[WPA2-PSK-CCMP][WPS][ESS]
02-03 12:49:30.591 I/WifiHW  (14542): REPLY: ssid=E3000-2.4G
02-03 12:49:30.591 I/WifiHW  (14542): REPLY: ====
02-03 12:49:30.591 I/WifiHW  (14542): REPLY: id=61
02-03 12:49:30.591 I/WifiHW  (14542): REPLY: bssid=50:bd:5f:4b:29:92
02-03 12:49:30.591 I/WifiHW  (14542): REPLY: freq=2437
02-03 12:49:30.591 I/WifiHW  (14542): REPLY: level=-71
02-03 12:49:30.591 I/WifiHW  (14542): REPLY: tsf=0000013346820718
02-03 12:49:30.591 I/WifiHW  (14542): REPLY: flags=[ESS]
02-03 12:49:30.591 I/WifiHW  (14542): REPLY: ssid=Internet-2
02-03 12:49:30.591 I/WifiHW  (14542): REPLY: ====
02-03 12:49:30.591 I/WifiHW  (14542): REPLY: id=64
02-03 12:49:30.591 I/WifiHW  (14542): REPLY: bssid=02:1a:11:fc:c3:59
02-03 12:49:30.591 I/WifiHW  (14542): REPLY: freq=2437
02-03 12:49:30.591 I/WifiHW  (14542): REPLY: level=-72
02-03 12:49:30.591 I/WifiHW  (14542): REPLY: tsf=0000013346820713
02-03 12:49:30.591 I/WifiHW  (14542): REPLY: flags=[WPA2-PSK-CCMP][ESS]
02-03 12:49:30.591 I/WifiHW  (14542): REPLY: ssid=test only
02-03 12:49:30.591 I/WifiHW  (14542): REPLY: ====
02-03 12:49:30.591 I/WifiHW  (14542): REPLY: id=67
02-03 12:49:30.591 I/WifiHW  (14542): REPLY: bssid=00:1e:67:80:ac:37
02-03 12:49:30.591 I/WifiHW  (14542): REPLY: freq=2437
02-03 12:49:30.591 I/WifiHW  (14542): REPLY: level=-69
02-03 12:49:30.591 I/WifiHW  (14542): REPLY: tsf=0000013346820715
02-03 12:49:30.591 I/WifiHW  (14542): REPLY: flags=[WPA2-PSK-CCMP][ESS]
02-03 12:49:30.591 I/WifiHW  (14542): REPLY: ssid=AndroidAP aaa
02-03 12:49:30.591 I/WifiHW  (14542): REPLY: ====
02-03 12:49:30.591 I/WifiHW  (14542): REPLY: id=74
02-03 12:49:30.591 I/WifiHW  (14542): REPLY: bssid=4c:e6:76:a5:4d:e2
02-03 12:49:30.591 I/WifiHW  (14542): REPLY: freq=2462
02-03 12:49:30.591 I/WifiHW  (14542): REPLY: level=-76
02-03 12:49:30.591 I/WifiHW  (14542): REPLY: tsf=0000013305631960
02-03 12:49:30.591 I/WifiHW  (14542): REPLY: flags=[ESS]
02-03 12:49:30.591 I/WifiHW  (14542): REPLY: ssid=BUFFALO-A54DE0
02-03 12:49:30.591 I/WifiHW  (14542): REPLY: ====
02-03 12:49:30.591 I/WifiHW  (14542): REPLY: id=83
02-03 12:49:30.591 I/WifiHW  (14542): REPLY: bssid=c0:a0:bb:20:3b:84
02-03 12:49:30.591 I/WifiHW  (14542): REPLY: freq=2417
02-03 12:49:30.591 I/WifiHW  (14542): REPLY: level=-73
02-03 12:49:30.591 I/WifiHW  (14542): REPLY: tsf=0000013346820694
02-03 12:49:30.591 I/WifiHW  (14542): REPLY: flags=[WPA-PSK-CCMP+TKIP][WPA2-PSK-CCMP+TKIP][WPS][ESS]
02-03 12:49:30.591 I/WifiHW  (14542): REPLY: ssid=dlink-3B84
02-03 12:49:30.591 I/WifiHW  (14542): REPLY: ====
02-03 12:49:30.591 I/WifiHW  (14542): REPLY: id=88
02-03 12:49:30.591 I/WifiHW  (14542): REPLY: bssid=02:1a:11:f6:67:da
02-03 12:49:30.591 I/WifiHW  (14542): REPLY: freq=2437
02-03 12:49:30.591 I/WifiHW  (14542): REPLY: level=-70
02-03 12:49:30.591 I/WifiHW  (14542): REPLY: tsf=0000013346820708
02-03 12:49:30.591 I/WifiHW  (14542): REPLY: flags=[WPA2-PSK-CCMP][ESS]
02-03 12:49:30.591 I/WifiHW  (14542): REPLY: ssid=love U forever
02-03 12:49:30.591 I/WifiHW  (14542): REPLY: ====
02-03 12:49:30.591 I/WifiHW  (14542): REPLY: id=91
02-03 12:49:30.591 I/WifiHW  (14542): REPLY: bssid=c0:c1:c0:76:81:3c
02-03 12:49:30.591 I/WifiHW  (14542): REPLY: freq=2437
02-03 12:49:30.591 I/WifiHW  (14542): REPLY: level=-61
02-03 12:49:30.591 I/WifiHW  (14542): REPLY: tsf=0000013346820710
02-03 12:49:30.591 I/WifiHW  (14542): REPLY: flags=[WPA2-PSK-CCMP][WPS][ESS]
02-03 12:49:30.591 I/WifiHW  (14542): REPLY: ssid=E2000
02-03 12:49:30.591 I/WifiHW  (14542): REPLY: ====
02-03 12:49:30.591 I/WifiHW  (14542): REPLY: id=94
02-03 12:49:30.591 I/WifiHW  (14542): REPLY: bssid=14:d6:4d:28:ef:c8
02-03 12:49:30.591 I/WifiHW  (14542): REPLY: freq=2437
02-03 12:49:30.591 I/WifiHW  (14542): REPLY: level=-69
02-03 12:49:30.591 I/WifiHW  (14542): REPLY: tsf=0000013346820721
02-03 12:49:30.591 I/WifiHW  (14542): REPLY: flags=[WPA2-PSK-CCMP][WPS][ESS]
02-03 12:49:30.591 I/WifiHW  (14542): REPLY: ssid=dlink
02-03 12:49:30.591 I/WifiHW  (14542): REPLY: ====
02-03 12:49:30.591 I/WifiHW  (14542): REPLY: id=99
02-03 12:49:30.591 I/WifiHW  (14542): REPLY: bssid=22:48:9a:ac:31:7f
02-03 12:49:30.591 I/WifiHW  (14542): REPLY: freq=2437
02-03 12:49:30.591 I/WifiHW  (14542): REPLY: level=-74
02-03 12:49:30.591 I/WifiHW  (14542): REPLY: tsf=0000013346820727
02-03 12:49:30.591 I/WifiHW  (14542): REPLY: flags=[WPA2-PSK-CCMP][ESS]
02-03 12:49:30.591 I/WifiHW  (14542): REPLY: ssid=WiFi874
02-03 12:49:30.591 I/WifiHW  (14542): REPLY: ====
02-03 12:49:30.591 I/WifiHW  (14542): REPLY: id=100
02-03 12:49:30.591 I/WifiHW  (14542): REPLY: bssid=cc:b2:55:e2:84:70
02-03 12:49:30.591 I/WifiHW  (14542): REPLY: freq=2447
02-03 12:49:30.591 I/WifiHW  (14542): REPLY: level=-70
02-03 12:49:30.591 I/WifiHW  (14542): REPLY: tsf=0000013346820732
02-03 12:49:30.591 I/WifiHW  (14542): REPLY: flags=[WPA-PSK-TKIP][WPA2-PSK-TKIP][ESS]
02-03 12:49:30.591 I/WifiHW  (14542): REPLY: ssid=DLINK_APK
02-03 12:49:30.591 I/WifiHW  (14542): REPLY: ====
02-03 12:49:30.591 I/WifiHW  (14542): REPLY: id=101
02-03 12:49:30.591 I/WifiHW  (14542): REPLY: bssid=bc:ee:7b:97:78:35
02-03 12:49:30.591 I/WifiHW  (14542): REPLY: freq=2462
02-03 12:49:30.591 I/WifiHW  (14542): REPLY: level=-66
02-03 12:49:30.591 I/WifiHW  (14542): REPLY: tsf=0000013346820743
02-03 12:49:30.591 I/WifiHW  (14542): REPLY: flags=[WPA2-PSK-CCMP][WPS][ESS]
02-03 12:49:30.591 I/WifiHW  (14542): REPLY: ssid=ASUS
02-03 12:49:30.591 I/WifiHW  (14542): REPLY: ====
02-03 12:49:30.591 I/WifiHW  (14542): REPLY: id=107
02-03 12:49:30.591 I/WifiHW  (14542): REPLY: bssid=e4:d3:32:c0:cf:a4
02-03 12:49:30.591 I/WifiHW  (14542): REPLY: freq=2437
02-03 12:49:30.591 I/WifiHW  (14542): REPLY: level=-78
02-03 12:49:30.591 I/WifiHW  (14542): REPLY: tsf=0000013305631942
02-03 12:49:30.591 I/WifiHW  (14542): REPLY: flags=[WPA2-PSK-CCMP][ESS]
02-03 12:49:30.591 I/WifiHW  (14542): REPLY: ssid=fast
02-03 12:49:30.591 I/WifiHW  (14542): REPLY: ====
02-03 12:49:30.591 I/WifiHW  (14542): REPLY: id=108
02-03 12:49:30.591 I/WifiHW  (14542): REPLY: bssid=e4:d3:32:dd:18:62
02-03 12:49:30.591 I/WifiHW  (14542): REPLY: freq=2437
02-03 12:49:30.591 I/WifiHW  (14542): REPLY: level=-76
02-03 12:49:30.591 I/WifiHW  (14542): REPLY: tsf=0000013346820723
02-03 12:49:30.591 I/WifiHW  (14542): REPLY: flags=[ESS]
02-03 12:49:30.591 I/WifiHW  (14542): REPLY: ssid=Internet
02-03 12:49:30.591 I/WifiHW  (14542): REPLY: ====
02-03 12:49:30.591 I/WifiHW  (14542): REPLY: id=109
02-03 12:49:30.591 I/WifiHW  (14542): REPLY: bssid=74:e5:43:24:f4:5b
02-03 12:49:30.591 I/WifiHW  (14542): REPLY: freq=2412
02-03 12:49:30.591 I/WifiHW  (14542): REPLY: level=-74
02-03 12:49:30.591 I/WifiHW  (14542): REPLY: tsf=0000013305631912
02-03 12:49:30.591 I/WifiHW  (14542): REPLY: flags=[WPA2-PSK-CCMP][ESS]
02-03 12:49:30.591 I/WifiHW  (14542): REPLY: ssid=Dttest
02-03 12:49:30.591 I/WifiHW  (14542): REPLY: ====
02-03 12:49:30.591 I/WifiHW  (14542): REPLY: id=110
02-03 12:49:30.591 I/WifiHW  (14542): REPLY: bssid=00:36:76:07:69:a2
02-03 12:49:30.591 I/WifiHW  (14542): REPLY: freq=2412
02-03 12:49:30.591 I/WifiHW  (14542): REPLY: level=-84
02-03 12:49:30.591 I/WifiHW  (14542): REPLY: tsf=0000013305631919
02-03 12:49:30.591 I/WifiHW  (14542): REPLY: flags=[WPA-PSK-CCMP][WPA2-PSK-CCMP][ESS]
02-03 12:49:30.591 I/WifiHW  (14542): REPLY: ssid=dagewifi
02-03 12:49:30.591 I/WifiHW  (14542): REPLY: ====
02-03 12:49:30.591 I/WifiHW  (14542): REPLY: id=111
02-03 12:49:30.591 I/WifiHW  (14542): REPLY: bssid=4c:e6:76:a5:4d:e0
02-03 12:49:30.591 I/WifiHW  (14542): REPLY: freq=2462
02-03 12:49:30.591 I/WifiHW  (14542): REPLY: level=-76
02-03 12:49:30.591 I/WifiHW  (14542): REPLY: tsf=0000013305631968
02-03 12:49:30.591 I/WifiHW  (14542): REPLY: flags=[WPS][ESS]
02-03 12:49:30.591 I/WifiHW  (14542): REPLY: ssid=BUFFALO-A54DE0-1
02-03 12:49:30.591 I/WifiHW  (14542): REPLY: ====
02-03 12:49:30.591 I/WifiHW  (14542): REPLY: id=112
02-03 12:49:30.591 I/WifiHW  (14542): REPLY: bssid=b0:48:7a:51:ff:cc
02-03 12:49:30.591 I/WifiHW  (14542): REPLY: freq=2427
02-03 12:49:30.591 I/WifiHW  (14542): REPLY: level=-69
02-03 12:49:30.591 I/WifiHW  (14542): REPLY: tsf=0000013346820701
02-03 12:49:30.591 I/WifiHW  (14542): REPLY: flags=[WPA-PSK-CCMP][WPA2-PSK-CCMP][WPS][ESS]
02-03 12:49:30.591 I/WifiHW  (14542): REPLY: ssid=Neusoft TP
02-03 12:49:30.591 I/WifiHW  (14542): REPLY: ====
02-03 12:49:30.591 I/WifiHW  (14542): REPLY: id=113
02-03 12:49:30.591 I/WifiHW  (14542): REPLY: bssid=8c:be:be:01:00:49
02-03 12:49:30.591 I/WifiHW  (14542): REPLY: freq=2412
02-03 12:49:30.591 I/WifiHW  (14542): REPLY: level=-77
02-03 12:49:30.591 I/WifiHW  (14542): REPLY: tsf=0000013346820691
02-03 12:49:30.591 I/WifiHW  (14542): REPLY: flags=[WPA2-PSK-CCMP][ESS]
02-03 12:49:30.591 I/WifiHW  (14542): REPLY: ssid=xmw
02-03 12:49:30.591 I/WifiHW  (14542): REPLY: ====
02-03 12:49:30.591 I/WifiHW  (14542): REPLY: id=114
02-03 12:49:30.591 I/WifiHW  (14542): REPLY: bssid=f4:b7:e2:2b:41:b7
02-03 12:49:30.591 I/WifiHW  (14542): REPLY: freq=2437
02-03 12:49:30.591 I/WifiHW  (14542): REPLY: level=-78
02-03 12:49:30.591 I/WifiHW  (14542): REPLY: tsf=0000013346820730
02-03 12:49:30.591 I/WifiHW  (14542): REPLY: flags=[WPA2-PSK-CCMP][ESS]
02-03 12:49:30.591 I/WifiHW  (14542): REPLY: ssid=cmscc
02-03 12:49:30.591 I/WifiHW  (14542): REPLY: ====
02-03 12:49:30.591 I/WifiHW  (14542): REPLY: id=115
02-03 12:49:30.591 I/WifiHW  (14542): REPLY: bssid=80:1f:02:43:fb:e8
02-03 12:49:30.591 I/WifiHW  (14542): REPLY: freq=2412
02-03 12:49:30.591 I/WifiHW  (14542): REPLY: level=-78
02-03 12:49:30.591 I/WifiHW  (14542): REPLY: tsf=0000013346820681
02-03 12:49:30.591 I/WifiHW  (14542): REPLY: flags=[WPA2-PSK-CCMP-preauth][ESS]
02-03 12:49:30.591 I/WifiHW  (14542): REPLY: ssid=Edimax AP
02-03 12:49:30.591 I/WifiHW  (14542): REPLY: ====
02-03 12:49:30.591 I/WifiHW  (14542): REPLY: id=116
02-03 12:49:30.591 I/WifiHW  (14542): REPLY: bssid=ac:f1:df:cf:85:c0
02-03 12:49:30.591 I/WifiHW  (14542): REPLY: freq=2462
02-03 12:49:30.591 I/WifiHW  (14542): REPLY: level=-86
02-03 12:49:30.591 I/WifiHW  (14542): REPLY: tsf=0000013346820740
02-03 12:49:30.591 I/WifiHW  (14542): REPLY: flags=[WPA-PSK-CCMP+TKIP][WPA2-PSK-CCMP+TKIP][WPS][ESS]
02-03 12:49:30.591 I/WifiHW  (14542): REPLY: ssid=Jiangnan
02-03 12:49:30.591 I/WifiHW  (14542): REPLY: ####
02-03 12:49:30.611 D/dalvikvm(15954): GC_FOR_ALLOC freed 3523K, 45% free 9727K/17496K, paused 18ms, total 26ms
02-03 12:49:30.631 D/dalvikvm(15954): GC_FOR_ALLOC freed 4374K, 48% free 9254K/17496K, paused 7ms, total 8ms
02-03 12:49:30.631 D/dalvikvm(15954): GC_CONCURRENT freed 3880K, 47% free 9420K/17496K, paused 0ms+1ms, total 5ms
02-03 12:49:30.641 D/AndroidRuntime(20237): 
02-03 12:49:30.641 D/AndroidRuntime(20237): >>>>>> AndroidRuntime START com.android.internal.os.RuntimeInit <<<<<<
02-03 12:49:30.641 D/AndroidRuntime(20237): CheckJNI is OFF
02-03 12:49:30.641 I/AndroidRuntime(20237): Kernel Release Version: 3.10.20-g25181e8-dirty
02-03 12:49:30.641 I/dalvikvm(20237): No library specified. The standard exception handler will be used
02-03 12:49:30.641 I/dalvikvm(20237): 
02-03 12:49:30.641 I/dalvikvm(20237): +++++++++++++ Using PCG. +++++++++++++++++++++
02-03 12:49:30.641 D/dalvikvm(15954): GC_FOR_ALLOC freed 3556K, 45% free 9755K/17496K, paused 4ms, total 4ms
02-03 12:49:30.651 D/dalvikvm(15954): GC_FOR_ALLOC freed 4419K, 48% free 9246K/17496K, paused 4ms, total 4ms
02-03 12:49:30.651 D/dalvikvm(20237): Trying to load lib libjavacore.so 0x0
02-03 12:49:30.651 D/dalvikvm(20237): Added shared lib libjavacore.so 0x0
02-03 12:49:30.661 D/dalvikvm(20237): Trying to load lib libnativehelper.so 0x0
02-03 12:49:30.661 D/dalvikvm(20237): Added shared lib libnativehelper.so 0x0
02-03 12:49:30.661 D/dalvikvm(20237): No JNI_OnLoad found in libnativehelper.so 0x0, skipping init
02-03 12:49:30.661 D/dalvikvm(15954): GC_CONCURRENT freed 3923K, 47% free 9413K/17496K, paused 1ms+1ms, total 6ms
02-03 12:49:30.661 D/dalvikvm(15954): WAIT_FOR_CONCURRENT_GC blocked 3ms
02-03 12:49:30.661 D/dalvikvm(20237): Extra Options: not specified
02-03 12:49:30.671 D/dalvikvm(15954): GC_FOR_ALLOC freed 3594K, 45% free 9752K/17496K, paused 5ms, total 5ms
02-03 12:49:30.671 D/dalvikvm(15954): GC_FOR_ALLOC freed 4463K, 48% free 9237K/17496K, paused 4ms, total 4ms
02-03 12:49:30.681 D/dalvikvm(20237): Note: class Landroid/app/ActivityManagerNative; has 186 unimplemented (abstract) methods
02-03 12:49:30.681 D/dalvikvm(15954): GC_FOR_ALLOC freed 3616K, 48% free 9234K/17496K, paused 4ms, total 4ms
02-03 12:49:30.691 D/dalvikvm(15954): GC_CONCURRENT freed 3661K, 46% free 9575K/17496K, paused 1ms+1ms, total 5ms
02-03 12:49:30.701 D/dalvikvm(15954): GC_FOR_ALLOC freed 3823K, 47% free 9424K/17496K, paused 7ms, total 7ms
02-03 12:49:30.711 D/dalvikvm(15954): GC_FOR_ALLOC freed 3458K, 48% free 9253K/17496K, paused 4ms, total 4ms
02-03 12:49:30.721 D/dalvikvm(15954): GC_FOR_ALLOC freed 3946K, 52% free 8413K/17496K, paused 4ms, total 4ms
02-03 12:49:30.751 D/dalvikvm(15954): GC_CONCURRENT freed 3335K, 48% free 9142K/17496K, paused 2ms+1ms, total 5ms
02-03 12:49:30.781 E/memtrack(20237): Couldn't load memtrack module (No such file or directory)
02-03 12:49:30.781 E/android.os.Debug(20237): failed to load memtrack module: -2
02-03 12:49:30.811 D/dalvikvm(15954): GC_FOR_ALLOC freed 4277K, 49% free 8934K/17496K, paused 5ms, total 5ms
02-03 12:49:30.821 D/dalvikvm(15954): GC_FOR_ALLOC freed 4089K, 49% free 8935K/17496K, paused 4ms, total 4ms
02-03 12:49:30.821 D/dalvikvm(15954): GC_CONCURRENT freed 3940K, 49% free 9090K/17496K, paused 0ms+1ms, total 5ms
02-03 12:49:30.821 D/dalvikvm(15954): WAIT_FOR_CONCURRENT_GC blocked 3ms
02-03 12:49:30.831 D/dalvikvm(15954): GC_FOR_ALLOC freed 4206K, 49% free 8949K/17496K, paused 5ms, total 5ms
02-03 12:49:30.831 D/AndroidRuntime(20237): Calling main entry com.android.commands.am.Am
02-03 12:49:30.851 D/dalvikvm(15954): GC_FOR_ALLOC freed 4031K, 49% free 8944K/17496K, paused 7ms, total 8ms
02-03 12:49:30.851 D/dalvikvm(15954): GC_FOR_ALLOC freed 4060K, 49% free 8973K/17496K, paused 5ms, total 5ms
02-03 12:49:30.861 D/dalvikvm(15954): GC_CONCURRENT freed 1888K, 49% free 9070K/17496K, paused 1ms+1ms, total 5ms
02-03 12:49:30.861 I/ActivityManager(14542): START u0 {flg=0x10000000 cmp=org.xwalk.webapi_service_tests/.webapi_service_testsActivity} from pid 20237
02-03 12:49:30.871 D/AndroidRuntime(20237): Shutting down VM
02-03 12:49:30.871 D/dalvikvm(20237): GC_CONCURRENT freed 116K, 16% free 702K/832K, paused 0ms+0ms, total 1ms
02-03 12:49:30.871 D/dalvikvm(20237): Compiler shutdown in progress - discarding request
02-03 12:49:30.871 D/dalvikvm(20237): Compiler shutdown in progress - discarding request
02-03 12:49:30.871 D/dalvikvm(20237): Compiler shutdown in progress - discarding request
02-03 12:49:30.871 D/dalvikvm(20237): Compiler shutdown in progress - discarding request
02-03 12:49:30.871 D/dalvikvm(20237): Compiler shutdown in progress - discarding request
02-03 12:49:30.871 D/dalvikvm(20237): Compiler shutdown in progress - discarding request
02-03 12:49:30.871 D/dalvikvm(20237): Compiler shutdown in progress - discarding request
02-03 12:49:30.871 D/dalvikvm(20237): Compiler shutdown in progress - discarding request
02-03 12:49:30.871 D/dalvikvm(20237): Compiler shutdown in progress - discarding request
02-03 12:49:30.871 D/dalvikvm(20237): Compiler shutdown in progress - discarding request
02-03 12:49:30.871 D/dalvikvm(20237): Compiler shutdown in progress - discarding request
02-03 12:49:30.871 D/dalvikvm(20237): Compiler shutdown in progress - discarding request
02-03 12:49:30.871 D/dalvikvm(20237): Compiler shutdown in progress - discarding request
02-03 12:49:30.871 D/dalvikvm(20237): Compiler shutdown in progress - discarding request
02-03 12:49:30.871 D/dalvikvm(20237): Compiler shutdown in progress - discarding request
02-03 12:49:30.871 D/dalvikvm(20237): Compiler shutdown in progress - discarding request
02-03 12:49:30.871 D/dalvikvm(20237): Compiler shutdown in progress - discarding request
02-03 12:49:30.871 D/dalvikvm(20237): Compiler shutdown in progress - discarding request
02-03 12:49:30.871 D/dalvikvm(20237): Compiler shutdown in progress - discarding request
02-03 12:49:30.871 D/dalvikvm(20237): Compiler shutdown in progress - discarding request
02-03 12:49:30.871 D/dalvikvm(20237): Compiler shutdown in progress - discarding request
02-03 12:49:30.871 D/dalvikvm(20237): Compiler shutdown in progress - discarding request
02-03 12:49:30.871 D/dalvikvm(20237): Compiler shutdown in progress - discarding request
02-03 12:49:30.871 D/dalvikvm(20237): Compiler shutdown in progress - discarding request
02-03 12:49:30.871 D/dalvikvm(20237): Compiler shutdown in progress - discarding request
02-03 12:49:30.871 D/dalvikvm(20237): Compiler shutdown in progress - discarding request
02-03 12:49:30.871 D/dalvikvm(20237): Compiler shutdown in progress - discarding request
02-03 12:49:30.871 D/dalvikvm(20237): Compiler shutdown in progress - discarding request
02-03 12:49:30.871 D/dalvikvm(20237): Compiler shutdown in progress - discarding request
02-03 12:49:30.871 D/dalvikvm(20237): Compiler shutdown in progress - discarding request
02-03 12:49:30.871 D/dalvikvm(20237): Compiler shutdown in progress - discarding request
02-03 12:49:30.871 D/dalvikvm(20237): Compiler shutdown in progress - discarding request
02-03 12:49:30.871 D/dalvikvm(20237): Compiler shutdown in progress - discarding request
02-03 12:49:30.871 D/dalvikvm(20237): Compiler shutdown in progress - discarding request
02-03 12:49:30.871 D/dalvikvm(20237): Compiler shutdown in progress - discarding request
02-03 12:49:30.871 D/dalvikvm(20237): Compiler shutdown in progress - discarding request
02-03 12:49:30.871 D/dalvikvm(20237): Compiler shutdown in progress - discarding request
02-03 12:49:30.871 D/dalvikvm(20237): Compiler shutdown in progress - discarding request
02-03 12:49:30.871 D/dalvikvm(20237): Compiler shutdown in progress - discarding request
02-03 12:49:30.871 D/dalvikvm(20237): Compiler shutdown in progress - discarding request
02-03 12:49:30.871 D/dalvikvm(20237): Compiler shutdown in progress - discarding request
02-03 12:49:30.871 D/dalvikvm(20237): Compiler shutdown in progress - discarding request
02-03 12:49:30.871 D/dalvikvm(15954): GC_CONCURRENT freed 4100K, 49% free 9004K/17496K, paused 1ms+1ms, total 6ms
02-03 12:49:30.871 D/dalvikvm(20237): Compiler shutdown in progress - discarding request
02-03 12:49:30.871 D/dalvikvm(15954): WAIT_FOR_CONCURRENT_GC blocked 1ms
02-03 12:49:30.871 D/dalvikvm(20237): Compiler shutdown in progress - discarding request
02-03 12:49:30.871 D/dalvikvm(20237): Compiler shutdown in progress - discarding request
02-03 12:49:30.881 D/dalvikvm(15954): GC_CONCURRENT freed 3985K, 49% free 9041K/17496K, paused 1ms+1ms, total 5ms
02-03 12:49:30.881 D/dalvikvm(15954): WAIT_FOR_CONCURRENT_GC blocked 4ms
02-03 12:49:30.891 D/dalvikvm(15954): GC_CONCURRENT freed 3991K, 48% free 9113K/17496K, paused 1ms+1ms, total 5ms
02-03 12:49:30.891 D/dalvikvm(15954): WAIT_FOR_CONCURRENT_GC blocked 4ms
02-03 12:49:30.901 D/dalvikvm(15954): GC_FOR_ALLOC freed 4051K, 48% free 9116K/17496K, paused 5ms, total 5ms
02-03 12:49:30.901 D/dalvikvm(15954): GC_CONCURRENT freed 3878K, 47% free 9282K/17496K, paused 1ms+1ms, total 6ms
02-03 12:49:30.901 D/dalvikvm(15954): WAIT_FOR_CONCURRENT_GC blocked 1ms
02-03 12:49:30.911 D/dalvikvm(15954): GC_CONCURRENT freed 4200K, 48% free 9120K/17496K, paused 1ms+1ms, total 5ms
02-03 12:49:30.911 D/dalvikvm(15954): WAIT_FOR_CONCURRENT_GC blocked 4ms
02-03 12:49:30.921 D/dalvikvm(15954): GC_FOR_ALLOC freed 3968K, 48% free 9153K/17496K, paused 4ms, total 4ms
02-03 12:49:30.921 D/dalvikvm(15954): GC_CONCURRENT freed 3878K, 47% free 9294K/17496K, paused 0ms+1ms, total 5ms
02-03 12:49:30.921 D/dalvikvm(15954): WAIT_FOR_CONCURRENT_GC blocked 2ms
02-03 12:49:30.931 D/dalvikvm(15954): GC_FOR_ALLOC freed 4148K, 48% free 9154K/17496K, paused 5ms, total 5ms
02-03 12:49:30.941 D/dalvikvm(15954): GC_CONCURRENT freed 3778K, 47% free 9410K/17496K, paused 0ms+1ms, total 5ms
02-03 12:49:30.941 D/dalvikvm(15954): WAIT_FOR_CONCURRENT_GC blocked 2ms
02-03 12:49:30.941 D/dalvikvm(15954): GC_FOR_ALLOC freed 4417K, 49% free 9077K/17496K, paused 4ms, total 4ms
02-03 12:49:30.951 D/dalvikvm(15954): GC_CONCURRENT freed 3344K, 45% free 9735K/17496K, paused 1ms+1ms, total 6ms
02-03 12:49:30.951 D/dalvikvm(15954): WAIT_FOR_CONCURRENT_GC blocked 2ms
02-03 12:49:30.961 D/dalvikvm(15954): GC_FOR_ALLOC freed 4539K, 48% free 9193K/17496K, paused 5ms, total 5ms
02-03 12:49:30.961 D/dalvikvm(15954): GC_CONCURRENT freed 3696K, 46% free 9481K/17496K, paused 0ms+0ms, total 6ms
02-03 12:49:30.961 D/dalvikvm(15954): WAIT_FOR_CONCURRENT_GC blocked 2ms
02-03 12:49:30.971 D/dalvikvm(15954): GC_CONCURRENT freed 4359K, 48% free 9144K/17496K, paused 0ms+0ms, total 5ms
02-03 12:49:30.971 D/dalvikvm(15954): WAIT_FOR_CONCURRENT_GC blocked 5ms
02-03 12:49:30.981 D/dalvikvm(15954): GC_FOR_ALLOC freed 4115K, 49% free 9083K/17496K, paused 4ms, total 4ms
02-03 12:49:30.981 D/dalvikvm(15954): GC_CONCURRENT freed 3648K, 46% free 9519K/17496K, paused 1ms+1ms, total 5ms
02-03 12:49:30.991 D/dalvikvm(15954): WAIT_FOR_CONCURRENT_GC blocked 2ms
02-03 12:49:30.991 D/dalvikvm(15954): GC_FOR_ALLOC freed 4351K, 48% free 9212K/17496K, paused 4ms, total 4ms
02-03 12:49:31.001 D/dalvikvm(15954): GC_CONCURRENT freed 3804K, 47% free 9406K/17496K, paused 1ms+0ms, total 6ms
02-03 12:49:31.001 D/dalvikvm(15954): WAIT_FOR_CONCURRENT_GC blocked 2ms
02-03 12:49:31.011 D/dalvikvm(15954): GC_CONCURRENT freed 4261K, 48% free 9187K/17496K, paused 1ms+1ms, total 5ms
02-03 12:49:31.011 D/dalvikvm(15954): WAIT_FOR_CONCURRENT_GC blocked 4ms
02-03 12:49:31.011 D/dalvikvm(15954): GC_FOR_ALLOC freed 4084K, 48% free 9119K/17496K, paused 4ms, total 4ms
02-03 12:49:31.021 D/dalvikvm(15954): GC_CONCURRENT freed 3540K, 46% free 9599K/17496K, paused 0ms+1ms, total 6ms
02-03 12:49:31.021 D/dalvikvm(15954): WAIT_FOR_CONCURRENT_GC blocked 2ms
02-03 12:49:31.031 D/dalvikvm(15954): GC_CONCURRENT freed 4500K, 48% free 9194K/17496K, paused 0ms+1ms, total 5ms
02-03 12:49:31.031 D/dalvikvm(15954): WAIT_FOR_CONCURRENT_GC blocked 5ms
02-03 12:49:31.041 D/dalvikvm(15954): GC_CONCURRENT freed 4016K, 48% free 9198K/17496K, paused 0ms+1ms, total 4ms
02-03 12:49:31.041 D/dalvikvm(15954): WAIT_FOR_CONCURRENT_GC blocked 5ms
02-03 12:49:31.041 D/dalvikvm(15954): GC_CONCURRENT freed 4082K, 48% free 9203K/17496K, paused 1ms+1ms, total 5ms
02-03 12:49:31.041 D/dalvikvm(15954): WAIT_FOR_CONCURRENT_GC blocked 4ms
02-03 12:49:31.051 D/dalvikvm(15954): GC_FOR_ALLOC freed 3929K, 47% free 9277K/17496K, paused 4ms, total 4ms
02-03 12:49:31.061 D/dalvikvm(15954): GC_CONCURRENT freed 3471K, 44% free 9873K/17496K, paused 1ms+1ms, total 6ms
02-03 12:49:31.061 D/dalvikvm(15954): WAIT_FOR_CONCURRENT_GC blocked 2ms
02-03 12:49:31.061 D/dalvikvm(15954): GC_FOR_ALLOC freed 4875K, 49% free 9052K/17496K, paused 4ms, total 4ms
02-03 12:49:31.071 D/dalvikvm(15954): GC_FOR_ALLOC freed 3957K, 48% free 9127K/17496K, paused 5ms, total 5ms
02-03 12:49:31.081 D/dalvikvm(15954): GC_CONCURRENT freed 3310K, 44% free 9829K/17496K, paused 1ms+1ms, total 7ms
02-03 12:49:31.081 D/dalvikvm(15954): WAIT_FOR_CONCURRENT_GC blocked 2ms
02-03 12:49:31.091 D/dalvikvm(15954): GC_CONCURRENT freed 4689K, 48% free 9210K/17496K, paused 1ms+1ms, total 5ms
02-03 12:49:31.091 D/dalvikvm(15954): WAIT_FOR_CONCURRENT_GC blocked 4ms
02-03 12:49:31.101 D/dalvikvm(15954): GC_FOR_ALLOC freed 4127K, 49% free 9048K/17496K, paused 5ms, total 5ms
02-03 12:49:31.101 D/dalvikvm(15954): GC_CONCURRENT freed 3852K, 48% free 9247K/17496K, paused 0ms+0ms, total 5ms
02-03 12:49:31.101 D/dalvikvm(15954): WAIT_FOR_CONCURRENT_GC blocked 4ms
02-03 12:49:31.111 D/dalvikvm(15954): GC_CONCURRENT freed 4072K, 48% free 9248K/17496K, paused 1ms+1ms, total 6ms
02-03 12:49:31.111 D/dalvikvm(15954): WAIT_FOR_CONCURRENT_GC blocked 5ms
02-03 12:49:31.121 D/dalvikvm(15954): GC_FOR_ALLOC freed 3872K, 47% free 9331K/17496K, paused 4ms, total 4ms
02-03 12:49:31.131 D/dalvikvm(15954): GC_FOR_ALLOC freed 4175K, 48% free 9162K/17496K, paused 4ms, total 4ms
02-03 12:49:31.131 D/dalvikvm(15954): GC_CONCURRENT freed 3626K, 46% free 9502K/17496K, paused 1ms+1ms, total 7ms
02-03 12:49:31.131 D/dalvikvm(15954): WAIT_FOR_CONCURRENT_GC blocked 2ms
02-03 12:49:31.141 D/dalvikvm(15954): GC_FOR_ALLOC freed 4263K, 48% free 9160K/17496K, paused 5ms, total 5ms
02-03 12:49:31.151 D/dalvikvm(15954): GC_CONCURRENT freed 3964K, 48% free 9251K/17496K, paused 1ms+1ms, total 5ms
02-03 12:49:31.151 D/dalvikvm(15954): WAIT_FOR_CONCURRENT_GC blocked 1ms
02-03 12:49:31.151 D/dalvikvm(15954): GC_FOR_ALLOC freed 4099K, 48% free 9161K/17496K, paused 4ms, total 4ms
02-03 12:49:31.161 D/dalvikvm(15954): GC_CONCURRENT freed 3337K, 45% free 9787K/17496K, paused 1ms+1ms, total 6ms
02-03 12:49:31.161 D/dalvikvm(15954): WAIT_FOR_CONCURRENT_GC blocked 2ms
02-03 12:49:31.171 D/dalvikvm(15954): GC_CONCURRENT freed 4542K, 48% free 9251K/17496K, paused 0ms+0ms, total 5ms
02-03 12:49:31.171 D/dalvikvm(15954): WAIT_FOR_CONCURRENT_GC blocked 4ms
02-03 12:49:31.171 D/dalvikvm(15954): GC_FOR_ALLOC freed 4045K, 48% free 9098K/17496K, paused 4ms, total 4ms
02-03 12:49:31.181 D/dalvikvm(15954): GC_FOR_ALLOC freed 3900K, 49% free 9096K/17496K, paused 4ms, total 4ms
02-03 12:49:31.191 D/dalvikvm(15954): GC_FOR_ALLOC freed 3938K, 49% free 9094K/17496K, paused 4ms, total 4ms
02-03 12:49:31.201 D/dalvikvm(15954): GC_FOR_ALLOC freed 3976K, 49% free 9092K/17496K, paused 4ms, total 5ms
02-03 12:49:31.201 D/dalvikvm(15954): GC_CONCURRENT freed 3728K, 47% free 9374K/17496K, paused 1ms+1ms, total 6ms
02-03 12:49:31.201 D/dalvikvm(15954): WAIT_FOR_CONCURRENT_GC blocked 2ms
02-03 12:49:31.211 D/dalvikvm(15954): GC_CONCURRENT freed 4143K, 47% free 9280K/17496K, paused 1ms+1ms, total 5ms
02-03 12:49:31.211 D/dalvikvm(15954): WAIT_FOR_CONCURRENT_GC blocked 4ms
02-03 12:49:31.221 D/dalvikvm(15954): GC_CONCURRENT freed 4083K, 47% free 9284K/17496K, paused 1ms+1ms, total 5ms
02-03 12:49:31.221 D/dalvikvm(15954): WAIT_FOR_CONCURRENT_GC blocked 4ms
02-03 12:49:31.231 D/dalvikvm(15954): GC_FOR_ALLOC freed 3828K, 47% free 9381K/17496K, paused 4ms, total 4ms
02-03 12:49:31.231 D/dalvikvm(15954): GC_FOR_ALLOC freed 4159K, 48% free 9183K/17496K, paused 4ms, total 4ms
02-03 12:49:31.241 D/dalvikvm(15954): GC_FOR_ALLOC freed 3997K, 48% free 9114K/17496K, paused 5ms, total 5ms
02-03 12:49:31.251 D/dalvikvm(15954): GC_FOR_ALLOC freed 3727K, 47% free 9413K/17496K, paused 5ms, total 5ms
02-03 12:49:31.251 D/dalvikvm(15954): GC_CONCURRENT freed 3964K, 46% free 9513K/17496K, paused 1ms+1ms, total 6ms
02-03 12:49:31.251 D/dalvikvm(15954): WAIT_FOR_CONCURRENT_GC blocked 2ms
02-03 12:49:31.261 D/dalvikvm(15954): GC_FOR_ALLOC freed 4403K, 48% free 9107K/17496K, paused 5ms, total 5ms
02-03 12:49:31.271 D/dalvikvm(15954): GC_CONCURRENT freed 3311K, 45% free 9721K/17496K, paused 2ms+1ms, total 7ms
02-03 12:49:31.271 D/dalvikvm(15954): WAIT_FOR_CONCURRENT_GC blocked 2ms
02-03 12:49:31.281 D/dalvikvm(15954): GC_FOR_ALLOC freed 4158K, 47% free 9414K/17496K, paused 6ms, total 6ms
02-03 12:49:31.291 D/dalvikvm(15954): GC_FOR_ALLOC freed 4201K, 48% free 9100K/17496K, paused 5ms, total 5ms
02-03 12:49:31.291 D/dalvikvm(15954): GC_CONCURRENT freed 3917K, 48% free 9204K/17496K, paused 1ms+1ms, total 5ms
02-03 12:49:31.291 D/dalvikvm(15954): WAIT_FOR_CONCURRENT_GC blocked 3ms
02-03 12:49:31.301 D/dalvikvm(15954): GC_CONCURRENT freed 3733K, 47% free 9447K/17496K, paused 1ms+1ms, total 5ms
02-03 12:49:31.301 D/dalvikvm(15954): WAIT_FOR_CONCURRENT_GC blocked 4ms
02-03 12:49:31.311 D/dalvikvm(15954): GC_CONCURRENT freed 4083K, 47% free 9340K/17496K, paused 1ms+1ms, total 5ms
02-03 12:49:31.311 D/dalvikvm(15954): WAIT_FOR_CONCURRENT_GC blocked 3ms
02-03 12:49:31.321 D/dalvikvm(15954): GC_FOR_ALLOC freed 4004K, 48% free 9123K/17496K, paused 4ms, total 4ms
02-03 12:49:31.331 D/dalvikvm(15954): GC_FOR_ALLOC freed 3815K, 48% free 9120K/17496K, paused 4ms, total 4ms
02-03 12:49:31.331 D/dalvikvm(15954): GC_FOR_ALLOC freed 3841K, 48% free 9118K/17496K, paused 4ms, total 4ms
02-03 12:49:31.341 D/dalvikvm(15954): GC_FOR_ALLOC freed 3867K, 48% free 9115K/17496K, paused 4ms, total 5ms
02-03 12:49:31.381 D/dalvikvm(15954): GC_FOR_ALLOC freed 3893K, 48% free 9113K/17496K, paused 14ms, total 22ms
02-03 12:49:31.381 D/dalvikvm(15954): GC_FOR_ALLOC freed 3920K, 48% free 9110K/17496K, paused 4ms, total 4ms
02-03 12:49:31.381 D/dalvikvm(15954): GC_CONCURRENT freed 3720K, 47% free 9365K/17496K, paused 1ms+1ms, total 5ms
02-03 12:49:31.381 D/dalvikvm(15954): WAIT_FOR_CONCURRENT_GC blocked 5ms
02-03 12:49:31.391 D/dalvikvm(15954): GC_CONCURRENT freed 3966K, 47% free 9368K/17496K, paused 0ms+0ms, total 5ms
02-03 12:49:31.391 D/dalvikvm(15954): WAIT_FOR_CONCURRENT_GC blocked 5ms
02-03 12:49:31.401 D/dalvikvm(15954): GC_FOR_ALLOC freed 4225K, 48% free 9139K/17496K, paused 4ms, total 4ms
02-03 12:49:31.401 D/dalvikvm(15954): GC_CONCURRENT freed 3790K, 47% free 9370K/17496K, paused 1ms+1ms, total 5ms
02-03 12:49:31.401 D/dalvikvm(15954): WAIT_FOR_CONCURRENT_GC blocked 4ms
02-03 12:49:31.411 D/dalvikvm(15954): GC_CONCURRENT freed 4045K, 47% free 9373K/17496K, paused 1ms+1ms, total 5ms
02-03 12:49:31.411 D/dalvikvm(15954): WAIT_FOR_CONCURRENT_GC blocked 4ms
02-03 12:49:31.421 D/dalvikvm(15954): GC_CONCURRENT freed 4072K, 47% free 9376K/17496K, paused 1ms+1ms, total 5ms
02-03 12:49:31.421 D/dalvikvm(15954): WAIT_FOR_CONCURRENT_GC blocked 4ms
02-03 12:49:31.431 D/dalvikvm(15954): GC_FOR_ALLOC freed 3752K, 46% free 9492K/17496K, paused 6ms, total 6ms
02-03 12:49:31.431 D/AndroidRuntime(20248): 
02-03 12:49:31.431 D/AndroidRuntime(20248): >>>>>> AndroidRuntime START com.android.internal.os.RuntimeInit <<<<<<
02-03 12:49:31.431 D/AndroidRuntime(20248): CheckJNI is OFF
02-03 12:49:31.431 I/AndroidRuntime(20248): Kernel Release Version: 3.10.20-g25181e8-dirty
02-03 12:49:31.431 I/dalvikvm(20248): No library specified. The standard exception handler will be used
02-03 12:49:31.431 I/dalvikvm(20248): 
02-03 12:49:31.431 I/dalvikvm(20248): +++++++++++++ Using PCG. +++++++++++++++++++++
02-03 12:49:31.441 D/dalvikvm(15954): GC_FOR_ALLOC freed 4133K, 48% free 9256K/17496K, paused 4ms, total 4ms
02-03 12:49:31.441 D/dalvikvm(20248): Trying to load lib libjavacore.so 0x0
02-03 12:49:31.441 D/dalvikvm(20248): Added shared lib libjavacore.so 0x0
02-03 12:49:31.441 D/dalvikvm(20248): Trying to load lib libnativehelper.so 0x0
02-03 12:49:31.441 D/dalvikvm(20248): Added shared lib libnativehelper.so 0x0
02-03 12:49:31.441 D/dalvikvm(20248): No JNI_OnLoad found in libnativehelper.so 0x0, skipping init
02-03 12:49:31.451 D/dalvikvm(15954): GC_FOR_ALLOC freed 3924K, 48% free 9136K/17496K, paused 5ms, total 5ms
02-03 12:49:31.451 D/dalvikvm(20248): Extra Options: not specified
02-03 12:49:31.451 D/dalvikvm(15954): GC_FOR_ALLOC freed 3590K, 46% free 9492K/17496K, paused 5ms, total 6ms
02-03 12:49:31.461 D/dalvikvm(15954): GC_CONCURRENT freed 4215K, 48% free 9251K/17496K, paused 1ms+0ms, total 5ms
02-03 12:49:31.461 D/dalvikvm(15954): WAIT_FOR_CONCURRENT_GC blocked 4ms
02-03 12:49:31.471 D/dalvikvm(20248): Note: class Landroid/app/ActivityManagerNative; has 186 unimplemented (abstract) methods
02-03 12:49:31.471 D/dalvikvm(15954): GC_FOR_ALLOC freed 4002K, 48% free 9129K/17496K, paused 4ms, total 4ms
02-03 12:49:31.481 D/dalvikvm(15954): GC_CONCURRENT freed 3660K, 46% free 9524K/17496K, paused 1ms+1ms, total 7ms
02-03 12:49:31.481 D/dalvikvm(15954): WAIT_FOR_CONCURRENT_GC blocked 6ms
02-03 12:49:31.491 D/dalvikvm(15954): GC_CONCURRENT freed 4297K, 47% free 9278K/17496K, paused 1ms+1ms, total 6ms
02-03 12:49:31.491 D/dalvikvm(15954): WAIT_FOR_CONCURRENT_GC blocked 5ms
02-03 12:49:31.491 D/dalvikvm(15954): GC_FOR_ALLOC freed 4080K, 48% free 9153K/17496K, paused 4ms, total 4ms
02-03 12:49:31.501 D/dalvikvm(15954): GC_FOR_ALLOC freed 3731K, 47% free 9275K/17496K, paused 4ms, total 4ms
02-03 12:49:31.511 D/dalvikvm(15954): GC_CONCURRENT freed 3875K, 47% free 9403K/17496K, paused 1ms+0ms, total 6ms
02-03 12:49:31.511 D/dalvikvm(15954): WAIT_FOR_CONCURRENT_GC blocked 5ms
02-03 12:49:31.521 D/dalvikvm(15954): GC_FOR_ALLOC freed 4026K, 47% free 9275K/17496K, paused 4ms, total 4ms
02-03 12:49:31.531 D/dalvikvm(15954): GC_CONCURRENT freed 3922K, 47% free 9405K/17496K, paused 1ms+1ms, total 5ms
02-03 12:49:31.531 D/dalvikvm(15954): WAIT_FOR_CONCURRENT_GC blocked 5ms
02-03 12:49:31.531 D/dalvikvm(15954): GC_FOR_ALLOC freed 4075K, 47% free 9276K/17496K, paused 4ms, total 4ms
02-03 12:49:31.541 D/dalvikvm(15954): GC_FOR_ALLOC freed 3586K, 46% free 9530K/17496K, paused 4ms, total 4ms
02-03 12:49:31.551 D/dalvikvm(15954): GC_FOR_ALLOC freed 4250K, 48% free 9144K/17496K, paused 4ms, total 4ms
02-03 12:49:31.551 E/memtrack(20248): Couldn't load memtrack module (No such file or directory)
02-03 12:49:31.551 E/android.os.Debug(20248): failed to load memtrack module: -2
02-03 12:49:31.561 D/dalvikvm(15954): GC_CONCURRENT freed 3886K, 47% free 9302K/17496K, paused 1ms+1ms, total 5ms
02-03 12:49:31.561 D/dalvikvm(15954): WAIT_FOR_CONCURRENT_GC blocked 3ms
02-03 12:49:31.561 D/dalvikvm(15954): GC_FOR_ALLOC freed 3647K, 46% free 9560K/17496K, paused 5ms, total 5ms
02-03 12:49:31.571 D/dalvikvm(15954): GC_FOR_ALLOC freed 4321K, 48% free 9168K/17496K, paused 4ms, total 5ms
02-03 12:49:31.581 D/dalvikvm(15954): GC_CONCURRENT freed 3951K, 47% free 9297K/17496K, paused 0ms+0ms, total 5ms
02-03 12:49:31.591 D/dalvikvm(15954): GC_CONCURRENT freed 3708K, 46% free 9559K/17496K, paused 0ms+0ms, total 5ms
02-03 12:49:31.591 D/AndroidRuntime(20248): Calling main entry com.android.commands.am.Am
02-03 12:49:31.601 D/dalvikvm(15954): GC_FOR_ALLOC freed 4393K, 48% free 9160K/17496K, paused 7ms, total 7ms
02-03 12:49:31.601 D/dalvikvm(15954): GC_CONCURRENT freed 266K, 47% free 9293K/17496K, paused 1ms+1ms, total 5ms
02-03 12:49:31.611 D/dalvikvm(15954): GC_CONCURRENT freed 3750K, 46% free 9559K/17496K, paused 1ms+1ms, total 6ms
02-03 12:49:31.611 D/dalvikvm(15954): WAIT_FOR_CONCURRENT_GC blocked 4ms
02-03 12:49:31.621 D/dalvikvm(15954): GC_CONCURRENT freed 4168K, 47% free 9428K/17496K, paused 1ms+3ms, total 7ms
02-03 12:49:31.631 D/dalvikvm(15954): GC_FOR_ALLOC freed 4063K, 48% free 9157K/17496K, paused 5ms, total 5ms
02-03 12:49:31.631 D/AndroidRuntime(20248): Shutting down VM
02-03 12:49:31.631 I/ActivityManager(14542): START u0 {flg=0x10000000 cmp=org.xwalk.webapi_service_tests/.webapi_service_tests} from pid 20248
02-03 12:49:31.641 D/dalvikvm(15954): GC_FOR_ALLOC freed 3810K, 48% free 9186K/17496K, paused 5ms, total 5ms
02-03 12:49:31.641 D/dalvikvm(20248): GC_CONCURRENT freed 116K, 17% free 669K/800K, paused 0ms+0ms, total 2ms
02-03 12:49:31.641 D/dalvikvm(20248): Compiler shutdown in progress - discarding request
02-03 12:49:31.641 D/dalvikvm(20248): Compiler shutdown in progress - discarding request
02-03 12:49:31.641 D/dalvikvm(20248): Compiler shutdown in progress - discarding request
02-03 12:49:31.641 D/dalvikvm(20248): Compiler shutdown in progress - discarding request
02-03 12:49:31.641 D/dalvikvm(20248): Compiler shutdown in progress - discarding request
02-03 12:49:31.641 D/dalvikvm(20248): Compiler shutdown in progress - discarding request
02-03 12:49:31.641 D/dalvikvm(20248): Compiler shutdown in progress - discarding request
02-03 12:49:31.641 D/dalvikvm(20248): Compiler shutdown in progress - discarding request
02-03 12:49:31.641 D/dalvikvm(20248): Compiler shutdown in progress - discarding request
02-03 12:49:31.641 D/dalvikvm(20248): Compiler shutdown in progress - discarding request
02-03 12:49:31.641 D/dalvikvm(20248): Compiler shutdown in progress - discarding request
02-03 12:49:31.641 D/dalvikvm(20248): Compiler shutdown in progress - discarding request
02-03 12:49:31.641 D/dalvikvm(20248): Compiler shutdown in progress - discarding request
02-03 12:49:31.641 D/dalvikvm(20248): Compiler shutdown in progress - discarding request
02-03 12:49:31.641 D/dalvikvm(20248): Compiler shutdown in progress - discarding request
02-03 12:49:31.641 D/dalvikvm(20248): Compiler shutdown in progress - discarding request
