--------- beginning of /dev/log/main
02-03 12:42:56.361 D/dalvikvm(15954): GC_FOR_ALLOC freed 3596K, 44% free 9461K/16616K, paused 4ms, total 4ms
02-03 12:42:56.371 D/dalvikvm(15954): GC_CONCURRENT freed 4222K, 45% free 9224K/16616K, paused 0ms+1ms, total 6ms
02-03 12:42:56.371 D/dalvikvm(15954): WAIT_FOR_CONCURRENT_GC blocked 6ms
02-03 12:42:56.381 D/dalvikvm(15954): GC_FOR_ALLOC freed 4009K, 46% free 9105K/16616K, paused 5ms, total 5ms
02-03 12:42:56.381 D/dalvikvm(15954): GC_CONCURRENT freed 3666K, 43% free 9473K/16616K, paused 1ms+1ms, total 6ms
02-03 12:42:56.381 D/dalvikvm(15954): WAIT_FOR_CONCURRENT_GC blocked 1ms
02-03 12:42:56.391 D/dalvikvm(15954): GC_CONCURRENT freed 4305K, 45% free 9231K/16616K, paused 1ms+1ms, total 5ms
02-03 12:42:56.391 D/dalvikvm(15954): WAIT_FOR_CONCURRENT_GC blocked 4ms
02-03 12:42:56.401 D/dalvikvm(15954): GC_FOR_ALLOC freed 4087K, 46% free 9110K/16616K, paused 4ms, total 4ms
02-03 12:42:56.411 D/dalvikvm(15954): GC_FOR_ALLOC freed 3737K, 45% free 9235K/16616K, paused 4ms, total 4ms
02-03 12:42:56.411 D/dalvikvm(15954): GC_CONCURRENT freed 3886K, 44% free 9363K/16616K, paused 0ms+0ms, total 5ms
02-03 12:42:56.411 D/dalvikvm(15954): WAIT_FOR_CONCURRENT_GC blocked 4ms
02-03 12:42:56.421 D/dalvikvm(15954): GC_FOR_ALLOC freed 4033K, 45% free 9240K/16616K, paused 4ms, total 4ms
02-03 12:42:56.431 D/dalvikvm(15954): GC_CONCURRENT freed 3932K, 44% free 9370K/16616K, paused 0ms+0ms, total 5ms
02-03 12:42:56.431 D/dalvikvm(15954): WAIT_FOR_CONCURRENT_GC blocked 5ms
02-03 12:42:56.441 D/dalvikvm(15954): GC_FOR_ALLOC freed 4081K, 45% free 9244K/16616K, paused 6ms, total 6ms
02-03 12:42:56.441 D/dalvikvm(15954): GC_FOR_ALLOC freed 3592K, 43% free 9503K/16616K, paused 4ms, total 4ms
02-03 12:42:56.451 D/dalvikvm(15954): GC_FOR_ALLOC freed 4257K, 46% free 9120K/16616K, paused 5ms, total 5ms
02-03 12:42:56.461 D/dalvikvm(15954): GC_CONCURRENT freed 3892K, 45% free 9251K/16616K, paused 1ms+1ms, total 5ms
02-03 12:42:56.461 D/dalvikvm(15954): WAIT_FOR_CONCURRENT_GC blocked 5ms
02-03 12:42:56.461 D/dalvikvm(15954): GC_FOR_ALLOC freed 3652K, 43% free 9514K/16616K, paused 4ms, total 4ms
02-03 12:42:56.471 D/dalvikvm(15954): GC_FOR_ALLOC freed 4329K, 46% free 9124K/16616K, paused 4ms, total 4ms
02-03 12:42:56.481 D/dalvikvm(15954): GC_CONCURRENT freed 3956K, 45% free 9258K/16616K, paused 1ms+1ms, total 5ms
02-03 12:42:56.481 D/dalvikvm(15954): WAIT_FOR_CONCURRENT_GC blocked 4ms
02-03 12:42:56.491 D/dalvikvm(15954): GC_CONCURRENT freed 3713K, 43% free 9525K/16616K, paused 0ms+1ms, total 4ms
02-03 12:42:56.491 D/dalvikvm(15954): WAIT_FOR_CONCURRENT_GC blocked 5ms
02-03 12:42:56.491 D/dalvikvm(15954): GC_CONCURRENT freed 4133K, 44% free 9395K/16616K, paused 1ms+1ms, total 5ms
02-03 12:42:56.491 D/dalvikvm(15954): WAIT_FOR_CONCURRENT_GC blocked 4ms
02-03 12:42:56.501 D/dalvikvm(15954): GC_FOR_ALLOC freed 4020K, 46% free 9130K/16616K, paused 4ms, total 4ms
02-03 12:42:56.511 D/dalvikvm(15954): GC_FOR_ALLOC freed 3773K, 46% free 9131K/16616K, paused 4ms, total 4ms
02-03 12:42:56.511 D/dalvikvm(15954): GC_FOR_ALLOC freed 3792K, 46% free 9133K/16616K, paused 4ms, total 4ms
02-03 12:42:56.521 D/dalvikvm(15954): GC_FOR_ALLOC freed 3811K, 46% free 9134K/16616K, paused 5ms, total 5ms
02-03 12:42:56.531 D/dalvikvm(15954): GC_FOR_ALLOC freed 3830K, 46% free 9135K/16616K, paused 5ms, total 5ms
02-03 12:42:56.541 D/dalvikvm(15954): GC_FOR_ALLOC freed 3849K, 46% free 9137K/16616K, paused 4ms, total 4ms
02-03 12:42:56.541 D/dalvikvm(15954): GC_FOR_ALLOC freed 3867K, 46% free 9138K/16616K, paused 4ms, total 4ms
02-03 12:42:56.551 D/dalvikvm(15954): GC_FOR_ALLOC freed 3886K, 45% free 9139K/16616K, paused 5ms, total 5ms
02-03 12:42:56.561 D/dalvikvm(15954): GC_FOR_ALLOC freed 3905K, 45% free 9141K/16616K, paused 7ms, total 7ms
02-03 12:42:56.571 D/dalvikvm(15954): GC_FOR_ALLOC freed 3924K, 45% free 9142K/16616K, paused 4ms, total 4ms
02-03 12:42:56.571 D/dalvikvm(15954): GC_FOR_ALLOC freed 3943K, 45% free 9143K/16616K, paused 4ms, total 4ms
02-03 12:42:56.581 D/dalvikvm(15954): GC_FOR_ALLOC freed 3961K, 45% free 9145K/16616K, paused 4ms, total 4ms
02-03 12:42:56.591 D/dalvikvm(15954): GC_FOR_ALLOC freed 3980K, 45% free 9146K/16616K, paused 4ms, total 4ms
02-03 12:42:56.601 D/dalvikvm(15954): GC_CONCURRENT freed 3572K, 43% free 9574K/16616K, paused 1ms+0ms, total 7ms
02-03 12:42:56.601 D/dalvikvm(15954): WAIT_FOR_CONCURRENT_GC blocked 2ms
02-03 12:42:56.601 D/dalvikvm(15954): GC_CONCURRENT freed 4158K, 44% free 9436K/16616K, paused 1ms+1ms, total 6ms
02-03 12:42:56.601 D/dalvikvm(15954): WAIT_FOR_CONCURRENT_GC blocked 5ms
02-03 12:42:56.611 D/dalvikvm(15954): GC_CONCURRENT freed 4035K, 44% free 9439K/16616K, paused 1ms+1ms, total 5ms
02-03 12:42:56.611 D/dalvikvm(15954): WAIT_FOR_CONCURRENT_GC blocked 4ms
02-03 12:42:56.621 D/dalvikvm(15954): GC_FOR_ALLOC freed 4344K, 45% free 9152K/16616K, paused 5ms, total 5ms
02-03 12:42:56.631 D/dalvikvm(15954): GC_CONCURRENT freed 3783K, 44% free 9444K/16616K, paused 1ms+1ms, total 5ms
02-03 12:42:56.631 D/dalvikvm(15954): WAIT_FOR_CONCURRENT_GC blocked 4ms
02-03 12:42:56.631 D/dalvikvm(15954): GC_FOR_ALLOC freed 4384K, 45% free 9154K/16616K, paused 4ms, total 4ms
02-03 12:42:56.641 D/dalvikvm(15954): GC_FOR_ALLOC freed 3376K, 43% free 9595K/16616K, paused 4ms, total 4ms
02-03 12:42:56.651 D/dalvikvm(15954): GC_FOR_ALLOC freed 4127K, 45% free 9304K/16616K, paused 5ms, total 5ms
02-03 12:42:56.651 D/dalvikvm(15954): GC_FOR_ALLOC freed 3850K, 45% free 9158K/16616K, paused 4ms, total 4ms
02-03 12:42:56.661 D/dalvikvm(15954): GC_FOR_ALLOC freed 3418K, 43% free 9605K/16616K, paused 4ms, total 4ms
02-03 12:42:56.671 D/dalvikvm(15954): GC_FOR_ALLOC freed 4179K, 44% free 9309K/16616K, paused 4ms, total 4ms
02-03 12:42:56.671 D/dalvikvm(15954): GC_FOR_ALLOC freed 3898K, 45% free 9162K/16616K, paused 4ms, total 4ms
02-03 12:42:56.681 D/dalvikvm(15954): GC_FOR_ALLOC freed 3461K, 43% free 9614K/16616K, paused 4ms, total 4ms
02-03 12:42:56.691 D/dalvikvm(15954): GC_FOR_ALLOC freed 3928K, 45% free 9164K/16616K, paused 5ms, total 5ms
02-03 12:42:56.701 D/dalvikvm(15954): GC_FOR_ALLOC freed 3488K, 43% free 9620K/16616K, paused 4ms, total 4ms
02-03 12:42:56.701 D/dalvikvm(15954): GC_FOR_ALLOC freed 3959K, 45% free 9166K/16616K, paused 4ms, total 4ms
02-03 12:42:56.711 D/dalvikvm(15954): GC_FOR_ALLOC freed 3515K, 44% free 9320K/16616K, paused 5ms, total 5ms
02-03 12:42:56.721 D/dalvikvm(15954): GC_FOR_ALLOC freed 3221K, 43% free 9628K/16616K, paused 4ms, total 4ms
02-03 12:42:56.721 D/dalvikvm(15954): GC_FOR_ALLOC freed 3231K, 43% free 9631K/16616K, paused 5ms, total 5ms
02-03 12:42:56.731 D/dalvikvm(15954): GC_FOR_ALLOC freed 4016K, 45% free 9171K/16616K, paused 4ms, total 4ms
02-03 12:42:56.741 D/dalvikvm(15954): GC_FOR_ALLOC freed 3565K, 44% free 9326K/16616K, paused 4ms, total 4ms
02-03 12:42:56.741 D/dalvikvm(15954): GC_FOR_ALLOC freed 3267K, 42% free 9639K/16616K, paused 5ms, total 5ms
02-03 12:42:56.751 D/dalvikvm(15954): GC_FOR_ALLOC freed 3277K, 42% free 9641K/16616K, paused 4ms, total 4ms
02-03 12:42:56.761 D/dalvikvm(15954): GC_FOR_ALLOC freed 4072K, 45% free 9175K/16616K, paused 5ms, total 5ms
02-03 12:42:56.761 D/dalvikvm(15954): GC_FOR_ALLOC freed 3615K, 44% free 9333K/16616K, paused 4ms, total 4ms
02-03 12:42:56.771 D/dalvikvm(15954): GC_FOR_ALLOC freed 3312K, 42% free 9650K/16616K, paused 4ms, total 4ms
02-03 12:42:56.781 D/dalvikvm(15954): GC_FOR_ALLOC freed 3323K, 42% free 9652K/16616K, paused 4ms, total 4ms
02-03 12:42:56.781 D/dalvikvm(15954): GC_FOR_ALLOC freed 4129K, 45% free 9179K/16616K, paused 5ms, total 5ms
02-03 12:42:56.791 D/dalvikvm(15954): GC_FOR_ALLOC freed 3666K, 44% free 9339K/16616K, paused 4ms, total 4ms
02-03 12:42:56.801 D/dalvikvm(15954): GC_FOR_ALLOC freed 3359K, 42% free 9661K/16616K, paused 4ms, total 4ms
02-03 12:42:56.801 D/dalvikvm(15954): GC_FOR_ALLOC freed 3371K, 42% free 9664K/16616K, paused 4ms, total 4ms
02-03 12:42:56.811 D/dalvikvm(15954): GC_FOR_ALLOC freed 4188K, 45% free 9184K/16616K, paused 4ms, total 4ms
02-03 12:42:56.821 D/dalvikvm(15954): GC_FOR_ALLOC freed 3718K, 44% free 9346K/16616K, paused 4ms, total 4ms
02-03 12:42:56.821 D/dalvikvm(15954): GC_FOR_ALLOC freed 3406K, 42% free 9672K/16616K, paused 4ms, total 5ms
02-03 12:42:56.831 D/dalvikvm(15954): GC_FOR_ALLOC freed 3417K, 42% free 9675K/16616K, paused 4ms, total 4ms
02-03 12:42:56.841 D/dalvikvm(15954): GC_FOR_ALLOC freed 4247K, 45% free 9189K/16616K, paused 4ms, total 4ms
02-03 12:42:56.841 D/dalvikvm(15954): GC_FOR_ALLOC freed 3771K, 44% free 9353K/16616K, paused 4ms, total 4ms
02-03 12:42:56.851 D/dalvikvm(15954): GC_FOR_ALLOC freed 3456K, 42% free 9684K/16616K, paused 4ms, total 4ms
02-03 12:42:56.861 D/dalvikvm(15954): GC_FOR_ALLOC freed 3467K, 42% free 9687K/16616K, paused 5ms, total 5ms
02-03 12:42:56.861 D/dalvikvm(15954): GC_FOR_ALLOC freed 4308K, 45% free 9193K/16616K, paused 4ms, total 4ms
02-03 12:42:56.871 D/dalvikvm(15954): GC_CONCURRENT freed 3821K, 44% free 9360K/16616K, paused 1ms+1ms, total 5ms
02-03 12:42:56.871 D/dalvikvm(15954): WAIT_FOR_CONCURRENT_GC blocked 4ms
02-03 12:42:56.881 D/dalvikvm(15954): GC_FOR_ALLOC freed 3500K, 42% free 9694K/16616K, paused 4ms, total 4ms
02-03 12:42:56.891 D/dalvikvm(15954): GC_FOR_ALLOC freed 3509K, 42% free 9697K/16616K, paused 5ms, total 5ms
02-03 12:42:56.891 D/dalvikvm(15954): GC_FOR_ALLOC freed 4358K, 45% free 9197K/16616K, paused 4ms, total 4ms
02-03 12:42:56.901 D/dalvikvm(15954): GC_CONCURRENT freed 3866K, 44% free 9366K/16616K, paused 1ms+1ms, total 5ms
02-03 12:42:56.901 D/dalvikvm(15954): WAIT_FOR_CONCURRENT_GC blocked 4ms
02-03 12:42:56.911 D/dalvikvm(15954): GC_FOR_ALLOC freed 3578K, 45% free 9194K/16616K, paused 5ms, total 5ms
02-03 12:42:56.921 D/dalvikvm(15954): GC_FOR_ALLOC freed 3380K, 42% free 9744K/16616K, paused 5ms, total 5ms
02-03 12:42:56.921 D/dalvikvm(15954): GC_FOR_ALLOC freed 3733K, 44% free 9398K/16616K, paused 4ms, total 4ms
02-03 12:42:56.931 D/dalvikvm(15954): GC_FOR_ALLOC freed 3623K, 45% free 9298K/16616K, paused 4ms, total 4ms
02-03 12:42:57.001 D/dalvikvm(15954): GC_FOR_ALLOC freed 4643K, 50% free 8423K/16616K, paused 5ms, total 5ms
02-03 12:42:57.731 D/AndroidRuntime(18893): 
02-03 12:42:57.731 D/AndroidRuntime(18893): >>>>>> AndroidRuntime START com.android.internal.os.RuntimeInit <<<<<<
02-03 12:42:57.731 D/AndroidRuntime(18893): CheckJNI is OFF
02-03 12:42:57.731 I/AndroidRuntime(18893): Kernel Release Version: 3.10.20-g25181e8-dirty
02-03 12:42:57.731 I/dalvikvm(18893): No library specified. The standard exception handler will be used
02-03 12:42:57.731 I/dalvikvm(18893): 
02-03 12:42:57.731 I/dalvikvm(18893): +++++++++++++ Using PCG. +++++++++++++++++++++
02-03 12:42:57.741 D/dalvikvm(18893): Trying to load lib libjavacore.so 0x0
02-03 12:42:57.741 D/dalvikvm(18893): Added shared lib libjavacore.so 0x0
02-03 12:42:57.741 D/dalvikvm(18893): Trying to load lib libnativehelper.so 0x0
02-03 12:42:57.741 D/dalvikvm(18893): Added shared lib libnativehelper.so 0x0
02-03 12:42:57.741 D/dalvikvm(18893): No JNI_OnLoad found in libnativehelper.so 0x0, skipping init
02-03 12:42:57.751 D/dalvikvm(18893): Extra Options: not specified
02-03 12:42:57.761 D/dalvikvm(18893): Note: class Landroid/app/ActivityManagerNative; has 186 unimplemented (abstract) methods
02-03 12:42:57.831 E/memtrack(18893): Couldn't load memtrack module (No such file or directory)
02-03 12:42:57.831 E/android.os.Debug(18893): failed to load memtrack module: -2
02-03 12:42:57.881 D/AndroidRuntime(18893): Calling main entry com.android.commands.am.Am
02-03 12:42:57.901 D/AndroidRuntime(18893): Shutting down VM
02-03 12:42:57.901 D/dalvikvm(18893): GC_CONCURRENT freed 108K, 16% free 638K/760K, paused 0ms+0ms, total 1ms
--------- beginning of /dev/log/system
02-03 12:42:57.901 I/ActivityManager(14542): Force stopping org.xwalk.webapi_noneservice_tests appid=11605 user=0: from pid 18893
02-03 12:42:57.911 D/dalvikvm(18893): Compiler shutdown in progress - discarding request
02-03 12:42:57.911 D/dalvikvm(18893): Compiler shutdown in progress - discarding request
02-03 12:42:57.911 D/dalvikvm(18893): Compiler shutdown in progress - discarding request
02-03 12:42:57.911 D/dalvikvm(18893): Compiler shutdown in progress - discarding request
02-03 12:42:57.911 D/dalvikvm(18893): Compiler shutdown in progress - discarding request
02-03 12:42:57.911 D/dalvikvm(18893): Compiler shutdown in progress - discarding request
02-03 12:42:57.911 D/dalvikvm(18893): Compiler shutdown in progress - discarding request
02-03 12:42:57.911 D/dalvikvm(18893): Compiler shutdown in progress - discarding request
02-03 12:42:57.911 D/dalvikvm(18893): Compiler shutdown in progress - discarding request
02-03 12:42:57.911 D/dalvikvm(18893): Compiler shutdown in progress - discarding request
02-03 12:42:57.911 D/dalvikvm(18893): Compiler shutdown in progress - discarding request
02-03 12:42:57.911 D/dalvikvm(18893): Compiler shutdown in progress - discarding request
02-03 12:42:57.911 D/dalvikvm(18893): Compiler shutdown in progress - discarding request
02-03 12:42:57.911 D/dalvikvm(18893): Compiler shutdown in progress - discarding request
02-03 12:42:57.911 D/dalvikvm(18893): Compiler shutdown in progress - discarding request
02-03 12:42:57.911 D/dalvikvm(18893): Compiler shutdown in progress - discarding request
02-03 12:42:57.911 D/dalvikvm(18893): Compiler shutdown in progress - discarding request
02-03 12:42:57.911 D/dalvikvm(18893): Compiler shutdown in progress - discarding request
02-03 12:42:57.911 D/dalvikvm(18893): Compiler shutdown in progress - discarding request
02-03 12:42:57.911 D/dalvikvm(18893): Compiler shutdown in progress - discarding request
02-03 12:42:57.911 D/dalvikvm(18893): Compiler shutdown in progress - discarding request
02-03 12:42:57.911 D/dalvikvm(18893): Compiler shutdown in progress - discarding request
02-03 12:42:57.911 D/dalvikvm(18893): Compiler shutdown in progress - discarding request
02-03 12:42:57.911 D/dalvikvm(18893): Compiler shutdown in progress - discarding request
02-03 12:42:57.911 D/dalvikvm(18893): Compiler shutdown in progress - discarding request
02-03 12:42:57.911 D/dalvikvm(18893): Compiler shutdown in progress - discarding request
02-03 12:42:57.911 D/dalvikvm(18893): Compiler shutdown in progress - discarding request
02-03 12:42:57.911 D/dalvikvm(18893): Compiler shutdown in progress - discarding request
02-03 12:42:57.911 D/dalvikvm(18893): Compiler shutdown in progress - discarding request
02-03 12:42:57.911 D/dalvikvm(18893): Compiler shutdown in progress - discarding request
02-03 12:42:57.911 D/dalvikvm(18893): Compiler shutdown in progress - discarding request
02-03 12:42:57.911 D/dalvikvm(18893): Compiler shutdown in progress - discarding request
02-03 12:42:57.911 D/dalvikvm(18893): Compiler shutdown in progress - discarding request
02-03 12:42:57.911 D/dalvikvm(18893): Compiler shutdown in progress - discarding request
02-03 12:42:57.911 D/dalvikvm(18893): Compiler shutdown in progress - discarding request
02-03 12:42:57.911 D/dalvikvm(18893): Compiler shutdown in progress - discarding request
02-03 12:42:57.911 D/dalvikvm(18893): Compiler shutdown in progress - discarding request
02-03 12:42:57.911 D/dalvikvm(18893): Compiler shutdown in progress - discarding request
02-03 12:42:57.911 D/dalvikvm(18893): Compiler shutdown in progress - discarding request
02-03 12:42:57.911 D/dalvikvm(18893): Compiler shutdown in progress - discarding request
02-03 12:42:57.911 D/dalvikvm(18893): Compiler shutdown in progress - discarding request
02-03 12:42:57.911 D/dalvikvm(18893): Compiler shutdown in progress - discarding request
02-03 12:42:57.911 D/dalvikvm(18893): Compiler shutdown in progress - discarding request
02-03 12:42:57.911 D/dalvikvm(18893): Compiler shutdown in progress - discarding request
02-03 12:42:57.911 D/dalvikvm(18893): Compiler shutdown in progress - discarding request
02-03 12:42:57.911 D/dalvikvm(18893): Compiler shutdown in progress - discarding request
02-03 12:42:58.331 D/AndroidRuntime(18904): 
02-03 12:42:58.331 D/AndroidRuntime(18904): >>>>>> AndroidRuntime START com.android.internal.os.RuntimeInit <<<<<<
02-03 12:42:58.331 D/AndroidRuntime(18904): CheckJNI is OFF
02-03 12:42:58.331 I/AndroidRuntime(18904): Kernel Release Version: 3.10.20-g25181e8-dirty
02-03 12:42:58.331 I/dalvikvm(18904): No library specified. The standard exception handler will be used
02-03 12:42:58.341 I/dalvikvm(18904): 
02-03 12:42:58.341 I/dalvikvm(18904): +++++++++++++ Using PCG. +++++++++++++++++++++
02-03 12:42:58.341 D/dalvikvm(18904): Trying to load lib libjavacore.so 0x0
02-03 12:42:58.351 D/dalvikvm(18904): Added shared lib libjavacore.so 0x0
02-03 12:42:58.351 D/dalvikvm(18904): Trying to load lib libnativehelper.so 0x0
02-03 12:42:58.351 D/dalvikvm(18904): Added shared lib libnativehelper.so 0x0
02-03 12:42:58.351 D/dalvikvm(18904): No JNI_OnLoad found in libnativehelper.so 0x0, skipping init
02-03 12:42:58.351 D/dalvikvm(18904): Extra Options: not specified
02-03 12:42:58.361 D/dalvikvm(18904): Note: class Landroid/app/ActivityManagerNative; has 186 unimplemented (abstract) methods
02-03 12:42:58.461 E/memtrack(18904): Couldn't load memtrack module (No such file or directory)
02-03 12:42:58.461 E/android.os.Debug(18904): failed to load memtrack module: -2
02-03 12:42:58.491 D/AndroidRuntime(18904): Calling main entry com.android.commands.am.Am
02-03 12:42:58.521 D/AndroidRuntime(18904): Shutting down VM
02-03 12:42:58.521 D/dalvikvm(18904): GC_CONCURRENT freed 117K, 17% free 669K/800K, paused 0ms+0ms, total 2ms
02-03 12:42:58.521 I/ActivityManager(14542): START u0 {flg=0x10000000 cmp=org.xwalk.webapi_noneservice_tests/.webapi_noneservice_testsActivity} from pid 18904
02-03 12:42:58.531 D/dalvikvm(18904): Compiler shutdown in progress - discarding request
02-03 12:42:58.531 D/dalvikvm(18904): Compiler shutdown in progress - discarding request
02-03 12:42:58.531 D/dalvikvm(18904): Compiler shutdown in progress - discarding request
02-03 12:42:58.531 D/dalvikvm(18904): Compiler shutdown in progress - discarding request
02-03 12:42:58.531 D/dalvikvm(18904): Compiler shutdown in progress - discarding request
02-03 12:42:58.531 D/dalvikvm(18904): Compiler shutdown in progress - discarding request
02-03 12:42:58.531 D/dalvikvm(18904): Compiler shutdown in progress - discarding request
02-03 12:42:58.531 D/dalvikvm(18904): Compiler shutdown in progress - discarding request
02-03 12:42:58.531 D/dalvikvm(18904): Compiler shutdown in progress - discarding request
02-03 12:42:58.531 D/dalvikvm(18904): Compiler shutdown in progress - discarding request
02-03 12:42:58.531 D/dalvikvm(18904): Compiler shutdown in progress - discarding request
02-03 12:42:58.531 D/dalvikvm(18904): Compiler shutdown in progress - discarding request
02-03 12:42:58.531 D/dalvikvm(18904): Compiler shutdown in progress - discarding request
02-03 12:42:58.531 D/dalvikvm(18904): Compiler shutdown in progress - discarding request
02-03 12:42:58.531 D/dalvikvm(18904): Compiler shutdown in progress - discarding request
02-03 12:42:58.531 D/dalvikvm(18904): Compiler shutdown in progress - discarding request
02-03 12:42:58.531 D/dalvikvm(18904): Compiler shutdown in progress - discarding request
02-03 12:42:58.531 D/dalvikvm(18904): Compiler shutdown in progress - discarding request
02-03 12:42:58.531 D/dalvikvm(18904): Compiler shutdown in progress - discarding request
02-03 12:42:58.531 D/dalvikvm(18904): Compiler shutdown in progress - discarding request
02-03 12:42:58.531 D/dalvikvm(18904): Compiler shutdown in progress - discarding request
02-03 12:42:58.531 D/dalvikvm(18904): Compiler shutdown in progress - discarding request
02-03 12:42:58.531 D/dalvikvm(18904): Compiler shutdown in progress - discarding request
02-03 12:42:58.531 D/dalvikvm(18904): Compiler shutdown in progress - discarding request
02-03 12:42:58.531 D/dalvikvm(18904): Compiler shutdown in progress - discarding request
02-03 12:42:58.531 D/dalvikvm(18904): Compiler shutdown in progress - discarding request
02-03 12:42:58.531 D/dalvikvm(18904): Compiler shutdown in progress - discarding request
02-03 12:42:58.531 D/dalvikvm(18904): Compiler shutdown in progress - discarding request
02-03 12:42:58.531 D/dalvikvm(18904): Compiler shutdown in progress - discarding request
02-03 12:42:58.531 D/dalvikvm(18904): Compiler shutdown in progress - discarding request
02-03 12:42:58.531 D/dalvikvm(18904): Compiler shutdown in progress - discarding request
02-03 12:42:58.531 D/dalvikvm(18904): Compiler shutdown in progress - discarding request
02-03 12:42:58.531 D/dalvikvm(18904): Compiler shutdown in progress - discarding request
02-03 12:42:58.531 D/dalvikvm(18904): Compiler shutdown in progress - discarding request
02-03 12:42:58.531 D/dalvikvm(18904): Compiler shutdown in progress - discarding request
02-03 12:42:58.531 D/dalvikvm(18904): Compiler shutdown in progress - discarding request
02-03 12:42:58.531 D/dalvikvm(18904): Compiler shutdown in progress - discarding request
02-03 12:42:58.531 D/dalvikvm(18904): Compiler shutdown in progress - discarding request
02-03 12:42:58.531 D/dalvikvm(18904): Compiler shutdown in progress - discarding request
02-03 12:42:58.531 D/dalvikvm(18904): Compiler shutdown in progress - discarding request
02-03 12:42:58.531 D/dalvikvm(18904): Compiler shutdown in progress - discarding request
02-03 12:42:58.531 D/dalvikvm(18904): Compiler shutdown in progress - discarding request
02-03 12:42:58.531 D/dalvikvm(18904): Compiler shutdown in progress - discarding request
02-03 12:42:58.531 D/dalvikvm(18904): Compiler shutdown in progress - discarding request
02-03 12:42:58.531 D/dalvikvm(18904): Compiler shutdown in progress - discarding request
02-03 12:42:58.531 D/dalvikvm(18904): Compiler shutdown in progress - discarding request
02-03 12:42:58.531 D/dalvikvm(18904): Compiler shutdown in progress - discarding request
02-03 12:42:58.941 D/AndroidRuntime(18915): 
02-03 12:42:58.941 D/AndroidRuntime(18915): >>>>>> AndroidRuntime START com.android.internal.os.RuntimeInit <<<<<<
02-03 12:42:58.941 D/AndroidRuntime(18915): CheckJNI is OFF
02-03 12:42:58.941 I/AndroidRuntime(18915): Kernel Release Version: 3.10.20-g25181e8-dirty
02-03 12:42:58.941 I/dalvikvm(18915): No library specified. The standard exception handler will be used
02-03 12:42:58.941 I/dalvikvm(18915): 
02-03 12:42:58.941 I/dalvikvm(18915): +++++++++++++ Using PCG. +++++++++++++++++++++
02-03 12:42:58.951 D/dalvikvm(18915): Trying to load lib libjavacore.so 0x0
02-03 12:42:58.951 D/dalvikvm(18915): Added shared lib libjavacore.so 0x0
02-03 12:42:58.951 D/dalvikvm(18915): Trying to load lib libnativehelper.so 0x0
02-03 12:42:58.951 D/dalvikvm(18915): Added shared lib libnativehelper.so 0x0
02-03 12:42:58.951 D/dalvikvm(18915): No JNI_OnLoad found in libnativehelper.so 0x0, skipping init
02-03 12:42:58.951 D/dalvikvm(18915): Extra Options: not specified
02-03 12:42:58.971 D/dalvikvm(18915): Note: class Landroid/app/ActivityManagerNative; has 186 unimplemented (abstract) methods
02-03 12:42:59.041 E/memtrack(18915): Couldn't load memtrack module (No such file or directory)
02-03 12:42:59.041 E/android.os.Debug(18915): failed to load memtrack module: -2
02-03 12:42:59.071 D/AndroidRuntime(18915): Calling main entry com.android.commands.am.Am
02-03 12:42:59.101 D/AndroidRuntime(18915): Shutting down VM
02-03 12:42:59.101 D/dalvikvm(18915): GC_CONCURRENT freed 117K, 17% free 669K/800K, paused 0ms+0ms, total 1ms
02-03 12:42:59.101 I/ActivityManager(14542): START u0 {flg=0x10000000 cmp=org.xwalk.webapi_noneservice_tests/.webapi_noneservice_tests} from pid 18915
02-03 12:42:59.111 D/dalvikvm(18915): Compiler shutdown in progress - discarding request
02-03 12:42:59.111 D/dalvikvm(18915): Compiler shutdown in progress - discarding request
02-03 12:42:59.111 D/dalvikvm(18915): Compiler shutdown in progress - discarding request
02-03 12:42:59.111 D/dalvikvm(18915): Compiler shutdown in progress - discarding request
02-03 12:42:59.111 D/dalvikvm(18915): Compiler shutdown in progress - discarding request
02-03 12:42:59.111 D/dalvikvm(18915): Compiler shutdown in progress - discarding request
02-03 12:42:59.111 D/dalvikvm(18915): Compiler shutdown in progress - discarding request
02-03 12:42:59.111 D/dalvikvm(18915): Compiler shutdown in progress - discarding request
02-03 12:42:59.111 D/dalvikvm(18915): Compiler shutdown in progress - discarding request
02-03 12:42:59.111 D/dalvikvm(18915): Compiler shutdown in progress - discarding request
02-03 12:42:59.111 D/dalvikvm(18915): Compiler shutdown in progress - discarding request
02-03 12:42:59.111 D/dalvikvm(18915): Compiler shutdown in progress - discarding request
02-03 12:42:59.111 D/dalvikvm(18915): Compiler shutdown in progress - discarding request
02-03 12:42:59.111 D/dalvikvm(18915): Compiler shutdown in progress - discarding request
02-03 12:42:59.111 D/dalvikvm(18915): Compiler shutdown in progress - discarding request
02-03 12:42:59.111 D/dalvikvm(18915): Compiler shutdown in progress - discarding request
02-03 12:42:59.111 D/dalvikvm(18915): Compiler shutdown in progress - discarding request
02-03 12:42:59.111 D/dalvikvm(18915): Compiler shutdown in progress - discarding request
02-03 12:42:59.111 D/dalvikvm(18915): Compiler shutdown in progress - discarding request
02-03 12:42:59.111 D/dalvikvm(18915): Compiler shutdown in progress - discarding request
02-03 12:42:59.111 D/dalvikvm(18915): Compiler shutdown in progress - discarding request
02-03 12:42:59.111 D/dalvikvm(18915): Compiler shutdown in progress - discarding request
02-03 12:42:59.111 D/dalvikvm(18915): Compiler shutdown in progress - discarding request
02-03 12:42:59.111 D/dalvikvm(18915): Compiler shutdown in progress - discarding request
02-03 12:42:59.111 D/dalvikvm(18915): Compiler shutdown in progress - discarding request
02-03 12:42:59.111 D/dalvikvm(18915): Compiler shutdown in progress - discarding request
02-03 12:42:59.111 D/dalvikvm(18915): Compiler shutdown in progress - discarding request
02-03 12:42:59.111 D/dalvikvm(18915): Compiler shutdown in progress - discarding request
02-03 12:42:59.111 D/dalvikvm(18915): Compiler shutdown in progress - discarding request
02-03 12:42:59.111 D/dalvikvm(18915): Compiler shutdown in progress - discarding request
02-03 12:42:59.111 D/dalvikvm(18915): Compiler shutdown in progress - discarding request
02-03 12:42:59.111 D/dalvikvm(18915): Compiler shutdown in progress - discarding request
02-03 12:42:59.111 D/dalvikvm(18915): Compiler shutdown in progress - discarding request
02-03 12:42:59.111 D/dalvikvm(18915): Compiler shutdown in progress - discarding request
02-03 12:42:59.111 D/dalvikvm(18915): Compiler shutdown in progress - discarding request
02-03 12:42:59.111 D/dalvikvm(18915): Compiler shutdown in progress - discarding request
02-03 12:42:59.111 D/dalvikvm(18915): Compiler shutdown in progress - discarding request
02-03 12:42:59.111 D/dalvikvm(18915): Compiler shutdown in progress - discarding request
02-03 12:42:59.111 D/dalvikvm(18915): Compiler shutdown in progress - discarding request
02-03 12:42:59.111 D/dalvikvm(18915): Compiler shutdown in progress - discarding request
02-03 12:42:59.111 D/dalvikvm(18915): Compiler shutdown in progress - discarding request
02-03 12:42:59.111 D/dalvikvm(18915): Compiler shutdown in progress - discarding request
02-03 12:42:59.111 D/dalvikvm(18915): Compiler shutdown in progress - discarding request
02-03 12:42:59.111 D/dalvikvm(18915): Compiler shutdown in progress - discarding request
02-03 12:42:59.111 D/dalvikvm(18915): Compiler shutdown in progress - discarding request
02-03 12:42:59.111 D/dalvikvm(18915): Compiler shutdown in progress - discarding request
02-03 12:42:59.111 D/dalvikvm(18915): Compiler shutdown in progress - discarding request
02-03 12:42:59.111 D/dalvikvm(18915): Compiler shutdown in progress - discarding request
02-03 12:42:59.111 D/dalvikvm(18915): Compiler shutdown in progress - discarding request
02-03 12:42:59.111 D/dalvikvm(18915): Compiler shutdown in progress - discarding request
02-03 12:42:59.111 D/dalvikvm(18915): Compiler shutdown in progress - discarding request
02-03 12:42:59.541 D/AndroidRuntime(18926): 
02-03 12:42:59.541 D/AndroidRuntime(18926): >>>>>> AndroidRuntime START com.android.internal.os.RuntimeInit <<<<<<
02-03 12:42:59.541 D/AndroidRuntime(18926): CheckJNI is OFF
02-03 12:42:59.541 I/AndroidRuntime(18926): Kernel Release Version: 3.10.20-g25181e8-dirty
02-03 12:42:59.541 I/dalvikvm(18926): No library specified. The standard exception handler will be used
02-03 12:42:59.541 I/dalvikvm(18926): 
02-03 12:42:59.541 I/dalvikvm(18926): +++++++++++++ Using PCG. +++++++++++++++++++++
02-03 12:42:59.551 D/dalvikvm(18926): Trying to load lib libjavacore.so 0x0
02-03 12:42:59.551 D/dalvikvm(18926): Added shared lib libjavacore.so 0x0
02-03 12:42:59.551 D/dalvikvm(18926): Trying to load lib libnativehelper.so 0x0
02-03 12:42:59.551 D/dalvikvm(18926): Added shared lib libnativehelper.so 0x0
02-03 12:42:59.551 D/dalvikvm(18926): No JNI_OnLoad found in libnativehelper.so 0x0, skipping init
02-03 12:42:59.561 D/dalvikvm(18926): Extra Options: not specified
02-03 12:42:59.571 D/dalvikvm(18926): Note: class Landroid/app/ActivityManagerNative; has 186 unimplemented (abstract) methods
02-03 12:42:59.641 E/memtrack(18926): Couldn't load memtrack module (No such file or directory)
02-03 12:42:59.641 E/android.os.Debug(18926): failed to load memtrack module: -2
02-03 12:42:59.681 D/AndroidRuntime(18926): Calling main entry com.android.commands.am.Am
02-03 12:42:59.711 I/ActivityManager(14542): START u0 {flg=0x10000000 cmp=org.xwalk.webapi_noneservice_tests/.WebapiNoneserviceTestsActivity} from pid 18926
02-03 12:42:59.761 I/dalvikvm(18926): Total arena pages for JIT: 11
02-03 12:42:59.761 I/dalvikvm(18926): Total arena pages for JIT: 12
02-03 12:42:59.761 I/dalvikvm(18926): Total arena pages for JIT: 13
02-03 12:42:59.761 I/dalvikvm(18926): Total arena pages for JIT: 14
02-03 12:42:59.761 I/dalvikvm(18926): Total arena pages for JIT: 15
02-03 12:42:59.761 W/ufoGralloc(14239): registerBuffer() handle 0xb816bf10/13 didn't require registration
02-03 12:42:59.771 I/SecurityManagerService(14632): SMS received security event: App[START/org.xwalk.webapi_noneservice_tests]
02-03 12:42:59.771 D/AndroidRuntime(18926): Shutting down VM
02-03 12:42:59.771 D/dalvikvm(18937): Process 18937 nice name: org.xwalk.webapi_noneservice_tests
02-03 12:42:59.771 D/dalvikvm(18937): Extra Options: not specified
02-03 12:42:59.781 D/dalvikvm(18926): GC_CONCURRENT freed 114K, 16% free 701K/832K, paused 1ms+0ms, total 2ms
02-03 12:42:59.781 V/WeatherTimeProvider(15704): widget on Visibility Changed
02-03 12:42:59.781 I/ActivityManager(14542): Start proc org.xwalk.webapi_noneservice_tests for activity org.xwalk.webapi_noneservice_tests/.WebapiNoneserviceTestsActivity: pid=18937 uid=11605 gids={51605, 3003, 1028, 1015}
02-03 12:42:59.801 D/WindowManager(14542): adjustConfigurationLw, config:{1.0 ?mcc?mnc ?locale ?layoutDir sw600dp w600dp h888dp 213dpi lrg port ?uimode ?night finger -keyb/v/h -nav/v} mLidState:1 mHasDockFeature:false mHasKeyboardFeature:false mHasHallSensorFeature:true config.hardKeyboardHidden:2
02-03 12:42:59.801 D/dalvikvm(18926): Compiler shutdown in progress - discarding request
02-03 12:42:59.801 D/dalvikvm(18926): Compiler shutdown in progress - discarding request
02-03 12:42:59.801 D/dalvikvm(18926): Compiler shutdown in progress - discarding request
02-03 12:42:59.801 D/dalvikvm(18926): Compiler shutdown in progress - discarding request
02-03 12:42:59.801 D/dalvikvm(18926): Compiler shutdown in progress - discarding request
02-03 12:42:59.801 D/dalvikvm(18926): Compiler shutdown in progress - discarding request
02-03 12:42:59.801 D/dalvikvm(18926): Compiler shutdown in progress - discarding request
02-03 12:42:59.801 D/dalvikvm(18926): Compiler shutdown in progress - discarding request
02-03 12:42:59.801 D/dalvikvm(18926): Compiler shutdown in progress - discarding request
02-03 12:42:59.801 D/dalvikvm(18926): Compiler shutdown in progress - discarding request
02-03 12:42:59.801 D/dalvikvm(18926): Compiler shutdown in progress - discarding request
02-03 12:42:59.801 D/dalvikvm(18926): Compiler shutdown in progress - discarding request
02-03 12:42:59.801 D/dalvikvm(18926): Compiler shutdown in progress - discarding request
02-03 12:42:59.801 D/dalvikvm(18926): Compiler shutdown in progress - discarding request
02-03 12:42:59.801 D/dalvikvm(18926): Compiler shutdown in progress - discarding request
02-03 12:42:59.801 D/dalvikvm(18926): Compiler shutdown in progress - discarding request
02-03 12:42:59.801 D/dalvikvm(18926): Compiler shutdown in progress - discarding request
02-03 12:42:59.801 D/dalvikvm(18926): Compiler shutdown in progress - discarding request
02-03 12:42:59.801 D/dalvikvm(18926): Compiler shutdown in progress - discarding request
02-03 12:42:59.801 D/dalvikvm(18926): Compiler shutdown in progress - discarding request
02-03 12:42:59.801 D/dalvikvm(18926): Compiler shutdown in progress - discarding request
02-03 12:42:59.801 D/dalvikvm(18926): Compiler shutdown in progress - discarding request
02-03 12:42:59.801 D/dalvikvm(18926): Compiler shutdown in progress - discarding request
02-03 12:42:59.801 D/dalvikvm(18926): Compiler shutdown in progress - discarding request
02-03 12:42:59.801 D/dalvikvm(18926): Compiler shutdown in progress - discarding request
02-03 12:42:59.801 D/dalvikvm(18926): Compiler shutdown in progress - discarding request
02-03 12:42:59.801 D/dalvikvm(18926): Compiler shutdown in progress - discarding request
02-03 12:42:59.801 D/dalvikvm(18926): Compiler shutdown in progress - discarding request
02-03 12:42:59.801 D/dalvikvm(18926): Compiler shutdown in progress - discarding request
02-03 12:42:59.801 D/dalvikvm(18926): Compiler shutdown in progress - discarding request
02-03 12:42:59.801 D/dalvikvm(18926): Compiler shutdown in progress - discarding request
02-03 12:42:59.801 D/dalvikvm(18926): Compiler shutdown in progress - discarding request
02-03 12:42:59.801 D/dalvikvm(18926): Compiler shutdown in progress - discarding request
02-03 12:42:59.801 D/dalvikvm(18926): Compiler shutdown in progress - discarding request
02-03 12:42:59.801 D/dalvikvm(18926): Compiler shutdown in progress - discarding request
02-03 12:42:59.801 I/ActivityManager(14542): [TopPkgCurBat]	NowPkgName[org.xwalk.webapi_noneservice_tests]	Battery[92]	TimeTick[1422938579818]	OldPkgName[com.asus.launcher]
02-03 12:42:59.811 D/        (14886): Surface destroy: ANDROID_NATIVE_WINDOW_MAGIC
02-03 12:42:59.841 D/dalvikvm(14725): GC_EXPLICIT freed 383K, 8% free 6253K/6732K, paused 0ms+2ms, total 21ms
02-03 12:42:59.871 D/dalvikvm(18937): Trying to load lib /data/app-lib/org.xwalk.webapi_noneservice_tests-1/libxwalkcore.so 0x43d80410
02-03 12:42:59.941 D/dalvikvm(18937): Added shared lib /data/app-lib/org.xwalk.webapi_noneservice_tests-1/libxwalkcore.so 0x43d80410
02-03 12:42:59.951 I/LibraryLoader(18937): Time to load native libraries: 88 ms (timestamps 6101-6189)
02-03 12:42:59.951 I/LibraryLoader(18937): Expected native library version number "",actual native library version number ""
02-03 12:42:59.981 I/LibraryLoader(18937): Expected native library version number "",actual native library version number ""
02-03 12:42:59.991 I/chromium(18937): [INFO:library_loader_hooks.cc(112)] Chromium logging enabled: level = 0, default verbosity = 0
02-03 12:43:00.011 D/Clock   (14602): ACTION_TIME_TICK
02-03 12:43:00.021 D/Clock   (14602): update clock:下午12:43
02-03 12:43:00.041 D/BatteryStatsImpl(14542): noteStopWakeLocked system isFromForeground = false
02-03 12:43:00.051 I/BrowserStartupController(18937): Initializing chromium process, singleProcess=true
02-03 12:43:00.071 V/CsmClient(14542): [2] csmStop called
02-03 12:43:00.071 D/AlarmManager(14542): Triggered Alarm 21f66878 ELAPSED_REALTIME_WAKEUP IntentSender{222e2948: PendingIntentRecord{21f38fb0 android broadcastIntent}}
02-03 12:43:00.081 D/BatteryStatsImpl(14542): noteStopWakeLocked system isFromForeground = false
02-03 12:43:00.081 D/AlarmManager(14542): Added alarm Alarm{21f878e8 type 2 android} type:ELAPSED_REALTIME_WAKEUP when: After 0h:9m:59.0s
02-03 12:43:00.161 D/dalvikvm(15954): GC_CONCURRENT freed 3791K, 48% free 8721K/16616K, paused 1ms+1ms, total 7ms
02-03 12:43:00.161 D/dalvikvm(15954): WAIT_FOR_CONCURRENT_GC blocked 6ms
02-03 12:43:00.161 D/dalvikvm(15954): GC_CONCURRENT freed 4033K, 48% free 8760K/16616K, paused 0ms+1ms, total 3ms
02-03 12:43:00.161 D/dalvikvm(15954): WAIT_FOR_CONCURRENT_GC blocked 2ms
02-03 12:43:00.171 D/dalvikvm(15954): GC_CONCURRENT freed 4066K, 48% free 8750K/16616K, paused 0ms+1ms, total 3ms
02-03 12:43:00.171 D/dalvikvm(15954): WAIT_FOR_CONCURRENT_GC blocked 3ms
02-03 12:43:00.181 D/dalvikvm(15954): GC_FOR_ALLOC freed 4084K, 48% free 8714K/16616K, paused 3ms, total 3ms
02-03 12:43:00.191 D/dalvikvm(15954): GC_CONCURRENT freed 4008K, 48% free 8783K/16616K, paused 1ms+1ms, total 4ms
02-03 12:43:00.191 D/dalvikvm(15954): WAIT_FOR_CONCURRENT_GC blocked 3ms
02-03 12:43:00.191 D/dalvikvm(15954): GC_CONCURRENT freed 4020K, 47% free 8856K/16616K, paused 1ms+1ms, total 4ms
02-03 12:43:00.191 D/dalvikvm(15954): WAIT_FOR_CONCURRENT_GC blocked 3ms
02-03 12:43:00.201 D/dalvikvm(15954): GC_CONCURRENT freed 4096K, 47% free 8807K/16616K, paused 0ms+1ms, total 4ms
02-03 12:43:00.201 D/dalvikvm(15954): WAIT_FOR_CONCURRENT_GC blocked 3ms
02-03 12:43:00.211 D/dalvikvm(15954): GC_CONCURRENT freed 4037K, 48% free 8783K/16616K, paused 0ms+1ms, total 3ms
02-03 12:43:00.211 D/dalvikvm(15954): WAIT_FOR_CONCURRENT_GC blocked 2ms
02-03 12:43:00.211 D/dalvikvm(15954): GC_CONCURRENT freed 4085K, 48% free 8754K/16616K, paused 1ms+1ms, total 4ms
02-03 12:43:00.211 D/dalvikvm(15954): WAIT_FOR_CONCURRENT_GC blocked 3ms
02-03 12:43:00.221 D/dalvikvm(15954): GC_CONCURRENT freed 3892K, 47% free 8923K/16616K, paused 1ms+1ms, total 4ms
02-03 12:43:00.221 D/dalvikvm(15954): WAIT_FOR_CONCURRENT_GC blocked 3ms
02-03 12:43:00.231 D/dalvikvm(15954): GC_CONCURRENT freed 4103K, 47% free 8852K/16616K, paused 1ms+1ms, total 4ms
02-03 12:43:00.231 D/dalvikvm(15954): WAIT_FOR_CONCURRENT_GC blocked 3ms
02-03 12:43:00.231 D/dalvikvm(15954): GC_CONCURRENT freed 3997K, 47% free 8862K/16616K, paused 1ms+1ms, total 3ms
02-03 12:43:00.241 D/dalvikvm(15954): WAIT_FOR_CONCURRENT_GC blocked 3ms
02-03 12:43:00.241 D/dalvikvm(15954): GC_CONCURRENT freed 4174K, 48% free 8778K/16616K, paused 0ms+1ms, total 3ms
02-03 12:43:00.241 D/dalvikvm(15954): WAIT_FOR_CONCURRENT_GC blocked 3ms
02-03 12:43:00.251 D/dalvikvm(15954): GC_CONCURRENT freed 4009K, 48% free 8784K/16616K, paused 1ms+1ms, total 4ms
02-03 12:43:00.251 D/dalvikvm(15954): WAIT_FOR_CONCURRENT_GC blocked 3ms
02-03 12:43:00.261 D/dalvikvm(15954): GC_CONCURRENT freed 3960K, 47% free 8840K/16616K, paused 1ms+0ms, total 4ms
02-03 12:43:00.261 D/dalvikvm(15954): WAIT_FOR_CONCURRENT_GC blocked 3ms
02-03 12:43:00.261 D/dalvikvm(15954): GC_FOR_ALLOC freed 4043K, 48% free 8743K/16616K, paused 2ms, total 2ms
02-03 12:43:00.271 D/dalvikvm(15954): GC_CONCURRENT freed 3963K, 47% free 8853K/16616K, paused 1ms+1ms, total 4ms
02-03 12:43:00.271 D/dalvikvm(15954): WAIT_FOR_CONCURRENT_GC blocked 3ms
02-03 12:43:00.271 D/dalvikvm(15954): GC_CONCURRENT freed 4026K, 47% free 8913K/16616K, paused 1ms+1ms, total 3ms
02-03 12:43:00.271 D/dalvikvm(15954): WAIT_FOR_CONCURRENT_GC blocked 2ms
02-03 12:43:00.281 D/dalvikvm(15954): GC_CONCURRENT freed 4088K, 47% free 8865K/16616K, paused 1ms+1ms, total 4ms
02-03 12:43:00.281 D/dalvikvm(15954): WAIT_FOR_CONCURRENT_GC blocked 3ms
02-03 12:43:00.291 D/dalvikvm(15954): GC_CONCURRENT freed 4026K, 47% free 8871K/16616K, paused 1ms+0ms, total 4ms
02-03 12:43:00.291 D/dalvikvm(15954): WAIT_FOR_CONCURRENT_GC blocked 3ms
02-03 12:43:00.291 D/dalvikvm(15954): GC_CONCURRENT freed 3950K, 47% free 8936K/16616K, paused 1ms+1ms, total 4ms
02-03 12:43:00.291 D/dalvikvm(15954): WAIT_FOR_CONCURRENT_GC blocked 3ms
02-03 12:43:00.301 D/dalvikvm(15954): GC_FOR_ALLOC freed 4108K, 48% free 8761K/16616K, paused 3ms, total 3ms
02-03 12:43:00.311 D/dalvikvm(15954): GC_CONCURRENT freed 4018K, 47% free 8826K/16616K, paused 1ms+1ms, total 3ms
02-03 12:43:00.311 D/dalvikvm(15954): WAIT_FOR_CONCURRENT_GC blocked 3ms
02-03 12:43:00.311 D/dalvikvm(15954): GC_FOR_ALLOC freed 3982K, 47% free 8829K/16616K, paused 3ms, total 3ms
02-03 12:43:00.321 D/dalvikvm(15954): GC_CONCURRENT freed 2576K, 44% free 9412K/16616K, paused 1ms+1ms, total 5ms
02-03 12:43:00.321 D/dalvikvm(15954): GC_FOR_ALLOC freed 4579K, 48% free 8771K/16616K, paused 3ms, total 3ms
02-03 12:43:00.331 D/dalvikvm(15954): GC_CONCURRENT freed 3876K, 46% free 8975K/16616K, paused 1ms+1ms, total 3ms
02-03 12:43:00.331 D/dalvikvm(15954): WAIT_FOR_CONCURRENT_GC blocked 3ms
02-03 12:43:00.341 D/dalvikvm(15954): GC_FOR_ALLOC freed 4155K, 48% free 8776K/16616K, paused 2ms, total 2ms
02-03 12:43:00.341 D/dalvikvm(15954): GC_CONCURRENT freed 3884K, 46% free 8987K/16616K, paused 1ms+1ms, total 4ms
02-03 12:43:00.341 D/dalvikvm(15954): WAIT_FOR_CONCURRENT_GC blocked 3ms
02-03 12:43:00.351 D/dalvikvm(15954): GC_FOR_ALLOC freed 4093K, 47% free 8851K/16616K, paused 3ms, total 3ms
02-03 12:43:00.351 D/dalvikvm(15954): GC_CONCURRENT freed 4020K, 47% free 8855K/16616K, paused 1ms+1ms, total 4ms
02-03 12:43:00.351 D/dalvikvm(15954): WAIT_FOR_CONCURRENT_GC blocked 3ms
02-03 12:43:00.361 D/dalvikvm(15954): GC_CONCURRENT freed 4087K, 47% free 8859K/16616K, paused 1ms+1ms, total 4ms
02-03 12:43:00.361 D/dalvikvm(15954): WAIT_FOR_CONCURRENT_GC blocked 3ms
02-03 12:43:00.371 D/dalvikvm(15954): GC_FOR_ALLOC freed 4005K, 48% free 8788K/16616K, paused 5ms, total 5ms
02-03 12:43:00.381 D/dalvikvm(15954): GC_CONCURRENT freed 3839K, 46% free 9016K/16616K, paused 1ms+1ms, total 5ms
02-03 12:43:00.381 D/dalvikvm(15954): WAIT_FOR_CONCURRENT_GC blocked 4ms
02-03 12:43:00.381 D/dalvikvm(15954): GC_FOR_ALLOC freed 4126K, 48% free 8793K/16616K, paused 4ms, total 4ms
02-03 12:43:00.391 D/dalvikvm(15954): GC_CONCURRENT freed 3953K, 47% free 8872K/16616K, paused 1ms+1ms, total 4ms
02-03 12:43:00.401 D/dalvikvm(15954): GC_CONCURRENT freed 3851K, 46% free 9033K/16616K, paused 1ms+1ms, total 4ms
02-03 12:43:00.401 D/dalvikvm(15954): WAIT_FOR_CONCURRENT_GC blocked 2ms
02-03 12:43:00.401 D/dalvikvm(15954): GC_CONCURRENT freed 4144K, 47% free 8959K/16616K, paused 1ms+1ms, total 3ms
02-03 12:43:00.401 D/dalvikvm(15954): WAIT_FOR_CONCURRENT_GC blocked 2ms
02-03 12:43:00.411 D/dalvikvm(15954): GC_FOR_ALLOC freed 4123K, 48% free 8801K/16616K, paused 3ms, total 3ms
02-03 12:43:00.421 D/dalvikvm(15954): GC_CONCURRENT freed 3852K, 47% free 8968K/16616K, paused 0ms+1ms, total 3ms
02-03 12:43:00.421 D/dalvikvm(15954): WAIT_FOR_CONCURRENT_GC blocked 3ms
02-03 12:43:00.421 D/dalvikvm(15954): GC_CONCURRENT freed 4068K, 46% free 8973K/16616K, paused 1ms+1ms, total 4ms
02-03 12:43:00.421 D/dalvikvm(15954): WAIT_FOR_CONCURRENT_GC blocked 3ms
02-03 12:43:00.431 D/dalvikvm(15954): GC_FOR_ALLOC freed 3868K, 46% free 9060K/16616K, paused 2ms, total 2ms
02-03 12:43:00.431 D/dalvikvm(15954): GC_CONCURRENT freed 4171K, 47% free 8895K/16616K, paused 1ms+1ms, total 4ms
02-03 12:43:00.431 D/dalvikvm(15954): WAIT_FOR_CONCURRENT_GC blocked 3ms
02-03 12:43:00.441 D/dalvikvm(15954): GC_FOR_ALLOC freed 4050K, 47% free 8812K/16616K, paused 3ms, total 3ms
02-03 12:43:00.451 D/dalvikvm(15954): GC_FOR_ALLOC freed 3833K, 47% free 8901K/16616K, paused 3ms, total 3ms
02-03 12:43:00.451 D/dalvikvm(15954): GC_CONCURRENT freed 3964K, 46% free 8992K/16616K, paused 1ms+1ms, total 3ms
02-03 12:43:00.451 D/dalvikvm(15954): WAIT_FOR_CONCURRENT_GC blocked 2ms
02-03 12:43:00.461 D/dalvikvm(15954): GC_CONCURRENT freed 4094K, 47% free 8907K/16616K, paused 1ms+1ms, total 4ms
02-03 12:43:00.461 D/dalvikvm(15954): WAIT_FOR_CONCURRENT_GC blocked 3ms
02-03 12:43:00.461 D/dalvikvm(15954): GC_FOR_ALLOC freed 3779K, 46% free 9090K/16616K, paused 2ms, total 2ms
02-03 12:43:00.471 D/dalvikvm(15954): GC_CONCURRENT freed 4092K, 46% free 9004K/16616K, paused 1ms+1ms, total 4ms
02-03 12:43:00.471 D/dalvikvm(15954): WAIT_FOR_CONCURRENT_GC blocked 3ms
02-03 12:43:00.481 D/dalvikvm(15954): GC_FOR_ALLOC freed 4041K, 47% free 8823K/16616K, paused 3ms, total 3ms
02-03 12:43:00.481 D/dalvikvm(15954): GC_FOR_ALLOC freed 3896K, 47% free 8825K/16616K, paused 3ms, total 3ms
02-03 12:43:00.491 D/dalvikvm(15954): GC_FOR_ALLOC freed 3934K, 47% free 8827K/16616K, paused 3ms, total 3ms
02-03 12:43:00.491 D/dalvikvm(15954): GC_CONCURRENT freed 3782K, 46% free 9018K/16616K, paused 1ms+1ms, total 3ms
02-03 12:43:00.501 D/dalvikvm(15954): WAIT_FOR_CONCURRENT_GC blocked 3ms
02-03 12:43:00.501 D/dalvikvm(15954): GC_CONCURRENT freed 4008K, 46% free 9022K/16616K, paused 1ms+1ms, total 4ms
02-03 12:43:00.501 D/dalvikvm(15954): WAIT_FOR_CONCURRENT_GC blocked 3ms
02-03 12:43:00.511 D/dalvikvm(15954): GC_CONCURRENT freed 4045K, 46% free 9025K/16616K, paused 1ms+1ms, total 4ms
02-03 12:43:00.511 D/dalvikvm(15954): WAIT_FOR_CONCURRENT_GC blocked 3ms
02-03 12:43:00.521 D/dalvikvm(15954): GC_CONCURRENT freed 4083K, 46% free 9029K/16616K, paused 1ms+1ms, total 4ms
02-03 12:43:00.521 D/dalvikvm(15954): WAIT_FOR_CONCURRENT_GC blocked 3ms
02-03 12:43:00.521 D/dalvikvm(15954): GC_FOR_ALLOC freed 3824K, 46% free 9130K/16616K, paused 3ms, total 4ms
02-03 12:43:00.531 D/dalvikvm(15954): GC_FOR_ALLOC freed 4155K, 47% free 8936K/16616K, paused 3ms, total 3ms
02-03 12:43:00.531 W/AudioManagerAndroid(18937): Requires BLUETOOTH permission
02-03 12:43:00.541 D/dalvikvm(15954): GC_FOR_ALLOC freed 3993K, 47% free 8839K/16616K, paused 4ms, total 4ms
02-03 12:43:00.541 I/ufoGralloc(18937): Hello, this is UFO GRALLOC/Intel Corporation
02-03 12:43:00.541 D/dalvikvm(15954): GC_FOR_ALLOC freed 3723K, 45% free 9143K/16616K, paused 3ms, total 3ms
02-03 12:43:00.551 D/        (18937): Pixel Format : GGL_PIXEL_FORMAT_RGBA_8888
02-03 12:43:00.551 D/        (18937): droid_create_context : config id = 1 conf->NativeVisualID=1
02-03 12:43:00.551 D/        (18937): Pixel Format : GGL_PIXEL_FORMAT_RGBA_8888
02-03 12:43:00.551 I/        (18937): Requested context : GLES 2.0
02-03 12:43:00.551 D/dalvikvm(15954): GC_CONCURRENT freed 304K, 43% free 9547K/16616K, paused 1ms+2ms, total 5ms
02-03 12:43:00.561 D/dalvikvm(15954): GC_CONCURRENT freed 4672K, 47% free 8945K/16616K, paused 1ms+1ms, total 4ms
02-03 12:43:00.561 D/dalvikvm(15954): WAIT_FOR_CONCURRENT_GC blocked 3ms
02-03 12:43:00.561 D/dalvikvm(15954): GC_CONCURRENT freed 3898K, 46% free 9050K/16616K, paused 1ms+0ms, total 4ms
02-03 12:43:00.561 D/dalvikvm(15954): WAIT_FOR_CONCURRENT_GC blocked 2ms
02-03 12:43:00.571 D/dalvikvm(15954): GC_FOR_ALLOC freed 4031K, 47% free 8949K/16616K, paused 2ms, total 2ms
02-03 12:43:00.581 D/dalvikvm(15954): GC_CONCURRENT freed 3959K, 46% free 9056K/16616K, paused 0ms+0ms, total 4ms
02-03 12:43:00.581 D/dalvikvm(15954): GC_CONCURRENT freed 4101K, 47% free 8955K/16616K, paused 2ms+1ms, total 4ms
02-03 12:43:00.581 D/dalvikvm(15954): WAIT_FOR_CONCURRENT_GC blocked 2ms
02-03 12:43:00.591 D/dalvikvm(15954): GC_FOR_ALLOC freed 3708K, 45% free 9169K/16616K, paused 3ms, total 3ms
02-03 12:43:00.601 D/dalvikvm(15954): GC_FOR_ALLOC freed 4270K, 47% free 8853K/16616K, paused 4ms, total 4ms
02-03 12:43:00.601 W/chromium(18937): [WARNING:proxy_service.cc(899)] PAC support disabled because there is no system implementation
02-03 12:43:00.601 D/dalvikvm(15954): GC_CONCURRENT freed 3979K, 47% free 8962K/16616K, paused 1ms+1ms, total 4ms
02-03 12:43:00.601 D/dalvikvm(15954): WAIT_FOR_CONCURRENT_GC blocked 3ms
02-03 12:43:00.611 W/dalvikvm(18937): VFY: unable to find class referenced in signature (Landroid/view/inputmethod/CursorAnchorInfo;)
02-03 12:43:00.611 I/dalvikvm(18937): Could not find method android.view.inputmethod.InputMethodManager.updateCursorAnchorInfo, referenced from method org.chromium.content.browser.input.InputMethodManagerWrapper.updateCursorAnchorInfo
02-03 12:43:00.611 W/dalvikvm(18937): VFY: unable to resolve virtual method 1241: Landroid/view/inputmethod/InputMethodManager;.updateCursorAnchorInfo (Landroid/view/View;Landroid/view/inputmethod/CursorAnchorInfo;)V
02-03 12:43:00.611 D/dalvikvm(18937): VFY: replacing opcode 0x6e at 0x000a
02-03 12:43:00.611 D/dalvikvm(15954): GC_CONCURRENT freed 3792K, 45% free 9181K/16616K, paused 1ms+1ms, total 5ms
02-03 12:43:00.621 D/dalvikvm(15954): GC_CONCURRENT freed 4147K, 46% free 9076K/16616K, paused 1ms+1ms, total 4ms
02-03 12:43:00.621 D/dalvikvm(15954): WAIT_FOR_CONCURRENT_GC blocked 3ms
02-03 12:43:00.621 D/dalvikvm(15954): GC_FOR_ALLOC freed 4066K, 47% free 8859K/16616K, paused 4ms, total 4ms
02-03 12:43:00.631 D/dalvikvm(15954): GC_FOR_ALLOC freed 3874K, 47% free 8861K/16616K, paused 3ms, total 3ms
02-03 12:43:00.641 D/dalvikvm(15954): GC_FOR_ALLOC freed 3900K, 47% free 8862K/16616K, paused 3ms, total 4ms
02-03 12:43:00.641 D/dalvikvm(15954): GC_FOR_ALLOC freed 3926K, 47% free 8864K/16616K, paused 3ms, total 3ms
02-03 12:43:00.651 D/dalvikvm(15954): GC_FOR_ALLOC freed 3952K, 47% free 8865K/16616K, paused 3ms, total 3ms
02-03 12:43:00.661 D/dalvikvm(15954): GC_CONCURRENT freed 3751K, 46% free 9094K/16616K, paused 1ms+1ms, total 3ms
02-03 12:43:00.661 D/dalvikvm(15954): WAIT_FOR_CONCURRENT_GC blocked 2ms
02-03 12:43:00.661 D/dalvikvm(15954): GC_CONCURRENT freed 4003K, 46% free 9097K/16616K, paused 1ms+1ms, total 4ms
02-03 12:43:00.661 D/dalvikvm(15954): WAIT_FOR_CONCURRENT_GC blocked 3ms
02-03 12:43:00.671 E/cutils  (  163): Failed to mkdirat(/Removable/MicroSD): Read-only file system
02-03 12:43:00.671 W/ContextImpl(18937): Failed to ensure directory: /Removable/MicroSD/Android/data/org.xwalk.webapi_noneservice_tests/cache
02-03 12:43:00.671 W/XWalkExtensionManager(18937): Failed to read extensions-config.json
