02-03 10:46:12.901 W/BindingManager( 6176): Cannot call determinedVisibility() - never saw a connection for the pid: 6176
02-03 10:46:13.531 W/BindingManager( 6176): Cannot call determinedVisibility() - never saw a connection for the pid: 6176
02-03 10:46:13.621 I/chromium( 6176): [INFO:CONSOLE(36)] "Uncaught SecurityError: Failed to execute 'webkitRequestFileSystemSync' on 'WorkerGlobalScope': It was determined that certain files are unsafe for access within a Web application, or that too many calls are being made on file resources.", source: app://org.xwalk.webapi_noneservice_tests//opt/tct-filewriterapi-w3c-tests/filewriterapi/filewriter_sync.js (36)
02-03 10:46:15.481 D/dalvikvm( 2070): GC_CONCURRENT freed 7059K, 51% free 7699K/15504K, paused 1ms+1ms, total 7ms
02-03 10:46:15.481 D/dalvikvm( 2070): WAIT_FOR_CONCURRENT_GC blocked 6ms
02-03 10:46:15.491 D/dalvikvm( 2070): GC_CONCURRENT freed 4010K, 50% free 7756K/15504K, paused 1ms+1ms, total 3ms
02-03 10:46:15.491 D/dalvikvm( 2070): WAIT_FOR_CONCURRENT_GC blocked 2ms
02-03 10:46:15.491 D/dalvikvm( 2070): GC_CONCURRENT freed 4079K, 50% free 7755K/15504K, paused 1ms+1ms, total 3ms
02-03 10:46:15.491 D/dalvikvm( 2070): WAIT_FOR_CONCURRENT_GC blocked 2ms
02-03 10:46:15.511 D/dalvikvm( 2070): GC_CONCURRENT freed 4018K, 50% free 7802K/15504K, paused 0ms+2ms, total 15ms
02-03 10:46:15.511 D/dalvikvm( 2070): WAIT_FOR_CONCURRENT_GC blocked 14ms
02-03 10:46:15.521 D/dalvikvm( 2070): GC_CONCURRENT freed 4050K, 50% free 7832K/15504K, paused 0ms+1ms, total 4ms
02-03 10:46:15.521 D/dalvikvm( 2070): WAIT_FOR_CONCURRENT_GC blocked 3ms
02-03 10:46:15.531 D/dalvikvm( 2070): GC_CONCURRENT freed 4049K, 48% free 8068K/15504K, paused 0ms+1ms, total 3ms
02-03 10:46:15.541 D/dalvikvm( 2070): GC_CONCURRENT freed 4337K, 50% free 7774K/15504K, paused 1ms+1ms, total 3ms
02-03 10:46:15.541 D/dalvikvm( 2070): WAIT_FOR_CONCURRENT_GC blocked 2ms
02-03 10:46:15.541 D/dalvikvm( 2070): GC_CONCURRENT freed 4009K, 50% free 7819K/15504K, paused 0ms+1ms, total 3ms
02-03 10:46:15.541 D/dalvikvm( 2070): WAIT_FOR_CONCURRENT_GC blocked 3ms
02-03 10:46:15.551 D/dalvikvm( 2070): GC_CONCURRENT freed 4145K, 50% free 7755K/15504K, paused 1ms+1ms, total 3ms
02-03 10:46:15.551 D/dalvikvm( 2070): WAIT_FOR_CONCURRENT_GC blocked 2ms
02-03 10:46:15.561 D/dalvikvm( 2070): GC_CONCURRENT freed 3968K, 50% free 7803K/15504K, paused 1ms+1ms, total 3ms
02-03 10:46:15.561 D/dalvikvm( 2070): WAIT_FOR_CONCURRENT_GC blocked 3ms
02-03 10:46:15.561 D/dalvikvm( 2070): GC_CONCURRENT freed 3939K, 49% free 7938K/15504K, paused 1ms+1ms, total 3ms
02-03 10:46:15.561 D/dalvikvm( 2070): WAIT_FOR_CONCURRENT_GC blocked 1ms
02-03 10:46:15.571 D/dalvikvm( 2070): GC_CONCURRENT freed 4089K, 50% free 7819K/15504K, paused 1ms+1ms, total 4ms
02-03 10:46:15.571 D/dalvikvm( 2070): WAIT_FOR_CONCURRENT_GC blocked 3ms
02-03 10:46:15.571 D/dalvikvm( 2070): GC_CONCURRENT freed 3999K, 50% free 7872K/15504K, paused 0ms+1ms, total 3ms
02-03 10:46:15.571 D/dalvikvm( 2070): WAIT_FOR_CONCURRENT_GC blocked 3ms
02-03 10:46:15.581 D/dalvikvm( 2070): GC_FOR_ALLOC freed 4214K, 51% free 7738K/15504K, paused 3ms, total 3ms
02-03 10:46:15.591 D/dalvikvm( 2070): GC_CONCURRENT freed 3881K, 50% free 7890K/15504K, paused 0ms+2ms, total 3ms
02-03 10:46:15.591 D/dalvikvm( 2070): WAIT_FOR_CONCURRENT_GC blocked 3ms
02-03 10:46:15.591 D/dalvikvm( 2070): GC_CONCURRENT freed 4067K, 50% free 7848K/15504K, paused 1ms+1ms, total 3ms
02-03 10:46:15.591 D/dalvikvm( 2070): WAIT_FOR_CONCURRENT_GC blocked 2ms
02-03 10:46:15.601 D/dalvikvm( 2070): GC_CONCURRENT freed 4043K, 50% free 7854K/15504K, paused 1ms+2ms, total 4ms
02-03 10:46:15.601 D/dalvikvm( 2070): WAIT_FOR_CONCURRENT_GC blocked 3ms
02-03 10:46:15.611 D/dalvikvm( 2070): GC_CONCURRENT freed 4004K, 49% free 7915K/15504K, paused 0ms+1ms, total 3ms
02-03 10:46:15.611 D/dalvikvm( 2070): WAIT_FOR_CONCURRENT_GC blocked 3ms
02-03 10:46:15.611 D/dalvikvm( 2070): GC_CONCURRENT freed 4066K, 50% free 7867K/15504K, paused 1ms+1ms, total 3ms
02-03 10:46:15.611 D/dalvikvm( 2070): WAIT_FOR_CONCURRENT_GC blocked 2ms
02-03 10:46:15.621 D/dalvikvm( 2070): GC_CONCURRENT freed 4005K, 50% free 7873K/15504K, paused 1ms+1ms, total 3ms
02-03 10:46:15.621 D/dalvikvm( 2070): WAIT_FOR_CONCURRENT_GC blocked 2ms
02-03 10:46:15.621 D/dalvikvm( 2070): GC_CONCURRENT freed 3930K, 49% free 7937K/15504K, paused 1ms+1ms, total 3ms
02-03 10:46:15.621 D/dalvikvm( 2070): WAIT_FOR_CONCURRENT_GC blocked 2ms
02-03 10:46:15.631 D/dalvikvm( 2070): GC_FOR_ALLOC freed 4088K, 50% free 7763K/15504K, paused 3ms, total 3ms
02-03 10:46:15.641 D/dalvikvm( 2070): GC_CONCURRENT freed 3999K, 50% free 7828K/15504K, paused 1ms+1ms, total 3ms
02-03 10:46:15.641 D/dalvikvm( 2070): WAIT_FOR_CONCURRENT_GC blocked 2ms
02-03 10:46:15.641 D/dalvikvm( 2070): GC_CONCURRENT freed 3963K, 49% free 7958K/15504K, paused 0ms+1ms, total 2ms
02-03 10:46:15.641 D/dalvikvm( 2070): WAIT_FOR_CONCURRENT_GC blocked 3ms
02-03 10:46:15.651 D/dalvikvm( 2070): GC_CONCURRENT freed 4047K, 49% free 7965K/15504K, paused 0ms+1ms, total 3ms
02-03 10:46:15.651 D/dalvikvm( 2070): WAIT_FOR_CONCURRENT_GC blocked 3ms
02-03 10:46:15.661 D/dalvikvm( 2070): GC_CONCURRENT freed 4132K, 50% free 7840K/15504K, paused 1ms+1ms, total 3ms
02-03 10:46:15.661 D/dalvikvm( 2070): WAIT_FOR_CONCURRENT_GC blocked 2ms
02-03 10:46:15.661 D/dalvikvm( 2070): GC_CONCURRENT freed 3948K, 49% free 7911K/15504K, paused 1ms+1ms, total 3ms
02-03 10:46:15.661 D/dalvikvm( 2070): WAIT_FOR_CONCURRENT_GC blocked 2ms
02-03 10:46:15.671 D/dalvikvm( 2070): GC_CONCURRENT freed 4089K, 50% free 7847K/15504K, paused 1ms+1ms, total 3ms
02-03 10:46:15.671 D/dalvikvm( 2070): WAIT_FOR_CONCURRENT_GC blocked 2ms
02-03 10:46:15.671 D/dalvikvm( 2070): GC_CONCURRENT freed 3886K, 49% free 7990K/15504K, paused 1ms+1ms, total 3ms
02-03 10:46:15.671 D/dalvikvm( 2070): WAIT_FOR_CONCURRENT_GC blocked 2ms
02-03 10:46:15.681 D/dalvikvm( 2070): GC_FOR_ALLOC freed 3953K, 49% free 7996K/15504K, paused 2ms, total 3ms
02-03 10:46:15.691 D/dalvikvm( 2070): GC_CONCURRENT freed 4020K, 49% free 8002K/15504K, paused 0ms+1ms, total 3ms
02-03 10:46:15.691 D/dalvikvm( 2070): WAIT_FOR_CONCURRENT_GC blocked 3ms
02-03 10:46:15.691 D/dalvikvm( 2070): GC_CONCURRENT freed 4087K, 49% free 8008K/15504K, paused 0ms+1ms, total 3ms
02-03 10:46:15.691 D/dalvikvm( 2070): WAIT_FOR_CONCURRENT_GC blocked 3ms
02-03 10:46:15.701 D/dalvikvm( 2070): GC_CONCURRENT freed 4154K, 50% free 7866K/15504K, paused 0ms+1ms, total 3ms
02-03 10:46:15.701 D/dalvikvm( 2070): WAIT_FOR_CONCURRENT_GC blocked 3ms
02-03 10:46:15.701 D/dalvikvm( 2070): GC_CONCURRENT freed 3919K, 49% free 7945K/15504K, paused 1ms+1ms, total 3ms
02-03 10:46:15.701 D/dalvikvm( 2070): WAIT_FOR_CONCURRENT_GC blocked 2ms
02-03 10:46:15.711 D/dalvikvm( 2070): GC_CONCURRENT freed 4051K, 50% free 7872K/15504K, paused 1ms+1ms, total 3ms
02-03 10:46:15.711 D/dalvikvm( 2070): WAIT_FOR_CONCURRENT_GC blocked 2ms
02-03 10:46:15.721 D/dalvikvm( 2070): GC_FOR_ALLOC freed 3800K, 49% free 8031K/15504K, paused 3ms, total 3ms
02-03 10:46:15.721 D/dalvikvm( 2070): GC_CONCURRENT freed 4089K, 49% free 7958K/15504K, paused 1ms+1ms, total 3ms
02-03 10:46:15.721 D/dalvikvm( 2070): WAIT_FOR_CONCURRENT_GC blocked 2ms
02-03 10:46:15.731 D/dalvikvm( 2070): GC_FOR_ALLOC freed 4066K, 50% free 7802K/15504K, paused 3ms, total 3ms
02-03 10:46:15.731 D/dalvikvm( 2070): GC_FOR_ALLOC freed 3963K, 50% free 7804K/15504K, paused 3ms, total 3ms
02-03 10:46:15.741 D/dalvikvm( 2070): GC_CONCURRENT freed 3850K, 49% free 7971K/15504K, paused 1ms+1ms, total 3ms
02-03 10:46:15.751 D/dalvikvm( 2070): GC_CONCURRENT freed 4068K, 49% free 7975K/15504K, paused 1ms+2ms, total 4ms
02-03 10:46:15.751 D/dalvikvm( 2070): GC_FOR_ALLOC freed 3870K, 48% free 8063K/15504K, paused 3ms, total 3ms
02-03 10:46:15.761 D/dalvikvm( 2070): GC_CONCURRENT freed 4171K, 50% free 7898K/15504K, paused 1ms+1ms, total 3ms
02-03 10:46:15.761 D/dalvikvm( 2070): WAIT_FOR_CONCURRENT_GC blocked 2ms
02-03 10:46:15.761 D/dalvikvm( 2070): GC_FOR_ALLOC freed 4050K, 50% free 7815K/15504K, paused 3ms, total 3ms
02-03 10:46:15.771 D/dalvikvm( 2070): GC_FOR_ALLOC freed 3833K, 50% free 7904K/15504K, paused 2ms, total 3ms
02-03 10:46:15.781 D/dalvikvm( 2070): GC_CONCURRENT freed 3964K, 49% free 7995K/15504K, paused 1ms+2ms, total 4ms
02-03 10:46:15.781 D/dalvikvm( 2070): WAIT_FOR_CONCURRENT_GC blocked 3ms
02-03 10:46:15.781 D/dalvikvm( 2070): GC_CONCURRENT freed 4094K, 49% free 7910K/15504K, paused 1ms+1ms, total 3ms
02-03 10:46:15.781 D/dalvikvm( 2070): WAIT_FOR_CONCURRENT_GC blocked 2ms
02-03 10:46:15.791 D/dalvikvm( 2070): GC_FOR_ALLOC freed 3779K, 48% free 8093K/15504K, paused 2ms, total 3ms
02-03 10:46:15.791 D/dalvikvm( 2070): GC_CONCURRENT freed 4092K, 49% free 8007K/15504K, paused 1ms+1ms, total 3ms
02-03 10:46:15.791 D/dalvikvm( 2070): WAIT_FOR_CONCURRENT_GC blocked 2ms
02-03 10:46:15.801 D/dalvikvm( 2070): GC_FOR_ALLOC freed 4041K, 50% free 7826K/15504K, paused 2ms, total 2ms
02-03 10:46:15.801 D/dalvikvm( 2070): GC_FOR_ALLOC freed 3896K, 50% free 7828K/15504K, paused 2ms, total 3ms
02-03 10:46:15.811 D/dalvikvm( 2070): GC_FOR_ALLOC freed 3934K, 50% free 7830K/15504K, paused 3ms, total 3ms
02-03 10:46:15.811 D/dalvikvm( 2070): GC_CONCURRENT freed 3782K, 49% free 8021K/15504K, paused 1ms+1ms, total 4ms
02-03 10:46:15.811 D/dalvikvm( 2070): WAIT_FOR_CONCURRENT_GC blocked 3ms
02-03 10:46:15.821 D/dalvikvm( 2070): GC_CONCURRENT freed 4008K, 49% free 8025K/15504K, paused 0ms+1ms, total 3ms
02-03 10:46:15.821 D/dalvikvm( 2070): WAIT_FOR_CONCURRENT_GC blocked 3ms
02-03 10:46:15.831 D/dalvikvm( 2070): GC_CONCURRENT freed 4045K, 49% free 8028K/15504K, paused 1ms+1ms, total 3ms
02-03 10:46:15.831 D/dalvikvm( 2070): WAIT_FOR_CONCURRENT_GC blocked 2ms
02-03 10:46:15.831 D/dalvikvm( 2070): GC_CONCURRENT freed 4083K, 49% free 8032K/15504K, paused 1ms+1ms, total 3ms
02-03 10:46:15.831 D/dalvikvm( 2070): WAIT_FOR_CONCURRENT_GC blocked 2ms
02-03 10:46:15.841 D/dalvikvm( 2070): GC_FOR_ALLOC freed 3824K, 48% free 8133K/15504K, paused 5ms, total 5ms
02-03 10:46:15.841 D/dalvikvm( 2070): GC_FOR_ALLOC freed 4155K, 49% free 7939K/15504K, paused 2ms, total 2ms
02-03 10:46:15.851 D/dalvikvm( 2070): GC_FOR_ALLOC freed 3993K, 50% free 7842K/15504K, paused 2ms, total 2ms
02-03 10:46:15.861 D/dalvikvm( 2070): GC_CONCURRENT freed 3723K, 48% free 8146K/15504K, paused 1ms+1ms, total 3ms
02-03 10:46:15.861 D/dalvikvm( 2070): WAIT_FOR_CONCURRENT_GC blocked 2ms
02-03 10:46:15.861 D/dalvikvm( 2070): GC_CONCURRENT freed 4262K, 49% free 7947K/15504K, paused 1ms+1ms, total 3ms
02-03 10:46:15.861 D/dalvikvm( 2070): WAIT_FOR_CONCURRENT_GC blocked 3ms
02-03 10:46:15.871 D/dalvikvm( 2070): GC_FOR_ALLOC freed 3988K, 50% free 7849K/15504K, paused 2ms, total 2ms
02-03 10:46:15.871 W/System.err( 2070): java.lang.ArrayIndexOutOfBoundsException: length=112351; index=-32768
02-03 10:46:15.871 W/System.err( 2070): 	at com.googlehelp.service.l.a(Unknown Source)
02-03 10:46:15.871 W/System.err( 2070): 	at com.googlehelp.service.l.a(Unknown Source)
02-03 10:46:15.871 W/System.err( 2070): 	at com.googlehelp.service.l.a(Unknown Source)
02-03 10:46:15.871 W/System.err( 2070): 	at com.googlehelp.service.h.a(Unknown Source)
02-03 10:46:15.871 W/System.err( 2070): 	at com.googlehelp.service.h.run(Unknown Source)
02-03 10:46:15.871 W/System.err( 2070): 	at java.util.Timer$TimerImpl.run(Timer.java:284)
02-03 10:46:15.881 D/dalvikvm( 2070): GC_CONCURRENT freed 3961K, 49% free 7956K/15504K, paused 0ms+0ms, total 3ms
02-03 10:46:15.881 D/dalvikvm( 2070): WAIT_FOR_CONCURRENT_GC blocked 3ms
02-03 10:46:15.931 D/dalvikvm( 2070): GC_CONCURRENT freed 3983K, 33% free 8049K/11872K, paused 0ms+1ms, total 5ms
02-03 10:46:15.931 D/dalvikvm( 2070): WAIT_FOR_CONCURRENT_GC blocked 5ms
02-03 10:46:15.941 D/dalvikvm( 2070): GC_FOR_ALLOC freed 3592K, 35% free 7992K/12172K, paused 4ms, total 4ms
02-03 10:46:15.941 D/dalvikvm( 2070): GC_FOR_ALLOC freed 3400K, 35% free 8007K/12172K, paused 4ms, total 4ms
02-03 10:46:15.951 D/dalvikvm( 2070): GC_FOR_ALLOC freed 3234K, 35% free 8009K/12172K, paused 3ms, total 3ms
02-03 10:46:15.951 D/dalvikvm( 2070): GC_FOR_ALLOC freed 2945K, 35% free 8017K/12172K, paused 3ms, total 3ms
02-03 10:46:15.961 D/dalvikvm( 2070): GC_FOR_ALLOC freed 2750K, 35% free 8013K/12172K, paused 3ms, total 3ms
02-03 10:46:15.971 D/dalvikvm( 2070): GC_FOR_ALLOC freed 2735K, 35% free 8013K/12172K, paused 3ms, total 3ms
02-03 10:46:15.971 D/dalvikvm( 2070): GC_FOR_ALLOC freed 2682K, 35% free 8013K/12172K, paused 3ms, total 3ms
02-03 10:46:15.981 D/dalvikvm( 2070): GC_FOR_ALLOC freed 2660K, 34% free 8114K/12172K, paused 3ms, total 3ms
02-03 10:46:15.981 D/dalvikvm( 2070): GC_FOR_ALLOC freed 2902K, 35% free 8011K/12244K, paused 3ms, total 3ms
02-03 10:46:15.991 D/dalvikvm( 2070): GC_FOR_ALLOC freed 2591K, 35% free 8010K/12244K, paused 3ms, total 3ms
02-03 10:46:15.991 D/dalvikvm( 2070): GC_FOR_ALLOC freed 2500K, 35% free 8079K/12244K, paused 3ms, total 4ms
02-03 10:46:16.001 D/dalvikvm( 2070): GC_FOR_ALLOC freed 2429K, 35% free 8040K/12244K, paused 5ms, total 5ms
02-03 10:46:16.001 D/dalvikvm( 2070): GC_FOR_ALLOC freed 2386K, 34% free 8163K/12244K, paused 4ms, total 4ms
02-03 10:46:16.011 D/dalvikvm( 2070): GC_FOR_ALLOC freed 2376K, 35% free 8079K/12244K, paused 3ms, total 3ms
02-03 10:46:16.011 D/dalvikvm( 2070): GC_FOR_ALLOC freed 2443K, 35% free 8079K/12244K, paused 3ms, total 3ms
02-03 10:46:16.021 D/dalvikvm( 2070): GC_FOR_ALLOC freed 2510K, 35% free 8078K/12244K, paused 3ms, total 3ms
02-03 10:46:16.031 D/dalvikvm( 2070): GC_FOR_ALLOC freed 2484K, 35% free 8032K/12244K, paused 4ms, total 4ms
02-03 10:46:16.031 D/dalvikvm( 2070): GC_FOR_ALLOC freed 2641K, 35% free 8030K/12244K, paused 4ms, total 4ms
02-03 10:46:16.041 D/dalvikvm( 2070): GC_FOR_ALLOC freed 2464K, 34% free 8109K/12244K, paused 3ms, total 4ms
02-03 10:46:16.041 D/dalvikvm( 2070): GC_FOR_ALLOC freed 2420K, 34% free 8108K/12244K, paused 3ms, total 3ms
02-03 10:46:16.051 D/dalvikvm( 2070): GC_FOR_ALLOC freed 2471K, 34% free 8107K/12244K, paused 3ms, total 4ms
02-03 10:46:16.051 D/dalvikvm( 2070): GC_FOR_ALLOC freed 2419K, 35% free 8055K/12244K, paused 3ms, total 4ms
02-03 10:46:16.061 D/dalvikvm( 2070): GC_FOR_ALLOC freed 2307K, 33% free 8210K/12244K, paused 3ms, total 3ms
02-03 10:46:16.061 D/dalvikvm( 2070): GC_FOR_ALLOC freed 2510K, 35% free 8051K/12244K, paused 3ms, total 3ms
02-03 10:46:16.071 D/dalvikvm( 2070): GC_FOR_ALLOC freed 2392K, 33% free 8212K/12244K, paused 3ms, total 3ms
02-03 10:46:16.071 D/dalvikvm( 2070): GC_FOR_ALLOC freed 2601K, 35% free 8047K/12356K, paused 3ms, total 3ms
02-03 10:46:16.081 D/dalvikvm( 2070): GC_FOR_ALLOC freed 2365K, 35% free 8076K/12356K, paused 3ms, total 3ms
02-03 10:46:16.081 D/dalvikvm( 2070): GC_FOR_ALLOC freed 2402K, 35% free 8074K/12356K, paused 3ms, total 3ms
02-03 10:46:16.091 D/dalvikvm( 2070): GC_FOR_ALLOC freed 2143K, 34% free 8249K/12356K, paused 3ms, total 3ms
02-03 10:46:16.091 D/dalvikvm( 2070): GC_FOR_ALLOC freed 2055K, 34% free 8253K/12356K, paused 3ms, total 3ms
02-03 10:46:16.101 D/dalvikvm( 2070): GC_FOR_ALLOC freed 1962K, 35% free 8079K/12356K, paused 3ms, total 3ms
02-03 10:46:16.101 D/dalvikvm( 2070): GC_FOR_ALLOC freed 2226K, 35% free 8140K/12356K, paused 3ms, total 3ms
02-03 10:46:16.111 D/dalvikvm( 2070): GC_FOR_ALLOC freed 2445K, 35% free 8078K/12356K, paused 3ms, total 3ms
02-03 10:46:16.111 D/dalvikvm( 2070): GC_FOR_ALLOC freed 2287K, 35% free 8141K/12356K, paused 3ms, total 3ms
02-03 10:46:16.121 D/dalvikvm( 2070): GC_FOR_ALLOC freed 2191K, 35% free 8143K/12356K, paused 3ms, total 3ms
02-03 10:46:16.121 D/dalvikvm( 2070): GC_FOR_ALLOC freed 2090K, 35% free 8082K/12356K, paused 3ms, total 3ms
02-03 10:46:16.131 D/dalvikvm( 2070): GC_FOR_ALLOC freed 1919K, 34% free 8275K/12356K, paused 3ms, total 3ms
02-03 10:46:16.131 D/dalvikvm( 2070): GC_FOR_ALLOC freed 2134K, 35% free 8085K/12356K, paused 3ms, total 3ms
02-03 10:46:16.131 D/dalvikvm( 2070): GC_FOR_ALLOC freed 1960K, 33% free 8282K/12356K, paused 3ms, total 3ms
02-03 10:46:16.141 D/dalvikvm( 2070): GC_FOR_ALLOC freed 2179K, 35% free 8088K/12356K, paused 3ms, total 3ms
02-03 10:46:16.141 D/dalvikvm( 2070): GC_FOR_ALLOC freed 2000K, 33% free 8289K/12356K, paused 3ms, total 3ms
02-03 10:46:16.151 D/dalvikvm( 2070): GC_FOR_ALLOC freed 1884K, 33% free 8292K/12356K, paused 3ms, total 3ms
02-03 10:46:16.151 D/dalvikvm( 2070): GC_FOR_ALLOC freed 1901K, 33% free 8295K/12356K, paused 3ms, total 3ms
02-03 10:46:16.161 D/dalvikvm( 2070): GC_FOR_ALLOC freed 1918K, 33% free 8298K/12356K, paused 3ms, total 3ms
02-03 10:46:16.161 D/dalvikvm( 2070): GC_FOR_ALLOC freed 1935K, 33% free 8301K/12356K, paused 3ms, total 3ms
02-03 10:46:16.171 D/dalvikvm( 2070): GC_FOR_ALLOC freed 1951K, 33% free 8304K/12356K, paused 3ms, total 3ms
02-03 10:46:16.171 D/dalvikvm( 2070): GC_FOR_ALLOC freed 1968K, 33% free 8307K/12356K, paused 3ms, total 4ms
02-03 10:46:16.181 D/dalvikvm( 2070): GC_FOR_ALLOC freed 1985K, 33% free 8310K/12356K, paused 3ms, total 3ms
02-03 10:46:16.181 D/dalvikvm( 2070): GC_FOR_ALLOC freed 2001K, 33% free 8313K/12356K, paused 3ms, total 3ms
02-03 10:46:16.191 D/dalvikvm( 2070): GC_FOR_ALLOC freed 2018K, 34% free 8171K/12356K, paused 3ms, total 3ms
02-03 10:46:16.191 D/dalvikvm( 2070): GC_FOR_ALLOC freed 1889K, 35% free 8101K/12356K, paused 3ms, total 3ms
02-03 10:46:16.191 D/dalvikvm( 2070): GC_FOR_ALLOC freed 2050K, 35% free 8102K/12356K, paused 3ms, total 3ms
02-03 10:46:16.201 D/dalvikvm( 2070): GC_FOR_ALLOC freed 2067K, 35% free 8103K/12356K, paused 3ms, total 3ms
02-03 10:46:16.201 D/dalvikvm( 2070): GC_FOR_ALLOC freed 2084K, 35% free 8104K/12356K, paused 3ms, total 3ms
02-03 10:46:16.211 D/dalvikvm( 2070): GC_FOR_ALLOC freed 2101K, 35% free 8106K/12356K, paused 3ms, total 3ms
02-03 10:46:16.211 D/dalvikvm( 2070): GC_FOR_ALLOC freed 2117K, 35% free 8107K/12356K, paused 3ms, total 3ms
02-03 10:46:16.221 D/dalvikvm( 2070): GC_FOR_ALLOC freed 2134K, 35% free 8108K/12356K, paused 3ms, total 3ms
02-03 10:46:16.221 D/dalvikvm( 2070): GC_FOR_ALLOC freed 2151K, 35% free 8109K/12356K, paused 3ms, total 3ms
02-03 10:46:16.231 D/dalvikvm( 2070): GC_FOR_ALLOC freed 2168K, 35% free 8110K/12356K, paused 3ms, total 3ms
02-03 10:46:16.231 D/dalvikvm( 2070): GC_FOR_ALLOC freed 2184K, 35% free 8112K/12356K, paused 3ms, total 3ms
02-03 10:46:16.241 D/dalvikvm( 2070): GC_FOR_ALLOC freed 2201K, 35% free 8113K/12356K, paused 3ms, total 3ms
02-03 10:46:16.241 D/dalvikvm( 2070): GC_FOR_ALLOC freed 2218K, 35% free 8114K/12356K, paused 3ms, total 3ms
02-03 10:46:16.251 D/dalvikvm( 2070): GC_FOR_ALLOC freed 1834K, 33% free 8354K/12356K, paused 4ms, total 4ms
02-03 10:46:16.251 D/dalvikvm( 2070): GC_FOR_ALLOC freed 1686K, 33% free 8357K/12356K, paused 3ms, total 3ms
02-03 10:46:16.261 D/dalvikvm( 2070): GC_FOR_ALLOC freed 2264K, 34% free 8198K/12356K, paused 3ms, total 3ms
02-03 10:46:16.261 D/dalvikvm( 2070): GC_FOR_ALLOC freed 1709K, 33% free 8362K/12356K, paused 3ms, total 3ms
02-03 10:46:16.271 D/dalvikvm( 2070): GC_FOR_ALLOC freed 2130K, 35% free 8119K/12356K, paused 3ms, total 3ms
02-03 10:46:16.271 D/dalvikvm( 2070): GC_FOR_ALLOC freed 1896K, 33% free 8367K/12356K, paused 3ms, total 3ms
02-03 10:46:16.271 D/dalvikvm( 2070): GC_FOR_ALLOC freed 2158K, 35% free 8122K/12356K, paused 3ms, total 3ms
02-03 10:46:16.281 D/dalvikvm( 2070): GC_FOR_ALLOC freed 1922K, 34% free 8206K/12356K, paused 3ms, total 3ms
02-03 10:46:16.281 D/dalvikvm( 2070): GC_FOR_ALLOC freed 1765K, 33% free 8375K/12356K, paused 4ms, total 4ms
02-03 10:46:16.291 D/dalvikvm( 2070): GC_FOR_ALLOC freed 1775K, 33% free 8377K/12356K, paused 3ms, total 3ms
02-03 10:46:16.291 D/dalvikvm( 2070): GC_FOR_ALLOC freed 1784K, 33% free 8380K/12356K, paused 3ms, total 3ms
02-03 10:46:16.301 D/dalvikvm( 2070): GC_FOR_ALLOC freed 1794K, 33% free 8382K/12356K, paused 3ms, total 3ms
02-03 10:46:16.301 D/dalvikvm( 2070): GC_FOR_ALLOC freed 1803K, 33% free 8384K/12356K, paused 4ms, total 4ms
02-03 10:46:16.311 D/dalvikvm( 2070): GC_FOR_ALLOC freed 1812K, 33% free 8386K/12356K, paused 3ms, total 3ms
02-03 10:46:16.311 D/dalvikvm( 2070): GC_FOR_ALLOC freed 1822K, 33% free 8389K/12356K, paused 3ms, total 3ms
02-03 10:46:16.321 D/dalvikvm( 2070): GC_FOR_ALLOC freed 2269K, 36% free 8130K/12532K, paused 3ms, total 3ms
02-03 10:46:16.321 D/dalvikvm( 2070): GC_FOR_ALLOC freed 2019K, 34% free 8394K/12532K, paused 3ms, total 3ms
02-03 10:46:16.331 D/dalvikvm( 2070): GC_FOR_ALLOC freed 1853K, 33% free 8396K/12532K, paused 3ms, total 3ms
02-03 10:46:16.331 D/dalvikvm( 2070): GC_FOR_ALLOC freed 1863K, 35% free 8221K/12532K, paused 3ms, total 3ms
02-03 10:46:16.341 D/dalvikvm( 2070): GC_FOR_ALLOC freed 1872K, 33% free 8401K/12532K, paused 3ms, total 3ms
02-03 10:46:16.341 D/dalvikvm( 2070): GC_FOR_ALLOC freed 1881K, 33% free 8403K/12532K, paused 3ms, total 3ms
02-03 10:46:16.341 D/dalvikvm( 2070): GC_FOR_ALLOC freed 1891K, 33% free 8405K/12532K, paused 3ms, total 3ms
02-03 10:46:16.351 D/dalvikvm( 2070): GC_FOR_ALLOC freed 1900K, 33% free 8407K/12532K, paused 3ms, total 3ms
02-03 10:46:16.351 D/dalvikvm( 2070): GC_FOR_ALLOC freed 1910K, 33% free 8410K/12532K, paused 3ms, total 3ms
02-03 10:46:16.361 D/dalvikvm( 2070): GC_FOR_ALLOC freed 1919K, 33% free 8412K/12532K, paused 4ms, total 4ms
02-03 10:46:16.361 D/dalvikvm( 2070): GC_FOR_ALLOC freed 1928K, 33% free 8414K/12532K, paused 3ms, total 3ms
02-03 10:46:16.371 D/dalvikvm( 2070): GC_FOR_ALLOC freed 1938K, 33% free 8416K/12532K, paused 4ms, total 4ms
02-03 10:46:16.371 D/dalvikvm( 2070): GC_FOR_ALLOC freed 1947K, 33% free 8419K/12532K, paused 3ms, total 3ms
02-03 10:46:16.381 D/dalvikvm( 2070): GC_FOR_ALLOC freed 1957K, 33% free 8421K/12532K, paused 4ms, total 4ms
02-03 10:46:16.381 D/dalvikvm( 2070): GC_FOR_ALLOC freed 1966K, 35% free 8236K/12532K, paused 3ms, total 3ms
02-03 10:46:16.381 D/dalvikvm( 2070): GC_FOR_ALLOC freed 1787K, 36% free 8144K/12532K, paused 3ms, total 3ms
02-03 10:46:16.391 D/dalvikvm( 2070): GC_FOR_ALLOC freed 1984K, 36% free 8144K/12532K, paused 3ms, total 3ms
02-03 10:46:16.391 D/dalvikvm( 2070): GC_FOR_ALLOC freed 1993K, 35% free 8145K/12532K, paused 3ms, total 3ms
02-03 10:46:16.401 D/dalvikvm( 2070): GC_FOR_ALLOC freed 2003K, 35% free 8146K/12532K, paused 4ms, total 4ms
02-03 10:46:16.401 D/dalvikvm( 2070): GC_FOR_ALLOC freed 2012K, 35% free 8147K/12532K, paused 4ms, total 4ms
02-03 10:46:16.411 D/dalvikvm( 2070): GC_FOR_ALLOC freed 2022K, 35% free 8148K/12532K, paused 4ms, total 4ms
02-03 10:46:16.411 D/dalvikvm( 2070): GC_FOR_ALLOC freed 2031K, 35% free 8149K/12532K, paused 3ms, total 3ms
02-03 10:46:16.421 D/dalvikvm( 2070): GC_FOR_ALLOC freed 2041K, 35% free 8150K/12532K, paused 3ms, total 3ms
02-03 10:46:16.421 D/dalvikvm( 2070): GC_FOR_ALLOC freed 1561K, 33% free 8442K/12532K, paused 3ms, total 3ms
02-03 10:46:16.431 D/dalvikvm( 2070): GC_FOR_ALLOC freed 2057K, 35% free 8249K/12532K, paused 3ms, total 3ms
02-03 10:46:16.431 D/dalvikvm( 2070): GC_FOR_ALLOC freed 1870K, 35% free 8152K/12532K, paused 3ms, total 3ms
02-03 10:46:16.441 D/dalvikvm( 2070): GC_FOR_ALLOC freed 2075K, 35% free 8153K/12532K, paused 3ms, total 3ms
02-03 10:46:16.441 D/dalvikvm( 2070): GC_FOR_ALLOC freed 2084K, 35% free 8154K/12532K, paused 3ms, total 3ms
02-03 10:46:16.451 D/dalvikvm( 2070): GC_FOR_ALLOC freed 1594K, 33% free 8453K/12532K, paused 3ms, total 3ms
02-03 10:46:16.451 D/dalvikvm( 2070): GC_FOR_ALLOC freed 1399K, 33% free 8454K/12532K, paused 3ms, total 3ms
02-03 10:46:16.451 D/dalvikvm( 2070): GC_FOR_ALLOC freed 2107K, 35% free 8256K/12532K, paused 3ms, total 3ms
02-03 10:46:16.461 D/dalvikvm( 2070): GC_FOR_ALLOC freed 1915K, 35% free 8157K/12532K, paused 3ms, total 3ms
02-03 10:46:16.461 D/dalvikvm( 2070): GC_FOR_ALLOC freed 2125K, 35% free 8158K/12532K, paused 3ms, total 3ms
02-03 10:46:16.471 D/dalvikvm( 2070): GC_FOR_ALLOC freed 2135K, 35% free 8159K/12532K, paused 3ms, total 3ms
02-03 10:46:16.471 D/dalvikvm( 2070): GC_FOR_ALLOC freed 2257K, 35% free 8161K/12532K, paused 3ms, total 3ms
02-03 10:46:16.481 D/dalvikvm( 2070): GC_FOR_ALLOC freed 1937K, 35% free 8158K/12532K, paused 3ms, total 3ms
02-03 10:46:16.481 D/dalvikvm( 2070): GC_FOR_ALLOC freed 1535K, 35% free 8158K/12532K, paused 3ms, total 3ms
02-03 10:46:16.491 D/dalvikvm( 2070): GC_FOR_ALLOC freed 2386K, 40% free 7638K/12532K, paused 3ms, total 3ms
02-03 10:46:16.491 D/dalvikvm( 2070): GC_FOR_ALLOC freed <1K, 31% free 8662K/12532K, paused 2ms, total 2ms
02-03 10:46:16.491 I/dalvikvm-heap( 2070): Grow heap (frag case) to 9.502MB for 1048592-byte allocation
02-03 10:46:16.501 D/dalvikvm( 2070): GC_FOR_ALLOC freed 4K, 29% free 9682K/13560K, paused 2ms, total 2ms
02-03 10:46:16.501 D/dalvikvm( 2070): GC_FOR_ALLOC freed <1K, 29% free 9682K/13560K, paused 3ms, total 3ms
02-03 10:46:16.501 I/dalvikvm-heap( 2070): Grow heap (frag case) to 10.499MB for 1048592-byte allocation
02-03 10:46:16.501 D/dalvikvm( 2070): GC_FOR_ALLOC freed 0K, 27% free 10706K/14588K, paused 3ms, total 3ms
02-03 10:46:16.571 D/dalvikvm( 2070): GC_CONCURRENT freed 6779K, 47% free 7970K/14832K, paused 1ms+1ms, total 17ms
02-03 10:46:16.571 D/dalvikvm( 2070): WAIT_FOR_CONCURRENT_GC blocked 16ms
02-03 10:46:16.581 D/dalvikvm( 2070): GC_CONCURRENT freed 4034K, 37% free 8012K/12624K, paused 0ms+1ms, total 4ms
02-03 10:46:16.581 D/dalvikvm( 2070): WAIT_FOR_CONCURRENT_GC blocked 4ms
02-03 10:46:16.591 D/dalvikvm( 2070): GC_FOR_ALLOC freed 3719K, 37% free 8021K/12624K, paused 5ms, total 5ms
02-03 10:46:16.601 D/dalvikvm( 2070): GC_FOR_ALLOC freed 3575K, 38% free 7951K/12624K, paused 5ms, total 5ms
02-03 10:46:16.611 D/dalvikvm( 2070): GC_FOR_ALLOC freed 3335K, 37% free 7977K/12624K, paused 3ms, total 3ms
02-03 10:46:16.611 W/BindingManager( 6176): Cannot call determinedVisibility() - never saw a connection for the pid: 6176
02-03 10:46:16.611 F/libc    ( 6176): Fatal signal 11 (SIGSEGV) at 0x00000050 (code=1), thread 6217 (HTMLParserThrea)
02-03 10:46:16.611 D/dalvikvm( 2070): GC_FOR_ALLOC freed 3039K, 37% free 8068K/12624K, paused 3ms, total 3ms
02-03 10:46:16.621 D/dalvikvm( 2070): GC_FOR_ALLOC freed 2985K, 37% free 7975K/12624K, paused 3ms, total 3ms
02-03 10:46:16.631 D/dalvikvm( 2070): GC_FOR_ALLOC freed 3075K, 37% free 8076K/12624K, paused 3ms, total 3ms
02-03 10:46:16.631 D/dalvikvm( 2070): GC_FOR_ALLOC freed 3188K, 37% free 8010K/12624K, paused 3ms, total 3ms
02-03 10:46:16.641 D/dalvikvm( 2070): GC_FOR_ALLOC freed 3025K, 37% free 7974K/12624K, paused 3ms, total 3ms
02-03 10:46:16.641 D/dalvikvm( 2070): GC_FOR_ALLOC freed 2774K, 37% free 8012K/12624K, paused 3ms, total 3ms
02-03 10:46:16.651 D/dalvikvm( 2070): GC_FOR_ALLOC freed 2722K, 37% free 7972K/12624K, paused 3ms, total 3ms
02-03 10:46:16.651 D/dalvikvm( 2070): GC_FOR_ALLOC freed 2700K, 36% free 8129K/12624K, paused 3ms, total 3ms
02-03 10:46:16.661 D/dalvikvm( 2070): GC_FOR_ALLOC freed 2619K, 37% free 8002K/12624K, paused 3ms, total 4ms
02-03 10:46:16.661 D/dalvikvm( 2070): GC_FOR_ALLOC freed 2787K, 37% free 8001K/12624K, paused 3ms, total 3ms
02-03 10:46:16.661 I/DEBUG   (  170): *** *** *** *** *** *** *** *** *** *** *** *** *** *** *** ***
02-03 10:46:16.661 I/DEBUG   (  170): Build fingerprint: 'asus/CN_K011/K011:4.4.2/KOT49H/CN_user_3.0.23.142_20140603:user/release-keys'
02-03 10:46:16.661 I/DEBUG   (  170): Revision: '0'
02-03 10:46:16.661 I/DEBUG   (  170): pid: 6176, tid: 6217, name: HTMLParserThrea  >>> org.xwalk.webapi_noneservice_tests <<<
02-03 10:46:16.661 I/DEBUG   (  170): signal 11 (SIGSEGV), code 1 (SEGV_MAPERR), fault addr 00000050
02-03 10:46:16.671 D/dalvikvm( 2070): GC_FOR_ALLOC freed 2872K, 37% free 7999K/12624K, paused 3ms, total 3ms
02-03 10:46:16.671 D/dalvikvm( 2070): GC_FOR_ALLOC freed 2719K, 36% free 8139K/12624K, paused 3ms, total 3ms
02-03 10:46:16.681 D/dalvikvm( 2070): GC_FOR_ALLOC freed 2597K, 37% free 7996K/12624K, paused 3ms, total 3ms
02-03 10:46:16.681 D/dalvikvm( 2070): GC_FOR_ALLOC freed 2758K, 37% free 7995K/12624K, paused 3ms, total 3ms
02-03 10:46:16.691 D/dalvikvm( 2070): GC_FOR_ALLOC freed 2570K, 36% free 8144K/12624K, paused 3ms, total 3ms
02-03 10:46:16.701 D/dalvikvm( 2070): GC_FOR_ALLOC freed 2782K, 37% free 8023K/12624K, paused 3ms, total 3ms
02-03 10:46:16.701 D/dalvikvm( 2070): GC_FOR_ALLOC freed 2685K, 36% free 8179K/12624K, paused 3ms, total 3ms
02-03 10:46:16.711 D/dalvikvm( 2070): GC_FOR_ALLOC freed 2632K, 36% free 8181K/12624K, paused 4ms, total 4ms
02-03 10:46:16.711 D/dalvikvm( 2070): GC_FOR_ALLOC freed 2683K, 37% free 8072K/12624K, paused 3ms, total 3ms
02-03 10:46:16.721 D/dalvikvm( 2070): GC_FOR_ALLOC freed 2622K, 37% free 8015K/12624K, paused 3ms, total 3ms
02-03 10:46:16.721 D/dalvikvm( 2070): GC_FOR_ALLOC freed 2497K, 36% free 8183K/12624K, paused 3ms, total 3ms
02-03 10:46:16.731 D/dalvikvm( 2070): GC_FOR_ALLOC freed 2423K, 37% free 8068K/12624K, paused 3ms, total 3ms
02-03 10:46:16.731 D/dalvikvm( 2070): GC_FOR_ALLOC freed 2343K, 37% free 8009K/12624K, paused 3ms, total 3ms
02-03 10:46:16.741 D/dalvikvm( 2070): GC_FOR_ALLOC freed 2496K, 37% free 8039K/12624K, paused 3ms, total 3ms
02-03 10:46:16.741 D/dalvikvm( 2070): GC_FOR_ALLOC freed 2534K, 37% free 8036K/12624K, paused 3ms, total 3ms
02-03 10:46:16.751 D/dalvikvm( 2070): GC_FOR_ALLOC freed 2572K, 37% free 8034K/12624K, paused 4ms, total 4ms
02-03 10:46:16.751 D/dalvikvm( 2070): GC_FOR_ALLOC freed 2297K, 35% free 8218K/12624K, paused 3ms, total 3ms
02-03 10:46:16.761 D/dalvikvm( 2070): GC_FOR_ALLOC freed 2200K, 36% free 8092K/12624K, paused 3ms, total 3ms
02-03 10:46:16.761 D/dalvikvm( 2070): GC_FOR_ALLOC freed 2226K, 35% free 8217K/12624K, paused 3ms, total 3ms
02-03 10:46:16.771 D/dalvikvm( 2070): GC_FOR_ALLOC freed 2252K, 36% free 8088K/12624K, paused 3ms, total 3ms
02-03 10:46:16.771 D/dalvikvm( 2070): GC_FOR_ALLOC freed 2278K, 35% free 8217K/12624K, paused 4ms, total 4ms
02-03 10:46:16.781 D/dalvikvm( 2070): GC_FOR_ALLOC freed 2305K, 36% free 8117K/12624K, paused 4ms, total 4ms
02-03 10:46:16.781 D/dalvikvm( 2070): GC_FOR_ALLOC freed 2197K, 37% free 8049K/12624K, paused 4ms, total 4ms
02-03 10:46:16.791 D/dalvikvm( 2070): GC_FOR_ALLOC freed 2355K, 37% free 8046K/12624K, paused 3ms, total 3ms
02-03 10:46:16.791 D/dalvikvm( 2070): GC_FOR_ALLOC freed 2036K, 35% free 8251K/12624K, paused 3ms, total 3ms
02-03 10:46:16.801 D/dalvikvm( 2070): GC_FOR_ALLOC freed 1918K, 35% free 8254K/12624K, paused 4ms, total 4ms
02-03 10:46:16.801 D/dalvikvm( 2070): GC_FOR_ALLOC freed 2286K, 37% free 8046K/12624K, paused 3ms, total 3ms
02-03 10:46:16.811 D/dalvikvm( 2070): GC_FOR_ALLOC freed 2094K, 35% free 8256K/12624K, paused 3ms, total 3ms
02-03 10:46:16.811 D/dalvikvm( 2070): GC_FOR_ALLOC freed 2331K, 37% free 8045K/12624K, paused 3ms, total 3ms
02-03 10:46:16.821 D/dalvikvm( 2070): GC_FOR_ALLOC freed 2135K, 35% free 8259K/12624K, paused 3ms, total 3ms
02-03 10:46:16.821 D/dalvikvm( 2070): GC_FOR_ALLOC freed 2010K, 35% free 8262K/12624K, paused 3ms, total 3ms
02-03 10:46:16.831 D/dalvikvm( 2070): GC_FOR_ALLOC freed 2027K, 36% free 8120K/12624K, paused 3ms, total 3ms
02-03 10:46:16.831 D/dalvikvm( 2070): GC_FOR_ALLOC freed 2043K, 35% free 8268K/12624K, paused 3ms, total 3ms
02-03 10:46:16.831 D/dalvikvm( 2070): GC_FOR_ALLOC freed 2434K, 37% free 8047K/12624K, paused 3ms, total 3ms
02-03 10:46:16.841 D/dalvikvm( 2070): GC_FOR_ALLOC freed 2229K, 36% free 8122K/12624K, paused 4ms, total 4ms
02-03 10:46:16.851 D/dalvikvm( 2070): GC_FOR_ALLOC freed 2098K, 35% free 8274K/12624K, paused 3ms, total 3ms
02-03 10:46:16.851 D/dalvikvm( 2070): GC_FOR_ALLOC freed 2114K, 35% free 8277K/12624K, paused 3ms, total 3ms
02-03 10:46:16.851 D/dalvikvm( 2070): GC_FOR_ALLOC freed 2131K, 35% free 8280K/12624K, paused 3ms, total 3ms
02-03 10:46:16.861 D/dalvikvm( 2070): GC_FOR_ALLOC freed 2148K, 36% free 8129K/12624K, paused 3ms, total 3ms
02-03 10:46:16.861 D/dalvikvm( 2070): GC_FOR_ALLOC freed 2165K, 36% free 8131K/12624K, paused 3ms, total 3ms
02-03 10:46:16.871 D/dalvikvm( 2070): GC_FOR_ALLOC freed 2025K, 37% free 8055K/12624K, paused 3ms, total 3ms
02-03 10:46:16.871 D/dalvikvm( 2070): GC_FOR_ALLOC freed 2197K, 37% free 8057K/12624K, paused 3ms, total 3ms
02-03 10:46:16.881 D/dalvikvm( 2070): GC_FOR_ALLOC freed 2214K, 37% free 8058K/12624K, paused 3ms, total 3ms
02-03 10:46:16.881 D/dalvikvm( 2070): GC_FOR_ALLOC freed 2230K, 37% free 8059K/12624K, paused 3ms, total 3ms
02-03 10:46:16.891 D/dalvikvm( 2070): GC_FOR_ALLOC freed 2249K, 37% free 8060K/12624K, paused 3ms, total 3ms
02-03 10:46:16.891 D/dalvikvm( 2070): GC_FOR_ALLOC freed 2267K, 37% free 8062K/12624K, paused 3ms, total 3ms
02-03 10:46:16.901 D/dalvikvm( 2070): GC_FOR_ALLOC freed 2284K, 37% free 8063K/12624K, paused 3ms, total 3ms
02-03 10:46:16.901 D/dalvikvm( 2070): GC_FOR_ALLOC freed 1889K, 35% free 8310K/12624K, paused 3ms, total 3ms
02-03 10:46:16.911 D/dalvikvm( 2070): GC_FOR_ALLOC freed 2150K, 37% free 8065K/12624K, paused 3ms, total 3ms
02-03 10:46:16.911 D/dalvikvm( 2070): GC_FOR_ALLOC freed 1914K, 35% free 8315K/12624K, paused 3ms, total 3ms
02-03 10:46:16.921 D/dalvikvm( 2070): GC_FOR_ALLOC freed 2180K, 37% free 8067K/12624K, paused 3ms, total 3ms
02-03 10:46:16.921 D/dalvikvm( 2070): GC_FOR_ALLOC freed 1940K, 35% free 8321K/12624K, paused 3ms, total 3ms
02-03 10:46:16.931 D/dalvikvm( 2070): GC_FOR_ALLOC freed 2207K, 37% free 8069K/12624K, paused 4ms, total 4ms
02-03 10:46:16.931 D/dalvikvm( 2070): GC_FOR_ALLOC freed 1964K, 35% free 8326K/12624K, paused 3ms, total 3ms
02-03 10:46:16.941 D/dalvikvm( 2070): GC_FOR_ALLOC freed 2234K, 37% free 8071K/12624K, paused 3ms, total 3ms
02-03 10:46:16.941 D/dalvikvm( 2070): GC_FOR_ALLOC freed 1988K, 35% free 8331K/12624K, paused 3ms, total 3ms
02-03 10:46:16.941 D/dalvikvm( 2070): GC_FOR_ALLOC freed 2261K, 37% free 8073K/12624K, paused 3ms, total 3ms
02-03 10:46:16.951 D/dalvikvm( 2070): GC_FOR_ALLOC freed 2012K, 34% free 8336K/12624K, paused 3ms, total 3ms
02-03 10:46:16.951 D/dalvikvm( 2070): GC_FOR_ALLOC freed 1847K, 34% free 8339K/12624K, paused 3ms, total 3ms
02-03 10:46:16.961 D/dalvikvm( 2070): GC_FOR_ALLOC freed 1856K, 36% free 8164K/12624K, paused 3ms, total 3ms
02-03 10:46:16.961 D/dalvikvm( 2070): GC_FOR_ALLOC freed 1866K, 34% free 8343K/12624K, paused 3ms, total 3ms
02-03 10:46:16.971 D/dalvikvm( 2070): GC_FOR_ALLOC freed 1875K, 34% free 8345K/12624K, paused 3ms, total 3ms
02-03 10:46:16.971 D/dalvikvm( 2070): GC_FOR_ALLOC freed 1885K, 34% free 8348K/12624K, paused 3ms, total 3ms
02-03 10:46:16.981 D/dalvikvm( 2070): GC_FOR_ALLOC freed 1894K, 34% free 8350K/12624K, paused 3ms, total 4ms
02-03 10:46:16.981 I/DEBUG   (  170): 
02-03 10:46:16.981 I/DEBUG   (  170): backtrace:
02-03 10:46:16.981 I/DEBUG   (  170):     #00  pc 00e4d6b9  /data/app-lib/org.xwalk.webapi_noneservice_tests-1/libxwalkcore.so
02-03 10:46:16.981 I/DEBUG   (  170): 
02-03 10:46:16.981 I/DEBUG   (  170): stack:
02-03 10:46:16.981 I/DEBUG   (  170):          689fd680  6525fa74  /data/app-lib/org.xwalk.webapi_noneservice_tests-1/libxwalkcore.so
02-03 10:46:16.981 I/DEBUG   (  170):          689fd684  68ffeca0  [anon:libc_malloc]
02-03 10:46:16.981 I/DEBUG   (  170):          689fd688  67265800  
02-03 10:46:16.981 I/DEBUG   (  170):          689fd68c  63f11d65  /data/app-lib/org.xwalk.webapi_noneservice_tests-1/libxwalkcore.so
02-03 10:46:16.981 I/DEBUG   (  170):          689fd690  66b55bb0  [anon:libc_malloc]
02-03 10:46:16.981 I/DEBUG   (  170):          689fd694  63888a1d  /data/app-lib/org.xwalk.webapi_noneservice_tests-1/libxwalkcore.so
02-03 10:46:16.981 I/DEBUG   (  170):          689fd698  6afa1010  [anon:libc_malloc]
02-03 10:46:16.981 I/DEBUG   (  170):          689fd69c  6afa1010  [anon:libc_malloc]
02-03 10:46:16.981 I/DEBUG   (  170):          689fd6a0  ffffffff  
02-03 10:46:16.981 I/DEBUG   (  170):          689fd6a4  63f11d44  /data/app-lib/org.xwalk.webapi_noneservice_tests-1/libxwalkcore.so
02-03 10:46:16.981 I/DEBUG   (  170):          689fd6a8  6525fa74  /data/app-lib/org.xwalk.webapi_noneservice_tests-1/libxwalkcore.so
02-03 10:46:16.981 I/DEBUG   (  170):          689fd6ac  63888acc  /data/app-lib/org.xwalk.webapi_noneservice_tests-1/libxwalkcore.so
02-03 10:46:16.981 I/DEBUG   (  170):          689fd6b0  63888a1d  /data/app-lib/org.xwalk.webapi_noneservice_tests-1/libxwalkcore.so
02-03 10:46:16.981 I/DEBUG   (  170):          689fd6b4  6afa1010  [anon:libc_malloc]
02-03 10:46:16.981 I/DEBUG   (  170):          689fd6b8  ffffffff  
02-03 10:46:16.981 I/DEBUG   (  170):          689fd6bc  63888644  /data/app-lib/org.xwalk.webapi_noneservice_tests-1/libxwalkcore.so
02-03 10:46:16.981 I/DEBUG   (  170):     #00  689fd6c0  6525fa74  /data/app-lib/org.xwalk.webapi_noneservice_tests-1/libxwalkcore.so
02-03 10:46:16.981 I/DEBUG   (  170):          689fd6c4  00000070  
02-03 10:46:16.981 I/DEBUG   (  170):          689fd6c8  69610080  
02-03 10:46:16.981 I/DEBUG   (  170):          689fd6cc  640d1344  /data/app-lib/org.xwalk.webapi_noneservice_tests-1/libxwalkcore.so
02-03 10:46:16.981 I/DEBUG   (  170):          689fd6d0  00000070  
02-03 10:46:16.981 I/DEBUG   (  170):          689fd6d4  6afa1010  [anon:libc_malloc]
02-03 10:46:16.981 I/DEBUG   (  170):          689fd6d8  640d0bfc  /data/app-lib/org.xwalk.webapi_noneservice_tests-1/libxwalkcore.so
02-03 10:46:16.981 I/DEBUG   (  170):          689fd6dc  6525fa74  /data/app-lib/org.xwalk.webapi_noneservice_tests-1/libxwalkcore.so
02-03 10:46:16.981 I/DEBUG   (  170):          689fd6e0  69601080  
02-03 10:46:16.981 I/DEBUG   (  170):          689fd6e4  6525fa74  /data/app-lib/org.xwalk.webapi_noneservice_tests-1/libxwalkcore.so
02-03 10:46:16.981 I/DEBUG   (  170):          689fd6e8  00000000  
02-03 10:46:16.981 I/DEBUG   (  170):          689fd6ec  640d1230  /data/app-lib/org.xwalk.webapi_noneservice_tests-1/libxwalkcore.so
02-03 10:46:16.981 I/DEBUG   (  170):          689fd6f0  00000000  
02-03 10:46:16.981 I/DEBUG   (  170):          689fd6f4  00000001  
02-03 10:46:16.981 I/DEBUG   (  170):          689fd6f8  640d127c  /data/app-lib/org.xwalk.webapi_noneservice_tests-1/libxwalkcore.so
02-03 10:46:16.981 I/DEBUG   (  170):          689fd6fc  6525fa74  /data/app-lib/org.xwalk.webapi_noneservice_tests-1/libxwalkcore.so
02-03 10:46:16.981 D/dalvikvm( 2070): GC_FOR_ALLOC freed 1903K, 34% free 8352K/12624K, paused 3ms, total 3ms
02-03 10:46:16.991 D/dalvikvm( 2070): GC_FOR_ALLOC freed 1913K, 34% free 8354K/12624K, paused 3ms, total 4ms
02-03 10:46:16.991 D/dalvikvm( 2070): GC_FOR_ALLOC freed 1922K, 34% free 8357K/12624K, paused 3ms, total 3ms
02-03 10:46:16.991 D/dalvikvm( 2070): GC_FOR_ALLOC freed 1932K, 34% free 8359K/12624K, paused 3ms, total 3ms
02-03 10:46:17.001 D/dalvikvm( 2070): GC_FOR_ALLOC freed 1941K, 34% free 8361K/12624K, paused 3ms, total 3ms
02-03 10:46:17.001 D/dalvikvm( 2070): GC_FOR_ALLOC freed 1950K, 34% free 8363K/12624K, paused 3ms, total 3ms
02-03 10:46:17.011 D/dalvikvm( 2070): GC_FOR_ALLOC freed 1960K, 34% free 8366K/12624K, paused 3ms, total 3ms
02-03 10:46:17.011 D/dalvikvm( 2070): GC_FOR_ALLOC freed 1969K, 36% free 8180K/12624K, paused 3ms, total 3ms
02-03 10:46:17.021 D/dalvikvm( 2070): GC_FOR_ALLOC freed 1790K, 36% free 8088K/12624K, paused 3ms, total 3ms
02-03 10:46:17.021 D/dalvikvm( 2070): GC_FOR_ALLOC freed 1987K, 36% free 8089K/12624K, paused 3ms, total 3ms
02-03 10:46:17.031 D/dalvikvm( 2070): GC_FOR_ALLOC freed 1997K, 36% free 8090K/12624K, paused 3ms, total 3ms
02-03 10:46:17.031 D/dalvikvm( 2070): GC_FOR_ALLOC freed 2006K, 36% free 8091K/12624K, paused 3ms, total 3ms
02-03 10:46:17.031 D/dalvikvm( 2070): GC_FOR_ALLOC freed 2015K, 36% free 8091K/12624K, paused 3ms, total 3ms
02-03 10:46:17.041 D/dalvikvm( 2070): GC_FOR_ALLOC freed 2025K, 36% free 8092K/12624K, paused 3ms, total 3ms
02-03 10:46:17.041 D/dalvikvm( 2070): GC_FOR_ALLOC freed 2034K, 36% free 8093K/12624K, paused 3ms, total 4ms
02-03 10:46:17.051 D/dalvikvm( 2070): GC_FOR_ALLOC freed 1556K, 34% free 8385K/12624K, paused 4ms, total 4ms
02-03 10:46:17.051 D/dalvikvm( 2070): GC_FOR_ALLOC freed 1366K, 34% free 8386K/12624K, paused 3ms, total 3ms
02-03 10:46:17.061 D/dalvikvm( 2070): GC_FOR_ALLOC freed 1861K, 36% free 8095K/12624K, paused 3ms, total 3ms
02-03 10:46:17.061 D/dalvikvm( 2070): GC_FOR_ALLOC freed 1572K, 34% free 8390K/12624K, paused 3ms, total 3ms
02-03 10:46:17.071 D/dalvikvm( 2070): GC_FOR_ALLOC freed 1381K, 34% free 8392K/12624K, paused 3ms, total 3ms
02-03 10:46:17.071 D/dalvikvm( 2070): GC_FOR_ALLOC freed 1881K, 36% free 8097K/12624K, paused 3ms, total 3ms
02-03 10:46:17.081 D/dalvikvm( 2070): GC_FOR_ALLOC freed 1589K, 34% free 8395K/12624K, paused 3ms, total 3ms
02-03 10:46:17.081 D/dalvikvm( 2070): GC_FOR_ALLOC freed 1395K, 34% free 8397K/12624K, paused 3ms, total 3ms
02-03 10:46:17.081 D/dalvikvm( 2070): GC_FOR_ALLOC freed 1901K, 36% free 8099K/12624K, paused 3ms, total 3ms
02-03 10:46:17.091 D/dalvikvm( 2070): GC_FOR_ALLOC freed 1606K, 34% free 8401K/12624K, paused 3ms, total 3ms
02-03 10:46:17.091 D/dalvikvm( 2070): GC_FOR_ALLOC freed 1410K, 34% free 8402K/12624K, paused 3ms, total 3ms
02-03 10:46:17.101 D/dalvikvm( 2070): GC_FOR_ALLOC freed 1921K, 36% free 8102K/12624K, paused 3ms, total 3ms
02-03 10:46:17.101 D/dalvikvm( 2070): GC_FOR_ALLOC freed 1623K, 34% free 8406K/12624K, paused 3ms, total 3ms
02-03 10:46:17.111 D/dalvikvm( 2070): GC_FOR_ALLOC freed 1425K, 34% free 8407K/12624K, paused 3ms, total 3ms
02-03 10:46:17.111 I/BootReceiver(  547): Copying /data/tombstones/tombstone_02 to DropBox (SYSTEM_TOMBSTONE)
02-03 10:46:17.111 W/ActivityManager(  547):   Force finishing activity org.xwalk.webapi_noneservice_tests/.WebapiNoneserviceTestsActivity
02-03 10:46:17.121 W/ufoGralloc(  171): registerBuffer() handle 0xb89d1dc0/44 didn't require registration
02-03 10:46:17.131 D/dalvikvm( 2070): GC_FOR_ALLOC freed 2062K, 36% free 8097K/12624K, paused 13ms, total 21ms
02-03 10:46:17.141 D/dalvikvm( 2070): GC_FOR_ALLOC freed 1945K, 36% free 8118K/12624K, paused 3ms, total 3ms
02-03 10:46:17.141 E/JavaBinder(  547): !!! FAILED BINDER TRANSACTION !!!
02-03 10:46:17.141 D/dalvikvm( 2070): GC_FOR_ALLOC freed 1754K, 35% free 8228K/12624K, paused 4ms, total 4ms
02-03 10:46:17.141 D/WindowManager(  547): adjustConfigurationLw, config:{1.0 ?mcc?mnc ?locale ?layoutDir sw600dp w600dp h888dp 213dpi lrg port ?uimode ?night finger -keyb/v/h -nav/v} mLidState:1 mHasDockFeature:false mHasKeyboardFeature:false mHasHallSensorFeature:true config.hardKeyboardHidden:2
02-03 10:46:17.141 W/ActivityManager(  547): Exception thrown during pause
02-03 10:46:17.141 W/ActivityManager(  547): android.os.TransactionTooLargeException
02-03 10:46:17.141 W/ActivityManager(  547): 	at android.os.BinderProxy.transact(Native Method)
02-03 10:46:17.141 W/ActivityManager(  547): 	at android.app.ApplicationThreadProxy.schedulePauseActivity(ApplicationThreadNative.java:667)
02-03 10:46:17.141 W/ActivityManager(  547): 	at com.android.server.am.ActivityStack.startPausingLocked(ActivityStack.java:786)
02-03 10:46:17.141 W/ActivityManager(  547): 	at com.android.server.am.ActivityStack.finishActivityLocked(ActivityStack.java:2528)
02-03 10:46:17.141 W/ActivityManager(  547): 	at com.android.server.am.ActivityStack.finishTopRunningActivityLocked(ActivityStack.java:2386)
02-03 10:46:17.141 W/ActivityManager(  547): 	at com.android.server.am.ActivityStackSupervisor.finishTopRunningActivityLocked(ActivityStackSupervisor.java:2151)
02-03 10:46:17.141 W/ActivityManager(  547): 	at com.android.server.am.ActivityManagerService.handleAppCrashLocked(ActivityManagerService.java:9843)
02-03 10:46:17.141 W/ActivityManager(  547): 	at com.android.server.am.ActivityManagerService.makeAppCrashingLocked(ActivityManagerService.java:9736)
02-03 10:46:17.141 W/ActivityManager(  547): 	at com.android.server.am.ActivityManagerService.crashApplication(ActivityManagerService.java:10407)
02-03 10:46:17.141 W/ActivityManager(  547): 	at com.android.server.am.ActivityManagerService.handleApplicationCrashInner(ActivityManagerService.java:9932)
02-03 10:46:17.141 W/ActivityManager(  547): 	at com.android.server.am.NativeCrashListener$NativeCrashReporter.run(NativeCrashListener.java:86)
02-03 10:46:17.141 I/ActivityManager(  547): [TopPkgCurBat]	NowPkgName[com.asus.launcher]	Battery[97]	TimeTick[1422931577158]	OldPkgName[org.xwalk.webapi_noneservice_tests]
02-03 10:46:17.161 D/dalvikvm( 2070): GC_FOR_ALLOC freed 2122K, 40% free 7642K/12624K, paused 12ms, total 12ms
02-03 10:46:17.171 D/dalvikvm( 2070): GC_FOR_ALLOC freed <1K, 32% free 8666K/12624K, paused 3ms, total 3ms
02-03 10:46:17.171 I/dalvikvm-heap( 2070): Grow heap (frag case) to 9.506MB for 1048592-byte allocation
02-03 10:46:17.171 D/dalvikvm( 2070): GC_FOR_ALLOC freed <1K, 30% free 9690K/13652K, paused 3ms, total 3ms
02-03 10:46:17.171 W/InputDispatcher(  547): channel '2224b020 org.xwalk.webapi_noneservice_tests/org.xwalk.webapi_noneservice_tests.WebapiNoneserviceTestsActivity (server)' ~ Consumer closed input channel or an error occurred.  events=0x9
02-03 10:46:17.171 E/InputDispatcher(  547): channel '2224b020 org.xwalk.webapi_noneservice_tests/org.xwalk.webapi_noneservice_tests.WebapiNoneserviceTestsActivity (server)' ~ Channel is unrecoverably broken and will be disposed!
02-03 10:46:17.171 I/WindowState(  547): WIN DEATH: Window{22361588 u0 SurfaceView}
02-03 10:46:17.171 I/ActivityManager(  547): Process org.xwalk.webapi_noneservice_tests (pid 6176) has died.
02-03 10:46:17.181 D/dalvikvm( 2070): GC_FOR_ALLOC freed <1K, 30% free 9690K/13652K, paused 3ms, total 4ms
02-03 10:46:17.181 I/dalvikvm-heap( 2070): Grow heap (frag case) to 10.506MB for 1048592-byte allocation
02-03 10:46:17.181 D/dalvikvm( 2070): GC_FOR_ALLOC freed 0K, 28% free 10714K/14680K, paused 3ms, total 3ms
02-03 10:46:17.181 D/Zygote  (  172): Process 6176 terminated by signal (11)
02-03 10:46:17.191 W/InputDispatcher(  547): Attempted to unregister already unregistered input channel '2224b020 org.xwalk.webapi_noneservice_tests/org.xwalk.webapi_noneservice_tests.WebapiNoneserviceTestsActivity (server)'
02-03 10:46:17.191 D/        (  895): Pixel Format : GGL_PIXEL_FORMAT_RGBA_8888
02-03 10:46:17.191 I/SecurityManagerService(  708): SMS received security event: App[STOP/org.xwalk.webapi_noneservice_tests]
02-03 10:46:17.191 I/WindowState(  547): WIN DEATH: Window{2224b020 u0 org.xwalk.webapi_noneservice_tests/org.xwalk.webapi_noneservice_tests.WebapiNoneserviceTestsActivity}
02-03 10:46:17.201 V/WeatherTimeProvider( 1705): widget on Visibility Changed
02-03 10:46:17.231 D/BatteryStatsImpl(  547): noteStopWakeLocked system isFromForeground = false
02-03 10:46:17.251 W/SurfaceFlinger(  171): couldn't log to binary event log: overflow.
02-03 10:46:17.621 D/dalvikvm( 2070): GC_CONCURRENT freed 6786K, 47% free 8010K/14852K, paused 0ms+2ms, total 17ms
02-03 10:46:17.621 D/dalvikvm( 2070): WAIT_FOR_CONCURRENT_GC blocked 16ms
02-03 10:46:17.631 D/dalvikvm( 2070): GC_CONCURRENT freed 3980K, 36% free 8126K/12540K, paused 0ms+1ms, total 4ms
02-03 10:46:17.631 D/dalvikvm( 2070): WAIT_FOR_CONCURRENT_GC blocked 3ms
02-03 10:46:17.631 D/dalvikvm( 2070): GC_FOR_ALLOC freed 3677K, 37% free 7976K/12540K, paused 3ms, total 3ms
02-03 10:46:17.641 D/dalvikvm( 2070): GC_FOR_ALLOC freed 3660K, 36% free 8027K/12540K, paused 3ms, total 3ms
02-03 10:46:17.651 D/dalvikvm( 2070): GC_FOR_ALLOC freed 3232K, 37% free 8002K/12540K, paused 3ms, total 3ms
02-03 10:46:17.651 D/dalvikvm( 2070): GC_FOR_ALLOC freed 3034K, 37% free 7999K/12540K, paused 3ms, total 3ms
02-03 10:46:17.661 D/dalvikvm( 2070): GC_FOR_ALLOC freed 3045K, 36% free 8027K/12540K, paused 4ms, total 4ms
02-03 10:46:17.661 D/dalvikvm( 2070): GC_FOR_ALLOC freed 3007K, 36% free 8027K/12540K, paused 3ms, total 3ms
02-03 10:46:17.671 D/dalvikvm( 2070): GC_FOR_ALLOC freed 3004K, 36% free 8133K/12540K, paused 3ms, total 3ms
02-03 10:46:17.681 D/dalvikvm( 2070): GC_FOR_ALLOC freed 3012K, 36% free 8026K/12540K, paused 4ms, total 4ms
02-03 10:46:17.681 D/dalvikvm( 2070): GC_FOR_ALLOC freed 2685K, 37% free 8025K/12540K, paused 3ms, total 4ms
02-03 10:46:17.691 D/dalvikvm( 2070): GC_FOR_ALLOC freed 2587K, 36% free 8144K/12540K, paused 4ms, total 4ms
02-03 10:46:17.691 D/dalvikvm( 2070): GC_FOR_ALLOC freed 2598K, 36% free 8147K/12540K, paused 4ms, total 5ms
02-03 10:46:17.701 D/dalvikvm( 2070): GC_FOR_ALLOC freed 2686K, 36% free 8064K/12540K, paused 4ms, total 4ms
02-03 10:46:17.701 D/dalvikvm( 2070): GC_FOR_ALLOC freed 2771K, 36% free 8096K/12540K, paused 3ms, total 3ms
02-03 10:46:17.711 D/dalvikvm( 2070): GC_FOR_ALLOC freed 2856K, 36% free 8096K/12540K, paused 4ms, total 4ms
02-03 10:46:17.721 D/dalvikvm( 2070): GC_FOR_ALLOC freed 2610K, 35% free 8189K/12540K, paused 4ms, total 4ms
02-03 10:46:17.721 D/dalvikvm( 2070): GC_FOR_ALLOC freed 2677K, 36% free 8095K/12540K, paused 4ms, total 4ms
02-03 10:46:17.731 D/dalvikvm( 2070): GC_FOR_ALLOC freed 2744K, 35% free 8193K/12540K, paused 3ms, total 3ms
02-03 10:46:17.731 D/dalvikvm( 2070): GC_FOR_ALLOC freed 2811K, 36% free 8094K/12540K, paused 3ms, total 3ms
02-03 10:46:17.741 D/dalvikvm( 2070): GC_FOR_ALLOC freed 2774K, 36% free 8043K/12540K, paused 3ms, total 3ms
02-03 10:46:17.741 D/dalvikvm( 2070): GC_FOR_ALLOC freed 2677K, 36% free 8093K/12540K, paused 3ms, total 3ms
02-03 10:46:17.751 D/dalvikvm( 2070): GC_FOR_ALLOC freed 2625K, 35% free 8232K/12540K, paused 4ms, total 4ms
02-03 10:46:17.751 D/dalvikvm( 2070): GC_FOR_ALLOC freed 2566K, 36% free 8069K/12540K, paused 3ms, total 3ms
02-03 10:46:17.761 D/dalvikvm( 2070): GC_FOR_ALLOC freed 2333K, 36% free 8067K/12540K, paused 4ms, total 4ms
02-03 10:46:17.771 D/dalvikvm( 2070): GC_FOR_ALLOC freed 2371K, 36% free 8065K/12540K, paused 3ms, total 3ms
02-03 10:46:17.771 D/dalvikvm( 2070): GC_FOR_ALLOC freed 2409K, 36% free 8062K/12540K, paused 4ms, total 4ms
02-03 10:46:17.781 D/dalvikvm( 2070): GC_FOR_ALLOC freed 2446K, 36% free 8060K/12540K, paused 4ms, total 4ms
02-03 10:46:17.781 D/dalvikvm( 2070): GC_FOR_ALLOC freed 2182K, 35% free 8239K/12540K, paused 3ms, total 3ms
02-03 10:46:17.791 D/dalvikvm( 2070): GC_FOR_ALLOC freed 2091K, 35% free 8242K/12540K, paused 3ms, total 3ms
