02-03 12:43:11.641 D/dalvikvm(15954): GC_FOR_ALLOC freed 3541K, 43% free 9692K/16912K, paused 4ms, total 4ms
02-03 12:43:11.651 D/dalvikvm(15954): GC_FOR_ALLOC freed 4245K, 46% free 9209K/16912K, paused 4ms, total 4ms
02-03 12:43:11.661 D/dalvikvm(15954): GC_FOR_ALLOC freed 3736K, 46% free 9209K/16912K, paused 4ms, total 4ms
02-03 12:43:11.671 D/dalvikvm(15954): GC_FOR_ALLOC freed 3610K, 49% free 8633K/16912K, paused 4ms, total 4ms
02-03 12:43:11.691 D/dalvikvm(15954): GC_CONCURRENT freed 3326K, 45% free 9353K/16912K, paused 1ms+1ms, total 4ms
02-03 12:43:11.751 W/BindingManager(18937): Cannot call determinedVisibility() - never saw a connection for the pid: 18937
02-03 12:43:11.761 D/dalvikvm(15954): GC_CONCURRENT freed 4497K, 48% free 8947K/16912K, paused 1ms+1ms, total 7ms
02-03 12:43:11.761 D/dalvikvm(15954): WAIT_FOR_CONCURRENT_GC blocked 6ms
02-03 12:43:11.781 D/dalvikvm(15954): GC_FOR_ALLOC freed 4082K, 48% free 8954K/16912K, paused 12ms, total 12ms
02-03 12:43:11.791 D/dalvikvm(15954): GC_CONCURRENT freed 1716K, 46% free 9199K/16912K, paused 1ms+2ms, total 6ms
02-03 12:43:11.801 D/dalvikvm(15954): GC_CONCURRENT freed 4246K, 47% free 9020K/16912K, paused 0ms+6ms, total 12ms
02-03 12:43:11.801 D/dalvikvm(15954): WAIT_FOR_CONCURRENT_GC blocked 11ms
02-03 12:43:11.821 D/dalvikvm(15954): GC_FOR_ALLOC freed 4117K, 47% free 8987K/16912K, paused 8ms, total 9ms
02-03 12:43:11.831 D/dalvikvm(15954): GC_CONCURRENT freed 82K, 48% free 8960K/16912K, paused 2ms+1ms, total 8ms
02-03 12:43:11.841 D/dalvikvm(15954): GC_CONCURRENT freed 4019K, 47% free 9026K/16912K, paused 0ms+1ms, total 4ms
02-03 12:43:11.841 D/dalvikvm(15954): WAIT_FOR_CONCURRENT_GC blocked 5ms
02-03 12:43:11.841 D/EVENT_THREAD(14412): void CEventThread::run() POLLIN event on Fd (1)
02-03 12:43:11.841 D/EVENT_THREAD(14412): void CEventThread::run() Do poll with timeout: -1
02-03 12:43:11.841 D/EVENT_THREAD(14412): void CEventThread::run() POLLIN event on Fd (1)
02-03 12:43:11.841 D/EVENT_THREAD(14412): void CEventThread::run() Do poll with timeout: -1
02-03 12:43:11.841 I/upi_ug31xx(  166): (1340) update_capacity
02-03 12:43:11.841 I/[UPI]   (  166): <UG31/E>[UpiReadCapacity]: V=4024(4020), T=337(340-417), I=-419, C=-3(-3-0)
02-03 12:43:11.841 I/[UPI]   (  166): <UG31/E>[UpiReadCapacity]: (0x0221254a) 2911 (2889) / 3159 (3973) = 92
02-03 12:43:11.841 I/[UPI]   (  166): <UG31/E>[UpiReadCapacity]: (0x0221254a) 2911 (2889) / 3159 (3973) = 92
02-03 12:43:11.841 I/[UPI]   (  166): <UG31/E>[UpiReadCapacity]: (0x0221254a) 2908 (2908) / 3159 (3973) = 92
02-03 12:43:11.841 I/[UPI]   (  166): <UG31/E>[RsocFilterCountTime]: (0x0221254a) Step=2(121270), Full=1(121270), Lock=121270(1800000)
02-03 12:43:11.841 I/[UPI]   (  166): <UG31/E>[UpiReadCapacity]: (0x0221254a) 2908 (2908) / 3159 (3973) = 92 (-419--419)
02-03 12:43:11.841 I/[UPI]   (  166): <UG31/E><BATT> M:normal, P:92(92-92)%, V:4019mV, C:-434mA, T:34.0C(417), S:0x0221254a(000), R:2908mAh, F:3159mAh, Q:-821mAh, CC:5, P:30.320(820-0)s, BO:5, 97:615:0-44af-9m:B001-20140514-144301 (16)
02-03 12:43:11.841 I/upi_ug31xx(  166): (1341) backup_data 
02-03 12:43:11.841 V/upi_ug31xx(  166): state->check_backup_count = 2
02-03 12:43:11.851 D/dalvikvm(15954): GC_FOR_ALLOC freed 4049K, 47% free 9031K/16912K, paused 6ms, total 6ms
02-03 12:43:11.851 D/dalvikvm(15954): GC_CONCURRENT freed 99K, 47% free 8999K/16912K, paused 1ms+1ms, total 6ms
02-03 12:43:11.861 D/dalvikvm(15954): GC_CONCURRENT freed 4037K, 47% free 9036K/16912K, paused 1ms+1ms, total 6ms
02-03 12:43:11.861 D/dalvikvm(15954): WAIT_FOR_CONCURRENT_GC blocked 4ms
02-03 12:43:11.881 D/dalvikvm(15954): GC_CONCURRENT freed 4009K, 47% free 9010K/16912K, paused 1ms+1ms, total 7ms
02-03 12:43:11.881 D/dalvikvm(15954): WAIT_FOR_CONCURRENT_GC blocked 6ms
02-03 12:43:11.891 D/dalvikvm(15954): GC_CONCURRENT freed 4021K, 47% free 9051K/16912K, paused 1ms+2ms, total 6ms
02-03 12:43:11.891 D/dalvikvm(15954): WAIT_FOR_CONCURRENT_GC blocked 5ms
02-03 12:43:11.891 D/dalvikvm(15954): GC_FOR_ALLOC freed 4079K, 47% free 9005K/16912K, paused 4ms, total 4ms
02-03 12:43:11.901 D/dalvikvm(15954): GC_CONCURRENT freed 3762K, 45% free 9307K/16912K, paused 0ms+1ms, total 5ms
02-03 12:43:11.901 D/dalvikvm(15954): WAIT_FOR_CONCURRENT_GC blocked 1ms
02-03 12:43:11.911 D/dalvikvm(15954): GC_FOR_ALLOC freed 4363K, 47% free 9008K/16912K, paused 5ms, total 5ms
02-03 12:43:11.911 D/dalvikvm(15954): GC_CONCURRENT freed 3988K, 47% free 9106K/16912K, paused 0ms+1ms, total 4ms
02-03 12:43:11.911 D/dalvikvm(15954): WAIT_FOR_CONCURRENT_GC blocked 2ms
02-03 12:43:11.921 D/dalvikvm(15954): GC_CONCURRENT freed 4139K, 47% free 9011K/16912K, paused 1ms+1ms, total 5ms
02-03 12:43:11.921 D/dalvikvm(15954): WAIT_FOR_CONCURRENT_GC blocked 3ms
02-03 12:43:11.931 D/dalvikvm(15954): GC_FOR_ALLOC freed 3927K, 47% free 9115K/16912K, paused 4ms, total 4ms
02-03 12:43:11.941 D/dalvikvm(15954): GC_CONCURRENT freed 3474K, 45% free 9431K/16912K, paused 0ms+1ms, total 5ms
02-03 12:43:11.941 D/dalvikvm(15954): GC_CONCURRENT freed 4371K, 47% free 9127K/16912K, paused 1ms+1ms, total 5ms
02-03 12:43:11.941 D/dalvikvm(15954): WAIT_FOR_CONCURRENT_GC blocked 4ms
02-03 12:43:11.951 D/dalvikvm(15954): GC_CONCURRENT freed 4066K, 47% free 9079K/16912K, paused 1ms+1ms, total 6ms
02-03 12:43:11.951 D/dalvikvm(15954): WAIT_FOR_CONCURRENT_GC blocked 5ms
02-03 12:43:11.961 D/dalvikvm(15954): GC_CONCURRENT freed 4009K, 47% free 9081K/16912K, paused 1ms+1ms, total 5ms
02-03 12:43:11.961 D/dalvikvm(15954): WAIT_FOR_CONCURRENT_GC blocked 4ms
02-03 12:43:11.971 D/dalvikvm(15954): GC_CONCURRENT freed 3934K, 46% free 9173K/16912K, paused 0ms+1ms, total 4ms
02-03 12:43:11.971 D/dalvikvm(15954): WAIT_FOR_CONCURRENT_GC blocked 4ms
02-03 12:43:11.971 D/dalvikvm(15954): GC_FOR_ALLOC freed 4092K, 47% free 8995K/16912K, paused 4ms, total 4ms
02-03 12:43:11.981 D/dalvikvm(15954): GC_FOR_ALLOC freed 4003K, 47% free 9055K/16912K, paused 4ms, total 4ms
02-03 12:43:11.991 D/dalvikvm(15954): GC_CONCURRENT freed 3657K, 44% free 9492K/16912K, paused 1ms+1ms, total 6ms
02-03 12:43:11.991 D/dalvikvm(15954): WAIT_FOR_CONCURRENT_GC blocked 1ms
02-03 12:43:11.991 D/dalvikvm(15954): GC_FOR_ALLOC freed 4361K, 46% free 9185K/16912K, paused 4ms, total 4ms
02-03 12:43:12.001 D/dalvikvm(15954): GC_CONCURRENT freed 3683K, 44% free 9508K/16912K, paused 1ms+1ms, total 6ms
02-03 12:43:12.001 D/dalvikvm(15954): WAIT_FOR_CONCURRENT_GC blocked 1ms
02-03 12:43:12.011 D/dalvikvm(15954): GC_CONCURRENT freed 4400K, 47% free 9128K/16912K, paused 1ms+1ms, total 5ms
02-03 12:43:12.011 D/dalvikvm(15954): WAIT_FOR_CONCURRENT_GC blocked 4ms
02-03 12:43:12.021 D/dalvikvm(15954): GC_FOR_ALLOC freed 4093K, 47% free 9059K/16912K, paused 4ms, total 4ms
02-03 12:43:12.021 D/dalvikvm(15954): GC_FOR_ALLOC freed 3890K, 46% free 9198K/16912K, paused 4ms, total 4ms
02-03 12:43:12.031 D/dalvikvm(15954): GC_CONCURRENT freed 3469K, 43% free 9721K/16912K, paused 0ms+1ms, total 6ms
02-03 12:43:12.031 D/dalvikvm(15954): WAIT_FOR_CONCURRENT_GC blocked 2ms
02-03 12:43:12.041 D/dalvikvm(15954): GC_FOR_ALLOC freed 4513K, 46% free 9234K/16912K, paused 4ms, total 4ms
02-03 12:43:12.041 D/dalvikvm(15954): GC_CONCURRENT freed 3730K, 44% free 9597K/16912K, paused 1ms+1ms, total 6ms
02-03 12:43:12.041 D/dalvikvm(15954): WAIT_FOR_CONCURRENT_GC blocked 2ms
02-03 12:43:12.051 D/dalvikvm(15954): GC_CONCURRENT freed 4519K, 47% free 9089K/16912K, paused 1ms+1ms, total 5ms
02-03 12:43:12.051 D/dalvikvm(15954): WAIT_FOR_CONCURRENT_GC blocked 4ms
02-03 12:43:12.061 D/dalvikvm(15954): GC_FOR_ALLOC freed 4074K, 47% free 9013K/16912K, paused 4ms, total 4ms
02-03 12:43:12.061 D/dalvikvm(15954): GC_CONCURRENT freed 3677K, 45% free 9315K/16912K, paused 1ms+1ms, total 6ms
02-03 12:43:12.061 D/dalvikvm(15954): WAIT_FOR_CONCURRENT_GC blocked 1ms
02-03 12:43:12.071 D/dalvikvm(15954): GC_FOR_ALLOC freed 4031K, 46% free 9242K/16912K, paused 4ms, total 4ms
02-03 12:43:12.081 D/dalvikvm(15954): GC_FOR_ALLOC freed 4251K, 47% free 9008K/16912K, paused 4ms, total 4ms
02-03 12:43:12.081 D/dalvikvm(15954): GC_CONCURRENT freed 3358K, 44% free 9592K/16912K, paused 1ms+1ms, total 6ms
02-03 12:43:12.081 D/dalvikvm(15954): WAIT_FOR_CONCURRENT_GC blocked 2ms
02-03 12:43:12.091 D/dalvikvm(15954): GC_FOR_ALLOC freed 4521K, 47% free 9036K/16912K, paused 4ms, total 4ms
02-03 12:43:12.101 D/dalvikvm(15954): GC_CONCURRENT freed 3852K, 46% free 9203K/16912K, paused 0ms+1ms, total 5ms
02-03 12:43:12.101 D/dalvikvm(15954): WAIT_FOR_CONCURRENT_GC blocked 5ms
02-03 12:43:12.111 D/dalvikvm(15954): GC_CONCURRENT freed 4072K, 46% free 9203K/16912K, paused 1ms+1ms, total 5ms
02-03 12:43:12.111 D/dalvikvm(15954): WAIT_FOR_CONCURRENT_GC blocked 4ms
02-03 12:43:12.111 D/dalvikvm(15954): GC_FOR_ALLOC freed 3868K, 46% free 9291K/16912K, paused 4ms, total 4ms
02-03 12:43:12.121 D/dalvikvm(15954): GC_FOR_ALLOC freed 4175K, 47% free 9122K/16912K, paused 4ms, total 4ms
02-03 12:43:12.131 D/dalvikvm(15954): GC_CONCURRENT freed 3626K, 45% free 9461K/16912K, paused 1ms+1ms, total 6ms
02-03 12:43:12.131 D/dalvikvm(15954): WAIT_FOR_CONCURRENT_GC blocked 1ms
02-03 12:43:12.131 D/dalvikvm(15954): GC_FOR_ALLOC freed 4259K, 47% free 9123K/16912K, paused 4ms, total 4ms
02-03 12:43:12.141 D/dalvikvm(15954): GC_CONCURRENT freed 3964K, 46% free 9215K/16912K, paused 1ms+0ms, total 5ms
02-03 12:43:12.141 D/dalvikvm(15954): WAIT_FOR_CONCURRENT_GC blocked 4ms
02-03 12:43:12.151 D/dalvikvm(15954): GC_CONCURRENT freed 4099K, 47% free 9126K/16912K, paused 0ms+1ms, total 5ms
02-03 12:43:12.151 D/dalvikvm(15954): WAIT_FOR_CONCURRENT_GC blocked 5ms
02-03 12:43:12.161 D/dalvikvm(15954): GC_FOR_ALLOC freed 3779K, 45% free 9308K/16912K, paused 5ms, total 5ms
02-03 12:43:12.161 D/dalvikvm(15954): GC_CONCURRENT freed 4092K, 46% free 9223K/16912K, paused 0ms+1ms, total 4ms
02-03 12:43:12.161 D/dalvikvm(15954): WAIT_FOR_CONCURRENT_GC blocked 4ms
02-03 12:43:12.171 D/dalvikvm(15954): GC_FOR_ALLOC freed 4045K, 47% free 9038K/16912K, paused 4ms, total 4ms
02-03 12:43:12.181 D/dalvikvm(15954): GC_FOR_ALLOC freed 3896K, 47% free 9040K/16912K, paused 4ms, total 4ms
02-03 12:43:12.181 D/dalvikvm(15954): GC_FOR_ALLOC freed 3934K, 47% free 9042K/16912K, paused 4ms, total 4ms
02-03 12:43:12.191 D/EVENT_THREAD(14412): void CEventThread::run() POLLIN event on Fd (1)
02-03 12:43:12.191 D/EVENT_THREAD(14412): void CEventThread::run() Do poll with timeout: -1
02-03 12:43:12.191 I/upi_ug31xx(  166): (1342) backup_bo check
02-03 12:43:12.191 D/dalvikvm(15954): GC_CONCURRENT freed 3782K, 46% free 9233K/16912K, paused 1ms+1ms, total 5ms
02-03 12:43:12.191 D/dalvikvm(15954): WAIT_FOR_CONCURRENT_GC blocked 4ms
02-03 12:43:12.201 D/dalvikvm(15954): GC_CONCURRENT freed 4012K, 46% free 9232K/16912K, paused 0ms+0ms, total 5ms
02-03 12:43:12.201 D/dalvikvm(15954): WAIT_FOR_CONCURRENT_GC blocked 4ms
02-03 12:43:12.211 D/dalvikvm(15954): GC_CONCURRENT freed 4045K, 46% free 9236K/16912K, paused 1ms+1ms, total 5ms
02-03 12:43:12.211 D/dalvikvm(15954): WAIT_FOR_CONCURRENT_GC blocked 4ms
02-03 12:43:12.211 D/dalvikvm(15954): GC_CONCURRENT freed 4083K, 46% free 9240K/16912K, paused 1ms+0ms, total 5ms
02-03 12:43:12.211 D/dalvikvm(15954): WAIT_FOR_CONCURRENT_GC blocked 4ms
02-03 12:43:12.221 D/dalvikvm(15954): GC_FOR_ALLOC freed 3824K, 45% free 9341K/16912K, paused 5ms, total 5ms
02-03 12:43:12.231 D/dalvikvm(15954): GC_FOR_ALLOC freed 4155K, 46% free 9147K/16912K, paused 4ms, total 4ms
02-03 12:43:12.231 D/dalvikvm(15954): GC_FOR_ALLOC freed 3993K, 47% free 9050K/16912K, paused 4ms, total 4ms
02-03 12:43:12.241 D/dalvikvm(15954): GC_FOR_ALLOC freed 3723K, 45% free 9353K/16912K, paused 4ms, total 4ms
02-03 12:43:12.251 D/dalvikvm(15954): GC_CONCURRENT freed 3556K, 42% free 9860K/16912K, paused 0ms+1ms, total 6ms
02-03 12:43:12.251 D/dalvikvm(15954): WAIT_FOR_CONCURRENT_GC blocked 2ms
02-03 12:43:12.261 D/dalvikvm(15954): GC_CONCURRENT freed 4597K, 46% free 9260K/16912K, paused 1ms+1ms, total 5ms
02-03 12:43:12.261 D/dalvikvm(15954): WAIT_FOR_CONCURRENT_GC blocked 4ms
02-03 12:43:12.261 D/dalvikvm(15954): GC_FOR_ALLOC freed 4025K, 46% free 9160K/16912K, paused 4ms, total 4ms
02-03 12:43:12.271 D/dalvikvm(15954): GC_FOR_ALLOC freed 4164K, 47% free 9059K/16912K, paused 5ms, total 5ms
02-03 12:43:12.281 D/dalvikvm(15954): GC_CONCURRENT freed 3572K, 44% free 9478K/16912K, paused 1ms+1ms, total 6ms
02-03 12:43:12.281 D/dalvikvm(15954): WAIT_FOR_CONCURRENT_GC blocked 2ms
02-03 12:43:12.281 D/dalvikvm(15954): GC_FOR_ALLOC freed 4016K, 45% free 9379K/16912K, paused 4ms, total 4ms
02-03 12:43:12.291 D/dalvikvm(15954): GC_FOR_ALLOC freed 4264K, 47% free 9064K/16912K, paused 5ms, total 5ms
02-03 12:43:12.301 D/dalvikvm(15954): GC_FOR_ALLOC freed 3974K, 46% free 9172K/16912K, paused 5ms, total 5ms
02-03 12:43:12.311 D/dalvikvm(15954): GC_CONCURRENT freed 3033K, 41% free 10144K/16912K, paused 3ms+1ms, total 10ms
02-03 12:43:12.311 D/dalvikvm(15954): WAIT_FOR_CONCURRENT_GC blocked 4ms
02-03 12:43:12.321 D/dalvikvm(15954): GC_CONCURRENT freed 4895K, 46% free 9286K/16912K, paused 1ms+1ms, total 7ms
02-03 12:43:12.321 D/dalvikvm(15954): WAIT_FOR_CONCURRENT_GC blocked 6ms
02-03 12:43:12.331 D/dalvikvm(15954): GC_FOR_ALLOC freed 4061K, 47% free 9070K/16912K, paused 4ms, total 4ms
02-03 12:43:12.341 D/dalvikvm(15954): GC_FOR_ALLOC freed 3869K, 47% free 9071K/16912K, paused 8ms, total 9ms
02-03 12:43:12.351 D/dalvikvm(15954): GC_FOR_ALLOC freed 3895K, 47% free 9073K/16912K, paused 4ms, total 5ms
02-03 12:43:12.351 W/BindingManager(18937): Cannot call determinedVisibility() - never saw a connection for the pid: 18937
02-03 12:43:12.361 D/dalvikvm(15954): GC_FOR_ALLOC freed 3921K, 47% free 9074K/16912K, paused 7ms, total 7ms
02-03 12:43:12.371 D/dalvikvm(15954): GC_FOR_ALLOC freed 3947K, 47% free 9076K/16912K, paused 5ms, total 6ms
02-03 12:43:12.381 D/dalvikvm(15954): GC_CONCURRENT freed 3746K, 45% free 9304K/16912K, paused 1ms+0ms, total 6ms
02-03 12:43:12.381 D/dalvikvm(15954): WAIT_FOR_CONCURRENT_GC blocked 2ms
02-03 12:43:12.391 D/dalvikvm(15954): GC_CONCURRENT freed 3998K, 45% free 9307K/16912K, paused 0ms+1ms, total 5ms
02-03 12:43:12.391 D/dalvikvm(15954): WAIT_FOR_CONCURRENT_GC blocked 3ms
02-03 12:43:12.401 D/dalvikvm(15954): GC_FOR_ALLOC freed 4254K, 47% free 9080K/16912K, paused 7ms, total 7ms
02-03 12:43:12.421 E/AndroidProtocolHandler(18937): Unable to open asset URL: file:///android_asset/www//opt/tct-workers-w3c-tests/icon.png
02-03 12:43:12.431 D/dalvikvm(15954): GC_CONCURRENT freed 3820K, 45% free 9313K/16912K, paused 1ms+1ms, total 9ms
02-03 12:43:12.431 D/dalvikvm(15954): WAIT_FOR_CONCURRENT_GC blocked 4ms
02-03 12:43:12.431 D/dalvikvm(15954): GC_CONCURRENT freed 4078K, 45% free 9317K/16912K, paused 1ms+1ms, total 5ms
02-03 12:43:12.431 D/dalvikvm(15954): WAIT_FOR_CONCURRENT_GC blocked 4ms
02-03 12:43:12.441 D/dalvikvm(15954): GC_FOR_ALLOC freed 3753K, 45% free 9437K/16912K, paused 5ms, total 5ms
02-03 12:43:12.451 D/dalvikvm(15954): GC_FOR_ALLOC freed 4135K, 46% free 9204K/16912K, paused 4ms, total 4ms
02-03 12:43:12.461 D/dalvikvm(15954): GC_FOR_ALLOC freed 3925K, 47% free 9088K/16912K, paused 5ms, total 6ms
02-03 12:43:12.471 D/dalvikvm(15954): GC_FOR_ALLOC freed 3591K, 45% free 9449K/16912K, paused 6ms, total 7ms
02-03 12:43:12.481 D/dalvikvm(15954): GC_FOR_ALLOC freed 4217K, 46% free 9211K/16912K, paused 4ms, total 4ms
02-03 12:43:12.481 D/dalvikvm(15954): GC_CONCURRENT freed 3158K, 42% free 9938K/16912K, paused 1ms+1ms, total 6ms
02-03 12:43:12.481 D/dalvikvm(15954): WAIT_FOR_CONCURRENT_GC blocked 2ms
02-03 12:43:12.491 D/dalvikvm(15954): GC_CONCURRENT freed 4506K, 45% free 9460K/16912K, paused 1ms+1ms, total 5ms
02-03 12:43:12.491 D/dalvikvm(15954): WAIT_FOR_CONCURRENT_GC blocked 4ms
02-03 12:43:12.501 D/dalvikvm(15954): GC_FOR_ALLOC freed 4299K, 46% free 9218K/16912K, paused 4ms, total 4ms
02-03 12:43:12.511 D/dalvikvm(15954): GC_CONCURRENT freed 3466K, 43% free 9712K/16912K, paused 1ms+1ms, total 7ms
02-03 12:43:12.511 D/dalvikvm(15954): WAIT_FOR_CONCURRENT_GC blocked 2ms
02-03 12:43:12.511 D/dalvikvm(15954): GC_FOR_ALLOC freed 4347K, 46% free 9223K/16912K, paused 4ms, total 5ms
02-03 12:43:12.521 D/dalvikvm(15954): GC_CONCURRENT freed 3880K, 45% free 9351K/16912K, paused 1ms+0ms, total 5ms
02-03 12:43:12.521 D/dalvikvm(15954): WAIT_FOR_CONCURRENT_GC blocked 4ms
02-03 12:43:12.531 D/dalvikvm(15954): GC_FOR_ALLOC freed 4028K, 46% free 9227K/16912K, paused 4ms, total 4ms
02-03 12:43:12.531 D/dalvikvm(15954): GC_CONCURRENT freed 3927K, 45% free 9357K/16912K, paused 1ms+1ms, total 5ms
02-03 12:43:12.531 D/dalvikvm(15954): WAIT_FOR_CONCURRENT_GC blocked 4ms
02-03 12:43:12.541 D/dalvikvm(15954): GC_FOR_ALLOC freed 4076K, 46% free 9232K/16912K, paused 4ms, total 4ms
02-03 12:43:12.551 D/dalvikvm(15954): GC_FOR_ALLOC freed 3587K, 44% free 9490K/16912K, paused 5ms, total 5ms
02-03 12:43:12.561 D/dalvikvm(15954): GC_FOR_ALLOC freed 4252K, 47% free 9108K/16912K, paused 5ms, total 5ms
02-03 12:43:12.561 D/dalvikvm(15954): GC_FOR_ALLOC freed 3887K, 46% free 9238K/16912K, paused 5ms, total 5ms
02-03 12:43:12.571 D/dalvikvm(15954): GC_CONCURRENT freed 651K, 41% free 10017K/16912K, paused 0ms+2ms, total 5ms
02-03 12:43:12.571 D/dalvikvm(15954): GC_CONCURRENT freed 4826K, 46% free 9242K/16912K, paused 0ms+1ms, total 4ms
02-03 12:43:12.571 D/dalvikvm(15954): WAIT_FOR_CONCURRENT_GC blocked 4ms
02-03 12:43:12.581 D/dalvikvm(15954): GC_FOR_ALLOC freed 3676K, 44% free 9506K/16912K, paused 4ms, total 4ms
02-03 12:43:12.591 D/dalvikvm(15954): GC_FOR_ALLOC freed 4356K, 47% free 9114K/16912K, paused 4ms, total 4ms
02-03 12:43:12.601 D/dalvikvm(15954): GC_FOR_ALLOC freed 3716K, 47% free 9116K/16912K, paused 4ms, total 4ms
02-03 12:43:12.601 D/dalvikvm(15954): GC_FOR_ALLOC freed 3735K, 47% free 9117K/16912K, paused 4ms, total 4ms
02-03 12:43:12.611 D/dalvikvm(15954): GC_FOR_ALLOC freed 3754K, 47% free 9118K/16912K, paused 4ms, total 4ms
02-03 12:43:12.621 D/dalvikvm(15954): GC_FOR_ALLOC freed 3773K, 47% free 9120K/16912K, paused 4ms, total 4ms
02-03 12:43:12.621 D/dalvikvm(15954): GC_FOR_ALLOC freed 3792K, 47% free 9121K/16912K, paused 4ms, total 4ms
02-03 12:43:12.631 D/dalvikvm(15954): GC_FOR_ALLOC freed 3811K, 47% free 9122K/16912K, paused 4ms, total 4ms
02-03 12:43:12.641 D/dalvikvm(15954): GC_FOR_ALLOC freed 3830K, 47% free 9124K/16912K, paused 4ms, total 4ms
02-03 12:43:12.641 D/dalvikvm(15954): GC_FOR_ALLOC freed 3849K, 47% free 9125K/16912K, paused 4ms, total 4ms
02-03 12:43:12.651 D/dalvikvm(15954): GC_FOR_ALLOC freed 3867K, 47% free 9126K/16912K, paused 4ms, total 4ms
02-03 12:43:12.661 D/dalvikvm(15954): GC_FOR_ALLOC freed 3886K, 47% free 9128K/16912K, paused 4ms, total 4ms
02-03 12:43:12.661 D/dalvikvm(15954): GC_FOR_ALLOC freed 3905K, 47% free 9129K/16912K, paused 4ms, total 5ms
02-03 12:43:12.671 D/dalvikvm(15954): GC_FOR_ALLOC freed 3924K, 47% free 9130K/16912K, paused 4ms, total 4ms
02-03 12:43:12.681 D/dalvikvm(15954): GC_FOR_ALLOC freed 3943K, 47% free 9132K/16912K, paused 4ms, total 4ms
02-03 12:43:12.681 D/dalvikvm(15954): GC_FOR_ALLOC freed 3961K, 46% free 9133K/16912K, paused 4ms, total 4ms
02-03 12:43:12.691 D/dalvikvm(15954): GC_CONCURRENT freed 3696K, 45% free 9419K/16912K, paused 1ms+1ms, total 5ms
02-03 12:43:12.691 D/dalvikvm(15954): WAIT_FOR_CONCURRENT_GC blocked 4ms
02-03 12:43:12.701 D/dalvikvm(15954): GC_CONCURRENT freed 3998K, 45% free 9422K/16912K, paused 0ms+1ms, total 4ms
02-03 12:43:12.701 D/dalvikvm(15954): WAIT_FOR_CONCURRENT_GC blocked 4ms
02-03 12:43:12.701 D/dalvikvm(15954): GC_CONCURRENT freed 4017K, 45% free 9424K/16912K, paused 1ms+1ms, total 5ms
02-03 12:43:12.701 D/dalvikvm(15954): WAIT_FOR_CONCURRENT_GC blocked 4ms
02-03 12:43:12.711 D/dalvikvm(15954): GC_CONCURRENT freed 4035K, 45% free 9427K/16912K, paused 0ms+1ms, total 4ms
02-03 12:43:12.711 D/dalvikvm(15954): WAIT_FOR_CONCURRENT_GC blocked 4ms
02-03 12:43:12.721 D/dalvikvm(15954): GC_CONCURRENT freed 4054K, 45% free 9430K/16912K, paused 0ms+1ms, total 4ms
02-03 12:43:12.721 D/dalvikvm(15954): WAIT_FOR_CONCURRENT_GC blocked 5ms
02-03 12:43:12.731 D/dalvikvm(15954): GC_CONCURRENT freed 4073K, 45% free 9432K/16912K, paused 1ms+1ms, total 5ms
02-03 12:43:12.731 D/dalvikvm(15954): WAIT_FOR_CONCURRENT_GC blocked 4ms
02-03 12:43:12.741 D/dalvikvm(15954): GC_CONCURRENT freed 4092K, 45% free 9435K/16912K, paused 1ms+1ms, total 6ms
02-03 12:43:12.741 D/dalvikvm(15954): WAIT_FOR_CONCURRENT_GC blocked 5ms
02-03 12:43:12.741 D/dalvikvm(15954): GC_FOR_ALLOC freed 3668K, 44% free 9584K/16912K, paused 5ms, total 5ms
02-03 12:43:12.751 D/dalvikvm(15954): GC_FOR_ALLOC freed 4127K, 46% free 9292K/16912K, paused 4ms, total 4ms
02-03 12:43:12.761 D/dalvikvm(15954): GC_FOR_ALLOC freed 3850K, 46% free 9146K/16912K, paused 5ms, total 5ms
02-03 12:43:12.771 D/dalvikvm(15954): GC_FOR_ALLOC freed 3418K, 44% free 9593K/16912K, paused 4ms, total 4ms
02-03 12:43:12.771 D/dalvikvm(15954): GC_FOR_ALLOC freed 4179K, 46% free 9297K/16912K, paused 4ms, total 4ms
02-03 12:43:12.781 D/dalvikvm(15954): GC_FOR_ALLOC freed 3898K, 46% free 9150K/16912K, paused 4ms, total 4ms
02-03 12:43:12.791 D/dalvikvm(15954): GC_FOR_ALLOC freed 3461K, 44% free 9602K/16912K, paused 5ms, total 5ms
02-03 12:43:12.791 D/dalvikvm(15954): GC_FOR_ALLOC freed 4231K, 45% free 9303K/16912K, paused 4ms, total 4ms
02-03 12:43:12.801 D/dalvikvm(15954): GC_FOR_ALLOC freed 3946K, 46% free 9154K/16912K, paused 4ms, total 4ms
02-03 12:43:12.811 D/dalvikvm(15954): GC_FOR_ALLOC freed 3503K, 44% free 9611K/16912K, paused 5ms, total 5ms
02-03 12:43:12.811 D/dalvikvm(15954): GC_CONCURRENT freed 4282K, 45% free 9309K/16912K, paused 1ms+1ms, total 5ms
02-03 12:43:12.811 D/dalvikvm(15954): WAIT_FOR_CONCURRENT_GC blocked 4ms
02-03 12:43:12.821 D/dalvikvm(15954): GC_FOR_ALLOC freed 3994K, 46% free 9157K/16912K, paused 4ms, total 4ms
02-03 12:43:12.831 D/dalvikvm(15954): GC_FOR_ALLOC freed 3546K, 44% free 9621K/16912K, paused 4ms, total 4ms
02-03 12:43:12.831 D/dalvikvm(15954): GC_CONCURRENT freed 3254K, 39% free 10394K/16912K, paused 1ms+1ms, total 6ms
02-03 12:43:12.831 D/dalvikvm(15954): WAIT_FOR_CONCURRENT_GC blocked 3ms
02-03 12:43:12.841 D/dalvikvm(15954): GC_FOR_ALLOC freed 4343K, 44% free 9626K/16912K, paused 4ms, total 4ms
02-03 12:43:12.851 D/dalvikvm(15954): GC_FOR_ALLOC freed 4055K, 46% free 9162K/16912K, paused 5ms, total 5ms
02-03 12:43:12.851 D/dalvikvm(15954): GC_FOR_ALLOC freed 3600K, 44% free 9632K/16912K, paused 5ms, total 5ms
02-03 12:43:12.861 D/dalvikvm(15954): GC_CONCURRENT freed 3304K, 39% free 10417K/16912K, paused 1ms+1ms, total 7ms
02-03 12:43:12.861 D/dalvikvm(15954): WAIT_FOR_CONCURRENT_GC blocked 2ms
02-03 12:43:12.871 D/dalvikvm(15954): GC_FOR_ALLOC freed 4409K, 45% free 9323K/16912K, paused 4ms, total 4ms
02-03 12:43:12.871 D/dalvikvm(15954): GC_FOR_ALLOC freed 4116K, 46% free 9167K/16912K, paused 4ms, total 4ms
02-03 12:43:12.881 D/dalvikvm(15954): GC_FOR_ALLOC freed 3654K, 45% free 9326K/16912K, paused 4ms, total 5ms
02-03 12:43:12.891 D/dalvikvm(15954): GC_CONCURRENT freed 3828K, 44% free 9488K/16912K, paused 1ms+0ms, total 5ms
02-03 12:43:12.891 D/dalvikvm(15954): WAIT_FOR_CONCURRENT_GC blocked 4ms
02-03 12:43:12.891 D/dalvikvm(15954): GC_FOR_ALLOC freed 4001K, 45% free 9330K/16912K, paused 4ms, total 4ms
02-03 12:43:12.901 D/dalvikvm(15954): GC_CONCURRENT freed 3858K, 44% free 9493K/16912K, paused 1ms+0ms, total 6ms
02-03 12:43:12.901 D/dalvikvm(15954): WAIT_FOR_CONCURRENT_GC blocked 5ms
02-03 12:43:12.911 D/dalvikvm(15954): GC_FOR_ALLOC freed 4031K, 45% free 9333K/16912K, paused 4ms, total 5ms
02-03 12:43:12.921 D/dalvikvm(15954): GC_CONCURRENT freed 3887K, 44% free 9498K/16912K, paused 1ms+1ms, total 7ms
02-03 12:43:12.921 D/dalvikvm(15954): WAIT_FOR_CONCURRENT_GC blocked 5ms
02-03 12:43:12.931 D/dalvikvm(15954): GC_FOR_ALLOC freed 4061K, 45% free 9337K/16912K, paused 5ms, total 5ms
02-03 12:43:12.941 D/dalvikvm(15954): GC_CONCURRENT freed 3916K, 44% free 9503K/16912K, paused 1ms+1ms, total 9ms
02-03 12:43:12.941 D/dalvikvm(15954): WAIT_FOR_CONCURRENT_GC blocked 7ms
02-03 12:43:12.941 W/BindingManager(18937): Cannot call determinedVisibility() - never saw a connection for the pid: 18937
02-03 12:43:12.951 D/dalvikvm(15954): GC_FOR_ALLOC freed 4094K, 45% free 9341K/16912K, paused 10ms, total 10ms
02-03 12:43:12.961 D/dalvikvm(15954): GC_FOR_ALLOC freed 3452K, 43% free 9671K/16912K, paused 6ms, total 6ms
02-03 12:43:12.971 D/dalvikvm(15954): GC_FOR_ALLOC freed 4290K, 46% free 9180K/16912K, paused 4ms, total 4ms
02-03 12:43:12.981 D/dalvikvm(15954): GC_CONCURRENT freed 3808K, 45% free 9347K/16912K, paused 1ms+1ms, total 5ms
02-03 12:43:12.981 D/dalvikvm(15954): WAIT_FOR_CONCURRENT_GC blocked 4ms
02-03 12:43:12.991 D/dalvikvm(15954): GC_FOR_ALLOC freed 3487K, 43% free 9680K/16912K, paused 4ms, total 4ms
02-03 12:43:13.001 D/dalvikvm(15954): GC_FOR_ALLOC freed 4331K, 46% free 9183K/16912K, paused 4ms, total 4ms
02-03 12:43:13.001 D/dalvikvm(15954): GC_CONCURRENT freed 3843K, 45% free 9351K/16912K, paused 1ms+0ms, total 5ms
02-03 12:43:13.001 D/dalvikvm(15954): WAIT_FOR_CONCURRENT_GC blocked 4ms
02-03 12:43:13.011 D/dalvikvm(15954): GC_FOR_ALLOC freed 3518K, 43% free 9687K/16912K, paused 4ms, total 4ms
02-03 12:43:13.021 D/dalvikvm(15954): GC_FOR_ALLOC freed 4370K, 46% free 9186K/16912K, paused 5ms, total 5ms
02-03 12:43:13.031 D/dalvikvm(15954): GC_CONCURRENT freed 3876K, 43% free 9693K/16912K, paused 1ms+1ms, total 6ms
02-03 12:43:13.041 D/dalvikvm(15954): GC_FOR_ALLOC freed 4245K, 46% free 9209K/16912K, paused 5ms, total 5ms
02-03 12:43:13.061 D/dalvikvm(15954): GC_FOR_ALLOC freed 3736K, 46% free 9209K/16912K, paused 17ms, total 17ms
02-03 12:43:13.091 D/dalvikvm(15954): GC_FOR_ALLOC freed 3610K, 49% free 8633K/16912K, paused 16ms, total 17ms
02-03 12:43:13.121 D/dalvikvm(15954): GC_CONCURRENT freed 3326K, 45% free 9344K/16912K, paused 1ms+1ms, total 4ms
02-03 12:43:13.201 D/dalvikvm(15954): GC_CONCURRENT freed 4414K, 48% free 8930K/16912K, paused 1ms+1ms, total 8ms
02-03 12:43:13.221 D/dalvikvm(15954): GC_CONCURRENT freed 3965K, 48% free 8948K/16912K, paused 8ms+0ms, total 14ms
02-03 12:43:13.241 D/dalvikvm(15954): GC_FOR_ALLOC freed 4116K, 48% free 8896K/16912K, paused 7ms, total 7ms
02-03 12:43:13.241 D/dalvikvm(15954): GC_CONCURRENT freed 3904K, 47% free 9063K/16912K, paused 1ms+2ms, total 9ms
02-03 12:43:13.241 D/dalvikvm(15954): WAIT_FOR_CONCURRENT_GC blocked 3ms
02-03 12:43:13.261 D/dalvikvm(15954): GC_FOR_ALLOC freed 4098K, 47% free 9010K/16912K, paused 5ms, total 5ms
02-03 12:43:13.261 D/dalvikvm(15954): GC_CONCURRENT freed 3919K, 46% free 9162K/16912K, paused 0ms+1ms, total 5ms
02-03 12:43:13.261 D/dalvikvm(15954): WAIT_FOR_CONCURRENT_GC blocked 1ms
02-03 12:43:13.281 D/dalvikvm(15954): GC_CONCURRENT freed 4104K, 46% free 9226K/16912K, paused 0ms+3ms, total 7ms
02-03 12:43:13.291 D/dalvikvm(15954): GC_FOR_ALLOC freed 4261K, 47% free 9057K/16912K, paused 5ms, total 5ms
02-03 12:43:13.291 D/dalvikvm(15954): GC_CONCURRENT freed 4024K, 47% free 9128K/16912K, paused 0ms+2ms, total 7ms
02-03 12:43:13.291 D/dalvikvm(15954): WAIT_FOR_CONCURRENT_GC blocked 1ms
02-03 12:43:13.311 D/dalvikvm(15954): GC_CONCURRENT freed 4232K, 37% free 10755K/16912K, paused 0ms+1ms, total 8ms
02-03 12:43:13.321 D/dalvikvm(15954): GC_CONCURRENT freed 5731K, 47% free 9074K/16912K, paused 1ms+1ms, total 6ms
02-03 12:43:13.321 D/dalvikvm(15954): WAIT_FOR_CONCURRENT_GC blocked 5ms
02-03 12:43:13.331 D/dalvikvm(15954): GC_CONCURRENT freed 4137K, 47% free 9020K/16912K, paused 2ms+1ms, total 6ms
02-03 12:43:13.331 D/dalvikvm(15954): WAIT_FOR_CONCURRENT_GC blocked 4ms
02-03 12:43:13.331 D/dalvikvm(15954): GC_CONCURRENT freed 3977K, 47% free 9117K/16912K, paused 0ms+1ms, total 4ms
02-03 12:43:13.341 D/dalvikvm(15954): WAIT_FOR_CONCURRENT_GC blocked 5ms
02-03 12:43:13.341 D/dalvikvm(15954): GC_CONCURRENT freed 4126K, 47% free 9023K/16912K, paused 0ms+1ms, total 4ms
02-03 12:43:13.341 D/dalvikvm(15954): WAIT_FOR_CONCURRENT_GC blocked 4ms
02-03 12:43:13.351 D/dalvikvm(15954): GC_FOR_ALLOC freed 3916K, 47% free 9126K/16912K, paused 5ms, total 5ms
02-03 12:43:13.361 D/dalvikvm(15954): GC_CONCURRENT freed 3682K, 44% free 9490K/16912K, paused 1ms+1ms, total 7ms
02-03 12:43:13.361 D/dalvikvm(15954): WAIT_FOR_CONCURRENT_GC blocked 2ms
02-03 12:43:13.371 D/dalvikvm(15954): GC_CONCURRENT freed 4528K, 47% free 9025K/16912K, paused 1ms+0ms, total 5ms
02-03 12:43:13.371 D/dalvikvm(15954): WAIT_FOR_CONCURRENT_GC blocked 4ms
02-03 12:43:13.371 D/dalvikvm(15954): GC_FOR_ALLOC freed 3900K, 46% free 9138K/16912K, paused 4ms, total 4ms
02-03 12:43:13.381 D/dalvikvm(15954): GC_CONCURRENT freed 3611K, 44% free 9535K/16912K, paused 1ms+1ms, total 6ms
02-03 12:43:13.381 D/dalvikvm(15954): WAIT_FOR_CONCURRENT_GC blocked 1ms
02-03 12:43:13.391 D/dalvikvm(15954): GC_FOR_ALLOC freed 4502K, 47% free 9059K/16912K, paused 4ms, total 4ms
02-03 12:43:13.391 D/dalvikvm(15954): GC_CONCURRENT freed 3678K, 45% free 9413K/16912K, paused 1ms+1ms, total 6ms
02-03 12:43:13.391 D/dalvikvm(15954): WAIT_FOR_CONCURRENT_GC blocked 2ms
02-03 12:43:13.401 D/dalvikvm(15954): GC_CONCURRENT freed 4417K, 47% free 9060K/16912K, paused 0ms+0ms, total 5ms
02-03 12:43:13.401 D/dalvikvm(15954): WAIT_FOR_CONCURRENT_GC blocked 4ms
02-03 12:43:13.411 D/dalvikvm(15954): GC_FOR_ALLOC freed 3967K, 46% free 9186K/16912K, paused 4ms, total 4ms
02-03 12:43:13.411 D/dalvikvm(15954): GC_CONCURRENT freed 3608K, 44% free 9632K/16912K, paused 1ms+1ms, total 6ms
02-03 12:43:13.411 D/dalvikvm(15954): WAIT_FOR_CONCURRENT_GC blocked 2ms
02-03 12:43:13.421 D/dalvikvm(15954): GC_CONCURRENT freed 4579K, 47% free 9060K/16912K, paused 1ms+1ms, total 5ms
02-03 12:43:13.421 D/dalvikvm(15954): WAIT_FOR_CONCURRENT_GC blocked 4ms
02-03 12:43:13.431 D/dalvikvm(15954): GC_CONCURRENT freed 3948K, 47% free 9131K/16912K, paused 0ms+0ms, total 5ms
02-03 12:43:13.431 D/dalvikvm(15954): WAIT_FOR_CONCURRENT_GC blocked 4ms
02-03 12:43:13.441 D/dalvikvm(15954): GC_FOR_ALLOC freed 4093K, 47% free 9063K/16912K, paused 4ms, total 4ms
02-03 12:43:13.441 D/dalvikvm(15954): GC_CONCURRENT freed 3757K, 45% free 9336K/16912K, paused 1ms+1ms, total 6ms
02-03 12:43:13.441 D/dalvikvm(15954): WAIT_FOR_CONCURRENT_GC blocked 1ms
02-03 12:43:13.451 D/dalvikvm(15954): GC_CONCURRENT freed 4091K, 46% free 9236K/16912K, paused 1ms+1ms, total 5ms
02-03 12:43:13.451 D/dalvikvm(15954): WAIT_FOR_CONCURRENT_GC blocked 5ms
02-03 12:43:13.461 D/dalvikvm(15954): GC_FOR_ALLOC freed 4024K, 46% free 9238K/16912K, paused 4ms, total 4ms
02-03 12:43:13.461 D/dalvikvm(15954): GC_CONCURRENT freed 3586K, 43% free 9745K/16912K, paused 1ms+1ms, total 6ms
02-03 12:43:13.461 D/dalvikvm(15954): WAIT_FOR_CONCURRENT_GC blocked 1ms
02-03 12:43:13.471 D/dalvikvm(15954): GC_FOR_ALLOC freed 4663K, 47% free 9093K/16912K, paused 5ms, total 5ms
02-03 12:43:13.481 D/dalvikvm(15954): GC_CONCURRENT freed 3701K, 45% free 9390K/16912K, paused 0ms+1ms, total 6ms
02-03 12:43:13.481 D/dalvikvm(15954): WAIT_FOR_CONCURRENT_GC blocked 2ms
02-03 12:43:13.491 D/dalvikvm(15954): GC_CONCURRENT freed 4276K, 47% free 9092K/16912K, paused 0ms+1ms, total 4ms
02-03 12:43:13.491 D/dalvikvm(15954): WAIT_FOR_CONCURRENT_GC blocked 4ms
02-03 12:43:13.491 D/dalvikvm(15954): GC_FOR_ALLOC freed 3804K, 46% free 9246K/16912K, paused 4ms, total 4ms
02-03 12:43:13.501 D/dalvikvm(15954): GC_CONCURRENT freed 4089K, 46% free 9174K/16912K, paused 1ms+1ms, total 5ms
02-03 12:43:13.501 D/dalvikvm(15954): WAIT_FOR_CONCURRENT_GC blocked 4ms
02-03 12:43:13.511 D/dalvikvm(15954): GC_FOR_ALLOC freed 4070K, 47% free 9014K/16912K, paused 4ms, total 4ms
02-03 12:43:13.511 D/dalvikvm(15954): GC_FOR_ALLOC freed 3967K, 47% free 9044K/16912K, paused 4ms, total 4ms
02-03 12:43:13.521 D/dalvikvm(15954): GC_CONCURRENT freed 3777K, 46% free 9286K/16912K, paused 0ms+1ms, total 6ms
02-03 12:43:13.521 D/dalvikvm(15954): WAIT_FOR_CONCURRENT_GC blocked 2ms
02-03 12:43:13.531 D/dalvikvm(15954): GC_CONCURRENT freed 4147K, 46% free 9212K/16912K, paused 0ms+1ms, total 5ms
02-03 12:43:13.531 D/dalvikvm(15954): WAIT_FOR_CONCURRENT_GC blocked 4ms
02-03 12:43:13.531 D/dalvikvm(15954): GC_FOR_ALLOC freed 3872K, 46% free 9295K/16912K, paused 4ms, total 4ms
02-03 12:43:13.541 D/dalvikvm(15954): GC_FOR_ALLOC freed 4175K, 47% free 9126K/16912K, paused 4ms, total 4ms
02-03 12:43:13.551 D/dalvikvm(15954): GC_CONCURRENT freed 3626K, 45% free 9465K/16912K, paused 1ms+1ms, total 6ms
02-03 12:43:13.551 D/dalvikvm(15954): WAIT_FOR_CONCURRENT_GC blocked 1ms
02-03 12:43:13.551 D/dalvikvm(15954): GC_FOR_ALLOC freed 4259K, 47% free 9127K/16912K, paused 4ms, total 4ms
02-03 12:43:13.561 D/dalvikvm(15954): GC_CONCURRENT freed 3964K, 46% free 9219K/16912K, paused 0ms+1ms, total 5ms
02-03 12:43:13.561 D/dalvikvm(15954): WAIT_FOR_CONCURRENT_GC blocked 4ms
02-03 12:43:13.571 D/dalvikvm(15954): GC_CONCURRENT freed 4098K, 47% free 9130K/16912K, paused 0ms+1ms, total 4ms
02-03 12:43:13.571 D/dalvikvm(15954): WAIT_FOR_CONCURRENT_GC blocked 4ms
02-03 12:43:13.581 D/dalvikvm(15954): GC_FOR_ALLOC freed 3779K, 45% free 9312K/16912K, paused 4ms, total 4ms
02-03 12:43:13.581 D/dalvikvm(15954): GC_CONCURRENT freed 4096K, 46% free 9222K/16912K, paused 0ms+1ms, total 5ms
02-03 12:43:13.581 D/dalvikvm(15954): WAIT_FOR_CONCURRENT_GC blocked 4ms
02-03 12:43:13.591 D/dalvikvm(15954): GC_FOR_ALLOC freed 4041K, 47% free 9042K/16912K, paused 5ms, total 5ms
02-03 12:43:13.601 D/dalvikvm(15954): GC_FOR_ALLOC freed 3896K, 47% free 9044K/16912K, paused 4ms, total 4ms
02-03 12:43:13.601 D/dalvikvm(15954): GC_FOR_ALLOC freed 3934K, 47% free 9046K/16912K, paused 4ms, total 4ms
02-03 12:43:13.611 D/dalvikvm(15954): GC_CONCURRENT freed 3782K, 46% free 9237K/16912K, paused 0ms+1ms, total 4ms
02-03 12:43:13.611 D/dalvikvm(15954): WAIT_FOR_CONCURRENT_GC blocked 5ms
02-03 12:43:13.621 D/dalvikvm(15954): GC_CONCURRENT freed 4012K, 46% free 9236K/16912K, paused 1ms+1ms, total 5ms
02-03 12:43:13.621 D/dalvikvm(15954): WAIT_FOR_CONCURRENT_GC blocked 4ms
02-03 12:43:13.631 D/dalvikvm(15954): GC_CONCURRENT freed 4045K, 46% free 9240K/16912K, paused 0ms+1ms, total 4ms
02-03 12:43:13.631 D/dalvikvm(15954): WAIT_FOR_CONCURRENT_GC blocked 5ms
02-03 12:43:13.631 D/dalvikvm(15954): GC_CONCURRENT freed 4087K, 46% free 9248K/16912K, paused 1ms+1ms, total 5ms
02-03 12:43:13.631 D/dalvikvm(15954): WAIT_FOR_CONCURRENT_GC blocked 4ms
02-03 12:43:13.641 D/dalvikvm(15954): GC_FOR_ALLOC freed 3824K, 45% free 9349K/16912K, paused 4ms, total 4ms
02-03 12:43:13.651 D/dalvikvm(15954): GC_FOR_ALLOC freed 4155K, 46% free 9155K/16912K, paused 5ms, total 5ms
02-03 12:43:13.661 D/dalvikvm(15954): GC_FOR_ALLOC freed 3993K, 47% free 9058K/16912K, paused 4ms, total 4ms
02-03 12:43:13.661 D/dalvikvm(15954): GC_FOR_ALLOC freed 3723K, 45% free 9361K/16912K, paused 4ms, total 4ms
02-03 12:43:13.671 D/dalvikvm(15954): GC_CONCURRENT freed 3556K, 42% free 9868K/16912K, paused 1ms+1ms, total 6ms
02-03 12:43:13.671 D/dalvikvm(15954): WAIT_FOR_CONCURRENT_GC blocked 2ms
02-03 12:43:13.681 D/dalvikvm(15954): GC_CONCURRENT freed 4597K, 46% free 9268K/16912K, paused 1ms+1ms, total 5ms
02-03 12:43:13.681 D/dalvikvm(15954): WAIT_FOR_CONCURRENT_GC blocked 4ms
02-03 12:43:13.681 D/dalvikvm(15954): GC_FOR_ALLOC freed 4025K, 46% free 9168K/16912K, paused 4ms, total 4ms
02-03 12:43:13.691 D/dalvikvm(15954): GC_CONCURRENT freed 3956K, 46% free 9275K/16912K, paused 0ms+1ms, total 5ms
02-03 12:43:13.691 D/dalvikvm(15954): WAIT_FOR_CONCURRENT_GC blocked 5ms
02-03 12:43:13.701 D/dalvikvm(15954): GC_CONCURRENT freed 4093K, 46% free 9173K/16912K, paused 1ms+1ms, total 5ms
02-03 12:43:13.701 D/dalvikvm(15954): WAIT_FOR_CONCURRENT_GC blocked 4ms
02-03 12:43:13.711 D/dalvikvm(15954): GC_FOR_ALLOC freed 3703K, 45% free 9387K/16912K, paused 4ms, total 4ms
02-03 12:43:13.711 D/dalvikvm(15954): GC_FOR_ALLOC freed 4264K, 47% free 9072K/16912K, paused 4ms, total 4ms
02-03 12:43:13.721 D/dalvikvm(15954): GC_FOR_ALLOC freed 3974K, 46% free 9180K/16912K, paused 4ms, total 4ms
02-03 12:43:13.731 D/dalvikvm(15954): GC_CONCURRENT freed 3249K, 42% free 9937K/16912K, paused 0ms+0ms, total 6ms
02-03 12:43:13.731 D/dalvikvm(15954): WAIT_FOR_CONCURRENT_GC blocked 2ms
02-03 12:43:13.731 D/dalvikvm(15954): GC_CONCURRENT freed 4679K, 46% free 9295K/16912K, paused 0ms+1ms, total 4ms
02-03 12:43:13.731 D/dalvikvm(15954): WAIT_FOR_CONCURRENT_GC blocked 4ms
02-03 12:43:13.741 D/dalvikvm(15954): GC_FOR_ALLOC freed 4061K, 47% free 9078K/16912K, paused 4ms, total 4ms
02-03 12:43:13.751 D/dalvikvm(15954): GC_FOR_ALLOC freed 3869K, 47% free 9079K/16912K, paused 5ms, total 5ms
02-03 12:43:13.761 D/dalvikvm(15954): GC_FOR_ALLOC freed 3895K, 47% free 9081K/16912K, paused 5ms, total 5ms
02-03 12:43:13.771 D/dalvikvm(15954): GC_FOR_ALLOC freed 3921K, 47% free 9082K/16912K, paused 6ms, total 6ms
02-03 12:43:13.771 D/dalvikvm(15954): GC_FOR_ALLOC freed 3947K, 47% free 9084K/16912K, paused 5ms, total 5ms
02-03 12:43:13.791 D/dalvikvm(15954): GC_CONCURRENT freed 3746K, 45% free 9312K/16912K, paused 1ms+3ms, total 9ms
02-03 12:43:13.791 D/dalvikvm(15954): WAIT_FOR_CONCURRENT_GC blocked 7ms
02-03 12:43:13.791 W/BindingManager(18937): Cannot call determinedVisibility() - never saw a connection for the pid: 18937
02-03 12:43:13.801 D/dalvikvm(15954): GC_CONCURRENT freed 3998K, 45% free 9315K/16912K, paused 1ms+3ms, total 7ms
02-03 12:43:13.801 D/dalvikvm(15954): WAIT_FOR_CONCURRENT_GC blocked 6ms
02-03 12:43:13.811 D/dalvikvm(15954): GC_CONCURRENT freed 4022K, 45% free 9318K/16912K, paused 2ms+1ms, total 9ms
02-03 12:43:13.821 I/chromium(18937): [INFO:CONSOLE(47)] "Uncaught ReferenceError: SharedWorker is not defined", source: app://org.xwalk.webapi_noneservice_tests//opt/tct-workers-w3c-tests/workers/SharedWorkerLocation_search.html (47)
02-03 12:43:13.821 D/dalvikvm(15954): GC_CONCURRENT freed 4052K, 45% free 9321K/16912K, paused 1ms+0ms, total 5ms
02-03 12:43:13.821 D/dalvikvm(15954): WAIT_FOR_CONCURRENT_GC blocked 4ms
02-03 12:43:13.831 D/dalvikvm(15954): GC_CONCURRENT freed 4078K, 45% free 9325K/16912K, paused 1ms+1ms, total 6ms
02-03 12:43:13.831 D/dalvikvm(15954): WAIT_FOR_CONCURRENT_GC blocked 5ms
02-03 12:43:13.841 D/dalvikvm(15954): GC_FOR_ALLOC freed 3753K, 45% free 9445K/16912K, paused 6ms, total 6ms
02-03 12:43:13.851 D/dalvikvm(15954): GC_FOR_ALLOC freed 4135K, 46% free 9212K/16912K, paused 7ms, total 7ms
02-03 12:43:13.861 D/dalvikvm(15954): GC_FOR_ALLOC freed 3925K, 47% free 9096K/16912K, paused 4ms, total 4ms
02-03 12:43:13.871 D/dalvikvm(15954): GC_FOR_ALLOC freed 3591K, 45% free 9457K/16912K, paused 4ms, total 4ms
02-03 12:43:13.871 D/dalvikvm(15954): GC_FOR_ALLOC freed 4217K, 46% free 9219K/16912K, paused 4ms, total 4ms
02-03 12:43:13.881 D/dalvikvm(15954): GC_CONCURRENT freed 3400K, 43% free 9704K/16912K, paused 1ms+1ms, total 6ms
02-03 12:43:13.881 D/dalvikvm(15954): WAIT_FOR_CONCURRENT_GC blocked 2ms
02-03 12:43:13.891 D/dalvikvm(15954): GC_FOR_ALLOC freed 4264K, 45% free 9468K/16912K, paused 4ms, total 4ms
02-03 12:43:13.891 D/dalvikvm(15954): GC_CONCURRENT freed 3444K, 41% free 10082K/16912K, paused 1ms+0ms, total 7ms
02-03 12:43:13.891 D/dalvikvm(15954): WAIT_FOR_CONCURRENT_GC blocked 2ms
02-03 12:43:13.901 D/dalvikvm(15954): GC_FOR_ALLOC freed 4936K, 47% free 9106K/16912K, paused 4ms, total 4ms
02-03 12:43:13.911 D/dalvikvm(15954): GC_FOR_ALLOC freed 3732K, 46% free 9231K/16912K, paused 4ms, total 4ms
02-03 12:43:13.911 D/dalvikvm(15954): GC_CONCURRENT freed 3880K, 45% free 9359K/16912K, paused 0ms+1ms, total 4ms
02-03 12:43:13.911 D/dalvikvm(15954): WAIT_FOR_CONCURRENT_GC blocked 3ms
02-03 12:43:13.921 D/dalvikvm(15954): GC_FOR_ALLOC freed 4028K, 46% free 9235K/16912K, paused 4ms, total 4ms
02-03 12:43:13.931 D/dalvikvm(15954): GC_CONCURRENT freed 3927K, 45% free 9365K/16912K, paused 0ms+1ms, total 4ms
02-03 12:43:13.931 D/dalvikvm(15954): WAIT_FOR_CONCURRENT_GC blocked 3ms
02-03 12:43:13.941 D/dalvikvm(15954): GC_FOR_ALLOC freed 4076K, 46% free 9240K/16912K, paused 4ms, total 4ms
02-03 12:43:13.941 D/dalvikvm(15954): GC_FOR_ALLOC freed 3587K, 44% free 9498K/16912K, paused 4ms, total 4ms
02-03 12:43:13.951 D/dalvikvm(15954): GC_FOR_ALLOC freed 4252K, 47% free 9116K/16912K, paused 4ms, total 4ms
02-03 12:43:13.961 D/dalvikvm(15954): GC_FOR_ALLOC freed 3887K, 46% free 9246K/16912K, paused 4ms, total 4ms
02-03 12:43:13.961 D/dalvikvm(15954): GC_CONCURRENT freed 2738K, 39% free 10418K/16912K, paused 1ms+1ms, total 5ms
02-03 12:43:13.961 D/dalvikvm(15954): WAIT_FOR_CONCURRENT_GC blocked 1ms
02-03 12:43:13.971 D/dalvikvm(15954): GC_FOR_ALLOC freed 4575K, 44% free 9513K/16912K, paused 4ms, total 4ms
02-03 12:43:13.971 D/dalvikvm(15954): GC_FOR_ALLOC freed 4345K, 47% free 9122K/16912K, paused 4ms, total 4ms
02-03 12:43:13.981 D/dalvikvm(15954): GC_FOR_ALLOC freed 3707K, 47% free 9123K/16912K, paused 4ms, total 4ms
02-03 12:43:13.991 D/dalvikvm(15954): GC_FOR_ALLOC freed 3725K, 47% free 9124K/16912K, paused 5ms, total 5ms
02-03 12:43:13.991 D/dalvikvm(15954): GC_FOR_ALLOC freed 3744K, 47% free 9126K/16912K, paused 4ms, total 4ms
02-03 12:43:14.001 D/dalvikvm(15954): GC_FOR_ALLOC freed 3763K, 47% free 9127K/16912K, paused 4ms, total 4ms
02-03 12:43:14.011 D/dalvikvm(15954): GC_FOR_ALLOC freed 3783K, 47% free 9128K/16912K, paused 4ms, total 4ms
02-03 12:43:14.011 D/dalvikvm(15954): GC_FOR_ALLOC freed 3802K, 47% free 9130K/16912K, paused 4ms, total 4ms
02-03 12:43:14.021 D/dalvikvm(15954): GC_FOR_ALLOC freed 3820K, 47% free 9131K/16912K, paused 4ms, total 4ms
02-03 12:43:14.031 D/dalvikvm(15954): GC_FOR_ALLOC freed 3839K, 46% free 9132K/16912K, paused 4ms, total 4ms
02-03 12:43:14.031 D/dalvikvm(15954): GC_FOR_ALLOC freed 3858K, 46% free 9134K/16912K, paused 4ms, total 4ms
02-03 12:43:14.041 D/dalvikvm(15954): GC_FOR_ALLOC freed 3877K, 46% free 9135K/16912K, paused 4ms, total 4ms
02-03 12:43:14.051 D/dalvikvm(15954): GC_FOR_ALLOC freed 3896K, 46% free 9136K/16912K, paused 4ms, total 4ms
02-03 12:43:14.051 D/dalvikvm(15954): GC_FOR_ALLOC freed 3914K, 46% free 9138K/16912K, paused 4ms, total 4ms
02-03 12:43:14.061 D/dalvikvm(15954): GC_FOR_ALLOC freed 3933K, 46% free 9139K/16912K, paused 4ms, total 4ms
02-03 12:43:14.071 D/dalvikvm(15954): GC_FOR_ALLOC freed 3952K, 46% free 9140K/16912K, paused 4ms, total 4ms
02-03 12:43:14.071 D/dalvikvm(15954): GC_CONCURRENT freed 3687K, 45% free 9425K/16912K, paused 0ms+1ms, total 4ms
02-03 12:43:14.071 D/dalvikvm(15954): WAIT_FOR_CONCURRENT_GC blocked 3ms
02-03 12:43:14.081 D/dalvikvm(15954): GC_CONCURRENT freed 3988K, 45% free 9428K/16912K, paused 1ms+0ms, total 5ms
02-03 12:43:14.081 D/dalvikvm(15954): WAIT_FOR_CONCURRENT_GC blocked 4ms
02-03 12:43:14.091 D/dalvikvm(15954): GC_CONCURRENT freed 4007K, 45% free 9431K/16912K, paused 0ms+1ms, total 5ms
02-03 12:43:14.091 D/dalvikvm(15954): WAIT_FOR_CONCURRENT_GC blocked 5ms
02-03 12:43:14.091 D/dalvikvm(15954): GC_CONCURRENT freed 4026K, 45% free 9434K/16912K, paused 1ms+1ms, total 5ms
02-03 12:43:14.091 D/dalvikvm(15954): WAIT_FOR_CONCURRENT_GC blocked 4ms
02-03 12:43:14.101 D/dalvikvm(15954): GC_CONCURRENT freed 4045K, 45% free 9436K/16912K, paused 0ms+1ms, total 4ms
02-03 12:43:14.101 D/dalvikvm(15954): WAIT_FOR_CONCURRENT_GC blocked 3ms
02-03 12:43:14.111 D/dalvikvm(15954): GC_CONCURRENT freed 4064K, 45% free 9439K/16912K, paused 1ms+1ms, total 5ms
02-03 12:43:14.111 D/dalvikvm(15954): WAIT_FOR_CONCURRENT_GC blocked 3ms
02-03 12:43:14.121 D/dalvikvm(15954): GC_CONCURRENT freed 4082K, 45% free 9442K/16912K, paused 0ms+1ms, total 4ms
02-03 12:43:14.121 D/dalvikvm(15954): WAIT_FOR_CONCURRENT_GC blocked 3ms
02-03 12:43:14.121 D/dalvikvm(15954): GC_FOR_ALLOC freed 3660K, 44% free 9590K/16912K, paused 4ms, total 4ms
02-03 12:43:14.131 D/dalvikvm(15954): GC_FOR_ALLOC freed 4118K, 46% free 9299K/16912K, paused 4ms, total 4ms
02-03 12:43:14.141 D/dalvikvm(15954): GC_FOR_ALLOC freed 3841K, 46% free 9154K/16912K, paused 4ms, total 4ms
02-03 12:43:14.141 D/dalvikvm(15954): GC_FOR_ALLOC freed 3411K, 44% free 9599K/16912K, paused 4ms, total 4ms
02-03 12:43:14.151 D/dalvikvm(15954): GC_FOR_ALLOC freed 4170K, 45% free 9304K/16912K, paused 4ms, total 4ms
02-03 12:43:14.161 D/dalvikvm(15954): GC_FOR_ALLOC freed 3889K, 46% free 9157K/16912K, paused 4ms, total 4ms
02-03 12:43:14.161 D/dalvikvm(15954): GC_FOR_ALLOC freed 3453K, 44% free 9608K/16912K, paused 4ms, total 4ms
02-03 12:43:14.171 D/dalvikvm(15954): GC_FOR_ALLOC freed 4222K, 45% free 9310K/16912K, paused 4ms, total 4ms
02-03 12:43:14.181 D/dalvikvm(15954): GC_FOR_ALLOC freed 3937K, 46% free 9161K/16912K, paused 4ms, total 4ms
02-03 12:43:14.181 D/dalvikvm(15954): GC_FOR_ALLOC freed 3496K, 44% free 9618K/16912K, paused 3ms, total 4ms
02-03 12:43:14.191 D/dalvikvm(15954): GC_CONCURRENT freed 4273K, 45% free 9316K/16912K, paused 1ms+0ms, total 5ms
02-03 12:43:14.191 D/dalvikvm(15954): WAIT_FOR_CONCURRENT_GC blocked 4ms
02-03 12:43:14.201 D/dalvikvm(15954): GC_FOR_ALLOC freed 3985K, 46% free 9165K/16912K, paused 4ms, total 4ms
02-03 12:43:14.201 D/dalvikvm(15954): GC_FOR_ALLOC freed 3538K, 44% free 9627K/16912K, paused 4ms, total 4ms
02-03 12:43:14.211 D/dalvikvm(15954): GC_CONCURRENT freed 3247K, 35% free 11017K/16912K, paused 1ms+1ms, total 6ms
02-03 12:43:14.211 D/dalvikvm(15954): GC_FOR_ALLOC freed 4024K, 46% free 9168K/16912K, paused 4ms, total 4ms
02-03 12:43:14.221 D/dalvikvm(15954): GC_FOR_ALLOC freed 3577K, 44% free 9635K/16912K, paused 4ms, total 4ms
02-03 12:43:14.231 D/dalvikvm(15954): GC_CONCURRENT freed 3282K, 39% free 10416K/16912K, paused 1ms+1ms, total 6ms
02-03 12:43:14.231 D/dalvikvm(15954): GC_FOR_ALLOC freed 4381K, 43% free 9641K/16912K, paused 4ms, total 5ms
02-03 12:43:14.241 D/dalvikvm(15954): GC_FOR_ALLOC freed 4090K, 46% free 9173K/16912K, paused 4ms, total 4ms
02-03 12:43:14.251 D/dalvikvm(15954): GC_FOR_ALLOC freed 3631K, 45% free 9331K/16912K, paused 4ms, total 4ms
02-03 12:43:14.251 D/dalvikvm(15954): GC_FOR_ALLOC freed 4121K, 46% free 9175K/16912K, paused 4ms, total 4ms
02-03 12:43:14.261 D/dalvikvm(15954): GC_FOR_ALLOC freed 3658K, 45% free 9335K/16912K, paused 4ms, total 4ms
02-03 12:43:14.271 D/dalvikvm(15954): GC_CONCURRENT freed 3832K, 44% free 9497K/16912K, paused 1ms+1ms, total 5ms
02-03 12:43:14.271 D/dalvikvm(15954): WAIT_FOR_CONCURRENT_GC blocked 3ms
02-03 12:43:14.271 D/dalvikvm(15954): GC_FOR_ALLOC freed 4006K, 45% free 9338K/16912K, paused 4ms, total 4ms
02-03 12:43:14.281 D/dalvikvm(15954): GC_CONCURRENT freed 3862K, 44% free 9502K/16912K, paused 1ms+1ms, total 5ms
02-03 12:43:14.281 D/dalvikvm(15954): WAIT_FOR_CONCURRENT_GC blocked 3ms
02-03 12:43:14.291 D/dalvikvm(15954): GC_FOR_ALLOC freed 4036K, 45% free 9342K/16912K, paused 4ms, total 4ms
02-03 12:43:14.301 D/dalvikvm(15954): GC_CONCURRENT freed 3891K, 44% free 9507K/16912K, paused 0ms+1ms, total 4ms
02-03 12:43:14.301 D/dalvikvm(15954): WAIT_FOR_CONCURRENT_GC blocked 4ms
02-03 12:43:14.301 D/dalvikvm(15954): GC_FOR_ALLOC freed 4066K, 45% free 9346K/16912K, paused 4ms, total 4ms
02-03 12:43:14.311 D/dalvikvm(15954): GC_CONCURRENT freed 3921K, 44% free 9512K/16912K, paused 1ms+0ms, total 5ms
02-03 12:43:14.311 D/dalvikvm(15954): WAIT_FOR_CONCURRENT_GC blocked 4ms
02-03 12:43:14.321 D/dalvikvm(15954): GC_FOR_ALLOC freed 4098K, 45% free 9349K/16912K, paused 4ms, total 4ms
02-03 12:43:14.321 D/dalvikvm(15954): GC_FOR_ALLOC freed 3456K, 43% free 9680K/16912K, paused 4ms, total 4ms
02-03 12:43:14.331 D/dalvikvm(15954): GC_FOR_ALLOC freed 4295K, 46% free 9188K/16912K, paused 4ms, total 4ms
02-03 12:43:14.341 D/dalvikvm(15954): GC_CONCURRENT freed 3811K, 45% free 9355K/16912K, paused 1ms+1ms, total 5ms
02-03 12:43:14.341 D/dalvikvm(15954): WAIT_FOR_CONCURRENT_GC blocked 4ms
02-03 12:43:14.341 D/dalvikvm(15954): GC_FOR_ALLOC freed 3491K, 43% free 9688K/16912K, paused 4ms, total 4ms
02-03 12:43:14.351 D/dalvikvm(15954): GC_FOR_ALLOC freed 4335K, 46% free 9191K/16912K, paused 5ms, total 5ms
02-03 12:43:14.361 D/dalvikvm(15954): GC_CONCURRENT freed 3846K, 45% free 9359K/16912K, paused 1ms+1ms, total 5ms
02-03 12:43:14.361 D/dalvikvm(15954): WAIT_FOR_CONCURRENT_GC blocked 4ms
02-03 12:43:14.371 D/dalvikvm(15954): GC_FOR_ALLOC freed 3522K, 43% free 9696K/16912K, paused 4ms, total 4ms
02-03 12:43:14.371 D/dalvikvm(15954): GC_FOR_ALLOC freed 4374K, 46% free 9194K/16912K, paused 4ms, total 4ms
02-03 12:43:14.381 D/dalvikvm(15954): GC_FOR_ALLOC freed 3917K, 46% free 9191K/16912K, paused 4ms, total 4ms
02-03 12:43:14.391 D/dalvikvm(15954): GC_FOR_ALLOC freed 3382K, 43% free 9741K/16912K, paused 4ms, total 4ms
02-03 12:43:14.391 D/dalvikvm(15954): GC_FOR_ALLOC freed 3736K, 43% free 9752K/16912K, paused 4ms, total 4ms
02-03 12:43:14.411 D/dalvikvm(15954): GC_FOR_ALLOC freed 3258K, 43% free 9662K/16912K, paused 4ms, total 4ms
02-03 12:43:14.481 D/dalvikvm(15954): GC_FOR_ALLOC freed 4454K, 46% free 9162K/16912K, paused 4ms, total 4ms
02-03 12:43:16.881 W/BindingManager(18937): Cannot call determinedVisibility() - never saw a connection for the pid: 18937
02-03 12:43:16.911 I/chromium(18937): [INFO:CONSOLE(46)] "Uncaught ReferenceError: SharedWorker is not defined", source: app://org.xwalk.webapi_noneservice_tests//opt/tct-workers-w3c-tests/workers/SharedWorkerNavigator_appName.html (46)
02-03 12:43:17.621 D/dalvikvm(15954): GC_CONCURRENT freed 4470K, 49% free 8718K/16912K, paused 1ms+1ms, total 7ms
02-03 12:43:17.631 D/dalvikvm(15954): GC_FOR_ALLOC freed 4043K, 49% free 8752K/16912K, paused 2ms, total 2ms
02-03 12:43:17.641 D/dalvikvm(15954): GC_FOR_ALLOC freed 4086K, 49% free 8730K/16912K, paused 3ms, total 3ms
02-03 12:43:17.641 D/dalvikvm(15954): GC_CONCURRENT freed 1744K, 48% free 8931K/16912K, paused 0ms+1ms, total 3ms
02-03 12:43:17.651 D/dalvikvm(15954): GC_FOR_ALLOC freed 4262K, 49% free 8722K/16912K, paused 3ms, total 3ms
02-03 12:43:17.651 D/dalvikvm(15954): GC_CONCURRENT freed 1775K, 48% free 8919K/16912K, paused 1ms+1ms, total 4ms
02-03 12:43:17.661 D/dalvikvm(15954): GC_CONCURRENT freed 4164K, 49% free 8793K/16912K, paused 0ms+1ms, total 3ms
02-03 12:43:17.661 D/dalvikvm(15954): WAIT_FOR_CONCURRENT_GC blocked 3ms
02-03 12:43:17.671 D/dalvikvm(15954): GC_CONCURRENT freed 4058K, 49% free 8769K/16912K, paused 1ms+1ms, total 4ms
