--------- beginning of /dev/log/main
02-03 13:10:14.851 D/dalvikvm(15954): GC_FOR_ALLOC freed 3560K, 43% free 9600K/16616K, paused 5ms, total 5ms
02-03 13:10:14.851 D/dalvikvm(15954): GC_FOR_ALLOC freed 3572K, 43% free 9602K/16616K, paused 4ms, total 4ms
02-03 13:10:14.861 D/dalvikvm(15954): GC_FOR_ALLOC freed 3583K, 43% free 9603K/16616K, paused 4ms, total 4ms
02-03 13:10:14.871 D/dalvikvm(15954): GC_FOR_ALLOC freed 3593K, 43% free 9605K/16616K, paused 5ms, total 5ms
02-03 13:10:14.871 D/dalvikvm(15954): GC_FOR_ALLOC freed 3604K, 43% free 9606K/16616K, paused 4ms, total 4ms
02-03 13:10:14.881 D/dalvikvm(15954): GC_FOR_ALLOC freed 3613K, 43% free 9608K/16616K, paused 4ms, total 4ms
02-03 13:10:14.891 D/dalvikvm(15954): GC_FOR_ALLOC freed 3623K, 43% free 9609K/16616K, paused 4ms, total 4ms
02-03 13:10:14.891 D/dalvikvm(15954): GC_FOR_ALLOC freed 3287K, 44% free 9438K/16616K, paused 5ms, total 5ms
02-03 13:10:14.901 D/dalvikvm(15954): GC_FOR_ALLOC freed 3644K, 44% free 9439K/16616K, paused 4ms, total 4ms
02-03 13:10:14.911 D/dalvikvm(15954): GC_FOR_ALLOC freed 3655K, 44% free 9440K/16616K, paused 4ms, total 4ms
02-03 13:10:14.911 D/dalvikvm(15954): GC_FOR_ALLOC freed 3665K, 44% free 9441K/16616K, paused 4ms, total 4ms
02-03 13:10:14.921 D/dalvikvm(15954): GC_FOR_ALLOC freed 3675K, 44% free 9442K/16616K, paused 4ms, total 4ms
02-03 13:10:14.931 D/dalvikvm(15954): GC_FOR_ALLOC freed 3684K, 44% free 9443K/16616K, paused 4ms, total 4ms
02-03 13:10:14.931 D/dalvikvm(15954): GC_FOR_ALLOC freed 3693K, 44% free 9444K/16616K, paused 4ms, total 4ms
02-03 13:10:14.941 D/dalvikvm(15954): GC_FOR_ALLOC freed 3703K, 44% free 9445K/16616K, paused 4ms, total 4ms
02-03 13:10:14.951 D/dalvikvm(15954): GC_FOR_ALLOC freed 3712K, 44% free 9446K/16616K, paused 4ms, total 4ms
02-03 13:10:14.951 D/dalvikvm(15954): GC_FOR_ALLOC freed 3722K, 44% free 9447K/16616K, paused 4ms, total 4ms
02-03 13:10:14.961 D/dalvikvm(15954): GC_FOR_ALLOC freed 3731K, 44% free 9447K/16616K, paused 4ms, total 4ms
02-03 13:10:14.971 D/dalvikvm(15954): GC_FOR_ALLOC freed 3740K, 44% free 9448K/16616K, paused 4ms, total 4ms
02-03 13:10:14.971 D/dalvikvm(15954): GC_FOR_ALLOC freed 3750K, 44% free 9449K/16616K, paused 4ms, total 4ms
02-03 13:10:14.981 D/dalvikvm(15954): GC_FOR_ALLOC freed 3759K, 44% free 9450K/16616K, paused 4ms, total 4ms
02-03 13:10:14.991 D/dalvikvm(15954): GC_FOR_ALLOC freed 3769K, 44% free 9451K/16616K, paused 5ms, total 5ms
02-03 13:10:14.991 D/dalvikvm(15954): GC_FOR_ALLOC freed 3778K, 44% free 9452K/16616K, paused 4ms, total 4ms
02-03 13:10:15.001 D/dalvikvm(15954): GC_FOR_ALLOC freed 3787K, 44% free 9453K/16616K, paused 4ms, total 4ms
02-03 13:10:15.011 D/dalvikvm(15954): GC_FOR_ALLOC freed 3797K, 44% free 9454K/16616K, paused 4ms, total 4ms
02-03 13:10:15.011 D/dalvikvm(15954): GC_FOR_ALLOC freed 3806K, 44% free 9455K/16616K, paused 5ms, total 5ms
02-03 13:10:15.021 D/dalvikvm(15954): GC_FOR_ALLOC freed 3816K, 44% free 9456K/16616K, paused 4ms, total 4ms
02-03 13:10:15.031 D/dalvikvm(15954): GC_FOR_ALLOC freed 3825K, 44% free 9456K/16616K, paused 4ms, total 4ms
02-03 13:10:15.041 D/dalvikvm(15954): GC_FOR_ALLOC freed 3859K, 44% free 9459K/16616K, paused 4ms, total 4ms
02-03 13:10:15.051 D/dalvikvm(15954): GC_FOR_ALLOC freed 3692K, 43% free 9479K/16616K, paused 5ms, total 5ms
02-03 13:10:15.051 D/dalvikvm(15954): GC_CONCURRENT freed 3659K, 41% free 9866K/16616K, paused 1ms+1ms, total 5ms
02-03 13:10:15.051 D/dalvikvm(15954): WAIT_FOR_CONCURRENT_GC blocked 3ms
02-03 13:10:15.071 D/dalvikvm(15954): GC_FOR_ALLOC freed 4628K, 49% free 8523K/16616K, paused 4ms, total 4ms
02-03 13:10:15.091 D/dalvikvm(15954): GC_FOR_ALLOC freed 3347K, 46% free 9096K/16616K, paused 2ms, total 2ms
02-03 13:10:15.161 D/dalvikvm(15954): GC_CONCURRENT freed 3930K, 46% free 9138K/16616K, paused 1ms+1ms, total 7ms
02-03 13:10:15.171 D/dalvikvm(15954): GC_CONCURRENT freed 3996K, 45% free 9199K/16616K, paused 1ms+1ms, total 6ms
02-03 13:10:15.171 D/dalvikvm(15954): WAIT_FOR_CONCURRENT_GC blocked 5ms
02-03 13:10:15.181 D/dalvikvm(15954): GC_CONCURRENT freed 3990K, 45% free 9295K/16616K, paused 0ms+1ms, total 5ms
02-03 13:10:15.181 D/dalvikvm(15954): WAIT_FOR_CONCURRENT_GC blocked 4ms
02-03 13:10:15.181 D/dalvikvm(15954): GC_CONCURRENT freed 4113K, 45% free 9275K/16616K, paused 0ms+1ms, total 5ms
02-03 13:10:15.181 D/dalvikvm(15954): WAIT_FOR_CONCURRENT_GC blocked 4ms
02-03 13:10:15.191 D/dalvikvm(15954): GC_CONCURRENT freed 4137K, 45% free 9214K/16616K, paused 0ms+1ms, total 5ms
02-03 13:10:15.191 D/dalvikvm(15954): WAIT_FOR_CONCURRENT_GC blocked 4ms
02-03 13:10:15.201 D/dalvikvm(15954): GC_CONCURRENT freed 4014K, 45% free 9217K/16616K, paused 1ms+1ms, total 5ms
02-03 13:10:15.201 D/dalvikvm(15954): WAIT_FOR_CONCURRENT_GC blocked 4ms
02-03 13:10:15.211 D/dalvikvm(15954): GC_CONCURRENT freed 4048K, 45% free 9217K/16616K, paused 0ms+0ms, total 5ms
02-03 13:10:15.211 D/dalvikvm(15954): WAIT_FOR_CONCURRENT_GC blocked 4ms
02-03 13:10:15.221 D/dalvikvm(15954): GC_FOR_ALLOC freed 3969K, 45% free 9289K/16616K, paused 4ms, total 4ms
02-03 13:10:15.231 D/dalvikvm(15954): GC_CONCURRENT freed 3976K, 44% free 9360K/16616K, paused 1ms+1ms, total 6ms
02-03 13:10:15.231 D/dalvikvm(15954): WAIT_FOR_CONCURRENT_GC blocked 2ms
02-03 13:10:15.231 D/dalvikvm(15954): GC_CONCURRENT freed 4188K, 45% free 9215K/16616K, paused 1ms+1ms, total 5ms
02-03 13:10:15.241 D/dalvikvm(15954): WAIT_FOR_CONCURRENT_GC blocked 5ms
02-03 13:10:15.241 D/dalvikvm(15954): GC_CONCURRENT freed 3964K, 45% free 9296K/16616K, paused 0ms+1ms, total 5ms
02-03 13:10:15.241 D/dalvikvm(15954): WAIT_FOR_CONCURRENT_GC blocked 4ms
02-03 13:10:15.251 D/dalvikvm(15954): GC_CONCURRENT freed 4021K, 45% free 9300K/16616K, paused 0ms+0ms, total 5ms
02-03 13:10:15.251 D/dalvikvm(15954): WAIT_FOR_CONCURRENT_GC blocked 4ms
02-03 13:10:15.261 D/dalvikvm(15954): GC_FOR_ALLOC freed 4055K, 45% free 9256K/16616K, paused 4ms, total 4ms
02-03 13:10:15.271 D/dalvikvm(15954): GC_CONCURRENT freed 3358K, 43% free 9584K/16616K, paused 1ms+2ms, total 7ms
02-03 13:10:15.271 D/dalvikvm(15954): GC_CONCURRENT freed 4287K, 44% free 9313K/16616K, paused 1ms+1ms, total 5ms
02-03 13:10:15.271 D/dalvikvm(15954): WAIT_FOR_CONCURRENT_GC blocked 4ms
02-03 13:10:15.281 D/dalvikvm(15954): GC_FOR_ALLOC freed 4047K, 45% free 9212K/16616K, paused 5ms, total 5ms
02-03 13:10:15.291 D/dalvikvm(15954): GC_FOR_ALLOC freed 4073K, 45% free 9211K/16616K, paused 5ms, total 5ms
02-03 13:10:15.301 D/dalvikvm(15954): GC_CONCURRENT freed 3763K, 43% free 9535K/16616K, paused 1ms+1ms, total 6ms
02-03 13:10:15.301 D/dalvikvm(15954): WAIT_FOR_CONCURRENT_GC blocked 1ms
02-03 13:10:15.301 D/dalvikvm(15954): GC_CONCURRENT freed 4248K, 44% free 9327K/16616K, paused 0ms+1ms, total 5ms
02-03 13:10:15.301 D/dalvikvm(15954): WAIT_FOR_CONCURRENT_GC blocked 4ms
02-03 13:10:15.311 D/dalvikvm(15954): GC_CONCURRENT freed 4030K, 44% free 9329K/16616K, paused 0ms+1ms, total 5ms
02-03 13:10:15.311 D/dalvikvm(15954): WAIT_FOR_CONCURRENT_GC blocked 4ms
02-03 13:10:15.321 D/dalvikvm(15954): GC_FOR_ALLOC freed 3954K, 44% free 9389K/16616K, paused 4ms, total 4ms
02-03 13:10:15.331 D/dalvikvm(15954): GC_CONCURRENT freed 3696K, 42% free 9658K/16616K, paused 1ms+1ms, total 7ms
02-03 13:10:15.331 D/dalvikvm(15954): WAIT_FOR_CONCURRENT_GC blocked 2ms
02-03 13:10:15.331 D/dalvikvm(15954): GC_FOR_ALLOC freed 4439K, 45% free 9302K/16616K, paused 4ms, total 4ms
02-03 13:10:15.341 D/dalvikvm(15954): GC_CONCURRENT freed 3674K, 43% free 9614K/16616K, paused 1ms+1ms, total 6ms
02-03 13:10:15.341 D/dalvikvm(15954): WAIT_FOR_CONCURRENT_GC blocked 2ms
02-03 13:10:15.351 D/dalvikvm(15954): GC_FOR_ALLOC freed 4381K, 45% free 9303K/16616K, paused 4ms, total 5ms
02-03 13:10:15.351 D/dalvikvm(15954): GC_CONCURRENT freed 3563K, 42% free 9693K/16616K, paused 0ms+1ms, total 6ms
02-03 13:10:15.361 D/dalvikvm(15954): GC_FOR_ALLOC freed 4357K, 45% free 9302K/16616K, paused 5ms, total 5ms
02-03 13:10:15.371 D/dalvikvm(15954): GC_CONCURRENT freed 3832K, 44% free 9439K/16616K, paused 0ms+1ms, total 4ms
02-03 13:10:15.371 D/dalvikvm(15954): WAIT_FOR_CONCURRENT_GC blocked 5ms
02-03 13:10:15.381 D/dalvikvm(15954): GC_FOR_ALLOC freed 4250K, 45% free 9232K/16616K, paused 4ms, total 4ms
02-03 13:10:15.381 D/dalvikvm(15954): GC_CONCURRENT freed 3479K, 42% free 9755K/16616K, paused 1ms+1ms, total 6ms
02-03 13:10:15.381 D/dalvikvm(15954): WAIT_FOR_CONCURRENT_GC blocked 2ms
02-03 13:10:15.391 D/dalvikvm(15954): GC_CONCURRENT freed 4387K, 44% free 9406K/16616K, paused 1ms+1ms, total 5ms
02-03 13:10:15.391 D/dalvikvm(15954): WAIT_FOR_CONCURRENT_GC blocked 4ms
02-03 13:10:15.401 D/dalvikvm(15954): GC_FOR_ALLOC freed 3881K, 43% free 9479K/16616K, paused 4ms, total 4ms
02-03 13:10:15.411 D/dalvikvm(15954): GC_CONCURRENT freed 4166K, 44% free 9332K/16616K, paused 1ms+1ms, total 5ms
02-03 13:10:15.411 D/dalvikvm(15954): WAIT_FOR_CONCURRENT_GC blocked 4ms
02-03 13:10:15.421 D/dalvikvm(15954): GC_CONCURRENT freed 3926K, 44% free 9412K/16616K, paused 0ms+1ms, total 4ms
02-03 13:10:15.421 D/dalvikvm(15954): WAIT_FOR_CONCURRENT_GC blocked 5ms
02-03 13:10:15.421 D/dalvikvm(15954): GC_FOR_ALLOC freed 4063K, 44% free 9334K/16616K, paused 5ms, total 5ms
02-03 13:10:15.431 D/dalvikvm(15954): GC_CONCURRENT freed 3272K, 40% free 10028K/16616K, paused 0ms+0ms, total 6ms
02-03 13:10:15.431 D/dalvikvm(15954): WAIT_FOR_CONCURRENT_GC blocked 2ms
02-03 13:10:15.441 D/dalvikvm(15954): GC_CONCURRENT freed 4640K, 44% free 9412K/16616K, paused 0ms+1ms, total 5ms
02-03 13:10:15.441 D/dalvikvm(15954): WAIT_FOR_CONCURRENT_GC blocked 4ms
02-03 13:10:15.441 D/dalvikvm(15954): GC_FOR_ALLOC freed 4078K, 45% free 9253K/16616K, paused 5ms, total 5ms
02-03 13:10:15.451 D/dalvikvm(15954): GC_FOR_ALLOC freed 3975K, 45% free 9283K/16616K, paused 4ms, total 4ms
02-03 13:10:15.461 D/dalvikvm(15954): GC_CONCURRENT freed 3622K, 42% free 9687K/16616K, paused 0ms+1ms, total 6ms
02-03 13:10:15.461 D/dalvikvm(15954): WAIT_FOR_CONCURRENT_GC blocked 3ms
02-03 13:10:15.471 D/dalvikvm(15954): GC_CONCURRENT freed 4318K, 44% free 9451K/16616K, paused 0ms+1ms, total 5ms
02-03 13:10:15.471 D/dalvikvm(15954): WAIT_FOR_CONCURRENT_GC blocked 5ms
02-03 13:10:15.471 D/dalvikvm(15954): GC_FOR_ALLOC freed 3879K, 43% free 9534K/16616K, paused 5ms, total 5ms
02-03 13:10:15.481 D/dalvikvm(15954): GC_FOR_ALLOC freed 4182K, 44% free 9364K/16616K, paused 4ms, total 4ms
02-03 13:10:15.491 D/dalvikvm(15954): GC_CONCURRENT freed 3461K, 41% free 9876K/16616K, paused 1ms+1ms, total 6ms
02-03 13:10:15.491 D/dalvikvm(15954): WAIT_FOR_CONCURRENT_GC blocked 2ms
02-03 13:10:15.491 D/dalvikvm(15954): GC_FOR_ALLOC freed 4442K, 44% free 9362K/16616K, paused 5ms, total 5ms
02-03 13:10:15.501 D/dalvikvm(15954): GC_FOR_ALLOC freed 4151K, 45% free 9273K/16616K, paused 4ms, total 4ms
02-03 13:10:15.511 D/dalvikvm(15954): GC_CONCURRENT freed 3486K, 42% free 9802K/16616K, paused 0ms+1ms, total 6ms
02-03 13:10:15.511 D/dalvikvm(15954): WAIT_FOR_CONCURRENT_GC blocked 3ms
02-03 13:10:15.521 D/dalvikvm(15954): GC_FOR_ALLOC freed 4232K, 43% free 9571K/16616K, paused 4ms, total 4ms
02-03 13:10:15.521 D/dalvikvm(15954): GC_CONCURRENT freed 3652K, 41% free 9931K/16616K, paused 0ms+1ms, total 6ms
02-03 13:10:15.521 D/dalvikvm(15954): WAIT_FOR_CONCURRENT_GC blocked 2ms
02-03 13:10:15.531 D/dalvikvm(15954): GC_FOR_ALLOC freed 4502K, 45% free 9297K/16616K, paused 5ms, total 5ms
02-03 13:10:15.541 D/dalvikvm(15954): GC_FOR_ALLOC freed 3907K, 45% free 9294K/16616K, paused 4ms, total 4ms
02-03 13:10:15.541 D/dalvikvm(15954): GC_FOR_ALLOC freed 3944K, 45% free 9292K/16616K, paused 4ms, total 4ms
02-03 13:10:15.551 D/dalvikvm(15954): GC_CONCURRENT freed 3788K, 43% free 9484K/16616K, paused 0ms+0ms, total 5ms
02-03 13:10:15.551 D/dalvikvm(15954): WAIT_FOR_CONCURRENT_GC blocked 4ms
02-03 13:10:15.561 D/dalvikvm(15954): GC_CONCURRENT freed 4018K, 43% free 9483K/16616K, paused 1ms+1ms, total 5ms
02-03 13:10:15.561 D/dalvikvm(15954): WAIT_FOR_CONCURRENT_GC blocked 4ms
02-03 13:10:15.571 D/dalvikvm(15954): GC_CONCURRENT freed 4051K, 43% free 9487K/16616K, paused 1ms+1ms, total 5ms
02-03 13:10:15.571 D/dalvikvm(15954): WAIT_FOR_CONCURRENT_GC blocked 4ms
02-03 13:10:15.581 D/dalvikvm(15954): GC_CONCURRENT freed 4089K, 43% free 9491K/16616K, paused 1ms+1ms, total 5ms
02-03 13:10:15.581 D/dalvikvm(15954): WAIT_FOR_CONCURRENT_GC blocked 4ms
02-03 13:10:15.581 D/dalvikvm(15954): GC_FOR_ALLOC freed 3834K, 43% free 9588K/16616K, paused 4ms, total 4ms
02-03 13:10:15.591 D/dalvikvm(15954): GC_FOR_ALLOC freed 4166K, 44% free 9389K/16616K, paused 5ms, total 5ms
02-03 13:10:15.601 D/dalvikvm(15954): GC_CONCURRENT freed 3506K, 41% free 9817K/16616K, paused 0ms+1ms, total 6ms
02-03 13:10:15.601 D/dalvikvm(15954): WAIT_FOR_CONCURRENT_GC blocked 2ms
02-03 13:10:15.601 D/dalvikvm(15954): GC_FOR_ALLOC freed 3518K, 43% free 9624K/16616K, paused 5ms, total 5ms
02-03 13:10:15.611 D/dalvikvm(15954): GC_FOR_ALLOC freed 4063K, 44% free 9319K/16616K, paused 4ms, total 4ms
02-03 13:10:15.621 D/dalvikvm(15954): GC_CONCURRENT freed 3786K, 43% free 9628K/16616K, paused 1ms+1ms, total 5ms
02-03 13:10:15.621 D/dalvikvm(15954): WAIT_FOR_CONCURRENT_GC blocked 4ms
02-03 13:10:15.631 D/dalvikvm(15954): GC_FOR_ALLOC freed 4131K, 44% free 9319K/16616K, paused 5ms, total 5ms
02-03 13:10:15.631 D/dalvikvm(15954): GC_FOR_ALLOC freed 3849K, 44% free 9424K/16616K, paused 4ms, total 4ms
02-03 13:10:15.641 D/dalvikvm(15954): GC_FOR_ALLOC freed 3670K, 44% free 9427K/16616K, paused 4ms, total 4ms
02-03 13:10:15.651 D/dalvikvm(15954): GC_FOR_ALLOC freed 3698K, 42% free 9641K/16616K, paused 4ms, total 4ms
02-03 13:10:15.651 D/dalvikvm(15954): GC_FOR_ALLOC freed 3724K, 44% free 9431K/16616K, paused 5ms, total 5ms
02-03 13:10:15.661 D/dalvikvm(15954): GC_FOR_ALLOC freed 3750K, 42% free 9648K/16616K, paused 5ms, total 5ms
02-03 13:10:15.671 D/dalvikvm(15954): GC_FOR_ALLOC freed 3560K, 44% free 9328K/16616K, paused 4ms, total 4ms
02-03 13:10:15.671 D/dalvikvm(15954): GC_FOR_ALLOC freed 3801K, 44% free 9330K/16616K, paused 5ms, total 5ms
02-03 13:10:15.681 D/dalvikvm(15954): GC_FOR_ALLOC freed 3827K, 44% free 9331K/16616K, paused 5ms, total 5ms
02-03 13:10:15.691 D/dalvikvm(15954): GC_FOR_ALLOC freed 3853K, 44% free 9333K/16616K, paused 4ms, total 5ms
02-03 13:10:15.701 D/dalvikvm(15954): GC_FOR_ALLOC freed 3879K, 44% free 9334K/16616K, paused 5ms, total 5ms
02-03 13:10:15.701 D/dalvikvm(15954): GC_FOR_ALLOC freed 3905K, 44% free 9336K/16616K, paused 4ms, total 4ms
02-03 13:10:15.711 D/dalvikvm(15954): GC_FOR_ALLOC freed 3931K, 44% free 9337K/16616K, paused 5ms, total 5ms
02-03 13:10:15.721 D/dalvikvm(15954): GC_FOR_ALLOC freed 3957K, 44% free 9339K/16616K, paused 5ms, total 5ms
02-03 13:10:15.721 D/dalvikvm(15954): GC_CONCURRENT freed 3756K, 43% free 9568K/16616K, paused 1ms+1ms, total 5ms
02-03 13:10:15.721 D/dalvikvm(15954): WAIT_FOR_CONCURRENT_GC blocked 4ms
02-03 13:10:15.731 D/dalvikvm(15954): GC_FOR_ALLOC freed 3663K, 42% free 9685K/16616K, paused 4ms, total 4ms
02-03 13:10:15.741 D/dalvikvm(15954): GC_FOR_ALLOC freed 3801K, 44% free 9343K/16616K, paused 5ms, total 5ms
02-03 13:10:15.741 D/dalvikvm(15954): GC_FOR_ALLOC freed 3475K, 42% free 9691K/16616K, paused 4ms, total 4ms
02-03 13:10:15.751 D/dalvikvm(15954): GC_FOR_ALLOC freed 3848K, 44% free 9346K/16616K, paused 4ms, total 4ms
02-03 13:10:15.761 D/dalvikvm(15954): GC_FOR_ALLOC freed 3520K, 42% free 9699K/16616K, paused 5ms, total 5ms
02-03 13:10:15.761 D/dalvikvm(15954): GC_FOR_ALLOC freed 3898K, 44% free 9349K/16616K, paused 4ms, total 4ms
02-03 13:10:15.771 D/dalvikvm(15954): GC_FOR_ALLOC freed 3565K, 44% free 9469K/16616K, paused 4ms, total 4ms
02-03 13:10:15.781 D/dalvikvm(15954): GC_FOR_ALLOC freed 3347K, 42% free 9710K/16616K, paused 4ms, total 4ms
02-03 13:10:15.791 D/dalvikvm(15954): GC_FOR_ALLOC freed 3366K, 42% free 9713K/16616K, paused 4ms, total 5ms
02-03 13:10:15.791 D/dalvikvm(15954): GC_FOR_ALLOC freed 3385K, 42% free 9717K/16616K, paused 5ms, total 5ms
02-03 13:10:15.801 D/dalvikvm(15954): GC_FOR_ALLOC freed 3404K, 42% free 9720K/16616K, paused 5ms, total 5ms
02-03 13:10:15.811 D/dalvikvm(15954): GC_FOR_ALLOC freed 3423K, 42% free 9723K/16616K, paused 4ms, total 4ms
02-03 13:10:15.811 D/dalvikvm(15954): GC_FOR_ALLOC freed 3442K, 42% free 9727K/16616K, paused 5ms, total 5ms
02-03 13:10:15.821 D/dalvikvm(15954): GC_FOR_ALLOC freed 3460K, 42% free 9730K/16616K, paused 4ms, total 4ms
02-03 13:10:15.831 D/dalvikvm(15954): GC_FOR_ALLOC freed 3479K, 42% free 9733K/16616K, paused 5ms, total 5ms
02-03 13:10:15.831 D/dalvikvm(15954): GC_FOR_ALLOC freed 3498K, 42% free 9737K/16616K, paused 4ms, total 4ms
02-03 13:10:15.841 D/dalvikvm(15954): GC_FOR_ALLOC freed 3517K, 42% free 9740K/16616K, paused 5ms, total 5ms
02-03 13:10:15.851 D/dalvikvm(15954): GC_FOR_ALLOC freed 3536K, 42% free 9744K/16616K, paused 4ms, total 4ms
02-03 13:10:15.851 D/dalvikvm(15954): GC_FOR_ALLOC freed 3555K, 42% free 9747K/16616K, paused 4ms, total 4ms
02-03 13:10:15.861 D/dalvikvm(15954): GC_FOR_ALLOC freed 3573K, 42% free 9750K/16616K, paused 4ms, total 4ms
02-03 13:10:15.871 D/dalvikvm(15954): GC_FOR_ALLOC freed 3592K, 42% free 9753K/16616K, paused 5ms, total 5ms
02-03 13:10:15.871 D/dalvikvm(15954): GC_FOR_ALLOC freed 3610K, 42% free 9757K/16616K, paused 4ms, total 4ms
02-03 13:10:15.881 D/dalvikvm(15954): GC_FOR_ALLOC freed 3629K, 43% free 9501K/16616K, paused 5ms, total 5ms
02-03 13:10:15.891 D/dalvikvm(15954): GC_FOR_ALLOC freed 3647K, 43% free 9503K/16616K, paused 4ms, total 4ms
02-03 13:10:15.891 D/dalvikvm(15954): GC_FOR_ALLOC freed 3666K, 43% free 9505K/16616K, paused 5ms, total 5ms
02-03 13:10:15.901 D/dalvikvm(15954): GC_FOR_ALLOC freed 3685K, 43% free 9507K/16616K, paused 4ms, total 4ms
02-03 13:10:15.911 D/dalvikvm(15954): GC_FOR_ALLOC freed 3438K, 44% free 9377K/16616K, paused 4ms, total 5ms
02-03 13:10:15.911 D/dalvikvm(15954): GC_FOR_ALLOC freed 3721K, 44% free 9378K/16616K, paused 4ms, total 4ms
02-03 13:10:15.921 D/dalvikvm(15954): GC_FOR_ALLOC freed 3740K, 44% free 9380K/16616K, paused 4ms, total 4ms
02-03 13:10:15.931 D/dalvikvm(15954): GC_FOR_ALLOC freed 3758K, 44% free 9381K/16616K, paused 5ms, total 5ms
02-03 13:10:15.931 D/dalvikvm(15954): GC_FOR_ALLOC freed 3778K, 44% free 9382K/16616K, paused 5ms, total 5ms
02-03 13:10:15.941 D/dalvikvm(15954): GC_FOR_ALLOC freed 3797K, 44% free 9384K/16616K, paused 5ms, total 5ms
02-03 13:10:15.951 D/dalvikvm(15954): GC_FOR_ALLOC freed 3816K, 44% free 9385K/16616K, paused 5ms, total 5ms
02-03 13:10:15.951 D/dalvikvm(15954): GC_FOR_ALLOC freed 3835K, 44% free 9386K/16616K, paused 4ms, total 4ms
02-03 13:10:15.961 D/dalvikvm(15954): GC_FOR_ALLOC freed 3853K, 44% free 9388K/16616K, paused 4ms, total 4ms
02-03 13:10:15.971 D/dalvikvm(15954): GC_FOR_ALLOC freed 3872K, 44% free 9389K/16616K, paused 4ms, total 4ms
02-03 13:10:15.981 D/dalvikvm(15954): GC_FOR_ALLOC freed 3891K, 44% free 9390K/16616K, paused 5ms, total 5ms
02-03 13:10:15.981 D/dalvikvm(15954): GC_FOR_ALLOC freed 3910K, 44% free 9392K/16616K, paused 4ms, total 4ms
02-03 13:10:15.991 D/dalvikvm(15954): GC_FOR_ALLOC freed 3225K, 41% free 9813K/16616K, paused 4ms, total 4ms
02-03 13:10:16.001 D/dalvikvm(15954): GC_FOR_ALLOC freed 3662K, 44% free 9394K/16616K, paused 5ms, total 5ms
02-03 13:10:16.001 D/dalvikvm(15954): GC_FOR_ALLOC freed 3252K, 41% free 9819K/16616K, paused 4ms, total 4ms
02-03 13:10:16.011 D/dalvikvm(15954): GC_FOR_ALLOC freed 3693K, 44% free 9396K/16616K, paused 4ms, total 4ms
02-03 13:10:16.021 D/dalvikvm(15954): GC_FOR_ALLOC freed 3279K, 41% free 9825K/16616K, paused 5ms, total 5ms
02-03 13:10:16.021 D/dalvikvm(15954): GC_FOR_ALLOC freed 3723K, 44% free 9399K/16616K, paused 4ms, total 4ms
02-03 13:10:16.031 D/dalvikvm(15954): GC_FOR_ALLOC freed 3306K, 41% free 9831K/16616K, paused 4ms, total 4ms
02-03 13:10:16.041 D/dalvikvm(15954): GC_FOR_ALLOC freed 3754K, 44% free 9401K/16616K, paused 5ms, total 5ms
02-03 13:10:16.041 D/dalvikvm(15954): GC_FOR_ALLOC freed 3333K, 41% free 9837K/16616K, paused 4ms, total 4ms
02-03 13:10:16.051 D/dalvikvm(15954): GC_FOR_ALLOC freed 3784K, 44% free 9403K/16616K, paused 4ms, total 4ms
02-03 13:10:16.071 D/dalvikvm(15954): GC_FOR_ALLOC freed 3360K, 41% free 9842K/16616K, paused 12ms, total 12ms
02-03 13:10:16.081 D/dalvikvm(15954): GC_FOR_ALLOC freed 3815K, 44% free 9406K/16616K, paused 5ms, total 5ms
02-03 13:10:16.081 D/dalvikvm(15954): GC_FOR_ALLOC freed 3388K, 41% free 9848K/16616K, paused 5ms, total 5ms
02-03 13:10:16.091 D/dalvikvm(15954): GC_FOR_ALLOC freed 3104K, 41% free 9851K/16616K, paused 4ms, total 4ms
02-03 13:10:16.101 D/dalvikvm(15954): GC_FOR_ALLOC freed 3858K, 44% free 9409K/16616K, paused 4ms, total 4ms
02-03 13:10:16.101 D/dalvikvm(15954): GC_FOR_ALLOC freed 3426K, 43% free 9559K/16616K, paused 5ms, total 5ms
02-03 13:10:16.111 D/dalvikvm(15954): GC_FOR_ALLOC freed 3140K, 41% free 9859K/16616K, paused 5ms, total 5ms
02-03 13:10:16.121 D/dalvikvm(15954): GC_FOR_ALLOC freed 3150K, 41% free 9862K/16616K, paused 5ms, total 5ms
02-03 13:10:16.131 D/dalvikvm(15954): GC_FOR_ALLOC freed 3915K, 44% free 9414K/16616K, paused 5ms, total 5ms
02-03 13:10:16.131 D/dalvikvm(15954): GC_FOR_ALLOC freed 3476K, 43% free 9565K/16616K, paused 5ms, total 5ms
02-03 13:10:16.141 D/dalvikvm(15954): GC_FOR_ALLOC freed 3185K, 41% free 9870K/16616K, paused 5ms, total 5ms
02-03 13:10:16.151 D/dalvikvm(15954): GC_FOR_ALLOC freed 3196K, 41% free 9873K/16616K, paused 5ms, total 5ms
02-03 13:10:16.161 D/dalvikvm(15954): GC_FOR_ALLOC freed 3972K, 44% free 9418K/16616K, paused 4ms, total 4ms
02-03 13:10:16.161 D/dalvikvm(15954): GC_FOR_ALLOC freed 3527K, 43% free 9572K/16616K, paused 4ms, total 4ms
02-03 13:10:16.171 D/dalvikvm(15954): GC_FOR_ALLOC freed 3231K, 41% free 9881K/16616K, paused 4ms, total 4ms
02-03 13:10:16.181 D/dalvikvm(15954): GC_FOR_ALLOC freed 3242K, 41% free 9884K/16616K, paused 4ms, total 4ms
02-03 13:10:16.181 D/dalvikvm(15954): GC_FOR_ALLOC freed 4029K, 44% free 9422K/16616K, paused 5ms, total 5ms
02-03 13:10:16.191 D/dalvikvm(15954): GC_FOR_ALLOC freed 3577K, 43% free 9578K/16616K, paused 5ms, total 5ms
02-03 13:10:16.201 D/dalvikvm(15954): GC_FOR_ALLOC freed 3277K, 41% free 9892K/16616K, paused 5ms, total 5ms
02-03 13:10:16.201 D/dalvikvm(15954): GC_FOR_ALLOC freed 3288K, 41% free 9895K/16616K, paused 4ms, total 4ms
02-03 13:10:16.211 D/dalvikvm(15954): GC_FOR_ALLOC freed 4086K, 44% free 9427K/16616K, paused 4ms, total 4ms
02-03 13:10:16.221 D/dalvikvm(15954): GC_FOR_ALLOC freed 3627K, 43% free 9585K/16616K, paused 4ms, total 4ms
02-03 13:10:16.231 D/dalvikvm(15954): GC_FOR_ALLOC freed 3323K, 41% free 9903K/16616K, paused 5ms, total 5ms
02-03 13:10:16.231 D/AndroidRuntime(21510): 
02-03 13:10:16.231 D/AndroidRuntime(21510): >>>>>> AndroidRuntime START com.android.internal.os.RuntimeInit <<<<<<
02-03 13:10:16.231 D/AndroidRuntime(21510): CheckJNI is OFF
02-03 13:10:16.231 I/AndroidRuntime(21510): Kernel Release Version: 3.10.20-g25181e8-dirty
02-03 13:10:16.231 D/dalvikvm(15954): GC_FOR_ALLOC freed 3334K, 41% free 9905K/16616K, paused 5ms, total 5ms
02-03 13:10:16.231 I/dalvikvm(21510): No library specified. The standard exception handler will be used
02-03 13:10:16.231 I/dalvikvm(21510): 
02-03 13:10:16.231 I/dalvikvm(21510): +++++++++++++ Using PCG. +++++++++++++++++++++
02-03 13:10:16.241 D/dalvikvm(15954): GC_FOR_ALLOC freed 4142K, 44% free 9431K/16616K, paused 4ms, total 4ms
02-03 13:10:16.241 D/dalvikvm(21510): Trying to load lib libjavacore.so 0x0
02-03 13:10:16.241 D/dalvikvm(21510): Added shared lib libjavacore.so 0x0
02-03 13:10:16.251 D/dalvikvm(21510): Trying to load lib libnativehelper.so 0x0
02-03 13:10:16.251 D/dalvikvm(21510): Added shared lib libnativehelper.so 0x0
02-03 13:10:16.251 D/dalvikvm(21510): No JNI_OnLoad found in libnativehelper.so 0x0, skipping init
02-03 13:10:16.251 D/dalvikvm(15954): GC_FOR_ALLOC freed 3678K, 43% free 9592K/16616K, paused 5ms, total 5ms
02-03 13:10:16.251 D/dalvikvm(21510): Extra Options: not specified
02-03 13:10:16.251 D/dalvikvm(15954): GC_FOR_ALLOC freed 3371K, 43% free 9593K/16616K, paused 4ms, total 4ms
02-03 13:10:16.261 D/dalvikvm(15954): GC_FOR_ALLOC freed 3381K, 43% free 9595K/16616K, paused 4ms, total 4ms
02-03 13:10:16.261 D/dalvikvm(21510): Note: class Landroid/app/ActivityManagerNative; has 186 unimplemented (abstract) methods
02-03 13:10:16.271 D/dalvikvm(15954): GC_FOR_ALLOC freed 3392K, 43% free 9596K/16616K, paused 4ms, total 4ms
02-03 13:10:16.281 D/dalvikvm(15954): GC_FOR_ALLOC freed 3403K, 43% free 9598K/16616K, paused 4ms, total 4ms
02-03 13:10:16.281 D/dalvikvm(15954): GC_FOR_ALLOC freed 3413K, 43% free 9599K/16616K, paused 4ms, total 4ms
02-03 13:10:16.291 D/dalvikvm(15954): GC_FOR_ALLOC freed 3425K, 43% free 9601K/16616K, paused 4ms, total 4ms
02-03 13:10:16.301 D/dalvikvm(15954): GC_FOR_ALLOC freed 3437K, 43% free 9603K/16616K, paused 5ms, total 5ms
02-03 13:10:16.301 D/dalvikvm(15954): GC_FOR_ALLOC freed 3448K, 43% free 9604K/16616K, paused 4ms, total 4ms
02-03 13:10:16.311 D/dalvikvm(15954): GC_FOR_ALLOC freed 3460K, 43% free 9606K/16616K, paused 5ms, total 5ms
02-03 13:10:16.311 D/dalvikvm(15954): GC_FOR_ALLOC freed 3471K, 43% free 9608K/16616K, paused 4ms, total 4ms
02-03 13:10:16.321 D/dalvikvm(15954): GC_FOR_ALLOC freed 3481K, 43% free 9609K/16616K, paused 5ms, total 5ms
02-03 13:10:16.331 D/dalvikvm(15954): GC_FOR_ALLOC freed 3490K, 43% free 9610K/16616K, paused 4ms, total 4ms
02-03 13:10:16.331 D/dalvikvm(15954): GC_FOR_ALLOC freed 3500K, 43% free 9612K/16616K, paused 5ms, total 5ms
02-03 13:10:16.341 D/dalvikvm(15954): GC_FOR_ALLOC freed 3509K, 43% free 9613K/16616K, paused 4ms, total 4ms
02-03 13:10:16.351 D/dalvikvm(15954): GC_FOR_ALLOC freed 3518K, 43% free 9614K/16616K, paused 5ms, total 5ms
02-03 13:10:16.351 E/memtrack(21510): Couldn't load memtrack module (No such file or directory)
02-03 13:10:16.351 E/android.os.Debug(21510): failed to load memtrack module: -2
02-03 13:10:16.361 D/dalvikvm(15954): GC_FOR_ALLOC freed 3528K, 43% free 9616K/16616K, paused 5ms, total 5ms
02-03 13:10:16.361 D/dalvikvm(15954): GC_FOR_ALLOC freed 3537K, 43% free 9617K/16616K, paused 4ms, total 4ms
02-03 13:10:16.371 D/dalvikvm(15954): GC_FOR_ALLOC freed 3547K, 43% free 9618K/16616K, paused 4ms, total 4ms
02-03 13:10:16.381 D/dalvikvm(15954): GC_FOR_ALLOC freed 3560K, 43% free 9620K/16616K, paused 4ms, total 4ms
02-03 13:10:16.391 D/dalvikvm(15954): GC_FOR_ALLOC freed 3572K, 43% free 9622K/16616K, paused 5ms, total 5ms
02-03 13:10:16.401 D/dalvikvm(15954): GC_FOR_ALLOC freed 3583K, 43% free 9623K/16616K, paused 5ms, total 5ms
02-03 13:10:16.401 D/AndroidRuntime(21510): Calling main entry com.android.commands.am.Am
02-03 13:10:16.401 D/dalvikvm(15954): GC_FOR_ALLOC freed 3593K, 43% free 9625K/16616K, paused 5ms, total 5ms
02-03 13:10:16.411 D/dalvikvm(15954): GC_FOR_ALLOC freed 3604K, 43% free 9626K/16616K, paused 4ms, total 5ms
02-03 13:10:16.421 D/dalvikvm(15954): GC_FOR_ALLOC freed 3613K, 43% free 9628K/16616K, paused 4ms, total 5ms
02-03 13:10:16.431 D/dalvikvm(15954): GC_FOR_ALLOC freed 3623K, 43% free 9629K/16616K, paused 4ms, total 5ms
02-03 13:10:16.441 D/AndroidRuntime(21510): Shutting down VM
--------- beginning of /dev/log/system
02-03 13:10:16.441 I/ActivityManager(14542): Force stopping org.xwalk.webapi_noneservice_tests appid=11605 user=0: from pid 21510
02-03 13:10:16.441 D/dalvikvm(15954): GC_FOR_ALLOC freed 3634K, 43% free 9631K/16616K, paused 6ms, total 12ms
02-03 13:10:16.451 D/dalvikvm(21510): GC_CONCURRENT freed 108K, 16% free 638K/760K, paused 1ms+0ms, total 2ms
02-03 13:10:16.451 D/dalvikvm(21510): Compiler shutdown in progress - discarding request
02-03 13:10:16.451 D/dalvikvm(21510): Compiler shutdown in progress - discarding request
02-03 13:10:16.451 D/dalvikvm(21510): Compiler shutdown in progress - discarding request
02-03 13:10:16.451 D/dalvikvm(21510): Compiler shutdown in progress - discarding request
02-03 13:10:16.451 D/dalvikvm(21510): Compiler shutdown in progress - discarding request
02-03 13:10:16.451 D/dalvikvm(21510): Compiler shutdown in progress - discarding request
02-03 13:10:16.451 D/dalvikvm(21510): Compiler shutdown in progress - discarding request
02-03 13:10:16.451 D/dalvikvm(21510): Compiler shutdown in progress - discarding request
02-03 13:10:16.451 D/dalvikvm(21510): Compiler shutdown in progress - discarding request
02-03 13:10:16.451 D/dalvikvm(21510): Compiler shutdown in progress - discarding request
02-03 13:10:16.451 D/dalvikvm(21510): Compiler shutdown in progress - discarding request
02-03 13:10:16.451 D/dalvikvm(21510): Compiler shutdown in progress - discarding request
02-03 13:10:16.451 D/dalvikvm(21510): Compiler shutdown in progress - discarding request
02-03 13:10:16.451 D/dalvikvm(21510): Compiler shutdown in progress - discarding request
02-03 13:10:16.451 D/dalvikvm(21510): Compiler shutdown in progress - discarding request
02-03 13:10:16.451 D/dalvikvm(21510): Compiler shutdown in progress - discarding request
02-03 13:10:16.451 D/dalvikvm(21510): Compiler shutdown in progress - discarding request
02-03 13:10:16.451 D/dalvikvm(21510): Compiler shutdown in progress - discarding request
02-03 13:10:16.451 D/dalvikvm(21510): Compiler shutdown in progress - discarding request
02-03 13:10:16.451 D/dalvikvm(21510): Compiler shutdown in progress - discarding request
02-03 13:10:16.451 D/dalvikvm(21510): Compiler shutdown in progress - discarding request
02-03 13:10:16.451 D/dalvikvm(21510): Compiler shutdown in progress - discarding request
02-03 13:10:16.451 D/dalvikvm(21510): Compiler shutdown in progress - discarding request
02-03 13:10:16.451 D/dalvikvm(21510): Compiler shutdown in progress - discarding request
02-03 13:10:16.451 D/dalvikvm(21510): Compiler shutdown in progress - discarding request
02-03 13:10:16.451 D/dalvikvm(21510): Compiler shutdown in progress - discarding request
02-03 13:10:16.451 D/dalvikvm(21510): Compiler shutdown in progress - discarding request
02-03 13:10:16.451 D/dalvikvm(21510): Compiler shutdown in progress - discarding request
02-03 13:10:16.451 D/dalvikvm(21510): Compiler shutdown in progress - discarding request
02-03 13:10:16.451 D/dalvikvm(21510): Compiler shutdown in progress - discarding request
02-03 13:10:16.451 D/dalvikvm(21510): Compiler shutdown in progress - discarding request
02-03 13:10:16.451 D/dalvikvm(21510): Compiler shutdown in progress - discarding request
02-03 13:10:16.451 D/dalvikvm(21510): Compiler shutdown in progress - discarding request
02-03 13:10:16.451 D/dalvikvm(21510): Compiler shutdown in progress - discarding request
02-03 13:10:16.451 D/dalvikvm(21510): Compiler shutdown in progress - discarding request
02-03 13:10:16.451 D/dalvikvm(21510): Compiler shutdown in progress - discarding request
02-03 13:10:16.451 D/dalvikvm(21510): Compiler shutdown in progress - discarding request
02-03 13:10:16.451 D/dalvikvm(21510): Compiler shutdown in progress - discarding request
02-03 13:10:16.451 D/dalvikvm(21510): Compiler shutdown in progress - discarding request
02-03 13:10:16.451 D/dalvikvm(15954): GC_FOR_ALLOC freed 3298K, 44% free 9459K/16616K, paused 8ms, total 8ms
02-03 13:10:16.461 D/dalvikvm(15954): GC_FOR_ALLOC freed 3655K, 44% free 9460K/16616K, paused 5ms, total 5ms
02-03 13:10:16.471 D/dalvikvm(15954): GC_FOR_ALLOC freed 3665K, 44% free 9461K/16616K, paused 5ms, total 5ms
02-03 13:10:16.481 D/dalvikvm(15954): GC_FOR_ALLOC freed 3675K, 44% free 9462K/16616K, paused 4ms, total 4ms
02-03 13:10:16.481 D/dalvikvm(15954): GC_FOR_ALLOC freed 3684K, 44% free 9463K/16616K, paused 4ms, total 4ms
02-03 13:10:16.491 D/dalvikvm(15954): GC_FOR_ALLOC freed 3693K, 44% free 9464K/16616K, paused 5ms, total 5ms
02-03 13:10:16.501 D/dalvikvm(15954): GC_FOR_ALLOC freed 3703K, 44% free 9465K/16616K, paused 5ms, total 5ms
02-03 13:10:16.501 D/dalvikvm(15954): GC_FOR_ALLOC freed 3712K, 44% free 9466K/16616K, paused 4ms, total 4ms
02-03 13:10:16.511 D/dalvikvm(15954): GC_FOR_ALLOC freed 3722K, 44% free 9467K/16616K, paused 4ms, total 4ms
02-03 13:10:16.521 D/dalvikvm(15954): GC_FOR_ALLOC freed 3731K, 44% free 9467K/16616K, paused 5ms, total 5ms
02-03 13:10:16.531 D/dalvikvm(15954): GC_FOR_ALLOC freed 3740K, 44% free 9468K/16616K, paused 4ms, total 4ms
02-03 13:10:16.531 D/dalvikvm(15954): GC_FOR_ALLOC freed 3750K, 44% free 9469K/16616K, paused 5ms, total 5ms
02-03 13:10:16.541 D/dalvikvm(15954): GC_FOR_ALLOC freed 3759K, 44% free 9470K/16616K, paused 4ms, total 4ms
02-03 13:10:16.551 D/dalvikvm(15954): GC_FOR_ALLOC freed 3769K, 43% free 9471K/16616K, paused 4ms, total 4ms
02-03 13:10:16.551 D/dalvikvm(15954): GC_FOR_ALLOC freed 3778K, 43% free 9472K/16616K, paused 4ms, total 4ms
02-03 13:10:16.561 D/dalvikvm(15954): GC_FOR_ALLOC freed 3787K, 43% free 9473K/16616K, paused 4ms, total 4ms
02-03 13:10:16.571 D/dalvikvm(15954): GC_FOR_ALLOC freed 3797K, 43% free 9474K/16616K, paused 5ms, total 5ms
02-03 13:10:16.571 D/dalvikvm(15954): GC_FOR_ALLOC freed 3806K, 43% free 9475K/16616K, paused 4ms, total 4ms
02-03 13:10:16.581 D/dalvikvm(15954): GC_FOR_ALLOC freed 3816K, 43% free 9476K/16616K, paused 4ms, total 4ms
02-03 13:10:16.591 D/dalvikvm(15954): GC_FOR_ALLOC freed 3825K, 43% free 9476K/16616K, paused 4ms, total 4ms
02-03 13:10:16.601 D/dalvikvm(15954): GC_FOR_ALLOC freed 3859K, 43% free 9479K/16616K, paused 5ms, total 5ms
02-03 13:10:16.611 D/dalvikvm(15954): GC_FOR_ALLOC freed 3692K, 44% free 9467K/16616K, paused 5ms, total 5ms
02-03 13:10:16.611 D/dalvikvm(15954): GC_CONCURRENT freed 3659K, 41% free 9854K/16616K, paused 1ms+1ms, total 5ms
02-03 13:10:16.611 D/dalvikvm(15954): WAIT_FOR_CONCURRENT_GC blocked 4ms
02-03 13:10:16.621 D/dalvikvm(15954): GC_FOR_ALLOC freed 4628K, 49% free 8512K/16616K, paused 4ms, total 4ms
02-03 13:10:16.651 D/dalvikvm(15954): GC_FOR_ALLOC freed 3347K, 46% free 9085K/16616K, paused 3ms, total 3ms
02-03 13:10:16.711 D/dalvikvm(15954): GC_CONCURRENT freed 3992K, 45% free 9167K/16616K, paused 1ms+1ms, total 7ms
02-03 13:10:16.711 D/dalvikvm(15954): WAIT_FOR_CONCURRENT_GC blocked 6ms
02-03 13:10:16.721 D/dalvikvm(15954): GC_CONCURRENT freed 4054K, 45% free 9180K/16616K, paused 1ms+1ms, total 5ms
02-03 13:10:16.721 D/dalvikvm(15954): WAIT_FOR_CONCURRENT_GC blocked 4ms
02-03 13:10:16.731 D/dalvikvm(15954): GC_CONCURRENT freed 4052K, 45% free 9206K/16616K, paused 1ms+1ms, total 5ms
02-03 13:10:16.731 D/dalvikvm(15954): WAIT_FOR_CONCURRENT_GC blocked 5ms
02-03 13:10:16.741 D/dalvikvm(15954): GC_CONCURRENT freed 4032K, 45% free 9264K/16616K, paused 1ms+1ms, total 5ms
02-03 13:10:16.741 D/dalvikvm(15954): WAIT_FOR_CONCURRENT_GC blocked 5ms
02-03 13:10:16.751 D/dalvikvm(15954): GC_CONCURRENT freed 4155K, 45% free 9201K/16616K, paused 1ms+1ms, total 5ms
02-03 13:10:16.751 D/dalvikvm(15954): WAIT_FOR_CONCURRENT_GC blocked 4ms
02-03 13:10:16.761 D/dalvikvm(15954): GC_CONCURRENT freed 4026K, 45% free 9265K/16616K, paused 0ms+1ms, total 4ms
02-03 13:10:16.761 D/dalvikvm(15954): WAIT_FOR_CONCURRENT_GC blocked 5ms
02-03 13:10:16.761 D/dalvikvm(15954): GC_FOR_ALLOC freed 4094K, 45% free 9168K/16616K, paused 4ms, total 4ms
02-03 13:10:16.771 D/dalvikvm(15954): GC_CONCURRENT freed 3951K, 45% free 9303K/16616K, paused 1ms+1ms, total 8ms
02-03 13:10:16.771 D/dalvikvm(15954): WAIT_FOR_CONCURRENT_GC blocked 3ms
02-03 13:10:16.781 D/dalvikvm(15954): GC_FOR_ALLOC freed 4082K, 44% free 9309K/16616K, paused 5ms, total 5ms
02-03 13:10:16.791 D/dalvikvm(15954): GC_CONCURRENT freed 3863K, 44% free 9461K/16616K, paused 1ms+1ms, total 7ms
02-03 13:10:16.791 D/dalvikvm(15954): WAIT_FOR_CONCURRENT_GC blocked 2ms
02-03 13:10:16.791 D/dalvikvm(15954): GC_CONCURRENT freed 4205K, 44% free 9319K/16616K, paused 1ms+1ms, total 6ms
02-03 13:10:16.791 D/dalvikvm(15954): WAIT_FOR_CONCURRENT_GC blocked 5ms
02-03 13:10:16.801 D/dalvikvm(15954): GC_FOR_ALLOC freed 4028K, 44% free 9325K/16616K, paused 4ms, total 4ms
02-03 13:10:16.811 D/dalvikvm(15954): GC_CONCURRENT freed 3796K, 43% free 9505K/16616K, paused 0ms+1ms, total 6ms
02-03 13:10:16.811 D/dalvikvm(15954): WAIT_FOR_CONCURRENT_GC blocked 2ms
02-03 13:10:16.821 D/dalvikvm(15954): GC_CONCURRENT freed 4249K, 45% free 9291K/16616K, paused 1ms+1ms, total 5ms
02-03 13:10:16.821 D/dalvikvm(15954): WAIT_FOR_CONCURRENT_GC blocked 4ms
02-03 13:10:16.821 D/dalvikvm(15954): GC_FOR_ALLOC freed 4030K, 44% free 9343K/16616K, paused 4ms, total 4ms
02-03 13:10:16.831 D/dalvikvm(15954): GC_CONCURRENT freed 3609K, 42% free 9732K/16616K, paused 0ms+1ms, total 6ms
02-03 13:10:16.831 D/dalvikvm(15954): WAIT_FOR_CONCURRENT_GC blocked 2ms
02-03 13:10:16.841 D/dalvikvm(15954): GC_FOR_ALLOC freed 4441K, 44% free 9384K/16616K, paused 4ms, total 4ms
02-03 13:10:16.841 D/dalvikvm(15954): GC_CONCURRENT freed 3728K, 43% free 9598K/16616K, paused 0ms+1ms, total 6ms
02-03 13:10:16.841 D/dalvikvm(15954): WAIT_FOR_CONCURRENT_GC blocked 2ms
02-03 13:10:16.851 D/dalvikvm(15954): GC_FOR_ALLOC freed 4314K, 45% free 9222K/16616K, paused 4ms, total 4ms
02-03 13:10:16.861 D/dalvikvm(15954): GC_CONCURRENT freed 4043K, 45% free 9221K/16616K, paused 0ms+1ms, total 5ms
02-03 13:10:16.861 D/dalvikvm(15954): WAIT_FOR_CONCURRENT_GC blocked 5ms
02-03 13:10:16.871 D/dalvikvm(15954): GC_CONCURRENT freed 3848K, 44% free 9398K/16616K, paused 1ms+1ms, total 6ms
02-03 13:10:16.871 D/dalvikvm(15954): WAIT_FOR_CONCURRENT_GC blocked 5ms
02-03 13:10:16.881 D/dalvikvm(15954): GC_FOR_ALLOC freed 4123K, 45% free 9218K/16616K, paused 4ms, total 4ms
02-03 13:10:16.891 D/dalvikvm(15954): GC_FOR_ALLOC freed 4032K, 45% free 9279K/16616K, paused 5ms, total 5ms
02-03 13:10:16.901 D/dalvikvm(15954): GC_CONCURRENT freed 3683K, 43% free 9623K/16616K, paused 1ms+1ms, total 7ms
02-03 13:10:16.901 D/dalvikvm(15954): WAIT_FOR_CONCURRENT_GC blocked 3ms
02-03 13:10:16.901 D/dalvikvm(15954): GC_CONCURRENT freed 4391K, 44% free 9311K/16616K, paused 0ms+1ms, total 5ms
02-03 13:10:16.901 D/dalvikvm(15954): WAIT_FOR_CONCURRENT_GC blocked 5ms
02-03 13:10:16.911 D/dalvikvm(15954): GC_FOR_ALLOC freed 4031K, 45% free 9245K/16616K, paused 4ms, total 4ms
02-03 13:10:16.921 D/dalvikvm(15954): GC_FOR_ALLOC freed 3906K, 44% free 9311K/16616K, paused 5ms, total 5ms
02-03 13:10:16.931 D/dalvikvm(15954): GC_CONCURRENT freed 3366K, 41% free 9922K/16616K, paused 0ms+1ms, total 6ms
02-03 13:10:16.931 D/dalvikvm(15954): WAIT_FOR_CONCURRENT_GC blocked 2ms
02-03 13:10:16.941 D/dalvikvm(15954): GC_CONCURRENT freed 4588K, 44% free 9385K/16616K, paused 1ms+1ms, total 7ms
02-03 13:10:16.941 D/dalvikvm(15954): WAIT_FOR_CONCURRENT_GC blocked 6ms
02-03 13:10:16.951 D/dalvikvm(15954): GC_CONCURRENT freed 3978K, 44% free 9386K/16616K, paused 1ms+0ms, total 6ms
02-03 13:10:16.951 D/dalvikvm(15954): WAIT_FOR_CONCURRENT_GC blocked 4ms
02-03 13:10:16.951 D/dalvikvm(15954): GC_CONCURRENT freed 4044K, 44% free 9386K/16616K, paused 1ms+1ms, total 5ms
02-03 13:10:16.951 D/dalvikvm(15954): WAIT_FOR_CONCURRENT_GC blocked 4ms
02-03 13:10:16.961 D/dalvikvm(15954): GC_FOR_ALLOC freed 3889K, 44% free 9460K/16616K, paused 4ms, total 5ms
02-03 13:10:16.971 D/dalvikvm(15954): GC_CONCURRENT freed 4174K, 44% free 9345K/16616K, paused 0ms+0ms, total 5ms
02-03 13:10:16.971 D/dalvikvm(15954): WAIT_FOR_CONCURRENT_GC blocked 4ms
02-03 13:10:16.981 D/dalvikvm(15954): GC_CONCURRENT freed 3934K, 44% free 9424K/16616K, paused 1ms+1ms, total 5ms
02-03 13:10:16.981 D/dalvikvm(15954): WAIT_FOR_CONCURRENT_GC blocked 4ms
02-03 13:10:16.991 D/dalvikvm(15954): GC_CONCURRENT freed 4071K, 44% free 9347K/16616K, paused 1ms+1ms, total 5ms
02-03 13:10:16.991 D/dalvikvm(15954): WAIT_FOR_CONCURRENT_GC blocked 2ms
02-03 13:10:16.991 D/dalvikvm(15954): GC_FOR_ALLOC freed 3818K, 43% free 9502K/16616K, paused 4ms, total 4ms
02-03 13:10:17.001 D/dalvikvm(15954): GC_CONCURRENT freed 2767K, 40% free 10050K/16616K, paused 1ms+1ms, total 7ms
02-03 13:10:17.011 D/dalvikvm(15954): GC_FOR_ALLOC freed 4701K, 45% free 9264K/16616K, paused 4ms, total 4ms
02-03 13:10:17.021 D/dalvikvm(15954): GC_FOR_ALLOC freed 3729K, 43% free 9506K/16616K, paused 5ms, total 5ms
02-03 13:10:17.021 D/dalvikvm(15954): GC_CONCURRENT freed 1721K, 29% free 11809K/16616K, paused 1ms+1ms, total 8ms
02-03 13:10:17.031 D/dalvikvm(15954): GC_FOR_ALLOC freed 4456K, 45% free 9262K/16616K, paused 4ms, total 5ms
02-03 13:10:17.041 D/AndroidRuntime(21521): 
02-03 13:10:17.041 D/AndroidRuntime(21521): >>>>>> AndroidRuntime START com.android.internal.os.RuntimeInit <<<<<<
02-03 13:10:17.041 D/AndroidRuntime(21521): CheckJNI is OFF
02-03 13:10:17.041 I/AndroidRuntime(21521): Kernel Release Version: 3.10.20-g25181e8-dirty
02-03 13:10:17.041 I/dalvikvm(21521): No library specified. The standard exception handler will be used
02-03 13:10:17.041 D/dalvikvm(15954): GC_FOR_ALLOC freed 3685K, 43% free 9511K/16616K, paused 6ms, total 6ms
02-03 13:10:17.041 I/dalvikvm(21521): 
02-03 13:10:17.041 I/dalvikvm(21521): +++++++++++++ Using PCG. +++++++++++++++++++++
02-03 13:10:17.051 D/dalvikvm(15954): GC_CONCURRENT freed 4153K, 44% free 9375K/16616K, paused 1ms+1ms, total 6ms
02-03 13:10:17.051 D/dalvikvm(15954): WAIT_FOR_CONCURRENT_GC blocked 5ms
02-03 13:10:17.051 D/dalvikvm(21521): Trying to load lib libjavacore.so 0x0
02-03 13:10:17.051 D/dalvikvm(21521): Added shared lib libjavacore.so 0x0
02-03 13:10:17.061 D/dalvikvm(21521): Trying to load lib libnativehelper.so 0x0
02-03 13:10:17.061 D/dalvikvm(21521): Added shared lib libnativehelper.so 0x0
02-03 13:10:17.061 D/dalvikvm(21521): No JNI_OnLoad found in libnativehelper.so 0x0, skipping init
02-03 13:10:17.061 D/dalvikvm(15954): GC_FOR_ALLOC freed 4032K, 45% free 9288K/16616K, paused 4ms, total 4ms
02-03 13:10:17.061 D/dalvikvm(21521): Extra Options: not specified
02-03 13:10:17.071 D/dalvikvm(15954): GC_CONCURRENT freed 3817K, 43% free 9546K/16616K, paused 1ms+1ms, total 6ms
02-03 13:10:17.071 D/dalvikvm(15954): WAIT_FOR_CONCURRENT_GC blocked 5ms
02-03 13:10:17.071 D/dalvikvm(15954): GC_FOR_ALLOC freed 4123K, 45% free 9284K/16616K, paused 4ms, total 4ms
02-03 13:10:17.071 D/dalvikvm(21521): Note: class Landroid/app/ActivityManagerNative; has 186 unimplemented (abstract) methods
02-03 13:10:17.081 D/dalvikvm(15954): GC_FOR_ALLOC freed 3902K, 44% free 9370K/16616K, paused 4ms, total 4ms
02-03 13:10:17.091 D/dalvikvm(15954): GC_CONCURRENT freed 3320K, 40% free 9992K/16616K, paused 1ms+1ms, total 7ms
02-03 13:10:17.091 D/dalvikvm(15954): WAIT_FOR_CONCURRENT_GC blocked 3ms
02-03 13:10:17.101 D/dalvikvm(15954): GC_FOR_ALLOC freed 4701K, 45% free 9278K/16616K, paused 4ms, total 4ms
02-03 13:10:17.101 D/dalvikvm(15954): GC_CONCURRENT freed 3572K, 43% free 9548K/16616K, paused 1ms+3ms, total 8ms
02-03 13:10:17.101 D/dalvikvm(15954): WAIT_FOR_CONCURRENT_GC blocked 4ms
02-03 13:10:17.111 D/dalvikvm(15954): GC_FOR_ALLOC freed 4154K, 44% free 9305K/16616K, paused 5ms, total 5ms
02-03 13:10:17.121 D/dalvikvm(15954): GC_FOR_ALLOC freed 3919K, 45% free 9303K/16616K, paused 5ms, total 5ms
02-03 13:10:17.131 D/dalvikvm(15954): GC_FOR_ALLOC freed 3957K, 45% free 9301K/16616K, paused 4ms, total 4ms
02-03 13:10:17.131 D/dalvikvm(15954): GC_CONCURRENT freed 3800K, 43% free 9493K/16616K, paused 0ms+0ms, total 5ms
02-03 13:10:17.131 D/dalvikvm(15954): WAIT_FOR_CONCURRENT_GC blocked 5ms
02-03 13:10:17.141 D/dalvikvm(15954): GC_CONCURRENT freed 4026K, 43% free 9497K/16616K, paused 0ms+1ms, total 5ms
02-03 13:10:17.141 D/dalvikvm(15954): WAIT_FOR_CONCURRENT_GC blocked 5ms
02-03 13:10:17.151 D/dalvikvm(15954): GC_FOR_ALLOC freed 4262K, 45% free 9302K/16616K, paused 4ms, total 4ms
02-03 13:10:17.161 D/dalvikvm(15954): GC_CONCURRENT freed 3321K, 41% free 9888K/16616K, paused 1ms+1ms, total 7ms
02-03 13:10:17.161 D/dalvikvm(15954): WAIT_FOR_CONCURRENT_GC blocked 3ms
02-03 13:10:17.161 D/dalvikvm(15954): GC_FOR_ALLOC freed 4234K, 45% free 9302K/16616K, paused 5ms, total 5ms
02-03 13:10:17.171 D/dalvikvm(15954): GC_CONCURRENT freed 3673K, 43% free 9601K/16616K, paused 1ms+1ms, total 5ms
02-03 13:10:17.171 D/dalvikvm(15954): WAIT_FOR_CONCURRENT_GC blocked 3ms
02-03 13:10:17.181 E/memtrack(21521): Couldn't load memtrack module (No such file or directory)
02-03 13:10:17.181 E/android.os.Debug(21521): failed to load memtrack module: -2
02-03 13:10:17.181 D/dalvikvm(15954): GC_FOR_ALLOC freed 4009K, 45% free 9301K/16616K, paused 4ms, total 5ms
02-03 13:10:17.181 D/dalvikvm(15954): GC_CONCURRENT freed 3734K, 43% free 9605K/16616K, paused 1ms+1ms, total 5ms
02-03 13:10:17.181 D/dalvikvm(15954): WAIT_FOR_CONCURRENT_GC blocked 4ms
02-03 13:10:17.191 D/dalvikvm(15954): GC_FOR_ALLOC freed 4075K, 45% free 9300K/16616K, paused 5ms, total 5ms
02-03 13:10:17.201 D/dalvikvm(15954): GC_FOR_ALLOC freed 3797K, 44% free 9404K/16616K, paused 5ms, total 5ms
02-03 13:10:17.211 D/dalvikvm(15954): GC_CONCURRENT freed 3930K, 43% free 9513K/16616K, paused 1ms+1ms, total 6ms
02-03 13:10:17.221 D/dalvikvm(15954): GC_FOR_ALLOC freed 3864K, 45% free 9301K/16616K, paused 5ms, total 5ms
02-03 13:10:17.231 D/AndroidRuntime(21521): Calling main entry com.android.commands.am.Am
02-03 13:10:17.231 D/dalvikvm(15954): GC_CONCURRENT freed 3890K, 44% free 9408K/16616K, paused 1ms+1ms, total 6ms
02-03 13:10:17.231 D/dalvikvm(15954): WAIT_FOR_CONCURRENT_GC blocked 2ms
02-03 13:10:17.231 D/dalvikvm(15954): GC_FOR_ALLOC freed 3708K, 44% free 9410K/16616K, paused 4ms, total 4ms
02-03 13:10:17.241 D/dalvikvm(15954): GC_FOR_ALLOC freed 3734K, 43% free 9626K/16616K, paused 5ms, total 5ms
02-03 13:10:17.251 D/dalvikvm(15954): GC_FOR_ALLOC freed 3545K, 44% free 9307K/16616K, paused 5ms, total 5ms
02-03 13:10:17.261 D/dalvikvm(15954): GC_FOR_ALLOC freed 3785K, 44% free 9309K/16616K, paused 4ms, total 4ms
02-03 13:10:17.261 D/dalvikvm(15954): GC_FOR_ALLOC freed 3811K, 44% free 9310K/16616K, paused 4ms, total 4ms
02-03 13:10:17.271 D/AndroidRuntime(21521): Shutting down VM
02-03 13:10:17.271 D/dalvikvm(15954): GC_FOR_ALLOC freed 3837K, 44% free 9312K/16616K, paused 5ms, total 6ms
02-03 13:10:17.271 D/dalvikvm(21521): GC_CONCURRENT freed 117K, 16% free 702K/832K, paused 3ms+0ms, total 4ms
02-03 13:10:17.271 I/ActivityManager(14542): START u0 {flg=0x10000000 cmp=org.xwalk.webapi_noneservice_tests/.webapi_noneservice_testsActivity} from pid 21521
02-03 13:10:17.281 D/dalvikvm(21521): Compiler shutdown in progress - discarding request
02-03 13:10:17.281 D/dalvikvm(21521): Compiler shutdown in progress - discarding request
02-03 13:10:17.281 D/dalvikvm(21521): Compiler shutdown in progress - discarding request
02-03 13:10:17.281 D/dalvikvm(21521): Compiler shutdown in progress - discarding request
02-03 13:10:17.281 D/dalvikvm(21521): Compiler shutdown in progress - discarding request
02-03 13:10:17.281 D/dalvikvm(21521): Compiler shutdown in progress - discarding request
02-03 13:10:17.281 D/dalvikvm(21521): Compiler shutdown in progress - discarding request
02-03 13:10:17.281 D/dalvikvm(21521): Compiler shutdown in progress - discarding request
02-03 13:10:17.281 D/dalvikvm(21521): Compiler shutdown in progress - discarding request
02-03 13:10:17.281 D/dalvikvm(21521): Compiler shutdown in progress - discarding request
02-03 13:10:17.281 D/dalvikvm(21521): Compiler shutdown in progress - discarding request
02-03 13:10:17.281 D/dalvikvm(21521): Compiler shutdown in progress - discarding request
02-03 13:10:17.281 D/dalvikvm(21521): Compiler shutdown in progress - discarding request
02-03 13:10:17.281 D/dalvikvm(21521): Compiler shutdown in progress - discarding request
02-03 13:10:17.281 D/dalvikvm(21521): Compiler shutdown in progress - discarding request
02-03 13:10:17.281 D/dalvikvm(21521): Compiler shutdown in progress - discarding request
02-03 13:10:17.281 D/dalvikvm(21521): Compiler shutdown in progress - discarding request
02-03 13:10:17.281 D/dalvikvm(21521): Compiler shutdown in progress - discarding request
02-03 13:10:17.281 D/dalvikvm(21521): Compiler shutdown in progress - discarding request
02-03 13:10:17.281 D/dalvikvm(21521): Compiler shutdown in progress - discarding request
02-03 13:10:17.281 D/dalvikvm(21521): Compiler shutdown in progress - discarding request
02-03 13:10:17.281 D/dalvikvm(21521): Compiler shutdown in progress - discarding request
02-03 13:10:17.281 D/dalvikvm(21521): Compiler shutdown in progress - discarding request
02-03 13:10:17.281 D/dalvikvm(21521): Compiler shutdown in progress - discarding request
02-03 13:10:17.281 D/dalvikvm(21521): Compiler shutdown in progress - discarding request
02-03 13:10:17.281 D/dalvikvm(21521): Compiler shutdown in progress - discarding request
02-03 13:10:17.281 D/dalvikvm(21521): Compiler shutdown in progress - discarding request
02-03 13:10:17.281 D/dalvikvm(21521): Compiler shutdown in progress - discarding request
02-03 13:10:17.281 D/dalvikvm(21521): Compiler shutdown in progress - discarding request
02-03 13:10:17.281 D/dalvikvm(21521): Compiler shutdown in progress - discarding request
02-03 13:10:17.281 D/dalvikvm(21521): Compiler shutdown in progress - discarding request
02-03 13:10:17.281 D/dalvikvm(21521): Compiler shutdown in progress - discarding request
02-03 13:10:17.281 D/dalvikvm(21521): Compiler shutdown in progress - discarding request
02-03 13:10:17.281 D/dalvikvm(21521): Compiler shutdown in progress - discarding request
02-03 13:10:17.281 D/dalvikvm(21521): Compiler shutdown in progress - discarding request
02-03 13:10:17.281 D/dalvikvm(21521): Compiler shutdown in progress - discarding request
02-03 13:10:17.281 D/dalvikvm(21521): Compiler shutdown in progress - discarding request
02-03 13:10:17.281 D/dalvikvm(21521): Compiler shutdown in progress - discarding request
02-03 13:10:17.281 D/dalvikvm(21521): Compiler shutdown in progress - discarding request
02-03 13:10:17.281 D/dalvikvm(21521): Compiler shutdown in progress - discarding request
02-03 13:10:17.281 D/dalvikvm(21521): Compiler shutdown in progress - discarding request
02-03 13:10:17.281 D/dalvikvm(21521): Compiler shutdown in progress - discarding request
02-03 13:10:17.281 D/dalvikvm(21521): Compiler shutdown in progress - discarding request
02-03 13:10:17.281 D/dalvikvm(21521): Compiler shutdown in progress - discarding request
02-03 13:10:17.281 D/dalvikvm(15954): GC_FOR_ALLOC freed 3863K, 44% free 9313K/16616K, paused 4ms, total 5ms
02-03 13:10:17.291 D/dalvikvm(15954): GC_FOR_ALLOC freed 3889K, 44% free 9315K/16616K, paused 5ms, total 5ms
02-03 13:10:17.291 D/dalvikvm(15954): GC_FOR_ALLOC freed 3916K, 44% free 9316K/16616K, paused 4ms, total 4ms
02-03 13:10:17.301 D/dalvikvm(15954): GC_FOR_ALLOC freed 3942K, 44% free 9318K/16616K, paused 4ms, total 4ms
02-03 13:10:17.311 D/dalvikvm(15954): GC_CONCURRENT freed 3741K, 43% free 9547K/16616K, paused 0ms+0ms, total 5ms
02-03 13:10:17.311 D/dalvikvm(15954): WAIT_FOR_CONCURRENT_GC blocked 4ms
02-03 13:10:17.321 D/dalvikvm(15954): GC_FOR_ALLOC freed 3649K, 42% free 9663K/16616K, paused 4ms, total 4ms
02-03 13:10:17.321 D/dalvikvm(15954): GC_FOR_ALLOC freed 3787K, 44% free 9322K/16616K, paused 4ms, total 4ms
02-03 13:10:17.331 D/dalvikvm(15954): GC_FOR_ALLOC freed 3462K, 42% free 9669K/16616K, paused 5ms, total 5ms
02-03 13:10:17.341 D/dalvikvm(15954): GC_FOR_ALLOC freed 3831K, 44% free 9325K/16616K, paused 4ms, total 4ms
02-03 13:10:17.341 D/dalvikvm(15954): GC_FOR_ALLOC freed 3505K, 42% free 9677K/16616K, paused 4ms, total 4ms
02-03 13:10:17.351 D/dalvikvm(15954): GC_FOR_ALLOC freed 3881K, 44% free 9328K/16616K, paused 5ms, total 5ms
02-03 13:10:17.361 D/dalvikvm(15954): GC_FOR_ALLOC freed 3550K, 44% free 9447K/16616K, paused 5ms, total 5ms
02-03 13:10:17.361 D/dalvikvm(15954): GC_FOR_ALLOC freed 3333K, 42% free 9688K/16616K, paused 4ms, total 4ms
02-03 13:10:17.371 D/dalvikvm(15954): GC_FOR_ALLOC freed 3352K, 42% free 9691K/16616K, paused 4ms, total 4ms
02-03 13:10:17.381 D/dalvikvm(15954): GC_FOR_ALLOC freed 3371K, 42% free 9694K/16616K, paused 4ms, total 4ms
02-03 13:10:17.381 D/dalvikvm(15954): GC_FOR_ALLOC freed 3390K, 42% free 9698K/16616K, paused 4ms, total 4ms
02-03 13:10:17.391 D/dalvikvm(15954): GC_FOR_ALLOC freed 3409K, 42% free 9701K/16616K, paused 4ms, total 5ms
02-03 13:10:17.401 D/dalvikvm(15954): GC_FOR_ALLOC freed 3427K, 42% free 9704K/16616K, paused 5ms, total 5ms
02-03 13:10:17.411 D/dalvikvm(15954): GC_FOR_ALLOC freed 3446K, 42% free 9708K/16616K, paused 4ms, total 4ms
02-03 13:10:17.411 D/dalvikvm(15954): GC_FOR_ALLOC freed 3465K, 42% free 9711K/16616K, paused 5ms, total 5ms
02-03 13:10:17.421 D/dalvikvm(15954): GC_FOR_ALLOC freed 3484K, 42% free 9714K/16616K, paused 4ms, total 4ms
02-03 13:10:17.431 D/dalvikvm(15954): GC_FOR_ALLOC freed 3503K, 42% free 9718K/16616K, paused 5ms, total 5ms
02-03 13:10:17.431 D/dalvikvm(15954): GC_FOR_ALLOC freed 3522K, 42% free 9721K/16616K, paused 4ms, total 4ms
02-03 13:10:17.441 D/dalvikvm(15954): GC_FOR_ALLOC freed 3541K, 42% free 9725K/16616K, paused 6ms, total 6ms
02-03 13:10:17.451 D/dalvikvm(15954): GC_FOR_ALLOC freed 3559K, 42% free 9728K/16616K, paused 4ms, total 4ms
02-03 13:10:17.451 D/dalvikvm(15954): GC_FOR_ALLOC freed 3578K, 42% free 9731K/16616K, paused 6ms, total 6ms
02-03 13:10:17.461 D/dalvikvm(15954): GC_FOR_ALLOC freed 3596K, 42% free 9734K/16616K, paused 4ms, total 4ms
02-03 13:10:17.471 D/dalvikvm(15954): GC_FOR_ALLOC freed 3615K, 42% free 9738K/16616K, paused 4ms, total 4ms
02-03 13:10:17.471 D/dalvikvm(15954): GC_FOR_ALLOC freed 3634K, 43% free 9481K/16616K, paused 4ms, total 4ms
02-03 13:10:17.481 D/dalvikvm(15954): GC_FOR_ALLOC freed 3652K, 43% free 9483K/16616K, paused 4ms, total 4ms
02-03 13:10:17.491 D/dalvikvm(15954): GC_FOR_ALLOC freed 3671K, 43% free 9485K/16616K, paused 5ms, total 5ms
02-03 13:10:17.501 D/dalvikvm(15954): GC_FOR_ALLOC freed 3689K, 43% free 9487K/16616K, paused 5ms, total 5ms
02-03 13:10:17.501 D/dalvikvm(15954): GC_FOR_ALLOC freed 3708K, 43% free 9489K/16616K, paused 5ms, total 5ms
02-03 13:10:17.511 D/dalvikvm(15954): GC_FOR_ALLOC freed 3460K, 44% free 9359K/16616K, paused 4ms, total 4ms
02-03 13:10:17.521 D/dalvikvm(15954): GC_FOR_ALLOC freed 3744K, 44% free 9360K/16616K, paused 4ms, total 4ms
02-03 13:10:17.521 D/dalvikvm(15954): GC_FOR_ALLOC freed 3763K, 44% free 9361K/16616K, paused 6ms, total 6ms
02-03 13:10:17.531 D/dalvikvm(15954): GC_FOR_ALLOC freed 3783K, 44% free 9363K/16616K, paused 5ms, total 5ms
02-03 13:10:17.541 D/dalvikvm(15954): GC_FOR_ALLOC freed 3802K, 44% free 9364K/16616K, paused 5ms, total 5ms
02-03 13:10:17.541 D/dalvikvm(15954): GC_FOR_ALLOC freed 3820K, 44% free 9365K/16616K, paused 4ms, total 4ms
02-03 13:10:17.551 D/dalvikvm(15954): GC_FOR_ALLOC freed 3839K, 44% free 9367K/16616K, paused 4ms, total 4ms
02-03 13:10:17.561 D/dalvikvm(15954): GC_FOR_ALLOC freed 3858K, 44% free 9368K/16616K, paused 5ms, total 5ms
02-03 13:10:17.561 D/dalvikvm(15954): GC_FOR_ALLOC freed 3877K, 44% free 9369K/16616K, paused 4ms, total 4ms
02-03 13:10:17.571 D/dalvikvm(15954): GC_FOR_ALLOC freed 3896K, 44% free 9371K/16616K, paused 4ms, total 4ms
02-03 13:10:17.581 D/dalvikvm(15954): GC_FOR_ALLOC freed 3914K, 44% free 9372K/16616K, paused 4ms, total 4ms
02-03 13:10:17.591 D/dalvikvm(15954): GC_FOR_ALLOC freed 3229K, 42% free 9794K/16616K, paused 5ms, total 5ms
02-03 13:10:17.591 D/dalvikvm(15954): GC_FOR_ALLOC freed 3666K, 44% free 9375K/16616K, paused 5ms, total 5ms
02-03 13:10:17.601 D/dalvikvm(15954): GC_FOR_ALLOC freed 3256K, 42% free 9800K/16616K, paused 5ms, total 5ms
02-03 13:10:17.611 D/dalvikvm(15954): GC_FOR_ALLOC freed 3697K, 44% free 9377K/16616K, paused 5ms, total 5ms
02-03 13:10:17.611 D/dalvikvm(15954): GC_FOR_ALLOC freed 3283K, 41% free 9806K/16616K, paused 5ms, total 5ms
02-03 13:10:17.621 D/dalvikvm(15954): GC_FOR_ALLOC freed 3727K, 44% free 9379K/16616K, paused 5ms, total 5ms
02-03 13:10:17.631 D/dalvikvm(15954): GC_FOR_ALLOC freed 3310K, 41% free 9812K/16616K, paused 5ms, total 5ms
02-03 13:10:17.631 D/dalvikvm(15954): GC_FOR_ALLOC freed 3758K, 44% free 9382K/16616K, paused 4ms, total 4ms
02-03 13:10:17.641 D/dalvikvm(15954): GC_FOR_ALLOC freed 3337K, 41% free 9818K/16616K, paused 4ms, total 4ms
02-03 13:10:17.651 D/dalvikvm(15954): GC_FOR_ALLOC freed 3789K, 44% free 9384K/16616K, paused 4ms, total 4ms
02-03 13:10:17.651 D/dalvikvm(15954): GC_FOR_ALLOC freed 3364K, 41% free 9823K/16616K, paused 4ms, total 4ms
02-03 13:10:17.671 D/dalvikvm(15954): GC_FOR_ALLOC freed 3819K, 44% free 9386K/16616K, paused 9ms, total 9ms
02-03 13:10:17.671 D/dalvikvm(15954): GC_FOR_ALLOC freed 3391K, 41% free 9829K/16616K, paused 5ms, total 5ms
02-03 13:10:17.681 D/dalvikvm(15954): GC_FOR_ALLOC freed 3108K, 41% free 9832K/16616K, paused 4ms, total 4ms
02-03 13:10:17.691 D/dalvikvm(15954): GC_FOR_ALLOC freed 3863K, 44% free 9390K/16616K, paused 5ms, total 5ms
02-03 13:10:17.691 D/dalvikvm(15954): GC_FOR_ALLOC freed 3430K, 43% free 9539K/16616K, paused 5ms, total 5ms
02-03 13:10:17.701 D/dalvikvm(15954): GC_FOR_ALLOC freed 3143K, 41% free 9840K/16616K, paused 4ms, total 4ms
02-03 13:10:17.711 D/dalvikvm(15954): GC_FOR_ALLOC freed 3154K, 41% free 9843K/16616K, paused 4ms, total 4ms
02-03 13:10:17.721 D/dalvikvm(15954): GC_FOR_ALLOC freed 3920K, 44% free 9394K/16616K, paused 5ms, total 5ms
02-03 13:10:17.721 D/dalvikvm(15954): GC_FOR_ALLOC freed 3480K, 43% free 9546K/16616K, paused 5ms, total 5ms
02-03 13:10:17.731 D/dalvikvm(15954): GC_FOR_ALLOC freed 3189K, 41% free 9851K/16616K, paused 4ms, total 5ms
02-03 13:10:17.741 D/dalvikvm(15954): GC_FOR_ALLOC freed 3200K, 41% free 9854K/16616K, paused 4ms, total 4ms
02-03 13:10:17.741 D/dalvikvm(15954): GC_FOR_ALLOC freed 3976K, 44% free 9398K/16616K, paused 5ms, total 5ms
02-03 13:10:17.751 D/dalvikvm(15954): GC_FOR_ALLOC freed 3530K, 43% free 9552K/16616K, paused 4ms, total 4ms
02-03 13:10:17.761 D/dalvikvm(15954): GC_FOR_ALLOC freed 3235K, 41% free 9862K/16616K, paused 4ms, total 4ms
02-03 13:10:17.761 D/dalvikvm(15954): GC_FOR_ALLOC freed 3245K, 41% free 9865K/16616K, paused 5ms, total 5ms
02-03 13:10:17.771 D/dalvikvm(15954): GC_FOR_ALLOC freed 4033K, 44% free 9403K/16616K, paused 5ms, total 6ms
02-03 13:10:17.781 D/dalvikvm(15954): GC_FOR_ALLOC freed 3581K, 43% free 9559K/16616K, paused 4ms, total 4ms
02-03 13:10:17.791 D/dalvikvm(15954): GC_FOR_ALLOC freed 3281K, 41% free 9873K/16616K, paused 5ms, total 6ms
02-03 13:10:17.801 D/dalvikvm(15954): GC_FOR_ALLOC freed 3291K, 41% free 9876K/16616K, paused 4ms, total 4ms
02-03 13:10:17.801 D/dalvikvm(15954): GC_FOR_ALLOC freed 4090K, 44% free 9407K/16616K, paused 4ms, total 4ms
02-03 13:10:17.811 D/dalvikvm(15954): GC_FOR_ALLOC freed 3631K, 43% free 9566K/16616K, paused 4ms, total 5ms
02-03 13:10:17.821 D/dalvikvm(15954): GC_FOR_ALLOC freed 3327K, 41% free 9884K/16616K, paused 4ms, total 5ms
02-03 13:10:17.821 D/AndroidRuntime(21532): 
02-03 13:10:17.821 D/AndroidRuntime(21532): >>>>>> AndroidRuntime START com.android.internal.os.RuntimeInit <<<<<<
02-03 13:10:17.821 D/AndroidRuntime(21532): CheckJNI is OFF
02-03 13:10:17.821 I/AndroidRuntime(21532): Kernel Release Version: 3.10.20-g25181e8-dirty
02-03 13:10:17.821 I/dalvikvm(21532): No library specified. The standard exception handler will be used
02-03 13:10:17.821 I/dalvikvm(21532): 
02-03 13:10:17.821 I/dalvikvm(21532): +++++++++++++ Using PCG. +++++++++++++++++++++
02-03 13:10:17.821 D/dalvikvm(15954): GC_FOR_ALLOC freed 3337K, 41% free 9886K/16616K, paused 5ms, total 5ms
02-03 13:10:17.831 D/dalvikvm(15954): GC_FOR_ALLOC freed 4147K, 44% free 9412K/16616K, paused 4ms, total 5ms
02-03 13:10:17.831 D/dalvikvm(21532): Trying to load lib libjavacore.so 0x0
02-03 13:10:17.831 D/dalvikvm(21532): Added shared lib libjavacore.so 0x0
02-03 13:10:17.841 D/dalvikvm(21532): Trying to load lib libnativehelper.so 0x0
02-03 13:10:17.841 D/dalvikvm(21532): Added shared lib libnativehelper.so 0x0
02-03 13:10:17.841 D/dalvikvm(21532): No JNI_OnLoad found in libnativehelper.so 0x0, skipping init
02-03 13:10:17.841 D/dalvikvm(15954): GC_FOR_ALLOC freed 3682K, 43% free 9572K/16616K, paused 4ms, total 4ms
02-03 13:10:17.841 D/dalvikvm(21532): Extra Options: not specified
02-03 13:10:17.851 D/dalvikvm(15954): GC_FOR_ALLOC freed 3374K, 43% free 9574K/16616K, paused 5ms, total 5ms
02-03 13:10:17.851 D/dalvikvm(21532): Note: class Landroid/app/ActivityManagerNative; has 186 unimplemented (abstract) methods
02-03 13:10:17.851 D/dalvikvm(15954): GC_FOR_ALLOC freed 3384K, 43% free 9575K/16616K, paused 5ms, total 6ms
02-03 13:10:17.861 D/dalvikvm(15954): GC_FOR_ALLOC freed 3396K, 43% free 9577K/16616K, paused 4ms, total 4ms
02-03 13:10:17.871 D/dalvikvm(15954): GC_FOR_ALLOC freed 3406K, 43% free 9578K/16616K, paused 5ms, total 5ms
02-03 13:10:17.881 D/dalvikvm(15954): GC_FOR_ALLOC freed 3417K, 43% free 9580K/16616K, paused 8ms, total 8ms
02-03 13:10:17.891 D/dalvikvm(15954): GC_FOR_ALLOC freed 3429K, 43% free 9582K/16616K, paused 5ms, total 5ms
02-03 13:10:17.901 D/dalvikvm(15954): GC_FOR_ALLOC freed 3440K, 43% free 9583K/16616K, paused 5ms, total 5ms
02-03 13:10:17.901 D/dalvikvm(15954): GC_FOR_ALLOC freed 3452K, 43% free 9585K/16616K, paused 5ms, total 5ms
02-03 13:10:17.911 D/dalvikvm(15954): GC_FOR_ALLOC freed 3464K, 43% free 9587K/16616K, paused 5ms, total 5ms
02-03 13:10:17.921 D/dalvikvm(15954): GC_FOR_ALLOC freed 3474K, 43% free 9588K/16616K, paused 4ms, total 4ms
02-03 13:10:17.931 D/dalvikvm(15954): GC_FOR_ALLOC freed 3484K, 43% free 9589K/16616K, paused 5ms, total 5ms
02-03 13:10:17.941 D/dalvikvm(15954): GC_FOR_ALLOC freed 3493K, 43% free 9591K/16616K, paused 5ms, total 5ms
02-03 13:10:17.941 E/memtrack(21532): Couldn't load memtrack module (No such file or directory)
02-03 13:10:17.941 E/android.os.Debug(21532): failed to load memtrack module: -2
02-03 13:10:17.951 D/dalvikvm(15954): GC_FOR_ALLOC freed 3503K, 43% free 9592K/16616K, paused 4ms, total 5ms
02-03 13:10:17.961 D/dalvikvm(15954): GC_FOR_ALLOC freed 3512K, 43% free 9593K/16616K, paused 5ms, total 5ms
02-03 13:10:17.961 D/dalvikvm(15954): GC_FOR_ALLOC freed 3522K, 43% free 9595K/16616K, paused 5ms, total 5ms
02-03 13:10:17.971 D/dalvikvm(15954): GC_FOR_ALLOC freed 3531K, 43% free 9596K/16616K, paused 4ms, total 5ms
02-03 13:10:17.981 D/dalvikvm(15954): GC_FOR_ALLOC freed 3540K, 43% free 9598K/16616K, paused 4ms, total 5ms
02-03 13:10:17.981 D/AndroidRuntime(21532): Calling main entry com.android.commands.am.Am
02-03 13:10:17.991 D/dalvikvm(15954): GC_FOR_ALLOC freed 3551K, 43% free 9599K/16616K, paused 6ms, total 6ms
02-03 13:10:18.001 D/dalvikvm(15954): GC_FOR_ALLOC freed 3564K, 43% free 9601K/16616K, paused 4ms, total 5ms
02-03 13:10:18.011 D/dalvikvm(15954): GC_FOR_ALLOC freed 3576K, 43% free 9603K/16616K, paused 5ms, total 5ms
02-03 13:10:18.011 D/dalvikvm(15954): GC_FOR_ALLOC freed 3586K, 43% free 9604K/16616K, paused 4ms, total 5ms
02-03 13:10:18.021 D/dalvikvm(15954): GC_FOR_ALLOC freed 3597K, 43% free 9606K/16616K, paused 5ms, total 5ms
02-03 13:10:18.031 D/AndroidRuntime(21532): Shutting down VM
02-03 13:10:18.031 D/dalvikvm(21532): GC_CONCURRENT freed 117K, 17% free 669K/800K, paused 0ms+0ms, total 1ms
02-03 13:10:18.031 D/dalvikvm(15954): GC_FOR_ALLOC freed 3607K, 43% free 9607K/16616K, paused 6ms, total 6ms
02-03 13:10:18.031 D/dalvikvm(21532): Compiler shutdown in progress - discarding request
02-03 13:10:18.031 D/dalvikvm(21532): Compiler shutdown in progress - discarding request
02-03 13:10:18.031 D/dalvikvm(21532): Compiler shutdown in progress - discarding request
02-03 13:10:18.031 D/dalvikvm(21532): Compiler shutdown in progress - discarding request
02-03 13:10:18.031 D/dalvikvm(21532): Compiler shutdown in progress - discarding request
02-03 13:10:18.031 D/dalvikvm(21532): Compiler shutdown in progress - discarding request
02-03 13:10:18.031 D/dalvikvm(21532): Compiler shutdown in progress - discarding request
02-03 13:10:18.031 D/dalvikvm(21532): Compiler shutdown in progress - discarding request
02-03 13:10:18.031 D/dalvikvm(21532): Compiler shutdown in progress - discarding request
02-03 13:10:18.031 D/dalvikvm(21532): Compiler shutdown in progress - discarding request
02-03 13:10:18.031 D/dalvikvm(21532): Compiler shutdown in progress - discarding request
02-03 13:10:18.031 D/dalvikvm(21532): Compiler shutdown in progress - discarding request
02-03 13:10:18.031 D/dalvikvm(21532): Compiler shutdown in progress - discarding request
02-03 13:10:18.031 D/dalvikvm(21532): Compiler shutdown in progress - discarding request
02-03 13:10:18.031 D/dalvikvm(21532): Compiler shutdown in progress - discarding request
02-03 13:10:18.031 D/dalvikvm(21532): Compiler shutdown in progress - discarding request
02-03 13:10:18.031 D/dalvikvm(21532): Compiler shutdown in progress - discarding request
02-03 13:10:18.031 D/dalvikvm(21532): Compiler shutdown in progress - discarding request
02-03 13:10:18.031 D/dalvikvm(21532): Compiler shutdown in progress - discarding request
02-03 13:10:18.031 D/dalvikvm(21532): Compiler shutdown in progress - discarding request
02-03 13:10:18.031 D/dalvikvm(21532): Compiler shutdown in progress - discarding request
02-03 13:10:18.031 D/dalvikvm(21532): Compiler shutdown in progress - discarding request
02-03 13:10:18.031 D/dalvikvm(21532): Compiler shutdown in progress - discarding request
02-03 13:10:18.031 D/dalvikvm(21532): Compiler shutdown in progress - discarding request
02-03 13:10:18.031 D/dalvikvm(21532): Compiler shutdown in progress - discarding request
02-03 13:10:18.031 D/dalvikvm(21532): Compiler shutdown in progress - discarding request
02-03 13:10:18.031 D/dalvikvm(21532): Compiler shutdown in progress - discarding request
02-03 13:10:18.031 D/dalvikvm(21532): Compiler shutdown in progress - discarding request
02-03 13:10:18.031 D/dalvikvm(21532): Compiler shutdown in progress - discarding request
02-03 13:10:18.031 D/dalvikvm(21532): Compiler shutdown in progress - discarding request
02-03 13:10:18.031 D/dalvikvm(21532): Compiler shutdown in progress - discarding request
02-03 13:10:18.031 D/dalvikvm(21532): Compiler shutdown in progress - discarding request
02-03 13:10:18.031 I/ActivityManager(14542): START u0 {flg=0x10000000 cmp=org.xwalk.webapi_noneservice_tests/.webapi_noneservice_tests} from pid 21532
02-03 13:10:18.041 D/dalvikvm(21532): Compiler shutdown in progress - discarding request
02-03 13:10:18.041 D/dalvikvm(21532): Compiler shutdown in progress - discarding request
02-03 13:10:18.041 D/dalvikvm(21532): Compiler shutdown in progress - discarding request
02-03 13:10:18.041 D/dalvikvm(21532): Compiler shutdown in progress - discarding request
02-03 13:10:18.041 D/dalvikvm(21532): Compiler shutdown in progress - discarding request
02-03 13:10:18.041 D/dalvikvm(21532): Compiler shutdown in progress - discarding request
02-03 13:10:18.041 D/dalvikvm(21532): Compiler shutdown in progress - discarding request
02-03 13:10:18.041 D/dalvikvm(21532): Compiler shutdown in progress - discarding request
02-03 13:10:18.041 D/dalvikvm(21532): Compiler shutdown in progress - discarding request
02-03 13:10:18.041 D/dalvikvm(21532): Compiler shutdown in progress - discarding request
02-03 13:10:18.041 D/dalvikvm(21532): Compiler shutdown in progress - discarding request
02-03 13:10:18.041 D/dalvikvm(21532): Compiler shutdown in progress - discarding request
02-03 13:10:18.041 D/dalvikvm(21532): Compiler shutdown in progress - discarding request
02-03 13:10:18.041 D/dalvikvm(21532): Compiler shutdown in progress - discarding request
02-03 13:10:18.041 D/dalvikvm(21532): Compiler shutdown in progress - discarding request
02-03 13:10:18.041 D/dalvikvm(21532): Compiler shutdown in progress - discarding request
02-03 13:10:18.041 D/dalvikvm(21532): Compiler shutdown in progress - discarding request
02-03 13:10:18.041 D/dalvikvm(15954): GC_FOR_ALLOC freed 3616K, 43% free 9608K/16616K, paused 5ms, total 5ms
02-03 13:10:18.051 D/dalvikvm(15954): GC_FOR_ALLOC freed 3281K, 44% free 9438K/16616K, paused 4ms, total 4ms
02-03 13:10:18.051 D/dalvikvm(15954): GC_FOR_ALLOC freed 3637K, 44% free 9439K/16616K, paused 4ms, total 4ms
02-03 13:10:18.061 D/dalvikvm(15954): GC_FOR_ALLOC freed 3648K, 44% free 9440K/16616K, paused 5ms, total 5ms
02-03 13:10:18.071 D/dalvikvm(15954): GC_FOR_ALLOC freed 3659K, 44% free 9441K/16616K, paused 4ms, total 4ms
02-03 13:10:18.071 D/dalvikvm(15954): GC_FOR_ALLOC freed 3668K, 44% free 9442K/16616K, paused 4ms, total 4ms
02-03 13:10:18.081 D/dalvikvm(15954): GC_FOR_ALLOC freed 3678K, 44% free 9443K/16616K, paused 5ms, total 5ms
02-03 13:10:18.091 D/dalvikvm(15954): GC_FOR_ALLOC freed 3687K, 44% free 9443K/16616K, paused 4ms, total 4ms
02-03 13:10:18.091 D/dalvikvm(15954): GC_FOR_ALLOC freed 3696K, 44% free 9444K/16616K, paused 5ms, total 5ms
02-03 13:10:18.101 D/dalvikvm(15954): GC_FOR_ALLOC freed 3706K, 44% free 9445K/16616K, paused 4ms, total 4ms
02-03 13:10:18.111 D/dalvikvm(15954): GC_FOR_ALLOC freed 3715K, 44% free 9446K/16616K, paused 5ms, total 5ms
02-03 13:10:18.111 D/dalvikvm(15954): GC_FOR_ALLOC freed 3725K, 44% free 9447K/16616K, paused 4ms, total 4ms
02-03 13:10:18.121 D/dalvikvm(15954): GC_FOR_ALLOC freed 3734K, 44% free 9448K/16616K, paused 5ms, total 5ms
02-03 13:10:18.131 D/dalvikvm(15954): GC_FOR_ALLOC freed 3744K, 44% free 9449K/16616K, paused 4ms, total 4ms
02-03 13:10:18.131 D/dalvikvm(15954): GC_FOR_ALLOC freed 3753K, 44% free 9450K/16616K, paused 4ms, total 4ms
02-03 13:10:18.141 D/dalvikvm(15954): GC_FOR_ALLOC freed 3762K, 44% free 9451K/16616K, paused 4ms, total 4ms
02-03 13:10:18.151 D/dalvikvm(15954): GC_FOR_ALLOC freed 3772K, 44% free 9452K/16616K, paused 4ms, total 4ms
02-03 13:10:18.161 D/dalvikvm(15954): GC_FOR_ALLOC freed 3781K, 44% free 9452K/16616K, paused 5ms, total 5ms
02-03 13:10:18.161 D/dalvikvm(15954): GC_FOR_ALLOC freed 3791K, 44% free 9453K/16616K, paused 4ms, total 4ms
02-03 13:10:18.171 D/dalvikvm(15954): GC_FOR_ALLOC freed 3800K, 44% free 9454K/16616K, paused 4ms, total 4ms
02-03 13:10:18.181 D/dalvikvm(15954): GC_FOR_ALLOC freed 3809K, 44% free 9455K/16616K, paused 4ms, total 4ms
02-03 13:10:18.181 D/dalvikvm(15954): GC_FOR_ALLOC freed 3819K, 44% free 9456K/16616K, paused 5ms, total 5ms
02-03 13:10:18.191 D/dalvikvm(15954): GC_FOR_ALLOC freed 3828K, 44% free 9457K/16616K, paused 5ms, total 5ms
02-03 13:10:18.201 D/dalvikvm(15954): GC_CONCURRENT freed 3981K, 43% free 9494K/16616K, paused 1ms+1ms, total 5ms
02-03 13:10:18.201 D/dalvikvm(15954): WAIT_FOR_CONCURRENT_GC blocked 4ms
02-03 13:10:18.211 D/dalvikvm(15954): GC_FOR_ALLOC freed 3634K, 43% free 9479K/16616K, paused 5ms, total 5ms
02-03 13:10:18.221 D/dalvikvm(15954): GC_CONCURRENT freed 3671K, 41% free 9866K/16616K, paused 1ms+1ms, total 5ms
02-03 13:10:18.221 D/dalvikvm(15954): WAIT_FOR_CONCURRENT_GC blocked 4ms
02-03 13:10:18.221 D/dalvikvm(15954): GC_FOR_ALLOC freed 3275K, 49% free 8524K/16616K, paused 4ms, total 4ms
02-03 13:10:18.251 D/dalvikvm(15954): GC_FOR_ALLOC freed 3347K, 46% free 9097K/16616K, paused 2ms, total 3ms
02-03 13:10:18.311 D/dalvikvm(15954): GC_CONCURRENT freed 3971K, 45% free 9200K/16616K, paused 1ms+1ms, total 7ms
02-03 13:10:18.311 D/dalvikvm(15954): WAIT_FOR_CONCURRENT_GC blocked 5ms
02-03 13:10:18.321 D/dalvikvm(15954): GC_CONCURRENT freed 4079K, 45% free 9188K/16616K, paused 1ms+1ms, total 6ms
02-03 13:10:18.321 D/dalvikvm(15954): WAIT_FOR_CONCURRENT_GC blocked 5ms
02-03 13:10:18.331 D/dalvikvm(15954): GC_CONCURRENT freed 4051K, 45% free 9215K/16616K, paused 1ms+1ms, total 5ms
02-03 13:10:18.331 D/dalvikvm(15954): WAIT_FOR_CONCURRENT_GC blocked 4ms
02-03 13:10:18.341 D/dalvikvm(15954): GC_CONCURRENT freed 4106K, 45% free 9199K/16616K, paused 0ms+1ms, total 5ms
02-03 13:10:18.341 D/dalvikvm(15954): WAIT_FOR_CONCURRENT_GC blocked 5ms
02-03 13:10:18.351 D/dalvikvm(15954): GC_CONCURRENT freed 3968K, 45% free 9291K/16616K, paused 1ms+1ms, total 5ms
02-03 13:10:18.351 D/dalvikvm(15954): WAIT_FOR_CONCURRENT_GC blocked 3ms
02-03 13:10:18.361 D/dalvikvm(15954): GC_CONCURRENT freed 4139K, 45% free 9210K/16616K, paused 1ms+0ms, total 7ms
02-03 13:10:18.361 D/dalvikvm(15954): WAIT_FOR_CONCURRENT_GC blocked 4ms
02-03 13:10:18.371 D/dalvikvm(15954): GC_CONCURRENT freed 4023K, 45% free 9248K/16616K, paused 1ms+1ms, total 5ms
02-03 13:10:18.371 D/dalvikvm(15954): WAIT_FOR_CONCURRENT_GC blocked 4ms
02-03 13:10:18.371 D/dalvikvm(15954): GC_FOR_ALLOC freed 4122K, 45% free 9213K/16616K, paused 4ms, total 4ms
02-03 13:10:18.381 D/dalvikvm(15954): GC_FOR_ALLOC freed 3980K, 45% free 9289K/16616K, paused 4ms, total 4ms
02-03 13:10:18.391 D/dalvikvm(15954): GC_CONCURRENT freed 3863K, 43% free 9473K/16616K, paused 1ms+1ms, total 6ms
02-03 13:10:18.391 D/dalvikvm(15954): WAIT_FOR_CONCURRENT_GC blocked 1ms
02-03 13:10:18.401 D/dalvikvm(15954): GC_CONCURRENT freed 4205K, 44% free 9331K/16616K, paused 1ms+1ms, total 6ms
02-03 13:10:18.401 D/dalvikvm(15954): WAIT_FOR_CONCURRENT_GC blocked 4ms
02-03 13:10:18.411 D/dalvikvm(15954): GC_FOR_ALLOC freed 4028K, 44% free 9337K/16616K, paused 5ms, total 5ms
02-03 13:10:18.411 D/dalvikvm(15954): GC_CONCURRENT freed 3796K, 43% free 9517K/16616K, paused 0ms+1ms, total 6ms
02-03 13:10:18.411 D/dalvikvm(15954): WAIT_FOR_CONCURRENT_GC blocked 2ms
02-03 13:10:18.421 D/dalvikvm(15954): GC_FOR_ALLOC freed 4350K, 45% free 9202K/16616K, paused 4ms, total 4ms
02-03 13:10:18.421 D/dalvikvm(15954): GC_CONCURRENT freed 3689K, 43% free 9595K/16616K, paused 1ms+1ms, total 6ms
02-03 13:10:18.421 D/dalvikvm(15954): WAIT_FOR_CONCURRENT_GC blocked 2ms
02-03 13:10:18.431 D/dalvikvm(15954): GC_CONCURRENT freed 4358K, 44% free 9309K/16616K, paused 1ms+1ms, total 5ms
02-03 13:10:18.431 D/dalvikvm(15954): WAIT_FOR_CONCURRENT_GC blocked 4ms
02-03 13:10:18.441 D/dalvikvm(15954): GC_CONCURRENT freed 4093K, 44% free 9311K/16616K, paused 1ms+1ms, total 6ms
02-03 13:10:18.441 D/dalvikvm(15954): WAIT_FOR_CONCURRENT_GC blocked 5ms
02-03 13:10:18.451 D/dalvikvm(15954): GC_CONCURRENT freed 4052K, 45% free 9258K/16616K, paused 0ms+1ms, total 5ms
02-03 13:10:18.451 D/dalvikvm(15954): WAIT_FOR_CONCURRENT_GC blocked 5ms
02-03 13:10:18.461 D/dalvikvm(15954): GC_FOR_ALLOC freed 3942K, 44% free 9404K/16616K, paused 4ms, total 4ms
02-03 13:10:18.461 D/dalvikvm(15954): GC_CONCURRENT freed 3762K, 42% free 9691K/16616K, paused 1ms+1ms, total 7ms
02-03 13:10:18.461 D/dalvikvm(15954): WAIT_FOR_CONCURRENT_GC blocked 2ms
02-03 13:10:18.471 D/dalvikvm(15954): GC_CONCURRENT freed 4434K, 45% free 9291K/16616K, paused 1ms+1ms, total 6ms
02-03 13:10:18.471 D/dalvikvm(15954): WAIT_FOR_CONCURRENT_GC blocked 4ms
02-03 13:10:18.481 D/dalvikvm(15954): GC_CONCURRENT freed 4007K, 44% free 9357K/16616K, paused 1ms+1ms, total 5ms
02-03 13:10:18.481 D/dalvikvm(15954): WAIT_FOR_CONCURRENT_GC blocked 4ms
02-03 13:10:18.491 D/dalvikvm(15954): GC_FOR_ALLOC freed 4039K, 45% free 9233K/16616K, paused 5ms, total 5ms
02-03 13:10:18.501 D/dalvikvm(15954): GC_CONCURRENT freed 3869K, 44% free 9364K/16616K, paused 1ms+1ms, total 5ms
02-03 13:10:18.501 D/dalvikvm(15954): WAIT_FOR_CONCURRENT_GC blocked 1ms
02-03 13:10:18.501 D/dalvikvm(15954): GC_CONCURRENT freed 4084K, 44% free 9365K/16616K, paused 1ms+1ms, total 5ms
02-03 13:10:18.501 D/dalvikvm(15954): WAIT_FOR_CONCURRENT_GC blocked 4ms
02-03 13:10:18.511 D/dalvikvm(15954): GC_CONCURRENT freed 3967K, 44% free 9432K/16616K, paused 1ms+1ms, total 5ms
02-03 13:10:18.511 D/dalvikvm(15954): WAIT_FOR_CONCURRENT_GC blocked 5ms
02-03 13:10:18.521 D/dalvikvm(15954): GC_FOR_ALLOC freed 4113K, 45% free 9232K/16616K, paused 4ms, total 4ms
02-03 13:10:18.531 D/dalvikvm(15954): GC_FOR_ALLOC freed 3984K, 45% free 9299K/16616K, paused 4ms, total 4ms
02-03 13:10:18.541 D/dalvikvm(15954): GC_CONCURRENT freed 3571K, 41% free 9815K/16616K, paused 1ms+2ms, total 7ms
02-03 13:10:18.541 D/dalvikvm(15954): WAIT_FOR_CONCURRENT_GC blocked 2ms
02-03 13:10:18.541 D/dalvikvm(15954): GC_FOR_ALLOC freed 4327K, 43% free 9473K/16616K, paused 5ms, total 5ms
02-03 13:10:18.561 D/dalvikvm(15954): GC_CONCURRENT freed 3549K, 40% free 9975K/16616K, paused 1ms+9ms, total 14ms
02-03 13:10:18.561 D/dalvikvm(15954): WAIT_FOR_CONCURRENT_GC blocked 1ms
02-03 13:10:18.571 D/dalvikvm(15954): GC_CONCURRENT freed 4616K, 44% free 9329K/16616K, paused 1ms+0ms, total 6ms
02-03 13:10:18.571 D/dalvikvm(15954): WAIT_FOR_CONCURRENT_GC blocked 3ms
02-03 13:10:18.571 D/dalvikvm(15954): GC_FOR_ALLOC freed 4033K, 45% free 9254K/16616K, paused 4ms, total 4ms
02-03 13:10:18.581 D/dalvikvm(15954): GC_FOR_ALLOC freed 3866K, 43% free 9480K/16616K, paused 4ms, total 4ms
02-03 13:10:18.591 D/dalvikvm(15954): GC_CONCURRENT freed 3622K, 42% free 9783K/16616K, paused 0ms+1ms, total 5ms
02-03 13:10:18.591 D/dalvikvm(15954): WAIT_FOR_CONCURRENT_GC blocked 1ms
02-03 13:10:18.601 D/dalvikvm(15954): GC_FOR_ALLOC freed 4512K, 44% free 9327K/16616K, paused 6ms, total 6ms
02-03 13:10:18.601 D/dalvikvm(15954): GC_CONCURRENT freed 2694K, 39% free 10300K/16616K, paused 1ms+1ms, total 6ms
02-03 13:10:18.611 D/dalvikvm(15954): GC_FOR_ALLOC freed 4548K, 43% free 9517K/16616K, paused 5ms, total 5ms
02-03 13:10:18.621 D/dalvikvm(15954): GC_FOR_ALLOC freed 3977K, 43% free 9519K/16616K, paused 5ms, total 5ms
02-03 13:10:18.631 D/dalvikvm(15954): GC_CONCURRENT freed 3461K, 40% free 10090K/16616K, paused 1ms+1ms, total 6ms
02-03 13:10:18.631 D/dalvikvm(15954): WAIT_FOR_CONCURRENT_GC blocked 1ms
02-03 13:10:18.631 D/dalvikvm(15954): GC_FOR_ALLOC freed 4487K, 45% free 9271K/16616K, paused 4ms, total 4ms
02-03 13:10:18.641 D/AndroidRuntime(21543): 
02-03 13:10:18.641 D/AndroidRuntime(21543): >>>>>> AndroidRuntime START com.android.internal.os.RuntimeInit <<<<<<
02-03 13:10:18.641 D/AndroidRuntime(21543): CheckJNI is OFF
02-03 13:10:18.641 I/AndroidRuntime(21543): Kernel Release Version: 3.10.20-g25181e8-dirty
02-03 13:10:18.641 I/dalvikvm(21543): No library specified. The standard exception handler will be used
02-03 13:10:18.641 I/dalvikvm(21543): 
02-03 13:10:18.641 I/dalvikvm(21543): +++++++++++++ Using PCG. +++++++++++++++++++++
02-03 13:10:18.641 D/dalvikvm(15954): GC_FOR_ALLOC freed 3712K, 43% free 9522K/16616K, paused 5ms, total 5ms
02-03 13:10:18.651 D/dalvikvm(21543): Trying to load lib libjavacore.so 0x0
02-03 13:10:18.651 D/dalvikvm(21543): Added shared lib libjavacore.so 0x0
02-03 13:10:18.651 D/dalvikvm(15954): GC_CONCURRENT freed 4182K, 44% free 9353K/16616K, paused 1ms+1ms, total 5ms
02-03 13:10:18.651 D/dalvikvm(15954): WAIT_FOR_CONCURRENT_GC blocked 3ms
02-03 13:10:18.651 D/dalvikvm(21543): Trying to load lib libnativehelper.so 0x0
02-03 13:10:18.651 D/dalvikvm(21543): Added shared lib libnativehelper.so 0x0
02-03 13:10:18.651 D/dalvikvm(21543): No JNI_OnLoad found in libnativehelper.so 0x0, skipping init
02-03 13:10:18.661 D/dalvikvm(15954): GC_CONCURRENT freed 3888K, 44% free 9438K/16616K, paused 1ms+1ms, total 5ms
02-03 13:10:18.661 D/dalvikvm(15954): WAIT_FOR_CONCURRENT_GC blocked 3ms
02-03 13:10:18.661 D/dalvikvm(21543): Extra Options: not specified
02-03 13:10:18.671 D/dalvikvm(15954): GC_FOR_ALLOC freed 4016K, 44% free 9382K/16616K, paused 5ms, total 5ms
02-03 13:10:18.671 D/dalvikvm(21543): Note: class Landroid/app/ActivityManagerNative; has 186 unimplemented (abstract) methods
02-03 13:10:18.671 D/dalvikvm(15954): GC_CONCURRENT freed 3971K, 43% free 9474K/16616K, paused 0ms+0ms, total 5ms
02-03 13:10:18.671 D/dalvikvm(15954): WAIT_FOR_CONCURRENT_GC blocked 4ms
02-03 13:10:18.681 D/dalvikvm(15954): GC_CONCURRENT freed 4105K, 44% free 9384K/16616K, paused 1ms+1ms, total 5ms
02-03 13:10:18.681 D/dalvikvm(15954): WAIT_FOR_CONCURRENT_GC blocked 3ms
02-03 13:10:18.691 D/dalvikvm(15954): GC_FOR_ALLOC freed 3790K, 43% free 9563K/16616K, paused 6ms, total 6ms
02-03 13:10:18.701 D/dalvikvm(15954): GC_CONCURRENT freed 3652K, 41% free 9923K/16616K, paused 0ms+1ms, total 6ms
02-03 13:10:18.701 D/dalvikvm(15954): WAIT_FOR_CONCURRENT_GC blocked 2ms
02-03 13:10:18.711 D/dalvikvm(15954): GC_FOR_ALLOC freed 4502K, 45% free 9289K/16616K, paused 5ms, total 5ms
02-03 13:10:18.711 D/dalvikvm(15954): GC_FOR_ALLOC freed 3907K, 45% free 9287K/16616K, paused 4ms, total 4ms
02-03 13:10:18.721 D/dalvikvm(15954): GC_FOR_ALLOC freed 3944K, 45% free 9284K/16616K, paused 5ms, total 5ms
02-03 13:10:18.731 D/dalvikvm(15954): GC_CONCURRENT freed 3788K, 43% free 9476K/16616K, paused 0ms+1ms, total 5ms
02-03 13:10:18.731 D/dalvikvm(15954): WAIT_FOR_CONCURRENT_GC blocked 5ms
02-03 13:10:18.741 D/dalvikvm(15954): GC_CONCURRENT freed 4014K, 43% free 9479K/16616K, paused 0ms+1ms, total 5ms
02-03 13:10:18.741 D/dalvikvm(15954): WAIT_FOR_CONCURRENT_GC blocked 4ms
02-03 13:10:18.741 D/dalvikvm(15954): GC_CONCURRENT freed 4055K, 43% free 9479K/16616K, paused 1ms+1ms, total 5ms
02-03 13:10:18.741 D/dalvikvm(15954): WAIT_FOR_CONCURRENT_GC blocked 4ms
02-03 13:10:18.751 D/dalvikvm(15954): GC_FOR_ALLOC freed 3795K, 43% free 9579K/16616K, paused 4ms, total 5ms
02-03 13:10:18.761 D/dalvikvm(15954): GC_FOR_ALLOC freed 3931K, 44% free 9317K/16616K, paused 5ms, total 5ms
02-03 13:10:18.761 E/memtrack(21543): Couldn't load memtrack module (No such file or directory)
02-03 13:10:18.761 E/android.os.Debug(21543): failed to load memtrack module: -2
02-03 13:10:18.771 D/dalvikvm(15954): GC_FOR_ALLOC freed 3662K, 43% free 9616K/16616K, paused 4ms, total 5ms
02-03 13:10:18.781 D/dalvikvm(15954): GC_FOR_ALLOC freed 3997K, 44% free 9316K/16616K, paused 6ms, total 6ms
02-03 13:10:18.781 D/dalvikvm(15954): GC_CONCURRENT freed 3723K, 43% free 9620K/16616K, paused 1ms+1ms, total 5ms
02-03 13:10:18.781 D/dalvikvm(15954): WAIT_FOR_CONCURRENT_GC blocked 4ms
02-03 13:10:18.791 D/dalvikvm(15954): GC_FOR_ALLOC freed 4063K, 44% free 9316K/16616K, paused 5ms, total 5ms
02-03 13:10:18.801 D/dalvikvm(15954): GC_CONCURRENT freed 3786K, 43% free 9624K/16616K, paused 1ms+1ms, total 6ms
02-03 13:10:18.801 D/dalvikvm(15954): WAIT_FOR_CONCURRENT_GC blocked 2ms
02-03 13:10:18.801 D/AndroidRuntime(21543): Calling main entry com.android.commands.am.Am
02-03 13:10:18.811 D/dalvikvm(15954): GC_FOR_ALLOC freed 4131K, 44% free 9315K/16616K, paused 5ms, total 5ms
02-03 13:10:18.821 D/dalvikvm(15954): GC_FOR_ALLOC freed 3849K, 44% free 9420K/16616K, paused 5ms, total 5ms
02-03 13:10:18.831 D/dalvikvm(15954): GC_FOR_ALLOC freed 3670K, 43% free 9633K/16616K, paused 5ms, total 5ms
02-03 13:10:18.831 D/dalvikvm(15954): GC_FOR_ALLOC freed 3698K, 44% free 9425K/16616K, paused 5ms, total 5ms
02-03 13:10:18.841 D/AndroidRuntime(21543): Shutting down VM
02-03 13:10:18.841 I/SecurityManagerService(14632): SMS received security event: App[START/org.xwalk.webapi_noneservice_tests]
02-03 13:10:18.841 I/ActivityManager(14542): START u0 {flg=0x10000000 cmp=org.xwalk.webapi_noneservice_tests/.WebapiNoneserviceTestsActivity} from pid 21543
02-03 13:10:18.851 D/dalvikvm(21555): Process 21555 nice name: org.xwalk.webapi_noneservice_tests
02-03 13:10:18.851 D/dalvikvm(21555): Extra Options: not specified
02-03 13:10:18.851 D/dalvikvm(21543): GC_CONCURRENT freed 114K, 17% free 669K/800K, paused 5ms+0ms, total 7ms
02-03 13:10:18.851 D/dalvikvm(21543): Compiler shutdown in progress - discarding request
02-03 13:10:18.851 D/dalvikvm(21543): Compiler shutdown in progress - discarding request
02-03 13:10:18.851 D/dalvikvm(21543): Compiler shutdown in progress - discarding request
02-03 13:10:18.851 D/dalvikvm(21543): Compiler shutdown in progress - discarding request
02-03 13:10:18.851 D/dalvikvm(21543): Compiler shutdown in progress - discarding request
02-03 13:10:18.851 D/dalvikvm(21543): Compiler shutdown in progress - discarding request
02-03 13:10:18.851 D/dalvikvm(21543): Compiler shutdown in progress - discarding request
02-03 13:10:18.851 D/dalvikvm(21543): Compiler shutdown in progress - discarding request
02-03 13:10:18.851 D/dalvikvm(21543): Compiler shutdown in progress - discarding request
02-03 13:10:18.851 D/dalvikvm(21543): Compiler shutdown in progress - discarding request
02-03 13:10:18.851 D/dalvikvm(21543): Compiler shutdown in progress - discarding request
02-03 13:10:18.851 D/dalvikvm(21543): Compiler shutdown in progress - discarding request
02-03 13:10:18.851 D/dalvikvm(21543): Compiler shutdown in progress - discarding request
02-03 13:10:18.851 D/dalvikvm(21543): Compiler shutdown in progress - discarding request
02-03 13:10:18.851 D/dalvikvm(21543): Compiler shutdown in progress - discarding request
02-03 13:10:18.851 D/dalvikvm(21543): Compiler shutdown in progress - discarding request
02-03 13:10:18.851 D/dalvikvm(21543): Compiler shutdown in progress - discarding request
02-03 13:10:18.851 D/dalvikvm(21543): Compiler shutdown in progress - discarding request
02-03 13:10:18.851 D/dalvikvm(21543): Compiler shutdown in progress - discarding request
02-03 13:10:18.851 D/dalvikvm(21543): Compiler shutdown in progress - discarding request
02-03 13:10:18.851 D/dalvikvm(21543): Compiler shutdown in progress - discarding request
02-03 13:10:18.851 D/dalvikvm(21543): Compiler shutdown in progress - discarding request
02-03 13:10:18.851 D/dalvikvm(21543): Compiler shutdown in progress - discarding request
02-03 13:10:18.851 D/dalvikvm(21543): Compiler shutdown in progress - discarding request
02-03 13:10:18.851 D/dalvikvm(21543): Compiler shutdown in progress - discarding request
02-03 13:10:18.851 D/dalvikvm(21543): Compiler shutdown in progress - discarding request
02-03 13:10:18.851 D/dalvikvm(21543): Compiler shutdown in progress - discarding request
02-03 13:10:18.851 D/dalvikvm(21543): Compiler shutdown in progress - discarding request
02-03 13:10:18.851 D/dalvikvm(21543): Compiler shutdown in progress - discarding request
02-03 13:10:18.851 D/dalvikvm(21543): Compiler shutdown in progress - discarding request
02-03 13:10:18.851 D/dalvikvm(21543): Compiler shutdown in progress - discarding request
02-03 13:10:18.851 D/dalvikvm(21543): Compiler shutdown in progress - discarding request
02-03 13:10:18.851 D/dalvikvm(21543): Compiler shutdown in progress - discarding request
02-03 13:10:18.851 D/dalvikvm(21543): Compiler shutdown in progress - discarding request
02-03 13:10:18.851 D/dalvikvm(21543): Compiler shutdown in progress - discarding request
02-03 13:10:18.851 D/dalvikvm(21543): Compiler shutdown in progress - discarding request
02-03 13:10:18.851 D/dalvikvm(21543): Compiler shutdown in progress - discarding request
02-03 13:10:18.851 D/dalvikvm(21543): Compiler shutdown in progress - discarding request
02-03 13:10:18.851 D/dalvikvm(21543): Compiler shutdown in progress - discarding request
02-03 13:10:18.851 D/dalvikvm(21543): Compiler shutdown in progress - discarding request
02-03 13:10:18.851 D/dalvikvm(21543): Compiler shutdown in progress - discarding request
02-03 13:10:18.851 D/dalvikvm(21543): Compiler shutdown in progress - discarding request
02-03 13:10:18.851 D/dalvikvm(21543): Compiler shutdown in progress - discarding request
02-03 13:10:18.851 D/dalvikvm(21543): Compiler shutdown in progress - discarding request
02-03 13:10:18.851 D/dalvikvm(21543): Compiler shutdown in progress - discarding request
02-03 13:10:18.851 D/dalvikvm(21543): Compiler shutdown in progress - discarding request
02-03 13:10:18.851 D/dalvikvm(15954): GC_FOR_ALLOC freed 3724K, 42% free 9640K/16616K, paused 15ms, total 15ms
02-03 13:10:18.861 D/dalvikvm(15954): GC_FOR_ALLOC freed 3535K, 44% free 9323K/16616K, paused 5ms, total 5ms
02-03 13:10:18.861 I/ActivityManager(14542): Start proc org.xwalk.webapi_noneservice_tests for activity org.xwalk.webapi_noneservice_tests/.WebapiNoneserviceTestsActivity: pid=21555 uid=11605 gids={51605, 3003, 1028, 1015}
02-03 13:10:18.871 D/dalvikvm(15954): GC_FOR_ALLOC freed 3774K, 44% free 9324K/16616K, paused 5ms, total 5ms
02-03 13:10:18.871 D/dalvikvm(14240): GC_EXPLICIT freed 45K, 2% free 5801K/5892K, paused 1ms+1ms, total 14ms
02-03 13:10:18.871 D/dalvikvm(15954): GC_FOR_ALLOC freed 3801K, 44% free 9326K/16616K, paused 5ms, total 6ms
02-03 13:10:18.881 D/dalvikvm(14240): GC_EXPLICIT freed <1K, 2% free 5801K/5892K, paused 1ms+1ms, total 12ms
02-03 13:10:18.891 D/dalvikvm(15954): GC_FOR_ALLOC freed 3827K, 44% free 9327K/16616K, paused 11ms, total 11ms
02-03 13:10:18.901 D/WindowManager(14542): adjustConfigurationLw, config:{1.0 ?mcc?mnc ?locale ?layoutDir sw600dp w600dp h888dp 213dpi lrg port ?uimode ?night finger -keyb/v/h -nav/v} mLidState:1 mHasDockFeature:false mHasKeyboardFeature:false mHasHallSensorFeature:true config.hardKeyboardHidden:2
02-03 13:10:18.901 D/dalvikvm(14240): GC_EXPLICIT freed <1K, 2% free 5801K/5892K, paused 1ms+1ms, total 13ms
02-03 13:10:18.901 I/ActivityManager(14542): [TopPkgCurBat]	NowPkgName[org.xwalk.webapi_noneservice_tests]	Battery[87]	TimeTick[1422940218915]	OldPkgName[com.asus.launcher]
02-03 13:10:18.911 V/WeatherTimeProvider(15704): widget on Visibility Changed
02-03 13:10:18.941 D/dalvikvm(21555): Trying to load lib /data/app-lib/org.xwalk.webapi_noneservice_tests-1/libxwalkcore.so 0x43d87910
02-03 13:10:18.941 D/        (14886): Surface destroy: ANDROID_NATIVE_WINDOW_MAGIC
02-03 13:10:18.951 D/dalvikvm(15954): GC_FOR_ALLOC freed 3853K, 44% free 9329K/16616K, paused 5ms, total 5ms
02-03 13:10:18.961 D/dalvikvm(15954): GC_FOR_ALLOC freed 3879K, 44% free 9330K/16616K, paused 7ms, total 7ms
02-03 13:10:18.971 D/dalvikvm(21555): Added shared lib /data/app-lib/org.xwalk.webapi_noneservice_tests-1/libxwalkcore.so 0x43d87910
02-03 13:10:18.971 I/LibraryLoader(21555): Time to load native libraries: 32 ms (timestamps 5171-5203)
02-03 13:10:18.971 I/LibraryLoader(21555): Expected native library version number "",actual native library version number ""
02-03 13:10:18.971 D/dalvikvm(15954): GC_FOR_ALLOC freed 3905K, 44% free 9332K/16616K, paused 5ms, total 5ms
02-03 13:10:18.981 D/dalvikvm(15954): GC_FOR_ALLOC freed 3931K, 44% free 9333K/16616K, paused 5ms, total 6ms
02-03 13:10:18.991 D/dalvikvm(15954): GC_FOR_ALLOC freed 3957K, 44% free 9335K/16616K, paused 5ms, total 5ms
02-03 13:10:19.001 I/LibraryLoader(21555): Expected native library version number "",actual native library version number ""
02-03 13:10:19.001 I/chromium(21555): [INFO:library_loader_hooks.cc(112)] Chromium logging enabled: level = 0, default verbosity = 0
02-03 13:10:19.001 D/dalvikvm(15954): GC_CONCURRENT freed 3756K, 43% free 9564K/16616K, paused 1ms+1ms, total 7ms
02-03 13:10:19.001 D/dalvikvm(15954): WAIT_FOR_CONCURRENT_GC blocked 5ms
02-03 13:10:19.021 D/dalvikvm(15954): GC_FOR_ALLOC freed 3663K, 44% free 9452K/16616K, paused 5ms, total 5ms
02-03 13:10:19.021 I/BrowserStartupController(21555): Initializing chromium process, singleProcess=true
02-03 13:10:19.031 D/dalvikvm(15954): GC_FOR_ALLOC freed 3801K, 44% free 9339K/16616K, paused 7ms, total 7ms
02-03 13:10:19.041 D/dalvikvm(15954): GC_FOR_ALLOC freed 3475K, 42% free 9688K/16616K, paused 7ms, total 7ms
02-03 13:10:19.051 D/dalvikvm(15954): GC_FOR_ALLOC freed 3848K, 44% free 9342K/16616K, paused 5ms, total 5ms
02-03 13:10:19.061 D/dalvikvm(15954): GC_FOR_ALLOC freed 3520K, 42% free 9695K/16616K, paused 12ms, total 12ms
02-03 13:10:19.071 D/dalvikvm(15954): GC_FOR_ALLOC freed 3898K, 44% free 9345K/16616K, paused 4ms, total 4ms
02-03 13:10:19.081 D/dalvikvm(15954): GC_FOR_ALLOC freed 3565K, 42% free 9703K/16616K, paused 6ms, total 6ms
02-03 13:10:19.091 D/dalvikvm(15954): GC_FOR_ALLOC freed 3347K, 42% free 9706K/16616K, paused 4ms, total 4ms
02-03 13:10:19.101 D/dalvikvm(15954): GC_FOR_ALLOC freed 3366K, 42% free 9709K/16616K, paused 5ms, total 5ms
02-03 13:10:19.111 D/dalvikvm(15954): GC_FOR_ALLOC freed 3385K, 42% free 9713K/16616K, paused 5ms, total 5ms
02-03 13:10:19.121 D/dalvikvm(15954): GC_FOR_ALLOC freed 3404K, 42% free 9716K/16616K, paused 6ms, total 6ms
02-03 13:10:19.131 D/dalvikvm(15954): GC_FOR_ALLOC freed 3423K, 42% free 9720K/16616K, paused 6ms, total 7ms
02-03 13:10:19.131 D/dalvikvm(15954): GC_FOR_ALLOC freed 3442K, 42% free 9723K/16616K, paused 5ms, total 5ms
02-03 13:10:19.141 D/dalvikvm(15954): GC_FOR_ALLOC freed 3460K, 42% free 9726K/16616K, paused 5ms, total 6ms
02-03 13:10:19.151 D/dalvikvm(15954): GC_FOR_ALLOC freed 3479K, 42% free 9730K/16616K, paused 4ms, total 5ms
02-03 13:10:19.161 D/dalvikvm(15954): GC_FOR_ALLOC freed 3498K, 42% free 9733K/16616K, paused 6ms, total 6ms
02-03 13:10:19.171 D/dalvikvm(15954): GC_FOR_ALLOC freed 3517K, 42% free 9736K/16616K, paused 5ms, total 5ms
02-03 13:10:19.181 D/dalvikvm(15954): GC_FOR_ALLOC freed 3536K, 42% free 9740K/16616K, paused 7ms, total 7ms
02-03 13:10:19.191 D/dalvikvm(15954): GC_FOR_ALLOC freed 3555K, 42% free 9743K/16616K, paused 5ms, total 5ms
02-03 13:10:19.201 D/dalvikvm(15954): GC_FOR_ALLOC freed 3573K, 42% free 9746K/16616K, paused 7ms, total 8ms
02-03 13:10:19.201 D/dalvikvm(15954): GC_FOR_ALLOC freed 3592K, 42% free 9750K/16616K, paused 5ms, total 5ms
02-03 13:10:19.211 D/dalvikvm(15954): GC_FOR_ALLOC freed 3610K, 42% free 9753K/16616K, paused 7ms, total 7ms
02-03 13:10:19.221 D/dalvikvm(15954): GC_FOR_ALLOC freed 3629K, 43% free 9497K/16616K, paused 4ms, total 4ms
02-03 13:10:19.231 D/dalvikvm(15954): GC_FOR_ALLOC freed 3647K, 43% free 9499K/16616K, paused 7ms, total 7ms
02-03 13:10:19.241 D/dalvikvm(15954): GC_FOR_ALLOC freed 3666K, 43% free 9501K/16616K, paused 5ms, total 5ms
02-03 13:10:19.251 D/dalvikvm(15954): GC_FOR_ALLOC freed 3685K, 43% free 9503K/16616K, paused 5ms, total 5ms
02-03 13:10:19.261 D/dalvikvm(15954): GC_FOR_ALLOC freed 3703K, 43% free 9505K/16616K, paused 5ms, total 5ms
02-03 13:10:19.261 D/dalvikvm(15954): GC_FOR_ALLOC freed 3456K, 44% free 9374K/16616K, paused 4ms, total 4ms
02-03 13:10:19.271 D/dalvikvm(15954): GC_FOR_ALLOC freed 3740K, 44% free 9376K/16616K, paused 4ms, total 4ms
02-03 13:10:19.281 D/dalvikvm(15954): GC_FOR_ALLOC freed 3758K, 44% free 9377K/16616K, paused 4ms, total 4ms
02-03 13:10:19.281 D/dalvikvm(15954): GC_FOR_ALLOC freed 3778K, 44% free 9378K/16616K, paused 4ms, total 5ms
02-03 13:10:19.291 D/dalvikvm(15954): GC_FOR_ALLOC freed 3797K, 44% free 9380K/16616K, paused 5ms, total 5ms
02-03 13:10:19.301 D/dalvikvm(15954): GC_FOR_ALLOC freed 3816K, 44% free 9381K/16616K, paused 4ms, total 4ms
02-03 13:10:19.311 D/dalvikvm(15954): GC_FOR_ALLOC freed 3835K, 44% free 9382K/16616K, paused 4ms, total 4ms
02-03 13:10:19.311 D/dalvikvm(15954): GC_FOR_ALLOC freed 3853K, 44% free 9384K/16616K, paused 4ms, total 4ms
02-03 13:10:19.321 D/dalvikvm(15954): GC_FOR_ALLOC freed 3872K, 44% free 9385K/16616K, paused 5ms, total 5ms
02-03 13:10:19.331 D/dalvikvm(15954): GC_FOR_ALLOC freed 3891K, 44% free 9386K/16616K, paused 5ms, total 5ms
02-03 13:10:19.341 D/dalvikvm(15954): GC_FOR_ALLOC freed 3910K, 44% free 9388K/16616K, paused 5ms, total 5ms
02-03 13:10:19.341 D/dalvikvm(15954): GC_FOR_ALLOC freed 3225K, 41% free 9809K/16616K, paused 6ms, total 6ms
02-03 13:10:19.351 D/dalvikvm(15954): GC_FOR_ALLOC freed 3662K, 44% free 9390K/16616K, paused 5ms, total 5ms
02-03 13:10:19.361 D/dalvikvm(15954): GC_FOR_ALLOC freed 3252K, 41% free 9815K/16616K, paused 4ms, total 5ms
02-03 13:10:19.361 D/dalvikvm(15954): GC_FOR_ALLOC freed 3693K, 44% free 9393K/16616K, paused 4ms, total 4ms
02-03 13:10:19.371 D/dalvikvm(15954): GC_FOR_ALLOC freed 3279K, 41% free 9821K/16616K, paused 4ms, total 4ms
02-03 13:10:19.381 D/dalvikvm(15954): GC_FOR_ALLOC freed 3723K, 44% free 9395K/16616K, paused 5ms, total 5ms
02-03 13:10:19.381 D/dalvikvm(15954): GC_FOR_ALLOC freed 3306K, 41% free 9827K/16616K, paused 5ms, total 5ms
02-03 13:10:19.391 D/dalvikvm(15954): GC_FOR_ALLOC freed 3754K, 44% free 9397K/16616K, paused 5ms, total 5ms
02-03 13:10:19.401 D/dalvikvm(15954): GC_FOR_ALLOC freed 3333K, 41% free 9833K/16616K, paused 6ms, total 6ms
02-03 13:10:19.411 D/dalvikvm(15954): GC_FOR_ALLOC freed 3784K, 44% free 9400K/16616K, paused 5ms, total 5ms
02-03 13:10:19.411 D/dalvikvm(15954): GC_FOR_ALLOC freed 3360K, 41% free 9839K/16616K, paused 5ms, total 5ms
02-03 13:10:19.421 D/dalvikvm(15954): GC_FOR_ALLOC freed 3815K, 44% free 9402K/16616K, paused 4ms, total 5ms
02-03 13:10:19.431 D/dalvikvm(15954): GC_FOR_ALLOC freed 3388K, 41% free 9845K/16616K, paused 4ms, total 5ms
02-03 13:10:19.431 D/dalvikvm(15954): GC_FOR_ALLOC freed 3104K, 41% free 9847K/16616K, paused 4ms, total 4ms
02-03 13:10:19.441 D/dalvikvm(15954): GC_FOR_ALLOC freed 3858K, 44% free 9405K/16616K, paused 4ms, total 4ms
02-03 13:10:19.451 D/dalvikvm(15954): GC_FOR_ALLOC freed 3426K, 43% free 9555K/16616K, paused 4ms, total 4ms
02-03 13:10:19.461 D/dalvikvm(15954): GC_FOR_ALLOC freed 3140K, 41% free 9855K/16616K, paused 5ms, total 5ms
02-03 13:10:19.461 D/dalvikvm(15954): GC_FOR_ALLOC freed 3150K, 41% free 9858K/16616K, paused 4ms, total 5ms
02-03 13:10:19.471 D/dalvikvm(15954): GC_FOR_ALLOC freed 3915K, 44% free 9410K/16616K, paused 4ms, total 5ms
02-03 13:10:19.481 D/dalvikvm(15954): GC_FOR_ALLOC freed 3476K, 43% free 9561K/16616K, paused 4ms, total 4ms
02-03 13:10:19.481 D/dalvikvm(15954): GC_FOR_ALLOC freed 3185K, 41% free 9866K/16616K, paused 5ms, total 5ms
02-03 13:10:19.491 D/dalvikvm(15954): GC_FOR_ALLOC freed 3196K, 41% free 9869K/16616K, paused 5ms, total 5ms
02-03 13:10:19.501 D/dalvikvm(15954): GC_FOR_ALLOC freed 3972K, 44% free 9414K/16616K, paused 4ms, total 4ms
02-03 13:10:19.511 D/dalvikvm(15954): GC_FOR_ALLOC freed 3527K, 43% free 9568K/16616K, paused 5ms, total 5ms
02-03 13:10:19.511 W/AudioManagerAndroid(21555): Requires BLUETOOTH permission
02-03 13:10:19.521 I/ufoGralloc(21555): Hello, this is UFO GRALLOC/Intel Corporation
02-03 13:10:19.521 D/        (21555): Pixel Format : GGL_PIXEL_FORMAT_RGBA_8888
02-03 13:10:19.521 D/        (21555): droid_create_context : config id = 1 conf->NativeVisualID=1
02-03 13:10:19.521 D/        (21555): Pixel Format : GGL_PIXEL_FORMAT_RGBA_8888
02-03 13:10:19.521 I/        (21555): Requested context : GLES 2.0
02-03 13:10:19.541 D/dalvikvm(15954): GC_FOR_ALLOC freed 3231K, 41% free 9877K/16616K, paused 25ms, total 25ms
02-03 13:10:19.541 D/dalvikvm(15954): GC_FOR_ALLOC freed 3242K, 41% free 9880K/16616K, paused 4ms, total 5ms
02-03 13:10:19.551 W/chromium(21555): [WARNING:proxy_service.cc(899)] PAC support disabled because there is no system implementation
02-03 13:10:19.551 D/dalvikvm(15954): GC_FOR_ALLOC freed 4029K, 44% free 9418K/16616K, paused 7ms, total 8ms
02-03 13:10:19.551 W/dalvikvm(21555): VFY: unable to find class referenced in signature (Landroid/view/inputmethod/CursorAnchorInfo;)
02-03 13:10:19.551 I/dalvikvm(21555): Could not find method android.view.inputmethod.InputMethodManager.updateCursorAnchorInfo, referenced from method org.chromium.content.browser.input.InputMethodManagerWrapper.updateCursorAnchorInfo
02-03 13:10:19.551 W/dalvikvm(21555): VFY: unable to resolve virtual method 1241: Landroid/view/inputmethod/InputMethodManager;.updateCursorAnchorInfo (Landroid/view/View;Landroid/view/inputmethod/CursorAnchorInfo;)V
02-03 13:10:19.551 D/dalvikvm(21555): VFY: replacing opcode 0x6e at 0x000a
02-03 13:10:19.561 D/dalvikvm(15954): GC_FOR_ALLOC freed 3577K, 43% free 9574K/16616K, paused 5ms, total 5ms
02-03 13:10:19.571 D/dalvikvm(15954): GC_FOR_ALLOC freed 3277K, 41% free 9888K/16616K, paused 5ms, total 5ms
02-03 13:10:19.571 D/dalvikvm(15954): GC_FOR_ALLOC freed 3288K, 41% free 9891K/16616K, paused 4ms, total 4ms
02-03 13:10:19.581 D/dalvikvm(15954): GC_FOR_ALLOC freed 4086K, 44% free 9423K/16616K, paused 4ms, total 4ms
02-03 13:10:19.591 D/dalvikvm(15954): GC_FOR_ALLOC freed 3627K, 43% free 9581K/16616K, paused 5ms, total 5ms
02-03 13:10:19.591 E/cutils  (  163): Failed to mkdirat(/Removable/MicroSD): Read-only file system
02-03 13:10:19.591 W/ContextImpl(21555): Failed to ensure directory: /Removable/MicroSD/Android/data/org.xwalk.webapi_noneservice_tests/cache
02-03 13:10:19.591 D/dalvikvm(15954): GC_FOR_ALLOC freed 3323K, 41% free 9899K/16616K, paused 4ms, total 4ms
02-03 13:10:19.591 W/Vold    (  163): Returning OperationFailed - no handler for errno 30
02-03 13:10:19.601 W/XWalkExtensionManager(21555): Failed to read extensions-config.json
02-03 13:10:19.601 E/chromium(21555): [ERROR:unix_domain_server_socket_posix.cc(106)] Not implemented reached in virtual int net::UnixDomainServerSocket::GetLocalAddress(net::IPEndPoint*) const
02-03 13:10:19.601 I/dalvikvm(21555): Could not find method android.app.Activity.finishAndRemoveTask, referenced from method org.chromium.base.ApiCompatibilityUtils.finishAndRemoveTask
02-03 13:10:19.601 W/dalvikvm(21555): VFY: unable to resolve virtual method 4: Landroid/app/Activity;.finishAndRemoveTask ()V
02-03 13:10:19.601 D/dalvikvm(21555): VFY: replacing opcode 0x6e at 0x0006
02-03 13:10:19.601 I/dalvikvm(21555): Could not find method android.os.PowerManager.isInteractive, referenced from method org.chromium.base.ApiCompatibilityUtils.isInteractive
02-03 13:10:19.601 W/dalvikvm(21555): VFY: unable to resolve virtual method 768: Landroid/os/PowerManager;.isInteractive ()Z
02-03 13:10:19.601 D/dalvikvm(21555): VFY: replacing opcode 0x6e at 0x000e
02-03 13:10:19.601 I/dalvikvm(21555): Could not find method android.view.Window.getNavigationBarColor, referenced from method org.chromium.base.ApiCompatibilityUtils.setStatusBarColor
02-03 13:10:19.601 W/dalvikvm(21555): VFY: unable to resolve virtual method 1144: Landroid/view/Window;.getNavigationBarColor ()I
02-03 13:10:19.601 D/dalvikvm(21555): VFY: replacing opcode 0x6e at 0x0010
02-03 13:10:19.601 I/dalvikvm(21555): Could not find method android.view.Window.setStatusBarColor, referenced from method org.chromium.base.ApiCompatibilityUtils.setStatusBarColor
02-03 13:10:19.601 W/dalvikvm(21555): VFY: unable to resolve virtual method 1149: Landroid/view/Window;.setStatusBarColor (I)V
02-03 13:10:19.601 D/dalvikvm(21555): VFY: replacing opcode 0x6e at 0x0019
02-03 13:10:19.601 E/dalvikvm(21555): Could not find class 'android.app.ActivityManager$TaskDescription', referenced from method org.chromium.base.ApiCompatibilityUtils.setTaskDescription
02-03 13:10:19.601 W/dalvikvm(21555): VFY: unable to resolve new-instance 11 (Landroid/app/ActivityManager$TaskDescription;) in Lorg/chromium/base/ApiCompatibilityUtils;
02-03 13:10:19.601 D/dalvikvm(21555): VFY: replacing opcode 0x22 at 0x0006
02-03 13:10:19.601 D/dalvikvm(21555): DexOpt: unable to opt direct call 0x001e at 0x08 in Lorg/chromium/base/ApiCompatibilityUtils;.setTaskDescription
02-03 13:10:19.601 I/chromium(21555): [INFO:xwalk_extension_renderer_controller.cc(47)] EXTENSION PROCESS DISABLED.
02-03 13:10:19.601 D/dalvikvm(15954): GC_FOR_ALLOC freed 3334K, 41% free 9902K/16616K, paused 5ms, total 6ms
02-03 13:10:19.611 D/dalvikvm(15954): GC_FOR_ALLOC freed 4142K, 44% free 9427K/16616K, paused 4ms, total 5ms
02-03 13:10:19.621 D/dalvikvm(15954): GC_FOR_ALLOC freed 3678K, 43% free 9588K/16616K, paused 5ms, total 5ms
02-03 13:10:19.631 D/dalvikvm(15954): GC_FOR_ALLOC freed 3371K, 43% free 9589K/16616K, paused 4ms, total 4ms
02-03 13:10:19.631 D/dalvikvm(15954): GC_FOR_ALLOC freed 3381K, 43% free 9591K/16616K, paused 4ms, total 4ms
02-03 13:10:19.641 D/dalvikvm(15954): GC_FOR_ALLOC freed 3392K, 43% free 9592K/16616K, paused 5ms, total 5ms
02-03 13:10:19.651 D/        (21555): droid_create_context : config id = 5 conf->NativeVisualID=1
02-03 13:10:19.651 D/        (21555): Pixel Format : GGL_PIXEL_FORMAT_RGBA_8888
02-03 13:10:19.651 I/        (21555): Requested context : GLES 2.0
02-03 13:10:19.651 D/dalvikvm(15954): GC_FOR_ALLOC freed 3403K, 43% free 9594K/16616K, paused 5ms, total 5ms
02-03 13:10:19.651 D/        (21555): Pixel Format : GGL_PIXEL_FORMAT_RGBA_8888
02-03 13:10:19.661 D/OpenGLRenderer(21555): Enabling debug mode 0
02-03 13:10:19.661 D/dalvikvm(15954): GC_FOR_ALLOC freed 3413K, 43% free 9595K/16616K, paused 5ms, total 5ms
02-03 13:10:19.671 D/dalvikvm(15954): GC_FOR_ALLOC freed 3425K, 43% free 9597K/16616K, paused 5ms, total 5ms
02-03 13:10:19.681 D/dalvikvm(15954): GC_FOR_ALLOC freed 3437K, 43% free 9599K/16616K, paused 5ms, total 5ms
02-03 13:10:19.681 D/dalvikvm(15954): GC_FOR_ALLOC freed 3448K, 43% free 9600K/16616K, paused 6ms, total 6ms
02-03 13:10:19.691 D/dalvikvm(15954): GC_FOR_ALLOC freed 3460K, 43% free 9602K/16616K, paused 5ms, total 5ms
02-03 13:10:19.691 D/        (21555): Pixel Format : GGL_PIXEL_FORMAT_RGBA_8888
02-03 13:10:19.691 D/        (21555): droid_create_context : config id = 1 conf->NativeVisualID=1
02-03 13:10:19.691 D/        (21555): Pixel Format : GGL_PIXEL_FORMAT_RGBA_8888
02-03 13:10:19.691 I/        (21555): Requested context : GLES 2.0
02-03 13:10:19.701 D/dalvikvm(15954): GC_FOR_ALLOC freed 3471K, 43% free 9604K/16616K, paused 5ms, total 5ms
02-03 13:10:19.711 D/dalvikvm(15954): GC_FOR_ALLOC freed 3481K, 43% free 9605K/16616K, paused 4ms, total 5ms
02-03 13:10:19.721 D/dalvikvm(15954): GC_FOR_ALLOC freed 3490K, 43% free 9606K/16616K, paused 4ms, total 4ms
02-03 13:10:19.731 D/dalvikvm(15954): GC_FOR_ALLOC freed 3500K, 43% free 9608K/16616K, paused 6ms, total 6ms
02-03 13:10:19.741 D/dalvikvm(15954): GC_FOR_ALLOC freed 3509K, 43% free 9609K/16616K, paused 9ms, total 10ms
02-03 13:10:19.741 W/BindingManager(21555): Cannot call determinedVisibility() - never saw a connection for the pid: 21555
02-03 13:10:19.741 I/ActivityManager(14542): Displayed org.xwalk.webapi_noneservice_tests/.WebapiNoneserviceTestsActivity: +901ms
02-03 13:10:19.751 D/XT9IME  (14763): new subtype :en_US ,keyboard
02-03 13:10:19.751 D/        (21555): Pixel Format : GGL_PIXEL_FORMAT_RGBA_8888
02-03 13:10:19.751 D/        (21555): droid_create_context : config id = 1 conf->NativeVisualID=1
02-03 13:10:19.751 D/        (21555): Pixel Format : GGL_PIXEL_FORMAT_RGBA_8888
02-03 13:10:19.751 I/        (21555): Requested context : GLES 2.0
02-03 13:10:19.761 D/dalvikvm(15954): GC_FOR_ALLOC freed 3518K, 43% free 9610K/16616K, paused 7ms, total 7ms
02-03 13:10:19.761 D/        (21555): Swap interval set to = 1 value
02-03 13:10:19.771 D/BatteryStatsImpl(14542): noteStopWakeLocked system isFromForeground = false
02-03 13:10:19.771 D/dalvikvm(15954): GC_FOR_ALLOC freed 3528K, 43% free 9612K/16616K, paused 8ms, total 8ms
02-03 13:10:19.781 D/dalvikvm(15954): GC_FOR_ALLOC freed 3537K, 43% free 9613K/16616K, paused 5ms, total 5ms
02-03 13:10:19.791 D/dalvikvm(15954): GC_FOR_ALLOC freed 3547K, 43% free 9615K/16616K, paused 5ms, total 5ms
02-03 13:10:19.801 D/dalvikvm(15954): GC_FOR_ALLOC freed 3560K, 43% free 9616K/16616K, paused 6ms, total 6ms
02-03 13:10:19.811 D/dalvikvm(15954): GC_FOR_ALLOC freed 3572K, 43% free 9618K/16616K, paused 6ms, total 6ms
02-03 13:10:19.821 D/dalvikvm(15954): GC_FOR_ALLOC freed 3583K, 43% free 9620K/16616K, paused 4ms, total 4ms
02-03 13:10:19.831 D/dalvikvm(15954): GC_FOR_ALLOC freed 3593K, 43% free 9621K/16616K, paused 5ms, total 5ms
02-03 13:10:19.831 D/dalvikvm(15954): GC_FOR_ALLOC freed 3604K, 43% free 9623K/16616K, paused 5ms, total 5ms
02-03 13:10:19.841 D/dalvikvm(15954): GC_FOR_ALLOC freed 3613K, 43% free 9624K/16616K, paused 4ms, total 4ms
02-03 13:10:19.851 D/dalvikvm(15954): GC_FOR_ALLOC freed 3623K, 43% free 9625K/16616K, paused 4ms, total 4ms
02-03 13:10:19.861 D/dalvikvm(15954): GC_FOR_ALLOC freed 3634K, 43% free 9627K/16616K, paused 4ms, total 4ms
02-03 13:10:19.871 D/dalvikvm(15954): GC_FOR_ALLOC freed 3298K, 44% free 9455K/16616K, paused 5ms, total 5ms
02-03 13:10:19.871 D/dalvikvm(15954): GC_FOR_ALLOC freed 3655K, 44% free 9456K/16616K, paused 4ms, total 4ms
02-03 13:10:19.881 D/dalvikvm(15954): GC_FOR_ALLOC freed 3665K, 44% free 9457K/16616K, paused 5ms, total 5ms
02-03 13:10:19.891 D/dalvikvm(15954): GC_FOR_ALLOC freed 3675K, 44% free 9458K/16616K, paused 5ms, total 5ms
02-03 13:10:19.901 D/dalvikvm(15954): GC_FOR_ALLOC freed 3684K, 44% free 9459K/16616K, paused 4ms, total 4ms
02-03 13:10:19.911 D/dalvikvm(15954): GC_FOR_ALLOC freed 3693K, 44% free 9460K/16616K, paused 4ms, total 4ms
02-03 13:10:19.921 D/dalvikvm(15954): GC_FOR_ALLOC freed 3703K, 44% free 9461K/16616K, paused 5ms, total 5ms
02-03 13:10:19.921 D/dalvikvm(15954): GC_FOR_ALLOC freed 3712K, 44% free 9462K/16616K, paused 4ms, total 4ms
02-03 13:10:19.931 D/dalvikvm(15954): GC_FOR_ALLOC freed 3722K, 44% free 9463K/16616K, paused 4ms, total 4ms
02-03 13:10:19.941 D/dalvikvm(15954): GC_FOR_ALLOC freed 3731K, 44% free 9464K/16616K, paused 4ms, total 4ms
02-03 13:10:19.951 D/dalvikvm(15954): GC_FOR_ALLOC freed 3740K, 44% free 9465K/16616K, paused 4ms, total 4ms
02-03 13:10:19.961 D/dalvikvm(15954): GC_FOR_ALLOC freed 3750K, 44% free 9465K/16616K, paused 4ms, total 4ms
02-03 13:10:19.961 D/dalvikvm(15954): GC_FOR_ALLOC freed 3759K, 44% free 9466K/16616K, paused 5ms, total 5ms
02-03 13:10:19.971 D/dalvikvm(15954): GC_FOR_ALLOC freed 3769K, 44% free 9467K/16616K, paused 4ms, total 4ms
02-03 13:10:19.981 D/dalvikvm(15954): GC_FOR_ALLOC freed 3778K, 44% free 9468K/16616K, paused 4ms, total 4ms
02-03 13:10:19.981 D/dalvikvm(15954): GC_FOR_ALLOC freed 3787K, 44% free 9469K/16616K, paused 4ms, total 4ms
02-03 13:10:19.991 D/dalvikvm(15954): GC_FOR_ALLOC freed 3797K, 44% free 9470K/16616K, paused 4ms, total 4ms
02-03 13:10:20.001 D/dalvikvm(15954): GC_FOR_ALLOC freed 3806K, 43% free 9471K/16616K, paused 4ms, total 4ms
02-03 13:10:20.001 D/dalvikvm(15954): GC_FOR_ALLOC freed 3816K, 43% free 9472K/16616K, paused 4ms, total 4ms
02-03 13:10:20.011 D/dalvikvm(15954): GC_FOR_ALLOC freed 3825K, 43% free 9473K/16616K, paused 4ms, total 4ms
02-03 13:10:20.021 D/dalvikvm(15954): GC_FOR_ALLOC freed 3859K, 43% free 9475K/16616K, paused 4ms, total 4ms
02-03 13:10:20.031 D/dalvikvm(15954): GC_FOR_ALLOC freed 3692K, 44% free 9463K/16616K, paused 4ms, total 4ms
02-03 13:10:20.031 D/dalvikvm(15954): GC_CONCURRENT freed 3659K, 41% free 9850K/16616K, paused 1ms+1ms, total 5ms
02-03 13:10:20.031 D/dalvikvm(15954): WAIT_FOR_CONCURRENT_GC blocked 4ms
02-03 13:10:20.041 D/dalvikvm(15954): GC_FOR_ALLOC freed 4628K, 49% free 8508K/16616K, paused 4ms, total 4ms
02-03 13:10:20.071 D/dalvikvm(15954): GC_FOR_ALLOC freed 3347K, 46% free 9081K/16616K, paused 2ms, total 2ms
02-03 13:10:20.131 D/dalvikvm(15954): GC_CONCURRENT freed 3992K, 45% free 9163K/16616K, paused 1ms+1ms, total 7ms
02-03 13:10:20.131 D/dalvikvm(15954): WAIT_FOR_CONCURRENT_GC blocked 6ms
02-03 13:10:20.141 D/dalvikvm(15954): GC_CONCURRENT freed 4011K, 45% free 9219K/16616K, paused 1ms+1ms, total 5ms
02-03 13:10:20.141 D/dalvikvm(15954): WAIT_FOR_CONCURRENT_GC blocked 4ms
02-03 13:10:20.151 D/dalvikvm(15954): GC_CONCURRENT freed 4094K, 45% free 9203K/16616K, paused 1ms+1ms, total 5ms
02-03 13:10:20.151 D/dalvikvm(15954): WAIT_FOR_CONCURRENT_GC blocked 4ms
02-03 13:10:20.161 D/dalvikvm(15954): GC_FOR_ALLOC freed 4030K, 45% free 9242K/16616K, paused 4ms, total 4ms
02-03 13:10:20.161 D/dalvikvm(15954): GC_CONCURRENT freed 3664K, 43% free 9602K/16616K, paused 0ms+1ms, total 6ms
02-03 13:10:20.171 D/dalvikvm(15954): GC_CONCURRENT freed 4452K, 45% free 9171K/16616K, paused 1ms+1ms, total 5ms
02-03 13:10:20.171 D/dalvikvm(15954): WAIT_FOR_CONCURRENT_GC blocked 4ms
02-03 13:10:20.181 D/dalvikvm(15954): GC_FOR_ALLOC freed 3986K, 45% free 9269K/16616K, paused 4ms, total 4ms
02-03 13:10:20.191 D/dalvikvm(15954): GC_CONCURRENT freed 3914K, 44% free 9403K/16616K, paused 1ms+1ms, total 6ms
02-03 13:10:20.191 D/dalvikvm(15954): WAIT_FOR_CONCURRENT_GC blocked 1ms
02-03 13:10:20.201 D/dalvikvm(15954): GC_CONCURRENT freed 4132K, 45% free 9275K/16616K, paused 1ms+1ms, total 6ms
02-03 13:10:20.201 D/dalvikvm(15954): WAIT_FOR_CONCURRENT_GC blocked 5ms
02-03 13:10:20.201 D/dalvikvm(15954): GC_FOR_ALLOC freed 4083K, 45% free 9234K/16616K, paused 5ms, total 5ms
02-03 13:10:20.211 D/dalvikvm(15954): GC_CONCURRENT freed 3854K, 44% free 9394K/16616K, paused 1ms+1ms, total 6ms
02-03 13:10:20.211 D/dalvikvm(15954): WAIT_FOR_CONCURRENT_GC blocked 2ms
02-03 13:10:20.221 D/dalvikvm(15954): GC_FOR_ALLOC freed 4228K, 45% free 9190K/16616K, paused 5ms, total 5ms
02-03 13:10:20.221 D/dalvikvm(15954): GC_CONCURRENT freed 3741K, 44% free 9460K/16616K, paused 0ms+1ms, total 7ms
02-03 13:10:20.221 D/dalvikvm(15954): WAIT_FOR_CONCURRENT_GC blocked 3ms
02-03 13:10:20.231 D/dalvikvm(15954): GC_FOR_ALLOC freed 4251K, 45% free 9237K/16616K, paused 4ms, total 4ms
02-03 13:10:20.241 D/dalvikvm(15954): GC_CONCURRENT freed 3834K, 44% free 9463K/16616K, paused 1ms+1ms, total 7ms
02-03 13:10:20.241 D/dalvikvm(15954): WAIT_FOR_CONCURRENT_GC blocked 2ms
02-03 13:10:20.251 D/dalvikvm(15954): GC_FOR_ALLOC freed 4201K, 45% free 9220K/16616K, paused 4ms, total 4ms
02-03 13:10:20.251 D/dalvikvm(15954): GC_CONCURRENT freed 3974K, 44% free 9330K/16616K, paused 0ms+1ms, total 5ms
02-03 13:10:20.251 D/dalvikvm(15954): WAIT_FOR_CONCURRENT_GC blocked 4ms
02-03 13:10:20.261 D/dalvikvm(15954): GC_FOR_ALLOC freed 4041K, 45% free 9277K/16616K, paused 4ms, total 4ms
02-03 13:10:20.271 D/dalvikvm(15954): GC_CONCURRENT freed 3656K, 42% free 9666K/16616K, paused 1ms+1ms, total 7ms
02-03 13:10:20.271 D/dalvikvm(15954): WAIT_FOR_CONCURRENT_GC blocked 2ms
02-03 13:10:20.271 D/dalvikvm(15954): GC_FOR_ALLOC freed 4311K, 44% free 9394K/16616K, paused 4ms, total 4ms
02-03 13:10:20.281 D/dalvikvm(15954): GC_CONCURRENT freed 173K, 44% free 9337K/16616K, paused 1ms+1ms, total 5ms
02-03 13:10:20.291 D/dalvikvm(15954): GC_FOR_ALLOC freed 3966K, 44% free 9398K/16616K, paused 4ms, total 4ms
02-03 13:10:20.291 D/dalvikvm(15954): GC_FOR_ALLOC freed 4123K, 45% free 9218K/16616K, paused 5ms, total 5ms
02-03 13:10:20.301 D/dalvikvm(15954): GC_FOR_ALLOC freed 4032K, 45% free 9279K/16616K, paused 4ms, total 4ms
02-03 13:10:20.311 D/dalvikvm(15954): GC_CONCURRENT freed 3558K, 42% free 9748K/16616K, paused 0ms+1ms, total 6ms
02-03 13:10:20.311 D/dalvikvm(15954): WAIT_FOR_CONCURRENT_GC blocked 2ms
02-03 13:10:20.311 D/dalvikvm(15954): GC_FOR_ALLOC freed 4517K, 44% free 9311K/16616K, paused 4ms, total 4ms
02-03 13:10:20.321 D/dalvikvm(15954): GC_CONCURRENT freed 3706K, 43% free 9570K/16616K, paused 1ms+1ms, total 6ms
02-03 13:10:20.321 D/dalvikvm(15954): WAIT_FOR_CONCURRENT_GC blocked 1ms
02-03 13:10:20.331 D/dalvikvm(15954): GC_FOR_ALLOC freed 4231K, 44% free 9311K/16616K, paused 4ms, total 4ms
02-03 13:10:20.331 D/dalvikvm(15954): GC_CONCURRENT freed 3366K, 41% free 9922K/16616K, paused 0ms+1ms, total 5ms
02-03 13:10:20.331 D/dalvikvm(15954): WAIT_FOR_CONCURRENT_GC blocked 1ms
02-03 13:10:20.341 D/dalvikvm(15954): GC_CONCURRENT freed 4589K, 44% free 9385K/16616K, paused 1ms+1ms, total 5ms
02-03 13:10:20.341 D/dalvikvm(15954): WAIT_FOR_CONCURRENT_GC blocked 4ms
02-03 13:10:20.351 D/dalvikvm(15954): GC_CONCURRENT freed 3973K, 44% free 9390K/16616K, paused 0ms+1ms, total 5ms
02-03 13:10:20.351 D/dalvikvm(15954): WAIT_FOR_CONCURRENT_GC blocked 4ms
02-03 13:10:20.361 D/dalvikvm(15954): GC_CONCURRENT freed 4040K, 44% free 9395K/16616K, paused 1ms+1ms, total 5ms
02-03 13:10:20.361 D/dalvikvm(15954): WAIT_FOR_CONCURRENT_GC blocked 4ms
02-03 13:10:20.361 D/dalvikvm(15954): GC_FOR_ALLOC freed 3889K, 44% free 9468K/16616K, paused 4ms, total 4ms
02-03 13:10:20.371 D/dalvikvm(15954): GC_FOR_ALLOC freed 4175K, 44% free 9320K/16616K, paused 4ms, total 4ms
02-03 13:10:20.381 D/dalvikvm(15954): GC_CONCURRENT freed 3408K, 41% free 9924K/16616K, paused 1ms+1ms, total 6ms
02-03 13:10:20.391 D/dalvikvm(15954): GC_CONCURRENT freed 4597K, 44% free 9323K/16616K, paused 0ms+1ms, total 5ms
02-03 13:10:20.391 D/dalvikvm(15954): WAIT_FOR_CONCURRENT_GC blocked 4ms
02-03 13:10:20.391 D/dalvikvm(15954): GC_CONCURRENT freed 3818K, 43% free 9510K/16616K, paused 0ms+1ms, total 5ms
02-03 13:10:20.391 D/dalvikvm(15954): WAIT_FOR_CONCURRENT_GC blocked 4ms
02-03 13:10:20.401 D/dalvikvm(15954): GC_CONCURRENT freed 4104K, 44% free 9437K/16616K, paused 1ms+1ms, total 5ms
02-03 13:10:20.401 D/dalvikvm(15954): WAIT_FOR_CONCURRENT_GC blocked 4ms
02-03 13:10:20.411 D/dalvikvm(15954): GC_FOR_ALLOC freed 4086K, 45% free 9277K/16616K, paused 4ms, total 4ms
02-03 13:10:20.421 D/dalvikvm(15954): GC_CONCURRENT freed 3815K, 44% free 9442K/16616K, paused 0ms+1ms, total 5ms
02-03 13:10:20.421 D/dalvikvm(15954): WAIT_FOR_CONCURRENT_GC blocked 5ms
02-03 13:10:20.421 D/dalvikvm(15954): GC_CONCURRENT freed 4034K, 44% free 9442K/16616K, paused 0ms+1ms, total 4ms
02-03 13:10:20.421 D/dalvikvm(15954): WAIT_FOR_CONCURRENT_GC blocked 5ms
02-03 13:10:20.431 D/dalvikvm(15954): GC_CONCURRENT freed 4084K, 44% free 9447K/16616K, paused 0ms+1ms, total 4ms
02-03 13:10:20.431 D/dalvikvm(15954): WAIT_FOR_CONCURRENT_GC blocked 4ms
02-03 13:10:20.441 D/dalvikvm(15954): GC_FOR_ALLOC freed 3886K, 43% free 9531K/16616K, paused 4ms, total 4ms
02-03 13:10:20.451 D/dalvikvm(15954): GC_CONCURRENT freed 2996K, 37% free 10555K/16616K, paused 1ms+1ms, total 6ms
02-03 13:10:20.451 D/dalvikvm(15954): GC_FOR_ALLOC freed 4653K, 45% free 9273K/16616K, paused 5ms, total 5ms
02-03 13:10:20.461 D/dalvikvm(15954): GC_FOR_ALLOC freed 3843K, 44% free 9358K/16616K, paused 5ms, total 5ms
02-03 13:10:20.471 D/dalvikvm(15954): GC_CONCURRENT freed 3970K, 44% free 9450K/16616K, paused 1ms+1ms, total 5ms
02-03 13:10:20.471 D/dalvikvm(15954): WAIT_FOR_CONCURRENT_GC blocked 4ms
02-03 13:10:20.471 D/dalvikvm(15954): GC_FOR_ALLOC freed 4106K, 44% free 9360K/16616K, paused 4ms, total 4ms
02-03 13:10:20.481 D/dalvikvm(15954): GC_CONCURRENT freed 3342K, 40% free 10018K/16616K, paused 1ms+1ms, total 7ms
02-03 13:10:20.481 D/dalvikvm(15954): WAIT_FOR_CONCURRENT_GC blocked 3ms
02-03 13:10:20.491 D/dalvikvm(15954): GC_FOR_ALLOC freed 4274K, 43% free 9572K/16616K, paused 4ms, total 4ms
02-03 13:10:20.501 D/dalvikvm(15954): GC_CONCURRENT freed 4143K, 43% free 9481K/16616K, paused 1ms+1ms, total 6ms
02-03 13:10:20.501 D/dalvikvm(15954): WAIT_FOR_CONCURRENT_GC blocked 5ms
02-03 13:10:20.501 D/dalvikvm(15954): GC_FOR_ALLOC freed 4091K, 45% free 9295K/16616K, paused 4ms, total 4ms
02-03 13:10:20.511 D/dalvikvm(15954): GC_FOR_ALLOC freed 3944K, 45% free 9292K/16616K, paused 4ms, total 4ms
02-03 13:10:20.521 D/dalvikvm(15954): GC_CONCURRENT freed 3788K, 43% free 9484K/16616K, paused 0ms+0ms, total 5ms
02-03 13:10:20.521 D/dalvikvm(15954): WAIT_FOR_CONCURRENT_GC blocked 4ms
02-03 13:10:20.531 D/dalvikvm(15954): GC_CONCURRENT freed 4014K, 43% free 9488K/16616K, paused 0ms+0ms, total 5ms
02-03 13:10:20.531 D/dalvikvm(15954): WAIT_FOR_CONCURRENT_GC blocked 4ms
02-03 13:10:20.531 D/dalvikvm(15954): GC_CONCURRENT freed 4052K, 43% free 9491K/16616K, paused 0ms+0ms, total 5ms
02-03 13:10:20.531 D/dalvikvm(15954): WAIT_FOR_CONCURRENT_GC blocked 5ms
02-03 13:10:20.541 D/dalvikvm(15954): GC_CONCURRENT freed 4093K, 43% free 9491K/16616K, paused 0ms+1ms, total 5ms
02-03 13:10:20.541 D/dalvikvm(15954): WAIT_FOR_CONCURRENT_GC blocked 5ms
02-03 13:10:20.551 D/dalvikvm(15954): GC_FOR_ALLOC freed 3830K, 43% free 9592K/16616K, paused 5ms, total 5ms
02-03 13:10:20.551 D/dalvikvm(15954): GC_FOR_ALLOC freed 3967K, 45% free 9295K/16616K, paused 4ms, total 4ms
02-03 13:10:20.561 D/dalvikvm(15954): GC_FOR_ALLOC freed 3696K, 43% free 9596K/16616K, paused 4ms, total 4ms
02-03 13:10:20.571 D/dalvikvm(15954): GC_CONCURRENT freed 3332K, 40% free 9995K/16616K, paused 1ms+1ms, total 7ms
02-03 13:10:20.571 D/dalvikvm(15954): WAIT_FOR_CONCURRENT_GC blocked 3ms
02-03 13:10:20.571 D/dalvikvm(15954): GC_FOR_ALLOC freed 3541K, 45% free 9295K/16616K, paused 4ms, total 4ms
02-03 13:10:20.581 D/dalvikvm(15954): GC_FOR_ALLOC freed 3780K, 43% free 9603K/16616K, paused 4ms, total 4ms
02-03 13:10:20.591 D/dalvikvm(15954): GC_CONCURRENT freed 3408K, 40% free 10043K/16616K, paused 1ms+1ms, total 6ms
02-03 13:10:20.591 D/dalvikvm(15954): WAIT_FOR_CONCURRENT_GC blocked 2ms
02-03 13:10:20.601 D/dalvikvm(15954): GC_FOR_ALLOC freed 3622K, 44% free 9328K/16616K, paused 5ms, total 5ms
02-03 13:10:20.601 D/dalvikvm(15954): GC_FOR_ALLOC freed 3866K, 44% free 9434K/16616K, paused 5ms, total 5ms
02-03 13:10:20.611 D/dalvikvm(15954): GC_CONCURRENT freed 3164K, 41% free 9959K/16616K, paused 1ms+1ms, total 6ms
02-03 13:10:20.611 D/dalvikvm(15954): WAIT_FOR_CONCURRENT_GC blocked 2ms
02-03 13:10:20.621 D/dalvikvm(15954): GC_FOR_ALLOC freed 3492K, 44% free 9438K/16616K, paused 4ms, total 4ms
02-03 13:10:20.621 D/dalvikvm(15954): GC_FOR_ALLOC freed 3734K, 44% free 9440K/16616K, paused 4ms, total 4ms
02-03 13:10:20.631 D/dalvikvm(15954): GC_FOR_ALLOC freed 3545K, 44% free 9335K/16616K, paused 5ms, total 5ms
02-03 13:10:20.641 D/dalvikvm(15954): GC_FOR_ALLOC freed 3785K, 44% free 9337K/16616K, paused 4ms, total 4ms
02-03 13:10:20.641 D/dalvikvm(15954): GC_FOR_ALLOC freed 3811K, 44% free 9338K/16616K, paused 4ms, total 4ms
02-03 13:10:20.651 D/dalvikvm(15954): GC_FOR_ALLOC freed 3837K, 44% free 9340K/16616K, paused 4ms, total 4ms
02-03 13:10:20.661 D/dalvikvm(15954): GC_FOR_ALLOC freed 3863K, 44% free 9341K/16616K, paused 4ms, total 4ms
02-03 13:10:20.661 D/dalvikvm(15954): GC_FOR_ALLOC freed 3889K, 44% free 9343K/16616K, paused 4ms, total 4ms
02-03 13:10:20.671 D/dalvikvm(15954): GC_FOR_ALLOC freed 3916K, 44% free 9344K/16616K, paused 5ms, total 5ms
02-03 13:10:20.681 D/dalvikvm(15954): GC_FOR_ALLOC freed 3942K, 44% free 9346K/16616K, paused 5ms, total 5ms
02-03 13:10:20.691 D/dalvikvm(15954): GC_FOR_ALLOC freed 3968K, 44% free 9347K/16616K, paused 5ms, total 5ms
02-03 13:10:20.691 D/dalvikvm(15954): GC_CONCURRENT freed 3653K, 42% free 9689K/16616K, paused 1ms+1ms, total 6ms
02-03 13:10:20.691 D/dalvikvm(15954): WAIT_FOR_CONCURRENT_GC blocked 1ms
02-03 13:10:20.701 D/dalvikvm(15954): GC_FOR_ALLOC freed 3785K, 44% free 9464K/16616K, paused 4ms, total 4ms
02-03 13:10:20.711 D/dalvikvm(15954): GC_FOR_ALLOC freed 3811K, 44% free 9352K/16616K, paused 5ms, total 5ms
02-03 13:10:20.711 D/dalvikvm(15954): GC_FOR_ALLOC freed 3485K, 42% free 9701K/16616K, paused 4ms, total 4ms
02-03 13:10:20.721 D/dalvikvm(15954): GC_FOR_ALLOC freed 3859K, 44% free 9355K/16616K, paused 4ms, total 4ms
02-03 13:10:20.731 D/dalvikvm(15954): GC_FOR_ALLOC freed 3530K, 42% free 9709K/16616K, paused 5ms, total 5ms
02-03 13:10:20.731 D/dalvikvm(15954): GC_FOR_ALLOC freed 3315K, 42% free 9712K/16616K, paused 4ms, total 4ms
02-03 13:10:20.741 D/dalvikvm(15954): GC_FOR_ALLOC freed 3333K, 42% free 9716K/16616K, paused 4ms, total 4ms
02-03 13:10:20.751 D/dalvikvm(15954): GC_FOR_ALLOC freed 3352K, 42% free 9719K/16616K, paused 5ms, total 5ms
02-03 13:10:20.751 W/BindingManager(21555): Cannot call determinedVisibility() - never saw a connection for the pid: 21555
02-03 13:10:20.751 D/dalvikvm(15954): GC_FOR_ALLOC freed 3371K, 42% free 9722K/16616K, paused 4ms, total 5ms
02-03 13:10:20.761 D/dalvikvm(15954): GC_FOR_ALLOC freed 3390K, 42% free 9726K/16616K, paused 5ms, total 5ms
02-03 13:10:20.771 D/dalvikvm(15954): GC_FOR_ALLOC freed 3409K, 42% free 9729K/16616K, paused 4ms, total 4ms
02-03 13:10:20.771 D/dalvikvm(15954): GC_FOR_ALLOC freed 3427K, 42% free 9732K/16616K, paused 4ms, total 4ms
02-03 13:10:20.781 D/dalvikvm(15954): GC_FOR_ALLOC freed 3446K, 42% free 9736K/16616K, paused 5ms, total 5ms
02-03 13:10:20.791 D/dalvikvm(15954): GC_FOR_ALLOC freed 3465K, 42% free 9739K/16616K, paused 4ms, total 4ms
02-03 13:10:20.801 D/dalvikvm(15954): GC_FOR_ALLOC freed 3484K, 42% free 9742K/16616K, paused 4ms, total 5ms
02-03 13:10:20.801 D/dalvikvm(15954): GC_FOR_ALLOC freed 3503K, 42% free 9746K/16616K, paused 4ms, total 4ms
02-03 13:10:20.811 D/dalvikvm(15954): GC_FOR_ALLOC freed 3522K, 42% free 9749K/16616K, paused 5ms, total 5ms
02-03 13:10:20.821 D/dalvikvm(15954): GC_FOR_ALLOC freed 3541K, 42% free 9753K/16616K, paused 4ms, total 5ms
02-03 13:10:20.831 D/dalvikvm(15954): GC_FOR_ALLOC freed 3559K, 42% free 9756K/16616K, paused 5ms, total 5ms
02-03 13:10:20.831 D/dalvikvm(15954): GC_FOR_ALLOC freed 3578K, 42% free 9759K/16616K, paused 5ms, total 5ms
02-03 13:10:20.841 D/dalvikvm(15954): GC_FOR_ALLOC freed 3596K, 42% free 9762K/16616K, paused 4ms, total 4ms
02-03 13:10:20.851 D/dalvikvm(15954): GC_FOR_ALLOC freed 3615K, 42% free 9766K/16616K, paused 5ms, total 5ms
02-03 13:10:20.861 D/dalvikvm(15954): GC_FOR_ALLOC freed 3634K, 43% free 9509K/16616K, paused 4ms, total 4ms
02-03 13:10:20.861 D/dalvikvm(15954): GC_FOR_ALLOC freed 3652K, 43% free 9511K/16616K, paused 5ms, total 5ms
02-03 13:10:20.871 D/dalvikvm(15954): GC_FOR_ALLOC freed 3671K, 43% free 9513K/16616K, paused 4ms, total 5ms
02-03 13:10:20.881 D/dalvikvm(15954): GC_FOR_ALLOC freed 3689K, 43% free 9515K/16616K, paused 5ms, total 5ms
02-03 13:10:20.891 D/dalvikvm(15954): GC_FOR_ALLOC freed 3708K, 43% free 9517K/16616K, paused 4ms, total 4ms
02-03 13:10:20.891 D/dalvikvm(15954): GC_FOR_ALLOC freed 3460K, 44% free 9387K/16616K, paused 4ms, total 4ms
02-03 13:10:20.901 D/dalvikvm(15954): GC_FOR_ALLOC freed 3744K, 44% free 9388K/16616K, paused 4ms, total 4ms
02-03 13:10:20.911 D/dalvikvm(15954): GC_FOR_ALLOC freed 3763K, 44% free 9389K/16616K, paused 4ms, total 4ms
02-03 13:10:20.911 D/dalvikvm(15954): GC_FOR_ALLOC freed 3783K, 44% free 9391K/16616K, paused 4ms, total 4ms
02-03 13:10:20.921 D/dalvikvm(15954): GC_FOR_ALLOC freed 3802K, 44% free 9392K/16616K, paused 5ms, total 5ms
02-03 13:10:20.931 D/dalvikvm(15954): GC_FOR_ALLOC freed 3820K, 44% free 9393K/16616K, paused 5ms, total 5ms
02-03 13:10:20.931 D/dalvikvm(15954): GC_FOR_ALLOC freed 3839K, 44% free 9395K/16616K, paused 5ms, total 5ms
02-03 13:10:20.941 D/dalvikvm(15954): GC_FOR_ALLOC freed 3858K, 44% free 9396K/16616K, paused 5ms, total 5ms
02-03 13:10:20.951 D/dalvikvm(15954): GC_FOR_ALLOC freed 3877K, 44% free 9397K/16616K, paused 5ms, total 5ms
02-03 13:10:20.961 D/dalvikvm(15954): GC_FOR_ALLOC freed 3896K, 44% free 9399K/16616K, paused 5ms, total 5ms
02-03 13:10:20.961 D/dalvikvm(15954): GC_FOR_ALLOC freed 3914K, 44% free 9400K/16616K, paused 5ms, total 5ms
02-03 13:10:20.971 D/dalvikvm(15954): GC_FOR_ALLOC freed 3229K, 41% free 9822K/16616K, paused 4ms, total 4ms
02-03 13:10:20.981 D/dalvikvm(15954): GC_FOR_ALLOC freed 3666K, 44% free 9403K/16616K, paused 4ms, total 4ms
02-03 13:10:20.981 D/dalvikvm(15954): GC_FOR_ALLOC freed 3256K, 41% free 9828K/16616K, paused 5ms, total 5ms
02-03 13:10:20.991 D/dalvikvm(15954): GC_FOR_ALLOC freed 3697K, 44% free 9405K/16616K, paused 4ms, total 4ms
02-03 13:10:21.001 D/dalvikvm(15954): GC_FOR_ALLOC freed 3283K, 41% free 9834K/16616K, paused 4ms, total 5ms
02-03 13:10:21.011 D/dalvikvm(15954): GC_FOR_ALLOC freed 3727K, 44% free 9407K/16616K, paused 5ms, total 5ms
02-03 13:10:21.011 D/dalvikvm(15954): GC_FOR_ALLOC freed 3310K, 41% free 9840K/16616K, paused 4ms, total 4ms
02-03 13:10:21.021 D/dalvikvm(15954): GC_FOR_ALLOC freed 3758K, 44% free 9410K/16616K, paused 5ms, total 5ms
02-03 13:10:21.031 D/dalvikvm(15954): GC_FOR_ALLOC freed 3337K, 41% free 9846K/16616K, paused 4ms, total 4ms
02-03 13:10:21.031 D/dalvikvm(15954): GC_FOR_ALLOC freed 3789K, 44% free 9412K/16616K, paused 4ms, total 4ms
02-03 13:10:21.041 D/dalvikvm(15954): GC_FOR_ALLOC freed 3364K, 41% free 9851K/16616K, paused 5ms, total 5ms
02-03 13:10:21.051 D/dalvikvm(15954): GC_FOR_ALLOC freed 3819K, 44% free 9414K/16616K, paused 4ms, total 4ms
02-03 13:10:21.061 D/dalvikvm(15954): GC_FOR_ALLOC freed 3391K, 41% free 9857K/16616K, paused 5ms, total 5ms
02-03 13:10:21.061 D/dalvikvm(15954): GC_FOR_ALLOC freed 3108K, 41% free 9860K/16616K, paused 5ms, total 5ms
02-03 13:10:21.071 D/dalvikvm(15954): GC_FOR_ALLOC freed 3863K, 44% free 9418K/16616K, paused 4ms, total 4ms
02-03 13:10:21.081 I/chromium(21555): [INFO:CONSOLE(0)] "Synchronous XMLHttpRequest on the main thread is deprecated because of its detrimental effects to the end user's experience. For more help, check http://xhr.spec.whatwg.org/.", source:  (0)
02-03 13:10:21.081 D/dalvikvm(15954): GC_FOR_ALLOC freed 3430K, 43% free 9567K/16616K, paused 6ms, total 6ms
02-03 13:10:21.091 D/dalvikvm(15954): GC_FOR_ALLOC freed 3143K, 41% free 9868K/16616K, paused 4ms, total 5ms
02-03 13:10:21.091 D/dalvikvm(15954): GC_FOR_ALLOC freed 3154K, 41% free 9871K/16616K, paused 4ms, total 4ms
02-03 13:10:21.101 D/dalvikvm(15954): GC_FOR_ALLOC freed 3920K, 44% free 9422K/16616K, paused 4ms, total 4ms
02-03 13:10:21.111 D/dalvikvm(15954): GC_FOR_ALLOC freed 3480K, 43% free 9574K/16616K, paused 4ms, total 4ms
02-03 13:10:21.121 D/dalvikvm(15954): GC_FOR_ALLOC freed 3189K, 41% free 9879K/16616K, paused 5ms, total 5ms
02-03 13:10:21.121 D/dalvikvm(15954): GC_FOR_ALLOC freed 3200K, 41% free 9882K/16616K, paused 5ms, total 5ms
02-03 13:10:21.131 D/dalvikvm(15954): GC_FOR_ALLOC freed 3976K, 44% free 9426K/16616K, paused 4ms, total 4ms
02-03 13:10:21.141 D/dalvikvm(15954): GC_FOR_ALLOC freed 3530K, 43% free 9580K/16616K, paused 5ms, total 5ms
02-03 13:10:21.151 D/dalvikvm(15954): GC_FOR_ALLOC freed 3235K, 41% free 9890K/16616K, paused 4ms, total 4ms
02-03 13:10:21.151 D/dalvikvm(15954): GC_FOR_ALLOC freed 3245K, 41% free 9893K/16616K, paused 4ms, total 4ms
02-03 13:10:21.161 D/        (21555): Pixel Format : GGL_PIXEL_FORMAT_RGBA_8888
02-03 13:10:21.161 D/        (21555): droid_create_context : config id = 1 conf->NativeVisualID=1
02-03 13:10:21.161 D/        (21555): Pixel Format : GGL_PIXEL_FORMAT_RGBA_8888
02-03 13:10:21.161 I/        (21555): Requested context : GLES 2.0
02-03 13:10:21.161 D/dalvikvm(15954): GC_FOR_ALLOC freed 4033K, 44% free 9431K/16616K, paused 5ms, total 5ms
02-03 13:10:21.171 D/dalvikvm(15954): GC_FOR_ALLOC freed 3581K, 43% free 9587K/16616K, paused 4ms, total 4ms
02-03 13:10:21.181 D/dalvikvm(15954): GC_FOR_ALLOC freed 3281K, 41% free 9901K/16616K, paused 5ms, total 5ms
02-03 13:10:21.191 D/dalvikvm(15954): GC_FOR_ALLOC freed 3291K, 41% free 9904K/16616K, paused 5ms, total 5ms
02-03 13:10:21.191 D/dalvikvm(15954): GC_FOR_ALLOC freed 4090K, 44% free 9435K/16616K, paused 5ms, total 5ms
02-03 13:10:21.201 D/dalvikvm(15954): GC_FOR_ALLOC freed 3631K, 43% free 9594K/16616K, paused 5ms, total 5ms
02-03 13:10:21.211 D/dalvikvm(15954): GC_FOR_ALLOC freed 3327K, 41% free 9912K/16616K, paused 5ms, total 5ms
02-03 13:10:21.221 D/dalvikvm(15954): GC_FOR_ALLOC freed 3337K, 41% free 9914K/16616K, paused 4ms, total 4ms
02-03 13:10:21.231 D/dalvikvm(15954): GC_FOR_ALLOC freed 4147K, 44% free 9440K/16616K, paused 5ms, total 5ms
02-03 13:10:21.231 D/dalvikvm(15954): GC_FOR_ALLOC freed 3682K, 43% free 9600K/16616K, paused 4ms, total 4ms
02-03 13:10:21.241 D/dalvikvm(15954): GC_FOR_ALLOC freed 3374K, 43% free 9602K/16616K, paused 4ms, total 4ms
02-03 13:10:21.251 D/dalvikvm(15954): GC_FOR_ALLOC freed 3384K, 43% free 9603K/16616K, paused 4ms, total 4ms
02-03 13:10:21.251 D/dalvikvm(15954): GC_FOR_ALLOC freed 3396K, 43% free 9605K/16616K, paused 5ms, total 5ms
02-03 13:10:21.261 D/dalvikvm(15954): GC_FOR_ALLOC freed 3406K, 43% free 9606K/16616K, paused 4ms, total 4ms
02-03 13:10:21.271 D/dalvikvm(15954): GC_FOR_ALLOC freed 3417K, 43% free 9608K/16616K, paused 4ms, total 4ms
02-03 13:10:21.271 D/dalvikvm(15954): GC_FOR_ALLOC freed 3429K, 43% free 9610K/16616K, paused 4ms, total 4ms
02-03 13:10:21.281 D/dalvikvm(15954): GC_FOR_ALLOC freed 3440K, 43% free 9611K/16616K, paused 4ms, total 4ms
02-03 13:10:21.291 D/dalvikvm(15954): GC_FOR_ALLOC freed 3452K, 43% free 9613K/16616K, paused 4ms, total 4ms
02-03 13:10:21.291 D/dalvikvm(15954): GC_FOR_ALLOC freed 3464K, 43% free 9615K/16616K, paused 4ms, total 4ms
02-03 13:10:21.301 D/dalvikvm(15954): GC_FOR_ALLOC freed 3474K, 43% free 9616K/16616K, paused 4ms, total 4ms
02-03 13:10:21.301 D/dalvikvm(15954): GC_FOR_ALLOC freed 3484K, 43% free 9617K/16616K, paused 4ms, total 4ms
02-03 13:10:21.311 D/dalvikvm(15954): GC_FOR_ALLOC freed 3493K, 43% free 9619K/16616K, paused 5ms, total 5ms
02-03 13:10:21.321 D/dalvikvm(15954): GC_FOR_ALLOC freed 3503K, 43% free 9620K/16616K, paused 4ms, total 4ms
02-03 13:10:21.321 D/dalvikvm(15954): GC_FOR_ALLOC freed 3512K, 43% free 9621K/16616K, paused 4ms, total 4ms
02-03 13:10:21.331 D/dalvikvm(15954): GC_FOR_ALLOC freed 3522K, 43% free 9623K/16616K, paused 4ms, total 4ms
02-03 13:10:21.341 D/dalvikvm(15954): GC_FOR_ALLOC freed 3531K, 43% free 9624K/16616K, paused 4ms, total 4ms
02-03 13:10:21.341 D/dalvikvm(15954): GC_FOR_ALLOC freed 3540K, 43% free 9626K/16616K, paused 4ms, total 4ms
02-03 13:10:21.351 D/dalvikvm(15954): GC_FOR_ALLOC freed 3551K, 43% free 9627K/16616K, paused 4ms, total 4ms
02-03 13:10:21.361 D/dalvikvm(15954): GC_FOR_ALLOC freed 3564K, 43% free 9629K/16616K, paused 4ms, total 4ms
02-03 13:10:21.361 D/dalvikvm(15954): GC_FOR_ALLOC freed 3576K, 43% free 9631K/16616K, paused 4ms, total 4ms
02-03 13:10:21.371 D/dalvikvm(15954): GC_FOR_ALLOC freed 3586K, 43% free 9632K/16616K, paused 4ms, total 5ms
02-03 13:10:21.381 D/dalvikvm(15954): GC_FOR_ALLOC freed 3597K, 43% free 9634K/16616K, paused 4ms, total 4ms
02-03 13:10:21.381 D/dalvikvm(15954): GC_FOR_ALLOC freed 3607K, 43% free 9635K/16616K, paused 5ms, total 5ms
02-03 13:10:21.391 D/dalvikvm(15954): GC_FOR_ALLOC freed 3616K, 43% free 9636K/16616K, paused 4ms, total 4ms
02-03 13:10:21.401 D/dalvikvm(15954): GC_FOR_ALLOC freed 3281K, 44% free 9466K/16616K, paused 5ms, total 5ms
02-03 13:10:21.401 D/dalvikvm(15954): GC_FOR_ALLOC freed 3637K, 44% free 9467K/16616K, paused 4ms, total 4ms
02-03 13:10:21.411 D/dalvikvm(15954): GC_FOR_ALLOC freed 3648K, 44% free 9468K/16616K, paused 5ms, total 5ms
02-03 13:10:21.421 D/dalvikvm(15954): GC_FOR_ALLOC freed 3659K, 44% free 9469K/16616K, paused 4ms, total 4ms
02-03 13:10:21.421 D/dalvikvm(15954): GC_FOR_ALLOC freed 3668K, 44% free 9470K/16616K, paused 4ms, total 4ms
02-03 13:10:21.431 D/dalvikvm(15954): GC_FOR_ALLOC freed 3678K, 44% free 9471K/16616K, paused 5ms, total 5ms
02-03 13:10:21.441 D/dalvikvm(15954): GC_FOR_ALLOC freed 3687K, 43% free 9471K/16616K, paused 4ms, total 4ms
02-03 13:10:21.441 D/dalvikvm(15954): GC_FOR_ALLOC freed 3696K, 43% free 9472K/16616K, paused 4ms, total 4ms
02-03 13:10:21.451 D/dalvikvm(15954): GC_FOR_ALLOC freed 3706K, 43% free 9473K/16616K, paused 4ms, total 4ms
02-03 13:10:21.461 D/dalvikvm(15954): GC_FOR_ALLOC freed 3715K, 43% free 9474K/16616K, paused 4ms, total 4ms
02-03 13:10:21.461 D/dalvikvm(15954): GC_FOR_ALLOC freed 3725K, 43% free 9475K/16616K, paused 4ms, total 4ms
02-03 13:10:21.471 D/dalvikvm(15954): GC_FOR_ALLOC freed 3734K, 43% free 9476K/16616K, paused 4ms, total 4ms
02-03 13:10:21.481 D/dalvikvm(15954): GC_FOR_ALLOC freed 3744K, 43% free 9477K/16616K, paused 4ms, total 4ms
02-03 13:10:21.481 D/dalvikvm(15954): GC_FOR_ALLOC freed 3753K, 43% free 9478K/16616K, paused 5ms, total 5ms
02-03 13:10:21.491 D/dalvikvm(15954): GC_FOR_ALLOC freed 3762K, 43% free 9479K/16616K, paused 4ms, total 4ms
02-03 13:10:21.501 D/dalvikvm(15954): GC_FOR_ALLOC freed 3772K, 43% free 9480K/16616K, paused 4ms, total 4ms
02-03 13:10:21.501 D/dalvikvm(15954): GC_FOR_ALLOC freed 3781K, 43% free 9480K/16616K, paused 4ms, total 4ms
02-03 13:10:21.511 D/dalvikvm(15954): GC_FOR_ALLOC freed 3791K, 43% free 9481K/16616K, paused 4ms, total 4ms
02-03 13:10:21.521 D/dalvikvm(15954): GC_FOR_ALLOC freed 3800K, 43% free 9482K/16616K, paused 4ms, total 4ms
02-03 13:10:21.521 D/dalvikvm(15954): GC_FOR_ALLOC freed 3809K, 43% free 9483K/16616K, paused 4ms, total 4ms
02-03 13:10:21.531 D/dalvikvm(15954): GC_FOR_ALLOC freed 3819K, 43% free 9484K/16616K, paused 5ms, total 5ms
02-03 13:10:21.541 D/dalvikvm(15954): GC_FOR_ALLOC freed 3828K, 43% free 9485K/16616K, paused 4ms, total 4ms
02-03 13:10:21.541 D/dalvikvm(15954): GC_CONCURRENT freed 3985K, 43% free 9485K/16616K, paused 0ms+1ms, total 5ms
02-03 13:10:21.541 D/dalvikvm(15954): WAIT_FOR_CONCURRENT_GC blocked 4ms
02-03 13:10:21.551 D/dalvikvm(15954): GC_FOR_ALLOC freed 3633K, 43% free 9471K/16616K, paused 4ms, total 4ms
02-03 13:10:21.561 D/dalvikvm(15954): GC_CONCURRENT freed 3671K, 41% free 9858K/16616K, paused 1ms+1ms, total 5ms
02-03 13:10:21.561 D/dalvikvm(15954): WAIT_FOR_CONCURRENT_GC blocked 4ms
02-03 13:10:21.571 D/dalvikvm(15954): GC_FOR_ALLOC freed 3275K, 49% free 8516K/16616K, paused 4ms, total 4ms
02-03 13:10:21.601 D/dalvikvm(15954): GC_FOR_ALLOC freed 3347K, 46% free 9089K/16616K, paused 3ms, total 3ms
02-03 13:10:21.661 D/dalvikvm(15954): GC_CONCURRENT freed 3992K, 45% free 9171K/16616K, paused 1ms+1ms, total 7ms
02-03 13:10:21.661 D/dalvikvm(15954): WAIT_FOR_CONCURRENT_GC blocked 6ms
02-03 13:10:21.671 D/dalvikvm(15954): GC_CONCURRENT freed 4054K, 45% free 9184K/16616K, paused 1ms+1ms, total 5ms
02-03 13:10:21.671 D/dalvikvm(15954): WAIT_FOR_CONCURRENT_GC blocked 4ms
02-03 13:10:21.681 D/dalvikvm(15954): GC_CONCURRENT freed 4051K, 45% free 9211K/16616K, paused 1ms+1ms, total 5ms
02-03 13:10:21.681 D/dalvikvm(15954): WAIT_FOR_CONCURRENT_GC blocked 4ms
02-03 13:10:21.691 D/dalvikvm(15954): GC_CONCURRENT freed 4101K, 45% free 9199K/16616K, paused 0ms+1ms, total 5ms
02-03 13:10:21.691 D/dalvikvm(15954): WAIT_FOR_CONCURRENT_GC blocked 4ms
02-03 13:10:21.691 D/dalvikvm(15954): GC_CONCURRENT freed 4081K, 45% free 9177K/16616K, paused 0ms+1ms, total 4ms
02-03 13:10:21.691 D/dalvikvm(15954): WAIT_FOR_CONCURRENT_GC blocked 4ms
02-03 13:10:21.701 D/dalvikvm(15954): GC_FOR_ALLOC freed 4026K, 45% free 9210K/16616K, paused 4ms, total 4ms
02-03 13:10:21.711 D/dalvikvm(15954): GC_CONCURRENT freed 3925K, 44% free 9346K/16616K, paused 1ms+1ms, total 5ms
02-03 13:10:21.711 D/dalvikvm(15954): WAIT_FOR_CONCURRENT_GC blocked 4ms
02-03 13:10:21.721 D/dalvikvm(15954): GC_CONCURRENT freed 4073K, 44% free 9358K/16616K, paused 0ms+1ms, total 5ms
02-03 13:10:21.721 D/dalvikvm(15954): WAIT_FOR_CONCURRENT_GC blocked 4ms
02-03 13:10:21.731 D/dalvikvm(15954): GC_FOR_ALLOC freed 4125K, 45% free 9289K/16616K, paused 5ms, total 5ms
02-03 13:10:21.741 D/dalvikvm(15954): GC_CONCURRENT freed 4050K, 45% free 9284K/16616K, paused 1ms+1ms, total 6ms
02-03 13:10:21.741 D/dalvikvm(15954): GC_CONCURRENT freed 4021K, 44% free 9327K/16616K, paused 0ms+0ms, total 5ms
02-03 13:10:21.741 D/dalvikvm(15954): WAIT_FOR_CONCURRENT_GC blocked 4ms
02-03 13:10:21.751 D/dalvikvm(15954): GC_CONCURRENT freed 4029K, 44% free 9333K/16616K, paused 1ms+1ms, total 5ms
02-03 13:10:21.751 D/dalvikvm(15954): WAIT_FOR_CONCURRENT_GC blocked 4ms
02-03 13:10:21.761 D/dalvikvm(15954): GC_FOR_ALLOC freed 4111K, 45% free 9198K/16616K, paused 5ms, total 5ms
02-03 13:10:21.771 D/dalvikvm(15954): GC_CONCURRENT freed 3895K, 44% free 9338K/16616K, paused 0ms+1ms, total 6ms
02-03 13:10:21.771 D/dalvikvm(15954): WAIT_FOR_CONCURRENT_GC blocked 2ms
02-03 13:10:21.771 D/dalvikvm(15954): GC_CONCURRENT freed 4073K, 44% free 9347K/16616K, paused 1ms+1ms, total 5ms
02-03 13:10:21.771 D/dalvikvm(15954): WAIT_FOR_CONCURRENT_GC blocked 4ms
02-03 13:10:21.781 D/dalvikvm(15954): GC_CONCURRENT freed 4115K, 44% free 9305K/16616K, paused 1ms+1ms, total 5ms
02-03 13:10:21.781 D/dalvikvm(15954): WAIT_FOR_CONCURRENT_GC blocked 4ms
02-03 13:10:21.791 D/dalvikvm(15954): GC_CONCURRENT freed 3932K, 44% free 9468K/16616K, paused 0ms+0ms, total 5ms
02-03 13:10:21.791 D/dalvikvm(15954): WAIT_FOR_CONCURRENT_GC blocked 4ms
02-03 13:10:21.801 D/dalvikvm(15954): GC_FOR_ALLOC freed 4213K, 45% free 9286K/16616K, paused 4ms, total 4ms
02-03 13:10:21.801 D/dalvikvm(15954): GC_CONCURRENT freed 3666K, 42% free 9676K/16616K, paused 1ms+1ms, total 6ms
02-03 13:10:21.811 D/dalvikvm(15954): WAIT_FOR_CONCURRENT_GC blocked 2ms
02-03 13:10:21.811 D/dalvikvm(15954): GC_FOR_ALLOC freed 4322K, 44% free 9403K/16616K, paused 5ms, total 5ms
02-03 13:10:21.821 D/dalvikvm(15954): GC_CONCURRENT freed 3743K, 42% free 9695K/16616K, paused 0ms+1ms, total 6ms
02-03 13:10:21.821 D/dalvikvm(15954): WAIT_FOR_CONCURRENT_GC blocked 2ms
02-03 13:10:21.831 D/dalvikvm(15954): GC_CONCURRENT freed 4415K, 44% free 9353K/16616K, paused 1ms+1ms, total 5ms
02-03 13:10:21.831 D/dalvikvm(15954): WAIT_FOR_CONCURRENT_GC blocked 4ms
02-03 13:10:21.831 D/dalvikvm(15954): GC_FOR_ALLOC freed 4039K, 45% free 9229K/16616K, paused 5ms, total 5ms
02-03 13:10:21.841 D/dalvikvm(15954): GC_CONCURRENT freed 3869K, 44% free 9360K/16616K, paused 1ms+1ms, total 5ms
02-03 13:10:21.841 D/dalvikvm(15954): WAIT_FOR_CONCURRENT_GC blocked 4ms
02-03 13:10:21.851 D/dalvikvm(15954): GC_CONCURRENT freed 4084K, 44% free 9361K/16616K, paused 1ms+1ms, total 5ms
02-03 13:10:21.851 D/dalvikvm(15954): WAIT_FOR_CONCURRENT_GC blocked 4ms
02-03 13:10:21.861 D/dalvikvm(15954): GC_FOR_ALLOC freed 3967K, 44% free 9428K/16616K, paused 5ms, total 5ms
02-03 13:10:21.861 D/dalvikvm(15954): GC_CONCURRENT freed 3648K, 42% free 9693K/16616K, paused 1ms+1ms, total 6ms
02-03 13:10:21.861 D/dalvikvm(15954): WAIT_FOR_CONCURRENT_GC blocked 2ms
02-03 13:10:21.871 D/dalvikvm(15954): GC_CONCURRENT freed 4450K, 44% free 9327K/16616K, paused 0ms+1ms, total 5ms
02-03 13:10:21.871 D/dalvikvm(15954): WAIT_FOR_CONCURRENT_GC blocked 4ms
02-03 13:10:21.881 D/dalvikvm(15954): GC_FOR_ALLOC freed 4126K, 45% free 9257K/16616K, paused 4ms, total 4ms
02-03 13:10:21.891 D/dalvikvm(15954): GC_CONCURRENT freed 3280K, 41% free 9960K/16616K, paused 1ms+1ms, total 7ms
02-03 13:10:21.891 D/dalvikvm(15954): WAIT_FOR_CONCURRENT_GC blocked 2ms
02-03 13:10:21.891 D/dalvikvm(15954): GC_FOR_ALLOC freed 4541K, 43% free 9471K/16616K, paused 5ms, total 5ms
02-03 13:10:21.901 D/dalvikvm(15954): GC_CONCURRENT freed 3608K, 41% free 9833K/16616K, paused 1ms+1ms, total 6ms
02-03 13:10:21.901 D/dalvikvm(15954): WAIT_FOR_CONCURRENT_GC blocked 2ms
02-03 13:10:21.911 D/dalvikvm(15954): GC_FOR_ALLOC freed 4541K, 45% free 9250K/16616K, paused 5ms, total 5ms
02-03 13:10:21.921 D/dalvikvm(15954): GC_FOR_ALLOC freed 3866K, 43% free 9476K/16616K, paused 5ms, total 5ms
02-03 13:10:21.921 D/dalvikvm(15954): GC_CONCURRENT freed 3622K, 42% free 9779K/16616K, paused 1ms+1ms, total 6ms
02-03 13:10:21.921 D/dalvikvm(15954): WAIT_FOR_CONCURRENT_GC blocked 2ms
02-03 13:10:21.931 D/dalvikvm(15954): GC_FOR_ALLOC freed 4512K, 44% free 9355K/16616K, paused 4ms, total 4ms
02-03 13:10:21.941 D/dalvikvm(15954): GC_CONCURRENT freed 3486K, 41% free 9903K/16616K, paused 1ms+1ms, total 7ms
02-03 13:10:21.941 D/dalvikvm(15954): WAIT_FOR_CONCURRENT_GC blocked 2ms
02-03 13:10:21.941 D/dalvikvm(15954): GC_CONCURRENT freed 4564K, 44% free 9434K/16616K, paused 0ms+1ms, total 5ms
02-03 13:10:21.941 D/dalvikvm(15954): WAIT_FOR_CONCURRENT_GC blocked 4ms
02-03 13:10:21.951 D/dalvikvm(15954): GC_CONCURRENT freed 3983K, 44% free 9439K/16616K, paused 0ms+1ms, total 5ms
02-03 13:10:21.951 D/dalvikvm(15954): WAIT_FOR_CONCURRENT_GC blocked 5ms
02-03 13:10:21.961 D/dalvikvm(15954): GC_CONCURRENT freed 4038K, 44% free 9443K/16616K, paused 1ms+1ms, total 5ms
02-03 13:10:21.961 D/dalvikvm(15954): WAIT_FOR_CONCURRENT_GC blocked 4ms
02-03 13:10:21.971 D/dalvikvm(15954): GC_CONCURRENT freed 4091K, 44% free 9448K/16616K, paused 1ms+1ms, total 5ms
02-03 13:10:21.971 D/dalvikvm(15954): WAIT_FOR_CONCURRENT_GC blocked 4ms
02-03 13:10:21.981 D/dalvikvm(15954): GC_CONCURRENT freed 3894K, 43% free 9532K/16616K, paused 1ms+1ms, total 5ms
02-03 13:10:21.981 D/dalvikvm(15954): WAIT_FOR_CONCURRENT_GC blocked 4ms
02-03 13:10:21.981 D/dalvikvm(15954): GC_FOR_ALLOC freed 4197K, 44% free 9361K/16616K, paused 4ms, total 4ms
02-03 13:10:21.991 D/dalvikvm(15954): GC_CONCURRENT freed 3645K, 42% free 9703K/16616K, paused 1ms+1ms, total 7ms
02-03 13:10:21.991 D/dalvikvm(15954): WAIT_FOR_CONCURRENT_GC blocked 2ms
02-03 13:10:22.001 D/dalvikvm(15954): GC_FOR_ALLOC freed 4285K, 44% free 9359K/16616K, paused 5ms, total 5ms
02-03 13:10:22.001 D/dalvikvm(15954): GC_CONCURRENT freed 3988K, 44% free 9447K/16616K, paused 1ms+1ms, total 5ms
02-03 13:10:22.001 D/dalvikvm(15954): WAIT_FOR_CONCURRENT_GC blocked 4ms
02-03 13:10:22.011 D/dalvikvm(15954): GC_CONCURRENT freed 4119K, 44% free 9389K/16616K, paused 1ms+1ms, total 5ms
02-03 13:10:22.011 D/dalvikvm(15954): WAIT_FOR_CONCURRENT_GC blocked 4ms
02-03 13:10:22.021 D/dalvikvm(15954): GC_FOR_ALLOC freed 3802K, 43% free 9569K/16616K, paused 4ms, total 4ms
02-03 13:10:22.031 D/dalvikvm(15954): GC_CONCURRENT freed 3664K, 41% free 9930K/16616K, paused 1ms+1ms, total 6ms
02-03 13:10:22.031 D/dalvikvm(15954): WAIT_FOR_CONCURRENT_GC blocked 2ms
02-03 13:10:22.031 D/dalvikvm(15954): GC_FOR_ALLOC freed 4516K, 45% free 9293K/16616K, paused 4ms, total 5ms
02-03 13:10:22.041 D/dalvikvm(15954): GC_FOR_ALLOC freed 3919K, 45% free 9291K/16616K, paused 5ms, total 5ms
02-03 13:10:22.051 D/dalvikvm(15954): GC_FOR_ALLOC freed 3957K, 45% free 9289K/16616K, paused 4ms, total 4ms
02-03 13:10:22.061 D/dalvikvm(15954): GC_CONCURRENT freed 3800K, 43% free 9481K/16616K, paused 1ms+1ms, total 5ms
02-03 13:10:22.061 D/dalvikvm(15954): WAIT_FOR_CONCURRENT_GC blocked 4ms
02-03 13:10:22.061 D/dalvikvm(15954): GC_CONCURRENT freed 4030K, 43% free 9481K/16616K, paused 1ms+1ms, total 5ms
02-03 13:10:22.061 D/dalvikvm(15954): WAIT_FOR_CONCURRENT_GC blocked 4ms
02-03 13:10:22.071 D/dalvikvm(15954): GC_CONCURRENT freed 4064K, 43% free 9484K/16616K, paused 1ms+1ms, total 5ms
02-03 13:10:22.071 D/dalvikvm(15954): WAIT_FOR_CONCURRENT_GC blocked 4ms
02-03 13:10:22.081 D/dalvikvm(15954): GC_FOR_ALLOC freed 3811K, 43% free 9581K/16616K, paused 4ms, total 4ms
02-03 13:10:22.091 D/dalvikvm(15954): GC_CONCURRENT freed 4140K, 44% free 9416K/16616K, paused 1ms+1ms, total 6ms
02-03 13:10:22.091 D/dalvikvm(15954): WAIT_FOR_CONCURRENT_GC blocked 5ms
02-03 13:10:22.091 D/dalvikvm(15954): GC_FOR_ALLOC freed 3979K, 44% free 9315K/16616K, paused 4ms, total 4ms
02-03 13:10:22.101 D/dalvikvm(15954): GC_FOR_ALLOC freed 3707K, 43% free 9617K/16616K, paused 4ms, total 4ms
02-03 13:10:22.111 D/dalvikvm(15954): GC_CONCURRENT freed 3342K, 40% free 10017K/16616K, paused 1ms+1ms, total 6ms
02-03 13:10:22.111 D/dalvikvm(15954): WAIT_FOR_CONCURRENT_GC blocked 2ms
02-03 13:10:22.111 D/dalvikvm(15954): GC_FOR_ALLOC freed 3755K, 44% free 9417K/16616K, paused 5ms, total 5ms
02-03 13:10:22.121 D/dalvikvm(15954): GC_CONCURRENT freed 3897K, 43% free 9524K/16616K, paused 0ms+1ms, total 4ms
02-03 13:10:22.121 D/dalvikvm(15954): WAIT_FOR_CONCURRENT_GC blocked 5ms
02-03 13:10:22.131 D/dalvikvm(15954): GC_FOR_ALLOC freed 4035K, 44% free 9418K/16616K, paused 4ms, total 4ms
02-03 13:10:22.131 D/dalvikvm(15954): GC_FOR_ALLOC freed 3647K, 43% free 9629K/16616K, paused 4ms, total 4ms
02-03 13:10:22.141 D/dalvikvm(15954): GC_FOR_ALLOC freed 3676K, 44% free 9423K/16616K, paused 5ms, total 5ms
02-03 13:10:22.151 D/dalvikvm(15954): GC_FOR_ALLOC freed 3703K, 42% free 9637K/16616K, paused 4ms, total 4ms
02-03 13:10:22.151 D/dalvikvm(15954): GC_FOR_ALLOC freed 3729K, 44% free 9428K/16616K, paused 4ms, total 4ms
02-03 13:10:22.161 D/dalvikvm(15954): GC_CONCURRENT freed 3755K, 42% free 9645K/16616K, paused 1ms+1ms, total 5ms
02-03 13:10:22.161 D/dalvikvm(15954): WAIT_FOR_CONCURRENT_GC blocked 4ms
02-03 13:10:22.181 D/dalvikvm(15954): GC_FOR_ALLOC freed 3565K, 44% free 9325K/16616K, paused 4ms, total 4ms
02-03 13:10:22.191 D/dalvikvm(15954): GC_FOR_ALLOC freed 3806K, 44% free 9326K/16616K, paused 5ms, total 5ms
02-03 13:10:22.191 D/dalvikvm(15954): GC_FOR_ALLOC freed 3832K, 44% free 9328K/16616K, paused 4ms, total 4ms
02-03 13:10:22.201 D/dalvikvm(15954): GC_FOR_ALLOC freed 3858K, 44% free 9329K/16616K, paused 4ms, total 5ms
02-03 13:10:22.211 D/dalvikvm(15954): GC_FOR_ALLOC freed 3884K, 44% free 9331K/16616K, paused 5ms, total 5ms
02-03 13:10:22.221 D/dalvikvm(15954): GC_FOR_ALLOC freed 3910K, 44% free 9332K/16616K, paused 5ms, total 5ms
02-03 13:10:22.221 D/dalvikvm(15954): GC_FOR_ALLOC freed 3937K, 44% free 9334K/16616K, paused 4ms, total 5ms
02-03 13:10:22.241 D/dalvikvm(15954): GC_FOR_ALLOC freed 3963K, 44% free 9335K/16616K, paused 6ms, total 7ms
02-03 13:10:22.251 D/dalvikvm(15954): GC_CONCURRENT freed 3761K, 43% free 9565K/16616K, paused 2ms+1ms, total 6ms
02-03 13:10:22.251 D/dalvikvm(15954): WAIT_FOR_CONCURRENT_GC blocked 2ms
02-03 13:10:22.261 D/dalvikvm(15954): GC_FOR_ALLOC freed 3667K, 42% free 9681K/16616K, paused 4ms, total 4ms
02-03 13:10:22.261 D/dalvikvm(15954): GC_FOR_ALLOC freed 3806K, 44% free 9339K/16616K, paused 5ms, total 5ms
02-03 13:10:22.271 D/dalvikvm(15954): GC_FOR_ALLOC freed 3480K, 42% free 9688K/16616K, paused 5ms, total 5ms
02-03 13:10:22.281 D/dalvikvm(15954): GC_FOR_ALLOC freed 3853K, 44% free 9342K/16616K, paused 5ms, total 5ms
02-03 13:10:22.291 D/dalvikvm(15954): GC_FOR_ALLOC freed 3525K, 42% free 9696K/16616K, paused 6ms, total 6ms
02-03 13:10:22.301 D/dalvikvm(15954): GC_FOR_ALLOC freed 3903K, 44% free 9345K/16616K, paused 6ms, total 6ms
02-03 13:10:22.311 D/dalvikvm(15954): GC_FOR_ALLOC freed 3570K, 44% free 9465K/16616K, paused 5ms, total 5ms
02-03 13:10:22.321 D/dalvikvm(15954): GC_FOR_ALLOC freed 3352K, 42% free 9707K/16616K, paused 9ms, total 9ms
02-03 13:10:22.331 D/dalvikvm(15954): GC_FOR_ALLOC freed 3371K, 42% free 9710K/16616K, paused 7ms, total 7ms
02-03 13:10:22.341 D/dalvikvm(15954): GC_FOR_ALLOC freed 3390K, 42% free 9714K/16616K, paused 6ms, total 6ms
02-03 13:10:22.351 D/dalvikvm(15954): GC_FOR_ALLOC freed 3409K, 42% free 9717K/16616K, paused 5ms, total 5ms
02-03 13:10:22.361 D/dalvikvm(15954): GC_FOR_ALLOC freed 3427K, 42% free 9720K/16616K, paused 5ms, total 5ms
02-03 13:10:22.371 D/dalvikvm(15954): GC_FOR_ALLOC freed 3446K, 42% free 9724K/16616K, paused 5ms, total 5ms
02-03 13:10:22.371 D/dalvikvm(15954): GC_FOR_ALLOC freed 3465K, 42% free 9727K/16616K, paused 4ms, total 5ms
02-03 13:10:22.381 D/dalvikvm(15954): GC_FOR_ALLOC freed 3484K, 42% free 9730K/16616K, paused 4ms, total 5ms
02-03 13:10:22.391 D/dalvikvm(15954): GC_FOR_ALLOC freed 3503K, 42% free 9734K/16616K, paused 5ms, total 5ms
02-03 13:10:22.391 D/dalvikvm(15954): GC_FOR_ALLOC freed 3522K, 42% free 9737K/16616K, paused 5ms, total 5ms
02-03 13:10:22.401 D/dalvikvm(15954): GC_FOR_ALLOC freed 3541K, 42% free 9741K/16616K, paused 6ms, total 6ms
02-03 13:10:22.411 D/dalvikvm(15954): GC_FOR_ALLOC freed 3559K, 42% free 9744K/16616K, paused 4ms, total 5ms
02-03 13:10:22.421 D/dalvikvm(15954): GC_FOR_ALLOC freed 3578K, 42% free 9747K/16616K, paused 5ms, total 6ms
02-03 13:10:22.431 D/dalvikvm(15954): GC_FOR_ALLOC freed 3596K, 42% free 9750K/16616K, paused 5ms, total 5ms
02-03 13:10:22.431 D/dalvikvm(15954): GC_FOR_ALLOC freed 3615K, 42% free 9754K/16616K, paused 5ms, total 5ms
02-03 13:10:22.441 D/dalvikvm(15954): GC_FOR_ALLOC freed 3634K, 43% free 9497K/16616K, paused 4ms, total 5ms
02-03 13:10:22.451 D/dalvikvm(15954): GC_FOR_ALLOC freed 3652K, 43% free 9499K/16616K, paused 5ms, total 6ms
02-03 13:10:22.461 D/dalvikvm(15954): GC_FOR_ALLOC freed 3671K, 43% free 9501K/16616K, paused 5ms, total 5ms
02-03 13:10:22.471 D/dalvikvm(15954): GC_FOR_ALLOC freed 3689K, 43% free 9503K/16616K, paused 5ms, total 5ms
02-03 13:10:22.481 D/dalvikvm(15954): GC_FOR_ALLOC freed 3443K, 44% free 9373K/16616K, paused 5ms, total 5ms
02-03 13:10:22.481 D/dalvikvm(15954): GC_FOR_ALLOC freed 3725K, 44% free 9375K/16616K, paused 4ms, total 5ms
02-03 13:10:22.491 D/dalvikvm(15954): GC_FOR_ALLOC freed 3744K, 44% free 9376K/16616K, paused 5ms, total 5ms
02-03 13:10:22.501 D/dalvikvm(15954): GC_FOR_ALLOC freed 3763K, 44% free 9377K/16616K, paused 4ms, total 5ms
02-03 13:10:22.511 D/dalvikvm(15954): GC_FOR_ALLOC freed 3783K, 44% free 9379K/16616K, paused 6ms, total 6ms
02-03 13:10:22.521 D/dalvikvm(15954): GC_FOR_ALLOC freed 3802K, 44% free 9380K/16616K, paused 5ms, total 5ms
02-03 13:10:22.531 D/dalvikvm(15954): GC_FOR_ALLOC freed 3820K, 44% free 9381K/16616K, paused 4ms, total 4ms
02-03 13:10:22.531 D/dalvikvm(15954): GC_FOR_ALLOC freed 3839K, 44% free 9383K/16616K, paused 6ms, total 6ms
02-03 13:10:22.541 D/dalvikvm(15954): GC_FOR_ALLOC freed 3858K, 44% free 9384K/16616K, paused 5ms, total 5ms
02-03 13:10:22.551 D/dalvikvm(15954): GC_FOR_ALLOC freed 3877K, 44% free 9385K/16616K, paused 5ms, total 6ms
02-03 13:10:22.561 D/dalvikvm(15954): GC_FOR_ALLOC freed 3896K, 44% free 9387K/16616K, paused 5ms, total 5ms
02-03 13:10:22.581 D/dalvikvm(15954): GC_FOR_ALLOC freed 3914K, 44% free 9388K/16616K, paused 5ms, total 5ms
02-03 13:10:22.591 D/dalvikvm(15954): GC_FOR_ALLOC freed 3229K, 41% free 9810K/16616K, paused 6ms, total 6ms
02-03 13:10:22.591 D/dalvikvm(15954): GC_FOR_ALLOC freed 3666K, 44% free 9391K/16616K, paused 5ms, total 5ms
02-03 13:10:22.601 D/dalvikvm(15954): GC_FOR_ALLOC freed 3256K, 41% free 9816K/16616K, paused 5ms, total 5ms
02-03 13:10:22.611 D/dalvikvm(15954): GC_FOR_ALLOC freed 3697K, 44% free 9393K/16616K, paused 5ms, total 5ms
02-03 13:10:22.621 D/dalvikvm(15954): GC_FOR_ALLOC freed 3283K, 41% free 9822K/16616K, paused 7ms, total 7ms
02-03 13:10:22.631 D/dalvikvm(15954): GC_FOR_ALLOC freed 3727K, 44% free 9395K/16616K, paused 4ms, total 5ms
02-03 13:10:22.631 D/dalvikvm(15954): GC_FOR_ALLOC freed 3310K, 41% free 9828K/16616K, paused 6ms, total 6ms
02-03 13:10:22.641 D/dalvikvm(15954): GC_FOR_ALLOC freed 3758K, 44% free 9398K/16616K, paused 5ms, total 5ms
02-03 13:10:22.651 D/dalvikvm(15954): GC_FOR_ALLOC freed 3337K, 41% free 9834K/16616K, paused 4ms, total 4ms
02-03 13:10:22.661 D/dalvikvm(15954): GC_FOR_ALLOC freed 3789K, 44% free 9400K/16616K, paused 4ms, total 5ms
02-03 13:10:22.661 D/dalvikvm(15954): GC_FOR_ALLOC freed 3364K, 41% free 9839K/16616K, paused 6ms, total 6ms
02-03 13:10:22.671 D/dalvikvm(15954): GC_FOR_ALLOC freed 3819K, 44% free 9402K/16616K, paused 5ms, total 5ms
02-03 13:10:22.681 D/dalvikvm(15954): GC_FOR_ALLOC freed 3391K, 41% free 9845K/16616K, paused 6ms, total 6ms
02-03 13:10:22.691 D/dalvikvm(15954): GC_FOR_ALLOC freed 3108K, 41% free 9848K/16616K, paused 5ms, total 5ms
02-03 13:10:22.701 D/dalvikvm(15954): GC_FOR_ALLOC freed 3863K, 44% free 9406K/16616K, paused 5ms, total 5ms
02-03 13:10:22.711 D/dalvikvm(15954): GC_FOR_ALLOC freed 3430K, 43% free 9555K/16616K, paused 5ms, total 6ms
02-03 13:10:22.721 D/dalvikvm(15954): GC_FOR_ALLOC freed 3143K, 41% free 9856K/16616K, paused 5ms, total 5ms
02-03 13:10:22.731 D/dalvikvm(15954): GC_FOR_ALLOC freed 3154K, 41% free 9859K/16616K, paused 5ms, total 6ms
02-03 13:10:22.741 D/dalvikvm(15954): GC_FOR_ALLOC freed 3920K, 44% free 9410K/16616K, paused 5ms, total 5ms
02-03 13:10:22.741 D/dalvikvm(15954): GC_FOR_ALLOC freed 3480K, 43% free 9562K/16616K, paused 4ms, total 4ms
02-03 13:10:22.751 D/dalvikvm(15954): GC_FOR_ALLOC freed 3189K, 41% free 9867K/16616K, paused 5ms, total 5ms
02-03 13:10:22.761 D/dalvikvm(15954): GC_FOR_ALLOC freed 3200K, 41% free 9870K/16616K, paused 4ms, total 4ms
02-03 13:10:22.761 D/dalvikvm(15954): GC_FOR_ALLOC freed 3976K, 44% free 9414K/16616K, paused 4ms, total 4ms
02-03 13:10:22.771 D/dalvikvm(15954): GC_FOR_ALLOC freed 3530K, 43% free 9568K/16616K, paused 4ms, total 4ms
02-03 13:10:22.781 D/dalvikvm(15954): GC_FOR_ALLOC freed 3235K, 41% free 9878K/16616K, paused 4ms, total 4ms
02-03 13:10:22.791 D/dalvikvm(15954): GC_FOR_ALLOC freed 3245K, 41% free 9881K/16616K, paused 5ms, total 5ms
02-03 13:10:22.801 D/dalvikvm(15954): GC_FOR_ALLOC freed 4033K, 44% free 9419K/16616K, paused 5ms, total 5ms
02-03 13:10:22.801 D/dalvikvm(15954): GC_FOR_ALLOC freed 3581K, 43% free 9575K/16616K, paused 5ms, total 5ms
02-03 13:10:22.811 D/dalvikvm(15954): GC_FOR_ALLOC freed 3281K, 41% free 9889K/16616K, paused 4ms, total 4ms
02-03 13:10:22.821 D/dalvikvm(15954): GC_FOR_ALLOC freed 3291K, 41% free 9892K/16616K, paused 5ms, total 5ms
02-03 13:10:22.831 D/dalvikvm(15954): GC_FOR_ALLOC freed 4090K, 44% free 9423K/16616K, paused 5ms, total 5ms
02-03 13:10:22.841 D/dalvikvm(15954): GC_FOR_ALLOC freed 3631K, 43% free 9582K/16616K, paused 6ms, total 6ms
02-03 13:10:22.851 D/dalvikvm(15954): GC_FOR_ALLOC freed 3327K, 41% free 9900K/16616K, paused 5ms, total 5ms
02-03 13:10:22.851 D/dalvikvm(15954): GC_FOR_ALLOC freed 3337K, 41% free 9902K/16616K, paused 5ms, total 5ms
02-03 13:10:22.861 D/dalvikvm(15954): GC_FOR_ALLOC freed 4147K, 44% free 9428K/16616K, paused 5ms, total 6ms
02-03 13:10:22.871 D/dalvikvm(15954): GC_FOR_ALLOC freed 3682K, 43% free 9588K/16616K, paused 4ms, total 4ms
02-03 13:10:22.881 D/dalvikvm(15954): GC_FOR_ALLOC freed 3374K, 43% free 9590K/16616K, paused 5ms, total 5ms
02-03 13:10:22.891 D/dalvikvm(15954): GC_FOR_ALLOC freed 3384K, 43% free 9591K/16616K, paused 4ms, total 5ms
02-03 13:10:22.901 D/dalvikvm(15954): GC_FOR_ALLOC freed 3396K, 43% free 9593K/16616K, paused 5ms, total 5ms
02-03 13:10:22.901 D/dalvikvm(15954): GC_FOR_ALLOC freed 3406K, 43% free 9594K/16616K, paused 5ms, total 5ms
02-03 13:10:22.911 D/dalvikvm(15954): GC_FOR_ALLOC freed 3417K, 43% free 9596K/16616K, paused 4ms, total 4ms
02-03 13:10:22.921 D/dalvikvm(15954): GC_FOR_ALLOC freed 3429K, 43% free 9598K/16616K, paused 4ms, total 5ms
02-03 13:10:22.931 D/dalvikvm(15954): GC_FOR_ALLOC freed 3440K, 43% free 9599K/16616K, paused 5ms, total 5ms
02-03 13:10:22.931 D/dalvikvm(15954): GC_FOR_ALLOC freed 3452K, 43% free 9601K/16616K, paused 4ms, total 5ms
02-03 13:10:22.941 D/dalvikvm(15954): GC_FOR_ALLOC freed 3464K, 43% free 9603K/16616K, paused 5ms, total 5ms
02-03 13:10:22.951 D/dalvikvm(15954): GC_FOR_ALLOC freed 3474K, 43% free 9604K/16616K, paused 5ms, total 5ms
02-03 13:10:22.971 D/dalvikvm(15954): GC_FOR_ALLOC freed 3484K, 43% free 9605K/16616K, paused 14ms, total 15ms
02-03 13:10:22.981 D/dalvikvm(15954): GC_FOR_ALLOC freed 3493K, 43% free 9607K/16616K, paused 6ms, total 6ms
02-03 13:10:22.991 D/dalvikvm(15954): GC_FOR_ALLOC freed 3503K, 43% free 9608K/16616K, paused 7ms, total 7ms
02-03 13:10:23.001 D/dalvikvm(15954): GC_FOR_ALLOC freed 3512K, 43% free 9609K/16616K, paused 5ms, total 5ms
02-03 13:10:23.011 D/dalvikvm(15954): GC_FOR_ALLOC freed 3522K, 43% free 9611K/16616K, paused 6ms, total 6ms
02-03 13:10:23.021 D/dalvikvm(15954): GC_FOR_ALLOC freed 3531K, 43% free 9612K/16616K, paused 4ms, total 4ms
02-03 13:10:23.031 D/dalvikvm(15954): GC_FOR_ALLOC freed 3540K, 43% free 9614K/16616K, paused 6ms, total 6ms
02-03 13:10:23.041 D/dalvikvm(15954): GC_FOR_ALLOC freed 3551K, 43% free 9615K/16616K, paused 4ms, total 4ms
02-03 13:10:23.051 D/dalvikvm(15954): GC_FOR_ALLOC freed 3564K, 43% free 9617K/16616K, paused 5ms, total 6ms
02-03 13:10:23.061 D/dalvikvm(15954): GC_FOR_ALLOC freed 3576K, 43% free 9619K/16616K, paused 11ms, total 11ms
02-03 13:10:23.081 D/dalvikvm(15954): GC_FOR_ALLOC freed 3586K, 43% free 9620K/16616K, paused 9ms, total 9ms
02-03 13:10:23.081 D/dalvikvm(15954): GC_FOR_ALLOC freed 3597K, 43% free 9622K/16616K, paused 5ms, total 6ms
02-03 13:10:23.091 D/dalvikvm(15954): GC_FOR_ALLOC freed 3607K, 43% free 9623K/16616K, paused 4ms, total 5ms
02-03 13:10:23.101 D/dalvikvm(15954): GC_FOR_ALLOC freed 3616K, 43% free 9624K/16616K, paused 5ms, total 5ms
02-03 13:10:23.111 D/dalvikvm(15954): GC_FOR_ALLOC freed 3281K, 44% free 9454K/16616K, paused 5ms, total 6ms
02-03 13:10:23.121 D/dalvikvm(15954): GC_FOR_ALLOC freed 3637K, 44% free 9455K/16616K, paused 5ms, total 6ms
02-03 13:10:23.131 D/dalvikvm(15954): GC_FOR_ALLOC freed 3648K, 44% free 9456K/16616K, paused 5ms, total 5ms
02-03 13:10:23.141 D/dalvikvm(15954): GC_FOR_ALLOC freed 3659K, 44% free 9457K/16616K, paused 5ms, total 6ms
02-03 13:10:23.151 D/dalvikvm(15954): GC_FOR_ALLOC freed 3668K, 44% free 9458K/16616K, paused 5ms, total 6ms
02-03 13:10:23.161 D/dalvikvm(15954): GC_FOR_ALLOC freed 3678K, 44% free 9459K/16616K, paused 5ms, total 5ms
02-03 13:10:23.171 D/dalvikvm(15954): GC_FOR_ALLOC freed 3687K, 44% free 9459K/16616K, paused 6ms, total 7ms
02-03 13:10:23.171 D/dalvikvm(15954): GC_FOR_ALLOC freed 3696K, 44% free 9460K/16616K, paused 5ms, total 5ms
02-03 13:10:23.181 D/dalvikvm(15954): GC_FOR_ALLOC freed 3706K, 44% free 9461K/16616K, paused 4ms, total 5ms
02-03 13:10:23.191 D/dalvikvm(15954): GC_FOR_ALLOC freed 3715K, 44% free 9462K/16616K, paused 5ms, total 6ms
02-03 13:10:23.201 D/dalvikvm(15954): GC_FOR_ALLOC freed 3725K, 44% free 9463K/16616K, paused 10ms, total 10ms
02-03 13:10:23.211 D/dalvikvm(15954): GC_FOR_ALLOC freed 3734K, 44% free 9464K/16616K, paused 5ms, total 5ms
02-03 13:10:23.221 D/dalvikvm(15954): GC_FOR_ALLOC freed 3744K, 44% free 9465K/16616K, paused 4ms, total 4ms
02-03 13:10:23.231 D/dalvikvm(15954): GC_FOR_ALLOC freed 3753K, 44% free 9466K/16616K, paused 5ms, total 5ms
02-03 13:10:23.241 D/dalvikvm(15954): GC_FOR_ALLOC freed 3762K, 44% free 9467K/16616K, paused 5ms, total 6ms
02-03 13:10:23.251 D/dalvikvm(15954): GC_FOR_ALLOC freed 3772K, 44% free 9468K/16616K, paused 7ms, total 7ms
02-03 13:10:23.271 D/dalvikvm(15954): GC_FOR_ALLOC freed 3781K, 44% free 9468K/16616K, paused 9ms, total 9ms
02-03 13:10:23.281 D/dalvikvm(15954): GC_FOR_ALLOC freed 3791K, 44% free 9469K/16616K, paused 6ms, total 6ms
02-03 13:10:23.291 D/dalvikvm(15954): GC_FOR_ALLOC freed 3800K, 44% free 9470K/16616K, paused 6ms, total 6ms
02-03 13:10:23.291 D/dalvikvm(15954): GC_FOR_ALLOC freed 3809K, 43% free 9471K/16616K, paused 4ms, total 4ms
02-03 13:10:23.301 D/dalvikvm(15954): GC_FOR_ALLOC freed 3819K, 43% free 9472K/16616K, paused 5ms, total 5ms
02-03 13:10:23.311 D/dalvikvm(15954): GC_FOR_ALLOC freed 3828K, 43% free 9473K/16616K, paused 5ms, total 5ms
02-03 13:10:23.321 D/dalvikvm(15954): GC_CONCURRENT freed 3983K, 43% free 9475K/16616K, paused 1ms+1ms, total 6ms
02-03 13:10:23.321 D/dalvikvm(15954): WAIT_FOR_CONCURRENT_GC blocked 4ms
02-03 13:10:23.341 D/dalvikvm(15954): GC_FOR_ALLOC freed 3635K, 43% free 9491K/16616K, paused 5ms, total 5ms
02-03 13:10:23.351 D/dalvikvm(15954): GC_CONCURRENT freed 3671K, 41% free 9878K/16616K, paused 1ms+0ms, total 7ms
02-03 13:10:23.351 D/dalvikvm(15954): WAIT_FOR_CONCURRENT_GC blocked 3ms
02-03 13:10:23.361 D/dalvikvm(15954): GC_FOR_ALLOC freed 3275K, 49% free 8536K/16616K, paused 6ms, total 6ms
02-03 13:10:23.401 D/dalvikvm(15954): GC_FOR_ALLOC freed 3347K, 46% free 9109K/16616K, paused 5ms, total 5ms
02-03 13:10:23.471 D/dalvikvm(15954): GC_CONCURRENT freed 3926K, 45% free 9189K/16616K, paused 1ms+1ms, total 9ms
02-03 13:10:23.491 D/dalvikvm(15954): GC_CONCURRENT freed 4012K, 45% free 9245K/16616K, paused 0ms+0ms, total 8ms
02-03 13:10:23.491 D/dalvikvm(15954): WAIT_FOR_CONCURRENT_GC blocked 3ms
02-03 13:10:23.501 D/dalvikvm(15954): GC_CONCURRENT freed 4063K, 45% free 9181K/16616K, paused 1ms+1ms, total 7ms
02-03 13:10:23.511 D/dalvikvm(15954): GC_FOR_ALLOC freed 4085K, 45% free 9157K/16616K, paused 5ms, total 5ms
02-03 13:10:23.521 D/dalvikvm(15954): GC_CONCURRENT freed 48K, 45% free 9182K/16616K, paused 0ms+1ms, total 5ms
02-03 13:10:23.531 D/dalvikvm(15954): GC_CONCURRENT freed 4043K, 45% free 9214K/16616K, paused 1ms+1ms, total 6ms
02-03 13:10:23.531 D/dalvikvm(15954): WAIT_FOR_CONCURRENT_GC blocked 5ms
02-03 13:10:23.541 D/dalvikvm(15954): GC_CONCURRENT freed 4014K, 45% free 9217K/16616K, paused 1ms+1ms, total 6ms
02-03 13:10:23.541 D/dalvikvm(15954): WAIT_FOR_CONCURRENT_GC blocked 4ms
02-03 13:10:23.541 D/dalvikvm(15954): GC_FOR_ALLOC freed 4048K, 45% free 9217K/16616K, paused 5ms, total 5ms
02-03 13:10:23.551 D/dalvikvm(15954): GC_CONCURRENT freed 3799K, 44% free 9459K/16616K, paused 1ms+1ms, total 6ms
02-03 13:10:23.551 D/dalvikvm(15954): WAIT_FOR_CONCURRENT_GC blocked 1ms
02-03 13:10:23.561 D/dalvikvm(15954): GC_CONCURRENT freed 4251K, 45% free 9255K/16616K, paused 1ms+1ms, total 6ms
02-03 13:10:23.561 D/dalvikvm(15954): WAIT_FOR_CONCURRENT_GC blocked 4ms
02-03 13:10:23.571 D/dalvikvm(15954): GC_CONCURRENT freed 4082K, 45% free 9215K/16616K, paused 0ms+1ms, total 6ms
02-03 13:10:23.571 D/dalvikvm(15954): WAIT_FOR_CONCURRENT_GC blocked 5ms
02-03 13:10:23.581 D/dalvikvm(15954): GC_FOR_ALLOC freed 4058K, 45% free 9202K/16616K, paused 7ms, total 7ms
02-03 13:10:23.591 D/dalvikvm(15954): GC_CONCURRENT freed 2152K, 43% free 9503K/16616K, paused 0ms+2ms, total 8ms
02-03 13:10:23.601 D/dalvikvm(15954): GC_CONCURRENT freed 4207K, 44% free 9338K/16616K, paused 2ms+1ms, total 9ms
02-03 13:10:23.601 D/dalvikvm(15954): WAIT_FOR_CONCURRENT_GC blocked 1ms
02-03 13:10:23.611 D/dalvikvm(15954): GC_FOR_ALLOC freed 4204K, 45% free 9200K/16616K, paused 5ms, total 5ms
02-03 13:10:23.621 D/dalvikvm(15954): GC_CONCURRENT freed 3873K, 44% free 9348K/16616K, paused 0ms+1ms, total 7ms
02-03 13:10:23.621 D/dalvikvm(15954): WAIT_FOR_CONCURRENT_GC blocked 6ms
02-03 13:10:23.631 D/dalvikvm(15954): GC_CONCURRENT freed 4057K, 45% free 9301K/16616K, paused 1ms+1ms, total 7ms
02-03 13:10:23.651 D/dalvikvm(15954): GC_CONCURRENT freed 4038K, 45% free 9304K/16616K, paused 2ms+1ms, total 7ms
02-03 13:10:23.651 D/dalvikvm(15954): WAIT_FOR_CONCURRENT_GC blocked 5ms
02-03 13:10:23.661 D/dalvikvm(15954): GC_CONCURRENT freed 3996K, 45% free 9283K/16616K, paused 0ms+1ms, total 6ms
02-03 13:10:23.661 D/dalvikvm(15954): GC_FOR_ALLOC freed 3890K, 44% free 9396K/16616K, paused 6ms, total 6ms
02-03 13:10:23.671 D/dalvikvm(15954): GC_CONCURRENT freed 1361K, 40% free 10134K/16616K, paused 1ms+1ms, total 7ms
02-03 13:10:23.681 D/dalvikvm(15954): GC_CONCURRENT freed 4840K, 44% free 9349K/16616K, paused 1ms+0ms, total 7ms
02-03 13:10:23.681 D/dalvikvm(15954): WAIT_FOR_CONCURRENT_GC blocked 6ms
02-03 13:10:23.691 D/dalvikvm(15954): GC_CONCURRENT freed 3974K, 44% free 9410K/16616K, paused 1ms+1ms, total 6ms
02-03 13:10:23.691 D/dalvikvm(15954): WAIT_FOR_CONCURRENT_GC blocked 5ms
02-03 13:10:23.701 D/dalvikvm(15954): GC_FOR_ALLOC freed 4133K, 45% free 9231K/16616K, paused 5ms, total 5ms
02-03 13:10:23.711 D/dalvikvm(15954): GC_FOR_ALLOC freed 3917K, 45% free 9229K/16616K, paused 5ms, total 5ms
02-03 13:10:23.731 D/dalvikvm(15954): GC_CONCURRENT freed 3874K, 44% free 9356K/16616K, paused 1ms+1ms, total 15ms
02-03 13:10:23.731 D/dalvikvm(15954): WAIT_FOR_CONCURRENT_GC blocked 12ms
02-03 13:10:23.741 D/dalvikvm(15954): GC_CONCURRENT freed 4084K, 44% free 9357K/16616K, paused 1ms+1ms, total 7ms
02-03 13:10:23.741 D/dalvikvm(15954): WAIT_FOR_CONCURRENT_GC blocked 5ms
02-03 13:10:23.751 D/dalvikvm(15954): GC_FOR_ALLOC freed 3967K, 44% free 9424K/16616K, paused 5ms, total 6ms
02-03 13:10:23.761 D/dalvikvm(15954): GC_FOR_ALLOC freed 4113K, 45% free 9256K/16616K, paused 6ms, total 6ms
02-03 13:10:23.781 D/dalvikvm(15954): GC_CONCURRENT freed 3984K, 44% free 9323K/16616K, paused 5ms+1ms, total 13ms
02-03 13:10:23.781 D/dalvikvm(15954): WAIT_FOR_CONCURRENT_GC blocked 7ms
02-03 13:10:23.791 D/dalvikvm(15954): GC_CONCURRENT freed 3915K, 44% free 9463K/16616K, paused 1ms+1ms, total 8ms
02-03 13:10:23.791 D/dalvikvm(15954): WAIT_FOR_CONCURRENT_GC blocked 6ms
02-03 13:10:23.801 D/dalvikvm(15954): GC_CONCURRENT freed 3982K, 44% free 9465K/16616K, paused 1ms+1ms, total 12ms
02-03 13:10:23.801 D/dalvikvm(15954): WAIT_FOR_CONCURRENT_GC blocked 12ms
02-03 13:10:23.821 D/dalvikvm(15954): GC_FOR_ALLOC freed 4049K, 44% free 9467K/16616K, paused 7ms, total 8ms
02-03 13:10:23.831 D/dalvikvm(15954): GC_CONCURRENT freed 217K, 44% free 9394K/16616K, paused 1ms+1ms, total 6ms
02-03 13:10:23.841 D/dalvikvm(15954): GC_CONCURRENT freed 3899K, 44% free 9469K/16616K, paused 0ms+1ms, total 5ms
02-03 13:10:23.841 D/dalvikvm(15954): WAIT_FOR_CONCURRENT_GC blocked 5ms
02-03 13:10:23.851 D/dalvikvm(15954): GC_FOR_ALLOC freed 4183K, 44% free 9321K/16616K, paused 5ms, total 5ms
02-03 13:10:23.861 D/dalvikvm(15954): GC_CONCURRENT freed 0K, 44% free 9471K/16616K, paused 1ms+1ms, total 6ms
02-03 13:10:23.881 D/dalvikvm(15954): GC_FOR_ALLOC freed 4098K, 45% free 9244K/16616K, paused 19ms, total 19ms
02-03 13:10:23.891 D/dalvikvm(15954): GC_CONCURRENT freed 3926K, 44% free 9352K/16616K, paused 2ms+1ms, total 7ms
02-03 13:10:23.901 D/dalvikvm(15954): GC_FOR_ALLOC freed 3830K, 43% free 9503K/16616K, paused 6ms, total 6ms
02-03 13:10:23.921 D/dalvikvm(15954): GC_CONCURRENT freed 2449K, 40% free 9976K/16616K, paused 1ms+4ms, total 16ms
02-03 13:10:23.931 D/dalvikvm(15954): GC_FOR_ALLOC freed 4628K, 45% free 9269K/16616K, paused 5ms, total 6ms
02-03 13:10:23.941 D/dalvikvm(15954): GC_CONCURRENT freed 3814K, 44% free 9425K/16616K, paused 1ms+0ms, total 6ms
02-03 13:10:23.951 D/dalvikvm(15954): GC_CONCURRENT freed 4024K, 44% free 9430K/16616K, paused 1ms+1ms, total 5ms
02-03 13:10:23.951 D/dalvikvm(15954): WAIT_FOR_CONCURRENT_GC blocked 4ms
02-03 13:10:23.961 D/dalvikvm(15954): GC_CONCURRENT freed 4077K, 44% free 9434K/16616K, paused 2ms+1ms, total 8ms
02-03 13:10:23.961 D/dalvikvm(15954): WAIT_FOR_CONCURRENT_GC blocked 5ms
02-03 13:10:23.971 D/dalvikvm(15954): GC_FOR_ALLOC freed 3879K, 43% free 9518K/16616K, paused 5ms, total 5ms
02-03 13:10:23.981 D/dalvikvm(15954): GC_CONCURRENT freed 4182K, 44% free 9349K/16616K, paused 1ms+0ms, total 6ms
02-03 13:10:23.981 D/dalvikvm(15954): WAIT_FOR_CONCURRENT_GC blocked 2ms
02-03 13:10:23.991 D/dalvikvm(15954): GC_CONCURRENT freed 3888K, 44% free 9466K/16616K, paused 0ms+1ms, total 5ms
02-03 13:10:23.991 D/dalvikvm(15954): WAIT_FOR_CONCURRENT_GC blocked 4ms
02-03 13:10:23.991 D/dalvikvm(15954): GC_FOR_ALLOC freed 4016K, 44% free 9378K/16616K, paused 5ms, total 5ms
02-03 13:10:24.001 D/dalvikvm(15954): GC_CONCURRENT freed 3970K, 44% free 9470K/16616K, paused 0ms+1ms, total 6ms
02-03 13:10:24.001 D/dalvikvm(15954): WAIT_FOR_CONCURRENT_GC blocked 6ms
02-03 13:10:24.011 D/dalvikvm(15954): GC_FOR_ALLOC freed 4106K, 44% free 9380K/16616K, paused 5ms, total 5ms
02-03 13:10:24.021 D/dalvikvm(15954): GC_CONCURRENT freed 3342K, 40% free 10006K/16616K, paused 1ms+1ms, total 7ms
02-03 13:10:24.021 D/dalvikvm(15954): WAIT_FOR_CONCURRENT_GC blocked 3ms
02-03 13:10:24.031 D/dalvikvm(15954): GC_CONCURRENT freed 4549K, 44% free 9469K/16616K, paused 1ms+1ms, total 6ms
02-03 13:10:24.031 D/dalvikvm(15954): WAIT_FOR_CONCURRENT_GC blocked 4ms
02-03 13:10:24.041 D/dalvikvm(15954): GC_FOR_ALLOC freed 4052K, 45% free 9285K/16616K, paused 6ms, total 6ms
02-03 13:10:24.051 D/dalvikvm(15954): GC_FOR_ALLOC freed 3907K, 45% free 9282K/16616K, paused 5ms, total 6ms
02-03 13:10:24.061 D/dalvikvm(15954): GC_FOR_ALLOC freed 3944K, 45% free 9280K/16616K, paused 5ms, total 5ms
02-03 13:10:24.061 D/dalvikvm(15954): GC_FOR_ALLOC freed 3982K, 44% free 9310K/16616K, paused 4ms, total 4ms
02-03 13:10:24.071 D/dalvikvm(15954): GC_CONCURRENT freed 3354K, 40% free 9974K/16616K, paused 1ms+1ms, total 6ms
02-03 13:10:24.071 D/dalvikvm(15954): WAIT_FOR_CONCURRENT_GC blocked 2ms
02-03 13:10:24.081 D/dalvikvm(15954): GC_FOR_ALLOC freed 4045K, 44% free 9305K/16616K, paused 4ms, total 4ms
02-03 13:10:24.081 D/dalvikvm(15954): GC_FOR_ALLOC freed 4089K, 45% free 9303K/16616K, paused 4ms, total 5ms
02-03 13:10:24.091 D/dalvikvm(15954): GC_CONCURRENT freed 2946K, 39% free 10282K/16616K, paused 1ms+0ms, total 6ms
02-03 13:10:24.091 D/dalvikvm(15954): WAIT_FOR_CONCURRENT_GC blocked 2ms
02-03 13:10:24.101 D/dalvikvm(15954): GC_FOR_ALLOC freed 3949K, 45% free 9302K/16616K, paused 4ms, total 5ms
02-03 13:10:24.101 D/dalvikvm(15954): GC_FOR_ALLOC freed 3684K, 43% free 9602K/16616K, paused 5ms, total 5ms
02-03 13:10:24.111 D/dalvikvm(15954): GC_CONCURRENT freed 3322K, 40% free 10000K/16616K, paused 1ms+1ms, total 6ms
02-03 13:10:24.111 D/dalvikvm(15954): WAIT_FOR_CONCURRENT_GC blocked 2ms
02-03 13:10:24.121 D/dalvikvm(15954): GC_FOR_ALLOC freed 3530K, 45% free 9303K/16616K, paused 4ms, total 4ms
02-03 13:10:24.121 D/dalvikvm(15954): GC_CONCURRENT freed 3768K, 43% free 9610K/16616K, paused 1ms+1ms, total 5ms
02-03 13:10:24.121 D/dalvikvm(15954): WAIT_FOR_CONCURRENT_GC blocked 4ms
02-03 13:10:24.131 D/dalvikvm(15954): GC_FOR_ALLOC freed 4113K, 45% free 9302K/16616K, paused 4ms, total 4ms
02-03 13:10:24.141 D/dalvikvm(15954): GC_FOR_ALLOC freed 3831K, 44% free 9407K/16616K, paused 4ms, total 4ms
02-03 13:10:24.141 D/dalvikvm(15954): GC_FOR_ALLOC freed 3652K, 43% free 9618K/16616K, paused 4ms, total 4ms
02-03 13:10:24.151 D/dalvikvm(15954): GC_FOR_ALLOC freed 3681K, 44% free 9412K/16616K, paused 4ms, total 4ms
02-03 13:10:24.161 D/dalvikvm(15954): GC_FOR_ALLOC freed 3708K, 44% free 9414K/16616K, paused 4ms, total 4ms
02-03 13:10:24.161 D/dalvikvm(15954): GC_FOR_ALLOC freed 3734K, 44% free 9416K/16616K, paused 5ms, total 5ms
02-03 13:10:24.171 D/dalvikvm(15954): GC_FOR_ALLOC freed 3760K, 43% free 9633K/16616K, paused 5ms, total 5ms
02-03 13:10:24.181 D/dalvikvm(15954): GC_CONCURRENT freed 2816K, 40% free 10066K/16616K, paused 0ms+1ms, total 5ms
02-03 13:10:24.181 D/dalvikvm(15954): WAIT_FOR_CONCURRENT_GC blocked 3ms
02-03 13:10:24.181 D/dalvikvm(15954): GC_FOR_ALLOC freed 3800K, 44% free 9314K/16616K, paused 4ms, total 4ms
02-03 13:10:24.191 D/dalvikvm(15954): GC_FOR_ALLOC freed 3832K, 44% free 9315K/16616K, paused 5ms, total 5ms
02-03 13:10:24.201 D/dalvikvm(15954): GC_FOR_ALLOC freed 3858K, 44% free 9317K/16616K, paused 5ms, total 5ms
02-03 13:10:24.201 D/dalvikvm(15954): GC_FOR_ALLOC freed 3884K, 44% free 9318K/16616K, paused 4ms, total 4ms
02-03 13:10:24.211 D/dalvikvm(15954): GC_FOR_ALLOC freed 3910K, 44% free 9320K/16616K, paused 5ms, total 5ms
02-03 13:10:24.221 D/dalvikvm(15954): GC_FOR_ALLOC freed 3937K, 44% free 9321K/16616K, paused 4ms, total 4ms
02-03 13:10:24.221 D/dalvikvm(15954): GC_FOR_ALLOC freed 3963K, 44% free 9323K/16616K, paused 4ms, total 4ms
02-03 13:10:24.231 D/dalvikvm(15954): GC_CONCURRENT freed 3761K, 43% free 9553K/16616K, paused 1ms+1ms, total 5ms
02-03 13:10:24.231 D/dalvikvm(15954): WAIT_FOR_CONCURRENT_GC blocked 4ms
02-03 13:10:24.241 D/dalvikvm(15954): GC_FOR_ALLOC freed 3668K, 42% free 9669K/16616K, paused 5ms, total 5ms
02-03 13:10:24.251 D/dalvikvm(15954): GC_FOR_ALLOC freed 3806K, 44% free 9327K/16616K, paused 5ms, total 5ms
02-03 13:10:24.251 D/dalvikvm(15954): GC_FOR_ALLOC freed 3480K, 42% free 9676K/16616K, paused 4ms, total 4ms
02-03 13:10:24.261 D/dalvikvm(15954): GC_FOR_ALLOC freed 3853K, 44% free 9330K/16616K, paused 5ms, total 5ms
02-03 13:10:24.271 D/dalvikvm(15954): GC_FOR_ALLOC freed 3525K, 42% free 9684K/16616K, paused 4ms, total 4ms
02-03 13:10:24.271 D/dalvikvm(15954): GC_FOR_ALLOC freed 3903K, 44% free 9333K/16616K, paused 4ms, total 4ms
02-03 13:10:24.281 D/dalvikvm(15954): GC_FOR_ALLOC freed 3570K, 44% free 9453K/16616K, paused 5ms, total 5ms
02-03 13:10:24.291 D/dalvikvm(15954): GC_FOR_ALLOC freed 3352K, 42% free 9695K/16616K, paused 4ms, total 4ms
02-03 13:10:24.291 D/dalvikvm(15954): GC_FOR_ALLOC freed 3371K, 42% free 9698K/16616K, paused 5ms, total 5ms
02-03 13:10:24.301 D/dalvikvm(15954): GC_FOR_ALLOC freed 3390K, 42% free 9701K/16616K, paused 4ms, total 4ms
02-03 13:10:24.311 D/dalvikvm(15954): GC_FOR_ALLOC freed 3409K, 42% free 9705K/16616K, paused 5ms, total 5ms
02-03 13:10:24.311 D/dalvikvm(15954): GC_FOR_ALLOC freed 3427K, 42% free 9708K/16616K, paused 4ms, total 4ms
02-03 13:10:24.321 D/dalvikvm(15954): GC_FOR_ALLOC freed 3446K, 42% free 9712K/16616K, paused 4ms, total 4ms
02-03 13:10:24.331 D/dalvikvm(15954): GC_FOR_ALLOC freed 3465K, 42% free 9715K/16616K, paused 4ms, total 4ms
02-03 13:10:24.331 D/dalvikvm(15954): GC_FOR_ALLOC freed 3484K, 42% free 9718K/16616K, paused 4ms, total 4ms
02-03 13:10:24.341 D/dalvikvm(15954): GC_FOR_ALLOC freed 3503K, 42% free 9722K/16616K, paused 4ms, total 4ms
02-03 13:10:24.351 D/dalvikvm(15954): GC_FOR_ALLOC freed 3522K, 42% free 9725K/16616K, paused 4ms, total 4ms
02-03 13:10:24.351 D/dalvikvm(15954): GC_FOR_ALLOC freed 3541K, 42% free 9728K/16616K, paused 4ms, total 4ms
02-03 13:10:24.361 D/dalvikvm(15954): GC_FOR_ALLOC freed 3559K, 42% free 9732K/16616K, paused 4ms, total 4ms
02-03 13:10:24.371 D/dalvikvm(15954): GC_FOR_ALLOC freed 3578K, 42% free 9735K/16616K, paused 5ms, total 5ms
02-03 13:10:24.371 D/dalvikvm(15954): GC_FOR_ALLOC freed 3596K, 42% free 9738K/16616K, paused 4ms, total 4ms
02-03 13:10:24.381 D/dalvikvm(15954): GC_FOR_ALLOC freed 3615K, 42% free 9742K/16616K, paused 4ms, total 4ms
02-03 13:10:24.391 D/dalvikvm(15954): GC_FOR_ALLOC freed 3634K, 43% free 9485K/16616K, paused 4ms, total 4ms
02-03 13:10:24.391 D/dalvikvm(15954): GC_FOR_ALLOC freed 3652K, 43% free 9487K/16616K, paused 4ms, total 4ms
02-03 13:10:24.401 D/dalvikvm(15954): GC_FOR_ALLOC freed 3671K, 43% free 9489K/16616K, paused 4ms, total 5ms
02-03 13:10:24.411 D/dalvikvm(15954): GC_FOR_ALLOC freed 3689K, 43% free 9491K/16616K, paused 4ms, total 4ms
02-03 13:10:24.411 D/dalvikvm(15954): GC_FOR_ALLOC freed 3443K, 44% free 9361K/16616K, paused 5ms, total 5ms
02-03 13:10:24.421 D/dalvikvm(15954): GC_FOR_ALLOC freed 3725K, 44% free 9363K/16616K, paused 4ms, total 4ms
02-03 13:10:24.431 D/dalvikvm(15954): GC_FOR_ALLOC freed 3744K, 44% free 9364K/16616K, paused 4ms, total 4ms
02-03 13:10:24.431 D/dalvikvm(15954): GC_FOR_ALLOC freed 3763K, 44% free 9365K/16616K, paused 5ms, total 5ms
02-03 13:10:24.441 D/dalvikvm(15954): GC_FOR_ALLOC freed 3783K, 44% free 9367K/16616K, paused 4ms, total 4ms
02-03 13:10:24.451 D/dalvikvm(15954): GC_FOR_ALLOC freed 3802K, 44% free 9368K/16616K, paused 4ms, total 4ms
02-03 13:10:24.451 D/dalvikvm(15954): GC_FOR_ALLOC freed 3820K, 44% free 9369K/16616K, paused 4ms, total 4ms
02-03 13:10:24.461 D/dalvikvm(15954): GC_FOR_ALLOC freed 3839K, 44% free 9371K/16616K, paused 5ms, total 5ms
02-03 13:10:24.471 D/dalvikvm(15954): GC_FOR_ALLOC freed 3858K, 44% free 9372K/16616K, paused 5ms, total 5ms
02-03 13:10:24.471 D/dalvikvm(15954): GC_FOR_ALLOC freed 3877K, 44% free 9373K/16616K, paused 4ms, total 4ms
02-03 13:10:24.481 D/dalvikvm(15954): GC_FOR_ALLOC freed 3896K, 44% free 9375K/16616K, paused 4ms, total 4ms
02-03 13:10:24.491 D/dalvikvm(15954): GC_FOR_ALLOC freed 3914K, 44% free 9376K/16616K, paused 4ms, total 4ms
02-03 13:10:24.491 D/dalvikvm(15954): GC_FOR_ALLOC freed 3229K, 42% free 9798K/16616K, paused 4ms, total 4ms
02-03 13:10:24.501 D/dalvikvm(15954): GC_FOR_ALLOC freed 3666K, 44% free 9378K/16616K, paused 4ms, total 4ms
02-03 13:10:24.511 D/dalvikvm(15954): GC_FOR_ALLOC freed 3256K, 41% free 9804K/16616K, paused 4ms, total 4ms
02-03 13:10:24.511 D/dalvikvm(15954): GC_FOR_ALLOC freed 3697K, 44% free 9381K/16616K, paused 4ms, total 4ms
02-03 13:10:24.521 D/dalvikvm(15954): GC_FOR_ALLOC freed 3283K, 41% free 9810K/16616K, paused 4ms, total 4ms
02-03 13:10:24.531 D/dalvikvm(15954): GC_FOR_ALLOC freed 3727K, 44% free 9383K/16616K, paused 4ms, total 4ms
02-03 13:10:24.531 D/dalvikvm(15954): GC_FOR_ALLOC freed 3310K, 41% free 9816K/16616K, paused 4ms, total 5ms
02-03 13:10:24.541 D/dalvikvm(15954): GC_FOR_ALLOC freed 3758K, 44% free 9385K/16616K, paused 4ms, total 4ms
02-03 13:10:24.551 D/dalvikvm(15954): GC_FOR_ALLOC freed 3337K, 41% free 9821K/16616K, paused 5ms, total 5ms
02-03 13:10:24.551 D/dalvikvm(15954): GC_FOR_ALLOC freed 3789K, 44% free 9388K/16616K, paused 4ms, total 4ms
02-03 13:10:24.561 D/dalvikvm(15954): GC_FOR_ALLOC freed 3364K, 41% free 9827K/16616K, paused 4ms, total 4ms
02-03 13:10:24.571 D/dalvikvm(15954): GC_FOR_ALLOC freed 3819K, 44% free 9390K/16616K, paused 4ms, total 4ms
02-03 13:10:24.571 D/dalvikvm(15954): GC_FOR_ALLOC freed 3391K, 41% free 9833K/16616K, paused 4ms, total 4ms
02-03 13:10:24.581 D/dalvikvm(15954): GC_FOR_ALLOC freed 3108K, 41% free 9836K/16616K, paused 4ms, total 4ms
02-03 13:10:24.591 D/dalvikvm(15954): GC_FOR_ALLOC freed 3863K, 44% free 9393K/16616K, paused 4ms, total 4ms
02-03 13:10:24.591 D/dalvikvm(15954): GC_FOR_ALLOC freed 3430K, 43% free 9543K/16616K, paused 4ms, total 4ms
02-03 13:10:24.601 D/dalvikvm(15954): GC_FOR_ALLOC freed 3143K, 41% free 9844K/16616K, paused 4ms, total 4ms
02-03 13:10:24.611 D/dalvikvm(15954): GC_FOR_ALLOC freed 3154K, 41% free 9847K/16616K, paused 4ms, total 4ms
02-03 13:10:24.611 D/dalvikvm(15954): GC_FOR_ALLOC freed 3920K, 44% free 9398K/16616K, paused 4ms, total 4ms
02-03 13:10:24.621 D/dalvikvm(15954): GC_FOR_ALLOC freed 3480K, 43% free 9550K/16616K, paused 4ms, total 4ms
02-03 13:10:24.631 D/dalvikvm(15954): GC_FOR_ALLOC freed 3189K, 41% free 9855K/16616K, paused 4ms, total 4ms
02-03 13:10:24.631 D/dalvikvm(15954): GC_FOR_ALLOC freed 3200K, 41% free 9858K/16616K, paused 4ms, total 4ms
02-03 13:10:24.641 D/dalvikvm(15954): GC_FOR_ALLOC freed 3976K, 44% free 9402K/16616K, paused 5ms, total 5ms
02-03 13:10:24.651 D/dalvikvm(15954): GC_FOR_ALLOC freed 3530K, 43% free 9556K/16616K, paused 4ms, total 4ms
02-03 13:10:24.651 D/dalvikvm(15954): GC_FOR_ALLOC freed 3235K, 41% free 9866K/16616K, paused 4ms, total 4ms
02-03 13:10:24.661 D/dalvikvm(15954): GC_FOR_ALLOC freed 3245K, 41% free 9868K/16616K, paused 5ms, total 5ms
02-03 13:10:24.671 D/dalvikvm(15954): GC_FOR_ALLOC freed 4033K, 44% free 9407K/16616K, paused 5ms, total 5ms
02-03 13:10:24.671 D/dalvikvm(15954): GC_FOR_ALLOC freed 3581K, 43% free 9563K/16616K, paused 5ms, total 5ms
02-03 13:10:24.681 D/dalvikvm(15954): GC_FOR_ALLOC freed 3281K, 41% free 9877K/16616K, paused 4ms, total 4ms
02-03 13:10:24.691 D/dalvikvm(15954): GC_FOR_ALLOC freed 3291K, 41% free 9879K/16616K, paused 5ms, total 5ms
02-03 13:10:24.691 D/dalvikvm(15954): GC_FOR_ALLOC freed 4090K, 44% free 9411K/16616K, paused 4ms, total 4ms
02-03 13:10:24.701 D/dalvikvm(15954): GC_FOR_ALLOC freed 3631K, 43% free 9569K/16616K, paused 4ms, total 4ms
02-03 13:10:24.711 D/dalvikvm(15954): GC_FOR_ALLOC freed 3327K, 41% free 9888K/16616K, paused 5ms, total 5ms
02-03 13:10:24.711 D/dalvikvm(15954): GC_FOR_ALLOC freed 3337K, 41% free 9890K/16616K, paused 4ms, total 4ms
02-03 13:10:24.721 D/dalvikvm(15954): GC_FOR_ALLOC freed 4147K, 44% free 9415K/16616K, paused 5ms, total 5ms
02-03 13:10:24.731 D/dalvikvm(15954): GC_FOR_ALLOC freed 3682K, 43% free 9576K/16616K, paused 4ms, total 4ms
02-03 13:10:24.731 D/dalvikvm(15954): GC_FOR_ALLOC freed 3374K, 43% free 9578K/16616K, paused 4ms, total 4ms
02-03 13:10:24.741 D/dalvikvm(15954): GC_FOR_ALLOC freed 3384K, 43% free 9579K/16616K, paused 4ms, total 4ms
02-03 13:10:24.751 D/dalvikvm(15954): GC_FOR_ALLOC freed 3396K, 43% free 9581K/16616K, paused 5ms, total 5ms
02-03 13:10:24.751 D/dalvikvm(15954): GC_FOR_ALLOC freed 3406K, 43% free 9582K/16616K, paused 4ms, total 4ms
02-03 13:10:24.761 D/dalvikvm(15954): GC_FOR_ALLOC freed 3417K, 43% free 9584K/16616K, paused 5ms, total 5ms
02-03 13:10:24.771 D/dalvikvm(15954): GC_FOR_ALLOC freed 3429K, 43% free 9585K/16616K, paused 5ms, total 5ms
02-03 13:10:24.771 D/dalvikvm(15954): GC_FOR_ALLOC freed 3440K, 43% free 9587K/16616K, paused 4ms, total 4ms
02-03 13:10:24.781 D/dalvikvm(15954): GC_FOR_ALLOC freed 3452K, 43% free 9589K/16616K, paused 4ms, total 4ms
02-03 13:10:24.791 D/dalvikvm(15954): GC_FOR_ALLOC freed 3464K, 43% free 9590K/16616K, paused 4ms, total 4ms
02-03 13:10:24.791 D/dalvikvm(15954): GC_FOR_ALLOC freed 3474K, 43% free 9592K/16616K, paused 4ms, total 4ms
02-03 13:10:24.801 D/dalvikvm(15954): GC_FOR_ALLOC freed 3484K, 43% free 9593K/16616K, paused 4ms, total 4ms
02-03 13:10:24.811 D/dalvikvm(15954): GC_FOR_ALLOC freed 3493K, 43% free 9595K/16616K, paused 5ms, total 5ms
02-03 13:10:24.811 D/dalvikvm(15954): GC_FOR_ALLOC freed 3503K, 43% free 9596K/16616K, paused 5ms, total 5ms
02-03 13:10:24.821 D/dalvikvm(15954): GC_FOR_ALLOC freed 3512K, 43% free 9597K/16616K, paused 4ms, total 4ms
02-03 13:10:24.831 D/dalvikvm(15954): GC_FOR_ALLOC freed 3522K, 43% free 9599K/16616K, paused 4ms, total 4ms
02-03 13:10:24.831 D/dalvikvm(15954): GC_FOR_ALLOC freed 3531K, 43% free 9600K/16616K, paused 5ms, total 5ms
02-03 13:10:24.841 D/dalvikvm(15954): GC_FOR_ALLOC freed 3540K, 43% free 9601K/16616K, paused 5ms, total 5ms
02-03 13:10:24.851 D/dalvikvm(15954): GC_FOR_ALLOC freed 3551K, 43% free 9603K/16616K, paused 4ms, total 4ms
02-03 13:10:24.851 D/dalvikvm(15954): GC_FOR_ALLOC freed 3564K, 43% free 9605K/16616K, paused 5ms, total 5ms
02-03 13:10:24.861 D/dalvikvm(15954): GC_FOR_ALLOC freed 3576K, 43% free 9606K/16616K, paused 5ms, total 5ms
02-03 13:10:24.871 D/dalvikvm(15954): GC_FOR_ALLOC freed 3586K, 43% free 9608K/16616K, paused 5ms, total 5ms
02-03 13:10:24.871 D/dalvikvm(15954): GC_FOR_ALLOC freed 3597K, 43% free 9609K/16616K, paused 5ms, total 5ms
02-03 13:10:24.881 D/dalvikvm(15954): GC_FOR_ALLOC freed 3607K, 43% free 9611K/16616K, paused 4ms, total 4ms
02-03 13:10:24.891 D/dalvikvm(15954): GC_FOR_ALLOC freed 3616K, 43% free 9612K/16616K, paused 4ms, total 4ms
02-03 13:10:24.891 D/dalvikvm(15954): GC_FOR_ALLOC freed 3281K, 44% free 9442K/16616K, paused 4ms, total 4ms
02-03 13:10:24.901 D/dalvikvm(15954): GC_FOR_ALLOC freed 3637K, 44% free 9443K/16616K, paused 4ms, total 4ms
02-03 13:10:24.911 D/dalvikvm(15954): GC_FOR_ALLOC freed 3648K, 44% free 9444K/16616K, paused 5ms, total 5ms
02-03 13:10:24.911 D/dalvikvm(15954): GC_FOR_ALLOC freed 3659K, 44% free 9445K/16616K, paused 4ms, total 4ms
02-03 13:10:24.921 D/dalvikvm(15954): GC_FOR_ALLOC freed 3668K, 44% free 9446K/16616K, paused 4ms, total 4ms
02-03 13:10:24.931 D/dalvikvm(15954): GC_FOR_ALLOC freed 3678K, 44% free 9446K/16616K, paused 5ms, total 5ms
02-03 13:10:24.931 D/dalvikvm(15954): GC_FOR_ALLOC freed 3687K, 44% free 9447K/16616K, paused 4ms, total 4ms
02-03 13:10:24.941 D/dalvikvm(15954): GC_FOR_ALLOC freed 3696K, 44% free 9448K/16616K, paused 4ms, total 4ms
02-03 13:10:24.951 D/dalvikvm(15954): GC_FOR_ALLOC freed 3706K, 44% free 9449K/16616K, paused 5ms, total 5ms
02-03 13:10:24.951 D/dalvikvm(15954): GC_FOR_ALLOC freed 3715K, 44% free 9450K/16616K, paused 4ms, total 4ms
02-03 13:10:24.961 D/dalvikvm(15954): GC_FOR_ALLOC freed 3725K, 44% free 9451K/16616K, paused 4ms, total 4ms
02-03 13:10:24.971 D/dalvikvm(15954): GC_FOR_ALLOC freed 3734K, 44% free 9452K/16616K, paused 5ms, total 5ms
02-03 13:10:24.971 D/dalvikvm(15954): GC_FOR_ALLOC freed 3744K, 44% free 9453K/16616K, paused 5ms, total 5ms
02-03 13:10:24.981 D/dalvikvm(15954): GC_FOR_ALLOC freed 3753K, 44% free 9454K/16616K, paused 4ms, total 4ms
02-03 13:10:24.991 D/dalvikvm(15954): GC_FOR_ALLOC freed 3762K, 44% free 9454K/16616K, paused 4ms, total 4ms
02-03 13:10:24.991 D/dalvikvm(15954): GC_FOR_ALLOC freed 3772K, 44% free 9455K/16616K, paused 4ms, total 4ms
02-03 13:10:25.001 D/dalvikvm(15954): GC_FOR_ALLOC freed 3781K, 44% free 9456K/16616K, paused 5ms, total 5ms
02-03 13:10:25.011 D/dalvikvm(15954): GC_FOR_ALLOC freed 3791K, 44% free 9457K/16616K, paused 5ms, total 5ms
02-03 13:10:25.011 W/ufoGralloc(14239): registerBuffer() handle 0xb807b240/54 didn't require registration
02-03 13:10:25.021 D/dalvikvm(15954): GC_FOR_ALLOC freed 3800K, 44% free 9458K/16616K, paused 5ms, total 7ms
02-03 13:10:25.031 D/dalvikvm(15954): GC_FOR_ALLOC freed 3809K, 44% free 9459K/16616K, paused 5ms, total 5ms
02-03 13:10:25.031 D/WindowManager(14542): adjustConfigurationLw, config:{1.0 ?mcc?mnc ?locale ?layoutDir sw600dp w600dp h888dp 213dpi lrg port ?uimode ?night finger -keyb/v/h -nav/v} mLidState:1 mHasDockFeature:false mHasKeyboardFeature:false mHasHallSensorFeature:true config.hardKeyboardHidden:2
02-03 13:10:25.031 I/ActivityManager(14542): [TopPkgCurBat]	NowPkgName[com.asus.launcher]	Battery[87]	TimeTick[1422940225046]	OldPkgName[org.xwalk.webapi_noneservice_tests]
02-03 13:10:25.041 V/WeatherTimeProvider(15704): widget on Visibility Changed
02-03 13:10:25.051 D/dalvikvm(15954): GC_FOR_ALLOC freed 3819K, 44% free 9460K/16616K, paused 20ms, total 20ms
02-03 13:10:25.061 D/        (14886): Pixel Format : GGL_PIXEL_FORMAT_RGBA_8888
02-03 13:10:25.071 D/dalvikvm(15954): GC_FOR_ALLOC freed 3828K, 44% free 9461K/16616K, paused 7ms, total 8ms
02-03 13:10:25.071 D/XT9IME  (14763): new subtype :en_US ,keyboard
02-03 13:10:25.071 W/IInputConnectionWrapper(21555): showStatusIcon on inactive InputConnection
02-03 13:10:25.081 D/dalvikvm(15954): GC_CONCURRENT freed 3967K, 44% free 9461K/16616K, paused 1ms+1ms, total 7ms
02-03 13:10:25.111 D/dalvikvm(15954): GC_FOR_ALLOC freed 3659K, 43% free 9471K/16616K, paused 5ms, total 12ms
02-03 13:10:25.111 D/BatteryStatsImpl(14542): noteStopWakeLocked system isFromForeground = false
02-03 13:10:25.131 D/dalvikvm(15954): GC_CONCURRENT freed 3671K, 41% free 9858K/16616K, paused 2ms+1ms, total 16ms
02-03 13:10:25.141 D/        (21555): Surface destroy: ANDROID_NATIVE_WINDOW_MAGIC
02-03 13:10:25.141 D/        (21555): Surface destroy: ANDROID_NATIVE_WINDOW_MAGIC
02-03 13:10:25.151 D/dalvikvm(15954): GC_FOR_ALLOC freed 3275K, 49% free 8515K/16616K, paused 13ms, total 13ms
02-03 13:10:25.181 D/dalvikvm(15954): GC_FOR_ALLOC freed 3347K, 46% free 9088K/16616K, paused 4ms, total 4ms
02-03 13:10:25.251 D/AndroidRuntime(21647): 
02-03 13:10:25.251 D/AndroidRuntime(21647): >>>>>> AndroidRuntime START com.android.internal.os.RuntimeInit <<<<<<
02-03 13:10:25.251 D/AndroidRuntime(21647): CheckJNI is OFF
02-03 13:10:25.251 I/AndroidRuntime(21647): Kernel Release Version: 3.10.20-g25181e8-dirty
02-03 13:10:25.251 I/dalvikvm(21647): No library specified. The standard exception handler will be used
02-03 13:10:25.251 I/dalvikvm(21647): 
02-03 13:10:25.251 I/dalvikvm(21647): +++++++++++++ Using PCG. +++++++++++++++++++++
02-03 13:10:25.261 D/dalvikvm(15954): GC_CONCURRENT freed 3922K, 40% free 10101K/16616K, paused 1ms+1ms, total 12ms
02-03 13:10:25.261 D/dalvikvm(21647): Trying to load lib libjavacore.so 0x0
02-03 13:10:25.271 D/dalvikvm(21647): Added shared lib libjavacore.so 0x0
02-03 13:10:25.271 D/dalvikvm(21647): Trying to load lib libnativehelper.so 0x0
02-03 13:10:25.271 D/dalvikvm(21647): Added shared lib libnativehelper.so 0x0
02-03 13:10:25.271 D/dalvikvm(21647): No JNI_OnLoad found in libnativehelper.so 0x0, skipping init
02-03 13:10:25.271 D/dalvikvm(15954): GC_FOR_ALLOC freed 5010K, 45% free 9167K/16616K, paused 5ms, total 5ms
02-03 13:10:25.281 D/dalvikvm(21647): Extra Options: not specified
02-03 13:10:25.291 D/dalvikvm(15954): GC_CONCURRENT freed 1991K, 45% free 9190K/16616K, paused 1ms+0ms, total 6ms
02-03 13:10:25.291 D/dalvikvm(21647): Note: class Landroid/app/ActivityManagerNative; has 186 unimplemented (abstract) methods
02-03 13:10:25.301 D/dalvikvm(15954): GC_CONCURRENT freed 4065K, 45% free 9217K/16616K, paused 1ms+1ms, total 6ms
02-03 13:10:25.301 D/dalvikvm(15954): WAIT_FOR_CONCURRENT_GC blocked 6ms
02-03 13:10:25.311 D/dalvikvm(15954): GC_CONCURRENT freed 3989K, 45% free 9234K/16616K, paused 0ms+1ms, total 7ms
02-03 13:10:25.321 D/dalvikvm(15954): GC_FOR_ALLOC freed 4019K, 45% free 9268K/16616K, paused 5ms, total 5ms
02-03 13:10:25.331 D/dalvikvm(15954): GC_CONCURRENT freed 529K, 44% free 9456K/16616K, paused 1ms+1ms, total 8ms
02-03 13:10:25.341 D/dalvikvm(15954): GC_FOR_ALLOC freed 4227K, 45% free 9276K/16616K, paused 5ms, total 5ms
02-03 13:10:25.341 D/dalvikvm(15954): GC_CONCURRENT freed 1309K, 42% free 9657K/16616K, paused 0ms+1ms, total 6ms
02-03 13:10:25.351 D/dalvikvm(15954): GC_FOR_ALLOC freed 4428K, 45% free 9285K/16616K, paused 6ms, total 6ms
02-03 13:10:25.361 D/dalvikvm(15954): GC_CONCURRENT freed 1867K, 42% free 9655K/16616K, paused 1ms+1ms, total 9ms
02-03 13:10:25.381 D/dalvikvm(15954): GC_FOR_ALLOC freed 4428K, 44% free 9322K/16616K, paused 8ms, total 8ms
02-03 13:10:25.381 E/memtrack(21647): Couldn't load memtrack module (No such file or directory)
02-03 13:10:25.381 E/android.os.Debug(21647): failed to load memtrack module: -2
02-03 13:10:25.391 D/dalvikvm(15954): GC_CONCURRENT freed 121K, 45% free 9282K/16616K, paused 1ms+6ms, total 10ms
02-03 13:10:25.401 D/dalvikvm(15954): GC_CONCURRENT freed 3992K, 44% free 9325K/16616K, paused 0ms+2ms, total 5ms
02-03 13:10:25.401 D/dalvikvm(15954): WAIT_FOR_CONCURRENT_GC blocked 3ms
02-03 13:10:25.411 D/dalvikvm(15954): GC_CONCURRENT freed 4001K, 44% free 9331K/16616K, paused 2ms+1ms, total 8ms
02-03 13:10:25.431 D/dalvikvm(15954): GC_FOR_ALLOC freed 4178K, 45% free 9243K/16616K, paused 12ms, total 13ms
02-03 13:10:25.441 D/AndroidRuntime(21647): Calling main entry com.android.commands.am.Am
02-03 13:10:25.441 D/dalvikvm(15954): GC_CONCURRENT freed 3102K, 43% free 9477K/16616K, paused 0ms+6ms, total 17ms
02-03 13:10:25.461 D/dalvikvm(15954): GC_CONCURRENT freed 4170K, 44% free 9327K/16616K, paused 0ms+1ms, total 6ms
02-03 13:10:25.471 D/dalvikvm(15954): GC_CONCURRENT freed 4128K, 45% free 9279K/16616K, paused 2ms+1ms, total 8ms
02-03 13:10:25.471 D/dalvikvm(15954): WAIT_FOR_CONCURRENT_GC blocked 6ms
02-03 13:10:25.481 I/ActivityManager(14542): Force stopping org.xwalk.webapi_noneservice_tests appid=11605 user=0: from pid 21647
02-03 13:10:25.481 D/dalvikvm(15954): GC_FOR_ALLOC freed 4054K, 45% free 9279K/16616K, paused 6ms, total 6ms
02-03 13:10:25.481 I/ActivityManager(14542): Killing 21555:org.xwalk.webapi_noneservice_tests/u0a1605 (adj 1): stop org.xwalk.webapi_noneservice_tests
02-03 13:10:25.491 I/SecurityManagerService(14632): SMS received security event: App[STOP/org.xwalk.webapi_noneservice_tests]
02-03 13:10:25.491 D/AndroidRuntime(21647): Shutting down VM
02-03 13:10:25.491 D/dalvikvm(21647): GC_CONCURRENT freed 112K, 16% free 666K/792K, paused 0ms+0ms, total 1ms
02-03 13:10:25.501 D/dalvikvm(21647): Compiler shutdown in progress - discarding request
02-03 13:10:25.501 D/dalvikvm(21647): Compiler shutdown in progress - discarding request
02-03 13:10:25.501 D/dalvikvm(21647): Compiler shutdown in progress - discarding request
02-03 13:10:25.501 D/dalvikvm(21647): Compiler shutdown in progress - discarding request
02-03 13:10:25.501 D/dalvikvm(21647): Compiler shutdown in progress - discarding request
02-03 13:10:25.501 D/dalvikvm(21647): Compiler shutdown in progress - discarding request
02-03 13:10:25.501 D/dalvikvm(21647): Compiler shutdown in progress - discarding request
02-03 13:10:25.501 D/dalvikvm(21647): Compiler shutdown in progress - discarding request
02-03 13:10:25.501 D/dalvikvm(21647): Compiler shutdown in progress - discarding request
02-03 13:10:25.501 D/dalvikvm(21647): Compiler shutdown in progress - discarding request
02-03 13:10:25.501 D/dalvikvm(21647): Compiler shutdown in progress - discarding request
02-03 13:10:25.501 D/dalvikvm(21647): Compiler shutdown in progress - discarding request
02-03 13:10:25.501 D/dalvikvm(21647): Compiler shutdown in progress - discarding request
02-03 13:10:25.501 D/dalvikvm(21647): Compiler shutdown in progress - discarding request
02-03 13:10:25.501 D/dalvikvm(21647): Compiler shutdown in progress - discarding request
02-03 13:10:25.501 D/dalvikvm(21647): Compiler shutdown in progress - discarding request
02-03 13:10:25.501 D/dalvikvm(21647): Compiler shutdown in progress - discarding request
02-03 13:10:25.501 D/dalvikvm(21647): Compiler shutdown in progress - discarding request
02-03 13:10:25.501 D/dalvikvm(21647): Compiler shutdown in progress - discarding request
02-03 13:10:25.501 D/dalvikvm(21647): Compiler shutdown in progress - discarding request
02-03 13:10:25.501 D/dalvikvm(21647): Compiler shutdown in progress - discarding request
02-03 13:10:25.501 D/dalvikvm(21647): Compiler shutdown in progress - discarding request
02-03 13:10:25.501 D/dalvikvm(21647): Compiler shutdown in progress - discarding request
02-03 13:10:25.501 D/dalvikvm(21647): Compiler shutdown in progress - discarding request
02-03 13:10:25.501 D/dalvikvm(21647): Compiler shutdown in progress - discarding request
02-03 13:10:25.501 D/dalvikvm(21647): Compiler shutdown in progress - discarding request
02-03 13:10:25.501 D/dalvikvm(21647): Compiler shutdown in progress - discarding request
02-03 13:10:25.501 D/dalvikvm(21647): Compiler shutdown in progress - discarding request
02-03 13:10:25.501 D/dalvikvm(21647): Compiler shutdown in progress - discarding request
02-03 13:10:25.501 D/dalvikvm(21647): Compiler shutdown in progress - discarding request
02-03 13:10:25.501 D/dalvikvm(21647): Compiler shutdown in progress - discarding request
02-03 13:10:25.501 D/dalvikvm(21647): Compiler shutdown in progress - discarding request
02-03 13:10:25.501 D/dalvikvm(21647): Compiler shutdown in progress - discarding request
02-03 13:10:25.501 D/dalvikvm(21647): Compiler shutdown in progress - discarding request
02-03 13:10:25.501 D/dalvikvm(21647): Compiler shutdown in progress - discarding request
02-03 13:10:25.501 D/dalvikvm(21647): Compiler shutdown in progress - discarding request
02-03 13:10:25.501 D/dalvikvm(21647): Compiler shutdown in progress - discarding request
02-03 13:10:25.501 D/dalvikvm(21647): Compiler shutdown in progress - discarding request
02-03 13:10:25.501 D/dalvikvm(21647): Compiler shutdown in progress - discarding request
02-03 13:10:25.501 D/dalvikvm(21647): Compiler shutdown in progress - discarding request
02-03 13:10:25.501 D/dalvikvm(21647): Compiler shutdown in progress - discarding request
02-03 13:10:25.501 D/dalvikvm(21647): Compiler shutdown in progress - discarding request
02-03 13:10:25.501 D/dalvikvm(21647): Compiler shutdown in progress - discarding request
02-03 13:10:25.501 D/dalvikvm(21647): Compiler shutdown in progress - discarding request
02-03 13:10:25.501 D/dalvikvm(21647): Compiler shutdown in progress - discarding request
02-03 13:10:25.511 D/dalvikvm(15954): GC_FOR_ALLOC freed 4070K, 45% free 9226K/16616K, paused 26ms, total 26ms
02-03 13:10:25.521 D/dalvikvm(15954): GC_CONCURRENT freed 109K, 45% free 9280K/16616K, paused 1ms+1ms, total 5ms
02-03 13:10:25.521 E/JavaBinder(14542): !!! FAILED BINDER TRANSACTION !!!
02-03 13:10:25.521 E/JavaBinder(14542): !!! FAILED BINDER TRANSACTION !!!
02-03 13:10:25.531 D/dalvikvm(15954): GC_CONCURRENT freed 3911K, 44% free 9393K/16616K, paused 1ms+1ms, total 9ms
02-03 13:10:25.531 D/dalvikvm(15954): WAIT_FOR_CONCURRENT_GC blocked 2ms
02-03 13:10:25.541 W/SurfaceFlinger(14239): couldn't log to binary event log: overflow.
02-03 13:10:25.541 D/dalvikvm(15954): GC_CONCURRENT freed 4015K, 44% free 9397K/16616K, paused 0ms+1ms, total 5ms
02-03 13:10:25.541 D/dalvikvm(15954): WAIT_FOR_CONCURRENT_GC blocked 5ms
02-03 13:10:25.551 D/dalvikvm(15954): GC_CONCURRENT freed 4119K, 45% free 9282K/16616K, paused 0ms+0ms, total 5ms
02-03 13:10:25.551 D/dalvikvm(15954): WAIT_FOR_CONCURRENT_GC blocked 4ms
02-03 13:10:25.561 I/WindowState(14542): WIN DEATH: Window{22587228 u0 SurfaceView}
02-03 13:10:25.561 D/dalvikvm(15954): GC_CONCURRENT freed 3977K, 44% free 9347K/16616K, paused 1ms+6ms, total 10ms
02-03 13:10:25.561 D/dalvikvm(15954): WAIT_FOR_CONCURRENT_GC blocked 9ms
02-03 13:10:25.561 I/WindowState(14542): WIN DEATH: Window{22586c58 u0 org.xwalk.webapi_noneservice_tests/org.xwalk.webapi_noneservice_tests.WebapiNoneserviceTestsActivity}
02-03 13:10:25.571 D/dalvikvm(15954): GC_FOR_ALLOC freed 4134K, 45% free 9286K/16616K, paused 5ms, total 5ms
02-03 13:10:25.581 D/dalvikvm(15954): GC_CONCURRENT freed 3976K, 44% free 9318K/16616K, paused 1ms+0ms, total 6ms
02-03 13:10:25.581 D/dalvikvm(15954): WAIT_FOR_CONCURRENT_GC blocked 5ms
02-03 13:10:25.591 D/dalvikvm(15954): GC_FOR_ALLOC freed 4061K, 44% free 9318K/16616K, paused 5ms, total 5ms
02-03 13:10:25.601 D/dalvikvm(15954): GC_CONCURRENT freed 3689K, 43% free 9576K/16616K, paused 4ms+1ms, total 10ms
02-03 13:10:25.601 D/dalvikvm(15954): WAIT_FOR_CONCURRENT_GC blocked 2ms
02-03 13:10:25.611 D/dalvikvm(15954): GC_FOR_ALLOC freed 4213K, 44% free 9452K/16616K, paused 8ms, total 8ms
02-03 13:10:25.621 D/dalvikvm(15954): GC_CONCURRENT freed 3688K, 41% free 9936K/16616K, paused 1ms+1ms, total 7ms
02-03 13:10:25.621 D/dalvikvm(15954): GC_FOR_ALLOC freed 4512K, 44% free 9461K/16616K, paused 6ms, total 6ms
02-03 13:10:25.631 D/dalvikvm(15954): GC_CONCURRENT freed 3755K, 42% free 9673K/16616K, paused 1ms+1ms, total 6ms
02-03 13:10:25.631 D/dalvikvm(15954): WAIT_FOR_CONCURRENT_GC blocked 2ms
02-03 13:10:25.641 D/dalvikvm(15954): GC_FOR_ALLOC freed 4243K, 44% free 9465K/16616K, paused 5ms, total 5ms
02-03 13:10:25.651 D/dalvikvm(15954): GC_CONCURRENT freed 3882K, 43% free 9537K/16616K, paused 1ms+1ms, total 8ms
02-03 13:10:25.651 D/dalvikvm(15954): WAIT_FOR_CONCURRENT_GC blocked 4ms
02-03 13:10:25.651 D/dalvikvm(15954): GC_CONCURRENT freed 4085K, 44% free 9427K/16616K, paused 1ms+1ms, total 5ms
02-03 13:10:25.651 D/dalvikvm(15954): WAIT_FOR_CONCURRENT_GC blocked 4ms
02-03 13:10:25.661 D/dalvikvm(15954): GC_FOR_ALLOC freed 4000K, 43% free 9502K/16616K, paused 5ms, total 5ms
02-03 13:10:25.671 D/dalvikvm(15954): GC_CONCURRENT freed 3608K, 41% free 9804K/16616K, paused 0ms+1ms, total 6ms
02-03 13:10:25.671 D/dalvikvm(15954): WAIT_FOR_CONCURRENT_GC blocked 1ms
02-03 13:10:25.681 D/dalvikvm(15954): GC_FOR_ALLOC freed 4495K, 44% free 9350K/16616K, paused 5ms, total 5ms
02-03 13:10:25.681 D/dalvikvm(15954): GC_CONCURRENT freed 3472K, 41% free 9897K/16616K, paused 0ms+1ms, total 5ms
02-03 13:10:25.681 D/dalvikvm(15954): WAIT_FOR_CONCURRENT_GC blocked 2ms
02-03 13:10:25.691 D/dalvikvm(15954): GC_CONCURRENT freed 4542K, 44% free 9433K/16616K, paused 1ms+1ms, total 6ms
02-03 13:10:25.691 D/dalvikvm(15954): WAIT_FOR_CONCURRENT_GC blocked 5ms
02-03 13:10:25.701 D/dalvikvm(15954): GC_FOR_ALLOC freed 4135K, 45% free 9271K/16616K, paused 5ms, total 5ms
02-03 13:10:25.711 D/dalvikvm(15954): GC_CONCURRENT freed 3371K, 41% free 9924K/16616K, paused 1ms+1ms, total 7ms
02-03 13:10:25.721 D/dalvikvm(15954): GC_CONCURRENT freed 4569K, 44% free 9438K/16616K, paused 1ms+1ms, total 5ms
02-03 13:10:25.721 D/dalvikvm(15954): WAIT_FOR_CONCURRENT_GC blocked 4ms
02-03 13:10:25.721 D/dalvikvm(15954): GC_FOR_ALLOC freed 3879K, 43% free 9522K/16616K, paused 4ms, total 4ms
02-03 13:10:25.731 D/dalvikvm(15954): GC_FOR_ALLOC freed 4182K, 44% free 9384K/16616K, paused 4ms, total 4ms
02-03 13:10:25.741 D/dalvikvm(15954): GC_CONCURRENT freed 3461K, 41% free 9896K/16616K, paused 0ms+1ms, total 6ms
02-03 13:10:25.741 D/dalvikvm(15954): WAIT_FOR_CONCURRENT_GC blocked 2ms
02-03 13:10:25.741 D/dalvikvm(15954): GC_FOR_ALLOC freed 4442K, 44% free 9382K/16616K, paused 4ms, total 4ms
02-03 13:10:25.751 D/dalvikvm(15954): GC_FOR_ALLOC freed 4151K, 45% free 9293K/16616K, paused 4ms, total 4ms
02-03 13:10:25.761 D/dalvikvm(15954): GC_CONCURRENT freed 3486K, 41% free 9822K/16616K, paused 1ms+1ms, total 6ms
02-03 13:10:25.761 D/dalvikvm(15954): WAIT_FOR_CONCURRENT_GC blocked 2ms
02-03 13:10:25.761 D/dalvikvm(15954): GC_FOR_ALLOC freed 4232K, 43% free 9559K/16616K, paused 4ms, total 4ms
02-03 13:10:25.771 D/dalvikvm(15954): GC_CONCURRENT freed 3652K, 41% free 9919K/16616K, paused 0ms+1ms, total 6ms
02-03 13:10:25.771 D/dalvikvm(15954): WAIT_FOR_CONCURRENT_GC blocked 2ms
02-03 13:10:25.781 D/dalvikvm(15954): GC_FOR_ALLOC freed 4502K, 45% free 9285K/16616K, paused 4ms, total 4ms
02-03 13:10:25.791 D/dalvikvm(15954): GC_FOR_ALLOC freed 3907K, 44% free 9314K/16616K, paused 4ms, total 4ms
02-03 13:10:25.791 D/dalvikvm(15954): GC_FOR_ALLOC freed 3944K, 44% free 9312K/16616K, paused 4ms, total 4ms
02-03 13:10:25.801 D/dalvikvm(15954): GC_CONCURRENT freed 3788K, 43% free 9504K/16616K, paused 0ms+1ms, total 5ms
02-03 13:10:25.801 D/dalvikvm(15954): WAIT_FOR_CONCURRENT_GC blocked 4ms
02-03 13:10:25.811 D/dalvikvm(15954): GC_CONCURRENT freed 4018K, 43% free 9503K/16616K, paused 1ms+1ms, total 5ms
02-03 13:10:25.811 D/dalvikvm(15954): WAIT_FOR_CONCURRENT_GC blocked 4ms
02-03 13:10:25.821 D/dalvikvm(15954): GC_CONCURRENT freed 4051K, 43% free 9507K/16616K, paused 1ms+1ms, total 5ms
02-03 13:10:25.821 D/dalvikvm(15954): WAIT_FOR_CONCURRENT_GC blocked 4ms
02-03 13:10:25.821 D/dalvikvm(15954): GC_FOR_ALLOC freed 3799K, 43% free 9603K/16616K, paused 4ms, total 4ms
02-03 13:10:25.831 D/dalvikvm(15954): GC_FOR_ALLOC freed 3931K, 44% free 9309K/16616K, paused 5ms, total 5ms
02-03 13:10:25.841 D/dalvikvm(15954): GC_FOR_ALLOC freed 3662K, 43% free 9607K/16616K, paused 4ms, total 4ms
02-03 13:10:25.841 D/dalvikvm(15954): GC_FOR_ALLOC freed 3997K, 44% free 9308K/16616K, paused 4ms, total 4ms
02-03 13:10:25.851 D/dalvikvm(15954): GC_FOR_ALLOC freed 3723K, 43% free 9612K/16616K, paused 4ms, total 4ms
02-03 13:10:25.861 D/dalvikvm(15954): GC_CONCURRENT freed 3357K, 40% free 10013K/16616K, paused 1ms+1ms, total 6ms
02-03 13:10:25.861 D/dalvikvm(15954): WAIT_FOR_CONCURRENT_GC blocked 2ms
02-03 13:10:25.861 D/dalvikvm(15954): GC_FOR_ALLOC freed 3773K, 44% free 9411K/16616K, paused 4ms, total 4ms
02-03 13:10:25.871 D/dalvikvm(15954): GC_CONCURRENT freed 3914K, 43% free 9517K/16616K, paused 0ms+0ms, total 5ms
02-03 13:10:25.871 D/dalvikvm(15954): WAIT_FOR_CONCURRENT_GC blocked 5ms
02-03 13:10:25.881 D/dalvikvm(15954): GC_FOR_ALLOC freed 3845K, 44% free 9308K/16616K, paused 4ms, total 4ms
02-03 13:10:25.891 D/dalvikvm(15954): GC_FOR_ALLOC freed 3872K, 44% free 9414K/16616K, paused 4ms, total 4ms
02-03 13:10:25.891 D/dalvikvm(15954): GC_CONCURRENT freed 3168K, 41% free 9941K/16616K, paused 1ms+1ms, total 7ms
02-03 13:10:25.891 D/dalvikvm(15954): WAIT_FOR_CONCURRENT_GC blocked 3ms
02-03 13:10:25.901 D/dalvikvm(15954): GC_FOR_ALLOC freed 3497K, 44% free 9418K/16616K, paused 4ms, total 4ms
02-03 13:10:25.911 D/dalvikvm(15954): GC_FOR_ALLOC freed 3739K, 44% free 9421K/16616K, paused 4ms, total 4ms
02-03 13:10:25.911 D/dalvikvm(15954): GC_FOR_ALLOC freed 3550K, 44% free 9316K/16616K, paused 5ms, total 5ms
02-03 13:10:25.921 D/dalvikvm(15954): GC_FOR_ALLOC freed 3790K, 44% free 9317K/16616K, paused 4ms, total 4ms
02-03 13:10:25.931 D/dalvikvm(15954): GC_FOR_ALLOC freed 3816K, 44% free 9319K/16616K, paused 4ms, total 4ms
02-03 13:10:25.931 D/dalvikvm(15954): GC_FOR_ALLOC freed 3842K, 44% free 9320K/16616K, paused 4ms, total 4ms
02-03 13:10:25.941 D/dalvikvm(15954): GC_FOR_ALLOC freed 3869K, 44% free 9322K/16616K, paused 5ms, total 5ms
02-03 13:10:25.951 D/dalvikvm(15954): GC_FOR_ALLOC freed 3895K, 44% free 9323K/16616K, paused 4ms, total 4ms
02-03 13:10:25.951 D/dalvikvm(15954): GC_FOR_ALLOC freed 3921K, 44% free 9324K/16616K, paused 4ms, total 4ms
02-03 13:10:25.961 D/dalvikvm(15954): GC_FOR_ALLOC freed 3947K, 44% free 9326K/16616K, paused 4ms, total 4ms
02-03 13:10:25.971 D/dalvikvm(15954): GC_CONCURRENT freed 3746K, 43% free 9555K/16616K, paused 1ms+1ms, total 6ms
02-03 13:10:25.971 D/dalvikvm(15954): WAIT_FOR_CONCURRENT_GC blocked 5ms
02-03 13:10:25.981 D/dalvikvm(15954): GC_FOR_ALLOC freed 3653K, 42% free 9671K/16616K, paused 4ms, total 4ms
02-03 13:10:25.981 D/dalvikvm(15954): GC_FOR_ALLOC freed 3792K, 44% free 9330K/16616K, paused 5ms, total 5ms
02-03 13:10:25.991 D/dalvikvm(15954): GC_FOR_ALLOC freed 3466K, 42% free 9678K/16616K, paused 4ms, total 4ms
02-03 13:10:26.001 D/dalvikvm(15954): GC_FOR_ALLOC freed 3837K, 44% free 9333K/16616K, paused 4ms, total 4ms
02-03 13:10:26.001 D/dalvikvm(15954): GC_FOR_ALLOC freed 3510K, 42% free 9685K/16616K, paused 4ms, total 5ms
02-03 13:10:26.011 D/dalvikvm(15954): GC_FOR_ALLOC freed 3887K, 44% free 9336K/16616K, paused 4ms, total 4ms
02-03 13:10:26.021 D/dalvikvm(15954): GC_FOR_ALLOC freed 3555K, 44% free 9456K/16616K, paused 5ms, total 5ms
02-03 13:10:26.021 D/dalvikvm(15954): GC_FOR_ALLOC freed 3338K, 42% free 9696K/16616K, paused 4ms, total 4ms
02-03 13:10:26.031 D/dalvikvm(15954): GC_FOR_ALLOC freed 3357K, 42% free 9700K/16616K, paused 4ms, total 4ms
