02-03 12:49:31.641 D/dalvikvm(20248): Compiler shutdown in progress - discarding request
02-03 12:49:31.641 D/dalvikvm(20248): Compiler shutdown in progress - discarding request
02-03 12:49:31.641 D/dalvikvm(20248): Compiler shutdown in progress - discarding request
02-03 12:49:31.641 D/dalvikvm(20248): Compiler shutdown in progress - discarding request
02-03 12:49:31.641 D/dalvikvm(20248): Compiler shutdown in progress - discarding request
02-03 12:49:31.641 D/dalvikvm(20248): Compiler shutdown in progress - discarding request
02-03 12:49:31.641 D/dalvikvm(20248): Compiler shutdown in progress - discarding request
02-03 12:49:31.641 D/dalvikvm(20248): Compiler shutdown in progress - discarding request
02-03 12:49:31.641 D/dalvikvm(20248): Compiler shutdown in progress - discarding request
02-03 12:49:31.641 D/dalvikvm(20248): Compiler shutdown in progress - discarding request
02-03 12:49:31.641 D/dalvikvm(20248): Compiler shutdown in progress - discarding request
02-03 12:49:31.641 D/dalvikvm(20248): Compiler shutdown in progress - discarding request
02-03 12:49:31.641 D/dalvikvm(20248): Compiler shutdown in progress - discarding request
02-03 12:49:31.641 D/dalvikvm(20248): Compiler shutdown in progress - discarding request
02-03 12:49:31.641 D/dalvikvm(20248): Compiler shutdown in progress - discarding request
02-03 12:49:31.641 D/dalvikvm(20248): Compiler shutdown in progress - discarding request
02-03 12:49:31.641 D/dalvikvm(20248): Compiler shutdown in progress - discarding request
02-03 12:49:31.641 D/dalvikvm(20248): Compiler shutdown in progress - discarding request
02-03 12:49:31.641 D/dalvikvm(20248): Compiler shutdown in progress - discarding request
02-03 12:49:31.641 D/dalvikvm(20248): Compiler shutdown in progress - discarding request
02-03 12:49:31.641 D/dalvikvm(20248): Compiler shutdown in progress - discarding request
02-03 12:49:31.641 D/dalvikvm(20248): Compiler shutdown in progress - discarding request
02-03 12:49:31.641 D/dalvikvm(20248): Compiler shutdown in progress - discarding request
02-03 12:49:31.641 D/dalvikvm(20248): Compiler shutdown in progress - discarding request
02-03 12:49:31.641 D/dalvikvm(20248): Compiler shutdown in progress - discarding request
02-03 12:49:31.641 D/dalvikvm(20248): Compiler shutdown in progress - discarding request
02-03 12:49:31.641 D/dalvikvm(20248): Compiler shutdown in progress - discarding request
02-03 12:49:31.641 D/dalvikvm(20248): Compiler shutdown in progress - discarding request
02-03 12:49:31.641 D/dalvikvm(20248): Compiler shutdown in progress - discarding request
02-03 12:49:31.641 D/dalvikvm(20248): Compiler shutdown in progress - discarding request
02-03 12:49:31.641 D/dalvikvm(20248): Compiler shutdown in progress - discarding request
02-03 12:49:31.641 D/dalvikvm(20248): Compiler shutdown in progress - discarding request
02-03 12:49:31.641 D/dalvikvm(20248): Compiler shutdown in progress - discarding request
02-03 12:49:31.641 D/dalvikvm(20248): Compiler shutdown in progress - discarding request
02-03 12:49:31.651 D/dalvikvm(15954): GC_FOR_ALLOC freed 3829K, 48% free 9184K/17496K, paused 5ms, total 5ms
02-03 12:49:31.651 D/dalvikvm(15954): GC_FOR_ALLOC freed 3848K, 48% free 9181K/17496K, paused 5ms, total 5ms
02-03 12:49:31.661 D/dalvikvm(15954): GC_FOR_ALLOC freed 3867K, 48% free 9178K/17496K, paused 4ms, total 4ms
02-03 12:49:31.671 D/dalvikvm(15954): GC_FOR_ALLOC freed 3886K, 48% free 9176K/17496K, paused 4ms, total 4ms
02-03 12:49:31.671 D/dalvikvm(15954): GC_FOR_ALLOC freed 3904K, 48% free 9173K/17496K, paused 4ms, total 4ms
02-03 12:49:31.681 D/dalvikvm(15954): GC_FOR_ALLOC freed 3923K, 48% free 9170K/17496K, paused 5ms, total 5ms
02-03 12:49:31.691 D/dalvikvm(15954): GC_FOR_ALLOC freed 3942K, 48% free 9168K/17496K, paused 4ms, total 4ms
02-03 12:49:31.701 D/dalvikvm(15954): GC_FOR_ALLOC freed 3961K, 48% free 9197K/17496K, paused 4ms, total 4ms
02-03 12:49:31.701 D/dalvikvm(15954): GC_CONCURRENT freed 3555K, 46% free 9619K/17496K, paused 1ms+1ms, total 6ms
02-03 12:49:31.701 D/dalvikvm(15954): WAIT_FOR_CONCURRENT_GC blocked 3ms
02-03 12:49:31.711 D/dalvikvm(15954): GC_CONCURRENT freed 4137K, 46% free 9477K/17496K, paused 1ms+1ms, total 5ms
02-03 12:49:31.711 D/dalvikvm(15954): WAIT_FOR_CONCURRENT_GC blocked 4ms
02-03 12:49:31.721 D/dalvikvm(15954): GC_CONCURRENT freed 4012K, 46% free 9480K/17496K, paused 1ms+1ms, total 5ms
02-03 12:49:31.721 D/dalvikvm(15954): WAIT_FOR_CONCURRENT_GC blocked 4ms
02-03 12:49:31.731 D/dalvikvm(15954): GC_CONCURRENT freed 4031K, 46% free 9482K/17496K, paused 0ms+1ms, total 4ms
02-03 12:49:31.731 D/dalvikvm(15954): WAIT_FOR_CONCURRENT_GC blocked 5ms
02-03 12:49:31.731 D/dalvikvm(15954): GC_CONCURRENT freed 4050K, 46% free 9485K/17496K, paused 1ms+1ms, total 5ms
02-03 12:49:31.731 D/dalvikvm(15954): WAIT_FOR_CONCURRENT_GC blocked 4ms
02-03 12:49:31.741 D/dalvikvm(15954): GC_CONCURRENT freed 4068K, 46% free 9488K/17496K, paused 0ms+1ms, total 4ms
02-03 12:49:31.741 D/dalvikvm(15954): WAIT_FOR_CONCURRENT_GC blocked 4ms
02-03 12:49:31.751 D/dalvikvm(15954): GC_CONCURRENT freed 4092K, 46% free 9486K/17496K, paused 1ms+1ms, total 5ms
02-03 12:49:31.751 D/dalvikvm(15954): WAIT_FOR_CONCURRENT_GC blocked 4ms
02-03 12:49:31.751 D/dalvikvm(15954): GC_FOR_ALLOC freed 3668K, 45% free 9631K/17496K, paused 4ms, total 4ms
02-03 12:49:31.761 D/dalvikvm(15954): GC_FOR_ALLOC freed 4127K, 47% free 9335K/17496K, paused 4ms, total 4ms
02-03 12:49:31.771 D/dalvikvm(15954): GC_FOR_ALLOC freed 3849K, 48% free 9186K/17496K, paused 4ms, total 4ms
02-03 12:49:31.781 D/dalvikvm(15954): GC_FOR_ALLOC freed 3419K, 45% free 9628K/17496K, paused 4ms, total 4ms
02-03 12:49:31.781 D/dalvikvm(15954): GC_FOR_ALLOC freed 4178K, 47% free 9361K/17496K, paused 4ms, total 4ms
02-03 12:49:31.791 D/dalvikvm(15954): GC_FOR_ALLOC freed 3897K, 48% free 9210K/17496K, paused 4ms, total 4ms
02-03 12:49:31.801 D/dalvikvm(15954): GC_FOR_ALLOC freed 3461K, 45% free 9657K/17496K, paused 4ms, total 4ms
02-03 12:49:31.801 D/dalvikvm(15954): GC_FOR_ALLOC freed 4230K, 47% free 9355K/17496K, paused 4ms, total 4ms
02-03 12:49:31.811 D/dalvikvm(15954): GC_FOR_ALLOC freed 3945K, 48% free 9201K/17496K, paused 4ms, total 4ms
02-03 12:49:31.821 D/dalvikvm(15954): GC_FOR_ALLOC freed 3504K, 45% free 9655K/17496K, paused 4ms, total 4ms
02-03 12:49:31.821 D/dalvikvm(15954): GC_CONCURRENT freed 4282K, 47% free 9349K/17496K, paused 1ms+1ms, total 5ms
02-03 12:49:31.821 D/dalvikvm(15954): WAIT_FOR_CONCURRENT_GC blocked 3ms
02-03 12:49:31.831 D/dalvikvm(15954): GC_FOR_ALLOC freed 3994K, 48% free 9193K/17496K, paused 4ms, total 4ms
02-03 12:49:31.841 D/dalvikvm(15954): GC_CONCURRENT freed 3546K, 45% free 9684K/17496K, paused 0ms+0ms, total 5ms
02-03 12:49:31.841 D/dalvikvm(15954): WAIT_FOR_CONCURRENT_GC blocked 5ms
02-03 12:49:31.851 D/dalvikvm(15954): GC_CONCURRENT freed 4024K, 45% free 9683K/17496K, paused 1ms+1ms, total 7ms
02-03 12:49:31.851 D/dalvikvm(15954): WAIT_FOR_CONCURRENT_GC blocked 6ms
02-03 12:49:31.861 D/dalvikvm(15954): GC_FOR_ALLOC freed 4351K, 48% free 9217K/17496K, paused 5ms, total 5ms
02-03 12:49:31.861 D/dalvikvm(15954): GC_CONCURRENT freed 4056K, 48% free 9214K/17496K, paused 0ms+1ms, total 4ms
02-03 12:49:31.861 D/dalvikvm(15954): WAIT_FOR_CONCURRENT_GC blocked 4ms
02-03 12:49:31.871 D/dalvikvm(15954): GC_CONCURRENT freed 3605K, 45% free 9681K/17496K, paused 1ms+1ms, total 5ms
02-03 12:49:31.871 D/dalvikvm(15954): WAIT_FOR_CONCURRENT_GC blocked 4ms
02-03 12:49:31.881 D/dalvikvm(15954): GC_FOR_ALLOC freed 4403K, 48% free 9208K/17496K, paused 5ms, total 5ms
02-03 12:49:31.891 D/dalvikvm(15954): GC_FOR_ALLOC freed 3631K, 47% free 9363K/17496K, paused 4ms, total 4ms
02-03 12:49:31.891 D/dalvikvm(15954): GC_FOR_ALLOC freed 4120K, 48% free 9203K/17496K, paused 4ms, total 4ms
02-03 12:49:31.901 D/dalvikvm(15954): GC_FOR_ALLOC freed 3658K, 47% free 9390K/17496K, paused 4ms, total 4ms
02-03 12:49:31.911 D/dalvikvm(15954): GC_CONCURRENT freed 3828K, 46% free 9552K/17496K, paused 1ms+1ms, total 5ms
02-03 12:49:31.911 D/dalvikvm(15954): WAIT_FOR_CONCURRENT_GC blocked 4ms
02-03 12:49:31.921 D/dalvikvm(15954): GC_FOR_ALLOC freed 4005K, 47% free 9390K/17496K, paused 4ms, total 4ms
02-03 12:49:31.921 D/dalvikvm(15954): GC_CONCURRENT freed 3858K, 46% free 9553K/17496K, paused 0ms+1ms, total 4ms
02-03 12:49:31.921 D/dalvikvm(15954): WAIT_FOR_CONCURRENT_GC blocked 4ms
02-03 12:49:31.931 D/dalvikvm(15954): GC_FOR_ALLOC freed 4035K, 47% free 9389K/17496K, paused 5ms, total 5ms
02-03 12:49:31.941 D/dalvikvm(15954): GC_CONCURRENT freed 3887K, 46% free 9554K/17496K, paused 0ms+1ms, total 4ms
02-03 12:49:31.941 D/dalvikvm(15954): WAIT_FOR_CONCURRENT_GC blocked 5ms
02-03 12:49:31.941 D/dalvikvm(15954): GC_FOR_ALLOC freed 4065K, 47% free 9389K/17496K, paused 4ms, total 4ms
02-03 12:49:31.951 D/dalvikvm(15954): GC_CONCURRENT freed 3916K, 46% free 9555K/17496K, paused 1ms+1ms, total 5ms
02-03 12:49:31.951 D/dalvikvm(15954): WAIT_FOR_CONCURRENT_GC blocked 4ms
02-03 12:49:31.961 D/dalvikvm(15954): GC_FOR_ALLOC freed 4098K, 47% free 9389K/17496K, paused 4ms, total 4ms
02-03 12:49:31.971 D/dalvikvm(15954): GC_FOR_ALLOC freed 3456K, 45% free 9716K/17496K, paused 5ms, total 5ms
02-03 12:49:31.971 D/dalvikvm(15954): GC_FOR_ALLOC freed 4294K, 48% free 9220K/17496K, paused 4ms, total 4ms
02-03 12:49:31.981 D/dalvikvm(15954): GC_CONCURRENT freed 3812K, 47% free 9383K/17496K, paused 1ms+1ms, total 5ms
02-03 12:49:31.981 D/dalvikvm(15954): WAIT_FOR_CONCURRENT_GC blocked 4ms
02-03 12:49:31.991 D/dalvikvm(15954): GC_FOR_ALLOC freed 3491K, 45% free 9744K/17496K, paused 4ms, total 4ms
02-03 12:49:31.991 D/dalvikvm(15954): GC_FOR_ALLOC freed 4335K, 48% free 9243K/17496K, paused 4ms, total 4ms
02-03 12:49:32.001 D/dalvikvm(15954): GC_CONCURRENT freed 3846K, 47% free 9407K/17496K, paused 1ms+1ms, total 5ms
02-03 12:49:32.001 D/dalvikvm(15954): WAIT_FOR_CONCURRENT_GC blocked 4ms
02-03 12:49:32.011 D/dalvikvm(15954): GC_FOR_ALLOC freed 3523K, 45% free 9739K/17496K, paused 4ms, total 4ms
02-03 12:49:32.021 D/dalvikvm(15954): GC_FOR_ALLOC freed 4374K, 48% free 9234K/17496K, paused 6ms, total 6ms
02-03 12:49:32.021 D/dalvikvm(15954): GC_CONCURRENT freed 3880K, 47% free 9400K/17496K, paused 1ms+1ms, total 5ms
02-03 12:49:32.021 D/dalvikvm(15954): WAIT_FOR_CONCURRENT_GC blocked 4ms
02-03 12:49:32.031 D/dalvikvm(15954): GC_FOR_ALLOC freed 3556K, 45% free 9735K/17496K, paused 4ms, total 4ms
02-03 12:49:32.041 D/dalvikvm(15954): GC_FOR_ALLOC freed 4419K, 48% free 9226K/17496K, paused 4ms, total 4ms
02-03 12:49:32.041 D/dalvikvm(15954): GC_FOR_ALLOC freed 3582K, 48% free 9255K/17496K, paused 4ms, total 4ms
02-03 12:49:32.051 D/dalvikvm(15954): GC_FOR_ALLOC freed 3593K, 48% free 9252K/17496K, paused 4ms, total 4ms
02-03 12:49:32.061 D/dalvikvm(15954): GC_FOR_ALLOC freed 3603K, 48% free 9249K/17496K, paused 4ms, total 4ms
02-03 12:49:32.061 D/dalvikvm(15954): GC_FOR_ALLOC freed 3613K, 48% free 9246K/17496K, paused 4ms, total 5ms
02-03 12:49:32.071 D/dalvikvm(15954): GC_FOR_ALLOC freed 3622K, 48% free 9243K/17496K, paused 4ms, total 4ms
02-03 12:49:32.081 D/dalvikvm(15954): GC_CONCURRENT freed 4077K, 48% free 9260K/17496K, paused 1ms+1ms, total 6ms
02-03 12:49:32.081 D/dalvikvm(15954): WAIT_FOR_CONCURRENT_GC blocked 4ms
02-03 12:49:32.091 D/dalvikvm(15954): GC_CONCURRENT freed 3535K, 45% free 9796K/17496K, paused 1ms+1ms, total 5ms
02-03 12:49:32.091 D/dalvikvm(15954): WAIT_FOR_CONCURRENT_GC blocked 4ms
02-03 12:49:32.101 D/dalvikvm(15954): GC_FOR_ALLOC freed 4855K, 52% free 8413K/17496K, paused 4ms, total 4ms
02-03 12:49:32.121 D/dalvikvm(15954): GC_CONCURRENT freed 3335K, 48% free 9142K/17496K, paused 1ms+1ms, total 4ms
02-03 12:49:32.181 D/dalvikvm(15954): GC_CONCURRENT freed 4154K, 49% free 8965K/17496K, paused 0ms+1ms, total 8ms
02-03 12:49:32.201 D/dalvikvm(15954): GC_CONCURRENT freed 4008K, 49% free 9023K/17496K, paused 1ms+1ms, total 7ms
02-03 12:49:32.201 D/dalvikvm(15954): WAIT_FOR_CONCURRENT_GC blocked 5ms
02-03 12:49:32.211 D/dalvikvm(15954): GC_CONCURRENT freed 4091K, 49% free 8997K/17496K, paused 1ms+1ms, total 6ms
02-03 12:49:32.211 D/dalvikvm(15954): WAIT_FOR_CONCURRENT_GC blocked 5ms
02-03 12:49:32.211 D/dalvikvm(15954): GC_FOR_ALLOC freed 4078K, 49% free 8952K/17496K, paused 4ms, total 4ms
02-03 12:49:32.221 D/dalvikvm(15954): GC_CONCURRENT freed 3565K, 47% free 9385K/17496K, paused 1ms+1ms, total 7ms
02-03 12:49:32.231 D/AndroidRuntime(20259): 
02-03 12:49:32.231 D/AndroidRuntime(20259): >>>>>> AndroidRuntime START com.android.internal.os.RuntimeInit <<<<<<
02-03 12:49:32.231 D/AndroidRuntime(20259): CheckJNI is OFF
02-03 12:49:32.231 I/AndroidRuntime(20259): Kernel Release Version: 3.10.20-g25181e8-dirty
02-03 12:49:32.231 I/dalvikvm(20259): No library specified. The standard exception handler will be used
02-03 12:49:32.231 I/dalvikvm(20259): 
02-03 12:49:32.231 I/dalvikvm(20259): +++++++++++++ Using PCG. +++++++++++++++++++++
02-03 12:49:32.231 D/dalvikvm(15954): GC_CONCURRENT freed 4413K, 49% free 9044K/17496K, paused 0ms+1ms, total 6ms
02-03 12:49:32.231 D/dalvikvm(15954): WAIT_FOR_CONCURRENT_GC blocked 5ms
02-03 12:49:32.241 D/dalvikvm(20259): Trying to load lib libjavacore.so 0x0
02-03 12:49:32.241 D/dalvikvm(15954): GC_FOR_ALLOC freed 4066K, 49% free 9012K/17496K, paused 4ms, total 4ms
02-03 12:49:32.241 D/dalvikvm(20259): Added shared lib libjavacore.so 0x0
02-03 12:49:32.241 D/dalvikvm(20259): Trying to load lib libnativehelper.so 0x0
02-03 12:49:32.241 D/dalvikvm(20259): Added shared lib libnativehelper.so 0x0
02-03 12:49:32.241 D/dalvikvm(20259): No JNI_OnLoad found in libnativehelper.so 0x0, skipping init
02-03 12:49:32.251 D/dalvikvm(15954): GC_CONCURRENT freed 3814K, 48% free 9255K/17496K, paused 2ms+1ms, total 7ms
02-03 12:49:32.251 D/dalvikvm(15954): WAIT_FOR_CONCURRENT_GC blocked 3ms
02-03 12:49:32.251 D/dalvikvm(20259): Extra Options: not specified
02-03 12:49:32.261 D/dalvikvm(15954): GC_CONCURRENT freed 4151K, 49% free 9087K/17496K, paused 1ms+1ms, total 6ms
02-03 12:49:32.261 D/dalvikvm(15954): GC_FOR_ALLOC freed 4134K, 49% free 8968K/17496K, paused 5ms, total 5ms
02-03 12:49:32.271 D/dalvikvm(20259): Note: class Landroid/app/ActivityManagerNative; has 186 unimplemented (abstract) methods
02-03 12:49:32.271 D/dalvikvm(15954): GC_CONCURRENT freed 2730K, 48% free 9211K/17496K, paused 1ms+1ms, total 6ms
02-03 12:49:32.281 D/dalvikvm(15954): GC_CONCURRENT freed 4109K, 49% free 9088K/17496K, paused 1ms+1ms, total 6ms
02-03 12:49:32.281 D/dalvikvm(15954): WAIT_FOR_CONCURRENT_GC blocked 3ms
02-03 12:49:32.291 D/dalvikvm(15954): GC_FOR_ALLOC freed 4020K, 48% free 9133K/17496K, paused 4ms, total 4ms
02-03 12:49:32.291 D/dalvikvm(15954): GC_CONCURRENT freed 3995K, 48% free 9231K/17496K, paused 1ms+1ms, total 5ms
02-03 12:49:32.291 D/dalvikvm(15954): WAIT_FOR_CONCURRENT_GC blocked 2ms
02-03 12:49:32.301 D/dalvikvm(15954): GC_CONCURRENT freed 4141K, 48% free 9135K/17496K, paused 0ms+1ms, total 5ms
02-03 12:49:32.301 D/dalvikvm(15954): WAIT_FOR_CONCURRENT_GC blocked 3ms
02-03 12:49:32.311 D/dalvikvm(15954): GC_CONCURRENT freed 4087K, 48% free 9117K/17496K, paused 1ms+1ms, total 5ms
02-03 12:49:32.311 D/dalvikvm(15954): WAIT_FOR_CONCURRENT_GC blocked 3ms
02-03 12:49:32.321 D/dalvikvm(15954): GC_CONCURRENT freed 4062K, 48% free 9115K/17496K, paused 1ms+1ms, total 5ms
02-03 12:49:32.321 D/dalvikvm(15954): WAIT_FOR_CONCURRENT_GC blocked 2ms
02-03 12:49:32.331 D/dalvikvm(15954): GC_FOR_ALLOC freed 4019K, 48% free 9172K/17496K, paused 5ms, total 5ms
02-03 12:49:32.341 D/dalvikvm(15954): GC_CONCURRENT freed 3691K, 42% free 10303K/17496K, paused 1ms+2ms, total 7ms
02-03 12:49:32.341 D/dalvikvm(15954): GC_CONCURRENT freed 5221K, 48% free 9127K/17496K, paused 1ms+0ms, total 5ms
02-03 12:49:32.341 D/dalvikvm(15954): WAIT_FOR_CONCURRENT_GC blocked 4ms
02-03 12:49:32.351 D/dalvikvm(15954): GC_FOR_ALLOC freed 3964K, 48% free 9187K/17496K, paused 5ms, total 5ms
02-03 12:49:32.351 E/memtrack(20259): Couldn't load memtrack module (No such file or directory)
02-03 12:49:32.351 E/android.os.Debug(20259): failed to load memtrack module: -2
02-03 12:49:32.361 D/dalvikvm(15954): GC_FOR_ALLOC freed 4123K, 49% free 9008K/17496K, paused 4ms, total 5ms
02-03 12:49:32.371 D/dalvikvm(15954): GC_FOR_ALLOC freed 3907K, 49% free 9039K/17496K, paused 4ms, total 4ms
02-03 12:49:32.381 D/dalvikvm(15954): GC_CONCURRENT freed 3863K, 48% free 9164K/17496K, paused 1ms+1ms, total 6ms
02-03 12:49:32.381 D/dalvikvm(15954): GC_FOR_ALLOC freed 4206K, 49% free 9036K/17496K, paused 4ms, total 4ms
02-03 12:49:32.391 D/dalvikvm(15954): GC_CONCURRENT freed 130K, 48% free 9101K/17496K, paused 1ms+1ms, total 5ms
02-03 12:49:32.391 D/AndroidRuntime(20259): Calling main entry com.android.commands.am.Am
02-03 12:49:32.401 D/dalvikvm(15954): GC_FOR_ALLOC freed 4032K, 49% free 9035K/17496K, paused 4ms, total 4ms
02-03 12:49:32.401 D/dalvikvm(15954): GC_CONCURRENT freed 3906K, 48% free 9101K/17496K, paused 1ms+1ms, total 6ms
02-03 12:49:32.401 D/dalvikvm(15954): WAIT_FOR_CONCURRENT_GC blocked 3ms
02-03 12:49:32.411 D/dalvikvm(15954): GC_CONCURRENT freed 3840K, 48% free 9238K/17496K, paused 1ms+1ms, total 5ms
02-03 12:49:32.411 D/dalvikvm(15954): WAIT_FOR_CONCURRENT_GC blocked 3ms
02-03 12:49:32.421 D/dalvikvm(15954): GC_FOR_ALLOC freed 4259K, 49% free 9030K/17496K, paused 4ms, total 4ms
02-03 12:49:32.431 D/dalvikvm(15954): GC_CONCURRENT freed 2911K, 26% free 13011K/17496K, paused 0ms+5ms, total 13ms
02-03 12:49:32.441 D/AndroidRuntime(20259): Shutting down VM
02-03 12:49:32.441 I/SecurityManagerService(14632): SMS received security event: App[START/org.xwalk.webapi_service_tests]
02-03 12:49:32.441 I/ActivityManager(14542): START u0 {flg=0x10000000 cmp=org.xwalk.webapi_service_tests/.WebapiServiceTestsActivity} from pid 20259
02-03 12:49:32.451 D/dalvikvm(20259): GC_CONCURRENT freed 114K, 16% free 701K/832K, paused 0ms+1ms, total 1ms
02-03 12:49:32.451 V/WeatherTimeProvider(15704): widget on Visibility Changed
02-03 12:49:32.451 D/dalvikvm(20270): Process 20270 nice name: org.xwalk.webapi_service_tests
02-03 12:49:32.451 D/dalvikvm(20270): Extra Options: not specified
02-03 12:49:32.461 D/dalvikvm(20259): Compiler shutdown in progress - discarding request
02-03 12:49:32.461 D/dalvikvm(20259): Compiler shutdown in progress - discarding request
02-03 12:49:32.461 D/dalvikvm(20259): Compiler shutdown in progress - discarding request
02-03 12:49:32.461 D/dalvikvm(20259): Compiler shutdown in progress - discarding request
02-03 12:49:32.461 D/dalvikvm(20259): Compiler shutdown in progress - discarding request
02-03 12:49:32.461 D/dalvikvm(20259): Compiler shutdown in progress - discarding request
02-03 12:49:32.461 D/dalvikvm(20259): Compiler shutdown in progress - discarding request
02-03 12:49:32.461 D/dalvikvm(20259): Compiler shutdown in progress - discarding request
02-03 12:49:32.461 D/dalvikvm(20259): Compiler shutdown in progress - discarding request
02-03 12:49:32.461 D/dalvikvm(20259): Compiler shutdown in progress - discarding request
02-03 12:49:32.461 D/dalvikvm(20259): Compiler shutdown in progress - discarding request
02-03 12:49:32.461 D/dalvikvm(20259): Compiler shutdown in progress - discarding request
02-03 12:49:32.461 D/dalvikvm(20259): Compiler shutdown in progress - discarding request
02-03 12:49:32.461 D/dalvikvm(20259): Compiler shutdown in progress - discarding request
02-03 12:49:32.461 D/dalvikvm(20259): Compiler shutdown in progress - discarding request
02-03 12:49:32.461 D/dalvikvm(20259): Compiler shutdown in progress - discarding request
02-03 12:49:32.461 D/dalvikvm(20259): Compiler shutdown in progress - discarding request
02-03 12:49:32.461 D/dalvikvm(20259): Compiler shutdown in progress - discarding request
02-03 12:49:32.461 D/dalvikvm(20259): Compiler shutdown in progress - discarding request
02-03 12:49:32.461 D/dalvikvm(20259): Compiler shutdown in progress - discarding request
02-03 12:49:32.461 D/dalvikvm(20259): Compiler shutdown in progress - discarding request
02-03 12:49:32.461 D/dalvikvm(20259): Compiler shutdown in progress - discarding request
02-03 12:49:32.461 D/dalvikvm(20259): Compiler shutdown in progress - discarding request
02-03 12:49:32.461 D/dalvikvm(20259): Compiler shutdown in progress - discarding request
02-03 12:49:32.461 D/dalvikvm(20259): Compiler shutdown in progress - discarding request
02-03 12:49:32.461 D/dalvikvm(20259): Compiler shutdown in progress - discarding request
02-03 12:49:32.461 D/dalvikvm(20259): Compiler shutdown in progress - discarding request
02-03 12:49:32.461 D/dalvikvm(20259): Compiler shutdown in progress - discarding request
02-03 12:49:32.461 D/dalvikvm(20259): Compiler shutdown in progress - discarding request
02-03 12:49:32.461 D/dalvikvm(20259): Compiler shutdown in progress - discarding request
02-03 12:49:32.461 D/dalvikvm(20259): Compiler shutdown in progress - discarding request
02-03 12:49:32.461 D/dalvikvm(20259): Compiler shutdown in progress - discarding request
02-03 12:49:32.461 D/dalvikvm(20259): Compiler shutdown in progress - discarding request
02-03 12:49:32.461 D/dalvikvm(20259): Compiler shutdown in progress - discarding request
02-03 12:49:32.461 D/dalvikvm(20259): Compiler shutdown in progress - discarding request
02-03 12:49:32.461 D/dalvikvm(20259): Compiler shutdown in progress - discarding request
02-03 12:49:32.461 D/dalvikvm(20259): Compiler shutdown in progress - discarding request
02-03 12:49:32.461 D/dalvikvm(20259): Compiler shutdown in progress - discarding request
02-03 12:49:32.461 D/dalvikvm(20259): Compiler shutdown in progress - discarding request
02-03 12:49:32.461 D/dalvikvm(20259): Compiler shutdown in progress - discarding request
02-03 12:49:32.461 D/dalvikvm(20259): Compiler shutdown in progress - discarding request
02-03 12:49:32.461 D/dalvikvm(20259): Compiler shutdown in progress - discarding request
02-03 12:49:32.461 D/dalvikvm(20259): Compiler shutdown in progress - discarding request
02-03 12:49:32.461 D/dalvikvm(20259): Compiler shutdown in progress - discarding request
02-03 12:49:32.461 D/dalvikvm(20259): Compiler shutdown in progress - discarding request
02-03 12:49:32.461 D/dalvikvm(20259): Compiler shutdown in progress - discarding request
02-03 12:49:32.461 D/dalvikvm(20259): Compiler shutdown in progress - discarding request
02-03 12:49:32.461 I/ActivityManager(14542): Start proc org.xwalk.webapi_service_tests for activity org.xwalk.webapi_service_tests/.WebapiServiceTestsActivity: pid=20270 uid=10098 gids={50098, 3003, 1028, 1015}
02-03 12:49:32.491 D/dalvikvm(15954): GC_FOR_ALLOC freed 6287K, 47% free 9274K/17496K, paused 24ms, total 24ms
02-03 12:49:32.511 D/dalvikvm(15954): GC_CONCURRENT freed 4133K, 48% free 9128K/17496K, paused 1ms+1ms, total 11ms
02-03 12:49:32.511 D/dalvikvm(15954): WAIT_FOR_CONCURRENT_GC blocked 9ms
02-03 12:49:32.521 D/dalvikvm(14542): GC_EXPLICIT freed 1039K, 18% free 15756K/19116K, paused 2ms+7ms, total 68ms
02-03 12:49:32.521 D/WindowManager(14542): adjustConfigurationLw, config:{1.0 ?mcc?mnc ?locale ?layoutDir sw600dp w600dp h888dp 213dpi lrg port ?uimode ?night finger -keyb/v/h -nav/v} mLidState:1 mHasDockFeature:false mHasKeyboardFeature:false mHasHallSensorFeature:true config.hardKeyboardHidden:2
02-03 12:49:32.521 D/dalvikvm(15954): GC_CONCURRENT freed 3899K, 48% free 9203K/17496K, paused 1ms+1ms, total 8ms
02-03 12:49:32.521 I/ActivityManager(14542): [TopPkgCurBat]	NowPkgName[org.xwalk.webapi_service_tests]	Battery[91]	TimeTick[1422938972535]	OldPkgName[com.asus.launcher]
02-03 12:49:32.531 D/dalvikvm(15954): WAIT_FOR_CONCURRENT_GC blocked 16ms
02-03 12:49:32.531 D/        (14886): Surface destroy: ANDROID_NATIVE_WINDOW_MAGIC
02-03 12:49:32.551 D/dalvikvm(15954): GC_FOR_ALLOC freed 4031K, 48% free 9127K/17496K, paused 7ms, total 7ms
02-03 12:49:32.561 D/dalvikvm(20270): Trying to load lib /data/app-lib/org.xwalk.webapi_service_tests-1/libxwalkcore.so 0x43d85510
02-03 12:49:32.571 D/dalvikvm(15954): GC_CONCURRENT freed 4011K, 48% free 9208K/17496K, paused 7ms+1ms, total 13ms
02-03 12:49:32.571 D/dalvikvm(15954): WAIT_FOR_CONCURRENT_GC blocked 3ms
02-03 12:49:32.581 D/dalvikvm(15954): GC_FOR_ALLOC freed 4150K, 48% free 9129K/17496K, paused 9ms, total 9ms
02-03 12:49:32.591 D/dalvikvm(15954): GC_CONCURRENT freed 3891K, 47% free 9288K/17496K, paused 1ms+0ms, total 6ms
02-03 12:49:32.591 D/dalvikvm(15954): WAIT_FOR_CONCURRENT_GC blocked 5ms
02-03 12:49:32.611 D/dalvikvm(15954): GC_FOR_ALLOC freed 3946K, 47% free 9290K/17496K, paused 6ms, total 6ms
02-03 12:49:32.621 D/dalvikvm(15954): GC_CONCURRENT freed 4000K, 47% free 9323K/17496K, paused 0ms+2ms, total 9ms
02-03 12:49:32.621 D/dalvikvm(15954): WAIT_FOR_CONCURRENT_GC blocked 9ms
02-03 12:49:32.631 D/dalvikvm(15954): GC_CONCURRENT freed 4053K, 47% free 9325K/17496K, paused 1ms+3ms, total 7ms
02-03 12:49:32.631 D/dalvikvm(15954): WAIT_FOR_CONCURRENT_GC blocked 7ms
02-03 12:49:32.641 D/dalvikvm(20270): Added shared lib /data/app-lib/org.xwalk.webapi_service_tests-1/libxwalkcore.so 0x43d85510
02-03 12:49:32.641 D/dalvikvm(15954): GC_FOR_ALLOC freed 4109K, 48% free 9158K/17496K, paused 4ms, total 5ms
02-03 12:49:32.651 I/LibraryLoader(20270): Time to load native libraries: 88 ms (timestamps 8796-8884)
02-03 12:49:32.651 D/dalvikvm(15954): GC_FOR_ALLOC freed 3990K, 49% free 9073K/17496K, paused 6ms, total 6ms
02-03 12:49:32.651 I/LibraryLoader(20270): Expected native library version number "",actual native library version number ""
02-03 12:49:32.661 D/dalvikvm(15954): GC_CONCURRENT freed 3778K, 47% free 9328K/17496K, paused 0ms+1ms, total 6ms
02-03 12:49:32.661 D/dalvikvm(15954): WAIT_FOR_CONCURRENT_GC blocked 5ms
02-03 12:49:32.681 D/dalvikvm(15954): GC_FOR_ALLOC freed 4255K, 48% free 9155K/17496K, paused 5ms, total 6ms
02-03 12:49:32.681 I/LibraryLoader(20270): Expected native library version number "",actual native library version number ""
02-03 12:49:32.681 I/chromium(20270): [INFO:library_loader_hooks.cc(112)] Chromium logging enabled: level = 0, default verbosity = 0
02-03 12:49:32.691 I/BrowserStartupController(20270): Initializing chromium process, singleProcess=true
02-03 12:49:32.691 D/dalvikvm(15954): GC_CONCURRENT freed 0K, 32% free 11960K/17496K, paused 1ms+2ms, total 12ms
02-03 12:49:32.721 D/dalvikvm(15954): GC_FOR_ALLOC freed 5989K, 49% free 9063K/17496K, paused 23ms, total 23ms
02-03 12:49:32.731 D/dalvikvm(15954): GC_CONCURRENT freed 3928K, 48% free 9183K/17496K, paused 1ms+2ms, total 6ms
02-03 12:49:32.731 D/dalvikvm(15954): WAIT_FOR_CONCURRENT_GC blocked 5ms
02-03 12:49:32.741 D/dalvikvm(15954): GC_FOR_ALLOC freed 3794K, 47% free 9358K/17496K, paused 6ms, total 6ms
02-03 12:49:32.751 D/dalvikvm(15954): GC_CONCURRENT freed 3646K, 45% free 9724K/17496K, paused 1ms+3ms, total 10ms
02-03 12:49:32.751 D/dalvikvm(15954): WAIT_FOR_CONCURRENT_GC blocked 5ms
02-03 12:49:32.761 W/AudioManagerAndroid(20270): Requires BLUETOOTH permission
02-03 12:49:32.761 D/dalvikvm(15954): GC_FOR_ALLOC freed 4508K, 49% free 9083K/17496K, paused 6ms, total 6ms
02-03 12:49:32.771 D/dalvikvm(15954): GC_FOR_ALLOC freed 3907K, 49% free 9081K/17496K, paused 6ms, total 7ms
02-03 12:49:32.771 I/ufoGralloc(20270): Hello, this is UFO GRALLOC/Intel Corporation
02-03 12:49:32.781 D/dalvikvm(15954): GC_FOR_ALLOC freed 3944K, 49% free 9078K/17496K, paused 5ms, total 5ms
02-03 12:49:32.791 D/        (20270): Pixel Format : GGL_PIXEL_FORMAT_RGBA_8888
02-03 12:49:32.791 D/        (20270): droid_create_context : config id = 1 conf->NativeVisualID=1
02-03 12:49:32.791 D/        (20270): Pixel Format : GGL_PIXEL_FORMAT_RGBA_8888
02-03 12:49:32.791 I/        (20270): Requested context : GLES 2.0
02-03 12:49:32.791 D/dalvikvm(15954): GC_CONCURRENT freed 3792K, 48% free 9266K/17496K, paused 0ms+1ms, total 5ms
02-03 12:49:32.791 D/dalvikvm(15954): WAIT_FOR_CONCURRENT_GC blocked 2ms
02-03 12:49:32.801 D/dalvikvm(15954): GC_CONCURRENT freed 4018K, 47% free 9297K/17496K, paused 1ms+1ms, total 8ms
02-03 12:49:32.801 D/dalvikvm(15954): WAIT_FOR_CONCURRENT_GC blocked 6ms
02-03 12:49:32.821 D/dalvikvm(15954): GC_CONCURRENT freed 4055K, 47% free 9297K/17496K, paused 1ms+6ms, total 11ms
02-03 12:49:32.821 D/dalvikvm(15954): WAIT_FOR_CONCURRENT_GC blocked 10ms
02-03 12:49:32.821 W/chromium(20270): [WARNING:proxy_service.cc(899)] PAC support disabled because there is no system implementation
02-03 12:49:32.831 D/dalvikvm(15954): GC_CONCURRENT freed 4093K, 47% free 9297K/17496K, paused 1ms+1ms, total 6ms
02-03 12:49:32.831 D/dalvikvm(15954): WAIT_FOR_CONCURRENT_GC blocked 5ms
02-03 12:49:32.831 W/dalvikvm(20270): VFY: unable to find class referenced in signature (Landroid/view/inputmethod/CursorAnchorInfo;)
02-03 12:49:32.831 I/dalvikvm(20270): Could not find method android.view.inputmethod.InputMethodManager.updateCursorAnchorInfo, referenced from method org.chromium.content.browser.input.InputMethodManagerWrapper.updateCursorAnchorInfo
02-03 12:49:32.831 W/dalvikvm(20270): VFY: unable to resolve virtual method 1241: Landroid/view/inputmethod/InputMethodManager;.updateCursorAnchorInfo (Landroid/view/View;Landroid/view/inputmethod/CursorAnchorInfo;)V
02-03 12:49:32.831 D/dalvikvm(20270): VFY: replacing opcode 0x6e at 0x000a
02-03 12:49:32.841 D/dalvikvm(15954): GC_FOR_ALLOC freed 3834K, 47% free 9394K/17496K, paused 6ms, total 6ms
02-03 12:49:32.851 D/dalvikvm(15954): GC_CONCURRENT freed 4165K, 48% free 9196K/17496K, paused 3ms+1ms, total 10ms
02-03 12:49:32.851 D/dalvikvm(15954): WAIT_FOR_CONCURRENT_GC blocked 4ms
02-03 12:49:32.871 D/dalvikvm(15954): GC_FOR_ALLOC freed 4003K, 49% free 9095K/17496K, paused 10ms, total 10ms
02-03 12:49:32.871 E/cutils  (  163): Failed to mkdirat(/Removable/MicroSD): Read-only file system
02-03 12:49:32.871 D/dalvikvm(15954): GC_CONCURRENT freed 3733K, 47% free 9395K/17496K, paused 1ms+1ms, total 5ms
02-03 12:49:32.871 W/ContextImpl(20270): Failed to ensure directory: /Removable/MicroSD/Android/data/org.xwalk.webapi_service_tests/cache
02-03 12:49:32.871 D/dalvikvm(15954): WAIT_FOR_CONCURRENT_GC blocked 4ms
02-03 12:49:32.871 W/Vold    (  163): Returning OperationFailed - no handler for errno 30
02-03 12:49:32.881 W/XWalkExtensionManager(20270): Failed to read extensions-config.json
02-03 12:49:32.881 E/chromium(20270): [ERROR:unix_domain_server_socket_posix.cc(106)] Not implemented reached in virtual int net::UnixDomainServerSocket::GetLocalAddress(net::IPEndPoint*) const
02-03 12:49:32.881 I/dalvikvm(20270): Could not find method android.app.Activity.finishAndRemoveTask, referenced from method org.chromium.base.ApiCompatibilityUtils.finishAndRemoveTask
02-03 12:49:32.881 W/dalvikvm(20270): VFY: unable to resolve virtual method 4: Landroid/app/Activity;.finishAndRemoveTask ()V
02-03 12:49:32.881 D/dalvikvm(20270): VFY: replacing opcode 0x6e at 0x0006
02-03 12:49:32.881 I/dalvikvm(20270): Could not find method android.os.PowerManager.isInteractive, referenced from method org.chromium.base.ApiCompatibilityUtils.isInteractive
02-03 12:49:32.881 W/dalvikvm(20270): VFY: unable to resolve virtual method 768: Landroid/os/PowerManager;.isInteractive ()Z
02-03 12:49:32.881 D/dalvikvm(20270): VFY: replacing opcode 0x6e at 0x000e
02-03 12:49:32.881 I/dalvikvm(20270): Could not find method android.view.Window.getNavigationBarColor, referenced from method org.chromium.base.ApiCompatibilityUtils.setStatusBarColor
02-03 12:49:32.881 W/dalvikvm(20270): VFY: unable to resolve virtual method 1144: Landroid/view/Window;.getNavigationBarColor ()I
02-03 12:49:32.881 D/dalvikvm(20270): VFY: replacing opcode 0x6e at 0x0010
02-03 12:49:32.881 I/dalvikvm(20270): Could not find method android.view.Window.setStatusBarColor, referenced from method org.chromium.base.ApiCompatibilityUtils.setStatusBarColor
02-03 12:49:32.881 W/dalvikvm(20270): VFY: unable to resolve virtual method 1149: Landroid/view/Window;.setStatusBarColor (I)V
02-03 12:49:32.881 D/dalvikvm(20270): VFY: replacing opcode 0x6e at 0x0019
02-03 12:49:32.881 E/dalvikvm(20270): Could not find class 'android.app.ActivityManager$TaskDescription', referenced from method org.chromium.base.ApiCompatibilityUtils.setTaskDescription
02-03 12:49:32.881 W/dalvikvm(20270): VFY: unable to resolve new-instance 11 (Landroid/app/ActivityManager$TaskDescription;) in Lorg/chromium/base/ApiCompatibilityUtils;
02-03 12:49:32.881 D/dalvikvm(20270): VFY: replacing opcode 0x22 at 0x0006
02-03 12:49:32.881 D/dalvikvm(20270): DexOpt: unable to opt direct call 0x001e at 0x08 in Lorg/chromium/base/ApiCompatibilityUtils;.setTaskDescription
02-03 12:49:32.891 D/dalvikvm(15954): GC_CONCURRENT freed 4272K, 48% free 9192K/17496K, paused 1ms+1ms, total 6ms
02-03 12:49:32.891 D/dalvikvm(15954): WAIT_FOR_CONCURRENT_GC blocked 5ms
02-03 12:49:32.891 I/chromium(20270): [INFO:xwalk_extension_renderer_controller.cc(47)] EXTENSION PROCESS DISABLED.
02-03 12:49:32.901 D/dalvikvm(15954): GC_CONCURRENT freed 3902K, 47% free 9325K/17496K, paused 0ms+2ms, total 6ms
02-03 12:49:32.901 D/dalvikvm(15954): WAIT_FOR_CONCURRENT_GC blocked 6ms
02-03 12:49:32.911 D/dalvikvm(15954): GC_FOR_ALLOC freed 4035K, 48% free 9221K/17496K, paused 6ms, total 6ms
02-03 12:49:32.931 D/dalvikvm(15954): GC_CONCURRENT freed 3966K, 47% free 9324K/17496K, paused 1ms+1ms, total 15ms
02-03 12:49:32.931 D/dalvikvm(15954): WAIT_FOR_CONCURRENT_GC blocked 5ms
02-03 12:49:32.931 D/        (20270): droid_create_context : config id = 5 conf->NativeVisualID=1
02-03 12:49:32.931 D/        (20270): Pixel Format : GGL_PIXEL_FORMAT_RGBA_8888
02-03 12:49:32.931 I/        (20270): Requested context : GLES 2.0
02-03 12:49:32.941 D/dalvikvm(15954): GC_CONCURRENT freed 4103K, 48% free 9218K/17496K, paused 1ms+2ms, total 6ms
02-03 12:49:32.941 D/dalvikvm(15954): WAIT_FOR_CONCURRENT_GC blocked 5ms
02-03 12:49:32.941 D/        (20270): Pixel Format : GGL_PIXEL_FORMAT_RGBA_8888
02-03 12:49:32.941 D/OpenGLRenderer(20270): Enabling debug mode 0
02-03 12:49:32.941 D/        (20270): Pixel Format : GGL_PIXEL_FORMAT_RGBA_8888
02-03 12:49:32.941 D/        (20270): droid_create_context : config id = 1 conf->NativeVisualID=1
02-03 12:49:32.941 D/        (20270): Pixel Format : GGL_PIXEL_FORMAT_RGBA_8888
02-03 12:49:32.941 I/        (20270): Requested context : GLES 2.0
02-03 12:49:32.951 D/dalvikvm(15954): GC_FOR_ALLOC freed 3712K, 47% free 9428K/17496K, paused 5ms, total 6ms
02-03 12:49:32.961 D/dalvikvm(15954): GC_FOR_ALLOC freed 4274K, 48% free 9108K/17496K, paused 5ms, total 5ms
02-03 12:49:32.971 D/dalvikvm(15954): GC_CONCURRENT freed 3983K, 48% free 9213K/17496K, paused 2ms+1ms, total 8ms
02-03 12:49:32.981 D/dalvikvm(15954): GC_CONCURRENT freed 3796K, 47% free 9428K/17496K, paused 1ms+1ms, total 5ms
02-03 12:49:32.991 D/dalvikvm(15954): GC_CONCURRENT freed 4151K, 47% free 9352K/17496K, paused 2ms+1ms, total 7ms
02-03 12:49:32.991 D/dalvikvm(15954): WAIT_FOR_CONCURRENT_GC blocked 5ms
02-03 12:49:33.001 D/dalvikvm(15954): GC_FOR_ALLOC freed 4070K, 48% free 9131K/17496K, paused 6ms, total 6ms
02-03 12:49:33.011 D/dalvikvm(15954): GC_FOR_ALLOC freed 3878K, 48% free 9128K/17496K, paused 7ms, total 7ms
02-03 12:49:33.021 D/dalvikvm(15954): GC_FOR_ALLOC freed 3904K, 48% free 9126K/17496K, paused 5ms, total 6ms
02-03 12:49:33.031 I/ActivityManager(14542): Displayed org.xwalk.webapi_service_tests/.WebapiServiceTestsActivity: +592ms
02-03 12:49:33.031 D/XT9IME  (14763): new subtype :en_US ,keyboard
02-03 12:49:33.031 D/dalvikvm(15954): GC_FOR_ALLOC freed 3930K, 48% free 9123K/17496K, paused 7ms, total 7ms
02-03 12:49:33.041 W/BindingManager(20270): Cannot call determinedVisibility() - never saw a connection for the pid: 20270
02-03 12:49:33.041 D/dalvikvm(15954): GC_FOR_ALLOC freed 3956K, 48% free 9121K/17496K, paused 5ms, total 5ms
02-03 12:49:33.051 D/        (20270): Pixel Format : GGL_PIXEL_FORMAT_RGBA_8888
02-03 12:49:33.051 D/        (20270): droid_create_context : config id = 1 conf->NativeVisualID=1
02-03 12:49:33.051 D/        (20270): Pixel Format : GGL_PIXEL_FORMAT_RGBA_8888
02-03 12:49:33.051 I/        (20270): Requested context : GLES 2.0
02-03 12:49:33.061 D/        (20270): Swap interval set to = 1 value
02-03 12:49:33.071 D/dalvikvm(15954): GC_CONCURRENT freed 3755K, 47% free 9345K/17496K, paused 2ms+1ms, total 20ms
02-03 12:49:33.071 D/dalvikvm(15954): WAIT_FOR_CONCURRENT_GC blocked 8ms
02-03 12:49:33.071 D/BatteryStatsImpl(14542): noteStopWakeLocked system isFromForeground = false
02-03 12:49:33.091 D/dalvikvm(15954): GC_CONCURRENT freed 4005K, 47% free 9344K/17496K, paused 5ms+0ms, total 10ms
02-03 12:49:33.101 D/dalvikvm(15954): GC_CONCURRENT freed 4035K, 47% free 9375K/17496K, paused 1ms+2ms, total 10ms
02-03 12:49:33.101 D/dalvikvm(15954): WAIT_FOR_CONCURRENT_GC blocked 4ms
02-03 12:49:33.121 D/dalvikvm(15954): GC_FOR_ALLOC freed 4291K, 48% free 9143K/17496K, paused 8ms, total 8ms
02-03 12:49:33.121 D/dalvikvm(15954): GC_CONCURRENT freed 3741K, 46% free 9489K/17496K, paused 1ms+1ms, total 7ms
02-03 12:49:33.121 D/dalvikvm(15954): WAIT_FOR_CONCURRENT_GC blocked 2ms
02-03 12:49:33.131 D/dalvikvm(15954): GC_FOR_ALLOC freed 3878K, 46% free 9490K/17496K, paused 6ms, total 6ms
02-03 12:49:33.141 D/dalvikvm(15954): GC_FOR_ALLOC freed 4144K, 48% free 9253K/17496K, paused 4ms, total 4ms
02-03 12:49:33.151 D/dalvikvm(15954): GC_FOR_ALLOC freed 3935K, 48% free 9133K/17496K, paused 6ms, total 6ms
02-03 12:49:33.161 D/dalvikvm(15954): GC_FOR_ALLOC freed 3600K, 46% free 9490K/17496K, paused 4ms, total 4ms
02-03 12:49:33.171 D/dalvikvm(15954): GC_CONCURRENT freed 4226K, 48% free 9249K/17496K, paused 1ms+1ms, total 7ms
02-03 12:49:33.171 D/dalvikvm(15954): WAIT_FOR_CONCURRENT_GC blocked 6ms
02-03 12:49:33.171 D/dalvikvm(15954): GC_FOR_ALLOC freed 4013K, 48% free 9158K/17496K, paused 4ms, total 4ms
02-03 12:49:33.181 D/dalvikvm(15954): GC_FOR_ALLOC freed 3670K, 46% free 9522K/17496K, paused 6ms, total 6ms
02-03 12:49:33.191 D/dalvikvm(15954): GC_CONCURRENT freed 3452K, 43% free 10132K/17496K, paused 1ms+1ms, total 7ms
02-03 12:49:33.191 D/dalvikvm(15954): WAIT_FOR_CONCURRENT_GC blocked 2ms
02-03 12:49:33.201 D/dalvikvm(15954): GC_FOR_ALLOC freed 4326K, 46% free 9521K/17496K, paused 7ms, total 7ms
02-03 12:49:33.211 D/dalvikvm(15954): GC_FOR_ALLOC freed 4113K, 48% free 9148K/17496K, paused 4ms, total 4ms
02-03 12:49:33.221 D/dalvikvm(15954): GC_FOR_ALLOC freed 3761K, 48% free 9270K/17496K, paused 8ms, total 8ms
02-03 12:49:33.231 D/dalvikvm(15954): GC_CONCURRENT freed 3910K, 47% free 9395K/17496K, paused 0ms+1ms, total 6ms
02-03 12:49:33.231 D/dalvikvm(15954): WAIT_FOR_CONCURRENT_GC blocked 5ms
02-03 12:49:33.241 D/dalvikvm(15954): GC_FOR_ALLOC freed 4059K, 48% free 9266K/17496K, paused 4ms, total 4ms
02-03 12:49:33.251 D/dalvikvm(15954): GC_FOR_ALLOC freed 3573K, 46% free 9552K/17496K, paused 4ms, total 4ms
02-03 12:49:33.261 D/dalvikvm(15954): GC_FOR_ALLOC freed 4234K, 48% free 9167K/17496K, paused 5ms, total 5ms
02-03 12:49:33.261 D/dalvikvm(15954): GC_FOR_ALLOC freed 3871K, 47% free 9293K/17496K, paused 4ms, total 4ms
02-03 12:49:33.271 D/dalvikvm(15954): GC_CONCURRENT freed 2988K, 41% free 10455K/17496K, paused 1ms+1ms, total 7ms
02-03 12:49:33.281 D/dalvikvm(15954): GC_FOR_ALLOC freed 4296K, 47% free 9289K/17496K, paused 9ms, total 9ms
02-03 12:49:33.291 D/dalvikvm(15954): GC_FOR_ALLOC freed 3670K, 46% free 9549K/17496K, paused 5ms, total 5ms
02-03 12:49:33.311 D/        (20270): Pixel Format : GGL_PIXEL_FORMAT_RGBA_8888
02-03 12:49:33.311 D/        (20270): droid_create_context : config id = 1 conf->NativeVisualID=1
02-03 12:49:33.311 D/        (20270): Pixel Format : GGL_PIXEL_FORMAT_RGBA_8888
02-03 12:49:33.311 I/        (20270): Requested context : GLES 2.0
02-03 12:49:33.331 D/dalvikvm(15954): GC_FOR_ALLOC freed 4349K, 48% free 9154K/17496K, paused 20ms, total 21ms
02-03 12:49:33.341 D/dalvikvm(15954): GC_FOR_ALLOC freed 3711K, 48% free 9151K/17496K, paused 6ms, total 6ms
02-03 12:49:33.351 D/dalvikvm(15954): GC_FOR_ALLOC freed 3729K, 48% free 9181K/17496K, paused 5ms, total 5ms
02-03 12:49:33.351 D/dalvikvm(15954): GC_FOR_ALLOC freed 3748K, 48% free 9178K/17496K, paused 5ms, total 5ms
02-03 12:49:33.361 D/dalvikvm(15954): GC_FOR_ALLOC freed 3767K, 48% free 9175K/17496K, paused 4ms, total 5ms
02-03 12:49:33.371 D/dalvikvm(15954): GC_FOR_ALLOC freed 3787K, 48% free 9173K/17496K, paused 5ms, total 5ms
02-03 12:49:33.381 I/chromium(20270): [INFO:CONSOLE(0)] "Synchronous XMLHttpRequest on the main thread is deprecated because of its detrimental effects to the end user's experience. For more help, check http://xhr.spec.whatwg.org/.", source:  (0)
02-03 12:49:33.381 D/dalvikvm(15954): GC_FOR_ALLOC freed 3806K, 48% free 9170K/17496K, paused 6ms, total 6ms
02-03 12:49:33.391 D/dalvikvm(15954): GC_FOR_ALLOC freed 3824K, 48% free 9168K/17496K, paused 5ms, total 5ms
02-03 12:49:33.401 D/dalvikvm(15954): GC_FOR_ALLOC freed 3843K, 48% free 9165K/17496K, paused 4ms, total 5ms
02-03 12:49:33.411 D/dalvikvm(15954): GC_FOR_ALLOC freed 3862K, 48% free 9162K/17496K, paused 5ms, total 5ms
02-03 12:49:33.411 D/dalvikvm(15954): GC_FOR_ALLOC freed 3881K, 48% free 9192K/17496K, paused 5ms, total 5ms
02-03 12:49:33.421 D/dalvikvm(15954): GC_FOR_ALLOC freed 3900K, 48% free 9189K/17496K, paused 5ms, total 5ms
02-03 12:49:33.431 D/dalvikvm(15954): GC_FOR_ALLOC freed 3918K, 48% free 9186K/17496K, paused 4ms, total 4ms
02-03 12:49:33.441 D/dalvikvm(15954): GC_FOR_ALLOC freed 3937K, 48% free 9184K/17496K, paused 5ms, total 5ms
02-03 12:49:33.451 D/dalvikvm(15954): GC_FOR_ALLOC freed 3956K, 48% free 9181K/17496K, paused 6ms, total 6ms
02-03 12:49:33.461 D/dalvikvm(15954): GC_CONCURRENT freed 3691K, 46% free 9462K/17496K, paused 1ms+1ms, total 7ms
02-03 12:49:33.461 D/dalvikvm(15954): WAIT_FOR_CONCURRENT_GC blocked 5ms
02-03 12:49:33.471 D/dalvikvm(15954): GC_CONCURRENT freed 3992K, 46% free 9461K/17496K, paused 1ms+1ms, total 5ms
02-03 12:49:33.471 D/dalvikvm(15954): WAIT_FOR_CONCURRENT_GC blocked 4ms
02-03 12:49:33.481 D/dalvikvm(15954): GC_CONCURRENT freed 4011K, 46% free 9459K/17496K, paused 1ms+1ms, total 5ms
02-03 12:49:33.481 D/dalvikvm(15954): WAIT_FOR_CONCURRENT_GC blocked 4ms
02-03 12:49:33.491 D/dalvikvm(15954): GC_CONCURRENT freed 4026K, 46% free 9494K/17496K, paused 1ms+1ms, total 5ms
02-03 12:49:33.491 D/dalvikvm(15954): WAIT_FOR_CONCURRENT_GC blocked 4ms
02-03 12:49:33.501 D/dalvikvm(15954): GC_CONCURRENT freed 4049K, 46% free 9493K/17496K, paused 1ms+1ms, total 5ms
02-03 12:49:33.501 D/dalvikvm(15954): WAIT_FOR_CONCURRENT_GC blocked 5ms
02-03 12:49:33.501 D/dalvikvm(15954): GC_CONCURRENT freed 4068K, 46% free 9491K/17496K, paused 1ms+2ms, total 6ms
02-03 12:49:33.501 D/dalvikvm(15954): WAIT_FOR_CONCURRENT_GC blocked 5ms
02-03 12:49:33.511 D/dalvikvm(15954): GC_CONCURRENT freed 4082K, 46% free 9494K/17496K, paused 0ms+0ms, total 5ms
02-03 12:49:33.511 D/dalvikvm(15954): WAIT_FOR_CONCURRENT_GC blocked 4ms
02-03 12:49:33.521 D/dalvikvm(15954): GC_FOR_ALLOC freed 3664K, 45% free 9638K/17496K, paused 5ms, total 5ms
02-03 12:49:33.531 D/dalvikvm(15954): GC_FOR_ALLOC freed 4122K, 47% free 9343K/17496K, paused 5ms, total 5ms
02-03 12:49:33.531 D/dalvikvm(15954): GC_FOR_ALLOC freed 3845K, 48% free 9194K/17496K, paused 4ms, total 4ms
02-03 12:49:33.541 D/dalvikvm(15954): GC_FOR_ALLOC freed 3415K, 45% free 9636K/17496K, paused 5ms, total 5ms
02-03 12:49:33.551 D/dalvikvm(15954): GC_FOR_ALLOC freed 4174K, 47% free 9337K/17496K, paused 4ms, total 5ms
02-03 12:49:33.551 D/dalvikvm(15954): GC_FOR_ALLOC freed 3893K, 48% free 9186K/17496K, paused 4ms, total 4ms
02-03 12:49:33.561 D/dalvikvm(15954): GC_FOR_ALLOC freed 3457K, 45% free 9665K/17496K, paused 4ms, total 4ms
02-03 12:49:33.571 D/dalvikvm(15954): GC_FOR_ALLOC freed 4226K, 47% free 9362K/17496K, paused 4ms, total 4ms
02-03 12:49:33.571 D/dalvikvm(15954): GC_FOR_ALLOC freed 3941K, 48% free 9209K/17496K, paused 5ms, total 5ms
02-03 12:49:33.581 D/dalvikvm(15954): GC_FOR_ALLOC freed 3500K, 45% free 9662K/17496K, paused 5ms, total 5ms
02-03 12:49:33.591 D/dalvikvm(15954): GC_CONCURRENT freed 4277K, 47% free 9356K/17496K, paused 0ms+0ms, total 5ms
02-03 12:49:33.591 D/dalvikvm(15954): WAIT_FOR_CONCURRENT_GC blocked 4ms
02-03 12:49:33.601 D/dalvikvm(15954): GC_FOR_ALLOC freed 3990K, 48% free 9201K/17496K, paused 4ms, total 4ms
02-03 12:49:33.601 D/dalvikvm(15954): GC_CONCURRENT freed 3542K, 45% free 9659K/17496K, paused 1ms+1ms, total 5ms
02-03 12:49:33.601 D/dalvikvm(15954): WAIT_FOR_CONCURRENT_GC blocked 4ms
02-03 12:49:33.611 D/dalvikvm(15954): GC_CONCURRENT freed 4329K, 47% free 9350K/17496K, paused 1ms+1ms, total 5ms
02-03 12:49:33.611 D/dalvikvm(15954): WAIT_FOR_CONCURRENT_GC blocked 4ms
02-03 12:49:33.621 D/dalvikvm(15954): GC_FOR_ALLOC freed 4038K, 48% free 9225K/17496K, paused 4ms, total 4ms
02-03 12:49:33.631 D/dalvikvm(15954): GC_CONCURRENT freed 3585K, 45% free 9689K/17496K, paused 1ms+1ms, total 5ms
02-03 12:49:33.631 D/dalvikvm(15954): WAIT_FOR_CONCURRENT_GC blocked 4ms
02-03 12:49:33.631 D/dalvikvm(15954): GC_CONCURRENT freed 4380K, 47% free 9375K/17496K, paused 1ms+1ms, total 5ms
02-03 12:49:33.631 D/dalvikvm(15954): WAIT_FOR_CONCURRENT_GC blocked 4ms
02-03 12:49:33.641 D/dalvikvm(15954): GC_FOR_ALLOC freed 4086K, 48% free 9217K/17496K, paused 4ms, total 4ms
02-03 12:49:33.651 D/dalvikvm(15954): GC_FOR_ALLOC freed 3627K, 47% free 9371K/17496K, paused 4ms, total 4ms
02-03 12:49:33.651 D/dalvikvm(15954): GC_FOR_ALLOC freed 4116K, 48% free 9211K/17496K, paused 4ms, total 4ms
02-03 12:49:33.661 D/dalvikvm(15954): GC_FOR_ALLOC freed 3654K, 47% free 9366K/17496K, paused 4ms, total 4ms
02-03 12:49:33.671 D/dalvikvm(15954): GC_CONCURRENT freed 3824K, 46% free 9528K/17496K, paused 0ms+1ms, total 5ms
02-03 12:49:33.671 D/dalvikvm(15954): WAIT_FOR_CONCURRENT_GC blocked 5ms
02-03 12:49:33.671 D/dalvikvm(15954): GC_FOR_ALLOC freed 4001K, 47% free 9366K/17496K, paused 4ms, total 4ms
02-03 12:49:33.681 D/dalvikvm(15954): GC_CONCURRENT freed 3854K, 46% free 9561K/17496K, paused 0ms+0ms, total 5ms
02-03 12:49:33.681 D/dalvikvm(15954): WAIT_FOR_CONCURRENT_GC blocked 4ms
02-03 12:49:33.691 D/dalvikvm(15954): GC_FOR_ALLOC freed 4031K, 47% free 9397K/17496K, paused 4ms, total 4ms
02-03 12:49:33.701 D/dalvikvm(15954): GC_CONCURRENT freed 3887K, 46% free 9558K/17496K, paused 1ms+1ms, total 5ms
02-03 12:49:33.701 D/dalvikvm(15954): WAIT_FOR_CONCURRENT_GC blocked 4ms
02-03 12:49:33.701 D/dalvikvm(15954): GC_FOR_ALLOC freed 4061K, 47% free 9393K/17496K, paused 4ms, total 4ms
02-03 12:49:33.711 D/dalvikvm(15954): GC_CONCURRENT freed 3912K, 46% free 9559K/17496K, paused 0ms+0ms, total 5ms
02-03 12:49:33.711 D/dalvikvm(15954): WAIT_FOR_CONCURRENT_GC blocked 4ms
02-03 12:49:33.721 D/dalvikvm(15954): GC_FOR_ALLOC freed 4093K, 47% free 9393K/17496K, paused 4ms, total 4ms
02-03 12:49:33.721 D/dalvikvm(15954): GC_FOR_ALLOC freed 3452K, 45% free 9719K/17496K, paused 4ms, total 4ms
02-03 12:49:33.731 D/dalvikvm(15954): GC_FOR_ALLOC freed 4290K, 48% free 9224K/17496K, paused 4ms, total 4ms
02-03 12:49:33.741 D/dalvikvm(15954): GC_CONCURRENT freed 3808K, 47% free 9387K/17496K, paused 0ms+1ms, total 5ms
02-03 12:49:33.741 D/dalvikvm(15954): WAIT_FOR_CONCURRENT_GC blocked 5ms
02-03 12:49:33.751 D/dalvikvm(15954): GC_FOR_ALLOC freed 3488K, 45% free 9715K/17496K, paused 4ms, total 4ms
02-03 12:49:33.751 D/dalvikvm(15954): GC_FOR_ALLOC freed 4331K, 48% free 9247K/17496K, paused 4ms, total 4ms
02-03 12:49:33.761 D/dalvikvm(15954): GC_CONCURRENT freed 3843K, 47% free 9411K/17496K, paused 1ms+1ms, total 5ms
02-03 12:49:33.761 D/dalvikvm(15954): WAIT_FOR_CONCURRENT_GC blocked 5ms
02-03 12:49:33.771 D/dalvikvm(15954): GC_FOR_ALLOC freed 3519K, 45% free 9743K/17496K, paused 4ms, total 4ms
02-03 12:49:33.771 D/dalvikvm(15954): GC_FOR_ALLOC freed 4370K, 48% free 9238K/17496K, paused 4ms, total 4ms
02-03 12:49:33.781 D/dalvikvm(15954): GC_CONCURRENT freed 3877K, 47% free 9403K/17496K, paused 0ms+1ms, total 5ms
02-03 12:49:33.781 D/dalvikvm(15954): WAIT_FOR_CONCURRENT_GC blocked 5ms
02-03 12:49:33.791 D/dalvikvm(15954): GC_FOR_ALLOC freed 3551K, 45% free 9739K/17496K, paused 4ms, total 4ms
02-03 12:49:33.801 D/dalvikvm(15954): GC_FOR_ALLOC freed 4414K, 48% free 9230K/17496K, paused 4ms, total 4ms
02-03 12:49:33.801 D/dalvikvm(15954): GC_CONCURRENT freed 3919K, 47% free 9397K/17496K, paused 1ms+1ms, total 5ms
02-03 12:49:33.801 D/dalvikvm(15954): WAIT_FOR_CONCURRENT_GC blocked 4ms
02-03 12:49:33.811 D/dalvikvm(15954): GC_FOR_ALLOC freed 3590K, 45% free 9768K/17496K, paused 5ms, total 5ms
02-03 12:49:33.821 D/dalvikvm(15954): GC_FOR_ALLOC freed 3601K, 45% free 9766K/17496K, paused 5ms, total 5ms
02-03 12:49:33.821 D/dalvikvm(15954): GC_FOR_ALLOC freed 3611K, 45% free 9765K/17496K, paused 4ms, total 4ms
02-03 12:49:33.831 D/dalvikvm(15954): GC_FOR_ALLOC freed 3620K, 45% free 9763K/17496K, paused 4ms, total 4ms
02-03 12:49:33.841 D/dalvikvm(15954): GC_FOR_ALLOC freed 3786K, 48% free 9241K/17496K, paused 4ms, total 4ms
02-03 12:49:33.851 D/dalvikvm(15954): GC_CONCURRENT freed 3423K, 44% free 9804K/17496K, paused 0ms+1ms, total 5ms
02-03 12:49:33.851 D/dalvikvm(15954): WAIT_FOR_CONCURRENT_GC blocked 5ms
02-03 12:49:33.851 D/dalvikvm(15954): GC_FOR_ALLOC freed 3469K, 48% free 9257K/17496K, paused 4ms, total 4ms
02-03 12:49:33.871 D/dalvikvm(15954): GC_FOR_ALLOC freed 2659K, 41% free 10474K/17496K, paused 4ms, total 4ms
02-03 12:49:33.941 D/dalvikvm(15954): GC_FOR_ALLOC freed 5595K, 49% free 8973K/17496K, paused 6ms, total 6ms
02-03 12:49:33.951 D/dalvikvm(15954): GC_CONCURRENT freed 2369K, 49% free 9085K/17496K, paused 0ms+2ms, total 6ms
02-03 12:49:33.961 D/dalvikvm(15954): GC_CONCURRENT freed 4114K, 49% free 9047K/17496K, paused 0ms+1ms, total 5ms
02-03 12:49:33.961 D/dalvikvm(15954): WAIT_FOR_CONCURRENT_GC blocked 4ms
02-03 12:49:33.971 D/dalvikvm(15954): GC_CONCURRENT freed 4052K, 49% free 9037K/17496K, paused 0ms+1ms, total 5ms
02-03 12:49:33.971 D/dalvikvm(15954): WAIT_FOR_CONCURRENT_GC blocked 4ms
02-03 12:49:33.981 D/dalvikvm(15954): GC_FOR_ALLOC freed 4064K, 49% free 9018K/17496K, paused 5ms, total 5ms
