--------- beginning of /dev/log/main
02-03 10:45:57.061 D/dalvikvm( 2070): GC_CONCURRENT freed 6816K, 47% free 7950K/14852K, paused 1ms+1ms, total 17ms
02-03 10:45:57.061 D/dalvikvm( 2070): WAIT_FOR_CONCURRENT_GC blocked 16ms
02-03 10:45:57.071 D/dalvikvm( 2070): GC_CONCURRENT freed 3978K, 36% free 8052K/12420K, paused 1ms+1ms, total 5ms
02-03 10:45:57.071 D/dalvikvm( 2070): WAIT_FOR_CONCURRENT_GC blocked 4ms
02-03 10:45:57.081 D/dalvikvm( 2070): GC_FOR_ALLOC freed 3674K, 37% free 7939K/12420K, paused 4ms, total 4ms
02-03 10:45:57.081 D/dalvikvm( 2070): GC_FOR_ALLOC freed 3608K, 36% free 7970K/12420K, paused 4ms, total 4ms
02-03 10:45:57.091 D/dalvikvm( 2070): GC_FOR_ALLOC freed 3331K, 36% free 8000K/12420K, paused 3ms, total 3ms
02-03 10:45:57.091 D/dalvikvm( 2070): GC_FOR_ALLOC freed 3035K, 36% free 8063K/12420K, paused 3ms, total 3ms
02-03 10:45:57.101 D/dalvikvm( 2070): GC_FOR_ALLOC freed 3041K, 36% free 8009K/12420K, paused 3ms, total 3ms
02-03 10:45:57.101 D/dalvikvm( 2070): GC_FOR_ALLOC freed 2939K, 36% free 7982K/12420K, paused 3ms, total 3ms
02-03 10:45:57.111 D/dalvikvm( 2070): GC_FOR_ALLOC freed 3000K, 35% free 8092K/12420K, paused 3ms, total 3ms
02-03 10:45:57.121 D/dalvikvm( 2070): GC_FOR_ALLOC freed 3083K, 36% free 8026K/12420K, paused 3ms, total 3ms
02-03 10:45:57.121 D/dalvikvm( 2070): GC_FOR_ALLOC freed 2880K, 36% free 7992K/12420K, paused 3ms, total 3ms
02-03 10:45:57.131 D/dalvikvm( 2070): GC_FOR_ALLOC freed 2878K, 36% free 8035K/12420K, paused 3ms, total 3ms
02-03 10:45:57.131 D/dalvikvm( 2070): GC_FOR_ALLOC freed 2826K, 36% free 7999K/12420K, paused 3ms, total 3ms
02-03 10:45:57.141 D/dalvikvm( 2070): GC_FOR_ALLOC freed 2795K, 35% free 8131K/12420K, paused 3ms, total 3ms
02-03 10:45:57.141 D/dalvikvm( 2070): GC_FOR_ALLOC freed 2795K, 36% free 8048K/12420K, paused 3ms, total 3ms
02-03 10:45:57.151 D/dalvikvm( 2070): GC_FOR_ALLOC freed 2880K, 36% free 8052K/12420K, paused 3ms, total 3ms
02-03 10:45:57.151 D/dalvikvm( 2070): GC_FOR_ALLOC freed 2870K, 36% free 8009K/12420K, paused 3ms, total 3ms
02-03 10:45:57.161 D/dalvikvm( 2070): GC_FOR_ALLOC freed 2802K, 35% free 8157K/12420K, paused 4ms, total 4ms
02-03 10:45:57.161 D/dalvikvm( 2070): GC_FOR_ALLOC freed 2674K, 36% free 8014K/12420K, paused 3ms, total 3ms
02-03 10:45:57.171 D/dalvikvm( 2070): GC_FOR_ALLOC freed 2838K, 36% free 8017K/12420K, paused 3ms, total 3ms
02-03 10:45:57.171 D/dalvikvm( 2070): GC_FOR_ALLOC freed 2905K, 36% free 8019K/12420K, paused 3ms, total 3ms
02-03 10:45:57.181 D/dalvikvm( 2070): GC_FOR_ALLOC freed 2597K, 36% free 8021K/12420K, paused 3ms, total 3ms
02-03 10:45:57.181 D/dalvikvm( 2070): GC_FOR_ALLOC freed 2648K, 36% free 8023K/12420K, paused 3ms, total 3ms
02-03 10:45:57.191 D/dalvikvm( 2070): GC_FOR_ALLOC freed 2699K, 36% free 8025K/12420K, paused 3ms, total 3ms
02-03 10:45:57.191 D/dalvikvm( 2070): GC_FOR_ALLOC freed 2467K, 35% free 8195K/12420K, paused 3ms, total 3ms
02-03 10:45:57.201 D/dalvikvm( 2070): GC_FOR_ALLOC freed 2394K, 34% free 8200K/12420K, paused 3ms, total 3ms
02-03 10:45:57.201 D/dalvikvm( 2070): GC_FOR_ALLOC freed 2431K, 35% free 8088K/12420K, paused 3ms, total 3ms
02-03 10:45:57.211 D/dalvikvm( 2070): GC_FOR_ALLOC freed 2469K, 35% free 8091K/12420K, paused 3ms, total 3ms
02-03 10:45:57.211 D/dalvikvm( 2070): GC_FOR_ALLOC freed 2387K, 36% free 8034K/12420K, paused 3ms, total 3ms
02-03 10:45:57.221 D/dalvikvm( 2070): GC_FOR_ALLOC freed 2237K, 34% free 8217K/12420K, paused 3ms, total 3ms
02-03 10:45:57.221 D/dalvikvm( 2070): GC_FOR_ALLOC freed 2452K, 36% free 8037K/12420K, paused 3ms, total 3ms
02-03 10:45:57.231 D/dalvikvm( 2070): GC_FOR_ALLOC freed 2298K, 34% free 8225K/12420K, paused 3ms, total 3ms
02-03 10:45:57.231 D/dalvikvm( 2070): GC_FOR_ALLOC freed 2518K, 36% free 8041K/12420K, paused 3ms, total 3ms
02-03 10:45:57.241 D/dalvikvm( 2070): GC_FOR_ALLOC freed 2359K, 34% free 8234K/12420K, paused 3ms, total 3ms
02-03 10:45:57.241 D/dalvikvm( 2070): GC_FOR_ALLOC freed 2259K, 34% free 8237K/12420K, paused 4ms, total 4ms
02-03 10:45:57.251 D/dalvikvm( 2070): GC_FOR_ALLOC freed 2285K, 34% free 8241K/12420K, paused 3ms, total 3ms
02-03 10:45:57.251 D/dalvikvm( 2070): GC_FOR_ALLOC freed 2311K, 34% free 8245K/12420K, paused 3ms, total 3ms
02-03 10:45:57.261 D/dalvikvm( 2070): GC_FOR_ALLOC freed 2203K, 36% free 8048K/12420K, paused 3ms, total 3ms
02-03 10:45:57.261 D/dalvikvm( 2070): GC_FOR_ALLOC freed 2362K, 36% free 8050K/12420K, paused 3ms, total 3ms
02-03 10:45:57.271 D/dalvikvm( 2070): GC_FOR_ALLOC freed 2388K, 36% free 8051K/12420K, paused 3ms, total 3ms
02-03 10:45:57.271 D/dalvikvm( 2070): GC_FOR_ALLOC freed 2414K, 36% free 8053K/12420K, paused 3ms, total 3ms
02-03 10:45:57.281 D/dalvikvm( 2070): GC_FOR_ALLOC freed 2440K, 36% free 8054K/12420K, paused 3ms, total 3ms
02-03 10:45:57.281 D/dalvikvm( 2070): GC_FOR_ALLOC freed 2112K, 34% free 8266K/12420K, paused 3ms, total 3ms
02-03 10:45:57.291 D/dalvikvm( 2070): GC_FOR_ALLOC freed 2346K, 36% free 8057K/12420K, paused 3ms, total 3ms
02-03 10:45:57.291 D/dalvikvm( 2070): GC_FOR_ALLOC freed 2152K, 34% free 8273K/12420K, paused 3ms, total 3ms
02-03 10:45:57.291 D/dalvikvm( 2070): GC_FOR_ALLOC freed 2027K, 34% free 8276K/12420K, paused 3ms, total 3ms
02-03 10:45:57.301 D/dalvikvm( 2070): GC_FOR_ALLOC freed 2043K, 35% free 8133K/12420K, paused 3ms, total 3ms
02-03 10:45:57.301 D/dalvikvm( 2070): GC_FOR_ALLOC freed 2430K, 36% free 8062K/12420K, paused 3ms, total 3ms
02-03 10:45:57.311 D/dalvikvm( 2070): GC_FOR_ALLOC freed 2229K, 35% free 8137K/12420K, paused 3ms, total 3ms
02-03 10:45:57.311 D/dalvikvm( 2070): GC_FOR_ALLOC freed 2474K, 36% free 8065K/12420K, paused 2ms, total 3ms
02-03 10:45:57.321 D/dalvikvm( 2070): GC_FOR_ALLOC freed 2117K, 36% free 8066K/12420K, paused 3ms, total 3ms
02-03 10:45:57.321 D/dalvikvm( 2070): GC_FOR_ALLOC freed 2134K, 36% free 8067K/12420K, paused 3ms, total 3ms
02-03 10:45:57.331 D/dalvikvm( 2070): GC_FOR_ALLOC freed 2151K, 36% free 8068K/12420K, paused 4ms, total 4ms
02-03 10:45:57.331 D/dalvikvm( 2070): GC_FOR_ALLOC freed 2168K, 36% free 8069K/12420K, paused 3ms, total 3ms
02-03 10:45:57.341 D/dalvikvm( 2070): GC_FOR_ALLOC freed 2184K, 36% free 8071K/12420K, paused 3ms, total 3ms
02-03 10:45:57.341 D/dalvikvm( 2070): GC_FOR_ALLOC freed 2201K, 36% free 8072K/12420K, paused 3ms, total 3ms
02-03 10:45:57.351 D/dalvikvm( 2070): GC_FOR_ALLOC freed 2218K, 35% free 8073K/12420K, paused 3ms, total 3ms
02-03 10:45:57.351 D/dalvikvm( 2070): GC_FOR_ALLOC freed 2235K, 35% free 8074K/12420K, paused 3ms, total 3ms
02-03 10:45:57.351 D/dalvikvm( 2070): GC_FOR_ALLOC freed 2254K, 35% free 8076K/12420K, paused 3ms, total 3ms
02-03 10:45:57.361 D/dalvikvm( 2070): GC_FOR_ALLOC freed 2271K, 35% free 8077K/12420K, paused 3ms, total 3ms
02-03 10:45:57.361 D/dalvikvm( 2070): GC_FOR_ALLOC freed 2288K, 35% free 8078K/12420K, paused 3ms, total 3ms
02-03 10:45:57.371 D/dalvikvm( 2070): GC_FOR_ALLOC freed 2306K, 35% free 8079K/12420K, paused 4ms, total 4ms
02-03 10:45:57.371 D/dalvikvm( 2070): GC_FOR_ALLOC freed 1907K, 33% free 8329K/12420K, paused 3ms, total 3ms
02-03 10:45:57.381 D/dalvikvm( 2070): GC_FOR_ALLOC freed 2172K, 35% free 8082K/12420K, paused 3ms, total 3ms
02-03 10:45:57.381 D/dalvikvm( 2070): GC_FOR_ALLOC freed 1933K, 33% free 8334K/12420K, paused 3ms, total 3ms
02-03 10:45:57.391 D/dalvikvm( 2070): GC_FOR_ALLOC freed 1775K, 33% free 8336K/12420K, paused 3ms, total 3ms
02-03 10:45:57.391 D/dalvikvm( 2070): GC_FOR_ALLOC freed 1784K, 35% free 8169K/12420K, paused 3ms, total 3ms
02-03 10:45:57.391 D/dalvikvm( 2070): GC_FOR_ALLOC freed 2222K, 35% free 8086K/12420K, paused 3ms, total 3ms
02-03 10:45:57.401 D/dalvikvm( 2070): GC_FOR_ALLOC freed 1977K, 33% free 8344K/12420K, paused 3ms, total 4ms
02-03 10:45:57.401 D/dalvikvm( 2070): GC_FOR_ALLOC freed 1815K, 33% free 8346K/12420K, paused 3ms, total 3ms
02-03 10:45:57.411 D/dalvikvm( 2070): GC_FOR_ALLOC freed 1825K, 35% free 8175K/12420K, paused 3ms, total 3ms
02-03 10:45:57.411 D/dalvikvm( 2070): GC_FOR_ALLOC freed 2273K, 35% free 8089K/12420K, paused 3ms, total 3ms
02-03 10:45:57.421 D/dalvikvm( 2070): GC_FOR_ALLOC freed 2022K, 33% free 8354K/12420K, paused 3ms, total 3ms
02-03 10:45:57.421 D/dalvikvm( 2070): GC_FOR_ALLOC freed 1856K, 33% free 8356K/12420K, paused 3ms, total 3ms
02-03 10:45:57.431 D/dalvikvm( 2070): GC_FOR_ALLOC freed 1866K, 35% free 8180K/12420K, paused 3ms, total 3ms
02-03 10:45:57.431 D/dalvikvm( 2070): GC_FOR_ALLOC freed 2323K, 35% free 8093K/12420K, paused 3ms, total 3ms
02-03 10:45:57.441 D/dalvikvm( 2070): GC_FOR_ALLOC freed 2067K, 33% free 8363K/12420K, paused 3ms, total 3ms
02-03 10:45:57.441 D/dalvikvm( 2070): GC_FOR_ALLOC freed 1897K, 33% free 8366K/12420K, paused 3ms, total 3ms
02-03 10:45:57.441 D/dalvikvm( 2070): GC_FOR_ALLOC freed 1907K, 35% free 8186K/12420K, paused 3ms, total 3ms
02-03 10:45:57.451 D/dalvikvm( 2070): GC_FOR_ALLOC freed 1733K, 35% free 8097K/12420K, paused 3ms, total 3ms
02-03 10:45:57.451 D/dalvikvm( 2070): GC_FOR_ALLOC freed 1924K, 35% free 8098K/12420K, paused 3ms, total 3ms
02-03 10:45:57.461 D/dalvikvm( 2070): GC_FOR_ALLOC freed 1934K, 35% free 8099K/12420K, paused 3ms, total 3ms
02-03 10:45:57.461 D/dalvikvm( 2070): GC_FOR_ALLOC freed 1943K, 35% free 8100K/12420K, paused 3ms, total 3ms
02-03 10:45:57.471 D/dalvikvm( 2070): GC_FOR_ALLOC freed 1953K, 35% free 8100K/12420K, paused 3ms, total 3ms
02-03 10:45:57.471 D/dalvikvm( 2070): GC_FOR_ALLOC freed 1962K, 35% free 8101K/12420K, paused 3ms, total 3ms
02-03 10:45:57.471 D/dalvikvm( 2070): GC_FOR_ALLOC freed 1971K, 35% free 8102K/12420K, paused 3ms, total 3ms
02-03 10:45:57.481 D/dalvikvm( 2070): GC_FOR_ALLOC freed 1981K, 35% free 8103K/12420K, paused 3ms, total 3ms
02-03 10:45:57.481 D/dalvikvm( 2070): GC_FOR_ALLOC freed 1990K, 35% free 8104K/12420K, paused 3ms, total 3ms
02-03 10:45:57.491 D/dalvikvm( 2070): GC_FOR_ALLOC freed 2000K, 35% free 8105K/12420K, paused 3ms, total 3ms
02-03 10:45:57.491 D/dalvikvm( 2070): GC_FOR_ALLOC freed 2009K, 35% free 8106K/12420K, paused 4ms, total 4ms
02-03 10:45:57.501 D/dalvikvm( 2070): GC_FOR_ALLOC freed 2019K, 35% free 8107K/12420K, paused 3ms, total 3ms
02-03 10:45:57.501 D/dalvikvm( 2070): GC_FOR_ALLOC freed 2028K, 35% free 8108K/12420K, paused 3ms, total 3ms
02-03 10:45:57.511 D/dalvikvm( 2070): GC_FOR_ALLOC freed 2037K, 35% free 8109K/12420K, paused 3ms, total 3ms
02-03 10:45:57.511 D/dalvikvm( 2070): GC_FOR_ALLOC freed 2047K, 35% free 8109K/12420K, paused 3ms, total 4ms
02-03 10:45:57.511 D/dalvikvm( 2070): GC_FOR_ALLOC freed 2056K, 35% free 8110K/12420K, paused 3ms, total 3ms
02-03 10:45:57.521 D/dalvikvm( 2070): GC_FOR_ALLOC freed 2066K, 35% free 8111K/12420K, paused 3ms, total 3ms
02-03 10:45:57.521 D/dalvikvm( 2070): GC_FOR_ALLOC freed 2075K, 35% free 8112K/12420K, paused 3ms, total 3ms
02-03 10:45:57.531 D/dalvikvm( 2070): GC_FOR_ALLOC freed 2084K, 35% free 8113K/12420K, paused 3ms, total 3ms
02-03 10:45:57.531 D/dalvikvm( 2070): GC_FOR_ALLOC freed 2094K, 35% free 8114K/12420K, paused 3ms, total 3ms
02-03 10:45:57.541 D/dalvikvm( 2070): GC_FOR_ALLOC freed 2103K, 35% free 8115K/12420K, paused 3ms, total 3ms
02-03 10:45:57.541 D/dalvikvm( 2070): GC_FOR_ALLOC freed 2113K, 35% free 8116K/12420K, paused 3ms, total 3ms
02-03 10:45:57.551 D/dalvikvm( 2070): GC_FOR_ALLOC freed 2122K, 35% free 8117K/12420K, paused 3ms, total 3ms
02-03 10:45:57.551 D/dalvikvm( 2070): GC_FOR_ALLOC freed 2132K, 35% free 8117K/12420K, paused 3ms, total 3ms
02-03 10:45:57.551 D/dalvikvm( 2070): GC_FOR_ALLOC freed 1968K, 34% free 8219K/12420K, paused 3ms, total 3ms
02-03 10:45:57.561 D/dalvikvm( 2070): GC_FOR_ALLOC freed 1720K, 33% free 8444K/12420K, paused 3ms, total 3ms
02-03 10:45:57.561 D/dalvikvm( 2070): GC_FOR_ALLOC freed 1530K, 33% free 8444K/12420K, paused 3ms, total 3ms
02-03 10:45:57.571 D/dalvikvm( 2070): GC_FOR_ALLOC freed 2116K, 39% free 7641K/12420K, paused 3ms, total 3ms
02-03 10:45:57.571 I/dalvikvm-heap( 2070): Grow heap (frag case) to 8.505MB for 1048592-byte allocation
02-03 10:45:57.571 D/dalvikvm( 2070): GC_FOR_ALLOC freed <1K, 36% free 8665K/13448K, paused 3ms, total 3ms
02-03 10:45:57.581 D/dalvikvm( 2070): GC_FOR_ALLOC freed <1K, 36% free 8666K/13448K, paused 3ms, total 3ms
02-03 10:45:57.581 I/dalvikvm-heap( 2070): Grow heap (frag case) to 9.505MB for 1048592-byte allocation
02-03 10:45:57.581 D/dalvikvm( 2070): GC_FOR_ALLOC freed <1K, 34% free 9690K/14476K, paused 2ms, total 2ms
02-03 10:45:57.581 D/dalvikvm( 2070): GC_FOR_ALLOC freed <1K, 34% free 9690K/14476K, paused 2ms, total 2ms
02-03 10:45:57.581 I/dalvikvm-heap( 2070): Grow heap (frag case) to 10.505MB for 1048592-byte allocation
02-03 10:45:57.591 D/dalvikvm( 2070): GC_FOR_ALLOC freed 0K, 31% free 10714K/15504K, paused 3ms, total 3ms
02-03 10:45:58.041 D/dalvikvm( 2070): GC_CONCURRENT freed 6772K, 49% free 8017K/15504K, paused 1ms+1ms, total 17ms
02-03 10:45:58.041 D/dalvikvm( 2070): WAIT_FOR_CONCURRENT_GC blocked 17ms
02-03 10:45:58.051 D/dalvikvm( 2070): GC_CONCURRENT freed 3976K, 35% free 8137K/12408K, paused 1ms+1ms, total 5ms
02-03 10:45:58.051 D/dalvikvm( 2070): WAIT_FOR_CONCURRENT_GC blocked 4ms
02-03 10:45:58.061 D/dalvikvm( 2070): GC_FOR_ALLOC freed 3673K, 36% free 7991K/12408K, paused 4ms, total 4ms
02-03 10:45:58.061 D/dalvikvm( 2070): GC_FOR_ALLOC freed 3608K, 36% free 8022K/12408K, paused 4ms, total 4ms
02-03 10:45:58.071 D/dalvikvm( 2070): GC_FOR_ALLOC freed 3276K, 36% free 8025K/12408K, paused 3ms, total 3ms
02-03 10:45:58.071 D/dalvikvm( 2070): GC_FOR_ALLOC freed 2876K, 35% free 8118K/12408K, paused 3ms, total 3ms
02-03 10:45:58.081 D/dalvikvm( 2070): GC_FOR_ALLOC freed 2803K, 35% free 8128K/12408K, paused 4ms, total 4ms
02-03 10:45:58.091 D/dalvikvm( 2070): GC_FOR_ALLOC freed 2980K, 35% free 8070K/12408K, paused 4ms, total 4ms
02-03 10:45:58.091 D/dalvikvm( 2070): GC_FOR_ALLOC freed 2837K, 36% free 8041K/12408K, paused 4ms, total 4ms
02-03 10:45:58.101 D/dalvikvm( 2070): GC_FOR_ALLOC freed 2868K, 35% free 8081K/12408K, paused 3ms, total 3ms
02-03 10:45:58.111 D/dalvikvm( 2070): GC_FOR_ALLOC freed 2653K, 35% free 8085K/12408K, paused 3ms, total 3ms
02-03 10:45:58.111 D/dalvikvm( 2070): GC_FOR_ALLOC freed 2678K, 36% free 8050K/12408K, paused 3ms, total 4ms
02-03 10:45:58.121 D/dalvikvm( 2070): GC_FOR_ALLOC freed 2654K, 35% free 8177K/12408K, paused 3ms, total 3ms
02-03 10:45:58.121 D/dalvikvm( 2070): GC_FOR_ALLOC freed 2664K, 35% free 8098K/12408K, paused 3ms, total 3ms
02-03 10:45:58.131 D/dalvikvm( 2070): GC_FOR_ALLOC freed 2748K, 35% free 8102K/12408K, paused 4ms, total 4ms
02-03 10:45:58.131 D/dalvikvm( 2070): GC_FOR_ALLOC freed 2742K, 36% free 8061K/12408K, paused 3ms, total 3ms
02-03 10:45:58.141 D/dalvikvm( 2070): GC_FOR_ALLOC freed 2680K, 35% free 8110K/12408K, paused 3ms, total 3ms
02-03 10:45:58.141 D/dalvikvm( 2070): GC_FOR_ALLOC freed 2656K, 35% free 8113K/12408K, paused 3ms, total 3ms
02-03 10:45:58.151 D/dalvikvm( 2070): GC_FOR_ALLOC freed 2723K, 35% free 8117K/12408K, paused 3ms, total 3ms
02-03 10:45:58.151 D/dalvikvm( 2070): GC_FOR_ALLOC freed 2690K, 35% free 8071K/12408K, paused 4ms, total 4ms
02-03 10:45:58.161 D/dalvikvm( 2070): GC_FOR_ALLOC freed 2597K, 34% free 8226K/12408K, paused 4ms, total 4ms
02-03 10:45:58.171 D/dalvikvm( 2070): GC_FOR_ALLOC freed 2916K, 35% free 8127K/12408K, paused 4ms, total 4ms
02-03 10:45:58.171 D/AndroidRuntime( 6130): 
02-03 10:45:58.171 D/AndroidRuntime( 6130): >>>>>> AndroidRuntime START com.android.internal.os.RuntimeInit <<<<<<
02-03 10:45:58.171 D/AndroidRuntime( 6130): CheckJNI is OFF
02-03 10:45:58.171 I/AndroidRuntime( 6130): Kernel Release Version: 3.10.20-g25181e8-dirty
02-03 10:45:58.171 D/dalvikvm( 2070): GC_FOR_ALLOC freed 2231K, 34% free 8237K/12408K, paused 4ms, total 4ms
02-03 10:45:58.171 I/dalvikvm( 6130): No library specified. The standard exception handler will be used
02-03 10:45:58.171 I/dalvikvm( 6130): 
02-03 10:45:58.171 I/dalvikvm( 6130): +++++++++++++ Using PCG. +++++++++++++++++++++
02-03 10:45:58.181 D/dalvikvm( 2070): GC_FOR_ALLOC freed 2268K, 35% free 8133K/12408K, paused 3ms, total 3ms
02-03 10:45:58.181 D/dalvikvm( 6130): Trying to load lib libjavacore.so 0x0
02-03 10:45:58.181 D/dalvikvm( 2070): GC_FOR_ALLOC freed 2306K, 35% free 8135K/12408K, paused 3ms, total 3ms
02-03 10:45:58.181 D/dalvikvm( 6130): Added shared lib libjavacore.so 0x0
02-03 10:45:58.181 D/dalvikvm( 6130): Trying to load lib libnativehelper.so 0x0
02-03 10:45:58.181 D/dalvikvm( 6130): Added shared lib libnativehelper.so 0x0
02-03 10:45:58.181 D/dalvikvm( 6130): No JNI_OnLoad found in libnativehelper.so 0x0, skipping init
02-03 10:45:58.191 D/dalvikvm( 2070): GC_FOR_ALLOC freed 2231K, 35% free 8082K/12408K, paused 3ms, total 3ms
02-03 10:45:58.191 D/dalvikvm( 6130): Extra Options: not specified
02-03 10:45:58.191 D/dalvikvm( 2070): GC_FOR_ALLOC freed 2094K, 34% free 8254K/12408K, paused 3ms, total 4ms
02-03 10:45:58.201 D/dalvikvm( 2070): GC_FOR_ALLOC freed 2297K, 35% free 8086K/12408K, paused 3ms, total 3ms
02-03 10:45:58.201 D/dalvikvm( 6130): Note: class Landroid/app/ActivityManagerNative; has 186 unimplemented (abstract) methods
02-03 10:45:58.201 D/dalvikvm( 2070): GC_FOR_ALLOC freed 2155K, 35% free 8145K/12408K, paused 3ms, total 3ms
02-03 10:45:58.211 D/dalvikvm( 2070): GC_FOR_ALLOC freed 2363K, 35% free 8089K/12408K, paused 3ms, total 3ms
02-03 10:45:58.211 D/dalvikvm( 2070): GC_FOR_ALLOC freed 2215K, 35% free 8150K/12408K, paused 3ms, total 3ms
02-03 10:45:58.221 D/dalvikvm( 2070): GC_FOR_ALLOC freed 2123K, 34% free 8274K/12408K, paused 3ms, total 3ms
02-03 10:45:58.221 D/dalvikvm( 2070): GC_FOR_ALLOC freed 2149K, 35% free 8155K/12408K, paused 3ms, total 3ms
02-03 10:45:58.231 D/dalvikvm( 2070): GC_FOR_ALLOC freed 2175K, 34% free 8281K/12408K, paused 4ms, total 4ms
02-03 10:45:58.231 D/dalvikvm( 2070): GC_FOR_ALLOC freed 2201K, 35% free 8159K/12408K, paused 3ms, total 3ms
02-03 10:45:58.241 D/dalvikvm( 2070): GC_FOR_ALLOC freed 2227K, 34% free 8289K/12408K, paused 3ms, total 3ms
02-03 10:45:58.241 D/dalvikvm( 2070): GC_FOR_ALLOC freed 2254K, 35% free 8163K/12408K, paused 3ms, total 3ms
02-03 10:45:58.251 D/dalvikvm( 2070): GC_FOR_ALLOC freed 2280K, 35% free 8166K/12408K, paused 4ms, total 4ms
02-03 10:45:58.251 D/dalvikvm( 2070): GC_FOR_ALLOC freed 2174K, 35% free 8102K/12408K, paused 3ms, total 3ms
02-03 10:45:58.261 D/dalvikvm( 2070): GC_FOR_ALLOC freed 2331K, 35% free 8104K/12408K, paused 4ms, total 4ms
02-03 10:45:58.261 D/dalvikvm( 2070): GC_FOR_ALLOC freed 2018K, 34% free 8307K/12408K, paused 4ms, total 4ms
02-03 10:45:58.271 D/dalvikvm( 2070): GC_FOR_ALLOC freed 2243K, 35% free 8107K/12408K, paused 3ms, total 3ms
02-03 10:45:58.271 D/dalvikvm( 2070): GC_FOR_ALLOC freed 2058K, 33% free 8314K/12408K, paused 3ms, total 3ms
02-03 10:45:58.281 E/memtrack( 6130): Couldn't load memtrack module (No such file or directory)
02-03 10:45:58.281 E/android.os.Debug( 6130): failed to load memtrack module: -2
02-03 10:45:58.281 D/dalvikvm( 2070): GC_FOR_ALLOC freed 2287K, 35% free 8109K/12408K, paused 3ms, total 3ms
02-03 10:45:58.281 D/dalvikvm( 2070): GC_FOR_ALLOC freed 2099K, 35% free 8180K/12408K, paused 3ms, total 3ms
02-03 10:45:58.291 D/dalvikvm( 2070): GC_FOR_ALLOC freed 1976K, 33% free 8323K/12408K, paused 3ms, total 3ms
02-03 10:45:58.291 D/dalvikvm( 2070): GC_FOR_ALLOC freed 1993K, 33% free 8326K/12408K, paused 3ms, total 3ms
02-03 10:45:58.301 D/dalvikvm( 2070): GC_FOR_ALLOC freed 2010K, 33% free 8329K/12408K, paused 3ms, total 3ms
02-03 10:45:58.301 D/dalvikvm( 2070): GC_FOR_ALLOC freed 2027K, 33% free 8332K/12408K, paused 4ms, total 4ms
02-03 10:45:58.311 D/dalvikvm( 2070): GC_FOR_ALLOC freed 2043K, 34% free 8189K/12408K, paused 3ms, total 3ms
02-03 10:45:58.311 D/AndroidRuntime( 6130): Calling main entry com.android.commands.am.Am
02-03 10:45:58.311 D/dalvikvm( 2070): GC_FOR_ALLOC freed 2060K, 34% free 8191K/12408K, paused 3ms, total 3ms
02-03 10:45:58.321 D/dalvikvm( 2070): GC_FOR_ALLOC freed 2077K, 34% free 8193K/12408K, paused 4ms, total 4ms
02-03 10:45:58.321 D/dalvikvm( 2070): GC_FOR_ALLOC freed 2093K, 34% free 8194K/12408K, paused 3ms, total 3ms
02-03 10:45:58.331 D/dalvikvm( 2070): GC_FOR_ALLOC freed 2110K, 34% free 8196K/12408K, paused 3ms, total 3ms
02-03 10:45:58.331 D/dalvikvm( 2070): GC_FOR_ALLOC freed 2127K, 34% free 8198K/12408K, paused 3ms, total 3ms
--------- beginning of /dev/log/system
02-03 10:45:58.331 I/ActivityManager(  547): Force stopping org.xwalk.webapi_noneservice_tests appid=11605 user=0: from pid 6130
02-03 10:45:58.331 I/ActivityManager(  547): Killing 5224:testkit.stub/u0a1072 (adj 15): empty for 1845s
02-03 10:45:58.341 D/AndroidRuntime( 6130): Shutting down VM
02-03 10:45:58.341 D/dalvikvm( 6130): GC_CONCURRENT freed 108K, 16% free 638K/760K, paused 1ms+0ms, total 2ms
02-03 10:45:58.341 D/dalvikvm( 2070): GC_FOR_ALLOC freed 2144K, 34% free 8200K/12408K, paused 6ms, total 6ms
02-03 10:45:58.341 I/SecurityManagerService(  708): SMS received security event: App[STOP/testkit.stub]
02-03 10:45:58.351 D/dalvikvm( 6130): Compiler shutdown in progress - discarding request
02-03 10:45:58.351 D/dalvikvm( 6130): Compiler shutdown in progress - discarding request
02-03 10:45:58.351 D/dalvikvm( 6130): Compiler shutdown in progress - discarding request
02-03 10:45:58.351 D/dalvikvm( 6130): Compiler shutdown in progress - discarding request
02-03 10:45:58.351 D/dalvikvm( 6130): Compiler shutdown in progress - discarding request
02-03 10:45:58.351 D/dalvikvm( 6130): Compiler shutdown in progress - discarding request
02-03 10:45:58.351 D/dalvikvm( 6130): Compiler shutdown in progress - discarding request
02-03 10:45:58.351 D/dalvikvm( 6130): Compiler shutdown in progress - discarding request
02-03 10:45:58.351 D/dalvikvm( 6130): Compiler shutdown in progress - discarding request
02-03 10:45:58.351 D/dalvikvm( 6130): Compiler shutdown in progress - discarding request
02-03 10:45:58.351 D/dalvikvm( 6130): Compiler shutdown in progress - discarding request
02-03 10:45:58.351 D/dalvikvm( 6130): Compiler shutdown in progress - discarding request
02-03 10:45:58.351 D/dalvikvm( 6130): Compiler shutdown in progress - discarding request
02-03 10:45:58.351 D/dalvikvm( 6130): Compiler shutdown in progress - discarding request
02-03 10:45:58.351 D/dalvikvm( 6130): Compiler shutdown in progress - discarding request
02-03 10:45:58.351 D/dalvikvm( 6130): Compiler shutdown in progress - discarding request
02-03 10:45:58.351 D/dalvikvm( 6130): Compiler shutdown in progress - discarding request
02-03 10:45:58.351 D/dalvikvm( 6130): Compiler shutdown in progress - discarding request
02-03 10:45:58.351 D/dalvikvm( 6130): Compiler shutdown in progress - discarding request
02-03 10:45:58.351 D/dalvikvm( 6130): Compiler shutdown in progress - discarding request
02-03 10:45:58.351 D/dalvikvm( 6130): Compiler shutdown in progress - discarding request
02-03 10:45:58.351 D/dalvikvm( 6130): Compiler shutdown in progress - discarding request
02-03 10:45:58.351 D/dalvikvm( 6130): Compiler shutdown in progress - discarding request
02-03 10:45:58.351 D/dalvikvm( 6130): Compiler shutdown in progress - discarding request
02-03 10:45:58.351 D/dalvikvm( 6130): Compiler shutdown in progress - discarding request
02-03 10:45:58.351 D/dalvikvm( 6130): Compiler shutdown in progress - discarding request
02-03 10:45:58.351 D/dalvikvm( 6130): Compiler shutdown in progress - discarding request
02-03 10:45:58.351 D/dalvikvm( 6130): Compiler shutdown in progress - discarding request
02-03 10:45:58.351 D/dalvikvm( 6130): Compiler shutdown in progress - discarding request
02-03 10:45:58.351 D/dalvikvm( 6130): Compiler shutdown in progress - discarding request
02-03 10:45:58.351 D/dalvikvm( 6130): Compiler shutdown in progress - discarding request
02-03 10:45:58.351 D/dalvikvm( 6130): Compiler shutdown in progress - discarding request
02-03 10:45:58.351 D/dalvikvm( 6130): Compiler shutdown in progress - discarding request
02-03 10:45:58.351 D/dalvikvm( 6130): Compiler shutdown in progress - discarding request
02-03 10:45:58.351 D/dalvikvm( 6130): Compiler shutdown in progress - discarding request
02-03 10:45:58.351 D/dalvikvm( 6130): Compiler shutdown in progress - discarding request
02-03 10:45:58.351 D/dalvikvm( 6130): Compiler shutdown in progress - discarding request
02-03 10:45:58.351 D/dalvikvm( 6130): Compiler shutdown in progress - discarding request
02-03 10:45:58.351 D/dalvikvm( 6130): Compiler shutdown in progress - discarding request
02-03 10:45:58.351 D/dalvikvm( 6130): Compiler shutdown in progress - discarding request
02-03 10:45:58.351 D/dalvikvm( 6130): Compiler shutdown in progress - discarding request
02-03 10:45:58.351 D/dalvikvm( 6130): Compiler shutdown in progress - discarding request
02-03 10:45:58.351 D/dalvikvm( 6130): Compiler shutdown in progress - discarding request
02-03 10:45:58.351 D/dalvikvm( 6130): Compiler shutdown in progress - discarding request
02-03 10:45:58.351 D/dalvikvm( 6130): Compiler shutdown in progress - discarding request
02-03 10:45:58.351 D/dalvikvm( 6130): Compiler shutdown in progress - discarding request
02-03 10:45:58.351 D/dalvikvm( 6130): Compiler shutdown in progress - discarding request
02-03 10:45:58.351 D/dalvikvm( 2070): GC_FOR_ALLOC freed 2160K, 34% free 8202K/12408K, paused 9ms, total 9ms
02-03 10:45:58.361 D/dalvikvm( 2070): GC_FOR_ALLOC freed 2177K, 34% free 8203K/12408K, paused 4ms, total 4ms
02-03 10:45:58.361 D/dalvikvm( 2070): GC_FOR_ALLOC freed 2194K, 34% free 8205K/12408K, paused 4ms, total 4ms
02-03 10:45:58.371 D/dalvikvm( 2070): GC_FOR_ALLOC freed 2211K, 34% free 8207K/12408K, paused 3ms, total 3ms
02-03 10:45:58.371 D/dalvikvm( 2070): GC_FOR_ALLOC freed 2227K, 34% free 8209K/12408K, paused 3ms, total 3ms
02-03 10:45:58.381 D/dalvikvm( 2070): GC_FOR_ALLOC freed 2246K, 34% free 8211K/12408K, paused 3ms, total 3ms
02-03 10:45:58.381 D/dalvikvm( 2070): GC_FOR_ALLOC freed 2264K, 34% free 8213K/12408K, paused 3ms, total 3ms
02-03 10:45:58.391 D/dalvikvm( 2070): GC_FOR_ALLOC freed 2281K, 34% free 8214K/12408K, paused 4ms, total 4ms
02-03 10:45:58.391 D/dalvikvm( 2070): GC_FOR_ALLOC freed 2298K, 34% free 8216K/12408K, paused 3ms, total 3ms
02-03 10:45:58.391 D/dalvikvm( 2070): GC_FOR_ALLOC freed 2150K, 35% free 8136K/12408K, paused 3ms, total 3ms
02-03 10:45:58.401 D/dalvikvm( 2070): GC_FOR_ALLOC freed 1914K, 33% free 8387K/12408K, paused 3ms, total 3ms
02-03 10:45:58.401 D/dalvikvm( 2070): GC_FOR_ALLOC freed 1759K, 33% free 8389K/12408K, paused 3ms, total 3ms
02-03 10:45:58.411 D/dalvikvm( 2070): GC_FOR_ALLOC freed 1768K, 33% free 8391K/12408K, paused 3ms, total 3ms
02-03 10:45:58.411 D/dalvikvm( 2070): GC_FOR_ALLOC freed 1778K, 33% free 8393K/12408K, paused 4ms, total 4ms
02-03 10:45:58.421 D/dalvikvm( 2070): GC_FOR_ALLOC freed 1787K, 33% free 8395K/12408K, paused 3ms, total 3ms
02-03 10:45:58.421 D/dalvikvm( 2070): GC_FOR_ALLOC freed 1797K, 33% free 8398K/12408K, paused 4ms, total 4ms
02-03 10:45:58.431 D/dalvikvm( 2070): GC_FOR_ALLOC freed 1806K, 33% free 8400K/12408K, paused 3ms, total 3ms
02-03 10:45:58.431 D/dalvikvm( 2070): GC_FOR_ALLOC freed 1815K, 33% free 8402K/12408K, paused 3ms, total 3ms
02-03 10:45:58.431 D/dalvikvm( 2070): GC_FOR_ALLOC freed 1825K, 33% free 8404K/12408K, paused 3ms, total 3ms
02-03 10:45:58.441 D/dalvikvm( 2070): GC_FOR_ALLOC freed 1834K, 33% free 8407K/12408K, paused 3ms, total 3ms
02-03 10:45:58.441 D/dalvikvm( 2070): GC_FOR_ALLOC freed 1844K, 33% free 8409K/12408K, paused 3ms, total 3ms
02-03 10:45:58.451 D/dalvikvm( 2070): GC_FOR_ALLOC freed 1853K, 33% free 8411K/12408K, paused 3ms, total 3ms
02-03 10:45:58.451 D/dalvikvm( 2070): GC_FOR_ALLOC freed 1863K, 33% free 8413K/12408K, paused 3ms, total 3ms
02-03 10:45:58.461 D/dalvikvm( 2070): GC_FOR_ALLOC freed 1872K, 33% free 8416K/12408K, paused 3ms, total 3ms
02-03 10:45:58.461 D/dalvikvm( 2070): GC_FOR_ALLOC freed 1881K, 33% free 8418K/12408K, paused 3ms, total 3ms
02-03 10:45:58.461 D/dalvikvm( 2070): GC_FOR_ALLOC freed 1891K, 33% free 8420K/12408K, paused 3ms, total 3ms
02-03 10:45:58.471 D/dalvikvm( 2070): GC_FOR_ALLOC freed 1719K, 35% free 8151K/12408K, paused 3ms, total 3ms
02-03 10:45:58.471 D/dalvikvm( 2070): GC_FOR_ALLOC freed 1909K, 35% free 8152K/12408K, paused 3ms, total 3ms
02-03 10:45:58.481 D/dalvikvm( 2070): GC_FOR_ALLOC freed 1918K, 35% free 8153K/12408K, paused 4ms, total 4ms
02-03 10:45:58.481 D/dalvikvm( 2070): GC_FOR_ALLOC freed 1928K, 35% free 8154K/12408K, paused 3ms, total 3ms
02-03 10:45:58.491 D/dalvikvm( 2070): GC_FOR_ALLOC freed 1937K, 35% free 8155K/12408K, paused 3ms, total 3ms
02-03 10:45:58.491 D/dalvikvm( 2070): GC_FOR_ALLOC freed 1946K, 35% free 8156K/12408K, paused 3ms, total 3ms
02-03 10:45:58.501 D/dalvikvm( 2070): GC_FOR_ALLOC freed 1956K, 35% free 8157K/12408K, paused 4ms, total 4ms
02-03 10:45:58.501 D/dalvikvm( 2070): GC_FOR_ALLOC freed 1965K, 35% free 8158K/12408K, paused 3ms, total 3ms
02-03 10:45:58.501 D/dalvikvm( 2070): GC_FOR_ALLOC freed 1503K, 32% free 8440K/12408K, paused 3ms, total 3ms
02-03 10:45:58.511 D/dalvikvm( 2070): GC_FOR_ALLOC freed 1793K, 35% free 8159K/12408K, paused 3ms, total 3ms
02-03 10:45:58.511 D/dalvikvm( 2070): GC_FOR_ALLOC freed 1515K, 32% free 8443K/12408K, paused 3ms, total 3ms
02-03 10:45:58.521 D/dalvikvm( 2070): GC_FOR_ALLOC freed 1807K, 35% free 8161K/12408K, paused 3ms, total 3ms
02-03 10:45:58.521 D/dalvikvm( 2070): GC_FOR_ALLOC freed 1527K, 32% free 8447K/12408K, paused 3ms, total 3ms
02-03 10:45:58.521 D/dalvikvm( 2070): GC_FOR_ALLOC freed 1821K, 35% free 8162K/12408K, paused 3ms, total 3ms
02-03 10:45:58.531 D/dalvikvm( 2070): GC_FOR_ALLOC freed 1539K, 32% free 8451K/12408K, paused 3ms, total 3ms
02-03 10:45:58.531 D/dalvikvm( 2070): GC_FOR_ALLOC freed 1351K, 32% free 8452K/12408K, paused 3ms, total 3ms
02-03 10:45:58.541 D/dalvikvm( 2070): GC_FOR_ALLOC freed 1841K, 35% free 8164K/12408K, paused 4ms, total 4ms
02-03 10:45:58.541 D/dalvikvm( 2070): GC_FOR_ALLOC freed 2044K, 35% free 8165K/12408K, paused 3ms, total 3ms
02-03 10:45:58.551 D/dalvikvm( 2070): GC_FOR_ALLOC freed 1563K, 32% free 8458K/12408K, paused 3ms, total 3ms
02-03 10:45:58.551 D/dalvikvm( 2070): GC_FOR_ALLOC freed 1372K, 32% free 8460K/12408K, paused 4ms, total 4ms
02-03 10:45:58.561 D/dalvikvm( 2070): GC_FOR_ALLOC freed 1870K, 35% free 8167K/12408K, paused 3ms, total 4ms
02-03 10:45:58.561 D/dalvikvm( 2070): GC_FOR_ALLOC freed 2075K, 35% free 8168K/12408K, paused 3ms, total 3ms
02-03 10:45:58.561 D/dalvikvm( 2070): GC_FOR_ALLOC freed 1587K, 32% free 8466K/12408K, paused 4ms, total 4ms
02-03 10:45:58.571 D/dalvikvm( 2070): GC_FOR_ALLOC freed 1892K, 36% free 8170K/12608K, paused 3ms, total 3ms
02-03 10:45:58.571 D/dalvikvm( 2070): GC_FOR_ALLOC freed 2100K, 36% free 8171K/12608K, paused 3ms, total 3ms
02-03 10:45:58.581 D/dalvikvm( 2070): GC_FOR_ALLOC freed 2110K, 36% free 8171K/12608K, paused 4ms, total 4ms
02-03 10:45:58.581 D/dalvikvm( 2070): GC_FOR_ALLOC freed 2119K, 36% free 8172K/12608K, paused 3ms, total 3ms
02-03 10:45:58.591 D/dalvikvm( 2070): GC_FOR_ALLOC freed 2128K, 36% free 8173K/12608K, paused 3ms, total 3ms
02-03 10:45:58.591 D/dalvikvm( 2070): GC_FOR_ALLOC freed 2254K, 36% free 8172K/12608K, paused 3ms, total 3ms
02-03 10:45:58.601 D/dalvikvm( 2070): GC_FOR_ALLOC freed 2146K, 35% free 8281K/12608K, paused 3ms, total 3ms
02-03 10:45:58.601 D/dalvikvm( 2070): GC_FOR_ALLOC freed 1530K, 33% free 8500K/12608K, paused 3ms, total 3ms
02-03 10:45:58.611 D/dalvikvm( 2070): GC_FOR_ALLOC freed 2160K, 40% free 7653K/12608K, paused 3ms, total 3ms
02-03 10:45:58.611 I/dalvikvm-heap( 2070): Grow heap (frag case) to 8.517MB for 1048592-byte allocation
02-03 10:45:58.611 D/dalvikvm( 2070): GC_FOR_ALLOC freed <1K, 37% free 8677K/13636K, paused 2ms, total 2ms
02-03 10:45:58.621 D/dalvikvm( 2070): GC_FOR_ALLOC freed 4K, 37% free 8674K/13636K, paused 2ms, total 2ms
02-03 10:45:58.621 I/dalvikvm-heap( 2070): Grow heap (frag case) to 9.513MB for 1048592-byte allocation
02-03 10:45:58.621 D/dalvikvm( 2070): GC_FOR_ALLOC freed <1K, 34% free 9698K/14664K, paused 2ms, total 2ms
02-03 10:45:58.621 D/dalvikvm( 2070): GC_FOR_ALLOC freed <1K, 34% free 9698K/14664K, paused 2ms, total 2ms
02-03 10:45:58.621 I/dalvikvm-heap( 2070): Grow heap (frag case) to 10.513MB for 1048592-byte allocation
02-03 10:45:58.631 D/dalvikvm( 2070): GC_FOR_ALLOC freed 0K, 32% free 10722K/15692K, paused 3ms, total 3ms
02-03 10:45:58.771 D/AndroidRuntime( 6141): 
02-03 10:45:58.771 D/AndroidRuntime( 6141): >>>>>> AndroidRuntime START com.android.internal.os.RuntimeInit <<<<<<
02-03 10:45:58.771 D/AndroidRuntime( 6141): CheckJNI is OFF
02-03 10:45:58.771 I/AndroidRuntime( 6141): Kernel Release Version: 3.10.20-g25181e8-dirty
02-03 10:45:58.771 I/dalvikvm( 6141): No library specified. The standard exception handler will be used
02-03 10:45:58.771 I/dalvikvm( 6141): 
02-03 10:45:58.771 I/dalvikvm( 6141): +++++++++++++ Using PCG. +++++++++++++++++++++
02-03 10:45:58.781 D/dalvikvm( 6141): Trying to load lib libjavacore.so 0x0
02-03 10:45:58.781 D/dalvikvm( 6141): Added shared lib libjavacore.so 0x0
02-03 10:45:58.781 D/dalvikvm( 6141): Trying to load lib libnativehelper.so 0x0
02-03 10:45:58.781 D/dalvikvm( 6141): Added shared lib libnativehelper.so 0x0
02-03 10:45:58.781 D/dalvikvm( 6141): No JNI_OnLoad found in libnativehelper.so 0x0, skipping init
02-03 10:45:58.791 D/dalvikvm( 6141): Extra Options: not specified
02-03 10:45:58.801 D/dalvikvm( 6141): Note: class Landroid/app/ActivityManagerNative; has 186 unimplemented (abstract) methods
02-03 10:45:58.871 E/memtrack( 6141): Couldn't load memtrack module (No such file or directory)
02-03 10:45:58.871 E/android.os.Debug( 6141): failed to load memtrack module: -2
02-03 10:45:58.911 D/AndroidRuntime( 6141): Calling main entry com.android.commands.am.Am
02-03 10:45:58.941 D/AndroidRuntime( 6141): Shutting down VM
02-03 10:45:58.941 D/dalvikvm( 6141): GC_CONCURRENT freed 113K, 16% free 674K/800K, paused 1ms+0ms, total 2ms
02-03 10:45:58.941 I/ActivityManager(  547): START u0 {flg=0x10000000 cmp=org.xwalk.webapi_noneservice_tests/.webapi_noneservice_testsActivity} from pid 6141
02-03 10:45:58.951 D/dalvikvm( 6141): Compiler shutdown in progress - discarding request
02-03 10:45:58.951 D/dalvikvm( 6141): Compiler shutdown in progress - discarding request
02-03 10:45:58.951 D/dalvikvm( 6141): Compiler shutdown in progress - discarding request
02-03 10:45:58.951 D/dalvikvm( 6141): Compiler shutdown in progress - discarding request
02-03 10:45:58.951 D/dalvikvm( 6141): Compiler shutdown in progress - discarding request
02-03 10:45:58.951 D/dalvikvm( 6141): Compiler shutdown in progress - discarding request
02-03 10:45:58.951 D/dalvikvm( 6141): Compiler shutdown in progress - discarding request
02-03 10:45:58.951 D/dalvikvm( 6141): Compiler shutdown in progress - discarding request
02-03 10:45:58.951 D/dalvikvm( 6141): Compiler shutdown in progress - discarding request
02-03 10:45:58.951 D/dalvikvm( 6141): Compiler shutdown in progress - discarding request
02-03 10:45:58.951 D/dalvikvm( 6141): Compiler shutdown in progress - discarding request
02-03 10:45:58.951 D/dalvikvm( 6141): Compiler shutdown in progress - discarding request
02-03 10:45:58.951 D/dalvikvm( 6141): Compiler shutdown in progress - discarding request
02-03 10:45:58.951 D/dalvikvm( 6141): Compiler shutdown in progress - discarding request
02-03 10:45:58.951 D/dalvikvm( 6141): Compiler shutdown in progress - discarding request
02-03 10:45:58.951 D/dalvikvm( 6141): Compiler shutdown in progress - discarding request
02-03 10:45:58.951 D/dalvikvm( 6141): Compiler shutdown in progress - discarding request
02-03 10:45:58.951 D/dalvikvm( 6141): Compiler shutdown in progress - discarding request
02-03 10:45:58.951 D/dalvikvm( 6141): Compiler shutdown in progress - discarding request
02-03 10:45:58.951 D/dalvikvm( 6141): Compiler shutdown in progress - discarding request
02-03 10:45:58.951 D/dalvikvm( 6141): Compiler shutdown in progress - discarding request
02-03 10:45:58.951 D/dalvikvm( 6141): Compiler shutdown in progress - discarding request
02-03 10:45:58.951 D/dalvikvm( 6141): Compiler shutdown in progress - discarding request
02-03 10:45:58.951 D/dalvikvm( 6141): Compiler shutdown in progress - discarding request
02-03 10:45:58.951 D/dalvikvm( 6141): Compiler shutdown in progress - discarding request
02-03 10:45:58.951 D/dalvikvm( 6141): Compiler shutdown in progress - discarding request
02-03 10:45:58.951 D/dalvikvm( 6141): Compiler shutdown in progress - discarding request
02-03 10:45:58.951 D/dalvikvm( 6141): Compiler shutdown in progress - discarding request
02-03 10:45:58.951 D/dalvikvm( 6141): Compiler shutdown in progress - discarding request
02-03 10:45:58.951 D/dalvikvm( 6141): Compiler shutdown in progress - discarding request
02-03 10:45:58.951 D/dalvikvm( 6141): Compiler shutdown in progress - discarding request
02-03 10:45:58.951 D/dalvikvm( 6141): Compiler shutdown in progress - discarding request
02-03 10:45:58.951 D/dalvikvm( 6141): Compiler shutdown in progress - discarding request
02-03 10:45:58.951 D/dalvikvm( 6141): Compiler shutdown in progress - discarding request
02-03 10:45:58.951 D/dalvikvm( 6141): Compiler shutdown in progress - discarding request
02-03 10:45:58.951 D/dalvikvm( 6141): Compiler shutdown in progress - discarding request
02-03 10:45:58.951 D/dalvikvm( 6141): Compiler shutdown in progress - discarding request
02-03 10:45:58.951 D/dalvikvm( 6141): Compiler shutdown in progress - discarding request
02-03 10:45:58.951 D/dalvikvm( 6141): Compiler shutdown in progress - discarding request
02-03 10:45:58.951 D/dalvikvm( 6141): Compiler shutdown in progress - discarding request
02-03 10:45:58.951 D/dalvikvm( 6141): Compiler shutdown in progress - discarding request
02-03 10:45:58.951 D/dalvikvm( 6141): Compiler shutdown in progress - discarding request
02-03 10:45:58.951 D/dalvikvm( 6141): Compiler shutdown in progress - discarding request
02-03 10:45:58.951 D/dalvikvm( 6141): Compiler shutdown in progress - discarding request
02-03 10:45:58.951 D/dalvikvm( 6141): Compiler shutdown in progress - discarding request
02-03 10:45:58.951 D/dalvikvm( 6141): Compiler shutdown in progress - discarding request
02-03 10:45:58.951 D/dalvikvm( 6141): Compiler shutdown in progress - discarding request
02-03 10:45:58.951 D/dalvikvm( 6141): Compiler shutdown in progress - discarding request
02-03 10:45:58.951 D/dalvikvm( 6141): Compiler shutdown in progress - discarding request
02-03 10:45:58.951 D/dalvikvm( 6141): Compiler shutdown in progress - discarding request
02-03 10:45:58.951 D/dalvikvm( 6141): Compiler shutdown in progress - discarding request
02-03 10:45:58.951 D/dalvikvm( 6141): Compiler shutdown in progress - discarding request
02-03 10:45:59.391 D/AndroidRuntime( 6153): 
02-03 10:45:59.391 D/AndroidRuntime( 6153): >>>>>> AndroidRuntime START com.android.internal.os.RuntimeInit <<<<<<
02-03 10:45:59.391 D/AndroidRuntime( 6153): CheckJNI is OFF
02-03 10:45:59.391 I/AndroidRuntime( 6153): Kernel Release Version: 3.10.20-g25181e8-dirty
02-03 10:45:59.391 I/dalvikvm( 6153): No library specified. The standard exception handler will be used
02-03 10:45:59.401 I/dalvikvm( 6153): 
02-03 10:45:59.401 I/dalvikvm( 6153): +++++++++++++ Using PCG. +++++++++++++++++++++
02-03 10:45:59.401 D/dalvikvm( 6153): Trying to load lib libjavacore.so 0x0
02-03 10:45:59.411 D/dalvikvm( 6153): Added shared lib libjavacore.so 0x0
02-03 10:45:59.411 D/dalvikvm( 6153): Trying to load lib libnativehelper.so 0x0
02-03 10:45:59.411 D/dalvikvm( 6153): Added shared lib libnativehelper.so 0x0
02-03 10:45:59.411 D/dalvikvm( 6153): No JNI_OnLoad found in libnativehelper.so 0x0, skipping init
02-03 10:45:59.411 D/dalvikvm( 6153): Extra Options: not specified
02-03 10:45:59.431 D/dalvikvm( 6153): Note: class Landroid/app/ActivityManagerNative; has 186 unimplemented (abstract) methods
02-03 10:45:59.501 E/memtrack( 6153): Couldn't load memtrack module (No such file or directory)
02-03 10:45:59.501 E/android.os.Debug( 6153): failed to load memtrack module: -2
02-03 10:45:59.541 D/AndroidRuntime( 6153): Calling main entry com.android.commands.am.Am
02-03 10:45:59.571 D/AndroidRuntime( 6153): Shutting down VM
02-03 10:45:59.571 D/dalvikvm( 6153): GC_CONCURRENT freed 117K, 17% free 669K/800K, paused 0ms+0ms, total 1ms
02-03 10:45:59.571 I/ActivityManager(  547): START u0 {flg=0x10000000 cmp=org.xwalk.webapi_noneservice_tests/.webapi_noneservice_tests} from pid 6153
02-03 10:45:59.581 D/dalvikvm( 6153): Compiler shutdown in progress - discarding request
02-03 10:45:59.581 D/dalvikvm( 6153): Compiler shutdown in progress - discarding request
02-03 10:45:59.581 D/dalvikvm( 6153): Compiler shutdown in progress - discarding request
02-03 10:45:59.581 D/dalvikvm( 6153): Compiler shutdown in progress - discarding request
02-03 10:45:59.581 D/dalvikvm( 6153): Compiler shutdown in progress - discarding request
02-03 10:45:59.581 D/dalvikvm( 6153): Compiler shutdown in progress - discarding request
02-03 10:45:59.581 D/dalvikvm( 6153): Compiler shutdown in progress - discarding request
02-03 10:45:59.581 D/dalvikvm( 6153): Compiler shutdown in progress - discarding request
02-03 10:45:59.581 D/dalvikvm( 6153): Compiler shutdown in progress - discarding request
02-03 10:45:59.581 D/dalvikvm( 6153): Compiler shutdown in progress - discarding request
02-03 10:45:59.581 D/dalvikvm( 6153): Compiler shutdown in progress - discarding request
02-03 10:45:59.581 D/dalvikvm( 6153): Compiler shutdown in progress - discarding request
02-03 10:45:59.581 D/dalvikvm( 6153): Compiler shutdown in progress - discarding request
02-03 10:45:59.581 D/dalvikvm( 6153): Compiler shutdown in progress - discarding request
02-03 10:45:59.581 D/dalvikvm( 6153): Compiler shutdown in progress - discarding request
02-03 10:45:59.581 D/dalvikvm( 6153): Compiler shutdown in progress - discarding request
02-03 10:45:59.581 D/dalvikvm( 6153): Compiler shutdown in progress - discarding request
02-03 10:45:59.581 D/dalvikvm( 6153): Compiler shutdown in progress - discarding request
02-03 10:45:59.581 D/dalvikvm( 6153): Compiler shutdown in progress - discarding request
02-03 10:45:59.581 D/dalvikvm( 6153): Compiler shutdown in progress - discarding request
02-03 10:45:59.581 D/dalvikvm( 6153): Compiler shutdown in progress - discarding request
02-03 10:45:59.581 D/dalvikvm( 6153): Compiler shutdown in progress - discarding request
02-03 10:45:59.581 D/dalvikvm( 6153): Compiler shutdown in progress - discarding request
02-03 10:45:59.581 D/dalvikvm( 6153): Compiler shutdown in progress - discarding request
02-03 10:45:59.581 D/dalvikvm( 6153): Compiler shutdown in progress - discarding request
02-03 10:45:59.581 D/dalvikvm( 6153): Compiler shutdown in progress - discarding request
02-03 10:45:59.581 D/dalvikvm( 6153): Compiler shutdown in progress - discarding request
02-03 10:45:59.581 D/dalvikvm( 6153): Compiler shutdown in progress - discarding request
02-03 10:45:59.581 D/dalvikvm( 6153): Compiler shutdown in progress - discarding request
02-03 10:45:59.581 D/dalvikvm( 6153): Compiler shutdown in progress - discarding request
02-03 10:45:59.581 D/dalvikvm( 6153): Compiler shutdown in progress - discarding request
02-03 10:45:59.581 D/dalvikvm( 6153): Compiler shutdown in progress - discarding request
02-03 10:45:59.581 D/dalvikvm( 6153): Compiler shutdown in progress - discarding request
02-03 10:45:59.581 D/dalvikvm( 6153): Compiler shutdown in progress - discarding request
02-03 10:45:59.581 D/dalvikvm( 6153): Compiler shutdown in progress - discarding request
02-03 10:45:59.581 D/dalvikvm( 6153): Compiler shutdown in progress - discarding request
02-03 10:45:59.581 D/dalvikvm( 6153): Compiler shutdown in progress - discarding request
02-03 10:45:59.581 D/dalvikvm( 6153): Compiler shutdown in progress - discarding request
02-03 10:45:59.581 D/dalvikvm( 6153): Compiler shutdown in progress - discarding request
02-03 10:45:59.581 D/dalvikvm( 6153): Compiler shutdown in progress - discarding request
02-03 10:45:59.581 D/dalvikvm( 6153): Compiler shutdown in progress - discarding request
02-03 10:45:59.581 D/dalvikvm( 6153): Compiler shutdown in progress - discarding request
02-03 10:45:59.581 D/dalvikvm( 6153): Compiler shutdown in progress - discarding request
02-03 10:45:59.581 D/dalvikvm( 6153): Compiler shutdown in progress - discarding request
02-03 10:45:59.581 D/dalvikvm( 6153): Compiler shutdown in progress - discarding request
02-03 10:45:59.581 D/dalvikvm( 6153): Compiler shutdown in progress - discarding request
02-03 10:45:59.581 D/dalvikvm( 6153): Compiler shutdown in progress - discarding request
02-03 10:45:59.581 D/dalvikvm( 6153): Compiler shutdown in progress - discarding request
02-03 10:45:59.581 D/dalvikvm( 6153): Compiler shutdown in progress - discarding request
02-03 10:45:59.581 D/dalvikvm( 6153): Compiler shutdown in progress - discarding request
02-03 10:45:59.581 D/dalvikvm( 6153): Compiler shutdown in progress - discarding request
02-03 10:45:59.581 D/dalvikvm( 6153): Compiler shutdown in progress - discarding request
02-03 10:45:59.581 D/dalvikvm( 6153): Compiler shutdown in progress - discarding request
02-03 10:46:00.001 D/Clock   (  602): ACTION_TIME_TICK
02-03 10:46:00.001 D/Clock   (  602): update clock:上午10:46
02-03 10:46:00.051 D/BatteryStatsImpl(  547): noteStopWakeLocked system isFromForeground = false
02-03 10:46:00.191 D/AndroidRuntime( 6165): 
02-03 10:46:00.191 D/AndroidRuntime( 6165): >>>>>> AndroidRuntime START com.android.internal.os.RuntimeInit <<<<<<
02-03 10:46:00.191 D/AndroidRuntime( 6165): CheckJNI is OFF
02-03 10:46:00.191 I/AndroidRuntime( 6165): Kernel Release Version: 3.10.20-g25181e8-dirty
02-03 10:46:00.191 I/dalvikvm( 6165): No library specified. The standard exception handler will be used
02-03 10:46:00.191 I/dalvikvm( 6165): 
02-03 10:46:00.191 I/dalvikvm( 6165): +++++++++++++ Using PCG. +++++++++++++++++++++
02-03 10:46:00.201 D/dalvikvm( 6165): Trying to load lib libjavacore.so 0x0
02-03 10:46:00.201 D/dalvikvm( 6165): Added shared lib libjavacore.so 0x0
02-03 10:46:00.201 D/dalvikvm( 6165): Trying to load lib libnativehelper.so 0x0
02-03 10:46:00.201 D/dalvikvm( 6165): Added shared lib libnativehelper.so 0x0
02-03 10:46:00.201 D/dalvikvm( 6165): No JNI_OnLoad found in libnativehelper.so 0x0, skipping init
02-03 10:46:00.211 D/dalvikvm( 6165): Extra Options: not specified
02-03 10:46:00.221 D/dalvikvm( 6165): Note: class Landroid/app/ActivityManagerNative; has 186 unimplemented (abstract) methods
02-03 10:46:00.291 E/memtrack( 6165): Couldn't load memtrack module (No such file or directory)
02-03 10:46:00.291 E/android.os.Debug( 6165): failed to load memtrack module: -2
02-03 10:46:00.331 D/AndroidRuntime( 6165): Calling main entry com.android.commands.am.Am
02-03 10:46:00.361 D/AndroidRuntime( 6165): Shutting down VM
02-03 10:46:00.361 I/ActivityManager(  547): START u0 {flg=0x10000000 cmp=org.xwalk.webapi_noneservice_tests/.WebapiNoneserviceTestsActivity} from pid 6165
02-03 10:46:00.361 I/SecurityManagerService(  708): SMS received security event: App[START/org.xwalk.webapi_noneservice_tests]
02-03 10:46:00.381 D/dalvikvm( 6165): GC_CONCURRENT freed 114K, 16% free 701K/832K, paused 0ms+0ms, total 1ms
02-03 10:46:00.381 V/WeatherTimeProvider( 1705): widget on Visibility Changed
02-03 10:46:00.381 D/dalvikvm( 6176): Process 6176 nice name: org.xwalk.webapi_noneservice_tests
02-03 10:46:00.381 D/dalvikvm( 6176): Extra Options: not specified
02-03 10:46:00.381 D/dalvikvm( 6165): Compiler shutdown in progress - discarding request
02-03 10:46:00.381 D/dalvikvm( 6165): Compiler shutdown in progress - discarding request
02-03 10:46:00.381 D/dalvikvm( 6165): Compiler shutdown in progress - discarding request
02-03 10:46:00.381 D/dalvikvm( 6165): Compiler shutdown in progress - discarding request
02-03 10:46:00.381 D/dalvikvm( 6165): Compiler shutdown in progress - discarding request
02-03 10:46:00.381 D/dalvikvm( 6165): Compiler shutdown in progress - discarding request
02-03 10:46:00.381 D/dalvikvm( 6165): Compiler shutdown in progress - discarding request
02-03 10:46:00.381 D/dalvikvm( 6165): Compiler shutdown in progress - discarding request
02-03 10:46:00.381 D/dalvikvm( 6165): Compiler shutdown in progress - discarding request
02-03 10:46:00.381 D/dalvikvm( 6165): Compiler shutdown in progress - discarding request
02-03 10:46:00.381 D/dalvikvm( 6165): Compiler shutdown in progress - discarding request
02-03 10:46:00.381 D/dalvikvm( 6165): Compiler shutdown in progress - discarding request
02-03 10:46:00.381 D/dalvikvm( 6165): Compiler shutdown in progress - discarding request
02-03 10:46:00.381 D/dalvikvm( 6165): Compiler shutdown in progress - discarding request
02-03 10:46:00.381 D/dalvikvm( 6165): Compiler shutdown in progress - discarding request
02-03 10:46:00.381 D/dalvikvm( 6165): Compiler shutdown in progress - discarding request
02-03 10:46:00.381 D/dalvikvm( 6165): Compiler shutdown in progress - discarding request
02-03 10:46:00.381 D/dalvikvm( 6165): Compiler shutdown in progress - discarding request
02-03 10:46:00.381 D/dalvikvm( 6165): Compiler shutdown in progress - discarding request
02-03 10:46:00.381 D/dalvikvm( 6165): Compiler shutdown in progress - discarding request
02-03 10:46:00.381 D/dalvikvm( 6165): Compiler shutdown in progress - discarding request
02-03 10:46:00.381 D/dalvikvm( 6165): Compiler shutdown in progress - discarding request
02-03 10:46:00.381 D/dalvikvm( 6165): Compiler shutdown in progress - discarding request
02-03 10:46:00.381 D/dalvikvm( 6165): Compiler shutdown in progress - discarding request
02-03 10:46:00.381 D/dalvikvm( 6165): Compiler shutdown in progress - discarding request
02-03 10:46:00.381 D/dalvikvm( 6165): Compiler shutdown in progress - discarding request
02-03 10:46:00.381 D/dalvikvm( 6165): Compiler shutdown in progress - discarding request
02-03 10:46:00.381 D/dalvikvm( 6165): Compiler shutdown in progress - discarding request
02-03 10:46:00.381 D/dalvikvm( 6165): Compiler shutdown in progress - discarding request
02-03 10:46:00.381 D/dalvikvm( 6165): Compiler shutdown in progress - discarding request
02-03 10:46:00.381 D/dalvikvm( 6165): Compiler shutdown in progress - discarding request
02-03 10:46:00.381 D/dalvikvm( 6165): Compiler shutdown in progress - discarding request
02-03 10:46:00.381 D/dalvikvm( 6165): Compiler shutdown in progress - discarding request
02-03 10:46:00.381 D/dalvikvm( 6165): Compiler shutdown in progress - discarding request
02-03 10:46:00.381 D/dalvikvm( 6165): Compiler shutdown in progress - discarding request
02-03 10:46:00.381 D/dalvikvm( 6165): Compiler shutdown in progress - discarding request
02-03 10:46:00.381 D/dalvikvm( 6165): Compiler shutdown in progress - discarding request
02-03 10:46:00.381 D/dalvikvm( 6165): Compiler shutdown in progress - discarding request
02-03 10:46:00.381 D/dalvikvm( 6165): Compiler shutdown in progress - discarding request
02-03 10:46:00.381 D/dalvikvm( 6165): Compiler shutdown in progress - discarding request
02-03 10:46:00.381 D/dalvikvm( 6165): Compiler shutdown in progress - discarding request
02-03 10:46:00.381 D/dalvikvm( 6165): Compiler shutdown in progress - discarding request
02-03 10:46:00.381 D/dalvikvm( 6165): Compiler shutdown in progress - discarding request
02-03 10:46:00.381 I/ActivityManager(  547): Start proc org.xwalk.webapi_noneservice_tests for activity org.xwalk.webapi_noneservice_tests/.WebapiNoneserviceTestsActivity: pid=6176 uid=11605 gids={51605, 3003, 1028, 1015}
02-03 10:46:00.391 D/WindowManager(  547): adjustConfigurationLw, config:{1.0 ?mcc?mnc ?locale ?layoutDir sw600dp w600dp h888dp 213dpi lrg port ?uimode ?night finger -keyb/v/h -nav/v} mLidState:1 mHasDockFeature:false mHasKeyboardFeature:false mHasHallSensorFeature:true config.hardKeyboardHidden:2
02-03 10:46:00.391 I/ActivityManager(  547): [TopPkgCurBat]	NowPkgName[org.xwalk.webapi_noneservice_tests]	Battery[97]	TimeTick[1422931560410]	OldPkgName[com.asus.launcher]
02-03 10:46:00.401 D/        (  895): Surface destroy: ANDROID_NATIVE_WINDOW_MAGIC
02-03 10:46:00.421 D/dalvikvm( 6176): Trying to load lib /data/app-lib/org.xwalk.webapi_noneservice_tests-1/libxwalkcore.so 0x43d7e470
02-03 10:46:00.421 D/dalvikvm( 6176): Added shared lib /data/app-lib/org.xwalk.webapi_noneservice_tests-1/libxwalkcore.so 0x43d7e470
02-03 10:46:00.431 I/LibraryLoader( 6176): Time to load native libraries: 11 ms (timestamps 6650-6661)
02-03 10:46:00.431 I/LibraryLoader( 6176): Expected native library version number "",actual native library version number ""
02-03 10:46:00.441 I/LibraryLoader( 6176): Expected native library version number "",actual native library version number ""
02-03 10:46:00.441 I/chromium( 6176): [INFO:library_loader_hooks.cc(112)] Chromium logging enabled: level = 0, default verbosity = 0
02-03 10:46:00.451 I/BrowserStartupController( 6176): Initializing chromium process, singleProcess=true
02-03 10:46:00.861 W/AudioManagerAndroid( 6176): Requires BLUETOOTH permission
02-03 10:46:00.861 I/ufoGralloc( 6176): Hello, this is UFO GRALLOC/Intel Corporation
02-03 10:46:00.871 D/        ( 6176): Pixel Format : GGL_PIXEL_FORMAT_RGBA_8888
02-03 10:46:00.871 D/        ( 6176): droid_create_context : config id = 1 conf->NativeVisualID=1
02-03 10:46:00.871 D/        ( 6176): Pixel Format : GGL_PIXEL_FORMAT_RGBA_8888
02-03 10:46:00.871 I/        ( 6176): Requested context : GLES 2.0
02-03 10:46:00.891 W/chromium( 6176): [WARNING:proxy_service.cc(899)] PAC support disabled because there is no system implementation
02-03 10:46:00.901 W/dalvikvm( 6176): VFY: unable to find class referenced in signature (Landroid/view/inputmethod/CursorAnchorInfo;)
02-03 10:46:00.901 I/dalvikvm( 6176): Could not find method android.view.inputmethod.InputMethodManager.updateCursorAnchorInfo, referenced from method org.chromium.content.browser.input.InputMethodManagerWrapper.updateCursorAnchorInfo
02-03 10:46:00.901 W/dalvikvm( 6176): VFY: unable to resolve virtual method 1241: Landroid/view/inputmethod/InputMethodManager;.updateCursorAnchorInfo (Landroid/view/View;Landroid/view/inputmethod/CursorAnchorInfo;)V
02-03 10:46:00.901 D/dalvikvm( 6176): VFY: replacing opcode 0x6e at 0x000a
02-03 10:46:00.931 E/cutils  (  163): Failed to mkdirat(/Removable/MicroSD): Read-only file system
02-03 10:46:00.931 W/ContextImpl( 6176): Failed to ensure directory: /Removable/MicroSD/Android/data/org.xwalk.webapi_noneservice_tests/cache
02-03 10:46:00.931 W/XWalkExtensionManager( 6176): Failed to read extensions-config.json
02-03 10:46:00.931 E/chromium( 6176): [ERROR:unix_domain_server_socket_posix.cc(106)] Not implemented reached in virtual int net::UnixDomainServerSocket::GetLocalAddress(net::IPEndPoint*) const
02-03 10:46:00.931 I/dalvikvm( 6176): Could not find method android.app.Activity.finishAndRemoveTask, referenced from method org.chromium.base.ApiCompatibilityUtils.finishAndRemoveTask
02-03 10:46:00.931 W/dalvikvm( 6176): VFY: unable to resolve virtual method 4: Landroid/app/Activity;.finishAndRemoveTask ()V
02-03 10:46:00.931 D/dalvikvm( 6176): VFY: replacing opcode 0x6e at 0x0006
02-03 10:46:00.931 I/dalvikvm( 6176): Could not find method android.os.PowerManager.isInteractive, referenced from method org.chromium.base.ApiCompatibilityUtils.isInteractive
02-03 10:46:00.931 W/dalvikvm( 6176): VFY: unable to resolve virtual method 768: Landroid/os/PowerManager;.isInteractive ()Z
02-03 10:46:00.931 D/dalvikvm( 6176): VFY: replacing opcode 0x6e at 0x000e
02-03 10:46:00.931 I/dalvikvm( 6176): Could not find method android.view.Window.getNavigationBarColor, referenced from method org.chromium.base.ApiCompatibilityUtils.setStatusBarColor
02-03 10:46:00.931 W/dalvikvm( 6176): VFY: unable to resolve virtual method 1144: Landroid/view/Window;.getNavigationBarColor ()I
02-03 10:46:00.931 D/dalvikvm( 6176): VFY: replacing opcode 0x6e at 0x0010
02-03 10:46:00.931 I/dalvikvm( 6176): Could not find method android.view.Window.setStatusBarColor, referenced from method org.chromium.base.ApiCompatibilityUtils.setStatusBarColor
02-03 10:46:00.931 W/dalvikvm( 6176): VFY: unable to resolve virtual method 1149: Landroid/view/Window;.setStatusBarColor (I)V
02-03 10:46:00.931 D/dalvikvm( 6176): VFY: replacing opcode 0x6e at 0x0019
02-03 10:46:00.931 E/dalvikvm( 6176): Could not find class 'android.app.ActivityManager$TaskDescription', referenced from method org.chromium.base.ApiCompatibilityUtils.setTaskDescription
02-03 10:46:00.931 W/dalvikvm( 6176): VFY: unable to resolve new-instance 11 (Landroid/app/ActivityManager$TaskDescription;) in Lorg/chromium/base/ApiCompatibilityUtils;
02-03 10:46:00.931 D/dalvikvm( 6176): VFY: replacing opcode 0x22 at 0x0006
02-03 10:46:00.931 D/dalvikvm( 6176): DexOpt: unable to opt direct call 0x001e at 0x08 in Lorg/chromium/base/ApiCompatibilityUtils;.setTaskDescription
02-03 10:46:00.931 W/Vold    (  163): Returning OperationFailed - no handler for errno 30
02-03 10:46:00.941 I/chromium( 6176): [INFO:xwalk_extension_renderer_controller.cc(47)] EXTENSION PROCESS DISABLED.
02-03 10:46:00.961 D/        ( 6176): droid_create_context : config id = 5 conf->NativeVisualID=1
02-03 10:46:00.961 D/        ( 6176): Pixel Format : GGL_PIXEL_FORMAT_RGBA_8888
02-03 10:46:00.961 I/        ( 6176): Requested context : GLES 2.0
02-03 10:46:00.971 D/        ( 6176): Pixel Format : GGL_PIXEL_FORMAT_RGBA_8888
02-03 10:46:00.971 D/        ( 6176): droid_create_context : config id = 1 conf->NativeVisualID=1
02-03 10:46:00.971 D/        ( 6176): Pixel Format : GGL_PIXEL_FORMAT_RGBA_8888
02-03 10:46:00.971 I/        ( 6176): Requested context : GLES 2.0
02-03 10:46:00.981 D/        ( 6176): Pixel Format : GGL_PIXEL_FORMAT_RGBA_8888
02-03 10:46:00.981 D/OpenGLRenderer( 6176): Enabling debug mode 0
02-03 10:46:01.041 W/BindingManager( 6176): Cannot call determinedVisibility() - never saw a connection for the pid: 6176
02-03 10:46:01.051 D/        ( 6176): Pixel Format : GGL_PIXEL_FORMAT_RGBA_8888
02-03 10:46:01.051 D/        ( 6176): droid_create_context : config id = 1 conf->NativeVisualID=1
02-03 10:46:01.051 D/        ( 6176): Pixel Format : GGL_PIXEL_FORMAT_RGBA_8888
02-03 10:46:01.051 I/        ( 6176): Requested context : GLES 2.0
02-03 10:46:01.051 D/XT9IME  (  811): new subtype :en_US ,keyboard
02-03 10:46:01.051 I/ActivityManager(  547): Displayed org.xwalk.webapi_noneservice_tests/.WebapiNoneserviceTestsActivity: +686ms
02-03 10:46:01.061 D/        ( 6176): Swap interval set to = 1 value
02-03 10:46:01.071 D/BatteryStatsImpl(  547): noteStopWakeLocked system isFromForeground = false
02-03 10:46:02.031 W/BindingManager( 6176): Cannot call determinedVisibility() - never saw a connection for the pid: 6176
02-03 10:46:02.101 D/dalvikvm( 2070): GC_CONCURRENT freed 7116K, 37% free 7687K/12152K, paused 0ms+1ms, total 18ms
02-03 10:46:02.101 D/dalvikvm( 2070): WAIT_FOR_CONCURRENT_GC blocked 18ms
02-03 10:46:02.111 D/dalvikvm( 2070): GC_FOR_ALLOC freed 3938K, 37% free 7681K/12152K, paused 3ms, total 3ms
02-03 10:46:02.111 D/dalvikvm( 2070): GC_FOR_ALLOC freed 3461K, 37% free 7686K/12152K, paused 3ms, total 3ms
02-03 10:46:02.121 D/dalvikvm( 2070): GC_FOR_ALLOC freed 3105K, 37% free 7756K/12152K, paused 2ms, total 2ms
02-03 10:46:02.121 D/dalvikvm( 2070): GC_FOR_ALLOC freed 3185K, 37% free 7699K/12152K, paused 3ms, total 3ms
02-03 10:46:02.131 D/dalvikvm( 2070): GC_FOR_ALLOC freed 3008K, 37% free 7732K/12152K, paused 3ms, total 3ms
02-03 10:46:02.131 D/dalvikvm( 2070): GC_FOR_ALLOC freed 2986K, 37% free 7710K/12152K, paused 3ms, total 3ms
02-03 10:46:02.141 D/dalvikvm( 2070): GC_FOR_ALLOC freed 2826K, 37% free 7714K/12152K, paused 3ms, total 3ms
02-03 10:46:02.141 D/dalvikvm( 2070): GC_FOR_ALLOC freed 2766K, 37% free 7717K/12152K, paused 2ms, total 2ms
02-03 10:46:02.151 D/dalvikvm( 2070): GC_FOR_ALLOC freed 2738K, 36% free 7826K/12152K, paused 2ms, total 2ms
02-03 10:46:02.151 D/dalvikvm( 2070): GC_FOR_ALLOC freed 2797K, 37% free 7760K/12152K, paused 2ms, total 2ms
02-03 10:46:02.161 D/dalvikvm( 2070): GC_FOR_ALLOC freed 2653K, 36% free 7841K/12152K, paused 2ms, total 2ms
02-03 10:46:02.161 D/dalvikvm( 2070): GC_FOR_ALLOC freed 2678K, 37% free 7730K/12152K, paused 2ms, total 2ms
02-03 10:46:02.171 D/dalvikvm( 2070): GC_FOR_ALLOC freed 2571K, 37% free 7733K/12152K, paused 3ms, total 3ms
02-03 10:46:02.171 D/dalvikvm( 2070): GC_FOR_ALLOC freed 2661K, 37% free 7735K/12152K, paused 2ms, total 2ms
02-03 10:46:02.181 D/dalvikvm( 2070): GC_FOR_ALLOC freed 2524K, 36% free 7781K/12152K, paused 2ms, total 2ms
02-03 10:46:02.181 D/dalvikvm( 2070): GC_FOR_ALLOC freed 2506K, 36% free 7875K/12152K, paused 3ms, total 3ms
02-03 10:46:02.181 D/dalvikvm( 2070): GC_FOR_ALLOC freed 2573K, 36% free 7881K/12152K, paused 2ms, total 2ms
02-03 10:46:02.191 D/dalvikvm( 2070): GC_FOR_ALLOC freed 2544K, 37% free 7745K/12152K, paused 2ms, total 2ms
02-03 10:46:02.191 D/dalvikvm( 2070): GC_FOR_ALLOC freed 2460K, 36% free 7892K/12152K, paused 2ms, total 2ms
02-03 10:46:02.201 D/dalvikvm( 2070): GC_FOR_ALLOC freed 2416K, 36% free 7798K/12152K, paused 2ms, total 2ms
02-03 10:46:02.201 D/dalvikvm( 2070): GC_FOR_ALLOC freed 2366K, 37% free 7751K/12152K, paused 3ms, total 3ms
02-03 10:46:02.211 D/dalvikvm( 2070): GC_FOR_ALLOC freed 2257K, 35% free 7907K/12152K, paused 3ms, total 3ms
02-03 10:46:02.211 D/dalvikvm( 2070): GC_FOR_ALLOC freed 2457K, 37% free 7755K/12152K, paused 2ms, total 2ms
02-03 10:46:02.211 D/dalvikvm( 2070): GC_FOR_ALLOC freed 2342K, 35% free 7917K/12152K, paused 2ms, total 2ms
02-03 10:46:02.221 D/dalvikvm( 2070): GC_FOR_ALLOC freed 2548K, 37% free 7759K/12152K, paused 2ms, total 2ms
02-03 10:46:02.221 D/dalvikvm( 2070): GC_FOR_ALLOC freed 2317K, 37% free 7761K/12152K, paused 2ms, total 2ms
02-03 10:46:02.231 D/dalvikvm( 2070): GC_FOR_ALLOC freed 2072K, 35% free 7930K/12152K, paused 2ms, total 2ms
02-03 10:46:02.231 D/dalvikvm( 2070): GC_FOR_ALLOC freed 2273K, 37% free 7764K/12152K, paused 2ms, total 2ms
02-03 10:46:02.231 D/dalvikvm( 2070): GC_FOR_ALLOC freed 2132K, 35% free 7938K/12152K, paused 2ms, total 2ms
02-03 10:46:02.241 D/dalvikvm( 2070): GC_FOR_ALLOC freed 2339K, 37% free 7767K/12152K, paused 2ms, total 2ms
02-03 10:46:02.241 D/dalvikvm( 2070): GC_FOR_ALLOC freed 2193K, 35% free 7947K/12152K, paused 2ms, total 2ms
02-03 10:46:02.251 D/dalvikvm( 2070): GC_FOR_ALLOC freed 2405K, 37% free 7771K/12152K, paused 2ms, total 2ms
02-03 10:46:02.251 D/dalvikvm( 2070): GC_FOR_ALLOC freed 2254K, 35% free 7955K/12152K, paused 2ms, total 2ms
02-03 10:46:02.251 D/dalvikvm( 2070): GC_FOR_ALLOC freed 2159K, 36% free 7835K/12152K, paused 3ms, total 3ms
02-03 10:46:02.261 D/dalvikvm( 2070): GC_FOR_ALLOC freed 2186K, 36% free 7837K/12152K, paused 3ms, total 3ms
02-03 10:46:02.261 D/dalvikvm( 2070): GC_FOR_ALLOC freed 2212K, 36% free 7839K/12152K, paused 2ms, total 3ms
02-03 10:46:02.261 D/dalvikvm( 2070): GC_FOR_ALLOC freed 1788K, 35% free 7969K/12152K, paused 2ms, total 2ms
02-03 10:46:02.271 D/dalvikvm( 2070): GC_FOR_ALLOC freed 1805K, 36% free 7843K/12152K, paused 3ms, total 3ms
02-03 10:46:02.271 D/dalvikvm( 2070): GC_FOR_ALLOC freed 1822K, 35% free 7975K/12152K, paused 2ms, total 2ms
02-03 10:46:02.281 D/dalvikvm( 2070): GC_FOR_ALLOC freed 1838K, 36% free 7847K/12152K, paused 2ms, total 2ms
02-03 10:46:02.281 D/dalvikvm( 2070): GC_FOR_ALLOC freed 1855K, 36% free 7848K/12152K, paused 2ms, total 2ms
02-03 10:46:02.281 D/dalvikvm( 2070): GC_FOR_ALLOC freed 1872K, 36% free 7850K/12152K, paused 2ms, total 2ms
02-03 10:46:02.291 D/dalvikvm( 2070): GC_FOR_ALLOC freed 1888K, 36% free 7852K/12152K, paused 3ms, total 3ms
02-03 10:46:02.291 D/dalvikvm( 2070): GC_FOR_ALLOC freed 1905K, 36% free 7854K/12152K, paused 2ms, total 2ms
02-03 10:46:02.291 D/dalvikvm( 2070): GC_FOR_ALLOC freed 1922K, 36% free 7855K/12152K, paused 2ms, total 2ms
02-03 10:46:02.301 D/dalvikvm( 2070): GC_FOR_ALLOC freed 1800K, 36% free 7788K/12152K, paused 2ms, total 2ms
02-03 10:46:02.301 D/dalvikvm( 2070): GC_FOR_ALLOC freed 1954K, 36% free 7790K/12152K, paused 2ms, total 2ms
02-03 10:46:02.301 D/dalvikvm( 2070): GC_FOR_ALLOC freed 1971K, 36% free 7791K/12152K, paused 2ms, total 2ms
02-03 10:46:02.311 D/dalvikvm( 2070): GC_FOR_ALLOC freed 1988K, 36% free 7792K/12152K, paused 3ms, total 3ms
02-03 10:46:02.311 D/dalvikvm( 2070): GC_FOR_ALLOC freed 2004K, 36% free 7793K/12152K, paused 2ms, total 2ms
02-03 10:46:02.311 I/chromium( 6176): [INFO:CONSOLE(0)] "Synchronous XMLHttpRequest on the main thread is deprecated because of its detrimental effects to the end user's experience. For more help, check http://xhr.spec.whatwg.org/.", source:  (0)
02-03 10:46:02.321 D/dalvikvm( 2070): GC_FOR_ALLOC freed 1659K, 35% free 8010K/12152K, paused 2ms, total 2ms
02-03 10:46:02.321 D/dalvikvm( 2070): GC_FOR_ALLOC freed 1889K, 36% free 7795K/12152K, paused 2ms, total 2ms
02-03 10:46:02.321 D/dalvikvm( 2070): GC_FOR_ALLOC freed 1683K, 36% free 7869K/12152K, paused 3ms, total 3ms
02-03 10:46:02.331 D/dalvikvm( 2070): GC_FOR_ALLOC freed 1546K, 35% free 8018K/12152K, paused 2ms, total 2ms
02-03 10:46:02.331 D/dalvikvm( 2070): GC_FOR_ALLOC freed 1556K, 35% free 8020K/12152K, paused 4ms, total 5ms
02-03 10:46:02.341 D/dalvikvm( 2070): GC_FOR_ALLOC freed 1565K, 34% free 8022K/12152K, paused 2ms, total 2ms
02-03 10:46:02.341 D/dalvikvm( 2070): GC_FOR_ALLOC freed 1575K, 34% free 8024K/12152K, paused 2ms, total 2ms
02-03 10:46:02.341 D/dalvikvm( 2070): GC_FOR_ALLOC freed 1584K, 34% free 8027K/12152K, paused 3ms, total 3ms
02-03 10:46:02.351 D/dalvikvm( 2070): GC_FOR_ALLOC freed 1594K, 34% free 8029K/12152K, paused 3ms, total 3ms
02-03 10:46:02.351 D/dalvikvm( 2070): GC_FOR_ALLOC freed 1603K, 34% free 8031K/12152K, paused 2ms, total 2ms
02-03 10:46:02.361 D/dalvikvm( 2070): GC_FOR_ALLOC freed 1612K, 34% free 8033K/12152K, paused 3ms, total 3ms
02-03 10:46:02.361 D/dalvikvm( 2070): GC_FOR_ALLOC freed 1622K, 34% free 8036K/12152K, paused 2ms, total 2ms
02-03 10:46:02.361 D/dalvikvm( 2070): GC_FOR_ALLOC freed 1631K, 34% free 8038K/12152K, paused 2ms, total 2ms
02-03 10:46:02.371 D/dalvikvm( 2070): GC_FOR_ALLOC freed 1641K, 34% free 8040K/12152K, paused 3ms, total 3ms
02-03 10:46:02.371 D/        ( 6176): Pixel Format : GGL_PIXEL_FORMAT_RGBA_8888
02-03 10:46:02.371 D/        ( 6176): droid_create_context : config id = 1 conf->NativeVisualID=1
02-03 10:46:02.371 D/        ( 6176): Pixel Format : GGL_PIXEL_FORMAT_RGBA_8888
02-03 10:46:02.371 I/        ( 6176): Requested context : GLES 2.0
02-03 10:46:02.371 D/dalvikvm( 2070): GC_FOR_ALLOC freed 1650K, 34% free 8042K/12152K, paused 3ms, total 3ms
02-03 10:46:02.371 D/dalvikvm( 2070): GC_FOR_ALLOC freed 1659K, 36% free 7886K/12152K, paused 3ms, total 3ms
02-03 10:46:02.381 D/dalvikvm( 2070): GC_FOR_ALLOC freed 1669K, 36% free 7888K/12152K, paused 2ms, total 2ms
02-03 10:46:02.381 D/dalvikvm( 2070): GC_FOR_ALLOC freed 1679K, 36% free 7889K/12152K, paused 2ms, total 3ms
02-03 10:46:02.391 D/dalvikvm( 2070): GC_FOR_ALLOC freed 1690K, 36% free 7891K/12152K, paused 3ms, total 3ms
02-03 10:46:02.391 D/dalvikvm( 2070): GC_FOR_ALLOC freed 1699K, 36% free 7892K/12152K, paused 3ms, total 3ms
02-03 10:46:02.401 D/dalvikvm( 2070): GC_FOR_ALLOC freed 1709K, 36% free 7893K/12152K, paused 2ms, total 3ms
02-03 10:46:02.401 D/dalvikvm( 2070): GC_FOR_ALLOC freed 1719K, 36% free 7895K/12152K, paused 3ms, total 3ms
02-03 10:46:02.401 D/dalvikvm( 2070): GC_FOR_ALLOC freed 1729K, 36% free 7896K/12152K, paused 3ms, total 3ms
02-03 10:46:02.411 D/dalvikvm( 2070): GC_FOR_ALLOC freed 1738K, 36% free 7898K/12152K, paused 2ms, total 3ms
02-03 10:46:02.411 D/dalvikvm( 2070): GC_FOR_ALLOC freed 1582K, 36% free 7816K/12152K, paused 3ms, total 3ms
02-03 10:46:02.421 D/dalvikvm( 2070): GC_FOR_ALLOC freed 1758K, 36% free 7817K/12152K, paused 2ms, total 2ms
02-03 10:46:02.421 D/dalvikvm( 2070): GC_FOR_ALLOC freed 1768K, 36% free 7818K/12152K, paused 3ms, total 3ms
02-03 10:46:02.421 D/dalvikvm( 2070): GC_FOR_ALLOC freed 1777K, 36% free 7819K/12152K, paused 2ms, total 2ms
02-03 10:46:02.431 D/dalvikvm( 2070): GC_FOR_ALLOC freed 1786K, 36% free 7820K/12152K, paused 2ms, total 2ms
02-03 10:46:02.431 D/dalvikvm( 2070): GC_FOR_ALLOC freed 1796K, 36% free 7821K/12152K, paused 2ms, total 2ms
02-03 10:46:02.441 D/dalvikvm( 2070): GC_FOR_ALLOC freed 1805K, 36% free 7822K/12152K, paused 3ms, total 3ms
02-03 10:46:02.441 D/dalvikvm( 2070): GC_FOR_ALLOC freed 1815K, 36% free 7823K/12152K, paused 2ms, total 2ms
02-03 10:46:02.441 D/dalvikvm( 2070): GC_FOR_ALLOC freed 1824K, 36% free 7824K/12152K, paused 3ms, total 3ms
02-03 10:46:02.451 D/dalvikvm( 2070): GC_FOR_ALLOC freed 1833K, 36% free 7825K/12152K, paused 2ms, total 2ms
02-03 10:46:02.451 D/dalvikvm( 2070): GC_FOR_ALLOC freed 1843K, 36% free 7825K/12152K, paused 2ms, total 2ms
02-03 10:46:02.451 D/dalvikvm( 2070): GC_FOR_ALLOC freed 1852K, 36% free 7826K/12152K, paused 2ms, total 2ms
02-03 10:46:02.461 D/dalvikvm( 2070): GC_FOR_ALLOC freed 1862K, 36% free 7827K/12152K, paused 2ms, total 2ms
02-03 10:46:02.461 D/dalvikvm( 2070): GC_FOR_ALLOC freed 1871K, 36% free 7828K/12152K, paused 2ms, total 2ms
02-03 10:46:02.461 D/dalvikvm( 2070): GC_FOR_ALLOC freed 1881K, 36% free 7829K/12152K, paused 2ms, total 2ms
02-03 10:46:02.471 D/dalvikvm( 2070): GC_FOR_ALLOC freed 1890K, 36% free 7830K/12152K, paused 2ms, total 2ms
02-03 10:46:02.471 D/dalvikvm( 2070): GC_FOR_ALLOC freed 1899K, 36% free 7831K/12152K, paused 2ms, total 2ms
02-03 10:46:02.471 D/dalvikvm( 2070): GC_FOR_ALLOC freed 1453K, 34% free 8103K/12152K, paused 3ms, total 3ms
02-03 10:46:02.481 D/dalvikvm( 2070): GC_FOR_ALLOC freed 1733K, 36% free 7832K/12152K, paused 2ms, total 2ms
02-03 10:46:02.481 D/dalvikvm( 2070): GC_FOR_ALLOC freed 1465K, 35% free 7924K/12152K, paused 2ms, total 2ms
02-03 10:46:02.481 D/dalvikvm( 2070): GC_FOR_ALLOC freed 1287K, 35% free 7925K/12152K, paused 2ms, total 2ms
02-03 10:46:02.491 D/dalvikvm( 2070): GC_FOR_ALLOC freed 1291K, 34% free 8110K/12152K, paused 2ms, total 2ms
02-03 10:46:02.491 D/dalvikvm( 2070): GC_FOR_ALLOC freed 1759K, 36% free 7835K/12152K, paused 3ms, total 3ms
02-03 10:46:02.491 D/dalvikvm( 2070): GC_FOR_ALLOC freed 1486K, 35% free 7928K/12152K, paused 2ms, total 2ms
02-03 10:46:02.501 D/dalvikvm( 2070): GC_FOR_ALLOC freed 1305K, 35% free 7929K/12152K, paused 2ms, total 2ms
02-03 10:46:02.501 D/dalvikvm( 2070): GC_FOR_ALLOC freed 1310K, 34% free 8117K/12152K, paused 2ms, total 2ms
02-03 10:46:02.501 D/dalvikvm( 2070): GC_FOR_ALLOC freed 1784K, 36% free 7838K/12152K, paused 2ms, total 2ms
02-03 10:46:02.511 D/dalvikvm( 2070): GC_FOR_ALLOC freed 1508K, 35% free 7932K/12152K, paused 3ms, total 3ms
02-03 10:46:02.511 D/dalvikvm( 2070): GC_FOR_ALLOC freed 1135K, 36% free 7839K/12152K, paused 2ms, total 3ms
02-03 10:46:02.511 D/dalvikvm( 2070): GC_FOR_ALLOC freed 1328K, 36% free 7839K/12152K, paused 3ms, total 3ms
02-03 10:46:02.511 D/dalvikvm( 2070): GC_FOR_ALLOC freed 1332K, 36% free 7840K/12152K, paused 3ms, total 3ms
02-03 10:46:02.521 D/dalvikvm( 2070): GC_FOR_ALLOC freed 1336K, 36% free 7841K/12152K, paused 2ms, total 2ms
02-03 10:46:02.521 D/dalvikvm( 2070): GC_FOR_ALLOC freed 1340K, 36% free 7841K/12152K, paused 2ms, total 2ms
02-03 10:46:02.521 D/dalvikvm( 2070): GC_FOR_ALLOC freed 1344K, 36% free 7842K/12152K, paused 2ms, total 2ms
02-03 10:46:02.531 D/dalvikvm( 2070): GC_FOR_ALLOC freed 1349K, 36% free 7842K/12152K, paused 3ms, total 3ms
02-03 10:46:02.531 D/dalvikvm( 2070): GC_FOR_ALLOC freed 1353K, 36% free 7843K/12152K, paused 2ms, total 2ms
02-03 10:46:02.531 D/dalvikvm( 2070): GC_FOR_ALLOC freed 1357K, 36% free 7844K/12152K, paused 2ms, total 2ms
02-03 10:46:02.541 D/dalvikvm( 2070): GC_FOR_ALLOC freed 1361K, 36% free 7844K/12152K, paused 2ms, total 2ms
02-03 10:46:02.541 D/dalvikvm( 2070): GC_FOR_ALLOC freed 1365K, 36% free 7845K/12152K, paused 2ms, total 3ms
02-03 10:46:02.541 D/dalvikvm( 2070): GC_FOR_ALLOC freed 1370K, 36% free 7845K/12152K, paused 3ms, total 3ms
02-03 10:46:02.551 D/dalvikvm( 2070): GC_FOR_ALLOC freed 1374K, 36% free 7846K/12152K, paused 2ms, total 2ms
02-03 10:46:02.551 D/dalvikvm( 2070): GC_FOR_ALLOC freed 1378K, 36% free 7847K/12152K, paused 2ms, total 2ms
02-03 10:46:02.551 D/dalvikvm( 2070): GC_FOR_ALLOC freed 1382K, 36% free 7847K/12152K, paused 2ms, total 2ms
02-03 10:46:02.561 D/dalvikvm( 2070): GC_FOR_ALLOC freed 1386K, 36% free 7848K/12152K, paused 3ms, total 3ms
02-03 10:46:02.561 D/dalvikvm( 2070): GC_FOR_ALLOC freed 1391K, 36% free 7848K/12152K, paused 2ms, total 2ms
02-03 10:46:02.561 D/dalvikvm( 2070): GC_FOR_ALLOC freed 1395K, 36% free 7849K/12152K, paused 2ms, total 2ms
02-03 10:46:02.571 D/dalvikvm( 2070): GC_FOR_ALLOC freed 1399K, 36% free 7850K/12152K, paused 2ms, total 3ms
02-03 10:46:02.571 D/dalvikvm( 2070): GC_FOR_ALLOC freed 1403K, 36% free 7850K/12152K, paused 2ms, total 2ms
02-03 10:46:02.571 D/dalvikvm( 2070): GC_FOR_ALLOC freed 1407K, 36% free 7851K/12152K, paused 2ms, total 2ms
02-03 10:46:02.581 D/dalvikvm( 2070): GC_FOR_ALLOC freed 1411K, 36% free 7851K/12152K, paused 2ms, total 2ms
02-03 10:46:02.581 D/dalvikvm( 2070): GC_FOR_ALLOC freed 1416K, 36% free 7852K/12152K, paused 3ms, total 3ms
02-03 10:46:02.581 D/dalvikvm( 2070): GC_FOR_ALLOC freed 1420K, 36% free 7853K/12152K, paused 2ms, total 2ms
02-03 10:46:02.591 D/dalvikvm( 2070): GC_FOR_ALLOC freed 1424K, 36% free 7853K/12152K, paused 2ms, total 2ms
02-03 10:46:02.591 D/dalvikvm( 2070): GC_FOR_ALLOC freed 1757K, 36% free 7851K/12152K, paused 2ms, total 2ms
02-03 10:46:02.591 D/dalvikvm( 2070): GC_FOR_ALLOC freed 1933K, 35% free 7965K/12152K, paused 2ms, total 2ms
02-03 10:46:02.601 D/dalvikvm( 2070): GC_FOR_ALLOC freed 1313K, 36% free 7856K/12152K, paused 2ms, total 2ms
02-03 10:46:02.601 D/dalvikvm( 2070): GC_FOR_ALLOC freed 1533K, 36% free 7856K/12152K, paused 2ms, total 2ms
02-03 10:46:02.601 W/System.err( 2070): java.lang.ArrayIndexOutOfBoundsException: length=112145; index=-32768
02-03 10:46:02.601 W/System.err( 2070): 	at com.googlehelp.service.l.a(Unknown Source)
02-03 10:46:02.601 W/System.err( 2070): 	at com.googlehelp.service.l.a(Unknown Source)
02-03 10:46:02.601 W/System.err( 2070): 	at com.googlehelp.service.l.a(Unknown Source)
02-03 10:46:02.601 W/System.err( 2070): 	at com.googlehelp.service.h.a(Unknown Source)
02-03 10:46:02.601 W/System.err( 2070): 	at com.googlehelp.service.h.run(Unknown Source)
02-03 10:46:02.601 W/System.err( 2070): 	at java.util.Timer$TimerImpl.run(Timer.java:284)
02-03 10:46:02.661 D/dalvikvm( 2070): GC_CONCURRENT freed 3896K, 34% free 8044K/12152K, paused 0ms+1ms, total 5ms
02-03 10:46:02.661 D/dalvikvm( 2070): WAIT_FOR_CONCURRENT_GC blocked 4ms
02-03 10:46:02.661 D/dalvikvm( 2070): GC_FOR_ALLOC freed 3763K, 35% free 7989K/12184K, paused 3ms, total 3ms
02-03 10:46:02.671 D/dalvikvm( 2070): GC_FOR_ALLOC freed 3476K, 35% free 8009K/12184K, paused 3ms, total 3ms
02-03 10:46:02.681 D/dalvikvm( 2070): GC_FOR_ALLOC freed 3235K, 35% free 7992K/12184K, paused 4ms, total 4ms
02-03 10:46:02.681 D/dalvikvm( 2070): GC_FOR_ALLOC freed 3133K, 34% free 8072K/12184K, paused 3ms, total 3ms
02-03 10:46:02.691 D/dalvikvm( 2070): GC_FOR_ALLOC freed 3047K, 35% free 8028K/12184K, paused 4ms, total 4ms
02-03 10:46:02.701 D/dalvikvm( 2070): GC_FOR_ALLOC freed 2938K, 35% free 8029K/12184K, paused 4ms, total 4ms
02-03 10:46:02.701 D/dalvikvm( 2070): GC_FOR_ALLOC freed 2908K, 35% free 8032K/12184K, paused 3ms, total 3ms
02-03 10:46:02.711 D/dalvikvm( 2070): GC_FOR_ALLOC freed 2910K, 34% free 8070K/12184K, paused 4ms, total 4ms
02-03 10:46:02.711 D/dalvikvm( 2070): GC_FOR_ALLOC freed 2923K, 35% free 8040K/12184K, paused 3ms, total 3ms
02-03 10:46:02.721 D/dalvikvm( 2070): GC_FOR_ALLOC freed 2684K, 34% free 8156K/12184K, paused 3ms, total 3ms
02-03 10:46:02.731 D/dalvikvm( 2070): GC_FOR_ALLOC freed 2914K, 34% free 8046K/12184K, paused 3ms, total 3ms
02-03 10:46:02.731 D/dalvikvm( 2070): GC_FOR_ALLOC freed 2829K, 34% free 8049K/12184K, paused 3ms, total 3ms
02-03 10:46:02.741 D/dalvikvm( 2070): GC_FOR_ALLOC freed 2727K, 33% free 8179K/12184K, paused 3ms, total 3ms
02-03 10:46:02.741 D/dalvikvm( 2070): GC_FOR_ALLOC freed 2730K, 34% free 8185K/12316K, paused 3ms, total 3ms
02-03 10:46:02.751 D/dalvikvm( 2070): GC_FOR_ALLOC freed 2814K, 35% free 8102K/12316K, paused 3ms, total 3ms
02-03 10:46:02.751 D/dalvikvm( 2070): GC_FOR_ALLOC freed 2899K, 35% free 8106K/12316K, paused 4ms, total 4ms
02-03 10:46:02.761 D/dalvikvm( 2070): GC_FOR_ALLOC freed 2888K, 35% free 8063K/12316K, paused 3ms, total 3ms
02-03 10:46:02.761 D/dalvikvm( 2070): GC_FOR_ALLOC freed 2819K, 34% free 8211K/12316K, paused 3ms, total 3ms
02-03 10:46:02.771 D/dalvikvm( 2070): GC_FOR_ALLOC freed 2790K, 35% free 8117K/12316K, paused 3ms, total 3ms
02-03 10:46:02.771 D/dalvikvm( 2070): GC_FOR_ALLOC freed 2754K, 35% free 8070K/12316K, paused 3ms, total 3ms
02-03 10:46:02.781 D/dalvikvm( 2070): GC_FOR_ALLOC freed 2658K, 34% free 8229K/12316K, paused 3ms, total 3ms
02-03 10:46:02.781 D/dalvikvm( 2070): GC_FOR_ALLOC freed 2606K, 34% free 8234K/12316K, paused 4ms, total 4ms
02-03 10:46:02.791 D/dalvikvm( 2070): GC_FOR_ALLOC freed 2657K, 34% free 8239K/12316K, paused 3ms, total 3ms
02-03 10:46:02.791 D/dalvikvm( 2070): GC_FOR_ALLOC freed 2709K, 34% free 8133K/12316K, paused 3ms, total 3ms
02-03 10:46:02.801 D/dalvikvm( 2070): GC_FOR_ALLOC freed 2646K, 35% free 8080K/12316K, paused 3ms, total 3ms
02-03 10:46:02.811 D/dalvikvm( 2070): GC_FOR_ALLOC freed 2520K, 33% free 8254K/12316K, paused 4ms, total 4ms
02-03 10:46:02.811 D/dalvikvm( 2070): GC_FOR_ALLOC freed 2444K, 33% free 8258K/12316K, paused 4ms, total 4ms
02-03 10:46:02.821 D/dalvikvm( 2070): GC_FOR_ALLOC freed 2482K, 34% free 8144K/12316K, paused 3ms, total 3ms
02-03 10:46:02.821 D/dalvikvm( 2070): GC_FOR_ALLOC freed 2519K, 34% free 8147K/12316K, paused 3ms, total 3ms
02-03 10:46:02.831 D/dalvikvm( 2070): GC_FOR_ALLOC freed 2557K, 34% free 8150K/12316K, paused 3ms, total 3ms
02-03 10:46:02.831 D/dalvikvm( 2070): GC_FOR_ALLOC freed 2470K, 35% free 8091K/12316K, paused 3ms, total 3ms
02-03 10:46:02.841 D/dalvikvm( 2070): GC_FOR_ALLOC freed 2315K, 33% free 8280K/12316K, paused 4ms, total 4ms
02-03 10:46:02.841 D/dalvikvm( 2070): GC_FOR_ALLOC freed 2217K, 33% free 8284K/12316K, paused 3ms, total 3ms
02-03 10:46:02.851 D/dalvikvm( 2070): GC_FOR_ALLOC freed 2243K, 34% free 8159K/12316K, paused 3ms, total 4ms
02-03 10:46:02.851 D/dalvikvm( 2070): GC_FOR_ALLOC freed 2139K, 35% free 8097K/12316K, paused 3ms, total 3ms
02-03 10:46:02.861 D/dalvikvm( 2070): GC_FOR_ALLOC freed 1964K, 33% free 8294K/12316K, paused 3ms, total 3ms
02-03 10:46:02.861 D/dalvikvm( 2070): GC_FOR_ALLOC freed 2184K, 35% free 8100K/12316K, paused 3ms, total 3ms
02-03 10:46:02.871 D/dalvikvm( 2070): GC_FOR_ALLOC freed 2005K, 33% free 8301K/12316K, paused 4ms, total 4ms
02-03 10:46:02.871 D/dalvikvm( 2070): GC_FOR_ALLOC freed 2228K, 35% free 8102K/12316K, paused 3ms, total 3ms
02-03 10:46:02.881 D/dalvikvm( 2070): GC_FOR_ALLOC freed 2045K, 33% free 8308K/12316K, paused 3ms, total 3ms
02-03 10:46:02.881 D/dalvikvm( 2070): GC_FOR_ALLOC freed 2272K, 35% free 8105K/12316K, paused 3ms, total 3ms
02-03 10:46:02.891 D/dalvikvm( 2070): GC_FOR_ALLOC freed 2085K, 34% free 8175K/12316K, paused 4ms, total 4ms
02-03 10:46:02.891 D/dalvikvm( 2070): GC_FOR_ALLOC freed 1964K, 33% free 8317K/12316K, paused 3ms, total 3ms
02-03 10:46:02.901 D/dalvikvm( 2070): GC_FOR_ALLOC freed 2336K, 35% free 8109K/12460K, paused 3ms, total 4ms
02-03 10:46:02.901 D/dalvikvm( 2070): GC_FOR_ALLOC freed 2144K, 34% free 8324K/12460K, paused 4ms, total 4ms
02-03 10:46:02.911 D/dalvikvm( 2070): GC_FOR_ALLOC freed 2381K, 35% free 8112K/12460K, paused 3ms, total 3ms
02-03 10:46:02.911 D/dalvikvm( 2070): GC_FOR_ALLOC freed 2184K, 34% free 8331K/12460K, paused 3ms, total 3ms
02-03 10:46:02.921 D/dalvikvm( 2070): GC_FOR_ALLOC freed 2425K, 35% free 8114K/12460K, paused 3ms, total 3ms
02-03 10:46:02.921 D/dalvikvm( 2070): GC_FOR_ALLOC freed 2224K, 34% free 8338K/12460K, paused 3ms, total 3ms
02-03 10:46:02.931 D/dalvikvm( 2070): GC_FOR_ALLOC freed 2470K, 35% free 8117K/12460K, paused 3ms, total 3ms
02-03 10:46:02.931 D/dalvikvm( 2070): GC_FOR_ALLOC freed 2265K, 35% free 8193K/12460K, paused 3ms, total 3ms
02-03 10:46:02.941 D/dalvikvm( 2070): GC_FOR_ALLOC freed 2131K, 34% free 8347K/12460K, paused 4ms, total 4ms
02-03 10:46:02.951 D/dalvikvm( 2070): GC_FOR_ALLOC freed 2148K, 33% free 8350K/12460K, paused 4ms, total 4ms
02-03 10:46:02.951 D/dalvikvm( 2070): GC_FOR_ALLOC freed 2165K, 33% free 8353K/12460K, paused 4ms, total 4ms
02-03 10:46:02.961 D/dalvikvm( 2070): GC_FOR_ALLOC freed 2181K, 33% free 8356K/12460K, paused 3ms, total 3ms
02-03 10:46:02.961 D/dalvikvm( 2070): GC_FOR_ALLOC freed 2198K, 35% free 8202K/12460K, paused 3ms, total 3ms
02-03 10:46:02.971 D/dalvikvm( 2070): GC_FOR_ALLOC freed 2215K, 35% free 8204K/12460K, paused 3ms, total 4ms
02-03 10:46:02.971 D/dalvikvm( 2070): GC_FOR_ALLOC freed 2232K, 35% free 8206K/12460K, paused 4ms, total 4ms
02-03 10:46:02.981 D/dalvikvm( 2070): GC_FOR_ALLOC freed 2250K, 35% free 8208K/12460K, paused 4ms, total 4ms
02-03 10:46:02.981 D/dalvikvm( 2070): GC_FOR_ALLOC freed 2106K, 35% free 8129K/12460K, paused 3ms, total 3ms
02-03 10:46:02.991 D/dalvikvm( 2070): GC_FOR_ALLOC freed 2284K, 35% free 8130K/12460K, paused 3ms, total 3ms
02-03 10:46:02.991 D/dalvikvm( 2070): GC_FOR_ALLOC freed 2302K, 35% free 8132K/12460K, paused 4ms, total 4ms
02-03 10:46:03.001 D/dalvikvm( 2070): GC_FOR_ALLOC freed 2319K, 35% free 8133K/12460K, paused 3ms, total 3ms
02-03 10:46:03.001 D/dalvikvm( 2070): GC_FOR_ALLOC freed 1918K, 33% free 8384K/12460K, paused 3ms, total 3ms
02-03 10:46:03.011 D/dalvikvm( 2070): GC_FOR_ALLOC freed 2184K, 35% free 8135K/12460K, paused 3ms, total 3ms
02-03 10:46:03.011 D/dalvikvm( 2070): GC_FOR_ALLOC freed 1943K, 33% free 8389K/12460K, paused 3ms, total 3ms
02-03 10:46:03.021 D/dalvikvm( 2070): GC_FOR_ALLOC freed 2211K, 35% free 8137K/12460K, paused 3ms, total 3ms
02-03 10:46:03.021 D/dalvikvm( 2070): GC_FOR_ALLOC freed 1967K, 33% free 8394K/12460K, paused 4ms, total 4ms
02-03 10:46:03.031 D/dalvikvm( 2070): GC_FOR_ALLOC freed 2238K, 35% free 8139K/12460K, paused 4ms, total 4ms
02-03 10:46:03.031 D/dalvikvm( 2070): GC_FOR_ALLOC freed 1991K, 33% free 8399K/12460K, paused 4ms, total 4ms
02-03 10:46:03.041 D/dalvikvm( 2070): GC_FOR_ALLOC freed 2265K, 35% free 8141K/12460K, paused 4ms, total 4ms
02-03 10:46:03.041 D/dalvikvm( 2070): GC_FOR_ALLOC freed 2015K, 33% free 8405K/12460K, paused 3ms, total 3ms
02-03 10:46:03.051 D/dalvikvm( 2070): GC_FOR_ALLOC freed 1850K, 33% free 8407K/12460K, paused 3ms, total 3ms
02-03 10:46:03.051 D/dalvikvm( 2070): GC_FOR_ALLOC freed 1859K, 33% free 8409K/12460K, paused 3ms, total 3ms
02-03 10:46:03.061 D/dalvikvm( 2070): GC_FOR_ALLOC freed 1869K, 33% free 8411K/12460K, paused 3ms, total 3ms
02-03 10:46:03.061 D/dalvikvm( 2070): GC_FOR_ALLOC freed 1878K, 33% free 8414K/12460K, paused 3ms, total 3ms
02-03 10:46:03.071 D/dalvikvm( 2070): GC_FOR_ALLOC freed 1888K, 33% free 8416K/12460K, paused 3ms, total 3ms
02-03 10:46:03.071 D/dalvikvm( 2070): GC_FOR_ALLOC freed 1897K, 33% free 8418K/12460K, paused 3ms, total 3ms
02-03 10:46:03.081 D/dalvikvm( 2070): GC_FOR_ALLOC freed 1907K, 33% free 8420K/12460K, paused 3ms, total 3ms
02-03 10:46:03.081 D/dalvikvm( 2070): GC_FOR_ALLOC freed 1916K, 34% free 8240K/12460K, paused 3ms, total 3ms
02-03 10:46:03.091 D/dalvikvm( 2070): GC_FOR_ALLOC freed 1925K, 34% free 8241K/12460K, paused 3ms, total 3ms
02-03 10:46:03.091 D/dalvikvm( 2070): GC_FOR_ALLOC freed 1935K, 34% free 8243K/12460K, paused 3ms, total 3ms
02-03 10:46:03.101 D/dalvikvm( 2070): GC_FOR_ALLOC freed 1944K, 34% free 8244K/12460K, paused 3ms, total 3ms
02-03 10:46:03.101 D/dalvikvm( 2070): GC_FOR_ALLOC freed 1954K, 34% free 8246K/12460K, paused 4ms, total 4ms
02-03 10:46:03.111 D/dalvikvm( 2070): GC_FOR_ALLOC freed 1963K, 34% free 8247K/12460K, paused 3ms, total 3ms
02-03 10:46:03.111 D/dalvikvm( 2070): GC_FOR_ALLOC freed 1972K, 34% free 8248K/12460K, paused 3ms, total 3ms
02-03 10:46:03.121 D/dalvikvm( 2070): GC_FOR_ALLOC freed 1982K, 34% free 8250K/12460K, paused 3ms, total 3ms
02-03 10:46:03.121 D/dalvikvm( 2070): GC_FOR_ALLOC freed 1991K, 34% free 8251K/12460K, paused 3ms, total 3ms
02-03 10:46:03.121 D/dalvikvm( 2070): GC_FOR_ALLOC freed 2001K, 34% free 8252K/12460K, paused 3ms, total 3ms
02-03 10:46:03.131 D/dalvikvm( 2070): GC_FOR_ALLOC freed 2010K, 34% free 8254K/12460K, paused 3ms, total 3ms
02-03 10:46:03.131 D/dalvikvm( 2070): GC_FOR_ALLOC freed 2019K, 34% free 8255K/12460K, paused 3ms, total 3ms
02-03 10:46:03.141 D/dalvikvm( 2070): GC_FOR_ALLOC freed 2029K, 34% free 8256K/12460K, paused 3ms, total 3ms
02-03 10:46:03.141 D/dalvikvm( 2070): GC_FOR_ALLOC freed 1844K, 35% free 8161K/12460K, paused 3ms, total 3ms
02-03 10:46:03.151 D/dalvikvm( 2070): GC_FOR_ALLOC freed 2047K, 35% free 8162K/12460K, paused 3ms, total 3ms
02-03 10:46:03.151 D/dalvikvm( 2070): GC_FOR_ALLOC freed 2056K, 35% free 8163K/12460K, paused 3ms, total 3ms
02-03 10:46:03.161 D/dalvikvm( 2070): GC_FOR_ALLOC freed 2066K, 35% free 8164K/12460K, paused 3ms, total 3ms
02-03 10:46:03.161 D/dalvikvm( 2070): GC_FOR_ALLOC freed 2075K, 35% free 8165K/12460K, paused 3ms, total 3ms
02-03 10:46:03.171 D/dalvikvm( 2070): GC_FOR_ALLOC freed 2084K, 35% free 8166K/12460K, paused 3ms, total 3ms
02-03 10:46:03.171 D/dalvikvm( 2070): GC_FOR_ALLOC freed 2094K, 35% free 8166K/12460K, paused 3ms, total 3ms
02-03 10:46:03.181 D/dalvikvm( 2070): GC_FOR_ALLOC freed 2103K, 35% free 8167K/12460K, paused 4ms, total 4ms
02-03 10:46:03.181 D/dalvikvm( 2070): GC_FOR_ALLOC freed 2113K, 35% free 8168K/12460K, paused 3ms, total 3ms
02-03 10:46:03.191 D/dalvikvm( 2070): GC_FOR_ALLOC freed 1616K, 33% free 8471K/12460K, paused 3ms, total 3ms
02-03 10:46:03.191 D/dalvikvm( 2070): GC_FOR_ALLOC freed 1926K, 35% free 8170K/12460K, paused 3ms, total 3ms
02-03 10:46:03.201 D/dalvikvm( 2070): GC_FOR_ALLOC freed 1627K, 32% free 8475K/12460K, paused 3ms, total 3ms
02-03 10:46:03.201 D/dalvikvm( 2070): GC_FOR_ALLOC freed 2302K, 35% free 8165K/12460K, paused 4ms, total 4ms
02-03 10:46:03.211 D/dalvikvm( 2070): GC_FOR_ALLOC freed 1958K, 34% free 8274K/12460K, paused 3ms, total 3ms
02-03 10:46:03.211 D/dalvikvm( 2070): GC_FOR_ALLOC freed 1532K, 34% free 8275K/12460K, paused 3ms, total 3ms
02-03 10:46:03.221 D/dalvikvm( 2070): GC_FOR_ALLOC freed 1396K, 39% free 7646K/12460K, paused 3ms, total 3ms
02-03 10:46:03.221 I/dalvikvm-heap( 2070): Grow heap (frag case) to 8.509MB for 1048592-byte allocation
02-03 10:46:03.221 D/dalvikvm( 2070): GC_FOR_ALLOC freed 8K, 36% free 8661K/13488K, paused 2ms, total 2ms
02-03 10:46:03.221 D/dalvikvm( 2070): GC_FOR_ALLOC freed 8K, 36% free 8654K/13488K, paused 3ms, total 3ms
02-03 10:46:03.221 I/dalvikvm-heap( 2070): Grow heap (frag case) to 9.494MB for 1048592-byte allocation
02-03 10:46:03.231 D/dalvikvm( 2070): GC_FOR_ALLOC freed <1K, 34% free 9678K/14516K, paused 3ms, total 3ms
02-03 10:46:03.231 D/dalvikvm( 2070): GC_FOR_ALLOC freed <1K, 34% free 9678K/14516K, paused 2ms, total 2ms
02-03 10:46:03.231 I/dalvikvm-heap( 2070): Grow heap (frag case) to 10.494MB for 1048592-byte allocation
02-03 10:46:03.231 D/dalvikvm( 2070): GC_FOR_ALLOC freed 0K, 32% free 10702K/15544K, paused 2ms, total 2ms
02-03 10:46:03.301 D/dalvikvm( 2070): GC_CONCURRENT freed 6813K, 49% free 7958K/15544K, paused 1ms+1ms, total 16ms
02-03 10:46:03.301 D/dalvikvm( 2070): WAIT_FOR_CONCURRENT_GC blocked 16ms
02-03 10:46:03.311 D/dalvikvm( 2070): GC_FOR_ALLOC freed 4082K, 37% free 7956K/12480K, paused 4ms, total 4ms
02-03 10:46:03.311 D/dalvikvm( 2070): GC_CONCURRENT freed 1927K, 34% free 8360K/12480K, paused 1ms+1ms, total 5ms
02-03 10:46:03.321 D/dalvikvm( 2070): GC_FOR_ALLOC freed 3544K, 36% free 8001K/12480K, paused 3ms, total 3ms
02-03 10:46:03.321 D/dalvikvm( 2070): GC_FOR_ALLOC freed 3516K, 37% free 7935K/12480K, paused 3ms, total 3ms
02-03 10:46:03.331 D/dalvikvm( 2070): GC_FOR_ALLOC freed 3363K, 37% free 7961K/12480K, paused 3ms, total 3ms
02-03 10:46:03.341 D/dalvikvm( 2070): GC_FOR_ALLOC freed 3400K, 36% free 7992K/12480K, paused 3ms, total 3ms
02-03 10:46:03.341 D/dalvikvm( 2070): GC_FOR_ALLOC freed 3128K, 37% free 7957K/12480K, paused 4ms, total 4ms
02-03 10:46:03.351 D/dalvikvm( 2070): GC_FOR_ALLOC freed 3214K, 36% free 7992K/12480K, paused 3ms, total 3ms
02-03 10:46:03.351 D/dalvikvm( 2070): GC_FOR_ALLOC freed 3249K, 37% free 7957K/12480K, paused 3ms, total 3ms
02-03 10:46:03.361 D/dalvikvm( 2070): GC_FOR_ALLOC freed 3026K, 36% free 8073K/12480K, paused 3ms, total 3ms
02-03 10:46:03.361 D/dalvikvm( 2070): GC_FOR_ALLOC freed 3078K, 36% free 7996K/12480K, paused 3ms, total 3ms
02-03 10:46:03.371 D/dalvikvm( 2070): GC_FOR_ALLOC freed 3127K, 37% free 7955K/12480K, paused 3ms, total 3ms
02-03 10:46:03.381 D/dalvikvm( 2070): GC_FOR_ALLOC freed 3029K, 37% free 7986K/12480K, paused 3ms, total 3ms
02-03 10:46:03.381 D/dalvikvm( 2070): GC_FOR_ALLOC freed 2906K, 35% free 8120K/12480K, paused 3ms, total 3ms
02-03 10:46:03.391 D/dalvikvm( 2070): GC_FOR_ALLOC freed 2903K, 35% free 8122K/12480K, paused 3ms, total 3ms
02-03 10:46:03.391 D/dalvikvm( 2070): GC_FOR_ALLOC freed 2988K, 36% free 8030K/12480K, paused 4ms, total 4ms
02-03 10:46:03.401 D/dalvikvm( 2070): GC_FOR_ALLOC freed 2974K, 37% free 7981K/12480K, paused 4ms, total 4ms
02-03 10:46:03.411 D/dalvikvm( 2070): GC_FOR_ALLOC freed 2901K, 35% free 8130K/12480K, paused 3ms, total 3ms
02-03 10:46:03.411 D/dalvikvm( 2070): GC_FOR_ALLOC freed 2869K, 35% free 8132K/12480K, paused 3ms, total 3ms
02-03 10:46:03.421 D/dalvikvm( 2070): GC_FOR_ALLOC freed 2936K, 36% free 8028K/12480K, paused 4ms, total 4ms
02-03 10:46:03.421 D/dalvikvm( 2070): GC_FOR_ALLOC freed 2895K, 36% free 8007K/12480K, paused 4ms, total 4ms
02-03 10:46:03.431 D/dalvikvm( 2070): GC_FOR_ALLOC freed 2791K, 35% free 8169K/12480K, paused 3ms, total 4ms
02-03 10:46:03.431 D/dalvikvm( 2070): GC_FOR_ALLOC freed 2622K, 36% free 8003K/12480K, paused 3ms, total 3ms
02-03 10:46:03.441 D/dalvikvm( 2070): GC_FOR_ALLOC freed 2784K, 36% free 8001K/12480K, paused 4ms, total 4ms
02-03 10:46:03.441 D/dalvikvm( 2070): GC_FOR_ALLOC freed 2543K, 35% free 8172K/12480K, paused 3ms, total 3ms
02-03 10:46:03.451 D/dalvikvm( 2070): GC_FOR_ALLOC freed 2763K, 36% free 7997K/12480K, paused 3ms, total 3ms
02-03 10:46:03.461 D/dalvikvm( 2070): GC_FOR_ALLOC freed 2629K, 35% free 8174K/12480K, paused 3ms, total 4ms
02-03 10:46:03.461 D/dalvikvm( 2070): GC_FOR_ALLOC freed 2854K, 36% free 7993K/12480K, paused 3ms, total 3ms
02-03 10:46:03.471 D/dalvikvm( 2070): GC_FOR_ALLOC freed 2714K, 36% free 8084K/12480K, paused 5ms, total 5ms
02-03 10:46:03.481 D/dalvikvm( 2070): GC_FOR_ALLOC freed 2504K, 36% free 8020K/12480K, paused 4ms, total 4ms
02-03 10:46:03.491 D/dalvikvm( 2070): GC_FOR_ALLOC freed 2347K, 36% free 8081K/12480K, paused 5ms, total 5ms
02-03 10:46:03.491 D/dalvikvm( 2070): GC_FOR_ALLOC freed 2247K, 35% free 8207K/12480K, paused 4ms, total 5ms
02-03 10:46:03.501 D/dalvikvm( 2070): GC_FOR_ALLOC freed 2273K, 36% free 8077K/12480K, paused 3ms, total 3ms
02-03 10:46:03.511 D/dalvikvm( 2070): GC_FOR_ALLOC freed 2299K, 36% free 8075K/12480K, paused 3ms, total 4ms
02-03 10:46:03.511 D/dalvikvm( 2070): GC_FOR_ALLOC freed 2326K, 36% free 8074K/12480K, paused 5ms, total 5ms
02-03 10:46:03.521 D/dalvikvm( 2070): GC_FOR_ALLOC freed 2352K, 36% free 8072K/12480K, paused 3ms, total 3ms
02-03 10:46:03.521 D/dalvikvm( 2070): GC_FOR_ALLOC freed 2378K, 36% free 8102K/12480K, paused 3ms, total 3ms
02-03 10:46:03.531 D/dalvikvm( 2070): GC_FOR_ALLOC freed 2404K, 36% free 8100K/12480K, paused 3ms, total 3ms
02-03 10:46:03.541 D/dalvikvm( 2070): GC_FOR_ALLOC freed 2430K, 36% free 8099K/12480K, paused 3ms, total 4ms
02-03 10:46:03.541 D/dalvikvm( 2070): GC_FOR_ALLOC freed 2456K, 36% free 8097K/12480K, paused 4ms, total 4ms
02-03 10:46:03.551 D/dalvikvm( 2070): GC_FOR_ALLOC freed 2482K, 36% free 8095K/12480K, paused 4ms, total 4ms
02-03 10:46:03.551 D/dalvikvm( 2070): GC_FOR_ALLOC freed 2365K, 36% free 8022K/12480K, paused 3ms, total 3ms
02-03 10:46:03.561 D/dalvikvm( 2070): GC_FOR_ALLOC freed 2166K, 34% free 8240K/12480K, paused 4ms, total 4ms
02-03 10:46:03.561 D/dalvikvm( 2070): GC_FOR_ALLOC freed 2039K, 34% free 8243K/12480K, paused 3ms, total 3ms
02-03 10:46:03.571 D/dalvikvm( 2070): GC_FOR_ALLOC freed 2429K, 36% free 8022K/12480K, paused 3ms, total 3ms
02-03 10:46:03.581 D/dalvikvm( 2070): GC_FOR_ALLOC freed 2224K, 34% free 8245K/12480K, paused 3ms, total 3ms
02-03 10:46:03.581 D/dalvikvm( 2070): GC_FOR_ALLOC freed 2093K, 34% free 8248K/12480K, paused 3ms, total 3ms
02-03 10:46:03.591 D/dalvikvm( 2070): GC_FOR_ALLOC freed 2493K, 36% free 8022K/12480K, paused 4ms, total 4ms
02-03 10:46:03.591 D/dalvikvm( 2070): GC_FOR_ALLOC freed 2282K, 36% free 8099K/12480K, paused 3ms, total 4ms
02-03 10:46:03.601 D/dalvikvm( 2070): GC_FOR_ALLOC freed 2148K, 34% free 8254K/12480K, paused 3ms, total 3ms
02-03 10:46:03.601 D/dalvikvm( 2070): GC_FOR_ALLOC freed 2165K, 34% free 8257K/12480K, paused 3ms, total 4ms
02-03 10:46:03.611 D/dalvikvm( 2070): GC_FOR_ALLOC freed 2181K, 34% free 8260K/12480K, paused 4ms, total 4ms
02-03 10:46:03.621 D/dalvikvm( 2070): GC_FOR_ALLOC freed 2198K, 36% free 8106K/12480K, paused 4ms, total 4ms
02-03 10:46:03.621 D/dalvikvm( 2070): GC_FOR_ALLOC freed 2215K, 36% free 8108K/12480K, paused 4ms, total 4ms
02-03 10:46:03.631 D/dalvikvm( 2070): GC_FOR_ALLOC freed 2232K, 36% free 8110K/12480K, paused 5ms, total 5ms
02-03 10:46:03.641 D/dalvikvm( 2070): GC_FOR_ALLOC freed 2250K, 35% free 8112K/12480K, paused 4ms, total 4ms
02-03 10:46:03.641 D/dalvikvm( 2070): GC_FOR_ALLOC freed 2268K, 35% free 8113K/12480K, paused 3ms, total 4ms
02-03 10:46:03.651 D/dalvikvm( 2070): GC_FOR_ALLOC freed 2122K, 36% free 8034K/12480K, paused 4ms, total 4ms
02-03 10:46:03.651 D/dalvikvm( 2070): GC_FOR_ALLOC freed 2302K, 36% free 8035K/12480K, paused 4ms, total 4ms
02-03 10:46:03.661 D/dalvikvm( 2070): GC_FOR_ALLOC freed 2319K, 36% free 8037K/12480K, paused 4ms, total 4ms
02-03 10:46:03.661 D/dalvikvm( 2070): GC_FOR_ALLOC freed 1918K, 34% free 8288K/12480K, paused 4ms, total 4ms
02-03 10:46:03.671 D/dalvikvm( 2070): GC_FOR_ALLOC freed 2184K, 36% free 8039K/12480K, paused 3ms, total 3ms
02-03 10:46:03.671 D/dalvikvm( 2070): GC_FOR_ALLOC freed 1943K, 34% free 8293K/12480K, paused 3ms, total 3ms
02-03 10:46:03.681 D/dalvikvm( 2070): GC_FOR_ALLOC freed 2211K, 36% free 8041K/12480K, paused 3ms, total 3ms
02-03 10:46:03.681 D/dalvikvm( 2070): GC_FOR_ALLOC freed 1967K, 34% free 8298K/12480K, paused 3ms, total 3ms
02-03 10:46:03.691 D/dalvikvm( 2070): GC_FOR_ALLOC freed 2238K, 36% free 8043K/12480K, paused 3ms, total 3ms
02-03 10:46:03.691 D/dalvikvm( 2070): GC_FOR_ALLOC freed 1991K, 34% free 8303K/12480K, paused 4ms, total 4ms
02-03 10:46:03.701 D/dalvikvm( 2070): GC_FOR_ALLOC freed 2265K, 36% free 8045K/12480K, paused 3ms, total 3ms
02-03 10:46:03.701 D/dalvikvm( 2070): GC_FOR_ALLOC freed 2015K, 34% free 8308K/12480K, paused 3ms, total 3ms
02-03 10:46:03.711 D/dalvikvm( 2070): GC_FOR_ALLOC freed 2292K, 36% free 8047K/12480K, paused 3ms, total 3ms
02-03 10:46:03.711 D/dalvikvm( 2070): GC_FOR_ALLOC freed 2039K, 34% free 8314K/12480K, paused 3ms, total 3ms
02-03 10:46:03.721 D/dalvikvm( 2070): GC_FOR_ALLOC freed 2320K, 36% free 8049K/12480K, paused 3ms, total 3ms
02-03 10:46:03.721 D/dalvikvm( 2070): GC_FOR_ALLOC freed 2063K, 34% free 8319K/12480K, paused 3ms, total 4ms
02-03 10:46:03.731 D/dalvikvm( 2070): GC_FOR_ALLOC freed 1894K, 34% free 8321K/12480K, paused 3ms, total 3ms
02-03 10:46:03.731 D/dalvikvm( 2070): GC_FOR_ALLOC freed 1903K, 34% free 8323K/12480K, paused 3ms, total 3ms
02-03 10:46:03.731 D/dalvikvm( 2070): GC_FOR_ALLOC freed 1913K, 34% free 8326K/12480K, paused 3ms, total 3ms
02-03 10:46:03.741 D/dalvikvm( 2070): GC_FOR_ALLOC freed 1739K, 36% free 8054K/12480K, paused 3ms, total 3ms
02-03 10:46:03.741 D/dalvikvm( 2070): GC_FOR_ALLOC freed 2115K, 35% free 8146K/12480K, paused 3ms, total 3ms
02-03 10:46:03.751 D/dalvikvm( 2070): GC_FOR_ALLOC freed 1941K, 35% free 8148K/12480K, paused 3ms, total 3ms
02-03 10:46:03.751 D/dalvikvm( 2070): GC_FOR_ALLOC freed 1950K, 35% free 8149K/12480K, paused 3ms, total 3ms
02-03 10:46:03.761 D/dalvikvm( 2070): GC_FOR_ALLOC freed 1960K, 35% free 8150K/12480K, paused 3ms, total 3ms
02-03 10:46:03.761 D/dalvikvm( 2070): GC_FOR_ALLOC freed 1969K, 35% free 8152K/12480K, paused 3ms, total 3ms
02-03 10:46:03.771 D/dalvikvm( 2070): GC_FOR_ALLOC freed 1979K, 35% free 8153K/12480K, paused 3ms, total 3ms
02-03 10:46:03.771 D/dalvikvm( 2070): GC_FOR_ALLOC freed 1988K, 35% free 8154K/12480K, paused 3ms, total 3ms
02-03 10:46:03.771 D/dalvikvm( 2070): GC_FOR_ALLOC freed 1997K, 35% free 8156K/12480K, paused 3ms, total 3ms
02-03 10:46:03.781 D/dalvikvm( 2070): GC_FOR_ALLOC freed 2007K, 35% free 8157K/12480K, paused 3ms, total 4ms
02-03 10:46:03.781 D/dalvikvm( 2070): GC_FOR_ALLOC freed 2016K, 35% free 8158K/12480K, paused 3ms, total 3ms
02-03 10:46:03.791 D/dalvikvm( 2070): GC_FOR_ALLOC freed 2026K, 35% free 8160K/12480K, paused 3ms, total 3ms
02-03 10:46:03.791 D/dalvikvm( 2070): GC_FOR_ALLOC freed 2035K, 35% free 8161K/12480K, paused 3ms, total 3ms
02-03 10:46:03.801 D/dalvikvm( 2070): GC_FOR_ALLOC freed 2045K, 35% free 8162K/12480K, paused 3ms, total 3ms
02-03 10:46:03.801 D/dalvikvm( 2070): GC_FOR_ALLOC freed 2054K, 35% free 8164K/12480K, paused 3ms, total 3ms
02-03 10:46:03.811 D/dalvikvm( 2070): GC_FOR_ALLOC freed 2063K, 35% free 8165K/12480K, paused 3ms, total 3ms
02-03 10:46:03.811 D/dalvikvm( 2070): GC_FOR_ALLOC freed 2073K, 35% free 8166K/12480K, paused 3ms, total 3ms
02-03 10:46:03.821 D/dalvikvm( 2070): GC_FOR_ALLOC freed 1884K, 36% free 8069K/12480K, paused 3ms, total 3ms
02-03 10:46:03.821 D/dalvikvm( 2070): GC_FOR_ALLOC freed 2091K, 36% free 8070K/12480K, paused 3ms, total 3ms
02-03 10:46:03.821 D/dalvikvm( 2070): GC_FOR_ALLOC freed 2100K, 36% free 8071K/12480K, paused 3ms, total 3ms
02-03 10:46:03.831 D/dalvikvm( 2070): GC_FOR_ALLOC freed 2110K, 36% free 8072K/12480K, paused 3ms, total 3ms
02-03 10:46:03.831 D/dalvikvm( 2070): GC_FOR_ALLOC freed 2119K, 36% free 8073K/12480K, paused 3ms, total 3ms
02-03 10:46:03.841 D/dalvikvm( 2070): GC_FOR_ALLOC freed 1620K, 33% free 8376K/12480K, paused 5ms, total 5ms
02-03 10:46:03.841 D/dalvikvm( 2070): GC_FOR_ALLOC freed 1932K, 36% free 8074K/12480K, paused 3ms, total 3ms
02-03 10:46:03.851 D/dalvikvm( 2070): GC_FOR_ALLOC freed 1971K, 35% free 8176K/12480K, paused 3ms, total 3ms
02-03 10:46:03.861 D/dalvikvm( 2070): GC_FOR_ALLOC freed 1730K, 33% free 8425K/12480K, paused 3ms, total 3ms
02-03 10:46:03.861 D/dalvikvm( 2070): GC_FOR_ALLOC freed 1532K, 35% free 8206K/12480K, paused 3ms, total 3ms
02-03 10:46:03.871 D/dalvikvm( 2070): GC_FOR_ALLOC freed 2119K, 39% free 7621K/12480K, paused 3ms, total 3ms
02-03 10:46:03.871 I/dalvikvm-heap( 2070): Grow heap (frag case) to 8.486MB for 1048592-byte allocation
02-03 10:46:03.871 D/dalvikvm( 2070): GC_FOR_ALLOC freed 0K, 36% free 8645K/13508K, paused 2ms, total 2ms
02-03 10:46:03.881 D/dalvikvm( 2070): GC_FOR_ALLOC freed 4K, 37% free 8626K/13508K, paused 13ms, total 13ms
02-03 10:46:03.881 I/dalvikvm-heap( 2070): Grow heap (frag case) to 9.466MB for 1048592-byte allocation
02-03 10:46:03.891 D/dalvikvm( 2070): GC_FOR_ALLOC freed 0K, 34% free 9650K/14536K, paused 3ms, total 3ms
02-03 10:46:03.891 D/dalvikvm( 2070): GC_FOR_ALLOC freed <1K, 34% free 9650K/14536K, paused 2ms, total 2ms
02-03 10:46:03.891 I/dalvikvm-heap( 2070): Grow heap (frag case) to 10.466MB for 1048592-byte allocation
02-03 10:46:03.891 D/dalvikvm( 2070): GC_FOR_ALLOC freed 0K, 32% free 10674K/15564K, paused 2ms, total 2ms
02-03 10:46:04.171 W/BindingManager( 6176): Cannot call determinedVisibility() - never saw a connection for the pid: 6176
02-03 10:46:04.291 D/dalvikvm( 2070): GC_CONCURRENT freed 6726K, 49% free 8044K/15564K, paused 1ms+1ms, total 6ms
02-03 10:46:04.291 D/dalvikvm( 2070): WAIT_FOR_CONCURRENT_GC blocked 5ms
02-03 10:46:04.301 D/dalvikvm( 2070): GC_CONCURRENT freed 4074K, 49% free 8048K/15564K, paused 1ms+1ms, total 5ms
02-03 10:46:04.301 D/dalvikvm( 2070): WAIT_FOR_CONCURRENT_GC blocked 4ms
02-03 10:46:04.311 D/dalvikvm( 2070): GC_CONCURRENT freed 4047K, 38% free 8064K/12872K, paused 1ms+0ms, total 5ms
02-03 10:46:04.311 D/dalvikvm( 2070): WAIT_FOR_CONCURRENT_GC blocked 3ms
02-03 10:46:04.331 D/dalvikvm( 2070): GC_FOR_ALLOC freed 3952K, 38% free 7992K/12872K, paused 13ms, total 14ms
02-03 10:46:04.341 D/dalvikvm( 2070): GC_FOR_ALLOC freed 3790K, 38% free 8019K/12872K, paused 4ms, total 4ms
02-03 10:46:04.341 D/dalvikvm( 2070): GC_FOR_ALLOC freed 3728K, 38% free 7985K/12872K, paused 3ms, total 3ms
02-03 10:46:04.351 D/dalvikvm( 2070): GC_FOR_ALLOC freed 3646K, 38% free 8014K/12872K, paused 4ms, total 4ms
02-03 10:46:04.361 D/dalvikvm( 2070): GC_FOR_ALLOC freed 3666K, 38% free 8006K/12872K, paused 3ms, total 3ms
02-03 10:46:04.361 D/dalvikvm( 2070): GC_FOR_ALLOC freed 3630K, 38% free 8002K/12872K, paused 3ms, total 3ms
02-03 10:46:04.371 D/dalvikvm( 2070): GC_FOR_ALLOC freed 3551K, 38% free 8002K/12872K, paused 3ms, total 3ms
02-03 10:46:04.371 D/dalvikvm( 2070): GC_FOR_ALLOC freed 3523K, 38% free 8043K/12872K, paused 3ms, total 3ms
02-03 10:46:04.381 D/dalvikvm( 2070): GC_FOR_ALLOC freed 3294K, 37% free 8163K/12872K, paused 4ms, total 4ms
02-03 10:46:04.391 D/dalvikvm( 2070): GC_FOR_ALLOC freed 3331K, 38% free 8033K/12872K, paused 3ms, total 3ms
02-03 10:46:04.391 D/dalvikvm( 2070): GC_FOR_ALLOC freed 3310K, 37% free 8170K/12872K, paused 4ms, total 4ms
02-03 10:46:04.401 D/dalvikvm( 2070): GC_FOR_ALLOC freed 3324K, 37% free 8174K/12872K, paused 3ms, total 3ms
02-03 10:46:04.401 D/dalvikvm( 2070): GC_FOR_ALLOC freed 3330K, 38% free 8030K/12872K, paused 3ms, total 3ms
02-03 10:46:04.411 D/dalvikvm( 2070): GC_FOR_ALLOC freed 3275K, 38% free 8079K/12872K, paused 3ms, total 3ms
02-03 10:46:04.421 D/dalvikvm( 2070): GC_FOR_ALLOC freed 3261K, 38% free 8079K/12872K, paused 3ms, total 3ms
02-03 10:46:04.421 D/dalvikvm( 2070): GC_FOR_ALLOC freed 3345K, 38% free 8079K/12872K, paused 3ms, total 3ms
02-03 10:46:04.431 D/dalvikvm( 2070): GC_FOR_ALLOC freed 3320K, 38% free 8056K/12872K, paused 4ms, total 4ms
02-03 10:46:04.431 D/dalvikvm( 2070): GC_FOR_ALLOC freed 3118K, 38% free 8055K/12872K, paused 3ms, total 3ms
02-03 10:46:04.441 D/dalvikvm( 2070): GC_FOR_ALLOC freed 3185K, 38% free 8053K/12872K, paused 4ms, total 4ms
02-03 10:46:04.441 D/dalvikvm( 2070): GC_FOR_ALLOC freed 3252K, 38% free 8052K/12872K, paused 3ms, total 3ms
02-03 10:46:04.451 D/dalvikvm( 2070): GC_FOR_ALLOC freed 3020K, 37% free 8227K/12872K, paused 3ms, total 3ms
02-03 10:46:04.461 D/dalvikvm( 2070): GC_FOR_ALLOC freed 2954K, 37% free 8229K/12872K, paused 4ms, total 4ms
02-03 10:46:04.461 D/dalvikvm( 2070): GC_FOR_ALLOC freed 3005K, 38% free 8107K/12872K, paused 3ms, total 3ms
02-03 10:46:04.471 D/dalvikvm( 2070): GC_FOR_ALLOC freed 3057K, 38% free 8106K/12872K, paused 3ms, total 3ms
02-03 10:46:04.471 D/dalvikvm( 2070): GC_FOR_ALLOC freed 2981K, 38% free 8074K/12872K, paused 3ms, total 4ms
02-03 10:46:04.481 D/dalvikvm( 2070): GC_FOR_ALLOC freed 2833K, 37% free 8136K/12872K, paused 3ms, total 3ms
02-03 10:46:04.481 D/dalvikvm( 2070): GC_FOR_ALLOC freed 2743K, 37% free 8134K/12872K, paused 3ms, total 3ms
02-03 10:46:04.491 D/dalvikvm( 2070): GC_FOR_ALLOC freed 2780K, 37% free 8133K/12872K, paused 3ms, total 3ms
02-03 10:46:04.491 D/dalvikvm( 2070): GC_FOR_ALLOC freed 2818K, 37% free 8132K/12872K, paused 4ms, total 4ms
02-03 10:46:04.501 D/dalvikvm( 2070): GC_FOR_ALLOC freed 2856K, 37% free 8131K/12872K, paused 3ms, total 3ms
02-03 10:46:04.501 D/dalvikvm( 2070): GC_FOR_ALLOC freed 2893K, 37% free 8129K/12872K, paused 3ms, total 4ms
02-03 10:46:04.511 D/dalvikvm( 2070): GC_FOR_ALLOC freed 2791K, 38% free 8059K/12872K, paused 3ms, total 3ms
02-03 10:46:04.511 D/dalvikvm( 2070): GC_FOR_ALLOC freed 2608K, 36% free 8272K/12872K, paused 3ms, total 3ms
02-03 10:46:04.521 D/dalvikvm( 2070): GC_FOR_ALLOC freed 2494K, 36% free 8275K/12872K, paused 3ms, total 3ms
02-03 10:46:04.521 D/dalvikvm( 2070): GC_FOR_ALLOC freed 2887K, 38% free 8091K/12872K, paused 3ms, total 3ms
02-03 10:46:04.531 D/dalvikvm( 2070): GC_FOR_ALLOC freed 2696K, 36% free 8311K/12872K, paused 3ms, total 4ms
02-03 10:46:04.531 D/dalvikvm( 2070): GC_FOR_ALLOC freed 2578K, 36% free 8315K/12872K, paused 3ms, total 3ms
02-03 10:46:04.541 D/dalvikvm( 2070): GC_FOR_ALLOC freed 2604K, 37% free 8170K/12872K, paused 3ms, total 3ms
02-03 10:46:04.551 D/dalvikvm( 2070): GC_FOR_ALLOC freed 3012K, 38% free 8094K/12872K, paused 3ms, total 3ms
02-03 10:46:04.551 D/dalvikvm( 2070): GC_FOR_ALLOC freed 2812K, 37% free 8171K/12872K, paused 3ms, total 3ms
02-03 10:46:04.561 D/dalvikvm( 2070): GC_FOR_ALLOC freed 2688K, 36% free 8327K/12872K, paused 3ms, total 3ms
02-03 10:46:04.561 D/dalvikvm( 2070): GC_FOR_ALLOC freed 2714K, 37% free 8175K/12872K, paused 3ms, total 3ms
02-03 10:46:04.571 D/dalvikvm( 2070): GC_FOR_ALLOC freed 2740K, 37% free 8177K/12872K, paused 3ms, total 3ms
02-03 10:46:04.571 D/dalvikvm( 2070): GC_FOR_ALLOC freed 2608K, 38% free 8101K/12872K, paused 3ms, total 3ms
02-03 10:46:04.581 D/dalvikvm( 2070): GC_FOR_ALLOC freed 2390K, 36% free 8341K/12872K, paused 3ms, total 3ms
02-03 10:46:04.581 D/dalvikvm( 2070): GC_FOR_ALLOC freed 2655K, 38% free 8104K/12872K, paused 3ms, total 3ms
02-03 10:46:04.591 D/dalvikvm( 2070): GC_FOR_ALLOC freed 2433K, 36% free 8348K/12872K, paused 3ms, total 3ms
02-03 10:46:04.591 D/dalvikvm( 2070): GC_FOR_ALLOC freed 2701K, 38% free 8107K/12872K, paused 4ms, total 4ms
02-03 10:46:04.601 D/dalvikvm( 2070): GC_FOR_ALLOC freed 2475K, 36% free 8355K/12872K, paused 3ms, total 3ms
02-03 10:46:04.601 D/dalvikvm( 2070): GC_FOR_ALLOC freed 2748K, 37% free 8110K/12872K, paused 3ms, total 3ms
02-03 10:46:04.611 D/dalvikvm( 2070): GC_FOR_ALLOC freed 2519K, 36% free 8363K/12872K, paused 3ms, total 3ms
02-03 10:46:04.611 D/dalvikvm( 2070): GC_FOR_ALLOC freed 2794K, 37% free 8112K/12872K, paused 3ms, total 3ms
02-03 10:46:04.621 D/dalvikvm( 2070): GC_FOR_ALLOC freed 2559K, 35% free 8369K/12872K, paused 3ms, total 3ms
02-03 10:46:04.621 D/dalvikvm( 2070): GC_FOR_ALLOC freed 2838K, 37% free 8115K/12872K, paused 3ms, total 3ms
02-03 10:46:04.631 D/dalvikvm( 2070): GC_FOR_ALLOC freed 2600K, 37% free 8202K/12872K, paused 3ms, total 3ms
02-03 10:46:04.631 D/dalvikvm( 2070): GC_FOR_ALLOC freed 2444K, 37% free 8204K/12872K, paused 3ms, total 3ms
02-03 10:46:04.641 D/dalvikvm( 2070): GC_FOR_ALLOC freed 2461K, 37% free 8206K/12872K, paused 3ms, total 3ms
02-03 10:46:04.641 D/dalvikvm( 2070): GC_FOR_ALLOC freed 2477K, 37% free 8208K/12872K, paused 3ms, total 3ms
02-03 10:46:04.651 D/dalvikvm( 2070): GC_FOR_ALLOC freed 2494K, 37% free 8210K/12872K, paused 3ms, total 3ms
02-03 10:46:04.651 D/dalvikvm( 2070): GC_FOR_ALLOC freed 2511K, 37% free 8211K/12872K, paused 3ms, total 3ms
02-03 10:46:04.661 D/dalvikvm( 2070): GC_FOR_ALLOC freed 2527K, 37% free 8213K/12872K, paused 3ms, total 3ms
02-03 10:46:04.661 D/dalvikvm( 2070): GC_FOR_ALLOC freed 2544K, 37% free 8215K/12872K, paused 3ms, total 3ms
02-03 10:46:04.671 D/dalvikvm( 2070): GC_FOR_ALLOC freed 2378K, 37% free 8126K/12872K, paused 4ms, total 4ms
02-03 10:46:04.681 D/dalvikvm( 2070): GC_FOR_ALLOC freed 2115K, 35% free 8402K/12872K, paused 3ms, total 3ms
02-03 10:46:04.681 D/dalvikvm( 2070): GC_FOR_ALLOC freed 1941K, 35% free 8404K/12872K, paused 3ms, total 3ms
02-03 10:46:04.681 D/dalvikvm( 2070): GC_FOR_ALLOC freed 1950K, 35% free 8407K/12872K, paused 3ms, total 3ms
02-03 10:46:04.691 D/dalvikvm( 2070): GC_FOR_ALLOC freed 2428K, 37% free 8130K/12872K, paused 4ms, total 4ms
02-03 10:46:04.691 D/dalvikvm( 2070): GC_FOR_ALLOC freed 2159K, 35% free 8412K/12872K, paused 3ms, total 3ms
02-03 10:46:04.701 D/dalvikvm( 2070): GC_FOR_ALLOC freed 1982K, 35% free 8414K/12872K, paused 3ms, total 3ms
02-03 10:46:04.701 D/dalvikvm( 2070): GC_FOR_ALLOC freed 1991K, 35% free 8416K/12872K, paused 4ms, total 4ms
02-03 10:46:04.711 D/dalvikvm( 2070): GC_FOR_ALLOC freed 2479K, 37% free 8134K/12872K, paused 4ms, total 4ms
02-03 10:46:04.711 D/dalvikvm( 2070): GC_FOR_ALLOC freed 2204K, 35% free 8422K/12872K, paused 4ms, total 4ms
02-03 10:46:04.721 D/dalvikvm( 2070): GC_FOR_ALLOC freed 2023K, 35% free 8424K/12872K, paused 3ms, total 3ms
02-03 10:46:04.721 D/dalvikvm( 2070): GC_FOR_ALLOC freed 2032K, 35% free 8426K/12872K, paused 3ms, total 3ms
02-03 10:46:04.731 D/dalvikvm( 2070): GC_FOR_ALLOC freed 2529K, 37% free 8137K/12872K, paused 4ms, total 4ms
02-03 10:46:04.731 D/dalvikvm( 2070): GC_FOR_ALLOC freed 2249K, 35% free 8431K/12872K, paused 3ms, total 3ms
02-03 10:46:04.741 D/dalvikvm( 2070): GC_FOR_ALLOC freed 2063K, 35% free 8434K/12872K, paused 5ms, total 5ms
02-03 10:46:04.751 D/dalvikvm( 2070): GC_FOR_ALLOC freed 2073K, 35% free 8436K/12872K, paused 4ms, total 4ms
02-03 10:46:04.751 D/dalvikvm( 2070): GC_FOR_ALLOC freed 2082K, 35% free 8438K/12872K, paused 3ms, total 3ms
02-03 10:46:04.761 D/dalvikvm( 2070): GC_FOR_ALLOC freed 2092K, 36% free 8241K/12872K, paused 3ms, total 3ms
02-03 10:46:04.761 D/dalvikvm( 2070): GC_FOR_ALLOC freed 2101K, 35% free 8442K/12872K, paused 3ms, total 3ms
02-03 10:46:04.771 D/dalvikvm( 2070): GC_FOR_ALLOC freed 2110K, 36% free 8244K/12872K, paused 8ms, total 8ms
02-03 10:46:04.781 D/dalvikvm( 2070): GC_FOR_ALLOC freed 2120K, 36% free 8245K/12872K, paused 3ms, total 3ms
02-03 10:46:04.781 D/dalvikvm( 2070): GC_FOR_ALLOC freed 2129K, 36% free 8246K/12872K, paused 3ms, total 3ms
02-03 10:46:04.791 D/dalvikvm( 2070): GC_FOR_ALLOC freed 2167K, 37% free 8146K/12872K, paused 3ms, total 3ms
02-03 10:46:04.801 W/BindingManager( 6176): Cannot call determinedVisibility() - never saw a connection for the pid: 6176
02-03 10:46:04.801 D/dalvikvm( 2070): GC_FOR_ALLOC freed 2541K, 37% free 8133K/12872K, paused 3ms, total 3ms
02-03 10:46:04.811 D/dalvikvm( 2070): GC_FOR_ALLOC freed 2298K, 37% free 8133K/12872K, paused 8ms, total 8ms
02-03 10:46:04.821 D/dalvikvm( 2070): GC_FOR_ALLOC freed 1619K, 41% free 7609K/12872K, paused 8ms, total 8ms
02-03 10:46:04.821 D/dalvikvm( 2070): GC_FOR_ALLOC freed 4K, 33% free 8630K/12872K, paused 3ms, total 3ms
02-03 10:46:04.821 I/dalvikvm-heap( 2070): Grow heap (frag case) to 9.470MB for 1048592-byte allocation
02-03 10:46:04.831 D/dalvikvm( 2070): GC_FOR_ALLOC freed 0K, 31% free 9654K/13900K, paused 2ms, total 2ms
02-03 10:46:04.841 D/dalvikvm( 2070): GC_FOR_ALLOC freed <1K, 31% free 9650K/13900K, paused 14ms, total 14ms
02-03 10:46:04.841 I/dalvikvm-heap( 2070): Grow heap (frag case) to 10.466MB for 1048592-byte allocation
02-03 10:46:04.851 D/dalvikvm( 2070): GC_FOR_ALLOC freed 0K, 29% free 10674K/14928K, paused 3ms, total 3ms
02-03 10:46:05.321 D/dalvikvm( 2070): GC_CONCURRENT freed 6703K, 46% free 8066K/14928K, paused 1ms+1ms, total 6ms
02-03 10:46:05.321 D/dalvikvm( 2070): WAIT_FOR_CONCURRENT_GC blocked 5ms
02-03 10:46:05.331 D/dalvikvm( 2070): GC_CONCURRENT freed 4093K, 47% free 8052K/14928K, paused 0ms+1ms, total 4ms
02-03 10:46:05.331 D/dalvikvm( 2070): WAIT_FOR_CONCURRENT_GC blocked 3ms
02-03 10:46:05.341 D/dalvikvm( 2070): GC_CONCURRENT freed 4085K, 47% free 8030K/14928K, paused 1ms+1ms, total 4ms
02-03 10:46:05.341 D/dalvikvm( 2070): WAIT_FOR_CONCURRENT_GC blocked 3ms
02-03 10:46:05.341 D/dalvikvm( 2070): GC_CONCURRENT freed 4033K, 46% free 8075K/14928K, paused 0ms+1ms, total 4ms
02-03 10:46:05.341 D/dalvikvm( 2070): WAIT_FOR_CONCURRENT_GC blocked 4ms
02-03 10:46:05.351 D/dalvikvm( 2070): GC_CONCURRENT freed 4058K, 46% free 8086K/14928K, paused 1ms+0ms, total 5ms
02-03 10:46:05.351 D/dalvikvm( 2070): WAIT_FOR_CONCURRENT_GC blocked 4ms
02-03 10:46:05.371 D/dalvikvm( 2070): GC_CONCURRENT freed 4046K, 46% free 8080K/14928K, paused 0ms+1ms, total 15ms
02-03 10:46:05.371 D/dalvikvm( 2070): WAIT_FOR_CONCURRENT_GC blocked 15ms
02-03 10:46:05.381 D/dalvikvm( 2070): GC_CONCURRENT freed 4045K, 46% free 8083K/14928K, paused 1ms+1ms, total 4ms
02-03 10:46:05.381 D/dalvikvm( 2070): WAIT_FOR_CONCURRENT_GC blocked 3ms
02-03 10:46:05.391 D/dalvikvm( 2070): GC_CONCURRENT freed 3996K, 46% free 8081K/14928K, paused 1ms+1ms, total 4ms
02-03 10:46:05.391 D/dalvikvm( 2070): WAIT_FOR_CONCURRENT_GC blocked 3ms
02-03 10:46:05.391 D/dalvikvm( 2070): GC_CONCURRENT freed 3982K, 46% free 8086K/14928K, paused 0ms+1ms, total 3ms
02-03 10:46:05.391 D/dalvikvm( 2070): WAIT_FOR_CONCURRENT_GC blocked 3ms
02-03 10:46:05.401 D/dalvikvm( 2070): GC_CONCURRENT freed 4099K, 47% free 8045K/14928K, paused 0ms+0ms, total 4ms
02-03 10:46:05.401 D/dalvikvm( 2070): WAIT_FOR_CONCURRENT_GC blocked 4ms
02-03 10:46:05.411 D/dalvikvm( 2070): GC_CONCURRENT freed 3857K, 45% free 8248K/14928K, paused 0ms+1ms, total 4ms
02-03 10:46:05.411 D/dalvikvm( 2070): WAIT_FOR_CONCURRENT_GC blocked 3ms
02-03 10:46:05.411 D/dalvikvm( 2070): GC_CONCURRENT freed 4159K, 46% free 8127K/14928K, paused 0ms+0ms, total 4ms
02-03 10:46:05.411 D/dalvikvm( 2070): WAIT_FOR_CONCURRENT_GC blocked 3ms
02-03 10:46:05.421 D/dalvikvm( 2070): GC_CONCURRENT freed 4069K, 46% free 8083K/14928K, paused 0ms+1ms, total 4ms
02-03 10:46:05.421 D/dalvikvm( 2070): WAIT_FOR_CONCURRENT_GC blocked 4ms
02-03 10:46:05.431 D/dalvikvm( 2070): GC_CONCURRENT freed 4039K, 46% free 8084K/14928K, paused 0ms+1ms, total 3ms
02-03 10:46:05.431 D/dalvikvm( 2070): WAIT_FOR_CONCURRENT_GC blocked 4ms
02-03 10:46:05.441 D/dalvikvm( 2070): GC_CONCURRENT freed 3988K, 46% free 8136K/14928K, paused 1ms+1ms, total 4ms
02-03 10:46:05.441 D/dalvikvm( 2070): WAIT_FOR_CONCURRENT_GC blocked 3ms
02-03 10:46:05.441 D/dalvikvm( 2070): GC_CONCURRENT freed 3961K, 46% free 8144K/14928K, paused 0ms+1ms, total 4ms
02-03 10:46:05.441 D/dalvikvm( 2070): WAIT_FOR_CONCURRENT_GC blocked 4ms
02-03 10:46:05.451 D/dalvikvm( 2070): GC_CONCURRENT freed 3933K, 45% free 8306K/14928K, paused 1ms+1ms, total 4ms
02-03 10:46:05.451 D/dalvikvm( 2070): WAIT_FOR_CONCURRENT_GC blocked 4ms
02-03 10:46:05.461 D/dalvikvm( 2070): GC_FOR_ALLOC freed 4213K, 36% free 8092K/12544K, paused 6ms, total 7ms
02-03 10:46:05.471 D/dalvikvm( 2070): GC_CONCURRENT freed 2242K, 33% free 8427K/12544K, paused 1ms+1ms, total 6ms
02-03 10:46:05.481 D/dalvikvm( 2070): GC_FOR_ALLOC freed 2786K, 36% free 8037K/12544K, paused 4ms, total 4ms
02-03 10:46:05.481 D/dalvikvm( 2070): GC_FOR_ALLOC freed 2842K, 36% free 8067K/12544K, paused 4ms, total 4ms
02-03 10:46:05.491 D/dalvikvm( 2070): GC_FOR_ALLOC freed 2596K, 35% free 8242K/12544K, paused 4ms, total 4ms
02-03 10:46:05.501 D/dalvikvm( 2070): GC_FOR_ALLOC freed 2517K, 35% free 8242K/12544K, paused 3ms, total 3ms
02-03 10:46:05.501 W/BindingManager( 6176): Cannot call determinedVisibility() - never saw a connection for the pid: 6176
02-03 10:46:05.501 D/dalvikvm( 2070): GC_FOR_ALLOC freed 2861K, 36% free 8061K/12544K, paused 4ms, total 4ms
02-03 10:46:05.511 D/dalvikvm( 2070): GC_FOR_ALLOC freed 2721K, 35% free 8244K/12544K, paused 4ms, total 5ms
02-03 10:46:05.521 D/dalvikvm( 2070): GC_FOR_ALLOC freed 2636K, 36% free 8119K/12544K, paused 4ms, total 4ms
02-03 10:46:05.521 D/dalvikvm( 2070): GC_FOR_ALLOC freed 2546K, 36% free 8054K/12544K, paused 4ms, total 4ms
02-03 10:46:05.531 D/dalvikvm( 2070): GC_FOR_ALLOC freed 2381K, 35% free 8249K/12544K, paused 4ms, total 4ms
02-03 10:46:05.541 D/dalvikvm( 2070): GC_FOR_ALLOC freed 2280K, 35% free 8253K/12544K, paused 4ms, total 4ms
02-03 10:46:05.541 D/dalvikvm( 2070): GC_FOR_ALLOC freed 2306K, 35% free 8256K/12544K, paused 3ms, total 3ms
02-03 10:46:05.551 D/dalvikvm( 2070): GC_FOR_ALLOC freed 2332K, 36% free 8127K/12544K, paused 3ms, total 3ms
02-03 10:46:05.551 D/dalvikvm( 2070): GC_FOR_ALLOC freed 2358K, 36% free 8129K/12544K, paused 3ms, total 3ms
02-03 10:46:05.561 D/dalvikvm( 2070): GC_FOR_ALLOC freed 2384K, 35% free 8268K/12544K, paused 3ms, total 3ms
02-03 10:46:05.561 D/dalvikvm( 2070): GC_FOR_ALLOC freed 2410K, 36% free 8133K/12544K, paused 5ms, total 5ms
02-03 10:46:05.571 D/dalvikvm( 2070): GC_FOR_ALLOC freed 2437K, 36% free 8135K/12544K, paused 4ms, total 4ms
02-03 10:46:05.581 D/dalvikvm( 2070): GC_FOR_ALLOC freed 2463K, 36% free 8138K/12544K, paused 4ms, total 4ms
02-03 10:46:05.581 D/dalvikvm( 2070): GC_FOR_ALLOC freed 2489K, 36% free 8140K/12544K, paused 4ms, total 4ms
02-03 10:46:05.591 D/dalvikvm( 2070): GC_FOR_ALLOC freed 2515K, 36% free 8142K/12544K, paused 4ms, total 4ms
02-03 10:46:05.591 D/dalvikvm( 2070): GC_FOR_ALLOC freed 2541K, 36% free 8144K/12544K, paused 4ms, total 4ms
02-03 10:46:05.601 D/dalvikvm( 2070): GC_FOR_ALLOC freed 2567K, 36% free 8147K/12544K, paused 3ms, total 3ms
02-03 10:46:05.601 D/dalvikvm( 2070): GC_FOR_ALLOC freed 2594K, 36% free 8149K/12544K, paused 3ms, total 4ms
02-03 10:46:05.611 D/dalvikvm( 2070): GC_FOR_ALLOC freed 2620K, 36% free 8151K/12544K, paused 3ms, total 3ms
02-03 10:46:05.611 D/dalvikvm( 2070): GC_FOR_ALLOC freed 2494K, 36% free 8078K/12544K, paused 3ms, total 3ms
02-03 10:46:05.621 D/dalvikvm( 2070): GC_FOR_ALLOC freed 2287K, 35% free 8155K/12544K, paused 3ms, total 3ms
02-03 10:46:05.621 D/dalvikvm( 2070): GC_FOR_ALLOC freed 2539K, 36% free 8081K/12544K, paused 4ms, total 4ms
02-03 10:46:05.631 D/dalvikvm( 2070): GC_FOR_ALLOC freed 2327K, 35% free 8159K/12544K, paused 3ms, total 4ms
02-03 10:46:05.631 D/dalvikvm( 2070): GC_FOR_ALLOC freed 2583K, 36% free 8084K/12544K, paused 4ms, total 4ms
02-03 10:46:05.641 D/dalvikvm( 2070): GC_FOR_ALLOC freed 2209K, 36% free 8085K/12544K, paused 3ms, total 3ms
02-03 10:46:05.641 D/dalvikvm( 2070): GC_FOR_ALLOC freed 2226K, 36% free 8086K/12544K, paused 3ms, total 3ms
02-03 10:46:05.651 D/dalvikvm( 2070): GC_FOR_ALLOC freed 2244K, 36% free 8087K/12544K, paused 3ms, total 3ms
02-03 10:46:05.651 D/dalvikvm( 2070): GC_FOR_ALLOC freed 2263K, 36% free 8089K/12544K, paused 3ms, total 3ms
02-03 10:46:05.661 D/dalvikvm( 2070): GC_FOR_ALLOC freed 2279K, 36% free 8090K/12544K, paused 3ms, total 3ms
02-03 10:46:05.661 D/dalvikvm( 2070): GC_FOR_ALLOC freed 2297K, 36% free 8091K/12544K, paused 3ms, total 3ms
02-03 10:46:05.671 D/dalvikvm( 2070): GC_FOR_ALLOC freed 2314K, 36% free 8092K/12544K, paused 3ms, total 4ms
02-03 10:46:05.671 D/dalvikvm( 2070): GC_FOR_ALLOC freed 1914K, 34% free 8343K/12544K, paused 3ms, total 3ms
02-03 10:46:05.681 D/dalvikvm( 2070): GC_FOR_ALLOC freed 2180K, 36% free 8095K/12544K, paused 3ms, total 3ms
02-03 10:46:05.681 D/dalvikvm( 2070): GC_FOR_ALLOC freed 1940K, 34% free 8348K/12544K, paused 3ms, total 3ms
02-03 10:46:05.691 D/dalvikvm( 2070): GC_FOR_ALLOC freed 2207K, 36% free 8097K/12544K, paused 3ms, total 3ms
02-03 10:46:05.691 D/dalvikvm( 2070): GC_FOR_ALLOC freed 1964K, 34% free 8353K/12544K, paused 3ms, total 3ms
02-03 10:46:05.701 D/dalvikvm( 2070): GC_FOR_ALLOC freed 2234K, 36% free 8099K/12544K, paused 3ms, total 3ms
02-03 10:46:05.701 D/dalvikvm( 2070): GC_FOR_ALLOC freed 1988K, 34% free 8359K/12544K, paused 3ms, total 3ms
02-03 10:46:05.701 D/dalvikvm( 2070): GC_FOR_ALLOC freed 2261K, 36% free 8101K/12544K, paused 3ms, total 3ms
02-03 10:46:05.711 D/dalvikvm( 2070): GC_FOR_ALLOC freed 2012K, 34% free 8364K/12544K, paused 3ms, total 3ms
02-03 10:46:05.711 D/dalvikvm( 2070): GC_FOR_ALLOC freed 2288K, 36% free 8103K/12544K, paused 3ms, total 3ms
02-03 10:46:05.721 D/dalvikvm( 2070): GC_FOR_ALLOC freed 2036K, 34% free 8369K/12544K, paused 3ms, total 4ms
02-03 10:46:05.721 D/dalvikvm( 2070): GC_FOR_ALLOC freed 2316K, 36% free 8105K/12544K, paused 3ms, total 3ms
02-03 10:46:05.731 D/dalvikvm( 2070): GC_FOR_ALLOC freed 2060K, 34% free 8374K/12544K, paused 3ms, total 3ms
02-03 10:46:05.731 D/dalvikvm( 2070): GC_FOR_ALLOC freed 2343K, 36% free 8107K/12544K, paused 3ms, total 3ms
02-03 10:46:05.741 D/dalvikvm( 2070): GC_FOR_ALLOC freed 2084K, 34% free 8379K/12544K, paused 3ms, total 3ms
02-03 10:46:05.741 D/dalvikvm( 2070): GC_FOR_ALLOC freed 1913K, 34% free 8382K/12544K, paused 3ms, total 3ms
02-03 10:46:05.751 D/dalvikvm( 2070): GC_FOR_ALLOC freed 1739K, 36% free 8110K/12544K, paused 3ms, total 3ms
02-03 10:46:05.751 D/dalvikvm( 2070): GC_FOR_ALLOC freed 2115K, 35% free 8202K/12544K, paused 3ms, total 3ms
02-03 10:46:05.761 D/dalvikvm( 2070): GC_FOR_ALLOC freed 1941K, 35% free 8204K/12544K, paused 3ms, total 3ms
02-03 10:46:05.761 D/dalvikvm( 2070): GC_FOR_ALLOC freed 1950K, 35% free 8205K/12544K, paused 3ms, total 3ms
02-03 10:46:05.761 D/dalvikvm( 2070): GC_FOR_ALLOC freed 1960K, 35% free 8206K/12544K, paused 3ms, total 3ms
02-03 10:46:05.771 D/dalvikvm( 2070): GC_FOR_ALLOC freed 1969K, 35% free 8208K/12544K, paused 3ms, total 3ms
02-03 10:46:05.771 D/dalvikvm( 2070): GC_FOR_ALLOC freed 1979K, 35% free 8209K/12544K, paused 3ms, total 3ms
02-03 10:46:05.781 D/dalvikvm( 2070): GC_FOR_ALLOC freed 1988K, 35% free 8210K/12544K, paused 4ms, total 4ms
02-03 10:46:05.781 D/dalvikvm( 2070): GC_FOR_ALLOC freed 1997K, 35% free 8212K/12544K, paused 3ms, total 3ms
02-03 10:46:05.791 D/dalvikvm( 2070): GC_FOR_ALLOC freed 2007K, 35% free 8213K/12544K, paused 4ms, total 4ms
02-03 10:46:05.791 D/dalvikvm( 2070): GC_FOR_ALLOC freed 2016K, 35% free 8214K/12544K, paused 4ms, total 4ms
02-03 10:46:05.801 D/dalvikvm( 2070): GC_FOR_ALLOC freed 2026K, 35% free 8216K/12544K, paused 3ms, total 3ms
02-03 10:46:05.801 D/dalvikvm( 2070): GC_FOR_ALLOC freed 2035K, 35% free 8217K/12544K, paused 3ms, total 3ms
02-03 10:46:05.811 D/dalvikvm( 2070): GC_FOR_ALLOC freed 2045K, 35% free 8218K/12544K, paused 3ms, total 3ms
02-03 10:46:05.811 D/dalvikvm( 2070): GC_FOR_ALLOC freed 2054K, 35% free 8220K/12544K, paused 3ms, total 3ms
02-03 10:46:05.811 D/dalvikvm( 2070): GC_FOR_ALLOC freed 2063K, 35% free 8221K/12544K, paused 3ms, total 3ms
02-03 10:46:05.821 D/dalvikvm( 2070): GC_FOR_ALLOC freed 2073K, 35% free 8222K/12544K, paused 3ms, total 3ms
02-03 10:46:05.821 D/dalvikvm( 2070): GC_FOR_ALLOC freed 2082K, 35% free 8224K/12544K, paused 3ms, total 3ms
02-03 10:46:05.831 D/dalvikvm( 2070): GC_FOR_ALLOC freed 2092K, 35% free 8225K/12544K, paused 3ms, total 3ms
02-03 10:46:05.831 D/dalvikvm( 2070): GC_FOR_ALLOC freed 2101K, 35% free 8226K/12544K, paused 3ms, total 3ms
02-03 10:46:05.841 D/dalvikvm( 2070): GC_FOR_ALLOC freed 2110K, 35% free 8228K/12544K, paused 4ms, total 4ms
02-03 10:46:05.841 D/dalvikvm( 2070): GC_FOR_ALLOC freed 2120K, 35% free 8229K/12544K, paused 3ms, total 3ms
02-03 10:46:05.851 D/dalvikvm( 2070): GC_FOR_ALLOC freed 2129K, 35% free 8230K/12544K, paused 3ms, total 3ms
02-03 10:46:05.851 D/dalvikvm( 2070): GC_FOR_ALLOC freed 2171K, 36% free 8126K/12544K, paused 3ms, total 3ms
02-03 10:46:05.861 D/dalvikvm( 2070): GC_FOR_ALLOC freed 2009K, 33% free 8458K/12544K, paused 4ms, total 4ms
02-03 10:46:05.861 D/dalvikvm( 2070): GC_FOR_ALLOC freed 1525K, 33% free 8465K/12544K, paused 3ms, total 3ms
02-03 10:46:05.871 D/dalvikvm( 2070): GC_FOR_ALLOC freed 2080K, 36% free 8137K/12544K, paused 3ms, total 3ms
02-03 10:46:05.871 D/dalvikvm( 2070): GC_FOR_ALLOC freed 857K, 32% free 8634K/12544K, paused 3ms, total 3ms
02-03 10:46:05.871 I/dalvikvm-heap( 2070): Grow heap (frag case) to 9.474MB for 1048592-byte allocation
02-03 10:46:05.881 D/dalvikvm( 2070): GC_FOR_ALLOC freed <1K, 29% free 9658K/13572K, paused 3ms, total 3ms
02-03 10:46:05.881 D/dalvikvm( 2070): GC_FOR_ALLOC freed <1K, 29% free 9658K/13572K, paused 2ms, total 2ms
02-03 10:46:05.881 I/dalvikvm-heap( 2070): Grow heap (frag case) to 10.474MB for 1048592-byte allocation
02-03 10:46:05.881 D/dalvikvm( 2070): GC_FOR_ALLOC freed 4K, 27% free 10678K/14600K, paused 2ms, total 2ms
02-03 10:46:06.101 W/BindingManager( 6176): Cannot call determinedVisibility() - never saw a connection for the pid: 6176
02-03 10:46:06.311 D/dalvikvm( 2070): GC_CONCURRENT freed 6750K, 47% free 7993K/14808K, paused 0ms+2ms, total 7ms
02-03 10:46:06.311 D/dalvikvm( 2070): WAIT_FOR_CONCURRENT_GC blocked 7ms
02-03 10:46:06.331 D/dalvikvm( 2070): GC_FOR_ALLOC freed 4090K, 36% free 7979K/12448K, paused 6ms, total 6ms
02-03 10:46:06.341 D/dalvikvm( 2070): GC_CONCURRENT freed 3702K, 36% free 8078K/12448K, paused 1ms+2ms, total 6ms
02-03 10:46:06.341 D/dalvikvm( 2070): WAIT_FOR_CONCURRENT_GC blocked 2ms
02-03 10:46:06.341 D/dalvikvm( 2070): GC_FOR_ALLOC freed 3520K, 36% free 7991K/12448K, paused 4ms, total 4ms
02-03 10:46:06.351 D/dalvikvm( 2070): GC_FOR_ALLOC freed 3474K, 36% free 7990K/12448K, paused 5ms, total 5ms
02-03 10:46:06.371 D/dalvikvm( 2070): GC_FOR_ALLOC freed 3321K, 36% free 8076K/12448K, paused 8ms, total 8ms
02-03 10:46:06.371 D/dalvikvm( 2070): GC_FOR_ALLOC freed 3241K, 36% free 7983K/12448K, paused 5ms, total 5ms
02-03 10:46:06.381 D/dalvikvm( 2070): GC_FOR_ALLOC freed 3117K, 36% free 8085K/12448K, paused 6ms, total 6ms
02-03 10:46:06.391 D/dalvikvm( 2070): GC_FOR_ALLOC freed 3156K, 36% free 8015K/12448K, paused 4ms, total 4ms
02-03 10:46:06.401 D/dalvikvm( 2070): GC_FOR_ALLOC freed 3210K, 36% free 8052K/12448K, paused 5ms, total 5ms
02-03 10:46:06.411 D/dalvikvm( 2070): GC_FOR_ALLOC freed 3009K, 35% free 8132K/12448K, paused 5ms, total 5ms
02-03 10:46:06.421 D/dalvikvm( 2070): GC_FOR_ALLOC freed 3055K, 36% free 8013K/12448K, paused 7ms, total 7ms
02-03 10:46:06.421 D/dalvikvm( 2070): GC_FOR_ALLOC freed 3052K, 35% free 8141K/12448K, paused 4ms, total 4ms
02-03 10:46:06.431 D/dalvikvm( 2070): GC_FOR_ALLOC freed 2985K, 36% free 8011K/12448K, paused 5ms, total 5ms
02-03 10:46:06.441 D/dalvikvm( 2070): GC_FOR_ALLOC freed 2945K, 35% free 8147K/12448K, paused 3ms, total 3ms
02-03 10:46:06.441 D/dalvikvm( 2070): GC_FOR_ALLOC freed 2941K, 36% free 8055K/12448K, paused 4ms, total 4ms
02-03 10:46:06.451 D/dalvikvm( 2070): GC_FOR_ALLOC freed 2928K, 36% free 8039K/12448K, paused 5ms, total 5ms
02-03 10:46:06.461 D/dalvikvm( 2070): GC_FOR_ALLOC freed 2858K, 35% free 8186K/12448K, paused 4ms, total 4ms
02-03 10:46:06.461 D/dalvikvm( 2070): GC_FOR_ALLOC freed 2828K, 35% free 8188K/12448K, paused 4ms, total 4ms
02-03 10:46:06.471 D/dalvikvm( 2070): GC_FOR_ALLOC freed 2895K, 36% free 8086K/12448K, paused 3ms, total 3ms
02-03 10:46:06.471 D/dalvikvm( 2070): GC_FOR_ALLOC freed 2855K, 36% free 8033K/12448K, paused 3ms, total 3ms
02-03 10:46:06.481 D/dalvikvm( 2070): GC_FOR_ALLOC freed 2753K, 35% free 8193K/12448K, paused 4ms, total 4ms
02-03 10:46:06.491 D/dalvikvm( 2070): GC_FOR_ALLOC freed 2976K, 36% free 8030K/12448K, paused 4ms, total 4ms
02-03 10:46:06.491 D/dalvikvm( 2070): GC_FOR_ALLOC freed 2754K, 36% free 8028K/12448K, paused 4ms, total 4ms
02-03 10:46:06.501 D/dalvikvm( 2070): GC_FOR_ALLOC freed 2517K, 34% free 8229K/12448K, paused 3ms, total 3ms
02-03 10:46:06.501 D/dalvikvm( 2070): GC_FOR_ALLOC freed 2735K, 36% free 8056K/12448K, paused 3ms, total 4ms
02-03 10:46:06.511 D/dalvikvm( 2070): GC_FOR_ALLOC freed 2602K, 34% free 8231K/12448K, paused 3ms, total 3ms
02-03 10:46:06.511 D/dalvikvm( 2070): GC_FOR_ALLOC freed 2523K, 34% free 8231K/12448K, paused 3ms, total 3ms
02-03 10:46:06.521 D/dalvikvm( 2070): GC_FOR_ALLOC freed 2561K, 34% free 8232K/12448K, paused 3ms, total 3ms
02-03 10:46:06.531 D/dalvikvm( 2070): GC_FOR_ALLOC freed 2599K, 35% free 8108K/12448K, paused 3ms, total 3ms
02-03 10:46:06.531 D/dalvikvm( 2070): GC_FOR_ALLOC freed 2510K, 36% free 8044K/12448K, paused 3ms, total 3ms
02-03 10:46:06.541 D/dalvikvm( 2070): GC_FOR_ALLOC freed 2672K, 36% free 8042K/12448K, paused 3ms, total 3ms
02-03 10:46:06.541 D/dalvikvm( 2070): GC_FOR_ALLOC freed 2381K, 35% free 8108K/12448K, paused 3ms, total 3ms
02-03 10:46:06.551 D/dalvikvm( 2070): GC_FOR_ALLOC freed 2280K, 34% free 8241K/12448K, paused 3ms, total 3ms
02-03 10:46:06.551 D/dalvikvm( 2070): GC_FOR_ALLOC freed 2306K, 35% free 8112K/12448K, paused 3ms, total 3ms
02-03 10:46:06.561 D/dalvikvm( 2070): GC_FOR_ALLOC freed 2332K, 35% free 8115K/12448K, paused 3ms, total 3ms
02-03 10:46:06.561 D/dalvikvm( 2070): GC_FOR_ALLOC freed 2358K, 35% free 8117K/12448K, paused 3ms, total 3ms
02-03 10:46:06.571 D/dalvikvm( 2070): GC_FOR_ALLOC freed 2248K, 36% free 8051K/12448K, paused 3ms, total 4ms
02-03 10:46:06.571 D/dalvikvm( 2070): GC_FOR_ALLOC freed 2063K, 34% free 8259K/12448K, paused 3ms, total 3ms
02-03 10:46:06.581 D/dalvikvm( 2070): GC_FOR_ALLOC freed 1943K, 34% free 8262K/12448K, paused 3ms, total 3ms
02-03 10:46:06.581 D/dalvikvm( 2070): GC_FOR_ALLOC freed 2312K, 36% free 8055K/12448K, paused 3ms, total 3ms
02-03 10:46:06.591 D/dalvikvm( 2070): GC_FOR_ALLOC freed 2121K, 34% free 8268K/12448K, paused 3ms, total 3ms
02-03 10:46:06.591 D/dalvikvm( 2070): GC_FOR_ALLOC freed 1997K, 34% free 8271K/12448K, paused 3ms, total 3ms
02-03 10:46:06.601 D/dalvikvm( 2070): GC_FOR_ALLOC freed 2376K, 36% free 8059K/12448K, paused 4ms, total 4ms
02-03 10:46:06.601 D/dalvikvm( 2070): GC_FOR_ALLOC freed 2179K, 34% free 8278K/12448K, paused 3ms, total 3ms
02-03 10:46:06.611 D/dalvikvm( 2070): GC_FOR_ALLOC freed 2052K, 34% free 8281K/12448K, paused 3ms, total 3ms
02-03 10:46:06.611 D/dalvikvm( 2070): GC_FOR_ALLOC freed 2440K, 36% free 8063K/12448K, paused 3ms, total 3ms
02-03 10:46:06.621 D/dalvikvm( 2070): GC_FOR_ALLOC freed 2238K, 35% free 8138K/12448K, paused 3ms, total 3ms
02-03 10:46:06.621 D/dalvikvm( 2070): GC_FOR_ALLOC freed 2484K, 36% free 8066K/12448K, paused 3ms, total 4ms
02-03 10:46:06.631 D/dalvikvm( 2070): GC_FOR_ALLOC freed 2126K, 36% free 8067K/12448K, paused 4ms, total 4ms
02-03 10:46:06.631 D/dalvikvm( 2070): GC_FOR_ALLOC freed 2296K, 35% free 8144K/12448K, paused 4ms, total 4ms
02-03 10:46:06.641 D/dalvikvm( 2070): GC_FOR_ALLOC freed 2548K, 36% free 8069K/12448K, paused 3ms, total 4ms
02-03 10:46:06.651 D/dalvikvm( 2070): GC_FOR_ALLOC freed 2336K, 35% free 8148K/12448K, paused 4ms, total 5ms
02-03 10:46:06.651 D/dalvikvm( 2070): GC_FOR_ALLOC freed 2593K, 36% free 8072K/12448K, paused 3ms, total 4ms
02-03 10:46:06.661 D/dalvikvm( 2070): GC_FOR_ALLOC freed 2218K, 36% free 8073K/12448K, paused 7ms, total 7ms
02-03 10:46:06.671 D/dalvikvm( 2070): GC_FOR_ALLOC freed 2235K, 36% free 8075K/12448K, paused 4ms, total 4ms
02-03 10:46:06.671 D/dalvikvm( 2070): GC_FOR_ALLOC freed 2254K, 36% free 8076K/12448K, paused 4ms, total 4ms
02-03 10:46:06.681 D/dalvikvm( 2070): GC_FOR_ALLOC freed 2271K, 36% free 8077K/12448K, paused 5ms, total 5ms
02-03 10:46:06.691 D/dalvikvm( 2070): GC_FOR_ALLOC freed 2288K, 36% free 8078K/12448K, paused 4ms, total 4ms
02-03 10:46:06.691 D/dalvikvm( 2070): GC_FOR_ALLOC freed 1892K, 34% free 8326K/12448K, paused 4ms, total 4ms
02-03 10:46:06.701 D/dalvikvm( 2070): GC_FOR_ALLOC freed 2154K, 36% free 8081K/12448K, paused 4ms, total 4ms
02-03 10:46:06.701 D/dalvikvm( 2070): GC_FOR_ALLOC freed 2338K, 36% free 8082K/12448K, paused 4ms, total 4ms
02-03 10:46:06.711 W/BindingManager( 6176): Cannot call determinedVisibility() - never saw a connection for the pid: 6176
02-03 10:46:06.711 D/dalvikvm( 2070): GC_FOR_ALLOC freed 1933K, 34% free 8335K/12448K, paused 4ms, total 4ms
02-03 10:46:06.711 D/dalvikvm( 2070): GC_FOR_ALLOC freed 2199K, 36% free 8084K/12448K, paused 4ms, total 4ms
02-03 10:46:06.721 D/dalvikvm( 2070): GC_FOR_ALLOC freed 1957K, 33% free 8340K/12448K, paused 4ms, total 4ms
02-03 10:46:06.731 D/dalvikvm( 2070): GC_FOR_ALLOC freed 2226K, 36% free 8086K/12448K, paused 4ms, total 4ms
02-03 10:46:06.731 D/dalvikvm( 2070): GC_FOR_ALLOC freed 1981K, 33% free 8345K/12448K, paused 6ms, total 6ms
02-03 10:46:06.741 D/dalvikvm( 2070): GC_FOR_ALLOC freed 2253K, 36% free 8088K/12448K, paused 4ms, total 4ms
02-03 10:46:06.741 D/dalvikvm( 2070): GC_FOR_ALLOC freed 2005K, 33% free 8350K/12448K, paused 4ms, total 4ms
02-03 10:46:06.751 D/dalvikvm( 2070): GC_FOR_ALLOC freed 1841K, 33% free 8352K/12448K, paused 3ms, total 4ms
02-03 10:46:06.761 D/dalvikvm( 2070): GC_FOR_ALLOC freed 1850K, 33% free 8355K/12448K, paused 4ms, total 4ms
02-03 10:46:06.761 D/dalvikvm( 2070): GC_FOR_ALLOC freed 1859K, 33% free 8357K/12448K, paused 4ms, total 4ms
02-03 10:46:06.771 D/dalvikvm( 2070): GC_FOR_ALLOC freed 1869K, 33% free 8359K/12448K, paused 4ms, total 5ms
02-03 10:46:06.771 D/dalvikvm( 2070): GC_FOR_ALLOC freed 1878K, 33% free 8361K/12448K, paused 4ms, total 4ms
02-03 10:46:06.781 D/dalvikvm( 2070): GC_FOR_ALLOC freed 1888K, 33% free 8364K/12448K, paused 3ms, total 4ms
02-03 10:46:06.781 D/dalvikvm( 2070): GC_FOR_ALLOC freed 1897K, 33% free 8366K/12448K, paused 3ms, total 4ms
02-03 10:46:06.791 D/dalvikvm( 2070): GC_FOR_ALLOC freed 1907K, 33% free 8368K/12448K, paused 3ms, total 3ms
02-03 10:46:06.791 D/dalvikvm( 2070): GC_FOR_ALLOC freed 1916K, 33% free 8370K/12448K, paused 3ms, total 4ms
02-03 10:46:06.801 D/dalvikvm( 2070): GC_FOR_ALLOC freed 1742K, 35% free 8098K/12448K, paused 3ms, total 3ms
02-03 10:46:06.801 D/dalvikvm( 2070): GC_FOR_ALLOC freed 2118K, 35% free 8191K/12448K, paused 3ms, total 4ms
02-03 10:46:06.811 D/dalvikvm( 2070): GC_FOR_ALLOC freed 1944K, 35% free 8192K/12448K, paused 3ms, total 4ms
02-03 10:46:06.811 D/dalvikvm( 2070): GC_FOR_ALLOC freed 1954K, 35% free 8193K/12448K, paused 4ms, total 4ms
02-03 10:46:06.821 D/dalvikvm( 2070): GC_FOR_ALLOC freed 1963K, 35% free 8195K/12448K, paused 4ms, total 4ms
02-03 10:46:06.821 D/dalvikvm( 2070): GC_FOR_ALLOC freed 1972K, 35% free 8196K/12448K, paused 4ms, total 4ms
02-03 10:46:06.831 I/chromium( 6176): [INFO:CONSOLE(36)] "Uncaught SecurityError: Failed to execute 'webkitRequestFileSystemSync' on 'WorkerGlobalScope': It was determined that certain files are unsafe for access within a Web application, or that too many calls are being made on file resources.", source: app://org.xwalk.webapi_noneservice_tests//opt/tct-filewriterapi-w3c-tests/filewriterapi/filewriter_sync.js (36)
02-03 10:46:06.831 D/dalvikvm( 2070): GC_FOR_ALLOC freed 1982K, 35% free 8197K/12448K, paused 3ms, total 3ms
02-03 10:46:06.831 D/dalvikvm( 2070): GC_FOR_ALLOC freed 1991K, 35% free 8199K/12448K, paused 4ms, total 4ms
02-03 10:46:06.841 D/dalvikvm( 2070): GC_FOR_ALLOC freed 2001K, 35% free 8200K/12448K, paused 4ms, total 4ms
02-03 10:46:06.841 D/dalvikvm( 2070): GC_FOR_ALLOC freed 1818K, 35% free 8106K/12448K, paused 3ms, total 3ms
02-03 10:46:06.851 D/dalvikvm( 2070): GC_FOR_ALLOC freed 2019K, 35% free 8107K/12448K, paused 4ms, total 4ms
02-03 10:46:06.851 D/dalvikvm( 2070): GC_FOR_ALLOC freed 2028K, 35% free 8108K/12448K, paused 3ms, total 3ms
02-03 10:46:06.861 D/dalvikvm( 2070): GC_FOR_ALLOC freed 2037K, 35% free 8109K/12448K, paused 3ms, total 3ms
02-03 10:46:06.861 D/dalvikvm( 2070): GC_FOR_ALLOC freed 2047K, 35% free 8110K/12448K, paused 3ms, total 3ms
02-03 10:46:06.871 D/dalvikvm( 2070): GC_FOR_ALLOC freed 2056K, 35% free 8111K/12448K, paused 3ms, total 3ms
02-03 10:46:06.871 D/dalvikvm( 2070): GC_FOR_ALLOC freed 2066K, 35% free 8112K/12448K, paused 3ms, total 3ms
02-03 10:46:06.881 D/dalvikvm( 2070): GC_FOR_ALLOC freed 2075K, 35% free 8112K/12448K, paused 3ms, total 3ms
02-03 10:46:06.881 D/dalvikvm( 2070): GC_FOR_ALLOC freed 2084K, 35% free 8113K/12448K, paused 4ms, total 4ms
02-03 10:46:06.891 D/dalvikvm( 2070): GC_FOR_ALLOC freed 2094K, 35% free 8114K/12448K, paused 3ms, total 3ms
02-03 10:46:06.891 D/dalvikvm( 2070): GC_FOR_ALLOC freed 2103K, 35% free 8115K/12448K, paused 3ms, total 3ms
02-03 10:46:06.891 D/dalvikvm( 2070): GC_FOR_ALLOC freed 1608K, 33% free 8417K/12448K, paused 3ms, total 3ms
02-03 10:46:06.901 D/dalvikvm( 2070): GC_FOR_ALLOC freed 1918K, 35% free 8117K/12448K, paused 3ms, total 3ms
02-03 10:46:06.901 D/dalvikvm( 2070): GC_FOR_ALLOC freed 1620K, 33% free 8420K/12448K, paused 3ms, total 3ms
02-03 10:46:06.911 D/dalvikvm( 2070): GC_FOR_ALLOC freed 1932K, 35% free 8118K/12448K, paused 3ms, total 3ms
02-03 10:46:06.911 D/dalvikvm( 2070): GC_FOR_ALLOC freed 1967K, 34% free 8224K/12448K, paused 3ms, total 3ms
02-03 10:46:06.921 D/dalvikvm( 2070): GC_FOR_ALLOC freed 1726K, 32% free 8477K/12448K, paused 3ms, total 3ms
02-03 10:46:06.921 D/dalvikvm( 2070): GC_FOR_ALLOC freed 1532K, 34% free 8258K/12448K, paused 3ms, total 3ms
02-03 10:46:06.931 D/dalvikvm( 2070): GC_FOR_ALLOC freed 2167K, 39% free 7625K/12448K, paused 3ms, total 3ms
02-03 10:46:06.931 I/dalvikvm-heap( 2070): Grow heap (frag case) to 8.490MB for 1048592-byte allocation
02-03 10:46:06.931 D/dalvikvm( 2070): GC_FOR_ALLOC freed 0K, 36% free 8649K/13476K, paused 3ms, total 3ms
02-03 10:46:06.941 D/dalvikvm( 2070): GC_FOR_ALLOC freed 4K, 37% free 8622K/13476K, paused 12ms, total 12ms
02-03 10:46:06.951 I/dalvikvm-heap( 2070): Grow heap (frag case) to 9.462MB for 1048592-byte allocation
02-03 10:46:06.951 D/dalvikvm( 2070): GC_FOR_ALLOC freed 0K, 34% free 9646K/14504K, paused 2ms, total 2ms
02-03 10:46:06.951 D/dalvikvm( 2070): GC_FOR_ALLOC freed <1K, 34% free 9646K/14504K, paused 2ms, total 2ms
02-03 10:46:06.951 I/dalvikvm-heap( 2070): Grow heap (frag case) to 10.462MB for 1048592-byte allocation
02-03 10:46:06.951 D/dalvikvm( 2070): GC_FOR_ALLOC freed 0K, 32% free 10670K/15532K, paused 2ms, total 2ms
02-03 10:46:07.311 D/dalvikvm( 2070): GC_CONCURRENT freed 6726K, 49% free 8040K/15532K, paused 0ms+1ms, total 5ms
02-03 10:46:07.311 D/dalvikvm( 2070): WAIT_FOR_CONCURRENT_GC blocked 4ms
02-03 10:46:07.321 D/dalvikvm( 2070): GC_CONCURRENT freed 4043K, 35% free 8107K/12440K, paused 1ms+1ms, total 5ms
02-03 10:46:07.331 D/dalvikvm( 2070): GC_FOR_ALLOC freed 3722K, 36% free 8008K/12440K, paused 4ms, total 4ms
02-03 10:46:07.351 D/dalvikvm( 2070): GC_FOR_ALLOC freed 3398K, 36% free 7966K/12440K, paused 15ms, total 15ms
02-03 10:46:07.351 D/dalvikvm( 2070): GC_FOR_ALLOC freed 3511K, 36% free 8017K/12440K, paused 3ms, total 3ms
02-03 10:46:07.361 D/dalvikvm( 2070): GC_FOR_ALLOC freed 3253K, 36% free 8072K/12440K, paused 3ms, total 3ms
02-03 10:46:07.371 D/dalvikvm( 2070): GC_FOR_ALLOC freed 3225K, 36% free 8011K/12440K, paused 3ms, total 3ms
02-03 10:46:07.371 D/dalvikvm( 2070): GC_FOR_ALLOC freed 3107K, 36% free 8040K/12440K, paused 4ms, total 4ms
02-03 10:46:07.381 D/dalvikvm( 2070): GC_FOR_ALLOC freed 3143K, 36% free 8007K/12440K, paused 3ms, total 3ms
02-03 10:46:07.391 D/dalvikvm( 2070): GC_FOR_ALLOC freed 3197K, 36% free 8044K/12440K, paused 4ms, total 4ms
02-03 10:46:07.391 D/dalvikvm( 2070): GC_FOR_ALLOC freed 3196K, 36% free 8006K/12440K, paused 5ms, total 5ms
02-03 10:46:07.401 D/dalvikvm( 2070): GC_FOR_ALLOC freed 3134K, 36% free 8005K/12440K, paused 4ms, total 4ms
02-03 10:46:07.401 D/dalvikvm( 2070): GC_FOR_ALLOC freed 3052K, 36% free 8047K/12440K, paused 3ms, total 4ms
02-03 10:46:07.411 D/dalvikvm( 2070): GC_FOR_ALLOC freed 3073K, 36% free 8079K/12440K, paused 3ms, total 3ms
02-03 10:46:07.421 D/dalvikvm( 2070): GC_FOR_ALLOC freed 3086K, 36% free 8034K/12440K, paused 3ms, total 3ms
02-03 10:46:07.421 D/dalvikvm( 2070): GC_FOR_ALLOC freed 2947K, 36% free 8033K/12440K, paused 3ms, total 3ms
02-03 10:46:07.431 D/dalvikvm( 2070): GC_FOR_ALLOC freed 3032K, 36% free 8032K/12440K, paused 3ms, total 3ms
02-03 10:46:07.431 D/dalvikvm( 2070): GC_FOR_ALLOC freed 2866K, 35% free 8179K/12440K, paused 4ms, total 4ms
02-03 10:46:07.441 D/dalvikvm( 2070): GC_FOR_ALLOC freed 2836K, 35% free 8181K/12440K, paused 3ms, total 3ms
02-03 10:46:07.441 D/dalvikvm( 2070): GC_FOR_ALLOC freed 2903K, 36% free 8079K/12440K, paused 3ms, total 3ms
02-03 10:46:07.451 D/dalvikvm( 2070): GC_FOR_ALLOC freed 2863K, 36% free 8025K/12440K, paused 3ms, total 3ms
02-03 10:46:07.451 D/dalvikvm( 2070): GC_FOR_ALLOC freed 2761K, 34% free 8218K/12440K, paused 3ms, total 3ms
02-03 10:46:07.461 D/dalvikvm( 2070): GC_FOR_ALLOC freed 2984K, 36% free 8054K/12440K, paused 3ms, total 3ms
02-03 10:46:07.471 D/dalvikvm( 2070): GC_FOR_ALLOC freed 2762K, 36% free 8052K/12440K, paused 3ms, total 3ms
02-03 10:46:07.471 D/dalvikvm( 2070): GC_FOR_ALLOC freed 2524K, 34% free 8222K/12440K, paused 3ms, total 3ms
02-03 10:46:07.481 D/dalvikvm( 2070): GC_FOR_ALLOC freed 2742K, 36% free 8048K/12440K, paused 4ms, total 4ms
02-03 10:46:07.481 D/dalvikvm( 2070): GC_FOR_ALLOC freed 2609K, 34% free 8223K/12440K, paused 4ms, total 4ms
02-03 10:46:07.491 D/dalvikvm( 2070): GC_FOR_ALLOC freed 2529K, 34% free 8224K/12440K, paused 3ms, total 3ms
02-03 10:46:07.491 D/dalvikvm( 2070): GC_FOR_ALLOC freed 2567K, 35% free 8102K/12440K, paused 4ms, total 4ms
02-03 10:46:07.501 D/dalvikvm( 2070): GC_FOR_ALLOC freed 2605K, 35% free 8133K/12440K, paused 4ms, total 4ms
02-03 10:46:07.511 D/dalvikvm( 2070): GC_FOR_ALLOC freed 2516K, 36% free 8069K/12440K, paused 4ms, total 4ms
02-03 10:46:07.511 D/dalvikvm( 2070): GC_FOR_ALLOC freed 2678K, 36% free 8067K/12440K, paused 3ms, total 3ms
02-03 10:46:07.521 D/dalvikvm( 2070): GC_FOR_ALLOC freed 2387K, 35% free 8132K/12440K, paused 3ms, total 4ms
02-03 10:46:07.521 D/dalvikvm( 2070): GC_FOR_ALLOC freed 2285K, 34% free 8265K/12440K, paused 3ms, total 3ms
02-03 10:46:07.531 D/dalvikvm( 2070): GC_FOR_ALLOC freed 2311K, 35% free 8137K/12440K, paused 3ms, total 3ms
02-03 10:46:07.531 D/dalvikvm( 2070): GC_FOR_ALLOC freed 2337K, 35% free 8139K/12440K, paused 3ms, total 3ms
02-03 10:46:07.541 D/dalvikvm( 2070): GC_FOR_ALLOC freed 2363K, 35% free 8141K/12440K, paused 3ms, total 3ms
02-03 10:46:07.541 D/dalvikvm( 2070): GC_FOR_ALLOC freed 2253K, 36% free 8076K/12440K, paused 3ms, total 3ms
02-03 10:46:07.551 D/dalvikvm( 2070): GC_FOR_ALLOC freed 2067K, 34% free 8283K/12440K, paused 3ms, total 3ms
02-03 10:46:07.551 D/dalvikvm( 2070): GC_FOR_ALLOC freed 1947K, 34% free 8286K/12440K, paused 3ms, total 3ms
02-03 10:46:07.551 D/dalvikvm( 2070): GC_FOR_ALLOC freed 2317K, 36% free 8079K/12440K, paused 3ms, total 3ms
02-03 10:46:07.561 D/dalvikvm( 2070): GC_FOR_ALLOC freed 2126K, 34% free 8293K/12440K, paused 3ms, total 3ms
02-03 10:46:07.561 D/dalvikvm( 2070): GC_FOR_ALLOC freed 2001K, 34% free 8296K/12440K, paused 3ms, total 3ms
02-03 10:46:07.571 D/dalvikvm( 2070): GC_FOR_ALLOC freed 2381K, 36% free 8083K/12440K, paused 3ms, total 3ms
02-03 10:46:07.571 D/dalvikvm( 2070): GC_FOR_ALLOC freed 2184K, 34% free 8303K/12440K, paused 4ms, total 4ms
02-03 10:46:07.581 D/dalvikvm( 2070): GC_FOR_ALLOC freed 2056K, 34% free 8306K/12440K, paused 3ms, total 3ms
02-03 10:46:07.581 D/dalvikvm( 2070): GC_FOR_ALLOC freed 2445K, 35% free 8087K/12440K, paused 3ms, total 3ms
02-03 10:46:07.591 D/dalvikvm( 2070): GC_FOR_ALLOC freed 2242K, 35% free 8163K/12440K, paused 4ms, total 4ms
02-03 10:46:07.601 D/dalvikvm( 2070): GC_FOR_ALLOC freed 2489K, 35% free 8090K/12440K, paused 4ms, total 4ms
02-03 10:46:07.601 D/dalvikvm( 2070): GC_FOR_ALLOC freed 2130K, 35% free 8091K/12440K, paused 3ms, total 3ms
02-03 10:46:07.611 D/dalvikvm( 2070): GC_FOR_ALLOC freed 2300K, 35% free 8169K/12440K, paused 4ms, total 4ms
02-03 10:46:07.611 D/dalvikvm( 2070): GC_FOR_ALLOC freed 2553K, 35% free 8094K/12440K, paused 4ms, total 4ms
02-03 10:46:07.621 D/dalvikvm( 2070): GC_FOR_ALLOC freed 2341K, 35% free 8173K/12440K, paused 3ms, total 3ms
02-03 10:46:07.621 D/dalvikvm( 2070): GC_FOR_ALLOC freed 2202K, 35% free 8174K/12440K, paused 3ms, total 3ms
02-03 10:46:07.621 D/dalvikvm( 2070): GC_FOR_ALLOC freed 2060K, 35% free 8097K/12440K, paused 3ms, total 3ms
02-03 10:46:07.631 D/dalvikvm( 2070): GC_FOR_ALLOC freed 2235K, 35% free 8099K/12440K, paused 3ms, total 3ms
02-03 10:46:07.631 D/dalvikvm( 2070): GC_FOR_ALLOC freed 2254K, 35% free 8100K/12440K, paused 3ms, total 3ms
02-03 10:46:07.641 D/dalvikvm( 2070): GC_FOR_ALLOC freed 2271K, 35% free 8101K/12440K, paused 3ms, total 3ms
02-03 10:46:07.641 D/dalvikvm( 2070): GC_FOR_ALLOC freed 2288K, 35% free 8102K/12440K, paused 3ms, total 3ms
02-03 10:46:07.651 D/dalvikvm( 2070): GC_FOR_ALLOC freed 2306K, 35% free 8104K/12440K, paused 3ms, total 3ms
02-03 10:46:07.651 D/dalvikvm( 2070): GC_FOR_ALLOC freed 1907K, 33% free 8353K/12440K, paused 3ms, total 3ms
02-03 10:46:07.661 D/dalvikvm( 2070): GC_FOR_ALLOC freed 2172K, 35% free 8106K/12440K, paused 3ms, total 4ms
02-03 10:46:07.661 D/dalvikvm( 2070): GC_FOR_ALLOC freed 1933K, 33% free 8359K/12440K, paused 3ms, total 3ms
02-03 10:46:07.671 D/dalvikvm( 2070): GC_FOR_ALLOC freed 2199K, 35% free 8108K/12440K, paused 3ms, total 3ms
02-03 10:46:07.671 D/dalvikvm( 2070): GC_FOR_ALLOC freed 1957K, 33% free 8364K/12440K, paused 3ms, total 3ms
02-03 10:46:07.681 D/dalvikvm( 2070): GC_FOR_ALLOC freed 2226K, 35% free 8110K/12440K, paused 3ms, total 3ms
02-03 10:46:07.681 D/dalvikvm( 2070): GC_FOR_ALLOC freed 1981K, 33% free 8369K/12440K, paused 4ms, total 4ms
02-03 10:46:07.691 D/dalvikvm( 2070): GC_FOR_ALLOC freed 1819K, 33% free 8371K/12440K, paused 4ms, total 4ms
02-03 10:46:07.691 D/dalvikvm( 2070): GC_FOR_ALLOC freed 1828K, 33% free 8374K/12440K, paused 3ms, total 3ms
02-03 10:46:07.701 D/dalvikvm( 2070): GC_FOR_ALLOC freed 1837K, 33% free 8376K/12440K, paused 4ms, total 4ms
02-03 10:46:07.701 D/dalvikvm( 2070): GC_FOR_ALLOC freed 1847K, 33% free 8378K/12440K, paused 3ms, total 3ms
02-03 10:46:07.711 D/dalvikvm( 2070): GC_FOR_ALLOC freed 1856K, 33% free 8380K/12440K, paused 3ms, total 3ms
02-03 10:46:07.711 D/dalvikvm( 2070): GC_FOR_ALLOC freed 1866K, 33% free 8382K/12440K, paused 3ms, total 3ms
02-03 10:46:07.721 D/dalvikvm( 2070): GC_FOR_ALLOC freed 1875K, 33% free 8385K/12440K, paused 3ms, total 3ms
02-03 10:46:07.721 D/dalvikvm( 2070): GC_FOR_ALLOC freed 1885K, 33% free 8387K/12440K, paused 3ms, total 3ms
02-03 10:46:07.731 D/dalvikvm( 2070): GC_FOR_ALLOC freed 1894K, 33% free 8389K/12440K, paused 3ms, total 3ms
02-03 10:46:07.731 D/dalvikvm( 2070): GC_FOR_ALLOC freed 1903K, 33% free 8391K/12440K, paused 3ms, total 3ms
02-03 10:46:07.741 D/dalvikvm( 2070): GC_FOR_ALLOC freed 1913K, 33% free 8394K/12440K, paused 3ms, total 3ms
02-03 10:46:07.741 D/dalvikvm( 2070): GC_FOR_ALLOC freed 1739K, 35% free 8122K/12440K, paused 3ms, total 3ms
02-03 10:46:07.741 D/dalvikvm( 2070): GC_FOR_ALLOC freed 2115K, 34% free 8214K/12440K, paused 3ms, total 3ms
02-03 10:46:07.751 D/dalvikvm( 2070): GC_FOR_ALLOC freed 1941K, 34% free 8216K/12440K, paused 3ms, total 4ms
02-03 10:46:07.751 D/dalvikvm( 2070): GC_FOR_ALLOC freed 1950K, 34% free 8217K/12440K, paused 3ms, total 3ms
02-03 10:46:07.761 D/dalvikvm( 2070): GC_FOR_ALLOC freed 1960K, 34% free 8218K/12440K, paused 4ms, total 4ms
02-03 10:46:07.761 D/dalvikvm( 2070): GC_FOR_ALLOC freed 1969K, 34% free 8220K/12440K, paused 3ms, total 3ms
02-03 10:46:07.771 D/dalvikvm( 2070): GC_FOR_ALLOC freed 1979K, 34% free 8221K/12440K, paused 3ms, total 3ms
02-03 10:46:07.771 D/dalvikvm( 2070): GC_FOR_ALLOC freed 1799K, 35% free 8128K/12440K, paused 3ms, total 3ms
02-03 10:46:07.781 D/dalvikvm( 2070): GC_FOR_ALLOC freed 1997K, 35% free 8129K/12440K, paused 3ms, total 3ms
02-03 10:46:07.781 D/dalvikvm( 2070): GC_FOR_ALLOC freed 2006K, 35% free 8130K/12440K, paused 3ms, total 3ms
02-03 10:46:07.791 D/dalvikvm( 2070): GC_FOR_ALLOC freed 2015K, 35% free 8131K/12440K, paused 4ms, total 4ms
02-03 10:46:07.791 D/dalvikvm( 2070): GC_FOR_ALLOC freed 2025K, 35% free 8132K/12440K, paused 3ms, total 3ms
02-03 10:46:07.801 D/dalvikvm( 2070): GC_FOR_ALLOC freed 2034K, 35% free 8133K/12440K, paused 4ms, total 4ms
02-03 10:46:07.801 D/dalvikvm( 2070): GC_FOR_ALLOC freed 2044K, 35% free 8133K/12440K, paused 3ms, total 3ms
02-03 10:46:07.811 D/dalvikvm( 2070): GC_FOR_ALLOC freed 2053K, 35% free 8134K/12440K, paused 3ms, total 3ms
02-03 10:46:07.811 D/dalvikvm( 2070): GC_FOR_ALLOC freed 2062K, 35% free 8135K/12440K, paused 4ms, total 4ms
02-03 10:46:07.821 D/dalvikvm( 2070): GC_FOR_ALLOC freed 2072K, 35% free 8136K/12440K, paused 3ms, total 3ms
02-03 10:46:07.821 D/dalvikvm( 2070): GC_FOR_ALLOC freed 2081K, 35% free 8137K/12440K, paused 3ms, total 3ms
02-03 10:46:07.831 D/dalvikvm( 2070): GC_FOR_ALLOC freed 2091K, 35% free 8138K/12440K, paused 4ms, total 4ms
02-03 10:46:07.831 D/dalvikvm( 2070): GC_FOR_ALLOC freed 2100K, 35% free 8139K/12440K, paused 3ms, total 3ms
02-03 10:46:07.841 D/dalvikvm( 2070): GC_FOR_ALLOC freed 2110K, 35% free 8140K/12440K, paused 6ms, total 6ms
02-03 10:46:07.841 D/dalvikvm( 2070): GC_FOR_ALLOC freed 2119K, 35% free 8141K/12440K, paused 3ms, total 4ms
02-03 10:46:07.851 D/dalvikvm( 2070): GC_FOR_ALLOC freed 1620K, 33% free 8444K/12440K, paused 4ms, total 4ms
02-03 10:46:07.851 D/dalvikvm( 2070): GC_FOR_ALLOC freed 1932K, 35% free 8142K/12440K, paused 3ms, total 3ms
02-03 10:46:07.861 D/dalvikvm( 2070): GC_FOR_ALLOC freed 1971K, 34% free 8244K/12440K, paused 4ms, total 4ms
02-03 10:46:07.871 D/dalvikvm( 2070): GC_FOR_ALLOC freed 1730K, 32% free 8461K/12440K, paused 4ms, total 4ms
02-03 10:46:07.871 D/dalvikvm( 2070): GC_FOR_ALLOC freed 1532K, 34% free 8242K/12440K, paused 3ms, total 3ms
02-03 10:46:07.881 D/dalvikvm( 2070): GC_FOR_ALLOC freed 2167K, 39% free 7609K/12440K, paused 3ms, total 3ms
02-03 10:46:07.881 I/dalvikvm-heap( 2070): Grow heap (frag case) to 8.474MB for 1048592-byte allocation
02-03 10:46:07.881 D/dalvikvm( 2070): GC_FOR_ALLOC freed 0K, 36% free 8633K/13468K, paused 3ms, total 3ms
02-03 10:46:07.891 D/dalvikvm( 2070): GC_FOR_ALLOC freed 4K, 36% free 8622K/13468K, paused 13ms, total 13ms
02-03 10:46:07.901 I/dalvikvm-heap( 2070): Grow heap (frag case) to 9.462MB for 1048592-byte allocation
02-03 10:46:07.901 D/dalvikvm( 2070): GC_FOR_ALLOC freed 0K, 34% free 9646K/14496K, paused 2ms, total 3ms
02-03 10:46:07.901 D/dalvikvm( 2070): GC_FOR_ALLOC freed <1K, 34% free 9646K/14496K, paused 2ms, total 2ms
02-03 10:46:07.901 I/dalvikvm-heap( 2070): Grow heap (frag case) to 10.462MB for 1048592-byte allocation
02-03 10:46:07.911 D/dalvikvm( 2070): GC_FOR_ALLOC freed 0K, 32% free 10670K/15524K, paused 3ms, total 3ms
02-03 10:46:08.351 D/dalvikvm( 2070): GC_CONCURRENT freed 6726K, 49% free 8040K/15524K, paused 0ms+1ms, total 5ms
02-03 10:46:08.351 D/dalvikvm( 2070): WAIT_FOR_CONCURRENT_GC blocked 5ms
02-03 10:46:08.361 D/dalvikvm( 2070): GC_CONCURRENT freed 4074K, 36% free 8044K/12420K, paused 0ms+0ms, total 4ms
02-03 10:46:08.361 D/dalvikvm( 2070): WAIT_FOR_CONCURRENT_GC blocked 3ms
02-03 10:46:08.361 D/dalvikvm( 2070): GC_FOR_ALLOC freed 3687K, 36% free 7980K/12420K, paused 4ms, total 4ms
02-03 10:46:08.381 D/dalvikvm( 2070): GC_FOR_ALLOC freed 3398K, 36% free 7966K/12420K, paused 15ms, total 15ms
02-03 10:46:08.391 D/dalvikvm( 2070): GC_FOR_ALLOC freed 3511K, 36% free 8017K/12420K, paused 4ms, total 4ms
02-03 10:46:08.401 D/dalvikvm( 2070): GC_FOR_ALLOC freed 3253K, 36% free 8072K/12420K, paused 5ms, total 5ms
02-03 10:46:08.401 D/dalvikvm( 2070): GC_FOR_ALLOC freed 3225K, 36% free 8011K/12420K, paused 3ms, total 3ms
02-03 10:46:08.411 D/dalvikvm( 2070): GC_FOR_ALLOC freed 3107K, 36% free 8040K/12420K, paused 4ms, total 4ms
02-03 10:46:08.411 D/dalvikvm( 2070): GC_FOR_ALLOC freed 3143K, 36% free 8007K/12420K, paused 4ms, total 4ms
02-03 10:46:08.421 D/dalvikvm( 2070): GC_FOR_ALLOC freed 3197K, 36% free 8044K/12420K, paused 4ms, total 4ms
02-03 10:46:08.431 D/dalvikvm( 2070): GC_FOR_ALLOC freed 3196K, 36% free 8006K/12420K, paused 4ms, total 4ms
02-03 10:46:08.431 D/dalvikvm( 2070): GC_FOR_ALLOC freed 3134K, 36% free 8005K/12420K, paused 3ms, total 3ms
02-03 10:46:08.441 D/dalvikvm( 2070): GC_FOR_ALLOC freed 3052K, 36% free 8047K/12420K, paused 4ms, total 4ms
02-03 10:46:08.441 D/dalvikvm( 2070): GC_FOR_ALLOC freed 2985K, 36% free 8035K/12420K, paused 3ms, total 3ms
02-03 10:46:08.451 D/dalvikvm( 2070): GC_FOR_ALLOC freed 2853K, 36% free 8034K/12420K, paused 4ms, total 4ms
02-03 10:46:08.451 D/dalvikvm( 2070): GC_FOR_ALLOC freed 2938K, 36% free 8033K/12420K, paused 3ms, total 4ms
02-03 10:46:08.461 D/dalvikvm( 2070): GC_FOR_ALLOC freed 3023K, 36% free 8031K/12420K, paused 4ms, total 4ms
02-03 10:46:08.471 D/dalvikvm( 2070): GC_FOR_ALLOC freed 2858K, 35% free 8079K/12420K, paused 3ms, total 3ms
02-03 10:46:08.471 D/dalvikvm( 2070): GC_FOR_ALLOC freed 2726K, 36% free 8028K/12420K, paused 3ms, total 3ms
02-03 10:46:08.481 D/dalvikvm( 2070): GC_FOR_ALLOC freed 2631K, 35% free 8181K/12420K, paused 4ms, total 4ms
02-03 10:46:08.481 D/dalvikvm( 2070): GC_FOR_ALLOC freed 2847K, 36% free 8025K/12420K, paused 4ms, total 4ms
02-03 10:46:08.491 D/dalvikvm( 2070): GC_FOR_ALLOC freed 2746K, 34% free 8217K/12420K, paused 3ms, total 3ms
02-03 10:46:08.491 D/dalvikvm( 2070): GC_FOR_ALLOC freed 2968K, 36% free 8053K/12420K, paused 3ms, total 3ms
02-03 10:46:08.501 D/dalvikvm( 2070): GC_FOR_ALLOC freed 2747K, 36% free 8051K/12420K, paused 3ms, total 4ms
02-03 10:46:08.501 D/dalvikvm( 2070): GC_FOR_ALLOC freed 2510K, 34% free 8220K/12420K, paused 3ms, total 3ms
02-03 10:46:08.511 D/dalvikvm( 2070): GC_FOR_ALLOC freed 2435K, 34% free 8221K/12420K, paused 3ms, total 3ms
02-03 10:46:08.511 D/dalvikvm( 2070): GC_FOR_ALLOC freed 2473K, 34% free 8221K/12420K, paused 3ms, total 3ms
02-03 10:46:08.521 D/dalvikvm( 2070): GC_FOR_ALLOC freed 2511K, 34% free 8222K/12420K, paused 3ms, total 3ms
02-03 10:46:08.531 D/dalvikvm( 2070): GC_FOR_ALLOC freed 2548K, 34% free 8222K/12420K, paused 3ms, total 3ms
02-03 10:46:08.531 D/dalvikvm( 2070): GC_FOR_ALLOC freed 2586K, 35% free 8131K/12420K, paused 3ms, total 3ms
02-03 10:46:08.541 D/dalvikvm( 2070): GC_FOR_ALLOC freed 2498K, 36% free 8068K/12420K, paused 3ms, total 3ms
02-03 10:46:08.541 D/dalvikvm( 2070): GC_FOR_ALLOC freed 2337K, 35% free 8132K/12420K, paused 3ms, total 3ms
02-03 10:46:08.551 D/dalvikvm( 2070): GC_FOR_ALLOC freed 2238K, 34% free 8263K/12420K, paused 3ms, total 4ms
02-03 10:46:08.551 D/dalvikvm( 2070): GC_FOR_ALLOC freed 2264K, 34% free 8266K/12420K, paused 3ms, total 3ms
02-03 10:46:08.551 D/dalvikvm( 2070): GC_FOR_ALLOC freed 2290K, 35% free 8139K/12420K, paused 3ms, total 3ms
02-03 10:46:08.561 D/dalvikvm( 2070): GC_FOR_ALLOC freed 2184K, 35% free 8075K/12420K, paused 3ms, total 3ms
02-03 10:46:08.561 D/dalvikvm( 2070): GC_FOR_ALLOC freed 2005K, 34% free 8277K/12420K, paused 3ms, total 3ms
02-03 10:46:08.571 D/dalvikvm( 2070): GC_FOR_ALLOC freed 1888K, 34% free 8280K/12420K, paused 3ms, total 3ms
02-03 10:46:08.571 D/dalvikvm( 2070): GC_FOR_ALLOC freed 2248K, 35% free 8079K/12420K, paused 3ms, total 3ms
02-03 10:46:08.581 D/dalvikvm( 2070): GC_FOR_ALLOC freed 2063K, 34% free 8287K/12420K, paused 3ms, total 3ms
02-03 10:46:08.581 D/dalvikvm( 2070): GC_FOR_ALLOC freed 1943K, 34% free 8290K/12420K, paused 4ms, total 4ms
02-03 10:46:08.591 D/dalvikvm( 2070): GC_FOR_ALLOC freed 2312K, 35% free 8083K/12420K, paused 3ms, total 3ms
02-03 10:46:08.591 D/dalvikvm( 2070): GC_FOR_ALLOC freed 2121K, 34% free 8296K/12420K, paused 3ms, total 3ms
02-03 10:46:08.601 D/dalvikvm( 2070): GC_FOR_ALLOC freed 1997K, 34% free 8299K/12420K, paused 3ms, total 3ms
02-03 10:46:08.601 D/dalvikvm( 2070): GC_FOR_ALLOC freed 2376K, 35% free 8087K/12420K, paused 3ms, total 3ms
02-03 10:46:08.611 D/dalvikvm( 2070): GC_FOR_ALLOC freed 2179K, 35% free 8160K/12420K, paused 3ms, total 3ms
02-03 10:46:08.611 D/dalvikvm( 2070): GC_FOR_ALLOC freed 2420K, 35% free 8090K/12420K, paused 3ms, total 3ms
02-03 10:46:08.621 D/dalvikvm( 2070): GC_FOR_ALLOC freed 2220K, 35% free 8164K/12420K, paused 3ms, total 3ms
02-03 10:46:08.621 D/dalvikvm( 2070): GC_FOR_ALLOC freed 2465K, 35% free 8092K/12420K, paused 3ms, total 3ms
02-03 10:46:08.631 D/dalvikvm( 2070): GC_FOR_ALLOC freed 2260K, 35% free 8169K/12420K, paused 3ms, total 3ms
02-03 10:46:08.631 D/dalvikvm( 2070): GC_FOR_ALLOC freed 2509K, 35% free 8095K/12420K, paused 3ms, total 3ms
02-03 10:46:08.641 D/dalvikvm( 2070): GC_FOR_ALLOC freed 2147K, 35% free 8096K/12420K, paused 4ms, total 4ms
02-03 10:46:08.641 D/dalvikvm( 2070): GC_FOR_ALLOC freed 2163K, 35% free 8097K/12420K, paused 4ms, total 4ms
02-03 10:46:08.651 D/dalvikvm( 2070): GC_FOR_ALLOC freed 2180K, 35% free 8099K/12420K, paused 3ms, total 3ms
02-03 10:46:08.651 D/dalvikvm( 2070): GC_FOR_ALLOC freed 2197K, 35% free 8100K/12420K, paused 3ms, total 4ms
02-03 10:46:08.661 D/dalvikvm( 2070): GC_FOR_ALLOC freed 2214K, 35% free 8101K/12420K, paused 4ms, total 4ms
02-03 10:46:08.661 D/dalvikvm( 2070): GC_FOR_ALLOC freed 2230K, 35% free 8102K/12420K, paused 3ms, total 4ms
02-03 10:46:08.671 D/dalvikvm( 2070): GC_FOR_ALLOC freed 2249K, 35% free 8104K/12420K, paused 3ms, total 3ms
02-03 10:46:08.671 D/dalvikvm( 2070): GC_FOR_ALLOC freed 2267K, 35% free 8105K/12420K, paused 3ms, total 3ms
02-03 10:46:08.681 D/dalvikvm( 2070): GC_FOR_ALLOC freed 2284K, 35% free 8106K/12420K, paused 3ms, total 3ms
02-03 10:46:08.681 D/dalvikvm( 2070): GC_FOR_ALLOC freed 2302K, 35% free 8107K/12420K, paused 3ms, total 3ms
02-03 10:46:08.691 D/dalvikvm( 2070): GC_FOR_ALLOC freed 2319K, 35% free 8109K/12420K, paused 3ms, total 3ms
02-03 10:46:08.691 D/dalvikvm( 2070): GC_FOR_ALLOC freed 1918K, 33% free 8360K/12420K, paused 4ms, total 4ms
02-03 10:46:08.701 D/dalvikvm( 2070): GC_FOR_ALLOC freed 2184K, 35% free 8111K/12420K, paused 4ms, total 4ms
02-03 10:46:08.701 D/dalvikvm( 2070): GC_FOR_ALLOC freed 1943K, 33% free 8365K/12420K, paused 3ms, total 3ms
02-03 10:46:08.711 D/dalvikvm( 2070): GC_FOR_ALLOC freed 1784K, 33% free 8367K/12420K, paused 4ms, total 4ms
02-03 10:46:08.711 D/dalvikvm( 2070): GC_FOR_ALLOC freed 1794K, 33% free 8369K/12420K, paused 3ms, total 3ms
02-03 10:46:08.711 D/dalvikvm( 2070): GC_FOR_ALLOC freed 1803K, 33% free 8372K/12420K, paused 3ms, total 3ms
02-03 10:46:08.721 D/dalvikvm( 2070): GC_FOR_ALLOC freed 1812K, 33% free 8374K/12420K, paused 3ms, total 3ms
02-03 10:46:08.721 D/dalvikvm( 2070): GC_FOR_ALLOC freed 1822K, 33% free 8376K/12420K, paused 3ms, total 3ms
02-03 10:46:08.731 D/dalvikvm( 2070): GC_FOR_ALLOC freed 1831K, 33% free 8378K/12420K, paused 4ms, total 4ms
02-03 10:46:08.731 D/dalvikvm( 2070): GC_FOR_ALLOC freed 1841K, 33% free 8380K/12420K, paused 3ms, total 3ms
02-03 10:46:08.741 D/dalvikvm( 2070): GC_FOR_ALLOC freed 1850K, 33% free 8383K/12420K, paused 3ms, total 3ms
02-03 10:46:08.741 D/dalvikvm( 2070): GC_FOR_ALLOC freed 1859K, 33% free 8385K/12420K, paused 4ms, total 4ms
02-03 10:46:08.751 D/dalvikvm( 2070): GC_FOR_ALLOC freed 1869K, 33% free 8387K/12420K, paused 3ms, total 3ms
02-03 10:46:08.751 D/dalvikvm( 2070): GC_FOR_ALLOC freed 1878K, 33% free 8389K/12420K, paused 3ms, total 3ms
02-03 10:46:08.761 D/dalvikvm( 2070): GC_FOR_ALLOC freed 1888K, 33% free 8392K/12420K, paused 3ms, total 3ms
02-03 10:46:08.761 D/dalvikvm( 2070): GC_FOR_ALLOC freed 1897K, 33% free 8394K/12420K, paused 3ms, total 3ms
02-03 10:46:08.771 D/dalvikvm( 2070): GC_FOR_ALLOC freed 1907K, 33% free 8396K/12420K, paused 3ms, total 3ms
02-03 10:46:08.771 D/dalvikvm( 2070): GC_FOR_ALLOC freed 1916K, 33% free 8398K/12420K, paused 3ms, total 4ms
02-03 10:46:08.771 D/dalvikvm( 2070): GC_FOR_ALLOC freed 1742K, 35% free 8126K/12420K, paused 3ms, total 3ms
02-03 10:46:08.781 D/dalvikvm( 2070): GC_FOR_ALLOC freed 2118K, 34% free 8219K/12420K, paused 3ms, total 3ms
02-03 10:46:08.781 D/dalvikvm( 2070): GC_FOR_ALLOC freed 1944K, 34% free 8220K/12420K, paused 4ms, total 4ms
02-03 10:46:08.791 D/dalvikvm( 2070): GC_FOR_ALLOC freed 1767K, 35% free 8129K/12420K, paused 3ms, total 3ms
02-03 10:46:08.791 D/dalvikvm( 2070): GC_FOR_ALLOC freed 1962K, 35% free 8130K/12420K, paused 3ms, total 3ms
02-03 10:46:08.801 D/dalvikvm( 2070): GC_FOR_ALLOC freed 1971K, 35% free 8131K/12420K, paused 3ms, total 3ms
02-03 10:46:08.801 D/dalvikvm( 2070): GC_FOR_ALLOC freed 1981K, 35% free 8131K/12420K, paused 3ms, total 3ms
02-03 10:46:08.811 D/dalvikvm( 2070): GC_FOR_ALLOC freed 1990K, 35% free 8132K/12420K, paused 3ms, total 3ms
02-03 10:46:08.811 D/dalvikvm( 2070): GC_FOR_ALLOC freed 2000K, 35% free 8133K/12420K, paused 3ms, total 3ms
02-03 10:46:08.821 D/dalvikvm( 2070): GC_FOR_ALLOC freed 2009K, 35% free 8134K/12420K, paused 3ms, total 3ms
02-03 10:46:08.821 D/dalvikvm( 2070): GC_FOR_ALLOC freed 2019K, 35% free 8135K/12420K, paused 3ms, total 3ms
02-03 10:46:08.831 D/dalvikvm( 2070): GC_FOR_ALLOC freed 2028K, 35% free 8136K/12420K, paused 3ms, total 3ms
02-03 10:46:08.831 D/dalvikvm( 2070): GC_FOR_ALLOC freed 2037K, 35% free 8137K/12420K, paused 3ms, total 3ms
02-03 10:46:08.831 D/dalvikvm( 2070): GC_FOR_ALLOC freed 2047K, 35% free 8138K/12420K, paused 3ms, total 3ms
02-03 10:46:08.841 D/dalvikvm( 2070): GC_FOR_ALLOC freed 2056K, 35% free 8139K/12420K, paused 5ms, total 6ms
02-03 10:46:08.851 D/dalvikvm( 2070): GC_FOR_ALLOC freed 2066K, 35% free 8140K/12420K, paused 4ms, total 4ms
02-03 10:46:08.851 D/dalvikvm( 2070): GC_FOR_ALLOC freed 2075K, 35% free 8140K/12420K, paused 3ms, total 3ms
02-03 10:46:08.861 D/dalvikvm( 2070): GC_FOR_ALLOC freed 2084K, 35% free 8141K/12420K, paused 3ms, total 4ms
02-03 10:46:08.861 D/dalvikvm( 2070): GC_FOR_ALLOC freed 2094K, 35% free 8142K/12420K, paused 4ms, total 4ms
02-03 10:46:08.871 D/dalvikvm( 2070): GC_FOR_ALLOC freed 2103K, 35% free 8143K/12420K, paused 4ms, total 4ms
02-03 10:46:08.871 D/dalvikvm( 2070): GC_FOR_ALLOC freed 1608K, 33% free 8445K/12420K, paused 3ms, total 4ms
02-03 10:46:08.881 D/dalvikvm( 2070): GC_FOR_ALLOC freed 1918K, 35% free 8145K/12420K, paused 3ms, total 3ms
02-03 10:46:08.881 D/dalvikvm( 2070): GC_FOR_ALLOC freed 1620K, 32% free 8448K/12420K, paused 3ms, total 3ms
02-03 10:46:08.881 D/dalvikvm( 2070): GC_FOR_ALLOC freed 1932K, 35% free 8146K/12420K, paused 3ms, total 3ms
02-03 10:46:08.891 D/dalvikvm( 2070): GC_FOR_ALLOC freed 1971K, 34% free 8248K/12420K, paused 4ms, total 4ms
02-03 10:46:08.901 D/dalvikvm( 2070): GC_FOR_ALLOC freed 2063K, 35% free 8133K/12420K, paused 4ms, total 4ms
02-03 10:46:08.901 D/dalvikvm( 2070): GC_FOR_ALLOC freed 1751K, 35% free 8133K/12420K, paused 3ms, total 3ms
02-03 10:46:08.911 D/dalvikvm( 2070): GC_FOR_ALLOC freed 1615K, 39% free 7613K/12420K, paused 4ms, total 4ms
02-03 10:46:08.911 I/dalvikvm-heap( 2070): Grow heap (frag case) to 8.478MB for 1048592-byte allocation
02-03 10:46:08.911 D/dalvikvm( 2070): GC_FOR_ALLOC freed 0K, 36% free 8637K/13448K, paused 3ms, total 3ms
02-03 10:46:08.931 D/dalvikvm( 2070): GC_FOR_ALLOC freed 4K, 36% free 8626K/13448K, paused 14ms, total 14ms
02-03 10:46:08.931 I/dalvikvm-heap( 2070): Grow heap (frag case) to 9.466MB for 1048592-byte allocation
02-03 10:46:08.931 D/dalvikvm( 2070): GC_FOR_ALLOC freed 0K, 34% free 9650K/14476K, paused 3ms, total 3ms
02-03 10:46:08.931 D/dalvikvm( 2070): GC_FOR_ALLOC freed <1K, 34% free 9650K/14476K, paused 2ms, total 2ms
02-03 10:46:08.931 I/dalvikvm-heap( 2070): Grow heap (frag case) to 10.466MB for 1048592-byte allocation
02-03 10:46:08.941 D/dalvikvm( 2070): GC_FOR_ALLOC freed 0K, 32% free 10674K/15504K, paused 2ms, total 2ms
02-03 10:46:09.311 D/dalvikvm( 2070): GC_CONCURRENT freed 6703K, 48% free 8066K/15504K, paused 1ms+1ms, total 5ms
02-03 10:46:09.311 D/dalvikvm( 2070): WAIT_FOR_CONCURRENT_GC blocked 4ms
02-03 10:46:09.321 D/dalvikvm( 2070): GC_CONCURRENT freed 4093K, 49% free 8052K/15504K, paused 1ms+1ms, total 4ms
02-03 10:46:09.321 D/dalvikvm( 2070): WAIT_FOR_CONCURRENT_GC blocked 3ms
02-03 10:46:09.331 D/dalvikvm( 2070): GC_CONCURRENT freed 4085K, 49% free 8030K/15504K, paused 1ms+1ms, total 4ms
02-03 10:46:09.331 D/dalvikvm( 2070): WAIT_FOR_CONCURRENT_GC blocked 3ms
02-03 10:46:09.351 D/dalvikvm( 2070): GC_CONCURRENT freed 4033K, 39% free 8051K/13100K, paused 0ms+1ms, total 15ms
02-03 10:46:09.351 D/dalvikvm( 2070): WAIT_FOR_CONCURRENT_GC blocked 15ms
02-03 10:46:09.361 D/dalvikvm( 2070): GC_FOR_ALLOC freed 4005K, 39% free 8004K/13100K, paused 3ms, total 3ms
02-03 10:46:09.361 D/dalvikvm( 2070): GC_CONCURRENT freed 3887K, 38% free 8154K/13100K, paused 0ms+1ms, total 3ms
02-03 10:46:09.361 D/dalvikvm( 2070): WAIT_FOR_CONCURRENT_GC blocked 3ms
02-03 10:46:09.371 D/dalvikvm( 2070): GC_FOR_ALLOC freed 3682K, 39% free 8095K/13100K, paused 3ms, total 3ms
02-03 10:46:09.381 D/dalvikvm( 2070): GC_FOR_ALLOC freed 3697K, 38% free 8130K/13100K, paused 5ms, total 5ms
02-03 10:46:09.391 D/dalvikvm( 2070): GC_FOR_ALLOC freed 3856K, 39% free 8019K/13100K, paused 5ms, total 5ms
02-03 10:46:09.401 D/dalvikvm( 2070): GC_FOR_ALLOC freed 3879K, 39% free 8015K/13100K, paused 4ms, total 4ms
02-03 10:46:09.401 D/dalvikvm( 2070): GC_FOR_ALLOC freed 3791K, 39% free 8016K/13100K, paused 4ms, total 4ms
02-03 10:46:09.411 D/dalvikvm( 2070): GC_FOR_ALLOC freed 3659K, 39% free 8015K/13100K, paused 4ms, total 4ms
02-03 10:46:09.421 D/dalvikvm( 2070): GC_FOR_ALLOC freed 3578K, 38% free 8151K/13100K, paused 4ms, total 4ms
02-03 10:46:09.431 D/dalvikvm( 2070): GC_FOR_ALLOC freed 3616K, 38% free 8188K/13100K, paused 4ms, total 4ms
02-03 10:46:09.431 D/dalvikvm( 2070): GC_FOR_ALLOC freed 3398K, 38% free 8191K/13100K, paused 4ms, total 4ms
02-03 10:46:09.441 D/dalvikvm( 2070): GC_FOR_ALLOC freed 3502K, 39% free 8094K/13100K, paused 4ms, total 4ms
02-03 10:46:09.451 D/dalvikvm( 2070): GC_FOR_ALLOC freed 3503K, 39% free 8043K/13100K, paused 4ms, total 4ms
02-03 10:46:09.451 D/dalvikvm( 2070): GC_FOR_ALLOC freed 3440K, 38% free 8201K/13100K, paused 3ms, total 3ms
02-03 10:46:09.461 D/dalvikvm( 2070): GC_FOR_ALLOC freed 3696K, 39% free 8040K/13100K, paused 3ms, total 3ms
02-03 10:46:09.471 D/dalvikvm( 2070): GC_FOR_ALLOC freed 3230K, 38% free 8206K/13100K, paused 4ms, total 4ms
02-03 10:46:09.481 D/dalvikvm( 2070): GC_FOR_ALLOC freed 3187K, 38% free 8208K/13100K, paused 4ms, total 4ms
02-03 10:46:09.481 D/dalvikvm( 2070): GC_FOR_ALLOC freed 3254K, 38% free 8125K/13100K, paused 5ms, total 5ms
02-03 10:46:09.491 D/dalvikvm( 2070): GC_FOR_ALLOC freed 3202K, 39% free 8066K/13100K, paused 4ms, total 4ms
02-03 10:46:09.501 D/dalvikvm( 2070): GC_FOR_ALLOC freed 3386K, 39% free 8064K/13100K, paused 5ms, total 5ms
02-03 10:46:09.501 D/dalvikvm( 2070): GC_FOR_ALLOC freed 3453K, 39% free 8063K/13100K, paused 4ms, total 4ms
02-03 10:46:09.511 D/dalvikvm( 2070): GC_FOR_ALLOC freed 3077K, 39% free 8061K/13100K, paused 4ms, total 4ms
02-03 10:46:09.521 D/dalvikvm( 2070): GC_FOR_ALLOC freed 3256K, 38% free 8122K/13100K, paused 4ms, total 4ms
02-03 10:46:09.521 D/dalvikvm( 2070): GC_FOR_ALLOC freed 3181K, 38% free 8122K/13100K, paused 4ms, total 4ms
02-03 10:46:09.531 D/dalvikvm( 2070): GC_FOR_ALLOC freed 3100K, 39% free 8055K/13100K, paused 4ms, total 4ms
02-03 10:46:09.541 D/dalvikvm( 2070): GC_FOR_ALLOC freed 2944K, 38% free 8151K/13100K, paused 4ms, total 4ms
02-03 10:46:09.541 D/dalvikvm( 2070): GC_FOR_ALLOC freed 3191K, 39% free 8083K/13100K, paused 4ms, total 4ms
02-03 10:46:09.551 D/dalvikvm( 2070): GC_FOR_ALLOC freed 2892K, 39% free 8081K/13100K, paused 4ms, total 4ms
02-03 10:46:09.561 D/dalvikvm( 2070): GC_FOR_ALLOC freed 2929K, 39% free 8079K/13100K, paused 4ms, total 4ms
02-03 10:46:09.561 D/dalvikvm( 2070): GC_FOR_ALLOC freed 2967K, 39% free 8076K/13100K, paused 4ms, total 4ms
02-03 10:46:09.571 D/dalvikvm( 2070): GC_FOR_ALLOC freed 3005K, 39% free 8074K/13100K, paused 4ms, total 4ms
02-03 10:46:09.581 D/dalvikvm( 2070): GC_FOR_ALLOC freed 3042K, 39% free 8072K/13100K, paused 4ms, total 4ms
02-03 10:46:09.581 D/dalvikvm( 2070): GC_FOR_ALLOC freed 3080K, 39% free 8070K/13100K, paused 4ms, total 4ms
02-03 10:46:09.591 D/dalvikvm( 2070): GC_FOR_ALLOC freed 3118K, 39% free 8099K/13100K, paused 5ms, total 5ms
02-03 10:46:09.601 D/dalvikvm( 2070): GC_FOR_ALLOC freed 2774K, 37% free 8326K/13100K, paused 4ms, total 4ms
02-03 10:46:09.601 D/dalvikvm( 2070): GC_FOR_ALLOC freed 3036K, 39% free 8099K/13100K, paused 4ms, total 4ms
02-03 10:46:09.601 D/EVENT_THREAD(  192): void CEventThread::run() POLLIN event on Fd (1)
02-03 10:46:09.601 D/EVENT_THREAD(  192): void CEventThread::run() Do poll with timeout: -1
02-03 10:46:09.601 D/EVENT_THREAD(  192): void CEventThread::run() POLLIN event on Fd (1)
02-03 10:46:09.601 D/EVENT_THREAD(  192): void CEventThread::run() Do poll with timeout: -1
02-03 10:46:09.601 I/upi_ug31xx(  166): (605) update_capacity
02-03 10:46:09.601 I/[UPI]   (  166): <UG31/E>[UpiReadCapacity]: V=4192(4191), T=324(323-384), I=-160, C=-2(-2-0)
02-03 10:46:09.601 I/[UPI]   (  166): <UG31/E>[UpiReadCapacity]: (0x0221254a) 3080 (3547) / 3159 (3971) = 97
02-03 10:46:09.601 I/[UPI]   (  166): <UG31/E>[UpiReadCapacity]: (0x0221254a) 3080 (3547) / 3159 (3971) = 97
02-03 10:46:09.601 I/[UPI]   (  166): <UG31/E>[UpiReadCapacity]: (0x0221254a) 3080 (3080) / 3159 (3971) = 97
02-03 10:46:09.601 I/[UPI]   (  166): <UG31/E>[RsocFilterCountTime]: (0x0221254a) Step=4(272590), Full=2(272590), Lock=272590(1800000)
02-03 10:46:09.601 I/[UPI]   (  166): <UG31/E>[UpiReadCapacity]: (0x0221254a) 3080 (3080) / 3159 (3971) = 97 (-160--160)
02-03 10:46:09.601 I/[UPI]   (  166): <UG31/E><BATT> M:normal, P:97(97-97)%, V:4190mV, C:-143mA, T:32.3C(384), S:0x0221254a(000), R:3080mAh, F:3159mAh, Q:-265mAh, CC:5, P:30.250(264-0)s, BO:5, 97:615:0-44af-9m:B001-20140514-144301 (16)
02-03 10:46:09.601 I/upi_ug31xx(  166): (606) backup_data 
02-03 10:46:09.601 V/upi_ug31xx(  166): state->check_backup_count = 7
02-03 10:46:09.611 D/dalvikvm( 2070): GC_FOR_ALLOC freed 2835K, 38% free 8177K/13100K, paused 4ms, total 4ms
02-03 10:46:09.611 D/dalvikvm( 2070): GC_FOR_ALLOC freed 2709K, 37% free 8334K/13100K, paused 3ms, total 3ms
02-03 10:46:09.621 D/dalvikvm( 2070): GC_FOR_ALLOC freed 2735K, 37% free 8338K/13100K, paused 4ms, total 4ms
02-03 10:46:09.631 D/dalvikvm( 2070): GC_FOR_ALLOC freed 2761K, 38% free 8183K/13100K, paused 3ms, total 3ms
02-03 10:46:09.631 D/dalvikvm( 2070): GC_FOR_ALLOC freed 2787K, 38% free 8186K/13100K, paused 3ms, total 3ms
02-03 10:46:09.641 D/dalvikvm( 2070): GC_FOR_ALLOC freed 2816K, 38% free 8188K/13100K, paused 3ms, total 3ms
02-03 10:46:09.641 D/dalvikvm( 2070): GC_FOR_ALLOC freed 2843K, 37% free 8353K/13100K, paused 3ms, total 3ms
02-03 10:46:09.651 D/dalvikvm( 2070): GC_FOR_ALLOC freed 2871K, 38% free 8193K/13100K, paused 3ms, total 3ms
02-03 10:46:09.651 D/dalvikvm( 2070): GC_FOR_ALLOC freed 2897K, 38% free 8195K/13100K, paused 4ms, total 4ms
02-03 10:46:09.661 D/dalvikvm( 2070): GC_FOR_ALLOC freed 2759K, 39% free 8114K/13100K, paused 3ms, total 3ms
02-03 10:46:09.661 D/dalvikvm( 2070): GC_FOR_ALLOC freed 2951K, 39% free 8116K/13100K, paused 3ms, total 3ms
02-03 10:46:09.671 D/dalvikvm( 2070): GC_FOR_ALLOC freed 2978K, 39% free 8117K/13100K, paused 4ms, total 4ms
02-03 10:46:09.671 D/dalvikvm( 2070): GC_FOR_ALLOC freed 2573K, 37% free 8376K/13100K, paused 3ms, total 3ms
02-03 10:46:09.681 D/dalvikvm( 2070): GC_FOR_ALLOC freed 2419K, 37% free 8379K/13100K, paused 4ms, total 4ms
02-03 10:46:09.681 D/dalvikvm( 2070): GC_FOR_ALLOC freed 2873K, 39% free 8121K/13100K, paused 3ms, total 3ms
02-03 10:46:09.691 D/dalvikvm( 2070): GC_FOR_ALLOC freed 2631K, 36% free 8385K/13100K, paused 3ms, total 3ms
02-03 10:46:09.691 D/dalvikvm( 2070): GC_FOR_ALLOC freed 2917K, 38% free 8124K/13100K, paused 3ms, total 3ms
02-03 10:46:09.701 D/dalvikvm( 2070): GC_FOR_ALLOC freed 2671K, 36% free 8392K/13100K, paused 3ms, total 3ms
02-03 10:46:09.701 D/dalvikvm( 2070): GC_FOR_ALLOC freed 2511K, 36% free 8395K/13100K, paused 3ms, total 3ms
02-03 10:46:09.711 D/dalvikvm( 2070): GC_FOR_ALLOC freed 2527K, 36% free 8398K/13100K, paused 3ms, total 3ms
02-03 10:46:09.711 D/dalvikvm( 2070): GC_FOR_ALLOC freed 2544K, 36% free 8401K/13100K, paused 3ms, total 3ms
02-03 10:46:09.721 D/dalvikvm( 2070): GC_FOR_ALLOC freed 2561K, 38% free 8221K/13100K, paused 4ms, total 4ms
02-03 10:46:09.721 D/dalvikvm( 2070): GC_FOR_ALLOC freed 2578K, 38% free 8223K/13100K, paused 4ms, total 4ms
02-03 10:46:09.731 D/dalvikvm( 2070): GC_FOR_ALLOC freed 2594K, 38% free 8224K/13100K, paused 3ms, total 3ms
02-03 10:46:09.731 D/dalvikvm( 2070): GC_FOR_ALLOC freed 2611K, 38% free 8226K/13100K, paused 3ms, total 3ms
02-03 10:46:09.741 D/dalvikvm( 2070): GC_FOR_ALLOC freed 2628K, 38% free 8228K/13100K, paused 3ms, total 3ms
02-03 10:46:09.741 D/dalvikvm( 2070): GC_FOR_ALLOC freed 2645K, 38% free 8230K/13100K, paused 3ms, total 3ms
02-03 10:46:09.751 D/dalvikvm( 2070): GC_FOR_ALLOC freed 2471K, 38% free 8137K/13100K, paused 3ms, total 4ms
02-03 10:46:09.751 D/dalvikvm( 2070): GC_FOR_ALLOC freed 2677K, 38% free 8138K/13100K, paused 3ms, total 3ms
02-03 10:46:09.761 D/dalvikvm( 2070): GC_FOR_ALLOC freed 2694K, 38% free 8139K/13100K, paused 4ms, total 4ms
02-03 10:46:09.771 D/dalvikvm( 2070): GC_FOR_ALLOC freed 2710K, 38% free 8141K/13100K, paused 3ms, total 3ms
02-03 10:46:09.771 D/dalvikvm( 2070): GC_FOR_ALLOC freed 2727K, 38% free 8142K/13100K, paused 3ms, total 3ms
02-03 10:46:09.781 D/dalvikvm( 2070): GC_FOR_ALLOC freed 2744K, 38% free 8143K/13100K, paused 3ms, total 4ms
02-03 10:46:09.781 D/dalvikvm( 2070): GC_FOR_ALLOC freed 2761K, 38% free 8144K/13100K, paused 4ms, total 4ms
02-03 10:46:09.791 D/dalvikvm( 2070): GC_FOR_ALLOC freed 2777K, 38% free 8145K/13100K, paused 4ms, total 4ms
02-03 10:46:09.801 D/dalvikvm( 2070): GC_FOR_ALLOC freed 2794K, 38% free 8147K/13100K, paused 4ms, total 4ms
02-03 10:46:09.801 D/dalvikvm( 2070): GC_FOR_ALLOC freed 2811K, 38% free 8148K/13100K, paused 3ms, total 4ms
02-03 10:46:09.811 D/dalvikvm( 2070): GC_FOR_ALLOC freed 2321K, 36% free 8451K/13100K, paused 3ms, total 3ms
02-03 10:46:09.811 W/BindingManager( 6176): Cannot call determinedVisibility() - never saw a connection for the pid: 6176
02-03 10:46:09.811 D/dalvikvm( 2070): GC_FOR_ALLOC freed 2129K, 36% free 8453K/13100K, paused 4ms, total 4ms
02-03 10:46:09.821 D/dalvikvm( 2070): GC_FOR_ALLOC freed 2171K, 38% free 8146K/13100K, paused 5ms, total 5ms
02-03 10:46:09.831 D/dalvikvm( 2070): GC_FOR_ALLOC freed 2760K, 38% free 8242K/13100K, paused 4ms, total 4ms
02-03 10:46:09.841 D/dalvikvm( 2070): GC_FOR_ALLOC freed 2298K, 36% free 8461K/13100K, paused 6ms, total 6ms
02-03 10:46:09.851 D/dalvikvm( 2070): GC_FOR_ALLOC freed 1400K, 42% free 7609K/13100K, paused 3ms, total 3ms
02-03 10:46:09.851 D/dalvikvm( 2070): GC_FOR_ALLOC freed 4K, 35% free 8630K/13100K, paused 2ms, total 2ms
02-03 10:46:09.851 I/dalvikvm-heap( 2070): Grow heap (frag case) to 9.470MB for 1048592-byte allocation
02-03 10:46:09.851 D/dalvikvm( 2070): GC_FOR_ALLOC freed <1K, 32% free 9654K/14128K, paused 2ms, total 2ms
02-03 10:46:09.861 D/dalvikvm( 2070): GC_FOR_ALLOC freed <1K, 32% free 9654K/14128K, paused 2ms, total 3ms
02-03 10:46:09.861 I/dalvikvm-heap( 2070): Grow heap (frag case) to 10.470MB for 1048592-byte allocation
02-03 10:46:09.861 D/dalvikvm( 2070): GC_FOR_ALLOC freed 0K, 30% free 10678K/15156K, paused 3ms, total 3ms
02-03 10:46:09.951 D/EVENT_THREAD(  192): void CEventThread::run() POLLIN event on Fd (1)
02-03 10:46:09.951 D/EVENT_THREAD(  192): void CEventThread::run() Do poll with timeout: -1
02-03 10:46:09.951 I/upi_ug31xx(  166): (607) backup_bo check
02-03 10:46:10.371 D/dalvikvm( 2070): GC_CONCURRENT freed 6751K, 48% free 8021K/15156K, paused 1ms+2ms, total 21ms
02-03 10:46:10.371 D/dalvikvm( 2070): WAIT_FOR_CONCURRENT_GC blocked 17ms
02-03 10:46:10.381 D/dalvikvm( 2070): GC_FOR_ALLOC freed 4101K, 36% free 8000K/12404K, paused 5ms, total 5ms
02-03 10:46:10.391 D/dalvikvm( 2070): GC_CONCURRENT freed 48K, 36% free 7984K/12404K, paused 2ms+1ms, total 5ms
02-03 10:46:10.401 D/dalvikvm( 2070): GC_FOR_ALLOC freed 3711K, 36% free 7980K/12404K, paused 5ms, total 5ms
02-03 10:46:10.401 W/BindingManager( 6176): Cannot call determinedVisibility() - never saw a connection for the pid: 6176
02-03 10:46:10.411 D/dalvikvm( 2070): GC_FOR_ALLOC freed 3515K, 36% free 7998K/12404K, paused 7ms, total 7ms
02-03 10:46:10.421 D/dalvikvm( 2070): GC_FOR_ALLOC freed 3481K, 36% free 8001K/12404K, paused 5ms, total 5ms
02-03 10:46:10.431 D/dalvikvm( 2070): GC_FOR_ALLOC freed 3266K, 35% free 8092K/12404K, paused 5ms, total 5ms
02-03 10:46:10.441 D/dalvikvm( 2070): GC_FOR_ALLOC freed 3078K, 35% free 8095K/12404K, paused 5ms, total 5ms
02-03 10:46:10.441 D/dalvikvm( 2070): GC_FOR_ALLOC freed 3038K, 35% free 8101K/12404K, paused 3ms, total 4ms
02-03 10:46:10.451 D/dalvikvm( 2070): GC_FOR_ALLOC freed 3143K, 36% free 7999K/12404K, paused 3ms, total 4ms
02-03 10:46:10.461 D/dalvikvm( 2070): GC_FOR_ALLOC freed 3197K, 36% free 8036K/12404K, paused 4ms, total 4ms
02-03 10:46:10.461 D/dalvikvm( 2070): GC_FOR_ALLOC freed 3196K, 36% free 7998K/12404K, paused 4ms, total 4ms
02-03 10:46:10.471 D/dalvikvm( 2070): GC_FOR_ALLOC freed 3134K, 36% free 8029K/12404K, paused 4ms, total 4ms
02-03 10:46:10.481 D/dalvikvm( 2070): GC_FOR_ALLOC freed 2966K, 36% free 8028K/12404K, paused 4ms, total 4ms
02-03 10:46:10.491 D/dalvikvm( 2070): GC_FOR_ALLOC freed 2848K, 35% free 8159K/12404K, paused 3ms, total 4ms
02-03 10:46:10.491 D/dalvikvm( 2070): GC_FOR_ALLOC freed 2846K, 35% free 8071K/12404K, paused 4ms, total 4ms
02-03 10:46:10.501 D/dalvikvm( 2070): GC_FOR_ALLOC freed 2931K, 35% free 8071K/12404K, paused 3ms, total 3ms
02-03 10:46:10.501 D/dalvikvm( 2070): GC_FOR_ALLOC freed 2919K, 36% free 8023K/12404K, paused 4ms, total 4ms
02-03 10:46:10.511 D/dalvikvm( 2070): GC_FOR_ALLOC freed 2849K, 35% free 8071K/12404K, paused 3ms, total 3ms
02-03 10:46:10.511 D/dalvikvm( 2070): GC_FOR_ALLOC freed 2718K, 36% free 8020K/12404K, paused 3ms, total 3ms
02-03 10:46:10.521 D/dalvikvm( 2070): GC_FOR_ALLOC freed 2624K, 34% free 8205K/12404K, paused 4ms, total 4ms
02-03 10:46:10.521 D/dalvikvm( 2070): GC_FOR_ALLOC freed 2573K, 34% free 8206K/12404K, paused 4ms, total 4ms
02-03 10:46:10.531 D/dalvikvm( 2070): GC_FOR_ALLOC freed 2625K, 34% free 8207K/12404K, paused 3ms, total 3ms
02-03 10:46:10.531 D/dalvikvm( 2070): GC_FOR_ALLOC freed 2676K, 34% free 8208K/12404K, paused 3ms, total 3ms
02-03 10:46:10.541 D/dalvikvm( 2070): GC_FOR_ALLOC freed 2615K, 36% free 8042K/12404K, paused 3ms, total 3ms
02-03 10:46:10.541 D/dalvikvm( 2070): GC_FOR_ALLOC freed 2491K, 34% free 8210K/12404K, paused 3ms, total 3ms
02-03 10:46:10.551 D/dalvikvm( 2070): GC_FOR_ALLOC freed 2417K, 34% free 8211K/12404K, paused 3ms, total 3ms
02-03 10:46:10.551 D/dalvikvm( 2070): GC_FOR_ALLOC freed 2454K, 34% free 8211K/12404K, paused 3ms, total 3ms
02-03 10:46:10.561 D/dalvikvm( 2070): GC_FOR_ALLOC freed 2492K, 35% free 8125K/12404K, paused 3ms, total 3ms
02-03 10:46:10.561 D/dalvikvm( 2070): GC_FOR_ALLOC freed 2529K, 35% free 8123K/12404K, paused 3ms, total 3ms
02-03 10:46:10.571 D/dalvikvm( 2070): GC_FOR_ALLOC freed 2567K, 35% free 8122K/12404K, paused 3ms, total 3ms
02-03 10:46:10.571 D/dalvikvm( 2070): GC_FOR_ALLOC freed 2480K, 36% free 8059K/12404K, paused 3ms, total 3ms
02-03 10:46:10.581 D/dalvikvm( 2070): GC_FOR_ALLOC freed 2641K, 36% free 8057K/12404K, paused 3ms, total 3ms
02-03 10:46:10.581 D/dalvikvm( 2070): GC_FOR_ALLOC freed 2678K, 36% free 8055K/12404K, paused 3ms, total 3ms
02-03 10:46:10.591 D/dalvikvm( 2070): GC_FOR_ALLOC freed 2387K, 35% free 8120K/12404K, paused 3ms, total 3ms
02-03 10:46:10.591 D/dalvikvm( 2070): GC_FOR_ALLOC freed 2285K, 35% free 8122K/12404K, paused 3ms, total 3ms
02-03 10:46:10.601 D/dalvikvm( 2070): GC_FOR_ALLOC freed 2179K, 36% free 8059K/12404K, paused 3ms, total 3ms
02-03 10:46:10.601 D/dalvikvm( 2070): GC_FOR_ALLOC freed 2336K, 36% free 8061K/12404K, paused 3ms, total 3ms
02-03 10:46:10.611 D/dalvikvm( 2070): GC_FOR_ALLOC freed 2022K, 34% free 8264K/12404K, paused 4ms, total 4ms
02-03 10:46:10.611 D/dalvikvm( 2070): GC_FOR_ALLOC freed 1905K, 34% free 8267K/12404K, paused 3ms, total 3ms
02-03 10:46:10.621 D/dalvikvm( 2070): GC_FOR_ALLOC freed 2267K, 35% free 8064K/12404K, paused 3ms, total 3ms
02-03 10:46:10.621 D/dalvikvm( 2070): GC_FOR_ALLOC freed 2081K, 34% free 8274K/12404K, paused 3ms, total 3ms
02-03 10:46:10.631 D/dalvikvm( 2070): GC_FOR_ALLOC freed 1960K, 34% free 8277K/12404K, paused 3ms, total 3ms
02-03 10:46:10.631 D/dalvikvm( 2070): GC_FOR_ALLOC freed 2331K, 35% free 8068K/12404K, paused 3ms, total 3ms
02-03 10:46:10.641 D/dalvikvm( 2070): GC_FOR_ALLOC freed 2139K, 35% free 8140K/12404K, paused 4ms, total 4ms
02-03 10:46:10.641 D/dalvikvm( 2070): GC_FOR_ALLOC freed 2376K, 35% free 8071K/12404K, paused 3ms, total 3ms
02-03 10:46:10.651 D/dalvikvm( 2070): GC_FOR_ALLOC freed 2179K, 35% free 8144K/12404K, paused 3ms, total 3ms
02-03 10:46:10.651 D/dalvikvm( 2070): GC_FOR_ALLOC freed 2420K, 35% free 8074K/12404K, paused 3ms, total 3ms
02-03 10:46:10.661 D/dalvikvm( 2070): GC_FOR_ALLOC freed 2220K, 35% free 8148K/12404K, paused 3ms, total 3ms
02-03 10:46:10.661 D/dalvikvm( 2070): GC_FOR_ALLOC freed 2465K, 35% free 8076K/12404K, paused 3ms, total 3ms
02-03 10:46:10.671 D/dalvikvm( 2070): GC_FOR_ALLOC freed 2260K, 35% free 8153K/12404K, paused 3ms, total 3ms
02-03 10:46:10.671 D/dalvikvm( 2070): GC_FOR_ALLOC freed 2509K, 35% free 8079K/12404K, paused 4ms, total 4ms
02-03 10:46:10.671 D/dalvikvm( 2070): GC_FOR_ALLOC freed 2147K, 35% free 8080K/12404K, paused 3ms, total 3ms
02-03 10:46:10.681 D/dalvikvm( 2070): GC_FOR_ALLOC freed 2163K, 35% free 8081K/12404K, paused 3ms, total 3ms
02-03 10:46:10.681 D/dalvikvm( 2070): GC_FOR_ALLOC freed 2180K, 35% free 8083K/12404K, paused 4ms, total 4ms
02-03 10:46:10.691 D/dalvikvm( 2070): GC_FOR_ALLOC freed 2197K, 35% free 8084K/12404K, paused 4ms, total 4ms
02-03 10:46:10.691 D/dalvikvm( 2070): GC_FOR_ALLOC freed 2214K, 35% free 8085K/12404K, paused 4ms, total 4ms
02-03 10:46:10.701 D/dalvikvm( 2070): GC_FOR_ALLOC freed 2230K, 35% free 8086K/12404K, paused 3ms, total 3ms
02-03 10:46:10.701 D/dalvikvm( 2070): GC_FOR_ALLOC freed 2249K, 35% free 8088K/12404K, paused 3ms, total 3ms
02-03 10:46:10.711 D/dalvikvm( 2070): GC_FOR_ALLOC freed 2267K, 35% free 8089K/12404K, paused 3ms, total 3ms
02-03 10:46:10.711 D/dalvikvm( 2070): GC_FOR_ALLOC freed 2284K, 35% free 8090K/12404K, paused 3ms, total 3ms
02-03 10:46:10.721 D/dalvikvm( 2070): GC_FOR_ALLOC freed 2302K, 35% free 8091K/12404K, paused 4ms, total 4ms
02-03 10:46:10.721 D/dalvikvm( 2070): GC_FOR_ALLOC freed 1903K, 33% free 8340K/12404K, paused 3ms, total 3ms
02-03 10:46:10.731 D/dalvikvm( 2070): GC_FOR_ALLOC freed 1749K, 33% free 8343K/12404K, paused 4ms, total 4ms
02-03 10:46:10.731 D/dalvikvm( 2070): GC_FOR_ALLOC freed 1759K, 33% free 8345K/12404K, paused 3ms, total 3ms
02-03 10:46:10.741 D/dalvikvm( 2070): GC_FOR_ALLOC freed 1768K, 33% free 8347K/12404K, paused 4ms, total 4ms
02-03 10:46:10.741 D/dalvikvm( 2070): GC_FOR_ALLOC freed 1778K, 33% free 8350K/12404K, paused 3ms, total 3ms
02-03 10:46:10.751 D/dalvikvm( 2070): GC_FOR_ALLOC freed 1787K, 33% free 8352K/12404K, paused 3ms, total 4ms
02-03 10:46:10.751 D/dalvikvm( 2070): GC_FOR_ALLOC freed 1797K, 33% free 8354K/12404K, paused 3ms, total 3ms
02-03 10:46:10.751 D/dalvikvm( 2070): GC_FOR_ALLOC freed 1806K, 33% free 8356K/12404K, paused 3ms, total 3ms
02-03 10:46:10.761 D/dalvikvm( 2070): GC_FOR_ALLOC freed 1815K, 33% free 8359K/12404K, paused 3ms, total 3ms
02-03 10:46:10.761 D/dalvikvm( 2070): GC_FOR_ALLOC freed 1825K, 33% free 8361K/12404K, paused 3ms, total 3ms
02-03 10:46:10.771 D/dalvikvm( 2070): GC_FOR_ALLOC freed 1834K, 33% free 8363K/12404K, paused 4ms, total 4ms
02-03 10:46:10.771 D/dalvikvm( 2070): GC_FOR_ALLOC freed 1844K, 33% free 8365K/12404K, paused 3ms, total 3ms
02-03 10:46:10.781 D/dalvikvm( 2070): GC_FOR_ALLOC freed 1853K, 33% free 8367K/12404K, paused 3ms, total 3ms
02-03 10:46:10.781 D/dalvikvm( 2070): GC_FOR_ALLOC freed 1863K, 33% free 8370K/12404K, paused 3ms, total 3ms
02-03 10:46:10.791 D/dalvikvm( 2070): GC_FOR_ALLOC freed 1872K, 33% free 8372K/12404K, paused 3ms, total 3ms
02-03 10:46:10.791 D/dalvikvm( 2070): GC_FOR_ALLOC freed 1881K, 33% free 8374K/12404K, paused 3ms, total 3ms
02-03 10:46:10.791 D/dalvikvm( 2070): GC_FOR_ALLOC freed 1891K, 33% free 8376K/12404K, paused 4ms, total 4ms
02-03 10:46:10.801 D/dalvikvm( 2070): GC_FOR_ALLOC freed 1900K, 34% free 8198K/12404K, paused 3ms, total 3ms
02-03 10:46:10.801 D/dalvikvm( 2070): GC_FOR_ALLOC freed 1910K, 34% free 8199K/12404K, paused 4ms, total 4ms
02-03 10:46:10.811 D/dalvikvm( 2070): GC_FOR_ALLOC freed 1919K, 34% free 8200K/12404K, paused 3ms, total 3ms
02-03 10:46:10.811 D/dalvikvm( 2070): GC_FOR_ALLOC freed 1745K, 35% free 8110K/12404K, paused 3ms, total 3ms
02-03 10:46:10.821 D/dalvikvm( 2070): GC_FOR_ALLOC freed 1937K, 35% free 8111K/12404K, paused 3ms, total 3ms
02-03 10:46:10.821 D/dalvikvm( 2070): GC_FOR_ALLOC freed 1946K, 35% free 8112K/12404K, paused 3ms, total 3ms
02-03 10:46:10.831 D/dalvikvm( 2070): GC_FOR_ALLOC freed 1956K, 35% free 8113K/12404K, paused 3ms, total 3ms
02-03 10:46:10.831 D/dalvikvm( 2070): GC_FOR_ALLOC freed 1965K, 35% free 8114K/12404K, paused 3ms, total 3ms
02-03 10:46:10.831 D/dalvikvm( 2070): GC_FOR_ALLOC freed 1975K, 35% free 8115K/12404K, paused 3ms, total 3ms
02-03 10:46:10.841 D/dalvikvm( 2070): GC_FOR_ALLOC freed 1984K, 35% free 8116K/12404K, paused 4ms, total 4ms
02-03 10:46:10.851 D/dalvikvm( 2070): GC_FOR_ALLOC freed 1993K, 35% free 8117K/12404K, paused 4ms, total 4ms
02-03 10:46:10.851 D/dalvikvm( 2070): GC_FOR_ALLOC freed 2003K, 35% free 8118K/12404K, paused 3ms, total 3ms
02-03 10:46:10.851 D/dalvikvm( 2070): GC_FOR_ALLOC freed 2012K, 35% free 8118K/12404K, paused 3ms, total 3ms
02-03 10:46:10.861 D/dalvikvm( 2070): GC_FOR_ALLOC freed 2022K, 35% free 8119K/12404K, paused 3ms, total 3ms
02-03 10:46:10.861 D/dalvikvm( 2070): GC_FOR_ALLOC freed 2031K, 35% free 8120K/12404K, paused 3ms, total 3ms
02-03 10:46:10.871 D/dalvikvm( 2070): GC_FOR_ALLOC freed 2041K, 35% free 8121K/12404K, paused 4ms, total 4ms
02-03 10:46:10.871 D/dalvikvm( 2070): GC_FOR_ALLOC freed 2050K, 35% free 8122K/12404K, paused 3ms, total 3ms
02-03 10:46:10.881 D/dalvikvm( 2070): GC_FOR_ALLOC freed 2059K, 35% free 8123K/12404K, paused 3ms, total 3ms
02-03 10:46:10.881 D/dalvikvm( 2070): GC_FOR_ALLOC freed 2069K, 35% free 8124K/12404K, paused 3ms, total 3ms
02-03 10:46:10.891 D/dalvikvm( 2070): GC_FOR_ALLOC freed 2078K, 35% free 8125K/12404K, paused 3ms, total 3ms
02-03 10:46:10.891 D/dalvikvm( 2070): GC_FOR_ALLOC freed 2088K, 35% free 8126K/12404K, paused 3ms, total 3ms
02-03 10:46:10.901 D/dalvikvm( 2070): GC_FOR_ALLOC freed 2097K, 35% free 8127K/12404K, paused 4ms, total 4ms
02-03 10:46:10.901 D/dalvikvm( 2070): GC_FOR_ALLOC freed 2106K, 35% free 8127K/12404K, paused 4ms, total 4ms
02-03 10:46:10.911 D/dalvikvm( 2070): GC_FOR_ALLOC freed 2116K, 35% free 8128K/12404K, paused 3ms, total 3ms
02-03 10:46:10.911 D/dalvikvm( 2070): GC_FOR_ALLOC freed 1618K, 33% free 8432K/12404K, paused 4ms, total 4ms
02-03 10:46:10.911 D/dalvikvm( 2070): GC_FOR_ALLOC freed 1420K, 33% free 8433K/12404K, paused 3ms, total 3ms
02-03 10:46:10.921 D/dalvikvm( 2070): GC_FOR_ALLOC freed 1425K, 32% free 8435K/12404K, paused 3ms, total 3ms
02-03 10:46:10.921 D/dalvikvm( 2070): GC_FOR_ALLOC freed 1764K, 34% free 8236K/12404K, paused 3ms, total 3ms
02-03 10:46:10.931 D/dalvikvm( 2070): GC_FOR_ALLOC freed 1726K, 32% free 8457K/12404K, paused 3ms, total 4ms
02-03 10:46:10.931 D/dalvikvm( 2070): GC_FOR_ALLOC freed 1532K, 34% free 8238K/12404K, paused 3ms, total 3ms
02-03 10:46:10.941 D/dalvikvm( 2070): GC_FOR_ALLOC freed 2171K, 39% free 7601K/12404K, paused 3ms, total 3ms
02-03 10:46:10.941 I/dalvikvm-heap( 2070): Grow heap (frag case) to 8.466MB for 1048592-byte allocation
02-03 10:46:10.941 D/dalvikvm( 2070): GC_FOR_ALLOC freed 0K, 36% free 8625K/13432K, paused 3ms, total 3ms
02-03 10:46:10.961 D/dalvikvm( 2070): GC_FOR_ALLOC freed 4K, 36% free 8622K/13432K, paused 15ms, total 15ms
02-03 10:46:10.961 I/dalvikvm-heap( 2070): Grow heap (frag case) to 9.462MB for 1048592-byte allocation
02-03 10:46:10.961 D/dalvikvm( 2070): GC_FOR_ALLOC freed 0K, 34% free 9646K/14460K, paused 2ms, total 2ms
02-03 10:46:10.961 D/dalvikvm( 2070): GC_FOR_ALLOC freed <1K, 34% free 9646K/14460K, paused 2ms, total 2ms
02-03 10:46:10.971 I/dalvikvm-heap( 2070): Grow heap (frag case) to 10.462MB for 1048592-byte allocation
02-03 10:46:10.971 D/dalvikvm( 2070): GC_FOR_ALLOC freed 0K, 32% free 10670K/15488K, paused 3ms, total 3ms
02-03 10:46:11.001 W/BindingManager( 6176): Cannot call determinedVisibility() - never saw a connection for the pid: 6176
02-03 10:46:11.341 D/dalvikvm( 2070): GC_CONCURRENT freed 6707K, 48% free 8058K/15488K, paused 1ms+1ms, total 5ms
02-03 10:46:11.341 D/dalvikvm( 2070): WAIT_FOR_CONCURRENT_GC blocked 4ms
02-03 10:46:11.351 D/dalvikvm( 2070): GC_CONCURRENT freed 4064K, 36% free 8072K/12420K, paused 1ms+1ms, total 5ms
02-03 10:46:11.351 D/dalvikvm( 2070): WAIT_FOR_CONCURRENT_GC blocked 4ms
02-03 10:46:11.361 D/dalvikvm( 2070): GC_FOR_ALLOC freed 3719K, 36% free 8008K/12420K, paused 4ms, total 4ms
02-03 10:46:11.381 D/dalvikvm( 2070): GC_FOR_ALLOC freed 3398K, 36% free 7966K/12420K, paused 13ms, total 13ms
02-03 10:46:11.381 D/dalvikvm( 2070): GC_FOR_ALLOC freed 3511K, 36% free 8017K/12420K, paused 3ms, total 3ms
02-03 10:46:11.391 D/dalvikvm( 2070): GC_FOR_ALLOC freed 3253K, 36% free 8072K/12420K, paused 4ms, total 4ms
02-03 10:46:11.401 D/dalvikvm( 2070): GC_FOR_ALLOC freed 3225K, 36% free 8011K/12420K, paused 4ms, total 4ms
02-03 10:46:11.401 D/dalvikvm( 2070): GC_FOR_ALLOC freed 3107K, 36% free 8040K/12420K, paused 3ms, total 3ms
02-03 10:46:11.411 D/dalvikvm( 2070): GC_FOR_ALLOC freed 3143K, 36% free 8007K/12420K, paused 3ms, total 3ms
02-03 10:46:11.411 D/dalvikvm( 2070): GC_FOR_ALLOC freed 3197K, 36% free 8044K/12420K, paused 3ms, total 3ms
02-03 10:46:11.421 D/dalvikvm( 2070): GC_FOR_ALLOC freed 3196K, 36% free 8006K/12420K, paused 3ms, total 3ms
02-03 10:46:11.421 D/dalvikvm( 2070): GC_FOR_ALLOC freed 3134K, 36% free 8005K/12420K, paused 4ms, total 4ms
02-03 10:46:11.431 D/dalvikvm( 2070): GC_FOR_ALLOC freed 3052K, 36% free 8047K/12420K, paused 3ms, total 3ms
02-03 10:46:11.441 D/dalvikvm( 2070): GC_FOR_ALLOC freed 2985K, 36% free 8035K/12420K, paused 4ms, total 4ms
02-03 10:46:11.441 D/dalvikvm( 2070): GC_FOR_ALLOC freed 2853K, 36% free 8034K/12420K, paused 3ms, total 3ms
02-03 10:46:11.451 D/dalvikvm( 2070): GC_FOR_ALLOC freed 2938K, 36% free 8033K/12420K, paused 4ms, total 4ms
02-03 10:46:11.451 D/dalvikvm( 2070): GC_FOR_ALLOC freed 3023K, 36% free 8031K/12420K, paused 4ms, total 4ms
02-03 10:46:11.461 D/dalvikvm( 2070): GC_FOR_ALLOC freed 2858K, 35% free 8079K/12420K, paused 3ms, total 3ms
02-03 10:46:11.461 D/dalvikvm( 2070): GC_FOR_ALLOC freed 2726K, 36% free 8028K/12420K, paused 3ms, total 4ms
02-03 10:46:11.471 D/dalvikvm( 2070): GC_FOR_ALLOC freed 2631K, 35% free 8181K/12420K, paused 3ms, total 3ms
02-03 10:46:11.471 D/dalvikvm( 2070): GC_FOR_ALLOC freed 2847K, 36% free 8025K/12420K, paused 3ms, total 3ms
02-03 10:46:11.481 D/dalvikvm( 2070): GC_FOR_ALLOC freed 2746K, 34% free 8217K/12420K, paused 3ms, total 3ms
02-03 10:46:11.491 D/dalvikvm( 2070): GC_FOR_ALLOC freed 2968K, 36% free 8053K/12420K, paused 4ms, total 4ms
02-03 10:46:11.491 D/dalvikvm( 2070): GC_FOR_ALLOC freed 2747K, 36% free 8051K/12420K, paused 4ms, total 4ms
02-03 10:46:11.501 D/dalvikvm( 2070): GC_FOR_ALLOC freed 2510K, 34% free 8220K/12420K, paused 4ms, total 4ms
02-03 10:46:11.501 D/dalvikvm( 2070): GC_FOR_ALLOC freed 2435K, 34% free 8221K/12420K, paused 4ms, total 4ms
02-03 10:46:11.511 D/dalvikvm( 2070): GC_FOR_ALLOC freed 2473K, 34% free 8221K/12420K, paused 3ms, total 3ms
02-03 10:46:11.511 D/dalvikvm( 2070): GC_FOR_ALLOC freed 2511K, 34% free 8222K/12420K, paused 3ms, total 3ms
02-03 10:46:11.521 D/dalvikvm( 2070): GC_FOR_ALLOC freed 2548K, 34% free 8222K/12420K, paused 3ms, total 3ms
02-03 10:46:11.521 D/dalvikvm( 2070): GC_FOR_ALLOC freed 2586K, 35% free 8131K/12420K, paused 3ms, total 3ms
02-03 10:46:11.531 D/dalvikvm( 2070): GC_FOR_ALLOC freed 2498K, 36% free 8068K/12420K, paused 4ms, total 4ms
02-03 10:46:11.541 D/dalvikvm( 2070): GC_FOR_ALLOC freed 2337K, 35% free 8132K/12420K, paused 3ms, total 4ms
02-03 10:46:11.541 D/dalvikvm( 2070): GC_FOR_ALLOC freed 2238K, 34% free 8263K/12420K, paused 5ms, total 5ms
02-03 10:46:11.551 D/dalvikvm( 2070): GC_FOR_ALLOC freed 2264K, 34% free 8266K/12420K, paused 5ms, total 5ms
02-03 10:46:11.551 D/dalvikvm( 2070): GC_FOR_ALLOC freed 2290K, 35% free 8139K/12420K, paused 3ms, total 3ms
02-03 10:46:11.561 D/dalvikvm( 2070): GC_FOR_ALLOC freed 2184K, 35% free 8075K/12420K, paused 4ms, total 4ms
02-03 10:46:11.561 D/dalvikvm( 2070): GC_FOR_ALLOC freed 2005K, 34% free 8277K/12420K, paused 3ms, total 3ms
02-03 10:46:11.571 D/dalvikvm( 2070): GC_FOR_ALLOC freed 1888K, 34% free 8280K/12420K, paused 4ms, total 4ms
02-03 10:46:11.581 D/dalvikvm( 2070): GC_FOR_ALLOC freed 2248K, 35% free 8079K/12420K, paused 4ms, total 4ms
02-03 10:46:11.581 D/dalvikvm( 2070): GC_FOR_ALLOC freed 2063K, 34% free 8287K/12420K, paused 5ms, total 5ms
02-03 10:46:11.591 D/dalvikvm( 2070): GC_FOR_ALLOC freed 1943K, 34% free 8290K/12420K, paused 4ms, total 4ms
02-03 10:46:11.591 D/dalvikvm( 2070): GC_FOR_ALLOC freed 2312K, 35% free 8083K/12420K, paused 4ms, total 4ms
02-03 10:46:11.601 D/dalvikvm( 2070): GC_FOR_ALLOC freed 2121K, 34% free 8296K/12420K, paused 3ms, total 3ms
02-03 10:46:11.601 D/dalvikvm( 2070): GC_FOR_ALLOC freed 1997K, 34% free 8299K/12420K, paused 3ms, total 3ms
02-03 10:46:11.601 W/BindingManager( 6176): Cannot call determinedVisibility() - never saw a connection for the pid: 6176
02-03 10:46:11.611 D/dalvikvm( 2070): GC_FOR_ALLOC freed 2376K, 35% free 8087K/12420K, paused 4ms, total 4ms
02-03 10:46:11.611 D/dalvikvm( 2070): GC_FOR_ALLOC freed 2179K, 35% free 8160K/12420K, paused 4ms, total 4ms
02-03 10:46:11.621 D/dalvikvm( 2070): GC_FOR_ALLOC freed 2420K, 35% free 8090K/12420K, paused 4ms, total 4ms
02-03 10:46:11.631 D/dalvikvm( 2070): GC_FOR_ALLOC freed 2220K, 35% free 8164K/12420K, paused 5ms, total 5ms
02-03 10:46:11.631 D/dalvikvm( 2070): GC_FOR_ALLOC freed 2465K, 35% free 8092K/12420K, paused 4ms, total 4ms
02-03 10:46:11.641 D/dalvikvm( 2070): GC_FOR_ALLOC freed 2260K, 35% free 8169K/12420K, paused 3ms, total 4ms
02-03 10:46:11.641 D/dalvikvm( 2070): GC_FOR_ALLOC freed 2509K, 35% free 8095K/12420K, paused 3ms, total 3ms
02-03 10:46:11.651 D/dalvikvm( 2070): GC_FOR_ALLOC freed 2147K, 35% free 8096K/12420K, paused 4ms, total 4ms
02-03 10:46:11.651 D/dalvikvm( 2070): GC_FOR_ALLOC freed 2163K, 35% free 8097K/12420K, paused 4ms, total 4ms
02-03 10:46:11.661 D/dalvikvm( 2070): GC_FOR_ALLOC freed 2180K, 35% free 8099K/12420K, paused 4ms, total 4ms
02-03 10:46:11.671 D/dalvikvm( 2070): GC_FOR_ALLOC freed 2197K, 35% free 8100K/12420K, paused 4ms, total 4ms
02-03 10:46:11.671 D/dalvikvm( 2070): GC_FOR_ALLOC freed 2214K, 35% free 8101K/12420K, paused 4ms, total 4ms
02-03 10:46:11.681 D/dalvikvm( 2070): GC_FOR_ALLOC freed 2230K, 35% free 8102K/12420K, paused 3ms, total 3ms
02-03 10:46:11.681 D/dalvikvm( 2070): GC_FOR_ALLOC freed 2249K, 35% free 8104K/12420K, paused 3ms, total 3ms
02-03 10:46:11.691 D/dalvikvm( 2070): GC_FOR_ALLOC freed 2267K, 35% free 8105K/12420K, paused 3ms, total 3ms
02-03 10:46:11.691 D/dalvikvm( 2070): GC_FOR_ALLOC freed 2284K, 35% free 8106K/12420K, paused 3ms, total 3ms
02-03 10:46:11.701 D/dalvikvm( 2070): GC_FOR_ALLOC freed 2302K, 35% free 8107K/12420K, paused 3ms, total 3ms
02-03 10:46:11.701 D/dalvikvm( 2070): GC_FOR_ALLOC freed 2319K, 35% free 8109K/12420K, paused 4ms, total 4ms
02-03 10:46:11.711 D/dalvikvm( 2070): GC_FOR_ALLOC freed 1918K, 33% free 8360K/12420K, paused 4ms, total 4ms
02-03 10:46:11.711 D/dalvikvm( 2070): GC_FOR_ALLOC freed 2184K, 35% free 8111K/12420K, paused 3ms, total 3ms
02-03 10:46:11.721 D/dalvikvm( 2070): GC_FOR_ALLOC freed 1943K, 33% free 8365K/12420K, paused 3ms, total 3ms
02-03 10:46:11.721 D/dalvikvm( 2070): GC_FOR_ALLOC freed 1784K, 33% free 8367K/12420K, paused 3ms, total 3ms
02-03 10:46:11.731 D/dalvikvm( 2070): GC_FOR_ALLOC freed 1794K, 33% free 8369K/12420K, paused 3ms, total 3ms
02-03 10:46:11.731 D/dalvikvm( 2070): GC_FOR_ALLOC freed 1803K, 33% free 8372K/12420K, paused 4ms, total 4ms
02-03 10:46:11.741 D/dalvikvm( 2070): GC_FOR_ALLOC freed 1812K, 33% free 8374K/12420K, paused 3ms, total 3ms
02-03 10:46:11.741 D/dalvikvm( 2070): GC_FOR_ALLOC freed 1822K, 33% free 8376K/12420K, paused 3ms, total 3ms
02-03 10:46:11.751 D/dalvikvm( 2070): GC_FOR_ALLOC freed 1831K, 33% free 8378K/12420K, paused 3ms, total 3ms
02-03 10:46:11.751 D/dalvikvm( 2070): GC_FOR_ALLOC freed 1841K, 33% free 8380K/12420K, paused 3ms, total 3ms
02-03 10:46:11.751 D/dalvikvm( 2070): GC_FOR_ALLOC freed 1850K, 33% free 8383K/12420K, paused 3ms, total 3ms
02-03 10:46:11.761 D/dalvikvm( 2070): GC_FOR_ALLOC freed 1859K, 33% free 8385K/12420K, paused 3ms, total 3ms
02-03 10:46:11.761 D/dalvikvm( 2070): GC_FOR_ALLOC freed 1869K, 33% free 8387K/12420K, paused 3ms, total 3ms
02-03 10:46:11.771 D/dalvikvm( 2070): GC_FOR_ALLOC freed 1878K, 33% free 8389K/12420K, paused 4ms, total 4ms
02-03 10:46:11.771 D/dalvikvm( 2070): GC_FOR_ALLOC freed 1888K, 33% free 8392K/12420K, paused 3ms, total 3ms
02-03 10:46:11.781 D/dalvikvm( 2070): GC_FOR_ALLOC freed 1897K, 33% free 8394K/12420K, paused 3ms, total 3ms
02-03 10:46:11.781 D/dalvikvm( 2070): GC_FOR_ALLOC freed 1907K, 33% free 8396K/12420K, paused 3ms, total 3ms
02-03 10:46:11.791 D/dalvikvm( 2070): GC_FOR_ALLOC freed 1916K, 33% free 8398K/12420K, paused 3ms, total 3ms
02-03 10:46:11.791 D/dalvikvm( 2070): GC_FOR_ALLOC freed 1742K, 35% free 8126K/12420K, paused 4ms, total 4ms
02-03 10:46:11.791 D/dalvikvm( 2070): GC_FOR_ALLOC freed 2118K, 34% free 8219K/12420K, paused 3ms, total 3ms
02-03 10:46:11.801 D/dalvikvm( 2070): GC_FOR_ALLOC freed 1944K, 34% free 8220K/12420K, paused 3ms, total 3ms
02-03 10:46:11.801 D/dalvikvm( 2070): GC_FOR_ALLOC freed 1767K, 35% free 8129K/12420K, paused 3ms, total 3ms
02-03 10:46:11.811 D/dalvikvm( 2070): GC_FOR_ALLOC freed 1962K, 35% free 8130K/12420K, paused 3ms, total 3ms
02-03 10:46:11.811 D/dalvikvm( 2070): GC_FOR_ALLOC freed 1971K, 35% free 8131K/12420K, paused 3ms, total 3ms
02-03 10:46:11.821 D/dalvikvm( 2070): GC_FOR_ALLOC freed 1981K, 35% free 8131K/12420K, paused 3ms, total 3ms
02-03 10:46:11.821 D/dalvikvm( 2070): GC_FOR_ALLOC freed 1990K, 35% free 8132K/12420K, paused 4ms, total 4ms
02-03 10:46:11.831 D/dalvikvm( 2070): GC_FOR_ALLOC freed 2000K, 35% free 8133K/12420K, paused 3ms, total 3ms
02-03 10:46:11.831 D/dalvikvm( 2070): GC_FOR_ALLOC freed 2009K, 35% free 8134K/12420K, paused 3ms, total 3ms
02-03 10:46:11.841 D/dalvikvm( 2070): GC_FOR_ALLOC freed 2019K, 35% free 8135K/12420K, paused 4ms, total 4ms
02-03 10:46:11.841 D/dalvikvm( 2070): GC_FOR_ALLOC freed 2028K, 35% free 8136K/12420K, paused 3ms, total 3ms
02-03 10:46:11.851 D/dalvikvm( 2070): GC_FOR_ALLOC freed 2037K, 35% free 8137K/12420K, paused 3ms, total 3ms
02-03 10:46:11.851 D/dalvikvm( 2070): GC_FOR_ALLOC freed 2047K, 35% free 8138K/12420K, paused 3ms, total 3ms
02-03 10:46:11.861 D/dalvikvm( 2070): GC_FOR_ALLOC freed 2056K, 35% free 8139K/12420K, paused 4ms, total 4ms
02-03 10:46:11.861 D/dalvikvm( 2070): GC_FOR_ALLOC freed 2066K, 35% free 8140K/12420K, paused 3ms, total 3ms
02-03 10:46:11.871 D/dalvikvm( 2070): GC_FOR_ALLOC freed 2075K, 35% free 8140K/12420K, paused 4ms, total 4ms
02-03 10:46:11.871 D/dalvikvm( 2070): GC_FOR_ALLOC freed 2084K, 35% free 8141K/12420K, paused 3ms, total 3ms
02-03 10:46:11.871 D/dalvikvm( 2070): GC_FOR_ALLOC freed 2094K, 35% free 8142K/12420K, paused 3ms, total 3ms
02-03 10:46:11.881 D/dalvikvm( 2070): GC_FOR_ALLOC freed 2103K, 35% free 8143K/12420K, paused 3ms, total 3ms
02-03 10:46:11.881 D/dalvikvm( 2070): GC_FOR_ALLOC freed 1608K, 33% free 8445K/12420K, paused 3ms, total 4ms
02-03 10:46:11.891 D/dalvikvm( 2070): GC_FOR_ALLOC freed 1918K, 35% free 8145K/12420K, paused 3ms, total 3ms
02-03 10:46:11.891 D/dalvikvm( 2070): GC_FOR_ALLOC freed 2128K, 35% free 8146K/12420K, paused 3ms, total 3ms
02-03 10:46:11.901 D/dalvikvm( 2070): GC_FOR_ALLOC freed 1627K, 32% free 8451K/12420K, paused 4ms, total 4ms
02-03 10:46:11.901 D/dalvikvm( 2070): GC_FOR_ALLOC freed 2314K, 35% free 8129K/12420K, paused 3ms, total 3ms
02-03 10:46:11.911 D/dalvikvm( 2070): GC_FOR_ALLOC freed 1739K, 35% free 8129K/12420K, paused 2ms, total 3ms
02-03 10:46:11.911 D/dalvikvm( 2070): GC_FOR_ALLOC freed 1751K, 34% free 8238K/12420K, paused 3ms, total 3ms
02-03 10:46:11.921 D/dalvikvm( 2070): GC_FOR_ALLOC freed 1400K, 39% free 7605K/12420K, paused 3ms, total 3ms
02-03 10:46:11.921 I/dalvikvm-heap( 2070): Grow heap (frag case) to 8.470MB for 1048592-byte allocation
02-03 10:46:11.921 D/dalvikvm( 2070): GC_FOR_ALLOC freed 0K, 36% free 8629K/13448K, paused 3ms, total 3ms
02-03 10:46:11.941 D/dalvikvm( 2070): GC_FOR_ALLOC freed 4K, 36% free 8622K/13448K, paused 15ms, total 15ms
02-03 10:46:11.941 I/dalvikvm-heap( 2070): Grow heap (frag case) to 9.462MB for 1048592-byte allocation
02-03 10:46:11.941 D/dalvikvm( 2070): GC_FOR_ALLOC freed 0K, 34% free 9646K/14476K, paused 3ms, total 3ms
02-03 10:46:11.951 D/dalvikvm( 2070): GC_FOR_ALLOC freed <1K, 34% free 9646K/14476K, paused 3ms, total 3ms
02-03 10:46:11.951 I/dalvikvm-heap( 2070): Grow heap (frag case) to 10.462MB for 1048592-byte allocation
02-03 10:46:11.951 D/dalvikvm( 2070): GC_FOR_ALLOC freed 0K, 32% free 10670K/15504K, paused 3ms, total 3ms
02-03 10:46:12.261 W/BindingManager( 6176): Cannot call determinedVisibility() - never saw a connection for the pid: 6176
02-03 10:46:12.901 W/BindingManager( 6176): Cannot call determinedVisibility() - never saw a connection for the pid: 6176
02-03 10:46:13.531 W/BindingManager( 6176): Cannot call determinedVisibility() - never saw a connection for the pid: 6176
02-03 10:46:13.621 I/chromium( 6176): [INFO:CONSOLE(36)] "Uncaught SecurityError: Failed to execute 'webkitRequestFileSystemSync' on 'WorkerGlobalScope': It was determined that certain files are unsafe for access within a Web application, or that too many calls are being made on file resources.", source: app://org.xwalk.webapi_noneservice_tests//opt/tct-filewriterapi-w3c-tests/filewriterapi/filewriter_sync.js (36)
02-03 10:46:15.481 D/dalvikvm( 2070): GC_CONCURRENT freed 7059K, 51% free 7699K/15504K, paused 1ms+1ms, total 7ms
02-03 10:46:15.481 D/dalvikvm( 2070): WAIT_FOR_CONCURRENT_GC blocked 6ms
02-03 10:46:15.491 D/dalvikvm( 2070): GC_CONCURRENT freed 4010K, 50% free 7756K/15504K, paused 1ms+1ms, total 3ms
02-03 10:46:15.491 D/dalvikvm( 2070): WAIT_FOR_CONCURRENT_GC blocked 2ms
02-03 10:46:15.491 D/dalvikvm( 2070): GC_CONCURRENT freed 4079K, 50% free 7755K/15504K, paused 1ms+1ms, total 3ms
02-03 10:46:15.491 D/dalvikvm( 2070): WAIT_FOR_CONCURRENT_GC blocked 2ms
02-03 10:46:15.511 D/dalvikvm( 2070): GC_CONCURRENT freed 4018K, 50% free 7802K/15504K, paused 0ms+2ms, total 15ms
02-03 10:46:15.511 D/dalvikvm( 2070): WAIT_FOR_CONCURRENT_GC blocked 14ms
02-03 10:46:15.521 D/dalvikvm( 2070): GC_CONCURRENT freed 4050K, 50% free 7832K/15504K, paused 0ms+1ms, total 4ms
02-03 10:46:15.521 D/dalvikvm( 2070): WAIT_FOR_CONCURRENT_GC blocked 3ms
02-03 10:46:15.531 D/dalvikvm( 2070): GC_CONCURRENT freed 4049K, 48% free 8068K/15504K, paused 0ms+1ms, total 3ms
02-03 10:46:15.541 D/dalvikvm( 2070): GC_CONCURRENT freed 4337K, 50% free 7774K/15504K, paused 1ms+1ms, total 3ms
02-03 10:46:15.541 D/dalvikvm( 2070): WAIT_FOR_CONCURRENT_GC blocked 2ms
02-03 10:46:15.541 D/dalvikvm( 2070): GC_CONCURRENT freed 4009K, 50% free 7819K/15504K, paused 0ms+1ms, total 3ms
02-03 10:46:15.541 D/dalvikvm( 2070): WAIT_FOR_CONCURRENT_GC blocked 3ms
02-03 10:46:15.551 D/dalvikvm( 2070): GC_CONCURRENT freed 4145K, 50% free 7755K/15504K, paused 1ms+1ms, total 3ms
02-03 10:46:15.551 D/dalvikvm( 2070): WAIT_FOR_CONCURRENT_GC blocked 2ms
02-03 10:46:15.561 D/dalvikvm( 2070): GC_CONCURRENT freed 3968K, 50% free 7803K/15504K, paused 1ms+1ms, total 3ms
02-03 10:46:15.561 D/dalvikvm( 2070): WAIT_FOR_CONCURRENT_GC blocked 3ms
02-03 10:46:15.561 D/dalvikvm( 2070): GC_CONCURRENT freed 3939K, 49% free 7938K/15504K, paused 1ms+1ms, total 3ms
02-03 10:46:15.561 D/dalvikvm( 2070): WAIT_FOR_CONCURRENT_GC blocked 1ms
02-03 10:46:15.571 D/dalvikvm( 2070): GC_CONCURRENT freed 4089K, 50% free 7819K/15504K, paused 1ms+1ms, total 4ms
02-03 10:46:15.571 D/dalvikvm( 2070): WAIT_FOR_CONCURRENT_GC blocked 3ms
02-03 10:46:15.571 D/dalvikvm( 2070): GC_CONCURRENT freed 3999K, 50% free 7872K/15504K, paused 0ms+1ms, total 3ms
02-03 10:46:15.571 D/dalvikvm( 2070): WAIT_FOR_CONCURRENT_GC blocked 3ms
02-03 10:46:15.581 D/dalvikvm( 2070): GC_FOR_ALLOC freed 4214K, 51% free 7738K/15504K, paused 3ms, total 3ms
02-03 10:46:15.591 D/dalvikvm( 2070): GC_CONCURRENT freed 3881K, 50% free 7890K/15504K, paused 0ms+2ms, total 3ms
02-03 10:46:15.591 D/dalvikvm( 2070): WAIT_FOR_CONCURRENT_GC blocked 3ms
02-03 10:46:15.591 D/dalvikvm( 2070): GC_CONCURRENT freed 4067K, 50% free 7848K/15504K, paused 1ms+1ms, total 3ms
02-03 10:46:15.591 D/dalvikvm( 2070): WAIT_FOR_CONCURRENT_GC blocked 2ms
02-03 10:46:15.601 D/dalvikvm( 2070): GC_CONCURRENT freed 4043K, 50% free 7854K/15504K, paused 1ms+2ms, total 4ms
02-03 10:46:15.601 D/dalvikvm( 2070): WAIT_FOR_CONCURRENT_GC blocked 3ms
02-03 10:46:15.611 D/dalvikvm( 2070): GC_CONCURRENT freed 4004K, 49% free 7915K/15504K, paused 0ms+1ms, total 3ms
02-03 10:46:15.611 D/dalvikvm( 2070): WAIT_FOR_CONCURRENT_GC blocked 3ms
02-03 10:46:15.611 D/dalvikvm( 2070): GC_CONCURRENT freed 4066K, 50% free 7867K/15504K, paused 1ms+1ms, total 3ms
02-03 10:46:15.611 D/dalvikvm( 2070): WAIT_FOR_CONCURRENT_GC blocked 2ms
02-03 10:46:15.621 D/dalvikvm( 2070): GC_CONCURRENT freed 4005K, 50% free 7873K/15504K, paused 1ms+1ms, total 3ms
02-03 10:46:15.621 D/dalvikvm( 2070): WAIT_FOR_CONCURRENT_GC blocked 2ms
02-03 10:46:15.621 D/dalvikvm( 2070): GC_CONCURRENT freed 3930K, 49% free 7937K/15504K, paused 1ms+1ms, total 3ms
02-03 10:46:15.621 D/dalvikvm( 2070): WAIT_FOR_CONCURRENT_GC blocked 2ms
02-03 10:46:15.631 D/dalvikvm( 2070): GC_FOR_ALLOC freed 4088K, 50% free 7763K/15504K, paused 3ms, total 3ms
02-03 10:46:15.641 D/dalvikvm( 2070): GC_CONCURRENT freed 3999K, 50% free 7828K/15504K, paused 1ms+1ms, total 3ms
02-03 10:46:15.641 D/dalvikvm( 2070): WAIT_FOR_CONCURRENT_GC blocked 2ms
02-03 10:46:15.641 D/dalvikvm( 2070): GC_CONCURRENT freed 3963K, 49% free 7958K/15504K, paused 0ms+1ms, total 2ms
02-03 10:46:15.641 D/dalvikvm( 2070): WAIT_FOR_CONCURRENT_GC blocked 3ms
02-03 10:46:15.651 D/dalvikvm( 2070): GC_CONCURRENT freed 4047K, 49% free 7965K/15504K, paused 0ms+1ms, total 3ms
02-03 10:46:15.651 D/dalvikvm( 2070): WAIT_FOR_CONCURRENT_GC blocked 3ms
02-03 10:46:15.661 D/dalvikvm( 2070): GC_CONCURRENT freed 4132K, 50% free 7840K/15504K, paused 1ms+1ms, total 3ms
02-03 10:46:15.661 D/dalvikvm( 2070): WAIT_FOR_CONCURRENT_GC blocked 2ms
02-03 10:46:15.661 D/dalvikvm( 2070): GC_CONCURRENT freed 3948K, 49% free 7911K/15504K, paused 1ms+1ms, total 3ms
02-03 10:46:15.661 D/dalvikvm( 2070): WAIT_FOR_CONCURRENT_GC blocked 2ms
02-03 10:46:15.671 D/dalvikvm( 2070): GC_CONCURRENT freed 4089K, 50% free 7847K/15504K, paused 1ms+1ms, total 3ms
02-03 10:46:15.671 D/dalvikvm( 2070): WAIT_FOR_CONCURRENT_GC blocked 2ms
02-03 10:46:15.671 D/dalvikvm( 2070): GC_CONCURRENT freed 3886K, 49% free 7990K/15504K, paused 1ms+1ms, total 3ms
02-03 10:46:15.671 D/dalvikvm( 2070): WAIT_FOR_CONCURRENT_GC blocked 2ms
02-03 10:46:15.681 D/dalvikvm( 2070): GC_FOR_ALLOC freed 3953K, 49% free 7996K/15504K, paused 2ms, total 3ms
02-03 10:46:15.691 D/dalvikvm( 2070): GC_CONCURRENT freed 4020K, 49% free 8002K/15504K, paused 0ms+1ms, total 3ms
02-03 10:46:15.691 D/dalvikvm( 2070): WAIT_FOR_CONCURRENT_GC blocked 3ms
02-03 10:46:15.691 D/dalvikvm( 2070): GC_CONCURRENT freed 4087K, 49% free 8008K/15504K, paused 0ms+1ms, total 3ms
02-03 10:46:15.691 D/dalvikvm( 2070): WAIT_FOR_CONCURRENT_GC blocked 3ms
02-03 10:46:15.701 D/dalvikvm( 2070): GC_CONCURRENT freed 4154K, 50% free 7866K/15504K, paused 0ms+1ms, total 3ms
02-03 10:46:15.701 D/dalvikvm( 2070): WAIT_FOR_CONCURRENT_GC blocked 3ms
02-03 10:46:15.701 D/dalvikvm( 2070): GC_CONCURRENT freed 3919K, 49% free 7945K/15504K, paused 1ms+1ms, total 3ms
02-03 10:46:15.701 D/dalvikvm( 2070): WAIT_FOR_CONCURRENT_GC blocked 2ms
02-03 10:46:15.711 D/dalvikvm( 2070): GC_CONCURRENT freed 4051K, 50% free 7872K/15504K, paused 1ms+1ms, total 3ms
02-03 10:46:15.711 D/dalvikvm( 2070): WAIT_FOR_CONCURRENT_GC blocked 2ms
02-03 10:46:15.721 D/dalvikvm( 2070): GC_FOR_ALLOC freed 3800K, 49% free 8031K/15504K, paused 3ms, total 3ms
02-03 10:46:15.721 D/dalvikvm( 2070): GC_CONCURRENT freed 4089K, 49% free 7958K/15504K, paused 1ms+1ms, total 3ms
02-03 10:46:15.721 D/dalvikvm( 2070): WAIT_FOR_CONCURRENT_GC blocked 2ms
02-03 10:46:15.731 D/dalvikvm( 2070): GC_FOR_ALLOC freed 4066K, 50% free 7802K/15504K, paused 3ms, total 3ms
02-03 10:46:15.731 D/dalvikvm( 2070): GC_FOR_ALLOC freed 3963K, 50% free 7804K/15504K, paused 3ms, total 3ms
02-03 10:46:15.741 D/dalvikvm( 2070): GC_CONCURRENT freed 3850K, 49% free 7971K/15504K, paused 1ms+1ms, total 3ms
02-03 10:46:15.751 D/dalvikvm( 2070): GC_CONCURRENT freed 4068K, 49% free 7975K/15504K, paused 1ms+2ms, total 4ms
02-03 10:46:15.751 D/dalvikvm( 2070): GC_FOR_ALLOC freed 3870K, 48% free 8063K/15504K, paused 3ms, total 3ms
02-03 10:46:15.761 D/dalvikvm( 2070): GC_CONCURRENT freed 4171K, 50% free 7898K/15504K, paused 1ms+1ms, total 3ms
02-03 10:46:15.761 D/dalvikvm( 2070): WAIT_FOR_CONCURRENT_GC blocked 2ms
02-03 10:46:15.761 D/dalvikvm( 2070): GC_FOR_ALLOC freed 4050K, 50% free 7815K/15504K, paused 3ms, total 3ms
02-03 10:46:15.771 D/dalvikvm( 2070): GC_FOR_ALLOC freed 3833K, 50% free 7904K/15504K, paused 2ms, total 3ms
02-03 10:46:15.781 D/dalvikvm( 2070): GC_CONCURRENT freed 3964K, 49% free 7995K/15504K, paused 1ms+2ms, total 4ms
02-03 10:46:15.781 D/dalvikvm( 2070): WAIT_FOR_CONCURRENT_GC blocked 3ms
02-03 10:46:15.781 D/dalvikvm( 2070): GC_CONCURRENT freed 4094K, 49% free 7910K/15504K, paused 1ms+1ms, total 3ms
02-03 10:46:15.781 D/dalvikvm( 2070): WAIT_FOR_CONCURRENT_GC blocked 2ms
02-03 10:46:15.791 D/dalvikvm( 2070): GC_FOR_ALLOC freed 3779K, 48% free 8093K/15504K, paused 2ms, total 3ms
02-03 10:46:15.791 D/dalvikvm( 2070): GC_CONCURRENT freed 4092K, 49% free 8007K/15504K, paused 1ms+1ms, total 3ms
02-03 10:46:15.791 D/dalvikvm( 2070): WAIT_FOR_CONCURRENT_GC blocked 2ms
02-03 10:46:15.801 D/dalvikvm( 2070): GC_FOR_ALLOC freed 4041K, 50% free 7826K/15504K, paused 2ms, total 2ms
02-03 10:46:15.801 D/dalvikvm( 2070): GC_FOR_ALLOC freed 3896K, 50% free 7828K/15504K, paused 2ms, total 3ms
02-03 10:46:15.811 D/dalvikvm( 2070): GC_FOR_ALLOC freed 3934K, 50% free 7830K/15504K, paused 3ms, total 3ms
02-03 10:46:15.811 D/dalvikvm( 2070): GC_CONCURRENT freed 3782K, 49% free 8021K/15504K, paused 1ms+1ms, total 4ms
02-03 10:46:15.811 D/dalvikvm( 2070): WAIT_FOR_CONCURRENT_GC blocked 3ms
02-03 10:46:15.821 D/dalvikvm( 2070): GC_CONCURRENT freed 4008K, 49% free 8025K/15504K, paused 0ms+1ms, total 3ms
02-03 10:46:15.821 D/dalvikvm( 2070): WAIT_FOR_CONCURRENT_GC blocked 3ms
02-03 10:46:15.831 D/dalvikvm( 2070): GC_CONCURRENT freed 4045K, 49% free 8028K/15504K, paused 1ms+1ms, total 3ms
02-03 10:46:15.831 D/dalvikvm( 2070): WAIT_FOR_CONCURRENT_GC blocked 2ms
02-03 10:46:15.831 D/dalvikvm( 2070): GC_CONCURRENT freed 4083K, 49% free 8032K/15504K, paused 1ms+1ms, total 3ms
02-03 10:46:15.831 D/dalvikvm( 2070): WAIT_FOR_CONCURRENT_GC blocked 2ms
02-03 10:46:15.841 D/dalvikvm( 2070): GC_FOR_ALLOC freed 3824K, 48% free 8133K/15504K, paused 5ms, total 5ms
02-03 10:46:15.841 D/dalvikvm( 2070): GC_FOR_ALLOC freed 4155K, 49% free 7939K/15504K, paused 2ms, total 2ms
02-03 10:46:15.851 D/dalvikvm( 2070): GC_FOR_ALLOC freed 3993K, 50% free 7842K/15504K, paused 2ms, total 2ms
02-03 10:46:15.861 D/dalvikvm( 2070): GC_CONCURRENT freed 3723K, 48% free 8146K/15504K, paused 1ms+1ms, total 3ms
02-03 10:46:15.861 D/dalvikvm( 2070): WAIT_FOR_CONCURRENT_GC blocked 2ms
02-03 10:46:15.861 D/dalvikvm( 2070): GC_CONCURRENT freed 4262K, 49% free 7947K/15504K, paused 1ms+1ms, total 3ms
02-03 10:46:15.861 D/dalvikvm( 2070): WAIT_FOR_CONCURRENT_GC blocked 3ms
02-03 10:46:15.871 D/dalvikvm( 2070): GC_FOR_ALLOC freed 3988K, 50% free 7849K/15504K, paused 2ms, total 2ms
02-03 10:46:15.871 W/System.err( 2070): java.lang.ArrayIndexOutOfBoundsException: length=112351; index=-32768
02-03 10:46:15.871 W/System.err( 2070): 	at com.googlehelp.service.l.a(Unknown Source)
02-03 10:46:15.871 W/System.err( 2070): 	at com.googlehelp.service.l.a(Unknown Source)
02-03 10:46:15.871 W/System.err( 2070): 	at com.googlehelp.service.l.a(Unknown Source)
02-03 10:46:15.871 W/System.err( 2070): 	at com.googlehelp.service.h.a(Unknown Source)
02-03 10:46:15.871 W/System.err( 2070): 	at com.googlehelp.service.h.run(Unknown Source)
02-03 10:46:15.871 W/System.err( 2070): 	at java.util.Timer$TimerImpl.run(Timer.java:284)
02-03 10:46:15.881 D/dalvikvm( 2070): GC_CONCURRENT freed 3961K, 49% free 7956K/15504K, paused 0ms+0ms, total 3ms
02-03 10:46:15.881 D/dalvikvm( 2070): WAIT_FOR_CONCURRENT_GC blocked 3ms
02-03 10:46:15.931 D/dalvikvm( 2070): GC_CONCURRENT freed 3983K, 33% free 8049K/11872K, paused 0ms+1ms, total 5ms
02-03 10:46:15.931 D/dalvikvm( 2070): WAIT_FOR_CONCURRENT_GC blocked 5ms
02-03 10:46:15.941 D/dalvikvm( 2070): GC_FOR_ALLOC freed 3592K, 35% free 7992K/12172K, paused 4ms, total 4ms
02-03 10:46:15.941 D/dalvikvm( 2070): GC_FOR_ALLOC freed 3400K, 35% free 8007K/12172K, paused 4ms, total 4ms
02-03 10:46:15.951 D/dalvikvm( 2070): GC_FOR_ALLOC freed 3234K, 35% free 8009K/12172K, paused 3ms, total 3ms
02-03 10:46:15.951 D/dalvikvm( 2070): GC_FOR_ALLOC freed 2945K, 35% free 8017K/12172K, paused 3ms, total 3ms
02-03 10:46:15.961 D/dalvikvm( 2070): GC_FOR_ALLOC freed 2750K, 35% free 8013K/12172K, paused 3ms, total 3ms
02-03 10:46:15.971 D/dalvikvm( 2070): GC_FOR_ALLOC freed 2735K, 35% free 8013K/12172K, paused 3ms, total 3ms
02-03 10:46:15.971 D/dalvikvm( 2070): GC_FOR_ALLOC freed 2682K, 35% free 8013K/12172K, paused 3ms, total 3ms
02-03 10:46:15.981 D/dalvikvm( 2070): GC_FOR_ALLOC freed 2660K, 34% free 8114K/12172K, paused 3ms, total 3ms
02-03 10:46:15.981 D/dalvikvm( 2070): GC_FOR_ALLOC freed 2902K, 35% free 8011K/12244K, paused 3ms, total 3ms
02-03 10:46:15.991 D/dalvikvm( 2070): GC_FOR_ALLOC freed 2591K, 35% free 8010K/12244K, paused 3ms, total 3ms
02-03 10:46:15.991 D/dalvikvm( 2070): GC_FOR_ALLOC freed 2500K, 35% free 8079K/12244K, paused 3ms, total 4ms
02-03 10:46:16.001 D/dalvikvm( 2070): GC_FOR_ALLOC freed 2429K, 35% free 8040K/12244K, paused 5ms, total 5ms
02-03 10:46:16.001 D/dalvikvm( 2070): GC_FOR_ALLOC freed 2386K, 34% free 8163K/12244K, paused 4ms, total 4ms
02-03 10:46:16.011 D/dalvikvm( 2070): GC_FOR_ALLOC freed 2376K, 35% free 8079K/12244K, paused 3ms, total 3ms
02-03 10:46:16.011 D/dalvikvm( 2070): GC_FOR_ALLOC freed 2443K, 35% free 8079K/12244K, paused 3ms, total 3ms
02-03 10:46:16.021 D/dalvikvm( 2070): GC_FOR_ALLOC freed 2510K, 35% free 8078K/12244K, paused 3ms, total 3ms
02-03 10:46:16.031 D/dalvikvm( 2070): GC_FOR_ALLOC freed 2484K, 35% free 8032K/12244K, paused 4ms, total 4ms
02-03 10:46:16.031 D/dalvikvm( 2070): GC_FOR_ALLOC freed 2641K, 35% free 8030K/12244K, paused 4ms, total 4ms
02-03 10:46:16.041 D/dalvikvm( 2070): GC_FOR_ALLOC freed 2464K, 34% free 8109K/12244K, paused 3ms, total 4ms
02-03 10:46:16.041 D/dalvikvm( 2070): GC_FOR_ALLOC freed 2420K, 34% free 8108K/12244K, paused 3ms, total 3ms
02-03 10:46:16.051 D/dalvikvm( 2070): GC_FOR_ALLOC freed 2471K, 34% free 8107K/12244K, paused 3ms, total 4ms
02-03 10:46:16.051 D/dalvikvm( 2070): GC_FOR_ALLOC freed 2419K, 35% free 8055K/12244K, paused 3ms, total 4ms
02-03 10:46:16.061 D/dalvikvm( 2070): GC_FOR_ALLOC freed 2307K, 33% free 8210K/12244K, paused 3ms, total 3ms
02-03 10:46:16.061 D/dalvikvm( 2070): GC_FOR_ALLOC freed 2510K, 35% free 8051K/12244K, paused 3ms, total 3ms
02-03 10:46:16.071 D/dalvikvm( 2070): GC_FOR_ALLOC freed 2392K, 33% free 8212K/12244K, paused 3ms, total 3ms
02-03 10:46:16.071 D/dalvikvm( 2070): GC_FOR_ALLOC freed 2601K, 35% free 8047K/12356K, paused 3ms, total 3ms
02-03 10:46:16.081 D/dalvikvm( 2070): GC_FOR_ALLOC freed 2365K, 35% free 8076K/12356K, paused 3ms, total 3ms
02-03 10:46:16.081 D/dalvikvm( 2070): GC_FOR_ALLOC freed 2402K, 35% free 8074K/12356K, paused 3ms, total 3ms
02-03 10:46:16.091 D/dalvikvm( 2070): GC_FOR_ALLOC freed 2143K, 34% free 8249K/12356K, paused 3ms, total 3ms
02-03 10:46:16.091 D/dalvikvm( 2070): GC_FOR_ALLOC freed 2055K, 34% free 8253K/12356K, paused 3ms, total 3ms
02-03 10:46:16.101 D/dalvikvm( 2070): GC_FOR_ALLOC freed 1962K, 35% free 8079K/12356K, paused 3ms, total 3ms
02-03 10:46:16.101 D/dalvikvm( 2070): GC_FOR_ALLOC freed 2226K, 35% free 8140K/12356K, paused 3ms, total 3ms
02-03 10:46:16.111 D/dalvikvm( 2070): GC_FOR_ALLOC freed 2445K, 35% free 8078K/12356K, paused 3ms, total 3ms
02-03 10:46:16.111 D/dalvikvm( 2070): GC_FOR_ALLOC freed 2287K, 35% free 8141K/12356K, paused 3ms, total 3ms
02-03 10:46:16.121 D/dalvikvm( 2070): GC_FOR_ALLOC freed 2191K, 35% free 8143K/12356K, paused 3ms, total 3ms
02-03 10:46:16.121 D/dalvikvm( 2070): GC_FOR_ALLOC freed 2090K, 35% free 8082K/12356K, paused 3ms, total 3ms
02-03 10:46:16.131 D/dalvikvm( 2070): GC_FOR_ALLOC freed 1919K, 34% free 8275K/12356K, paused 3ms, total 3ms
02-03 10:46:16.131 D/dalvikvm( 2070): GC_FOR_ALLOC freed 2134K, 35% free 8085K/12356K, paused 3ms, total 3ms
02-03 10:46:16.131 D/dalvikvm( 2070): GC_FOR_ALLOC freed 1960K, 33% free 8282K/12356K, paused 3ms, total 3ms
02-03 10:46:16.141 D/dalvikvm( 2070): GC_FOR_ALLOC freed 2179K, 35% free 8088K/12356K, paused 3ms, total 3ms
02-03 10:46:16.141 D/dalvikvm( 2070): GC_FOR_ALLOC freed 2000K, 33% free 8289K/12356K, paused 3ms, total 3ms
02-03 10:46:16.151 D/dalvikvm( 2070): GC_FOR_ALLOC freed 1884K, 33% free 8292K/12356K, paused 3ms, total 3ms
02-03 10:46:16.151 D/dalvikvm( 2070): GC_FOR_ALLOC freed 1901K, 33% free 8295K/12356K, paused 3ms, total 3ms
02-03 10:46:16.161 D/dalvikvm( 2070): GC_FOR_ALLOC freed 1918K, 33% free 8298K/12356K, paused 3ms, total 3ms
02-03 10:46:16.161 D/dalvikvm( 2070): GC_FOR_ALLOC freed 1935K, 33% free 8301K/12356K, paused 3ms, total 3ms
02-03 10:46:16.171 D/dalvikvm( 2070): GC_FOR_ALLOC freed 1951K, 33% free 8304K/12356K, paused 3ms, total 3ms
02-03 10:46:16.171 D/dalvikvm( 2070): GC_FOR_ALLOC freed 1968K, 33% free 8307K/12356K, paused 3ms, total 4ms
02-03 10:46:16.181 D/dalvikvm( 2070): GC_FOR_ALLOC freed 1985K, 33% free 8310K/12356K, paused 3ms, total 3ms
02-03 10:46:16.181 D/dalvikvm( 2070): GC_FOR_ALLOC freed 2001K, 33% free 8313K/12356K, paused 3ms, total 3ms
02-03 10:46:16.191 D/dalvikvm( 2070): GC_FOR_ALLOC freed 2018K, 34% free 8171K/12356K, paused 3ms, total 3ms
02-03 10:46:16.191 D/dalvikvm( 2070): GC_FOR_ALLOC freed 1889K, 35% free 8101K/12356K, paused 3ms, total 3ms
02-03 10:46:16.191 D/dalvikvm( 2070): GC_FOR_ALLOC freed 2050K, 35% free 8102K/12356K, paused 3ms, total 3ms
02-03 10:46:16.201 D/dalvikvm( 2070): GC_FOR_ALLOC freed 2067K, 35% free 8103K/12356K, paused 3ms, total 3ms
02-03 10:46:16.201 D/dalvikvm( 2070): GC_FOR_ALLOC freed 2084K, 35% free 8104K/12356K, paused 3ms, total 3ms
02-03 10:46:16.211 D/dalvikvm( 2070): GC_FOR_ALLOC freed 2101K, 35% free 8106K/12356K, paused 3ms, total 3ms
02-03 10:46:16.211 D/dalvikvm( 2070): GC_FOR_ALLOC freed 2117K, 35% free 8107K/12356K, paused 3ms, total 3ms
02-03 10:46:16.221 D/dalvikvm( 2070): GC_FOR_ALLOC freed 2134K, 35% free 8108K/12356K, paused 3ms, total 3ms
02-03 10:46:16.221 D/dalvikvm( 2070): GC_FOR_ALLOC freed 2151K, 35% free 8109K/12356K, paused 3ms, total 3ms
02-03 10:46:16.231 D/dalvikvm( 2070): GC_FOR_ALLOC freed 2168K, 35% free 8110K/12356K, paused 3ms, total 3ms
02-03 10:46:16.231 D/dalvikvm( 2070): GC_FOR_ALLOC freed 2184K, 35% free 8112K/12356K, paused 3ms, total 3ms
02-03 10:46:16.241 D/dalvikvm( 2070): GC_FOR_ALLOC freed 2201K, 35% free 8113K/12356K, paused 3ms, total 3ms
02-03 10:46:16.241 D/dalvikvm( 2070): GC_FOR_ALLOC freed 2218K, 35% free 8114K/12356K, paused 3ms, total 3ms
02-03 10:46:16.251 D/dalvikvm( 2070): GC_FOR_ALLOC freed 1834K, 33% free 8354K/12356K, paused 4ms, total 4ms
02-03 10:46:16.251 D/dalvikvm( 2070): GC_FOR_ALLOC freed 1686K, 33% free 8357K/12356K, paused 3ms, total 3ms
02-03 10:46:16.261 D/dalvikvm( 2070): GC_FOR_ALLOC freed 2264K, 34% free 8198K/12356K, paused 3ms, total 3ms
02-03 10:46:16.261 D/dalvikvm( 2070): GC_FOR_ALLOC freed 1709K, 33% free 8362K/12356K, paused 3ms, total 3ms
02-03 10:46:16.271 D/dalvikvm( 2070): GC_FOR_ALLOC freed 2130K, 35% free 8119K/12356K, paused 3ms, total 3ms
02-03 10:46:16.271 D/dalvikvm( 2070): GC_FOR_ALLOC freed 1896K, 33% free 8367K/12356K, paused 3ms, total 3ms
02-03 10:46:16.271 D/dalvikvm( 2070): GC_FOR_ALLOC freed 2158K, 35% free 8122K/12356K, paused 3ms, total 3ms
02-03 10:46:16.281 D/dalvikvm( 2070): GC_FOR_ALLOC freed 1922K, 34% free 8206K/12356K, paused 3ms, total 3ms
02-03 10:46:16.281 D/dalvikvm( 2070): GC_FOR_ALLOC freed 1765K, 33% free 8375K/12356K, paused 4ms, total 4ms
02-03 10:46:16.291 D/dalvikvm( 2070): GC_FOR_ALLOC freed 1775K, 33% free 8377K/12356K, paused 3ms, total 3ms
02-03 10:46:16.291 D/dalvikvm( 2070): GC_FOR_ALLOC freed 1784K, 33% free 8380K/12356K, paused 3ms, total 3ms
02-03 10:46:16.301 D/dalvikvm( 2070): GC_FOR_ALLOC freed 1794K, 33% free 8382K/12356K, paused 3ms, total 3ms
02-03 10:46:16.301 D/dalvikvm( 2070): GC_FOR_ALLOC freed 1803K, 33% free 8384K/12356K, paused 4ms, total 4ms
02-03 10:46:16.311 D/dalvikvm( 2070): GC_FOR_ALLOC freed 1812K, 33% free 8386K/12356K, paused 3ms, total 3ms
02-03 10:46:16.311 D/dalvikvm( 2070): GC_FOR_ALLOC freed 1822K, 33% free 8389K/12356K, paused 3ms, total 3ms
02-03 10:46:16.321 D/dalvikvm( 2070): GC_FOR_ALLOC freed 2269K, 36% free 8130K/12532K, paused 3ms, total 3ms
02-03 10:46:16.321 D/dalvikvm( 2070): GC_FOR_ALLOC freed 2019K, 34% free 8394K/12532K, paused 3ms, total 3ms
02-03 10:46:16.331 D/dalvikvm( 2070): GC_FOR_ALLOC freed 1853K, 33% free 8396K/12532K, paused 3ms, total 3ms
02-03 10:46:16.331 D/dalvikvm( 2070): GC_FOR_ALLOC freed 1863K, 35% free 8221K/12532K, paused 3ms, total 3ms
02-03 10:46:16.341 D/dalvikvm( 2070): GC_FOR_ALLOC freed 1872K, 33% free 8401K/12532K, paused 3ms, total 3ms
02-03 10:46:16.341 D/dalvikvm( 2070): GC_FOR_ALLOC freed 1881K, 33% free 8403K/12532K, paused 3ms, total 3ms
02-03 10:46:16.341 D/dalvikvm( 2070): GC_FOR_ALLOC freed 1891K, 33% free 8405K/12532K, paused 3ms, total 3ms
02-03 10:46:16.351 D/dalvikvm( 2070): GC_FOR_ALLOC freed 1900K, 33% free 8407K/12532K, paused 3ms, total 3ms
02-03 10:46:16.351 D/dalvikvm( 2070): GC_FOR_ALLOC freed 1910K, 33% free 8410K/12532K, paused 3ms, total 3ms
02-03 10:46:16.361 D/dalvikvm( 2070): GC_FOR_ALLOC freed 1919K, 33% free 8412K/12532K, paused 4ms, total 4ms
02-03 10:46:16.361 D/dalvikvm( 2070): GC_FOR_ALLOC freed 1928K, 33% free 8414K/12532K, paused 3ms, total 3ms
02-03 10:46:16.371 D/dalvikvm( 2070): GC_FOR_ALLOC freed 1938K, 33% free 8416K/12532K, paused 4ms, total 4ms
02-03 10:46:16.371 D/dalvikvm( 2070): GC_FOR_ALLOC freed 1947K, 33% free 8419K/12532K, paused 3ms, total 3ms
02-03 10:46:16.381 D/dalvikvm( 2070): GC_FOR_ALLOC freed 1957K, 33% free 8421K/12532K, paused 4ms, total 4ms
02-03 10:46:16.381 D/dalvikvm( 2070): GC_FOR_ALLOC freed 1966K, 35% free 8236K/12532K, paused 3ms, total 3ms
02-03 10:46:16.381 D/dalvikvm( 2070): GC_FOR_ALLOC freed 1787K, 36% free 8144K/12532K, paused 3ms, total 3ms
02-03 10:46:16.391 D/dalvikvm( 2070): GC_FOR_ALLOC freed 1984K, 36% free 8144K/12532K, paused 3ms, total 3ms
02-03 10:46:16.391 D/dalvikvm( 2070): GC_FOR_ALLOC freed 1993K, 35% free 8145K/12532K, paused 3ms, total 3ms
02-03 10:46:16.401 D/dalvikvm( 2070): GC_FOR_ALLOC freed 2003K, 35% free 8146K/12532K, paused 4ms, total 4ms
02-03 10:46:16.401 D/dalvikvm( 2070): GC_FOR_ALLOC freed 2012K, 35% free 8147K/12532K, paused 4ms, total 4ms
02-03 10:46:16.411 D/dalvikvm( 2070): GC_FOR_ALLOC freed 2022K, 35% free 8148K/12532K, paused 4ms, total 4ms
02-03 10:46:16.411 D/dalvikvm( 2070): GC_FOR_ALLOC freed 2031K, 35% free 8149K/12532K, paused 3ms, total 3ms
02-03 10:46:16.421 D/dalvikvm( 2070): GC_FOR_ALLOC freed 2041K, 35% free 8150K/12532K, paused 3ms, total 3ms
02-03 10:46:16.421 D/dalvikvm( 2070): GC_FOR_ALLOC freed 1561K, 33% free 8442K/12532K, paused 3ms, total 3ms
02-03 10:46:16.431 D/dalvikvm( 2070): GC_FOR_ALLOC freed 2057K, 35% free 8249K/12532K, paused 3ms, total 3ms
02-03 10:46:16.431 D/dalvikvm( 2070): GC_FOR_ALLOC freed 1870K, 35% free 8152K/12532K, paused 3ms, total 3ms
02-03 10:46:16.441 D/dalvikvm( 2070): GC_FOR_ALLOC freed 2075K, 35% free 8153K/12532K, paused 3ms, total 3ms
02-03 10:46:16.441 D/dalvikvm( 2070): GC_FOR_ALLOC freed 2084K, 35% free 8154K/12532K, paused 3ms, total 3ms
02-03 10:46:16.451 D/dalvikvm( 2070): GC_FOR_ALLOC freed 1594K, 33% free 8453K/12532K, paused 3ms, total 3ms
02-03 10:46:16.451 D/dalvikvm( 2070): GC_FOR_ALLOC freed 1399K, 33% free 8454K/12532K, paused 3ms, total 3ms
02-03 10:46:16.451 D/dalvikvm( 2070): GC_FOR_ALLOC freed 2107K, 35% free 8256K/12532K, paused 3ms, total 3ms
02-03 10:46:16.461 D/dalvikvm( 2070): GC_FOR_ALLOC freed 1915K, 35% free 8157K/12532K, paused 3ms, total 3ms
02-03 10:46:16.461 D/dalvikvm( 2070): GC_FOR_ALLOC freed 2125K, 35% free 8158K/12532K, paused 3ms, total 3ms
02-03 10:46:16.471 D/dalvikvm( 2070): GC_FOR_ALLOC freed 2135K, 35% free 8159K/12532K, paused 3ms, total 3ms
02-03 10:46:16.471 D/dalvikvm( 2070): GC_FOR_ALLOC freed 2257K, 35% free 8161K/12532K, paused 3ms, total 3ms
02-03 10:46:16.481 D/dalvikvm( 2070): GC_FOR_ALLOC freed 1937K, 35% free 8158K/12532K, paused 3ms, total 3ms
02-03 10:46:16.481 D/dalvikvm( 2070): GC_FOR_ALLOC freed 1535K, 35% free 8158K/12532K, paused 3ms, total 3ms
02-03 10:46:16.491 D/dalvikvm( 2070): GC_FOR_ALLOC freed 2386K, 40% free 7638K/12532K, paused 3ms, total 3ms
02-03 10:46:16.491 D/dalvikvm( 2070): GC_FOR_ALLOC freed <1K, 31% free 8662K/12532K, paused 2ms, total 2ms
02-03 10:46:16.491 I/dalvikvm-heap( 2070): Grow heap (frag case) to 9.502MB for 1048592-byte allocation
02-03 10:46:16.501 D/dalvikvm( 2070): GC_FOR_ALLOC freed 4K, 29% free 9682K/13560K, paused 2ms, total 2ms
02-03 10:46:16.501 D/dalvikvm( 2070): GC_FOR_ALLOC freed <1K, 29% free 9682K/13560K, paused 3ms, total 3ms
02-03 10:46:16.501 I/dalvikvm-heap( 2070): Grow heap (frag case) to 10.499MB for 1048592-byte allocation
02-03 10:46:16.501 D/dalvikvm( 2070): GC_FOR_ALLOC freed 0K, 27% free 10706K/14588K, paused 3ms, total 3ms
02-03 10:46:16.571 D/dalvikvm( 2070): GC_CONCURRENT freed 6779K, 47% free 7970K/14832K, paused 1ms+1ms, total 17ms
02-03 10:46:16.571 D/dalvikvm( 2070): WAIT_FOR_CONCURRENT_GC blocked 16ms
02-03 10:46:16.581 D/dalvikvm( 2070): GC_CONCURRENT freed 4034K, 37% free 8012K/12624K, paused 0ms+1ms, total 4ms
02-03 10:46:16.581 D/dalvikvm( 2070): WAIT_FOR_CONCURRENT_GC blocked 4ms
02-03 10:46:16.591 D/dalvikvm( 2070): GC_FOR_ALLOC freed 3719K, 37% free 8021K/12624K, paused 5ms, total 5ms
02-03 10:46:16.601 D/dalvikvm( 2070): GC_FOR_ALLOC freed 3575K, 38% free 7951K/12624K, paused 5ms, total 5ms
02-03 10:46:16.611 D/dalvikvm( 2070): GC_FOR_ALLOC freed 3335K, 37% free 7977K/12624K, paused 3ms, total 3ms
02-03 10:46:16.611 W/BindingManager( 6176): Cannot call determinedVisibility() - never saw a connection for the pid: 6176
02-03 10:46:16.611 F/libc    ( 6176): Fatal signal 11 (SIGSEGV) at 0x00000050 (code=1), thread 6217 (HTMLParserThrea)
02-03 10:46:16.611 D/dalvikvm( 2070): GC_FOR_ALLOC freed 3039K, 37% free 8068K/12624K, paused 3ms, total 3ms
02-03 10:46:16.621 D/dalvikvm( 2070): GC_FOR_ALLOC freed 2985K, 37% free 7975K/12624K, paused 3ms, total 3ms
02-03 10:46:16.631 D/dalvikvm( 2070): GC_FOR_ALLOC freed 3075K, 37% free 8076K/12624K, paused 3ms, total 3ms
02-03 10:46:16.631 D/dalvikvm( 2070): GC_FOR_ALLOC freed 3188K, 37% free 8010K/12624K, paused 3ms, total 3ms
02-03 10:46:16.641 D/dalvikvm( 2070): GC_FOR_ALLOC freed 3025K, 37% free 7974K/12624K, paused 3ms, total 3ms
02-03 10:46:16.641 D/dalvikvm( 2070): GC_FOR_ALLOC freed 2774K, 37% free 8012K/12624K, paused 3ms, total 3ms
02-03 10:46:16.651 D/dalvikvm( 2070): GC_FOR_ALLOC freed 2722K, 37% free 7972K/12624K, paused 3ms, total 3ms
02-03 10:46:16.651 D/dalvikvm( 2070): GC_FOR_ALLOC freed 2700K, 36% free 8129K/12624K, paused 3ms, total 3ms
02-03 10:46:16.661 D/dalvikvm( 2070): GC_FOR_ALLOC freed 2619K, 37% free 8002K/12624K, paused 3ms, total 4ms
02-03 10:46:16.661 D/dalvikvm( 2070): GC_FOR_ALLOC freed 2787K, 37% free 8001K/12624K, paused 3ms, total 3ms
02-03 10:46:16.661 I/DEBUG   (  170): *** *** *** *** *** *** *** *** *** *** *** *** *** *** *** ***
02-03 10:46:16.661 I/DEBUG   (  170): Build fingerprint: 'asus/CN_K011/K011:4.4.2/KOT49H/CN_user_3.0.23.142_20140603:user/release-keys'
02-03 10:46:16.661 I/DEBUG   (  170): Revision: '0'
02-03 10:46:16.661 I/DEBUG   (  170): pid: 6176, tid: 6217, name: HTMLParserThrea  >>> org.xwalk.webapi_noneservice_tests <<<
02-03 10:46:16.661 I/DEBUG   (  170): signal 11 (SIGSEGV), code 1 (SEGV_MAPERR), fault addr 00000050
02-03 10:46:16.671 D/dalvikvm( 2070): GC_FOR_ALLOC freed 2872K, 37% free 7999K/12624K, paused 3ms, total 3ms
02-03 10:46:16.671 D/dalvikvm( 2070): GC_FOR_ALLOC freed 2719K, 36% free 8139K/12624K, paused 3ms, total 3ms
02-03 10:46:16.681 D/dalvikvm( 2070): GC_FOR_ALLOC freed 2597K, 37% free 7996K/12624K, paused 3ms, total 3ms
02-03 10:46:16.681 D/dalvikvm( 2070): GC_FOR_ALLOC freed 2758K, 37% free 7995K/12624K, paused 3ms, total 3ms
02-03 10:46:16.691 D/dalvikvm( 2070): GC_FOR_ALLOC freed 2570K, 36% free 8144K/12624K, paused 3ms, total 3ms
02-03 10:46:16.701 D/dalvikvm( 2070): GC_FOR_ALLOC freed 2782K, 37% free 8023K/12624K, paused 3ms, total 3ms
02-03 10:46:16.701 D/dalvikvm( 2070): GC_FOR_ALLOC freed 2685K, 36% free 8179K/12624K, paused 3ms, total 3ms
02-03 10:46:16.711 D/dalvikvm( 2070): GC_FOR_ALLOC freed 2632K, 36% free 8181K/12624K, paused 4ms, total 4ms
02-03 10:46:16.711 D/dalvikvm( 2070): GC_FOR_ALLOC freed 2683K, 37% free 8072K/12624K, paused 3ms, total 3ms
02-03 10:46:16.721 D/dalvikvm( 2070): GC_FOR_ALLOC freed 2622K, 37% free 8015K/12624K, paused 3ms, total 3ms
02-03 10:46:16.721 D/dalvikvm( 2070): GC_FOR_ALLOC freed 2497K, 36% free 8183K/12624K, paused 3ms, total 3ms
02-03 10:46:16.731 D/dalvikvm( 2070): GC_FOR_ALLOC freed 2423K, 37% free 8068K/12624K, paused 3ms, total 3ms
02-03 10:46:16.731 D/dalvikvm( 2070): GC_FOR_ALLOC freed 2343K, 37% free 8009K/12624K, paused 3ms, total 3ms
02-03 10:46:16.741 D/dalvikvm( 2070): GC_FOR_ALLOC freed 2496K, 37% free 8039K/12624K, paused 3ms, total 3ms
02-03 10:46:16.741 D/dalvikvm( 2070): GC_FOR_ALLOC freed 2534K, 37% free 8036K/12624K, paused 3ms, total 3ms
02-03 10:46:16.751 D/dalvikvm( 2070): GC_FOR_ALLOC freed 2572K, 37% free 8034K/12624K, paused 4ms, total 4ms
02-03 10:46:16.751 D/dalvikvm( 2070): GC_FOR_ALLOC freed 2297K, 35% free 8218K/12624K, paused 3ms, total 3ms
02-03 10:46:16.761 D/dalvikvm( 2070): GC_FOR_ALLOC freed 2200K, 36% free 8092K/12624K, paused 3ms, total 3ms
02-03 10:46:16.761 D/dalvikvm( 2070): GC_FOR_ALLOC freed 2226K, 35% free 8217K/12624K, paused 3ms, total 3ms
02-03 10:46:16.771 D/dalvikvm( 2070): GC_FOR_ALLOC freed 2252K, 36% free 8088K/12624K, paused 3ms, total 3ms
02-03 10:46:16.771 D/dalvikvm( 2070): GC_FOR_ALLOC freed 2278K, 35% free 8217K/12624K, paused 4ms, total 4ms
02-03 10:46:16.781 D/dalvikvm( 2070): GC_FOR_ALLOC freed 2305K, 36% free 8117K/12624K, paused 4ms, total 4ms
02-03 10:46:16.781 D/dalvikvm( 2070): GC_FOR_ALLOC freed 2197K, 37% free 8049K/12624K, paused 4ms, total 4ms
02-03 10:46:16.791 D/dalvikvm( 2070): GC_FOR_ALLOC freed 2355K, 37% free 8046K/12624K, paused 3ms, total 3ms
02-03 10:46:16.791 D/dalvikvm( 2070): GC_FOR_ALLOC freed 2036K, 35% free 8251K/12624K, paused 3ms, total 3ms
02-03 10:46:16.801 D/dalvikvm( 2070): GC_FOR_ALLOC freed 1918K, 35% free 8254K/12624K, paused 4ms, total 4ms
02-03 10:46:16.801 D/dalvikvm( 2070): GC_FOR_ALLOC freed 2286K, 37% free 8046K/12624K, paused 3ms, total 3ms
02-03 10:46:16.811 D/dalvikvm( 2070): GC_FOR_ALLOC freed 2094K, 35% free 8256K/12624K, paused 3ms, total 3ms
02-03 10:46:16.811 D/dalvikvm( 2070): GC_FOR_ALLOC freed 2331K, 37% free 8045K/12624K, paused 3ms, total 3ms
02-03 10:46:16.821 D/dalvikvm( 2070): GC_FOR_ALLOC freed 2135K, 35% free 8259K/12624K, paused 3ms, total 3ms
02-03 10:46:16.821 D/dalvikvm( 2070): GC_FOR_ALLOC freed 2010K, 35% free 8262K/12624K, paused 3ms, total 3ms
02-03 10:46:16.831 D/dalvikvm( 2070): GC_FOR_ALLOC freed 2027K, 36% free 8120K/12624K, paused 3ms, total 3ms
02-03 10:46:16.831 D/dalvikvm( 2070): GC_FOR_ALLOC freed 2043K, 35% free 8268K/12624K, paused 3ms, total 3ms
02-03 10:46:16.831 D/dalvikvm( 2070): GC_FOR_ALLOC freed 2434K, 37% free 8047K/12624K, paused 3ms, total 3ms
02-03 10:46:16.841 D/dalvikvm( 2070): GC_FOR_ALLOC freed 2229K, 36% free 8122K/12624K, paused 4ms, total 4ms
02-03 10:46:16.851 D/dalvikvm( 2070): GC_FOR_ALLOC freed 2098K, 35% free 8274K/12624K, paused 3ms, total 3ms
02-03 10:46:16.851 D/dalvikvm( 2070): GC_FOR_ALLOC freed 2114K, 35% free 8277K/12624K, paused 3ms, total 3ms
02-03 10:46:16.851 D/dalvikvm( 2070): GC_FOR_ALLOC freed 2131K, 35% free 8280K/12624K, paused 3ms, total 3ms
02-03 10:46:16.861 D/dalvikvm( 2070): GC_FOR_ALLOC freed 2148K, 36% free 8129K/12624K, paused 3ms, total 3ms
02-03 10:46:16.861 D/dalvikvm( 2070): GC_FOR_ALLOC freed 2165K, 36% free 8131K/12624K, paused 3ms, total 3ms
02-03 10:46:16.871 D/dalvikvm( 2070): GC_FOR_ALLOC freed 2025K, 37% free 8055K/12624K, paused 3ms, total 3ms
02-03 10:46:16.871 D/dalvikvm( 2070): GC_FOR_ALLOC freed 2197K, 37% free 8057K/12624K, paused 3ms, total 3ms
02-03 10:46:16.881 D/dalvikvm( 2070): GC_FOR_ALLOC freed 2214K, 37% free 8058K/12624K, paused 3ms, total 3ms
02-03 10:46:16.881 D/dalvikvm( 2070): GC_FOR_ALLOC freed 2230K, 37% free 8059K/12624K, paused 3ms, total 3ms
02-03 10:46:16.891 D/dalvikvm( 2070): GC_FOR_ALLOC freed 2249K, 37% free 8060K/12624K, paused 3ms, total 3ms
02-03 10:46:16.891 D/dalvikvm( 2070): GC_FOR_ALLOC freed 2267K, 37% free 8062K/12624K, paused 3ms, total 3ms
02-03 10:46:16.901 D/dalvikvm( 2070): GC_FOR_ALLOC freed 2284K, 37% free 8063K/12624K, paused 3ms, total 3ms
02-03 10:46:16.901 D/dalvikvm( 2070): GC_FOR_ALLOC freed 1889K, 35% free 8310K/12624K, paused 3ms, total 3ms
02-03 10:46:16.911 D/dalvikvm( 2070): GC_FOR_ALLOC freed 2150K, 37% free 8065K/12624K, paused 3ms, total 3ms
02-03 10:46:16.911 D/dalvikvm( 2070): GC_FOR_ALLOC freed 1914K, 35% free 8315K/12624K, paused 3ms, total 3ms
02-03 10:46:16.921 D/dalvikvm( 2070): GC_FOR_ALLOC freed 2180K, 37% free 8067K/12624K, paused 3ms, total 3ms
02-03 10:46:16.921 D/dalvikvm( 2070): GC_FOR_ALLOC freed 1940K, 35% free 8321K/12624K, paused 3ms, total 3ms
02-03 10:46:16.931 D/dalvikvm( 2070): GC_FOR_ALLOC freed 2207K, 37% free 8069K/12624K, paused 4ms, total 4ms
02-03 10:46:16.931 D/dalvikvm( 2070): GC_FOR_ALLOC freed 1964K, 35% free 8326K/12624K, paused 3ms, total 3ms
02-03 10:46:16.941 D/dalvikvm( 2070): GC_FOR_ALLOC freed 2234K, 37% free 8071K/12624K, paused 3ms, total 3ms
02-03 10:46:16.941 D/dalvikvm( 2070): GC_FOR_ALLOC freed 1988K, 35% free 8331K/12624K, paused 3ms, total 3ms
02-03 10:46:16.941 D/dalvikvm( 2070): GC_FOR_ALLOC freed 2261K, 37% free 8073K/12624K, paused 3ms, total 3ms
02-03 10:46:16.951 D/dalvikvm( 2070): GC_FOR_ALLOC freed 2012K, 34% free 8336K/12624K, paused 3ms, total 3ms
02-03 10:46:16.951 D/dalvikvm( 2070): GC_FOR_ALLOC freed 1847K, 34% free 8339K/12624K, paused 3ms, total 3ms
02-03 10:46:16.961 D/dalvikvm( 2070): GC_FOR_ALLOC freed 1856K, 36% free 8164K/12624K, paused 3ms, total 3ms
02-03 10:46:16.961 D/dalvikvm( 2070): GC_FOR_ALLOC freed 1866K, 34% free 8343K/12624K, paused 3ms, total 3ms
02-03 10:46:16.971 D/dalvikvm( 2070): GC_FOR_ALLOC freed 1875K, 34% free 8345K/12624K, paused 3ms, total 3ms
02-03 10:46:16.971 D/dalvikvm( 2070): GC_FOR_ALLOC freed 1885K, 34% free 8348K/12624K, paused 3ms, total 3ms
02-03 10:46:16.981 D/dalvikvm( 2070): GC_FOR_ALLOC freed 1894K, 34% free 8350K/12624K, paused 3ms, total 4ms
02-03 10:46:16.981 I/DEBUG   (  170): 
02-03 10:46:16.981 I/DEBUG   (  170): backtrace:
02-03 10:46:16.981 I/DEBUG   (  170):     #00  pc 00e4d6b9  /data/app-lib/org.xwalk.webapi_noneservice_tests-1/libxwalkcore.so
02-03 10:46:16.981 I/DEBUG   (  170): 
02-03 10:46:16.981 I/DEBUG   (  170): stack:
02-03 10:46:16.981 I/DEBUG   (  170):          689fd680  6525fa74  /data/app-lib/org.xwalk.webapi_noneservice_tests-1/libxwalkcore.so
02-03 10:46:16.981 I/DEBUG   (  170):          689fd684  68ffeca0  [anon:libc_malloc]
02-03 10:46:16.981 I/DEBUG   (  170):          689fd688  67265800  
02-03 10:46:16.981 I/DEBUG   (  170):          689fd68c  63f11d65  /data/app-lib/org.xwalk.webapi_noneservice_tests-1/libxwalkcore.so
02-03 10:46:16.981 I/DEBUG   (  170):          689fd690  66b55bb0  [anon:libc_malloc]
02-03 10:46:16.981 I/DEBUG   (  170):          689fd694  63888a1d  /data/app-lib/org.xwalk.webapi_noneservice_tests-1/libxwalkcore.so
02-03 10:46:16.981 I/DEBUG   (  170):          689fd698  6afa1010  [anon:libc_malloc]
02-03 10:46:16.981 I/DEBUG   (  170):          689fd69c  6afa1010  [anon:libc_malloc]
02-03 10:46:16.981 I/DEBUG   (  170):          689fd6a0  ffffffff  
02-03 10:46:16.981 I/DEBUG   (  170):          689fd6a4  63f11d44  /data/app-lib/org.xwalk.webapi_noneservice_tests-1/libxwalkcore.so
02-03 10:46:16.981 I/DEBUG   (  170):          689fd6a8  6525fa74  /data/app-lib/org.xwalk.webapi_noneservice_tests-1/libxwalkcore.so
02-03 10:46:16.981 I/DEBUG   (  170):          689fd6ac  63888acc  /data/app-lib/org.xwalk.webapi_noneservice_tests-1/libxwalkcore.so
02-03 10:46:16.981 I/DEBUG   (  170):          689fd6b0  63888a1d  /data/app-lib/org.xwalk.webapi_noneservice_tests-1/libxwalkcore.so
02-03 10:46:16.981 I/DEBUG   (  170):          689fd6b4  6afa1010  [anon:libc_malloc]
02-03 10:46:16.981 I/DEBUG   (  170):          689fd6b8  ffffffff  
02-03 10:46:16.981 I/DEBUG   (  170):          689fd6bc  63888644  /data/app-lib/org.xwalk.webapi_noneservice_tests-1/libxwalkcore.so
02-03 10:46:16.981 I/DEBUG   (  170):     #00  689fd6c0  6525fa74  /data/app-lib/org.xwalk.webapi_noneservice_tests-1/libxwalkcore.so
02-03 10:46:16.981 I/DEBUG   (  170):          689fd6c4  00000070  
02-03 10:46:16.981 I/DEBUG   (  170):          689fd6c8  69610080  
02-03 10:46:16.981 I/DEBUG   (  170):          689fd6cc  640d1344  /data/app-lib/org.xwalk.webapi_noneservice_tests-1/libxwalkcore.so
02-03 10:46:16.981 I/DEBUG   (  170):          689fd6d0  00000070  
02-03 10:46:16.981 I/DEBUG   (  170):          689fd6d4  6afa1010  [anon:libc_malloc]
02-03 10:46:16.981 I/DEBUG   (  170):          689fd6d8  640d0bfc  /data/app-lib/org.xwalk.webapi_noneservice_tests-1/libxwalkcore.so
02-03 10:46:16.981 I/DEBUG   (  170):          689fd6dc  6525fa74  /data/app-lib/org.xwalk.webapi_noneservice_tests-1/libxwalkcore.so
02-03 10:46:16.981 I/DEBUG   (  170):          689fd6e0  69601080  
02-03 10:46:16.981 I/DEBUG   (  170):          689fd6e4  6525fa74  /data/app-lib/org.xwalk.webapi_noneservice_tests-1/libxwalkcore.so
02-03 10:46:16.981 I/DEBUG   (  170):          689fd6e8  00000000  
02-03 10:46:16.981 I/DEBUG   (  170):          689fd6ec  640d1230  /data/app-lib/org.xwalk.webapi_noneservice_tests-1/libxwalkcore.so
02-03 10:46:16.981 I/DEBUG   (  170):          689fd6f0  00000000  
02-03 10:46:16.981 I/DEBUG   (  170):          689fd6f4  00000001  
02-03 10:46:16.981 I/DEBUG   (  170):          689fd6f8  640d127c  /data/app-lib/org.xwalk.webapi_noneservice_tests-1/libxwalkcore.so
02-03 10:46:16.981 I/DEBUG   (  170):          689fd6fc  6525fa74  /data/app-lib/org.xwalk.webapi_noneservice_tests-1/libxwalkcore.so
02-03 10:46:16.981 D/dalvikvm( 2070): GC_FOR_ALLOC freed 1903K, 34% free 8352K/12624K, paused 3ms, total 3ms
02-03 10:46:16.991 D/dalvikvm( 2070): GC_FOR_ALLOC freed 1913K, 34% free 8354K/12624K, paused 3ms, total 4ms
02-03 10:46:16.991 D/dalvikvm( 2070): GC_FOR_ALLOC freed 1922K, 34% free 8357K/12624K, paused 3ms, total 3ms
02-03 10:46:16.991 D/dalvikvm( 2070): GC_FOR_ALLOC freed 1932K, 34% free 8359K/12624K, paused 3ms, total 3ms
02-03 10:46:17.001 D/dalvikvm( 2070): GC_FOR_ALLOC freed 1941K, 34% free 8361K/12624K, paused 3ms, total 3ms
02-03 10:46:17.001 D/dalvikvm( 2070): GC_FOR_ALLOC freed 1950K, 34% free 8363K/12624K, paused 3ms, total 3ms
02-03 10:46:17.011 D/dalvikvm( 2070): GC_FOR_ALLOC freed 1960K, 34% free 8366K/12624K, paused 3ms, total 3ms
02-03 10:46:17.011 D/dalvikvm( 2070): GC_FOR_ALLOC freed 1969K, 36% free 8180K/12624K, paused 3ms, total 3ms
02-03 10:46:17.021 D/dalvikvm( 2070): GC_FOR_ALLOC freed 1790K, 36% free 8088K/12624K, paused 3ms, total 3ms
02-03 10:46:17.021 D/dalvikvm( 2070): GC_FOR_ALLOC freed 1987K, 36% free 8089K/12624K, paused 3ms, total 3ms
02-03 10:46:17.031 D/dalvikvm( 2070): GC_FOR_ALLOC freed 1997K, 36% free 8090K/12624K, paused 3ms, total 3ms
02-03 10:46:17.031 D/dalvikvm( 2070): GC_FOR_ALLOC freed 2006K, 36% free 8091K/12624K, paused 3ms, total 3ms
02-03 10:46:17.031 D/dalvikvm( 2070): GC_FOR_ALLOC freed 2015K, 36% free 8091K/12624K, paused 3ms, total 3ms
02-03 10:46:17.041 D/dalvikvm( 2070): GC_FOR_ALLOC freed 2025K, 36% free 8092K/12624K, paused 3ms, total 3ms
02-03 10:46:17.041 D/dalvikvm( 2070): GC_FOR_ALLOC freed 2034K, 36% free 8093K/12624K, paused 3ms, total 4ms
02-03 10:46:17.051 D/dalvikvm( 2070): GC_FOR_ALLOC freed 1556K, 34% free 8385K/12624K, paused 4ms, total 4ms
02-03 10:46:17.051 D/dalvikvm( 2070): GC_FOR_ALLOC freed 1366K, 34% free 8386K/12624K, paused 3ms, total 3ms
02-03 10:46:17.061 D/dalvikvm( 2070): GC_FOR_ALLOC freed 1861K, 36% free 8095K/12624K, paused 3ms, total 3ms
02-03 10:46:17.061 D/dalvikvm( 2070): GC_FOR_ALLOC freed 1572K, 34% free 8390K/12624K, paused 3ms, total 3ms
02-03 10:46:17.071 D/dalvikvm( 2070): GC_FOR_ALLOC freed 1381K, 34% free 8392K/12624K, paused 3ms, total 3ms
02-03 10:46:17.071 D/dalvikvm( 2070): GC_FOR_ALLOC freed 1881K, 36% free 8097K/12624K, paused 3ms, total 3ms
02-03 10:46:17.081 D/dalvikvm( 2070): GC_FOR_ALLOC freed 1589K, 34% free 8395K/12624K, paused 3ms, total 3ms
02-03 10:46:17.081 D/dalvikvm( 2070): GC_FOR_ALLOC freed 1395K, 34% free 8397K/12624K, paused 3ms, total 3ms
02-03 10:46:17.081 D/dalvikvm( 2070): GC_FOR_ALLOC freed 1901K, 36% free 8099K/12624K, paused 3ms, total 3ms
02-03 10:46:17.091 D/dalvikvm( 2070): GC_FOR_ALLOC freed 1606K, 34% free 8401K/12624K, paused 3ms, total 3ms
02-03 10:46:17.091 D/dalvikvm( 2070): GC_FOR_ALLOC freed 1410K, 34% free 8402K/12624K, paused 3ms, total 3ms
02-03 10:46:17.101 D/dalvikvm( 2070): GC_FOR_ALLOC freed 1921K, 36% free 8102K/12624K, paused 3ms, total 3ms
02-03 10:46:17.101 D/dalvikvm( 2070): GC_FOR_ALLOC freed 1623K, 34% free 8406K/12624K, paused 3ms, total 3ms
02-03 10:46:17.111 D/dalvikvm( 2070): GC_FOR_ALLOC freed 1425K, 34% free 8407K/12624K, paused 3ms, total 3ms
02-03 10:46:17.111 I/BootReceiver(  547): Copying /data/tombstones/tombstone_02 to DropBox (SYSTEM_TOMBSTONE)
02-03 10:46:17.111 W/ActivityManager(  547):   Force finishing activity org.xwalk.webapi_noneservice_tests/.WebapiNoneserviceTestsActivity
02-03 10:46:17.121 W/ufoGralloc(  171): registerBuffer() handle 0xb89d1dc0/44 didn't require registration
02-03 10:46:17.131 D/dalvikvm( 2070): GC_FOR_ALLOC freed 2062K, 36% free 8097K/12624K, paused 13ms, total 21ms
02-03 10:46:17.141 D/dalvikvm( 2070): GC_FOR_ALLOC freed 1945K, 36% free 8118K/12624K, paused 3ms, total 3ms
02-03 10:46:17.141 E/JavaBinder(  547): !!! FAILED BINDER TRANSACTION !!!
02-03 10:46:17.141 D/dalvikvm( 2070): GC_FOR_ALLOC freed 1754K, 35% free 8228K/12624K, paused 4ms, total 4ms
02-03 10:46:17.141 D/WindowManager(  547): adjustConfigurationLw, config:{1.0 ?mcc?mnc ?locale ?layoutDir sw600dp w600dp h888dp 213dpi lrg port ?uimode ?night finger -keyb/v/h -nav/v} mLidState:1 mHasDockFeature:false mHasKeyboardFeature:false mHasHallSensorFeature:true config.hardKeyboardHidden:2
02-03 10:46:17.141 W/ActivityManager(  547): Exception thrown during pause
02-03 10:46:17.141 W/ActivityManager(  547): android.os.TransactionTooLargeException
02-03 10:46:17.141 W/ActivityManager(  547): 	at android.os.BinderProxy.transact(Native Method)
02-03 10:46:17.141 W/ActivityManager(  547): 	at android.app.ApplicationThreadProxy.schedulePauseActivity(ApplicationThreadNative.java:667)
02-03 10:46:17.141 W/ActivityManager(  547): 	at com.android.server.am.ActivityStack.startPausingLocked(ActivityStack.java:786)
02-03 10:46:17.141 W/ActivityManager(  547): 	at com.android.server.am.ActivityStack.finishActivityLocked(ActivityStack.java:2528)
02-03 10:46:17.141 W/ActivityManager(  547): 	at com.android.server.am.ActivityStack.finishTopRunningActivityLocked(ActivityStack.java:2386)
02-03 10:46:17.141 W/ActivityManager(  547): 	at com.android.server.am.ActivityStackSupervisor.finishTopRunningActivityLocked(ActivityStackSupervisor.java:2151)
02-03 10:46:17.141 W/ActivityManager(  547): 	at com.android.server.am.ActivityManagerService.handleAppCrashLocked(ActivityManagerService.java:9843)
02-03 10:46:17.141 W/ActivityManager(  547): 	at com.android.server.am.ActivityManagerService.makeAppCrashingLocked(ActivityManagerService.java:9736)
02-03 10:46:17.141 W/ActivityManager(  547): 	at com.android.server.am.ActivityManagerService.crashApplication(ActivityManagerService.java:10407)
02-03 10:46:17.141 W/ActivityManager(  547): 	at com.android.server.am.ActivityManagerService.handleApplicationCrashInner(ActivityManagerService.java:9932)
02-03 10:46:17.141 W/ActivityManager(  547): 	at com.android.server.am.NativeCrashListener$NativeCrashReporter.run(NativeCrashListener.java:86)
02-03 10:46:17.141 I/ActivityManager(  547): [TopPkgCurBat]	NowPkgName[com.asus.launcher]	Battery[97]	TimeTick[1422931577158]	OldPkgName[org.xwalk.webapi_noneservice_tests]
02-03 10:46:17.161 D/dalvikvm( 2070): GC_FOR_ALLOC freed 2122K, 40% free 7642K/12624K, paused 12ms, total 12ms
02-03 10:46:17.171 D/dalvikvm( 2070): GC_FOR_ALLOC freed <1K, 32% free 8666K/12624K, paused 3ms, total 3ms
02-03 10:46:17.171 I/dalvikvm-heap( 2070): Grow heap (frag case) to 9.506MB for 1048592-byte allocation
02-03 10:46:17.171 D/dalvikvm( 2070): GC_FOR_ALLOC freed <1K, 30% free 9690K/13652K, paused 3ms, total 3ms
02-03 10:46:17.171 W/InputDispatcher(  547): channel '2224b020 org.xwalk.webapi_noneservice_tests/org.xwalk.webapi_noneservice_tests.WebapiNoneserviceTestsActivity (server)' ~ Consumer closed input channel or an error occurred.  events=0x9
02-03 10:46:17.171 E/InputDispatcher(  547): channel '2224b020 org.xwalk.webapi_noneservice_tests/org.xwalk.webapi_noneservice_tests.WebapiNoneserviceTestsActivity (server)' ~ Channel is unrecoverably broken and will be disposed!
02-03 10:46:17.171 I/WindowState(  547): WIN DEATH: Window{22361588 u0 SurfaceView}
02-03 10:46:17.171 I/ActivityManager(  547): Process org.xwalk.webapi_noneservice_tests (pid 6176) has died.
02-03 10:46:17.181 D/dalvikvm( 2070): GC_FOR_ALLOC freed <1K, 30% free 9690K/13652K, paused 3ms, total 4ms
02-03 10:46:17.181 I/dalvikvm-heap( 2070): Grow heap (frag case) to 10.506MB for 1048592-byte allocation
02-03 10:46:17.181 D/dalvikvm( 2070): GC_FOR_ALLOC freed 0K, 28% free 10714K/14680K, paused 3ms, total 3ms
02-03 10:46:17.181 D/Zygote  (  172): Process 6176 terminated by signal (11)
02-03 10:46:17.191 W/InputDispatcher(  547): Attempted to unregister already unregistered input channel '2224b020 org.xwalk.webapi_noneservice_tests/org.xwalk.webapi_noneservice_tests.WebapiNoneserviceTestsActivity (server)'
02-03 10:46:17.191 D/        (  895): Pixel Format : GGL_PIXEL_FORMAT_RGBA_8888
02-03 10:46:17.191 I/SecurityManagerService(  708): SMS received security event: App[STOP/org.xwalk.webapi_noneservice_tests]
02-03 10:46:17.191 I/WindowState(  547): WIN DEATH: Window{2224b020 u0 org.xwalk.webapi_noneservice_tests/org.xwalk.webapi_noneservice_tests.WebapiNoneserviceTestsActivity}
02-03 10:46:17.201 V/WeatherTimeProvider( 1705): widget on Visibility Changed
02-03 10:46:17.231 D/BatteryStatsImpl(  547): noteStopWakeLocked system isFromForeground = false
02-03 10:46:17.251 W/SurfaceFlinger(  171): couldn't log to binary event log: overflow.
02-03 10:46:17.621 D/dalvikvm( 2070): GC_CONCURRENT freed 6786K, 47% free 8010K/14852K, paused 0ms+2ms, total 17ms
02-03 10:46:17.621 D/dalvikvm( 2070): WAIT_FOR_CONCURRENT_GC blocked 16ms
02-03 10:46:17.631 D/dalvikvm( 2070): GC_CONCURRENT freed 3980K, 36% free 8126K/12540K, paused 0ms+1ms, total 4ms
02-03 10:46:17.631 D/dalvikvm( 2070): WAIT_FOR_CONCURRENT_GC blocked 3ms
02-03 10:46:17.631 D/dalvikvm( 2070): GC_FOR_ALLOC freed 3677K, 37% free 7976K/12540K, paused 3ms, total 3ms
02-03 10:46:17.641 D/dalvikvm( 2070): GC_FOR_ALLOC freed 3660K, 36% free 8027K/12540K, paused 3ms, total 3ms
02-03 10:46:17.651 D/dalvikvm( 2070): GC_FOR_ALLOC freed 3232K, 37% free 8002K/12540K, paused 3ms, total 3ms
02-03 10:46:17.651 D/dalvikvm( 2070): GC_FOR_ALLOC freed 3034K, 37% free 7999K/12540K, paused 3ms, total 3ms
02-03 10:46:17.661 D/dalvikvm( 2070): GC_FOR_ALLOC freed 3045K, 36% free 8027K/12540K, paused 4ms, total 4ms
02-03 10:46:17.661 D/dalvikvm( 2070): GC_FOR_ALLOC freed 3007K, 36% free 8027K/12540K, paused 3ms, total 3ms
02-03 10:46:17.671 D/dalvikvm( 2070): GC_FOR_ALLOC freed 3004K, 36% free 8133K/12540K, paused 3ms, total 3ms
02-03 10:46:17.681 D/dalvikvm( 2070): GC_FOR_ALLOC freed 3012K, 36% free 8026K/12540K, paused 4ms, total 4ms
02-03 10:46:17.681 D/dalvikvm( 2070): GC_FOR_ALLOC freed 2685K, 37% free 8025K/12540K, paused 3ms, total 4ms
02-03 10:46:17.691 D/dalvikvm( 2070): GC_FOR_ALLOC freed 2587K, 36% free 8144K/12540K, paused 4ms, total 4ms
02-03 10:46:17.691 D/dalvikvm( 2070): GC_FOR_ALLOC freed 2598K, 36% free 8147K/12540K, paused 4ms, total 5ms
02-03 10:46:17.701 D/dalvikvm( 2070): GC_FOR_ALLOC freed 2686K, 36% free 8064K/12540K, paused 4ms, total 4ms
02-03 10:46:17.701 D/dalvikvm( 2070): GC_FOR_ALLOC freed 2771K, 36% free 8096K/12540K, paused 3ms, total 3ms
02-03 10:46:17.711 D/dalvikvm( 2070): GC_FOR_ALLOC freed 2856K, 36% free 8096K/12540K, paused 4ms, total 4ms
02-03 10:46:17.721 D/dalvikvm( 2070): GC_FOR_ALLOC freed 2610K, 35% free 8189K/12540K, paused 4ms, total 4ms
02-03 10:46:17.721 D/dalvikvm( 2070): GC_FOR_ALLOC freed 2677K, 36% free 8095K/12540K, paused 4ms, total 4ms
02-03 10:46:17.731 D/dalvikvm( 2070): GC_FOR_ALLOC freed 2744K, 35% free 8193K/12540K, paused 3ms, total 3ms
02-03 10:46:17.731 D/dalvikvm( 2070): GC_FOR_ALLOC freed 2811K, 36% free 8094K/12540K, paused 3ms, total 3ms
02-03 10:46:17.741 D/dalvikvm( 2070): GC_FOR_ALLOC freed 2774K, 36% free 8043K/12540K, paused 3ms, total 3ms
02-03 10:46:17.741 D/dalvikvm( 2070): GC_FOR_ALLOC freed 2677K, 36% free 8093K/12540K, paused 3ms, total 3ms
02-03 10:46:17.751 D/dalvikvm( 2070): GC_FOR_ALLOC freed 2625K, 35% free 8232K/12540K, paused 4ms, total 4ms
02-03 10:46:17.751 D/dalvikvm( 2070): GC_FOR_ALLOC freed 2566K, 36% free 8069K/12540K, paused 3ms, total 3ms
02-03 10:46:17.761 D/dalvikvm( 2070): GC_FOR_ALLOC freed 2333K, 36% free 8067K/12540K, paused 4ms, total 4ms
02-03 10:46:17.771 D/dalvikvm( 2070): GC_FOR_ALLOC freed 2371K, 36% free 8065K/12540K, paused 3ms, total 3ms
02-03 10:46:17.771 D/dalvikvm( 2070): GC_FOR_ALLOC freed 2409K, 36% free 8062K/12540K, paused 4ms, total 4ms
02-03 10:46:17.781 D/dalvikvm( 2070): GC_FOR_ALLOC freed 2446K, 36% free 8060K/12540K, paused 4ms, total 4ms
02-03 10:46:17.781 D/dalvikvm( 2070): GC_FOR_ALLOC freed 2182K, 35% free 8239K/12540K, paused 3ms, total 3ms
02-03 10:46:17.791 D/dalvikvm( 2070): GC_FOR_ALLOC freed 2091K, 35% free 8242K/12540K, paused 3ms, total 3ms
02-03 10:46:17.791 D/dalvikvm( 2070): GC_FOR_ALLOC freed 2118K, 35% free 8246K/12540K, paused 3ms, total 3ms
02-03 10:46:17.801 D/dalvikvm( 2070): GC_FOR_ALLOC freed 2144K, 36% free 8127K/12540K, paused 3ms, total 3ms
02-03 10:46:17.801 D/dalvikvm( 2070): GC_FOR_ALLOC freed 2170K, 35% free 8254K/12540K, paused 3ms, total 3ms
02-03 10:46:17.811 D/dalvikvm( 2070): GC_FOR_ALLOC freed 2196K, 36% free 8132K/12540K, paused 3ms, total 3ms
02-03 10:46:17.811 D/dalvikvm( 2070): GC_FOR_ALLOC freed 2222K, 36% free 8134K/12540K, paused 3ms, total 3ms
02-03 10:46:17.821 D/dalvikvm( 2070): GC_FOR_ALLOC freed 2119K, 36% free 8072K/12540K, paused 3ms, total 3ms
02-03 10:46:17.821 D/dalvikvm( 2070): GC_FOR_ALLOC freed 2273K, 36% free 8074K/12540K, paused 4ms, total 4ms
02-03 10:46:17.821 D/dalvikvm( 2070): GC_FOR_ALLOC freed 2299K, 36% free 8075K/12540K, paused 3ms, total 3ms
02-03 10:46:17.831 D/dalvikvm( 2070): GC_FOR_ALLOC freed 2325K, 36% free 8077K/12540K, paused 3ms, total 3ms
02-03 10:46:17.831 D/dalvikvm( 2070): GC_FOR_ALLOC freed 2014K, 34% free 8279K/12540K, paused 3ms, total 3ms
02-03 10:46:17.841 D/dalvikvm( 2070): GC_FOR_ALLOC freed 2238K, 36% free 8079K/12540K, paused 4ms, total 4ms
02-03 10:46:17.851 D/dalvikvm( 2070): GC_FOR_ALLOC freed 2054K, 36% free 8149K/12540K, paused 4ms, total 4ms
02-03 10:46:17.851 D/dalvikvm( 2070): GC_FOR_ALLOC freed 1935K, 34% free 8289K/12540K, paused 3ms, total 3ms
02-03 10:46:17.861 D/dalvikvm( 2070): GC_FOR_ALLOC freed 2302K, 36% free 8083K/12540K, paused 5ms, total 5ms
02-03 10:46:17.861 D/dalvikvm( 2070): GC_FOR_ALLOC freed 2112K, 35% free 8154K/12540K, paused 4ms, total 4ms
02-03 10:46:17.871 D/dalvikvm( 2070): GC_FOR_ALLOC freed 1989K, 34% free 8298K/12540K, paused 3ms, total 3ms
02-03 10:46:17.871 D/dalvikvm( 2070): GC_FOR_ALLOC freed 2006K, 34% free 8301K/12540K, paused 3ms, total 3ms
02-03 10:46:17.881 D/dalvikvm( 2070): GC_FOR_ALLOC freed 2022K, 35% free 8160K/12540K, paused 3ms, total 3ms
02-03 10:46:17.881 D/dalvikvm( 2070): GC_FOR_ALLOC freed 2039K, 35% free 8162K/12540K, paused 3ms, total 3ms
02-03 10:46:17.891 D/dalvikvm( 2070): GC_FOR_ALLOC freed 2056K, 35% free 8163K/12540K, paused 3ms, total 4ms
02-03 10:46:17.891 D/dalvikvm( 2070): GC_FOR_ALLOC freed 2073K, 35% free 8165K/12540K, paused 3ms, total 3ms
02-03 10:46:17.891 D/dalvikvm( 2070): GC_FOR_ALLOC freed 2089K, 35% free 8167K/12540K, paused 3ms, total 3ms
02-03 10:46:17.901 D/dalvikvm( 2070): GC_FOR_ALLOC freed 2106K, 35% free 8169K/12540K, paused 3ms, total 3ms
02-03 10:46:17.901 D/dalvikvm( 2070): GC_FOR_ALLOC freed 1971K, 36% free 8095K/12540K, paused 3ms, total 3ms
02-03 10:46:17.911 D/dalvikvm( 2070): GC_FOR_ALLOC freed 2138K, 36% free 8096K/12540K, paused 4ms, total 4ms
02-03 10:46:17.911 D/dalvikvm( 2070): GC_FOR_ALLOC freed 2155K, 36% free 8098K/12540K, paused 3ms, total 3ms
02-03 10:46:17.921 D/dalvikvm( 2070): GC_FOR_ALLOC freed 2172K, 36% free 8099K/12540K, paused 3ms, total 3ms
02-03 10:46:17.921 D/dalvikvm( 2070): GC_FOR_ALLOC freed 2189K, 36% free 8100K/12540K, paused 3ms, total 3ms
02-03 10:46:17.931 D/dalvikvm( 2070): GC_FOR_ALLOC freed 2205K, 36% free 8101K/12540K, paused 3ms, total 3ms
02-03 10:46:17.931 D/dalvikvm( 2070): GC_FOR_ALLOC freed 2222K, 36% free 8102K/12540K, paused 4ms, total 4ms
02-03 10:46:17.941 D/dalvikvm( 2070): GC_FOR_ALLOC freed 2239K, 36% free 8104K/12540K, paused 4ms, total 4ms
02-03 10:46:17.941 D/dalvikvm( 2070): GC_FOR_ALLOC freed 2258K, 36% free 8105K/12540K, paused 4ms, total 4ms
02-03 10:46:17.951 D/dalvikvm( 2070): GC_FOR_ALLOC freed 1867K, 34% free 8349K/12540K, paused 3ms, total 3ms
02-03 10:46:17.951 D/dalvikvm( 2070): GC_FOR_ALLOC freed 1715K, 34% free 8351K/12540K, paused 4ms, total 4ms
02-03 10:46:17.961 D/dalvikvm( 2070): GC_FOR_ALLOC freed 1725K, 35% free 8189K/12540K, paused 3ms, total 3ms
02-03 10:46:17.961 D/dalvikvm( 2070): GC_FOR_ALLOC freed 2150K, 36% free 8109K/12540K, paused 4ms, total 4ms
02-03 10:46:17.971 D/dalvikvm( 2070): GC_FOR_ALLOC freed 1914K, 35% free 8193K/12540K, paused 3ms, total 3ms
02-03 10:46:17.971 D/dalvikvm( 2070): GC_FOR_ALLOC freed 1759K, 34% free 8362K/12540K, paused 3ms, total 3ms
02-03 10:46:17.981 D/dalvikvm( 2070): GC_FOR_ALLOC freed 1768K, 34% free 8364K/12540K, paused 3ms, total 3ms
02-03 10:46:17.981 D/dalvikvm( 2070): GC_FOR_ALLOC freed 1778K, 34% free 8366K/12540K, paused 3ms, total 3ms
02-03 10:46:17.981 D/dalvikvm( 2070): GC_FOR_ALLOC freed 1787K, 34% free 8368K/12540K, paused 4ms, total 4ms
02-03 10:46:17.991 D/dalvikvm( 2070): GC_FOR_ALLOC freed 1797K, 34% free 8371K/12540K, paused 3ms, total 3ms
02-03 10:46:17.991 D/dalvikvm( 2070): GC_FOR_ALLOC freed 1806K, 34% free 8373K/12540K, paused 3ms, total 3ms
02-03 10:46:18.001 D/dalvikvm( 2070): GC_FOR_ALLOC freed 1815K, 34% free 8375K/12540K, paused 4ms, total 4ms
02-03 10:46:18.001 D/dalvikvm( 2070): GC_FOR_ALLOC freed 1825K, 34% free 8377K/12540K, paused 3ms, total 3ms
02-03 10:46:18.011 D/dalvikvm( 2070): GC_FOR_ALLOC freed 1834K, 35% free 8205K/12540K, paused 3ms, total 3ms
02-03 10:46:18.011 D/dalvikvm( 2070): GC_FOR_ALLOC freed 1844K, 35% free 8206K/12540K, paused 3ms, total 3ms
02-03 10:46:18.021 D/dalvikvm( 2070): GC_FOR_ALLOC freed 1853K, 35% free 8208K/12540K, paused 3ms, total 3ms
02-03 10:46:18.021 D/dalvikvm( 2070): GC_FOR_ALLOC freed 1863K, 35% free 8209K/12540K, paused 3ms, total 3ms
02-03 10:46:18.031 D/dalvikvm( 2070): GC_FOR_ALLOC freed 1872K, 35% free 8210K/12540K, paused 4ms, total 4ms
02-03 10:46:18.031 D/dalvikvm( 2070): GC_FOR_ALLOC freed 1881K, 35% free 8212K/12540K, paused 3ms, total 3ms
02-03 10:46:18.041 D/dalvikvm( 2070): GC_FOR_ALLOC freed 1891K, 35% free 8213K/12540K, paused 4ms, total 4ms
02-03 10:46:18.041 D/dalvikvm( 2070): GC_FOR_ALLOC freed 1900K, 35% free 8214K/12540K, paused 3ms, total 3ms
02-03 10:46:18.051 D/dalvikvm( 2070): GC_FOR_ALLOC freed 1910K, 35% free 8216K/12540K, paused 4ms, total 4ms
02-03 10:46:18.051 D/dalvikvm( 2070): GC_FOR_ALLOC freed 1919K, 35% free 8217K/12540K, paused 3ms, total 3ms
02-03 10:46:18.051 D/dalvikvm( 2070): GC_FOR_ALLOC freed 1928K, 35% free 8218K/12540K, paused 4ms, total 4ms
02-03 10:46:18.061 D/dalvikvm( 2070): GC_FOR_ALLOC freed 1938K, 35% free 8220K/12540K, paused 3ms, total 3ms
02-03 10:46:18.061 D/dalvikvm( 2070): GC_FOR_ALLOC freed 1947K, 35% free 8221K/12540K, paused 4ms, total 4ms
02-03 10:46:18.071 D/dalvikvm( 2070): GC_FOR_ALLOC freed 1957K, 35% free 8222K/12540K, paused 3ms, total 4ms
02-03 10:46:18.071 D/dalvikvm( 2070): GC_FOR_ALLOC freed 1779K, 36% free 8131K/12540K, paused 3ms, total 3ms
02-03 10:46:18.081 D/dalvikvm( 2070): GC_FOR_ALLOC freed 1975K, 36% free 8132K/12540K, paused 3ms, total 3ms
02-03 10:46:18.081 D/dalvikvm( 2070): GC_FOR_ALLOC freed 1984K, 36% free 8132K/12540K, paused 3ms, total 3ms
02-03 10:46:18.091 D/dalvikvm( 2070): GC_FOR_ALLOC freed 1993K, 36% free 8133K/12540K, paused 3ms, total 3ms
02-03 10:46:18.091 D/dalvikvm( 2070): GC_FOR_ALLOC freed 2003K, 36% free 8134K/12540K, paused 3ms, total 3ms
02-03 10:46:18.101 D/dalvikvm( 2070): GC_FOR_ALLOC freed 1532K, 33% free 8421K/12540K, paused 3ms, total 3ms
02-03 10:46:18.101 D/dalvikvm( 2070): GC_FOR_ALLOC freed 1345K, 33% free 8423K/12540K, paused 3ms, total 3ms
02-03 10:46:18.101 D/dalvikvm( 2070): GC_FOR_ALLOC freed 2026K, 35% free 8232K/12540K, paused 3ms, total 3ms
02-03 10:46:18.111 D/dalvikvm( 2070): GC_FOR_ALLOC freed 1841K, 36% free 8137K/12540K, paused 4ms, total 4ms
02-03 10:46:18.111 D/dalvikvm( 2070): GC_FOR_ALLOC freed 1556K, 33% free 8429K/12540K, paused 3ms, total 3ms
02-03 10:46:18.121 D/dalvikvm( 2070): GC_FOR_ALLOC freed 1366K, 33% free 8430K/12540K, paused 3ms, total 3ms
02-03 10:46:18.121 D/dalvikvm( 2070): GC_FOR_ALLOC freed 1861K, 36% free 8139K/12540K, paused 3ms, total 3ms
02-03 10:46:18.131 D/dalvikvm( 2070): GC_FOR_ALLOC freed 1572K, 35% free 8238K/12540K, paused 3ms, total 3ms
02-03 10:46:18.131 D/dalvikvm( 2070): GC_FOR_ALLOC freed 1875K, 36% free 8141K/12540K, paused 4ms, total 4ms
02-03 10:46:18.141 D/dalvikvm( 2070): GC_FOR_ALLOC freed 1584K, 33% free 8438K/12540K, paused 3ms, total 3ms
02-03 10:46:18.141 D/dalvikvm( 2070): GC_FOR_ALLOC freed 1391K, 33% free 8439K/12540K, paused 3ms, total 3ms
02-03 10:46:18.141 D/dalvikvm( 2070): GC_FOR_ALLOC freed 1395K, 35% free 8242K/12540K, paused 3ms, total 3ms
02-03 10:46:18.151 D/dalvikvm( 2070): GC_FOR_ALLOC freed 1901K, 36% free 8143K/12540K, paused 3ms, total 3ms
02-03 10:46:18.151 D/dalvikvm( 2070): GC_FOR_ALLOC freed 1606K, 33% free 8445K/12540K, paused 3ms, total 3ms
02-03 10:46:18.161 D/dalvikvm( 2070): GC_FOR_ALLOC freed 1410K, 33% free 8446K/12540K, paused 3ms, total 3ms
02-03 10:46:18.161 D/dalvikvm( 2070): GC_FOR_ALLOC freed 1414K, 35% free 8246K/12540K, paused 3ms, total 3ms
02-03 10:46:18.171 D/dalvikvm( 2070): GC_FOR_ALLOC freed 1926K, 36% free 8146K/12540K, paused 3ms, total 3ms
02-03 10:46:18.171 D/dalvikvm( 2070): GC_FOR_ALLOC freed 1627K, 33% free 8451K/12540K, paused 3ms, total 3ms
02-03 10:46:18.181 D/dalvikvm( 2070): GC_FOR_ALLOC freed 2058K, 36% free 8145K/12540K, paused 4ms, total 4ms
02-03 10:46:18.181 D/dalvikvm( 2070): GC_FOR_ALLOC freed 1937K, 36% free 8142K/12540K, paused 3ms, total 3ms
02-03 10:46:18.191 D/dalvikvm( 2070): GC_FOR_ALLOC freed 1535K, 36% free 8142K/12540K, paused 3ms, total 3ms
02-03 10:46:18.191 D/dalvikvm( 2070): GC_FOR_ALLOC freed 2382K, 40% free 7626K/12540K, paused 3ms, total 4ms
02-03 10:46:18.201 D/dalvikvm( 2070): GC_FOR_ALLOC freed <1K, 32% free 8651K/12540K, paused 3ms, total 3ms
02-03 10:46:18.201 I/dalvikvm-heap( 2070): Grow heap (frag case) to 9.491MB for 1048592-byte allocation
02-03 10:46:18.201 D/dalvikvm( 2070): GC_FOR_ALLOC freed <1K, 29% free 9674K/13568K, paused 3ms, total 3ms
02-03 10:46:18.201 D/dalvikvm( 2070): GC_FOR_ALLOC freed <1K, 29% free 9674K/13568K, paused 2ms, total 2ms
02-03 10:46:18.201 I/dalvikvm-heap( 2070): Grow heap (frag case) to 10.491MB for 1048592-byte allocation
02-03 10:46:18.211 D/dalvikvm( 2070): GC_FOR_ALLOC freed 0K, 27% free 10698K/14596K, paused 3ms, total 3ms
02-03 10:46:18.611 D/dalvikvm( 2070): GC_CONCURRENT freed 6752K, 46% free 8005K/14824K, paused 2ms+2ms, total 20ms
02-03 10:46:18.611 D/dalvikvm( 2070): WAIT_FOR_CONCURRENT_GC blocked 18ms
02-03 10:46:18.621 D/dalvikvm( 2070): GC_CONCURRENT freed 4026K, 36% free 8004K/12500K, paused 1ms+1ms, total 5ms
02-03 10:46:18.631 D/dalvikvm( 2070): GC_FOR_ALLOC freed 3681K, 36% free 8000K/12500K, paused 3ms, total 3ms
02-03 10:46:18.641 D/dalvikvm( 2070): GC_FOR_ALLOC freed 3495K, 36% free 8014K/12500K, paused 3ms, total 3ms
02-03 10:46:18.651 D/dalvikvm( 2070): GC_FOR_ALLOC freed 3207K, 37% free 7990K/12500K, paused 4ms, total 4ms
02-03 10:46:18.651 D/dalvikvm( 2070): GC_FOR_ALLOC freed 3018K, 36% free 8019K/12500K, paused 3ms, total 3ms
02-03 10:46:18.661 D/dalvikvm( 2070): GC_FOR_ALLOC freed 3030K, 36% free 8015K/12500K, paused 4ms, total 4ms
02-03 10:46:18.661 D/dalvikvm( 2070): GC_FOR_ALLOC freed 2994K, 36% free 8015K/12500K, paused 3ms, total 3ms
02-03 10:46:18.671 D/dalvikvm( 2070): GC_FOR_ALLOC freed 2991K, 36% free 8049K/12500K, paused 4ms, total 4ms
02-03 10:46:18.681 D/dalvikvm( 2070): GC_FOR_ALLOC freed 2813K, 36% free 8124K/12500K, paused 4ms, total 4ms
02-03 10:46:18.681 D/dalvikvm( 2070): GC_FOR_ALLOC freed 2667K, 35% free 8128K/12500K, paused 3ms, total 3ms
02-03 10:46:18.691 D/dalvikvm( 2070): GC_FOR_ALLOC freed 2490K, 35% free 8162K/12500K, paused 3ms, total 3ms
02-03 10:46:18.691 D/dalvikvm( 2070): GC_FOR_ALLOC freed 2578K, 36% free 8083K/12500K, paused 4ms, total 4ms
02-03 10:46:18.701 D/dalvikvm( 2070): GC_FOR_ALLOC freed 2668K, 36% free 8083K/12500K, paused 3ms, total 3ms
02-03 10:46:18.701 D/dalvikvm( 2070): GC_FOR_ALLOC freed 2664K, 36% free 8040K/12500K, paused 3ms, total 3ms
02-03 10:46:18.711 D/dalvikvm( 2070): GC_FOR_ALLOC freed 2606K, 36% free 8083K/12500K, paused 3ms, total 3ms
02-03 10:46:18.711 D/dalvikvm( 2070): GC_FOR_ALLOC freed 2585K, 35% free 8175K/12500K, paused 3ms, total 3ms
02-03 10:46:18.721 D/dalvikvm( 2070): GC_FOR_ALLOC freed 2652K, 35% free 8177K/12500K, paused 4ms, total 4ms
02-03 10:46:18.721 D/dalvikvm( 2070): GC_FOR_ALLOC freed 2621K, 36% free 8033K/12500K, paused 4ms, total 4ms
02-03 10:46:18.731 D/dalvikvm( 2070): GC_FOR_ALLOC freed 2532K, 36% free 8113K/12500K, paused 4ms, total 4ms
02-03 10:46:18.731 D/dalvikvm( 2070): GC_FOR_ALLOC freed 2486K, 36% free 8112K/12500K, paused 4ms, total 4ms
02-03 10:46:18.741 D/dalvikvm( 2070): GC_FOR_ALLOC freed 2537K, 36% free 8111K/12500K, paused 4ms, total 4ms
02-03 10:46:18.741 D/dalvikvm( 2070): GC_FOR_ALLOC freed 2588K, 36% free 8110K/12500K, paused 4ms, total 4ms
02-03 10:46:18.751 D/dalvikvm( 2070): GC_FOR_ALLOC freed 2531K, 36% free 8056K/12500K, paused 4ms, total 4ms
02-03 10:46:18.751 D/dalvikvm( 2070): GC_FOR_ALLOC freed 2689K, 36% free 8054K/12500K, paused 3ms, total 3ms
02-03 10:46:18.761 D/dalvikvm( 2070): GC_FOR_ALLOC freed 2458K, 35% free 8219K/12500K, paused 3ms, total 4ms
02-03 10:46:18.761 D/dalvikvm( 2070): GC_FOR_ALLOC freed 2385K, 35% free 8219K/12500K, paused 3ms, total 3ms
02-03 10:46:18.771 D/dalvikvm( 2070): GC_FOR_ALLOC freed 2013K, 35% free 8223K/12500K, paused 3ms, total 3ms
02-03 10:46:18.771 D/dalvikvm( 2070): GC_FOR_ALLOC freed 2337K, 36% free 8080K/12500K, paused 4ms, total 4ms
02-03 10:46:18.781 D/dalvikvm( 2070): GC_FOR_ALLOC freed 2490K, 36% free 8078K/12500K, paused 4ms, total 4ms
02-03 10:46:18.791 D/dalvikvm( 2070): GC_FOR_ALLOC freed 2528K, 36% free 8076K/12500K, paused 4ms, total 4ms
02-03 10:46:18.791 D/dalvikvm( 2070): GC_FOR_ALLOC freed 2565K, 36% free 8074K/12500K, paused 4ms, total 4ms
02-03 10:46:18.801 D/dalvikvm( 2070): GC_FOR_ALLOC freed 2603K, 36% free 8072K/12500K, paused 4ms, total 4ms
02-03 10:46:18.801 D/dalvikvm( 2070): GC_FOR_ALLOC freed 2320K, 34% free 8261K/12500K, paused 4ms, total 4ms
02-03 10:46:18.811 D/dalvikvm( 2070): GC_FOR_ALLOC freed 2095K, 36% free 8075K/12500K, paused 3ms, total 3ms
02-03 10:46:18.811 D/dalvikvm( 2070): GC_FOR_ALLOC freed 2247K, 36% free 8076K/12500K, paused 3ms, total 3ms
02-03 10:46:18.821 D/dalvikvm( 2070): GC_FOR_ALLOC freed 2273K, 36% free 8078K/12500K, paused 4ms, total 4ms
02-03 10:46:18.821 D/dalvikvm( 2070): GC_FOR_ALLOC freed 2299K, 36% free 8079K/12500K, paused 3ms, total 3ms
02-03 10:46:18.821 D/dalvikvm( 2070): GC_FOR_ALLOC freed 2325K, 36% free 8081K/12500K, paused 3ms, total 3ms
02-03 10:46:18.831 D/dalvikvm( 2070): GC_FOR_ALLOC freed 2351K, 36% free 8082K/12500K, paused 3ms, total 3ms
02-03 10:46:18.831 D/dalvikvm( 2070): GC_FOR_ALLOC freed 2378K, 36% free 8084K/12500K, paused 3ms, total 3ms
02-03 10:46:18.841 D/dalvikvm( 2070): GC_FOR_ALLOC freed 2058K, 34% free 8290K/12500K, paused 3ms, total 3ms
02-03 10:46:18.841 D/dalvikvm( 2070): GC_FOR_ALLOC freed 1939K, 34% free 8293K/12500K, paused 4ms, total 4ms
02-03 10:46:18.851 D/dalvikvm( 2070): GC_FOR_ALLOC freed 2307K, 36% free 8088K/12500K, paused 3ms, total 3ms
02-03 10:46:18.851 D/dalvikvm( 2070): GC_FOR_ALLOC freed 2117K, 34% free 8300K/12500K, paused 4ms, total 4ms
02-03 10:46:18.861 D/dalvikvm( 2070): GC_FOR_ALLOC freed 1993K, 34% free 8303K/12500K, paused 4ms, total 4ms
02-03 10:46:18.861 D/dalvikvm( 2070): GC_FOR_ALLOC freed 2371K, 36% free 8091K/12500K, paused 3ms, total 3ms
02-03 10:46:18.871 D/dalvikvm( 2070): GC_FOR_ALLOC freed 2175K, 35% free 8165K/12500K, paused 3ms, total 3ms
02-03 10:46:18.871 D/dalvikvm( 2070): GC_FOR_ALLOC freed 2047K, 34% free 8313K/12500K, paused 3ms, total 3ms
02-03 10:46:18.881 D/dalvikvm( 2070): GC_FOR_ALLOC freed 2435K, 36% free 8095K/12500K, paused 3ms, total 3ms
02-03 10:46:18.881 D/dalvikvm( 2070): GC_FOR_ALLOC freed 2233K, 35% free 8171K/12500K, paused 3ms, total 3ms
02-03 10:46:18.891 D/dalvikvm( 2070): GC_FOR_ALLOC freed 1951K, 36% free 8098K/12500K, paused 3ms, total 4ms
02-03 10:46:18.891 D/dalvikvm( 2070): GC_FOR_ALLOC freed 2269K, 35% free 8174K/12500K, paused 3ms, total 3ms
02-03 10:46:18.901 D/dalvikvm( 2070): GC_FOR_ALLOC freed 1983K, 36% free 8100K/12500K, paused 3ms, total 3ms
02-03 10:46:18.901 D/dalvikvm( 2070): GC_FOR_ALLOC freed 2151K, 36% free 8101K/12500K, paused 3ms, total 3ms
02-03 10:46:18.911 D/dalvikvm( 2070): GC_FOR_ALLOC freed 2168K, 36% free 8102K/12500K, paused 3ms, total 3ms
02-03 10:46:18.911 D/dalvikvm( 2070): GC_FOR_ALLOC freed 2184K, 36% free 8104K/12500K, paused 3ms, total 4ms
02-03 10:46:18.921 D/dalvikvm( 2070): GC_FOR_ALLOC freed 2201K, 36% free 8105K/12500K, paused 3ms, total 3ms
02-03 10:46:18.921 D/dalvikvm( 2070): GC_FOR_ALLOC freed 2218K, 36% free 8106K/12500K, paused 3ms, total 3ms
02-03 10:46:18.931 D/dalvikvm( 2070): GC_FOR_ALLOC freed 2235K, 36% free 8107K/12500K, paused 4ms, total 4ms
02-03 10:46:18.931 D/dalvikvm( 2070): GC_FOR_ALLOC freed 2254K, 36% free 8109K/12500K, paused 3ms, total 4ms
02-03 10:46:18.941 D/dalvikvm( 2070): GC_FOR_ALLOC freed 2271K, 36% free 8110K/12500K, paused 3ms, total 3ms
02-03 10:46:18.941 D/dalvikvm( 2070): GC_FOR_ALLOC freed 2288K, 36% free 8111K/12500K, paused 4ms, total 5ms
02-03 10:46:18.951 D/dalvikvm( 2070): GC_FOR_ALLOC freed 2306K, 36% free 8112K/12500K, paused 3ms, total 3ms
02-03 10:46:18.951 D/dalvikvm( 2070): GC_FOR_ALLOC freed 2323K, 36% free 8114K/12500K, paused 4ms, total 4ms
02-03 10:46:18.961 D/dalvikvm( 2070): GC_FOR_ALLOC freed 1922K, 34% free 8365K/12500K, paused 3ms, total 3ms
02-03 10:46:18.961 D/dalvikvm( 2070): GC_FOR_ALLOC freed 2187K, 36% free 8116K/12500K, paused 3ms, total 3ms
02-03 10:46:18.971 D/dalvikvm( 2070): GC_FOR_ALLOC freed 1946K, 34% free 8370K/12500K, paused 3ms, total 3ms
02-03 10:46:18.971 D/dalvikvm( 2070): GC_FOR_ALLOC freed 2215K, 36% free 8118K/12500K, paused 3ms, total 3ms
02-03 10:46:18.981 D/dalvikvm( 2070): GC_FOR_ALLOC freed 1970K, 33% free 8375K/12500K, paused 3ms, total 3ms
02-03 10:46:18.981 D/dalvikvm( 2070): GC_FOR_ALLOC freed 2242K, 36% free 8120K/12500K, paused 3ms, total 3ms
02-03 10:46:18.991 D/dalvikvm( 2070): GC_FOR_ALLOC freed 1994K, 33% free 8381K/12500K, paused 3ms, total 3ms
02-03 10:46:18.991 D/dalvikvm( 2070): GC_FOR_ALLOC freed 2269K, 36% free 8122K/12500K, paused 3ms, total 3ms
02-03 10:46:19.001 D/dalvikvm( 2070): GC_FOR_ALLOC freed 2019K, 33% free 8386K/12500K, paused 3ms, total 3ms
02-03 10:46:19.001 D/dalvikvm( 2070): GC_FOR_ALLOC freed 1853K, 33% free 8388K/12500K, paused 4ms, total 4ms
02-03 10:46:19.011 D/dalvikvm( 2070): GC_FOR_ALLOC freed 1863K, 35% free 8213K/12500K, paused 3ms, total 3ms
02-03 10:46:19.011 D/dalvikvm( 2070): GC_FOR_ALLOC freed 1872K, 33% free 8393K/12500K, paused 4ms, total 4ms
02-03 10:46:19.021 D/dalvikvm( 2070): GC_FOR_ALLOC freed 1881K, 33% free 8395K/12500K, paused 4ms, total 4ms
02-03 10:46:19.021 D/dalvikvm( 2070): GC_FOR_ALLOC freed 1891K, 33% free 8397K/12500K, paused 3ms, total 3ms
02-03 10:46:19.021 D/dalvikvm( 2070): GC_FOR_ALLOC freed 1900K, 33% free 8399K/12500K, paused 4ms, total 4ms
02-03 10:46:19.031 D/dalvikvm( 2070): GC_FOR_ALLOC freed 1910K, 33% free 8402K/12500K, paused 4ms, total 4ms
02-03 10:46:19.041 D/dalvikvm( 2070): GC_FOR_ALLOC freed 1919K, 33% free 8404K/12500K, paused 3ms, total 3ms
02-03 10:46:19.041 D/dalvikvm( 2070): GC_FOR_ALLOC freed 1928K, 33% free 8406K/12500K, paused 3ms, total 3ms
02-03 10:46:19.041 D/dalvikvm( 2070): GC_FOR_ALLOC freed 1938K, 33% free 8408K/12500K, paused 3ms, total 4ms
02-03 10:46:19.051 D/dalvikvm( 2070): GC_FOR_ALLOC freed 1947K, 33% free 8411K/12500K, paused 3ms, total 3ms
02-03 10:46:19.051 D/dalvikvm( 2070): GC_FOR_ALLOC freed 1957K, 33% free 8413K/12500K, paused 4ms, total 4ms
02-03 10:46:19.061 D/dalvikvm( 2070): GC_FOR_ALLOC freed 1966K, 35% free 8228K/12500K, paused 3ms, total 3ms
02-03 10:46:19.061 D/dalvikvm( 2070): GC_FOR_ALLOC freed 1787K, 35% free 8136K/12500K, paused 3ms, total 3ms
02-03 10:46:19.071 D/dalvikvm( 2070): GC_FOR_ALLOC freed 1984K, 35% free 8136K/12500K, paused 3ms, total 3ms
02-03 10:46:19.071 D/dalvikvm( 2070): GC_FOR_ALLOC freed 1993K, 35% free 8137K/12500K, paused 3ms, total 3ms
02-03 10:46:19.081 D/dalvikvm( 2070): GC_FOR_ALLOC freed 2003K, 35% free 8138K/12500K, paused 3ms, total 3ms
02-03 10:46:19.081 D/dalvikvm( 2070): GC_FOR_ALLOC freed 2012K, 35% free 8139K/12500K, paused 3ms, total 3ms
02-03 10:46:19.081 D/dalvikvm( 2070): GC_FOR_ALLOC freed 2022K, 35% free 8140K/12500K, paused 3ms, total 3ms
02-03 10:46:19.091 D/dalvikvm( 2070): GC_FOR_ALLOC freed 2031K, 35% free 8141K/12500K, paused 3ms, total 3ms
02-03 10:46:19.091 D/dalvikvm( 2070): GC_FOR_ALLOC freed 2041K, 35% free 8142K/12500K, paused 4ms, total 4ms
02-03 10:46:19.101 D/dalvikvm( 2070): GC_FOR_ALLOC freed 1561K, 33% free 8434K/12500K, paused 4ms, total 4ms
02-03 10:46:19.101 D/dalvikvm( 2070): GC_FOR_ALLOC freed 2057K, 35% free 8241K/12500K, paused 3ms, total 3ms
02-03 10:46:19.111 D/dalvikvm( 2070): GC_FOR_ALLOC freed 1870K, 35% free 8144K/12500K, paused 4ms, total 4ms
02-03 10:46:19.111 D/dalvikvm( 2070): GC_FOR_ALLOC freed 2075K, 35% free 8145K/12500K, paused 3ms, total 3ms
02-03 10:46:19.121 D/dalvikvm( 2070): GC_FOR_ALLOC freed 2084K, 35% free 8146K/12500K, paused 4ms, total 4ms
02-03 10:46:19.121 D/dalvikvm( 2070): GC_FOR_ALLOC freed 1594K, 33% free 8445K/12500K, paused 3ms, total 3ms
02-03 10:46:19.131 D/dalvikvm( 2070): GC_FOR_ALLOC freed 1399K, 33% free 8446K/12500K, paused 3ms, total 3ms
02-03 10:46:19.131 D/dalvikvm( 2070): GC_FOR_ALLOC freed 2107K, 35% free 8248K/12500K, paused 4ms, total 4ms
02-03 10:46:19.141 D/dalvikvm( 2070): GC_FOR_ALLOC freed 1915K, 35% free 8149K/12500K, paused 3ms, total 3ms
02-03 10:46:19.141 D/dalvikvm( 2070): GC_FOR_ALLOC freed 1618K, 33% free 8452K/12500K, paused 4ms, total 4ms
02-03 10:46:19.151 D/dalvikvm( 2070): GC_FOR_ALLOC freed 1420K, 33% free 8454K/12500K, paused 3ms, total 3ms
02-03 10:46:19.151 D/dalvikvm( 2070): GC_FOR_ALLOC freed 1935K, 35% free 8151K/12500K, paused 3ms, total 3ms
02-03 10:46:19.151 D/dalvikvm( 2070): GC_FOR_ALLOC freed 1970K, 34% free 8257K/12500K, paused 3ms, total 3ms
02-03 10:46:19.161 D/dalvikvm( 2070): GC_FOR_ALLOC freed 1729K, 33% free 8479K/12500K, paused 3ms, total 3ms
02-03 10:46:19.161 D/dalvikvm( 2070): GC_FOR_ALLOC freed 1535K, 33% free 8479K/12500K, paused 3ms, total 3ms
02-03 10:46:19.171 D/dalvikvm( 2070): GC_FOR_ALLOC freed 2166K, 39% free 7630K/12500K, paused 3ms, total 3ms
02-03 10:46:19.171 I/dalvikvm-heap( 2070): Grow heap (frag case) to 8.494MB for 1048592-byte allocation
02-03 10:46:19.171 D/dalvikvm( 2070): GC_FOR_ALLOC freed 4K, 37% free 8650K/13528K, paused 2ms, total 2ms
02-03 10:46:19.181 D/dalvikvm( 2070): GC_FOR_ALLOC freed <1K, 37% free 8650K/13528K, paused 2ms, total 2ms
02-03 10:46:19.181 I/dalvikvm-heap( 2070): Grow heap (frag case) to 9.491MB for 1048592-byte allocation
02-03 10:46:19.181 D/dalvikvm( 2070): GC_FOR_ALLOC freed <1K, 34% free 9674K/14556K, paused 2ms, total 2ms
02-03 10:46:19.181 D/dalvikvm( 2070): GC_FOR_ALLOC freed <1K, 34% free 9674K/14556K, paused 3ms, total 3ms
02-03 10:46:19.181 I/dalvikvm-heap( 2070): Grow heap (frag case) to 10.491MB for 1048592-byte allocation
02-03 10:46:19.191 D/dalvikvm( 2070): GC_FOR_ALLOC freed 0K, 32% free 10698K/15584K, paused 2ms, total 2ms
02-03 10:46:19.621 D/dalvikvm( 2070): GC_CONCURRENT freed 6755K, 49% free 8022K/15584K, paused 1ms+1ms, total 18ms
02-03 10:46:19.621 D/dalvikvm( 2070): WAIT_FOR_CONCURRENT_GC blocked 17ms
02-03 10:46:19.631 D/dalvikvm( 2070): GC_CONCURRENT freed 4046K, 36% free 8056K/12480K, paused 1ms+1ms, total 4ms
02-03 10:46:19.631 D/dalvikvm( 2070): WAIT_FOR_CONCURRENT_GC blocked 4ms
02-03 10:46:19.641 D/dalvikvm( 2070): GC_FOR_ALLOC freed 3687K, 36% free 8024K/12480K, paused 4ms, total 4ms
02-03 10:46:19.651 D/dalvikvm( 2070): GC_FOR_ALLOC freed 3450K, 36% free 8022K/12480K, paused 3ms, total 4ms
02-03 10:46:19.651 D/dalvikvm( 2070): GC_FOR_ALLOC freed 3401K, 36% free 7998K/12480K, paused 4ms, total 4ms
02-03 10:46:19.661 D/dalvikvm( 2070): GC_FOR_ALLOC freed 3034K, 36% free 7995K/12480K, paused 4ms, total 4ms
02-03 10:46:19.671 D/dalvikvm( 2070): GC_FOR_ALLOC freed 3045K, 36% free 8023K/12480K, paused 3ms, total 3ms
02-03 10:46:19.671 D/dalvikvm( 2070): GC_FOR_ALLOC freed 3007K, 36% free 8023K/12480K, paused 3ms, total 3ms
02-03 10:46:19.681 D/dalvikvm( 2070): GC_FOR_ALLOC freed 3004K, 35% free 8129K/12480K, paused 4ms, total 4ms
02-03 10:46:19.681 D/dalvikvm( 2070): GC_FOR_ALLOC freed 2824K, 35% free 8133K/12480K, paused 3ms, total 3ms
02-03 10:46:19.691 D/dalvikvm( 2070): GC_FOR_ALLOC freed 2678K, 36% free 8059K/12480K, paused 3ms, total 4ms
02-03 10:46:19.701 D/dalvikvm( 2070): GC_FOR_ALLOC freed 2702K, 36% free 8020K/12480K, paused 5ms, total 5ms
02-03 10:46:19.701 D/dalvikvm( 2070): GC_FOR_ALLOC freed 2679K, 35% free 8143K/12480K, paused 4ms, total 5ms
02-03 10:46:19.711 D/dalvikvm( 2070): GC_FOR_ALLOC freed 2686K, 36% free 8092K/12480K, paused 4ms, total 4ms
02-03 10:46:19.721 D/dalvikvm( 2070): GC_FOR_ALLOC freed 2682K, 36% free 8048K/12480K, paused 3ms, total 3ms
02-03 10:46:19.721 D/dalvikvm( 2070): GC_FOR_ALLOC freed 2853K, 36% free 8047K/12480K, paused 3ms, total 3ms
02-03 10:46:19.731 D/dalvikvm( 2070): GC_FOR_ALLOC freed 2702K, 35% free 8185K/12480K, paused 3ms, total 3ms
02-03 10:46:19.731 D/dalvikvm( 2070): GC_FOR_ALLOC freed 2677K, 35% free 8187K/12480K, paused 3ms, total 3ms
02-03 10:46:19.741 D/dalvikvm( 2070): GC_FOR_ALLOC freed 2645K, 36% free 8042K/12480K, paused 3ms, total 3ms
02-03 10:46:19.741 D/dalvikvm( 2070): GC_FOR_ALLOC freed 2555K, 35% free 8191K/12480K, paused 3ms, total 4ms
02-03 10:46:19.751 D/dalvikvm( 2070): GC_FOR_ALLOC freed 2508K, 35% free 8192K/12480K, paused 3ms, total 3ms
02-03 10:46:19.751 D/dalvikvm( 2070): GC_FOR_ALLOC freed 2559K, 35% free 8120K/12480K, paused 3ms, total 3ms
02-03 10:46:19.761 D/dalvikvm( 2070): GC_FOR_ALLOC freed 2235K, 35% free 8226K/12480K, paused 3ms, total 3ms
02-03 10:46:19.761 D/dalvikvm( 2070): GC_FOR_ALLOC freed 2272K, 35% free 8226K/12480K, paused 4ms, total 4ms
02-03 10:46:19.771 D/dalvikvm( 2070): GC_FOR_ALLOC freed 2587K, 36% free 8062K/12480K, paused 5ms, total 5ms
02-03 10:46:19.781 D/dalvikvm( 2070): GC_FOR_ALLOC freed 2464K, 35% free 8228K/12480K, paused 3ms, total 3ms
02-03 10:46:19.781 D/dalvikvm( 2070): GC_FOR_ALLOC freed 2391K, 35% free 8228K/12480K, paused 4ms, total 4ms
02-03 10:46:19.791 D/dalvikvm( 2070): GC_FOR_ALLOC freed 2313K, 36% free 8055K/12480K, paused 4ms, total 4ms
02-03 10:46:19.791 D/dalvikvm( 2070): GC_FOR_ALLOC freed 2465K, 36% free 8053K/12480K, paused 3ms, total 3ms
02-03 10:46:19.801 D/dalvikvm( 2070): GC_FOR_ALLOC freed 2503K, 36% free 8083K/12480K, paused 3ms, total 3ms
02-03 10:46:19.801 D/dalvikvm( 2070): GC_FOR_ALLOC freed 2540K, 36% free 8081K/12480K, paused 3ms, total 3ms
02-03 10:46:19.811 D/dalvikvm( 2070): GC_FOR_ALLOC freed 2578K, 36% free 8078K/12480K, paused 4ms, total 4ms
02-03 10:46:19.811 D/dalvikvm( 2070): GC_FOR_ALLOC freed 2298K, 34% free 8266K/12480K, paused 3ms, total 3ms
02-03 10:46:19.821 D/dalvikvm( 2070): GC_FOR_ALLOC freed 2075K, 36% free 8081K/12480K, paused 4ms, total 4ms
02-03 10:46:19.821 D/dalvikvm( 2070): GC_FOR_ALLOC freed 2226K, 36% free 8083K/12480K, paused 4ms, total 4ms
02-03 10:46:19.831 D/dalvikvm( 2070): GC_FOR_ALLOC freed 2252K, 36% free 8084K/12480K, paused 3ms, total 3ms
02-03 10:46:19.831 D/dalvikvm( 2070): GC_FOR_ALLOC freed 2278K, 36% free 8086K/12480K, paused 3ms, total 3ms
02-03 10:46:19.841 D/dalvikvm( 2070): GC_FOR_ALLOC freed 2304K, 36% free 8087K/12480K, paused 5ms, total 5ms
02-03 10:46:19.851 D/dalvikvm( 2070): GC_FOR_ALLOC freed 2331K, 36% free 8089K/12480K, paused 3ms, total 3ms
02-03 10:46:19.851 D/dalvikvm( 2070): GC_FOR_ALLOC freed 2018K, 34% free 8292K/12480K, paused 3ms, total 3ms
02-03 10:46:19.861 D/dalvikvm( 2070): GC_FOR_ALLOC freed 2243K, 36% free 8092K/12480K, paused 5ms, total 5ms
02-03 10:46:19.871 D/dalvikvm( 2070): GC_FOR_ALLOC freed 2058K, 34% free 8298K/12480K, paused 3ms, total 4ms
02-03 10:46:19.871 D/dalvikvm( 2070): GC_FOR_ALLOC freed 2287K, 36% free 8094K/12480K, paused 3ms, total 3ms
02-03 10:46:19.881 D/dalvikvm( 2070): GC_FOR_ALLOC freed 2099K, 34% free 8305K/12480K, paused 3ms, total 3ms
02-03 10:46:19.881 D/dalvikvm( 2070): GC_FOR_ALLOC freed 2331K, 36% free 8097K/12480K, paused 3ms, total 3ms
02-03 10:46:19.891 D/dalvikvm( 2070): GC_FOR_ALLOC freed 2139K, 35% free 8169K/12480K, paused 4ms, total 4ms
02-03 10:46:19.891 D/dalvikvm( 2070): GC_FOR_ALLOC freed 2014K, 34% free 8315K/12480K, paused 3ms, total 3ms
02-03 10:46:19.901 D/dalvikvm( 2070): GC_FOR_ALLOC freed 2031K, 34% free 8318K/12480K, paused 3ms, total 3ms
02-03 10:46:19.901 D/dalvikvm( 2070): GC_FOR_ALLOC freed 2047K, 34% free 8321K/12480K, paused 3ms, total 4ms
02-03 10:46:19.901 D/dalvikvm( 2070): GC_FOR_ALLOC freed 2064K, 34% free 8324K/12480K, paused 3ms, total 3ms
02-03 10:46:19.911 D/dalvikvm( 2070): GC_FOR_ALLOC freed 2081K, 34% free 8327K/12480K, paused 3ms, total 3ms
02-03 10:46:19.911 D/dalvikvm( 2070): GC_FOR_ALLOC freed 2098K, 34% free 8330K/12480K, paused 4ms, total 4ms
02-03 10:46:19.921 D/dalvikvm( 2070): GC_FOR_ALLOC freed 2114K, 35% free 8182K/12480K, paused 3ms, total 3ms
02-03 10:46:19.921 D/dalvikvm( 2070): GC_FOR_ALLOC freed 2131K, 35% free 8183K/12480K, paused 3ms, total 3ms
02-03 10:46:19.931 D/dalvikvm( 2070): GC_FOR_ALLOC freed 1994K, 36% free 8109K/12480K, paused 4ms, total 4ms
02-03 10:46:19.931 D/dalvikvm( 2070): GC_FOR_ALLOC freed 2163K, 36% free 8110K/12480K, paused 3ms, total 3ms
02-03 10:46:19.941 D/dalvikvm( 2070): GC_FOR_ALLOC freed 2180K, 36% free 8111K/12480K, paused 4ms, total 4ms
02-03 10:46:19.941 D/dalvikvm( 2070): GC_FOR_ALLOC freed 2197K, 35% free 8113K/12480K, paused 4ms, total 4ms
02-03 10:46:19.951 D/dalvikvm( 2070): GC_FOR_ALLOC freed 2214K, 35% free 8114K/12480K, paused 4ms, total 4ms
02-03 10:46:19.951 D/dalvikvm( 2070): GC_FOR_ALLOC freed 2230K, 35% free 8115K/12480K, paused 4ms, total 4ms
02-03 10:46:19.961 D/dalvikvm( 2070): GC_FOR_ALLOC freed 2249K, 35% free 8116K/12480K, paused 4ms, total 4ms
02-03 10:46:19.961 D/dalvikvm( 2070): GC_FOR_ALLOC freed 2267K, 35% free 8118K/12480K, paused 3ms, total 3ms
02-03 10:46:19.971 D/dalvikvm( 2070): GC_FOR_ALLOC freed 2284K, 35% free 8119K/12480K, paused 3ms, total 3ms
02-03 10:46:19.971 D/dalvikvm( 2070): GC_FOR_ALLOC freed 2302K, 35% free 8120K/12480K, paused 3ms, total 3ms
02-03 10:46:19.981 D/dalvikvm( 2070): GC_FOR_ALLOC freed 2319K, 35% free 8121K/12480K, paused 3ms, total 3ms
02-03 10:46:19.981 D/dalvikvm( 2070): GC_FOR_ALLOC freed 1918K, 35% free 8205K/12480K, paused 3ms, total 3ms
02-03 10:46:19.991 D/dalvikvm( 2070): GC_FOR_ALLOC freed 1762K, 33% free 8374K/12480K, paused 3ms, total 3ms
02-03 10:46:19.991 D/dalvikvm( 2070): GC_FOR_ALLOC freed 2195K, 35% free 8124K/12480K, paused 4ms, total 4ms
02-03 10:46:20.001 D/dalvikvm( 2070): GC_FOR_ALLOC freed 1953K, 33% free 8380K/12480K, paused 3ms, total 3ms
02-03 10:46:20.001 D/dalvikvm( 2070): GC_FOR_ALLOC freed 2222K, 35% free 8127K/12480K, paused 3ms, total 3ms
02-03 10:46:20.011 D/dalvikvm( 2070): GC_FOR_ALLOC freed 1977K, 33% free 8385K/12480K, paused 4ms, total 4ms
02-03 10:46:20.011 D/dalvikvm( 2070): GC_FOR_ALLOC freed 2250K, 35% free 8129K/12480K, paused 3ms, total 3ms
02-03 10:46:20.021 D/dalvikvm( 2070): GC_FOR_ALLOC freed 2001K, 33% free 8390K/12480K, paused 3ms, total 3ms
02-03 10:46:20.021 D/dalvikvm( 2070): GC_FOR_ALLOC freed 2277K, 35% free 8131K/12480K, paused 4ms, total 4ms
02-03 10:46:20.031 D/dalvikvm( 2070): GC_FOR_ALLOC freed 2025K, 35% free 8219K/12480K, paused 3ms, total 4ms
02-03 10:46:20.031 D/dalvikvm( 2070): GC_FOR_ALLOC freed 1859K, 33% free 8398K/12480K, paused 4ms, total 4ms
02-03 10:46:20.041 D/dalvikvm( 2070): GC_FOR_ALLOC freed 1869K, 35% free 8222K/12480K, paused 3ms, total 3ms
02-03 10:46:20.041 D/dalvikvm( 2070): GC_FOR_ALLOC freed 1878K, 33% free 8402K/12480K, paused 3ms, total 3ms
02-03 10:46:20.051 D/dalvikvm( 2070): GC_FOR_ALLOC freed 1888K, 33% free 8404K/12480K, paused 3ms, total 3ms
02-03 10:46:20.051 D/dalvikvm( 2070): GC_FOR_ALLOC freed 1897K, 33% free 8407K/12480K, paused 3ms, total 3ms
02-03 10:46:20.051 D/dalvikvm( 2070): GC_FOR_ALLOC freed 1907K, 33% free 8409K/12480K, paused 3ms, total 3ms
02-03 10:46:20.061 D/dalvikvm( 2070): GC_FOR_ALLOC freed 1916K, 33% free 8411K/12480K, paused 3ms, total 3ms
02-03 10:46:20.061 D/dalvikvm( 2070): GC_FOR_ALLOC freed 1925K, 33% free 8413K/12480K, paused 3ms, total 3ms
02-03 10:46:20.071 D/dalvikvm( 2070): GC_FOR_ALLOC freed 1935K, 33% free 8416K/12480K, paused 3ms, total 3ms
02-03 10:46:20.071 D/dalvikvm( 2070): GC_FOR_ALLOC freed 1944K, 33% free 8418K/12480K, paused 3ms, total 3ms
02-03 10:46:20.081 D/dalvikvm( 2070): GC_FOR_ALLOC freed 1954K, 33% free 8420K/12480K, paused 3ms, total 3ms
02-03 10:46:20.081 D/dalvikvm( 2070): GC_FOR_ALLOC freed 1963K, 33% free 8422K/12480K, paused 3ms, total 3ms
02-03 10:46:20.091 D/dalvikvm( 2070): GC_FOR_ALLOC freed 1972K, 34% free 8237K/12480K, paused 4ms, total 4ms
02-03 10:46:20.091 D/dalvikvm( 2070): GC_FOR_ALLOC freed 1793K, 35% free 8144K/12480K, paused 3ms, total 3ms
02-03 10:46:20.101 D/dalvikvm( 2070): GC_FOR_ALLOC freed 1990K, 35% free 8145K/12480K, paused 4ms, total 4ms
02-03 10:46:20.101 D/dalvikvm( 2070): GC_FOR_ALLOC freed 2000K, 35% free 8146K/12480K, paused 3ms, total 4ms
02-03 10:46:20.111 D/dalvikvm( 2070): GC_FOR_ALLOC freed 2009K, 35% free 8147K/12480K, paused 3ms, total 3ms
02-03 10:46:20.111 D/dalvikvm( 2070): GC_FOR_ALLOC freed 2019K, 35% free 8148K/12480K, paused 3ms, total 3ms
02-03 10:46:20.121 D/dalvikvm( 2070): GC_FOR_ALLOC freed 2028K, 35% free 8149K/12480K, paused 3ms, total 3ms
02-03 10:46:20.121 D/dalvikvm( 2070): GC_FOR_ALLOC freed 1551K, 33% free 8439K/12480K, paused 3ms, total 3ms
02-03 10:46:20.131 D/dalvikvm( 2070): GC_FOR_ALLOC freed 2045K, 34% free 8247K/12480K, paused 3ms, total 3ms
02-03 10:46:20.131 D/dalvikvm( 2070): GC_FOR_ALLOC freed 1858K, 35% free 8151K/12480K, paused 3ms, total 3ms
02-03 10:46:20.131 D/dalvikvm( 2070): GC_FOR_ALLOC freed 2062K, 35% free 8152K/12480K, paused 3ms, total 3ms
02-03 10:46:20.141 D/dalvikvm( 2070): GC_FOR_ALLOC freed 2072K, 35% free 8153K/12480K, paused 3ms, total 3ms
02-03 10:46:20.141 D/dalvikvm( 2070): GC_FOR_ALLOC freed 1584K, 33% free 8450K/12480K, paused 3ms, total 3ms
02-03 10:46:20.151 D/dalvikvm( 2070): GC_FOR_ALLOC freed 1391K, 33% free 8451K/12480K, paused 3ms, total 4ms
02-03 10:46:20.151 D/dalvikvm( 2070): GC_FOR_ALLOC freed 1895K, 35% free 8155K/12480K, paused 3ms, total 3ms
02-03 10:46:20.161 D/dalvikvm( 2070): GC_FOR_ALLOC freed 1601K, 33% free 8455K/12480K, paused 3ms, total 3ms
02-03 10:46:20.161 D/dalvikvm( 2070): GC_FOR_ALLOC freed 1406K, 33% free 8457K/12480K, paused 3ms, total 4ms
02-03 10:46:20.171 D/dalvikvm( 2070): GC_FOR_ALLOC freed 1915K, 35% free 8157K/12480K, paused 3ms, total 3ms
02-03 10:46:20.171 D/dalvikvm( 2070): GC_FOR_ALLOC freed 1618K, 33% free 8460K/12480K, paused 3ms, total 3ms
02-03 10:46:20.171 D/dalvikvm( 2070): GC_FOR_ALLOC freed 1420K, 33% free 8462K/12480K, paused 3ms, total 4ms
02-03 10:46:20.181 D/dalvikvm( 2070): GC_FOR_ALLOC freed 1935K, 35% free 8159K/12480K, paused 3ms, total 3ms
02-03 10:46:20.181 D/dalvikvm( 2070): GC_FOR_ALLOC freed 1756K, 35% free 8161K/12480K, paused 4ms, total 4ms
02-03 10:46:20.191 D/dalvikvm( 2070): GC_FOR_ALLOC freed 1948K, 34% free 8263K/12480K, paused 4ms, total 4ms
02-03 10:46:20.191 D/dalvikvm( 2070): GC_FOR_ALLOC freed 1535K, 34% free 8264K/12480K, paused 4ms, total 4ms
02-03 10:46:20.201 D/dalvikvm( 2070): GC_FOR_ALLOC freed 2170K, 39% free 7630K/12480K, paused 3ms, total 3ms
02-03 10:46:20.201 I/dalvikvm-heap( 2070): Grow heap (frag case) to 8.494MB for 1048592-byte allocation
02-03 10:46:20.211 D/dalvikvm( 2070): GC_FOR_ALLOC freed 0K, 36% free 8654K/13508K, paused 2ms, total 2ms
02-03 10:46:20.221 D/dalvikvm( 2070): GC_FOR_ALLOC freed <1K, 36% free 8646K/13508K, paused 12ms, total 12ms
02-03 10:46:20.221 I/dalvikvm-heap( 2070): Grow heap (frag case) to 9.487MB for 1048592-byte allocation
02-03 10:46:20.221 D/dalvikvm( 2070): GC_FOR_ALLOC freed 0K, 34% free 9670K/14536K, paused 2ms, total 2ms
02-03 10:46:20.221 D/dalvikvm( 2070): GC_FOR_ALLOC freed <1K, 34% free 9670K/14536K, paused 2ms, total 2ms
02-03 10:46:20.231 I/dalvikvm-heap( 2070): Grow heap (frag case) to 10.487MB for 1048592-byte allocation
02-03 10:46:20.231 D/dalvikvm( 2070): GC_FOR_ALLOC freed 0K, 32% free 10694K/15564K, paused 3ms, total 3ms
02-03 10:46:20.651 D/dalvikvm( 2070): GC_CONCURRENT freed 6751K, 49% free 8038K/15564K, paused 2ms+2ms, total 11ms
02-03 10:46:20.651 D/dalvikvm( 2070): WAIT_FOR_CONCURRENT_GC blocked 9ms
02-03 10:46:20.671 D/dalvikvm( 2070): GC_CONCURRENT freed 4061K, 36% free 8061K/12540K, paused 1ms+2ms, total 8ms
02-03 10:46:20.671 D/dalvikvm( 2070): WAIT_FOR_CONCURRENT_GC blocked 7ms
02-03 10:46:20.681 D/dalvikvm( 2070): GC_FOR_ALLOC freed 3790K, 36% free 8078K/12540K, paused 5ms, total 6ms
02-03 10:46:20.711 D/dalvikvm( 2070): GC_FOR_ALLOC freed 3636K, 37% free 8019K/12540K, paused 25ms, total 25ms
02-03 10:46:20.721 D/dalvikvm( 2070): GC_FOR_ALLOC freed 3303K, 36% free 8030K/12540K, paused 5ms, total 5ms
02-03 10:46:20.731 D/dalvikvm( 2070): GC_FOR_ALLOC freed 3046K, 36% free 8037K/12540K, paused 7ms, total 7ms
02-03 10:46:20.741 D/dalvikvm( 2070): GC_FOR_ALLOC freed 3055K, 36% free 8107K/12540K, paused 6ms, total 6ms
02-03 10:46:20.751 D/dalvikvm( 2070): GC_FOR_ALLOC freed 3021K, 36% free 8117K/12540K, paused 5ms, total 5ms
02-03 10:46:20.761 D/dalvikvm( 2070): GC_FOR_ALLOC freed 3126K, 37% free 8019K/12540K, paused 5ms, total 5ms
02-03 10:46:20.761 D/dalvikvm( 2070): GC_FOR_ALLOC freed 2915K, 36% free 8134K/12540K, paused 5ms, total 5ms
02-03 10:46:20.771 D/dalvikvm( 2070): GC_FOR_ALLOC freed 2695K, 36% free 8142K/12540K, paused 5ms, total 5ms
02-03 10:46:20.781 D/dalvikvm( 2070): GC_FOR_ALLOC freed 2800K, 36% free 8068K/12540K, paused 6ms, total 6ms
02-03 10:46:20.791 D/dalvikvm( 2070): GC_FOR_ALLOC freed 2826K, 36% free 8032K/12540K, paused 5ms, total 5ms
02-03 10:46:20.801 D/dalvikvm( 2070): GC_FOR_ALLOC freed 2795K, 36% free 8077K/12540K, paused 5ms, total 5ms
02-03 10:46:20.801 D/dalvikvm( 2070): GC_FOR_ALLOC freed 2795K, 36% free 8081K/12540K, paused 5ms, total 5ms
02-03 10:46:20.811 D/dalvikvm( 2070): GC_FOR_ALLOC freed 2788K, 36% free 8040K/12540K, paused 5ms, total 5ms
02-03 10:46:20.821 D/dalvikvm( 2070): GC_FOR_ALLOC freed 2962K, 36% free 8042K/12540K, paused 5ms, total 5ms
02-03 10:46:20.831 D/dalvikvm( 2070): GC_FOR_ALLOC freed 2802K, 35% free 8190K/12540K, paused 5ms, total 5ms
02-03 10:46:20.841 D/dalvikvm( 2070): GC_FOR_ALLOC freed 2674K, 36% free 8047K/12540K, paused 4ms, total 5ms
02-03 10:46:20.851 D/dalvikvm( 2070): GC_FOR_ALLOC freed 2581K, 35% free 8202K/12540K, paused 5ms, total 5ms
02-03 10:46:20.861 D/dalvikvm( 2070): GC_FOR_ALLOC freed 2795K, 36% free 8052K/12540K, paused 5ms, total 5ms
02-03 10:46:20.861 D/dalvikvm( 2070): GC_FOR_ALLOC freed 2696K, 36% free 8106K/12540K, paused 5ms, total 5ms
02-03 10:46:20.871 D/dalvikvm( 2070): GC_FOR_ALLOC freed 2643K, 35% free 8218K/12540K, paused 4ms, total 4ms
02-03 10:46:20.871 D/dalvikvm( 2070): GC_FOR_ALLOC freed 2694K, 35% free 8223K/12540K, paused 3ms, total 3ms
02-03 10:46:20.881 D/dalvikvm( 2070): GC_FOR_ALLOC freed 2745K, 36% free 8116K/12540K, paused 4ms, total 4ms
02-03 10:46:20.891 D/dalvikvm( 2070): GC_FOR_ALLOC freed 2279K, 36% free 8062K/12540K, paused 3ms, total 3ms
02-03 10:46:20.891 D/dalvikvm( 2070): GC_FOR_ALLOC freed 2430K, 36% free 8064K/12540K, paused 3ms, total 3ms
02-03 10:46:20.901 D/dalvikvm( 2070): GC_FOR_ALLOC freed 2467K, 36% free 8065K/12540K, paused 4ms, total 4ms
02-03 10:46:20.901 D/dalvikvm( 2070): GC_FOR_ALLOC freed 2505K, 36% free 8067K/12540K, paused 3ms, total 3ms
02-03 10:46:20.911 D/dalvikvm( 2070): GC_FOR_ALLOC freed 2543K, 36% free 8069K/12540K, paused 4ms, total 4ms
02-03 10:46:20.911 D/dalvikvm( 2070): GC_FOR_ALLOC freed 2580K, 36% free 8071K/12540K, paused 4ms, total 4ms
02-03 10:46:20.921 D/dalvikvm( 2070): GC_FOR_ALLOC freed 2618K, 36% free 8073K/12540K, paused 3ms, total 3ms
02-03 10:46:20.921 D/dalvikvm( 2070): GC_FOR_ALLOC freed 2337K, 36% free 8137K/12540K, paused 3ms, total 3ms
02-03 10:46:20.931 D/dalvikvm( 2070): GC_FOR_ALLOC freed 2110K, 36% free 8076K/12540K, paused 3ms, total 3ms
02-03 10:46:20.931 D/dalvikvm( 2070): GC_FOR_ALLOC freed 2263K, 36% free 8077K/12540K, paused 4ms, total 4ms
02-03 10:46:20.941 D/dalvikvm( 2070): GC_FOR_ALLOC freed 2420K, 36% free 8144K/12540K, paused 4ms, total 4ms
02-03 10:46:20.941 D/dalvikvm( 2070): GC_FOR_ALLOC freed 2316K, 36% free 8146K/12540K, paused 3ms, total 3ms
02-03 10:46:20.951 D/dalvikvm( 2070): GC_FOR_ALLOC freed 2208K, 36% free 8082K/12540K, paused 5ms, total 5ms
02-03 10:46:20.961 D/dalvikvm( 2070): GC_FOR_ALLOC freed 2367K, 36% free 8083K/12540K, paused 3ms, total 3ms
02-03 10:46:20.961 D/dalvikvm( 2070): GC_FOR_ALLOC freed 2049K, 34% free 8289K/12540K, paused 3ms, total 4ms
02-03 10:46:20.971 D/dalvikvm( 2070): GC_FOR_ALLOC freed 1930K, 34% free 8292K/12540K, paused 3ms, total 3ms
02-03 10:46:20.971 D/dalvikvm( 2070): GC_FOR_ALLOC freed 2297K, 36% free 8087K/12540K, paused 3ms, total 4ms
02-03 10:46:20.981 D/dalvikvm( 2070): GC_FOR_ALLOC freed 2108K, 34% free 8299K/12540K, paused 3ms, total 3ms
02-03 10:46:20.981 D/dalvikvm( 2070): GC_FOR_ALLOC freed 2341K, 36% free 8090K/12540K, paused 3ms, total 3ms
02-03 10:46:20.991 D/dalvikvm( 2070): GC_FOR_ALLOC freed 2148K, 34% free 8305K/12540K, paused 3ms, total 3ms
02-03 10:46:20.991 D/dalvikvm( 2070): GC_FOR_ALLOC freed 2386K, 36% free 8092K/12540K, paused 3ms, total 4ms
02-03 10:46:21.001 D/dalvikvm( 2070): GC_FOR_ALLOC freed 2188K, 34% free 8312K/12540K, paused 4ms, total 4ms
02-03 10:46:21.001 D/dalvikvm( 2070): GC_FOR_ALLOC freed 2060K, 34% free 8315K/12540K, paused 4ms, total 4ms
02-03 10:46:21.011 D/dalvikvm( 2070): GC_FOR_ALLOC freed 2077K, 34% free 8318K/12540K, paused 3ms, total 3ms
02-03 10:46:21.021 D/dalvikvm( 2070): GC_FOR_ALLOC freed 2470K, 36% free 8097K/12540K, paused 5ms, total 5ms
02-03 10:46:21.021 D/dalvikvm( 2070): GC_FOR_ALLOC freed 2265K, 35% free 8174K/12540K, paused 4ms, total 4ms
02-03 10:46:21.031 D/dalvikvm( 2070): GC_FOR_ALLOC freed 1979K, 36% free 8100K/12540K, paused 3ms, total 3ms
02-03 10:46:21.031 D/dalvikvm( 2070): GC_FOR_ALLOC freed 2147K, 36% free 8101K/12540K, paused 5ms, total 5ms
02-03 10:46:21.041 D/dalvikvm( 2070): GC_FOR_ALLOC freed 2163K, 36% free 8102K/12540K, paused 4ms, total 4ms
02-03 10:46:21.041 D/dalvikvm( 2070): GC_FOR_ALLOC freed 2180K, 36% free 8103K/12540K, paused 3ms, total 3ms
02-03 10:46:21.051 D/dalvikvm( 2070): GC_FOR_ALLOC freed 2197K, 36% free 8105K/12540K, paused 4ms, total 4ms
02-03 10:46:21.061 D/dalvikvm( 2070): GC_FOR_ALLOC freed 2214K, 36% free 8106K/12540K, paused 4ms, total 4ms
02-03 10:46:21.061 D/dalvikvm( 2070): GC_FOR_ALLOC freed 2230K, 36% free 8107K/12540K, paused 5ms, total 5ms
02-03 10:46:21.071 D/dalvikvm( 2070): GC_FOR_ALLOC freed 2249K, 36% free 8108K/12540K, paused 4ms, total 4ms
02-03 10:46:21.071 D/dalvikvm( 2070): GC_FOR_ALLOC freed 2267K, 36% free 8110K/12540K, paused 4ms, total 4ms
02-03 10:46:21.081 D/dalvikvm( 2070): GC_FOR_ALLOC freed 2284K, 36% free 8111K/12540K, paused 4ms, total 4ms
02-03 10:46:21.081 D/dalvikvm( 2070): GC_FOR_ALLOC freed 2302K, 36% free 8112K/12540K, paused 3ms, total 3ms
02-03 10:46:21.091 D/dalvikvm( 2070): GC_FOR_ALLOC freed 2319K, 36% free 8113K/12540K, paused 3ms, total 3ms
02-03 10:46:21.091 D/dalvikvm( 2070): GC_FOR_ALLOC freed 1918K, 34% free 8364K/12540K, paused 3ms, total 3ms
02-03 10:46:21.101 D/dalvikvm( 2070): GC_FOR_ALLOC freed 2352K, 35% free 8199K/12540K, paused 5ms, total 5ms
02-03 10:46:21.111 D/dalvikvm( 2070): GC_FOR_ALLOC freed 2369K, 35% free 8201K/12540K, paused 3ms, total 3ms
02-03 10:46:21.111 D/dalvikvm( 2070): GC_FOR_ALLOC freed 2215K, 36% free 8118K/12540K, paused 5ms, total 5ms
02-03 10:46:21.121 D/dalvikvm( 2070): GC_FOR_ALLOC freed 1970K, 34% free 8375K/12540K, paused 3ms, total 3ms
02-03 10:46:21.131 D/dalvikvm( 2070): GC_FOR_ALLOC freed 2242K, 36% free 8120K/12540K, paused 4ms, total 4ms
02-03 10:46:21.131 D/dalvikvm( 2070): GC_FOR_ALLOC freed 2430K, 36% free 8121K/12540K, paused 4ms, total 4ms
02-03 10:46:21.141 D/dalvikvm( 2070): GC_FOR_ALLOC freed 2447K, 36% free 8122K/12540K, paused 4ms, total 4ms
02-03 10:46:21.141 D/dalvikvm( 2070): GC_FOR_ALLOC freed 2022K, 34% free 8387K/12540K, paused 3ms, total 3ms
02-03 10:46:21.151 D/dalvikvm( 2070): GC_FOR_ALLOC freed 1856K, 35% free 8212K/12540K, paused 3ms, total 3ms
02-03 10:46:21.151 D/dalvikvm( 2070): GC_FOR_ALLOC freed 1866K, 34% free 8391K/12540K, paused 3ms, total 3ms
02-03 10:46:21.161 D/dalvikvm( 2070): GC_FOR_ALLOC freed 1875K, 35% free 8215K/12540K, paused 3ms, total 3ms
02-03 10:46:21.161 D/dalvikvm( 2070): GC_FOR_ALLOC freed 1885K, 34% free 8396K/12540K, paused 3ms, total 3ms
02-03 10:46:21.171 D/dalvikvm( 2070): GC_FOR_ALLOC freed 1894K, 34% free 8398K/12540K, paused 4ms, total 4ms
02-03 10:46:21.171 D/dalvikvm( 2070): GC_FOR_ALLOC freed 1903K, 34% free 8400K/12540K, paused 3ms, total 3ms
02-03 10:46:21.171 D/dalvikvm( 2070): GC_FOR_ALLOC freed 1913K, 33% free 8402K/12540K, paused 3ms, total 3ms
02-03 10:46:21.181 D/dalvikvm( 2070): GC_FOR_ALLOC freed 1922K, 33% free 8405K/12540K, paused 4ms, total 4ms
02-03 10:46:21.191 D/dalvikvm( 2070): GC_FOR_ALLOC freed 1932K, 33% free 8407K/12540K, paused 3ms, total 4ms
02-03 10:46:21.191 D/dalvikvm( 2070): GC_FOR_ALLOC freed 1941K, 33% free 8409K/12540K, paused 3ms, total 3ms
02-03 10:46:21.201 D/dalvikvm( 2070): GC_FOR_ALLOC freed 1950K, 33% free 8411K/12540K, paused 4ms, total 4ms
02-03 10:46:21.201 D/dalvikvm( 2070): GC_FOR_ALLOC freed 1960K, 33% free 8414K/12540K, paused 4ms, total 4ms
02-03 10:46:21.211 D/dalvikvm( 2070): GC_FOR_ALLOC freed 1969K, 35% free 8228K/12540K, paused 3ms, total 3ms
02-03 10:46:21.211 D/dalvikvm( 2070): GC_FOR_ALLOC freed 1979K, 35% free 8230K/12540K, paused 3ms, total 3ms
02-03 10:46:21.221 D/dalvikvm( 2070): GC_FOR_ALLOC freed 1799K, 36% free 8137K/12540K, paused 3ms, total 3ms
02-03 10:46:21.221 D/dalvikvm( 2070): GC_FOR_ALLOC freed 1997K, 36% free 8138K/12540K, paused 3ms, total 3ms
02-03 10:46:21.231 D/dalvikvm( 2070): GC_FOR_ALLOC freed 2006K, 36% free 8139K/12540K, paused 3ms, total 3ms
02-03 10:46:21.231 D/dalvikvm( 2070): GC_FOR_ALLOC freed 2015K, 36% free 8139K/12540K, paused 3ms, total 3ms
02-03 10:46:21.241 D/dalvikvm( 2070): GC_FOR_ALLOC freed 2025K, 36% free 8140K/12540K, paused 3ms, total 3ms
02-03 10:46:21.241 D/dalvikvm( 2070): GC_FOR_ALLOC freed 2034K, 36% free 8141K/12540K, paused 4ms, total 4ms
02-03 10:46:21.251 D/dalvikvm( 2070): GC_FOR_ALLOC freed 1556K, 33% free 8433K/12540K, paused 3ms, total 3ms
02-03 10:46:21.251 D/dalvikvm( 2070): GC_FOR_ALLOC freed 2051K, 35% free 8240K/12540K, paused 3ms, total 3ms
02-03 10:46:21.261 D/dalvikvm( 2070): GC_FOR_ALLOC freed 1864K, 36% free 8144K/12540K, paused 3ms, total 3ms
02-03 10:46:21.261 D/dalvikvm( 2070): GC_FOR_ALLOC freed 2069K, 36% free 8144K/12540K, paused 3ms, total 4ms
02-03 10:46:21.261 D/dalvikvm( 2070): GC_FOR_ALLOC freed 2078K, 36% free 8145K/12540K, paused 3ms, total 3ms
02-03 10:46:21.271 D/dalvikvm( 2070): GC_FOR_ALLOC freed 1589K, 33% free 8443K/12540K, paused 3ms, total 3ms
02-03 10:46:21.271 D/dalvikvm( 2070): GC_FOR_ALLOC freed 1395K, 33% free 8445K/12540K, paused 3ms, total 3ms
02-03 10:46:21.281 D/dalvikvm( 2070): GC_FOR_ALLOC freed 2101K, 35% free 8247K/12540K, paused 4ms, total 4ms
02-03 10:46:21.291 D/dalvikvm( 2070): GC_FOR_ALLOC freed 1909K, 36% free 8148K/12540K, paused 4ms, total 4ms
02-03 10:46:21.291 D/dalvikvm( 2070): GC_FOR_ALLOC freed 2119K, 36% free 8149K/12540K, paused 3ms, total 3ms
02-03 10:46:21.301 D/dalvikvm( 2070): GC_FOR_ALLOC freed 2128K, 36% free 8150K/12540K, paused 4ms, total 4ms
02-03 10:46:21.301 D/dalvikvm( 2070): GC_FOR_ALLOC freed 1627K, 33% free 8455K/12540K, paused 3ms, total 3ms
02-03 10:46:21.311 D/dalvikvm( 2070): GC_FOR_ALLOC freed 1670K, 35% free 8257K/12540K, paused 3ms, total 3ms
02-03 10:46:21.311 D/dalvikvm( 2070): GC_FOR_ALLOC freed 2317K, 35% free 8186K/12540K, paused 4ms, total 4ms
02-03 10:46:21.321 D/dalvikvm( 2070): GC_FOR_ALLOC freed 1535K, 35% free 8186K/12540K, paused 3ms, total 3ms
02-03 10:46:21.321 D/dalvikvm( 2070): GC_FOR_ALLOC freed 2394K, 39% free 7658K/12540K, paused 3ms, total 3ms
02-03 10:46:21.331 D/dalvikvm( 2070): GC_FOR_ALLOC freed 8K, 31% free 8674K/12540K, paused 2ms, total 2ms
02-03 10:46:21.331 I/dalvikvm-heap( 2070): Grow heap (frag case) to 9.514MB for 1048592-byte allocation
02-03 10:46:21.331 D/dalvikvm( 2070): GC_FOR_ALLOC freed <1K, 29% free 9698K/13568K, paused 3ms, total 3ms
02-03 10:46:21.331 D/dalvikvm( 2070): GC_FOR_ALLOC freed <1K, 29% free 9698K/13568K, paused 3ms, total 3ms
02-03 10:46:21.331 I/dalvikvm-heap( 2070): Grow heap (frag case) to 10.514MB for 1048592-byte allocation
02-03 10:46:21.341 D/dalvikvm( 2070): GC_FOR_ALLOC freed 0K, 27% free 10722K/14596K, paused 2ms, total 2ms
02-03 10:46:21.661 D/dalvikvm( 2070): GC_CONCURRENT freed 6766K, 47% free 8011K/14856K, paused 2ms+2ms, total 26ms
02-03 10:46:21.661 D/dalvikvm( 2070): WAIT_FOR_CONCURRENT_GC blocked 24ms
02-03 10:46:21.671 D/dalvikvm( 2070): GC_FOR_ALLOC freed 4079K, 36% free 8012K/12508K, paused 3ms, total 3ms
02-03 10:46:21.671 D/dalvikvm( 2070): GC_CONCURRENT freed 2272K, 35% free 8207K/12508K, paused 1ms+1ms, total 5ms
02-03 10:46:21.681 D/dalvikvm( 2070): GC_FOR_ALLOC freed 3630K, 37% free 7993K/12508K, paused 3ms, total 4ms
02-03 10:46:21.691 D/dalvikvm( 2070): GC_FOR_ALLOC freed 3321K, 36% free 8070K/12508K, paused 5ms, total 5ms
02-03 10:46:21.701 D/dalvikvm( 2070): GC_FOR_ALLOC freed 3127K, 36% free 8017K/12508K, paused 3ms, total 3ms
02-03 10:46:21.701 D/dalvikvm( 2070): GC_FOR_ALLOC freed 3117K, 36% free 8018K/12508K, paused 3ms, total 3ms
02-03 10:46:21.711 D/dalvikvm( 2070): GC_FOR_ALLOC freed 3005K, 36% free 8050K/12508K, paused 4ms, total 4ms
02-03 10:46:21.721 D/dalvikvm( 2070): GC_FOR_ALLOC freed 3050K, 36% free 8017K/12508K, paused 4ms, total 4ms
02-03 10:46:21.721 D/dalvikvm( 2070): GC_FOR_ALLOC freed 2849K, 36% free 8126K/12508K, paused 4ms, total 4ms
02-03 10:46:21.731 D/dalvikvm( 2070): GC_FOR_ALLOC freed 2828K, 36% free 8016K/12508K, paused 3ms, total 3ms
02-03 10:46:21.731 D/dalvikvm( 2070): GC_FOR_ALLOC freed 2548K, 35% free 8133K/12508K, paused 4ms, total 4ms
02-03 10:46:21.741 D/dalvikvm( 2070): GC_FOR_ALLOC freed 2558K, 35% free 8136K/12508K, paused 4ms, total 4ms
02-03 10:46:21.751 D/dalvikvm( 2070): GC_FOR_ALLOC freed 2648K, 35% free 8171K/12508K, paused 4ms, total 4ms
02-03 10:46:21.751 D/dalvikvm( 2070): GC_FOR_ALLOC freed 2734K, 36% free 8086K/12508K, paused 3ms, total 3ms
02-03 10:46:21.761 D/dalvikvm( 2070): GC_FOR_ALLOC freed 2728K, 36% free 8042K/12508K, paused 4ms, total 4ms
02-03 10:46:21.761 D/dalvikvm( 2070): GC_FOR_ALLOC freed 2667K, 35% free 8178K/12508K, paused 3ms, total 3ms
02-03 10:46:21.771 D/dalvikvm( 2070): GC_FOR_ALLOC freed 2883K, 36% free 8039K/12508K, paused 4ms, total 4ms
02-03 10:46:21.781 D/dalvikvm( 2070): GC_FOR_ALLOC freed 2814K, 36% free 8085K/12508K, paused 3ms, total 3ms
02-03 10:46:21.781 D/dalvikvm( 2070): GC_FOR_ALLOC freed 2786K, 36% free 8085K/12508K, paused 4ms, total 4ms
02-03 10:46:21.791 D/dalvikvm( 2070): GC_FOR_ALLOC freed 2750K, 36% free 8034K/12508K, paused 3ms, total 3ms
02-03 10:46:21.791 D/dalvikvm( 2070): GC_FOR_ALLOC freed 2654K, 36% free 8116K/12508K, paused 4ms, total 4ms
02-03 10:46:21.801 D/dalvikvm( 2070): GC_FOR_ALLOC freed 2603K, 36% free 8115K/12508K, paused 4ms, total 4ms
02-03 10:46:21.811 D/dalvikvm( 2070): GC_FOR_ALLOC freed 2545K, 36% free 8060K/12508K, paused 4ms, total 4ms
02-03 10:46:21.811 D/dalvikvm( 2070): GC_FOR_ALLOC freed 2703K, 36% free 8058K/12508K, paused 4ms, total 4ms
02-03 10:46:21.821 D/dalvikvm( 2070): GC_FOR_ALLOC freed 2471K, 35% free 8224K/12508K, paused 4ms, total 4ms
02-03 10:46:21.821 D/dalvikvm( 2070): GC_FOR_ALLOC freed 2398K, 35% free 8225K/12508K, paused 3ms, total 4ms
02-03 10:46:21.831 D/dalvikvm( 2070): GC_FOR_ALLOC freed 2023K, 35% free 8229K/12508K, paused 4ms, total 4ms
02-03 10:46:21.831 D/dalvikvm( 2070): GC_FOR_ALLOC freed 2349K, 36% free 8053K/12508K, paused 3ms, total 3ms
02-03 10:46:21.841 D/dalvikvm( 2070): GC_FOR_ALLOC freed 2503K, 36% free 8051K/12508K, paused 5ms, total 5ms
02-03 10:46:21.851 D/dalvikvm( 2070): GC_FOR_ALLOC freed 2540K, 36% free 8081K/12508K, paused 3ms, total 3ms
02-03 10:46:21.851 D/dalvikvm( 2070): GC_FOR_ALLOC freed 2265K, 34% free 8266K/12508K, paused 5ms, total 5ms
02-03 10:46:21.861 D/dalvikvm( 2070): GC_FOR_ALLOC freed 2170K, 35% free 8145K/12508K, paused 3ms, total 3ms
02-03 10:46:21.861 D/dalvikvm( 2070): GC_FOR_ALLOC freed 2516K, 36% free 8081K/12508K, paused 3ms, total 4ms
02-03 10:46:21.871 D/dalvikvm( 2070): GC_FOR_ALLOC freed 2354K, 35% free 8146K/12508K, paused 5ms, total 5ms
02-03 10:46:21.881 D/dalvikvm( 2070): GC_FOR_ALLOC freed 2254K, 35% free 8148K/12508K, paused 5ms, total 5ms
02-03 10:46:21.881 D/dalvikvm( 2070): GC_FOR_ALLOC freed 2149K, 36% free 8086K/12508K, paused 3ms, total 4ms
02-03 10:46:21.891 D/dalvikvm( 2070): GC_FOR_ALLOC freed 2304K, 36% free 8087K/12508K, paused 4ms, total 4ms
02-03 10:46:21.891 D/dalvikvm( 2070): GC_FOR_ALLOC freed 2331K, 36% free 8089K/12508K, paused 4ms, total 4ms
02-03 10:46:21.901 D/dalvikvm( 2070): GC_FOR_ALLOC freed 2357K, 36% free 8090K/12508K, paused 4ms, total 4ms
02-03 10:46:21.901 D/dalvikvm( 2070): GC_FOR_ALLOC freed 2383K, 36% free 8092K/12508K, paused 4ms, total 4ms
02-03 10:46:21.911 D/dalvikvm( 2070): GC_FOR_ALLOC freed 2063K, 34% free 8299K/12508K, paused 3ms, total 3ms
02-03 10:46:21.911 D/dalvikvm( 2070): GC_FOR_ALLOC freed 1943K, 34% free 8302K/12508K, paused 4ms, total 4ms
02-03 10:46:21.921 D/dalvikvm( 2070): GC_FOR_ALLOC freed 2312K, 36% free 8096K/12508K, paused 4ms, total 4ms
02-03 10:46:21.921 D/dalvikvm( 2070): GC_FOR_ALLOC freed 2121K, 34% free 8309K/12508K, paused 4ms, total 4ms
02-03 10:46:21.931 D/dalvikvm( 2070): GC_FOR_ALLOC freed 2356K, 36% free 8098K/12508K, paused 3ms, total 3ms
02-03 10:46:21.931 D/dalvikvm( 2070): GC_FOR_ALLOC freed 2161K, 34% free 8316K/12508K, paused 3ms, total 3ms
02-03 10:46:21.941 D/dalvikvm( 2070): GC_FOR_ALLOC freed 2401K, 36% free 8101K/12508K, paused 3ms, total 3ms
02-03 10:46:21.951 D/dalvikvm( 2070): GC_FOR_ALLOC freed 2202K, 34% free 8322K/12508K, paused 3ms, total 4ms
02-03 10:46:21.951 D/dalvikvm( 2070): GC_FOR_ALLOC freed 2073K, 34% free 8325K/12508K, paused 4ms, total 4ms
02-03 10:46:21.961 D/dalvikvm( 2070): GC_FOR_ALLOC freed 2089K, 34% free 8328K/12508K, paused 4ms, total 4ms
02-03 10:46:21.961 D/dalvikvm( 2070): GC_FOR_ALLOC freed 2106K, 34% free 8331K/12508K, paused 4ms, total 4ms
02-03 10:46:21.971 D/dalvikvm( 2070): GC_FOR_ALLOC freed 2123K, 35% free 8183K/12508K, paused 5ms, total 5ms
02-03 10:46:21.971 D/dalvikvm( 2070): GC_FOR_ALLOC freed 2140K, 35% free 8184K/12508K, paused 4ms, total 4ms
02-03 10:46:21.981 D/dalvikvm( 2070): GC_FOR_ALLOC freed 2002K, 36% free 8110K/12508K, paused 3ms, total 3ms
02-03 10:46:21.981 D/dalvikvm( 2070): GC_FOR_ALLOC freed 2172K, 36% free 8111K/12508K, paused 3ms, total 3ms
02-03 10:46:21.991 D/dalvikvm( 2070): GC_FOR_ALLOC freed 2189K, 36% free 8112K/12508K, paused 4ms, total 4ms
02-03 10:46:21.991 D/dalvikvm( 2070): GC_FOR_ALLOC freed 2205K, 36% free 8113K/12508K, paused 3ms, total 3ms
02-03 10:46:22.001 D/dalvikvm( 2070): GC_FOR_ALLOC freed 2222K, 36% free 8114K/12508K, paused 3ms, total 3ms
02-03 10:46:22.001 D/dalvikvm( 2070): GC_FOR_ALLOC freed 2239K, 36% free 8116K/12508K, paused 4ms, total 4ms
02-03 10:46:22.011 D/dalvikvm( 2070): GC_FOR_ALLOC freed 2258K, 36% free 8117K/12508K, paused 4ms, total 4ms
02-03 10:46:22.011 D/dalvikvm( 2070): GC_FOR_ALLOC freed 2275K, 36% free 8118K/12508K, paused 3ms, total 3ms
02-03 10:46:22.021 D/dalvikvm( 2070): GC_FOR_ALLOC freed 2293K, 36% free 8119K/12508K, paused 4ms, total 4ms
02-03 10:46:22.021 D/dalvikvm( 2070): GC_FOR_ALLOC freed 2310K, 36% free 8121K/12508K, paused 3ms, total 3ms
02-03 10:46:22.031 D/dalvikvm( 2070): GC_FOR_ALLOC freed 2328K, 36% free 8122K/12508K, paused 3ms, total 3ms
02-03 10:46:22.031 D/dalvikvm( 2070): GC_FOR_ALLOC freed 1926K, 34% free 8374K/12508K, paused 4ms, total 4ms
02-03 10:46:22.041 D/dalvikvm( 2070): GC_FOR_ALLOC freed 2360K, 35% free 8208K/12508K, paused 4ms, total 4ms
02-03 10:46:22.041 D/dalvikvm( 2070): GC_FOR_ALLOC freed 2207K, 36% free 8125K/12508K, paused 3ms, total 3ms
02-03 10:46:22.051 D/dalvikvm( 2070): GC_FOR_ALLOC freed 1964K, 33% free 8382K/12508K, paused 4ms, total 4ms
02-03 10:46:22.061 D/dalvikvm( 2070): GC_FOR_ALLOC freed 1803K, 33% free 8384K/12508K, paused 4ms, total 4ms
02-03 10:46:22.061 D/dalvikvm( 2070): GC_FOR_ALLOC freed 2246K, 36% free 8128K/12508K, paused 4ms, total 4ms
02-03 10:46:22.061 D/dalvikvm( 2070): GC_FOR_ALLOC freed 1998K, 33% free 8389K/12508K, paused 3ms, total 3ms
02-03 10:46:22.071 D/dalvikvm( 2070): GC_FOR_ALLOC freed 2273K, 35% free 8130K/12508K, paused 3ms, total 3ms
02-03 10:46:22.071 D/dalvikvm( 2070): GC_FOR_ALLOC freed 2022K, 33% free 8395K/12508K, paused 3ms, total 3ms
02-03 10:46:22.081 D/dalvikvm( 2070): GC_FOR_ALLOC freed 1856K, 33% free 8397K/12508K, paused 4ms, total 4ms
02-03 10:46:22.081 D/dalvikvm( 2070): GC_FOR_ALLOC freed 1866K, 35% free 8221K/12508K, paused 3ms, total 3ms
02-03 10:46:22.091 D/dalvikvm( 2070): GC_FOR_ALLOC freed 1875K, 33% free 8401K/12508K, paused 3ms, total 3ms
02-03 10:46:22.091 D/dalvikvm( 2070): GC_FOR_ALLOC freed 1885K, 33% free 8404K/12508K, paused 4ms, total 4ms
02-03 10:46:22.101 D/dalvikvm( 2070): GC_FOR_ALLOC freed 1894K, 35% free 8225K/12508K, paused 4ms, total 4ms
02-03 10:46:22.101 D/dalvikvm( 2070): GC_FOR_ALLOC freed 1722K, 35% free 8137K/12508K, paused 4ms, total 4ms
02-03 10:46:22.111 D/dalvikvm( 2070): GC_FOR_ALLOC freed 1912K, 35% free 8138K/12508K, paused 4ms, total 4ms
02-03 10:46:22.111 D/dalvikvm( 2070): GC_FOR_ALLOC freed 1921K, 35% free 8138K/12508K, paused 3ms, total 3ms
02-03 10:46:22.121 D/dalvikvm( 2070): GC_FOR_ALLOC freed 1931K, 35% free 8139K/12508K, paused 4ms, total 4ms
02-03 10:46:22.121 D/dalvikvm( 2070): GC_FOR_ALLOC freed 1940K, 35% free 8140K/12508K, paused 4ms, total 4ms
02-03 10:46:22.131 D/dalvikvm( 2070): GC_FOR_ALLOC freed 1950K, 35% free 8141K/12508K, paused 4ms, total 4ms
02-03 10:46:22.141 D/dalvikvm( 2070): GC_FOR_ALLOC freed 1959K, 35% free 8142K/12508K, paused 5ms, total 5ms
02-03 10:46:22.141 D/dalvikvm( 2070): GC_FOR_ALLOC freed 1968K, 35% free 8143K/12508K, paused 3ms, total 3ms
02-03 10:46:22.151 D/dalvikvm( 2070): GC_FOR_ALLOC freed 1978K, 35% free 8144K/12508K, paused 3ms, total 3ms
02-03 10:46:22.151 D/dalvikvm( 2070): GC_FOR_ALLOC freed 1987K, 35% free 8145K/12508K, paused 3ms, total 3ms
02-03 10:46:22.161 D/dalvikvm( 2070): GC_FOR_ALLOC freed 1997K, 35% free 8146K/12508K, paused 3ms, total 3ms
02-03 10:46:22.161 D/dalvikvm( 2070): GC_FOR_ALLOC freed 2006K, 35% free 8147K/12508K, paused 3ms, total 3ms
02-03 10:46:22.171 D/dalvikvm( 2070): GC_FOR_ALLOC freed 2015K, 35% free 8147K/12508K, paused 4ms, total 4ms
02-03 10:46:22.171 D/dalvikvm( 2070): GC_FOR_ALLOC freed 2025K, 35% free 8148K/12508K, paused 3ms, total 3ms
02-03 10:46:22.181 D/dalvikvm( 2070): GC_FOR_ALLOC freed 1549K, 33% free 8439K/12508K, paused 4ms, total 4ms
02-03 10:46:22.181 D/dalvikvm( 2070): GC_FOR_ALLOC freed 2041K, 35% free 8247K/12508K, paused 3ms, total 3ms
02-03 10:46:22.181 D/dalvikvm( 2070): GC_FOR_ALLOC freed 1855K, 35% free 8151K/12508K, paused 3ms, total 3ms
02-03 10:46:22.191 D/dalvikvm( 2070): GC_FOR_ALLOC freed 2059K, 35% free 8152K/12508K, paused 4ms, total 4ms
02-03 10:46:22.191 D/dalvikvm( 2070): GC_FOR_ALLOC freed 2069K, 35% free 8152K/12508K, paused 3ms, total 3ms
02-03 10:46:22.201 D/dalvikvm( 2070): GC_FOR_ALLOC freed 1582K, 33% free 8449K/12508K, paused 4ms, total 4ms
02-03 10:46:22.211 D/dalvikvm( 2070): GC_FOR_ALLOC freed 1389K, 33% free 8451K/12508K, paused 3ms, total 3ms
02-03 10:46:22.211 D/dalvikvm( 2070): GC_FOR_ALLOC freed 2092K, 35% free 8254K/12508K, paused 3ms, total 3ms
02-03 10:46:22.221 D/dalvikvm( 2070): GC_FOR_ALLOC freed 1901K, 35% free 8155K/12508K, paused 4ms, total 4ms
02-03 10:46:22.221 D/dalvikvm( 2070): GC_FOR_ALLOC freed 2110K, 35% free 8156K/12508K, paused 3ms, total 3ms
02-03 10:46:22.231 D/dalvikvm( 2070): GC_FOR_ALLOC freed 2119K, 35% free 8157K/12508K, paused 3ms, total 3ms
02-03 10:46:22.231 D/dalvikvm( 2070): GC_FOR_ALLOC freed 1620K, 33% free 8461K/12508K, paused 4ms, total 4ms
02-03 10:46:22.241 D/dalvikvm( 2070): GC_FOR_ALLOC freed 1423K, 33% free 8463K/12508K, paused 3ms, total 3ms
02-03 10:46:22.241 D/dalvikvm( 2070): GC_FOR_ALLOC freed 2170K, 35% free 8159K/12508K, paused 3ms, total 3ms
02-03 10:46:22.251 D/dalvikvm( 2070): GC_FOR_ALLOC freed 2000K, 33% free 8472K/12508K, paused 3ms, total 3ms
02-03 10:46:22.251 D/dalvikvm( 2070): GC_FOR_ALLOC freed 2076K, 35% free 8150K/12508K, paused 3ms, total 3ms
02-03 10:46:22.291 D/dalvikvm( 2070): GC_FOR_ALLOC freed 2382K, 39% free 7634K/12508K, paused 3ms, total 3ms
02-03 10:46:22.291 I/dalvikvm-heap( 2070): Grow heap (frag case) to 8.498MB for 1048592-byte allocation
02-03 10:46:22.301 D/dalvikvm( 2070): GC_FOR_ALLOC freed 0K, 37% free 8658K/13536K, paused 3ms, total 3ms
02-03 10:46:22.311 D/dalvikvm( 2070): GC_FOR_ALLOC freed <1K, 37% free 8650K/13536K, paused 13ms, total 13ms
02-03 10:46:22.311 I/dalvikvm-heap( 2070): Grow heap (frag case) to 9.491MB for 1048592-byte allocation
02-03 10:46:22.311 D/dalvikvm( 2070): GC_FOR_ALLOC freed 0K, 34% free 9674K/14564K, paused 2ms, total 2ms
02-03 10:46:22.321 D/dalvikvm( 2070): GC_FOR_ALLOC freed <1K, 34% free 9674K/14564K, paused 2ms, total 2ms
02-03 10:46:22.321 I/dalvikvm-heap( 2070): Grow heap (frag case) to 10.491MB for 1048592-byte allocation
02-03 10:46:22.321 D/dalvikvm( 2070): GC_FOR_ALLOC freed 0K, 32% free 10698K/15592K, paused 3ms, total 3ms
02-03 10:46:22.611 D/dalvikvm( 2070): GC_CONCURRENT freed 6752K, 49% free 8041K/15592K, paused 0ms+1ms, total 5ms
02-03 10:46:22.611 D/dalvikvm( 2070): WAIT_FOR_CONCURRENT_GC blocked 4ms
02-03 10:46:22.621 D/dalvikvm( 2070): GC_FOR_ALLOC freed 4081K, 36% free 8040K/12552K, paused 4ms, total 4ms
02-03 10:46:22.631 D/dalvikvm( 2070): GC_CONCURRENT freed 2060K, 35% free 8279K/12552K, paused 1ms+1ms, total 5ms
02-03 10:46:22.651 D/dalvikvm( 2070): GC_FOR_ALLOC freed 3682K, 37% free 7984K/12552K, paused 17ms, total 17ms
02-03 10:46:22.651 D/dalvikvm( 2070): GC_FOR_ALLOC freed 3489K, 36% free 8033K/12552K, paused 4ms, total 4ms
02-03 10:46:22.661 D/dalvikvm( 2070): GC_FOR_ALLOC freed 3277K, 37% free 8001K/12552K, paused 3ms, total 3ms
02-03 10:46:22.671 D/dalvikvm( 2070): GC_FOR_ALLOC freed 3034K, 36% free 8122K/12552K, paused 3ms, total 3ms
02-03 10:46:22.671 D/dalvikvm( 2070): GC_FOR_ALLOC freed 2943K, 36% free 8062K/12552K, paused 3ms, total 4ms
02-03 10:46:22.681 D/dalvikvm( 2070): GC_FOR_ALLOC freed 3050K, 37% free 8029K/12552K, paused 3ms, total 3ms
02-03 10:46:22.681 D/dalvikvm( 2070): GC_FOR_ALLOC freed 3033K, 37% free 8029K/12552K, paused 3ms, total 3ms
02-03 10:46:22.691 D/dalvikvm( 2070): GC_FOR_ALLOC freed 2913K, 37% free 8028K/12552K, paused 4ms, total 4ms
02-03 10:46:22.691 D/dalvikvm( 2070): GC_FOR_ALLOC freed 2759K, 37% free 8027K/12552K, paused 3ms, total 3ms
02-03 10:46:22.701 D/dalvikvm( 2070): GC_FOR_ALLOC freed 2866K, 37% free 8026K/12552K, paused 4ms, total 4ms
02-03 10:46:22.711 D/dalvikvm( 2070): GC_FOR_ALLOC freed 2674K, 37% free 8025K/12552K, paused 4ms, total 4ms
02-03 10:46:22.711 D/dalvikvm( 2070): GC_FOR_ALLOC freed 2759K, 36% free 8056K/12552K, paused 3ms, total 3ms
02-03 10:46:22.721 D/dalvikvm( 2070): GC_FOR_ALLOC freed 2844K, 36% free 8054K/12552K, paused 5ms, total 5ms
02-03 10:46:22.731 D/dalvikvm( 2070): GC_FOR_ALLOC freed 2929K, 36% free 8053K/12552K, paused 3ms, total 3ms
02-03 10:46:22.731 D/dalvikvm( 2070): GC_FOR_ALLOC freed 2771K, 35% free 8195K/12552K, paused 4ms, total 4ms
02-03 10:46:22.741 D/dalvikvm( 2070): GC_FOR_ALLOC freed 2645K, 36% free 8050K/12552K, paused 3ms, total 3ms
02-03 10:46:22.741 D/dalvikvm( 2070): GC_FOR_ALLOC freed 2809K, 36% free 8048K/12552K, paused 3ms, total 4ms
02-03 10:46:22.751 D/dalvikvm( 2070): GC_FOR_ALLOC freed 2616K, 35% free 8201K/12552K, paused 3ms, total 4ms
02-03 10:46:22.761 D/dalvikvm( 2070): GC_FOR_ALLOC freed 2831K, 36% free 8045K/12552K, paused 4ms, total 4ms
02-03 10:46:22.761 D/dalvikvm( 2070): GC_FOR_ALLOC freed 2623K, 36% free 8075K/12552K, paused 3ms, total 3ms
02-03 10:46:22.771 D/dalvikvm( 2070): GC_FOR_ALLOC freed 2399K, 35% free 8236K/12552K, paused 3ms, total 3ms
02-03 10:46:22.771 D/dalvikvm( 2070): GC_FOR_ALLOC freed 2329K, 35% free 8237K/12552K, paused 3ms, total 3ms
02-03 10:46:22.781 D/dalvikvm( 2070): GC_FOR_ALLOC freed 2253K, 36% free 8068K/12552K, paused 3ms, total 3ms
02-03 10:46:22.781 D/dalvikvm( 2070): GC_FOR_ALLOC freed 2402K, 36% free 8066K/12552K, paused 3ms, total 3ms
02-03 10:46:22.791 D/dalvikvm( 2070): GC_FOR_ALLOC freed 2440K, 36% free 8064K/12552K, paused 4ms, total 4ms
02-03 10:46:22.791 D/dalvikvm( 2070): GC_FOR_ALLOC freed 2477K, 36% free 8062K/12552K, paused 3ms, total 3ms
02-03 10:46:22.801 D/dalvikvm( 2070): GC_FOR_ALLOC freed 2515K, 36% free 8059K/12552K, paused 3ms, total 3ms
02-03 10:46:22.801 D/dalvikvm( 2070): GC_FOR_ALLOC freed 2553K, 36% free 8089K/12552K, paused 5ms, total 5ms
02-03 10:46:22.811 D/dalvikvm( 2070): GC_FOR_ALLOC freed 2590K, 36% free 8087K/12552K, paused 4ms, total 4ms
02-03 10:46:22.821 D/dalvikvm( 2070): GC_FOR_ALLOC freed 2309K, 35% free 8276K/12552K, paused 4ms, total 4ms
02-03 10:46:22.821 D/dalvikvm( 2070): GC_FOR_ALLOC freed 2085K, 36% free 8090K/12552K, paused 4ms, total 4ms
02-03 10:46:22.831 D/dalvikvm( 2070): GC_FOR_ALLOC freed 2236K, 36% free 8092K/12552K, paused 3ms, total 3ms
02-03 10:46:22.831 D/dalvikvm( 2070): GC_FOR_ALLOC freed 2263K, 36% free 8093K/12552K, paused 3ms, total 3ms
02-03 10:46:22.841 D/dalvikvm( 2070): GC_FOR_ALLOC freed 2420K, 35% free 8160K/12552K, paused 4ms, total 4ms
02-03 10:46:22.841 D/dalvikvm( 2070): GC_FOR_ALLOC freed 2316K, 35% free 8162K/12552K, paused 5ms, total 5ms
02-03 10:46:22.851 D/dalvikvm( 2070): GC_FOR_ALLOC freed 2208K, 36% free 8098K/12552K, paused 3ms, total 3ms
02-03 10:46:22.851 D/dalvikvm( 2070): GC_FOR_ALLOC freed 2367K, 36% free 8099K/12552K, paused 3ms, total 3ms
02-03 10:46:22.861 D/dalvikvm( 2070): GC_FOR_ALLOC freed 2049K, 34% free 8305K/12552K, paused 4ms, total 4ms
02-03 10:46:22.861 D/dalvikvm( 2070): GC_FOR_ALLOC freed 1930K, 34% free 8308K/12552K, paused 3ms, total 3ms
02-03 10:46:22.871 D/dalvikvm( 2070): GC_FOR_ALLOC freed 2297K, 36% free 8103K/12552K, paused 4ms, total 4ms
02-03 10:46:22.871 D/dalvikvm( 2070): GC_FOR_ALLOC freed 2108K, 34% free 8315K/12552K, paused 3ms, total 4ms
02-03 10:46:22.881 D/dalvikvm( 2070): GC_FOR_ALLOC freed 2341K, 36% free 8106K/12552K, paused 3ms, total 3ms
02-03 10:46:22.891 D/dalvikvm( 2070): GC_FOR_ALLOC freed 2148K, 34% free 8321K/12552K, paused 5ms, total 5ms
02-03 10:46:22.891 D/dalvikvm( 2070): GC_FOR_ALLOC freed 2386K, 36% free 8108K/12552K, paused 5ms, total 5ms
02-03 10:46:22.901 D/dalvikvm( 2070): GC_FOR_ALLOC freed 2188K, 34% free 8328K/12552K, paused 4ms, total 4ms
02-03 10:46:22.901 D/dalvikvm( 2070): GC_FOR_ALLOC freed 2060K, 34% free 8331K/12552K, paused 4ms, total 4ms
02-03 10:46:22.911 D/dalvikvm( 2070): GC_FOR_ALLOC freed 2077K, 34% free 8334K/12552K, paused 3ms, total 3ms
02-03 10:46:22.911 D/dalvikvm( 2070): GC_FOR_ALLOC freed 2470K, 36% free 8113K/12552K, paused 3ms, total 3ms
02-03 10:46:22.921 D/dalvikvm( 2070): GC_FOR_ALLOC freed 2265K, 35% free 8190K/12552K, paused 4ms, total 4ms
02-03 10:46:22.921 D/dalvikvm( 2070): GC_FOR_ALLOC freed 1979K, 36% free 8116K/12552K, paused 4ms, total 4ms
02-03 10:46:22.931 D/dalvikvm( 2070): GC_FOR_ALLOC freed 2147K, 36% free 8117K/12552K, paused 4ms, total 4ms
02-03 10:46:22.931 D/dalvikvm( 2070): GC_FOR_ALLOC freed 2163K, 36% free 8118K/12552K, paused 3ms, total 3ms
02-03 10:46:22.941 D/dalvikvm( 2070): GC_FOR_ALLOC freed 2180K, 36% free 8119K/12552K, paused 3ms, total 3ms
02-03 10:46:22.941 D/dalvikvm( 2070): GC_FOR_ALLOC freed 2197K, 36% free 8121K/12552K, paused 4ms, total 4ms
02-03 10:46:22.951 D/dalvikvm( 2070): GC_FOR_ALLOC freed 2214K, 36% free 8122K/12552K, paused 4ms, total 4ms
02-03 10:46:22.951 D/dalvikvm( 2070): GC_FOR_ALLOC freed 2230K, 36% free 8123K/12552K, paused 5ms, total 5ms
02-03 10:46:22.961 D/dalvikvm( 2070): GC_FOR_ALLOC freed 2249K, 36% free 8124K/12552K, paused 4ms, total 4ms
02-03 10:46:22.961 D/dalvikvm( 2070): GC_FOR_ALLOC freed 1860K, 34% free 8368K/12552K, paused 3ms, total 3ms
02-03 10:46:22.971 D/dalvikvm( 2070): GC_FOR_ALLOC freed 2281K, 35% free 8207K/12552K, paused 4ms, total 4ms
02-03 10:46:22.981 D/dalvikvm( 2070): GC_FOR_ALLOC freed 2298K, 35% free 8209K/12552K, paused 4ms, total 4ms
02-03 10:46:22.981 D/dalvikvm( 2070): GC_FOR_ALLOC freed 2150K, 36% free 8129K/12552K, paused 3ms, total 3ms
02-03 10:46:22.991 D/dalvikvm( 2070): GC_FOR_ALLOC freed 1914K, 34% free 8379K/12552K, paused 4ms, total 4ms
02-03 10:46:22.991 D/dalvikvm( 2070): GC_FOR_ALLOC freed 2348K, 35% free 8215K/12552K, paused 3ms, total 4ms
02-03 10:46:23.001 D/dalvikvm( 2070): GC_FOR_ALLOC freed 2364K, 35% free 8216K/12552K, paused 3ms, total 3ms
02-03 10:46:23.001 D/dalvikvm( 2070): GC_FOR_ALLOC freed 2211K, 36% free 8134K/12552K, paused 4ms, total 4ms
02-03 10:46:23.011 D/dalvikvm( 2070): GC_FOR_ALLOC freed 1967K, 34% free 8391K/12552K, paused 3ms, total 4ms
02-03 10:46:23.011 D/dalvikvm( 2070): GC_FOR_ALLOC freed 2238K, 36% free 8136K/12552K, paused 3ms, total 3ms
02-03 10:46:23.021 D/dalvikvm( 2070): GC_FOR_ALLOC freed 2426K, 36% free 8137K/12552K, paused 3ms, total 3ms
02-03 10:46:23.021 D/dalvikvm( 2070): GC_FOR_ALLOC freed 2443K, 36% free 8138K/12552K, paused 3ms, total 3ms
02-03 10:46:23.031 D/dalvikvm( 2070): GC_FOR_ALLOC freed 2019K, 34% free 8402K/12552K, paused 3ms, total 3ms
02-03 10:46:23.031 D/dalvikvm( 2070): GC_FOR_ALLOC freed 1853K, 35% free 8228K/12552K, paused 3ms, total 3ms
02-03 10:46:23.041 D/dalvikvm( 2070): GC_FOR_ALLOC freed 1863K, 34% free 8406K/12552K, paused 3ms, total 3ms
02-03 10:46:23.041 D/dalvikvm( 2070): GC_FOR_ALLOC freed 1872K, 35% free 8230K/12552K, paused 3ms, total 3ms
02-03 10:46:23.051 D/dalvikvm( 2070): GC_FOR_ALLOC freed 1881K, 33% free 8411K/12552K, paused 3ms, total 3ms
02-03 10:46:23.051 D/dalvikvm( 2070): GC_FOR_ALLOC freed 1891K, 33% free 8413K/12552K, paused 4ms, total 4ms
02-03 10:46:23.061 D/dalvikvm( 2070): GC_FOR_ALLOC freed 1900K, 35% free 8234K/12552K, paused 4ms, total 4ms
02-03 10:46:23.061 D/dalvikvm( 2070): GC_FOR_ALLOC freed 1728K, 36% free 8145K/12552K, paused 3ms, total 3ms
02-03 10:46:23.071 D/dalvikvm( 2070): GC_FOR_ALLOC freed 1918K, 36% free 8146K/12552K, paused 3ms, total 3ms
02-03 10:46:23.071 D/dalvikvm( 2070): GC_FOR_ALLOC freed 1928K, 36% free 8147K/12552K, paused 3ms, total 3ms
02-03 10:46:23.071 D/dalvikvm( 2070): GC_FOR_ALLOC freed 1937K, 36% free 8148K/12552K, paused 3ms, total 3ms
02-03 10:46:23.081 D/dalvikvm( 2070): GC_FOR_ALLOC freed 1946K, 36% free 8149K/12552K, paused 3ms, total 3ms
02-03 10:46:23.081 D/dalvikvm( 2070): GC_FOR_ALLOC freed 1956K, 36% free 8150K/12552K, paused 3ms, total 3ms
02-03 10:46:23.091 D/dalvikvm( 2070): GC_FOR_ALLOC freed 1965K, 36% free 8151K/12552K, paused 3ms, total 3ms
02-03 10:46:23.091 D/dalvikvm( 2070): GC_FOR_ALLOC freed 1975K, 36% free 8152K/12552K, paused 3ms, total 3ms
02-03 10:46:23.101 D/dalvikvm( 2070): GC_FOR_ALLOC freed 1984K, 36% free 8152K/12552K, paused 4ms, total 4ms
02-03 10:46:23.101 D/dalvikvm( 2070): GC_FOR_ALLOC freed 1993K, 36% free 8153K/12552K, paused 4ms, total 4ms
02-03 10:46:23.111 D/dalvikvm( 2070): GC_FOR_ALLOC freed 2003K, 36% free 8154K/12552K, paused 3ms, total 3ms
02-03 10:46:23.111 D/dalvikvm( 2070): GC_FOR_ALLOC freed 2012K, 36% free 8155K/12552K, paused 3ms, total 3ms
02-03 10:46:23.121 D/dalvikvm( 2070): GC_FOR_ALLOC freed 2022K, 36% free 8156K/12552K, paused 3ms, total 3ms
02-03 10:46:23.121 D/dalvikvm( 2070): GC_FOR_ALLOC freed 2031K, 36% free 8157K/12552K, paused 3ms, total 3ms
02-03 10:46:23.131 D/dalvikvm( 2070): GC_FOR_ALLOC freed 1553K, 33% free 8448K/12552K, paused 3ms, total 3ms
02-03 10:46:23.131 D/dalvikvm( 2070): GC_FOR_ALLOC freed 2048K, 35% free 8255K/12552K, paused 3ms, total 3ms
02-03 10:46:23.141 D/dalvikvm( 2070): GC_FOR_ALLOC freed 1861K, 35% free 8159K/12552K, paused 4ms, total 4ms
02-03 10:46:23.151 D/dalvikvm( 2070): GC_FOR_ALLOC freed 2066K, 35% free 8160K/12552K, paused 4ms, total 4ms
02-03 10:46:23.151 D/dalvikvm( 2070): GC_FOR_ALLOC freed 2075K, 35% free 8161K/12552K, paused 3ms, total 3ms
02-03 10:46:23.161 D/dalvikvm( 2070): GC_FOR_ALLOC freed 1587K, 33% free 8459K/12552K, paused 3ms, total 4ms
02-03 10:46:23.161 D/dalvikvm( 2070): GC_FOR_ALLOC freed 1393K, 33% free 8460K/12552K, paused 3ms, total 3ms
02-03 10:46:23.161 D/dalvikvm( 2070): GC_FOR_ALLOC freed 2098K, 35% free 8263K/12552K, paused 3ms, total 3ms
02-03 10:46:23.171 D/dalvikvm( 2070): GC_FOR_ALLOC freed 1907K, 35% free 8164K/12552K, paused 3ms, total 3ms
02-03 10:46:23.171 D/dalvikvm( 2070): GC_FOR_ALLOC freed 2116K, 35% free 8165K/12552K, paused 3ms, total 3ms
02-03 10:46:23.181 D/dalvikvm( 2070): GC_FOR_ALLOC freed 2125K, 35% free 8166K/12552K, paused 3ms, total 3ms
02-03 10:46:23.181 D/dalvikvm( 2070): GC_FOR_ALLOC freed 1625K, 33% free 8471K/12552K, paused 3ms, total 3ms
02-03 10:46:23.191 D/dalvikvm( 2070): GC_FOR_ALLOC freed 1427K, 33% free 8472K/12552K, paused 3ms, total 3ms
02-03 10:46:23.191 D/dalvikvm( 2070): GC_FOR_ALLOC freed 2528K, 36% free 8154K/12552K, paused 3ms, total 3ms
02-03 10:46:23.201 D/dalvikvm( 2070): GC_FOR_ALLOC freed 1747K, 33% free 8483K/12552K, paused 4ms, total 4ms
02-03 10:46:23.201 D/dalvikvm( 2070): GC_FOR_ALLOC freed 1535K, 33% free 8483K/12552K, paused 4ms, total 4ms
02-03 10:46:23.211 D/dalvikvm( 2070): GC_FOR_ALLOC freed 1407K, 40% free 7626K/12552K, paused 3ms, total 3ms
02-03 10:46:23.211 D/dalvikvm( 2070): GC_FOR_ALLOC freed <1K, 32% free 8650K/12552K, paused 2ms, total 2ms
02-03 10:46:23.211 I/dalvikvm-heap( 2070): Grow heap (frag case) to 9.491MB for 1048592-byte allocation
02-03 10:46:23.221 D/dalvikvm( 2070): GC_FOR_ALLOC freed <1K, 29% free 9674K/13580K, paused 3ms, total 3ms
02-03 10:46:23.221 D/dalvikvm( 2070): GC_FOR_ALLOC freed <1K, 29% free 9674K/13580K, paused 3ms, total 3ms
02-03 10:46:23.221 I/dalvikvm-heap( 2070): Grow heap (frag case) to 10.491MB for 1048592-byte allocation
02-03 10:46:23.221 D/dalvikvm( 2070): GC_FOR_ALLOC freed 0K, 27% free 10698K/14608K, paused 2ms, total 2ms
02-03 10:46:23.631 D/dalvikvm( 2070): GC_CONCURRENT freed 6735K, 46% free 8013K/14820K, paused 1ms+1ms, total 18ms
02-03 10:46:23.631 D/dalvikvm( 2070): WAIT_FOR_CONCURRENT_GC blocked 17ms
02-03 10:46:23.641 D/dalvikvm( 2070): GC_CONCURRENT freed 4033K, 37% free 8056K/12592K, paused 0ms+1ms, total 5ms
02-03 10:46:23.641 D/dalvikvm( 2070): WAIT_FOR_CONCURRENT_GC blocked 4ms
02-03 10:46:23.651 D/dalvikvm( 2070): GC_FOR_ALLOC freed 3719K, 36% free 8065K/12592K, paused 3ms, total 3ms
02-03 10:46:23.651 D/dalvikvm( 2070): GC_FOR_ALLOC freed 3575K, 37% free 7995K/12592K, paused 4ms, total 4ms
02-03 10:46:23.661 D/dalvikvm( 2070): GC_FOR_ALLOC freed 3335K, 36% free 8076K/12592K, paused 3ms, total 3ms
02-03 10:46:23.671 D/dalvikvm( 2070): GC_FOR_ALLOC freed 3039K, 36% free 8112K/12592K, paused 4ms, total 4ms
02-03 10:46:23.671 D/dalvikvm( 2070): GC_FOR_ALLOC freed 3049K, 37% free 8050K/12592K, paused 3ms, total 3ms
02-03 10:46:23.681 D/dalvikvm( 2070): GC_FOR_ALLOC freed 3011K, 36% free 8120K/12592K, paused 3ms, total 3ms
02-03 10:46:23.681 D/dalvikvm( 2070): GC_FOR_ALLOC freed 3188K, 37% free 8054K/12592K, paused 4ms, total 4ms
02-03 10:46:23.691 D/dalvikvm( 2070): GC_FOR_ALLOC freed 2836K, 36% free 8130K/12592K, paused 3ms, total 3ms
02-03 10:46:23.691 D/dalvikvm( 2070): GC_FOR_ALLOC freed 2611K, 37% free 8017K/12592K, paused 3ms, total 3ms
02-03 10:46:23.701 D/dalvikvm( 2070): GC_FOR_ALLOC freed 2790K, 37% free 8016K/12592K, paused 4ms, total 4ms
02-03 10:46:23.701 D/dalvikvm( 2070): GC_FOR_ALLOC freed 2689K, 36% free 8088K/12592K, paused 3ms, total 3ms
02-03 10:46:23.711 D/dalvikvm( 2070): GC_FOR_ALLOC freed 2696K, 36% free 8088K/12592K, paused 3ms, total 3ms
02-03 10:46:23.711 D/dalvikvm( 2070): GC_FOR_ALLOC freed 2691K, 37% free 8044K/12592K, paused 3ms, total 3ms
02-03 10:46:23.721 D/dalvikvm( 2070): GC_FOR_ALLOC freed 2632K, 36% free 8179K/12592K, paused 4ms, total 4ms
02-03 10:46:23.731 D/dalvikvm( 2070): GC_FOR_ALLOC freed 2846K, 37% free 8041K/12592K, paused 3ms, total 3ms
02-03 10:46:23.731 D/dalvikvm( 2070): GC_FOR_ALLOC freed 2780K, 36% free 8184K/12592K, paused 3ms, total 3ms
02-03 10:46:23.741 D/dalvikvm( 2070): GC_FOR_ALLOC freed 2752K, 35% free 8186K/12592K, paused 4ms, total 4ms
02-03 10:46:23.741 D/dalvikvm( 2070): GC_FOR_ALLOC freed 2819K, 36% free 8087K/12592K, paused 3ms, total 3ms
02-03 10:46:23.751 D/dalvikvm( 2070): GC_FOR_ALLOC freed 2782K, 36% free 8067K/12592K, paused 3ms, total 3ms
02-03 10:46:23.751 D/dalvikvm( 2070): GC_FOR_ALLOC freed 2579K, 36% free 8065K/12592K, paused 3ms, total 3ms
02-03 10:46:23.761 D/dalvikvm( 2070): GC_FOR_ALLOC freed 2630K, 36% free 8063K/12592K, paused 3ms, total 3ms
02-03 10:46:23.761 D/dalvikvm( 2070): GC_FOR_ALLOC freed 2681K, 36% free 8061K/12592K, paused 3ms, total 3ms
02-03 10:46:23.771 D/dalvikvm( 2070): GC_FOR_ALLOC freed 2732K, 36% free 8059K/12592K, paused 3ms, total 3ms
02-03 10:46:23.771 D/dalvikvm( 2070): GC_FOR_ALLOC freed 2497K, 35% free 8227K/12592K, paused 3ms, total 4ms
02-03 10:46:23.781 D/dalvikvm( 2070): GC_FOR_ALLOC freed 2423K, 36% free 8112K/12592K, paused 3ms, total 3ms
02-03 10:46:23.781 D/dalvikvm( 2070): GC_FOR_ALLOC freed 2343K, 37% free 8053K/12592K, paused 3ms, total 3ms
02-03 10:46:23.791 D/dalvikvm( 2070): GC_FOR_ALLOC freed 2496K, 36% free 8083K/12592K, paused 3ms, total 4ms
02-03 10:46:23.791 D/dalvikvm( 2070): GC_FOR_ALLOC freed 2534K, 36% free 8080K/12592K, paused 4ms, total 4ms
02-03 10:46:23.801 D/dalvikvm( 2070): GC_FOR_ALLOC freed 2572K, 36% free 8078K/12592K, paused 4ms, total 4ms
02-03 10:46:23.801 D/dalvikvm( 2070): GC_FOR_ALLOC freed 2293K, 35% free 8266K/12592K, paused 4ms, total 4ms
02-03 10:46:23.811 D/dalvikvm( 2070): GC_FOR_ALLOC freed 2196K, 35% free 8269K/12592K, paused 3ms, total 3ms
02-03 10:46:23.811 D/dalvikvm( 2070): GC_FOR_ALLOC freed 2095K, 36% free 8083K/12592K, paused 3ms, total 3ms
02-03 10:46:23.821 D/dalvikvm( 2070): GC_FOR_ALLOC freed 2376K, 36% free 8148K/12592K, paused 3ms, total 3ms
02-03 10:46:23.821 D/dalvikvm( 2070): GC_FOR_ALLOC freed 2274K, 36% free 8150K/12592K, paused 3ms, total 3ms
02-03 10:46:23.831 D/dalvikvm( 2070): GC_FOR_ALLOC freed 2169K, 36% free 8087K/12592K, paused 4ms, total 4ms
02-03 10:46:23.831 D/dalvikvm( 2070): GC_FOR_ALLOC freed 2325K, 36% free 8089K/12592K, paused 3ms, total 3ms
02-03 10:46:23.841 D/dalvikvm( 2070): GC_FOR_ALLOC freed 2351K, 36% free 8090K/12592K, paused 3ms, total 3ms
02-03 10:46:23.841 D/dalvikvm( 2070): GC_FOR_ALLOC freed 2378K, 36% free 8092K/12592K, paused 3ms, total 3ms
02-03 10:46:23.851 D/dalvikvm( 2070): GC_FOR_ALLOC freed 2404K, 36% free 8093K/12592K, paused 4ms, total 4ms
02-03 10:46:23.851 D/dalvikvm( 2070): GC_FOR_ALLOC freed 2430K, 36% free 8095K/12592K, paused 4ms, total 4ms
02-03 10:46:23.861 D/dalvikvm( 2070): GC_FOR_ALLOC freed 2103K, 35% free 8306K/12592K, paused 4ms, total 4ms
02-03 10:46:23.861 D/dalvikvm( 2070): GC_FOR_ALLOC freed 1981K, 35% free 8309K/12592K, paused 3ms, total 3ms
02-03 10:46:23.871 D/dalvikvm( 2070): GC_FOR_ALLOC freed 2356K, 36% free 8098K/12592K, paused 3ms, total 3ms
02-03 10:46:23.871 D/dalvikvm( 2070): GC_FOR_ALLOC freed 2161K, 34% free 8316K/12592K, paused 4ms, total 4ms
02-03 10:46:23.881 D/dalvikvm( 2070): GC_FOR_ALLOC freed 2401K, 36% free 8101K/12592K, paused 3ms, total 3ms
02-03 10:46:23.881 D/dalvikvm( 2070): GC_FOR_ALLOC freed 2202K, 34% free 8322K/12592K, paused 4ms, total 4ms
02-03 10:46:23.891 D/dalvikvm( 2070): GC_FOR_ALLOC freed 2073K, 34% free 8325K/12592K, paused 4ms, total 4ms
02-03 10:46:23.891 D/dalvikvm( 2070): GC_FOR_ALLOC freed 2089K, 34% free 8328K/12592K, paused 3ms, total 3ms
02-03 10:46:23.901 D/dalvikvm( 2070): GC_FOR_ALLOC freed 2484K, 36% free 8106K/12592K, paused 3ms, total 3ms
02-03 10:46:23.901 D/dalvikvm( 2070): GC_FOR_ALLOC freed 2278K, 36% free 8183K/12592K, paused 3ms, total 3ms
02-03 10:46:23.911 D/dalvikvm( 2070): GC_FOR_ALLOC freed 1990K, 36% free 8109K/12592K, paused 3ms, total 4ms
02-03 10:46:23.911 D/dalvikvm( 2070): GC_FOR_ALLOC freed 2159K, 36% free 8110K/12592K, paused 3ms, total 3ms
02-03 10:46:23.921 D/dalvikvm( 2070): GC_FOR_ALLOC freed 2332K, 35% free 8188K/12592K, paused 3ms, total 3ms
02-03 10:46:23.921 D/dalvikvm( 2070): GC_FOR_ALLOC freed 2194K, 35% free 8190K/12592K, paused 3ms, total 3ms
02-03 10:46:23.931 D/dalvikvm( 2070): GC_FOR_ALLOC freed 2053K, 36% free 8113K/12592K, paused 3ms, total 3ms
02-03 10:46:23.931 D/dalvikvm( 2070): GC_FOR_ALLOC freed 2226K, 36% free 8115K/12592K, paused 3ms, total 3ms
02-03 10:46:23.941 D/dalvikvm( 2070): GC_FOR_ALLOC freed 2244K, 36% free 8116K/12592K, paused 3ms, total 3ms
02-03 10:46:23.941 D/dalvikvm( 2070): GC_FOR_ALLOC freed 2263K, 36% free 8117K/12592K, paused 4ms, total 4ms
02-03 10:46:23.941 D/dalvikvm( 2070): GC_FOR_ALLOC freed 2279K, 36% free 8119K/12592K, paused 3ms, total 3ms
02-03 10:46:23.951 D/dalvikvm( 2070): GC_FOR_ALLOC freed 2297K, 36% free 8120K/12592K, paused 3ms, total 3ms
02-03 10:46:23.951 D/dalvikvm( 2070): GC_FOR_ALLOC freed 2314K, 36% free 8121K/12592K, paused 3ms, total 3ms
02-03 10:46:23.961 D/dalvikvm( 2070): GC_FOR_ALLOC freed 2333K, 36% free 8122K/12592K, paused 3ms, total 3ms
02-03 10:46:23.961 D/dalvikvm( 2070): GC_FOR_ALLOC freed 2351K, 36% free 8124K/12592K, paused 3ms, total 3ms
02-03 10:46:23.971 D/dalvikvm( 2070): GC_FOR_ALLOC freed 2367K, 36% free 8125K/12592K, paused 4ms, total 4ms
02-03 10:46:23.981 D/dalvikvm( 2070): GC_FOR_ALLOC freed 2384K, 36% free 8126K/12592K, paused 4ms, total 4ms
02-03 10:46:23.981 D/dalvikvm( 2070): GC_FOR_ALLOC freed 1970K, 34% free 8383K/12592K, paused 3ms, total 3ms
02-03 10:46:23.991 D/dalvikvm( 2070): GC_FOR_ALLOC freed 1809K, 34% free 8386K/12592K, paused 3ms, total 3ms
02-03 10:46:23.991 D/dalvikvm( 2070): GC_FOR_ALLOC freed 2253K, 36% free 8129K/12592K, paused 3ms, total 3ms
02-03 10:46:24.001 D/dalvikvm( 2070): GC_FOR_ALLOC freed 2005K, 34% free 8391K/12592K, paused 4ms, total 4ms
02-03 10:46:24.001 D/dalvikvm( 2070): GC_FOR_ALLOC freed 2281K, 36% free 8131K/12592K, paused 3ms, total 3ms
02-03 10:46:24.001 D/dalvikvm( 2070): GC_FOR_ALLOC freed 2029K, 35% free 8220K/12592K, paused 3ms, total 3ms
02-03 10:46:24.011 D/dalvikvm( 2070): GC_FOR_ALLOC freed 2308K, 36% free 8133K/12592K, paused 3ms, total 3ms
02-03 10:46:24.011 D/dalvikvm( 2070): GC_FOR_ALLOC freed 2053K, 34% free 8401K/12592K, paused 3ms, total 3ms
02-03 10:46:24.021 D/dalvikvm( 2070): GC_FOR_ALLOC freed 1885K, 34% free 8404K/12592K, paused 3ms, total 3ms
02-03 10:46:24.021 D/dalvikvm( 2070): GC_FOR_ALLOC freed 1894K, 35% free 8225K/12592K, paused 3ms, total 3ms
02-03 10:46:24.031 D/dalvikvm( 2070): GC_FOR_ALLOC freed 1903K, 34% free 8408K/12592K, paused 3ms, total 3ms
02-03 10:46:24.031 D/dalvikvm( 2070): GC_FOR_ALLOC freed 1913K, 34% free 8410K/12592K, paused 4ms, total 4ms
02-03 10:46:24.041 D/dalvikvm( 2070): GC_FOR_ALLOC freed 1922K, 35% free 8229K/12592K, paused 3ms, total 3ms
02-03 10:46:24.041 D/dalvikvm( 2070): GC_FOR_ALLOC freed 1748K, 36% free 8139K/12592K, paused 3ms, total 3ms
02-03 10:46:24.051 D/dalvikvm( 2070): GC_FOR_ALLOC freed 1940K, 36% free 8140K/12592K, paused 3ms, total 3ms
02-03 10:46:24.051 D/dalvikvm( 2070): GC_FOR_ALLOC freed 1950K, 36% free 8141K/12592K, paused 3ms, total 3ms
02-03 10:46:24.061 D/dalvikvm( 2070): GC_FOR_ALLOC freed 1959K, 36% free 8142K/12592K, paused 4ms, total 4ms
02-03 10:46:24.061 D/dalvikvm( 2070): GC_FOR_ALLOC freed 1968K, 36% free 8143K/12592K, paused 3ms, total 3ms
02-03 10:46:24.071 D/dalvikvm( 2070): GC_FOR_ALLOC freed 1978K, 36% free 8144K/12592K, paused 3ms, total 3ms
02-03 10:46:24.071 D/dalvikvm( 2070): GC_FOR_ALLOC freed 1987K, 36% free 8145K/12592K, paused 3ms, total 3ms
02-03 10:46:24.071 D/dalvikvm( 2070): GC_FOR_ALLOC freed 1997K, 36% free 8146K/12592K, paused 3ms, total 3ms
02-03 10:46:24.081 D/dalvikvm( 2070): GC_FOR_ALLOC freed 2006K, 36% free 8147K/12592K, paused 3ms, total 3ms
02-03 10:46:24.081 D/dalvikvm( 2070): GC_FOR_ALLOC freed 2015K, 36% free 8147K/12592K, paused 3ms, total 3ms
02-03 10:46:24.091 D/dalvikvm( 2070): GC_FOR_ALLOC freed 2025K, 36% free 8148K/12592K, paused 3ms, total 3ms
02-03 10:46:24.091 D/dalvikvm( 2070): GC_FOR_ALLOC freed 2034K, 36% free 8149K/12592K, paused 3ms, total 3ms
02-03 10:46:24.101 D/dalvikvm( 2070): GC_FOR_ALLOC freed 2044K, 36% free 8150K/12592K, paused 3ms, total 3ms
02-03 10:46:24.101 D/dalvikvm( 2070): GC_FOR_ALLOC freed 2053K, 36% free 8151K/12592K, paused 3ms, total 3ms
02-03 10:46:24.111 D/dalvikvm( 2070): GC_FOR_ALLOC freed 2062K, 36% free 8152K/12592K, paused 3ms, total 3ms
02-03 10:46:24.111 D/dalvikvm( 2070): GC_FOR_ALLOC freed 2072K, 36% free 8153K/12592K, paused 3ms, total 4ms
02-03 10:46:24.121 D/dalvikvm( 2070): GC_FOR_ALLOC freed 2081K, 36% free 8154K/12592K, paused 3ms, total 3ms
02-03 10:46:24.121 D/dalvikvm( 2070): GC_FOR_ALLOC freed 2091K, 36% free 8155K/12592K, paused 4ms, total 4ms
02-03 10:46:24.131 D/dalvikvm( 2070): GC_FOR_ALLOC freed 2100K, 36% free 8155K/12592K, paused 3ms, total 3ms
02-03 10:46:24.131 D/dalvikvm( 2070): GC_FOR_ALLOC freed 2110K, 36% free 8156K/12592K, paused 4ms, total 4ms
02-03 10:46:24.131 D/dalvikvm( 2070): GC_FOR_ALLOC freed 1613K, 33% free 8459K/12592K, paused 3ms, total 3ms
02-03 10:46:24.141 D/dalvikvm( 2070): GC_FOR_ALLOC freed 1416K, 33% free 8460K/12592K, paused 4ms, total 4ms
02-03 10:46:24.141 D/dalvikvm( 2070): GC_FOR_ALLOC freed 2132K, 35% free 8260K/12592K, paused 3ms, total 3ms
02-03 10:46:24.151 D/dalvikvm( 2070): GC_FOR_ALLOC freed 1953K, 36% free 8164K/12592K, paused 3ms, total 3ms
02-03 10:46:24.161 D/dalvikvm( 2070): GC_FOR_ALLOC freed 2217K, 33% free 8472K/12592K, paused 3ms, total 3ms
02-03 10:46:24.161 D/dalvikvm( 2070): GC_FOR_ALLOC freed 2076K, 36% free 8150K/12592K, paused 3ms, total 3ms
02-03 10:46:24.171 D/dalvikvm( 2070): GC_FOR_ALLOC freed 2390K, 40% free 7626K/12592K, paused 4ms, total 4ms
02-03 10:46:24.171 D/dalvikvm( 2070): GC_FOR_ALLOC freed <1K, 32% free 8650K/12592K, paused 2ms, total 2ms
02-03 10:46:24.171 I/dalvikvm-heap( 2070): Grow heap (frag case) to 9.491MB for 1048592-byte allocation
02-03 10:46:24.171 D/dalvikvm( 2070): GC_FOR_ALLOC freed <1K, 29% free 9674K/13620K, paused 2ms, total 2ms
02-03 10:46:24.181 D/dalvikvm( 2070): GC_FOR_ALLOC freed <1K, 29% free 9674K/13620K, paused 2ms, total 2ms
02-03 10:46:24.181 I/dalvikvm-heap( 2070): Grow heap (frag case) to 10.491MB for 1048592-byte allocation
02-03 10:46:24.181 D/dalvikvm( 2070): GC_FOR_ALLOC freed 0K, 27% free 10698K/14648K, paused 5ms, total 5ms
02-03 10:46:24.611 D/dalvikvm( 2070): GC_CONCURRENT freed 6731K, 46% free 8017K/14836K, paused 0ms+1ms, total 17ms
02-03 10:46:24.611 D/dalvikvm( 2070): WAIT_FOR_CONCURRENT_GC blocked 17ms
02-03 10:46:24.621 D/dalvikvm( 2070): GC_CONCURRENT freed 4041K, 36% free 8052K/12548K, paused 1ms+0ms, total 5ms
02-03 10:46:24.621 D/dalvikvm( 2070): WAIT_FOR_CONCURRENT_GC blocked 3ms
02-03 10:46:24.631 D/dalvikvm( 2070): GC_FOR_ALLOC freed 3823K, 37% free 8001K/12548K, paused 4ms, total 4ms
02-03 10:46:24.631 D/dalvikvm( 2070): GC_FOR_ALLOC freed 3641K, 37% free 7992K/12548K, paused 3ms, total 3ms
02-03 10:46:24.641 D/dalvikvm( 2070): GC_FOR_ALLOC freed 3360K, 37% free 8018K/12548K, paused 4ms, total 4ms
02-03 10:46:24.651 D/dalvikvm( 2070): GC_FOR_ALLOC freed 3054K, 36% free 8108K/12548K, paused 3ms, total 3ms
02-03 10:46:24.661 D/dalvikvm( 2070): GC_FOR_ALLOC freed 3063K, 36% free 8111K/12548K, paused 3ms, total 3ms
02-03 10:46:24.661 D/dalvikvm( 2070): GC_FOR_ALLOC freed 3025K, 36% free 8117K/12548K, paused 4ms, total 4ms
02-03 10:46:24.671 D/dalvikvm( 2070): GC_FOR_ALLOC freed 3201K, 36% free 8050K/12548K, paused 4ms, total 4ms
02-03 10:46:24.681 D/dalvikvm( 2070): GC_FOR_ALLOC freed 3037K, 37% free 8015K/12548K, paused 4ms, total 4ms
02-03 10:46:24.681 D/dalvikvm( 2070): GC_FOR_ALLOC freed 2785K, 36% free 8131K/12548K, paused 3ms, total 3ms
02-03 10:46:24.691 D/dalvikvm( 2070): GC_FOR_ALLOC freed 2733K, 36% free 8045K/12548K, paused 4ms, total 4ms
02-03 10:46:24.691 D/dalvikvm( 2070): GC_FOR_ALLOC freed 2710K, 35% free 8169K/12548K, paused 3ms, total 3ms
02-03 10:46:24.701 D/dalvikvm( 2070): GC_FOR_ALLOC freed 2715K, 36% free 8085K/12548K, paused 4ms, total 4ms
02-03 10:46:24.701 D/dalvikvm( 2070): GC_FOR_ALLOC freed 2799K, 36% free 8085K/12548K, paused 4ms, total 4ms
02-03 10:46:24.711 D/dalvikvm( 2070): GC_FOR_ALLOC freed 2792K, 36% free 8040K/12548K, paused 3ms, total 3ms
02-03 10:46:24.721 D/dalvikvm( 2070): GC_FOR_ALLOC freed 2966K, 36% free 8038K/12548K, paused 4ms, total 4ms
02-03 10:46:24.721 D/dalvikvm( 2070): GC_FOR_ALLOC freed 2806K, 35% free 8182K/12548K, paused 5ms, total 5ms
02-03 10:46:24.731 D/dalvikvm( 2070): GC_FOR_ALLOC freed 2678K, 36% free 8035K/12548K, paused 3ms, total 3ms
02-03 10:46:24.741 D/dalvikvm( 2070): GC_FOR_ALLOC freed 2585K, 35% free 8218K/12548K, paused 4ms, total 4ms
02-03 10:46:24.741 D/dalvikvm( 2070): GC_FOR_ALLOC freed 2799K, 36% free 8064K/12548K, paused 3ms, total 3ms
02-03 10:46:24.751 D/dalvikvm( 2070): GC_FOR_ALLOC freed 2700K, 36% free 8114K/12548K, paused 3ms, total 3ms
02-03 10:46:24.751 D/dalvikvm( 2070): GC_FOR_ALLOC freed 2647K, 35% free 8222K/12548K, paused 4ms, total 4ms
02-03 10:46:24.761 D/dalvikvm( 2070): GC_FOR_ALLOC freed 2698K, 35% free 8223K/12548K, paused 3ms, total 3ms
02-03 10:46:24.761 D/dalvikvm( 2070): GC_FOR_ALLOC freed 2636K, 36% free 8056K/12548K, paused 3ms, total 3ms
02-03 10:46:24.771 D/dalvikvm( 2070): GC_FOR_ALLOC freed 2510K, 36% free 8111K/12548K, paused 3ms, total 3ms
02-03 10:46:24.771 D/dalvikvm( 2070): GC_FOR_ALLOC freed 2435K, 36% free 8109K/12548K, paused 3ms, total 3ms
02-03 10:46:24.781 D/dalvikvm( 2070): GC_FOR_ALLOC freed 2473K, 36% free 8140K/12548K, paused 3ms, total 4ms
02-03 10:46:24.781 D/dalvikvm( 2070): GC_FOR_ALLOC freed 2391K, 36% free 8079K/12548K, paused 3ms, total 3ms
02-03 10:46:24.791 D/dalvikvm( 2070): GC_FOR_ALLOC freed 2547K, 36% free 8077K/12548K, paused 4ms, total 4ms
02-03 10:46:24.801 D/dalvikvm( 2070): GC_FOR_ALLOC freed 2584K, 36% free 8075K/12548K, paused 3ms, total 3ms
02-03 10:46:24.801 D/dalvikvm( 2070): GC_FOR_ALLOC freed 2622K, 36% free 8073K/12548K, paused 4ms, total 4ms
02-03 10:46:24.811 D/dalvikvm( 2070): GC_FOR_ALLOC freed 2337K, 36% free 8137K/12548K, paused 5ms, total 5ms
02-03 10:46:24.811 D/dalvikvm( 2070): GC_FOR_ALLOC freed 2110K, 36% free 8076K/12548K, paused 3ms, total 3ms
02-03 10:46:24.821 D/dalvikvm( 2070): GC_FOR_ALLOC freed 2263K, 36% free 8077K/12548K, paused 3ms, total 3ms
02-03 10:46:24.821 D/dalvikvm( 2070): GC_FOR_ALLOC freed 2420K, 36% free 8144K/12548K, paused 3ms, total 3ms
02-03 10:46:24.831 D/dalvikvm( 2070): GC_FOR_ALLOC freed 2316K, 36% free 8146K/12548K, paused 4ms, total 4ms
02-03 10:46:24.831 D/dalvikvm( 2070): GC_FOR_ALLOC freed 2208K, 36% free 8082K/12548K, paused 4ms, total 4ms
02-03 10:46:24.841 D/dalvikvm( 2070): GC_FOR_ALLOC freed 2367K, 36% free 8083K/12548K, paused 5ms, total 5ms
02-03 10:46:24.851 D/dalvikvm( 2070): GC_FOR_ALLOC freed 2049K, 34% free 8289K/12548K, paused 3ms, total 4ms
02-03 10:46:24.851 D/dalvikvm( 2070): GC_FOR_ALLOC freed 1930K, 34% free 8292K/12548K, paused 3ms, total 3ms
02-03 10:46:24.861 D/dalvikvm( 2070): GC_FOR_ALLOC freed 2297K, 36% free 8087K/12548K, paused 3ms, total 3ms
02-03 10:46:24.861 D/dalvikvm( 2070): GC_FOR_ALLOC freed 2108K, 34% free 8299K/12548K, paused 4ms, total 4ms
02-03 10:46:24.871 D/dalvikvm( 2070): GC_FOR_ALLOC freed 2341K, 36% free 8090K/12548K, paused 4ms, total 4ms
02-03 10:46:24.871 D/dalvikvm( 2070): GC_FOR_ALLOC freed 2148K, 34% free 8305K/12548K, paused 4ms, total 4ms
02-03 10:46:24.881 D/dalvikvm( 2070): GC_FOR_ALLOC freed 2386K, 36% free 8092K/12548K, paused 4ms, total 4ms
02-03 10:46:24.881 D/dalvikvm( 2070): GC_FOR_ALLOC freed 2188K, 34% free 8312K/12548K, paused 3ms, total 3ms
02-03 10:46:24.891 D/dalvikvm( 2070): GC_FOR_ALLOC freed 2060K, 34% free 8315K/12548K, paused 3ms, total 4ms
02-03 10:46:24.901 D/dalvikvm( 2070): GC_FOR_ALLOC freed 2077K, 34% free 8318K/12548K, paused 5ms, total 5ms
02-03 10:46:24.901 D/dalvikvm( 2070): GC_FOR_ALLOC freed 2470K, 36% free 8097K/12548K, paused 4ms, total 4ms
02-03 10:46:24.911 D/dalvikvm( 2070): GC_FOR_ALLOC freed 2265K, 35% free 8174K/12548K, paused 3ms, total 3ms
02-03 10:46:24.911 D/dalvikvm( 2070): GC_FOR_ALLOC freed 1979K, 36% free 8100K/12548K, paused 3ms, total 3ms
02-03 10:46:24.921 D/dalvikvm( 2070): GC_FOR_ALLOC freed 2147K, 36% free 8101K/12548K, paused 4ms, total 4ms
02-03 10:46:24.921 D/dalvikvm( 2070): GC_FOR_ALLOC freed 2163K, 36% free 8102K/12548K, paused 4ms, total 4ms
02-03 10:46:24.931 D/dalvikvm( 2070): GC_FOR_ALLOC freed 2180K, 36% free 8103K/12548K, paused 4ms, total 4ms
02-03 10:46:24.931 D/dalvikvm( 2070): GC_FOR_ALLOC freed 2197K, 36% free 8105K/12548K, paused 3ms, total 3ms
02-03 10:46:24.941 D/dalvikvm( 2070): GC_FOR_ALLOC freed 2214K, 36% free 8106K/12548K, paused 3ms, total 3ms
02-03 10:46:24.941 D/dalvikvm( 2070): GC_FOR_ALLOC freed 2230K, 36% free 8107K/12548K, paused 3ms, total 3ms
02-03 10:46:24.951 D/dalvikvm( 2070): GC_FOR_ALLOC freed 2249K, 36% free 8108K/12548K, paused 4ms, total 4ms
02-03 10:46:24.951 D/dalvikvm( 2070): GC_FOR_ALLOC freed 2267K, 36% free 8110K/12548K, paused 4ms, total 4ms
02-03 10:46:24.961 D/dalvikvm( 2070): GC_FOR_ALLOC freed 2284K, 36% free 8111K/12548K, paused 5ms, total 5ms
02-03 10:46:24.961 D/dalvikvm( 2070): GC_FOR_ALLOC freed 2302K, 36% free 8112K/12548K, paused 4ms, total 4ms
02-03 10:46:24.971 D/dalvikvm( 2070): GC_FOR_ALLOC freed 2319K, 36% free 8113K/12548K, paused 4ms, total 4ms
02-03 10:46:24.971 D/dalvikvm( 2070): GC_FOR_ALLOC freed 1918K, 34% free 8364K/12548K, paused 5ms, total 5ms
02-03 10:46:24.981 D/dalvikvm( 2070): GC_FOR_ALLOC freed 2352K, 35% free 8199K/12548K, paused 3ms, total 3ms
02-03 10:46:24.981 D/dalvikvm( 2070): GC_FOR_ALLOC freed 2369K, 35% free 8201K/12548K, paused 3ms, total 3ms
02-03 10:46:24.991 D/dalvikvm( 2070): GC_FOR_ALLOC freed 2215K, 36% free 8118K/12548K, paused 3ms, total 3ms
02-03 10:46:24.991 D/dalvikvm( 2070): GC_FOR_ALLOC freed 1970K, 34% free 8375K/12548K, paused 3ms, total 3ms
02-03 10:46:25.001 D/dalvikvm( 2070): GC_FOR_ALLOC freed 2242K, 36% free 8120K/12548K, paused 4ms, total 4ms
02-03 10:46:25.011 D/dalvikvm( 2070): GC_FOR_ALLOC freed 2430K, 36% free 8121K/12548K, paused 4ms, total 4ms
02-03 10:46:25.011 D/dalvikvm( 2070): GC_FOR_ALLOC freed 2447K, 36% free 8122K/12548K, paused 3ms, total 3ms
02-03 10:46:25.021 D/dalvikvm( 2070): GC_FOR_ALLOC freed 2022K, 34% free 8387K/12548K, paused 3ms, total 3ms
02-03 10:46:25.021 D/dalvikvm( 2070): GC_FOR_ALLOC freed 1856K, 35% free 8212K/12548K, paused 3ms, total 3ms
02-03 10:46:25.021 D/dalvikvm( 2070): GC_FOR_ALLOC freed 1866K, 34% free 8391K/12548K, paused 3ms, total 3ms
02-03 10:46:25.031 D/dalvikvm( 2070): GC_FOR_ALLOC freed 1875K, 35% free 8215K/12548K, paused 4ms, total 4ms
02-03 10:46:25.031 D/dalvikvm( 2070): GC_FOR_ALLOC freed 1885K, 34% free 8396K/12548K, paused 3ms, total 3ms
02-03 10:46:25.041 D/dalvikvm( 2070): GC_FOR_ALLOC freed 1894K, 34% free 8398K/12548K, paused 3ms, total 3ms
02-03 10:46:25.041 D/dalvikvm( 2070): GC_FOR_ALLOC freed 1903K, 34% free 8400K/12548K, paused 4ms, total 4ms
02-03 10:46:25.051 D/dalvikvm( 2070): GC_FOR_ALLOC freed 1913K, 34% free 8402K/12548K, paused 4ms, total 4ms
02-03 10:46:25.051 D/dalvikvm( 2070): GC_FOR_ALLOC freed 1922K, 34% free 8405K/12548K, paused 4ms, total 4ms
02-03 10:46:25.061 D/dalvikvm( 2070): GC_FOR_ALLOC freed 1932K, 33% free 8407K/12548K, paused 5ms, total 5ms
02-03 10:46:25.071 D/dalvikvm( 2070): GC_FOR_ALLOC freed 1941K, 33% free 8409K/12548K, paused 3ms, total 3ms
02-03 10:46:25.071 D/dalvikvm( 2070): GC_FOR_ALLOC freed 1950K, 33% free 8411K/12548K, paused 3ms, total 3ms
02-03 10:46:25.071 D/dalvikvm( 2070): GC_FOR_ALLOC freed 1960K, 33% free 8414K/12548K, paused 3ms, total 3ms
02-03 10:46:25.081 D/dalvikvm( 2070): GC_FOR_ALLOC freed 1969K, 35% free 8228K/12548K, paused 3ms, total 3ms
02-03 10:46:25.081 D/dalvikvm( 2070): GC_FOR_ALLOC freed 1979K, 35% free 8230K/12548K, paused 3ms, total 3ms
02-03 10:46:25.091 D/dalvikvm( 2070): GC_FOR_ALLOC freed 1799K, 36% free 8137K/12548K, paused 3ms, total 4ms
02-03 10:46:25.091 D/dalvikvm( 2070): GC_FOR_ALLOC freed 1997K, 36% free 8138K/12548K, paused 3ms, total 3ms
02-03 10:46:25.101 D/dalvikvm( 2070): GC_FOR_ALLOC freed 2006K, 36% free 8139K/12548K, paused 3ms, total 3ms
02-03 10:46:25.101 D/dalvikvm( 2070): GC_FOR_ALLOC freed 2015K, 36% free 8139K/12548K, paused 4ms, total 4ms
02-03 10:46:25.111 D/dalvikvm( 2070): GC_FOR_ALLOC freed 2025K, 36% free 8140K/12548K, paused 4ms, total 4ms
02-03 10:46:25.111 D/dalvikvm( 2070): GC_FOR_ALLOC freed 2034K, 36% free 8141K/12548K, paused 3ms, total 3ms
02-03 10:46:25.121 D/dalvikvm( 2070): GC_FOR_ALLOC freed 1556K, 33% free 8433K/12548K, paused 3ms, total 3ms
02-03 10:46:25.121 D/dalvikvm( 2070): GC_FOR_ALLOC freed 2051K, 35% free 8240K/12548K, paused 3ms, total 3ms
02-03 10:46:25.131 D/dalvikvm( 2070): GC_FOR_ALLOC freed 1864K, 36% free 8144K/12548K, paused 3ms, total 3ms
02-03 10:46:25.131 D/dalvikvm( 2070): GC_FOR_ALLOC freed 2069K, 36% free 8144K/12548K, paused 3ms, total 3ms
02-03 10:46:25.141 D/dalvikvm( 2070): GC_FOR_ALLOC freed 2078K, 36% free 8145K/12548K, paused 4ms, total 4ms
02-03 10:46:25.151 D/dalvikvm( 2070): GC_FOR_ALLOC freed 1589K, 33% free 8443K/12548K, paused 4ms, total 4ms
02-03 10:46:25.151 D/dalvikvm( 2070): GC_FOR_ALLOC freed 1395K, 33% free 8445K/12548K, paused 4ms, total 4ms
02-03 10:46:25.151 D/dalvikvm( 2070): GC_FOR_ALLOC freed 2101K, 35% free 8247K/12548K, paused 3ms, total 3ms
02-03 10:46:25.161 D/dalvikvm( 2070): GC_FOR_ALLOC freed 1909K, 36% free 8148K/12548K, paused 3ms, total 3ms
02-03 10:46:25.161 D/dalvikvm( 2070): GC_FOR_ALLOC freed 2119K, 36% free 8149K/12548K, paused 3ms, total 3ms
02-03 10:46:25.171 D/wpa_supplicant(  637): wlan0: Starting AP scan for wildcard SSID
02-03 10:46:25.171 D/wpa_supplicant(  637): WPS: Building WPS IE for Probe Request
02-03 10:46:25.171 D/wpa_supplicant(  637): WPS:  * Version (hardcoded 0x10)
02-03 10:46:25.171 D/wpa_supplicant(  637): WPS:  * Request Type
02-03 10:46:25.171 D/wpa_supplicant(  637): WPS:  * Config Methods (4288)
02-03 10:46:25.171 D/wpa_supplicant(  637): WPS:  * UUID-E
02-03 10:46:25.171 D/wpa_supplicant(  637): WPS:  * Primary Device Type
02-03 10:46:25.171 D/wpa_supplicant(  637): WPS:  * RF Bands (1)
02-03 10:46:25.171 D/wpa_supplicant(  637): WPS:  * Association State
02-03 10:46:25.171 D/wpa_supplicant(  637): WPS:  * Configuration Error (0)
02-03 10:46:25.171 D/wpa_supplicant(  637): WPS:  * Device Password ID (0)
02-03 10:46:25.171 D/wpa_supplicant(  637): WPS:  * Manufacturer
02-03 10:46:25.171 D/wpa_supplicant(  637): WPS:  * Model Name
02-03 10:46:25.171 D/wpa_supplicant(  637): WPS:  * Model Number
02-03 10:46:25.171 D/wpa_supplicant(  637): WPS:  * Device Name
02-03 10:46:25.171 D/wpa_supplicant(  637): WPS:  * Version2 (0x20)
02-03 10:46:25.171 D/wpa_supplicant(  637): P2P: * P2P IE header
02-03 10:46:25.171 D/wpa_supplicant(  637): P2P: * Capability dev=25 group=00
02-03 10:46:25.171 D/wpa_supplicant(  637): P2P: * Listen Channel: Regulatory Class 81 Channel 11
02-03 10:46:25.171 D/wpa_supplicant(  637): wlan0: nl80211: scan request
02-03 10:46:25.171 D/dalvikvm( 2070): GC_FOR_ALLOC freed 2128K, 36% free 8150K/12548K, paused 4ms, total 4ms
02-03 10:46:25.171 D/dalvikvm( 2070): GC_FOR_ALLOC freed 1627K, 33% free 8455K/12548K, paused 4ms, total 4ms
02-03 10:46:25.181 D/dalvikvm( 2070): GC_FOR_ALLOC freed 1670K, 35% free 8257K/12548K, paused 3ms, total 3ms
02-03 10:46:25.191 D/dalvikvm( 2070): GC_FOR_ALLOC freed 2325K, 36% free 8146K/12548K, paused 4ms, total 4ms
02-03 10:46:25.191 D/dalvikvm( 2070): GC_FOR_ALLOC freed 1535K, 36% free 8146K/12548K, paused 4ms, total 4ms
02-03 10:46:25.201 D/dalvikvm( 2070): GC_FOR_ALLOC freed 2390K, 40% free 7622K/12548K, paused 3ms, total 3ms
02-03 10:46:25.201 D/dalvikvm( 2070): GC_FOR_ALLOC freed <1K, 32% free 8646K/12548K, paused 2ms, total 2ms
02-03 10:46:25.201 I/dalvikvm-heap( 2070): Grow heap (frag case) to 9.487MB for 1048592-byte allocation
02-03 10:46:25.211 D/dalvikvm( 2070): GC_FOR_ALLOC freed <1K, 29% free 9670K/13576K, paused 3ms, total 3ms
02-03 10:46:25.211 D/dalvikvm( 2070): GC_FOR_ALLOC freed <1K, 29% free 9670K/13576K, paused 3ms, total 3ms
02-03 10:46:25.211 I/dalvikvm-heap( 2070): Grow heap (frag case) to 10.487MB for 1048592-byte allocation
02-03 10:46:25.211 D/dalvikvm( 2070): GC_FOR_ALLOC freed 0K, 27% free 10694K/14604K, paused 2ms, total 2ms
02-03 10:46:25.231 D/wpa_supplicant(  637): Scan requested (ret=0) - scan timeout 30 seconds
02-03 10:46:25.231 D/wpa_supplicant(  637): nl80211: Drv Event 33 (NL80211_CMD_TRIGGER_SCAN) received for wlan0
02-03 10:46:25.231 D/wpa_supplicant(  637): wlan0: nl80211: Scan trigger
02-03 10:46:26.361 D/wpa_supplicant(  637): nl80211: Drv Event 34 (NL80211_CMD_NEW_SCAN_RESULTS) received for wlan0
02-03 10:46:26.361 D/wpa_supplicant(  637): wlan0: nl80211: New scan results available
02-03 10:46:26.361 D/wpa_supplicant(  637): wlan0: Event SCAN_RESULTS (3) received
02-03 10:46:26.361 D/wpa_supplicant(  637): nl80211: Received scan results (25 BSSes)
02-03 10:46:26.361 D/wpa_supplicant(  637): nl80211: Survey data missing
02-03 10:46:26.361 D/wpa_supplicant(  637): wlan0: BSS: Start scan result update 102
02-03 10:46:26.361 D/wpa_supplicant(  637): wlan0: BSS: Add new id 425 BSSID b0:48:7a:51:ff:cc SSID 'Neusoft TP'
02-03 10:46:26.361 D/wpa_supplicant(  637): CTRL_IFACE monitor send - hexdump(len=39): 2f 64 61 74 61 2f 6d 69 73 63 2f 77 69 66 69 2f 73 6f 63 6b 65 74 73 2f 77 70 61 5f 63 74 72 6c ...
02-03 10:46:26.361 D/wpa_supplicant(  637): wlan0: BSS: Add new id 426 BSSID 22:48:9a:ac:31:5b SSID 'dean1'
02-03 10:46:26.361 D/wpa_supplicant(  637): CTRL_IFACE monitor send - hexdump(len=39): 2f 64 61 74 61 2f 6d 69 73 63 2f 77 69 66 69 2f 73 6f 63 6b 65 74 73 2f 77 70 61 5f 63 74 72 6c ...
02-03 10:46:26.361 D/wpa_supplicant(  637): wlan0: BSS: Add new id 427 BSSID 22:48:9a:ac:31:7f SSID 'WiFi874'
02-03 10:46:26.361 D/wpa_supplicant(  637): CTRL_IFACE monitor send - hexdump(len=39): 2f 64 61 74 61 2f 6d 69 73 63 2f 77 69 66 69 2f 73 6f 63 6b 65 74 73 2f 77 70 61 5f 63 74 72 6c ...
02-03 10:46:26.361 D/wpa_supplicant(  637): wlan0: BSS: Add new id 428 BSSID 02:1a:11:f6:67:da SSID 'love U forever'
02-03 10:46:26.361 D/wpa_supplicant(  637): CTRL_IFACE monitor send - hexdump(len=39): 2f 64 61 74 61 2f 6d 69 73 63 2f 77 69 66 69 2f 73 6f 63 6b 65 74 73 2f 77 70 61 5f 63 74 72 6c ...
02-03 10:46:26.361 D/wpa_supplicant(  637): wlan0: BSS: Add new id 429 BSSID 1c:65:9d:e8:79:44 SSID 'WiFi'
02-03 10:46:26.361 D/wpa_supplicant(  637): CTRL_IFACE monitor send - hexdump(len=39): 2f 64 61 74 61 2f 6d 69 73 63 2f 77 69 66 69 2f 73 6f 63 6b 65 74 73 2f 77 70 61 5f 63 74 72 6c ...
02-03 10:46:26.361 D/wpa_supplicant(  637): wlan0: BSS: Add new id 430 BSSID 02:09:4c:68:45:82 SSID 'DIRECT-'
02-03 10:46:26.361 D/wpa_supplicant(  637): CTRL_IFACE monitor send - hexdump(len=39): 2f 64 61 74 61 2f 6d 69 73 63 2f 77 69 66 69 2f 73 6f 63 6b 65 74 73 2f 77 70 61 5f 63 74 72 6c ...
02-03 10:46:26.361 D/wpa_supplicant(  637): wlan0: BSS: Add new id 431 BSSID 4c:e6:76:a5:4d:e0 SSID 'BUFFALO-A54DE0-1'
02-03 10:46:26.361 D/wpa_supplicant(  637): CTRL_IFACE monitor send - hexdump(len=39): 2f 64 61 74 61 2f 6d 69 73 63 2f 77 69 66 69 2f 73 6f 63 6b 65 74 73 2f 77 70 61 5f 63 74 72 6c ...
02-03 10:46:26.361 D/wpa_supplicant(  637): wlan0: BSS: Remove id 422 BSSID 8c:be:be:01:00:49 SSID 'xmw' due to no match in scan
02-03 10:46:26.361 D/wpa_supplicant(  637): CTRL_IFACE monitor send - hexdump(len=39): 2f 64 61 74 61 2f 6d 69 73 63 2f 77 69 66 69 2f 73 6f 63 6b 65 74 73 2f 77 70 61 5f 63 74 72 6c ...
02-03 10:46:26.361 D/wpa_supplicant(  637): BSS: last_scan_res_used=25/32 last_scan_full=0
02-03 10:46:26.361 D/wpa_supplicant(  637): wlan0: New scan results available
02-03 10:46:26.361 D/wpa_supplicant(  637): CTRL_IFACE monitor send - hexdump(len=39): 2f 64 61 74 61 2f 6d 69 73 63 2f 77 69 66 69 2f 73 6f 63 6b 65 74 73 2f 77 70 61 5f 63 74 72 6c ...
02-03 10:46:26.361 D/wpa_supplicant(  637): CTRL_IFACE monitor send - hexdump(len=39): 2f 64 61 74 61 2f 6d 69 73 63 2f 77 69 66 69 2f 73 6f 63 6b 65 74 73 2f 77 70 61 5f 63 74 72 6c ...
02-03 10:46:26.361 D/wpa_supplicant(  637): Authorize channel 1
02-03 10:46:26.361 D/wpa_supplicant(  637): Authorize channel 2
02-03 10:46:26.361 D/wpa_supplicant(  637): Authorize channel 3
02-03 10:46:26.361 D/wpa_supplicant(  637): Authorize channel 4
02-03 10:46:26.361 D/wpa_supplicant(  637): Authorize channel 5
02-03 10:46:26.361 D/wpa_supplicant(  637): Authorize channel 6
02-03 10:46:26.361 D/wpa_supplicant(  637): Authorize channel 7
02-03 10:46:26.361 D/wpa_supplicant(  637): Authorize channel 8
02-03 10:46:26.361 D/wpa_supplicant(  637): Authorize channel 9
02-03 10:46:26.361 D/wpa_supplicant(  637): Authorize channel 10
02-03 10:46:26.361 D/wpa_supplicant(  637): Authorize channel 11
02-03 10:46:26.361 D/wpa_supplicant(  637): Authorize channel 12
02-03 10:46:26.361 D/wpa_supplicant(  637): Authorize channel 13
02-03 10:46:26.361 D/wpa_supplicant(  637): Authorize channel 1
02-03 10:46:26.361 D/wpa_supplicant(  637): Authorize channel 2
02-03 10:46:26.361 D/wpa_supplicant(  637): Authorize channel 3
02-03 10:46:26.361 D/wpa_supplicant(  637): Authorize channel 4
02-03 10:46:26.361 D/wpa_supplicant(  637): Authorize channel 5
02-03 10:46:26.361 D/wpa_supplicant(  637): Authorize channel 6
02-03 10:46:26.361 D/wpa_supplicant(  637): Authorize channel 7
02-03 10:46:26.361 D/wpa_supplicant(  637): Authorize channel 8
02-03 10:46:26.361 D/wpa_supplicant(  637): Authorize channel 9
02-03 10:46:26.361 D/wpa_supplicant(  637): Authorize channel 10
02-03 10:46:26.361 D/wpa_supplicant(  637): Authorize channel 11
02-03 10:46:26.361 D/wpa_supplicant(  637): Authorize channel 12
02-03 10:46:26.361 D/wpa_supplicant(  637): Authorize channel 13
02-03 10:46:26.361 D/wpa_supplicant(  637): Add access point on channel 6
02-03 10:46:26.361 D/wpa_supplicant(  637): Add access point on channel 11
02-03 10:46:26.361 D/wpa_supplicant(  637): Add access point on channel 6
02-03 10:46:26.361 D/wpa_supplicant(  637): Add access point on channel 11
02-03 10:46:26.361 D/wpa_supplicant(  637): Add access point on channel 11
02-03 10:46:26.361 D/wpa_supplicant(  637): Add access point on channel 11
02-03 10:46:26.361 D/wpa_supplicant(  637): Add access point on channel 11
02-03 10:46:26.361 D/wpa_supplicant(  637): Add access point on channel 6
02-03 10:46:26.361 D/wpa_supplicant(  637): Add access point on channel 1
02-03 10:46:26.361 D/wpa_supplicant(  637): Add access point on channel 6
02-03 10:46:26.361 D/wpa_supplicant(  637): Add access point on channel 1
02-03 10:46:26.361 D/wpa_supplicant(  637): Add access point on channel 3
02-03 10:46:26.361 D/wpa_supplicant(  637): Add access point on channel 11
02-03 10:46:26.361 D/wpa_supplicant(  637): Add access point on channel 6
02-03 10:46:26.361 D/wpa_supplicant(  637): Add access point on channel 1
02-03 10:46:26.361 D/wpa_supplicant(  637): Add access point on channel 6
02-03 10:46:26.361 D/wpa_supplicant(  637): Add access point on channel 6
02-03 10:46:26.361 D/wpa_supplicant(  637): Add access point on channel 1
02-03 10:46:26.361 D/wpa_supplicant(  637): Add access point on channel 6
02-03 10:46:26.361 D/wpa_supplicant(  637): Add access point on channel 6
02-03 10:46:26.361 D/wpa_supplicant(  637): Add access point on channel 1
02-03 10:46:26.361 D/wpa_supplicant(  637): Add access point on channel 6
02-03 10:46:26.361 D/wpa_supplicant(  637): Add access point on channel 11
02-03 10:46:26.361 D/wpa_supplicant(  637): Add access point on channel 4
02-03 10:46:26.361 D/wpa_supplicant(  637): Add access point on channel 6
02-03 10:46:26.361 D/wpa_supplicant(  637): Add access point on channel 6
02-03 10:46:26.361 D/wpa_supplicant(  637): Add access point on channel 6
02-03 10:46:26.361 D/wpa_supplicant(  637): Add access point on channel 6
02-03 10:46:26.361 D/wpa_supplicant(  637): Add access point on channel 1
02-03 10:46:26.361 D/wpa_supplicant(  637): Add access point on channel 11
02-03 10:46:26.361 D/wpa_supplicant(  637): Best Operating channel is = 1
02-03 10:46:26.361 I/WifiHW  (  547): EVENT: IFNAME=wlan0 CTRL-EVENT-BSS-ADDED 425 b0:48:7a:51:ff:cc
02-03 10:46:26.361 D/wpa_supplicant(  637): WPS: AP[0] f8:d1:11:e7:99:e8 type=0 tries=0 last_attempt=-1 sec ago blacklist=0
02-03 10:46:26.361 D/wpa_supplicant(  637): WPS: AP[1] cc:34:29:2b:26:4c type=0 tries=0 last_attempt=-1 sec ago blacklist=0
02-03 10:46:26.361 D/wpa_supplicant(  637): WPS: AP[2] 98:fc:11:81:35:fb type=0 tries=0 last_attempt=-1 sec ago blacklist=0
02-03 10:46:26.361 D/wpa_supplicant(  637): WPS: AP[3] 10:c3:7b:d2:e5:e0 type=0 tries=0 last_attempt=-1 sec ago blacklist=0
02-03 10:46:26.361 D/wpa_supplicant(  637): WPS: AP[4] b0:48:7a:20:66:6a type=0 tries=0 last_attempt=-1 sec ago blacklist=0
02-03 10:46:26.361 D/wpa_supplicant(  637): WPS: AP[5] 44:94:fc:3d:da:38 type=0 tries=0 last_attempt=-1 sec ago blacklist=0
02-03 10:46:26.361 D/wpa_supplicant(  637): WPS: AP[6] b0:48:7a:51:ff:cc type=0 tries=0 last_attempt=-1 sec ago blacklist=0
02-03 10:46:26.361 I/WifiHW  (  547): EVENT: IFNAME=wlan0 CTRL-EVENT-BSS-ADDED 426 22:48:9a:ac:31:5b
02-03 10:46:26.361 D/wpa_supplicant(  637): WPS: AP[7] 2c:b0:5d:7f:f4:24 type=0 tries=0 last_attempt=-1 sec ago blacklist=0
02-03 10:46:26.361 D/wpa_supplicant(  637): WPS: AP[8] bc:ee:7b:97:78:35 type=0 tries=0 last_attempt=-1 sec ago blacklist=0
02-03 10:46:26.361 D/wpa_supplicant(  637): WPS: AP[9] 14:d6:4d:28:ef:c8 type=0 tries=0 last_attempt=-1 sec ago blacklist=0
02-03 10:46:26.361 D/wpa_supplicant(  637): WPS: AP[10] cc:34:29:2c:fb:ec type=0 tries=0 last_attempt=-1 sec ago blacklist=0
02-03 10:46:26.361 D/wpa_supplicant(  637): WPS: AP[11] e4:d3:32:36:2e:54 type=0 tries=0 last_attempt=-1 sec ago blacklist=0
02-03 10:46:26.361 D/wpa_supplicant(  637): WPS: AP[12] c0:c1:c0:76:81:3c type=0 tries=0 last_attempt=-1 sec ago blacklist=0
02-03 10:46:26.361 D/wpa_supplicant(  637): WPS: AP[13] ac:f1:df:cf:85:c0 type=0 tries=0 last_attempt=-1 sec ago blacklist=0
02-03 10:46:26.361 I/WifiHW  (  547): EVENT: IFNAME=wlan0 CTRL-EVENT-BSS-ADDED 427 22:48:9a:ac:31:7f
02-03 10:46:26.361 D/wpa_supplicant(  637): WPS: AP[14] 4c:e6:76:a5:4d:e0 type=0 tries=0 last_attempt=-1 sec ago blacklist=0
02-03 10:46:26.361 D/wpa_supplicant(  637): WPS: AP[15] c0:a0:bb:20:3b:84 type=0 tries=0 last_attempt=-1 sec ago blacklist=0
02-03 10:46:26.361 D/wpa_supplicant(  637): WPS: AP[16] 02:13:20:ff:b4:e6 type=0 tries=0 last_attempt=-1 sec ago blacklist=0
02-03 10:46:26.361 D/wpa_supplicant(  637): wlan0: Selecting BSS from priority group 24
02-03 10:46:26.361 I/WifiHW  (  547): EVENT: IFNAME=wlan0 CTRL-EVENT-BSS-ADDED 428 02:1a:11:f6:67:da
02-03 10:46:26.361 D/wpa_supplicant(  637): wlan0: 0: 6c:8b:2f:e9:d1:da ssid='ZTE_AP_1640' wpa_ie_len=0 rsn_ie_len=20 caps=0x511 level=-46
02-03 10:46:26.361 D/wpa_supplicant(  637): wlan0:    skip - disabled
02-03 10:46:26.361 D/wpa_supplicant(  637): wlan0: 1: f8:d1:11:e7:99:e8 ssid='videotest' wpa_ie_len=22 rsn_ie_len=20 caps=0x531 level=-46 wps
02-03 10:46:26.361 D/wpa_supplicant(  637): wlan0:    skip - disabled
02-03 10:46:26.361 I/WifiHW  (  547): EVENT: IFNAME=wlan0 CTRL-EVENT-BSS-ADDED 429 1c:65:9d:e8:79:44
02-03 10:46:26.361 D/wpa_supplicant(  637): wlan0: 2: 6c:8b:2f:e8:38:24 ssid='ZTE_AP_6703' wpa_ie_len=0 rsn_ie_len=20 caps=0x511 level=-50
02-03 10:46:26.361 D/wpa_supplicant(  637): wlan0:    skip - disabled
02-03 10:46:26.361 D/wpa_supplicant(  637): wlan0: 3: 02:1a:11:f2:bf:af ssid='Android' wpa_ie_len=0 rsn_ie_len=20 caps=0x511 level=-54
02-03 10:46:26.361 D/wpa_supplicant(  637): wlan0:    skip - disabled
02-03 10:46:26.361 I/WifiHW  (  547): EVENT: IFNAME=wlan0 CTRL-EVENT-BSS-ADDED 430 02:09:4c:68:45:82
02-03 10:46:26.361 D/wpa_supplicant(  637): wlan0: 4: cc:34:29:2c:fb:ec ssid='linksys' wpa_ie_len=22 rsn_ie_len=20 caps=0x431 level=-54 wps
02-03 10:46:26.361 D/wpa_supplicant(  637): wlan0:    skip - disabled
02-03 10:46:26.361 D/wpa_supplicant(  637): wlan0: 5: cc:34:29:2b:26:4c ssid='cws-test' wpa_ie_len=0 rsn_ie_len=20 caps=0x431 level=-55 wps
02-03 10:46:26.361 D/wpa_supplicant(  637): wlan0:    skip - disabled
02-03 10:46:26.361 I/WifiHW  (  547): EVENT: IFNAME=wlan0 CTRL-EVENT-BSS-ADDED 431 4c:e6:76:a5:4d:e0
02-03 10:46:26.361 D/wpa_supplicant(  637): wlan0: 6: 10:c3:7b:d2:e5:e0 ssid='ASUS_RT-AC66U-2.4G' wpa_ie_len=0 rsn_ie_len=20 caps=0x411 level=-56 wps
02-03 10:46:26.361 D/wpa_supplicant(  637): wlan0:    skip - disabled
02-03 10:46:26.361 D/wpa_supplicant(  637): wlan0: 7: 98:fc:11:81:35:fb ssid='E2000E' wpa_ie_len=0 rsn_ie_len=20 caps=0x411 level=-59 wps
02-03 10:46:26.361 D/wpa_supplicant(  637): wlan0:    skip - disabled
02-03 10:46:26.361 I/WifiHW  (  547): EVENT: IFNAME=wlan0 CTRL-EVENT-BSS-REMOVED 422 8c:be:be:01:00:49
02-03 10:46:26.361 D/wpa_supplicant(  637): wlan0: 8: 90:94:e4:03:45:f5 ssid='2553q' wpa_ie_len=0 rsn_ie_len=24 caps=0x431 level=-61
02-03 10:46:26.361 D/wpa_supplicant(  637): wlan0:    skip - disabled
02-03 10:46:26.361 D/wpa_supplicant(  637): wlan0: 9: b0:48:7a:51:ff:cc ssid='Neusoft TP' wpa_ie_len=22 rsn_ie_len=20 caps=0x431 level=-62 wps
02-03 10:46:26.361 D/wpa_supplicant(  637): wlan0:    skip - disabled
02-03 10:46:26.361 I/WifiHW  (  547): EVENT: IFNAME=wlan0 CTRL-EVENT-SCAN-RESULTS 
02-03 10:46:26.361 D/wpa_supplicant(  637): wlan0: 10: 02:1a:11:fc:c3:59 ssid='test only' wpa_ie_len=0 rsn_ie_len=20 caps=0x431 level=-62
02-03 10:46:26.361 D/wpa_supplicant(  637): wlan0:    skip - disabled
02-03 10:46:26.361 D/wpa_supplicant(  637): wlan0: 11: b0:48:7a:20:66:6a ssid='TP-LINK_20666A' wpa_ie_len=22 rsn_ie_len=20 caps=0x431 level=-64 wps
02-03 10:46:26.361 D/wpa_supplicant(  637): wlan0:    skip - disabled
02-03 10:46:26.361 D/wpa_supplicant(  637): wlan0: 12: 22:48:9a:ac:31:5b ssid='dean1' wpa_ie_len=0 rsn_ie_len=20 caps=0x431 level=-64
02-03 10:46:26.361 D/wpa_supplicant(  637): wlan0:    skip - disabled
02-03 10:46:26.361 D/wpa_supplicant(  637): wlan0: 13: 22:48:9a:ac:31:7f ssid='WiFi874' wpa_ie_len=0 rsn_ie_len=20 caps=0x431 level=-65
02-03 10:46:26.361 D/wpa_supplicant(  637): wlan0:    skip - disabled
02-03 10:46:26.361 I/WifiHW  (  547): EVENT: IFNAME=wlan0 WPS-AP-AVAILABLE 
02-03 10:46:26.361 D/wpa_supplicant(  637): wlan0: 14: 00:0f:e2:0f:9f:c1 ssid='321_WAN' wpa_ie_len=28 rsn_ie_len=24 caps=0x411 level=-68
02-03 10:46:26.361 D/wpa_supplicant(  637): wlan0:    skip - disabled
02-03 10:46:26.361 D/wpa_supplicant(  637): wlan0: 15: 74:e5:43:24:f4:5b ssid='Dttest' wpa_ie_len=0 rsn_ie_len=20 caps=0x31 level=-69
02-03 10:46:26.361 D/wpa_supplicant(  637): wlan0:    skip - disabled
02-03 10:46:26.361 D/wpa_supplicant(  637): wlan0: 16: 02:1a:11:f6:67:da ssid='love U forever' wpa_ie_len=0 rsn_ie_len=20 caps=0x431 level=-70
02-03 10:46:26.361 D/wpa_supplicant(  637): wlan0:    skip - disabled
02-03 10:46:26.361 D/wpa_supplicant(  637): wlan0: 17: 14:d6:4d:28:ef:c8 ssid='dlink' wpa_ie_len=0 rsn_ie_len=20 caps=0x31 level=-71 wps
02-03 10:46:26.361 D/wpa_supplicant(  637): wlan0:    skip - disabled
02-03 10:46:26.361 D/wpa_supplicant(  637): wlan0: 18: 44:94:fc:3d:da:38 ssid='6300' wpa_ie_len=0 rsn_ie_len=20 caps=0x411 level=-72 wps
02-03 10:46:26.361 I/WifiHW  (  547): CMD: IFNAME=wlan0 BSS RANGE=0- MASK=0x21987
02-03 10:46:26.361 D/wpa_supplicant(  637): wlan0:    skip - disabled
02-03 10:46:26.361 D/wpa_supplicant(  637): wlan0: 19: 80:1f:02:43:fb:e8 ssid='Edimax AP' wpa_ie_len=0 rsn_ie_len=20 caps=0x411 level=-75
02-03 10:46:26.361 D/wpa_supplicant(  637): wlan0:    skip - disabled
02-03 10:46:26.361 D/wpa_supplicant(  637): wlan0: 20: 1c:65:9d:e8:79:44 ssid='WiFi' wpa_ie_len=0 rsn_ie_len=20 caps=0x511 level=-76
02-03 10:46:26.361 D/wpa_supplicant(  637): wlan0:    skip - disabled
02-03 10:46:26.361 D/wpa_supplicant(  637): wlan0: 21: 02:09:4c:b9:0c:d6 ssid='DIRECT-' wpa_ie_len=0 rsn_ie_len=0 caps=0x410 level=-73
02-03 10:46:26.361 D/wpa_supplicant(  637): wlan0:    skip - disabled
02-03 10:46:26.361 D/wpa_supplicant(  637): wlan0: 22: 02:09:4c:68:45:82 ssid='DIRECT-' wpa_ie_len=0 rsn_ie_len=0 caps=0x410 level=-78
02-03 10:46:26.361 D/wpa_supplicant(  637): wlan0:    skip - disabled
02-03 10:46:26.361 D/wpa_supplicant(  637): wlan0: 23: 50:bd:5f:4b:29:92 ssid='Internet-2' wpa_ie_len=0 rsn_ie_len=0 caps=0x421 level=-65
02-03 10:46:26.361 D/wpa_supplicant(  637): wlan0:    skip - disabled
02-03 10:46:26.361 D/wpa_supplicant(  637): wlan0: 24: 4c:e6:76:a5:4d:e0 ssid='BUFFALO-A54DE0-1' wpa_ie_len=0 rsn_ie_len=0 caps=0x401 level=-78 wps
02-03 10:46:26.361 D/wpa_supplicant(  637): wlan0:    skip - disabled
02-03 10:46:26.361 D/wpa_supplicant(  637): wlan0: Selecting BSS from priority group 15
02-03 10:46:26.361 D/wpa_supplicant(  637): wlan0: 0: 6c:8b:2f:e9:d1:da ssid='ZTE_AP_1640' wpa_ie_len=0 rsn_ie_len=20 caps=0x511 level=-46
02-03 10:46:26.361 D/wpa_supplicant(  637): wlan0:    skip - SSID mismatch
02-03 10:46:26.361 D/wpa_supplicant(  637): wlan0: 1: f8:d1:11:e7:99:e8 ssid='videotest' wpa_ie_len=22 rsn_ie_len=20 caps=0x531 level=-46 wps
02-03 10:46:26.361 D/wpa_supplicant(  637): wlan0:    skip - SSID mismatch
02-03 10:46:26.361 D/wpa_supplicant(  637): wlan0: 2: 6c:8b:2f:e8:38:24 ssid='ZTE_AP_6703' wpa_ie_len=0 rsn_ie_len=20 caps=0x511 level=-50
02-03 10:46:26.361 D/wpa_supplicant(  637): wlan0:    skip - SSID mismatch
02-03 10:46:26.361 D/wpa_supplicant(  637): wlan0: 3: 02:1a:11:f2:bf:af ssid='Android' wpa_ie_len=0 rsn_ie_len=20 caps=0x511 level=-54
02-03 10:46:26.361 D/wpa_supplicant(  637): wlan0:    skip - SSID mismatch
02-03 10:46:26.361 D/wpa_supplicant(  637): wlan0: 4: cc:34:29:2c:fb:ec ssid='linksys' wpa_ie_len=22 rsn_ie_len=20 caps=0x431 level=-54 wps
02-03 10:46:26.361 D/wpa_supplicant(  637): wlan0:    skip - SSID mismatch
02-03 10:46:26.361 D/wpa_supplicant(  637): wlan0: 5: cc:34:29:2b:26:4c ssid='cws-test' wpa_ie_len=0 rsn_ie_len=20 caps=0x431 level=-55 wps
02-03 10:46:26.361 D/wpa_supplicant(  637): wlan0:    skip - SSID mismatch
02-03 10:46:26.361 D/wpa_supplicant(  637): wlan0: 6: 10:c3:7b:d2:e5:e0 ssid='ASUS_RT-AC66U-2.4G' wpa_ie_len=0 rsn_ie_len=20 caps=0x411 level=-56 wps
02-03 10:46:26.361 D/wpa_supplicant(  637): wlan0:    skip - SSID mismatch
02-03 10:46:26.361 D/wpa_supplicant(  637): wlan0: 7: 98:fc:11:81:35:fb ssid='E2000E' wpa_ie_len=0 rsn_ie_len=20 caps=0x411 level=-59 wps
02-03 10:46:26.361 D/wpa_supplicant(  637): wlan0:    skip - SSID mismatch
02-03 10:46:26.361 D/wpa_supplicant(  637): wlan0: 8: 90:94:e4:03:45:f5 ssid='2553q' wpa_ie_len=0 rsn_ie_len=24 caps=0x431 level=-61
02-03 10:46:26.361 D/wpa_supplicant(  637): wlan0:    skip - SSID mismatch
02-03 10:46:26.361 D/wpa_supplicant(  637): wlan0: 9: b0:48:7a:51:ff:cc ssid='Neusoft TP' wpa_ie_len=22 rsn_ie_len=20 caps=0x431 level=-62 wps
02-03 10:46:26.361 D/wpa_supplicant(  637): wlan0:    skip - SSID mismatch
02-03 10:46:26.361 D/wpa_supplicant(  637): wlan0: 10: 02:1a:11:fc:c3:59 ssid='test only' wpa_ie_len=0 rsn_ie_len=20 caps=0x431 level=-62
02-03 10:46:26.361 D/wpa_supplicant(  637): wlan0:    skip - SSID mismatch
02-03 10:46:26.361 D/wpa_supplicant(  637): wlan0: 11: b0:48:7a:20:66:6a ssid='TP-LINK_20666A' wpa_ie_len=22 rsn_ie_len=20 caps=0x431 level=-64 wps
02-03 10:46:26.361 D/wpa_supplicant(  637): wlan0:    skip - SSID mismatch
02-03 10:46:26.361 D/wpa_supplicant(  637): wlan0: 12: 22:48:9a:ac:31:5b ssid='dean1' wpa_ie_len=0 rsn_ie_len=20 caps=0x431 level=-64
02-03 10:46:26.361 D/wpa_supplicant(  637): wlan0:    skip - SSID mismatch
02-03 10:46:26.361 D/wpa_supplicant(  637): wlan0: 13: 22:48:9a:ac:31:7f ssid='WiFi874' wpa_ie_len=0 rsn_ie_len=20 caps=0x431 level=-65
02-03 10:46:26.361 D/wpa_supplicant(  637): wlan0:    skip - SSID mismatch
02-03 10:46:26.361 D/wpa_supplicant(  637): wlan0: 14: 00:0f:e2:0f:9f:c1 ssid='321_WAN' wpa_ie_len=28 rsn_ie_len=24 caps=0x411 level=-68
02-03 10:46:26.361 D/wpa_supplicant(  637): wlan0:    skip - SSID mismatch
02-03 10:46:26.361 D/wpa_supplicant(  637): wlan0: 15: 74:e5:43:24:f4:5b ssid='Dttest' wpa_ie_len=0 rsn_ie_len=20 caps=0x31 level=-69
02-03 10:46:26.361 D/wpa_supplicant(  637): wlan0:    skip - SSID mismatch
02-03 10:46:26.361 D/wpa_supplicant(  637): wlan0: 16: 02:1a:11:f6:67:da ssid='love U forever' wpa_ie_len=0 rsn_ie_len=20 caps=0x431 level=-70
02-03 10:46:26.361 D/wpa_supplicant(  637): wlan0:    skip - SSID mismatch
02-03 10:46:26.361 D/wpa_supplicant(  637): wlan0: 17: 14:d6:4d:28:ef:c8 ssid='dlink' wpa_ie_len=0 rsn_ie_len=20 caps=0x31 level=-71 wps
02-03 10:46:26.361 D/wpa_supplicant(  637): wlan0:    skip - SSID mismatch
02-03 10:46:26.361 D/wpa_supplicant(  637): wlan0: 18: 44:94:fc:3d:da:38 ssid='6300' wpa_ie_len=0 rsn_ie_len=20 caps=0x411 level=-72 wps
02-03 10:46:26.361 D/wpa_supplicant(  637): wlan0:    skip - SSID mismatch
02-03 10:46:26.361 D/wpa_supplicant(  637): wlan0: 19: 80:1f:02:43:fb:e8 ssid='Edimax AP' wpa_ie_len=0 rsn_ie_len=20 caps=0x411 level=-75
02-03 10:46:26.361 D/wpa_supplicant(  637): wlan0:    skip - SSID mismatch
02-03 10:46:26.361 D/wpa_supplicant(  637): wlan0: 20: 1c:65:9d:e8:79:44 ssid='WiFi' wpa_ie_len=0 rsn_ie_len=20 caps=0x511 level=-76
02-03 10:46:26.361 D/wpa_supplicant(  637): wlan0:    skip - SSID mismatch
02-03 10:46:26.361 D/wpa_supplicant(  637): wlan0: 21: 02:09:4c:b9:0c:d6 ssid='DIRECT-' wpa_ie_len=0 rsn_ie_len=0 caps=0x410 level=-73
02-03 10:46:26.361 D/wpa_supplicant(  637): wlan0:    skip - SSID mismatch
02-03 10:46:26.361 D/wpa_supplicant(  637): wlan0: 22: 02:09:4c:68:45:82 ssid='DIRECT-' wpa_ie_len=0 rsn_ie_len=0 caps=0x410 level=-78
02-03 10:46:26.361 D/wpa_supplicant(  637): wlan0:    skip - SSID mismatch
02-03 10:46:26.361 D/wpa_supplicant(  637): wlan0: 23: 50:bd:5f:4b:29:92 ssid='Internet-2' wpa_ie_len=0 rsn_ie_len=0 caps=0x421 level=-65
02-03 10:46:26.361 D/wpa_supplicant(  637): wlan0:    skip - SSID mismatch
02-03 10:46:26.361 D/wpa_supplicant(  637): wlan0: 24: 4c:e6:76:a5:4d:e0 ssid='BUFFALO-A54DE0-1' wpa_ie_len=0 rsn_ie_len=0 caps=0x401 level=-78 wps
02-03 10:46:26.361 D/wpa_supplicant(  637): wlan0:    skip - SSID mismatch
02-03 10:46:26.361 D/wpa_supplicant(  637): wlan0: Selecting BSS from priority group 14
02-03 10:46:26.361 D/wpa_supplicant(  637): wlan0: 0: 6c:8b:2f:e9:d1:da ssid='ZTE_AP_1640' wpa_ie_len=0 rsn_ie_len=20 caps=0x511 level=-46
02-03 10:46:26.361 D/wpa_supplicant(  637): wlan0:    skip - SSID mismatch
02-03 10:46:26.361 D/wpa_supplicant(  637): wlan0: 1: f8:d1:11:e7:99:e8 ssid='videotest' wpa_ie_len=22 rsn_ie_len=20 caps=0x531 level=-46 wps
02-03 10:46:26.361 D/wpa_supplicant(  637): wlan0:    skip - SSID mismatch
02-03 10:46:26.361 D/wpa_supplicant(  637): wlan0: 2: 6c:8b:2f:e8:38:24 ssid='ZTE_AP_6703' wpa_ie_len=0 rsn_ie_len=20 caps=0x511 level=-50
02-03 10:46:26.361 D/wpa_supplicant(  637): wlan0:    skip - SSID mismatch
02-03 10:46:26.361 D/wpa_supplicant(  637): wlan0: 3: 02:1a:11:f2:bf:af ssid='Android' wpa_ie_len=0 rsn_ie_len=20 caps=0x511 level=-54
02-03 10:46:26.361 D/wpa_supplicant(  637): wlan0:    skip - SSID mismatch
02-03 10:46:26.361 D/wpa_supplicant(  637): wlan0: 4: cc:34:29:2c:fb:ec ssid='linksys' wpa_ie_len=22 rsn_ie_len=20 caps=0x431 level=-54 wps
02-03 10:46:26.361 D/wpa_supplicant(  637): wlan0:    skip - SSID mismatch
02-03 10:46:26.361 D/wpa_supplicant(  637): wlan0: 5: cc:34:29:2b:26:4c ssid='cws-test' wpa_ie_len=0 rsn_ie_len=20 caps=0x431 level=-55 wps
02-03 10:46:26.361 D/wpa_supplicant(  637): wlan0:    skip - SSID mismatch
02-03 10:46:26.361 D/wpa_supplicant(  637): wlan0: 6: 10:c3:7b:d2:e5:e0 ssid='ASUS_RT-AC66U-2.4G' wpa_ie_len=0 rsn_ie_len=20 caps=0x411 level=-56 wps
02-03 10:46:26.361 D/wpa_supplicant(  637): wlan0:    skip - SSID mismatch
02-03 10:46:26.361 D/wpa_supplicant(  637): wlan0: 7: 98:fc:11:81:35:fb ssid='E2000E' wpa_ie_len=0 rsn_ie_len=20 caps=0x411 level=-59 wps
02-03 10:46:26.361 D/wpa_supplicant(  637): wlan0:    skip - SSID mismatch
02-03 10:46:26.361 D/wpa_supplicant(  637): wlan0: 8: 90:94:e4:03:45:f5 ssid='2553q' wpa_ie_len=0 rsn_ie_len=24 caps=0x431 level=-61
02-03 10:46:26.361 D/wpa_supplicant(  637): wlan0:    skip - SSID mismatch
02-03 10:46:26.361 D/wpa_supplicant(  637): wlan0: 9: b0:48:7a:51:ff:cc ssid='Neusoft TP' wpa_ie_len=22 rsn_ie_len=20 caps=0x431 level=-62 wps
02-03 10:46:26.361 D/wpa_supplicant(  637): wlan0:    skip - SSID mismatch
02-03 10:46:26.361 D/wpa_supplicant(  637): wlan0: 10: 02:1a:11:fc:c3:59 ssid='test only' wpa_ie_len=0 rsn_ie_len=20 caps=0x431 level=-62
02-03 10:46:26.361 D/wpa_supplicant(  637): wlan0:    skip - SSID mismatch
02-03 10:46:26.361 D/wpa_supplicant(  637): wlan0: 11: b0:48:7a:20:66:6a ssid='TP-LINK_20666A' wpa_ie_len=22 rsn_ie_len=20 caps=0x431 level=-64 wps
02-03 10:46:26.361 D/wpa_supplicant(  637): wlan0:    skip - SSID mismatch
02-03 10:46:26.361 D/wpa_supplicant(  637): wlan0: 12: 22:48:9a:ac:31:5b ssid='dean1' wpa_ie_len=0 rsn_ie_len=20 caps=0x431 level=-64
02-03 10:46:26.361 D/wpa_supplicant(  637): wlan0:    skip - SSID mismatch
02-03 10:46:26.361 D/wpa_supplicant(  637): wlan0: 13: 22:48:9a:ac:31:7f ssid='WiFi874' wpa_ie_len=0 rsn_ie_len=20 caps=0x431 level=-65
02-03 10:46:26.361 D/wpa_supplicant(  637): wlan0:    skip - SSID mismatch
02-03 10:46:26.361 D/wpa_supplicant(  637): wlan0: 14: 00:0f:e2:0f:9f:c1 ssid='321_WAN' wpa_ie_len=28 rsn_ie_len=24 caps=0x411 level=-68
02-03 10:46:26.371 D/wpa_supplicant(  637): wlan0:    skip - SSID mismatch
02-03 10:46:26.371 D/wpa_supplicant(  637): wlan0: 15: 74:e5:43:24:f4:5b ssid='Dttest' wpa_ie_len=0 rsn_ie_len=20 caps=0x31 level=-69
02-03 10:46:26.371 D/wpa_supplicant(  637): wlan0:    skip - SSID mismatch
02-03 10:46:26.371 D/wpa_supplicant(  637): wlan0: 16: 02:1a:11:f6:67:da ssid='love U forever' wpa_ie_len=0 rsn_ie_len=20 caps=0x431 level=-70
02-03 10:46:26.371 D/wpa_supplicant(  637): wlan0:    skip - SSID mismatch
02-03 10:46:26.371 D/wpa_supplicant(  637): wlan0: 17: 14:d6:4d:28:ef:c8 ssid='dlink' wpa_ie_len=0 rsn_ie_len=20 caps=0x31 level=-71 wps
02-03 10:46:26.371 D/wpa_supplicant(  637): wlan0:    skip - SSID mismatch
02-03 10:46:26.371 D/wpa_supplicant(  637): wlan0: 18: 44:94:fc:3d:da:38 ssid='6300' wpa_ie_len=0 rsn_ie_len=20 caps=0x411 level=-72 wps
02-03 10:46:26.371 D/wpa_supplicant(  637): wlan0:    skip - SSID mismatch
02-03 10:46:26.371 D/wpa_supplicant(  637): wlan0: 19: 80:1f:02:43:fb:e8 ssid='Edimax AP' wpa_ie_len=0 rsn_ie_len=20 caps=0x411 level=-75
02-03 10:46:26.371 D/wpa_supplicant(  637): wlan0:    skip - SSID mismatch
02-03 10:46:26.371 D/wpa_supplicant(  637): wlan0: 20: 1c:65:9d:e8:79:44 ssid='WiFi' wpa_ie_len=0 rsn_ie_len=20 caps=0x511 level=-76
02-03 10:46:26.371 D/wpa_supplicant(  637): wlan0:    skip - SSID mismatch
02-03 10:46:26.371 D/wpa_supplicant(  637): wlan0: 21: 02:09:4c:b9:0c:d6 ssid='DIRECT-' wpa_ie_len=0 rsn_ie_len=0 caps=0x410 level=-73
02-03 10:46:26.371 D/wpa_supplicant(  637): wlan0:    skip - SSID mismatch
02-03 10:46:26.371 D/wpa_supplicant(  637): wlan0: 22: 02:09:4c:68:45:82 ssid='DIRECT-' wpa_ie_len=0 rsn_ie_len=0 caps=0x410 level=-78
02-03 10:46:26.371 D/wpa_supplicant(  637): wlan0:    skip - SSID mismatch
02-03 10:46:26.371 D/wpa_supplicant(  637): wlan0: 23: 50:bd:5f:4b:29:92 ssid='Internet-2' wpa_ie_len=0 rsn_ie_len=0 caps=0x421 level=-65
02-03 10:46:26.371 D/wpa_supplicant(  637): wlan0:    skip - SSID mismatch
02-03 10:46:26.371 D/wpa_supplicant(  637): wlan0: 24: 4c:e6:76:a5:4d:e0 ssid='BUFFALO-A54DE0-1' wpa_ie_len=0 rsn_ie_len=0 caps=0x401 level=-78 wps
02-03 10:46:26.371 D/wpa_supplicant(  637): wlan0:    skip - SSID mismatch
02-03 10:46:26.371 D/wpa_supplicant(  637): wlan0: Selecting BSS from priority group 13
02-03 10:46:26.371 D/wpa_supplicant(  637): wlan0: 0: 6c:8b:2f:e9:d1:da ssid='ZTE_AP_1640' wpa_ie_len=0 rsn_ie_len=20 caps=0x511 level=-46
02-03 10:46:26.371 D/wpa_supplicant(  637): wlan0:    skip - disabled
02-03 10:46:26.371 D/wpa_supplicant(  637): wlan0: 1: f8:d1:11:e7:99:e8 ssid='videotest' wpa_ie_len=22 rsn_ie_len=20 caps=0x531 level=-46 wps
02-03 10:46:26.371 D/wpa_supplicant(  637): wlan0:    skip - disabled
02-03 10:46:26.371 D/wpa_supplicant(  637): wlan0: 2: 6c:8b:2f:e8:38:24 ssid='ZTE_AP_6703' wpa_ie_len=0 rsn_ie_len=20 caps=0x511 level=-50
02-03 10:46:26.371 D/wpa_supplicant(  637): wlan0:    skip - disabled
02-03 10:46:26.371 D/wpa_supplicant(  637): wlan0: 3: 02:1a:11:f2:bf:af ssid='Android' wpa_ie_len=0 rsn_ie_len=20 caps=0x511 level=-54
02-03 10:46:26.371 D/wpa_supplicant(  637): wlan0:    skip - disabled
02-03 10:46:26.371 D/wpa_supplicant(  637): wlan0: 4: cc:34:29:2c:fb:ec ssid='linksys' wpa_ie_len=22 rsn_ie_len=20 caps=0x431 level=-54 wps
02-03 10:46:26.371 D/wpa_supplicant(  637): wlan0:    skip - disabled
02-03 10:46:26.371 D/wpa_supplicant(  637): wlan0: 5: cc:34:29:2b:26:4c ssid='cws-test' wpa_ie_len=0 rsn_ie_len=20 caps=0x431 level=-55 wps
02-03 10:46:26.371 D/wpa_supplicant(  637): wlan0:    skip - disabled
02-03 10:46:26.371 D/wpa_supplicant(  637): wlan0: 6: 10:c3:7b:d2:e5:e0 ssid='ASUS_RT-AC66U-2.4G' wpa_ie_len=0 rsn_ie_len=20 caps=0x411 level=-56 wps
02-03 10:46:26.371 D/wpa_supplicant(  637): wlan0:    skip - disabled
02-03 10:46:26.371 D/wpa_supplicant(  637): wlan0: 7: 98:fc:11:81:35:fb ssid='E2000E' wpa_ie_len=0 rsn_ie_len=20 caps=0x411 level=-59 wps
02-03 10:46:26.371 D/wpa_supplicant(  637): wlan0:    skip - disabled
02-03 10:46:26.371 D/wpa_supplicant(  637): wlan0: 8: 90:94:e4:03:45:f5 ssid='2553q' wpa_ie_len=0 rsn_ie_len=24 caps=0x431 level=-61
02-03 10:46:26.371 D/wpa_supplicant(  637): wlan0:    skip - disabled
02-03 10:46:26.371 D/wpa_supplicant(  637): wlan0: 9: b0:48:7a:51:ff:cc ssid='Neusoft TP' wpa_ie_len=22 rsn_ie_len=20 caps=0x431 level=-62 wps
02-03 10:46:26.371 D/wpa_supplicant(  637): wlan0:    skip - disabled
02-03 10:46:26.371 D/wpa_supplicant(  637): wlan0: 10: 02:1a:11:fc:c3:59 ssid='test only' wpa_ie_len=0 rsn_ie_len=20 caps=0x431 level=-62
02-03 10:46:26.371 D/wpa_supplicant(  637): wlan0:    skip - disabled
02-03 10:46:26.371 D/wpa_supplicant(  637): wlan0: 11: b0:48:7a:20:66:6a ssid='TP-LINK_20666A' wpa_ie_len=22 rsn_ie_len=20 caps=0x431 level=-64 wps
02-03 10:46:26.371 D/wpa_supplicant(  637): wlan0:    skip - disabled
02-03 10:46:26.371 D/wpa_supplicant(  637): wlan0: 12: 22:48:9a:ac:31:5b ssid='dean1' wpa_ie_len=0 rsn_ie_len=20 caps=0x431 level=-64
02-03 10:46:26.371 D/wpa_supplicant(  637): wlan0:    skip - disabled
02-03 10:46:26.371 D/wpa_supplicant(  637): wlan0: 13: 22:48:9a:ac:31:7f ssid='WiFi874' wpa_ie_len=0 rsn_ie_len=20 caps=0x431 level=-65
02-03 10:46:26.371 D/wpa_supplicant(  637): wlan0:    skip - disabled
02-03 10:46:26.371 D/wpa_supplicant(  637): wlan0: 14: 00:0f:e2:0f:9f:c1 ssid='321_WAN' wpa_ie_len=28 rsn_ie_len=24 caps=0x411 level=-68
02-03 10:46:26.371 D/wpa_supplicant(  637): wlan0:    skip - disabled
02-03 10:46:26.371 D/wpa_supplicant(  637): wlan0: 15: 74:e5:43:24:f4:5b ssid='Dttest' wpa_ie_len=0 rsn_ie_len=20 caps=0x31 level=-69
02-03 10:46:26.371 D/wpa_supplicant(  637): wlan0:    skip - disabled
02-03 10:46:26.371 D/wpa_supplicant(  637): wlan0: 16: 02:1a:11:f6:67:da ssid='love U forever' wpa_ie_len=0 rsn_ie_len=20 caps=0x431 level=-70
02-03 10:46:26.371 D/wpa_supplicant(  637): wlan0:    skip - disabled
02-03 10:46:26.371 D/wpa_supplicant(  637): wlan0: 17: 14:d6:4d:28:ef:c8 ssid='dlink' wpa_ie_len=0 rsn_ie_len=20 caps=0x31 level=-71 wps
02-03 10:46:26.371 D/wpa_supplicant(  637): wlan0:    skip - disabled
02-03 10:46:26.371 D/wpa_supplicant(  637): wlan0: 18: 44:94:fc:3d:da:38 ssid='6300' wpa_ie_len=0 rsn_ie_len=20 caps=0x411 level=-72 wps
02-03 10:46:26.371 D/wpa_supplicant(  637): wlan0:    skip - disabled
02-03 10:46:26.371 D/wpa_supplicant(  637): wlan0: 19: 80:1f:02:43:fb:e8 ssid='Edimax AP' wpa_ie_len=0 rsn_ie_len=20 caps=0x411 level=-75
02-03 10:46:26.371 D/wpa_supplicant(  637): wlan0:    skip - disabled
02-03 10:46:26.371 D/wpa_supplicant(  637): wlan0: 20: 1c:65:9d:e8:79:44 ssid='WiFi' wpa_ie_len=0 rsn_ie_len=20 caps=0x511 level=-76
02-03 10:46:26.371 D/wpa_supplicant(  637): wlan0:    skip - disabled
02-03 10:46:26.371 D/wpa_supplicant(  637): wlan0: 21: 02:09:4c:b9:0c:d6 ssid='DIRECT-' wpa_ie_len=0 rsn_ie_len=0 caps=0x410 level=-73
02-03 10:46:26.371 D/wpa_supplicant(  637): wlan0:    skip - disabled
02-03 10:46:26.371 D/wpa_supplicant(  637): wlan0: 22: 02:09:4c:68:45:82 ssid='DIRECT-' wpa_ie_len=0 rsn_ie_len=0 caps=0x410 level=-78
02-03 10:46:26.371 D/wpa_supplicant(  637): wlan0:    skip - disabled
02-03 10:46:26.371 D/wpa_supplicant(  637): wlan0: 23: 50:bd:5f:4b:29:92 ssid='Internet-2' wpa_ie_len=0 rsn_ie_len=0 caps=0x421 level=-65
02-03 10:46:26.371 D/wpa_supplicant(  637): wlan0:    skip - disabled
02-03 10:46:26.371 D/wpa_supplicant(  637): wlan0: 24: 4c:e6:76:a5:4d:e0 ssid='BUFFALO-A54DE0-1' wpa_ie_len=0 rsn_ie_len=0 caps=0x401 level=-78 wps
02-03 10:46:26.371 D/wpa_supplicant(  637): wlan0:    skip - disabled
02-03 10:46:26.371 D/wpa_supplicant(  637): wlan0: Selecting BSS from priority group 12
02-03 10:46:26.371 D/wpa_supplicant(  637): wlan0: 0: 6c:8b:2f:e9:d1:da ssid='ZTE_AP_1640' wpa_ie_len=0 rsn_ie_len=20 caps=0x511 level=-46
02-03 10:46:26.371 D/wpa_supplicant(  637): wlan0:    skip - SSID mismatch
02-03 10:46:26.371 D/wpa_supplicant(  637): wlan0: 1: f8:d1:11:e7:99:e8 ssid='videotest' wpa_ie_len=22 rsn_ie_len=20 caps=0x531 level=-46 wps
02-03 10:46:26.371 D/wpa_supplicant(  637): wlan0:    skip - SSID mismatch
02-03 10:46:26.371 D/wpa_supplicant(  637): wlan0: 2: 6c:8b:2f:e8:38:24 ssid='ZTE_AP_6703' wpa_ie_len=0 rsn_ie_len=20 caps=0x511 level=-50
02-03 10:46:26.371 D/wpa_supplicant(  637): wlan0:    skip - SSID mismatch
02-03 10:46:26.371 D/wpa_supplicant(  637): wlan0: 3: 02:1a:11:f2:bf:af ssid='Android' wpa_ie_len=0 rsn_ie_len=20 caps=0x511 level=-54
02-03 10:46:26.371 D/wpa_supplicant(  637): wlan0:    skip - SSID mismatch
02-03 10:46:26.371 D/wpa_supplicant(  637): wlan0: 4: cc:34:29:2c:fb:ec ssid='linksys' wpa_ie_len=22 rsn_ie_len=20 caps=0x431 level=-54 wps
02-03 10:46:26.371 D/wpa_supplicant(  637): wlan0:    skip - SSID mismatch
02-03 10:46:26.371 D/wpa_supplicant(  637): wlan0: 5: cc:34:29:2b:26:4c ssid='cws-test' wpa_ie_len=0 rsn_ie_len=20 caps=0x431 level=-55 wps
02-03 10:46:26.371 D/wpa_supplicant(  637): wlan0:    skip - SSID mismatch
02-03 10:46:26.371 D/wpa_supplicant(  637): wlan0: 6: 10:c3:7b:d2:e5:e0 ssid='ASUS_RT-AC66U-2.4G' wpa_ie_len=0 rsn_ie_len=20 caps=0x411 level=-56 wps
02-03 10:46:26.371 D/wpa_supplicant(  637): wlan0:    skip - SSID mismatch
02-03 10:46:26.371 D/wpa_supplicant(  637): wlan0: 7: 98:fc:11:81:35:fb ssid='E2000E' wpa_ie_len=0 rsn_ie_len=20 caps=0x411 level=-59 wps
02-03 10:46:26.371 D/wpa_supplicant(  637): wlan0:    skip - SSID mismatch
02-03 10:46:26.371 D/wpa_supplicant(  637): wlan0: 8: 90:94:e4:03:45:f5 ssid='2553q' wpa_ie_len=0 rsn_ie_len=24 caps=0x431 level=-61
02-03 10:46:26.371 D/wpa_supplicant(  637): wlan0:    skip - SSID mismatch
02-03 10:46:26.371 D/wpa_supplicant(  637): wlan0: 9: b0:48:7a:51:ff:cc ssid='Neusoft TP' wpa_ie_len=22 rsn_ie_len=20 caps=0x431 level=-62 wps
02-03 10:46:26.371 D/wpa_supplicant(  637): wlan0:    skip - SSID mismatch
02-03 10:46:26.371 D/wpa_supplicant(  637): wlan0: 10: 02:1a:11:fc:c3:59 ssid='test only' wpa_ie_len=0 rsn_ie_len=20 caps=0x431 level=-62
02-03 10:46:26.371 D/wpa_supplicant(  637): wlan0:    skip - SSID mismatch
02-03 10:46:26.371 D/wpa_supplicant(  637): wlan0: 11: b0:48:7a:20:66:6a ssid='TP-LINK_20666A' wpa_ie_len=22 rsn_ie_len=20 caps=0x431 level=-64 wps
02-03 10:46:26.371 D/wpa_supplicant(  637): wlan0:    skip - SSID mismatch
02-03 10:46:26.371 D/wpa_supplicant(  637): wlan0: 12: 22:48:9a:ac:31:5b ssid='dean1' wpa_ie_len=0 rsn_ie_len=20 caps=0x431 level=-64
02-03 10:46:26.371 D/wpa_supplicant(  637): wlan0:    skip - SSID mismatch
02-03 10:46:26.371 D/wpa_supplicant(  637): wlan0: 13: 22:48:9a:ac:31:7f ssid='WiFi874' wpa_ie_len=0 rsn_ie_len=20 caps=0x431 level=-65
02-03 10:46:26.371 D/wpa_supplicant(  637): wlan0:    skip - SSID mismatch
02-03 10:46:26.371 D/wpa_supplicant(  637): wlan0: 14: 00:0f:e2:0f:9f:c1 ssid='321_WAN' wpa_ie_len=28 rsn_ie_len=24 caps=0x411 level=-68
02-03 10:46:26.371 D/wpa_supplicant(  637): wlan0:    skip - SSID mismatch
02-03 10:46:26.371 D/wpa_supplicant(  637): wlan0: 15: 74:e5:43:24:f4:5b ssid='Dttest' wpa_ie_len=0 rsn_ie_len=20 caps=0x31 level=-69
02-03 10:46:26.371 D/wpa_supplicant(  637): wlan0:    skip - SSID mismatch
02-03 10:46:26.371 D/wpa_supplicant(  637): wlan0: 16: 02:1a:11:f6:67:da ssid='love U forever' wpa_ie_len=0 rsn_ie_len=20 caps=0x431 level=-70
02-03 10:46:26.371 D/wpa_supplicant(  637): wlan0:    skip - SSID mismatch
02-03 10:46:26.371 D/wpa_supplicant(  637): wlan0: 17: 14:d6:4d:28:ef:c8 ssid='dlink' wpa_ie_len=0 rsn_ie_len=20 caps=0x31 level=-71 wps
02-03 10:46:26.371 D/wpa_supplicant(  637): wlan0:    skip - SSID mismatch
02-03 10:46:26.371 D/wpa_supplicant(  637): wlan0: 18: 44:94:fc:3d:da:38 ssid='6300' wpa_ie_len=0 rsn_ie_len=20 caps=0x411 level=-72 wps
02-03 10:46:26.371 D/wpa_supplicant(  637): wlan0:    skip - SSID mismatch
02-03 10:46:26.371 D/wpa_supplicant(  637): wlan0: 19: 80:1f:02:43:fb:e8 ssid='Edimax AP' wpa_ie_len=0 rsn_ie_len=20 caps=0x411 level=-75
02-03 10:46:26.371 D/wpa_supplicant(  637): wlan0:    skip - SSID mismatch
02-03 10:46:26.371 D/wpa_supplicant(  637): wlan0: 20: 1c:65:9d:e8:79:44 ssid='WiFi' wpa_ie_len=0 rsn_ie_len=20 caps=0x511 level=-76
02-03 10:46:26.371 D/wpa_supplicant(  637): wlan0:    skip - SSID mismatch
02-03 10:46:26.371 D/wpa_supplicant(  637): wlan0: 21: 02:09:4c:b9:0c:d6 ssid='DIRECT-' wpa_ie_len=0 rsn_ie_len=0 caps=0x410 level=-73
02-03 10:46:26.371 D/wpa_supplicant(  637): wlan0:    skip - SSID mismatch
02-03 10:46:26.371 D/wpa_supplicant(  637): wlan0: 22: 02:09:4c:68:45:82 ssid='DIRECT-' wpa_ie_len=0 rsn_ie_len=0 caps=0x410 level=-78
02-03 10:46:26.371 D/wpa_supplicant(  637): wlan0:    skip - SSID mismatch
02-03 10:46:26.371 D/wpa_supplicant(  637): wlan0: 23: 50:bd:5f:4b:29:92 ssid='Internet-2' wpa_ie_len=0 rsn_ie_len=0 caps=0x421 level=-65
02-03 10:46:26.371 D/wpa_supplicant(  637): wlan0:    skip - SSID mismatch
02-03 10:46:26.371 D/wpa_supplicant(  637): wlan0: 24: 4c:e6:76:a5:4d:e0 ssid='BUFFALO-A54DE0-1' wpa_ie_len=0 rsn_ie_len=0 caps=0x401 level=-78 wps
02-03 10:46:26.371 D/wpa_supplicant(  637): wlan0:    skip - SSID mismatch
02-03 10:46:26.371 D/wpa_supplicant(  637): wlan0: Selecting BSS from priority group 3
02-03 10:46:26.371 D/wpa_supplicant(  637): wlan0: 0: 6c:8b:2f:e9:d1:da ssid='ZTE_AP_1640' wpa_ie_len=0 rsn_ie_len=20 caps=0x511 level=-46
02-03 10:46:26.371 D/wpa_supplicant(  637): wlan0:    skip - SSID mismatch
02-03 10:46:26.371 D/wpa_supplicant(  637): wlan0: 1: f8:d1:11:e7:99:e8 ssid='videotest' wpa_ie_len=22 rsn_ie_len=20 caps=0x531 level=-46 wps
02-03 10:46:26.371 D/wpa_supplicant(  637): wlan0:    skip - SSID mismatch
02-03 10:46:26.371 D/wpa_supplicant(  637): wlan0: 2: 6c:8b:2f:e8:38:24 ssid='ZTE_AP_6703' wpa_ie_len=0 rsn_ie_len=20 caps=0x511 level=-50
02-03 10:46:26.371 D/wpa_supplicant(  637): wlan0:    skip - SSID mismatch
02-03 10:46:26.371 D/wpa_supplicant(  637): wlan0: 3: 02:1a:11:f2:bf:af ssid='Android' wpa_ie_len=0 rsn_ie_len=20 caps=0x511 level=-54
02-03 10:46:26.371 D/wpa_supplicant(  637): wlan0:    skip - SSID mismatch
02-03 10:46:26.371 D/wpa_supplicant(  637): wlan0: 4: cc:34:29:2c:fb:ec ssid='linksys' wpa_ie_len=22 rsn_ie_len=20 caps=0x431 level=-54 wps
02-03 10:46:26.371 D/wpa_supplicant(  637): wlan0:    skip - SSID mismatch
02-03 10:46:26.371 D/wpa_supplicant(  637): wlan0: 5: cc:34:29:2b:26:4c ssid='cws-test' wpa_ie_len=0 rsn_ie_len=20 caps=0x431 level=-55 wps
02-03 10:46:26.371 D/wpa_supplicant(  637): wlan0:    skip - SSID mismatch
02-03 10:46:26.371 D/wpa_supplicant(  637): wlan0: 6: 10:c3:7b:d2:e5:e0 ssid='ASUS_RT-AC66U-2.4G' wpa_ie_len=0 rsn_ie_len=20 caps=0x411 level=-56 wps
02-03 10:46:26.371 D/wpa_supplicant(  637): wlan0:    skip - SSID mismatch
02-03 10:46:26.371 D/wpa_supplicant(  637): wlan0: 7: 98:fc:11:81:35:fb ssid='E2000E' wpa_ie_len=0 rsn_ie_len=20 caps=0x411 level=-59 wps
02-03 10:46:26.371 D/wpa_supplicant(  637): wlan0:    skip - SSID mismatch
02-03 10:46:26.371 D/wpa_supplicant(  637): wlan0: 8: 90:94:e4:03:45:f5 ssid='2553q' wpa_ie_len=0 rsn_ie_len=24 caps=0x431 level=-61
02-03 10:46:26.371 D/wpa_supplicant(  637): wlan0:    skip - SSID mismatch
02-03 10:46:26.371 D/wpa_supplicant(  637): wlan0: 9: b0:48:7a:51:ff:cc ssid='Neusoft TP' wpa_ie_len=22 rsn_ie_len=20 caps=0x431 level=-62 wps
02-03 10:46:26.371 D/wpa_supplicant(  637): wlan0:    skip - SSID mismatch
02-03 10:46:26.371 D/wpa_supplicant(  637): wlan0: 10: 02:1a:11:fc:c3:59 ssid='test only' wpa_ie_len=0 rsn_ie_len=20 caps=0x431 level=-62
02-03 10:46:26.371 D/wpa_supplicant(  637): wlan0:    skip - SSID mismatch
02-03 10:46:26.371 D/wpa_supplicant(  637): wlan0: 11: b0:48:7a:20:66:6a ssid='TP-LINK_20666A' wpa_ie_len=22 rsn_ie_len=20 caps=0x431 level=-64 wps
02-03 10:46:26.371 D/wpa_supplicant(  637): wlan0:    skip - SSID mismatch
02-03 10:46:26.371 D/wpa_supplicant(  637): wlan0: 12: 22:48:9a:ac:31:5b ssid='dean1' wpa_ie_len=0 rsn_ie_len=20 caps=0x431 level=-64
02-03 10:46:26.371 D/wpa_supplicant(  637): wlan0:    skip - SSID mismatch
02-03 10:46:26.371 D/wpa_supplicant(  637): wlan0: 13: 22:48:9a:ac:31:7f ssid='WiFi874' wpa_ie_len=0 rsn_ie_len=20 caps=0x431 level=-65
02-03 10:46:26.371 D/wpa_supplicant(  637): wlan0:    skip - SSID mismatch
02-03 10:46:26.371 D/wpa_supplicant(  637): wlan0: 14: 00:0f:e2:0f:9f:c1 ssid='321_WAN' wpa_ie_len=28 rsn_ie_len=24 caps=0x411 level=-68
02-03 10:46:26.371 D/wpa_supplicant(  637): wlan0:    skip - SSID mismatch
02-03 10:46:26.371 D/wpa_supplicant(  637): wlan0: 15: 74:e5:43:24:f4:5b ssid='Dttest' wpa_ie_len=0 rsn_ie_len=20 caps=0x31 level=-69
02-03 10:46:26.371 D/wpa_supplicant(  637): wlan0:    skip - SSID mismatch
02-03 10:46:26.371 D/wpa_supplicant(  637): wlan0: 16: 02:1a:11:f6:67:da ssid='love U forever' wpa_ie_len=0 rsn_ie_len=20 caps=0x431 level=-70
02-03 10:46:26.371 D/wpa_supplicant(  637): wlan0:    skip - SSID mismatch
02-03 10:46:26.371 D/wpa_supplicant(  637): wlan0: 17: 14:d6:4d:28:ef:c8 ssid='dlink' wpa_ie_len=0 rsn_ie_len=20 caps=0x31 level=-71 wps
02-03 10:46:26.371 D/wpa_supplicant(  637): wlan0:    skip - SSID mismatch
02-03 10:46:26.371 D/wpa_supplicant(  637): wlan0: 18: 44:94:fc:3d:da:38 ssid='6300' wpa_ie_len=0 rsn_ie_len=20 caps=0x411 level=-72 wps
02-03 10:46:26.371 D/wpa_supplicant(  637): wlan0:    skip - SSID mismatch
02-03 10:46:26.371 D/wpa_supplicant(  637): wlan0: 19: 80:1f:02:43:fb:e8 ssid='Edimax AP' wpa_ie_len=0 rsn_ie_len=20 caps=0x411 level=-75
02-03 10:46:26.381 D/wpa_supplicant(  637): wlan0:    skip - SSID mismatch
02-03 10:46:26.381 D/wpa_supplicant(  637): wlan0: 20: 1c:65:9d:e8:79:44 ssid='WiFi' wpa_ie_len=0 rsn_ie_len=20 caps=0x511 level=-76
02-03 10:46:26.381 D/wpa_supplicant(  637): wlan0:    skip - SSID mismatch
02-03 10:46:26.381 D/wpa_supplicant(  637): wlan0: 21: 02:09:4c:b9:0c:d6 ssid='DIRECT-' wpa_ie_len=0 rsn_ie_len=0 caps=0x410 level=-73
02-03 10:46:26.381 D/wpa_supplicant(  637): wlan0:    skip - SSID mismatch
02-03 10:46:26.381 D/wpa_supplicant(  637): wlan0: 22: 02:09:4c:68:45:82 ssid='DIRECT-' wpa_ie_len=0 rsn_ie_len=0 caps=0x410 level=-78
02-03 10:46:26.381 D/wpa_supplicant(  637): wlan0:    skip - SSID mismatch
02-03 10:46:26.381 D/wpa_supplicant(  637): wlan0: 23: 50:bd:5f:4b:29:92 ssid='Internet-2' wpa_ie_len=0 rsn_ie_len=0 caps=0x421 level=-65
02-03 10:46:26.381 D/wpa_supplicant(  637): wlan0:    skip - SSID mismatch
02-03 10:46:26.381 D/wpa_supplicant(  637): wlan0: 24: 4c:e6:76:a5:4d:e0 ssid='BUFFALO-A54DE0-1' wpa_ie_len=0 rsn_ie_len=0 caps=0x401 level=-78 wps
02-03 10:46:26.381 D/wpa_supplicant(  637): wlan0:    skip - SSID mismatch
02-03 10:46:26.381 D/wpa_supplicant(  637): wlan0: Selecting BSS from priority group 1
02-03 10:46:26.381 D/wpa_supplicant(  637): wlan0: 0: 6c:8b:2f:e9:d1:da ssid='ZTE_AP_1640' wpa_ie_len=0 rsn_ie_len=20 caps=0x511 level=-46
02-03 10:46:26.381 D/wpa_supplicant(  637): wlan0:    skip - SSID mismatch
02-03 10:46:26.381 D/wpa_supplicant(  637): wlan0: 1: f8:d1:11:e7:99:e8 ssid='videotest' wpa_ie_len=22 rsn_ie_len=20 caps=0x531 level=-46 wps
02-03 10:46:26.381 D/wpa_supplicant(  637): wlan0:    skip - SSID mismatch
02-03 10:46:26.381 D/wpa_supplicant(  637): wlan0: 2: 6c:8b:2f:e8:38:24 ssid='ZTE_AP_6703' wpa_ie_len=0 rsn_ie_len=20 caps=0x511 level=-50
02-03 10:46:26.381 D/wpa_supplicant(  637): wlan0:    skip - SSID mismatch
02-03 10:46:26.381 D/wpa_supplicant(  637): wlan0: 3: 02:1a:11:f2:bf:af ssid='Android' wpa_ie_len=0 rsn_ie_len=20 caps=0x511 level=-54
02-03 10:46:26.381 D/wpa_supplicant(  637): wlan0:    skip - SSID mismatch
02-03 10:46:26.381 D/wpa_supplicant(  637): wlan0: 4: cc:34:29:2c:fb:ec ssid='linksys' wpa_ie_len=22 rsn_ie_len=20 caps=0x431 level=-54 wps
02-03 10:46:26.381 D/wpa_supplicant(  637): wlan0:    skip - SSID mismatch
02-03 10:46:26.381 D/wpa_supplicant(  637): wlan0: 5: cc:34:29:2b:26:4c ssid='cws-test' wpa_ie_len=0 rsn_ie_len=20 caps=0x431 level=-55 wps
02-03 10:46:26.381 D/wpa_supplicant(  637): wlan0:    skip - SSID mismatch
02-03 10:46:26.381 D/wpa_supplicant(  637): wlan0: 6: 10:c3:7b:d2:e5:e0 ssid='ASUS_RT-AC66U-2.4G' wpa_ie_len=0 rsn_ie_len=20 caps=0x411 level=-56 wps
02-03 10:46:26.381 D/wpa_supplicant(  637): wlan0:    skip - SSID mismatch
02-03 10:46:26.381 D/wpa_supplicant(  637): wlan0: 7: 98:fc:11:81:35:fb ssid='E2000E' wpa_ie_len=0 rsn_ie_len=20 caps=0x411 level=-59 wps
02-03 10:46:26.381 D/wpa_supplicant(  637): wlan0:    skip - SSID mismatch
02-03 10:46:26.381 D/wpa_supplicant(  637): wlan0: 8: 90:94:e4:03:45:f5 ssid='2553q' wpa_ie_len=0 rsn_ie_len=24 caps=0x431 level=-61
02-03 10:46:26.381 D/wpa_supplicant(  637): wlan0:    skip - SSID mismatch
02-03 10:46:26.381 D/wpa_supplicant(  637): wlan0: 9: b0:48:7a:51:ff:cc ssid='Neusoft TP' wpa_ie_len=22 rsn_ie_len=20 caps=0x431 level=-62 wps
02-03 10:46:26.381 D/wpa_supplicant(  637): wlan0:    skip - SSID mismatch
02-03 10:46:26.381 D/wpa_supplicant(  637): wlan0: 10: 02:1a:11:fc:c3:59 ssid='test only' wpa_ie_len=0 rsn_ie_len=20 caps=0x431 level=-62
02-03 10:46:26.381 D/wpa_supplicant(  637): wlan0:    skip - SSID mismatch
02-03 10:46:26.381 D/wpa_supplicant(  637): wlan0: 11: b0:48:7a:20:66:6a ssid='TP-LINK_20666A' wpa_ie_len=22 rsn_ie_len=20 caps=0x431 level=-64 wps
02-03 10:46:26.381 D/wpa_supplicant(  637): wlan0:    skip - SSID mismatch
02-03 10:46:26.381 D/wpa_supplicant(  637): wlan0: 12: 22:48:9a:ac:31:5b ssid='dean1' wpa_ie_len=0 rsn_ie_len=20 caps=0x431 level=-64
02-03 10:46:26.381 D/wpa_supplicant(  637): wlan0:    skip - SSID mismatch
02-03 10:46:26.381 D/wpa_supplicant(  637): wlan0: 13: 22:48:9a:ac:31:7f ssid='WiFi874' wpa_ie_len=0 rsn_ie_len=20 caps=0x431 level=-65
02-03 10:46:26.381 D/wpa_supplicant(  637): wlan0:    skip - SSID mismatch
02-03 10:46:26.381 D/wpa_supplicant(  637): wlan0: 14: 00:0f:e2:0f:9f:c1 ssid='321_WAN' wpa_ie_len=28 rsn_ie_len=24 caps=0x411 level=-68
02-03 10:46:26.381 D/wpa_supplicant(  637): wlan0:    skip - SSID mismatch
02-03 10:46:26.381 D/wpa_supplicant(  637): wlan0: 15: 74:e5:43:24:f4:5b ssid='Dttest' wpa_ie_len=0 rsn_ie_len=20 caps=0x31 level=-69
02-03 10:46:26.381 D/wpa_supplicant(  637): wlan0:    skip - SSID mismatch
02-03 10:46:26.381 D/wpa_supplicant(  637): wlan0: 16: 02:1a:11:f6:67:da ssid='love U forever' wpa_ie_len=0 rsn_ie_len=20 caps=0x431 level=-70
02-03 10:46:26.381 D/wpa_supplicant(  637): wlan0:    skip - SSID mismatch
02-03 10:46:26.381 D/wpa_supplicant(  637): wlan0: 17: 14:d6:4d:28:ef:c8 ssid='dlink' wpa_ie_len=0 rsn_ie_len=20 caps=0x31 level=-71 wps
02-03 10:46:26.381 D/wpa_supplicant(  637): wlan0:    skip - SSID mismatch
02-03 10:46:26.381 D/wpa_supplicant(  637): wlan0: 18: 44:94:fc:3d:da:38 ssid='6300' wpa_ie_len=0 rsn_ie_len=20 caps=0x411 level=-72 wps
02-03 10:46:26.381 D/wpa_supplicant(  637): wlan0:    skip - SSID mismatch
02-03 10:46:26.381 D/wpa_supplicant(  637): wlan0: 19: 80:1f:02:43:fb:e8 ssid='Edimax AP' wpa_ie_len=0 rsn_ie_len=20 caps=0x411 level=-75
02-03 10:46:26.381 D/wpa_supplicant(  637): wlan0:    skip - SSID mismatch
02-03 10:46:26.381 D/wpa_supplicant(  637): wlan0: 20: 1c:65:9d:e8:79:44 ssid='WiFi' wpa_ie_len=0 rsn_ie_len=20 caps=0x511 level=-76
02-03 10:46:26.381 D/wpa_supplicant(  637): wlan0:    skip - SSID mismatch
02-03 10:46:26.381 D/wpa_supplicant(  637): wlan0: 21: 02:09:4c:b9:0c:d6 ssid='DIRECT-' wpa_ie_len=0 rsn_ie_len=0 caps=0x410 level=-73
02-03 10:46:26.381 D/wpa_supplicant(  637): wlan0:    skip - SSID mismatch
02-03 10:46:26.381 D/wpa_supplicant(  637): wlan0: 22: 02:09:4c:68:45:82 ssid='DIRECT-' wpa_ie_len=0 rsn_ie_len=0 caps=0x410 level=-78
02-03 10:46:26.381 D/wpa_supplicant(  637): wlan0:    skip - SSID mismatch
02-03 10:46:26.381 D/wpa_supplicant(  637): wlan0: 23: 50:bd:5f:4b:29:92 ssid='Internet-2' wpa_ie_len=0 rsn_ie_len=0 caps=0x421 level=-65
02-03 10:46:26.381 D/wpa_supplicant(  637): wlan0:    skip - SSID mismatch
02-03 10:46:26.381 D/wpa_supplicant(  637): wlan0: 24: 4c:e6:76:a5:4d:e0 ssid='BUFFALO-A54DE0-1' wpa_ie_len=0 rsn_ie_len=0 caps=0x401 level=-78 wps
02-03 10:46:26.381 D/wpa_supplicant(  637): wlan0:    skip - SSID mismatch
02-03 10:46:26.381 D/wpa_supplicant(  637): wlan0: No suitable network found
02-03 10:46:26.381 D/wpa_supplicant(  637): wlan0: Setting scan request: 40 sec 0 usec
02-03 10:46:26.381 D/wpa_supplicant(  637): wlan0: Checking for other virtual interfaces sharing same radio (phy0) in event_scan_results
02-03 10:46:26.381 D/wpa_supplicant(  637): p2p-dev-wlan0: Updating scan results from sibling
02-03 10:46:26.381 D/wpa_supplicant(  637): nl80211: Received scan results (25 BSSes)
02-03 10:46:26.381 D/wpa_supplicant(  637): nl80211: Survey data missing
02-03 10:46:26.381 D/wpa_supplicant(  637): p2p-dev-wlan0: BSS: Start scan result update 90
02-03 10:46:26.381 D/wpa_supplicant(  637): BSS: No P2P IE - skipping BSS 6c:8b:2f:e9:d1:da update for P2P interface
02-03 10:46:26.381 D/wpa_supplicant(  637): BSS: No P2P IE - skipping BSS f8:d1:11:e7:99:e8 update for P2P interface
02-03 10:46:26.381 D/wpa_supplicant(  637): BSS: No P2P IE - skipping BSS 6c:8b:2f:e8:38:24 update for P2P interface
02-03 10:46:26.381 D/wpa_supplicant(  637): BSS: No P2P IE - skipping BSS 02:1a:11:f2:bf:af update for P2P interface
02-03 10:46:26.381 D/wpa_supplicant(  637): BSS: No P2P IE - skipping BSS cc:34:29:2c:fb:ec update for P2P interface
02-03 10:46:26.381 D/wpa_supplicant(  637): BSS: No P2P IE - skipping BSS cc:34:29:2b:26:4c update for P2P interface
02-03 10:46:26.381 D/wpa_supplicant(  637): BSS: No P2P IE - skipping BSS 10:c3:7b:d2:e5:e0 update for P2P interface
02-03 10:46:26.381 D/wpa_supplicant(  637): BSS: No P2P IE - skipping BSS 98:fc:11:81:35:fb update for P2P interface
02-03 10:46:26.381 D/wpa_supplicant(  637): BSS: No P2P IE - skipping BSS 90:94:e4:03:45:f5 update for P2P interface
02-03 10:46:26.381 D/wpa_supplicant(  637): BSS: No P2P IE - skipping BSS b0:48:7a:51:ff:cc update for P2P interface
02-03 10:46:26.381 D/wpa_supplicant(  637): BSS: No P2P IE - skipping BSS 02:1a:11:fc:c3:59 update for P2P interface
02-03 10:46:26.381 D/wpa_supplicant(  637): BSS: No P2P IE - skipping BSS b0:48:7a:20:66:6a update for P2P interface
02-03 10:46:26.381 D/wpa_supplicant(  637): BSS: No P2P IE - skipping BSS 22:48:9a:ac:31:5b update for P2P interface
02-03 10:46:26.381 D/wpa_supplicant(  637): BSS: No P2P IE - skipping BSS 22:48:9a:ac:31:7f update for P2P interface
02-03 10:46:26.381 D/wpa_supplicant(  637): BSS: No P2P IE - skipping BSS 00:0f:e2:0f:9f:c1 update for P2P interface
02-03 10:46:26.381 D/wpa_supplicant(  637): BSS: No P2P IE - skipping BSS 74:e5:43:24:f4:5b update for P2P interface
02-03 10:46:26.381 D/wpa_supplicant(  637): BSS: No P2P IE - skipping BSS 02:1a:11:f6:67:da update for P2P interface
02-03 10:46:26.381 D/wpa_supplicant(  637): BSS: No P2P IE - skipping BSS 14:d6:4d:28:ef:c8 update for P2P interface
02-03 10:46:26.381 D/wpa_supplicant(  637): BSS: No P2P IE - skipping BSS 44:94:fc:3d:da:38 update for P2P interface
02-03 10:46:26.381 D/wpa_supplicant(  637): BSS: No P2P IE - skipping BSS 80:1f:02:43:fb:e8 update for P2P interface
02-03 10:46:26.381 D/wpa_supplicant(  637): BSS: No P2P IE - skipping BSS 1c:65:9d:e8:79:44 update for P2P interface
02-03 10:46:26.381 D/wpa_supplicant(  637): BSS: No P2P IE - skipping BSS 02:09:4c:b9:0c:d6 update for P2P interface
02-03 10:46:26.381 D/wpa_supplicant(  637): BSS: No P2P IE - skipping BSS 02:09:4c:68:45:82 update for P2P interface
02-03 10:46:26.381 D/wpa_supplicant(  637): BSS: No P2P IE - skipping BSS 50:bd:5f:4b:29:92 update for P2P interface
02-03 10:46:26.381 D/wpa_supplicant(  637): BSS: No P2P IE - skipping BSS 4c:e6:76:a5:4d:e0 update for P2P interface
02-03 10:46:26.381 D/wpa_supplicant(  637): BSS: last_scan_res_used=0/32 last_scan_full=0
02-03 10:46:26.381 D/wpa_supplicant(  637): p2p-dev-wlan0: New scan results available
02-03 10:46:26.381 D/wpa_supplicant(  637): CTRL_IFACE monitor send - hexdump(len=39): 2f 64 61 74 61 2f 6d 69 73 63 2f 77 69 66 69 2f 73 6f 63 6b 65 74 73 2f 77 70 61 5f 63 74 72 6c ...
02-03 10:46:26.381 D/wpa_supplicant(  637): WPS: AP[0] f8:d1:11:e7:99:e8 type=0 tries=0 last_attempt=-1 sec ago blacklist=0
02-03 10:46:26.381 D/wpa_supplicant(  637): WPS: AP[1] 10:c3:7b:d2:e5:e0 type=0 tries=0 last_attempt=-1 sec ago blacklist=0
02-03 10:46:26.381 D/wpa_supplicant(  637): WPS: AP[2] cc:34:29:2b:26:4c type=0 tries=0 last_attempt=-1 sec ago blacklist=0
02-03 10:46:26.381 D/wpa_supplicant(  637): WPS: AP[3] b0:48:7a:20:66:6a type=0 tries=0 last_attempt=-1 sec ago blacklist=0
02-03 10:46:26.381 D/wpa_supplicant(  637): WPS: AP[4] 44:94:fc:3d:da:38 type=0 tries=0 last_attempt=-1 sec ago blacklist=0
02-03 10:46:26.381 D/wpa_supplicant(  637): WPS: AP[5] 98:fc:11:81:35:fb type=0 tries=0 last_attempt=-1 sec ago blacklist=0
02-03 10:46:26.381 D/wpa_supplicant(  637): WPS: AP[6] c0:c1:c0:76:81:3c type=0 tries=0 last_attempt=-1 sec ago blacklist=0
02-03 10:46:26.381 D/wpa_supplicant(  637): WPS: AP[7] 02:1e:67:80:2b:36 type=0 tries=0 last_attempt=-1 sec ago blacklist=0
02-03 10:46:26.381 D/wpa_supplicant(  637): WPS: AP[8] cc:34:29:2c:fb:ec type=0 tries=0 last_attempt=-1 sec ago blacklist=0
02-03 10:46:26.381 D/wpa_supplicant(  637): WPS: AP[9] 14:d6:4d:28:ef:c8 type=0 tries=0 last_attempt=-1 sec ago blacklist=0
02-03 10:46:26.381 D/wpa_supplicant(  637): WPS: AP[10] e4:d3:32:36:2e:54 type=0 tries=0 last_attempt=-1 sec ago blacklist=0
02-03 10:46:26.381 I/WifiHW  (  547): EVENT: IFNAME=p2p-dev-wlan0 CTRL-EVENT-SCAN-RESULTS 
02-03 10:46:26.381 D/wpa_supplicant(  637): WPS: AP[11] c0:a0:bb:20:3b:84 type=0 tries=0 last_attempt=-1 sec ago blacklist=0
02-03 10:46:26.381 D/wpa_supplicant(  637): WPS: AP[12] 4c:e6:76:a5:4d:e0 type=0 tries=0 last_attempt=-1 sec ago blacklist=0
02-03 10:46:26.381 D/wpa_supplicant(  637): WPS: AP[13] 2c:b0:5d:7f:f4:24 type=0 tries=0 last_attempt=-1 sec ago blacklist=0
02-03 10:46:26.381 D/wpa_supplicant(  637): WPS: AP[14] bc:ee:7b:97:78:35 type=0 tries=0 last_attempt=-1 sec ago blacklist=0
02-03 10:46:26.381 D/wpa_supplicant(  637): WPS: AP[15] b0:48:7a:51:ff:cc type=0 tries=0 last_attempt=-1 sec ago blacklist=0
02-03 10:46:26.381 D/wpa_supplicant(  637): WPS: AP[16] ac:f1:df:cf:85:c0 type=0 tries=0 last_attempt=-1 sec ago blacklist=0
02-03 10:46:26.381 D/wpa_supplicant(  637): WPS: AP[17] 02:13:20:ff:b4:e6 type=0 tries=0 last_attempt=-1 sec ago blacklist=0
02-03 10:46:26.381 D/wpa_supplicant(  637): p2p-dev-wlan0: No suitable network found
02-03 10:46:26.381 D/wpa_supplicant(  637): Do not scan on p2p management interface, return
02-03 10:46:26.381 D/wpa_supplicant(  637): wlan0: P2P: Station mode scan operation not pending anymore (sta_scan_pending=0 p2p_cb_on_scan_complete=0)
02-03 10:46:26.381 D/wpa_supplicant(  637): RX ctrl_iface - hexdump(len=25): 42 53 53 20 52 41 4e 47 45 3d 30 2d 20 4d 41 53 4b 3d 30 78 32 31 39 38 37
02-03 10:46:26.381 D/wpa_supplicant(  637): wlan0: Control interface command 'BSS RANGE=0- MASK=0x21987'
02-03 10:46:26.381 D/wpa_supplicant(  637): RTM_NEWLINK: operstate=0 ifi_flags=0x11003 ([UP][LOWER_UP])
02-03 10:46:26.381 D/wpa_supplicant(  637): RTM_NEWLINK, IFLA_IFNAME: Interface 'wlan0' added
02-03 10:46:26.381 D/wpa_supplicant(  637): nl80211: if_removed already cleared - ignore event
02-03 10:46:26.381 I/WifiHW  (  547): REPLY: id=191
02-03 10:46:26.381 I/WifiHW  (  547): REPLY: bssid=02:1a:11:f2:bf:af
02-03 10:46:26.381 I/WifiHW  (  547): REPLY: freq=2437
02-03 10:46:26.381 I/WifiHW  (  547): REPLY: level=-54
02-03 10:46:26.381 I/WifiHW  (  547): REPLY: tsf=0000005962592062
02-03 10:46:26.381 I/WifiHW  (  547): REPLY: flags=[WPA2-PSK-CCMP][ESS]
02-03 10:46:26.381 I/WifiHW  (  547): REPLY: ssid=Android
02-03 10:46:26.381 I/WifiHW  (  547): REPLY: ====
02-03 10:46:26.381 I/WifiHW  (  547): REPLY: id=192
02-03 10:46:26.381 I/WifiHW  (  547): REPLY: bssid=c8:d7:19:60:62:f2
02-03 10:46:26.381 I/WifiHW  (  547): REPLY: freq=2462
02-03 10:46:26.381 I/WifiHW  (  547): REPLY: level=-55
02-03 10:46:26.381 I/WifiHW  (  547): REPLY: tsf=0000005921396746
02-03 10:46:26.381 I/WifiHW  (  547): REPLY: flags=[WPA2-EAP-CCMP-preauth][ESS]
02-03 10:46:26.381 I/WifiHW  (  547): REPLY: ssid=E3000-2.4G
02-03 10:46:26.381 I/WifiHW  (  547): REPLY: ====
02-03 10:46:26.381 I/WifiHW  (  547): REPLY: id=193
02-03 10:46:26.381 I/WifiHW  (  547): REPLY: bssid=f8:d1:11:e7:99:e8
02-03 10:46:26.381 I/WifiHW  (  547): REPLY: freq=2437
02-03 10:46:26.381 I/WifiHW  (  547): REPLY: level=-46
02-03 10:46:26.381 I/WifiHW  (  547): REPLY: tsf=0000005962591995
02-03 10:46:26.381 I/WifiHW  (  547): REPLY: flags=[WPA-PSK-CCMP][WPA2-PSK-CCMP][WPS][ESS]
02-03 10:46:26.381 I/WifiHW  (  547): REPLY: ssid=videotest
02-03 10:46:26.381 I/WifiHW  (  547): REPLY: ====
02-03 10:46:26.381 I/WifiHW  (  547): REPLY: id=194
02-03 10:46:26.381 I/WifiHW  (  547): REPLY: bssid=cc:34:29:2b:26:4c
02-03 10:46:26.381 I/WifiHW  (  547): REPLY: freq=2462
02-03 10:46:26.381 I/WifiHW  (  547): REPLY: level=-55
02-03 10:46:26.381 I/WifiHW  (  547): REPLY: tsf=0000005962592107
02-03 10:46:26.381 I/WifiHW  (  547): REPLY: flags=[WPA2-PSK-CCMP][WPS][ESS]
02-03 10:46:26.381 I/WifiHW  (  547): REPLY: ssid=cws-test
02-03 10:46:26.381 I/WifiHW  (  547): REPLY: ====
02-03 10:46:26.381 I/WifiHW  (  547): REPLY: id=196
02-03 10:46:26.381 I/WifiHW  (  547): REPLY: bssid=10:c3:7b:d2:e5:e0
02-03 10:46:26.381 I/WifiHW  (  547): REPLY: freq=2462
02-03 10:46:26.381 I/WifiHW  (  547): REPLY: level=-56
02-03 10:46:26.381 I/WifiHW  (  547): REPLY: tsf=0000005962592089
02-03 10:46:26.381 I/WifiHW  (  547): REPLY: flags=[WPA2-PSK-CCMP][WPS][ESS]
02-03 10:46:26.381 I/WifiHW  (  547): REPLY: ssid=ASUS_RT-AC66U-2.4G
02-03 10:46:26.381 I/WifiHW  (  547): REPLY: ====
02-03 10:46:26.381 I/WifiHW  (  547): REPLY: id=198
02-03 10:46:26.381 I/WifiHW  (  547): REPLY: bssid=b0:48:7a:20:66:6a
02-03 10:46:26.381 I/WifiHW  (  547): REPLY: freq=2462
02-03 10:46:26.381 I/WifiHW  (  547): REPLY: level=-64
02-03 10:46:26.381 I/WifiHW  (  547): REPLY: tsf=0000005962592125
02-03 10:46:26.381 I/WifiHW  (  547): REPLY: flags=[WPA-PSK-CCMP][WPA2-PSK-CCMP][WPS][ESS]
02-03 10:46:26.381 I/WifiHW  (  547): REPLY: ssid=TP-LINK_20666A
02-03 10:46:26.381 I/WifiHW  (  547): REPLY: ====
02-03 10:46:26.381 I/WifiHW  (  547): REPLY: id=199
02-03 10:46:26.381 I/WifiHW  (  547): REPLY: bssid=44:94:fc:3d:da:38
02-03 10:46:26.381 I/WifiHW  (  547): REPLY: freq=2462
02-03 10:46:26.381 I/WifiHW  (  547): REPLY: level=-72
02-03 10:46:26.381 I/WifiHW  (  547): REPLY: tsf=0000005962592116
02-03 10:46:26.381 I/WifiHW  (  547): REPLY: flags=[WPA2-PSK-CCMP][WPS][ESS]
02-03 10:46:26.381 I/WifiHW  (  547): REPLY: ssid=6300
02-03 10:46:26.381 I/WifiHW  (  547): REPLY: ====
02-03 10:46:26.381 I/WifiHW  (  547): REPLY: id=217
02-03 10:46:26.381 I/WifiHW  (  547): REPLY: bssid=6c:8b:2f:e9:d1:da
02-03 10:46:26.381 I/WifiHW  (  547): REPLY: freq=2437
02-03 10:46:26.381 I/WifiHW  (  547): REPLY: level=-46
02-03 10:46:26.381 I/WifiHW  (  547): REPLY: tsf=0000005962591970
02-03 10:46:26.381 I/WifiHW  (  547): REPLY: flags=[WPA2-PSK-CCMP][ESS]
02-03 10:46:26.381 I/WifiHW  (  547): REPLY: ssid=ZTE_AP_1640
02-03 10:46:26.381 I/WifiHW  (  547): REPLY: ====
02-03 10:46:26.381 I/WifiHW  (  547): REPLY: id=220
02-03 10:46:26.381 I/WifiHW  (  547): REPLY: bssid=cc:34:29:2c:fb:ec
02-03 10:46:26.381 I/WifiHW  (  547): REPLY: freq=2412
02-03 10:46:26.381 I/WifiHW  (  547): REPLY: level=-54
02-03 10:46:26.381 I/WifiHW  (  547): REPLY: tsf=0000005962591915
02-03 10:46:26.381 I/WifiHW  (  547): REPLY: flags=[WPA-PSK-CCMP][WPA2-PSK-CCMP][WPS][ESS]
02-03 10:46:26.381 I/WifiHW  (  547): REPLY: ssid=linksys
02-03 10:46:26.381 I/WifiHW  (  547): REPLY: ====
02-03 10:46:26.381 I/WifiHW  (  547): REPLY: id=237
02-03 10:46:26.381 I/WifiHW  (  547): REPLY: bssid=6c:8b:2f:e8:38:24
02-03 10:46:26.381 I/WifiHW  (  547): REPLY: freq=2437
02-03 10:46:26.381 I/WifiHW  (  547): REPLY: level=-50
02-03 10:46:26.381 I/WifiHW  (  547): REPLY: tsf=0000005962591978
02-03 10:46:26.381 I/WifiHW  (  547): REPLY: flags=[WPA2-PSK-CCMP][ESS]
02-03 10:46:26.381 I/WifiHW  (  547): REPLY: ssid=ZTE_AP_6703
02-03 10:46:26.381 I/WifiHW  (  547): REPLY: ====
02-03 10:46:26.381 I/WifiHW  (  547): REPLY: id=254
02-03 10:46:26.381 I/WifiHW  (  547): REPLY: bssid=80:1f:02:43:fb:e8
02-03 10:46:26.381 I/WifiHW  (  547): REPLY: freq=2412
02-03 10:46:26.381 I/WifiHW  (  547): REPLY: level=-75
02-03 10:46:26.381 I/WifiHW  (  547): REPLY: tsf=0000005962591952
02-03 10:46:26.381 I/WifiHW  (  547): REPLY: flags=[WPA2-PSK-CCMP-preauth][ESS]
02-03 10:46:26.381 I/WifiHW  (  547): REPLY: ssid=Edimax AP
02-03 10:46:26.381 I/WifiHW  (  547): REPLY: ====
02-03 10:46:26.381 I/WifiHW  (  547): REPLY: id=268
02-03 10:46:26.381 I/WifiHW  (  547): REPLY: bssid=90:94:e4:03:45:f5
02-03 10:46:26.381 I/WifiHW  (  547): REPLY: freq=2422
02-03 10:46:26.381 I/WifiHW  (  547): REPLY: level=-61
02-03 10:46:26.381 I/WifiHW  (  547): REPLY: tsf=0000005962591961
02-03 10:46:26.381 I/WifiHW  (  547): REPLY: flags=[WPA2-PSK-CCMP+TKIP][ESS]
02-03 10:46:26.381 I/WifiHW  (  547): REPLY: ssid=2553q
02-03 10:46:26.381 I/WifiHW  (  547): REPLY: ====
02-03 10:46:26.381 I/WifiHW  (  547): REPLY: id=290
02-03 10:46:26.381 I/WifiHW  (  547): REPLY: bssid=00:0f:e2:0f:9f:c1
02-03 10:46:26.381 I/WifiHW  (  547): REPLY: freq=2462
02-03 10:46:26.381 I/WifiHW  (  547): REPLY: level=-68
02-03 10:46:26.381 I/WifiHW  (  547): REPLY: tsf=0000005962592098
02-03 10:46:26.381 I/WifiHW  (  547): REPLY: flags=[WPA-PSK-CCMP+TKIP][WPA2-PSK-CCMP+TKIP][ESS]
02-03 10:46:26.381 I/WifiHW  (  547): REPLY: ssid=321_WAN
02-03 10:46:26.381 I/WifiHW  (  547): REPLY: ====
02-03 10:46:26.381 I/WifiHW  (  547): REPLY: id=336
02-03 10:46:26.381 I/WifiHW  (  547): REPLY: bssid=c0:c1:c0:76:81:3c
02-03 10:46:26.381 I/WifiHW  (  547): REPLY: freq=2437
02-03 10:46:26.381 I/WifiHW  (  547): REPLY: level=-67
02-03 10:46:26.381 I/WifiHW  (  547): REPLY: tsf=0000005921396723
02-03 10:46:26.381 I/WifiHW  (  547): REPLY: flags=[WPA2-PSK-CCMP][WPS][ESS]
02-03 10:46:26.381 I/WifiHW  (  547): REPLY: ssid=E2000
02-03 10:46:26.381 I/WifiHW  (  547): REPLY: ====
02-03 10:46:26.381 I/WifiHW  (  547): REPLY: id=343
02-03 10:46:26.381 I/WifiHW  (  547): REPLY: bssid=98:fc:11:81:35:fb
02-03 10:46:26.381 I/WifiHW  (  547): REPLY: freq=2412
02-03 10:46:26.381 I/WifiHW  (  547): REPLY: level=-59
02-03 10:46:26.381 I/WifiHW  (  547): REPLY: tsf=0000005962591934
02-03 10:46:26.381 I/WifiHW  (  547): REPLY: flags=[WPA2-PSK-CCMP][WPS][ESS]
02-03 10:46:26.381 I/WifiHW  (  547): REPLY: ssid=E2000E
02-03 10:46:26.381 I/WifiHW  (  547): REPLY: ====
02-03 10:46:26.381 I/WifiHW  (  547): REPLY: id=353
02-03 10:46:26.381 I/WifiHW  (  547): REPLY: bssid=02:1a:11:fc:c3:59
02-03 10:46:26.381 I/WifiHW  (  547): REPLY: freq=2437
02-03 10:46:26.381 I/WifiHW  (  547): REPLY: level=-62
02-03 10:46:26.381 I/WifiHW  (  547): REPLY: tsf=0000005962592013
02-03 10:46:26.381 I/WifiHW  (  547): REPLY: flags=[WPA2-PSK-CCMP][ESS]
02-03 10:46:26.381 I/WifiHW  (  547): REPLY: ssid=test only
02-03 10:46:26.381 I/WifiHW  (  547): REPLY: ====
02-03 10:46:26.381 I/WifiHW  (  547): REPLY: id=366
02-03 10:46:26.381 I/WifiHW  (  547): REPLY: bssid=50:bd:5f:4b:29:92
02-03 10:46:26.381 I/WifiHW  (  547): REPLY: freq=2437
02-03 10:46:26.381 I/WifiHW  (  547): REPLY: level=-65
02-03 10:46:26.381 I/WifiHW  (  547): REPLY: tsf=0000005962592030
02-03 10:46:26.381 I/WifiHW  (  547): REPLY: flags=[ESS]
02-03 10:46:26.381 I/WifiHW  (  547): REPLY: ssid=Internet-2
02-03 10:46:26.381 I/WifiHW  (  547): REPLY: ====
02-03 10:46:26.381 I/WifiHW  (  547): REPLY: id=401
02-03 10:46:26.381 I/WifiHW  (  547): REPLY: bssid=74:e5:43:24:f4:5b
02-03 10:46:26.381 I/WifiHW  (  547): REPLY: freq=2412
02-03 10:46:26.381 I/WifiHW  (  547): REPLY: level=-69
02-03 10:46:26.381 I/WifiHW  (  547): REPLY: tsf=0000005962591943
02-03 10:46:26.381 I/WifiHW  (  547): REPLY: flags=[WPA2-PSK-CCMP][ESS]
02-03 10:46:26.381 I/WifiHW  (  547): REPLY: ssid=Dttest
02-03 10:46:26.381 I/WifiHW  (  547): REPLY: ====
02-03 10:46:26.381 I/WifiHW  (  547): REPLY: id=412
02-03 10:46:26.381 I/WifiHW  (  547): REPLY: bssid=2c:b0:5d:7f:f4:24
02-03 10:46:26.381 I/WifiHW  (  547): REPLY: freq=2437
02-03 10:46:26.381 I/WifiHW  (  547): REPLY: level=-68
02-03 10:46:26.381 I/WifiHW  (  547): REPLY: tsf=0000005921396725
02-03 10:46:26.381 I/WifiHW  (  547): REPLY: flags=[WPA2-PSK-CCMP][WPS][ESS]
02-03 10:46:26.381 I/WifiHW  (  547): REPLY: ssid=NETGEAR38
02-03 10:46:26.381 I/WifiHW  (  547): REPLY: ====
02-03 10:46:26.381 I/WifiHW  (  547): REPLY: id=415
02-03 10:46:26.381 I/WifiHW  (  547): REPLY: bssid=14:d6:4d:28:ef:c8
02-03 10:46:26.381 I/WifiHW  (  547): REPLY: freq=2437
02-03 10:46:26.381 I/WifiHW  (  547): REPLY: level=-71
02-03 10:46:26.381 I/WifiHW  (  547): REPLY: tsf=0000005962592040
02-03 10:46:26.381 I/WifiHW  (  547): REPLY: flags=[WPA2-PSK-CCMP][WPS][ESS]
02-03 10:46:26.381 I/WifiHW  (  547): REPLY: ssid=dlink
02-03 10:46:26.381 I/WifiHW  (  547): REPLY: ====
02-03 10:46:26.381 I/WifiHW  (  547): REPLY: id=417
02-03 10:46:26.381 I/WifiHW  (  547): REPLY: bssid=02:09:4c:b9:0c:d6
02-03 10:46:26.381 I/WifiHW  (  547): REPLY: freq=2412
02-03 10:46:26.381 I/WifiHW  (  547): REPLY: level=-73
02-03 10:46:26.381 I/WifiHW  (  547): REPLY: tsf=0000005962591926
02-03 10:46:26.381 I/WifiHW  (  547): REPLY: flags=[WEP]
02-03 10:46:26.381 I/WifiHW  (  547): REPLY: ssid=DIRECT-
02-03 10:46:26.381 I/WifiHW  (  547): REPLY: ====
02-03 10:46:26.381 I/WifiHW  (  547): REPLY: id=423
02-03 10:46:26.381 I/WifiHW  (  547): REPLY: bssid=e4:d3:32:dd:18:62
02-03 10:46:26.381 I/WifiHW  (  547): REPLY: freq=2437
02-03 10:46:26.381 I/WifiHW  (  547): REPLY: level=-70
02-03 10:46:26.381 I/WifiHW  (  547): REPLY: tsf=0000005921396733
02-03 10:46:26.381 I/WifiHW  (  547): REPLY: flags=[ESS]
02-03 10:46:26.381 I/WifiHW  (  547): REPLY: ssid=Internet
02-03 10:46:26.381 I/WifiHW  (  547): REPLY: ====
02-03 10:46:26.381 I/WifiHW  (  547): REPLY: id=424
02-03 10:46:26.381 I/WifiHW  (  547): REPLY: bssid=4c:e6:76:a5:4d:e2
02-03 10:46:26.381 I/WifiHW  (  547): REPLY: freq=2462
02-03 10:46:26.381 I/WifiHW  (  547): REPLY: level=-79
02-03 10:46:26.381 I/WifiHW  (  547): REPLY: tsf=0000005921396748
02-03 10:46:26.381 I/WifiHW  (  547): REPLY: flags=[ESS]
02-03 10:46:26.381 I/WifiHW  (  547): REPLY: ssid=BUFFALO-A54DE0
02-03 10:46:26.381 I/WifiHW  (  547): REPLY: ====
02-03 10:46:26.381 I/WifiHW  (  547): REPLY: id=425
02-03 10:46:26.381 I/WifiHW  (  547): REPLY: bssid=b0:48:7a:51:ff:cc
02-03 10:46:26.381 I/WifiHW  (  547): REPLY: freq=2427
02-03 10:46:26.381 I/WifiHW  (  547): REPLY: level=-62
02-03 10:46:26.381 I/WifiHW  (  547): REPLY: tsf=0000005962591986
02-03 10:46:26.381 I/WifiHW  (  547): REPLY: flags=[WPA-PSK-CCMP][WPA2-PSK-CCMP][WPS][ESS]
02-03 10:46:26.381 I/WifiHW  (  547): REPLY: ssid=Neusoft TP
02-03 10:46:26.381 I/WifiHW  (  547): REPLY: ====
02-03 10:46:26.381 I/WifiHW  (  547): REPLY: id=426
02-03 10:46:26.381 I/WifiHW  (  547): REPLY: bssid=22:48:9a:ac:31:5b
02-03 10:46:26.381 I/WifiHW  (  547): REPLY: freq=2437
02-03 10:46:26.381 I/WifiHW  (  547): REPLY: level=-64
02-03 10:46:26.381 I/WifiHW  (  547): REPLY: tsf=0000005962592070
02-03 10:46:26.381 I/WifiHW  (  547): REPLY: flags=[WPA2-PSK-CCMP][ESS]
02-03 10:46:26.381 I/WifiHW  (  547): REPLY: ssid=dean1
02-03 10:46:26.381 I/WifiHW  (  547): REPLY: ====
02-03 10:46:26.381 I/WifiHW  (  547): REPLY: id=427
02-03 10:46:26.381 I/WifiHW  (  547): REPLY: bssid=22:48:9a:ac:31:7f
02-03 10:46:26.381 I/WifiHW  (  547): REPLY: freq=2437
02-03 10:46:26.381 I/WifiHW  (  547): REPLY: level=-65
02-03 10:46:26.381 I/WifiHW  (  547): REPLY: tsf=0000005962592080
02-03 10:46:26.381 I/WifiHW  (  547): REPLY: flags=[WPA2-PSK-CCMP][ESS]
02-03 10:46:26.381 I/WifiHW  (  547): REPLY: ssid=WiFi874
02-03 10:46:26.381 I/WifiHW  (  547): REPLY: ====
02-03 10:46:26.381 I/WifiHW  (  547): REPLY: id=428
02-03 10:46:26.381 I/WifiHW  (  547): REPLY: bssid=02:1a:11:f6:67:da
02-03 10:46:26.381 I/WifiHW  (  547): REPLY: freq=2437
02-03 10:46:26.381 I/WifiHW  (  547): REPLY: level=-70
02-03 10:46:26.381 I/WifiHW  (  547): REPLY: tsf=0000005962592004
02-03 10:46:26.381 I/WifiHW  (  547): REPLY: flags=[WPA2-PSK-CCMP][ESS]
02-03 10:46:26.381 I/WifiHW  (  547): REPLY: ssid=love U forever
02-03 10:46:26.381 I/WifiHW  (  547): REPLY: ====
02-03 10:46:26.381 I/WifiHW  (  547): REPLY: id=429
02-03 10:46:26.381 I/WifiHW  (  547): REPLY: bssid=1c:65:9d:e8:79:44
02-03 10:46:26.381 I/WifiHW  (  547): REPLY: freq=2437
02-03 10:46:26.381 I/WifiHW  (  547): REPLY: level=-76
02-03 10:46:26.381 I/WifiHW  (  547): REPLY: tsf=0000005962592021
02-03 10:46:26.381 I/WifiHW  (  547): REPLY: flags=[WPA2-PSK-CCMP][ESS]
02-03 10:46:26.381 I/WifiHW  (  547): REPLY: ssid=WiFi
02-03 10:46:26.381 I/WifiHW  (  547): REPLY: ====
02-03 10:46:26.381 I/WifiHW  (  547): REPLY: id=430
02-03 10:46:26.381 I/WifiHW  (  547): REPLY: bssid=02:09:4c:68:45:82
02-03 10:46:26.381 I/WifiHW  (  547): REPLY: freq=2412
02-03 10:46:26.381 I/WifiHW  (  547): REPLY: level=-78
02-03 10:46:26.381 I/WifiHW  (  547): REPLY: tsf=0000005962592052
02-03 10:46:26.381 I/WifiHW  (  547): REPLY: flags=[WEP]
02-03 10:46:26.381 I/WifiHW  (  547): REPLY: ssid=DIRECT-
02-03 10:46:26.381 I/WifiHW  (  547): REPLY: ====
02-03 10:46:26.381 I/WifiHW  (  547): REPLY: id=431
02-03 10:46:26.381 I/WifiHW  (  547): REPLY: bssid=4c:e6:76:a5:4d:e0
02-03 10:46:26.381 I/WifiHW  (  547): REPLY: freq=2462
02-03 10:46:26.381 I/WifiHW  (  547): REPLY: level=-78
02-03 10:46:26.381 I/WifiHW  (  547): REPLY: tsf=0000005962592134
02-03 10:46:26.381 I/WifiHW  (  547): REPLY: flags=[WPS][ESS]
02-03 10:46:26.381 I/WifiHW  (  547): REPLY: ssid=BUFFALO-A54DE0-1
02-03 10:46:26.381 I/WifiHW  (  547): REPLY: ####
02-03 10:46:28.841 D/dalvikvm( 2070): GC_CONCURRENT freed 7086K, 49% free 7683K/14836K, paused 1ms+1ms, total 19ms
02-03 10:46:28.841 D/dalvikvm( 2070): WAIT_FOR_CONCURRENT_GC blocked 18ms
02-03 10:46:28.851 D/dalvikvm( 2070): GC_CONCURRENT freed 3962K, 35% free 7794K/11864K, paused 1ms+1ms, total 4ms
02-03 10:46:28.851 D/dalvikvm( 2070): WAIT_FOR_CONCURRENT_GC blocked 3ms
02-03 10:46:28.861 D/dalvikvm( 2070): GC_FOR_ALLOC freed 3366K, 36% free 7723K/11920K, paused 3ms, total 3ms
02-03 10:46:28.861 D/dalvikvm( 2070): GC_FOR_ALLOC freed 3197K, 35% free 7776K/11920K, paused 2ms, total 2ms
02-03 10:46:28.871 D/dalvikvm( 2070): GC_FOR_ALLOC freed 3061K, 36% free 7743K/11920K, paused 2ms, total 2ms
02-03 10:46:28.871 D/dalvikvm( 2070): GC_FOR_ALLOC freed 2882K, 36% free 7725K/11920K, paused 2ms, total 3ms
02-03 10:46:28.881 D/dalvikvm( 2070): GC_FOR_ALLOC freed 2876K, 35% free 7758K/11920K, paused 3ms, total 3ms
02-03 10:46:28.881 D/dalvikvm( 2070): GC_FOR_ALLOC freed 2803K, 35% free 7764K/11920K, paused 3ms, total 3ms
02-03 10:46:28.891 D/dalvikvm( 2070): GC_FOR_ALLOC freed 2443K, 36% free 7736K/11920K, paused 3ms, total 3ms
02-03 10:46:28.891 D/dalvikvm( 2070): GC_FOR_ALLOC freed 2458K, 35% free 7843K/11920K, paused 2ms, total 2ms
02-03 10:46:28.901 D/dalvikvm( 2070): GC_FOR_ALLOC freed 2496K, 35% free 7778K/11920K, paused 3ms, total 3ms
02-03 10:46:28.901 D/dalvikvm( 2070): GC_FOR_ALLOC freed 2525K, 36% free 7745K/11920K, paused 3ms, total 3ms
02-03 10:46:28.911 D/dalvikvm( 2070): GC_FOR_ALLOC freed 2427K, 35% free 7748K/11920K, paused 3ms, total 3ms
02-03 10:46:28.911 D/dalvikvm( 2070): GC_FOR_ALLOC freed 2229K, 35% free 7750K/11920K, paused 2ms, total 2ms
02-03 10:46:28.921 D/dalvikvm( 2070): GC_FOR_ALLOC freed 2299K, 35% free 7753K/11920K, paused 2ms, total 3ms
02-03 10:46:28.921 D/dalvikvm( 2070): GC_FOR_ALLOC freed 2155K, 35% free 7797K/11920K, paused 3ms, total 3ms
02-03 10:46:28.931 D/dalvikvm( 2070): GC_FOR_ALLOC freed 2123K, 34% free 7888K/11920K, paused 3ms, total 3ms
02-03 10:46:28.931 D/dalvikvm( 2070): GC_FOR_ALLOC freed 2399K, 35% free 7760K/11920K, paused 2ms, total 2ms
02-03 10:46:28.931 D/dalvikvm( 2070): GC_FOR_ALLOC freed 2231K, 35% free 7762K/11920K, paused 2ms, total 2ms
02-03 10:46:28.941 D/dalvikvm( 2070): GC_FOR_ALLOC freed 2282K, 35% free 7764K/11920K, paused 2ms, total 3ms
02-03 10:46:28.941 D/dalvikvm( 2070): GC_FOR_ALLOC freed 2092K, 34% free 7909K/11920K, paused 3ms, total 3ms
02-03 10:46:28.951 D/dalvikvm( 2070): GC_FOR_ALLOC freed 2281K, 36% free 7768K/12020K, paused 2ms, total 2ms
02-03 10:46:28.951 D/dalvikvm( 2070): GC_FOR_ALLOC freed 2178K, 35% free 7918K/12020K, paused 2ms, total 2ms
02-03 10:46:28.961 D/dalvikvm( 2070): GC_FOR_ALLOC freed 2118K, 35% free 7923K/12020K, paused 2ms, total 3ms
02-03 10:46:28.961 D/dalvikvm( 2070): GC_FOR_ALLOC freed 2052K, 36% free 7773K/12020K, paused 3ms, total 3ms
02-03 10:46:28.961 D/dalvikvm( 2070): GC_FOR_ALLOC freed 1928K, 35% free 7931K/12020K, paused 2ms, total 2ms
02-03 10:46:28.971 D/dalvikvm( 2070): GC_FOR_ALLOC freed 2118K, 36% free 7776K/12020K, paused 3ms, total 3ms
02-03 10:46:28.971 D/dalvikvm( 2070): GC_FOR_ALLOC freed 1989K, 34% free 7939K/12020K, paused 2ms, total 2ms
02-03 10:46:28.981 D/dalvikvm( 2070): GC_FOR_ALLOC freed 2184K, 36% free 7780K/12020K, paused 2ms, total 3ms
02-03 10:46:28.981 D/dalvikvm( 2070): GC_FOR_ALLOC freed 2050K, 34% free 7947K/12020K, paused 3ms, total 3ms
02-03 10:46:28.991 D/dalvikvm( 2070): GC_FOR_ALLOC freed 1966K, 34% free 7951K/12020K, paused 3ms, total 3ms
02-03 10:46:28.991 D/dalvikvm( 2070): GC_FOR_ALLOC freed 1992K, 34% free 7955K/12020K, paused 3ms, total 4ms
02-03 10:46:29.001 D/dalvikvm( 2070): GC_FOR_ALLOC freed 2018K, 35% free 7843K/12020K, paused 3ms, total 3ms
02-03 10:46:29.001 D/dalvikvm( 2070): GC_FOR_ALLOC freed 1633K, 34% free 7962K/12020K, paused 2ms, total 2ms
02-03 10:46:29.011 D/dalvikvm( 2070): GC_FOR_ALLOC freed 1650K, 34% free 7965K/12020K, paused 2ms, total 2ms
02-03 10:46:29.011 D/dalvikvm( 2070): GC_FOR_ALLOC freed 1667K, 34% free 7968K/12020K, paused 2ms, total 2ms
02-03 10:46:29.011 D/dalvikvm( 2070): GC_FOR_ALLOC freed 1684K, 34% free 7971K/12020K, paused 2ms, total 2ms
02-03 10:46:29.021 D/dalvikvm( 2070): GC_FOR_ALLOC freed 1700K, 34% free 7974K/12020K, paused 3ms, total 3ms
02-03 10:46:29.021 D/dalvikvm( 2070): GC_FOR_ALLOC freed 1717K, 34% free 7977K/12020K, paused 3ms, total 3ms
02-03 10:46:29.021 D/dalvikvm( 2070): GC_FOR_ALLOC freed 1734K, 34% free 7980K/12020K, paused 2ms, total 2ms
02-03 10:46:29.031 D/dalvikvm( 2070): GC_FOR_ALLOC freed 1750K, 34% free 7982K/12020K, paused 2ms, total 2ms
02-03 10:46:29.031 D/dalvikvm( 2070): GC_FOR_ALLOC freed 1767K, 34% free 7985K/12020K, paused 3ms, total 3ms
02-03 10:46:29.041 D/dalvikvm( 2070): GC_FOR_ALLOC freed 1784K, 35% free 7861K/12020K, paused 2ms, total 2ms
02-03 10:46:29.041 D/dalvikvm( 2070): GC_FOR_ALLOC freed 1801K, 35% free 7863K/12020K, paused 2ms, total 2ms
02-03 10:46:29.041 D/dalvikvm( 2070): GC_FOR_ALLOC freed 1817K, 35% free 7864K/12020K, paused 2ms, total 2ms
02-03 10:46:29.051 D/dalvikvm( 2070): GC_FOR_ALLOC freed 1834K, 35% free 7866K/12020K, paused 3ms, total 3ms
02-03 10:46:29.051 D/dalvikvm( 2070): GC_FOR_ALLOC freed 1718K, 36% free 7802K/12020K, paused 3ms, total 3ms
02-03 10:46:29.061 D/dalvikvm( 2070): GC_FOR_ALLOC freed 1531K, 34% free 8003K/12020K, paused 3ms, total 3ms
02-03 10:46:29.061 D/dalvikvm( 2070): GC_FOR_ALLOC freed 1408K, 34% free 8005K/12020K, paused 3ms, total 3ms
02-03 10:46:29.061 D/dalvikvm( 2070): GC_FOR_ALLOC freed 1418K, 34% free 8007K/12020K, paused 2ms, total 2ms
02-03 10:46:29.071 D/dalvikvm( 2070): GC_FOR_ALLOC freed 1427K, 34% free 8009K/12020K, paused 3ms, total 3ms
02-03 10:46:29.071 D/dalvikvm( 2070): GC_FOR_ALLOC freed 1437K, 34% free 8012K/12020K, paused 2ms, total 2ms
02-03 10:46:29.081 D/dalvikvm( 2070): GC_FOR_ALLOC freed 1446K, 34% free 8014K/12020K, paused 2ms, total 2ms
02-03 10:46:29.081 D/dalvikvm( 2070): GC_FOR_ALLOC freed 1456K, 34% free 8016K/12020K, paused 3ms, total 3ms
02-03 10:46:29.081 D/dalvikvm( 2070): GC_FOR_ALLOC freed 1815K, 36% free 7810K/12160K, paused 2ms, total 2ms
02-03 10:46:29.091 D/dalvikvm( 2070): GC_FOR_ALLOC freed 1971K, 36% free 7811K/12160K, paused 2ms, total 2ms
02-03 10:46:29.091 D/dalvikvm( 2070): GC_FOR_ALLOC freed 1988K, 36% free 7812K/12160K, paused 2ms, total 2ms
02-03 10:46:29.091 D/dalvikvm( 2070): GC_FOR_ALLOC freed 2004K, 36% free 7813K/12160K, paused 2ms, total 2ms
02-03 10:46:29.101 D/dalvikvm( 2070): GC_FOR_ALLOC freed 2021K, 36% free 7815K/12160K, paused 2ms, total 2ms
02-03 10:46:29.101 D/dalvikvm( 2070): GC_FOR_ALLOC freed 1672K, 34% free 8033K/12160K, paused 3ms, total 3ms
02-03 10:46:29.111 D/dalvikvm( 2070): GC_FOR_ALLOC freed 1905K, 36% free 7817K/12160K, paused 3ms, total 3ms
02-03 10:46:29.111 D/dalvikvm( 2070): GC_FOR_ALLOC freed 1696K, 36% free 7891K/12160K, paused 2ms, total 2ms
02-03 10:46:29.111 D/dalvikvm( 2070): GC_FOR_ALLOC freed 1559K, 34% free 8041K/12160K, paused 3ms, total 3ms
02-03 10:46:29.121 D/dalvikvm( 2070): GC_FOR_ALLOC freed 1568K, 34% free 8043K/12160K, paused 2ms, total 2ms
02-03 10:46:29.121 D/dalvikvm( 2070): GC_FOR_ALLOC freed 1578K, 34% free 8045K/12160K, paused 3ms, total 3ms
02-03 10:46:29.121 D/dalvikvm( 2070): GC_FOR_ALLOC freed 1587K, 36% free 7896K/12160K, paused 2ms, total 2ms
02-03 10:46:29.131 D/dalvikvm( 2070): GC_FOR_ALLOC freed 1597K, 36% free 7898K/12160K, paused 2ms, total 2ms
02-03 10:46:29.131 D/dalvikvm( 2070): GC_FOR_ALLOC freed 1606K, 36% free 7899K/12160K, paused 3ms, total 3ms
02-03 10:46:29.141 D/dalvikvm( 2070): GC_FOR_ALLOC freed 1615K, 36% free 7900K/12160K, paused 3ms, total 3ms
02-03 10:46:29.141 D/dalvikvm( 2070): GC_FOR_ALLOC freed 1625K, 36% free 7902K/12160K, paused 2ms, total 2ms
02-03 10:46:29.141 D/dalvikvm( 2070): GC_FOR_ALLOC freed 1634K, 36% free 7903K/12160K, paused 2ms, total 2ms
02-03 10:46:29.151 D/dalvikvm( 2070): GC_FOR_ALLOC freed 1644K, 35% free 7904K/12160K, paused 3ms, total 3ms
02-03 10:46:29.151 D/dalvikvm( 2070): GC_FOR_ALLOC freed 1653K, 35% free 7906K/12160K, paused 2ms, total 2ms
02-03 10:46:29.161 D/dalvikvm( 2070): GC_FOR_ALLOC freed 1663K, 35% free 7907K/12160K, paused 2ms, total 2ms
02-03 10:46:29.161 D/dalvikvm( 2070): GC_FOR_ALLOC freed 1672K, 35% free 7908K/12160K, paused 2ms, total 2ms
02-03 10:46:29.171 D/dalvikvm( 2070): GC_FOR_ALLOC freed 1682K, 35% free 7910K/12160K, paused 2ms, total 2ms
02-03 10:46:29.171 D/dalvikvm( 2070): GC_FOR_ALLOC freed 1693K, 35% free 7911K/12160K, paused 3ms, total 3ms
02-03 10:46:29.171 D/dalvikvm( 2070): GC_FOR_ALLOC freed 1702K, 35% free 7913K/12160K, paused 2ms, total 2ms
02-03 10:46:29.181 D/dalvikvm( 2070): GC_FOR_ALLOC freed 1712K, 35% free 7914K/12160K, paused 2ms, total 2ms
02-03 10:46:29.181 D/dalvikvm( 2070): GC_FOR_ALLOC freed 1722K, 35% free 7916K/12160K, paused 2ms, total 2ms
02-03 10:46:29.181 D/dalvikvm( 2070): GC_FOR_ALLOC freed 1732K, 35% free 7917K/12160K, paused 2ms, total 2ms
02-03 10:46:29.191 D/dalvikvm( 2070): GC_FOR_ALLOC freed 1741K, 35% free 7918K/12160K, paused 2ms, total 2ms
02-03 10:46:29.191 D/dalvikvm( 2070): GC_FOR_ALLOC freed 1585K, 36% free 7837K/12160K, paused 2ms, total 2ms
02-03 10:46:29.191 D/dalvikvm( 2070): GC_FOR_ALLOC freed 1761K, 36% free 7838K/12160K, paused 2ms, total 2ms
02-03 10:46:29.201 D/dalvikvm( 2070): GC_FOR_ALLOC freed 1771K, 36% free 7839K/12160K, paused 2ms, total 2ms
02-03 10:46:29.201 D/dalvikvm( 2070): GC_FOR_ALLOC freed 1780K, 36% free 7840K/12160K, paused 3ms, total 3ms
02-03 10:46:29.211 D/dalvikvm( 2070): GC_FOR_ALLOC freed 1789K, 36% free 7841K/12160K, paused 3ms, total 3ms
02-03 10:46:29.211 D/dalvikvm( 2070): GC_FOR_ALLOC freed 1799K, 36% free 7841K/12160K, paused 2ms, total 3ms
02-03 10:46:29.221 D/dalvikvm( 2070): GC_FOR_ALLOC freed 1808K, 36% free 7842K/12160K, paused 3ms, total 3ms
02-03 10:46:29.221 D/dalvikvm( 2070): GC_FOR_ALLOC freed 1818K, 36% free 7843K/12160K, paused 3ms, total 3ms
02-03 10:46:29.221 D/dalvikvm( 2070): GC_FOR_ALLOC freed 1827K, 36% free 7844K/12160K, paused 2ms, total 2ms
02-03 10:46:29.231 D/dalvikvm( 2070): GC_FOR_ALLOC freed 1837K, 36% free 7845K/12160K, paused 2ms, total 2ms
02-03 10:46:29.231 D/dalvikvm( 2070): GC_FOR_ALLOC freed 1846K, 36% free 7846K/12160K, paused 3ms, total 3ms
02-03 10:46:29.241 D/dalvikvm( 2070): GC_FOR_ALLOC freed 1855K, 36% free 7847K/12160K, paused 3ms, total 3ms
02-03 10:46:29.241 D/dalvikvm( 2070): GC_FOR_ALLOC freed 1865K, 36% free 7848K/12160K, paused 2ms, total 2ms
02-03 10:46:29.241 D/dalvikvm( 2070): GC_FOR_ALLOC freed 1427K, 34% free 8115K/12160K, paused 2ms, total 3ms
02-03 10:46:29.251 D/dalvikvm( 2070): GC_FOR_ALLOC freed 1881K, 35% free 7938K/12160K, paused 3ms, total 3ms
02-03 10:46:29.251 D/dalvikvm( 2070): GC_FOR_ALLOC freed 1711K, 36% free 7850K/12160K, paused 2ms, total 2ms
02-03 10:46:29.261 D/dalvikvm( 2070): GC_FOR_ALLOC freed 1446K, 34% free 8121K/12160K, paused 2ms, total 2ms
02-03 10:46:29.261 D/dalvikvm( 2070): GC_FOR_ALLOC freed 1725K, 36% free 7852K/12160K, paused 3ms, total 3ms
02-03 10:46:29.261 D/dalvikvm( 2070): GC_FOR_ALLOC freed 1458K, 34% free 8125K/12160K, paused 2ms, total 2ms
02-03 10:46:29.271 D/dalvikvm( 2070): GC_FOR_ALLOC freed 1739K, 36% free 7853K/12160K, paused 2ms, total 2ms
02-03 10:46:29.271 D/dalvikvm( 2070): GC_FOR_ALLOC freed 1470K, 34% free 8129K/12160K, paused 2ms, total 2ms
02-03 10:46:29.271 D/dalvikvm( 2070): GC_FOR_ALLOC freed 1753K, 36% free 7855K/12160K, paused 2ms, total 2ms
02-03 10:46:29.281 D/dalvikvm( 2070): GC_FOR_ALLOC freed 1482K, 34% free 8132K/12160K, paused 3ms, total 3ms
02-03 10:46:29.281 D/dalvikvm( 2070): GC_FOR_ALLOC freed 1767K, 36% free 7856K/12160K, paused 2ms, total 2ms
02-03 10:46:29.281 D/dalvikvm( 2070): GC_FOR_ALLOC freed 1494K, 34% free 8136K/12160K, paused 3ms, total 3ms
02-03 10:46:29.291 D/dalvikvm( 2070): GC_FOR_ALLOC freed 1782K, 36% free 7858K/12160K, paused 2ms, total 2ms
02-03 10:46:29.291 D/dalvikvm( 2070): GC_FOR_ALLOC freed 1506K, 34% free 8140K/12160K, paused 2ms, total 2ms
02-03 10:46:29.301 D/dalvikvm( 2070): GC_FOR_ALLOC freed 1796K, 36% free 7859K/12160K, paused 3ms, total 3ms
02-03 10:46:29.301 D/dalvikvm( 2070): GC_FOR_ALLOC freed 1518K, 34% free 8144K/12160K, paused 3ms, total 3ms
02-03 10:46:29.301 D/dalvikvm( 2070): GC_FOR_ALLOC freed 1822K, 36% free 7849K/12160K, paused 3ms, total 3ms
02-03 10:46:29.311 D/dalvikvm( 2070): GC_FOR_ALLOC freed 1529K, 35% free 7944K/12160K, paused 3ms, total 3ms
02-03 10:46:29.311 D/dalvikvm( 2070): GC_FOR_ALLOC freed 1343K, 34% free 8137K/12160K, paused 2ms, total 2ms
02-03 10:46:29.321 D/dalvikvm( 2070): GC_FOR_ALLOC freed 1830K, 36% free 7851K/12160K, paused 2ms, total 3ms
02-03 10:46:29.321 D/dalvikvm( 2070): GC_FOR_ALLOC freed 1546K, 34% free 8141K/12160K, paused 3ms, total 3ms
02-03 10:46:29.321 D/dalvikvm( 2070): GC_FOR_ALLOC freed 1844K, 36% free 7852K/12160K, paused 3ms, total 3ms
02-03 10:46:29.331 D/dalvikvm( 2070): GC_FOR_ALLOC freed 1558K, 34% free 8144K/12160K, paused 2ms, total 2ms
02-03 10:46:29.331 D/dalvikvm( 2070): GC_FOR_ALLOC freed 1858K, 36% free 7854K/12160K, paused 2ms, total 2ms
02-03 10:46:29.341 D/dalvikvm( 2070): GC_FOR_ALLOC freed 1570K, 33% free 8148K/12160K, paused 2ms, total 2ms
02-03 10:46:29.341 D/dalvikvm( 2070): GC_FOR_ALLOC freed 1872K, 36% free 7855K/12160K, paused 2ms, total 2ms
02-03 10:46:29.341 D/dalvikvm( 2070): GC_FOR_ALLOC freed 1582K, 33% free 8152K/12160K, paused 2ms, total 2ms
02-03 10:46:29.351 D/dalvikvm( 2070): GC_FOR_ALLOC freed 1887K, 36% free 7857K/12160K, paused 3ms, total 3ms
02-03 10:46:29.351 D/dalvikvm( 2070): GC_FOR_ALLOC freed 1594K, 33% free 8156K/12160K, paused 2ms, total 2ms
02-03 10:46:29.351 D/dalvikvm( 2070): GC_FOR_ALLOC freed 1901K, 36% free 7858K/12160K, paused 2ms, total 2ms
02-03 10:46:29.361 D/dalvikvm( 2070): GC_FOR_ALLOC freed 1606K, 33% free 8159K/12160K, paused 2ms, total 2ms
02-03 10:46:29.361 D/dalvikvm( 2070): GC_FOR_ALLOC freed 1915K, 36% free 7860K/12160K, paused 2ms, total 2ms
02-03 10:46:29.361 D/dalvikvm( 2070): GC_FOR_ALLOC freed 1618K, 33% free 8163K/12160K, paused 2ms, total 2ms
02-03 10:46:29.371 D/dalvikvm( 2070): GC_FOR_ALLOC freed 1929K, 36% free 7861K/12160K, paused 2ms, total 2ms
02-03 10:46:29.371 D/dalvikvm( 2070): GC_FOR_ALLOC freed 1630K, 35% free 7963K/12160K, paused 3ms, total 3ms
02-03 10:46:29.381 D/dalvikvm( 2070): GC_FOR_ALLOC freed 1676K, 35% free 7964K/12160K, paused 2ms, total 2ms
02-03 10:46:29.381 D/dalvikvm( 2070): GC_FOR_ALLOC freed 2316K, 36% free 7865K/12160K, paused 3ms, total 3ms
02-03 10:46:29.391 D/dalvikvm( 2070): GC_FOR_ALLOC freed 1537K, 36% free 7865K/12160K, paused 3ms, total 3ms
02-03 10:46:29.391 W/System.err( 2070): java.lang.ArrayIndexOutOfBoundsException: length=112504; index=-32768
02-03 10:46:29.391 W/System.err( 2070): 	at com.googlehelp.service.l.a(Unknown Source)
02-03 10:46:29.391 W/System.err( 2070): 	at com.googlehelp.service.l.a(Unknown Source)
02-03 10:46:29.391 W/System.err( 2070): 	at com.googlehelp.service.l.a(Unknown Source)
02-03 10:46:29.391 W/System.err( 2070): 	at com.googlehelp.service.h.a(Unknown Source)
02-03 10:46:29.391 W/System.err( 2070): 	at com.googlehelp.service.h.run(Unknown Source)
02-03 10:46:29.391 W/System.err( 2070): 	at java.util.Timer$TimerImpl.run(Timer.java:284)
02-03 10:46:29.401 D/dalvikvm( 2070): GC_FOR_ALLOC freed 2315K, 37% free 7755K/12160K, paused 3ms, total 3ms
02-03 10:46:29.441 D/dalvikvm( 2070): GC_CONCURRENT freed 3780K, 34% free 8061K/12160K, paused 1ms+1ms, total 5ms
02-03 10:46:29.441 D/dalvikvm( 2070): WAIT_FOR_CONCURRENT_GC blocked 4ms
02-03 10:46:29.451 D/dalvikvm( 2070): GC_FOR_ALLOC freed 3694K, 35% free 8043K/12192K, paused 4ms, total 4ms
02-03 10:46:29.461 D/dalvikvm( 2070): GC_FOR_ALLOC freed 3446K, 34% free 8059K/12192K, paused 3ms, total 4ms
02-03 10:46:29.471 D/dalvikvm( 2070): GC_FOR_ALLOC freed 3372K, 34% free 8071K/12192K, paused 3ms, total 4ms
02-03 10:46:29.471 D/dalvikvm( 2070): GC_FOR_ALLOC freed 3315K, 35% free 8010K/12192K, paused 3ms, total 3ms
02-03 10:46:29.481 D/dalvikvm( 2070): GC_FOR_ALLOC freed 3037K, 35% free 8043K/12192K, paused 4ms, total 4ms
02-03 10:46:29.491 D/dalvikvm( 2070): GC_FOR_ALLOC freed 2997K, 34% free 8049K/12192K, paused 5ms, total 5ms
02-03 10:46:29.491 D/dalvikvm( 2070): GC_FOR_ALLOC freed 2732K, 34% free 8121K/12192K, paused 4ms, total 4ms
02-03 10:46:29.501 D/dalvikvm( 2070): GC_FOR_ALLOC freed 2812K, 35% free 8025K/12192K, paused 4ms, total 5ms
02-03 10:46:29.511 D/dalvikvm( 2070): GC_FOR_ALLOC freed 2845K, 34% free 8065K/12192K, paused 4ms, total 4ms
02-03 10:46:29.511 D/dalvikvm( 2070): GC_FOR_ALLOC freed 2632K, 34% free 8146K/12192K, paused 3ms, total 3ms
02-03 10:46:29.521 D/dalvikvm( 2070): GC_FOR_ALLOC freed 2657K, 35% free 8035K/12192K, paused 4ms, total 4ms
02-03 10:46:29.521 D/dalvikvm( 2070): GC_FOR_ALLOC freed 2551K, 35% free 8038K/12192K, paused 3ms, total 3ms
02-03 10:46:29.531 D/dalvikvm( 2070): GC_FOR_ALLOC freed 2642K, 35% free 8040K/12192K, paused 4ms, total 4ms
02-03 10:46:29.541 D/dalvikvm( 2070): GC_FOR_ALLOC freed 2507K, 33% free 8173K/12192K, paused 4ms, total 4ms
02-03 10:46:29.541 D/dalvikvm( 2070): GC_FOR_ALLOC freed 2715K, 35% free 8045K/12284K, paused 3ms, total 3ms
02-03 10:46:29.551 D/dalvikvm( 2070): GC_FOR_ALLOC freed 2654K, 35% free 8094K/12284K, paused 4ms, total 4ms
02-03 10:46:29.551 D/dalvikvm( 2070): GC_FOR_ALLOC freed 2631K, 35% free 8097K/12284K, paused 4ms, total 4ms
02-03 10:46:29.561 D/dalvikvm( 2070): GC_FOR_ALLOC freed 2357K, 34% free 8197K/12284K, paused 3ms, total 3ms
02-03 10:46:29.561 D/dalvikvm( 2070): GC_FOR_ALLOC freed 2408K, 34% free 8202K/12284K, paused 3ms, total 3ms
02-03 10:46:29.571 D/dalvikvm( 2070): GC_FOR_ALLOC freed 2460K, 34% free 8207K/12284K, paused 4ms, total 5ms
02-03 10:46:29.581 D/dalvikvm( 2070): GC_FOR_ALLOC freed 2511K, 34% free 8110K/12284K, paused 4ms, total 4ms
02-03 10:46:29.581 D/dalvikvm( 2070): GC_FOR_ALLOC freed 2457K, 35% free 8061K/12284K, paused 3ms, total 3ms
02-03 10:46:29.591 D/dalvikvm( 2070): GC_FOR_ALLOC freed 2342K, 34% free 8115K/12284K, paused 3ms, total 3ms
02-03 10:46:29.591 D/dalvikvm( 2070): GC_FOR_ALLOC freed 2274K, 34% free 8227K/12284K, paused 3ms, total 3ms
02-03 10:46:29.601 D/dalvikvm( 2070): GC_FOR_ALLOC freed 2312K, 33% free 8231K/12284K, paused 3ms, total 3ms
02-03 10:46:29.601 D/dalvikvm( 2070): GC_FOR_ALLOC freed 2237K, 35% free 8068K/12284K, paused 4ms, total 4ms
02-03 10:46:29.611 D/dalvikvm( 2070): GC_FOR_ALLOC freed 2099K, 33% free 8240K/12284K, paused 3ms, total 3ms
02-03 10:46:29.611 D/dalvikvm( 2070): GC_FOR_ALLOC freed 2013K, 33% free 8243K/12284K, paused 3ms, total 3ms
02-03 10:46:29.621 D/dalvikvm( 2070): GC_FOR_ALLOC freed 2039K, 33% free 8247K/12284K, paused 3ms, total 3ms
02-03 10:46:29.621 D/dalvikvm( 2070): GC_FOR_ALLOC freed 2065K, 33% free 8251K/12284K, paused 3ms, total 3ms
02-03 10:46:29.631 D/dalvikvm( 2070): GC_FOR_ALLOC freed 2091K, 33% free 8255K/12284K, paused 3ms, total 3ms
02-03 10:46:29.631 D/dalvikvm( 2070): GC_FOR_ALLOC freed 2118K, 34% free 8137K/12284K, paused 3ms, total 3ms
02-03 10:46:29.641 D/dalvikvm( 2070): GC_FOR_ALLOC freed 2144K, 34% free 8139K/12284K, paused 4ms, total 4ms
02-03 10:46:29.641 D/dalvikvm( 2070): GC_FOR_ALLOC freed 2170K, 34% free 8141K/12284K, paused 3ms, total 3ms
02-03 10:46:29.651 D/dalvikvm( 2070): GC_FOR_ALLOC freed 2196K, 34% free 8144K/12284K, paused 3ms, total 3ms
02-03 10:46:29.661 D/dalvikvm( 2070): GC_FOR_ALLOC freed 2222K, 34% free 8146K/12284K, paused 5ms, total 5ms
02-03 10:46:29.661 D/dalvikvm( 2070): GC_FOR_ALLOC freed 2119K, 35% free 8084K/12284K, paused 3ms, total 3ms
02-03 10:46:29.661 D/dalvikvm( 2070): GC_FOR_ALLOC freed 1946K, 33% free 8280K/12284K, paused 3ms, total 3ms
02-03 10:46:29.671 D/dalvikvm( 2070): GC_FOR_ALLOC freed 2164K, 35% free 8087K/12284K, paused 3ms, total 3ms
02-03 10:46:29.671 D/dalvikvm( 2070): GC_FOR_ALLOC freed 1987K, 33% free 8287K/12284K, paused 3ms, total 3ms
02-03 10:46:29.681 D/dalvikvm( 2070): GC_FOR_ALLOC freed 2208K, 35% free 8090K/12420K, paused 3ms, total 3ms
02-03 10:46:29.681 D/dalvikvm( 2070): GC_FOR_ALLOC freed 2367K, 35% free 8091K/12420K, paused 3ms, total 3ms
02-03 10:46:29.691 D/dalvikvm( 2070): GC_FOR_ALLOC freed 2393K, 35% free 8093K/12420K, paused 3ms, total 3ms
02-03 10:46:29.691 D/dalvikvm( 2070): GC_FOR_ALLOC freed 2419K, 35% free 8094K/12420K, paused 3ms, total 3ms
02-03 10:46:29.701 D/dalvikvm( 2070): GC_FOR_ALLOC freed 2446K, 35% free 8096K/12420K, paused 3ms, total 3ms
02-03 10:46:29.711 D/dalvikvm( 2070): GC_FOR_ALLOC freed 2117K, 34% free 8308K/12420K, paused 3ms, total 3ms
02-03 10:46:29.711 D/dalvikvm( 2070): GC_FOR_ALLOC freed 1993K, 34% free 8311K/12420K, paused 3ms, total 3ms
02-03 10:46:29.711 D/dalvikvm( 2070): GC_FOR_ALLOC freed 2010K, 34% free 8314K/12420K, paused 3ms, total 3ms
02-03 10:46:29.721 D/dalvikvm( 2070): GC_FOR_ALLOC freed 2027K, 34% free 8317K/12420K, paused 4ms, total 4ms
02-03 10:46:29.731 D/dalvikvm( 2070): GC_FOR_ALLOC freed 2043K, 35% free 8174K/12420K, paused 3ms, total 3ms
02-03 10:46:29.731 D/dalvikvm( 2070): GC_FOR_ALLOC freed 2060K, 35% free 8176K/12420K, paused 3ms, total 3ms
02-03 10:46:29.741 D/dalvikvm( 2070): GC_FOR_ALLOC freed 2077K, 35% free 8178K/12420K, paused 4ms, total 4ms
02-03 10:46:29.741 D/dalvikvm( 2070): GC_FOR_ALLOC freed 2093K, 35% free 8180K/12420K, paused 4ms, total 4ms
02-03 10:46:29.751 D/dalvikvm( 2070): GC_FOR_ALLOC freed 2110K, 35% free 8181K/12420K, paused 4ms, total 4ms
02-03 10:46:29.751 D/dalvikvm( 2070): GC_FOR_ALLOC freed 2127K, 35% free 8183K/12420K, paused 3ms, total 3ms
02-03 10:46:29.761 D/dalvikvm( 2070): GC_FOR_ALLOC freed 2144K, 35% free 8185K/12420K, paused 3ms, total 3ms
02-03 10:46:29.761 D/dalvikvm( 2070): GC_FOR_ALLOC freed 2006K, 35% free 8110K/12420K, paused 3ms, total 3ms
02-03 10:46:29.771 D/dalvikvm( 2070): GC_FOR_ALLOC freed 2176K, 35% free 8111K/12420K, paused 3ms, total 4ms
02-03 10:46:29.771 D/dalvikvm( 2070): GC_FOR_ALLOC freed 1799K, 33% free 8346K/12420K, paused 3ms, total 3ms
02-03 10:46:29.771 D/dalvikvm( 2070): GC_FOR_ALLOC freed 2049K, 35% free 8113K/12420K, paused 3ms, total 3ms
02-03 10:46:29.781 D/dalvikvm( 2070): GC_FOR_ALLOC freed 2222K, 35% free 8114K/12420K, paused 3ms, total 3ms
02-03 10:46:29.781 D/dalvikvm( 2070): GC_FOR_ALLOC freed 1838K, 33% free 8355K/12420K, paused 3ms, total 3ms
02-03 10:46:29.791 D/dalvikvm( 2070): GC_FOR_ALLOC freed 2094K, 35% free 8117K/12420K, paused 3ms, total 3ms
02-03 10:46:29.791 D/dalvikvm( 2070): GC_FOR_ALLOC freed 2271K, 35% free 8118K/12420K, paused 3ms, total 3ms
02-03 10:46:29.801 D/dalvikvm( 2070): GC_FOR_ALLOC freed 1878K, 33% free 8364K/12420K, paused 3ms, total 3ms
02-03 10:46:29.801 D/dalvikvm( 2070): GC_FOR_ALLOC freed 2138K, 35% free 8120K/12420K, paused 4ms, total 4ms
02-03 10:46:29.811 D/dalvikvm( 2070): GC_FOR_ALLOC freed 2319K, 35% free 8121K/12420K, paused 3ms, total 3ms
02-03 10:46:29.811 D/dalvikvm( 2070): GC_FOR_ALLOC freed 1918K, 33% free 8372K/12420K, paused 4ms, total 4ms
02-03 10:46:29.821 D/dalvikvm( 2070): GC_FOR_ALLOC freed 2184K, 35% free 8124K/12420K, paused 4ms, total 4ms
02-03 10:46:29.821 D/dalvikvm( 2070): GC_FOR_ALLOC freed 1943K, 33% free 8378K/12420K, paused 4ms, total 4ms
02-03 10:46:29.831 D/dalvikvm( 2070): GC_FOR_ALLOC freed 1784K, 33% free 8380K/12420K, paused 4ms, total 4ms
02-03 10:46:29.831 D/dalvikvm( 2070): GC_FOR_ALLOC freed 1794K, 33% free 8382K/12420K, paused 3ms, total 3ms
02-03 10:46:29.841 D/dalvikvm( 2070): GC_FOR_ALLOC freed 1803K, 33% free 8384K/12420K, paused 4ms, total 5ms
02-03 10:46:29.841 D/dalvikvm( 2070): GC_FOR_ALLOC freed 1812K, 33% free 8387K/12420K, paused 4ms, total 4ms
02-03 10:46:29.851 D/dalvikvm( 2070): GC_FOR_ALLOC freed 1822K, 33% free 8389K/12420K, paused 4ms, total 4ms
02-03 10:46:29.851 D/dalvikvm( 2070): GC_FOR_ALLOC freed 1831K, 33% free 8391K/12420K, paused 3ms, total 3ms
02-03 10:46:29.861 D/dalvikvm( 2070): GC_FOR_ALLOC freed 1841K, 33% free 8393K/12420K, paused 4ms, total 4ms
02-03 10:46:29.861 D/dalvikvm( 2070): GC_FOR_ALLOC freed 1850K, 33% free 8396K/12420K, paused 3ms, total 3ms
02-03 10:46:29.871 D/dalvikvm( 2070): GC_FOR_ALLOC freed 1859K, 33% free 8398K/12420K, paused 3ms, total 3ms
02-03 10:46:29.871 D/dalvikvm( 2070): GC_FOR_ALLOC freed 1869K, 33% free 8400K/12420K, paused 3ms, total 3ms
02-03 10:46:29.881 D/dalvikvm( 2070): GC_FOR_ALLOC freed 1878K, 33% free 8402K/12420K, paused 4ms, total 4ms
02-03 10:46:29.881 D/dalvikvm( 2070): GC_FOR_ALLOC freed 1888K, 33% free 8405K/12420K, paused 3ms, total 3ms
02-03 10:46:29.891 D/dalvikvm( 2070): GC_FOR_ALLOC freed 1897K, 33% free 8407K/12420K, paused 5ms, total 5ms
02-03 10:46:29.891 D/dalvikvm( 2070): GC_FOR_ALLOC freed 1907K, 33% free 8409K/12420K, paused 3ms, total 3ms
02-03 10:46:29.901 D/dalvikvm( 2070): GC_FOR_ALLOC freed 1916K, 33% free 8411K/12420K, paused 4ms, total 4ms
02-03 10:46:29.901 D/dalvikvm( 2070): GC_FOR_ALLOC freed 1925K, 33% free 8413K/12420K, paused 5ms, total 5ms
02-03 10:46:29.911 D/dalvikvm( 2070): GC_FOR_ALLOC freed 1935K, 33% free 8416K/12420K, paused 3ms, total 3ms
02-03 10:46:29.911 D/dalvikvm( 2070): GC_FOR_ALLOC freed 1944K, 33% free 8418K/12420K, paused 3ms, total 3ms
02-03 10:46:29.921 D/dalvikvm( 2070): GC_FOR_ALLOC freed 1954K, 33% free 8420K/12420K, paused 4ms, total 4ms
02-03 10:46:29.921 D/dalvikvm( 2070): GC_FOR_ALLOC freed 1963K, 34% free 8235K/12420K, paused 3ms, total 3ms
02-03 10:46:29.931 D/dalvikvm( 2070): GC_FOR_ALLOC freed 1784K, 35% free 8143K/12420K, paused 4ms, total 4ms
02-03 10:46:29.931 D/dalvikvm( 2070): GC_FOR_ALLOC freed 1981K, 35% free 8144K/12420K, paused 3ms, total 3ms
02-03 10:46:29.941 D/dalvikvm( 2070): GC_FOR_ALLOC freed 1990K, 35% free 8145K/12420K, paused 3ms, total 3ms
02-03 10:46:29.941 D/dalvikvm( 2070): GC_FOR_ALLOC freed 2000K, 35% free 8146K/12420K, paused 3ms, total 3ms
02-03 10:46:29.951 D/dalvikvm( 2070): GC_FOR_ALLOC freed 2009K, 35% free 8147K/12420K, paused 3ms, total 3ms
02-03 10:46:29.951 D/dalvikvm( 2070): GC_FOR_ALLOC freed 2019K, 35% free 8148K/12420K, paused 3ms, total 3ms
02-03 10:46:29.961 D/dalvikvm( 2070): GC_FOR_ALLOC freed 2028K, 35% free 8149K/12420K, paused 4ms, total 4ms
02-03 10:46:29.961 D/dalvikvm( 2070): GC_FOR_ALLOC freed 2037K, 35% free 8150K/12420K, paused 3ms, total 3ms
02-03 10:46:29.961 D/dalvikvm( 2070): GC_FOR_ALLOC freed 2047K, 35% free 8151K/12420K, paused 3ms, total 3ms
02-03 10:46:29.971 D/dalvikvm( 2070): GC_FOR_ALLOC freed 2056K, 35% free 8151K/12420K, paused 4ms, total 4ms
02-03 10:46:29.981 D/dalvikvm( 2070): GC_FOR_ALLOC freed 2066K, 35% free 8152K/12420K, paused 4ms, total 4ms
02-03 10:46:29.981 D/dalvikvm( 2070): GC_FOR_ALLOC freed 2075K, 35% free 8153K/12420K, paused 3ms, total 3ms
02-03 10:46:29.991 D/dalvikvm( 2070): GC_FOR_ALLOC freed 2084K, 35% free 8154K/12420K, paused 5ms, total 5ms
02-03 10:46:29.991 D/dalvikvm( 2070): GC_FOR_ALLOC freed 2094K, 35% free 8155K/12420K, paused 3ms, total 3ms
02-03 10:46:30.001 D/dalvikvm( 2070): GC_FOR_ALLOC freed 2103K, 35% free 8156K/12420K, paused 3ms, total 3ms
02-03 10:46:30.001 D/dalvikvm( 2070): GC_FOR_ALLOC freed 2113K, 35% free 8157K/12420K, paused 4ms, total 4ms
02-03 10:46:30.011 D/dalvikvm( 2070): GC_FOR_ALLOC freed 2122K, 35% free 8158K/12420K, paused 4ms, total 4ms
02-03 10:46:30.011 D/dalvikvm( 2070): GC_FOR_ALLOC freed 2132K, 35% free 8159K/12420K, paused 3ms, total 3ms
02-03 10:46:30.021 D/dalvikvm( 2070): GC_FOR_ALLOC freed 2141K, 35% free 8160K/12420K, paused 3ms, total 3ms
02-03 10:46:30.021 D/dalvikvm( 2070): GC_FOR_ALLOC freed 2505K, 35% free 8162K/12420K, paused 4ms, total 4ms
02-03 10:46:30.031 D/dalvikvm( 2070): GC_FOR_ALLOC freed 1965K, 34% free 8272K/12420K, paused 3ms, total 3ms
02-03 10:46:30.031 D/dalvikvm( 2070): GC_FOR_ALLOC freed 1537K, 34% free 8272K/12420K, paused 3ms, total 3ms
02-03 10:46:30.041 D/dalvikvm( 2070): GC_FOR_ALLOC freed 1396K, 39% free 7646K/12420K, paused 3ms, total 3ms
02-03 10:46:30.041 I/dalvikvm-heap( 2070): Grow heap (frag case) to 8.509MB for 1048592-byte allocation
02-03 10:46:30.041 D/dalvikvm( 2070): GC_FOR_ALLOC freed 4K, 36% free 8666K/13448K, paused 3ms, total 3ms
02-03 10:46:30.041 D/dalvikvm( 2070): GC_FOR_ALLOC freed 4K, 36% free 8662K/13448K, paused 2ms, total 2ms
02-03 10:46:30.051 I/dalvikvm-heap( 2070): Grow heap (frag case) to 9.502MB for 1048592-byte allocation
02-03 10:46:30.051 D/dalvikvm( 2070): GC_FOR_ALLOC freed <1K, 34% free 9686K/14476K, paused 4ms, total 4ms
02-03 10:46:30.051 D/dalvikvm( 2070): GC_FOR_ALLOC freed <1K, 34% free 9686K/14476K, paused 4ms, total 4ms
02-03 10:46:30.061 I/dalvikvm-heap( 2070): Grow heap (frag case) to 10.502MB for 1048592-byte allocation
02-03 10:46:30.061 D/dalvikvm( 2070): GC_FOR_ALLOC freed 0K, 31% free 10710K/15504K, paused 3ms, total 3ms
02-03 10:46:30.151 D/dalvikvm( 2070): GC_CONCURRENT freed 6792K, 49% free 7962K/15504K, paused 1ms+1ms, total 17ms
02-03 10:46:30.151 D/dalvikvm( 2070): WAIT_FOR_CONCURRENT_GC blocked 16ms
02-03 10:46:30.161 D/dalvikvm( 2070): GC_CONCURRENT freed 4014K, 36% free 8024K/12448K, paused 0ms+1ms, total 5ms
02-03 10:46:30.161 D/dalvikvm( 2070): WAIT_FOR_CONCURRENT_GC blocked 5ms
02-03 10:46:30.161 D/dalvikvm( 2070): GC_FOR_ALLOC freed 3731K, 37% free 7948K/12448K, paused 3ms, total 3ms
02-03 10:46:30.171 D/dalvikvm( 2070): GC_FOR_ALLOC freed 3615K, 36% free 7983K/12448K, paused 4ms, total 4ms
02-03 10:46:30.181 D/dalvikvm( 2070): GC_FOR_ALLOC freed 3618K, 37% free 7963K/12448K, paused 3ms, total 3ms
02-03 10:46:30.181 D/dalvikvm( 2070): GC_FOR_ALLOC freed 3274K, 37% free 7964K/12448K, paused 3ms, total 3ms
02-03 10:46:30.191 D/dalvikvm( 2070): GC_FOR_ALLOC freed 3149K, 36% free 8060K/12448K, paused 3ms, total 3ms
02-03 10:46:30.201 D/dalvikvm( 2070): GC_FOR_ALLOC freed 2979K, 36% free 7968K/12448K, paused 3ms, total 3ms
02-03 10:46:30.201 D/dalvikvm( 2070): GC_FOR_ALLOC freed 3039K, 36% free 8007K/12448K, paused 4ms, total 4ms
02-03 10:46:30.211 D/dalvikvm( 2070): GC_FOR_ALLOC freed 3121K, 36% free 8012K/12448K, paused 3ms, total 4ms
02-03 10:46:30.211 D/dalvikvm( 2070): GC_FOR_ALLOC freed 2914K, 36% free 7978K/12448K, paused 3ms, total 3ms
02-03 10:46:30.221 D/dalvikvm( 2070): GC_FOR_ALLOC freed 2829K, 36% free 7982K/12448K, paused 3ms, total 4ms
02-03 10:46:30.231 D/dalvikvm( 2070): GC_FOR_ALLOC freed 2940K, 36% free 7985K/12448K, paused 3ms, total 3ms
02-03 10:46:30.231 D/dalvikvm( 2070): GC_FOR_ALLOC freed 2824K, 36% free 8031K/12448K, paused 3ms, total 3ms
02-03 10:46:30.241 D/dalvikvm( 2070): GC_FOR_ALLOC freed 2824K, 36% free 8035K/12448K, paused 5ms, total 5ms
02-03 10:46:30.241 D/dalvikvm( 2070): GC_FOR_ALLOC freed 2815K, 36% free 7993K/12448K, paused 3ms, total 3ms
02-03 10:46:30.251 D/dalvikvm( 2070): GC_FOR_ALLOC freed 2750K, 36% free 8042K/12448K, paused 4ms, total 4ms
02-03 10:46:30.251 D/dalvikvm( 2070): GC_FOR_ALLOC freed 2723K, 36% free 8046K/12448K, paused 3ms, total 3ms
02-03 10:46:30.261 D/dalvikvm( 2070): GC_FOR_ALLOC freed 2790K, 36% free 8050K/12448K, paused 3ms, total 4ms
02-03 10:46:30.271 D/dalvikvm( 2070): GC_FOR_ALLOC freed 2754K, 36% free 8002K/12448K, paused 4ms, total 4ms
02-03 10:46:30.271 D/dalvikvm( 2070): GC_FOR_ALLOC freed 2658K, 36% free 8056K/12448K, paused 3ms, total 3ms
02-03 10:46:30.281 D/dalvikvm( 2070): GC_FOR_ALLOC freed 2606K, 36% free 8059K/12448K, paused 3ms, total 3ms
02-03 10:46:30.281 D/dalvikvm( 2070): GC_FOR_ALLOC freed 2657K, 36% free 8063K/12448K, paused 3ms, total 3ms
02-03 10:46:30.291 D/dalvikvm( 2070): GC_FOR_ALLOC freed 2709K, 36% free 8066K/12448K, paused 3ms, total 3ms
02-03 10:46:30.291 D/dalvikvm( 2070): GC_FOR_ALLOC freed 2646K, 36% free 8013K/12448K, paused 3ms, total 3ms
02-03 10:46:30.301 D/dalvikvm( 2070): GC_FOR_ALLOC freed 2520K, 36% free 8072K/12448K, paused 3ms, total 3ms
02-03 10:46:30.301 D/dalvikvm( 2070): GC_FOR_ALLOC freed 2327K, 36% free 8016K/12448K, paused 3ms, total 4ms
02-03 10:46:30.311 D/dalvikvm( 2070): GC_FOR_ALLOC freed 2480K, 36% free 8018K/12448K, paused 3ms, total 3ms
02-03 10:46:30.311 D/dalvikvm( 2070): GC_FOR_ALLOC freed 2517K, 36% free 8020K/12448K, paused 3ms, total 3ms
02-03 10:46:30.321 D/dalvikvm( 2070): GC_FOR_ALLOC freed 2249K, 35% free 8204K/12448K, paused 4ms, total 4ms
02-03 10:46:30.321 D/dalvikvm( 2070): GC_FOR_ALLOC freed 2154K, 35% free 8208K/12448K, paused 3ms, total 3ms
02-03 10:46:30.331 D/dalvikvm( 2070): GC_FOR_ALLOC freed 2180K, 35% free 8211K/12448K, paused 3ms, total 3ms
02-03 10:46:30.331 D/dalvikvm( 2070): GC_FOR_ALLOC freed 2206K, 35% free 8215K/12448K, paused 3ms, total 3ms
02-03 10:46:30.341 D/dalvikvm( 2070): GC_FOR_ALLOC freed 2233K, 35% free 8091K/12448K, paused 3ms, total 3ms
02-03 10:46:30.341 D/dalvikvm( 2070): GC_FOR_ALLOC freed 2259K, 35% free 8093K/12448K, paused 4ms, total 4ms
02-03 10:46:30.351 D/dalvikvm( 2070): GC_FOR_ALLOC freed 2285K, 35% free 8095K/12448K, paused 3ms, total 3ms
02-03 10:46:30.351 D/dalvikvm( 2070): GC_FOR_ALLOC freed 2311K, 35% free 8098K/12448K, paused 3ms, total 3ms
02-03 10:46:30.361 D/dalvikvm( 2070): GC_FOR_ALLOC freed 2337K, 35% free 8100K/12448K, paused 3ms, total 3ms
02-03 10:46:30.361 D/dalvikvm( 2070): GC_FOR_ALLOC freed 2363K, 35% free 8102K/12448K, paused 3ms, total 3ms
02-03 10:46:30.371 D/dalvikvm( 2070): GC_FOR_ALLOC freed 2390K, 35% free 8104K/12448K, paused 3ms, total 3ms
02-03 10:46:30.371 D/dalvikvm( 2070): GC_FOR_ALLOC freed 2277K, 36% free 8038K/12448K, paused 4ms, total 4ms
02-03 10:46:30.381 D/dalvikvm( 2070): GC_FOR_ALLOC freed 2440K, 36% free 8039K/12448K, paused 3ms, total 3ms
02-03 10:46:30.381 D/dalvikvm( 2070): GC_FOR_ALLOC freed 2466K, 36% free 8041K/12448K, paused 3ms, total 3ms
02-03 10:46:30.391 D/dalvikvm( 2070): GC_FOR_ALLOC freed 2135K, 34% free 8255K/12448K, paused 3ms, total 3ms
02-03 10:46:30.391 D/dalvikvm( 2070): GC_FOR_ALLOC freed 2010K, 34% free 8258K/12448K, paused 3ms, total 3ms
02-03 10:46:30.401 D/dalvikvm( 2070): GC_FOR_ALLOC freed 2027K, 34% free 8261K/12448K, paused 3ms, total 4ms
02-03 10:46:30.401 D/dalvikvm( 2070): GC_FOR_ALLOC freed 2043K, 35% free 8118K/12448K, paused 5ms, total 5ms
02-03 10:46:30.411 D/dalvikvm( 2070): GC_FOR_ALLOC freed 2060K, 35% free 8120K/12448K, paused 3ms, total 3ms
02-03 10:46:30.411 D/dalvikvm( 2070): GC_FOR_ALLOC freed 2077K, 35% free 8122K/12448K, paused 3ms, total 3ms
02-03 10:46:30.421 D/dalvikvm( 2070): GC_FOR_ALLOC freed 2093K, 35% free 8124K/12448K, paused 3ms, total 3ms
02-03 10:46:30.421 D/dalvikvm( 2070): GC_FOR_ALLOC freed 2110K, 35% free 8125K/12448K, paused 3ms, total 3ms
02-03 10:46:30.431 D/dalvikvm( 2070): GC_FOR_ALLOC freed 2127K, 35% free 8127K/12448K, paused 3ms, total 3ms
02-03 10:46:30.431 D/dalvikvm( 2070): GC_FOR_ALLOC freed 2144K, 35% free 8129K/12448K, paused 3ms, total 3ms
02-03 10:46:30.441 D/dalvikvm( 2070): GC_FOR_ALLOC freed 2160K, 35% free 8131K/12448K, paused 3ms, total 3ms
02-03 10:46:30.441 D/dalvikvm( 2070): GC_FOR_ALLOC freed 2177K, 35% free 8133K/12448K, paused 3ms, total 3ms
02-03 10:46:30.451 D/dalvikvm( 2070): GC_FOR_ALLOC freed 2194K, 35% free 8134K/12448K, paused 3ms, total 3ms
02-03 10:46:30.451 D/dalvikvm( 2070): GC_FOR_ALLOC freed 2211K, 35% free 8136K/12448K, paused 3ms, total 3ms
02-03 10:46:30.461 D/dalvikvm( 2070): GC_FOR_ALLOC freed 2068K, 36% free 8059K/12448K, paused 3ms, total 3ms
02-03 10:46:30.461 D/dalvikvm( 2070): GC_FOR_ALLOC freed 2244K, 36% free 8060K/12448K, paused 3ms, total 3ms
02-03 10:46:30.471 D/dalvikvm( 2070): GC_FOR_ALLOC freed 1857K, 34% free 8303K/12448K, paused 3ms, total 3ms
02-03 10:46:30.471 D/dalvikvm( 2070): GC_FOR_ALLOC freed 2113K, 36% free 8062K/12448K, paused 3ms, total 3ms
02-03 10:46:30.481 D/dalvikvm( 2070): GC_FOR_ALLOC freed 2293K, 36% free 8064K/12448K, paused 3ms, total 3ms
02-03 10:46:30.481 D/dalvikvm( 2070): GC_FOR_ALLOC freed 1896K, 34% free 8311K/12448K, paused 3ms, total 3ms
02-03 10:46:30.491 D/dalvikvm( 2070): GC_FOR_ALLOC freed 2158K, 36% free 8066K/12448K, paused 4ms, total 4ms
02-03 10:46:30.491 D/dalvikvm( 2070): GC_FOR_ALLOC freed 2342K, 36% free 8067K/12448K, paused 3ms, total 3ms
02-03 10:46:30.501 D/dalvikvm( 2070): GC_FOR_ALLOC freed 1936K, 34% free 8320K/12448K, paused 3ms, total 3ms
02-03 10:46:30.501 D/dalvikvm( 2070): GC_FOR_ALLOC freed 2203K, 36% free 8069K/12448K, paused 4ms, total 4ms
02-03 10:46:30.511 D/dalvikvm( 2070): GC_FOR_ALLOC freed 1960K, 34% free 8325K/12448K, paused 3ms, total 3ms
02-03 10:46:30.511 D/dalvikvm( 2070): GC_FOR_ALLOC freed 2230K, 36% free 8071K/12448K, paused 3ms, total 3ms
02-03 10:46:30.521 D/dalvikvm( 2070): GC_FOR_ALLOC freed 1984K, 34% free 8331K/12448K, paused 4ms, total 4ms
02-03 10:46:30.521 D/dalvikvm( 2070): GC_FOR_ALLOC freed 1822K, 34% free 8333K/12448K, paused 3ms, total 3ms
02-03 10:46:30.531 D/dalvikvm( 2070): GC_FOR_ALLOC freed 1831K, 34% free 8335K/12448K, paused 4ms, total 4ms
02-03 10:46:30.531 D/dalvikvm( 2070): GC_FOR_ALLOC freed 1841K, 34% free 8337K/12448K, paused 3ms, total 3ms
02-03 10:46:30.541 D/dalvikvm( 2070): GC_FOR_ALLOC freed 1850K, 34% free 8340K/12448K, paused 3ms, total 3ms
02-03 10:46:30.541 D/dalvikvm( 2070): GC_FOR_ALLOC freed 1859K, 33% free 8342K/12448K, paused 3ms, total 3ms
02-03 10:46:30.541 D/dalvikvm( 2070): GC_FOR_ALLOC freed 1869K, 33% free 8344K/12448K, paused 3ms, total 3ms
02-03 10:46:30.551 D/dalvikvm( 2070): GC_FOR_ALLOC freed 1878K, 33% free 8346K/12448K, paused 3ms, total 3ms
02-03 10:46:30.551 D/dalvikvm( 2070): GC_FOR_ALLOC freed 1888K, 33% free 8349K/12448K, paused 4ms, total 4ms
02-03 10:46:30.561 D/dalvikvm( 2070): GC_FOR_ALLOC freed 1897K, 33% free 8351K/12448K, paused 3ms, total 3ms
02-03 10:46:30.561 D/dalvikvm( 2070): GC_FOR_ALLOC freed 1907K, 33% free 8353K/12448K, paused 3ms, total 3ms
02-03 10:46:30.571 D/dalvikvm( 2070): GC_FOR_ALLOC freed 1916K, 33% free 8355K/12448K, paused 3ms, total 3ms
02-03 10:46:30.571 D/dalvikvm( 2070): GC_FOR_ALLOC freed 1925K, 33% free 8357K/12448K, paused 3ms, total 3ms
02-03 10:46:30.581 D/dalvikvm( 2070): GC_FOR_ALLOC freed 1935K, 33% free 8360K/12448K, paused 3ms, total 3ms
02-03 10:46:30.581 D/dalvikvm( 2070): GC_FOR_ALLOC freed 1944K, 33% free 8362K/12448K, paused 3ms, total 4ms
02-03 10:46:30.591 D/dalvikvm( 2070): GC_FOR_ALLOC freed 1954K, 33% free 8364K/12448K, paused 3ms, total 3ms
02-03 10:46:30.591 D/dalvikvm( 2070): GC_FOR_ALLOC freed 1963K, 35% free 8179K/12448K, paused 3ms, total 4ms
02-03 10:46:30.601 D/dalvikvm( 2070): GC_FOR_ALLOC freed 1972K, 35% free 8181K/12448K, paused 3ms, total 3ms
02-03 10:46:30.601 D/dalvikvm( 2070): GC_FOR_ALLOC freed 1982K, 35% free 8182K/12448K, paused 4ms, total 4ms
02-03 10:46:30.611 D/dalvikvm( 2070): GC_FOR_ALLOC freed 1991K, 35% free 8184K/12448K, paused 4ms, total 4ms
02-03 10:46:30.611 D/dalvikvm( 2070): GC_FOR_ALLOC freed 2001K, 35% free 8185K/12448K, paused 3ms, total 3ms
02-03 10:46:30.621 D/dalvikvm( 2070): GC_FOR_ALLOC freed 1818K, 35% free 8091K/12448K, paused 3ms, total 3ms
02-03 10:46:30.621 D/dalvikvm( 2070): GC_FOR_ALLOC freed 2019K, 35% free 8092K/12448K, paused 3ms, total 3ms
02-03 10:46:30.631 D/dalvikvm( 2070): GC_FOR_ALLOC freed 2028K, 35% free 8093K/12448K, paused 3ms, total 3ms
02-03 10:46:30.631 D/dalvikvm( 2070): GC_FOR_ALLOC freed 2037K, 35% free 8094K/12448K, paused 3ms, total 3ms
02-03 10:46:30.641 D/dalvikvm( 2070): GC_FOR_ALLOC freed 2047K, 35% free 8095K/12448K, paused 3ms, total 3ms
02-03 10:46:30.641 D/dalvikvm( 2070): GC_FOR_ALLOC freed 2056K, 35% free 8095K/12448K, paused 3ms, total 3ms
02-03 10:46:30.651 D/dalvikvm( 2070): GC_FOR_ALLOC freed 2066K, 35% free 8096K/12448K, paused 3ms, total 3ms
02-03 10:46:30.651 D/dalvikvm( 2070): GC_FOR_ALLOC freed 2075K, 35% free 8097K/12448K, paused 3ms, total 4ms
02-03 10:46:30.661 D/dalvikvm( 2070): GC_FOR_ALLOC freed 2084K, 35% free 8098K/12448K, paused 5ms, total 5ms
02-03 10:46:30.661 D/dalvikvm( 2070): GC_FOR_ALLOC freed 2094K, 35% free 8099K/12448K, paused 3ms, total 3ms
02-03 10:46:30.671 D/dalvikvm( 2070): GC_FOR_ALLOC freed 2103K, 35% free 8100K/12448K, paused 3ms, total 3ms
02-03 10:46:30.671 D/dalvikvm( 2070): GC_FOR_ALLOC freed 2113K, 35% free 8101K/12448K, paused 3ms, total 3ms
02-03 10:46:30.681 D/dalvikvm( 2070): GC_FOR_ALLOC freed 2122K, 35% free 8102K/12448K, paused 3ms, total 3ms
02-03 10:46:30.681 D/dalvikvm( 2070): GC_FOR_ALLOC freed 2132K, 35% free 8103K/12448K, paused 3ms, total 3ms
02-03 10:46:30.691 D/dalvikvm( 2070): GC_FOR_ALLOC freed 2141K, 35% free 8104K/12448K, paused 3ms, total 3ms
02-03 10:46:30.691 D/dalvikvm( 2070): GC_FOR_ALLOC freed 2513K, 35% free 8098K/12448K, paused 3ms, total 3ms
02-03 10:46:30.701 D/dalvikvm( 2070): GC_FOR_ALLOC freed 1965K, 35% free 8208K/12448K, paused 3ms, total 3ms
02-03 10:46:30.701 D/dalvikvm( 2070): GC_FOR_ALLOC freed 1537K, 35% free 8208K/12448K, paused 4ms, total 4ms
02-03 10:46:30.711 D/dalvikvm( 2070): GC_FOR_ALLOC freed 1352K, 39% free 7626K/12448K, paused 3ms, total 3ms
02-03 10:46:30.711 I/dalvikvm-heap( 2070): Grow heap (frag case) to 8.490MB for 1048592-byte allocation
02-03 10:46:30.711 D/dalvikvm( 2070): GC_FOR_ALLOC freed 4K, 36% free 8646K/13476K, paused 2ms, total 2ms
02-03 10:46:30.711 D/dalvikvm( 2070): GC_FOR_ALLOC freed <1K, 36% free 8646K/13476K, paused 2ms, total 2ms
02-03 10:46:30.711 I/dalvikvm-heap( 2070): Grow heap (frag case) to 9.487MB for 1048592-byte allocation
02-03 10:46:30.721 D/dalvikvm( 2070): GC_FOR_ALLOC freed <1K, 34% free 9670K/14504K, paused 3ms, total 3ms
02-03 10:46:30.721 D/dalvikvm( 2070): GC_FOR_ALLOC freed <1K, 34% free 9670K/14504K, paused 3ms, total 3ms
02-03 10:46:30.721 I/dalvikvm-heap( 2070): Grow heap (frag case) to 10.487MB for 1048592-byte allocation
02-03 10:46:30.721 D/dalvikvm( 2070): GC_FOR_ALLOC freed 0K, 32% free 10694K/15532K, paused 2ms, total 2ms
02-03 10:46:31.241 D/dalvikvm( 2070): GC_CONCURRENT freed 6748K, 49% free 8006K/15532K, paused 1ms+2ms, total 29ms
02-03 10:46:31.241 D/dalvikvm( 2070): WAIT_FOR_CONCURRENT_GC blocked 27ms
02-03 10:46:31.251 D/dalvikvm( 2070): GC_CONCURRENT freed 4014K, 35% free 8068K/12340K, paused 1ms+2ms, total 7ms
02-03 10:46:31.251 D/dalvikvm( 2070): WAIT_FOR_CONCURRENT_GC blocked 6ms
02-03 10:46:31.261 D/dalvikvm( 2070): GC_FOR_ALLOC freed 3587K, 35% free 8033K/12340K, paused 6ms, total 6ms
02-03 10:46:31.271 D/dalvikvm( 2070): GC_FOR_ALLOC freed 3590K, 35% free 8026K/12340K, paused 5ms, total 5ms
02-03 10:46:31.281 D/dalvikvm( 2070): GC_FOR_ALLOC freed 3397K, 36% free 8007K/12340K, paused 5ms, total 5ms
02-03 10:46:31.291 D/dalvikvm( 2070): GC_FOR_ALLOC freed 3240K, 36% free 8007K/12340K, paused 5ms, total 5ms
02-03 10:46:31.301 D/dalvikvm( 2070): GC_FOR_ALLOC freed 3281K, 36% free 8008K/12340K, paused 5ms, total 5ms
02-03 10:46:31.311 D/dalvikvm( 2070): GC_FOR_ALLOC freed 3030K, 36% free 8012K/12340K, paused 5ms, total 5ms
02-03 10:46:31.321 D/dalvikvm( 2070): GC_FOR_ALLOC freed 2954K, 36% free 8015K/12340K, paused 5ms, total 6ms
02-03 10:46:31.331 D/dalvikvm( 2070): GC_FOR_ALLOC freed 2915K, 35% free 8131K/12340K, paused 5ms, total 5ms
02-03 10:46:31.341 D/dalvikvm( 2070): GC_FOR_ALLOC freed 2970K, 35% free 8139K/12340K, paused 5ms, total 5ms
02-03 10:46:31.341 D/dalvikvm( 2070): GC_FOR_ALLOC freed 2810K, 35% free 8065K/12340K, paused 5ms, total 5ms
02-03 10:46:31.351 D/dalvikvm( 2070): GC_FOR_ALLOC freed 2837K, 35% free 8028K/12340K, paused 5ms, total 5ms
02-03 10:46:31.361 D/dalvikvm( 2070): GC_FOR_ALLOC freed 2805K, 35% free 8074K/12340K, paused 5ms, total 5ms
02-03 10:46:31.361 D/dalvikvm( 2070): GC_FOR_ALLOC freed 2805K, 35% free 8078K/12340K, paused 4ms, total 4ms
02-03 10:46:31.371 D/dalvikvm( 2070): GC_FOR_ALLOC freed 2797K, 35% free 8036K/12340K, paused 4ms, total 4ms
02-03 10:46:31.381 D/dalvikvm( 2070): GC_FOR_ALLOC freed 2732K, 35% free 8086K/12340K, paused 5ms, total 5ms
02-03 10:46:31.391 D/dalvikvm( 2070): GC_FOR_ALLOC freed 2707K, 35% free 8089K/12340K, paused 5ms, total 5ms
02-03 10:46:31.391 D/dalvikvm( 2070): GC_FOR_ALLOC freed 2674K, 35% free 8043K/12340K, paused 5ms, total 5ms
02-03 10:46:31.401 D/dalvikvm( 2070): GC_FOR_ALLOC freed 2581K, 34% free 8198K/12340K, paused 4ms, total 4ms
02-03 10:46:31.411 D/dalvikvm( 2070): GC_FOR_ALLOC freed 2533K, 34% free 8203K/12340K, paused 5ms, total 5ms
02-03 10:46:31.411 D/dalvikvm( 2070): GC_FOR_ALLOC freed 2584K, 35% free 8102K/12340K, paused 3ms, total 3ms
02-03 10:46:31.421 D/dalvikvm( 2070): GC_FOR_ALLOC freed 2527K, 35% free 8052K/12340K, paused 3ms, total 4ms
02-03 10:46:31.421 D/dalvikvm( 2070): GC_FOR_ALLOC freed 2408K, 34% free 8218K/12340K, paused 3ms, total 3ms
02-03 10:46:31.431 D/dalvikvm( 2070): GC_FOR_ALLOC freed 2618K, 35% free 8056K/12340K, paused 3ms, total 3ms
02-03 10:46:31.431 D/dalvikvm( 2070): GC_FOR_ALLOC freed 2493K, 35% free 8114K/12340K, paused 4ms, total 4ms
02-03 10:46:31.441 D/dalvikvm( 2070): GC_FOR_ALLOC freed 2303K, 35% free 8059K/12340K, paused 4ms, total 4ms
02-03 10:46:31.441 D/dalvikvm( 2070): GC_FOR_ALLOC freed 2455K, 35% free 8061K/12340K, paused 3ms, total 3ms
02-03 10:46:31.451 D/dalvikvm( 2070): GC_FOR_ALLOC freed 2492K, 35% free 8063K/12340K, paused 3ms, total 3ms
02-03 10:46:31.451 D/dalvikvm( 2070): GC_FOR_ALLOC freed 2530K, 35% free 8065K/12340K, paused 4ms, total 4ms
02-03 10:46:31.461 D/dalvikvm( 2070): GC_FOR_ALLOC freed 2568K, 35% free 8066K/12340K, paused 3ms, total 3ms
02-03 10:46:31.461 D/dalvikvm( 2070): GC_FOR_ALLOC freed 2293K, 34% free 8254K/12340K, paused 3ms, total 3ms
02-03 10:46:31.471 D/dalvikvm( 2070): GC_FOR_ALLOC freed 2196K, 34% free 8258K/12340K, paused 3ms, total 3ms
02-03 10:46:31.481 D/dalvikvm( 2070): GC_FOR_ALLOC freed 2222K, 35% free 8134K/12340K, paused 4ms, total 4ms
02-03 10:46:31.481 D/dalvikvm( 2070): GC_FOR_ALLOC freed 2248K, 35% free 8136K/12340K, paused 3ms, total 3ms
02-03 10:46:31.491 D/dalvikvm( 2070): GC_FOR_ALLOC freed 2274K, 35% free 8138K/12340K, paused 4ms, total 5ms
02-03 10:46:31.491 D/dalvikvm( 2070): GC_FOR_ALLOC freed 2169K, 35% free 8075K/12340K, paused 4ms, total 4ms
02-03 10:46:31.501 D/dalvikvm( 2070): GC_FOR_ALLOC freed 2325K, 35% free 8077K/12340K, paused 5ms, total 5ms
02-03 10:46:31.501 D/dalvikvm( 2070): GC_FOR_ALLOC freed 2014K, 33% free 8279K/12340K, paused 3ms, total 3ms
02-03 10:46:31.511 D/dalvikvm( 2070): GC_FOR_ALLOC freed 2238K, 35% free 8079K/12340K, paused 3ms, total 3ms
02-03 10:46:31.511 D/dalvikvm( 2070): GC_FOR_ALLOC freed 2398K, 35% free 8081K/12340K, paused 3ms, total 3ms
02-03 10:46:31.521 D/dalvikvm( 2070): GC_FOR_ALLOC freed 2425K, 35% free 8082K/12340K, paused 4ms, total 4ms
02-03 10:46:31.531 D/dalvikvm( 2070): GC_FOR_ALLOC freed 2451K, 35% free 8084K/12340K, paused 4ms, total 4ms
02-03 10:46:31.531 D/dalvikvm( 2070): GC_FOR_ALLOC freed 2121K, 33% free 8297K/12340K, paused 4ms, total 4ms
02-03 10:46:31.541 D/dalvikvm( 2070): GC_FOR_ALLOC freed 1997K, 33% free 8300K/12340K, paused 3ms, total 3ms
02-03 10:46:31.541 D/dalvikvm( 2070): GC_FOR_ALLOC freed 2014K, 33% free 8303K/12340K, paused 3ms, total 3ms
02-03 10:46:31.551 D/dalvikvm( 2070): GC_FOR_ALLOC freed 2031K, 33% free 8306K/12340K, paused 3ms, total 3ms
02-03 10:46:31.551 D/dalvikvm( 2070): GC_FOR_ALLOC freed 2047K, 34% free 8163K/12340K, paused 3ms, total 3ms
02-03 10:46:31.561 D/dalvikvm( 2070): GC_FOR_ALLOC freed 2064K, 34% free 8164K/12340K, paused 4ms, total 4ms
02-03 10:46:31.561 D/dalvikvm( 2070): GC_FOR_ALLOC freed 2081K, 34% free 8166K/12340K, paused 3ms, total 3ms
02-03 10:46:31.571 D/dalvikvm( 2070): GC_FOR_ALLOC freed 2098K, 34% free 8168K/12340K, paused 3ms, total 3ms
02-03 10:46:31.571 D/dalvikvm( 2070): GC_FOR_ALLOC freed 2114K, 34% free 8170K/12340K, paused 5ms, total 5ms
02-03 10:46:31.581 D/dalvikvm( 2070): GC_FOR_ALLOC freed 1979K, 35% free 8096K/12340K, paused 3ms, total 3ms
02-03 10:46:31.581 D/dalvikvm( 2070): GC_FOR_ALLOC freed 2147K, 35% free 8097K/12340K, paused 3ms, total 3ms
02-03 10:46:31.591 D/dalvikvm( 2070): GC_FOR_ALLOC freed 2163K, 35% free 8098K/12340K, paused 3ms, total 3ms
02-03 10:46:31.591 D/dalvikvm( 2070): GC_FOR_ALLOC freed 1789K, 33% free 8332K/12340K, paused 3ms, total 3ms
02-03 10:46:31.601 D/dalvikvm( 2070): GC_FOR_ALLOC freed 2037K, 35% free 8100K/12340K, paused 3ms, total 3ms
02-03 10:46:31.601 D/dalvikvm( 2070): GC_FOR_ALLOC freed 1813K, 33% free 8337K/12340K, paused 4ms, total 4ms
02-03 10:46:31.611 D/dalvikvm( 2070): GC_FOR_ALLOC freed 2064K, 35% free 8102K/12340K, paused 4ms, total 4ms
02-03 10:46:31.611 D/dalvikvm( 2070): GC_FOR_ALLOC freed 1838K, 33% free 8343K/12340K, paused 3ms, total 3ms
02-03 10:46:31.621 D/dalvikvm( 2070): GC_FOR_ALLOC freed 2094K, 35% free 8105K/12340K, paused 3ms, total 3ms
02-03 10:46:31.621 D/dalvikvm( 2070): GC_FOR_ALLOC freed 1864K, 33% free 8348K/12340K, paused 3ms, total 3ms
02-03 10:46:31.631 D/dalvikvm( 2070): GC_FOR_ALLOC freed 2122K, 35% free 8107K/12340K, paused 3ms, total 3ms
02-03 10:46:31.631 D/dalvikvm( 2070): GC_FOR_ALLOC freed 1889K, 33% free 8354K/12340K, paused 3ms, total 3ms
02-03 10:46:31.641 D/dalvikvm( 2070): GC_FOR_ALLOC freed 2150K, 35% free 8109K/12340K, paused 3ms, total 3ms
02-03 10:46:31.641 D/dalvikvm( 2070): GC_FOR_ALLOC freed 1914K, 33% free 8360K/12340K, paused 4ms, total 4ms
02-03 10:46:31.651 D/dalvikvm( 2070): GC_FOR_ALLOC freed 2180K, 35% free 8111K/12340K, paused 3ms, total 3ms
02-03 10:46:31.651 D/dalvikvm( 2070): GC_FOR_ALLOC freed 1940K, 33% free 8365K/12340K, paused 3ms, total 3ms
02-03 10:46:31.661 D/dalvikvm( 2070): GC_FOR_ALLOC freed 2207K, 35% free 8113K/12340K, paused 4ms, total 4ms
02-03 10:46:31.661 D/dalvikvm( 2070): GC_FOR_ALLOC freed 1964K, 34% free 8199K/12340K, paused 3ms, total 3ms
02-03 10:46:31.671 D/dalvikvm( 2070): GC_FOR_ALLOC freed 1803K, 34% free 8201K/12340K, paused 3ms, total 3ms
02-03 10:46:31.671 D/dalvikvm( 2070): GC_FOR_ALLOC freed 1812K, 33% free 8375K/12340K, paused 4ms, total 4ms
02-03 10:46:31.681 D/dalvikvm( 2070): GC_FOR_ALLOC freed 2257K, 36% free 8117K/12516K, paused 3ms, total 3ms
02-03 10:46:31.681 D/dalvikvm( 2070): GC_FOR_ALLOC freed 2008K, 34% free 8380K/12516K, paused 3ms, total 3ms
02-03 10:46:31.691 D/dalvikvm( 2070): GC_FOR_ALLOC freed 2285K, 36% free 8119K/12516K, paused 3ms, total 3ms
02-03 10:46:31.691 D/dalvikvm( 2070): GC_FOR_ALLOC freed 2032K, 34% free 8385K/12516K, paused 3ms, total 3ms
02-03 10:46:31.701 D/dalvikvm( 2070): GC_FOR_ALLOC freed 2312K, 36% free 8122K/12516K, paused 3ms, total 3ms
02-03 10:46:31.701 D/dalvikvm( 2070): GC_FOR_ALLOC freed 2056K, 33% free 8390K/12516K, paused 4ms, total 4ms
02-03 10:46:31.711 D/dalvikvm( 2070): GC_FOR_ALLOC freed 2339K, 36% free 8124K/12516K, paused 4ms, total 4ms
02-03 10:46:31.711 D/dalvikvm( 2070): GC_FOR_ALLOC freed 2080K, 33% free 8396K/12516K, paused 3ms, total 3ms
02-03 10:46:31.721 D/dalvikvm( 2070): GC_FOR_ALLOC freed 2366K, 36% free 8126K/12516K, paused 3ms, total 3ms
02-03 10:46:31.721 D/dalvikvm( 2070): GC_FOR_ALLOC freed 2104K, 33% free 8401K/12516K, paused 4ms, total 4ms
02-03 10:46:31.731 D/dalvikvm( 2070): GC_FOR_ALLOC freed 2393K, 36% free 8128K/12516K, paused 3ms, total 3ms
02-03 10:46:31.731 D/dalvikvm( 2070): GC_FOR_ALLOC freed 2128K, 33% free 8406K/12516K, paused 3ms, total 3ms
02-03 10:46:31.741 D/dalvikvm( 2070): GC_FOR_ALLOC freed 1954K, 33% free 8408K/12516K, paused 6ms, total 6ms
02-03 10:46:31.751 D/dalvikvm( 2070): GC_FOR_ALLOC freed 1963K, 33% free 8410K/12516K, paused 3ms, total 3ms
02-03 10:46:31.751 D/dalvikvm( 2070): GC_FOR_ALLOC freed 1972K, 33% free 8413K/12516K, paused 3ms, total 3ms
02-03 10:46:31.761 D/dalvikvm( 2070): GC_FOR_ALLOC freed 1982K, 33% free 8415K/12516K, paused 3ms, total 3ms
02-03 10:46:31.761 D/dalvikvm( 2070): GC_FOR_ALLOC freed 1991K, 33% free 8417K/12516K, paused 3ms, total 3ms
02-03 10:46:31.771 D/dalvikvm( 2070): GC_FOR_ALLOC freed 2001K, 33% free 8419K/12516K, paused 4ms, total 4ms
02-03 10:46:31.771 D/dalvikvm( 2070): GC_FOR_ALLOC freed 2010K, 33% free 8422K/12516K, paused 3ms, total 3ms
02-03 10:46:31.781 D/dalvikvm( 2070): GC_FOR_ALLOC freed 2019K, 33% free 8424K/12516K, paused 3ms, total 3ms
02-03 10:46:31.781 D/dalvikvm( 2070): GC_FOR_ALLOC freed 2029K, 33% free 8426K/12516K, paused 3ms, total 3ms
02-03 10:46:31.791 D/dalvikvm( 2070): GC_FOR_ALLOC freed 2038K, 33% free 8428K/12516K, paused 3ms, total 3ms
02-03 10:46:31.791 D/dalvikvm( 2070): GC_FOR_ALLOC freed 2048K, 33% free 8431K/12516K, paused 4ms, total 4ms
02-03 10:46:31.801 D/dalvikvm( 2070): GC_FOR_ALLOC freed 2057K, 33% free 8433K/12516K, paused 4ms, total 4ms
02-03 10:46:31.801 D/dalvikvm( 2070): GC_FOR_ALLOC freed 2066K, 33% free 8435K/12516K, paused 4ms, total 4ms
02-03 10:46:31.811 D/dalvikvm( 2070): GC_FOR_ALLOC freed 2076K, 33% free 8437K/12516K, paused 4ms, total 4ms
02-03 10:46:31.811 D/dalvikvm( 2070): GC_FOR_ALLOC freed 2085K, 33% free 8440K/12516K, paused 3ms, total 3ms
02-03 10:46:31.821 D/dalvikvm( 2070): GC_FOR_ALLOC freed 2095K, 33% free 8442K/12516K, paused 4ms, total 4ms
02-03 10:46:31.821 D/dalvikvm( 2070): GC_FOR_ALLOC freed 2104K, 33% free 8444K/12516K, paused 5ms, total 5ms
02-03 10:46:31.831 D/dalvikvm( 2070): GC_FOR_ALLOC freed 2114K, 35% free 8245K/12516K, paused 3ms, total 4ms
02-03 10:46:31.831 D/dalvikvm( 2070): GC_FOR_ALLOC freed 2123K, 35% free 8246K/12516K, paused 3ms, total 3ms
02-03 10:46:31.841 D/dalvikvm( 2070): GC_FOR_ALLOC freed 2132K, 35% free 8248K/12516K, paused 5ms, total 5ms
02-03 10:46:31.851 D/dalvikvm( 2070): GC_FOR_ALLOC freed 2142K, 35% free 8249K/12516K, paused 4ms, total 4ms
02-03 10:46:31.851 D/dalvikvm( 2070): GC_FOR_ALLOC freed 2520K, 35% free 8146K/12516K, paused 4ms, total 4ms
02-03 10:46:31.861 D/dalvikvm( 2070): GC_FOR_ALLOC freed 1750K, 33% free 8476K/12516K, paused 3ms, total 3ms
02-03 10:46:31.861 D/dalvikvm( 2070): GC_FOR_ALLOC freed 2087K, 35% free 8146K/12516K, paused 3ms, total 3ms
02-03 10:46:31.871 D/dalvikvm( 2070): GC_FOR_ALLOC freed 847K, 40% free 7630K/12516K, paused 3ms, total 3ms
02-03 10:46:31.871 I/dalvikvm-heap( 2070): Grow heap (frag case) to 8.494MB for 1048592-byte allocation
02-03 10:46:31.871 D/dalvikvm( 2070): GC_FOR_ALLOC freed 4K, 37% free 8650K/13544K, paused 3ms, total 3ms
02-03 10:46:31.881 D/dalvikvm( 2070): GC_FOR_ALLOC freed <1K, 29% free 9674K/13544K, paused 2ms, total 2ms
02-03 10:46:31.881 I/dalvikvm-heap( 2070): Grow heap (frag case) to 10.491MB for 1048592-byte allocation
02-03 10:46:31.881 D/dalvikvm( 2070): GC_FOR_ALLOC freed <1K, 27% free 10698K/14572K, paused 3ms, total 3ms
02-03 10:46:32.211 D/dalvikvm( 2070): GC_CONCURRENT freed 6744K, 46% free 8022K/14828K, paused 2ms+2ms, total 9ms
02-03 10:46:32.211 D/dalvikvm( 2070): WAIT_FOR_CONCURRENT_GC blocked 7ms
02-03 10:46:32.231 D/dalvikvm( 2070): GC_CONCURRENT freed 4017K, 35% free 8081K/12404K, paused 1ms+1ms, total 9ms
02-03 10:46:32.231 D/dalvikvm( 2070): WAIT_FOR_CONCURRENT_GC blocked 5ms
02-03 10:46:32.241 D/dalvikvm( 2070): GC_FOR_ALLOC freed 3715K, 36% free 8020K/12404K, paused 6ms, total 6ms
02-03 10:46:32.251 D/dalvikvm( 2070): GC_FOR_ALLOC freed 3567K, 36% free 7999K/12404K, paused 4ms, total 4ms
02-03 10:46:32.261 D/dalvikvm( 2070): GC_FOR_ALLOC freed 3331K, 36% free 8030K/12404K, paused 5ms, total 5ms
02-03 10:46:32.271 D/dalvikvm( 2070): GC_FOR_ALLOC freed 3245K, 36% free 8033K/12404K, paused 5ms, total 5ms
02-03 10:46:32.281 D/dalvikvm( 2070): GC_FOR_ALLOC freed 3221K, 36% free 8004K/12404K, paused 3ms, total 3ms
02-03 10:46:32.291 D/dalvikvm( 2070): GC_FOR_ALLOC freed 2859K, 35% free 8109K/12404K, paused 4ms, total 4ms
02-03 10:46:32.291 D/dalvikvm( 2070): GC_FOR_ALLOC freed 2945K, 35% free 8118K/12404K, paused 3ms, total 3ms
02-03 10:46:32.301 D/dalvikvm( 2070): GC_FOR_ALLOC freed 3021K, 36% free 8015K/12404K, paused 4ms, total 4ms
02-03 10:46:32.301 D/dalvikvm( 2070): GC_FOR_ALLOC freed 2967K, 36% free 8018K/12404K, paused 3ms, total 3ms
02-03 10:46:32.311 D/dalvikvm( 2070): GC_FOR_ALLOC freed 2889K, 36% free 8061K/12404K, paused 4ms, total 4ms
02-03 10:46:32.311 D/dalvikvm( 2070): GC_FOR_ALLOC freed 2922K, 35% free 8066K/12404K, paused 3ms, total 3ms
02-03 10:46:32.321 D/dalvikvm( 2070): GC_FOR_ALLOC freed 2720K, 35% free 8157K/12404K, paused 3ms, total 4ms
02-03 10:46:32.331 D/dalvikvm( 2070): GC_FOR_ALLOC freed 2805K, 35% free 8074K/12404K, paused 4ms, total 4ms
02-03 10:46:32.331 D/dalvikvm( 2070): GC_FOR_ALLOC freed 2797K, 36% free 8032K/12404K, paused 3ms, total 3ms
02-03 10:46:32.341 D/dalvikvm( 2070): GC_FOR_ALLOC freed 2732K, 35% free 8082K/12404K, paused 4ms, total 4ms
02-03 10:46:32.341 D/dalvikvm( 2070): GC_FOR_ALLOC freed 2707K, 35% free 8085K/12404K, paused 3ms, total 3ms
02-03 10:46:32.351 D/dalvikvm( 2070): GC_FOR_ALLOC freed 2674K, 36% free 8039K/12404K, paused 3ms, total 3ms
02-03 10:46:32.351 D/dalvikvm( 2070): GC_FOR_ALLOC freed 2581K, 34% free 8194K/12404K, paused 3ms, total 3ms
02-03 10:46:32.361 D/dalvikvm( 2070): GC_FOR_ALLOC freed 2533K, 34% free 8199K/12404K, paused 3ms, total 3ms
02-03 10:46:32.371 D/dalvikvm( 2070): GC_FOR_ALLOC freed 2584K, 34% free 8204K/12404K, paused 3ms, total 3ms
02-03 10:46:32.371 D/dalvikvm( 2070): GC_FOR_ALLOC freed 2527K, 36% free 8048K/12404K, paused 3ms, total 3ms
02-03 10:46:32.381 D/dalvikvm( 2070): GC_FOR_ALLOC freed 2685K, 36% free 8050K/12404K, paused 3ms, total 3ms
02-03 10:46:32.381 D/dalvikvm( 2070): GC_FOR_ALLOC freed 2736K, 36% free 8052K/12404K, paused 3ms, total 3ms
02-03 10:46:32.391 D/dalvikvm( 2070): GC_FOR_ALLOC freed 2500K, 35% free 8110K/12404K, paused 3ms, total 3ms
02-03 10:46:32.391 D/dalvikvm( 2070): GC_FOR_ALLOC freed 2309K, 36% free 8055K/12404K, paused 3ms, total 3ms
02-03 10:46:32.401 D/dalvikvm( 2070): GC_FOR_ALLOC freed 2461K, 36% free 8057K/12404K, paused 3ms, total 3ms
02-03 10:46:32.401 D/dalvikvm( 2070): GC_FOR_ALLOC freed 2499K, 36% free 8059K/12404K, paused 3ms, total 4ms
02-03 10:46:32.411 D/dalvikvm( 2070): GC_FOR_ALLOC freed 2536K, 36% free 8061K/12404K, paused 5ms, total 5ms
02-03 10:46:32.411 D/dalvikvm( 2070): GC_FOR_ALLOC freed 2574K, 35% free 8063K/12404K, paused 3ms, total 3ms
02-03 10:46:32.421 D/dalvikvm( 2070): GC_FOR_ALLOC freed 2612K, 35% free 8064K/12404K, paused 3ms, total 3ms
02-03 10:46:32.421 D/dalvikvm( 2070): GC_FOR_ALLOC freed 2649K, 35% free 8066K/12404K, paused 3ms, total 3ms
02-03 10:46:32.431 D/dalvikvm( 2070): GC_FOR_ALLOC freed 2365K, 35% free 8131K/12404K, paused 3ms, total 3ms
02-03 10:46:32.431 D/dalvikvm( 2070): GC_FOR_ALLOC freed 2264K, 35% free 8134K/12404K, paused 4ms, total 4ms
02-03 10:46:32.441 D/dalvikvm( 2070): GC_FOR_ALLOC freed 2159K, 35% free 8071K/12404K, paused 3ms, total 3ms
02-03 10:46:32.441 D/dalvikvm( 2070): GC_FOR_ALLOC freed 2315K, 35% free 8072K/12404K, paused 3ms, total 3ms
02-03 10:46:32.451 D/dalvikvm( 2070): GC_FOR_ALLOC freed 2341K, 35% free 8074K/12404K, paused 3ms, total 3ms
02-03 10:46:32.451 D/dalvikvm( 2070): GC_FOR_ALLOC freed 2367K, 35% free 8075K/12404K, paused 3ms, total 3ms
02-03 10:46:32.461 D/dalvikvm( 2070): GC_FOR_ALLOC freed 2393K, 35% free 8077K/12404K, paused 3ms, total 3ms
02-03 10:46:32.461 D/dalvikvm( 2070): GC_FOR_ALLOC freed 2419K, 35% free 8078K/12404K, paused 3ms, total 3ms
02-03 10:46:32.471 D/dalvikvm( 2070): GC_FOR_ALLOC freed 2446K, 35% free 8080K/12404K, paused 4ms, total 4ms
02-03 10:46:32.471 D/dalvikvm( 2070): GC_FOR_ALLOC freed 2117K, 34% free 8292K/12404K, paused 3ms, total 3ms
02-03 10:46:32.481 D/dalvikvm( 2070): GC_FOR_ALLOC freed 2351K, 35% free 8082K/12404K, paused 4ms, total 4ms
02-03 10:46:32.481 D/dalvikvm( 2070): GC_FOR_ALLOC freed 2519K, 35% free 8084K/12404K, paused 3ms, total 3ms
02-03 10:46:32.491 D/dalvikvm( 2070): GC_FOR_ALLOC freed 2545K, 35% free 8085K/12404K, paused 4ms, total 4ms
02-03 10:46:32.491 D/dalvikvm( 2070): GC_FOR_ALLOC freed 2202K, 34% free 8307K/12404K, paused 4ms, total 4ms
02-03 10:46:32.501 D/dalvikvm( 2070): GC_FOR_ALLOC freed 2073K, 34% free 8310K/12404K, paused 3ms, total 3ms
02-03 10:46:32.501 D/dalvikvm( 2070): GC_FOR_ALLOC freed 2089K, 33% free 8313K/12404K, paused 3ms, total 3ms
02-03 10:46:32.511 D/dalvikvm( 2070): GC_FOR_ALLOC freed 2106K, 33% free 8316K/12404K, paused 3ms, total 3ms
02-03 10:46:32.511 D/dalvikvm( 2070): GC_FOR_ALLOC freed 2123K, 35% free 8167K/12404K, paused 3ms, total 4ms
02-03 10:46:32.521 D/dalvikvm( 2070): GC_FOR_ALLOC freed 1986K, 35% free 8093K/12404K, paused 3ms, total 3ms
02-03 10:46:32.521 D/dalvikvm( 2070): GC_FOR_ALLOC freed 2155K, 35% free 8094K/12404K, paused 3ms, total 3ms
02-03 10:46:32.531 D/dalvikvm( 2070): GC_FOR_ALLOC freed 2172K, 35% free 8095K/12404K, paused 4ms, total 4ms
02-03 10:46:32.531 D/dalvikvm( 2070): GC_FOR_ALLOC freed 2189K, 35% free 8096K/12404K, paused 3ms, total 3ms
02-03 10:46:32.541 D/dalvikvm( 2070): GC_FOR_ALLOC freed 2205K, 35% free 8097K/12404K, paused 3ms, total 3ms
02-03 10:46:32.541 D/dalvikvm( 2070): GC_FOR_ALLOC freed 2222K, 35% free 8098K/12404K, paused 3ms, total 3ms
02-03 10:46:32.551 D/dalvikvm( 2070): GC_FOR_ALLOC freed 2239K, 35% free 8100K/12404K, paused 3ms, total 3ms
02-03 10:46:32.551 D/dalvikvm( 2070): GC_FOR_ALLOC freed 2258K, 35% free 8101K/12404K, paused 3ms, total 3ms
02-03 10:46:32.561 D/dalvikvm( 2070): GC_FOR_ALLOC freed 2275K, 35% free 8102K/12404K, paused 3ms, total 3ms
02-03 10:46:32.561 D/dalvikvm( 2070): GC_FOR_ALLOC freed 2293K, 35% free 8104K/12404K, paused 3ms, total 3ms
02-03 10:46:32.571 D/dalvikvm( 2070): GC_FOR_ALLOC freed 1896K, 33% free 8351K/12404K, paused 3ms, total 3ms
02-03 10:46:32.571 D/dalvikvm( 2070): GC_FOR_ALLOC freed 2158K, 35% free 8106K/12404K, paused 4ms, total 4ms
02-03 10:46:32.581 D/dalvikvm( 2070): GC_FOR_ALLOC freed 1922K, 33% free 8357K/12404K, paused 4ms, total 4ms
02-03 10:46:32.581 D/dalvikvm( 2070): GC_FOR_ALLOC freed 2187K, 35% free 8108K/12404K, paused 3ms, total 3ms
02-03 10:46:32.591 D/dalvikvm( 2070): GC_FOR_ALLOC freed 1946K, 33% free 8362K/12404K, paused 3ms, total 3ms
02-03 10:46:32.591 D/dalvikvm( 2070): GC_FOR_ALLOC freed 2215K, 35% free 8110K/12404K, paused 4ms, total 4ms
02-03 10:46:32.601 D/dalvikvm( 2070): GC_FOR_ALLOC freed 1970K, 33% free 8368K/12404K, paused 3ms, total 3ms
02-03 10:46:32.601 D/dalvikvm( 2070): GC_FOR_ALLOC freed 2242K, 35% free 8112K/12404K, paused 3ms, total 3ms
02-03 10:46:32.611 D/dalvikvm( 2070): GC_FOR_ALLOC freed 1994K, 33% free 8373K/12404K, paused 4ms, total 4ms
02-03 10:46:32.611 D/dalvikvm( 2070): GC_FOR_ALLOC freed 2269K, 35% free 8114K/12404K, paused 3ms, total 3ms
02-03 10:46:32.621 D/dalvikvm( 2070): GC_FOR_ALLOC freed 2019K, 33% free 8378K/12404K, paused 3ms, total 3ms
02-03 10:46:32.621 D/dalvikvm( 2070): GC_FOR_ALLOC freed 2296K, 35% free 8116K/12404K, paused 3ms, total 3ms
02-03 10:46:32.631 D/dalvikvm( 2070): GC_FOR_ALLOC freed 2043K, 33% free 8383K/12404K, paused 3ms, total 3ms
02-03 10:46:32.631 D/dalvikvm( 2070): GC_FOR_ALLOC freed 2323K, 35% free 8118K/12404K, paused 3ms, total 3ms
02-03 10:46:32.641 D/dalvikvm( 2070): GC_FOR_ALLOC freed 2067K, 33% free 8389K/12404K, paused 3ms, total 3ms
02-03 10:46:32.641 D/dalvikvm( 2070): GC_FOR_ALLOC freed 2351K, 35% free 8121K/12404K, paused 3ms, total 3ms
02-03 10:46:32.651 D/dalvikvm( 2070): GC_FOR_ALLOC freed 2091K, 34% free 8212K/12404K, paused 4ms, total 4ms
02-03 10:46:32.651 D/dalvikvm( 2070): GC_FOR_ALLOC freed 1736K, 35% free 8122K/12404K, paused 3ms, total 3ms
02-03 10:46:32.651 D/dalvikvm( 2070): GC_FOR_ALLOC freed 1928K, 35% free 8123K/12404K, paused 3ms, total 3ms
02-03 10:46:32.661 D/dalvikvm( 2070): GC_FOR_ALLOC freed 1937K, 35% free 8124K/12404K, paused 4ms, total 5ms
02-03 10:46:32.671 D/dalvikvm( 2070): GC_FOR_ALLOC freed 1946K, 35% free 8125K/12404K, paused 3ms, total 3ms
02-03 10:46:32.671 D/dalvikvm( 2070): GC_FOR_ALLOC freed 1956K, 35% free 8126K/12404K, paused 3ms, total 3ms
02-03 10:46:32.671 D/dalvikvm( 2070): GC_FOR_ALLOC freed 1965K, 35% free 8127K/12404K, paused 3ms, total 3ms
02-03 10:46:32.681 D/dalvikvm( 2070): GC_FOR_ALLOC freed 1975K, 35% free 8128K/12404K, paused 3ms, total 3ms
02-03 10:46:32.681 D/dalvikvm( 2070): GC_FOR_ALLOC freed 1984K, 35% free 8129K/12404K, paused 3ms, total 3ms
02-03 10:46:32.691 D/dalvikvm( 2070): GC_FOR_ALLOC freed 1993K, 35% free 8129K/12404K, paused 3ms, total 4ms
02-03 10:46:32.691 D/dalvikvm( 2070): GC_FOR_ALLOC freed 2003K, 35% free 8130K/12404K, paused 3ms, total 3ms
02-03 10:46:32.701 D/dalvikvm( 2070): GC_FOR_ALLOC freed 2012K, 35% free 8131K/12404K, paused 4ms, total 4ms
02-03 10:46:32.701 D/dalvikvm( 2070): GC_FOR_ALLOC freed 2022K, 35% free 8132K/12404K, paused 3ms, total 3ms
02-03 10:46:32.711 D/dalvikvm( 2070): GC_FOR_ALLOC freed 2031K, 35% free 8133K/12404K, paused 3ms, total 3ms
02-03 10:46:32.711 D/dalvikvm( 2070): GC_FOR_ALLOC freed 2041K, 35% free 8134K/12404K, paused 3ms, total 3ms
02-03 10:46:32.721 D/dalvikvm( 2070): GC_FOR_ALLOC freed 2050K, 35% free 8135K/12404K, paused 4ms, total 4ms
02-03 10:46:32.721 D/dalvikvm( 2070): GC_FOR_ALLOC freed 2059K, 35% free 8136K/12404K, paused 3ms, total 3ms
02-03 10:46:32.731 D/dalvikvm( 2070): GC_FOR_ALLOC freed 2069K, 35% free 8137K/12404K, paused 3ms, total 3ms
02-03 10:46:32.731 D/dalvikvm( 2070): GC_FOR_ALLOC freed 2078K, 35% free 8138K/12404K, paused 3ms, total 3ms
02-03 10:46:32.741 D/dalvikvm( 2070): GC_FOR_ALLOC freed 2088K, 35% free 8138K/12404K, paused 3ms, total 3ms
02-03 10:46:32.741 D/dalvikvm( 2070): GC_FOR_ALLOC freed 2097K, 35% free 8139K/12404K, paused 4ms, total 4ms
02-03 10:46:32.751 D/dalvikvm( 2070): GC_FOR_ALLOC freed 2106K, 35% free 8140K/12404K, paused 3ms, total 3ms
02-03 10:46:32.751 D/dalvikvm( 2070): GC_FOR_ALLOC freed 2116K, 35% free 8141K/12404K, paused 3ms, total 3ms
02-03 10:46:32.761 D/dalvikvm( 2070): GC_FOR_ALLOC freed 2125K, 35% free 8142K/12404K, paused 3ms, total 3ms
02-03 10:46:32.761 D/dalvikvm( 2070): GC_FOR_ALLOC freed 1625K, 32% free 8447K/12404K, paused 3ms, total 3ms
02-03 10:46:32.771 D/dalvikvm( 2070): GC_FOR_ALLOC freed 1938K, 35% free 8144K/12404K, paused 4ms, total 4ms
02-03 10:46:32.771 D/dalvikvm( 2070): GC_FOR_ALLOC freed 1973K, 34% free 8250K/12404K, paused 3ms, total 3ms
02-03 10:46:32.781 D/dalvikvm( 2070): GC_FOR_ALLOC freed 2276K, 35% free 8146K/12404K, paused 3ms, total 3ms
02-03 10:46:32.781 D/dalvikvm( 2070): GC_FOR_ALLOC freed 1757K, 34% free 8256K/12404K, paused 3ms, total 3ms
02-03 10:46:32.791 D/dalvikvm( 2070): GC_FOR_ALLOC freed 1400K, 39% free 7626K/12404K, paused 3ms, total 3ms
02-03 10:46:32.791 I/dalvikvm-heap( 2070): Grow heap (frag case) to 8.490MB for 1048592-byte allocation
02-03 10:46:32.791 D/dalvikvm( 2070): GC_FOR_ALLOC freed 4K, 36% free 8646K/13432K, paused 2ms, total 2ms
02-03 10:46:32.791 D/dalvikvm( 2070): GC_FOR_ALLOC freed <1K, 36% free 8646K/13432K, paused 2ms, total 2ms
02-03 10:46:32.791 I/dalvikvm-heap( 2070): Grow heap (frag case) to 9.487MB for 1048592-byte allocation
02-03 10:46:32.801 D/dalvikvm( 2070): GC_FOR_ALLOC freed <1K, 34% free 9670K/14460K, paused 2ms, total 2ms
02-03 10:46:32.801 D/dalvikvm( 2070): GC_FOR_ALLOC freed <1K, 34% free 9670K/14460K, paused 3ms, total 3ms
02-03 10:46:32.801 I/dalvikvm-heap( 2070): Grow heap (frag case) to 10.487MB for 1048592-byte allocation
02-03 10:46:32.801 D/dalvikvm( 2070): GC_FOR_ALLOC freed 0K, 31% free 10694K/15488K, paused 3ms, total 3ms
02-03 10:46:33.251 D/dalvikvm( 2070): GC_CONCURRENT freed 6788K, 49% free 7966K/15488K, paused 2ms+2ms, total 33ms
02-03 10:46:33.251 D/dalvikvm( 2070): WAIT_FOR_CONCURRENT_GC blocked 31ms
02-03 10:46:33.271 D/dalvikvm( 2070): GC_CONCURRENT freed 4014K, 35% free 8028K/12340K, paused 2ms+2ms, total 8ms
02-03 10:46:33.271 D/dalvikvm( 2070): WAIT_FOR_CONCURRENT_GC blocked 6ms
02-03 10:46:33.281 D/dalvikvm( 2070): GC_FOR_ALLOC freed 3587K, 36% free 7993K/12340K, paused 5ms, total 5ms
02-03 10:46:33.291 D/dalvikvm( 2070): GC_FOR_ALLOC freed 3590K, 36% free 7986K/12340K, paused 6ms, total 6ms
02-03 10:46:33.301 D/dalvikvm( 2070): GC_FOR_ALLOC freed 3452K, 35% free 8049K/12340K, paused 4ms, total 5ms
02-03 10:46:33.311 D/dalvikvm( 2070): GC_FOR_ALLOC freed 3245K, 35% free 8057K/12340K, paused 3ms, total 3ms
02-03 10:46:33.311 D/dalvikvm( 2070): GC_FOR_ALLOC freed 3221K, 36% free 7968K/12340K, paused 4ms, total 5ms
02-03 10:46:33.321 D/dalvikvm( 2070): GC_FOR_ALLOC freed 3030K, 36% free 7972K/12340K, paused 4ms, total 4ms
02-03 10:46:33.331 D/dalvikvm( 2070): GC_FOR_ALLOC freed 3026K, 36% free 8011K/12340K, paused 4ms, total 4ms
02-03 10:46:33.331 D/dalvikvm( 2070): GC_FOR_ALLOC freed 2844K, 35% free 8091K/12340K, paused 3ms, total 3ms
02-03 10:46:33.341 D/dalvikvm( 2070): GC_FOR_ALLOC freed 2970K, 35% free 8099K/12340K, paused 4ms, total 4ms
02-03 10:46:33.341 D/dalvikvm( 2070): GC_FOR_ALLOC freed 2810K, 35% free 8025K/12340K, paused 3ms, total 3ms
02-03 10:46:33.351 D/dalvikvm( 2070): GC_FOR_ALLOC freed 2837K, 36% free 7988K/12340K, paused 3ms, total 3ms
02-03 10:46:33.361 D/dalvikvm( 2070): GC_FOR_ALLOC freed 2805K, 35% free 8034K/12340K, paused 4ms, total 4ms
02-03 10:46:33.361 D/dalvikvm( 2070): GC_FOR_ALLOC freed 2715K, 36% free 7993K/12340K, paused 3ms, total 3ms
02-03 10:46:33.371 D/dalvikvm( 2070): GC_FOR_ALLOC freed 2887K, 36% free 7996K/12340K, paused 3ms, total 3ms
02-03 10:46:33.371 D/dalvikvm( 2070): GC_FOR_ALLOC freed 2732K, 35% free 8046K/12340K, paused 3ms, total 3ms
02-03 10:46:33.381 D/dalvikvm( 2070): GC_FOR_ALLOC freed 2707K, 35% free 8049K/12340K, paused 4ms, total 4ms
02-03 10:46:33.381 D/dalvikvm( 2070): GC_FOR_ALLOC freed 2674K, 36% free 8003K/12340K, paused 3ms, total 3ms
02-03 10:46:33.391 D/dalvikvm( 2070): GC_FOR_ALLOC freed 2581K, 34% free 8158K/12340K, paused 3ms, total 3ms
02-03 10:46:33.391 D/dalvikvm( 2070): GC_FOR_ALLOC freed 2533K, 34% free 8163K/12340K, paused 4ms, total 4ms
02-03 10:46:33.401 D/dalvikvm( 2070): GC_FOR_ALLOC freed 2584K, 35% free 8062K/12340K, paused 3ms, total 3ms
02-03 10:46:33.401 D/dalvikvm( 2070): GC_FOR_ALLOC freed 2527K, 36% free 8012K/12340K, paused 3ms, total 3ms
02-03 10:46:33.411 D/dalvikvm( 2070): GC_FOR_ALLOC freed 2408K, 35% free 8068K/12340K, paused 4ms, total 4ms
02-03 10:46:33.421 D/dalvikvm( 2070): GC_FOR_ALLOC freed 2337K, 34% free 8182K/12340K, paused 3ms, total 4ms
02-03 10:46:33.421 D/dalvikvm( 2070): GC_FOR_ALLOC freed 2375K, 34% free 8187K/12340K, paused 3ms, total 3ms
02-03 10:46:33.431 D/dalvikvm( 2070): GC_FOR_ALLOC freed 2297K, 36% free 8019K/12340K, paused 3ms, total 3ms
02-03 10:46:33.431 D/dalvikvm( 2070): GC_FOR_ALLOC freed 2448K, 35% free 8021K/12340K, paused 3ms, total 3ms
02-03 10:46:33.441 D/dalvikvm( 2070): GC_FOR_ALLOC freed 2486K, 35% free 8022K/12340K, paused 3ms, total 3ms
02-03 10:46:33.441 D/dalvikvm( 2070): GC_FOR_ALLOC freed 2524K, 35% free 8024K/12340K, paused 3ms, total 3ms
02-03 10:46:33.451 D/dalvikvm( 2070): GC_FOR_ALLOC freed 2561K, 35% free 8026K/12340K, paused 3ms, total 3ms
02-03 10:46:33.451 D/dalvikvm( 2070): GC_FOR_ALLOC freed 2287K, 34% free 8213K/12340K, paused 3ms, total 3ms
02-03 10:46:33.461 D/dalvikvm( 2070): GC_FOR_ALLOC freed 2191K, 34% free 8217K/12340K, paused 3ms, total 3ms
02-03 10:46:33.461 D/dalvikvm( 2070): GC_FOR_ALLOC freed 2217K, 34% free 8220K/12340K, paused 3ms, total 3ms
02-03 10:46:33.471 D/dalvikvm( 2070): GC_FOR_ALLOC freed 2243K, 35% free 8096K/12340K, paused 3ms, total 3ms
02-03 10:46:33.471 D/dalvikvm( 2070): GC_FOR_ALLOC freed 2269K, 35% free 8098K/12340K, paused 3ms, total 3ms
02-03 10:46:33.481 D/dalvikvm( 2070): GC_FOR_ALLOC freed 2164K, 35% free 8035K/12340K, paused 4ms, total 4ms
02-03 10:46:33.481 D/dalvikvm( 2070): GC_FOR_ALLOC freed 2320K, 35% free 8036K/12340K, paused 4ms, total 4ms
02-03 10:46:33.491 D/dalvikvm( 2070): GC_FOR_ALLOC freed 2009K, 34% free 8238K/12340K, paused 4ms, total 5ms
02-03 10:46:33.501 D/dalvikvm( 2070): GC_FOR_ALLOC freed 2233K, 35% free 8039K/12340K, paused 6ms, total 6ms
02-03 10:46:33.511 D/dalvikvm( 2070): GC_FOR_ALLOC freed 2393K, 35% free 8041K/12340K, paused 4ms, total 4ms
02-03 10:46:33.511 D/dalvikvm( 2070): GC_FOR_ALLOC freed 2419K, 35% free 8042K/12340K, paused 4ms, total 4ms
02-03 10:46:33.521 D/dalvikvm( 2070): GC_FOR_ALLOC freed 2446K, 35% free 8044K/12340K, paused 5ms, total 5ms
02-03 10:46:33.521 D/dalvikvm( 2070): GC_FOR_ALLOC freed 2117K, 34% free 8256K/12340K, paused 3ms, total 3ms
02-03 10:46:33.531 D/dalvikvm( 2070): GC_FOR_ALLOC freed 1993K, 34% free 8259K/12340K, paused 4ms, total 4ms
02-03 10:46:33.541 D/dalvikvm( 2070): GC_FOR_ALLOC freed 2010K, 34% free 8262K/12340K, paused 4ms, total 4ms
02-03 10:46:33.541 D/dalvikvm( 2070): GC_FOR_ALLOC freed 2027K, 34% free 8265K/12340K, paused 3ms, total 3ms
02-03 10:46:33.541 D/dalvikvm( 2070): GC_FOR_ALLOC freed 2043K, 35% free 8122K/12340K, paused 3ms, total 3ms
02-03 10:46:33.551 D/dalvikvm( 2070): GC_FOR_ALLOC freed 2060K, 35% free 8124K/12340K, paused 3ms, total 3ms
02-03 10:46:33.551 D/dalvikvm( 2070): GC_FOR_ALLOC freed 2077K, 35% free 8126K/12340K, paused 4ms, total 4ms
02-03 10:46:33.561 D/dalvikvm( 2070): GC_FOR_ALLOC freed 2093K, 35% free 8128K/12340K, paused 3ms, total 4ms
02-03 10:46:33.561 D/dalvikvm( 2070): GC_FOR_ALLOC freed 2110K, 35% free 8129K/12340K, paused 3ms, total 3ms
02-03 10:46:33.571 D/dalvikvm( 2070): GC_FOR_ALLOC freed 1975K, 35% free 8056K/12340K, paused 3ms, total 3ms
02-03 10:46:33.571 D/dalvikvm( 2070): GC_FOR_ALLOC freed 2143K, 35% free 8057K/12340K, paused 3ms, total 3ms
02-03 10:46:33.581 D/dalvikvm( 2070): GC_FOR_ALLOC freed 2159K, 35% free 8058K/12340K, paused 4ms, total 4ms
02-03 10:46:33.591 D/dalvikvm( 2070): GC_FOR_ALLOC freed 1786K, 33% free 8291K/12340K, paused 3ms, total 3ms
02-03 10:46:33.591 D/dalvikvm( 2070): GC_FOR_ALLOC freed 2033K, 35% free 8060K/12340K, paused 3ms, total 3ms
02-03 10:46:33.601 D/dalvikvm( 2070): GC_FOR_ALLOC freed 1810K, 33% free 8297K/12340K, paused 4ms, total 4ms
02-03 10:46:33.601 D/dalvikvm( 2070): GC_FOR_ALLOC freed 2060K, 35% free 8062K/12340K, paused 4ms, total 4ms
02-03 10:46:33.611 D/dalvikvm( 2070): GC_FOR_ALLOC freed 1834K, 33% free 8302K/12340K, paused 3ms, total 3ms
02-03 10:46:33.611 D/dalvikvm( 2070): GC_FOR_ALLOC freed 2089K, 35% free 8064K/12340K, paused 3ms, total 3ms
02-03 10:46:33.621 D/dalvikvm( 2070): GC_FOR_ALLOC freed 1860K, 33% free 8308K/12340K, paused 3ms, total 3ms
02-03 10:46:33.621 D/dalvikvm( 2070): GC_FOR_ALLOC freed 2118K, 35% free 8067K/12340K, paused 3ms, total 3ms
02-03 10:46:33.621 D/dalvikvm( 2070): GC_FOR_ALLOC freed 1885K, 33% free 8313K/12340K, paused 3ms, total 3ms
02-03 10:46:33.631 D/dalvikvm( 2070): GC_FOR_ALLOC freed 2146K, 35% free 8069K/12340K, paused 3ms, total 3ms
02-03 10:46:33.631 D/dalvikvm( 2070): GC_FOR_ALLOC freed 1910K, 33% free 8319K/12340K, paused 3ms, total 3ms
02-03 10:46:33.641 D/dalvikvm( 2070): GC_FOR_ALLOC freed 2176K, 35% free 8071K/12340K, paused 3ms, total 3ms
02-03 10:46:33.641 D/dalvikvm( 2070): GC_FOR_ALLOC freed 1936K, 33% free 8324K/12340K, paused 3ms, total 4ms
02-03 10:46:33.651 D/dalvikvm( 2070): GC_FOR_ALLOC freed 2203K, 35% free 8073K/12340K, paused 3ms, total 3ms
02-03 10:46:33.651 D/dalvikvm( 2070): GC_FOR_ALLOC freed 1960K, 34% free 8159K/12340K, paused 3ms, total 3ms
02-03 10:46:33.661 D/dalvikvm( 2070): GC_FOR_ALLOC freed 1800K, 34% free 8160K/12340K, paused 3ms, total 3ms
02-03 10:46:33.661 D/dalvikvm( 2070): GC_FOR_ALLOC freed 1809K, 33% free 8334K/12340K, paused 3ms, total 3ms
02-03 10:46:33.671 D/dalvikvm( 2070): GC_FOR_ALLOC freed 1819K, 33% free 8336K/12340K, paused 3ms, total 3ms
02-03 10:46:33.671 D/dalvikvm( 2070): GC_FOR_ALLOC freed 1828K, 33% free 8338K/12340K, paused 3ms, total 3ms
02-03 10:46:33.681 D/dalvikvm( 2070): GC_FOR_ALLOC freed 1837K, 33% free 8341K/12340K, paused 3ms, total 3ms
02-03 10:46:33.681 D/dalvikvm( 2070): GC_FOR_ALLOC freed 1847K, 33% free 8343K/12340K, paused 3ms, total 3ms
02-03 10:46:33.691 D/dalvikvm( 2070): GC_FOR_ALLOC freed 1856K, 33% free 8345K/12340K, paused 3ms, total 3ms
02-03 10:46:33.691 D/dalvikvm( 2070): GC_FOR_ALLOC freed 1866K, 33% free 8347K/12340K, paused 3ms, total 3ms
02-03 10:46:33.701 D/dalvikvm( 2070): GC_FOR_ALLOC freed 1875K, 33% free 8350K/12340K, paused 3ms, total 3ms
02-03 10:46:33.701 D/dalvikvm( 2070): GC_FOR_ALLOC freed 1885K, 33% free 8352K/12340K, paused 4ms, total 4ms
02-03 10:46:33.711 D/dalvikvm( 2070): GC_FOR_ALLOC freed 1894K, 33% free 8354K/12340K, paused 4ms, total 4ms
02-03 10:46:33.711 D/dalvikvm( 2070): GC_FOR_ALLOC freed 1903K, 33% free 8356K/12340K, paused 3ms, total 3ms
02-03 10:46:33.721 D/dalvikvm( 2070): GC_FOR_ALLOC freed 1913K, 33% free 8358K/12340K, paused 3ms, total 3ms
02-03 10:46:33.721 D/dalvikvm( 2070): GC_FOR_ALLOC freed 1922K, 33% free 8361K/12340K, paused 3ms, total 3ms
02-03 10:46:33.731 D/dalvikvm( 2070): GC_FOR_ALLOC freed 1932K, 33% free 8363K/12340K, paused 3ms, total 3ms
02-03 10:46:33.731 D/dalvikvm( 2070): GC_FOR_ALLOC freed 1941K, 33% free 8365K/12340K, paused 4ms, total 4ms
02-03 10:46:33.741 D/dalvikvm( 2070): GC_FOR_ALLOC freed 1950K, 33% free 8367K/12340K, paused 3ms, total 3ms
02-03 10:46:33.741 D/dalvikvm( 2070): GC_FOR_ALLOC freed 1960K, 33% free 8370K/12340K, paused 3ms, total 3ms
02-03 10:46:33.751 D/dalvikvm( 2070): GC_FOR_ALLOC freed 1969K, 33% free 8372K/12340K, paused 5ms, total 5ms
02-03 10:46:33.751 D/dalvikvm( 2070): GC_FOR_ALLOC freed 1979K, 34% free 8186K/12340K, paused 3ms, total 3ms
02-03 10:46:33.761 D/dalvikvm( 2070): GC_FOR_ALLOC freed 1799K, 35% free 8093K/12340K, paused 3ms, total 3ms
02-03 10:46:33.761 D/dalvikvm( 2070): GC_FOR_ALLOC freed 1997K, 35% free 8094K/12340K, paused 3ms, total 3ms
02-03 10:46:33.771 D/dalvikvm( 2070): GC_FOR_ALLOC freed 2006K, 35% free 8095K/12340K, paused 3ms, total 3ms
02-03 10:46:33.771 D/dalvikvm( 2070): GC_FOR_ALLOC freed 2015K, 35% free 8096K/12340K, paused 4ms, total 4ms
02-03 10:46:33.781 D/dalvikvm( 2070): GC_FOR_ALLOC freed 2025K, 35% free 8096K/12340K, paused 3ms, total 3ms
02-03 10:46:33.781 D/dalvikvm( 2070): GC_FOR_ALLOC freed 2034K, 35% free 8097K/12340K, paused 3ms, total 3ms
02-03 10:46:33.791 D/dalvikvm( 2070): GC_FOR_ALLOC freed 2044K, 35% free 8098K/12340K, paused 4ms, total 4ms
02-03 10:46:33.791 D/dalvikvm( 2070): GC_FOR_ALLOC freed 2053K, 35% free 8099K/12340K, paused 3ms, total 3ms
02-03 10:46:33.791 D/dalvikvm( 2070): GC_FOR_ALLOC freed 2062K, 35% free 8100K/12340K, paused 3ms, total 3ms
02-03 10:46:33.801 D/dalvikvm( 2070): GC_FOR_ALLOC freed 2072K, 35% free 8101K/12340K, paused 4ms, total 4ms
02-03 10:46:33.811 D/dalvikvm( 2070): GC_FOR_ALLOC freed 2081K, 35% free 8102K/12340K, paused 3ms, total 3ms
02-03 10:46:33.811 D/dalvikvm( 2070): GC_FOR_ALLOC freed 2091K, 35% free 8103K/12340K, paused 4ms, total 4ms
02-03 10:46:33.821 D/dalvikvm( 2070): GC_FOR_ALLOC freed 2100K, 35% free 8104K/12340K, paused 3ms, total 3ms
02-03 10:46:33.821 D/dalvikvm( 2070): GC_FOR_ALLOC freed 2110K, 35% free 8105K/12340K, paused 3ms, total 4ms
02-03 10:46:33.831 D/dalvikvm( 2070): GC_FOR_ALLOC freed 2119K, 35% free 8105K/12340K, paused 4ms, total 4ms
02-03 10:46:33.831 D/dalvikvm( 2070): GC_FOR_ALLOC freed 2128K, 35% free 8106K/12340K, paused 3ms, total 3ms
02-03 10:46:33.841 D/dalvikvm( 2070): GC_FOR_ALLOC freed 1627K, 32% free 8412K/12340K, paused 4ms, total 4ms
02-03 10:46:33.851 D/dalvikvm( 2070): GC_FOR_ALLOC freed 2178K, 36% free 8104K/12556K, paused 4ms, total 4ms
02-03 10:46:33.851 D/dalvikvm( 2070): GC_FOR_ALLOC freed 2537K, 36% free 8102K/12556K, paused 4ms, total 4ms
02-03 10:46:33.861 D/dalvikvm( 2070): GC_FOR_ALLOC freed 1756K, 33% free 8432K/12556K, paused 3ms, total 3ms
02-03 10:46:33.861 D/dalvikvm( 2070): GC_FOR_ALLOC freed 2121K, 40% free 7630K/12556K, paused 3ms, total 3ms
02-03 10:46:33.871 D/dalvikvm( 2070): GC_FOR_ALLOC freed <1K, 32% free 8654K/12556K, paused 2ms, total 2ms
02-03 10:46:33.871 I/dalvikvm-heap( 2070): Grow heap (frag case) to 9.495MB for 1048592-byte allocation
02-03 10:46:33.871 D/dalvikvm( 2070): GC_FOR_ALLOC freed 4K, 29% free 9674K/13584K, paused 3ms, total 3ms
02-03 10:46:33.871 D/dalvikvm( 2070): GC_FOR_ALLOC freed <1K, 29% free 9674K/13584K, paused 2ms, total 2ms
02-03 10:46:33.881 I/dalvikvm-heap( 2070): Grow heap (frag case) to 10.491MB for 1048592-byte allocation
02-03 10:46:33.881 D/dalvikvm( 2070): GC_FOR_ALLOC freed 0K, 27% free 10698K/14612K, paused 3ms, total 3ms
02-03 10:46:34.211 D/dalvikvm( 2070): GC_CONCURRENT freed 6729K, 46% free 8024K/14840K, paused 0ms+1ms, total 17ms
02-03 10:46:34.211 D/dalvikvm( 2070): WAIT_FOR_CONCURRENT_GC blocked 16ms
02-03 10:46:34.221 D/dalvikvm( 2070): GC_CONCURRENT freed 4044K, 35% free 8056K/12372K, paused 1ms+1ms, total 5ms
02-03 10:46:34.221 D/dalvikvm( 2070): WAIT_FOR_CONCURRENT_GC blocked 4ms
02-03 10:46:34.221 D/dalvikvm( 2070): GC_FOR_ALLOC freed 3715K, 36% free 7996K/12372K, paused 4ms, total 4ms
02-03 10:46:34.231 D/dalvikvm( 2070): GC_FOR_ALLOC freed 3567K, 36% free 8007K/12372K, paused 4ms, total 4ms
02-03 10:46:34.241 D/dalvikvm( 2070): GC_FOR_ALLOC freed 3470K, 36% free 8011K/12372K, paused 3ms, total 3ms
02-03 10:46:34.241 D/dalvikvm( 2070): GC_FOR_ALLOC freed 3317K, 36% free 8041K/12372K, paused 4ms, total 4ms
02-03 10:46:34.251 D/dalvikvm( 2070): GC_FOR_ALLOC freed 3074K, 35% free 8043K/12372K, paused 4ms, total 4ms
02-03 10:46:34.261 D/dalvikvm( 2070): GC_FOR_ALLOC freed 3034K, 35% free 8049K/12372K, paused 4ms, total 4ms
02-03 10:46:34.261 D/dalvikvm( 2070): GC_FOR_ALLOC freed 2958K, 35% free 8126K/12372K, paused 3ms, total 3ms
02-03 10:46:34.271 D/dalvikvm( 2070): GC_FOR_ALLOC freed 3033K, 36% free 8023K/12372K, paused 3ms, total 3ms
02-03 10:46:34.271 D/dalvikvm( 2070): GC_FOR_ALLOC freed 2978K, 36% free 8026K/12372K, paused 3ms, total 3ms
02-03 10:46:34.281 D/dalvikvm( 2070): GC_FOR_ALLOC freed 2900K, 35% free 8070K/12372K, paused 4ms, total 4ms
02-03 10:46:34.291 D/dalvikvm( 2070): GC_FOR_ALLOC freed 2933K, 35% free 8074K/12372K, paused 3ms, total 4ms
02-03 10:46:34.291 D/dalvikvm( 2070): GC_FOR_ALLOC freed 2730K, 34% free 8166K/12372K, paused 3ms, total 3ms
02-03 10:46:34.301 D/dalvikvm( 2070): GC_FOR_ALLOC freed 2724K, 36% free 8038K/12372K, paused 3ms, total 4ms
02-03 10:46:34.301 D/dalvikvm( 2070): GC_FOR_ALLOC freed 2896K, 36% free 8040K/12372K, paused 4ms, total 4ms
02-03 10:46:34.311 D/dalvikvm( 2070): GC_FOR_ALLOC freed 2741K, 35% free 8090K/12372K, paused 3ms, total 3ms
02-03 10:46:34.321 D/dalvikvm( 2070): GC_FOR_ALLOC freed 2715K, 35% free 8094K/12372K, paused 5ms, total 5ms
02-03 10:46:34.321 D/dalvikvm( 2070): GC_FOR_ALLOC freed 2682K, 35% free 8048K/12372K, paused 3ms, total 3ms
02-03 10:46:34.331 D/dalvikvm( 2070): GC_FOR_ALLOC freed 2589K, 34% free 8202K/12372K, paused 4ms, total 4ms
02-03 10:46:34.331 D/dalvikvm( 2070): GC_FOR_ALLOC freed 2540K, 34% free 8208K/12372K, paused 3ms, total 3ms
02-03 10:46:34.341 D/dalvikvm( 2070): GC_FOR_ALLOC freed 2591K, 34% free 8213K/12372K, paused 4ms, total 4ms
02-03 10:46:34.351 D/dalvikvm( 2070): GC_FOR_ALLOC freed 2534K, 35% free 8056K/12372K, paused 4ms, total 4ms
02-03 10:46:34.351 D/dalvikvm( 2070): GC_FOR_ALLOC freed 2414K, 35% free 8112K/12372K, paused 4ms, total 4ms
02-03 10:46:34.361 D/dalvikvm( 2070): GC_FOR_ALLOC freed 2344K, 34% free 8227K/12372K, paused 4ms, total 4ms
02-03 10:46:34.361 D/dalvikvm( 2070): GC_FOR_ALLOC freed 2381K, 35% free 8118K/12372K, paused 4ms, total 4ms
02-03 10:46:34.371 D/dalvikvm( 2070): GC_FOR_ALLOC freed 2303K, 35% free 8063K/12372K, paused 3ms, total 4ms
02-03 10:46:34.371 D/dalvikvm( 2070): GC_FOR_ALLOC freed 2455K, 35% free 8065K/12372K, paused 4ms, total 4ms
02-03 10:46:34.381 D/dalvikvm( 2070): GC_FOR_ALLOC freed 2492K, 35% free 8067K/12372K, paused 3ms, total 3ms
02-03 10:46:34.391 D/dalvikvm( 2070): GC_FOR_ALLOC freed 2530K, 35% free 8069K/12372K, paused 4ms, total 4ms
02-03 10:46:34.391 D/dalvikvm( 2070): GC_FOR_ALLOC freed 2568K, 35% free 8070K/12372K, paused 3ms, total 3ms
02-03 10:46:34.401 D/dalvikvm( 2070): GC_FOR_ALLOC freed 2605K, 35% free 8072K/12372K, paused 4ms, total 4ms
02-03 10:46:34.401 D/dalvikvm( 2070): GC_FOR_ALLOC freed 2643K, 35% free 8074K/12372K, paused 4ms, total 4ms
02-03 10:46:34.411 D/dalvikvm( 2070): GC_FOR_ALLOC freed 2231K, 35% free 8075K/12372K, paused 3ms, total 3ms
02-03 10:46:34.411 D/dalvikvm( 2070): GC_FOR_ALLOC freed 2257K, 35% free 8077K/12372K, paused 5ms, total 5ms
02-03 10:46:34.421 D/dalvikvm( 2070): GC_FOR_ALLOC freed 2283K, 35% free 8078K/12372K, paused 3ms, total 3ms
02-03 10:46:34.421 D/dalvikvm( 2070): GC_FOR_ALLOC freed 2310K, 35% free 8080K/12372K, paused 3ms, total 3ms
02-03 10:46:34.431 D/dalvikvm( 2070): GC_FOR_ALLOC freed 2336K, 35% free 8081K/12372K, paused 3ms, total 3ms
02-03 10:46:34.431 D/dalvikvm( 2070): GC_FOR_ALLOC freed 2362K, 35% free 8083K/12372K, paused 3ms, total 3ms
02-03 10:46:34.441 D/dalvikvm( 2070): GC_FOR_ALLOC freed 2045K, 34% free 8288K/12372K, paused 4ms, total 4ms
02-03 10:46:34.451 D/dalvikvm( 2070): GC_FOR_ALLOC freed 2272K, 35% free 8086K/12372K, paused 4ms, total 4ms
02-03 10:46:34.451 D/dalvikvm( 2070): GC_FOR_ALLOC freed 2435K, 35% free 8087K/12372K, paused 3ms, total 3ms
02-03 10:46:34.461 D/dalvikvm( 2070): GC_FOR_ALLOC freed 2461K, 35% free 8089K/12372K, paused 3ms, total 4ms
02-03 10:46:34.461 D/dalvikvm( 2070): GC_FOR_ALLOC freed 2487K, 35% free 8090K/12372K, paused 4ms, total 4ms
02-03 10:46:34.471 D/dalvikvm( 2070): GC_FOR_ALLOC freed 2152K, 33% free 8306K/12372K, paused 4ms, total 4ms
02-03 10:46:34.471 D/dalvikvm( 2070): GC_FOR_ALLOC freed 2391K, 35% free 8093K/12372K, paused 3ms, total 3ms
02-03 10:46:34.481 D/dalvikvm( 2070): GC_FOR_ALLOC freed 2193K, 34% free 8167K/12372K, paused 3ms, total 3ms
02-03 10:46:34.481 D/dalvikvm( 2070): GC_FOR_ALLOC freed 2064K, 33% free 8316K/12372K, paused 4ms, total 4ms
02-03 10:46:34.491 D/dalvikvm( 2070): GC_FOR_ALLOC freed 2081K, 34% free 8170K/12372K, paused 3ms, total 3ms
02-03 10:46:34.491 D/dalvikvm( 2070): GC_FOR_ALLOC freed 2098K, 34% free 8172K/12372K, paused 3ms, total 3ms
02-03 10:46:34.501 D/dalvikvm( 2070): GC_FOR_ALLOC freed 2114K, 34% free 8174K/12372K, paused 5ms, total 5ms
02-03 10:46:34.501 D/dalvikvm( 2070): GC_FOR_ALLOC freed 1979K, 35% free 8100K/12372K, paused 4ms, total 4ms
02-03 10:46:34.511 D/dalvikvm( 2070): GC_FOR_ALLOC freed 2147K, 35% free 8101K/12372K, paused 4ms, total 4ms
02-03 10:46:34.511 D/dalvikvm( 2070): GC_FOR_ALLOC freed 2163K, 35% free 8102K/12372K, paused 4ms, total 4ms
02-03 10:46:34.521 D/dalvikvm( 2070): GC_FOR_ALLOC freed 2180K, 35% free 8103K/12372K, paused 4ms, total 4ms
02-03 10:46:34.521 D/dalvikvm( 2070): GC_FOR_ALLOC freed 2197K, 35% free 8105K/12372K, paused 4ms, total 4ms
02-03 10:46:34.531 D/dalvikvm( 2070): GC_FOR_ALLOC freed 2214K, 35% free 8106K/12372K, paused 4ms, total 4ms
02-03 10:46:34.531 D/dalvikvm( 2070): GC_FOR_ALLOC freed 2230K, 35% free 8107K/12372K, paused 5ms, total 5ms
02-03 10:46:34.541 D/dalvikvm( 2070): GC_FOR_ALLOC freed 1846K, 33% free 8349K/12372K, paused 3ms, total 3ms
02-03 10:46:34.541 D/dalvikvm( 2070): GC_FOR_ALLOC freed 2102K, 35% free 8109K/12372K, paused 3ms, total 3ms
02-03 10:46:34.551 D/dalvikvm( 2070): GC_FOR_ALLOC freed 1871K, 33% free 8354K/12372K, paused 3ms, total 3ms
02-03 10:46:34.551 D/dalvikvm( 2070): GC_FOR_ALLOC freed 2130K, 35% free 8112K/12372K, paused 3ms, total 3ms
02-03 10:46:34.561 D/dalvikvm( 2070): GC_FOR_ALLOC freed 1896K, 33% free 8359K/12372K, paused 3ms, total 3ms
02-03 10:46:34.561 D/dalvikvm( 2070): GC_FOR_ALLOC freed 2158K, 35% free 8114K/12372K, paused 4ms, total 4ms
02-03 10:46:34.571 D/dalvikvm( 2070): GC_FOR_ALLOC freed 1922K, 33% free 8365K/12372K, paused 3ms, total 3ms
02-03 10:46:34.571 D/dalvikvm( 2070): GC_FOR_ALLOC freed 2187K, 35% free 8116K/12372K, paused 4ms, total 4ms
02-03 10:46:34.581 D/dalvikvm( 2070): GC_FOR_ALLOC freed 1946K, 33% free 8370K/12372K, paused 5ms, total 5ms
02-03 10:46:34.591 D/dalvikvm( 2070): GC_FOR_ALLOC freed 2215K, 35% free 8118K/12372K, paused 4ms, total 4ms
02-03 10:46:34.591 D/dalvikvm( 2070): GC_FOR_ALLOC freed 1970K, 33% free 8376K/12372K, paused 3ms, total 3ms
02-03 10:46:34.601 D/dalvikvm( 2070): GC_FOR_ALLOC freed 2242K, 35% free 8120K/12372K, paused 4ms, total 4ms
02-03 10:46:34.601 D/dalvikvm( 2070): GC_FOR_ALLOC freed 1994K, 33% free 8381K/12372K, paused 3ms, total 3ms
02-03 10:46:34.611 D/dalvikvm( 2070): GC_FOR_ALLOC freed 2269K, 35% free 8122K/12372K, paused 3ms, total 3ms
02-03 10:46:34.611 D/dalvikvm( 2070): GC_FOR_ALLOC freed 2019K, 34% free 8210K/12372K, paused 3ms, total 3ms
02-03 10:46:34.621 D/dalvikvm( 2070): GC_FOR_ALLOC freed 1853K, 34% free 8212K/12372K, paused 3ms, total 3ms
02-03 10:46:34.621 D/dalvikvm( 2070): GC_FOR_ALLOC freed 1863K, 33% free 8391K/12372K, paused 3ms, total 3ms
02-03 10:46:34.631 D/dalvikvm( 2070): GC_FOR_ALLOC freed 1872K, 33% free 8393K/12372K, paused 3ms, total 3ms
02-03 10:46:34.631 D/dalvikvm( 2070): GC_FOR_ALLOC freed 1881K, 33% free 8395K/12372K, paused 3ms, total 3ms
02-03 10:46:34.641 D/dalvikvm( 2070): GC_FOR_ALLOC freed 1891K, 33% free 8397K/12372K, paused 3ms, total 3ms
02-03 10:46:34.641 D/dalvikvm( 2070): GC_FOR_ALLOC freed 1900K, 33% free 8400K/12372K, paused 3ms, total 3ms
02-03 10:46:34.641 D/dalvikvm( 2070): GC_FOR_ALLOC freed 1910K, 33% free 8402K/12372K, paused 3ms, total 3ms
02-03 10:46:34.651 D/dalvikvm( 2070): GC_FOR_ALLOC freed 1919K, 33% free 8404K/12372K, paused 4ms, total 4ms
02-03 10:46:34.661 D/dalvikvm( 2070): GC_FOR_ALLOC freed 1928K, 33% free 8406K/12372K, paused 3ms, total 3ms
02-03 10:46:34.661 D/dalvikvm( 2070): GC_FOR_ALLOC freed 1938K, 33% free 8408K/12372K, paused 3ms, total 3ms
02-03 10:46:34.671 D/dalvikvm( 2070): GC_FOR_ALLOC freed 1947K, 33% free 8411K/12372K, paused 4ms, total 4ms
02-03 10:46:34.671 D/dalvikvm( 2070): GC_FOR_ALLOC freed 1957K, 32% free 8413K/12372K, paused 3ms, total 3ms
02-03 10:46:34.681 D/dalvikvm( 2070): GC_FOR_ALLOC freed 1966K, 32% free 8415K/12372K, paused 3ms, total 3ms
02-03 10:46:34.681 D/dalvikvm( 2070): GC_FOR_ALLOC freed 1976K, 32% free 8417K/12372K, paused 4ms, total 4ms
02-03 10:46:34.691 D/dalvikvm( 2070): GC_FOR_ALLOC freed 1985K, 32% free 8420K/12372K, paused 3ms, total 3ms
02-03 10:46:34.691 D/dalvikvm( 2070): GC_FOR_ALLOC freed 2471K, 36% free 8138K/12564K, paused 4ms, total 4ms
02-03 10:46:34.701 D/dalvikvm( 2070): GC_FOR_ALLOC freed 2197K, 33% free 8425K/12564K, paused 3ms, total 3ms
02-03 10:46:34.701 D/dalvikvm( 2070): GC_FOR_ALLOC freed 2498K, 36% free 8140K/12564K, paused 4ms, total 4ms
02-03 10:46:34.711 D/dalvikvm( 2070): GC_FOR_ALLOC freed 2221K, 33% free 8430K/12564K, paused 4ms, total 4ms
02-03 10:46:34.711 D/dalvikvm( 2070): GC_FOR_ALLOC freed 2525K, 36% free 8142K/12564K, paused 3ms, total 3ms
02-03 10:46:34.721 D/dalvikvm( 2070): GC_FOR_ALLOC freed 2245K, 33% free 8435K/12564K, paused 3ms, total 3ms
02-03 10:46:34.721 D/dalvikvm( 2070): GC_FOR_ALLOC freed 2060K, 33% free 8438K/12564K, paused 3ms, total 3ms
02-03 10:46:34.731 D/dalvikvm( 2070): GC_FOR_ALLOC freed 2070K, 33% free 8440K/12564K, paused 4ms, total 4ms
02-03 10:46:34.731 D/dalvikvm( 2070): GC_FOR_ALLOC freed 2079K, 33% free 8442K/12564K, paused 4ms, total 4ms
02-03 10:46:34.741 D/dalvikvm( 2070): GC_FOR_ALLOC freed 2088K, 33% free 8444K/12564K, paused 3ms, total 3ms
02-03 10:46:34.741 D/dalvikvm( 2070): GC_FOR_ALLOC freed 2098K, 33% free 8447K/12564K, paused 3ms, total 3ms
02-03 10:46:34.751 D/dalvikvm( 2070): GC_FOR_ALLOC freed 2107K, 33% free 8449K/12564K, paused 5ms, total 5ms
02-03 10:46:34.761 D/dalvikvm( 2070): GC_FOR_ALLOC freed 2117K, 33% free 8451K/12564K, paused 4ms, total 4ms
02-03 10:46:34.761 D/dalvikvm( 2070): GC_FOR_ALLOC freed 2126K, 35% free 8251K/12564K, paused 3ms, total 3ms
02-03 10:46:34.771 D/dalvikvm( 2070): GC_FOR_ALLOC freed 2136K, 35% free 8252K/12564K, paused 3ms, total 3ms
02-03 10:46:34.771 D/dalvikvm( 2070): GC_FOR_ALLOC freed 2174K, 36% free 8152K/12564K, paused 3ms, total 3ms
02-03 10:46:34.781 D/dalvikvm( 2070): GC_FOR_ALLOC freed 2537K, 36% free 8150K/12564K, paused 3ms, total 3ms
02-03 10:46:34.781 D/dalvikvm( 2070): GC_FOR_ALLOC freed 1756K, 33% free 8480K/12564K, paused 3ms, total 3ms
02-03 10:46:34.791 D/dalvikvm( 2070): GC_FOR_ALLOC freed 2169K, 40% free 7630K/12564K, paused 3ms, total 3ms
02-03 10:46:34.791 D/dalvikvm( 2070): GC_FOR_ALLOC freed <1K, 32% free 8654K/12564K, paused 3ms, total 3ms
02-03 10:46:34.791 I/dalvikvm-heap( 2070): Grow heap (frag case) to 9.495MB for 1048592-byte allocation
02-03 10:46:34.801 D/dalvikvm( 2070): GC_FOR_ALLOC freed 4K, 29% free 9674K/13592K, paused 3ms, total 3ms
02-03 10:46:34.801 D/dalvikvm( 2070): GC_FOR_ALLOC freed <1K, 29% free 9674K/13592K, paused 3ms, total 3ms
02-03 10:46:34.801 I/dalvikvm-heap( 2070): Grow heap (frag case) to 10.491MB for 1048592-byte allocation
02-03 10:46:34.801 D/dalvikvm( 2070): GC_FOR_ALLOC freed 0K, 27% free 10698K/14620K, paused 3ms, total 3ms
02-03 10:46:35.191 D/dalvikvm( 2070): GC_CONCURRENT freed 6729K, 46% free 8024K/14828K, paused 0ms+1ms, total 16ms
02-03 10:46:35.191 D/dalvikvm( 2070): WAIT_FOR_CONCURRENT_GC blocked 15ms
02-03 10:46:35.211 D/dalvikvm( 2070): GC_CONCURRENT freed 4048K, 35% free 8052K/12340K, paused 0ms+1ms, total 5ms
02-03 10:46:35.211 D/dalvikvm( 2070): WAIT_FOR_CONCURRENT_GC blocked 5ms
02-03 10:46:35.211 D/dalvikvm( 2070): GC_FOR_ALLOC freed 3674K, 36% free 8004K/12340K, paused 3ms, total 3ms
02-03 10:46:35.221 D/dalvikvm( 2070): GC_FOR_ALLOC freed 3491K, 35% free 8022K/12340K, paused 3ms, total 3ms
02-03 10:46:35.231 D/dalvikvm( 2070): GC_FOR_ALLOC freed 3258K, 35% free 8084K/12340K, paused 3ms, total 4ms
02-03 10:46:35.231 D/dalvikvm( 2070): GC_FOR_ALLOC freed 3228K, 35% free 8092K/12340K, paused 4ms, total 4ms
02-03 10:46:35.241 D/dalvikvm( 2070): GC_FOR_ALLOC freed 3206K, 36% free 8004K/12340K, paused 4ms, total 4ms
02-03 10:46:35.241 D/dalvikvm( 2070): GC_FOR_ALLOC freed 2846K, 35% free 8040K/12340K, paused 3ms, total 3ms
02-03 10:46:35.251 D/dalvikvm( 2070): GC_FOR_ALLOC freed 2933K, 35% free 8117K/12340K, paused 5ms, total 5ms
02-03 10:46:35.261 D/dalvikvm( 2070): GC_FOR_ALLOC freed 3008K, 36% free 8014K/12340K, paused 4ms, total 4ms
02-03 10:46:35.271 D/dalvikvm( 2070): GC_FOR_ALLOC freed 2955K, 36% free 8018K/12340K, paused 3ms, total 3ms
02-03 10:46:35.271 D/dalvikvm( 2070): GC_FOR_ALLOC freed 2797K, 35% free 8021K/12340K, paused 3ms, total 3ms
02-03 10:46:35.281 D/dalvikvm( 2070): GC_FOR_ALLOC freed 2908K, 35% free 8024K/12340K, paused 4ms, total 4ms
02-03 10:46:35.281 D/dalvikvm( 2070): GC_FOR_ALLOC freed 2708K, 35% free 8026K/12340K, paused 3ms, total 3ms
02-03 10:46:35.291 D/dalvikvm( 2070): GC_FOR_ALLOC freed 2793K, 35% free 8029K/12340K, paused 3ms, total 3ms
02-03 10:46:35.291 D/dalvikvm( 2070): GC_FOR_ALLOC freed 2646K, 34% free 8169K/12340K, paused 4ms, total 5ms
02-03 10:46:35.301 D/dalvikvm( 2070): GC_FOR_ALLOC freed 2623K, 34% free 8175K/12340K, paused 3ms, total 3ms
02-03 10:46:35.311 D/dalvikvm( 2070): GC_FOR_ALLOC freed 2593K, 35% free 8036K/12340K, paused 4ms, total 4ms
02-03 10:46:35.311 D/dalvikvm( 2070): GC_FOR_ALLOC freed 2754K, 35% free 8039K/12340K, paused 3ms, total 4ms
02-03 10:46:35.321 D/dalvikvm( 2070): GC_FOR_ALLOC freed 2566K, 34% free 8192K/12340K, paused 4ms, total 4ms
02-03 10:46:35.321 D/dalvikvm( 2070): GC_FOR_ALLOC freed 2518K, 34% free 8197K/12340K, paused 3ms, total 3ms
02-03 10:46:35.331 D/dalvikvm( 2070): GC_FOR_ALLOC freed 2569K, 34% free 8203K/12340K, paused 3ms, total 3ms
02-03 10:46:35.341 D/dalvikvm( 2070): GC_FOR_ALLOC freed 2513K, 35% free 8047K/12340K, paused 5ms, total 5ms
02-03 10:46:35.341 D/dalvikvm( 2070): GC_FOR_ALLOC freed 2395K, 34% free 8212K/12340K, paused 3ms, total 3ms
02-03 10:46:35.351 D/dalvikvm( 2070): GC_FOR_ALLOC freed 2604K, 35% free 8051K/12340K, paused 4ms, total 4ms
02-03 10:46:35.351 D/dalvikvm( 2070): GC_FOR_ALLOC freed 2480K, 35% free 8109K/12340K, paused 3ms, total 3ms
02-03 10:46:35.361 D/dalvikvm( 2070): GC_FOR_ALLOC freed 2291K, 35% free 8055K/12340K, paused 3ms, total 3ms
02-03 10:46:35.361 D/dalvikvm( 2070): GC_FOR_ALLOC freed 2149K, 34% free 8230K/12340K, paused 3ms, total 3ms
02-03 10:46:35.371 D/dalvikvm( 2070): GC_FOR_ALLOC freed 2060K, 34% free 8234K/12340K, paused 3ms, total 3ms
02-03 10:46:35.371 D/dalvikvm( 2070): GC_FOR_ALLOC freed 2086K, 34% free 8238K/12340K, paused 3ms, total 3ms
02-03 10:46:35.381 D/dalvikvm( 2070): GC_FOR_ALLOC freed 2112K, 34% free 8242K/12340K, paused 3ms, total 3ms
02-03 10:46:35.381 D/dalvikvm( 2070): GC_FOR_ALLOC freed 2139K, 35% free 8123K/12340K, paused 3ms, total 3ms
02-03 10:46:35.391 D/dalvikvm( 2070): GC_FOR_ALLOC freed 2165K, 35% free 8125K/12340K, paused 4ms, total 4ms
02-03 10:46:35.391 D/dalvikvm( 2070): GC_FOR_ALLOC freed 2191K, 35% free 8127K/12340K, paused 3ms, total 3ms
02-03 10:46:35.401 D/dalvikvm( 2070): GC_FOR_ALLOC freed 2217K, 35% free 8129K/12340K, paused 3ms, total 3ms
02-03 10:46:35.401 D/dalvikvm( 2070): GC_FOR_ALLOC freed 2243K, 35% free 8132K/12340K, paused 4ms, total 4ms
02-03 10:46:35.411 D/dalvikvm( 2070): GC_FOR_ALLOC freed 2139K, 35% free 8069K/12340K, paused 3ms, total 3ms
02-03 10:46:35.421 D/dalvikvm( 2070): GC_FOR_ALLOC freed 2294K, 35% free 8071K/12340K, paused 4ms, total 5ms
02-03 10:46:35.421 D/dalvikvm( 2070): GC_FOR_ALLOC freed 1987K, 33% free 8271K/12340K, paused 3ms, total 3ms
02-03 10:46:35.431 D/dalvikvm( 2070): GC_FOR_ALLOC freed 2208K, 35% free 8074K/12340K, paused 3ms, total 3ms
02-03 10:46:35.431 D/dalvikvm( 2070): GC_FOR_ALLOC freed 2367K, 35% free 8075K/12340K, paused 3ms, total 3ms
02-03 10:46:35.441 D/dalvikvm( 2070): GC_FOR_ALLOC freed 2393K, 35% free 8077K/12340K, paused 3ms, total 3ms
02-03 10:46:35.441 D/dalvikvm( 2070): GC_FOR_ALLOC freed 2419K, 35% free 8078K/12340K, paused 3ms, total 3ms
02-03 10:46:35.451 D/dalvikvm( 2070): GC_FOR_ALLOC freed 2446K, 35% free 8080K/12340K, paused 3ms, total 3ms
02-03 10:46:35.451 D/dalvikvm( 2070): GC_FOR_ALLOC freed 2472K, 35% free 8081K/12340K, paused 3ms, total 4ms
02-03 10:46:35.461 D/dalvikvm( 2070): GC_FOR_ALLOC freed 2139K, 33% free 8296K/12340K, paused 3ms, total 3ms
02-03 10:46:35.461 D/dalvikvm( 2070): GC_FOR_ALLOC freed 2014K, 33% free 8299K/12340K, paused 3ms, total 3ms
02-03 10:46:35.471 D/dalvikvm( 2070): GC_FOR_ALLOC freed 2031K, 33% free 8302K/12340K, paused 4ms, total 4ms
02-03 10:46:35.471 D/dalvikvm( 2070): GC_FOR_ALLOC freed 2047K, 34% free 8159K/12340K, paused 3ms, total 3ms
02-03 10:46:35.481 D/dalvikvm( 2070): GC_FOR_ALLOC freed 2064K, 34% free 8160K/12340K, paused 3ms, total 3ms
02-03 10:46:35.481 D/dalvikvm( 2070): GC_FOR_ALLOC freed 2081K, 34% free 8162K/12340K, paused 3ms, total 3ms
02-03 10:46:35.491 D/dalvikvm( 2070): GC_FOR_ALLOC freed 2098K, 34% free 8164K/12340K, paused 4ms, total 4ms
02-03 10:46:35.491 D/dalvikvm( 2070): GC_FOR_ALLOC freed 1963K, 35% free 8091K/12340K, paused 3ms, total 3ms
02-03 10:46:35.501 D/dalvikvm( 2070): GC_FOR_ALLOC freed 2130K, 35% free 8092K/12340K, paused 3ms, total 3ms
02-03 10:46:35.501 D/dalvikvm( 2070): GC_FOR_ALLOC freed 2147K, 35% free 8093K/12340K, paused 4ms, total 4ms
02-03 10:46:35.511 D/dalvikvm( 2070): GC_FOR_ALLOC freed 1775K, 33% free 8325K/12340K, paused 3ms, total 3ms
02-03 10:46:35.511 D/dalvikvm( 2070): GC_FOR_ALLOC freed 2021K, 35% free 8095K/12340K, paused 3ms, total 3ms
02-03 10:46:35.521 D/dalvikvm( 2070): GC_FOR_ALLOC freed 1799K, 33% free 8330K/12340K, paused 3ms, total 3ms
02-03 10:46:35.521 D/dalvikvm( 2070): GC_FOR_ALLOC freed 2049K, 35% free 8097K/12340K, paused 3ms, total 3ms
02-03 10:46:35.531 D/dalvikvm( 2070): GC_FOR_ALLOC freed 1824K, 33% free 8336K/12340K, paused 3ms, total 3ms
02-03 10:46:35.531 D/dalvikvm( 2070): GC_FOR_ALLOC freed 2076K, 35% free 8099K/12340K, paused 3ms, total 3ms
02-03 10:46:35.541 D/dalvikvm( 2070): GC_FOR_ALLOC freed 1850K, 33% free 8341K/12340K, paused 3ms, total 3ms
02-03 10:46:35.541 D/dalvikvm( 2070): GC_FOR_ALLOC freed 2106K, 35% free 8102K/12340K, paused 3ms, total 3ms
02-03 10:46:35.551 D/dalvikvm( 2070): GC_FOR_ALLOC freed 1874K, 33% free 8347K/12340K, paused 4ms, total 4ms
02-03 10:46:35.551 D/dalvikvm( 2070): GC_FOR_ALLOC freed 2134K, 35% free 8104K/12340K, paused 3ms, total 3ms
02-03 10:46:35.561 D/dalvikvm( 2070): GC_FOR_ALLOC freed 1899K, 33% free 8352K/12340K, paused 3ms, total 3ms
02-03 10:46:35.561 D/dalvikvm( 2070): GC_FOR_ALLOC freed 1745K, 33% free 8355K/12340K, paused 3ms, total 3ms
02-03 10:46:35.571 D/dalvikvm( 2070): GC_FOR_ALLOC freed 1756K, 33% free 8357K/12340K, paused 4ms, total 4ms
02-03 10:46:35.571 D/dalvikvm( 2070): GC_FOR_ALLOC freed 1765K, 33% free 8359K/12340K, paused 3ms, total 3ms
02-03 10:46:35.581 D/dalvikvm( 2070): GC_FOR_ALLOC freed 1775K, 33% free 8362K/12340K, paused 4ms, total 4ms
02-03 10:46:35.581 D/dalvikvm( 2070): GC_FOR_ALLOC freed 1784K, 33% free 8364K/12340K, paused 5ms, total 5ms
02-03 10:46:35.591 D/dalvikvm( 2070): GC_FOR_ALLOC freed 1794K, 33% free 8366K/12340K, paused 4ms, total 4ms
02-03 10:46:35.591 D/dalvikvm( 2070): GC_FOR_ALLOC freed 1803K, 33% free 8368K/12340K, paused 3ms, total 3ms
02-03 10:46:35.601 D/dalvikvm( 2070): GC_FOR_ALLOC freed 1812K, 33% free 8371K/12340K, paused 4ms, total 4ms
02-03 10:46:35.601 D/dalvikvm( 2070): GC_FOR_ALLOC freed 1822K, 33% free 8373K/12340K, paused 4ms, total 4ms
02-03 10:46:35.611 D/dalvikvm( 2070): GC_FOR_ALLOC freed 2269K, 36% free 8114K/12516K, paused 3ms, total 3ms
02-03 10:46:35.611 D/dalvikvm( 2070): GC_FOR_ALLOC freed 2019K, 34% free 8378K/12516K, paused 4ms, total 4ms
02-03 10:46:35.621 D/dalvikvm( 2070): GC_FOR_ALLOC freed 2296K, 36% free 8116K/12516K, paused 3ms, total 3ms
02-03 10:46:35.621 D/dalvikvm( 2070): GC_FOR_ALLOC freed 2043K, 34% free 8383K/12516K, paused 3ms, total 3ms
02-03 10:46:35.631 D/dalvikvm( 2070): GC_FOR_ALLOC freed 2323K, 36% free 8118K/12516K, paused 3ms, total 3ms
02-03 10:46:35.631 D/dalvikvm( 2070): GC_FOR_ALLOC freed 2067K, 33% free 8389K/12516K, paused 3ms, total 3ms
02-03 10:46:35.641 D/dalvikvm( 2070): GC_FOR_ALLOC freed 2351K, 36% free 8121K/12516K, paused 3ms, total 3ms
02-03 10:46:35.641 D/dalvikvm( 2070): GC_FOR_ALLOC freed 2091K, 33% free 8394K/12516K, paused 3ms, total 3ms
02-03 10:46:35.651 D/dalvikvm( 2070): GC_FOR_ALLOC freed 2378K, 36% free 8123K/12516K, paused 4ms, total 4ms
02-03 10:46:35.661 D/dalvikvm( 2070): GC_FOR_ALLOC freed 2115K, 33% free 8399K/12516K, paused 3ms, total 3ms
02-03 10:46:35.661 D/dalvikvm( 2070): GC_FOR_ALLOC freed 2405K, 36% free 8125K/12516K, paused 3ms, total 3ms
02-03 10:46:35.671 D/dalvikvm( 2070): GC_FOR_ALLOC freed 2139K, 33% free 8404K/12516K, paused 5ms, total 5ms
02-03 10:46:35.671 D/dalvikvm( 2070): GC_FOR_ALLOC freed 1963K, 33% free 8406K/12516K, paused 3ms, total 3ms
02-03 10:46:35.681 D/dalvikvm( 2070): GC_FOR_ALLOC freed 1972K, 33% free 8409K/12516K, paused 3ms, total 3ms
02-03 10:46:35.681 D/dalvikvm( 2070): GC_FOR_ALLOC freed 1982K, 33% free 8411K/12516K, paused 3ms, total 3ms
02-03 10:46:35.691 D/dalvikvm( 2070): GC_FOR_ALLOC freed 1991K, 33% free 8413K/12516K, paused 4ms, total 4ms
02-03 10:46:35.691 D/dalvikvm( 2070): GC_FOR_ALLOC freed 2001K, 33% free 8415K/12516K, paused 4ms, total 4ms
02-03 10:46:35.701 D/dalvikvm( 2070): GC_FOR_ALLOC freed 2010K, 33% free 8418K/12516K, paused 4ms, total 4ms
02-03 10:46:35.701 D/dalvikvm( 2070): GC_FOR_ALLOC freed 2019K, 33% free 8420K/12516K, paused 4ms, total 4ms
02-03 10:46:35.711 D/dalvikvm( 2070): GC_FOR_ALLOC freed 2029K, 33% free 8422K/12516K, paused 4ms, total 4ms
02-03 10:46:35.711 D/dalvikvm( 2070): GC_FOR_ALLOC freed 2038K, 33% free 8424K/12516K, paused 3ms, total 3ms
02-03 10:46:35.721 D/dalvikvm( 2070): GC_FOR_ALLOC freed 2048K, 33% free 8427K/12516K, paused 4ms, total 4ms
02-03 10:46:35.721 D/dalvikvm( 2070): GC_FOR_ALLOC freed 2057K, 33% free 8429K/12516K, paused 3ms, total 3ms
02-03 10:46:35.731 D/dalvikvm( 2070): GC_FOR_ALLOC freed 2066K, 33% free 8431K/12516K, paused 3ms, total 3ms
02-03 10:46:35.731 D/dalvikvm( 2070): GC_FOR_ALLOC freed 2076K, 33% free 8433K/12516K, paused 3ms, total 3ms
02-03 10:46:35.741 D/dalvikvm( 2070): GC_FOR_ALLOC freed 2085K, 33% free 8436K/12516K, paused 4ms, total 4ms
02-03 10:46:35.741 D/dalvikvm( 2070): GC_FOR_ALLOC freed 2095K, 33% free 8438K/12516K, paused 3ms, total 3ms
02-03 10:46:35.751 D/dalvikvm( 2070): GC_FOR_ALLOC freed 2104K, 33% free 8440K/12516K, paused 4ms, total 4ms
02-03 10:46:35.751 D/dalvikvm( 2070): GC_FOR_ALLOC freed 2114K, 33% free 8442K/12516K, paused 4ms, total 4ms
02-03 10:46:35.761 D/dalvikvm( 2070): GC_FOR_ALLOC freed 2123K, 35% free 8242K/12516K, paused 3ms, total 3ms
02-03 10:46:35.761 D/dalvikvm( 2070): GC_FOR_ALLOC freed 2132K, 35% free 8244K/12516K, paused 3ms, total 3ms
02-03 10:46:35.771 D/dalvikvm( 2070): GC_FOR_ALLOC freed 2142K, 35% free 8245K/12516K, paused 3ms, total 3ms
02-03 10:46:35.781 D/dalvikvm( 2070): GC_FOR_ALLOC freed 2520K, 35% free 8174K/12516K, paused 4ms, total 4ms
02-03 10:46:35.781 D/dalvikvm( 2070): GC_FOR_ALLOC freed 1750K, 33% free 8504K/12516K, paused 3ms, total 3ms
02-03 10:46:35.781 D/dalvikvm( 2070): GC_FOR_ALLOC freed 1537K, 33% free 8504K/12516K, paused 3ms, total 3ms
02-03 10:46:35.791 D/dalvikvm( 2070): GC_FOR_ALLOC freed 1400K, 39% free 7654K/12516K, paused 3ms, total 3ms
02-03 10:46:35.791 I/dalvikvm-heap( 2070): Grow heap (frag case) to 8.517MB for 1048592-byte allocation
02-03 10:46:35.791 D/dalvikvm( 2070): GC_FOR_ALLOC freed 4K, 36% free 8674K/13544K, paused 3ms, total 3ms
02-03 10:46:35.801 D/dalvikvm( 2070): GC_FOR_ALLOC freed <1K, 29% free 9698K/13544K, paused 2ms, total 2ms
02-03 10:46:35.801 I/dalvikvm-heap( 2070): Grow heap (frag case) to 10.514MB for 1048592-byte allocation
02-03 10:46:35.801 D/dalvikvm( 2070): GC_FOR_ALLOC freed <1K, 27% free 10722K/14572K, paused 3ms, total 3ms
02-03 10:46:36.211 D/dalvikvm( 2070): GC_CONCURRENT freed 6771K, 47% free 8015K/14860K, paused 2ms+2ms, total 9ms
02-03 10:46:36.211 D/dalvikvm( 2070): WAIT_FOR_CONCURRENT_GC blocked 8ms
02-03 10:46:36.221 D/dalvikvm( 2070): GC_CONCURRENT freed 4027K, 35% free 8069K/12372K, paused 1ms+1ms, total 4ms
02-03 10:46:36.221 D/dalvikvm( 2070): WAIT_FOR_CONCURRENT_GC blocked 3ms
02-03 10:46:36.231 D/dalvikvm( 2070): GC_FOR_ALLOC freed 3539K, 35% free 8049K/12372K, paused 4ms, total 4ms
02-03 10:46:36.241 D/dalvikvm( 2070): GC_FOR_ALLOC freed 3423K, 35% free 8057K/12372K, paused 4ms, total 5ms
02-03 10:46:36.241 D/dalvikvm( 2070): GC_FOR_ALLOC freed 3425K, 36% free 8017K/12372K, paused 4ms, total 4ms
02-03 10:46:36.251 D/dalvikvm( 2070): GC_FOR_ALLOC freed 3228K, 35% free 8080K/12372K, paused 5ms, total 5ms
02-03 10:46:36.261 D/dalvikvm( 2070): GC_FOR_ALLOC freed 3206K, 36% free 8024K/12372K, paused 4ms, total 4ms
02-03 10:46:36.261 D/dalvikvm( 2070): GC_FOR_ALLOC freed 3017K, 36% free 8027K/12372K, paused 3ms, total 3ms
02-03 10:46:36.271 D/dalvikvm( 2070): GC_FOR_ALLOC freed 3013K, 35% free 8066K/12372K, paused 3ms, total 3ms
02-03 10:46:36.281 D/dalvikvm( 2070): GC_FOR_ALLOC freed 3021K, 36% free 8035K/12372K, paused 3ms, total 3ms
02-03 10:46:36.281 D/dalvikvm( 2070): GC_FOR_ALLOC freed 2967K, 36% free 8038K/12372K, paused 3ms, total 3ms
02-03 10:46:36.291 D/dalvikvm( 2070): GC_FOR_ALLOC freed 2889K, 35% free 8081K/12372K, paused 4ms, total 4ms
02-03 10:46:36.291 D/dalvikvm( 2070): GC_FOR_ALLOC freed 2922K, 35% free 8086K/12372K, paused 3ms, total 4ms
02-03 10:46:36.301 D/dalvikvm( 2070): GC_FOR_ALLOC freed 2720K, 35% free 8090K/12372K, paused 4ms, total 4ms
02-03 10:46:36.311 D/dalvikvm( 2070): GC_FOR_ALLOC freed 2715K, 35% free 8049K/12372K, paused 3ms, total 3ms
02-03 10:46:36.311 D/dalvikvm( 2070): GC_FOR_ALLOC freed 2887K, 35% free 8052K/12372K, paused 4ms, total 4ms
02-03 10:46:36.321 D/dalvikvm( 2070): GC_FOR_ALLOC freed 2732K, 35% free 8102K/12372K, paused 4ms, total 4ms
02-03 10:46:36.321 D/dalvikvm( 2070): GC_FOR_ALLOC freed 2707K, 35% free 8105K/12372K, paused 3ms, total 4ms
02-03 10:46:36.331 D/dalvikvm( 2070): GC_FOR_ALLOC freed 2674K, 35% free 8059K/12372K, paused 3ms, total 3ms
02-03 10:46:36.341 D/dalvikvm( 2070): GC_FOR_ALLOC freed 2581K, 34% free 8214K/12372K, paused 4ms, total 4ms
02-03 10:46:36.341 D/dalvikvm( 2070): GC_FOR_ALLOC freed 2533K, 34% free 8219K/12372K, paused 4ms, total 4ms
02-03 10:46:36.351 D/dalvikvm( 2070): GC_FOR_ALLOC freed 2584K, 34% free 8224K/12372K, paused 3ms, total 3ms
02-03 10:46:36.351 D/dalvikvm( 2070): GC_FOR_ALLOC freed 2527K, 35% free 8068K/12372K, paused 4ms, total 4ms
02-03 10:46:36.361 D/dalvikvm( 2070): GC_FOR_ALLOC freed 2408K, 34% free 8234K/12372K, paused 3ms, total 3ms
02-03 10:46:36.361 D/dalvikvm( 2070): GC_FOR_ALLOC freed 2618K, 35% free 8072K/12372K, paused 4ms, total 4ms
02-03 10:46:36.371 D/dalvikvm( 2070): GC_FOR_ALLOC freed 2493K, 35% free 8130K/12372K, paused 3ms, total 3ms
02-03 10:46:36.371 D/dalvikvm( 2070): GC_FOR_ALLOC freed 2303K, 35% free 8075K/12372K, paused 3ms, total 3ms
02-03 10:46:36.381 D/dalvikvm( 2070): GC_FOR_ALLOC freed 2455K, 35% free 8077K/12372K, paused 3ms, total 3ms
02-03 10:46:36.381 D/dalvikvm( 2070): GC_FOR_ALLOC freed 2492K, 35% free 8079K/12372K, paused 3ms, total 3ms
02-03 10:46:36.391 D/dalvikvm( 2070): GC_FOR_ALLOC freed 2530K, 35% free 8081K/12372K, paused 3ms, total 3ms
02-03 10:46:36.391 D/dalvikvm( 2070): GC_FOR_ALLOC freed 2568K, 35% free 8082K/12372K, paused 3ms, total 3ms
02-03 10:46:36.401 D/dalvikvm( 2070): GC_FOR_ALLOC freed 2605K, 35% free 8084K/12372K, paused 4ms, total 4ms
02-03 10:46:36.411 D/dalvikvm( 2070): GC_FOR_ALLOC freed 2643K, 35% free 8086K/12372K, paused 3ms, total 3ms
02-03 10:46:36.411 D/dalvikvm( 2070): GC_FOR_ALLOC freed 2231K, 35% free 8087K/12372K, paused 3ms, total 3ms
02-03 10:46:36.421 D/dalvikvm( 2070): GC_FOR_ALLOC freed 2257K, 35% free 8089K/12372K, paused 4ms, total 4ms
02-03 10:46:36.421 D/dalvikvm( 2070): GC_FOR_ALLOC freed 2283K, 35% free 8090K/12372K, paused 3ms, total 3ms
02-03 10:46:36.431 D/dalvikvm( 2070): GC_FOR_ALLOC freed 2310K, 35% free 8092K/12372K, paused 3ms, total 3ms
02-03 10:46:36.431 D/dalvikvm( 2070): GC_FOR_ALLOC freed 2336K, 35% free 8093K/12372K, paused 3ms, total 3ms
02-03 10:46:36.441 D/dalvikvm( 2070): GC_FOR_ALLOC freed 2362K, 35% free 8095K/12372K, paused 4ms, total 4ms
02-03 10:46:36.441 D/dalvikvm( 2070): GC_FOR_ALLOC freed 2045K, 33% free 8300K/12372K, paused 3ms, total 4ms
02-03 10:46:36.451 D/dalvikvm( 2070): GC_FOR_ALLOC freed 2272K, 35% free 8098K/12372K, paused 4ms, total 4ms
02-03 10:46:36.451 D/dalvikvm( 2070): GC_FOR_ALLOC freed 2435K, 35% free 8099K/12372K, paused 3ms, total 3ms
02-03 10:46:36.461 D/dalvikvm( 2070): GC_FOR_ALLOC freed 2461K, 35% free 8101K/12372K, paused 3ms, total 3ms
02-03 10:46:36.461 D/dalvikvm( 2070): GC_FOR_ALLOC freed 2487K, 35% free 8102K/12372K, paused 3ms, total 3ms
02-03 10:46:36.471 D/dalvikvm( 2070): GC_FOR_ALLOC freed 2152K, 33% free 8318K/12372K, paused 4ms, total 4ms
02-03 10:46:36.481 D/dalvikvm( 2070): GC_FOR_ALLOC freed 2391K, 35% free 8105K/12372K, paused 3ms, total 3ms
02-03 10:46:36.481 D/dalvikvm( 2070): GC_FOR_ALLOC freed 2193K, 34% free 8179K/12372K, paused 3ms, total 4ms
02-03 10:46:36.491 D/dalvikvm( 2070): GC_FOR_ALLOC freed 2064K, 33% free 8328K/12372K, paused 4ms, total 4ms
02-03 10:46:36.491 D/dalvikvm( 2070): GC_FOR_ALLOC freed 2081K, 34% free 8182K/12372K, paused 3ms, total 3ms
02-03 10:46:36.491 D/dalvikvm( 2070): GC_FOR_ALLOC freed 2098K, 34% free 8184K/12372K, paused 3ms, total 3ms
02-03 10:46:36.501 D/dalvikvm( 2070): GC_FOR_ALLOC freed 2114K, 34% free 8186K/12372K, paused 4ms, total 4ms
02-03 10:46:36.511 D/dalvikvm( 2070): GC_FOR_ALLOC freed 1979K, 35% free 8112K/12372K, paused 3ms, total 3ms
02-03 10:46:36.511 D/dalvikvm( 2070): GC_FOR_ALLOC freed 2147K, 35% free 8113K/12372K, paused 3ms, total 3ms
02-03 10:46:36.521 D/dalvikvm( 2070): GC_FOR_ALLOC freed 2163K, 35% free 8114K/12372K, paused 4ms, total 4ms
02-03 10:46:36.521 D/dalvikvm( 2070): GC_FOR_ALLOC freed 2180K, 35% free 8115K/12372K, paused 3ms, total 3ms
02-03 10:46:36.531 D/dalvikvm( 2070): GC_FOR_ALLOC freed 2197K, 35% free 8117K/12372K, paused 3ms, total 3ms
02-03 10:46:36.531 D/dalvikvm( 2070): GC_FOR_ALLOC freed 2214K, 35% free 8118K/12372K, paused 3ms, total 3ms
02-03 10:46:36.541 D/dalvikvm( 2070): GC_FOR_ALLOC freed 2230K, 35% free 8119K/12372K, paused 3ms, total 3ms
02-03 10:46:36.541 D/dalvikvm( 2070): GC_FOR_ALLOC freed 1846K, 33% free 8361K/12372K, paused 3ms, total 3ms
02-03 10:46:36.541 D/dalvikvm( 2070): GC_FOR_ALLOC freed 2102K, 35% free 8121K/12372K, paused 3ms, total 3ms
02-03 10:46:36.551 D/dalvikvm( 2070): GC_FOR_ALLOC freed 1871K, 33% free 8366K/12372K, paused 4ms, total 4ms
02-03 10:46:36.551 D/dalvikvm( 2070): GC_FOR_ALLOC freed 2130K, 35% free 8124K/12372K, paused 3ms, total 3ms
02-03 10:46:36.561 D/dalvikvm( 2070): GC_FOR_ALLOC freed 1896K, 33% free 8371K/12372K, paused 4ms, total 4ms
02-03 10:46:36.561 D/dalvikvm( 2070): GC_FOR_ALLOC freed 2158K, 35% free 8126K/12372K, paused 3ms, total 4ms
02-03 10:46:36.571 D/dalvikvm( 2070): GC_FOR_ALLOC freed 1922K, 33% free 8377K/12372K, paused 5ms, total 5ms
02-03 10:46:36.571 D/dalvikvm( 2070): GC_FOR_ALLOC freed 2187K, 35% free 8128K/12372K, paused 3ms, total 3ms
02-03 10:46:36.581 D/dalvikvm( 2070): GC_FOR_ALLOC freed 1946K, 33% free 8382K/12372K, paused 3ms, total 3ms
02-03 10:46:36.581 D/dalvikvm( 2070): GC_FOR_ALLOC freed 2215K, 35% free 8130K/12372K, paused 4ms, total 4ms
02-03 10:46:36.591 D/dalvikvm( 2070): GC_FOR_ALLOC freed 1970K, 33% free 8388K/12372K, paused 3ms, total 3ms
02-03 10:46:36.591 D/dalvikvm( 2070): GC_FOR_ALLOC freed 2242K, 35% free 8132K/12372K, paused 3ms, total 3ms
02-03 10:46:36.601 D/dalvikvm( 2070): GC_FOR_ALLOC freed 1994K, 33% free 8393K/12372K, paused 3ms, total 3ms
02-03 10:46:36.601 D/dalvikvm( 2070): GC_FOR_ALLOC freed 2269K, 35% free 8134K/12372K, paused 3ms, total 3ms
02-03 10:46:36.611 D/dalvikvm( 2070): GC_FOR_ALLOC freed 2019K, 34% free 8222K/12372K, paused 3ms, total 3ms
02-03 10:46:36.611 D/dalvikvm( 2070): GC_FOR_ALLOC freed 1853K, 34% free 8224K/12372K, paused 3ms, total 3ms
02-03 10:46:36.621 D/dalvikvm( 2070): GC_FOR_ALLOC freed 1863K, 33% free 8403K/12372K, paused 3ms, total 3ms
02-03 10:46:36.621 D/dalvikvm( 2070): GC_FOR_ALLOC freed 1872K, 33% free 8405K/12372K, paused 3ms, total 3ms
02-03 10:46:36.631 D/dalvikvm( 2070): GC_FOR_ALLOC freed 1881K, 33% free 8407K/12372K, paused 4ms, total 4ms
02-03 10:46:36.631 D/dalvikvm( 2070): GC_FOR_ALLOC freed 1891K, 33% free 8409K/12372K, paused 3ms, total 4ms
02-03 10:46:36.641 D/dalvikvm( 2070): GC_FOR_ALLOC freed 1900K, 33% free 8412K/12372K, paused 3ms, total 3ms
02-03 10:46:36.641 D/dalvikvm( 2070): GC_FOR_ALLOC freed 2366K, 36% free 8142K/12556K, paused 4ms, total 4ms
02-03 10:46:36.651 D/dalvikvm( 2070): GC_FOR_ALLOC freed 2104K, 33% free 8417K/12556K, paused 3ms, total 3ms
02-03 10:46:36.661 D/dalvikvm( 2070): GC_FOR_ALLOC freed 2393K, 36% free 8144K/12556K, paused 4ms, total 4ms
02-03 10:46:36.661 D/dalvikvm( 2070): GC_FOR_ALLOC freed 2128K, 33% free 8422K/12556K, paused 3ms, total 3ms
02-03 10:46:36.671 D/dalvikvm( 2070): GC_FOR_ALLOC freed 2421K, 36% free 8146K/12556K, paused 4ms, total 4ms
02-03 10:46:36.671 D/dalvikvm( 2070): GC_FOR_ALLOC freed 2153K, 33% free 8427K/12556K, paused 4ms, total 4ms
02-03 10:46:36.681 D/dalvikvm( 2070): GC_FOR_ALLOC freed 2448K, 36% free 8148K/12556K, paused 3ms, total 3ms
02-03 10:46:36.681 D/dalvikvm( 2070): GC_FOR_ALLOC freed 2177K, 33% free 8432K/12556K, paused 4ms, total 4ms
02-03 10:46:36.691 D/dalvikvm( 2070): GC_FOR_ALLOC freed 2475K, 36% free 8150K/12556K, paused 3ms, total 3ms
02-03 10:46:36.691 D/dalvikvm( 2070): GC_FOR_ALLOC freed 2201K, 33% free 8438K/12556K, paused 4ms, total 4ms
02-03 10:46:36.701 D/dalvikvm( 2070): GC_FOR_ALLOC freed 2502K, 36% free 8152K/12556K, paused 3ms, total 3ms
02-03 10:46:36.701 D/dalvikvm( 2070): GC_FOR_ALLOC freed 2225K, 33% free 8443K/12556K, paused 3ms, total 3ms
02-03 10:46:36.711 D/dalvikvm( 2070): GC_FOR_ALLOC freed 2041K, 33% free 8445K/12556K, paused 4ms, total 4ms
02-03 10:46:36.711 D/dalvikvm( 2070): GC_FOR_ALLOC freed 2051K, 33% free 8447K/12556K, paused 4ms, total 4ms
02-03 10:46:36.721 D/dalvikvm( 2070): GC_FOR_ALLOC freed 2060K, 33% free 8450K/12556K, paused 3ms, total 3ms
02-03 10:46:36.721 D/dalvikvm( 2070): GC_FOR_ALLOC freed 2070K, 33% free 8452K/12556K, paused 3ms, total 3ms
02-03 10:46:36.731 D/dalvikvm( 2070): GC_FOR_ALLOC freed 2079K, 33% free 8454K/12556K, paused 3ms, total 3ms
02-03 10:46:36.731 D/dalvikvm( 2070): GC_FOR_ALLOC freed 2088K, 33% free 8456K/12556K, paused 4ms, total 4ms
02-03 10:46:36.741 D/dalvikvm( 2070): GC_FOR_ALLOC freed 2098K, 33% free 8459K/12556K, paused 4ms, total 4ms
02-03 10:46:36.741 D/dalvikvm( 2070): GC_FOR_ALLOC freed 2107K, 33% free 8461K/12556K, paused 3ms, total 3ms
02-03 10:46:36.751 D/dalvikvm( 2070): GC_FOR_ALLOC freed 2117K, 33% free 8463K/12556K, paused 3ms, total 3ms
02-03 10:46:36.761 D/dalvikvm( 2070): GC_FOR_ALLOC freed 2126K, 35% free 8263K/12556K, paused 4ms, total 4ms
02-03 10:46:36.761 D/dalvikvm( 2070): GC_FOR_ALLOC freed 2136K, 35% free 8264K/12556K, paused 4ms, total 4ms
02-03 10:46:36.761 D/dalvikvm( 2070): GC_FOR_ALLOC freed 2174K, 35% free 8164K/12556K, paused 3ms, total 3ms
02-03 10:46:36.771 D/dalvikvm( 2070): GC_FOR_ALLOC freed 1995K, 33% free 8485K/12556K, paused 3ms, total 4ms
02-03 10:46:36.781 D/dalvikvm( 2070): GC_FOR_ALLOC freed 2079K, 35% free 8162K/12556K, paused 4ms, total 4ms
02-03 10:46:36.781 D/dalvikvm( 2070): GC_FOR_ALLOC freed 2385K, 40% free 7646K/12556K, paused 3ms, total 3ms
02-03 10:46:36.791 D/dalvikvm( 2070): GC_FOR_ALLOC freed <1K, 31% free 8670K/12556K, paused 2ms, total 2ms
02-03 10:46:36.791 I/dalvikvm-heap( 2070): Grow heap (frag case) to 9.510MB for 1048592-byte allocation
02-03 10:46:36.791 D/dalvikvm( 2070): GC_FOR_ALLOC freed 4K, 29% free 9690K/13584K, paused 2ms, total 2ms
02-03 10:46:36.791 D/dalvikvm( 2070): GC_FOR_ALLOC freed <1K, 29% free 9690K/13584K, paused 2ms, total 2ms
02-03 10:46:36.791 I/dalvikvm-heap( 2070): Grow heap (frag case) to 10.506MB for 1048592-byte allocation
02-03 10:46:36.801 D/dalvikvm( 2070): GC_FOR_ALLOC freed 0K, 27% free 10714K/14612K, paused 2ms, total 2ms
02-03 10:46:37.211 D/dalvikvm( 2070): GC_CONCURRENT freed 6811K, 47% free 7971K/14852K, paused 1ms+1ms, total 19ms
02-03 10:46:37.211 D/dalvikvm( 2070): WAIT_FOR_CONCURRENT_GC blocked 17ms
02-03 10:46:37.221 D/dalvikvm( 2070): GC_FOR_ALLOC freed 4075K, 36% free 7976K/12404K, paused 4ms, total 4ms
02-03 10:46:37.221 D/dalvikvm( 2070): GC_FOR_ALLOC freed 3507K, 36% free 8021K/12404K, paused 4ms, total 4ms
02-03 10:46:37.231 D/dalvikvm( 2070): GC_FOR_ALLOC freed 3547K, 36% free 7955K/12404K, paused 4ms, total 4ms
02-03 10:46:37.241 D/dalvikvm( 2070): GC_FOR_ALLOC freed 3306K, 36% free 8040K/12404K, paused 4ms, total 4ms
02-03 10:46:37.241 D/dalvikvm( 2070): GC_FOR_ALLOC freed 3169K, 36% free 7959K/12404K, paused 4ms, total 4ms
02-03 10:46:37.251 D/dalvikvm( 2070): GC_FOR_ALLOC freed 3265K, 36% free 7960K/12404K, paused 3ms, total 3ms
02-03 10:46:37.261 D/dalvikvm( 2070): GC_FOR_ALLOC freed 2846K, 35% free 8064K/12404K, paused 4ms, total 4ms
02-03 10:46:37.261 D/dalvikvm( 2070): GC_FOR_ALLOC freed 2933K, 36% free 8002K/12404K, paused 3ms, total 3ms
02-03 10:46:37.271 D/dalvikvm( 2070): GC_FOR_ALLOC freed 2820K, 35% free 8081K/12404K, paused 3ms, total 3ms
02-03 10:46:37.271 D/dalvikvm( 2070): GC_FOR_ALLOC freed 2869K, 36% free 7973K/12404K, paused 3ms, total 3ms
02-03 10:46:37.281 D/dalvikvm( 2070): GC_FOR_ALLOC freed 2786K, 36% free 7976K/12404K, paused 4ms, total 4ms
02-03 10:46:37.291 D/dalvikvm( 2070): GC_FOR_ALLOC freed 2685K, 35% free 8104K/12404K, paused 3ms, total 3ms
02-03 10:46:37.291 D/dalvikvm( 2070): GC_FOR_ALLOC freed 2692K, 35% free 8111K/12404K, paused 3ms, total 3ms
02-03 10:46:37.301 D/dalvikvm( 2070): GC_FOR_ALLOC freed 2687K, 36% free 7985K/12404K, paused 3ms, total 3ms
02-03 10:46:37.301 D/dalvikvm( 2070): GC_FOR_ALLOC freed 2537K, 36% free 7987K/12404K, paused 3ms, total 3ms
02-03 10:46:37.311 D/dalvikvm( 2070): GC_FOR_ALLOC freed 2604K, 36% free 7989K/12404K, paused 3ms, total 3ms
02-03 10:46:37.311 D/dalvikvm( 2070): GC_FOR_ALLOC freed 2671K, 36% free 7992K/12404K, paused 3ms, total 3ms
02-03 10:46:37.321 D/dalvikvm( 2070): GC_FOR_ALLOC freed 2738K, 36% free 7994K/12404K, paused 3ms, total 3ms
02-03 10:46:37.321 D/dalvikvm( 2070): GC_FOR_ALLOC freed 2805K, 36% free 7997K/12404K, paused 4ms, total 4ms
02-03 10:46:37.331 D/dalvikvm( 2070): GC_FOR_ALLOC freed 2612K, 36% free 8050K/12404K, paused 4ms, total 4ms
02-03 10:46:37.331 D/dalvikvm( 2070): GC_FOR_ALLOC freed 2562K, 35% free 8158K/12404K, paused 3ms, total 4ms
02-03 10:46:37.341 D/dalvikvm( 2070): GC_FOR_ALLOC freed 2613K, 36% free 8056K/12404K, paused 4ms, total 4ms
02-03 10:46:37.351 D/dalvikvm( 2070): GC_FOR_ALLOC freed 2555K, 36% free 8005K/12404K, paused 3ms, total 3ms
02-03 10:46:37.351 D/dalvikvm( 2070): GC_FOR_ALLOC freed 2434K, 35% free 8173K/12404K, paused 3ms, total 3ms
02-03 10:46:37.361 D/dalvikvm( 2070): GC_FOR_ALLOC freed 2646K, 36% free 8009K/12404K, paused 3ms, total 3ms
02-03 10:46:37.361 D/dalvikvm( 2070): GC_FOR_ALLOC freed 2520K, 35% free 8068K/12404K, paused 3ms, total 3ms
02-03 10:46:37.371 D/dalvikvm( 2070): GC_FOR_ALLOC freed 2327K, 36% free 8012K/12404K, paused 3ms, total 3ms
02-03 10:46:37.371 D/dalvikvm( 2070): GC_FOR_ALLOC freed 2182K, 34% free 8191K/12404K, paused 3ms, total 3ms
02-03 10:46:37.381 D/dalvikvm( 2070): GC_FOR_ALLOC freed 2091K, 34% free 8195K/12404K, paused 3ms, total 3ms
02-03 10:46:37.381 D/dalvikvm( 2070): GC_FOR_ALLOC freed 2118K, 34% free 8198K/12404K, paused 3ms, total 3ms
02-03 10:46:37.391 D/dalvikvm( 2070): GC_FOR_ALLOC freed 2144K, 35% free 8079K/12404K, paused 3ms, total 3ms
02-03 10:46:37.391 D/dalvikvm( 2070): GC_FOR_ALLOC freed 2170K, 34% free 8206K/12404K, paused 3ms, total 3ms
02-03 10:46:37.401 D/dalvikvm( 2070): GC_FOR_ALLOC freed 2196K, 35% free 8084K/12404K, paused 4ms, total 4ms
02-03 10:46:37.401 D/dalvikvm( 2070): GC_FOR_ALLOC freed 2222K, 34% free 8213K/12404K, paused 3ms, total 3ms
02-03 10:46:37.411 D/dalvikvm( 2070): GC_FOR_ALLOC freed 2248K, 35% free 8088K/12404K, paused 4ms, total 4ms
02-03 10:46:37.411 D/dalvikvm( 2070): GC_FOR_ALLOC freed 2274K, 35% free 8090K/12404K, paused 3ms, total 3ms
02-03 10:46:37.421 D/dalvikvm( 2070): GC_FOR_ALLOC freed 2169K, 36% free 8027K/12404K, paused 3ms, total 3ms
02-03 10:46:37.421 D/dalvikvm( 2070): GC_FOR_ALLOC freed 1991K, 34% free 8227K/12404K, paused 4ms, total 5ms
02-03 10:46:37.431 D/dalvikvm( 2070): GC_FOR_ALLOC freed 1876K, 35% free 8096K/12404K, paused 3ms, total 3ms
02-03 10:46:37.431 D/dalvikvm( 2070): GC_FOR_ALLOC freed 1893K, 34% free 8233K/12404K, paused 3ms, total 3ms
02-03 10:46:37.441 D/dalvikvm( 2070): GC_FOR_ALLOC freed 1909K, 35% free 8100K/12404K, paused 3ms, total 3ms
02-03 10:46:37.441 D/dalvikvm( 2070): GC_FOR_ALLOC freed 1926K, 34% free 8239K/12404K, paused 3ms, total 3ms
02-03 10:46:37.441 D/dalvikvm( 2070): GC_FOR_ALLOC freed 1943K, 35% free 8103K/12404K, paused 3ms, total 3ms
02-03 10:46:37.451 D/dalvikvm( 2070): GC_FOR_ALLOC freed 1960K, 34% free 8245K/12404K, paused 3ms, total 3ms
02-03 10:46:37.451 D/dalvikvm( 2070): GC_FOR_ALLOC freed 1976K, 35% free 8107K/12404K, paused 3ms, total 4ms
02-03 10:46:37.461 D/dalvikvm( 2070): GC_FOR_ALLOC freed 1993K, 34% free 8251K/12404K, paused 3ms, total 3ms
02-03 10:46:37.461 D/dalvikvm( 2070): GC_FOR_ALLOC freed 2010K, 35% free 8111K/12404K, paused 3ms, total 3ms
02-03 10:46:37.471 D/dalvikvm( 2070): GC_FOR_ALLOC freed 2027K, 34% free 8257K/12404K, paused 3ms, total 3ms
02-03 10:46:37.471 D/dalvikvm( 2070): GC_FOR_ALLOC freed 2043K, 35% free 8114K/12404K, paused 3ms, total 3ms
02-03 10:46:37.481 D/dalvikvm( 2070): GC_FOR_ALLOC freed 2060K, 34% free 8263K/12404K, paused 3ms, total 3ms
02-03 10:46:37.481 D/dalvikvm( 2070): GC_FOR_ALLOC freed 2077K, 35% free 8118K/12404K, paused 3ms, total 3ms
02-03 10:46:37.491 D/dalvikvm( 2070): GC_FOR_ALLOC freed 2093K, 34% free 8269K/12404K, paused 3ms, total 3ms
02-03 10:46:37.491 D/dalvikvm( 2070): GC_FOR_ALLOC freed 2110K, 35% free 8121K/12404K, paused 3ms, total 3ms
02-03 10:46:37.501 D/dalvikvm( 2070): GC_FOR_ALLOC freed 2127K, 35% free 8123K/12404K, paused 3ms, total 3ms
02-03 10:46:37.501 D/dalvikvm( 2070): GC_FOR_ALLOC freed 1990K, 36% free 8049K/12404K, paused 3ms, total 4ms
02-03 10:46:37.511 D/dalvikvm( 2070): GC_FOR_ALLOC freed 2159K, 36% free 8050K/12404K, paused 4ms, total 4ms
02-03 10:46:37.511 D/dalvikvm( 2070): GC_FOR_ALLOC freed 2176K, 36% free 8051K/12404K, paused 3ms, total 3ms
02-03 10:46:37.521 D/dalvikvm( 2070): GC_FOR_ALLOC freed 2193K, 36% free 8052K/12404K, paused 3ms, total 3ms
02-03 10:46:37.521 D/dalvikvm( 2070): GC_FOR_ALLOC freed 2209K, 36% free 8054K/12404K, paused 3ms, total 3ms
02-03 10:46:37.531 D/dalvikvm( 2070): GC_FOR_ALLOC freed 2226K, 36% free 8055K/12404K, paused 3ms, total 3ms
02-03 10:46:37.531 D/dalvikvm( 2070): GC_FOR_ALLOC freed 2244K, 36% free 8056K/12404K, paused 3ms, total 3ms
02-03 10:46:37.541 D/dalvikvm( 2070): GC_FOR_ALLOC freed 2263K, 36% free 8057K/12404K, paused 3ms, total 3ms
02-03 10:46:37.541 D/dalvikvm( 2070): GC_FOR_ALLOC freed 2279K, 36% free 8059K/12404K, paused 3ms, total 3ms
02-03 10:46:37.551 D/dalvikvm( 2070): GC_FOR_ALLOC freed 2297K, 36% free 8060K/12404K, paused 3ms, total 3ms
02-03 10:46:37.551 D/dalvikvm( 2070): GC_FOR_ALLOC freed 1899K, 34% free 8308K/12404K, paused 3ms, total 3ms
02-03 10:46:37.561 D/dalvikvm( 2070): GC_FOR_ALLOC freed 1745K, 33% free 8311K/12404K, paused 3ms, total 3ms
02-03 10:46:37.561 D/dalvikvm( 2070): GC_FOR_ALLOC freed 1756K, 33% free 8313K/12404K, paused 3ms, total 3ms
02-03 10:46:37.571 D/dalvikvm( 2070): GC_FOR_ALLOC freed 1765K, 33% free 8315K/12404K, paused 3ms, total 3ms
02-03 10:46:37.571 D/dalvikvm( 2070): GC_FOR_ALLOC freed 1775K, 33% free 8318K/12404K, paused 3ms, total 3ms
02-03 10:46:37.581 D/dalvikvm( 2070): GC_FOR_ALLOC freed 1784K, 33% free 8320K/12404K, paused 3ms, total 3ms
02-03 10:46:37.581 D/dalvikvm( 2070): GC_FOR_ALLOC freed 1794K, 33% free 8322K/12404K, paused 4ms, total 4ms
02-03 10:46:37.591 D/dalvikvm( 2070): GC_FOR_ALLOC freed 1803K, 33% free 8324K/12404K, paused 4ms, total 4ms
02-03 10:46:37.591 D/dalvikvm( 2070): GC_FOR_ALLOC freed 1812K, 33% free 8327K/12404K, paused 4ms, total 4ms
02-03 10:46:37.601 D/dalvikvm( 2070): GC_FOR_ALLOC freed 1822K, 33% free 8329K/12404K, paused 3ms, total 3ms
02-03 10:46:37.601 D/dalvikvm( 2070): GC_FOR_ALLOC freed 1831K, 33% free 8331K/12404K, paused 3ms, total 3ms
02-03 10:46:37.611 D/dalvikvm( 2070): GC_FOR_ALLOC freed 1841K, 33% free 8333K/12404K, paused 3ms, total 4ms
02-03 10:46:37.611 D/dalvikvm( 2070): GC_FOR_ALLOC freed 1850K, 33% free 8336K/12404K, paused 3ms, total 3ms
02-03 10:46:37.621 D/dalvikvm( 2070): GC_FOR_ALLOC freed 1859K, 33% free 8338K/12404K, paused 3ms, total 3ms
02-03 10:46:37.621 D/dalvikvm( 2070): GC_FOR_ALLOC freed 1869K, 33% free 8340K/12404K, paused 3ms, total 4ms
02-03 10:46:37.621 D/dalvikvm( 2070): GC_FOR_ALLOC freed 1878K, 33% free 8342K/12404K, paused 3ms, total 3ms
02-03 10:46:37.631 D/dalvikvm( 2070): GC_FOR_ALLOC freed 1888K, 33% free 8345K/12404K, paused 3ms, total 3ms
02-03 10:46:37.631 D/dalvikvm( 2070): GC_FOR_ALLOC freed 1897K, 33% free 8347K/12404K, paused 3ms, total 4ms
02-03 10:46:37.641 D/dalvikvm( 2070): GC_FOR_ALLOC freed 1907K, 35% free 8167K/12404K, paused 3ms, total 3ms
02-03 10:46:37.641 D/dalvikvm( 2070): GC_FOR_ALLOC freed 1733K, 35% free 8078K/12404K, paused 3ms, total 3ms
02-03 10:46:37.651 D/dalvikvm( 2070): GC_FOR_ALLOC freed 1924K, 35% free 8079K/12404K, paused 3ms, total 3ms
02-03 10:46:37.651 D/dalvikvm( 2070): GC_FOR_ALLOC freed 1934K, 35% free 8080K/12404K, paused 3ms, total 3ms
02-03 10:46:37.661 D/dalvikvm( 2070): GC_FOR_ALLOC freed 1943K, 35% free 8081K/12404K, paused 3ms, total 3ms
02-03 10:46:37.661 D/dalvikvm( 2070): GC_FOR_ALLOC freed 1953K, 35% free 8082K/12404K, paused 3ms, total 3ms
02-03 10:46:37.671 D/dalvikvm( 2070): GC_FOR_ALLOC freed 1962K, 35% free 8082K/12404K, paused 3ms, total 4ms
02-03 10:46:37.671 D/dalvikvm( 2070): GC_FOR_ALLOC freed 1971K, 35% free 8083K/12404K, paused 4ms, total 4ms
02-03 10:46:37.681 D/dalvikvm( 2070): GC_FOR_ALLOC freed 1981K, 35% free 8084K/12404K, paused 3ms, total 3ms
02-03 10:46:37.681 D/dalvikvm( 2070): GC_FOR_ALLOC freed 1990K, 35% free 8085K/12404K, paused 3ms, total 3ms
02-03 10:46:37.691 D/dalvikvm( 2070): GC_FOR_ALLOC freed 2000K, 35% free 8086K/12404K, paused 3ms, total 3ms
02-03 10:46:37.691 D/dalvikvm( 2070): GC_FOR_ALLOC freed 2009K, 35% free 8087K/12404K, paused 3ms, total 3ms
02-03 10:46:37.701 D/dalvikvm( 2070): GC_FOR_ALLOC freed 2019K, 35% free 8088K/12404K, paused 3ms, total 4ms
02-03 10:46:37.701 D/dalvikvm( 2070): GC_FOR_ALLOC freed 2028K, 35% free 8089K/12404K, paused 4ms, total 4ms
02-03 10:46:37.711 D/dalvikvm( 2070): GC_FOR_ALLOC freed 2037K, 35% free 8090K/12404K, paused 4ms, total 4ms
02-03 10:46:37.711 D/dalvikvm( 2070): GC_FOR_ALLOC freed 2047K, 35% free 8091K/12404K, paused 3ms, total 3ms
02-03 10:46:37.721 D/dalvikvm( 2070): GC_FOR_ALLOC freed 2056K, 35% free 8091K/12404K, paused 3ms, total 3ms
02-03 10:46:37.721 D/dalvikvm( 2070): GC_FOR_ALLOC freed 2066K, 35% free 8092K/12404K, paused 3ms, total 3ms
02-03 10:46:37.731 D/dalvikvm( 2070): GC_FOR_ALLOC freed 2075K, 35% free 8093K/12404K, paused 3ms, total 3ms
02-03 10:46:37.731 D/dalvikvm( 2070): GC_FOR_ALLOC freed 2084K, 35% free 8094K/12404K, paused 3ms, total 3ms
02-03 10:46:37.741 D/dalvikvm( 2070): GC_FOR_ALLOC freed 2094K, 35% free 8095K/12404K, paused 3ms, total 4ms
02-03 10:46:37.741 D/dalvikvm( 2070): GC_FOR_ALLOC freed 2103K, 35% free 8096K/12404K, paused 3ms, total 3ms
02-03 10:46:37.751 D/dalvikvm( 2070): GC_FOR_ALLOC freed 2113K, 35% free 8097K/12404K, paused 3ms, total 3ms
02-03 10:46:37.751 D/dalvikvm( 2070): GC_FOR_ALLOC freed 1616K, 33% free 8400K/12404K, paused 5ms, total 5ms
02-03 10:46:37.761 D/dalvikvm( 2070): GC_FOR_ALLOC freed 1418K, 33% free 8401K/12404K, paused 4ms, total 4ms
02-03 10:46:37.761 D/dalvikvm( 2070): GC_FOR_ALLOC freed 1423K, 33% free 8403K/12404K, paused 4ms, total 4ms
02-03 10:46:37.771 D/dalvikvm( 2070): GC_FOR_ALLOC freed 1427K, 33% free 8404K/12404K, paused 3ms, total 3ms
02-03 10:46:37.771 D/dalvikvm( 2070): GC_FOR_ALLOC freed 1676K, 34% free 8202K/12404K, paused 3ms, total 3ms
02-03 10:46:37.781 D/dalvikvm( 2070): GC_FOR_ALLOC freed 1782K, 34% free 8229K/12404K, paused 3ms, total 3ms
02-03 10:46:37.781 D/dalvikvm( 2070): GC_FOR_ALLOC freed 1530K, 34% free 8236K/12404K, paused 3ms, total 3ms
02-03 10:46:37.791 D/dalvikvm( 2070): GC_FOR_ALLOC freed 1537K, 34% free 8236K/12404K, paused 3ms, total 3ms
02-03 10:46:37.791 D/dalvikvm( 2070): GC_FOR_ALLOC freed 1356K, 39% free 7650K/12404K, paused 3ms, total 3ms
02-03 10:46:37.791 I/dalvikvm-heap( 2070): Grow heap (frag case) to 8.513MB for 1048592-byte allocation
02-03 10:46:37.801 D/dalvikvm( 2070): GC_FOR_ALLOC freed 4K, 36% free 8670K/13432K, paused 3ms, total 3ms
02-03 10:46:37.801 D/dalvikvm( 2070): GC_FOR_ALLOC freed <1K, 36% free 8670K/13432K, paused 2ms, total 2ms
02-03 10:46:37.801 I/dalvikvm-heap( 2070): Grow heap (frag case) to 9.510MB for 1048592-byte allocation
02-03 10:46:37.801 D/dalvikvm( 2070): GC_FOR_ALLOC freed <1K, 33% free 9694K/14460K, paused 2ms, total 2ms
02-03 10:46:37.811 D/dalvikvm( 2070): GC_FOR_ALLOC freed <1K, 33% free 9694K/14460K, paused 2ms, total 2ms
02-03 10:46:37.811 I/dalvikvm-heap( 2070): Grow heap (frag case) to 10.510MB for 1048592-byte allocation
02-03 10:46:37.811 D/dalvikvm( 2070): GC_FOR_ALLOC freed 0K, 31% free 10718K/15488K, paused 2ms, total 2ms
02-03 10:46:38.071 D/EVENT_THREAD(  192): void CEventThread::run() POLLIN event on Fd (1)
02-03 10:46:38.071 D/EVENT_THREAD(  192): void CEventThread::run() Do poll with timeout: -1
02-03 10:46:38.181 D/dalvikvm( 2070): GC_CONCURRENT freed 6775K, 49% free 8026K/15488K, paused 1ms+2ms, total 18ms
02-03 10:46:38.181 D/dalvikvm( 2070): WAIT_FOR_CONCURRENT_GC blocked 17ms
02-03 10:46:38.191 D/dalvikvm( 2070): GC_CONCURRENT freed 4008K, 35% free 8114K/12332K, paused 1ms+1ms, total 6ms
02-03 10:46:38.191 D/dalvikvm( 2070): WAIT_FOR_CONCURRENT_GC blocked 5ms
02-03 10:46:38.201 D/dalvikvm( 2070): GC_FOR_ALLOC freed 3673K, 36% free 7968K/12332K, paused 4ms, total 4ms
02-03 10:46:38.211 D/dalvikvm( 2070): GC_FOR_ALLOC freed 3487K, 35% free 8070K/12332K, paused 5ms, total 5ms
02-03 10:46:38.221 D/dalvikvm( 2070): GC_FOR_ALLOC freed 3452K, 35% free 8030K/12332K, paused 4ms, total 4ms
02-03 10:46:38.221 D/dalvikvm( 2070): GC_FOR_ALLOC freed 3245K, 35% free 8033K/12332K, paused 4ms, total 4ms
02-03 10:46:38.231 D/dalvikvm( 2070): GC_FOR_ALLOC freed 3221K, 36% free 8004K/12332K, paused 4ms, total 4ms
02-03 10:46:38.241 D/dalvikvm( 2070): GC_FOR_ALLOC freed 3030K, 36% free 8008K/12332K, paused 4ms, total 4ms
02-03 10:46:38.241 D/dalvikvm( 2070): GC_FOR_ALLOC freed 2954K, 36% free 8011K/12332K, paused 3ms, total 3ms
02-03 10:46:38.251 D/dalvikvm( 2070): GC_FOR_ALLOC freed 2915K, 35% free 8127K/12332K, paused 5ms, total 5ms
02-03 10:46:38.261 D/dalvikvm( 2070): GC_FOR_ALLOC freed 2970K, 35% free 8135K/12332K, paused 4ms, total 4ms
02-03 10:46:38.271 D/dalvikvm( 2070): GC_FOR_ALLOC freed 2810K, 35% free 8061K/12332K, paused 3ms, total 4ms
02-03 10:46:38.281 D/dalvikvm( 2070): GC_FOR_ALLOC freed 2843K, 35% free 8020K/12332K, paused 4ms, total 4ms
02-03 10:46:38.281 D/dalvikvm( 2070): GC_FOR_ALLOC freed 2805K, 35% free 8066K/12332K, paused 3ms, total 3ms
02-03 10:46:38.291 D/dalvikvm( 2070): GC_FOR_ALLOC freed 2715K, 35% free 8025K/12332K, paused 5ms, total 5ms
02-03 10:46:38.301 D/dalvikvm( 2070): GC_FOR_ALLOC freed 2887K, 35% free 8028K/12332K, paused 4ms, total 4ms
02-03 10:46:38.301 D/dalvikvm( 2070): GC_FOR_ALLOC freed 2732K, 35% free 8078K/12332K, paused 4ms, total 4ms
02-03 10:46:38.311 D/dalvikvm( 2070): GC_FOR_ALLOC freed 2707K, 35% free 8081K/12332K, paused 4ms, total 4ms
02-03 10:46:38.321 D/dalvikvm( 2070): GC_FOR_ALLOC freed 2674K, 35% free 8035K/12332K, paused 3ms, total 3ms
02-03 10:46:38.321 D/dalvikvm( 2070): GC_FOR_ALLOC freed 2581K, 34% free 8190K/12332K, paused 4ms, total 4ms
02-03 10:46:38.331 D/dalvikvm( 2070): GC_FOR_ALLOC freed 2533K, 34% free 8195K/12332K, paused 3ms, total 3ms
02-03 10:46:38.331 D/dalvikvm( 2070): GC_FOR_ALLOC freed 2584K, 35% free 8094K/12332K, paused 3ms, total 3ms
02-03 10:46:38.341 D/dalvikvm( 2070): GC_FOR_ALLOC freed 2527K, 35% free 8044K/12332K, paused 4ms, total 4ms
02-03 10:46:38.351 D/dalvikvm( 2070): GC_FOR_ALLOC freed 2408K, 34% free 8210K/12332K, paused 4ms, total 4ms
02-03 10:46:38.351 D/dalvikvm( 2070): GC_FOR_ALLOC freed 2337K, 35% free 8103K/12332K, paused 3ms, total 3ms
02-03 10:46:38.361 D/dalvikvm( 2070): GC_FOR_ALLOC freed 2375K, 35% free 8105K/12332K, paused 4ms, total 4ms
02-03 10:46:38.361 D/dalvikvm( 2070): GC_FOR_ALLOC freed 2297K, 35% free 8051K/12332K, paused 3ms, total 3ms
02-03 10:46:38.371 D/dalvikvm( 2070): GC_FOR_ALLOC freed 2448K, 35% free 8053K/12332K, paused 3ms, total 3ms
02-03 10:46:38.371 D/dalvikvm( 2070): GC_FOR_ALLOC freed 2486K, 35% free 8054K/12332K, paused 4ms, total 4ms
02-03 10:46:38.381 D/dalvikvm( 2070): GC_FOR_ALLOC freed 2221K, 34% free 8236K/12332K, paused 4ms, total 4ms
02-03 10:46:38.381 D/dalvikvm( 2070): GC_FOR_ALLOC freed 2128K, 34% free 8240K/12332K, paused 4ms, total 4ms
02-03 10:46:38.391 D/dalvikvm( 2070): GC_FOR_ALLOC freed 2154K, 34% free 8244K/12332K, paused 3ms, total 3ms
02-03 10:46:38.391 D/dalvikvm( 2070): GC_FOR_ALLOC freed 2180K, 34% free 8247K/12332K, paused 4ms, total 4ms
02-03 10:46:38.401 D/dalvikvm( 2070): GC_FOR_ALLOC freed 2206K, 34% free 8251K/12332K, paused 4ms, total 4ms
02-03 10:46:38.401 D/dalvikvm( 2070): GC_FOR_ALLOC freed 2233K, 35% free 8127K/12332K, paused 3ms, total 3ms
02-03 10:46:38.411 D/dalvikvm( 2070): GC_FOR_ALLOC freed 2259K, 35% free 8129K/12332K, paused 5ms, total 5ms
02-03 10:46:38.421 D/dalvikvm( 2070): GC_FOR_ALLOC freed 2154K, 35% free 8066K/12332K, paused 4ms, total 4ms
02-03 10:46:38.421 D/dalvikvm( 2070): GC_FOR_ALLOC freed 2310K, 35% free 8068K/12332K, paused 4ms, total 4ms
02-03 10:46:38.431 D/dalvikvm( 2070): GC_FOR_ALLOC freed 2000K, 33% free 8269K/12332K, paused 4ms, total 4ms
02-03 10:46:38.431 D/dalvikvm( 2070): GC_FOR_ALLOC freed 2223K, 35% free 8071K/12332K, paused 3ms, total 3ms
02-03 10:46:38.441 D/dalvikvm( 2070): GC_FOR_ALLOC freed 2383K, 35% free 8072K/12332K, paused 4ms, total 4ms
02-03 10:46:38.441 D/dalvikvm( 2070): GC_FOR_ALLOC freed 2409K, 35% free 8074K/12332K, paused 4ms, total 4ms
02-03 10:46:38.451 D/dalvikvm( 2070): GC_FOR_ALLOC freed 2435K, 35% free 8075K/12332K, paused 3ms, total 3ms
02-03 10:46:38.451 D/dalvikvm( 2070): GC_FOR_ALLOC freed 2108K, 33% free 8287K/12332K, paused 4ms, total 4ms
02-03 10:46:38.461 D/dalvikvm( 2070): GC_FOR_ALLOC freed 1985K, 33% free 8290K/12332K, paused 3ms, total 3ms
02-03 10:46:38.461 D/dalvikvm( 2070): GC_FOR_ALLOC freed 2001K, 33% free 8293K/12332K, paused 4ms, total 4ms
02-03 10:46:38.471 D/dalvikvm( 2070): GC_FOR_ALLOC freed 2018K, 33% free 8296K/12332K, paused 4ms, total 4ms
02-03 10:46:38.471 D/dalvikvm( 2070): GC_FOR_ALLOC freed 2035K, 34% free 8153K/12332K, paused 3ms, total 3ms
02-03 10:46:38.481 D/dalvikvm( 2070): GC_FOR_ALLOC freed 2052K, 34% free 8155K/12332K, paused 3ms, total 3ms
02-03 10:46:38.481 D/dalvikvm( 2070): GC_FOR_ALLOC freed 2068K, 34% free 8157K/12332K, paused 3ms, total 3ms
02-03 10:46:38.491 D/dalvikvm( 2070): GC_FOR_ALLOC freed 2085K, 34% free 8159K/12332K, paused 4ms, total 4ms
02-03 10:46:38.491 D/dalvikvm( 2070): GC_FOR_ALLOC freed 2102K, 34% free 8160K/12332K, paused 3ms, total 3ms
02-03 10:46:38.501 D/dalvikvm( 2070): GC_FOR_ALLOC freed 1967K, 35% free 8087K/12332K, paused 4ms, total 4ms
02-03 10:46:38.511 D/dalvikvm( 2070): GC_FOR_ALLOC freed 1751K, 33% free 8316K/12332K, paused 5ms, total 5ms
02-03 10:46:38.511 D/dalvikvm( 2070): GC_FOR_ALLOC freed 1994K, 35% free 8089K/12332K, paused 4ms, total 4ms
02-03 10:46:38.521 D/dalvikvm( 2070): GC_FOR_ALLOC freed 1775K, 33% free 8321K/12332K, paused 3ms, total 3ms
02-03 10:46:38.531 D/dalvikvm( 2070): GC_FOR_ALLOC freed 2021K, 35% free 8091K/12332K, paused 4ms, total 4ms
02-03 10:46:38.531 D/dalvikvm( 2070): GC_FOR_ALLOC freed 1799K, 33% free 8326K/12332K, paused 4ms, total 4ms
02-03 10:46:38.541 D/dalvikvm( 2070): GC_FOR_ALLOC freed 2049K, 35% free 8093K/12332K, paused 4ms, total 4ms
02-03 10:46:38.541 D/dalvikvm( 2070): GC_FOR_ALLOC freed 1824K, 33% free 8332K/12332K, paused 4ms, total 4ms
02-03 10:46:38.551 D/dalvikvm( 2070): GC_FOR_ALLOC freed 2076K, 35% free 8095K/12332K, paused 4ms, total 4ms
02-03 10:46:38.551 D/dalvikvm( 2070): GC_FOR_ALLOC freed 1850K, 33% free 8337K/12332K, paused 4ms, total 4ms
02-03 10:46:38.561 D/dalvikvm( 2070): GC_FOR_ALLOC freed 2106K, 35% free 8098K/12332K, paused 4ms, total 4ms
02-03 10:46:38.561 D/dalvikvm( 2070): GC_FOR_ALLOC freed 1874K, 33% free 8343K/12332K, paused 4ms, total 4ms
02-03 10:46:38.571 D/dalvikvm( 2070): GC_FOR_ALLOC freed 2134K, 35% free 8100K/12332K, paused 4ms, total 4ms
02-03 10:46:38.581 D/dalvikvm( 2070): GC_FOR_ALLOC freed 1899K, 33% free 8348K/12332K, paused 5ms, total 5ms
02-03 10:46:38.581 D/dalvikvm( 2070): GC_FOR_ALLOC freed 1745K, 33% free 8351K/12332K, paused 4ms, total 4ms
02-03 10:46:38.591 D/dalvikvm( 2070): GC_FOR_ALLOC freed 1756K, 33% free 8353K/12332K, paused 6ms, total 6ms
02-03 10:46:38.601 D/dalvikvm( 2070): GC_FOR_ALLOC freed 1765K, 33% free 8355K/12332K, paused 5ms, total 5ms
02-03 10:46:38.601 D/dalvikvm( 2070): GC_FOR_ALLOC freed 1775K, 33% free 8358K/12332K, paused 4ms, total 4ms
02-03 10:46:38.611 D/dalvikvm( 2070): GC_FOR_ALLOC freed 1784K, 33% free 8360K/12332K, paused 5ms, total 5ms
02-03 10:46:38.621 D/dalvikvm( 2070): GC_FOR_ALLOC freed 2222K, 36% free 8107K/12504K, paused 5ms, total 5ms
02-03 10:46:38.621 D/dalvikvm( 2070): GC_FOR_ALLOC freed 1977K, 34% free 8365K/12504K, paused 5ms, total 5ms
02-03 10:46:38.631 D/dalvikvm( 2070): GC_FOR_ALLOC freed 2250K, 36% free 8109K/12504K, paused 4ms, total 5ms
02-03 10:46:38.641 D/dalvikvm( 2070): GC_FOR_ALLOC freed 2001K, 34% free 8370K/12504K, paused 5ms, total 5ms
02-03 10:46:38.641 D/dalvikvm( 2070): GC_FOR_ALLOC freed 2277K, 36% free 8111K/12504K, paused 5ms, total 5ms
02-03 10:46:38.651 D/dalvikvm( 2070): GC_FOR_ALLOC freed 2025K, 34% free 8376K/12504K, paused 6ms, total 6ms
02-03 10:46:38.661 D/dalvikvm( 2070): GC_FOR_ALLOC freed 2304K, 36% free 8113K/12504K, paused 6ms, total 6ms
02-03 10:46:38.661 D/dalvikvm( 2070): GC_FOR_ALLOC freed 2049K, 33% free 8381K/12504K, paused 4ms, total 4ms
02-03 10:46:38.671 D/dalvikvm( 2070): GC_FOR_ALLOC freed 2331K, 36% free 8115K/12504K, paused 5ms, total 5ms
02-03 10:46:38.681 D/dalvikvm( 2070): GC_FOR_ALLOC freed 2074K, 33% free 8386K/12504K, paused 5ms, total 5ms
02-03 10:46:38.691 D/dalvikvm( 2070): GC_FOR_ALLOC freed 2358K, 36% free 8117K/12504K, paused 5ms, total 5ms
02-03 10:46:38.691 D/dalvikvm( 2070): GC_FOR_ALLOC freed 2098K, 33% free 8391K/12504K, paused 5ms, total 5ms
02-03 10:46:38.701 D/dalvikvm( 2070): GC_FOR_ALLOC freed 2386K, 36% free 8119K/12504K, paused 6ms, total 6ms
02-03 10:46:38.711 D/dalvikvm( 2070): GC_FOR_ALLOC freed 2122K, 33% free 8396K/12504K, paused 5ms, total 5ms
02-03 10:46:38.711 D/dalvikvm( 2070): GC_FOR_ALLOC freed 1947K, 33% free 8399K/12504K, paused 4ms, total 4ms
02-03 10:46:38.721 D/dalvikvm( 2070): GC_FOR_ALLOC freed 1957K, 33% free 8401K/12504K, paused 5ms, total 5ms
02-03 10:46:38.731 D/dalvikvm( 2070): GC_FOR_ALLOC freed 1966K, 33% free 8403K/12504K, paused 4ms, total 4ms
02-03 10:46:38.731 D/dalvikvm( 2070): GC_FOR_ALLOC freed 1976K, 33% free 8405K/12504K, paused 5ms, total 5ms
02-03 10:46:38.741 D/dalvikvm( 2070): GC_FOR_ALLOC freed 1985K, 33% free 8408K/12504K, paused 5ms, total 6ms
02-03 10:46:38.751 D/dalvikvm( 2070): GC_FOR_ALLOC freed 1994K, 33% free 8410K/12504K, paused 5ms, total 5ms
02-03 10:46:38.751 D/dalvikvm( 2070): GC_FOR_ALLOC freed 2004K, 33% free 8412K/12504K, paused 4ms, total 4ms
02-03 10:46:38.761 D/dalvikvm( 2070): GC_FOR_ALLOC freed 2013K, 33% free 8414K/12504K, paused 5ms, total 5ms
02-03 10:46:38.771 D/dalvikvm( 2070): GC_FOR_ALLOC freed 2023K, 33% free 8417K/12504K, paused 5ms, total 5ms
02-03 10:46:38.771 D/dalvikvm( 2070): GC_FOR_ALLOC freed 2032K, 33% free 8419K/12504K, paused 4ms, total 4ms
02-03 10:46:38.781 D/dalvikvm( 2070): GC_FOR_ALLOC freed 2041K, 33% free 8421K/12504K, paused 4ms, total 4ms
02-03 10:46:38.781 D/dalvikvm( 2070): GC_FOR_ALLOC freed 2051K, 33% free 8423K/12504K, paused 5ms, total 5ms
02-03 10:46:38.791 D/dalvikvm( 2070): GC_FOR_ALLOC freed 2060K, 33% free 8426K/12504K, paused 5ms, total 5ms
02-03 10:46:38.801 D/dalvikvm( 2070): GC_FOR_ALLOC freed 2070K, 33% free 8428K/12504K, paused 4ms, total 4ms
02-03 10:46:38.801 D/dalvikvm( 2070): GC_FOR_ALLOC freed 2079K, 33% free 8430K/12504K, paused 6ms, total 6ms
02-03 10:46:38.811 D/dalvikvm( 2070): GC_FOR_ALLOC freed 2088K, 33% free 8432K/12504K, paused 4ms, total 4ms
02-03 10:46:38.811 D/dalvikvm( 2070): GC_FOR_ALLOC freed 2098K, 33% free 8435K/12504K, paused 4ms, total 4ms
02-03 10:46:38.821 D/dalvikvm( 2070): GC_FOR_ALLOC freed 2107K, 33% free 8437K/12504K, paused 4ms, total 4ms
02-03 10:46:38.821 D/dalvikvm( 2070): GC_FOR_ALLOC freed 2117K, 33% free 8439K/12504K, paused 4ms, total 5ms
02-03 10:46:38.831 D/dalvikvm( 2070): GC_FOR_ALLOC freed 2126K, 35% free 8239K/12504K, paused 3ms, total 3ms
02-03 10:46:38.831 D/dalvikvm( 2070): GC_FOR_ALLOC freed 1932K, 35% free 8139K/12504K, paused 4ms, total 4ms
02-03 10:46:38.841 D/dalvikvm( 2070): GC_FOR_ALLOC freed 2160K, 35% free 8144K/12504K, paused 6ms, total 6ms
02-03 10:46:38.851 D/dalvikvm( 2070): GC_FOR_ALLOC freed 2212K, 33% free 8461K/12504K, paused 4ms, total 4ms
02-03 10:46:38.851 D/dalvikvm( 2070): GC_FOR_ALLOC freed 1530K, 33% free 8468K/12504K, paused 3ms, total 3ms
02-03 10:46:38.861 D/dalvikvm( 2070): GC_FOR_ALLOC freed 2087K, 35% free 8138K/12504K, paused 3ms, total 3ms
02-03 10:46:38.861 D/dalvikvm( 2070): GC_FOR_ALLOC freed 843K, 40% free 7626K/12504K, paused 3ms, total 3ms
02-03 10:46:38.861 I/dalvikvm-heap( 2070): Grow heap (frag case) to 8.490MB for 1048592-byte allocation
02-03 10:46:38.861 D/dalvikvm( 2070): GC_FOR_ALLOC freed 4K, 37% free 8646K/13532K, paused 2ms, total 2ms
02-03 10:46:38.871 D/dalvikvm( 2070): GC_FOR_ALLOC freed <1K, 37% free 8646K/13532K, paused 3ms, total 3ms
02-03 10:46:38.871 I/dalvikvm-heap( 2070): Grow heap (frag case) to 9.487MB for 1048592-byte allocation
02-03 10:46:38.871 D/dalvikvm( 2070): GC_FOR_ALLOC freed <1K, 34% free 9670K/14560K, paused 2ms, total 2ms
02-03 10:46:38.871 D/dalvikvm( 2070): GC_FOR_ALLOC freed <1K, 34% free 9670K/14560K, paused 3ms, total 3ms
02-03 10:46:38.871 I/dalvikvm-heap( 2070): Grow heap (frag case) to 10.487MB for 1048592-byte allocation
02-03 10:46:38.881 D/dalvikvm( 2070): GC_FOR_ALLOC freed 0K, 32% free 10694K/15588K, paused 2ms, total 2ms
02-03 10:46:39.871 D/EVENT_THREAD(  192): void CEventThread::run() POLLIN event on Fd (1)
02-03 10:46:39.871 D/EVENT_THREAD(  192): void CEventThread::run() Do poll with timeout: -1
02-03 10:46:39.871 I/upi_ug31xx(  166): (608) update_capacity
02-03 10:46:39.871 I/[UPI]   (  166): <UG31/E>[UpiReadCapacity]: V=4191(4190), T=323(323-384), I=-148, C=-2(-2-0)
02-03 10:46:39.871 I/[UPI]   (  166): <UG31/E>[UpiReadCapacity]: (0x0221254a) 3080 (3543) / 3159 (3971) = 97
02-03 10:46:39.871 I/[UPI]   (  166): <UG31/E>[UpiReadCapacity]: (0x0221254a) 3080 (3543) / 3159 (3971) = 97
02-03 10:46:39.871 I/[UPI]   (  166): <UG31/E>[UpiReadCapacity]: (0x0221254a) 3080 (3080) / 3159 (3971) = 97
02-03 10:46:39.871 I/[UPI]   (  166): <UG31/E>[RsocFilterCountTime]: (0x0221254a) Step=5(302840), Full=2(302840), Lock=302840(1920648)
02-03 10:46:39.871 I/[UPI]   (  166): <UG31/E>[UpiReadCapacity]: (0x0221254a) 3080 (3080) / 3159 (3971) = 97 (-148--148)
02-03 10:46:39.871 I/[UPI]   (  166): <UG31/E><BATT> M:normal, P:97(97-97)%, V:4190mV, C:-84mA, T:32.3C(384), S:0x0221254a(000), R:3080mAh, F:3159mAh, Q:-267mAh, CC:5, P:30.250(266-0)s, BO:5, 97:615:0-44af-9m:B001-20140514-144301 (16)
02-03 10:46:39.871 I/upi_ug31xx(  166): (609) backup_data 
02-03 10:46:39.871 V/upi_ug31xx(  166): state->check_backup_count = 8
02-03 10:46:39.871 D/EVENT_THREAD(  192): void CEventThread::run() POLLIN event on Fd (1)
02-03 10:46:39.871 D/EVENT_THREAD(  192): void CEventThread::run() Do poll with timeout: -1
02-03 10:46:40.221 D/EVENT_THREAD(  192): void CEventThread::run() POLLIN event on Fd (1)
02-03 10:46:40.221 D/EVENT_THREAD(  192): void CEventThread::run() Do poll with timeout: -1
02-03 10:46:40.221 I/upi_ug31xx(  166): (610) backup_bo check
02-03 10:46:42.401 D/dalvikvm( 2070): GC_CONCURRENT freed 7071K, 51% free 7710K/15588K, paused 1ms+1ms, total 18ms
02-03 10:46:42.401 D/dalvikvm( 2070): WAIT_FOR_CONCURRENT_GC blocked 17ms
02-03 10:46:42.411 D/dalvikvm( 2070): GC_CONCURRENT freed 3995K, 36% free 7777K/12040K, paused 1ms+1ms, total 4ms
02-03 10:46:42.421 D/dalvikvm( 2070): GC_FOR_ALLOC freed 3342K, 36% free 7767K/12040K, paused 4ms, total 4ms
02-03 10:46:42.421 D/dalvikvm( 2070): GC_FOR_ALLOC freed 3154K, 36% free 7721K/12040K, paused 2ms, total 2ms
02-03 10:46:42.431 D/dalvikvm( 2070): GC_FOR_ALLOC freed 2884K, 36% free 7727K/12040K, paused 2ms, total 2ms
02-03 10:46:42.441 D/dalvikvm( 2070): GC_FOR_ALLOC freed 2771K, 36% free 7759K/12040K, paused 4ms, total 4ms
02-03 10:46:42.441 D/dalvikvm( 2070): GC_FOR_ALLOC freed 2527K, 36% free 7736K/12040K, paused 2ms, total 2ms
02-03 10:46:42.441 D/dalvikvm( 2070): GC_FOR_ALLOC freed 2602K, 36% free 7771K/12040K, paused 3ms, total 3ms
02-03 10:46:42.451 D/dalvikvm( 2070): GC_FOR_ALLOC freed 2464K, 36% free 7775K/12040K, paused 2ms, total 2ms
02-03 10:46:42.451 D/dalvikvm( 2070): GC_FOR_ALLOC freed 2522K, 36% free 7747K/12040K, paused 3ms, total 3ms
02-03 10:46:42.461 D/dalvikvm( 2070): GC_FOR_ALLOC freed 2533K, 36% free 7785K/12040K, paused 3ms, total 3ms
02-03 10:46:42.461 D/dalvikvm( 2070): GC_FOR_ALLOC freed 2308K, 36% free 7789K/12040K, paused 3ms, total 3ms
02-03 10:46:42.471 D/dalvikvm( 2070): GC_FOR_ALLOC freed 2315K, 36% free 7755K/12040K, paused 2ms, total 2ms
02-03 10:46:42.471 D/dalvikvm( 2070): GC_FOR_ALLOC freed 2274K, 35% free 7876K/12040K, paused 2ms, total 3ms
02-03 10:46:42.481 D/dalvikvm( 2070): GC_FOR_ALLOC freed 2265K, 36% free 7800K/12040K, paused 3ms, total 3ms
02-03 10:46:42.481 D/dalvikvm( 2070): GC_FOR_ALLOC freed 2253K, 36% free 7762K/12040K, paused 2ms, total 2ms
02-03 10:46:42.491 D/dalvikvm( 2070): GC_FOR_ALLOC freed 2185K, 36% free 7807K/12040K, paused 2ms, total 2ms
02-03 10:46:42.491 D/dalvikvm( 2070): GC_FOR_ALLOC freed 2375K, 36% free 7767K/12040K, paused 2ms, total 2ms
02-03 10:46:42.491 D/dalvikvm( 2070): GC_FOR_ALLOC freed 2209K, 36% free 7769K/12040K, paused 2ms, total 2ms
02-03 10:46:42.501 D/dalvikvm( 2070): GC_FOR_ALLOC freed 2260K, 36% free 7771K/12040K, paused 3ms, total 4ms
02-03 10:46:42.501 D/dalvikvm( 2070): GC_FOR_ALLOC freed 2311K, 36% free 7773K/12040K, paused 2ms, total 2ms
02-03 10:46:42.511 D/dalvikvm( 2070): GC_FOR_ALLOC freed 2119K, 35% free 7920K/12040K, paused 3ms, total 3ms
02-03 10:46:42.511 D/dalvikvm( 2070): GC_FOR_ALLOC freed 2061K, 35% free 7924K/12040K, paused 2ms, total 2ms
02-03 10:46:42.521 D/dalvikvm( 2070): GC_FOR_ALLOC freed 2099K, 35% free 7929K/12040K, paused 3ms, total 3ms
02-03 10:46:42.521 D/dalvikvm( 2070): GC_FOR_ALLOC freed 2136K, 35% free 7933K/12040K, paused 3ms, total 3ms
02-03 10:46:42.531 D/dalvikvm( 2070): GC_FOR_ALLOC freed 2174K, 35% free 7938K/12040K, paused 2ms, total 2ms
02-03 10:46:42.531 D/dalvikvm( 2070): GC_FOR_ALLOC freed 2212K, 35% free 7942K/12040K, paused 2ms, total 2ms
02-03 10:46:42.541 D/dalvikvm( 2070): GC_FOR_ALLOC freed 2249K, 34% free 7947K/12040K, paused 2ms, total 2ms
02-03 10:46:42.541 D/dalvikvm( 2070): GC_FOR_ALLOC freed 2287K, 35% free 7842K/12040K, paused 2ms, total 2ms
02-03 10:46:42.541 D/dalvikvm( 2070): GC_FOR_ALLOC freed 2213K, 36% free 7789K/12040K, paused 2ms, total 2ms
02-03 10:46:42.551 D/dalvikvm( 2070): GC_FOR_ALLOC freed 2077K, 34% free 7959K/12040K, paused 3ms, total 3ms
02-03 10:46:42.551 D/dalvikvm( 2070): GC_FOR_ALLOC freed 1992K, 35% free 7849K/12040K, paused 3ms, total 3ms
02-03 10:46:42.561 D/dalvikvm( 2070): GC_FOR_ALLOC freed 2018K, 35% free 7851K/12040K, paused 2ms, total 2ms
02-03 10:46:42.561 D/dalvikvm( 2070): GC_FOR_ALLOC freed 2044K, 35% free 7853K/12040K, paused 2ms, total 2ms
02-03 10:46:42.561 D/dalvikvm( 2070): GC_FOR_ALLOC freed 2071K, 35% free 7856K/12040K, paused 2ms, total 2ms
02-03 10:46:42.571 D/dalvikvm( 2070): GC_FOR_ALLOC freed 2097K, 35% free 7858K/12040K, paused 3ms, total 3ms
02-03 10:46:42.571 D/dalvikvm( 2070): GC_FOR_ALLOC freed 2123K, 35% free 7860K/12040K, paused 3ms, total 3ms
02-03 10:46:42.581 D/dalvikvm( 2070): GC_FOR_ALLOC freed 1717K, 34% free 7985K/12040K, paused 3ms, total 3ms
02-03 10:46:42.581 D/dalvikvm( 2070): GC_FOR_ALLOC freed 1734K, 34% free 7988K/12040K, paused 2ms, total 2ms
02-03 10:46:42.591 D/dalvikvm( 2070): GC_FOR_ALLOC freed 1750K, 34% free 7991K/12040K, paused 3ms, total 3ms
02-03 10:46:42.591 D/dalvikvm( 2070): GC_FOR_ALLOC freed 1767K, 35% free 7867K/12040K, paused 2ms, total 2ms
02-03 10:46:42.591 D/dalvikvm( 2070): GC_FOR_ALLOC freed 1784K, 35% free 7869K/12040K, paused 2ms, total 2ms
02-03 10:46:42.601 D/dalvikvm( 2070): GC_FOR_ALLOC freed 1801K, 35% free 7871K/12040K, paused 3ms, total 3ms
02-03 10:46:42.601 D/dalvikvm( 2070): GC_FOR_ALLOC freed 1817K, 35% free 7873K/12040K, paused 3ms, total 3ms
02-03 10:46:42.611 D/dalvikvm( 2070): GC_FOR_ALLOC freed 1834K, 35% free 7874K/12040K, paused 3ms, total 3ms
02-03 10:46:42.611 D/dalvikvm( 2070): GC_FOR_ALLOC freed 1851K, 35% free 7876K/12040K, paused 2ms, total 3ms
02-03 10:46:42.621 D/dalvikvm( 2070): GC_FOR_ALLOC freed 1868K, 35% free 7878K/12040K, paused 2ms, total 3ms
02-03 10:46:42.621 D/dalvikvm( 2070): GC_FOR_ALLOC freed 1884K, 35% free 7880K/12040K, paused 2ms, total 2ms
02-03 10:46:42.621 D/dalvikvm( 2070): GC_FOR_ALLOC freed 1901K, 35% free 7882K/12040K, paused 2ms, total 2ms
02-03 10:46:42.631 D/dalvikvm( 2070): GC_FOR_ALLOC freed 1781K, 36% free 7815K/12040K, paused 2ms, total 2ms
02-03 10:46:42.631 D/dalvikvm( 2070): GC_FOR_ALLOC freed 1933K, 36% free 7817K/12040K, paused 2ms, total 2ms
02-03 10:46:42.631 D/dalvikvm( 2070): GC_FOR_ALLOC freed 1600K, 35% free 7887K/12040K, paused 2ms, total 2ms
02-03 10:46:42.641 D/dalvikvm( 2070): GC_FOR_ALLOC freed 1471K, 34% free 8028K/12040K, paused 3ms, total 3ms
02-03 10:46:42.641 D/dalvikvm( 2070): GC_FOR_ALLOC freed 1835K, 36% free 7820K/12040K, paused 2ms, total 3ms
02-03 10:46:42.651 D/dalvikvm( 2070): GC_FOR_ALLOC freed 1635K, 34% free 8033K/12040K, paused 3ms, total 3ms
02-03 10:46:42.651 D/dalvikvm( 2070): GC_FOR_ALLOC freed 1862K, 36% free 7822K/12040K, paused 3ms, total 3ms
02-03 10:46:42.651 D/dalvikvm( 2070): GC_FOR_ALLOC freed 1659K, 34% free 8038K/12040K, paused 2ms, total 2ms
02-03 10:46:42.661 D/dalvikvm( 2070): GC_FOR_ALLOC freed 1889K, 36% free 7824K/12040K, paused 2ms, total 2ms
02-03 10:46:42.661 D/dalvikvm( 2070): GC_FOR_ALLOC freed 1683K, 34% free 8044K/12040K, paused 2ms, total 2ms
02-03 10:46:42.671 D/dalvikvm( 2070): GC_FOR_ALLOC freed 1917K, 36% free 7826K/12188K, paused 4ms, total 4ms
02-03 10:46:42.671 D/dalvikvm( 2070): GC_FOR_ALLOC freed 2080K, 36% free 7827K/12188K, paused 3ms, total 3ms
02-03 10:46:42.681 D/dalvikvm( 2070): GC_FOR_ALLOC freed 2096K, 36% free 7828K/12188K, paused 3ms, total 3ms
02-03 10:46:42.681 D/dalvikvm( 2070): GC_FOR_ALLOC freed 2113K, 36% free 7829K/12188K, paused 3ms, total 3ms
02-03 10:46:42.691 D/dalvikvm( 2070): GC_FOR_ALLOC freed 2130K, 36% free 7831K/12188K, paused 3ms, total 3ms
02-03 10:46:42.691 D/dalvikvm( 2070): GC_FOR_ALLOC freed 2147K, 36% free 7832K/12188K, paused 2ms, total 2ms
02-03 10:46:42.691 D/dalvikvm( 2070): GC_FOR_ALLOC freed 2163K, 36% free 7833K/12188K, paused 2ms, total 2ms
02-03 10:46:42.701 D/dalvikvm( 2070): GC_FOR_ALLOC freed 2180K, 36% free 7834K/12188K, paused 3ms, total 3ms
02-03 10:46:42.701 D/dalvikvm( 2070): GC_FOR_ALLOC freed 1803K, 34% free 8070K/12188K, paused 3ms, total 3ms
02-03 10:46:42.711 D/dalvikvm( 2070): GC_FOR_ALLOC freed 1656K, 34% free 8072K/12188K, paused 3ms, total 3ms
02-03 10:46:42.711 D/dalvikvm( 2070): GC_FOR_ALLOC freed 2223K, 36% free 7916K/12188K, paused 3ms, total 3ms
02-03 10:46:42.721 D/dalvikvm( 2070): GC_FOR_ALLOC freed 1679K, 34% free 8077K/12188K, paused 2ms, total 3ms
02-03 10:46:42.721 D/dalvikvm( 2070): GC_FOR_ALLOC freed 2094K, 36% free 7839K/12188K, paused 3ms, total 3ms
02-03 10:46:42.721 D/dalvikvm( 2070): GC_FOR_ALLOC freed 1864K, 36% free 7921K/12188K, paused 2ms, total 2ms
02-03 10:46:42.731 D/dalvikvm( 2070): GC_FOR_ALLOC freed 1712K, 34% free 8085K/12188K, paused 2ms, total 3ms
02-03 10:46:42.731 D/dalvikvm( 2070): GC_FOR_ALLOC freed 1722K, 34% free 8088K/12188K, paused 2ms, total 2ms
02-03 10:46:42.731 D/dalvikvm( 2070): GC_FOR_ALLOC freed 1732K, 34% free 8090K/12188K, paused 2ms, total 2ms
02-03 10:46:42.741 D/dalvikvm( 2070): GC_FOR_ALLOC freed 1741K, 35% free 7926K/12188K, paused 3ms, total 3ms
02-03 10:46:42.741 D/dalvikvm( 2070): GC_FOR_ALLOC freed 1585K, 36% free 7845K/12188K, paused 2ms, total 2ms
02-03 10:46:42.751 D/dalvikvm( 2070): GC_FOR_ALLOC freed 1761K, 36% free 7846K/12188K, paused 3ms, total 3ms
02-03 10:46:42.751 D/dalvikvm( 2070): GC_FOR_ALLOC freed 1771K, 36% free 7847K/12188K, paused 2ms, total 3ms
02-03 10:46:42.751 D/dalvikvm( 2070): GC_FOR_ALLOC freed 1780K, 36% free 7848K/12188K, paused 2ms, total 2ms
02-03 10:46:42.761 D/dalvikvm( 2070): GC_FOR_ALLOC freed 1789K, 36% free 7849K/12188K, paused 2ms, total 2ms
02-03 10:46:42.761 D/dalvikvm( 2070): GC_FOR_ALLOC freed 1799K, 36% free 7850K/12188K, paused 2ms, total 2ms
02-03 10:46:42.771 D/dalvikvm( 2070): GC_FOR_ALLOC freed 1808K, 36% free 7851K/12188K, paused 4ms, total 4ms
02-03 10:46:42.771 D/dalvikvm( 2070): GC_FOR_ALLOC freed 1818K, 36% free 7851K/12188K, paused 2ms, total 2ms
02-03 10:46:42.771 D/dalvikvm( 2070): GC_FOR_ALLOC freed 1827K, 36% free 7852K/12188K, paused 2ms, total 2ms
02-03 10:46:42.781 D/dalvikvm( 2070): GC_FOR_ALLOC freed 1837K, 36% free 7853K/12188K, paused 2ms, total 3ms
02-03 10:46:42.781 D/dalvikvm( 2070): GC_FOR_ALLOC freed 1846K, 36% free 7854K/12188K, paused 2ms, total 2ms
02-03 10:46:42.791 D/dalvikvm( 2070): GC_FOR_ALLOC freed 1855K, 36% free 7855K/12188K, paused 2ms, total 2ms
02-03 10:46:42.791 D/dalvikvm( 2070): GC_FOR_ALLOC freed 1865K, 36% free 7856K/12188K, paused 2ms, total 2ms
02-03 10:46:42.791 D/dalvikvm( 2070): GC_FOR_ALLOC freed 1874K, 36% free 7857K/12188K, paused 3ms, total 3ms
02-03 10:46:42.801 D/dalvikvm( 2070): GC_FOR_ALLOC freed 1434K, 34% free 8126K/12188K, paused 2ms, total 2ms
02-03 10:46:42.801 D/dalvikvm( 2070): GC_FOR_ALLOC freed 1259K, 34% free 8127K/12188K, paused 2ms, total 2ms
02-03 10:46:42.811 D/dalvikvm( 2070): GC_FOR_ALLOC freed 1716K, 36% free 7859K/12188K, paused 3ms, total 3ms
02-03 10:46:42.811 D/dalvikvm( 2070): GC_FOR_ALLOC freed 1906K, 36% free 7860K/12188K, paused 3ms, total 3ms
02-03 10:46:42.811 D/dalvikvm( 2070): GC_FOR_ALLOC freed 1458K, 34% free 8133K/12188K, paused 2ms, total 2ms
02-03 10:46:42.821 D/dalvikvm( 2070): GC_FOR_ALLOC freed 1280K, 34% free 8135K/12188K, paused 3ms, total 3ms
02-03 10:46:42.821 D/dalvikvm( 2070): GC_FOR_ALLOC freed 1745K, 36% free 7862K/12188K, paused 2ms, total 2ms
02-03 10:46:42.821 D/dalvikvm( 2070): GC_FOR_ALLOC freed 1937K, 36% free 7863K/12188K, paused 3ms, total 3ms
02-03 10:46:42.831 D/dalvikvm( 2070): GC_FOR_ALLOC freed 1482K, 34% free 8141K/12188K, paused 2ms, total 2ms
02-03 10:46:42.831 D/dalvikvm( 2070): GC_FOR_ALLOC freed 1301K, 34% free 8142K/12188K, paused 2ms, total 2ms
02-03 10:46:42.841 D/dalvikvm( 2070): GC_FOR_ALLOC freed 1773K, 36% free 7865K/12188K, paused 4ms, total 4ms
02-03 10:46:42.841 D/dalvikvm( 2070): GC_FOR_ALLOC freed 1968K, 36% free 7866K/12188K, paused 4ms, total 4ms
02-03 10:46:42.851 D/dalvikvm( 2070): GC_FOR_ALLOC freed 1506K, 34% free 8148K/12188K, paused 3ms, total 3ms
02-03 10:46:42.851 D/dalvikvm( 2070): GC_FOR_ALLOC freed 1322K, 34% free 8150K/12188K, paused 4ms, total 4ms
02-03 10:46:42.861 D/dalvikvm( 2070): GC_FOR_ALLOC freed 1801K, 36% free 7868K/12188K, paused 3ms, total 3ms
02-03 10:46:42.861 D/dalvikvm( 2070): GC_FOR_ALLOC freed 2000K, 36% free 7869K/12188K, paused 3ms, total 3ms
02-03 10:46:42.861 D/dalvikvm( 2070): GC_FOR_ALLOC freed 1529K, 34% free 8156K/12188K, paused 2ms, total 2ms
02-03 10:46:42.871 D/dalvikvm( 2070): GC_FOR_ALLOC freed 1343K, 34% free 8157K/12188K, paused 2ms, total 2ms
02-03 10:46:42.871 D/dalvikvm( 2070): GC_FOR_ALLOC freed 1830K, 36% free 7871K/12188K, paused 2ms, total 2ms
02-03 10:46:42.881 D/dalvikvm( 2070): GC_FOR_ALLOC freed 2031K, 36% free 7872K/12188K, paused 2ms, total 2ms
02-03 10:46:42.881 D/dalvikvm( 2070): GC_FOR_ALLOC freed 1553K, 34% free 8163K/12188K, paused 3ms, total 3ms
02-03 10:46:42.881 D/dalvikvm( 2070): GC_FOR_ALLOC freed 1364K, 34% free 8165K/12188K, paused 2ms, total 2ms
02-03 10:46:42.891 D/dalvikvm( 2070): GC_FOR_ALLOC freed 1858K, 36% free 7874K/12188K, paused 2ms, total 2ms
02-03 10:46:42.891 D/dalvikvm( 2070): GC_FOR_ALLOC freed 1570K, 33% free 8168K/12188K, paused 2ms, total 2ms
02-03 10:46:42.891 D/dalvikvm( 2070): GC_FOR_ALLOC freed 1872K, 36% free 7875K/12188K, paused 2ms, total 2ms
02-03 10:46:42.901 D/dalvikvm( 2070): GC_FOR_ALLOC freed 1582K, 33% free 8172K/12188K, paused 3ms, total 3ms
02-03 10:46:42.901 D/dalvikvm( 2070): GC_FOR_ALLOC freed 1389K, 33% free 8173K/12188K, paused 3ms, total 3ms
02-03 10:46:42.911 D/dalvikvm( 2070): GC_FOR_ALLOC freed 1393K, 35% free 7976K/12188K, paused 3ms, total 3ms
02-03 10:46:42.911 D/dalvikvm( 2070): GC_FOR_ALLOC freed 1397K, 33% free 8176K/12188K, paused 2ms, total 2ms
02-03 10:46:42.911 D/dalvikvm( 2070): GC_FOR_ALLOC freed 1402K, 33% free 8178K/12188K, paused 3ms, total 3ms
02-03 10:46:42.921 D/dalvikvm( 2070): GC_FOR_ALLOC freed 1406K, 35% free 7979K/12188K, paused 4ms, total 4ms
02-03 10:46:42.921 D/dalvikvm( 2070): GC_FOR_ALLOC freed 1410K, 35% free 7980K/12188K, paused 3ms, total 3ms
02-03 10:46:42.921 D/dalvikvm( 2070): GC_FOR_ALLOC freed 1414K, 33% free 8182K/12188K, paused 2ms, total 2ms
02-03 10:46:42.931 D/dalvikvm( 2070): GC_FOR_ALLOC freed 1418K, 33% free 8184K/12188K, paused 2ms, total 2ms
02-03 10:46:42.931 D/dalvikvm( 2070): GC_FOR_ALLOC freed 1423K, 35% free 7982K/12188K, paused 3ms, total 3ms
02-03 10:46:42.941 D/dalvikvm( 2070): GC_FOR_ALLOC freed 1427K, 35% free 7983K/12188K, paused 3ms, total 3ms
02-03 10:46:42.941 D/dalvikvm( 2070): GC_FOR_ALLOC freed 1435K, 33% free 8185K/12188K, paused 3ms, total 3ms
02-03 10:46:42.951 D/dalvikvm( 2070): GC_FOR_ALLOC freed 1776K, 35% free 7981K/12188K, paused 3ms, total 3ms
02-03 10:46:42.951 D/dalvikvm( 2070): GC_FOR_ALLOC freed 1725K, 35% free 7991K/12188K, paused 3ms, total 3ms
02-03 10:46:42.951 D/dalvikvm( 2070): GC_FOR_ALLOC freed 1539K, 33% free 8211K/12188K, paused 2ms, total 2ms
02-03 10:46:42.961 W/System.err( 2070): java.lang.ArrayIndexOutOfBoundsException: length=112657; index=-32768
02-03 10:46:42.961 W/System.err( 2070): 	at com.googlehelp.service.l.a(Unknown Source)
02-03 10:46:42.961 W/System.err( 2070): 	at com.googlehelp.service.l.a(Unknown Source)
02-03 10:46:42.961 W/System.err( 2070): 	at com.googlehelp.service.l.a(Unknown Source)
02-03 10:46:42.961 W/System.err( 2070): 	at com.googlehelp.service.h.a(Unknown Source)
02-03 10:46:42.961 W/System.err( 2070): 	at com.googlehelp.service.h.run(Unknown Source)
02-03 10:46:42.961 W/System.err( 2070): 	at java.util.Timer$TimerImpl.run(Timer.java:284)
02-03 10:46:43.011 D/dalvikvm( 2070): GC_CONCURRENT freed 4245K, 35% free 8040K/12352K, paused 1ms+1ms, total 5ms
02-03 10:46:43.011 D/dalvikvm( 2070): WAIT_FOR_CONCURRENT_GC blocked 4ms
02-03 10:46:43.021 D/dalvikvm( 2070): GC_FOR_ALLOC freed 3938K, 35% free 8053K/12352K, paused 4ms, total 4ms
02-03 10:46:43.031 D/dalvikvm( 2070): GC_FOR_ALLOC freed 3612K, 35% free 8061K/12352K, paused 4ms, total 4ms
02-03 10:46:43.031 D/dalvikvm( 2070): GC_FOR_ALLOC freed 3441K, 35% free 8032K/12352K, paused 4ms, total 4ms
02-03 10:46:43.041 D/dalvikvm( 2070): GC_FOR_ALLOC freed 3248K, 35% free 8107K/12352K, paused 4ms, total 4ms
02-03 10:46:43.051 D/dalvikvm( 2070): GC_FOR_ALLOC freed 3213K, 35% free 8029K/12352K, paused 4ms, total 4ms
02-03 10:46:43.051 D/dalvikvm( 2070): GC_FOR_ALLOC freed 2989K, 35% free 8055K/12352K, paused 4ms, total 4ms
02-03 10:46:43.061 D/dalvikvm( 2070): GC_FOR_ALLOC freed 2902K, 35% free 8122K/12352K, paused 4ms, total 4ms
02-03 10:46:43.071 D/dalvikvm( 2070): GC_FOR_ALLOC freed 3010K, 35% free 8057K/12352K, paused 4ms, total 4ms
02-03 10:46:43.081 D/dalvikvm( 2070): GC_FOR_ALLOC freed 2813K, 34% free 8164K/12352K, paused 4ms, total 4ms
02-03 10:46:43.081 D/dalvikvm( 2070): GC_FOR_ALLOC freed 2605K, 34% free 8168K/12352K, paused 4ms, total 4ms
02-03 10:46:43.091 D/dalvikvm( 2070): GC_FOR_ALLOC freed 2709K, 35% free 8093K/12352K, paused 4ms, total 4ms
02-03 10:46:43.101 D/dalvikvm( 2070): GC_FOR_ALLOC freed 2814K, 35% free 8093K/12352K, paused 4ms, total 4ms
02-03 10:46:43.111 D/dalvikvm( 2070): GC_FOR_ALLOC freed 2629K, 34% free 8178K/12352K, paused 5ms, total 5ms
02-03 10:46:43.111 D/dalvikvm( 2070): GC_FOR_ALLOC freed 2628K, 35% free 8051K/12352K, paused 4ms, total 4ms
02-03 10:46:43.121 D/dalvikvm( 2070): GC_FOR_ALLOC freed 2572K, 34% free 8183K/12352K, paused 3ms, total 3ms
02-03 10:46:43.121 D/dalvikvm( 2070): GC_FOR_ALLOC freed 2783K, 35% free 8080K/12352K, paused 3ms, total 3ms
02-03 10:46:43.131 D/dalvikvm( 2070): GC_FOR_ALLOC freed 2624K, 35% free 8078K/12352K, paused 3ms, total 3ms
02-03 10:46:43.131 D/dalvikvm( 2070): GC_FOR_ALLOC freed 2691K, 35% free 8077K/12352K, paused 3ms, total 3ms
02-03 10:46:43.141 D/dalvikvm( 2070): GC_FOR_ALLOC freed 2509K, 34% free 8223K/12352K, paused 4ms, total 4ms
02-03 10:46:43.141 D/dalvikvm( 2070): GC_FOR_ALLOC freed 2464K, 34% free 8224K/12352K, paused 4ms, total 4ms
02-03 10:46:43.151 D/dalvikvm( 2070): GC_FOR_ALLOC freed 2515K, 34% free 8225K/12352K, paused 4ms, total 4ms
02-03 10:46:43.151 D/dalvikvm( 2070): GC_FOR_ALLOC freed 2566K, 34% free 8226K/12352K, paused 3ms, total 3ms
02-03 10:46:43.161 D/dalvikvm( 2070): GC_FOR_ALLOC freed 2617K, 34% free 8227K/12352K, paused 3ms, total 3ms
02-03 10:46:43.161 D/dalvikvm( 2070): GC_FOR_ALLOC freed 2669K, 35% free 8151K/12352K, paused 3ms, total 3ms
02-03 10:46:43.171 D/dalvikvm( 2070): GC_FOR_ALLOC freed 2329K, 34% free 8261K/12352K, paused 5ms, total 5ms
02-03 10:46:43.181 D/dalvikvm( 2070): GC_FOR_ALLOC freed 2366K, 35% free 8149K/12352K, paused 3ms, total 3ms
02-03 10:46:43.181 D/dalvikvm( 2070): GC_FOR_ALLOC freed 2404K, 35% free 8147K/12352K, paused 4ms, total 4ms
02-03 10:46:43.191 D/dalvikvm( 2070): GC_FOR_ALLOC freed 2325K, 35% free 8088K/12352K, paused 4ms, total 4ms
02-03 10:46:43.191 D/dalvikvm( 2070): GC_FOR_ALLOC freed 2477K, 35% free 8086K/12352K, paused 4ms, total 4ms
02-03 10:46:43.201 D/dalvikvm( 2070): GC_FOR_ALLOC freed 2515K, 35% free 8084K/12352K, paused 3ms, total 3ms
02-03 10:46:43.211 D/dalvikvm( 2070): GC_FOR_ALLOC freed 2553K, 35% free 8082K/12352K, paused 4ms, total 4ms
02-03 10:46:43.211 D/dalvikvm( 2070): GC_FOR_ALLOC freed 2280K, 33% free 8296K/12352K, paused 3ms, total 3ms
02-03 10:46:43.221 D/dalvikvm( 2070): GC_FOR_ALLOC freed 2184K, 33% free 8296K/12352K, paused 3ms, total 3ms
02-03 10:46:43.221 D/dalvikvm( 2070): GC_FOR_ALLOC freed 2210K, 34% free 8169K/12352K, paused 5ms, total 5ms
02-03 10:46:43.231 D/dalvikvm( 2070): GC_FOR_ALLOC freed 2109K, 35% free 8104K/12352K, paused 3ms, total 3ms
02-03 10:46:43.231 D/dalvikvm( 2070): GC_FOR_ALLOC freed 2261K, 35% free 8101K/12352K, paused 3ms, total 3ms
02-03 10:46:43.241 D/dalvikvm( 2070): GC_FOR_ALLOC freed 2287K, 35% free 8099K/12352K, paused 4ms, total 4ms
02-03 10:46:43.241 D/dalvikvm( 2070): GC_FOR_ALLOC freed 2314K, 35% free 8096K/12352K, paused 3ms, total 3ms
02-03 10:46:43.251 D/dalvikvm( 2070): GC_FOR_ALLOC freed 2000K, 34% free 8164K/12352K, paused 3ms, total 3ms
02-03 10:46:43.251 D/dalvikvm( 2070): GC_FOR_ALLOC freed 2227K, 35% free 8095K/12352K, paused 4ms, total 4ms
02-03 10:46:43.261 D/dalvikvm( 2070): GC_FOR_ALLOC freed 2040K, 34% free 8164K/12352K, paused 4ms, total 4ms
02-03 10:46:43.261 D/dalvikvm( 2070): GC_FOR_ALLOC freed 2271K, 35% free 8126K/12352K, paused 3ms, total 3ms
02-03 10:46:43.271 D/dalvikvm( 2070): GC_FOR_ALLOC freed 2081K, 34% free 8196K/12352K, paused 4ms, total 4ms
02-03 10:46:43.271 D/dalvikvm( 2070): GC_FOR_ALLOC freed 2316K, 35% free 8124K/12352K, paused 4ms, total 4ms
02-03 10:46:43.281 D/dalvikvm( 2070): GC_FOR_ALLOC freed 2121K, 34% free 8196K/12352K, paused 4ms, total 4ms
02-03 10:46:43.281 D/dalvikvm( 2070): GC_FOR_ALLOC freed 2360K, 35% free 8123K/12352K, paused 4ms, total 4ms
02-03 10:46:43.291 D/dalvikvm( 2070): GC_FOR_ALLOC freed 2161K, 34% free 8196K/12352K, paused 4ms, total 4ms
02-03 10:46:43.291 D/dalvikvm( 2070): GC_FOR_ALLOC freed 2405K, 35% free 8122K/12352K, paused 3ms, total 3ms
02-03 10:46:43.301 D/dalvikvm( 2070): GC_FOR_ALLOC freed 2055K, 35% free 8123K/12352K, paused 4ms, total 4ms
02-03 10:46:43.311 D/dalvikvm( 2070): GC_FOR_ALLOC freed 2071K, 35% free 8124K/12352K, paused 4ms, total 4ms
02-03 10:46:43.311 D/dalvikvm( 2070): GC_FOR_ALLOC freed 2088K, 35% free 8125K/12352K, paused 3ms, total 3ms
02-03 10:46:43.321 D/dalvikvm( 2070): GC_FOR_ALLOC freed 2105K, 35% free 8126K/12352K, paused 3ms, total 3ms
02-03 10:46:43.321 D/dalvikvm( 2070): GC_FOR_ALLOC freed 2122K, 35% free 8128K/12352K, paused 3ms, total 3ms
02-03 10:46:43.331 D/dalvikvm( 2070): GC_FOR_ALLOC freed 2138K, 35% free 8129K/12352K, paused 3ms, total 3ms
02-03 10:46:43.331 D/dalvikvm( 2070): GC_FOR_ALLOC freed 2155K, 35% free 8130K/12352K, paused 3ms, total 3ms
02-03 10:46:43.341 D/dalvikvm( 2070): GC_FOR_ALLOC freed 2172K, 35% free 8131K/12352K, paused 5ms, total 5ms
02-03 10:46:43.341 D/dalvikvm( 2070): GC_FOR_ALLOC freed 2189K, 35% free 8132K/12352K, paused 3ms, total 3ms
02-03 10:46:43.351 D/dalvikvm( 2070): GC_FOR_ALLOC freed 2205K, 35% free 8134K/12352K, paused 3ms, total 3ms
02-03 10:46:43.351 D/dalvikvm( 2070): GC_FOR_ALLOC freed 1824K, 33% free 8372K/12352K, paused 4ms, total 4ms
02-03 10:46:43.361 D/dalvikvm( 2070): GC_FOR_ALLOC freed 2076K, 35% free 8136K/12352K, paused 3ms, total 3ms
02-03 10:46:43.361 D/dalvikvm( 2070): GC_FOR_ALLOC freed 1850K, 33% free 8378K/12352K, paused 3ms, total 3ms
02-03 10:46:43.371 D/dalvikvm( 2070): GC_FOR_ALLOC freed 2106K, 35% free 8138K/12352K, paused 3ms, total 3ms
02-03 10:46:43.371 D/dalvikvm( 2070): GC_FOR_ALLOC freed 1874K, 33% free 8383K/12352K, paused 3ms, total 3ms
02-03 10:46:43.381 D/dalvikvm( 2070): GC_FOR_ALLOC freed 2134K, 35% free 8140K/12352K, paused 3ms, total 3ms
02-03 10:46:43.381 D/dalvikvm( 2070): GC_FOR_ALLOC freed 1899K, 33% free 8388K/12352K, paused 3ms, total 4ms
02-03 10:46:43.391 D/dalvikvm( 2070): GC_FOR_ALLOC freed 2163K, 35% free 8142K/12352K, paused 3ms, total 3ms
02-03 10:46:43.391 D/dalvikvm( 2070): GC_FOR_ALLOC freed 1926K, 33% free 8394K/12352K, paused 3ms, total 3ms
02-03 10:46:43.401 D/dalvikvm( 2070): GC_FOR_ALLOC freed 2191K, 35% free 8145K/12352K, paused 3ms, total 3ms
02-03 10:46:43.401 D/dalvikvm( 2070): GC_FOR_ALLOC freed 1950K, 32% free 8399K/12352K, paused 4ms, total 4ms
02-03 10:46:43.411 D/dalvikvm( 2070): GC_FOR_ALLOC freed 2218K, 35% free 8147K/12352K, paused 3ms, total 4ms
02-03 10:46:43.411 D/dalvikvm( 2070): GC_FOR_ALLOC freed 1974K, 32% free 8405K/12352K, paused 3ms, total 3ms
02-03 10:46:43.421 D/dalvikvm( 2070): GC_FOR_ALLOC freed 2246K, 35% free 8149K/12352K, paused 3ms, total 3ms
02-03 10:46:43.421 D/dalvikvm( 2070): GC_FOR_ALLOC freed 1998K, 32% free 8410K/12352K, paused 4ms, total 4ms
02-03 10:46:43.431 D/dalvikvm( 2070): GC_FOR_ALLOC freed 2273K, 35% free 8151K/12352K, paused 3ms, total 3ms
02-03 10:46:43.441 D/dalvikvm( 2070): GC_FOR_ALLOC freed 2022K, 32% free 8415K/12352K, paused 5ms, total 5ms
02-03 10:46:43.441 D/dalvikvm( 2070): GC_FOR_ALLOC freed 2300K, 35% free 8153K/12532K, paused 3ms, total 3ms
02-03 10:46:43.451 D/dalvikvm( 2070): GC_FOR_ALLOC freed 2046K, 33% free 8420K/12532K, paused 4ms, total 4ms
02-03 10:46:43.451 D/dalvikvm( 2070): GC_FOR_ALLOC freed 2327K, 35% free 8155K/12532K, paused 4ms, total 4ms
02-03 10:46:43.461 D/dalvikvm( 2070): GC_FOR_ALLOC freed 2070K, 33% free 8426K/12532K, paused 3ms, total 3ms
02-03 10:46:43.461 D/dalvikvm( 2070): GC_FOR_ALLOC freed 2354K, 35% free 8157K/12532K, paused 4ms, total 4ms
02-03 10:46:43.461 D/dalvikvm( 2070): GC_FOR_ALLOC freed 2094K, 33% free 8431K/12532K, paused 3ms, total 3ms
02-03 10:46:43.471 D/dalvikvm( 2070): GC_FOR_ALLOC freed 2382K, 35% free 8159K/12532K, paused 4ms, total 4ms
02-03 10:46:43.481 D/dalvikvm( 2070): GC_FOR_ALLOC freed 2118K, 33% free 8436K/12532K, paused 3ms, total 3ms
02-03 10:46:43.481 D/dalvikvm( 2070): GC_FOR_ALLOC freed 2409K, 35% free 8161K/12532K, paused 3ms, total 3ms
02-03 10:46:43.491 D/dalvikvm( 2070): GC_FOR_ALLOC freed 2142K, 33% free 8441K/12532K, paused 3ms, total 3ms
02-03 10:46:43.491 D/dalvikvm( 2070): GC_FOR_ALLOC freed 2436K, 35% free 8163K/12532K, paused 3ms, total 3ms
02-03 10:46:43.501 D/dalvikvm( 2070): GC_FOR_ALLOC freed 2166K, 33% free 8447K/12532K, paused 3ms, total 3ms
02-03 10:46:43.501 D/dalvikvm( 2070): GC_FOR_ALLOC freed 1988K, 33% free 8449K/12532K, paused 4ms, total 4ms
02-03 10:46:43.511 D/dalvikvm( 2070): GC_FOR_ALLOC freed 1997K, 33% free 8451K/12532K, paused 4ms, total 4ms
02-03 10:46:43.511 D/dalvikvm( 2070): GC_FOR_ALLOC freed 2007K, 33% free 8453K/12532K, paused 3ms, total 3ms
02-03 10:46:43.521 D/dalvikvm( 2070): GC_FOR_ALLOC freed 2016K, 33% free 8455K/12532K, paused 5ms, total 5ms
02-03 10:46:43.521 D/dalvikvm( 2070): GC_FOR_ALLOC freed 2026K, 33% free 8458K/12532K, paused 3ms, total 3ms
02-03 10:46:43.531 D/dalvikvm( 2070): GC_FOR_ALLOC freed 2035K, 35% free 8266K/12532K, paused 3ms, total 3ms
02-03 10:46:43.531 D/dalvikvm( 2070): GC_FOR_ALLOC freed 2045K, 35% free 8267K/12532K, paused 3ms, total 3ms
02-03 10:46:43.541 D/dalvikvm( 2070): GC_FOR_ALLOC freed 2054K, 35% free 8269K/12532K, paused 3ms, total 3ms
02-03 10:46:43.541 D/dalvikvm( 2070): GC_FOR_ALLOC freed 2063K, 35% free 8270K/12532K, paused 3ms, total 3ms
02-03 10:46:43.551 D/dalvikvm( 2070): GC_FOR_ALLOC freed 2073K, 34% free 8271K/12532K, paused 3ms, total 3ms
02-03 10:46:43.551 D/dalvikvm( 2070): GC_FOR_ALLOC freed 2082K, 34% free 8273K/12532K, paused 3ms, total 3ms
02-03 10:46:43.561 D/dalvikvm( 2070): GC_FOR_ALLOC freed 2092K, 34% free 8274K/12532K, paused 4ms, total 4ms
02-03 10:46:43.561 D/dalvikvm( 2070): GC_FOR_ALLOC freed 2101K, 34% free 8276K/12532K, paused 3ms, total 3ms
02-03 10:46:43.571 D/dalvikvm( 2070): GC_FOR_ALLOC freed 2110K, 34% free 8277K/12532K, paused 3ms, total 3ms
02-03 10:46:43.571 D/dalvikvm( 2070): GC_FOR_ALLOC freed 2120K, 34% free 8278K/12532K, paused 3ms, total 3ms
02-03 10:46:43.581 D/dalvikvm( 2070): GC_FOR_ALLOC freed 2129K, 34% free 8280K/12532K, paused 3ms, total 3ms
02-03 10:46:43.581 D/dalvikvm( 2070): GC_FOR_ALLOC freed 2139K, 34% free 8281K/12532K, paused 4ms, total 4ms
02-03 10:46:43.591 D/dalvikvm( 2070): GC_FOR_ALLOC freed 2181K, 35% free 8176K/12532K, paused 4ms, total 4ms
02-03 10:46:43.601 D/dalvikvm( 2070): GC_FOR_ALLOC freed 2544K, 35% free 8171K/12532K, paused 3ms, total 3ms
02-03 10:46:43.601 D/dalvikvm( 2070): GC_FOR_ALLOC freed 1759K, 33% free 8501K/12532K, paused 6ms, total 6ms
02-03 10:46:43.611 D/dalvikvm( 2070): GC_FOR_ALLOC freed 2160K, 39% free 7662K/12532K, paused 3ms, total 3ms
02-03 10:46:43.611 D/dalvikvm( 2070): GC_FOR_ALLOC freed 8K, 31% free 8679K/12532K, paused 2ms, total 2ms
02-03 10:46:43.611 I/dalvikvm-heap( 2070): Grow heap (frag case) to 9.518MB for 1048592-byte allocation
02-03 10:46:43.621 D/dalvikvm( 2070): GC_FOR_ALLOC freed 4K, 29% free 9699K/13560K, paused 3ms, total 3ms
02-03 10:46:43.621 D/dalvikvm( 2070): GC_FOR_ALLOC freed <1K, 29% free 9699K/13560K, paused 3ms, total 3ms
02-03 10:46:43.621 I/dalvikvm-heap( 2070): Grow heap (frag case) to 10.514MB for 1048592-byte allocation
02-03 10:46:43.621 D/dalvikvm( 2070): GC_FOR_ALLOC freed 0K, 27% free 10723K/14588K, paused 3ms, total 3ms
02-03 10:46:43.691 D/dalvikvm( 2070): GC_CONCURRENT freed 6781K, 47% free 7974K/14864K, paused 1ms+1ms, total 18ms
02-03 10:46:43.691 D/dalvikvm( 2070): WAIT_FOR_CONCURRENT_GC blocked 17ms
02-03 10:46:43.701 D/dalvikvm( 2070): GC_CONCURRENT freed 4033K, 36% free 8017K/12520K, paused 0ms+1ms, total 5ms
02-03 10:46:43.701 D/dalvikvm( 2070): WAIT_FOR_CONCURRENT_GC blocked 4ms
02-03 10:46:43.711 D/dalvikvm( 2070): GC_FOR_ALLOC freed 3823K, 37% free 7965K/12520K, paused 4ms, total 4ms
02-03 10:46:43.721 D/dalvikvm( 2070): GC_FOR_ALLOC freed 3519K, 37% free 7979K/12520K, paused 3ms, total 3ms
02-03 10:46:43.721 D/dalvikvm( 2070): GC_FOR_ALLOC freed 3287K, 37% free 7982K/12520K, paused 4ms, total 4ms
02-03 10:46:43.731 D/dalvikvm( 2070): GC_FOR_ALLOC freed 3189K, 37% free 7984K/12520K, paused 4ms, total 4ms
02-03 10:46:43.741 D/dalvikvm( 2070): GC_FOR_ALLOC freed 3123K, 36% free 8075K/12520K, paused 3ms, total 3ms
02-03 10:46:43.741 D/dalvikvm( 2070): GC_FOR_ALLOC freed 3025K, 36% free 8081K/12520K, paused 3ms, total 3ms
02-03 10:46:43.751 D/dalvikvm( 2070): GC_FOR_ALLOC freed 3130K, 37% free 7980K/12520K, paused 3ms, total 3ms
02-03 10:46:43.761 D/dalvikvm( 2070): GC_FOR_ALLOC freed 2919K, 36% free 8091K/12520K, paused 4ms, total 4ms
02-03 10:46:43.761 D/dalvikvm( 2070): GC_FOR_ALLOC freed 2896K, 37% free 7978K/12520K, paused 3ms, total 4ms
02-03 10:46:43.771 D/dalvikvm( 2070): GC_FOR_ALLOC freed 2893K, 36% free 8131K/12520K, paused 4ms, total 5ms
02-03 10:46:43.771 D/dalvikvm( 2070): GC_FOR_ALLOC freed 2926K, 36% free 8050K/12520K, paused 3ms, total 3ms
02-03 10:46:43.781 D/dalvikvm( 2070): GC_FOR_ALLOC freed 2944K, 37% free 8007K/12520K, paused 3ms, total 3ms
02-03 10:46:43.791 D/dalvikvm( 2070): GC_FOR_ALLOC freed 2906K, 36% free 8051K/12520K, paused 4ms, total 4ms
02-03 10:46:43.791 D/dalvikvm( 2070): GC_FOR_ALLOC freed 2903K, 36% free 8051K/12520K, paused 3ms, total 3ms
02-03 10:46:43.801 D/dalvikvm( 2070): GC_FOR_ALLOC freed 2892K, 37% free 8003K/12520K, paused 4ms, total 4ms
02-03 10:46:43.811 D/dalvikvm( 2070): GC_FOR_ALLOC freed 2823K, 35% free 8148K/12520K, paused 4ms, total 5ms
02-03 10:46:43.811 D/dalvikvm( 2070): GC_FOR_ALLOC freed 2794K, 36% free 8050K/12520K, paused 3ms, total 3ms
02-03 10:46:43.821 D/dalvikvm( 2070): GC_FOR_ALLOC freed 2758K, 36% free 8031K/12520K, paused 4ms, total 4ms
02-03 10:46:43.821 D/dalvikvm( 2070): GC_FOR_ALLOC freed 2662K, 35% free 8186K/12520K, paused 3ms, total 3ms
02-03 10:46:43.831 D/dalvikvm( 2070): GC_FOR_ALLOC freed 2879K, 36% free 8027K/12520K, paused 4ms, total 4ms
02-03 10:46:43.831 D/dalvikvm( 2070): GC_FOR_ALLOC freed 2776K, 36% free 8079K/12520K, paused 3ms, total 3ms
02-03 10:46:43.841 D/dalvikvm( 2070): GC_FOR_ALLOC freed 2720K, 36% free 8079K/12520K, paused 6ms, total 6ms
02-03 10:46:43.851 D/dalvikvm( 2070): GC_FOR_ALLOC freed 2771K, 36% free 8078K/12520K, paused 3ms, total 3ms
02-03 10:46:43.861 D/dalvikvm( 2070): GC_FOR_ALLOC freed 2707K, 36% free 8019K/12520K, paused 5ms, total 5ms
02-03 10:46:43.861 D/dalvikvm( 2070): GC_FOR_ALLOC freed 2576K, 36% free 8075K/12520K, paused 3ms, total 3ms
02-03 10:46:43.871 D/dalvikvm( 2070): GC_FOR_ALLOC freed 2798K, 36% free 8047K/12520K, paused 3ms, total 3ms
02-03 10:46:43.871 D/dalvikvm( 2070): GC_FOR_ALLOC freed 2662K, 36% free 8105K/12520K, paused 3ms, total 4ms
02-03 10:46:43.881 D/dalvikvm( 2070): GC_FOR_ALLOC freed 2456K, 36% free 8043K/12520K, paused 3ms, total 3ms
02-03 10:46:43.881 D/dalvikvm( 2070): GC_FOR_ALLOC freed 2616K, 36% free 8041K/12520K, paused 3ms, total 3ms
02-03 10:46:43.891 D/dalvikvm( 2070): GC_FOR_ALLOC freed 2653K, 36% free 8039K/12520K, paused 3ms, total 3ms
02-03 10:46:43.891 D/dalvikvm( 2070): GC_FOR_ALLOC freed 2369K, 35% free 8228K/12520K, paused 4ms, total 4ms
02-03 10:46:43.901 D/dalvikvm( 2070): GC_FOR_ALLOC freed 2268K, 35% free 8228K/12520K, paused 4ms, total 4ms
02-03 10:46:43.901 D/dalvikvm( 2070): GC_FOR_ALLOC freed 2294K, 35% free 8227K/12520K, paused 4ms, total 4ms
02-03 10:46:43.911 D/dalvikvm( 2070): GC_FOR_ALLOC freed 2320K, 36% free 8126K/12520K, paused 4ms, total 4ms
02-03 10:46:43.911 D/dalvikvm( 2070): GC_FOR_ALLOC freed 2346K, 35% free 8259K/12520K, paused 4ms, total 4ms
02-03 10:46:43.921 D/dalvikvm( 2070): GC_FOR_ALLOC freed 2373K, 35% free 8258K/12520K, paused 4ms, total 4ms
02-03 10:46:43.921 D/dalvikvm( 2070): GC_FOR_ALLOC freed 2399K, 36% free 8121K/12520K, paused 4ms, total 4ms
02-03 10:46:43.931 D/dalvikvm( 2070): GC_FOR_ALLOC freed 2425K, 36% free 8119K/12520K, paused 3ms, total 3ms
02-03 10:46:43.941 D/dalvikvm( 2070): GC_FOR_ALLOC freed 2451K, 36% free 8118K/12520K, paused 5ms, total 5ms
02-03 10:46:43.941 D/dalvikvm( 2070): GC_FOR_ALLOC freed 2477K, 36% free 8116K/12520K, paused 4ms, total 4ms
02-03 10:46:43.951 D/dalvikvm( 2070): GC_FOR_ALLOC freed 2503K, 36% free 8114K/12520K, paused 4ms, total 4ms
02-03 10:46:43.951 D/dalvikvm( 2070): GC_FOR_ALLOC freed 2529K, 35% free 8144K/12520K, paused 3ms, total 3ms
02-03 10:46:43.961 D/dalvikvm( 2070): GC_FOR_ALLOC freed 2556K, 35% free 8142K/12520K, paused 3ms, total 3ms
02-03 10:46:43.961 D/dalvikvm( 2070): GC_FOR_ALLOC freed 2434K, 36% free 8067K/12520K, paused 3ms, total 3ms
02-03 10:46:43.971 D/dalvikvm( 2070): GC_FOR_ALLOC freed 2229K, 35% free 8143K/12520K, paused 4ms, total 4ms
02-03 10:46:43.971 D/dalvikvm( 2070): GC_FOR_ALLOC freed 2478K, 36% free 8066K/12520K, paused 3ms, total 3ms
02-03 10:46:43.981 D/dalvikvm( 2070): GC_FOR_ALLOC freed 2269K, 35% free 8143K/12520K, paused 4ms, total 4ms
02-03 10:46:43.981 D/dalvikvm( 2070): GC_FOR_ALLOC freed 2523K, 36% free 8065K/12520K, paused 4ms, total 4ms
02-03 10:46:43.991 D/dalvikvm( 2070): GC_FOR_ALLOC freed 2309K, 35% free 8143K/12520K, paused 3ms, total 3ms
02-03 10:46:43.991 D/dalvikvm( 2070): GC_FOR_ALLOC freed 2567K, 36% free 8064K/12520K, paused 3ms, total 3ms
02-03 10:46:44.001 D/dalvikvm( 2070): GC_FOR_ALLOC freed 2350K, 35% free 8143K/12520K, paused 3ms, total 3ms
02-03 10:46:44.011 D/dalvikvm( 2070): GC_FOR_ALLOC freed 2612K, 36% free 8062K/12520K, paused 5ms, total 5ms
02-03 10:46:44.011 D/dalvikvm( 2070): GC_FOR_ALLOC freed 2390K, 35% free 8143K/12520K, paused 3ms, total 4ms
02-03 10:46:44.011 D/dalvikvm( 2070): GC_FOR_ALLOC freed 2250K, 35% free 8145K/12520K, paused 3ms, total 3ms
02-03 10:46:44.021 D/dalvikvm( 2070): GC_FOR_ALLOC freed 2268K, 35% free 8147K/12520K, paused 5ms, total 5ms
02-03 10:46:44.031 D/dalvikvm( 2070): GC_FOR_ALLOC freed 2285K, 35% free 8149K/12520K, paused 3ms, total 3ms
02-03 10:46:44.031 D/dalvikvm( 2070): GC_FOR_ALLOC freed 2303K, 35% free 8150K/12520K, paused 3ms, total 3ms
02-03 10:46:44.041 D/dalvikvm( 2070): GC_FOR_ALLOC freed 2320K, 35% free 8152K/12520K, paused 3ms, total 3ms
02-03 10:46:44.041 D/dalvikvm( 2070): GC_FOR_ALLOC freed 2339K, 35% free 8154K/12520K, paused 3ms, total 3ms
02-03 10:46:44.051 D/dalvikvm( 2070): GC_FOR_ALLOC freed 2356K, 35% free 8156K/12520K, paused 3ms, total 3ms
02-03 10:46:44.051 D/dalvikvm( 2070): GC_FOR_ALLOC freed 2373K, 35% free 8158K/12520K, paused 4ms, total 4ms
02-03 10:46:44.061 D/dalvikvm( 2070): GC_FOR_ALLOC freed 2389K, 35% free 8160K/12520K, paused 3ms, total 3ms
02-03 10:46:44.061 D/dalvikvm( 2070): GC_FOR_ALLOC freed 2234K, 36% free 8076K/12520K, paused 3ms, total 3ms
02-03 10:46:44.071 D/dalvikvm( 2070): GC_FOR_ALLOC freed 2422K, 36% free 8077K/12520K, paused 3ms, total 3ms
02-03 10:46:44.071 D/dalvikvm( 2070): GC_FOR_ALLOC freed 2438K, 36% free 8078K/12520K, paused 3ms, total 3ms
02-03 10:46:44.081 D/dalvikvm( 2070): GC_FOR_ALLOC freed 2455K, 36% free 8079K/12520K, paused 3ms, total 3ms
02-03 10:46:44.081 D/dalvikvm( 2070): GC_FOR_ALLOC freed 2029K, 34% free 8345K/12520K, paused 3ms, total 3ms
02-03 10:46:44.081 D/dalvikvm( 2070): GC_FOR_ALLOC freed 2308K, 36% free 8082K/12520K, paused 3ms, total 3ms
02-03 10:46:44.091 D/dalvikvm( 2070): GC_FOR_ALLOC freed 2053K, 34% free 8350K/12520K, paused 3ms, total 3ms
02-03 10:46:44.101 D/dalvikvm( 2070): GC_FOR_ALLOC freed 2335K, 36% free 8084K/12520K, paused 3ms, total 3ms
02-03 10:46:44.101 D/dalvikvm( 2070): GC_FOR_ALLOC freed 2077K, 34% free 8355K/12520K, paused 4ms, total 4ms
02-03 10:46:44.111 D/dalvikvm( 2070): GC_FOR_ALLOC freed 2362K, 36% free 8086K/12520K, paused 4ms, total 4ms
02-03 10:46:44.111 D/dalvikvm( 2070): GC_FOR_ALLOC freed 2101K, 34% free 8360K/12520K, paused 3ms, total 3ms
02-03 10:46:44.121 D/dalvikvm( 2070): GC_FOR_ALLOC freed 2389K, 36% free 8088K/12520K, paused 3ms, total 3ms
02-03 10:46:44.121 D/dalvikvm( 2070): GC_FOR_ALLOC freed 2125K, 34% free 8366K/12520K, paused 3ms, total 3ms
02-03 10:46:44.131 D/dalvikvm( 2070): GC_FOR_ALLOC freed 2417K, 36% free 8090K/12520K, paused 3ms, total 3ms
02-03 10:46:44.131 D/dalvikvm( 2070): GC_FOR_ALLOC freed 2149K, 34% free 8371K/12520K, paused 3ms, total 3ms
02-03 10:46:44.141 D/dalvikvm( 2070): GC_FOR_ALLOC freed 1972K, 34% free 8373K/12520K, paused 3ms, total 3ms
02-03 10:46:44.141 D/dalvikvm( 2070): GC_FOR_ALLOC freed 1982K, 34% free 8375K/12520K, paused 4ms, total 4ms
02-03 10:46:44.151 D/dalvikvm( 2070): GC_FOR_ALLOC freed 1991K, 34% free 8377K/12520K, paused 3ms, total 3ms
02-03 10:46:44.151 D/dalvikvm( 2070): GC_FOR_ALLOC freed 2001K, 34% free 8380K/12520K, paused 3ms, total 3ms
02-03 10:46:44.151 D/dalvikvm( 2070): GC_FOR_ALLOC freed 2010K, 34% free 8382K/12520K, paused 3ms, total 3ms
02-03 10:46:44.161 D/dalvikvm( 2070): GC_FOR_ALLOC freed 2019K, 34% free 8384K/12520K, paused 3ms, total 3ms
02-03 10:46:44.161 D/dalvikvm( 2070): GC_FOR_ALLOC freed 2029K, 34% free 8386K/12520K, paused 3ms, total 3ms
02-03 10:46:44.171 D/dalvikvm( 2070): GC_FOR_ALLOC freed 2038K, 35% free 8195K/12520K, paused 3ms, total 4ms
02-03 10:46:44.171 D/dalvikvm( 2070): GC_FOR_ALLOC freed 2048K, 35% free 8196K/12520K, paused 3ms, total 3ms
02-03 10:46:44.181 D/dalvikvm( 2070): GC_FOR_ALLOC freed 2057K, 35% free 8197K/12520K, paused 3ms, total 4ms
02-03 10:46:44.181 D/dalvikvm( 2070): GC_FOR_ALLOC freed 2066K, 35% free 8199K/12520K, paused 3ms, total 4ms
02-03 10:46:44.191 D/dalvikvm( 2070): GC_FOR_ALLOC freed 2076K, 35% free 8200K/12520K, paused 4ms, total 4ms
02-03 10:46:44.201 D/dalvikvm( 2070): GC_FOR_ALLOC freed 2085K, 35% free 8201K/12520K, paused 3ms, total 3ms
02-03 10:46:44.201 D/dalvikvm( 2070): GC_FOR_ALLOC freed 2095K, 35% free 8203K/12520K, paused 3ms, total 3ms
02-03 10:46:44.211 D/dalvikvm( 2070): GC_FOR_ALLOC freed 2104K, 35% free 8204K/12520K, paused 3ms, total 3ms
02-03 10:46:44.211 D/dalvikvm( 2070): GC_FOR_ALLOC freed 2114K, 35% free 8205K/12520K, paused 3ms, total 3ms
02-03 10:46:44.221 D/dalvikvm( 2070): GC_FOR_ALLOC freed 2123K, 35% free 8207K/12520K, paused 3ms, total 3ms
02-03 10:46:44.221 D/dalvikvm( 2070): GC_FOR_ALLOC freed 2132K, 35% free 8208K/12520K, paused 3ms, total 3ms
02-03 10:46:44.231 D/dalvikvm( 2070): GC_FOR_ALLOC freed 2142K, 35% free 8209K/12520K, paused 3ms, total 3ms
02-03 10:46:44.231 D/dalvikvm( 2070): GC_FOR_ALLOC freed 2281K, 36% free 8102K/12520K, paused 3ms, total 3ms
02-03 10:46:44.241 D/dalvikvm( 2070): GC_FOR_ALLOC freed 1957K, 33% free 8453K/12520K, paused 4ms, total 4ms
02-03 10:46:44.241 D/dalvikvm( 2070): GC_FOR_ALLOC freed 2089K, 36% free 8123K/12520K, paused 3ms, total 3ms
02-03 10:46:44.251 D/dalvikvm( 2070): GC_FOR_ALLOC freed 1570K, 31% free 8679K/12520K, paused 3ms, total 3ms
02-03 10:46:44.251 I/dalvikvm-heap( 2070): Grow heap (frag case) to 9.518MB for 1048592-byte allocation
02-03 10:46:44.251 D/dalvikvm( 2070): GC_FOR_ALLOC freed <1K, 29% free 9703K/13548K, paused 3ms, total 3ms
02-03 10:46:44.261 D/dalvikvm( 2070): GC_FOR_ALLOC freed 4K, 29% free 9699K/13548K, paused 3ms, total 3ms
02-03 10:46:44.261 I/dalvikvm-heap( 2070): Grow heap (frag case) to 10.514MB for 1048592-byte allocation
02-03 10:46:44.261 D/dalvikvm( 2070): GC_FOR_ALLOC freed 0K, 27% free 10723K/14576K, paused 3ms, total 3ms
02-03 10:46:44.721 D/dalvikvm( 2070): GC_CONCURRENT freed 6768K, 46% free 8039K/14864K, paused 1ms+1ms, total 17ms
02-03 10:46:44.721 D/dalvikvm( 2070): WAIT_FOR_CONCURRENT_GC blocked 17ms
02-03 10:46:44.731 D/dalvikvm( 2070): GC_CONCURRENT freed 4008K, 36% free 8126K/12584K, paused 1ms+1ms, total 5ms
02-03 10:46:44.731 D/dalvikvm( 2070): WAIT_FOR_CONCURRENT_GC blocked 4ms
02-03 10:46:44.731 D/dalvikvm( 2070): GC_FOR_ALLOC freed 3718K, 36% free 8070K/12584K, paused 3ms, total 3ms
02-03 10:46:44.741 D/dalvikvm( 2070): GC_FOR_ALLOC freed 3450K, 37% free 8027K/12584K, paused 3ms, total 3ms
02-03 10:46:44.751 D/dalvikvm( 2070): GC_FOR_ALLOC freed 3262K, 37% free 8029K/12584K, paused 5ms, total 5ms
02-03 10:46:44.751 D/dalvikvm( 2070): GC_FOR_ALLOC freed 3173K, 37% free 8031K/12584K, paused 4ms, total 4ms
02-03 10:46:44.761 D/dalvikvm( 2070): GC_FOR_ALLOC freed 3045K, 37% free 8028K/12584K, paused 4ms, total 4ms
02-03 10:46:44.771 D/dalvikvm( 2070): GC_FOR_ALLOC freed 3075K, 36% free 8128K/12584K, paused 4ms, total 4ms
02-03 10:46:44.781 D/dalvikvm( 2070): GC_FOR_ALLOC freed 3116K, 37% free 8027K/12584K, paused 4ms, total 4ms
02-03 10:46:44.781 D/dalvikvm( 2070): GC_FOR_ALLOC freed 3096K, 37% free 8027K/12584K, paused 4ms, total 4ms
02-03 10:46:44.791 D/dalvikvm( 2070): GC_FOR_ALLOC freed 2774K, 36% free 8142K/12584K, paused 3ms, total 3ms
02-03 10:46:44.791 D/dalvikvm( 2070): GC_FOR_ALLOC freed 2804K, 36% free 8146K/12584K, paused 3ms, total 3ms
02-03 10:46:44.801 D/dalvikvm( 2070): GC_FOR_ALLOC freed 2915K, 36% free 8098K/12584K, paused 4ms, total 4ms
02-03 10:46:44.811 D/dalvikvm( 2070): GC_FOR_ALLOC freed 2715K, 35% free 8185K/12584K, paused 5ms, total 5ms
02-03 10:46:44.811 D/dalvikvm( 2070): GC_FOR_ALLOC freed 2710K, 36% free 8053K/12584K, paused 3ms, total 3ms
02-03 10:46:44.821 D/dalvikvm( 2070): GC_FOR_ALLOC freed 2650K, 35% free 8189K/12584K, paused 3ms, total 3ms
02-03 10:46:44.821 D/dalvikvm( 2070): GC_FOR_ALLOC freed 2959K, 36% free 8097K/12584K, paused 3ms, total 3ms
02-03 10:46:44.831 D/dalvikvm( 2070): GC_FOR_ALLOC freed 2702K, 36% free 8097K/12584K, paused 4ms, total 4ms
02-03 10:46:44.831 D/dalvikvm( 2070): GC_FOR_ALLOC freed 2669K, 37% free 8047K/12584K, paused 4ms, total 4ms
02-03 10:46:44.851 D/dalvikvm( 2070): GC_FOR_ALLOC freed 2834K, 37% free 8046K/12584K, paused 8ms, total 8ms
02-03 10:46:44.851 D/dalvikvm( 2070): GC_FOR_ALLOC freed 2901K, 36% free 8076K/12584K, paused 5ms, total 5ms
02-03 10:46:44.861 D/dalvikvm( 2070): GC_FOR_ALLOC freed 2700K, 36% free 8127K/12584K, paused 3ms, total 3ms
02-03 10:46:44.871 D/dalvikvm( 2070): GC_FOR_ALLOC freed 2647K, 35% free 8234K/12584K, paused 3ms, total 3ms
02-03 10:46:44.871 D/dalvikvm( 2070): GC_FOR_ALLOC freed 2698K, 36% free 8125K/12584K, paused 4ms, total 4ms
02-03 10:46:44.881 D/dalvikvm( 2070): GC_FOR_ALLOC freed 2636K, 36% free 8068K/12584K, paused 3ms, total 3ms
02-03 10:46:44.881 D/dalvikvm( 2070): GC_FOR_ALLOC freed 2510K, 35% free 8237K/12584K, paused 3ms, total 4ms
02-03 10:46:44.891 D/dalvikvm( 2070): GC_FOR_ALLOC freed 2319K, 36% free 8064K/12584K, paused 4ms, total 4ms
02-03 10:46:44.891 D/dalvikvm( 2070): GC_FOR_ALLOC freed 2471K, 36% free 8062K/12584K, paused 3ms, total 3ms
02-03 10:46:44.901 D/dalvikvm( 2070): GC_FOR_ALLOC freed 2509K, 36% free 8092K/12584K, paused 3ms, total 3ms
02-03 10:46:44.901 D/dalvikvm( 2070): GC_FOR_ALLOC freed 2547K, 36% free 8089K/12584K, paused 4ms, total 4ms
02-03 10:46:44.911 D/dalvikvm( 2070): GC_FOR_ALLOC freed 2584K, 36% free 8087K/12584K, paused 3ms, total 3ms
02-03 10:46:44.921 D/dalvikvm( 2070): GC_FOR_ALLOC freed 2622K, 36% free 8085K/12584K, paused 3ms, total 3ms
02-03 10:46:44.921 D/dalvikvm( 2070): GC_FOR_ALLOC freed 2660K, 36% free 8083K/12584K, paused 4ms, total 4ms
02-03 10:46:44.931 D/dalvikvm( 2070): GC_FOR_ALLOC freed 2697K, 36% free 8081K/12584K, paused 4ms, total 4ms
02-03 10:46:44.931 D/dalvikvm( 2070): GC_FOR_ALLOC freed 2407K, 35% free 8273K/12584K, paused 3ms, total 3ms
02-03 10:46:44.941 D/dalvikvm( 2070): GC_FOR_ALLOC freed 2305K, 35% free 8273K/12584K, paused 5ms, total 5ms
02-03 10:46:44.941 D/dalvikvm( 2070): GC_FOR_ALLOC freed 2331K, 35% free 8304K/12584K, paused 3ms, total 3ms
02-03 10:46:44.951 D/dalvikvm( 2070): GC_FOR_ALLOC freed 2357K, 36% free 8169K/12584K, paused 4ms, total 5ms
02-03 10:46:44.951 D/dalvikvm( 2070): GC_FOR_ALLOC freed 2247K, 36% free 8100K/12584K, paused 3ms, total 3ms
02-03 10:46:44.961 D/dalvikvm( 2070): GC_FOR_ALLOC freed 2408K, 36% free 8098K/12584K, paused 3ms, total 3ms
02-03 10:46:44.961 D/dalvikvm( 2070): GC_FOR_ALLOC freed 2434K, 36% free 8095K/12584K, paused 3ms, total 3ms
02-03 10:46:44.971 D/dalvikvm( 2070): GC_FOR_ALLOC freed 2460K, 36% free 8093K/12584K, paused 4ms, total 4ms
02-03 10:46:44.981 D/dalvikvm( 2070): GC_FOR_ALLOC freed 2486K, 36% free 8090K/12584K, paused 4ms, total 4ms
02-03 10:46:44.981 D/dalvikvm( 2070): GC_FOR_ALLOC freed 2512K, 36% free 8088K/12584K, paused 4ms, total 4ms
02-03 10:46:44.991 D/dalvikvm( 2070): GC_FOR_ALLOC freed 2538K, 36% free 8117K/12584K, paused 3ms, total 3ms
02-03 10:46:44.991 D/dalvikvm( 2070): GC_FOR_ALLOC freed 2565K, 36% free 8115K/12584K, paused 4ms, total 4ms
02-03 10:46:45.001 D/dalvikvm( 2070): GC_FOR_ALLOC freed 2591K, 36% free 8112K/12584K, paused 3ms, total 3ms
02-03 10:46:45.001 D/dalvikvm( 2070): GC_FOR_ALLOC freed 2617K, 36% free 8110K/12584K, paused 4ms, total 4ms
02-03 10:46:45.011 D/dalvikvm( 2070): GC_FOR_ALLOC freed 2260K, 34% free 8337K/12584K, paused 3ms, total 3ms
02-03 10:46:45.011 D/dalvikvm( 2070): GC_FOR_ALLOC freed 2513K, 36% free 8108K/12584K, paused 3ms, total 3ms
02-03 10:46:45.021 D/dalvikvm( 2070): GC_FOR_ALLOC freed 2300K, 34% free 8339K/12584K, paused 4ms, total 4ms
02-03 10:46:45.031 D/dalvikvm( 2070): GC_FOR_ALLOC freed 2557K, 36% free 8107K/12584K, paused 4ms, total 4ms
02-03 10:46:45.031 D/dalvikvm( 2070): GC_FOR_ALLOC freed 2341K, 34% free 8342K/12584K, paused 4ms, total 4ms
02-03 10:46:45.041 D/dalvikvm( 2070): GC_FOR_ALLOC freed 2202K, 34% free 8345K/12584K, paused 4ms, total 4ms
02-03 10:46:45.041 D/dalvikvm( 2070): GC_FOR_ALLOC freed 2219K, 35% free 8189K/12584K, paused 3ms, total 3ms
02-03 10:46:45.051 D/dalvikvm( 2070): GC_FOR_ALLOC freed 2236K, 34% free 8351K/12584K, paused 3ms, total 3ms
02-03 10:46:45.051 D/dalvikvm( 2070): GC_FOR_ALLOC freed 2255K, 34% free 8354K/12584K, paused 3ms, total 3ms
02-03 10:46:45.061 D/dalvikvm( 2070): GC_FOR_ALLOC freed 2272K, 35% free 8195K/12584K, paused 3ms, total 3ms
02-03 10:46:45.061 D/dalvikvm( 2070): GC_FOR_ALLOC freed 2290K, 35% free 8197K/12584K, paused 3ms, total 3ms
02-03 10:46:45.071 D/dalvikvm( 2070): GC_FOR_ALLOC freed 2142K, 36% free 8117K/12584K, paused 3ms, total 3ms
02-03 10:46:45.071 D/dalvikvm( 2070): GC_FOR_ALLOC freed 2323K, 36% free 8118K/12584K, paused 3ms, total 3ms
02-03 10:46:45.081 D/dalvikvm( 2070): GC_FOR_ALLOC freed 2342K, 36% free 8119K/12584K, paused 3ms, total 3ms
02-03 10:46:45.081 D/dalvikvm( 2070): GC_FOR_ALLOC freed 1936K, 34% free 8372K/12584K, paused 3ms, total 3ms
02-03 10:46:45.091 D/dalvikvm( 2070): GC_FOR_ALLOC freed 1778K, 34% free 8375K/12584K, paused 3ms, total 4ms
02-03 10:46:45.091 D/dalvikvm( 2070): GC_FOR_ALLOC freed 2215K, 36% free 8122K/12584K, paused 4ms, total 4ms
02-03 10:46:45.101 D/dalvikvm( 2070): GC_FOR_ALLOC freed 1970K, 34% free 8380K/12584K, paused 4ms, total 4ms
02-03 10:46:45.101 D/dalvikvm( 2070): GC_FOR_ALLOC freed 2242K, 36% free 8124K/12584K, paused 4ms, total 5ms
02-03 10:46:45.111 D/dalvikvm( 2070): GC_FOR_ALLOC freed 1994K, 34% free 8385K/12584K, paused 5ms, total 5ms
02-03 10:46:45.111 D/dalvikvm( 2070): GC_FOR_ALLOC freed 2269K, 36% free 8127K/12584K, paused 3ms, total 3ms
02-03 10:46:45.121 D/dalvikvm( 2070): GC_FOR_ALLOC freed 2019K, 34% free 8390K/12584K, paused 3ms, total 3ms
02-03 10:46:45.121 D/dalvikvm( 2070): GC_FOR_ALLOC freed 2296K, 36% free 8129K/12584K, paused 4ms, total 4ms
02-03 10:46:45.131 D/dalvikvm( 2070): GC_FOR_ALLOC freed 2043K, 34% free 8396K/12584K, paused 3ms, total 4ms
02-03 10:46:45.131 D/dalvikvm( 2070): GC_FOR_ALLOC freed 2323K, 36% free 8131K/12584K, paused 3ms, total 3ms
02-03 10:46:45.141 D/dalvikvm( 2070): GC_FOR_ALLOC freed 2067K, 34% free 8401K/12584K, paused 3ms, total 3ms
02-03 10:46:45.141 D/dalvikvm( 2070): GC_FOR_ALLOC freed 2351K, 36% free 8133K/12584K, paused 3ms, total 3ms
02-03 10:46:45.151 D/dalvikvm( 2070): GC_FOR_ALLOC freed 2091K, 34% free 8406K/12584K, paused 3ms, total 3ms
02-03 10:46:45.151 D/dalvikvm( 2070): GC_FOR_ALLOC freed 1919K, 34% free 8408K/12584K, paused 4ms, total 4ms
02-03 10:46:45.161 D/dalvikvm( 2070): GC_FOR_ALLOC freed 1928K, 34% free 8411K/12584K, paused 3ms, total 3ms
02-03 10:46:45.161 D/dalvikvm( 2070): GC_FOR_ALLOC freed 1938K, 34% free 8413K/12584K, paused 3ms, total 3ms
02-03 10:46:45.171 D/dalvikvm( 2070): GC_FOR_ALLOC freed 1947K, 34% free 8415K/12584K, paused 4ms, total 4ms
02-03 10:46:45.171 D/dalvikvm( 2070): GC_FOR_ALLOC freed 1957K, 34% free 8417K/12584K, paused 3ms, total 4ms
02-03 10:46:45.181 D/dalvikvm( 2070): GC_FOR_ALLOC freed 1966K, 34% free 8420K/12584K, paused 4ms, total 4ms
02-03 10:46:45.181 D/dalvikvm( 2070): GC_FOR_ALLOC freed 1976K, 34% free 8422K/12584K, paused 3ms, total 3ms
02-03 10:46:45.191 D/dalvikvm( 2070): GC_FOR_ALLOC freed 1985K, 34% free 8424K/12584K, paused 3ms, total 3ms
02-03 10:46:45.191 D/dalvikvm( 2070): GC_FOR_ALLOC freed 1994K, 34% free 8426K/12584K, paused 3ms, total 4ms
02-03 10:46:45.201 D/dalvikvm( 2070): GC_FOR_ALLOC freed 2004K, 34% free 8428K/12584K, paused 3ms, total 3ms
02-03 10:46:45.201 D/dalvikvm( 2070): GC_FOR_ALLOC freed 2013K, 34% free 8431K/12584K, paused 5ms, total 5ms
02-03 10:46:45.211 D/dalvikvm( 2070): GC_FOR_ALLOC freed 2023K, 33% free 8433K/12584K, paused 3ms, total 4ms
02-03 10:46:45.211 D/dalvikvm( 2070): GC_FOR_ALLOC freed 2032K, 33% free 8435K/12584K, paused 3ms, total 3ms
02-03 10:46:45.221 D/dalvikvm( 2070): GC_FOR_ALLOC freed 2041K, 33% free 8437K/12584K, paused 3ms, total 3ms
02-03 10:46:45.221 D/dalvikvm( 2070): GC_FOR_ALLOC freed 2051K, 33% free 8440K/12584K, paused 4ms, total 4ms
02-03 10:46:45.231 D/dalvikvm( 2070): GC_FOR_ALLOC freed 2060K, 33% free 8442K/12584K, paused 3ms, total 3ms
02-03 10:46:45.231 D/dalvikvm( 2070): GC_FOR_ALLOC freed 2070K, 33% free 8444K/12584K, paused 3ms, total 3ms
02-03 10:46:45.241 D/dalvikvm( 2070): GC_FOR_ALLOC freed 2079K, 33% free 8446K/12584K, paused 3ms, total 3ms
02-03 10:46:45.241 D/dalvikvm( 2070): GC_FOR_ALLOC freed 2088K, 35% free 8250K/12584K, paused 4ms, total 4ms
02-03 10:46:45.251 D/dalvikvm( 2070): GC_FOR_ALLOC freed 2098K, 35% free 8251K/12584K, paused 4ms, total 4ms
02-03 10:46:45.251 D/dalvikvm( 2070): GC_FOR_ALLOC freed 2107K, 35% free 8252K/12584K, paused 4ms, total 4ms
02-03 10:46:45.261 D/dalvikvm( 2070): GC_FOR_ALLOC freed 2117K, 35% free 8254K/12584K, paused 5ms, total 5ms
02-03 10:46:45.261 D/dalvikvm( 2070): GC_FOR_ALLOC freed 2126K, 35% free 8255K/12584K, paused 3ms, total 3ms
02-03 10:46:45.271 D/dalvikvm( 2070): GC_FOR_ALLOC freed 2136K, 35% free 8256K/12584K, paused 3ms, total 3ms
02-03 10:46:45.271 D/dalvikvm( 2070): GC_FOR_ALLOC freed 2146K, 35% free 8258K/12584K, paused 4ms, total 4ms
02-03 10:46:45.281 D/dalvikvm( 2070): GC_FOR_ALLOC freed 2315K, 36% free 8179K/12584K, paused 3ms, total 3ms
02-03 10:46:45.291 D/dalvikvm( 2070): GC_FOR_ALLOC freed 1967K, 35% free 8289K/12584K, paused 4ms, total 4ms
02-03 10:46:45.291 D/dalvikvm( 2070): GC_FOR_ALLOC freed 2089K, 36% free 8179K/12584K, paused 3ms, total 3ms
02-03 10:46:45.301 D/dalvikvm( 2070): GC_FOR_ALLOC freed 848K, 31% free 8687K/12584K, paused 3ms, total 4ms
02-03 10:46:45.301 I/dalvikvm-heap( 2070): Grow heap (frag case) to 9.526MB for 1048592-byte allocation
02-03 10:46:45.301 D/dalvikvm( 2070): GC_FOR_ALLOC freed <1K, 29% free 9711K/13612K, paused 3ms, total 3ms
02-03 10:46:45.301 D/dalvikvm( 2070): GC_FOR_ALLOC freed 4K, 29% free 9707K/13612K, paused 2ms, total 2ms
02-03 10:46:45.301 I/dalvikvm-heap( 2070): Grow heap (frag case) to 10.522MB for 1048592-byte allocation
02-03 10:46:45.311 D/dalvikvm( 2070): GC_FOR_ALLOC freed 0K, 27% free 10731K/14640K, paused 3ms, total 3ms
02-03 10:46:45.721 D/dalvikvm( 2070): GC_CONCURRENT freed 6776K, 47% free 8015K/14860K, paused 1ms+1ms, total 18ms
02-03 10:46:45.721 D/dalvikvm( 2070): WAIT_FOR_CONCURRENT_GC blocked 17ms
02-03 10:46:45.731 D/dalvikvm( 2070): GC_CONCURRENT freed 4006K, 36% free 8089K/12552K, paused 1ms+1ms, total 5ms
02-03 10:46:45.731 D/dalvikvm( 2070): WAIT_FOR_CONCURRENT_GC blocked 4ms
02-03 10:46:45.731 D/dalvikvm( 2070): GC_FOR_ALLOC freed 3823K, 37% free 8005K/12552K, paused 3ms, total 3ms
02-03 10:46:45.741 D/dalvikvm( 2070): GC_FOR_ALLOC freed 3515K, 36% free 8071K/12552K, paused 4ms, total 4ms
02-03 10:46:45.751 D/dalvikvm( 2070): GC_FOR_ALLOC freed 3426K, 37% free 7999K/12552K, paused 4ms, total 4ms
02-03 10:46:45.751 D/dalvikvm( 2070): GC_FOR_ALLOC freed 3261K, 37% free 8028K/12552K, paused 4ms, total 4ms
02-03 10:46:45.761 D/dalvikvm( 2070): GC_FOR_ALLOC freed 3138K, 36% free 8120K/12552K, paused 4ms, total 4ms
02-03 10:46:45.771 D/dalvikvm( 2070): GC_FOR_ALLOC freed 3215K, 37% free 8020K/12552K, paused 4ms, total 4ms
02-03 10:46:45.781 D/dalvikvm( 2070): GC_FOR_ALLOC freed 3225K, 37% free 8020K/12552K, paused 4ms, total 4ms
02-03 10:46:45.781 D/dalvikvm( 2070): GC_FOR_ALLOC freed 3134K, 37% free 8020K/12552K, paused 3ms, total 3ms
02-03 10:46:45.791 D/dalvikvm( 2070): GC_FOR_ALLOC freed 3005K, 37% free 8019K/12552K, paused 3ms, total 3ms
02-03 10:46:45.791 D/dalvikvm( 2070): GC_FOR_ALLOC freed 2927K, 35% free 8173K/12552K, paused 3ms, total 3ms
02-03 10:46:45.801 D/dalvikvm( 2070): GC_FOR_ALLOC freed 2873K, 36% free 8049K/12552K, paused 4ms, total 4ms
02-03 10:46:45.811 D/dalvikvm( 2070): GC_FOR_ALLOC freed 2838K, 35% free 8180K/12552K, paused 4ms, total 4ms
02-03 10:46:45.811 D/dalvikvm( 2070): GC_FOR_ALLOC freed 2837K, 35% free 8182K/12552K, paused 4ms, total 4ms
02-03 10:46:45.821 D/dalvikvm( 2070): GC_FOR_ALLOC freed 2922K, 36% free 8092K/12552K, paused 4ms, total 4ms
02-03 10:46:45.821 D/dalvikvm( 2070): GC_FOR_ALLOC freed 2910K, 36% free 8044K/12552K, paused 3ms, total 3ms
02-03 10:46:45.831 D/dalvikvm( 2070): GC_FOR_ALLOC freed 2840K, 35% free 8190K/12552K, paused 3ms, total 3ms
02-03 10:46:45.841 D/dalvikvm( 2070): GC_FOR_ALLOC freed 2811K, 36% free 8091K/12552K, paused 4ms, total 4ms
02-03 10:46:45.841 D/dalvikvm( 2070): GC_FOR_ALLOC freed 2774K, 36% free 8071K/12552K, paused 7ms, total 7ms
02-03 10:46:45.851 D/dalvikvm( 2070): GC_FOR_ALLOC freed 2942K, 36% free 8070K/12552K, paused 4ms, total 4ms
02-03 10:46:45.861 D/dalvikvm( 2070): GC_FOR_ALLOC freed 3009K, 36% free 8068K/12552K, paused 5ms, total 5ms
02-03 10:46:45.861 D/dalvikvm( 2070): GC_FOR_ALLOC freed 2799K, 35% free 8231K/12552K, paused 3ms, total 3ms
02-03 10:46:45.871 D/dalvikvm( 2070): GC_FOR_ALLOC freed 2742K, 36% free 8120K/12552K, paused 3ms, total 4ms
02-03 10:46:45.881 D/dalvikvm( 2070): GC_FOR_ALLOC freed 2793K, 36% free 8119K/12552K, paused 4ms, total 4ms
02-03 10:46:45.881 D/dalvikvm( 2070): GC_FOR_ALLOC freed 2728K, 36% free 8060K/12552K, paused 3ms, total 3ms
02-03 10:46:45.891 D/dalvikvm( 2070): GC_FOR_ALLOC freed 2596K, 35% free 8235K/12552K, paused 4ms, total 4ms
02-03 10:46:45.891 D/dalvikvm( 2070): GC_FOR_ALLOC freed 2819K, 36% free 8088K/12552K, paused 4ms, total 4ms
02-03 10:46:45.901 D/dalvikvm( 2070): GC_FOR_ALLOC freed 2681K, 35% free 8269K/12552K, paused 3ms, total 3ms
02-03 10:46:45.901 D/dalvikvm( 2070): GC_FOR_ALLOC freed 2599K, 35% free 8269K/12552K, paused 4ms, total 4ms
02-03 10:46:45.911 D/dalvikvm( 2070): GC_FOR_ALLOC freed 2636K, 35% free 8270K/12552K, paused 3ms, total 3ms
02-03 10:46:45.921 D/dalvikvm( 2070): GC_FOR_ALLOC freed 2674K, 36% free 8143K/12552K, paused 3ms, total 4ms
02-03 10:46:45.921 D/dalvikvm( 2070): GC_FOR_ALLOC freed 2582K, 36% free 8077K/12552K, paused 3ms, total 3ms
02-03 10:46:45.931 D/dalvikvm( 2070): GC_FOR_ALLOC freed 2418K, 35% free 8271K/12552K, paused 4ms, total 4ms
02-03 10:46:45.931 D/dalvikvm( 2070): GC_FOR_ALLOC freed 2315K, 35% free 8270K/12552K, paused 3ms, total 3ms
02-03 10:46:45.941 D/dalvikvm( 2070): GC_FOR_ALLOC freed 2341K, 35% free 8168K/12552K, paused 4ms, total 4ms
02-03 10:46:45.951 D/dalvikvm( 2070): GC_FOR_ALLOC freed 2367K, 35% free 8166K/12552K, paused 4ms, total 4ms
02-03 10:46:45.951 D/dalvikvm( 2070): GC_FOR_ALLOC freed 2394K, 35% free 8165K/12552K, paused 4ms, total 4ms
02-03 10:46:45.961 D/dalvikvm( 2070): GC_FOR_ALLOC freed 2420K, 35% free 8163K/12552K, paused 3ms, total 3ms
02-03 10:46:45.961 D/dalvikvm( 2070): GC_FOR_ALLOC freed 2446K, 35% free 8161K/12552K, paused 3ms, total 3ms
02-03 10:46:45.971 D/dalvikvm( 2070): GC_FOR_ALLOC freed 2472K, 35% free 8159K/12552K, paused 5ms, total 5ms
02-03 10:46:45.971 D/dalvikvm( 2070): GC_FOR_ALLOC freed 2498K, 36% free 8158K/12552K, paused 3ms, total 3ms
02-03 10:46:45.981 D/dalvikvm( 2070): GC_FOR_ALLOC freed 2524K, 36% free 8156K/12552K, paused 4ms, total 4ms
02-03 10:46:45.991 D/dalvikvm( 2070): GC_FOR_ALLOC freed 2550K, 35% free 8186K/12552K, paused 4ms, total 4ms
02-03 10:46:45.991 D/dalvikvm( 2070): GC_FOR_ALLOC freed 2577K, 35% free 8184K/12552K, paused 3ms, total 3ms
02-03 10:46:46.001 D/dalvikvm( 2070): GC_FOR_ALLOC freed 2603K, 35% free 8183K/12552K, paused 3ms, total 4ms
02-03 10:46:46.001 D/dalvikvm( 2070): GC_FOR_ALLOC freed 2629K, 35% free 8181K/12552K, paused 3ms, total 4ms
02-03 10:46:46.011 D/dalvikvm( 2070): GC_FOR_ALLOC freed 2503K, 36% free 8104K/12552K, paused 5ms, total 5ms
02-03 10:46:46.011 D/dalvikvm( 2070): GC_FOR_ALLOC freed 2291K, 35% free 8181K/12552K, paused 4ms, total 4ms
02-03 10:46:46.021 D/dalvikvm( 2070): GC_FOR_ALLOC freed 2547K, 36% free 8102K/12552K, paused 4ms, total 4ms
02-03 10:46:46.031 D/dalvikvm( 2070): GC_FOR_ALLOC freed 2332K, 35% free 8181K/12552K, paused 5ms, total 5ms
02-03 10:46:46.031 D/dalvikvm( 2070): GC_FOR_ALLOC freed 2592K, 36% free 8101K/12552K, paused 3ms, total 3ms
02-03 10:46:46.041 D/dalvikvm( 2070): GC_FOR_ALLOC freed 2372K, 35% free 8181K/12552K, paused 3ms, total 3ms
02-03 10:46:46.041 D/dalvikvm( 2070): GC_FOR_ALLOC freed 2636K, 36% free 8100K/12552K, paused 4ms, total 4ms
02-03 10:46:46.051 D/dalvikvm( 2070): GC_FOR_ALLOC freed 2415K, 35% free 8181K/12552K, paused 4ms, total 4ms
02-03 10:46:46.051 D/dalvikvm( 2070): GC_FOR_ALLOC freed 2272K, 35% free 8183K/12552K, paused 4ms, total 4ms
02-03 10:46:46.061 D/dalvikvm( 2070): GC_FOR_ALLOC freed 2290K, 35% free 8185K/12552K, paused 4ms, total 5ms
02-03 10:46:46.071 D/dalvikvm( 2070): GC_FOR_ALLOC freed 2307K, 35% free 8187K/12552K, paused 4ms, total 5ms
02-03 10:46:46.071 D/dalvikvm( 2070): GC_FOR_ALLOC freed 2325K, 35% free 8189K/12552K, paused 4ms, total 4ms
02-03 10:46:46.081 D/dalvikvm( 2070): GC_FOR_ALLOC freed 2343K, 35% free 8191K/12552K, paused 3ms, total 3ms
02-03 10:46:46.081 D/dalvikvm( 2070): GC_FOR_ALLOC freed 2360K, 35% free 8192K/12552K, paused 3ms, total 4ms
02-03 10:46:46.091 D/dalvikvm( 2070): GC_FOR_ALLOC freed 2377K, 35% free 8194K/12552K, paused 3ms, total 3ms
02-03 10:46:46.091 D/dalvikvm( 2070): GC_FOR_ALLOC freed 2394K, 35% free 8196K/12552K, paused 4ms, total 4ms
02-03 10:46:46.101 D/dalvikvm( 2070): GC_FOR_ALLOC freed 2410K, 35% free 8198K/12552K, paused 4ms, total 4ms
02-03 10:46:46.111 D/dalvikvm( 2070): GC_FOR_ALLOC freed 2427K, 35% free 8200K/12552K, paused 5ms, total 5ms
02-03 10:46:46.111 D/dalvikvm( 2070): GC_FOR_ALLOC freed 2444K, 35% free 8201K/12552K, paused 4ms, total 4ms
02-03 10:46:46.121 D/dalvikvm( 2070): GC_FOR_ALLOC freed 2461K, 35% free 8203K/12552K, paused 4ms, total 4ms
02-03 10:46:46.121 D/dalvikvm( 2070): GC_FOR_ALLOC freed 2300K, 36% free 8117K/12552K, paused 3ms, total 3ms
02-03 10:46:46.131 D/dalvikvm( 2070): GC_FOR_ALLOC freed 2046K, 34% free 8384K/12552K, paused 4ms, total 4ms
02-03 10:46:46.131 D/dalvikvm( 2070): GC_FOR_ALLOC freed 1878K, 34% free 8387K/12552K, paused 3ms, total 3ms
02-03 10:46:46.141 D/dalvikvm( 2070): GC_FOR_ALLOC freed 2339K, 36% free 8120K/12552K, paused 3ms, total 3ms
02-03 10:46:46.141 D/dalvikvm( 2070): GC_FOR_ALLOC freed 2080K, 34% free 8392K/12552K, paused 3ms, total 3ms
02-03 10:46:46.151 D/dalvikvm( 2070): GC_FOR_ALLOC freed 2366K, 36% free 8122K/12552K, paused 3ms, total 3ms
02-03 10:46:46.151 D/dalvikvm( 2070): GC_FOR_ALLOC freed 2104K, 34% free 8397K/12552K, paused 4ms, total 4ms
02-03 10:46:46.161 D/dalvikvm( 2070): GC_FOR_ALLOC freed 2393K, 36% free 8124K/12552K, paused 4ms, total 4ms
02-03 10:46:46.161 D/dalvikvm( 2070): GC_FOR_ALLOC freed 2128K, 34% free 8402K/12552K, paused 4ms, total 4ms
02-03 10:46:46.171 D/dalvikvm( 2070): GC_FOR_ALLOC freed 2421K, 36% free 8126K/12552K, paused 4ms, total 4ms
02-03 10:46:46.171 D/dalvikvm( 2070): GC_FOR_ALLOC freed 2153K, 34% free 8408K/12552K, paused 4ms, total 4ms
02-03 10:46:46.181 D/dalvikvm( 2070): GC_FOR_ALLOC freed 2448K, 36% free 8128K/12552K, paused 4ms, total 4ms
02-03 10:46:46.181 D/dalvikvm( 2070): GC_FOR_ALLOC freed 2177K, 33% free 8413K/12552K, paused 4ms, total 4ms
02-03 10:46:46.191 D/dalvikvm( 2070): GC_FOR_ALLOC freed 2475K, 36% free 8130K/12552K, paused 4ms, total 4ms
02-03 10:46:46.201 D/dalvikvm( 2070): GC_FOR_ALLOC freed 2201K, 33% free 8418K/12552K, paused 3ms, total 3ms
02-03 10:46:46.201 D/dalvikvm( 2070): GC_FOR_ALLOC freed 2019K, 33% free 8420K/12552K, paused 4ms, total 4ms
02-03 10:46:46.211 D/dalvikvm( 2070): GC_FOR_ALLOC freed 2029K, 33% free 8422K/12552K, paused 3ms, total 3ms
02-03 10:46:46.211 D/dalvikvm( 2070): GC_FOR_ALLOC freed 2038K, 33% free 8425K/12552K, paused 3ms, total 3ms
02-03 10:46:46.221 D/dalvikvm( 2070): GC_FOR_ALLOC freed 2048K, 33% free 8427K/12552K, paused 3ms, total 3ms
02-03 10:46:46.221 D/dalvikvm( 2070): GC_FOR_ALLOC freed 2057K, 33% free 8429K/12552K, paused 3ms, total 3ms
02-03 10:46:46.231 D/dalvikvm( 2070): GC_FOR_ALLOC freed 2066K, 33% free 8431K/12552K, paused 4ms, total 4ms
02-03 10:46:46.231 D/dalvikvm( 2070): GC_FOR_ALLOC freed 2076K, 33% free 8434K/12552K, paused 3ms, total 3ms
02-03 10:46:46.241 D/dalvikvm( 2070): GC_FOR_ALLOC freed 2085K, 33% free 8436K/12552K, paused 3ms, total 4ms
02-03 10:46:46.241 D/dalvikvm( 2070): GC_FOR_ALLOC freed 2095K, 33% free 8438K/12552K, paused 3ms, total 3ms
02-03 10:46:46.251 D/dalvikvm( 2070): GC_FOR_ALLOC freed 2104K, 33% free 8440K/12552K, paused 4ms, total 4ms
02-03 10:46:46.251 D/dalvikvm( 2070): GC_FOR_ALLOC freed 2114K, 33% free 8443K/12552K, paused 4ms, total 4ms
02-03 10:46:46.261 D/dalvikvm( 2070): GC_FOR_ALLOC freed 2123K, 35% free 8243K/12552K, paused 4ms, total 4ms
02-03 10:46:46.261 D/dalvikvm( 2070): GC_FOR_ALLOC freed 2132K, 35% free 8244K/12552K, paused 3ms, total 3ms
02-03 10:46:46.271 D/dalvikvm( 2070): GC_FOR_ALLOC freed 2142K, 35% free 8245K/12552K, paused 3ms, total 4ms
02-03 10:46:46.281 D/dalvikvm( 2070): GC_FOR_ALLOC freed 2277K, 35% free 8174K/12552K, paused 5ms, total 5ms
02-03 10:46:46.281 D/dalvikvm( 2070): GC_FOR_ALLOC freed 2499K, 35% free 8171K/12552K, paused 4ms, total 4ms
02-03 10:46:46.291 D/dalvikvm( 2070): GC_FOR_ALLOC freed 1759K, 33% free 8501K/12552K, paused 3ms, total 3ms
02-03 10:46:46.291 D/dalvikvm( 2070): GC_FOR_ALLOC freed 1394K, 39% free 7658K/12552K, paused 3ms, total 4ms
02-03 10:46:46.301 D/dalvikvm( 2070): GC_FOR_ALLOC freed 4K, 31% free 8679K/12552K, paused 3ms, total 3ms
02-03 10:46:46.301 I/dalvikvm-heap( 2070): Grow heap (frag case) to 9.518MB for 1048592-byte allocation
02-03 10:46:46.301 D/dalvikvm( 2070): GC_FOR_ALLOC freed 4K, 29% free 9699K/13580K, paused 3ms, total 3ms
02-03 10:46:46.301 D/dalvikvm( 2070): GC_FOR_ALLOC freed <1K, 29% free 9699K/13580K, paused 2ms, total 2ms
02-03 10:46:46.311 I/dalvikvm-heap( 2070): Grow heap (frag case) to 10.514MB for 1048592-byte allocation
02-03 10:46:46.311 D/dalvikvm( 2070): GC_FOR_ALLOC freed 0K, 27% free 10723K/14608K, paused 3ms, total 3ms
02-03 10:46:46.711 D/dalvikvm( 2070): GC_CONCURRENT freed 6764K, 46% free 8023K/14852K, paused 0ms+1ms, total 17ms
02-03 10:46:46.711 D/dalvikvm( 2070): WAIT_FOR_CONCURRENT_GC blocked 16ms
02-03 10:46:46.721 D/dalvikvm( 2070): GC_FOR_ALLOC freed 4075K, 36% free 8029K/12508K, paused 4ms, total 4ms
02-03 10:46:46.731 D/dalvikvm( 2070): GC_FOR_ALLOC freed 3759K, 36% free 8009K/12508K, paused 3ms, total 3ms
02-03 10:46:46.741 D/dalvikvm( 2070): GC_FOR_ALLOC freed 3515K, 36% free 8027K/12508K, paused 3ms, total 3ms
02-03 10:46:46.751 D/dalvikvm( 2070): GC_FOR_ALLOC freed 3287K, 36% free 8030K/12508K, paused 4ms, total 4ms
02-03 10:46:46.751 D/dalvikvm( 2070): GC_FOR_ALLOC freed 3189K, 36% free 8032K/12508K, paused 3ms, total 3ms
02-03 10:46:46.761 D/dalvikvm( 2070): GC_FOR_ALLOC freed 3123K, 36% free 8059K/12508K, paused 3ms, total 3ms
02-03 10:46:46.761 D/dalvikvm( 2070): GC_FOR_ALLOC freed 3200K, 36% free 8024K/12508K, paused 3ms, total 3ms
02-03 10:46:46.771 D/dalvikvm( 2070): GC_FOR_ALLOC freed 3211K, 36% free 8024K/12508K, paused 4ms, total 4ms
02-03 10:46:46.781 D/dalvikvm( 2070): GC_FOR_ALLOC freed 2931K, 35% free 8136K/12508K, paused 6ms, total 6ms
02-03 10:46:46.791 D/dalvikvm( 2070): GC_FOR_ALLOC freed 2907K, 36% free 8054K/12508K, paused 4ms, total 4ms
02-03 10:46:46.791 D/dalvikvm( 2070): GC_FOR_ALLOC freed 2904K, 36% free 8094K/12508K, paused 4ms, total 4ms
02-03 10:46:46.801 D/dalvikvm( 2070): GC_FOR_ALLOC freed 2937K, 36% free 8095K/12508K, paused 4ms, total 4ms
02-03 10:46:46.811 D/dalvikvm( 2070): GC_FOR_ALLOC freed 2954K, 36% free 8052K/12508K, paused 5ms, total 5ms
02-03 10:46:46.811 D/dalvikvm( 2070): GC_FOR_ALLOC freed 2825K, 36% free 8050K/12508K, paused 3ms, total 3ms
02-03 10:46:46.821 D/dalvikvm( 2070): GC_FOR_ALLOC freed 2910K, 36% free 8049K/12508K, paused 3ms, total 3ms
02-03 10:46:46.821 D/dalvikvm( 2070): GC_FOR_ALLOC freed 2754K, 35% free 8190K/12508K, paused 4ms, total 4ms
02-03 10:46:46.831 D/dalvikvm( 2070): GC_FOR_ALLOC freed 2727K, 36% free 8094K/12508K, paused 4ms, total 4ms
02-03 10:46:46.831 D/dalvikvm( 2070): GC_FOR_ALLOC freed 2694K, 36% free 8076K/12508K, paused 3ms, total 3ms
02-03 10:46:46.841 D/dalvikvm( 2070): GC_FOR_ALLOC freed 2859K, 36% free 8075K/12508K, paused 6ms, total 6ms
02-03 10:46:46.851 D/dalvikvm( 2070): GC_FOR_ALLOC freed 2662K, 35% free 8230K/12508K, paused 4ms, total 4ms
02-03 10:46:46.851 D/dalvikvm( 2070): GC_FOR_ALLOC freed 2879K, 36% free 8071K/12508K, paused 3ms, total 3ms
02-03 10:46:46.861 D/dalvikvm( 2070): GC_FOR_ALLOC freed 2776K, 35% free 8233K/12508K, paused 5ms, total 5ms
02-03 10:46:46.871 D/dalvikvm( 2070): GC_FOR_ALLOC freed 3000K, 36% free 8068K/12508K, paused 4ms, total 4ms
02-03 10:46:46.871 D/dalvikvm( 2070): GC_FOR_ALLOC freed 2776K, 36% free 8066K/12508K, paused 3ms, total 3ms
02-03 10:46:46.881 D/dalvikvm( 2070): GC_FOR_ALLOC freed 2537K, 36% free 8121K/12508K, paused 3ms, total 3ms
02-03 10:46:46.881 D/dalvikvm( 2070): GC_FOR_ALLOC freed 2460K, 35% free 8151K/12508K, paused 3ms, total 4ms
02-03 10:46:46.891 D/dalvikvm( 2070): GC_FOR_ALLOC freed 2498K, 35% free 8150K/12508K, paused 4ms, total 4ms
02-03 10:46:46.901 D/dalvikvm( 2070): GC_FOR_ALLOC freed 2536K, 35% free 8149K/12508K, paused 4ms, total 4ms
02-03 10:46:46.901 D/dalvikvm( 2070): GC_FOR_ALLOC freed 2451K, 36% free 8087K/12508K, paused 4ms, total 4ms
02-03 10:46:46.911 D/dalvikvm( 2070): GC_FOR_ALLOC freed 2609K, 36% free 8084K/12508K, paused 3ms, total 3ms
02-03 10:46:46.911 D/dalvikvm( 2070): GC_FOR_ALLOC freed 2647K, 36% free 8082K/12508K, paused 4ms, total 4ms
02-03 10:46:46.921 D/dalvikvm( 2070): GC_FOR_ALLOC freed 2685K, 36% free 8080K/12508K, paused 3ms, total 3ms
02-03 10:46:46.921 D/dalvikvm( 2070): GC_FOR_ALLOC freed 2396K, 34% free 8272K/12508K, paused 3ms, total 4ms
02-03 10:46:46.931 D/dalvikvm( 2070): GC_FOR_ALLOC freed 2294K, 34% free 8303K/12508K, paused 5ms, total 5ms
02-03 10:46:46.931 D/dalvikvm( 2070): GC_FOR_ALLOC freed 2320K, 35% free 8170K/12508K, paused 3ms, total 3ms
02-03 10:46:46.941 D/dalvikvm( 2070): GC_FOR_ALLOC freed 2346K, 35% free 8169K/12508K, paused 4ms, total 4ms
02-03 10:46:46.951 D/dalvikvm( 2070): GC_FOR_ALLOC freed 2373K, 35% free 8167K/12508K, paused 5ms, total 5ms
02-03 10:46:46.951 D/dalvikvm( 2070): GC_FOR_ALLOC freed 2399K, 35% free 8165K/12508K, paused 4ms, total 4ms
02-03 10:46:46.961 D/dalvikvm( 2070): GC_FOR_ALLOC freed 2425K, 35% free 8163K/12508K, paused 3ms, total 3ms
02-03 10:46:46.961 D/dalvikvm( 2070): GC_FOR_ALLOC freed 2451K, 35% free 8162K/12508K, paused 3ms, total 4ms
02-03 10:46:46.971 D/dalvikvm( 2070): GC_FOR_ALLOC freed 2477K, 35% free 8160K/12508K, paused 4ms, total 4ms
02-03 10:46:46.971 D/dalvikvm( 2070): GC_FOR_ALLOC freed 2503K, 35% free 8190K/12508K, paused 3ms, total 3ms
02-03 10:46:46.981 D/dalvikvm( 2070): GC_FOR_ALLOC freed 2529K, 35% free 8188K/12508K, paused 3ms, total 3ms
02-03 10:46:46.981 D/dalvikvm( 2070): GC_FOR_ALLOC freed 2409K, 36% free 8114K/12508K, paused 4ms, total 4ms
02-03 10:46:46.991 D/dalvikvm( 2070): GC_FOR_ALLOC freed 2206K, 34% free 8336K/12508K, paused 4ms, total 4ms
02-03 10:46:46.991 D/dalvikvm( 2070): GC_FOR_ALLOC freed 2454K, 36% free 8113K/12508K, paused 3ms, total 3ms
02-03 10:46:47.001 D/dalvikvm( 2070): GC_FOR_ALLOC freed 2247K, 35% free 8188K/12508K, paused 4ms, total 4ms
02-03 10:46:47.011 D/dalvikvm( 2070): GC_FOR_ALLOC freed 2498K, 36% free 8111K/12508K, paused 4ms, total 4ms
02-03 10:46:47.011 D/dalvikvm( 2070): GC_FOR_ALLOC freed 2287K, 35% free 8188K/12508K, paused 4ms, total 4ms
02-03 10:46:47.021 D/dalvikvm( 2070): GC_FOR_ALLOC freed 2543K, 36% free 8110K/12508K, paused 3ms, total 3ms
02-03 10:46:47.021 D/dalvikvm( 2070): GC_FOR_ALLOC freed 2327K, 35% free 8188K/12508K, paused 3ms, total 3ms
02-03 10:46:47.031 D/dalvikvm( 2070): GC_FOR_ALLOC freed 2587K, 36% free 8109K/12508K, paused 4ms, total 4ms
02-03 10:46:47.031 D/dalvikvm( 2070): GC_FOR_ALLOC freed 2368K, 35% free 8188K/12508K, paused 4ms, total 4ms
02-03 10:46:47.041 D/dalvikvm( 2070): GC_FOR_ALLOC freed 2631K, 36% free 8107K/12508K, paused 3ms, total 3ms
02-03 10:46:47.041 D/dalvikvm( 2070): GC_FOR_ALLOC freed 2410K, 35% free 8189K/12508K, paused 3ms, total 3ms
02-03 10:46:47.051 D/dalvikvm( 2070): GC_FOR_ALLOC freed 2268K, 35% free 8191K/12508K, paused 3ms, total 3ms
02-03 10:46:47.061 D/dalvikvm( 2070): GC_FOR_ALLOC freed 2285K, 35% free 8193K/12508K, paused 3ms, total 4ms
02-03 10:46:47.061 D/dalvikvm( 2070): GC_FOR_ALLOC freed 2303K, 35% free 8194K/12508K, paused 4ms, total 4ms
02-03 10:46:47.071 D/dalvikvm( 2070): GC_FOR_ALLOC freed 2320K, 35% free 8196K/12508K, paused 4ms, total 4ms
02-03 10:46:47.071 D/dalvikvm( 2070): GC_FOR_ALLOC freed 2339K, 35% free 8198K/12508K, paused 4ms, total 4ms
02-03 10:46:47.081 D/dalvikvm( 2070): GC_FOR_ALLOC freed 2356K, 35% free 8200K/12508K, paused 3ms, total 3ms
02-03 10:46:47.081 D/dalvikvm( 2070): GC_FOR_ALLOC freed 2373K, 35% free 8202K/12508K, paused 3ms, total 3ms
02-03 10:46:47.091 D/dalvikvm( 2070): GC_FOR_ALLOC freed 2218K, 36% free 8119K/12508K, paused 3ms, total 3ms
02-03 10:46:47.091 D/dalvikvm( 2070): GC_FOR_ALLOC freed 2405K, 36% free 8120K/12508K, paused 3ms, total 3ms
02-03 10:46:47.101 D/dalvikvm( 2070): GC_FOR_ALLOC freed 2422K, 36% free 8121K/12508K, paused 4ms, total 4ms
02-03 10:46:47.101 D/dalvikvm( 2070): GC_FOR_ALLOC freed 2438K, 36% free 8122K/12508K, paused 4ms, total 4ms
02-03 10:46:47.111 D/dalvikvm( 2070): GC_FOR_ALLOC freed 2455K, 36% free 8123K/12508K, paused 4ms, total 4ms
02-03 10:46:47.111 D/dalvikvm( 2070): GC_FOR_ALLOC freed 2472K, 36% free 8125K/12508K, paused 3ms, total 3ms
02-03 10:46:47.121 D/dalvikvm( 2070): GC_FOR_ALLOC freed 2043K, 33% free 8392K/12508K, paused 3ms, total 3ms
02-03 10:46:47.121 D/dalvikvm( 2070): GC_FOR_ALLOC freed 2323K, 36% free 8127K/12508K, paused 3ms, total 3ms
02-03 10:46:47.131 D/dalvikvm( 2070): GC_FOR_ALLOC freed 2067K, 33% free 8397K/12508K, paused 3ms, total 3ms
02-03 10:46:47.131 D/dalvikvm( 2070): GC_FOR_ALLOC freed 2351K, 36% free 8129K/12508K, paused 3ms, total 3ms
02-03 10:46:47.141 D/dalvikvm( 2070): GC_FOR_ALLOC freed 2091K, 33% free 8402K/12508K, paused 3ms, total 3ms
02-03 10:46:47.151 D/dalvikvm( 2070): GC_FOR_ALLOC freed 2378K, 35% free 8131K/12508K, paused 4ms, total 4ms
02-03 10:46:47.151 D/dalvikvm( 2070): GC_FOR_ALLOC freed 2115K, 33% free 8407K/12508K, paused 4ms, total 4ms
02-03 10:46:47.151 D/dalvikvm( 2070): GC_FOR_ALLOC freed 1941K, 33% free 8410K/12508K, paused 3ms, total 3ms
02-03 10:46:47.161 D/dalvikvm( 2070): GC_FOR_ALLOC freed 1950K, 33% free 8412K/12508K, paused 3ms, total 3ms
02-03 10:46:47.161 D/dalvikvm( 2070): GC_FOR_ALLOC freed 1960K, 33% free 8414K/12508K, paused 3ms, total 3ms
02-03 10:46:47.171 D/dalvikvm( 2070): GC_FOR_ALLOC freed 1969K, 33% free 8416K/12508K, paused 4ms, total 4ms
02-03 10:46:47.171 D/dalvikvm( 2070): GC_FOR_ALLOC freed 1979K, 33% free 8419K/12508K, paused 3ms, total 3ms
02-03 10:46:47.181 D/dalvikvm( 2070): GC_FOR_ALLOC freed 1988K, 33% free 8421K/12508K, paused 4ms, total 4ms
02-03 10:46:47.181 D/dalvikvm( 2070): GC_FOR_ALLOC freed 1997K, 33% free 8423K/12508K, paused 3ms, total 3ms
02-03 10:46:47.191 D/dalvikvm( 2070): GC_FOR_ALLOC freed 2007K, 33% free 8425K/12508K, paused 3ms, total 3ms
02-03 10:46:47.191 D/dalvikvm( 2070): GC_FOR_ALLOC freed 2016K, 33% free 8427K/12508K, paused 4ms, total 4ms
02-03 10:46:47.201 D/dalvikvm( 2070): GC_FOR_ALLOC freed 2026K, 33% free 8430K/12508K, paused 3ms, total 3ms
02-03 10:46:47.211 D/dalvikvm( 2070): GC_FOR_ALLOC freed 2035K, 33% free 8432K/12508K, paused 4ms, total 4ms
02-03 10:46:47.211 D/dalvikvm( 2070): GC_FOR_ALLOC freed 2045K, 33% free 8434K/12508K, paused 4ms, total 4ms
02-03 10:46:47.211 D/dalvikvm( 2070): GC_FOR_ALLOC freed 2054K, 33% free 8436K/12508K, paused 3ms, total 3ms
02-03 10:46:47.221 D/dalvikvm( 2070): GC_FOR_ALLOC freed 2063K, 33% free 8439K/12508K, paused 3ms, total 3ms
02-03 10:46:47.221 D/dalvikvm( 2070): GC_FOR_ALLOC freed 2073K, 33% free 8441K/12508K, paused 3ms, total 3ms
02-03 10:46:47.231 D/dalvikvm( 2070): GC_FOR_ALLOC freed 2082K, 33% free 8443K/12508K, paused 4ms, total 4ms
02-03 10:46:47.231 D/dalvikvm( 2070): GC_FOR_ALLOC freed 2092K, 33% free 8445K/12508K, paused 4ms, total 4ms
02-03 10:46:47.241 D/dalvikvm( 2070): GC_FOR_ALLOC freed 2101K, 33% free 8448K/12508K, paused 3ms, total 3ms
02-03 10:46:47.241 D/dalvikvm( 2070): GC_FOR_ALLOC freed 2110K, 33% free 8450K/12508K, paused 3ms, total 3ms
02-03 10:46:47.251 D/dalvikvm( 2070): GC_FOR_ALLOC freed 2120K, 35% free 8250K/12508K, paused 3ms, total 3ms
02-03 10:46:47.251 D/dalvikvm( 2070): GC_FOR_ALLOC freed 2129K, 35% free 8252K/12508K, paused 4ms, total 4ms
02-03 10:46:47.261 D/dalvikvm( 2070): GC_FOR_ALLOC freed 2139K, 35% free 8253K/12508K, paused 3ms, total 3ms
02-03 10:46:47.261 D/dalvikvm( 2070): GC_FOR_ALLOC freed 2181K, 35% free 8148K/12508K, paused 3ms, total 3ms
02-03 10:46:47.271 D/dalvikvm( 2070): GC_FOR_ALLOC freed 2556K, 35% free 8163K/12508K, paused 4ms, total 4ms
02-03 10:46:47.281 D/dalvikvm( 2070): GC_FOR_ALLOC freed 1759K, 33% free 8493K/12508K, paused 4ms, total 4ms
02-03 10:46:47.281 D/dalvikvm( 2070): GC_FOR_ALLOC freed 2168K, 39% free 7646K/12508K, paused 3ms, total 3ms
02-03 10:46:47.281 I/dalvikvm-heap( 2070): Grow heap (frag case) to 8.509MB for 1048592-byte allocation
02-03 10:46:47.291 D/dalvikvm( 2070): GC_FOR_ALLOC freed 0K, 36% free 8670K/13536K, paused 2ms, total 2ms
02-03 10:46:47.301 D/dalvikvm( 2070): GC_FOR_ALLOC freed 8K, 37% free 8655K/13536K, paused 15ms, total 15ms
02-03 10:46:47.301 I/dalvikvm-heap( 2070): Grow heap (frag case) to 9.495MB for 1048592-byte allocation
02-03 10:46:47.311 D/dalvikvm( 2070): GC_FOR_ALLOC freed 0K, 34% free 9679K/14564K, paused 3ms, total 3ms
02-03 10:46:47.311 D/dalvikvm( 2070): GC_FOR_ALLOC freed <1K, 34% free 9679K/14564K, paused 2ms, total 2ms
02-03 10:46:47.311 I/dalvikvm-heap( 2070): Grow heap (frag case) to 10.495MB for 1048592-byte allocation
02-03 10:46:47.311 D/dalvikvm( 2070): GC_FOR_ALLOC freed 0K, 32% free 10703K/15592K, paused 3ms, total 3ms
02-03 10:46:47.751 D/dalvikvm( 2070): GC_CONCURRENT freed 6738K, 49% free 8033K/15592K, paused 2ms+2ms, total 11ms
02-03 10:46:47.751 D/dalvikvm( 2070): WAIT_FOR_CONCURRENT_GC blocked 10ms
02-03 10:46:47.771 D/dalvikvm( 2070): GC_CONCURRENT freed 4020K, 36% free 8088K/12520K, paused 1ms+2ms, total 8ms
02-03 10:46:47.771 D/dalvikvm( 2070): WAIT_FOR_CONCURRENT_GC blocked 7ms
02-03 10:46:47.781 D/dalvikvm( 2070): GC_FOR_ALLOC freed 3694K, 37% free 7989K/12520K, paused 6ms, total 6ms
02-03 10:46:47.801 D/dalvikvm( 2070): GC_FOR_ALLOC freed 3491K, 36% free 8062K/12520K, paused 21ms, total 21ms
02-03 10:46:47.811 D/dalvikvm( 2070): GC_FOR_ALLOC freed 3270K, 36% free 8096K/12520K, paused 4ms, total 4ms
02-03 10:46:47.821 D/dalvikvm( 2070): GC_FOR_ALLOC freed 3177K, 37% free 8007K/12520K, paused 4ms, total 4ms
02-03 10:46:47.821 D/dalvikvm( 2070): GC_FOR_ALLOC freed 3269K, 36% free 8036K/12520K, paused 3ms, total 3ms
02-03 10:46:47.831 D/dalvikvm( 2070): GC_FOR_ALLOC freed 3021K, 36% free 8036K/12520K, paused 3ms, total 3ms
02-03 10:46:47.841 D/dalvikvm( 2070): GC_FOR_ALLOC freed 3017K, 35% free 8142K/12520K, paused 4ms, total 4ms
02-03 10:46:47.841 D/dalvikvm( 2070): GC_FOR_ALLOC freed 3025K, 36% free 8035K/12520K, paused 6ms, total 6ms
02-03 10:46:47.851 D/dalvikvm( 2070): GC_FOR_ALLOC freed 2971K, 36% free 8034K/12520K, paused 4ms, total 4ms
02-03 10:46:47.861 D/dalvikvm( 2070): GC_FOR_ALLOC freed 2893K, 36% free 8073K/12520K, paused 3ms, total 3ms
02-03 10:46:47.861 D/dalvikvm( 2070): GC_FOR_ALLOC freed 2926K, 36% free 8074K/12520K, paused 5ms, total 5ms
02-03 10:46:47.871 D/dalvikvm( 2070): GC_FOR_ALLOC freed 2944K, 36% free 8031K/12520K, paused 4ms, total 4ms
02-03 10:46:47.881 D/dalvikvm( 2070): GC_FOR_ALLOC freed 2906K, 36% free 8107K/12520K, paused 3ms, total 3ms
02-03 10:46:47.881 D/dalvikvm( 2070): GC_FOR_ALLOC freed 2903K, 36% free 8107K/12520K, paused 3ms, total 3ms
02-03 10:46:47.891 D/dalvikvm( 2070): GC_FOR_ALLOC freed 2988K, 36% free 8107K/12520K, paused 4ms, total 4ms
02-03 10:46:47.891 D/dalvikvm( 2070): GC_FOR_ALLOC freed 2974K, 36% free 8058K/12520K, paused 4ms, total 4ms
02-03 10:46:47.901 D/dalvikvm( 2070): GC_FOR_ALLOC freed 2800K, 36% free 8057K/12520K, paused 4ms, total 4ms
02-03 10:46:47.911 D/dalvikvm( 2070): GC_FOR_ALLOC freed 2867K, 36% free 8055K/12520K, paused 4ms, total 4ms
02-03 10:46:47.911 D/dalvikvm( 2070): GC_FOR_ALLOC freed 2934K, 36% free 8053K/12520K, paused 4ms, total 4ms
02-03 10:46:47.921 D/dalvikvm( 2070): GC_FOR_ALLOC freed 3001K, 36% free 8052K/12520K, paused 3ms, total 3ms
02-03 10:46:47.921 D/dalvikvm( 2070): GC_FOR_ALLOC freed 3068K, 36% free 8082K/12520K, paused 3ms, total 3ms
02-03 10:46:47.931 D/dalvikvm( 2070): GC_FOR_ALLOC freed 2740K, 36% free 8080K/12520K, paused 4ms, total 4ms
02-03 10:46:47.941 D/dalvikvm( 2070): GC_FOR_ALLOC freed 2504K, 35% free 8249K/12520K, paused 3ms, total 4ms
02-03 10:46:47.941 D/dalvikvm( 2070): GC_FOR_ALLOC freed 2429K, 35% free 8249K/12520K, paused 4ms, total 4ms
02-03 10:46:47.951 D/dalvikvm( 2070): GC_FOR_ALLOC freed 2467K, 35% free 8250K/12520K, paused 6ms, total 6ms
02-03 10:46:47.951 D/dalvikvm( 2070): GC_FOR_ALLOC freed 2504K, 35% free 8250K/12520K, paused 3ms, total 4ms
02-03 10:46:47.961 D/dalvikvm( 2070): GC_FOR_ALLOC freed 2542K, 35% free 8251K/12520K, paused 3ms, total 3ms
02-03 10:46:47.961 D/dalvikvm( 2070): GC_FOR_ALLOC freed 2580K, 35% free 8251K/12520K, paused 3ms, total 3ms
02-03 10:46:47.971 D/dalvikvm( 2070): GC_FOR_ALLOC freed 2617K, 34% free 8284K/12520K, paused 4ms, total 4ms
02-03 10:46:47.981 D/dalvikvm( 2070): GC_FOR_ALLOC freed 2528K, 36% free 8095K/12520K, paused 4ms, total 4ms
02-03 10:46:47.981 D/dalvikvm( 2070): GC_FOR_ALLOC freed 2691K, 36% free 8092K/12520K, paused 4ms, total 4ms
02-03 10:46:47.991 D/dalvikvm( 2070): GC_FOR_ALLOC freed 2402K, 34% free 8284K/12520K, paused 4ms, total 4ms
02-03 10:46:47.991 D/dalvikvm( 2070): GC_FOR_ALLOC freed 2299K, 34% free 8284K/12520K, paused 4ms, total 4ms
02-03 10:46:48.001 D/dalvikvm( 2070): GC_FOR_ALLOC freed 2326K, 34% free 8284K/12520K, paused 4ms, total 4ms
02-03 10:46:48.001 D/dalvikvm( 2070): GC_FOR_ALLOC freed 2352K, 35% free 8149K/12520K, paused 3ms, total 3ms
02-03 10:46:48.011 D/dalvikvm( 2070): GC_FOR_ALLOC freed 2378K, 35% free 8147K/12520K, paused 3ms, total 4ms
02-03 10:46:48.021 D/dalvikvm( 2070): GC_FOR_ALLOC freed 2404K, 35% free 8178K/12520K, paused 5ms, total 5ms
02-03 10:46:48.021 D/dalvikvm( 2070): GC_FOR_ALLOC freed 2430K, 35% free 8176K/12520K, paused 4ms, total 4ms
02-03 10:46:48.031 D/dalvikvm( 2070): GC_FOR_ALLOC freed 2456K, 35% free 8174K/12520K, paused 3ms, total 3ms
02-03 10:46:48.031 D/dalvikvm( 2070): GC_FOR_ALLOC freed 2482K, 35% free 8172K/12520K, paused 4ms, total 4ms
02-03 10:46:48.041 D/dalvikvm( 2070): GC_FOR_ALLOC freed 2509K, 35% free 8170K/12520K, paused 3ms, total 3ms
02-03 10:46:48.041 D/dalvikvm( 2070): GC_FOR_ALLOC freed 2535K, 35% free 8169K/12520K, paused 3ms, total 3ms
02-03 10:46:48.051 D/dalvikvm( 2070): GC_FOR_ALLOC freed 2561K, 35% free 8167K/12520K, paused 4ms, total 4ms
02-03 10:46:48.061 D/dalvikvm( 2070): GC_FOR_ALLOC freed 2587K, 35% free 8165K/12520K, paused 3ms, total 4ms
02-03 10:46:48.061 D/dalvikvm( 2070): GC_FOR_ALLOC freed 2464K, 36% free 8121K/12520K, paused 4ms, total 4ms
02-03 10:46:48.071 D/dalvikvm( 2070): GC_FOR_ALLOC freed 2256K, 34% free 8348K/12520K, paused 3ms, total 3ms
02-03 10:46:48.071 D/dalvikvm( 2070): GC_FOR_ALLOC freed 2508K, 36% free 8120K/12520K, paused 4ms, total 4ms
02-03 10:46:48.081 D/dalvikvm( 2070): GC_FOR_ALLOC freed 2296K, 35% free 8197K/12520K, paused 3ms, total 3ms
02-03 10:46:48.081 D/dalvikvm( 2070): GC_FOR_ALLOC freed 2552K, 36% free 8119K/12520K, paused 3ms, total 3ms
02-03 10:46:48.091 D/dalvikvm( 2070): GC_FOR_ALLOC freed 2336K, 35% free 8197K/12520K, paused 3ms, total 3ms
02-03 10:46:48.091 D/dalvikvm( 2070): GC_FOR_ALLOC freed 2597K, 36% free 8117K/12520K, paused 3ms, total 4ms
02-03 10:46:48.101 D/dalvikvm( 2070): GC_FOR_ALLOC freed 2377K, 35% free 8197K/12520K, paused 4ms, total 4ms
02-03 10:46:48.101 D/dalvikvm( 2070): GC_FOR_ALLOC freed 2236K, 35% free 8199K/12520K, paused 4ms, total 4ms
02-03 10:46:48.111 D/dalvikvm( 2070): GC_FOR_ALLOC freed 2255K, 35% free 8201K/12520K, paused 3ms, total 3ms
02-03 10:46:48.121 D/dalvikvm( 2070): GC_FOR_ALLOC freed 2272K, 35% free 8203K/12520K, paused 4ms, total 5ms
02-03 10:46:48.121 D/dalvikvm( 2070): GC_FOR_ALLOC freed 2290K, 35% free 8205K/12520K, paused 4ms, total 4ms
02-03 10:46:48.131 D/dalvikvm( 2070): GC_FOR_ALLOC freed 2307K, 35% free 8207K/12520K, paused 3ms, total 3ms
02-03 10:46:48.131 D/dalvikvm( 2070): GC_FOR_ALLOC freed 2325K, 35% free 8209K/12520K, paused 3ms, total 3ms
02-03 10:46:48.141 D/dalvikvm( 2070): GC_FOR_ALLOC freed 2343K, 35% free 8211K/12520K, paused 3ms, total 3ms
02-03 10:46:48.141 D/dalvikvm( 2070): GC_FOR_ALLOC freed 2360K, 35% free 8212K/12520K, paused 3ms, total 3ms
02-03 10:46:48.151 D/dalvikvm( 2070): GC_FOR_ALLOC freed 2377K, 35% free 8214K/12520K, paused 3ms, total 4ms
02-03 10:46:48.151 D/dalvikvm( 2070): GC_FOR_ALLOC freed 2222K, 36% free 8131K/12520K, paused 3ms, total 4ms
02-03 10:46:48.161 D/dalvikvm( 2070): GC_FOR_ALLOC freed 2409K, 36% free 8132K/12520K, paused 4ms, total 4ms
02-03 10:46:48.161 D/dalvikvm( 2070): GC_FOR_ALLOC freed 2426K, 36% free 8133K/12520K, paused 3ms, total 3ms
02-03 10:46:48.171 D/dalvikvm( 2070): GC_FOR_ALLOC freed 2443K, 36% free 8135K/12520K, paused 3ms, total 4ms
02-03 10:46:48.171 D/dalvikvm( 2070): GC_FOR_ALLOC freed 2459K, 36% free 8136K/12520K, paused 4ms, total 4ms
02-03 10:46:48.181 D/dalvikvm( 2070): GC_FOR_ALLOC freed 2032K, 33% free 8401K/12520K, paused 4ms, total 4ms
02-03 10:46:48.181 D/dalvikvm( 2070): GC_FOR_ALLOC freed 1866K, 33% free 8404K/12520K, paused 3ms, total 4ms
02-03 10:46:48.191 D/dalvikvm( 2070): GC_FOR_ALLOC freed 2323K, 35% free 8139K/12520K, paused 3ms, total 3ms
02-03 10:46:48.191 D/dalvikvm( 2070): GC_FOR_ALLOC freed 2067K, 33% free 8409K/12520K, paused 3ms, total 3ms
02-03 10:46:48.201 D/dalvikvm( 2070): GC_FOR_ALLOC freed 2351K, 35% free 8141K/12520K, paused 4ms, total 4ms
02-03 10:46:48.211 D/dalvikvm( 2070): GC_FOR_ALLOC freed 2091K, 33% free 8414K/12520K, paused 4ms, total 4ms
02-03 10:46:48.211 D/dalvikvm( 2070): GC_FOR_ALLOC freed 2378K, 35% free 8143K/12520K, paused 3ms, total 3ms
02-03 10:46:48.221 D/dalvikvm( 2070): GC_FOR_ALLOC freed 2115K, 33% free 8419K/12520K, paused 4ms, total 4ms
02-03 10:46:48.221 D/dalvikvm( 2070): GC_FOR_ALLOC freed 2405K, 35% free 8145K/12520K, paused 4ms, total 4ms
02-03 10:46:48.231 D/dalvikvm( 2070): GC_FOR_ALLOC freed 2139K, 33% free 8425K/12520K, paused 3ms, total 4ms
02-03 10:46:48.231 D/dalvikvm( 2070): GC_FOR_ALLOC freed 1963K, 33% free 8427K/12520K, paused 3ms, total 3ms
02-03 10:46:48.241 D/dalvikvm( 2070): GC_FOR_ALLOC freed 1972K, 33% free 8429K/12520K, paused 3ms, total 3ms
02-03 10:46:48.241 D/dalvikvm( 2070): GC_FOR_ALLOC freed 1982K, 33% free 8431K/12520K, paused 3ms, total 3ms
02-03 10:46:48.251 D/dalvikvm( 2070): GC_FOR_ALLOC freed 1991K, 33% free 8433K/12520K, paused 3ms, total 3ms
02-03 10:46:48.251 D/dalvikvm( 2070): GC_FOR_ALLOC freed 2001K, 33% free 8436K/12520K, paused 4ms, total 4ms
02-03 10:46:48.261 D/dalvikvm( 2070): GC_FOR_ALLOC freed 2010K, 33% free 8438K/12520K, paused 3ms, total 3ms
02-03 10:46:48.261 D/dalvikvm( 2070): GC_FOR_ALLOC freed 2019K, 33% free 8440K/12520K, paused 3ms, total 3ms
02-03 10:46:48.271 D/dalvikvm( 2070): GC_FOR_ALLOC freed 2029K, 33% free 8442K/12520K, paused 3ms, total 4ms
02-03 10:46:48.271 D/dalvikvm( 2070): GC_FOR_ALLOC freed 2038K, 33% free 8445K/12520K, paused 3ms, total 3ms
02-03 10:46:48.281 D/dalvikvm( 2070): GC_FOR_ALLOC freed 2048K, 33% free 8447K/12520K, paused 3ms, total 3ms
02-03 10:46:48.281 D/dalvikvm( 2070): GC_FOR_ALLOC freed 2057K, 33% free 8449K/12520K, paused 4ms, total 4ms
02-03 10:46:48.291 D/dalvikvm( 2070): GC_FOR_ALLOC freed 2066K, 33% free 8451K/12520K, paused 3ms, total 3ms
02-03 10:46:48.291 D/dalvikvm( 2070): GC_FOR_ALLOC freed 2076K, 33% free 8454K/12520K, paused 4ms, total 4ms
02-03 10:46:48.301 D/dalvikvm( 2070): GC_FOR_ALLOC freed 2085K, 33% free 8456K/12520K, paused 5ms, total 5ms
02-03 10:46:48.301 D/dalvikvm( 2070): GC_FOR_ALLOC freed 2095K, 33% free 8458K/12520K, paused 5ms, total 5ms
02-03 10:46:48.311 D/dalvikvm( 2070): GC_FOR_ALLOC freed 2104K, 33% free 8460K/12520K, paused 4ms, total 4ms
02-03 10:46:48.311 D/dalvikvm( 2070): GC_FOR_ALLOC freed 2114K, 33% free 8463K/12520K, paused 4ms, total 4ms
02-03 10:46:48.321 D/dalvikvm( 2070): GC_FOR_ALLOC freed 2123K, 35% free 8263K/12520K, paused 3ms, total 3ms
02-03 10:46:48.321 D/dalvikvm( 2070): GC_FOR_ALLOC freed 2132K, 34% free 8264K/12520K, paused 3ms, total 3ms
02-03 10:46:48.331 D/dalvikvm( 2070): GC_FOR_ALLOC freed 2142K, 34% free 8265K/12520K, paused 4ms, total 4ms
02-03 10:46:48.331 D/dalvikvm( 2070): GC_FOR_ALLOC freed 2277K, 35% free 8162K/12520K, paused 3ms, total 3ms
02-03 10:46:48.341 D/dalvikvm( 2070): GC_FOR_ALLOC freed 2499K, 35% free 8159K/12520K, paused 3ms, total 3ms
02-03 10:46:48.341 D/dalvikvm( 2070): GC_FOR_ALLOC freed 1759K, 33% free 8489K/12520K, paused 3ms, total 3ms
02-03 10:46:48.351 D/dalvikvm( 2070): GC_FOR_ALLOC freed 1406K, 40% free 7634K/12520K, paused 3ms, total 3ms
02-03 10:46:48.351 D/dalvikvm( 2070): GC_FOR_ALLOC freed 4K, 31% free 8655K/12520K, paused 2ms, total 2ms
02-03 10:46:48.351 I/dalvikvm-heap( 2070): Grow heap (frag case) to 9.495MB for 1048592-byte allocation
02-03 10:46:48.361 D/dalvikvm( 2070): GC_FOR_ALLOC freed <1K, 29% free 9679K/13548K, paused 3ms, total 3ms
02-03 10:46:48.361 D/dalvikvm( 2070): GC_FOR_ALLOC freed <1K, 29% free 9679K/13548K, paused 7ms, total 7ms
02-03 10:46:48.371 I/dalvikvm-heap( 2070): Grow heap (frag case) to 10.495MB for 1048592-byte allocation
02-03 10:46:48.371 D/dalvikvm( 2070): GC_FOR_ALLOC freed 0K, 27% free 10703K/14576K, paused 3ms, total 3ms
02-03 10:46:48.741 D/dalvikvm( 2070): GC_CONCURRENT freed 6734K, 46% free 8029K/14832K, paused 1ms+1ms, total 16ms
02-03 10:46:48.741 D/dalvikvm( 2070): WAIT_FOR_CONCURRENT_GC blocked 16ms
02-03 10:46:48.751 D/dalvikvm( 2070): GC_CONCURRENT freed 4052K, 36% free 8053K/12520K, paused 1ms+1ms, total 5ms
02-03 10:46:48.751 D/dalvikvm( 2070): WAIT_FOR_CONCURRENT_GC blocked 3ms
02-03 10:46:48.761 D/dalvikvm( 2070): GC_FOR_ALLOC freed 3719K, 36% free 8062K/12520K, paused 4ms, total 4ms
02-03 10:46:48.761 D/dalvikvm( 2070): GC_FOR_ALLOC freed 3450K, 36% free 8066K/12520K, paused 4ms, total 4ms
02-03 10:46:48.771 D/dalvikvm( 2070): GC_FOR_ALLOC freed 3262K, 36% free 8076K/12520K, paused 3ms, total 4ms
02-03 10:46:48.781 D/dalvikvm( 2070): GC_FOR_ALLOC freed 3173K, 36% free 8023K/12520K, paused 4ms, total 4ms
02-03 10:46:48.781 D/dalvikvm( 2070): GC_FOR_ALLOC freed 3269K, 36% free 8020K/12520K, paused 5ms, total 5ms
02-03 10:46:48.791 D/dalvikvm( 2070): GC_FOR_ALLOC freed 3089K, 36% free 8121K/12520K, paused 3ms, total 3ms
02-03 10:46:48.801 D/dalvikvm( 2070): GC_FOR_ALLOC freed 3130K, 36% free 8020K/12520K, paused 4ms, total 4ms
02-03 10:46:48.801 D/dalvikvm( 2070): GC_FOR_ALLOC freed 3109K, 36% free 8019K/12520K, paused 4ms, total 4ms
02-03 10:46:48.811 D/dalvikvm( 2070): GC_FOR_ALLOC freed 2982K, 36% free 8018K/12520K, paused 3ms, total 3ms
02-03 10:46:48.821 D/dalvikvm( 2070): GC_FOR_ALLOC freed 2904K, 35% free 8172K/12520K, paused 3ms, total 3ms
02-03 10:46:48.821 D/dalvikvm( 2070): GC_FOR_ALLOC freed 2937K, 36% free 8091K/12520K, paused 3ms, total 3ms
02-03 10:46:48.831 D/dalvikvm( 2070): GC_FOR_ALLOC freed 2954K, 36% free 8048K/12520K, paused 4ms, total 4ms
02-03 10:46:48.831 D/dalvikvm( 2070): GC_FOR_ALLOC freed 2825K, 36% free 8046K/12520K, paused 3ms, total 3ms
02-03 10:46:48.841 D/dalvikvm( 2070): GC_FOR_ALLOC freed 2910K, 36% free 8045K/12520K, paused 4ms, total 4ms
02-03 10:46:48.851 D/dalvikvm( 2070): GC_FOR_ALLOC freed 2754K, 35% free 8186K/12520K, paused 4ms, total 4ms
02-03 10:46:48.851 D/dalvikvm( 2070): GC_FOR_ALLOC freed 2727K, 35% free 8188K/12520K, paused 4ms, total 4ms
02-03 10:46:48.861 D/dalvikvm( 2070): GC_FOR_ALLOC freed 2794K, 36% free 8090K/12520K, paused 3ms, total 3ms
02-03 10:46:48.871 D/dalvikvm( 2070): GC_FOR_ALLOC freed 2758K, 36% free 8071K/12520K, paused 5ms, total 5ms
02-03 10:46:48.871 D/dalvikvm( 2070): GC_FOR_ALLOC freed 2662K, 35% free 8226K/12520K, paused 3ms, total 3ms
02-03 10:46:48.881 D/dalvikvm( 2070): GC_FOR_ALLOC freed 2879K, 36% free 8067K/12520K, paused 4ms, total 4ms
02-03 10:46:48.881 D/dalvikvm( 2070): GC_FOR_ALLOC freed 2776K, 35% free 8229K/12520K, paused 5ms, total 5ms
02-03 10:46:48.891 D/dalvikvm( 2070): GC_FOR_ALLOC freed 3000K, 36% free 8064K/12520K, paused 3ms, total 3ms
02-03 10:46:48.901 D/dalvikvm( 2070): GC_FOR_ALLOC freed 2890K, 36% free 8118K/12520K, paused 4ms, total 4ms
02-03 10:46:48.901 D/dalvikvm( 2070): GC_FOR_ALLOC freed 2714K, 36% free 8060K/12520K, paused 4ms, total 4ms
02-03 10:46:48.911 D/dalvikvm( 2070): GC_FOR_ALLOC freed 2583K, 36% free 8116K/12520K, paused 4ms, total 4ms
02-03 10:46:48.911 D/dalvikvm( 2070): GC_FOR_ALLOC freed 2504K, 34% free 8266K/12520K, paused 4ms, total 4ms
02-03 10:46:48.921 D/dalvikvm( 2070): GC_FOR_ALLOC freed 2542K, 34% free 8267K/12520K, paused 4ms, total 4ms
02-03 10:46:48.921 D/dalvikvm( 2070): GC_FOR_ALLOC freed 2580K, 34% free 8267K/12520K, paused 4ms, total 4ms
02-03 10:46:48.931 D/dalvikvm( 2070): GC_FOR_ALLOC freed 2617K, 34% free 8268K/12520K, paused 3ms, total 3ms
02-03 10:46:48.941 D/dalvikvm( 2070): GC_FOR_ALLOC freed 2655K, 34% free 8268K/12520K, paused 4ms, total 4ms
02-03 10:46:48.941 D/dalvikvm( 2070): GC_FOR_ALLOC freed 2693K, 35% free 8140K/12520K, paused 3ms, total 3ms
02-03 10:46:48.951 D/dalvikvm( 2070): GC_FOR_ALLOC freed 2273K, 34% free 8268K/12520K, paused 3ms, total 4ms
02-03 10:46:48.951 D/dalvikvm( 2070): GC_FOR_ALLOC freed 2299K, 34% free 8268K/12520K, paused 4ms, total 4ms
02-03 10:46:48.961 D/dalvikvm( 2070): GC_FOR_ALLOC freed 2326K, 34% free 8300K/12520K, paused 4ms, total 4ms
02-03 10:46:48.961 D/dalvikvm( 2070): GC_FOR_ALLOC freed 2352K, 35% free 8165K/12520K, paused 3ms, total 3ms
02-03 10:46:48.971 D/dalvikvm( 2070): GC_FOR_ALLOC freed 2378K, 35% free 8163K/12520K, paused 4ms, total 4ms
02-03 10:46:48.971 D/dalvikvm( 2070): GC_FOR_ALLOC freed 2404K, 35% free 8162K/12520K, paused 3ms, total 3ms
02-03 10:46:48.981 D/dalvikvm( 2070): GC_FOR_ALLOC freed 2430K, 35% free 8160K/12520K, paused 3ms, total 3ms
02-03 10:46:48.981 D/dalvikvm( 2070): GC_FOR_ALLOC freed 2456K, 35% free 8158K/12520K, paused 3ms, total 3ms
02-03 10:46:48.991 D/dalvikvm( 2070): GC_FOR_ALLOC freed 2482K, 35% free 8156K/12520K, paused 4ms, total 4ms
02-03 10:46:49.001 D/dalvikvm( 2070): GC_FOR_ALLOC freed 2509K, 35% free 8154K/12520K, paused 4ms, total 4ms
02-03 10:46:49.001 D/dalvikvm( 2070): GC_FOR_ALLOC freed 2535K, 35% free 8185K/12520K, paused 4ms, total 4ms
02-03 10:46:49.011 D/dalvikvm( 2070): GC_FOR_ALLOC freed 2561K, 35% free 8183K/12520K, paused 4ms, total 4ms
02-03 10:46:49.011 D/dalvikvm( 2070): GC_FOR_ALLOC freed 2439K, 36% free 8108K/12520K, paused 4ms, total 4ms
02-03 10:46:49.021 D/dalvikvm( 2070): GC_FOR_ALLOC freed 2233K, 34% free 8332K/12520K, paused 3ms, total 3ms
02-03 10:46:49.021 D/dalvikvm( 2070): GC_FOR_ALLOC freed 2483K, 36% free 8106K/12520K, paused 3ms, total 3ms
02-03 10:46:49.031 D/dalvikvm( 2070): GC_FOR_ALLOC freed 2273K, 35% free 8183K/12520K, paused 3ms, total 3ms
02-03 10:46:49.031 D/dalvikvm( 2070): GC_FOR_ALLOC freed 2528K, 36% free 8105K/12520K, paused 5ms, total 5ms
02-03 10:46:49.041 D/dalvikvm( 2070): GC_FOR_ALLOC freed 2314K, 35% free 8183K/12520K, paused 4ms, total 4ms
02-03 10:46:49.041 D/dalvikvm( 2070): GC_FOR_ALLOC freed 2572K, 36% free 8104K/12520K, paused 3ms, total 3ms
02-03 10:46:49.051 D/dalvikvm( 2070): GC_FOR_ALLOC freed 2354K, 35% free 8183K/12520K, paused 5ms, total 5ms
02-03 10:46:49.061 D/dalvikvm( 2070): GC_FOR_ALLOC freed 2617K, 36% free 8102K/12520K, paused 4ms, total 4ms
02-03 10:46:49.061 D/dalvikvm( 2070): GC_FOR_ALLOC freed 2395K, 35% free 8183K/12520K, paused 4ms, total 4ms
02-03 10:46:49.071 D/dalvikvm( 2070): GC_FOR_ALLOC freed 2255K, 35% free 8185K/12520K, paused 4ms, total 4ms
02-03 10:46:49.071 D/dalvikvm( 2070): GC_FOR_ALLOC freed 2272K, 35% free 8187K/12520K, paused 4ms, total 4ms
02-03 10:46:49.081 D/dalvikvm( 2070): GC_FOR_ALLOC freed 2290K, 35% free 8189K/12520K, paused 4ms, total 4ms
02-03 10:46:49.081 D/dalvikvm( 2070): GC_FOR_ALLOC freed 2307K, 35% free 8191K/12520K, paused 4ms, total 4ms
02-03 10:46:49.091 D/dalvikvm( 2070): GC_FOR_ALLOC freed 2325K, 35% free 8193K/12520K, paused 3ms, total 3ms
02-03 10:46:49.091 D/dalvikvm( 2070): GC_FOR_ALLOC freed 2343K, 35% free 8195K/12520K, paused 3ms, total 3ms
02-03 10:46:49.101 D/dalvikvm( 2070): GC_FOR_ALLOC freed 2360K, 35% free 8196K/12520K, paused 4ms, total 4ms
02-03 10:46:49.111 D/dalvikvm( 2070): GC_FOR_ALLOC freed 2377K, 35% free 8198K/12520K, paused 4ms, total 4ms
02-03 10:46:49.111 D/dalvikvm( 2070): GC_FOR_ALLOC freed 2394K, 35% free 8200K/12520K, paused 3ms, total 4ms
02-03 10:46:49.121 D/dalvikvm( 2070): GC_FOR_ALLOC freed 2238K, 36% free 8116K/12520K, paused 5ms, total 5ms
02-03 10:46:49.121 D/dalvikvm( 2070): GC_FOR_ALLOC freed 2426K, 36% free 8117K/12520K, paused 4ms, total 4ms
02-03 10:46:49.131 D/dalvikvm( 2070): GC_FOR_ALLOC freed 2443K, 36% free 8119K/12520K, paused 3ms, total 3ms
02-03 10:46:49.141 D/dalvikvm( 2070): GC_FOR_ALLOC freed 2459K, 36% free 8120K/12520K, paused 5ms, total 5ms
02-03 10:46:49.141 D/dalvikvm( 2070): GC_FOR_ALLOC freed 2032K, 34% free 8385K/12520K, paused 4ms, total 4ms
02-03 10:46:49.151 D/dalvikvm( 2070): GC_FOR_ALLOC freed 2312K, 36% free 8122K/12520K, paused 3ms, total 3ms
02-03 10:46:49.151 D/dalvikvm( 2070): GC_FOR_ALLOC freed 2056K, 33% free 8391K/12520K, paused 3ms, total 3ms
02-03 10:46:49.161 D/dalvikvm( 2070): GC_FOR_ALLOC freed 2339K, 36% free 8124K/12520K, paused 3ms, total 3ms
02-03 10:46:49.161 D/dalvikvm( 2070): GC_FOR_ALLOC freed 2080K, 33% free 8396K/12520K, paused 3ms, total 3ms
02-03 10:46:49.171 D/dalvikvm( 2070): GC_FOR_ALLOC freed 2366K, 36% free 8126K/12520K, paused 3ms, total 3ms
02-03 10:46:49.171 D/dalvikvm( 2070): GC_FOR_ALLOC freed 2104K, 33% free 8401K/12520K, paused 3ms, total 3ms
02-03 10:46:49.181 D/dalvikvm( 2070): GC_FOR_ALLOC freed 2393K, 36% free 8128K/12520K, paused 4ms, total 4ms
02-03 10:46:49.181 D/dalvikvm( 2070): GC_FOR_ALLOC freed 2128K, 33% free 8406K/12520K, paused 3ms, total 3ms
02-03 10:46:49.191 D/dalvikvm( 2070): GC_FOR_ALLOC freed 2421K, 36% free 8130K/12520K, paused 3ms, total 3ms
02-03 10:46:49.191 D/dalvikvm( 2070): GC_FOR_ALLOC freed 2153K, 33% free 8412K/12520K, paused 3ms, total 3ms
02-03 10:46:49.201 D/dalvikvm( 2070): GC_FOR_ALLOC freed 1976K, 33% free 8414K/12520K, paused 3ms, total 3ms
02-03 10:46:49.201 D/dalvikvm( 2070): GC_FOR_ALLOC freed 1985K, 33% free 8416K/12520K, paused 4ms, total 4ms
02-03 10:46:49.211 D/dalvikvm( 2070): GC_FOR_ALLOC freed 1994K, 33% free 8418K/12520K, paused 3ms, total 3ms
02-03 10:46:49.211 D/dalvikvm( 2070): GC_FOR_ALLOC freed 2004K, 33% free 8420K/12520K, paused 4ms, total 4ms
02-03 10:46:49.221 D/dalvikvm( 2070): GC_FOR_ALLOC freed 2013K, 33% free 8423K/12520K, paused 3ms, total 3ms
02-03 10:46:49.221 D/dalvikvm( 2070): GC_FOR_ALLOC freed 2023K, 33% free 8425K/12520K, paused 3ms, total 3ms
02-03 10:46:49.231 D/dalvikvm( 2070): GC_FOR_ALLOC freed 2032K, 33% free 8427K/12520K, paused 3ms, total 3ms
02-03 10:46:49.231 D/dalvikvm( 2070): GC_FOR_ALLOC freed 2041K, 33% free 8429K/12520K, paused 3ms, total 3ms
02-03 10:46:49.241 D/dalvikvm( 2070): GC_FOR_ALLOC freed 2051K, 33% free 8432K/12520K, paused 4ms, total 4ms
02-03 10:46:49.241 D/dalvikvm( 2070): GC_FOR_ALLOC freed 2060K, 33% free 8434K/12520K, paused 4ms, total 4ms
02-03 10:46:49.251 D/dalvikvm( 2070): GC_FOR_ALLOC freed 2070K, 33% free 8436K/12520K, paused 4ms, total 4ms
02-03 10:46:49.251 D/dalvikvm( 2070): GC_FOR_ALLOC freed 2079K, 33% free 8438K/12520K, paused 4ms, total 4ms
02-03 10:46:49.261 D/dalvikvm( 2070): GC_FOR_ALLOC freed 2088K, 33% free 8441K/12520K, paused 4ms, total 4ms
02-03 10:46:49.261 D/dalvikvm( 2070): GC_FOR_ALLOC freed 2098K, 33% free 8443K/12520K, paused 4ms, total 4ms
02-03 10:46:49.271 D/dalvikvm( 2070): GC_FOR_ALLOC freed 2107K, 33% free 8445K/12520K, paused 4ms, total 4ms
02-03 10:46:49.281 D/dalvikvm( 2070): GC_FOR_ALLOC freed 2117K, 35% free 8246K/12520K, paused 4ms, total 4ms
02-03 10:46:49.281 D/dalvikvm( 2070): GC_FOR_ALLOC freed 2126K, 35% free 8247K/12520K, paused 4ms, total 4ms
02-03 10:46:49.291 D/dalvikvm( 2070): GC_FOR_ALLOC freed 2136K, 35% free 8248K/12520K, paused 4ms, total 4ms
02-03 10:46:49.291 D/dalvikvm( 2070): GC_FOR_ALLOC freed 2146K, 35% free 8250K/12520K, paused 4ms, total 4ms
02-03 10:46:49.301 D/dalvikvm( 2070): GC_FOR_ALLOC freed 2535K, 35% free 8167K/12520K, paused 5ms, total 5ms
02-03 10:46:49.301 D/dalvikvm( 2070): GC_FOR_ALLOC freed 1756K, 33% free 8493K/12520K, paused 3ms, total 3ms
02-03 10:46:49.311 D/dalvikvm( 2070): GC_FOR_ALLOC freed 2089K, 35% free 8163K/12520K, paused 3ms, total 3ms
02-03 10:46:49.351 D/dalvikvm( 2070): GC_FOR_ALLOC freed 852K, 31% free 8667K/12520K, paused 3ms, total 3ms
02-03 10:46:49.351 I/dalvikvm-heap( 2070): Grow heap (frag case) to 9.506MB for 1048592-byte allocation
02-03 10:46:49.351 D/dalvikvm( 2070): GC_FOR_ALLOC freed <1K, 29% free 9691K/13548K, paused 3ms, total 3ms
02-03 10:46:49.361 D/dalvikvm( 2070): GC_FOR_ALLOC freed 4K, 29% free 9687K/13548K, paused 2ms, total 2ms
02-03 10:46:49.361 I/dalvikvm-heap( 2070): Grow heap (frag case) to 10.502MB for 1048592-byte allocation
02-03 10:46:49.361 D/dalvikvm( 2070): GC_FOR_ALLOC freed 0K, 27% free 10711K/14576K, paused 2ms, total 2ms
02-03 10:46:49.731 D/dalvikvm( 2070): GC_CONCURRENT freed 6741K, 47% free 8014K/14848K, paused 0ms+1ms, total 18ms
02-03 10:46:49.731 D/dalvikvm( 2070): WAIT_FOR_CONCURRENT_GC blocked 17ms
02-03 10:46:49.741 D/dalvikvm( 2070): GC_CONCURRENT freed 4018K, 36% free 8072K/12448K, paused 1ms+1ms, total 5ms
02-03 10:46:49.741 D/dalvikvm( 2070): WAIT_FOR_CONCURRENT_GC blocked 4ms
02-03 10:46:49.741 D/dalvikvm( 2070): GC_FOR_ALLOC freed 3591K, 36% free 8065K/12448K, paused 3ms, total 3ms
02-03 10:46:49.751 D/dalvikvm( 2070): GC_FOR_ALLOC freed 3431K, 36% free 8018K/12448K, paused 3ms, total 3ms
02-03 10:46:49.761 D/dalvikvm( 2070): GC_FOR_ALLOC freed 3375K, 36% free 7995K/12448K, paused 4ms, total 4ms
02-03 10:46:49.761 D/dalvikvm( 2070): GC_FOR_ALLOC freed 3078K, 36% free 8052K/12448K, paused 3ms, total 3ms
02-03 10:46:49.771 D/dalvikvm( 2070): GC_FOR_ALLOC freed 3034K, 35% free 8114K/12448K, paused 3ms, total 3ms
02-03 10:46:49.781 D/dalvikvm( 2070): GC_FOR_ALLOC freed 2997K, 35% free 8120K/12448K, paused 4ms, total 4ms
02-03 10:46:49.781 D/dalvikvm( 2070): GC_FOR_ALLOC freed 3103K, 36% free 8019K/12448K, paused 3ms, total 4ms
02-03 10:46:49.791 D/dalvikvm( 2070): GC_FOR_ALLOC freed 2896K, 36% free 8055K/12448K, paused 4ms, total 4ms
02-03 10:46:49.801 D/dalvikvm( 2070): GC_FOR_ALLOC freed 2873K, 36% free 8018K/12448K, paused 3ms, total 4ms
02-03 10:46:49.801 D/dalvikvm( 2070): GC_FOR_ALLOC freed 2871K, 36% free 8088K/12448K, paused 5ms, total 5ms
02-03 10:46:49.811 D/dalvikvm( 2070): GC_FOR_ALLOC freed 2819K, 36% free 8048K/12448K, paused 4ms, total 4ms
02-03 10:46:49.811 D/dalvikvm( 2070): GC_FOR_ALLOC freed 2789K, 35% free 8176K/12448K, paused 3ms, total 3ms
02-03 10:46:49.821 D/dalvikvm( 2070): GC_FOR_ALLOC freed 2790K, 36% free 8089K/12448K, paused 4ms, total 4ms
02-03 10:46:49.831 D/dalvikvm( 2070): GC_FOR_ALLOC freed 2783K, 36% free 8044K/12448K, paused 4ms, total 4ms
02-03 10:46:49.831 D/dalvikvm( 2070): GC_FOR_ALLOC freed 2719K, 35% free 8183K/12448K, paused 4ms, total 4ms
02-03 10:46:49.841 D/dalvikvm( 2070): GC_FOR_ALLOC freed 2694K, 35% free 8185K/12448K, paused 3ms, total 3ms
02-03 10:46:49.851 D/dalvikvm( 2070): GC_FOR_ALLOC freed 2761K, 36% free 8088K/12448K, paused 5ms, total 5ms
02-03 10:46:49.851 D/dalvikvm( 2070): GC_FOR_ALLOC freed 2726K, 36% free 8069K/12448K, paused 3ms, total 4ms
02-03 10:46:49.861 D/dalvikvm( 2070): GC_FOR_ALLOC freed 2631K, 34% free 8223K/12448K, paused 3ms, total 3ms
02-03 10:46:49.861 D/dalvikvm( 2070): GC_FOR_ALLOC freed 2581K, 34% free 8224K/12448K, paused 3ms, total 4ms
02-03 10:46:49.871 D/dalvikvm( 2070): GC_FOR_ALLOC freed 2632K, 34% free 8225K/12448K, paused 5ms, total 5ms
02-03 10:46:49.871 D/dalvikvm( 2070): GC_FOR_ALLOC freed 2683K, 34% free 8226K/12448K, paused 3ms, total 3ms
02-03 10:46:49.881 D/dalvikvm( 2070): GC_FOR_ALLOC freed 2735K, 34% free 8227K/12448K, paused 4ms, total 4ms
02-03 10:46:49.891 D/dalvikvm( 2070): GC_FOR_ALLOC freed 2786K, 35% free 8115K/12448K, paused 4ms, total 4ms
02-03 10:46:49.891 D/dalvikvm( 2070): GC_FOR_ALLOC freed 2721K, 36% free 8056K/12448K, paused 4ms, total 4ms
02-03 10:46:49.901 D/dalvikvm( 2070): GC_FOR_ALLOC freed 2589K, 35% free 8144K/12448K, paused 3ms, total 3ms
02-03 10:46:49.901 D/dalvikvm( 2070): GC_FOR_ALLOC freed 2391K, 36% free 8084K/12448K, paused 4ms, total 4ms
02-03 10:46:49.911 D/dalvikvm( 2070): GC_FOR_ALLOC freed 2547K, 36% free 8081K/12448K, paused 4ms, total 4ms
02-03 10:46:49.921 D/dalvikvm( 2070): GC_FOR_ALLOC freed 2584K, 36% free 8079K/12448K, paused 4ms, total 4ms
02-03 10:46:49.921 D/dalvikvm( 2070): GC_FOR_ALLOC freed 2622K, 36% free 8077K/12448K, paused 3ms, total 3ms
02-03 10:46:49.931 D/dalvikvm( 2070): GC_FOR_ALLOC freed 2660K, 36% free 8075K/12448K, paused 3ms, total 3ms
02-03 10:46:49.931 D/dalvikvm( 2070): GC_FOR_ALLOC freed 2374K, 34% free 8265K/12448K, paused 4ms, total 4ms
02-03 10:46:49.941 D/dalvikvm( 2070): GC_FOR_ALLOC freed 2600K, 36% free 8070K/12448K, paused 3ms, total 4ms
02-03 10:46:49.941 D/dalvikvm( 2070): GC_FOR_ALLOC freed 2435K, 35% free 8165K/12448K, paused 4ms, total 4ms
02-03 10:46:49.951 D/dalvikvm( 2070): GC_FOR_ALLOC freed 2331K, 35% free 8163K/12448K, paused 3ms, total 3ms
02-03 10:46:49.951 D/dalvikvm( 2070): GC_FOR_ALLOC freed 2357K, 35% free 8161K/12448K, paused 4ms, total 4ms
02-03 10:46:49.961 D/dalvikvm( 2070): GC_FOR_ALLOC freed 2383K, 35% free 8160K/12448K, paused 4ms, total 4ms
02-03 10:46:49.961 D/dalvikvm( 2070): GC_FOR_ALLOC freed 2409K, 35% free 8158K/12448K, paused 4ms, total 4ms
02-03 10:46:49.971 D/dalvikvm( 2070): GC_FOR_ALLOC freed 2296K, 36% free 8087K/12448K, paused 4ms, total 4ms
02-03 10:46:49.981 D/dalvikvm( 2070): GC_FOR_ALLOC freed 2103K, 34% free 8298K/12448K, paused 3ms, total 3ms
02-03 10:46:49.981 D/dalvikvm( 2070): GC_FOR_ALLOC freed 2340K, 36% free 8086K/12448K, paused 4ms, total 4ms
02-03 10:46:49.991 D/dalvikvm( 2070): GC_FOR_ALLOC freed 2144K, 35% free 8158K/12448K, paused 4ms, total 4ms
02-03 10:46:49.991 D/dalvikvm( 2070): GC_FOR_ALLOC freed 2385K, 36% free 8084K/12448K, paused 3ms, total 3ms
02-03 10:46:50.001 D/dalvikvm( 2070): GC_FOR_ALLOC freed 2184K, 35% free 8158K/12448K, paused 3ms, total 3ms
02-03 10:46:50.001 D/dalvikvm( 2070): GC_FOR_ALLOC freed 2429K, 35% free 8115K/12448K, paused 4ms, total 4ms
02-03 10:46:50.011 D/dalvikvm( 2070): GC_FOR_ALLOC freed 2224K, 35% free 8190K/12448K, paused 4ms, total 4ms
02-03 10:46:50.011 D/dalvikvm( 2070): GC_FOR_ALLOC freed 2474K, 35% free 8114K/12448K, paused 3ms, total 3ms
02-03 10:46:50.021 D/dalvikvm( 2070): GC_FOR_ALLOC freed 2265K, 35% free 8190K/12448K, paused 3ms, total 3ms
02-03 10:46:50.021 D/dalvikvm( 2070): GC_FOR_ALLOC freed 2518K, 35% free 8113K/12448K, paused 3ms, total 3ms
02-03 10:46:50.031 D/dalvikvm( 2070): GC_FOR_ALLOC freed 2305K, 35% free 8190K/12448K, paused 4ms, total 4ms
02-03 10:46:50.041 D/dalvikvm( 2070): GC_FOR_ALLOC freed 2562K, 35% free 8111K/12448K, paused 4ms, total 5ms
02-03 10:46:50.041 D/dalvikvm( 2070): GC_FOR_ALLOC freed 2345K, 35% free 8190K/12448K, paused 3ms, total 3ms
02-03 10:46:50.051 D/dalvikvm( 2070): GC_FOR_ALLOC freed 2607K, 35% free 8110K/12448K, paused 3ms, total 4ms
02-03 10:46:50.051 D/dalvikvm( 2070): GC_FOR_ALLOC freed 2226K, 35% free 8111K/12448K, paused 5ms, total 5ms
02-03 10:46:50.061 D/dalvikvm( 2070): GC_FOR_ALLOC freed 2244K, 35% free 8112K/12448K, paused 4ms, total 4ms
02-03 10:46:50.071 D/dalvikvm( 2070): GC_FOR_ALLOC freed 2263K, 35% free 8114K/12448K, paused 4ms, total 4ms
02-03 10:46:50.071 D/dalvikvm( 2070): GC_FOR_ALLOC freed 2279K, 35% free 8115K/12448K, paused 4ms, total 4ms
02-03 10:46:50.081 D/dalvikvm( 2070): GC_FOR_ALLOC freed 2297K, 35% free 8116K/12448K, paused 4ms, total 4ms
02-03 10:46:50.081 D/dalvikvm( 2070): GC_FOR_ALLOC freed 2314K, 35% free 8117K/12448K, paused 4ms, total 4ms
02-03 10:46:50.091 D/dalvikvm( 2070): GC_FOR_ALLOC freed 2333K, 35% free 8119K/12448K, paused 4ms, total 4ms
02-03 10:46:50.091 D/dalvikvm( 2070): GC_FOR_ALLOC freed 2351K, 35% free 8120K/12448K, paused 3ms, total 4ms
02-03 10:46:50.101 D/dalvikvm( 2070): GC_FOR_ALLOC freed 2367K, 35% free 8121K/12448K, paused 4ms, total 4ms
02-03 10:46:50.101 D/dalvikvm( 2070): GC_FOR_ALLOC freed 2384K, 35% free 8122K/12448K, paused 4ms, total 4ms
02-03 10:46:50.111 D/dalvikvm( 2070): GC_FOR_ALLOC freed 2401K, 35% free 8124K/12448K, paused 4ms, total 4ms
02-03 10:46:50.111 D/dalvikvm( 2070): GC_FOR_ALLOC freed 2418K, 35% free 8125K/12448K, paused 3ms, total 3ms
02-03 10:46:50.121 D/dalvikvm( 2070): GC_FOR_ALLOC freed 2434K, 35% free 8126K/12448K, paused 4ms, total 4ms
02-03 10:46:50.121 D/dalvikvm( 2070): GC_FOR_ALLOC freed 2012K, 33% free 8389K/12448K, paused 4ms, total 4ms
02-03 10:46:50.131 D/dalvikvm( 2070): GC_FOR_ALLOC freed 2288K, 35% free 8128K/12448K, paused 3ms, total 3ms
02-03 10:46:50.141 D/dalvikvm( 2070): GC_FOR_ALLOC freed 2036K, 33% free 8394K/12448K, paused 5ms, total 5ms
02-03 10:46:50.141 D/dalvikvm( 2070): GC_FOR_ALLOC freed 1869K, 33% free 8396K/12448K, paused 3ms, total 3ms
02-03 10:46:50.141 D/dalvikvm( 2070): GC_FOR_ALLOC freed 1878K, 33% free 8399K/12448K, paused 3ms, total 3ms
02-03 10:46:50.151 D/dalvikvm( 2070): GC_FOR_ALLOC freed 1888K, 33% free 8401K/12448K, paused 4ms, total 4ms
02-03 10:46:50.151 D/dalvikvm( 2070): GC_FOR_ALLOC freed 1897K, 33% free 8403K/12448K, paused 3ms, total 3ms
02-03 10:46:50.161 D/dalvikvm( 2070): GC_FOR_ALLOC freed 1907K, 33% free 8405K/12448K, paused 4ms, total 4ms
02-03 10:46:50.161 D/dalvikvm( 2070): GC_FOR_ALLOC freed 1916K, 33% free 8408K/12448K, paused 3ms, total 3ms
02-03 10:46:50.171 D/dalvikvm( 2070): GC_FOR_ALLOC freed 1925K, 33% free 8410K/12448K, paused 4ms, total 4ms
02-03 10:46:50.171 D/dalvikvm( 2070): GC_FOR_ALLOC freed 1935K, 33% free 8412K/12448K, paused 3ms, total 3ms
02-03 10:46:50.181 D/dalvikvm( 2070): GC_FOR_ALLOC freed 1944K, 33% free 8414K/12448K, paused 3ms, total 3ms
02-03 10:46:50.181 D/dalvikvm( 2070): GC_FOR_ALLOC freed 1954K, 33% free 8417K/12448K, paused 3ms, total 3ms
02-03 10:46:50.191 D/dalvikvm( 2070): GC_FOR_ALLOC freed 1963K, 33% free 8419K/12448K, paused 3ms, total 3ms
02-03 10:46:50.191 D/dalvikvm( 2070): GC_FOR_ALLOC freed 1972K, 33% free 8421K/12448K, paused 3ms, total 3ms
02-03 10:46:50.201 D/dalvikvm( 2070): GC_FOR_ALLOC freed 1982K, 33% free 8423K/12448K, paused 3ms, total 3ms
02-03 10:46:50.201 D/dalvikvm( 2070): GC_FOR_ALLOC freed 1991K, 33% free 8425K/12448K, paused 5ms, total 5ms
02-03 10:46:50.211 D/dalvikvm( 2070): GC_FOR_ALLOC freed 2001K, 33% free 8428K/12448K, paused 4ms, total 4ms
02-03 10:46:50.211 D/dalvikvm( 2070): GC_FOR_ALLOC freed 2010K, 33% free 8430K/12448K, paused 3ms, total 3ms
02-03 10:46:50.221 D/dalvikvm( 2070): GC_FOR_ALLOC freed 2019K, 33% free 8432K/12448K, paused 5ms, total 5ms
02-03 10:46:50.221 D/dalvikvm( 2070): GC_FOR_ALLOC freed 2029K, 33% free 8434K/12448K, paused 4ms, total 4ms
02-03 10:46:50.231 D/dalvikvm( 2070): GC_FOR_ALLOC freed 2038K, 33% free 8437K/12448K, paused 4ms, total 4ms
02-03 10:46:50.231 D/dalvikvm( 2070): GC_FOR_ALLOC freed 2048K, 33% free 8439K/12448K, paused 3ms, total 3ms
02-03 10:46:50.241 D/dalvikvm( 2070): GC_FOR_ALLOC freed 2057K, 33% free 8441K/12448K, paused 3ms, total 3ms
02-03 10:46:50.241 D/dalvikvm( 2070): GC_FOR_ALLOC freed 2066K, 33% free 8443K/12448K, paused 3ms, total 3ms
02-03 10:46:50.251 D/dalvikvm( 2070): GC_FOR_ALLOC freed 2076K, 33% free 8446K/12448K, paused 3ms, total 3ms
02-03 10:46:50.251 D/dalvikvm( 2070): GC_FOR_ALLOC freed 2085K, 33% free 8448K/12448K, paused 3ms, total 3ms
02-03 10:46:50.261 D/dalvikvm( 2070): GC_FOR_ALLOC freed 2095K, 34% free 8251K/12448K, paused 4ms, total 4ms
02-03 10:46:50.261 D/dalvikvm( 2070): GC_FOR_ALLOC freed 1904K, 35% free 8152K/12448K, paused 3ms, total 3ms
02-03 10:46:50.271 D/dalvikvm( 2070): GC_FOR_ALLOC freed 2113K, 35% free 8153K/12448K, paused 3ms, total 3ms
02-03 10:46:50.271 D/dalvikvm( 2070): GC_FOR_ALLOC freed 2122K, 35% free 8154K/12448K, paused 3ms, total 3ms
02-03 10:46:50.281 D/dalvikvm( 2070): GC_FOR_ALLOC freed 2132K, 35% free 8155K/12448K, paused 3ms, total 3ms
02-03 10:46:50.281 D/dalvikvm( 2070): GC_FOR_ALLOC freed 2141K, 35% free 8156K/12448K, paused 3ms, total 3ms
02-03 10:46:50.291 D/dalvikvm( 2070): GC_FOR_ALLOC freed 2272K, 35% free 8150K/12448K, paused 4ms, total 4ms
02-03 10:46:50.301 D/dalvikvm( 2070): GC_FOR_ALLOC freed 2162K, 32% free 8477K/12448K, paused 3ms, total 3ms
02-03 10:46:50.301 D/dalvikvm( 2070): GC_FOR_ALLOC freed 1539K, 32% free 8477K/12448K, paused 4ms, total 4ms
02-03 10:46:50.311 D/dalvikvm( 2070): GC_FOR_ALLOC freed 2160K, 39% free 7638K/12448K, paused 3ms, total 4ms
02-03 10:46:50.311 I/dalvikvm-heap( 2070): Grow heap (frag case) to 8.501MB for 1048592-byte allocation
02-03 10:46:50.311 D/dalvikvm( 2070): GC_FOR_ALLOC freed 0K, 36% free 8662K/13476K, paused 3ms, total 3ms
02-03 10:46:50.331 D/dalvikvm( 2070): GC_FOR_ALLOC freed 8K, 36% free 8655K/13476K, paused 14ms, total 14ms
02-03 10:46:50.331 I/dalvikvm-heap( 2070): Grow heap (frag case) to 9.495MB for 1048592-byte allocation
02-03 10:46:50.331 D/dalvikvm( 2070): GC_FOR_ALLOC freed 0K, 34% free 9679K/14504K, paused 3ms, total 3ms
02-03 10:46:50.331 D/dalvikvm( 2070): GC_FOR_ALLOC freed <1K, 34% free 9679K/14504K, paused 2ms, total 2ms
02-03 10:46:50.331 I/dalvikvm-heap( 2070): Grow heap (frag case) to 10.495MB for 1048592-byte allocation
02-03 10:46:50.341 D/dalvikvm( 2070): GC_FOR_ALLOC freed 0K, 32% free 10703K/15532K, paused 2ms, total 2ms
02-03 10:46:50.751 D/dalvikvm( 2070): GC_CONCURRENT freed 6738K, 49% free 8033K/15532K, paused 1ms+1ms, total 5ms
02-03 10:46:50.751 D/dalvikvm( 2070): WAIT_FOR_CONCURRENT_GC blocked 4ms
02-03 10:46:50.761 D/dalvikvm( 2070): GC_CONCURRENT freed 4036K, 37% free 8073K/12624K, paused 0ms+0ms, total 4ms
02-03 10:46:50.761 D/dalvikvm( 2070): WAIT_FOR_CONCURRENT_GC blocked 3ms
02-03 10:46:50.761 D/dalvikvm( 2070): GC_FOR_ALLOC freed 3719K, 37% free 8050K/12624K, paused 4ms, total 4ms
02-03 10:46:50.781 D/dalvikvm( 2070): GC_FOR_ALLOC freed 3450K, 37% free 8062K/12624K, paused 14ms, total 14ms
02-03 10:46:50.791 D/dalvikvm( 2070): GC_FOR_ALLOC freed 3270K, 36% free 8096K/12624K, paused 4ms, total 4ms
02-03 10:46:50.801 D/dalvikvm( 2070): GC_FOR_ALLOC freed 3236K, 37% free 8037K/12624K, paused 4ms, total 4ms
02-03 10:46:50.801 D/dalvikvm( 2070): GC_FOR_ALLOC freed 3049K, 36% free 8131K/12624K, paused 5ms, total 5ms
02-03 10:46:50.811 D/dalvikvm( 2070): GC_FOR_ALLOC freed 3011K, 37% free 8069K/12624K, paused 3ms, total 3ms
02-03 10:46:50.821 D/dalvikvm( 2070): GC_FOR_ALLOC freed 3116K, 37% free 8035K/12624K, paused 3ms, total 3ms
02-03 10:46:50.821 D/dalvikvm( 2070): GC_FOR_ALLOC freed 2908K, 36% free 8146K/12624K, paused 3ms, total 3ms
02-03 10:46:50.831 D/dalvikvm( 2070): GC_FOR_ALLOC freed 2884K, 37% free 8034K/12624K, paused 4ms, total 4ms
02-03 10:46:50.841 D/dalvikvm( 2070): GC_FOR_ALLOC freed 3086K, 37% free 8033K/12624K, paused 5ms, total 5ms
02-03 10:46:50.841 D/dalvikvm( 2070): GC_FOR_ALLOC freed 2923K, 37% free 8032K/12624K, paused 5ms, total 5ms
02-03 10:46:50.851 D/dalvikvm( 2070): GC_FOR_ALLOC freed 2809K, 36% free 8161K/12624K, paused 4ms, total 4ms
02-03 10:46:50.861 D/dalvikvm( 2070): GC_FOR_ALLOC freed 2809K, 36% free 8196K/12624K, paused 4ms, total 4ms
02-03 10:46:50.861 D/dalvikvm( 2070): GC_FOR_ALLOC freed 2801K, 37% free 8060K/12624K, paused 3ms, total 3ms
02-03 10:46:50.871 D/dalvikvm( 2070): GC_FOR_ALLOC freed 2976K, 37% free 8059K/12624K, paused 3ms, total 3ms
02-03 10:46:50.871 D/dalvikvm( 2070): GC_FOR_ALLOC freed 2814K, 36% free 8204K/12624K, paused 4ms, total 4ms
02-03 10:46:50.881 D/dalvikvm( 2070): GC_FOR_ALLOC freed 2686K, 37% free 8056K/12624K, paused 3ms, total 3ms
02-03 10:46:50.891 D/dalvikvm( 2070): GC_FOR_ALLOC freed 2953K, 36% free 8105K/12624K, paused 5ms, total 5ms
02-03 10:46:50.891 D/dalvikvm( 2070): GC_FOR_ALLOC freed 2815K, 37% free 8053K/12624K, paused 4ms, total 4ms
02-03 10:46:50.901 D/dalvikvm( 2070): GC_FOR_ALLOC freed 2715K, 35% free 8211K/12624K, paused 3ms, total 3ms
02-03 10:46:50.901 D/dalvikvm( 2070): GC_FOR_ALLOC freed 2936K, 36% free 8081K/12624K, paused 4ms, total 4ms
02-03 10:46:50.911 D/dalvikvm( 2070): GC_FOR_ALLOC freed 2718K, 36% free 8079K/12624K, paused 4ms, total 4ms
02-03 10:46:50.921 D/dalvikvm( 2070): GC_FOR_ALLOC freed 2769K, 37% free 8077K/12624K, paused 4ms, total 4ms
02-03 10:46:50.921 D/dalvikvm( 2070): GC_FOR_ALLOC freed 2530K, 35% free 8248K/12624K, paused 3ms, total 3ms
02-03 10:46:50.931 D/dalvikvm( 2070): GC_FOR_ALLOC freed 2454K, 36% free 8131K/12624K, paused 3ms, total 4ms
02-03 10:46:50.931 D/dalvikvm( 2070): GC_FOR_ALLOC freed 2492K, 36% free 8130K/12624K, paused 4ms, total 4ms
02-03 10:46:50.941 D/dalvikvm( 2070): GC_FOR_ALLOC freed 2409K, 37% free 8069K/12624K, paused 3ms, total 3ms
02-03 10:46:50.941 D/dalvikvm( 2070): GC_FOR_ALLOC freed 2565K, 37% free 8066K/12624K, paused 3ms, total 3ms
02-03 10:46:50.951 D/dalvikvm( 2070): GC_FOR_ALLOC freed 2603K, 36% free 8096K/12624K, paused 3ms, total 3ms
02-03 10:46:50.951 D/dalvikvm( 2070): GC_FOR_ALLOC freed 2641K, 36% free 8094K/12624K, paused 5ms, total 5ms
02-03 10:46:50.961 D/dalvikvm( 2070): GC_FOR_ALLOC freed 2678K, 36% free 8092K/12624K, paused 4ms, total 4ms
02-03 10:46:50.961 D/dalvikvm( 2070): GC_FOR_ALLOC freed 2391K, 35% free 8283K/12624K, paused 3ms, total 3ms
02-03 10:46:50.971 D/dalvikvm( 2070): GC_FOR_ALLOC freed 2289K, 36% free 8152K/12624K, paused 5ms, total 5ms
02-03 10:46:50.981 D/dalvikvm( 2070): GC_FOR_ALLOC freed 2648K, 36% free 8084K/12624K, paused 3ms, total 3ms
02-03 10:46:50.981 D/dalvikvm( 2070): GC_FOR_ALLOC freed 2479K, 36% free 8149K/12624K, paused 3ms, total 3ms
02-03 10:46:50.991 D/dalvikvm( 2070): GC_FOR_ALLOC freed 2373K, 35% free 8282K/12624K, paused 4ms, total 4ms
02-03 10:46:50.991 D/dalvikvm( 2070): GC_FOR_ALLOC freed 2261K, 36% free 8109K/12624K, paused 3ms, total 3ms
02-03 10:46:51.001 D/dalvikvm( 2070): GC_FOR_ALLOC freed 2423K, 36% free 8106K/12624K, paused 3ms, total 3ms
02-03 10:46:51.001 D/dalvikvm( 2070): GC_FOR_ALLOC freed 2450K, 36% free 8104K/12624K, paused 4ms, total 4ms
02-03 10:46:51.011 D/dalvikvm( 2070): GC_FOR_ALLOC freed 2117K, 35% free 8317K/12624K, paused 4ms, total 4ms
02-03 10:46:51.011 D/dalvikvm( 2070): GC_FOR_ALLOC freed 2355K, 36% free 8103K/12624K, paused 3ms, total 3ms
02-03 10:46:51.021 D/dalvikvm( 2070): GC_FOR_ALLOC freed 2157K, 35% free 8319K/12624K, paused 3ms, total 3ms
02-03 10:46:51.021 D/dalvikvm( 2070): GC_FOR_ALLOC freed 2400K, 36% free 8101K/12624K, paused 3ms, total 3ms
02-03 10:46:51.031 D/dalvikvm( 2070): GC_FOR_ALLOC freed 2197K, 35% free 8322K/12624K, paused 3ms, total 3ms
02-03 10:46:51.031 D/dalvikvm( 2070): GC_FOR_ALLOC freed 2444K, 36% free 8100K/12624K, paused 3ms, total 3ms
02-03 10:46:51.041 D/dalvikvm( 2070): GC_FOR_ALLOC freed 2238K, 35% free 8325K/12624K, paused 5ms, total 5ms
02-03 10:46:51.041 D/dalvikvm( 2070): GC_FOR_ALLOC freed 2488K, 36% free 8099K/12624K, paused 4ms, total 4ms
02-03 10:46:51.051 D/dalvikvm( 2070): GC_FOR_ALLOC freed 2278K, 35% free 8328K/12624K, paused 3ms, total 4ms
02-03 10:46:51.061 D/dalvikvm( 2070): GC_FOR_ALLOC freed 2533K, 36% free 8097K/12624K, paused 4ms, total 4ms
02-03 10:46:51.061 D/dalvikvm( 2070): GC_FOR_ALLOC freed 2318K, 35% free 8330K/12624K, paused 4ms, total 4ms
02-03 10:46:51.071 D/dalvikvm( 2070): GC_FOR_ALLOC freed 2577K, 36% free 8128K/12624K, paused 3ms, total 3ms
02-03 10:46:51.071 D/dalvikvm( 2070): GC_FOR_ALLOC freed 2359K, 35% free 8208K/12624K, paused 3ms, total 3ms
02-03 10:46:51.081 D/dalvikvm( 2070): GC_FOR_ALLOC freed 2621K, 36% free 8127K/12624K, paused 4ms, total 4ms
02-03 10:46:51.081 D/dalvikvm( 2070): GC_FOR_ALLOC freed 2400K, 35% free 8208K/12624K, paused 3ms, total 3ms
02-03 10:46:51.091 D/dalvikvm( 2070): GC_FOR_ALLOC freed 2669K, 36% free 8126K/12624K, paused 3ms, total 3ms
02-03 10:46:51.091 D/dalvikvm( 2070): GC_FOR_ALLOC freed 2279K, 36% free 8127K/12624K, paused 3ms, total 3ms
02-03 10:46:51.101 D/dalvikvm( 2070): GC_FOR_ALLOC freed 2297K, 36% free 8128K/12624K, paused 4ms, total 4ms
02-03 10:46:51.111 D/dalvikvm( 2070): GC_FOR_ALLOC freed 2314K, 36% free 8129K/12624K, paused 3ms, total 3ms
02-03 10:46:51.111 D/dalvikvm( 2070): GC_FOR_ALLOC freed 2333K, 36% free 8131K/12624K, paused 3ms, total 3ms
02-03 10:46:51.121 D/dalvikvm( 2070): GC_FOR_ALLOC freed 2351K, 36% free 8132K/12624K, paused 3ms, total 3ms
02-03 10:46:51.121 D/dalvikvm( 2070): GC_FOR_ALLOC freed 2367K, 36% free 8133K/12624K, paused 4ms, total 4ms
02-03 10:46:51.131 D/dalvikvm( 2070): GC_FOR_ALLOC freed 2384K, 36% free 8134K/12624K, paused 3ms, total 3ms
02-03 10:46:51.131 D/dalvikvm( 2070): GC_FOR_ALLOC freed 2401K, 36% free 8136K/12624K, paused 4ms, total 4ms
02-03 10:46:51.141 D/dalvikvm( 2070): GC_FOR_ALLOC freed 2418K, 36% free 8137K/12624K, paused 5ms, total 5ms
02-03 10:46:51.151 D/dalvikvm( 2070): GC_FOR_ALLOC freed 2434K, 36% free 8138K/12624K, paused 4ms, total 4ms
02-03 10:46:51.151 D/dalvikvm( 2070): GC_FOR_ALLOC freed 2451K, 36% free 8139K/12624K, paused 3ms, total 3ms
02-03 10:46:51.161 D/dalvikvm( 2070): GC_FOR_ALLOC freed 2468K, 36% free 8140K/12624K, paused 3ms, total 3ms
02-03 10:46:51.161 D/dalvikvm( 2070): GC_FOR_ALLOC freed 2039K, 34% free 8407K/12624K, paused 3ms, total 3ms
02-03 10:46:51.171 D/dalvikvm( 2070): GC_FOR_ALLOC freed 2320K, 36% free 8142K/12624K, paused 4ms, total 4ms
02-03 10:46:51.171 D/dalvikvm( 2070): GC_FOR_ALLOC freed 2063K, 34% free 8412K/12624K, paused 3ms, total 3ms
02-03 10:46:51.181 D/dalvikvm( 2070): GC_FOR_ALLOC freed 2347K, 36% free 8145K/12624K, paused 3ms, total 3ms
02-03 10:46:51.181 D/dalvikvm( 2070): GC_FOR_ALLOC freed 2087K, 34% free 8417K/12624K, paused 4ms, total 4ms
02-03 10:46:51.181 D/dalvikvm( 2070): GC_FOR_ALLOC freed 2374K, 36% free 8147K/12624K, paused 3ms, total 3ms
02-03 10:46:51.191 D/dalvikvm( 2070): GC_FOR_ALLOC freed 2111K, 34% free 8423K/12624K, paused 3ms, total 3ms
02-03 10:46:51.191 D/dalvikvm( 2070): GC_FOR_ALLOC freed 2401K, 36% free 8149K/12624K, paused 3ms, total 3ms
02-03 10:46:51.201 D/dalvikvm( 2070): GC_FOR_ALLOC freed 2135K, 34% free 8428K/12624K, paused 3ms, total 4ms
02-03 10:46:51.211 D/dalvikvm( 2070): GC_FOR_ALLOC freed 2428K, 36% free 8151K/12624K, paused 5ms, total 5ms
02-03 10:46:51.211 D/dalvikvm( 2070): GC_FOR_ALLOC freed 2159K, 34% free 8433K/12624K, paused 3ms, total 3ms
02-03 10:46:51.221 D/dalvikvm( 2070): GC_FOR_ALLOC freed 2456K, 36% free 8153K/12624K, paused 4ms, total 4ms
02-03 10:46:51.221 D/dalvikvm( 2070): GC_FOR_ALLOC freed 2183K, 34% free 8438K/12624K, paused 5ms, total 5ms
02-03 10:46:51.231 D/dalvikvm( 2070): GC_FOR_ALLOC freed 2483K, 36% free 8155K/12624K, paused 3ms, total 3ms
02-03 10:46:51.231 D/dalvikvm( 2070): GC_FOR_ALLOC freed 2208K, 34% free 8443K/12624K, paused 3ms, total 3ms
02-03 10:46:51.241 D/dalvikvm( 2070): GC_FOR_ALLOC freed 2510K, 36% free 8157K/12624K, paused 3ms, total 3ms
02-03 10:46:51.241 D/dalvikvm( 2070): GC_FOR_ALLOC freed 2232K, 34% free 8449K/12624K, paused 3ms, total 3ms
02-03 10:46:51.251 D/dalvikvm( 2070): GC_FOR_ALLOC freed 2537K, 36% free 8159K/12624K, paused 3ms, total 3ms
02-03 10:46:51.251 D/dalvikvm( 2070): GC_FOR_ALLOC freed 2256K, 34% free 8454K/12624K, paused 3ms, total 3ms
02-03 10:46:51.261 D/dalvikvm( 2070): GC_FOR_ALLOC freed 2564K, 36% free 8161K/12624K, paused 3ms, total 3ms
02-03 10:46:51.261 D/dalvikvm( 2070): GC_FOR_ALLOC freed 2280K, 33% free 8459K/12624K, paused 3ms, total 3ms
02-03 10:46:51.271 D/dalvikvm( 2070): GC_FOR_ALLOC freed 2092K, 33% free 8461K/12624K, paused 3ms, total 3ms
02-03 10:46:51.271 D/dalvikvm( 2070): GC_FOR_ALLOC freed 2101K, 33% free 8464K/12624K, paused 3ms, total 3ms
02-03 10:46:51.281 D/dalvikvm( 2070): GC_FOR_ALLOC freed 2110K, 33% free 8466K/12624K, paused 3ms, total 3ms
02-03 10:46:51.281 D/dalvikvm( 2070): GC_FOR_ALLOC freed 2120K, 35% free 8266K/12624K, paused 3ms, total 3ms
02-03 10:46:51.291 D/dalvikvm( 2070): GC_FOR_ALLOC freed 2129K, 35% free 8268K/12624K, paused 4ms, total 4ms
02-03 10:46:51.291 D/dalvikvm( 2070): GC_FOR_ALLOC freed 2139K, 35% free 8269K/12624K, paused 3ms, total 3ms
02-03 10:46:51.301 D/dalvikvm( 2070): GC_FOR_ALLOC freed 2177K, 36% free 8168K/12624K, paused 3ms, total 3ms
02-03 10:46:51.311 D/dalvikvm( 2070): GC_FOR_ALLOC freed 2548K, 36% free 8159K/12624K, paused 5ms, total 5ms
02-03 10:46:51.311 D/dalvikvm( 2070): GC_FOR_ALLOC freed 1759K, 33% free 8489K/12624K, paused 3ms, total 3ms
02-03 10:46:51.321 D/dalvikvm( 2070): GC_FOR_ALLOC freed 2172K, 40% free 7638K/12624K, paused 3ms, total 3ms
02-03 10:46:51.321 D/dalvikvm( 2070): GC_FOR_ALLOC freed 4K, 32% free 8659K/12624K, paused 2ms, total 2ms
02-03 10:46:51.321 I/dalvikvm-heap( 2070): Grow heap (frag case) to 9.499MB for 1048592-byte allocation
02-03 10:46:51.321 D/dalvikvm( 2070): GC_FOR_ALLOC freed <1K, 30% free 9683K/13652K, paused 3ms, total 3ms
02-03 10:46:51.331 D/dalvikvm( 2070): GC_FOR_ALLOC freed <1K, 30% free 9683K/13652K, paused 2ms, total 2ms
02-03 10:46:51.331 I/dalvikvm-heap( 2070): Grow heap (frag case) to 10.499MB for 1048592-byte allocation
02-03 10:46:51.331 D/dalvikvm( 2070): GC_FOR_ALLOC freed 0K, 28% free 10707K/14680K, paused 3ms, total 3ms
02-03 10:46:51.761 D/dalvikvm( 2070): GC_CONCURRENT freed 6749K, 46% free 8018K/14840K, paused 1ms+1ms, total 17ms
02-03 10:46:51.761 D/dalvikvm( 2070): WAIT_FOR_CONCURRENT_GC blocked 16ms
02-03 10:46:51.771 D/dalvikvm( 2070): GC_CONCURRENT freed 4033K, 36% free 8061K/12548K, paused 1ms+1ms, total 5ms
02-03 10:46:51.771 D/dalvikvm( 2070): WAIT_FOR_CONCURRENT_GC blocked 4ms
02-03 10:46:51.781 D/dalvikvm( 2070): GC_FOR_ALLOC freed 3823K, 37% free 8009K/12548K, paused 4ms, total 4ms
02-03 10:46:51.781 D/dalvikvm( 2070): GC_FOR_ALLOC freed 3523K, 36% free 8067K/12548K, paused 3ms, total 3ms
02-03 10:46:51.791 D/dalvikvm( 2070): GC_FOR_ALLOC freed 3426K, 37% free 8027K/12548K, paused 4ms, total 4ms
02-03 10:46:51.801 D/dalvikvm( 2070): GC_FOR_ALLOC freed 3261K, 37% free 8024K/12548K, paused 3ms, total 3ms
02-03 10:46:51.811 D/dalvikvm( 2070): GC_FOR_ALLOC freed 3138K, 36% free 8116K/12548K, paused 5ms, total 5ms
02-03 10:46:51.811 D/dalvikvm( 2070): GC_FOR_ALLOC freed 3215K, 37% free 8016K/12548K, paused 5ms, total 5ms
02-03 10:46:51.821 D/dalvikvm( 2070): GC_FOR_ALLOC freed 3225K, 37% free 8016K/12548K, paused 3ms, total 3ms
02-03 10:46:51.831 D/dalvikvm( 2070): GC_FOR_ALLOC freed 3134K, 36% free 8048K/12548K, paused 4ms, total 4ms
02-03 10:46:51.831 D/dalvikvm( 2070): GC_FOR_ALLOC freed 3005K, 36% free 8047K/12548K, paused 4ms, total 4ms
02-03 10:46:51.841 D/dalvikvm( 2070): GC_FOR_ALLOC freed 2927K, 35% free 8169K/12548K, paused 5ms, total 5ms
02-03 10:46:51.851 D/dalvikvm( 2070): GC_FOR_ALLOC freed 2873K, 36% free 8045K/12548K, paused 4ms, total 4ms
02-03 10:46:51.851 D/dalvikvm( 2070): GC_FOR_ALLOC freed 2838K, 35% free 8176K/12548K, paused 4ms, total 4ms
02-03 10:46:51.861 D/dalvikvm( 2070): GC_FOR_ALLOC freed 2837K, 35% free 8178K/12548K, paused 4ms, total 4ms
02-03 10:46:51.871 D/dalvikvm( 2070): GC_FOR_ALLOC freed 2922K, 36% free 8088K/12548K, paused 4ms, total 4ms
02-03 10:46:51.871 D/dalvikvm( 2070): GC_FOR_ALLOC freed 2910K, 36% free 8040K/12548K, paused 4ms, total 4ms
02-03 10:46:51.881 D/dalvikvm( 2070): GC_FOR_ALLOC freed 2840K, 35% free 8218K/12548K, paused 3ms, total 3ms
02-03 10:46:51.881 D/dalvikvm( 2070): GC_FOR_ALLOC freed 2811K, 36% free 8119K/12548K, paused 4ms, total 4ms
02-03 10:46:51.891 D/dalvikvm( 2070): GC_FOR_ALLOC freed 2774K, 36% free 8067K/12548K, paused 5ms, total 5ms
02-03 10:46:51.901 D/dalvikvm( 2070): GC_FOR_ALLOC freed 2942K, 36% free 8066K/12548K, paused 4ms, total 4ms
02-03 10:46:51.901 D/dalvikvm( 2070): GC_FOR_ALLOC freed 3009K, 36% free 8064K/12548K, paused 4ms, total 4ms
02-03 10:46:51.911 D/dalvikvm( 2070): GC_FOR_ALLOC freed 2799K, 35% free 8227K/12548K, paused 4ms, total 4ms
02-03 10:46:51.911 D/dalvikvm( 2070): GC_FOR_ALLOC freed 2742K, 36% free 8116K/12548K, paused 3ms, total 3ms
02-03 10:46:51.921 D/dalvikvm( 2070): GC_FOR_ALLOC freed 2793K, 36% free 8115K/12548K, paused 3ms, total 3ms
02-03 10:46:51.931 D/dalvikvm( 2070): GC_FOR_ALLOC freed 2728K, 36% free 8088K/12548K, paused 4ms, total 4ms
02-03 10:46:51.931 D/dalvikvm( 2070): GC_FOR_ALLOC freed 2596K, 36% free 8145K/12548K, paused 3ms, total 3ms
02-03 10:46:51.941 D/dalvikvm( 2070): GC_FOR_ALLOC freed 2517K, 36% free 8144K/12548K, paused 4ms, total 4ms
02-03 10:46:51.941 D/dalvikvm( 2070): GC_FOR_ALLOC freed 2555K, 36% free 8142K/12548K, paused 3ms, total 3ms
02-03 10:46:51.951 D/dalvikvm( 2070): GC_FOR_ALLOC freed 2592K, 36% free 8141K/12548K, paused 3ms, total 4ms
02-03 10:46:51.951 D/dalvikvm( 2070): GC_FOR_ALLOC freed 2504K, 36% free 8077K/12548K, paused 4ms, total 4ms
02-03 10:46:51.961 D/dalvikvm( 2070): GC_FOR_ALLOC freed 2666K, 36% free 8075K/12548K, paused 4ms, total 4ms
02-03 10:46:51.971 D/dalvikvm( 2070): GC_FOR_ALLOC freed 2703K, 36% free 8073K/12548K, paused 4ms, total 4ms
02-03 10:46:51.971 D/dalvikvm( 2070): GC_FOR_ALLOC freed 2741K, 36% free 8103K/12548K, paused 5ms, total 6ms
02-03 10:46:51.981 D/dalvikvm( 2070): GC_FOR_ALLOC freed 2446K, 35% free 8166K/12548K, paused 4ms, total 4ms
02-03 10:46:51.981 D/dalvikvm( 2070): GC_FOR_ALLOC freed 2341K, 34% free 8298K/12548K, paused 3ms, total 3ms
02-03 10:46:51.991 D/dalvikvm( 2070): GC_FOR_ALLOC freed 2367K, 35% free 8162K/12548K, paused 4ms, total 4ms
02-03 10:46:52.001 D/dalvikvm( 2070): GC_FOR_ALLOC freed 2394K, 34% free 8297K/12548K, paused 4ms, total 4ms
02-03 10:46:52.001 D/dalvikvm( 2070): GC_FOR_ALLOC freed 2420K, 34% free 8297K/12548K, paused 5ms, total 5ms
02-03 10:46:52.011 D/dalvikvm( 2070): GC_FOR_ALLOC freed 2446K, 35% free 8157K/12548K, paused 4ms, total 4ms
02-03 10:46:52.011 D/dalvikvm( 2070): GC_FOR_ALLOC freed 2472K, 36% free 8155K/12548K, paused 3ms, total 3ms
02-03 10:46:52.021 D/dalvikvm( 2070): GC_FOR_ALLOC freed 2498K, 35% free 8186K/12548K, paused 4ms, total 4ms
02-03 10:46:52.021 D/dalvikvm( 2070): GC_FOR_ALLOC freed 2524K, 35% free 8184K/12548K, paused 3ms, total 3ms
02-03 10:46:52.031 D/dalvikvm( 2070): GC_FOR_ALLOC freed 2550K, 35% free 8182K/12548K, paused 4ms, total 4ms
02-03 10:46:52.041 D/dalvikvm( 2070): GC_FOR_ALLOC freed 2577K, 35% free 8180K/12548K, paused 3ms, total 3ms
02-03 10:46:52.041 D/dalvikvm( 2070): GC_FOR_ALLOC freed 2603K, 35% free 8179K/12548K, paused 5ms, total 5ms
02-03 10:46:52.051 D/dalvikvm( 2070): GC_FOR_ALLOC freed 2629K, 35% free 8177K/12548K, paused 4ms, total 4ms
02-03 10:46:52.051 D/dalvikvm( 2070): GC_FOR_ALLOC freed 2503K, 36% free 8100K/12548K, paused 4ms, total 4ms
02-03 10:46:52.061 D/dalvikvm( 2070): GC_FOR_ALLOC freed 2138K, 36% free 8101K/12548K, paused 5ms, total 5ms
02-03 10:46:52.071 D/dalvikvm( 2070): GC_FOR_ALLOC freed 2309K, 35% free 8179K/12548K, paused 4ms, total 4ms
02-03 10:46:52.071 D/dalvikvm( 2070): GC_FOR_ALLOC freed 2567K, 36% free 8100K/12548K, paused 4ms, total 4ms
02-03 10:46:52.081 D/dalvikvm( 2070): GC_FOR_ALLOC freed 2350K, 35% free 8179K/12548K, paused 4ms, total 4ms
02-03 10:46:52.081 D/dalvikvm( 2070): GC_FOR_ALLOC freed 2612K, 36% free 8130K/12548K, paused 3ms, total 3ms
02-03 10:46:52.091 D/dalvikvm( 2070): GC_FOR_ALLOC freed 2390K, 35% free 8211K/12548K, paused 4ms, total 4ms
02-03 10:46:52.091 D/dalvikvm( 2070): GC_FOR_ALLOC freed 2250K, 35% free 8213K/12548K, paused 4ms, total 4ms
02-03 10:46:52.101 D/dalvikvm( 2070): GC_FOR_ALLOC freed 2268K, 35% free 8215K/12548K, paused 4ms, total 4ms
02-03 10:46:52.101 D/dalvikvm( 2070): GC_FOR_ALLOC freed 2285K, 35% free 8217K/12548K, paused 4ms, total 4ms
02-03 10:46:52.111 D/dalvikvm( 2070): GC_FOR_ALLOC freed 2303K, 35% free 8218K/12548K, paused 3ms, total 3ms
02-03 10:46:52.111 D/dalvikvm( 2070): GC_FOR_ALLOC freed 2320K, 35% free 8220K/12548K, paused 4ms, total 4ms
02-03 10:46:52.121 D/dalvikvm( 2070): GC_FOR_ALLOC freed 2339K, 35% free 8222K/12548K, paused 4ms, total 4ms
02-03 10:46:52.131 D/dalvikvm( 2070): GC_FOR_ALLOC freed 2356K, 35% free 8224K/12548K, paused 4ms, total 4ms
02-03 10:46:52.131 D/dalvikvm( 2070): GC_FOR_ALLOC freed 2373K, 35% free 8226K/12548K, paused 3ms, total 3ms
02-03 10:46:52.141 D/dalvikvm( 2070): GC_FOR_ALLOC freed 2389K, 35% free 8228K/12548K, paused 3ms, total 4ms
02-03 10:46:52.141 D/dalvikvm( 2070): GC_FOR_ALLOC freed 2406K, 35% free 8229K/12548K, paused 3ms, total 3ms
02-03 10:46:52.151 D/dalvikvm( 2070): GC_FOR_ALLOC freed 2423K, 35% free 8231K/12548K, paused 3ms, total 3ms
02-03 10:46:52.151 D/dalvikvm( 2070): GC_FOR_ALLOC freed 2440K, 35% free 8233K/12548K, paused 3ms, total 4ms
02-03 10:46:52.161 D/dalvikvm( 2070): GC_FOR_ALLOC freed 2456K, 35% free 8235K/12548K, paused 4ms, total 4ms
02-03 10:46:52.161 D/dalvikvm( 2070): GC_FOR_ALLOC freed 2296K, 36% free 8149K/12548K, paused 3ms, total 3ms
02-03 10:46:52.171 D/dalvikvm( 2070): GC_FOR_ALLOC freed 2489K, 36% free 8150K/12548K, paused 3ms, total 3ms
02-03 10:46:52.171 D/dalvikvm( 2070): GC_FOR_ALLOC freed 2056K, 33% free 8419K/12548K, paused 3ms, total 3ms
02-03 10:46:52.181 D/dalvikvm( 2070): GC_FOR_ALLOC freed 2339K, 36% free 8152K/12548K, paused 4ms, total 4ms
02-03 10:46:52.191 D/dalvikvm( 2070): GC_FOR_ALLOC freed 2080K, 33% free 8424K/12548K, paused 3ms, total 3ms
02-03 10:46:52.191 D/dalvikvm( 2070): GC_FOR_ALLOC freed 2366K, 36% free 8154K/12548K, paused 3ms, total 3ms
02-03 10:46:52.201 D/dalvikvm( 2070): GC_FOR_ALLOC freed 2104K, 33% free 8429K/12548K, paused 3ms, total 3ms
02-03 10:46:52.201 D/dalvikvm( 2070): GC_FOR_ALLOC freed 2393K, 35% free 8156K/12548K, paused 3ms, total 4ms
02-03 10:46:52.211 D/dalvikvm( 2070): GC_FOR_ALLOC freed 2128K, 33% free 8434K/12548K, paused 4ms, total 4ms
02-03 10:46:52.211 D/dalvikvm( 2070): GC_FOR_ALLOC freed 2421K, 35% free 8158K/12548K, paused 3ms, total 3ms
02-03 10:46:52.221 D/dalvikvm( 2070): GC_FOR_ALLOC freed 2153K, 33% free 8440K/12548K, paused 3ms, total 3ms
02-03 10:46:52.231 D/dalvikvm( 2070): GC_FOR_ALLOC freed 2448K, 35% free 8160K/12548K, paused 5ms, total 5ms
02-03 10:46:52.231 D/dalvikvm( 2070): GC_FOR_ALLOC freed 2177K, 33% free 8445K/12548K, paused 4ms, total 4ms
02-03 10:46:52.241 D/dalvikvm( 2070): GC_FOR_ALLOC freed 2475K, 35% free 8162K/12548K, paused 4ms, total 4ms
02-03 10:46:52.241 D/dalvikvm( 2070): GC_FOR_ALLOC freed 2201K, 33% free 8450K/12548K, paused 3ms, total 3ms
02-03 10:46:52.251 D/dalvikvm( 2070): GC_FOR_ALLOC freed 2019K, 33% free 8452K/12548K, paused 3ms, total 3ms
02-03 10:46:52.251 D/dalvikvm( 2070): GC_FOR_ALLOC freed 2029K, 33% free 8454K/12548K, paused 4ms, total 4ms
02-03 10:46:52.261 D/dalvikvm( 2070): GC_FOR_ALLOC freed 2038K, 33% free 8457K/12548K, paused 4ms, total 4ms
02-03 10:46:52.261 D/dalvikvm( 2070): GC_FOR_ALLOC freed 2048K, 33% free 8459K/12548K, paused 4ms, total 4ms
02-03 10:46:52.261 D/dalvikvm( 2070): GC_FOR_ALLOC freed 2057K, 33% free 8461K/12548K, paused 3ms, total 3ms
02-03 10:46:52.271 D/dalvikvm( 2070): GC_FOR_ALLOC freed 2066K, 33% free 8463K/12548K, paused 3ms, total 3ms
02-03 10:46:52.271 D/dalvikvm( 2070): GC_FOR_ALLOC freed 2076K, 33% free 8466K/12548K, paused 3ms, total 3ms
02-03 10:46:52.281 D/dalvikvm( 2070): GC_FOR_ALLOC freed 2085K, 33% free 8468K/12548K, paused 3ms, total 3ms
02-03 10:46:52.281 D/dalvikvm( 2070): GC_FOR_ALLOC freed 2095K, 33% free 8470K/12548K, paused 3ms, total 3ms
02-03 10:46:52.291 D/dalvikvm( 2070): GC_FOR_ALLOC freed 2104K, 33% free 8472K/12548K, paused 4ms, total 4ms
02-03 10:46:52.301 D/dalvikvm( 2070): GC_FOR_ALLOC freed 2114K, 33% free 8475K/12548K, paused 4ms, total 4ms
02-03 10:46:52.301 D/dalvikvm( 2070): GC_FOR_ALLOC freed 2123K, 35% free 8275K/12548K, paused 4ms, total 4ms
02-03 10:46:52.311 D/dalvikvm( 2070): GC_FOR_ALLOC freed 2132K, 35% free 8276K/12548K, paused 6ms, total 6ms
02-03 10:46:52.311 D/dalvikvm( 2070): GC_FOR_ALLOC freed 2142K, 35% free 8277K/12548K, paused 4ms, total 4ms
02-03 10:46:52.321 D/dalvikvm( 2070): GC_FOR_ALLOC freed 2277K, 35% free 8174K/12548K, paused 4ms, total 4ms
02-03 10:46:52.331 D/dalvikvm( 2070): GC_FOR_ALLOC freed 2503K, 35% free 8167K/12548K, paused 3ms, total 3ms
02-03 10:46:52.331 D/dalvikvm( 2070): GC_FOR_ALLOC freed 1759K, 33% free 8497K/12548K, paused 3ms, total 3ms
02-03 10:46:52.341 D/dalvikvm( 2070): GC_FOR_ALLOC freed 1402K, 40% free 7646K/12548K, paused 3ms, total 3ms
02-03 10:46:52.341 D/dalvikvm( 2070): GC_FOR_ALLOC freed 4K, 31% free 8667K/12548K, paused 3ms, total 3ms
02-03 10:46:52.341 I/dalvikvm-heap( 2070): Grow heap (frag case) to 9.506MB for 1048592-byte allocation
02-03 10:46:52.341 D/dalvikvm( 2070): GC_FOR_ALLOC freed <1K, 29% free 9691K/13576K, paused 3ms, total 3ms
02-03 10:46:52.351 D/dalvikvm( 2070): GC_FOR_ALLOC freed <1K, 29% free 9691K/13576K, paused 2ms, total 2ms
02-03 10:46:52.351 I/dalvikvm-heap( 2070): Grow heap (frag case) to 10.506MB for 1048592-byte allocation
02-03 10:46:52.351 D/dalvikvm( 2070): GC_FOR_ALLOC freed 0K, 27% free 10715K/14604K, paused 2ms, total 3ms
02-03 10:46:55.901 D/dalvikvm( 2070): GC_CONCURRENT freed 7070K, 49% free 7697K/14852K, paused 0ms+1ms, total 19ms
02-03 10:46:55.901 D/dalvikvm( 2070): WAIT_FOR_CONCURRENT_GC blocked 18ms
02-03 10:46:55.911 D/dalvikvm( 2070): GC_CONCURRENT freed 3989K, 36% free 7790K/12068K, paused 1ms+1ms, total 4ms
02-03 10:46:55.911 D/dalvikvm( 2070): WAIT_FOR_CONCURRENT_GC blocked 3ms
02-03 10:46:55.911 D/dalvikvm( 2070): GC_FOR_ALLOC freed 3462K, 37% free 7698K/12068K, paused 2ms, total 2ms
02-03 10:46:55.921 D/dalvikvm( 2070): GC_FOR_ALLOC freed 3257K, 36% free 7726K/12068K, paused 3ms, total 3ms
02-03 10:46:55.931 D/dalvikvm( 2070): GC_FOR_ALLOC freed 3208K, 37% free 7712K/12068K, paused 3ms, total 3ms
02-03 10:46:55.931 D/dalvikvm( 2070): GC_FOR_ALLOC freed 3030K, 36% free 7745K/12068K, paused 2ms, total 2ms
02-03 10:46:55.941 D/dalvikvm( 2070): GC_FOR_ALLOC freed 2850K, 36% free 7811K/12068K, paused 2ms, total 2ms
02-03 10:46:55.941 D/dalvikvm( 2070): GC_FOR_ALLOC freed 2767K, 36% free 7726K/12068K, paused 2ms, total 2ms
02-03 10:46:55.951 D/dalvikvm( 2070): GC_FOR_ALLOC freed 2597K, 36% free 7762K/12068K, paused 3ms, total 3ms
02-03 10:46:55.951 D/dalvikvm( 2070): GC_FOR_ALLOC freed 2589K, 36% free 7733K/12068K, paused 2ms, total 2ms
02-03 10:46:55.961 D/dalvikvm( 2070): GC_FOR_ALLOC freed 2598K, 35% free 7845K/12068K, paused 2ms, total 2ms
02-03 10:46:55.961 D/dalvikvm( 2070): GC_FOR_ALLOC freed 2556K, 36% free 7739K/12068K, paused 2ms, total 3ms
02-03 10:46:55.971 D/dalvikvm( 2070): GC_FOR_ALLOC freed 2456K, 36% free 7741K/12068K, paused 3ms, total 3ms
02-03 10:46:55.971 D/dalvikvm( 2070): GC_FOR_ALLOC freed 2336K, 36% free 7784K/12068K, paused 2ms, total 2ms
02-03 10:46:55.981 D/dalvikvm( 2070): GC_FOR_ALLOC freed 2329K, 36% free 7788K/12068K, paused 3ms, total 3ms
02-03 10:46:55.981 D/dalvikvm( 2070): GC_FOR_ALLOC freed 2397K, 36% free 7791K/12068K, paused 4ms, total 4ms
02-03 10:46:55.991 D/dalvikvm( 2070): GC_FOR_ALLOC freed 2464K, 36% free 7795K/12068K, paused 2ms, total 2ms
02-03 10:46:55.991 D/dalvikvm( 2070): GC_FOR_ALLOC freed 2211K, 35% free 7889K/12068K, paused 3ms, total 3ms
02-03 10:46:56.001 D/dalvikvm( 2070): GC_FOR_ALLOC freed 2262K, 35% free 7894K/12068K, paused 2ms, total 2ms
02-03 10:46:56.001 D/dalvikvm( 2070): GC_FOR_ALLOC freed 2313K, 36% free 7804K/12068K, paused 2ms, total 2ms
02-03 10:46:56.001 D/dalvikvm( 2070): GC_FOR_ALLOC freed 2267K, 36% free 7759K/12068K, paused 2ms, total 3ms
02-03 10:46:56.011 D/dalvikvm( 2070): GC_FOR_ALLOC freed 2066K, 36% free 7761K/12068K, paused 3ms, total 3ms
02-03 10:46:56.011 D/dalvikvm( 2070): GC_FOR_ALLOC freed 2103K, 36% free 7763K/12068K, paused 2ms, total 2ms
02-03 10:46:56.021 D/dalvikvm( 2070): GC_FOR_ALLOC freed 2141K, 36% free 7765K/12068K, paused 2ms, total 2ms
02-03 10:46:56.021 D/dalvikvm( 2070): GC_FOR_ALLOC freed 2179K, 36% free 7767K/12068K, paused 3ms, total 3ms
02-03 10:46:56.031 D/dalvikvm( 2070): GC_FOR_ALLOC freed 2216K, 36% free 7768K/12068K, paused 2ms, total 2ms
02-03 10:46:56.031 D/dalvikvm( 2070): GC_FOR_ALLOC freed 1983K, 35% free 7931K/12068K, paused 2ms, total 2ms
02-03 10:46:56.031 D/dalvikvm( 2070): GC_FOR_ALLOC freed 2178K, 36% free 7772K/12068K, paused 3ms, total 3ms
02-03 10:46:56.041 D/dalvikvm( 2070): GC_FOR_ALLOC freed 2044K, 35% free 7939K/12068K, paused 2ms, total 2ms
02-03 10:46:56.041 D/dalvikvm( 2070): GC_FOR_ALLOC freed 1848K, 36% free 7775K/12068K, paused 3ms, total 3ms
02-03 10:46:56.051 D/dalvikvm( 2070): GC_FOR_ALLOC freed 1700K, 35% free 7946K/12068K, paused 3ms, total 3ms
02-03 10:46:56.051 D/dalvikvm( 2070): GC_FOR_ALLOC freed 1893K, 36% free 7777K/12068K, paused 2ms, total 2ms
02-03 10:46:56.051 D/dalvikvm( 2070): GC_FOR_ALLOC freed 1740K, 35% free 7952K/12068K, paused 2ms, total 2ms
02-03 10:46:56.061 D/dalvikvm( 2070): GC_FOR_ALLOC freed 1937K, 36% free 7780K/12068K, paused 2ms, total 2ms
02-03 10:46:56.061 D/dalvikvm( 2070): GC_FOR_ALLOC freed 1780K, 35% free 7959K/12068K, paused 3ms, total 3ms
02-03 10:46:56.071 D/dalvikvm( 2070): GC_FOR_ALLOC freed 1981K, 36% free 7783K/12068K, paused 3ms, total 3ms
02-03 10:46:56.071 D/dalvikvm( 2070): GC_FOR_ALLOC freed 1821K, 34% free 7966K/12068K, paused 2ms, total 2ms
02-03 10:46:56.081 D/dalvikvm( 2070): GC_FOR_ALLOC freed 2026K, 36% free 7785K/12068K, paused 2ms, total 2ms
02-03 10:46:56.081 D/dalvikvm( 2070): GC_FOR_ALLOC freed 1861K, 34% free 7973K/12068K, paused 2ms, total 2ms
02-03 10:46:56.091 D/dalvikvm( 2070): GC_FOR_ALLOC freed 2070K, 36% free 7788K/12068K, paused 2ms, total 3ms
02-03 10:46:56.091 D/dalvikvm( 2070): GC_FOR_ALLOC freed 1901K, 34% free 7979K/12068K, paused 3ms, total 3ms
02-03 10:46:56.091 D/dalvikvm( 2070): GC_FOR_ALLOC freed 2115K, 36% free 7791K/12068K, paused 2ms, total 3ms
02-03 10:46:56.101 D/dalvikvm( 2070): GC_FOR_ALLOC freed 1942K, 35% free 7856K/12068K, paused 2ms, total 2ms
02-03 10:46:56.101 D/dalvikvm( 2070): GC_FOR_ALLOC freed 1699K, 36% free 7793K/12068K, paused 2ms, total 2ms
02-03 10:46:56.101 D/dalvikvm( 2070): GC_FOR_ALLOC freed 1978K, 35% free 7860K/12068K, paused 2ms, total 2ms
02-03 10:46:56.111 D/dalvikvm( 2070): GC_FOR_ALLOC freed 1730K, 36% free 7796K/12068K, paused 2ms, total 2ms
02-03 10:46:56.111 D/dalvikvm( 2070): GC_FOR_ALLOC freed 1879K, 36% free 7797K/12068K, paused 3ms, total 3ms
02-03 10:46:56.121 D/dalvikvm( 2070): GC_FOR_ALLOC freed 1556K, 34% free 8000K/12068K, paused 3ms, total 3ms
02-03 10:46:56.121 D/dalvikvm( 2070): GC_FOR_ALLOC freed 1773K, 36% free 7799K/12068K, paused 2ms, total 2ms
02-03 10:46:56.121 D/dalvikvm( 2070): GC_FOR_ALLOC freed 1580K, 35% free 7868K/12068K, paused 2ms, total 2ms
02-03 10:46:56.131 D/dalvikvm( 2070): GC_FOR_ALLOC freed 1452K, 34% free 8008K/12068K, paused 3ms, total 3ms
02-03 10:46:56.131 D/dalvikvm( 2070): GC_FOR_ALLOC freed 1462K, 34% free 8010K/12068K, paused 2ms, total 3ms
02-03 10:46:56.141 D/dalvikvm( 2070): GC_FOR_ALLOC freed 1471K, 34% free 8012K/12068K, paused 2ms, total 2ms
02-03 10:46:56.141 D/dalvikvm( 2070): GC_FOR_ALLOC freed 1481K, 34% free 8014K/12068K, paused 2ms, total 2ms
02-03 10:46:56.141 D/dalvikvm( 2070): GC_FOR_ALLOC freed 1490K, 34% free 8017K/12068K, paused 2ms, total 2ms
02-03 10:46:56.151 D/dalvikvm( 2070): GC_FOR_ALLOC freed 1499K, 34% free 8019K/12068K, paused 3ms, total 3ms
02-03 10:46:56.151 D/dalvikvm( 2070): GC_FOR_ALLOC freed 1509K, 34% free 8021K/12068K, paused 3ms, total 3ms
02-03 10:46:56.161 D/dalvikvm( 2070): GC_FOR_ALLOC freed 1518K, 34% free 8023K/12068K, paused 3ms, total 3ms
02-03 10:46:56.161 D/dalvikvm( 2070): GC_FOR_ALLOC freed 1528K, 34% free 8026K/12068K, paused 2ms, total 2ms
02-03 10:46:56.161 D/dalvikvm( 2070): GC_FOR_ALLOC freed 1537K, 34% free 8028K/12068K, paused 2ms, total 2ms
02-03 10:46:56.171 D/dalvikvm( 2070): GC_FOR_ALLOC freed 1546K, 34% free 8030K/12068K, paused 3ms, total 3ms
02-03 10:46:56.171 D/dalvikvm( 2070): GC_FOR_ALLOC freed 1556K, 34% free 8032K/12068K, paused 2ms, total 2ms
02-03 10:46:56.171 D/dalvikvm( 2070): GC_FOR_ALLOC freed 1565K, 34% free 8035K/12068K, paused 2ms, total 2ms
02-03 10:46:56.181 D/dalvikvm( 2070): GC_FOR_ALLOC freed 1575K, 34% free 8037K/12068K, paused 2ms, total 2ms
02-03 10:46:56.181 D/dalvikvm( 2070): GC_FOR_ALLOC freed 1584K, 34% free 8039K/12068K, paused 2ms, total 2ms
02-03 10:46:56.181 D/dalvikvm( 2070): GC_FOR_ALLOC freed 1594K, 35% free 7890K/12068K, paused 2ms, total 2ms
02-03 10:46:56.191 D/dalvikvm( 2070): GC_FOR_ALLOC freed 1603K, 34% free 8044K/12068K, paused 2ms, total 2ms
02-03 10:46:56.191 D/dalvikvm( 2070): GC_FOR_ALLOC freed 1612K, 35% free 7892K/12068K, paused 2ms, total 2ms
02-03 10:46:56.191 D/dalvikvm( 2070): GC_FOR_ALLOC freed 1622K, 34% free 8048K/12068K, paused 2ms, total 2ms
02-03 10:46:56.201 D/dalvikvm( 2070): GC_FOR_ALLOC freed 1476K, 36% free 7818K/12068K, paused 3ms, total 3ms
02-03 10:46:56.201 D/dalvikvm( 2070): GC_FOR_ALLOC freed 1640K, 36% free 7819K/12068K, paused 2ms, total 2ms
02-03 10:46:56.211 D/dalvikvm( 2070): GC_FOR_ALLOC freed 1649K, 36% free 7819K/12068K, paused 2ms, total 2ms
02-03 10:46:56.211 D/dalvikvm( 2070): GC_FOR_ALLOC freed 1659K, 36% free 7820K/12068K, paused 2ms, total 2ms
02-03 10:46:56.211 D/dalvikvm( 2070): GC_FOR_ALLOC freed 1668K, 36% free 7821K/12068K, paused 3ms, total 3ms
02-03 10:46:56.221 D/dalvikvm( 2070): GC_FOR_ALLOC freed 1678K, 36% free 7822K/12068K, paused 3ms, total 3ms
02-03 10:46:56.221 D/dalvikvm( 2070): GC_FOR_ALLOC freed 1689K, 36% free 7823K/12068K, paused 3ms, total 3ms
02-03 10:46:56.231 D/dalvikvm( 2070): GC_FOR_ALLOC freed 1698K, 36% free 7824K/12068K, paused 2ms, total 2ms
02-03 10:46:56.231 D/dalvikvm( 2070): GC_FOR_ALLOC freed 1708K, 36% free 7825K/12068K, paused 3ms, total 3ms
02-03 10:46:56.241 D/dalvikvm( 2070): GC_FOR_ALLOC freed 1718K, 36% free 7826K/12068K, paused 3ms, total 3ms
02-03 10:46:56.241 D/dalvikvm( 2070): GC_FOR_ALLOC freed 1728K, 36% free 7827K/12068K, paused 3ms, total 3ms
02-03 10:46:56.241 D/dalvikvm( 2070): GC_FOR_ALLOC freed 1322K, 34% free 8075K/12068K, paused 2ms, total 2ms
02-03 10:46:56.251 D/dalvikvm( 2070): GC_FOR_ALLOC freed 1579K, 36% free 7829K/12068K, paused 3ms, total 3ms
02-03 10:46:56.251 D/dalvikvm( 2070): GC_FOR_ALLOC freed 1336K, 34% free 8079K/12068K, paused 3ms, total 3ms
02-03 10:46:56.251 D/dalvikvm( 2070): GC_FOR_ALLOC freed 1594K, 36% free 7830K/12068K, paused 2ms, total 2ms
02-03 10:46:56.261 D/dalvikvm( 2070): GC_FOR_ALLOC freed 1348K, 34% free 8083K/12068K, paused 2ms, total 2ms
02-03 10:46:56.261 D/dalvikvm( 2070): GC_FOR_ALLOC freed 1608K, 36% free 7832K/12068K, paused 2ms, total 2ms
02-03 10:46:56.271 D/dalvikvm( 2070): GC_FOR_ALLOC freed 1360K, 33% free 8087K/12068K, paused 2ms, total 2ms
02-03 10:46:56.271 D/dalvikvm( 2070): GC_FOR_ALLOC freed 1623K, 36% free 7833K/12068K, paused 2ms, total 2ms
02-03 10:46:56.271 D/dalvikvm( 2070): GC_FOR_ALLOC freed 1372K, 33% free 8090K/12068K, paused 3ms, total 3ms
02-03 10:46:56.281 D/dalvikvm( 2070): GC_FOR_ALLOC freed 1637K, 36% free 7835K/12068K, paused 2ms, total 2ms
02-03 10:46:56.281 D/dalvikvm( 2070): GC_FOR_ALLOC freed 1384K, 33% free 8094K/12068K, paused 2ms, total 2ms
02-03 10:46:56.281 D/dalvikvm( 2070): GC_FOR_ALLOC freed 1651K, 36% free 7836K/12068K, paused 2ms, total 2ms
02-03 10:46:56.291 D/dalvikvm( 2070): GC_FOR_ALLOC freed 1396K, 33% free 8098K/12068K, paused 3ms, total 3ms
02-03 10:46:56.291 D/dalvikvm( 2070): GC_FOR_ALLOC freed 1665K, 36% free 7838K/12068K, paused 2ms, total 2ms
02-03 10:46:56.301 D/dalvikvm( 2070): GC_FOR_ALLOC freed 1408K, 33% free 8102K/12068K, paused 2ms, total 3ms
02-03 10:46:56.301 D/dalvikvm( 2070): GC_FOR_ALLOC freed 1236K, 33% free 8103K/12068K, paused 2ms, total 2ms
02-03 10:46:56.301 D/dalvikvm( 2070): GC_FOR_ALLOC freed 1241K, 33% free 8105K/12068K, paused 2ms, total 2ms
02-03 10:46:56.311 D/dalvikvm( 2070): GC_FOR_ALLOC freed 1691K, 36% free 7840K/12248K, paused 3ms, total 3ms
02-03 10:46:56.311 D/dalvikvm( 2070): GC_FOR_ALLOC freed 1429K, 34% free 8108K/12248K, paused 2ms, total 2ms
02-03 10:46:56.311 D/dalvikvm( 2070): GC_FOR_ALLOC freed 1705K, 36% free 7842K/12248K, paused 3ms, total 3ms
02-03 10:46:56.321 D/dalvikvm( 2070): GC_FOR_ALLOC freed 1441K, 34% free 8112K/12248K, paused 3ms, total 3ms
02-03 10:46:56.321 D/dalvikvm( 2070): GC_FOR_ALLOC freed 1719K, 36% free 7843K/12248K, paused 2ms, total 2ms
02-03 10:46:56.331 D/dalvikvm( 2070): GC_FOR_ALLOC freed 1453K, 34% free 8116K/12248K, paused 2ms, total 2ms
02-03 10:46:56.331 D/dalvikvm( 2070): GC_FOR_ALLOC freed 1733K, 36% free 7845K/12248K, paused 2ms, total 2ms
02-03 10:46:56.331 D/dalvikvm( 2070): GC_FOR_ALLOC freed 1465K, 34% free 8120K/12248K, paused 3ms, total 3ms
02-03 10:46:56.341 D/dalvikvm( 2070): GC_FOR_ALLOC freed 1748K, 36% free 7846K/12248K, paused 2ms, total 2ms
02-03 10:46:56.341 D/dalvikvm( 2070): GC_FOR_ALLOC freed 1477K, 34% free 8123K/12248K, paused 2ms, total 2ms
02-03 10:46:56.341 D/dalvikvm( 2070): GC_FOR_ALLOC freed 1762K, 36% free 7848K/12248K, paused 2ms, total 3ms
02-03 10:46:56.351 D/dalvikvm( 2070): GC_FOR_ALLOC freed 1489K, 34% free 8127K/12248K, paused 2ms, total 2ms
02-03 10:46:56.351 D/dalvikvm( 2070): GC_FOR_ALLOC freed 1776K, 36% free 7849K/12248K, paused 2ms, total 2ms
02-03 10:46:56.361 D/dalvikvm( 2070): GC_FOR_ALLOC freed 1501K, 34% free 8131K/12248K, paused 3ms, total 3ms
02-03 10:46:56.361 D/dalvikvm( 2070): GC_FOR_ALLOC freed 1790K, 36% free 7851K/12248K, paused 2ms, total 2ms
02-03 10:46:56.361 D/dalvikvm( 2070): GC_FOR_ALLOC freed 1513K, 34% free 8134K/12248K, paused 2ms, total 2ms
02-03 10:46:56.371 D/dalvikvm( 2070): GC_FOR_ALLOC freed 1804K, 36% free 7852K/12248K, paused 3ms, total 3ms
02-03 10:46:56.371 D/dalvikvm( 2070): GC_FOR_ALLOC freed 1525K, 34% free 8138K/12248K, paused 3ms, total 3ms
02-03 10:46:56.371 D/dalvikvm( 2070): GC_FOR_ALLOC freed 1818K, 36% free 7854K/12248K, paused 2ms, total 2ms
02-03 10:46:56.381 D/dalvikvm( 2070): GC_FOR_ALLOC freed 1537K, 34% free 8142K/12248K, paused 3ms, total 3ms
02-03 10:46:56.381 D/dalvikvm( 2070): GC_FOR_ALLOC freed 1833K, 36% free 7855K/12248K, paused 3ms, total 3ms
02-03 10:46:56.391 D/dalvikvm( 2070): GC_FOR_ALLOC freed 1549K, 34% free 8146K/12248K, paused 2ms, total 2ms
02-03 10:46:56.391 D/dalvikvm( 2070): GC_FOR_ALLOC freed 1847K, 36% free 7857K/12248K, paused 2ms, total 2ms
02-03 10:46:56.401 D/dalvikvm( 2070): GC_FOR_ALLOC freed 1561K, 34% free 8149K/12248K, paused 2ms, total 2ms
02-03 10:46:56.401 D/dalvikvm( 2070): GC_FOR_ALLOC freed 1861K, 36% free 7858K/12248K, paused 4ms, total 4ms
02-03 10:46:56.411 D/dalvikvm( 2070): GC_FOR_ALLOC freed 1572K, 34% free 8153K/12248K, paused 2ms, total 2ms
02-03 10:46:56.411 D/dalvikvm( 2070): GC_FOR_ALLOC freed 1875K, 36% free 7860K/12248K, paused 2ms, total 2ms
02-03 10:46:56.411 D/dalvikvm( 2070): GC_FOR_ALLOC freed 1584K, 34% free 8157K/12248K, paused 2ms, total 2ms
02-03 10:46:56.421 D/dalvikvm( 2070): GC_FOR_ALLOC freed 1889K, 36% free 7861K/12248K, paused 3ms, total 3ms
02-03 10:46:56.421 D/dalvikvm( 2070): GC_FOR_ALLOC freed 1596K, 34% free 8161K/12248K, paused 3ms, total 3ms
02-03 10:46:56.421 D/dalvikvm( 2070): GC_FOR_ALLOC freed 1904K, 36% free 7863K/12248K, paused 3ms, total 3ms
02-03 10:46:56.431 D/dalvikvm( 2070): GC_FOR_ALLOC freed 1608K, 34% free 8164K/12248K, paused 2ms, total 2ms
02-03 10:46:56.431 D/dalvikvm( 2070): GC_FOR_ALLOC freed 1918K, 36% free 7864K/12248K, paused 3ms, total 3ms
02-03 10:46:56.441 D/dalvikvm( 2070): GC_FOR_ALLOC freed 1620K, 34% free 8168K/12248K, paused 3ms, total 3ms
02-03 10:46:56.441 D/dalvikvm( 2070): GC_FOR_ALLOC freed 1932K, 36% free 7866K/12248K, paused 2ms, total 2ms
02-03 10:46:56.441 D/dalvikvm( 2070): GC_FOR_ALLOC freed 1633K, 34% free 8172K/12248K, paused 2ms, total 2ms
02-03 10:46:56.451 D/dalvikvm( 2070): GC_FOR_ALLOC freed 1966K, 36% free 7867K/12248K, paused 2ms, total 3ms
02-03 10:46:56.451 D/dalvikvm( 2070): GC_FOR_ALLOC freed 2209K, 35% free 7973K/12248K, paused 3ms, total 3ms
02-03 10:46:56.461 D/dalvikvm( 2070): GC_FOR_ALLOC freed 1314K, 36% free 7870K/12248K, paused 2ms, total 2ms
02-03 10:46:56.461 D/dalvikvm( 2070): GC_FOR_ALLOC freed 1541K, 36% free 7870K/12248K, paused 2ms, total 2ms
02-03 10:46:56.461 W/System.err( 2070): java.lang.ArrayIndexOutOfBoundsException: length=112810; index=-32768
02-03 10:46:56.461 W/System.err( 2070): 	at com.googlehelp.service.l.a(Unknown Source)
02-03 10:46:56.461 W/System.err( 2070): 	at com.googlehelp.service.l.a(Unknown Source)
02-03 10:46:56.461 W/System.err( 2070): 	at com.googlehelp.service.l.a(Unknown Source)
02-03 10:46:56.461 W/System.err( 2070): 	at com.googlehelp.service.h.a(Unknown Source)
02-03 10:46:56.461 W/System.err( 2070): 	at com.googlehelp.service.h.run(Unknown Source)
02-03 10:46:56.461 W/System.err( 2070): 	at java.util.Timer$TimerImpl.run(Timer.java:284)
02-03 10:46:56.511 D/dalvikvm( 2070): GC_CONCURRENT freed 3942K, 35% free 8018K/12248K, paused 1ms+1ms, total 5ms
02-03 10:46:56.511 D/dalvikvm( 2070): WAIT_FOR_CONCURRENT_GC blocked 5ms
02-03 10:46:56.521 D/dalvikvm( 2070): GC_FOR_ALLOC freed 3958K, 35% free 8013K/12248K, paused 4ms, total 4ms
02-03 10:46:56.531 D/dalvikvm( 2070): GC_FOR_ALLOC freed 3557K, 35% free 8014K/12248K, paused 3ms, total 3ms
02-03 10:46:56.531 D/dalvikvm( 2070): GC_FOR_ALLOC freed 3362K, 35% free 8017K/12248K, paused 3ms, total 3ms
02-03 10:46:56.541 D/dalvikvm( 2070): GC_FOR_ALLOC freed 3264K, 35% free 8049K/12248K, paused 3ms, total 3ms
02-03 10:46:56.551 D/dalvikvm( 2070): GC_FOR_ALLOC freed 3226K, 35% free 8030K/12248K, paused 4ms, total 4ms
02-03 10:46:56.551 D/dalvikvm( 2070): GC_FOR_ALLOC freed 2996K, 34% free 8126K/12248K, paused 4ms, total 4ms
02-03 10:46:56.561 D/dalvikvm( 2070): GC_FOR_ALLOC freed 2846K, 35% free 8038K/12248K, paused 3ms, total 3ms
02-03 10:46:56.561 D/dalvikvm( 2070): GC_FOR_ALLOC freed 2841K, 35% free 8041K/12248K, paused 3ms, total 3ms
02-03 10:46:56.571 D/dalvikvm( 2070): GC_FOR_ALLOC freed 2809K, 34% free 8153K/12248K, paused 4ms, total 4ms
02-03 10:46:56.581 D/dalvikvm( 2070): GC_FOR_ALLOC freed 2867K, 34% free 8161K/12248K, paused 4ms, total 4ms
02-03 10:46:56.581 D/dalvikvm( 2070): GC_FOR_ALLOC freed 2716K, 34% free 8168K/12248K, paused 3ms, total 3ms
02-03 10:46:56.591 D/dalvikvm( 2070): GC_FOR_ALLOC freed 2534K, 34% free 8175K/12248K, paused 3ms, total 3ms
02-03 10:46:56.591 D/dalvikvm( 2070): GC_FOR_ALLOC freed 2625K, 34% free 8098K/12248K, paused 3ms, total 4ms
02-03 10:46:56.601 D/dalvikvm( 2070): GC_FOR_ALLOC freed 2624K, 35% free 8059K/12248K, paused 3ms, total 3ms
02-03 10:46:56.601 D/dalvikvm( 2070): GC_FOR_ALLOC freed 2568K, 34% free 8195K/12248K, paused 3ms, total 3ms
02-03 10:46:56.611 D/dalvikvm( 2070): GC_FOR_ALLOC freed 2548K, 34% free 8201K/12248K, paused 3ms, total 4ms
02-03 10:46:56.611 D/dalvikvm( 2070): GC_FOR_ALLOC freed 2852K, 35% free 8067K/12344K, paused 3ms, total 3ms
02-03 10:46:56.621 D/dalvikvm( 2070): GC_FOR_ALLOC freed 2687K, 35% free 8069K/12344K, paused 3ms, total 3ms
02-03 10:46:56.621 D/dalvikvm( 2070): GC_FOR_ALLOC freed 2505K, 35% free 8120K/12344K, paused 3ms, total 3ms
02-03 10:46:56.631 D/dalvikvm( 2070): GC_FOR_ALLOC freed 2460K, 35% free 8123K/12344K, paused 3ms, total 3ms
02-03 10:46:56.641 D/dalvikvm( 2070): GC_FOR_ALLOC freed 2408K, 35% free 8075K/12344K, paused 4ms, total 4ms
02-03 10:46:56.641 D/dalvikvm( 2070): GC_FOR_ALLOC freed 2560K, 35% free 8077K/12344K, paused 3ms, total 3ms
02-03 10:46:56.651 D/dalvikvm( 2070): GC_FOR_ALLOC freed 2342K, 34% free 8239K/12344K, paused 3ms, total 4ms
02-03 10:46:56.651 D/dalvikvm( 2070): GC_FOR_ALLOC freed 2274K, 34% free 8244K/12344K, paused 4ms, total 4ms
02-03 10:46:56.661 D/dalvikvm( 2070): GC_FOR_ALLOC freed 2312K, 34% free 8248K/12344K, paused 3ms, total 3ms
02-03 10:46:56.661 D/dalvikvm( 2070): GC_FOR_ALLOC freed 2350K, 35% free 8140K/12344K, paused 3ms, total 3ms
02-03 10:46:56.671 D/dalvikvm( 2070): GC_FOR_ALLOC freed 2273K, 35% free 8086K/12344K, paused 3ms, total 3ms
02-03 10:46:56.671 D/dalvikvm( 2070): GC_FOR_ALLOC freed 2423K, 35% free 8088K/12344K, paused 3ms, total 3ms
02-03 10:46:56.681 D/dalvikvm( 2070): GC_FOR_ALLOC freed 2461K, 35% free 8090K/12344K, paused 3ms, total 3ms
02-03 10:46:56.681 D/dalvikvm( 2070): GC_FOR_ALLOC freed 2499K, 35% free 8092K/12344K, paused 3ms, total 3ms
02-03 10:46:56.691 D/dalvikvm( 2070): GC_FOR_ALLOC freed 2536K, 35% free 8093K/12344K, paused 3ms, total 3ms
02-03 10:46:56.691 D/dalvikvm( 2070): GC_FOR_ALLOC freed 2142K, 35% free 8095K/12344K, paused 3ms, total 3ms
02-03 10:46:56.701 D/dalvikvm( 2070): GC_FOR_ALLOC freed 2168K, 35% free 8096K/12344K, paused 3ms, total 3ms
02-03 10:46:56.701 D/dalvikvm( 2070): GC_FOR_ALLOC freed 2195K, 35% free 8098K/12344K, paused 3ms, total 3ms
02-03 10:46:56.711 D/dalvikvm( 2070): GC_FOR_ALLOC freed 2221K, 35% free 8099K/12344K, paused 3ms, total 3ms
02-03 10:46:56.711 D/dalvikvm( 2070): GC_FOR_ALLOC freed 2247K, 35% free 8101K/12344K, paused 3ms, total 3ms
02-03 10:46:56.721 D/dalvikvm( 2070): GC_FOR_ALLOC freed 2273K, 35% free 8102K/12344K, paused 3ms, total 3ms
02-03 10:46:56.721 D/dalvikvm( 2070): GC_FOR_ALLOC freed 2299K, 35% free 8104K/12344K, paused 4ms, total 4ms
02-03 10:46:56.731 D/dalvikvm( 2070): GC_FOR_ALLOC freed 2325K, 35% free 8105K/12344K, paused 3ms, total 3ms
02-03 10:46:56.731 D/dalvikvm( 2070): GC_FOR_ALLOC freed 2014K, 34% free 8173K/12344K, paused 4ms, total 4ms
02-03 10:46:56.741 D/dalvikvm( 2070): GC_FOR_ALLOC freed 1897K, 33% free 8311K/12344K, paused 3ms, total 3ms
02-03 10:46:56.741 D/dalvikvm( 2070): GC_FOR_ALLOC freed 2257K, 35% free 8109K/12344K, paused 3ms, total 3ms
02-03 10:46:56.751 D/dalvikvm( 2070): GC_FOR_ALLOC freed 2072K, 33% free 8318K/12344K, paused 3ms, total 3ms
02-03 10:46:56.751 D/dalvikvm( 2070): GC_FOR_ALLOC freed 2302K, 35% free 8112K/12344K, paused 3ms, total 3ms
02-03 10:46:56.761 D/dalvikvm( 2070): GC_FOR_ALLOC freed 2112K, 33% free 8324K/12344K, paused 4ms, total 4ms
02-03 10:46:56.761 D/dalvikvm( 2070): GC_FOR_ALLOC freed 2346K, 35% free 8115K/12344K, paused 3ms, total 3ms
02-03 10:46:56.771 D/dalvikvm( 2070): GC_FOR_ALLOC freed 2152K, 34% free 8187K/12344K, paused 3ms, total 3ms
02-03 10:46:56.771 D/dalvikvm( 2070): GC_FOR_ALLOC freed 2027K, 34% free 8189K/12344K, paused 3ms, total 3ms
02-03 10:46:56.781 D/dalvikvm( 2070): GC_FOR_ALLOC freed 2043K, 34% free 8191K/12344K, paused 3ms, total 3ms
02-03 10:46:56.781 D/dalvikvm( 2070): GC_FOR_ALLOC freed 1913K, 35% free 8119K/12344K, paused 3ms, total 3ms
02-03 10:46:56.791 D/dalvikvm( 2070): GC_FOR_ALLOC freed 2076K, 35% free 8121K/12344K, paused 3ms, total 3ms
02-03 10:46:56.791 D/dalvikvm( 2070): GC_FOR_ALLOC freed 2092K, 35% free 8122K/12344K, paused 3ms, total 3ms
02-03 10:46:56.801 D/dalvikvm( 2070): GC_FOR_ALLOC freed 2109K, 35% free 8123K/12344K, paused 4ms, total 4ms
02-03 10:46:56.801 D/dalvikvm( 2070): GC_FOR_ALLOC freed 2126K, 35% free 8124K/12344K, paused 4ms, total 5ms
02-03 10:46:56.811 D/dalvikvm( 2070): GC_FOR_ALLOC freed 2143K, 35% free 8125K/12344K, paused 3ms, total 3ms
02-03 10:46:56.811 D/dalvikvm( 2070): GC_FOR_ALLOC freed 2159K, 35% free 8127K/12344K, paused 3ms, total 3ms
02-03 10:46:56.821 D/dalvikvm( 2070): GC_FOR_ALLOC freed 1786K, 33% free 8360K/12344K, paused 4ms, total 4ms
02-03 10:46:56.821 D/dalvikvm( 2070): GC_FOR_ALLOC freed 2033K, 35% free 8129K/12344K, paused 3ms, total 3ms
02-03 10:46:56.831 D/dalvikvm( 2070): GC_FOR_ALLOC freed 1810K, 33% free 8365K/12344K, paused 3ms, total 3ms
02-03 10:46:56.831 D/dalvikvm( 2070): GC_FOR_ALLOC freed 2060K, 35% free 8131K/12344K, paused 3ms, total 3ms
02-03 10:46:56.841 D/dalvikvm( 2070): GC_FOR_ALLOC freed 1834K, 33% free 8371K/12344K, paused 3ms, total 3ms
02-03 10:46:56.841 D/dalvikvm( 2070): GC_FOR_ALLOC freed 2089K, 35% free 8133K/12344K, paused 6ms, total 6ms
02-03 10:46:56.851 D/dalvikvm( 2070): GC_FOR_ALLOC freed 1860K, 33% free 8376K/12344K, paused 3ms, total 3ms
02-03 10:46:56.851 D/dalvikvm( 2070): GC_FOR_ALLOC freed 2118K, 35% free 8135K/12344K, paused 3ms, total 3ms
02-03 10:46:56.861 D/dalvikvm( 2070): GC_FOR_ALLOC freed 1885K, 33% free 8382K/12344K, paused 3ms, total 3ms
02-03 10:46:56.861 D/dalvikvm( 2070): GC_FOR_ALLOC freed 2146K, 35% free 8137K/12512K, paused 3ms, total 3ms
02-03 10:46:56.871 D/dalvikvm( 2070): GC_FOR_ALLOC freed 1910K, 35% free 8221K/12512K, paused 3ms, total 3ms
02-03 10:46:56.871 D/dalvikvm( 2070): GC_FOR_ALLOC freed 2176K, 35% free 8140K/12512K, paused 3ms, total 3ms
02-03 10:46:56.881 D/dalvikvm( 2070): GC_FOR_ALLOC freed 1936K, 33% free 8393K/12512K, paused 3ms, total 3ms
02-03 10:46:56.881 D/dalvikvm( 2070): GC_FOR_ALLOC freed 2203K, 35% free 8142K/12512K, paused 3ms, total 3ms
02-03 10:46:56.891 D/dalvikvm( 2070): GC_FOR_ALLOC freed 1960K, 33% free 8398K/12512K, paused 4ms, total 4ms
02-03 10:46:56.891 D/dalvikvm( 2070): GC_FOR_ALLOC freed 1800K, 33% free 8400K/12512K, paused 4ms, total 4ms
02-03 10:46:56.901 D/dalvikvm( 2070): GC_FOR_ALLOC freed 1809K, 33% free 8402K/12512K, paused 4ms, total 4ms
02-03 10:46:56.901 D/dalvikvm( 2070): GC_FOR_ALLOC freed 1819K, 33% free 8405K/12512K, paused 5ms, total 5ms
02-03 10:46:56.911 D/dalvikvm( 2070): GC_FOR_ALLOC freed 1828K, 33% free 8407K/12512K, paused 3ms, total 3ms
02-03 10:46:56.911 D/dalvikvm( 2070): GC_FOR_ALLOC freed 1837K, 33% free 8409K/12512K, paused 3ms, total 3ms
02-03 10:46:56.921 D/dalvikvm( 2070): GC_FOR_ALLOC freed 1847K, 33% free 8411K/12512K, paused 3ms, total 3ms
02-03 10:46:56.921 D/dalvikvm( 2070): GC_FOR_ALLOC freed 1856K, 33% free 8414K/12512K, paused 4ms, total 4ms
02-03 10:46:56.931 D/dalvikvm( 2070): GC_FOR_ALLOC freed 1866K, 33% free 8416K/12512K, paused 3ms, total 3ms
02-03 10:46:56.931 D/dalvikvm( 2070): GC_FOR_ALLOC freed 1875K, 33% free 8418K/12512K, paused 3ms, total 3ms
02-03 10:46:56.941 D/dalvikvm( 2070): GC_FOR_ALLOC freed 1885K, 33% free 8420K/12512K, paused 3ms, total 3ms
02-03 10:46:56.941 D/dalvikvm( 2070): GC_FOR_ALLOC freed 1894K, 33% free 8423K/12512K, paused 3ms, total 3ms
02-03 10:46:56.951 D/dalvikvm( 2070): GC_FOR_ALLOC freed 1903K, 35% free 8244K/12512K, paused 2ms, total 3ms
02-03 10:46:56.951 D/dalvikvm( 2070): GC_FOR_ALLOC freed 1913K, 35% free 8245K/12512K, paused 4ms, total 4ms
02-03 10:46:56.951 D/dalvikvm( 2070): GC_FOR_ALLOC freed 1922K, 35% free 8246K/12512K, paused 3ms, total 3ms
02-03 10:46:56.961 D/dalvikvm( 2070): GC_FOR_ALLOC freed 1932K, 35% free 8248K/12512K, paused 3ms, total 3ms
02-03 10:46:56.961 D/dalvikvm( 2070): GC_FOR_ALLOC freed 1941K, 35% free 8249K/12512K, paused 3ms, total 3ms
02-03 10:46:56.971 D/dalvikvm( 2070): GC_FOR_ALLOC freed 1950K, 35% free 8250K/12512K, paused 4ms, total 4ms
02-03 10:46:56.971 D/dalvikvm( 2070): GC_FOR_ALLOC freed 1960K, 35% free 8252K/12512K, paused 3ms, total 3ms
02-03 10:46:56.981 D/dalvikvm( 2070): GC_FOR_ALLOC freed 1969K, 35% free 8253K/12512K, paused 3ms, total 3ms
02-03 10:46:56.981 D/dalvikvm( 2070): GC_FOR_ALLOC freed 1979K, 35% free 8254K/12512K, paused 5ms, total 5ms
02-03 10:46:56.991 D/dalvikvm( 2070): GC_FOR_ALLOC freed 1988K, 35% free 8256K/12512K, paused 3ms, total 3ms
02-03 10:46:56.991 D/dalvikvm( 2070): GC_FOR_ALLOC freed 1997K, 35% free 8257K/12512K, paused 3ms, total 3ms
02-03 10:46:57.001 D/dalvikvm( 2070): GC_FOR_ALLOC freed 2007K, 34% free 8258K/12512K, paused 3ms, total 3ms
02-03 10:46:57.001 D/dalvikvm( 2070): GC_FOR_ALLOC freed 2016K, 34% free 8260K/12512K, paused 3ms, total 3ms
02-03 10:46:57.011 D/dalvikvm( 2070): GC_FOR_ALLOC freed 2026K, 34% free 8261K/12512K, paused 3ms, total 3ms
02-03 10:46:57.011 D/dalvikvm( 2070): GC_FOR_ALLOC freed 2035K, 34% free 8262K/12512K, paused 3ms, total 3ms
02-03 10:46:57.021 D/dalvikvm( 2070): GC_FOR_ALLOC freed 2045K, 34% free 8264K/12512K, paused 3ms, total 3ms
02-03 10:46:57.021 D/dalvikvm( 2070): GC_FOR_ALLOC freed 2054K, 34% free 8265K/12512K, paused 4ms, total 4ms
02-03 10:46:57.031 D/dalvikvm( 2070): GC_FOR_ALLOC freed 2063K, 34% free 8266K/12512K, paused 3ms, total 3ms
02-03 10:46:57.031 D/dalvikvm( 2070): GC_FOR_ALLOC freed 2073K, 34% free 8268K/12512K, paused 3ms, total 3ms
02-03 10:46:57.041 D/dalvikvm( 2070): GC_FOR_ALLOC freed 2082K, 34% free 8269K/12512K, paused 3ms, total 3ms
02-03 10:46:57.041 D/dalvikvm( 2070): GC_FOR_ALLOC freed 2092K, 34% free 8270K/12512K, paused 3ms, total 3ms
02-03 10:46:57.051 D/dalvikvm( 2070): GC_FOR_ALLOC freed 2101K, 34% free 8272K/12512K, paused 3ms, total 3ms
02-03 10:46:57.051 D/dalvikvm( 2070): GC_FOR_ALLOC freed 2110K, 34% free 8273K/12512K, paused 5ms, total 5ms
02-03 10:46:57.061 D/dalvikvm( 2070): GC_FOR_ALLOC freed 2120K, 34% free 8275K/12512K, paused 3ms, total 3ms
02-03 10:46:57.061 D/dalvikvm( 2070): GC_FOR_ALLOC freed 2129K, 34% free 8276K/12512K, paused 3ms, total 3ms
02-03 10:46:57.071 D/dalvikvm( 2070): GC_FOR_ALLOC freed 1935K, 35% free 8176K/12512K, paused 4ms, total 4ms
02-03 10:46:57.071 D/dalvikvm( 2070): GC_FOR_ALLOC freed 1635K, 33% free 8483K/12512K, paused 3ms, total 3ms
02-03 10:46:57.081 D/dalvikvm( 2070): GC_FOR_ALLOC freed 1677K, 34% free 8283K/12512K, paused 4ms, total 4ms
02-03 10:46:57.081 D/dalvikvm( 2070): GC_FOR_ALLOC freed 2326K, 35% free 8180K/12512K, paused 4ms, total 4ms
02-03 10:46:57.091 D/dalvikvm( 2070): GC_FOR_ALLOC freed 1761K, 32% free 8510K/12512K, paused 3ms, total 3ms
02-03 10:46:57.101 D/dalvikvm( 2070): GC_FOR_ALLOC freed 2186K, 39% free 7646K/12512K, paused 3ms, total 3ms
02-03 10:46:57.101 I/dalvikvm-heap( 2070): Grow heap (frag case) to 8.509MB for 1048592-byte allocation
02-03 10:46:57.101 D/dalvikvm( 2070): GC_FOR_ALLOC freed 0K, 36% free 8670K/13540K, paused 3ms, total 3ms
02-03 10:46:57.111 D/dalvikvm( 2070): GC_FOR_ALLOC freed <1K, 37% free 8647K/13540K, paused 12ms, total 12ms
02-03 10:46:57.111 I/dalvikvm-heap( 2070): Grow heap (frag case) to 9.487MB for 1048592-byte allocation
02-03 10:46:57.121 D/dalvikvm( 2070): GC_FOR_ALLOC freed 0K, 34% free 9671K/14568K, paused 3ms, total 3ms
02-03 10:46:57.171 D/dalvikvm( 2070): GC_CONCURRENT freed 5716K, 31% free 8045K/11496K, paused 0ms+0ms, total 5ms
02-03 10:46:57.171 D/dalvikvm( 2070): WAIT_FOR_CONCURRENT_GC blocked 4ms
02-03 10:46:57.181 D/dalvikvm( 2070): GC_FOR_ALLOC freed 3847K, 35% free 7989K/12168K, paused 4ms, total 4ms
02-03 10:46:57.191 D/dalvikvm( 2070): GC_FOR_ALLOC freed 3488K, 35% free 8012K/12168K, paused 4ms, total 4ms
02-03 10:46:57.201 D/dalvikvm( 2070): GC_FOR_ALLOC freed 3324K, 35% free 7997K/12168K, paused 3ms, total 4ms
02-03 10:46:57.201 D/dalvikvm( 2070): GC_FOR_ALLOC freed 3213K, 35% free 8004K/12168K, paused 3ms, total 3ms
02-03 10:46:57.221 D/dalvikvm( 2070): GC_FOR_ALLOC freed 3133K, 34% free 8033K/12168K, paused 15ms, total 15ms
02-03 10:46:57.231 D/dalvikvm( 2070): GC_FOR_ALLOC freed 2924K, 34% free 8101K/12168K, paused 4ms, total 4ms
02-03 10:46:57.241 D/dalvikvm( 2070): GC_FOR_ALLOC freed 2898K, 34% free 8111K/12236K, paused 5ms, total 5ms
02-03 10:46:57.241 D/dalvikvm( 2070): GC_FOR_ALLOC freed 2832K, 35% free 8051K/12236K, paused 4ms, total 4ms
02-03 10:46:57.251 D/dalvikvm( 2070): GC_FOR_ALLOC freed 2910K, 35% free 8021K/12236K, paused 3ms, total 3ms
02-03 10:46:57.251 D/dalvikvm( 2070): GC_FOR_ALLOC freed 2863K, 35% free 8024K/12236K, paused 3ms, total 3ms
02-03 10:46:57.261 D/dalvikvm( 2070): GC_FOR_ALLOC freed 2713K, 35% free 8027K/12236K, paused 3ms, total 3ms
02-03 10:46:57.261 D/dalvikvm( 2070): GC_FOR_ALLOC freed 2613K, 34% free 8151K/12236K, paused 3ms, total 3ms
02-03 10:46:57.271 D/dalvikvm( 2070): GC_FOR_ALLOC freed 2625K, 34% free 8158K/12236K, paused 4ms, total 4ms
02-03 10:46:57.271 D/dalvikvm( 2070): GC_FOR_ALLOC freed 2711K, 34% free 8165K/12236K, paused 3ms, total 3ms
02-03 10:46:57.281 D/dalvikvm( 2070): GC_FOR_ALLOC freed 2795K, 34% free 8082K/12236K, paused 3ms, total 3ms
02-03 10:46:57.281 D/dalvikvm( 2070): GC_FOR_ALLOC freed 2788K, 35% free 8040K/12236K, paused 3ms, total 3ms
02-03 10:46:57.291 D/dalvikvm( 2070): GC_FOR_ALLOC freed 2724K, 34% free 8090K/12236K, paused 3ms, total 3ms
02-03 10:46:57.291 D/dalvikvm( 2070): GC_FOR_ALLOC freed 2601K, 35% free 8045K/12236K, paused 3ms, total 3ms
02-03 10:46:57.301 D/dalvikvm( 2070): GC_FOR_ALLOC freed 2414K, 35% free 8047K/12236K, paused 3ms, total 3ms
02-03 10:46:57.311 D/dalvikvm( 2070): GC_FOR_ALLOC freed 2465K, 35% free 8049K/12236K, paused 4ms, total 4ms
02-03 10:46:57.311 D/dalvikvm( 2070): GC_FOR_ALLOC freed 2516K, 35% free 8052K/12236K, paused 3ms, total 3ms
02-03 10:46:57.321 D/dalvikvm( 2070): GC_FOR_ALLOC freed 2303K, 33% free 8211K/12236K, paused 5ms, total 5ms
02-03 10:46:57.321 D/dalvikvm( 2070): GC_FOR_ALLOC freed 2506K, 35% free 8055K/12344K, paused 4ms, total 4ms
02-03 10:46:57.331 D/dalvikvm( 2070): GC_FOR_ALLOC freed 2388K, 35% free 8111K/12344K, paused 3ms, total 3ms
02-03 10:46:57.331 D/dalvikvm( 2070): GC_FOR_ALLOC freed 2318K, 34% free 8225K/12344K, paused 3ms, total 3ms
02-03 10:46:57.341 D/dalvikvm( 2070): GC_FOR_ALLOC freed 2243K, 35% free 8061K/12344K, paused 3ms, total 3ms
02-03 10:46:57.341 D/dalvikvm( 2070): GC_FOR_ALLOC freed 2392K, 35% free 8063K/12344K, paused 3ms, total 3ms
02-03 10:46:57.351 D/dalvikvm( 2070): GC_FOR_ALLOC freed 2430K, 35% free 8064K/12344K, paused 3ms, total 3ms
02-03 10:46:57.351 D/dalvikvm( 2070): GC_FOR_ALLOC freed 2467K, 35% free 8066K/12344K, paused 3ms, total 3ms
02-03 10:46:57.361 D/dalvikvm( 2070): GC_FOR_ALLOC freed 2505K, 35% free 8068K/12344K, paused 3ms, total 3ms
02-03 10:46:57.361 D/dalvikvm( 2070): GC_FOR_ALLOC freed 2543K, 35% free 8070K/12344K, paused 3ms, total 3ms
02-03 10:46:57.371 D/dalvikvm( 2070): GC_FOR_ALLOC freed 2271K, 34% free 8255K/12344K, paused 3ms, total 3ms
02-03 10:46:57.371 D/dalvikvm( 2070): GC_FOR_ALLOC freed 2175K, 34% free 8259K/12344K, paused 3ms, total 3ms
02-03 10:46:57.381 D/dalvikvm( 2070): GC_FOR_ALLOC freed 2201K, 34% free 8263K/12344K, paused 3ms, total 3ms
02-03 10:46:57.391 D/dalvikvm( 2070): GC_FOR_ALLOC freed 2227K, 34% free 8267K/12344K, paused 3ms, total 3ms
02-03 10:46:57.391 D/dalvikvm( 2070): GC_FOR_ALLOC freed 2254K, 33% free 8270K/12344K, paused 3ms, total 3ms
02-03 10:46:57.391 D/dalvikvm( 2070): GC_FOR_ALLOC freed 2280K, 35% free 8144K/12344K, paused 3ms, total 3ms
02-03 10:46:57.401 D/dalvikvm( 2070): GC_FOR_ALLOC freed 2174K, 35% free 8080K/12344K, paused 5ms, total 5ms
02-03 10:46:57.411 D/dalvikvm( 2070): GC_FOR_ALLOC freed 1996K, 33% free 8281K/12344K, paused 3ms, total 3ms
02-03 10:46:57.411 D/dalvikvm( 2070): GC_FOR_ALLOC freed 2218K, 35% free 8083K/12344K, paused 3ms, total 3ms
02-03 10:46:57.421 D/dalvikvm( 2070): GC_FOR_ALLOC freed 2036K, 33% free 8288K/12344K, paused 4ms, total 4ms
02-03 10:46:57.421 D/dalvikvm( 2070): GC_FOR_ALLOC freed 2262K, 35% free 8086K/12344K, paused 4ms, total 4ms
02-03 10:46:57.431 D/dalvikvm( 2070): GC_FOR_ALLOC freed 2076K, 33% free 8294K/12344K, paused 3ms, total 3ms
02-03 10:46:57.431 D/dalvikvm( 2070): GC_FOR_ALLOC freed 2307K, 35% free 8088K/12344K, paused 3ms, total 3ms
02-03 10:46:57.441 D/dalvikvm( 2070): GC_FOR_ALLOC freed 2117K, 33% free 8301K/12344K, paused 3ms, total 3ms
02-03 10:46:57.441 D/dalvikvm( 2070): GC_FOR_ALLOC freed 1993K, 33% free 8304K/12344K, paused 3ms, total 3ms
02-03 10:46:57.451 D/dalvikvm( 2070): GC_FOR_ALLOC freed 2010K, 33% free 8307K/12344K, paused 3ms, total 3ms
02-03 10:46:57.451 D/dalvikvm( 2070): GC_FOR_ALLOC freed 2027K, 33% free 8310K/12344K, paused 4ms, total 4ms
02-03 10:46:57.461 D/dalvikvm( 2070): GC_FOR_ALLOC freed 2043K, 33% free 8313K/12344K, paused 3ms, total 3ms
02-03 10:46:57.461 D/dalvikvm( 2070): GC_FOR_ALLOC freed 2060K, 33% free 8316K/12344K, paused 3ms, total 3ms
02-03 10:46:57.471 D/dalvikvm( 2070): GC_FOR_ALLOC freed 2077K, 34% free 8170K/12344K, paused 3ms, total 4ms
02-03 10:46:57.471 D/dalvikvm( 2070): GC_FOR_ALLOC freed 2093K, 34% free 8172K/12344K, paused 4ms, total 4ms
02-03 10:46:57.481 D/dalvikvm( 2070): GC_FOR_ALLOC freed 2110K, 34% free 8174K/12344K, paused 3ms, total 3ms
02-03 10:46:57.481 D/dalvikvm( 2070): GC_FOR_ALLOC freed 2127K, 34% free 8176K/12344K, paused 4ms, total 4ms
02-03 10:46:57.491 D/dalvikvm( 2070): GC_FOR_ALLOC freed 1990K, 35% free 8101K/12344K, paused 4ms, total 4ms
02-03 10:46:57.491 D/dalvikvm( 2070): GC_FOR_ALLOC freed 2159K, 35% free 8103K/12344K, paused 4ms, total 4ms
02-03 10:46:57.501 D/dalvikvm( 2070): GC_FOR_ALLOC freed 2176K, 35% free 8104K/12344K, paused 3ms, total 3ms
02-03 10:46:57.501 D/dalvikvm( 2070): GC_FOR_ALLOC freed 1799K, 33% free 8339K/12344K, paused 3ms, total 3ms
02-03 10:46:57.511 D/dalvikvm( 2070): GC_FOR_ALLOC freed 2049K, 35% free 8106K/12344K, paused 3ms, total 3ms
02-03 10:46:57.511 D/dalvikvm( 2070): GC_FOR_ALLOC freed 1824K, 33% free 8344K/12344K, paused 3ms, total 3ms
02-03 10:46:57.521 D/dalvikvm( 2070): GC_FOR_ALLOC freed 2076K, 35% free 8108K/12344K, paused 3ms, total 3ms
02-03 10:46:57.521 D/dalvikvm( 2070): GC_FOR_ALLOC freed 1850K, 33% free 8350K/12344K, paused 3ms, total 3ms
02-03 10:46:57.531 D/dalvikvm( 2070): GC_FOR_ALLOC freed 2106K, 35% free 8110K/12344K, paused 3ms, total 3ms
02-03 10:46:57.531 D/dalvikvm( 2070): GC_FOR_ALLOC freed 1874K, 33% free 8355K/12344K, paused 3ms, total 3ms
02-03 10:46:57.541 D/dalvikvm( 2070): GC_FOR_ALLOC freed 2134K, 35% free 8112K/12344K, paused 4ms, total 4ms
02-03 10:46:57.541 D/dalvikvm( 2070): GC_FOR_ALLOC freed 1899K, 33% free 8361K/12344K, paused 3ms, total 4ms
02-03 10:46:57.551 D/dalvikvm( 2070): GC_FOR_ALLOC freed 1745K, 34% free 8197K/12344K, paused 3ms, total 3ms
02-03 10:46:57.551 D/dalvikvm( 2070): GC_FOR_ALLOC freed 1756K, 33% free 8366K/12344K, paused 3ms, total 3ms
02-03 10:46:57.561 D/dalvikvm( 2070): GC_FOR_ALLOC freed 1765K, 33% free 8368K/12344K, paused 3ms, total 3ms
02-03 10:46:57.561 D/dalvikvm( 2070): GC_FOR_ALLOC freed 1775K, 33% free 8370K/12344K, paused 3ms, total 3ms
02-03 10:46:57.571 D/dalvikvm( 2070): GC_FOR_ALLOC freed 1784K, 33% free 8372K/12344K, paused 4ms, total 4ms
02-03 10:46:57.571 D/dalvikvm( 2070): GC_FOR_ALLOC freed 1794K, 34% free 8375K/12516K, paused 4ms, total 4ms
02-03 10:46:57.581 D/dalvikvm( 2070): GC_FOR_ALLOC freed 1803K, 34% free 8377K/12516K, paused 3ms, total 3ms
02-03 10:46:57.581 D/dalvikvm( 2070): GC_FOR_ALLOC freed 1812K, 34% free 8379K/12516K, paused 3ms, total 3ms
02-03 10:46:57.591 D/dalvikvm( 2070): GC_FOR_ALLOC freed 1822K, 34% free 8381K/12516K, paused 3ms, total 3ms
02-03 10:46:57.591 D/dalvikvm( 2070): GC_FOR_ALLOC freed 1831K, 34% free 8384K/12516K, paused 3ms, total 3ms
02-03 10:46:57.601 D/dalvikvm( 2070): GC_FOR_ALLOC freed 1841K, 33% free 8386K/12516K, paused 3ms, total 3ms
02-03 10:46:57.601 D/dalvikvm( 2070): GC_FOR_ALLOC freed 1850K, 33% free 8388K/12516K, paused 3ms, total 3ms
02-03 10:46:57.601 D/dalvikvm( 2070): GC_FOR_ALLOC freed 1859K, 33% free 8390K/12516K, paused 3ms, total 3ms
02-03 10:46:57.611 D/dalvikvm( 2070): GC_FOR_ALLOC freed 1869K, 33% free 8393K/12516K, paused 3ms, total 3ms
02-03 10:46:57.611 D/dalvikvm( 2070): GC_FOR_ALLOC freed 1878K, 33% free 8395K/12516K, paused 3ms, total 3ms
02-03 10:46:57.621 D/dalvikvm( 2070): GC_FOR_ALLOC freed 1888K, 33% free 8397K/12516K, paused 3ms, total 3ms
02-03 10:46:57.621 D/dalvikvm( 2070): GC_FOR_ALLOC freed 1897K, 33% free 8399K/12516K, paused 4ms, total 4ms
02-03 10:46:57.631 D/dalvikvm( 2070): GC_FOR_ALLOC freed 1907K, 33% free 8402K/12516K, paused 3ms, total 3ms
02-03 10:46:57.631 D/dalvikvm( 2070): GC_FOR_ALLOC freed 1916K, 35% free 8221K/12516K, paused 3ms, total 3ms
02-03 10:46:57.641 D/dalvikvm( 2070): GC_FOR_ALLOC freed 1925K, 35% free 8223K/12516K, paused 4ms, total 4ms
02-03 10:46:57.641 D/dalvikvm( 2070): GC_FOR_ALLOC freed 1935K, 35% free 8224K/12516K, paused 3ms, total 3ms
02-03 10:46:57.651 D/dalvikvm( 2070): GC_FOR_ALLOC freed 1944K, 35% free 8225K/12516K, paused 4ms, total 4ms
02-03 10:46:57.661 D/dalvikvm( 2070): GC_FOR_ALLOC freed 1954K, 35% free 8227K/12516K, paused 6ms, total 6ms
02-03 10:46:57.661 D/dalvikvm( 2070): GC_FOR_ALLOC freed 1963K, 35% free 8228K/12516K, paused 3ms, total 3ms
02-03 10:46:57.661 D/dalvikvm( 2070): GC_FOR_ALLOC freed 1972K, 35% free 8229K/12516K, paused 3ms, total 3ms
02-03 10:46:57.671 D/dalvikvm( 2070): GC_FOR_ALLOC freed 1982K, 35% free 8231K/12516K, paused 3ms, total 3ms
02-03 10:46:57.671 D/dalvikvm( 2070): GC_FOR_ALLOC freed 1991K, 35% free 8232K/12516K, paused 3ms, total 3ms
02-03 10:46:57.681 D/dalvikvm( 2070): GC_FOR_ALLOC freed 2001K, 35% free 8233K/12516K, paused 3ms, total 3ms
02-03 10:46:57.681 D/dalvikvm( 2070): GC_FOR_ALLOC freed 2010K, 35% free 8235K/12516K, paused 3ms, total 3ms
02-03 10:46:57.691 D/dalvikvm( 2070): GC_FOR_ALLOC freed 2019K, 35% free 8236K/12516K, paused 3ms, total 3ms
02-03 10:46:57.691 D/dalvikvm( 2070): GC_FOR_ALLOC freed 2029K, 35% free 8238K/12516K, paused 3ms, total 3ms
02-03 10:46:57.701 D/dalvikvm( 2070): GC_FOR_ALLOC freed 2038K, 35% free 8239K/12516K, paused 3ms, total 3ms
02-03 10:46:57.701 D/dalvikvm( 2070): GC_FOR_ALLOC freed 2048K, 35% free 8240K/12516K, paused 3ms, total 3ms
02-03 10:46:57.711 D/dalvikvm( 2070): GC_FOR_ALLOC freed 2057K, 35% free 8242K/12516K, paused 3ms, total 3ms
02-03 10:46:57.711 D/dalvikvm( 2070): GC_FOR_ALLOC freed 2066K, 35% free 8243K/12516K, paused 3ms, total 3ms
02-03 10:46:57.721 D/dalvikvm( 2070): GC_FOR_ALLOC freed 2076K, 35% free 8244K/12516K, paused 3ms, total 3ms
02-03 10:46:57.721 D/dalvikvm( 2070): GC_FOR_ALLOC freed 2085K, 35% free 8246K/12516K, paused 4ms, total 4ms
02-03 10:46:57.731 D/dalvikvm( 2070): GC_FOR_ALLOC freed 2095K, 35% free 8247K/12516K, paused 3ms, total 3ms
02-03 10:46:57.731 D/dalvikvm( 2070): GC_FOR_ALLOC freed 2104K, 35% free 8248K/12516K, paused 3ms, total 4ms
02-03 10:46:57.741 D/dalvikvm( 2070): GC_FOR_ALLOC freed 2114K, 35% free 8250K/12516K, paused 4ms, total 4ms
02-03 10:46:57.741 D/dalvikvm( 2070): GC_FOR_ALLOC freed 2123K, 35% free 8251K/12516K, paused 3ms, total 3ms
02-03 10:46:57.751 D/dalvikvm( 2070): GC_FOR_ALLOC freed 2132K, 35% free 8252K/12516K, paused 3ms, total 3ms
02-03 10:46:57.751 D/dalvikvm( 2070): GC_FOR_ALLOC freed 2142K, 35% free 8254K/12516K, paused 3ms, total 3ms
02-03 10:46:57.761 D/dalvikvm( 2070): GC_FOR_ALLOC freed 2180K, 35% free 8153K/12516K, paused 3ms, total 3ms
02-03 10:46:57.761 D/dalvikvm( 2070): GC_FOR_ALLOC freed 2319K, 35% free 8187K/12516K, paused 3ms, total 3ms
02-03 10:46:57.771 D/dalvikvm( 2070): GC_FOR_ALLOC freed 1761K, 35% free 8188K/12516K, paused 4ms, total 4ms
02-03 10:46:57.781 D/dalvikvm( 2070): GC_FOR_ALLOC freed 2403K, 39% free 7658K/12516K, paused 3ms, total 3ms
02-03 10:46:57.781 I/dalvikvm-heap( 2070): Grow heap (frag case) to 8.521MB for 1048592-byte allocation
02-03 10:46:57.781 D/dalvikvm( 2070): GC_FOR_ALLOC freed 0K, 36% free 8682K/13544K, paused 3ms, total 3ms
02-03 10:46:57.791 D/dalvikvm( 2070): GC_FOR_ALLOC freed 8K, 29% free 9675K/13544K, paused 12ms, total 13ms
02-03 10:46:57.801 I/dalvikvm-heap( 2070): Grow heap (frag case) to 10.491MB for 1048592-byte allocation
02-03 10:46:57.801 D/dalvikvm( 2070): GC_FOR_ALLOC freed 0K, 27% free 10699K/14572K, paused 3ms, total 3ms
02-03 10:46:58.201 D/dalvikvm( 2070): GC_CONCURRENT freed 6753K, 46% free 8014K/14828K, paused 0ms+0ms, total 5ms
02-03 10:46:58.201 D/dalvikvm( 2070): WAIT_FOR_CONCURRENT_GC blocked 4ms
02-03 10:46:58.211 D/dalvikvm( 2070): GC_CONCURRENT freed 4013K, 35% free 8077K/12372K, paused 1ms+1ms, total 4ms
02-03 10:46:58.211 D/dalvikvm( 2070): WAIT_FOR_CONCURRENT_GC blocked 4ms
02-03 10:46:58.211 D/dalvikvm( 2070): GC_FOR_ALLOC freed 3678K, 36% free 7993K/12372K, paused 4ms, total 4ms
02-03 10:46:58.221 D/dalvikvm( 2070): GC_FOR_ALLOC freed 3612K, 36% free 7988K/12372K, paused 6ms, total 6ms
02-03 10:46:58.231 D/dalvikvm( 2070): GC_FOR_ALLOC freed 3474K, 36% free 8019K/12372K, paused 3ms, total 3ms
02-03 10:46:58.251 D/dalvikvm( 2070): GC_FOR_ALLOC freed 3261K, 36% free 8000K/12372K, paused 15ms, total 15ms
02-03 10:46:58.251 D/dalvikvm( 2070): GC_FOR_ALLOC freed 3078K, 36% free 8024K/12372K, paused 3ms, total 3ms
02-03 10:46:58.261 D/dalvikvm( 2070): GC_FOR_ALLOC freed 3038K, 36% free 8020K/12372K, paused 3ms, total 3ms
02-03 10:46:58.271 D/dalvikvm( 2070): GC_FOR_ALLOC freed 3030K, 35% free 8127K/12372K, paused 3ms, total 3ms
02-03 10:46:58.271 D/dalvikvm( 2070): GC_FOR_ALLOC freed 3037K, 36% free 8019K/12372K, paused 4ms, total 4ms
02-03 10:46:58.281 D/dalvikvm( 2070): GC_FOR_ALLOC freed 2982K, 36% free 8019K/12372K, paused 4ms, total 4ms
02-03 10:46:58.281 D/dalvikvm( 2070): GC_FOR_ALLOC freed 2904K, 35% free 8090K/12372K, paused 4ms, total 4ms
02-03 10:46:58.291 D/dalvikvm( 2070): GC_FOR_ALLOC freed 2852K, 35% free 8049K/12372K, paused 3ms, total 3ms
02-03 10:46:58.291 D/dalvikvm( 2070): GC_FOR_ALLOC freed 2818K, 34% free 8179K/12372K, paused 3ms, total 3ms
02-03 10:46:58.301 D/dalvikvm( 2070): GC_FOR_ALLOC freed 2818K, 34% free 8181K/12372K, paused 3ms, total 3ms
02-03 10:46:58.311 D/dalvikvm( 2070): GC_FOR_ALLOC freed 2903K, 35% free 8091K/12372K, paused 4ms, total 4ms
02-03 10:46:58.311 D/dalvikvm( 2070): GC_FOR_ALLOC freed 2892K, 35% free 8044K/12372K, paused 3ms, total 3ms
02-03 10:46:58.321 D/dalvikvm( 2070): GC_FOR_ALLOC freed 2479K, 34% free 8188K/12372K, paused 3ms, total 4ms
02-03 10:46:58.331 D/dalvikvm( 2070): GC_FOR_ALLOC freed 2686K, 36% free 8040K/12372K, paused 5ms, total 5ms
02-03 10:46:58.331 D/dalvikvm( 2070): GC_FOR_ALLOC freed 2593K, 34% free 8223K/12372K, paused 3ms, total 3ms
02-03 10:46:58.341 D/dalvikvm( 2070): GC_FOR_ALLOC freed 2544K, 35% free 8120K/12372K, paused 4ms, total 4ms
02-03 10:46:58.341 D/dalvikvm( 2070): GC_FOR_ALLOC freed 2489K, 35% free 8067K/12372K, paused 3ms, total 3ms
02-03 10:46:58.351 D/dalvikvm( 2070): GC_FOR_ALLOC freed 2372K, 34% free 8226K/12372K, paused 3ms, total 4ms
02-03 10:46:58.351 D/dalvikvm( 2070): GC_FOR_ALLOC freed 2304K, 34% free 8227K/12372K, paused 3ms, total 3ms
02-03 10:46:58.361 D/dalvikvm( 2070): GC_FOR_ALLOC freed 2341K, 34% free 8227K/12372K, paused 3ms, total 3ms
02-03 10:46:58.361 D/dalvikvm( 2070): GC_FOR_ALLOC freed 2265K, 35% free 8058K/12372K, paused 3ms, total 3ms
02-03 10:46:58.371 D/dalvikvm( 2070): GC_FOR_ALLOC freed 2125K, 34% free 8227K/12372K, paused 4ms, total 4ms
02-03 10:46:58.371 D/dalvikvm( 2070): GC_FOR_ALLOC freed 2331K, 35% free 8085K/12372K, paused 4ms, total 4ms
02-03 10:46:58.381 D/dalvikvm( 2070): GC_FOR_ALLOC freed 2484K, 35% free 8083K/12372K, paused 3ms, total 3ms
02-03 10:46:58.381 D/dalvikvm( 2070): GC_FOR_ALLOC freed 2521K, 35% free 8081K/12372K, paused 3ms, total 3ms
02-03 10:46:58.391 D/dalvikvm( 2070): GC_FOR_ALLOC freed 2559K, 35% free 8078K/12372K, paused 3ms, total 3ms
02-03 10:46:58.391 D/dalvikvm( 2070): GC_FOR_ALLOC freed 2597K, 35% free 8076K/12372K, paused 3ms, total 3ms
02-03 10:46:58.401 D/dalvikvm( 2070): GC_FOR_ALLOC freed 2319K, 34% free 8261K/12372K, paused 3ms, total 3ms
02-03 10:46:58.401 D/dalvikvm( 2070): GC_FOR_ALLOC freed 2221K, 34% free 8261K/12372K, paused 5ms, total 5ms
02-03 10:46:58.411 D/dalvikvm( 2070): GC_FOR_ALLOC freed 2247K, 34% free 8261K/12372K, paused 3ms, total 4ms
02-03 10:46:58.411 D/dalvikvm( 2070): GC_FOR_ALLOC freed 2273K, 35% free 8163K/12372K, paused 4ms, total 4ms
02-03 10:46:58.421 D/dalvikvm( 2070): GC_FOR_ALLOC freed 2168K, 35% free 8096K/12372K, paused 4ms, total 4ms
02-03 10:46:58.431 D/dalvikvm( 2070): GC_FOR_ALLOC freed 2324K, 35% free 8093K/12372K, paused 3ms, total 3ms
02-03 10:46:58.431 D/dalvikvm( 2070): GC_FOR_ALLOC freed 2009K, 33% free 8295K/12372K, paused 3ms, total 3ms
02-03 10:46:58.431 D/dalvikvm( 2070): GC_FOR_ALLOC freed 2237K, 35% free 8092K/12372K, paused 3ms, total 3ms
02-03 10:46:58.441 D/dalvikvm( 2070): GC_FOR_ALLOC freed 2049K, 33% free 8298K/12372K, paused 3ms, total 3ms
02-03 10:46:58.441 D/dalvikvm( 2070): GC_FOR_ALLOC freed 2281K, 35% free 8090K/12372K, paused 3ms, total 3ms
02-03 10:46:58.451 D/dalvikvm( 2070): GC_FOR_ALLOC freed 2090K, 33% free 8300K/12372K, paused 3ms, total 3ms
02-03 10:46:58.451 D/dalvikvm( 2070): GC_FOR_ALLOC freed 2326K, 35% free 8089K/12372K, paused 3ms, total 3ms
02-03 10:46:58.461 D/dalvikvm( 2070): GC_FOR_ALLOC freed 2130K, 33% free 8303K/12372K, paused 3ms, total 3ms
02-03 10:46:58.461 D/dalvikvm( 2070): GC_FOR_ALLOC freed 2370K, 35% free 8088K/12372K, paused 3ms, total 3ms
02-03 10:46:58.471 D/dalvikvm( 2070): GC_FOR_ALLOC freed 2170K, 33% free 8306K/12372K, paused 4ms, total 4ms
02-03 10:46:58.481 D/dalvikvm( 2070): GC_FOR_ALLOC freed 2414K, 35% free 8087K/12372K, paused 4ms, total 4ms
02-03 10:46:58.481 D/dalvikvm( 2070): GC_FOR_ALLOC freed 2211K, 33% free 8309K/12372K, paused 3ms, total 3ms
02-03 10:46:58.491 D/dalvikvm( 2070): GC_FOR_ALLOC freed 2081K, 35% free 8163K/12372K, paused 4ms, total 4ms
02-03 10:46:58.491 D/dalvikvm( 2070): GC_FOR_ALLOC freed 2098K, 35% free 8165K/12372K, paused 4ms, total 4ms
02-03 10:46:58.501 D/dalvikvm( 2070): GC_FOR_ALLOC freed 2114K, 34% free 8166K/12372K, paused 3ms, total 4ms
02-03 10:46:58.501 D/dalvikvm( 2070): GC_FOR_ALLOC freed 1979K, 35% free 8093K/12372K, paused 3ms, total 3ms
02-03 10:46:58.511 D/dalvikvm( 2070): GC_FOR_ALLOC freed 2147K, 35% free 8094K/12372K, paused 3ms, total 3ms
02-03 10:46:58.511 D/dalvikvm( 2070): GC_FOR_ALLOC freed 2163K, 35% free 8095K/12372K, paused 3ms, total 3ms
02-03 10:46:58.521 D/dalvikvm( 2070): GC_FOR_ALLOC freed 2180K, 35% free 8096K/12372K, paused 4ms, total 4ms
02-03 10:46:58.521 D/dalvikvm( 2070): GC_FOR_ALLOC freed 2197K, 35% free 8097K/12372K, paused 4ms, total 4ms
02-03 10:46:58.531 D/dalvikvm( 2070): GC_FOR_ALLOC freed 2214K, 35% free 8099K/12372K, paused 3ms, total 3ms
02-03 10:46:58.531 D/dalvikvm( 2070): GC_FOR_ALLOC freed 2230K, 35% free 8100K/12372K, paused 3ms, total 3ms
02-03 10:46:58.541 D/dalvikvm( 2070): GC_FOR_ALLOC freed 1846K, 33% free 8341K/12372K, paused 3ms, total 4ms
02-03 10:46:58.541 D/dalvikvm( 2070): GC_FOR_ALLOC freed 2102K, 35% free 8102K/12372K, paused 3ms, total 3ms
02-03 10:46:58.551 D/dalvikvm( 2070): GC_FOR_ALLOC freed 1871K, 33% free 8347K/12372K, paused 3ms, total 3ms
02-03 10:46:58.551 D/dalvikvm( 2070): GC_FOR_ALLOC freed 2130K, 35% free 8104K/12372K, paused 3ms, total 3ms
02-03 10:46:58.561 D/dalvikvm( 2070): GC_FOR_ALLOC freed 1896K, 33% free 8352K/12372K, paused 4ms, total 4ms
02-03 10:46:58.561 D/dalvikvm( 2070): GC_FOR_ALLOC freed 1741K, 33% free 8354K/12372K, paused 3ms, total 3ms
02-03 10:46:58.571 D/dalvikvm( 2070): GC_FOR_ALLOC freed 1752K, 33% free 8357K/12372K, paused 3ms, total 3ms
02-03 10:46:58.571 D/dalvikvm( 2070): GC_FOR_ALLOC freed 1762K, 33% free 8359K/12372K, paused 4ms, total 4ms
02-03 10:46:58.581 D/dalvikvm( 2070): GC_FOR_ALLOC freed 1772K, 33% free 8362K/12372K, paused 4ms, total 4ms
02-03 10:46:58.581 D/dalvikvm( 2070): GC_FOR_ALLOC freed 1781K, 33% free 8364K/12372K, paused 3ms, total 3ms
02-03 10:46:58.591 D/dalvikvm( 2070): GC_FOR_ALLOC freed 1790K, 33% free 8366K/12372K, paused 3ms, total 3ms
02-03 10:46:58.591 D/dalvikvm( 2070): GC_FOR_ALLOC freed 1800K, 33% free 8368K/12372K, paused 3ms, total 3ms
02-03 10:46:58.591 D/dalvikvm( 2070): GC_FOR_ALLOC freed 1809K, 33% free 8370K/12372K, paused 3ms, total 3ms
02-03 10:46:58.601 D/dalvikvm( 2070): GC_FOR_ALLOC freed 1819K, 33% free 8373K/12372K, paused 3ms, total 3ms
02-03 10:46:58.601 D/dalvikvm( 2070): GC_FOR_ALLOC freed 1828K, 33% free 8375K/12372K, paused 3ms, total 3ms
02-03 10:46:58.611 D/dalvikvm( 2070): GC_FOR_ALLOC freed 1837K, 33% free 8377K/12372K, paused 3ms, total 3ms
02-03 10:46:58.611 D/dalvikvm( 2070): GC_FOR_ALLOC freed 1847K, 34% free 8204K/12372K, paused 3ms, total 3ms
02-03 10:46:58.621 D/dalvikvm( 2070): GC_FOR_ALLOC freed 1856K, 34% free 8205K/12372K, paused 3ms, total 3ms
02-03 10:46:58.621 D/dalvikvm( 2070): GC_FOR_ALLOC freed 1866K, 34% free 8206K/12372K, paused 3ms, total 4ms
02-03 10:46:58.631 D/dalvikvm( 2070): GC_FOR_ALLOC freed 1875K, 34% free 8208K/12372K, paused 3ms, total 3ms
02-03 10:46:58.631 D/dalvikvm( 2070): GC_FOR_ALLOC freed 1885K, 34% free 8209K/12372K, paused 3ms, total 3ms
02-03 10:46:58.641 D/dalvikvm( 2070): GC_FOR_ALLOC freed 1894K, 34% free 8210K/12372K, paused 3ms, total 3ms
02-03 10:46:58.641 D/dalvikvm( 2070): GC_FOR_ALLOC freed 1903K, 34% free 8212K/12372K, paused 3ms, total 3ms
02-03 10:46:58.651 D/dalvikvm( 2070): GC_FOR_ALLOC freed 1730K, 35% free 8122K/12372K, paused 3ms, total 3ms
02-03 10:46:58.651 D/dalvikvm( 2070): GC_FOR_ALLOC freed 1921K, 35% free 8123K/12372K, paused 3ms, total 4ms
02-03 10:46:58.661 D/dalvikvm( 2070): GC_FOR_ALLOC freed 1931K, 35% free 8124K/12372K, paused 5ms, total 5ms
02-03 10:46:58.661 D/dalvikvm( 2070): GC_FOR_ALLOC freed 1940K, 35% free 8125K/12372K, paused 3ms, total 3ms
02-03 10:46:58.671 D/dalvikvm( 2070): GC_FOR_ALLOC freed 1950K, 35% free 8126K/12372K, paused 3ms, total 3ms
02-03 10:46:58.671 D/dalvikvm( 2070): GC_FOR_ALLOC freed 1959K, 35% free 8127K/12372K, paused 4ms, total 4ms
02-03 10:46:58.681 D/dalvikvm( 2070): GC_FOR_ALLOC freed 1968K, 35% free 8128K/12372K, paused 3ms, total 3ms
02-03 10:46:58.681 D/dalvikvm( 2070): GC_FOR_ALLOC freed 1978K, 35% free 8129K/12372K, paused 3ms, total 3ms
02-03 10:46:58.691 D/dalvikvm( 2070): GC_FOR_ALLOC freed 1987K, 35% free 8130K/12372K, paused 3ms, total 3ms
02-03 10:46:58.691 D/dalvikvm( 2070): GC_FOR_ALLOC freed 1997K, 35% free 8130K/12372K, paused 3ms, total 3ms
02-03 10:46:58.701 D/dalvikvm( 2070): GC_FOR_ALLOC freed 2006K, 35% free 8131K/12372K, paused 4ms, total 4ms
02-03 10:46:58.701 D/dalvikvm( 2070): GC_FOR_ALLOC freed 2015K, 35% free 8132K/12372K, paused 3ms, total 3ms
02-03 10:46:58.711 D/dalvikvm( 2070): GC_FOR_ALLOC freed 2025K, 35% free 8133K/12372K, paused 3ms, total 3ms
02-03 10:46:58.711 D/dalvikvm( 2070): GC_FOR_ALLOC freed 2034K, 35% free 8134K/12372K, paused 3ms, total 3ms
02-03 10:46:58.721 D/dalvikvm( 2070): GC_FOR_ALLOC freed 2044K, 35% free 8135K/12372K, paused 3ms, total 3ms
02-03 10:46:58.721 D/dalvikvm( 2070): GC_FOR_ALLOC freed 2053K, 35% free 8136K/12372K, paused 4ms, total 4ms
02-03 10:46:58.731 D/dalvikvm( 2070): GC_FOR_ALLOC freed 1570K, 32% free 8430K/12372K, paused 3ms, total 3ms
02-03 10:46:58.731 D/dalvikvm( 2070): GC_FOR_ALLOC freed 1872K, 35% free 8137K/12372K, paused 3ms, total 3ms
02-03 10:46:58.741 D/dalvikvm( 2070): GC_FOR_ALLOC freed 1582K, 32% free 8434K/12372K, paused 4ms, total 4ms
02-03 10:46:58.741 D/dalvikvm( 2070): GC_FOR_ALLOC freed 1887K, 35% free 8139K/12372K, paused 4ms, total 4ms
02-03 10:46:58.751 D/dalvikvm( 2070): GC_FOR_ALLOC freed 1594K, 32% free 8438K/12372K, paused 3ms, total 3ms
02-03 10:46:58.751 D/dalvikvm( 2070): GC_FOR_ALLOC freed 1901K, 35% free 8140K/12372K, paused 3ms, total 3ms
02-03 10:46:58.761 D/dalvikvm( 2070): GC_FOR_ALLOC freed 1606K, 32% free 8441K/12372K, paused 3ms, total 3ms
02-03 10:46:58.761 D/dalvikvm( 2070): GC_FOR_ALLOC freed 1915K, 36% free 8142K/12576K, paused 3ms, total 3ms
02-03 10:46:58.761 D/dalvikvm( 2070): GC_FOR_ALLOC freed 1618K, 33% free 8445K/12576K, paused 3ms, total 3ms
02-03 10:46:58.771 D/dalvikvm( 2070): GC_FOR_ALLOC freed 1929K, 36% free 8143K/12576K, paused 4ms, total 4ms
02-03 10:46:58.771 D/dalvikvm( 2070): GC_FOR_ALLOC freed 1630K, 33% free 8449K/12576K, paused 3ms, total 3ms
02-03 10:46:58.781 D/dalvikvm( 2070): GC_FOR_ALLOC freed 1944K, 36% free 8145K/12576K, paused 3ms, total 4ms
02-03 10:46:58.781 D/dalvikvm( 2070): GC_FOR_ALLOC freed 1979K, 35% free 8252K/12576K, paused 3ms, total 3ms
02-03 10:46:58.791 D/dalvikvm( 2070): GC_FOR_ALLOC freed 2298K, 36% free 8164K/12576K, paused 4ms, total 4ms
02-03 10:46:58.791 D/dalvikvm( 2070): GC_FOR_ALLOC freed 1762K, 35% free 8274K/12576K, paused 3ms, total 3ms
02-03 10:46:58.801 D/dalvikvm( 2070): GC_FOR_ALLOC freed 1404K, 32% free 8667K/12576K, paused 3ms, total 3ms
02-03 10:46:58.801 I/dalvikvm-heap( 2070): Grow heap (frag case) to 9.506MB for 1048592-byte allocation
02-03 10:46:58.811 D/dalvikvm( 2070): GC_FOR_ALLOC freed <1K, 29% free 9691K/13604K, paused 3ms, total 3ms
02-03 10:46:58.811 D/dalvikvm( 2070): GC_FOR_ALLOC freed <1K, 29% free 9691K/13604K, paused 2ms, total 2ms
02-03 10:46:58.811 I/dalvikvm-heap( 2070): Grow heap (frag case) to 10.506MB for 1048592-byte allocation
02-03 10:46:58.811 D/dalvikvm( 2070): GC_FOR_ALLOC freed <1K, 27% free 10715K/14632K, paused 2ms, total 2ms
02-03 10:46:59.231 D/dalvikvm( 2070): GC_CONCURRENT freed 6765K, 46% free 8024K/14852K, paused 0ms+0ms, total 5ms
02-03 10:46:59.231 D/dalvikvm( 2070): WAIT_FOR_CONCURRENT_GC blocked 4ms
02-03 10:46:59.241 D/dalvikvm( 2070): GC_CONCURRENT freed 4002K, 46% free 8101K/14852K, paused 0ms+1ms, total 4ms
02-03 10:46:59.241 D/dalvikvm( 2070): WAIT_FOR_CONCURRENT_GC blocked 3ms
02-03 10:46:59.251 D/dalvikvm( 2070): GC_CONCURRENT freed 4117K, 46% free 8080K/14852K, paused 0ms+1ms, total 4ms
02-03 10:46:59.251 D/dalvikvm( 2070): WAIT_FOR_CONCURRENT_GC blocked 4ms
02-03 10:46:59.261 D/dalvikvm( 2070): GC_CONCURRENT freed 4033K, 46% free 8142K/14852K, paused 0ms+1ms, total 3ms
02-03 10:46:59.261 D/dalvikvm( 2070): WAIT_FOR_CONCURRENT_GC blocked 4ms
02-03 10:46:59.271 D/dalvikvm( 2070): GC_CONCURRENT freed 4065K, 46% free 8157K/14852K, paused 1ms+1ms, total 4ms
02-03 10:46:59.271 D/dalvikvm( 2070): WAIT_FOR_CONCURRENT_GC blocked 3ms
02-03 10:46:59.281 D/dalvikvm( 2070): GC_CONCURRENT freed 4046K, 45% free 8169K/14852K, paused 1ms+1ms, total 4ms
02-03 10:46:59.281 D/dalvikvm( 2070): WAIT_FOR_CONCURRENT_GC blocked 3ms
02-03 10:46:59.281 D/dalvikvm( 2070): GC_CONCURRENT freed 4107K, 46% free 8147K/14852K, paused 1ms+1ms, total 5ms
02-03 10:46:59.281 D/dalvikvm( 2070): WAIT_FOR_CONCURRENT_GC blocked 4ms
02-03 10:46:59.291 D/dalvikvm( 2070): GC_CONCURRENT freed 4070K, 46% free 8151K/14852K, paused 1ms+1ms, total 4ms
02-03 10:46:59.291 D/dalvikvm( 2070): WAIT_FOR_CONCURRENT_GC blocked 3ms
02-03 10:46:59.301 D/dalvikvm( 2070): GC_CONCURRENT freed 3998K, 45% free 8232K/14852K, paused 1ms+1ms, total 5ms
02-03 10:46:59.301 D/dalvikvm( 2070): WAIT_FOR_CONCURRENT_GC blocked 4ms
02-03 10:46:59.311 D/dalvikvm( 2070): GC_CONCURRENT freed 4231K, 46% free 8075K/14852K, paused 1ms+1ms, total 5ms
02-03 10:46:59.311 D/dalvikvm( 2070): WAIT_FOR_CONCURRENT_GC blocked 4ms
02-03 10:46:59.311 D/dalvikvm( 2070): GC_CONCURRENT freed 3992K, 46% free 8125K/14852K, paused 1ms+1ms, total 4ms
02-03 10:46:59.311 D/dalvikvm( 2070): WAIT_FOR_CONCURRENT_GC blocked 3ms
02-03 10:46:59.321 D/dalvikvm( 2070): GC_CONCURRENT freed 4048K, 46% free 8129K/14852K, paused 0ms+2ms, total 5ms
02-03 10:46:59.321 D/dalvikvm( 2070): WAIT_FOR_CONCURRENT_GC blocked 4ms
02-03 10:46:59.331 D/dalvikvm( 2070): GC_CONCURRENT freed 4082K, 46% free 8085K/14852K, paused 1ms+1ms, total 4ms
02-03 10:46:59.331 D/dalvikvm( 2070): WAIT_FOR_CONCURRENT_GC blocked 3ms
02-03 10:46:59.341 D/dalvikvm( 2070): GC_CONCURRENT freed 4051K, 46% free 8118K/14852K, paused 0ms+1ms, total 3ms
02-03 10:46:59.341 D/dalvikvm( 2070): WAIT_FOR_CONCURRENT_GC blocked 4ms
02-03 10:46:59.351 D/dalvikvm( 2070): GC_CONCURRENT freed 3996K, 45% free 8174K/14852K, paused 1ms+1ms, total 4ms
02-03 10:46:59.351 D/dalvikvm( 2070): WAIT_FOR_CONCURRENT_GC blocked 3ms
02-03 10:46:59.351 D/dalvikvm( 2070): GC_CONCURRENT freed 3978K, 45% free 8177K/14852K, paused 1ms+1ms, total 4ms
02-03 10:46:59.351 D/dalvikvm( 2070): WAIT_FOR_CONCURRENT_GC blocked 3ms
02-03 10:46:59.361 D/dalvikvm( 2070): GC_CONCURRENT freed 3941K, 45% free 8233K/14852K, paused 1ms+1ms, total 5ms
02-03 10:46:59.361 D/dalvikvm( 2070): WAIT_FOR_CONCURRENT_GC blocked 4ms
02-03 10:46:59.371 D/dalvikvm( 2070): GC_FOR_ALLOC freed 4115K, 46% free 8071K/14852K, paused 3ms, total 3ms
02-03 10:46:59.371 D/dalvikvm( 2070): GC_FOR_ALLOC freed 3949K, 46% free 8070K/14852K, paused 4ms, total 4ms
02-03 10:46:59.381 D/dalvikvm( 2070): GC_CONCURRENT freed 3933K, 45% free 8189K/14852K, paused 1ms+1ms, total 4ms
02-03 10:46:59.381 D/dalvikvm( 2070): WAIT_FOR_CONCURRENT_GC blocked 3ms
02-03 10:46:59.391 D/dalvikvm( 2070): GC_CONCURRENT freed 3974K, 45% free 8250K/14852K, paused 1ms+1ms, total 4ms
02-03 10:46:59.391 D/dalvikvm( 2070): WAIT_FOR_CONCURRENT_GC blocked 3ms
02-03 10:46:59.391 D/dalvikvm( 2070): GC_FOR_ALLOC freed 4133K, 46% free 8071K/14852K, paused 3ms, total 3ms
02-03 10:46:59.401 D/dalvikvm( 2070): GC_FOR_ALLOC freed 3917K, 46% free 8069K/14852K, paused 4ms, total 4ms
02-03 10:46:59.411 D/dalvikvm( 2070): GC_CONCURRENT freed 3874K, 45% free 8228K/14852K, paused 1ms+1ms, total 5ms
02-03 10:46:59.411 D/dalvikvm( 2070): WAIT_FOR_CONCURRENT_GC blocked 4ms
02-03 10:46:59.421 D/dalvikvm( 2070): GC_CONCURRENT freed 4084K, 45% free 8229K/14852K, paused 1ms+1ms, total 4ms
02-03 10:46:59.421 D/dalvikvm( 2070): WAIT_FOR_CONCURRENT_GC blocked 3ms
02-03 10:46:59.421 D/dalvikvm( 2070): GC_CONCURRENT freed 3967K, 45% free 8296K/14852K, paused 1ms+1ms, total 4ms
02-03 10:46:59.421 D/dalvikvm( 2070): WAIT_FOR_CONCURRENT_GC blocked 3ms
02-03 10:46:59.431 D/dalvikvm( 2070): GC_FOR_ALLOC freed 4113K, 46% free 8096K/14852K, paused 4ms, total 4ms
02-03 10:46:59.441 D/dalvikvm( 2070): GC_CONCURRENT freed 3984K, 46% free 8163K/14852K, paused 0ms+1ms, total 4ms
02-03 10:46:59.441 D/dalvikvm( 2070): WAIT_FOR_CONCURRENT_GC blocked 3ms
02-03 10:46:59.441 D/dalvikvm( 2070): GC_CONCURRENT freed 3915K, 45% free 8303K/14852K, paused 1ms+1ms, total 4ms
02-03 10:46:59.441 D/dalvikvm( 2070): WAIT_FOR_CONCURRENT_GC blocked 3ms
02-03 10:46:59.451 D/dalvikvm( 2070): GC_CONCURRENT freed 3982K, 45% free 8305K/14852K, paused 1ms+1ms, total 4ms
02-03 10:46:59.451 D/dalvikvm( 2070): WAIT_FOR_CONCURRENT_GC blocked 3ms
02-03 10:46:59.461 D/dalvikvm( 2070): GC_CONCURRENT freed 4267K, 46% free 8089K/14852K, paused 1ms+1ms, total 4ms
02-03 10:46:59.461 D/dalvikvm( 2070): WAIT_FOR_CONCURRENT_GC blocked 3ms
02-03 10:46:59.461 D/dalvikvm( 2070): GC_CONCURRENT freed 3751K, 44% free 8341K/14852K, paused 0ms+1ms, total 4ms
02-03 10:46:59.461 D/dalvikvm( 2070): WAIT_FOR_CONCURRENT_GC blocked 3ms
02-03 10:46:59.471 D/dalvikvm( 2070): GC_FOR_ALLOC freed 4181K, 46% free 8118K/14852K, paused 3ms, total 3ms
02-03 10:46:59.481 D/dalvikvm( 2070): GC_CONCURRENT freed 3866K, 44% free 8344K/14852K, paused 0ms+0ms, total 4ms
02-03 10:46:59.481 D/dalvikvm( 2070): WAIT_FOR_CONCURRENT_GC blocked 4ms
02-03 10:46:59.491 D/dalvikvm( 2070): GC_FOR_ALLOC freed 4154K, 46% free 8115K/14852K, paused 4ms, total 4ms
02-03 10:46:59.501 D/dalvikvm( 2070): GC_CONCURRENT freed 3980K, 45% free 8191K/14852K, paused 1ms+1ms, total 4ms
02-03 10:46:59.501 D/dalvikvm( 2070): WAIT_FOR_CONCURRENT_GC blocked 3ms
02-03 10:46:59.501 D/dalvikvm( 2070): GC_CONCURRENT freed 4115K, 46% free 8111K/14852K, paused 1ms+1ms, total 4ms
02-03 10:46:59.501 D/dalvikvm( 2070): WAIT_FOR_CONCURRENT_GC blocked 3ms
02-03 10:46:59.511 D/dalvikvm( 2070): GC_CONCURRENT freed 3932K, 45% free 8274K/14852K, paused 1ms+0ms, total 5ms
02-03 10:46:59.511 D/dalvikvm( 2070): WAIT_FOR_CONCURRENT_GC blocked 4ms
02-03 10:46:59.521 D/dalvikvm( 2070): GC_CONCURRENT freed 3988K, 45% free 8275K/14852K, paused 0ms+0ms, total 4ms
02-03 10:46:59.521 D/dalvikvm( 2070): WAIT_FOR_CONCURRENT_GC blocked 4ms
02-03 10:46:59.531 D/dalvikvm( 2070): GC_CONCURRENT freed 4041K, 45% free 8275K/14852K, paused 1ms+1ms, total 5ms
02-03 10:46:59.531 D/dalvikvm( 2070): WAIT_FOR_CONCURRENT_GC blocked 4ms
02-03 10:46:59.531 D/dalvikvm( 2070): GC_FOR_ALLOC freed 3843K, 44% free 8390K/14852K, paused 3ms, total 3ms
02-03 10:46:59.541 D/dalvikvm( 2070): GC_CONCURRENT freed 3976K, 44% free 8392K/14852K, paused 0ms+1ms, total 4ms
02-03 10:46:59.541 D/dalvikvm( 2070): WAIT_FOR_CONCURRENT_GC blocked 3ms
02-03 10:46:59.541 D/dalvikvm( 2070): GC_FOR_ALLOC freed 4195K, 46% free 8136K/14852K, paused 3ms, total 3ms
02-03 10:46:59.551 D/dalvikvm( 2070): GC_CONCURRENT freed 3810K, 44% free 8393K/14852K, paused 1ms+1ms, total 5ms
02-03 10:46:59.551 D/dalvikvm( 2070): WAIT_FOR_CONCURRENT_GC blocked 4ms
02-03 10:46:59.561 D/dalvikvm( 2070): GC_FOR_ALLOC freed 4116K, 46% free 8132K/14852K, paused 5ms, total 5ms
02-03 10:46:59.571 D/dalvikvm( 2070): GC_CONCURRENT freed 3896K, 45% free 8218K/14852K, paused 1ms+1ms, total 5ms
02-03 10:46:59.571 D/dalvikvm( 2070): WAIT_FOR_CONCURRENT_GC blocked 4ms
02-03 10:46:59.571 D/dalvikvm( 2070): GC_FOR_ALLOC freed 3758K, 44% free 8396K/14852K, paused 5ms, total 5ms
02-03 10:46:59.581 D/dalvikvm( 2070): GC_CONCURRENT freed 4069K, 45% free 8306K/14852K, paused 1ms+1ms, total 4ms
02-03 10:46:59.581 D/dalvikvm( 2070): WAIT_FOR_CONCURRENT_GC blocked 3ms
02-03 10:46:59.591 D/dalvikvm( 2070): GC_FOR_ALLOC freed 4019K, 46% free 8155K/14852K, paused 4ms, total 4ms
02-03 10:46:59.591 D/dalvikvm( 2070): GC_FOR_ALLOC freed 3875K, 46% free 8153K/14852K, paused 4ms, total 4ms
02-03 10:46:59.601 D/dalvikvm( 2070): GC_FOR_ALLOC freed 3913K, 46% free 8151K/14852K, paused 4ms, total 4ms
02-03 10:46:59.611 D/dalvikvm( 2070): GC_FOR_ALLOC freed 3951K, 46% free 8149K/14852K, paused 3ms, total 3ms
02-03 10:46:59.611 D/dalvikvm( 2070): GC_CONCURRENT freed 3798K, 44% free 8336K/14852K, paused 0ms+2ms, total 4ms
02-03 10:46:59.611 D/dalvikvm( 2070): WAIT_FOR_CONCURRENT_GC blocked 4ms
02-03 10:46:59.621 D/dalvikvm( 2070): GC_CONCURRENT freed 4024K, 44% free 8336K/14852K, paused 0ms+1ms, total 4ms
02-03 10:46:59.621 D/dalvikvm( 2070): WAIT_FOR_CONCURRENT_GC blocked 4ms
02-03 10:46:59.631 D/dalvikvm( 2070): GC_CONCURRENT freed 4062K, 44% free 8336K/14852K, paused 0ms+1ms, total 4ms
02-03 10:46:59.631 D/dalvikvm( 2070): WAIT_FOR_CONCURRENT_GC blocked 3ms
02-03 10:46:59.631 D/dalvikvm( 2070): GC_FOR_ALLOC freed 3805K, 34% free 8432K/12668K, paused 4ms, total 4ms
02-03 10:46:59.641 D/dalvikvm( 2070): GC_FOR_ALLOC freed 2060K, 34% free 8434K/12668K, paused 3ms, total 3ms
02-03 10:46:59.641 D/dalvikvm( 2070): GC_FOR_ALLOC freed 2070K, 35% free 8239K/12668K, paused 4ms, total 4ms
02-03 10:46:59.651 D/dalvikvm( 2070): GC_FOR_ALLOC freed 2079K, 35% free 8241K/12668K, paused 3ms, total 3ms
02-03 10:46:59.651 D/dalvikvm( 2070): GC_FOR_ALLOC freed 2088K, 35% free 8242K/12668K, paused 4ms, total 4ms
02-03 10:46:59.661 D/dalvikvm( 2070): GC_FOR_ALLOC freed 2098K, 35% free 8243K/12668K, paused 4ms, total 4ms
02-03 10:46:59.671 D/dalvikvm( 2070): GC_FOR_ALLOC freed 2107K, 35% free 8245K/12668K, paused 4ms, total 4ms
02-03 10:46:59.671 D/dalvikvm( 2070): GC_FOR_ALLOC freed 2117K, 35% free 8246K/12668K, paused 3ms, total 3ms
02-03 10:46:59.681 D/dalvikvm( 2070): GC_FOR_ALLOC freed 2126K, 35% free 8247K/12668K, paused 3ms, total 3ms
02-03 10:46:59.681 D/dalvikvm( 2070): GC_FOR_ALLOC freed 2136K, 35% free 8249K/12668K, paused 3ms, total 3ms
02-03 10:46:59.691 D/dalvikvm( 2070): GC_FOR_ALLOC freed 2146K, 35% free 8250K/12668K, paused 3ms, total 3ms
02-03 10:46:59.691 D/dalvikvm( 2070): GC_FOR_ALLOC freed 2280K, 36% free 8179K/12668K, paused 3ms, total 3ms
02-03 10:46:59.701 D/dalvikvm( 2070): GC_FOR_ALLOC freed 1951K, 33% free 8506K/12668K, paused 4ms, total 4ms
02-03 10:46:59.701 D/dalvikvm( 2070): GC_FOR_ALLOC freed 1541K, 33% free 8506K/12668K, paused 3ms, total 4ms
02-03 10:46:59.711 D/dalvikvm( 2070): GC_FOR_ALLOC freed 2178K, 40% free 7650K/12668K, paused 3ms, total 3ms
02-03 10:46:59.711 D/dalvikvm( 2070): GC_FOR_ALLOC freed <1K, 32% free 8675K/12668K, paused 2ms, total 2ms
02-03 10:46:59.711 I/dalvikvm-heap( 2070): Grow heap (frag case) to 9.514MB for 1048592-byte allocation
02-03 10:46:59.721 D/dalvikvm( 2070): GC_FOR_ALLOC freed <1K, 30% free 9699K/13696K, paused 3ms, total 3ms
02-03 10:46:59.721 D/dalvikvm( 2070): GC_FOR_ALLOC freed <1K, 30% free 9699K/13696K, paused 2ms, total 2ms
02-03 10:46:59.721 I/dalvikvm-heap( 2070): Grow heap (frag case) to 10.514MB for 1048592-byte allocation
02-03 10:46:59.721 D/dalvikvm( 2070): GC_FOR_ALLOC freed 0K, 28% free 10723K/14724K, paused 3ms, total 3ms
02-03 10:47:00.001 D/Clock   (  602): ACTION_TIME_TICK
02-03 10:47:00.001 D/Clock   (  602): update clock:上午10:47
02-03 10:47:00.041 D/BatteryStatsImpl(  547): noteStopWakeLocked system isFromForeground = false
02-03 10:47:00.191 D/dalvikvm( 2070): GC_CONCURRENT freed 6800K, 47% free 7988K/14852K, paused 0ms+1ms, total 17ms
02-03 10:47:00.191 D/dalvikvm( 2070): WAIT_FOR_CONCURRENT_GC blocked 16ms
02-03 10:47:00.201 D/dalvikvm( 2070): GC_CONCURRENT freed 4082K, 36% free 7985K/12344K, paused 0ms+1ms, total 4ms
02-03 10:47:00.201 D/dalvikvm( 2070): WAIT_FOR_CONCURRENT_GC blocked 4ms
02-03 10:47:00.211 D/dalvikvm( 2070): GC_FOR_ALLOC freed 3655K, 36% free 7985K/12344K, paused 3ms, total 3ms
02-03 10:47:00.221 D/dalvikvm( 2070): GC_FOR_ALLOC freed 3454K, 35% free 8027K/12344K, paused 3ms, total 3ms
02-03 10:47:00.221 D/dalvikvm( 2070): GC_FOR_ALLOC freed 3262K, 36% free 8014K/12344K, paused 4ms, total 4ms
02-03 10:47:00.231 D/dalvikvm( 2070): GC_FOR_ALLOC freed 3232K, 36% free 8013K/12344K, paused 3ms, total 3ms
02-03 10:47:00.241 D/dalvikvm( 2070): GC_FOR_ALLOC freed 3210K, 36% free 7980K/12344K, paused 3ms, total 3ms
02-03 10:47:00.241 D/dalvikvm( 2070): GC_FOR_ALLOC freed 3021K, 36% free 7980K/12344K, paused 4ms, total 4ms
02-03 10:47:00.251 D/dalvikvm( 2070): GC_FOR_ALLOC freed 2946K, 36% free 7980K/12344K, paused 3ms, total 3ms
02-03 10:47:00.251 D/dalvikvm( 2070): GC_FOR_ALLOC freed 3096K, 36% free 7979K/12344K, paused 3ms, total 3ms
02-03 10:47:00.261 D/dalvikvm( 2070): GC_FOR_ALLOC freed 2774K, 35% free 8127K/12344K, paused 3ms, total 4ms
02-03 10:47:00.271 D/dalvikvm( 2070): GC_FOR_ALLOC freed 2804K, 35% free 8130K/12344K, paused 3ms, total 3ms
02-03 10:47:00.271 D/dalvikvm( 2070): GC_FOR_ALLOC freed 2915K, 35% free 8050K/12344K, paused 4ms, total 4ms
02-03 10:47:00.281 D/dalvikvm( 2070): GC_FOR_ALLOC freed 2934K, 36% free 8008K/12344K, paused 3ms, total 3ms
02-03 10:47:00.281 D/dalvikvm( 2070): GC_FOR_ALLOC freed 2806K, 36% free 8006K/12344K, paused 4ms, total 4ms
02-03 10:47:00.291 D/dalvikvm( 2070): GC_FOR_ALLOC freed 2891K, 36% free 8005K/12344K, paused 3ms, total 3ms
02-03 10:47:00.291 D/dalvikvm( 2070): GC_FOR_ALLOC freed 2736K, 35% free 8145K/12344K, paused 3ms, total 3ms
02-03 10:47:00.301 D/dalvikvm( 2070): GC_FOR_ALLOC freed 2711K, 35% free 8050K/12344K, paused 3ms, total 3ms
02-03 10:47:00.301 D/dalvikvm( 2070): GC_FOR_ALLOC freed 2678K, 35% free 8032K/12344K, paused 3ms, total 4ms
02-03 10:47:00.311 D/dalvikvm( 2070): GC_FOR_ALLOC freed 2484K, 35% free 8030K/12344K, paused 3ms, total 3ms
02-03 10:47:00.311 D/dalvikvm( 2070): GC_FOR_ALLOC freed 2535K, 35% free 8028K/12344K, paused 3ms, total 3ms
02-03 10:47:00.321 D/dalvikvm( 2070): GC_FOR_ALLOC freed 2320K, 34% free 8184K/12344K, paused 4ms, total 4ms
02-03 10:47:00.331 D/dalvikvm( 2070): GC_FOR_ALLOC freed 2253K, 34% free 8185K/12344K, paused 4ms, total 4ms
02-03 10:47:00.331 D/dalvikvm( 2070): GC_FOR_ALLOC freed 2291K, 34% free 8185K/12344K, paused 3ms, total 3ms
02-03 10:47:00.341 D/dalvikvm( 2070): GC_FOR_ALLOC freed 2329K, 34% free 8186K/12344K, paused 3ms, total 3ms
02-03 10:47:00.341 D/dalvikvm( 2070): GC_FOR_ALLOC freed 2253K, 36% free 8017K/12344K, paused 3ms, total 3ms
02-03 10:47:00.351 D/dalvikvm( 2070): GC_FOR_ALLOC freed 2402K, 35% free 8047K/12344K, paused 3ms, total 4ms
02-03 10:47:00.351 D/dalvikvm( 2070): GC_FOR_ALLOC freed 2440K, 35% free 8045K/12344K, paused 3ms, total 3ms
02-03 10:47:00.361 D/dalvikvm( 2070): GC_FOR_ALLOC freed 2477K, 35% free 8043K/12344K, paused 3ms, total 3ms
02-03 10:47:00.361 D/dalvikvm( 2070): GC_FOR_ALLOC freed 2515K, 35% free 8040K/12344K, paused 3ms, total 3ms
02-03 10:47:00.371 D/dalvikvm( 2070): GC_FOR_ALLOC freed 2553K, 35% free 8038K/12344K, paused 4ms, total 4ms
02-03 10:47:00.371 D/dalvikvm( 2070): GC_FOR_ALLOC freed 2280K, 34% free 8220K/12344K, paused 3ms, total 3ms
02-03 10:47:00.381 D/dalvikvm( 2070): GC_FOR_ALLOC freed 2184K, 34% free 8220K/12344K, paused 3ms, total 3ms
02-03 10:47:00.381 D/dalvikvm( 2070): GC_FOR_ALLOC freed 2210K, 34% free 8220K/12344K, paused 3ms, total 3ms
02-03 10:47:00.391 D/dalvikvm( 2070): GC_FOR_ALLOC freed 2237K, 34% free 8252K/12344K, paused 4ms, total 4ms
02-03 10:47:00.391 D/dalvikvm( 2070): GC_FOR_ALLOC freed 2263K, 34% free 8251K/12344K, paused 5ms, total 5ms
02-03 10:47:00.401 D/dalvikvm( 2070): GC_FOR_ALLOC freed 2289K, 35% free 8120K/12344K, paused 3ms, total 3ms
02-03 10:47:00.401 D/dalvikvm( 2070): GC_FOR_ALLOC freed 2183K, 35% free 8053K/12344K, paused 3ms, total 3ms
02-03 10:47:00.411 D/dalvikvm( 2070): GC_FOR_ALLOC freed 2000K, 34% free 8254K/12344K, paused 5ms, total 5ms
02-03 10:47:00.421 D/dalvikvm( 2070): GC_FOR_ALLOC freed 2227K, 35% free 8051K/12344K, paused 3ms, total 3ms
02-03 10:47:00.421 D/dalvikvm( 2070): GC_FOR_ALLOC freed 2040K, 34% free 8256K/12344K, paused 4ms, total 4ms
02-03 10:47:00.431 D/dalvikvm( 2070): GC_FOR_ALLOC freed 2271K, 35% free 8050K/12344K, paused 4ms, total 4ms
02-03 10:47:00.431 D/dalvikvm( 2070): GC_FOR_ALLOC freed 2081K, 34% free 8259K/12344K, paused 3ms, total 3ms
02-03 10:47:00.441 D/dalvikvm( 2070): GC_FOR_ALLOC freed 2316K, 35% free 8049K/12344K, paused 3ms, total 3ms
02-03 10:47:00.441 D/dalvikvm( 2070): GC_FOR_ALLOC freed 2121K, 34% free 8262K/12344K, paused 3ms, total 3ms
02-03 10:47:00.451 D/dalvikvm( 2070): GC_FOR_ALLOC freed 1997K, 34% free 8265K/12344K, paused 3ms, total 3ms
02-03 10:47:00.451 D/dalvikvm( 2070): GC_FOR_ALLOC freed 2014K, 34% free 8268K/12344K, paused 4ms, total 4ms
02-03 10:47:00.461 D/dalvikvm( 2070): GC_FOR_ALLOC freed 2031K, 33% free 8271K/12344K, paused 3ms, total 3ms
02-03 10:47:00.461 D/dalvikvm( 2070): GC_FOR_ALLOC freed 2047K, 33% free 8274K/12344K, paused 3ms, total 4ms
02-03 10:47:00.471 D/dalvikvm( 2070): GC_FOR_ALLOC freed 2064K, 33% free 8277K/12344K, paused 3ms, total 3ms
02-03 10:47:00.471 D/dalvikvm( 2070): GC_FOR_ALLOC freed 2081K, 35% free 8131K/12344K, paused 3ms, total 3ms
02-03 10:47:00.481 D/dalvikvm( 2070): GC_FOR_ALLOC freed 2098K, 35% free 8133K/12344K, paused 4ms, total 4ms
02-03 10:47:00.481 D/dalvikvm( 2070): GC_FOR_ALLOC freed 1963K, 35% free 8060K/12344K, paused 3ms, total 3ms
02-03 10:47:00.491 D/dalvikvm( 2070): GC_FOR_ALLOC freed 2130K, 35% free 8061K/12344K, paused 3ms, total 3ms
02-03 10:47:00.491 D/dalvikvm( 2070): GC_FOR_ALLOC freed 2147K, 35% free 8062K/12344K, paused 4ms, total 4ms
02-03 10:47:00.501 D/dalvikvm( 2070): GC_FOR_ALLOC freed 1775K, 33% free 8294K/12344K, paused 4ms, total 4ms
02-03 10:47:00.501 D/dalvikvm( 2070): GC_FOR_ALLOC freed 2021K, 35% free 8064K/12344K, paused 3ms, total 3ms
02-03 10:47:00.511 D/dalvikvm( 2070): GC_FOR_ALLOC freed 1799K, 33% free 8299K/12344K, paused 3ms, total 3ms
02-03 10:47:00.511 D/dalvikvm( 2070): GC_FOR_ALLOC freed 2049K, 35% free 8066K/12344K, paused 4ms, total 4ms
02-03 10:47:00.521 D/dalvikvm( 2070): GC_FOR_ALLOC freed 1824K, 33% free 8304K/12344K, paused 4ms, total 4ms
02-03 10:47:00.521 D/dalvikvm( 2070): GC_FOR_ALLOC freed 2076K, 35% free 8068K/12344K, paused 4ms, total 4ms
02-03 10:47:00.531 D/dalvikvm( 2070): GC_FOR_ALLOC freed 1850K, 33% free 8310K/12344K, paused 3ms, total 3ms
02-03 10:47:00.531 D/dalvikvm( 2070): GC_FOR_ALLOC freed 2106K, 35% free 8070K/12344K, paused 3ms, total 3ms
02-03 10:47:00.541 D/dalvikvm( 2070): GC_FOR_ALLOC freed 1874K, 33% free 8316K/12344K, paused 3ms, total 3ms
02-03 10:47:00.541 D/dalvikvm( 2070): GC_FOR_ALLOC freed 2134K, 35% free 8073K/12344K, paused 3ms, total 3ms
02-03 10:47:00.551 D/dalvikvm( 2070): GC_FOR_ALLOC freed 1899K, 33% free 8321K/12344K, paused 3ms, total 3ms
02-03 10:47:00.551 D/dalvikvm( 2070): GC_FOR_ALLOC freed 1745K, 34% free 8157K/12344K, paused 3ms, total 3ms
02-03 10:47:00.561 D/dalvikvm( 2070): GC_FOR_ALLOC freed 1756K, 33% free 8326K/12344K, paused 3ms, total 3ms
02-03 10:47:00.561 D/dalvikvm( 2070): GC_FOR_ALLOC freed 1765K, 33% free 8328K/12344K, paused 4ms, total 4ms
02-03 10:47:00.571 D/dalvikvm( 2070): GC_FOR_ALLOC freed 1775K, 33% free 8330K/12344K, paused 4ms, total 4ms
02-03 10:47:00.571 D/dalvikvm( 2070): GC_FOR_ALLOC freed 1784K, 33% free 8333K/12344K, paused 3ms, total 3ms
02-03 10:47:00.581 D/dalvikvm( 2070): GC_FOR_ALLOC freed 1794K, 34% free 8164K/12344K, paused 4ms, total 4ms
02-03 10:47:00.581 D/dalvikvm( 2070): GC_FOR_ALLOC freed 1803K, 34% free 8165K/12344K, paused 3ms, total 3ms
02-03 10:47:00.591 D/dalvikvm( 2070): GC_FOR_ALLOC freed 1812K, 34% free 8167K/12344K, paused 3ms, total 3ms
02-03 10:47:00.591 D/dalvikvm( 2070): GC_FOR_ALLOC freed 1822K, 34% free 8168K/12344K, paused 3ms, total 3ms
02-03 10:47:00.601 D/dalvikvm( 2070): GC_FOR_ALLOC freed 1831K, 34% free 8169K/12344K, paused 3ms, total 3ms
02-03 10:47:00.601 D/dalvikvm( 2070): GC_FOR_ALLOC freed 1841K, 34% free 8171K/12344K, paused 3ms, total 3ms
02-03 10:47:00.601 D/dalvikvm( 2070): GC_FOR_ALLOC freed 1850K, 34% free 8172K/12344K, paused 3ms, total 3ms
02-03 10:47:00.611 D/dalvikvm( 2070): GC_FOR_ALLOC freed 1859K, 34% free 8173K/12344K, paused 3ms, total 3ms
02-03 10:47:00.611 D/dalvikvm( 2070): GC_FOR_ALLOC freed 1869K, 34% free 8175K/12344K, paused 3ms, total 3ms
02-03 10:47:00.621 D/dalvikvm( 2070): GC_FOR_ALLOC freed 1878K, 34% free 8176K/12344K, paused 3ms, total 3ms
02-03 10:47:00.621 D/dalvikvm( 2070): GC_FOR_ALLOC freed 1888K, 34% free 8178K/12344K, paused 3ms, total 3ms
02-03 10:47:00.631 D/dalvikvm( 2070): GC_FOR_ALLOC freed 1897K, 34% free 8179K/12344K, paused 3ms, total 3ms
02-03 10:47:00.631 D/dalvikvm( 2070): GC_FOR_ALLOC freed 1907K, 34% free 8180K/12344K, paused 3ms, total 3ms
02-03 10:47:00.641 D/dalvikvm( 2070): GC_FOR_ALLOC freed 1733K, 35% free 8091K/12344K, paused 3ms, total 3ms
02-03 10:47:00.641 D/dalvikvm( 2070): GC_FOR_ALLOC freed 1924K, 35% free 8092K/12344K, paused 4ms, total 4ms
02-03 10:47:00.651 D/dalvikvm( 2070): GC_FOR_ALLOC freed 1934K, 35% free 8093K/12344K, paused 3ms, total 3ms
02-03 10:47:00.651 D/dalvikvm( 2070): GC_FOR_ALLOC freed 1943K, 35% free 8093K/12344K, paused 3ms, total 3ms
02-03 10:47:00.661 D/dalvikvm( 2070): GC_FOR_ALLOC freed 1953K, 35% free 8094K/12344K, paused 3ms, total 3ms
02-03 10:47:00.661 D/dalvikvm( 2070): GC_FOR_ALLOC freed 1962K, 35% free 8095K/12344K, paused 4ms, total 4ms
02-03 10:47:00.671 D/dalvikvm( 2070): GC_FOR_ALLOC freed 1971K, 35% free 8096K/12344K, paused 3ms, total 3ms
02-03 10:47:00.671 D/dalvikvm( 2070): GC_FOR_ALLOC freed 1981K, 35% free 8097K/12344K, paused 3ms, total 3ms
02-03 10:47:00.681 D/dalvikvm( 2070): GC_FOR_ALLOC freed 1515K, 33% free 8381K/12344K, paused 3ms, total 3ms
02-03 10:47:00.681 D/dalvikvm( 2070): GC_FOR_ALLOC freed 1807K, 35% free 8099K/12344K, paused 3ms, total 3ms
02-03 10:47:00.691 D/dalvikvm( 2070): GC_FOR_ALLOC freed 1527K, 33% free 8385K/12344K, paused 3ms, total 3ms
02-03 10:47:00.691 D/dalvikvm( 2070): GC_FOR_ALLOC freed 1821K, 35% free 8100K/12344K, paused 3ms, total 3ms
02-03 10:47:00.691 D/dalvikvm( 2070): GC_FOR_ALLOC freed 1539K, 33% free 8389K/12344K, paused 3ms, total 3ms
02-03 10:47:00.701 D/dalvikvm( 2070): GC_FOR_ALLOC freed 1836K, 35% free 8102K/12344K, paused 3ms, total 3ms
02-03 10:47:00.701 D/dalvikvm( 2070): GC_FOR_ALLOC freed 1551K, 33% free 8392K/12344K, paused 3ms, total 3ms
02-03 10:47:00.711 D/dalvikvm( 2070): GC_FOR_ALLOC freed 1850K, 35% free 8103K/12344K, paused 4ms, total 4ms
02-03 10:47:00.711 D/dalvikvm( 2070): GC_FOR_ALLOC freed 1563K, 32% free 8396K/12344K, paused 3ms, total 3ms
02-03 10:47:00.721 D/dalvikvm( 2070): GC_FOR_ALLOC freed 1864K, 35% free 8105K/12344K, paused 3ms, total 3ms
02-03 10:47:00.721 D/dalvikvm( 2070): GC_FOR_ALLOC freed 1575K, 32% free 8400K/12344K, paused 4ms, total 4ms
02-03 10:47:00.731 D/dalvikvm( 2070): GC_FOR_ALLOC freed 1878K, 35% free 8106K/12344K, paused 4ms, total 4ms
02-03 10:47:00.731 D/dalvikvm( 2070): GC_FOR_ALLOC freed 1587K, 32% free 8404K/12344K, paused 3ms, total 3ms
02-03 10:47:00.741 D/dalvikvm( 2070): GC_FOR_ALLOC freed 1892K, 35% free 8108K/12344K, paused 3ms, total 3ms
02-03 10:47:00.741 D/dalvikvm( 2070): GC_FOR_ALLOC freed 1599K, 32% free 8407K/12344K, paused 4ms, total 4ms
02-03 10:47:00.751 D/dalvikvm( 2070): GC_FOR_ALLOC freed 1907K, 35% free 8109K/12344K, paused 3ms, total 3ms
02-03 10:47:00.751 D/dalvikvm( 2070): GC_FOR_ALLOC freed 1611K, 32% free 8411K/12344K, paused 4ms, total 4ms
02-03 10:47:00.761 D/dalvikvm( 2070): GC_FOR_ALLOC freed 1921K, 36% free 8111K/12548K, paused 4ms, total 4ms
02-03 10:47:00.761 D/dalvikvm( 2070): GC_FOR_ALLOC freed 1623K, 33% free 8415K/12548K, paused 3ms, total 3ms
02-03 10:47:00.771 D/dalvikvm( 2070): GC_FOR_ALLOC freed 1935K, 36% free 8112K/12548K, paused 3ms, total 3ms
02-03 10:47:00.771 D/dalvikvm( 2070): GC_FOR_ALLOC freed 1635K, 33% free 8419K/12548K, paused 3ms, total 3ms
02-03 10:47:00.781 D/dalvikvm( 2070): GC_FOR_ALLOC freed 2070K, 36% free 8107K/12548K, paused 3ms, total 3ms
02-03 10:47:00.781 D/dalvikvm( 2070): GC_FOR_ALLOC freed 2173K, 35% free 8238K/12548K, paused 4ms, total 4ms
02-03 10:47:00.791 D/dalvikvm( 2070): GC_FOR_ALLOC freed 1541K, 33% free 8458K/12548K, paused 3ms, total 3ms
02-03 10:47:00.791 D/dalvikvm( 2070): GC_FOR_ALLOC freed 2130K, 40% free 7650K/12548K, paused 3ms, total 3ms
02-03 10:47:00.801 D/dalvikvm( 2070): GC_FOR_ALLOC freed <1K, 31% free 8675K/12548K, paused 2ms, total 2ms
02-03 10:47:00.801 I/dalvikvm-heap( 2070): Grow heap (frag case) to 9.514MB for 1048592-byte allocation
02-03 10:47:00.801 D/dalvikvm( 2070): GC_FOR_ALLOC freed 4K, 29% free 9695K/13576K, paused 2ms, total 2ms
02-03 10:47:00.801 D/dalvikvm( 2070): GC_FOR_ALLOC freed <1K, 29% free 9695K/13576K, paused 2ms, total 2ms
02-03 10:47:00.801 I/dalvikvm-heap( 2070): Grow heap (frag case) to 10.510MB for 1048592-byte allocation
02-03 10:47:00.811 D/dalvikvm( 2070): GC_FOR_ALLOC freed 0K, 27% free 10719K/14604K, paused 2ms, total 2ms
02-03 10:47:01.241 D/dalvikvm( 2070): GC_CONCURRENT freed 6769K, 47% free 8020K/14852K, paused 0ms+1ms, total 17ms
02-03 10:47:01.241 D/dalvikvm( 2070): WAIT_FOR_CONCURRENT_GC blocked 16ms
02-03 10:47:01.251 D/dalvikvm( 2070): GC_CONCURRENT freed 4006K, 35% free 8094K/12404K, paused 1ms+1ms, total 5ms
02-03 10:47:01.251 D/dalvikvm( 2070): WAIT_FOR_CONCURRENT_GC blocked 4ms
02-03 10:47:01.261 D/dalvikvm( 2070): GC_FOR_ALLOC freed 3719K, 35% free 8070K/12404K, paused 4ms, total 4ms
02-03 10:47:01.271 D/dalvikvm( 2070): GC_FOR_ALLOC freed 3619K, 36% free 8028K/12404K, paused 4ms, total 4ms
02-03 10:47:01.271 D/dalvikvm( 2070): GC_FOR_ALLOC freed 3426K, 36% free 8004K/12404K, paused 4ms, total 4ms
02-03 10:47:01.281 D/dalvikvm( 2070): GC_FOR_ALLOC freed 3321K, 35% free 8122K/12404K, paused 3ms, total 3ms
02-03 10:47:01.291 D/dalvikvm( 2070): GC_FOR_ALLOC freed 3241K, 36% free 8029K/12404K, paused 3ms, total 3ms
02-03 10:47:01.291 D/dalvikvm( 2070): GC_FOR_ALLOC freed 3117K, 35% free 8062K/12404K, paused 3ms, total 3ms
02-03 10:47:01.301 D/dalvikvm( 2070): GC_FOR_ALLOC freed 3156K, 36% free 8029K/12404K, paused 4ms, total 4ms
02-03 10:47:01.301 D/dalvikvm( 2070): GC_FOR_ALLOC freed 3134K, 36% free 8028K/12404K, paused 4ms, total 4ms
02-03 10:47:01.311 D/dalvikvm( 2070): GC_FOR_ALLOC freed 3005K, 36% free 8027K/12404K, paused 3ms, total 3ms
02-03 10:47:01.321 D/dalvikvm( 2070): GC_FOR_ALLOC freed 2927K, 35% free 8067K/12404K, paused 3ms, total 4ms
02-03 10:47:01.321 D/dalvikvm( 2070): GC_FOR_ALLOC freed 2958K, 35% free 8100K/12404K, paused 4ms, total 4ms
02-03 10:47:01.331 D/dalvikvm( 2070): GC_FOR_ALLOC freed 2974K, 36% free 8057K/12404K, paused 5ms, total 5ms
02-03 10:47:01.341 D/dalvikvm( 2070): GC_FOR_ALLOC freed 2844K, 36% free 8055K/12404K, paused 3ms, total 3ms
02-03 10:47:01.341 D/dalvikvm( 2070): GC_FOR_ALLOC freed 2929K, 36% free 8054K/12404K, paused 3ms, total 3ms
02-03 10:47:01.351 D/dalvikvm( 2070): GC_FOR_ALLOC freed 2771K, 35% free 8100K/12404K, paused 4ms, total 4ms
02-03 10:47:01.351 D/dalvikvm( 2070): GC_FOR_ALLOC freed 2645K, 36% free 8051K/12404K, paused 3ms, total 3ms
02-03 10:47:01.361 D/dalvikvm( 2070): GC_FOR_ALLOC freed 2809K, 36% free 8049K/12404K, paused 3ms, total 3ms
02-03 10:47:01.361 D/dalvikvm( 2070): GC_FOR_ALLOC freed 2616K, 34% free 8201K/12404K, paused 3ms, total 4ms
02-03 10:47:01.371 D/dalvikvm( 2070): GC_FOR_ALLOC freed 2461K, 35% free 8077K/12404K, paused 4ms, total 4ms
02-03 10:47:01.371 D/dalvikvm( 2070): GC_FOR_ALLOC freed 2346K, 34% free 8235K/12404K, paused 3ms, total 4ms
02-03 10:47:01.381 D/dalvikvm( 2070): GC_FOR_ALLOC freed 2552K, 35% free 8073K/12404K, paused 4ms, total 4ms
02-03 10:47:01.381 D/dalvikvm( 2070): GC_FOR_ALLOC freed 2432K, 35% free 8126K/12404K, paused 3ms, total 3ms
02-03 10:47:01.391 D/dalvikvm( 2070): GC_FOR_ALLOC freed 2360K, 35% free 8125K/12404K, paused 4ms, total 4ms
02-03 10:47:01.391 D/dalvikvm( 2070): GC_FOR_ALLOC freed 2398K, 35% free 8123K/12404K, paused 3ms, total 4ms
02-03 10:47:01.401 D/dalvikvm( 2070): GC_FOR_ALLOC freed 2435K, 35% free 8122K/12404K, paused 3ms, total 3ms
02-03 10:47:01.401 D/dalvikvm( 2070): GC_FOR_ALLOC freed 2473K, 35% free 8121K/12404K, paused 3ms, total 3ms
02-03 10:47:01.411 D/dalvikvm( 2070): GC_FOR_ALLOC freed 2511K, 35% free 8151K/12404K, paused 4ms, total 4ms
02-03 10:47:01.421 D/dalvikvm( 2070): GC_FOR_ALLOC freed 2427K, 35% free 8090K/12404K, paused 3ms, total 3ms
02-03 10:47:01.421 D/dalvikvm( 2070): GC_FOR_ALLOC freed 2584K, 35% free 8088K/12404K, paused 3ms, total 4ms
02-03 10:47:01.431 D/dalvikvm( 2070): GC_FOR_ALLOC freed 2622K, 35% free 8085K/12404K, paused 3ms, total 3ms
02-03 10:47:01.431 D/dalvikvm( 2070): GC_FOR_ALLOC freed 2660K, 35% free 8083K/12404K, paused 3ms, total 3ms
02-03 10:47:01.441 D/dalvikvm( 2070): GC_FOR_ALLOC freed 2697K, 35% free 8081K/12404K, paused 3ms, total 3ms
02-03 10:47:01.441 D/dalvikvm( 2070): GC_FOR_ALLOC freed 2407K, 34% free 8273K/12404K, paused 3ms, total 3ms
02-03 10:47:01.451 D/dalvikvm( 2070): GC_FOR_ALLOC freed 2173K, 35% free 8076K/12404K, paused 3ms, total 3ms
02-03 10:47:01.451 D/dalvikvm( 2070): GC_FOR_ALLOC freed 2329K, 35% free 8106K/12404K, paused 3ms, total 3ms
02-03 10:47:01.461 D/dalvikvm( 2070): GC_FOR_ALLOC freed 2014K, 34% free 8308K/12404K, paused 3ms, total 3ms
02-03 10:47:01.461 D/dalvikvm( 2070): GC_FOR_ALLOC freed 1897K, 33% free 8311K/12404K, paused 3ms, total 3ms
02-03 10:47:01.471 D/dalvikvm( 2070): GC_FOR_ALLOC freed 2261K, 35% free 8105K/12404K, paused 3ms, total 4ms
02-03 10:47:01.471 D/dalvikvm( 2070): GC_FOR_ALLOC freed 2072K, 33% free 8314K/12404K, paused 3ms, total 3ms
02-03 10:47:01.481 D/dalvikvm( 2070): GC_FOR_ALLOC freed 2306K, 35% free 8104K/12404K, paused 3ms, total 4ms
02-03 10:47:01.481 D/dalvikvm( 2070): GC_FOR_ALLOC freed 2112K, 33% free 8316K/12404K, paused 3ms, total 3ms
02-03 10:47:01.491 D/dalvikvm( 2070): GC_FOR_ALLOC freed 2350K, 35% free 8103K/12404K, paused 3ms, total 3ms
02-03 10:47:01.501 D/dalvikvm( 2070): GC_FOR_ALLOC freed 2152K, 33% free 8319K/12404K, paused 5ms, total 5ms
02-03 10:47:01.501 D/dalvikvm( 2070): GC_FOR_ALLOC freed 2395K, 35% free 8101K/12404K, paused 3ms, total 3ms
02-03 10:47:01.511 D/dalvikvm( 2070): GC_FOR_ALLOC freed 2193K, 33% free 8322K/12404K, paused 3ms, total 3ms
02-03 10:47:01.511 D/dalvikvm( 2070): GC_FOR_ALLOC freed 2439K, 35% free 8100K/12404K, paused 3ms, total 3ms
02-03 10:47:01.521 D/dalvikvm( 2070): GC_FOR_ALLOC freed 2233K, 35% free 8175K/12404K, paused 4ms, total 4ms
02-03 10:47:01.521 D/dalvikvm( 2070): GC_FOR_ALLOC freed 2102K, 33% free 8327K/12404K, paused 3ms, total 3ms
02-03 10:47:01.531 D/dalvikvm( 2070): GC_FOR_ALLOC freed 2119K, 35% free 8179K/12404K, paused 4ms, total 4ms
02-03 10:47:01.531 D/dalvikvm( 2070): GC_FOR_ALLOC freed 1983K, 35% free 8105K/12404K, paused 3ms, total 3ms
02-03 10:47:01.541 D/dalvikvm( 2070): GC_FOR_ALLOC freed 2151K, 35% free 8106K/12404K, paused 3ms, total 3ms
02-03 10:47:01.541 D/dalvikvm( 2070): GC_FOR_ALLOC freed 2168K, 35% free 8107K/12404K, paused 3ms, total 3ms
02-03 10:47:01.551 D/dalvikvm( 2070): GC_FOR_ALLOC freed 2184K, 35% free 8109K/12404K, paused 4ms, total 4ms
02-03 10:47:01.551 D/dalvikvm( 2070): GC_FOR_ALLOC freed 2201K, 35% free 8110K/12404K, paused 3ms, total 3ms
02-03 10:47:01.551 D/dalvikvm( 2070): GC_FOR_ALLOC freed 2218K, 35% free 8111K/12404K, paused 3ms, total 3ms
02-03 10:47:01.561 D/dalvikvm( 2070): GC_FOR_ALLOC freed 2235K, 35% free 8112K/12404K, paused 3ms, total 3ms
02-03 10:47:01.571 D/dalvikvm( 2070): GC_FOR_ALLOC freed 2254K, 35% free 8114K/12404K, paused 3ms, total 3ms
02-03 10:47:01.571 D/dalvikvm( 2070): GC_FOR_ALLOC freed 2271K, 35% free 8115K/12404K, paused 3ms, total 3ms
02-03 10:47:01.581 D/dalvikvm( 2070): GC_FOR_ALLOC freed 2288K, 35% free 8116K/12404K, paused 3ms, total 3ms
02-03 10:47:01.581 D/dalvikvm( 2070): GC_FOR_ALLOC freed 1892K, 33% free 8363K/12404K, paused 4ms, total 4ms
02-03 10:47:01.591 D/dalvikvm( 2070): GC_FOR_ALLOC freed 1738K, 33% free 8366K/12404K, paused 4ms, total 4ms
02-03 10:47:01.591 D/dalvikvm( 2070): GC_FOR_ALLOC freed 1749K, 34% free 8202K/12404K, paused 3ms, total 3ms
02-03 10:47:01.601 D/dalvikvm( 2070): GC_FOR_ALLOC freed 1759K, 33% free 8371K/12404K, paused 4ms, total 4ms
02-03 10:47:01.601 D/dalvikvm( 2070): GC_FOR_ALLOC freed 1768K, 33% free 8373K/12404K, paused 3ms, total 3ms
02-03 10:47:01.601 D/dalvikvm( 2070): GC_FOR_ALLOC freed 1778K, 33% free 8375K/12404K, paused 3ms, total 3ms
02-03 10:47:01.611 D/dalvikvm( 2070): GC_FOR_ALLOC freed 1787K, 33% free 8377K/12404K, paused 3ms, total 3ms
02-03 10:47:01.611 D/dalvikvm( 2070): GC_FOR_ALLOC freed 1797K, 33% free 8380K/12404K, paused 3ms, total 3ms
02-03 10:47:01.621 D/dalvikvm( 2070): GC_FOR_ALLOC freed 1806K, 33% free 8382K/12404K, paused 3ms, total 3ms
02-03 10:47:01.621 D/dalvikvm( 2070): GC_FOR_ALLOC freed 1815K, 33% free 8384K/12404K, paused 3ms, total 3ms
02-03 10:47:01.631 D/dalvikvm( 2070): GC_FOR_ALLOC freed 1825K, 33% free 8386K/12404K, paused 4ms, total 4ms
02-03 10:47:01.631 D/dalvikvm( 2070): GC_FOR_ALLOC freed 1834K, 33% free 8389K/12404K, paused 3ms, total 3ms
02-03 10:47:01.641 D/dalvikvm( 2070): GC_FOR_ALLOC freed 1844K, 33% free 8391K/12404K, paused 3ms, total 3ms
02-03 10:47:01.641 D/dalvikvm( 2070): GC_FOR_ALLOC freed 1853K, 33% free 8393K/12404K, paused 3ms, total 3ms
02-03 10:47:01.651 D/dalvikvm( 2070): GC_FOR_ALLOC freed 1863K, 33% free 8395K/12404K, paused 4ms, total 4ms
02-03 10:47:01.651 D/dalvikvm( 2070): GC_FOR_ALLOC freed 1872K, 33% free 8398K/12404K, paused 3ms, total 3ms
02-03 10:47:01.661 D/dalvikvm( 2070): GC_FOR_ALLOC freed 1881K, 33% free 8400K/12404K, paused 4ms, total 4ms
02-03 10:47:01.671 D/dalvikvm( 2070): GC_FOR_ALLOC freed 1891K, 33% free 8402K/12404K, paused 4ms, total 4ms
02-03 10:47:01.671 D/dalvikvm( 2070): GC_FOR_ALLOC freed 1900K, 34% free 8223K/12404K, paused 3ms, total 3ms
02-03 10:47:01.671 D/dalvikvm( 2070): GC_FOR_ALLOC freed 1910K, 34% free 8225K/12404K, paused 3ms, total 3ms
02-03 10:47:01.681 D/dalvikvm( 2070): GC_FOR_ALLOC freed 1919K, 34% free 8226K/12404K, paused 3ms, total 3ms
02-03 10:47:01.681 D/dalvikvm( 2070): GC_FOR_ALLOC freed 1745K, 35% free 8136K/12404K, paused 3ms, total 3ms
02-03 10:47:01.691 D/dalvikvm( 2070): GC_FOR_ALLOC freed 1937K, 35% free 8137K/12404K, paused 3ms, total 3ms
02-03 10:47:01.691 D/dalvikvm( 2070): GC_FOR_ALLOC freed 1946K, 35% free 8138K/12404K, paused 3ms, total 3ms
02-03 10:47:01.701 D/dalvikvm( 2070): GC_FOR_ALLOC freed 1956K, 35% free 8139K/12404K, paused 3ms, total 3ms
02-03 10:47:01.701 D/dalvikvm( 2070): GC_FOR_ALLOC freed 1965K, 35% free 8140K/12404K, paused 3ms, total 3ms
02-03 10:47:01.711 D/dalvikvm( 2070): GC_FOR_ALLOC freed 1975K, 35% free 8140K/12404K, paused 3ms, total 3ms
02-03 10:47:01.711 D/dalvikvm( 2070): GC_FOR_ALLOC freed 1984K, 35% free 8141K/12404K, paused 3ms, total 3ms
02-03 10:47:01.721 D/dalvikvm( 2070): GC_FOR_ALLOC freed 1993K, 35% free 8142K/12404K, paused 3ms, total 3ms
02-03 10:47:01.721 D/dalvikvm( 2070): GC_FOR_ALLOC freed 2003K, 35% free 8143K/12404K, paused 3ms, total 3ms
02-03 10:47:01.731 D/dalvikvm( 2070): GC_FOR_ALLOC freed 2012K, 35% free 8144K/12404K, paused 4ms, total 4ms
02-03 10:47:01.731 D/dalvikvm( 2070): GC_FOR_ALLOC freed 2022K, 35% free 8145K/12404K, paused 3ms, total 3ms
02-03 10:47:01.741 D/dalvikvm( 2070): GC_FOR_ALLOC freed 2031K, 35% free 8146K/12404K, paused 3ms, total 3ms
02-03 10:47:01.741 D/dalvikvm( 2070): GC_FOR_ALLOC freed 2041K, 35% free 8147K/12404K, paused 3ms, total 3ms
02-03 10:47:01.751 D/dalvikvm( 2070): GC_FOR_ALLOC freed 2050K, 35% free 8148K/12404K, paused 4ms, total 4ms
02-03 10:47:01.751 D/dalvikvm( 2070): GC_FOR_ALLOC freed 2059K, 35% free 8148K/12404K, paused 3ms, total 3ms
02-03 10:47:01.761 D/dalvikvm( 2070): GC_FOR_ALLOC freed 2069K, 35% free 8149K/12404K, paused 3ms, total 3ms
02-03 10:47:01.761 D/dalvikvm( 2070): GC_FOR_ALLOC freed 2078K, 35% free 8150K/12404K, paused 4ms, total 4ms
02-03 10:47:01.771 D/dalvikvm( 2070): GC_FOR_ALLOC freed 2088K, 35% free 8151K/12404K, paused 4ms, total 4ms
02-03 10:47:01.771 D/dalvikvm( 2070): GC_FOR_ALLOC freed 2097K, 35% free 8152K/12404K, paused 4ms, total 4ms
02-03 10:47:01.781 D/dalvikvm( 2070): GC_FOR_ALLOC freed 2106K, 35% free 8153K/12404K, paused 3ms, total 3ms
02-03 10:47:01.781 D/dalvikvm( 2070): GC_FOR_ALLOC freed 1611K, 32% free 8455K/12404K, paused 3ms, total 3ms
02-03 10:47:01.791 D/dalvikvm( 2070): GC_FOR_ALLOC freed 1921K, 35% free 8154K/12404K, paused 3ms, total 3ms
02-03 10:47:01.791 D/dalvikvm( 2070): GC_FOR_ALLOC freed 1623K, 32% free 8459K/12404K, paused 3ms, total 3ms
02-03 10:47:01.801 D/dalvikvm( 2070): GC_FOR_ALLOC freed 1425K, 32% free 8460K/12404K, paused 3ms, total 3ms
02-03 10:47:01.801 D/dalvikvm( 2070): GC_FOR_ALLOC freed 1429K, 32% free 8462K/12404K, paused 3ms, total 3ms
02-03 10:47:01.801 D/dalvikvm( 2070): GC_FOR_ALLOC freed 1434K, 32% free 8464K/12404K, paused 3ms, total 3ms
02-03 10:47:01.811 D/dalvikvm( 2070): GC_FOR_ALLOC freed 1774K, 34% free 8264K/12404K, paused 3ms, total 3ms
02-03 10:47:01.821 D/dalvikvm( 2070): GC_FOR_ALLOC freed 1736K, 32% free 8486K/12404K, paused 4ms, total 4ms
02-03 10:47:01.821 D/dalvikvm( 2070): GC_FOR_ALLOC freed 1541K, 33% free 8486K/12628K, paused 3ms, total 3ms
02-03 10:47:01.831 D/dalvikvm( 2070): GC_FOR_ALLOC freed 2174K, 40% free 7634K/12628K, paused 4ms, total 4ms
02-03 10:47:01.831 D/dalvikvm( 2070): GC_FOR_ALLOC freed 4K, 32% free 8655K/12628K, paused 3ms, total 3ms
02-03 10:47:01.831 I/dalvikvm-heap( 2070): Grow heap (frag case) to 9.495MB for 1048592-byte allocation
02-03 10:47:01.841 D/dalvikvm( 2070): GC_FOR_ALLOC freed <1K, 30% free 9679K/13656K, paused 3ms, total 3ms
02-03 10:47:01.841 D/dalvikvm( 2070): GC_FOR_ALLOC freed <1K, 30% free 9679K/13656K, paused 4ms, total 4ms
02-03 10:47:01.841 I/dalvikvm-heap( 2070): Grow heap (frag case) to 10.495MB for 1048592-byte allocation
02-03 10:47:01.851 D/dalvikvm( 2070): GC_FOR_ALLOC freed 0K, 28% free 10703K/14684K, paused 3ms, total 3ms
02-03 10:47:02.211 D/dalvikvm( 2070): GC_CONCURRENT freed 6753K, 47% free 8014K/14844K, paused 0ms+2ms, total 16ms
02-03 10:47:02.211 D/dalvikvm( 2070): WAIT_FOR_CONCURRENT_GC blocked 15ms
02-03 10:47:02.221 D/dalvikvm( 2070): GC_CONCURRENT freed 4018K, 36% free 8073K/12448K, paused 1ms+1ms, total 5ms
02-03 10:47:02.221 D/dalvikvm( 2070): WAIT_FOR_CONCURRENT_GC blocked 4ms
02-03 10:47:02.231 D/dalvikvm( 2070): GC_FOR_ALLOC freed 3735K, 36% free 8066K/12448K, paused 5ms, total 5ms
02-03 10:47:02.241 D/dalvikvm( 2070): GC_FOR_ALLOC freed 3575K, 36% free 7996K/12448K, paused 4ms, total 4ms
02-03 10:47:02.251 D/dalvikvm( 2070): GC_FOR_ALLOC freed 3474K, 36% free 7995K/12448K, paused 5ms, total 5ms
02-03 10:47:02.261 D/dalvikvm( 2070): GC_FOR_ALLOC freed 3473K, 36% free 8025K/12448K, paused 4ms, total 4ms
02-03 10:47:02.261 D/dalvikvm( 2070): GC_FOR_ALLOC freed 3153K, 35% free 8117K/12448K, paused 4ms, total 4ms
02-03 10:47:02.271 D/dalvikvm( 2070): GC_FOR_ALLOC freed 3229K, 36% free 8017K/12448K, paused 3ms, total 3ms
02-03 10:47:02.271 D/dalvikvm( 2070): GC_FOR_ALLOC freed 3238K, 36% free 8017K/12448K, paused 3ms, total 3ms
02-03 10:47:02.281 D/dalvikvm( 2070): GC_FOR_ALLOC freed 3146K, 36% free 8016K/12448K, paused 4ms, total 4ms
02-03 10:47:02.291 D/dalvikvm( 2070): GC_FOR_ALLOC freed 3017K, 36% free 8048K/12448K, paused 4ms, total 4ms
02-03 10:47:02.291 D/dalvikvm( 2070): GC_FOR_ALLOC freed 2938K, 36% free 8088K/12448K, paused 3ms, total 3ms
02-03 10:47:02.301 D/dalvikvm( 2070): GC_FOR_ALLOC freed 2969K, 36% free 8088K/12448K, paused 3ms, total 4ms
02-03 10:47:02.301 D/dalvikvm( 2070): GC_FOR_ALLOC freed 3073K, 36% free 8089K/12448K, paused 3ms, total 4ms
02-03 10:47:02.311 D/dalvikvm( 2070): GC_FOR_ALLOC freed 2856K, 35% free 8180K/12448K, paused 3ms, total 3ms
02-03 10:47:02.321 D/dalvikvm( 2070): GC_FOR_ALLOC freed 2941K, 36% free 8089K/12448K, paused 5ms, total 5ms
02-03 10:47:02.321 D/dalvikvm( 2070): GC_FOR_ALLOC freed 2685K, 36% free 8088K/12448K, paused 4ms, total 4ms
02-03 10:47:02.331 D/dalvikvm( 2070): GC_FOR_ALLOC freed 2653K, 36% free 8039K/12448K, paused 4ms, total 4ms
02-03 10:47:02.341 D/dalvikvm( 2070): GC_FOR_ALLOC freed 2563K, 34% free 8220K/12448K, paused 3ms, total 3ms
02-03 10:47:02.341 D/dalvikvm( 2070): GC_FOR_ALLOC freed 2412K, 36% free 8067K/12448K, paused 3ms, total 3ms
02-03 10:47:02.351 D/dalvikvm( 2070): GC_FOR_ALLOC freed 2564K, 36% free 8065K/12448K, paused 4ms, total 4ms
02-03 10:47:02.351 D/dalvikvm( 2070): GC_FOR_ALLOC freed 2615K, 36% free 8063K/12448K, paused 3ms, total 3ms
02-03 10:47:02.361 D/dalvikvm( 2070): GC_FOR_ALLOC freed 2392K, 34% free 8224K/12448K, paused 4ms, total 4ms
02-03 10:47:02.361 D/dalvikvm( 2070): GC_FOR_ALLOC freed 2601K, 36% free 8059K/12448K, paused 3ms, total 3ms
02-03 10:47:02.371 D/dalvikvm( 2070): GC_FOR_ALLOC freed 2478K, 35% free 8113K/12448K, paused 3ms, total 4ms
02-03 10:47:02.371 D/dalvikvm( 2070): GC_FOR_ALLOC freed 2404K, 35% free 8112K/12448K, paused 4ms, total 4ms
02-03 10:47:02.381 D/dalvikvm( 2070): GC_FOR_ALLOC freed 2442K, 35% free 8142K/12448K, paused 4ms, total 4ms
02-03 10:47:02.381 D/dalvikvm( 2070): GC_FOR_ALLOC freed 2479K, 35% free 8141K/12448K, paused 3ms, total 3ms
02-03 10:47:02.391 D/dalvikvm( 2070): GC_FOR_ALLOC freed 2517K, 35% free 8140K/12448K, paused 4ms, total 4ms
02-03 10:47:02.391 D/dalvikvm( 2070): GC_FOR_ALLOC freed 2433K, 36% free 8078K/12448K, paused 3ms, total 3ms
02-03 10:47:02.401 D/dalvikvm( 2070): GC_FOR_ALLOC freed 2590K, 36% free 8076K/12448K, paused 4ms, total 4ms
02-03 10:47:02.411 D/dalvikvm( 2070): GC_FOR_ALLOC freed 2628K, 36% free 8074K/12448K, paused 3ms, total 3ms
02-03 10:47:02.411 D/dalvikvm( 2070): GC_FOR_ALLOC freed 2666K, 36% free 8071K/12448K, paused 5ms, total 5ms
02-03 10:47:02.421 D/dalvikvm( 2070): GC_FOR_ALLOC freed 2703K, 36% free 8069K/12448K, paused 4ms, total 4ms
02-03 10:47:02.431 D/dalvikvm( 2070): GC_FOR_ALLOC freed 2741K, 35% free 8099K/12448K, paused 4ms, total 4ms
02-03 10:47:02.431 D/dalvikvm( 2070): GC_FOR_ALLOC freed 2314K, 35% free 8096K/12448K, paused 3ms, total 3ms
02-03 10:47:02.441 D/dalvikvm( 2070): GC_FOR_ALLOC freed 2340K, 35% free 8094K/12448K, paused 3ms, total 3ms
02-03 10:47:02.441 D/dalvikvm( 2070): GC_FOR_ALLOC freed 2366K, 35% free 8091K/12448K, paused 3ms, total 3ms
02-03 10:47:02.451 D/dalvikvm( 2070): GC_FOR_ALLOC freed 2045K, 34% free 8297K/12448K, paused 3ms, total 3ms
02-03 10:47:02.451 D/dalvikvm( 2070): GC_FOR_ALLOC freed 2276K, 36% free 8090K/12448K, paused 3ms, total 3ms
02-03 10:47:02.461 D/dalvikvm( 2070): GC_FOR_ALLOC freed 2085K, 34% free 8300K/12448K, paused 4ms, total 4ms
02-03 10:47:02.461 D/dalvikvm( 2070): GC_FOR_ALLOC freed 2321K, 36% free 8089K/12448K, paused 3ms, total 3ms
02-03 10:47:02.461 D/dalvikvm( 2070): GC_FOR_ALLOC freed 2126K, 34% free 8302K/12448K, paused 3ms, total 3ms
02-03 10:47:02.471 D/dalvikvm( 2070): GC_FOR_ALLOC freed 2365K, 36% free 8088K/12448K, paused 3ms, total 3ms
02-03 10:47:02.471 D/dalvikvm( 2070): GC_FOR_ALLOC freed 2166K, 34% free 8305K/12448K, paused 3ms, total 3ms
02-03 10:47:02.481 D/dalvikvm( 2070): GC_FOR_ALLOC freed 2409K, 36% free 8086K/12448K, paused 4ms, total 4ms
02-03 10:47:02.491 D/dalvikvm( 2070): GC_FOR_ALLOC freed 2206K, 34% free 8308K/12448K, paused 4ms, total 4ms
02-03 10:47:02.491 D/dalvikvm( 2070): GC_FOR_ALLOC freed 2077K, 34% free 8311K/12448K, paused 3ms, total 4ms
02-03 10:47:02.501 D/dalvikvm( 2070): GC_FOR_ALLOC freed 2093K, 34% free 8314K/12448K, paused 4ms, total 4ms
02-03 10:47:02.501 D/dalvikvm( 2070): GC_FOR_ALLOC freed 2110K, 35% free 8166K/12448K, paused 3ms, total 3ms
02-03 10:47:02.511 D/dalvikvm( 2070): GC_FOR_ALLOC freed 2127K, 35% free 8168K/12448K, paused 4ms, total 4ms
02-03 10:47:02.511 D/dalvikvm( 2070): GC_FOR_ALLOC freed 2144K, 35% free 8170K/12448K, paused 3ms, total 3ms
02-03 10:47:02.521 D/dalvikvm( 2070): GC_FOR_ALLOC freed 2160K, 35% free 8171K/12448K, paused 3ms, total 3ms
02-03 10:47:02.521 D/dalvikvm( 2070): GC_FOR_ALLOC freed 2177K, 35% free 8173K/12448K, paused 4ms, total 4ms
02-03 10:47:02.531 D/dalvikvm( 2070): GC_FOR_ALLOC freed 2037K, 35% free 8097K/12448K, paused 3ms, total 3ms
02-03 10:47:02.531 D/dalvikvm( 2070): GC_FOR_ALLOC freed 2209K, 35% free 8098K/12448K, paused 3ms, total 3ms
02-03 10:47:02.541 D/dalvikvm( 2070): GC_FOR_ALLOC freed 2226K, 35% free 8099K/12448K, paused 3ms, total 3ms
02-03 10:47:02.541 D/dalvikvm( 2070): GC_FOR_ALLOC freed 2244K, 35% free 8101K/12448K, paused 3ms, total 3ms
02-03 10:47:02.551 D/dalvikvm( 2070): GC_FOR_ALLOC freed 2263K, 35% free 8102K/12448K, paused 3ms, total 3ms
02-03 10:47:02.551 D/dalvikvm( 2070): GC_FOR_ALLOC freed 2279K, 35% free 8103K/12448K, paused 3ms, total 3ms
02-03 10:47:02.561 D/dalvikvm( 2070): GC_FOR_ALLOC freed 2297K, 35% free 8104K/12448K, paused 3ms, total 3ms
02-03 10:47:02.561 D/dalvikvm( 2070): GC_FOR_ALLOC freed 1899K, 33% free 8353K/12448K, paused 3ms, total 3ms
02-03 10:47:02.571 D/dalvikvm( 2070): GC_FOR_ALLOC freed 1745K, 35% free 8189K/12448K, paused 4ms, total 4ms
02-03 10:47:02.571 D/dalvikvm( 2070): GC_FOR_ALLOC freed 1756K, 33% free 8358K/12448K, paused 3ms, total 3ms
02-03 10:47:02.581 D/dalvikvm( 2070): GC_FOR_ALLOC freed 1765K, 33% free 8360K/12448K, paused 4ms, total 4ms
02-03 10:47:02.581 D/dalvikvm( 2070): GC_FOR_ALLOC freed 1775K, 33% free 8362K/12448K, paused 4ms, total 4ms
02-03 10:47:02.591 D/dalvikvm( 2070): GC_FOR_ALLOC freed 1784K, 33% free 8364K/12448K, paused 4ms, total 4ms
02-03 10:47:02.591 D/dalvikvm( 2070): GC_FOR_ALLOC freed 1794K, 33% free 8367K/12448K, paused 3ms, total 3ms
02-03 10:47:02.601 D/dalvikvm( 2070): GC_FOR_ALLOC freed 1803K, 33% free 8369K/12448K, paused 4ms, total 4ms
02-03 10:47:02.601 D/dalvikvm( 2070): GC_FOR_ALLOC freed 1812K, 33% free 8371K/12448K, paused 3ms, total 3ms
02-03 10:47:02.611 D/dalvikvm( 2070): GC_FOR_ALLOC freed 1822K, 33% free 8373K/12448K, paused 3ms, total 3ms
02-03 10:47:02.611 D/dalvikvm( 2070): GC_FOR_ALLOC freed 1831K, 33% free 8376K/12448K, paused 3ms, total 3ms
02-03 10:47:02.621 D/dalvikvm( 2070): GC_FOR_ALLOC freed 1841K, 33% free 8378K/12448K, paused 4ms, total 4ms
02-03 10:47:02.621 D/dalvikvm( 2070): GC_FOR_ALLOC freed 1850K, 33% free 8380K/12448K, paused 4ms, total 4ms
02-03 10:47:02.631 D/dalvikvm( 2070): GC_FOR_ALLOC freed 1859K, 33% free 8382K/12448K, paused 3ms, total 3ms
02-03 10:47:02.631 D/dalvikvm( 2070): GC_FOR_ALLOC freed 1869K, 33% free 8385K/12448K, paused 4ms, total 4ms
02-03 10:47:02.641 D/dalvikvm( 2070): GC_FOR_ALLOC freed 1878K, 33% free 8387K/12448K, paused 3ms, total 3ms
02-03 10:47:02.641 D/dalvikvm( 2070): GC_FOR_ALLOC freed 1888K, 33% free 8389K/12448K, paused 3ms, total 3ms
02-03 10:47:02.651 D/dalvikvm( 2070): GC_FOR_ALLOC freed 1897K, 33% free 8391K/12448K, paused 3ms, total 3ms
02-03 10:47:02.651 D/dalvikvm( 2070): GC_FOR_ALLOC freed 1907K, 35% free 8212K/12448K, paused 3ms, total 3ms
02-03 10:47:02.661 D/dalvikvm( 2070): GC_FOR_ALLOC freed 1916K, 35% free 8213K/12448K, paused 3ms, total 3ms
02-03 10:47:02.661 D/dalvikvm( 2070): GC_FOR_ALLOC freed 1925K, 35% free 8215K/12448K, paused 3ms, total 3ms
02-03 10:47:02.671 D/dalvikvm( 2070): GC_FOR_ALLOC freed 1935K, 34% free 8216K/12448K, paused 5ms, total 5ms
02-03 10:47:02.671 D/dalvikvm( 2070): GC_FOR_ALLOC freed 1944K, 34% free 8217K/12448K, paused 3ms, total 3ms
02-03 10:47:02.681 D/dalvikvm( 2070): GC_FOR_ALLOC freed 1954K, 34% free 8219K/12448K, paused 3ms, total 3ms
02-03 10:47:02.681 D/dalvikvm( 2070): GC_FOR_ALLOC freed 1963K, 34% free 8220K/12448K, paused 3ms, total 3ms
02-03 10:47:02.681 D/dalvikvm( 2070): GC_FOR_ALLOC freed 1972K, 34% free 8221K/12448K, paused 3ms, total 3ms
02-03 10:47:02.691 D/dalvikvm( 2070): GC_FOR_ALLOC freed 1982K, 34% free 8223K/12448K, paused 3ms, total 3ms
02-03 10:47:02.691 D/dalvikvm( 2070): GC_FOR_ALLOC freed 1991K, 34% free 8224K/12448K, paused 3ms, total 3ms
02-03 10:47:02.701 D/dalvikvm( 2070): GC_FOR_ALLOC freed 2001K, 34% free 8225K/12448K, paused 3ms, total 3ms
02-03 10:47:02.701 D/dalvikvm( 2070): GC_FOR_ALLOC freed 1818K, 35% free 8132K/12448K, paused 3ms, total 3ms
02-03 10:47:02.711 D/dalvikvm( 2070): GC_FOR_ALLOC freed 2019K, 35% free 8132K/12448K, paused 3ms, total 3ms
02-03 10:47:02.711 D/dalvikvm( 2070): GC_FOR_ALLOC freed 2028K, 35% free 8133K/12448K, paused 3ms, total 3ms
02-03 10:47:02.721 D/dalvikvm( 2070): GC_FOR_ALLOC freed 2037K, 35% free 8134K/12448K, paused 4ms, total 4ms
02-03 10:47:02.721 D/dalvikvm( 2070): GC_FOR_ALLOC freed 2047K, 35% free 8135K/12448K, paused 4ms, total 4ms
02-03 10:47:02.731 D/dalvikvm( 2070): GC_FOR_ALLOC freed 2056K, 35% free 8136K/12448K, paused 3ms, total 4ms
02-03 10:47:02.741 D/dalvikvm( 2070): GC_FOR_ALLOC freed 2066K, 35% free 8137K/12448K, paused 4ms, total 4ms
02-03 10:47:02.741 D/dalvikvm( 2070): GC_FOR_ALLOC freed 2075K, 35% free 8138K/12448K, paused 4ms, total 4ms
02-03 10:47:02.751 D/dalvikvm( 2070): GC_FOR_ALLOC freed 2084K, 35% free 8139K/12448K, paused 4ms, total 4ms
02-03 10:47:02.751 D/dalvikvm( 2070): GC_FOR_ALLOC freed 2094K, 35% free 8140K/12448K, paused 4ms, total 4ms
02-03 10:47:02.761 D/dalvikvm( 2070): GC_FOR_ALLOC freed 2103K, 35% free 8141K/12448K, paused 3ms, total 3ms
02-03 10:47:02.761 D/dalvikvm( 2070): GC_FOR_ALLOC freed 2113K, 35% free 8141K/12448K, paused 3ms, total 3ms
02-03 10:47:02.771 D/dalvikvm( 2070): GC_FOR_ALLOC freed 1616K, 33% free 8444K/12448K, paused 4ms, total 4ms
02-03 10:47:02.771 D/dalvikvm( 2070): GC_FOR_ALLOC freed 1926K, 35% free 8143K/12448K, paused 3ms, total 3ms
02-03 10:47:02.781 D/dalvikvm( 2070): GC_FOR_ALLOC freed 1627K, 33% free 8448K/12448K, paused 4ms, total 4ms
02-03 10:47:02.781 D/dalvikvm( 2070): GC_FOR_ALLOC freed 1941K, 35% free 8145K/12448K, paused 3ms, total 3ms
02-03 10:47:02.781 D/dalvikvm( 2070): GC_FOR_ALLOC freed 1882K, 34% free 8251K/12448K, paused 4ms, total 4ms
02-03 10:47:02.791 D/dalvikvm( 2070): GC_FOR_ALLOC freed 1802K, 32% free 8483K/12448K, paused 3ms, total 3ms
02-03 10:47:02.801 D/dalvikvm( 2070): GC_FOR_ALLOC freed 1534K, 34% free 8270K/12448K, paused 2ms, total 3ms
02-03 10:47:02.801 D/dalvikvm( 2070): GC_FOR_ALLOC freed 1541K, 34% free 8270K/12448K, paused 3ms, total 3ms
02-03 10:47:02.801 D/dalvikvm( 2070): GC_FOR_ALLOC freed 1407K, 39% free 7634K/12448K, paused 3ms, total 3ms
02-03 10:47:02.811 I/dalvikvm-heap( 2070): Grow heap (frag case) to 8.498MB for 1048592-byte allocation
02-03 10:47:02.811 D/dalvikvm( 2070): GC_FOR_ALLOC freed 0K, 36% free 8658K/13476K, paused 2ms, total 2ms
02-03 10:47:02.821 D/dalvikvm( 2070): GC_FOR_ALLOC freed <1K, 36% free 8651K/13476K, paused 15ms, total 15ms
02-03 10:47:02.831 I/dalvikvm-heap( 2070): Grow heap (frag case) to 9.491MB for 1048592-byte allocation
02-03 10:47:02.831 D/dalvikvm( 2070): GC_FOR_ALLOC freed 0K, 34% free 9675K/14504K, paused 4ms, total 4ms
02-03 10:47:02.831 D/dalvikvm( 2070): GC_FOR_ALLOC freed <1K, 34% free 9675K/14504K, paused 3ms, total 3ms
02-03 10:47:02.831 I/dalvikvm-heap( 2070): Grow heap (frag case) to 10.491MB for 1048592-byte allocation
02-03 10:47:02.841 D/dalvikvm( 2070): GC_FOR_ALLOC freed 0K, 32% free 10699K/15532K, paused 2ms, total 2ms
02-03 10:47:03.231 D/dalvikvm( 2070): GC_CONCURRENT freed 6735K, 49% free 8033K/15532K, paused 0ms+0ms, total 5ms
02-03 10:47:03.231 D/dalvikvm( 2070): WAIT_FOR_CONCURRENT_GC blocked 4ms
02-03 10:47:03.241 D/dalvikvm( 2070): GC_CONCURRENT freed 4060K, 35% free 8049K/12372K, paused 0ms+1ms, total 4ms
02-03 10:47:03.241 D/dalvikvm( 2070): WAIT_FOR_CONCURRENT_GC blocked 3ms
02-03 10:47:03.251 D/dalvikvm( 2070): GC_FOR_ALLOC freed 3642K, 36% free 8001K/12372K, paused 6ms, total 6ms
02-03 10:47:03.271 D/dalvikvm( 2070): GC_FOR_ALLOC freed 3608K, 36% free 7992K/12372K, paused 14ms, total 14ms
02-03 10:47:03.271 D/dalvikvm( 2070): GC_FOR_ALLOC freed 3470K, 36% free 8027K/12372K, paused 3ms, total 3ms
02-03 10:47:03.281 D/dalvikvm( 2070): GC_FOR_ALLOC freed 3265K, 36% free 8020K/12372K, paused 4ms, total 4ms
02-03 10:47:03.291 D/dalvikvm( 2070): GC_FOR_ALLOC freed 3070K, 36% free 8020K/12372K, paused 4ms, total 4ms
02-03 10:47:03.291 D/dalvikvm( 2070): GC_FOR_ALLOC freed 3030K, 36% free 8024K/12372K, paused 3ms, total 3ms
02-03 10:47:03.301 D/dalvikvm( 2070): GC_FOR_ALLOC freed 2954K, 36% free 8028K/12372K, paused 4ms, total 4ms
02-03 10:47:03.301 D/dalvikvm( 2070): GC_FOR_ALLOC freed 3105K, 36% free 8031K/12372K, paused 3ms, total 3ms
02-03 10:47:03.311 D/dalvikvm( 2070): GC_FOR_ALLOC freed 2781K, 35% free 8151K/12372K, paused 4ms, total 4ms
02-03 10:47:03.311 D/dalvikvm( 2070): GC_FOR_ALLOC freed 2810K, 35% free 8159K/12372K, paused 3ms, total 3ms
02-03 10:47:03.321 D/dalvikvm( 2070): GC_FOR_ALLOC freed 2837K, 36% free 8041K/12372K, paused 3ms, total 3ms
02-03 10:47:03.331 D/dalvikvm( 2070): GC_FOR_ALLOC freed 3025K, 35% free 8044K/12372K, paused 3ms, total 3ms
02-03 10:47:03.331 D/dalvikvm( 2070): GC_FOR_ALLOC freed 2902K, 35% free 8091K/12372K, paused 5ms, total 5ms
02-03 10:47:03.341 D/dalvikvm( 2070): GC_FOR_ALLOC freed 2806K, 35% free 8049K/12372K, paused 4ms, total 4ms
02-03 10:47:03.351 D/dalvikvm( 2070): GC_FOR_ALLOC freed 2741K, 34% free 8194K/12372K, paused 3ms, total 3ms
02-03 10:47:03.351 D/dalvikvm( 2070): GC_FOR_ALLOC freed 2617K, 35% free 8054K/12372K, paused 3ms, total 3ms
02-03 10:47:03.361 D/dalvikvm( 2070): GC_FOR_ALLOC freed 2528K, 34% free 8205K/12372K, paused 3ms, total 3ms
02-03 10:47:03.361 D/dalvikvm( 2070): GC_FOR_ALLOC freed 2482K, 34% free 8210K/12372K, paused 4ms, total 4ms
02-03 10:47:03.371 D/dalvikvm( 2070): GC_FOR_ALLOC freed 2533K, 35% free 8112K/12372K, paused 3ms, total 3ms
02-03 10:47:03.371 D/dalvikvm( 2070): GC_FOR_ALLOC freed 2478K, 35% free 8062K/12372K, paused 3ms, total 3ms
02-03 10:47:03.381 D/dalvikvm( 2070): GC_FOR_ALLOC freed 2362K, 34% free 8225K/12372K, paused 3ms, total 3ms
02-03 10:47:03.381 D/dalvikvm( 2070): GC_FOR_ALLOC freed 2569K, 35% free 8066K/12372K, paused 3ms, total 4ms
02-03 10:47:03.391 D/dalvikvm( 2070): GC_FOR_ALLOC freed 2447K, 35% free 8123K/12372K, paused 3ms, total 3ms
02-03 10:47:03.391 D/dalvikvm( 2070): GC_FOR_ALLOC freed 2261K, 35% free 8070K/12372K, paused 3ms, total 3ms
02-03 10:47:03.401 D/dalvikvm( 2070): GC_FOR_ALLOC freed 2411K, 35% free 8071K/12372K, paused 3ms, total 4ms
02-03 10:47:03.411 D/dalvikvm( 2070): GC_FOR_ALLOC freed 2448K, 35% free 8073K/12372K, paused 4ms, total 4ms
02-03 10:47:03.411 D/dalvikvm( 2070): GC_FOR_ALLOC freed 2486K, 35% free 8075K/12372K, paused 3ms, total 3ms
02-03 10:47:03.421 D/dalvikvm( 2070): GC_FOR_ALLOC freed 2524K, 35% free 8077K/12372K, paused 5ms, total 5ms
02-03 10:47:03.421 D/dalvikvm( 2070): GC_FOR_ALLOC freed 2561K, 35% free 8079K/12372K, paused 3ms, total 3ms
02-03 10:47:03.431 D/dalvikvm( 2070): GC_FOR_ALLOC freed 2599K, 35% free 8080K/12372K, paused 4ms, total 4ms
02-03 10:47:03.431 D/dalvikvm( 2070): GC_FOR_ALLOC freed 2320K, 34% free 8270K/12372K, paused 3ms, total 3ms
02-03 10:47:03.441 D/dalvikvm( 2070): GC_FOR_ALLOC freed 2222K, 34% free 8274K/12372K, paused 3ms, total 3ms
02-03 10:47:03.441 D/dalvikvm( 2070): GC_FOR_ALLOC freed 2248K, 34% free 8278K/12372K, paused 3ms, total 3ms
02-03 10:47:03.451 D/dalvikvm( 2070): GC_FOR_ALLOC freed 2274K, 35% free 8151K/12372K, paused 3ms, total 3ms
02-03 10:47:03.451 D/dalvikvm( 2070): GC_FOR_ALLOC freed 2169K, 35% free 8088K/12372K, paused 3ms, total 3ms
02-03 10:47:03.461 D/dalvikvm( 2070): GC_FOR_ALLOC freed 2325K, 35% free 8089K/12372K, paused 3ms, total 3ms
02-03 10:47:03.461 D/dalvikvm( 2070): GC_FOR_ALLOC freed 2014K, 33% free 8292K/12372K, paused 3ms, total 3ms
02-03 10:47:03.471 D/dalvikvm( 2070): GC_FOR_ALLOC freed 2238K, 35% free 8092K/12372K, paused 3ms, total 3ms
02-03 10:47:03.471 D/dalvikvm( 2070): GC_FOR_ALLOC freed 2054K, 33% free 8298K/12372K, paused 3ms, total 3ms
02-03 10:47:03.471 D/dalvikvm( 2070): GC_FOR_ALLOC freed 2282K, 35% free 8095K/12372K, paused 3ms, total 3ms
02-03 10:47:03.481 D/dalvikvm( 2070): GC_FOR_ALLOC freed 2094K, 33% free 8305K/12372K, paused 3ms, total 3ms
02-03 10:47:03.481 D/dalvikvm( 2070): GC_FOR_ALLOC freed 2327K, 35% free 8097K/12372K, paused 4ms, total 4ms
02-03 10:47:03.491 D/dalvikvm( 2070): GC_FOR_ALLOC freed 2135K, 33% free 8312K/12372K, paused 3ms, total 3ms
02-03 10:47:03.501 D/dalvikvm( 2070): GC_FOR_ALLOC freed 2371K, 35% free 8100K/12372K, paused 3ms, total 4ms
02-03 10:47:03.501 D/dalvikvm( 2070): GC_FOR_ALLOC freed 2175K, 33% free 8319K/12372K, paused 5ms, total 5ms
02-03 10:47:03.511 D/dalvikvm( 2070): GC_FOR_ALLOC freed 2047K, 33% free 8322K/12372K, paused 3ms, total 3ms
02-03 10:47:03.511 D/dalvikvm( 2070): GC_FOR_ALLOC freed 2064K, 33% free 8325K/12372K, paused 3ms, total 3ms
02-03 10:47:03.521 D/dalvikvm( 2070): GC_FOR_ALLOC freed 2081K, 34% free 8179K/12372K, paused 3ms, total 3ms
02-03 10:47:03.521 D/dalvikvm( 2070): GC_FOR_ALLOC freed 2098K, 34% free 8181K/12372K, paused 3ms, total 3ms
02-03 10:47:03.531 D/dalvikvm( 2070): GC_FOR_ALLOC freed 2114K, 34% free 8182K/12372K, paused 3ms, total 3ms
02-03 10:47:03.531 D/dalvikvm( 2070): GC_FOR_ALLOC freed 1979K, 35% free 8109K/12372K, paused 3ms, total 3ms
02-03 10:47:03.541 D/dalvikvm( 2070): GC_FOR_ALLOC freed 2147K, 35% free 8110K/12372K, paused 3ms, total 3ms
02-03 10:47:03.541 D/dalvikvm( 2070): GC_FOR_ALLOC freed 2163K, 35% free 8111K/12372K, paused 3ms, total 3ms
02-03 10:47:03.551 D/dalvikvm( 2070): GC_FOR_ALLOC freed 2180K, 35% free 8112K/12372K, paused 3ms, total 3ms
02-03 10:47:03.551 D/dalvikvm( 2070): GC_FOR_ALLOC freed 2197K, 35% free 8113K/12372K, paused 4ms, total 4ms
02-03 10:47:03.561 D/dalvikvm( 2070): GC_FOR_ALLOC freed 2214K, 35% free 8114K/12372K, paused 3ms, total 3ms
02-03 10:47:03.561 D/dalvikvm( 2070): GC_FOR_ALLOC freed 2230K, 35% free 8116K/12372K, paused 3ms, total 3ms
02-03 10:47:03.571 D/dalvikvm( 2070): GC_FOR_ALLOC freed 1846K, 33% free 8357K/12372K, paused 4ms, total 4ms
02-03 10:47:03.571 D/dalvikvm( 2070): GC_FOR_ALLOC freed 2102K, 35% free 8118K/12372K, paused 3ms, total 3ms
02-03 10:47:03.581 D/dalvikvm( 2070): GC_FOR_ALLOC freed 1871K, 33% free 8363K/12372K, paused 3ms, total 3ms
02-03 10:47:03.581 D/dalvikvm( 2070): GC_FOR_ALLOC freed 2130K, 35% free 8120K/12372K, paused 4ms, total 4ms
02-03 10:47:03.591 D/dalvikvm( 2070): GC_FOR_ALLOC freed 1896K, 33% free 8368K/12372K, paused 3ms, total 4ms
02-03 10:47:03.591 D/dalvikvm( 2070): GC_FOR_ALLOC freed 1741K, 33% free 8370K/12372K, paused 3ms, total 3ms
02-03 10:47:03.601 D/dalvikvm( 2070): GC_FOR_ALLOC freed 1752K, 33% free 8373K/12372K, paused 3ms, total 3ms
02-03 10:47:03.601 D/dalvikvm( 2070): GC_FOR_ALLOC freed 1762K, 33% free 8375K/12372K, paused 3ms, total 3ms
02-03 10:47:03.611 D/dalvikvm( 2070): GC_FOR_ALLOC freed 1772K, 33% free 8377K/12372K, paused 3ms, total 3ms
02-03 10:47:03.611 D/dalvikvm( 2070): GC_FOR_ALLOC freed 1781K, 33% free 8380K/12372K, paused 3ms, total 3ms
02-03 10:47:03.611 D/dalvikvm( 2070): GC_FOR_ALLOC freed 1790K, 33% free 8382K/12372K, paused 3ms, total 3ms
02-03 10:47:03.621 D/dalvikvm( 2070): GC_FOR_ALLOC freed 1800K, 33% free 8384K/12372K, paused 3ms, total 3ms
02-03 10:47:03.621 D/dalvikvm( 2070): GC_FOR_ALLOC freed 1809K, 33% free 8386K/12372K, paused 3ms, total 3ms
02-03 10:47:03.631 D/dalvikvm( 2070): GC_FOR_ALLOC freed 1819K, 33% free 8389K/12372K, paused 3ms, total 3ms
02-03 10:47:03.631 D/dalvikvm( 2070): GC_FOR_ALLOC freed 1828K, 33% free 8391K/12372K, paused 4ms, total 4ms
02-03 10:47:03.641 D/dalvikvm( 2070): GC_FOR_ALLOC freed 1837K, 33% free 8393K/12372K, paused 3ms, total 3ms
02-03 10:47:03.641 D/dalvikvm( 2070): GC_FOR_ALLOC freed 1847K, 34% free 8220K/12372K, paused 3ms, total 3ms
02-03 10:47:03.651 D/dalvikvm( 2070): GC_FOR_ALLOC freed 1856K, 34% free 8221K/12372K, paused 3ms, total 3ms
02-03 10:47:03.651 D/dalvikvm( 2070): GC_FOR_ALLOC freed 1866K, 34% free 8222K/12372K, paused 3ms, total 4ms
02-03 10:47:03.661 D/dalvikvm( 2070): GC_FOR_ALLOC freed 1875K, 34% free 8224K/12372K, paused 3ms, total 3ms
02-03 10:47:03.661 D/dalvikvm( 2070): GC_FOR_ALLOC freed 1885K, 34% free 8225K/12372K, paused 3ms, total 3ms
02-03 10:47:03.671 D/dalvikvm( 2070): GC_FOR_ALLOC freed 1894K, 34% free 8226K/12372K, paused 5ms, total 5ms
02-03 10:47:03.671 D/dalvikvm( 2070): GC_FOR_ALLOC freed 1903K, 34% free 8228K/12372K, paused 3ms, total 3ms
02-03 10:47:03.681 D/dalvikvm( 2070): GC_FOR_ALLOC freed 1730K, 35% free 8138K/12372K, paused 3ms, total 3ms
02-03 10:47:03.681 D/dalvikvm( 2070): GC_FOR_ALLOC freed 1921K, 35% free 8139K/12372K, paused 3ms, total 3ms
02-03 10:47:03.691 D/dalvikvm( 2070): GC_FOR_ALLOC freed 1931K, 35% free 8140K/12372K, paused 3ms, total 3ms
02-03 10:47:03.691 D/dalvikvm( 2070): GC_FOR_ALLOC freed 1940K, 35% free 8141K/12372K, paused 3ms, total 3ms
02-03 10:47:03.701 D/dalvikvm( 2070): GC_FOR_ALLOC freed 1950K, 35% free 8142K/12372K, paused 3ms, total 3ms
02-03 10:47:03.701 D/dalvikvm( 2070): GC_FOR_ALLOC freed 1959K, 35% free 8143K/12372K, paused 3ms, total 3ms
02-03 10:47:03.711 D/dalvikvm( 2070): GC_FOR_ALLOC freed 1968K, 35% free 8144K/12372K, paused 3ms, total 3ms
02-03 10:47:03.711 D/dalvikvm( 2070): GC_FOR_ALLOC freed 1978K, 35% free 8145K/12372K, paused 3ms, total 3ms
02-03 10:47:03.711 D/dalvikvm( 2070): GC_FOR_ALLOC freed 1987K, 35% free 8145K/12372K, paused 3ms, total 3ms
02-03 10:47:03.721 D/dalvikvm( 2070): GC_FOR_ALLOC freed 1997K, 35% free 8146K/12372K, paused 3ms, total 3ms
02-03 10:47:03.721 D/dalvikvm( 2070): GC_FOR_ALLOC freed 2006K, 35% free 8147K/12372K, paused 3ms, total 3ms
02-03 10:47:03.731 D/dalvikvm( 2070): GC_FOR_ALLOC freed 2015K, 35% free 8148K/12372K, paused 3ms, total 3ms
02-03 10:47:03.731 D/dalvikvm( 2070): GC_FOR_ALLOC freed 2025K, 35% free 8149K/12372K, paused 4ms, total 4ms
02-03 10:47:03.741 D/dalvikvm( 2070): GC_FOR_ALLOC freed 2034K, 35% free 8150K/12372K, paused 3ms, total 3ms
02-03 10:47:03.741 D/dalvikvm( 2070): GC_FOR_ALLOC freed 2044K, 35% free 8151K/12372K, paused 3ms, total 3ms
02-03 10:47:03.751 D/dalvikvm( 2070): GC_FOR_ALLOC freed 2053K, 35% free 8152K/12372K, paused 4ms, total 5ms
02-03 10:47:03.761 D/dalvikvm( 2070): GC_FOR_ALLOC freed 1570K, 32% free 8446K/12372K, paused 4ms, total 4ms
02-03 10:47:03.761 D/dalvikvm( 2070): GC_FOR_ALLOC freed 1872K, 35% free 8153K/12372K, paused 4ms, total 4ms
02-03 10:47:03.771 D/dalvikvm( 2070): GC_FOR_ALLOC freed 1582K, 32% free 8450K/12372K, paused 4ms, total 4ms
02-03 10:47:03.771 D/dalvikvm( 2070): GC_FOR_ALLOC freed 1887K, 35% free 8155K/12372K, paused 4ms, total 4ms
02-03 10:47:03.781 D/dalvikvm( 2070): GC_FOR_ALLOC freed 1594K, 32% free 8454K/12372K, paused 4ms, total 4ms
02-03 10:47:03.781 D/dalvikvm( 2070): GC_FOR_ALLOC freed 1901K, 35% free 8156K/12372K, paused 4ms, total 4ms
02-03 10:47:03.791 D/dalvikvm( 2070): GC_FOR_ALLOC freed 1606K, 32% free 8457K/12372K, paused 4ms, total 4ms
02-03 10:47:03.791 D/dalvikvm( 2070): GC_FOR_ALLOC freed 1915K, 36% free 8158K/12576K, paused 3ms, total 4ms
02-03 10:47:03.801 D/dalvikvm( 2070): GC_FOR_ALLOC freed 1618K, 33% free 8461K/12576K, paused 3ms, total 3ms
02-03 10:47:03.801 D/dalvikvm( 2070): GC_FOR_ALLOC freed 1929K, 36% free 8159K/12576K, paused 3ms, total 3ms
02-03 10:47:03.801 D/dalvikvm( 2070): GC_FOR_ALLOC freed 1630K, 33% free 8465K/12576K, paused 3ms, total 3ms
02-03 10:47:03.811 D/dalvikvm( 2070): GC_FOR_ALLOC freed 1944K, 36% free 8161K/12576K, paused 3ms, total 3ms
02-03 10:47:03.811 D/dalvikvm( 2070): GC_FOR_ALLOC freed 1979K, 35% free 8268K/12576K, paused 3ms, total 3ms
02-03 10:47:03.821 D/dalvikvm( 2070): GC_FOR_ALLOC freed 2282K, 36% free 8164K/12576K, paused 3ms, total 3ms
02-03 10:47:03.831 D/dalvikvm( 2070): GC_FOR_ALLOC freed 1762K, 35% free 8274K/12576K, paused 4ms, total 4ms
02-03 10:47:03.831 D/dalvikvm( 2070): GC_FOR_ALLOC freed 1412K, 32% free 8659K/12576K, paused 4ms, total 4ms
02-03 10:47:03.841 I/dalvikvm-heap( 2070): Grow heap (frag case) to 9.499MB for 1048592-byte allocation
02-03 10:47:03.841 D/dalvikvm( 2070): GC_FOR_ALLOC freed <1K, 29% free 9683K/13604K, paused 2ms, total 2ms
02-03 10:47:03.841 D/dalvikvm( 2070): GC_FOR_ALLOC freed <1K, 29% free 9683K/13604K, paused 4ms, total 5ms
02-03 10:47:03.851 I/dalvikvm-heap( 2070): Grow heap (frag case) to 10.499MB for 1048592-byte allocation
02-03 10:47:03.851 D/dalvikvm( 2070): GC_FOR_ALLOC freed 0K, 27% free 10707K/14632K, paused 3ms, total 3ms
02-03 10:47:04.221 D/dalvikvm( 2070): GC_CONCURRENT freed 6745K, 46% free 8014K/14840K, paused 1ms+1ms, total 17ms
02-03 10:47:04.221 D/dalvikvm( 2070): WAIT_FOR_CONCURRENT_GC blocked 16ms
02-03 10:47:04.231 D/dalvikvm( 2070): GC_CONCURRENT freed 4029K, 35% free 8061K/12388K, paused 1ms+1ms, total 5ms
02-03 10:47:04.231 D/dalvikvm( 2070): WAIT_FOR_CONCURRENT_GC blocked 4ms
02-03 10:47:04.241 D/dalvikvm( 2070): GC_FOR_ALLOC freed 3678K, 36% free 8009K/12388K, paused 4ms, total 4ms
02-03 10:47:04.251 D/dalvikvm( 2070): GC_FOR_ALLOC freed 3495K, 35% free 8071K/12388K, paused 4ms, total 4ms
02-03 10:47:04.261 D/dalvikvm( 2070): GC_FOR_ALLOC freed 3456K, 36% free 8026K/12388K, paused 5ms, total 5ms
02-03 10:47:04.261 D/dalvikvm( 2070): GC_FOR_ALLOC freed 3400K, 36% free 8028K/12388K, paused 4ms, total 4ms
02-03 10:47:04.271 D/dalvikvm( 2070): GC_FOR_ALLOC freed 3138K, 35% free 8056K/12388K, paused 3ms, total 3ms
02-03 10:47:04.281 D/dalvikvm( 2070): GC_FOR_ALLOC freed 3038K, 35% free 8126K/12388K, paused 3ms, total 3ms
02-03 10:47:04.281 D/dalvikvm( 2070): GC_FOR_ALLOC freed 3143K, 36% free 8024K/12388K, paused 3ms, total 4ms
02-03 10:47:04.291 D/dalvikvm( 2070): GC_FOR_ALLOC freed 3121K, 36% free 8024K/12388K, paused 4ms, total 4ms
02-03 10:47:04.291 D/dalvikvm( 2070): GC_FOR_ALLOC freed 2795K, 35% free 8140K/12388K, paused 3ms, total 3ms
02-03 10:47:04.301 D/dalvikvm( 2070): GC_FOR_ALLOC freed 2825K, 35% free 8144K/12388K, paused 3ms, total 3ms
02-03 10:47:04.301 D/dalvikvm( 2070): GC_FOR_ALLOC freed 2937K, 35% free 8095K/12388K, paused 3ms, total 3ms
02-03 10:47:04.311 D/dalvikvm( 2070): GC_FOR_ALLOC freed 2954K, 35% free 8052K/12388K, paused 4ms, total 4ms
02-03 10:47:04.321 D/dalvikvm( 2070): GC_FOR_ALLOC freed 2825K, 36% free 8051K/12388K, paused 3ms, total 3ms
02-03 10:47:04.321 D/dalvikvm( 2070): GC_FOR_ALLOC freed 2910K, 36% free 8049K/12388K, paused 4ms, total 4ms
02-03 10:47:04.331 D/dalvikvm( 2070): GC_FOR_ALLOC freed 2754K, 35% free 8095K/12388K, paused 3ms, total 3ms
02-03 10:47:04.341 D/dalvikvm( 2070): GC_FOR_ALLOC freed 2629K, 36% free 8046K/12388K, paused 5ms, total 5ms
02-03 10:47:04.341 D/dalvikvm( 2070): GC_FOR_ALLOC freed 2792K, 36% free 8045K/12388K, paused 3ms, total 3ms
02-03 10:47:04.351 D/dalvikvm( 2070): GC_FOR_ALLOC freed 2601K, 35% free 8093K/12388K, paused 3ms, total 3ms
02-03 10:47:04.351 D/dalvikvm( 2070): GC_FOR_ALLOC freed 2551K, 34% free 8229K/12388K, paused 3ms, total 3ms
02-03 10:47:04.361 D/dalvikvm( 2070): GC_FOR_ALLOC freed 2496K, 35% free 8071K/12388K, paused 3ms, total 3ms
02-03 10:47:04.361 D/dalvikvm( 2070): GC_FOR_ALLOC freed 2379K, 35% free 8122K/12388K, paused 3ms, total 3ms
02-03 10:47:04.371 D/dalvikvm( 2070): GC_FOR_ALLOC freed 2310K, 34% free 8231K/12388K, paused 4ms, total 4ms
02-03 10:47:04.371 D/dalvikvm( 2070): GC_FOR_ALLOC freed 2348K, 34% free 8232K/12388K, paused 3ms, total 3ms
02-03 10:47:04.381 D/dalvikvm( 2070): GC_FOR_ALLOC freed 2385K, 35% free 8118K/12388K, paused 4ms, total 4ms
02-03 10:47:04.391 D/dalvikvm( 2070): GC_FOR_ALLOC freed 2307K, 35% free 8060K/12388K, paused 4ms, total 4ms
02-03 10:47:04.391 D/dalvikvm( 2070): GC_FOR_ALLOC freed 2459K, 35% free 8058K/12388K, paused 3ms, total 3ms
02-03 10:47:04.401 D/dalvikvm( 2070): GC_FOR_ALLOC freed 2496K, 35% free 8087K/12388K, paused 3ms, total 3ms
02-03 10:47:04.401 D/dalvikvm( 2070): GC_FOR_ALLOC freed 2534K, 35% free 8085K/12388K, paused 3ms, total 3ms
02-03 10:47:04.411 D/dalvikvm( 2070): GC_FOR_ALLOC freed 2572K, 35% free 8083K/12388K, paused 3ms, total 3ms
02-03 10:47:04.411 D/dalvikvm( 2070): GC_FOR_ALLOC freed 2609K, 35% free 8081K/12388K, paused 3ms, total 3ms
02-03 10:47:04.421 D/dalvikvm( 2070): GC_FOR_ALLOC freed 2647K, 35% free 8079K/12388K, paused 6ms, total 6ms
02-03 10:47:04.421 D/dalvikvm( 2070): GC_FOR_ALLOC freed 2363K, 34% free 8267K/12388K, paused 3ms, total 3ms
02-03 10:47:04.431 D/dalvikvm( 2070): GC_FOR_ALLOC freed 2263K, 34% free 8267K/12388K, paused 3ms, total 3ms
02-03 10:47:04.431 D/dalvikvm( 2070): GC_FOR_ALLOC freed 2289K, 34% free 8267K/12388K, paused 3ms, total 3ms
02-03 10:47:04.441 D/dalvikvm( 2070): GC_FOR_ALLOC freed 2183K, 35% free 8100K/12388K, paused 3ms, total 3ms
02-03 10:47:04.441 D/dalvikvm( 2070): GC_FOR_ALLOC freed 2000K, 33% free 8302K/12388K, paused 3ms, total 3ms
02-03 10:47:04.451 D/dalvikvm( 2070): GC_FOR_ALLOC freed 2227K, 35% free 8099K/12388K, paused 3ms, total 3ms
02-03 10:47:04.451 D/dalvikvm( 2070): GC_FOR_ALLOC freed 2040K, 33% free 8304K/12388K, paused 4ms, total 4ms
02-03 10:47:04.461 D/dalvikvm( 2070): GC_FOR_ALLOC freed 2271K, 35% free 8098K/12388K, paused 3ms, total 3ms
02-03 10:47:04.461 D/dalvikvm( 2070): GC_FOR_ALLOC freed 2081K, 33% free 8307K/12388K, paused 3ms, total 3ms
02-03 10:47:04.471 D/dalvikvm( 2070): GC_FOR_ALLOC freed 2316K, 35% free 8097K/12388K, paused 3ms, total 3ms
02-03 10:47:04.471 D/dalvikvm( 2070): GC_FOR_ALLOC freed 2121K, 33% free 8310K/12388K, paused 3ms, total 3ms
02-03 10:47:04.481 D/dalvikvm( 2070): GC_FOR_ALLOC freed 2360K, 35% free 8095K/12388K, paused 3ms, total 3ms
02-03 10:47:04.481 D/dalvikvm( 2070): GC_FOR_ALLOC freed 2161K, 33% free 8312K/12388K, paused 3ms, total 3ms
02-03 10:47:04.491 D/dalvikvm( 2070): GC_FOR_ALLOC freed 2405K, 35% free 8094K/12388K, paused 4ms, total 4ms
02-03 10:47:04.491 D/dalvikvm( 2070): GC_FOR_ALLOC freed 2202K, 33% free 8315K/12388K, paused 3ms, total 3ms
02-03 10:47:04.501 D/dalvikvm( 2070): GC_FOR_ALLOC freed 2073K, 33% free 8318K/12388K, paused 3ms, total 3ms
02-03 10:47:04.511 D/dalvikvm( 2070): GC_FOR_ALLOC freed 2089K, 35% free 8172K/12388K, paused 4ms, total 4ms
02-03 10:47:04.511 D/dalvikvm( 2070): GC_FOR_ALLOC freed 2106K, 35% free 8174K/12388K, paused 3ms, total 3ms
02-03 10:47:04.521 D/dalvikvm( 2070): GC_FOR_ALLOC freed 2123K, 35% free 8175K/12388K, paused 4ms, total 4ms
02-03 10:47:04.521 D/dalvikvm( 2070): GC_FOR_ALLOC freed 1986K, 35% free 8101K/12388K, paused 3ms, total 4ms
02-03 10:47:04.531 D/dalvikvm( 2070): GC_FOR_ALLOC freed 2155K, 35% free 8102K/12388K, paused 4ms, total 4ms
02-03 10:47:04.531 D/dalvikvm( 2070): GC_FOR_ALLOC freed 2172K, 35% free 8104K/12388K, paused 3ms, total 3ms
02-03 10:47:04.541 D/dalvikvm( 2070): GC_FOR_ALLOC freed 2189K, 35% free 8105K/12388K, paused 3ms, total 3ms
02-03 10:47:04.541 D/dalvikvm( 2070): GC_FOR_ALLOC freed 2205K, 35% free 8106K/12388K, paused 3ms, total 3ms
02-03 10:47:04.551 D/dalvikvm( 2070): GC_FOR_ALLOC freed 2222K, 35% free 8107K/12388K, paused 3ms, total 3ms
02-03 10:47:04.551 D/dalvikvm( 2070): GC_FOR_ALLOC freed 2239K, 35% free 8108K/12388K, paused 3ms, total 3ms
02-03 10:47:04.561 D/dalvikvm( 2070): GC_FOR_ALLOC freed 2258K, 35% free 8110K/12388K, paused 3ms, total 3ms
02-03 10:47:04.561 D/dalvikvm( 2070): GC_FOR_ALLOC freed 2275K, 35% free 8111K/12388K, paused 3ms, total 3ms
02-03 10:47:04.571 D/dalvikvm( 2070): GC_FOR_ALLOC freed 1882K, 33% free 8357K/12388K, paused 5ms, total 5ms
02-03 10:47:04.571 D/dalvikvm( 2070): GC_FOR_ALLOC freed 1729K, 33% free 8359K/12388K, paused 3ms, total 3ms
02-03 10:47:04.581 D/dalvikvm( 2070): GC_FOR_ALLOC freed 1738K, 33% free 8361K/12388K, paused 3ms, total 3ms
02-03 10:47:04.581 D/dalvikvm( 2070): GC_FOR_ALLOC freed 1749K, 34% free 8198K/12388K, paused 3ms, total 3ms
02-03 10:47:04.591 D/dalvikvm( 2070): GC_FOR_ALLOC freed 1759K, 33% free 8366K/12388K, paused 4ms, total 4ms
02-03 10:47:04.591 D/dalvikvm( 2070): GC_FOR_ALLOC freed 1768K, 33% free 8369K/12388K, paused 3ms, total 3ms
02-03 10:47:04.601 D/dalvikvm( 2070): GC_FOR_ALLOC freed 1778K, 33% free 8371K/12388K, paused 3ms, total 3ms
02-03 10:47:04.601 D/dalvikvm( 2070): GC_FOR_ALLOC freed 1787K, 33% free 8373K/12388K, paused 3ms, total 3ms
02-03 10:47:04.611 D/dalvikvm( 2070): GC_FOR_ALLOC freed 1797K, 33% free 8375K/12388K, paused 3ms, total 3ms
02-03 10:47:04.611 D/dalvikvm( 2070): GC_FOR_ALLOC freed 1806K, 33% free 8378K/12388K, paused 3ms, total 3ms
02-03 10:47:04.621 D/dalvikvm( 2070): GC_FOR_ALLOC freed 1815K, 33% free 8380K/12388K, paused 3ms, total 3ms
02-03 10:47:04.621 D/dalvikvm( 2070): GC_FOR_ALLOC freed 1825K, 33% free 8382K/12388K, paused 3ms, total 3ms
02-03 10:47:04.631 D/dalvikvm( 2070): GC_FOR_ALLOC freed 1834K, 33% free 8384K/12388K, paused 3ms, total 3ms
02-03 10:47:04.631 D/dalvikvm( 2070): GC_FOR_ALLOC freed 1844K, 33% free 8387K/12388K, paused 3ms, total 3ms
02-03 10:47:04.641 D/dalvikvm( 2070): GC_FOR_ALLOC freed 1853K, 33% free 8389K/12388K, paused 3ms, total 3ms
02-03 10:47:04.641 D/dalvikvm( 2070): GC_FOR_ALLOC freed 1863K, 33% free 8391K/12388K, paused 3ms, total 3ms
02-03 10:47:04.651 D/dalvikvm( 2070): GC_FOR_ALLOC freed 1872K, 33% free 8393K/12388K, paused 4ms, total 4ms
02-03 10:47:04.651 D/dalvikvm( 2070): GC_FOR_ALLOC freed 1881K, 33% free 8396K/12388K, paused 3ms, total 3ms
02-03 10:47:04.661 D/dalvikvm( 2070): GC_FOR_ALLOC freed 1891K, 34% free 8218K/12388K, paused 3ms, total 4ms
02-03 10:47:04.661 D/dalvikvm( 2070): GC_FOR_ALLOC freed 1900K, 34% free 8219K/12388K, paused 3ms, total 3ms
02-03 10:47:04.671 D/dalvikvm( 2070): GC_FOR_ALLOC freed 1910K, 34% free 8220K/12388K, paused 4ms, total 4ms
02-03 10:47:04.671 D/dalvikvm( 2070): GC_FOR_ALLOC freed 1736K, 35% free 8131K/12388K, paused 3ms, total 3ms
02-03 10:47:04.681 D/dalvikvm( 2070): GC_FOR_ALLOC freed 1928K, 35% free 8132K/12388K, paused 4ms, total 4ms
02-03 10:47:04.681 D/dalvikvm( 2070): GC_FOR_ALLOC freed 1937K, 35% free 8133K/12388K, paused 3ms, total 3ms
02-03 10:47:04.691 D/dalvikvm( 2070): GC_FOR_ALLOC freed 1946K, 35% free 8134K/12388K, paused 3ms, total 3ms
02-03 10:47:04.691 D/dalvikvm( 2070): GC_FOR_ALLOC freed 1956K, 35% free 8135K/12388K, paused 3ms, total 3ms
02-03 10:47:04.701 D/dalvikvm( 2070): GC_FOR_ALLOC freed 1965K, 35% free 8135K/12388K, paused 3ms, total 3ms
02-03 10:47:04.701 D/dalvikvm( 2070): GC_FOR_ALLOC freed 1975K, 35% free 8136K/12388K, paused 4ms, total 4ms
02-03 10:47:04.711 D/dalvikvm( 2070): GC_FOR_ALLOC freed 1984K, 35% free 8137K/12388K, paused 3ms, total 3ms
02-03 10:47:04.711 D/dalvikvm( 2070): GC_FOR_ALLOC freed 1993K, 35% free 8138K/12388K, paused 3ms, total 3ms
02-03 10:47:04.721 D/dalvikvm( 2070): GC_FOR_ALLOC freed 2003K, 35% free 8139K/12388K, paused 3ms, total 4ms
02-03 10:47:04.721 D/dalvikvm( 2070): GC_FOR_ALLOC freed 2012K, 35% free 8140K/12388K, paused 4ms, total 4ms
02-03 10:47:04.731 D/dalvikvm( 2070): GC_FOR_ALLOC freed 2022K, 35% free 8141K/12388K, paused 3ms, total 3ms
02-03 10:47:04.731 D/dalvikvm( 2070): GC_FOR_ALLOC freed 2031K, 35% free 8142K/12388K, paused 3ms, total 3ms
02-03 10:47:04.741 D/dalvikvm( 2070): GC_FOR_ALLOC freed 2041K, 35% free 8143K/12388K, paused 4ms, total 4ms
02-03 10:47:04.741 D/dalvikvm( 2070): GC_FOR_ALLOC freed 2050K, 35% free 8143K/12388K, paused 3ms, total 3ms
02-03 10:47:04.751 D/dalvikvm( 2070): GC_FOR_ALLOC freed 2059K, 35% free 8144K/12388K, paused 3ms, total 3ms
02-03 10:47:04.751 D/dalvikvm( 2070): GC_FOR_ALLOC freed 2069K, 35% free 8145K/12388K, paused 5ms, total 5ms
02-03 10:47:04.761 D/dalvikvm( 2070): GC_FOR_ALLOC freed 2078K, 35% free 8146K/12388K, paused 3ms, total 3ms
02-03 10:47:04.761 D/dalvikvm( 2070): GC_FOR_ALLOC freed 1589K, 32% free 8444K/12388K, paused 3ms, total 3ms
02-03 10:47:04.771 D/dalvikvm( 2070): GC_FOR_ALLOC freed 1895K, 35% free 8148K/12388K, paused 4ms, total 4ms
02-03 10:47:04.771 D/dalvikvm( 2070): GC_FOR_ALLOC freed 1601K, 32% free 8448K/12388K, paused 5ms, total 5ms
02-03 10:47:04.781 D/dalvikvm( 2070): GC_FOR_ALLOC freed 1909K, 35% free 8149K/12388K, paused 3ms, total 3ms
02-03 10:47:04.781 D/dalvikvm( 2070): GC_FOR_ALLOC freed 1613K, 32% free 8452K/12388K, paused 3ms, total 3ms
02-03 10:47:04.791 D/dalvikvm( 2070): GC_FOR_ALLOC freed 1924K, 36% free 8151K/12592K, paused 3ms, total 3ms
02-03 10:47:04.791 D/dalvikvm( 2070): GC_FOR_ALLOC freed 1625K, 33% free 8455K/12592K, paused 4ms, total 4ms
02-03 10:47:04.801 D/dalvikvm( 2070): GC_FOR_ALLOC freed 1938K, 36% free 8152K/12592K, paused 3ms, total 3ms
02-03 10:47:04.801 D/dalvikvm( 2070): GC_FOR_ALLOC freed 1638K, 33% free 8459K/12592K, paused 3ms, total 3ms
02-03 10:47:04.811 D/dalvikvm( 2070): GC_FOR_ALLOC freed 2314K, 36% free 8180K/12592K, paused 4ms, total 4ms
02-03 10:47:04.811 D/dalvikvm( 2070): GC_FOR_ALLOC freed 1970K, 35% free 8290K/12592K, paused 3ms, total 3ms
02-03 10:47:04.821 D/dalvikvm( 2070): GC_FOR_ALLOC freed 1541K, 33% free 8510K/12592K, paused 3ms, total 3ms
02-03 10:47:04.821 D/dalvikvm( 2070): GC_FOR_ALLOC freed 1403K, 40% free 7658K/12592K, paused 4ms, total 4ms
02-03 10:47:04.831 D/dalvikvm( 2070): GC_FOR_ALLOC freed 4K, 32% free 8679K/12592K, paused 3ms, total 3ms
02-03 10:47:04.831 I/dalvikvm-heap( 2070): Grow heap (frag case) to 9.518MB for 1048592-byte allocation
02-03 10:47:04.831 D/dalvikvm( 2070): GC_FOR_ALLOC freed <1K, 29% free 9703K/13620K, paused 3ms, total 3ms
02-03 10:47:04.841 D/dalvikvm( 2070): GC_FOR_ALLOC freed <1K, 29% free 9703K/13620K, paused 5ms, total 5ms
02-03 10:47:04.841 I/dalvikvm-heap( 2070): Grow heap (frag case) to 10.518MB for 1048592-byte allocation
02-03 10:47:04.841 D/dalvikvm( 2070): GC_FOR_ALLOC freed 0K, 27% free 10727K/14648K, paused 3ms, total 3ms
02-03 10:47:05.311 D/dalvikvm( 2070): GC_CONCURRENT freed 6769K, 47% free 8020K/14868K, paused 0ms+2ms, total 16ms
02-03 10:47:05.311 D/dalvikvm( 2070): WAIT_FOR_CONCURRENT_GC blocked 16ms
02-03 10:47:05.321 D/dalvikvm( 2070): GC_CONCURRENT freed 4014K, 36% free 8085K/12480K, paused 1ms+2ms, total 5ms
02-03 10:47:05.321 D/dalvikvm( 2070): WAIT_FOR_CONCURRENT_GC blocked 5ms
02-03 10:47:05.331 D/dalvikvm( 2070): GC_FOR_ALLOC freed 3827K, 36% free 7997K/12480K, paused 4ms, total 4ms
02-03 10:47:05.341 D/dalvikvm( 2070): GC_FOR_ALLOC freed 3689K, 36% free 8012K/12480K, paused 5ms, total 5ms
02-03 10:47:05.341 D/dalvikvm( 2070): GC_FOR_ALLOC freed 3451K, 36% free 8020K/12480K, paused 4ms, total 4ms
02-03 10:47:05.351 D/dalvikvm( 2070): GC_FOR_ALLOC freed 3491K, 36% free 8017K/12480K, paused 3ms, total 3ms
02-03 10:47:05.361 D/dalvikvm( 2070): GC_FOR_ALLOC freed 3168K, 36% free 8110K/12480K, paused 3ms, total 3ms
02-03 10:47:05.361 D/dalvikvm( 2070): GC_FOR_ALLOC freed 3066K, 35% free 8116K/12480K, paused 4ms, total 4ms
02-03 10:47:05.371 D/dalvikvm( 2070): GC_FOR_ALLOC freed 3169K, 36% free 8013K/12480K, paused 3ms, total 3ms
02-03 10:47:05.371 D/dalvikvm( 2070): GC_FOR_ALLOC freed 3146K, 36% free 8012K/12480K, paused 3ms, total 3ms
02-03 10:47:05.381 D/dalvikvm( 2070): GC_FOR_ALLOC freed 3017K, 36% free 8044K/12480K, paused 3ms, total 3ms
02-03 10:47:05.381 D/dalvikvm( 2070): GC_FOR_ALLOC freed 2938K, 36% free 8084K/12480K, paused 3ms, total 3ms
02-03 10:47:05.391 D/dalvikvm( 2070): GC_FOR_ALLOC freed 2969K, 36% free 8084K/12480K, paused 3ms, total 3ms
02-03 10:47:05.401 D/dalvikvm( 2070): GC_FOR_ALLOC freed 3073K, 36% free 8085K/12480K, paused 3ms, total 3ms
02-03 10:47:05.401 D/dalvikvm( 2070): GC_FOR_ALLOC freed 2856K, 35% free 8176K/12480K, paused 3ms, total 4ms
02-03 10:47:05.411 D/dalvikvm( 2070): GC_FOR_ALLOC freed 2941K, 35% free 8179K/12480K, paused 4ms, total 4ms
02-03 10:47:05.411 D/dalvikvm( 2070): GC_FOR_ALLOC freed 2928K, 36% free 8037K/12480K, paused 3ms, total 3ms
02-03 10:47:05.421 D/dalvikvm( 2070): GC_FOR_ALLOC freed 2758K, 36% free 8035K/12480K, paused 3ms, total 3ms
02-03 10:47:05.431 D/dalvikvm( 2070): GC_FOR_ALLOC freed 2570K, 35% free 8217K/12480K, paused 3ms, total 4ms
02-03 10:47:05.431 D/dalvikvm( 2070): GC_FOR_ALLOC freed 2522K, 35% free 8218K/12480K, paused 4ms, total 4ms
02-03 10:47:05.441 D/dalvikvm( 2070): GC_FOR_ALLOC freed 2573K, 35% free 8219K/12480K, paused 4ms, total 4ms
02-03 10:47:05.441 D/dalvikvm( 2070): GC_FOR_ALLOC freed 2625K, 35% free 8113K/12480K, paused 3ms, total 3ms
02-03 10:47:05.451 D/dalvikvm( 2070): GC_FOR_ALLOC freed 2566K, 36% free 8058K/12480K, paused 3ms, total 3ms
02-03 10:47:05.451 D/dalvikvm( 2070): GC_FOR_ALLOC freed 2725K, 36% free 8056K/12480K, paused 3ms, total 3ms
02-03 10:47:05.461 D/dalvikvm( 2070): GC_FOR_ALLOC freed 2491K, 36% free 8110K/12480K, paused 3ms, total 3ms
02-03 10:47:05.461 D/dalvikvm( 2070): GC_FOR_ALLOC freed 2417K, 35% free 8224K/12480K, paused 3ms, total 3ms
02-03 10:47:05.471 D/dalvikvm( 2070): GC_FOR_ALLOC freed 2454K, 35% free 8139K/12480K, paused 3ms, total 3ms
02-03 10:47:05.471 D/dalvikvm( 2070): GC_FOR_ALLOC freed 2373K, 36% free 8079K/12480K, paused 3ms, total 3ms
02-03 10:47:05.481 D/dalvikvm( 2070): GC_FOR_ALLOC freed 2528K, 36% free 8077K/12480K, paused 3ms, total 3ms
02-03 10:47:05.481 D/dalvikvm( 2070): GC_FOR_ALLOC freed 2565K, 36% free 8075K/12480K, paused 3ms, total 3ms
02-03 10:47:05.491 D/dalvikvm( 2070): GC_FOR_ALLOC freed 2603K, 36% free 8072K/12480K, paused 3ms, total 3ms
02-03 10:47:05.491 D/dalvikvm( 2070): GC_FOR_ALLOC freed 2641K, 36% free 8070K/12480K, paused 3ms, total 3ms
02-03 10:47:05.501 D/dalvikvm( 2070): GC_FOR_ALLOC freed 2678K, 36% free 8068K/12480K, paused 3ms, total 3ms
02-03 10:47:05.501 D/dalvikvm( 2070): GC_FOR_ALLOC freed 2716K, 36% free 8066K/12480K, paused 4ms, total 4ms
02-03 10:47:05.511 D/dalvikvm( 2070): GC_FOR_ALLOC freed 2293K, 36% free 8095K/12480K, paused 4ms, total 4ms
02-03 10:47:05.511 D/dalvikvm( 2070): GC_FOR_ALLOC freed 2319K, 36% free 8093K/12480K, paused 3ms, total 3ms
02-03 10:47:05.521 D/dalvikvm( 2070): GC_FOR_ALLOC freed 2345K, 36% free 8090K/12480K, paused 4ms, total 4ms
02-03 10:47:05.521 D/dalvikvm( 2070): GC_FOR_ALLOC freed 2371K, 36% free 8088K/12480K, paused 4ms, total 4ms
02-03 10:47:05.531 D/dalvikvm( 2070): GC_FOR_ALLOC freed 2397K, 36% free 8085K/12480K, paused 3ms, total 3ms
02-03 10:47:05.531 D/dalvikvm( 2070): GC_FOR_ALLOC freed 2423K, 36% free 8083K/12480K, paused 4ms, total 4ms
02-03 10:47:05.541 D/dalvikvm( 2070): GC_FOR_ALLOC freed 2450K, 36% free 8080K/12480K, paused 3ms, total 3ms
02-03 10:47:05.541 D/dalvikvm( 2070): GC_FOR_ALLOC freed 2117K, 34% free 8293K/12480K, paused 3ms, total 3ms
02-03 10:47:05.551 D/dalvikvm( 2070): GC_FOR_ALLOC freed 2355K, 36% free 8079K/12480K, paused 4ms, total 4ms
02-03 10:47:05.551 D/dalvikvm( 2070): GC_FOR_ALLOC freed 2157K, 34% free 8296K/12480K, paused 3ms, total 3ms
02-03 10:47:05.561 D/dalvikvm( 2070): GC_FOR_ALLOC freed 2400K, 36% free 8110K/12480K, paused 3ms, total 3ms
02-03 10:47:05.561 D/dalvikvm( 2070): GC_FOR_ALLOC freed 2197K, 35% free 8184K/12480K, paused 3ms, total 3ms
02-03 10:47:05.571 D/dalvikvm( 2070): GC_FOR_ALLOC freed 2068K, 34% free 8333K/12480K, paused 4ms, total 4ms
02-03 10:47:05.571 D/dalvikvm( 2070): GC_FOR_ALLOC freed 2085K, 34% free 8336K/12480K, paused 4ms, total 4ms
02-03 10:47:05.581 D/dalvikvm( 2070): GC_FOR_ALLOC freed 2102K, 34% free 8339K/12480K, paused 3ms, total 3ms
02-03 10:47:05.581 D/dalvikvm( 2070): GC_FOR_ALLOC freed 2119K, 34% free 8342K/12480K, paused 4ms, total 4ms
02-03 10:47:05.591 D/dalvikvm( 2070): GC_FOR_ALLOC freed 2135K, 35% free 8193K/12480K, paused 4ms, total 4ms
02-03 10:47:05.591 D/dalvikvm( 2070): GC_FOR_ALLOC freed 2152K, 35% free 8194K/12480K, paused 3ms, total 3ms
02-03 10:47:05.601 D/dalvikvm( 2070): GC_FOR_ALLOC freed 2169K, 35% free 8196K/12480K, paused 4ms, total 4ms
02-03 10:47:05.601 D/dalvikvm( 2070): GC_FOR_ALLOC freed 2029K, 35% free 8120K/12480K, paused 3ms, total 3ms
02-03 10:47:05.611 D/dalvikvm( 2070): GC_FOR_ALLOC freed 2201K, 35% free 8122K/12480K, paused 3ms, total 3ms
02-03 10:47:05.611 D/dalvikvm( 2070): GC_FOR_ALLOC freed 2218K, 35% free 8123K/12480K, paused 4ms, total 4ms
02-03 10:47:05.621 D/dalvikvm( 2070): GC_FOR_ALLOC freed 2235K, 35% free 8124K/12480K, paused 3ms, total 3ms
02-03 10:47:05.621 D/dalvikvm( 2070): GC_FOR_ALLOC freed 2254K, 35% free 8125K/12480K, paused 3ms, total 4ms
02-03 10:47:05.631 D/dalvikvm( 2070): GC_FOR_ALLOC freed 2271K, 35% free 8127K/12480K, paused 3ms, total 3ms
02-03 10:47:05.631 D/dalvikvm( 2070): GC_FOR_ALLOC freed 2288K, 35% free 8128K/12480K, paused 3ms, total 3ms
02-03 10:47:05.641 D/dalvikvm( 2070): GC_FOR_ALLOC freed 1892K, 33% free 8375K/12480K, paused 4ms, total 4ms
02-03 10:47:05.641 D/dalvikvm( 2070): GC_FOR_ALLOC freed 2154K, 35% free 8130K/12480K, paused 3ms, total 3ms
02-03 10:47:05.651 D/dalvikvm( 2070): GC_FOR_ALLOC freed 1918K, 35% free 8214K/12480K, paused 4ms, total 4ms
02-03 10:47:05.651 D/dalvikvm( 2070): GC_FOR_ALLOC freed 1762K, 33% free 8383K/12480K, paused 3ms, total 3ms
02-03 10:47:05.651 D/dalvikvm( 2070): GC_FOR_ALLOC freed 1772K, 33% free 8385K/12480K, paused 3ms, total 3ms
02-03 10:47:05.661 D/dalvikvm( 2070): GC_FOR_ALLOC freed 1781K, 33% free 8388K/12480K, paused 3ms, total 3ms
02-03 10:47:05.661 D/dalvikvm( 2070): GC_FOR_ALLOC freed 1790K, 33% free 8390K/12480K, paused 3ms, total 3ms
02-03 10:47:05.671 D/dalvikvm( 2070): GC_FOR_ALLOC freed 1800K, 33% free 8392K/12480K, paused 4ms, total 4ms
02-03 10:47:05.671 D/dalvikvm( 2070): GC_FOR_ALLOC freed 1809K, 33% free 8394K/12480K, paused 4ms, total 4ms
02-03 10:47:05.681 D/dalvikvm( 2070): GC_FOR_ALLOC freed 1819K, 33% free 8397K/12480K, paused 3ms, total 3ms
02-03 10:47:05.681 D/dalvikvm( 2070): GC_FOR_ALLOC freed 1828K, 33% free 8399K/12480K, paused 3ms, total 3ms
02-03 10:47:05.691 D/dalvikvm( 2070): GC_FOR_ALLOC freed 1837K, 33% free 8401K/12480K, paused 3ms, total 3ms
02-03 10:47:05.691 D/dalvikvm( 2070): GC_FOR_ALLOC freed 1847K, 33% free 8403K/12480K, paused 4ms, total 4ms
02-03 10:47:05.701 D/dalvikvm( 2070): GC_FOR_ALLOC freed 1856K, 33% free 8406K/12480K, paused 3ms, total 3ms
02-03 10:47:05.701 D/dalvikvm( 2070): GC_FOR_ALLOC freed 1866K, 33% free 8408K/12480K, paused 3ms, total 3ms
02-03 10:47:05.711 D/dalvikvm( 2070): GC_FOR_ALLOC freed 1875K, 33% free 8410K/12480K, paused 3ms, total 3ms
02-03 10:47:05.711 D/dalvikvm( 2070): GC_FOR_ALLOC freed 1885K, 33% free 8412K/12480K, paused 4ms, total 4ms
02-03 10:47:05.711 D/dalvikvm( 2070): GC_FOR_ALLOC freed 1894K, 33% free 8415K/12480K, paused 3ms, total 3ms
02-03 10:47:05.721 D/dalvikvm( 2070): GC_FOR_ALLOC freed 1903K, 35% free 8236K/12480K, paused 3ms, total 3ms
02-03 10:47:05.721 D/dalvikvm( 2070): GC_FOR_ALLOC freed 1913K, 34% free 8237K/12480K, paused 3ms, total 3ms
02-03 10:47:05.731 D/dalvikvm( 2070): GC_FOR_ALLOC freed 1922K, 34% free 8238K/12480K, paused 3ms, total 3ms
02-03 10:47:05.731 D/dalvikvm( 2070): GC_FOR_ALLOC freed 1932K, 34% free 8240K/12480K, paused 3ms, total 3ms
02-03 10:47:05.741 D/dalvikvm( 2070): GC_FOR_ALLOC freed 1941K, 34% free 8241K/12480K, paused 3ms, total 3ms
02-03 10:47:05.741 D/dalvikvm( 2070): GC_FOR_ALLOC freed 1950K, 34% free 8242K/12480K, paused 3ms, total 3ms
02-03 10:47:05.751 D/dalvikvm( 2070): GC_FOR_ALLOC freed 1960K, 34% free 8244K/12480K, paused 3ms, total 3ms
02-03 10:47:05.751 D/dalvikvm( 2070): GC_FOR_ALLOC freed 1969K, 34% free 8245K/12480K, paused 3ms, total 3ms
02-03 10:47:05.761 D/dalvikvm( 2070): GC_FOR_ALLOC freed 1979K, 34% free 8246K/12480K, paused 4ms, total 4ms
02-03 10:47:05.761 D/dalvikvm( 2070): GC_FOR_ALLOC freed 1988K, 34% free 8248K/12480K, paused 4ms, total 4ms
02-03 10:47:05.771 D/dalvikvm( 2070): GC_FOR_ALLOC freed 1997K, 34% free 8249K/12480K, paused 3ms, total 3ms
02-03 10:47:05.771 D/dalvikvm( 2070): GC_FOR_ALLOC freed 2007K, 34% free 8250K/12480K, paused 3ms, total 3ms
02-03 10:47:05.781 D/dalvikvm( 2070): GC_FOR_ALLOC freed 2016K, 34% free 8252K/12480K, paused 3ms, total 3ms
02-03 10:47:05.781 D/dalvikvm( 2070): GC_FOR_ALLOC freed 2026K, 34% free 8253K/12480K, paused 3ms, total 3ms
02-03 10:47:05.791 D/dalvikvm( 2070): GC_FOR_ALLOC freed 2035K, 34% free 8254K/12480K, paused 3ms, total 3ms
02-03 10:47:05.791 D/dalvikvm( 2070): GC_FOR_ALLOC freed 2045K, 34% free 8256K/12480K, paused 4ms, total 4ms
02-03 10:47:05.791 D/dalvikvm( 2070): GC_FOR_ALLOC freed 2054K, 34% free 8257K/12480K, paused 3ms, total 3ms
02-03 10:47:05.801 D/dalvikvm( 2070): GC_FOR_ALLOC freed 2063K, 34% free 8258K/12480K, paused 3ms, total 3ms
02-03 10:47:05.801 D/dalvikvm( 2070): GC_FOR_ALLOC freed 2073K, 34% free 8260K/12480K, paused 3ms, total 4ms
02-03 10:47:05.811 D/dalvikvm( 2070): GC_FOR_ALLOC freed 1884K, 35% free 8162K/12480K, paused 3ms, total 3ms
02-03 10:47:05.811 D/dalvikvm( 2070): GC_FOR_ALLOC freed 2091K, 35% free 8163K/12480K, paused 4ms, total 4ms
02-03 10:47:05.821 D/dalvikvm( 2070): GC_FOR_ALLOC freed 2100K, 35% free 8164K/12480K, paused 3ms, total 3ms
02-03 10:47:05.821 D/dalvikvm( 2070): GC_FOR_ALLOC freed 2110K, 35% free 8165K/12480K, paused 4ms, total 4ms
02-03 10:47:05.831 D/dalvikvm( 2070): GC_FOR_ALLOC freed 1613K, 33% free 8468K/12480K, paused 3ms, total 3ms
02-03 10:47:05.831 D/dalvikvm( 2070): GC_FOR_ALLOC freed 1924K, 35% free 8167K/12480K, paused 4ms, total 4ms
02-03 10:47:05.841 D/dalvikvm( 2070): GC_FOR_ALLOC freed 1625K, 33% free 8471K/12480K, paused 4ms, total 4ms
02-03 10:47:05.841 D/dalvikvm( 2070): GC_FOR_ALLOC freed 1938K, 35% free 8168K/12480K, paused 5ms, total 5ms
02-03 10:47:05.851 D/dalvikvm( 2070): GC_FOR_ALLOC freed 1638K, 33% free 8475K/12480K, paused 3ms, total 3ms
02-03 10:47:05.861 D/dalvikvm( 2070): GC_FOR_ALLOC freed 2322K, 35% free 8156K/12480K, paused 3ms, total 3ms
02-03 10:47:05.861 D/dalvikvm( 2070): GC_FOR_ALLOC freed 1970K, 34% free 8266K/12480K, paused 3ms, total 3ms
02-03 10:47:05.861 D/dalvikvm( 2070): GC_FOR_ALLOC freed 1541K, 34% free 8266K/12480K, paused 4ms, total 4ms
02-03 10:47:05.871 D/dalvikvm( 2070): GC_FOR_ALLOC freed 1399K, 39% free 7638K/12480K, paused 3ms, total 3ms
02-03 10:47:05.871 I/dalvikvm-heap( 2070): Grow heap (frag case) to 8.501MB for 1048592-byte allocation
02-03 10:47:05.871 D/dalvikvm( 2070): GC_FOR_ALLOC freed 0K, 36% free 8662K/13508K, paused 3ms, total 3ms
02-03 10:47:05.891 D/dalvikvm( 2070): GC_FOR_ALLOC freed <1K, 36% free 8655K/13508K, paused 14ms, total 14ms
02-03 10:47:05.891 I/dalvikvm-heap( 2070): Grow heap (frag case) to 9.495MB for 1048592-byte allocation
02-03 10:47:05.891 D/dalvikvm( 2070): GC_FOR_ALLOC freed 0K, 34% free 9679K/14536K, paused 2ms, total 2ms
02-03 10:47:05.891 D/dalvikvm( 2070): GC_FOR_ALLOC freed <1K, 34% free 9679K/14536K, paused 2ms, total 2ms
02-03 10:47:05.901 I/dalvikvm-heap( 2070): Grow heap (frag case) to 10.495MB for 1048592-byte allocation
02-03 10:47:05.901 D/dalvikvm( 2070): GC_FOR_ALLOC freed 0K, 32% free 10703K/15564K, paused 2ms, total 2ms
02-03 10:47:06.381 D/wpa_supplicant(  637): wlan0: Starting AP scan for wildcard SSID
02-03 10:47:06.381 D/wpa_supplicant(  637): WPS: Building WPS IE for Probe Request
02-03 10:47:06.381 D/wpa_supplicant(  637): WPS:  * Version (hardcoded 0x10)
02-03 10:47:06.381 D/wpa_supplicant(  637): WPS:  * Request Type
02-03 10:47:06.381 D/wpa_supplicant(  637): WPS:  * Config Methods (4288)
02-03 10:47:06.381 D/wpa_supplicant(  637): WPS:  * UUID-E
02-03 10:47:06.381 D/wpa_supplicant(  637): WPS:  * Primary Device Type
02-03 10:47:06.381 D/wpa_supplicant(  637): WPS:  * RF Bands (1)
02-03 10:47:06.381 D/wpa_supplicant(  637): WPS:  * Association State
02-03 10:47:06.381 D/wpa_supplicant(  637): WPS:  * Configuration Error (0)
02-03 10:47:06.381 D/wpa_supplicant(  637): WPS:  * Device Password ID (0)
02-03 10:47:06.381 D/wpa_supplicant(  637): WPS:  * Manufacturer
02-03 10:47:06.381 D/wpa_supplicant(  637): WPS:  * Model Name
02-03 10:47:06.381 D/wpa_supplicant(  637): WPS:  * Model Number
02-03 10:47:06.381 D/wpa_supplicant(  637): WPS:  * Device Name
02-03 10:47:06.381 D/wpa_supplicant(  637): WPS:  * Version2 (0x20)
02-03 10:47:06.381 D/wpa_supplicant(  637): P2P: * P2P IE header
02-03 10:47:06.381 D/wpa_supplicant(  637): P2P: * Capability dev=25 group=00
02-03 10:47:06.381 D/wpa_supplicant(  637): P2P: * Listen Channel: Regulatory Class 81 Channel 11
02-03 10:47:06.381 D/wpa_supplicant(  637): wlan0: nl80211: scan request
02-03 10:47:06.441 D/wpa_supplicant(  637): Scan requested (ret=0) - scan timeout 30 seconds
02-03 10:47:06.441 D/wpa_supplicant(  637): nl80211: Drv Event 33 (NL80211_CMD_TRIGGER_SCAN) received for wlan0
02-03 10:47:06.441 D/wpa_supplicant(  637): wlan0: nl80211: Scan trigger
02-03 10:47:07.561 D/wpa_supplicant(  637): nl80211: Drv Event 34 (NL80211_CMD_NEW_SCAN_RESULTS) received for wlan0
02-03 10:47:07.561 D/wpa_supplicant(  637): wlan0: nl80211: New scan results available
02-03 10:47:07.561 D/wpa_supplicant(  637): wlan0: Event SCAN_RESULTS (3) received
02-03 10:47:07.571 D/wpa_supplicant(  637): nl80211: Received scan results (24 BSSes)
02-03 10:47:07.571 D/wpa_supplicant(  637): nl80211: Survey data missing
02-03 10:47:07.571 D/wpa_supplicant(  637): wlan0: BSS: Start scan result update 103
02-03 10:47:07.571 D/wpa_supplicant(  637): wlan0: BSS: Add new id 432 BSSID bc:ee:7b:97:78:35 SSID 'ASUS'
02-03 10:47:07.571 D/wpa_supplicant(  637): CTRL_IFACE monitor send - hexdump(len=39): 2f 64 61 74 61 2f 6d 69 73 63 2f 77 69 66 69 2f 73 6f 63 6b 65 74 73 2f 77 70 61 5f 63 74 72 6c ...
02-03 10:47:07.571 D/wpa_supplicant(  637): wlan0: BSS: Add new id 433 BSSID cc:b2:55:e2:84:70 SSID 'DLINK_APK'
02-03 10:47:07.571 D/wpa_supplicant(  637): CTRL_IFACE monitor send - hexdump(len=39): 2f 64 61 74 61 2f 6d 69 73 63 2f 77 69 66 69 2f 73 6f 63 6b 65 74 73 2f 77 70 61 5f 63 74 72 6c ...
02-03 10:47:07.571 D/wpa_supplicant(  637): wlan0: BSS: Add new id 434 BSSID e4:d3:32:36:2e:54 SSID 'MERCURY_362E54'
02-03 10:47:07.571 D/wpa_supplicant(  637): CTRL_IFACE monitor send - hexdump(len=39): 2f 64 61 74 61 2f 6d 69 73 63 2f 77 69 66 69 2f 73 6f 63 6b 65 74 73 2f 77 70 61 5f 63 74 72 6c ...
02-03 10:47:07.571 D/wpa_supplicant(  637): wlan0: BSS: Remove id 412 BSSID 2c:b0:5d:7f:f4:24 SSID 'NETGEAR38' due to no match in scan
02-03 10:47:07.571 D/wpa_supplicant(  637): CTRL_IFACE monitor send - hexdump(len=39): 2f 64 61 74 61 2f 6d 69 73 63 2f 77 69 66 69 2f 73 6f 63 6b 65 74 73 2f 77 70 61 5f 63 74 72 6c ...
02-03 10:47:07.571 D/wpa_supplicant(  637): wlan0: BSS: Remove id 423 BSSID e4:d3:32:dd:18:62 SSID 'Internet' due to no match in scan
02-03 10:47:07.571 D/wpa_supplicant(  637): CTRL_IFACE monitor send - hexdump(len=39): 2f 64 61 74 61 2f 6d 69 73 63 2f 77 69 66 69 2f 73 6f 63 6b 65 74 73 2f 77 70 61 5f 63 74 72 6c ...
02-03 10:47:07.571 D/wpa_supplicant(  637): wlan0: BSS: Remove id 424 BSSID 4c:e6:76:a5:4d:e2 SSID 'BUFFALO-A54DE0' due to no match in scan
02-03 10:47:07.571 D/wpa_supplicant(  637): CTRL_IFACE monitor send - hexdump(len=39): 2f 64 61 74 61 2f 6d 69 73 63 2f 77 69 66 69 2f 73 6f 63 6b 65 74 73 2f 77 70 61 5f 63 74 72 6c ...
02-03 10:47:07.571 D/wpa_supplicant(  637): BSS: last_scan_res_used=24/32 last_scan_full=0
02-03 10:47:07.571 D/wpa_supplicant(  637): wlan0: New scan results available
02-03 10:47:07.571 D/wpa_supplicant(  637): CTRL_IFACE monitor send - hexdump(len=39): 2f 64 61 74 61 2f 6d 69 73 63 2f 77 69 66 69 2f 73 6f 63 6b 65 74 73 2f 77 70 61 5f 63 74 72 6c ...
02-03 10:47:07.571 D/wpa_supplicant(  637): CTRL_IFACE monitor send - hexdump(len=39): 2f 64 61 74 61 2f 6d 69 73 63 2f 77 69 66 69 2f 73 6f 63 6b 65 74 73 2f 77 70 61 5f 63 74 72 6c ...
02-03 10:47:07.571 D/wpa_supplicant(  637): Authorize channel 1
02-03 10:47:07.571 D/wpa_supplicant(  637): Authorize channel 2
02-03 10:47:07.571 D/wpa_supplicant(  637): Authorize channel 3
02-03 10:47:07.571 D/wpa_supplicant(  637): Authorize channel 4
02-03 10:47:07.571 D/wpa_supplicant(  637): Authorize channel 5
02-03 10:47:07.571 D/wpa_supplicant(  637): Authorize channel 6
02-03 10:47:07.571 D/wpa_supplicant(  637): Authorize channel 7
02-03 10:47:07.571 D/wpa_supplicant(  637): Authorize channel 8
02-03 10:47:07.571 D/wpa_supplicant(  637): Authorize channel 9
02-03 10:47:07.571 D/wpa_supplicant(  637): Authorize channel 10
02-03 10:47:07.571 D/wpa_supplicant(  637): Authorize channel 11
02-03 10:47:07.571 D/wpa_supplicant(  637): Authorize channel 12
02-03 10:47:07.571 D/wpa_supplicant(  637): Authorize channel 13
02-03 10:47:07.571 D/wpa_supplicant(  637): Authorize channel 1
02-03 10:47:07.571 D/wpa_supplicant(  637): Authorize channel 2
02-03 10:47:07.571 D/wpa_supplicant(  637): Authorize channel 3
02-03 10:47:07.571 D/wpa_supplicant(  637): Authorize channel 4
02-03 10:47:07.571 D/wpa_supplicant(  637): Authorize channel 5
02-03 10:47:07.571 D/wpa_supplicant(  637): Authorize channel 6
02-03 10:47:07.571 D/wpa_supplicant(  637): Authorize channel 7
02-03 10:47:07.571 D/wpa_supplicant(  637): Authorize channel 8
02-03 10:47:07.571 D/wpa_supplicant(  637): Authorize channel 9
02-03 10:47:07.571 D/wpa_supplicant(  637): Authorize channel 10
02-03 10:47:07.571 D/wpa_supplicant(  637): Authorize channel 11
02-03 10:47:07.571 D/wpa_supplicant(  637): Authorize channel 12
02-03 10:47:07.571 D/wpa_supplicant(  637): Authorize channel 13
02-03 10:47:07.571 D/wpa_supplicant(  637): Add access point on channel 6
02-03 10:47:07.571 D/wpa_supplicant(  637): Add access point on channel 11
02-03 10:47:07.571 D/wpa_supplicant(  637): Add access point on channel 6
02-03 10:47:07.571 D/wpa_supplicant(  637): Add access point on channel 11
02-03 10:47:07.571 D/wpa_supplicant(  637): Add access point on channel 11
02-03 10:47:07.571 D/wpa_supplicant(  637): Add access point on channel 11
02-03 10:47:07.571 D/wpa_supplicant(  637): Add access point on channel 11
02-03 10:47:07.571 D/wpa_supplicant(  637): Add access point on channel 6
02-03 10:47:07.571 D/wpa_supplicant(  637): Add access point on channel 1
02-03 10:47:07.571 D/wpa_supplicant(  637): Add access point on channel 6
02-03 10:47:07.571 D/wpa_supplicant(  637): Add access point on channel 1
02-03 10:47:07.571 D/wpa_supplicant(  637): Add access point on channel 3
02-03 10:47:07.571 D/wpa_supplicant(  637): Add access point on channel 11
02-03 10:47:07.571 D/wpa_supplicant(  637): Add access point on channel 6
02-03 10:47:07.571 D/wpa_supplicant(  637): Add access point on channel 1
02-03 10:47:07.571 D/wpa_supplicant(  637): Add access point on channel 6
02-03 10:47:07.571 D/wpa_supplicant(  637): Add access point on channel 6
02-03 10:47:07.571 D/wpa_supplicant(  637): Add access point on channel 1
02-03 10:47:07.571 D/wpa_supplicant(  637): Add access point on channel 6
02-03 10:47:07.571 D/wpa_supplicant(  637): Add access point on channel 1
02-03 10:47:07.571 D/wpa_supplicant(  637): Add access point on channel 4
02-03 10:47:07.571 D/wpa_supplicant(  637): Add access point on channel 6
02-03 10:47:07.571 D/wpa_supplicant(  637): Add access point on channel 6
02-03 10:47:07.571 D/wpa_supplicant(  637): Add access point on channel 6
02-03 10:47:07.571 D/wpa_supplicant(  637): Add access point on channel 6
02-03 10:47:07.571 D/wpa_supplicant(  637): Add access point on channel 1
02-03 10:47:07.571 D/wpa_supplicant(  637): Add access point on channel 11
02-03 10:47:07.571 D/wpa_supplicant(  637): Add access point on channel 1
02-03 10:47:07.571 D/wpa_supplicant(  637): Add access point on channel 8
02-03 10:47:07.571 D/wpa_supplicant(  637): Add access point on channel 1
02-03 10:47:07.571 D/wpa_supplicant(  637): Best Operating channel is = 11
02-03 10:47:07.571 D/wpa_supplicant(  637): WPS: AP[0] f8:d1:11:e7:99:e8 type=0 tries=0 last_attempt=-1 sec ago blacklist=0
02-03 10:47:07.571 D/wpa_supplicant(  637): WPS: AP[1] cc:34:29:2b:26:4c type=0 tries=0 last_attempt=-1 sec ago blacklist=0
02-03 10:47:07.571 D/wpa_supplicant(  637): WPS: AP[2] 98:fc:11:81:35:fb type=0 tries=0 last_attempt=-1 sec ago blacklist=0
02-03 10:47:07.571 D/wpa_supplicant(  637): WPS: AP[3] 10:c3:7b:d2:e5:e0 type=0 tries=0 last_attempt=-1 sec ago blacklist=0
02-03 10:47:07.571 D/wpa_supplicant(  637): WPS: AP[4] b0:48:7a:20:66:6a type=0 tries=0 last_attempt=-1 sec ago blacklist=0
02-03 10:47:07.571 D/wpa_supplicant(  637): WPS: AP[5] 44:94:fc:3d:da:38 type=0 tries=0 last_attempt=-1 sec ago blacklist=0
02-03 10:47:07.571 D/wpa_supplicant(  637): WPS: AP[6] b0:48:7a:51:ff:cc type=0 tries=0 last_attempt=-1 sec ago blacklist=0
02-03 10:47:07.571 D/wpa_supplicant(  637): WPS: AP[7] 2c:b0:5d:7f:f4:24 type=0 tries=0 last_attempt=-1 sec ago blacklist=0
02-03 10:47:07.571 D/wpa_supplicant(  637): WPS: AP[8] bc:ee:7b:97:78:35 type=0 tries=0 last_attempt=-1 sec ago blacklist=0
02-03 10:47:07.571 D/wpa_supplicant(  637): WPS: AP[9] 14:d6:4d:28:ef:c8 type=0 tries=0 last_attempt=-1 sec ago blacklist=0
02-03 10:47:07.571 D/wpa_supplicant(  637): WPS: AP[10] cc:34:29:2c:fb:ec type=0 tries=0 last_attempt=-1 sec ago blacklist=0
02-03 10:47:07.571 D/wpa_supplicant(  637): WPS: AP[11] e4:d3:32:36:2e:54 type=0 tries=0 last_attempt=-1 sec ago blacklist=0
02-03 10:47:07.571 D/wpa_supplicant(  637): WPS: AP[12] c0:c1:c0:76:81:3c type=0 tries=0 last_attempt=-1 sec ago blacklist=0
02-03 10:47:07.571 D/wpa_supplicant(  637): WPS: AP[13] ac:f1:df:cf:85:c0 type=0 tries=0 last_attempt=-1 sec ago blacklist=0
02-03 10:47:07.571 D/wpa_supplicant(  637): WPS: AP[14] 4c:e6:76:a5:4d:e0 type=0 tries=0 last_attempt=-1 sec ago blacklist=0
02-03 10:47:07.571 D/wpa_supplicant(  637): WPS: AP[15] c0:a0:bb:20:3b:84 type=0 tries=0 last_attempt=-1 sec ago blacklist=0
02-03 10:47:07.571 D/wpa_supplicant(  637): WPS: AP[16] 02:13:20:ff:b4:e6 type=0 tries=0 last_attempt=-1 sec ago blacklist=0
02-03 10:47:07.571 D/wpa_supplicant(  637): wlan0: Selecting BSS from priority group 24
02-03 10:47:07.571 D/wpa_supplicant(  637): wlan0: 0: 6c:8b:2f:e9:d1:da ssid='ZTE_AP_1640' wpa_ie_len=0 rsn_ie_len=20 caps=0x511 level=-44
02-03 10:47:07.571 D/wpa_supplicant(  637): wlan0:    skip - disabled
02-03 10:47:07.571 D/wpa_supplicant(  637): wlan0: 1: f8:d1:11:e7:99:e8 ssid='videotest' wpa_ie_len=22 rsn_ie_len=20 caps=0x531 level=-47 wps
02-03 10:47:07.571 D/wpa_supplicant(  637): wlan0:    skip - disabled
02-03 10:47:07.571 D/wpa_supplicant(  637): wlan0: 2: c8:d7:19:60:62:f2 ssid='E3000-2.4G' wpa_ie_len=0 rsn_ie_len=20 caps=0x411 level=-48
02-03 10:47:07.571 D/wpa_supplicant(  637): wlan0:    skip - disabled
02-03 10:47:07.571 D/wpa_supplicant(  637): wlan0: 3: 10:c3:7b:d2:e5:e0 ssid='ASUS_RT-AC66U-2.4G' wpa_ie_len=0 rsn_ie_len=20 caps=0x411 level=-54 wps
02-03 10:47:07.571 D/wpa_supplicant(  637): wlan0:    skip - disabled
02-03 10:47:07.571 D/wpa_supplicant(  637): wlan0: 4: 02:1a:11:f2:bf:af ssid='Android' wpa_ie_len=0 rsn_ie_len=20 caps=0x511 level=-55
02-03 10:47:07.571 D/wpa_supplicant(  637): wlan0:    skip - disabled
02-03 10:47:07.571 D/wpa_supplicant(  637): wlan0: 5: 90:94:e4:03:45:f5 ssid='2553q' wpa_ie_len=0 rsn_ie_len=24 caps=0x431 level=-58
02-03 10:47:07.571 D/wpa_supplicant(  637): wlan0:    skip - disabled
02-03 10:47:07.571 D/wpa_supplicant(  637): wlan0: 6: cc:34:29:2c:fb:ec ssid='linksys' wpa_ie_len=22 rsn_ie_len=20 caps=0x431 level=-58 wps
02-03 10:47:07.571 D/wpa_supplicant(  637): wlan0:    skip - disabled
02-03 10:47:07.571 D/wpa_supplicant(  637): wlan0: 7: cc:34:29:2b:26:4c ssid='cws-test' wpa_ie_len=0 rsn_ie_len=20 caps=0x431 level=-59 wps
02-03 10:47:07.571 D/wpa_supplicant(  637): wlan0:    skip - disabled
02-03 10:47:07.571 D/wpa_supplicant(  637): wlan0: 8: c0:c1:c0:76:81:3c ssid='E2000' wpa_ie_len=0 rsn_ie_len=20 caps=0x411 level=-61 wps
02-03 10:47:07.571 D/wpa_supplicant(  637): wlan0:    skip - disabled
02-03 10:47:07.571 D/wpa_supplicant(  637): wlan0: 9: b0:48:7a:51:ff:cc ssid='Neusoft TP' wpa_ie_len=22 rsn_ie_len=20 caps=0x431 level=-62 wps
02-03 10:47:07.571 D/wpa_supplicant(  637): wlan0:    skip - disabled
02-03 10:47:07.571 D/wpa_supplicant(  637): wlan0: 10: 98:fc:11:81:35:fb ssid='E2000E' wpa_ie_len=0 rsn_ie_len=20 caps=0x411 level=-62 wps
02-03 10:47:07.571 D/wpa_supplicant(  637): wlan0:    skip - disabled
02-03 10:47:07.571 D/wpa_supplicant(  637): wlan0: 11: 22:48:9a:ac:31:7f ssid='WiFi874' wpa_ie_len=0 rsn_ie_len=20 caps=0x431 level=-63
02-03 10:47:07.571 D/wpa_supplicant(  637): wlan0:    skip - disabled
02-03 10:47:07.571 D/wpa_supplicant(  637): wlan0: 12: 02:1a:11:fc:c3:59 ssid='test only' wpa_ie_len=0 rsn_ie_len=20 caps=0x431 level=-65
02-03 10:47:07.571 D/wpa_supplicant(  637): wlan0:    skip - disabled
02-03 10:47:07.571 D/wpa_supplicant(  637): wlan0: 13: 44:94:fc:3d:da:38 ssid='6300' wpa_ie_len=0 rsn_ie_len=20 caps=0x411 level=-65 wps
02-03 10:47:07.571 D/wpa_supplicant(  637): wlan0:    skip - disabled
02-03 10:47:07.571 D/wpa_supplicant(  637): wlan0: 14: 02:1a:11:f6:67:da ssid='love U forever' wpa_ie_len=0 rsn_ie_len=20 caps=0x431 level=-66
02-03 10:47:07.571 D/wpa_supplicant(  637): wlan0:    skip - disabled
02-03 10:47:07.571 D/wpa_supplicant(  637): wlan0: 15: b0:48:7a:20:66:6a ssid='TP-LINK_20666A' wpa_ie_len=22 rsn_ie_len=20 caps=0x431 level=-67 wps
02-03 10:47:07.571 D/wpa_supplicant(  637): wlan0:    skip - disabled
02-03 10:47:07.571 D/wpa_supplicant(  637): wlan0: 16: 14:d6:4d:28:ef:c8 ssid='dlink' wpa_ie_len=0 rsn_ie_len=20 caps=0x31 level=-69 wps
02-03 10:47:07.571 D/wpa_supplicant(  637): wlan0:    skip - disabled
02-03 10:47:07.571 D/wpa_supplicant(  637): wlan0: 17: 00:0f:e2:0f:9f:c1 ssid='321_WAN' wpa_ie_len=28 rsn_ie_len=24 caps=0x411 level=-69
02-03 10:47:07.571 D/wpa_supplicant(  637): wlan0:    skip - disabled
02-03 10:47:07.571 D/wpa_supplicant(  637): wlan0: 18: bc:ee:7b:97:78:35 ssid='ASUS' wpa_ie_len=0 rsn_ie_len=20 caps=0x411 level=-70 wps
02-03 10:47:07.571 D/wpa_supplicant(  637): wlan0:    skip - disabled
02-03 10:47:07.571 D/wpa_supplicant(  637): wlan0: 19: 80:1f:02:43:fb:e8 ssid='Edimax AP' wpa_ie_len=0 rsn_ie_len=20 caps=0x411 level=-70
02-03 10:47:07.571 D/wpa_supplicant(  637): wlan0:    skip - disabled
02-03 10:47:07.571 D/wpa_supplicant(  637): wlan0: 20: 22:48:9a:ac:31:5b ssid='dean1' wpa_ie_len=0 rsn_ie_len=20 caps=0x431 level=-71
02-03 10:47:07.571 D/wpa_supplicant(  637): wlan0:    skip - disabled
02-03 10:47:07.571 D/wpa_supplicant(  637): wlan0: 21: cc:b2:55:e2:84:70 ssid='DLINK_APK' wpa_ie_len=22 rsn_ie_len=20 caps=0x411 level=-73
02-03 10:47:07.571 D/wpa_supplicant(  637): wlan0:    skip - disabled
02-03 10:47:07.571 D/wpa_supplicant(  637): wlan0: 22: 74:e5:43:24:f4:5b ssid='Dttest' wpa_ie_len=0 rsn_ie_len=20 caps=0x31 level=-77
02-03 10:47:07.571 D/wpa_supplicant(  637): wlan0:    skip - disabled
02-03 10:47:07.571 D/wpa_supplicant(  637): wlan0: 23: e4:d3:32:36:2e:54 ssid='MERCURY_362E54' wpa_ie_len=0 rsn_ie_len=0 caps=0x401 level=-70 wps
02-03 10:47:07.571 I/WifiHW  (  547): EVENT: IFNAME=wlan0 CTRL-EVENT-BSS-ADDED 432 bc:ee:7b:97:78:35
02-03 10:47:07.571 I/WifiHW  (  547): EVENT: IFNAME=wlan0 CTRL-EVENT-BSS-ADDED 433 cc:b2:55:e2:84:70
02-03 10:47:07.571 I/WifiHW  (  547): EVENT: IFNAME=wlan0 CTRL-EVENT-BSS-ADDED 434 e4:d3:32:36:2e:54
02-03 10:47:07.571 I/WifiHW  (  547): EVENT: IFNAME=wlan0 CTRL-EVENT-BSS-REMOVED 412 2c:b0:5d:7f:f4:24
02-03 10:47:07.571 I/WifiHW  (  547): EVENT: IFNAME=wlan0 CTRL-EVENT-BSS-REMOVED 423 e4:d3:32:dd:18:62
02-03 10:47:07.571 I/WifiHW  (  547): EVENT: IFNAME=wlan0 CTRL-EVENT-BSS-REMOVED 424 4c:e6:76:a5:4d:e2
02-03 10:47:07.581 I/WifiHW  (  547): EVENT: IFNAME=wlan0 CTRL-EVENT-SCAN-RESULTS 
02-03 10:47:07.581 I/WifiHW  (  547): CMD: IFNAME=wlan0 BSS RANGE=0- MASK=0x21987
02-03 10:47:07.581 I/WifiHW  (  547): EVENT: IFNAME=wlan0 WPS-AP-AVAILABLE 
02-03 10:47:07.581 D/wpa_supplicant(  637): wlan0:    skip - disabled
02-03 10:47:07.581 D/wpa_supplicant(  637): wlan0: Selecting BSS from priority group 15
02-03 10:47:07.581 D/wpa_supplicant(  637): wlan0: 0: 6c:8b:2f:e9:d1:da ssid='ZTE_AP_1640' wpa_ie_len=0 rsn_ie_len=20 caps=0x511 level=-44
02-03 10:47:07.581 D/wpa_supplicant(  637): wlan0:    skip - SSID mismatch
02-03 10:47:07.581 D/wpa_supplicant(  637): wlan0: 1: f8:d1:11:e7:99:e8 ssid='videotest' wpa_ie_len=22 rsn_ie_len=20 caps=0x531 level=-47 wps
02-03 10:47:07.581 D/wpa_supplicant(  637): wlan0:    skip - SSID mismatch
02-03 10:47:07.581 D/wpa_supplicant(  637): wlan0: 2: c8:d7:19:60:62:f2 ssid='E3000-2.4G' wpa_ie_len=0 rsn_ie_len=20 caps=0x411 level=-48
02-03 10:47:07.581 D/wpa_supplicant(  637): wlan0:    skip - SSID mismatch
02-03 10:47:07.581 D/wpa_supplicant(  637): wlan0: 3: 10:c3:7b:d2:e5:e0 ssid='ASUS_RT-AC66U-2.4G' wpa_ie_len=0 rsn_ie_len=20 caps=0x411 level=-54 wps
02-03 10:47:07.581 D/wpa_supplicant(  637): wlan0:    skip - SSID mismatch
02-03 10:47:07.581 D/wpa_supplicant(  637): wlan0: 4: 02:1a:11:f2:bf:af ssid='Android' wpa_ie_len=0 rsn_ie_len=20 caps=0x511 level=-55
02-03 10:47:07.581 D/wpa_supplicant(  637): wlan0:    skip - SSID mismatch
02-03 10:47:07.581 D/wpa_supplicant(  637): wlan0: 5: 90:94:e4:03:45:f5 ssid='2553q' wpa_ie_len=0 rsn_ie_len=24 caps=0x431 level=-58
02-03 10:47:07.581 D/wpa_supplicant(  637): wlan0:    skip - SSID mismatch
02-03 10:47:07.581 D/wpa_supplicant(  637): wlan0: 6: cc:34:29:2c:fb:ec ssid='linksys' wpa_ie_len=22 rsn_ie_len=20 caps=0x431 level=-58 wps
02-03 10:47:07.581 D/wpa_supplicant(  637): wlan0:    skip - SSID mismatch
02-03 10:47:07.581 D/wpa_supplicant(  637): wlan0: 7: cc:34:29:2b:26:4c ssid='cws-test' wpa_ie_len=0 rsn_ie_len=20 caps=0x431 level=-59 wps
02-03 10:47:07.581 D/wpa_supplicant(  637): wlan0:    skip - SSID mismatch
02-03 10:47:07.581 D/wpa_supplicant(  637): wlan0: 8: c0:c1:c0:76:81:3c ssid='E2000' wpa_ie_len=0 rsn_ie_len=20 caps=0x411 level=-61 wps
02-03 10:47:07.581 D/wpa_supplicant(  637): wlan0:    skip - SSID mismatch
02-03 10:47:07.581 D/wpa_supplicant(  637): wlan0: 9: b0:48:7a:51:ff:cc ssid='Neusoft TP' wpa_ie_len=22 rsn_ie_len=20 caps=0x431 level=-62 wps
02-03 10:47:07.581 D/wpa_supplicant(  637): wlan0:    skip - SSID mismatch
02-03 10:47:07.581 D/wpa_supplicant(  637): wlan0: 10: 98:fc:11:81:35:fb ssid='E2000E' wpa_ie_len=0 rsn_ie_len=20 caps=0x411 level=-62 wps
02-03 10:47:07.581 D/wpa_supplicant(  637): wlan0:    skip - SSID mismatch
02-03 10:47:07.581 D/wpa_supplicant(  637): wlan0: 11: 22:48:9a:ac:31:7f ssid='WiFi874' wpa_ie_len=0 rsn_ie_len=20 caps=0x431 level=-63
02-03 10:47:07.581 D/wpa_supplicant(  637): wlan0:    skip - SSID mismatch
02-03 10:47:07.581 D/wpa_supplicant(  637): wlan0: 12: 02:1a:11:fc:c3:59 ssid='test only' wpa_ie_len=0 rsn_ie_len=20 caps=0x431 level=-65
02-03 10:47:07.581 D/wpa_supplicant(  637): wlan0:    skip - SSID mismatch
02-03 10:47:07.581 D/wpa_supplicant(  637): wlan0: 13: 44:94:fc:3d:da:38 ssid='6300' wpa_ie_len=0 rsn_ie_len=20 caps=0x411 level=-65 wps
02-03 10:47:07.581 D/wpa_supplicant(  637): wlan0:    skip - SSID mismatch
02-03 10:47:07.581 D/wpa_supplicant(  637): wlan0: 14: 02:1a:11:f6:67:da ssid='love U forever' wpa_ie_len=0 rsn_ie_len=20 caps=0x431 level=-66
02-03 10:47:07.581 D/wpa_supplicant(  637): wlan0:    skip - SSID mismatch
02-03 10:47:07.581 D/wpa_supplicant(  637): wlan0: 15: b0:48:7a:20:66:6a ssid='TP-LINK_20666A' wpa_ie_len=22 rsn_ie_len=20 caps=0x431 level=-67 wps
02-03 10:47:07.581 D/wpa_supplicant(  637): wlan0:    skip - SSID mismatch
02-03 10:47:07.581 D/wpa_supplicant(  637): wlan0: 16: 14:d6:4d:28:ef:c8 ssid='dlink' wpa_ie_len=0 rsn_ie_len=20 caps=0x31 level=-69 wps
02-03 10:47:07.581 D/wpa_supplicant(  637): wlan0:    skip - SSID mismatch
02-03 10:47:07.581 D/wpa_supplicant(  637): wlan0: 17: 00:0f:e2:0f:9f:c1 ssid='321_WAN' wpa_ie_len=28 rsn_ie_len=24 caps=0x411 level=-69
02-03 10:47:07.581 D/wpa_supplicant(  637): wlan0:    skip - SSID mismatch
02-03 10:47:07.581 D/wpa_supplicant(  637): wlan0: 18: bc:ee:7b:97:78:35 ssid='ASUS' wpa_ie_len=0 rsn_ie_len=20 caps=0x411 level=-70 wps
02-03 10:47:07.581 D/wpa_supplicant(  637): wlan0:    skip - SSID mismatch
02-03 10:47:07.581 D/wpa_supplicant(  637): wlan0: 19: 80:1f:02:43:fb:e8 ssid='Edimax AP' wpa_ie_len=0 rsn_ie_len=20 caps=0x411 level=-70
02-03 10:47:07.581 D/wpa_supplicant(  637): wlan0:    skip - SSID mismatch
02-03 10:47:07.581 D/wpa_supplicant(  637): wlan0: 20: 22:48:9a:ac:31:5b ssid='dean1' wpa_ie_len=0 rsn_ie_len=20 caps=0x431 level=-71
02-03 10:47:07.581 D/wpa_supplicant(  637): wlan0:    skip - SSID mismatch
02-03 10:47:07.581 D/wpa_supplicant(  637): wlan0: 21: cc:b2:55:e2:84:70 ssid='DLINK_APK' wpa_ie_len=22 rsn_ie_len=20 caps=0x411 level=-73
02-03 10:47:07.581 D/wpa_supplicant(  637): wlan0:    skip - SSID mismatch
02-03 10:47:07.581 D/wpa_supplicant(  637): wlan0: 22: 74:e5:43:24:f4:5b ssid='Dttest' wpa_ie_len=0 rsn_ie_len=20 caps=0x31 level=-77
02-03 10:47:07.581 D/wpa_supplicant(  637): wlan0:    skip - SSID mismatch
02-03 10:47:07.581 D/wpa_supplicant(  637): wlan0: 23: e4:d3:32:36:2e:54 ssid='MERCURY_362E54' wpa_ie_len=0 rsn_ie_len=0 caps=0x401 level=-70 wps
02-03 10:47:07.581 D/wpa_supplicant(  637): wlan0:    skip - SSID mismatch
02-03 10:47:07.581 D/wpa_supplicant(  637): wlan0: Selecting BSS from priority group 14
02-03 10:47:07.581 D/wpa_supplicant(  637): wlan0: 0: 6c:8b:2f:e9:d1:da ssid='ZTE_AP_1640' wpa_ie_len=0 rsn_ie_len=20 caps=0x511 level=-44
02-03 10:47:07.581 D/wpa_supplicant(  637): wlan0:    skip - SSID mismatch
02-03 10:47:07.581 D/wpa_supplicant(  637): wlan0: 1: f8:d1:11:e7:99:e8 ssid='videotest' wpa_ie_len=22 rsn_ie_len=20 caps=0x531 level=-47 wps
02-03 10:47:07.581 D/wpa_supplicant(  637): wlan0:    skip - SSID mismatch
02-03 10:47:07.581 D/wpa_supplicant(  637): wlan0: 2: c8:d7:19:60:62:f2 ssid='E3000-2.4G' wpa_ie_len=0 rsn_ie_len=20 caps=0x411 level=-48
02-03 10:47:07.581 D/wpa_supplicant(  637): wlan0:    skip - SSID mismatch
02-03 10:47:07.581 D/wpa_supplicant(  637): wlan0: 3: 10:c3:7b:d2:e5:e0 ssid='ASUS_RT-AC66U-2.4G' wpa_ie_len=0 rsn_ie_len=20 caps=0x411 level=-54 wps
02-03 10:47:07.581 D/wpa_supplicant(  637): wlan0:    skip - SSID mismatch
02-03 10:47:07.581 D/wpa_supplicant(  637): wlan0: 4: 02:1a:11:f2:bf:af ssid='Android' wpa_ie_len=0 rsn_ie_len=20 caps=0x511 level=-55
02-03 10:47:07.581 D/wpa_supplicant(  637): wlan0:    skip - SSID mismatch
02-03 10:47:07.581 D/wpa_supplicant(  637): wlan0: 5: 90:94:e4:03:45:f5 ssid='2553q' wpa_ie_len=0 rsn_ie_len=24 caps=0x431 level=-58
02-03 10:47:07.581 D/wpa_supplicant(  637): wlan0:    skip - SSID mismatch
02-03 10:47:07.581 D/wpa_supplicant(  637): wlan0: 6: cc:34:29:2c:fb:ec ssid='linksys' wpa_ie_len=22 rsn_ie_len=20 caps=0x431 level=-58 wps
02-03 10:47:07.581 D/wpa_supplicant(  637): wlan0:    skip - SSID mismatch
02-03 10:47:07.581 D/wpa_supplicant(  637): wlan0: 7: cc:34:29:2b:26:4c ssid='cws-test' wpa_ie_len=0 rsn_ie_len=20 caps=0x431 level=-59 wps
02-03 10:47:07.581 D/wpa_supplicant(  637): wlan0:    skip - SSID mismatch
02-03 10:47:07.581 D/wpa_supplicant(  637): wlan0: 8: c0:c1:c0:76:81:3c ssid='E2000' wpa_ie_len=0 rsn_ie_len=20 caps=0x411 level=-61 wps
02-03 10:47:07.581 D/wpa_supplicant(  637): wlan0:    skip - SSID mismatch
02-03 10:47:07.581 D/wpa_supplicant(  637): wlan0: 9: b0:48:7a:51:ff:cc ssid='Neusoft TP' wpa_ie_len=22 rsn_ie_len=20 caps=0x431 level=-62 wps
02-03 10:47:07.581 D/wpa_supplicant(  637): wlan0:    skip - SSID mismatch
02-03 10:47:07.581 D/wpa_supplicant(  637): wlan0: 10: 98:fc:11:81:35:fb ssid='E2000E' wpa_ie_len=0 rsn_ie_len=20 caps=0x411 level=-62 wps
02-03 10:47:07.581 D/wpa_supplicant(  637): wlan0:    skip - SSID mismatch
02-03 10:47:07.581 D/wpa_supplicant(  637): wlan0: 11: 22:48:9a:ac:31:7f ssid='WiFi874' wpa_ie_len=0 rsn_ie_len=20 caps=0x431 level=-63
02-03 10:47:07.581 D/wpa_supplicant(  637): wlan0:    skip - SSID mismatch
02-03 10:47:07.581 D/wpa_supplicant(  637): wlan0: 12: 02:1a:11:fc:c3:59 ssid='test only' wpa_ie_len=0 rsn_ie_len=20 caps=0x431 level=-65
02-03 10:47:07.581 D/wpa_supplicant(  637): wlan0:    skip - SSID mismatch
02-03 10:47:07.581 D/wpa_supplicant(  637): wlan0: 13: 44:94:fc:3d:da:38 ssid='6300' wpa_ie_len=0 rsn_ie_len=20 caps=0x411 level=-65 wps
02-03 10:47:07.581 D/wpa_supplicant(  637): wlan0:    skip - SSID mismatch
02-03 10:47:07.581 D/wpa_supplicant(  637): wlan0: 14: 02:1a:11:f6:67:da ssid='love U forever' wpa_ie_len=0 rsn_ie_len=20 caps=0x431 level=-66
02-03 10:47:07.581 D/wpa_supplicant(  637): wlan0:    skip - SSID mismatch
02-03 10:47:07.581 D/wpa_supplicant(  637): wlan0: 15: b0:48:7a:20:66:6a ssid='TP-LINK_20666A' wpa_ie_len=22 rsn_ie_len=20 caps=0x431 level=-67 wps
02-03 10:47:07.581 D/wpa_supplicant(  637): wlan0:    skip - SSID mismatch
02-03 10:47:07.581 D/wpa_supplicant(  637): wlan0: 16: 14:d6:4d:28:ef:c8 ssid='dlink' wpa_ie_len=0 rsn_ie_len=20 caps=0x31 level=-69 wps
02-03 10:47:07.581 D/wpa_supplicant(  637): wlan0:    skip - SSID mismatch
02-03 10:47:07.581 D/wpa_supplicant(  637): wlan0: 17: 00:0f:e2:0f:9f:c1 ssid='321_WAN' wpa_ie_len=28 rsn_ie_len=24 caps=0x411 level=-69
02-03 10:47:07.581 D/wpa_supplicant(  637): wlan0:    skip - SSID mismatch
02-03 10:47:07.581 D/wpa_supplicant(  637): wlan0: 18: bc:ee:7b:97:78:35 ssid='ASUS' wpa_ie_len=0 rsn_ie_len=20 caps=0x411 level=-70 wps
02-03 10:47:07.581 D/wpa_supplicant(  637): wlan0:    skip - SSID mismatch
02-03 10:47:07.581 D/wpa_supplicant(  637): wlan0: 19: 80:1f:02:43:fb:e8 ssid='Edimax AP' wpa_ie_len=0 rsn_ie_len=20 caps=0x411 level=-70
02-03 10:47:07.581 D/wpa_supplicant(  637): wlan0:    skip - SSID mismatch
02-03 10:47:07.581 D/wpa_supplicant(  637): wlan0: 20: 22:48:9a:ac:31:5b ssid='dean1' wpa_ie_len=0 rsn_ie_len=20 caps=0x431 level=-71
02-03 10:47:07.581 D/wpa_supplicant(  637): wlan0:    skip - SSID mismatch
02-03 10:47:07.581 D/wpa_supplicant(  637): wlan0: 21: cc:b2:55:e2:84:70 ssid='DLINK_APK' wpa_ie_len=22 rsn_ie_len=20 caps=0x411 level=-73
02-03 10:47:07.581 D/wpa_supplicant(  637): wlan0:    skip - SSID mismatch
02-03 10:47:07.581 D/wpa_supplicant(  637): wlan0: 22: 74:e5:43:24:f4:5b ssid='Dttest' wpa_ie_len=0 rsn_ie_len=20 caps=0x31 level=-77
02-03 10:47:07.581 D/wpa_supplicant(  637): wlan0:    skip - SSID mismatch
02-03 10:47:07.581 D/wpa_supplicant(  637): wlan0: 23: e4:d3:32:36:2e:54 ssid='MERCURY_362E54' wpa_ie_len=0 rsn_ie_len=0 caps=0x401 level=-70 wps
02-03 10:47:07.581 D/wpa_supplicant(  637): wlan0:    skip - no WPA/RSN proto match
02-03 10:47:07.581 D/wpa_supplicant(  637): wlan0: Selecting BSS from priority group 13
02-03 10:47:07.581 D/wpa_supplicant(  637): wlan0: 0: 6c:8b:2f:e9:d1:da ssid='ZTE_AP_1640' wpa_ie_len=0 rsn_ie_len=20 caps=0x511 level=-44
02-03 10:47:07.581 D/wpa_supplicant(  637): wlan0:    skip - disabled
02-03 10:47:07.581 D/wpa_supplicant(  637): wlan0: 1: f8:d1:11:e7:99:e8 ssid='videotest' wpa_ie_len=22 rsn_ie_len=20 caps=0x531 level=-47 wps
02-03 10:47:07.581 D/wpa_supplicant(  637): wlan0:    skip - disabled
02-03 10:47:07.581 D/wpa_supplicant(  637): wlan0: 2: c8:d7:19:60:62:f2 ssid='E3000-2.4G' wpa_ie_len=0 rsn_ie_len=20 caps=0x411 level=-48
02-03 10:47:07.581 D/wpa_supplicant(  637): wlan0:    skip - disabled
02-03 10:47:07.581 D/wpa_supplicant(  637): wlan0: 3: 10:c3:7b:d2:e5:e0 ssid='ASUS_RT-AC66U-2.4G' wpa_ie_len=0 rsn_ie_len=20 caps=0x411 level=-54 wps
02-03 10:47:07.581 D/wpa_supplicant(  637): wlan0:    skip - disabled
02-03 10:47:07.581 D/wpa_supplicant(  637): wlan0: 4: 02:1a:11:f2:bf:af ssid='Android' wpa_ie_len=0 rsn_ie_len=20 caps=0x511 level=-55
02-03 10:47:07.581 D/wpa_supplicant(  637): wlan0:    skip - disabled
02-03 10:47:07.581 D/wpa_supplicant(  637): wlan0: 5: 90:94:e4:03:45:f5 ssid='2553q' wpa_ie_len=0 rsn_ie_len=24 caps=0x431 level=-58
02-03 10:47:07.581 D/wpa_supplicant(  637): wlan0:    skip - disabled
02-03 10:47:07.581 D/wpa_supplicant(  637): wlan0: 6: cc:34:29:2c:fb:ec ssid='linksys' wpa_ie_len=22 rsn_ie_len=20 caps=0x431 level=-58 wps
02-03 10:47:07.581 D/wpa_supplicant(  637): wlan0:    skip - disabled
02-03 10:47:07.581 D/wpa_supplicant(  637): wlan0: 7: cc:34:29:2b:26:4c ssid='cws-test' wpa_ie_len=0 rsn_ie_len=20 caps=0x431 level=-59 wps
02-03 10:47:07.591 D/wpa_supplicant(  637): wlan0:    skip - disabled
02-03 10:47:07.591 D/wpa_supplicant(  637): wlan0: 8: c0:c1:c0:76:81:3c ssid='E2000' wpa_ie_len=0 rsn_ie_len=20 caps=0x411 level=-61 wps
02-03 10:47:07.591 D/wpa_supplicant(  637): wlan0:    skip - disabled
02-03 10:47:07.591 D/wpa_supplicant(  637): wlan0: 9: b0:48:7a:51:ff:cc ssid='Neusoft TP' wpa_ie_len=22 rsn_ie_len=20 caps=0x431 level=-62 wps
02-03 10:47:07.591 D/wpa_supplicant(  637): wlan0:    skip - disabled
02-03 10:47:07.591 D/wpa_supplicant(  637): wlan0: 10: 98:fc:11:81:35:fb ssid='E2000E' wpa_ie_len=0 rsn_ie_len=20 caps=0x411 level=-62 wps
02-03 10:47:07.591 D/wpa_supplicant(  637): wlan0:    skip - disabled
02-03 10:47:07.591 D/wpa_supplicant(  637): wlan0: 11: 22:48:9a:ac:31:7f ssid='WiFi874' wpa_ie_len=0 rsn_ie_len=20 caps=0x431 level=-63
02-03 10:47:07.591 D/wpa_supplicant(  637): wlan0:    skip - disabled
02-03 10:47:07.591 D/wpa_supplicant(  637): wlan0: 12: 02:1a:11:fc:c3:59 ssid='test only' wpa_ie_len=0 rsn_ie_len=20 caps=0x431 level=-65
02-03 10:47:07.591 D/wpa_supplicant(  637): wlan0:    skip - disabled
02-03 10:47:07.591 D/wpa_supplicant(  637): wlan0: 13: 44:94:fc:3d:da:38 ssid='6300' wpa_ie_len=0 rsn_ie_len=20 caps=0x411 level=-65 wps
02-03 10:47:07.591 D/wpa_supplicant(  637): wlan0:    skip - disabled
02-03 10:47:07.591 D/wpa_supplicant(  637): wlan0: 14: 02:1a:11:f6:67:da ssid='love U forever' wpa_ie_len=0 rsn_ie_len=20 caps=0x431 level=-66
02-03 10:47:07.591 D/wpa_supplicant(  637): wlan0:    skip - disabled
02-03 10:47:07.591 D/wpa_supplicant(  637): wlan0: 15: b0:48:7a:20:66:6a ssid='TP-LINK_20666A' wpa_ie_len=22 rsn_ie_len=20 caps=0x431 level=-67 wps
02-03 10:47:07.591 D/wpa_supplicant(  637): wlan0:    skip - disabled
02-03 10:47:07.591 D/wpa_supplicant(  637): wlan0: 16: 14:d6:4d:28:ef:c8 ssid='dlink' wpa_ie_len=0 rsn_ie_len=20 caps=0x31 level=-69 wps
02-03 10:47:07.591 D/wpa_supplicant(  637): wlan0:    skip - disabled
02-03 10:47:07.591 D/wpa_supplicant(  637): wlan0: 17: 00:0f:e2:0f:9f:c1 ssid='321_WAN' wpa_ie_len=28 rsn_ie_len=24 caps=0x411 level=-69
02-03 10:47:07.591 D/wpa_supplicant(  637): wlan0:    skip - disabled
02-03 10:47:07.591 D/wpa_supplicant(  637): wlan0: 18: bc:ee:7b:97:78:35 ssid='ASUS' wpa_ie_len=0 rsn_ie_len=20 caps=0x411 level=-70 wps
02-03 10:47:07.591 D/wpa_supplicant(  637): wlan0:    skip - disabled
02-03 10:47:07.591 D/wpa_supplicant(  637): wlan0: 19: 80:1f:02:43:fb:e8 ssid='Edimax AP' wpa_ie_len=0 rsn_ie_len=20 caps=0x411 level=-70
02-03 10:47:07.591 D/wpa_supplicant(  637): wlan0:    skip - disabled
02-03 10:47:07.591 D/wpa_supplicant(  637): wlan0: 20: 22:48:9a:ac:31:5b ssid='dean1' wpa_ie_len=0 rsn_ie_len=20 caps=0x431 level=-71
02-03 10:47:07.591 D/wpa_supplicant(  637): wlan0:    skip - disabled
02-03 10:47:07.591 D/wpa_supplicant(  637): wlan0: 21: cc:b2:55:e2:84:70 ssid='DLINK_APK' wpa_ie_len=22 rsn_ie_len=20 caps=0x411 level=-73
02-03 10:47:07.591 D/wpa_supplicant(  637): wlan0:    skip - disabled
02-03 10:47:07.591 D/wpa_supplicant(  637): wlan0: 22: 74:e5:43:24:f4:5b ssid='Dttest' wpa_ie_len=0 rsn_ie_len=20 caps=0x31 level=-77
02-03 10:47:07.591 D/wpa_supplicant(  637): wlan0:    skip - disabled
02-03 10:47:07.591 D/wpa_supplicant(  637): wlan0: 23: e4:d3:32:36:2e:54 ssid='MERCURY_362E54' wpa_ie_len=0 rsn_ie_len=0 caps=0x401 level=-70 wps
02-03 10:47:07.591 D/wpa_supplicant(  637): wlan0:    skip - disabled
02-03 10:47:07.591 D/wpa_supplicant(  637): wlan0: Selecting BSS from priority group 12
02-03 10:47:07.591 D/wpa_supplicant(  637): wlan0: 0: 6c:8b:2f:e9:d1:da ssid='ZTE_AP_1640' wpa_ie_len=0 rsn_ie_len=20 caps=0x511 level=-44
02-03 10:47:07.591 D/wpa_supplicant(  637): wlan0:    skip - SSID mismatch
02-03 10:47:07.591 D/wpa_supplicant(  637): wlan0: 1: f8:d1:11:e7:99:e8 ssid='videotest' wpa_ie_len=22 rsn_ie_len=20 caps=0x531 level=-47 wps
02-03 10:47:07.591 D/wpa_supplicant(  637): wlan0:    skip - SSID mismatch
02-03 10:47:07.591 D/wpa_supplicant(  637): wlan0: 2: c8:d7:19:60:62:f2 ssid='E3000-2.4G' wpa_ie_len=0 rsn_ie_len=20 caps=0x411 level=-48
02-03 10:47:07.591 D/wpa_supplicant(  637): wlan0:    skip - SSID mismatch
02-03 10:47:07.591 D/wpa_supplicant(  637): wlan0: 3: 10:c3:7b:d2:e5:e0 ssid='ASUS_RT-AC66U-2.4G' wpa_ie_len=0 rsn_ie_len=20 caps=0x411 level=-54 wps
02-03 10:47:07.591 D/wpa_supplicant(  637): wlan0:    skip - SSID mismatch
02-03 10:47:07.591 D/wpa_supplicant(  637): wlan0: 4: 02:1a:11:f2:bf:af ssid='Android' wpa_ie_len=0 rsn_ie_len=20 caps=0x511 level=-55
02-03 10:47:07.591 D/wpa_supplicant(  637): wlan0:    skip - SSID mismatch
02-03 10:47:07.591 D/wpa_supplicant(  637): wlan0: 5: 90:94:e4:03:45:f5 ssid='2553q' wpa_ie_len=0 rsn_ie_len=24 caps=0x431 level=-58
02-03 10:47:07.591 D/wpa_supplicant(  637): wlan0:    skip - SSID mismatch
02-03 10:47:07.591 D/wpa_supplicant(  637): wlan0: 6: cc:34:29:2c:fb:ec ssid='linksys' wpa_ie_len=22 rsn_ie_len=20 caps=0x431 level=-58 wps
02-03 10:47:07.591 D/wpa_supplicant(  637): wlan0:    skip - SSID mismatch
02-03 10:47:07.591 D/wpa_supplicant(  637): wlan0: 7: cc:34:29:2b:26:4c ssid='cws-test' wpa_ie_len=0 rsn_ie_len=20 caps=0x431 level=-59 wps
02-03 10:47:07.591 D/wpa_supplicant(  637): wlan0:    skip - SSID mismatch
02-03 10:47:07.591 D/wpa_supplicant(  637): wlan0: 8: c0:c1:c0:76:81:3c ssid='E2000' wpa_ie_len=0 rsn_ie_len=20 caps=0x411 level=-61 wps
02-03 10:47:07.591 D/wpa_supplicant(  637): wlan0:    skip - SSID mismatch
02-03 10:47:07.591 D/wpa_supplicant(  637): wlan0: 9: b0:48:7a:51:ff:cc ssid='Neusoft TP' wpa_ie_len=22 rsn_ie_len=20 caps=0x431 level=-62 wps
02-03 10:47:07.591 D/wpa_supplicant(  637): wlan0:    skip - SSID mismatch
02-03 10:47:07.591 D/wpa_supplicant(  637): wlan0: 10: 98:fc:11:81:35:fb ssid='E2000E' wpa_ie_len=0 rsn_ie_len=20 caps=0x411 level=-62 wps
02-03 10:47:07.591 D/wpa_supplicant(  637): wlan0:    skip - SSID mismatch
02-03 10:47:07.591 D/wpa_supplicant(  637): wlan0: 11: 22:48:9a:ac:31:7f ssid='WiFi874' wpa_ie_len=0 rsn_ie_len=20 caps=0x431 level=-63
02-03 10:47:07.591 D/wpa_supplicant(  637): wlan0:    skip - SSID mismatch
02-03 10:47:07.591 D/wpa_supplicant(  637): wlan0: 12: 02:1a:11:fc:c3:59 ssid='test only' wpa_ie_len=0 rsn_ie_len=20 caps=0x431 level=-65
02-03 10:47:07.591 D/wpa_supplicant(  637): wlan0:    skip - SSID mismatch
02-03 10:47:07.591 D/wpa_supplicant(  637): wlan0: 13: 44:94:fc:3d:da:38 ssid='6300' wpa_ie_len=0 rsn_ie_len=20 caps=0x411 level=-65 wps
02-03 10:47:07.591 D/wpa_supplicant(  637): wlan0:    skip - SSID mismatch
02-03 10:47:07.591 D/wpa_supplicant(  637): wlan0: 14: 02:1a:11:f6:67:da ssid='love U forever' wpa_ie_len=0 rsn_ie_len=20 caps=0x431 level=-66
02-03 10:47:07.591 D/wpa_supplicant(  637): wlan0:    skip - SSID mismatch
02-03 10:47:07.591 D/wpa_supplicant(  637): wlan0: 15: b0:48:7a:20:66:6a ssid='TP-LINK_20666A' wpa_ie_len=22 rsn_ie_len=20 caps=0x431 level=-67 wps
02-03 10:47:07.591 D/wpa_supplicant(  637): wlan0:    skip - SSID mismatch
02-03 10:47:07.591 D/wpa_supplicant(  637): wlan0: 16: 14:d6:4d:28:ef:c8 ssid='dlink' wpa_ie_len=0 rsn_ie_len=20 caps=0x31 level=-69 wps
02-03 10:47:07.591 D/wpa_supplicant(  637): wlan0:    skip - SSID mismatch
02-03 10:47:07.591 D/wpa_supplicant(  637): wlan0: 17: 00:0f:e2:0f:9f:c1 ssid='321_WAN' wpa_ie_len=28 rsn_ie_len=24 caps=0x411 level=-69
02-03 10:47:07.591 D/wpa_supplicant(  637): wlan0:    skip - SSID mismatch
02-03 10:47:07.591 D/wpa_supplicant(  637): wlan0: 18: bc:ee:7b:97:78:35 ssid='ASUS' wpa_ie_len=0 rsn_ie_len=20 caps=0x411 level=-70 wps
02-03 10:47:07.591 D/wpa_supplicant(  637): wlan0:    skip - SSID mismatch
02-03 10:47:07.591 D/wpa_supplicant(  637): wlan0: 19: 80:1f:02:43:fb:e8 ssid='Edimax AP' wpa_ie_len=0 rsn_ie_len=20 caps=0x411 level=-70
02-03 10:47:07.591 D/wpa_supplicant(  637): wlan0:    skip - SSID mismatch
02-03 10:47:07.591 D/wpa_supplicant(  637): wlan0: 20: 22:48:9a:ac:31:5b ssid='dean1' wpa_ie_len=0 rsn_ie_len=20 caps=0x431 level=-71
02-03 10:47:07.591 D/wpa_supplicant(  637): wlan0:    skip - SSID mismatch
02-03 10:47:07.591 D/wpa_supplicant(  637): wlan0: 21: cc:b2:55:e2:84:70 ssid='DLINK_APK' wpa_ie_len=22 rsn_ie_len=20 caps=0x411 level=-73
02-03 10:47:07.591 D/wpa_supplicant(  637): wlan0:    skip - SSID mismatch
02-03 10:47:07.591 D/wpa_supplicant(  637): wlan0: 22: 74:e5:43:24:f4:5b ssid='Dttest' wpa_ie_len=0 rsn_ie_len=20 caps=0x31 level=-77
02-03 10:47:07.591 D/wpa_supplicant(  637): wlan0:    skip - SSID mismatch
02-03 10:47:07.591 D/wpa_supplicant(  637): wlan0: 23: e4:d3:32:36:2e:54 ssid='MERCURY_362E54' wpa_ie_len=0 rsn_ie_len=0 caps=0x401 level=-70 wps
02-03 10:47:07.591 D/wpa_supplicant(  637): wlan0:    skip - SSID mismatch
02-03 10:47:07.591 D/wpa_supplicant(  637): wlan0: Selecting BSS from priority group 3
02-03 10:47:07.591 D/wpa_supplicant(  637): wlan0: 0: 6c:8b:2f:e9:d1:da ssid='ZTE_AP_1640' wpa_ie_len=0 rsn_ie_len=20 caps=0x511 level=-44
02-03 10:47:07.591 D/wpa_supplicant(  637): wlan0:    skip - SSID mismatch
02-03 10:47:07.591 D/wpa_supplicant(  637): wlan0: 1: f8:d1:11:e7:99:e8 ssid='videotest' wpa_ie_len=22 rsn_ie_len=20 caps=0x531 level=-47 wps
02-03 10:47:07.591 D/wpa_supplicant(  637): wlan0:    skip - SSID mismatch
02-03 10:47:07.591 D/wpa_supplicant(  637): wlan0: 2: c8:d7:19:60:62:f2 ssid='E3000-2.4G' wpa_ie_len=0 rsn_ie_len=20 caps=0x411 level=-48
02-03 10:47:07.591 D/wpa_supplicant(  637): wlan0:    skip - SSID mismatch
02-03 10:47:07.591 D/wpa_supplicant(  637): wlan0: 3: 10:c3:7b:d2:e5:e0 ssid='ASUS_RT-AC66U-2.4G' wpa_ie_len=0 rsn_ie_len=20 caps=0x411 level=-54 wps
02-03 10:47:07.591 D/wpa_supplicant(  637): wlan0:    skip - SSID mismatch
02-03 10:47:07.591 D/wpa_supplicant(  637): wlan0: 4: 02:1a:11:f2:bf:af ssid='Android' wpa_ie_len=0 rsn_ie_len=20 caps=0x511 level=-55
02-03 10:47:07.591 D/wpa_supplicant(  637): wlan0:    skip - SSID mismatch
02-03 10:47:07.591 D/wpa_supplicant(  637): wlan0: 5: 90:94:e4:03:45:f5 ssid='2553q' wpa_ie_len=0 rsn_ie_len=24 caps=0x431 level=-58
02-03 10:47:07.591 D/wpa_supplicant(  637): wlan0:    skip - SSID mismatch
02-03 10:47:07.591 D/wpa_supplicant(  637): wlan0: 6: cc:34:29:2c:fb:ec ssid='linksys' wpa_ie_len=22 rsn_ie_len=20 caps=0x431 level=-58 wps
02-03 10:47:07.591 D/wpa_supplicant(  637): wlan0:    skip - SSID mismatch
02-03 10:47:07.591 D/wpa_supplicant(  637): wlan0: 7: cc:34:29:2b:26:4c ssid='cws-test' wpa_ie_len=0 rsn_ie_len=20 caps=0x431 level=-59 wps
02-03 10:47:07.591 D/wpa_supplicant(  637): wlan0:    skip - SSID mismatch
02-03 10:47:07.591 D/wpa_supplicant(  637): wlan0: 8: c0:c1:c0:76:81:3c ssid='E2000' wpa_ie_len=0 rsn_ie_len=20 caps=0x411 level=-61 wps
02-03 10:47:07.591 D/wpa_supplicant(  637): wlan0:    skip - SSID mismatch
02-03 10:47:07.591 D/wpa_supplicant(  637): wlan0: 9: b0:48:7a:51:ff:cc ssid='Neusoft TP' wpa_ie_len=22 rsn_ie_len=20 caps=0x431 level=-62 wps
02-03 10:47:07.591 D/wpa_supplicant(  637): wlan0:    skip - SSID mismatch
02-03 10:47:07.591 D/wpa_supplicant(  637): wlan0: 10: 98:fc:11:81:35:fb ssid='E2000E' wpa_ie_len=0 rsn_ie_len=20 caps=0x411 level=-62 wps
02-03 10:47:07.591 D/wpa_supplicant(  637): wlan0:    skip - SSID mismatch
02-03 10:47:07.591 D/wpa_supplicant(  637): wlan0: 11: 22:48:9a:ac:31:7f ssid='WiFi874' wpa_ie_len=0 rsn_ie_len=20 caps=0x431 level=-63
02-03 10:47:07.591 D/wpa_supplicant(  637): wlan0:    skip - SSID mismatch
02-03 10:47:07.591 D/wpa_supplicant(  637): wlan0: 12: 02:1a:11:fc:c3:59 ssid='test only' wpa_ie_len=0 rsn_ie_len=20 caps=0x431 level=-65
02-03 10:47:07.591 D/wpa_supplicant(  637): wlan0:    skip - SSID mismatch
02-03 10:47:07.591 D/wpa_supplicant(  637): wlan0: 13: 44:94:fc:3d:da:38 ssid='6300' wpa_ie_len=0 rsn_ie_len=20 caps=0x411 level=-65 wps
02-03 10:47:07.591 D/wpa_supplicant(  637): wlan0:    skip - SSID mismatch
02-03 10:47:07.591 D/wpa_supplicant(  637): wlan0: 14: 02:1a:11:f6:67:da ssid='love U forever' wpa_ie_len=0 rsn_ie_len=20 caps=0x431 level=-66
02-03 10:47:07.591 D/wpa_supplicant(  637): wlan0:    skip - SSID mismatch
02-03 10:47:07.591 D/wpa_supplicant(  637): wlan0: 15: b0:48:7a:20:66:6a ssid='TP-LINK_20666A' wpa_ie_len=22 rsn_ie_len=20 caps=0x431 level=-67 wps
02-03 10:47:07.591 D/wpa_supplicant(  637): wlan0:    skip - SSID mismatch
02-03 10:47:07.591 D/wpa_supplicant(  637): wlan0: 16: 14:d6:4d:28:ef:c8 ssid='dlink' wpa_ie_len=0 rsn_ie_len=20 caps=0x31 level=-69 wps
02-03 10:47:07.591 D/wpa_supplicant(  637): wlan0:    skip - SSID mismatch
02-03 10:47:07.591 D/wpa_supplicant(  637): wlan0: 17: 00:0f:e2:0f:9f:c1 ssid='321_WAN' wpa_ie_len=28 rsn_ie_len=24 caps=0x411 level=-69
02-03 10:47:07.591 D/wpa_supplicant(  637): wlan0:    skip - SSID mismatch
02-03 10:47:07.591 D/wpa_supplicant(  637): wlan0: 18: bc:ee:7b:97:78:35 ssid='ASUS' wpa_ie_len=0 rsn_ie_len=20 caps=0x411 level=-70 wps
02-03 10:47:07.591 D/wpa_supplicant(  637): wlan0:    skip - SSID mismatch
02-03 10:47:07.591 D/wpa_supplicant(  637): wlan0: 19: 80:1f:02:43:fb:e8 ssid='Edimax AP' wpa_ie_len=0 rsn_ie_len=20 caps=0x411 level=-70
02-03 10:47:07.591 D/wpa_supplicant(  637): wlan0:    skip - SSID mismatch
02-03 10:47:07.591 D/wpa_supplicant(  637): wlan0: 20: 22:48:9a:ac:31:5b ssid='dean1' wpa_ie_len=0 rsn_ie_len=20 caps=0x431 level=-71
02-03 10:47:07.591 D/wpa_supplicant(  637): wlan0:    skip - SSID mismatch
02-03 10:47:07.591 D/wpa_supplicant(  637): wlan0: 21: cc:b2:55:e2:84:70 ssid='DLINK_APK' wpa_ie_len=22 rsn_ie_len=20 caps=0x411 level=-73
02-03 10:47:07.591 D/wpa_supplicant(  637): wlan0:    skip - SSID mismatch
02-03 10:47:07.591 D/wpa_supplicant(  637): wlan0: 22: 74:e5:43:24:f4:5b ssid='Dttest' wpa_ie_len=0 rsn_ie_len=20 caps=0x31 level=-77
02-03 10:47:07.591 D/wpa_supplicant(  637): wlan0:    skip - SSID mismatch
02-03 10:47:07.591 D/wpa_supplicant(  637): wlan0: 23: e4:d3:32:36:2e:54 ssid='MERCURY_362E54' wpa_ie_len=0 rsn_ie_len=0 caps=0x401 level=-70 wps
02-03 10:47:07.591 D/wpa_supplicant(  637): wlan0:    skip - SSID mismatch
02-03 10:47:07.591 D/wpa_supplicant(  637): wlan0: Selecting BSS from priority group 1
02-03 10:47:07.591 D/wpa_supplicant(  637): wlan0: 0: 6c:8b:2f:e9:d1:da ssid='ZTE_AP_1640' wpa_ie_len=0 rsn_ie_len=20 caps=0x511 level=-44
02-03 10:47:07.591 D/wpa_supplicant(  637): wlan0:    skip - SSID mismatch
02-03 10:47:07.591 D/wpa_supplicant(  637): wlan0: 1: f8:d1:11:e7:99:e8 ssid='videotest' wpa_ie_len=22 rsn_ie_len=20 caps=0x531 level=-47 wps
02-03 10:47:07.591 D/wpa_supplicant(  637): wlan0:    skip - SSID mismatch
02-03 10:47:07.591 D/wpa_supplicant(  637): wlan0: 2: c8:d7:19:60:62:f2 ssid='E3000-2.4G' wpa_ie_len=0 rsn_ie_len=20 caps=0x411 level=-48
02-03 10:47:07.591 D/wpa_supplicant(  637): wlan0:    skip - SSID mismatch
02-03 10:47:07.591 D/wpa_supplicant(  637): wlan0: 3: 10:c3:7b:d2:e5:e0 ssid='ASUS_RT-AC66U-2.4G' wpa_ie_len=0 rsn_ie_len=20 caps=0x411 level=-54 wps
02-03 10:47:07.591 D/wpa_supplicant(  637): wlan0:    skip - SSID mismatch
02-03 10:47:07.591 D/wpa_supplicant(  637): wlan0: 4: 02:1a:11:f2:bf:af ssid='Android' wpa_ie_len=0 rsn_ie_len=20 caps=0x511 level=-55
02-03 10:47:07.591 D/wpa_supplicant(  637): wlan0:    skip - SSID mismatch
02-03 10:47:07.591 D/wpa_supplicant(  637): wlan0: 5: 90:94:e4:03:45:f5 ssid='2553q' wpa_ie_len=0 rsn_ie_len=24 caps=0x431 level=-58
02-03 10:47:07.591 D/wpa_supplicant(  637): wlan0:    skip - SSID mismatch
02-03 10:47:07.591 D/wpa_supplicant(  637): wlan0: 6: cc:34:29:2c:fb:ec ssid='linksys' wpa_ie_len=22 rsn_ie_len=20 caps=0x431 level=-58 wps
02-03 10:47:07.591 D/wpa_supplicant(  637): wlan0:    skip - SSID mismatch
02-03 10:47:07.591 D/wpa_supplicant(  637): wlan0: 7: cc:34:29:2b:26:4c ssid='cws-test' wpa_ie_len=0 rsn_ie_len=20 caps=0x431 level=-59 wps
02-03 10:47:07.591 D/wpa_supplicant(  637): wlan0:    skip - SSID mismatch
02-03 10:47:07.591 D/wpa_supplicant(  637): wlan0: 8: c0:c1:c0:76:81:3c ssid='E2000' wpa_ie_len=0 rsn_ie_len=20 caps=0x411 level=-61 wps
02-03 10:47:07.591 D/wpa_supplicant(  637): wlan0:    skip - SSID mismatch
02-03 10:47:07.591 D/wpa_supplicant(  637): wlan0: 9: b0:48:7a:51:ff:cc ssid='Neusoft TP' wpa_ie_len=22 rsn_ie_len=20 caps=0x431 level=-62 wps
02-03 10:47:07.591 D/wpa_supplicant(  637): wlan0:    skip - SSID mismatch
02-03 10:47:07.591 D/wpa_supplicant(  637): wlan0: 10: 98:fc:11:81:35:fb ssid='E2000E' wpa_ie_len=0 rsn_ie_len=20 caps=0x411 level=-62 wps
02-03 10:47:07.591 D/wpa_supplicant(  637): wlan0:    skip - SSID mismatch
02-03 10:47:07.591 D/wpa_supplicant(  637): wlan0: 11: 22:48:9a:ac:31:7f ssid='WiFi874' wpa_ie_len=0 rsn_ie_len=20 caps=0x431 level=-63
02-03 10:47:07.591 D/wpa_supplicant(  637): wlan0:    skip - SSID mismatch
02-03 10:47:07.591 D/wpa_supplicant(  637): wlan0: 12: 02:1a:11:fc:c3:59 ssid='test only' wpa_ie_len=0 rsn_ie_len=20 caps=0x431 level=-65
02-03 10:47:07.591 D/wpa_supplicant(  637): wlan0:    skip - SSID mismatch
02-03 10:47:07.591 D/wpa_supplicant(  637): wlan0: 13: 44:94:fc:3d:da:38 ssid='6300' wpa_ie_len=0 rsn_ie_len=20 caps=0x411 level=-65 wps
02-03 10:47:07.591 D/wpa_supplicant(  637): wlan0:    skip - SSID mismatch
02-03 10:47:07.591 D/wpa_supplicant(  637): wlan0: 14: 02:1a:11:f6:67:da ssid='love U forever' wpa_ie_len=0 rsn_ie_len=20 caps=0x431 level=-66
02-03 10:47:07.591 D/wpa_supplicant(  637): wlan0:    skip - SSID mismatch
02-03 10:47:07.591 D/wpa_supplicant(  637): wlan0: 15: b0:48:7a:20:66:6a ssid='TP-LINK_20666A' wpa_ie_len=22 rsn_ie_len=20 caps=0x431 level=-67 wps
02-03 10:47:07.591 D/wpa_supplicant(  637): wlan0:    skip - SSID mismatch
02-03 10:47:07.591 D/wpa_supplicant(  637): wlan0: 16: 14:d6:4d:28:ef:c8 ssid='dlink' wpa_ie_len=0 rsn_ie_len=20 caps=0x31 level=-69 wps
02-03 10:47:07.591 D/wpa_supplicant(  637): wlan0:    skip - SSID mismatch
02-03 10:47:07.591 D/wpa_supplicant(  637): wlan0: 17: 00:0f:e2:0f:9f:c1 ssid='321_WAN' wpa_ie_len=28 rsn_ie_len=24 caps=0x411 level=-69
02-03 10:47:07.591 D/wpa_supplicant(  637): wlan0:    skip - SSID mismatch
02-03 10:47:07.591 D/wpa_supplicant(  637): wlan0: 18: bc:ee:7b:97:78:35 ssid='ASUS' wpa_ie_len=0 rsn_ie_len=20 caps=0x411 level=-70 wps
02-03 10:47:07.591 D/wpa_supplicant(  637): wlan0:    skip - SSID mismatch
02-03 10:47:07.591 D/wpa_supplicant(  637): wlan0: 19: 80:1f:02:43:fb:e8 ssid='Edimax AP' wpa_ie_len=0 rsn_ie_len=20 caps=0x411 level=-70
02-03 10:47:07.591 D/wpa_supplicant(  637): wlan0:    skip - SSID mismatch
02-03 10:47:07.591 D/wpa_supplicant(  637): wlan0: 20: 22:48:9a:ac:31:5b ssid='dean1' wpa_ie_len=0 rsn_ie_len=20 caps=0x431 level=-71
02-03 10:47:07.591 D/wpa_supplicant(  637): wlan0:    skip - SSID mismatch
02-03 10:47:07.591 D/wpa_supplicant(  637): wlan0: 21: cc:b2:55:e2:84:70 ssid='DLINK_APK' wpa_ie_len=22 rsn_ie_len=20 caps=0x411 level=-73
02-03 10:47:07.591 D/wpa_supplicant(  637): wlan0:    skip - SSID mismatch
02-03 10:47:07.591 D/wpa_supplicant(  637): wlan0: 22: 74:e5:43:24:f4:5b ssid='Dttest' wpa_ie_len=0 rsn_ie_len=20 caps=0x31 level=-77
02-03 10:47:07.591 D/wpa_supplicant(  637): wlan0:    skip - SSID mismatch
02-03 10:47:07.591 D/wpa_supplicant(  637): wlan0: 23: e4:d3:32:36:2e:54 ssid='MERCURY_362E54' wpa_ie_len=0 rsn_ie_len=0 caps=0x401 level=-70 wps
02-03 10:47:07.591 D/wpa_supplicant(  637): wlan0:    skip - SSID mismatch
02-03 10:47:07.591 D/wpa_supplicant(  637): wlan0: No suitable network found
02-03 10:47:07.591 D/wpa_supplicant(  637): wlan0: Setting scan request: 40 sec 0 usec
02-03 10:47:07.591 D/wpa_supplicant(  637): wlan0: Checking for other virtual interfaces sharing same radio (phy0) in event_scan_results
02-03 10:47:07.591 D/wpa_supplicant(  637): p2p-dev-wlan0: Updating scan results from sibling
02-03 10:47:07.591 D/wpa_supplicant(  637): nl80211: Received scan results (24 BSSes)
02-03 10:47:07.591 D/wpa_supplicant(  637): nl80211: Survey data missing
02-03 10:47:07.591 D/wpa_supplicant(  637): p2p-dev-wlan0: BSS: Start scan result update 91
02-03 10:47:07.591 D/wpa_supplicant(  637): BSS: No P2P IE - skipping BSS 6c:8b:2f:e9:d1:da update for P2P interface
02-03 10:47:07.591 D/wpa_supplicant(  637): BSS: No P2P IE - skipping BSS f8:d1:11:e7:99:e8 update for P2P interface
02-03 10:47:07.591 D/wpa_supplicant(  637): BSS: No P2P IE - skipping BSS c8:d7:19:60:62:f2 update for P2P interface
02-03 10:47:07.591 D/wpa_supplicant(  637): BSS: No P2P IE - skipping BSS 10:c3:7b:d2:e5:e0 update for P2P interface
02-03 10:47:07.591 D/wpa_supplicant(  637): BSS: No P2P IE - skipping BSS 02:1a:11:f2:bf:af update for P2P interface
02-03 10:47:07.591 D/wpa_supplicant(  637): BSS: No P2P IE - skipping BSS 90:94:e4:03:45:f5 update for P2P interface
02-03 10:47:07.591 D/wpa_supplicant(  637): BSS: No P2P IE - skipping BSS cc:34:29:2c:fb:ec update for P2P interface
02-03 10:47:07.591 D/wpa_supplicant(  637): BSS: No P2P IE - skipping BSS cc:34:29:2b:26:4c update for P2P interface
02-03 10:47:07.591 D/wpa_supplicant(  637): BSS: No P2P IE - skipping BSS c0:c1:c0:76:81:3c update for P2P interface
02-03 10:47:07.591 D/wpa_supplicant(  637): BSS: No P2P IE - skipping BSS b0:48:7a:51:ff:cc update for P2P interface
02-03 10:47:07.591 D/wpa_supplicant(  637): BSS: No P2P IE - skipping BSS 98:fc:11:81:35:fb update for P2P interface
02-03 10:47:07.591 D/wpa_supplicant(  637): BSS: No P2P IE - skipping BSS 22:48:9a:ac:31:7f update for P2P interface
02-03 10:47:07.591 D/wpa_supplicant(  637): BSS: No P2P IE - skipping BSS 02:1a:11:fc:c3:59 update for P2P interface
02-03 10:47:07.591 D/wpa_supplicant(  637): BSS: No P2P IE - skipping BSS 44:94:fc:3d:da:38 update for P2P interface
02-03 10:47:07.591 D/wpa_supplicant(  637): BSS: No P2P IE - skipping BSS 02:1a:11:f6:67:da update for P2P interface
02-03 10:47:07.591 D/wpa_supplicant(  637): BSS: No P2P IE - skipping BSS b0:48:7a:20:66:6a update for P2P interface
02-03 10:47:07.591 D/wpa_supplicant(  637): BSS: No P2P IE - skipping BSS 14:d6:4d:28:ef:c8 update for P2P interface
02-03 10:47:07.591 D/wpa_supplicant(  637): BSS: No P2P IE - skipping BSS 00:0f:e2:0f:9f:c1 update for P2P interface
02-03 10:47:07.591 D/wpa_supplicant(  637): BSS: No P2P IE - skipping BSS bc:ee:7b:97:78:35 update for P2P interface
02-03 10:47:07.591 D/wpa_supplicant(  637): BSS: No P2P IE - skipping BSS 80:1f:02:43:fb:e8 update for P2P interface
02-03 10:47:07.591 D/wpa_supplicant(  637): BSS: No P2P IE - skipping BSS 22:48:9a:ac:31:5b update for P2P interface
02-03 10:47:07.591 D/wpa_supplicant(  637): BSS: No P2P IE - skipping BSS cc:b2:55:e2:84:70 update for P2P interface
02-03 10:47:07.591 D/wpa_supplicant(  637): BSS: No P2P IE - skipping BSS 74:e5:43:24:f4:5b update for P2P interface
02-03 10:47:07.591 D/wpa_supplicant(  637): BSS: No P2P IE - skipping BSS e4:d3:32:36:2e:54 update for P2P interface
02-03 10:47:07.591 D/wpa_supplicant(  637): BSS: last_scan_res_used=0/32 last_scan_full=0
02-03 10:47:07.591 D/wpa_supplicant(  637): p2p-dev-wlan0: New scan results available
02-03 10:47:07.591 D/wpa_supplicant(  637): CTRL_IFACE monitor send - hexdump(len=39): 2f 64 61 74 61 2f 6d 69 73 63 2f 77 69 66 69 2f 73 6f 63 6b 65 74 73 2f 77 70 61 5f 63 74 72 6c ...
02-03 10:47:07.591 D/wpa_supplicant(  637): WPS: AP[0] f8:d1:11:e7:99:e8 type=0 tries=0 last_attempt=-1 sec ago blacklist=0
02-03 10:47:07.591 D/wpa_supplicant(  637): WPS: AP[1] 10:c3:7b:d2:e5:e0 type=0 tries=0 last_attempt=-1 sec ago blacklist=0
02-03 10:47:07.591 D/wpa_supplicant(  637): WPS: AP[2] cc:34:29:2b:26:4c type=0 tries=0 last_attempt=-1 sec ago blacklist=0
02-03 10:47:07.591 D/wpa_supplicant(  637): WPS: AP[3] b0:48:7a:20:66:6a type=0 tries=0 last_attempt=-1 sec ago blacklist=0
02-03 10:47:07.591 D/wpa_supplicant(  637): WPS: AP[4] 44:94:fc:3d:da:38 type=0 tries=0 last_attempt=-1 sec ago blacklist=0
02-03 10:47:07.591 D/wpa_supplicant(  637): WPS: AP[5] 98:fc:11:81:35:fb type=0 tries=0 last_attempt=-1 sec ago blacklist=0
02-03 10:47:07.591 D/wpa_supplicant(  637): WPS: AP[6] c0:c1:c0:76:81:3c type=0 tries=0 last_attempt=-1 sec ago blacklist=0
02-03 10:47:07.591 D/wpa_supplicant(  637): WPS: AP[7] 02:1e:67:80:2b:36 type=0 tries=0 last_attempt=-1 sec ago blacklist=0
02-03 10:47:07.591 D/wpa_supplicant(  637): WPS: AP[8] cc:34:29:2c:fb:ec type=0 tries=0 last_attempt=-1 sec ago blacklist=0
02-03 10:47:07.591 D/wpa_supplicant(  637): WPS: AP[9] 14:d6:4d:28:ef:c8 type=0 tries=0 last_attempt=-1 sec ago blacklist=0
02-03 10:47:07.591 D/wpa_supplicant(  637): WPS: AP[10] e4:d3:32:36:2e:54 type=0 tries=0 last_attempt=-1 sec ago blacklist=0
02-03 10:47:07.591 D/wpa_supplicant(  637): WPS: AP[11] c0:a0:bb:20:3b:84 type=0 tries=0 last_attempt=-1 sec ago blacklist=0
02-03 10:47:07.591 D/wpa_supplicant(  637): WPS: AP[12] 4c:e6:76:a5:4d:e0 type=0 tries=0 last_attempt=-1 sec ago blacklist=0
02-03 10:47:07.591 D/wpa_supplicant(  637): WPS: AP[13] 2c:b0:5d:7f:f4:24 type=0 tries=0 last_attempt=-1 sec ago blacklist=0
02-03 10:47:07.591 D/wpa_supplicant(  637): WPS: AP[14] bc:ee:7b:97:78:35 type=0 tries=0 last_attempt=-1 sec ago blacklist=0
02-03 10:47:07.591 D/wpa_supplicant(  637): WPS: AP[15] b0:48:7a:51:ff:cc type=0 tries=0 last_attempt=-1 sec ago blacklist=0
02-03 10:47:07.591 D/wpa_supplicant(  637): WPS: AP[16] ac:f1:df:cf:85:c0 type=0 tries=0 last_attempt=-1 sec ago blacklist=0
02-03 10:47:07.591 D/wpa_supplicant(  637): WPS: AP[17] 02:13:20:ff:b4:e6 type=0 tries=0 last_attempt=-1 sec ago blacklist=0
02-03 10:47:07.591 D/wpa_supplicant(  637): p2p-dev-wlan0: No suitable network found
02-03 10:47:07.591 D/wpa_supplicant(  637): Do not scan on p2p management interface, return
02-03 10:47:07.591 D/wpa_supplicant(  637): wlan0: P2P: Station mode scan operation not pending anymore (sta_scan_pending=0 p2p_cb_on_scan_complete=0)
02-03 10:47:07.591 D/wpa_supplicant(  637): RX ctrl_iface - hexdump(len=25): 42 53 53 20 52 41 4e 47 45 3d 30 2d 20 4d 41 53 4b 3d 30 78 32 31 39 38 37
02-03 10:47:07.591 D/wpa_supplicant(  637): wlan0: Control interface command 'BSS RANGE=0- MASK=0x21987'
02-03 10:47:07.591 D/wpa_supplicant(  637): RTM_NEWLINK: operstate=0 ifi_flags=0x11003 ([UP][LOWER_UP])
02-03 10:47:07.591 D/wpa_supplicant(  637): RTM_NEWLINK, IFLA_IFNAME: Interface 'wlan0' added
02-03 10:47:07.591 D/wpa_supplicant(  637): nl80211: if_removed already cleared - ignore event
02-03 10:47:07.601 I/WifiHW  (  547): REPLY: id=191
02-03 10:47:07.601 I/WifiHW  (  547): REPLY: bssid=02:1a:11:f2:bf:af
02-03 10:47:07.601 I/WifiHW  (  547): REPLY: freq=2437
02-03 10:47:07.601 I/WifiHW  (  547): REPLY: level=-55
02-03 10:47:07.601 I/WifiHW  (  547): REPLY: tsf=0000006003799243
02-03 10:47:07.601 I/WifiHW  (  547): REPLY: flags=[WPA2-PSK-CCMP][ESS]
02-03 10:47:07.601 I/WifiHW  (  547): REPLY: ssid=Android
02-03 10:47:07.601 I/WifiHW  (  547): REPLY: ====
02-03 10:47:07.601 I/WifiHW  (  547): REPLY: id=192
02-03 10:47:07.601 I/WifiHW  (  547): REPLY: bssid=c8:d7:19:60:62:f2
02-03 10:47:07.601 I/WifiHW  (  547): REPLY: freq=2462
02-03 10:47:07.601 I/WifiHW  (  547): REPLY: level=-48
02-03 10:47:07.601 I/WifiHW  (  547): REPLY: tsf=0000006003799331
02-03 10:47:07.601 I/WifiHW  (  547): REPLY: flags=[WPA2-EAP-CCMP-preauth][ESS]
02-03 10:47:07.601 I/WifiHW  (  547): REPLY: ssid=E3000-2.4G
02-03 10:47:07.601 I/WifiHW  (  547): REPLY: ====
02-03 10:47:07.601 I/WifiHW  (  547): EVENT: IFNAME=p2p-dev-wlan0 CTRL-EVENT-SCAN-RESULTS 
02-03 10:47:07.601 I/WifiHW  (  547): REPLY: id=193
02-03 10:47:07.601 I/WifiHW  (  547): REPLY: bssid=f8:d1:11:e7:99:e8
02-03 10:47:07.601 I/WifiHW  (  547): REPLY: freq=2437
02-03 10:47:07.601 I/WifiHW  (  547): REPLY: level=-47
02-03 10:47:07.601 I/WifiHW  (  547): REPLY: tsf=0000006003799261
02-03 10:47:07.601 I/WifiHW  (  547): REPLY: flags=[WPA-PSK-CCMP][WPA2-PSK-CCMP][WPS][ESS]
02-03 10:47:07.601 I/WifiHW  (  547): REPLY: ssid=videotest
02-03 10:47:07.601 I/WifiHW  (  547): REPLY: ====
02-03 10:47:07.601 I/WifiHW  (  547): REPLY: id=194
02-03 10:47:07.601 I/WifiHW  (  547): REPLY: bssid=cc:34:29:2b:26:4c
02-03 10:47:07.601 I/WifiHW  (  547): REPLY: freq=2462
02-03 10:47:07.601 I/WifiHW  (  547): REPLY: level=-59
02-03 10:47:07.601 I/WifiHW  (  547): REPLY: tsf=0000006003799348
02-03 10:47:07.601 I/WifiHW  (  547): REPLY: flags=[WPA2-PSK-CCMP][WPS][ESS]
02-03 10:47:07.601 I/WifiHW  (  547): REPLY: ssid=cws-test
02-03 10:47:07.601 I/WifiHW  (  547): REPLY: ====
02-03 10:47:07.601 I/WifiHW  (  547): REPLY: id=196
02-03 10:47:07.601 I/WifiHW  (  547): REPLY: bssid=10:c3:7b:d2:e5:e0
02-03 10:47:07.601 I/WifiHW  (  547): REPLY: freq=2462
02-03 10:47:07.601 I/WifiHW  (  547): REPLY: level=-54
02-03 10:47:07.601 I/WifiHW  (  547): REPLY: tsf=0000006003799340
02-03 10:47:07.601 I/WifiHW  (  547): REPLY: flags=[WPA2-PSK-CCMP][WPS][ESS]
02-03 10:47:07.601 I/WifiHW  (  547): REPLY: ssid=ASUS_RT-AC66U-2.4G
02-03 10:47:07.601 I/WifiHW  (  547): REPLY: ====
02-03 10:47:07.601 I/WifiHW  (  547): REPLY: id=198
02-03 10:47:07.601 I/WifiHW  (  547): REPLY: bssid=b0:48:7a:20:66:6a
02-03 10:47:07.601 I/WifiHW  (  547): REPLY: freq=2462
02-03 10:47:07.601 I/WifiHW  (  547): REPLY: level=-67
02-03 10:47:07.601 I/WifiHW  (  547): REPLY: tsf=0000006003799375
02-03 10:47:07.601 I/WifiHW  (  547): REPLY: flags=[WPA-PSK-CCMP][WPA2-PSK-CCMP][WPS][ESS]
02-03 10:47:07.601 I/WifiHW  (  547): REPLY: ssid=TP-LINK_20666A
02-03 10:47:07.601 I/WifiHW  (  547): REPLY: ====
02-03 10:47:07.601 I/WifiHW  (  547): REPLY: id=199
02-03 10:47:07.601 I/WifiHW  (  547): REPLY: bssid=44:94:fc:3d:da:38
02-03 10:47:07.601 I/WifiHW  (  547): REPLY: freq=2462
02-03 10:47:07.601 I/WifiHW  (  547): REPLY: level=-65
02-03 10:47:07.601 I/WifiHW  (  547): REPLY: tsf=0000006003799357
02-03 10:47:07.601 I/WifiHW  (  547): REPLY: flags=[WPA2-PSK-CCMP][WPS][ESS]
02-03 10:47:07.601 I/WifiHW  (  547): REPLY: ssid=6300
02-03 10:47:07.601 I/WifiHW  (  547): REPLY: ====
02-03 10:47:07.601 I/WifiHW  (  547): REPLY: id=217
02-03 10:47:07.601 I/WifiHW  (  547): REPLY: bssid=6c:8b:2f:e9:d1:da
02-03 10:47:07.601 I/WifiHW  (  547): REPLY: freq=2437
02-03 10:47:07.601 I/WifiHW  (  547): REPLY: level=-44
02-03 10:47:07.601 I/WifiHW  (  547): REPLY: tsf=0000006003799251
02-03 10:47:07.601 I/WifiHW  (  547): REPLY: flags=[WPA2-PSK-CCMP][ESS]
02-03 10:47:07.601 I/WifiHW  (  547): REPLY: ssid=ZTE_AP_1640
02-03 10:47:07.601 I/WifiHW  (  547): REPLY: ====
02-03 10:47:07.601 I/WifiHW  (  547): REPLY: id=220
02-03 10:47:07.601 I/WifiHW  (  547): REPLY: bssid=cc:34:29:2c:fb:ec
02-03 10:47:07.601 I/WifiHW  (  547): REPLY: freq=2412
02-03 10:47:07.601 I/WifiHW  (  547): REPLY: level=-58
02-03 10:47:07.601 I/WifiHW  (  547): REPLY: tsf=0000006003799175
02-03 10:47:07.601 I/WifiHW  (  547): REPLY: flags=[WPA-PSK-CCMP][WPA2-PSK-CCMP][WPS][ESS]
02-03 10:47:07.601 I/WifiHW  (  547): REPLY: ssid=linksys
02-03 10:47:07.601 I/WifiHW  (  547): REPLY: ====
02-03 10:47:07.601 I/WifiHW  (  547): REPLY: id=237
02-03 10:47:07.601 I/WifiHW  (  547): REPLY: bssid=6c:8b:2f:e8:38:24
02-03 10:47:07.601 I/WifiHW  (  547): REPLY: freq=2437
02-03 10:47:07.601 I/WifiHW  (  547): REPLY: level=-50
02-03 10:47:07.601 I/WifiHW  (  547): REPLY: tsf=0000005962591978
02-03 10:47:07.601 I/WifiHW  (  547): REPLY: flags=[WPA2-PSK-CCMP][ESS]
02-03 10:47:07.601 I/WifiHW  (  547): REPLY: ssid=ZTE_AP_6703
02-03 10:47:07.601 I/WifiHW  (  547): REPLY: ====
02-03 10:47:07.601 I/WifiHW  (  547): REPLY: id=254
02-03 10:47:07.601 I/WifiHW  (  547): REPLY: bssid=80:1f:02:43:fb:e8
02-03 10:47:07.601 I/WifiHW  (  547): REPLY: freq=2412
02-03 10:47:07.601 I/WifiHW  (  547): REPLY: level=-70
02-03 10:47:07.601 I/WifiHW  (  547): REPLY: tsf=0000006003799164
02-03 10:47:07.601 I/WifiHW  (  547): REPLY: flags=[WPA2-PSK-CCMP-preauth][ESS]
02-03 10:47:07.601 I/WifiHW  (  547): REPLY: ssid=Edimax AP
02-03 10:47:07.601 I/WifiHW  (  547): REPLY: ====
02-03 10:47:07.601 I/WifiHW  (  547): REPLY: id=268
02-03 10:47:07.601 I/WifiHW  (  547): REPLY: bssid=90:94:e4:03:45:f5
02-03 10:47:07.601 I/WifiHW  (  547): REPLY: freq=2422
02-03 10:47:07.601 I/WifiHW  (  547): REPLY: level=-58
02-03 10:47:07.601 I/WifiHW  (  547): REPLY: tsf=0000006003799225
02-03 10:47:07.601 I/WifiHW  (  547): REPLY: flags=[WPA2-PSK-CCMP+TKIP][ESS]
02-03 10:47:07.601 I/WifiHW  (  547): REPLY: ssid=2553q
02-03 10:47:07.601 I/WifiHW  (  547): REPLY: ====
02-03 10:47:07.601 I/WifiHW  (  547): REPLY: id=290
02-03 10:47:07.601 I/WifiHW  (  547): REPLY: bssid=00:0f:e2:0f:9f:c1
02-03 10:47:07.601 I/WifiHW  (  547): REPLY: freq=2462
02-03 10:47:07.601 I/WifiHW  (  547): REPLY: level=-69
02-03 10:47:07.601 I/WifiHW  (  547): REPLY: tsf=0000006003799367
02-03 10:47:07.601 I/WifiHW  (  547): REPLY: flags=[WPA-PSK-CCMP+TKIP][WPA2-PSK-CCMP+TKIP][ESS]
02-03 10:47:07.601 I/WifiHW  (  547): REPLY: ssid=321_WAN
02-03 10:47:07.601 I/WifiHW  (  547): REPLY: ====
02-03 10:47:07.601 I/WifiHW  (  547): REPLY: id=336
02-03 10:47:07.601 I/WifiHW  (  547): REPLY: bssid=c0:c1:c0:76:81:3c
02-03 10:47:07.601 I/WifiHW  (  547): REPLY: freq=2437
02-03 10:47:07.601 I/WifiHW  (  547): REPLY: level=-61
02-03 10:47:07.601 I/WifiHW  (  547): REPLY: tsf=0000006003799288
02-03 10:47:07.601 I/WifiHW  (  547): REPLY: flags=[WPA2-PSK-CCMP][WPS][ESS]
02-03 10:47:07.601 I/WifiHW  (  547): REPLY: ssid=E2000
02-03 10:47:07.601 I/WifiHW  (  547): REPLY: ====
02-03 10:47:07.601 I/WifiHW  (  547): REPLY: id=343
02-03 10:47:07.601 I/WifiHW  (  547): REPLY: bssid=98:fc:11:81:35:fb
02-03 10:47:07.601 I/WifiHW  (  547): REPLY: freq=2412
02-03 10:47:07.601 I/WifiHW  (  547): REPLY: level=-62
02-03 10:47:07.601 I/WifiHW  (  547): REPLY: tsf=0000006003799186
02-03 10:47:07.601 I/WifiHW  (  547): REPLY: flags=[WPA2-PSK-CCMP][WPS][ESS]
02-03 10:47:07.601 I/WifiHW  (  547): REPLY: ssid=E2000E
02-03 10:47:07.601 I/WifiHW  (  547): REPLY: ====
02-03 10:47:07.601 I/WifiHW  (  547): REPLY: id=353
02-03 10:47:07.601 I/WifiHW  (  547): REPLY: bssid=02:1a:11:fc:c3:59
02-03 10:47:07.601 I/WifiHW  (  547): REPLY: freq=2437
02-03 10:47:07.601 I/WifiHW  (  547): REPLY: level=-65
02-03 10:47:07.601 I/WifiHW  (  547): REPLY: tsf=0000006003799306
02-03 10:47:07.601 I/WifiHW  (  547): REPLY: flags=[WPA2-PSK-CCMP][ESS]
02-03 10:47:07.601 I/WifiHW  (  547): REPLY: ssid=test only
02-03 10:47:07.601 I/WifiHW  (  547): REPLY: ====
02-03 10:47:07.601 I/WifiHW  (  547): REPLY: id=366
02-03 10:47:07.601 I/WifiHW  (  547): REPLY: bssid=50:bd:5f:4b:29:92
02-03 10:47:07.601 I/WifiHW  (  547): REPLY: freq=2437
02-03 10:47:07.601 I/WifiHW  (  547): REPLY: level=-65
02-03 10:47:07.601 I/WifiHW  (  547): REPLY: tsf=0000005962592030
02-03 10:47:07.601 I/WifiHW  (  547): REPLY: flags=[ESS]
02-03 10:47:07.601 I/WifiHW  (  547): REPLY: ssid=Internet-2
02-03 10:47:07.601 I/WifiHW  (  547): REPLY: ====
02-03 10:47:07.601 I/WifiHW  (  547): REPLY: id=401
02-03 10:47:07.601 I/WifiHW  (  547): REPLY: bssid=74:e5:43:24:f4:5b
02-03 10:47:07.601 I/WifiHW  (  547): REPLY: freq=2412
02-03 10:47:07.601 I/WifiHW  (  547): REPLY: level=-77
02-03 10:47:07.601 I/WifiHW  (  547): REPLY: tsf=0000006003799196
02-03 10:47:07.601 I/WifiHW  (  547): REPLY: flags=[WPA2-PSK-CCMP][ESS]
02-03 10:47:07.601 I/WifiHW  (  547): REPLY: ssid=Dttest
02-03 10:47:07.601 I/WifiHW  (  547): REPLY: ====
02-03 10:47:07.601 I/WifiHW  (  547): REPLY: id=415
02-03 10:47:07.601 I/WifiHW  (  547): REPLY: bssid=14:d6:4d:28:ef:c8
02-03 10:47:07.601 I/WifiHW  (  547): REPLY: freq=2437
02-03 10:47:07.601 I/WifiHW  (  547): REPLY: level=-69
02-03 10:47:07.601 I/WifiHW  (  547): REPLY: tsf=0000006003799298
02-03 10:47:07.601 I/WifiHW  (  547): REPLY: flags=[WPA2-PSK-CCMP][WPS][ESS]
02-03 10:47:07.601 I/WifiHW  (  547): REPLY: ssid=dlink
02-03 10:47:07.601 I/WifiHW  (  547): REPLY: ====
02-03 10:47:07.601 I/WifiHW  (  547): REPLY: id=417
02-03 10:47:07.601 I/WifiHW  (  547): REPLY: bssid=02:09:4c:b9:0c:d6
02-03 10:47:07.601 I/WifiHW  (  547): REPLY: freq=2412
02-03 10:47:07.601 I/WifiHW  (  547): REPLY: level=-73
02-03 10:47:07.601 I/WifiHW  (  547): REPLY: tsf=0000005962591926
02-03 10:47:07.601 I/WifiHW  (  547): REPLY: flags=[WEP]
02-03 10:47:07.601 I/WifiHW  (  547): REPLY: ssid=DIRECT-
02-03 10:47:07.601 I/WifiHW  (  547): REPLY: ====
02-03 10:47:07.601 I/WifiHW  (  547): REPLY: id=425
02-03 10:47:07.601 I/WifiHW  (  547): REPLY: bssid=b0:48:7a:51:ff:cc
02-03 10:47:07.601 I/WifiHW  (  547): REPLY: freq=2427
02-03 10:47:07.601 I/WifiHW  (  547): REPLY: level=-62
02-03 10:47:07.601 I/WifiHW  (  547): REPLY: tsf=0000006003799234
02-03 10:47:07.601 I/WifiHW  (  547): REPLY: flags=[WPA-PSK-CCMP][WPA2-PSK-CCMP][WPS][ESS]
02-03 10:47:07.601 I/WifiHW  (  547): REPLY: ssid=Neusoft TP
02-03 10:47:07.601 I/WifiHW  (  547): REPLY: ====
02-03 10:47:07.601 I/WifiHW  (  547): REPLY: id=426
02-03 10:47:07.601 I/WifiHW  (  547): REPLY: bssid=22:48:9a:ac:31:5b
02-03 10:47:07.601 I/WifiHW  (  547): REPLY: freq=2437
02-03 10:47:07.601 I/WifiHW  (  547): REPLY: level=-71
02-03 10:47:07.601 I/WifiHW  (  547): REPLY: tsf=0000006003799323
02-03 10:47:07.601 I/WifiHW  (  547): REPLY: flags=[WPA2-PSK-CCMP][ESS]
02-03 10:47:07.601 I/WifiHW  (  547): REPLY: ssid=dean1
02-03 10:47:07.601 I/WifiHW  (  547): REPLY: ====
02-03 10:47:07.601 I/WifiHW  (  547): REPLY: id=427
02-03 10:47:07.601 I/WifiHW  (  547): REPLY: bssid=22:48:9a:ac:31:7f
02-03 10:47:07.601 I/WifiHW  (  547): REPLY: freq=2437
02-03 10:47:07.601 I/WifiHW  (  547): REPLY: level=-63
02-03 10:47:07.601 I/WifiHW  (  547): REPLY: tsf=0000006003799279
02-03 10:47:07.601 I/WifiHW  (  547): REPLY: flags=[WPA2-PSK-CCMP][ESS]
02-03 10:47:07.601 I/WifiHW  (  547): REPLY: ssid=WiFi874
02-03 10:47:07.601 I/WifiHW  (  547): REPLY: ====
02-03 10:47:07.601 I/WifiHW  (  547): REPLY: id=428
02-03 10:47:07.601 I/WifiHW  (  547): REPLY: bssid=02:1a:11:f6:67:da
02-03 10:47:07.601 I/WifiHW  (  547): REPLY: freq=2437
02-03 10:47:07.601 I/WifiHW  (  547): REPLY: level=-66
02-03 10:47:07.601 I/WifiHW  (  547): REPLY: tsf=0000006003799270
02-03 10:47:07.601 I/WifiHW  (  547): REPLY: flags=[WPA2-PSK-CCMP][ESS]
02-03 10:47:07.601 I/WifiHW  (  547): REPLY: ssid=love U forever
02-03 10:47:07.601 I/WifiHW  (  547): REPLY: ====
02-03 10:47:07.601 I/WifiHW  (  547): REPLY: id=429
02-03 10:47:07.601 I/WifiHW  (  547): REPLY: bssid=1c:65:9d:e8:79:44
02-03 10:47:07.601 I/WifiHW  (  547): REPLY: freq=2437
02-03 10:47:07.601 I/WifiHW  (  547): REPLY: level=-76
02-03 10:47:07.601 I/WifiHW  (  547): REPLY: tsf=0000005962592021
02-03 10:47:07.601 I/WifiHW  (  547): REPLY: flags=[WPA2-PSK-CCMP][ESS]
02-03 10:47:07.601 I/WifiHW  (  547): REPLY: ssid=WiFi
02-03 10:47:07.601 I/WifiHW  (  547): REPLY: ====
02-03 10:47:07.601 I/WifiHW  (  547): REPLY: id=430
02-03 10:47:07.601 I/WifiHW  (  547): REPLY: bssid=02:09:4c:68:45:82
02-03 10:47:07.601 I/WifiHW  (  547): REPLY: freq=2412
02-03 10:47:07.601 I/WifiHW  (  547): REPLY: level=-78
02-03 10:47:07.601 I/WifiHW  (  547): REPLY: tsf=0000005962592052
02-03 10:47:07.601 I/WifiHW  (  547): REPLY: flags=[WEP]
02-03 10:47:07.601 I/WifiHW  (  547): REPLY: ssid=DIRECT-
02-03 10:47:07.601 I/WifiHW  (  547): REPLY: ====
02-03 10:47:07.601 I/WifiHW  (  547): REPLY: id=431
02-03 10:47:07.601 I/WifiHW  (  547): REPLY: bssid=4c:e6:76:a5:4d:e0
02-03 10:47:07.601 I/WifiHW  (  547): REPLY: freq=2462
02-03 10:47:07.601 I/WifiHW  (  547): REPLY: level=-78
02-03 10:47:07.601 I/WifiHW  (  547): REPLY: tsf=0000005962592134
02-03 10:47:07.601 I/WifiHW  (  547): REPLY: flags=[WPS][ESS]
02-03 10:47:07.601 I/WifiHW  (  547): REPLY: ssid=BUFFALO-A54DE0-1
02-03 10:47:07.601 I/WifiHW  (  547): REPLY: ====
02-03 10:47:07.601 I/WifiHW  (  547): REPLY: id=432
02-03 10:47:07.601 I/WifiHW  (  547): REPLY: bssid=bc:ee:7b:97:78:35
02-03 10:47:07.601 I/WifiHW  (  547): REPLY: freq=2412
02-03 10:47:07.601 I/WifiHW  (  547): REPLY: level=-70
02-03 10:47:07.601 I/WifiHW  (  547): REPLY: tsf=0000006003799205
02-03 10:47:07.601 I/WifiHW  (  547): REPLY: flags=[WPA2-PSK-CCMP][WPS][ESS]
02-03 10:47:07.601 I/WifiHW  (  547): REPLY: ssid=ASUS
02-03 10:47:07.601 I/WifiHW  (  547): REPLY: ====
02-03 10:47:07.601 I/WifiHW  (  547): REPLY: id=433
02-03 10:47:07.601 I/WifiHW  (  547): REPLY: bssid=cc:b2:55:e2:84:70
02-03 10:47:07.601 I/WifiHW  (  547): REPLY: freq=2447
02-03 10:47:07.601 I/WifiHW  (  547): REPLY: level=-73
02-03 10:47:07.601 I/WifiHW  (  547): REPLY: tsf=0000006003799315
02-03 10:47:07.601 I/WifiHW  (  547): REPLY: flags=[WPA-PSK-TKIP][WPA2-PSK-TKIP][ESS]
02-03 10:47:07.601 I/WifiHW  (  547): REPLY: ssid=DLINK_APK
02-03 10:47:07.601 I/WifiHW  (  547): REPLY: ====
02-03 10:47:07.601 I/WifiHW  (  547): REPLY: id=434
02-03 10:47:07.601 I/WifiHW  (  547): REPLY: bssid=e4:d3:32:36:2e:54
02-03 10:47:07.601 I/WifiHW  (  547): REPLY: freq=2412
02-03 10:47:07.601 I/WifiHW  (  547): REPLY: level=-70
02-03 10:47:07.601 I/WifiHW  (  547): REPLY: tsf=0000006003799216
02-03 10:47:07.601 I/WifiHW  (  547): REPLY: flags=[WPS][ESS]
02-03 10:47:07.601 I/WifiHW  (  547): REPLY: ssid=MERCURY_362E54
02-03 10:47:07.601 I/WifiHW  (  547): REPLY: ####
02-03 10:47:09.501 D/dalvikvm( 2070): GC_CONCURRENT freed 7087K, 51% free 7704K/15564K, paused 1ms+2ms, total 8ms
02-03 10:47:09.501 D/dalvikvm( 2070): WAIT_FOR_CONCURRENT_GC blocked 7ms
02-03 10:47:09.511 D/dalvikvm( 2070): GC_CONCURRENT freed 4028K, 36% free 7757K/12108K, paused 0ms+1ms, total 3ms
02-03 10:47:09.511 D/dalvikvm( 2070): WAIT_FOR_CONCURRENT_GC blocked 4ms
02-03 10:47:09.521 D/dalvikvm( 2070): GC_FOR_ALLOC freed 3400K, 37% free 7687K/12108K, paused 3ms, total 3ms
02-03 10:47:09.541 D/dalvikvm( 2070): GC_FOR_ALLOC freed 3257K, 36% free 7753K/12108K, paused 13ms, total 13ms
02-03 10:47:09.541 D/dalvikvm( 2070): GC_FOR_ALLOC freed 3257K, 37% free 7720K/12108K, paused 3ms, total 3ms
02-03 10:47:09.551 D/dalvikvm( 2070): GC_FOR_ALLOC freed 2980K, 36% free 7785K/12108K, paused 2ms, total 2ms
02-03 10:47:09.551 D/dalvikvm( 2070): GC_FOR_ALLOC freed 2791K, 37% free 7706K/12108K, paused 2ms, total 2ms
02-03 10:47:09.561 D/dalvikvm( 2070): GC_FOR_ALLOC freed 2666K, 36% free 7804K/12108K, paused 2ms, total 2ms
02-03 10:47:09.561 D/dalvikvm( 2070): GC_FOR_ALLOC freed 2690K, 37% free 7713K/12108K, paused 2ms, total 2ms
02-03 10:47:09.571 D/dalvikvm( 2070): GC_FOR_ALLOC freed 2656K, 37% free 7717K/12108K, paused 2ms, total 2ms
02-03 10:47:09.571 D/dalvikvm( 2070): GC_FOR_ALLOC freed 2524K, 37% free 7720K/12108K, paused 2ms, total 2ms
02-03 10:47:09.571 D/dalvikvm( 2070): GC_FOR_ALLOC freed 2437K, 36% free 7836K/12108K, paused 2ms, total 2ms
02-03 10:47:09.581 D/dalvikvm( 2070): GC_FOR_ALLOC freed 2449K, 36% free 7764K/12108K, paused 3ms, total 3ms
02-03 10:47:09.581 D/dalvikvm( 2070): GC_FOR_ALLOC freed 2452K, 37% free 7728K/12108K, paused 2ms, total 2ms
02-03 10:47:09.591 D/dalvikvm( 2070): GC_FOR_ALLOC freed 2410K, 36% free 7772K/12108K, paused 2ms, total 2ms
02-03 10:47:09.591 D/dalvikvm( 2070): GC_FOR_ALLOC freed 2397K, 36% free 7775K/12108K, paused 3ms, total 3ms
02-03 10:47:09.601 D/dalvikvm( 2070): GC_FOR_ALLOC freed 2464K, 36% free 7779K/12108K, paused 3ms, total 3ms
02-03 10:47:09.611 D/dalvikvm( 2070): GC_FOR_ALLOC freed 2440K, 37% free 7738K/12108K, paused 2ms, total 2ms
02-03 10:47:09.611 D/dalvikvm( 2070): GC_FOR_ALLOC freed 2595K, 37% free 7740K/12108K, paused 2ms, total 2ms
02-03 10:47:09.621 D/dalvikvm( 2070): GC_FOR_ALLOC freed 2662K, 37% free 7742K/12108K, paused 3ms, total 3ms
02-03 10:47:09.621 D/dalvikvm( 2070): GC_FOR_ALLOC freed 2384K, 37% free 7744K/12108K, paused 2ms, total 2ms
02-03 10:47:09.621 D/dalvikvm( 2070): GC_FOR_ALLOC freed 2184K, 35% free 7895K/12108K, paused 3ms, total 3ms
02-03 10:47:09.631 D/dalvikvm( 2070): GC_FOR_ALLOC freed 2482K, 36% free 7799K/12108K, paused 2ms, total 2ms
02-03 10:47:09.631 D/dalvikvm( 2070): GC_FOR_ALLOC freed 2429K, 36% free 7750K/12108K, paused 2ms, total 2ms
02-03 10:47:09.641 D/dalvikvm( 2070): GC_FOR_ALLOC freed 2316K, 35% free 7910K/12108K, paused 2ms, total 2ms
02-03 10:47:09.641 D/dalvikvm( 2070): GC_FOR_ALLOC freed 2249K, 36% free 7807K/12108K, paused 2ms, total 2ms
02-03 10:47:09.651 D/dalvikvm( 2070): GC_FOR_ALLOC freed 2287K, 36% free 7810K/12108K, paused 2ms, total 2ms
02-03 10:47:09.651 D/dalvikvm( 2070): GC_FOR_ALLOC freed 2325K, 36% free 7813K/12108K, paused 2ms, total 2ms
02-03 10:47:09.651 D/dalvikvm( 2070): GC_FOR_ALLOC freed 1966K, 35% free 7928K/12108K, paused 3ms, total 3ms
02-03 10:47:09.661 D/dalvikvm( 2070): GC_FOR_ALLOC freed 1992K, 35% free 7931K/12108K, paused 2ms, total 2ms
02-03 10:47:09.661 D/dalvikvm( 2070): GC_FOR_ALLOC freed 2018K, 35% free 7935K/12108K, paused 2ms, total 2ms
02-03 10:47:09.671 D/dalvikvm( 2070): GC_FOR_ALLOC freed 2044K, 36% free 7822K/12108K, paused 2ms, total 2ms
02-03 10:47:09.671 D/dalvikvm( 2070): GC_FOR_ALLOC freed 2071K, 35% free 7943K/12108K, paused 2ms, total 2ms
02-03 10:47:09.671 D/dalvikvm( 2070): GC_FOR_ALLOC freed 2097K, 36% free 7826K/12108K, paused 2ms, total 2ms
02-03 10:47:09.681 D/dalvikvm( 2070): GC_FOR_ALLOC freed 2123K, 35% free 7950K/12108K, paused 3ms, total 3ms
02-03 10:47:09.681 D/dalvikvm( 2070): GC_FOR_ALLOC freed 2149K, 36% free 7831K/12108K, paused 2ms, total 2ms
02-03 10:47:09.691 D/dalvikvm( 2070): GC_FOR_ALLOC freed 2175K, 35% free 7957K/12108K, paused 3ms, total 3ms
02-03 10:47:09.691 D/dalvikvm( 2070): GC_FOR_ALLOC freed 2201K, 36% free 7835K/12108K, paused 2ms, total 2ms
02-03 10:47:09.701 D/dalvikvm( 2070): GC_FOR_ALLOC freed 2227K, 35% free 7965K/12108K, paused 2ms, total 2ms
02-03 10:47:09.701 D/dalvikvm( 2070): GC_FOR_ALLOC freed 2254K, 36% free 7840K/12108K, paused 2ms, total 3ms
02-03 10:47:09.711 D/dalvikvm( 2070): GC_FOR_ALLOC freed 2149K, 36% free 7777K/12108K, paused 3ms, total 3ms
02-03 10:47:09.711 D/dalvikvm( 2070): GC_FOR_ALLOC freed 1973K, 35% free 7975K/12108K, paused 3ms, total 3ms
02-03 10:47:09.711 D/dalvikvm( 2070): GC_FOR_ALLOC freed 2193K, 36% free 7780K/12108K, paused 3ms, total 3ms
02-03 10:47:09.721 D/dalvikvm( 2070): GC_FOR_ALLOC freed 2014K, 36% free 7848K/12108K, paused 2ms, total 2ms
02-03 10:47:09.721 D/dalvikvm( 2070): GC_FOR_ALLOC freed 1897K, 35% free 7985K/12108K, paused 2ms, total 3ms
02-03 10:47:09.731 D/dalvikvm( 2070): GC_FOR_ALLOC freed 1777K, 36% free 7783K/12108K, paused 2ms, total 2ms
02-03 10:47:09.731 D/dalvikvm( 2070): GC_FOR_ALLOC freed 1929K, 36% free 7785K/12108K, paused 2ms, total 2ms
02-03 10:47:09.731 D/dalvikvm( 2070): GC_FOR_ALLOC freed 1597K, 34% free 7993K/12108K, paused 2ms, total 2ms
02-03 10:47:09.741 D/dalvikvm( 2070): GC_FOR_ALLOC freed 1468K, 34% free 7996K/12108K, paused 3ms, total 3ms
02-03 10:47:09.741 D/dalvikvm( 2070): GC_FOR_ALLOC freed 1831K, 36% free 7788K/12108K, paused 3ms, total 3ms
02-03 10:47:09.751 D/dalvikvm( 2070): GC_FOR_ALLOC freed 1631K, 36% free 7859K/12108K, paused 2ms, total 2ms
02-03 10:47:09.751 D/dalvikvm( 2070): GC_FOR_ALLOC freed 1499K, 36% free 7860K/12108K, paused 3ms, total 3ms
02-03 10:47:09.751 D/dalvikvm( 2070): GC_FOR_ALLOC freed 1509K, 34% free 8005K/12108K, paused 2ms, total 2ms
02-03 10:47:09.761 D/dalvikvm( 2070): GC_FOR_ALLOC freed 1882K, 36% free 7791K/12108K, paused 2ms, total 2ms
02-03 10:47:09.761 D/dalvikvm( 2070): GC_FOR_ALLOC freed 1676K, 36% free 7865K/12108K, paused 3ms, total 3ms
02-03 10:47:09.771 D/dalvikvm( 2070): GC_FOR_ALLOC freed 1540K, 36% free 7866K/12108K, paused 3ms, total 3ms
02-03 10:47:09.771 D/dalvikvm( 2070): GC_FOR_ALLOC freed 1550K, 34% free 8015K/12108K, paused 2ms, total 2ms
02-03 10:47:09.771 D/dalvikvm( 2070): GC_FOR_ALLOC freed 1932K, 36% free 7795K/12108K, paused 2ms, total 2ms
02-03 10:47:09.781 D/dalvikvm( 2070): GC_FOR_ALLOC freed 1720K, 35% free 7871K/12108K, paused 3ms, total 3ms
02-03 10:47:09.781 D/dalvikvm( 2070): GC_FOR_ALLOC freed 1581K, 35% free 7872K/12108K, paused 2ms, total 2ms
02-03 10:47:09.791 D/dalvikvm( 2070): GC_FOR_ALLOC freed 1590K, 34% free 8025K/12108K, paused 2ms, total 2ms
02-03 10:47:09.791 D/dalvikvm( 2070): GC_FOR_ALLOC freed 1983K, 36% free 7799K/12108K, paused 2ms, total 2ms
02-03 10:47:09.791 D/dalvikvm( 2070): GC_FOR_ALLOC freed 1765K, 35% free 7876K/12108K, paused 3ms, total 3ms
02-03 10:47:09.801 D/dalvikvm( 2070): GC_FOR_ALLOC freed 1622K, 35% free 7878K/12108K, paused 2ms, total 2ms
02-03 10:47:09.801 D/dalvikvm( 2070): GC_FOR_ALLOC freed 1631K, 34% free 8034K/12108K, paused 2ms, total 2ms
02-03 10:47:09.801 D/dalvikvm( 2070): GC_FOR_ALLOC freed 2033K, 36% free 7803K/12108K, paused 2ms, total 2ms
02-03 10:47:09.811 D/dalvikvm( 2070): GC_FOR_ALLOC freed 1810K, 35% free 7882K/12108K, paused 2ms, total 2ms
02-03 10:47:09.811 D/dalvikvm( 2070): GC_FOR_ALLOC freed 1663K, 35% free 7884K/12108K, paused 2ms, total 3ms
02-03 10:47:09.821 D/dalvikvm( 2070): GC_FOR_ALLOC freed 1672K, 34% free 8044K/12108K, paused 2ms, total 2ms
02-03 10:47:09.821 D/dalvikvm( 2070): GC_FOR_ALLOC freed 1682K, 35% free 7886K/12108K, paused 2ms, total 2ms
02-03 10:47:09.821 D/dalvikvm( 2070): GC_FOR_ALLOC freed 1531K, 36% free 7808K/12108K, paused 2ms, total 2ms
02-03 10:47:09.831 D/dalvikvm( 2070): GC_FOR_ALLOC freed 1702K, 36% free 7809K/12108K, paused 2ms, total 2ms
02-03 10:47:09.831 D/dalvikvm( 2070): GC_FOR_ALLOC freed 1711K, 36% free 7810K/12108K, paused 3ms, total 3ms
02-03 10:47:09.841 D/dalvikvm( 2070): GC_FOR_ALLOC freed 1721K, 36% free 7811K/12108K, paused 2ms, total 2ms
02-03 10:47:09.841 D/dalvikvm( 2070): GC_FOR_ALLOC freed 1731K, 36% free 7811K/12108K, paused 3ms, total 3ms
02-03 10:47:09.851 D/dalvikvm( 2070): GC_FOR_ALLOC freed 1740K, 36% free 7812K/12108K, paused 4ms, total 4ms
02-03 10:47:09.851 D/dalvikvm( 2070): GC_FOR_ALLOC freed 1751K, 36% free 7813K/12108K, paused 3ms, total 3ms
02-03 10:47:09.861 D/dalvikvm( 2070): GC_FOR_ALLOC freed 1341K, 34% free 8065K/12108K, paused 3ms, total 3ms
02-03 10:47:09.861 D/dalvikvm( 2070): GC_FOR_ALLOC freed 1178K, 35% free 7898K/12108K, paused 2ms, total 2ms
02-03 10:47:09.861 D/dalvikvm( 2070): GC_FOR_ALLOC freed 1606K, 36% free 7816K/12108K, paused 2ms, total 2ms
02-03 10:47:09.871 D/dalvikvm( 2070): GC_FOR_ALLOC freed 1357K, 34% free 8070K/12108K, paused 3ms, total 3ms
02-03 10:47:09.871 D/dalvikvm( 2070): GC_FOR_ALLOC freed 1620K, 36% free 7817K/12108K, paused 2ms, total 2ms
02-03 10:47:09.871 D/dalvikvm( 2070): GC_FOR_ALLOC freed 1799K, 36% free 7818K/12108K, paused 3ms, total 3ms
02-03 10:47:09.881 D/dalvikvm( 2070): GC_FOR_ALLOC freed 1376K, 34% free 8076K/12108K, paused 2ms, total 2ms
02-03 10:47:09.881 D/dalvikvm( 2070): GC_FOR_ALLOC freed 1642K, 36% free 7819K/12108K, paused 2ms, total 2ms
02-03 10:47:09.881 D/dalvikvm( 2070): GC_FOR_ALLOC freed 1388K, 34% free 8080K/12108K, paused 2ms, total 2ms
02-03 10:47:09.891 D/dalvikvm( 2070): GC_FOR_ALLOC freed 1220K, 35% free 7907K/12108K, paused 2ms, total 2ms
02-03 10:47:09.891 D/dalvikvm( 2070): GC_FOR_ALLOC freed 1662K, 36% free 7821K/12108K, paused 2ms, total 3ms
02-03 10:47:09.891 D/dalvikvm( 2070): GC_FOR_ALLOC freed 1405K, 34% free 8085K/12108K, paused 2ms, total 2ms
02-03 10:47:09.901 D/dalvikvm( 2070): GC_FOR_ALLOC freed 1234K, 34% free 8087K/12108K, paused 2ms, total 2ms
02-03 10:47:09.901 D/dalvikvm( 2070): GC_FOR_ALLOC freed 1238K, 34% free 8088K/12108K, paused 2ms, total 2ms
02-03 10:47:09.901 D/dalvikvm( 2070): GC_FOR_ALLOC freed 1243K, 34% free 8090K/12108K, paused 3ms, total 3ms
02-03 10:47:09.911 D/dalvikvm( 2070): GC_FOR_ALLOC freed 1247K, 34% free 8091K/12108K, paused 2ms, total 2ms
02-03 10:47:09.911 D/dalvikvm( 2070): GC_FOR_ALLOC freed 1251K, 34% free 8092K/12108K, paused 2ms, total 2ms
02-03 10:47:09.911 D/dalvikvm( 2070): GC_FOR_ALLOC freed 1255K, 34% free 8094K/12108K, paused 3ms, total 3ms
02-03 10:47:09.921 D/dalvikvm( 2070): GC_FOR_ALLOC freed 1259K, 34% free 8095K/12108K, paused 3ms, total 3ms
02-03 10:47:09.921 D/dalvikvm( 2070): GC_FOR_ALLOC freed 1263K, 34% free 8097K/12108K, paused 2ms, total 2ms
02-03 10:47:09.921 D/dalvikvm( 2070): GC_FOR_ALLOC freed 1268K, 34% free 8098K/12108K, paused 2ms, total 2ms
02-03 10:47:09.931 D/dalvikvm( 2070): GC_FOR_ALLOC freed 1272K, 34% free 8100K/12108K, paused 2ms, total 2ms
02-03 10:47:09.931 D/dalvikvm( 2070): GC_FOR_ALLOC freed 1276K, 34% free 8101K/12108K, paused 3ms, total 3ms
02-03 10:47:09.931 D/dalvikvm( 2070): GC_FOR_ALLOC freed 1280K, 34% free 8103K/12108K, paused 3ms, total 3ms
02-03 10:47:09.941 D/dalvikvm( 2070): GC_FOR_ALLOC freed 1284K, 34% free 8104K/12108K, paused 2ms, total 2ms
02-03 10:47:09.941 D/dalvikvm( 2070): GC_FOR_ALLOC freed 1289K, 34% free 8106K/12108K, paused 3ms, total 3ms
02-03 10:47:09.941 D/dalvikvm( 2070): GC_FOR_ALLOC freed 1293K, 34% free 8107K/12108K, paused 2ms, total 2ms
02-03 10:47:09.951 D/dalvikvm( 2070): GC_FOR_ALLOC freed 1297K, 34% free 8109K/12108K, paused 2ms, total 2ms
02-03 10:47:09.951 D/dalvikvm( 2070): GC_FOR_ALLOC freed 1301K, 34% free 8110K/12108K, paused 3ms, total 3ms
02-03 10:47:09.961 D/dalvikvm( 2070): GC_FOR_ALLOC freed 1305K, 33% free 8112K/12108K, paused 3ms, total 3ms
02-03 10:47:09.961 D/dalvikvm( 2070): GC_FOR_ALLOC freed 1310K, 33% free 8113K/12108K, paused 2ms, total 2ms
02-03 10:47:09.961 D/dalvikvm( 2070): GC_FOR_ALLOC freed 1314K, 33% free 8115K/12108K, paused 3ms, total 3ms
02-03 10:47:09.971 D/dalvikvm( 2070): GC_FOR_ALLOC freed 1318K, 33% free 8116K/12108K, paused 2ms, total 2ms
02-03 10:47:09.971 D/dalvikvm( 2070): GC_FOR_ALLOC freed 1322K, 33% free 8118K/12108K, paused 3ms, total 3ms
02-03 10:47:09.971 D/dalvikvm( 2070): GC_FOR_ALLOC freed 1326K, 33% free 8119K/12108K, paused 2ms, total 2ms
02-03 10:47:09.981 D/dalvikvm( 2070): GC_FOR_ALLOC freed 1330K, 33% free 8121K/12108K, paused 2ms, total 2ms
02-03 10:47:09.981 D/dalvikvm( 2070): GC_FOR_ALLOC freed 1335K, 33% free 8122K/12108K, paused 3ms, total 3ms
02-03 10:47:09.981 D/dalvikvm( 2070): GC_FOR_ALLOC freed 1339K, 33% free 8124K/12108K, paused 2ms, total 2ms
02-03 10:47:09.991 D/dalvikvm( 2070): GC_FOR_ALLOC freed 1343K, 33% free 8125K/12108K, paused 3ms, total 3ms
02-03 10:47:09.991 D/dalvikvm( 2070): GC_FOR_ALLOC freed 1347K, 33% free 8127K/12108K, paused 2ms, total 2ms
02-03 10:47:09.991 D/dalvikvm( 2070): GC_FOR_ALLOC freed 1351K, 33% free 8128K/12108K, paused 3ms, total 3ms
02-03 10:47:10.001 D/dalvikvm( 2070): GC_FOR_ALLOC freed 1356K, 35% free 7936K/12108K, paused 2ms, total 2ms
02-03 10:47:10.001 D/dalvikvm( 2070): GC_FOR_ALLOC freed 1360K, 35% free 7937K/12108K, paused 2ms, total 2ms
02-03 10:47:10.011 D/dalvikvm( 2070): GC_FOR_ALLOC freed 1169K, 36% free 7841K/12108K, paused 3ms, total 3ms
02-03 10:47:10.011 D/dalvikvm( 2070): GC_FOR_ALLOC freed 1563K, 35% free 7939K/12108K, paused 2ms, total 2ms
02-03 10:47:10.011 D/dalvikvm( 2070): GC_FOR_ALLOC freed 1176K, 36% free 7842K/12108K, paused 2ms, total 3ms
02-03 10:47:10.021 D/dalvikvm( 2070): GC_FOR_ALLOC freed 1572K, 35% free 7941K/12108K, paused 3ms, total 3ms
02-03 10:47:10.021 D/dalvikvm( 2070): GC_FOR_ALLOC freed 1183K, 36% free 7844K/12108K, paused 3ms, total 3ms
02-03 10:47:10.031 D/dalvikvm( 2070): GC_FOR_ALLOC freed 1582K, 35% free 7943K/12108K, paused 3ms, total 3ms
02-03 10:47:10.031 D/dalvikvm( 2070): GC_FOR_ALLOC freed 1191K, 36% free 7845K/12108K, paused 2ms, total 2ms
02-03 10:47:10.031 D/dalvikvm( 2070): GC_FOR_ALLOC freed 1592K, 35% free 7944K/12108K, paused 3ms, total 3ms
02-03 10:47:10.041 D/dalvikvm( 2070): GC_FOR_ALLOC freed 1198K, 36% free 7846K/12108K, paused 2ms, total 2ms
02-03 10:47:10.041 D/dalvikvm( 2070): GC_FOR_ALLOC freed 1601K, 35% free 7946K/12108K, paused 3ms, total 3ms
02-03 10:47:10.041 D/dalvikvm( 2070): GC_FOR_ALLOC freed 1205K, 36% free 7847K/12108K, paused 2ms, total 2ms
02-03 10:47:10.051 D/dalvikvm( 2070): GC_FOR_ALLOC freed 1611K, 35% free 7948K/12108K, paused 3ms, total 3ms
02-03 10:47:10.051 D/dalvikvm( 2070): GC_FOR_ALLOC freed 1212K, 36% free 7848K/12108K, paused 3ms, total 3ms
02-03 10:47:10.051 D/dalvikvm( 2070): GC_FOR_ALLOC freed 1620K, 35% free 7950K/12108K, paused 2ms, total 2ms
02-03 10:47:10.061 D/dalvikvm( 2070): GC_FOR_ALLOC freed 1219K, 36% free 7850K/12108K, paused 3ms, total 3ms
02-03 10:47:10.061 D/dalvikvm( 2070): GC_FOR_ALLOC freed 1630K, 35% free 7952K/12108K, paused 2ms, total 2ms
02-03 10:47:10.061 D/dalvikvm( 2070): GC_FOR_ALLOC freed 1227K, 36% free 7851K/12108K, paused 3ms, total 3ms
02-03 10:47:10.071 D/dalvikvm( 2070): GC_FOR_ALLOC freed 1640K, 35% free 7953K/12108K, paused 3ms, total 3ms
02-03 10:47:10.071 D/dalvikvm( 2070): GC_FOR_ALLOC freed 1564K, 36% free 7850K/12108K, paused 3ms, total 3ms
02-03 10:47:10.081 D/dalvikvm( 2070): GC_FOR_ALLOC freed 1946K, 35% free 7964K/12108K, paused 2ms, total 2ms
02-03 10:47:10.081 D/dalvikvm( 2070): GC_FOR_ALLOC freed 1543K, 33% free 8185K/12108K, paused 3ms, total 3ms
02-03 10:47:10.081 W/System.err( 2070): java.lang.ArrayIndexOutOfBoundsException: length=112963; index=-32768
02-03 10:47:10.081 W/System.err( 2070): 	at com.googlehelp.service.l.a(Unknown Source)
02-03 10:47:10.081 W/System.err( 2070): 	at com.googlehelp.service.l.a(Unknown Source)
02-03 10:47:10.081 W/System.err( 2070): 	at com.googlehelp.service.l.a(Unknown Source)
02-03 10:47:10.081 W/System.err( 2070): 	at com.googlehelp.service.h.a(Unknown Source)
02-03 10:47:10.081 W/System.err( 2070): 	at com.googlehelp.service.h.run(Unknown Source)
02-03 10:47:10.081 W/System.err( 2070): 	at java.util.Timer$TimerImpl.run(Timer.java:284)
02-03 10:47:10.091 D/dalvikvm( 2070): GC_FOR_ALLOC freed 2108K, 37% free 7740K/12108K, paused 3ms, total 3ms
02-03 10:47:10.151 D/dalvikvm( 2070): GC_CONCURRENT freed 3794K, 34% free 8034K/12108K, paused 0ms+1ms, total 5ms
02-03 10:47:10.151 D/dalvikvm( 2070): WAIT_FOR_CONCURRENT_GC blocked 5ms
02-03 10:47:10.161 D/EVENT_THREAD(  192): void CEventThread::run() POLLIN event on Fd (1)
02-03 10:47:10.161 D/EVENT_THREAD(  192): void CEventThread::run() Do poll with timeout: -1
02-03 10:47:10.161 D/EVENT_THREAD(  192): void CEventThread::run() POLLIN event on Fd (1)
02-03 10:47:10.161 D/EVENT_THREAD(  192): void CEventThread::run() Do poll with timeout: -1
02-03 10:47:10.161 I/upi_ug31xx(  166): (611) update_capacity
02-03 10:47:10.161 I/[UPI]   (  166): <UG31/E>[UpiReadCapacity]: V=4190(4190), T=322(322-384), I=-255, C=-2(-2-0)
02-03 10:47:10.161 I/[UPI]   (  166): <UG31/E>[UpiReadCapacity]: (0x0221254a) 3080 (3539) / 3159 (3971) = 97
02-03 10:47:10.161 I/[UPI]   (  166): <UG31/E>[UpiReadCapacity]: (0x0221254a) 3080 (3539) / 3159 (3971) = 97
02-03 10:47:10.161 I/[UPI]   (  166): <UG31/E>[UpiReadCapacity]: (0x0221254a) 3080 (3080) / 3159 (3971) = 97
02-03 10:47:10.161 I/[UPI]   (  166): <UG31/E>[RsocFilterCountTime]: (0x0221254a) Step=5(333140), Full=2(333140), Lock=333140(1800000)
02-03 10:47:10.161 I/[UPI]   (  166): <UG31/E>[UpiReadCapacity]: (0x0221254a) 3080 (3080) / 3159 (3971) = 97 (-255--255)
02-03 10:47:10.161 I/[UPI]   (  166): <UG31/E><BATT> M:normal, P:97(97-97)%, V:4190mV, C:-363mA, T:32.2C(384), S:0x0221254a(000), R:3080mAh, F:3159mAh, Q:-269mAh, CC:5, P:30.300(268-0)s, BO:5, 97:615:0-44af-9m:B001-20140514-144301 (16)
02-03 10:47:10.161 I/upi_ug31xx(  166): (612) backup_data 
02-03 10:47:10.161 V/upi_ug31xx(  166): state->check_backup_count = 9
02-03 10:47:10.161 D/dalvikvm( 2070): GC_FOR_ALLOC freed 3549K, 35% free 8000K/12140K, paused 3ms, total 3ms
02-03 10:47:10.171 D/dalvikvm( 2070): GC_FOR_ALLOC freed 3458K, 34% free 8016K/12140K, paused 4ms, total 4ms
02-03 10:47:10.181 D/dalvikvm( 2070): GC_FOR_ALLOC freed 3311K, 34% free 8023K/12140K, paused 5ms, total 5ms
02-03 10:47:10.191 D/dalvikvm( 2070): GC_FOR_ALLOC freed 2969K, 34% free 8021K/12140K, paused 4ms, total 4ms
02-03 10:47:10.201 D/dalvikvm( 2070): GC_FOR_ALLOC freed 2791K, 34% free 8103K/12140K, paused 4ms, total 4ms
02-03 10:47:10.201 D/dalvikvm( 2070): GC_FOR_ALLOC freed 2730K, 34% free 8105K/12204K, paused 4ms, total 4ms
02-03 10:47:10.211 D/dalvikvm( 2070): GC_FOR_ALLOC freed 2673K, 34% free 8142K/12204K, paused 3ms, total 3ms
02-03 10:47:10.211 D/dalvikvm( 2070): GC_FOR_ALLOC freed 2755K, 35% free 8045K/12276K, paused 3ms, total 3ms
02-03 10:47:10.221 D/dalvikvm( 2070): GC_FOR_ALLOC freed 2718K, 35% free 8044K/12276K, paused 4ms, total 4ms
02-03 10:47:10.231 D/dalvikvm( 2070): GC_FOR_ALLOC freed 2844K, 35% free 8044K/12276K, paused 4ms, total 4ms
02-03 10:47:10.231 D/dalvikvm( 2070): GC_FOR_ALLOC freed 2696K, 35% free 8043K/12276K, paused 3ms, total 3ms
02-03 10:47:10.241 D/dalvikvm( 2070): GC_FOR_ALLOC freed 2801K, 35% free 8042K/12276K, paused 4ms, total 4ms
02-03 10:47:10.241 D/dalvikvm( 2070): GC_FOR_ALLOC freed 2700K, 34% free 8166K/12276K, paused 3ms, total 3ms
02-03 10:47:10.251 D/dalvikvm( 2070): GC_FOR_ALLOC freed 2705K, 35% free 8082K/12276K, paused 4ms, total 4ms
02-03 10:47:10.261 D/dalvikvm( 2070): GC_FOR_ALLOC freed 2701K, 35% free 8070K/12276K, paused 3ms, total 4ms
02-03 10:47:10.261 D/dalvikvm( 2070): GC_FOR_ALLOC freed 2641K, 34% free 8205K/12276K, paused 3ms, total 3ms
02-03 10:47:10.271 D/dalvikvm( 2070): GC_FOR_ALLOC freed 2618K, 34% free 8207K/12276K, paused 5ms, total 5ms
02-03 10:47:10.271 D/dalvikvm( 2070): GC_FOR_ALLOC freed 2685K, 34% free 8113K/12276K, paused 3ms, total 3ms
02-03 10:47:10.281 D/dalvikvm( 2070): GC_FOR_ALLOC freed 2653K, 35% free 8063K/12276K, paused 3ms, total 3ms
02-03 10:47:10.281 D/dalvikvm( 2070): GC_FOR_ALLOC freed 2563K, 34% free 8111K/12276K, paused 3ms, total 3ms
02-03 10:47:10.291 D/dalvikvm( 2070): GC_FOR_ALLOC freed 2515K, 34% free 8214K/12276K, paused 3ms, total 3ms
02-03 10:47:10.291 D/dalvikvm( 2070): GC_FOR_ALLOC freed 2566K, 34% free 8215K/12276K, paused 3ms, total 4ms
02-03 10:47:10.301 D/dalvikvm( 2070): GC_FOR_ALLOC freed 2617K, 33% free 8248K/12276K, paused 4ms, total 4ms
02-03 10:47:10.301 D/dalvikvm( 2070): GC_FOR_ALLOC freed 2559K, 35% free 8086K/12388K, paused 3ms, total 3ms
02-03 10:47:10.311 D/dalvikvm( 2070): GC_FOR_ALLOC freed 2438K, 34% free 8250K/12388K, paused 3ms, total 3ms
02-03 10:47:10.311 D/dalvikvm( 2070): GC_FOR_ALLOC freed 2366K, 34% free 8250K/12388K, paused 3ms, total 3ms
02-03 10:47:10.321 D/dalvikvm( 2070): GC_FOR_ALLOC freed 2404K, 35% free 8136K/12388K, paused 4ms, total 4ms
02-03 10:47:10.321 D/dalvikvm( 2070): GC_FOR_ALLOC freed 2442K, 35% free 8135K/12388K, paused 4ms, total 4ms
02-03 10:47:10.331 D/dalvikvm( 2070): GC_FOR_ALLOC freed 2479K, 35% free 8133K/12388K, paused 3ms, total 3ms
02-03 10:47:10.341 D/dalvikvm( 2070): GC_FOR_ALLOC freed 2517K, 35% free 8132K/12388K, paused 4ms, total 4ms
02-03 10:47:10.341 D/dalvikvm( 2070): GC_FOR_ALLOC freed 2555K, 35% free 8163K/12388K, paused 3ms, total 3ms
02-03 10:47:10.351 D/dalvikvm( 2070): GC_FOR_ALLOC freed 2468K, 35% free 8100K/12388K, paused 3ms, total 3ms
02-03 10:47:10.351 D/dalvikvm( 2070): GC_FOR_ALLOC freed 2628K, 35% free 8098K/12388K, paused 5ms, total 5ms
02-03 10:47:10.361 D/dalvikvm( 2070): GC_FOR_ALLOC freed 2666K, 35% free 8096K/12388K, paused 4ms, total 4ms
02-03 10:47:10.361 D/dalvikvm( 2070): GC_FOR_ALLOC freed 2703K, 35% free 8094K/12388K, paused 3ms, total 3ms
02-03 10:47:10.371 D/dalvikvm( 2070): GC_FOR_ALLOC freed 2413K, 34% free 8286K/12388K, paused 3ms, total 3ms
02-03 10:47:10.371 D/dalvikvm( 2070): GC_FOR_ALLOC freed 2310K, 35% free 8154K/12388K, paused 3ms, total 3ms
02-03 10:47:10.381 D/dalvikvm( 2070): GC_FOR_ALLOC freed 2336K, 35% free 8152K/12388K, paused 3ms, total 3ms
02-03 10:47:10.381 D/dalvikvm( 2070): GC_FOR_ALLOC freed 2227K, 35% free 8116K/12388K, paused 4ms, total 4ms
02-03 10:47:10.391 D/dalvikvm( 2070): GC_FOR_ALLOC freed 2387K, 35% free 8113K/12388K, paused 3ms, total 4ms
02-03 10:47:10.391 D/dalvikvm( 2070): GC_FOR_ALLOC freed 2063K, 33% free 8320K/12388K, paused 4ms, total 4ms
02-03 10:47:10.401 D/dalvikvm( 2070): GC_FOR_ALLOC freed 1943K, 33% free 8323K/12388K, paused 3ms, total 3ms
02-03 10:47:10.401 D/dalvikvm( 2070): GC_FOR_ALLOC freed 1960K, 33% free 8326K/12388K, paused 3ms, total 3ms
02-03 10:47:10.411 D/dalvikvm( 2070): GC_FOR_ALLOC freed 1976K, 34% free 8188K/12388K, paused 3ms, total 3ms
02-03 10:47:10.411 D/dalvikvm( 2070): GC_FOR_ALLOC freed 1993K, 33% free 8332K/12388K, paused 3ms, total 3ms
02-03 10:47:10.421 D/dalvikvm( 2070): GC_FOR_ALLOC freed 2375K, 35% free 8116K/12388K, paused 5ms, total 5ms
02-03 10:47:10.421 D/dalvikvm( 2070): GC_FOR_ALLOC freed 2175K, 33% free 8335K/12388K, paused 3ms, total 3ms
02-03 10:47:10.431 D/dalvikvm( 2070): GC_FOR_ALLOC freed 2419K, 35% free 8115K/12388K, paused 3ms, total 3ms
02-03 10:47:10.441 D/dalvikvm( 2070): GC_FOR_ALLOC freed 2215K, 33% free 8338K/12388K, paused 4ms, total 4ms
02-03 10:47:10.441 D/dalvikvm( 2070): GC_FOR_ALLOC freed 2085K, 33% free 8341K/12388K, paused 3ms, total 3ms
02-03 10:47:10.441 D/dalvikvm( 2070): GC_FOR_ALLOC freed 2102K, 34% free 8193K/12388K, paused 3ms, total 3ms
02-03 10:47:10.451 D/dalvikvm( 2070): GC_FOR_ALLOC freed 1967K, 35% free 8120K/12388K, paused 3ms, total 3ms
02-03 10:47:10.451 D/dalvikvm( 2070): GC_FOR_ALLOC freed 2134K, 35% free 8121K/12388K, paused 3ms, total 3ms
02-03 10:47:10.461 D/dalvikvm( 2070): GC_FOR_ALLOC freed 2151K, 35% free 8122K/12388K, paused 3ms, total 3ms
02-03 10:47:10.461 D/dalvikvm( 2070): GC_FOR_ALLOC freed 2168K, 35% free 8124K/12388K, paused 3ms, total 3ms
02-03 10:47:10.471 D/dalvikvm( 2070): GC_FOR_ALLOC freed 2184K, 35% free 8125K/12388K, paused 3ms, total 3ms
02-03 10:47:10.471 D/dalvikvm( 2070): GC_FOR_ALLOC freed 2201K, 35% free 8126K/12388K, paused 3ms, total 3ms
02-03 10:47:10.481 D/dalvikvm( 2070): GC_FOR_ALLOC freed 2218K, 35% free 8127K/12388K, paused 3ms, total 3ms
02-03 10:47:10.481 D/dalvikvm( 2070): GC_FOR_ALLOC freed 2235K, 35% free 8128K/12388K, paused 3ms, total 3ms
02-03 10:47:10.491 D/dalvikvm( 2070): GC_FOR_ALLOC freed 2254K, 35% free 8130K/12388K, paused 3ms, total 3ms
02-03 10:47:10.491 D/dalvikvm( 2070): GC_FOR_ALLOC freed 2271K, 35% free 8131K/12388K, paused 3ms, total 3ms
02-03 10:47:10.501 D/dalvikvm( 2070): GC_FOR_ALLOC freed 2288K, 35% free 8132K/12388K, paused 4ms, total 4ms
02-03 10:47:10.501 D/dalvikvm( 2070): GC_FOR_ALLOC freed 1892K, 33% free 8380K/12388K, paused 4ms, total 4ms
02-03 10:47:10.511 D/EVENT_THREAD(  192): void CEventThread::run() POLLIN event on Fd (1)
02-03 10:47:10.511 D/EVENT_THREAD(  192): void CEventThread::run() Do poll with timeout: -1
02-03 10:47:10.511 I/upi_ug31xx(  166): (613) backup_bo check
02-03 10:47:10.511 D/dalvikvm( 2070): GC_FOR_ALLOC freed 1738K, 33% free 8382K/12388K, paused 4ms, total 4ms
02-03 10:47:10.511 D/dalvikvm( 2070): GC_FOR_ALLOC freed 1749K, 33% free 8385K/12388K, paused 3ms, total 3ms
02-03 10:47:10.521 D/dalvikvm( 2070): GC_FOR_ALLOC freed 1759K, 33% free 8387K/12388K, paused 5ms, total 5ms
02-03 10:47:10.531 D/dalvikvm( 2070): GC_FOR_ALLOC freed 1768K, 34% free 8221K/12388K, paused 4ms, total 4ms
02-03 10:47:10.531 D/dalvikvm( 2070): GC_FOR_ALLOC freed 1778K, 33% free 8391K/12388K, paused 3ms, total 3ms
02-03 10:47:10.531 D/dalvikvm( 2070): GC_FOR_ALLOC freed 1787K, 33% free 8394K/12388K, paused 3ms, total 3ms
02-03 10:47:10.541 D/dalvikvm( 2070): GC_FOR_ALLOC freed 1797K, 33% free 8396K/12388K, paused 3ms, total 3ms
02-03 10:47:10.541 D/dalvikvm( 2070): GC_FOR_ALLOC freed 1806K, 33% free 8398K/12388K, paused 3ms, total 3ms
02-03 10:47:10.551 D/dalvikvm( 2070): GC_FOR_ALLOC freed 1815K, 33% free 8400K/12388K, paused 3ms, total 3ms
02-03 10:47:10.551 D/dalvikvm( 2070): GC_FOR_ALLOC freed 1825K, 33% free 8403K/12388K, paused 3ms, total 3ms
02-03 10:47:10.561 D/dalvikvm( 2070): GC_FOR_ALLOC freed 1834K, 33% free 8405K/12388K, paused 3ms, total 3ms
02-03 10:47:10.561 D/dalvikvm( 2070): GC_FOR_ALLOC freed 1844K, 33% free 8407K/12388K, paused 3ms, total 3ms
02-03 10:47:10.571 D/dalvikvm( 2070): GC_FOR_ALLOC freed 1853K, 33% free 8409K/12388K, paused 3ms, total 3ms
02-03 10:47:10.571 D/dalvikvm( 2070): GC_FOR_ALLOC freed 1863K, 33% free 8411K/12388K, paused 3ms, total 3ms
02-03 10:47:10.571 D/dalvikvm( 2070): GC_FOR_ALLOC freed 1872K, 33% free 8414K/12388K, paused 3ms, total 3ms
02-03 10:47:10.581 D/dalvikvm( 2070): GC_FOR_ALLOC freed 1881K, 34% free 8237K/12388K, paused 3ms, total 3ms
02-03 10:47:10.581 D/dalvikvm( 2070): GC_FOR_ALLOC freed 1891K, 34% free 8238K/12388K, paused 4ms, total 4ms
02-03 10:47:10.591 D/dalvikvm( 2070): GC_FOR_ALLOC freed 1900K, 34% free 8239K/12388K, paused 4ms, total 4ms
02-03 10:47:10.591 D/dalvikvm( 2070): GC_FOR_ALLOC freed 1728K, 35% free 8150K/12388K, paused 3ms, total 3ms
02-03 10:47:10.601 D/dalvikvm( 2070): GC_FOR_ALLOC freed 1918K, 35% free 8151K/12388K, paused 4ms, total 4ms
02-03 10:47:10.601 D/dalvikvm( 2070): GC_FOR_ALLOC freed 1928K, 35% free 8152K/12388K, paused 4ms, total 4ms
02-03 10:47:10.611 D/dalvikvm( 2070): GC_FOR_ALLOC freed 1937K, 35% free 8153K/12388K, paused 4ms, total 4ms
02-03 10:47:10.621 D/dalvikvm( 2070): GC_FOR_ALLOC freed 1946K, 35% free 8154K/12388K, paused 4ms, total 5ms
02-03 10:47:10.621 D/dalvikvm( 2070): GC_FOR_ALLOC freed 1956K, 35% free 8155K/12388K, paused 4ms, total 4ms
02-03 10:47:10.631 D/dalvikvm( 2070): GC_FOR_ALLOC freed 1965K, 35% free 8156K/12388K, paused 4ms, total 4ms
02-03 10:47:10.631 D/dalvikvm( 2070): GC_FOR_ALLOC freed 1975K, 35% free 8157K/12388K, paused 4ms, total 4ms
02-03 10:47:10.631 D/dalvikvm( 2070): GC_FOR_ALLOC freed 1984K, 35% free 8158K/12388K, paused 3ms, total 3ms
02-03 10:47:10.641 D/dalvikvm( 2070): GC_FOR_ALLOC freed 1993K, 35% free 8158K/12388K, paused 3ms, total 3ms
02-03 10:47:10.641 D/dalvikvm( 2070): GC_FOR_ALLOC freed 2003K, 35% free 8159K/12388K, paused 3ms, total 3ms
02-03 10:47:10.651 D/dalvikvm( 2070): GC_FOR_ALLOC freed 2012K, 35% free 8160K/12388K, paused 3ms, total 3ms
02-03 10:47:10.651 D/dalvikvm( 2070): GC_FOR_ALLOC freed 2022K, 35% free 8161K/12388K, paused 3ms, total 3ms
02-03 10:47:10.661 D/dalvikvm( 2070): GC_FOR_ALLOC freed 2031K, 35% free 8162K/12388K, paused 4ms, total 4ms
02-03 10:47:10.661 D/dalvikvm( 2070): GC_FOR_ALLOC freed 2041K, 35% free 8163K/12388K, paused 4ms, total 4ms
02-03 10:47:10.671 D/dalvikvm( 2070): GC_FOR_ALLOC freed 2050K, 35% free 8164K/12388K, paused 5ms, total 5ms
02-03 10:47:10.671 D/dalvikvm( 2070): GC_FOR_ALLOC freed 2059K, 35% free 8165K/12388K, paused 3ms, total 3ms
02-03 10:47:10.681 D/dalvikvm( 2070): GC_FOR_ALLOC freed 2069K, 35% free 8166K/12388K, paused 4ms, total 4ms
02-03 10:47:10.681 D/dalvikvm( 2070): GC_FOR_ALLOC freed 2078K, 35% free 8167K/12388K, paused 5ms, total 5ms
02-03 10:47:10.691 D/dalvikvm( 2070): GC_FOR_ALLOC freed 2088K, 35% free 8167K/12388K, paused 4ms, total 4ms
02-03 10:47:10.691 D/dalvikvm( 2070): GC_FOR_ALLOC freed 1596K, 32% free 8467K/12388K, paused 3ms, total 3ms
02-03 10:47:10.701 D/dalvikvm( 2070): GC_FOR_ALLOC freed 1904K, 35% free 8169K/12388K, paused 4ms, total 4ms
02-03 10:47:10.701 D/dalvikvm( 2070): GC_FOR_ALLOC freed 1608K, 32% free 8471K/12388K, paused 3ms, total 3ms
02-03 10:47:10.711 D/dalvikvm( 2070): GC_FOR_ALLOC freed 1918K, 36% free 8170K/12592K, paused 3ms, total 4ms
02-03 10:47:10.711 D/dalvikvm( 2070): GC_FOR_ALLOC freed 1620K, 33% free 8474K/12592K, paused 3ms, total 3ms
02-03 10:47:10.721 D/dalvikvm( 2070): GC_FOR_ALLOC freed 1932K, 36% free 8172K/12592K, paused 3ms, total 3ms
02-03 10:47:10.721 D/dalvikvm( 2070): GC_FOR_ALLOC freed 1633K, 33% free 8478K/12592K, paused 3ms, total 3ms
02-03 10:47:10.731 D/dalvikvm( 2070): GC_FOR_ALLOC freed 1947K, 36% free 8173K/12592K, paused 4ms, total 4ms
02-03 10:47:10.731 D/dalvikvm( 2070): GC_FOR_ALLOC freed 1985K, 35% free 8276K/12592K, paused 3ms, total 3ms
02-03 10:47:10.741 D/dalvikvm( 2070): GC_FOR_ALLOC freed 2289K, 36% free 8168K/12592K, paused 3ms, total 3ms
02-03 10:47:10.741 D/dalvikvm( 2070): GC_FOR_ALLOC freed 1764K, 33% free 8499K/12592K, paused 3ms, total 3ms
02-03 10:47:10.781 D/dalvikvm( 2070): GC_FOR_ALLOC freed 1409K, 32% free 8667K/12592K, paused 3ms, total 3ms
02-03 10:47:10.781 I/dalvikvm-heap( 2070): Grow heap (frag case) to 9.506MB for 1048592-byte allocation
02-03 10:47:10.791 D/dalvikvm( 2070): GC_FOR_ALLOC freed <1K, 29% free 9691K/13620K, paused 3ms, total 3ms
02-03 10:47:10.791 D/dalvikvm( 2070): GC_FOR_ALLOC freed 4K, 29% free 9687K/13620K, paused 2ms, total 2ms
02-03 10:47:10.791 I/dalvikvm-heap( 2070): Grow heap (frag case) to 10.502MB for 1048592-byte allocation
02-03 10:47:10.791 D/dalvikvm( 2070): GC_FOR_ALLOC freed 0K, 27% free 10711K/14648K, paused 3ms, total 3ms
02-03 10:47:10.861 D/dalvikvm( 2070): GC_CONCURRENT freed 6783K, 47% free 7982K/14840K, paused 1ms+1ms, total 18ms
02-03 10:47:10.861 D/dalvikvm( 2070): WAIT_FOR_CONCURRENT_GC blocked 17ms
02-03 10:47:10.871 D/dalvikvm( 2070): GC_CONCURRENT freed 4021K, 36% free 8037K/12448K, paused 0ms+0ms, total 4ms
02-03 10:47:10.871 D/dalvikvm( 2070): WAIT_FOR_CONCURRENT_GC blocked 5ms
02-03 10:47:10.881 D/dalvikvm( 2070): GC_FOR_ALLOC freed 3735K, 36% free 7989K/12448K, paused 3ms, total 3ms
02-03 10:47:10.881 D/dalvikvm( 2070): GC_FOR_ALLOC freed 3575K, 37% free 7960K/12448K, paused 3ms, total 3ms
02-03 10:47:10.891 D/dalvikvm( 2070): GC_FOR_ALLOC freed 3335K, 36% free 8074K/12448K, paused 3ms, total 3ms
02-03 10:47:10.891 D/dalvikvm( 2070): GC_FOR_ALLOC freed 3249K, 36% free 8018K/12448K, paused 3ms, total 3ms
02-03 10:47:10.901 D/dalvikvm( 2070): GC_FOR_ALLOC freed 3063K, 36% free 8016K/12448K, paused 3ms, total 3ms
02-03 10:47:10.911 D/dalvikvm( 2070): GC_FOR_ALLOC freed 3029K, 36% free 8082K/12448K, paused 3ms, total 3ms
02-03 10:47:10.911 D/dalvikvm( 2070): GC_FOR_ALLOC freed 3134K, 36% free 8008K/12448K, paused 3ms, total 3ms
02-03 10:47:10.921 D/dalvikvm( 2070): GC_FOR_ALLOC freed 3109K, 36% free 8008K/12448K, paused 3ms, total 3ms
02-03 10:47:10.921 D/dalvikvm( 2070): GC_FOR_ALLOC freed 2982K, 36% free 8007K/12448K, paused 3ms, total 3ms
02-03 10:47:10.931 D/dalvikvm( 2070): GC_FOR_ALLOC freed 2904K, 35% free 8128K/12448K, paused 3ms, total 3ms
02-03 10:47:10.941 D/dalvikvm( 2070): GC_FOR_ALLOC freed 2937K, 35% free 8132K/12448K, paused 4ms, total 4ms
02-03 10:47:10.941 D/dalvikvm( 2070): GC_FOR_ALLOC freed 3042K, 36% free 8048K/12448K, paused 4ms, total 4ms
02-03 10:47:10.951 D/dalvikvm( 2070): GC_FOR_ALLOC freed 2828K, 35% free 8138K/12448K, paused 3ms, total 3ms
02-03 10:47:10.951 D/dalvikvm( 2070): GC_FOR_ALLOC freed 2912K, 36% free 8048K/12448K, paused 3ms, total 3ms
02-03 10:47:10.961 D/dalvikvm( 2070): GC_FOR_ALLOC freed 2901K, 36% free 8032K/12448K, paused 3ms, total 4ms
02-03 10:47:10.961 D/dalvikvm( 2070): GC_FOR_ALLOC freed 2832K, 35% free 8178K/12448K, paused 3ms, total 3ms
02-03 10:47:10.971 D/dalvikvm( 2070): GC_FOR_ALLOC freed 2803K, 35% free 8180K/12448K, paused 3ms, total 3ms
02-03 10:47:10.971 D/dalvikvm( 2070): GC_FOR_ALLOC freed 2869K, 36% free 8079K/12448K, paused 3ms, total 3ms
02-03 10:47:10.981 D/dalvikvm( 2070): GC_FOR_ALLOC freed 2936K, 36% free 8078K/12448K, paused 3ms, total 3ms
02-03 10:47:10.981 D/dalvikvm( 2070): GC_FOR_ALLOC freed 2895K, 36% free 8024K/12448K, paused 3ms, total 3ms
02-03 10:47:10.991 D/dalvikvm( 2070): GC_FOR_ALLOC freed 2791K, 36% free 8077K/12448K, paused 3ms, total 3ms
02-03 10:47:10.991 D/dalvikvm( 2070): GC_FOR_ALLOC freed 2735K, 35% free 8188K/12448K, paused 3ms, total 3ms
02-03 10:47:11.001 D/dalvikvm( 2070): GC_FOR_ALLOC freed 2786K, 35% free 8107K/12448K, paused 3ms, total 3ms
02-03 10:47:11.011 D/dalvikvm( 2070): GC_FOR_ALLOC freed 2429K, 34% free 8222K/12448K, paused 3ms, total 3ms
02-03 10:47:11.011 D/dalvikvm( 2070): GC_FOR_ALLOC freed 2467K, 34% free 8222K/12448K, paused 3ms, total 3ms
02-03 10:47:11.021 D/dalvikvm( 2070): GC_FOR_ALLOC freed 2504K, 35% free 8103K/12448K, paused 4ms, total 4ms
02-03 10:47:11.021 D/dalvikvm( 2070): GC_FOR_ALLOC freed 2542K, 35% free 8102K/12448K, paused 3ms, total 4ms
02-03 10:47:11.031 D/dalvikvm( 2070): GC_FOR_ALLOC freed 2580K, 35% free 8101K/12448K, paused 3ms, total 3ms
02-03 10:47:11.031 D/dalvikvm( 2070): GC_FOR_ALLOC freed 2617K, 35% free 8099K/12448K, paused 3ms, total 3ms
02-03 10:47:11.041 D/dalvikvm( 2070): GC_FOR_ALLOC freed 2655K, 35% free 8098K/12448K, paused 3ms, total 3ms
02-03 10:47:11.041 D/dalvikvm( 2070): GC_FOR_ALLOC freed 2693K, 35% free 8129K/12448K, paused 3ms, total 3ms
02-03 10:47:11.051 D/dalvikvm( 2070): GC_FOR_ALLOC freed 2600K, 36% free 8063K/12448K, paused 3ms, total 3ms
02-03 10:47:11.051 D/dalvikvm( 2070): GC_FOR_ALLOC freed 2435K, 34% free 8257K/12448K, paused 3ms, total 3ms
02-03 10:47:11.061 D/dalvikvm( 2070): GC_FOR_ALLOC freed 2331K, 34% free 8257K/12448K, paused 3ms, total 3ms
02-03 10:47:11.061 D/dalvikvm( 2070): GC_FOR_ALLOC freed 2357K, 34% free 8257K/12448K, paused 3ms, total 3ms
02-03 10:47:11.071 D/dalvikvm( 2070): GC_FOR_ALLOC freed 2383K, 35% free 8120K/12448K, paused 3ms, total 3ms
02-03 10:47:11.071 D/dalvikvm( 2070): GC_FOR_ALLOC freed 2271K, 36% free 8050K/12448K, paused 3ms, total 3ms
02-03 10:47:11.071 D/dalvikvm( 2070): GC_FOR_ALLOC freed 2081K, 34% free 8259K/12448K, paused 3ms, total 3ms
02-03 10:47:11.081 D/dalvikvm( 2070): GC_FOR_ALLOC freed 2316K, 36% free 8049K/12448K, paused 3ms, total 3ms
02-03 10:47:11.081 D/dalvikvm( 2070): GC_FOR_ALLOC freed 2121K, 34% free 8262K/12448K, paused 4ms, total 4ms
02-03 10:47:11.091 D/dalvikvm( 2070): GC_FOR_ALLOC freed 2360K, 36% free 8080K/12448K, paused 3ms, total 3ms
02-03 10:47:11.091 D/dalvikvm( 2070): GC_FOR_ALLOC freed 2161K, 34% free 8297K/12448K, paused 3ms, total 3ms
02-03 10:47:11.101 D/dalvikvm( 2070): GC_FOR_ALLOC freed 2405K, 36% free 8078K/12448K, paused 4ms, total 4ms
02-03 10:47:11.111 D/dalvikvm( 2070): GC_FOR_ALLOC freed 2202K, 34% free 8300K/12448K, paused 3ms, total 3ms
02-03 10:47:11.111 D/dalvikvm( 2070): GC_FOR_ALLOC freed 2449K, 36% free 8077K/12448K, paused 3ms, total 3ms
02-03 10:47:11.111 D/dalvikvm( 2070): GC_FOR_ALLOC freed 2242K, 34% free 8302K/12448K, paused 3ms, total 3ms
02-03 10:47:11.121 D/dalvikvm( 2070): GC_FOR_ALLOC freed 2110K, 34% free 8305K/12448K, paused 3ms, total 3ms
02-03 10:47:11.121 D/dalvikvm( 2070): GC_FOR_ALLOC freed 2127K, 34% free 8308K/12448K, paused 3ms, total 3ms
02-03 10:47:11.131 D/dalvikvm( 2070): GC_FOR_ALLOC freed 2144K, 34% free 8311K/12448K, paused 3ms, total 3ms
02-03 10:47:11.131 D/dalvikvm( 2070): GC_FOR_ALLOC freed 2160K, 34% free 8314K/12448K, paused 3ms, total 3ms
02-03 10:47:11.141 D/dalvikvm( 2070): GC_FOR_ALLOC freed 2177K, 34% free 8317K/12448K, paused 3ms, total 3ms
02-03 10:47:11.141 D/dalvikvm( 2070): GC_FOR_ALLOC freed 2194K, 34% free 8320K/12448K, paused 3ms, total 3ms
02-03 10:47:11.151 D/dalvikvm( 2070): GC_FOR_ALLOC freed 2211K, 34% free 8323K/12448K, paused 4ms, total 4ms
02-03 10:47:11.151 D/dalvikvm( 2070): GC_FOR_ALLOC freed 2227K, 35% free 8167K/12448K, paused 3ms, total 3ms
02-03 10:47:11.161 D/dalvikvm( 2070): GC_FOR_ALLOC freed 2085K, 36% free 8089K/12448K, paused 4ms, total 4ms
02-03 10:47:11.161 D/dalvikvm( 2070): GC_FOR_ALLOC freed 2263K, 36% free 8090K/12448K, paused 3ms, total 3ms
02-03 10:47:11.171 D/dalvikvm( 2070): GC_FOR_ALLOC freed 2279K, 35% free 8092K/12448K, paused 3ms, total 3ms
02-03 10:47:11.171 D/dalvikvm( 2070): GC_FOR_ALLOC freed 2297K, 35% free 8093K/12448K, paused 3ms, total 3ms
02-03 10:47:11.181 D/dalvikvm( 2070): GC_FOR_ALLOC freed 1899K, 33% free 8341K/12448K, paused 3ms, total 3ms
02-03 10:47:11.181 D/dalvikvm( 2070): GC_FOR_ALLOC freed 1745K, 33% free 8344K/12448K, paused 3ms, total 3ms
02-03 10:47:11.191 D/dalvikvm( 2070): GC_FOR_ALLOC freed 1756K, 33% free 8346K/12448K, paused 4ms, total 5ms
02-03 10:47:11.191 D/dalvikvm( 2070): GC_FOR_ALLOC freed 1765K, 35% free 8180K/12448K, paused 3ms, total 3ms
02-03 10:47:11.191 D/dalvikvm( 2070): GC_FOR_ALLOC freed 1775K, 33% free 8351K/12448K, paused 3ms, total 3ms
02-03 10:47:11.201 D/dalvikvm( 2070): GC_FOR_ALLOC freed 1784K, 33% free 8353K/12448K, paused 3ms, total 3ms
02-03 10:47:11.201 D/dalvikvm( 2070): GC_FOR_ALLOC freed 1794K, 33% free 8355K/12448K, paused 3ms, total 3ms
02-03 10:47:11.211 D/dalvikvm( 2070): GC_FOR_ALLOC freed 1803K, 33% free 8357K/12448K, paused 3ms, total 3ms
02-03 10:47:11.211 D/dalvikvm( 2070): GC_FOR_ALLOC freed 1812K, 33% free 8360K/12448K, paused 3ms, total 3ms
02-03 10:47:11.221 D/dalvikvm( 2070): GC_FOR_ALLOC freed 1822K, 33% free 8362K/12448K, paused 3ms, total 3ms
02-03 10:47:11.221 D/dalvikvm( 2070): GC_FOR_ALLOC freed 1831K, 33% free 8364K/12448K, paused 4ms, total 4ms
02-03 10:47:11.221 D/dalvikvm( 2070): GC_FOR_ALLOC freed 1841K, 33% free 8366K/12448K, paused 3ms, total 3ms
02-03 10:47:11.231 D/dalvikvm( 2070): GC_FOR_ALLOC freed 1850K, 33% free 8369K/12448K, paused 3ms, total 3ms
02-03 10:47:11.231 D/dalvikvm( 2070): GC_FOR_ALLOC freed 1859K, 33% free 8371K/12448K, paused 3ms, total 3ms
02-03 10:47:11.241 D/dalvikvm( 2070): GC_FOR_ALLOC freed 1869K, 33% free 8373K/12448K, paused 3ms, total 3ms
02-03 10:47:11.241 D/dalvikvm( 2070): GC_FOR_ALLOC freed 1878K, 33% free 8375K/12448K, paused 3ms, total 3ms
02-03 10:47:11.251 D/dalvikvm( 2070): GC_FOR_ALLOC freed 1888K, 33% free 8377K/12448K, paused 3ms, total 3ms
02-03 10:47:11.251 D/dalvikvm( 2070): GC_FOR_ALLOC freed 1897K, 33% free 8380K/12448K, paused 3ms, total 4ms
02-03 10:47:11.261 D/dalvikvm( 2070): GC_FOR_ALLOC freed 1907K, 35% free 8200K/12448K, paused 3ms, total 3ms
02-03 10:47:11.261 D/dalvikvm( 2070): GC_FOR_ALLOC freed 1916K, 35% free 8202K/12448K, paused 3ms, total 3ms
02-03 10:47:11.261 D/dalvikvm( 2070): GC_FOR_ALLOC freed 1925K, 35% free 8203K/12448K, paused 3ms, total 3ms
02-03 10:47:11.271 D/dalvikvm( 2070): GC_FOR_ALLOC freed 1935K, 35% free 8204K/12448K, paused 4ms, total 4ms
02-03 10:47:11.281 D/dalvikvm( 2070): GC_FOR_ALLOC freed 1944K, 35% free 8206K/12448K, paused 3ms, total 3ms
02-03 10:47:11.281 D/dalvikvm( 2070): GC_FOR_ALLOC freed 1954K, 35% free 8207K/12448K, paused 3ms, total 3ms
02-03 10:47:11.281 D/dalvikvm( 2070): GC_FOR_ALLOC freed 1963K, 35% free 8208K/12448K, paused 4ms, total 4ms
02-03 10:47:11.291 D/dalvikvm( 2070): GC_FOR_ALLOC freed 1972K, 35% free 8210K/12448K, paused 3ms, total 3ms
02-03 10:47:11.291 D/dalvikvm( 2070): GC_FOR_ALLOC freed 1982K, 35% free 8211K/12448K, paused 3ms, total 3ms
02-03 10:47:11.301 D/dalvikvm( 2070): GC_FOR_ALLOC freed 1991K, 35% free 8212K/12448K, paused 3ms, total 3ms
02-03 10:47:11.301 D/dalvikvm( 2070): GC_FOR_ALLOC freed 2001K, 35% free 8214K/12448K, paused 3ms, total 3ms
02-03 10:47:11.311 D/dalvikvm( 2070): GC_FOR_ALLOC freed 1818K, 35% free 8120K/12448K, paused 3ms, total 3ms
02-03 10:47:11.311 D/dalvikvm( 2070): GC_FOR_ALLOC freed 2019K, 35% free 8121K/12448K, paused 3ms, total 3ms
02-03 10:47:11.311 D/dalvikvm( 2070): GC_FOR_ALLOC freed 2028K, 35% free 8122K/12448K, paused 3ms, total 3ms
02-03 10:47:11.321 D/dalvikvm( 2070): GC_FOR_ALLOC freed 2037K, 35% free 8123K/12448K, paused 3ms, total 3ms
02-03 10:47:11.321 D/dalvikvm( 2070): GC_FOR_ALLOC freed 2047K, 35% free 8124K/12448K, paused 3ms, total 3ms
02-03 10:47:11.331 D/dalvikvm( 2070): GC_FOR_ALLOC freed 2056K, 35% free 8124K/12448K, paused 3ms, total 3ms
02-03 10:47:11.331 D/dalvikvm( 2070): GC_FOR_ALLOC freed 2066K, 35% free 8125K/12448K, paused 3ms, total 3ms
02-03 10:47:11.341 D/dalvikvm( 2070): GC_FOR_ALLOC freed 2075K, 35% free 8126K/12448K, paused 4ms, total 4ms
02-03 10:47:11.341 D/dalvikvm( 2070): GC_FOR_ALLOC freed 2084K, 35% free 8127K/12448K, paused 3ms, total 3ms
02-03 10:47:11.351 D/dalvikvm( 2070): GC_FOR_ALLOC freed 2094K, 35% free 8128K/12448K, paused 3ms, total 3ms
02-03 10:47:11.351 D/dalvikvm( 2070): GC_FOR_ALLOC freed 2103K, 35% free 8129K/12448K, paused 4ms, total 4ms
02-03 10:47:11.361 D/dalvikvm( 2070): GC_FOR_ALLOC freed 2113K, 35% free 8130K/12448K, paused 3ms, total 3ms
02-03 10:47:11.361 D/dalvikvm( 2070): GC_FOR_ALLOC freed 1616K, 33% free 8433K/12448K, paused 3ms, total 3ms
02-03 10:47:11.371 D/dalvikvm( 2070): GC_FOR_ALLOC freed 1926K, 35% free 8131K/12448K, paused 3ms, total 3ms
02-03 10:47:11.371 D/dalvikvm( 2070): GC_FOR_ALLOC freed 1627K, 33% free 8436K/12448K, paused 3ms, total 3ms
02-03 10:47:11.371 D/dalvikvm( 2070): GC_FOR_ALLOC freed 1941K, 35% free 8133K/12448K, paused 3ms, total 3ms
02-03 10:47:11.381 D/dalvikvm( 2070): GC_FOR_ALLOC freed 1640K, 33% free 8440K/12448K, paused 3ms, total 3ms
02-03 10:47:11.381 D/dalvikvm( 2070): GC_FOR_ALLOC freed 1780K, 34% free 8236K/12448K, paused 3ms, total 3ms
02-03 10:47:11.391 D/dalvikvm( 2070): GC_FOR_ALLOC freed 1738K, 33% free 8459K/12448K, paused 3ms, total 3ms
02-03 10:47:11.391 D/dalvikvm( 2070): GC_FOR_ALLOC freed 1543K, 33% free 8459K/12448K, paused 3ms, total 3ms
02-03 10:47:11.401 D/dalvikvm( 2070): GC_FOR_ALLOC freed 2137K, 39% free 7646K/12448K, paused 3ms, total 3ms
02-03 10:47:11.401 I/dalvikvm-heap( 2070): Grow heap (frag case) to 8.510MB for 1048592-byte allocation
02-03 10:47:11.401 D/dalvikvm( 2070): GC_FOR_ALLOC freed 0K, 36% free 8670K/13476K, paused 2ms, total 2ms
02-03 10:47:11.421 D/dalvikvm( 2070): GC_FOR_ALLOC freed <1K, 36% free 8659K/13476K, paused 14ms, total 14ms
02-03 10:47:11.421 I/dalvikvm-heap( 2070): Grow heap (frag case) to 9.499MB for 1048592-byte allocation
02-03 10:47:11.431 D/dalvikvm( 2070): GC_FOR_ALLOC freed 0K, 34% free 9683K/14504K, paused 6ms, total 6ms
02-03 10:47:11.431 D/dalvikvm( 2070): GC_FOR_ALLOC freed <1K, 34% free 9683K/14504K, paused 2ms, total 2ms
02-03 10:47:11.431 I/dalvikvm-heap( 2070): Grow heap (frag case) to 10.499MB for 1048592-byte allocation
02-03 10:47:11.431 D/dalvikvm( 2070): GC_FOR_ALLOC freed 0K, 32% free 10707K/15532K, paused 2ms, total 2ms
02-03 10:47:11.901 D/dalvikvm( 2070): GC_CONCURRENT freed 6736K, 49% free 8041K/15532K, paused 0ms+1ms, total 5ms
02-03 10:47:11.901 D/dalvikvm( 2070): WAIT_FOR_CONCURRENT_GC blocked 4ms
02-03 10:47:11.911 D/dalvikvm( 2070): GC_CONCURRENT freed 4036K, 36% free 8081K/12492K, paused 1ms+1ms, total 5ms
02-03 10:47:11.911 D/dalvikvm( 2070): WAIT_FOR_CONCURRENT_GC blocked 4ms
02-03 10:47:11.911 D/dalvikvm( 2070): GC_FOR_ALLOC freed 3719K, 36% free 8058K/12492K, paused 3ms, total 3ms
02-03 10:47:11.941 D/dalvikvm( 2070): GC_FOR_ALLOC freed 3619K, 36% free 8072K/12492K, paused 16ms, total 16ms
02-03 10:47:11.941 D/dalvikvm( 2070): GC_FOR_ALLOC freed 3434K, 36% free 8024K/12492K, paused 4ms, total 4ms
02-03 10:47:11.951 D/dalvikvm( 2070): GC_FOR_ALLOC freed 3265K, 36% free 8017K/12492K, paused 4ms, total 4ms
02-03 10:47:11.961 D/dalvikvm( 2070): GC_FOR_ALLOC freed 3138K, 36% free 8076K/12492K, paused 3ms, total 3ms
02-03 10:47:11.961 D/dalvikvm( 2070): GC_FOR_ALLOC freed 3046K, 35% free 8138K/12492K, paused 3ms, total 3ms
02-03 10:47:11.971 D/dalvikvm( 2070): GC_FOR_ALLOC freed 2962K, 35% free 8143K/12492K, paused 3ms, total 3ms
02-03 10:47:11.971 D/dalvikvm( 2070): GC_FOR_ALLOC freed 3037K, 36% free 8036K/12492K, paused 3ms, total 3ms
02-03 10:47:11.981 D/dalvikvm( 2070): GC_FOR_ALLOC freed 2982K, 36% free 8035K/12492K, paused 4ms, total 4ms
02-03 10:47:11.991 D/dalvikvm( 2070): GC_FOR_ALLOC freed 2904K, 35% free 8156K/12492K, paused 3ms, total 3ms
02-03 10:47:11.991 D/dalvikvm( 2070): GC_FOR_ALLOC freed 2937K, 35% free 8192K/12492K, paused 3ms, total 3ms
02-03 10:47:12.001 D/dalvikvm( 2070): GC_FOR_ALLOC freed 3042K, 36% free 8108K/12492K, paused 4ms, total 4ms
02-03 10:47:12.001 D/dalvikvm( 2070): GC_FOR_ALLOC freed 2828K, 35% free 8198K/12492K, paused 4ms, total 4ms
02-03 10:47:12.011 D/dalvikvm( 2070): GC_FOR_ALLOC freed 2912K, 35% free 8201K/12492K, paused 3ms, total 3ms
02-03 10:47:12.011 D/dalvikvm( 2070): GC_FOR_ALLOC freed 2997K, 36% free 8108K/12492K, paused 3ms, total 3ms
02-03 10:47:12.021 D/dalvikvm( 2070): GC_FOR_ALLOC freed 2736K, 35% free 8206K/12492K, paused 4ms, total 5ms
02-03 10:47:12.031 D/dalvikvm( 2070): GC_FOR_ALLOC freed 2803K, 35% free 8208K/12492K, paused 4ms, total 4ms
02-03 10:47:12.031 D/dalvikvm( 2070): GC_FOR_ALLOC freed 2869K, 35% free 8210K/12492K, paused 3ms, total 3ms
02-03 10:47:12.041 D/dalvikvm( 2070): GC_FOR_ALLOC freed 2936K, 35% free 8244K/12492K, paused 3ms, total 3ms
02-03 10:47:12.041 D/dalvikvm( 2070): GC_FOR_ALLOC freed 2625K, 34% free 8245K/12492K, paused 3ms, total 3ms
02-03 10:47:12.051 D/dalvikvm( 2070): GC_FOR_ALLOC freed 2952K, 36% free 8082K/12492K, paused 3ms, total 3ms
02-03 10:47:12.061 D/dalvikvm( 2070): GC_FOR_ALLOC freed 2845K, 34% free 8248K/12492K, paused 3ms, total 3ms
02-03 10:47:12.061 D/dalvikvm( 2070): GC_FOR_ALLOC freed 2786K, 35% free 8135K/12492K, paused 3ms, total 3ms
02-03 10:47:12.071 D/dalvikvm( 2070): GC_FOR_ALLOC freed 2429K, 34% free 8250K/12492K, paused 3ms, total 3ms
02-03 10:47:12.071 D/dalvikvm( 2070): GC_FOR_ALLOC freed 2467K, 34% free 8250K/12492K, paused 3ms, total 3ms
02-03 10:47:12.081 D/dalvikvm( 2070): GC_FOR_ALLOC freed 2504K, 34% free 8251K/12492K, paused 3ms, total 3ms
02-03 10:47:12.081 D/dalvikvm( 2070): GC_FOR_ALLOC freed 2542K, 34% free 8283K/12492K, paused 3ms, total 3ms
02-03 10:47:12.091 D/dalvikvm( 2070): GC_FOR_ALLOC freed 2456K, 36% free 8100K/12492K, paused 3ms, total 4ms
02-03 10:47:12.091 D/dalvikvm( 2070): GC_FOR_ALLOC freed 2616K, 36% free 8097K/12492K, paused 4ms, total 4ms
02-03 10:47:12.101 D/dalvikvm( 2070): GC_FOR_ALLOC freed 2780K, 35% free 8158K/12492K, paused 3ms, total 3ms
02-03 10:47:12.101 D/dalvikvm( 2070): GC_FOR_ALLOC freed 2693K, 35% free 8157K/12492K, paused 3ms, total 3ms
02-03 10:47:12.111 D/dalvikvm( 2070): GC_FOR_ALLOC freed 2600K, 36% free 8091K/12492K, paused 3ms, total 4ms
02-03 10:47:12.111 D/dalvikvm( 2070): GC_FOR_ALLOC freed 2435K, 34% free 8285K/12492K, paused 3ms, total 4ms
02-03 10:47:12.121 D/dalvikvm( 2070): GC_FOR_ALLOC freed 2331K, 34% free 8285K/12492K, paused 3ms, total 4ms
02-03 10:47:12.121 D/dalvikvm( 2070): GC_FOR_ALLOC freed 2357K, 34% free 8317K/12492K, paused 4ms, total 4ms
02-03 10:47:12.131 D/dalvikvm( 2070): GC_FOR_ALLOC freed 2383K, 35% free 8180K/12492K, paused 3ms, total 3ms
02-03 10:47:12.131 D/dalvikvm( 2070): GC_FOR_ALLOC freed 2271K, 36% free 8110K/12492K, paused 3ms, total 3ms
02-03 10:47:12.141 D/dalvikvm( 2070): GC_FOR_ALLOC freed 2434K, 36% free 8108K/12492K, paused 3ms, total 3ms
02-03 10:47:12.141 D/dalvikvm( 2070): GC_FOR_ALLOC freed 2460K, 36% free 8105K/12492K, paused 3ms, total 3ms
02-03 10:47:12.151 D/dalvikvm( 2070): GC_FOR_ALLOC freed 2486K, 36% free 8103K/12492K, paused 3ms, total 3ms
02-03 10:47:12.151 D/dalvikvm( 2070): GC_FOR_ALLOC freed 2512K, 36% free 8100K/12492K, paused 3ms, total 3ms
02-03 10:47:12.161 D/dalvikvm( 2070): GC_FOR_ALLOC freed 2170K, 34% free 8318K/12492K, paused 3ms, total 3ms
02-03 10:47:12.161 D/dalvikvm( 2070): GC_FOR_ALLOC freed 2414K, 36% free 8099K/12492K, paused 3ms, total 3ms
02-03 10:47:12.171 D/dalvikvm( 2070): GC_FOR_ALLOC freed 2211K, 34% free 8321K/12492K, paused 3ms, total 3ms
02-03 10:47:12.171 D/dalvikvm( 2070): GC_FOR_ALLOC freed 2459K, 35% free 8130K/12492K, paused 3ms, total 3ms
02-03 10:47:12.181 D/dalvikvm( 2070): GC_FOR_ALLOC freed 2251K, 34% free 8356K/12492K, paused 3ms, total 3ms
02-03 10:47:12.181 D/dalvikvm( 2070): GC_FOR_ALLOC freed 2119K, 34% free 8359K/12492K, paused 3ms, total 4ms
02-03 10:47:12.191 D/dalvikvm( 2070): GC_FOR_ALLOC freed 2135K, 34% free 8362K/12492K, paused 3ms, total 4ms
02-03 10:47:12.201 D/dalvikvm( 2070): GC_FOR_ALLOC freed 2152K, 34% free 8365K/12492K, paused 3ms, total 3ms
02-03 10:47:12.201 D/dalvikvm( 2070): GC_FOR_ALLOC freed 2169K, 34% free 8368K/12492K, paused 3ms, total 3ms
02-03 10:47:12.201 D/dalvikvm( 2070): GC_FOR_ALLOC freed 2186K, 33% free 8371K/12492K, paused 3ms, total 3ms
02-03 10:47:12.211 D/dalvikvm( 2070): GC_FOR_ALLOC freed 2202K, 33% free 8374K/12492K, paused 3ms, total 3ms
02-03 10:47:12.211 D/dalvikvm( 2070): GC_FOR_ALLOC freed 2219K, 33% free 8377K/12492K, paused 3ms, total 3ms
02-03 10:47:12.221 D/dalvikvm( 2070): GC_FOR_ALLOC freed 2236K, 33% free 8380K/12492K, paused 3ms, total 3ms
02-03 10:47:12.221 D/dalvikvm( 2070): GC_FOR_ALLOC freed 2094K, 35% free 8142K/12492K, paused 3ms, total 3ms
02-03 10:47:12.231 D/dalvikvm( 2070): GC_FOR_ALLOC freed 2271K, 35% free 8143K/12492K, paused 3ms, total 3ms
02-03 10:47:12.231 D/dalvikvm( 2070): GC_FOR_ALLOC freed 2288K, 35% free 8144K/12492K, paused 3ms, total 3ms
02-03 10:47:12.241 D/dalvikvm( 2070): GC_FOR_ALLOC freed 2306K, 35% free 8145K/12492K, paused 3ms, total 4ms
02-03 10:47:12.241 D/dalvikvm( 2070): GC_FOR_ALLOC freed 1907K, 33% free 8395K/12492K, paused 3ms, total 3ms
02-03 10:47:12.251 D/dalvikvm( 2070): GC_FOR_ALLOC freed 1752K, 33% free 8397K/12492K, paused 3ms, total 3ms
02-03 10:47:12.251 D/dalvikvm( 2070): GC_FOR_ALLOC freed 1762K, 33% free 8400K/12492K, paused 3ms, total 4ms
02-03 10:47:12.261 D/dalvikvm( 2070): GC_FOR_ALLOC freed 1772K, 33% free 8402K/12492K, paused 3ms, total 4ms
02-03 10:47:12.261 D/dalvikvm( 2070): GC_FOR_ALLOC freed 1781K, 33% free 8404K/12492K, paused 3ms, total 3ms
02-03 10:47:12.261 D/dalvikvm( 2070): GC_FOR_ALLOC freed 1790K, 33% free 8406K/12492K, paused 3ms, total 3ms
02-03 10:47:12.271 D/dalvikvm( 2070): GC_FOR_ALLOC freed 1800K, 33% free 8409K/12492K, paused 3ms, total 3ms
02-03 10:47:12.271 D/dalvikvm( 2070): GC_FOR_ALLOC freed 1809K, 33% free 8411K/12492K, paused 4ms, total 4ms
02-03 10:47:12.281 D/dalvikvm( 2070): GC_FOR_ALLOC freed 1819K, 33% free 8413K/12492K, paused 3ms, total 3ms
02-03 10:47:12.281 D/dalvikvm( 2070): GC_FOR_ALLOC freed 1828K, 33% free 8415K/12492K, paused 3ms, total 3ms
02-03 10:47:12.291 D/dalvikvm( 2070): GC_FOR_ALLOC freed 1837K, 33% free 8418K/12492K, paused 3ms, total 3ms
02-03 10:47:12.291 D/dalvikvm( 2070): GC_FOR_ALLOC freed 1847K, 33% free 8420K/12492K, paused 3ms, total 3ms
02-03 10:47:12.301 D/dalvikvm( 2070): GC_FOR_ALLOC freed 1856K, 33% free 8422K/12492K, paused 4ms, total 4ms
02-03 10:47:12.301 D/dalvikvm( 2070): GC_FOR_ALLOC freed 1866K, 33% free 8424K/12492K, paused 3ms, total 3ms
02-03 10:47:12.301 D/dalvikvm( 2070): GC_FOR_ALLOC freed 1875K, 33% free 8426K/12492K, paused 3ms, total 3ms
02-03 10:47:12.311 D/dalvikvm( 2070): GC_FOR_ALLOC freed 1885K, 33% free 8429K/12492K, paused 3ms, total 3ms
02-03 10:47:12.311 D/dalvikvm( 2070): GC_FOR_ALLOC freed 1894K, 33% free 8431K/12492K, paused 3ms, total 3ms
02-03 10:47:12.321 D/dalvikvm( 2070): GC_FOR_ALLOC freed 1903K, 33% free 8433K/12492K, paused 3ms, total 3ms
02-03 10:47:12.321 D/dalvikvm( 2070): GC_FOR_ALLOC freed 1913K, 34% free 8253K/12492K, paused 3ms, total 3ms
02-03 10:47:12.331 D/dalvikvm( 2070): GC_FOR_ALLOC freed 1922K, 34% free 8255K/12492K, paused 3ms, total 3ms
02-03 10:47:12.331 D/dalvikvm( 2070): GC_FOR_ALLOC freed 1932K, 34% free 8256K/12492K, paused 3ms, total 3ms
02-03 10:47:12.341 D/dalvikvm( 2070): GC_FOR_ALLOC freed 1941K, 34% free 8257K/12492K, paused 3ms, total 3ms
02-03 10:47:12.341 D/dalvikvm( 2070): GC_FOR_ALLOC freed 1950K, 34% free 8259K/12492K, paused 3ms, total 3ms
02-03 10:47:12.351 D/dalvikvm( 2070): GC_FOR_ALLOC freed 1960K, 34% free 8260K/12492K, paused 3ms, total 3ms
02-03 10:47:12.351 D/dalvikvm( 2070): GC_FOR_ALLOC freed 1969K, 34% free 8261K/12492K, paused 3ms, total 3ms
02-03 10:47:12.361 D/dalvikvm( 2070): GC_FOR_ALLOC freed 1979K, 34% free 8263K/12492K, paused 4ms, total 4ms
02-03 10:47:12.361 D/dalvikvm( 2070): GC_FOR_ALLOC freed 1988K, 34% free 8264K/12492K, paused 3ms, total 3ms
02-03 10:47:12.371 D/dalvikvm( 2070): GC_FOR_ALLOC freed 1997K, 34% free 8265K/12492K, paused 3ms, total 3ms
02-03 10:47:12.371 D/dalvikvm( 2070): GC_FOR_ALLOC freed 2007K, 34% free 8267K/12492K, paused 3ms, total 3ms
02-03 10:47:12.371 D/dalvikvm( 2070): GC_FOR_ALLOC freed 2016K, 34% free 8268K/12492K, paused 3ms, total 3ms
02-03 10:47:12.381 D/dalvikvm( 2070): GC_FOR_ALLOC freed 2026K, 34% free 8269K/12492K, paused 3ms, total 3ms
02-03 10:47:12.381 D/dalvikvm( 2070): GC_FOR_ALLOC freed 2035K, 34% free 8271K/12492K, paused 3ms, total 3ms
02-03 10:47:12.391 D/dalvikvm( 2070): GC_FOR_ALLOC freed 2045K, 34% free 8272K/12492K, paused 3ms, total 3ms
02-03 10:47:12.391 D/dalvikvm( 2070): GC_FOR_ALLOC freed 2054K, 34% free 8273K/12492K, paused 3ms, total 3ms
02-03 10:47:12.401 D/dalvikvm( 2070): GC_FOR_ALLOC freed 2063K, 34% free 8275K/12492K, paused 3ms, total 3ms
02-03 10:47:12.401 D/dalvikvm( 2070): GC_FOR_ALLOC freed 2073K, 34% free 8276K/12492K, paused 3ms, total 3ms
02-03 10:47:12.411 D/dalvikvm( 2070): GC_FOR_ALLOC freed 2082K, 34% free 8277K/12492K, paused 3ms, total 3ms
02-03 10:47:12.411 D/dalvikvm( 2070): GC_FOR_ALLOC freed 2092K, 34% free 8279K/12492K, paused 3ms, total 3ms
02-03 10:47:12.411 D/dalvikvm( 2070): GC_FOR_ALLOC freed 2101K, 34% free 8280K/12492K, paused 3ms, total 3ms
02-03 10:47:12.421 D/dalvikvm( 2070): GC_FOR_ALLOC freed 1909K, 35% free 8181K/12492K, paused 4ms, total 4ms
02-03 10:47:12.421 D/dalvikvm( 2070): GC_FOR_ALLOC freed 1613K, 33% free 8484K/12492K, paused 3ms, total 3ms
02-03 10:47:12.431 D/dalvikvm( 2070): GC_FOR_ALLOC freed 1416K, 33% free 8486K/12492K, paused 3ms, total 3ms
02-03 10:47:12.431 D/dalvikvm( 2070): GC_FOR_ALLOC freed 1929K, 35% free 8184K/12492K, paused 3ms, total 3ms
02-03 10:47:12.441 D/dalvikvm( 2070): GC_FOR_ALLOC freed 1630K, 33% free 8489K/12492K, paused 4ms, total 4ms
02-03 10:47:12.441 D/dalvikvm( 2070): GC_FOR_ALLOC freed 1431K, 33% free 8491K/12492K, paused 3ms, total 3ms
02-03 10:47:12.451 D/dalvikvm( 2070): GC_FOR_ALLOC freed 2183K, 35% free 8185K/12492K, paused 4ms, total 4ms
02-03 10:47:12.451 D/dalvikvm( 2070): GC_FOR_ALLOC freed 2342K, 35% free 8168K/12492K, paused 3ms, total 3ms
02-03 10:47:12.461 D/dalvikvm( 2070): GC_FOR_ALLOC freed 1984K, 34% free 8279K/12492K, paused 3ms, total 3ms
02-03 10:47:12.461 D/dalvikvm( 2070): GC_FOR_ALLOC freed 2185K, 39% free 7638K/12492K, paused 2ms, total 3ms
02-03 10:47:12.461 I/dalvikvm-heap( 2070): Grow heap (frag case) to 8.502MB for 1048592-byte allocation
02-03 10:47:12.471 D/dalvikvm( 2070): GC_FOR_ALLOC freed 0K, 36% free 8662K/13520K, paused 2ms, total 2ms
02-03 10:47:12.481 D/dalvikvm( 2070): GC_FOR_ALLOC freed <1K, 36% free 8659K/13520K, paused 13ms, total 13ms
02-03 10:47:12.481 I/dalvikvm-heap( 2070): Grow heap (frag case) to 9.499MB for 1048592-byte allocation
02-03 10:47:12.481 D/dalvikvm( 2070): GC_FOR_ALLOC freed 0K, 34% free 9683K/14548K, paused 2ms, total 2ms
02-03 10:47:12.491 D/dalvikvm( 2070): GC_FOR_ALLOC freed <1K, 34% free 9683K/14548K, paused 2ms, total 2ms
02-03 10:47:12.491 I/dalvikvm-heap( 2070): Grow heap (frag case) to 10.499MB for 1048592-byte allocation
02-03 10:47:12.491 D/dalvikvm( 2070): GC_FOR_ALLOC freed 0K, 32% free 10707K/15576K, paused 3ms, total 3ms
02-03 10:47:12.891 D/dalvikvm( 2070): GC_CONCURRENT freed 6736K, 49% free 8041K/15576K, paused 1ms+1ms, total 6ms
02-03 10:47:12.891 D/dalvikvm( 2070): WAIT_FOR_CONCURRENT_GC blocked 4ms
02-03 10:47:12.901 D/dalvikvm( 2070): GC_CONCURRENT freed 4036K, 36% free 8081K/12624K, paused 1ms+1ms, total 5ms
02-03 10:47:12.901 D/dalvikvm( 2070): WAIT_FOR_CONCURRENT_GC blocked 4ms
02-03 10:47:12.911 D/dalvikvm( 2070): GC_FOR_ALLOC freed 3719K, 37% free 8058K/12624K, paused 4ms, total 4ms
02-03 10:47:12.931 D/dalvikvm( 2070): GC_FOR_ALLOC freed 3619K, 37% free 8024K/12624K, paused 16ms, total 16ms
02-03 10:47:12.941 D/dalvikvm( 2070): GC_FOR_ALLOC freed 3434K, 37% free 8024K/12624K, paused 4ms, total 4ms
02-03 10:47:12.951 D/dalvikvm( 2070): GC_FOR_ALLOC freed 3265K, 37% free 8017K/12624K, paused 4ms, total 4ms
02-03 10:47:12.951 D/dalvikvm( 2070): GC_FOR_ALLOC freed 3074K, 37% free 8045K/12624K, paused 4ms, total 4ms
02-03 10:47:12.961 D/dalvikvm( 2070): GC_FOR_ALLOC freed 3038K, 37% free 8041K/12624K, paused 4ms, total 4ms
02-03 10:47:12.961 D/dalvikvm( 2070): GC_FOR_ALLOC freed 3030K, 36% free 8147K/12624K, paused 3ms, total 3ms
02-03 10:47:12.971 D/dalvikvm( 2070): GC_FOR_ALLOC freed 3037K, 37% free 8040K/12624K, paused 3ms, total 3ms
02-03 10:47:12.981 D/dalvikvm( 2070): GC_FOR_ALLOC freed 2982K, 37% free 8039K/12624K, paused 4ms, total 4ms
02-03 10:47:12.981 D/dalvikvm( 2070): GC_FOR_ALLOC freed 3110K, 37% free 8039K/12624K, paused 3ms, total 3ms
02-03 10:47:12.991 D/dalvikvm( 2070): GC_FOR_ALLOC freed 3030K, 36% free 8165K/12624K, paused 5ms, total 5ms
02-03 10:47:13.001 D/dalvikvm( 2070): GC_FOR_ALLOC freed 2964K, 37% free 8069K/12624K, paused 4ms, total 4ms
02-03 10:47:13.001 D/dalvikvm( 2070): GC_FOR_ALLOC freed 2925K, 36% free 8203K/12624K, paused 4ms, total 4ms
02-03 10:47:13.011 D/dalvikvm( 2070): GC_FOR_ALLOC freed 2922K, 36% free 8112K/12624K, paused 4ms, total 4ms
02-03 10:47:13.011 D/dalvikvm( 2070): GC_FOR_ALLOC freed 3007K, 35% free 8208K/12624K, paused 3ms, total 3ms
02-03 10:47:13.021 D/dalvikvm( 2070): GC_FOR_ALLOC freed 2992K, 37% free 8063K/12624K, paused 5ms, total 5ms
02-03 10:47:13.031 D/dalvikvm( 2070): GC_FOR_ALLOC freed 2918K, 35% free 8213K/12624K, paused 4ms, total 4ms
02-03 10:47:13.031 D/dalvikvm( 2070): GC_FOR_ALLOC freed 2886K, 35% free 8215K/12624K, paused 3ms, total 3ms
02-03 10:47:13.041 D/dalvikvm( 2070): GC_FOR_ALLOC freed 2953K, 36% free 8111K/12624K, paused 3ms, total 4ms
02-03 10:47:13.041 D/dalvikvm( 2070): GC_FOR_ALLOC freed 2912K, 36% free 8089K/12624K, paused 3ms, total 3ms
02-03 10:47:13.051 D/dalvikvm( 2070): GC_FOR_ALLOC freed 2696K, 36% free 8087K/12624K, paused 3ms, total 3ms
02-03 10:47:13.061 D/dalvikvm( 2070): GC_FOR_ALLOC freed 2747K, 36% free 8085K/12624K, paused 4ms, total 4ms
02-03 10:47:13.061 D/dalvikvm( 2070): GC_FOR_ALLOC freed 2510K, 35% free 8254K/12624K, paused 3ms, total 3ms
02-03 10:47:13.071 D/dalvikvm( 2070): GC_FOR_ALLOC freed 2435K, 35% free 8255K/12624K, paused 3ms, total 3ms
02-03 10:47:13.071 D/dalvikvm( 2070): GC_FOR_ALLOC freed 2473K, 36% free 8137K/12624K, paused 3ms, total 3ms
02-03 10:47:13.081 D/dalvikvm( 2070): GC_FOR_ALLOC freed 2511K, 35% free 8256K/12624K, paused 3ms, total 3ms
02-03 10:47:13.081 D/dalvikvm( 2070): GC_FOR_ALLOC freed 2548K, 35% free 8256K/12624K, paused 3ms, total 3ms
02-03 10:47:13.091 D/dalvikvm( 2070): GC_FOR_ALLOC freed 2586K, 36% free 8165K/12624K, paused 3ms, total 3ms
02-03 10:47:13.091 D/dalvikvm( 2070): GC_FOR_ALLOC freed 2624K, 36% free 8164K/12624K, paused 4ms, total 4ms
02-03 10:47:13.101 D/dalvikvm( 2070): GC_FOR_ALLOC freed 2661K, 36% free 8162K/12624K, paused 4ms, total 4ms
02-03 10:47:13.101 D/dalvikvm( 2070): GC_FOR_ALLOC freed 2699K, 36% free 8161K/12624K, paused 3ms, total 3ms
02-03 10:47:13.111 D/dalvikvm( 2070): GC_FOR_ALLOC freed 2737K, 36% free 8160K/12624K, paused 5ms, total 5ms
02-03 10:47:13.111 D/dalvikvm( 2070): GC_FOR_ALLOC freed 2642K, 36% free 8093K/12624K, paused 3ms, total 3ms
02-03 10:47:13.121 D/dalvikvm( 2070): GC_FOR_ALLOC freed 2474K, 36% free 8157K/12624K, paused 3ms, total 3ms
02-03 10:47:13.121 D/dalvikvm( 2070): GC_FOR_ALLOC freed 2367K, 36% free 8155K/12624K, paused 4ms, total 4ms
02-03 10:47:13.131 D/dalvikvm( 2070): GC_FOR_ALLOC freed 2257K, 36% free 8117K/12624K, paused 3ms, total 3ms
02-03 10:47:13.131 D/dalvikvm( 2070): GC_FOR_ALLOC freed 2418K, 36% free 8115K/12624K, paused 3ms, total 3ms
02-03 10:47:13.141 D/dalvikvm( 2070): GC_FOR_ALLOC freed 2444K, 36% free 8112K/12624K, paused 3ms, total 3ms
02-03 10:47:13.141 D/dalvikvm( 2070): GC_FOR_ALLOC freed 2112K, 35% free 8325K/12624K, paused 3ms, total 3ms
02-03 10:47:13.151 D/dalvikvm( 2070): GC_FOR_ALLOC freed 1989K, 35% free 8328K/12624K, paused 3ms, total 3ms
02-03 10:47:13.151 D/dalvikvm( 2070): GC_FOR_ALLOC freed 2006K, 36% free 8187K/12624K, paused 3ms, total 3ms
02-03 10:47:13.161 D/dalvikvm( 2070): GC_FOR_ALLOC freed 2022K, 34% free 8334K/12624K, paused 3ms, total 3ms
02-03 10:47:13.161 D/dalvikvm( 2070): GC_FOR_ALLOC freed 2409K, 36% free 8115K/12624K, paused 3ms, total 3ms
02-03 10:47:13.171 D/dalvikvm( 2070): GC_FOR_ALLOC freed 2206K, 34% free 8336K/12624K, paused 4ms, total 4ms
02-03 10:47:13.171 D/dalvikvm( 2070): GC_FOR_ALLOC freed 2077K, 34% free 8339K/12624K, paused 4ms, total 4ms
02-03 10:47:13.181 D/dalvikvm( 2070): GC_FOR_ALLOC freed 2093K, 34% free 8342K/12624K, paused 3ms, total 3ms
02-03 10:47:13.181 D/dalvikvm( 2070): GC_FOR_ALLOC freed 2110K, 36% free 8194K/12624K, paused 3ms, total 3ms
02-03 10:47:13.191 D/dalvikvm( 2070): GC_FOR_ALLOC freed 2127K, 36% free 8196K/12624K, paused 4ms, total 4ms
02-03 10:47:13.191 D/dalvikvm( 2070): GC_FOR_ALLOC freed 2144K, 36% free 8198K/12624K, paused 3ms, total 3ms
02-03 10:47:13.201 D/dalvikvm( 2070): GC_FOR_ALLOC freed 2160K, 36% free 8200K/12624K, paused 3ms, total 3ms
02-03 10:47:13.201 D/dalvikvm( 2070): GC_FOR_ALLOC freed 2177K, 36% free 8201K/12624K, paused 3ms, total 3ms
02-03 10:47:13.211 D/dalvikvm( 2070): GC_FOR_ALLOC freed 2194K, 36% free 8203K/12624K, paused 4ms, total 4ms
02-03 10:47:13.211 D/dalvikvm( 2070): GC_FOR_ALLOC freed 2211K, 36% free 8205K/12624K, paused 3ms, total 3ms
02-03 10:47:13.221 D/dalvikvm( 2070): GC_FOR_ALLOC freed 2227K, 35% free 8207K/12624K, paused 3ms, total 3ms
02-03 10:47:13.221 D/dalvikvm( 2070): GC_FOR_ALLOC freed 2246K, 35% free 8209K/12624K, paused 4ms, total 4ms
02-03 10:47:13.231 D/dalvikvm( 2070): GC_FOR_ALLOC freed 2102K, 36% free 8130K/12624K, paused 3ms, total 4ms
02-03 10:47:13.231 D/dalvikvm( 2070): GC_FOR_ALLOC freed 2279K, 36% free 8132K/12624K, paused 3ms, total 3ms
02-03 10:47:13.241 D/dalvikvm( 2070): GC_FOR_ALLOC freed 2297K, 36% free 8133K/12624K, paused 3ms, total 3ms
02-03 10:47:13.241 D/dalvikvm( 2070): GC_FOR_ALLOC freed 2314K, 36% free 8134K/12624K, paused 3ms, total 3ms
02-03 10:47:13.251 D/dalvikvm( 2070): GC_FOR_ALLOC freed 2333K, 36% free 8135K/12624K, paused 3ms, total 3ms
02-03 10:47:13.251 D/dalvikvm( 2070): GC_FOR_ALLOC freed 1929K, 34% free 8388K/12624K, paused 3ms, total 4ms
02-03 10:47:13.261 D/dalvikvm( 2070): GC_FOR_ALLOC freed 1772K, 34% free 8390K/12624K, paused 4ms, total 4ms
02-03 10:47:13.261 D/dalvikvm( 2070): GC_FOR_ALLOC freed 1781K, 34% free 8392K/12624K, paused 3ms, total 3ms
02-03 10:47:13.271 D/dalvikvm( 2070): GC_FOR_ALLOC freed 1790K, 34% free 8394K/12624K, paused 4ms, total 4ms
02-03 10:47:13.271 D/dalvikvm( 2070): GC_FOR_ALLOC freed 1800K, 34% free 8397K/12624K, paused 4ms, total 4ms
02-03 10:47:13.281 D/dalvikvm( 2070): GC_FOR_ALLOC freed 1809K, 34% free 8399K/12624K, paused 3ms, total 3ms
02-03 10:47:13.281 D/dalvikvm( 2070): GC_FOR_ALLOC freed 1819K, 34% free 8401K/12624K, paused 3ms, total 3ms
02-03 10:47:13.291 D/dalvikvm( 2070): GC_FOR_ALLOC freed 1828K, 34% free 8403K/12624K, paused 3ms, total 3ms
02-03 10:47:13.291 D/dalvikvm( 2070): GC_FOR_ALLOC freed 1837K, 34% free 8406K/12624K, paused 3ms, total 3ms
02-03 10:47:13.301 D/dalvikvm( 2070): GC_FOR_ALLOC freed 1847K, 34% free 8408K/12624K, paused 3ms, total 3ms
02-03 10:47:13.301 D/dalvikvm( 2070): GC_FOR_ALLOC freed 1856K, 34% free 8410K/12624K, paused 3ms, total 3ms
02-03 10:47:13.301 D/dalvikvm( 2070): GC_FOR_ALLOC freed 1866K, 34% free 8412K/12624K, paused 3ms, total 3ms
02-03 10:47:13.311 D/dalvikvm( 2070): GC_FOR_ALLOC freed 1875K, 34% free 8414K/12624K, paused 3ms, total 3ms
02-03 10:47:13.311 D/dalvikvm( 2070): GC_FOR_ALLOC freed 1885K, 34% free 8417K/12624K, paused 3ms, total 3ms
02-03 10:47:13.321 D/dalvikvm( 2070): GC_FOR_ALLOC freed 1894K, 34% free 8419K/12624K, paused 3ms, total 3ms
02-03 10:47:13.321 D/dalvikvm( 2070): GC_FOR_ALLOC freed 1903K, 34% free 8421K/12624K, paused 4ms, total 4ms
02-03 10:47:13.331 D/dalvikvm( 2070): GC_FOR_ALLOC freed 1913K, 34% free 8423K/12624K, paused 3ms, total 3ms
02-03 10:47:13.331 D/dalvikvm( 2070): GC_FOR_ALLOC freed 1922K, 34% free 8426K/12624K, paused 3ms, total 3ms
02-03 10:47:13.341 D/dalvikvm( 2070): GC_FOR_ALLOC freed 1932K, 34% free 8428K/12624K, paused 3ms, total 3ms
02-03 10:47:13.341 D/dalvikvm( 2070): GC_FOR_ALLOC freed 1941K, 34% free 8430K/12624K, paused 3ms, total 3ms
02-03 10:47:13.351 D/dalvikvm( 2070): GC_FOR_ALLOC freed 1950K, 34% free 8432K/12624K, paused 3ms, total 4ms
02-03 10:47:13.351 D/dalvikvm( 2070): GC_FOR_ALLOC freed 1960K, 34% free 8435K/12624K, paused 3ms, total 3ms
02-03 10:47:13.361 D/dalvikvm( 2070): GC_FOR_ALLOC freed 1969K, 34% free 8437K/12624K, paused 4ms, total 4ms
02-03 10:47:13.361 D/dalvikvm( 2070): GC_FOR_ALLOC freed 1979K, 34% free 8439K/12624K, paused 3ms, total 3ms
02-03 10:47:13.371 D/dalvikvm( 2070): GC_FOR_ALLOC freed 1988K, 35% free 8252K/12624K, paused 3ms, total 3ms
02-03 10:47:13.371 D/dalvikvm( 2070): GC_FOR_ALLOC freed 1997K, 35% free 8253K/12624K, paused 3ms, total 3ms
02-03 10:47:13.381 D/dalvikvm( 2070): GC_FOR_ALLOC freed 2007K, 35% free 8255K/12624K, paused 3ms, total 3ms
02-03 10:47:13.381 D/dalvikvm( 2070): GC_FOR_ALLOC freed 2016K, 35% free 8256K/12624K, paused 3ms, total 3ms
02-03 10:47:13.391 D/dalvikvm( 2070): GC_FOR_ALLOC freed 2026K, 35% free 8257K/12624K, paused 3ms, total 3ms
02-03 10:47:13.391 D/dalvikvm( 2070): GC_FOR_ALLOC freed 2035K, 35% free 8259K/12624K, paused 3ms, total 3ms
02-03 10:47:13.391 D/dalvikvm( 2070): GC_FOR_ALLOC freed 2045K, 35% free 8260K/12624K, paused 3ms, total 3ms
02-03 10:47:13.401 D/dalvikvm( 2070): GC_FOR_ALLOC freed 2054K, 35% free 8261K/12624K, paused 3ms, total 3ms
02-03 10:47:13.401 D/dalvikvm( 2070): GC_FOR_ALLOC freed 2063K, 35% free 8263K/12624K, paused 4ms, total 4ms
02-03 10:47:13.411 D/dalvikvm( 2070): GC_FOR_ALLOC freed 2073K, 35% free 8264K/12624K, paused 4ms, total 4ms
02-03 10:47:13.411 D/dalvikvm( 2070): GC_FOR_ALLOC freed 2082K, 35% free 8265K/12624K, paused 3ms, total 3ms
02-03 10:47:13.421 D/dalvikvm( 2070): GC_FOR_ALLOC freed 2092K, 35% free 8267K/12624K, paused 4ms, total 4ms
02-03 10:47:13.421 D/dalvikvm( 2070): GC_FOR_ALLOC freed 2101K, 35% free 8268K/12624K, paused 4ms, total 4ms
02-03 10:47:13.431 D/dalvikvm( 2070): GC_FOR_ALLOC freed 2110K, 35% free 8269K/12624K, paused 3ms, total 3ms
02-03 10:47:13.431 D/dalvikvm( 2070): GC_FOR_ALLOC freed 2120K, 35% free 8271K/12624K, paused 3ms, total 3ms
02-03 10:47:13.441 D/dalvikvm( 2070): GC_FOR_ALLOC freed 2129K, 35% free 8272K/12624K, paused 4ms, total 4ms
02-03 10:47:13.451 D/dalvikvm( 2070): GC_FOR_ALLOC freed 2139K, 35% free 8274K/12624K, paused 3ms, total 3ms
02-03 10:47:13.451 D/dalvikvm( 2070): GC_FOR_ALLOC freed 2149K, 35% free 8275K/12624K, paused 3ms, total 3ms
02-03 10:47:13.461 D/dalvikvm( 2070): GC_FOR_ALLOC freed 2283K, 36% free 8172K/12624K, paused 3ms, total 3ms
02-03 10:47:13.461 D/dalvikvm( 2070): GC_FOR_ALLOC freed 1954K, 33% free 8499K/12624K, paused 4ms, total 4ms
02-03 10:47:13.471 D/dalvikvm( 2070): GC_FOR_ALLOC freed 2095K, 36% free 8168K/12624K, paused 3ms, total 3ms
02-03 10:47:13.471 D/dalvikvm( 2070): GC_FOR_ALLOC freed 1630K, 40% free 7642K/12624K, paused 3ms, total 3ms
02-03 10:47:13.481 D/dalvikvm( 2070): GC_FOR_ALLOC freed 4K, 32% free 8663K/12624K, paused 3ms, total 3ms
02-03 10:47:13.481 I/dalvikvm-heap( 2070): Grow heap (frag case) to 9.502MB for 1048592-byte allocation
02-03 10:47:13.481 D/dalvikvm( 2070): GC_FOR_ALLOC freed <1K, 30% free 9687K/13652K, paused 2ms, total 2ms
02-03 10:47:13.481 D/dalvikvm( 2070): GC_FOR_ALLOC freed <1K, 30% free 9687K/13652K, paused 2ms, total 2ms
02-03 10:47:13.481 I/dalvikvm-heap( 2070): Grow heap (frag case) to 10.502MB for 1048592-byte allocation
02-03 10:47:13.491 D/dalvikvm( 2070): GC_FOR_ALLOC freed 0K, 28% free 10711K/14680K, paused 3ms, total 3ms
02-03 10:47:13.891 D/dalvikvm( 2070): GC_CONCURRENT freed 6750K, 46% free 8027K/14844K, paused 1ms+1ms, total 17ms
02-03 10:47:13.891 D/dalvikvm( 2070): WAIT_FOR_CONCURRENT_GC blocked 16ms
02-03 10:47:13.901 D/dalvikvm( 2070): GC_CONCURRENT freed 4018K, 35% free 8085K/12416K, paused 1ms+1ms, total 4ms
02-03 10:47:13.901 D/dalvikvm( 2070): WAIT_FOR_CONCURRENT_GC blocked 4ms
02-03 10:47:13.911 D/dalvikvm( 2070): GC_FOR_ALLOC freed 3694K, 36% free 8017K/12416K, paused 4ms, total 4ms
02-03 10:47:13.921 D/dalvikvm( 2070): GC_FOR_ALLOC freed 3491K, 36% free 8035K/12416K, paused 4ms, total 4ms
02-03 10:47:13.931 D/dalvikvm( 2070): GC_FOR_ALLOC freed 3456K, 36% free 8039K/12416K, paused 4ms, total 4ms
02-03 10:47:13.931 D/dalvikvm( 2070): GC_FOR_ALLOC freed 3249K, 36% free 8070K/12416K, paused 4ms, total 4ms
02-03 10:47:13.941 D/dalvikvm( 2070): GC_FOR_ALLOC freed 3063K, 36% free 8068K/12416K, paused 5ms, total 5ms
02-03 10:47:13.951 D/dalvikvm( 2070): GC_FOR_ALLOC freed 3029K, 36% free 8066K/12416K, paused 3ms, total 3ms
02-03 10:47:13.951 D/dalvikvm( 2070): GC_FOR_ALLOC freed 2949K, 36% free 8067K/12416K, paused 4ms, total 4ms
02-03 10:47:13.961 D/dalvikvm( 2070): GC_FOR_ALLOC freed 2836K, 35% free 8143K/12416K, paused 4ms, total 4ms
02-03 10:47:13.971 D/dalvikvm( 2070): GC_FOR_ALLOC freed 2884K, 36% free 8031K/12416K, paused 4ms, total 4ms
02-03 10:47:13.971 D/dalvikvm( 2070): GC_FOR_ALLOC freed 2882K, 35% free 8102K/12416K, paused 3ms, total 3ms
02-03 10:47:13.981 D/dalvikvm( 2070): GC_FOR_ALLOC freed 2830K, 36% free 8061K/12416K, paused 4ms, total 4ms
02-03 10:47:13.991 D/dalvikvm( 2070): GC_FOR_ALLOC freed 3018K, 36% free 8060K/12416K, paused 5ms, total 5ms
02-03 10:47:13.991 D/dalvikvm( 2070): GC_FOR_ALLOC freed 2896K, 35% free 8193K/12416K, paused 3ms, total 3ms
02-03 10:47:14.001 D/dalvikvm( 2070): GC_FOR_ALLOC freed 2894K, 35% free 8103K/12416K, paused 3ms, total 3ms
02-03 10:47:14.001 D/dalvikvm( 2070): GC_FOR_ALLOC freed 2978K, 35% free 8103K/12416K, paused 4ms, total 4ms
02-03 10:47:14.011 D/dalvikvm( 2070): GC_FOR_ALLOC freed 2965K, 36% free 8054K/12416K, paused 4ms, total 4ms
02-03 10:47:14.011 D/dalvikvm( 2070): GC_FOR_ALLOC freed 2792K, 36% free 8053K/12416K, paused 3ms, total 4ms
02-03 10:47:14.021 D/dalvikvm( 2070): GC_FOR_ALLOC freed 2962K, 35% free 8134K/12416K, paused 4ms, total 4ms
02-03 10:47:14.031 D/dalvikvm( 2070): GC_FOR_ALLOC freed 2928K, 35% free 8134K/12416K, paused 4ms, total 4ms
02-03 10:47:14.041 D/dalvikvm( 2070): GC_FOR_ALLOC freed 2995K, 35% free 8133K/12416K, paused 4ms, total 4ms
02-03 10:47:14.041 D/dalvikvm( 2070): GC_FOR_ALLOC freed 2676K, 34% free 8242K/12416K, paused 3ms, total 3ms
02-03 10:47:14.051 D/dalvikvm( 2070): GC_FOR_ALLOC freed 3008K, 35% free 8077K/12416K, paused 4ms, total 4ms
02-03 10:47:14.051 D/dalvikvm( 2070): GC_FOR_ALLOC freed 2497K, 34% free 8245K/12416K, paused 3ms, total 3ms
02-03 10:47:14.061 D/dalvikvm( 2070): GC_FOR_ALLOC freed 2423K, 35% free 8129K/12416K, paused 3ms, total 3ms
02-03 10:47:14.061 D/dalvikvm( 2070): GC_FOR_ALLOC freed 2460K, 35% free 8128K/12416K, paused 3ms, total 3ms
02-03 10:47:14.071 D/dalvikvm( 2070): GC_FOR_ALLOC freed 2498K, 35% free 8159K/12416K, paused 4ms, total 4ms
02-03 10:47:14.071 D/dalvikvm( 2070): GC_FOR_ALLOC freed 2536K, 35% free 8157K/12416K, paused 3ms, total 3ms
02-03 10:47:14.081 D/dalvikvm( 2070): GC_FOR_ALLOC freed 2573K, 35% free 8156K/12416K, paused 3ms, total 3ms
02-03 10:47:14.091 D/dalvikvm( 2070): GC_FOR_ALLOC freed 2611K, 35% free 8155K/12416K, paused 3ms, total 3ms
02-03 10:47:14.091 D/dalvikvm( 2070): GC_FOR_ALLOC freed 2649K, 35% free 8154K/12416K, paused 3ms, total 3ms
02-03 10:47:14.101 D/dalvikvm( 2070): GC_FOR_ALLOC freed 2686K, 35% free 8152K/12416K, paused 4ms, total 4ms
02-03 10:47:14.101 D/dalvikvm( 2070): GC_FOR_ALLOC freed 2594K, 35% free 8086K/12416K, paused 4ms, total 4ms
02-03 10:47:14.111 D/dalvikvm( 2070): GC_FOR_ALLOC freed 2429K, 34% free 8281K/12416K, paused 5ms, total 5ms
02-03 10:47:14.111 D/dalvikvm( 2070): GC_FOR_ALLOC freed 2326K, 35% free 8179K/12416K, paused 4ms, total 4ms
02-03 10:47:14.121 D/dalvikvm( 2070): GC_FOR_ALLOC freed 2352K, 35% free 8178K/12416K, paused 4ms, total 4ms
02-03 10:47:14.131 D/dalvikvm( 2070): GC_FOR_ALLOC freed 2242K, 35% free 8108K/12416K, paused 3ms, total 4ms
02-03 10:47:14.131 D/dalvikvm( 2070): GC_FOR_ALLOC freed 2054K, 34% free 8315K/12416K, paused 3ms, total 3ms
02-03 10:47:14.141 D/dalvikvm( 2070): GC_FOR_ALLOC freed 1935K, 34% free 8318K/12416K, paused 3ms, total 3ms
02-03 10:47:14.141 D/dalvikvm( 2070): GC_FOR_ALLOC freed 2306K, 35% free 8108K/12416K, paused 3ms, total 3ms
02-03 10:47:14.151 D/dalvikvm( 2070): GC_FOR_ALLOC freed 2112K, 33% free 8321K/12416K, paused 3ms, total 3ms
02-03 10:47:14.151 D/dalvikvm( 2070): GC_FOR_ALLOC freed 2350K, 35% free 8107K/12416K, paused 3ms, total 4ms
02-03 10:47:14.161 D/dalvikvm( 2070): GC_FOR_ALLOC freed 2152K, 33% free 8323K/12416K, paused 4ms, total 4ms
02-03 10:47:14.161 D/dalvikvm( 2070): GC_FOR_ALLOC freed 2395K, 35% free 8106K/12416K, paused 4ms, total 4ms
02-03 10:47:14.171 D/dalvikvm( 2070): GC_FOR_ALLOC freed 2193K, 33% free 8326K/12416K, paused 3ms, total 3ms
02-03 10:47:14.171 D/dalvikvm( 2070): GC_FOR_ALLOC freed 2439K, 35% free 8104K/12416K, paused 4ms, total 4ms
02-03 10:47:14.181 D/dalvikvm( 2070): GC_FOR_ALLOC freed 2233K, 33% free 8329K/12416K, paused 3ms, total 3ms
02-03 10:47:14.181 D/dalvikvm( 2070): GC_FOR_ALLOC freed 2483K, 35% free 8103K/12416K, paused 3ms, total 3ms
02-03 10:47:14.191 D/dalvikvm( 2070): GC_FOR_ALLOC freed 2273K, 35% free 8180K/12416K, paused 4ms, total 4ms
02-03 10:47:14.201 D/dalvikvm( 2070): GC_FOR_ALLOC freed 2140K, 35% free 8181K/12416K, paused 4ms, total 4ms
02-03 10:47:14.201 D/dalvikvm( 2070): GC_FOR_ALLOC freed 2156K, 35% free 8183K/12416K, paused 3ms, total 4ms
02-03 10:47:14.211 D/dalvikvm( 2070): GC_FOR_ALLOC freed 2018K, 35% free 8108K/12416K, paused 4ms, total 4ms
02-03 10:47:14.211 D/dalvikvm( 2070): GC_FOR_ALLOC freed 2189K, 35% free 8109K/12416K, paused 3ms, total 3ms
02-03 10:47:14.221 D/dalvikvm( 2070): GC_FOR_ALLOC freed 2205K, 35% free 8110K/12416K, paused 3ms, total 3ms
02-03 10:47:14.221 D/dalvikvm( 2070): GC_FOR_ALLOC freed 2222K, 35% free 8111K/12416K, paused 5ms, total 5ms
02-03 10:47:14.231 D/dalvikvm( 2070): GC_FOR_ALLOC freed 2239K, 35% free 8113K/12416K, paused 4ms, total 4ms
02-03 10:47:14.231 D/dalvikvm( 2070): GC_FOR_ALLOC freed 2258K, 35% free 8114K/12416K, paused 3ms, total 3ms
02-03 10:47:14.241 D/dalvikvm( 2070): GC_FOR_ALLOC freed 2275K, 35% free 8115K/12416K, paused 3ms, total 3ms
02-03 10:47:14.241 D/dalvikvm( 2070): GC_FOR_ALLOC freed 2293K, 35% free 8117K/12416K, paused 3ms, total 3ms
02-03 10:47:14.251 D/dalvikvm( 2070): GC_FOR_ALLOC freed 2310K, 35% free 8118K/12416K, paused 3ms, total 3ms
02-03 10:47:14.251 D/dalvikvm( 2070): GC_FOR_ALLOC freed 1910K, 33% free 8368K/12416K, paused 3ms, total 3ms
02-03 10:47:14.261 D/dalvikvm( 2070): GC_FOR_ALLOC freed 1756K, 33% free 8370K/12416K, paused 4ms, total 4ms
02-03 10:47:14.261 D/dalvikvm( 2070): GC_FOR_ALLOC freed 1765K, 33% free 8372K/12416K, paused 3ms, total 3ms
02-03 10:47:14.271 D/dalvikvm( 2070): GC_FOR_ALLOC freed 1775K, 33% free 8375K/12416K, paused 3ms, total 3ms
02-03 10:47:14.271 D/dalvikvm( 2070): GC_FOR_ALLOC freed 1784K, 33% free 8377K/12416K, paused 3ms, total 4ms
02-03 10:47:14.281 D/dalvikvm( 2070): GC_FOR_ALLOC freed 1794K, 33% free 8379K/12416K, paused 4ms, total 4ms
02-03 10:47:14.281 D/dalvikvm( 2070): GC_FOR_ALLOC freed 1803K, 33% free 8381K/12416K, paused 3ms, total 3ms
02-03 10:47:14.291 D/dalvikvm( 2070): GC_FOR_ALLOC freed 1812K, 33% free 8384K/12416K, paused 4ms, total 4ms
02-03 10:47:14.301 D/dalvikvm( 2070): GC_FOR_ALLOC freed 1822K, 33% free 8386K/12416K, paused 3ms, total 4ms
02-03 10:47:14.301 D/dalvikvm( 2070): GC_FOR_ALLOC freed 1831K, 33% free 8388K/12416K, paused 3ms, total 3ms
02-03 10:47:14.301 D/dalvikvm( 2070): GC_FOR_ALLOC freed 1841K, 33% free 8390K/12416K, paused 3ms, total 3ms
02-03 10:47:14.311 D/dalvikvm( 2070): GC_FOR_ALLOC freed 1850K, 33% free 8393K/12416K, paused 3ms, total 3ms
02-03 10:47:14.311 D/dalvikvm( 2070): GC_FOR_ALLOC freed 1859K, 33% free 8395K/12416K, paused 3ms, total 3ms
02-03 10:47:14.321 D/dalvikvm( 2070): GC_FOR_ALLOC freed 1869K, 33% free 8397K/12416K, paused 4ms, total 4ms
02-03 10:47:14.321 D/dalvikvm( 2070): GC_FOR_ALLOC freed 1878K, 33% free 8399K/12416K, paused 3ms, total 3ms
02-03 10:47:14.331 D/dalvikvm( 2070): GC_FOR_ALLOC freed 1888K, 33% free 8401K/12416K, paused 3ms, total 3ms
02-03 10:47:14.331 D/dalvikvm( 2070): GC_FOR_ALLOC freed 1897K, 33% free 8404K/12416K, paused 3ms, total 3ms
02-03 10:47:14.341 D/dalvikvm( 2070): GC_FOR_ALLOC freed 1907K, 33% free 8406K/12416K, paused 3ms, total 3ms
02-03 10:47:14.341 D/dalvikvm( 2070): GC_FOR_ALLOC freed 1916K, 34% free 8226K/12416K, paused 5ms, total 5ms
02-03 10:47:14.351 D/dalvikvm( 2070): GC_FOR_ALLOC freed 1925K, 34% free 8227K/12416K, paused 3ms, total 3ms
02-03 10:47:14.351 D/dalvikvm( 2070): GC_FOR_ALLOC freed 1935K, 34% free 8228K/12416K, paused 3ms, total 3ms
02-03 10:47:14.361 D/dalvikvm( 2070): GC_FOR_ALLOC freed 1759K, 35% free 8138K/12416K, paused 5ms, total 5ms
02-03 10:47:14.361 D/dalvikvm( 2070): GC_FOR_ALLOC freed 1953K, 35% free 8139K/12416K, paused 3ms, total 3ms
02-03 10:47:14.371 D/dalvikvm( 2070): GC_FOR_ALLOC freed 1962K, 35% free 8139K/12416K, paused 3ms, total 3ms
02-03 10:47:14.371 D/dalvikvm( 2070): GC_FOR_ALLOC freed 1971K, 35% free 8140K/12416K, paused 3ms, total 3ms
02-03 10:47:14.381 D/dalvikvm( 2070): GC_FOR_ALLOC freed 1981K, 35% free 8141K/12416K, paused 3ms, total 3ms
02-03 10:47:14.381 D/dalvikvm( 2070): GC_FOR_ALLOC freed 1990K, 35% free 8142K/12416K, paused 3ms, total 3ms
02-03 10:47:14.391 D/dalvikvm( 2070): GC_FOR_ALLOC freed 2000K, 35% free 8143K/12416K, paused 4ms, total 4ms
02-03 10:47:14.391 D/dalvikvm( 2070): GC_FOR_ALLOC freed 2009K, 35% free 8144K/12416K, paused 4ms, total 4ms
02-03 10:47:14.401 D/dalvikvm( 2070): GC_FOR_ALLOC freed 2019K, 35% free 8145K/12416K, paused 3ms, total 3ms
02-03 10:47:14.401 D/dalvikvm( 2070): GC_FOR_ALLOC freed 2028K, 35% free 8146K/12416K, paused 3ms, total 3ms
02-03 10:47:14.411 D/dalvikvm( 2070): GC_FOR_ALLOC freed 2037K, 35% free 8147K/12416K, paused 3ms, total 3ms
02-03 10:47:14.411 D/dalvikvm( 2070): GC_FOR_ALLOC freed 2047K, 35% free 8148K/12416K, paused 3ms, total 3ms
02-03 10:47:14.421 D/dalvikvm( 2070): GC_FOR_ALLOC freed 2056K, 35% free 8148K/12416K, paused 4ms, total 4ms
02-03 10:47:14.431 D/dalvikvm( 2070): GC_FOR_ALLOC freed 2066K, 35% free 8149K/12416K, paused 5ms, total 5ms
02-03 10:47:14.431 D/dalvikvm( 2070): GC_FOR_ALLOC freed 2075K, 35% free 8150K/12416K, paused 3ms, total 3ms
02-03 10:47:14.441 D/dalvikvm( 2070): GC_FOR_ALLOC freed 2084K, 35% free 8151K/12416K, paused 3ms, total 3ms
02-03 10:47:14.441 D/dalvikvm( 2070): GC_FOR_ALLOC freed 2094K, 35% free 8152K/12416K, paused 5ms, total 5ms
02-03 10:47:14.451 D/dalvikvm( 2070): GC_FOR_ALLOC freed 2103K, 35% free 8153K/12416K, paused 4ms, total 4ms
02-03 10:47:14.451 D/dalvikvm( 2070): GC_FOR_ALLOC freed 1608K, 32% free 8455K/12416K, paused 3ms, total 3ms
02-03 10:47:14.461 D/dalvikvm( 2070): GC_FOR_ALLOC freed 1918K, 35% free 8154K/12416K, paused 3ms, total 3ms
02-03 10:47:14.461 D/dalvikvm( 2070): GC_FOR_ALLOC freed 1620K, 32% free 8458K/12416K, paused 3ms, total 3ms
02-03 10:47:14.471 D/dalvikvm( 2070): GC_FOR_ALLOC freed 1932K, 35% free 8156K/12416K, paused 3ms, total 3ms
02-03 10:47:14.471 D/dalvikvm( 2070): GC_FOR_ALLOC freed 1633K, 32% free 8462K/12416K, paused 3ms, total 3ms
02-03 10:47:14.481 D/dalvikvm( 2070): GC_FOR_ALLOC freed 1434K, 32% free 8464K/12416K, paused 4ms, total 4ms
02-03 10:47:14.481 D/dalvikvm( 2070): GC_FOR_ALLOC freed 1680K, 34% free 8264K/12416K, paused 3ms, total 3ms
02-03 10:47:14.491 D/dalvikvm( 2070): GC_FOR_ALLOC freed 1804K, 32% free 8496K/12416K, paused 3ms, total 3ms
02-03 10:47:14.491 D/dalvikvm( 2070): GC_FOR_ALLOC freed 2087K, 36% free 8172K/12640K, paused 3ms, total 3ms
02-03 10:47:14.501 D/dalvikvm( 2070): GC_FOR_ALLOC freed 2402K, 40% free 7646K/12640K, paused 3ms, total 3ms
02-03 10:47:14.501 D/dalvikvm( 2070): GC_FOR_ALLOC freed 4K, 32% free 8667K/12640K, paused 2ms, total 2ms
02-03 10:47:14.511 I/dalvikvm-heap( 2070): Grow heap (frag case) to 9.506MB for 1048592-byte allocation
02-03 10:47:14.511 D/dalvikvm( 2070): GC_FOR_ALLOC freed <1K, 30% free 9691K/13668K, paused 3ms, total 3ms
02-03 10:47:14.511 D/dalvikvm( 2070): GC_FOR_ALLOC freed <1K, 30% free 9691K/13668K, paused 2ms, total 2ms
02-03 10:47:14.511 I/dalvikvm-heap( 2070): Grow heap (frag case) to 10.506MB for 1048592-byte allocation
02-03 10:47:14.521 D/dalvikvm( 2070): GC_FOR_ALLOC freed 0K, 28% free 10715K/14696K, paused 3ms, total 3ms
02-03 10:47:14.891 D/dalvikvm( 2070): GC_CONCURRENT freed 6746K, 46% free 8027K/14856K, paused 1ms+2ms, total 17ms
02-03 10:47:14.891 D/dalvikvm( 2070): WAIT_FOR_CONCURRENT_GC blocked 16ms
02-03 10:47:14.901 D/dalvikvm( 2070): GC_CONCURRENT freed 3983K, 35% free 8037K/12364K, paused 1ms+1ms, total 5ms
02-03 10:47:14.911 D/dalvikvm( 2070): GC_FOR_ALLOC freed 3626K, 35% free 8077K/12364K, paused 4ms, total 4ms
02-03 10:47:14.921 D/dalvikvm( 2070): GC_FOR_ALLOC freed 3551K, 36% free 8008K/12364K, paused 4ms, total 4ms
02-03 10:47:14.931 D/dalvikvm( 2070): GC_FOR_ALLOC freed 3310K, 36% free 8034K/12364K, paused 4ms, total 4ms
02-03 10:47:14.931 D/dalvikvm( 2070): GC_FOR_ALLOC freed 3023K, 35% free 8124K/12364K, paused 3ms, total 3ms
02-03 10:47:14.941 D/dalvikvm( 2070): GC_FOR_ALLOC freed 2971K, 36% free 8032K/12364K, paused 4ms, total 4ms
02-03 10:47:14.951 D/dalvikvm( 2070): GC_FOR_ALLOC freed 2998K, 36% free 8028K/12364K, paused 4ms, total 4ms
02-03 10:47:14.951 D/dalvikvm( 2070): GC_FOR_ALLOC freed 2991K, 35% free 8062K/12364K, paused 4ms, total 4ms
02-03 10:47:14.961 D/dalvikvm( 2070): GC_FOR_ALLOC freed 2813K, 35% free 8137K/12364K, paused 4ms, total 4ms
02-03 10:47:14.971 D/dalvikvm( 2070): GC_FOR_ALLOC freed 2862K, 35% free 8058K/12364K, paused 4ms, total 4ms
02-03 10:47:14.971 D/dalvikvm( 2070): GC_FOR_ALLOC freed 2860K, 35% free 8097K/12364K, paused 3ms, total 3ms
02-03 10:47:14.981 D/dalvikvm( 2070): GC_FOR_ALLOC freed 2809K, 35% free 8056K/12364K, paused 4ms, total 4ms
02-03 10:47:14.981 D/dalvikvm( 2070): GC_FOR_ALLOC freed 2780K, 34% free 8184K/12364K, paused 4ms, total 4ms
02-03 10:47:14.991 D/dalvikvm( 2070): GC_FOR_ALLOC freed 2781K, 34% free 8187K/12364K, paused 4ms, total 4ms
02-03 10:47:15.001 D/dalvikvm( 2070): GC_FOR_ALLOC freed 2865K, 35% free 8098K/12364K, paused 4ms, total 4ms
02-03 10:47:15.001 D/dalvikvm( 2070): GC_FOR_ALLOC freed 2950K, 35% free 8098K/12364K, paused 4ms, total 4ms
02-03 10:47:15.011 D/dalvikvm( 2070): GC_FOR_ALLOC freed 2694K, 34% free 8194K/12364K, paused 4ms, total 4ms
02-03 10:47:15.011 D/dalvikvm( 2070): GC_FOR_ALLOC freed 2661K, 35% free 8080K/12364K, paused 3ms, total 3ms
02-03 10:47:15.021 D/dalvikvm( 2070): GC_FOR_ALLOC freed 2927K, 35% free 8128K/12364K, paused 4ms, total 4ms
02-03 10:47:15.031 D/dalvikvm( 2070): GC_FOR_ALLOC freed 2895K, 35% free 8128K/12364K, paused 5ms, total 5ms
02-03 10:47:15.031 D/dalvikvm( 2070): GC_FOR_ALLOC freed 2855K, 35% free 8075K/12364K, paused 3ms, total 3ms
02-03 10:47:15.041 D/dalvikvm( 2070): GC_FOR_ALLOC freed 2645K, 35% free 8073K/12364K, paused 3ms, total 3ms
02-03 10:47:15.051 D/dalvikvm( 2070): GC_FOR_ALLOC freed 2806K, 35% free 8126K/12364K, paused 3ms, total 3ms
02-03 10:47:15.051 D/dalvikvm( 2070): GC_FOR_ALLOC freed 2636K, 35% free 8069K/12364K, paused 4ms, total 4ms
02-03 10:47:15.061 D/dalvikvm( 2070): GC_FOR_ALLOC freed 2510K, 34% free 8238K/12364K, paused 3ms, total 3ms
02-03 10:47:15.061 D/dalvikvm( 2070): GC_FOR_ALLOC freed 2435K, 35% free 8154K/12364K, paused 3ms, total 3ms
02-03 10:47:15.071 D/dalvikvm( 2070): GC_FOR_ALLOC freed 2473K, 35% free 8153K/12364K, paused 4ms, total 4ms
02-03 10:47:15.071 D/dalvikvm( 2070): GC_FOR_ALLOC freed 2511K, 35% free 8152K/12364K, paused 3ms, total 3ms
02-03 10:47:15.081 D/dalvikvm( 2070): GC_FOR_ALLOC freed 2548K, 35% free 8150K/12364K, paused 3ms, total 3ms
02-03 10:47:15.081 D/dalvikvm( 2070): GC_FOR_ALLOC freed 2586K, 35% free 8149K/12364K, paused 3ms, total 3ms
02-03 10:47:15.091 D/dalvikvm( 2070): GC_FOR_ALLOC freed 2498K, 35% free 8086K/12364K, paused 3ms, total 3ms
02-03 10:47:15.091 D/dalvikvm( 2070): GC_FOR_ALLOC freed 2660K, 35% free 8083K/12364K, paused 4ms, total 4ms
02-03 10:47:15.101 D/dalvikvm( 2070): GC_FOR_ALLOC freed 2697K, 35% free 8081K/12364K, paused 3ms, total 4ms
02-03 10:47:15.111 D/dalvikvm( 2070): GC_FOR_ALLOC freed 2407K, 33% free 8306K/12364K, paused 4ms, total 4ms
02-03 10:47:15.111 D/dalvikvm( 2070): GC_FOR_ALLOC freed 2173K, 35% free 8108K/12364K, paused 4ms, total 4ms
02-03 10:47:15.121 D/dalvikvm( 2070): GC_FOR_ALLOC freed 2329K, 35% free 8106K/12364K, paused 4ms, total 4ms
02-03 10:47:15.121 D/dalvikvm( 2070): GC_FOR_ALLOC freed 2355K, 35% free 8103K/12364K, paused 3ms, total 3ms
02-03 10:47:15.131 D/dalvikvm( 2070): GC_FOR_ALLOC freed 2036K, 33% free 8308K/12364K, paused 3ms, total 4ms
02-03 10:47:15.131 D/dalvikvm( 2070): GC_FOR_ALLOC freed 2266K, 35% free 8102K/12364K, paused 3ms, total 3ms
02-03 10:47:15.141 D/dalvikvm( 2070): GC_FOR_ALLOC freed 2076K, 33% free 8311K/12364K, paused 4ms, total 4ms
02-03 10:47:15.141 D/dalvikvm( 2070): GC_FOR_ALLOC freed 2311K, 35% free 8101K/12364K, paused 4ms, total 4ms
02-03 10:47:15.151 D/dalvikvm( 2070): GC_FOR_ALLOC freed 2117K, 33% free 8313K/12364K, paused 3ms, total 3ms
02-03 10:47:15.151 D/dalvikvm( 2070): GC_FOR_ALLOC freed 2355K, 35% free 8099K/12364K, paused 3ms, total 3ms
02-03 10:47:15.161 D/dalvikvm( 2070): GC_FOR_ALLOC freed 2157K, 33% free 8316K/12364K, paused 3ms, total 3ms
02-03 10:47:15.161 D/dalvikvm( 2070): GC_FOR_ALLOC freed 2031K, 33% free 8319K/12364K, paused 3ms, total 3ms
02-03 10:47:15.171 D/dalvikvm( 2070): GC_FOR_ALLOC freed 2047K, 33% free 8322K/12364K, paused 3ms, total 3ms
02-03 10:47:15.171 D/dalvikvm( 2070): GC_FOR_ALLOC freed 2064K, 33% free 8325K/12364K, paused 3ms, total 3ms
02-03 10:47:15.181 D/dalvikvm( 2070): GC_FOR_ALLOC freed 2081K, 33% free 8328K/12364K, paused 4ms, total 4ms
02-03 10:47:15.181 D/dalvikvm( 2070): GC_FOR_ALLOC freed 2098K, 33% free 8331K/12364K, paused 3ms, total 3ms
02-03 10:47:15.191 D/dalvikvm( 2070): GC_FOR_ALLOC freed 2114K, 34% free 8183K/12364K, paused 4ms, total 4ms
02-03 10:47:15.201 D/dalvikvm( 2070): GC_FOR_ALLOC freed 1979K, 35% free 8109K/12364K, paused 4ms, total 4ms
02-03 10:47:15.201 D/dalvikvm( 2070): GC_FOR_ALLOC freed 2147K, 35% free 8110K/12364K, paused 3ms, total 3ms
02-03 10:47:15.211 D/dalvikvm( 2070): GC_FOR_ALLOC freed 2163K, 35% free 8111K/12364K, paused 3ms, total 3ms
02-03 10:47:15.211 D/dalvikvm( 2070): GC_FOR_ALLOC freed 2180K, 35% free 8112K/12364K, paused 3ms, total 3ms
02-03 10:47:15.221 D/dalvikvm( 2070): GC_FOR_ALLOC freed 2197K, 35% free 8114K/12364K, paused 4ms, total 4ms
02-03 10:47:15.221 D/dalvikvm( 2070): GC_FOR_ALLOC freed 2214K, 35% free 8115K/12364K, paused 4ms, total 4ms
02-03 10:47:15.231 D/dalvikvm( 2070): GC_FOR_ALLOC freed 2230K, 35% free 8116K/12364K, paused 4ms, total 4ms
02-03 10:47:15.231 D/dalvikvm( 2070): GC_FOR_ALLOC freed 1846K, 33% free 8358K/12364K, paused 4ms, total 4ms
02-03 10:47:15.241 D/dalvikvm( 2070): GC_FOR_ALLOC freed 1696K, 33% free 8360K/12364K, paused 4ms, total 4ms
02-03 10:47:15.241 D/dalvikvm( 2070): GC_FOR_ALLOC freed 2113K, 35% free 8119K/12364K, paused 4ms, total 4ms
02-03 10:47:15.251 D/dalvikvm( 2070): GC_FOR_ALLOC freed 1882K, 33% free 8365K/12364K, paused 4ms, total 4ms
02-03 10:47:15.251 D/dalvikvm( 2070): GC_FOR_ALLOC freed 1729K, 33% free 8368K/12364K, paused 3ms, total 3ms
02-03 10:47:15.261 D/dalvikvm( 2070): GC_FOR_ALLOC freed 1738K, 33% free 8370K/12364K, paused 3ms, total 3ms
02-03 10:47:15.261 D/dalvikvm( 2070): GC_FOR_ALLOC freed 1749K, 33% free 8373K/12364K, paused 4ms, total 4ms
02-03 10:47:15.271 D/dalvikvm( 2070): GC_FOR_ALLOC freed 1759K, 33% free 8375K/12364K, paused 4ms, total 4ms
02-03 10:47:15.271 D/dalvikvm( 2070): GC_FOR_ALLOC freed 1768K, 34% free 8209K/12364K, paused 4ms, total 4ms
02-03 10:47:15.281 D/dalvikvm( 2070): GC_FOR_ALLOC freed 1778K, 33% free 8379K/12364K, paused 6ms, total 6ms
02-03 10:47:15.281 D/dalvikvm( 2070): GC_FOR_ALLOC freed 1787K, 33% free 8382K/12364K, paused 3ms, total 3ms
02-03 10:47:15.291 D/dalvikvm( 2070): GC_FOR_ALLOC freed 1797K, 33% free 8384K/12364K, paused 3ms, total 3ms
02-03 10:47:15.291 D/dalvikvm( 2070): GC_FOR_ALLOC freed 1806K, 33% free 8386K/12364K, paused 4ms, total 4ms
02-03 10:47:15.301 D/dalvikvm( 2070): GC_FOR_ALLOC freed 1815K, 33% free 8388K/12364K, paused 3ms, total 3ms
02-03 10:47:15.301 D/dalvikvm( 2070): GC_FOR_ALLOC freed 1825K, 33% free 8391K/12364K, paused 3ms, total 3ms
02-03 10:47:15.311 D/dalvikvm( 2070): GC_FOR_ALLOC freed 1834K, 34% free 8218K/12364K, paused 3ms, total 3ms
02-03 10:47:15.311 D/dalvikvm( 2070): GC_FOR_ALLOC freed 1844K, 34% free 8219K/12364K, paused 3ms, total 3ms
02-03 10:47:15.321 D/dalvikvm( 2070): GC_FOR_ALLOC freed 1853K, 34% free 8221K/12364K, paused 3ms, total 4ms
02-03 10:47:15.321 D/dalvikvm( 2070): GC_FOR_ALLOC freed 1863K, 34% free 8222K/12364K, paused 4ms, total 4ms
02-03 10:47:15.331 D/dalvikvm( 2070): GC_FOR_ALLOC freed 1872K, 34% free 8223K/12364K, paused 3ms, total 3ms
02-03 10:47:15.331 D/dalvikvm( 2070): GC_FOR_ALLOC freed 1881K, 34% free 8225K/12364K, paused 3ms, total 4ms
02-03 10:47:15.341 D/dalvikvm( 2070): GC_FOR_ALLOC freed 1891K, 34% free 8226K/12364K, paused 3ms, total 3ms
02-03 10:47:15.341 D/dalvikvm( 2070): GC_FOR_ALLOC freed 1900K, 34% free 8227K/12364K, paused 3ms, total 3ms
02-03 10:47:15.351 D/dalvikvm( 2070): GC_FOR_ALLOC freed 1910K, 34% free 8229K/12364K, paused 3ms, total 3ms
02-03 10:47:15.351 D/dalvikvm( 2070): GC_FOR_ALLOC freed 1736K, 35% free 8139K/12364K, paused 3ms, total 3ms
02-03 10:47:15.361 D/dalvikvm( 2070): GC_FOR_ALLOC freed 1928K, 35% free 8140K/12364K, paused 4ms, total 4ms
02-03 10:47:15.361 D/dalvikvm( 2070): GC_FOR_ALLOC freed 1937K, 35% free 8141K/12364K, paused 4ms, total 4ms
02-03 10:47:15.371 D/dalvikvm( 2070): GC_FOR_ALLOC freed 1946K, 35% free 8142K/12364K, paused 3ms, total 3ms
02-03 10:47:15.371 D/dalvikvm( 2070): GC_FOR_ALLOC freed 1956K, 35% free 8143K/12364K, paused 3ms, total 3ms
02-03 10:47:15.381 D/dalvikvm( 2070): GC_FOR_ALLOC freed 1965K, 35% free 8144K/12364K, paused 4ms, total 4ms
02-03 10:47:15.381 D/dalvikvm( 2070): GC_FOR_ALLOC freed 1975K, 35% free 8145K/12364K, paused 3ms, total 3ms
02-03 10:47:15.391 D/dalvikvm( 2070): GC_FOR_ALLOC freed 1984K, 35% free 8146K/12364K, paused 3ms, total 3ms
02-03 10:47:15.391 D/dalvikvm( 2070): GC_FOR_ALLOC freed 1993K, 35% free 8146K/12364K, paused 3ms, total 3ms
02-03 10:47:15.401 D/dalvikvm( 2070): GC_FOR_ALLOC freed 2003K, 35% free 8147K/12364K, paused 3ms, total 3ms
02-03 10:47:15.401 D/dalvikvm( 2070): GC_FOR_ALLOC freed 2012K, 35% free 8148K/12364K, paused 3ms, total 3ms
02-03 10:47:15.411 D/dalvikvm( 2070): GC_FOR_ALLOC freed 2022K, 35% free 8149K/12364K, paused 4ms, total 4ms
02-03 10:47:15.411 D/dalvikvm( 2070): GC_FOR_ALLOC freed 1546K, 32% free 8439K/12364K, paused 3ms, total 3ms
02-03 10:47:15.421 D/dalvikvm( 2070): GC_FOR_ALLOC freed 1844K, 35% free 8151K/12364K, paused 3ms, total 3ms
02-03 10:47:15.421 D/dalvikvm( 2070): GC_FOR_ALLOC freed 1558K, 32% free 8443K/12364K, paused 4ms, total 4ms
02-03 10:47:15.431 D/dalvikvm( 2070): GC_FOR_ALLOC freed 1858K, 35% free 8152K/12364K, paused 4ms, total 4ms
02-03 10:47:15.431 D/dalvikvm( 2070): GC_FOR_ALLOC freed 1570K, 32% free 8447K/12364K, paused 3ms, total 3ms
02-03 10:47:15.441 D/dalvikvm( 2070): GC_FOR_ALLOC freed 1872K, 35% free 8154K/12364K, paused 4ms, total 4ms
02-03 10:47:15.441 D/dalvikvm( 2070): GC_FOR_ALLOC freed 1582K, 32% free 8450K/12364K, paused 5ms, total 5ms
02-03 10:47:15.451 D/dalvikvm( 2070): GC_FOR_ALLOC freed 1887K, 35% free 8155K/12364K, paused 3ms, total 3ms
02-03 10:47:15.451 D/dalvikvm( 2070): GC_FOR_ALLOC freed 1594K, 32% free 8454K/12364K, paused 4ms, total 4ms
02-03 10:47:15.461 D/dalvikvm( 2070): GC_FOR_ALLOC freed 1901K, 35% free 8157K/12364K, paused 3ms, total 3ms
02-03 10:47:15.461 D/dalvikvm( 2070): GC_FOR_ALLOC freed 1606K, 32% free 8458K/12364K, paused 3ms, total 3ms
02-03 10:47:15.471 D/dalvikvm( 2070): GC_FOR_ALLOC freed 1915K, 36% free 8158K/12568K, paused 3ms, total 3ms
02-03 10:47:15.471 D/dalvikvm( 2070): GC_FOR_ALLOC freed 1618K, 33% free 8462K/12568K, paused 3ms, total 3ms
02-03 10:47:15.481 D/dalvikvm( 2070): GC_FOR_ALLOC freed 1929K, 36% free 8160K/12568K, paused 4ms, total 4ms
02-03 10:47:15.481 D/dalvikvm( 2070): GC_FOR_ALLOC freed 1630K, 33% free 8465K/12568K, paused 3ms, total 3ms
02-03 10:47:15.491 D/dalvikvm( 2070): GC_FOR_ALLOC freed 1944K, 36% free 8161K/12568K, paused 3ms, total 3ms
02-03 10:47:15.491 D/dalvikvm( 2070): GC_FOR_ALLOC freed 1884K, 35% free 8268K/12568K, paused 3ms, total 4ms
02-03 10:47:15.501 D/dalvikvm( 2070): GC_FOR_ALLOC freed 2352K, 35% free 8172K/12568K, paused 3ms, total 3ms
02-03 10:47:15.501 D/dalvikvm( 2070): GC_FOR_ALLOC freed 1764K, 33% free 8503K/12568K, paused 4ms, total 4ms
02-03 10:47:15.511 D/dalvikvm( 2070): GC_FOR_ALLOC freed 2181K, 40% free 7646K/12568K, paused 3ms, total 3ms
02-03 10:47:15.511 D/dalvikvm( 2070): GC_FOR_ALLOC freed 4K, 32% free 8667K/12568K, paused 2ms, total 2ms
02-03 10:47:15.511 I/dalvikvm-heap( 2070): Grow heap (frag case) to 9.506MB for 1048592-byte allocation
02-03 10:47:15.521 D/dalvikvm( 2070): GC_FOR_ALLOC freed <1K, 29% free 9691K/13596K, paused 2ms, total 2ms
02-03 10:47:15.521 D/dalvikvm( 2070): GC_FOR_ALLOC freed <1K, 29% free 9691K/13596K, paused 3ms, total 3ms
02-03 10:47:15.521 I/dalvikvm-heap( 2070): Grow heap (frag case) to 10.506MB for 1048592-byte allocation
02-03 10:47:15.521 D/dalvikvm( 2070): GC_FOR_ALLOC freed 0K, 27% free 10715K/14624K, paused 3ms, total 3ms
02-03 10:47:15.901 D/dalvikvm( 2070): GC_CONCURRENT freed 6746K, 46% free 8027K/14852K, paused 1ms+1ms, total 16ms
02-03 10:47:15.901 D/dalvikvm( 2070): WAIT_FOR_CONCURRENT_GC blocked 16ms
02-03 10:47:15.911 D/dalvikvm( 2070): GC_CONCURRENT freed 4027K, 36% free 8025K/12472K, paused 0ms+1ms, total 4ms
02-03 10:47:15.921 D/dalvikvm( 2070): GC_FOR_ALLOC freed 3681K, 36% free 8021K/12472K, paused 4ms, total 4ms
02-03 10:47:15.931 D/dalvikvm( 2070): GC_FOR_ALLOC freed 3620K, 36% free 8008K/12472K, paused 3ms, total 3ms
02-03 10:47:15.931 D/dalvikvm( 2070): GC_FOR_ALLOC freed 3335K, 36% free 8090K/12472K, paused 3ms, total 3ms
02-03 10:47:15.941 D/dalvikvm( 2070): GC_FOR_ALLOC freed 3189K, 36% free 8036K/12472K, paused 3ms, total 3ms
02-03 10:47:15.951 D/dalvikvm( 2070): GC_FOR_ALLOC freed 3059K, 36% free 8032K/12472K, paused 5ms, total 5ms
02-03 10:47:15.951 D/dalvikvm( 2070): GC_FOR_ALLOC freed 3025K, 36% free 8028K/12472K, paused 4ms, total 4ms
02-03 10:47:15.961 D/dalvikvm( 2070): GC_FOR_ALLOC freed 3017K, 36% free 8063K/12472K, paused 3ms, total 3ms
02-03 10:47:15.961 D/dalvikvm( 2070): GC_FOR_ALLOC freed 3025K, 36% free 8028K/12472K, paused 3ms, total 3ms
02-03 10:47:15.971 D/dalvikvm( 2070): GC_FOR_ALLOC freed 2971K, 36% free 8059K/12472K, paused 3ms, total 4ms
02-03 10:47:15.981 D/dalvikvm( 2070): GC_FOR_ALLOC freed 2893K, 35% free 8179K/12472K, paused 3ms, total 3ms
02-03 10:47:15.981 D/dalvikvm( 2070): GC_FOR_ALLOC freed 3139K, 36% free 8057K/12472K, paused 4ms, total 4ms
02-03 10:47:15.991 D/dalvikvm( 2070): GC_FOR_ALLOC freed 3039K, 36% free 8056K/12472K, paused 4ms, total 4ms
02-03 10:47:15.991 D/dalvikvm( 2070): GC_FOR_ALLOC freed 2916K, 35% free 8190K/12472K, paused 3ms, total 3ms
02-03 10:47:16.001 D/dalvikvm( 2070): GC_FOR_ALLOC freed 2912K, 35% free 8193K/12472K, paused 4ms, total 4ms
02-03 10:47:16.001 D/dalvikvm( 2070): GC_FOR_ALLOC freed 2997K, 36% free 8100K/12472K, paused 3ms, total 3ms
02-03 10:47:16.011 D/dalvikvm( 2070): GC_FOR_ALLOC freed 2736K, 35% free 8198K/12472K, paused 4ms, total 4ms
02-03 10:47:16.021 D/dalvikvm( 2070): GC_FOR_ALLOC freed 2803K, 34% free 8232K/12472K, paused 3ms, total 4ms
02-03 10:47:16.021 D/dalvikvm( 2070): GC_FOR_ALLOC freed 2869K, 34% free 8234K/12472K, paused 3ms, total 3ms
02-03 10:47:16.031 D/dalvikvm( 2070): GC_FOR_ALLOC freed 2936K, 34% free 8236K/12472K, paused 3ms, total 3ms
02-03 10:47:16.031 D/dalvikvm( 2070): GC_FOR_ALLOC freed 2895K, 36% free 8076K/12472K, paused 3ms, total 3ms
02-03 10:47:16.041 D/dalvikvm( 2070): GC_FOR_ALLOC freed 2791K, 34% free 8239K/12472K, paused 3ms, total 3ms
02-03 10:47:16.041 D/dalvikvm( 2070): GC_FOR_ALLOC freed 2735K, 35% free 8128K/12472K, paused 3ms, total 3ms
02-03 10:47:16.051 D/dalvikvm( 2070): GC_FOR_ALLOC freed 2385K, 34% free 8241K/12472K, paused 3ms, total 3ms
02-03 10:47:16.051 D/dalvikvm( 2070): GC_FOR_ALLOC freed 2307K, 36% free 8068K/12472K, paused 4ms, total 4ms
02-03 10:47:16.061 D/dalvikvm( 2070): GC_FOR_ALLOC freed 2459K, 36% free 8098K/12472K, paused 4ms, total 4ms
02-03 10:47:16.061 D/dalvikvm( 2070): GC_FOR_ALLOC freed 2496K, 36% free 8096K/12472K, paused 4ms, total 4ms
02-03 10:47:16.071 D/dalvikvm( 2070): GC_FOR_ALLOC freed 2534K, 36% free 8093K/12472K, paused 3ms, total 3ms
02-03 10:47:16.071 D/dalvikvm( 2070): GC_FOR_ALLOC freed 2572K, 36% free 8091K/12472K, paused 3ms, total 3ms
02-03 10:47:16.081 D/dalvikvm( 2070): GC_FOR_ALLOC freed 2609K, 36% free 8089K/12472K, paused 3ms, total 3ms
02-03 10:47:16.081 D/dalvikvm( 2070): GC_FOR_ALLOC freed 2647K, 36% free 8087K/12472K, paused 3ms, total 3ms
02-03 10:47:16.091 D/dalvikvm( 2070): GC_FOR_ALLOC freed 2685K, 36% free 8085K/12472K, paused 3ms, total 3ms
02-03 10:47:16.091 D/dalvikvm( 2070): GC_FOR_ALLOC freed 2396K, 34% free 8276K/12472K, paused 3ms, total 3ms
02-03 10:47:16.101 D/dalvikvm( 2070): GC_FOR_ALLOC freed 2294K, 34% free 8308K/12472K, paused 4ms, total 4ms
02-03 10:47:16.101 D/dalvikvm( 2070): GC_FOR_ALLOC freed 2320K, 35% free 8175K/12472K, paused 3ms, total 3ms
02-03 10:47:16.111 D/dalvikvm( 2070): GC_FOR_ALLOC freed 2212K, 35% free 8107K/12472K, paused 4ms, total 4ms
02-03 10:47:16.121 D/dalvikvm( 2070): GC_FOR_ALLOC freed 2371K, 36% free 8104K/12472K, paused 4ms, total 4ms
02-03 10:47:16.121 D/dalvikvm( 2070): GC_FOR_ALLOC freed 2397K, 36% free 8102K/12472K, paused 3ms, total 3ms
02-03 10:47:16.131 D/dalvikvm( 2070): GC_FOR_ALLOC freed 2423K, 36% free 8099K/12472K, paused 4ms, total 4ms
02-03 10:47:16.131 D/dalvikvm( 2070): GC_FOR_ALLOC freed 2094K, 34% free 8310K/12472K, paused 3ms, total 3ms
02-03 10:47:16.141 D/dalvikvm( 2070): GC_FOR_ALLOC freed 2331K, 36% free 8098K/12472K, paused 3ms, total 3ms
02-03 10:47:16.141 D/dalvikvm( 2070): GC_FOR_ALLOC freed 2135K, 34% free 8312K/12472K, paused 3ms, total 3ms
02-03 10:47:16.151 D/dalvikvm( 2070): GC_FOR_ALLOC freed 2375K, 36% free 8096K/12472K, paused 4ms, total 4ms
02-03 10:47:16.151 D/dalvikvm( 2070): GC_FOR_ALLOC freed 2175K, 34% free 8315K/12472K, paused 3ms, total 3ms
02-03 10:47:16.151 D/dalvikvm( 2070): GC_FOR_ALLOC freed 2419K, 35% free 8127K/12472K, paused 3ms, total 3ms
02-03 10:47:16.161 D/dalvikvm( 2070): GC_FOR_ALLOC freed 2215K, 34% free 8350K/12472K, paused 3ms, total 3ms
02-03 10:47:16.161 D/dalvikvm( 2070): GC_FOR_ALLOC freed 2464K, 35% free 8126K/12472K, paused 3ms, total 3ms
02-03 10:47:16.171 D/dalvikvm( 2070): GC_FOR_ALLOC freed 2256K, 34% free 8352K/12472K, paused 3ms, total 3ms
02-03 10:47:16.171 D/dalvikvm( 2070): GC_FOR_ALLOC freed 2123K, 34% free 8355K/12472K, paused 3ms, total 3ms
02-03 10:47:16.181 D/dalvikvm( 2070): GC_FOR_ALLOC freed 2140K, 33% free 8358K/12472K, paused 3ms, total 3ms
02-03 10:47:16.181 D/dalvikvm( 2070): GC_FOR_ALLOC freed 2156K, 33% free 8361K/12472K, paused 4ms, total 4ms
02-03 10:47:16.191 D/dalvikvm( 2070): GC_FOR_ALLOC freed 2173K, 33% free 8364K/12472K, paused 3ms, total 3ms
02-03 10:47:16.191 D/dalvikvm( 2070): GC_FOR_ALLOC freed 2190K, 33% free 8367K/12472K, paused 3ms, total 3ms
02-03 10:47:16.201 D/dalvikvm( 2070): GC_FOR_ALLOC freed 2207K, 33% free 8370K/12472K, paused 4ms, total 4ms
02-03 10:47:16.211 D/dalvikvm( 2070): GC_FOR_ALLOC freed 2223K, 33% free 8373K/12472K, paused 3ms, total 3ms
02-03 10:47:16.211 D/dalvikvm( 2070): GC_FOR_ALLOC freed 2241K, 33% free 8377K/12472K, paused 3ms, total 3ms
02-03 10:47:16.221 D/dalvikvm( 2070): GC_FOR_ALLOC freed 2098K, 35% free 8138K/12472K, paused 4ms, total 4ms
02-03 10:47:16.221 D/dalvikvm( 2070): GC_FOR_ALLOC freed 2275K, 35% free 8139K/12472K, paused 3ms, total 3ms
02-03 10:47:16.221 D/dalvikvm( 2070): GC_FOR_ALLOC freed 2293K, 35% free 8141K/12472K, paused 3ms, total 3ms
02-03 10:47:16.231 D/dalvikvm( 2070): GC_FOR_ALLOC freed 2310K, 35% free 8142K/12472K, paused 3ms, total 3ms
02-03 10:47:16.231 D/dalvikvm( 2070): GC_FOR_ALLOC freed 1910K, 33% free 8392K/12472K, paused 4ms, total 4ms
02-03 10:47:16.241 D/dalvikvm( 2070): GC_FOR_ALLOC freed 1756K, 33% free 8394K/12472K, paused 3ms, total 3ms
02-03 10:47:16.241 D/dalvikvm( 2070): GC_FOR_ALLOC freed 1765K, 33% free 8396K/12472K, paused 4ms, total 4ms
02-03 10:47:16.251 D/dalvikvm( 2070): GC_FOR_ALLOC freed 1775K, 33% free 8399K/12472K, paused 3ms, total 3ms
02-03 10:47:16.251 D/dalvikvm( 2070): GC_FOR_ALLOC freed 1784K, 33% free 8401K/12472K, paused 4ms, total 4ms
02-03 10:47:16.261 D/dalvikvm( 2070): GC_FOR_ALLOC freed 1794K, 33% free 8403K/12472K, paused 3ms, total 3ms
02-03 10:47:16.261 D/dalvikvm( 2070): GC_FOR_ALLOC freed 1803K, 33% free 8405K/12472K, paused 3ms, total 3ms
02-03 10:47:16.271 D/dalvikvm( 2070): GC_FOR_ALLOC freed 1812K, 33% free 8408K/12472K, paused 4ms, total 4ms
02-03 10:47:16.271 D/dalvikvm( 2070): GC_FOR_ALLOC freed 1822K, 33% free 8410K/12472K, paused 3ms, total 3ms
02-03 10:47:16.281 D/dalvikvm( 2070): GC_FOR_ALLOC freed 1831K, 33% free 8412K/12472K, paused 3ms, total 3ms
02-03 10:47:16.281 D/dalvikvm( 2070): GC_FOR_ALLOC freed 1841K, 33% free 8414K/12472K, paused 5ms, total 5ms
02-03 10:47:16.291 D/dalvikvm( 2070): GC_FOR_ALLOC freed 1850K, 33% free 8417K/12472K, paused 3ms, total 3ms
02-03 10:47:16.291 D/dalvikvm( 2070): GC_FOR_ALLOC freed 1859K, 33% free 8419K/12472K, paused 4ms, total 4ms
02-03 10:47:16.291 D/dalvikvm( 2070): GC_FOR_ALLOC freed 1869K, 33% free 8421K/12472K, paused 3ms, total 3ms
02-03 10:47:16.301 D/dalvikvm( 2070): GC_FOR_ALLOC freed 1878K, 33% free 8423K/12472K, paused 4ms, total 4ms
02-03 10:47:16.301 D/dalvikvm( 2070): GC_FOR_ALLOC freed 1888K, 33% free 8425K/12472K, paused 3ms, total 3ms
02-03 10:47:16.311 D/dalvikvm( 2070): GC_FOR_ALLOC freed 1897K, 33% free 8428K/12472K, paused 4ms, total 4ms
02-03 10:47:16.311 D/dalvikvm( 2070): GC_FOR_ALLOC freed 1907K, 33% free 8430K/12472K, paused 3ms, total 3ms
02-03 10:47:16.321 D/dalvikvm( 2070): GC_FOR_ALLOC freed 1916K, 34% free 8250K/12472K, paused 3ms, total 4ms
02-03 10:47:16.321 D/dalvikvm( 2070): GC_FOR_ALLOC freed 1925K, 34% free 8251K/12472K, paused 3ms, total 3ms
02-03 10:47:16.331 D/dalvikvm( 2070): GC_FOR_ALLOC freed 1935K, 34% free 8252K/12472K, paused 3ms, total 3ms
02-03 10:47:16.331 D/dalvikvm( 2070): GC_FOR_ALLOC freed 1944K, 34% free 8254K/12472K, paused 4ms, total 4ms
02-03 10:47:16.341 D/dalvikvm( 2070): GC_FOR_ALLOC freed 1954K, 34% free 8255K/12472K, paused 3ms, total 3ms
02-03 10:47:16.341 D/dalvikvm( 2070): GC_FOR_ALLOC freed 1963K, 34% free 8256K/12472K, paused 3ms, total 3ms
02-03 10:47:16.341 D/dalvikvm( 2070): GC_FOR_ALLOC freed 1972K, 34% free 8258K/12472K, paused 3ms, total 3ms
02-03 10:47:16.351 D/dalvikvm( 2070): GC_FOR_ALLOC freed 1982K, 34% free 8259K/12472K, paused 4ms, total 4ms
02-03 10:47:16.351 D/dalvikvm( 2070): GC_FOR_ALLOC freed 1991K, 34% free 8260K/12472K, paused 3ms, total 3ms
02-03 10:47:16.361 D/dalvikvm( 2070): GC_FOR_ALLOC freed 2001K, 34% free 8262K/12472K, paused 3ms, total 3ms
02-03 10:47:16.371 D/dalvikvm( 2070): GC_FOR_ALLOC freed 2010K, 34% free 8263K/12472K, paused 4ms, total 4ms
02-03 10:47:16.371 D/dalvikvm( 2070): GC_FOR_ALLOC freed 2019K, 34% free 8265K/12472K, paused 3ms, total 3ms
02-03 10:47:16.381 D/dalvikvm( 2070): GC_FOR_ALLOC freed 2029K, 34% free 8266K/12472K, paused 4ms, total 4ms
02-03 10:47:16.381 D/dalvikvm( 2070): GC_FOR_ALLOC freed 2038K, 34% free 8267K/12472K, paused 3ms, total 3ms
02-03 10:47:16.381 D/dalvikvm( 2070): GC_FOR_ALLOC freed 2048K, 34% free 8269K/12472K, paused 3ms, total 3ms
02-03 10:47:16.391 D/dalvikvm( 2070): GC_FOR_ALLOC freed 1861K, 35% free 8172K/12472K, paused 3ms, total 3ms
02-03 10:47:16.391 D/dalvikvm( 2070): GC_FOR_ALLOC freed 2066K, 35% free 8173K/12472K, paused 3ms, total 3ms
02-03 10:47:16.401 D/dalvikvm( 2070): GC_FOR_ALLOC freed 2075K, 35% free 8174K/12472K, paused 4ms, total 4ms
02-03 10:47:16.401 D/dalvikvm( 2070): GC_FOR_ALLOC freed 2084K, 35% free 8175K/12472K, paused 3ms, total 3ms
02-03 10:47:16.411 D/dalvikvm( 2070): GC_FOR_ALLOC freed 2094K, 35% free 8176K/12472K, paused 3ms, total 3ms
02-03 10:47:16.411 D/dalvikvm( 2070): GC_FOR_ALLOC freed 2103K, 35% free 8177K/12472K, paused 4ms, total 4ms
02-03 10:47:16.421 D/dalvikvm( 2070): GC_FOR_ALLOC freed 1608K, 33% free 8479K/12472K, paused 3ms, total 3ms
02-03 10:47:16.421 D/dalvikvm( 2070): GC_FOR_ALLOC freed 1918K, 35% free 8178K/12472K, paused 4ms, total 4ms
02-03 10:47:16.431 D/dalvikvm( 2070): GC_FOR_ALLOC freed 1620K, 32% free 8482K/12472K, paused 3ms, total 3ms
02-03 10:47:16.431 D/dalvikvm( 2070): GC_FOR_ALLOC freed 1932K, 35% free 8180K/12472K, paused 4ms, total 4ms
02-03 10:47:16.441 D/dalvikvm( 2070): GC_FOR_ALLOC freed 1633K, 32% free 8486K/12472K, paused 3ms, total 3ms
02-03 10:47:16.441 D/dalvikvm( 2070): GC_FOR_ALLOC freed 1947K, 35% free 8181K/12472K, paused 3ms, total 3ms
02-03 10:47:16.451 D/dalvikvm( 2070): GC_FOR_ALLOC freed 1981K, 34% free 8288K/12472K, paused 3ms, total 4ms
02-03 10:47:16.451 D/dalvikvm( 2070): GC_FOR_ALLOC freed 1742K, 32% free 8507K/12472K, paused 3ms, total 3ms
02-03 10:47:16.461 D/dalvikvm( 2070): GC_FOR_ALLOC freed 1543K, 32% free 8507K/12472K, paused 4ms, total 4ms
02-03 10:47:16.461 D/dalvikvm( 2070): GC_FOR_ALLOC freed 2181K, 39% free 7650K/12472K, paused 3ms, total 3ms
02-03 10:47:16.461 I/dalvikvm-heap( 2070): Grow heap (frag case) to 8.514MB for 1048592-byte allocation
02-03 10:47:16.461 D/dalvikvm( 2070): GC_FOR_ALLOC freed 0K, 36% free 8674K/13500K, paused 2ms, total 2ms
02-03 10:47:16.481 D/dalvikvm( 2070): GC_FOR_ALLOC freed 4K, 36% free 8659K/13500K, paused 12ms, total 12ms
02-03 10:47:16.481 I/dalvikvm-heap( 2070): Grow heap (frag case) to 9.499MB for 1048592-byte allocation
02-03 10:47:16.481 D/dalvikvm( 2070): GC_FOR_ALLOC freed 0K, 34% free 9683K/14528K, paused 2ms, total 2ms
02-03 10:47:16.481 D/dalvikvm( 2070): GC_FOR_ALLOC freed <1K, 34% free 9683K/14528K, paused 2ms, total 2ms
02-03 10:47:16.481 I/dalvikvm-heap( 2070): Grow heap (frag case) to 10.499MB for 1048592-byte allocation
02-03 10:47:16.491 D/dalvikvm( 2070): GC_FOR_ALLOC freed 0K, 32% free 10707K/15556K, paused 2ms, total 2ms
02-03 10:47:16.891 D/dalvikvm( 2070): GC_CONCURRENT freed 6750K, 49% free 8027K/15556K, paused 1ms+1ms, total 5ms
02-03 10:47:16.891 D/dalvikvm( 2070): WAIT_FOR_CONCURRENT_GC blocked 4ms
02-03 10:47:16.901 D/dalvikvm( 2070): GC_CONCURRENT freed 4002K, 36% free 8101K/12492K, paused 1ms+1ms, total 5ms
02-03 10:47:16.901 D/dalvikvm( 2070): WAIT_FOR_CONCURRENT_GC blocked 4ms
02-03 10:47:16.901 D/dalvikvm( 2070): GC_FOR_ALLOC freed 3694K, 36% free 8001K/12492K, paused 4ms, total 4ms
02-03 10:47:16.921 D/dalvikvm( 2070): GC_FOR_ALLOC freed 3612K, 36% free 8000K/12492K, paused 15ms, total 15ms
02-03 10:47:16.931 D/dalvikvm( 2070): GC_FOR_ALLOC freed 3343K, 36% free 8106K/12492K, paused 3ms, total 3ms
02-03 10:47:16.941 D/dalvikvm( 2070): GC_FOR_ALLOC freed 3253K, 36% free 8105K/12492K, paused 3ms, total 3ms
02-03 10:47:16.941 D/dalvikvm( 2070): GC_FOR_ALLOC freed 3063K, 35% free 8140K/12492K, paused 3ms, total 3ms
02-03 10:47:16.951 D/dalvikvm( 2070): GC_FOR_ALLOC freed 3033K, 35% free 8138K/12492K, paused 4ms, total 4ms
02-03 10:47:16.951 D/dalvikvm( 2070): GC_FOR_ALLOC freed 2949K, 35% free 8143K/12492K, paused 4ms, total 4ms
02-03 10:47:16.961 D/dalvikvm( 2070): GC_FOR_ALLOC freed 3025K, 36% free 8036K/12492K, paused 3ms, total 3ms
02-03 10:47:16.971 D/dalvikvm( 2070): GC_FOR_ALLOC freed 2971K, 36% free 8035K/12492K, paused 3ms, total 3ms
02-03 10:47:16.971 D/dalvikvm( 2070): GC_FOR_ALLOC freed 2893K, 35% free 8155K/12492K, paused 3ms, total 3ms
02-03 10:47:16.981 D/dalvikvm( 2070): GC_FOR_ALLOC freed 2926K, 35% free 8191K/12492K, paused 4ms, total 4ms
02-03 10:47:16.981 D/dalvikvm( 2070): GC_FOR_ALLOC freed 3032K, 36% free 8107K/12492K, paused 3ms, total 3ms
02-03 10:47:16.991 D/dalvikvm( 2070): GC_FOR_ALLOC freed 2818K, 35% free 8198K/12492K, paused 3ms, total 3ms
02-03 10:47:16.991 D/dalvikvm( 2070): GC_FOR_ALLOC freed 2903K, 35% free 8200K/12492K, paused 3ms, total 3ms
02-03 10:47:17.001 D/dalvikvm( 2070): GC_FOR_ALLOC freed 2988K, 36% free 8107K/12492K, paused 4ms, total 4ms
02-03 10:47:17.001 D/dalvikvm( 2070): GC_FOR_ALLOC freed 2727K, 35% free 8205K/12492K, paused 3ms, total 3ms
02-03 10:47:17.011 D/dalvikvm( 2070): GC_FOR_ALLOC freed 2794K, 35% free 8207K/12492K, paused 3ms, total 3ms
02-03 10:47:17.021 D/dalvikvm( 2070): GC_FOR_ALLOC freed 2861K, 35% free 8209K/12492K, paused 4ms, total 4ms
02-03 10:47:17.021 D/dalvikvm( 2070): GC_FOR_ALLOC freed 2928K, 35% free 8243K/12492K, paused 4ms, total 4ms
02-03 10:47:17.031 D/dalvikvm( 2070): GC_FOR_ALLOC freed 2617K, 35% free 8244K/12492K, paused 3ms, total 3ms
02-03 10:47:17.031 D/dalvikvm( 2070): GC_FOR_ALLOC freed 2944K, 36% free 8082K/12492K, paused 4ms, total 4ms
02-03 10:47:17.041 D/dalvikvm( 2070): GC_FOR_ALLOC freed 2837K, 34% free 8247K/12492K, paused 3ms, total 3ms
02-03 10:47:17.041 D/dalvikvm( 2070): GC_FOR_ALLOC freed 2778K, 35% free 8135K/12492K, paused 3ms, total 3ms
02-03 10:47:17.051 D/dalvikvm( 2070): GC_FOR_ALLOC freed 2423K, 34% free 8249K/12492K, paused 3ms, total 3ms
02-03 10:47:17.051 D/dalvikvm( 2070): GC_FOR_ALLOC freed 2460K, 34% free 8250K/12492K, paused 3ms, total 3ms
02-03 10:47:17.061 D/dalvikvm( 2070): GC_FOR_ALLOC freed 2498K, 34% free 8250K/12492K, paused 3ms, total 3ms
02-03 10:47:17.061 D/dalvikvm( 2070): GC_FOR_ALLOC freed 2536K, 34% free 8283K/12492K, paused 3ms, total 3ms
02-03 10:47:17.071 D/dalvikvm( 2070): GC_FOR_ALLOC freed 2451K, 36% free 8099K/12492K, paused 3ms, total 3ms
02-03 10:47:17.071 D/dalvikvm( 2070): GC_FOR_ALLOC freed 2609K, 36% free 8097K/12492K, paused 3ms, total 3ms
02-03 10:47:17.081 D/dalvikvm( 2070): GC_FOR_ALLOC freed 2773K, 35% free 8158K/12492K, paused 3ms, total 3ms
02-03 10:47:17.091 D/dalvikvm( 2070): GC_FOR_ALLOC freed 2686K, 35% free 8156K/12492K, paused 3ms, total 3ms
02-03 10:47:17.091 D/dalvikvm( 2070): GC_FOR_ALLOC freed 2594K, 36% free 8090K/12492K, paused 3ms, total 3ms
02-03 10:47:17.101 D/dalvikvm( 2070): GC_FOR_ALLOC freed 2429K, 34% free 8285K/12492K, paused 3ms, total 3ms
02-03 10:47:17.101 D/dalvikvm( 2070): GC_FOR_ALLOC freed 2326K, 34% free 8284K/12492K, paused 4ms, total 4ms
02-03 10:47:17.111 D/dalvikvm( 2070): GC_FOR_ALLOC freed 2352K, 34% free 8316K/12492K, paused 3ms, total 3ms
02-03 10:47:17.111 D/dalvikvm( 2070): GC_FOR_ALLOC freed 2378K, 35% free 8180K/12492K, paused 3ms, total 3ms
02-03 10:47:17.121 D/dalvikvm( 2070): GC_FOR_ALLOC freed 2266K, 36% free 8110K/12492K, paused 4ms, total 4ms
02-03 10:47:17.121 D/dalvikvm( 2070): GC_FOR_ALLOC freed 2429K, 36% free 8107K/12492K, paused 3ms, total 3ms
02-03 10:47:17.131 D/dalvikvm( 2070): GC_FOR_ALLOC freed 2455K, 36% free 8105K/12492K, paused 3ms, total 3ms
02-03 10:47:17.131 D/dalvikvm( 2070): GC_FOR_ALLOC freed 2481K, 36% free 8102K/12492K, paused 3ms, total 3ms
02-03 10:47:17.141 D/dalvikvm( 2070): GC_FOR_ALLOC freed 2507K, 36% free 8100K/12492K, paused 3ms, total 3ms
02-03 10:47:17.141 D/dalvikvm( 2070): GC_FOR_ALLOC freed 2166K, 34% free 8318K/12492K, paused 3ms, total 3ms
02-03 10:47:17.151 D/dalvikvm( 2070): GC_FOR_ALLOC freed 2409K, 36% free 8099K/12492K, paused 3ms, total 3ms
02-03 10:47:17.151 D/dalvikvm( 2070): GC_FOR_ALLOC freed 2206K, 34% free 8320K/12492K, paused 3ms, total 3ms
02-03 10:47:17.161 D/dalvikvm( 2070): GC_FOR_ALLOC freed 2454K, 35% free 8129K/12492K, paused 3ms, total 3ms
02-03 10:47:17.161 D/dalvikvm( 2070): GC_FOR_ALLOC freed 2247K, 34% free 8355K/12492K, paused 4ms, total 4ms
02-03 10:47:17.171 D/dalvikvm( 2070): GC_FOR_ALLOC freed 2114K, 34% free 8358K/12492K, paused 3ms, total 3ms
02-03 10:47:17.171 D/dalvikvm( 2070): GC_FOR_ALLOC freed 2131K, 34% free 8361K/12492K, paused 3ms, total 3ms
02-03 10:47:17.181 D/dalvikvm( 2070): GC_FOR_ALLOC freed 2148K, 34% free 8364K/12492K, paused 3ms, total 4ms
02-03 10:47:17.181 D/dalvikvm( 2070): GC_FOR_ALLOC freed 2165K, 34% free 8367K/12492K, paused 3ms, total 3ms
02-03 10:47:17.191 D/dalvikvm( 2070): GC_FOR_ALLOC freed 2181K, 33% free 8370K/12492K, paused 3ms, total 4ms
02-03 10:47:17.191 D/dalvikvm( 2070): GC_FOR_ALLOC freed 2198K, 33% free 8373K/12492K, paused 3ms, total 3ms
02-03 10:47:17.191 D/dalvikvm( 2070): GC_FOR_ALLOC freed 2215K, 33% free 8376K/12492K, paused 3ms, total 3ms
02-03 10:47:17.201 D/dalvikvm( 2070): GC_FOR_ALLOC freed 2232K, 33% free 8379K/12492K, paused 4ms, total 4ms
02-03 10:47:17.201 D/dalvikvm( 2070): GC_FOR_ALLOC freed 2089K, 35% free 8141K/12492K, paused 3ms, total 3ms
02-03 10:47:17.211 D/dalvikvm( 2070): GC_FOR_ALLOC freed 2267K, 35% free 8143K/12492K, paused 3ms, total 3ms
02-03 10:47:17.211 D/dalvikvm( 2070): GC_FOR_ALLOC freed 2284K, 35% free 8144K/12492K, paused 3ms, total 3ms
02-03 10:47:17.221 D/dalvikvm( 2070): GC_FOR_ALLOC freed 2302K, 35% free 8145K/12492K, paused 4ms, total 4ms
02-03 10:47:17.231 D/dalvikvm( 2070): GC_FOR_ALLOC freed 1903K, 33% free 8394K/12492K, paused 4ms, total 4ms
02-03 10:47:17.231 D/dalvikvm( 2070): GC_FOR_ALLOC freed 1749K, 33% free 8397K/12492K, paused 3ms, total 3ms
02-03 10:47:17.231 D/dalvikvm( 2070): GC_FOR_ALLOC freed 1759K, 33% free 8399K/12492K, paused 3ms, total 3ms
02-03 10:47:17.241 D/dalvikvm( 2070): GC_FOR_ALLOC freed 1768K, 35% free 8233K/12492K, paused 3ms, total 3ms
02-03 10:47:17.241 D/dalvikvm( 2070): GC_FOR_ALLOC freed 1778K, 33% free 8403K/12492K, paused 3ms, total 3ms
02-03 10:47:17.251 D/dalvikvm( 2070): GC_FOR_ALLOC freed 1787K, 33% free 8406K/12492K, paused 3ms, total 3ms
02-03 10:47:17.251 D/dalvikvm( 2070): GC_FOR_ALLOC freed 1797K, 33% free 8408K/12492K, paused 3ms, total 3ms
02-03 10:47:17.261 D/dalvikvm( 2070): GC_FOR_ALLOC freed 1806K, 33% free 8410K/12492K, paused 3ms, total 3ms
02-03 10:47:17.261 D/dalvikvm( 2070): GC_FOR_ALLOC freed 1815K, 33% free 8412K/12492K, paused 3ms, total 3ms
02-03 10:47:17.271 D/dalvikvm( 2070): GC_FOR_ALLOC freed 1825K, 33% free 8415K/12492K, paused 4ms, total 4ms
02-03 10:47:17.271 D/dalvikvm( 2070): GC_FOR_ALLOC freed 1834K, 33% free 8417K/12492K, paused 4ms, total 4ms
02-03 10:47:17.281 D/dalvikvm( 2070): GC_FOR_ALLOC freed 1844K, 33% free 8419K/12492K, paused 3ms, total 3ms
02-03 10:47:17.281 D/dalvikvm( 2070): GC_FOR_ALLOC freed 1853K, 33% free 8421K/12492K, paused 3ms, total 3ms
02-03 10:47:17.291 D/dalvikvm( 2070): GC_FOR_ALLOC freed 1863K, 33% free 8423K/12492K, paused 3ms, total 3ms
02-03 10:47:17.291 D/dalvikvm( 2070): GC_FOR_ALLOC freed 1872K, 33% free 8426K/12492K, paused 3ms, total 3ms
02-03 10:47:17.301 D/dalvikvm( 2070): GC_FOR_ALLOC freed 1881K, 33% free 8428K/12492K, paused 3ms, total 3ms
02-03 10:47:17.301 D/dalvikvm( 2070): GC_FOR_ALLOC freed 1891K, 33% free 8430K/12492K, paused 3ms, total 3ms
02-03 10:47:17.301 D/dalvikvm( 2070): GC_FOR_ALLOC freed 1900K, 33% free 8432K/12492K, paused 3ms, total 3ms
02-03 10:47:17.311 D/dalvikvm( 2070): GC_FOR_ALLOC freed 1910K, 34% free 8253K/12492K, paused 3ms, total 3ms
02-03 10:47:17.311 D/dalvikvm( 2070): GC_FOR_ALLOC freed 1919K, 34% free 8254K/12492K, paused 3ms, total 3ms
02-03 10:47:17.321 D/dalvikvm( 2070): GC_FOR_ALLOC freed 1928K, 34% free 8256K/12492K, paused 3ms, total 3ms
02-03 10:47:17.321 D/dalvikvm( 2070): GC_FOR_ALLOC freed 1938K, 34% free 8257K/12492K, paused 4ms, total 4ms
02-03 10:47:17.331 D/dalvikvm( 2070): GC_FOR_ALLOC freed 1947K, 34% free 8258K/12492K, paused 3ms, total 3ms
02-03 10:47:17.331 D/dalvikvm( 2070): GC_FOR_ALLOC freed 1957K, 34% free 8260K/12492K, paused 3ms, total 3ms
02-03 10:47:17.341 D/dalvikvm( 2070): GC_FOR_ALLOC freed 1966K, 34% free 8261K/12492K, paused 4ms, total 4ms
02-03 10:47:17.341 D/dalvikvm( 2070): GC_FOR_ALLOC freed 1976K, 34% free 8262K/12492K, paused 3ms, total 3ms
02-03 10:47:17.351 D/dalvikvm( 2070): GC_FOR_ALLOC freed 1985K, 34% free 8264K/12492K, paused 3ms, total 3ms
02-03 10:47:17.351 D/dalvikvm( 2070): GC_FOR_ALLOC freed 1994K, 34% free 8265K/12492K, paused 4ms, total 4ms
02-03 10:47:17.361 D/dalvikvm( 2070): GC_FOR_ALLOC freed 2004K, 34% free 8266K/12492K, paused 3ms, total 3ms
02-03 10:47:17.361 D/dalvikvm( 2070): GC_FOR_ALLOC freed 2013K, 34% free 8268K/12492K, paused 3ms, total 3ms
02-03 10:47:17.371 D/dalvikvm( 2070): GC_FOR_ALLOC freed 2023K, 34% free 8269K/12492K, paused 5ms, total 5ms
02-03 10:47:17.371 D/dalvikvm( 2070): GC_FOR_ALLOC freed 2032K, 34% free 8270K/12492K, paused 4ms, total 4ms
02-03 10:47:17.381 D/dalvikvm( 2070): GC_FOR_ALLOC freed 2041K, 34% free 8272K/12492K, paused 3ms, total 3ms
02-03 10:47:17.381 D/dalvikvm( 2070): GC_FOR_ALLOC freed 2051K, 34% free 8273K/12492K, paused 3ms, total 3ms
02-03 10:47:17.381 D/dalvikvm( 2070): GC_FOR_ALLOC freed 2060K, 34% free 8274K/12492K, paused 3ms, total 3ms
02-03 10:47:17.391 D/dalvikvm( 2070): GC_FOR_ALLOC freed 2070K, 34% free 8276K/12492K, paused 3ms, total 3ms
02-03 10:47:17.391 D/dalvikvm( 2070): GC_FOR_ALLOC freed 2079K, 34% free 8277K/12492K, paused 3ms, total 3ms
02-03 10:47:17.401 D/dalvikvm( 2070): GC_FOR_ALLOC freed 2088K, 34% free 8278K/12492K, paused 3ms, total 3ms
02-03 10:47:17.401 D/dalvikvm( 2070): GC_FOR_ALLOC freed 2098K, 34% free 8280K/12492K, paused 3ms, total 3ms
02-03 10:47:17.411 D/dalvikvm( 2070): GC_FOR_ALLOC freed 1907K, 35% free 8181K/12492K, paused 3ms, total 3ms
02-03 10:47:17.411 D/dalvikvm( 2070): GC_FOR_ALLOC freed 1611K, 33% free 8483K/12492K, paused 3ms, total 3ms
02-03 10:47:17.421 D/dalvikvm( 2070): GC_FOR_ALLOC freed 1414K, 33% free 8485K/12492K, paused 3ms, total 3ms
02-03 10:47:17.421 D/dalvikvm( 2070): GC_FOR_ALLOC freed 1926K, 35% free 8183K/12492K, paused 3ms, total 3ms
02-03 10:47:17.431 D/dalvikvm( 2070): GC_FOR_ALLOC freed 1627K, 33% free 8488K/12492K, paused 3ms, total 3ms
02-03 10:47:17.431 D/dalvikvm( 2070): GC_FOR_ALLOC freed 1429K, 33% free 8490K/12492K, paused 3ms, total 3ms
02-03 10:47:17.441 D/dalvikvm( 2070): GC_FOR_ALLOC freed 1947K, 35% free 8185K/12492K, paused 3ms, total 3ms
02-03 10:47:17.441 D/dalvikvm( 2070): GC_FOR_ALLOC freed 2534K, 35% free 8168K/12492K, paused 3ms, total 3ms
02-03 10:47:17.451 D/dalvikvm( 2070): GC_FOR_ALLOC freed 1973K, 34% free 8278K/12492K, paused 3ms, total 3ms
02-03 10:47:17.451 D/dalvikvm( 2070): GC_FOR_ALLOC freed 2095K, 35% free 8168K/12492K, paused 4ms, total 4ms
02-03 10:47:17.461 D/dalvikvm( 2070): GC_FOR_ALLOC freed 858K, 39% free 7642K/12492K, paused 4ms, total 4ms
02-03 10:47:17.461 I/dalvikvm-heap( 2070): Grow heap (frag case) to 8.506MB for 1048592-byte allocation
02-03 10:47:17.461 D/dalvikvm( 2070): GC_FOR_ALLOC freed 0K, 36% free 8666K/13520K, paused 2ms, total 2ms
02-03 10:47:17.481 D/dalvikvm( 2070): GC_FOR_ALLOC freed 4K, 36% free 8659K/13520K, paused 15ms, total 15ms
02-03 10:47:17.481 I/dalvikvm-heap( 2070): Grow heap (frag case) to 9.499MB for 1048592-byte allocation
02-03 10:47:17.481 D/dalvikvm( 2070): GC_FOR_ALLOC freed 0K, 34% free 9683K/14548K, paused 2ms, total 2ms
02-03 10:47:17.481 D/dalvikvm( 2070): GC_FOR_ALLOC freed <1K, 34% free 9683K/14548K, paused 3ms, total 3ms
02-03 10:47:17.491 I/dalvikvm-heap( 2070): Grow heap (frag case) to 10.499MB for 1048592-byte allocation
02-03 10:47:17.491 D/dalvikvm( 2070): GC_FOR_ALLOC freed 0K, 32% free 10707K/15576K, paused 2ms, total 2ms
02-03 10:47:17.881 D/dalvikvm( 2070): GC_CONCURRENT freed 6736K, 49% free 8041K/15576K, paused 0ms+1ms, total 5ms
02-03 10:47:17.881 D/dalvikvm( 2070): WAIT_FOR_CONCURRENT_GC blocked 4ms
02-03 10:47:17.891 D/dalvikvm( 2070): GC_CONCURRENT freed 4036K, 36% free 8081K/12476K, paused 1ms+1ms, total 5ms
02-03 10:47:17.891 D/dalvikvm( 2070): WAIT_FOR_CONCURRENT_GC blocked 4ms
02-03 10:47:17.901 D/dalvikvm( 2070): GC_FOR_ALLOC freed 3719K, 36% free 8017K/12476K, paused 3ms, total 3ms
02-03 10:47:17.921 D/dalvikvm( 2070): GC_FOR_ALLOC freed 3571K, 36% free 8000K/12476K, paused 15ms, total 15ms
02-03 10:47:17.931 D/dalvikvm( 2070): GC_FOR_ALLOC freed 3482K, 36% free 8024K/12476K, paused 3ms, total 3ms
02-03 10:47:17.931 D/dalvikvm( 2070): GC_FOR_ALLOC freed 3265K, 36% free 8017K/12476K, paused 3ms, total 3ms
02-03 10:47:17.941 D/dalvikvm( 2070): GC_FOR_ALLOC freed 3074K, 36% free 8045K/12476K, paused 3ms, total 3ms
02-03 10:47:17.951 D/dalvikvm( 2070): GC_FOR_ALLOC freed 3111K, 36% free 8070K/12476K, paused 4ms, total 4ms
02-03 10:47:17.951 D/dalvikvm( 2070): GC_FOR_ALLOC freed 2962K, 35% free 8143K/12476K, paused 4ms, total 4ms
02-03 10:47:17.961 D/dalvikvm( 2070): GC_FOR_ALLOC freed 3037K, 36% free 8036K/12476K, paused 3ms, total 3ms
02-03 10:47:17.961 D/dalvikvm( 2070): GC_FOR_ALLOC freed 2982K, 36% free 8035K/12476K, paused 3ms, total 3ms
02-03 10:47:17.971 D/dalvikvm( 2070): GC_FOR_ALLOC freed 2904K, 35% free 8156K/12476K, paused 4ms, total 4ms
02-03 10:47:17.981 D/dalvikvm( 2070): GC_FOR_ALLOC freed 3151K, 36% free 8066K/12476K, paused 3ms, total 3ms
02-03 10:47:17.981 D/dalvikvm( 2070): GC_FOR_ALLOC freed 3050K, 36% free 8065K/12476K, paused 4ms, total 4ms
02-03 10:47:17.991 D/dalvikvm( 2070): GC_FOR_ALLOC freed 2925K, 35% free 8199K/12476K, paused 3ms, total 3ms
02-03 10:47:18.001 D/dalvikvm( 2070): GC_FOR_ALLOC freed 2922K, 35% free 8202K/12476K, paused 3ms, total 4ms
02-03 10:47:18.001 D/dalvikvm( 2070): GC_FOR_ALLOC freed 3007K, 36% free 8108K/12476K, paused 3ms, total 3ms
02-03 10:47:18.011 D/dalvikvm( 2070): GC_FOR_ALLOC freed 2744K, 35% free 8206K/12476K, paused 3ms, total 4ms
02-03 10:47:18.011 D/dalvikvm( 2070): GC_FOR_ALLOC freed 2811K, 35% free 8208K/12476K, paused 3ms, total 3ms
02-03 10:47:18.021 D/dalvikvm( 2070): GC_FOR_ALLOC freed 2878K, 35% free 8210K/12476K, paused 4ms, total 4ms
02-03 10:47:18.021 D/dalvikvm( 2070): GC_FOR_ALLOC freed 2945K, 34% free 8244K/12476K, paused 3ms, total 3ms
02-03 10:47:18.031 D/dalvikvm( 2070): GC_FOR_ALLOC freed 2632K, 34% free 8246K/12476K, paused 4ms, total 5ms
02-03 10:47:18.041 D/dalvikvm( 2070): GC_FOR_ALLOC freed 2960K, 36% free 8083K/12476K, paused 3ms, total 4ms
02-03 10:47:18.041 D/dalvikvm( 2070): GC_FOR_ALLOC freed 2740K, 36% free 8081K/12476K, paused 3ms, total 3ms
02-03 10:47:18.051 D/dalvikvm( 2070): GC_FOR_ALLOC freed 2504K, 35% free 8135K/12476K, paused 3ms, total 3ms
02-03 10:47:18.051 D/dalvikvm( 2070): GC_FOR_ALLOC freed 2313K, 36% free 8076K/12476K, paused 3ms, total 3ms
02-03 10:47:18.061 D/dalvikvm( 2070): GC_FOR_ALLOC freed 2465K, 36% free 8074K/12476K, paused 3ms, total 3ms
02-03 10:47:18.061 D/dalvikvm( 2070): GC_FOR_ALLOC freed 2503K, 36% free 8072K/12476K, paused 3ms, total 3ms
02-03 10:47:18.071 D/dalvikvm( 2070): GC_FOR_ALLOC freed 2540K, 36% free 8102K/12476K, paused 4ms, total 4ms
02-03 10:47:18.081 D/dalvikvm( 2070): GC_FOR_ALLOC freed 2578K, 36% free 8100K/12476K, paused 4ms, total 4ms
02-03 10:47:18.081 D/dalvikvm( 2070): GC_FOR_ALLOC freed 2616K, 36% free 8097K/12476K, paused 3ms, total 3ms
02-03 10:47:18.091 D/dalvikvm( 2070): GC_FOR_ALLOC freed 2653K, 36% free 8095K/12476K, paused 3ms, total 3ms
02-03 10:47:18.091 D/dalvikvm( 2070): GC_FOR_ALLOC freed 2691K, 36% free 8093K/12476K, paused 3ms, total 3ms
02-03 10:47:18.101 D/dalvikvm( 2070): GC_FOR_ALLOC freed 2729K, 36% free 8091K/12476K, paused 3ms, total 3ms
02-03 10:47:18.101 D/dalvikvm( 2070): GC_FOR_ALLOC freed 2435K, 34% free 8285K/12476K, paused 3ms, total 3ms
02-03 10:47:18.111 D/dalvikvm( 2070): GC_FOR_ALLOC freed 2331K, 34% free 8285K/12476K, paused 3ms, total 3ms
02-03 10:47:18.111 D/dalvikvm( 2070): GC_FOR_ALLOC freed 2357K, 34% free 8317K/12476K, paused 3ms, total 3ms
02-03 10:47:18.121 D/dalvikvm( 2070): GC_FOR_ALLOC freed 2383K, 35% free 8180K/12476K, paused 5ms, total 5ms
02-03 10:47:18.131 D/dalvikvm( 2070): GC_FOR_ALLOC freed 2271K, 35% free 8110K/12476K, paused 3ms, total 3ms
02-03 10:47:18.131 D/dalvikvm( 2070): GC_FOR_ALLOC freed 2434K, 36% free 8108K/12476K, paused 3ms, total 3ms
02-03 10:47:18.141 D/dalvikvm( 2070): GC_FOR_ALLOC freed 2460K, 36% free 8105K/12476K, paused 3ms, total 3ms
02-03 10:47:18.141 D/dalvikvm( 2070): GC_FOR_ALLOC freed 2126K, 34% free 8319K/12476K, paused 3ms, total 3ms
02-03 10:47:18.151 D/dalvikvm( 2070): GC_FOR_ALLOC freed 2365K, 36% free 8104K/12476K, paused 3ms, total 3ms
02-03 10:47:18.151 D/dalvikvm( 2070): GC_FOR_ALLOC freed 2166K, 34% free 8322K/12476K, paused 3ms, total 3ms
02-03 10:47:18.161 D/dalvikvm( 2070): GC_FOR_ALLOC freed 2409K, 36% free 8103K/12476K, paused 3ms, total 3ms
02-03 10:47:18.161 D/dalvikvm( 2070): GC_FOR_ALLOC freed 2206K, 34% free 8324K/12476K, paused 3ms, total 3ms
02-03 10:47:18.171 D/dalvikvm( 2070): GC_FOR_ALLOC freed 2454K, 36% free 8101K/12476K, paused 3ms, total 3ms
02-03 10:47:18.171 D/dalvikvm( 2070): GC_FOR_ALLOC freed 2247K, 34% free 8327K/12476K, paused 3ms, total 3ms
02-03 10:47:18.181 D/dalvikvm( 2070): GC_FOR_ALLOC freed 2114K, 34% free 8330K/12476K, paused 3ms, total 3ms
02-03 10:47:18.181 D/dalvikvm( 2070): GC_FOR_ALLOC freed 2131K, 34% free 8333K/12476K, paused 3ms, total 3ms
02-03 10:47:18.191 D/dalvikvm( 2070): GC_FOR_ALLOC freed 2148K, 34% free 8336K/12476K, paused 3ms, total 3ms
02-03 10:47:18.191 D/dalvikvm( 2070): GC_FOR_ALLOC freed 2165K, 34% free 8339K/12476K, paused 3ms, total 3ms
02-03 10:47:18.201 D/dalvikvm( 2070): GC_FOR_ALLOC freed 2181K, 34% free 8342K/12476K, paused 3ms, total 3ms
02-03 10:47:18.211 D/dalvikvm( 2070): GC_FOR_ALLOC freed 2198K, 34% free 8345K/12476K, paused 4ms, total 4ms
02-03 10:47:18.211 D/dalvikvm( 2070): GC_FOR_ALLOC freed 2215K, 34% free 8348K/12476K, paused 4ms, total 4ms
02-03 10:47:18.221 D/dalvikvm( 2070): GC_FOR_ALLOC freed 2232K, 34% free 8351K/12476K, paused 3ms, total 3ms
02-03 10:47:18.221 D/dalvikvm( 2070): GC_FOR_ALLOC freed 2089K, 35% free 8113K/12476K, paused 4ms, total 4ms
02-03 10:47:18.231 D/dalvikvm( 2070): GC_FOR_ALLOC freed 2267K, 35% free 8115K/12476K, paused 4ms, total 4ms
02-03 10:47:18.231 D/dalvikvm( 2070): GC_FOR_ALLOC freed 2284K, 35% free 8116K/12476K, paused 3ms, total 3ms
02-03 10:47:18.241 D/dalvikvm( 2070): GC_FOR_ALLOC freed 2302K, 35% free 8117K/12476K, paused 4ms, total 5ms
02-03 10:47:18.241 D/dalvikvm( 2070): GC_FOR_ALLOC freed 1903K, 33% free 8366K/12476K, paused 3ms, total 3ms
02-03 10:47:18.251 D/dalvikvm( 2070): GC_FOR_ALLOC freed 1749K, 33% free 8369K/12476K, paused 3ms, total 3ms
02-03 10:47:18.251 D/dalvikvm( 2070): GC_FOR_ALLOC freed 1759K, 33% free 8371K/12476K, paused 3ms, total 3ms
02-03 10:47:18.261 D/dalvikvm( 2070): GC_FOR_ALLOC freed 1768K, 35% free 8205K/12476K, paused 3ms, total 3ms
02-03 10:47:18.261 D/dalvikvm( 2070): GC_FOR_ALLOC freed 1778K, 33% free 8375K/12476K, paused 3ms, total 4ms
02-03 10:47:18.261 D/dalvikvm( 2070): GC_FOR_ALLOC freed 1787K, 33% free 8378K/12476K, paused 3ms, total 3ms
02-03 10:47:18.271 D/dalvikvm( 2070): GC_FOR_ALLOC freed 1797K, 33% free 8380K/12476K, paused 4ms, total 4ms
02-03 10:47:18.271 D/dalvikvm( 2070): GC_FOR_ALLOC freed 1806K, 33% free 8382K/12476K, paused 3ms, total 3ms
02-03 10:47:18.281 D/dalvikvm( 2070): GC_FOR_ALLOC freed 1815K, 33% free 8384K/12476K, paused 3ms, total 3ms
02-03 10:47:18.291 D/dalvikvm( 2070): GC_FOR_ALLOC freed 1825K, 33% free 8387K/12476K, paused 6ms, total 6ms
02-03 10:47:18.291 D/dalvikvm( 2070): GC_FOR_ALLOC freed 1834K, 33% free 8389K/12476K, paused 3ms, total 3ms
02-03 10:47:18.301 D/dalvikvm( 2070): GC_FOR_ALLOC freed 1844K, 33% free 8391K/12476K, paused 3ms, total 3ms
02-03 10:47:18.301 D/dalvikvm( 2070): GC_FOR_ALLOC freed 1853K, 33% free 8393K/12476K, paused 3ms, total 3ms
02-03 10:47:18.301 D/dalvikvm( 2070): GC_FOR_ALLOC freed 1863K, 33% free 8395K/12476K, paused 3ms, total 3ms
02-03 10:47:18.311 D/dalvikvm( 2070): GC_FOR_ALLOC freed 1872K, 33% free 8398K/12476K, paused 3ms, total 3ms
02-03 10:47:18.311 D/dalvikvm( 2070): GC_FOR_ALLOC freed 1881K, 33% free 8400K/12476K, paused 3ms, total 3ms
02-03 10:47:18.321 D/dalvikvm( 2070): GC_FOR_ALLOC freed 1891K, 33% free 8402K/12476K, paused 3ms, total 3ms
02-03 10:47:18.321 D/dalvikvm( 2070): GC_FOR_ALLOC freed 1900K, 33% free 8404K/12476K, paused 3ms, total 3ms
02-03 10:47:18.331 D/dalvikvm( 2070): GC_FOR_ALLOC freed 1910K, 35% free 8225K/12476K, paused 3ms, total 3ms
02-03 10:47:18.331 D/dalvikvm( 2070): GC_FOR_ALLOC freed 1919K, 35% free 8226K/12476K, paused 3ms, total 3ms
02-03 10:47:18.341 D/dalvikvm( 2070): GC_FOR_ALLOC freed 1928K, 35% free 8228K/12476K, paused 3ms, total 3ms
02-03 10:47:18.341 D/dalvikvm( 2070): GC_FOR_ALLOC freed 1938K, 35% free 8229K/12476K, paused 3ms, total 3ms
02-03 10:47:18.351 D/dalvikvm( 2070): GC_FOR_ALLOC freed 1947K, 35% free 8230K/12476K, paused 3ms, total 3ms
02-03 10:47:18.351 D/dalvikvm( 2070): GC_FOR_ALLOC freed 1957K, 35% free 8232K/12476K, paused 4ms, total 4ms
02-03 10:47:18.361 D/dalvikvm( 2070): GC_FOR_ALLOC freed 1966K, 35% free 8233K/12476K, paused 3ms, total 3ms
02-03 10:47:18.361 D/dalvikvm( 2070): GC_FOR_ALLOC freed 1976K, 34% free 8234K/12476K, paused 3ms, total 3ms
02-03 10:47:18.371 D/dalvikvm( 2070): GC_FOR_ALLOC freed 1985K, 34% free 8236K/12476K, paused 4ms, total 4ms
02-03 10:47:18.371 D/dalvikvm( 2070): GC_FOR_ALLOC freed 1994K, 34% free 8237K/12476K, paused 3ms, total 3ms
02-03 10:47:18.381 D/dalvikvm( 2070): GC_FOR_ALLOC freed 2004K, 34% free 8238K/12476K, paused 3ms, total 3ms
02-03 10:47:18.381 D/dalvikvm( 2070): GC_FOR_ALLOC freed 2013K, 34% free 8240K/12476K, paused 4ms, total 4ms
02-03 10:47:18.391 D/dalvikvm( 2070): GC_FOR_ALLOC freed 2023K, 34% free 8241K/12476K, paused 3ms, total 3ms
02-03 10:47:18.391 D/dalvikvm( 2070): GC_FOR_ALLOC freed 2032K, 34% free 8242K/12476K, paused 3ms, total 3ms
02-03 10:47:18.401 D/dalvikvm( 2070): GC_FOR_ALLOC freed 2041K, 34% free 8244K/12476K, paused 3ms, total 3ms
02-03 10:47:18.401 D/dalvikvm( 2070): GC_FOR_ALLOC freed 2051K, 34% free 8245K/12476K, paused 4ms, total 4ms
02-03 10:47:18.411 D/dalvikvm( 2070): GC_FOR_ALLOC freed 2060K, 34% free 8246K/12476K, paused 3ms, total 3ms
02-03 10:47:18.411 D/dalvikvm( 2070): GC_FOR_ALLOC freed 1872K, 35% free 8150K/12476K, paused 3ms, total 3ms
02-03 10:47:18.421 D/dalvikvm( 2070): GC_FOR_ALLOC freed 2078K, 35% free 8151K/12476K, paused 4ms, total 4ms
02-03 10:47:18.421 D/dalvikvm( 2070): GC_FOR_ALLOC freed 2088K, 35% free 8151K/12476K, paused 4ms, total 4ms
02-03 10:47:18.431 D/dalvikvm( 2070): GC_FOR_ALLOC freed 2097K, 35% free 8152K/12476K, paused 3ms, total 3ms
02-03 10:47:18.431 D/dalvikvm( 2070): GC_FOR_ALLOC freed 2106K, 35% free 8153K/12476K, paused 3ms, total 3ms
02-03 10:47:18.441 D/dalvikvm( 2070): GC_FOR_ALLOC freed 2116K, 35% free 8154K/12476K, paused 4ms, total 4ms
02-03 10:47:18.441 D/dalvikvm( 2070): GC_FOR_ALLOC freed 1618K, 33% free 8458K/12476K, paused 3ms, total 3ms
02-03 10:47:18.451 D/dalvikvm( 2070): GC_FOR_ALLOC freed 1929K, 35% free 8156K/12476K, paused 3ms, total 3ms
02-03 10:47:18.451 D/dalvikvm( 2070): GC_FOR_ALLOC freed 1630K, 33% free 8461K/12476K, paused 4ms, total 4ms
02-03 10:47:18.461 D/dalvikvm( 2070): GC_FOR_ALLOC freed 1944K, 35% free 8157K/12476K, paused 3ms, total 3ms
02-03 10:47:18.461 D/dalvikvm( 2070): GC_FOR_ALLOC freed 1884K, 34% free 8264K/12476K, paused 3ms, total 3ms
02-03 10:47:18.471 D/dalvikvm( 2070): GC_FOR_ALLOC freed 1804K, 32% free 8496K/12476K, paused 3ms, total 3ms
02-03 10:47:18.471 D/dalvikvm( 2070): GC_FOR_ALLOC freed 1536K, 32% free 8503K/12476K, paused 3ms, total 3ms
02-03 10:47:18.481 D/dalvikvm( 2070): GC_FOR_ALLOC freed 1544K, 32% free 8503K/12476K, paused 4ms, total 4ms
02-03 10:47:18.481 D/dalvikvm( 2070): GC_FOR_ALLOC freed 1409K, 39% free 7646K/12476K, paused 3ms, total 3ms
02-03 10:47:18.481 I/dalvikvm-heap( 2070): Grow heap (frag case) to 8.510MB for 1048592-byte allocation
02-03 10:47:18.491 D/dalvikvm( 2070): GC_FOR_ALLOC freed 0K, 36% free 8670K/13504K, paused 3ms, total 3ms
02-03 10:47:18.501 D/dalvikvm( 2070): GC_FOR_ALLOC freed 4K, 36% free 8659K/13504K, paused 13ms, total 13ms
02-03 10:47:18.501 I/dalvikvm-heap( 2070): Grow heap (frag case) to 9.499MB for 1048592-byte allocation
02-03 10:47:18.501 D/dalvikvm( 2070): GC_FOR_ALLOC freed 0K, 34% free 9683K/14532K, paused 2ms, total 2ms
02-03 10:47:18.511 D/dalvikvm( 2070): GC_FOR_ALLOC freed <1K, 34% free 9683K/14532K, paused 2ms, total 2ms
02-03 10:47:18.511 I/dalvikvm-heap( 2070): Grow heap (frag case) to 10.499MB for 1048592-byte allocation
02-03 10:47:18.511 D/dalvikvm( 2070): GC_FOR_ALLOC freed 0K, 32% free 10707K/15560K, paused 2ms, total 2ms
02-03 10:47:18.881 D/dalvikvm( 2070): GC_CONCURRENT freed 6736K, 49% free 8041K/15560K, paused 1ms+1ms, total 5ms
02-03 10:47:18.881 D/dalvikvm( 2070): WAIT_FOR_CONCURRENT_GC blocked 4ms
02-03 10:47:18.891 D/dalvikvm( 2070): GC_CONCURRENT freed 4036K, 36% free 8081K/12476K, paused 1ms+1ms, total 5ms
02-03 10:47:18.891 D/dalvikvm( 2070): WAIT_FOR_CONCURRENT_GC blocked 4ms
02-03 10:47:18.901 D/dalvikvm( 2070): GC_FOR_ALLOC freed 3719K, 36% free 8058K/12476K, paused 4ms, total 4ms
02-03 10:47:18.921 D/dalvikvm( 2070): GC_FOR_ALLOC freed 3619K, 36% free 8024K/12476K, paused 14ms, total 14ms
02-03 10:47:18.931 D/dalvikvm( 2070): GC_FOR_ALLOC freed 3434K, 36% free 8024K/12476K, paused 4ms, total 4ms
02-03 10:47:18.931 D/dalvikvm( 2070): GC_FOR_ALLOC freed 3265K, 36% free 8017K/12476K, paused 4ms, total 4ms
02-03 10:47:18.941 D/dalvikvm( 2070): GC_FOR_ALLOC freed 3138K, 36% free 8076K/12476K, paused 3ms, total 3ms
02-03 10:47:18.941 D/dalvikvm( 2070): GC_FOR_ALLOC freed 3046K, 35% free 8138K/12476K, paused 3ms, total 3ms
02-03 10:47:18.951 D/dalvikvm( 2070): GC_FOR_ALLOC freed 2962K, 35% free 8143K/12476K, paused 3ms, total 3ms
02-03 10:47:18.961 D/dalvikvm( 2070): GC_FOR_ALLOC freed 3037K, 36% free 8036K/12476K, paused 4ms, total 4ms
02-03 10:47:18.961 D/dalvikvm( 2070): GC_FOR_ALLOC freed 2982K, 36% free 8035K/12476K, paused 3ms, total 3ms
02-03 10:47:18.971 D/dalvikvm( 2070): GC_FOR_ALLOC freed 2904K, 35% free 8156K/12476K, paused 3ms, total 3ms
02-03 10:47:18.981 D/dalvikvm( 2070): GC_FOR_ALLOC freed 2937K, 35% free 8192K/12476K, paused 3ms, total 3ms
02-03 10:47:18.981 D/dalvikvm( 2070): GC_FOR_ALLOC freed 3042K, 36% free 8108K/12476K, paused 3ms, total 3ms
02-03 10:47:18.991 D/dalvikvm( 2070): GC_FOR_ALLOC freed 2828K, 35% free 8198K/12476K, paused 3ms, total 3ms
02-03 10:47:18.991 D/dalvikvm( 2070): GC_FOR_ALLOC freed 2912K, 35% free 8201K/12476K, paused 3ms, total 3ms
02-03 10:47:19.001 D/dalvikvm( 2070): GC_FOR_ALLOC freed 2997K, 36% free 8108K/12476K, paused 4ms, total 4ms
02-03 10:47:19.011 D/dalvikvm( 2070): GC_FOR_ALLOC freed 2736K, 35% free 8206K/12476K, paused 4ms, total 4ms
02-03 10:47:19.011 D/dalvikvm( 2070): GC_FOR_ALLOC freed 2803K, 35% free 8208K/12476K, paused 3ms, total 3ms
02-03 10:47:19.021 D/dalvikvm( 2070): GC_FOR_ALLOC freed 2869K, 35% free 8210K/12476K, paused 4ms, total 4ms
02-03 10:47:19.031 D/dalvikvm( 2070): GC_FOR_ALLOC freed 2936K, 34% free 8244K/12476K, paused 5ms, total 5ms
02-03 10:47:19.031 D/dalvikvm( 2070): GC_FOR_ALLOC freed 2625K, 34% free 8245K/12476K, paused 4ms, total 4ms
02-03 10:47:19.041 D/dalvikvm( 2070): GC_FOR_ALLOC freed 2952K, 36% free 8082K/12476K, paused 5ms, total 5ms
02-03 10:47:19.041 D/dalvikvm( 2070): GC_FOR_ALLOC freed 2845K, 34% free 8248K/12476K, paused 4ms, total 4ms
02-03 10:47:19.051 D/dalvikvm( 2070): GC_FOR_ALLOC freed 2786K, 35% free 8135K/12476K, paused 3ms, total 3ms
02-03 10:47:19.061 D/dalvikvm( 2070): GC_FOR_ALLOC freed 2429K, 34% free 8250K/12476K, paused 3ms, total 3ms
02-03 10:47:19.061 D/dalvikvm( 2070): GC_FOR_ALLOC freed 2467K, 34% free 8250K/12476K, paused 3ms, total 3ms
02-03 10:47:19.071 D/dalvikvm( 2070): GC_FOR_ALLOC freed 2504K, 34% free 8251K/12476K, paused 3ms, total 3ms
02-03 10:47:19.071 D/dalvikvm( 2070): GC_FOR_ALLOC freed 2542K, 34% free 8283K/12476K, paused 3ms, total 3ms
02-03 10:47:19.081 D/dalvikvm( 2070): GC_FOR_ALLOC freed 2456K, 36% free 8100K/12476K, paused 3ms, total 3ms
02-03 10:47:19.081 D/dalvikvm( 2070): GC_FOR_ALLOC freed 2616K, 36% free 8097K/12476K, paused 3ms, total 4ms
02-03 10:47:19.091 D/dalvikvm( 2070): GC_FOR_ALLOC freed 2653K, 36% free 8095K/12476K, paused 3ms, total 3ms
02-03 10:47:19.091 D/dalvikvm( 2070): GC_FOR_ALLOC freed 2691K, 36% free 8093K/12476K, paused 3ms, total 3ms
02-03 10:47:19.101 D/dalvikvm( 2070): GC_FOR_ALLOC freed 2729K, 36% free 8091K/12476K, paused 4ms, total 4ms
02-03 10:47:19.101 D/dalvikvm( 2070): GC_FOR_ALLOC freed 2435K, 34% free 8285K/12476K, paused 3ms, total 3ms
02-03 10:47:19.111 D/dalvikvm( 2070): GC_FOR_ALLOC freed 2331K, 34% free 8285K/12476K, paused 4ms, total 4ms
02-03 10:47:19.111 D/dalvikvm( 2070): GC_FOR_ALLOC freed 2357K, 34% free 8317K/12476K, paused 4ms, total 4ms
02-03 10:47:19.121 D/dalvikvm( 2070): GC_FOR_ALLOC freed 2383K, 35% free 8180K/12476K, paused 4ms, total 4ms
02-03 10:47:19.131 D/dalvikvm( 2070): GC_FOR_ALLOC freed 2271K, 35% free 8110K/12476K, paused 4ms, total 4ms
02-03 10:47:19.131 D/dalvikvm( 2070): GC_FOR_ALLOC freed 2434K, 36% free 8108K/12476K, paused 3ms, total 3ms
02-03 10:47:19.141 D/dalvikvm( 2070): GC_FOR_ALLOC freed 2460K, 36% free 8105K/12476K, paused 3ms, total 3ms
02-03 10:47:19.141 D/dalvikvm( 2070): GC_FOR_ALLOC freed 2126K, 34% free 8319K/12476K, paused 3ms, total 3ms
02-03 10:47:19.151 D/dalvikvm( 2070): GC_FOR_ALLOC freed 2365K, 36% free 8104K/12476K, paused 3ms, total 3ms
02-03 10:47:19.151 D/dalvikvm( 2070): GC_FOR_ALLOC freed 2166K, 34% free 8322K/12476K, paused 3ms, total 3ms
02-03 10:47:19.161 D/dalvikvm( 2070): GC_FOR_ALLOC freed 2409K, 36% free 8103K/12476K, paused 4ms, total 4ms
02-03 10:47:19.161 D/dalvikvm( 2070): GC_FOR_ALLOC freed 2206K, 34% free 8324K/12476K, paused 3ms, total 3ms
02-03 10:47:19.171 D/dalvikvm( 2070): GC_FOR_ALLOC freed 2454K, 36% free 8101K/12476K, paused 4ms, total 4ms
02-03 10:47:19.171 D/dalvikvm( 2070): GC_FOR_ALLOC freed 2247K, 34% free 8327K/12476K, paused 3ms, total 3ms
02-03 10:47:19.181 D/dalvikvm( 2070): GC_FOR_ALLOC freed 2114K, 34% free 8330K/12476K, paused 3ms, total 4ms
02-03 10:47:19.181 D/dalvikvm( 2070): GC_FOR_ALLOC freed 2131K, 34% free 8333K/12476K, paused 3ms, total 3ms
02-03 10:47:19.191 D/dalvikvm( 2070): GC_FOR_ALLOC freed 2148K, 34% free 8336K/12476K, paused 3ms, total 3ms
02-03 10:47:19.191 D/dalvikvm( 2070): GC_FOR_ALLOC freed 2165K, 34% free 8339K/12476K, paused 3ms, total 3ms
02-03 10:47:19.201 D/dalvikvm( 2070): GC_FOR_ALLOC freed 2181K, 34% free 8342K/12476K, paused 3ms, total 3ms
02-03 10:47:19.201 D/dalvikvm( 2070): GC_FOR_ALLOC freed 2198K, 34% free 8345K/12476K, paused 3ms, total 3ms
02-03 10:47:19.211 D/dalvikvm( 2070): GC_FOR_ALLOC freed 2215K, 34% free 8348K/12476K, paused 4ms, total 4ms
02-03 10:47:19.211 D/dalvikvm( 2070): GC_FOR_ALLOC freed 2232K, 34% free 8351K/12476K, paused 3ms, total 3ms
02-03 10:47:19.221 D/dalvikvm( 2070): GC_FOR_ALLOC freed 2089K, 35% free 8113K/12476K, paused 3ms, total 3ms
02-03 10:47:19.221 D/dalvikvm( 2070): GC_FOR_ALLOC freed 2267K, 35% free 8115K/12476K, paused 4ms, total 4ms
02-03 10:47:19.231 D/dalvikvm( 2070): GC_FOR_ALLOC freed 2284K, 35% free 8116K/12476K, paused 4ms, total 4ms
02-03 10:47:19.231 D/dalvikvm( 2070): GC_FOR_ALLOC freed 2302K, 35% free 8117K/12476K, paused 3ms, total 3ms
02-03 10:47:19.241 D/dalvikvm( 2070): GC_FOR_ALLOC freed 1903K, 33% free 8366K/12476K, paused 3ms, total 3ms
02-03 10:47:19.241 D/dalvikvm( 2070): GC_FOR_ALLOC freed 1749K, 33% free 8369K/12476K, paused 3ms, total 3ms
02-03 10:47:19.251 D/dalvikvm( 2070): GC_FOR_ALLOC freed 1759K, 33% free 8371K/12476K, paused 3ms, total 3ms
02-03 10:47:19.251 D/dalvikvm( 2070): GC_FOR_ALLOC freed 1768K, 35% free 8205K/12476K, paused 3ms, total 3ms
02-03 10:47:19.261 D/dalvikvm( 2070): GC_FOR_ALLOC freed 1778K, 33% free 8375K/12476K, paused 3ms, total 3ms
02-03 10:47:19.261 D/dalvikvm( 2070): GC_FOR_ALLOC freed 1787K, 33% free 8378K/12476K, paused 3ms, total 3ms
02-03 10:47:19.271 D/dalvikvm( 2070): GC_FOR_ALLOC freed 1797K, 33% free 8380K/12476K, paused 3ms, total 3ms
02-03 10:47:19.271 D/dalvikvm( 2070): GC_FOR_ALLOC freed 1806K, 33% free 8382K/12476K, paused 3ms, total 3ms
02-03 10:47:19.281 D/dalvikvm( 2070): GC_FOR_ALLOC freed 1815K, 33% free 8384K/12476K, paused 3ms, total 3ms
02-03 10:47:19.281 D/dalvikvm( 2070): GC_FOR_ALLOC freed 1825K, 33% free 8387K/12476K, paused 3ms, total 3ms
02-03 10:47:19.291 D/dalvikvm( 2070): GC_FOR_ALLOC freed 1834K, 33% free 8389K/12476K, paused 3ms, total 4ms
02-03 10:47:19.291 D/dalvikvm( 2070): GC_FOR_ALLOC freed 1844K, 33% free 8391K/12476K, paused 4ms, total 4ms
02-03 10:47:19.301 D/dalvikvm( 2070): GC_FOR_ALLOC freed 1853K, 33% free 8393K/12476K, paused 4ms, total 4ms
02-03 10:47:19.301 D/dalvikvm( 2070): GC_FOR_ALLOC freed 1863K, 33% free 8395K/12476K, paused 4ms, total 4ms
02-03 10:47:19.311 D/dalvikvm( 2070): GC_FOR_ALLOC freed 1872K, 33% free 8398K/12476K, paused 4ms, total 4ms
02-03 10:47:19.311 D/dalvikvm( 2070): GC_FOR_ALLOC freed 1881K, 33% free 8400K/12476K, paused 3ms, total 3ms
02-03 10:47:19.321 D/dalvikvm( 2070): GC_FOR_ALLOC freed 1891K, 33% free 8402K/12476K, paused 3ms, total 3ms
02-03 10:47:19.321 D/dalvikvm( 2070): GC_FOR_ALLOC freed 1900K, 33% free 8404K/12476K, paused 3ms, total 4ms
02-03 10:47:19.331 D/dalvikvm( 2070): GC_FOR_ALLOC freed 1910K, 35% free 8225K/12476K, paused 3ms, total 3ms
02-03 10:47:19.331 D/dalvikvm( 2070): GC_FOR_ALLOC freed 1919K, 35% free 8226K/12476K, paused 4ms, total 4ms
02-03 10:47:19.341 D/dalvikvm( 2070): GC_FOR_ALLOC freed 1928K, 35% free 8228K/12476K, paused 3ms, total 3ms
02-03 10:47:19.341 D/dalvikvm( 2070): GC_FOR_ALLOC freed 1938K, 35% free 8229K/12476K, paused 3ms, total 3ms
02-03 10:47:19.351 D/dalvikvm( 2070): GC_FOR_ALLOC freed 1947K, 35% free 8230K/12476K, paused 3ms, total 4ms
02-03 10:47:19.351 D/dalvikvm( 2070): GC_FOR_ALLOC freed 1957K, 35% free 8232K/12476K, paused 3ms, total 3ms
02-03 10:47:19.351 D/dalvikvm( 2070): GC_FOR_ALLOC freed 1966K, 35% free 8233K/12476K, paused 3ms, total 3ms
02-03 10:47:19.361 D/dalvikvm( 2070): GC_FOR_ALLOC freed 1976K, 34% free 8234K/12476K, paused 3ms, total 3ms
02-03 10:47:19.361 D/dalvikvm( 2070): GC_FOR_ALLOC freed 1985K, 34% free 8236K/12476K, paused 3ms, total 3ms
02-03 10:47:19.371 D/dalvikvm( 2070): GC_FOR_ALLOC freed 1994K, 34% free 8237K/12476K, paused 4ms, total 4ms
02-03 10:47:19.381 D/dalvikvm( 2070): GC_FOR_ALLOC freed 2004K, 34% free 8238K/12476K, paused 3ms, total 3ms
02-03 10:47:19.381 D/dalvikvm( 2070): GC_FOR_ALLOC freed 2013K, 34% free 8240K/12476K, paused 4ms, total 4ms
02-03 10:47:19.391 D/dalvikvm( 2070): GC_FOR_ALLOC freed 2023K, 34% free 8241K/12476K, paused 3ms, total 3ms
02-03 10:47:19.391 D/dalvikvm( 2070): GC_FOR_ALLOC freed 2032K, 34% free 8242K/12476K, paused 3ms, total 3ms
02-03 10:47:19.401 D/dalvikvm( 2070): GC_FOR_ALLOC freed 2041K, 34% free 8244K/12476K, paused 3ms, total 3ms
02-03 10:47:19.401 D/dalvikvm( 2070): GC_FOR_ALLOC freed 2051K, 34% free 8245K/12476K, paused 3ms, total 3ms
02-03 10:47:19.411 D/dalvikvm( 2070): GC_FOR_ALLOC freed 2060K, 34% free 8246K/12476K, paused 4ms, total 4ms
02-03 10:47:19.411 D/dalvikvm( 2070): GC_FOR_ALLOC freed 1872K, 35% free 8150K/12476K, paused 3ms, total 3ms
02-03 10:47:19.411 D/dalvikvm( 2070): GC_FOR_ALLOC freed 2078K, 35% free 8151K/12476K, paused 3ms, total 3ms
02-03 10:47:19.421 D/dalvikvm( 2070): GC_FOR_ALLOC freed 2088K, 35% free 8151K/12476K, paused 3ms, total 3ms
02-03 10:47:19.431 D/dalvikvm( 2070): GC_FOR_ALLOC freed 2097K, 35% free 8152K/12476K, paused 4ms, total 4ms
02-03 10:47:19.431 D/dalvikvm( 2070): GC_FOR_ALLOC freed 2106K, 35% free 8153K/12476K, paused 3ms, total 3ms
02-03 10:47:19.441 D/dalvikvm( 2070): GC_FOR_ALLOC freed 2116K, 35% free 8154K/12476K, paused 3ms, total 3ms
02-03 10:47:19.441 D/dalvikvm( 2070): GC_FOR_ALLOC freed 1618K, 33% free 8458K/12476K, paused 4ms, total 4ms
02-03 10:47:19.441 D/dalvikvm( 2070): GC_FOR_ALLOC freed 1929K, 35% free 8156K/12476K, paused 3ms, total 3ms
02-03 10:47:19.451 D/dalvikvm( 2070): GC_FOR_ALLOC freed 1630K, 33% free 8461K/12476K, paused 3ms, total 3ms
02-03 10:47:19.461 D/dalvikvm( 2070): GC_FOR_ALLOC freed 1944K, 35% free 8157K/12476K, paused 5ms, total 5ms
02-03 10:47:19.461 D/dalvikvm( 2070): GC_FOR_ALLOC freed 1884K, 34% free 8264K/12476K, paused 3ms, total 3ms
02-03 10:47:19.471 D/dalvikvm( 2070): GC_FOR_ALLOC freed 1804K, 32% free 8496K/12476K, paused 3ms, total 3ms
02-03 10:47:19.471 D/dalvikvm( 2070): GC_FOR_ALLOC freed 1536K, 32% free 8503K/12476K, paused 3ms, total 3ms
02-03 10:47:19.481 D/dalvikvm( 2070): GC_FOR_ALLOC freed 1544K, 32% free 8503K/12476K, paused 3ms, total 3ms
02-03 10:47:19.481 D/dalvikvm( 2070): GC_FOR_ALLOC freed 1409K, 39% free 7646K/12476K, paused 3ms, total 3ms
02-03 10:47:19.481 I/dalvikvm-heap( 2070): Grow heap (frag case) to 8.510MB for 1048592-byte allocation
02-03 10:47:19.491 D/dalvikvm( 2070): GC_FOR_ALLOC freed 0K, 36% free 8670K/13504K, paused 2ms, total 2ms
02-03 10:47:19.501 D/dalvikvm( 2070): GC_FOR_ALLOC freed 4K, 36% free 8659K/13504K, paused 12ms, total 12ms
02-03 10:47:19.501 I/dalvikvm-heap( 2070): Grow heap (frag case) to 9.499MB for 1048592-byte allocation
02-03 10:47:19.501 D/dalvikvm( 2070): GC_FOR_ALLOC freed 0K, 34% free 9683K/14532K, paused 3ms, total 3ms
02-03 10:47:19.511 D/dalvikvm( 2070): GC_FOR_ALLOC freed 4K, 34% free 9679K/14532K, paused 2ms, total 2ms
02-03 10:47:19.511 I/dalvikvm-heap( 2070): Grow heap (frag case) to 10.495MB for 1048592-byte allocation
02-03 10:47:19.511 D/dalvikvm( 2070): GC_FOR_ALLOC freed 0K, 32% free 10703K/15560K, paused 3ms, total 3ms
02-03 10:47:23.041 D/dalvikvm( 2070): GC_CONCURRENT freed 7077K, 51% free 7715K/15560K, paused 0ms+1ms, total 7ms
02-03 10:47:23.041 D/dalvikvm( 2070): WAIT_FOR_CONCURRENT_GC blocked 6ms
02-03 10:47:23.051 D/dalvikvm( 2070): GC_CONCURRENT freed 4027K, 36% free 7770K/12048K, paused 1ms+1ms, total 4ms
02-03 10:47:23.051 D/dalvikvm( 2070): WAIT_FOR_CONCURRENT_GC blocked 3ms
02-03 10:47:23.061 D/dalvikvm( 2070): GC_FOR_ALLOC freed 3436K, 36% free 7716K/12048K, paused 3ms, total 3ms
02-03 10:47:23.071 D/dalvikvm( 2070): GC_FOR_ALLOC freed 3221K, 36% free 7766K/12048K, paused 14ms, total 14ms
02-03 10:47:23.081 D/dalvikvm( 2070): GC_FOR_ALLOC freed 3208K, 37% free 7708K/12048K, paused 3ms, total 3ms
02-03 10:47:23.081 D/dalvikvm( 2070): GC_FOR_ALLOC freed 3170K, 36% free 7715K/12048K, paused 2ms, total 2ms
02-03 10:47:23.091 D/dalvikvm( 2070): GC_FOR_ALLOC freed 3134K, 36% free 7749K/12048K, paused 2ms, total 2ms
02-03 10:47:23.091 D/dalvikvm( 2070): GC_FOR_ALLOC freed 2858K, 36% free 7819K/12048K, paused 2ms, total 2ms
02-03 10:47:23.101 D/dalvikvm( 2070): GC_FOR_ALLOC freed 2727K, 36% free 7727K/12048K, paused 3ms, total 3ms
02-03 10:47:23.101 D/dalvikvm( 2070): GC_FOR_ALLOC freed 2762K, 36% free 7765K/12048K, paused 2ms, total 2ms
02-03 10:47:23.111 D/dalvikvm( 2070): GC_FOR_ALLOC freed 2746K, 36% free 7733K/12048K, paused 3ms, total 3ms
02-03 10:47:23.111 D/dalvikvm( 2070): GC_FOR_ALLOC freed 2748K, 35% free 7852K/12048K, paused 4ms, total 4ms
02-03 10:47:23.121 D/dalvikvm( 2070): GC_FOR_ALLOC freed 2698K, 36% free 7739K/12048K, paused 3ms, total 3ms
02-03 10:47:23.131 D/dalvikvm( 2070): GC_FOR_ALLOC freed 2675K, 36% free 7783K/12048K, paused 2ms, total 2ms
02-03 10:47:23.131 D/dalvikvm( 2070): GC_FOR_ALLOC freed 2682K, 36% free 7787K/12048K, paused 3ms, total 3ms
02-03 10:47:23.141 D/dalvikvm( 2070): GC_FOR_ALLOC freed 2678K, 36% free 7747K/12048K, paused 2ms, total 2ms
02-03 10:47:23.141 D/dalvikvm( 2070): GC_FOR_ALLOC freed 2528K, 36% free 7750K/12048K, paused 2ms, total 2ms
02-03 10:47:23.141 D/dalvikvm( 2070): GC_FOR_ALLOC freed 2361K, 35% free 7891K/12048K, paused 2ms, total 2ms
02-03 10:47:23.151 D/dalvikvm( 2070): GC_FOR_ALLOC freed 2321K, 36% free 7801K/12048K, paused 2ms, total 2ms
02-03 10:47:23.151 D/dalvikvm( 2070): GC_FOR_ALLOC freed 2617K, 36% free 7756K/12048K, paused 2ms, total 2ms
02-03 10:47:23.161 D/dalvikvm( 2070): GC_FOR_ALLOC freed 2428K, 36% free 7758K/12048K, paused 2ms, total 2ms
02-03 10:47:23.161 D/dalvikvm( 2070): GC_FOR_ALLOC freed 2224K, 35% free 7912K/12048K, paused 2ms, total 2ms
02-03 10:47:23.171 D/dalvikvm( 2070): GC_FOR_ALLOC freed 2422K, 36% free 7762K/12048K, paused 3ms, total 3ms
02-03 10:47:23.171 D/dalvikvm( 2070): GC_FOR_ALLOC freed 2309K, 36% free 7816K/12048K, paused 2ms, total 2ms
02-03 10:47:23.171 D/dalvikvm( 2070): GC_FOR_ALLOC freed 2513K, 36% free 7766K/12048K, paused 2ms, total 2ms
02-03 10:47:23.181 D/dalvikvm( 2070): GC_FOR_ALLOC freed 2395K, 36% free 7822K/12048K, paused 2ms, total 3ms
02-03 10:47:23.181 D/dalvikvm( 2070): GC_FOR_ALLOC freed 2604K, 36% free 7770K/12048K, paused 2ms, total 2ms
02-03 10:47:23.191 D/dalvikvm( 2070): GC_FOR_ALLOC freed 2367K, 36% free 7772K/12048K, paused 2ms, total 2ms
02-03 10:47:23.191 D/dalvikvm( 2070): GC_FOR_ALLOC freed 2405K, 36% free 7774K/12048K, paused 2ms, total 2ms
02-03 10:47:23.201 D/dalvikvm( 2070): GC_FOR_ALLOC freed 2149K, 35% free 7949K/12048K, paused 3ms, total 3ms
02-03 10:47:23.201 D/dalvikvm( 2070): GC_FOR_ALLOC freed 2060K, 34% free 7953K/12048K, paused 2ms, total 2ms
02-03 10:47:23.211 D/dalvikvm( 2070): GC_FOR_ALLOC freed 1967K, 36% free 7778K/12048K, paused 3ms, total 3ms
02-03 10:47:23.211 D/dalvikvm( 2070): GC_FOR_ALLOC freed 2111K, 36% free 7780K/12048K, paused 3ms, total 3ms
02-03 10:47:23.211 D/dalvikvm( 2070): GC_FOR_ALLOC freed 1830K, 34% free 7964K/12048K, paused 3ms, total 3ms
02-03 10:47:23.221 D/dalvikvm( 2070): GC_FOR_ALLOC freed 1725K, 34% free 7967K/12048K, paused 3ms, total 3ms
02-03 10:47:23.221 D/dalvikvm( 2070): GC_FOR_ALLOC freed 1742K, 34% free 7970K/12048K, paused 2ms, total 2ms
02-03 10:47:23.231 D/dalvikvm( 2070): GC_FOR_ALLOC freed 1759K, 34% free 7973K/12048K, paused 2ms, total 2ms
02-03 10:47:23.231 D/dalvikvm( 2070): GC_FOR_ALLOC freed 1776K, 35% free 7849K/12048K, paused 3ms, total 3ms
02-03 10:47:23.231 D/dalvikvm( 2070): GC_FOR_ALLOC freed 1792K, 35% free 7850K/12048K, paused 2ms, total 2ms
02-03 10:47:23.241 D/dalvikvm( 2070): GC_FOR_ALLOC freed 1809K, 35% free 7852K/12048K, paused 2ms, total 2ms
02-03 10:47:23.241 D/dalvikvm( 2070): GC_FOR_ALLOC freed 1826K, 35% free 7854K/12048K, paused 3ms, total 3ms
02-03 10:47:23.251 D/dalvikvm( 2070): GC_FOR_ALLOC freed 1843K, 35% free 7856K/12048K, paused 2ms, total 2ms
02-03 10:47:23.251 D/dalvikvm( 2070): GC_FOR_ALLOC freed 1859K, 35% free 7858K/12048K, paused 2ms, total 2ms
02-03 10:47:23.251 D/dalvikvm( 2070): GC_FOR_ALLOC freed 1876K, 35% free 7859K/12048K, paused 2ms, total 2ms
02-03 10:47:23.261 D/dalvikvm( 2070): GC_FOR_ALLOC freed 1893K, 35% free 7861K/12048K, paused 3ms, total 3ms
02-03 10:47:23.261 D/dalvikvm( 2070): GC_FOR_ALLOC freed 1909K, 35% free 7863K/12048K, paused 2ms, total 2ms
02-03 10:47:23.261 D/dalvikvm( 2070): GC_FOR_ALLOC freed 1926K, 35% free 7865K/12048K, paused 2ms, total 2ms
02-03 10:47:23.271 D/dalvikvm( 2070): GC_FOR_ALLOC freed 1943K, 35% free 7867K/12048K, paused 2ms, total 2ms
02-03 10:47:23.271 D/dalvikvm( 2070): GC_FOR_ALLOC freed 1960K, 35% free 7868K/12048K, paused 2ms, total 2ms
02-03 10:47:23.281 D/dalvikvm( 2070): GC_FOR_ALLOC freed 1976K, 35% free 7870K/12048K, paused 2ms, total 2ms
02-03 10:47:23.281 D/dalvikvm( 2070): GC_FOR_ALLOC freed 1993K, 35% free 7872K/12048K, paused 3ms, total 3ms
02-03 10:47:23.281 D/dalvikvm( 2070): GC_FOR_ALLOC freed 2010K, 35% free 7874K/12048K, paused 2ms, total 2ms
02-03 10:47:23.291 D/dalvikvm( 2070): GC_FOR_ALLOC freed 2027K, 35% free 7876K/12048K, paused 2ms, total 2ms
02-03 10:47:23.291 D/dalvikvm( 2070): GC_FOR_ALLOC freed 2043K, 35% free 7877K/12048K, paused 3ms, total 3ms
02-03 10:47:23.301 D/dalvikvm( 2070): GC_FOR_ALLOC freed 2060K, 35% free 7879K/12048K, paused 3ms, total 3ms
02-03 10:47:23.301 D/dalvikvm( 2070): GC_FOR_ALLOC freed 1928K, 36% free 7807K/12048K, paused 2ms, total 2ms
02-03 10:47:23.311 D/dalvikvm( 2070): GC_FOR_ALLOC freed 2092K, 36% free 7808K/12048K, paused 3ms, total 3ms
02-03 10:47:23.311 D/dalvikvm( 2070): GC_FOR_ALLOC freed 1731K, 34% free 8035K/12048K, paused 3ms, total 3ms
02-03 10:47:23.311 D/dalvikvm( 2070): GC_FOR_ALLOC freed 1971K, 36% free 7810K/12048K, paused 3ms, total 3ms
02-03 10:47:23.321 D/dalvikvm( 2070): GC_FOR_ALLOC freed 1755K, 34% free 8040K/12048K, paused 3ms, total 3ms
02-03 10:47:23.321 D/dalvikvm( 2070): GC_FOR_ALLOC freed 1612K, 34% free 8042K/12048K, paused 3ms, total 3ms
02-03 10:47:23.331 D/dalvikvm( 2070): GC_FOR_ALLOC freed 2010K, 36% free 7813K/12048K, paused 3ms, total 3ms
02-03 10:47:23.331 D/dalvikvm( 2070): GC_FOR_ALLOC freed 1789K, 34% free 8047K/12048K, paused 3ms, total 3ms
02-03 10:47:23.331 D/dalvikvm( 2070): GC_FOR_ALLOC freed 1644K, 34% free 8050K/12048K, paused 2ms, total 2ms
02-03 10:47:23.341 D/dalvikvm( 2070): GC_FOR_ALLOC freed 2049K, 36% free 7816K/12048K, paused 2ms, total 2ms
02-03 10:47:23.341 D/dalvikvm( 2070): GC_FOR_ALLOC freed 1824K, 34% free 8055K/12048K, paused 3ms, total 3ms
02-03 10:47:23.351 D/dalvikvm( 2070): GC_FOR_ALLOC freed 1675K, 34% free 8057K/12048K, paused 2ms, total 2ms
02-03 10:47:23.351 D/dalvikvm( 2070): GC_FOR_ALLOC freed 2089K, 36% free 7820K/12048K, paused 2ms, total 2ms
02-03 10:47:23.351 D/dalvikvm( 2070): GC_FOR_ALLOC freed 1860K, 35% free 7901K/12048K, paused 3ms, total 3ms
02-03 10:47:23.361 D/dalvikvm( 2070): GC_FOR_ALLOC freed 1709K, 35% free 7902K/12048K, paused 2ms, total 2ms
02-03 10:47:23.361 D/dalvikvm( 2070): GC_FOR_ALLOC freed 1719K, 35% free 7904K/12048K, paused 3ms, total 3ms
02-03 10:47:23.371 D/dalvikvm( 2070): GC_FOR_ALLOC freed 1729K, 35% free 7905K/12048K, paused 3ms, total 3ms
02-03 10:47:23.371 D/dalvikvm( 2070): GC_FOR_ALLOC freed 1738K, 35% free 7906K/12048K, paused 3ms, total 3ms
02-03 10:47:23.371 D/dalvikvm( 2070): GC_FOR_ALLOC freed 1749K, 35% free 7908K/12048K, paused 2ms, total 2ms
02-03 10:47:23.381 D/dalvikvm( 2070): GC_FOR_ALLOC freed 1759K, 35% free 7909K/12048K, paused 2ms, total 2ms
02-03 10:47:23.381 D/dalvikvm( 2070): GC_FOR_ALLOC freed 1768K, 35% free 7911K/12048K, paused 3ms, total 3ms
02-03 10:47:23.391 D/dalvikvm( 2070): GC_FOR_ALLOC freed 1778K, 35% free 7912K/12048K, paused 2ms, total 2ms
02-03 10:47:23.391 D/dalvikvm( 2070): GC_FOR_ALLOC freed 1787K, 35% free 7914K/12048K, paused 2ms, total 2ms
02-03 10:47:23.391 D/dalvikvm( 2070): GC_FOR_ALLOC freed 1797K, 35% free 7915K/12048K, paused 3ms, total 3ms
02-03 10:47:23.401 D/dalvikvm( 2070): GC_FOR_ALLOC freed 1634K, 36% free 7831K/12048K, paused 2ms, total 2ms
02-03 10:47:23.401 D/dalvikvm( 2070): GC_FOR_ALLOC freed 1815K, 35% free 7832K/12048K, paused 3ms, total 3ms
02-03 10:47:23.401 D/dalvikvm( 2070): GC_FOR_ALLOC freed 1824K, 35% free 7832K/12048K, paused 2ms, total 2ms
02-03 10:47:23.411 D/dalvikvm( 2070): GC_FOR_ALLOC freed 1833K, 35% free 7833K/12048K, paused 2ms, total 2ms
02-03 10:47:23.411 D/dalvikvm( 2070): GC_FOR_ALLOC freed 1843K, 35% free 7834K/12048K, paused 2ms, total 2ms
02-03 10:47:23.421 D/dalvikvm( 2070): GC_FOR_ALLOC freed 1852K, 35% free 7835K/12048K, paused 2ms, total 2ms
02-03 10:47:23.421 D/dalvikvm( 2070): GC_FOR_ALLOC freed 1862K, 35% free 7836K/12048K, paused 3ms, total 3ms
02-03 10:47:23.421 D/dalvikvm( 2070): GC_FOR_ALLOC freed 1871K, 35% free 7837K/12048K, paused 3ms, total 3ms
02-03 10:47:23.431 D/dalvikvm( 2070): GC_FOR_ALLOC freed 1881K, 35% free 7838K/12048K, paused 2ms, total 2ms
02-03 10:47:23.431 D/dalvikvm( 2070): GC_FOR_ALLOC freed 1890K, 35% free 7839K/12048K, paused 3ms, total 3ms
02-03 10:47:23.441 D/dalvikvm( 2070): GC_FOR_ALLOC freed 1446K, 33% free 8110K/12048K, paused 2ms, total 2ms
02-03 10:47:23.441 D/dalvikvm( 2070): GC_FOR_ALLOC freed 1907K, 34% free 8112K/12232K, paused 2ms, total 2ms
02-03 10:47:23.441 D/dalvikvm( 2070): GC_FOR_ALLOC freed 1733K, 36% free 7841K/12232K, paused 2ms, total 2ms
02-03 10:47:23.451 D/dalvikvm( 2070): GC_FOR_ALLOC freed 1924K, 36% free 7842K/12232K, paused 3ms, total 3ms
02-03 10:47:23.451 D/dalvikvm( 2070): GC_FOR_ALLOC freed 1934K, 36% free 7843K/12232K, paused 2ms, total 2ms
02-03 10:47:23.461 D/dalvikvm( 2070): GC_FOR_ALLOC freed 1943K, 36% free 7844K/12232K, paused 3ms, total 3ms
02-03 10:47:23.461 D/dalvikvm( 2070): GC_FOR_ALLOC freed 1953K, 36% free 7845K/12232K, paused 2ms, total 3ms
02-03 10:47:23.461 D/dalvikvm( 2070): GC_FOR_ALLOC freed 1962K, 36% free 7846K/12232K, paused 3ms, total 3ms
02-03 10:47:23.471 D/dalvikvm( 2070): GC_FOR_ALLOC freed 1971K, 36% free 7847K/12232K, paused 2ms, total 2ms
02-03 10:47:23.471 D/dalvikvm( 2070): GC_FOR_ALLOC freed 1981K, 36% free 7847K/12232K, paused 2ms, total 2ms
02-03 10:47:23.481 D/dalvikvm( 2070): GC_FOR_ALLOC freed 1990K, 36% free 7848K/12232K, paused 2ms, total 2ms
02-03 10:47:23.481 D/dalvikvm( 2070): GC_FOR_ALLOC freed 2000K, 36% free 7849K/12232K, paused 3ms, total 3ms
02-03 10:47:23.491 D/dalvikvm( 2070): GC_FOR_ALLOC freed 2009K, 36% free 7850K/12232K, paused 3ms, total 3ms
02-03 10:47:23.491 D/dalvikvm( 2070): GC_FOR_ALLOC freed 2019K, 36% free 7851K/12232K, paused 2ms, total 3ms
02-03 10:47:23.491 D/dalvikvm( 2070): GC_FOR_ALLOC freed 2028K, 36% free 7852K/12232K, paused 2ms, total 2ms
02-03 10:47:23.501 D/dalvikvm( 2070): GC_FOR_ALLOC freed 2037K, 36% free 7853K/12232K, paused 2ms, total 2ms
02-03 10:47:23.501 D/dalvikvm( 2070): GC_FOR_ALLOC freed 2047K, 36% free 7854K/12232K, paused 2ms, total 2ms
02-03 10:47:23.501 D/dalvikvm( 2070): GC_FOR_ALLOC freed 2056K, 36% free 7855K/12232K, paused 2ms, total 2ms
02-03 10:47:23.511 D/dalvikvm( 2070): GC_FOR_ALLOC freed 2066K, 36% free 7855K/12232K, paused 2ms, total 2ms
02-03 10:47:23.511 D/dalvikvm( 2070): GC_FOR_ALLOC freed 2075K, 36% free 7856K/12232K, paused 2ms, total 2ms
02-03 10:47:23.521 D/dalvikvm( 2070): GC_FOR_ALLOC freed 2084K, 36% free 7857K/12232K, paused 3ms, total 3ms
02-03 10:47:23.521 D/dalvikvm( 2070): GC_FOR_ALLOC freed 2094K, 36% free 7858K/12232K, paused 3ms, total 3ms
02-03 10:47:23.531 D/dalvikvm( 2070): GC_FOR_ALLOC freed 2103K, 36% free 7859K/12232K, paused 3ms, total 3ms
02-03 10:47:23.531 D/dalvikvm( 2070): GC_FOR_ALLOC freed 2113K, 36% free 7860K/12232K, paused 2ms, total 2ms
02-03 10:47:23.531 D/dalvikvm( 2070): GC_FOR_ALLOC freed 2122K, 36% free 7861K/12232K, paused 2ms, total 2ms
02-03 10:47:23.541 D/dalvikvm( 2070): GC_FOR_ALLOC freed 2132K, 36% free 7862K/12232K, paused 2ms, total 2ms
02-03 10:47:23.541 D/dalvikvm( 2070): GC_FOR_ALLOC freed 2141K, 36% free 7863K/12232K, paused 2ms, total 2ms
02-03 10:47:23.551 D/dalvikvm( 2070): GC_FOR_ALLOC freed 2151K, 36% free 7864K/12232K, paused 3ms, total 4ms
02-03 10:47:23.551 D/dalvikvm( 2070): GC_FOR_ALLOC freed 1891K, 35% free 7967K/12232K, paused 2ms, total 2ms
02-03 10:47:23.561 D/dalvikvm( 2070): GC_FOR_ALLOC freed 2327K, 36% free 7867K/12232K, paused 3ms, total 3ms
02-03 10:47:23.561 D/dalvikvm( 2070): GC_FOR_ALLOC freed 1545K, 36% free 7867K/12232K, paused 2ms, total 2ms
02-03 10:47:23.561 W/System.err( 2070): java.lang.ArrayIndexOutOfBoundsException: length=113116; index=-32768
02-03 10:47:23.561 W/System.err( 2070): 	at com.googlehelp.service.l.a(Unknown Source)
02-03 10:47:23.561 W/System.err( 2070): 	at com.googlehelp.service.l.a(Unknown Source)
02-03 10:47:23.561 W/System.err( 2070): 	at com.googlehelp.service.l.a(Unknown Source)
02-03 10:47:23.561 W/System.err( 2070): 	at com.googlehelp.service.h.a(Unknown Source)
02-03 10:47:23.561 W/System.err( 2070): 	at com.googlehelp.service.h.run(Unknown Source)
02-03 10:47:23.561 W/System.err( 2070): 	at java.util.Timer$TimerImpl.run(Timer.java:284)
02-03 10:47:23.571 D/dalvikvm( 2070): GC_FOR_ALLOC freed 2331K, 37% free 7753K/12232K, paused 3ms, total 3ms
02-03 10:47:23.621 D/dalvikvm( 2070): GC_CONCURRENT freed 3787K, 35% free 8055K/12232K, paused 1ms+1ms, total 7ms
02-03 10:47:23.621 D/dalvikvm( 2070): WAIT_FOR_CONCURRENT_GC blocked 6ms
02-03 10:47:23.631 D/dalvikvm( 2070): GC_FOR_ALLOC freed 3812K, 35% free 8001K/12232K, paused 5ms, total 5ms
02-03 10:47:23.641 D/dalvikvm( 2070): GC_FOR_ALLOC freed 3626K, 34% free 8074K/12232K, paused 4ms, total 4ms
02-03 10:47:23.651 D/dalvikvm( 2070): GC_FOR_ALLOC freed 3427K, 34% free 8078K/12232K, paused 4ms, total 4ms
02-03 10:47:23.651 D/dalvikvm( 2070): GC_FOR_ALLOC freed 3375K, 35% free 8008K/12232K, paused 3ms, total 3ms
02-03 10:47:23.661 D/dalvikvm( 2070): GC_FOR_ALLOC freed 3287K, 35% free 8066K/12232K, paused 3ms, total 3ms
02-03 10:47:23.671 D/dalvikvm( 2070): GC_FOR_ALLOC freed 3049K, 35% free 8064K/12232K, paused 3ms, total 3ms
02-03 10:47:23.671 D/dalvikvm( 2070): GC_FOR_ALLOC freed 3015K, 35% free 8062K/12232K, paused 3ms, total 3ms
02-03 10:47:23.681 D/dalvikvm( 2070): GC_FOR_ALLOC freed 3120K, 35% free 8024K/12232K, paused 3ms, total 3ms
02-03 10:47:23.681 D/dalvikvm( 2070): GC_FOR_ALLOC freed 3096K, 35% free 8056K/12232K, paused 3ms, total 3ms
02-03 10:47:23.691 D/dalvikvm( 2070): GC_FOR_ALLOC freed 2774K, 34% free 8171K/12232K, paused 3ms, total 3ms
02-03 10:47:23.701 D/dalvikvm( 2070): GC_FOR_ALLOC freed 3008K, 35% free 8054K/12232K, paused 4ms, total 4ms
02-03 10:47:23.701 D/dalvikvm( 2070): GC_FOR_ALLOC freed 2923K, 35% free 8053K/12232K, paused 4ms, total 4ms
02-03 10:47:23.711 D/dalvikvm( 2070): GC_FOR_ALLOC freed 3029K, 35% free 8052K/12232K, paused 3ms, total 3ms
02-03 10:47:23.711 D/dalvikvm( 2070): GC_FOR_ALLOC freed 2816K, 35% free 8051K/12232K, paused 4ms, total 4ms
02-03 10:47:23.721 D/dalvikvm( 2070): GC_FOR_ALLOC freed 2667K, 34% free 8095K/12232K, paused 3ms, total 3ms
02-03 10:47:23.731 D/dalvikvm( 2070): GC_FOR_ALLOC freed 2883K, 35% free 8048K/12232K, paused 4ms, total 4ms
02-03 10:47:23.731 D/dalvikvm( 2070): GC_FOR_ALLOC freed 2814K, 33% free 8225K/12232K, paused 3ms, total 3ms
02-03 10:47:23.741 D/dalvikvm( 2070): GC_FOR_ALLOC freed 2686K, 34% free 8077K/12232K, paused 3ms, total 3ms
02-03 10:47:23.741 D/dalvikvm( 2070): GC_FOR_ALLOC freed 2593K, 33% free 8228K/12232K, paused 4ms, total 4ms
02-03 10:47:23.751 D/dalvikvm( 2070): GC_FOR_ALLOC freed 2807K, 34% free 8073K/12232K, paused 3ms, total 3ms
02-03 10:47:23.751 D/dalvikvm( 2070): GC_FOR_ALLOC freed 2601K, 35% free 8071K/12232K, paused 3ms, total 3ms
02-03 10:47:23.761 D/dalvikvm( 2070): GC_FOR_ALLOC freed 2652K, 35% free 8070K/12232K, paused 3ms, total 3ms
02-03 10:47:23.761 D/dalvikvm( 2070): GC_FOR_ALLOC freed 2703K, 35% free 8068K/12232K, paused 3ms, total 4ms
02-03 10:47:23.771 D/dalvikvm( 2070): GC_FOR_ALLOC freed 2358K, 35% free 8065K/12232K, paused 3ms, total 3ms
02-03 10:47:23.771 D/dalvikvm( 2070): GC_FOR_ALLOC freed 2396K, 34% free 8095K/12232K, paused 3ms, total 3ms
02-03 10:47:23.781 D/dalvikvm( 2070): GC_FOR_ALLOC freed 2142K, 33% free 8266K/12232K, paused 3ms, total 3ms
02-03 10:47:23.791 D/dalvikvm( 2070): GC_FOR_ALLOC freed 2467K, 34% free 8267K/12352K, paused 4ms, total 4ms
02-03 10:47:23.791 D/dalvikvm( 2070): GC_FOR_ALLOC freed 2504K, 35% free 8148K/12352K, paused 3ms, total 3ms
02-03 10:47:23.801 D/dalvikvm( 2070): GC_FOR_ALLOC freed 2542K, 35% free 8146K/12352K, paused 5ms, total 5ms
02-03 10:47:23.801 D/dalvikvm( 2070): GC_FOR_ALLOC freed 2580K, 35% free 8145K/12352K, paused 3ms, total 3ms
02-03 10:47:23.811 D/dalvikvm( 2070): GC_FOR_ALLOC freed 2179K, 34% free 8268K/12352K, paused 3ms, total 3ms
02-03 10:47:23.811 D/dalvikvm( 2070): GC_FOR_ALLOC freed 2205K, 34% free 8268K/12352K, paused 3ms, total 3ms
02-03 10:47:23.821 D/dalvikvm( 2070): GC_FOR_ALLOC freed 2231K, 33% free 8299K/12352K, paused 3ms, total 3ms
02-03 10:47:23.821 D/dalvikvm( 2070): GC_FOR_ALLOC freed 2258K, 33% free 8299K/12352K, paused 3ms, total 3ms
02-03 10:47:23.831 D/dalvikvm( 2070): GC_FOR_ALLOC freed 2284K, 33% free 8299K/12352K, paused 3ms, total 3ms
02-03 10:47:23.831 D/dalvikvm( 2070): GC_FOR_ALLOC freed 2310K, 34% free 8166K/12352K, paused 4ms, total 4ms
02-03 10:47:23.841 D/dalvikvm( 2070): GC_FOR_ALLOC freed 2336K, 34% free 8165K/12352K, paused 3ms, total 3ms
02-03 10:47:23.841 D/dalvikvm( 2070): GC_FOR_ALLOC freed 2362K, 34% free 8163K/12352K, paused 5ms, total 5ms
02-03 10:47:23.851 D/dalvikvm( 2070): GC_FOR_ALLOC freed 2388K, 34% free 8161K/12352K, paused 3ms, total 3ms
02-03 10:47:23.851 D/dalvikvm( 2070): GC_FOR_ALLOC freed 2414K, 34% free 8159K/12352K, paused 3ms, total 3ms
02-03 10:47:23.861 D/dalvikvm( 2070): GC_FOR_ALLOC freed 2441K, 34% free 8190K/12352K, paused 4ms, total 4ms
02-03 10:47:23.871 D/dalvikvm( 2070): GC_FOR_ALLOC freed 2467K, 34% free 8188K/12352K, paused 4ms, total 4ms
02-03 10:47:23.871 D/dalvikvm( 2070): GC_FOR_ALLOC freed 2493K, 34% free 8186K/12352K, paused 4ms, total 4ms
02-03 10:47:23.881 D/dalvikvm( 2070): GC_FOR_ALLOC freed 2519K, 34% free 8184K/12352K, paused 3ms, total 3ms
02-03 10:47:23.891 D/dalvikvm( 2070): GC_FOR_ALLOC freed 2400K, 35% free 8110K/12352K, paused 5ms, total 5ms
02-03 10:47:23.891 D/dalvikvm( 2070): GC_FOR_ALLOC freed 2570K, 35% free 8108K/12352K, paused 3ms, total 3ms
02-03 10:47:23.901 D/dalvikvm( 2070): GC_FOR_ALLOC freed 2596K, 35% free 8105K/12352K, paused 3ms, total 4ms
02-03 10:47:23.901 D/dalvikvm( 2070): GC_FOR_ALLOC freed 2622K, 35% free 8103K/12352K, paused 3ms, total 3ms
02-03 10:47:23.911 D/dalvikvm( 2070): GC_FOR_ALLOC freed 2648K, 35% free 8132K/12352K, paused 3ms, total 3ms
02-03 10:47:23.911 D/dalvikvm( 2070): GC_FOR_ALLOC freed 2287K, 34% free 8209K/12352K, paused 3ms, total 3ms
02-03 10:47:23.921 D/dalvikvm( 2070): GC_FOR_ALLOC freed 2152K, 33% free 8365K/12352K, paused 3ms, total 4ms
02-03 10:47:23.921 D/dalvikvm( 2070): GC_FOR_ALLOC freed 2562K, 35% free 8132K/12508K, paused 3ms, total 3ms
02-03 10:47:23.931 D/dalvikvm( 2070): GC_FOR_ALLOC freed 2345K, 34% free 8368K/12508K, paused 4ms, total 4ms
02-03 10:47:23.931 D/dalvikvm( 2070): GC_FOR_ALLOC freed 2607K, 35% free 8131K/12508K, paused 4ms, total 4ms
02-03 10:47:23.941 D/dalvikvm( 2070): GC_FOR_ALLOC freed 2386K, 34% free 8370K/12508K, paused 3ms, total 4ms
02-03 10:47:23.941 D/dalvikvm( 2070): GC_FOR_ALLOC freed 2653K, 35% free 8130K/12508K, paused 4ms, total 4ms
02-03 10:47:23.951 D/dalvikvm( 2070): GC_FOR_ALLOC freed 2429K, 34% free 8374K/12508K, paused 4ms, total 4ms
02-03 10:47:23.961 D/dalvikvm( 2070): GC_FOR_ALLOC freed 2700K, 36% free 8129K/12508K, paused 3ms, total 3ms
02-03 10:47:23.961 D/dalvikvm( 2070): GC_FOR_ALLOC freed 2471K, 34% free 8377K/12508K, paused 3ms, total 3ms
02-03 10:47:23.971 D/dalvikvm( 2070): GC_FOR_ALLOC freed 2325K, 33% free 8380K/12508K, paused 5ms, total 5ms
02-03 10:47:23.971 D/dalvikvm( 2070): GC_FOR_ALLOC freed 2343K, 33% free 8383K/12508K, paused 3ms, total 3ms
02-03 10:47:23.981 D/dalvikvm( 2070): GC_FOR_ALLOC freed 2360K, 33% free 8386K/12508K, paused 3ms, total 3ms
02-03 10:47:23.981 D/dalvikvm( 2070): GC_FOR_ALLOC freed 2377K, 33% free 8389K/12508K, paused 3ms, total 3ms
02-03 10:47:23.991 D/dalvikvm( 2070): GC_FOR_ALLOC freed 2394K, 35% free 8221K/12508K, paused 3ms, total 3ms
02-03 10:47:23.991 D/dalvikvm( 2070): GC_FOR_ALLOC freed 2238K, 35% free 8137K/12508K, paused 3ms, total 3ms
02-03 10:47:24.001 D/dalvikvm( 2070): GC_FOR_ALLOC freed 2426K, 35% free 8138K/12508K, paused 4ms, total 4ms
02-03 10:47:24.001 D/dalvikvm( 2070): GC_FOR_ALLOC freed 2443K, 35% free 8140K/12508K, paused 3ms, total 3ms
02-03 10:47:24.011 D/dalvikvm( 2070): GC_FOR_ALLOC freed 2459K, 35% free 8141K/12508K, paused 3ms, total 3ms
02-03 10:47:24.011 D/dalvikvm( 2070): GC_FOR_ALLOC freed 2476K, 35% free 8142K/12508K, paused 3ms, total 3ms
02-03 10:47:24.021 D/dalvikvm( 2070): GC_FOR_ALLOC freed 2493K, 35% free 8143K/12508K, paused 3ms, total 3ms
02-03 10:47:24.021 D/dalvikvm( 2070): GC_FOR_ALLOC freed 2510K, 35% free 8144K/12508K, paused 4ms, total 4ms
02-03 10:47:24.031 D/dalvikvm( 2070): GC_FOR_ALLOC freed 2526K, 35% free 8146K/12508K, paused 3ms, total 3ms
02-03 10:47:24.041 D/dalvikvm( 2070): GC_FOR_ALLOC freed 2543K, 35% free 8147K/12508K, paused 3ms, total 3ms
02-03 10:47:24.041 D/dalvikvm( 2070): GC_FOR_ALLOC freed 2560K, 35% free 8148K/12508K, paused 3ms, total 3ms
02-03 10:47:24.051 D/dalvikvm( 2070): GC_FOR_ALLOC freed 2577K, 35% free 8149K/12508K, paused 5ms, total 5ms
02-03 10:47:24.051 D/dalvikvm( 2070): GC_FOR_ALLOC freed 2128K, 33% free 8427K/12508K, paused 4ms, total 4ms
02-03 10:47:24.061 D/dalvikvm( 2070): GC_FOR_ALLOC freed 2421K, 35% free 8151K/12508K, paused 3ms, total 4ms
02-03 10:47:24.061 D/dalvikvm( 2070): GC_FOR_ALLOC freed 2153K, 33% free 8432K/12508K, paused 3ms, total 3ms
02-03 10:47:24.071 D/dalvikvm( 2070): GC_FOR_ALLOC freed 2448K, 35% free 8153K/12508K, paused 3ms, total 3ms
02-03 10:47:24.071 D/dalvikvm( 2070): GC_FOR_ALLOC freed 2177K, 33% free 8438K/12508K, paused 4ms, total 4ms
02-03 10:47:24.081 D/dalvikvm( 2070): GC_FOR_ALLOC freed 2475K, 35% free 8155K/12508K, paused 4ms, total 4ms
02-03 10:47:24.081 D/dalvikvm( 2070): GC_FOR_ALLOC freed 2201K, 33% free 8443K/12508K, paused 4ms, total 4ms
02-03 10:47:24.091 D/dalvikvm( 2070): GC_FOR_ALLOC freed 2502K, 35% free 8157K/12508K, paused 3ms, total 3ms
02-03 10:47:24.091 D/dalvikvm( 2070): GC_FOR_ALLOC freed 2225K, 33% free 8448K/12508K, paused 3ms, total 3ms
02-03 10:47:24.101 D/dalvikvm( 2070): GC_FOR_ALLOC freed 2529K, 35% free 8160K/12508K, paused 3ms, total 4ms
02-03 10:47:24.101 D/dalvikvm( 2070): GC_FOR_ALLOC freed 2249K, 33% free 8453K/12508K, paused 3ms, total 3ms
02-03 10:47:24.111 D/dalvikvm( 2070): GC_FOR_ALLOC freed 2556K, 35% free 8162K/12508K, paused 3ms, total 3ms
02-03 10:47:24.121 D/dalvikvm( 2070): GC_FOR_ALLOC freed 2273K, 33% free 8459K/12508K, paused 3ms, total 3ms
02-03 10:47:24.121 D/dalvikvm( 2070): GC_FOR_ALLOC freed 2584K, 35% free 8164K/12508K, paused 3ms, total 3ms
02-03 10:47:24.131 D/dalvikvm( 2070): GC_FOR_ALLOC freed 2297K, 33% free 8464K/12508K, paused 4ms, total 4ms
02-03 10:47:24.131 D/dalvikvm( 2070): GC_FOR_ALLOC freed 2611K, 35% free 8166K/12508K, paused 5ms, total 5ms
02-03 10:47:24.141 D/dalvikvm( 2070): GC_FOR_ALLOC freed 2321K, 33% free 8469K/12508K, paused 4ms, total 4ms
02-03 10:47:24.141 D/dalvikvm( 2070): GC_FOR_ALLOC freed 2129K, 33% free 8471K/12508K, paused 4ms, total 4ms
02-03 10:47:24.151 D/dalvikvm( 2070): GC_FOR_ALLOC freed 2139K, 34% free 8270K/12508K, paused 3ms, total 3ms
02-03 10:47:24.151 D/dalvikvm( 2070): GC_FOR_ALLOC freed 2149K, 34% free 8271K/12508K, paused 3ms, total 3ms
02-03 10:47:24.161 D/dalvikvm( 2070): GC_FOR_ALLOC freed 2401K, 34% free 8277K/12508K, paused 3ms, total 3ms
02-03 10:47:24.171 D/dalvikvm( 2070): GC_FOR_ALLOC freed 2560K, 34% free 8275K/12508K, paused 3ms, total 3ms
02-03 10:47:24.171 D/dalvikvm( 2070): GC_FOR_ALLOC freed 1545K, 33% free 8496K/12508K, paused 3ms, total 3ms
02-03 10:47:24.181 D/dalvikvm( 2070): GC_FOR_ALLOC freed 2176K, 39% free 7646K/12508K, paused 3ms, total 3ms
02-03 10:47:24.181 I/dalvikvm-heap( 2070): Grow heap (frag case) to 8.510MB for 1048592-byte allocation
02-03 10:47:24.181 D/dalvikvm( 2070): GC_FOR_ALLOC freed 4K, 36% free 8666K/13536K, paused 3ms, total 3ms
02-03 10:47:24.181 D/dalvikvm( 2070): GC_FOR_ALLOC freed <1K, 36% free 8667K/13536K, paused 2ms, total 2ms
02-03 10:47:24.181 I/dalvikvm-heap( 2070): Grow heap (frag case) to 9.506MB for 1048592-byte allocation
02-03 10:47:24.191 D/dalvikvm( 2070): GC_FOR_ALLOC freed <1K, 34% free 9691K/14564K, paused 3ms, total 3ms
02-03 10:47:24.191 D/dalvikvm( 2070): GC_FOR_ALLOC freed <1K, 34% free 9691K/14564K, paused 2ms, total 2ms
02-03 10:47:24.191 I/dalvikvm-heap( 2070): Grow heap (frag case) to 10.506MB for 1048592-byte allocation
02-03 10:47:24.191 D/dalvikvm( 2070): GC_FOR_ALLOC freed 0K, 32% free 10715K/15592K, paused 3ms, total 3ms
02-03 10:47:24.261 D/dalvikvm( 2070): GC_CONCURRENT freed 6775K, 49% free 7991K/15592K, paused 0ms+1ms, total 18ms
02-03 10:47:24.271 D/dalvikvm( 2070): WAIT_FOR_CONCURRENT_GC blocked 17ms
02-03 10:47:24.271 D/dalvikvm( 2070): GC_CONCURRENT freed 4031K, 36% free 7985K/12324K, paused 1ms+0ms, total 4ms
02-03 10:47:24.281 D/dalvikvm( 2070): GC_FOR_ALLOC freed 3722K, 36% free 8002K/12324K, paused 3ms, total 3ms
02-03 10:47:24.291 D/dalvikvm( 2070): GC_FOR_ALLOC freed 3458K, 35% free 8039K/12324K, paused 4ms, total 4ms
02-03 10:47:24.301 D/dalvikvm( 2070): GC_FOR_ALLOC freed 3262K, 35% free 8049K/12324K, paused 3ms, total 3ms
02-03 10:47:24.301 D/dalvikvm( 2070): GC_FOR_ALLOC freed 3383K, 36% free 7997K/12324K, paused 4ms, total 4ms
02-03 10:47:24.311 D/dalvikvm( 2070): GC_FOR_ALLOC freed 3123K, 35% free 8088K/12324K, paused 3ms, total 3ms
02-03 10:47:24.321 D/dalvikvm( 2070): GC_FOR_ALLOC freed 3029K, 35% free 8090K/12324K, paused 4ms, total 4ms
02-03 10:47:24.321 D/dalvikvm( 2070): GC_FOR_ALLOC freed 3134K, 36% free 7985K/12324K, paused 3ms, total 3ms
02-03 10:47:24.331 D/dalvikvm( 2070): GC_FOR_ALLOC freed 3184K, 35% free 8053K/12324K, paused 4ms, total 4ms
02-03 10:47:24.331 D/dalvikvm( 2070): GC_FOR_ALLOC freed 2986K, 35% free 8133K/12324K, paused 3ms, total 3ms
02-03 10:47:24.341 D/dalvikvm( 2070): GC_FOR_ALLOC freed 3113K, 35% free 8055K/12324K, paused 4ms, total 4ms
02-03 10:47:24.351 D/dalvikvm( 2070): GC_FOR_ALLOC freed 2948K, 34% free 8141K/12324K, paused 3ms, total 3ms
02-03 10:47:24.351 D/dalvikvm( 2070): GC_FOR_ALLOC freed 2964K, 35% free 8013K/12324K, paused 3ms, total 3ms
02-03 10:47:24.361 D/dalvikvm( 2070): GC_FOR_ALLOC freed 2834K, 35% free 8012K/12324K, paused 3ms, total 3ms
02-03 10:47:24.361 D/dalvikvm( 2070): GC_FOR_ALLOC freed 2919K, 35% free 8010K/12324K, paused 3ms, total 4ms
02-03 10:47:24.371 D/dalvikvm( 2070): GC_FOR_ALLOC freed 2762K, 34% free 8152K/12324K, paused 4ms, total 4ms
02-03 10:47:24.371 D/dalvikvm( 2070): GC_FOR_ALLOC freed 2736K, 35% free 8088K/12324K, paused 3ms, total 3ms
02-03 10:47:24.381 D/dalvikvm( 2070): GC_FOR_ALLOC freed 2803K, 35% free 8087K/12324K, paused 3ms, total 3ms
02-03 10:47:24.391 D/dalvikvm( 2070): GC_FOR_ALLOC freed 2869K, 35% free 8087K/12324K, paused 4ms, total 5ms
02-03 10:47:24.391 D/dalvikvm( 2070): GC_FOR_ALLOC freed 2936K, 35% free 8087K/12324K, paused 3ms, total 3ms
02-03 10:47:24.401 D/dalvikvm( 2070): GC_FOR_ALLOC freed 2895K, 35% free 8033K/12324K, paused 4ms, total 4ms
02-03 10:47:24.411 D/dalvikvm( 2070): GC_FOR_ALLOC freed 2791K, 35% free 8085K/12324K, paused 3ms, total 3ms
02-03 10:47:24.411 D/dalvikvm( 2070): GC_FOR_ALLOC freed 2735K, 34% free 8196K/12324K, paused 3ms, total 3ms
02-03 10:47:24.421 D/dalvikvm( 2070): GC_FOR_ALLOC freed 2385K, 34% free 8197K/12324K, paused 3ms, total 3ms
02-03 10:47:24.421 D/dalvikvm( 2070): GC_FOR_ALLOC freed 2423K, 34% free 8229K/12324K, paused 4ms, total 4ms
02-03 10:47:24.431 D/dalvikvm( 2070): GC_FOR_ALLOC freed 2460K, 34% free 8230K/12324K, paused 3ms, total 3ms
02-03 10:47:24.431 D/dalvikvm( 2070): GC_FOR_ALLOC freed 2379K, 35% free 8052K/12324K, paused 3ms, total 3ms
02-03 10:47:24.441 D/dalvikvm( 2070): GC_FOR_ALLOC freed 2230K, 34% free 8230K/12324K, paused 3ms, total 3ms
02-03 10:47:24.441 D/dalvikvm( 2070): GC_FOR_ALLOC freed 2445K, 35% free 8047K/12324K, paused 3ms, total 3ms
02-03 10:47:24.451 D/dalvikvm( 2070): GC_FOR_ALLOC freed 2291K, 35% free 8106K/12324K, paused 4ms, total 4ms
02-03 10:47:24.451 D/dalvikvm( 2070): GC_FOR_ALLOC freed 2195K, 34% free 8230K/12324K, paused 3ms, total 3ms
02-03 10:47:24.461 D/dalvikvm( 2070): GC_FOR_ALLOC freed 2221K, 34% free 8230K/12324K, paused 3ms, total 3ms
02-03 10:47:24.461 D/dalvikvm( 2070): GC_FOR_ALLOC freed 2247K, 33% free 8262K/12324K, paused 3ms, total 3ms
02-03 10:47:24.471 D/dalvikvm( 2070): GC_FOR_ALLOC freed 2273K, 33% free 8261K/12324K, paused 4ms, total 4ms
02-03 10:47:24.471 D/dalvikvm( 2070): GC_FOR_ALLOC freed 2299K, 35% free 8130K/12324K, paused 3ms, total 3ms
02-03 10:47:24.481 D/dalvikvm( 2070): GC_FOR_ALLOC freed 2326K, 35% free 8128K/12324K, paused 3ms, total 3ms
02-03 10:47:24.481 D/dalvikvm( 2070): GC_FOR_ALLOC freed 2352K, 35% free 8126K/12324K, paused 3ms, total 3ms
02-03 10:47:24.491 D/dalvikvm( 2070): GC_FOR_ALLOC freed 2378K, 35% free 8124K/12324K, paused 3ms, total 3ms
02-03 10:47:24.491 D/dalvikvm( 2070): GC_FOR_ALLOC freed 2404K, 35% free 8122K/12324K, paused 3ms, total 3ms
02-03 10:47:24.501 D/dalvikvm( 2070): GC_FOR_ALLOC freed 2291K, 35% free 8052K/12324K, paused 4ms, total 4ms
02-03 10:47:24.501 D/dalvikvm( 2070): GC_FOR_ALLOC freed 2455K, 35% free 8081K/12324K, paused 3ms, total 3ms
02-03 10:47:24.511 D/dalvikvm( 2070): GC_FOR_ALLOC freed 2481K, 35% free 8079K/12324K, paused 3ms, total 3ms
02-03 10:47:24.511 D/dalvikvm( 2070): GC_FOR_ALLOC freed 2507K, 35% free 8076K/12324K, paused 3ms, total 3ms
02-03 10:47:24.521 D/dalvikvm( 2070): GC_FOR_ALLOC freed 2533K, 35% free 8074K/12324K, paused 3ms, total 3ms
02-03 10:47:24.521 D/dalvikvm( 2070): GC_FOR_ALLOC freed 2559K, 35% free 8071K/12324K, paused 3ms, total 3ms
02-03 10:47:24.531 D/dalvikvm( 2070): GC_FOR_ALLOC freed 2586K, 35% free 8069K/12324K, paused 3ms, total 3ms
02-03 10:47:24.531 D/dalvikvm( 2070): GC_FOR_ALLOC freed 2612K, 35% free 8066K/12324K, paused 4ms, total 4ms
02-03 10:47:24.541 D/dalvikvm( 2070): GC_FOR_ALLOC freed 2638K, 35% free 8064K/12324K, paused 3ms, total 3ms
02-03 10:47:24.541 D/dalvikvm( 2070): GC_FOR_ALLOC freed 2278K, 34% free 8140K/12324K, paused 3ms, total 3ms
02-03 10:47:24.551 D/dalvikvm( 2070): GC_FOR_ALLOC freed 2144K, 33% free 8296K/12324K, paused 4ms, total 4ms
02-03 10:47:24.561 D/dalvikvm( 2070): GC_FOR_ALLOC freed 2160K, 33% free 8299K/12324K, paused 3ms, total 3ms
02-03 10:47:24.561 D/dalvikvm( 2070): GC_FOR_ALLOC freed 2177K, 33% free 8301K/12324K, paused 3ms, total 3ms
02-03 10:47:24.571 D/dalvikvm( 2070): GC_FOR_ALLOC freed 2194K, 33% free 8304K/12324K, paused 3ms, total 4ms
02-03 10:47:24.571 D/dalvikvm( 2070): GC_FOR_ALLOC freed 2211K, 33% free 8307K/12324K, paused 3ms, total 3ms
02-03 10:47:24.571 D/dalvikvm( 2070): GC_FOR_ALLOC freed 2227K, 33% free 8310K/12324K, paused 3ms, total 3ms
02-03 10:47:24.581 D/dalvikvm( 2070): GC_FOR_ALLOC freed 2246K, 33% free 8314K/12324K, paused 3ms, total 3ms
02-03 10:47:24.581 D/dalvikvm( 2070): GC_FOR_ALLOC freed 2264K, 33% free 8317K/12324K, paused 3ms, total 3ms
02-03 10:47:24.591 D/dalvikvm( 2070): GC_FOR_ALLOC freed 2281K, 33% free 8320K/12324K, paused 3ms, total 3ms
02-03 10:47:24.591 D/dalvikvm( 2070): GC_FOR_ALLOC freed 2298K, 34% free 8159K/12324K, paused 3ms, total 3ms
02-03 10:47:24.601 D/dalvikvm( 2070): GC_FOR_ALLOC freed 2315K, 33% free 8326K/12324K, paused 3ms, total 3ms
02-03 10:47:24.601 D/dalvikvm( 2070): GC_FOR_ALLOC freed 2167K, 35% free 8080K/12324K, paused 3ms, total 3ms
02-03 10:47:24.611 D/dalvikvm( 2070): GC_FOR_ALLOC freed 2351K, 35% free 8081K/12324K, paused 3ms, total 3ms
02-03 10:47:24.611 D/dalvikvm( 2070): GC_FOR_ALLOC freed 2367K, 35% free 8082K/12324K, paused 3ms, total 3ms
02-03 10:47:24.621 D/dalvikvm( 2070): GC_FOR_ALLOC freed 2384K, 35% free 8083K/12324K, paused 4ms, total 4ms
02-03 10:47:24.631 D/dalvikvm( 2070): GC_FOR_ALLOC freed 1970K, 33% free 8341K/12324K, paused 3ms, total 3ms
02-03 10:47:24.631 D/dalvikvm( 2070): GC_FOR_ALLOC freed 2242K, 35% free 8085K/12324K, paused 4ms, total 4ms
02-03 10:47:24.641 D/dalvikvm( 2070): GC_FOR_ALLOC freed 1994K, 33% free 8346K/12324K, paused 4ms, total 4ms
02-03 10:47:24.641 D/dalvikvm( 2070): GC_FOR_ALLOC freed 2269K, 35% free 8088K/12324K, paused 3ms, total 3ms
02-03 10:47:24.651 D/dalvikvm( 2070): GC_FOR_ALLOC freed 2019K, 33% free 8351K/12324K, paused 3ms, total 3ms
02-03 10:47:24.651 D/dalvikvm( 2070): GC_FOR_ALLOC freed 2296K, 35% free 8090K/12324K, paused 3ms, total 3ms
02-03 10:47:24.661 D/dalvikvm( 2070): GC_FOR_ALLOC freed 2043K, 33% free 8357K/12324K, paused 3ms, total 3ms
02-03 10:47:24.661 D/dalvikvm( 2070): GC_FOR_ALLOC freed 2323K, 35% free 8092K/12324K, paused 3ms, total 3ms
02-03 10:47:24.671 D/dalvikvm( 2070): GC_FOR_ALLOC freed 2067K, 33% free 8362K/12324K, paused 4ms, total 4ms
02-03 10:47:24.671 D/dalvikvm( 2070): GC_FOR_ALLOC freed 2351K, 35% free 8094K/12324K, paused 3ms, total 3ms
02-03 10:47:24.681 D/dalvikvm( 2070): GC_FOR_ALLOC freed 2091K, 33% free 8367K/12324K, paused 3ms, total 3ms
02-03 10:47:24.681 D/dalvikvm( 2070): GC_FOR_ALLOC freed 2378K, 35% free 8096K/12324K, paused 3ms, total 3ms
02-03 10:47:24.691 D/dalvikvm( 2070): GC_FOR_ALLOC freed 2115K, 33% free 8372K/12324K, paused 3ms, total 3ms
02-03 10:47:24.691 D/dalvikvm( 2070): GC_FOR_ALLOC freed 2405K, 36% free 8098K/12512K, paused 3ms, total 3ms
02-03 10:47:24.701 D/dalvikvm( 2070): GC_FOR_ALLOC freed 2139K, 34% free 8378K/12512K, paused 3ms, total 3ms
02-03 10:47:24.701 D/dalvikvm( 2070): GC_FOR_ALLOC freed 2432K, 36% free 8100K/12512K, paused 4ms, total 4ms
02-03 10:47:24.711 D/dalvikvm( 2070): GC_FOR_ALLOC freed 2163K, 33% free 8383K/12512K, paused 3ms, total 3ms
02-03 10:47:24.711 D/dalvikvm( 2070): GC_FOR_ALLOC freed 2459K, 36% free 8102K/12512K, paused 3ms, total 3ms
02-03 10:47:24.721 D/dalvikvm( 2070): GC_FOR_ALLOC freed 2187K, 33% free 8388K/12512K, paused 4ms, total 4ms
02-03 10:47:24.721 D/dalvikvm( 2070): GC_FOR_ALLOC freed 2487K, 36% free 8104K/12512K, paused 4ms, total 4ms
02-03 10:47:24.731 D/dalvikvm( 2070): GC_FOR_ALLOC freed 2211K, 33% free 8393K/12512K, paused 4ms, total 4ms
02-03 10:47:24.731 D/dalvikvm( 2070): GC_FOR_ALLOC freed 2514K, 36% free 8106K/12512K, paused 3ms, total 3ms
02-03 10:47:24.741 D/dalvikvm( 2070): GC_FOR_ALLOC freed 2235K, 33% free 8398K/12512K, paused 3ms, total 3ms
02-03 10:47:24.741 D/dalvikvm( 2070): GC_FOR_ALLOC freed 2541K, 36% free 8108K/12512K, paused 3ms, total 3ms
02-03 10:47:24.751 D/dalvikvm( 2070): GC_FOR_ALLOC freed 2259K, 33% free 8404K/12512K, paused 3ms, total 3ms
02-03 10:47:24.751 D/dalvikvm( 2070): GC_FOR_ALLOC freed 2568K, 36% free 8111K/12512K, paused 3ms, total 3ms
02-03 10:47:24.761 D/dalvikvm( 2070): GC_FOR_ALLOC freed 2283K, 33% free 8409K/12512K, paused 3ms, total 3ms
02-03 10:47:24.761 D/dalvikvm( 2070): GC_FOR_ALLOC freed 2595K, 36% free 8113K/12512K, paused 3ms, total 3ms
02-03 10:47:24.771 D/dalvikvm( 2070): GC_FOR_ALLOC freed 2307K, 33% free 8414K/12512K, paused 3ms, total 3ms
02-03 10:47:24.771 D/dalvikvm( 2070): GC_FOR_ALLOC freed 2623K, 36% free 8115K/12512K, paused 3ms, total 3ms
02-03 10:47:24.781 D/dalvikvm( 2070): GC_FOR_ALLOC freed 2331K, 35% free 8217K/12512K, paused 3ms, total 3ms
02-03 10:47:24.781 D/dalvikvm( 2070): GC_FOR_ALLOC freed 2139K, 33% free 8422K/12512K, paused 3ms, total 3ms
02-03 10:47:24.791 D/dalvikvm( 2070): GC_FOR_ALLOC freed 2149K, 33% free 8424K/12512K, paused 4ms, total 4ms
02-03 10:47:24.791 D/dalvikvm( 2070): GC_FOR_ALLOC freed 2191K, 36% free 8114K/12512K, paused 3ms, total 3ms
02-03 10:47:24.801 D/dalvikvm( 2070): GC_FOR_ALLOC freed 2565K, 36% free 8129K/12512K, paused 3ms, total 3ms
02-03 10:47:24.801 D/dalvikvm( 2070): GC_FOR_ALLOC freed 1766K, 35% free 8239K/12512K, paused 4ms, total 4ms
02-03 10:47:24.811 D/dalvikvm( 2070): GC_FOR_ALLOC freed 2132K, 39% free 7654K/12512K, paused 4ms, total 4ms
02-03 10:47:24.811 I/dalvikvm-heap( 2070): Grow heap (frag case) to 8.518MB for 1048592-byte allocation
02-03 10:47:24.811 D/dalvikvm( 2070): GC_FOR_ALLOC freed 4K, 36% free 8674K/13540K, paused 3ms, total 3ms
02-03 10:47:24.821 D/dalvikvm( 2070): GC_FOR_ALLOC freed <1K, 36% free 8675K/13540K, paused 2ms, total 2ms
02-03 10:47:24.821 I/dalvikvm-heap( 2070): Grow heap (frag case) to 9.514MB for 1048592-byte allocation
02-03 10:47:24.821 D/dalvikvm( 2070): GC_FOR_ALLOC freed <1K, 34% free 9699K/14568K, paused 3ms, total 3ms
02-03 10:47:25.291 D/dalvikvm( 2070): GC_CONCURRENT freed 5785K, 31% free 8005K/11496K, paused 1ms+1ms, total 6ms
02-03 10:47:25.291 D/dalvikvm( 2070): WAIT_FOR_CONCURRENT_GC blocked 5ms
02-03 10:47:25.301 D/dalvikvm( 2070): GC_FOR_ALLOC freed 3804K, 35% free 7994K/12124K, paused 4ms, total 4ms
02-03 10:47:25.311 D/dalvikvm( 2070): GC_FOR_ALLOC freed 3458K, 34% free 8023K/12124K, paused 4ms, total 4ms
02-03 10:47:25.321 D/dalvikvm( 2070): GC_FOR_ALLOC freed 3257K, 34% free 8084K/12124K, paused 4ms, total 4ms
02-03 10:47:25.331 D/dalvikvm( 2070): GC_FOR_ALLOC freed 3334K, 35% free 8016K/12176K, paused 4ms, total 4ms
02-03 10:47:25.331 D/dalvikvm( 2070): GC_FOR_ALLOC freed 3141K, 34% free 8099K/12176K, paused 3ms, total 3ms
02-03 10:47:25.341 D/dalvikvm( 2070): GC_FOR_ALLOC freed 3087K, 34% free 8042K/12176K, paused 4ms, total 4ms
02-03 10:47:25.341 D/dalvikvm( 2070): GC_FOR_ALLOC freed 2982K, 34% free 8071K/12176K, paused 4ms, total 4ms
02-03 10:47:25.351 D/dalvikvm( 2070): GC_FOR_ALLOC freed 2849K, 34% free 8141K/12176K, paused 4ms, total 4ms
02-03 10:47:25.361 D/dalvikvm( 2070): GC_FOR_ALLOC freed 2927K, 35% free 8037K/12252K, paused 4ms, total 4ms
02-03 10:47:25.361 D/dalvikvm( 2070): GC_FOR_ALLOC freed 2879K, 35% free 8037K/12252K, paused 3ms, total 3ms
02-03 10:47:25.371 D/dalvikvm( 2070): GC_FOR_ALLOC freed 2806K, 34% free 8154K/12252K, paused 4ms, total 4ms
02-03 10:47:25.371 D/dalvikvm( 2070): GC_FOR_ALLOC freed 2836K, 34% free 8189K/12252K, paused 4ms, total 4ms
02-03 10:47:25.381 D/dalvikvm( 2070): GC_FOR_ALLOC freed 2862K, 35% free 8066K/12252K, paused 3ms, total 3ms
02-03 10:47:25.391 D/dalvikvm( 2070): GC_FOR_ALLOC freed 2828K, 34% free 8108K/12252K, paused 5ms, total 5ms
02-03 10:47:25.391 D/dalvikvm( 2070): GC_FOR_ALLOC freed 2828K, 34% free 8199K/12252K, paused 4ms, total 4ms
02-03 10:47:25.401 D/dalvikvm( 2070): GC_FOR_ALLOC freed 2819K, 35% free 8062K/12252K, paused 3ms, total 3ms
02-03 10:47:25.411 D/dalvikvm( 2070): GC_FOR_ALLOC freed 2754K, 34% free 8108K/12252K, paused 4ms, total 4ms
02-03 10:47:25.411 D/dalvikvm( 2070): GC_FOR_ALLOC freed 2727K, 34% free 8107K/12252K, paused 3ms, total 3ms
02-03 10:47:25.421 D/dalvikvm( 2070): GC_FOR_ALLOC freed 2794K, 34% free 8107K/12252K, paused 4ms, total 4ms
02-03 10:47:25.421 D/dalvikvm( 2070): GC_FOR_ALLOC freed 2861K, 34% free 8138K/12252K, paused 4ms, total 4ms
02-03 10:47:25.431 D/dalvikvm( 2070): GC_FOR_ALLOC freed 2823K, 34% free 8086K/12252K, paused 4ms, total 4ms
02-03 10:47:25.431 D/dalvikvm( 2070): GC_FOR_ALLOC freed 2615K, 35% free 8084K/12252K, paused 3ms, total 3ms
02-03 10:47:25.441 D/dalvikvm( 2070): GC_FOR_ALLOC freed 2667K, 35% free 8082K/12252K, paused 4ms, total 4ms
02-03 10:47:25.441 D/dalvikvm( 2070): GC_FOR_ALLOC freed 2718K, 35% free 8080K/12252K, paused 3ms, total 3ms
02-03 10:47:25.451 D/dalvikvm( 2070): GC_FOR_ALLOC freed 2371K, 35% free 8078K/12252K, paused 3ms, total 3ms
02-03 10:47:25.461 D/dalvikvm( 2070): GC_FOR_ALLOC freed 2409K, 35% free 8076K/12252K, paused 3ms, total 3ms
02-03 10:47:25.461 D/dalvikvm( 2070): GC_FOR_ALLOC freed 2446K, 35% free 8074K/12252K, paused 3ms, total 3ms
02-03 10:47:25.471 D/dalvikvm( 2070): GC_FOR_ALLOC freed 2186K, 33% free 8280K/12252K, paused 4ms, total 4ms
02-03 10:47:25.471 D/dalvikvm( 2070): GC_FOR_ALLOC freed 2397K, 34% free 8101K/12252K, paused 4ms, total 4ms
02-03 10:47:25.481 D/dalvikvm( 2070): GC_FOR_ALLOC freed 2247K, 33% free 8280K/12252K, paused 3ms, total 3ms
02-03 10:47:25.481 D/dalvikvm( 2070): GC_FOR_ALLOC freed 2462K, 35% free 8096K/12376K, paused 3ms, total 3ms
02-03 10:47:25.491 D/dalvikvm( 2070): GC_FOR_ALLOC freed 2622K, 35% free 8094K/12376K, paused 3ms, total 4ms
02-03 10:47:25.491 D/dalvikvm( 2070): GC_FOR_ALLOC freed 2341K, 34% free 8281K/12376K, paused 4ms, total 4ms
02-03 10:47:25.501 D/dalvikvm( 2070): GC_FOR_ALLOC freed 2242K, 34% free 8281K/12376K, paused 3ms, total 4ms
02-03 10:47:25.501 D/dalvikvm( 2070): GC_FOR_ALLOC freed 2268K, 34% free 8281K/12376K, paused 3ms, total 3ms
02-03 10:47:25.511 D/dalvikvm( 2070): GC_FOR_ALLOC freed 2294K, 34% free 8181K/12376K, paused 3ms, total 3ms
02-03 10:47:25.511 D/dalvikvm( 2070): GC_FOR_ALLOC freed 2320K, 34% free 8179K/12376K, paused 3ms, total 3ms
02-03 10:47:25.521 D/dalvikvm( 2070): GC_FOR_ALLOC freed 2346K, 34% free 8178K/12376K, paused 3ms, total 3ms
02-03 10:47:25.521 D/dalvikvm( 2070): GC_FOR_ALLOC freed 2373K, 34% free 8176K/12376K, paused 4ms, total 4ms
02-03 10:47:25.531 D/dalvikvm( 2070): GC_FOR_ALLOC freed 2399K, 34% free 8174K/12376K, paused 3ms, total 3ms
02-03 10:47:25.531 D/dalvikvm( 2070): GC_FOR_ALLOC freed 2425K, 34% free 8172K/12376K, paused 3ms, total 3ms
02-03 10:47:25.541 D/dalvikvm( 2070): GC_FOR_ALLOC freed 2451K, 34% free 8171K/12376K, paused 3ms, total 3ms
02-03 10:47:25.551 D/dalvikvm( 2070): GC_FOR_ALLOC freed 2477K, 34% free 8169K/12376K, paused 3ms, total 3ms
02-03 10:47:25.551 D/dalvikvm( 2070): GC_FOR_ALLOC freed 2503K, 34% free 8199K/12376K, paused 4ms, total 4ms
02-03 10:47:25.561 D/dalvikvm( 2070): GC_FOR_ALLOC freed 2529K, 34% free 8197K/12376K, paused 3ms, total 3ms
02-03 10:47:25.561 D/dalvikvm( 2070): GC_FOR_ALLOC freed 2556K, 34% free 8195K/12376K, paused 3ms, total 3ms
02-03 10:47:25.571 D/dalvikvm( 2070): GC_FOR_ALLOC freed 2434K, 35% free 8120K/12376K, paused 3ms, total 3ms
02-03 10:47:25.571 D/dalvikvm( 2070): GC_FOR_ALLOC freed 2606K, 35% free 8118K/12376K, paused 3ms, total 3ms
02-03 10:47:25.581 D/dalvikvm( 2070): GC_FOR_ALLOC freed 2633K, 35% free 8115K/12376K, paused 4ms, total 4ms
02-03 10:47:25.581 D/dalvikvm( 2070): GC_FOR_ALLOC freed 2273K, 34% free 8192K/12376K, paused 3ms, total 3ms
02-03 10:47:25.591 D/dalvikvm( 2070): GC_FOR_ALLOC freed 2140K, 33% free 8347K/12376K, paused 3ms, total 3ms
02-03 10:47:25.591 D/dalvikvm( 2070): GC_FOR_ALLOC freed 2156K, 33% free 8350K/12376K, paused 3ms, total 3ms
02-03 10:47:25.601 D/dalvikvm( 2070): GC_FOR_ALLOC freed 2173K, 33% free 8353K/12376K, paused 3ms, total 4ms
02-03 10:47:25.601 D/dalvikvm( 2070): GC_FOR_ALLOC freed 2190K, 33% free 8356K/12376K, paused 3ms, total 3ms
02-03 10:47:25.611 D/dalvikvm( 2070): GC_FOR_ALLOC freed 2207K, 33% free 8359K/12376K, paused 3ms, total 3ms
02-03 10:47:25.611 D/dalvikvm( 2070): GC_FOR_ALLOC freed 2223K, 33% free 8362K/12376K, paused 4ms, total 4ms
02-03 10:47:25.621 D/dalvikvm( 2070): GC_FOR_ALLOC freed 2241K, 33% free 8365K/12376K, paused 4ms, total 4ms
02-03 10:47:25.621 D/dalvikvm( 2070): GC_FOR_ALLOC freed 2259K, 33% free 8368K/12376K, paused 3ms, total 3ms
02-03 10:47:25.631 D/dalvikvm( 2070): GC_FOR_ALLOC freed 2276K, 33% free 8371K/12376K, paused 3ms, total 3ms
02-03 10:47:25.641 D/dalvikvm( 2070): GC_FOR_ALLOC freed 2294K, 33% free 8374K/12376K, paused 4ms, total 4ms
02-03 10:47:25.641 D/dalvikvm( 2070): GC_FOR_ALLOC freed 2311K, 34% free 8212K/12376K, paused 4ms, total 4ms
02-03 10:47:25.651 D/dalvikvm( 2070): GC_FOR_ALLOC freed 2329K, 33% free 8381K/12376K, paused 3ms, total 3ms
02-03 10:47:25.651 D/dalvikvm( 2070): GC_FOR_ALLOC freed 2348K, 34% free 8216K/12376K, paused 3ms, total 3ms
02-03 10:47:25.661 D/dalvikvm( 2070): GC_FOR_ALLOC freed 2364K, 33% free 8387K/12376K, paused 4ms, total 4ms
02-03 10:47:25.661 D/dalvikvm( 2070): GC_FOR_ALLOC freed 2381K, 34% free 8220K/12376K, paused 4ms, total 4ms
02-03 10:47:25.671 D/dalvikvm( 2070): GC_FOR_ALLOC freed 2398K, 33% free 8393K/12376K, paused 3ms, total 3ms
02-03 10:47:25.671 D/dalvikvm( 2070): GC_FOR_ALLOC freed 2242K, 35% free 8137K/12376K, paused 4ms, total 4ms
02-03 10:47:25.681 D/dalvikvm( 2070): GC_FOR_ALLOC freed 1994K, 33% free 8398K/12376K, paused 3ms, total 4ms
02-03 10:47:25.681 D/dalvikvm( 2070): GC_FOR_ALLOC freed 2269K, 35% free 8140K/12376K, paused 3ms, total 3ms
02-03 10:47:25.691 D/dalvikvm( 2070): GC_FOR_ALLOC freed 2019K, 33% free 8403K/12376K, paused 3ms, total 3ms
02-03 10:47:25.691 D/dalvikvm( 2070): GC_FOR_ALLOC freed 2296K, 35% free 8142K/12376K, paused 3ms, total 3ms
02-03 10:47:25.701 D/dalvikvm( 2070): GC_FOR_ALLOC freed 2043K, 33% free 8409K/12376K, paused 3ms, total 3ms
02-03 10:47:25.701 D/dalvikvm( 2070): GC_FOR_ALLOC freed 2323K, 35% free 8144K/12376K, paused 4ms, total 4ms
02-03 10:47:25.711 D/dalvikvm( 2070): GC_FOR_ALLOC freed 2067K, 33% free 8414K/12376K, paused 3ms, total 3ms
02-03 10:47:25.711 D/dalvikvm( 2070): GC_FOR_ALLOC freed 2351K, 35% free 8146K/12376K, paused 4ms, total 4ms
02-03 10:47:25.721 D/dalvikvm( 2070): GC_FOR_ALLOC freed 2091K, 32% free 8419K/12376K, paused 5ms, total 5ms
02-03 10:47:25.731 D/dalvikvm( 2070): GC_FOR_ALLOC freed 2378K, 35% free 8148K/12376K, paused 5ms, total 5ms
02-03 10:47:25.731 D/dalvikvm( 2070): GC_FOR_ALLOC freed 2115K, 32% free 8424K/12376K, paused 3ms, total 3ms
02-03 10:47:25.731 D/dalvikvm( 2070): GC_FOR_ALLOC freed 2405K, 35% free 8150K/12376K, paused 3ms, total 3ms
02-03 10:47:25.741 D/dalvikvm( 2070): GC_FOR_ALLOC freed 2139K, 32% free 8430K/12376K, paused 3ms, total 3ms
02-03 10:47:25.741 D/dalvikvm( 2070): GC_FOR_ALLOC freed 2432K, 35% free 8152K/12376K, paused 3ms, total 3ms
02-03 10:47:25.751 D/dalvikvm( 2070): GC_FOR_ALLOC freed 2163K, 32% free 8435K/12376K, paused 4ms, total 4ms
02-03 10:47:25.751 D/dalvikvm( 2070): GC_FOR_ALLOC freed 2459K, 35% free 8154K/12376K, paused 3ms, total 3ms
02-03 10:47:25.761 D/dalvikvm( 2070): GC_FOR_ALLOC freed 2187K, 32% free 8440K/12376K, paused 3ms, total 3ms
02-03 10:47:25.761 D/dalvikvm( 2070): GC_FOR_ALLOC freed 2487K, 35% free 8156K/12376K, paused 3ms, total 3ms
02-03 10:47:25.771 D/dalvikvm( 2070): GC_FOR_ALLOC freed 2211K, 32% free 8445K/12376K, paused 3ms, total 3ms
02-03 10:47:25.771 D/dalvikvm( 2070): GC_FOR_ALLOC freed 2514K, 35% free 8158K/12376K, paused 3ms, total 3ms
02-03 10:47:25.781 D/dalvikvm( 2070): GC_FOR_ALLOC freed 2235K, 32% free 8450K/12376K, paused 3ms, total 3ms
02-03 10:47:25.781 D/dalvikvm( 2070): GC_FOR_ALLOC freed 2541K, 35% free 8160K/12376K, paused 3ms, total 4ms
02-03 10:47:25.791 D/dalvikvm( 2070): GC_FOR_ALLOC freed 2259K, 34% free 8259K/12376K, paused 4ms, total 4ms
02-03 10:47:25.791 D/dalvikvm( 2070): GC_FOR_ALLOC freed 2073K, 32% free 8458K/12376K, paused 3ms, total 3ms
02-03 10:47:25.801 D/dalvikvm( 2070): GC_FOR_ALLOC freed 2580K, 36% free 8163K/12576K, paused 3ms, total 3ms
02-03 10:47:25.811 D/dalvikvm( 2070): GC_FOR_ALLOC freed 2293K, 33% free 8463K/12576K, paused 4ms, total 5ms
02-03 10:47:25.811 D/dalvikvm( 2070): GC_FOR_ALLOC freed 2607K, 36% free 8166K/12576K, paused 3ms, total 3ms
02-03 10:47:25.811 D/dalvikvm( 2070): GC_FOR_ALLOC freed 2318K, 35% free 8267K/12576K, paused 3ms, total 3ms
02-03 10:47:25.821 D/dalvikvm( 2070): GC_FOR_ALLOC freed 2126K, 33% free 8471K/12576K, paused 4ms, total 4ms
02-03 10:47:25.831 D/dalvikvm( 2070): GC_FOR_ALLOC freed 2136K, 33% free 8473K/12576K, paused 4ms, total 4ms
02-03 10:47:25.831 D/dalvikvm( 2070): GC_FOR_ALLOC freed 2659K, 36% free 8170K/12576K, paused 3ms, total 3ms
02-03 10:47:25.841 D/dalvikvm( 2070): GC_FOR_ALLOC freed 2391K, 36% free 8170K/12576K, paused 3ms, total 3ms
02-03 10:47:25.841 D/dalvikvm( 2070): GC_FOR_ALLOC freed 2553K, 35% free 8197K/12576K, paused 6ms, total 6ms
02-03 10:47:25.851 D/dalvikvm( 2070): GC_FOR_ALLOC freed 1766K, 33% free 8528K/12576K, paused 3ms, total 3ms
02-03 10:47:25.851 D/dalvikvm( 2070): GC_FOR_ALLOC freed 2176K, 39% free 7678K/12576K, paused 3ms, total 3ms
02-03 10:47:25.861 D/dalvikvm( 2070): GC_FOR_ALLOC freed <1K, 31% free 8703K/12576K, paused 6ms, total 6ms
02-03 10:47:25.871 I/dalvikvm-heap( 2070): Grow heap (frag case) to 9.541MB for 1048592-byte allocation
02-03 10:47:25.871 D/dalvikvm( 2070): GC_FOR_ALLOC freed 8K, 29% free 9719K/13604K, paused 7ms, total 7ms
02-03 10:47:25.881 D/dalvikvm( 2070): GC_FOR_ALLOC freed <1K, 29% free 9719K/13604K, paused 6ms, total 6ms
02-03 10:47:25.881 I/dalvikvm-heap( 2070): Grow heap (frag case) to 10.534MB for 1048592-byte allocation
02-03 10:47:25.891 D/dalvikvm( 2070): GC_FOR_ALLOC freed 0K, 27% free 10743K/14632K, paused 5ms, total 5ms
02-03 10:47:26.341 D/dalvikvm( 2070): GC_CONCURRENT freed 6794K, 47% free 8000K/14876K, paused 1ms+1ms, total 28ms
02-03 10:47:26.341 D/dalvikvm( 2070): WAIT_FOR_CONCURRENT_GC blocked 26ms
02-03 10:47:26.351 D/dalvikvm( 2070): GC_CONCURRENT freed 4010K, 36% free 8070K/12508K, paused 0ms+0ms, total 4ms
02-03 10:47:26.351 D/dalvikvm( 2070): WAIT_FOR_CONCURRENT_GC blocked 3ms
02-03 10:47:26.361 D/dalvikvm( 2070): GC_FOR_ALLOC freed 3873K, 37% free 7998K/12508K, paused 3ms, total 4ms
02-03 10:47:26.361 D/dalvikvm( 2070): GC_FOR_ALLOC freed 3595K, 37% free 7973K/12508K, paused 3ms, total 3ms
02-03 10:47:26.371 D/dalvikvm( 2070): GC_FOR_ALLOC freed 3360K, 36% free 8055K/12508K, paused 3ms, total 3ms
02-03 10:47:26.381 D/dalvikvm( 2070): GC_FOR_ALLOC freed 3418K, 37% free 8001K/12508K, paused 3ms, total 3ms
02-03 10:47:26.381 D/dalvikvm( 2070): GC_FOR_ALLOC freed 3316K, 37% free 7998K/12508K, paused 3ms, total 3ms
02-03 10:47:26.391 D/dalvikvm( 2070): GC_FOR_ALLOC freed 3134K, 36% free 8096K/12508K, paused 4ms, total 4ms
02-03 10:47:26.401 D/dalvikvm( 2070): GC_FOR_ALLOC freed 3173K, 37% free 7989K/12508K, paused 3ms, total 3ms
02-03 10:47:26.401 D/dalvikvm( 2070): GC_FOR_ALLOC freed 3223K, 36% free 8103K/12508K, paused 4ms, total 4ms
02-03 10:47:26.411 D/dalvikvm( 2070): GC_FOR_ALLOC freed 3221K, 36% free 8021K/12508K, paused 3ms, total 3ms
02-03 10:47:26.411 D/dalvikvm( 2070): GC_FOR_ALLOC freed 3159K, 36% free 8020K/12508K, paused 3ms, total 3ms
02-03 10:47:26.421 D/dalvikvm( 2070): GC_FOR_ALLOC freed 3291K, 36% free 8019K/12508K, paused 5ms, total 5ms
02-03 10:47:26.431 D/dalvikvm( 2070): GC_FOR_ALLOC freed 3102K, 36% free 8018K/12508K, paused 3ms, total 3ms
02-03 10:47:26.431 D/dalvikvm( 2070): GC_FOR_ALLOC freed 2881K, 36% free 8017K/12508K, paused 3ms, total 3ms
02-03 10:47:26.441 D/dalvikvm( 2070): GC_FOR_ALLOC freed 2966K, 36% free 8016K/12508K, paused 3ms, total 3ms
02-03 10:47:26.441 D/dalvikvm( 2070): GC_FOR_ALLOC freed 3051K, 36% free 8015K/12508K, paused 3ms, total 3ms
02-03 10:47:26.451 D/dalvikvm( 2070): GC_FOR_ALLOC freed 2783K, 36% free 8013K/12508K, paused 3ms, total 3ms
02-03 10:47:26.461 D/dalvikvm( 2070): GC_FOR_ALLOC freed 2850K, 36% free 8043K/12508K, paused 4ms, total 4ms
02-03 10:47:26.461 D/dalvikvm( 2070): GC_FOR_ALLOC freed 2917K, 36% free 8042K/12508K, paused 3ms, total 3ms
02-03 10:47:26.471 D/dalvikvm( 2070): GC_FOR_ALLOC freed 2715K, 35% free 8200K/12508K, paused 4ms, total 4ms
02-03 10:47:26.471 D/dalvikvm( 2070): GC_FOR_ALLOC freed 2661K, 35% free 8201K/12508K, paused 4ms, total 4ms
02-03 10:47:26.481 D/dalvikvm( 2070): GC_FOR_ALLOC freed 2713K, 35% free 8202K/12508K, paused 3ms, total 3ms
02-03 10:47:26.481 D/dalvikvm( 2070): GC_FOR_ALLOC freed 2366K, 35% free 8203K/12508K, paused 3ms, total 3ms
02-03 10:47:26.491 D/dalvikvm( 2070): GC_FOR_ALLOC freed 2404K, 35% free 8203K/12508K, paused 3ms, total 3ms
02-03 10:47:26.491 D/dalvikvm( 2070): GC_FOR_ALLOC freed 2442K, 35% free 8204K/12508K, paused 3ms, total 3ms
02-03 10:47:26.501 D/dalvikvm( 2070): GC_FOR_ALLOC freed 2479K, 36% free 8118K/12508K, paused 3ms, total 3ms
02-03 10:47:26.501 D/dalvikvm( 2070): GC_FOR_ALLOC freed 2517K, 36% free 8116K/12508K, paused 3ms, total 3ms
02-03 10:47:26.511 D/dalvikvm( 2070): GC_FOR_ALLOC freed 2433K, 36% free 8055K/12508K, paused 3ms, total 3ms
02-03 10:47:26.511 D/dalvikvm( 2070): GC_FOR_ALLOC freed 2590K, 36% free 8053K/12508K, paused 3ms, total 3ms
02-03 10:47:26.521 D/dalvikvm( 2070): GC_FOR_ALLOC freed 2313K, 35% free 8237K/12508K, paused 4ms, total 4ms
02-03 10:47:26.521 D/dalvikvm( 2070): GC_FOR_ALLOC freed 2534K, 36% free 8048K/12508K, paused 3ms, total 3ms
02-03 10:47:26.531 D/dalvikvm( 2070): GC_FOR_ALLOC freed 2374K, 35% free 8238K/12508K, paused 3ms, total 3ms
02-03 10:47:26.531 D/dalvikvm( 2070): GC_FOR_ALLOC freed 2273K, 35% free 8237K/12508K, paused 3ms, total 3ms
02-03 10:47:26.541 D/dalvikvm( 2070): GC_FOR_ALLOC freed 2299K, 35% free 8138K/12508K, paused 4ms, total 4ms
02-03 10:47:26.551 D/dalvikvm( 2070): GC_FOR_ALLOC freed 2326K, 34% free 8269K/12508K, paused 4ms, total 4ms
02-03 10:47:26.551 D/dalvikvm( 2070): GC_FOR_ALLOC freed 2352K, 34% free 8268K/12508K, paused 3ms, total 3ms
02-03 10:47:26.561 D/dalvikvm( 2070): GC_FOR_ALLOC freed 2378K, 35% free 8132K/12508K, paused 4ms, total 4ms
02-03 10:47:26.561 D/dalvikvm( 2070): GC_FOR_ALLOC freed 2404K, 35% free 8130K/12508K, paused 3ms, total 3ms
02-03 10:47:26.571 D/dalvikvm( 2070): GC_FOR_ALLOC freed 2430K, 36% free 8129K/12508K, paused 3ms, total 3ms
02-03 10:47:26.571 D/dalvikvm( 2070): GC_FOR_ALLOC freed 2456K, 36% free 8127K/12508K, paused 3ms, total 3ms
02-03 10:47:26.581 D/dalvikvm( 2070): GC_FOR_ALLOC freed 2482K, 36% free 8125K/12508K, paused 3ms, total 3ms
02-03 10:47:26.581 D/dalvikvm( 2070): GC_FOR_ALLOC freed 2509K, 35% free 8155K/12508K, paused 3ms, total 3ms
02-03 10:47:26.591 D/dalvikvm( 2070): GC_FOR_ALLOC freed 2535K, 35% free 8154K/12508K, paused 3ms, total 3ms
02-03 10:47:26.591 D/dalvikvm( 2070): GC_FOR_ALLOC freed 2561K, 35% free 8152K/12508K, paused 3ms, total 3ms
02-03 10:47:26.601 D/dalvikvm( 2070): GC_FOR_ALLOC freed 2439K, 36% free 8077K/12508K, paused 3ms, total 3ms
02-03 10:47:26.601 D/dalvikvm( 2070): GC_FOR_ALLOC freed 2233K, 34% free 8301K/12508K, paused 3ms, total 3ms
02-03 10:47:26.611 D/dalvikvm( 2070): GC_FOR_ALLOC freed 2483K, 36% free 8075K/12508K, paused 3ms, total 3ms
02-03 10:47:26.611 D/dalvikvm( 2070): GC_FOR_ALLOC freed 2273K, 35% free 8152K/12508K, paused 3ms, total 3ms
02-03 10:47:26.621 D/dalvikvm( 2070): GC_FOR_ALLOC freed 2140K, 34% free 8307K/12508K, paused 4ms, total 4ms
02-03 10:47:26.621 D/dalvikvm( 2070): GC_FOR_ALLOC freed 2156K, 34% free 8310K/12508K, paused 4ms, total 4ms
02-03 10:47:26.631 D/dalvikvm( 2070): GC_FOR_ALLOC freed 2173K, 34% free 8313K/12508K, paused 4ms, total 4ms
02-03 10:47:26.631 D/dalvikvm( 2070): GC_FOR_ALLOC freed 2190K, 34% free 8316K/12508K, paused 3ms, total 3ms
02-03 10:47:26.641 D/dalvikvm( 2070): GC_FOR_ALLOC freed 2207K, 34% free 8319K/12508K, paused 4ms, total 4ms
02-03 10:47:26.641 D/dalvikvm( 2070): GC_FOR_ALLOC freed 2223K, 35% free 8163K/12508K, paused 3ms, total 3ms
02-03 10:47:26.651 D/dalvikvm( 2070): GC_FOR_ALLOC freed 2241K, 35% free 8165K/12508K, paused 3ms, total 3ms
02-03 10:47:26.651 D/dalvikvm( 2070): GC_FOR_ALLOC freed 2259K, 34% free 8328K/12508K, paused 3ms, total 3ms
02-03 10:47:26.661 D/dalvikvm( 2070): GC_FOR_ALLOC freed 2276K, 35% free 8168K/12508K, paused 4ms, total 4ms
02-03 10:47:26.661 D/dalvikvm( 2070): GC_FOR_ALLOC freed 2130K, 36% free 8089K/12508K, paused 4ms, total 4ms
02-03 10:47:26.671 D/dalvikvm( 2070): GC_FOR_ALLOC freed 2310K, 36% free 8090K/12508K, paused 3ms, total 3ms
02-03 10:47:26.671 D/dalvikvm( 2070): GC_FOR_ALLOC freed 2328K, 36% free 8091K/12508K, paused 3ms, total 3ms
02-03 10:47:26.681 D/dalvikvm( 2070): GC_FOR_ALLOC freed 2346K, 36% free 8093K/12508K, paused 4ms, total 4ms
02-03 10:47:26.681 D/dalvikvm( 2070): GC_FOR_ALLOC freed 2363K, 36% free 8094K/12508K, paused 3ms, total 3ms
02-03 10:47:26.691 D/dalvikvm( 2070): GC_FOR_ALLOC freed 2380K, 36% free 8095K/12508K, paused 3ms, total 3ms
02-03 10:47:26.691 D/dalvikvm( 2070): GC_FOR_ALLOC freed 2397K, 36% free 8096K/12508K, paused 3ms, total 3ms
02-03 10:47:26.701 D/dalvikvm( 2070): GC_FOR_ALLOC freed 2413K, 36% free 8097K/12508K, paused 3ms, total 3ms
02-03 10:47:26.701 D/dalvikvm( 2070): GC_FOR_ALLOC freed 2430K, 36% free 8099K/12508K, paused 3ms, total 3ms
02-03 10:47:26.711 D/dalvikvm( 2070): GC_FOR_ALLOC freed 2447K, 36% free 8100K/12508K, paused 3ms, total 3ms
02-03 10:47:26.711 D/dalvikvm( 2070): GC_FOR_ALLOC freed 2022K, 34% free 8364K/12508K, paused 3ms, total 3ms
02-03 10:47:26.721 D/dalvikvm( 2070): GC_FOR_ALLOC freed 1856K, 34% free 8366K/12508K, paused 3ms, total 3ms
02-03 10:47:26.721 D/dalvikvm( 2070): GC_FOR_ALLOC freed 1866K, 34% free 8369K/12508K, paused 5ms, total 5ms
02-03 10:47:26.731 D/dalvikvm( 2070): GC_FOR_ALLOC freed 1875K, 34% free 8371K/12508K, paused 4ms, total 4ms
02-03 10:47:26.731 D/dalvikvm( 2070): GC_FOR_ALLOC freed 1885K, 34% free 8373K/12508K, paused 4ms, total 4ms
02-03 10:47:26.741 D/dalvikvm( 2070): GC_FOR_ALLOC freed 1894K, 34% free 8375K/12508K, paused 3ms, total 3ms
02-03 10:47:26.741 D/dalvikvm( 2070): GC_FOR_ALLOC freed 1903K, 34% free 8378K/12508K, paused 3ms, total 3ms
02-03 10:47:26.751 D/dalvikvm( 2070): GC_FOR_ALLOC freed 1913K, 34% free 8380K/12508K, paused 3ms, total 3ms
02-03 10:47:26.751 D/dalvikvm( 2070): GC_FOR_ALLOC freed 1922K, 33% free 8382K/12508K, paused 3ms, total 3ms
02-03 10:47:26.761 D/dalvikvm( 2070): GC_FOR_ALLOC freed 1932K, 33% free 8384K/12508K, paused 3ms, total 3ms
02-03 10:47:26.761 D/dalvikvm( 2070): GC_FOR_ALLOC freed 1941K, 33% free 8387K/12508K, paused 3ms, total 3ms
02-03 10:47:26.771 D/dalvikvm( 2070): GC_FOR_ALLOC freed 1950K, 33% free 8389K/12508K, paused 3ms, total 3ms
02-03 10:47:26.771 D/dalvikvm( 2070): GC_FOR_ALLOC freed 1960K, 33% free 8391K/12508K, paused 3ms, total 3ms
02-03 10:47:26.781 D/dalvikvm( 2070): GC_FOR_ALLOC freed 1969K, 33% free 8393K/12508K, paused 3ms, total 4ms
02-03 10:47:26.781 D/dalvikvm( 2070): GC_FOR_ALLOC freed 1979K, 33% free 8395K/12508K, paused 3ms, total 3ms
02-03 10:47:26.781 D/dalvikvm( 2070): GC_FOR_ALLOC freed 1988K, 33% free 8398K/12508K, paused 3ms, total 3ms
02-03 10:47:26.791 D/dalvikvm( 2070): GC_FOR_ALLOC freed 1997K, 33% free 8400K/12508K, paused 3ms, total 3ms
02-03 10:47:26.791 D/dalvikvm( 2070): GC_FOR_ALLOC freed 2007K, 33% free 8402K/12508K, paused 3ms, total 3ms
02-03 10:47:26.801 D/dalvikvm( 2070): GC_FOR_ALLOC freed 2016K, 33% free 8404K/12508K, paused 3ms, total 3ms
02-03 10:47:26.801 D/dalvikvm( 2070): GC_FOR_ALLOC freed 2026K, 33% free 8407K/12508K, paused 3ms, total 3ms
02-03 10:47:26.811 D/dalvikvm( 2070): GC_FOR_ALLOC freed 2035K, 33% free 8409K/12508K, paused 4ms, total 4ms
02-03 10:47:26.811 D/dalvikvm( 2070): GC_FOR_ALLOC freed 2045K, 33% free 8411K/12508K, paused 3ms, total 3ms
02-03 10:47:26.821 D/dalvikvm( 2070): GC_FOR_ALLOC freed 2054K, 33% free 8413K/12508K, paused 3ms, total 3ms
02-03 10:47:26.821 D/dalvikvm( 2070): GC_FOR_ALLOC freed 2063K, 33% free 8416K/12508K, paused 3ms, total 3ms
02-03 10:47:26.831 D/dalvikvm( 2070): GC_FOR_ALLOC freed 2073K, 33% free 8418K/12508K, paused 3ms, total 3ms
02-03 10:47:26.831 D/dalvikvm( 2070): GC_FOR_ALLOC freed 2082K, 33% free 8420K/12508K, paused 3ms, total 3ms
02-03 10:47:26.841 D/dalvikvm( 2070): GC_FOR_ALLOC freed 2092K, 33% free 8422K/12508K, paused 3ms, total 3ms
02-03 10:47:26.841 D/dalvikvm( 2070): GC_FOR_ALLOC freed 2101K, 33% free 8425K/12508K, paused 5ms, total 5ms
02-03 10:47:26.851 D/dalvikvm( 2070): GC_FOR_ALLOC freed 2110K, 33% free 8427K/12508K, paused 3ms, total 3ms
02-03 10:47:26.851 D/dalvikvm( 2070): GC_FOR_ALLOC freed 2120K, 33% free 8429K/12508K, paused 3ms, total 3ms
02-03 10:47:26.861 D/dalvikvm( 2070): GC_FOR_ALLOC freed 2129K, 33% free 8431K/12508K, paused 3ms, total 3ms
02-03 10:47:26.861 D/dalvikvm( 2070): GC_FOR_ALLOC freed 2139K, 35% free 8230K/12508K, paused 3ms, total 3ms
02-03 10:47:26.871 D/dalvikvm( 2070): GC_FOR_ALLOC freed 2149K, 35% free 8231K/12508K, paused 3ms, total 4ms
02-03 10:47:26.881 D/dalvikvm( 2070): GC_FOR_ALLOC freed 2405K, 35% free 8233K/12508K, paused 4ms, total 4ms
02-03 10:47:26.881 D/dalvikvm( 2070): GC_FOR_ALLOC freed 2560K, 35% free 8231K/12508K, paused 3ms, total 3ms
02-03 10:47:26.891 D/dalvikvm( 2070): GC_FOR_ALLOC freed 1545K, 33% free 8452K/12508K, paused 4ms, total 4ms
02-03 10:47:26.891 D/dalvikvm( 2070): GC_FOR_ALLOC freed 2132K, 39% free 7646K/12508K, paused 3ms, total 3ms
02-03 10:47:26.901 I/dalvikvm-heap( 2070): Grow heap (frag case) to 8.510MB for 1048592-byte allocation
02-03 10:47:26.901 D/dalvikvm( 2070): GC_FOR_ALLOC freed 4K, 36% free 8666K/13536K, paused 2ms, total 2ms
02-03 10:47:26.901 D/dalvikvm( 2070): GC_FOR_ALLOC freed <1K, 36% free 8667K/13536K, paused 2ms, total 2ms
02-03 10:47:26.901 I/dalvikvm-heap( 2070): Grow heap (frag case) to 9.506MB for 1048592-byte allocation
02-03 10:47:26.901 D/dalvikvm( 2070): GC_FOR_ALLOC freed <1K, 34% free 9691K/14564K, paused 3ms, total 3ms
02-03 10:47:26.911 D/dalvikvm( 2070): GC_FOR_ALLOC freed <1K, 34% free 9691K/14564K, paused 3ms, total 3ms
02-03 10:47:26.911 I/dalvikvm-heap( 2070): Grow heap (frag case) to 10.506MB for 1048592-byte allocation
02-03 10:47:26.911 D/dalvikvm( 2070): GC_FOR_ALLOC freed 0K, 32% free 10715K/15592K, paused 3ms, total 3ms
02-03 10:47:27.301 D/dalvikvm( 2070): GC_CONCURRENT freed 6736K, 49% free 8042K/15592K, paused 1ms+1ms, total 18ms
02-03 10:47:27.301 D/dalvikvm( 2070): WAIT_FOR_CONCURRENT_GC blocked 17ms
02-03 10:47:27.311 D/dalvikvm( 2070): GC_CONCURRENT freed 4076K, 35% free 8041K/12312K, paused 1ms+1ms, total 5ms
02-03 10:47:27.311 D/dalvikvm( 2070): WAIT_FOR_CONCURRENT_GC blocked 4ms
02-03 10:47:27.321 D/dalvikvm( 2070): GC_FOR_ALLOC freed 3687K, 35% free 8083K/12312K, paused 4ms, total 4ms
02-03 10:47:27.331 D/dalvikvm( 2070): GC_FOR_ALLOC freed 3571K, 35% free 8017K/12312K, paused 3ms, total 3ms
02-03 10:47:27.331 D/dalvikvm( 2070): GC_FOR_ALLOC freed 3335K, 35% free 8043K/12312K, paused 3ms, total 4ms
02-03 10:47:27.341 D/dalvikvm( 2070): GC_FOR_ALLOC freed 3249K, 34% free 8134K/12312K, paused 4ms, total 4ms
02-03 10:47:27.351 D/dalvikvm( 2070): GC_FOR_ALLOC freed 3225K, 35% free 8041K/12312K, paused 3ms, total 3ms
02-03 10:47:27.351 D/dalvikvm( 2070): GC_FOR_ALLOC freed 3107K, 34% free 8139K/12312K, paused 3ms, total 3ms
02-03 10:47:27.361 D/dalvikvm( 2070): GC_FOR_ALLOC freed 3147K, 35% free 8033K/12312K, paused 3ms, total 3ms
02-03 10:47:27.361 D/dalvikvm( 2070): GC_FOR_ALLOC freed 3121K, 35% free 8032K/12312K, paused 3ms, total 3ms
02-03 10:47:27.371 D/dalvikvm( 2070): GC_FOR_ALLOC freed 2994K, 35% free 8064K/12312K, paused 4ms, total 4ms
02-03 10:47:27.381 D/dalvikvm( 2070): GC_FOR_ALLOC freed 2915K, 34% free 8185K/12312K, paused 4ms, total 4ms
02-03 10:47:27.381 D/dalvikvm( 2070): GC_FOR_ALLOC freed 2948K, 35% free 8104K/12312K, paused 4ms, total 4ms
02-03 10:47:27.391 D/dalvikvm( 2070): GC_FOR_ALLOC freed 2964K, 35% free 8061K/12312K, paused 5ms, total 5ms
02-03 10:47:27.401 D/dalvikvm( 2070): GC_FOR_ALLOC freed 2834K, 35% free 8060K/12312K, paused 4ms, total 4ms
02-03 10:47:27.401 D/dalvikvm( 2070): GC_FOR_ALLOC freed 2919K, 35% free 8058K/12312K, paused 3ms, total 3ms
02-03 10:47:27.411 D/dalvikvm( 2070): GC_FOR_ALLOC freed 2762K, 34% free 8200K/12312K, paused 4ms, total 4ms
02-03 10:47:27.411 D/dalvikvm( 2070): GC_FOR_ALLOC freed 2736K, 35% free 8104K/12312K, paused 3ms, total 3ms
02-03 10:47:27.421 D/dalvikvm( 2070): GC_FOR_ALLOC freed 2803K, 34% free 8135K/12312K, paused 4ms, total 4ms
02-03 10:47:27.421 D/dalvikvm( 2070): GC_FOR_ALLOC freed 2869K, 34% free 8135K/12312K, paused 3ms, total 3ms
02-03 10:47:27.431 D/dalvikvm( 2070): GC_FOR_ALLOC freed 2936K, 34% free 8135K/12312K, paused 4ms, total 4ms
02-03 10:47:27.441 D/dalvikvm( 2070): GC_FOR_ALLOC freed 2895K, 35% free 8081K/12312K, paused 4ms, total 4ms
02-03 10:47:27.441 D/dalvikvm( 2070): GC_FOR_ALLOC freed 2791K, 34% free 8133K/12312K, paused 4ms, total 4ms
02-03 10:47:27.451 D/dalvikvm( 2070): GC_FOR_ALLOC freed 2735K, 34% free 8244K/12312K, paused 4ms, total 4ms
02-03 10:47:27.451 D/dalvikvm( 2070): GC_FOR_ALLOC freed 2385K, 34% free 8245K/12312K, paused 4ms, total 4ms
02-03 10:47:27.461 D/dalvikvm( 2070): GC_FOR_ALLOC freed 2423K, 34% free 8245K/12312K, paused 5ms, total 5ms
02-03 10:47:27.461 D/dalvikvm( 2070): GC_FOR_ALLOC freed 2460K, 33% free 8278K/12312K, paused 4ms, total 4ms
02-03 10:47:27.471 D/dalvikvm( 2070): GC_FOR_ALLOC freed 2379K, 35% free 8100K/12312K, paused 3ms, total 3ms
02-03 10:47:27.481 D/dalvikvm( 2070): GC_FOR_ALLOC freed 2230K, 33% free 8278K/12312K, paused 5ms, total 5ms
02-03 10:47:27.481 D/dalvikvm( 2070): GC_FOR_ALLOC freed 2445K, 35% free 8095K/12312K, paused 4ms, total 4ms
02-03 10:47:27.491 D/dalvikvm( 2070): GC_FOR_ALLOC freed 2291K, 34% free 8154K/12312K, paused 3ms, total 3ms
02-03 10:47:27.491 D/dalvikvm( 2070): GC_FOR_ALLOC freed 2195K, 33% free 8278K/12312K, paused 3ms, total 3ms
02-03 10:47:27.501 D/dalvikvm( 2070): GC_FOR_ALLOC freed 2221K, 33% free 8278K/12312K, paused 3ms, total 3ms
02-03 10:47:27.501 D/dalvikvm( 2070): GC_FOR_ALLOC freed 2247K, 33% free 8278K/12312K, paused 3ms, total 3ms
02-03 10:47:27.511 D/dalvikvm( 2070): GC_FOR_ALLOC freed 2273K, 33% free 8309K/12312K, paused 3ms, total 3ms
02-03 10:47:27.511 D/dalvikvm( 2070): GC_FOR_ALLOC freed 2299K, 34% free 8309K/12444K, paused 3ms, total 3ms
02-03 10:47:27.521 D/dalvikvm( 2070): GC_FOR_ALLOC freed 2326K, 35% free 8176K/12444K, paused 3ms, total 3ms
02-03 10:47:27.521 D/dalvikvm( 2070): GC_FOR_ALLOC freed 2352K, 34% free 8308K/12444K, paused 4ms, total 4ms
02-03 10:47:27.531 D/dalvikvm( 2070): GC_FOR_ALLOC freed 2378K, 34% free 8308K/12444K, paused 3ms, total 3ms
02-03 10:47:27.531 D/dalvikvm( 2070): GC_FOR_ALLOC freed 2404K, 34% free 8308K/12444K, paused 3ms, total 3ms
02-03 10:47:27.541 D/dalvikvm( 2070): GC_FOR_ALLOC freed 2430K, 35% free 8169K/12444K, paused 3ms, total 3ms
02-03 10:47:27.541 D/dalvikvm( 2070): GC_FOR_ALLOC freed 2456K, 35% free 8167K/12444K, paused 4ms, total 4ms
02-03 10:47:27.551 D/dalvikvm( 2070): GC_FOR_ALLOC freed 2482K, 35% free 8197K/12444K, paused 3ms, total 3ms
02-03 10:47:27.551 D/dalvikvm( 2070): GC_FOR_ALLOC freed 2509K, 35% free 8195K/12444K, paused 4ms, total 4ms
02-03 10:47:27.561 D/dalvikvm( 2070): GC_FOR_ALLOC freed 2535K, 35% free 8194K/12444K, paused 4ms, total 4ms
02-03 10:47:27.571 D/dalvikvm( 2070): GC_FOR_ALLOC freed 2561K, 35% free 8192K/12444K, paused 4ms, total 4ms
02-03 10:47:27.571 D/dalvikvm( 2070): GC_FOR_ALLOC freed 2587K, 35% free 8190K/12444K, paused 3ms, total 3ms
02-03 10:47:27.581 D/dalvikvm( 2070): GC_FOR_ALLOC freed 2613K, 35% free 8188K/12444K, paused 3ms, total 4ms
02-03 10:47:27.581 D/dalvikvm( 2070): GC_FOR_ALLOC freed 2488K, 35% free 8112K/12444K, paused 4ms, total 4ms
02-03 10:47:27.591 D/dalvikvm( 2070): GC_FOR_ALLOC freed 2664K, 35% free 8109K/12444K, paused 3ms, total 3ms
02-03 10:47:27.591 D/dalvikvm( 2070): GC_FOR_ALLOC freed 2300K, 33% free 8340K/12444K, paused 3ms, total 3ms
02-03 10:47:27.601 D/dalvikvm( 2070): GC_FOR_ALLOC freed 2557K, 35% free 8140K/12444K, paused 3ms, total 3ms
02-03 10:47:27.601 D/dalvikvm( 2070): GC_FOR_ALLOC freed 2341K, 33% free 8375K/12444K, paused 3ms, total 3ms
02-03 10:47:27.611 D/dalvikvm( 2070): GC_FOR_ALLOC freed 2602K, 35% free 8139K/12444K, paused 4ms, total 4ms
02-03 10:47:27.611 D/dalvikvm( 2070): GC_FOR_ALLOC freed 2381K, 33% free 8378K/12444K, paused 3ms, total 3ms
02-03 10:47:27.621 D/dalvikvm( 2070): GC_FOR_ALLOC freed 2241K, 33% free 8381K/12444K, paused 4ms, total 4ms
02-03 10:47:27.631 D/dalvikvm( 2070): GC_FOR_ALLOC freed 2259K, 33% free 8384K/12444K, paused 5ms, total 5ms
02-03 10:47:27.631 D/dalvikvm( 2070): GC_FOR_ALLOC freed 2276K, 33% free 8387K/12444K, paused 3ms, total 3ms
02-03 10:47:27.641 D/dalvikvm( 2070): GC_FOR_ALLOC freed 2294K, 34% free 8226K/12444K, paused 4ms, total 4ms
02-03 10:47:27.641 D/dalvikvm( 2070): GC_FOR_ALLOC freed 2311K, 33% free 8393K/12444K, paused 5ms, total 5ms
02-03 10:47:27.651 D/dalvikvm( 2070): GC_FOR_ALLOC freed 2329K, 34% free 8230K/12444K, paused 3ms, total 3ms
02-03 10:47:27.651 D/dalvikvm( 2070): GC_FOR_ALLOC freed 2348K, 33% free 8400K/12444K, paused 3ms, total 3ms
02-03 10:47:27.661 D/dalvikvm( 2070): GC_FOR_ALLOC freed 2364K, 34% free 8234K/12444K, paused 4ms, total 4ms
02-03 10:47:27.661 D/dalvikvm( 2070): GC_FOR_ALLOC freed 2381K, 33% free 8406K/12444K, paused 3ms, total 3ms
02-03 10:47:27.671 D/dalvikvm( 2070): GC_FOR_ALLOC freed 2398K, 34% free 8237K/12444K, paused 3ms, total 3ms
02-03 10:47:27.671 D/dalvikvm( 2070): GC_FOR_ALLOC freed 2242K, 35% free 8153K/12444K, paused 3ms, total 3ms
02-03 10:47:27.681 D/dalvikvm( 2070): GC_FOR_ALLOC freed 1994K, 33% free 8414K/12444K, paused 4ms, total 4ms
02-03 10:47:27.681 D/dalvikvm( 2070): GC_FOR_ALLOC freed 2269K, 35% free 8156K/12444K, paused 3ms, total 3ms
02-03 10:47:27.691 D/dalvikvm( 2070): GC_FOR_ALLOC freed 2019K, 33% free 8419K/12444K, paused 4ms, total 4ms
02-03 10:47:27.691 D/dalvikvm( 2070): GC_FOR_ALLOC freed 2296K, 35% free 8158K/12444K, paused 3ms, total 3ms
02-03 10:47:27.701 D/dalvikvm( 2070): GC_FOR_ALLOC freed 2043K, 33% free 8425K/12444K, paused 3ms, total 3ms
02-03 10:47:27.701 D/dalvikvm( 2070): GC_FOR_ALLOC freed 2323K, 35% free 8160K/12444K, paused 3ms, total 3ms
02-03 10:47:27.711 D/dalvikvm( 2070): GC_FOR_ALLOC freed 2067K, 33% free 8430K/12444K, paused 4ms, total 4ms
02-03 10:47:27.711 D/dalvikvm( 2070): GC_FOR_ALLOC freed 2351K, 35% free 8162K/12444K, paused 3ms, total 3ms
02-03 10:47:27.721 D/dalvikvm( 2070): GC_FOR_ALLOC freed 2091K, 33% free 8435K/12444K, paused 3ms, total 4ms
02-03 10:47:27.731 D/dalvikvm( 2070): GC_FOR_ALLOC freed 2378K, 35% free 8164K/12444K, paused 5ms, total 5ms
02-03 10:47:27.731 D/dalvikvm( 2070): GC_FOR_ALLOC freed 2115K, 33% free 8440K/12444K, paused 3ms, total 3ms
02-03 10:47:27.741 D/dalvikvm( 2070): GC_FOR_ALLOC freed 2405K, 35% free 8166K/12444K, paused 4ms, total 4ms
02-03 10:47:27.741 D/dalvikvm( 2070): GC_FOR_ALLOC freed 2139K, 33% free 8446K/12444K, paused 3ms, total 3ms
02-03 10:47:27.751 D/dalvikvm( 2070): GC_FOR_ALLOC freed 2432K, 35% free 8168K/12444K, paused 3ms, total 3ms
02-03 10:47:27.751 D/dalvikvm( 2070): GC_FOR_ALLOC freed 2163K, 33% free 8451K/12444K, paused 3ms, total 3ms
02-03 10:47:27.761 D/dalvikvm( 2070): GC_FOR_ALLOC freed 2459K, 35% free 8170K/12444K, paused 4ms, total 4ms
02-03 10:47:27.761 D/dalvikvm( 2070): GC_FOR_ALLOC freed 2187K, 33% free 8456K/12444K, paused 4ms, total 4ms
02-03 10:47:27.771 D/dalvikvm( 2070): GC_FOR_ALLOC freed 2487K, 35% free 8172K/12444K, paused 4ms, total 4ms
02-03 10:47:27.771 D/dalvikvm( 2070): GC_FOR_ALLOC freed 2211K, 33% free 8461K/12444K, paused 3ms, total 3ms
02-03 10:47:27.781 D/dalvikvm( 2070): GC_FOR_ALLOC freed 2514K, 35% free 8174K/12444K, paused 3ms, total 3ms
02-03 10:47:27.781 D/dalvikvm( 2070): GC_FOR_ALLOC freed 2235K, 32% free 8466K/12444K, paused 3ms, total 3ms
02-03 10:47:27.791 D/dalvikvm( 2070): GC_FOR_ALLOC freed 2541K, 35% free 8176K/12444K, paused 3ms, total 3ms
02-03 10:47:27.791 D/dalvikvm( 2070): GC_FOR_ALLOC freed 2259K, 32% free 8472K/12444K, paused 4ms, total 4ms
02-03 10:47:27.801 D/dalvikvm( 2070): GC_FOR_ALLOC freed 2568K, 35% free 8179K/12444K, paused 4ms, total 4ms
02-03 10:47:27.801 D/dalvikvm( 2070): GC_FOR_ALLOC freed 2283K, 32% free 8477K/12444K, paused 3ms, total 3ms
02-03 10:47:27.811 D/dalvikvm( 2070): GC_FOR_ALLOC freed 2595K, 35% free 8181K/12444K, paused 5ms, total 5ms
02-03 10:47:27.811 D/dalvikvm( 2070): GC_FOR_ALLOC freed 2307K, 32% free 8482K/12444K, paused 3ms, total 3ms
02-03 10:47:27.821 D/dalvikvm( 2070): GC_FOR_ALLOC freed 2623K, 35% free 8183K/12444K, paused 4ms, total 4ms
02-03 10:47:27.831 D/dalvikvm( 2070): GC_FOR_ALLOC freed 2331K, 34% free 8285K/12444K, paused 3ms, total 4ms
02-03 10:47:27.831 D/dalvikvm( 2070): GC_FOR_ALLOC freed 2139K, 32% free 8490K/12444K, paused 3ms, total 3ms
02-03 10:47:27.831 D/dalvikvm( 2070): GC_FOR_ALLOC freed 2149K, 32% free 8492K/12444K, paused 3ms, total 3ms
02-03 10:47:27.841 D/dalvikvm( 2070): GC_FOR_ALLOC freed 2187K, 35% free 8186K/12444K, paused 3ms, total 4ms
02-03 10:47:27.851 D/dalvikvm( 2070): GC_FOR_ALLOC freed 2557K, 35% free 8177K/12444K, paused 3ms, total 3ms
02-03 10:47:27.851 D/dalvikvm( 2070): GC_FOR_ALLOC freed 1766K, 34% free 8287K/12444K, paused 3ms, total 3ms
02-03 10:47:27.861 D/dalvikvm( 2070): GC_FOR_ALLOC freed 2184K, 39% free 7650K/12444K, paused 4ms, total 4ms
02-03 10:47:27.861 I/dalvikvm-heap( 2070): Grow heap (frag case) to 8.514MB for 1048592-byte allocation
02-03 10:47:27.861 D/dalvikvm( 2070): GC_FOR_ALLOC freed 0K, 36% free 8674K/13472K, paused 3ms, total 3ms
02-03 10:47:27.881 D/dalvikvm( 2070): GC_FOR_ALLOC freed <1K, 36% free 8667K/13472K, paused 13ms, total 13ms
02-03 10:47:27.881 I/dalvikvm-heap( 2070): Grow heap (frag case) to 9.506MB for 1048592-byte allocation
02-03 10:47:27.881 D/dalvikvm( 2070): GC_FOR_ALLOC freed 0K, 34% free 9691K/14500K, paused 2ms, total 2ms
02-03 10:47:27.881 D/dalvikvm( 2070): GC_FOR_ALLOC freed <1K, 34% free 9691K/14500K, paused 2ms, total 2ms
02-03 10:47:27.881 I/dalvikvm-heap( 2070): Grow heap (frag case) to 10.506MB for 1048592-byte allocation
02-03 10:47:27.891 D/dalvikvm( 2070): GC_FOR_ALLOC freed 0K, 31% free 10715K/15528K, paused 3ms, total 3ms
02-03 10:47:28.351 D/dalvikvm( 2070): GC_CONCURRENT freed 6735K, 49% free 8051K/15528K, paused 2ms+1ms, total 8ms
02-03 10:47:28.351 D/dalvikvm( 2070): WAIT_FOR_CONCURRENT_GC blocked 6ms
02-03 10:47:28.361 D/dalvikvm( 2070): GC_CONCURRENT freed 4038K, 36% free 8090K/12448K, paused 1ms+1ms, total 5ms
02-03 10:47:28.361 D/dalvikvm( 2070): WAIT_FOR_CONCURRENT_GC blocked 4ms
02-03 10:47:28.371 D/dalvikvm( 2070): GC_FOR_ALLOC freed 3787K, 36% free 8010K/12448K, paused 3ms, total 3ms
02-03 10:47:28.381 D/dalvikvm( 2070): GC_FOR_ALLOC freed 3629K, 36% free 8017K/12448K, paused 14ms, total 14ms
02-03 10:47:28.391 D/dalvikvm( 2070): GC_FOR_ALLOC freed 3492K, 36% free 8024K/12448K, paused 5ms, total 5ms
02-03 10:47:28.401 D/dalvikvm( 2070): GC_FOR_ALLOC freed 3330K, 35% free 8119K/12448K, paused 3ms, total 3ms
02-03 10:47:28.411 D/dalvikvm( 2070): GC_FOR_ALLOC freed 3313K, 36% free 8066K/12448K, paused 5ms, total 5ms
02-03 10:47:28.411 D/dalvikvm( 2070): GC_FOR_ALLOC freed 3235K, 36% free 8038K/12448K, paused 4ms, total 4ms
02-03 10:47:28.421 D/dalvikvm( 2070): GC_FOR_ALLOC freed 3248K, 36% free 8042K/12448K, paused 4ms, total 4ms
02-03 10:47:28.431 D/dalvikvm( 2070): GC_FOR_ALLOC freed 3425K, 36% free 8046K/12448K, paused 4ms, total 4ms
02-03 10:47:28.431 D/dalvikvm( 2070): GC_FOR_ALLOC freed 3116K, 36% free 8089K/12448K, paused 3ms, total 3ms
02-03 10:47:28.441 D/dalvikvm( 2070): GC_FOR_ALLOC freed 2877K, 35% free 8177K/12448K, paused 3ms, total 4ms
02-03 10:47:28.441 D/dalvikvm( 2070): GC_FOR_ALLOC freed 2986K, 35% free 8184K/12448K, paused 4ms, total 4ms
02-03 10:47:28.451 D/dalvikvm( 2070): GC_FOR_ALLOC freed 3090K, 35% free 8102K/12448K, paused 4ms, total 4ms
02-03 10:47:28.461 D/dalvikvm( 2070): GC_FOR_ALLOC freed 2871K, 35% free 8106K/12448K, paused 4ms, total 4ms
02-03 10:47:28.461 D/dalvikvm( 2070): GC_FOR_ALLOC freed 2861K, 36% free 8064K/12448K, paused 4ms, total 4ms
02-03 10:47:28.471 D/dalvikvm( 2070): GC_FOR_ALLOC freed 3037K, 36% free 8066K/12448K, paused 4ms, total 4ms
02-03 10:47:28.471 D/dalvikvm( 2070): GC_FOR_ALLOC freed 2871K, 35% free 8118K/12448K, paused 3ms, total 4ms
02-03 10:47:28.481 D/dalvikvm( 2070): GC_FOR_ALLOC freed 2840K, 34% free 8224K/12448K, paused 4ms, total 4ms
02-03 10:47:28.491 D/dalvikvm( 2070): GC_FOR_ALLOC freed 2907K, 35% free 8125K/12448K, paused 4ms, total 4ms
02-03 10:47:28.491 D/dalvikvm( 2070): GC_FOR_ALLOC freed 2867K, 36% free 8076K/12448K, paused 3ms, total 3ms
02-03 10:47:28.501 D/dalvikvm( 2070): GC_FOR_ALLOC freed 2764K, 34% free 8241K/12448K, paused 3ms, total 3ms
02-03 10:47:28.501 D/dalvikvm( 2070): GC_FOR_ALLOC freed 2988K, 36% free 8080K/12448K, paused 3ms, total 3ms
02-03 10:47:28.511 D/dalvikvm( 2070): GC_FOR_ALLOC freed 2480K, 34% free 8251K/12448K, paused 3ms, total 3ms
02-03 10:47:28.521 D/dalvikvm( 2070): GC_FOR_ALLOC freed 2406K, 34% free 8256K/12448K, paused 3ms, total 3ms
02-03 10:47:28.521 D/dalvikvm( 2070): GC_FOR_ALLOC freed 2738K, 36% free 8086K/12448K, paused 4ms, total 4ms
02-03 10:47:28.531 D/dalvikvm( 2070): GC_FOR_ALLOC freed 2605K, 35% free 8147K/12448K, paused 4ms, total 4ms
02-03 10:47:28.531 D/dalvikvm( 2070): GC_FOR_ALLOC freed 2525K, 35% free 8149K/12448K, paused 3ms, total 3ms
02-03 10:47:28.541 D/dalvikvm( 2070): GC_FOR_ALLOC freed 2563K, 35% free 8152K/12448K, paused 3ms, total 3ms
02-03 10:47:28.541 D/dalvikvm( 2070): GC_FOR_ALLOC freed 2476K, 35% free 8093K/12448K, paused 3ms, total 3ms
02-03 10:47:28.551 D/dalvikvm( 2070): GC_FOR_ALLOC freed 2637K, 35% free 8095K/12448K, paused 3ms, total 3ms
02-03 10:47:28.551 D/dalvikvm( 2070): GC_FOR_ALLOC freed 2674K, 35% free 8097K/12448K, paused 3ms, total 3ms
02-03 10:47:28.561 D/dalvikvm( 2070): GC_FOR_ALLOC freed 2387K, 34% free 8292K/12448K, paused 4ms, total 4ms
02-03 10:47:28.571 D/dalvikvm( 2070): GC_FOR_ALLOC freed 2285K, 34% free 8295K/12448K, paused 3ms, total 4ms
02-03 10:47:28.571 D/dalvikvm( 2070): GC_FOR_ALLOC freed 2311K, 34% free 8299K/12448K, paused 4ms, total 4ms
02-03 10:47:28.581 D/dalvikvm( 2070): GC_FOR_ALLOC freed 2337K, 34% free 8303K/12448K, paused 3ms, total 4ms
02-03 10:47:28.581 D/dalvikvm( 2070): GC_FOR_ALLOC freed 2363K, 34% free 8307K/12448K, paused 3ms, total 3ms
02-03 10:47:28.591 D/dalvikvm( 2070): GC_FOR_ALLOC freed 2390K, 35% free 8174K/12448K, paused 4ms, total 4ms
02-03 10:47:28.591 D/dalvikvm( 2070): GC_FOR_ALLOC freed 2416K, 35% free 8176K/12448K, paused 3ms, total 3ms
02-03 10:47:28.601 D/dalvikvm( 2070): GC_FOR_ALLOC freed 2442K, 35% free 8178K/12448K, paused 3ms, total 3ms
02-03 10:47:28.601 D/dalvikvm( 2070): GC_FOR_ALLOC freed 2468K, 35% free 8180K/12448K, paused 3ms, total 3ms
02-03 10:47:28.611 D/dalvikvm( 2070): GC_FOR_ALLOC freed 2494K, 35% free 8183K/12448K, paused 3ms, total 3ms
02-03 10:47:28.611 D/dalvikvm( 2070): GC_FOR_ALLOC freed 2520K, 35% free 8185K/12448K, paused 3ms, total 3ms
02-03 10:47:28.621 D/dalvikvm( 2070): GC_FOR_ALLOC freed 2546K, 35% free 8187K/12448K, paused 3ms, total 3ms
02-03 10:47:28.621 D/dalvikvm( 2070): GC_FOR_ALLOC freed 2573K, 35% free 8189K/12448K, paused 4ms, total 4ms
02-03 10:47:28.631 D/dalvikvm( 2070): GC_FOR_ALLOC freed 2599K, 35% free 8192K/12448K, paused 4ms, total 4ms
02-03 10:47:28.631 D/dalvikvm( 2070): GC_FOR_ALLOC freed 2625K, 35% free 8194K/12448K, paused 3ms, total 3ms
02-03 10:47:28.641 D/dalvikvm( 2070): GC_FOR_ALLOC freed 2499K, 35% free 8121K/12448K, paused 3ms, total 3ms
02-03 10:47:28.641 D/dalvikvm( 2070): GC_FOR_ALLOC freed 2291K, 35% free 8198K/12448K, paused 4ms, total 4ms
02-03 10:47:28.651 D/dalvikvm( 2070): GC_FOR_ALLOC freed 2543K, 35% free 8123K/12448K, paused 4ms, total 4ms
02-03 10:47:28.651 D/dalvikvm( 2070): GC_FOR_ALLOC freed 2332K, 33% free 8357K/12448K, paused 3ms, total 3ms
02-03 10:47:28.661 D/dalvikvm( 2070): GC_FOR_ALLOC freed 2588K, 35% free 8126K/12448K, paused 4ms, total 4ms
02-03 10:47:28.671 D/dalvikvm( 2070): GC_FOR_ALLOC freed 2372K, 33% free 8364K/12448K, paused 3ms, total 3ms
02-03 10:47:28.671 D/dalvikvm( 2070): GC_FOR_ALLOC freed 2232K, 33% free 8367K/12448K, paused 3ms, total 3ms
02-03 10:47:28.681 D/dalvikvm( 2070): GC_FOR_ALLOC freed 2250K, 33% free 8371K/12448K, paused 3ms, total 3ms
02-03 10:47:28.681 D/dalvikvm( 2070): GC_FOR_ALLOC freed 2268K, 33% free 8374K/12448K, paused 3ms, total 3ms
02-03 10:47:28.691 D/dalvikvm( 2070): GC_FOR_ALLOC freed 2285K, 33% free 8377K/12448K, paused 3ms, total 3ms
02-03 10:47:28.691 D/dalvikvm( 2070): GC_FOR_ALLOC freed 2303K, 34% free 8215K/12448K, paused 3ms, total 4ms
02-03 10:47:28.701 D/dalvikvm( 2070): GC_FOR_ALLOC freed 2320K, 33% free 8383K/12448K, paused 4ms, total 4ms
02-03 10:47:28.701 D/dalvikvm( 2070): GC_FOR_ALLOC freed 2339K, 34% free 8219K/12448K, paused 3ms, total 3ms
02-03 10:47:28.711 D/dalvikvm( 2070): GC_FOR_ALLOC freed 2356K, 33% free 8389K/12448K, paused 4ms, total 4ms
02-03 10:47:28.711 D/dalvikvm( 2070): GC_FOR_ALLOC freed 2373K, 34% free 8223K/12448K, paused 5ms, total 5ms
02-03 10:47:28.721 D/dalvikvm( 2070): GC_FOR_ALLOC freed 2389K, 33% free 8395K/12448K, paused 4ms, total 4ms
02-03 10:47:28.721 D/dalvikvm( 2070): GC_FOR_ALLOC freed 2234K, 35% free 8141K/12448K, paused 3ms, total 4ms
02-03 10:47:28.731 D/dalvikvm( 2070): GC_FOR_ALLOC freed 2422K, 35% free 8142K/12448K, paused 5ms, total 5ms
02-03 10:47:28.731 D/dalvikvm( 2070): GC_FOR_ALLOC freed 2438K, 35% free 8143K/12448K, paused 3ms, total 3ms
02-03 10:47:28.741 D/dalvikvm( 2070): GC_FOR_ALLOC freed 2015K, 33% free 8407K/12448K, paused 3ms, total 3ms
02-03 10:47:28.741 D/dalvikvm( 2070): GC_FOR_ALLOC freed 2292K, 35% free 8145K/12448K, paused 4ms, total 4ms
02-03 10:47:28.751 D/dalvikvm( 2070): GC_FOR_ALLOC freed 2039K, 33% free 8412K/12448K, paused 3ms, total 4ms
02-03 10:47:28.751 D/dalvikvm( 2070): GC_FOR_ALLOC freed 2320K, 35% free 8147K/12448K, paused 3ms, total 3ms
02-03 10:47:28.761 D/dalvikvm( 2070): GC_FOR_ALLOC freed 2063K, 33% free 8417K/12448K, paused 3ms, total 3ms
02-03 10:47:28.761 D/dalvikvm( 2070): GC_FOR_ALLOC freed 2347K, 35% free 8150K/12448K, paused 3ms, total 3ms
02-03 10:47:28.771 D/dalvikvm( 2070): GC_FOR_ALLOC freed 2087K, 33% free 8422K/12448K, paused 3ms, total 3ms
02-03 10:47:28.771 D/dalvikvm( 2070): GC_FOR_ALLOC freed 2374K, 35% free 8152K/12448K, paused 3ms, total 3ms
02-03 10:47:28.781 D/dalvikvm( 2070): GC_FOR_ALLOC freed 2111K, 33% free 8428K/12448K, paused 3ms, total 3ms
02-03 10:47:28.781 D/dalvikvm( 2070): GC_FOR_ALLOC freed 2401K, 35% free 8154K/12448K, paused 3ms, total 3ms
02-03 10:47:28.791 D/dalvikvm( 2070): GC_FOR_ALLOC freed 2135K, 33% free 8433K/12448K, paused 4ms, total 4ms
02-03 10:47:28.791 D/dalvikvm( 2070): GC_FOR_ALLOC freed 2428K, 35% free 8156K/12448K, paused 5ms, total 5ms
02-03 10:47:28.801 D/dalvikvm( 2070): GC_FOR_ALLOC freed 2159K, 33% free 8438K/12448K, paused 3ms, total 3ms
02-03 10:47:28.801 D/dalvikvm( 2070): GC_FOR_ALLOC freed 2456K, 35% free 8158K/12448K, paused 3ms, total 3ms
02-03 10:47:28.811 D/dalvikvm( 2070): GC_FOR_ALLOC freed 2183K, 33% free 8443K/12448K, paused 4ms, total 4ms
02-03 10:47:28.821 D/dalvikvm( 2070): GC_FOR_ALLOC freed 2483K, 35% free 8160K/12448K, paused 3ms, total 3ms
02-03 10:47:28.821 D/dalvikvm( 2070): GC_FOR_ALLOC freed 2208K, 33% free 8448K/12448K, paused 3ms, total 3ms
02-03 10:47:28.831 D/dalvikvm( 2070): GC_FOR_ALLOC freed 2510K, 35% free 8162K/12448K, paused 4ms, total 4ms
02-03 10:47:28.831 D/dalvikvm( 2070): GC_FOR_ALLOC freed 2232K, 33% free 8454K/12448K, paused 3ms, total 3ms
02-03 10:47:28.831 D/dalvikvm( 2070): GC_FOR_ALLOC freed 2537K, 35% free 8164K/12448K, paused 3ms, total 3ms
02-03 10:47:28.841 D/dalvikvm( 2070): GC_FOR_ALLOC freed 2256K, 33% free 8459K/12448K, paused 3ms, total 3ms
02-03 10:47:28.851 D/dalvikvm( 2070): GC_FOR_ALLOC freed 2564K, 35% free 8166K/12448K, paused 3ms, total 3ms
02-03 10:47:28.851 D/dalvikvm( 2070): GC_FOR_ALLOC freed 2280K, 33% free 8464K/12448K, paused 3ms, total 3ms
02-03 10:47:28.861 D/dalvikvm( 2070): GC_FOR_ALLOC freed 2591K, 35% free 8168K/12448K, paused 3ms, total 3ms
02-03 10:47:28.861 D/dalvikvm( 2070): GC_FOR_ALLOC freed 2304K, 32% free 8469K/12448K, paused 3ms, total 3ms
02-03 10:47:28.871 D/dalvikvm( 2070): GC_FOR_ALLOC freed 2114K, 32% free 8472K/12448K, paused 3ms, total 4ms
02-03 10:47:28.871 D/dalvikvm( 2070): GC_FOR_ALLOC freed 2123K, 34% free 8272K/12448K, paused 3ms, total 3ms
02-03 10:47:28.871 D/dalvikvm( 2070): GC_FOR_ALLOC freed 2132K, 34% free 8273K/12448K, paused 3ms, total 3ms
02-03 10:47:28.881 D/dalvikvm( 2070): GC_FOR_ALLOC freed 2142K, 32% free 8479K/12448K, paused 3ms, total 3ms
02-03 10:47:28.891 D/dalvikvm( 2070): GC_FOR_ALLOC freed 2152K, 32% free 8481K/12448K, paused 3ms, total 3ms
02-03 10:47:28.891 D/dalvikvm( 2070): GC_FOR_ALLOC freed 2282K, 35% free 8176K/12448K, paused 3ms, total 4ms
02-03 10:47:28.901 D/dalvikvm( 2070): GC_FOR_ALLOC freed 1948K, 32% free 8512K/12448K, paused 4ms, total 4ms
02-03 10:47:28.901 D/dalvikvm( 2070): GC_FOR_ALLOC freed 1545K, 34% free 8291K/12448K, paused 3ms, total 3ms
02-03 10:47:28.911 D/dalvikvm( 2070): GC_FOR_ALLOC freed 2180K, 39% free 7658K/12448K, paused 3ms, total 3ms
02-03 10:47:28.911 I/dalvikvm-heap( 2070): Grow heap (frag case) to 8.522MB for 1048592-byte allocation
02-03 10:47:28.911 D/dalvikvm( 2070): GC_FOR_ALLOC freed 8K, 36% free 8674K/13476K, paused 3ms, total 3ms
02-03 10:47:28.921 D/dalvikvm( 2070): GC_FOR_ALLOC freed 8K, 36% free 8667K/13476K, paused 2ms, total 2ms
02-03 10:47:28.921 I/dalvikvm-heap( 2070): Grow heap (frag case) to 9.506MB for 1048592-byte allocation
02-03 10:47:28.921 D/dalvikvm( 2070): GC_FOR_ALLOC freed <1K, 34% free 9691K/14504K, paused 3ms, total 3ms
02-03 10:47:28.931 D/dalvikvm( 2070): GC_FOR_ALLOC freed <1K, 34% free 9691K/14504K, paused 3ms, total 3ms
02-03 10:47:28.931 I/dalvikvm-heap( 2070): Grow heap (frag case) to 10.506MB for 1048592-byte allocation
02-03 10:47:28.931 D/dalvikvm( 2070): GC_FOR_ALLOC freed 0K, 32% free 10715K/15532K, paused 3ms, total 3ms
02-03 10:47:29.301 D/dalvikvm( 2070): GC_CONCURRENT freed 6747K, 49% free 8031K/15532K, paused 1ms+2ms, total 17ms
02-03 10:47:29.301 D/dalvikvm( 2070): WAIT_FOR_CONCURRENT_GC blocked 16ms
02-03 10:47:29.311 D/dalvikvm( 2070): GC_FOR_ALLOC freed 4094K, 36% free 8013K/12340K, paused 5ms, total 5ms
02-03 10:47:29.321 D/dalvikvm( 2070): GC_FOR_ALLOC freed 3804K, 35% free 8042K/12340K, paused 4ms, total 4ms
02-03 10:47:29.321 D/dalvikvm( 2070): GC_FOR_ALLOC freed 3595K, 36% free 8017K/12340K, paused 3ms, total 3ms
02-03 10:47:29.331 D/dalvikvm( 2070): GC_FOR_ALLOC freed 3360K, 35% free 8099K/12340K, paused 3ms, total 3ms
02-03 10:47:29.341 D/dalvikvm( 2070): GC_FOR_ALLOC freed 3478K, 35% free 8075K/12340K, paused 3ms, total 3ms
02-03 10:47:29.341 D/dalvikvm( 2070): GC_FOR_ALLOC freed 3256K, 35% free 8042K/12340K, paused 3ms, total 3ms
02-03 10:47:29.351 D/dalvikvm( 2070): GC_FOR_ALLOC freed 3134K, 35% free 8140K/12340K, paused 3ms, total 3ms
02-03 10:47:29.351 D/dalvikvm( 2070): GC_FOR_ALLOC freed 3173K, 35% free 8033K/12340K, paused 3ms, total 3ms
02-03 10:47:29.361 D/dalvikvm( 2070): GC_FOR_ALLOC freed 3146K, 35% free 8033K/12340K, paused 3ms, total 3ms
02-03 10:47:29.361 D/dalvikvm( 2070): GC_FOR_ALLOC freed 3017K, 35% free 8064K/12340K, paused 3ms, total 3ms
02-03 10:47:29.371 D/dalvikvm( 2070): GC_FOR_ALLOC freed 2938K, 34% free 8187K/12340K, paused 3ms, total 3ms
02-03 10:47:29.381 D/dalvikvm( 2070): GC_FOR_ALLOC freed 2969K, 35% free 8105K/12340K, paused 3ms, total 3ms
02-03 10:47:29.381 D/dalvikvm( 2070): GC_FOR_ALLOC freed 2985K, 35% free 8062K/12340K, paused 4ms, total 4ms
02-03 10:47:29.391 D/dalvikvm( 2070): GC_FOR_ALLOC freed 2853K, 35% free 8060K/12340K, paused 3ms, total 3ms
02-03 10:47:29.391 D/dalvikvm( 2070): GC_FOR_ALLOC freed 2938K, 35% free 8059K/12340K, paused 3ms, total 3ms
02-03 10:47:29.401 D/dalvikvm( 2070): GC_FOR_ALLOC freed 2780K, 34% free 8202K/12340K, paused 3ms, total 3ms
02-03 10:47:29.401 D/dalvikvm( 2070): GC_FOR_ALLOC freed 2752K, 35% free 8105K/12340K, paused 3ms, total 3ms
02-03 10:47:29.411 D/dalvikvm( 2070): GC_FOR_ALLOC freed 2819K, 35% free 8136K/12340K, paused 4ms, total 4ms
02-03 10:47:29.421 D/dalvikvm( 2070): GC_FOR_ALLOC freed 2886K, 35% free 8136K/12340K, paused 3ms, total 3ms
02-03 10:47:29.421 D/dalvikvm( 2070): GC_FOR_ALLOC freed 2953K, 35% free 8135K/12340K, paused 4ms, total 4ms
02-03 10:47:29.431 D/dalvikvm( 2070): GC_FOR_ALLOC freed 2912K, 35% free 8081K/12340K, paused 4ms, total 4ms
02-03 10:47:29.431 D/dalvikvm( 2070): GC_FOR_ALLOC freed 2806K, 35% free 8134K/12340K, paused 4ms, total 4ms
02-03 10:47:29.441 D/dalvikvm( 2070): GC_FOR_ALLOC freed 2636K, 35% free 8077K/12340K, paused 3ms, total 3ms
02-03 10:47:29.441 D/dalvikvm( 2070): GC_FOR_ALLOC freed 2510K, 35% free 8132K/12340K, paused 3ms, total 3ms
02-03 10:47:29.451 D/dalvikvm( 2070): GC_FOR_ALLOC freed 2435K, 34% free 8247K/12340K, paused 4ms, total 4ms
02-03 10:47:29.451 D/dalvikvm( 2070): GC_FOR_ALLOC freed 2473K, 34% free 8161K/12340K, paused 3ms, total 3ms
02-03 10:47:29.461 D/dalvikvm( 2070): GC_FOR_ALLOC freed 2511K, 34% free 8160K/12340K, paused 3ms, total 3ms
02-03 10:47:29.461 D/dalvikvm( 2070): GC_FOR_ALLOC freed 2427K, 35% free 8098K/12340K, paused 4ms, total 4ms
02-03 10:47:29.471 D/dalvikvm( 2070): GC_FOR_ALLOC freed 2275K, 33% free 8280K/12340K, paused 3ms, total 3ms
02-03 10:47:29.471 D/dalvikvm( 2070): GC_FOR_ALLOC freed 2179K, 33% free 8280K/12340K, paused 3ms, total 3ms
02-03 10:47:29.481 D/dalvikvm( 2070): GC_FOR_ALLOC freed 2205K, 33% free 8280K/12340K, paused 4ms, total 4ms
02-03 10:47:29.481 D/dalvikvm( 2070): GC_FOR_ALLOC freed 2231K, 33% free 8279K/12340K, paused 3ms, total 3ms
02-03 10:47:29.491 D/dalvikvm( 2070): GC_FOR_ALLOC freed 2258K, 33% free 8279K/12340K, paused 3ms, total 3ms
02-03 10:47:29.491 D/dalvikvm( 2070): GC_FOR_ALLOC freed 2284K, 34% free 8180K/12340K, paused 3ms, total 3ms
02-03 10:47:29.501 D/dalvikvm( 2070): GC_FOR_ALLOC freed 2310K, 34% free 8178K/12340K, paused 3ms, total 3ms
02-03 10:47:29.501 D/dalvikvm( 2070): GC_FOR_ALLOC freed 2336K, 34% free 8177K/12340K, paused 3ms, total 3ms
02-03 10:47:29.511 D/dalvikvm( 2070): GC_FOR_ALLOC freed 2362K, 34% free 8175K/12340K, paused 3ms, total 3ms
02-03 10:47:29.511 D/dalvikvm( 2070): GC_FOR_ALLOC freed 2388K, 34% free 8173K/12340K, paused 3ms, total 3ms
02-03 10:47:29.521 D/dalvikvm( 2070): GC_FOR_ALLOC freed 2414K, 34% free 8171K/12340K, paused 4ms, total 4ms
02-03 10:47:29.521 D/dalvikvm( 2070): GC_FOR_ALLOC freed 2441K, 34% free 8170K/12340K, paused 3ms, total 3ms
02-03 10:47:29.531 D/dalvikvm( 2070): GC_FOR_ALLOC freed 2467K, 34% free 8168K/12340K, paused 3ms, total 3ms
02-03 10:47:29.531 D/dalvikvm( 2070): GC_FOR_ALLOC freed 2493K, 34% free 8198K/12340K, paused 3ms, total 3ms
02-03 10:47:29.541 D/dalvikvm( 2070): GC_FOR_ALLOC freed 2375K, 35% free 8125K/12340K, paused 3ms, total 3ms
02-03 10:47:29.541 D/dalvikvm( 2070): GC_FOR_ALLOC freed 2544K, 35% free 8122K/12340K, paused 4ms, total 4ms
02-03 10:47:29.551 D/dalvikvm( 2070): GC_FOR_ALLOC freed 2570K, 35% free 8120K/12340K, paused 4ms, total 4ms
02-03 10:47:29.551 D/dalvikvm( 2070): GC_FOR_ALLOC freed 2596K, 35% free 8117K/12340K, paused 3ms, total 3ms
02-03 10:47:29.561 D/dalvikvm( 2070): GC_FOR_ALLOC freed 2622K, 35% free 8115K/12340K, paused 4ms, total 4ms
02-03 10:47:29.571 D/dalvikvm( 2070): GC_FOR_ALLOC freed 2648K, 35% free 8112K/12340K, paused 4ms, total 4ms
02-03 10:47:29.571 D/dalvikvm( 2070): GC_FOR_ALLOC freed 2287K, 34% free 8189K/12340K, paused 3ms, total 3ms
02-03 10:47:29.581 D/dalvikvm( 2070): GC_FOR_ALLOC freed 2152K, 33% free 8345K/12340K, paused 3ms, total 3ms
02-03 10:47:29.581 D/dalvikvm( 2070): GC_FOR_ALLOC freed 2169K, 33% free 8348K/12340K, paused 3ms, total 3ms
02-03 10:47:29.591 D/dalvikvm( 2070): GC_FOR_ALLOC freed 2186K, 33% free 8351K/12340K, paused 4ms, total 4ms
02-03 10:47:29.591 D/dalvikvm( 2070): GC_FOR_ALLOC freed 2202K, 33% free 8354K/12340K, paused 3ms, total 3ms
02-03 10:47:29.591 D/dalvikvm( 2070): GC_FOR_ALLOC freed 2219K, 33% free 8357K/12340K, paused 3ms, total 3ms
02-03 10:47:29.601 D/dalvikvm( 2070): GC_FOR_ALLOC freed 2236K, 33% free 8360K/12340K, paused 3ms, total 3ms
02-03 10:47:29.601 D/dalvikvm( 2070): GC_FOR_ALLOC freed 2664K, 36% free 8118K/12504K, paused 3ms, total 3ms
02-03 10:47:29.611 D/dalvikvm( 2070): GC_FOR_ALLOC freed 2438K, 34% free 8363K/12504K, paused 3ms, total 3ms
02-03 10:47:29.611 D/dalvikvm( 2070): GC_FOR_ALLOC freed 2294K, 34% free 8366K/12504K, paused 4ms, total 4ms
02-03 10:47:29.621 D/dalvikvm( 2070): GC_FOR_ALLOC freed 2311K, 34% free 8369K/12504K, paused 3ms, total 3ms
02-03 10:47:29.621 D/dalvikvm( 2070): GC_FOR_ALLOC freed 2329K, 34% free 8373K/12504K, paused 3ms, total 3ms
02-03 10:47:29.631 D/dalvikvm( 2070): GC_FOR_ALLOC freed 2348K, 34% free 8376K/12504K, paused 3ms, total 3ms
02-03 10:47:29.631 D/dalvikvm( 2070): GC_FOR_ALLOC freed 2364K, 35% free 8210K/12504K, paused 3ms, total 3ms
02-03 10:47:29.641 D/dalvikvm( 2070): GC_FOR_ALLOC freed 2381K, 33% free 8382K/12504K, paused 3ms, total 3ms
02-03 10:47:29.641 D/dalvikvm( 2070): GC_FOR_ALLOC freed 2398K, 35% free 8213K/12504K, paused 4ms, total 4ms
02-03 10:47:29.651 D/dalvikvm( 2070): GC_FOR_ALLOC freed 2242K, 35% free 8129K/12504K, paused 4ms, total 4ms
02-03 10:47:29.651 D/dalvikvm( 2070): GC_FOR_ALLOC freed 2430K, 35% free 8131K/12504K, paused 3ms, total 3ms
02-03 10:47:29.661 D/dalvikvm( 2070): GC_FOR_ALLOC freed 2447K, 35% free 8132K/12504K, paused 3ms, total 3ms
02-03 10:47:29.661 D/dalvikvm( 2070): GC_FOR_ALLOC freed 2464K, 35% free 8133K/12504K, paused 3ms, total 3ms
02-03 10:47:29.671 D/dalvikvm( 2070): GC_FOR_ALLOC freed 2480K, 35% free 8134K/12504K, paused 3ms, total 4ms
02-03 10:47:29.681 D/dalvikvm( 2070): GC_FOR_ALLOC freed 2497K, 35% free 8135K/12504K, paused 4ms, total 4ms
02-03 10:47:29.681 D/dalvikvm( 2070): GC_FOR_ALLOC freed 2514K, 35% free 8137K/12504K, paused 3ms, total 3ms
02-03 10:47:29.691 D/dalvikvm( 2070): GC_FOR_ALLOC freed 2530K, 35% free 8138K/12504K, paused 3ms, total 3ms
02-03 10:47:29.691 D/dalvikvm( 2070): GC_FOR_ALLOC freed 2547K, 35% free 8139K/12504K, paused 3ms, total 3ms
02-03 10:47:29.701 D/dalvikvm( 2070): GC_FOR_ALLOC freed 2564K, 35% free 8140K/12504K, paused 3ms, total 3ms
02-03 10:47:29.701 D/dalvikvm( 2070): GC_FOR_ALLOC freed 2581K, 35% free 8141K/12504K, paused 3ms, total 3ms
02-03 10:47:29.711 D/dalvikvm( 2070): GC_FOR_ALLOC freed 2132K, 33% free 8420K/12504K, paused 4ms, total 4ms
02-03 10:47:29.711 D/dalvikvm( 2070): GC_FOR_ALLOC freed 2424K, 35% free 8143K/12504K, paused 3ms, total 3ms
02-03 10:47:29.721 D/dalvikvm( 2070): GC_FOR_ALLOC freed 2156K, 33% free 8425K/12504K, paused 3ms, total 3ms
02-03 10:47:29.721 D/dalvikvm( 2070): GC_FOR_ALLOC freed 2452K, 35% free 8146K/12504K, paused 3ms, total 3ms
02-03 10:47:29.731 D/dalvikvm( 2070): GC_FOR_ALLOC freed 2180K, 33% free 8430K/12504K, paused 3ms, total 3ms
02-03 10:47:29.731 D/dalvikvm( 2070): GC_FOR_ALLOC freed 2479K, 35% free 8148K/12504K, paused 4ms, total 4ms
02-03 10:47:29.741 D/dalvikvm( 2070): GC_FOR_ALLOC freed 2204K, 33% free 8436K/12504K, paused 3ms, total 3ms
02-03 10:47:29.741 D/dalvikvm( 2070): GC_FOR_ALLOC freed 2506K, 35% free 8150K/12504K, paused 3ms, total 3ms
02-03 10:47:29.751 D/dalvikvm( 2070): GC_FOR_ALLOC freed 2228K, 33% free 8441K/12504K, paused 3ms, total 3ms
02-03 10:47:29.751 D/dalvikvm( 2070): GC_FOR_ALLOC freed 2533K, 35% free 8152K/12504K, paused 3ms, total 3ms
02-03 10:47:29.761 D/dalvikvm( 2070): GC_FOR_ALLOC freed 2252K, 33% free 8446K/12504K, paused 3ms, total 3ms
02-03 10:47:29.761 D/dalvikvm( 2070): GC_FOR_ALLOC freed 2560K, 35% free 8154K/12504K, paused 3ms, total 3ms
02-03 10:47:29.771 D/dalvikvm( 2070): GC_FOR_ALLOC freed 2276K, 33% free 8451K/12504K, paused 3ms, total 3ms
02-03 10:47:29.771 D/dalvikvm( 2070): GC_FOR_ALLOC freed 2588K, 35% free 8156K/12504K, paused 3ms, total 3ms
02-03 10:47:29.781 D/dalvikvm( 2070): GC_FOR_ALLOC freed 2300K, 33% free 8457K/12504K, paused 4ms, total 4ms
02-03 10:47:29.781 D/dalvikvm( 2070): GC_FOR_ALLOC freed 2110K, 33% free 8459K/12504K, paused 3ms, total 3ms
02-03 10:47:29.791 D/dalvikvm( 2070): GC_FOR_ALLOC freed 2120K, 33% free 8461K/12504K, paused 3ms, total 3ms
02-03 10:47:29.791 D/dalvikvm( 2070): GC_FOR_ALLOC freed 2129K, 33% free 8463K/12504K, paused 3ms, total 3ms
02-03 10:47:29.791 D/dalvikvm( 2070): GC_FOR_ALLOC freed 2139K, 34% free 8262K/12504K, paused 3ms, total 3ms
02-03 10:47:29.801 D/dalvikvm( 2070): GC_FOR_ALLOC freed 2149K, 34% free 8263K/12504K, paused 3ms, total 3ms
02-03 10:47:29.801 D/dalvikvm( 2070): GC_FOR_ALLOC freed 2401K, 34% free 8269K/12504K, paused 3ms, total 3ms
02-03 10:47:29.811 D/dalvikvm( 2070): GC_FOR_ALLOC freed 2572K, 34% free 8287K/12504K, paused 4ms, total 4ms
02-03 10:47:29.821 D/dalvikvm( 2070): GC_FOR_ALLOC freed 1545K, 32% free 8508K/12504K, paused 3ms, total 3ms
02-03 10:47:29.821 D/dalvikvm( 2070): GC_FOR_ALLOC freed 2180K, 39% free 7654K/12504K, paused 3ms, total 3ms
02-03 10:47:29.821 I/dalvikvm-heap( 2070): Grow heap (frag case) to 8.518MB for 1048592-byte allocation
02-03 10:47:29.831 D/dalvikvm( 2070): GC_FOR_ALLOC freed 4K, 36% free 8674K/13532K, paused 2ms, total 2ms
02-03 10:47:29.831 D/dalvikvm( 2070): GC_FOR_ALLOC freed <1K, 36% free 8675K/13532K, paused 2ms, total 2ms
02-03 10:47:29.831 I/dalvikvm-heap( 2070): Grow heap (frag case) to 9.514MB for 1048592-byte allocation
02-03 10:47:29.831 D/dalvikvm( 2070): GC_FOR_ALLOC freed <1K, 34% free 9699K/14560K, paused 2ms, total 2ms
02-03 10:47:29.831 D/dalvikvm( 2070): GC_FOR_ALLOC freed <1K, 34% free 9699K/14560K, paused 2ms, total 2ms
02-03 10:47:29.841 I/dalvikvm-heap( 2070): Grow heap (frag case) to 10.514MB for 1048592-byte allocation
02-03 10:47:29.841 D/dalvikvm( 2070): GC_FOR_ALLOC freed 0K, 32% free 10723K/15588K, paused 3ms, total 3ms
02-03 10:47:30.331 D/dalvikvm( 2070): GC_CONCURRENT freed 6739K, 49% free 8039K/15588K, paused 1ms+1ms, total 19ms
02-03 10:47:30.331 D/dalvikvm( 2070): WAIT_FOR_CONCURRENT_GC blocked 17ms
02-03 10:47:30.341 D/dalvikvm( 2070): GC_FOR_ALLOC freed 4102K, 36% free 8013K/12372K, paused 4ms, total 4ms
02-03 10:47:30.341 D/dalvikvm( 2070): GC_CONCURRENT freed 2227K, 34% free 8215K/12372K, paused 1ms+1ms, total 5ms
02-03 10:47:30.351 D/dalvikvm( 2070): GC_FOR_ALLOC freed 3561K, 35% free 8093K/12372K, paused 4ms, total 4ms
02-03 10:47:30.361 D/dalvikvm( 2070): GC_FOR_ALLOC freed 3436K, 35% free 8103K/12372K, paused 3ms, total 3ms
02-03 10:47:30.361 D/dalvikvm( 2070): GC_FOR_ALLOC freed 3331K, 35% free 8051K/12372K, paused 4ms, total 4ms
02-03 10:47:30.371 D/dalvikvm( 2070): GC_FOR_ALLOC freed 3195K, 35% free 8050K/12372K, paused 4ms, total 4ms
02-03 10:47:30.381 D/dalvikvm( 2070): GC_FOR_ALLOC freed 3128K, 35% free 8047K/12372K, paused 4ms, total 4ms
02-03 10:47:30.381 D/dalvikvm( 2070): GC_FOR_ALLOC freed 3218K, 35% free 8078K/12372K, paused 4ms, total 4ms
02-03 10:47:30.391 D/dalvikvm( 2070): GC_FOR_ALLOC freed 3062K, 35% free 8154K/12372K, paused 3ms, total 3ms
02-03 10:47:30.401 D/dalvikvm( 2070): GC_FOR_ALLOC freed 2940K, 35% free 8158K/12372K, paused 4ms, total 4ms
02-03 10:47:30.401 D/dalvikvm( 2070): GC_FOR_ALLOC freed 3066K, 35% free 8081K/12372K, paused 3ms, total 3ms
02-03 10:47:30.411 D/dalvikvm( 2070): GC_FOR_ALLOC freed 2904K, 34% free 8166K/12372K, paused 3ms, total 3ms
02-03 10:47:30.411 D/dalvikvm( 2070): GC_FOR_ALLOC freed 3011K, 35% free 8115K/12372K, paused 4ms, total 4ms
02-03 10:47:30.421 D/dalvikvm( 2070): GC_FOR_ALLOC freed 3025K, 35% free 8071K/12372K, paused 4ms, total 4ms
02-03 10:47:30.431 D/dalvikvm( 2070): GC_FOR_ALLOC freed 2891K, 35% free 8069K/12372K, paused 4ms, total 4ms
02-03 10:47:30.431 D/dalvikvm( 2070): GC_FOR_ALLOC freed 2976K, 35% free 8068K/12372K, paused 3ms, total 3ms
02-03 10:47:30.441 D/dalvikvm( 2070): GC_FOR_ALLOC freed 3060K, 35% free 8067K/12372K, paused 5ms, total 5ms
02-03 10:47:30.451 D/dalvikvm( 2070): GC_FOR_ALLOC freed 2792K, 35% free 8065K/12372K, paused 3ms, total 4ms
02-03 10:47:30.451 D/dalvikvm( 2070): GC_FOR_ALLOC freed 2601K, 34% free 8217K/12372K, paused 3ms, total 3ms
02-03 10:47:30.461 D/dalvikvm( 2070): GC_FOR_ALLOC freed 2815K, 35% free 8062K/12372K, paused 4ms, total 4ms
02-03 10:47:30.461 D/dalvikvm( 2070): GC_FOR_ALLOC freed 2715K, 34% free 8252K/12372K, paused 3ms, total 3ms
02-03 10:47:30.471 D/dalvikvm( 2070): GC_FOR_ALLOC freed 2552K, 35% free 8090K/12372K, paused 4ms, total 4ms
02-03 10:47:30.471 D/dalvikvm( 2070): GC_FOR_ALLOC freed 2710K, 35% free 8088K/12372K, paused 4ms, total 4ms
02-03 10:47:30.481 D/dalvikvm( 2070): GC_FOR_ALLOC freed 2478K, 34% free 8255K/12372K, paused 5ms, total 5ms
02-03 10:47:30.491 D/dalvikvm( 2070): GC_FOR_ALLOC freed 2404K, 34% free 8255K/12372K, paused 3ms, total 3ms
02-03 10:47:30.491 D/dalvikvm( 2070): GC_FOR_ALLOC freed 2442K, 34% free 8256K/12372K, paused 3ms, total 3ms
02-03 10:47:30.501 D/dalvikvm( 2070): GC_FOR_ALLOC freed 2479K, 35% free 8138K/12372K, paused 4ms, total 4ms
02-03 10:47:30.501 D/dalvikvm( 2070): GC_FOR_ALLOC freed 2517K, 35% free 8136K/12372K, paused 3ms, total 3ms
02-03 10:47:30.511 D/dalvikvm( 2070): GC_FOR_ALLOC freed 2555K, 34% free 8167K/12372K, paused 3ms, total 3ms
02-03 10:47:30.511 D/dalvikvm( 2070): GC_FOR_ALLOC freed 2468K, 35% free 8105K/12372K, paused 4ms, total 4ms
02-03 10:47:30.521 D/dalvikvm( 2070): GC_FOR_ALLOC freed 2628K, 35% free 8102K/12372K, paused 4ms, total 4ms
02-03 10:47:30.521 D/dalvikvm( 2070): GC_FOR_ALLOC freed 2347K, 33% free 8290K/12372K, paused 4ms, total 4ms
02-03 10:47:30.531 D/dalvikvm( 2070): GC_FOR_ALLOC freed 2247K, 33% free 8290K/12372K, paused 3ms, total 3ms
02-03 10:47:30.531 D/dalvikvm( 2070): GC_FOR_ALLOC freed 2273K, 33% free 8289K/12372K, paused 3ms, total 3ms
02-03 10:47:30.541 D/dalvikvm( 2070): GC_FOR_ALLOC freed 2299K, 35% free 8158K/12372K, paused 3ms, total 3ms
02-03 10:47:30.541 D/dalvikvm( 2070): GC_FOR_ALLOC freed 2326K, 35% free 8156K/12372K, paused 3ms, total 3ms
02-03 10:47:30.551 D/dalvikvm( 2070): GC_FOR_ALLOC freed 2352K, 34% free 8186K/12372K, paused 5ms, total 5ms
02-03 10:47:30.561 D/dalvikvm( 2070): GC_FOR_ALLOC freed 2378K, 34% free 8184K/12372K, paused 4ms, total 4ms
02-03 10:47:30.561 D/dalvikvm( 2070): GC_FOR_ALLOC freed 2404K, 34% free 8182K/12372K, paused 3ms, total 3ms
02-03 10:47:30.571 D/dalvikvm( 2070): GC_FOR_ALLOC freed 2430K, 34% free 8181K/12372K, paused 5ms, total 5ms
02-03 10:47:30.571 D/dalvikvm( 2070): GC_FOR_ALLOC freed 2456K, 34% free 8179K/12372K, paused 3ms, total 3ms
02-03 10:47:30.581 D/dalvikvm( 2070): GC_FOR_ALLOC freed 2482K, 34% free 8177K/12372K, paused 3ms, total 3ms
02-03 10:47:30.581 D/dalvikvm( 2070): GC_FOR_ALLOC freed 2509K, 34% free 8175K/12372K, paused 4ms, total 4ms
02-03 10:47:30.591 D/dalvikvm( 2070): GC_FOR_ALLOC freed 2535K, 34% free 8174K/12372K, paused 3ms, total 3ms
02-03 10:47:30.591 D/dalvikvm( 2070): GC_FOR_ALLOC freed 2561K, 34% free 8204K/12372K, paused 3ms, total 4ms
02-03 10:47:30.601 D/dalvikvm( 2070): GC_FOR_ALLOC freed 2439K, 35% free 8129K/12372K, paused 3ms, total 3ms
02-03 10:47:30.601 D/dalvikvm( 2070): GC_FOR_ALLOC freed 2612K, 35% free 8126K/12372K, paused 3ms, total 3ms
02-03 10:47:30.611 D/dalvikvm( 2070): GC_FOR_ALLOC freed 2638K, 35% free 8124K/12372K, paused 3ms, total 3ms
02-03 10:47:30.611 D/dalvikvm( 2070): GC_FOR_ALLOC freed 2278K, 34% free 8200K/12372K, paused 3ms, total 3ms
02-03 10:47:30.621 D/dalvikvm( 2070): GC_FOR_ALLOC freed 2144K, 33% free 8356K/12372K, paused 4ms, total 4ms
02-03 10:47:30.631 D/dalvikvm( 2070): GC_FOR_ALLOC freed 2160K, 33% free 8359K/12372K, paused 4ms, total 4ms
02-03 10:47:30.631 D/dalvikvm( 2070): GC_FOR_ALLOC freed 2177K, 33% free 8361K/12372K, paused 4ms, total 4ms
02-03 10:47:30.641 D/dalvikvm( 2070): GC_FOR_ALLOC freed 2194K, 33% free 8364K/12372K, paused 3ms, total 3ms
02-03 10:47:30.641 D/dalvikvm( 2070): GC_FOR_ALLOC freed 2211K, 33% free 8367K/12372K, paused 3ms, total 3ms
02-03 10:47:30.651 D/dalvikvm( 2070): GC_FOR_ALLOC freed 2227K, 33% free 8370K/12372K, paused 5ms, total 5ms
02-03 10:47:30.651 D/dalvikvm( 2070): GC_FOR_ALLOC freed 2246K, 33% free 8374K/12372K, paused 3ms, total 3ms
02-03 10:47:30.661 D/dalvikvm( 2070): GC_FOR_ALLOC freed 2264K, 33% free 8377K/12372K, paused 3ms, total 3ms
02-03 10:47:30.661 D/dalvikvm( 2070): GC_FOR_ALLOC freed 2281K, 33% free 8380K/12372K, paused 3ms, total 3ms
02-03 10:47:30.671 D/dalvikvm( 2070): GC_FOR_ALLOC freed 2298K, 34% free 8219K/12372K, paused 3ms, total 3ms
02-03 10:47:30.671 D/dalvikvm( 2070): GC_FOR_ALLOC freed 2315K, 33% free 8386K/12372K, paused 3ms, total 3ms
02-03 10:47:30.681 D/dalvikvm( 2070): GC_FOR_ALLOC freed 2334K, 34% free 8223K/12372K, paused 3ms, total 3ms
02-03 10:47:30.681 D/dalvikvm( 2070): GC_FOR_ALLOC freed 2352K, 33% free 8393K/12372K, paused 4ms, total 4ms
02-03 10:47:30.691 D/dalvikvm( 2070): GC_FOR_ALLOC freed 2369K, 34% free 8226K/12372K, paused 4ms, total 4ms
02-03 10:47:30.701 D/dalvikvm( 2070): GC_FOR_ALLOC freed 2385K, 33% free 8399K/12372K, paused 4ms, total 4ms
02-03 10:47:30.701 D/dalvikvm( 2070): GC_FOR_ALLOC freed 2230K, 35% free 8145K/12372K, paused 3ms, total 3ms
02-03 10:47:30.701 D/dalvikvm( 2070): GC_FOR_ALLOC freed 1984K, 33% free 8404K/12372K, paused 3ms, total 3ms
02-03 10:47:30.711 D/dalvikvm( 2070): GC_FOR_ALLOC freed 2257K, 35% free 8147K/12372K, paused 3ms, total 3ms
02-03 10:47:30.721 D/dalvikvm( 2070): GC_FOR_ALLOC freed 2008K, 33% free 8409K/12372K, paused 4ms, total 4ms
02-03 10:47:30.721 D/dalvikvm( 2070): GC_FOR_ALLOC freed 2285K, 35% free 8149K/12372K, paused 3ms, total 3ms
02-03 10:47:30.731 D/dalvikvm( 2070): GC_FOR_ALLOC freed 2032K, 32% free 8414K/12372K, paused 3ms, total 3ms
02-03 10:47:30.731 D/dalvikvm( 2070): GC_FOR_ALLOC freed 2312K, 35% free 8151K/12372K, paused 4ms, total 4ms
02-03 10:47:30.741 D/dalvikvm( 2070): GC_FOR_ALLOC freed 2056K, 32% free 8420K/12372K, paused 3ms, total 4ms
02-03 10:47:30.741 D/dalvikvm( 2070): GC_FOR_ALLOC freed 2339K, 35% free 8153K/12372K, paused 3ms, total 3ms
02-03 10:47:30.751 D/dalvikvm( 2070): GC_FOR_ALLOC freed 2080K, 32% free 8425K/12372K, paused 3ms, total 3ms
02-03 10:47:30.751 D/dalvikvm( 2070): GC_FOR_ALLOC freed 2366K, 35% free 8155K/12372K, paused 3ms, total 3ms
02-03 10:47:30.761 D/dalvikvm( 2070): GC_FOR_ALLOC freed 2104K, 32% free 8430K/12372K, paused 3ms, total 3ms
02-03 10:47:30.771 D/dalvikvm( 2070): GC_FOR_ALLOC freed 2393K, 35% free 8157K/12372K, paused 3ms, total 4ms
02-03 10:47:30.771 D/dalvikvm( 2070): GC_FOR_ALLOC freed 2128K, 32% free 8435K/12372K, paused 4ms, total 4ms
02-03 10:47:30.781 D/dalvikvm( 2070): GC_FOR_ALLOC freed 2421K, 35% free 8159K/12372K, paused 3ms, total 3ms
02-03 10:47:30.781 D/dalvikvm( 2070): GC_FOR_ALLOC freed 2153K, 32% free 8440K/12372K, paused 3ms, total 3ms
02-03 10:47:30.791 D/dalvikvm( 2070): GC_FOR_ALLOC freed 2448K, 35% free 8161K/12372K, paused 3ms, total 3ms
02-03 10:47:30.791 D/dalvikvm( 2070): GC_FOR_ALLOC freed 2177K, 32% free 8446K/12372K, paused 3ms, total 3ms
02-03 10:47:30.801 D/dalvikvm( 2070): GC_FOR_ALLOC freed 2475K, 35% free 8163K/12372K, paused 3ms, total 3ms
02-03 10:47:30.801 D/dalvikvm( 2070): GC_FOR_ALLOC freed 2201K, 32% free 8451K/12372K, paused 4ms, total 4ms
02-03 10:47:30.811 D/dalvikvm( 2070): GC_FOR_ALLOC freed 2502K, 34% free 8165K/12372K, paused 3ms, total 3ms
02-03 10:47:30.811 D/dalvikvm( 2070): GC_FOR_ALLOC freed 2225K, 32% free 8456K/12372K, paused 4ms, total 4ms
02-03 10:47:30.821 D/dalvikvm( 2070): GC_FOR_ALLOC freed 2529K, 34% free 8168K/12372K, paused 4ms, total 4ms
02-03 10:47:30.831 D/dalvikvm( 2070): GC_FOR_ALLOC freed 2249K, 32% free 8461K/12372K, paused 4ms, total 4ms
02-03 10:47:30.831 D/dalvikvm( 2070): GC_FOR_ALLOC freed 2556K, 36% free 8170K/12572K, paused 3ms, total 3ms
02-03 10:47:30.841 D/dalvikvm( 2070): GC_FOR_ALLOC freed 2273K, 33% free 8467K/12572K, paused 3ms, total 3ms
02-03 10:47:30.841 D/dalvikvm( 2070): GC_FOR_ALLOC freed 2584K, 35% free 8172K/12572K, paused 3ms, total 3ms
02-03 10:47:30.851 D/dalvikvm( 2070): GC_FOR_ALLOC freed 2297K, 33% free 8472K/12572K, paused 4ms, total 4ms
02-03 10:47:30.851 D/dalvikvm( 2070): GC_FOR_ALLOC freed 2611K, 35% free 8174K/12572K, paused 3ms, total 3ms
02-03 10:47:30.861 D/dalvikvm( 2070): GC_FOR_ALLOC freed 2321K, 35% free 8275K/12572K, paused 3ms, total 3ms
02-03 10:47:30.861 D/dalvikvm( 2070): GC_FOR_ALLOC freed 2129K, 33% free 8479K/12572K, paused 3ms, total 3ms
02-03 10:47:30.871 D/dalvikvm( 2070): GC_FOR_ALLOC freed 2139K, 33% free 8482K/12572K, paused 3ms, total 3ms
02-03 10:47:30.871 D/dalvikvm( 2070): GC_FOR_ALLOC freed 2149K, 33% free 8484K/12572K, paused 3ms, total 3ms
02-03 10:47:30.881 D/dalvikvm( 2070): GC_FOR_ALLOC freed 2401K, 35% free 8285K/12572K, paused 3ms, total 3ms
02-03 10:47:30.881 D/dalvikvm( 2070): GC_FOR_ALLOC freed 2560K, 35% free 8283K/12572K, paused 4ms, total 4ms
02-03 10:47:30.891 D/dalvikvm( 2070): GC_FOR_ALLOC freed 1877K, 35% free 8173K/12572K, paused 3ms, total 3ms
02-03 10:47:30.901 D/dalvikvm( 2070): GC_FOR_ALLOC freed 1849K, 40% free 7650K/12572K, paused 4ms, total 4ms
02-03 10:47:30.901 D/dalvikvm( 2070): GC_FOR_ALLOC freed <1K, 31% free 8675K/12572K, paused 3ms, total 3ms
02-03 10:47:30.901 I/dalvikvm-heap( 2070): Grow heap (frag case) to 9.514MB for 1048592-byte allocation
02-03 10:47:30.911 D/dalvikvm( 2070): GC_FOR_ALLOC freed 4K, 29% free 9695K/13600K, paused 3ms, total 3ms
02-03 10:47:30.911 D/dalvikvm( 2070): GC_FOR_ALLOC freed <1K, 29% free 9695K/13600K, paused 2ms, total 2ms
02-03 10:47:30.911 I/dalvikvm-heap( 2070): Grow heap (frag case) to 10.510MB for 1048592-byte allocation
02-03 10:47:30.911 D/dalvikvm( 2070): GC_FOR_ALLOC freed 0K, 27% free 10719K/14628K, paused 3ms, total 3ms
02-03 10:47:31.351 D/dalvikvm( 2070): GC_CONCURRENT freed 6755K, 46% free 8026K/14856K, paused 2ms+1ms, total 28ms
02-03 10:47:31.351 D/dalvikvm( 2070): WAIT_FOR_CONCURRENT_GC blocked 18ms
02-03 10:47:31.361 D/dalvikvm( 2070): GC_CONCURRENT freed 4061K, 35% free 8041K/12280K, paused 1ms+0ms, total 4ms
02-03 10:47:31.361 D/dalvikvm( 2070): WAIT_FOR_CONCURRENT_GC blocked 4ms
02-03 10:47:31.371 D/dalvikvm( 2070): GC_FOR_ALLOC freed 3646K, 35% free 8022K/12280K, paused 3ms, total 3ms
02-03 10:47:31.371 D/dalvikvm( 2070): GC_FOR_ALLOC freed 3443K, 35% free 8016K/12280K, paused 3ms, total 3ms
02-03 10:47:31.381 D/dalvikvm( 2070): GC_FOR_ALLOC freed 3310K, 35% free 8097K/12280K, paused 3ms, total 3ms
02-03 10:47:31.391 D/dalvikvm( 2070): GC_FOR_ALLOC freed 3383K, 35% free 8045K/12280K, paused 4ms, total 4ms
02-03 10:47:31.391 D/dalvikvm( 2070): GC_FOR_ALLOC freed 3123K, 34% free 8136K/12280K, paused 3ms, total 3ms
02-03 10:47:31.401 D/dalvikvm( 2070): GC_FOR_ALLOC freed 3200K, 35% free 8037K/12280K, paused 4ms, total 4ms
02-03 10:47:31.411 D/dalvikvm( 2070): GC_FOR_ALLOC freed 3215K, 35% free 8033K/12280K, paused 3ms, total 3ms
02-03 10:47:31.411 D/dalvikvm( 2070): GC_FOR_ALLOC freed 3121K, 35% free 8032K/12280K, paused 3ms, total 3ms
02-03 10:47:31.421 D/dalvikvm( 2070): GC_FOR_ALLOC freed 2994K, 35% free 8064K/12280K, paused 3ms, total 3ms
02-03 10:47:31.421 D/dalvikvm( 2070): GC_FOR_ALLOC freed 2915K, 35% free 8103K/12280K, paused 3ms, total 3ms
02-03 10:47:31.431 D/dalvikvm( 2070): GC_FOR_ALLOC freed 2862K, 35% free 8062K/12280K, paused 3ms, total 3ms
02-03 10:47:31.431 D/dalvikvm( 2070): GC_FOR_ALLOC freed 2828K, 34% free 8192K/12280K, paused 3ms, total 3ms
02-03 10:47:31.441 D/dalvikvm( 2070): GC_FOR_ALLOC freed 2828K, 35% free 8104K/12280K, paused 4ms, total 4ms
02-03 10:47:31.441 D/dalvikvm( 2070): GC_FOR_ALLOC freed 2819K, 35% free 8058K/12280K, paused 4ms, total 4ms
02-03 10:47:31.451 D/dalvikvm( 2070): GC_FOR_ALLOC freed 2754K, 34% free 8199K/12280K, paused 4ms, total 4ms
02-03 10:47:31.461 D/dalvikvm( 2070): GC_FOR_ALLOC freed 2727K, 35% free 8103K/12280K, paused 4ms, total 4ms
02-03 10:47:31.461 D/dalvikvm( 2070): GC_FOR_ALLOC freed 2694K, 35% free 8085K/12280K, paused 3ms, total 3ms
02-03 10:47:31.471 D/dalvikvm( 2070): GC_FOR_ALLOC freed 2601K, 33% free 8237K/12280K, paused 3ms, total 3ms
02-03 10:47:31.471 D/dalvikvm( 2070): GC_FOR_ALLOC freed 2920K, 34% free 8134K/12280K, paused 3ms, total 3ms
02-03 10:47:31.481 D/dalvikvm( 2070): GC_FOR_ALLOC freed 2879K, 35% free 8080K/12280K, paused 3ms, total 3ms
02-03 10:47:31.481 D/dalvikvm( 2070): GC_FOR_ALLOC freed 2776K, 34% free 8132K/12280K, paused 4ms, total 4ms
02-03 10:47:31.491 D/dalvikvm( 2070): GC_FOR_ALLOC freed 3000K, 35% free 8077K/12280K, paused 3ms, total 3ms
02-03 10:47:31.491 D/dalvikvm( 2070): GC_FOR_ALLOC freed 2377K, 35% free 8074K/12280K, paused 3ms, total 3ms
02-03 10:47:31.501 D/dalvikvm( 2070): GC_FOR_ALLOC freed 2415K, 35% free 8072K/12280K, paused 4ms, total 4ms
02-03 10:47:31.501 D/dalvikvm( 2070): GC_FOR_ALLOC freed 2452K, 35% free 8102K/12280K, paused 4ms, total 4ms
02-03 10:47:31.511 D/dalvikvm( 2070): GC_FOR_ALLOC freed 2192K, 33% free 8277K/12280K, paused 3ms, total 3ms
02-03 10:47:31.511 D/dalvikvm( 2070): GC_FOR_ALLOC freed 2403K, 35% free 8097K/12280K, paused 3ms, total 3ms
02-03 10:47:31.521 D/dalvikvm( 2070): GC_FOR_ALLOC freed 2253K, 33% free 8277K/12280K, paused 3ms, total 3ms
02-03 10:47:31.521 D/dalvikvm( 2070): GC_FOR_ALLOC freed 2468K, 35% free 8093K/12404K, paused 3ms, total 3ms
02-03 10:47:31.531 D/dalvikvm( 2070): GC_FOR_ALLOC freed 2628K, 35% free 8090K/12404K, paused 3ms, total 3ms
02-03 10:47:31.531 D/dalvikvm( 2070): GC_FOR_ALLOC freed 2666K, 35% free 8088K/12404K, paused 3ms, total 3ms
02-03 10:47:31.541 D/dalvikvm( 2070): GC_FOR_ALLOC freed 2703K, 35% free 8086K/12404K, paused 3ms, total 3ms
02-03 10:47:31.541 D/dalvikvm( 2070): GC_FOR_ALLOC freed 2413K, 33% free 8311K/12404K, paused 3ms, total 3ms
02-03 10:47:31.551 D/dalvikvm( 2070): GC_FOR_ALLOC freed 2310K, 35% free 8178K/12404K, paused 3ms, total 3ms
02-03 10:47:31.551 D/dalvikvm( 2070): GC_FOR_ALLOC freed 2336K, 35% free 8177K/12404K, paused 4ms, total 4ms
02-03 10:47:31.561 D/dalvikvm( 2070): GC_FOR_ALLOC freed 2362K, 35% free 8175K/12404K, paused 3ms, total 3ms
02-03 10:47:31.561 D/dalvikvm( 2070): GC_FOR_ALLOC freed 2388K, 35% free 8173K/12404K, paused 3ms, total 3ms
02-03 10:47:31.571 D/dalvikvm( 2070): GC_FOR_ALLOC freed 2414K, 35% free 8171K/12404K, paused 5ms, total 5ms
02-03 10:47:31.571 D/dalvikvm( 2070): GC_FOR_ALLOC freed 2441K, 35% free 8170K/12404K, paused 3ms, total 3ms
02-03 10:47:31.581 D/dalvikvm( 2070): GC_FOR_ALLOC freed 2467K, 35% free 8168K/12404K, paused 3ms, total 3ms
02-03 10:47:31.581 D/dalvikvm( 2070): GC_FOR_ALLOC freed 2493K, 34% free 8198K/12404K, paused 3ms, total 3ms
02-03 10:47:31.591 D/dalvikvm( 2070): GC_FOR_ALLOC freed 2519K, 34% free 8196K/12404K, paused 3ms, total 3ms
02-03 10:47:31.591 D/dalvikvm( 2070): GC_FOR_ALLOC freed 2545K, 34% free 8195K/12404K, paused 3ms, total 3ms
02-03 10:47:31.601 D/dalvikvm( 2070): GC_FOR_ALLOC freed 2571K, 34% free 8193K/12404K, paused 3ms, total 3ms
02-03 10:47:31.601 D/dalvikvm( 2070): GC_FOR_ALLOC freed 2598K, 34% free 8191K/12404K, paused 3ms, total 3ms
02-03 10:47:31.611 D/dalvikvm( 2070): GC_FOR_ALLOC freed 2624K, 34% free 8189K/12404K, paused 3ms, total 3ms
02-03 10:47:31.611 D/dalvikvm( 2070): GC_FOR_ALLOC freed 2650K, 34% free 8188K/12404K, paused 3ms, total 3ms
02-03 10:47:31.621 D/dalvikvm( 2070): GC_FOR_ALLOC freed 2523K, 35% free 8110K/12404K, paused 3ms, total 3ms
02-03 10:47:31.621 D/dalvikvm( 2070): GC_FOR_ALLOC freed 2309K, 34% free 8188K/12404K, paused 4ms, total 4ms
02-03 10:47:31.631 D/dalvikvm( 2070): GC_FOR_ALLOC freed 2173K, 33% free 8345K/12404K, paused 3ms, total 3ms
02-03 10:47:31.631 D/dalvikvm( 2070): GC_FOR_ALLOC freed 2190K, 33% free 8348K/12404K, paused 3ms, total 3ms
02-03 10:47:31.641 D/dalvikvm( 2070): GC_FOR_ALLOC freed 2207K, 33% free 8351K/12404K, paused 3ms, total 3ms
02-03 10:47:31.641 D/dalvikvm( 2070): GC_FOR_ALLOC freed 2223K, 33% free 8354K/12404K, paused 3ms, total 3ms
02-03 10:47:31.651 D/dalvikvm( 2070): GC_FOR_ALLOC freed 2241K, 33% free 8357K/12404K, paused 3ms, total 3ms
02-03 10:47:31.651 D/dalvikvm( 2070): GC_FOR_ALLOC freed 2259K, 33% free 8360K/12404K, paused 4ms, total 4ms
02-03 10:47:31.661 D/dalvikvm( 2070): GC_FOR_ALLOC freed 2276K, 33% free 8363K/12404K, paused 3ms, total 3ms
02-03 10:47:31.661 D/dalvikvm( 2070): GC_FOR_ALLOC freed 2294K, 34% free 8202K/12404K, paused 4ms, total 4ms
02-03 10:47:31.671 D/dalvikvm( 2070): GC_FOR_ALLOC freed 2311K, 33% free 8369K/12404K, paused 3ms, total 3ms
02-03 10:47:31.671 D/dalvikvm( 2070): GC_FOR_ALLOC freed 2329K, 34% free 8206K/12404K, paused 3ms, total 3ms
02-03 10:47:31.681 D/dalvikvm( 2070): GC_FOR_ALLOC freed 2348K, 33% free 8376K/12404K, paused 3ms, total 4ms
02-03 10:47:31.681 D/dalvikvm( 2070): GC_FOR_ALLOC freed 2364K, 34% free 8210K/12404K, paused 3ms, total 3ms
02-03 10:47:31.681 D/dalvikvm( 2070): GC_FOR_ALLOC freed 2381K, 33% free 8382K/12404K, paused 3ms, total 3ms
02-03 10:47:31.691 D/dalvikvm( 2070): GC_FOR_ALLOC freed 2398K, 34% free 8213K/12404K, paused 3ms, total 3ms
02-03 10:47:31.691 D/dalvikvm( 2070): GC_FOR_ALLOC freed 2242K, 35% free 8129K/12404K, paused 3ms, total 3ms
02-03 10:47:31.701 D/dalvikvm( 2070): GC_FOR_ALLOC freed 1994K, 33% free 8390K/12404K, paused 4ms, total 4ms
02-03 10:47:31.701 D/dalvikvm( 2070): GC_FOR_ALLOC freed 2269K, 35% free 8132K/12404K, paused 3ms, total 3ms
02-03 10:47:31.711 D/dalvikvm( 2070): GC_FOR_ALLOC freed 2019K, 33% free 8395K/12404K, paused 4ms, total 4ms
02-03 10:47:31.711 D/dalvikvm( 2070): GC_FOR_ALLOC freed 2296K, 35% free 8134K/12404K, paused 3ms, total 3ms
02-03 10:47:31.721 D/dalvikvm( 2070): GC_FOR_ALLOC freed 2043K, 33% free 8401K/12404K, paused 3ms, total 3ms
02-03 10:47:31.721 D/dalvikvm( 2070): GC_FOR_ALLOC freed 2323K, 35% free 8136K/12404K, paused 3ms, total 3ms
02-03 10:47:31.731 D/dalvikvm( 2070): GC_FOR_ALLOC freed 2067K, 33% free 8406K/12404K, paused 3ms, total 3ms
02-03 10:47:31.731 D/dalvikvm( 2070): GC_FOR_ALLOC freed 2351K, 35% free 8138K/12404K, paused 3ms, total 3ms
02-03 10:47:31.741 D/dalvikvm( 2070): GC_FOR_ALLOC freed 2091K, 33% free 8411K/12404K, paused 4ms, total 4ms
02-03 10:47:31.741 D/dalvikvm( 2070): GC_FOR_ALLOC freed 2378K, 35% free 8140K/12404K, paused 3ms, total 3ms
02-03 10:47:31.751 D/dalvikvm( 2070): GC_FOR_ALLOC freed 2115K, 33% free 8416K/12404K, paused 3ms, total 3ms
02-03 10:47:31.751 D/dalvikvm( 2070): GC_FOR_ALLOC freed 2405K, 35% free 8142K/12404K, paused 3ms, total 3ms
02-03 10:47:31.761 D/dalvikvm( 2070): GC_FOR_ALLOC freed 2139K, 33% free 8422K/12404K, paused 3ms, total 3ms
02-03 10:47:31.761 D/dalvikvm( 2070): GC_FOR_ALLOC freed 2432K, 35% free 8144K/12404K, paused 3ms, total 3ms
02-03 10:47:31.771 D/dalvikvm( 2070): GC_FOR_ALLOC freed 2163K, 33% free 8427K/12404K, paused 3ms, total 3ms
02-03 10:47:31.771 D/dalvikvm( 2070): GC_FOR_ALLOC freed 2459K, 35% free 8146K/12404K, paused 3ms, total 3ms
02-03 10:47:31.771 D/dalvikvm( 2070): GC_FOR_ALLOC freed 2187K, 33% free 8432K/12404K, paused 3ms, total 3ms
02-03 10:47:31.781 D/dalvikvm( 2070): GC_FOR_ALLOC freed 2487K, 35% free 8148K/12404K, paused 3ms, total 3ms
02-03 10:47:31.781 D/dalvikvm( 2070): GC_FOR_ALLOC freed 2211K, 32% free 8437K/12404K, paused 3ms, total 3ms
02-03 10:47:31.791 D/dalvikvm( 2070): GC_FOR_ALLOC freed 2514K, 35% free 8150K/12404K, paused 3ms, total 3ms
02-03 10:47:31.791 D/dalvikvm( 2070): GC_FOR_ALLOC freed 2235K, 32% free 8442K/12404K, paused 3ms, total 3ms
02-03 10:47:31.801 D/dalvikvm( 2070): GC_FOR_ALLOC freed 2541K, 35% free 8152K/12404K, paused 3ms, total 3ms
02-03 10:47:31.801 D/dalvikvm( 2070): GC_FOR_ALLOC freed 2259K, 32% free 8448K/12404K, paused 3ms, total 3ms
02-03 10:47:31.811 D/dalvikvm( 2070): GC_FOR_ALLOC freed 2568K, 35% free 8155K/12404K, paused 3ms, total 3ms
02-03 10:47:31.811 D/dalvikvm( 2070): GC_FOR_ALLOC freed 2283K, 32% free 8453K/12404K, paused 3ms, total 3ms
02-03 10:47:31.821 D/dalvikvm( 2070): GC_FOR_ALLOC freed 2595K, 35% free 8157K/12404K, paused 5ms, total 5ms
02-03 10:47:31.821 D/dalvikvm( 2070): GC_FOR_ALLOC freed 2307K, 32% free 8458K/12404K, paused 3ms, total 3ms
02-03 10:47:31.831 D/dalvikvm( 2070): GC_FOR_ALLOC freed 2117K, 32% free 8460K/12404K, paused 3ms, total 3ms
02-03 10:47:31.831 D/dalvikvm( 2070): GC_FOR_ALLOC freed 2126K, 34% free 8260K/12404K, paused 3ms, total 4ms
02-03 10:47:31.841 D/dalvikvm( 2070): GC_FOR_ALLOC freed 2136K, 34% free 8261K/12404K, paused 3ms, total 3ms
02-03 10:47:31.841 D/dalvikvm( 2070): GC_FOR_ALLOC freed 2146K, 34% free 8263K/12404K, paused 3ms, total 4ms
02-03 10:47:31.851 D/dalvikvm( 2070): GC_FOR_ALLOC freed 2155K, 34% free 8264K/12404K, paused 4ms, total 4ms
02-03 10:47:31.851 D/dalvikvm( 2070): GC_FOR_ALLOC freed 2544K, 35% free 8181K/12404K, paused 3ms, total 3ms
02-03 10:47:31.861 D/dalvikvm( 2070): GC_FOR_ALLOC freed 1759K, 34% free 8291K/12404K, paused 3ms, total 3ms
02-03 10:47:31.861 D/dalvikvm( 2070): GC_FOR_ALLOC freed 1546K, 32% free 8512K/12404K, paused 3ms, total 3ms
02-03 10:47:31.871 D/dalvikvm( 2070): GC_FOR_ALLOC freed 1407K, 39% free 7658K/12404K, paused 3ms, total 3ms
02-03 10:47:31.871 I/dalvikvm-heap( 2070): Grow heap (frag case) to 8.522MB for 1048592-byte allocation
02-03 10:47:31.871 D/dalvikvm( 2070): GC_FOR_ALLOC freed 4K, 36% free 8678K/13432K, paused 2ms, total 2ms
02-03 10:47:31.871 D/dalvikvm( 2070): GC_FOR_ALLOC freed <1K, 36% free 8679K/13432K, paused 2ms, total 2ms
02-03 10:47:31.871 I/dalvikvm-heap( 2070): Grow heap (frag case) to 9.518MB for 1048592-byte allocation
02-03 10:47:31.881 D/dalvikvm( 2070): GC_FOR_ALLOC freed <1K, 33% free 9703K/14460K, paused 3ms, total 3ms
02-03 10:47:31.881 D/dalvikvm( 2070): GC_FOR_ALLOC freed <1K, 33% free 9703K/14460K, paused 3ms, total 3ms
02-03 10:47:31.881 I/dalvikvm-heap( 2070): Grow heap (frag case) to 10.518MB for 1048592-byte allocation
02-03 10:47:31.881 D/dalvikvm( 2070): GC_FOR_ALLOC freed 0K, 31% free 10727K/15488K, paused 3ms, total 3ms
02-03 10:47:32.331 D/dalvikvm( 2070): GC_CONCURRENT freed 6739K, 49% free 8043K/15488K, paused 0ms+1ms, total 18ms
02-03 10:47:32.331 D/dalvikvm( 2070): WAIT_FOR_CONCURRENT_GC blocked 16ms
02-03 10:47:32.341 D/dalvikvm( 2070): GC_CONCURRENT freed 4034K, 35% free 8086K/12388K, paused 1ms+1ms, total 4ms
02-03 10:47:32.341 D/dalvikvm( 2070): WAIT_FOR_CONCURRENT_GC blocked 4ms
02-03 10:47:32.351 D/dalvikvm( 2070): GC_FOR_ALLOC freed 3869K, 36% free 8050K/12388K, paused 4ms, total 4ms
02-03 10:47:32.361 D/dalvikvm( 2070): GC_FOR_ALLOC freed 3595K, 36% free 8025K/12388K, paused 4ms, total 4ms
02-03 10:47:32.361 D/dalvikvm( 2070): GC_FOR_ALLOC freed 3500K, 36% free 8024K/12388K, paused 3ms, total 3ms
02-03 10:47:32.371 D/dalvikvm( 2070): GC_FOR_ALLOC freed 3338K, 35% free 8111K/12388K, paused 4ms, total 4ms
02-03 10:47:32.381 D/dalvikvm( 2070): GC_FOR_ALLOC freed 3256K, 36% free 8050K/12388K, paused 4ms, total 4ms
02-03 10:47:32.381 D/dalvikvm( 2070): GC_FOR_ALLOC freed 3308K, 36% free 8046K/12388K, paused 4ms, total 4ms
02-03 10:47:32.391 D/dalvikvm( 2070): GC_FOR_ALLOC freed 3256K, 36% free 8042K/12388K, paused 3ms, total 3ms
02-03 10:47:32.391 D/dalvikvm( 2070): GC_FOR_ALLOC freed 3236K, 35% free 8156K/12388K, paused 3ms, total 3ms
02-03 10:47:32.401 D/dalvikvm( 2070): GC_FOR_ALLOC freed 3032K, 35% free 8160K/12388K, paused 4ms, total 4ms
02-03 10:47:32.411 D/dalvikvm( 2070): GC_FOR_ALLOC freed 3079K, 35% free 8072K/12388K, paused 3ms, total 4ms
02-03 10:47:32.411 D/dalvikvm( 2070): GC_FOR_ALLOC freed 3073K, 35% free 8114K/12388K, paused 3ms, total 3ms
02-03 10:47:32.421 D/dalvikvm( 2070): GC_FOR_ALLOC freed 3094K, 35% free 8114K/12388K, paused 3ms, total 3ms
02-03 10:47:32.431 D/dalvikvm( 2070): GC_FOR_ALLOC freed 2875K, 34% free 8206K/12388K, paused 3ms, total 3ms
02-03 10:47:32.431 D/dalvikvm( 2070): GC_FOR_ALLOC freed 2959K, 35% free 8114K/12388K, paused 3ms, total 3ms
02-03 10:47:32.441 D/dalvikvm( 2070): GC_FOR_ALLOC freed 2947K, 35% free 8066K/12388K, paused 3ms, total 3ms
02-03 10:47:32.441 D/dalvikvm( 2070): GC_FOR_ALLOC freed 2775K, 35% free 8065K/12388K, paused 3ms, total 3ms
02-03 10:47:32.451 D/dalvikvm( 2070): GC_FOR_ALLOC freed 2585K, 34% free 8215K/12388K, paused 4ms, total 4ms
02-03 10:47:32.451 D/dalvikvm( 2070): GC_FOR_ALLOC freed 2903K, 35% free 8145K/12388K, paused 4ms, total 4ms
02-03 10:47:32.461 D/dalvikvm( 2070): GC_FOR_ALLOC freed 2970K, 34% free 8251K/12388K, paused 4ms, total 4ms
02-03 10:47:32.471 D/dalvikvm( 2070): GC_FOR_ALLOC freed 2928K, 35% free 8090K/12388K, paused 3ms, total 3ms
02-03 10:47:32.471 D/dalvikvm( 2070): GC_FOR_ALLOC freed 2822K, 34% free 8254K/12388K, paused 4ms, total 4ms
02-03 10:47:32.481 D/dalvikvm( 2070): GC_FOR_ALLOC freed 2366K, 34% free 8255K/12388K, paused 3ms, total 3ms
02-03 10:47:32.481 D/dalvikvm( 2070): GC_FOR_ALLOC freed 2404K, 34% free 8255K/12388K, paused 3ms, total 4ms
02-03 10:47:32.491 D/dalvikvm( 2070): GC_FOR_ALLOC freed 2442K, 35% free 8139K/12388K, paused 5ms, total 5ms
02-03 10:47:32.491 D/dalvikvm( 2070): GC_FOR_ALLOC freed 2479K, 35% free 8138K/12388K, paused 3ms, total 3ms
02-03 10:47:32.501 D/dalvikvm( 2070): GC_FOR_ALLOC freed 2517K, 35% free 8168K/12388K, paused 3ms, total 3ms
02-03 10:47:32.511 D/dalvikvm( 2070): GC_FOR_ALLOC freed 2433K, 35% free 8107K/12388K, paused 3ms, total 3ms
02-03 10:47:32.511 D/dalvikvm( 2070): GC_FOR_ALLOC freed 2590K, 35% free 8105K/12388K, paused 4ms, total 4ms
02-03 10:47:32.521 D/dalvikvm( 2070): GC_FOR_ALLOC freed 2628K, 35% free 8102K/12388K, paused 4ms, total 4ms
02-03 10:47:32.521 D/dalvikvm( 2070): GC_FOR_ALLOC freed 2666K, 35% free 8100K/12388K, paused 3ms, total 3ms
02-03 10:47:32.531 D/dalvikvm( 2070): GC_FOR_ALLOC freed 2380K, 34% free 8290K/12388K, paused 3ms, total 4ms
02-03 10:47:32.531 D/dalvikvm( 2070): GC_FOR_ALLOC freed 2278K, 35% free 8160K/12388K, paused 3ms, total 3ms
02-03 10:47:32.541 D/dalvikvm( 2070): GC_FOR_ALLOC freed 2305K, 35% free 8158K/12388K, paused 4ms, total 4ms
02-03 10:47:32.541 D/dalvikvm( 2070): GC_FOR_ALLOC freed 2331K, 34% free 8188K/12388K, paused 3ms, total 3ms
02-03 10:47:32.551 D/dalvikvm( 2070): GC_FOR_ALLOC freed 2357K, 34% free 8186K/12388K, paused 3ms, total 3ms
02-03 10:47:32.551 D/dalvikvm( 2070): GC_FOR_ALLOC freed 2383K, 34% free 8185K/12388K, paused 5ms, total 5ms
02-03 10:47:32.561 D/dalvikvm( 2070): GC_FOR_ALLOC freed 2409K, 34% free 8183K/12388K, paused 3ms, total 3ms
02-03 10:47:32.561 D/dalvikvm( 2070): GC_FOR_ALLOC freed 2435K, 34% free 8181K/12388K, paused 4ms, total 4ms
02-03 10:47:32.571 D/dalvikvm( 2070): GC_FOR_ALLOC freed 2462K, 34% free 8179K/12388K, paused 5ms, total 5ms
02-03 10:47:32.581 D/dalvikvm( 2070): GC_FOR_ALLOC freed 2488K, 34% free 8178K/12388K, paused 3ms, total 3ms
02-03 10:47:32.581 D/dalvikvm( 2070): GC_FOR_ALLOC freed 2514K, 34% free 8176K/12388K, paused 4ms, total 4ms
02-03 10:47:32.591 D/dalvikvm( 2070): GC_FOR_ALLOC freed 2540K, 34% free 8206K/12388K, paused 4ms, total 4ms
02-03 10:47:32.591 D/dalvikvm( 2070): GC_FOR_ALLOC freed 2566K, 34% free 8204K/12388K, paused 3ms, total 3ms
02-03 10:47:32.601 D/dalvikvm( 2070): GC_FOR_ALLOC freed 2592K, 34% free 8203K/12388K, paused 4ms, total 4ms
02-03 10:47:32.601 D/dalvikvm( 2070): GC_FOR_ALLOC freed 2469K, 35% free 8127K/12388K, paused 3ms, total 3ms
02-03 10:47:32.611 D/dalvikvm( 2070): GC_FOR_ALLOC freed 2260K, 33% free 8354K/12388K, paused 3ms, total 3ms
02-03 10:47:32.611 D/dalvikvm( 2070): GC_FOR_ALLOC freed 2127K, 34% free 8204K/12388K, paused 3ms, total 3ms
02-03 10:47:32.621 D/dalvikvm( 2070): GC_FOR_ALLOC freed 2144K, 33% free 8360K/12388K, paused 3ms, total 3ms
02-03 10:47:32.621 D/dalvikvm( 2070): GC_FOR_ALLOC freed 2160K, 34% free 8208K/12388K, paused 3ms, total 3ms
02-03 10:47:32.631 D/dalvikvm( 2070): GC_FOR_ALLOC freed 2177K, 33% free 8365K/12388K, paused 3ms, total 3ms
02-03 10:47:32.631 D/dalvikvm( 2070): GC_FOR_ALLOC freed 2194K, 33% free 8368K/12388K, paused 3ms, total 3ms
02-03 10:47:32.641 D/dalvikvm( 2070): GC_FOR_ALLOC freed 2211K, 33% free 8371K/12388K, paused 4ms, total 4ms
02-03 10:47:32.641 D/dalvikvm( 2070): GC_FOR_ALLOC freed 2227K, 33% free 8374K/12388K, paused 3ms, total 3ms
02-03 10:47:32.651 D/dalvikvm( 2070): GC_FOR_ALLOC freed 2246K, 33% free 8378K/12388K, paused 5ms, total 5ms
02-03 10:47:32.661 D/dalvikvm( 2070): GC_FOR_ALLOC freed 2264K, 33% free 8381K/12388K, paused 3ms, total 3ms
02-03 10:47:32.661 D/dalvikvm( 2070): GC_FOR_ALLOC freed 2281K, 33% free 8384K/12388K, paused 3ms, total 3ms
02-03 10:47:32.671 D/dalvikvm( 2070): GC_FOR_ALLOC freed 2298K, 34% free 8223K/12388K, paused 3ms, total 3ms
02-03 10:47:32.671 D/dalvikvm( 2070): GC_FOR_ALLOC freed 2315K, 33% free 8390K/12388K, paused 3ms, total 3ms
02-03 10:47:32.681 D/dalvikvm( 2070): GC_FOR_ALLOC freed 2334K, 34% free 8227K/12388K, paused 4ms, total 4ms
02-03 10:47:32.681 D/dalvikvm( 2070): GC_FOR_ALLOC freed 2352K, 33% free 8397K/12388K, paused 3ms, total 3ms
02-03 10:47:32.691 D/dalvikvm( 2070): GC_FOR_ALLOC freed 2369K, 34% free 8230K/12388K, paused 3ms, total 3ms
02-03 10:47:32.691 D/dalvikvm( 2070): GC_FOR_ALLOC freed 2385K, 33% free 8403K/12388K, paused 3ms, total 3ms
02-03 10:47:32.701 D/dalvikvm( 2070): GC_FOR_ALLOC freed 2230K, 35% free 8149K/12388K, paused 3ms, total 3ms
02-03 10:47:32.701 D/dalvikvm( 2070): GC_FOR_ALLOC freed 1984K, 33% free 8408K/12388K, paused 3ms, total 3ms
02-03 10:47:32.711 D/dalvikvm( 2070): GC_FOR_ALLOC freed 2257K, 35% free 8151K/12388K, paused 3ms, total 3ms
02-03 10:47:32.711 D/dalvikvm( 2070): GC_FOR_ALLOC freed 2008K, 33% free 8413K/12388K, paused 3ms, total 3ms
02-03 10:47:32.721 D/dalvikvm( 2070): GC_FOR_ALLOC freed 2285K, 35% free 8153K/12388K, paused 3ms, total 3ms
02-03 10:47:32.721 D/dalvikvm( 2070): GC_FOR_ALLOC freed 2032K, 33% free 8418K/12388K, paused 4ms, total 4ms
02-03 10:47:32.731 D/dalvikvm( 2070): GC_FOR_ALLOC freed 2312K, 35% free 8155K/12388K, paused 4ms, total 4ms
02-03 10:47:32.731 D/dalvikvm( 2070): GC_FOR_ALLOC freed 2056K, 32% free 8424K/12388K, paused 3ms, total 3ms
02-03 10:47:32.741 D/dalvikvm( 2070): GC_FOR_ALLOC freed 2339K, 35% free 8157K/12388K, paused 4ms, total 4ms
02-03 10:47:32.751 D/dalvikvm( 2070): GC_FOR_ALLOC freed 2080K, 32% free 8429K/12388K, paused 3ms, total 3ms
02-03 10:47:32.751 D/dalvikvm( 2070): GC_FOR_ALLOC freed 2366K, 35% free 8159K/12388K, paused 3ms, total 3ms
02-03 10:47:32.761 D/dalvikvm( 2070): GC_FOR_ALLOC freed 2104K, 32% free 8434K/12388K, paused 3ms, total 3ms
02-03 10:47:32.761 D/dalvikvm( 2070): GC_FOR_ALLOC freed 2393K, 35% free 8161K/12388K, paused 4ms, total 4ms
02-03 10:47:32.771 D/dalvikvm( 2070): GC_FOR_ALLOC freed 2128K, 32% free 8439K/12388K, paused 4ms, total 4ms
02-03 10:47:32.771 D/dalvikvm( 2070): GC_FOR_ALLOC freed 2421K, 35% free 8163K/12388K, paused 4ms, total 4ms
02-03 10:47:32.781 D/dalvikvm( 2070): GC_FOR_ALLOC freed 2153K, 32% free 8444K/12388K, paused 3ms, total 3ms
02-03 10:47:32.781 D/dalvikvm( 2070): GC_FOR_ALLOC freed 2448K, 35% free 8165K/12388K, paused 3ms, total 3ms
02-03 10:47:32.791 D/dalvikvm( 2070): GC_FOR_ALLOC freed 2177K, 32% free 8450K/12388K, paused 3ms, total 3ms
02-03 10:47:32.791 D/dalvikvm( 2070): GC_FOR_ALLOC freed 2475K, 35% free 8167K/12388K, paused 3ms, total 3ms
02-03 10:47:32.801 D/dalvikvm( 2070): GC_FOR_ALLOC freed 2201K, 32% free 8455K/12388K, paused 3ms, total 4ms
02-03 10:47:32.811 D/dalvikvm( 2070): GC_FOR_ALLOC freed 2502K, 35% free 8169K/12388K, paused 5ms, total 5ms
02-03 10:47:32.811 D/dalvikvm( 2070): GC_FOR_ALLOC freed 2225K, 32% free 8460K/12388K, paused 3ms, total 3ms
02-03 10:47:32.811 D/dalvikvm( 2070): GC_FOR_ALLOC freed 2529K, 35% free 8172K/12388K, paused 3ms, total 3ms
02-03 10:47:32.821 D/dalvikvm( 2070): GC_FOR_ALLOC freed 2249K, 32% free 8465K/12388K, paused 4ms, total 4ms
02-03 10:47:32.831 D/dalvikvm( 2070): GC_FOR_ALLOC freed 2556K, 35% free 8174K/12388K, paused 4ms, total 4ms
02-03 10:47:32.831 D/dalvikvm( 2070): GC_FOR_ALLOC freed 2273K, 32% free 8471K/12388K, paused 4ms, total 4ms
02-03 10:47:32.841 D/dalvikvm( 2070): GC_FOR_ALLOC freed 2584K, 34% free 8176K/12388K, paused 3ms, total 3ms
02-03 10:47:32.851 D/dalvikvm( 2070): GC_FOR_ALLOC freed 2297K, 34% free 8276K/12388K, paused 5ms, total 6ms
02-03 10:47:32.851 D/dalvikvm( 2070): GC_FOR_ALLOC freed 2107K, 32% free 8478K/12388K, paused 4ms, total 4ms
02-03 10:47:32.861 D/dalvikvm( 2070): GC_FOR_ALLOC freed 2623K, 36% free 8179K/12592K, paused 3ms, total 4ms
02-03 10:47:32.861 D/dalvikvm( 2070): GC_FOR_ALLOC freed 2331K, 35% free 8281K/12592K, paused 3ms, total 3ms
02-03 10:47:32.871 D/dalvikvm( 2070): GC_FOR_ALLOC freed 2139K, 33% free 8486K/12592K, paused 3ms, total 3ms
02-03 10:47:32.871 D/dalvikvm( 2070): GC_FOR_ALLOC freed 2149K, 33% free 8488K/12592K, paused 3ms, total 3ms
02-03 10:47:32.881 D/dalvikvm( 2070): GC_FOR_ALLOC freed 2401K, 35% free 8289K/12592K, paused 3ms, total 3ms
02-03 10:47:32.881 D/dalvikvm( 2070): GC_FOR_ALLOC freed 2560K, 35% free 8287K/12592K, paused 3ms, total 3ms
02-03 10:47:32.891 D/dalvikvm( 2070): GC_FOR_ALLOC freed 1545K, 33% free 8508K/12592K, paused 4ms, total 4ms
02-03 10:47:32.891 D/dalvikvm( 2070): GC_FOR_ALLOC freed 2180K, 40% free 7654K/12592K, paused 3ms, total 3ms
02-03 10:47:32.901 D/dalvikvm( 2070): GC_FOR_ALLOC freed 4K, 32% free 8675K/12592K, paused 2ms, total 2ms
02-03 10:47:32.901 I/dalvikvm-heap( 2070): Grow heap (frag case) to 9.514MB for 1048592-byte allocation
02-03 10:47:32.901 D/dalvikvm( 2070): GC_FOR_ALLOC freed 4K, 29% free 9695K/13620K, paused 3ms, total 3ms
02-03 10:47:32.911 D/dalvikvm( 2070): GC_FOR_ALLOC freed <1K, 29% free 9695K/13620K, paused 2ms, total 2ms
02-03 10:47:32.911 I/dalvikvm-heap( 2070): Grow heap (frag case) to 10.510MB for 1048592-byte allocation
02-03 10:47:32.911 D/dalvikvm( 2070): GC_FOR_ALLOC freed 0K, 27% free 10719K/14648K, paused 2ms, total 2ms
02-03 10:47:36.481 D/dalvikvm( 2070): GC_CONCURRENT freed 7064K, 49% free 7714K/14856K, paused 1ms+1ms, total 19ms
02-03 10:47:36.481 D/dalvikvm( 2070): WAIT_FOR_CONCURRENT_GC blocked 17ms
02-03 10:47:36.491 D/dalvikvm( 2070): GC_CONCURRENT freed 3996K, 36% free 7807K/12044K, paused 1ms+1ms, total 4ms
02-03 10:47:36.491 D/dalvikvm( 2070): WAIT_FOR_CONCURRENT_GC blocked 3ms
02-03 10:47:36.501 D/dalvikvm( 2070): GC_FOR_ALLOC freed 3240K, 36% free 7771K/12044K, paused 4ms, total 4ms
02-03 10:47:36.501 D/dalvikvm( 2070): GC_FOR_ALLOC freed 3173K, 36% free 7788K/12044K, paused 3ms, total 3ms
02-03 10:47:36.511 D/dalvikvm( 2070): GC_FOR_ALLOC freed 3040K, 36% free 7803K/12044K, paused 2ms, total 2ms
02-03 10:47:36.511 D/dalvikvm( 2070): GC_FOR_ALLOC freed 2860K, 36% free 7738K/12044K, paused 2ms, total 2ms
02-03 10:47:36.521 D/dalvikvm( 2070): GC_FOR_ALLOC freed 2595K, 36% free 7741K/12044K, paused 2ms, total 3ms
02-03 10:47:36.521 D/dalvikvm( 2070): GC_FOR_ALLOC freed 2553K, 36% free 7745K/12044K, paused 2ms, total 2ms
02-03 10:47:36.531 D/dalvikvm( 2070): GC_FOR_ALLOC freed 2538K, 36% free 7781K/12044K, paused 2ms, total 2ms
02-03 10:47:36.531 D/dalvikvm( 2070): GC_FOR_ALLOC freed 2533K, 36% free 7752K/12044K, paused 3ms, total 3ms
02-03 10:47:36.541 D/dalvikvm( 2070): GC_FOR_ALLOC freed 2472K, 36% free 7755K/12044K, paused 3ms, total 3ms
02-03 10:47:36.541 D/dalvikvm( 2070): GC_FOR_ALLOC freed 2314K, 36% free 7757K/12044K, paused 2ms, total 2ms
02-03 10:47:36.551 D/dalvikvm( 2070): GC_FOR_ALLOC freed 2205K, 35% free 7874K/12044K, paused 2ms, total 2ms
02-03 10:47:36.551 D/dalvikvm( 2070): GC_FOR_ALLOC freed 2118K, 36% free 7762K/12044K, paused 3ms, total 3ms
02-03 10:47:36.561 D/dalvikvm( 2070): GC_FOR_ALLOC freed 2263K, 36% free 7765K/12044K, paused 2ms, total 2ms
02-03 10:47:36.561 D/dalvikvm( 2070): GC_FOR_ALLOC freed 2123K, 36% free 7808K/12044K, paused 3ms, total 3ms
02-03 10:47:36.571 D/dalvikvm( 2070): GC_FOR_ALLOC freed 2094K, 36% free 7811K/12044K, paused 3ms, total 3ms
02-03 10:47:36.571 D/dalvikvm( 2070): GC_FOR_ALLOC freed 2145K, 36% free 7815K/12044K, paused 2ms, total 2ms
02-03 10:47:36.581 D/dalvikvm( 2070): GC_FOR_ALLOC freed 2196K, 36% free 7818K/12044K, paused 2ms, total 2ms
02-03 10:47:36.581 D/dalvikvm( 2070): GC_FOR_ALLOC freed 2247K, 36% free 7821K/12044K, paused 3ms, total 3ms
02-03 10:47:36.591 D/dalvikvm( 2070): GC_FOR_ALLOC freed 2204K, 36% free 7777K/12044K, paused 3ms, total 3ms
02-03 10:47:36.591 D/dalvikvm( 2070): GC_FOR_ALLOC freed 2348K, 36% free 7779K/12044K, paused 2ms, total 2ms
02-03 10:47:36.591 D/dalvikvm( 2070): GC_FOR_ALLOC freed 2151K, 35% free 7830K/12044K, paused 2ms, total 2ms
02-03 10:47:36.601 D/dalvikvm( 2070): GC_FOR_ALLOC freed 2093K, 35% free 7933K/12044K, paused 3ms, total 3ms
02-03 10:47:36.601 D/dalvikvm( 2070): GC_FOR_ALLOC freed 2130K, 35% free 7937K/12044K, paused 3ms, total 3ms
02-03 10:47:36.611 D/dalvikvm( 2070): GC_FOR_ALLOC freed 2064K, 36% free 7786K/12044K, paused 3ms, total 3ms
02-03 10:47:36.611 D/dalvikvm( 2070): GC_FOR_ALLOC freed 1939K, 35% free 7945K/12044K, paused 2ms, total 2ms
02-03 10:47:36.621 D/dalvikvm( 2070): GC_FOR_ALLOC freed 2130K, 36% free 7790K/12044K, paused 2ms, total 2ms
02-03 10:47:36.621 D/dalvikvm( 2070): GC_FOR_ALLOC freed 2000K, 34% free 7953K/12044K, paused 2ms, total 2ms
02-03 10:47:36.621 D/dalvikvm( 2070): GC_FOR_ALLOC freed 1919K, 34% free 7957K/12044K, paused 2ms, total 2ms
02-03 10:47:36.631 D/dalvikvm( 2070): GC_FOR_ALLOC freed 1945K, 34% free 7961K/12044K, paused 2ms, total 2ms
02-03 10:47:36.631 D/dalvikvm( 2070): GC_FOR_ALLOC freed 1971K, 35% free 7852K/12044K, paused 2ms, total 2ms
02-03 10:47:36.641 D/dalvikvm( 2070): GC_FOR_ALLOC freed 1883K, 36% free 7797K/12044K, paused 2ms, total 2ms
02-03 10:47:36.641 D/dalvikvm( 2070): GC_FOR_ALLOC freed 1731K, 34% free 7971K/12044K, paused 2ms, total 2ms
02-03 10:47:36.641 D/dalvikvm( 2070): GC_FOR_ALLOC freed 1927K, 36% free 7800K/12044K, paused 3ms, total 3ms
02-03 10:47:36.651 D/dalvikvm( 2070): GC_FOR_ALLOC freed 1771K, 34% free 7978K/12044K, paused 3ms, total 3ms
02-03 10:47:36.651 D/dalvikvm( 2070): GC_FOR_ALLOC freed 1972K, 36% free 7803K/12044K, paused 3ms, total 3ms
02-03 10:47:36.661 D/dalvikvm( 2070): GC_FOR_ALLOC freed 1812K, 34% free 7985K/12044K, paused 3ms, total 3ms
02-03 10:47:36.661 D/dalvikvm( 2070): GC_FOR_ALLOC freed 2016K, 36% free 7805K/12044K, paused 3ms, total 3ms
02-03 10:47:36.671 D/dalvikvm( 2070): GC_FOR_ALLOC freed 1852K, 35% free 7868K/12044K, paused 2ms, total 2ms
02-03 10:47:36.671 D/dalvikvm( 2070): GC_FOR_ALLOC freed 1746K, 34% free 7995K/12044K, paused 2ms, total 2ms
02-03 10:47:36.671 D/dalvikvm( 2070): GC_FOR_ALLOC freed 1763K, 34% free 7998K/12044K, paused 2ms, total 2ms
02-03 10:47:36.681 D/dalvikvm( 2070): GC_FOR_ALLOC freed 1780K, 35% free 7873K/12044K, paused 3ms, total 3ms
02-03 10:47:36.681 D/dalvikvm( 2070): GC_FOR_ALLOC freed 1796K, 35% free 7875K/12044K, paused 2ms, total 2ms
02-03 10:47:36.691 D/dalvikvm( 2070): GC_FOR_ALLOC freed 1813K, 35% free 7877K/12044K, paused 2ms, total 2ms
02-03 10:47:36.691 D/dalvikvm( 2070): GC_FOR_ALLOC freed 1830K, 35% free 7879K/12044K, paused 3ms, total 3ms
02-03 10:47:36.691 D/dalvikvm( 2070): GC_FOR_ALLOC freed 1847K, 35% free 7880K/12044K, paused 2ms, total 2ms
02-03 10:47:36.701 D/dalvikvm( 2070): GC_FOR_ALLOC freed 1863K, 35% free 7882K/12044K, paused 3ms, total 3ms
02-03 10:47:36.701 D/dalvikvm( 2070): GC_FOR_ALLOC freed 1880K, 35% free 7884K/12044K, paused 3ms, total 3ms
02-03 10:47:36.701 D/dalvikvm( 2070): GC_FOR_ALLOC freed 1897K, 35% free 7886K/12044K, paused 2ms, total 2ms
02-03 10:47:36.711 D/dalvikvm( 2070): GC_FOR_ALLOC freed 1914K, 35% free 7888K/12044K, paused 2ms, total 2ms
02-03 10:47:36.711 D/dalvikvm( 2070): GC_FOR_ALLOC freed 1930K, 35% free 7889K/12044K, paused 2ms, total 2ms
02-03 10:47:36.721 D/dalvikvm( 2070): GC_FOR_ALLOC freed 1947K, 35% free 7891K/12044K, paused 2ms, total 2ms
02-03 10:47:36.721 D/dalvikvm( 2070): GC_FOR_ALLOC freed 1823K, 36% free 7823K/12044K, paused 2ms, total 2ms
02-03 10:47:36.721 D/dalvikvm( 2070): GC_FOR_ALLOC freed 1624K, 34% free 8036K/12044K, paused 2ms, total 2ms
02-03 10:47:36.731 D/dalvikvm( 2070): GC_FOR_ALLOC freed 1493K, 34% free 8038K/12044K, paused 2ms, total 2ms
02-03 10:47:36.731 D/dalvikvm( 2070): GC_FOR_ALLOC freed 1862K, 36% free 7826K/12044K, paused 2ms, total 2ms
02-03 10:47:36.731 D/dalvikvm( 2070): GC_FOR_ALLOC freed 1659K, 35% free 7899K/12044K, paused 2ms, total 2ms
02-03 10:47:36.741 D/dalvikvm( 2070): GC_FOR_ALLOC freed 1379K, 36% free 7828K/12044K, paused 2ms, total 2ms
02-03 10:47:36.741 D/dalvikvm( 2070): GC_FOR_ALLOC freed 1533K, 35% free 7829K/12044K, paused 2ms, total 2ms
02-03 10:47:36.751 D/dalvikvm( 2070): GC_FOR_ALLOC freed 1546K, 36% free 7826K/12044K, paused 4ms, total 4ms
02-03 10:47:36.751 D/dalvikvm( 2070): GC_FOR_ALLOC freed 1552K, 36% free 7827K/12044K, paused 2ms, total 2ms
02-03 10:47:36.751 D/dalvikvm( 2070): GC_FOR_ALLOC freed 1561K, 36% free 7828K/12044K, paused 2ms, total 2ms
02-03 10:47:36.761 D/dalvikvm( 2070): GC_FOR_ALLOC freed 1571K, 35% free 7829K/12044K, paused 2ms, total 2ms
02-03 10:47:36.761 D/dalvikvm( 2070): GC_FOR_ALLOC freed 1580K, 35% free 7829K/12044K, paused 3ms, total 3ms
02-03 10:47:36.761 D/dalvikvm( 2070): GC_FOR_ALLOC freed 1589K, 35% free 7830K/12044K, paused 2ms, total 2ms
02-03 10:47:36.771 D/dalvikvm( 2070): GC_FOR_ALLOC freed 1599K, 35% free 7831K/12044K, paused 2ms, total 2ms
02-03 10:47:36.771 D/dalvikvm( 2070): GC_FOR_ALLOC freed 1608K, 35% free 7832K/12044K, paused 2ms, total 2ms
02-03 10:47:36.781 D/dalvikvm( 2070): GC_FOR_ALLOC freed 1231K, 34% free 8063K/12044K, paused 2ms, total 2ms
02-03 10:47:36.781 D/dalvikvm( 2070): GC_FOR_ALLOC freed 1625K, 34% free 8065K/12200K, paused 2ms, total 2ms
02-03 10:47:36.781 D/dalvikvm( 2070): GC_FOR_ALLOC freed 1634K, 34% free 8067K/12200K, paused 2ms, total 2ms
02-03 10:47:36.791 D/dalvikvm( 2070): GC_FOR_ALLOC freed 1644K, 34% free 8070K/12200K, paused 2ms, total 2ms
02-03 10:47:36.791 D/dalvikvm( 2070): GC_FOR_ALLOC freed 1653K, 34% free 8072K/12200K, paused 3ms, total 3ms
02-03 10:47:36.791 D/dalvikvm( 2070): GC_FOR_ALLOC freed 1663K, 36% free 7916K/12200K, paused 2ms, total 2ms
02-03 10:47:36.801 D/dalvikvm( 2070): GC_FOR_ALLOC freed 1672K, 36% free 7917K/12200K, paused 3ms, total 3ms
02-03 10:47:36.801 D/dalvikvm( 2070): GC_FOR_ALLOC freed 1522K, 36% free 7839K/12200K, paused 2ms, total 2ms
02-03 10:47:36.801 D/dalvikvm( 2070): GC_FOR_ALLOC freed 1288K, 34% free 8081K/12200K, paused 2ms, total 2ms
02-03 10:47:36.811 D/dalvikvm( 2070): GC_FOR_ALLOC freed 1537K, 36% free 7841K/12200K, paused 2ms, total 2ms
02-03 10:47:36.811 D/dalvikvm( 2070): GC_FOR_ALLOC freed 1300K, 34% free 8084K/12200K, paused 3ms, total 3ms
02-03 10:47:36.821 D/dalvikvm( 2070): GC_FOR_ALLOC freed 1552K, 36% free 7842K/12200K, paused 3ms, total 3ms
02-03 10:47:36.821 D/dalvikvm( 2070): GC_FOR_ALLOC freed 1313K, 34% free 8088K/12200K, paused 3ms, total 3ms
02-03 10:47:36.821 D/dalvikvm( 2070): GC_FOR_ALLOC freed 1567K, 36% free 7844K/12200K, paused 2ms, total 2ms
02-03 10:47:36.831 D/dalvikvm( 2070): GC_FOR_ALLOC freed 1325K, 34% free 8092K/12200K, paused 4ms, total 4ms
02-03 10:47:36.831 D/dalvikvm( 2070): GC_FOR_ALLOC freed 1582K, 36% free 7845K/12200K, paused 2ms, total 2ms
02-03 10:47:36.841 D/dalvikvm( 2070): GC_FOR_ALLOC freed 1338K, 34% free 8096K/12200K, paused 2ms, total 2ms
02-03 10:47:36.841 D/dalvikvm( 2070): GC_FOR_ALLOC freed 1597K, 36% free 7847K/12200K, paused 2ms, total 2ms
02-03 10:47:36.841 D/dalvikvm( 2070): GC_FOR_ALLOC freed 1350K, 34% free 8100K/12200K, paused 2ms, total 2ms
02-03 10:47:36.851 D/dalvikvm( 2070): GC_FOR_ALLOC freed 1611K, 36% free 7848K/12200K, paused 3ms, total 3ms
02-03 10:47:36.851 D/dalvikvm( 2070): GC_FOR_ALLOC freed 1362K, 34% free 8104K/12200K, paused 2ms, total 2ms
02-03 10:47:36.861 D/dalvikvm( 2070): GC_FOR_ALLOC freed 1625K, 36% free 7850K/12200K, paused 2ms, total 2ms
02-03 10:47:36.861 D/dalvikvm( 2070): GC_FOR_ALLOC freed 1374K, 34% free 8108K/12200K, paused 3ms, total 3ms
02-03 10:47:36.861 D/dalvikvm( 2070): GC_FOR_ALLOC freed 1640K, 36% free 7851K/12200K, paused 2ms, total 2ms
02-03 10:47:36.871 D/dalvikvm( 2070): GC_FOR_ALLOC freed 1386K, 34% free 8111K/12200K, paused 2ms, total 2ms
02-03 10:47:36.871 D/dalvikvm( 2070): GC_FOR_ALLOC freed 1654K, 36% free 7853K/12200K, paused 2ms, total 2ms
02-03 10:47:36.871 D/dalvikvm( 2070): GC_FOR_ALLOC freed 1398K, 34% free 8115K/12200K, paused 3ms, total 3ms
02-03 10:47:36.881 D/dalvikvm( 2070): GC_FOR_ALLOC freed 1668K, 36% free 7854K/12200K, paused 2ms, total 2ms
02-03 10:47:36.881 D/dalvikvm( 2070): GC_FOR_ALLOC freed 1410K, 34% free 8119K/12200K, paused 3ms, total 3ms
02-03 10:47:36.881 D/dalvikvm( 2070): GC_FOR_ALLOC freed 1682K, 36% free 7856K/12200K, paused 2ms, total 2ms
02-03 10:47:36.891 D/dalvikvm( 2070): GC_FOR_ALLOC freed 1422K, 35% free 7945K/12200K, paused 3ms, total 3ms
02-03 10:47:36.891 D/dalvikvm( 2070): GC_FOR_ALLOC freed 1249K, 35% free 7946K/12200K, paused 2ms, total 2ms
02-03 10:47:36.901 D/dalvikvm( 2070): GC_FOR_ALLOC freed 1253K, 34% free 8126K/12200K, paused 3ms, total 3ms
02-03 10:47:36.901 D/dalvikvm( 2070): GC_FOR_ALLOC freed 1708K, 36% free 7859K/12200K, paused 3ms, total 3ms
02-03 10:47:36.901 D/dalvikvm( 2070): GC_FOR_ALLOC freed 1443K, 35% free 7949K/12200K, paused 2ms, total 2ms
02-03 10:47:36.911 D/dalvikvm( 2070): GC_FOR_ALLOC freed 1268K, 35% free 7950K/12200K, paused 3ms, total 3ms
02-03 10:47:36.911 D/dalvikvm( 2070): GC_FOR_ALLOC freed 1272K, 34% free 8132K/12200K, paused 3ms, total 3ms
02-03 10:47:36.921 D/dalvikvm( 2070): GC_FOR_ALLOC freed 1733K, 36% free 7861K/12200K, paused 2ms, total 2ms
02-03 10:47:36.921 D/dalvikvm( 2070): GC_FOR_ALLOC freed 1465K, 35% free 7953K/12200K, paused 2ms, total 2ms
02-03 10:47:36.921 D/dalvikvm( 2070): GC_FOR_ALLOC freed 1287K, 35% free 7954K/12200K, paused 2ms, total 3ms
02-03 10:47:36.931 D/dalvikvm( 2070): GC_FOR_ALLOC freed 1291K, 34% free 8139K/12200K, paused 2ms, total 2ms
02-03 10:47:36.931 D/dalvikvm( 2070): GC_FOR_ALLOC freed 1759K, 36% free 7864K/12200K, paused 2ms, total 2ms
02-03 10:47:36.931 D/dalvikvm( 2070): GC_FOR_ALLOC freed 1486K, 35% free 7957K/12200K, paused 3ms, total 3ms
02-03 10:47:36.941 D/dalvikvm( 2070): GC_FOR_ALLOC freed 1305K, 35% free 7958K/12200K, paused 2ms, total 2ms
02-03 10:47:36.941 D/dalvikvm( 2070): GC_FOR_ALLOC freed 1310K, 34% free 8146K/12200K, paused 3ms, total 3ms
02-03 10:47:36.941 D/dalvikvm( 2070): GC_FOR_ALLOC freed 1784K, 36% free 7867K/12200K, paused 2ms, total 2ms
02-03 10:47:36.951 D/dalvikvm( 2070): GC_FOR_ALLOC freed 1508K, 35% free 7961K/12200K, paused 2ms, total 2ms
02-03 10:47:36.951 D/dalvikvm( 2070): GC_FOR_ALLOC freed 1324K, 35% free 7962K/12200K, paused 3ms, total 3ms
02-03 10:47:36.961 D/dalvikvm( 2070): GC_FOR_ALLOC freed 1328K, 34% free 8152K/12200K, paused 3ms, total 3ms
02-03 10:47:36.961 D/dalvikvm( 2070): GC_FOR_ALLOC freed 1810K, 36% free 7869K/12200K, paused 2ms, total 2ms
02-03 10:47:36.961 D/dalvikvm( 2070): GC_FOR_ALLOC freed 1529K, 35% free 7965K/12200K, paused 2ms, total 2ms
02-03 10:47:36.971 D/dalvikvm( 2070): GC_FOR_ALLOC freed 1343K, 35% free 7966K/12200K, paused 2ms, total 2ms
02-03 10:47:36.971 D/dalvikvm( 2070): GC_FOR_ALLOC freed 1347K, 34% free 8159K/12200K, paused 2ms, total 2ms
02-03 10:47:36.971 D/dalvikvm( 2070): GC_FOR_ALLOC freed 1836K, 36% free 7872K/12200K, paused 2ms, total 2ms
02-03 10:47:36.981 D/dalvikvm( 2070): GC_FOR_ALLOC freed 1551K, 35% free 7969K/12200K, paused 2ms, total 2ms
02-03 10:47:36.981 D/dalvikvm( 2070): GC_FOR_ALLOC freed 1362K, 35% free 7970K/12200K, paused 3ms, total 3ms
02-03 10:47:36.991 D/dalvikvm( 2070): GC_FOR_ALLOC freed 1366K, 34% free 8166K/12200K, paused 2ms, total 2ms
02-03 10:47:36.991 D/dalvikvm( 2070): GC_FOR_ALLOC freed 1861K, 36% free 7875K/12200K, paused 2ms, total 3ms
02-03 10:47:36.991 D/dalvikvm( 2070): GC_FOR_ALLOC freed 1376K, 36% free 7875K/12200K, paused 2ms, total 2ms
02-03 10:47:37.001 D/dalvikvm( 2070): GC_FOR_ALLOC freed 1577K, 35% free 7974K/12200K, paused 3ms, total 3ms
02-03 10:47:37.001 D/dalvikvm( 2070): GC_FOR_ALLOC freed 1385K, 35% free 7975K/12200K, paused 2ms, total 2ms
02-03 10:47:37.011 D/dalvikvm( 2070): GC_FOR_ALLOC freed 1389K, 35% free 7976K/12200K, paused 2ms, total 2ms
02-03 10:47:37.011 D/dalvikvm( 2070): GC_FOR_ALLOC freed 1393K, 35% free 7977K/12200K, paused 2ms, total 2ms
02-03 10:47:37.011 D/dalvikvm( 2070): GC_FOR_ALLOC freed 1397K, 35% free 7978K/12200K, paused 2ms, total 2ms
02-03 10:47:37.021 D/dalvikvm( 2070): GC_FOR_ALLOC freed 1402K, 35% free 7978K/12200K, paused 2ms, total 2ms
02-03 10:47:37.021 D/dalvikvm( 2070): GC_FOR_ALLOC freed 1406K, 35% free 7979K/12200K, paused 2ms, total 2ms
02-03 10:47:37.021 D/dalvikvm( 2070): GC_FOR_ALLOC freed 1410K, 35% free 7980K/12200K, paused 3ms, total 3ms
02-03 10:47:37.031 D/dalvikvm( 2070): GC_FOR_ALLOC freed 1212K, 36% free 7881K/12200K, paused 3ms, total 3ms
02-03 10:47:37.031 D/dalvikvm( 2070): GC_FOR_ALLOC freed 1418K, 36% free 7881K/12200K, paused 2ms, total 2ms
02-03 10:47:37.031 D/dalvikvm( 2070): GC_FOR_ALLOC freed 1422K, 36% free 7882K/12200K, paused 2ms, total 2ms
02-03 10:47:37.041 D/dalvikvm( 2070): GC_FOR_ALLOC freed 1426K, 36% free 7883K/12200K, paused 3ms, total 3ms
02-03 10:47:37.041 D/dalvikvm( 2070): GC_FOR_ALLOC freed 1431K, 36% free 7883K/12200K, paused 2ms, total 2ms
02-03 10:47:37.051 D/dalvikvm( 2070): GC_FOR_ALLOC freed 1435K, 36% free 7884K/12200K, paused 3ms, total 3ms
02-03 10:47:37.051 D/dalvikvm( 2070): GC_FOR_ALLOC freed 1439K, 36% free 7884K/12200K, paused 2ms, total 2ms
02-03 10:47:37.051 D/dalvikvm( 2070): GC_FOR_ALLOC freed 1560K, 36% free 7883K/12200K, paused 2ms, total 2ms
02-03 10:47:37.061 D/dalvikvm( 2070): GC_FOR_ALLOC freed 1398K, 33% free 8212K/12200K, paused 3ms, total 3ms
02-03 10:47:37.061 D/dalvikvm( 2070): GC_FOR_ALLOC freed 1319K, 36% free 7887K/12200K, paused 2ms, total 2ms
02-03 10:47:37.071 D/dalvikvm( 2070): GC_FOR_ALLOC freed 995K, 33% free 8219K/12200K, paused 2ms, total 3ms
02-03 10:47:37.071 D/dalvikvm( 2070): GC_FOR_ALLOC freed 1327K, 36% free 7887K/12200K, paused 3ms, total 3ms
02-03 10:47:37.071 W/System.err( 2070): java.lang.ArrayIndexOutOfBoundsException: length=113269; index=-32768
02-03 10:47:37.071 W/System.err( 2070): 	at com.googlehelp.service.l.a(Unknown Source)
02-03 10:47:37.071 W/System.err( 2070): 	at com.googlehelp.service.l.a(Unknown Source)
02-03 10:47:37.071 W/System.err( 2070): 	at com.googlehelp.service.l.a(Unknown Source)
02-03 10:47:37.071 W/System.err( 2070): 	at com.googlehelp.service.h.a(Unknown Source)
02-03 10:47:37.071 W/System.err( 2070): 	at com.googlehelp.service.h.run(Unknown Source)
02-03 10:47:37.071 W/System.err( 2070): 	at java.util.Timer$TimerImpl.run(Timer.java:284)
02-03 10:47:37.151 D/dalvikvm( 2070): GC_CONCURRENT freed 3893K, 34% free 8076K/12200K, paused 1ms+1ms, total 5ms
02-03 10:47:37.151 D/dalvikvm( 2070): WAIT_FOR_CONCURRENT_GC blocked 4ms
02-03 10:47:37.161 D/dalvikvm( 2070): GC_FOR_ALLOC freed 3668K, 35% free 8023K/12200K, paused 4ms, total 4ms
02-03 10:47:37.171 D/dalvikvm( 2070): GC_FOR_ALLOC freed 3408K, 35% free 8024K/12200K, paused 4ms, total 4ms
02-03 10:47:37.181 D/dalvikvm( 2070): GC_FOR_ALLOC freed 3300K, 35% free 8044K/12200K, paused 3ms, total 3ms
02-03 10:47:37.181 D/dalvikvm( 2070): GC_FOR_ALLOC freed 3195K, 34% free 8057K/12200K, paused 4ms, total 4ms
02-03 10:47:37.191 D/dalvikvm( 2070): GC_FOR_ALLOC freed 2753K, 34% free 8143K/12200K, paused 3ms, total 4ms
02-03 10:47:37.201 D/dalvikvm( 2070): GC_FOR_ALLOC freed 2913K, 34% free 8149K/12264K, paused 3ms, total 3ms
02-03 10:47:37.201 D/dalvikvm( 2070): GC_FOR_ALLOC freed 2824K, 35% free 8058K/12264K, paused 3ms, total 3ms
02-03 10:47:37.211 D/dalvikvm( 2070): GC_FOR_ALLOC freed 2816K, 35% free 8062K/12264K, paused 3ms, total 3ms
02-03 10:47:37.211 D/dalvikvm( 2070): GC_FOR_ALLOC freed 2714K, 35% free 8065K/12264K, paused 4ms, total 4ms
02-03 10:47:37.221 D/dalvikvm( 2070): GC_FOR_ALLOC freed 2577K, 35% free 8068K/12264K, paused 3ms, total 3ms
02-03 10:47:37.221 D/dalvikvm( 2070): GC_FOR_ALLOC freed 2408K, 35% free 8071K/12264K, paused 3ms, total 3ms
02-03 10:47:37.231 D/dalvikvm( 2070): GC_FOR_ALLOC freed 2573K, 34% free 8113K/12264K, paused 3ms, total 3ms
02-03 10:47:37.241 D/dalvikvm( 2070): GC_FOR_ALLOC freed 2501K, 35% free 8076K/12264K, paused 3ms, total 3ms
02-03 10:47:37.241 D/dalvikvm( 2070): GC_FOR_ALLOC freed 2455K, 34% free 8121K/12264K, paused 3ms, total 3ms
02-03 10:47:37.251 D/dalvikvm( 2070): GC_FOR_ALLOC freed 2439K, 34% free 8212K/12264K, paused 4ms, total 4ms
02-03 10:47:37.251 D/dalvikvm( 2070): GC_FOR_ALLOC freed 2506K, 34% free 8218K/12356K, paused 3ms, total 3ms
02-03 10:47:37.261 D/dalvikvm( 2070): GC_FOR_ALLOC freed 2573K, 35% free 8132K/12356K, paused 3ms, total 4ms
02-03 10:47:37.261 D/dalvikvm( 2070): GC_FOR_ALLOC freed 2306K, 34% free 8229K/12356K, paused 4ms, total 4ms
02-03 10:47:37.271 D/dalvikvm( 2070): GC_FOR_ALLOC freed 2601K, 35% free 8090K/12356K, paused 3ms, total 3ms
02-03 10:47:37.281 D/dalvikvm( 2070): GC_FOR_ALLOC freed 2513K, 35% free 8141K/12356K, paused 3ms, total 4ms
02-03 10:47:37.281 D/dalvikvm( 2070): GC_FOR_ALLOC freed 2467K, 35% free 8145K/12356K, paused 4ms, total 4ms
02-03 10:47:37.291 D/dalvikvm( 2070): GC_FOR_ALLOC freed 2415K, 35% free 8097K/12356K, paused 3ms, total 3ms
02-03 10:47:37.291 D/dalvikvm( 2070): GC_FOR_ALLOC freed 2567K, 35% free 8099K/12356K, paused 3ms, total 3ms
02-03 10:47:37.301 D/dalvikvm( 2070): GC_FOR_ALLOC freed 2619K, 35% free 8101K/12356K, paused 4ms, total 4ms
02-03 10:47:37.301 D/dalvikvm( 2070): GC_FOR_ALLOC freed 2395K, 34% free 8266K/12356K, paused 3ms, total 3ms
02-03 10:47:37.311 D/dalvikvm( 2070): GC_FOR_ALLOC freed 2325K, 34% free 8271K/12356K, paused 3ms, total 3ms
02-03 10:47:37.311 D/dalvikvm( 2070): GC_FOR_ALLOC freed 2249K, 35% free 8106K/12356K, paused 3ms, total 4ms
02-03 10:47:37.321 D/dalvikvm( 2070): GC_FOR_ALLOC freed 2398K, 35% free 8108K/12356K, paused 4ms, total 4ms
02-03 10:47:37.321 D/dalvikvm( 2070): GC_FOR_ALLOC freed 2143K, 33% free 8283K/12356K, paused 3ms, total 3ms
02-03 10:47:37.331 D/dalvikvm( 2070): GC_FOR_ALLOC freed 2055K, 33% free 8287K/12356K, paused 4ms, total 4ms
02-03 10:47:37.341 D/dalvikvm( 2070): GC_FOR_ALLOC freed 2081K, 33% free 8291K/12356K, paused 3ms, total 3ms
02-03 10:47:37.341 D/dalvikvm( 2070): GC_FOR_ALLOC freed 2107K, 33% free 8294K/12356K, paused 3ms, total 3ms
02-03 10:47:37.351 D/dalvikvm( 2070): GC_FOR_ALLOC freed 2133K, 33% free 8298K/12356K, paused 3ms, total 3ms
02-03 10:47:37.351 D/dalvikvm( 2070): GC_FOR_ALLOC freed 2159K, 33% free 8302K/12356K, paused 4ms, total 4ms
02-03 10:47:37.361 D/dalvikvm( 2070): GC_FOR_ALLOC freed 2186K, 34% free 8180K/12356K, paused 3ms, total 3ms
02-03 10:47:37.361 D/dalvikvm( 2070): GC_FOR_ALLOC freed 2212K, 34% free 8183K/12356K, paused 3ms, total 3ms
02-03 10:47:37.371 D/dalvikvm( 2070): GC_FOR_ALLOC freed 2110K, 35% free 8121K/12356K, paused 3ms, total 3ms
02-03 10:47:37.371 D/dalvikvm( 2070): GC_FOR_ALLOC freed 2263K, 35% free 8123K/12356K, paused 3ms, total 3ms
02-03 10:47:37.381 D/dalvikvm( 2070): GC_FOR_ALLOC freed 2289K, 35% free 8124K/12356K, paused 3ms, total 3ms
02-03 10:47:37.381 D/dalvikvm( 2070): GC_FOR_ALLOC freed 2315K, 35% free 8126K/12356K, paused 3ms, total 4ms
02-03 10:47:37.391 D/dalvikvm( 2070): GC_FOR_ALLOC freed 2341K, 35% free 8127K/12356K, paused 3ms, total 3ms
02-03 10:47:37.391 D/dalvikvm( 2070): GC_FOR_ALLOC freed 2027K, 33% free 8331K/12356K, paused 3ms, total 3ms
02-03 10:47:37.401 D/dalvikvm( 2070): GC_FOR_ALLOC freed 2253K, 35% free 8130K/12356K, paused 3ms, total 3ms
02-03 10:47:37.401 D/dalvikvm( 2070): GC_FOR_ALLOC freed 2414K, 35% free 8132K/12356K, paused 3ms, total 3ms
02-03 10:47:37.411 D/dalvikvm( 2070): GC_FOR_ALLOC freed 2090K, 33% free 8341K/12356K, paused 3ms, total 3ms
02-03 10:47:37.411 D/dalvikvm( 2070): GC_FOR_ALLOC freed 1968K, 33% free 8344K/12356K, paused 4ms, total 4ms
02-03 10:47:37.421 D/dalvikvm( 2070): GC_FOR_ALLOC freed 1985K, 34% free 8206K/12356K, paused 4ms, total 4ms
02-03 10:47:37.421 D/dalvikvm( 2070): GC_FOR_ALLOC freed 2001K, 33% free 8350K/12356K, paused 4ms, total 4ms
02-03 10:47:37.431 D/dalvikvm( 2070): GC_FOR_ALLOC freed 2018K, 33% free 8353K/12356K, paused 3ms, total 3ms
02-03 10:47:37.431 D/dalvikvm( 2070): GC_FOR_ALLOC freed 1889K, 35% free 8139K/12356K, paused 3ms, total 3ms
02-03 10:47:37.441 D/dalvikvm( 2070): GC_FOR_ALLOC freed 2050K, 35% free 8140K/12356K, paused 3ms, total 4ms
02-03 10:47:37.441 D/dalvikvm( 2070): GC_FOR_ALLOC freed 2067K, 35% free 8141K/12356K, paused 3ms, total 3ms
02-03 10:47:37.451 D/dalvikvm( 2070): GC_FOR_ALLOC freed 1710K, 33% free 8365K/12356K, paused 4ms, total 4ms
02-03 10:47:37.451 D/dalvikvm( 2070): GC_FOR_ALLOC freed 1948K, 35% free 8143K/12508K, paused 3ms, total 4ms
02-03 10:47:37.461 D/dalvikvm( 2070): GC_FOR_ALLOC freed 2113K, 35% free 8144K/12508K, paused 3ms, total 3ms
02-03 10:47:37.461 D/dalvikvm( 2070): GC_FOR_ALLOC freed 2130K, 35% free 8146K/12508K, paused 3ms, total 3ms
02-03 10:47:37.471 D/dalvikvm( 2070): GC_FOR_ALLOC freed 2147K, 35% free 8147K/12508K, paused 3ms, total 3ms
02-03 10:47:37.471 D/dalvikvm( 2070): GC_FOR_ALLOC freed 2163K, 35% free 8148K/12508K, paused 3ms, total 3ms
02-03 10:47:37.481 D/dalvikvm( 2070): GC_FOR_ALLOC freed 2180K, 35% free 8149K/12508K, paused 3ms, total 3ms
02-03 10:47:37.481 D/dalvikvm( 2070): GC_FOR_ALLOC freed 1803K, 33% free 8385K/12508K, paused 4ms, total 4ms
02-03 10:47:37.491 D/dalvikvm( 2070): GC_FOR_ALLOC freed 1656K, 33% free 8387K/12508K, paused 3ms, total 3ms
02-03 10:47:37.491 D/dalvikvm( 2070): GC_FOR_ALLOC freed 2223K, 35% free 8231K/12508K, paused 3ms, total 3ms
02-03 10:47:37.501 D/dalvikvm( 2070): GC_FOR_ALLOC freed 2241K, 35% free 8233K/12508K, paused 5ms, total 5ms
02-03 10:47:37.501 D/dalvikvm( 2070): GC_FOR_ALLOC freed 2098K, 35% free 8155K/12508K, paused 3ms, total 3ms
02-03 10:47:37.511 D/dalvikvm( 2070): GC_FOR_ALLOC freed 1867K, 33% free 8399K/12508K, paused 3ms, total 3ms
02-03 10:47:37.511 D/dalvikvm( 2070): GC_FOR_ALLOC freed 1715K, 33% free 8401K/12508K, paused 3ms, total 3ms
02-03 10:47:37.521 D/dalvikvm( 2070): GC_FOR_ALLOC freed 1725K, 35% free 8239K/12508K, paused 3ms, total 3ms
02-03 10:47:37.521 D/dalvikvm( 2070): GC_FOR_ALLOC freed 1735K, 35% free 8241K/12508K, paused 3ms, total 3ms
02-03 10:47:37.531 D/dalvikvm( 2070): GC_FOR_ALLOC freed 1745K, 33% free 8408K/12508K, paused 4ms, total 4ms
02-03 10:47:37.531 D/dalvikvm( 2070): GC_FOR_ALLOC freed 1756K, 35% free 8244K/12508K, paused 3ms, total 3ms
02-03 10:47:37.541 D/dalvikvm( 2070): GC_FOR_ALLOC freed 1765K, 33% free 8413K/12508K, paused 3ms, total 3ms
02-03 10:47:37.541 D/dalvikvm( 2070): GC_FOR_ALLOC freed 1775K, 35% free 8246K/12508K, paused 3ms, total 3ms
02-03 10:47:37.541 D/dalvikvm( 2070): GC_FOR_ALLOC freed 1784K, 33% free 8418K/12508K, paused 3ms, total 3ms
02-03 10:47:37.551 D/dalvikvm( 2070): GC_FOR_ALLOC freed 1623K, 35% free 8164K/12508K, paused 3ms, total 3ms
02-03 10:47:37.561 D/dalvikvm( 2070): GC_FOR_ALLOC freed 1802K, 35% free 8165K/12508K, paused 4ms, total 4ms
02-03 10:47:37.561 D/dalvikvm( 2070): GC_FOR_ALLOC freed 1811K, 35% free 8166K/12508K, paused 3ms, total 3ms
02-03 10:47:37.571 D/dalvikvm( 2070): GC_FOR_ALLOC freed 1821K, 35% free 8167K/12508K, paused 4ms, total 4ms
02-03 10:47:37.571 D/dalvikvm( 2070): GC_FOR_ALLOC freed 1830K, 35% free 8168K/12508K, paused 3ms, total 3ms
02-03 10:47:37.581 D/dalvikvm( 2070): GC_FOR_ALLOC freed 1840K, 35% free 8168K/12508K, paused 4ms, total 4ms
02-03 10:47:37.581 D/dalvikvm( 2070): GC_FOR_ALLOC freed 1849K, 35% free 8169K/12508K, paused 5ms, total 5ms
02-03 10:47:37.591 D/dalvikvm( 2070): GC_FOR_ALLOC freed 1859K, 35% free 8170K/12508K, paused 3ms, total 3ms
02-03 10:47:37.591 D/dalvikvm( 2070): GC_FOR_ALLOC freed 1868K, 35% free 8171K/12508K, paused 3ms, total 3ms
02-03 10:47:37.601 D/dalvikvm( 2070): GC_FOR_ALLOC freed 1877K, 35% free 8172K/12508K, paused 4ms, total 4ms
02-03 10:47:37.601 D/dalvikvm( 2070): GC_FOR_ALLOC freed 1887K, 35% free 8173K/12508K, paused 3ms, total 3ms
02-03 10:47:37.611 D/dalvikvm( 2070): GC_FOR_ALLOC freed 1896K, 35% free 8174K/12508K, paused 4ms, total 4ms
02-03 10:47:37.611 D/dalvikvm( 2070): GC_FOR_ALLOC freed 1906K, 35% free 8175K/12508K, paused 3ms, total 3ms
02-03 10:47:37.621 D/dalvikvm( 2070): GC_FOR_ALLOC freed 1915K, 35% free 8176K/12508K, paused 3ms, total 3ms
02-03 10:47:37.621 D/dalvikvm( 2070): GC_FOR_ALLOC freed 1924K, 35% free 8177K/12508K, paused 3ms, total 3ms
02-03 10:47:37.631 D/dalvikvm( 2070): GC_FOR_ALLOC freed 1934K, 35% free 8177K/12508K, paused 3ms, total 3ms
02-03 10:47:37.631 D/dalvikvm( 2070): GC_FOR_ALLOC freed 1943K, 35% free 8178K/12508K, paused 4ms, total 4ms
02-03 10:47:37.631 D/dalvikvm( 2070): GC_FOR_ALLOC freed 1486K, 33% free 8457K/12508K, paused 3ms, total 3ms
02-03 10:47:37.641 D/dalvikvm( 2070): GC_FOR_ALLOC freed 1305K, 33% free 8459K/12508K, paused 3ms, total 3ms
02-03 10:47:37.641 D/dalvikvm( 2070): GC_FOR_ALLOC freed 1966K, 34% free 8274K/12508K, paused 3ms, total 3ms
02-03 10:47:37.651 D/dalvikvm( 2070): GC_FOR_ALLOC freed 1787K, 35% free 8181K/12508K, paused 4ms, total 4ms
02-03 10:47:37.651 D/dalvikvm( 2070): GC_FOR_ALLOC freed 1510K, 33% free 8465K/12508K, paused 4ms, total 4ms
02-03 10:47:37.661 D/dalvikvm( 2070): GC_FOR_ALLOC freed 1801K, 35% free 8183K/12508K, paused 3ms, total 3ms
02-03 10:47:37.661 D/dalvikvm( 2070): GC_FOR_ALLOC freed 1522K, 33% free 8468K/12508K, paused 4ms, total 4ms
02-03 10:47:37.671 D/dalvikvm( 2070): GC_FOR_ALLOC freed 1816K, 35% free 8184K/12508K, paused 3ms, total 3ms
02-03 10:47:37.671 D/dalvikvm( 2070): GC_FOR_ALLOC freed 1534K, 33% free 8472K/12508K, paused 3ms, total 3ms
02-03 10:47:37.681 D/dalvikvm( 2070): GC_FOR_ALLOC freed 1830K, 35% free 8186K/12508K, paused 3ms, total 3ms
02-03 10:47:37.681 D/dalvikvm( 2070): GC_FOR_ALLOC freed 1546K, 33% free 8476K/12508K, paused 3ms, total 3ms
02-03 10:47:37.691 D/dalvikvm( 2070): GC_FOR_ALLOC freed 1844K, 35% free 8187K/12508K, paused 3ms, total 3ms
02-03 10:47:37.691 D/dalvikvm( 2070): GC_FOR_ALLOC freed 1558K, 33% free 8480K/12508K, paused 4ms, total 4ms
02-03 10:47:37.701 D/dalvikvm( 2070): GC_FOR_ALLOC freed 1858K, 35% free 8189K/12508K, paused 3ms, total 3ms
02-03 10:47:37.701 D/dalvikvm( 2070): GC_FOR_ALLOC freed 1570K, 33% free 8483K/12508K, paused 3ms, total 3ms
02-03 10:47:37.711 D/dalvikvm( 2070): GC_FOR_ALLOC freed 1872K, 35% free 8190K/12508K, paused 3ms, total 3ms
02-03 10:47:37.711 D/dalvikvm( 2070): GC_FOR_ALLOC freed 1582K, 34% free 8289K/12508K, paused 3ms, total 3ms
02-03 10:47:37.711 D/dalvikvm( 2070): GC_FOR_ALLOC freed 1887K, 35% free 8192K/12508K, paused 3ms, total 3ms
02-03 10:47:37.721 D/dalvikvm( 2070): GC_FOR_ALLOC freed 1594K, 33% free 8491K/12508K, paused 3ms, total 3ms
02-03 10:47:37.721 D/dalvikvm( 2070): GC_FOR_ALLOC freed 1901K, 35% free 8193K/12508K, paused 4ms, total 4ms
02-03 10:47:37.731 D/dalvikvm( 2070): GC_FOR_ALLOC freed 1606K, 34% free 8294K/12508K, paused 3ms, total 3ms
02-03 10:47:37.731 D/dalvikvm( 2070): GC_FOR_ALLOC freed 1915K, 35% free 8195K/12508K, paused 4ms, total 4ms
02-03 10:47:37.741 D/dalvikvm( 2070): GC_FOR_ALLOC freed 1618K, 33% free 8498K/12508K, paused 3ms, total 3ms
02-03 10:47:37.741 D/dalvikvm( 2070): GC_FOR_ALLOC freed 1929K, 35% free 8196K/12508K, paused 3ms, total 3ms
02-03 10:47:37.751 D/dalvikvm( 2070): GC_FOR_ALLOC freed 1630K, 34% free 8298K/12508K, paused 5ms, total 5ms
02-03 10:47:37.751 D/dalvikvm( 2070): GC_FOR_ALLOC freed 1944K, 35% free 8198K/12508K, paused 3ms, total 3ms
02-03 10:47:37.761 D/dalvikvm( 2070): GC_FOR_ALLOC freed 1643K, 34% free 8301K/12508K, paused 4ms, total 4ms
02-03 10:47:37.761 D/dalvikvm( 2070): GC_FOR_ALLOC freed 1470K, 35% free 8199K/12508K, paused 3ms, total 3ms
02-03 10:47:37.771 D/dalvikvm( 2070): GC_FOR_ALLOC freed 2007K, 32% free 8522K/12508K, paused 4ms, total 4ms
02-03 10:47:37.771 D/dalvikvm( 2070): GC_FOR_ALLOC freed 1540K, 34% free 8308K/12508K, paused 3ms, total 3ms
02-03 10:47:37.781 D/dalvikvm( 2070): GC_FOR_ALLOC freed 1548K, 32% free 8529K/12508K, paused 3ms, total 3ms
02-03 10:47:37.781 D/dalvikvm( 2070): GC_FOR_ALLOC freed 1412K, 39% free 7671K/12508K, paused 3ms, total 3ms
02-03 10:47:37.781 I/dalvikvm-heap( 2070): Grow heap (frag case) to 8.534MB for 1048592-byte allocation
02-03 10:47:37.791 D/dalvikvm( 2070): GC_FOR_ALLOC freed 4K, 36% free 8691K/13536K, paused 3ms, total 3ms
02-03 10:47:37.791 D/dalvikvm( 2070): GC_FOR_ALLOC freed <1K, 36% free 8691K/13536K, paused 2ms, total 2ms
02-03 10:47:37.791 I/dalvikvm-heap( 2070): Grow heap (frag case) to 9.531MB for 1048592-byte allocation
02-03 10:47:37.791 D/dalvikvm( 2070): GC_FOR_ALLOC freed <1K, 34% free 9715K/14564K, paused 3ms, total 3ms
02-03 10:47:37.801 D/dalvikvm( 2070): GC_FOR_ALLOC freed <1K, 34% free 9715K/14564K, paused 2ms, total 2ms
02-03 10:47:37.801 I/dalvikvm-heap( 2070): Grow heap (frag case) to 10.530MB for 1048592-byte allocation
02-03 10:47:37.801 D/dalvikvm( 2070): GC_FOR_ALLOC freed 0K, 32% free 10739K/15592K, paused 3ms, total 3ms
02-03 10:47:37.881 D/dalvikvm( 2070): GC_CONCURRENT freed 6772K, 49% free 7995K/15592K, paused 1ms+1ms, total 16ms
02-03 10:47:37.881 D/dalvikvm( 2070): WAIT_FOR_CONCURRENT_GC blocked 16ms
02-03 10:47:37.881 D/dalvikvm( 2070): GC_CONCURRENT freed 4018K, 36% free 8054K/12548K, paused 1ms+1ms, total 4ms
02-03 10:47:37.881 D/dalvikvm( 2070): WAIT_FOR_CONCURRENT_GC blocked 3ms
02-03 10:47:37.891 D/dalvikvm( 2070): GC_FOR_ALLOC freed 3735K, 36% free 8047K/12548K, paused 4ms, total 4ms
02-03 10:47:37.901 D/dalvikvm( 2070): GC_FOR_ALLOC freed 3619K, 36% free 8052K/12548K, paused 5ms, total 5ms
02-03 10:47:37.911 D/dalvikvm( 2070): GC_FOR_ALLOC freed 3426K, 37% free 7980K/12548K, paused 3ms, total 3ms
02-03 10:47:37.911 D/dalvikvm( 2070): GC_FOR_ALLOC freed 3110K, 36% free 8066K/12548K, paused 3ms, total 3ms
02-03 10:47:37.921 D/dalvikvm( 2070): GC_FOR_ALLOC freed 3063K, 36% free 8101K/12548K, paused 3ms, total 3ms
02-03 10:47:37.931 D/dalvikvm( 2070): GC_FOR_ALLOC freed 3029K, 36% free 8102K/12548K, paused 3ms, total 3ms
02-03 10:47:37.931 D/dalvikvm( 2070): GC_FOR_ALLOC freed 2949K, 36% free 8107K/12548K, paused 3ms, total 3ms
02-03 10:47:37.941 D/dalvikvm( 2070): GC_FOR_ALLOC freed 2836K, 36% free 8037K/12548K, paused 4ms, total 4ms
02-03 10:47:37.941 D/dalvikvm( 2070): GC_FOR_ALLOC freed 2688K, 36% free 8115K/12548K, paused 3ms, total 3ms
02-03 10:47:37.951 D/dalvikvm( 2070): GC_FOR_ALLOC freed 2712K, 37% free 7998K/12548K, paused 4ms, total 4ms
02-03 10:47:37.961 D/dalvikvm( 2070): GC_FOR_ALLOC freed 2900K, 37% free 8029K/12548K, paused 3ms, total 3ms
02-03 10:47:37.961 D/dalvikvm( 2070): GC_FOR_ALLOC freed 2789K, 35% free 8157K/12548K, paused 3ms, total 3ms
02-03 10:47:37.971 D/dalvikvm( 2070): GC_FOR_ALLOC freed 2790K, 35% free 8160K/12548K, paused 3ms, total 3ms
02-03 10:47:37.971 D/dalvikvm( 2070): GC_FOR_ALLOC freed 2875K, 36% free 8071K/12548K, paused 3ms, total 3ms
02-03 10:47:37.981 D/dalvikvm( 2070): GC_FOR_ALLOC freed 2627K, 35% free 8165K/12548K, paused 3ms, total 3ms
02-03 10:47:37.981 D/dalvikvm( 2070): GC_FOR_ALLOC freed 2694K, 36% free 8070K/12548K, paused 4ms, total 4ms
02-03 10:47:37.991 D/dalvikvm( 2070): GC_FOR_ALLOC freed 2661K, 37% free 8020K/12548K, paused 4ms, total 4ms
02-03 10:47:38.001 D/dalvikvm( 2070): GC_FOR_ALLOC freed 2825K, 37% free 8019K/12548K, paused 3ms, total 4ms
02-03 10:47:38.001 D/dalvikvm( 2070): GC_FOR_ALLOC freed 2631K, 35% free 8204K/12548K, paused 4ms, total 4ms
02-03 10:47:38.011 D/dalvikvm( 2070): GC_FOR_ALLOC freed 2847K, 36% free 8047K/12548K, paused 4ms, total 4ms
02-03 10:47:38.021 D/dalvikvm( 2070): GC_FOR_ALLOC freed 2746K, 35% free 8207K/12548K, paused 4ms, total 4ms
02-03 10:47:38.021 D/dalvikvm( 2070): GC_FOR_ALLOC freed 2691K, 35% free 8208K/12548K, paused 3ms, total 3ms
02-03 10:47:38.031 D/dalvikvm( 2070): GC_FOR_ALLOC freed 2629K, 36% free 8042K/12548K, paused 3ms, total 3ms
02-03 10:47:38.031 D/dalvikvm( 2070): GC_FOR_ALLOC freed 2390K, 36% free 8039K/12548K, paused 4ms, total 4ms
02-03 10:47:38.041 D/dalvikvm( 2070): GC_FOR_ALLOC freed 2427K, 36% free 8037K/12548K, paused 3ms, total 3ms
02-03 10:47:38.041 D/dalvikvm( 2070): GC_FOR_ALLOC freed 2465K, 36% free 8035K/12548K, paused 3ms, total 3ms
02-03 10:47:38.051 D/dalvikvm( 2070): GC_FOR_ALLOC freed 2503K, 36% free 8065K/12548K, paused 3ms, total 4ms
02-03 10:47:38.051 D/dalvikvm( 2070): GC_FOR_ALLOC freed 2540K, 36% free 8062K/12548K, paused 4ms, total 4ms
02-03 10:47:38.061 D/dalvikvm( 2070): GC_FOR_ALLOC freed 2578K, 36% free 8060K/12548K, paused 3ms, total 4ms
02-03 10:47:38.061 D/dalvikvm( 2070): GC_FOR_ALLOC freed 2616K, 36% free 8058K/12548K, paused 3ms, total 3ms
02-03 10:47:38.071 D/dalvikvm( 2070): GC_FOR_ALLOC freed 2653K, 36% free 8056K/12548K, paused 4ms, total 4ms
02-03 10:47:38.071 D/dalvikvm( 2070): GC_FOR_ALLOC freed 2369K, 35% free 8245K/12548K, paused 3ms, total 3ms
02-03 10:47:38.081 D/dalvikvm( 2070): GC_FOR_ALLOC freed 2594K, 36% free 8051K/12548K, paused 4ms, total 4ms
02-03 10:47:38.091 D/dalvikvm( 2070): GC_FOR_ALLOC freed 2429K, 36% free 8114K/12548K, paused 4ms, total 4ms
02-03 10:47:38.091 D/dalvikvm( 2070): GC_FOR_ALLOC freed 2326K, 35% free 8277K/12548K, paused 3ms, total 3ms
02-03 10:47:38.101 D/dalvikvm( 2070): GC_FOR_ALLOC freed 2217K, 36% free 8076K/12548K, paused 4ms, total 4ms
02-03 10:47:38.101 D/dalvikvm( 2070): GC_FOR_ALLOC freed 2376K, 36% free 8073K/12548K, paused 4ms, total 4ms
02-03 10:47:38.111 D/dalvikvm( 2070): GC_FOR_ALLOC freed 2402K, 36% free 8071K/12548K, paused 3ms, total 3ms
02-03 10:47:38.111 D/dalvikvm( 2070): GC_FOR_ALLOC freed 2429K, 36% free 8068K/12548K, paused 3ms, total 3ms
02-03 10:47:38.121 D/dalvikvm( 2070): GC_FOR_ALLOC freed 2099K, 35% free 8279K/12548K, paused 3ms, total 3ms
02-03 10:47:38.121 D/dalvikvm( 2070): GC_FOR_ALLOC freed 2335K, 36% free 8067K/12548K, paused 4ms, total 4ms
02-03 10:47:38.131 D/dalvikvm( 2070): GC_FOR_ALLOC freed 2139K, 34% free 8282K/12548K, paused 3ms, total 4ms
02-03 10:47:38.131 D/dalvikvm( 2070): GC_FOR_ALLOC freed 2380K, 36% free 8065K/12548K, paused 3ms, total 3ms
02-03 10:47:38.141 D/dalvikvm( 2070): GC_FOR_ALLOC freed 2179K, 36% free 8139K/12548K, paused 3ms, total 3ms
02-03 10:47:38.141 D/dalvikvm( 2070): GC_FOR_ALLOC freed 2052K, 36% free 8141K/12548K, paused 3ms, total 3ms
02-03 10:47:38.151 D/dalvikvm( 2070): GC_FOR_ALLOC freed 2068K, 36% free 8143K/12548K, paused 4ms, total 4ms
02-03 10:47:38.151 D/dalvikvm( 2070): GC_FOR_ALLOC freed 2085K, 36% free 8144K/12548K, paused 4ms, total 4ms
02-03 10:47:38.161 D/dalvikvm( 2070): GC_FOR_ALLOC freed 2102K, 36% free 8146K/12548K, paused 3ms, total 3ms
02-03 10:47:38.161 D/dalvikvm( 2070): GC_FOR_ALLOC freed 1967K, 36% free 8073K/12548K, paused 3ms, total 3ms
02-03 10:47:38.171 D/dalvikvm( 2070): GC_FOR_ALLOC freed 1751K, 34% free 8302K/12548K, paused 6ms, total 6ms
02-03 10:47:38.171 D/dalvikvm( 2070): GC_FOR_ALLOC freed 1609K, 34% free 8304K/12548K, paused 3ms, total 4ms
02-03 10:47:38.181 D/dalvikvm( 2070): GC_FOR_ALLOC freed 2006K, 36% free 8076K/12548K, paused 3ms, total 3ms
02-03 10:47:38.181 D/dalvikvm( 2070): GC_FOR_ALLOC freed 2176K, 36% free 8077K/12548K, paused 3ms, total 3ms
02-03 10:47:38.191 D/dalvikvm( 2070): GC_FOR_ALLOC freed 1799K, 34% free 8312K/12548K, paused 3ms, total 4ms
02-03 10:47:38.191 D/dalvikvm( 2070): GC_FOR_ALLOC freed 2049K, 36% free 8079K/12548K, paused 3ms, total 3ms
02-03 10:47:38.201 D/dalvikvm( 2070): GC_FOR_ALLOC freed 1824K, 34% free 8317K/12548K, paused 3ms, total 3ms
02-03 10:47:38.201 D/EVENT_THREAD(  192): void CEventThread::run() POLLIN event on Fd (1)
02-03 10:47:38.201 D/EVENT_THREAD(  192): void CEventThread::run() Do poll with timeout: -1
02-03 10:47:38.201 D/dalvikvm( 2070): GC_FOR_ALLOC freed 2076K, 36% free 8081K/12548K, paused 4ms, total 4ms
02-03 10:47:38.211 D/dalvikvm( 2070): GC_FOR_ALLOC freed 1850K, 34% free 8323K/12548K, paused 3ms, total 3ms
02-03 10:47:38.211 D/dalvikvm( 2070): GC_FOR_ALLOC freed 2106K, 36% free 8083K/12548K, paused 3ms, total 3ms
02-03 10:47:38.221 D/dalvikvm( 2070): GC_FOR_ALLOC freed 1874K, 34% free 8328K/12548K, paused 4ms, total 4ms
02-03 10:47:38.221 D/dalvikvm( 2070): GC_FOR_ALLOC freed 2134K, 36% free 8086K/12548K, paused 3ms, total 3ms
02-03 10:47:38.221 D/dalvikvm( 2070): GC_FOR_ALLOC freed 1899K, 34% free 8334K/12548K, paused 3ms, total 3ms
02-03 10:47:38.231 D/dalvikvm( 2070): GC_FOR_ALLOC freed 1745K, 34% free 8336K/12548K, paused 3ms, total 3ms
02-03 10:47:38.231 D/dalvikvm( 2070): GC_FOR_ALLOC freed 1756K, 34% free 8339K/12548K, paused 3ms, total 3ms
02-03 10:47:38.241 D/dalvikvm( 2070): GC_FOR_ALLOC freed 1765K, 34% free 8341K/12548K, paused 3ms, total 3ms
02-03 10:47:38.241 D/dalvikvm( 2070): GC_FOR_ALLOC freed 1775K, 34% free 8343K/12548K, paused 3ms, total 3ms
02-03 10:47:38.251 D/dalvikvm( 2070): GC_FOR_ALLOC freed 1784K, 34% free 8346K/12548K, paused 4ms, total 4ms
02-03 10:47:38.251 D/dalvikvm( 2070): GC_FOR_ALLOC freed 1794K, 34% free 8348K/12548K, paused 3ms, total 4ms
02-03 10:47:38.261 D/dalvikvm( 2070): GC_FOR_ALLOC freed 1803K, 34% free 8350K/12548K, paused 3ms, total 3ms
02-03 10:47:38.261 D/dalvikvm( 2070): GC_FOR_ALLOC freed 1812K, 34% free 8352K/12548K, paused 4ms, total 4ms
02-03 10:47:38.271 D/dalvikvm( 2070): GC_FOR_ALLOC freed 1822K, 34% free 8354K/12548K, paused 3ms, total 3ms
02-03 10:47:38.271 D/dalvikvm( 2070): GC_FOR_ALLOC freed 1831K, 34% free 8357K/12548K, paused 3ms, total 4ms
02-03 10:47:38.281 D/dalvikvm( 2070): GC_FOR_ALLOC freed 1841K, 34% free 8359K/12548K, paused 3ms, total 3ms
02-03 10:47:38.281 D/dalvikvm( 2070): GC_FOR_ALLOC freed 1850K, 35% free 8185K/12548K, paused 3ms, total 4ms
02-03 10:47:38.291 D/dalvikvm( 2070): GC_FOR_ALLOC freed 1859K, 34% free 8363K/12548K, paused 3ms, total 3ms
02-03 10:47:38.291 D/dalvikvm( 2070): GC_FOR_ALLOC freed 1869K, 35% free 8188K/12548K, paused 4ms, total 4ms
02-03 10:47:38.291 D/dalvikvm( 2070): GC_FOR_ALLOC freed 1878K, 35% free 8189K/12548K, paused 3ms, total 3ms
02-03 10:47:38.301 D/dalvikvm( 2070): GC_FOR_ALLOC freed 1888K, 35% free 8190K/12548K, paused 3ms, total 3ms
02-03 10:47:38.301 D/dalvikvm( 2070): GC_FOR_ALLOC freed 1897K, 35% free 8192K/12548K, paused 3ms, total 3ms
02-03 10:47:38.311 D/dalvikvm( 2070): GC_FOR_ALLOC freed 1907K, 35% free 8193K/12548K, paused 3ms, total 3ms
02-03 10:47:38.311 D/dalvikvm( 2070): GC_FOR_ALLOC freed 1733K, 36% free 8104K/12548K, paused 3ms, total 3ms
02-03 10:47:38.321 D/dalvikvm( 2070): GC_FOR_ALLOC freed 1924K, 36% free 8105K/12548K, paused 3ms, total 3ms
02-03 10:47:38.321 D/dalvikvm( 2070): GC_FOR_ALLOC freed 1934K, 36% free 8105K/12548K, paused 3ms, total 3ms
02-03 10:47:38.331 D/dalvikvm( 2070): GC_FOR_ALLOC freed 1943K, 36% free 8106K/12548K, paused 4ms, total 4ms
02-03 10:47:38.331 D/dalvikvm( 2070): GC_FOR_ALLOC freed 1953K, 36% free 8107K/12548K, paused 4ms, total 4ms
02-03 10:47:38.341 D/dalvikvm( 2070): GC_FOR_ALLOC freed 1962K, 36% free 8108K/12548K, paused 3ms, total 3ms
02-03 10:47:38.341 D/dalvikvm( 2070): GC_FOR_ALLOC freed 1971K, 36% free 8109K/12548K, paused 3ms, total 3ms
02-03 10:47:38.351 D/dalvikvm( 2070): GC_FOR_ALLOC freed 1981K, 36% free 8110K/12548K, paused 4ms, total 4ms
02-03 10:47:38.351 D/dalvikvm( 2070): GC_FOR_ALLOC freed 1990K, 36% free 8111K/12548K, paused 4ms, total 4ms
02-03 10:47:38.361 D/dalvikvm( 2070): GC_FOR_ALLOC freed 2000K, 36% free 8112K/12548K, paused 3ms, total 3ms
02-03 10:47:38.361 D/dalvikvm( 2070): GC_FOR_ALLOC freed 2009K, 36% free 8113K/12548K, paused 3ms, total 3ms
02-03 10:47:38.371 D/dalvikvm( 2070): GC_FOR_ALLOC freed 1537K, 34% free 8401K/12548K, paused 3ms, total 3ms
02-03 10:47:38.371 D/dalvikvm( 2070): GC_FOR_ALLOC freed 1833K, 36% free 8114K/12548K, paused 3ms, total 3ms
02-03 10:47:38.381 D/dalvikvm( 2070): GC_FOR_ALLOC freed 1549K, 34% free 8405K/12548K, paused 3ms, total 3ms
02-03 10:47:38.381 D/dalvikvm( 2070): GC_FOR_ALLOC freed 1847K, 36% free 8116K/12548K, paused 3ms, total 3ms
02-03 10:47:38.381 D/dalvikvm( 2070): GC_FOR_ALLOC freed 1561K, 33% free 8408K/12548K, paused 3ms, total 3ms
02-03 10:47:38.391 D/dalvikvm( 2070): GC_FOR_ALLOC freed 1861K, 36% free 8117K/12548K, paused 3ms, total 3ms
02-03 10:47:38.391 D/dalvikvm( 2070): GC_FOR_ALLOC freed 1572K, 33% free 8412K/12548K, paused 3ms, total 3ms
02-03 10:47:38.401 D/dalvikvm( 2070): GC_FOR_ALLOC freed 1875K, 36% free 8119K/12548K, paused 3ms, total 3ms
02-03 10:47:38.411 D/dalvikvm( 2070): GC_FOR_ALLOC freed 1584K, 33% free 8416K/12548K, paused 8ms, total 8ms
02-03 10:47:38.411 D/dalvikvm( 2070): GC_FOR_ALLOC freed 1895K, 36% free 8116K/12548K, paused 3ms, total 3ms
02-03 10:47:38.421 D/dalvikvm( 2070): GC_FOR_ALLOC freed 1596K, 33% free 8415K/12548K, paused 4ms, total 4ms
02-03 10:47:38.431 D/dalvikvm( 2070): GC_FOR_ALLOC freed 1904K, 36% free 8118K/12548K, paused 3ms, total 3ms
02-03 10:47:38.431 D/dalvikvm( 2070): GC_FOR_ALLOC freed 1608K, 33% free 8419K/12548K, paused 3ms, total 4ms
02-03 10:47:38.441 D/dalvikvm( 2070): GC_FOR_ALLOC freed 1918K, 36% free 8119K/12548K, paused 4ms, total 4ms
02-03 10:47:38.441 D/dalvikvm( 2070): GC_FOR_ALLOC freed 1620K, 33% free 8423K/12548K, paused 4ms, total 4ms
02-03 10:47:38.451 D/dalvikvm( 2070): GC_FOR_ALLOC freed 1932K, 36% free 8121K/12548K, paused 3ms, total 3ms
02-03 10:47:38.451 D/dalvikvm( 2070): GC_FOR_ALLOC freed 1633K, 33% free 8427K/12548K, paused 3ms, total 3ms
02-03 10:47:38.451 D/dalvikvm( 2070): GC_FOR_ALLOC freed 1947K, 36% free 8122K/12548K, paused 3ms, total 3ms
02-03 10:47:38.461 D/dalvikvm( 2070): GC_FOR_ALLOC freed 1645K, 33% free 8431K/12548K, paused 3ms, total 3ms
02-03 10:47:38.471 D/dalvikvm( 2070): GC_FOR_ALLOC freed 2335K, 36% free 8137K/12548K, paused 4ms, total 4ms
02-03 10:47:38.471 D/dalvikvm( 2070): GC_FOR_ALLOC freed 1757K, 36% free 8137K/12548K, paused 3ms, total 3ms
02-03 10:47:38.471 D/dalvikvm( 2070): GC_FOR_ALLOC freed 1769K, 33% free 8469K/12548K, paused 3ms, total 3ms
02-03 10:47:38.481 D/dalvikvm( 2070): GC_FOR_ALLOC freed 1364K, 39% free 7659K/12548K, paused 3ms, total 3ms
02-03 10:47:38.481 D/dalvikvm( 2070): GC_FOR_ALLOC freed 4K, 31% free 8679K/12548K, paused 2ms, total 3ms
02-03 10:47:38.481 I/dalvikvm-heap( 2070): Grow heap (frag case) to 9.519MB for 1048592-byte allocation
02-03 10:47:38.491 D/dalvikvm( 2070): GC_FOR_ALLOC freed <1K, 29% free 9703K/13576K, paused 3ms, total 3ms
02-03 10:47:38.491 D/dalvikvm( 2070): GC_FOR_ALLOC freed <1K, 29% free 9703K/13576K, paused 2ms, total 2ms
02-03 10:47:38.491 I/dalvikvm-heap( 2070): Grow heap (frag case) to 10.518MB for 1048592-byte allocation
02-03 10:47:38.491 D/dalvikvm( 2070): GC_FOR_ALLOC freed 0K, 27% free 10727K/14604K, paused 2ms, total 2ms
02-03 10:47:38.931 D/dalvikvm( 2070): GC_CONCURRENT freed 6749K, 46% free 8051K/14864K, paused 0ms+1ms, total 17ms
02-03 10:47:38.931 D/dalvikvm( 2070): WAIT_FOR_CONCURRENT_GC blocked 16ms
02-03 10:47:38.941 D/dalvikvm( 2070): GC_CONCURRENT freed 4025K, 36% free 8106K/12552K, paused 0ms+1ms, total 4ms
02-03 10:47:38.941 D/dalvikvm( 2070): WAIT_FOR_CONCURRENT_GC blocked 3ms
02-03 10:47:38.951 D/dalvikvm( 2070): GC_FOR_ALLOC freed 3869K, 36% free 8038K/12552K, paused 4ms, total 4ms
02-03 10:47:38.961 D/dalvikvm( 2070): GC_FOR_ALLOC freed 3644K, 36% free 8085K/12552K, paused 4ms, total 4ms
02-03 10:47:38.961 D/dalvikvm( 2070): GC_FOR_ALLOC freed 3451K, 37% free 8013K/12552K, paused 3ms, total 3ms
02-03 10:47:38.971 D/dalvikvm( 2070): GC_FOR_ALLOC freed 3126K, 36% free 8131K/12552K, paused 3ms, total 3ms
02-03 10:47:38.981 D/dalvikvm( 2070): GC_FOR_ALLOC freed 3078K, 36% free 8133K/12552K, paused 3ms, total 3ms
02-03 10:47:38.981 D/dalvikvm( 2070): GC_FOR_ALLOC freed 3042K, 36% free 8135K/12552K, paused 3ms, total 3ms
02-03 10:47:38.991 D/dalvikvm( 2070): GC_FOR_ALLOC freed 3147K, 37% free 8029K/12552K, paused 4ms, total 4ms
02-03 10:47:38.991 D/dalvikvm( 2070): GC_FOR_ALLOC freed 2931K, 36% free 8098K/12552K, paused 4ms, total 4ms
02-03 10:47:39.001 D/dalvikvm( 2070): GC_FOR_ALLOC freed 2907K, 36% free 8060K/12552K, paused 5ms, total 5ms
02-03 10:47:39.011 D/dalvikvm( 2070): GC_FOR_ALLOC freed 2904K, 36% free 8099K/12552K, paused 3ms, total 3ms
02-03 10:47:39.011 D/dalvikvm( 2070): GC_FOR_ALLOC freed 2852K, 36% free 8058K/12552K, paused 4ms, total 4ms
02-03 10:47:39.021 D/dalvikvm( 2070): GC_FOR_ALLOC freed 2818K, 35% free 8188K/12552K, paused 3ms, total 3ms
02-03 10:47:39.021 D/dalvikvm( 2070): GC_FOR_ALLOC freed 2818K, 35% free 8190K/12552K, paused 3ms, total 3ms
02-03 10:47:39.031 D/dalvikvm( 2070): GC_FOR_ALLOC freed 2810K, 36% free 8054K/12552K, paused 4ms, total 4ms
02-03 10:47:39.041 D/dalvikvm( 2070): GC_FOR_ALLOC freed 2745K, 35% free 8195K/12552K, paused 3ms, total 3ms
02-03 10:47:39.041 D/dalvikvm( 2070): GC_FOR_ALLOC freed 2965K, 36% free 8083K/12552K, paused 3ms, total 3ms
02-03 10:47:39.051 D/dalvikvm( 2070): GC_FOR_ALLOC freed 2792K, 36% free 8082K/12552K, paused 3ms, total 4ms
02-03 10:47:39.051 D/dalvikvm( 2070): GC_FOR_ALLOC freed 2601K, 35% free 8233K/12552K, paused 4ms, total 4ms
02-03 10:47:39.061 D/dalvikvm( 2070): GC_FOR_ALLOC freed 2551K, 35% free 8234K/12552K, paused 4ms, total 4ms
02-03 10:47:39.061 D/dalvikvm( 2070): GC_FOR_ALLOC freed 2871K, 36% free 8076K/12552K, paused 3ms, total 3ms
02-03 10:47:39.071 D/dalvikvm( 2070): GC_FOR_ALLOC freed 2768K, 35% free 8237K/12552K, paused 4ms, total 4ms
02-03 10:47:39.081 D/dalvikvm( 2070): GC_FOR_ALLOC freed 2713K, 35% free 8239K/12552K, paused 4ms, total 4ms
02-03 10:47:39.081 D/dalvikvm( 2070): GC_FOR_ALLOC freed 2366K, 35% free 8239K/12552K, paused 3ms, total 3ms
02-03 10:47:39.091 D/dalvikvm( 2070): GC_FOR_ALLOC freed 2404K, 35% free 8271K/12552K, paused 4ms, total 4ms
02-03 10:47:39.091 D/dalvikvm( 2070): GC_FOR_ALLOC freed 2442K, 36% free 8155K/12552K, paused 4ms, total 4ms
02-03 10:47:39.101 D/dalvikvm( 2070): GC_FOR_ALLOC freed 2479K, 36% free 8154K/12552K, paused 3ms, total 3ms
02-03 10:47:39.101 D/dalvikvm( 2070): GC_FOR_ALLOC freed 2517K, 36% free 8153K/12552K, paused 3ms, total 3ms
02-03 10:47:39.111 D/dalvikvm( 2070): GC_FOR_ALLOC freed 2555K, 36% free 8152K/12552K, paused 3ms, total 4ms
02-03 10:47:39.121 D/dalvikvm( 2070): GC_FOR_ALLOC freed 2592K, 36% free 8150K/12552K, paused 4ms, total 4ms
02-03 10:47:39.121 D/dalvikvm( 2070): GC_FOR_ALLOC freed 2504K, 36% free 8087K/12552K, paused 4ms, total 4ms
02-03 10:47:39.131 D/dalvikvm( 2070): GC_FOR_ALLOC freed 2666K, 36% free 8084K/12552K, paused 4ms, total 4ms
02-03 10:47:39.131 D/dalvikvm( 2070): GC_FOR_ALLOC freed 2380K, 34% free 8307K/12552K, paused 4ms, total 4ms
02-03 10:47:39.141 D/dalvikvm( 2070): GC_FOR_ALLOC freed 2606K, 36% free 8112K/12552K, paused 3ms, total 3ms
02-03 10:47:39.141 D/dalvikvm( 2070): GC_FOR_ALLOC freed 2441K, 35% free 8175K/12552K, paused 3ms, total 3ms
02-03 10:47:39.151 D/dalvikvm( 2070): GC_FOR_ALLOC freed 2336K, 34% free 8307K/12552K, paused 3ms, total 3ms
02-03 10:47:39.151 D/dalvikvm( 2070): GC_FOR_ALLOC freed 2362K, 35% free 8171K/12552K, paused 5ms, total 5ms
02-03 10:47:39.161 D/dalvikvm( 2070): GC_FOR_ALLOC freed 2388K, 34% free 8306K/12552K, paused 3ms, total 3ms
02-03 10:47:39.161 D/dalvikvm( 2070): GC_FOR_ALLOC freed 2414K, 34% free 8306K/12552K, paused 3ms, total 3ms
02-03 10:47:39.171 D/dalvikvm( 2070): GC_FOR_ALLOC freed 2441K, 35% free 8166K/12552K, paused 4ms, total 4ms
02-03 10:47:39.181 D/dalvikvm( 2070): GC_FOR_ALLOC freed 2467K, 35% free 8196K/12552K, paused 4ms, total 4ms
02-03 10:47:39.181 D/dalvikvm( 2070): GC_FOR_ALLOC freed 1989K, 34% free 8340K/12552K, paused 3ms, total 3ms
02-03 10:47:39.191 D/dalvikvm( 2070): GC_FOR_ALLOC freed 2370K, 36% free 8125K/12552K, paused 3ms, total 3ms
02-03 10:47:39.191 D/dalvikvm( 2070): GC_FOR_ALLOC freed 2170K, 35% free 8198K/12552K, paused 3ms, total 3ms
02-03 10:47:39.201 D/dalvikvm( 2070): GC_FOR_ALLOC freed 2043K, 34% free 8346K/12552K, paused 3ms, total 3ms
02-03 10:47:39.201 D/dalvikvm( 2070): GC_FOR_ALLOC freed 2434K, 36% free 8125K/12552K, paused 3ms, total 3ms
02-03 10:47:39.211 D/dalvikvm( 2070): GC_FOR_ALLOC freed 2229K, 34% free 8349K/12552K, paused 3ms, total 3ms
02-03 10:47:39.211 D/dalvikvm( 2070): GC_FOR_ALLOC freed 2098K, 34% free 8352K/12552K, paused 3ms, total 3ms
02-03 10:47:39.221 D/dalvikvm( 2070): GC_FOR_ALLOC freed 2114K, 35% free 8203K/12552K, paused 4ms, total 4ms
02-03 10:47:39.221 D/dalvikvm( 2070): GC_FOR_ALLOC freed 1979K, 36% free 8130K/12552K, paused 3ms, total 3ms
02-03 10:47:39.231 D/dalvikvm( 2070): GC_FOR_ALLOC freed 2147K, 36% free 8131K/12552K, paused 3ms, total 3ms
02-03 10:47:39.231 D/dalvikvm( 2070): GC_FOR_ALLOC freed 2163K, 36% free 8132K/12552K, paused 3ms, total 3ms
02-03 10:47:39.241 D/dalvikvm( 2070): GC_FOR_ALLOC freed 2180K, 36% free 8133K/12552K, paused 4ms, total 4ms
02-03 10:47:39.241 D/dalvikvm( 2070): GC_FOR_ALLOC freed 2197K, 36% free 8134K/12552K, paused 3ms, total 3ms
02-03 10:47:39.251 D/dalvikvm( 2070): GC_FOR_ALLOC freed 2214K, 36% free 8136K/12552K, paused 3ms, total 3ms
02-03 10:47:39.251 D/dalvikvm( 2070): GC_FOR_ALLOC freed 2230K, 36% free 8137K/12552K, paused 5ms, total 5ms
02-03 10:47:39.261 D/dalvikvm( 2070): GC_FOR_ALLOC freed 1846K, 34% free 8378K/12552K, paused 4ms, total 4ms
02-03 10:47:39.261 D/dalvikvm( 2070): GC_FOR_ALLOC freed 1696K, 34% free 8381K/12552K, paused 3ms, total 3ms
02-03 10:47:39.271 D/dalvikvm( 2070): GC_FOR_ALLOC freed 2113K, 36% free 8140K/12552K, paused 3ms, total 3ms
02-03 10:47:39.271 D/dalvikvm( 2070): GC_FOR_ALLOC freed 2293K, 36% free 8141K/12552K, paused 3ms, total 3ms
02-03 10:47:39.281 D/dalvikvm( 2070): GC_FOR_ALLOC freed 1896K, 34% free 8389K/12552K, paused 3ms, total 3ms
02-03 10:47:39.281 D/dalvikvm( 2070): GC_FOR_ALLOC freed 1741K, 34% free 8391K/12552K, paused 3ms, total 3ms
02-03 10:47:39.291 D/dalvikvm( 2070): GC_FOR_ALLOC freed 1752K, 34% free 8394K/12552K, paused 3ms, total 3ms
02-03 10:47:39.291 D/dalvikvm( 2070): GC_FOR_ALLOC freed 1762K, 34% free 8396K/12552K, paused 3ms, total 3ms
02-03 10:47:39.301 D/dalvikvm( 2070): GC_FOR_ALLOC freed 1772K, 34% free 8399K/12552K, paused 3ms, total 3ms
02-03 10:47:39.301 D/dalvikvm( 2070): GC_FOR_ALLOC freed 1781K, 34% free 8401K/12552K, paused 3ms, total 3ms
02-03 10:47:39.311 D/dalvikvm( 2070): GC_FOR_ALLOC freed 1790K, 34% free 8403K/12552K, paused 4ms, total 4ms
02-03 10:47:39.311 D/dalvikvm( 2070): GC_FOR_ALLOC freed 1800K, 34% free 8405K/12552K, paused 4ms, total 4ms
02-03 10:47:39.321 D/dalvikvm( 2070): GC_FOR_ALLOC freed 1809K, 34% free 8407K/12552K, paused 3ms, total 3ms
02-03 10:47:39.321 D/dalvikvm( 2070): GC_FOR_ALLOC freed 1819K, 33% free 8410K/12552K, paused 4ms, total 4ms
02-03 10:47:39.331 D/dalvikvm( 2070): GC_FOR_ALLOC freed 1828K, 33% free 8412K/12552K, paused 3ms, total 3ms
02-03 10:47:39.331 D/dalvikvm( 2070): GC_FOR_ALLOC freed 1837K, 33% free 8414K/12552K, paused 4ms, total 4ms
02-03 10:47:39.341 D/dalvikvm( 2070): GC_FOR_ALLOC freed 1847K, 33% free 8416K/12552K, paused 4ms, total 4ms
02-03 10:47:39.341 D/dalvikvm( 2070): GC_FOR_ALLOC freed 1856K, 33% free 8419K/12552K, paused 4ms, total 4ms
02-03 10:47:39.351 D/dalvikvm( 2070): GC_FOR_ALLOC freed 1866K, 35% free 8243K/12552K, paused 3ms, total 3ms
02-03 10:47:39.351 D/dalvikvm( 2070): GC_FOR_ALLOC freed 1875K, 35% free 8245K/12552K, paused 4ms, total 4ms
02-03 10:47:39.361 D/dalvikvm( 2070): GC_FOR_ALLOC freed 1885K, 35% free 8246K/12552K, paused 3ms, total 3ms
02-03 10:47:39.361 D/dalvikvm( 2070): GC_FOR_ALLOC freed 1894K, 35% free 8247K/12552K, paused 3ms, total 3ms
02-03 10:47:39.371 D/dalvikvm( 2070): GC_FOR_ALLOC freed 1903K, 35% free 8249K/12552K, paused 4ms, total 4ms
02-03 10:47:39.371 D/dalvikvm( 2070): GC_FOR_ALLOC freed 1730K, 35% free 8159K/12552K, paused 4ms, total 4ms
02-03 10:47:39.381 D/dalvikvm( 2070): GC_FOR_ALLOC freed 1921K, 35% free 8160K/12552K, paused 3ms, total 3ms
02-03 10:47:39.381 D/dalvikvm( 2070): GC_FOR_ALLOC freed 1931K, 35% free 8161K/12552K, paused 3ms, total 3ms
02-03 10:47:39.391 D/dalvikvm( 2070): GC_FOR_ALLOC freed 1940K, 35% free 8162K/12552K, paused 3ms, total 3ms
02-03 10:47:39.391 D/dalvikvm( 2070): GC_FOR_ALLOC freed 1950K, 35% free 8163K/12552K, paused 3ms, total 3ms
02-03 10:47:39.401 D/dalvikvm( 2070): GC_FOR_ALLOC freed 1959K, 35% free 8164K/12552K, paused 3ms, total 3ms
02-03 10:47:39.401 D/dalvikvm( 2070): GC_FOR_ALLOC freed 1968K, 35% free 8165K/12552K, paused 4ms, total 4ms
02-03 10:47:39.411 D/dalvikvm( 2070): GC_FOR_ALLOC freed 1978K, 35% free 8166K/12552K, paused 3ms, total 3ms
02-03 10:47:39.411 D/dalvikvm( 2070): GC_FOR_ALLOC freed 1987K, 35% free 8167K/12552K, paused 3ms, total 3ms
02-03 10:47:39.421 D/dalvikvm( 2070): GC_FOR_ALLOC freed 1997K, 35% free 8167K/12552K, paused 4ms, total 4ms
02-03 10:47:39.421 D/dalvikvm( 2070): GC_FOR_ALLOC freed 2006K, 35% free 8168K/12552K, paused 3ms, total 3ms
02-03 10:47:39.431 D/dalvikvm( 2070): GC_FOR_ALLOC freed 2015K, 35% free 8169K/12552K, paused 3ms, total 3ms
02-03 10:47:39.431 D/dalvikvm( 2070): GC_FOR_ALLOC freed 2025K, 35% free 8170K/12552K, paused 3ms, total 3ms
02-03 10:47:39.441 D/dalvikvm( 2070): GC_FOR_ALLOC freed 1549K, 33% free 8461K/12552K, paused 4ms, total 4ms
02-03 10:47:39.441 D/dalvikvm( 2070): GC_FOR_ALLOC freed 1847K, 35% free 8172K/12552K, paused 4ms, total 4ms
02-03 10:47:39.451 D/dalvikvm( 2070): GC_FOR_ALLOC freed 1561K, 33% free 8464K/12552K, paused 3ms, total 3ms
02-03 10:47:39.451 D/dalvikvm( 2070): GC_FOR_ALLOC freed 1861K, 35% free 8173K/12552K, paused 3ms, total 3ms
02-03 10:47:39.461 D/dalvikvm( 2070): GC_FOR_ALLOC freed 1572K, 33% free 8468K/12552K, paused 3ms, total 3ms
02-03 10:47:39.461 D/dalvikvm( 2070): GC_FOR_ALLOC freed 1875K, 35% free 8175K/12552K, paused 3ms, total 4ms
02-03 10:47:39.471 D/dalvikvm( 2070): GC_FOR_ALLOC freed 1584K, 33% free 8472K/12552K, paused 4ms, total 4ms
02-03 10:47:39.471 D/dalvikvm( 2070): GC_FOR_ALLOC freed 1889K, 35% free 8176K/12552K, paused 3ms, total 3ms
02-03 10:47:39.481 D/dalvikvm( 2070): GC_FOR_ALLOC freed 1596K, 33% free 8475K/12552K, paused 4ms, total 4ms
02-03 10:47:39.481 D/dalvikvm( 2070): GC_FOR_ALLOC freed 1904K, 35% free 8178K/12552K, paused 3ms, total 3ms
02-03 10:47:39.491 D/dalvikvm( 2070): GC_FOR_ALLOC freed 1608K, 33% free 8479K/12552K, paused 3ms, total 3ms
02-03 10:47:39.491 D/dalvikvm( 2070): GC_FOR_ALLOC freed 1918K, 35% free 8179K/12552K, paused 3ms, total 3ms
02-03 10:47:39.501 D/dalvikvm( 2070): GC_FOR_ALLOC freed 1620K, 33% free 8483K/12552K, paused 4ms, total 4ms
02-03 10:47:39.501 D/dalvikvm( 2070): GC_FOR_ALLOC freed 1932K, 35% free 8181K/12552K, paused 4ms, total 4ms
02-03 10:47:39.511 D/dalvikvm( 2070): GC_FOR_ALLOC freed 1633K, 33% free 8487K/12552K, paused 4ms, total 4ms
02-03 10:47:39.511 D/dalvikvm( 2070): GC_FOR_ALLOC freed 1947K, 35% free 8182K/12552K, paused 4ms, total 4ms
02-03 10:47:39.521 D/dalvikvm( 2070): GC_FOR_ALLOC freed 1645K, 33% free 8491K/12552K, paused 3ms, total 3ms
02-03 10:47:39.521 D/dalvikvm( 2070): GC_FOR_ALLOC freed 2323K, 35% free 8177K/12552K, paused 3ms, total 3ms
02-03 10:47:39.531 D/dalvikvm( 2070): GC_FOR_ALLOC freed 1757K, 35% free 8177K/12552K, paused 3ms, total 3ms
02-03 10:47:39.531 D/dalvikvm( 2070): GC_FOR_ALLOC freed 1769K, 33% free 8509K/12552K, paused 3ms, total 3ms
02-03 10:47:39.541 D/dalvikvm( 2070): GC_FOR_ALLOC freed 1408K, 40% free 7655K/12552K, paused 3ms, total 3ms
02-03 10:47:39.541 D/dalvikvm( 2070): GC_FOR_ALLOC freed 4K, 31% free 8675K/12552K, paused 2ms, total 2ms
02-03 10:47:39.541 I/dalvikvm-heap( 2070): Grow heap (frag case) to 9.515MB for 1048592-byte allocation
02-03 10:47:39.541 D/dalvikvm( 2070): GC_FOR_ALLOC freed 4K, 29% free 9695K/13580K, paused 2ms, total 2ms
02-03 10:47:39.551 D/dalvikvm( 2070): GC_FOR_ALLOC freed <1K, 29% free 9695K/13580K, paused 3ms, total 3ms
02-03 10:47:39.551 I/dalvikvm-heap( 2070): Grow heap (frag case) to 10.510MB for 1048592-byte allocation
02-03 10:47:39.551 D/dalvikvm( 2070): GC_FOR_ALLOC freed 0K, 27% free 10719K/14608K, paused 3ms, total 3ms
02-03 10:47:39.911 D/dalvikvm( 2070): GC_CONCURRENT freed 6727K, 46% free 8035K/14844K, paused 1ms+2ms, total 17ms
02-03 10:47:39.911 D/dalvikvm( 2070): WAIT_FOR_CONCURRENT_GC blocked 16ms
02-03 10:47:39.931 D/dalvikvm( 2070): GC_CONCURRENT freed 4006K, 36% free 8078K/12500K, paused 0ms+1ms, total 4ms
02-03 10:47:39.931 D/dalvikvm( 2070): WAIT_FOR_CONCURRENT_GC blocked 4ms
02-03 10:47:39.931 D/dalvikvm( 2070): GC_FOR_ALLOC freed 3768K, 36% free 8046K/12500K, paused 3ms, total 3ms
02-03 10:47:39.941 D/dalvikvm( 2070): GC_FOR_ALLOC freed 3619K, 36% free 8044K/12500K, paused 3ms, total 4ms
02-03 10:47:39.951 D/dalvikvm( 2070): GC_FOR_ALLOC freed 3426K, 36% free 8020K/12500K, paused 4ms, total 4ms
02-03 10:47:39.961 D/dalvikvm( 2070): GC_FOR_ALLOC freed 3110K, 36% free 8046K/12500K, paused 4ms, total 4ms
02-03 10:47:39.961 D/dalvikvm( 2070): GC_FOR_ALLOC freed 3063K, 36% free 8077K/12500K, paused 3ms, total 3ms
02-03 10:47:39.971 D/dalvikvm( 2070): GC_FOR_ALLOC freed 3029K, 36% free 8074K/12500K, paused 4ms, total 4ms
02-03 10:47:39.971 D/dalvikvm( 2070): GC_FOR_ALLOC freed 3134K, 36% free 8037K/12500K, paused 3ms, total 3ms
02-03 10:47:39.981 D/dalvikvm( 2070): GC_FOR_ALLOC freed 2656K, 35% free 8148K/12500K, paused 4ms, total 4ms
02-03 10:47:39.991 D/dalvikvm( 2070): GC_FOR_ALLOC freed 2688K, 36% free 8073K/12500K, paused 4ms, total 5ms
02-03 10:47:39.991 D/dalvikvm( 2070): GC_FOR_ALLOC freed 2712K, 36% free 8066K/12500K, paused 3ms, total 3ms
02-03 10:47:40.001 D/dalvikvm( 2070): GC_FOR_ALLOC freed 2689K, 35% free 8190K/12500K, paused 4ms, total 4ms
02-03 10:47:40.001 D/dalvikvm( 2070): GC_FOR_ALLOC freed 2696K, 35% free 8193K/12500K, paused 5ms, total 5ms
02-03 10:47:40.011 D/dalvikvm( 2070): GC_FOR_ALLOC freed 2691K, 36% free 8062K/12500K, paused 3ms, total 4ms
02-03 10:47:40.021 D/dalvikvm( 2070): GC_FOR_ALLOC freed 2632K, 35% free 8197K/12500K, paused 3ms, total 3ms
02-03 10:47:40.021 D/dalvikvm( 2070): GC_FOR_ALLOC freed 2846K, 36% free 8059K/12500K, paused 4ms, total 4ms
02-03 10:47:40.031 D/dalvikvm( 2070): GC_FOR_ALLOC freed 2683K, 36% free 8058K/12500K, paused 3ms, total 3ms
02-03 10:47:40.031 D/dalvikvm( 2070): GC_FOR_ALLOC freed 2502K, 35% free 8203K/12500K, paused 3ms, total 4ms
02-03 10:47:40.041 D/dalvikvm( 2070): GC_FOR_ALLOC freed 2456K, 35% free 8236K/12500K, paused 3ms, total 3ms
02-03 10:47:40.041 D/dalvikvm( 2070): GC_FOR_ALLOC freed 2508K, 35% free 8238K/12500K, paused 3ms, total 3ms
02-03 10:47:40.051 D/dalvikvm( 2070): GC_FOR_ALLOC freed 2559K, 35% free 8134K/12500K, paused 4ms, total 4ms
02-03 10:47:40.051 D/dalvikvm( 2070): GC_FOR_ALLOC freed 2610K, 35% free 8240K/12500K, paused 4ms, total 4ms
02-03 10:47:40.061 D/dalvikvm( 2070): GC_FOR_ALLOC freed 2661K, 35% free 8241K/12500K, paused 3ms, total 3ms
02-03 10:47:40.061 D/dalvikvm( 2070): GC_FOR_ALLOC freed 2713K, 35% free 8131K/12500K, paused 3ms, total 3ms
02-03 10:47:40.071 D/dalvikvm( 2070): GC_FOR_ALLOC freed 2366K, 35% free 8243K/12500K, paused 5ms, total 5ms
02-03 10:47:40.081 D/dalvikvm( 2070): GC_FOR_ALLOC freed 2404K, 35% free 8129K/12500K, paused 3ms, total 3ms
02-03 10:47:40.081 D/dalvikvm( 2070): GC_FOR_ALLOC freed 2442K, 35% free 8159K/12500K, paused 3ms, total 3ms
02-03 10:47:40.091 D/dalvikvm( 2070): GC_FOR_ALLOC freed 2479K, 35% free 8158K/12500K, paused 5ms, total 5ms
02-03 10:47:40.101 D/dalvikvm( 2070): GC_FOR_ALLOC freed 2517K, 35% free 8157K/12500K, paused 4ms, total 4ms
02-03 10:47:40.101 D/dalvikvm( 2070): GC_FOR_ALLOC freed 2433K, 36% free 8095K/12500K, paused 3ms, total 3ms
02-03 10:47:40.111 D/dalvikvm( 2070): GC_FOR_ALLOC freed 2280K, 34% free 8277K/12500K, paused 3ms, total 3ms
02-03 10:47:40.111 D/dalvikvm( 2070): GC_FOR_ALLOC freed 2184K, 34% free 8277K/12500K, paused 4ms, total 4ms
02-03 10:47:40.121 D/dalvikvm( 2070): GC_FOR_ALLOC freed 2528K, 36% free 8088K/12500K, paused 3ms, total 3ms
02-03 10:47:40.121 D/dalvikvm( 2070): GC_FOR_ALLOC freed 2369K, 35% free 8149K/12500K, paused 3ms, total 3ms
02-03 10:47:40.131 D/dalvikvm( 2070): GC_FOR_ALLOC freed 2268K, 34% free 8309K/12500K, paused 3ms, total 4ms
02-03 10:47:40.131 D/dalvikvm( 2070): GC_FOR_ALLOC freed 2163K, 36% free 8112K/12500K, paused 4ms, total 4ms
02-03 10:47:40.141 D/dalvikvm( 2070): GC_FOR_ALLOC freed 2319K, 36% free 8110K/12500K, paused 4ms, total 4ms
02-03 10:47:40.141 D/dalvikvm( 2070): GC_FOR_ALLOC freed 2345K, 36% free 8107K/12500K, paused 4ms, total 4ms
02-03 10:47:40.151 D/dalvikvm( 2070): GC_FOR_ALLOC freed 2371K, 36% free 8105K/12500K, paused 3ms, total 3ms
02-03 10:47:40.151 D/dalvikvm( 2070): GC_FOR_ALLOC freed 2397K, 36% free 8102K/12500K, paused 4ms, total 4ms
02-03 10:47:40.161 D/dalvikvm( 2070): GC_FOR_ALLOC freed 2423K, 36% free 8100K/12500K, paused 3ms, total 3ms
02-03 10:47:40.171 D/dalvikvm( 2070): GC_FOR_ALLOC freed 2094K, 34% free 8310K/12500K, paused 6ms, total 6ms
02-03 10:47:40.171 D/dalvikvm( 2070): GC_FOR_ALLOC freed 2331K, 36% free 8098K/12500K, paused 4ms, total 4ms
02-03 10:47:40.181 D/dalvikvm( 2070): GC_FOR_ALLOC freed 2135K, 34% free 8313K/12500K, paused 3ms, total 4ms
02-03 10:47:40.181 D/dalvikvm( 2070): GC_FOR_ALLOC freed 2375K, 35% free 8129K/12500K, paused 3ms, total 3ms
02-03 10:47:40.191 D/dalvikvm( 2070): GC_FOR_ALLOC freed 2030K, 35% free 8130K/12500K, paused 3ms, total 3ms
02-03 10:47:40.191 D/dalvikvm( 2070): GC_FOR_ALLOC freed 1679K, 34% free 8350K/12500K, paused 3ms, total 3ms
02-03 10:47:40.201 D/dalvikvm( 2070): GC_FOR_ALLOC freed 1913K, 35% free 8132K/12500K, paused 4ms, total 4ms
02-03 10:47:40.201 D/dalvikvm( 2070): GC_FOR_ALLOC freed 1703K, 34% free 8355K/12500K, paused 4ms, total 4ms
02-03 10:47:40.211 D/dalvikvm( 2070): GC_FOR_ALLOC freed 1940K, 35% free 8135K/12500K, paused 3ms, total 3ms
02-03 10:47:40.211 D/dalvikvm( 2070): GC_FOR_ALLOC freed 1727K, 34% free 8360K/12500K, paused 3ms, total 3ms
02-03 10:47:40.221 D/dalvikvm( 2070): GC_FOR_ALLOC freed 1967K, 35% free 8137K/12500K, paused 4ms, total 4ms
02-03 10:47:40.221 D/dalvikvm( 2070): GC_FOR_ALLOC freed 1751K, 34% free 8366K/12500K, paused 3ms, total 3ms
02-03 10:47:40.231 D/dalvikvm( 2070): GC_FOR_ALLOC freed 1994K, 35% free 8139K/12500K, paused 3ms, total 3ms
02-03 10:47:40.231 D/dalvikvm( 2070): GC_FOR_ALLOC freed 1775K, 34% free 8371K/12500K, paused 3ms, total 3ms
02-03 10:47:40.241 D/dalvikvm( 2070): GC_FOR_ALLOC freed 2021K, 35% free 8141K/12500K, paused 3ms, total 3ms
02-03 10:47:40.241 D/dalvikvm( 2070): GC_FOR_ALLOC freed 1799K, 33% free 8376K/12500K, paused 4ms, total 4ms
02-03 10:47:40.251 D/dalvikvm( 2070): GC_FOR_ALLOC freed 2049K, 35% free 8143K/12500K, paused 3ms, total 3ms
02-03 10:47:40.251 D/dalvikvm( 2070): GC_FOR_ALLOC freed 1824K, 33% free 8381K/12500K, paused 4ms, total 4ms
02-03 10:47:40.261 D/dalvikvm( 2070): GC_FOR_ALLOC freed 2076K, 35% free 8145K/12500K, paused 4ms, total 4ms
02-03 10:47:40.261 D/dalvikvm( 2070): GC_FOR_ALLOC freed 1850K, 33% free 8387K/12500K, paused 3ms, total 3ms
02-03 10:47:40.271 D/dalvikvm( 2070): GC_FOR_ALLOC freed 2106K, 35% free 8147K/12500K, paused 3ms, total 3ms
02-03 10:47:40.281 D/dalvikvm( 2070): GC_FOR_ALLOC freed 1874K, 33% free 8392K/12500K, paused 4ms, total 4ms
02-03 10:47:40.281 D/dalvikvm( 2070): GC_FOR_ALLOC freed 2134K, 35% free 8150K/12500K, paused 4ms, total 4ms
02-03 10:47:40.291 D/dalvikvm( 2070): GC_FOR_ALLOC freed 1899K, 33% free 8398K/12500K, paused 4ms, total 4ms
02-03 10:47:40.291 D/dalvikvm( 2070): GC_FOR_ALLOC freed 1745K, 33% free 8400K/12500K, paused 4ms, total 4ms
02-03 10:47:40.301 D/dalvikvm( 2070): GC_FOR_ALLOC freed 1756K, 33% free 8403K/12500K, paused 3ms, total 4ms
02-03 10:47:40.301 D/dalvikvm( 2070): GC_FOR_ALLOC freed 1765K, 33% free 8405K/12500K, paused 4ms, total 4ms
02-03 10:47:40.311 D/dalvikvm( 2070): GC_FOR_ALLOC freed 1775K, 35% free 8238K/12500K, paused 3ms, total 3ms
02-03 10:47:40.311 D/dalvikvm( 2070): GC_FOR_ALLOC freed 1784K, 33% free 8410K/12500K, paused 4ms, total 4ms
02-03 10:47:40.321 D/dalvikvm( 2070): GC_FOR_ALLOC freed 1794K, 35% free 8241K/12500K, paused 4ms, total 5ms
02-03 10:47:40.331 D/dalvikvm( 2070): GC_FOR_ALLOC freed 1803K, 33% free 8414K/12500K, paused 5ms, total 5ms
02-03 10:47:40.331 D/dalvikvm( 2070): GC_FOR_ALLOC freed 1812K, 35% free 8244K/12500K, paused 4ms, total 5ms
02-03 10:47:40.341 D/dalvikvm( 2070): GC_FOR_ALLOC freed 1822K, 33% free 8418K/12500K, paused 6ms, total 6ms
02-03 10:47:40.351 D/dalvikvm( 2070): GC_FOR_ALLOC freed 1831K, 35% free 8246K/12500K, paused 6ms, total 6ms
02-03 10:47:40.351 D/dalvikvm( 2070): GC_FOR_ALLOC freed 1841K, 33% free 8423K/12500K, paused 4ms, total 4ms
02-03 10:47:40.361 D/dalvikvm( 2070): GC_FOR_ALLOC freed 1850K, 35% free 8249K/12500K, paused 4ms, total 4ms
02-03 10:47:40.361 D/dalvikvm( 2070): GC_FOR_ALLOC freed 1859K, 33% free 8427K/12500K, paused 4ms, total 4ms
02-03 10:47:40.371 D/dalvikvm( 2070): GC_FOR_ALLOC freed 1869K, 34% free 8252K/12500K, paused 4ms, total 4ms
02-03 10:47:40.381 D/dalvikvm( 2070): GC_FOR_ALLOC freed 1878K, 34% free 8253K/12500K, paused 4ms, total 5ms
02-03 10:47:40.381 D/dalvikvm( 2070): GC_FOR_ALLOC freed 1888K, 34% free 8254K/12500K, paused 3ms, total 3ms
02-03 10:47:40.391 D/dalvikvm( 2070): GC_FOR_ALLOC freed 1897K, 34% free 8256K/12500K, paused 4ms, total 4ms
02-03 10:47:40.391 D/dalvikvm( 2070): GC_FOR_ALLOC freed 1907K, 34% free 8257K/12500K, paused 4ms, total 4ms
02-03 10:47:40.401 D/dalvikvm( 2070): GC_FOR_ALLOC freed 1733K, 35% free 8168K/12500K, paused 5ms, total 5ms
02-03 10:47:40.401 D/dalvikvm( 2070): GC_FOR_ALLOC freed 1465K, 33% free 8442K/12500K, paused 4ms, total 5ms
02-03 10:47:40.411 D/dalvikvm( 2070): GC_FOR_ALLOC freed 1748K, 35% free 8169K/12500K, paused 4ms, total 4ms
02-03 10:47:40.421 D/dalvikvm( 2070): GC_FOR_ALLOC freed 1477K, 33% free 8446K/12500K, paused 4ms, total 4ms
02-03 10:47:40.421 D/dalvikvm( 2070): GC_FOR_ALLOC freed 1762K, 35% free 8171K/12500K, paused 6ms, total 6ms
02-03 10:47:40.431 D/dalvikvm( 2070): GC_FOR_ALLOC freed 1489K, 33% free 8450K/12500K, paused 4ms, total 4ms
02-03 10:47:40.431 D/dalvikvm( 2070): GC_FOR_ALLOC freed 1776K, 35% free 8172K/12500K, paused 4ms, total 4ms
02-03 10:47:40.441 D/dalvikvm( 2070): GC_FOR_ALLOC freed 1501K, 33% free 8454K/12500K, paused 3ms, total 3ms
02-03 10:47:40.441 D/dalvikvm( 2070): GC_FOR_ALLOC freed 1790K, 35% free 8174K/12500K, paused 4ms, total 4ms
02-03 10:47:40.451 D/dalvikvm( 2070): GC_FOR_ALLOC freed 1513K, 33% free 8457K/12500K, paused 4ms, total 4ms
02-03 10:47:40.451 D/dalvikvm( 2070): GC_FOR_ALLOC freed 1804K, 35% free 8175K/12500K, paused 3ms, total 4ms
02-03 10:47:40.461 D/dalvikvm( 2070): GC_FOR_ALLOC freed 1525K, 33% free 8461K/12500K, paused 4ms, total 4ms
02-03 10:47:40.461 D/dalvikvm( 2070): GC_FOR_ALLOC freed 1818K, 35% free 8177K/12500K, paused 3ms, total 3ms
02-03 10:47:40.471 D/dalvikvm( 2070): GC_FOR_ALLOC freed 1537K, 33% free 8465K/12500K, paused 3ms, total 4ms
02-03 10:47:40.481 D/dalvikvm( 2070): GC_FOR_ALLOC freed 1833K, 35% free 8178K/12500K, paused 4ms, total 4ms
02-03 10:47:40.481 D/dalvikvm( 2070): GC_FOR_ALLOC freed 1549K, 33% free 8469K/12500K, paused 4ms, total 4ms
02-03 10:47:40.481 D/EVENT_THREAD(  192): void CEventThread::run() POLLIN event on Fd (1)
02-03 10:47:40.481 D/EVENT_THREAD(  192): void CEventThread::run() Do poll with timeout: -1
02-03 10:47:40.481 D/EVENT_THREAD(  192): void CEventThread::run() POLLIN event on Fd (1)
02-03 10:47:40.481 D/EVENT_THREAD(  192): void CEventThread::run() Do poll with timeout: -1
02-03 10:47:40.481 I/upi_ug31xx(  166): (614) update_capacity
02-03 10:47:40.481 I/[UPI]   (  166): <UG31/E>[UpiReadCapacity]: V=4188(4186), T=321(321-384), I=-341, C=-1(-1-0)
02-03 10:47:40.481 I/[UPI]   (  166): <UG31/E>[UpiReadCapacity]: (0x0221254a) 3080 (3532) / 3159 (3971) = 97
02-03 10:47:40.481 I/[UPI]   (  166): <UG31/E>[UpiReadCapacity]: (0x0221254a) 3080 (3532) / 3159 (3971) = 97
02-03 10:47:40.481 I/[UPI]   (  166): <UG31/E>[UpiReadCapacity]: (0x0221254a) 3080 (3080) / 3159 (3971) = 97
02-03 10:47:40.481 I/[UPI]   (  166): <UG31/E>[RsocFilterCountTime]: (0x0221254a) Step=6(363470), Full=3(363470), Lock=363470(1800000)
02-03 10:47:40.481 I/[UPI]   (  166): <UG31/E>[UpiReadCapacity]: (0x0221254a) 3080 (3080) / 3159 (3971) = 97 (-341--341)
02-03 10:47:40.481 I/[UPI]   (  166): <UG31/E><BATT> M:normal, P:97(97-97)%, V:4185mV, C:-353mA, T:32.1C(384), S:0x0221254a(000), R:3080mAh, F:3159mAh, Q:-270mAh, CC:5, P:30.330(269-0)s, BO:5, 97:615:0-44af-9m:B001-20140514-144301 (16)
02-03 10:47:40.481 I/upi_ug31xx(  166): (615) backup_data 
02-03 10:47:40.481 V/upi_ug31xx(  166): state->check_backup_count = 10
02-03 10:47:40.491 D/dalvikvm( 2070): GC_FOR_ALLOC freed 1847K, 35% free 8180K/12500K, paused 4ms, total 4ms
02-03 10:47:40.491 D/dalvikvm( 2070): GC_FOR_ALLOC freed 1561K, 33% free 8472K/12500K, paused 4ms, total 4ms
02-03 10:47:40.501 D/dalvikvm( 2070): GC_FOR_ALLOC freed 1861K, 35% free 8181K/12500K, paused 3ms, total 3ms
02-03 10:47:40.501 D/dalvikvm( 2070): GC_FOR_ALLOC freed 1572K, 33% free 8476K/12500K, paused 3ms, total 3ms
02-03 10:47:40.511 D/dalvikvm( 2070): GC_FOR_ALLOC freed 1875K, 35% free 8183K/12500K, paused 5ms, total 5ms
02-03 10:47:40.521 D/dalvikvm( 2070): GC_FOR_ALLOC freed 1584K, 33% free 8480K/12500K, paused 5ms, total 5ms
02-03 10:47:40.521 D/dalvikvm( 2070): GC_FOR_ALLOC freed 1889K, 35% free 8184K/12500K, paused 5ms, total 5ms
02-03 10:47:40.531 D/dalvikvm( 2070): GC_FOR_ALLOC freed 1596K, 33% free 8483K/12500K, paused 4ms, total 4ms
02-03 10:47:40.531 D/dalvikvm( 2070): GC_FOR_ALLOC freed 1904K, 35% free 8186K/12500K, paused 4ms, total 4ms
02-03 10:47:40.541 D/dalvikvm( 2070): GC_FOR_ALLOC freed 1608K, 33% free 8487K/12500K, paused 4ms, total 4ms
02-03 10:47:40.541 D/dalvikvm( 2070): GC_FOR_ALLOC freed 1918K, 35% free 8187K/12500K, paused 4ms, total 4ms
02-03 10:47:40.551 D/dalvikvm( 2070): GC_FOR_ALLOC freed 1620K, 34% free 8288K/12500K, paused 4ms, total 4ms
02-03 10:47:40.551 D/dalvikvm( 2070): GC_FOR_ALLOC freed 1423K, 33% free 8492K/12500K, paused 4ms, total 4ms
02-03 10:47:40.561 D/dalvikvm( 2070): GC_FOR_ALLOC freed 1427K, 33% free 8494K/12500K, paused 4ms, total 4ms
02-03 10:47:40.561 D/dalvikvm( 2070): GC_FOR_ALLOC freed 1944K, 35% free 8190K/12500K, paused 3ms, total 3ms
02-03 10:47:40.571 D/dalvikvm( 2070): GC_FOR_ALLOC freed 1643K, 34% free 8293K/12500K, paused 3ms, total 3ms
02-03 10:47:40.571 D/dalvikvm( 2070): GC_FOR_ALLOC freed 1684K, 34% free 8298K/12500K, paused 4ms, total 5ms
02-03 10:47:40.581 D/dalvikvm( 2070): GC_FOR_ALLOC freed 1804K, 34% free 8281K/12500K, paused 3ms, total 3ms
02-03 10:47:40.581 D/dalvikvm( 2070): GC_FOR_ALLOC freed 1540K, 34% free 8288K/12500K, paused 3ms, total 3ms
02-03 10:47:40.591 D/dalvikvm( 2070): GC_FOR_ALLOC freed 1548K, 32% free 8509K/12500K, paused 5ms, total 5ms
02-03 10:47:40.601 D/dalvikvm( 2070): GC_FOR_ALLOC freed 1412K, 39% free 7651K/12500K, paused 3ms, total 3ms
02-03 10:47:40.601 I/dalvikvm-heap( 2070): Grow heap (frag case) to 8.514MB for 1048592-byte allocation
02-03 10:47:40.601 D/dalvikvm( 2070): GC_FOR_ALLOC freed 4K, 36% free 8671K/13528K, paused 3ms, total 3ms
02-03 10:47:40.601 D/dalvikvm( 2070): GC_FOR_ALLOC freed 4K, 36% free 8667K/13528K, paused 3ms, total 3ms
02-03 10:47:40.601 I/dalvikvm-heap( 2070): Grow heap (frag case) to 9.507MB for 1048592-byte allocation
02-03 10:47:40.611 D/dalvikvm( 2070): GC_FOR_ALLOC freed <1K, 34% free 9691K/14556K, paused 2ms, total 2ms
02-03 10:47:40.611 D/dalvikvm( 2070): GC_FOR_ALLOC freed <1K, 34% free 9691K/14556K, paused 2ms, total 2ms
02-03 10:47:40.611 I/dalvikvm-heap( 2070): Grow heap (frag case) to 10.506MB for 1048592-byte allocation
02-03 10:47:40.611 D/dalvikvm( 2070): GC_FOR_ALLOC freed 0K, 32% free 10715K/15584K, paused 2ms, total 2ms
02-03 10:47:40.831 D/EVENT_THREAD(  192): void CEventThread::run() POLLIN event on Fd (1)
02-03 10:47:40.831 D/EVENT_THREAD(  192): void CEventThread::run() Do poll with timeout: -1
02-03 10:47:40.831 I/upi_ug31xx(  166): (616) backup_bo check
02-03 10:47:40.921 D/dalvikvm( 2070): GC_CONCURRENT freed 6752K, 49% free 8027K/15584K, paused 1ms+1ms, total 18ms
02-03 10:47:40.921 D/dalvikvm( 2070): WAIT_FOR_CONCURRENT_GC blocked 17ms
02-03 10:47:40.931 D/dalvikvm( 2070): GC_FOR_ALLOC freed 4094K, 37% free 8009K/12520K, paused 4ms, total 4ms
02-03 10:47:40.931 D/dalvikvm( 2070): GC_CONCURRENT freed 2994K, 35% free 8170K/12520K, paused 1ms+1ms, total 5ms
02-03 10:47:40.941 D/dalvikvm( 2070): GC_FOR_ALLOC freed 3607K, 36% free 8043K/12520K, paused 3ms, total 3ms
02-03 10:47:40.951 D/dalvikvm( 2070): GC_FOR_ALLOC freed 3514K, 36% free 8020K/12520K, paused 3ms, total 3ms
02-03 10:47:40.951 D/dalvikvm( 2070): GC_FOR_ALLOC freed 3211K, 36% free 8016K/12520K, paused 3ms, total 3ms
02-03 10:47:40.961 D/dalvikvm( 2070): GC_FOR_ALLOC freed 3093K, 36% free 8076K/12520K, paused 3ms, total 3ms
02-03 10:47:40.961 D/dalvikvm( 2070): GC_FOR_ALLOC freed 3001K, 36% free 8074K/12520K, paused 4ms, total 4ms
02-03 10:47:40.971 D/dalvikvm( 2070): GC_FOR_ALLOC freed 3107K, 36% free 8036K/12520K, paused 3ms, total 3ms
02-03 10:47:40.981 D/dalvikvm( 2070): GC_FOR_ALLOC freed 2821K, 36% free 8036K/12520K, paused 3ms, total 3ms
02-03 10:47:40.981 D/dalvikvm( 2070): GC_FOR_ALLOC freed 2948K, 36% free 8035K/12520K, paused 3ms, total 3ms
02-03 10:47:40.991 D/dalvikvm( 2070): GC_FOR_ALLOC freed 2871K, 36% free 8074K/12520K, paused 3ms, total 3ms
02-03 10:47:40.991 D/dalvikvm( 2070): GC_FOR_ALLOC freed 2819K, 36% free 8065K/12520K, paused 3ms, total 3ms
02-03 10:47:41.001 D/dalvikvm( 2070): GC_FOR_ALLOC freed 2789K, 35% free 8193K/12520K, paused 4ms, total 4ms
02-03 10:47:41.001 D/dalvikvm( 2070): GC_FOR_ALLOC freed 2701K, 36% free 8062K/12520K, paused 3ms, total 3ms
02-03 10:47:41.011 D/dalvikvm( 2070): GC_FOR_ALLOC freed 2641K, 35% free 8198K/12520K, paused 3ms, total 3ms
02-03 10:47:41.011 D/dalvikvm( 2070): GC_FOR_ALLOC freed 2856K, 36% free 8060K/12520K, paused 3ms, total 3ms
02-03 10:47:41.021 D/dalvikvm( 2070): GC_FOR_ALLOC freed 2788K, 36% free 8106K/12520K, paused 3ms, total 3ms
02-03 10:47:41.031 D/dalvikvm( 2070): GC_FOR_ALLOC freed 2761K, 36% free 8105K/12520K, paused 3ms, total 3ms
02-03 10:47:41.031 D/dalvikvm( 2070): GC_FOR_ALLOC freed 2726K, 36% free 8055K/12520K, paused 3ms, total 3ms
02-03 10:47:41.041 D/dalvikvm( 2070): GC_FOR_ALLOC freed 2631K, 35% free 8240K/12520K, paused 3ms, total 3ms
02-03 10:47:41.041 D/dalvikvm( 2070): GC_FOR_ALLOC freed 2847K, 36% free 8083K/12520K, paused 3ms, total 3ms
02-03 10:47:41.051 D/dalvikvm( 2070): GC_FOR_ALLOC freed 2746K, 36% free 8135K/12520K, paused 3ms, total 3ms
02-03 10:47:41.051 D/dalvikvm( 2070): GC_FOR_ALLOC freed 2691K, 36% free 8134K/12520K, paused 3ms, total 3ms
02-03 10:47:41.061 D/dalvikvm( 2070): GC_FOR_ALLOC freed 2629K, 36% free 8078K/12520K, paused 4ms, total 4ms
02-03 10:47:41.061 D/dalvikvm( 2070): GC_FOR_ALLOC freed 2504K, 36% free 8132K/12520K, paused 3ms, total 3ms
02-03 10:47:41.071 D/dalvikvm( 2070): GC_FOR_ALLOC freed 2429K, 36% free 8131K/12520K, paused 3ms, total 3ms
02-03 10:47:41.071 D/dalvikvm( 2070): GC_FOR_ALLOC freed 2467K, 36% free 8129K/12520K, paused 3ms, total 3ms
02-03 10:47:41.081 D/dalvikvm( 2070): GC_FOR_ALLOC freed 2504K, 35% free 8160K/12520K, paused 3ms, total 3ms
02-03 10:47:41.081 D/dalvikvm( 2070): GC_FOR_ALLOC freed 2421K, 36% free 8098K/12520K, paused 3ms, total 3ms
02-03 10:47:41.091 D/dalvikvm( 2070): GC_FOR_ALLOC freed 2578K, 36% free 8096K/12520K, paused 3ms, total 3ms
02-03 10:47:41.091 D/dalvikvm( 2070): GC_FOR_ALLOC freed 2616K, 36% free 8094K/12520K, paused 4ms, total 4ms
02-03 10:47:41.101 D/dalvikvm( 2070): GC_FOR_ALLOC freed 2653K, 36% free 8092K/12520K, paused 3ms, total 3ms
02-03 10:47:41.101 D/dalvikvm( 2070): GC_FOR_ALLOC freed 2369K, 34% free 8281K/12520K, paused 3ms, total 3ms
02-03 10:47:41.111 D/dalvikvm( 2070): GC_FOR_ALLOC freed 2268K, 34% free 8281K/12520K, paused 3ms, total 3ms
02-03 10:47:41.111 D/dalvikvm( 2070): GC_FOR_ALLOC freed 2294K, 35% free 8149K/12520K, paused 3ms, total 3ms
02-03 10:47:41.121 D/dalvikvm( 2070): GC_FOR_ALLOC freed 2320K, 35% free 8180K/12520K, paused 3ms, total 3ms
02-03 10:47:41.121 D/dalvikvm( 2070): GC_FOR_ALLOC freed 2346K, 35% free 8178K/12520K, paused 3ms, total 3ms
02-03 10:47:41.131 D/dalvikvm( 2070): GC_FOR_ALLOC freed 2373K, 35% free 8176K/12520K, paused 3ms, total 3ms
02-03 10:47:41.131 D/dalvikvm( 2070): GC_FOR_ALLOC freed 2399K, 35% free 8174K/12520K, paused 3ms, total 3ms
02-03 10:47:41.141 D/dalvikvm( 2070): GC_FOR_ALLOC freed 2425K, 35% free 8173K/12520K, paused 3ms, total 3ms
02-03 10:47:41.141 D/dalvikvm( 2070): GC_FOR_ALLOC freed 2451K, 35% free 8171K/12520K, paused 3ms, total 3ms
02-03 10:47:41.151 D/dalvikvm( 2070): GC_FOR_ALLOC freed 2477K, 35% free 8169K/12520K, paused 3ms, total 3ms
02-03 10:47:41.151 D/dalvikvm( 2070): GC_FOR_ALLOC freed 2503K, 35% free 8167K/12520K, paused 3ms, total 3ms
02-03 10:47:41.161 D/dalvikvm( 2070): GC_FOR_ALLOC freed 2529K, 35% free 8198K/12520K, paused 4ms, total 4ms
02-03 10:47:41.161 D/dalvikvm( 2070): GC_FOR_ALLOC freed 2039K, 34% free 8345K/12520K, paused 4ms, total 4ms
02-03 10:47:41.171 D/dalvikvm( 2070): GC_FOR_ALLOC freed 2056K, 35% free 8201K/12520K, paused 3ms, total 3ms
02-03 10:47:41.171 D/dalvikvm( 2070): GC_FOR_ALLOC freed 2073K, 35% free 8203K/12520K, paused 4ms, total 4ms
02-03 10:47:41.181 D/dalvikvm( 2070): GC_FOR_ALLOC freed 2089K, 35% free 8205K/12520K, paused 3ms, total 3ms
02-03 10:47:41.181 D/dalvikvm( 2070): GC_FOR_ALLOC freed 2106K, 35% free 8207K/12520K, paused 3ms, total 3ms
02-03 10:47:41.191 D/dalvikvm( 2070): GC_FOR_ALLOC freed 2123K, 35% free 8208K/12520K, paused 3ms, total 3ms
02-03 10:47:41.191 D/dalvikvm( 2070): GC_FOR_ALLOC freed 1986K, 36% free 8134K/12520K, paused 3ms, total 4ms
02-03 10:47:41.201 D/dalvikvm( 2070): GC_FOR_ALLOC freed 2155K, 36% free 8135K/12520K, paused 3ms, total 3ms
02-03 10:47:41.201 D/dalvikvm( 2070): GC_FOR_ALLOC freed 2172K, 36% free 8137K/12520K, paused 3ms, total 3ms
02-03 10:47:41.201 D/dalvikvm( 2070): GC_FOR_ALLOC freed 2189K, 35% free 8138K/12520K, paused 3ms, total 3ms
02-03 10:47:41.211 D/dalvikvm( 2070): GC_FOR_ALLOC freed 2205K, 35% free 8139K/12520K, paused 3ms, total 3ms
02-03 10:47:41.211 D/dalvikvm( 2070): GC_FOR_ALLOC freed 2222K, 35% free 8140K/12520K, paused 4ms, total 4ms
02-03 10:47:41.221 D/dalvikvm( 2070): GC_FOR_ALLOC freed 1838K, 35% free 8220K/12520K, paused 3ms, total 3ms
02-03 10:47:41.221 D/dalvikvm( 2070): GC_FOR_ALLOC freed 2094K, 35% free 8142K/12520K, paused 3ms, total 3ms
02-03 10:47:41.231 D/dalvikvm( 2070): GC_FOR_ALLOC freed 1864K, 34% free 8386K/12520K, paused 3ms, total 3ms
02-03 10:47:41.231 D/dalvikvm( 2070): GC_FOR_ALLOC freed 1712K, 33% free 8388K/12520K, paused 3ms, total 3ms
02-03 10:47:41.241 D/dalvikvm( 2070): GC_FOR_ALLOC freed 2134K, 35% free 8146K/12520K, paused 3ms, total 3ms
02-03 10:47:41.241 D/dalvikvm( 2070): GC_FOR_ALLOC freed 1899K, 33% free 8394K/12520K, paused 4ms, total 4ms
02-03 10:47:41.251 D/dalvikvm( 2070): GC_FOR_ALLOC freed 1745K, 33% free 8396K/12520K, paused 3ms, total 3ms
02-03 10:47:41.251 D/dalvikvm( 2070): GC_FOR_ALLOC freed 1756K, 33% free 8399K/12520K, paused 3ms, total 3ms
02-03 10:47:41.261 D/dalvikvm( 2070): GC_FOR_ALLOC freed 1765K, 33% free 8401K/12520K, paused 4ms, total 4ms
02-03 10:47:41.261 D/dalvikvm( 2070): GC_FOR_ALLOC freed 1775K, 33% free 8403K/12520K, paused 3ms, total 3ms
02-03 10:47:41.271 D/dalvikvm( 2070): GC_FOR_ALLOC freed 1784K, 33% free 8406K/12520K, paused 3ms, total 3ms
02-03 10:47:41.271 D/dalvikvm( 2070): GC_FOR_ALLOC freed 1794K, 33% free 8408K/12520K, paused 3ms, total 3ms
02-03 10:47:41.271 D/dalvikvm( 2070): GC_FOR_ALLOC freed 1803K, 33% free 8410K/12520K, paused 3ms, total 3ms
02-03 10:47:41.281 D/dalvikvm( 2070): GC_FOR_ALLOC freed 1812K, 35% free 8240K/12520K, paused 4ms, total 4ms
02-03 10:47:41.281 D/dalvikvm( 2070): GC_FOR_ALLOC freed 1822K, 33% free 8414K/12520K, paused 3ms, total 3ms
02-03 10:47:41.291 D/dalvikvm( 2070): GC_FOR_ALLOC freed 1831K, 35% free 8242K/12520K, paused 3ms, total 3ms
02-03 10:47:41.291 D/dalvikvm( 2070): GC_FOR_ALLOC freed 1841K, 33% free 8419K/12520K, paused 3ms, total 3ms
02-03 10:47:41.301 D/dalvikvm( 2070): GC_FOR_ALLOC freed 1850K, 35% free 8245K/12520K, paused 3ms, total 3ms
02-03 10:47:41.301 D/dalvikvm( 2070): GC_FOR_ALLOC freed 1859K, 33% free 8423K/12520K, paused 3ms, total 3ms
02-03 10:47:41.301 D/dalvikvm( 2070): GC_FOR_ALLOC freed 1869K, 35% free 8248K/12520K, paused 3ms, total 3ms
02-03 10:47:41.311 D/dalvikvm( 2070): GC_FOR_ALLOC freed 1878K, 35% free 8249K/12520K, paused 3ms, total 3ms
02-03 10:47:41.311 D/dalvikvm( 2070): GC_FOR_ALLOC freed 1888K, 35% free 8250K/12520K, paused 3ms, total 3ms
02-03 10:47:41.321 D/dalvikvm( 2070): GC_FOR_ALLOC freed 1897K, 35% free 8252K/12520K, paused 3ms, total 3ms
02-03 10:47:41.321 D/dalvikvm( 2070): GC_FOR_ALLOC freed 1907K, 35% free 8253K/12520K, paused 3ms, total 3ms
02-03 10:47:41.331 D/dalvikvm( 2070): GC_FOR_ALLOC freed 1733K, 35% free 8164K/12520K, paused 4ms, total 4ms
02-03 10:47:41.331 D/dalvikvm( 2070): GC_FOR_ALLOC freed 1924K, 35% free 8165K/12520K, paused 3ms, total 3ms
02-03 10:47:41.341 D/dalvikvm( 2070): GC_FOR_ALLOC freed 1934K, 35% free 8165K/12520K, paused 3ms, total 3ms
02-03 10:47:41.341 D/dalvikvm( 2070): GC_FOR_ALLOC freed 1943K, 35% free 8166K/12520K, paused 4ms, total 4ms
02-03 10:47:41.351 D/dalvikvm( 2070): GC_FOR_ALLOC freed 1953K, 35% free 8167K/12520K, paused 3ms, total 3ms
02-03 10:47:41.351 D/dalvikvm( 2070): GC_FOR_ALLOC freed 1494K, 33% free 8447K/12520K, paused 3ms, total 3ms
02-03 10:47:41.351 D/dalvikvm( 2070): GC_FOR_ALLOC freed 1782K, 35% free 8169K/12520K, paused 3ms, total 3ms
02-03 10:47:41.361 D/dalvikvm( 2070): GC_FOR_ALLOC freed 1506K, 33% free 8451K/12520K, paused 3ms, total 3ms
02-03 10:47:41.361 D/dalvikvm( 2070): GC_FOR_ALLOC freed 1796K, 35% free 8170K/12520K, paused 3ms, total 3ms
02-03 10:47:41.371 D/dalvikvm( 2070): GC_FOR_ALLOC freed 1518K, 33% free 8455K/12520K, paused 3ms, total 3ms
02-03 10:47:41.371 D/dalvikvm( 2070): GC_FOR_ALLOC freed 1810K, 35% free 8172K/12520K, paused 3ms, total 3ms
02-03 10:47:41.381 D/dalvikvm( 2070): GC_FOR_ALLOC freed 1529K, 33% free 8459K/12520K, paused 4ms, total 4ms
02-03 10:47:41.381 D/dalvikvm( 2070): GC_FOR_ALLOC freed 1824K, 35% free 8173K/12520K, paused 3ms, total 3ms
02-03 10:47:41.381 D/dalvikvm( 2070): GC_FOR_ALLOC freed 1541K, 33% free 8462K/12520K, paused 3ms, total 3ms
02-03 10:47:41.391 D/dalvikvm( 2070): GC_FOR_ALLOC freed 1838K, 35% free 8175K/12520K, paused 3ms, total 3ms
02-03 10:47:41.391 D/dalvikvm( 2070): GC_FOR_ALLOC freed 1553K, 33% free 8466K/12520K, paused 3ms, total 3ms
02-03 10:47:41.401 D/dalvikvm( 2070): GC_FOR_ALLOC freed 1853K, 35% free 8176K/12520K, paused 3ms, total 3ms
02-03 10:47:41.401 D/dalvikvm( 2070): GC_FOR_ALLOC freed 1565K, 33% free 8470K/12520K, paused 3ms, total 3ms
02-03 10:47:41.411 D/dalvikvm( 2070): GC_FOR_ALLOC freed 1867K, 35% free 8178K/12520K, paused 3ms, total 3ms
02-03 10:47:41.411 D/dalvikvm( 2070): GC_FOR_ALLOC freed 1577K, 33% free 8474K/12520K, paused 3ms, total 3ms
02-03 10:47:41.421 D/dalvikvm( 2070): GC_FOR_ALLOC freed 1881K, 35% free 8179K/12520K, paused 3ms, total 3ms
02-03 10:47:41.421 D/dalvikvm( 2070): GC_FOR_ALLOC freed 1589K, 33% free 8477K/12520K, paused 3ms, total 3ms
02-03 10:47:41.431 D/dalvikvm( 2070): GC_FOR_ALLOC freed 1895K, 35% free 8181K/12520K, paused 4ms, total 4ms
02-03 10:47:41.431 D/dalvikvm( 2070): GC_FOR_ALLOC freed 1601K, 33% free 8481K/12520K, paused 3ms, total 3ms
02-03 10:47:41.431 D/dalvikvm( 2070): GC_FOR_ALLOC freed 1909K, 35% free 8182K/12520K, paused 3ms, total 3ms
02-03 10:47:41.441 D/dalvikvm( 2070): GC_FOR_ALLOC freed 1613K, 33% free 8485K/12520K, paused 3ms, total 3ms
02-03 10:47:41.441 D/dalvikvm( 2070): GC_FOR_ALLOC freed 1924K, 35% free 8184K/12520K, paused 3ms, total 3ms
02-03 10:47:41.451 D/dalvikvm( 2070): GC_FOR_ALLOC freed 1625K, 33% free 8488K/12520K, paused 3ms, total 3ms
02-03 10:47:41.451 D/dalvikvm( 2070): GC_FOR_ALLOC freed 1938K, 35% free 8185K/12520K, paused 3ms, total 3ms
02-03 10:47:41.461 D/dalvikvm( 2070): GC_FOR_ALLOC freed 1638K, 33% free 8492K/12520K, paused 3ms, total 3ms
02-03 10:47:41.461 D/dalvikvm( 2070): GC_FOR_ALLOC freed 1953K, 35% free 8187K/12520K, paused 3ms, total 3ms
02-03 10:47:41.471 D/dalvikvm( 2070): GC_FOR_ALLOC freed 1774K, 35% free 8185K/12520K, paused 3ms, total 3ms
02-03 10:47:41.471 D/dalvikvm( 2070): GC_FOR_ALLOC freed 1741K, 35% free 8177K/12520K, paused 4ms, total 4ms
02-03 10:47:41.481 D/dalvikvm( 2070): GC_FOR_ALLOC freed 1768K, 34% free 8288K/12520K, paused 3ms, total 3ms
02-03 10:47:41.481 D/dalvikvm( 2070): GC_FOR_ALLOC freed 2183K, 39% free 7655K/12520K, paused 3ms, total 3ms
02-03 10:47:41.481 D/dalvikvm( 2070): GC_FOR_ALLOC freed 4K, 31% free 8675K/12520K, paused 2ms, total 2ms
02-03 10:47:41.491 I/dalvikvm-heap( 2070): Grow heap (frag case) to 9.515MB for 1048592-byte allocation
02-03 10:47:41.491 D/dalvikvm( 2070): GC_FOR_ALLOC freed 4K, 29% free 9695K/13548K, paused 2ms, total 2ms
02-03 10:47:41.491 D/dalvikvm( 2070): GC_FOR_ALLOC freed <1K, 29% free 9695K/13548K, paused 3ms, total 3ms
02-03 10:47:41.491 I/dalvikvm-heap( 2070): Grow heap (frag case) to 10.510MB for 1048592-byte allocation
02-03 10:47:41.491 D/dalvikvm( 2070): GC_FOR_ALLOC freed 0K, 27% free 10719K/14576K, paused 2ms, total 2ms
02-03 10:47:41.921 D/dalvikvm( 2070): GC_CONCURRENT freed 6744K, 46% free 8031K/14852K, paused 1ms+2ms, total 18ms
02-03 10:47:41.921 D/dalvikvm( 2070): WAIT_FOR_CONCURRENT_GC blocked 17ms
02-03 10:47:41.931 D/dalvikvm( 2070): GC_CONCURRENT freed 4058K, 36% free 8050K/12548K, paused 0ms+1ms, total 5ms
02-03 10:47:41.931 D/dalvikvm( 2070): WAIT_FOR_CONCURRENT_GC blocked 4ms
02-03 10:47:41.941 D/dalvikvm( 2070): GC_FOR_ALLOC freed 3799K, 37% free 8022K/12548K, paused 3ms, total 3ms
02-03 10:47:41.941 D/dalvikvm( 2070): GC_FOR_ALLOC freed 3685K, 36% free 8089K/12548K, paused 4ms, total 4ms
02-03 10:47:41.951 D/dalvikvm( 2070): GC_FOR_ALLOC freed 3451K, 37% free 8017K/12548K, paused 3ms, total 3ms
02-03 10:47:41.951 D/dalvikvm( 2070): GC_FOR_ALLOC freed 3126K, 36% free 8103K/12548K, paused 3ms, total 3ms
02-03 10:47:41.961 D/dalvikvm( 2070): GC_FOR_ALLOC freed 3241K, 36% free 8042K/12548K, paused 4ms, total 4ms
02-03 10:47:41.971 D/dalvikvm( 2070): GC_FOR_ALLOC freed 3121K, 36% free 8071K/12548K, paused 3ms, total 3ms
02-03 10:47:41.971 D/dalvikvm( 2070): GC_FOR_ALLOC freed 3160K, 36% free 8034K/12548K, paused 3ms, total 3ms
02-03 10:47:41.981 D/dalvikvm( 2070): GC_FOR_ALLOC freed 2867K, 36% free 8033K/12548K, paused 3ms, total 3ms
02-03 10:47:41.981 D/dalvikvm( 2070): GC_FOR_ALLOC freed 2994K, 36% free 8032K/12548K, paused 3ms, total 3ms
02-03 10:47:41.991 D/dalvikvm( 2070): GC_FOR_ALLOC freed 2915K, 35% free 8186K/12548K, paused 3ms, total 3ms
02-03 10:47:41.991 D/dalvikvm( 2070): GC_FOR_ALLOC freed 2862K, 36% free 8062K/12548K, paused 4ms, total 4ms
02-03 10:47:42.001 D/dalvikvm( 2070): GC_FOR_ALLOC freed 2828K, 36% free 8104K/12548K, paused 3ms, total 3ms
02-03 10:47:42.011 D/dalvikvm( 2070): GC_FOR_ALLOC freed 2828K, 35% free 8195K/12548K, paused 5ms, total 5ms
02-03 10:47:42.011 D/dalvikvm( 2070): GC_FOR_ALLOC freed 2912K, 36% free 8104K/12548K, paused 3ms, total 3ms
02-03 10:47:42.021 D/dalvikvm( 2070): GC_FOR_ALLOC freed 2660K, 35% free 8200K/12548K, paused 4ms, total 4ms
02-03 10:47:42.021 D/dalvikvm( 2070): GC_FOR_ALLOC freed 2974K, 36% free 8055K/12548K, paused 3ms, total 3ms
02-03 10:47:42.031 D/dalvikvm( 2070): GC_FOR_ALLOC freed 2547K, 35% free 8204K/12548K, paused 3ms, total 3ms
02-03 10:47:42.031 D/dalvikvm( 2070): GC_FOR_ALLOC freed 2500K, 35% free 8237K/12548K, paused 3ms, total 3ms
02-03 10:47:42.041 D/dalvikvm( 2070): GC_FOR_ALLOC freed 2815K, 36% free 8082K/12548K, paused 3ms, total 3ms
02-03 10:47:42.041 D/dalvikvm( 2070): GC_FOR_ALLOC freed 2715K, 35% free 8240K/12548K, paused 4ms, total 4ms
02-03 10:47:42.051 D/dalvikvm( 2070): GC_FOR_ALLOC freed 2661K, 35% free 8241K/12548K, paused 3ms, total 3ms
02-03 10:47:42.051 D/dalvikvm( 2070): GC_FOR_ALLOC freed 2713K, 36% free 8131K/12548K, paused 3ms, total 3ms
02-03 10:47:42.061 D/dalvikvm( 2070): GC_FOR_ALLOC freed 2366K, 35% free 8243K/12548K, paused 3ms, total 3ms
02-03 10:47:42.061 D/dalvikvm( 2070): GC_FOR_ALLOC freed 2404K, 36% free 8129K/12548K, paused 3ms, total 3ms
02-03 10:47:42.071 D/dalvikvm( 2070): GC_FOR_ALLOC freed 2442K, 36% free 8127K/12548K, paused 3ms, total 3ms
02-03 10:47:42.071 D/dalvikvm( 2070): GC_FOR_ALLOC freed 2479K, 35% free 8158K/12548K, paused 4ms, total 4ms
02-03 10:47:42.081 D/dalvikvm( 2070): GC_FOR_ALLOC freed 2517K, 35% free 8157K/12548K, paused 3ms, total 3ms
02-03 10:47:42.081 D/dalvikvm( 2070): GC_FOR_ALLOC freed 2555K, 36% free 8156K/12548K, paused 3ms, total 3ms
02-03 10:47:42.091 D/dalvikvm( 2070): GC_FOR_ALLOC freed 2592K, 36% free 8154K/12548K, paused 4ms, total 4ms
02-03 10:47:42.101 D/dalvikvm( 2070): GC_FOR_ALLOC freed 2630K, 36% free 8153K/12548K, paused 3ms, total 3ms
02-03 10:47:42.101 D/dalvikvm( 2070): GC_FOR_ALLOC freed 2540K, 36% free 8088K/12548K, paused 3ms, total 3ms
02-03 10:47:42.111 D/dalvikvm( 2070): GC_FOR_ALLOC freed 2380K, 35% free 8279K/12548K, paused 3ms, total 3ms
02-03 10:47:42.111 D/dalvikvm( 2070): GC_FOR_ALLOC freed 2278K, 35% free 8278K/12548K, paused 3ms, total 3ms
02-03 10:47:42.121 D/dalvikvm( 2070): GC_FOR_ALLOC freed 2305K, 34% free 8310K/12548K, paused 3ms, total 3ms
02-03 10:47:42.121 D/dalvikvm( 2070): GC_FOR_ALLOC freed 2331K, 35% free 8177K/12548K, paused 3ms, total 4ms
02-03 10:47:42.131 D/dalvikvm( 2070): GC_FOR_ALLOC freed 2357K, 34% free 8310K/12548K, paused 4ms, total 4ms
02-03 10:47:42.131 D/dalvikvm( 2070): GC_FOR_ALLOC freed 2383K, 34% free 8309K/12548K, paused 3ms, total 3ms
02-03 10:47:42.141 D/dalvikvm( 2070): GC_FOR_ALLOC freed 2409K, 35% free 8171K/12548K, paused 3ms, total 3ms
02-03 10:47:42.141 D/dalvikvm( 2070): GC_FOR_ALLOC freed 2435K, 35% free 8170K/12548K, paused 3ms, total 3ms
02-03 10:47:42.151 D/dalvikvm( 2070): GC_FOR_ALLOC freed 2462K, 35% free 8168K/12548K, paused 3ms, total 3ms
02-03 10:47:42.151 D/dalvikvm( 2070): GC_FOR_ALLOC freed 2488K, 35% free 8166K/12548K, paused 3ms, total 3ms
02-03 10:47:42.161 D/dalvikvm( 2070): GC_FOR_ALLOC freed 2514K, 35% free 8196K/12548K, paused 3ms, total 3ms
02-03 10:47:42.161 D/dalvikvm( 2070): GC_FOR_ALLOC freed 2395K, 36% free 8122K/12548K, paused 4ms, total 4ms
02-03 10:47:42.171 D/dalvikvm( 2070): GC_FOR_ALLOC freed 2193K, 35% free 8196K/12548K, paused 3ms, total 3ms
02-03 10:47:42.171 D/dalvikvm( 2070): GC_FOR_ALLOC freed 2064K, 34% free 8346K/12548K, paused 4ms, total 4ms
02-03 10:47:42.181 D/dalvikvm( 2070): GC_FOR_ALLOC freed 2081K, 34% free 8349K/12548K, paused 5ms, total 5ms
02-03 10:47:42.181 D/dalvikvm( 2070): GC_FOR_ALLOC freed 2098K, 34% free 8352K/12548K, paused 4ms, total 4ms
02-03 10:47:42.191 D/dalvikvm( 2070): GC_FOR_ALLOC freed 2114K, 35% free 8203K/12548K, paused 3ms, total 3ms
02-03 10:47:42.191 D/dalvikvm( 2070): GC_FOR_ALLOC freed 1979K, 36% free 8130K/12548K, paused 3ms, total 3ms
02-03 10:47:42.201 D/dalvikvm( 2070): GC_FOR_ALLOC freed 2147K, 36% free 8131K/12548K, paused 4ms, total 4ms
02-03 10:47:42.201 D/dalvikvm( 2070): GC_FOR_ALLOC freed 2163K, 36% free 8132K/12548K, paused 3ms, total 3ms
02-03 10:47:42.211 D/dalvikvm( 2070): GC_FOR_ALLOC freed 2180K, 36% free 8133K/12548K, paused 3ms, total 3ms
02-03 10:47:42.211 D/dalvikvm( 2070): GC_FOR_ALLOC freed 2197K, 36% free 8134K/12548K, paused 3ms, total 3ms
02-03 10:47:42.221 D/dalvikvm( 2070): GC_FOR_ALLOC freed 2214K, 36% free 8136K/12548K, paused 4ms, total 4ms
02-03 10:47:42.221 D/dalvikvm( 2070): GC_FOR_ALLOC freed 2230K, 36% free 8137K/12548K, paused 3ms, total 3ms
02-03 10:47:42.231 D/dalvikvm( 2070): GC_FOR_ALLOC freed 1846K, 34% free 8378K/12548K, paused 3ms, total 3ms
02-03 10:47:42.231 D/dalvikvm( 2070): GC_FOR_ALLOC freed 2102K, 36% free 8139K/12548K, paused 3ms, total 3ms
02-03 10:47:42.241 D/dalvikvm( 2070): GC_FOR_ALLOC freed 1871K, 34% free 8384K/12548K, paused 4ms, total 4ms
02-03 10:47:42.241 D/dalvikvm( 2070): GC_FOR_ALLOC freed 2130K, 36% free 8141K/12548K, paused 3ms, total 3ms
02-03 10:47:42.251 D/dalvikvm( 2070): GC_FOR_ALLOC freed 1896K, 34% free 8389K/12548K, paused 4ms, total 4ms
02-03 10:47:42.251 D/dalvikvm( 2070): GC_FOR_ALLOC freed 1741K, 34% free 8391K/12548K, paused 3ms, total 3ms
02-03 10:47:42.251 D/dalvikvm( 2070): GC_FOR_ALLOC freed 1752K, 34% free 8394K/12548K, paused 3ms, total 3ms
02-03 10:47:42.261 D/dalvikvm( 2070): GC_FOR_ALLOC freed 1762K, 34% free 8396K/12548K, paused 4ms, total 4ms
02-03 10:47:42.261 D/dalvikvm( 2070): GC_FOR_ALLOC freed 1772K, 34% free 8399K/12548K, paused 3ms, total 3ms
02-03 10:47:42.271 D/dalvikvm( 2070): GC_FOR_ALLOC freed 1781K, 34% free 8401K/12548K, paused 3ms, total 3ms
02-03 10:47:42.271 D/dalvikvm( 2070): GC_FOR_ALLOC freed 1790K, 34% free 8403K/12548K, paused 3ms, total 3ms
02-03 10:47:42.281 D/dalvikvm( 2070): GC_FOR_ALLOC freed 1800K, 34% free 8405K/12548K, paused 3ms, total 3ms
02-03 10:47:42.281 D/dalvikvm( 2070): GC_FOR_ALLOC freed 1809K, 33% free 8407K/12548K, paused 3ms, total 3ms
02-03 10:47:42.291 D/dalvikvm( 2070): GC_FOR_ALLOC freed 1819K, 33% free 8410K/12548K, paused 3ms, total 3ms
02-03 10:47:42.291 D/dalvikvm( 2070): GC_FOR_ALLOC freed 1828K, 33% free 8412K/12548K, paused 3ms, total 3ms
02-03 10:47:42.301 D/dalvikvm( 2070): GC_FOR_ALLOC freed 1837K, 33% free 8414K/12548K, paused 3ms, total 3ms
02-03 10:47:42.301 D/dalvikvm( 2070): GC_FOR_ALLOC freed 1847K, 35% free 8241K/12548K, paused 4ms, total 4ms
02-03 10:47:42.301 D/dalvikvm( 2070): GC_FOR_ALLOC freed 1856K, 33% free 8419K/12548K, paused 3ms, total 3ms
02-03 10:47:42.311 D/dalvikvm( 2070): GC_FOR_ALLOC freed 1866K, 35% free 8243K/12548K, paused 4ms, total 4ms
02-03 10:47:42.311 D/dalvikvm( 2070): GC_FOR_ALLOC freed 1875K, 35% free 8245K/12548K, paused 3ms, total 3ms
02-03 10:47:42.321 D/dalvikvm( 2070): GC_FOR_ALLOC freed 1885K, 35% free 8246K/12548K, paused 4ms, total 4ms
02-03 10:47:42.321 D/dalvikvm( 2070): GC_FOR_ALLOC freed 1894K, 35% free 8247K/12548K, paused 3ms, total 3ms
02-03 10:47:42.331 D/dalvikvm( 2070): GC_FOR_ALLOC freed 1903K, 35% free 8249K/12548K, paused 3ms, total 4ms
02-03 10:47:42.331 D/dalvikvm( 2070): GC_FOR_ALLOC freed 1730K, 35% free 8159K/12548K, paused 3ms, total 3ms
02-03 10:47:42.341 D/dalvikvm( 2070): GC_FOR_ALLOC freed 1921K, 35% free 8160K/12548K, paused 3ms, total 3ms
02-03 10:47:42.341 D/dalvikvm( 2070): GC_FOR_ALLOC freed 1931K, 35% free 8161K/12548K, paused 4ms, total 4ms
02-03 10:47:42.351 D/dalvikvm( 2070): GC_FOR_ALLOC freed 1940K, 35% free 8162K/12548K, paused 3ms, total 3ms
02-03 10:47:42.351 D/dalvikvm( 2070): GC_FOR_ALLOC freed 1950K, 35% free 8163K/12548K, paused 3ms, total 3ms
02-03 10:47:42.361 D/dalvikvm( 2070): GC_FOR_ALLOC freed 1959K, 35% free 8164K/12548K, paused 3ms, total 3ms
02-03 10:47:42.361 D/dalvikvm( 2070): GC_FOR_ALLOC freed 1968K, 35% free 8165K/12548K, paused 3ms, total 3ms
02-03 10:47:42.371 D/dalvikvm( 2070): GC_FOR_ALLOC freed 1978K, 35% free 8166K/12548K, paused 3ms, total 3ms
02-03 10:47:42.371 D/dalvikvm( 2070): GC_FOR_ALLOC freed 1987K, 35% free 8167K/12548K, paused 3ms, total 3ms
02-03 10:47:42.381 D/dalvikvm( 2070): GC_FOR_ALLOC freed 1997K, 35% free 8167K/12548K, paused 3ms, total 3ms
02-03 10:47:42.381 D/dalvikvm( 2070): GC_FOR_ALLOC freed 2006K, 35% free 8168K/12548K, paused 4ms, total 4ms
02-03 10:47:42.391 D/dalvikvm( 2070): GC_FOR_ALLOC freed 1534K, 33% free 8456K/12548K, paused 3ms, total 3ms
02-03 10:47:42.391 D/dalvikvm( 2070): GC_FOR_ALLOC freed 1830K, 35% free 8170K/12548K, paused 4ms, total 4ms
02-03 10:47:42.391 D/dalvikvm( 2070): GC_FOR_ALLOC freed 1546K, 33% free 8460K/12548K, paused 3ms, total 3ms
02-03 10:47:42.401 D/dalvikvm( 2070): GC_FOR_ALLOC freed 1844K, 35% free 8171K/12548K, paused 3ms, total 3ms
02-03 10:47:42.401 D/dalvikvm( 2070): GC_FOR_ALLOC freed 1558K, 33% free 8464K/12548K, paused 3ms, total 3ms
02-03 10:47:42.411 D/dalvikvm( 2070): GC_FOR_ALLOC freed 1858K, 35% free 8173K/12548K, paused 3ms, total 3ms
02-03 10:47:42.411 D/dalvikvm( 2070): GC_FOR_ALLOC freed 1570K, 33% free 8467K/12548K, paused 3ms, total 3ms
02-03 10:47:42.421 D/dalvikvm( 2070): GC_FOR_ALLOC freed 1872K, 35% free 8174K/12548K, paused 3ms, total 3ms
02-03 10:47:42.421 D/dalvikvm( 2070): GC_FOR_ALLOC freed 1582K, 33% free 8471K/12548K, paused 4ms, total 4ms
02-03 10:47:42.431 D/dalvikvm( 2070): GC_FOR_ALLOC freed 1887K, 35% free 8176K/12548K, paused 4ms, total 4ms
02-03 10:47:42.431 D/dalvikvm( 2070): GC_FOR_ALLOC freed 1594K, 33% free 8475K/12548K, paused 3ms, total 3ms
02-03 10:47:42.441 D/dalvikvm( 2070): GC_FOR_ALLOC freed 1901K, 35% free 8177K/12548K, paused 3ms, total 3ms
02-03 10:47:42.441 D/dalvikvm( 2070): GC_FOR_ALLOC freed 1606K, 33% free 8478K/12548K, paused 3ms, total 3ms
02-03 10:47:42.451 D/dalvikvm( 2070): GC_FOR_ALLOC freed 1915K, 35% free 8179K/12548K, paused 3ms, total 3ms
02-03 10:47:42.451 D/dalvikvm( 2070): GC_FOR_ALLOC freed 1618K, 33% free 8482K/12548K, paused 3ms, total 3ms
02-03 10:47:42.461 D/dalvikvm( 2070): GC_FOR_ALLOC freed 1929K, 35% free 8180K/12548K, paused 3ms, total 3ms
02-03 10:47:42.461 D/dalvikvm( 2070): GC_FOR_ALLOC freed 1630K, 33% free 8486K/12548K, paused 3ms, total 3ms
02-03 10:47:42.461 D/dalvikvm( 2070): GC_FOR_ALLOC freed 1944K, 35% free 8182K/12548K, paused 3ms, total 3ms
02-03 10:47:42.471 D/dalvikvm( 2070): GC_FOR_ALLOC freed 1643K, 33% free 8490K/12548K, paused 3ms, total 3ms
02-03 10:47:42.471 D/dalvikvm( 2070): GC_FOR_ALLOC freed 2075K, 35% free 8181K/12548K, paused 3ms, total 3ms
02-03 10:47:42.481 D/dalvikvm( 2070): GC_FOR_ALLOC freed 1952K, 35% free 8177K/12548K, paused 3ms, total 3ms
02-03 10:47:42.481 D/dalvikvm( 2070): GC_FOR_ALLOC freed 1768K, 34% free 8288K/12548K, paused 3ms, total 3ms
02-03 10:47:42.521 D/dalvikvm( 2070): GC_FOR_ALLOC freed 2179K, 39% free 7659K/12548K, paused 4ms, total 4ms
02-03 10:47:42.531 D/dalvikvm( 2070): GC_FOR_ALLOC freed 8K, 31% free 8675K/12548K, paused 3ms, total 3ms
02-03 10:47:42.531 I/dalvikvm-heap( 2070): Grow heap (frag case) to 9.515MB for 1048592-byte allocation
02-03 10:47:42.531 D/dalvikvm( 2070): GC_FOR_ALLOC freed 4K, 29% free 9695K/13576K, paused 3ms, total 3ms
02-03 10:47:42.531 D/dalvikvm( 2070): GC_FOR_ALLOC freed <1K, 29% free 9695K/13576K, paused 2ms, total 2ms
02-03 10:47:42.531 I/dalvikvm-heap( 2070): Grow heap (frag case) to 10.510MB for 1048592-byte allocation
02-03 10:47:42.541 D/dalvikvm( 2070): GC_FOR_ALLOC freed 0K, 27% free 10719K/14604K, paused 3ms, total 3ms
02-03 10:47:42.931 D/dalvikvm( 2070): GC_CONCURRENT freed 6748K, 46% free 8035K/14860K, paused 1ms+1ms, total 17ms
02-03 10:47:42.931 D/dalvikvm( 2070): WAIT_FOR_CONCURRENT_GC blocked 17ms
02-03 10:47:42.941 D/dalvikvm( 2070): GC_FOR_ALLOC freed 4098K, 37% free 8013K/12652K, paused 4ms, total 4ms
02-03 10:47:42.941 D/dalvikvm( 2070): GC_CONCURRENT freed 2310K, 36% free 8203K/12652K, paused 1ms+1ms, total 5ms
02-03 10:47:42.951 D/dalvikvm( 2070): GC_FOR_ALLOC freed 3757K, 37% free 8023K/12652K, paused 3ms, total 3ms
02-03 10:47:42.961 D/dalvikvm( 2070): GC_FOR_ALLOC freed 3672K, 37% free 8019K/12652K, paused 4ms, total 4ms
02-03 10:47:42.961 D/dalvikvm( 2070): GC_FOR_ALLOC freed 3235K, 36% free 8103K/12652K, paused 4ms, total 4ms
02-03 10:47:42.971 D/dalvikvm( 2070): GC_FOR_ALLOC freed 3164K, 37% free 8044K/12652K, paused 3ms, total 3ms
02-03 10:47:42.981 D/dalvikvm( 2070): GC_FOR_ALLOC freed 3051K, 37% free 8073K/12652K, paused 3ms, total 3ms
02-03 10:47:42.981 D/dalvikvm( 2070): GC_FOR_ALLOC freed 3165K, 37% free 8071K/12652K, paused 4ms, total 4ms
02-03 10:47:42.991 D/dalvikvm( 2070): GC_FOR_ALLOC freed 2813K, 37% free 8072K/12652K, paused 3ms, total 3ms
02-03 10:47:42.991 D/dalvikvm( 2070): GC_FOR_ALLOC freed 2940K, 37% free 8073K/12652K, paused 3ms, total 3ms
02-03 10:47:43.001 D/dalvikvm( 2070): GC_FOR_ALLOC freed 2782K, 36% free 8105K/12652K, paused 3ms, total 3ms
02-03 10:47:43.001 D/dalvikvm( 2070): GC_FOR_ALLOC freed 2809K, 37% free 8065K/12652K, paused 3ms, total 3ms
02-03 10:47:43.011 D/dalvikvm( 2070): GC_FOR_ALLOC freed 2780K, 36% free 8193K/12652K, paused 4ms, total 4ms
02-03 10:47:43.021 D/dalvikvm( 2070): GC_FOR_ALLOC freed 2781K, 36% free 8195K/12652K, paused 4ms, total 4ms
02-03 10:47:43.021 D/dalvikvm( 2070): GC_FOR_ALLOC freed 2774K, 37% free 8061K/12652K, paused 3ms, total 3ms
02-03 10:47:43.031 D/dalvikvm( 2070): GC_FOR_ALLOC freed 2947K, 37% free 8060K/12652K, paused 3ms, total 3ms
02-03 10:47:43.031 D/dalvikvm( 2070): GC_FOR_ALLOC freed 2788K, 36% free 8203K/12652K, paused 3ms, total 3ms
02-03 10:47:43.041 D/dalvikvm( 2070): GC_FOR_ALLOC freed 2661K, 37% free 8056K/12652K, paused 4ms, total 4ms
02-03 10:47:43.041 D/dalvikvm( 2070): GC_FOR_ALLOC freed 2570K, 35% free 8238K/12652K, paused 3ms, total 3ms
02-03 10:47:43.051 D/dalvikvm( 2070): GC_FOR_ALLOC freed 2522K, 35% free 8239K/12652K, paused 3ms, total 3ms
02-03 10:47:43.051 D/dalvikvm( 2070): GC_FOR_ALLOC freed 2573K, 35% free 8240K/12652K, paused 3ms, total 3ms
02-03 10:47:43.061 D/dalvikvm( 2070): GC_FOR_ALLOC freed 2625K, 35% free 8242K/12652K, paused 3ms, total 3ms
02-03 10:47:43.061 D/dalvikvm( 2070): GC_FOR_ALLOC freed 2676K, 35% free 8243K/12652K, paused 3ms, total 3ms
02-03 10:47:43.071 D/dalvikvm( 2070): GC_FOR_ALLOC freed 2727K, 35% free 8244K/12652K, paused 3ms, total 3ms
02-03 10:47:43.071 D/dalvikvm( 2070): GC_FOR_ALLOC freed 2665K, 37% free 8075K/12652K, paused 3ms, total 3ms
02-03 10:47:43.081 D/dalvikvm( 2070): GC_FOR_ALLOC freed 2537K, 35% free 8246K/12652K, paused 4ms, total 4ms
02-03 10:47:43.081 D/dalvikvm( 2070): GC_FOR_ALLOC freed 2460K, 35% free 8278K/12652K, paused 4ms, total 4ms
02-03 10:47:43.091 D/dalvikvm( 2070): GC_FOR_ALLOC freed 2498K, 35% free 8279K/12652K, paused 3ms, total 4ms
02-03 10:47:43.091 D/dalvikvm( 2070): GC_FOR_ALLOC freed 2536K, 35% free 8279K/12652K, paused 4ms, total 4ms
02-03 10:47:43.101 D/dalvikvm( 2070): GC_FOR_ALLOC freed 2573K, 36% free 8157K/12652K, paused 3ms, total 3ms
02-03 10:47:43.101 D/dalvikvm( 2070): GC_FOR_ALLOC freed 2611K, 36% free 8156K/12652K, paused 3ms, total 3ms
02-03 10:47:43.111 D/dalvikvm( 2070): GC_FOR_ALLOC freed 2649K, 36% free 8154K/12652K, paused 3ms, total 3ms
02-03 10:47:43.111 D/dalvikvm( 2070): GC_FOR_ALLOC freed 2558K, 37% free 8089K/12652K, paused 3ms, total 3ms
02-03 10:47:43.121 D/dalvikvm( 2070): GC_FOR_ALLOC freed 2722K, 37% free 8087K/12652K, paused 3ms, total 3ms
02-03 10:47:43.131 D/dalvikvm( 2070): GC_FOR_ALLOC freed 2429K, 36% free 8182K/12652K, paused 3ms, total 4ms
02-03 10:47:43.131 D/dalvikvm( 2070): GC_FOR_ALLOC freed 2660K, 36% free 8114K/12652K, paused 3ms, total 3ms
02-03 10:47:43.141 D/dalvikvm( 2070): GC_FOR_ALLOC freed 2490K, 36% free 8179K/12652K, paused 3ms, total 3ms
02-03 10:47:43.141 D/dalvikvm( 2070): GC_FOR_ALLOC freed 2383K, 35% free 8313K/12652K, paused 3ms, total 3ms
02-03 10:47:43.151 D/dalvikvm( 2070): GC_FOR_ALLOC freed 2409K, 36% free 8175K/12652K, paused 3ms, total 3ms
02-03 10:47:43.151 D/dalvikvm( 2070): GC_FOR_ALLOC freed 2435K, 35% free 8313K/12652K, paused 3ms, total 3ms
02-03 10:47:43.161 D/dalvikvm( 2070): GC_FOR_ALLOC freed 2321K, 36% free 8102K/12652K, paused 3ms, total 3ms
02-03 10:47:43.161 D/dalvikvm( 2070): GC_FOR_ALLOC freed 2486K, 36% free 8099K/12652K, paused 3ms, total 3ms
02-03 10:47:43.171 D/dalvikvm( 2070): GC_FOR_ALLOC freed 2512K, 36% free 8129K/12652K, paused 3ms, total 3ms
02-03 10:47:43.171 D/dalvikvm( 2070): GC_FOR_ALLOC freed 2170K, 35% free 8347K/12652K, paused 3ms, total 3ms
02-03 10:47:43.181 D/dalvikvm( 2070): GC_FOR_ALLOC freed 2043K, 34% free 8350K/12652K, paused 4ms, total 4ms
02-03 10:47:43.181 D/dalvikvm( 2070): GC_FOR_ALLOC freed 2060K, 36% free 8206K/12652K, paused 3ms, total 3ms
02-03 10:47:43.191 D/dalvikvm( 2070): GC_FOR_ALLOC freed 2077K, 36% free 8207K/12652K, paused 3ms, total 3ms
02-03 10:47:43.191 D/dalvikvm( 2070): GC_FOR_ALLOC freed 2093K, 36% free 8209K/12652K, paused 3ms, total 3ms
02-03 10:47:43.201 D/dalvikvm( 2070): GC_FOR_ALLOC freed 2110K, 36% free 8211K/12652K, paused 3ms, total 4ms
02-03 10:47:43.201 D/dalvikvm( 2070): GC_FOR_ALLOC freed 2127K, 36% free 8213K/12652K, paused 3ms, total 3ms
02-03 10:47:43.211 D/dalvikvm( 2070): GC_FOR_ALLOC freed 1990K, 36% free 8138K/12652K, paused 3ms, total 3ms
02-03 10:47:43.211 D/dalvikvm( 2070): GC_FOR_ALLOC freed 2159K, 36% free 8140K/12652K, paused 4ms, total 4ms
02-03 10:47:43.211 D/dalvikvm( 2070): GC_FOR_ALLOC freed 2176K, 36% free 8141K/12652K, paused 3ms, total 3ms
02-03 10:47:43.221 D/dalvikvm( 2070): GC_FOR_ALLOC freed 1799K, 34% free 8376K/12652K, paused 3ms, total 3ms
02-03 10:47:43.221 D/dalvikvm( 2070): GC_FOR_ALLOC freed 1653K, 34% free 8378K/12652K, paused 3ms, total 3ms
02-03 10:47:43.231 D/dalvikvm( 2070): GC_FOR_ALLOC freed 2060K, 36% free 8144K/12652K, paused 3ms, total 3ms
02-03 10:47:43.231 D/dalvikvm( 2070): GC_FOR_ALLOC freed 2235K, 36% free 8145K/12652K, paused 3ms, total 4ms
02-03 10:47:43.241 D/dalvikvm( 2070): GC_FOR_ALLOC freed 2254K, 36% free 8146K/12652K, paused 3ms, total 3ms
02-03 10:47:43.241 D/dalvikvm( 2070): GC_FOR_ALLOC freed 2271K, 36% free 8148K/12652K, paused 3ms, total 3ms
02-03 10:47:43.251 D/dalvikvm( 2070): GC_FOR_ALLOC freed 1878K, 34% free 8393K/12652K, paused 3ms, total 3ms
02-03 10:47:43.251 D/dalvikvm( 2070): GC_FOR_ALLOC freed 1725K, 34% free 8396K/12652K, paused 3ms, total 3ms
02-03 10:47:43.261 D/dalvikvm( 2070): GC_FOR_ALLOC freed 2150K, 36% free 8151K/12652K, paused 3ms, total 3ms
02-03 10:47:43.261 D/dalvikvm( 2070): GC_FOR_ALLOC freed 1914K, 34% free 8401K/12652K, paused 4ms, total 4ms
02-03 10:47:43.271 D/dalvikvm( 2070): GC_FOR_ALLOC freed 2180K, 36% free 8153K/12652K, paused 3ms, total 3ms
02-03 10:47:43.271 D/dalvikvm( 2070): GC_FOR_ALLOC freed 1940K, 34% free 8407K/12652K, paused 3ms, total 3ms
02-03 10:47:43.281 D/dalvikvm( 2070): GC_FOR_ALLOC freed 2207K, 36% free 8155K/12652K, paused 4ms, total 4ms
02-03 10:47:43.281 D/dalvikvm( 2070): GC_FOR_ALLOC freed 1964K, 34% free 8412K/12652K, paused 3ms, total 3ms
02-03 10:47:43.291 D/dalvikvm( 2070): GC_FOR_ALLOC freed 2234K, 36% free 8157K/12652K, paused 3ms, total 3ms
02-03 10:47:43.291 D/dalvikvm( 2070): GC_FOR_ALLOC freed 1988K, 34% free 8417K/12652K, paused 3ms, total 3ms
02-03 10:47:43.301 D/dalvikvm( 2070): GC_FOR_ALLOC freed 2261K, 36% free 8159K/12652K, paused 3ms, total 3ms
02-03 10:47:43.301 D/dalvikvm( 2070): GC_FOR_ALLOC freed 2012K, 34% free 8422K/12652K, paused 3ms, total 3ms
02-03 10:47:43.311 D/dalvikvm( 2070): GC_FOR_ALLOC freed 2288K, 36% free 8161K/12652K, paused 3ms, total 3ms
02-03 10:47:43.311 D/dalvikvm( 2070): GC_FOR_ALLOC freed 2036K, 34% free 8427K/12652K, paused 3ms, total 3ms
02-03 10:47:43.321 D/dalvikvm( 2070): GC_FOR_ALLOC freed 2316K, 36% free 8163K/12652K, paused 3ms, total 3ms
02-03 10:47:43.321 D/dalvikvm( 2070): GC_FOR_ALLOC freed 2060K, 35% free 8253K/12652K, paused 3ms, total 3ms
02-03 10:47:43.321 D/dalvikvm( 2070): GC_FOR_ALLOC freed 1891K, 34% free 8435K/12652K, paused 3ms, total 3ms
02-03 10:47:43.331 D/dalvikvm( 2070): GC_FOR_ALLOC freed 1900K, 35% free 8256K/12652K, paused 3ms, total 3ms
02-03 10:47:43.331 D/dalvikvm( 2070): GC_FOR_ALLOC freed 1910K, 35% free 8257K/12652K, paused 3ms, total 3ms
02-03 10:47:43.341 D/dalvikvm( 2070): GC_FOR_ALLOC freed 1919K, 35% free 8259K/12652K, paused 3ms, total 3ms
02-03 10:47:43.341 D/dalvikvm( 2070): GC_FOR_ALLOC freed 1928K, 35% free 8260K/12652K, paused 4ms, total 4ms
02-03 10:47:43.351 D/dalvikvm( 2070): GC_FOR_ALLOC freed 1938K, 34% free 8446K/12652K, paused 3ms, total 3ms
02-03 10:47:43.351 D/dalvikvm( 2070): GC_FOR_ALLOC freed 1947K, 34% free 8448K/12652K, paused 3ms, total 3ms
02-03 10:47:43.361 D/dalvikvm( 2070): GC_FOR_ALLOC freed 1957K, 35% free 8264K/12652K, paused 3ms, total 3ms
02-03 10:47:43.361 D/dalvikvm( 2070): GC_FOR_ALLOC freed 1966K, 35% free 8266K/12652K, paused 3ms, total 3ms
02-03 10:47:43.371 D/dalvikvm( 2070): GC_FOR_ALLOC freed 1976K, 34% free 8455K/12652K, paused 3ms, total 3ms
02-03 10:47:43.371 D/dalvikvm( 2070): GC_FOR_ALLOC freed 1985K, 34% free 8457K/12652K, paused 3ms, total 3ms
02-03 10:47:43.381 D/dalvikvm( 2070): GC_FOR_ALLOC freed 1994K, 35% free 8270K/12652K, paused 4ms, total 4ms
02-03 10:47:43.381 D/dalvikvm( 2070): GC_FOR_ALLOC freed 2004K, 35% free 8271K/12652K, paused 3ms, total 3ms
02-03 10:47:43.391 D/dalvikvm( 2070): GC_FOR_ALLOC freed 2013K, 34% free 8464K/12652K, paused 3ms, total 3ms
02-03 10:47:43.391 D/dalvikvm( 2070): GC_FOR_ALLOC freed 2023K, 34% free 8466K/12652K, paused 3ms, total 3ms
02-03 10:47:43.401 D/dalvikvm( 2070): GC_FOR_ALLOC freed 2032K, 35% free 8275K/12652K, paused 4ms, total 4ms
02-03 10:47:43.401 D/dalvikvm( 2070): GC_FOR_ALLOC freed 1847K, 36% free 8180K/12652K, paused 3ms, total 3ms
02-03 10:47:43.411 D/dalvikvm( 2070): GC_FOR_ALLOC freed 2050K, 36% free 8181K/12652K, paused 3ms, total 3ms
02-03 10:47:43.411 D/dalvikvm( 2070): GC_FOR_ALLOC freed 2059K, 36% free 8181K/12652K, paused 3ms, total 3ms
02-03 10:47:43.421 D/dalvikvm( 2070): GC_FOR_ALLOC freed 2069K, 36% free 8182K/12652K, paused 3ms, total 3ms
02-03 10:47:43.421 D/dalvikvm( 2070): GC_FOR_ALLOC freed 2078K, 36% free 8183K/12652K, paused 3ms, total 3ms
02-03 10:47:43.421 D/dalvikvm( 2070): GC_FOR_ALLOC freed 2088K, 36% free 8184K/12652K, paused 3ms, total 3ms
02-03 10:47:43.431 D/dalvikvm( 2070): GC_FOR_ALLOC freed 2097K, 36% free 8185K/12652K, paused 4ms, total 4ms
02-03 10:47:43.441 D/dalvikvm( 2070): GC_FOR_ALLOC freed 2106K, 36% free 8186K/12652K, paused 3ms, total 3ms
02-03 10:47:43.441 D/dalvikvm( 2070): GC_FOR_ALLOC freed 1611K, 33% free 8488K/12652K, paused 4ms, total 4ms
02-03 10:47:43.441 D/dalvikvm( 2070): GC_FOR_ALLOC freed 1921K, 36% free 8187K/12652K, paused 3ms, total 3ms
02-03 10:47:43.451 D/dalvikvm( 2070): GC_FOR_ALLOC freed 1623K, 33% free 8492K/12652K, paused 3ms, total 3ms
02-03 10:47:43.451 D/dalvikvm( 2070): GC_FOR_ALLOC freed 1935K, 36% free 8189K/12652K, paused 3ms, total 3ms
02-03 10:47:43.461 D/dalvikvm( 2070): GC_FOR_ALLOC freed 1635K, 33% free 8496K/12652K, paused 3ms, total 4ms
02-03 10:47:43.461 D/dalvikvm( 2070): GC_FOR_ALLOC freed 1950K, 36% free 8190K/12652K, paused 3ms, total 3ms
02-03 10:47:43.471 D/dalvikvm( 2070): GC_FOR_ALLOC freed 1890K, 35% free 8298K/12652K, paused 3ms, total 3ms
02-03 10:47:43.471 D/dalvikvm( 2070): GC_FOR_ALLOC freed 1804K, 33% free 8502K/12652K, paused 4ms, total 4ms
02-03 10:47:43.481 D/dalvikvm( 2070): GC_FOR_ALLOC freed 1540K, 33% free 8509K/12652K, paused 4ms, total 4ms
02-03 10:47:43.481 D/dalvikvm( 2070): GC_FOR_ALLOC freed 2101K, 36% free 8178K/12652K, paused 3ms, total 3ms
02-03 10:47:43.491 D/dalvikvm( 2070): GC_FOR_ALLOC freed 859K, 40% free 7651K/12652K, paused 3ms, total 3ms
02-03 10:47:43.491 D/dalvikvm( 2070): GC_FOR_ALLOC freed 4K, 32% free 8671K/12652K, paused 2ms, total 2ms
02-03 10:47:43.491 I/dalvikvm-heap( 2070): Grow heap (frag case) to 9.511MB for 1048592-byte allocation
02-03 10:47:43.491 D/dalvikvm( 2070): GC_FOR_ALLOC freed 4K, 30% free 9691K/13680K, paused 2ms, total 2ms
02-03 10:47:43.501 D/dalvikvm( 2070): GC_FOR_ALLOC freed <1K, 30% free 9691K/13680K, paused 3ms, total 3ms
02-03 10:47:43.501 I/dalvikvm-heap( 2070): Grow heap (frag case) to 10.506MB for 1048592-byte allocation
02-03 10:47:43.501 D/dalvikvm( 2070): GC_FOR_ALLOC freed 0K, 28% free 10715K/14708K, paused 2ms, total 2ms
02-03 10:47:43.961 D/dalvikvm( 2070): GC_CONCURRENT freed 6752K, 46% free 8027K/14848K, paused 1ms+2ms, total 23ms
02-03 10:47:43.961 D/dalvikvm( 2070): WAIT_FOR_CONCURRENT_GC blocked 21ms
02-03 10:47:43.971 D/dalvikvm( 2070): GC_CONCURRENT freed 4029K, 36% free 8074K/12520K, paused 1ms+1ms, total 5ms
02-03 10:47:43.971 D/dalvikvm( 2070): WAIT_FOR_CONCURRENT_GC blocked 3ms
02-03 10:47:43.981 D/dalvikvm( 2070): GC_FOR_ALLOC freed 3719K, 36% free 8083K/12520K, paused 4ms, total 4ms
02-03 10:47:43.981 D/dalvikvm( 2070): GC_FOR_ALLOC freed 3619K, 36% free 8040K/12520K, paused 3ms, total 3ms
02-03 10:47:43.991 D/dalvikvm( 2070): GC_FOR_ALLOC freed 3426K, 36% free 8016K/12520K, paused 3ms, total 3ms
02-03 10:47:44.001 D/dalvikvm( 2070): GC_FOR_ALLOC freed 3110K, 36% free 8102K/12520K, paused 4ms, total 4ms
02-03 10:47:44.001 D/dalvikvm( 2070): GC_FOR_ALLOC freed 3063K, 36% free 8137K/12520K, paused 4ms, total 4ms
02-03 10:47:44.011 D/dalvikvm( 2070): GC_FOR_ALLOC freed 3029K, 35% free 8138K/12520K, paused 3ms, total 4ms
02-03 10:47:44.021 D/dalvikvm( 2070): GC_FOR_ALLOC freed 3134K, 36% free 8033K/12520K, paused 4ms, total 5ms
02-03 10:47:44.021 D/dalvikvm( 2070): GC_FOR_ALLOC freed 2844K, 36% free 8032K/12520K, paused 3ms, total 3ms
02-03 10:47:44.031 D/dalvikvm( 2070): GC_FOR_ALLOC freed 2774K, 36% free 8070K/12520K, paused 4ms, total 4ms
02-03 10:47:44.031 D/dalvikvm( 2070): GC_FOR_ALLOC freed 2722K, 36% free 8062K/12520K, paused 3ms, total 3ms
02-03 10:47:44.041 D/dalvikvm( 2070): GC_FOR_ALLOC freed 2700K, 35% free 8187K/12520K, paused 3ms, total 3ms
02-03 10:47:44.041 D/dalvikvm( 2070): GC_FOR_ALLOC freed 2705K, 35% free 8189K/12520K, paused 3ms, total 3ms
02-03 10:47:44.051 D/dalvikvm( 2070): GC_FOR_ALLOC freed 2701K, 36% free 8058K/12520K, paused 3ms, total 3ms
02-03 10:47:44.061 D/dalvikvm( 2070): GC_FOR_ALLOC freed 2641K, 35% free 8194K/12520K, paused 4ms, total 4ms
02-03 10:47:44.061 D/dalvikvm( 2070): GC_FOR_ALLOC freed 2856K, 36% free 8056K/12520K, paused 3ms, total 3ms
02-03 10:47:44.071 D/dalvikvm( 2070): GC_FOR_ALLOC freed 2788K, 36% free 8102K/12520K, paused 3ms, total 3ms
02-03 10:47:44.071 D/dalvikvm( 2070): GC_FOR_ALLOC freed 2661K, 36% free 8052K/12520K, paused 3ms, total 3ms
02-03 10:47:44.081 D/dalvikvm( 2070): GC_FOR_ALLOC freed 2570K, 35% free 8234K/12520K, paused 3ms, total 3ms
02-03 10:47:44.081 D/dalvikvm( 2070): GC_FOR_ALLOC freed 2522K, 35% free 8235K/12520K, paused 3ms, total 3ms
02-03 10:47:44.091 D/dalvikvm( 2070): GC_FOR_ALLOC freed 2573K, 35% free 8236K/12520K, paused 3ms, total 3ms
02-03 10:47:44.101 D/dalvikvm( 2070): GC_FOR_ALLOC freed 2625K, 35% free 8238K/12520K, paused 4ms, total 4ms
02-03 10:47:44.101 D/dalvikvm( 2070): GC_FOR_ALLOC freed 2676K, 36% free 8129K/12520K, paused 3ms, total 3ms
02-03 10:47:44.111 D/dalvikvm( 2070): GC_FOR_ALLOC freed 2727K, 36% free 8128K/12520K, paused 4ms, total 4ms
02-03 10:47:44.111 D/dalvikvm( 2070): GC_FOR_ALLOC freed 2379K, 35% free 8241K/12520K, paused 3ms, total 3ms
02-03 10:47:44.121 D/dalvikvm( 2070): GC_FOR_ALLOC freed 2417K, 36% free 8126K/12520K, paused 3ms, total 3ms
02-03 10:47:44.121 D/dalvikvm( 2070): GC_FOR_ALLOC freed 2454K, 35% free 8156K/12520K, paused 3ms, total 3ms
02-03 10:47:44.131 D/dalvikvm( 2070): GC_FOR_ALLOC freed 2492K, 35% free 8155K/12520K, paused 3ms, total 3ms
02-03 10:47:44.131 D/dalvikvm( 2070): GC_FOR_ALLOC freed 2529K, 35% free 8154K/12520K, paused 3ms, total 3ms
02-03 10:47:44.141 D/dalvikvm( 2070): GC_FOR_ALLOC freed 2567K, 35% free 8152K/12520K, paused 4ms, total 4ms
02-03 10:47:44.141 D/dalvikvm( 2070): GC_FOR_ALLOC freed 2480K, 36% free 8089K/12520K, paused 3ms, total 3ms
02-03 10:47:44.151 D/dalvikvm( 2070): GC_FOR_ALLOC freed 2641K, 36% free 8087K/12520K, paused 4ms, total 4ms
02-03 10:47:44.151 D/dalvikvm( 2070): GC_FOR_ALLOC freed 2358K, 34% free 8276K/12520K, paused 3ms, total 3ms
02-03 10:47:44.161 D/dalvikvm( 2070): GC_FOR_ALLOC freed 2258K, 34% free 8275K/12520K, paused 4ms, total 4ms
02-03 10:47:44.171 D/dalvikvm( 2070): GC_FOR_ALLOC freed 2284K, 35% free 8177K/12520K, paused 3ms, total 3ms
02-03 10:47:44.171 D/dalvikvm( 2070): GC_FOR_ALLOC freed 2310K, 35% free 8175K/12520K, paused 3ms, total 3ms
02-03 10:47:44.181 D/dalvikvm( 2070): GC_FOR_ALLOC freed 2336K, 35% free 8173K/12520K, paused 5ms, total 5ms
02-03 10:47:44.191 D/dalvikvm( 2070): GC_FOR_ALLOC freed 2362K, 35% free 8171K/12520K, paused 4ms, total 4ms
02-03 10:47:44.191 D/dalvikvm( 2070): GC_FOR_ALLOC freed 2388K, 35% free 8169K/12520K, paused 3ms, total 3ms
02-03 10:47:44.201 D/dalvikvm( 2070): GC_FOR_ALLOC freed 2414K, 35% free 8168K/12520K, paused 3ms, total 3ms
02-03 10:47:44.201 D/dalvikvm( 2070): GC_FOR_ALLOC freed 2441K, 35% free 8166K/12520K, paused 3ms, total 3ms
02-03 10:47:44.211 D/dalvikvm( 2070): GC_FOR_ALLOC freed 2467K, 35% free 8164K/12520K, paused 4ms, total 4ms
02-03 10:47:44.211 D/dalvikvm( 2070): GC_FOR_ALLOC freed 2493K, 35% free 8194K/12520K, paused 3ms, total 3ms
02-03 10:47:44.221 D/dalvikvm( 2070): GC_FOR_ALLOC freed 2010K, 34% free 8340K/12520K, paused 3ms, total 3ms
02-03 10:47:44.221 D/dalvikvm( 2070): GC_FOR_ALLOC freed 2395K, 36% free 8122K/12520K, paused 3ms, total 3ms
02-03 10:47:44.231 D/dalvikvm( 2070): GC_FOR_ALLOC freed 2193K, 35% free 8196K/12520K, paused 3ms, total 3ms
02-03 10:47:44.231 D/dalvikvm( 2070): GC_FOR_ALLOC freed 2064K, 35% free 8198K/12520K, paused 3ms, total 3ms
02-03 10:47:44.241 D/dalvikvm( 2070): GC_FOR_ALLOC freed 1932K, 36% free 8126K/12520K, paused 4ms, total 4ms
02-03 10:47:44.241 D/dalvikvm( 2070): GC_FOR_ALLOC freed 2096K, 36% free 8127K/12520K, paused 3ms, total 3ms
02-03 10:47:44.251 D/dalvikvm( 2070): GC_FOR_ALLOC freed 2113K, 36% free 8128K/12520K, paused 4ms, total 4ms
02-03 10:47:44.251 D/dalvikvm( 2070): GC_FOR_ALLOC freed 1748K, 34% free 8357K/12520K, paused 3ms, total 3ms
02-03 10:47:44.261 D/dalvikvm( 2070): GC_FOR_ALLOC freed 1990K, 36% free 8130K/12520K, paused 3ms, total 3ms
02-03 10:47:44.261 D/dalvikvm( 2070): GC_FOR_ALLOC freed 1772K, 34% free 8362K/12520K, paused 5ms, total 5ms
02-03 10:47:44.271 D/dalvikvm( 2070): GC_FOR_ALLOC freed 2018K, 36% free 8133K/12520K, paused 4ms, total 4ms
02-03 10:47:44.271 D/dalvikvm( 2070): GC_FOR_ALLOC freed 1796K, 34% free 8367K/12520K, paused 4ms, total 4ms
02-03 10:47:44.281 D/dalvikvm( 2070): GC_FOR_ALLOC freed 2045K, 36% free 8135K/12520K, paused 3ms, total 3ms
02-03 10:47:44.281 D/dalvikvm( 2070): GC_FOR_ALLOC freed 1820K, 34% free 8373K/12520K, paused 3ms, total 3ms
02-03 10:47:44.291 D/dalvikvm( 2070): GC_FOR_ALLOC freed 2072K, 36% free 8137K/12520K, paused 3ms, total 3ms
02-03 10:47:44.291 D/dalvikvm( 2070): GC_FOR_ALLOC freed 1846K, 34% free 8378K/12520K, paused 3ms, total 4ms
02-03 10:47:44.301 D/dalvikvm( 2070): GC_FOR_ALLOC freed 2102K, 35% free 8139K/12520K, paused 3ms, total 3ms
02-03 10:47:44.301 D/dalvikvm( 2070): GC_FOR_ALLOC freed 1871K, 34% free 8384K/12520K, paused 3ms, total 3ms
02-03 10:47:44.311 D/dalvikvm( 2070): GC_FOR_ALLOC freed 2130K, 35% free 8141K/12520K, paused 3ms, total 3ms
02-03 10:47:44.311 D/dalvikvm( 2070): GC_FOR_ALLOC freed 1896K, 33% free 8389K/12520K, paused 3ms, total 3ms
02-03 10:47:44.321 D/dalvikvm( 2070): GC_FOR_ALLOC freed 1741K, 33% free 8391K/12520K, paused 3ms, total 3ms
02-03 10:47:44.321 D/dalvikvm( 2070): GC_FOR_ALLOC freed 1752K, 33% free 8394K/12520K, paused 3ms, total 3ms
02-03 10:47:44.331 D/dalvikvm( 2070): GC_FOR_ALLOC freed 1762K, 33% free 8396K/12520K, paused 3ms, total 3ms
02-03 10:47:44.331 D/dalvikvm( 2070): GC_FOR_ALLOC freed 1772K, 33% free 8399K/12520K, paused 4ms, total 4ms
02-03 10:47:44.341 D/dalvikvm( 2070): GC_FOR_ALLOC freed 1781K, 33% free 8401K/12520K, paused 3ms, total 3ms
02-03 10:47:44.341 D/dalvikvm( 2070): GC_FOR_ALLOC freed 1790K, 33% free 8403K/12520K, paused 4ms, total 4ms
02-03 10:47:44.351 D/dalvikvm( 2070): GC_FOR_ALLOC freed 1800K, 33% free 8405K/12520K, paused 5ms, total 5ms
02-03 10:47:44.351 D/dalvikvm( 2070): GC_FOR_ALLOC freed 1809K, 35% free 8235K/12520K, paused 3ms, total 3ms
02-03 10:47:44.361 D/dalvikvm( 2070): GC_FOR_ALLOC freed 1819K, 33% free 8410K/12520K, paused 4ms, total 4ms
02-03 10:47:44.361 D/dalvikvm( 2070): GC_FOR_ALLOC freed 1828K, 35% free 8238K/12520K, paused 3ms, total 3ms
02-03 10:47:44.371 D/dalvikvm( 2070): GC_FOR_ALLOC freed 1837K, 33% free 8414K/12520K, paused 3ms, total 3ms
02-03 10:47:44.371 D/dalvikvm( 2070): GC_FOR_ALLOC freed 1847K, 35% free 8241K/12520K, paused 3ms, total 3ms
02-03 10:47:44.381 D/dalvikvm( 2070): GC_FOR_ALLOC freed 1856K, 33% free 8419K/12520K, paused 3ms, total 3ms
02-03 10:47:44.381 D/dalvikvm( 2070): GC_FOR_ALLOC freed 1866K, 35% free 8243K/12520K, paused 3ms, total 3ms
02-03 10:47:44.391 D/dalvikvm( 2070): GC_FOR_ALLOC freed 1875K, 35% free 8245K/12520K, paused 3ms, total 3ms
02-03 10:47:44.391 D/dalvikvm( 2070): GC_FOR_ALLOC freed 1885K, 35% free 8246K/12520K, paused 3ms, total 4ms
02-03 10:47:44.401 D/dalvikvm( 2070): GC_FOR_ALLOC freed 1894K, 35% free 8247K/12520K, paused 3ms, total 3ms
02-03 10:47:44.401 D/dalvikvm( 2070): GC_FOR_ALLOC freed 1903K, 35% free 8249K/12520K, paused 3ms, total 3ms
02-03 10:47:44.411 D/dalvikvm( 2070): GC_FOR_ALLOC freed 1730K, 35% free 8159K/12520K, paused 3ms, total 3ms
02-03 10:47:44.411 D/dalvikvm( 2070): GC_FOR_ALLOC freed 1921K, 35% free 8160K/12520K, paused 3ms, total 3ms
02-03 10:47:44.421 D/dalvikvm( 2070): GC_FOR_ALLOC freed 1931K, 35% free 8161K/12520K, paused 4ms, total 4ms
02-03 10:47:44.421 D/dalvikvm( 2070): GC_FOR_ALLOC freed 1940K, 35% free 8162K/12520K, paused 3ms, total 3ms
02-03 10:47:44.431 D/dalvikvm( 2070): GC_FOR_ALLOC freed 1950K, 35% free 8163K/12520K, paused 3ms, total 3ms
02-03 10:47:44.431 D/dalvikvm( 2070): GC_FOR_ALLOC freed 1959K, 35% free 8164K/12520K, paused 5ms, total 5ms
02-03 10:47:44.441 D/dalvikvm( 2070): GC_FOR_ALLOC freed 1968K, 35% free 8165K/12520K, paused 3ms, total 3ms
02-03 10:47:44.441 D/dalvikvm( 2070): GC_FOR_ALLOC freed 1506K, 33% free 8447K/12520K, paused 3ms, total 3ms
02-03 10:47:44.451 D/dalvikvm( 2070): GC_FOR_ALLOC freed 1796K, 35% free 8166K/12520K, paused 4ms, total 4ms
02-03 10:47:44.451 D/dalvikvm( 2070): GC_FOR_ALLOC freed 1518K, 33% free 8451K/12520K, paused 4ms, total 4ms
02-03 10:47:44.461 D/dalvikvm( 2070): GC_FOR_ALLOC freed 1810K, 35% free 8168K/12520K, paused 3ms, total 3ms
02-03 10:47:44.461 D/dalvikvm( 2070): GC_FOR_ALLOC freed 1529K, 33% free 8455K/12520K, paused 3ms, total 3ms
02-03 10:47:44.471 D/dalvikvm( 2070): GC_FOR_ALLOC freed 1824K, 35% free 8169K/12520K, paused 4ms, total 4ms
02-03 10:47:44.471 D/dalvikvm( 2070): GC_FOR_ALLOC freed 1541K, 33% free 8458K/12520K, paused 3ms, total 3ms
02-03 10:47:44.481 D/dalvikvm( 2070): GC_FOR_ALLOC freed 1838K, 35% free 8171K/12520K, paused 3ms, total 3ms
02-03 10:47:44.481 D/dalvikvm( 2070): GC_FOR_ALLOC freed 1553K, 33% free 8462K/12520K, paused 3ms, total 3ms
02-03 10:47:44.481 D/dalvikvm( 2070): GC_FOR_ALLOC freed 1853K, 35% free 8172K/12520K, paused 3ms, total 3ms
02-03 10:47:44.491 D/dalvikvm( 2070): GC_FOR_ALLOC freed 1565K, 33% free 8466K/12520K, paused 3ms, total 3ms
02-03 10:47:44.491 D/dalvikvm( 2070): GC_FOR_ALLOC freed 1867K, 35% free 8174K/12520K, paused 3ms, total 3ms
02-03 10:47:44.501 D/dalvikvm( 2070): GC_FOR_ALLOC freed 1577K, 33% free 8470K/12520K, paused 4ms, total 4ms
02-03 10:47:44.501 D/dalvikvm( 2070): GC_FOR_ALLOC freed 1881K, 35% free 8175K/12520K, paused 4ms, total 4ms
02-03 10:47:44.511 D/dalvikvm( 2070): GC_FOR_ALLOC freed 1589K, 33% free 8473K/12520K, paused 3ms, total 3ms
02-03 10:47:44.511 D/dalvikvm( 2070): GC_FOR_ALLOC freed 1895K, 35% free 8177K/12520K, paused 4ms, total 4ms
02-03 10:47:44.521 D/dalvikvm( 2070): GC_FOR_ALLOC freed 1601K, 33% free 8477K/12520K, paused 3ms, total 3ms
02-03 10:47:44.521 D/dalvikvm( 2070): GC_FOR_ALLOC freed 1909K, 35% free 8178K/12520K, paused 4ms, total 4ms
02-03 10:47:44.531 D/dalvikvm( 2070): GC_FOR_ALLOC freed 1613K, 33% free 8481K/12520K, paused 3ms, total 3ms
02-03 10:47:44.531 D/dalvikvm( 2070): GC_FOR_ALLOC freed 1924K, 35% free 8180K/12520K, paused 3ms, total 3ms
02-03 10:47:44.541 D/dalvikvm( 2070): GC_FOR_ALLOC freed 1625K, 33% free 8484K/12520K, paused 3ms, total 3ms
02-03 10:47:44.541 D/dalvikvm( 2070): GC_FOR_ALLOC freed 1938K, 35% free 8181K/12520K, paused 3ms, total 3ms
02-03 10:47:44.551 D/dalvikvm( 2070): GC_FOR_ALLOC freed 1638K, 33% free 8488K/12520K, paused 4ms, total 4ms
02-03 10:47:44.551 D/dalvikvm( 2070): GC_FOR_ALLOC freed 1953K, 35% free 8183K/12520K, paused 3ms, total 3ms
02-03 10:47:44.561 D/dalvikvm( 2070): GC_FOR_ALLOC freed 1774K, 35% free 8181K/12520K, paused 3ms, total 3ms
02-03 10:47:44.561 D/dalvikvm( 2070): GC_FOR_ALLOC freed 2290K, 35% free 8177K/12520K, paused 3ms, total 3ms
02-03 10:47:44.571 D/dalvikvm( 2070): GC_FOR_ALLOC freed 1990K, 34% free 8288K/12520K, paused 3ms, total 3ms
02-03 10:47:44.571 D/dalvikvm( 2070): GC_FOR_ALLOC freed 1405K, 31% free 8683K/12520K, paused 3ms, total 3ms
02-03 10:47:44.581 I/dalvikvm-heap( 2070): Grow heap (frag case) to 9.523MB for 1048592-byte allocation
02-03 10:47:44.581 D/dalvikvm( 2070): GC_FOR_ALLOC freed 4K, 29% free 9703K/13548K, paused 3ms, total 3ms
02-03 10:47:44.581 D/dalvikvm( 2070): GC_FOR_ALLOC freed <1K, 29% free 9703K/13548K, paused 3ms, total 3ms
02-03 10:47:44.581 I/dalvikvm-heap( 2070): Grow heap (frag case) to 10.518MB for 1048592-byte allocation
02-03 10:47:44.591 D/dalvikvm( 2070): GC_FOR_ALLOC freed 0K, 27% free 10727K/14576K, paused 3ms, total 3ms
02-03 10:47:44.901 D/dalvikvm( 2070): GC_CONCURRENT freed 6755K, 46% free 8040K/14864K, paused 1ms+1ms, total 17ms
02-03 10:47:44.911 D/dalvikvm( 2070): WAIT_FOR_CONCURRENT_GC blocked 17ms
02-03 10:47:44.911 D/dalvikvm( 2070): GC_FOR_ALLOC freed 4074K, 37% free 8046K/12628K, paused 4ms, total 4ms
02-03 10:47:44.921 D/dalvikvm( 2070): GC_CONCURRENT freed 2194K, 35% free 8287K/12628K, paused 1ms+1ms, total 6ms
02-03 10:47:44.931 D/dalvikvm( 2070): GC_FOR_ALLOC freed 3753K, 37% free 8049K/12628K, paused 4ms, total 4ms
02-03 10:47:44.941 D/dalvikvm( 2070): GC_FOR_ALLOC freed 3409K, 37% free 8026K/12628K, paused 4ms, total 4ms
02-03 10:47:44.941 D/dalvikvm( 2070): GC_FOR_ALLOC freed 3198K, 37% free 8052K/12628K, paused 4ms, total 4ms
02-03 10:47:44.951 D/dalvikvm( 2070): GC_FOR_ALLOC freed 2976K, 36% free 8112K/12628K, paused 4ms, total 4ms
02-03 10:47:44.961 D/dalvikvm( 2070): GC_FOR_ALLOC freed 3114K, 37% free 8048K/12628K, paused 4ms, total 4ms
02-03 10:47:44.961 D/dalvikvm( 2070): GC_FOR_ALLOC freed 2883K, 37% free 8047K/12628K, paused 4ms, total 4ms
02-03 10:47:44.971 D/dalvikvm( 2070): GC_FOR_ALLOC freed 2849K, 36% free 8083K/12628K, paused 4ms, total 4ms
02-03 10:47:44.971 D/dalvikvm( 2070): GC_FOR_ALLOC freed 2636K, 36% free 8083K/12628K, paused 3ms, total 3ms
02-03 10:47:44.981 D/dalvikvm( 2070): GC_FOR_ALLOC freed 2741K, 36% free 8084K/12628K, paused 3ms, total 3ms
02-03 10:47:44.981 D/dalvikvm( 2070): GC_FOR_ALLOC freed 2765K, 37% free 8044K/12628K, paused 3ms, total 4ms
02-03 10:47:44.991 D/dalvikvm( 2070): GC_FOR_ALLOC freed 2741K, 36% free 8170K/12628K, paused 3ms, total 3ms
02-03 10:47:45.001 D/dalvikvm( 2070): GC_FOR_ALLOC freed 2743K, 36% free 8116K/12628K, paused 4ms, total 4ms
02-03 10:47:45.001 D/dalvikvm( 2070): GC_FOR_ALLOC freed 2737K, 37% free 8072K/12628K, paused 4ms, total 4ms
02-03 10:47:45.011 D/dalvikvm( 2070): GC_FOR_ALLOC freed 2910K, 37% free 8070K/12628K, paused 4ms, total 4ms
02-03 10:47:45.011 D/dalvikvm( 2070): GC_FOR_ALLOC freed 2754K, 35% free 8212K/12628K, paused 4ms, total 4ms
02-03 10:47:45.021 D/dalvikvm( 2070): GC_FOR_ALLOC freed 2629K, 37% free 8067K/12628K, paused 4ms, total 4ms
02-03 10:47:45.031 D/dalvikvm( 2070): GC_FOR_ALLOC freed 2540K, 35% free 8215K/12628K, paused 3ms, total 3ms
02-03 10:47:45.031 D/dalvikvm( 2070): GC_FOR_ALLOC freed 2493K, 35% free 8216K/12628K, paused 4ms, total 4ms
02-03 10:47:45.041 D/dalvikvm( 2070): GC_FOR_ALLOC freed 2544K, 35% free 8217K/12628K, paused 3ms, total 3ms
02-03 10:47:45.041 D/dalvikvm( 2070): GC_FOR_ALLOC freed 2595K, 35% free 8251K/12628K, paused 4ms, total 4ms
02-03 10:47:45.051 D/dalvikvm( 2070): GC_FOR_ALLOC freed 2538K, 36% free 8090K/12628K, paused 3ms, total 3ms
02-03 10:47:45.051 D/dalvikvm( 2070): GC_FOR_ALLOC freed 2418K, 35% free 8252K/12628K, paused 4ms, total 4ms
02-03 10:47:45.061 D/dalvikvm( 2070): GC_FOR_ALLOC freed 2348K, 35% free 8253K/12628K, paused 3ms, total 3ms
02-03 10:47:45.071 D/dalvikvm( 2070): GC_FOR_ALLOC freed 2385K, 36% free 8139K/12628K, paused 3ms, total 3ms
02-03 10:47:45.071 D/dalvikvm( 2070): GC_FOR_ALLOC freed 2423K, 36% free 8138K/12628K, paused 4ms, total 4ms
02-03 10:47:45.081 D/dalvikvm( 2070): GC_FOR_ALLOC freed 2460K, 36% free 8137K/12628K, paused 3ms, total 3ms
02-03 10:47:45.081 D/dalvikvm( 2070): GC_FOR_ALLOC freed 2498K, 36% free 8135K/12628K, paused 3ms, total 3ms
02-03 10:47:45.091 D/dalvikvm( 2070): GC_FOR_ALLOC freed 2536K, 36% free 8166K/12628K, paused 4ms, total 4ms
02-03 10:47:45.091 D/dalvikvm( 2070): GC_FOR_ALLOC freed 2451K, 36% free 8104K/12628K, paused 3ms, total 3ms
02-03 10:47:45.101 D/dalvikvm( 2070): GC_FOR_ALLOC freed 2609K, 36% free 8102K/12628K, paused 5ms, total 5ms
02-03 10:47:45.101 D/dalvikvm( 2070): GC_FOR_ALLOC freed 2647K, 36% free 8100K/12628K, paused 3ms, total 3ms
02-03 10:47:45.111 D/dalvikvm( 2070): GC_FOR_ALLOC freed 2363K, 35% free 8288K/12628K, paused 3ms, total 3ms
02-03 10:47:45.111 D/dalvikvm( 2070): GC_FOR_ALLOC freed 2263K, 35% free 8288K/12628K, paused 3ms, total 3ms
02-03 10:47:45.121 D/dalvikvm( 2070): GC_FOR_ALLOC freed 2618K, 36% free 8092K/12628K, paused 4ms, total 4ms
02-03 10:47:45.131 D/dalvikvm( 2070): GC_FOR_ALLOC freed 2452K, 35% free 8288K/12628K, paused 3ms, total 3ms
02-03 10:47:45.131 D/dalvikvm( 2070): GC_FOR_ALLOC freed 2346K, 35% free 8320K/12628K, paused 3ms, total 3ms
02-03 10:47:45.141 D/dalvikvm( 2070): GC_FOR_ALLOC freed 2237K, 36% free 8117K/12628K, paused 3ms, total 3ms
02-03 10:47:45.141 D/dalvikvm( 2070): GC_FOR_ALLOC freed 2397K, 36% free 8114K/12628K, paused 3ms, total 3ms
02-03 10:47:45.151 D/dalvikvm( 2070): GC_FOR_ALLOC freed 2072K, 35% free 8323K/12628K, paused 3ms, total 3ms
02-03 10:47:45.151 D/dalvikvm( 2070): GC_FOR_ALLOC freed 2306K, 36% free 8113K/12628K, paused 4ms, total 4ms
02-03 10:47:45.161 D/dalvikvm( 2070): GC_FOR_ALLOC freed 2112K, 35% free 8325K/12628K, paused 3ms, total 3ms
02-03 10:47:45.161 D/dalvikvm( 2070): GC_FOR_ALLOC freed 2350K, 36% free 8112K/12628K, paused 3ms, total 3ms
02-03 10:47:45.171 D/dalvikvm( 2070): GC_FOR_ALLOC freed 2152K, 35% free 8328K/12628K, paused 4ms, total 4ms
02-03 10:47:45.171 D/dalvikvm( 2070): GC_FOR_ALLOC freed 2027K, 35% free 8331K/12628K, paused 3ms, total 3ms
02-03 10:47:45.181 D/dalvikvm( 2070): GC_FOR_ALLOC freed 1897K, 36% free 8115K/12628K, paused 3ms, total 4ms
02-03 10:47:45.191 D/dalvikvm( 2070): GC_FOR_ALLOC freed 2059K, 36% free 8116K/12628K, paused 5ms, total 5ms
02-03 10:47:45.191 D/dalvikvm( 2070): GC_FOR_ALLOC freed 2076K, 36% free 8118K/12628K, paused 3ms, total 3ms
02-03 10:47:45.201 D/dalvikvm( 2070): GC_FOR_ALLOC freed 1717K, 34% free 8342K/12628K, paused 4ms, total 4ms
02-03 10:47:45.201 D/dalvikvm( 2070): GC_FOR_ALLOC freed 1955K, 36% free 8120K/12628K, paused 3ms, total 3ms
02-03 10:47:45.201 D/dalvikvm( 2070): GC_FOR_ALLOC freed 1741K, 34% free 8347K/12628K, paused 3ms, total 3ms
02-03 10:47:45.211 D/dalvikvm( 2070): GC_FOR_ALLOC freed 1983K, 36% free 8122K/12628K, paused 3ms, total 3ms
02-03 10:47:45.211 D/dalvikvm( 2070): GC_FOR_ALLOC freed 1765K, 34% free 8353K/12628K, paused 4ms, total 4ms
02-03 10:47:45.221 D/dalvikvm( 2070): GC_FOR_ALLOC freed 2010K, 36% free 8124K/12628K, paused 3ms, total 3ms
02-03 10:47:45.221 D/dalvikvm( 2070): GC_FOR_ALLOC freed 1789K, 34% free 8358K/12628K, paused 3ms, total 3ms
02-03 10:47:45.231 D/dalvikvm( 2070): GC_FOR_ALLOC freed 2037K, 36% free 8126K/12628K, paused 3ms, total 3ms
02-03 10:47:45.231 D/dalvikvm( 2070): GC_FOR_ALLOC freed 1813K, 34% free 8363K/12628K, paused 3ms, total 3ms
02-03 10:47:45.241 D/dalvikvm( 2070): GC_FOR_ALLOC freed 2064K, 36% free 8128K/12628K, paused 3ms, total 3ms
02-03 10:47:45.241 D/dalvikvm( 2070): GC_FOR_ALLOC freed 1838K, 34% free 8368K/12628K, paused 3ms, total 3ms
02-03 10:47:45.251 D/dalvikvm( 2070): GC_FOR_ALLOC freed 2094K, 36% free 8130K/12628K, paused 4ms, total 4ms
02-03 10:47:45.251 D/dalvikvm( 2070): GC_FOR_ALLOC freed 1864K, 35% free 8212K/12628K, paused 3ms, total 3ms
02-03 10:47:45.261 D/dalvikvm( 2070): GC_FOR_ALLOC freed 2122K, 36% free 8133K/12628K, paused 3ms, total 3ms
02-03 10:47:45.271 D/dalvikvm( 2070): GC_FOR_ALLOC freed 1889K, 35% free 8215K/12628K, paused 5ms, total 5ms
02-03 10:47:45.271 D/dalvikvm( 2070): GC_FOR_ALLOC freed 1735K, 35% free 8217K/12628K, paused 3ms, total 3ms
02-03 10:47:45.281 D/dalvikvm( 2070): GC_FOR_ALLOC freed 1745K, 35% free 8218K/12628K, paused 3ms, total 3ms
02-03 10:47:45.281 D/dalvikvm( 2070): GC_FOR_ALLOC freed 1756K, 35% free 8220K/12628K, paused 3ms, total 3ms
02-03 10:47:45.281 D/dalvikvm( 2070): GC_FOR_ALLOC freed 1765K, 35% free 8221K/12628K, paused 3ms, total 3ms
02-03 10:47:45.291 D/dalvikvm( 2070): GC_FOR_ALLOC freed 1775K, 35% free 8222K/12628K, paused 3ms, total 3ms
02-03 10:47:45.291 D/dalvikvm( 2070): GC_FOR_ALLOC freed 1784K, 35% free 8224K/12628K, paused 3ms, total 3ms
02-03 10:47:45.301 D/dalvikvm( 2070): GC_FOR_ALLOC freed 1794K, 35% free 8225K/12628K, paused 3ms, total 3ms
02-03 10:47:45.301 D/dalvikvm( 2070): GC_FOR_ALLOC freed 1803K, 35% free 8226K/12628K, paused 3ms, total 3ms
02-03 10:47:45.311 D/dalvikvm( 2070): GC_FOR_ALLOC freed 1812K, 35% free 8228K/12628K, paused 3ms, total 3ms
02-03 10:47:45.311 D/dalvikvm( 2070): GC_FOR_ALLOC freed 1822K, 35% free 8229K/12628K, paused 3ms, total 3ms
02-03 10:47:45.321 D/dalvikvm( 2070): GC_FOR_ALLOC freed 1831K, 35% free 8230K/12628K, paused 3ms, total 3ms
02-03 10:47:45.321 D/dalvikvm( 2070): GC_FOR_ALLOC freed 1841K, 35% free 8232K/12628K, paused 3ms, total 3ms
02-03 10:47:45.331 D/dalvikvm( 2070): GC_FOR_ALLOC freed 1850K, 35% free 8233K/12628K, paused 3ms, total 3ms
02-03 10:47:45.331 D/dalvikvm( 2070): GC_FOR_ALLOC freed 1859K, 35% free 8234K/12628K, paused 3ms, total 3ms
02-03 10:47:45.341 D/dalvikvm( 2070): GC_FOR_ALLOC freed 1869K, 35% free 8236K/12628K, paused 3ms, total 3ms
02-03 10:47:45.341 D/dalvikvm( 2070): GC_FOR_ALLOC freed 1878K, 35% free 8237K/12628K, paused 3ms, total 3ms
02-03 10:47:45.351 D/dalvikvm( 2070): GC_FOR_ALLOC freed 1888K, 35% free 8238K/12628K, paused 4ms, total 4ms
02-03 10:47:45.351 D/dalvikvm( 2070): GC_FOR_ALLOC freed 1897K, 35% free 8240K/12628K, paused 5ms, total 5ms
02-03 10:47:45.361 D/dalvikvm( 2070): GC_FOR_ALLOC freed 1725K, 36% free 8151K/12628K, paused 3ms, total 4ms
02-03 10:47:45.361 D/dalvikvm( 2070): GC_FOR_ALLOC freed 1915K, 36% free 8152K/12628K, paused 3ms, total 3ms
02-03 10:47:45.371 D/dalvikvm( 2070): GC_FOR_ALLOC freed 1924K, 36% free 8153K/12628K, paused 3ms, total 3ms
02-03 10:47:45.371 D/dalvikvm( 2070): GC_FOR_ALLOC freed 1934K, 36% free 8153K/12628K, paused 3ms, total 3ms
02-03 10:47:45.381 D/dalvikvm( 2070): GC_FOR_ALLOC freed 1943K, 36% free 8154K/12628K, paused 3ms, total 3ms
02-03 10:47:45.381 D/dalvikvm( 2070): GC_FOR_ALLOC freed 1953K, 36% free 8155K/12628K, paused 3ms, total 3ms
02-03 10:47:45.391 D/dalvikvm( 2070): GC_FOR_ALLOC freed 1962K, 36% free 8156K/12628K, paused 4ms, total 4ms
02-03 10:47:45.391 D/dalvikvm( 2070): GC_FOR_ALLOC freed 1971K, 36% free 8157K/12628K, paused 3ms, total 3ms
02-03 10:47:45.401 D/dalvikvm( 2070): GC_FOR_ALLOC freed 1981K, 36% free 8158K/12628K, paused 3ms, total 3ms
02-03 10:47:45.401 D/dalvikvm( 2070): GC_FOR_ALLOC freed 1990K, 36% free 8159K/12628K, paused 3ms, total 3ms
02-03 10:47:45.411 D/dalvikvm( 2070): GC_FOR_ALLOC freed 2000K, 36% free 8160K/12628K, paused 4ms, total 4ms
02-03 10:47:45.411 D/dalvikvm( 2070): GC_FOR_ALLOC freed 2009K, 36% free 8161K/12628K, paused 3ms, total 3ms
02-03 10:47:45.421 D/dalvikvm( 2070): GC_FOR_ALLOC freed 2019K, 36% free 8162K/12628K, paused 5ms, total 5ms
02-03 10:47:45.421 D/dalvikvm( 2070): GC_FOR_ALLOC freed 2028K, 36% free 8162K/12628K, paused 3ms, total 3ms
02-03 10:47:45.431 D/dalvikvm( 2070): GC_FOR_ALLOC freed 2037K, 36% free 8163K/12628K, paused 3ms, total 3ms
02-03 10:47:45.431 D/dalvikvm( 2070): GC_FOR_ALLOC freed 2047K, 36% free 8164K/12628K, paused 5ms, total 5ms
02-03 10:47:45.441 D/dalvikvm( 2070): GC_FOR_ALLOC freed 2056K, 36% free 8165K/12628K, paused 3ms, total 3ms
02-03 10:47:45.441 D/dalvikvm( 2070): GC_FOR_ALLOC freed 2066K, 36% free 8166K/12628K, paused 3ms, total 4ms
02-03 10:47:45.451 D/dalvikvm( 2070): GC_FOR_ALLOC freed 2075K, 36% free 8167K/12628K, paused 4ms, total 4ms
02-03 10:47:45.451 D/dalvikvm( 2070): GC_FOR_ALLOC freed 2084K, 36% free 8168K/12628K, paused 4ms, total 4ms
02-03 10:47:45.461 D/dalvikvm( 2070): GC_FOR_ALLOC freed 2094K, 36% free 8169K/12628K, paused 3ms, total 3ms
02-03 10:47:45.461 D/dalvikvm( 2070): GC_FOR_ALLOC freed 2103K, 36% free 8170K/12628K, paused 3ms, total 3ms
02-03 10:47:45.471 D/dalvikvm( 2070): GC_FOR_ALLOC freed 1608K, 33% free 8471K/12628K, paused 5ms, total 5ms
02-03 10:47:45.481 D/dalvikvm( 2070): GC_FOR_ALLOC freed 1918K, 36% free 8171K/12628K, paused 4ms, total 4ms
02-03 10:47:45.481 D/dalvikvm( 2070): GC_FOR_ALLOC freed 1620K, 33% free 8475K/12628K, paused 5ms, total 5ms
02-03 10:47:45.491 D/dalvikvm( 2070): GC_FOR_ALLOC freed 1932K, 36% free 8173K/12628K, paused 3ms, total 3ms
02-03 10:47:45.491 D/dalvikvm( 2070): GC_FOR_ALLOC freed 1633K, 33% free 8479K/12628K, paused 3ms, total 3ms
02-03 10:47:45.501 D/dalvikvm( 2070): GC_FOR_ALLOC freed 1947K, 36% free 8174K/12628K, paused 3ms, total 3ms
02-03 10:47:45.501 D/dalvikvm( 2070): GC_FOR_ALLOC freed 1645K, 33% free 8483K/12628K, paused 3ms, total 3ms
02-03 10:47:45.511 D/dalvikvm( 2070): GC_FOR_ALLOC freed 1789K, 35% free 8274K/12628K, paused 3ms, total 3ms
02-03 10:47:45.511 D/dalvikvm( 2070): GC_FOR_ALLOC freed 1742K, 33% free 8497K/12628K, paused 4ms, total 4ms
02-03 10:47:45.521 D/dalvikvm( 2070): GC_FOR_ALLOC freed 1547K, 33% free 8497K/12628K, paused 4ms, total 4ms
02-03 10:47:45.531 D/dalvikvm( 2070): GC_FOR_ALLOC freed 2175K, 40% free 7651K/12628K, paused 4ms, total 4ms
02-03 10:47:45.531 D/dalvikvm( 2070): GC_FOR_ALLOC freed 8K, 32% free 8667K/12628K, paused 2ms, total 2ms
02-03 10:47:45.531 I/dalvikvm-heap( 2070): Grow heap (frag case) to 9.507MB for 1048592-byte allocation
02-03 10:47:45.531 D/dalvikvm( 2070): GC_FOR_ALLOC freed 4K, 30% free 9687K/13656K, paused 3ms, total 3ms
02-03 10:47:45.541 D/dalvikvm( 2070): GC_FOR_ALLOC freed <1K, 30% free 9687K/13656K, paused 2ms, total 3ms
02-03 10:47:45.541 I/dalvikvm-heap( 2070): Grow heap (frag case) to 10.502MB for 1048592-byte allocation
02-03 10:47:45.541 D/dalvikvm( 2070): GC_FOR_ALLOC freed 0K, 28% free 10711K/14684K, paused 3ms, total 3ms
02-03 10:47:45.901 D/dalvikvm( 2070): GC_CONCURRENT freed 6748K, 46% free 8035K/14844K, paused 0ms+1ms, total 16ms
02-03 10:47:45.901 D/dalvikvm( 2070): WAIT_FOR_CONCURRENT_GC blocked 16ms
02-03 10:47:45.911 D/dalvikvm( 2070): GC_CONCURRENT freed 4025K, 36% free 8086K/12548K, paused 0ms+1ms, total 4ms
02-03 10:47:45.911 D/dalvikvm( 2070): WAIT_FOR_CONCURRENT_GC blocked 3ms
02-03 10:47:45.921 D/dalvikvm( 2070): GC_FOR_ALLOC freed 3831K, 37% free 8026K/12548K, paused 5ms, total 5ms
02-03 10:47:45.931 D/dalvikvm( 2070): GC_FOR_ALLOC freed 3637K, 37% free 8022K/12548K, paused 4ms, total 4ms
02-03 10:47:45.931 D/dalvikvm( 2070): GC_FOR_ALLOC freed 3360K, 36% free 8103K/12548K, paused 4ms, total 4ms
02-03 10:47:45.941 D/dalvikvm( 2070): GC_FOR_ALLOC freed 3266K, 36% free 8079K/12548K, paused 3ms, total 3ms
02-03 10:47:45.951 D/dalvikvm( 2070): GC_FOR_ALLOC freed 3078K, 36% free 8141K/12548K, paused 3ms, total 3ms
02-03 10:47:45.951 D/dalvikvm( 2070): GC_FOR_ALLOC freed 3042K, 36% free 8075K/12548K, paused 3ms, total 3ms
02-03 10:47:45.961 D/dalvikvm( 2070): GC_FOR_ALLOC freed 3147K, 36% free 8037K/12548K, paused 4ms, total 4ms
02-03 10:47:45.961 D/dalvikvm( 2070): GC_FOR_ALLOC freed 2931K, 36% free 8074K/12548K, paused 3ms, total 3ms
02-03 10:47:45.971 D/dalvikvm( 2070): GC_FOR_ALLOC freed 2907K, 36% free 8068K/12548K, paused 3ms, total 3ms
02-03 10:47:45.981 D/dalvikvm( 2070): GC_FOR_ALLOC freed 2822K, 36% free 8067K/12548K, paused 4ms, total 4ms
02-03 10:47:45.981 D/dalvikvm( 2070): GC_FOR_ALLOC freed 2720K, 35% free 8192K/12548K, paused 4ms, total 4ms
02-03 10:47:45.991 D/dalvikvm( 2070): GC_FOR_ALLOC freed 2724K, 35% free 8195K/12548K, paused 3ms, total 4ms
02-03 10:47:45.991 D/dalvikvm( 2070): GC_FOR_ALLOC freed 2809K, 36% free 8108K/12548K, paused 3ms, total 3ms
02-03 10:47:46.001 D/dalvikvm( 2070): GC_FOR_ALLOC freed 2568K, 35% free 8199K/12548K, paused 4ms, total 4ms
02-03 10:47:46.011 D/dalvikvm( 2070): GC_FOR_ALLOC freed 2874K, 36% free 8060K/12548K, paused 4ms, total 4ms
02-03 10:47:46.011 D/dalvikvm( 2070): GC_FOR_ALLOC freed 2806K, 36% free 8107K/12548K, paused 3ms, total 3ms
02-03 10:47:46.021 D/dalvikvm( 2070): GC_FOR_ALLOC freed 2678K, 36% free 8089K/12548K, paused 4ms, total 5ms
02-03 10:47:46.021 D/dalvikvm( 2070): GC_FOR_ALLOC freed 2842K, 36% free 8087K/12548K, paused 3ms, total 3ms
02-03 10:47:46.031 D/dalvikvm( 2070): GC_FOR_ALLOC freed 2646K, 35% free 8241K/12548K, paused 4ms, total 4ms
02-03 10:47:46.041 D/dalvikvm( 2070): GC_FOR_ALLOC freed 2863K, 36% free 8084K/12548K, paused 3ms, total 3ms
02-03 10:47:46.041 D/dalvikvm( 2070): GC_FOR_ALLOC freed 2761K, 36% free 8136K/12548K, paused 4ms, total 4ms
02-03 10:47:46.051 D/dalvikvm( 2070): GC_FOR_ALLOC freed 2705K, 35% free 8246K/12548K, paused 3ms, total 3ms
02-03 10:47:46.051 D/dalvikvm( 2070): GC_FOR_ALLOC freed 2643K, 36% free 8078K/12548K, paused 4ms, total 4ms
02-03 10:47:46.061 D/dalvikvm( 2070): GC_FOR_ALLOC freed 2517K, 36% free 8133K/12548K, paused 3ms, total 3ms
02-03 10:47:46.061 D/dalvikvm( 2070): GC_FOR_ALLOC freed 2442K, 35% free 8163K/12548K, paused 3ms, total 3ms
02-03 10:47:46.071 D/dalvikvm( 2070): GC_FOR_ALLOC freed 2479K, 35% free 8162K/12548K, paused 3ms, total 3ms
02-03 10:47:46.071 D/dalvikvm( 2070): GC_FOR_ALLOC freed 2517K, 35% free 8161K/12548K, paused 3ms, total 4ms
02-03 10:47:46.081 D/dalvikvm( 2070): GC_FOR_ALLOC freed 2555K, 35% free 8160K/12548K, paused 3ms, total 3ms
02-03 10:47:46.081 D/dalvikvm( 2070): GC_FOR_ALLOC freed 2592K, 35% free 8158K/12548K, paused 4ms, total 4ms
02-03 10:47:46.091 D/dalvikvm( 2070): GC_FOR_ALLOC freed 2504K, 36% free 8095K/12548K, paused 3ms, total 3ms
02-03 10:47:46.101 D/dalvikvm( 2070): GC_FOR_ALLOC freed 2666K, 36% free 8092K/12548K, paused 3ms, total 4ms
02-03 10:47:46.101 D/dalvikvm( 2070): GC_FOR_ALLOC freed 2380K, 34% free 8283K/12548K, paused 4ms, total 4ms
02-03 10:47:46.111 D/dalvikvm( 2070): GC_FOR_ALLOC freed 2606K, 36% free 8120K/12548K, paused 3ms, total 4ms
02-03 10:47:46.111 D/dalvikvm( 2070): GC_FOR_ALLOC freed 2308K, 36% free 8117K/12548K, paused 3ms, total 3ms
02-03 10:47:46.121 D/dalvikvm( 2070): GC_FOR_ALLOC freed 2335K, 36% free 8115K/12548K, paused 4ms, total 4ms
02-03 10:47:46.121 D/dalvikvm( 2070): GC_FOR_ALLOC freed 2361K, 36% free 8112K/12548K, paused 4ms, total 4ms
02-03 10:47:46.131 D/dalvikvm( 2070): GC_FOR_ALLOC freed 2523K, 35% free 8177K/12548K, paused 3ms, total 3ms
02-03 10:47:46.131 D/dalvikvm( 2070): GC_FOR_ALLOC freed 2414K, 35% free 8176K/12548K, paused 3ms, total 3ms
02-03 10:47:46.141 D/dalvikvm( 2070): GC_FOR_ALLOC freed 2441K, 35% free 8174K/12548K, paused 3ms, total 3ms
02-03 10:47:46.141 D/dalvikvm( 2070): GC_FOR_ALLOC freed 2467K, 35% free 8172K/12548K, paused 3ms, total 3ms
02-03 10:47:46.151 D/dalvikvm( 2070): GC_FOR_ALLOC freed 2493K, 35% free 8202K/12548K, paused 3ms, total 3ms
02-03 10:47:46.151 D/dalvikvm( 2070): GC_FOR_ALLOC freed 2375K, 36% free 8129K/12548K, paused 4ms, total 4ms
02-03 10:47:46.161 D/dalvikvm( 2070): GC_FOR_ALLOC freed 2175K, 35% free 8202K/12548K, paused 3ms, total 3ms
02-03 10:47:46.161 D/dalvikvm( 2070): GC_FOR_ALLOC freed 2047K, 34% free 8351K/12548K, paused 3ms, total 3ms
02-03 10:47:46.171 D/dalvikvm( 2070): GC_FOR_ALLOC freed 2064K, 34% free 8354K/12548K, paused 4ms, total 4ms
02-03 10:47:46.171 D/dalvikvm( 2070): GC_FOR_ALLOC freed 2081K, 34% free 8357K/12548K, paused 4ms, total 4ms
02-03 10:47:46.181 D/dalvikvm( 2070): GC_FOR_ALLOC freed 2098K, 34% free 8360K/12548K, paused 3ms, total 3ms
02-03 10:47:46.191 D/dalvikvm( 2070): GC_FOR_ALLOC freed 2114K, 35% free 8211K/12548K, paused 6ms, total 6ms
02-03 10:47:46.191 D/dalvikvm( 2070): GC_FOR_ALLOC freed 1979K, 36% free 8138K/12548K, paused 3ms, total 4ms
02-03 10:47:46.201 D/dalvikvm( 2070): GC_FOR_ALLOC freed 2147K, 36% free 8139K/12548K, paused 4ms, total 4ms
02-03 10:47:46.201 D/dalvikvm( 2070): GC_FOR_ALLOC freed 2163K, 36% free 8140K/12548K, paused 3ms, total 3ms
02-03 10:47:46.211 D/dalvikvm( 2070): GC_FOR_ALLOC freed 2180K, 36% free 8141K/12548K, paused 3ms, total 3ms
02-03 10:47:46.211 D/dalvikvm( 2070): GC_FOR_ALLOC freed 2197K, 36% free 8142K/12548K, paused 3ms, total 3ms
02-03 10:47:46.221 D/dalvikvm( 2070): GC_FOR_ALLOC freed 2214K, 36% free 8144K/12548K, paused 3ms, total 3ms
02-03 10:47:46.221 D/dalvikvm( 2070): GC_FOR_ALLOC freed 2230K, 36% free 8145K/12548K, paused 3ms, total 3ms
02-03 10:47:46.231 D/dalvikvm( 2070): GC_FOR_ALLOC freed 1846K, 34% free 8386K/12548K, paused 3ms, total 3ms
02-03 10:47:46.231 D/dalvikvm( 2070): GC_FOR_ALLOC freed 1696K, 34% free 8389K/12548K, paused 3ms, total 3ms
02-03 10:47:46.241 D/dalvikvm( 2070): GC_FOR_ALLOC freed 2113K, 36% free 8148K/12548K, paused 4ms, total 4ms
02-03 10:47:46.241 D/dalvikvm( 2070): GC_FOR_ALLOC freed 2293K, 36% free 8149K/12548K, paused 3ms, total 3ms
02-03 10:47:46.251 D/dalvikvm( 2070): GC_FOR_ALLOC freed 1896K, 34% free 8397K/12548K, paused 4ms, total 4ms
02-03 10:47:46.261 D/dalvikvm( 2070): GC_FOR_ALLOC freed 1741K, 34% free 8399K/12548K, paused 3ms, total 3ms
02-03 10:47:46.261 D/dalvikvm( 2070): GC_FOR_ALLOC freed 1752K, 34% free 8402K/12548K, paused 4ms, total 4ms
02-03 10:47:46.271 D/dalvikvm( 2070): GC_FOR_ALLOC freed 1762K, 34% free 8404K/12548K, paused 4ms, total 4ms
02-03 10:47:46.271 D/dalvikvm( 2070): GC_FOR_ALLOC freed 1772K, 34% free 8407K/12548K, paused 4ms, total 4ms
02-03 10:47:46.281 D/dalvikvm( 2070): GC_FOR_ALLOC freed 1781K, 33% free 8409K/12548K, paused 4ms, total 4ms
02-03 10:47:46.281 D/dalvikvm( 2070): GC_FOR_ALLOC freed 1790K, 33% free 8411K/12548K, paused 3ms, total 3ms
02-03 10:47:46.291 D/dalvikvm( 2070): GC_FOR_ALLOC freed 1800K, 33% free 8413K/12548K, paused 3ms, total 3ms
02-03 10:47:46.291 D/dalvikvm( 2070): GC_FOR_ALLOC freed 1809K, 33% free 8415K/12548K, paused 4ms, total 4ms
02-03 10:47:46.291 D/dalvikvm( 2070): GC_FOR_ALLOC freed 1819K, 33% free 8418K/12548K, paused 3ms, total 3ms
02-03 10:47:46.301 D/dalvikvm( 2070): GC_FOR_ALLOC freed 1828K, 33% free 8420K/12548K, paused 4ms, total 4ms
02-03 10:47:46.301 D/dalvikvm( 2070): GC_FOR_ALLOC freed 1837K, 33% free 8422K/12548K, paused 3ms, total 3ms
02-03 10:47:46.311 D/dalvikvm( 2070): GC_FOR_ALLOC freed 1847K, 35% free 8249K/12548K, paused 3ms, total 3ms
02-03 10:47:46.311 D/dalvikvm( 2070): GC_FOR_ALLOC freed 1856K, 33% free 8427K/12548K, paused 3ms, total 3ms
02-03 10:47:46.321 D/dalvikvm( 2070): GC_FOR_ALLOC freed 1866K, 35% free 8251K/12548K, paused 3ms, total 3ms
02-03 10:47:46.321 D/dalvikvm( 2070): GC_FOR_ALLOC freed 1875K, 35% free 8253K/12548K, paused 3ms, total 3ms
02-03 10:47:46.331 D/dalvikvm( 2070): GC_FOR_ALLOC freed 1885K, 35% free 8254K/12548K, paused 3ms, total 3ms
02-03 10:47:46.331 D/dalvikvm( 2070): GC_FOR_ALLOC freed 1894K, 35% free 8255K/12548K, paused 4ms, total 4ms
02-03 10:47:46.341 D/dalvikvm( 2070): GC_FOR_ALLOC freed 1903K, 35% free 8257K/12548K, paused 3ms, total 3ms
02-03 10:47:46.341 D/dalvikvm( 2070): GC_FOR_ALLOC freed 1730K, 35% free 8167K/12548K, paused 3ms, total 3ms
02-03 10:47:46.351 D/dalvikvm( 2070): GC_FOR_ALLOC freed 1921K, 35% free 8168K/12548K, paused 4ms, total 4ms
02-03 10:47:46.361 D/dalvikvm( 2070): GC_FOR_ALLOC freed 1931K, 35% free 8169K/12548K, paused 4ms, total 4ms
02-03 10:47:46.361 D/dalvikvm( 2070): GC_FOR_ALLOC freed 1940K, 35% free 8170K/12548K, paused 3ms, total 3ms
02-03 10:47:46.371 D/dalvikvm( 2070): GC_FOR_ALLOC freed 1950K, 35% free 8171K/12548K, paused 3ms, total 3ms
02-03 10:47:46.371 D/dalvikvm( 2070): GC_FOR_ALLOC freed 1959K, 35% free 8172K/12548K, paused 3ms, total 3ms
02-03 10:47:46.381 D/dalvikvm( 2070): GC_FOR_ALLOC freed 1968K, 35% free 8173K/12548K, paused 3ms, total 3ms
02-03 10:47:46.381 D/dalvikvm( 2070): GC_FOR_ALLOC freed 1978K, 35% free 8174K/12548K, paused 3ms, total 3ms
02-03 10:47:46.391 D/dalvikvm( 2070): GC_FOR_ALLOC freed 1987K, 35% free 8175K/12548K, paused 3ms, total 3ms
02-03 10:47:46.391 D/dalvikvm( 2070): GC_FOR_ALLOC freed 1997K, 35% free 8175K/12548K, paused 3ms, total 3ms
02-03 10:47:46.391 D/dalvikvm( 2070): GC_FOR_ALLOC freed 2006K, 35% free 8176K/12548K, paused 3ms, total 3ms
02-03 10:47:46.401 D/dalvikvm( 2070): GC_FOR_ALLOC freed 1534K, 33% free 8464K/12548K, paused 3ms, total 3ms
02-03 10:47:46.401 D/dalvikvm( 2070): GC_FOR_ALLOC freed 1830K, 35% free 8178K/12548K, paused 3ms, total 3ms
02-03 10:47:46.411 D/dalvikvm( 2070): GC_FOR_ALLOC freed 1546K, 33% free 8468K/12548K, paused 3ms, total 3ms
02-03 10:47:46.411 D/dalvikvm( 2070): GC_FOR_ALLOC freed 1844K, 35% free 8179K/12548K, paused 3ms, total 4ms
02-03 10:47:46.421 D/dalvikvm( 2070): GC_FOR_ALLOC freed 1558K, 33% free 8472K/12548K, paused 4ms, total 4ms
02-03 10:47:46.421 D/dalvikvm( 2070): GC_FOR_ALLOC freed 1858K, 35% free 8181K/12548K, paused 3ms, total 3ms
02-03 10:47:46.431 D/dalvikvm( 2070): GC_FOR_ALLOC freed 1570K, 33% free 8475K/12548K, paused 4ms, total 4ms
02-03 10:47:46.431 D/dalvikvm( 2070): GC_FOR_ALLOC freed 1872K, 35% free 8182K/12548K, paused 4ms, total 4ms
02-03 10:47:46.441 D/dalvikvm( 2070): GC_FOR_ALLOC freed 1582K, 33% free 8479K/12548K, paused 4ms, total 4ms
02-03 10:47:46.451 D/dalvikvm( 2070): GC_FOR_ALLOC freed 1887K, 35% free 8184K/12548K, paused 4ms, total 4ms
02-03 10:47:46.451 D/dalvikvm( 2070): GC_FOR_ALLOC freed 1594K, 33% free 8483K/12548K, paused 4ms, total 4ms
02-03 10:47:46.461 D/dalvikvm( 2070): GC_FOR_ALLOC freed 1901K, 35% free 8185K/12548K, paused 3ms, total 3ms
02-03 10:47:46.461 D/dalvikvm( 2070): GC_FOR_ALLOC freed 1606K, 33% free 8486K/12548K, paused 3ms, total 3ms
02-03 10:47:46.471 D/dalvikvm( 2070): GC_FOR_ALLOC freed 1915K, 35% free 8187K/12548K, paused 3ms, total 3ms
02-03 10:47:46.471 D/dalvikvm( 2070): GC_FOR_ALLOC freed 1618K, 33% free 8490K/12548K, paused 3ms, total 3ms
02-03 10:47:46.471 D/dalvikvm( 2070): GC_FOR_ALLOC freed 1929K, 35% free 8188K/12548K, paused 3ms, total 3ms
02-03 10:47:46.481 D/dalvikvm( 2070): GC_FOR_ALLOC freed 1630K, 33% free 8494K/12548K, paused 3ms, total 4ms
02-03 10:47:46.481 D/dalvikvm( 2070): GC_FOR_ALLOC freed 1944K, 35% free 8190K/12548K, paused 3ms, total 4ms
02-03 10:47:46.491 D/dalvikvm( 2070): GC_FOR_ALLOC freed 1643K, 33% free 8498K/12548K, paused 3ms, total 3ms
02-03 10:47:46.491 D/dalvikvm( 2070): GC_FOR_ALLOC freed 2079K, 35% free 8185K/12548K, paused 3ms, total 3ms
02-03 10:47:46.501 D/dalvikvm( 2070): GC_FOR_ALLOC freed 1952K, 35% free 8181K/12548K, paused 4ms, total 4ms
02-03 10:47:46.511 D/dalvikvm( 2070): GC_FOR_ALLOC freed 1768K, 33% free 8513K/12548K, paused 4ms, total 4ms
02-03 10:47:46.511 D/dalvikvm( 2070): GC_FOR_ALLOC freed 2183K, 39% free 7659K/12548K, paused 4ms, total 4ms
02-03 10:47:46.521 D/dalvikvm( 2070): GC_FOR_ALLOC freed 4K, 31% free 8679K/12548K, paused 3ms, total 3ms
02-03 10:47:46.521 I/dalvikvm-heap( 2070): Grow heap (frag case) to 9.519MB for 1048592-byte allocation
02-03 10:47:46.521 D/dalvikvm( 2070): GC_FOR_ALLOC freed 4K, 29% free 9699K/13576K, paused 3ms, total 3ms
02-03 10:47:46.521 D/dalvikvm( 2070): GC_FOR_ALLOC freed <1K, 29% free 9699K/13576K, paused 2ms, total 2ms
02-03 10:47:46.531 I/dalvikvm-heap( 2070): Grow heap (frag case) to 10.514MB for 1048592-byte allocation
02-03 10:47:46.531 D/dalvikvm( 2070): GC_FOR_ALLOC freed 0K, 27% free 10723K/14604K, paused 2ms, total 2ms
02-03 10:47:47.601 D/wpa_supplicant(  637): wlan0: Starting AP scan for wildcard SSID
02-03 10:47:47.601 D/wpa_supplicant(  637): WPS: Building WPS IE for Probe Request
02-03 10:47:47.601 D/wpa_supplicant(  637): WPS:  * Version (hardcoded 0x10)
02-03 10:47:47.601 D/wpa_supplicant(  637): WPS:  * Request Type
02-03 10:47:47.601 D/wpa_supplicant(  637): WPS:  * Config Methods (4288)
02-03 10:47:47.601 D/wpa_supplicant(  637): WPS:  * UUID-E
02-03 10:47:47.601 D/wpa_supplicant(  637): WPS:  * Primary Device Type
02-03 10:47:47.601 D/wpa_supplicant(  637): WPS:  * RF Bands (1)
02-03 10:47:47.601 D/wpa_supplicant(  637): WPS:  * Association State
02-03 10:47:47.601 D/wpa_supplicant(  637): WPS:  * Configuration Error (0)
02-03 10:47:47.601 D/wpa_supplicant(  637): WPS:  * Device Password ID (0)
02-03 10:47:47.601 D/wpa_supplicant(  637): WPS:  * Manufacturer
02-03 10:47:47.601 D/wpa_supplicant(  637): WPS:  * Model Name
02-03 10:47:47.601 D/wpa_supplicant(  637): WPS:  * Model Number
02-03 10:47:47.601 D/wpa_supplicant(  637): WPS:  * Device Name
02-03 10:47:47.601 D/wpa_supplicant(  637): WPS:  * Version2 (0x20)
02-03 10:47:47.601 D/wpa_supplicant(  637): P2P: * P2P IE header
02-03 10:47:47.601 D/wpa_supplicant(  637): P2P: * Capability dev=25 group=00
02-03 10:47:47.601 D/wpa_supplicant(  637): P2P: * Listen Channel: Regulatory Class 81 Channel 11
02-03 10:47:47.601 D/wpa_supplicant(  637): wlan0: nl80211: scan request
02-03 10:47:47.661 D/wpa_supplicant(  637): Scan requested (ret=0) - scan timeout 30 seconds
02-03 10:47:47.661 D/wpa_supplicant(  637): nl80211: Drv Event 33 (NL80211_CMD_TRIGGER_SCAN) received for wlan0
02-03 10:47:47.661 D/wpa_supplicant(  637): wlan0: nl80211: Scan trigger
02-03 10:47:48.781 D/wpa_supplicant(  637): nl80211: Drv Event 34 (NL80211_CMD_NEW_SCAN_RESULTS) received for wlan0
02-03 10:47:48.781 D/wpa_supplicant(  637): wlan0: nl80211: New scan results available
02-03 10:47:48.781 D/wpa_supplicant(  637): wlan0: Event SCAN_RESULTS (3) received
02-03 10:47:48.781 D/wpa_supplicant(  637): nl80211: Received scan results (23 BSSes)
02-03 10:47:48.781 D/wpa_supplicant(  637): nl80211: Survey data missing
02-03 10:47:48.781 D/wpa_supplicant(  637): wlan0: BSS: Start scan result update 104
02-03 10:47:48.781 D/wpa_supplicant(  637): wlan0: BSS: Add new id 435 BSSID 8c:be:be:01:00:49 SSID 'xmw'
02-03 10:47:48.781 D/wpa_supplicant(  637): CTRL_IFACE monitor send - hexdump(len=39): 2f 64 61 74 61 2f 6d 69 73 63 2f 77 69 66 69 2f 73 6f 63 6b 65 74 73 2f 77 70 61 5f 63 74 72 6c ...
02-03 10:47:48.781 D/wpa_supplicant(  637): wlan0: BSS: Add new id 436 BSSID ac:f1:df:cf:85:c0 SSID 'Jiangnan'
02-03 10:47:48.781 I/WifiHW  (  547): EVENT: IFNAME=wlan0 CTRL-EVENT-BSS-ADDED 435 8c:be:be:01:00:49
02-03 10:47:48.781 D/wpa_supplicant(  637): CTRL_IFACE monitor send - hexdump(len=39): 2f 64 61 74 61 2f 6d 69 73 63 2f 77 69 66 69 2f 73 6f 63 6b 65 74 73 2f 77 70 61 5f 63 74 72 6c ...
02-03 10:47:48.781 D/wpa_supplicant(  637): wlan0: BSS: Remove id 237 BSSID 6c:8b:2f:e8:38:24 SSID 'ZTE_AP_6703' due to no match in scan
02-03 10:47:48.781 I/WifiHW  (  547): EVENT: IFNAME=wlan0 CTRL-EVENT-BSS-ADDED 436 ac:f1:df:cf:85:c0
02-03 10:47:48.781 D/wpa_supplicant(  637): CTRL_IFACE monitor send - hexdump(len=39): 2f 64 61 74 61 2f 6d 69 73 63 2f 77 69 66 69 2f 73 6f 63 6b 65 74 73 2f 77 70 61 5f 63 74 72 6c ...
02-03 10:47:48.781 D/wpa_supplicant(  637): wlan0: BSS: Remove id 417 BSSID 02:09:4c:b9:0c:d6 SSID 'DIRECT-' due to no match in scan
02-03 10:47:48.781 I/WifiHW  (  547): EVENT: IFNAME=wlan0 CTRL-EVENT-BSS-REMOVED 237 6c:8b:2f:e8:38:24
02-03 10:47:48.781 D/wpa_supplicant(  637): CTRL_IFACE monitor send - hexdump(len=39): 2f 64 61 74 61 2f 6d 69 73 63 2f 77 69 66 69 2f 73 6f 63 6b 65 74 73 2f 77 70 61 5f 63 74 72 6c ...
02-03 10:47:48.781 D/wpa_supplicant(  637): wlan0: BSS: Remove id 430 BSSID 02:09:4c:68:45:82 SSID 'DIRECT-' due to no match in scan
02-03 10:47:48.781 I/WifiHW  (  547): EVENT: IFNAME=wlan0 CTRL-EVENT-BSS-REMOVED 417 02:09:4c:b9:0c:d6
02-03 10:47:48.781 D/wpa_supplicant(  637): CTRL_IFACE monitor send - hexdump(len=39): 2f 64 61 74 61 2f 6d 69 73 63 2f 77 69 66 69 2f 73 6f 63 6b 65 74 73 2f 77 70 61 5f 63 74 72 6c ...
02-03 10:47:48.781 D/wpa_supplicant(  637): wlan0: BSS: Remove id 366 BSSID 50:bd:5f:4b:29:92 SSID 'Internet-2' due to no match in scan
02-03 10:47:48.781 I/WifiHW  (  547): EVENT: IFNAME=wlan0 CTRL-EVENT-BSS-REMOVED 430 02:09:4c:68:45:82
02-03 10:47:48.781 D/wpa_supplicant(  637): CTRL_IFACE monitor send - hexdump(len=39): 2f 64 61 74 61 2f 6d 69 73 63 2f 77 69 66 69 2f 73 6f 63 6b 65 74 73 2f 77 70 61 5f 63 74 72 6c ...
02-03 10:47:48.781 D/wpa_supplicant(  637): wlan0: BSS: Remove id 431 BSSID 4c:e6:76:a5:4d:e0 SSID 'BUFFALO-A54DE0-1' due to no match in scan
02-03 10:47:48.781 I/WifiHW  (  547): EVENT: IFNAME=wlan0 CTRL-EVENT-BSS-REMOVED 366 50:bd:5f:4b:29:92
02-03 10:47:48.791 D/wpa_supplicant(  637): CTRL_IFACE monitor send - hexdump(len=39): 2f 64 61 74 61 2f 6d 69 73 63 2f 77 69 66 69 2f 73 6f 63 6b 65 74 73 2f 77 70 61 5f 63 74 72 6c ...
02-03 10:47:48.791 D/wpa_supplicant(  637): BSS: last_scan_res_used=23/32 last_scan_full=0
02-03 10:47:48.791 D/wpa_supplicant(  637): wlan0: New scan results available
02-03 10:47:48.791 D/wpa_supplicant(  637): CTRL_IFACE monitor send - hexdump(len=39): 2f 64 61 74 61 2f 6d 69 73 63 2f 77 69 66 69 2f 73 6f 63 6b 65 74 73 2f 77 70 61 5f 63 74 72 6c ...
02-03 10:47:48.791 I/WifiHW  (  547): EVENT: IFNAME=wlan0 CTRL-EVENT-BSS-REMOVED 431 4c:e6:76:a5:4d:e0
02-03 10:47:48.791 D/wpa_supplicant(  637): CTRL_IFACE monitor send - hexdump(len=39): 2f 64 61 74 61 2f 6d 69 73 63 2f 77 69 66 69 2f 73 6f 63 6b 65 74 73 2f 77 70 61 5f 63 74 72 6c ...
02-03 10:47:48.791 D/wpa_supplicant(  637): Authorize channel 1
02-03 10:47:48.791 D/wpa_supplicant(  637): Authorize channel 2
02-03 10:47:48.791 D/wpa_supplicant(  637): Authorize channel 3
02-03 10:47:48.791 D/wpa_supplicant(  637): Authorize channel 4
02-03 10:47:48.791 D/wpa_supplicant(  637): Authorize channel 5
02-03 10:47:48.791 D/wpa_supplicant(  637): Authorize channel 6
02-03 10:47:48.791 D/wpa_supplicant(  637): Authorize channel 7
02-03 10:47:48.791 I/WifiHW  (  547): EVENT: IFNAME=wlan0 CTRL-EVENT-SCAN-RESULTS 
02-03 10:47:48.791 D/wpa_supplicant(  637): Authorize channel 8
02-03 10:47:48.791 D/wpa_supplicant(  637): Authorize channel 9
02-03 10:47:48.791 D/wpa_supplicant(  637): Authorize channel 10
02-03 10:47:48.791 D/wpa_supplicant(  637): Authorize channel 11
02-03 10:47:48.791 D/wpa_supplicant(  637): Authorize channel 12
02-03 10:47:48.791 D/wpa_supplicant(  637): Authorize channel 13
02-03 10:47:48.791 D/wpa_supplicant(  637): Authorize channel 1
02-03 10:47:48.791 D/wpa_supplicant(  637): Authorize channel 2
02-03 10:47:48.791 D/wpa_supplicant(  637): Authorize channel 3
02-03 10:47:48.791 D/wpa_supplicant(  637): Authorize channel 4
02-03 10:47:48.791 D/wpa_supplicant(  637): Authorize channel 5
02-03 10:47:48.791 D/wpa_supplicant(  637): Authorize channel 6
02-03 10:47:48.791 D/wpa_supplicant(  637): Authorize channel 7
02-03 10:47:48.791 D/wpa_supplicant(  637): Authorize channel 8
02-03 10:47:48.791 D/wpa_supplicant(  637): Authorize channel 9
02-03 10:47:48.791 D/wpa_supplicant(  637): Authorize channel 10
02-03 10:47:48.791 D/wpa_supplicant(  637): Authorize channel 11
02-03 10:47:48.791 D/wpa_supplicant(  637): Authorize channel 12
02-03 10:47:48.791 D/wpa_supplicant(  637): Authorize channel 13
02-03 10:47:48.791 D/wpa_supplicant(  637): Add access point on channel 6
02-03 10:47:48.791 D/wpa_supplicant(  637): Add access point on channel 11
02-03 10:47:48.791 D/wpa_supplicant(  637): Add access point on channel 6
02-03 10:47:48.791 D/wpa_supplicant(  637): Add access point on channel 11
02-03 10:47:48.791 D/wpa_supplicant(  637): Add access point on channel 11
02-03 10:47:48.791 D/wpa_supplicant(  637): Add access point on channel 11
02-03 10:47:48.791 D/wpa_supplicant(  637): Add access point on channel 11
02-03 10:47:48.791 D/wpa_supplicant(  637): Add access point on channel 6
02-03 10:47:48.791 D/wpa_supplicant(  637): Add access point on channel 1
02-03 10:47:48.791 D/wpa_supplicant(  637): Add access point on channel 1
02-03 10:47:48.791 D/wpa_supplicant(  637): Add access point on channel 3
02-03 10:47:48.791 D/wpa_supplicant(  637): Add access point on channel 11
02-03 10:47:48.791 D/wpa_supplicant(  637): Add access point on channel 6
02-03 10:47:48.791 D/wpa_supplicant(  637): Add access point on channel 1
02-03 10:47:48.791 D/wpa_supplicant(  637): Add access point on channel 6
02-03 10:47:48.791 D/wpa_supplicant(  637): Add access point on channel 1
02-03 10:47:48.791 D/wpa_supplicant(  637): Add access point on channel 6
02-03 10:47:48.791 D/wpa_supplicant(  637): Add access point on channel 4
02-03 10:47:48.791 I/WifiHW  (  547): EVENT: IFNAME=wlan0 WPS-AP-AVAILABLE 
02-03 10:47:48.791 I/WifiHW  (  547): CMD: IFNAME=wlan0 BSS RANGE=0- MASK=0x21987
02-03 10:47:48.791 D/wpa_supplicant(  637): Add access point on channel 6
02-03 10:47:48.791 D/wpa_supplicant(  637): Add access point on channel 6
02-03 10:47:48.791 D/wpa_supplicant(  637): Add access point on channel 6
02-03 10:47:48.791 D/wpa_supplicant(  637): Add access point on channel 6
02-03 10:47:48.791 D/wpa_supplicant(  637): Add access point on channel 1
02-03 10:47:48.791 D/wpa_supplicant(  637): Add access point on channel 8
02-03 10:47:48.791 D/wpa_supplicant(  637): Add access point on channel 1
02-03 10:47:48.791 D/wpa_supplicant(  637): Add access point on channel 1
02-03 10:47:48.791 D/wpa_supplicant(  637): Add access point on channel 11
02-03 10:47:48.791 D/wpa_supplicant(  637): Best Operating channel is = 11
02-03 10:47:48.791 D/wpa_supplicant(  637): WPS: AP[0] f8:d1:11:e7:99:e8 type=0 tries=0 last_attempt=-1 sec ago blacklist=0
02-03 10:47:48.791 D/wpa_supplicant(  637): WPS: AP[1] cc:34:29:2b:26:4c type=0 tries=0 last_attempt=-1 sec ago blacklist=0
02-03 10:47:48.791 D/wpa_supplicant(  637): WPS: AP[2] 98:fc:11:81:35:fb type=0 tries=0 last_attempt=-1 sec ago blacklist=0
02-03 10:47:48.791 D/wpa_supplicant(  637): WPS: AP[3] 10:c3:7b:d2:e5:e0 type=0 tries=0 last_attempt=-1 sec ago blacklist=0
02-03 10:47:48.791 D/wpa_supplicant(  637): WPS: AP[4] b0:48:7a:20:66:6a type=0 tries=0 last_attempt=-1 sec ago blacklist=0
02-03 10:47:48.791 D/wpa_supplicant(  637): WPS: AP[5] 44:94:fc:3d:da:38 type=0 tries=0 last_attempt=-1 sec ago blacklist=0
02-03 10:47:48.791 D/wpa_supplicant(  637): WPS: AP[6] b0:48:7a:51:ff:cc type=0 tries=0 last_attempt=-1 sec ago blacklist=0
02-03 10:47:48.791 D/wpa_supplicant(  637): WPS: AP[7] 2c:b0:5d:7f:f4:24 type=0 tries=0 last_attempt=-1 sec ago blacklist=0
02-03 10:47:48.791 D/wpa_supplicant(  637): WPS: AP[8] bc:ee:7b:97:78:35 type=0 tries=0 last_attempt=-1 sec ago blacklist=0
02-03 10:47:48.791 D/wpa_supplicant(  637): WPS: AP[9] 14:d6:4d:28:ef:c8 type=0 tries=0 last_attempt=-1 sec ago blacklist=0
02-03 10:47:48.791 D/wpa_supplicant(  637): WPS: AP[10] cc:34:29:2c:fb:ec type=0 tries=0 last_attempt=-1 sec ago blacklist=0
02-03 10:47:48.791 D/wpa_supplicant(  637): WPS: AP[11] e4:d3:32:36:2e:54 type=0 tries=0 last_attempt=-1 sec ago blacklist=0
02-03 10:47:48.791 D/wpa_supplicant(  637): WPS: AP[12] c0:c1:c0:76:81:3c type=0 tries=0 last_attempt=-1 sec ago blacklist=0
02-03 10:47:48.791 D/wpa_supplicant(  637): WPS: AP[13] ac:f1:df:cf:85:c0 type=0 tries=0 last_attempt=-1 sec ago blacklist=0
02-03 10:47:48.791 D/wpa_supplicant(  637): WPS: AP[14] 4c:e6:76:a5:4d:e0 type=0 tries=0 last_attempt=-1 sec ago blacklist=0
02-03 10:47:48.791 D/wpa_supplicant(  637): WPS: AP[15] c0:a0:bb:20:3b:84 type=0 tries=0 last_attempt=-1 sec ago blacklist=0
02-03 10:47:48.791 D/wpa_supplicant(  637): WPS: AP[16] 02:13:20:ff:b4:e6 type=0 tries=0 last_attempt=-1 sec ago blacklist=0
02-03 10:47:48.791 D/wpa_supplicant(  637): wlan0: Selecting BSS from priority group 24
02-03 10:47:48.791 D/wpa_supplicant(  637): wlan0: 0: 6c:8b:2f:e9:d1:da ssid='ZTE_AP_1640' wpa_ie_len=0 rsn_ie_len=20 caps=0x511 level=-44
02-03 10:47:48.791 D/wpa_supplicant(  637): wlan0:    skip - disabled
02-03 10:47:48.791 D/wpa_supplicant(  637): wlan0: 1: f8:d1:11:e7:99:e8 ssid='videotest' wpa_ie_len=22 rsn_ie_len=20 caps=0x531 level=-49 wps
02-03 10:47:48.791 D/wpa_supplicant(  637): wlan0:    skip - disabled
02-03 10:47:48.791 D/wpa_supplicant(  637): wlan0: 2: 02:1a:11:f2:bf:af ssid='Android' wpa_ie_len=0 rsn_ie_len=20 caps=0x511 level=-50
02-03 10:47:48.791 D/wpa_supplicant(  637): wlan0:    skip - disabled
02-03 10:47:48.791 D/wpa_supplicant(  637): wlan0: 3: 10:c3:7b:d2:e5:e0 ssid='ASUS_RT-AC66U-2.4G' wpa_ie_len=0 rsn_ie_len=20 caps=0x411 level=-56 wps
02-03 10:47:48.791 D/wpa_supplicant(  637): wlan0:    skip - disabled
02-03 10:47:48.791 D/wpa_supplicant(  637): wlan0: 4: c0:c1:c0:76:81:3c ssid='E2000' wpa_ie_len=0 rsn_ie_len=20 caps=0x411 level=-57 wps
02-03 10:47:48.791 D/wpa_supplicant(  637): wlan0:    skip - disabled
02-03 10:47:48.791 D/wpa_supplicant(  637): wlan0: 5: b0:48:7a:20:66:6a ssid='TP-LINK_20666A' wpa_ie_len=22 rsn_ie_len=20 caps=0x431 level=-57 wps
02-03 10:47:48.791 D/wpa_supplicant(  637): wlan0:    skip - disabled
02-03 10:47:48.791 D/wpa_supplicant(  637): wlan0: 6: cc:34:29:2b:26:4c ssid='cws-test' wpa_ie_len=0 rsn_ie_len=20 caps=0x431 level=-58 wps
02-03 10:47:48.791 D/wpa_supplicant(  637): wlan0:    skip - disabled
02-03 10:47:48.791 D/wpa_supplicant(  637): wlan0: 7: 44:94:fc:3d:da:38 ssid='6300' wpa_ie_len=0 rsn_ie_len=20 caps=0x411 level=-60 wps
02-03 10:47:48.791 D/wpa_supplicant(  637): wlan0:    skip - disabled
02-03 10:47:48.791 D/wpa_supplicant(  637): wlan0: 8: 90:94:e4:03:45:f5 ssid='2553q' wpa_ie_len=0 rsn_ie_len=24 caps=0x431 level=-62
02-03 10:47:48.791 D/wpa_supplicant(  637): wlan0:    skip - disabled
02-03 10:47:48.791 D/wpa_supplicant(  637): wlan0: 9: 98:fc:11:81:35:fb ssid='E2000E' wpa_ie_len=0 rsn_ie_len=20 caps=0x411 level=-62 wps
02-03 10:47:48.791 D/wpa_supplicant(  637): wlan0:    skip - disabled
02-03 10:47:48.791 D/wpa_supplicant(  637): wlan0: 10: cc:34:29:2c:fb:ec ssid='linksys' wpa_ie_len=22 rsn_ie_len=20 caps=0x431 level=-64 wps
02-03 10:47:48.791 D/wpa_supplicant(  637): wlan0:    skip - disabled
02-03 10:47:48.801 D/wpa_supplicant(  637): wlan0: 11: b0:48:7a:51:ff:cc ssid='Neusoft TP' wpa_ie_len=22 rsn_ie_len=20 caps=0x431 level=-66 wps
02-03 10:47:48.801 D/wpa_supplicant(  637): wlan0:    skip - disabled
02-03 10:47:48.801 D/wpa_supplicant(  637): wlan0: 12: 02:1a:11:fc:c3:59 ssid='test only' wpa_ie_len=0 rsn_ie_len=20 caps=0x431 level=-68
02-03 10:47:48.801 D/wpa_supplicant(  637): wlan0:    skip - disabled
02-03 10:47:48.801 D/wpa_supplicant(  637): wlan0: 13: cc:b2:55:e2:84:70 ssid='DLINK_APK' wpa_ie_len=22 rsn_ie_len=20 caps=0x411 level=-68
02-03 10:47:48.801 D/wpa_supplicant(  637): wlan0:    skip - disabled
02-03 10:47:48.801 D/wpa_supplicant(  637): wlan0: 14: 00:0f:e2:0f:9f:c1 ssid='321_WAN' wpa_ie_len=28 rsn_ie_len=24 caps=0x411 level=-69
02-03 10:47:48.801 D/wpa_supplicant(  637): wlan0:    skip - disabled
02-03 10:47:48.801 D/wpa_supplicant(  637): wlan0: 15: 1c:65:9d:e8:79:44 ssid='WiFi' wpa_ie_len=0 rsn_ie_len=20 caps=0x511 level=-70
02-03 10:47:48.801 D/wpa_supplicant(  637): wlan0:    skip - disabled
02-03 10:47:48.801 D/wpa_supplicant(  637): wlan0: 16: bc:ee:7b:97:78:35 ssid='ASUS' wpa_ie_len=0 rsn_ie_len=20 caps=0x411 level=-70 wps
02-03 10:47:48.801 D/wpa_supplicant(  637): wlan0:    skip - disabled
02-03 10:47:48.801 D/wpa_supplicant(  637): wlan0: 17: 02:1a:11:f6:67:da ssid='love U forever' wpa_ie_len=0 rsn_ie_len=20 caps=0x431 level=-71
02-03 10:47:48.801 D/wpa_supplicant(  637): wlan0:    skip - disabled
02-03 10:47:48.801 D/wpa_supplicant(  637): wlan0: 18: 80:1f:02:43:fb:e8 ssid='Edimax AP' wpa_ie_len=0 rsn_ie_len=20 caps=0x411 level=-72
02-03 10:47:48.801 D/wpa_supplicant(  637): wlan0:    skip - disabled
02-03 10:47:48.801 D/wpa_supplicant(  637): wlan0: 19: 8c:be:be:01:00:49 ssid='xmw' wpa_ie_len=0 rsn_ie_len=20 caps=0x431 level=-80
02-03 10:47:48.801 D/wpa_supplicant(  637): wlan0:    skip - disabled
02-03 10:47:48.801 D/wpa_supplicant(  637): wlan0: 20: 74:e5:43:24:f4:5b ssid='Dttest' wpa_ie_len=0 rsn_ie_len=20 caps=0x31 level=-80
02-03 10:47:48.801 D/wpa_supplicant(  637): wlan0:    skip - disabled
02-03 10:47:48.801 D/wpa_supplicant(  637): wlan0: 21: ac:f1:df:cf:85:c0 ssid='Jiangnan' wpa_ie_len=28 rsn_ie_len=24 caps=0x411 level=-87 wps
02-03 10:47:48.801 D/wpa_supplicant(  637): wlan0:    skip - disabled
02-03 10:47:48.801 D/wpa_supplicant(  637): wlan0: 22: e4:d3:32:36:2e:54 ssid='MERCURY_362E54' wpa_ie_len=0 rsn_ie_len=0 caps=0x401 level=-75 wps
02-03 10:47:48.801 D/wpa_supplicant(  637): wlan0:    skip - disabled
02-03 10:47:48.801 D/wpa_supplicant(  637): wlan0: Selecting BSS from priority group 15
02-03 10:47:48.801 D/wpa_supplicant(  637): wlan0: 0: 6c:8b:2f:e9:d1:da ssid='ZTE_AP_1640' wpa_ie_len=0 rsn_ie_len=20 caps=0x511 level=-44
02-03 10:47:48.801 D/wpa_supplicant(  637): wlan0:    skip - SSID mismatch
02-03 10:47:48.801 D/wpa_supplicant(  637): wlan0: 1: f8:d1:11:e7:99:e8 ssid='videotest' wpa_ie_len=22 rsn_ie_len=20 caps=0x531 level=-49 wps
02-03 10:47:48.801 D/wpa_supplicant(  637): wlan0:    skip - SSID mismatch
02-03 10:47:48.801 D/wpa_supplicant(  637): wlan0: 2: 02:1a:11:f2:bf:af ssid='Android' wpa_ie_len=0 rsn_ie_len=20 caps=0x511 level=-50
02-03 10:47:48.801 D/wpa_supplicant(  637): wlan0:    skip - SSID mismatch
02-03 10:47:48.801 D/wpa_supplicant(  637): wlan0: 3: 10:c3:7b:d2:e5:e0 ssid='ASUS_RT-AC66U-2.4G' wpa_ie_len=0 rsn_ie_len=20 caps=0x411 level=-56 wps
02-03 10:47:48.801 D/wpa_supplicant(  637): wlan0:    skip - SSID mismatch
02-03 10:47:48.801 D/wpa_supplicant(  637): wlan0: 4: c0:c1:c0:76:81:3c ssid='E2000' wpa_ie_len=0 rsn_ie_len=20 caps=0x411 level=-57 wps
02-03 10:47:48.801 D/wpa_supplicant(  637): wlan0:    skip - SSID mismatch
02-03 10:47:48.801 D/wpa_supplicant(  637): wlan0: 5: b0:48:7a:20:66:6a ssid='TP-LINK_20666A' wpa_ie_len=22 rsn_ie_len=20 caps=0x431 level=-57 wps
02-03 10:47:48.801 D/wpa_supplicant(  637): wlan0:    skip - SSID mismatch
02-03 10:47:48.801 D/wpa_supplicant(  637): wlan0: 6: cc:34:29:2b:26:4c ssid='cws-test' wpa_ie_len=0 rsn_ie_len=20 caps=0x431 level=-58 wps
02-03 10:47:48.801 D/wpa_supplicant(  637): wlan0:    skip - SSID mismatch
02-03 10:47:48.801 D/wpa_supplicant(  637): wlan0: 7: 44:94:fc:3d:da:38 ssid='6300' wpa_ie_len=0 rsn_ie_len=20 caps=0x411 level=-60 wps
02-03 10:47:48.811 D/wpa_supplicant(  637): wlan0:    skip - SSID mismatch
02-03 10:47:48.811 D/wpa_supplicant(  637): wlan0: 8: 90:94:e4:03:45:f5 ssid='2553q' wpa_ie_len=0 rsn_ie_len=24 caps=0x431 level=-62
02-03 10:47:48.811 D/wpa_supplicant(  637): wlan0:    skip - SSID mismatch
02-03 10:47:48.811 D/wpa_supplicant(  637): wlan0: 9: 98:fc:11:81:35:fb ssid='E2000E' wpa_ie_len=0 rsn_ie_len=20 caps=0x411 level=-62 wps
02-03 10:47:48.811 D/wpa_supplicant(  637): wlan0:    skip - SSID mismatch
02-03 10:47:48.811 D/wpa_supplicant(  637): wlan0: 10: cc:34:29:2c:fb:ec ssid='linksys' wpa_ie_len=22 rsn_ie_len=20 caps=0x431 level=-64 wps
02-03 10:47:48.811 D/wpa_supplicant(  637): wlan0:    skip - SSID mismatch
02-03 10:47:48.811 D/wpa_supplicant(  637): wlan0: 11: b0:48:7a:51:ff:cc ssid='Neusoft TP' wpa_ie_len=22 rsn_ie_len=20 caps=0x431 level=-66 wps
02-03 10:47:48.811 D/wpa_supplicant(  637): wlan0:    skip - SSID mismatch
02-03 10:47:48.811 D/wpa_supplicant(  637): wlan0: 12: 02:1a:11:fc:c3:59 ssid='test only' wpa_ie_len=0 rsn_ie_len=20 caps=0x431 level=-68
02-03 10:47:48.811 D/wpa_supplicant(  637): wlan0:    skip - SSID mismatch
02-03 10:47:48.811 D/wpa_supplicant(  637): wlan0: 13: cc:b2:55:e2:84:70 ssid='DLINK_APK' wpa_ie_len=22 rsn_ie_len=20 caps=0x411 level=-68
02-03 10:47:48.811 D/wpa_supplicant(  637): wlan0:    skip - SSID mismatch
02-03 10:47:48.811 D/wpa_supplicant(  637): wlan0: 14: 00:0f:e2:0f:9f:c1 ssid='321_WAN' wpa_ie_len=28 rsn_ie_len=24 caps=0x411 level=-69
02-03 10:47:48.811 D/wpa_supplicant(  637): wlan0:    skip - SSID mismatch
02-03 10:47:48.811 D/wpa_supplicant(  637): wlan0: 15: 1c:65:9d:e8:79:44 ssid='WiFi' wpa_ie_len=0 rsn_ie_len=20 caps=0x511 level=-70
02-03 10:47:48.811 D/wpa_supplicant(  637): wlan0:    skip - SSID mismatch
02-03 10:47:48.811 D/wpa_supplicant(  637): wlan0: 16: bc:ee:7b:97:78:35 ssid='ASUS' wpa_ie_len=0 rsn_ie_len=20 caps=0x411 level=-70 wps
02-03 10:47:48.811 D/wpa_supplicant(  637): wlan0:    skip - SSID mismatch
02-03 10:47:48.811 D/wpa_supplicant(  637): wlan0: 17: 02:1a:11:f6:67:da ssid='love U forever' wpa_ie_len=0 rsn_ie_len=20 caps=0x431 level=-71
02-03 10:47:48.811 D/wpa_supplicant(  637): wlan0:    skip - SSID mismatch
02-03 10:47:48.811 D/wpa_supplicant(  637): wlan0: 18: 80:1f:02:43:fb:e8 ssid='Edimax AP' wpa_ie_len=0 rsn_ie_len=20 caps=0x411 level=-72
02-03 10:47:48.811 D/wpa_supplicant(  637): wlan0:    skip - SSID mismatch
02-03 10:47:48.811 D/wpa_supplicant(  637): wlan0: 19: 8c:be:be:01:00:49 ssid='xmw' wpa_ie_len=0 rsn_ie_len=20 caps=0x431 level=-80
02-03 10:47:48.811 D/wpa_supplicant(  637): wlan0:    skip - SSID mismatch
02-03 10:47:48.811 D/wpa_supplicant(  637): wlan0: 20: 74:e5:43:24:f4:5b ssid='Dttest' wpa_ie_len=0 rsn_ie_len=20 caps=0x31 level=-80
02-03 10:47:48.811 D/wpa_supplicant(  637): wlan0:    skip - SSID mismatch
02-03 10:47:48.811 D/wpa_supplicant(  637): wlan0: 21: ac:f1:df:cf:85:c0 ssid='Jiangnan' wpa_ie_len=28 rsn_ie_len=24 caps=0x411 level=-87 wps
02-03 10:47:48.811 D/wpa_supplicant(  637): wlan0:    skip - SSID mismatch
02-03 10:47:48.811 D/wpa_supplicant(  637): wlan0: 22: e4:d3:32:36:2e:54 ssid='MERCURY_362E54' wpa_ie_len=0 rsn_ie_len=0 caps=0x401 level=-75 wps
02-03 10:47:48.811 D/wpa_supplicant(  637): wlan0:    skip - SSID mismatch
02-03 10:47:48.811 D/wpa_supplicant(  637): wlan0: Selecting BSS from priority group 14
02-03 10:47:48.811 D/wpa_supplicant(  637): wlan0: 0: 6c:8b:2f:e9:d1:da ssid='ZTE_AP_1640' wpa_ie_len=0 rsn_ie_len=20 caps=0x511 level=-44
02-03 10:47:48.811 D/wpa_supplicant(  637): wlan0:    skip - SSID mismatch
02-03 10:47:48.811 D/wpa_supplicant(  637): wlan0: 1: f8:d1:11:e7:99:e8 ssid='videotest' wpa_ie_len=22 rsn_ie_len=20 caps=0x531 level=-49 wps
02-03 10:47:48.811 D/wpa_supplicant(  637): wlan0:    skip - SSID mismatch
02-03 10:47:48.811 D/wpa_supplicant(  637): wlan0: 2: 02:1a:11:f2:bf:af ssid='Android' wpa_ie_len=0 rsn_ie_len=20 caps=0x511 level=-50
02-03 10:47:48.811 D/wpa_supplicant(  637): wlan0:    skip - SSID mismatch
02-03 10:47:48.811 D/wpa_supplicant(  637): wlan0: 3: 10:c3:7b:d2:e5:e0 ssid='ASUS_RT-AC66U-2.4G' wpa_ie_len=0 rsn_ie_len=20 caps=0x411 level=-56 wps
02-03 10:47:48.811 D/wpa_supplicant(  637): wlan0:    skip - SSID mismatch
02-03 10:47:48.811 D/wpa_supplicant(  637): wlan0: 4: c0:c1:c0:76:81:3c ssid='E2000' wpa_ie_len=0 rsn_ie_len=20 caps=0x411 level=-57 wps
02-03 10:47:48.811 D/wpa_supplicant(  637): wlan0:    skip - SSID mismatch
02-03 10:47:48.811 D/wpa_supplicant(  637): wlan0: 5: b0:48:7a:20:66:6a ssid='TP-LINK_20666A' wpa_ie_len=22 rsn_ie_len=20 caps=0x431 level=-57 wps
02-03 10:47:48.811 D/wpa_supplicant(  637): wlan0:    skip - SSID mismatch
02-03 10:47:48.811 D/wpa_supplicant(  637): wlan0: 6: cc:34:29:2b:26:4c ssid='cws-test' wpa_ie_len=0 rsn_ie_len=20 caps=0x431 level=-58 wps
02-03 10:47:48.811 D/wpa_supplicant(  637): wlan0:    skip - SSID mismatch
02-03 10:47:48.811 D/wpa_supplicant(  637): wlan0: 7: 44:94:fc:3d:da:38 ssid='6300' wpa_ie_len=0 rsn_ie_len=20 caps=0x411 level=-60 wps
02-03 10:47:48.811 D/wpa_supplicant(  637): wlan0:    skip - SSID mismatch
02-03 10:47:48.811 D/wpa_supplicant(  637): wlan0: 8: 90:94:e4:03:45:f5 ssid='2553q' wpa_ie_len=0 rsn_ie_len=24 caps=0x431 level=-62
02-03 10:47:48.811 D/wpa_supplicant(  637): wlan0:    skip - SSID mismatch
02-03 10:47:48.811 D/wpa_supplicant(  637): wlan0: 9: 98:fc:11:81:35:fb ssid='E2000E' wpa_ie_len=0 rsn_ie_len=20 caps=0x411 level=-62 wps
02-03 10:47:48.811 D/wpa_supplicant(  637): wlan0:    skip - SSID mismatch
02-03 10:47:48.811 D/wpa_supplicant(  637): wlan0: 10: cc:34:29:2c:fb:ec ssid='linksys' wpa_ie_len=22 rsn_ie_len=20 caps=0x431 level=-64 wps
02-03 10:47:48.811 D/wpa_supplicant(  637): wlan0:    skip - SSID mismatch
02-03 10:47:48.821 D/wpa_supplicant(  637): wlan0: 11: b0:48:7a:51:ff:cc ssid='Neusoft TP' wpa_ie_len=22 rsn_ie_len=20 caps=0x431 level=-66 wps
02-03 10:47:48.821 D/wpa_supplicant(  637): wlan0:    skip - SSID mismatch
02-03 10:47:48.821 D/wpa_supplicant(  637): wlan0: 12: 02:1a:11:fc:c3:59 ssid='test only' wpa_ie_len=0 rsn_ie_len=20 caps=0x431 level=-68
02-03 10:47:48.821 D/wpa_supplicant(  637): wlan0:    skip - SSID mismatch
02-03 10:47:48.821 D/wpa_supplicant(  637): wlan0: 13: cc:b2:55:e2:84:70 ssid='DLINK_APK' wpa_ie_len=22 rsn_ie_len=20 caps=0x411 level=-68
02-03 10:47:48.821 D/wpa_supplicant(  637): wlan0:    skip - SSID mismatch
02-03 10:47:48.821 D/wpa_supplicant(  637): wlan0: 14: 00:0f:e2:0f:9f:c1 ssid='321_WAN' wpa_ie_len=28 rsn_ie_len=24 caps=0x411 level=-69
02-03 10:47:48.821 D/wpa_supplicant(  637): wlan0:    skip - SSID mismatch
02-03 10:47:48.821 D/wpa_supplicant(  637): wlan0: 15: 1c:65:9d:e8:79:44 ssid='WiFi' wpa_ie_len=0 rsn_ie_len=20 caps=0x511 level=-70
02-03 10:47:48.821 D/wpa_supplicant(  637): wlan0:    skip - SSID mismatch
02-03 10:47:48.821 D/wpa_supplicant(  637): wlan0: 16: bc:ee:7b:97:78:35 ssid='ASUS' wpa_ie_len=0 rsn_ie_len=20 caps=0x411 level=-70 wps
02-03 10:47:48.821 D/wpa_supplicant(  637): wlan0:    skip - SSID mismatch
02-03 10:47:48.821 D/wpa_supplicant(  637): wlan0: 17: 02:1a:11:f6:67:da ssid='love U forever' wpa_ie_len=0 rsn_ie_len=20 caps=0x431 level=-71
02-03 10:47:48.821 D/wpa_supplicant(  637): wlan0:    skip - SSID mismatch
02-03 10:47:48.821 D/wpa_supplicant(  637): wlan0: 18: 80:1f:02:43:fb:e8 ssid='Edimax AP' wpa_ie_len=0 rsn_ie_len=20 caps=0x411 level=-72
02-03 10:47:48.821 D/wpa_supplicant(  637): wlan0:    skip - SSID mismatch
02-03 10:47:48.821 D/wpa_supplicant(  637): wlan0: 19: 8c:be:be:01:00:49 ssid='xmw' wpa_ie_len=0 rsn_ie_len=20 caps=0x431 level=-80
02-03 10:47:48.821 D/wpa_supplicant(  637): wlan0:    skip - SSID mismatch
02-03 10:47:48.821 D/wpa_supplicant(  637): wlan0: 20: 74:e5:43:24:f4:5b ssid='Dttest' wpa_ie_len=0 rsn_ie_len=20 caps=0x31 level=-80
02-03 10:47:48.821 D/wpa_supplicant(  637): wlan0:    skip - SSID mismatch
02-03 10:47:48.821 D/wpa_supplicant(  637): wlan0: 21: ac:f1:df:cf:85:c0 ssid='Jiangnan' wpa_ie_len=28 rsn_ie_len=24 caps=0x411 level=-87 wps
02-03 10:47:48.821 D/wpa_supplicant(  637): wlan0:    skip - SSID mismatch
02-03 10:47:48.821 D/wpa_supplicant(  637): wlan0: 22: e4:d3:32:36:2e:54 ssid='MERCURY_362E54' wpa_ie_len=0 rsn_ie_len=0 caps=0x401 level=-75 wps
02-03 10:47:48.821 D/wpa_supplicant(  637): wlan0:    skip - no WPA/RSN proto match
02-03 10:47:48.821 D/wpa_supplicant(  637): wlan0: Selecting BSS from priority group 13
02-03 10:47:48.821 D/wpa_supplicant(  637): wlan0: 0: 6c:8b:2f:e9:d1:da ssid='ZTE_AP_1640' wpa_ie_len=0 rsn_ie_len=20 caps=0x511 level=-44
02-03 10:47:48.821 D/wpa_supplicant(  637): wlan0:    skip - disabled
02-03 10:47:48.821 D/wpa_supplicant(  637): wlan0: 1: f8:d1:11:e7:99:e8 ssid='videotest' wpa_ie_len=22 rsn_ie_len=20 caps=0x531 level=-49 wps
02-03 10:47:48.821 D/wpa_supplicant(  637): wlan0:    skip - disabled
02-03 10:47:48.821 D/wpa_supplicant(  637): wlan0: 2: 02:1a:11:f2:bf:af ssid='Android' wpa_ie_len=0 rsn_ie_len=20 caps=0x511 level=-50
02-03 10:47:48.821 D/wpa_supplicant(  637): wlan0:    skip - disabled
02-03 10:47:48.821 D/wpa_supplicant(  637): wlan0: 3: 10:c3:7b:d2:e5:e0 ssid='ASUS_RT-AC66U-2.4G' wpa_ie_len=0 rsn_ie_len=20 caps=0x411 level=-56 wps
02-03 10:47:48.821 D/wpa_supplicant(  637): wlan0:    skip - disabled
02-03 10:47:48.821 D/wpa_supplicant(  637): wlan0: 4: c0:c1:c0:76:81:3c ssid='E2000' wpa_ie_len=0 rsn_ie_len=20 caps=0x411 level=-57 wps
02-03 10:47:48.821 D/wpa_supplicant(  637): wlan0:    skip - disabled
02-03 10:47:48.821 D/wpa_supplicant(  637): wlan0: 5: b0:48:7a:20:66:6a ssid='TP-LINK_20666A' wpa_ie_len=22 rsn_ie_len=20 caps=0x431 level=-57 wps
02-03 10:47:48.821 D/wpa_supplicant(  637): wlan0:    skip - disabled
02-03 10:47:48.821 D/wpa_supplicant(  637): wlan0: 6: cc:34:29:2b:26:4c ssid='cws-test' wpa_ie_len=0 rsn_ie_len=20 caps=0x431 level=-58 wps
02-03 10:47:48.821 D/wpa_supplicant(  637): wlan0:    skip - disabled
02-03 10:47:48.821 D/wpa_supplicant(  637): wlan0: 7: 44:94:fc:3d:da:38 ssid='6300' wpa_ie_len=0 rsn_ie_len=20 caps=0x411 level=-60 wps
02-03 10:47:48.821 D/wpa_supplicant(  637): wlan0:    skip - disabled
02-03 10:47:48.821 D/wpa_supplicant(  637): wlan0: 8: 90:94:e4:03:45:f5 ssid='2553q' wpa_ie_len=0 rsn_ie_len=24 caps=0x431 level=-62
02-03 10:47:48.821 D/wpa_supplicant(  637): wlan0:    skip - disabled
02-03 10:47:48.821 D/wpa_supplicant(  637): wlan0: 9: 98:fc:11:81:35:fb ssid='E2000E' wpa_ie_len=0 rsn_ie_len=20 caps=0x411 level=-62 wps
02-03 10:47:48.821 D/wpa_supplicant(  637): wlan0:    skip - disabled
02-03 10:47:48.821 D/wpa_supplicant(  637): wlan0: 10: cc:34:29:2c:fb:ec ssid='linksys' wpa_ie_len=22 rsn_ie_len=20 caps=0x431 level=-64 wps
02-03 10:47:48.821 D/wpa_supplicant(  637): wlan0:    skip - disabled
02-03 10:47:48.821 D/wpa_supplicant(  637): wlan0: 11: b0:48:7a:51:ff:cc ssid='Neusoft TP' wpa_ie_len=22 rsn_ie_len=20 caps=0x431 level=-66 wps
02-03 10:47:48.821 D/wpa_supplicant(  637): wlan0:    skip - disabled
02-03 10:47:48.821 D/wpa_supplicant(  637): wlan0: 12: 02:1a:11:fc:c3:59 ssid='test only' wpa_ie_len=0 rsn_ie_len=20 caps=0x431 level=-68
02-03 10:47:48.821 D/wpa_supplicant(  637): wlan0:    skip - disabled
02-03 10:47:48.821 D/wpa_supplicant(  637): wlan0: 13: cc:b2:55:e2:84:70 ssid='DLINK_APK' wpa_ie_len=22 rsn_ie_len=20 caps=0x411 level=-68
02-03 10:47:48.821 D/wpa_supplicant(  637): wlan0:    skip - disabled
02-03 10:47:48.821 D/wpa_supplicant(  637): wlan0: 14: 00:0f:e2:0f:9f:c1 ssid='321_WAN' wpa_ie_len=28 rsn_ie_len=24 caps=0x411 level=-69
02-03 10:47:48.821 D/wpa_supplicant(  637): wlan0:    skip - disabled
02-03 10:47:48.821 D/wpa_supplicant(  637): wlan0: 15: 1c:65:9d:e8:79:44 ssid='WiFi' wpa_ie_len=0 rsn_ie_len=20 caps=0x511 level=-70
02-03 10:47:48.821 D/wpa_supplicant(  637): wlan0:    skip - disabled
02-03 10:47:48.821 D/wpa_supplicant(  637): wlan0: 16: bc:ee:7b:97:78:35 ssid='ASUS' wpa_ie_len=0 rsn_ie_len=20 caps=0x411 level=-70 wps
02-03 10:47:48.821 D/wpa_supplicant(  637): wlan0:    skip - disabled
02-03 10:47:48.821 D/wpa_supplicant(  637): wlan0: 17: 02:1a:11:f6:67:da ssid='love U forever' wpa_ie_len=0 rsn_ie_len=20 caps=0x431 level=-71
02-03 10:47:48.821 D/wpa_supplicant(  637): wlan0:    skip - disabled
02-03 10:47:48.821 D/wpa_supplicant(  637): wlan0: 18: 80:1f:02:43:fb:e8 ssid='Edimax AP' wpa_ie_len=0 rsn_ie_len=20 caps=0x411 level=-72
02-03 10:47:48.821 D/wpa_supplicant(  637): wlan0:    skip - disabled
02-03 10:47:48.821 D/wpa_supplicant(  637): wlan0: 19: 8c:be:be:01:00:49 ssid='xmw' wpa_ie_len=0 rsn_ie_len=20 caps=0x431 level=-80
02-03 10:47:48.821 D/wpa_supplicant(  637): wlan0:    skip - disabled
02-03 10:47:48.821 D/wpa_supplicant(  637): wlan0: 20: 74:e5:43:24:f4:5b ssid='Dttest' wpa_ie_len=0 rsn_ie_len=20 caps=0x31 level=-80
02-03 10:47:48.821 D/wpa_supplicant(  637): wlan0:    skip - disabled
02-03 10:47:48.821 D/wpa_supplicant(  637): wlan0: 21: ac:f1:df:cf:85:c0 ssid='Jiangnan' wpa_ie_len=28 rsn_ie_len=24 caps=0x411 level=-87 wps
02-03 10:47:48.821 D/wpa_supplicant(  637): wlan0:    skip - disabled
02-03 10:47:48.821 D/wpa_supplicant(  637): wlan0: 22: e4:d3:32:36:2e:54 ssid='MERCURY_362E54' wpa_ie_len=0 rsn_ie_len=0 caps=0x401 level=-75 wps
02-03 10:47:48.821 D/wpa_supplicant(  637): wlan0:    skip - disabled
02-03 10:47:48.821 D/wpa_supplicant(  637): wlan0: Selecting BSS from priority group 12
02-03 10:47:48.821 D/wpa_supplicant(  637): wlan0: 0: 6c:8b:2f:e9:d1:da ssid='ZTE_AP_1640' wpa_ie_len=0 rsn_ie_len=20 caps=0x511 level=-44
02-03 10:47:48.821 D/wpa_supplicant(  637): wlan0:    skip - SSID mismatch
02-03 10:47:48.821 D/wpa_supplicant(  637): wlan0: 1: f8:d1:11:e7:99:e8 ssid='videotest' wpa_ie_len=22 rsn_ie_len=20 caps=0x531 level=-49 wps
02-03 10:47:48.821 D/wpa_supplicant(  637): wlan0:    skip - SSID mismatch
02-03 10:47:48.821 D/wpa_supplicant(  637): wlan0: 2: 02:1a:11:f2:bf:af ssid='Android' wpa_ie_len=0 rsn_ie_len=20 caps=0x511 level=-50
02-03 10:47:48.821 D/wpa_supplicant(  637): wlan0:    skip - SSID mismatch
02-03 10:47:48.821 D/wpa_supplicant(  637): wlan0: 3: 10:c3:7b:d2:e5:e0 ssid='ASUS_RT-AC66U-2.4G' wpa_ie_len=0 rsn_ie_len=20 caps=0x411 level=-56 wps
02-03 10:47:48.821 D/wpa_supplicant(  637): wlan0:    skip - SSID mismatch
02-03 10:47:48.821 D/wpa_supplicant(  637): wlan0: 4: c0:c1:c0:76:81:3c ssid='E2000' wpa_ie_len=0 rsn_ie_len=20 caps=0x411 level=-57 wps
02-03 10:47:48.821 D/wpa_supplicant(  637): wlan0:    skip - SSID mismatch
02-03 10:47:48.821 D/wpa_supplicant(  637): wlan0: 5: b0:48:7a:20:66:6a ssid='TP-LINK_20666A' wpa_ie_len=22 rsn_ie_len=20 caps=0x431 level=-57 wps
02-03 10:47:48.821 D/wpa_supplicant(  637): wlan0:    skip - SSID mismatch
02-03 10:47:48.821 D/wpa_supplicant(  637): wlan0: 6: cc:34:29:2b:26:4c ssid='cws-test' wpa_ie_len=0 rsn_ie_len=20 caps=0x431 level=-58 wps
02-03 10:47:48.821 D/wpa_supplicant(  637): wlan0:    skip - SSID mismatch
02-03 10:47:48.821 D/wpa_supplicant(  637): wlan0: 7: 44:94:fc:3d:da:38 ssid='6300' wpa_ie_len=0 rsn_ie_len=20 caps=0x411 level=-60 wps
02-03 10:47:48.821 D/wpa_supplicant(  637): wlan0:    skip - SSID mismatch
02-03 10:47:48.821 D/wpa_supplicant(  637): wlan0: 8: 90:94:e4:03:45:f5 ssid='2553q' wpa_ie_len=0 rsn_ie_len=24 caps=0x431 level=-62
02-03 10:47:48.821 D/wpa_supplicant(  637): wlan0:    skip - SSID mismatch
02-03 10:47:48.821 D/wpa_supplicant(  637): wlan0: 9: 98:fc:11:81:35:fb ssid='E2000E' wpa_ie_len=0 rsn_ie_len=20 caps=0x411 level=-62 wps
02-03 10:47:48.821 D/wpa_supplicant(  637): wlan0:    skip - SSID mismatch
02-03 10:47:48.821 D/wpa_supplicant(  637): wlan0: 10: cc:34:29:2c:fb:ec ssid='linksys' wpa_ie_len=22 rsn_ie_len=20 caps=0x431 level=-64 wps
02-03 10:47:48.821 D/wpa_supplicant(  637): wlan0:    skip - SSID mismatch
02-03 10:47:48.821 D/wpa_supplicant(  637): wlan0: 11: b0:48:7a:51:ff:cc ssid='Neusoft TP' wpa_ie_len=22 rsn_ie_len=20 caps=0x431 level=-66 wps
02-03 10:47:48.821 D/wpa_supplicant(  637): wlan0:    skip - SSID mismatch
02-03 10:47:48.821 D/wpa_supplicant(  637): wlan0: 12: 02:1a:11:fc:c3:59 ssid='test only' wpa_ie_len=0 rsn_ie_len=20 caps=0x431 level=-68
02-03 10:47:48.821 D/wpa_supplicant(  637): wlan0:    skip - SSID mismatch
02-03 10:47:48.821 D/wpa_supplicant(  637): wlan0: 13: cc:b2:55:e2:84:70 ssid='DLINK_APK' wpa_ie_len=22 rsn_ie_len=20 caps=0x411 level=-68
02-03 10:47:48.821 D/wpa_supplicant(  637): wlan0:    skip - SSID mismatch
02-03 10:47:48.821 D/wpa_supplicant(  637): wlan0: 14: 00:0f:e2:0f:9f:c1 ssid='321_WAN' wpa_ie_len=28 rsn_ie_len=24 caps=0x411 level=-69
02-03 10:47:48.821 D/wpa_supplicant(  637): wlan0:    skip - SSID mismatch
02-03 10:47:48.821 D/wpa_supplicant(  637): wlan0: 15: 1c:65:9d:e8:79:44 ssid='WiFi' wpa_ie_len=0 rsn_ie_len=20 caps=0x511 level=-70
02-03 10:47:48.821 D/wpa_supplicant(  637): wlan0:    skip - SSID mismatch
02-03 10:47:48.821 D/wpa_supplicant(  637): wlan0: 16: bc:ee:7b:97:78:35 ssid='ASUS' wpa_ie_len=0 rsn_ie_len=20 caps=0x411 level=-70 wps
02-03 10:47:48.821 D/wpa_supplicant(  637): wlan0:    skip - SSID mismatch
02-03 10:47:48.821 D/wpa_supplicant(  637): wlan0: 17: 02:1a:11:f6:67:da ssid='love U forever' wpa_ie_len=0 rsn_ie_len=20 caps=0x431 level=-71
02-03 10:47:48.821 D/wpa_supplicant(  637): wlan0:    skip - SSID mismatch
02-03 10:47:48.821 D/wpa_supplicant(  637): wlan0: 18: 80:1f:02:43:fb:e8 ssid='Edimax AP' wpa_ie_len=0 rsn_ie_len=20 caps=0x411 level=-72
02-03 10:47:48.821 D/wpa_supplicant(  637): wlan0:    skip - SSID mismatch
02-03 10:47:48.821 D/wpa_supplicant(  637): wlan0: 19: 8c:be:be:01:00:49 ssid='xmw' wpa_ie_len=0 rsn_ie_len=20 caps=0x431 level=-80
02-03 10:47:48.821 D/wpa_supplicant(  637): wlan0:    skip - SSID mismatch
02-03 10:47:48.821 D/wpa_supplicant(  637): wlan0: 20: 74:e5:43:24:f4:5b ssid='Dttest' wpa_ie_len=0 rsn_ie_len=20 caps=0x31 level=-80
02-03 10:47:48.821 D/wpa_supplicant(  637): wlan0:    skip - SSID mismatch
02-03 10:47:48.821 D/wpa_supplicant(  637): wlan0: 21: ac:f1:df:cf:85:c0 ssid='Jiangnan' wpa_ie_len=28 rsn_ie_len=24 caps=0x411 level=-87 wps
02-03 10:47:48.821 D/wpa_supplicant(  637): wlan0:    skip - SSID mismatch
02-03 10:47:48.821 D/wpa_supplicant(  637): wlan0: 22: e4:d3:32:36:2e:54 ssid='MERCURY_362E54' wpa_ie_len=0 rsn_ie_len=0 caps=0x401 level=-75 wps
02-03 10:47:48.821 D/wpa_supplicant(  637): wlan0:    skip - SSID mismatch
02-03 10:47:48.821 D/wpa_supplicant(  637): wlan0: Selecting BSS from priority group 3
02-03 10:47:48.821 D/wpa_supplicant(  637): wlan0: 0: 6c:8b:2f:e9:d1:da ssid='ZTE_AP_1640' wpa_ie_len=0 rsn_ie_len=20 caps=0x511 level=-44
02-03 10:47:48.821 D/wpa_supplicant(  637): wlan0:    skip - SSID mismatch
02-03 10:47:48.821 D/wpa_supplicant(  637): wlan0: 1: f8:d1:11:e7:99:e8 ssid='videotest' wpa_ie_len=22 rsn_ie_len=20 caps=0x531 level=-49 wps
02-03 10:47:48.821 D/wpa_supplicant(  637): wlan0:    skip - SSID mismatch
02-03 10:47:48.821 D/wpa_supplicant(  637): wlan0: 2: 02:1a:11:f2:bf:af ssid='Android' wpa_ie_len=0 rsn_ie_len=20 caps=0x511 level=-50
02-03 10:47:48.821 D/wpa_supplicant(  637): wlan0:    skip - SSID mismatch
02-03 10:47:48.821 D/wpa_supplicant(  637): wlan0: 3: 10:c3:7b:d2:e5:e0 ssid='ASUS_RT-AC66U-2.4G' wpa_ie_len=0 rsn_ie_len=20 caps=0x411 level=-56 wps
02-03 10:47:48.821 D/wpa_supplicant(  637): wlan0:    skip - SSID mismatch
02-03 10:47:48.821 D/wpa_supplicant(  637): wlan0: 4: c0:c1:c0:76:81:3c ssid='E2000' wpa_ie_len=0 rsn_ie_len=20 caps=0x411 level=-57 wps
02-03 10:47:48.821 D/wpa_supplicant(  637): wlan0:    skip - SSID mismatch
02-03 10:47:48.821 D/wpa_supplicant(  637): wlan0: 5: b0:48:7a:20:66:6a ssid='TP-LINK_20666A' wpa_ie_len=22 rsn_ie_len=20 caps=0x431 level=-57 wps
02-03 10:47:48.821 D/wpa_supplicant(  637): wlan0:    skip - SSID mismatch
02-03 10:47:48.821 D/wpa_supplicant(  637): wlan0: 6: cc:34:29:2b:26:4c ssid='cws-test' wpa_ie_len=0 rsn_ie_len=20 caps=0x431 level=-58 wps
02-03 10:47:48.821 D/wpa_supplicant(  637): wlan0:    skip - SSID mismatch
02-03 10:47:48.821 D/wpa_supplicant(  637): wlan0: 7: 44:94:fc:3d:da:38 ssid='6300' wpa_ie_len=0 rsn_ie_len=20 caps=0x411 level=-60 wps
02-03 10:47:48.821 D/wpa_supplicant(  637): wlan0:    skip - SSID mismatch
02-03 10:47:48.821 D/wpa_supplicant(  637): wlan0: 8: 90:94:e4:03:45:f5 ssid='2553q' wpa_ie_len=0 rsn_ie_len=24 caps=0x431 level=-62
02-03 10:47:48.821 D/wpa_supplicant(  637): wlan0:    skip - SSID mismatch
02-03 10:47:48.821 D/wpa_supplicant(  637): wlan0: 9: 98:fc:11:81:35:fb ssid='E2000E' wpa_ie_len=0 rsn_ie_len=20 caps=0x411 level=-62 wps
02-03 10:47:48.821 D/wpa_supplicant(  637): wlan0:    skip - SSID mismatch
02-03 10:47:48.821 D/wpa_supplicant(  637): wlan0: 10: cc:34:29:2c:fb:ec ssid='linksys' wpa_ie_len=22 rsn_ie_len=20 caps=0x431 level=-64 wps
02-03 10:47:48.821 D/wpa_supplicant(  637): wlan0:    skip - SSID mismatch
02-03 10:47:48.821 D/wpa_supplicant(  637): wlan0: 11: b0:48:7a:51:ff:cc ssid='Neusoft TP' wpa_ie_len=22 rsn_ie_len=20 caps=0x431 level=-66 wps
02-03 10:47:48.821 D/wpa_supplicant(  637): wlan0:    skip - SSID mismatch
02-03 10:47:48.821 D/wpa_supplicant(  637): wlan0: 12: 02:1a:11:fc:c3:59 ssid='test only' wpa_ie_len=0 rsn_ie_len=20 caps=0x431 level=-68
02-03 10:47:48.821 D/wpa_supplicant(  637): wlan0:    skip - SSID mismatch
02-03 10:47:48.821 D/wpa_supplicant(  637): wlan0: 13: cc:b2:55:e2:84:70 ssid='DLINK_APK' wpa_ie_len=22 rsn_ie_len=20 caps=0x411 level=-68
02-03 10:47:48.821 D/wpa_supplicant(  637): wlan0:    skip - SSID mismatch
02-03 10:47:48.821 D/wpa_supplicant(  637): wlan0: 14: 00:0f:e2:0f:9f:c1 ssid='321_WAN' wpa_ie_len=28 rsn_ie_len=24 caps=0x411 level=-69
02-03 10:47:48.821 D/wpa_supplicant(  637): wlan0:    skip - SSID mismatch
02-03 10:47:48.821 D/wpa_supplicant(  637): wlan0: 15: 1c:65:9d:e8:79:44 ssid='WiFi' wpa_ie_len=0 rsn_ie_len=20 caps=0x511 level=-70
02-03 10:47:48.821 D/wpa_supplicant(  637): wlan0:    skip - SSID mismatch
02-03 10:47:48.821 D/wpa_supplicant(  637): wlan0: 16: bc:ee:7b:97:78:35 ssid='ASUS' wpa_ie_len=0 rsn_ie_len=20 caps=0x411 level=-70 wps
02-03 10:47:48.821 D/wpa_supplicant(  637): wlan0:    skip - SSID mismatch
02-03 10:47:48.821 D/wpa_supplicant(  637): wlan0: 17: 02:1a:11:f6:67:da ssid='love U forever' wpa_ie_len=0 rsn_ie_len=20 caps=0x431 level=-71
02-03 10:47:48.821 D/wpa_supplicant(  637): wlan0:    skip - SSID mismatch
02-03 10:47:48.821 D/wpa_supplicant(  637): wlan0: 18: 80:1f:02:43:fb:e8 ssid='Edimax AP' wpa_ie_len=0 rsn_ie_len=20 caps=0x411 level=-72
02-03 10:47:48.821 D/wpa_supplicant(  637): wlan0:    skip - SSID mismatch
02-03 10:47:48.821 D/wpa_supplicant(  637): wlan0: 19: 8c:be:be:01:00:49 ssid='xmw' wpa_ie_len=0 rsn_ie_len=20 caps=0x431 level=-80
02-03 10:47:48.821 D/wpa_supplicant(  637): wlan0:    skip - SSID mismatch
02-03 10:47:48.821 D/wpa_supplicant(  637): wlan0: 20: 74:e5:43:24:f4:5b ssid='Dttest' wpa_ie_len=0 rsn_ie_len=20 caps=0x31 level=-80
02-03 10:47:48.821 D/wpa_supplicant(  637): wlan0:    skip - SSID mismatch
02-03 10:47:48.821 D/wpa_supplicant(  637): wlan0: 21: ac:f1:df:cf:85:c0 ssid='Jiangnan' wpa_ie_len=28 rsn_ie_len=24 caps=0x411 level=-87 wps
02-03 10:47:48.821 D/wpa_supplicant(  637): wlan0:    skip - SSID mismatch
02-03 10:47:48.821 D/wpa_supplicant(  637): wlan0: 22: e4:d3:32:36:2e:54 ssid='MERCURY_362E54' wpa_ie_len=0 rsn_ie_len=0 caps=0x401 level=-75 wps
02-03 10:47:48.821 D/wpa_supplicant(  637): wlan0:    skip - SSID mismatch
02-03 10:47:48.821 D/wpa_supplicant(  637): wlan0: Selecting BSS from priority group 1
02-03 10:47:48.821 D/wpa_supplicant(  637): wlan0: 0: 6c:8b:2f:e9:d1:da ssid='ZTE_AP_1640' wpa_ie_len=0 rsn_ie_len=20 caps=0x511 level=-44
02-03 10:47:48.821 D/wpa_supplicant(  637): wlan0:    skip - SSID mismatch
02-03 10:47:48.821 D/wpa_supplicant(  637): wlan0: 1: f8:d1:11:e7:99:e8 ssid='videotest' wpa_ie_len=22 rsn_ie_len=20 caps=0x531 level=-49 wps
02-03 10:47:48.821 D/wpa_supplicant(  637): wlan0:    skip - SSID mismatch
02-03 10:47:48.821 D/wpa_supplicant(  637): wlan0: 2: 02:1a:11:f2:bf:af ssid='Android' wpa_ie_len=0 rsn_ie_len=20 caps=0x511 level=-50
02-03 10:47:48.821 D/wpa_supplicant(  637): wlan0:    skip - SSID mismatch
02-03 10:47:48.821 D/wpa_supplicant(  637): wlan0: 3: 10:c3:7b:d2:e5:e0 ssid='ASUS_RT-AC66U-2.4G' wpa_ie_len=0 rsn_ie_len=20 caps=0x411 level=-56 wps
02-03 10:47:48.821 D/wpa_supplicant(  637): wlan0:    skip - SSID mismatch
02-03 10:47:48.821 D/wpa_supplicant(  637): wlan0: 4: c0:c1:c0:76:81:3c ssid='E2000' wpa_ie_len=0 rsn_ie_len=20 caps=0x411 level=-57 wps
02-03 10:47:48.821 D/wpa_supplicant(  637): wlan0:    skip - SSID mismatch
02-03 10:47:48.821 D/wpa_supplicant(  637): wlan0: 5: b0:48:7a:20:66:6a ssid='TP-LINK_20666A' wpa_ie_len=22 rsn_ie_len=20 caps=0x431 level=-57 wps
02-03 10:47:48.821 D/wpa_supplicant(  637): wlan0:    skip - SSID mismatch
02-03 10:47:48.821 D/wpa_supplicant(  637): wlan0: 6: cc:34:29:2b:26:4c ssid='cws-test' wpa_ie_len=0 rsn_ie_len=20 caps=0x431 level=-58 wps
02-03 10:47:48.821 D/wpa_supplicant(  637): wlan0:    skip - SSID mismatch
02-03 10:47:48.821 D/wpa_supplicant(  637): wlan0: 7: 44:94:fc:3d:da:38 ssid='6300' wpa_ie_len=0 rsn_ie_len=20 caps=0x411 level=-60 wps
02-03 10:47:48.821 D/wpa_supplicant(  637): wlan0:    skip - SSID mismatch
02-03 10:47:48.821 D/wpa_supplicant(  637): wlan0: 8: 90:94:e4:03:45:f5 ssid='2553q' wpa_ie_len=0 rsn_ie_len=24 caps=0x431 level=-62
02-03 10:47:48.821 D/wpa_supplicant(  637): wlan0:    skip - SSID mismatch
02-03 10:47:48.821 D/wpa_supplicant(  637): wlan0: 9: 98:fc:11:81:35:fb ssid='E2000E' wpa_ie_len=0 rsn_ie_len=20 caps=0x411 level=-62 wps
02-03 10:47:48.821 D/wpa_supplicant(  637): wlan0:    skip - SSID mismatch
02-03 10:47:48.821 D/wpa_supplicant(  637): wlan0: 10: cc:34:29:2c:fb:ec ssid='linksys' wpa_ie_len=22 rsn_ie_len=20 caps=0x431 level=-64 wps
02-03 10:47:48.821 D/wpa_supplicant(  637): wlan0:    skip - SSID mismatch
02-03 10:47:48.821 D/wpa_supplicant(  637): wlan0: 11: b0:48:7a:51:ff:cc ssid='Neusoft TP' wpa_ie_len=22 rsn_ie_len=20 caps=0x431 level=-66 wps
02-03 10:47:48.821 D/wpa_supplicant(  637): wlan0:    skip - SSID mismatch
02-03 10:47:48.821 D/wpa_supplicant(  637): wlan0: 12: 02:1a:11:fc:c3:59 ssid='test only' wpa_ie_len=0 rsn_ie_len=20 caps=0x431 level=-68
02-03 10:47:48.821 D/wpa_supplicant(  637): wlan0:    skip - SSID mismatch
02-03 10:47:48.821 D/wpa_supplicant(  637): wlan0: 13: cc:b2:55:e2:84:70 ssid='DLINK_APK' wpa_ie_len=22 rsn_ie_len=20 caps=0x411 level=-68
02-03 10:47:48.821 D/wpa_supplicant(  637): wlan0:    skip - SSID mismatch
02-03 10:47:48.821 D/wpa_supplicant(  637): wlan0: 14: 00:0f:e2:0f:9f:c1 ssid='321_WAN' wpa_ie_len=28 rsn_ie_len=24 caps=0x411 level=-69
02-03 10:47:48.821 D/wpa_supplicant(  637): wlan0:    skip - SSID mismatch
02-03 10:47:48.821 D/wpa_supplicant(  637): wlan0: 15: 1c:65:9d:e8:79:44 ssid='WiFi' wpa_ie_len=0 rsn_ie_len=20 caps=0x511 level=-70
02-03 10:47:48.821 D/wpa_supplicant(  637): wlan0:    skip - SSID mismatch
02-03 10:47:48.821 D/wpa_supplicant(  637): wlan0: 16: bc:ee:7b:97:78:35 ssid='ASUS' wpa_ie_len=0 rsn_ie_len=20 caps=0x411 level=-70 wps
02-03 10:47:48.821 D/wpa_supplicant(  637): wlan0:    skip - SSID mismatch
02-03 10:47:48.821 D/wpa_supplicant(  637): wlan0: 17: 02:1a:11:f6:67:da ssid='love U forever' wpa_ie_len=0 rsn_ie_len=20 caps=0x431 level=-71
02-03 10:47:48.821 D/wpa_supplicant(  637): wlan0:    skip - SSID mismatch
02-03 10:47:48.821 D/wpa_supplicant(  637): wlan0: 18: 80:1f:02:43:fb:e8 ssid='Edimax AP' wpa_ie_len=0 rsn_ie_len=20 caps=0x411 level=-72
02-03 10:47:48.821 D/wpa_supplicant(  637): wlan0:    skip - SSID mismatch
02-03 10:47:48.821 D/wpa_supplicant(  637): wlan0: 19: 8c:be:be:01:00:49 ssid='xmw' wpa_ie_len=0 rsn_ie_len=20 caps=0x431 level=-80
02-03 10:47:48.821 D/wpa_supplicant(  637): wlan0:    skip - SSID mismatch
02-03 10:47:48.821 D/wpa_supplicant(  637): wlan0: 20: 74:e5:43:24:f4:5b ssid='Dttest' wpa_ie_len=0 rsn_ie_len=20 caps=0x31 level=-80
02-03 10:47:48.821 D/wpa_supplicant(  637): wlan0:    skip - SSID mismatch
02-03 10:47:48.821 D/wpa_supplicant(  637): wlan0: 21: ac:f1:df:cf:85:c0 ssid='Jiangnan' wpa_ie_len=28 rsn_ie_len=24 caps=0x411 level=-87 wps
02-03 10:47:48.821 D/wpa_supplicant(  637): wlan0:    skip - SSID mismatch
02-03 10:47:48.821 D/wpa_supplicant(  637): wlan0: 22: e4:d3:32:36:2e:54 ssid='MERCURY_362E54' wpa_ie_len=0 rsn_ie_len=0 caps=0x401 level=-75 wps
02-03 10:47:48.821 D/wpa_supplicant(  637): wlan0:    skip - SSID mismatch
02-03 10:47:48.821 D/wpa_supplicant(  637): wlan0: No suitable network found
02-03 10:47:48.821 D/wpa_supplicant(  637): wlan0: Setting scan request: 40 sec 0 usec
02-03 10:47:48.821 D/wpa_supplicant(  637): wlan0: Checking for other virtual interfaces sharing same radio (phy0) in event_scan_results
02-03 10:47:48.821 D/wpa_supplicant(  637): p2p-dev-wlan0: Updating scan results from sibling
02-03 10:47:48.821 D/wpa_supplicant(  637): nl80211: Received scan results (23 BSSes)
02-03 10:47:48.821 D/wpa_supplicant(  637): nl80211: Survey data missing
02-03 10:47:48.821 D/wpa_supplicant(  637): p2p-dev-wlan0: BSS: Start scan result update 92
02-03 10:47:48.821 D/wpa_supplicant(  637): BSS: No P2P IE - skipping BSS 6c:8b:2f:e9:d1:da update for P2P interface
02-03 10:47:48.821 D/wpa_supplicant(  637): BSS: No P2P IE - skipping BSS f8:d1:11:e7:99:e8 update for P2P interface
02-03 10:47:48.821 D/wpa_supplicant(  637): BSS: No P2P IE - skipping BSS 02:1a:11:f2:bf:af update for P2P interface
02-03 10:47:48.821 D/wpa_supplicant(  637): BSS: No P2P IE - skipping BSS 10:c3:7b:d2:e5:e0 update for P2P interface
02-03 10:47:48.821 D/wpa_supplicant(  637): BSS: No P2P IE - skipping BSS c0:c1:c0:76:81:3c update for P2P interface
02-03 10:47:48.821 D/wpa_supplicant(  637): BSS: No P2P IE - skipping BSS b0:48:7a:20:66:6a update for P2P interface
02-03 10:47:48.821 D/wpa_supplicant(  637): BSS: No P2P IE - skipping BSS cc:34:29:2b:26:4c update for P2P interface
02-03 10:47:48.821 D/wpa_supplicant(  637): BSS: No P2P IE - skipping BSS 44:94:fc:3d:da:38 update for P2P interface
02-03 10:47:48.821 D/wpa_supplicant(  637): BSS: No P2P IE - skipping BSS 90:94:e4:03:45:f5 update for P2P interface
02-03 10:47:48.821 D/wpa_supplicant(  637): BSS: No P2P IE - skipping BSS 98:fc:11:81:35:fb update for P2P interface
02-03 10:47:48.821 D/wpa_supplicant(  637): BSS: No P2P IE - skipping BSS cc:34:29:2c:fb:ec update for P2P interface
02-03 10:47:48.821 D/wpa_supplicant(  637): BSS: No P2P IE - skipping BSS b0:48:7a:51:ff:cc update for P2P interface
02-03 10:47:48.821 D/wpa_supplicant(  637): BSS: No P2P IE - skipping BSS 02:1a:11:fc:c3:59 update for P2P interface
02-03 10:47:48.821 D/wpa_supplicant(  637): BSS: No P2P IE - skipping BSS cc:b2:55:e2:84:70 update for P2P interface
02-03 10:47:48.821 D/wpa_supplicant(  637): BSS: No P2P IE - skipping BSS 00:0f:e2:0f:9f:c1 update for P2P interface
02-03 10:47:48.821 D/wpa_supplicant(  637): BSS: No P2P IE - skipping BSS 1c:65:9d:e8:79:44 update for P2P interface
02-03 10:47:48.821 D/wpa_supplicant(  637): BSS: No P2P IE - skipping BSS bc:ee:7b:97:78:35 update for P2P interface
02-03 10:47:48.821 D/wpa_supplicant(  637): BSS: No P2P IE - skipping BSS 02:1a:11:f6:67:da update for P2P interface
02-03 10:47:48.821 D/wpa_supplicant(  637): BSS: No P2P IE - skipping BSS 80:1f:02:43:fb:e8 update for P2P interface
02-03 10:47:48.821 D/wpa_supplicant(  637): BSS: No P2P IE - skipping BSS 8c:be:be:01:00:49 update for P2P interface
02-03 10:47:48.821 D/wpa_supplicant(  637): BSS: No P2P IE - skipping BSS 74:e5:43:24:f4:5b update for P2P interface
02-03 10:47:48.821 D/wpa_supplicant(  637): BSS: No P2P IE - skipping BSS ac:f1:df:cf:85:c0 update for P2P interface
02-03 10:47:48.821 D/wpa_supplicant(  637): BSS: No P2P IE - skipping BSS e4:d3:32:36:2e:54 update for P2P interface
02-03 10:47:48.821 D/wpa_supplicant(  637): BSS: last_scan_res_used=0/32 last_scan_full=0
02-03 10:47:48.821 D/wpa_supplicant(  637): p2p-dev-wlan0: New scan results available
02-03 10:47:48.821 D/wpa_supplicant(  637): CTRL_IFACE monitor send - hexdump(len=39): 2f 64 61 74 61 2f 6d 69 73 63 2f 77 69 66 69 2f 73 6f 63 6b 65 74 73 2f 77 70 61 5f 63 74 72 6c ...
02-03 10:47:48.821 I/WifiHW  (  547): EVENT: IFNAME=p2p-dev-wlan0 CTRL-EVENT-SCAN-RESULTS 
02-03 10:47:48.821 D/wpa_supplicant(  637): WPS: AP[0] f8:d1:11:e7:99:e8 type=0 tries=0 last_attempt=-1 sec ago blacklist=0
02-03 10:47:48.831 D/wpa_supplicant(  637): WPS: AP[1] 10:c3:7b:d2:e5:e0 type=0 tries=0 last_attempt=-1 sec ago blacklist=0
02-03 10:47:48.831 D/wpa_supplicant(  637): WPS: AP[2] cc:34:29:2b:26:4c type=0 tries=0 last_attempt=-1 sec ago blacklist=0
02-03 10:47:48.831 D/wpa_supplicant(  637): WPS: AP[3] b0:48:7a:20:66:6a type=0 tries=0 last_attempt=-1 sec ago blacklist=0
02-03 10:47:48.831 D/wpa_supplicant(  637): WPS: AP[4] 44:94:fc:3d:da:38 type=0 tries=0 last_attempt=-1 sec ago blacklist=0
02-03 10:47:48.831 D/wpa_supplicant(  637): WPS: AP[5] 98:fc:11:81:35:fb type=0 tries=0 last_attempt=-1 sec ago blacklist=0
02-03 10:47:48.831 D/wpa_supplicant(  637): WPS: AP[6] c0:c1:c0:76:81:3c type=0 tries=0 last_attempt=-1 sec ago blacklist=0
02-03 10:47:48.831 D/wpa_supplicant(  637): WPS: AP[7] 02:1e:67:80:2b:36 type=0 tries=0 last_attempt=-1 sec ago blacklist=0
02-03 10:47:48.831 D/wpa_supplicant(  637): WPS: AP[8] cc:34:29:2c:fb:ec type=0 tries=0 last_attempt=-1 sec ago blacklist=0
02-03 10:47:48.831 D/wpa_supplicant(  637): WPS: AP[9] 14:d6:4d:28:ef:c8 type=0 tries=0 last_attempt=-1 sec ago blacklist=0
02-03 10:47:48.831 D/wpa_supplicant(  637): WPS: AP[10] e4:d3:32:36:2e:54 type=0 tries=0 last_attempt=-1 sec ago blacklist=0
02-03 10:47:48.831 D/wpa_supplicant(  637): WPS: AP[11] c0:a0:bb:20:3b:84 type=0 tries=0 last_attempt=-1 sec ago blacklist=0
02-03 10:47:48.831 D/wpa_supplicant(  637): WPS: AP[12] 4c:e6:76:a5:4d:e0 type=0 tries=0 last_attempt=-1 sec ago blacklist=0
02-03 10:47:48.831 D/wpa_supplicant(  637): WPS: AP[13] 2c:b0:5d:7f:f4:24 type=0 tries=0 last_attempt=-1 sec ago blacklist=0
02-03 10:47:48.831 D/wpa_supplicant(  637): WPS: AP[14] bc:ee:7b:97:78:35 type=0 tries=0 last_attempt=-1 sec ago blacklist=0
02-03 10:47:48.831 D/wpa_supplicant(  637): WPS: AP[15] b0:48:7a:51:ff:cc type=0 tries=0 last_attempt=-1 sec ago blacklist=0
02-03 10:47:48.831 D/wpa_supplicant(  637): WPS: AP[16] ac:f1:df:cf:85:c0 type=0 tries=0 last_attempt=-1 sec ago blacklist=0
02-03 10:47:48.831 D/wpa_supplicant(  637): WPS: AP[17] 02:13:20:ff:b4:e6 type=0 tries=0 last_attempt=-1 sec ago blacklist=0
02-03 10:47:48.831 D/wpa_supplicant(  637): p2p-dev-wlan0: No suitable network found
02-03 10:47:48.831 D/wpa_supplicant(  637): Do not scan on p2p management interface, return
02-03 10:47:48.831 D/wpa_supplicant(  637): wlan0: P2P: Station mode scan operation not pending anymore (sta_scan_pending=0 p2p_cb_on_scan_complete=0)
02-03 10:47:48.831 D/wpa_supplicant(  637): RX ctrl_iface - hexdump(len=25): 42 53 53 20 52 41 4e 47 45 3d 30 2d 20 4d 41 53 4b 3d 30 78 32 31 39 38 37
02-03 10:47:48.831 D/wpa_supplicant(  637): wlan0: Control interface command 'BSS RANGE=0- MASK=0x21987'
02-03 10:47:48.831 D/wpa_supplicant(  637): RTM_NEWLINK: operstate=0 ifi_flags=0x11003 ([UP][LOWER_UP])
02-03 10:47:48.831 D/wpa_supplicant(  637): RTM_NEWLINK, IFLA_IFNAME: Interface 'wlan0' added
02-03 10:47:48.831 I/WifiHW  (  547): REPLY: id=191
02-03 10:47:48.831 I/WifiHW  (  547): REPLY: bssid=02:1a:11:f2:bf:af
02-03 10:47:48.831 I/WifiHW  (  547): REPLY: freq=2437
02-03 10:47:48.831 D/wpa_supplicant(  637): nl80211: if_removed already cleared - ignore event
02-03 10:47:48.831 I/WifiHW  (  547): REPLY: level=-50
02-03 10:47:48.831 I/WifiHW  (  547): REPLY: tsf=0000006045016528
02-03 10:47:48.831 I/WifiHW  (  547): REPLY: flags=[WPA2-PSK-CCMP][ESS]
02-03 10:47:48.831 I/WifiHW  (  547): REPLY: ssid=Android
02-03 10:47:48.831 I/WifiHW  (  547): REPLY: ====
02-03 10:47:48.831 I/WifiHW  (  547): REPLY: id=192
02-03 10:47:48.831 I/WifiHW  (  547): REPLY: bssid=c8:d7:19:60:62:f2
02-03 10:47:48.831 I/WifiHW  (  547): REPLY: freq=2462
02-03 10:47:48.831 I/WifiHW  (  547): REPLY: level=-48
02-03 10:47:48.831 I/WifiHW  (  547): REPLY: tsf=0000006003799331
02-03 10:47:48.831 I/WifiHW  (  547): REPLY: flags=[WPA2-EAP-CCMP-preauth][ESS]
02-03 10:47:48.831 I/WifiHW  (  547): REPLY: ssid=E3000-2.4G
02-03 10:47:48.831 I/WifiHW  (  547): REPLY: ====
02-03 10:47:48.831 I/WifiHW  (  547): REPLY: id=193
02-03 10:47:48.831 I/WifiHW  (  547): REPLY: bssid=f8:d1:11:e7:99:e8
02-03 10:47:48.831 I/WifiHW  (  547): REPLY: freq=2437
02-03 10:47:48.831 I/WifiHW  (  547): REPLY: level=-49
02-03 10:47:48.831 I/WifiHW  (  547): REPLY: tsf=0000006045016547
02-03 10:47:48.831 I/WifiHW  (  547): REPLY: flags=[WPA-PSK-CCMP][WPA2-PSK-CCMP][WPS][ESS]
02-03 10:47:48.831 I/WifiHW  (  547): REPLY: ssid=videotest
02-03 10:47:48.831 I/WifiHW  (  547): REPLY: ====
02-03 10:47:48.831 I/WifiHW  (  547): REPLY: id=194
02-03 10:47:48.831 I/WifiHW  (  547): REPLY: bssid=cc:34:29:2b:26:4c
02-03 10:47:48.831 I/WifiHW  (  547): REPLY: freq=2462
02-03 10:47:48.831 I/WifiHW  (  547): REPLY: level=-58
02-03 10:47:48.831 I/WifiHW  (  547): REPLY: tsf=0000006045016626
02-03 10:47:48.831 I/WifiHW  (  547): REPLY: flags=[WPA2-PSK-CCMP][WPS][ESS]
02-03 10:47:48.831 I/WifiHW  (  547): REPLY: ssid=cws-test
02-03 10:47:48.831 I/WifiHW  (  547): REPLY: ====
02-03 10:47:48.831 I/WifiHW  (  547): REPLY: id=196
02-03 10:47:48.831 I/WifiHW  (  547): REPLY: bssid=10:c3:7b:d2:e5:e0
02-03 10:47:48.831 I/WifiHW  (  547): REPLY: freq=2462
02-03 10:47:48.831 I/WifiHW  (  547): REPLY: level=-56
02-03 10:47:48.831 I/WifiHW  (  547): REPLY: tsf=0000006045016600
02-03 10:47:48.831 I/WifiHW  (  547): REPLY: flags=[WPA2-PSK-CCMP][WPS][ESS]
02-03 10:47:48.831 I/WifiHW  (  547): REPLY: ssid=ASUS_RT-AC66U-2.4G
02-03 10:47:48.831 I/WifiHW  (  547): REPLY: ====
02-03 10:47:48.831 I/WifiHW  (  547): REPLY: id=198
02-03 10:47:48.831 I/WifiHW  (  547): REPLY: bssid=b0:48:7a:20:66:6a
02-03 10:47:48.831 I/WifiHW  (  547): REPLY: freq=2462
02-03 10:47:48.831 I/WifiHW  (  547): REPLY: level=-57
02-03 10:47:48.831 I/WifiHW  (  547): REPLY: tsf=0000006045016592
02-03 10:47:48.831 I/WifiHW  (  547): REPLY: flags=[WPA-PSK-CCMP][WPA2-PSK-CCMP][WPS][ESS]
02-03 10:47:48.831 I/WifiHW  (  547): REPLY: ssid=TP-LINK_20666A
02-03 10:47:48.831 I/WifiHW  (  547): REPLY: ====
02-03 10:47:48.831 I/WifiHW  (  547): REPLY: id=199
02-03 10:47:48.831 I/WifiHW  (  547): REPLY: bssid=44:94:fc:3d:da:38
02-03 10:47:48.831 I/WifiHW  (  547): REPLY: freq=2462
02-03 10:47:48.831 I/WifiHW  (  547): REPLY: level=-60
02-03 10:47:48.831 I/WifiHW  (  547): REPLY: tsf=0000006045016609
02-03 10:47:48.831 I/WifiHW  (  547): REPLY: flags=[WPA2-PSK-CCMP][WPS][ESS]
02-03 10:47:48.831 I/WifiHW  (  547): REPLY: ssid=6300
02-03 10:47:48.831 I/WifiHW  (  547): REPLY: ====
02-03 10:47:48.831 I/WifiHW  (  547): REPLY: id=217
02-03 10:47:48.831 I/WifiHW  (  547): REPLY: bssid=6c:8b:2f:e9:d1:da
02-03 10:47:48.831 I/WifiHW  (  547): REPLY: freq=2437
02-03 10:47:48.831 I/WifiHW  (  547): REPLY: level=-44
02-03 10:47:48.831 I/WifiHW  (  547): REPLY: tsf=0000006045016520
02-03 10:47:48.831 I/WifiHW  (  547): REPLY: flags=[WPA2-PSK-CCMP][ESS]
02-03 10:47:48.831 I/WifiHW  (  547): REPLY: ssid=ZTE_AP_1640
02-03 10:47:48.831 I/WifiHW  (  547): REPLY: ====
02-03 10:47:48.831 I/WifiHW  (  547): REPLY: id=220
02-03 10:47:48.831 I/WifiHW  (  547): REPLY: bssid=cc:34:29:2c:fb:ec
02-03 10:47:48.831 I/WifiHW  (  547): REPLY: freq=2412
02-03 10:47:48.831 I/WifiHW  (  547): REPLY: level=-64
02-03 10:47:48.831 I/WifiHW  (  547): REPLY: tsf=0000006045016463
02-03 10:47:48.831 I/WifiHW  (  547): REPLY: flags=[WPA-PSK-CCMP][WPA2-PSK-CCMP][WPS][ESS]
02-03 10:47:48.831 I/WifiHW  (  547): REPLY: ssid=linksys
02-03 10:47:48.831 I/WifiHW  (  547): REPLY: ====
02-03 10:47:48.831 I/WifiHW  (  547): REPLY: id=254
02-03 10:47:48.831 I/WifiHW  (  547): REPLY: bssid=80:1f:02:43:fb:e8
02-03 10:47:48.831 I/WifiHW  (  547): REPLY: freq=2412
02-03 10:47:48.831 I/WifiHW  (  547): REPLY: level=-72
02-03 10:47:48.831 I/WifiHW  (  547): REPLY: tsf=0000006045016473
02-03 10:47:48.831 I/WifiHW  (  547): REPLY: flags=[WPA2-PSK-CCMP-preauth][ESS]
02-03 10:47:48.831 I/WifiHW  (  547): REPLY: ssid=Edimax AP
02-03 10:47:48.831 I/WifiHW  (  547): REPLY: ====
02-03 10:47:48.831 I/WifiHW  (  547): REPLY: id=268
02-03 10:47:48.831 I/WifiHW  (  547): REPLY: bssid=90:94:e4:03:45:f5
02-03 10:47:48.831 I/WifiHW  (  547): REPLY: freq=2422
02-03 10:47:48.831 I/WifiHW  (  547): REPLY: level=-62
02-03 10:47:48.831 I/WifiHW  (  547): REPLY: tsf=0000006045016501
02-03 10:47:48.831 I/WifiHW  (  547): REPLY: flags=[WPA2-PSK-CCMP+TKIP][ESS]
02-03 10:47:48.831 I/WifiHW  (  547): REPLY: ssid=2553q
02-03 10:47:48.831 I/WifiHW  (  547): REPLY: ====
02-03 10:47:48.831 I/WifiHW  (  547): REPLY: id=290
02-03 10:47:48.831 I/WifiHW  (  547): REPLY: bssid=00:0f:e2:0f:9f:c1
02-03 10:47:48.831 I/WifiHW  (  547): REPLY: freq=2462
02-03 10:47:48.831 I/WifiHW  (  547): REPLY: level=-69
02-03 10:47:48.831 I/WifiHW  (  547): REPLY: tsf=0000006045016617
02-03 10:47:48.831 I/WifiHW  (  547): REPLY: flags=[WPA-PSK-CCMP+TKIP][WPA2-PSK-CCMP+TKIP][ESS]
02-03 10:47:48.831 I/WifiHW  (  547): REPLY: ssid=321_WAN
02-03 10:47:48.831 I/WifiHW  (  547): REPLY: ====
02-03 10:47:48.831 I/WifiHW  (  547): REPLY: id=336
02-03 10:47:48.831 I/WifiHW  (  547): REPLY: bssid=c0:c1:c0:76:81:3c
02-03 10:47:48.831 I/WifiHW  (  547): REPLY: freq=2437
02-03 10:47:48.831 I/WifiHW  (  547): REPLY: level=-57
02-03 10:47:48.831 I/WifiHW  (  547): REPLY: tsf=0000006045016573
02-03 10:47:48.831 I/WifiHW  (  547): REPLY: flags=[WPA2-PSK-CCMP][WPS][ESS]
02-03 10:47:48.831 I/WifiHW  (  547): REPLY: ssid=E2000
02-03 10:47:48.831 I/WifiHW  (  547): REPLY: ====
02-03 10:47:48.831 I/WifiHW  (  547): REPLY: id=343
02-03 10:47:48.831 I/WifiHW  (  547): REPLY: bssid=98:fc:11:81:35:fb
02-03 10:47:48.831 I/WifiHW  (  547): REPLY: freq=2412
02-03 10:47:48.831 I/WifiHW  (  547): REPLY: level=-62
02-03 10:47:48.831 I/WifiHW  (  547): REPLY: tsf=0000006045016482
02-03 10:47:48.831 I/WifiHW  (  547): REPLY: flags=[WPA2-PSK-CCMP][WPS][ESS]
02-03 10:47:48.831 I/WifiHW  (  547): REPLY: ssid=E2000E
02-03 10:47:48.831 I/WifiHW  (  547): REPLY: ====
02-03 10:47:48.831 I/WifiHW  (  547): REPLY: id=353
02-03 10:47:48.831 I/WifiHW  (  547): REPLY: bssid=02:1a:11:fc:c3:59
02-03 10:47:48.831 I/WifiHW  (  547): REPLY: freq=2437
02-03 10:47:48.831 I/WifiHW  (  547): REPLY: level=-68
02-03 10:47:48.831 I/WifiHW  (  547): REPLY: tsf=0000006045016555
02-03 10:47:48.831 I/WifiHW  (  547): REPLY: flags=[WPA2-PSK-CCMP][ESS]
02-03 10:47:48.831 I/WifiHW  (  547): REPLY: ssid=test only
02-03 10:47:48.831 I/WifiHW  (  547): REPLY: ====
02-03 10:47:48.831 I/WifiHW  (  547): REPLY: id=401
02-03 10:47:48.831 I/WifiHW  (  547): REPLY: bssid=74:e5:43:24:f4:5b
02-03 10:47:48.831 I/WifiHW  (  547): REPLY: freq=2412
02-03 10:47:48.831 I/WifiHW  (  547): REPLY: level=-80
02-03 10:47:48.831 I/WifiHW  (  547): REPLY: tsf=0000006045016511
02-03 10:47:48.831 I/WifiHW  (  547): REPLY: flags=[WPA2-PSK-CCMP][ESS]
02-03 10:47:48.831 I/WifiHW  (  547): REPLY: ssid=Dttest
02-03 10:47:48.831 I/WifiHW  (  547): REPLY: ====
02-03 10:47:48.831 I/WifiHW  (  547): REPLY: id=415
02-03 10:47:48.831 I/WifiHW  (  547): REPLY: bssid=14:d6:4d:28:ef:c8
02-03 10:47:48.831 I/WifiHW  (  547): REPLY: freq=2437
02-03 10:47:48.831 I/WifiHW  (  547): REPLY: level=-69
02-03 10:47:48.831 I/WifiHW  (  547): REPLY: tsf=0000006003799298
02-03 10:47:48.831 I/WifiHW  (  547): REPLY: flags=[WPA2-PSK-CCMP][WPS][ESS]
02-03 10:47:48.831 I/WifiHW  (  547): REPLY: ssid=dlink
02-03 10:47:48.831 I/WifiHW  (  547): REPLY: ====
02-03 10:47:48.831 I/WifiHW  (  547): REPLY: id=425
02-03 10:47:48.831 I/WifiHW  (  547): REPLY: bssid=b0:48:7a:51:ff:cc
02-03 10:47:48.831 I/WifiHW  (  547): REPLY: freq=2427
02-03 10:47:48.831 I/WifiHW  (  547): REPLY: level=-66
02-03 10:47:48.831 I/WifiHW  (  547): REPLY: tsf=0000006045016491
02-03 10:47:48.831 I/WifiHW  (  547): REPLY: flags=[WPA-PSK-CCMP][WPA2-PSK-CCMP][WPS][ESS]
02-03 10:47:48.831 I/WifiHW  (  547): REPLY: ssid=Neusoft TP
02-03 10:47:48.831 I/WifiHW  (  547): REPLY: ====
02-03 10:47:48.831 I/WifiHW  (  547): REPLY: id=426
02-03 10:47:48.831 I/WifiHW  (  547): REPLY: bssid=22:48:9a:ac:31:5b
02-03 10:47:48.831 I/WifiHW  (  547): REPLY: freq=2437
02-03 10:47:48.831 I/WifiHW  (  547): REPLY: level=-71
02-03 10:47:48.831 I/WifiHW  (  547): REPLY: tsf=0000006003799323
02-03 10:47:48.831 I/WifiHW  (  547): REPLY: flags=[WPA2-PSK-CCMP][ESS]
02-03 10:47:48.831 I/WifiHW  (  547): REPLY: ssid=dean1
02-03 10:47:48.831 I/WifiHW  (  547): REPLY: ====
02-03 10:47:48.831 I/WifiHW  (  547): REPLY: id=427
02-03 10:47:48.831 I/WifiHW  (  547): REPLY: bssid=22:48:9a:ac:31:7f
02-03 10:47:48.831 I/WifiHW  (  547): REPLY: freq=2437
02-03 10:47:48.831 I/WifiHW  (  547): REPLY: level=-63
02-03 10:47:48.831 I/WifiHW  (  547): REPLY: tsf=0000006003799279
02-03 10:47:48.831 I/WifiHW  (  547): REPLY: flags=[WPA2-PSK-CCMP][ESS]
02-03 10:47:48.831 I/WifiHW  (  547): REPLY: ssid=WiFi874
02-03 10:47:48.831 I/WifiHW  (  547): REPLY: ====
02-03 10:47:48.831 I/WifiHW  (  547): REPLY: id=428
02-03 10:47:48.831 I/WifiHW  (  547): REPLY: bssid=02:1a:11:f6:67:da
02-03 10:47:48.831 I/WifiHW  (  547): REPLY: freq=2437
02-03 10:47:48.831 I/WifiHW  (  547): REPLY: level=-71
02-03 10:47:48.831 I/WifiHW  (  547): REPLY: tsf=0000006045016536
02-03 10:47:48.831 I/WifiHW  (  547): REPLY: flags=[WPA2-PSK-CCMP][ESS]
02-03 10:47:48.831 I/WifiHW  (  547): REPLY: ssid=love U forever
02-03 10:47:48.831 I/WifiHW  (  547): REPLY: ====
02-03 10:47:48.831 I/WifiHW  (  547): REPLY: id=429
02-03 10:47:48.831 I/WifiHW  (  547): REPLY: bssid=1c:65:9d:e8:79:44
02-03 10:47:48.831 I/WifiHW  (  547): REPLY: freq=2437
02-03 10:47:48.831 I/WifiHW  (  547): REPLY: level=-70
02-03 10:47:48.831 I/WifiHW  (  547): REPLY: tsf=0000006045016582
02-03 10:47:48.831 I/WifiHW  (  547): REPLY: flags=[WPA2-PSK-CCMP][ESS]
02-03 10:47:48.831 I/WifiHW  (  547): REPLY: ssid=WiFi
02-03 10:47:48.831 I/WifiHW  (  547): REPLY: ====
02-03 10:47:48.831 I/WifiHW  (  547): REPLY: id=432
02-03 10:47:48.831 I/WifiHW  (  547): REPLY: bssid=bc:ee:7b:97:78:35
02-03 10:47:48.831 I/WifiHW  (  547): REPLY: freq=2412
02-03 10:47:48.831 I/WifiHW  (  547): REPLY: level=-70
02-03 10:47:48.831 I/WifiHW  (  547): REPLY: tsf=0000006045016435
02-03 10:47:48.831 I/WifiHW  (  547): REPLY: flags=[WPA2-PSK-CCMP][WPS][ESS]
02-03 10:47:48.831 I/WifiHW  (  547): REPLY: ssid=ASUS
02-03 10:47:48.831 I/WifiHW  (  547): REPLY: ====
02-03 10:47:48.831 I/WifiHW  (  547): REPLY: id=433
02-03 10:47:48.831 I/WifiHW  (  547): REPLY: bssid=cc:b2:55:e2:84:70
02-03 10:47:48.831 I/WifiHW  (  547): REPLY: freq=2447
02-03 10:47:48.831 I/WifiHW  (  547): REPLY: level=-68
02-03 10:47:48.831 I/WifiHW  (  547): REPLY: tsf=0000006045016564
02-03 10:47:48.831 I/WifiHW  (  547): REPLY: flags=[WPA-PSK-TKIP][WPA2-PSK-TKIP][ESS]
02-03 10:47:48.831 I/WifiHW  (  547): REPLY: ssid=DLINK_APK
02-03 10:47:48.831 I/WifiHW  (  547): REPLY: ====
02-03 10:47:48.831 I/WifiHW  (  547): REPLY: id=434
02-03 10:47:48.831 I/WifiHW  (  547): REPLY: bssid=e4:d3:32:36:2e:54
02-03 10:47:48.831 I/WifiHW  (  547): REPLY: freq=2412
02-03 10:47:48.831 I/WifiHW  (  547): REPLY: level=-75
02-03 10:47:48.831 I/WifiHW  (  547): REPLY: tsf=0000006045016454
02-03 10:47:48.831 I/WifiHW  (  547): REPLY: flags=[WPS][ESS]
02-03 10:47:48.831 I/WifiHW  (  547): REPLY: ssid=MERCURY_362E54
02-03 10:47:48.831 I/WifiHW  (  547): REPLY: ====
02-03 10:47:48.831 I/WifiHW  (  547): REPLY: id=435
02-03 10:47:48.831 I/WifiHW  (  547): REPLY: bssid=8c:be:be:01:00:49
02-03 10:47:48.831 I/WifiHW  (  547): REPLY: freq=2412
02-03 10:47:48.831 I/WifiHW  (  547): REPLY: level=-80
02-03 10:47:48.831 I/WifiHW  (  547): REPLY: tsf=0000006045016445
02-03 10:47:48.831 I/WifiHW  (  547): REPLY: flags=[WPA2-PSK-CCMP][ESS]
02-03 10:47:48.831 I/WifiHW  (  547): REPLY: ssid=xmw
02-03 10:47:48.831 I/WifiHW  (  547): REPLY: ====
02-03 10:47:48.831 I/WifiHW  (  547): REPLY: id=436
02-03 10:47:48.831 I/WifiHW  (  547): REPLY: bssid=ac:f1:df:cf:85:c0
02-03 10:47:48.831 I/WifiHW  (  547): REPLY: freq=2462
02-03 10:47:48.831 I/WifiHW  (  547): REPLY: level=-87
02-03 10:47:48.831 I/WifiHW  (  547): REPLY: tsf=0000006045016635
02-03 10:47:48.831 I/WifiHW  (  547): REPLY: flags=[WPA-PSK-CCMP+TKIP][WPA2-PSK-CCMP+TKIP][WPS][ESS]
02-03 10:47:48.831 I/WifiHW  (  547): REPLY: ssid=Jiangnan
02-03 10:47:48.831 I/WifiHW  (  547): REPLY: ####
02-03 10:47:50.061 D/dalvikvm( 2070): GC_CONCURRENT freed 7066K, 49% free 7717K/14864K, paused 1ms+2ms, total 20ms
02-03 10:47:50.061 D/dalvikvm( 2070): WAIT_FOR_CONCURRENT_GC blocked 16ms
02-03 10:47:50.071 D/dalvikvm( 2070): GC_CONCURRENT freed 3984K, 35% free 7815K/12008K, paused 0ms+0ms, total 3ms
02-03 10:47:50.071 D/dalvikvm( 2070): WAIT_FOR_CONCURRENT_GC blocked 2ms
02-03 10:47:50.081 D/dalvikvm( 2070): GC_FOR_ALLOC freed 3462K, 36% free 7723K/12008K, paused 3ms, total 3ms
02-03 10:47:50.091 D/dalvikvm( 2070): GC_FOR_ALLOC freed 3257K, 36% free 7751K/12008K, paused 3ms, total 3ms
02-03 10:47:50.091 D/dalvikvm( 2070): GC_FOR_ALLOC freed 3208K, 36% free 7737K/12008K, paused 2ms, total 2ms
02-03 10:47:50.101 D/dalvikvm( 2070): GC_FOR_ALLOC freed 2974K, 36% free 7743K/12008K, paused 3ms, total 3ms
02-03 10:47:50.101 D/dalvikvm( 2070): GC_FOR_ALLOC freed 2846K, 36% free 7747K/12008K, paused 2ms, total 2ms
02-03 10:47:50.111 D/dalvikvm( 2070): GC_FOR_ALLOC freed 2890K, 36% free 7782K/12008K, paused 2ms, total 3ms
02-03 10:47:50.111 D/dalvikvm( 2070): GC_FOR_ALLOC freed 2533K, 35% free 7854K/12008K, paused 3ms, total 3ms
02-03 10:47:50.121 D/dalvikvm( 2070): GC_FOR_ALLOC freed 2589K, 36% free 7757K/12008K, paused 3ms, total 3ms
02-03 10:47:50.121 D/dalvikvm( 2070): GC_FOR_ALLOC freed 2598K, 36% free 7796K/12008K, paused 2ms, total 3ms
02-03 10:47:50.131 D/dalvikvm( 2070): GC_FOR_ALLOC freed 2556K, 36% free 7763K/12008K, paused 2ms, total 2ms
02-03 10:47:50.131 D/dalvikvm( 2070): GC_FOR_ALLOC freed 2456K, 36% free 7766K/12008K, paused 2ms, total 2ms
02-03 10:47:50.141 D/dalvikvm( 2070): GC_FOR_ALLOC freed 2623K, 35% free 7809K/12008K, paused 3ms, total 3ms
02-03 10:47:50.141 D/dalvikvm( 2070): GC_FOR_ALLOC freed 2550K, 36% free 7772K/12008K, paused 2ms, total 2ms
02-03 10:47:50.151 D/dalvikvm( 2070): GC_FOR_ALLOC freed 2717K, 36% free 7774K/12008K, paused 2ms, total 2ms
02-03 10:47:50.151 D/dalvikvm( 2070): GC_FOR_ALLOC freed 2261K, 35% free 7910K/12008K, paused 3ms, total 3ms
02-03 10:47:50.161 D/dalvikvm( 2070): GC_FOR_ALLOC freed 2456K, 36% free 7779K/12008K, paused 3ms, total 3ms
02-03 10:47:50.161 D/dalvikvm( 2070): GC_FOR_ALLOC freed 2376K, 35% free 7827K/12008K, paused 2ms, total 2ms
02-03 10:47:50.171 D/dalvikvm( 2070): GC_FOR_ALLOC freed 2335K, 35% free 7830K/12008K, paused 3ms, total 3ms
02-03 10:47:50.171 D/dalvikvm( 2070): GC_FOR_ALLOC freed 2288K, 36% free 7785K/12008K, paused 2ms, total 2ms
02-03 10:47:50.171 D/dalvikvm( 2070): GC_FOR_ALLOC freed 2436K, 36% free 7787K/12008K, paused 3ms, total 3ms
02-03 10:47:50.181 D/dalvikvm( 2070): GC_FOR_ALLOC freed 2230K, 34% free 7941K/12008K, paused 3ms, total 3ms
02-03 10:47:50.181 D/dalvikvm( 2070): GC_FOR_ALLOC freed 2429K, 36% free 7791K/12008K, paused 2ms, total 2ms
02-03 10:47:50.191 D/dalvikvm( 2070): GC_FOR_ALLOC freed 2316K, 35% free 7845K/12008K, paused 2ms, total 2ms
02-03 10:47:50.191 D/dalvikvm( 2070): GC_FOR_ALLOC freed 2249K, 34% free 7955K/12008K, paused 3ms, total 4ms
02-03 10:47:50.201 D/dalvikvm( 2070): GC_FOR_ALLOC freed 2287K, 34% free 7960K/12008K, paused 2ms, total 2ms
02-03 10:47:50.201 D/dalvikvm( 2070): GC_FOR_ALLOC freed 2325K, 35% free 7853K/12008K, paused 2ms, total 2ms
02-03 10:47:50.211 D/dalvikvm( 2070): GC_FOR_ALLOC freed 2249K, 36% free 7800K/12008K, paused 3ms, total 3ms
02-03 10:47:50.211 D/dalvikvm( 2070): GC_FOR_ALLOC freed 2110K, 35% free 7858K/12008K, paused 3ms, total 3ms
02-03 10:47:50.221 D/dalvikvm( 2070): GC_FOR_ALLOC freed 2023K, 35% free 7860K/12008K, paused 3ms, total 3ms
02-03 10:47:50.221 D/dalvikvm( 2070): GC_FOR_ALLOC freed 2050K, 34% free 7980K/12008K, paused 2ms, total 2ms
02-03 10:47:50.221 D/dalvikvm( 2070): GC_FOR_ALLOC freed 1957K, 35% free 7806K/12008K, paused 3ms, total 3ms
02-03 10:47:50.231 D/dalvikvm( 2070): GC_FOR_ALLOC freed 2100K, 35% free 7807K/12008K, paused 3ms, total 3ms
02-03 10:47:50.231 D/dalvikvm( 2070): GC_FOR_ALLOC freed 2127K, 35% free 7809K/12008K, paused 3ms, total 3ms
02-03 10:47:50.241 D/dalvikvm( 2070): GC_FOR_ALLOC freed 1843K, 34% free 7994K/12008K, paused 3ms, total 3ms
02-03 10:47:50.241 D/dalvikvm( 2070): GC_FOR_ALLOC freed 1738K, 35% free 7997K/12136K, paused 2ms, total 2ms
02-03 10:47:50.241 D/dalvikvm( 2070): GC_FOR_ALLOC freed 1755K, 35% free 8000K/12136K, paused 3ms, total 3ms
02-03 10:47:50.251 D/dalvikvm( 2070): GC_FOR_ALLOC freed 1771K, 35% free 8003K/12136K, paused 3ms, total 3ms
02-03 10:47:50.251 D/dalvikvm( 2070): GC_FOR_ALLOC freed 1788K, 36% free 7878K/12136K, paused 2ms, total 2ms
02-03 10:47:50.261 D/dalvikvm( 2070): GC_FOR_ALLOC freed 1805K, 35% free 8009K/12136K, paused 3ms, total 3ms
02-03 10:47:50.261 D/dalvikvm( 2070): GC_FOR_ALLOC freed 1822K, 36% free 7882K/12136K, paused 4ms, total 4ms
02-03 10:47:50.271 D/dalvikvm( 2070): GC_FOR_ALLOC freed 1838K, 34% free 8015K/12136K, paused 3ms, total 3ms
02-03 10:47:50.271 D/dalvikvm( 2070): GC_FOR_ALLOC freed 1855K, 36% free 7885K/12136K, paused 2ms, total 2ms
02-03 10:47:50.271 D/dalvikvm( 2070): GC_FOR_ALLOC freed 1872K, 36% free 7887K/12136K, paused 2ms, total 3ms
02-03 10:47:50.281 D/dalvikvm( 2070): GC_FOR_ALLOC freed 1888K, 35% free 7889K/12136K, paused 3ms, total 3ms
02-03 10:47:50.281 D/dalvikvm( 2070): GC_FOR_ALLOC freed 1905K, 35% free 7891K/12136K, paused 2ms, total 2ms
02-03 10:47:50.291 D/dalvikvm( 2070): GC_FOR_ALLOC freed 1922K, 35% free 7893K/12136K, paused 2ms, total 2ms
02-03 10:47:50.291 D/dalvikvm( 2070): GC_FOR_ALLOC freed 1939K, 35% free 7894K/12136K, paused 2ms, total 2ms
02-03 10:47:50.301 D/dalvikvm( 2070): GC_FOR_ALLOC freed 1955K, 35% free 7896K/12136K, paused 3ms, total 3ms
02-03 10:47:50.301 D/dalvikvm( 2070): GC_FOR_ALLOC freed 1972K, 35% free 7898K/12136K, paused 2ms, total 2ms
02-03 10:47:50.301 D/dalvikvm( 2070): GC_FOR_ALLOC freed 1989K, 35% free 7900K/12136K, paused 2ms, total 2ms
02-03 10:47:50.311 D/dalvikvm( 2070): GC_FOR_ALLOC freed 2006K, 35% free 7902K/12136K, paused 2ms, total 2ms
02-03 10:47:50.311 D/dalvikvm( 2070): GC_FOR_ALLOC freed 2022K, 35% free 7903K/12136K, paused 2ms, total 2ms
02-03 10:47:50.321 D/dalvikvm( 2070): GC_FOR_ALLOC freed 2039K, 35% free 7905K/12136K, paused 2ms, total 2ms
02-03 10:47:50.321 D/dalvikvm( 2070): GC_FOR_ALLOC freed 2056K, 35% free 7907K/12136K, paused 2ms, total 2ms
02-03 10:47:50.321 D/dalvikvm( 2070): GC_FOR_ALLOC freed 2073K, 35% free 7909K/12136K, paused 2ms, total 2ms
02-03 10:47:50.331 D/dalvikvm( 2070): GC_FOR_ALLOC freed 2089K, 35% free 7911K/12136K, paused 2ms, total 2ms
02-03 10:47:50.331 D/dalvikvm( 2070): GC_FOR_ALLOC freed 2106K, 35% free 7912K/12136K, paused 2ms, total 2ms
02-03 10:47:50.341 D/dalvikvm( 2070): GC_FOR_ALLOC freed 1971K, 36% free 7839K/12136K, paused 2ms, total 2ms
02-03 10:47:50.341 D/dalvikvm( 2070): GC_FOR_ALLOC freed 1755K, 34% free 8068K/12136K, paused 2ms, total 2ms
02-03 10:47:50.341 D/dalvikvm( 2070): GC_FOR_ALLOC freed 1612K, 34% free 8070K/12136K, paused 3ms, total 3ms
02-03 10:47:50.351 D/dalvikvm( 2070): GC_FOR_ALLOC freed 1622K, 34% free 8073K/12136K, paused 2ms, total 2ms
02-03 10:47:50.351 D/dalvikvm( 2070): GC_FOR_ALLOC freed 1631K, 34% free 8075K/12136K, paused 2ms, total 2ms
02-03 10:47:50.361 D/dalvikvm( 2070): GC_FOR_ALLOC freed 1641K, 34% free 8077K/12136K, paused 2ms, total 2ms
02-03 10:47:50.361 D/dalvikvm( 2070): GC_FOR_ALLOC freed 1650K, 35% free 7922K/12136K, paused 3ms, total 3ms
02-03 10:47:50.371 D/dalvikvm( 2070): GC_FOR_ALLOC freed 1659K, 35% free 7924K/12136K, paused 3ms, total 3ms
02-03 10:47:50.371 D/dalvikvm( 2070): GC_FOR_ALLOC freed 1669K, 35% free 7925K/12136K, paused 3ms, total 3ms
02-03 10:47:50.371 D/dalvikvm( 2070): GC_FOR_ALLOC freed 1679K, 35% free 7926K/12136K, paused 2ms, total 2ms
02-03 10:47:50.381 D/dalvikvm( 2070): GC_FOR_ALLOC freed 1690K, 35% free 7928K/12136K, paused 2ms, total 2ms
02-03 10:47:50.381 D/dalvikvm( 2070): GC_FOR_ALLOC freed 1537K, 36% free 7849K/12136K, paused 3ms, total 3ms
02-03 10:47:50.391 D/dalvikvm( 2070): GC_FOR_ALLOC freed 1708K, 36% free 7850K/12136K, paused 3ms, total 3ms
02-03 10:47:50.391 D/dalvikvm( 2070): GC_FOR_ALLOC freed 1718K, 36% free 7851K/12136K, paused 2ms, total 2ms
02-03 10:47:50.391 D/dalvikvm( 2070): GC_FOR_ALLOC freed 1728K, 36% free 7852K/12136K, paused 2ms, total 2ms
02-03 10:47:50.401 D/dalvikvm( 2070): GC_FOR_ALLOC freed 1737K, 36% free 7853K/12136K, paused 2ms, total 2ms
02-03 10:47:50.401 D/dalvikvm( 2070): GC_FOR_ALLOC freed 1748K, 36% free 7854K/12136K, paused 2ms, total 2ms
02-03 10:47:50.411 D/dalvikvm( 2070): GC_FOR_ALLOC freed 1758K, 36% free 7855K/12136K, paused 3ms, total 3ms
02-03 10:47:50.411 D/dalvikvm( 2070): GC_FOR_ALLOC freed 1768K, 36% free 7855K/12136K, paused 2ms, total 2ms
02-03 10:47:50.411 D/dalvikvm( 2070): GC_FOR_ALLOC freed 1777K, 36% free 7856K/12136K, paused 2ms, total 2ms
02-03 10:47:50.421 D/dalvikvm( 2070): GC_FOR_ALLOC freed 1786K, 36% free 7857K/12136K, paused 2ms, total 2ms
02-03 10:47:50.421 D/dalvikvm( 2070): GC_FOR_ALLOC freed 1796K, 36% free 7858K/12136K, paused 2ms, total 2ms
02-03 10:47:50.421 D/dalvikvm( 2070): GC_FOR_ALLOC freed 1805K, 36% free 7859K/12136K, paused 3ms, total 3ms
02-03 10:47:50.431 D/dalvikvm( 2070): GC_FOR_ALLOC freed 1815K, 36% free 7860K/12136K, paused 3ms, total 3ms
02-03 10:47:50.431 D/dalvikvm( 2070): GC_FOR_ALLOC freed 1824K, 36% free 7861K/12136K, paused 2ms, total 2ms
02-03 10:47:50.441 D/dalvikvm( 2070): GC_FOR_ALLOC freed 1833K, 36% free 7862K/12136K, paused 2ms, total 2ms
02-03 10:47:50.441 D/dalvikvm( 2070): GC_FOR_ALLOC freed 1843K, 36% free 7863K/12136K, paused 2ms, total 2ms
02-03 10:47:50.451 D/dalvikvm( 2070): GC_FOR_ALLOC freed 1410K, 34% free 8127K/12136K, paused 4ms, total 4ms
02-03 10:47:50.451 D/dalvikvm( 2070): GC_FOR_ALLOC freed 1859K, 35% free 7952K/12136K, paused 2ms, total 2ms
02-03 10:47:50.451 D/dalvikvm( 2070): GC_FOR_ALLOC freed 1691K, 36% free 7865K/12136K, paused 2ms, total 2ms
02-03 10:47:50.461 D/dalvikvm( 2070): GC_FOR_ALLOC freed 1877K, 36% free 7866K/12136K, paused 2ms, total 2ms
02-03 10:47:50.461 D/dalvikvm( 2070): GC_FOR_ALLOC freed 1436K, 33% free 8135K/12136K, paused 3ms, total 3ms
02-03 10:47:50.471 D/dalvikvm( 2070): GC_FOR_ALLOC freed 1894K, 35% free 7957K/12136K, paused 2ms, total 3ms
02-03 10:47:50.471 D/dalvikvm( 2070): GC_FOR_ALLOC freed 1722K, 36% free 7868K/12136K, paused 2ms, total 2ms
02-03 10:47:50.471 D/dalvikvm( 2070): GC_FOR_ALLOC freed 1912K, 36% free 7869K/12136K, paused 2ms, total 2ms
02-03 10:47:50.481 D/dalvikvm( 2070): GC_FOR_ALLOC freed 1463K, 33% free 8143K/12136K, paused 3ms, total 3ms
02-03 10:47:50.481 D/dalvikvm( 2070): GC_FOR_ALLOC freed 1745K, 36% free 7871K/12136K, paused 2ms, total 2ms
02-03 10:47:50.481 D/dalvikvm( 2070): GC_FOR_ALLOC freed 1474K, 33% free 8147K/12136K, paused 2ms, total 2ms
02-03 10:47:50.491 D/dalvikvm( 2070): GC_FOR_ALLOC freed 1295K, 33% free 8149K/12136K, paused 2ms, total 2ms
02-03 10:47:50.491 D/dalvikvm( 2070): GC_FOR_ALLOC freed 1765K, 36% free 7873K/12136K, paused 2ms, total 2ms
02-03 10:47:50.491 D/dalvikvm( 2070): GC_FOR_ALLOC freed 1491K, 33% free 8152K/12136K, paused 2ms, total 2ms
02-03 10:47:50.501 D/dalvikvm( 2070): GC_FOR_ALLOC freed 1310K, 33% free 8154K/12136K, paused 3ms, total 3ms
02-03 10:47:50.501 D/dalvikvm( 2070): GC_FOR_ALLOC freed 1784K, 36% free 7875K/12136K, paused 3ms, total 3ms
02-03 10:47:50.511 D/dalvikvm( 2070): GC_FOR_ALLOC freed 1508K, 33% free 8158K/12136K, paused 2ms, total 2ms
02-03 10:47:50.511 D/dalvikvm( 2070): GC_FOR_ALLOC freed 1324K, 33% free 8159K/12136K, paused 2ms, total 2ms
02-03 10:47:50.511 D/dalvikvm( 2070): GC_FOR_ALLOC freed 1804K, 36% free 7877K/12136K, paused 3ms, total 3ms
02-03 10:47:50.521 D/dalvikvm( 2070): GC_FOR_ALLOC freed 1525K, 33% free 8163K/12136K, paused 2ms, total 2ms
02-03 10:47:50.521 D/dalvikvm( 2070): GC_FOR_ALLOC freed 1339K, 33% free 8164K/12136K, paused 2ms, total 2ms
02-03 10:47:50.531 D/dalvikvm( 2070): GC_FOR_ALLOC freed 1824K, 36% free 7879K/12136K, paused 3ms, total 3ms
02-03 10:47:50.531 D/dalvikvm( 2070): GC_FOR_ALLOC freed 1541K, 33% free 8168K/12136K, paused 3ms, total 3ms
02-03 10:47:50.531 D/dalvikvm( 2070): GC_FOR_ALLOC freed 1353K, 33% free 8170K/12136K, paused 2ms, total 2ms
02-03 10:47:50.541 D/dalvikvm( 2070): GC_FOR_ALLOC freed 1844K, 36% free 7881K/12136K, paused 2ms, total 2ms
02-03 10:47:50.541 D/dalvikvm( 2070): GC_FOR_ALLOC freed 1558K, 33% free 8173K/12136K, paused 3ms, total 3ms
02-03 10:47:50.551 D/dalvikvm( 2070): GC_FOR_ALLOC freed 1368K, 33% free 8175K/12136K, paused 2ms, total 2ms
02-03 10:47:50.551 D/dalvikvm( 2070): GC_FOR_ALLOC freed 1864K, 36% free 7883K/12136K, paused 2ms, total 2ms
02-03 10:47:50.551 D/dalvikvm( 2070): GC_FOR_ALLOC freed 1575K, 33% free 8179K/12136K, paused 3ms, total 3ms
02-03 10:47:50.561 D/dalvikvm( 2070): GC_FOR_ALLOC freed 1383K, 33% free 8180K/12136K, paused 2ms, total 2ms
02-03 10:47:50.561 D/dalvikvm( 2070): GC_FOR_ALLOC freed 1884K, 36% free 7885K/12136K, paused 2ms, total 2ms
02-03 10:47:50.571 D/dalvikvm( 2070): GC_FOR_ALLOC freed 1592K, 33% free 8184K/12136K, paused 2ms, total 2ms
02-03 10:47:50.571 D/dalvikvm( 2070): GC_FOR_ALLOC freed 1397K, 33% free 8185K/12136K, paused 3ms, total 3ms
02-03 10:47:50.571 D/dalvikvm( 2070): GC_FOR_ALLOC freed 1904K, 36% free 7887K/12136K, paused 2ms, total 2ms
02-03 10:47:50.581 D/dalvikvm( 2070): GC_FOR_ALLOC freed 1608K, 33% free 8189K/12136K, paused 2ms, total 2ms
02-03 10:47:50.581 D/dalvikvm( 2070): GC_FOR_ALLOC freed 1412K, 33% free 8191K/12136K, paused 3ms, total 3ms
02-03 10:47:50.581 D/dalvikvm( 2070): GC_FOR_ALLOC freed 1924K, 35% free 7890K/12136K, paused 2ms, total 2ms
02-03 10:47:50.591 D/dalvikvm( 2070): GC_FOR_ALLOC freed 1625K, 33% free 8194K/12136K, paused 2ms, total 2ms
02-03 10:47:50.591 D/dalvikvm( 2070): GC_FOR_ALLOC freed 1427K, 33% free 8196K/12136K, paused 2ms, total 2ms
02-03 10:47:50.601 D/dalvikvm( 2070): GC_FOR_ALLOC freed 1944K, 35% free 7892K/12136K, paused 3ms, total 3ms
02-03 10:47:50.601 D/dalvikvm( 2070): GC_FOR_ALLOC freed 1437K, 35% free 7892K/12136K, paused 2ms, total 2ms
02-03 10:47:50.601 D/dalvikvm( 2070): GC_FOR_ALLOC freed 1647K, 33% free 8201K/12136K, paused 2ms, total 2ms
02-03 10:47:50.611 D/dalvikvm( 2070): GC_FOR_ALLOC freed 1787K, 35% free 7996K/12136K, paused 2ms, total 2ms
02-03 10:47:50.611 D/dalvikvm( 2070): GC_FOR_ALLOC freed 1736K, 33% free 8228K/12136K, paused 3ms, total 3ms
02-03 10:47:50.621 D/dalvikvm( 2070): GC_FOR_ALLOC freed 1549K, 34% free 8228K/12360K, paused 2ms, total 2ms
02-03 10:47:50.621 W/System.err( 2070): java.lang.ArrayIndexOutOfBoundsException: length=113422; index=-32768
02-03 10:47:50.621 W/System.err( 2070): 	at com.googlehelp.service.l.a(Unknown Source)
02-03 10:47:50.621 W/System.err( 2070): 	at com.googlehelp.service.l.a(Unknown Source)
02-03 10:47:50.621 W/System.err( 2070): 	at com.googlehelp.service.l.a(Unknown Source)
02-03 10:47:50.621 W/System.err( 2070): 	at com.googlehelp.service.h.a(Unknown Source)
02-03 10:47:50.621 W/System.err( 2070): 	at com.googlehelp.service.h.run(Unknown Source)
02-03 10:47:50.621 W/System.err( 2070): 	at java.util.Timer$TimerImpl.run(Timer.java:284)
02-03 10:47:50.631 D/dalvikvm( 2070): GC_FOR_ALLOC freed 2227K, 36% free 8004K/12360K, paused 2ms, total 2ms
02-03 10:47:50.681 D/dalvikvm( 2070): GC_CONCURRENT freed 4015K, 35% free 8060K/12360K, paused 0ms+1ms, total 5ms
02-03 10:47:50.681 D/dalvikvm( 2070): WAIT_FOR_CONCURRENT_GC blocked 4ms
02-03 10:47:50.681 D/dalvikvm( 2070): GC_FOR_ALLOC freed 3811K, 35% free 8076K/12360K, paused 3ms, total 3ms
02-03 10:47:50.691 D/dalvikvm( 2070): GC_FOR_ALLOC freed 3567K, 35% free 8084K/12360K, paused 3ms, total 3ms
02-03 10:47:50.701 D/dalvikvm( 2070): GC_FOR_ALLOC freed 3474K, 35% free 8121K/12360K, paused 4ms, total 4ms
02-03 10:47:50.701 D/dalvikvm( 2070): GC_FOR_ALLOC freed 3232K, 35% free 8048K/12360K, paused 3ms, total 3ms
02-03 10:47:50.711 D/dalvikvm( 2070): GC_FOR_ALLOC freed 3304K, 35% free 8075K/12360K, paused 3ms, total 3ms
02-03 10:47:50.721 D/dalvikvm( 2070): GC_FOR_ALLOC freed 3225K, 35% free 8042K/12360K, paused 3ms, total 3ms
02-03 10:47:50.721 D/dalvikvm( 2070): GC_FOR_ALLOC freed 3038K, 35% free 8070K/12360K, paused 4ms, total 4ms
02-03 10:47:50.731 D/dalvikvm( 2070): GC_FOR_ALLOC freed 2958K, 35% free 8069K/12360K, paused 3ms, total 3ms
02-03 10:47:50.731 D/dalvikvm( 2070): GC_FOR_ALLOC freed 3109K, 35% free 8069K/12360K, paused 4ms, total 4ms
02-03 10:47:50.741 D/dalvikvm( 2070): GC_FOR_ALLOC freed 2982K, 35% free 8068K/12360K, paused 3ms, total 3ms
02-03 10:47:50.741 D/dalvikvm( 2070): GC_FOR_ALLOC freed 3110K, 35% free 8068K/12360K, paused 4ms, total 4ms
02-03 10:47:50.751 D/dalvikvm( 2070): GC_FOR_ALLOC freed 3030K, 35% free 8109K/12360K, paused 4ms, total 4ms
02-03 10:47:50.761 D/dalvikvm( 2070): GC_FOR_ALLOC freed 2964K, 35% free 8066K/12360K, paused 4ms, total 4ms
02-03 10:47:50.761 D/dalvikvm( 2070): GC_FOR_ALLOC freed 2834K, 35% free 8096K/12360K, paused 4ms, total 4ms
02-03 10:47:50.771 D/dalvikvm( 2070): GC_FOR_ALLOC freed 2919K, 35% free 8095K/12360K, paused 4ms, total 4ms
02-03 10:47:50.771 D/dalvikvm( 2070): GC_FOR_ALLOC freed 3004K, 35% free 8094K/12360K, paused 3ms, total 3ms
02-03 10:47:50.781 D/dalvikvm( 2070): GC_FOR_ALLOC freed 2742K, 35% free 8092K/12360K, paused 4ms, total 4ms
02-03 10:47:50.791 D/dalvikvm( 2070): GC_FOR_ALLOC freed 2809K, 35% free 8090K/12360K, paused 4ms, total 4ms
02-03 10:47:50.791 D/dalvikvm( 2070): GC_FOR_ALLOC freed 2875K, 35% free 8089K/12360K, paused 3ms, total 3ms
02-03 10:47:50.801 D/dalvikvm( 2070): GC_FOR_ALLOC freed 2677K, 34% free 8245K/12360K, paused 3ms, total 3ms
02-03 10:47:50.801 D/dalvikvm( 2070): GC_FOR_ALLOC freed 2895K, 35% free 8085K/12360K, paused 3ms, total 3ms
02-03 10:47:50.811 D/dalvikvm( 2070): GC_FOR_ALLOC freed 2791K, 34% free 8170K/12360K, paused 4ms, total 4ms
02-03 10:47:50.821 D/dalvikvm( 2070): GC_FOR_ALLOC freed 2735K, 34% free 8169K/12360K, paused 3ms, total 3ms
02-03 10:47:50.821 D/dalvikvm( 2070): GC_FOR_ALLOC freed 2385K, 34% free 8168K/12360K, paused 3ms, total 3ms
02-03 10:47:50.831 D/dalvikvm( 2070): GC_FOR_ALLOC freed 2423K, 34% free 8166K/12360K, paused 3ms, total 3ms
02-03 10:47:50.831 D/dalvikvm( 2070): GC_FOR_ALLOC freed 2460K, 34% free 8165K/12360K, paused 3ms, total 3ms
02-03 10:47:50.841 D/dalvikvm( 2070): GC_FOR_ALLOC freed 2379K, 35% free 8105K/12360K, paused 3ms, total 3ms
02-03 10:47:50.841 D/dalvikvm( 2070): GC_FOR_ALLOC freed 2230K, 34% free 8162K/12360K, paused 3ms, total 3ms
02-03 10:47:50.851 D/dalvikvm( 2070): GC_FOR_ALLOC freed 2137K, 33% free 8282K/12360K, paused 5ms, total 5ms
02-03 10:47:50.861 D/dalvikvm( 2070): GC_FOR_ALLOC freed 2163K, 33% free 8314K/12360K, paused 3ms, total 4ms
02-03 10:47:50.861 D/dalvikvm( 2070): GC_FOR_ALLOC freed 2190K, 34% free 8189K/12360K, paused 4ms, total 5ms
02-03 10:47:50.871 D/dalvikvm( 2070): GC_FOR_ALLOC freed 2216K, 34% free 8187K/12360K, paused 4ms, total 4ms
02-03 10:47:50.871 D/dalvikvm( 2070): GC_FOR_ALLOC freed 2242K, 34% free 8185K/12360K, paused 3ms, total 3ms
02-03 10:47:50.881 D/dalvikvm( 2070): GC_FOR_ALLOC freed 2138K, 35% free 8119K/12360K, paused 4ms, total 4ms
02-03 10:47:50.881 D/dalvikvm( 2070): GC_FOR_ALLOC freed 2293K, 35% free 8117K/12360K, paused 3ms, total 3ms
02-03 10:47:50.891 D/dalvikvm( 2070): GC_FOR_ALLOC freed 2319K, 35% free 8114K/12360K, paused 3ms, total 3ms
02-03 10:47:50.891 D/dalvikvm( 2070): GC_FOR_ALLOC freed 2345K, 35% free 8112K/12360K, paused 3ms, total 3ms
02-03 10:47:50.901 D/dalvikvm( 2070): GC_FOR_ALLOC freed 2371K, 35% free 8141K/12360K, paused 3ms, total 3ms
02-03 10:47:50.901 D/dalvikvm( 2070): GC_FOR_ALLOC freed 2053K, 33% free 8343K/12360K, paused 3ms, total 3ms
02-03 10:47:50.911 D/dalvikvm( 2070): GC_FOR_ALLOC freed 2281K, 35% free 8136K/12360K, paused 3ms, total 3ms
02-03 10:47:50.911 D/dalvikvm( 2070): GC_FOR_ALLOC freed 2094K, 33% free 8342K/12360K, paused 3ms, total 3ms
02-03 10:47:50.921 D/dalvikvm( 2070): GC_FOR_ALLOC freed 2326K, 35% free 8130K/12360K, paused 3ms, total 3ms
02-03 10:47:50.921 D/dalvikvm( 2070): GC_FOR_ALLOC freed 2134K, 33% free 8341K/12360K, paused 3ms, total 3ms
02-03 10:47:50.931 D/dalvikvm( 2070): GC_FOR_ALLOC freed 2370K, 35% free 8125K/12360K, paused 3ms, total 3ms
02-03 10:47:50.931 D/dalvikvm( 2070): GC_FOR_ALLOC freed 2174K, 33% free 8339K/12360K, paused 3ms, total 4ms
02-03 10:47:50.941 D/dalvikvm( 2070): GC_FOR_ALLOC freed 2414K, 35% free 8152K/12360K, paused 3ms, total 3ms
02-03 10:47:50.941 D/dalvikvm( 2070): GC_FOR_ALLOC freed 2215K, 34% free 8222K/12360K, paused 4ms, total 4ms
02-03 10:47:50.951 D/dalvikvm( 2070): GC_FOR_ALLOC freed 2085K, 34% free 8220K/12360K, paused 3ms, total 3ms
02-03 10:47:50.961 D/dalvikvm( 2070): GC_FOR_ALLOC freed 2102K, 34% free 8218K/12360K, paused 3ms, total 3ms
02-03 10:47:50.961 D/dalvikvm( 2070): GC_FOR_ALLOC freed 2118K, 34% free 8216K/12360K, paused 3ms, total 3ms
02-03 10:47:50.971 D/dalvikvm( 2070): GC_FOR_ALLOC freed 1983K, 35% free 8138K/12360K, paused 3ms, total 3ms
02-03 10:47:50.971 D/dalvikvm( 2070): GC_FOR_ALLOC freed 2151K, 35% free 8135K/12360K, paused 3ms, total 3ms
02-03 10:47:50.981 D/dalvikvm( 2070): GC_FOR_ALLOC freed 2167K, 35% free 8132K/12360K, paused 3ms, total 3ms
02-03 10:47:50.981 D/dalvikvm( 2070): GC_FOR_ALLOC freed 2184K, 34% free 8161K/12360K, paused 3ms, total 3ms
02-03 10:47:50.991 D/dalvikvm( 2070): GC_FOR_ALLOC freed 2201K, 34% free 8159K/12360K, paused 2ms, total 3ms
02-03 10:47:50.991 D/dalvikvm( 2070): GC_FOR_ALLOC freed 1817K, 33% free 8396K/12360K, paused 3ms, total 3ms
02-03 10:47:50.991 D/dalvikvm( 2070): GC_FOR_ALLOC freed 2072K, 35% free 8157K/12360K, paused 3ms, total 3ms
02-03 10:47:51.001 D/dalvikvm( 2070): GC_FOR_ALLOC freed 1842K, 33% free 8398K/12360K, paused 3ms, total 3ms
02-03 10:47:51.001 D/dalvikvm( 2070): GC_FOR_ALLOC freed 2102K, 35% free 8155K/12360K, paused 3ms, total 3ms
02-03 10:47:51.011 D/dalvikvm( 2070): GC_FOR_ALLOC freed 1867K, 33% free 8399K/12360K, paused 4ms, total 4ms
02-03 10:47:51.021 D/dalvikvm( 2070): GC_FOR_ALLOC freed 2130K, 35% free 8153K/12360K, paused 3ms, total 4ms
02-03 10:47:51.021 D/dalvikvm( 2070): GC_FOR_ALLOC freed 1892K, 33% free 8401K/12360K, paused 3ms, total 4ms
02-03 10:47:51.021 D/dalvikvm( 2070): GC_FOR_ALLOC freed 2158K, 35% free 8151K/12528K, paused 3ms, total 3ms
02-03 10:47:51.031 D/dalvikvm( 2070): GC_FOR_ALLOC freed 1918K, 33% free 8402K/12528K, paused 4ms, total 4ms
02-03 10:47:51.041 D/dalvikvm( 2070): GC_FOR_ALLOC freed 2188K, 35% free 8150K/12528K, paused 3ms, total 3ms
02-03 10:47:51.041 D/dalvikvm( 2070): GC_FOR_ALLOC freed 1943K, 33% free 8404K/12528K, paused 3ms, total 3ms
02-03 10:47:51.051 D/dalvikvm( 2070): GC_FOR_ALLOC freed 2215K, 35% free 8148K/12528K, paused 4ms, total 4ms
02-03 10:47:51.051 D/dalvikvm( 2070): GC_FOR_ALLOC freed 1967K, 33% free 8405K/12528K, paused 3ms, total 3ms
02-03 10:47:51.061 D/dalvikvm( 2070): GC_FOR_ALLOC freed 2242K, 35% free 8178K/12528K, paused 3ms, total 4ms
02-03 10:47:51.061 D/dalvikvm( 2070): GC_FOR_ALLOC freed 1991K, 33% free 8438K/12528K, paused 4ms, total 4ms
02-03 10:47:51.071 D/dalvikvm( 2070): GC_FOR_ALLOC freed 2269K, 35% free 8176K/12528K, paused 4ms, total 4ms
02-03 10:47:51.071 D/dalvikvm( 2070): GC_FOR_ALLOC freed 2015K, 33% free 8439K/12528K, paused 3ms, total 3ms
02-03 10:47:51.081 D/dalvikvm( 2070): GC_FOR_ALLOC freed 2296K, 35% free 8174K/12528K, paused 3ms, total 3ms
02-03 10:47:51.081 D/dalvikvm( 2070): GC_FOR_ALLOC freed 2039K, 33% free 8440K/12528K, paused 3ms, total 3ms
02-03 10:47:51.091 D/dalvikvm( 2070): GC_FOR_ALLOC freed 2324K, 35% free 8172K/12528K, paused 3ms, total 3ms
02-03 10:47:51.091 D/dalvikvm( 2070): GC_FOR_ALLOC freed 2063K, 33% free 8442K/12528K, paused 3ms, total 3ms
02-03 10:47:51.101 D/dalvikvm( 2070): GC_FOR_ALLOC freed 2351K, 35% free 8170K/12528K, paused 4ms, total 4ms
02-03 10:47:51.101 D/dalvikvm( 2070): GC_FOR_ALLOC freed 2087K, 33% free 8443K/12528K, paused 3ms, total 3ms
02-03 10:47:51.111 D/dalvikvm( 2070): GC_FOR_ALLOC freed 2378K, 35% free 8168K/12528K, paused 3ms, total 3ms
02-03 10:47:51.111 D/dalvikvm( 2070): GC_FOR_ALLOC freed 2111K, 33% free 8444K/12528K, paused 3ms, total 3ms
02-03 10:47:51.121 D/dalvikvm( 2070): GC_FOR_ALLOC freed 2405K, 35% free 8166K/12528K, paused 4ms, total 4ms
02-03 10:47:51.121 D/dalvikvm( 2070): GC_FOR_ALLOC freed 2135K, 33% free 8445K/12528K, paused 3ms, total 3ms
02-03 10:47:51.131 D/dalvikvm( 2070): GC_FOR_ALLOC freed 2432K, 35% free 8164K/12528K, paused 3ms, total 3ms
02-03 10:47:51.131 D/dalvikvm( 2070): GC_FOR_ALLOC freed 2159K, 33% free 8447K/12528K, paused 3ms, total 3ms
02-03 10:47:51.141 D/dalvikvm( 2070): GC_FOR_ALLOC freed 1982K, 33% free 8449K/12528K, paused 3ms, total 3ms
02-03 10:47:51.141 D/dalvikvm( 2070): GC_FOR_ALLOC freed 1991K, 33% free 8451K/12528K, paused 3ms, total 3ms
02-03 10:47:51.151 D/dalvikvm( 2070): GC_FOR_ALLOC freed 2001K, 33% free 8453K/12528K, paused 3ms, total 3ms
02-03 10:47:51.151 D/dalvikvm( 2070): GC_FOR_ALLOC freed 2010K, 33% free 8456K/12528K, paused 3ms, total 3ms
02-03 10:47:51.161 D/dalvikvm( 2070): GC_FOR_ALLOC freed 2019K, 33% free 8458K/12528K, paused 3ms, total 4ms
02-03 10:47:51.161 D/dalvikvm( 2070): GC_FOR_ALLOC freed 2029K, 33% free 8460K/12528K, paused 3ms, total 3ms
02-03 10:47:51.171 D/dalvikvm( 2070): GC_FOR_ALLOC freed 2038K, 33% free 8462K/12528K, paused 4ms, total 4ms
02-03 10:47:51.171 D/dalvikvm( 2070): GC_FOR_ALLOC freed 2048K, 33% free 8465K/12528K, paused 3ms, total 3ms
02-03 10:47:51.171 D/dalvikvm( 2070): GC_FOR_ALLOC freed 2057K, 33% free 8467K/12528K, paused 3ms, total 3ms
02-03 10:47:51.181 D/dalvikvm( 2070): GC_FOR_ALLOC freed 2066K, 33% free 8469K/12528K, paused 4ms, total 4ms
02-03 10:47:51.191 D/dalvikvm( 2070): GC_FOR_ALLOC freed 2076K, 33% free 8471K/12528K, paused 2ms, total 3ms
02-03 10:47:51.191 D/dalvikvm( 2070): GC_FOR_ALLOC freed 2085K, 33% free 8474K/12528K, paused 3ms, total 3ms
02-03 10:47:51.201 D/dalvikvm( 2070): GC_FOR_ALLOC freed 2095K, 33% free 8476K/12528K, paused 4ms, total 4ms
02-03 10:47:51.201 D/dalvikvm( 2070): GC_FOR_ALLOC freed 2104K, 33% free 8478K/12528K, paused 3ms, total 3ms
02-03 10:47:51.211 D/dalvikvm( 2070): GC_FOR_ALLOC freed 2114K, 33% free 8480K/12528K, paused 4ms, total 4ms
02-03 10:47:51.211 D/dalvikvm( 2070): GC_FOR_ALLOC freed 2123K, 34% free 8280K/12528K, paused 3ms, total 3ms
02-03 10:47:51.221 D/dalvikvm( 2070): GC_FOR_ALLOC freed 2132K, 34% free 8282K/12528K, paused 3ms, total 3ms
02-03 10:47:51.221 D/dalvikvm( 2070): GC_FOR_ALLOC freed 2142K, 34% free 8283K/12528K, paused 3ms, total 3ms
02-03 10:47:51.231 D/dalvikvm( 2070): GC_FOR_ALLOC freed 2152K, 34% free 8284K/12528K, paused 3ms, total 3ms
02-03 10:47:51.231 D/dalvikvm( 2070): GC_FOR_ALLOC freed 2162K, 34% free 8286K/12528K, paused 3ms, total 3ms
02-03 10:47:51.241 D/dalvikvm( 2070): GC_FOR_ALLOC freed 2330K, 35% free 8206K/12528K, paused 4ms, total 4ms
02-03 10:47:51.241 D/dalvikvm( 2070): GC_FOR_ALLOC freed 1981K, 34% free 8317K/12528K, paused 3ms, total 3ms
02-03 10:47:51.251 D/dalvikvm( 2070): GC_FOR_ALLOC freed 2104K, 35% free 8206K/12528K, paused 4ms, total 4ms
02-03 10:47:51.251 D/dalvikvm( 2070): GC_FOR_ALLOC freed 852K, 39% free 7687K/12528K, paused 4ms, total 4ms
02-03 10:47:51.261 D/dalvikvm( 2070): GC_FOR_ALLOC freed 8K, 31% free 8703K/12528K, paused 3ms, total 3ms
02-03 10:47:51.261 I/dalvikvm-heap( 2070): Grow heap (frag case) to 9.542MB for 1048592-byte allocation
02-03 10:47:51.261 D/dalvikvm( 2070): GC_FOR_ALLOC freed 4K, 29% free 9723K/13556K, paused 3ms, total 3ms
02-03 10:47:51.261 D/dalvikvm( 2070): GC_FOR_ALLOC freed <1K, 29% free 9723K/13556K, paused 3ms, total 3ms
02-03 10:47:51.271 I/dalvikvm-heap( 2070): Grow heap (frag case) to 10.539MB for 1048592-byte allocation
02-03 10:47:51.271 D/dalvikvm( 2070): GC_FOR_ALLOC freed 0K, 27% free 10747K/14584K, paused 2ms, total 2ms
02-03 10:47:51.341 D/dalvikvm( 2070): GC_CONCURRENT freed 6800K, 47% free 7993K/14892K, paused 1ms+1ms, total 17ms
02-03 10:47:51.341 D/dalvikvm( 2070): WAIT_FOR_CONCURRENT_GC blocked 14ms
02-03 10:47:51.351 D/dalvikvm( 2070): GC_CONCURRENT freed 4010K, 35% free 8063K/12344K, paused 1ms+1ms, total 6ms
02-03 10:47:51.351 D/dalvikvm( 2070): WAIT_FOR_CONCURRENT_GC blocked 4ms
02-03 10:47:51.361 D/dalvikvm( 2070): GC_FOR_ALLOC freed 3719K, 35% free 8039K/12344K, paused 4ms, total 4ms
02-03 10:47:51.371 D/dalvikvm( 2070): GC_FOR_ALLOC freed 3623K, 35% free 8041K/12344K, paused 4ms, total 4ms
02-03 10:47:51.371 D/dalvikvm( 2070): GC_FOR_ALLOC freed 3287K, 35% free 8051K/12344K, paused 4ms, total 4ms
02-03 10:47:51.381 D/dalvikvm( 2070): GC_FOR_ALLOC freed 3249K, 35% free 8086K/12344K, paused 3ms, total 3ms
02-03 10:47:51.391 D/dalvikvm( 2070): GC_FOR_ALLOC freed 3225K, 36% free 7994K/12344K, paused 4ms, total 4ms
02-03 10:47:51.391 D/dalvikvm( 2070): GC_FOR_ALLOC freed 3038K, 36% free 7990K/12344K, paused 3ms, total 3ms
02-03 10:47:51.401 D/dalvikvm( 2070): GC_FOR_ALLOC freed 2958K, 36% free 7989K/12344K, paused 4ms, total 4ms
02-03 10:47:51.401 D/dalvikvm( 2070): GC_FOR_ALLOC freed 3184K, 35% free 8026K/12344K, paused 3ms, total 3ms
02-03 10:47:51.411 D/dalvikvm( 2070): GC_FOR_ALLOC freed 2986K, 35% free 8059K/12344K, paused 3ms, total 3ms
02-03 10:47:51.421 D/dalvikvm( 2070): GC_FOR_ALLOC freed 3031K, 36% free 8020K/12344K, paused 4ms, total 4ms
02-03 10:47:51.421 D/dalvikvm( 2070): GC_FOR_ALLOC freed 2944K, 36% free 8019K/12344K, paused 3ms, total 3ms
02-03 10:47:51.431 D/dalvikvm( 2070): GC_FOR_ALLOC freed 3050K, 36% free 8018K/12344K, paused 3ms, total 3ms
02-03 10:47:51.431 D/dalvikvm( 2070): GC_FOR_ALLOC freed 2834K, 36% free 8016K/12344K, paused 4ms, total 4ms
02-03 10:47:51.441 D/dalvikvm( 2070): GC_FOR_ALLOC freed 2919K, 36% free 8015K/12344K, paused 3ms, total 3ms
02-03 10:47:51.451 D/dalvikvm( 2070): GC_FOR_ALLOC freed 3004K, 36% free 8014K/12344K, paused 4ms, total 4ms
02-03 10:47:51.451 D/dalvikvm( 2070): GC_FOR_ALLOC freed 2742K, 36% free 8012K/12344K, paused 4ms, total 4ms
02-03 10:47:51.461 D/dalvikvm( 2070): GC_FOR_ALLOC freed 2809K, 35% free 8042K/12344K, paused 3ms, total 3ms
02-03 10:47:51.461 D/dalvikvm( 2070): GC_FOR_ALLOC freed 2875K, 35% free 8041K/12344K, paused 3ms, total 4ms
02-03 10:47:51.471 D/dalvikvm( 2070): GC_FOR_ALLOC freed 2677K, 34% free 8197K/12344K, paused 3ms, total 3ms
02-03 10:47:51.471 D/dalvikvm( 2070): GC_FOR_ALLOC freed 2625K, 34% free 8198K/12344K, paused 3ms, total 3ms
02-03 10:47:51.481 D/dalvikvm( 2070): GC_FOR_ALLOC freed 2676K, 35% free 8089K/12344K, paused 3ms, total 3ms
02-03 10:47:51.481 D/dalvikvm( 2070): GC_FOR_ALLOC freed 2727K, 35% free 8089K/12344K, paused 3ms, total 3ms
02-03 10:47:51.491 D/dalvikvm( 2070): GC_FOR_ALLOC freed 2265K, 35% free 8031K/12344K, paused 3ms, total 3ms
02-03 10:47:51.501 D/dalvikvm( 2070): GC_FOR_ALLOC freed 2415K, 35% free 8029K/12344K, paused 3ms, total 4ms
02-03 10:47:51.501 D/dalvikvm( 2070): GC_FOR_ALLOC freed 2452K, 35% free 8059K/12344K, paused 3ms, total 3ms
02-03 10:47:51.511 D/dalvikvm( 2070): GC_FOR_ALLOC freed 2490K, 35% free 8056K/12344K, paused 3ms, total 3ms
02-03 10:47:51.511 D/dalvikvm( 2070): GC_FOR_ALLOC freed 2225K, 35% free 8114K/12344K, paused 3ms, total 3ms
02-03 10:47:51.521 D/dalvikvm( 2070): GC_FOR_ALLOC freed 2132K, 35% free 8112K/12344K, paused 5ms, total 5ms
02-03 10:47:51.521 D/dalvikvm( 2070): GC_FOR_ALLOC freed 2158K, 35% free 8110K/12344K, paused 3ms, total 3ms
02-03 10:47:51.531 D/dalvikvm( 2070): GC_FOR_ALLOC freed 2184K, 35% free 8108K/12344K, paused 4ms, total 4ms
02-03 10:47:51.531 D/dalvikvm( 2070): GC_FOR_ALLOC freed 2210K, 35% free 8107K/12344K, paused 4ms, total 4ms
02-03 10:47:51.541 D/dalvikvm( 2070): GC_FOR_ALLOC freed 2237K, 35% free 8105K/12344K, paused 3ms, total 3ms
02-03 10:47:51.541 D/dalvikvm( 2070): GC_FOR_ALLOC freed 2263K, 35% free 8135K/12344K, paused 3ms, total 3ms
02-03 10:47:51.551 D/dalvikvm( 2070): GC_FOR_ALLOC freed 2289K, 35% free 8133K/12344K, paused 3ms, total 3ms
02-03 10:47:51.561 D/dalvikvm( 2070): GC_FOR_ALLOC freed 2183K, 35% free 8066K/12344K, paused 4ms, total 4ms
02-03 10:47:51.561 D/dalvikvm( 2070): GC_FOR_ALLOC freed 2340K, 35% free 8063K/12344K, paused 3ms, total 3ms
02-03 10:47:51.571 D/dalvikvm( 2070): GC_FOR_ALLOC freed 2026K, 34% free 8263K/12344K, paused 3ms, total 3ms
02-03 10:47:51.571 D/dalvikvm( 2070): GC_FOR_ALLOC freed 2252K, 35% free 8058K/12344K, paused 4ms, total 4ms
02-03 10:47:51.581 D/dalvikvm( 2070): GC_FOR_ALLOC freed 2067K, 34% free 8261K/12344K, paused 4ms, total 4ms
02-03 10:47:51.581 D/dalvikvm( 2070): GC_FOR_ALLOC freed 2296K, 35% free 8053K/12344K, paused 3ms, total 3ms
02-03 10:47:51.591 D/dalvikvm( 2070): GC_FOR_ALLOC freed 2107K, 33% free 8292K/12344K, paused 3ms, total 3ms
02-03 10:47:51.591 D/dalvikvm( 2070): GC_FOR_ALLOC freed 2340K, 35% free 8079K/12344K, paused 3ms, total 3ms
02-03 10:47:51.601 D/dalvikvm( 2070): GC_FOR_ALLOC freed 2148K, 33% free 8291K/12344K, paused 3ms, total 3ms
02-03 10:47:51.601 D/dalvikvm( 2070): GC_FOR_ALLOC freed 2385K, 35% free 8074K/12344K, paused 3ms, total 3ms
02-03 10:47:51.611 D/dalvikvm( 2070): GC_FOR_ALLOC freed 2188K, 33% free 8289K/12344K, paused 3ms, total 3ms
02-03 10:47:51.611 D/dalvikvm( 2070): GC_FOR_ALLOC freed 2429K, 35% free 8069K/12344K, paused 4ms, total 4ms
02-03 10:47:51.621 D/dalvikvm( 2070): GC_FOR_ALLOC freed 2228K, 33% free 8288K/12344K, paused 3ms, total 3ms
02-03 10:47:51.621 D/dalvikvm( 2070): GC_FOR_ALLOC freed 2474K, 35% free 8063K/12344K, paused 3ms, total 3ms
02-03 10:47:51.631 D/dalvikvm( 2070): GC_FOR_ALLOC freed 2269K, 34% free 8168K/12344K, paused 3ms, total 3ms
02-03 10:47:51.631 D/dalvikvm( 2070): GC_FOR_ALLOC freed 2135K, 34% free 8166K/12344K, paused 3ms, total 3ms
02-03 10:47:51.641 D/dalvikvm( 2070): GC_FOR_ALLOC freed 2152K, 34% free 8163K/12344K, paused 3ms, total 3ms
02-03 10:47:51.641 D/dalvikvm( 2070): GC_FOR_ALLOC freed 2169K, 34% free 8161K/12344K, paused 3ms, total 3ms
02-03 10:47:51.651 D/dalvikvm( 2070): GC_FOR_ALLOC freed 2185K, 34% free 8159K/12344K, paused 3ms, total 4ms
02-03 10:47:51.651 D/dalvikvm( 2070): GC_FOR_ALLOC freed 2202K, 34% free 8157K/12344K, paused 4ms, total 4ms
02-03 10:47:51.661 D/dalvikvm( 2070): GC_FOR_ALLOC freed 2060K, 35% free 8076K/12344K, paused 3ms, total 4ms
02-03 10:47:51.661 D/dalvikvm( 2070): GC_FOR_ALLOC freed 1830K, 33% free 8315K/12344K, paused 3ms, total 3ms
02-03 10:47:51.671 D/dalvikvm( 2070): GC_FOR_ALLOC freed 2089K, 35% free 8074K/12344K, paused 3ms, total 3ms
02-03 10:47:51.671 D/dalvikvm( 2070): GC_FOR_ALLOC freed 1857K, 33% free 8317K/12344K, paused 3ms, total 3ms
02-03 10:47:51.681 D/dalvikvm( 2070): GC_FOR_ALLOC freed 2117K, 35% free 8104K/12344K, paused 3ms, total 3ms
02-03 10:47:51.681 D/dalvikvm( 2070): GC_FOR_ALLOC freed 1882K, 33% free 8350K/12344K, paused 4ms, total 4ms
02-03 10:47:51.691 D/dalvikvm( 2070): GC_FOR_ALLOC freed 1729K, 33% free 8353K/12344K, paused 4ms, total 4ms
02-03 10:47:51.691 D/dalvikvm( 2070): GC_FOR_ALLOC freed 1738K, 33% free 8355K/12344K, paused 3ms, total 3ms
02-03 10:47:51.701 D/dalvikvm( 2070): GC_FOR_ALLOC freed 1749K, 33% free 8358K/12344K, paused 5ms, total 5ms
02-03 10:47:51.701 D/dalvikvm( 2070): GC_FOR_ALLOC freed 1759K, 33% free 8360K/12344K, paused 3ms, total 3ms
02-03 10:47:51.711 D/dalvikvm( 2070): GC_FOR_ALLOC freed 1768K, 33% free 8362K/12344K, paused 3ms, total 3ms
02-03 10:47:51.711 D/dalvikvm( 2070): GC_FOR_ALLOC freed 1778K, 33% free 8364K/12344K, paused 3ms, total 3ms
02-03 10:47:51.721 D/dalvikvm( 2070): GC_FOR_ALLOC freed 1787K, 33% free 8367K/12344K, paused 3ms, total 3ms
02-03 10:47:51.721 D/dalvikvm( 2070): GC_FOR_ALLOC freed 1797K, 33% free 8369K/12344K, paused 3ms, total 3ms
02-03 10:47:51.731 D/dalvikvm( 2070): GC_FOR_ALLOC freed 1806K, 33% free 8371K/12344K, paused 3ms, total 3ms
02-03 10:47:51.731 D/dalvikvm( 2070): GC_FOR_ALLOC freed 1815K, 33% free 8373K/12344K, paused 3ms, total 3ms
02-03 10:47:51.741 D/dalvikvm( 2070): GC_FOR_ALLOC freed 1825K, 33% free 8376K/12344K, paused 3ms, total 3ms
02-03 10:47:51.741 D/dalvikvm( 2070): GC_FOR_ALLOC freed 2277K, 36% free 8112K/12520K, paused 3ms, total 3ms
02-03 10:47:51.741 D/dalvikvm( 2070): GC_FOR_ALLOC freed 2022K, 34% free 8377K/12520K, paused 3ms, total 3ms
02-03 10:47:51.751 D/dalvikvm( 2070): GC_FOR_ALLOC freed 2304K, 36% free 8111K/12520K, paused 4ms, total 4ms
02-03 10:47:51.761 D/dalvikvm( 2070): GC_FOR_ALLOC freed 2046K, 34% free 8378K/12520K, paused 3ms, total 4ms
02-03 10:47:51.761 D/dalvikvm( 2070): GC_FOR_ALLOC freed 2331K, 36% free 8109K/12520K, paused 3ms, total 3ms
02-03 10:47:51.771 D/dalvikvm( 2070): GC_FOR_ALLOC freed 2070K, 34% free 8379K/12520K, paused 5ms, total 5ms
02-03 10:47:51.771 D/dalvikvm( 2070): GC_FOR_ALLOC freed 2358K, 36% free 8107K/12520K, paused 4ms, total 4ms
02-03 10:47:51.781 D/dalvikvm( 2070): GC_FOR_ALLOC freed 2094K, 34% free 8380K/12520K, paused 3ms, total 3ms
02-03 10:47:51.781 D/dalvikvm( 2070): GC_FOR_ALLOC freed 2386K, 36% free 8105K/12520K, paused 5ms, total 5ms
02-03 10:47:51.791 D/dalvikvm( 2070): GC_FOR_ALLOC freed 2118K, 34% free 8382K/12520K, paused 3ms, total 3ms
02-03 10:47:51.791 D/dalvikvm( 2070): GC_FOR_ALLOC freed 2413K, 36% free 8103K/12520K, paused 3ms, total 3ms
02-03 10:47:51.801 D/dalvikvm( 2070): GC_FOR_ALLOC freed 2142K, 34% free 8383K/12520K, paused 3ms, total 3ms
02-03 10:47:51.801 D/dalvikvm( 2070): GC_FOR_ALLOC freed 1966K, 34% free 8385K/12520K, paused 3ms, total 3ms
02-03 10:47:51.811 D/dalvikvm( 2070): GC_FOR_ALLOC freed 1976K, 34% free 8387K/12520K, paused 3ms, total 3ms
02-03 10:47:51.811 D/dalvikvm( 2070): GC_FOR_ALLOC freed 1985K, 33% free 8390K/12520K, paused 3ms, total 3ms
02-03 10:47:51.821 D/dalvikvm( 2070): GC_FOR_ALLOC freed 1994K, 33% free 8392K/12520K, paused 3ms, total 4ms
02-03 10:47:51.821 D/dalvikvm( 2070): GC_FOR_ALLOC freed 2004K, 33% free 8394K/12520K, paused 3ms, total 3ms
02-03 10:47:51.831 D/dalvikvm( 2070): GC_FOR_ALLOC freed 2013K, 33% free 8396K/12520K, paused 3ms, total 3ms
02-03 10:47:51.831 D/dalvikvm( 2070): GC_FOR_ALLOC freed 2023K, 33% free 8399K/12520K, paused 3ms, total 3ms
02-03 10:47:51.841 D/dalvikvm( 2070): GC_FOR_ALLOC freed 2032K, 33% free 8401K/12520K, paused 3ms, total 3ms
02-03 10:47:51.841 D/dalvikvm( 2070): GC_FOR_ALLOC freed 2041K, 33% free 8403K/12520K, paused 4ms, total 4ms
02-03 10:47:51.851 D/dalvikvm( 2070): GC_FOR_ALLOC freed 2051K, 33% free 8405K/12520K, paused 4ms, total 4ms
02-03 10:47:51.861 D/dalvikvm( 2070): GC_FOR_ALLOC freed 2060K, 33% free 8408K/12520K, paused 3ms, total 3ms
02-03 10:47:51.861 D/dalvikvm( 2070): GC_FOR_ALLOC freed 2070K, 33% free 8410K/12520K, paused 3ms, total 3ms
02-03 10:47:51.871 D/dalvikvm( 2070): GC_FOR_ALLOC freed 2079K, 33% free 8412K/12520K, paused 4ms, total 4ms
02-03 10:47:51.871 D/dalvikvm( 2070): GC_FOR_ALLOC freed 2088K, 33% free 8414K/12520K, paused 3ms, total 3ms
02-03 10:47:51.881 D/dalvikvm( 2070): GC_FOR_ALLOC freed 2098K, 33% free 8417K/12520K, paused 3ms, total 3ms
02-03 10:47:51.881 D/dalvikvm( 2070): GC_FOR_ALLOC freed 2107K, 33% free 8419K/12520K, paused 3ms, total 3ms
02-03 10:47:51.891 D/dalvikvm( 2070): GC_FOR_ALLOC freed 2117K, 33% free 8421K/12520K, paused 3ms, total 3ms
02-03 10:47:51.891 D/dalvikvm( 2070): GC_FOR_ALLOC freed 2126K, 35% free 8221K/12520K, paused 3ms, total 3ms
02-03 10:47:51.901 D/dalvikvm( 2070): GC_FOR_ALLOC freed 2136K, 35% free 8222K/12520K, paused 3ms, total 3ms
02-03 10:47:51.901 D/dalvikvm( 2070): GC_FOR_ALLOC freed 2146K, 35% free 8224K/12520K, paused 3ms, total 3ms
02-03 10:47:51.911 D/dalvikvm( 2070): GC_FOR_ALLOC freed 1950K, 36% free 8123K/12520K, paused 3ms, total 3ms
02-03 10:47:51.911 D/dalvikvm( 2070): GC_FOR_ALLOC freed 2183K, 36% free 8124K/12520K, paused 3ms, total 3ms
02-03 10:47:51.921 D/dalvikvm( 2070): GC_FOR_ALLOC freed 2244K, 35% free 8238K/12520K, paused 4ms, total 4ms
02-03 10:47:51.921 D/dalvikvm( 2070): GC_FOR_ALLOC freed 1542K, 33% free 8466K/12520K, paused 3ms, total 3ms
02-03 10:47:51.931 D/dalvikvm( 2070): GC_FOR_ALLOC freed 2104K, 36% free 8134K/12520K, paused 3ms, total 3ms
02-03 10:47:51.931 D/dalvikvm( 2070): GC_FOR_ALLOC freed 809K, 31% free 8683K/12520K, paused 4ms, total 4ms
02-03 10:47:51.941 I/dalvikvm-heap( 2070): Grow heap (frag case) to 9.523MB for 1048592-byte allocation
02-03 10:47:51.941 D/dalvikvm( 2070): GC_FOR_ALLOC freed 4K, 29% free 9703K/13548K, paused 2ms, total 2ms
02-03 10:47:51.941 D/dalvikvm( 2070): GC_FOR_ALLOC freed 4K, 29% free 9699K/13548K, paused 2ms, total 2ms
02-03 10:47:51.941 I/dalvikvm-heap( 2070): Grow heap (frag case) to 10.515MB for 1048592-byte allocation
02-03 10:47:51.951 D/dalvikvm( 2070): GC_FOR_ALLOC freed 0K, 27% free 10723K/14576K, paused 3ms, total 3ms
02-03 10:47:52.381 D/dalvikvm( 2070): GC_CONCURRENT freed 6744K, 46% free 8036K/14856K, paused 0ms+2ms, total 18ms
02-03 10:47:52.381 D/dalvikvm( 2070): WAIT_FOR_CONCURRENT_GC blocked 14ms
02-03 10:47:52.391 D/dalvikvm( 2070): GC_CONCURRENT freed 4033K, 35% free 8078K/12372K, paused 1ms+1ms, total 5ms
02-03 10:47:52.391 D/dalvikvm( 2070): WAIT_FOR_CONCURRENT_GC blocked 4ms
02-03 10:47:52.391 D/dalvikvm( 2070): GC_FOR_ALLOC freed 3719K, 35% free 8087K/12372K, paused 4ms, total 4ms
02-03 10:47:52.401 D/dalvikvm( 2070): GC_FOR_ALLOC freed 3619K, 35% free 8045K/12372K, paused 4ms, total 4ms
02-03 10:47:52.411 D/dalvikvm( 2070): GC_FOR_ALLOC freed 3426K, 36% free 8021K/12372K, paused 4ms, total 4ms
02-03 10:47:52.411 D/dalvikvm( 2070): GC_FOR_ALLOC freed 3321K, 35% free 8047K/12372K, paused 3ms, total 3ms
02-03 10:47:52.421 D/dalvikvm( 2070): GC_FOR_ALLOC freed 3078K, 35% free 8142K/12372K, paused 3ms, total 3ms
02-03 10:47:52.421 D/dalvikvm( 2070): GC_FOR_ALLOC freed 3042K, 35% free 8075K/12372K, paused 4ms, total 4ms
02-03 10:47:52.431 D/dalvikvm( 2070): GC_FOR_ALLOC freed 2962K, 35% free 8148K/12372K, paused 4ms, total 4ms
02-03 10:47:52.441 D/dalvikvm( 2070): GC_FOR_ALLOC freed 3112K, 35% free 8078K/12372K, paused 3ms, total 3ms
02-03 10:47:52.441 D/dalvikvm( 2070): GC_FOR_ALLOC freed 2986K, 35% free 8079K/12372K, paused 3ms, total 3ms
02-03 10:47:52.451 D/dalvikvm( 2070): GC_FOR_ALLOC freed 3031K, 36% free 8040K/12372K, paused 5ms, total 5ms
02-03 10:47:52.461 D/dalvikvm( 2070): GC_FOR_ALLOC freed 2944K, 35% free 8071K/12372K, paused 4ms, total 4ms
02-03 10:47:52.461 D/dalvikvm( 2070): GC_FOR_ALLOC freed 3050K, 35% free 8070K/12372K, paused 4ms, total 4ms
02-03 10:47:52.471 D/dalvikvm( 2070): GC_FOR_ALLOC freed 2834K, 35% free 8068K/12372K, paused 4ms, total 4ms
02-03 10:47:52.471 D/dalvikvm( 2070): GC_FOR_ALLOC freed 2919K, 35% free 8067K/12372K, paused 3ms, total 3ms
02-03 10:47:52.481 D/dalvikvm( 2070): GC_FOR_ALLOC freed 2762K, 35% free 8113K/12372K, paused 4ms, total 4ms
02-03 10:47:52.481 D/dalvikvm( 2070): GC_FOR_ALLOC freed 2736K, 34% free 8211K/12372K, paused 3ms, total 3ms
02-03 10:47:52.491 D/dalvikvm( 2070): GC_FOR_ALLOC freed 2803K, 34% free 8213K/12372K, paused 3ms, total 4ms
02-03 10:47:52.501 D/dalvikvm( 2070): GC_FOR_ALLOC freed 2869K, 34% free 8215K/12372K, paused 3ms, total 3ms
02-03 10:47:52.501 D/dalvikvm( 2070): GC_FOR_ALLOC freed 2936K, 34% free 8249K/12372K, paused 4ms, total 4ms
02-03 10:47:52.511 D/dalvikvm( 2070): GC_FOR_ALLOC freed 2517K, 35% free 8089K/12372K, paused 3ms, total 3ms
02-03 10:47:52.511 D/dalvikvm( 2070): GC_FOR_ALLOC freed 2399K, 34% free 8250K/12372K, paused 3ms, total 3ms
02-03 10:47:52.521 D/dalvikvm( 2070): GC_FOR_ALLOC freed 2329K, 34% free 8251K/12372K, paused 4ms, total 4ms
02-03 10:47:52.521 D/dalvikvm( 2070): GC_FOR_ALLOC freed 2366K, 34% free 8251K/12372K, paused 3ms, total 3ms
02-03 10:47:52.531 D/dalvikvm( 2070): GC_FOR_ALLOC freed 2404K, 35% free 8137K/12372K, paused 3ms, total 3ms
02-03 10:47:52.531 D/dalvikvm( 2070): GC_FOR_ALLOC freed 2442K, 35% free 8136K/12372K, paused 4ms, total 4ms
02-03 10:47:52.541 D/dalvikvm( 2070): GC_FOR_ALLOC freed 2479K, 35% free 8134K/12372K, paused 3ms, total 3ms
02-03 10:47:52.551 D/dalvikvm( 2070): GC_FOR_ALLOC freed 2397K, 35% free 8106K/12372K, paused 4ms, total 4ms
02-03 10:47:52.551 D/dalvikvm( 2070): GC_FOR_ALLOC freed 2247K, 35% free 8163K/12372K, paused 3ms, total 3ms
02-03 10:47:52.561 D/dalvikvm( 2070): GC_FOR_ALLOC freed 2153K, 34% free 8285K/12372K, paused 4ms, total 4ms
02-03 10:47:52.561 D/dalvikvm( 2070): GC_FOR_ALLOC freed 2179K, 34% free 8284K/12372K, paused 3ms, total 3ms
02-03 10:47:52.571 D/dalvikvm( 2070): GC_FOR_ALLOC freed 2205K, 34% free 8284K/12372K, paused 3ms, total 3ms
02-03 10:47:52.571 D/dalvikvm( 2070): GC_FOR_ALLOC freed 2231K, 34% free 8284K/12372K, paused 3ms, total 3ms
02-03 10:47:52.581 D/dalvikvm( 2070): GC_FOR_ALLOC freed 2258K, 35% free 8155K/12372K, paused 3ms, total 3ms
02-03 10:47:52.581 D/dalvikvm( 2070): GC_FOR_ALLOC freed 2153K, 35% free 8088K/12372K, paused 4ms, total 4ms
02-03 10:47:52.591 D/dalvikvm( 2070): GC_FOR_ALLOC freed 2308K, 35% free 8118K/12372K, paused 4ms, total 4ms
02-03 10:47:52.591 D/dalvikvm( 2070): GC_FOR_ALLOC freed 2335K, 35% free 8115K/12372K, paused 4ms, total 4ms
02-03 10:47:52.601 D/dalvikvm( 2070): GC_FOR_ALLOC freed 2361K, 35% free 8113K/12372K, paused 3ms, total 3ms
02-03 10:47:52.601 D/dalvikvm( 2070): GC_FOR_ALLOC freed 2387K, 35% free 8110K/12372K, paused 4ms, total 4ms
02-03 10:47:52.611 D/dalvikvm( 2070): GC_FOR_ALLOC freed 2067K, 33% free 8313K/12372K, paused 4ms, total 4ms
02-03 10:47:52.611 D/dalvikvm( 2070): GC_FOR_ALLOC freed 2296K, 35% free 8105K/12372K, paused 3ms, total 3ms
02-03 10:47:52.621 D/dalvikvm( 2070): GC_FOR_ALLOC freed 2107K, 33% free 8312K/12372K, paused 4ms, total 5ms
02-03 10:47:52.621 D/dalvikvm( 2070): GC_FOR_ALLOC freed 2340K, 35% free 8099K/12372K, paused 3ms, total 3ms
02-03 10:47:52.631 D/dalvikvm( 2070): GC_FOR_ALLOC freed 2148K, 33% free 8343K/12372K, paused 3ms, total 4ms
02-03 10:47:52.631 D/dalvikvm( 2070): GC_FOR_ALLOC freed 2385K, 35% free 8126K/12372K, paused 4ms, total 4ms
02-03 10:47:52.641 D/dalvikvm( 2070): GC_FOR_ALLOC freed 2188K, 33% free 8341K/12372K, paused 3ms, total 3ms
02-03 10:47:52.641 D/dalvikvm( 2070): GC_FOR_ALLOC freed 2429K, 35% free 8121K/12372K, paused 3ms, total 3ms
02-03 10:47:52.651 D/dalvikvm( 2070): GC_FOR_ALLOC freed 2228K, 33% free 8340K/12372K, paused 3ms, total 3ms
02-03 10:47:52.651 D/dalvikvm( 2070): GC_FOR_ALLOC freed 2474K, 35% free 8115K/12372K, paused 3ms, total 4ms
02-03 10:47:52.661 D/dalvikvm( 2070): GC_FOR_ALLOC freed 2117K, 35% free 8113K/12372K, paused 3ms, total 4ms
02-03 10:47:52.661 D/dalvikvm( 2070): GC_FOR_ALLOC freed 2134K, 35% free 8110K/12372K, paused 3ms, total 3ms
02-03 10:47:52.671 D/dalvikvm( 2070): GC_FOR_ALLOC freed 2151K, 35% free 8139K/12372K, paused 3ms, total 3ms
02-03 10:47:52.671 D/dalvikvm( 2070): GC_FOR_ALLOC freed 2167K, 35% free 8136K/12372K, paused 3ms, total 3ms
02-03 10:47:52.681 D/dalvikvm( 2070): GC_FOR_ALLOC freed 2184K, 35% free 8133K/12372K, paused 3ms, total 3ms
02-03 10:47:52.681 D/dalvikvm( 2070): GC_FOR_ALLOC freed 2201K, 35% free 8131K/12372K, paused 3ms, total 3ms
02-03 10:47:52.691 D/dalvikvm( 2070): GC_FOR_ALLOC freed 2218K, 35% free 8128K/12372K, paused 4ms, total 4ms
02-03 10:47:52.691 D/dalvikvm( 2070): GC_FOR_ALLOC freed 2234K, 35% free 8125K/12372K, paused 3ms, total 4ms
02-03 10:47:52.701 D/dalvikvm( 2070): GC_FOR_ALLOC freed 2253K, 35% free 8122K/12372K, paused 5ms, total 5ms
02-03 10:47:52.701 D/dalvikvm( 2070): GC_FOR_ALLOC freed 1860K, 33% free 8366K/12372K, paused 3ms, total 3ms
02-03 10:47:52.711 D/dalvikvm( 2070): GC_FOR_ALLOC freed 2122K, 35% free 8121K/12372K, paused 3ms, total 3ms
02-03 10:47:52.711 D/dalvikvm( 2070): GC_FOR_ALLOC freed 1885K, 33% free 8367K/12372K, paused 3ms, total 3ms
02-03 10:47:52.721 D/dalvikvm( 2070): GC_FOR_ALLOC freed 1732K, 33% free 8369K/12372K, paused 3ms, total 3ms
02-03 10:47:52.721 D/dalvikvm( 2070): GC_FOR_ALLOC freed 1741K, 33% free 8372K/12372K, paused 3ms, total 3ms
02-03 10:47:52.731 D/dalvikvm( 2070): GC_FOR_ALLOC freed 1752K, 33% free 8374K/12372K, paused 3ms, total 3ms
02-03 10:47:52.731 D/dalvikvm( 2070): GC_FOR_ALLOC freed 1762K, 33% free 8377K/12372K, paused 3ms, total 3ms
02-03 10:47:52.741 D/dalvikvm( 2070): GC_FOR_ALLOC freed 1772K, 33% free 8379K/12372K, paused 3ms, total 3ms
02-03 10:47:52.741 D/dalvikvm( 2070): GC_FOR_ALLOC freed 1781K, 33% free 8381K/12372K, paused 3ms, total 3ms
02-03 10:47:52.751 D/dalvikvm( 2070): GC_FOR_ALLOC freed 1790K, 33% free 8383K/12372K, paused 3ms, total 3ms
02-03 10:47:52.751 D/dalvikvm( 2070): GC_FOR_ALLOC freed 1800K, 33% free 8386K/12372K, paused 3ms, total 3ms
02-03 10:47:52.761 D/dalvikvm( 2070): GC_FOR_ALLOC freed 1809K, 33% free 8388K/12372K, paused 3ms, total 3ms
02-03 10:47:52.761 D/dalvikvm( 2070): GC_FOR_ALLOC freed 1819K, 33% free 8390K/12372K, paused 3ms, total 3ms
02-03 10:47:52.771 D/dalvikvm( 2070): GC_FOR_ALLOC freed 1828K, 33% free 8392K/12372K, paused 3ms, total 3ms
02-03 10:47:52.771 D/dalvikvm( 2070): GC_FOR_ALLOC freed 1837K, 33% free 8395K/12372K, paused 3ms, total 3ms
02-03 10:47:52.781 D/dalvikvm( 2070): GC_FOR_ALLOC freed 1847K, 33% free 8397K/12372K, paused 4ms, total 4ms
02-03 10:47:52.781 D/dalvikvm( 2070): GC_FOR_ALLOC freed 1856K, 33% free 8399K/12372K, paused 3ms, total 3ms
02-03 10:47:52.791 D/dalvikvm( 2070): GC_FOR_ALLOC freed 1866K, 33% free 8401K/12372K, paused 4ms, total 4ms
02-03 10:47:52.791 D/dalvikvm( 2070): GC_FOR_ALLOC freed 1875K, 33% free 8403K/12372K, paused 3ms, total 3ms
02-03 10:47:52.801 D/dalvikvm( 2070): GC_FOR_ALLOC freed 1885K, 33% free 8406K/12372K, paused 3ms, total 3ms
02-03 10:47:52.801 D/dalvikvm( 2070): GC_FOR_ALLOC freed 1894K, 33% free 8408K/12372K, paused 3ms, total 3ms
02-03 10:47:52.811 D/dalvikvm( 2070): GC_FOR_ALLOC freed 1903K, 33% free 8410K/12372K, paused 3ms, total 3ms
02-03 10:47:52.811 D/dalvikvm( 2070): GC_FOR_ALLOC freed 1913K, 33% free 8412K/12372K, paused 3ms, total 3ms
02-03 10:47:52.821 D/dalvikvm( 2070): GC_FOR_ALLOC freed 2386K, 35% free 8169K/12556K, paused 3ms, total 3ms
02-03 10:47:52.821 D/dalvikvm( 2070): GC_FOR_ALLOC freed 2118K, 33% free 8446K/12556K, paused 3ms, total 3ms
02-03 10:47:52.831 D/dalvikvm( 2070): GC_FOR_ALLOC freed 2413K, 35% free 8167K/12556K, paused 3ms, total 3ms
02-03 10:47:52.831 D/dalvikvm( 2070): GC_FOR_ALLOC freed 2142K, 33% free 8447K/12556K, paused 3ms, total 3ms
02-03 10:47:52.841 D/dalvikvm( 2070): GC_FOR_ALLOC freed 2440K, 35% free 8165K/12556K, paused 3ms, total 4ms
02-03 10:47:52.841 D/dalvikvm( 2070): GC_FOR_ALLOC freed 2166K, 33% free 8448K/12556K, paused 3ms, total 4ms
02-03 10:47:52.851 D/dalvikvm( 2070): GC_FOR_ALLOC freed 2467K, 35% free 8163K/12556K, paused 3ms, total 4ms
02-03 10:47:52.851 D/dalvikvm( 2070): GC_FOR_ALLOC freed 2190K, 33% free 8449K/12556K, paused 3ms, total 4ms
02-03 10:47:52.861 D/dalvikvm( 2070): GC_FOR_ALLOC freed 2494K, 35% free 8161K/12556K, paused 3ms, total 4ms
02-03 10:47:52.861 D/dalvikvm( 2070): GC_FOR_ALLOC freed 2214K, 33% free 8451K/12556K, paused 5ms, total 5ms
02-03 10:47:52.871 D/dalvikvm( 2070): GC_FOR_ALLOC freed 2032K, 33% free 8453K/12556K, paused 4ms, total 4ms
02-03 10:47:52.881 D/dalvikvm( 2070): GC_FOR_ALLOC freed 2041K, 33% free 8455K/12556K, paused 3ms, total 3ms
02-03 10:47:52.881 D/dalvikvm( 2070): GC_FOR_ALLOC freed 2051K, 33% free 8457K/12556K, paused 3ms, total 3ms
02-03 10:47:52.881 D/dalvikvm( 2070): GC_FOR_ALLOC freed 2060K, 33% free 8460K/12556K, paused 3ms, total 3ms
02-03 10:47:52.891 D/dalvikvm( 2070): GC_FOR_ALLOC freed 2070K, 33% free 8462K/12556K, paused 3ms, total 3ms
02-03 10:47:52.891 D/dalvikvm( 2070): GC_FOR_ALLOC freed 2079K, 33% free 8464K/12556K, paused 3ms, total 3ms
02-03 10:47:52.901 D/dalvikvm( 2070): GC_FOR_ALLOC freed 2088K, 33% free 8466K/12556K, paused 3ms, total 3ms
02-03 10:47:52.901 D/dalvikvm( 2070): GC_FOR_ALLOC freed 2098K, 33% free 8469K/12556K, paused 4ms, total 4ms
02-03 10:47:52.911 D/dalvikvm( 2070): GC_FOR_ALLOC freed 2107K, 33% free 8471K/12556K, paused 4ms, total 4ms
02-03 10:47:52.911 D/dalvikvm( 2070): GC_FOR_ALLOC freed 2117K, 35% free 8271K/12556K, paused 3ms, total 3ms
02-03 10:47:52.921 D/dalvikvm( 2070): GC_FOR_ALLOC freed 2126K, 35% free 8273K/12556K, paused 4ms, total 4ms
02-03 10:47:52.921 D/dalvikvm( 2070): GC_FOR_ALLOC freed 2136K, 35% free 8274K/12556K, paused 3ms, total 3ms
02-03 10:47:52.931 D/dalvikvm( 2070): GC_FOR_ALLOC freed 2146K, 35% free 8276K/12556K, paused 3ms, total 3ms
02-03 10:47:52.931 D/dalvikvm( 2070): GC_FOR_ALLOC freed 2155K, 35% free 8277K/12556K, paused 3ms, total 4ms
02-03 10:47:52.941 D/dalvikvm( 2070): GC_FOR_ALLOC freed 2193K, 35% free 8175K/12556K, paused 4ms, total 4ms
02-03 10:47:52.941 D/dalvikvm( 2070): GC_FOR_ALLOC freed 2338K, 35% free 8170K/12556K, paused 4ms, total 4ms
02-03 10:47:52.951 D/dalvikvm( 2070): GC_FOR_ALLOC freed 1771K, 35% free 8170K/12556K, paused 3ms, total 3ms
02-03 10:47:52.961 D/dalvikvm( 2070): GC_FOR_ALLOC freed 2407K, 40% free 7647K/12556K, paused 3ms, total 3ms
02-03 10:47:52.961 D/dalvikvm( 2070): GC_FOR_ALLOC freed 4K, 31% free 8667K/12556K, paused 3ms, total 3ms
02-03 10:47:52.961 I/dalvikvm-heap( 2070): Grow heap (frag case) to 9.507MB for 1048592-byte allocation
02-03 10:47:52.961 D/dalvikvm( 2070): GC_FOR_ALLOC freed 4K, 29% free 9687K/13584K, paused 2ms, total 2ms
02-03 10:47:52.961 D/dalvikvm( 2070): GC_FOR_ALLOC freed <1K, 29% free 9687K/13584K, paused 2ms, total 2ms
02-03 10:47:52.971 I/dalvikvm-heap( 2070): Grow heap (frag case) to 10.503MB for 1048592-byte allocation
02-03 10:47:52.971 D/dalvikvm( 2070): GC_FOR_ALLOC freed 0K, 27% free 10711K/14612K, paused 5ms, total 5ms
02-03 10:47:53.421 D/dalvikvm( 2070): GC_CONCURRENT freed 6748K, 46% free 8036K/14848K, paused 1ms+2ms, total 27ms
02-03 10:47:53.421 D/dalvikvm( 2070): WAIT_FOR_CONCURRENT_GC blocked 26ms
02-03 10:47:53.431 D/dalvikvm( 2070): GC_CONCURRENT freed 4014K, 35% free 8098K/12388K, paused 1ms+1ms, total 7ms
02-03 10:47:53.431 D/dalvikvm( 2070): WAIT_FOR_CONCURRENT_GC blocked 6ms
02-03 10:47:53.451 D/dalvikvm( 2070): GC_FOR_ALLOC freed 3735K, 36% free 8050K/12388K, paused 5ms, total 5ms
02-03 10:47:53.461 D/dalvikvm( 2070): GC_FOR_ALLOC freed 3619K, 36% free 8049K/12388K, paused 6ms, total 6ms
02-03 10:47:53.471 D/dalvikvm( 2070): GC_FOR_ALLOC freed 3426K, 36% free 8025K/12388K, paused 5ms, total 5ms
02-03 10:47:53.471 D/dalvikvm( 2070): GC_FOR_ALLOC freed 3321K, 36% free 8051K/12388K, paused 3ms, total 3ms
02-03 10:47:53.481 D/dalvikvm( 2070): GC_FOR_ALLOC freed 3078K, 35% free 8146K/12388K, paused 3ms, total 3ms
02-03 10:47:53.481 D/dalvikvm( 2070): GC_FOR_ALLOC freed 3042K, 35% free 8079K/12388K, paused 4ms, total 4ms
02-03 10:47:53.491 D/dalvikvm( 2070): GC_FOR_ALLOC freed 2962K, 35% free 8081K/12388K, paused 3ms, total 3ms
02-03 10:47:53.491 D/dalvikvm( 2070): GC_FOR_ALLOC freed 2848K, 35% free 8157K/12388K, paused 3ms, total 3ms
02-03 10:47:53.501 D/dalvikvm( 2070): GC_FOR_ALLOC freed 2974K, 35% free 8161K/12388K, paused 3ms, total 3ms
02-03 10:47:53.511 D/dalvikvm( 2070): GC_FOR_ALLOC freed 3020K, 36% free 8043K/12388K, paused 4ms, total 4ms
02-03 10:47:53.511 D/dalvikvm( 2070): GC_FOR_ALLOC freed 3019K, 35% free 8116K/12388K, paused 3ms, total 3ms
02-03 10:47:53.521 D/dalvikvm( 2070): GC_FOR_ALLOC freed 2954K, 35% free 8073K/12388K, paused 4ms, total 4ms
02-03 10:47:53.521 D/dalvikvm( 2070): GC_FOR_ALLOC freed 2825K, 35% free 8072K/12388K, paused 3ms, total 3ms
02-03 10:47:53.531 D/dalvikvm( 2070): GC_FOR_ALLOC freed 2910K, 35% free 8071K/12388K, paused 3ms, total 3ms
02-03 10:47:53.541 D/dalvikvm( 2070): GC_FOR_ALLOC freed 2754K, 35% free 8116K/12388K, paused 4ms, total 4ms
02-03 10:47:53.541 D/dalvikvm( 2070): GC_FOR_ALLOC freed 2629K, 35% free 8067K/12388K, paused 3ms, total 3ms
02-03 10:47:53.551 D/dalvikvm( 2070): GC_FOR_ALLOC freed 2792K, 35% free 8066K/12388K, paused 3ms, total 3ms
02-03 10:47:53.551 D/dalvikvm( 2070): GC_FOR_ALLOC freed 2601K, 34% free 8217K/12388K, paused 3ms, total 3ms
02-03 10:47:53.561 D/dalvikvm( 2070): GC_FOR_ALLOC freed 2815K, 35% free 8094K/12388K, paused 3ms, total 3ms
02-03 10:47:53.561 D/dalvikvm( 2070): GC_FOR_ALLOC freed 2340K, 34% free 8252K/12388K, paused 4ms, total 4ms
02-03 10:47:53.571 D/dalvikvm( 2070): GC_FOR_ALLOC freed 2545K, 35% free 8090K/12388K, paused 4ms, total 4ms
02-03 10:47:53.571 D/dalvikvm( 2070): GC_FOR_ALLOC freed 2703K, 35% free 8088K/12388K, paused 3ms, total 3ms
02-03 10:47:53.581 D/dalvikvm( 2070): GC_FOR_ALLOC freed 2471K, 34% free 8255K/12388K, paused 3ms, total 3ms
02-03 10:47:53.581 D/dalvikvm( 2070): GC_FOR_ALLOC freed 2398K, 34% free 8255K/12388K, paused 3ms, total 3ms
02-03 10:47:53.591 D/dalvikvm( 2070): GC_FOR_ALLOC freed 2435K, 34% free 8256K/12388K, paused 3ms, total 3ms
02-03 10:47:53.591 D/dalvikvm( 2070): GC_FOR_ALLOC freed 2355K, 35% free 8079K/12388K, paused 3ms, total 3ms
02-03 10:47:53.601 D/dalvikvm( 2070): GC_FOR_ALLOC freed 2509K, 35% free 8109K/12388K, paused 4ms, total 4ms
02-03 10:47:53.611 D/dalvikvm( 2070): GC_FOR_ALLOC freed 2120K, 35% free 8107K/12388K, paused 4ms, total 4ms
02-03 10:47:53.611 D/dalvikvm( 2070): GC_FOR_ALLOC freed 2146K, 35% free 8104K/12388K, paused 3ms, total 3ms
02-03 10:47:53.621 D/dalvikvm( 2070): GC_FOR_ALLOC freed 2172K, 35% free 8102K/12388K, paused 4ms, total 4ms
02-03 10:47:53.621 D/dalvikvm( 2070): GC_FOR_ALLOC freed 2199K, 35% free 8099K/12388K, paused 4ms, total 4ms
02-03 10:47:53.631 D/dalvikvm( 2070): GC_FOR_ALLOC freed 2352K, 34% free 8287K/12388K, paused 3ms, total 3ms
02-03 10:47:53.631 D/dalvikvm( 2070): GC_FOR_ALLOC freed 2252K, 35% free 8158K/12388K, paused 3ms, total 3ms
02-03 10:47:53.641 D/dalvikvm( 2070): GC_FOR_ALLOC freed 2148K, 35% free 8092K/12388K, paused 4ms, total 4ms
02-03 10:47:53.641 D/dalvikvm( 2070): GC_FOR_ALLOC freed 1973K, 33% free 8318K/12388K, paused 4ms, total 4ms
02-03 10:47:53.651 D/dalvikvm( 2070): GC_FOR_ALLOC freed 1859K, 33% free 8317K/12388K, paused 3ms, total 3ms
02-03 10:47:53.651 D/dalvikvm( 2070): GC_FOR_ALLOC freed 2212K, 35% free 8116K/12388K, paused 3ms, total 3ms
02-03 10:47:53.661 D/dalvikvm( 2070): GC_FOR_ALLOC freed 2031K, 33% free 8315K/12388K, paused 3ms, total 3ms
02-03 10:47:53.661 D/dalvikvm( 2070): GC_FOR_ALLOC freed 2257K, 35% free 8110K/12388K, paused 4ms, total 4ms
02-03 10:47:53.671 D/dalvikvm( 2070): GC_FOR_ALLOC freed 2071K, 33% free 8314K/12388K, paused 3ms, total 3ms
02-03 10:47:53.671 D/dalvikvm( 2070): GC_FOR_ALLOC freed 2301K, 35% free 8105K/12388K, paused 3ms, total 3ms
02-03 10:47:53.681 D/dalvikvm( 2070): GC_FOR_ALLOC freed 2112K, 33% free 8313K/12388K, paused 3ms, total 3ms
02-03 10:47:53.681 D/dalvikvm( 2070): GC_FOR_ALLOC freed 2345K, 35% free 8132K/12388K, paused 3ms, total 3ms
02-03 10:47:53.691 D/dalvikvm( 2070): GC_FOR_ALLOC freed 2152K, 33% free 8344K/12388K, paused 4ms, total 4ms
02-03 10:47:53.691 D/dalvikvm( 2070): GC_FOR_ALLOC freed 2390K, 35% free 8126K/12388K, paused 4ms, total 4ms
02-03 10:47:53.701 D/dalvikvm( 2070): GC_FOR_ALLOC freed 2192K, 33% free 8342K/12388K, paused 4ms, total 4ms
02-03 10:47:53.711 D/dalvikvm( 2070): GC_FOR_ALLOC freed 2434K, 35% free 8121K/12388K, paused 4ms, total 4ms
02-03 10:47:53.711 D/dalvikvm( 2070): GC_FOR_ALLOC freed 2233K, 33% free 8341K/12388K, paused 4ms, total 4ms
02-03 10:47:53.721 D/dalvikvm( 2070): GC_FOR_ALLOC freed 2102K, 33% free 8340K/12388K, paused 3ms, total 3ms
02-03 10:47:53.721 D/dalvikvm( 2070): GC_FOR_ALLOC freed 1967K, 35% free 8113K/12388K, paused 3ms, total 3ms
02-03 10:47:53.731 D/dalvikvm( 2070): GC_FOR_ALLOC freed 2134K, 35% free 8142K/12388K, paused 4ms, total 4ms
02-03 10:47:53.731 D/dalvikvm( 2070): GC_FOR_ALLOC freed 2151K, 35% free 8139K/12388K, paused 3ms, total 3ms
02-03 10:47:53.741 D/dalvikvm( 2070): GC_FOR_ALLOC freed 2167K, 35% free 8136K/12388K, paused 3ms, total 3ms
02-03 10:47:53.741 D/dalvikvm( 2070): GC_FOR_ALLOC freed 2184K, 35% free 8133K/12388K, paused 3ms, total 3ms
02-03 10:47:53.751 D/dalvikvm( 2070): GC_FOR_ALLOC freed 2201K, 35% free 8131K/12388K, paused 4ms, total 4ms
02-03 10:47:53.751 D/dalvikvm( 2070): GC_FOR_ALLOC freed 2218K, 35% free 8128K/12388K, paused 4ms, total 4ms
02-03 10:47:53.761 D/dalvikvm( 2070): GC_FOR_ALLOC freed 2234K, 35% free 8125K/12388K, paused 4ms, total 4ms
02-03 10:47:53.761 D/dalvikvm( 2070): GC_FOR_ALLOC freed 2253K, 35% free 8122K/12388K, paused 4ms, total 4ms
02-03 10:47:53.771 D/dalvikvm( 2070): GC_FOR_ALLOC freed 2271K, 35% free 8152K/12388K, paused 4ms, total 4ms
02-03 10:47:53.771 D/dalvikvm( 2070): GC_FOR_ALLOC freed 2288K, 35% free 8149K/12388K, paused 4ms, total 4ms
02-03 10:47:53.781 D/dalvikvm( 2070): GC_FOR_ALLOC freed 1889K, 33% free 8396K/12388K, paused 3ms, total 3ms
02-03 10:47:53.781 D/dalvikvm( 2070): GC_FOR_ALLOC freed 1735K, 33% free 8398K/12388K, paused 3ms, total 3ms
02-03 10:47:53.791 D/dalvikvm( 2070): GC_FOR_ALLOC freed 1745K, 33% free 8401K/12388K, paused 4ms, total 4ms
02-03 10:47:53.791 D/dalvikvm( 2070): GC_FOR_ALLOC freed 1756K, 33% free 8403K/12388K, paused 3ms, total 3ms
02-03 10:47:53.801 D/dalvikvm( 2070): GC_FOR_ALLOC freed 1765K, 33% free 8405K/12388K, paused 3ms, total 3ms
02-03 10:47:53.801 D/dalvikvm( 2070): GC_FOR_ALLOC freed 1775K, 33% free 8408K/12388K, paused 4ms, total 4ms
02-03 10:47:53.811 D/dalvikvm( 2070): GC_FOR_ALLOC freed 1784K, 33% free 8410K/12388K, paused 4ms, total 4ms
02-03 10:47:53.811 D/dalvikvm( 2070): GC_FOR_ALLOC freed 1794K, 33% free 8412K/12388K, paused 3ms, total 3ms
02-03 10:47:53.821 D/dalvikvm( 2070): GC_FOR_ALLOC freed 1803K, 33% free 8414K/12388K, paused 3ms, total 3ms
02-03 10:47:53.821 D/dalvikvm( 2070): GC_FOR_ALLOC freed 1812K, 33% free 8417K/12388K, paused 3ms, total 3ms
02-03 10:47:53.831 D/dalvikvm( 2070): GC_FOR_ALLOC freed 1822K, 33% free 8419K/12388K, paused 4ms, total 4ms
02-03 10:47:53.831 D/dalvikvm( 2070): GC_FOR_ALLOC freed 1831K, 33% free 8421K/12388K, paused 3ms, total 3ms
02-03 10:47:53.831 D/dalvikvm( 2070): GC_FOR_ALLOC freed 2285K, 36% free 8157K/12564K, paused 3ms, total 3ms
02-03 10:47:53.841 D/dalvikvm( 2070): GC_FOR_ALLOC freed 2029K, 33% free 8422K/12564K, paused 3ms, total 3ms
02-03 10:47:53.851 D/dalvikvm( 2070): GC_FOR_ALLOC freed 2312K, 36% free 8155K/12564K, paused 4ms, total 4ms
02-03 10:47:53.851 D/dalvikvm( 2070): GC_FOR_ALLOC freed 2053K, 33% free 8423K/12564K, paused 4ms, total 4ms
02-03 10:47:53.861 D/dalvikvm( 2070): GC_FOR_ALLOC freed 2339K, 36% free 8153K/12564K, paused 4ms, total 4ms
02-03 10:47:53.861 D/dalvikvm( 2070): GC_FOR_ALLOC freed 2077K, 33% free 8425K/12564K, paused 4ms, total 4ms
02-03 10:47:53.871 D/dalvikvm( 2070): GC_FOR_ALLOC freed 2366K, 36% free 8151K/12564K, paused 6ms, total 6ms
02-03 10:47:53.881 D/dalvikvm( 2070): GC_FOR_ALLOC freed 2101K, 33% free 8426K/12564K, paused 4ms, total 4ms
02-03 10:47:53.881 D/dalvikvm( 2070): GC_FOR_ALLOC freed 2393K, 36% free 8149K/12564K, paused 3ms, total 3ms
02-03 10:47:53.891 D/dalvikvm( 2070): GC_FOR_ALLOC freed 2125K, 33% free 8427K/12564K, paused 4ms, total 4ms
02-03 10:47:53.891 D/dalvikvm( 2070): GC_FOR_ALLOC freed 2421K, 36% free 8148K/12564K, paused 3ms, total 3ms
02-03 10:47:53.891 D/dalvikvm( 2070): GC_FOR_ALLOC freed 2149K, 33% free 8428K/12564K, paused 3ms, total 3ms
02-03 10:47:53.901 D/dalvikvm( 2070): GC_FOR_ALLOC freed 2448K, 35% free 8178K/12564K, paused 3ms, total 3ms
02-03 10:47:53.901 D/dalvikvm( 2070): GC_FOR_ALLOC freed 2173K, 33% free 8462K/12564K, paused 3ms, total 3ms
02-03 10:47:53.911 D/dalvikvm( 2070): GC_FOR_ALLOC freed 2475K, 35% free 8176K/12564K, paused 4ms, total 4ms
02-03 10:47:53.911 D/dalvikvm( 2070): GC_FOR_ALLOC freed 2197K, 33% free 8463K/12564K, paused 3ms, total 3ms
02-03 10:47:53.921 D/dalvikvm( 2070): GC_FOR_ALLOC freed 2502K, 35% free 8174K/12564K, paused 3ms, total 3ms
02-03 10:47:53.921 D/dalvikvm( 2070): GC_FOR_ALLOC freed 2221K, 33% free 8464K/12564K, paused 3ms, total 3ms
02-03 10:47:53.931 D/dalvikvm( 2070): GC_FOR_ALLOC freed 2529K, 35% free 8172K/12564K, paused 3ms, total 3ms
02-03 10:47:53.931 D/dalvikvm( 2070): GC_FOR_ALLOC freed 2245K, 33% free 8465K/12564K, paused 3ms, total 3ms
02-03 10:47:53.941 D/dalvikvm( 2070): GC_FOR_ALLOC freed 2060K, 33% free 8468K/12564K, paused 4ms, total 4ms
02-03 10:47:53.941 D/dalvikvm( 2070): GC_FOR_ALLOC freed 2070K, 33% free 8470K/12564K, paused 3ms, total 4ms
02-03 10:47:53.951 D/dalvikvm( 2070): GC_FOR_ALLOC freed 2079K, 33% free 8472K/12564K, paused 3ms, total 3ms
02-03 10:47:53.951 D/dalvikvm( 2070): GC_FOR_ALLOC freed 2088K, 33% free 8474K/12564K, paused 4ms, total 4ms
02-03 10:47:53.961 D/dalvikvm( 2070): GC_FOR_ALLOC freed 2098K, 33% free 8477K/12564K, paused 3ms, total 3ms
02-03 10:47:53.961 D/dalvikvm( 2070): GC_FOR_ALLOC freed 2107K, 33% free 8479K/12564K, paused 3ms, total 3ms
02-03 10:47:53.971 D/dalvikvm( 2070): GC_FOR_ALLOC freed 2117K, 33% free 8481K/12564K, paused 4ms, total 4ms
02-03 10:47:53.971 D/dalvikvm( 2070): GC_FOR_ALLOC freed 2126K, 35% free 8281K/12564K, paused 3ms, total 3ms
02-03 10:47:53.981 D/dalvikvm( 2070): GC_FOR_ALLOC freed 2136K, 35% free 8282K/12564K, paused 3ms, total 3ms
02-03 10:47:53.981 D/dalvikvm( 2070): GC_FOR_ALLOC freed 2146K, 35% free 8284K/12564K, paused 3ms, total 3ms
02-03 10:47:53.991 D/dalvikvm( 2070): GC_FOR_ALLOC freed 2155K, 35% free 8285K/12564K, paused 3ms, total 3ms
02-03 10:47:53.991 D/dalvikvm( 2070): GC_FOR_ALLOC freed 2197K, 35% free 8179K/12564K, paused 3ms, total 3ms
02-03 10:47:54.001 D/dalvikvm( 2070): GC_FOR_ALLOC freed 2560K, 35% free 8174K/12564K, paused 3ms, total 3ms
02-03 10:47:54.001 D/dalvikvm( 2070): GC_FOR_ALLOC freed 1771K, 35% free 8285K/12564K, paused 3ms, total 3ms
02-03 10:47:54.011 D/dalvikvm( 2070): GC_FOR_ALLOC freed 2189K, 40% free 7647K/12564K, paused 3ms, total 3ms
02-03 10:47:54.011 D/dalvikvm( 2070): GC_FOR_ALLOC freed 4K, 32% free 8667K/12564K, paused 2ms, total 2ms
02-03 10:47:54.011 I/dalvikvm-heap( 2070): Grow heap (frag case) to 9.507MB for 1048592-byte allocation
02-03 10:47:54.021 D/dalvikvm( 2070): GC_FOR_ALLOC freed <1K, 29% free 9691K/13592K, paused 3ms, total 3ms
02-03 10:47:54.021 D/dalvikvm( 2070): GC_FOR_ALLOC freed <1K, 29% free 9691K/13592K, paused 2ms, total 3ms
02-03 10:47:54.021 I/dalvikvm-heap( 2070): Grow heap (frag case) to 10.507MB for 1048592-byte allocation
02-03 10:47:54.021 D/dalvikvm( 2070): GC_FOR_ALLOC freed 0K, 27% free 10715K/14620K, paused 3ms, total 3ms
02-03 10:47:54.381 D/dalvikvm( 2070): GC_CONCURRENT freed 6742K, 46% free 8042K/14848K, paused 1ms+1ms, total 19ms
02-03 10:47:54.381 D/dalvikvm( 2070): WAIT_FOR_CONCURRENT_GC blocked 18ms
02-03 10:47:54.391 D/dalvikvm( 2070): GC_CONCURRENT freed 4048K, 36% free 8070K/12476K, paused 1ms+0ms, total 5ms
02-03 10:47:54.391 D/dalvikvm( 2070): WAIT_FOR_CONCURRENT_GC blocked 3ms
02-03 10:47:54.401 D/dalvikvm( 2070): GC_FOR_ALLOC freed 3719K, 36% free 8038K/12476K, paused 4ms, total 4ms
02-03 10:47:54.401 D/dalvikvm( 2070): GC_FOR_ALLOC freed 3571K, 36% free 8013K/12476K, paused 4ms, total 4ms
02-03 10:47:54.411 D/dalvikvm( 2070): GC_FOR_ALLOC freed 3335K, 36% free 8039K/12476K, paused 4ms, total 4ms
02-03 10:47:54.411 D/dalvikvm( 2070): GC_FOR_ALLOC freed 3189K, 36% free 8041K/12476K, paused 3ms, total 3ms
02-03 10:47:54.421 D/dalvikvm( 2070): GC_FOR_ALLOC freed 3285K, 36% free 8038K/12476K, paused 4ms, total 4ms
02-03 10:47:54.431 D/dalvikvm( 2070): GC_FOR_ALLOC freed 3107K, 36% free 8067K/12476K, paused 4ms, total 4ms
02-03 10:47:54.431 D/dalvikvm( 2070): GC_FOR_ALLOC freed 2962K, 35% free 8140K/12476K, paused 4ms, total 4ms
02-03 10:47:54.441 D/dalvikvm( 2070): GC_FOR_ALLOC freed 3037K, 36% free 8033K/12476K, paused 5ms, total 5ms
02-03 10:47:54.451 D/dalvikvm( 2070): GC_FOR_ALLOC freed 3061K, 36% free 8103K/12476K, paused 4ms, total 4ms
02-03 10:47:54.451 D/dalvikvm( 2070): GC_FOR_ALLOC freed 3113K, 36% free 8104K/12476K, paused 4ms, total 4ms
02-03 10:47:54.461 D/dalvikvm( 2070): GC_FOR_ALLOC freed 2862K, 36% free 8063K/12476K, paused 3ms, total 3ms
02-03 10:47:54.471 D/dalvikvm( 2070): GC_FOR_ALLOC freed 2828K, 35% free 8193K/12476K, paused 3ms, total 3ms
02-03 10:47:54.471 D/dalvikvm( 2070): GC_FOR_ALLOC freed 2828K, 36% free 8105K/12476K, paused 4ms, total 4ms
02-03 10:47:54.481 D/dalvikvm( 2070): GC_FOR_ALLOC freed 2819K, 36% free 8059K/12476K, paused 3ms, total 3ms
02-03 10:47:54.481 D/dalvikvm( 2070): GC_FOR_ALLOC freed 2994K, 36% free 8057K/12476K, paused 4ms, total 4ms
02-03 10:47:54.491 D/dalvikvm( 2070): GC_FOR_ALLOC freed 2832K, 36% free 8104K/12476K, paused 3ms, total 3ms
02-03 10:47:54.491 D/dalvikvm( 2070): GC_FOR_ALLOC freed 2803K, 34% free 8237K/12476K, paused 3ms, total 3ms
02-03 10:47:54.501 D/dalvikvm( 2070): GC_FOR_ALLOC freed 2869K, 35% free 8136K/12476K, paused 3ms, total 3ms
02-03 10:47:54.501 D/dalvikvm( 2070): GC_FOR_ALLOC freed 2936K, 35% free 8135K/12476K, paused 3ms, total 3ms
02-03 10:47:54.511 D/dalvikvm( 2070): GC_FOR_ALLOC freed 2895K, 36% free 8081K/12476K, paused 4ms, total 4ms
02-03 10:47:54.521 D/dalvikvm( 2070): GC_FOR_ALLOC freed 2791K, 35% free 8134K/12476K, paused 3ms, total 3ms
02-03 10:47:54.521 D/dalvikvm( 2070): GC_FOR_ALLOC freed 2735K, 34% free 8245K/12476K, paused 5ms, total 5ms
02-03 10:47:54.531 D/dalvikvm( 2070): GC_FOR_ALLOC freed 2672K, 36% free 8076K/12476K, paused 4ms, total 4ms
02-03 10:47:54.531 D/dalvikvm( 2070): GC_FOR_ALLOC freed 2427K, 36% free 8073K/12476K, paused 4ms, total 4ms
02-03 10:47:54.541 D/dalvikvm( 2070): GC_FOR_ALLOC freed 2465K, 36% free 8103K/12476K, paused 5ms, total 5ms
02-03 10:47:54.541 D/dalvikvm( 2070): GC_FOR_ALLOC freed 2203K, 34% free 8279K/12476K, paused 4ms, total 4ms
02-03 10:47:54.551 D/dalvikvm( 2070): GC_FOR_ALLOC freed 2415K, 36% free 8098K/12476K, paused 3ms, total 3ms
02-03 10:47:54.561 D/dalvikvm( 2070): GC_FOR_ALLOC freed 2264K, 34% free 8279K/12476K, paused 4ms, total 4ms
02-03 10:47:54.561 D/dalvikvm( 2070): GC_FOR_ALLOC freed 2169K, 34% free 8279K/12476K, paused 4ms, total 4ms
02-03 10:47:54.571 D/dalvikvm( 2070): GC_FOR_ALLOC freed 2195K, 35% free 8153K/12476K, paused 4ms, total 4ms
02-03 10:47:54.571 D/dalvikvm( 2070): GC_FOR_ALLOC freed 2221K, 34% free 8278K/12476K, paused 3ms, total 3ms
02-03 10:47:54.581 D/dalvikvm( 2070): GC_FOR_ALLOC freed 2247K, 34% free 8278K/12476K, paused 4ms, total 4ms
02-03 10:47:54.581 D/dalvikvm( 2070): GC_FOR_ALLOC freed 2273K, 35% free 8180K/12476K, paused 4ms, total 4ms
02-03 10:47:54.591 D/dalvikvm( 2070): GC_FOR_ALLOC freed 2299K, 35% free 8178K/12476K, paused 3ms, total 3ms
02-03 10:47:54.591 D/dalvikvm( 2070): GC_FOR_ALLOC freed 2326K, 35% free 8176K/12476K, paused 3ms, total 3ms
02-03 10:47:54.601 D/dalvikvm( 2070): GC_FOR_ALLOC freed 2217K, 36% free 8108K/12476K, paused 3ms, total 3ms
02-03 10:47:54.601 D/dalvikvm( 2070): GC_FOR_ALLOC freed 2376K, 36% free 8105K/12476K, paused 4ms, total 4ms
02-03 10:47:54.611 D/dalvikvm( 2070): GC_FOR_ALLOC freed 2402K, 36% free 8103K/12476K, paused 4ms, total 4ms
02-03 10:47:54.611 D/dalvikvm( 2070): GC_FOR_ALLOC freed 2429K, 36% free 8100K/12476K, paused 3ms, total 3ms
02-03 10:47:54.621 D/dalvikvm( 2070): GC_FOR_ALLOC freed 2103K, 34% free 8307K/12476K, paused 5ms, total 5ms
02-03 10:47:54.631 D/dalvikvm( 2070): GC_FOR_ALLOC freed 1980K, 34% free 8338K/12476K, paused 3ms, total 3ms
02-03 10:47:54.631 D/dalvikvm( 2070): GC_FOR_ALLOC freed 2355K, 35% free 8124K/12476K, paused 3ms, total 3ms
02-03 10:47:54.641 D/dalvikvm( 2070): GC_FOR_ALLOC freed 2161K, 34% free 8337K/12476K, paused 4ms, total 4ms
02-03 10:47:54.641 D/dalvikvm( 2070): GC_FOR_ALLOC freed 2035K, 34% free 8336K/12476K, paused 4ms, total 4ms
02-03 10:47:54.651 D/dalvikvm( 2070): GC_FOR_ALLOC freed 2051K, 34% free 8335K/12476K, paused 4ms, total 4ms
02-03 10:47:54.651 D/dalvikvm( 2070): GC_FOR_ALLOC freed 2068K, 34% free 8334K/12476K, paused 3ms, total 3ms
02-03 10:47:54.661 D/dalvikvm( 2070): GC_FOR_ALLOC freed 2085K, 34% free 8333K/12476K, paused 3ms, total 3ms
02-03 10:47:54.661 D/dalvikvm( 2070): GC_FOR_ALLOC freed 2102K, 34% free 8332K/12476K, paused 4ms, total 4ms
02-03 10:47:54.671 D/dalvikvm( 2070): GC_FOR_ALLOC freed 2118K, 33% free 8363K/12476K, paused 3ms, total 3ms
02-03 10:47:54.671 D/dalvikvm( 2070): GC_FOR_ALLOC freed 2135K, 35% free 8210K/12476K, paused 4ms, total 4ms
02-03 10:47:54.681 D/dalvikvm( 2070): GC_FOR_ALLOC freed 1998K, 35% free 8131K/12476K, paused 3ms, total 3ms
02-03 10:47:54.681 D/dalvikvm( 2070): GC_FOR_ALLOC freed 2167K, 35% free 8128K/12476K, paused 3ms, total 3ms
02-03 10:47:54.691 D/dalvikvm( 2070): GC_FOR_ALLOC freed 2184K, 35% free 8125K/12476K, paused 4ms, total 4ms
02-03 10:47:54.691 D/dalvikvm( 2070): GC_FOR_ALLOC freed 2201K, 35% free 8123K/12476K, paused 3ms, total 3ms
02-03 10:47:54.701 D/dalvikvm( 2070): GC_FOR_ALLOC freed 2218K, 35% free 8120K/12476K, paused 3ms, total 3ms
02-03 10:47:54.711 D/dalvikvm( 2070): GC_FOR_ALLOC freed 2234K, 35% free 8117K/12476K, paused 5ms, total 5ms
02-03 10:47:54.711 D/dalvikvm( 2070): GC_FOR_ALLOC freed 2253K, 35% free 8146K/12476K, paused 3ms, total 3ms
02-03 10:47:54.721 D/dalvikvm( 2070): GC_FOR_ALLOC freed 1860K, 33% free 8390K/12476K, paused 3ms, total 3ms
02-03 10:47:54.721 D/dalvikvm( 2070): GC_FOR_ALLOC freed 1709K, 35% free 8229K/12476K, paused 4ms, total 4ms
02-03 10:47:54.731 D/dalvikvm( 2070): GC_FOR_ALLOC freed 2134K, 35% free 8146K/12476K, paused 3ms, total 3ms
02-03 10:47:54.731 D/dalvikvm( 2070): GC_FOR_ALLOC freed 1896K, 33% free 8393K/12476K, paused 3ms, total 3ms
02-03 10:47:54.731 D/dalvikvm( 2070): GC_FOR_ALLOC freed 2162K, 35% free 8144K/12476K, paused 3ms, total 3ms
02-03 10:47:54.741 D/dalvikvm( 2070): GC_FOR_ALLOC freed 1922K, 33% free 8395K/12476K, paused 3ms, total 3ms
02-03 10:47:54.741 D/dalvikvm( 2070): GC_FOR_ALLOC freed 2191K, 35% free 8142K/12476K, paused 4ms, total 4ms
02-03 10:47:54.751 D/dalvikvm( 2070): GC_FOR_ALLOC freed 1946K, 33% free 8396K/12476K, paused 3ms, total 3ms
02-03 10:47:54.751 D/dalvikvm( 2070): GC_FOR_ALLOC freed 2219K, 35% free 8140K/12476K, paused 3ms, total 3ms
02-03 10:47:54.761 D/dalvikvm( 2070): GC_FOR_ALLOC freed 1970K, 33% free 8398K/12476K, paused 3ms, total 3ms
02-03 10:47:54.771 D/dalvikvm( 2070): GC_FOR_ALLOC freed 2246K, 35% free 8138K/12476K, paused 4ms, total 4ms
02-03 10:47:54.771 D/dalvikvm( 2070): GC_FOR_ALLOC freed 1994K, 33% free 8399K/12476K, paused 3ms, total 3ms
02-03 10:47:54.781 D/dalvikvm( 2070): GC_FOR_ALLOC freed 2273K, 35% free 8136K/12476K, paused 4ms, total 4ms
02-03 10:47:54.781 D/dalvikvm( 2070): GC_FOR_ALLOC freed 2019K, 33% free 8400K/12476K, paused 3ms, total 3ms
02-03 10:47:54.791 D/dalvikvm( 2070): GC_FOR_ALLOC freed 2300K, 35% free 8134K/12476K, paused 3ms, total 3ms
02-03 10:47:54.791 D/dalvikvm( 2070): GC_FOR_ALLOC freed 2043K, 35% free 8224K/12476K, paused 4ms, total 4ms
02-03 10:47:54.801 D/dalvikvm( 2070): GC_FOR_ALLOC freed 1875K, 35% free 8225K/12476K, paused 4ms, total 4ms
02-03 10:47:54.801 D/dalvikvm( 2070): GC_FOR_ALLOC freed 1885K, 35% free 8226K/12476K, paused 3ms, total 3ms
02-03 10:47:54.811 D/dalvikvm( 2070): GC_FOR_ALLOC freed 1894K, 35% free 8228K/12476K, paused 3ms, total 3ms
02-03 10:47:54.811 D/dalvikvm( 2070): GC_FOR_ALLOC freed 1903K, 35% free 8229K/12476K, paused 3ms, total 3ms
02-03 10:47:54.821 D/dalvikvm( 2070): GC_FOR_ALLOC freed 1913K, 35% free 8230K/12476K, paused 3ms, total 3ms
02-03 10:47:54.821 D/dalvikvm( 2070): GC_FOR_ALLOC freed 1922K, 35% free 8232K/12476K, paused 4ms, total 4ms
02-03 10:47:54.831 D/dalvikvm( 2070): GC_FOR_ALLOC freed 1932K, 35% free 8233K/12476K, paused 4ms, total 4ms
02-03 10:47:54.831 D/dalvikvm( 2070): GC_FOR_ALLOC freed 1941K, 34% free 8234K/12476K, paused 4ms, total 4ms
02-03 10:47:54.841 D/dalvikvm( 2070): GC_FOR_ALLOC freed 1950K, 34% free 8236K/12476K, paused 3ms, total 3ms
02-03 10:47:54.841 D/dalvikvm( 2070): GC_FOR_ALLOC freed 1960K, 34% free 8237K/12476K, paused 4ms, total 4ms
02-03 10:47:54.851 D/dalvikvm( 2070): GC_FOR_ALLOC freed 1969K, 34% free 8238K/12476K, paused 4ms, total 4ms
02-03 10:47:54.851 D/dalvikvm( 2070): GC_FOR_ALLOC freed 1979K, 34% free 8240K/12476K, paused 3ms, total 3ms
02-03 10:47:54.861 D/dalvikvm( 2070): GC_FOR_ALLOC freed 1988K, 34% free 8241K/12476K, paused 4ms, total 4ms
02-03 10:47:54.861 D/dalvikvm( 2070): GC_FOR_ALLOC freed 1997K, 34% free 8242K/12476K, paused 4ms, total 4ms
02-03 10:47:54.871 D/dalvikvm( 2070): GC_FOR_ALLOC freed 2007K, 34% free 8244K/12476K, paused 4ms, total 4ms
02-03 10:47:54.881 D/dalvikvm( 2070): GC_FOR_ALLOC freed 2016K, 34% free 8245K/12476K, paused 5ms, total 5ms
02-03 10:47:54.881 D/dalvikvm( 2070): GC_FOR_ALLOC freed 2026K, 34% free 8246K/12476K, paused 4ms, total 4ms
02-03 10:47:54.891 D/dalvikvm( 2070): GC_FOR_ALLOC freed 2035K, 34% free 8248K/12476K, paused 4ms, total 4ms
02-03 10:47:54.891 D/dalvikvm( 2070): GC_FOR_ALLOC freed 2045K, 34% free 8249K/12476K, paused 4ms, total 4ms
02-03 10:47:54.901 D/dalvikvm( 2070): GC_FOR_ALLOC freed 2054K, 34% free 8250K/12476K, paused 4ms, total 4ms
02-03 10:47:54.901 D/dalvikvm( 2070): GC_FOR_ALLOC freed 1867K, 35% free 8154K/12476K, paused 4ms, total 4ms
02-03 10:47:54.911 D/dalvikvm( 2070): GC_FOR_ALLOC freed 2072K, 35% free 8155K/12476K, paused 4ms, total 4ms
02-03 10:47:54.911 D/dalvikvm( 2070): GC_FOR_ALLOC freed 2081K, 35% free 8156K/12476K, paused 4ms, total 4ms
02-03 10:47:54.921 D/dalvikvm( 2070): GC_FOR_ALLOC freed 2091K, 35% free 8157K/12476K, paused 4ms, total 4ms
02-03 10:47:54.921 D/dalvikvm( 2070): GC_FOR_ALLOC freed 2100K, 35% free 8158K/12476K, paused 4ms, total 4ms
02-03 10:47:54.931 D/dalvikvm( 2070): GC_FOR_ALLOC freed 2110K, 35% free 8158K/12476K, paused 3ms, total 3ms
02-03 10:47:54.931 D/dalvikvm( 2070): GC_FOR_ALLOC freed 2119K, 35% free 8159K/12476K, paused 3ms, total 3ms
02-03 10:47:54.941 D/dalvikvm( 2070): GC_FOR_ALLOC freed 2128K, 35% free 8160K/12476K, paused 3ms, total 3ms
02-03 10:47:54.941 D/dalvikvm( 2070): GC_FOR_ALLOC freed 2138K, 35% free 8161K/12476K, paused 4ms, total 5ms
02-03 10:47:54.951 D/dalvikvm( 2070): GC_FOR_ALLOC freed 2148K, 35% free 8162K/12476K, paused 3ms, total 3ms
02-03 10:47:54.951 D/dalvikvm( 2070): GC_FOR_ALLOC freed 2158K, 35% free 8163K/12476K, paused 3ms, total 3ms
02-03 10:47:54.961 D/dalvikvm( 2070): GC_FOR_ALLOC freed 2283K, 35% free 8194K/12476K, paused 5ms, total 5ms
02-03 10:47:54.971 D/dalvikvm( 2070): GC_FOR_ALLOC freed 2176K, 34% free 8301K/12476K, paused 3ms, total 3ms
02-03 10:47:54.971 D/dalvikvm( 2070): GC_FOR_ALLOC freed 1553K, 34% free 8297K/12476K, paused 4ms, total 4ms
02-03 10:47:54.981 D/dalvikvm( 2070): GC_FOR_ALLOC freed 2185K, 39% free 7663K/12476K, paused 3ms, total 3ms
02-03 10:47:54.981 I/dalvikvm-heap( 2070): Grow heap (frag case) to 8.526MB for 1048592-byte allocation
02-03 10:47:54.981 D/dalvikvm( 2070): GC_FOR_ALLOC freed 4K, 36% free 8683K/13504K, paused 3ms, total 3ms
02-03 10:47:54.981 D/dalvikvm( 2070): GC_FOR_ALLOC freed 4K, 36% free 8679K/13504K, paused 2ms, total 2ms
02-03 10:47:54.991 I/dalvikvm-heap( 2070): Grow heap (frag case) to 9.519MB for 1048592-byte allocation
02-03 10:47:54.991 D/dalvikvm( 2070): GC_FOR_ALLOC freed <1K, 34% free 9703K/14532K, paused 2ms, total 2ms
02-03 10:47:54.991 D/dalvikvm( 2070): GC_FOR_ALLOC freed <1K, 34% free 9703K/14532K, paused 3ms, total 3ms
02-03 10:47:54.991 I/dalvikvm-heap( 2070): Grow heap (frag case) to 10.519MB for 1048592-byte allocation
02-03 10:47:55.001 D/dalvikvm( 2070): GC_FOR_ALLOC freed 0K, 32% free 10727K/15560K, paused 3ms, total 3ms
02-03 10:47:55.371 D/dalvikvm( 2070): GC_CONCURRENT freed 6753K, 49% free 8031K/15560K, paused 0ms+2ms, total 18ms
02-03 10:47:55.371 D/dalvikvm( 2070): WAIT_FOR_CONCURRENT_GC blocked 17ms
02-03 10:47:55.381 D/dalvikvm( 2070): GC_FOR_ALLOC freed 4097K, 36% free 8010K/12340K, paused 4ms, total 4ms
02-03 10:47:55.391 D/dalvikvm( 2070): GC_CONCURRENT freed 2272K, 31% free 8612K/12340K, paused 0ms+1ms, total 5ms
02-03 10:47:55.401 D/dalvikvm( 2070): GC_FOR_ALLOC freed 3953K, 37% free 8023K/12720K, paused 4ms, total 4ms
02-03 10:47:55.401 D/dalvikvm( 2070): GC_FOR_ALLOC freed 3758K, 37% free 8042K/12720K, paused 4ms, total 4ms
02-03 10:47:55.411 D/dalvikvm( 2070): GC_FOR_ALLOC freed 3616K, 37% free 8134K/12720K, paused 4ms, total 4ms
02-03 10:47:55.421 D/dalvikvm( 2070): GC_FOR_ALLOC freed 3274K, 37% free 8137K/12720K, paused 3ms, total 3ms
02-03 10:47:55.421 D/dalvikvm( 2070): GC_FOR_ALLOC freed 3441K, 37% free 8038K/12720K, paused 4ms, total 4ms
02-03 10:47:55.431 D/dalvikvm( 2070): GC_FOR_ALLOC freed 3301K, 36% free 8142K/12720K, paused 3ms, total 3ms
02-03 10:47:55.441 D/dalvikvm( 2070): GC_FOR_ALLOC freed 3409K, 37% free 8099K/12720K, paused 3ms, total 3ms
02-03 10:47:55.441 D/dalvikvm( 2070): GC_FOR_ALLOC freed 3301K, 37% free 8101K/12720K, paused 4ms, total 4ms
02-03 10:47:55.451 D/dalvikvm( 2070): GC_FOR_ALLOC freed 3373K, 37% free 8061K/12720K, paused 3ms, total 3ms
02-03 10:47:55.461 D/dalvikvm( 2070): GC_FOR_ALLOC freed 3389K, 37% free 8103K/12720K, paused 5ms, total 5ms
02-03 10:47:55.471 D/dalvikvm( 2070): GC_FOR_ALLOC freed 3115K, 36% free 8194K/12720K, paused 4ms, total 4ms
02-03 10:47:55.471 D/dalvikvm( 2070): GC_FOR_ALLOC freed 3220K, 37% free 8104K/12720K, paused 3ms, total 3ms
02-03 10:47:55.481 D/dalvikvm( 2070): GC_FOR_ALLOC freed 3228K, 37% free 8057K/12720K, paused 3ms, total 3ms
02-03 10:47:55.481 D/dalvikvm( 2070): GC_FOR_ALLOC freed 3178K, 37% free 8137K/12720K, paused 4ms, total 4ms
02-03 10:47:55.491 D/dalvikvm( 2070): GC_FOR_ALLOC freed 3065K, 37% free 8087K/12720K, paused 4ms, total 4ms
02-03 10:47:55.501 D/dalvikvm( 2070): GC_FOR_ALLOC freed 2988K, 36% free 8240K/12720K, paused 3ms, total 3ms
02-03 10:47:55.501 D/dalvikvm( 2070): GC_FOR_ALLOC freed 3220K, 37% free 8084K/12720K, paused 4ms, total 4ms
02-03 10:47:55.511 D/dalvikvm( 2070): GC_FOR_ALLOC freed 3026K, 37% free 8082K/12720K, paused 4ms, total 4ms
02-03 10:47:55.511 D/dalvikvm( 2070): GC_FOR_ALLOC freed 3093K, 37% free 8081K/12720K, paused 3ms, total 3ms
02-03 10:47:55.521 D/dalvikvm( 2070): GC_FOR_ALLOC freed 2875K, 37% free 8135K/12720K, paused 4ms, total 4ms
02-03 10:47:55.521 D/dalvikvm( 2070): GC_FOR_ALLOC freed 2700K, 37% free 8077K/12720K, paused 4ms, total 4ms
02-03 10:47:55.531 D/dalvikvm( 2070): GC_FOR_ALLOC freed 2864K, 37% free 8107K/12720K, paused 3ms, total 3ms
02-03 10:47:55.541 D/dalvikvm( 2070): GC_FOR_ALLOC freed 2616K, 36% free 8164K/12720K, paused 3ms, total 4ms
02-03 10:47:55.541 D/dalvikvm( 2070): GC_FOR_ALLOC freed 2536K, 35% free 8283K/12720K, paused 5ms, total 5ms
02-03 10:47:55.551 D/dalvikvm( 2070): GC_FOR_ALLOC freed 2573K, 36% free 8161K/12720K, paused 3ms, total 3ms
02-03 10:47:55.551 D/dalvikvm( 2070): GC_FOR_ALLOC freed 2611K, 36% free 8160K/12720K, paused 3ms, total 3ms
02-03 10:47:55.561 D/dalvikvm( 2070): GC_FOR_ALLOC freed 2649K, 36% free 8159K/12720K, paused 3ms, total 3ms
02-03 10:47:55.561 D/dalvikvm( 2070): GC_FOR_ALLOC freed 2686K, 36% free 8157K/12720K, paused 4ms, total 4ms
02-03 10:47:55.571 D/dalvikvm( 2070): GC_FOR_ALLOC freed 2594K, 37% free 8091K/12720K, paused 3ms, total 3ms
02-03 10:47:55.581 D/dalvikvm( 2070): GC_FOR_ALLOC freed 2429K, 36% free 8186K/12720K, paused 4ms, total 4ms
02-03 10:47:55.581 D/dalvikvm( 2070): GC_FOR_ALLOC freed 2326K, 36% free 8184K/12720K, paused 3ms, total 3ms
02-03 10:47:55.591 D/dalvikvm( 2070): GC_FOR_ALLOC freed 2352K, 36% free 8183K/12720K, paused 3ms, total 4ms
02-03 10:47:55.591 D/dalvikvm( 2070): GC_FOR_ALLOC freed 2378K, 36% free 8181K/12720K, paused 4ms, total 4ms
02-03 10:47:55.601 D/dalvikvm( 2070): GC_FOR_ALLOC freed 2404K, 36% free 8179K/12720K, paused 3ms, total 3ms
02-03 10:47:55.601 D/dalvikvm( 2070): GC_FOR_ALLOC freed 2430K, 36% free 8177K/12720K, paused 3ms, total 3ms
02-03 10:47:55.611 D/dalvikvm( 2070): GC_FOR_ALLOC freed 2456K, 36% free 8176K/12720K, paused 3ms, total 3ms
02-03 10:47:55.611 D/dalvikvm( 2070): GC_FOR_ALLOC freed 2482K, 36% free 8174K/12720K, paused 3ms, total 3ms
02-03 10:47:55.621 D/dalvikvm( 2070): GC_FOR_ALLOC freed 2509K, 36% free 8204K/12720K, paused 3ms, total 3ms
02-03 10:47:55.621 D/dalvikvm( 2070): GC_FOR_ALLOC freed 2535K, 36% free 8202K/12720K, paused 5ms, total 5ms
02-03 10:47:55.631 D/dalvikvm( 2070): GC_FOR_ALLOC freed 2414K, 37% free 8128K/12720K, paused 4ms, total 4ms
02-03 10:47:55.641 D/dalvikvm( 2070): GC_FOR_ALLOC freed 2586K, 37% free 8125K/12720K, paused 3ms, total 3ms
02-03 10:47:55.641 D/dalvikvm( 2070): GC_FOR_ALLOC freed 2612K, 37% free 8123K/12720K, paused 3ms, total 3ms
02-03 10:47:55.651 D/dalvikvm( 2070): GC_FOR_ALLOC freed 2638K, 37% free 8120K/12720K, paused 3ms, total 3ms
02-03 10:47:55.651 D/dalvikvm( 2070): GC_FOR_ALLOC freed 2664K, 37% free 8118K/12720K, paused 4ms, total 4ms
02-03 10:47:55.661 D/dalvikvm( 2070): GC_FOR_ALLOC freed 2304K, 35% free 8345K/12720K, paused 3ms, total 3ms
02-03 10:47:55.661 D/dalvikvm( 2070): GC_FOR_ALLOC freed 2169K, 35% free 8376K/12720K, paused 3ms, total 3ms
02-03 10:47:55.671 D/dalvikvm( 2070): GC_FOR_ALLOC freed 2029K, 36% free 8141K/12720K, paused 4ms, total 4ms
02-03 10:47:55.671 D/dalvikvm( 2070): GC_FOR_ALLOC freed 2358K, 36% free 8217K/12720K, paused 3ms, total 3ms
02-03 10:47:55.681 D/dalvikvm( 2070): GC_FOR_ALLOC freed 2219K, 36% free 8215K/12720K, paused 3ms, total 4ms
02-03 10:47:55.681 D/dalvikvm( 2070): GC_FOR_ALLOC freed 2236K, 36% free 8212K/12720K, paused 4ms, total 4ms
02-03 10:47:55.691 D/dalvikvm( 2070): GC_FOR_ALLOC freed 2254K, 36% free 8210K/12720K, paused 4ms, total 4ms
02-03 10:47:55.691 D/dalvikvm( 2070): GC_FOR_ALLOC freed 2272K, 36% free 8208K/12720K, paused 4ms, total 4ms
02-03 10:47:55.701 D/dalvikvm( 2070): GC_FOR_ALLOC freed 2289K, 36% free 8206K/12720K, paused 4ms, total 4ms
02-03 10:47:55.701 D/dalvikvm( 2070): GC_FOR_ALLOC freed 2307K, 36% free 8236K/12720K, paused 4ms, total 4ms
02-03 10:47:55.711 D/dalvikvm( 2070): GC_FOR_ALLOC freed 2324K, 36% free 8234K/12720K, paused 4ms, total 4ms
02-03 10:47:55.721 D/dalvikvm( 2070): GC_FOR_ALLOC freed 2176K, 36% free 8149K/12720K, paused 3ms, total 3ms
02-03 10:47:55.721 D/dalvikvm( 2070): GC_FOR_ALLOC freed 2359K, 36% free 8146K/12720K, paused 3ms, total 3ms
02-03 10:47:55.731 D/dalvikvm( 2070): GC_FOR_ALLOC freed 2376K, 36% free 8143K/12720K, paused 3ms, total 4ms
02-03 10:47:55.731 D/dalvikvm( 2070): GC_FOR_ALLOC freed 2392K, 37% free 8140K/12720K, paused 4ms, total 4ms
02-03 10:47:55.741 D/dalvikvm( 2070): GC_FOR_ALLOC freed 2409K, 37% free 8137K/12720K, paused 4ms, total 4ms
02-03 10:47:55.741 D/dalvikvm( 2070): GC_FOR_ALLOC freed 2426K, 37% free 8135K/12720K, paused 4ms, total 4ms
02-03 10:47:55.751 D/dalvikvm( 2070): GC_FOR_ALLOC freed 2442K, 36% free 8164K/12720K, paused 4ms, total 4ms
02-03 10:47:55.751 D/dalvikvm( 2070): GC_FOR_ALLOC freed 2459K, 36% free 8161K/12720K, paused 3ms, total 3ms
02-03 10:47:55.761 D/dalvikvm( 2070): GC_FOR_ALLOC freed 2476K, 36% free 8158K/12720K, paused 3ms, total 4ms
02-03 10:47:55.761 D/dalvikvm( 2070): GC_FOR_ALLOC freed 2493K, 36% free 8155K/12720K, paused 3ms, total 3ms
02-03 10:47:55.771 D/dalvikvm( 2070): GC_FOR_ALLOC freed 2509K, 36% free 8153K/12720K, paused 4ms, total 4ms
02-03 10:47:55.771 D/dalvikvm( 2070): GC_FOR_ALLOC freed 2526K, 36% free 8150K/12720K, paused 3ms, total 4ms
02-03 10:47:55.781 D/dalvikvm( 2070): GC_FOR_ALLOC freed 2084K, 34% free 8422K/12720K, paused 3ms, total 3ms
02-03 10:47:55.781 D/dalvikvm( 2070): GC_FOR_ALLOC freed 2374K, 36% free 8148K/12720K, paused 3ms, total 3ms
02-03 10:47:55.791 D/dalvikvm( 2070): GC_FOR_ALLOC freed 2572K, 36% free 8145K/12720K, paused 5ms, total 5ms
02-03 10:47:55.801 D/dalvikvm( 2070): GC_FOR_ALLOC freed 2122K, 34% free 8422K/12720K, paused 3ms, total 3ms
02-03 10:47:55.801 D/dalvikvm( 2070): GC_FOR_ALLOC freed 2417K, 36% free 8175K/12720K, paused 3ms, total 3ms
02-03 10:47:55.811 D/dalvikvm( 2070): GC_FOR_ALLOC freed 2618K, 36% free 8172K/12720K, paused 3ms, total 3ms
02-03 10:47:55.811 D/dalvikvm( 2070): GC_FOR_ALLOC freed 2159K, 34% free 8455K/12720K, paused 3ms, total 3ms
02-03 10:47:55.821 D/dalvikvm( 2070): GC_FOR_ALLOC freed 2460K, 36% free 8171K/12720K, paused 3ms, total 3ms
02-03 10:47:55.821 D/dalvikvm( 2070): GC_FOR_ALLOC freed 2664K, 36% free 8168K/12720K, paused 3ms, total 3ms
02-03 10:47:55.831 D/dalvikvm( 2070): GC_FOR_ALLOC freed 2197K, 34% free 8455K/12720K, paused 4ms, total 4ms
02-03 10:47:55.831 D/dalvikvm( 2070): GC_FOR_ALLOC freed 2502K, 36% free 8166K/12720K, paused 3ms, total 3ms
02-03 10:47:55.841 D/dalvikvm( 2070): GC_FOR_ALLOC freed 2221K, 34% free 8456K/12720K, paused 4ms, total 4ms
02-03 10:47:55.841 D/dalvikvm( 2070): GC_FOR_ALLOC freed 2529K, 36% free 8164K/12720K, paused 3ms, total 4ms
02-03 10:47:55.851 D/dalvikvm( 2070): GC_FOR_ALLOC freed 2245K, 34% free 8457K/12720K, paused 3ms, total 3ms
02-03 10:47:55.851 D/dalvikvm( 2070): GC_FOR_ALLOC freed 2557K, 36% free 8162K/12720K, paused 3ms, total 3ms
02-03 10:47:55.861 D/dalvikvm( 2070): GC_FOR_ALLOC freed 2269K, 34% free 8459K/12720K, paused 4ms, total 4ms
02-03 10:47:55.871 D/dalvikvm( 2070): GC_FOR_ALLOC freed 2584K, 36% free 8160K/12720K, paused 3ms, total 4ms
02-03 10:47:55.871 D/dalvikvm( 2070): GC_FOR_ALLOC freed 2293K, 34% free 8460K/12720K, paused 4ms, total 4ms
02-03 10:47:55.881 D/dalvikvm( 2070): GC_FOR_ALLOC freed 2611K, 36% free 8190K/12720K, paused 4ms, total 4ms
02-03 10:47:55.881 D/dalvikvm( 2070): GC_FOR_ALLOC freed 2318K, 35% free 8291K/12720K, paused 4ms, total 4ms
02-03 10:47:55.891 D/dalvikvm( 2070): GC_FOR_ALLOC freed 2126K, 34% free 8495K/12720K, paused 3ms, total 3ms
02-03 10:47:55.891 D/dalvikvm( 2070): GC_FOR_ALLOC freed 2136K, 34% free 8497K/12720K, paused 4ms, total 4ms
02-03 10:47:55.901 D/dalvikvm( 2070): GC_FOR_ALLOC freed 2146K, 35% free 8296K/12720K, paused 3ms, total 3ms
02-03 10:47:55.901 D/dalvikvm( 2070): GC_FOR_ALLOC freed 2155K, 35% free 8297K/12720K, paused 4ms, total 4ms
02-03 10:47:55.911 D/dalvikvm( 2070): GC_FOR_ALLOC freed 2193K, 36% free 8195K/12720K, paused 3ms, total 3ms
02-03 10:47:55.921 D/dalvikvm( 2070): GC_FOR_ALLOC freed 2568K, 36% free 8182K/12720K, paused 4ms, total 4ms
02-03 10:47:55.921 D/dalvikvm( 2070): GC_FOR_ALLOC freed 1771K, 34% free 8514K/12720K, paused 3ms, total 3ms
02-03 10:47:55.931 D/dalvikvm( 2070): GC_FOR_ALLOC freed 2185K, 40% free 7659K/12720K, paused 3ms, total 3ms
02-03 10:47:55.931 D/dalvikvm( 2070): GC_FOR_ALLOC freed <1K, 32% free 8683K/12720K, paused 2ms, total 2ms
02-03 10:47:55.931 I/dalvikvm-heap( 2070): Grow heap (frag case) to 9.523MB for 1048592-byte allocation
02-03 10:47:55.931 D/dalvikvm( 2070): GC_FOR_ALLOC freed 8K, 30% free 9699K/13748K, paused 3ms, total 3ms
02-03 10:47:55.931 D/dalvikvm( 2070): GC_FOR_ALLOC freed <1K, 30% free 9699K/13748K, paused 2ms, total 2ms
02-03 10:47:55.941 I/dalvikvm-heap( 2070): Grow heap (frag case) to 10.515MB for 1048592-byte allocation
02-03 10:47:55.941 D/dalvikvm( 2070): GC_FOR_ALLOC freed 0K, 28% free 10723K/14776K, paused 2ms, total 2ms
02-03 10:47:56.371 D/dalvikvm( 2070): GC_CONCURRENT freed 6744K, 46% free 8036K/14868K, paused 1ms+1ms, total 19ms
02-03 10:47:56.371 D/dalvikvm( 2070): WAIT_FOR_CONCURRENT_GC blocked 18ms
02-03 10:47:56.381 D/dalvikvm( 2070): GC_FOR_ALLOC freed 4098K, 36% free 8014K/12388K, paused 5ms, total 5ms
02-03 10:47:56.381 D/dalvikvm( 2070): GC_CONCURRENT freed 2362K, 32% free 8525K/12388K, paused 1ms+1ms, total 6ms
02-03 10:47:56.391 D/dalvikvm( 2070): GC_FOR_ALLOC freed 3866K, 37% free 8023K/12652K, paused 4ms, total 4ms
02-03 10:47:56.401 D/dalvikvm( 2070): GC_FOR_ALLOC freed 3754K, 37% free 8046K/12652K, paused 4ms, total 4ms
02-03 10:47:56.411 D/dalvikvm( 2070): GC_FOR_ALLOC freed 3616K, 36% free 8106K/12652K, paused 4ms, total 4ms
02-03 10:47:56.411 D/dalvikvm( 2070): GC_FOR_ALLOC freed 3500K, 37% free 8077K/12652K, paused 4ms, total 4ms
02-03 10:47:56.421 D/dalvikvm( 2070): GC_FOR_ALLOC freed 3456K, 37% free 8042K/12652K, paused 4ms, total 4ms
02-03 10:47:56.421 D/dalvikvm( 2070): GC_FOR_ALLOC freed 3315K, 37% free 8074K/12652K, paused 3ms, total 3ms
02-03 10:47:56.431 D/dalvikvm( 2070): GC_FOR_ALLOC freed 3423K, 37% free 8072K/12652K, paused 3ms, total 3ms
02-03 10:47:56.441 D/dalvikvm( 2070): GC_FOR_ALLOC freed 3313K, 36% free 8105K/12652K, paused 3ms, total 3ms
02-03 10:47:56.441 D/dalvikvm( 2070): GC_FOR_ALLOC freed 3091K, 37% free 8065K/12652K, paused 4ms, total 4ms
02-03 10:47:56.451 D/dalvikvm( 2070): GC_FOR_ALLOC freed 3302K, 37% free 8064K/12652K, paused 3ms, total 3ms
02-03 10:47:56.461 D/dalvikvm( 2070): GC_FOR_ALLOC freed 3202K, 36% free 8108K/12652K, paused 3ms, total 3ms
02-03 10:47:56.461 D/dalvikvm( 2070): GC_FOR_ALLOC freed 3127K, 37% free 8062K/12652K, paused 4ms, total 4ms
02-03 10:47:56.471 D/dalvikvm( 2070): GC_FOR_ALLOC freed 3081K, 36% free 8204K/12652K, paused 3ms, total 3ms
02-03 10:47:56.481 D/dalvikvm( 2070): GC_FOR_ALLOC freed 3072K, 36% free 8207K/12652K, paused 4ms, total 4ms
02-03 10:47:56.481 D/dalvikvm( 2070): GC_FOR_ALLOC freed 3157K, 36% free 8209K/12652K, paused 4ms, total 4ms
02-03 10:47:56.491 D/dalvikvm( 2070): GC_FOR_ALLOC freed 3242K, 36% free 8140K/12652K, paused 4ms, total 4ms
02-03 10:47:56.491 D/dalvikvm( 2070): GC_FOR_ALLOC freed 3220K, 37% free 8088K/12652K, paused 4ms, total 4ms
02-03 10:47:56.501 D/dalvikvm( 2070): GC_FOR_ALLOC freed 3026K, 37% free 8086K/12652K, paused 3ms, total 3ms
02-03 10:47:56.511 D/dalvikvm( 2070): GC_FOR_ALLOC freed 3093K, 37% free 8085K/12652K, paused 3ms, total 3ms
02-03 10:47:56.511 D/dalvikvm( 2070): GC_FOR_ALLOC freed 2762K, 37% free 8083K/12652K, paused 3ms, total 3ms
02-03 10:47:56.521 D/dalvikvm( 2070): GC_FOR_ALLOC freed 2813K, 37% free 8081K/12652K, paused 4ms, total 4ms
02-03 10:47:56.521 D/dalvikvm( 2070): GC_FOR_ALLOC freed 2864K, 37% free 8079K/12652K, paused 4ms, total 4ms
02-03 10:47:56.531 D/dalvikvm( 2070): GC_FOR_ALLOC freed 2616K, 35% free 8255K/12652K, paused 4ms, total 4ms
02-03 10:47:56.531 D/dalvikvm( 2070): GC_FOR_ALLOC freed 2536K, 36% free 8166K/12652K, paused 3ms, total 3ms
02-03 10:47:56.541 D/dalvikvm( 2070): GC_FOR_ALLOC freed 2573K, 36% free 8165K/12652K, paused 3ms, total 3ms
02-03 10:47:56.551 D/dalvikvm( 2070): GC_FOR_ALLOC freed 2611K, 36% free 8164K/12652K, paused 5ms, total 5ms
02-03 10:47:56.551 D/dalvikvm( 2070): GC_FOR_ALLOC freed 2522K, 36% free 8100K/12652K, paused 3ms, total 3ms
02-03 10:47:56.561 D/dalvikvm( 2070): GC_FOR_ALLOC freed 2685K, 36% free 8098K/12652K, paused 4ms, total 4ms
02-03 10:47:56.561 D/dalvikvm( 2070): GC_FOR_ALLOC freed 2722K, 37% free 8095K/12652K, paused 4ms, total 4ms
02-03 10:47:56.571 D/dalvikvm( 2070): GC_FOR_ALLOC freed 2429K, 35% free 8290K/12652K, paused 3ms, total 3ms
02-03 10:47:56.571 D/dalvikvm( 2070): GC_FOR_ALLOC freed 2326K, 35% free 8289K/12652K, paused 3ms, total 3ms
02-03 10:47:56.581 D/dalvikvm( 2070): GC_FOR_ALLOC freed 2690K, 36% free 8120K/12652K, paused 3ms, total 4ms
02-03 10:47:56.581 D/dalvikvm( 2070): GC_FOR_ALLOC freed 2518K, 35% free 8322K/12652K, paused 3ms, total 3ms
02-03 10:47:56.591 D/dalvikvm( 2070): GC_FOR_ALLOC freed 2409K, 35% free 8321K/12652K, paused 4ms, total 4ms
02-03 10:47:56.601 D/dalvikvm( 2070): GC_FOR_ALLOC freed 2435K, 36% free 8182K/12652K, paused 3ms, total 3ms
02-03 10:47:56.601 D/dalvikvm( 2070): GC_FOR_ALLOC freed 2462K, 36% free 8180K/12652K, paused 4ms, total 4ms
02-03 10:47:56.611 D/dalvikvm( 2070): GC_FOR_ALLOC freed 2488K, 35% free 8321K/12652K, paused 3ms, total 3ms
02-03 10:47:56.611 D/dalvikvm( 2070): GC_FOR_ALLOC freed 2514K, 35% free 8320K/12652K, paused 4ms, total 4ms
02-03 10:47:56.621 D/dalvikvm( 2070): GC_FOR_ALLOC freed 2540K, 35% free 8320K/12652K, paused 3ms, total 3ms
02-03 10:47:56.621 D/dalvikvm( 2070): GC_FOR_ALLOC freed 2566K, 36% free 8205K/12652K, paused 3ms, total 4ms
02-03 10:47:56.631 D/dalvikvm( 2070): GC_FOR_ALLOC freed 2592K, 36% free 8203K/12652K, paused 5ms, total 5ms
02-03 10:47:56.631 D/dalvikvm( 2070): GC_FOR_ALLOC freed 2618K, 36% free 8202K/12652K, paused 3ms, total 3ms
02-03 10:47:56.641 D/dalvikvm( 2070): GC_FOR_ALLOC freed 2493K, 36% free 8125K/12652K, paused 3ms, total 3ms
02-03 10:47:56.651 D/dalvikvm( 2070): GC_FOR_ALLOC freed 2286K, 34% free 8350K/12652K, paused 4ms, total 4ms
02-03 10:47:56.651 D/dalvikvm( 2070): GC_FOR_ALLOC freed 2538K, 36% free 8119K/12652K, paused 3ms, total 3ms
02-03 10:47:56.661 D/dalvikvm( 2070): GC_FOR_ALLOC freed 2327K, 35% free 8349K/12652K, paused 4ms, total 4ms
02-03 10:47:56.661 D/dalvikvm( 2070): GC_FOR_ALLOC freed 2582K, 36% free 8114K/12652K, paused 4ms, total 4ms
02-03 10:47:56.671 D/dalvikvm( 2070): GC_FOR_ALLOC freed 2367K, 36% free 8222K/12652K, paused 4ms, total 4ms
02-03 10:47:56.671 D/dalvikvm( 2070): GC_FOR_ALLOC freed 2227K, 36% free 8219K/12652K, paused 3ms, total 3ms
02-03 10:47:56.681 D/dalvikvm( 2070): GC_FOR_ALLOC freed 2245K, 36% free 8217K/12652K, paused 3ms, total 3ms
02-03 10:47:56.681 D/dalvikvm( 2070): GC_FOR_ALLOC freed 2263K, 36% free 8215K/12652K, paused 3ms, total 3ms
02-03 10:47:56.691 D/dalvikvm( 2070): GC_FOR_ALLOC freed 2280K, 36% free 8213K/12652K, paused 3ms, total 3ms
02-03 10:47:56.691 D/dalvikvm( 2070): GC_FOR_ALLOC freed 2298K, 36% free 8211K/12652K, paused 3ms, total 3ms
02-03 10:47:56.701 D/dalvikvm( 2070): GC_FOR_ALLOC freed 2315K, 36% free 8209K/12652K, paused 3ms, total 3ms
02-03 10:47:56.701 D/dalvikvm( 2070): GC_FOR_ALLOC freed 2333K, 36% free 8207K/12652K, paused 3ms, total 3ms
02-03 10:47:56.711 D/dalvikvm( 2070): GC_FOR_ALLOC freed 2184K, 36% free 8153K/12652K, paused 3ms, total 3ms
02-03 10:47:56.711 D/dalvikvm( 2070): GC_FOR_ALLOC freed 2367K, 36% free 8151K/12652K, paused 5ms, total 5ms
02-03 10:47:56.721 D/dalvikvm( 2070): GC_FOR_ALLOC freed 2384K, 36% free 8148K/12652K, paused 4ms, total 4ms
02-03 10:47:56.721 D/dalvikvm( 2070): GC_FOR_ALLOC freed 2401K, 36% free 8145K/12652K, paused 3ms, total 3ms
02-03 10:47:56.731 D/dalvikvm( 2070): GC_FOR_ALLOC freed 2417K, 36% free 8142K/12652K, paused 3ms, total 3ms
02-03 10:47:56.731 D/dalvikvm( 2070): GC_FOR_ALLOC freed 2434K, 36% free 8139K/12652K, paused 3ms, total 3ms
02-03 10:47:56.741 D/dalvikvm( 2070): GC_FOR_ALLOC freed 2451K, 36% free 8136K/12652K, paused 3ms, total 3ms
02-03 10:47:56.741 D/dalvikvm( 2070): GC_FOR_ALLOC freed 2468K, 36% free 8134K/12652K, paused 3ms, total 3ms
02-03 10:47:56.751 D/dalvikvm( 2070): GC_FOR_ALLOC freed 2036K, 34% free 8400K/12652K, paused 3ms, total 4ms
02-03 10:47:56.751 D/dalvikvm( 2070): GC_FOR_ALLOC freed 2320K, 36% free 8164K/12652K, paused 3ms, total 3ms
02-03 10:47:56.761 D/dalvikvm( 2070): GC_FOR_ALLOC freed 2060K, 34% free 8433K/12652K, paused 3ms, total 3ms
02-03 10:47:56.761 D/dalvikvm( 2070): GC_FOR_ALLOC freed 2347K, 36% free 8162K/12652K, paused 4ms, total 4ms
02-03 10:47:56.771 D/dalvikvm( 2070): GC_FOR_ALLOC freed 2084K, 34% free 8434K/12652K, paused 3ms, total 4ms
02-03 10:47:56.771 D/dalvikvm( 2070): GC_FOR_ALLOC freed 2374K, 36% free 8160K/12652K, paused 3ms, total 3ms
02-03 10:47:56.781 D/dalvikvm( 2070): GC_FOR_ALLOC freed 2108K, 34% free 8435K/12652K, paused 3ms, total 3ms
02-03 10:47:56.781 D/dalvikvm( 2070): GC_FOR_ALLOC freed 2401K, 36% free 8158K/12652K, paused 3ms, total 3ms
02-03 10:47:56.791 D/dalvikvm( 2070): GC_FOR_ALLOC freed 2132K, 34% free 8437K/12652K, paused 3ms, total 3ms
02-03 10:47:56.791 D/dalvikvm( 2070): GC_FOR_ALLOC freed 2428K, 36% free 8156K/12652K, paused 5ms, total 5ms
02-03 10:47:56.801 D/dalvikvm( 2070): GC_FOR_ALLOC freed 2156K, 34% free 8438K/12652K, paused 3ms, total 3ms
02-03 10:47:56.801 D/dalvikvm( 2070): GC_FOR_ALLOC freed 2456K, 36% free 8154K/12652K, paused 3ms, total 3ms
02-03 10:47:56.811 D/dalvikvm( 2070): GC_FOR_ALLOC freed 2180K, 34% free 8439K/12652K, paused 3ms, total 4ms
02-03 10:47:56.811 D/dalvikvm( 2070): GC_FOR_ALLOC freed 2483K, 36% free 8152K/12652K, paused 3ms, total 3ms
02-03 10:47:56.821 D/dalvikvm( 2070): GC_FOR_ALLOC freed 2204K, 34% free 8440K/12652K, paused 3ms, total 3ms
02-03 10:47:56.821 D/dalvikvm( 2070): GC_FOR_ALLOC freed 2510K, 36% free 8150K/12652K, paused 3ms, total 3ms
02-03 10:47:56.831 D/dalvikvm( 2070): GC_FOR_ALLOC freed 2228K, 35% free 8248K/12652K, paused 3ms, total 3ms
02-03 10:47:56.831 D/dalvikvm( 2070): GC_FOR_ALLOC freed 2045K, 34% free 8444K/12652K, paused 3ms, total 3ms
02-03 10:47:56.841 D/dalvikvm( 2070): GC_FOR_ALLOC freed 2549K, 36% free 8181K/12652K, paused 3ms, total 3ms
02-03 10:47:56.851 D/dalvikvm( 2070): GC_FOR_ALLOC freed 2263K, 33% free 8477K/12652K, paused 4ms, total 5ms
02-03 10:47:56.851 D/dalvikvm( 2070): GC_FOR_ALLOC freed 2576K, 36% free 8179K/12652K, paused 3ms, total 3ms
02-03 10:47:56.861 D/dalvikvm( 2070): GC_FOR_ALLOC freed 2287K, 33% free 8478K/12652K, paused 4ms, total 4ms
02-03 10:47:56.861 D/dalvikvm( 2070): GC_FOR_ALLOC freed 2603K, 36% free 8178K/12652K, paused 4ms, total 4ms
02-03 10:47:56.871 D/dalvikvm( 2070): GC_FOR_ALLOC freed 2311K, 35% free 8278K/12652K, paused 3ms, total 4ms
02-03 10:47:56.871 D/dalvikvm( 2070): GC_FOR_ALLOC freed 2120K, 35% free 8280K/12652K, paused 3ms, total 4ms
02-03 10:47:56.881 D/dalvikvm( 2070): GC_FOR_ALLOC freed 2129K, 35% free 8281K/12652K, paused 5ms, total 5ms
02-03 10:47:56.881 D/dalvikvm( 2070): GC_FOR_ALLOC freed 2139K, 35% free 8283K/12652K, paused 3ms, total 3ms
02-03 10:47:56.891 D/dalvikvm( 2070): GC_FOR_ALLOC freed 2149K, 35% free 8284K/12652K, paused 3ms, total 3ms
02-03 10:47:56.901 D/dalvikvm( 2070): GC_FOR_ALLOC freed 2159K, 35% free 8285K/12652K, paused 3ms, total 3ms
02-03 10:47:56.901 D/dalvikvm( 2070): GC_FOR_ALLOC freed 2509K, 35% free 8287K/12652K, paused 4ms, total 4ms
02-03 10:47:56.911 D/dalvikvm( 2070): GC_FOR_ALLOC freed 2519K, 35% free 8289K/12652K, paused 3ms, total 3ms
02-03 10:47:56.911 D/dalvikvm( 2070): GC_FOR_ALLOC freed 2104K, 36% free 8178K/12652K, paused 3ms, total 3ms
02-03 10:47:56.921 D/dalvikvm( 2070): GC_FOR_ALLOC freed 857K, 32% free 8679K/12652K, paused 3ms, total 3ms
02-03 10:47:56.921 I/dalvikvm-heap( 2070): Grow heap (frag case) to 9.519MB for 1048592-byte allocation
02-03 10:47:56.921 D/dalvikvm( 2070): GC_FOR_ALLOC freed <1K, 30% free 9703K/13680K, paused 3ms, total 3ms
02-03 10:47:56.931 D/dalvikvm( 2070): GC_FOR_ALLOC freed <1K, 30% free 9703K/13680K, paused 3ms, total 3ms
02-03 10:47:56.931 I/dalvikvm-heap( 2070): Grow heap (frag case) to 10.519MB for 1048592-byte allocation
02-03 10:47:56.931 D/dalvikvm( 2070): GC_FOR_ALLOC freed 0K, 28% free 10727K/14708K, paused 2ms, total 2ms
02-03 10:47:57.391 D/dalvikvm( 2070): GC_CONCURRENT freed 6756K, 46% free 8045K/14864K, paused 1ms+2ms, total 18ms
02-03 10:47:57.391 D/dalvikvm( 2070): WAIT_FOR_CONCURRENT_GC blocked 16ms
02-03 10:47:57.401 D/dalvikvm( 2070): GC_CONCURRENT freed 4014K, 35% free 8111K/12404K, paused 1ms+0ms, total 5ms
02-03 10:47:57.401 D/dalvikvm( 2070): WAIT_FOR_CONCURRENT_GC blocked 3ms
02-03 10:47:57.401 D/dalvikvm( 2070): GC_FOR_ALLOC freed 3719K, 35% free 8087K/12404K, paused 4ms, total 4ms
02-03 10:47:57.411 D/dalvikvm( 2070): GC_FOR_ALLOC freed 3619K, 35% free 8093K/12404K, paused 4ms, total 4ms
02-03 10:47:57.421 D/dalvikvm( 2070): GC_FOR_ALLOC freed 3426K, 36% free 8021K/12404K, paused 4ms, total 4ms
02-03 10:47:57.421 D/dalvikvm( 2070): GC_FOR_ALLOC freed 3261K, 36% free 8018K/12404K, paused 4ms, total 4ms
02-03 10:47:57.431 D/dalvikvm( 2070): GC_FOR_ALLOC freed 3074K, 36% free 8046K/12404K, paused 4ms, total 4ms
02-03 10:47:57.441 D/dalvikvm( 2070): GC_FOR_ALLOC freed 3107K, 35% free 8075K/12404K, paused 4ms, total 4ms
02-03 10:47:57.441 D/dalvikvm( 2070): GC_FOR_ALLOC freed 3147K, 36% free 8038K/12404K, paused 3ms, total 3ms
02-03 10:47:57.451 D/dalvikvm( 2070): GC_FOR_ALLOC freed 3121K, 36% free 8037K/12404K, paused 3ms, total 3ms
02-03 10:47:57.461 D/dalvikvm( 2070): GC_FOR_ALLOC freed 3073K, 35% free 8075K/12404K, paused 3ms, total 3ms
02-03 10:47:57.461 D/dalvikvm( 2070): GC_FOR_ALLOC freed 3126K, 35% free 8109K/12404K, paused 5ms, total 5ms
02-03 10:47:57.471 D/dalvikvm( 2070): GC_FOR_ALLOC freed 2958K, 35% free 8109K/12404K, paused 3ms, total 3ms
02-03 10:47:57.481 D/dalvikvm( 2070): GC_FOR_ALLOC freed 2974K, 35% free 8066K/12404K, paused 3ms, total 3ms
02-03 10:47:57.481 D/dalvikvm( 2070): GC_FOR_ALLOC freed 2844K, 35% free 8065K/12404K, paused 4ms, total 4ms
02-03 10:47:57.491 D/dalvikvm( 2070): GC_FOR_ALLOC freed 2929K, 35% free 8063K/12404K, paused 4ms, total 4ms
02-03 10:47:57.491 D/dalvikvm( 2070): GC_FOR_ALLOC freed 2771K, 35% free 8109K/12404K, paused 3ms, total 3ms
02-03 10:47:57.501 D/dalvikvm( 2070): GC_FOR_ALLOC freed 2645K, 36% free 8060K/12404K, paused 4ms, total 4ms
02-03 10:47:57.501 D/dalvikvm( 2070): GC_FOR_ALLOC freed 2809K, 36% free 8058K/12404K, paused 4ms, total 4ms
02-03 10:47:57.511 D/dalvikvm( 2070): GC_FOR_ALLOC freed 2875K, 35% free 8089K/12404K, paused 4ms, total 4ms
02-03 10:47:57.521 D/dalvikvm( 2070): GC_FOR_ALLOC freed 2942K, 35% free 8087K/12404K, paused 3ms, total 3ms
02-03 10:47:57.521 D/dalvikvm( 2070): GC_FOR_ALLOC freed 2738K, 35% free 8139K/12404K, paused 4ms, total 4ms
02-03 10:47:57.531 D/dalvikvm( 2070): GC_FOR_ALLOC freed 2683K, 34% free 8248K/12404K, paused 3ms, total 4ms
02-03 10:47:57.531 D/dalvikvm( 2070): GC_FOR_ALLOC freed 3016K, 35% free 8082K/12404K, paused 3ms, total 4ms
02-03 10:47:57.541 D/dalvikvm( 2070): GC_FOR_ALLOC freed 2504K, 35% free 8136K/12404K, paused 4ms, total 5ms
02-03 10:47:57.551 D/dalvikvm( 2070): GC_FOR_ALLOC freed 2429K, 35% free 8135K/12404K, paused 5ms, total 5ms
02-03 10:47:57.551 D/dalvikvm( 2070): GC_FOR_ALLOC freed 2467K, 35% free 8134K/12404K, paused 4ms, total 4ms
02-03 10:47:57.561 D/dalvikvm( 2070): GC_FOR_ALLOC freed 2385K, 35% free 8105K/12404K, paused 4ms, total 4ms
02-03 10:47:57.561 D/dalvikvm( 2070): GC_FOR_ALLOC freed 2236K, 35% free 8162K/12404K, paused 3ms, total 3ms
02-03 10:47:57.571 D/dalvikvm( 2070): GC_FOR_ALLOC freed 2143K, 34% free 8283K/12404K, paused 4ms, total 4ms
02-03 10:47:57.571 D/dalvikvm( 2070): GC_FOR_ALLOC freed 2169K, 34% free 8283K/12404K, paused 4ms, total 4ms
02-03 10:47:57.581 D/dalvikvm( 2070): GC_FOR_ALLOC freed 2195K, 34% free 8283K/12404K, paused 4ms, total 4ms
02-03 10:47:57.581 D/dalvikvm( 2070): GC_FOR_ALLOC freed 2221K, 34% free 8282K/12404K, paused 3ms, total 3ms
02-03 10:47:57.591 D/dalvikvm( 2070): GC_FOR_ALLOC freed 2247K, 35% free 8154K/12404K, paused 3ms, total 3ms
02-03 10:47:57.591 D/dalvikvm( 2070): GC_FOR_ALLOC freed 2143K, 35% free 8087K/12404K, paused 3ms, total 3ms
02-03 10:47:57.601 D/dalvikvm( 2070): GC_FOR_ALLOC freed 1968K, 33% free 8313K/12404K, paused 3ms, total 3ms
02-03 10:47:57.601 D/dalvikvm( 2070): GC_FOR_ALLOC freed 2188K, 35% free 8114K/12404K, paused 3ms, total 3ms
02-03 10:47:57.611 D/dalvikvm( 2070): GC_FOR_ALLOC freed 2009K, 33% free 8312K/12404K, paused 4ms, total 4ms
02-03 10:47:57.621 D/dalvikvm( 2070): GC_FOR_ALLOC freed 2232K, 35% free 8109K/12404K, paused 4ms, total 4ms
02-03 10:47:57.621 D/dalvikvm( 2070): GC_FOR_ALLOC freed 2049K, 33% free 8310K/12404K, paused 3ms, total 3ms
02-03 10:47:57.631 D/dalvikvm( 2070): GC_FOR_ALLOC freed 2276K, 35% free 8104K/12404K, paused 4ms, total 4ms
02-03 10:47:57.631 D/dalvikvm( 2070): GC_FOR_ALLOC freed 2089K, 34% free 8309K/12404K, paused 4ms, total 4ms
02-03 10:47:57.641 D/dalvikvm( 2070): GC_FOR_ALLOC freed 2321K, 35% free 8098K/12404K, paused 3ms, total 3ms
02-03 10:47:57.641 D/dalvikvm( 2070): GC_FOR_ALLOC freed 2130K, 33% free 8340K/12404K, paused 3ms, total 3ms
02-03 10:47:57.651 D/dalvikvm( 2070): GC_FOR_ALLOC freed 2365K, 35% free 8125K/12404K, paused 4ms, total 4ms
02-03 10:47:57.651 D/dalvikvm( 2070): GC_FOR_ALLOC freed 2170K, 33% free 8339K/12404K, paused 3ms, total 3ms
02-03 10:47:57.661 D/dalvikvm( 2070): GC_FOR_ALLOC freed 2409K, 35% free 8120K/12404K, paused 3ms, total 3ms
02-03 10:47:57.661 D/dalvikvm( 2070): GC_FOR_ALLOC freed 2210K, 33% free 8337K/12404K, paused 4ms, total 4ms
02-03 10:47:57.671 D/dalvikvm( 2070): GC_FOR_ALLOC freed 2454K, 35% free 8114K/12404K, paused 4ms, total 4ms
02-03 10:47:57.681 D/dalvikvm( 2070): GC_FOR_ALLOC freed 2251K, 33% free 8336K/12404K, paused 4ms, total 4ms
02-03 10:47:57.681 D/dalvikvm( 2070): GC_FOR_ALLOC freed 2118K, 35% free 8184K/12404K, paused 3ms, total 4ms
02-03 10:47:57.681 D/dalvikvm( 2070): GC_FOR_ALLOC freed 1983K, 35% free 8138K/12404K, paused 3ms, total 3ms
02-03 10:47:57.691 D/dalvikvm( 2070): GC_FOR_ALLOC freed 2151K, 35% free 8135K/12404K, paused 3ms, total 3ms
02-03 10:47:57.701 D/dalvikvm( 2070): GC_FOR_ALLOC freed 2167K, 35% free 8132K/12404K, paused 4ms, total 4ms
02-03 10:47:57.701 D/dalvikvm( 2070): GC_FOR_ALLOC freed 2184K, 35% free 8129K/12404K, paused 3ms, total 3ms
02-03 10:47:57.711 D/dalvikvm( 2070): GC_FOR_ALLOC freed 2201K, 35% free 8127K/12404K, paused 3ms, total 4ms
02-03 10:47:57.711 D/dalvikvm( 2070): GC_FOR_ALLOC freed 2218K, 35% free 8124K/12404K, paused 7ms, total 7ms
02-03 10:47:57.721 D/dalvikvm( 2070): GC_FOR_ALLOC freed 2234K, 35% free 8121K/12404K, paused 3ms, total 3ms
02-03 10:47:57.721 D/dalvikvm( 2070): GC_FOR_ALLOC freed 2253K, 35% free 8118K/12404K, paused 4ms, total 4ms
02-03 10:47:57.731 D/dalvikvm( 2070): GC_FOR_ALLOC freed 2271K, 35% free 8148K/12404K, paused 3ms, total 3ms
02-03 10:47:57.741 D/dalvikvm( 2070): GC_FOR_ALLOC freed 2288K, 35% free 8145K/12404K, paused 4ms, total 4ms
02-03 10:47:57.741 D/dalvikvm( 2070): GC_FOR_ALLOC freed 2306K, 35% free 8142K/12404K, paused 3ms, total 3ms
02-03 10:47:57.741 D/dalvikvm( 2070): GC_FOR_ALLOC freed 1903K, 33% free 8391K/12404K, paused 3ms, total 3ms
02-03 10:47:57.751 D/dalvikvm( 2070): GC_FOR_ALLOC freed 1749K, 33% free 8394K/12404K, paused 3ms, total 3ms
02-03 10:47:57.751 D/dalvikvm( 2070): GC_FOR_ALLOC freed 1759K, 33% free 8396K/12404K, paused 4ms, total 4ms
02-03 10:47:57.761 D/dalvikvm( 2070): GC_FOR_ALLOC freed 1768K, 33% free 8398K/12404K, paused 4ms, total 4ms
02-03 10:47:57.761 D/dalvikvm( 2070): GC_FOR_ALLOC freed 1778K, 33% free 8400K/12404K, paused 4ms, total 4ms
02-03 10:47:57.771 D/dalvikvm( 2070): GC_FOR_ALLOC freed 1787K, 33% free 8403K/12404K, paused 3ms, total 3ms
02-03 10:47:57.771 D/dalvikvm( 2070): GC_FOR_ALLOC freed 1797K, 33% free 8405K/12404K, paused 3ms, total 3ms
02-03 10:47:57.781 D/dalvikvm( 2070): GC_FOR_ALLOC freed 1806K, 33% free 8407K/12404K, paused 3ms, total 3ms
02-03 10:47:57.781 D/dalvikvm( 2070): GC_FOR_ALLOC freed 1815K, 33% free 8409K/12404K, paused 4ms, total 4ms
02-03 10:47:57.791 D/dalvikvm( 2070): GC_FOR_ALLOC freed 1825K, 33% free 8412K/12404K, paused 3ms, total 3ms
02-03 10:47:57.791 D/dalvikvm( 2070): GC_FOR_ALLOC freed 1834K, 33% free 8414K/12404K, paused 4ms, total 4ms
02-03 10:47:57.801 D/dalvikvm( 2070): GC_FOR_ALLOC freed 1844K, 33% free 8416K/12404K, paused 4ms, total 4ms
02-03 10:47:57.811 D/dalvikvm( 2070): GC_FOR_ALLOC freed 1853K, 33% free 8418K/12404K, paused 4ms, total 4ms
02-03 10:47:57.811 D/dalvikvm( 2070): GC_FOR_ALLOC freed 1863K, 33% free 8420K/12404K, paused 4ms, total 4ms
02-03 10:47:57.811 D/dalvikvm( 2070): GC_FOR_ALLOC freed 1872K, 33% free 8423K/12404K, paused 3ms, total 3ms
02-03 10:47:57.821 D/dalvikvm( 2070): GC_FOR_ALLOC freed 1881K, 33% free 8425K/12404K, paused 3ms, total 3ms
02-03 10:47:57.821 D/dalvikvm( 2070): GC_FOR_ALLOC freed 1891K, 33% free 8427K/12404K, paused 3ms, total 3ms
02-03 10:47:57.831 D/dalvikvm( 2070): GC_FOR_ALLOC freed 1900K, 33% free 8429K/12404K, paused 4ms, total 4ms
02-03 10:47:57.831 D/dalvikvm( 2070): GC_FOR_ALLOC freed 1910K, 33% free 8432K/12404K, paused 3ms, total 3ms
02-03 10:47:57.841 D/dalvikvm( 2070): GC_FOR_ALLOC freed 1919K, 33% free 8434K/12404K, paused 3ms, total 3ms
02-03 10:47:57.841 D/dalvikvm( 2070): GC_FOR_ALLOC freed 1928K, 32% free 8436K/12404K, paused 4ms, total 4ms
02-03 10:47:57.851 D/dalvikvm( 2070): GC_FOR_ALLOC freed 1938K, 32% free 8438K/12404K, paused 4ms, total 4ms
02-03 10:47:57.851 D/dalvikvm( 2070): GC_FOR_ALLOC freed 1947K, 32% free 8441K/12404K, paused 3ms, total 4ms
02-03 10:47:57.861 D/dalvikvm( 2070): GC_FOR_ALLOC freed 1957K, 32% free 8443K/12404K, paused 3ms, total 4ms
02-03 10:47:57.861 D/dalvikvm( 2070): GC_FOR_ALLOC freed 1966K, 32% free 8445K/12404K, paused 4ms, total 4ms
02-03 10:47:57.871 D/dalvikvm( 2070): GC_FOR_ALLOC freed 1976K, 32% free 8447K/12404K, paused 4ms, total 4ms
02-03 10:47:57.881 D/dalvikvm( 2070): GC_FOR_ALLOC freed 1985K, 32% free 8450K/12404K, paused 3ms, total 3ms
02-03 10:47:57.881 D/dalvikvm( 2070): GC_FOR_ALLOC freed 1994K, 32% free 8452K/12404K, paused 4ms, total 4ms
02-03 10:47:57.891 D/dalvikvm( 2070): GC_FOR_ALLOC freed 2487K, 36% free 8165K/12596K, paused 3ms, total 3ms
02-03 10:47:57.891 D/dalvikvm( 2070): GC_FOR_ALLOC freed 2208K, 33% free 8453K/12596K, paused 3ms, total 3ms
02-03 10:47:57.901 D/dalvikvm( 2070): GC_FOR_ALLOC freed 2514K, 36% free 8163K/12596K, paused 5ms, total 5ms
02-03 10:47:57.901 D/dalvikvm( 2070): GC_FOR_ALLOC freed 2232K, 33% free 8454K/12596K, paused 4ms, total 4ms
02-03 10:47:57.911 D/dalvikvm( 2070): GC_FOR_ALLOC freed 2541K, 36% free 8161K/12596K, paused 4ms, total 4ms
02-03 10:47:57.911 D/dalvikvm( 2070): GC_FOR_ALLOC freed 2256K, 33% free 8456K/12596K, paused 3ms, total 3ms
02-03 10:47:57.921 D/dalvikvm( 2070): GC_FOR_ALLOC freed 2568K, 36% free 8159K/12596K, paused 3ms, total 3ms
02-03 10:47:57.921 D/dalvikvm( 2070): GC_FOR_ALLOC freed 2280K, 33% free 8457K/12596K, paused 4ms, total 4ms
02-03 10:47:57.931 D/dalvikvm( 2070): GC_FOR_ALLOC freed 2595K, 36% free 8157K/12596K, paused 4ms, total 4ms
02-03 10:47:57.931 D/dalvikvm( 2070): GC_FOR_ALLOC freed 2304K, 33% free 8458K/12596K, paused 4ms, total 4ms
02-03 10:47:57.941 D/dalvikvm( 2070): GC_FOR_ALLOC freed 2114K, 33% free 8460K/12596K, paused 3ms, total 3ms
02-03 10:47:57.941 D/dalvikvm( 2070): GC_FOR_ALLOC freed 2123K, 35% free 8260K/12596K, paused 3ms, total 3ms
02-03 10:47:57.951 D/dalvikvm( 2070): GC_FOR_ALLOC freed 2132K, 35% free 8262K/12596K, paused 4ms, total 4ms
02-03 10:47:57.951 D/dalvikvm( 2070): GC_FOR_ALLOC freed 2142K, 35% free 8263K/12596K, paused 3ms, total 3ms
02-03 10:47:57.961 D/dalvikvm( 2070): GC_FOR_ALLOC freed 2152K, 35% free 8264K/12596K, paused 3ms, total 3ms
02-03 10:47:57.961 D/dalvikvm( 2070): GC_FOR_ALLOC freed 2162K, 35% free 8266K/12596K, paused 5ms, total 5ms
02-03 10:47:57.971 D/dalvikvm( 2070): GC_FOR_ALLOC freed 2338K, 36% free 8178K/12596K, paused 4ms, total 4ms
02-03 10:47:57.981 D/dalvikvm( 2070): GC_FOR_ALLOC freed 1981K, 35% free 8289K/12596K, paused 3ms, total 3ms
02-03 10:47:57.981 D/dalvikvm( 2070): GC_FOR_ALLOC freed 2104K, 36% free 8178K/12596K, paused 5ms, total 5ms
02-03 10:47:58.021 D/dalvikvm( 2070): GC_FOR_ALLOC freed 852K, 40% free 7659K/12596K, paused 3ms, total 3ms
02-03 10:47:58.021 D/dalvikvm( 2070): GC_FOR_ALLOC freed 4K, 32% free 8679K/12596K, paused 3ms, total 3ms
02-03 10:47:58.031 I/dalvikvm-heap( 2070): Grow heap (frag case) to 9.519MB for 1048592-byte allocation
02-03 10:47:58.031 D/dalvikvm( 2070): GC_FOR_ALLOC freed 4K, 29% free 9699K/13624K, paused 2ms, total 2ms
02-03 10:47:58.031 D/dalvikvm( 2070): GC_FOR_ALLOC freed <1K, 29% free 9699K/13624K, paused 2ms, total 2ms
02-03 10:47:58.031 I/dalvikvm-heap( 2070): Grow heap (frag case) to 10.515MB for 1048592-byte allocation
02-03 10:47:58.031 D/dalvikvm( 2070): GC_FOR_ALLOC freed 0K, 27% free 10723K/14652K, paused 2ms, total 2ms
02-03 10:47:58.391 D/dalvikvm( 2070): GC_CONCURRENT freed 6744K, 46% free 8036K/14860K, paused 0ms+2ms, total 19ms
02-03 10:47:58.391 D/dalvikvm( 2070): WAIT_FOR_CONCURRENT_GC blocked 18ms
02-03 10:47:58.401 D/dalvikvm( 2070): GC_CONCURRENT freed 3985K, 35% free 8126K/12416K, paused 3ms+1ms, total 9ms
02-03 10:47:58.401 D/dalvikvm( 2070): WAIT_FOR_CONCURRENT_GC blocked 6ms
02-03 10:47:58.411 D/dalvikvm( 2070): GC_FOR_ALLOC freed 3767K, 35% free 8087K/12416K, paused 3ms, total 3ms
02-03 10:47:58.421 D/dalvikvm( 2070): GC_FOR_ALLOC freed 3619K, 35% free 8093K/12416K, paused 4ms, total 4ms
02-03 10:47:58.421 D/dalvikvm( 2070): GC_FOR_ALLOC freed 3481K, 36% free 8048K/12416K, paused 3ms, total 3ms
02-03 10:47:58.431 D/dalvikvm( 2070): GC_FOR_ALLOC freed 3266K, 35% free 8107K/12416K, paused 3ms, total 3ms
02-03 10:47:58.431 D/dalvikvm( 2070): GC_FOR_ALLOC freed 3241K, 36% free 8046K/12416K, paused 3ms, total 3ms
02-03 10:47:58.441 D/dalvikvm( 2070): GC_FOR_ALLOC freed 3121K, 35% free 8076K/12416K, paused 3ms, total 3ms
02-03 10:47:58.451 D/dalvikvm( 2070): GC_FOR_ALLOC freed 3160K, 36% free 8038K/12416K, paused 4ms, total 4ms
02-03 10:47:58.451 D/dalvikvm( 2070): GC_FOR_ALLOC freed 3134K, 36% free 8037K/12416K, paused 4ms, total 4ms
02-03 10:47:58.461 D/dalvikvm( 2070): GC_FOR_ALLOC freed 3085K, 35% free 8076K/12416K, paused 4ms, total 4ms
02-03 10:47:58.461 D/dalvikvm( 2070): GC_FOR_ALLOC freed 3138K, 35% free 8109K/12416K, paused 5ms, total 5ms
02-03 10:47:58.471 D/dalvikvm( 2070): GC_FOR_ALLOC freed 2969K, 35% free 8110K/12416K, paused 4ms, total 4ms
02-03 10:47:58.481 D/dalvikvm( 2070): GC_FOR_ALLOC freed 2985K, 36% free 8066K/12416K, paused 3ms, total 3ms
02-03 10:47:58.481 D/dalvikvm( 2070): GC_FOR_ALLOC freed 2853K, 36% free 8065K/12416K, paused 5ms, total 5ms
02-03 10:47:58.491 D/dalvikvm( 2070): GC_FOR_ALLOC freed 2938K, 36% free 8064K/12416K, paused 3ms, total 4ms
02-03 10:47:58.501 D/dalvikvm( 2070): GC_FOR_ALLOC freed 3023K, 36% free 8062K/12416K, paused 4ms, total 4ms
02-03 10:47:58.501 D/dalvikvm( 2070): GC_FOR_ALLOC freed 2758K, 36% free 8061K/12416K, paused 4ms, total 4ms
02-03 10:47:58.511 D/dalvikvm( 2070): GC_FOR_ALLOC freed 2825K, 36% free 8059K/12416K, paused 3ms, total 4ms
02-03 10:47:58.511 D/dalvikvm( 2070): GC_FOR_ALLOC freed 2892K, 35% free 8089K/12416K, paused 3ms, total 4ms
02-03 10:47:58.521 D/dalvikvm( 2070): GC_FOR_ALLOC freed 2692K, 34% free 8246K/12416K, paused 3ms, total 4ms
02-03 10:47:58.531 D/dalvikvm( 2070): GC_FOR_ALLOC freed 2912K, 35% free 8086K/12416K, paused 3ms, total 3ms
02-03 10:47:58.531 D/dalvikvm( 2070): GC_FOR_ALLOC freed 2806K, 35% free 8139K/12416K, paused 3ms, total 4ms
02-03 10:47:58.541 D/dalvikvm( 2070): GC_FOR_ALLOC freed 2749K, 35% free 8138K/12416K, paused 3ms, total 3ms
02-03 10:47:58.541 D/dalvikvm( 2070): GC_FOR_ALLOC freed 2686K, 35% free 8080K/12416K, paused 4ms, total 4ms
02-03 10:47:58.551 D/dalvikvm( 2070): GC_FOR_ALLOC freed 2556K, 35% free 8136K/12416K, paused 5ms, total 5ms
02-03 10:47:58.561 D/dalvikvm( 2070): GC_FOR_ALLOC freed 2479K, 35% free 8134K/12416K, paused 3ms, total 3ms
02-03 10:47:58.561 D/dalvikvm( 2070): GC_FOR_ALLOC freed 2517K, 35% free 8165K/12416K, paused 4ms, total 4ms
02-03 10:47:58.571 D/dalvikvm( 2070): GC_FOR_ALLOC freed 2433K, 35% free 8103K/12416K, paused 5ms, total 5ms
02-03 10:47:58.571 D/dalvikvm( 2070): GC_FOR_ALLOC freed 2590K, 35% free 8101K/12416K, paused 3ms, total 3ms
02-03 10:47:58.581 D/AndroidRuntime( 6346): 
02-03 10:47:58.581 D/AndroidRuntime( 6346): >>>>>> AndroidRuntime START com.android.internal.os.RuntimeInit <<<<<<
02-03 10:47:58.581 D/AndroidRuntime( 6346): CheckJNI is OFF
02-03 10:47:58.581 I/AndroidRuntime( 6346): Kernel Release Version: 3.10.20-g25181e8-dirty
02-03 10:47:58.581 I/dalvikvm( 6346): No library specified. The standard exception handler will be used
02-03 10:47:58.581 D/dalvikvm( 2070): GC_FOR_ALLOC freed 2628K, 35% free 8099K/12416K, paused 4ms, total 4ms
02-03 10:47:58.591 D/dalvikvm( 2070): GC_FOR_ALLOC freed 2666K, 35% free 8097K/12416K, paused 3ms, total 3ms
02-03 10:47:58.591 D/dalvikvm( 2070): GC_FOR_ALLOC freed 2380K, 35% free 8158K/12416K, paused 3ms, total 3ms
02-03 10:47:58.601 D/dalvikvm( 2070): GC_FOR_ALLOC freed 2278K, 35% free 8156K/12416K, paused 3ms, total 3ms
02-03 10:47:58.601 D/dalvikvm( 2070): GC_FOR_ALLOC freed 2305K, 35% free 8155K/12416K, paused 3ms, total 3ms
02-03 10:47:58.611 D/dalvikvm( 2070): GC_FOR_ALLOC freed 2331K, 35% free 8185K/12416K, paused 4ms, total 4ms
02-03 10:47:58.611 D/dalvikvm( 2070): GC_FOR_ALLOC freed 2222K, 35% free 8116K/12416K, paused 3ms, total 3ms
02-03 10:47:58.621 I/dalvikvm( 6346): 
02-03 10:47:58.621 I/dalvikvm( 6346): +++++++++++++ Using PCG. +++++++++++++++++++++
02-03 10:47:58.621 D/dalvikvm( 2070): GC_FOR_ALLOC freed 2382K, 35% free 8114K/12416K, paused 3ms, total 4ms
02-03 10:47:58.621 D/dalvikvm( 2070): GC_FOR_ALLOC freed 2408K, 35% free 8111K/12416K, paused 3ms, total 3ms
02-03 10:47:58.631 D/dalvikvm( 6346): Trying to load lib libjavacore.so 0x0
02-03 10:47:58.631 D/dalvikvm( 2070): GC_FOR_ALLOC freed 2434K, 35% free 8109K/12416K, paused 4ms, total 4ms
02-03 10:47:58.631 D/dalvikvm( 6346): Added shared lib libjavacore.so 0x0
02-03 10:47:58.631 D/dalvikvm( 6346): Trying to load lib libnativehelper.so 0x0
02-03 10:47:58.631 D/dalvikvm( 6346): Added shared lib libnativehelper.so 0x0
02-03 10:47:58.631 D/dalvikvm( 6346): No JNI_OnLoad found in libnativehelper.so 0x0, skipping init
02-03 10:47:58.631 D/dalvikvm( 2070): GC_FOR_ALLOC freed 2460K, 35% free 8106K/12416K, paused 4ms, total 4ms
02-03 10:47:58.641 D/dalvikvm( 2070): GC_FOR_ALLOC freed 2486K, 35% free 8104K/12416K, paused 3ms, total 3ms
02-03 10:47:58.641 D/dalvikvm( 6346): Extra Options: not specified
02-03 10:47:58.641 D/dalvikvm( 2070): GC_FOR_ALLOC freed 2152K, 34% free 8316K/12416K, paused 4ms, total 4ms
02-03 10:47:58.651 D/dalvikvm( 2070): GC_FOR_ALLOC freed 2390K, 35% free 8130K/12416K, paused 5ms, total 5ms
02-03 10:47:58.661 D/dalvikvm( 2070): GC_FOR_ALLOC freed 2192K, 33% free 8346K/12416K, paused 3ms, total 4ms
02-03 10:47:58.661 D/dalvikvm( 6346): Note: class Landroid/app/ActivityManagerNative; has 186 unimplemented (abstract) methods
02-03 10:47:58.661 D/dalvikvm( 2070): GC_FOR_ALLOC freed 2434K, 35% free 8125K/12416K, paused 3ms, total 3ms
02-03 10:47:58.671 D/dalvikvm( 2070): GC_FOR_ALLOC freed 2233K, 33% free 8345K/12416K, paused 3ms, total 4ms
02-03 10:47:58.671 D/dalvikvm( 2070): GC_FOR_ALLOC freed 2478K, 35% free 8120K/12416K, paused 3ms, total 4ms
02-03 10:47:58.681 D/dalvikvm( 2070): GC_FOR_ALLOC freed 2273K, 35% free 8192K/12416K, paused 3ms, total 3ms
02-03 10:47:58.691 D/dalvikvm( 2070): GC_FOR_ALLOC freed 2523K, 35% free 8114K/12416K, paused 4ms, total 4ms
02-03 10:47:58.691 D/dalvikvm( 2070): GC_FOR_ALLOC freed 2159K, 35% free 8112K/12416K, paused 3ms, total 3ms
02-03 10:47:58.701 D/dalvikvm( 2070): GC_FOR_ALLOC freed 2176K, 35% free 8141K/12416K, paused 4ms, total 4ms
02-03 10:47:58.701 D/dalvikvm( 2070): GC_FOR_ALLOC freed 2193K, 35% free 8138K/12416K, paused 3ms, total 3ms
02-03 10:47:58.711 D/dalvikvm( 2070): GC_FOR_ALLOC freed 2209K, 35% free 8135K/12416K, paused 3ms, total 4ms
02-03 10:47:58.711 D/dalvikvm( 2070): GC_FOR_ALLOC freed 2226K, 35% free 8132K/12416K, paused 4ms, total 4ms
02-03 10:47:58.721 D/dalvikvm( 2070): GC_FOR_ALLOC freed 2243K, 35% free 8130K/12416K, paused 3ms, total 3ms
02-03 10:47:58.721 D/dalvikvm( 2070): GC_FOR_ALLOC freed 2262K, 35% free 8127K/12416K, paused 3ms, total 3ms
02-03 10:47:58.731 D/dalvikvm( 2070): GC_FOR_ALLOC freed 2279K, 35% free 8124K/12416K, paused 4ms, total 4ms
02-03 10:47:58.731 D/dalvikvm( 2070): GC_FOR_ALLOC freed 2297K, 35% free 8122K/12416K, paused 3ms, total 3ms
02-03 10:47:58.741 D/dalvikvm( 2070): GC_FOR_ALLOC freed 2314K, 35% free 8151K/12416K, paused 3ms, total 3ms
02-03 10:47:58.741 D/dalvikvm( 2070): GC_FOR_ALLOC freed 1910K, 33% free 8401K/12416K, paused 3ms, total 3ms
02-03 10:47:58.751 D/dalvikvm( 2070): GC_FOR_ALLOC freed 2180K, 35% free 8149K/12416K, paused 3ms, total 3ms
02-03 10:47:58.751 E/memtrack( 6346): Couldn't load memtrack module (No such file or directory)
02-03 10:47:58.751 E/android.os.Debug( 6346): failed to load memtrack module: -2
02-03 10:47:58.751 D/dalvikvm( 2070): GC_FOR_ALLOC freed 1936K, 33% free 8402K/12416K, paused 3ms, total 3ms
02-03 10:47:58.761 D/dalvikvm( 2070): GC_FOR_ALLOC freed 1778K, 33% free 8404K/12416K, paused 3ms, total 3ms
02-03 10:47:58.761 D/dalvikvm( 2070): GC_FOR_ALLOC freed 1787K, 33% free 8407K/12416K, paused 4ms, total 4ms
02-03 10:47:58.771 D/dalvikvm( 2070): GC_FOR_ALLOC freed 1797K, 33% free 8409K/12416K, paused 3ms, total 3ms
02-03 10:47:58.771 D/dalvikvm( 2070): GC_FOR_ALLOC freed 1806K, 33% free 8411K/12416K, paused 4ms, total 4ms
02-03 10:47:58.781 D/dalvikvm( 2070): GC_FOR_ALLOC freed 1815K, 33% free 8413K/12416K, paused 3ms, total 3ms
02-03 10:47:58.781 D/dalvikvm( 2070): GC_FOR_ALLOC freed 1825K, 33% free 8416K/12416K, paused 3ms, total 3ms
02-03 10:47:58.791 D/dalvikvm( 2070): GC_FOR_ALLOC freed 1834K, 33% free 8418K/12416K, paused 3ms, total 3ms
02-03 10:47:58.791 D/AndroidRuntime( 6346): Calling main entry com.android.commands.am.Am
02-03 10:47:58.791 D/dalvikvm( 2070): GC_FOR_ALLOC freed 1844K, 33% free 8420K/12416K, paused 3ms, total 3ms
02-03 10:47:58.801 D/dalvikvm( 2070): GC_FOR_ALLOC freed 1853K, 33% free 8422K/12416K, paused 3ms, total 3ms
02-03 10:47:58.801 D/dalvikvm( 2070): GC_FOR_ALLOC freed 1863K, 33% free 8424K/12416K, paused 4ms, total 4ms
02-03 10:47:58.811 D/dalvikvm( 2070): GC_FOR_ALLOC freed 1872K, 33% free 8427K/12416K, paused 3ms, total 3ms
02-03 10:47:58.811 D/dalvikvm( 2070): GC_FOR_ALLOC freed 1881K, 33% free 8429K/12416K, paused 3ms, total 3ms
02-03 10:47:58.811 I/ActivityManager(  547): Force stopping org.xwalk.webapi_noneservice_tests appid=11605 user=0: from pid 6346
02-03 10:47:58.821 D/AndroidRuntime( 6346): Shutting down VM
02-03 10:47:58.821 D/dalvikvm( 2070): GC_FOR_ALLOC freed 1891K, 33% free 8431K/12416K, paused 6ms, total 6ms
02-03 10:47:58.821 D/dalvikvm( 6346): GC_CONCURRENT freed 112K, 16% free 666K/792K, paused 0ms+0ms, total 1ms
02-03 10:47:58.821 D/dalvikvm( 2070): GC_FOR_ALLOC freed 1900K, 33% free 8433K/12416K, paused 3ms, total 3ms
02-03 10:47:58.831 D/dalvikvm( 6346): Compiler shutdown in progress - discarding request
02-03 10:47:58.831 D/dalvikvm( 6346): Compiler shutdown in progress - discarding request
02-03 10:47:58.831 D/dalvikvm( 6346): Compiler shutdown in progress - discarding request
02-03 10:47:58.831 D/dalvikvm( 6346): Compiler shutdown in progress - discarding request
02-03 10:47:58.831 D/dalvikvm( 6346): Compiler shutdown in progress - discarding request
02-03 10:47:58.831 D/dalvikvm( 6346): Compiler shutdown in progress - discarding request
02-03 10:47:58.831 D/dalvikvm( 6346): Compiler shutdown in progress - discarding request
02-03 10:47:58.831 D/dalvikvm( 6346): Compiler shutdown in progress - discarding request
02-03 10:47:58.831 D/dalvikvm( 6346): Compiler shutdown in progress - discarding request
02-03 10:47:58.831 D/dalvikvm( 6346): Compiler shutdown in progress - discarding request
02-03 10:47:58.831 D/dalvikvm( 6346): Compiler shutdown in progress - discarding request
02-03 10:47:58.831 D/dalvikvm( 6346): Compiler shutdown in progress - discarding request
02-03 10:47:58.831 D/dalvikvm( 6346): Compiler shutdown in progress - discarding request
02-03 10:47:58.831 D/dalvikvm( 6346): Compiler shutdown in progress - discarding request
02-03 10:47:58.831 D/dalvikvm( 6346): Compiler shutdown in progress - discarding request
02-03 10:47:58.831 D/dalvikvm( 6346): Compiler shutdown in progress - discarding request
02-03 10:47:58.831 D/dalvikvm( 6346): Compiler shutdown in progress - discarding request
02-03 10:47:58.831 D/dalvikvm( 6346): Compiler shutdown in progress - discarding request
02-03 10:47:58.831 D/dalvikvm( 6346): Compiler shutdown in progress - discarding request
02-03 10:47:58.831 D/dalvikvm( 6346): Compiler shutdown in progress - discarding request
02-03 10:47:58.831 D/dalvikvm( 6346): Compiler shutdown in progress - discarding request
02-03 10:47:58.831 D/dalvikvm( 6346): Compiler shutdown in progress - discarding request
02-03 10:47:58.831 D/dalvikvm( 2070): GC_FOR_ALLOC freed 1910K, 33% free 8436K/12416K, paused 5ms, total 5ms
02-03 10:47:58.831 D/dalvikvm( 6346): Compiler shutdown in progress - discarding request
02-03 10:47:58.831 D/dalvikvm( 6346): Compiler shutdown in progress - discarding request
02-03 10:47:58.831 D/dalvikvm( 6346): Compiler shutdown in progress - discarding request
02-03 10:47:58.831 D/dalvikvm( 6346): Compiler shutdown in progress - discarding request
02-03 10:47:58.831 D/dalvikvm( 6346): Compiler shutdown in progress - discarding request
02-03 10:47:58.831 D/dalvikvm( 6346): Compiler shutdown in progress - discarding request
02-03 10:47:58.831 D/dalvikvm( 6346): Compiler shutdown in progress - discarding request
02-03 10:47:58.831 D/dalvikvm( 6346): Compiler shutdown in progress - discarding request
02-03 10:47:58.831 D/dalvikvm( 6346): Compiler shutdown in progress - discarding request
02-03 10:47:58.831 D/dalvikvm( 6346): Compiler shutdown in progress - discarding request
02-03 10:47:58.831 D/dalvikvm( 6346): Compiler shutdown in progress - discarding request
02-03 10:47:58.831 D/dalvikvm( 6346): Compiler shutdown in progress - discarding request
02-03 10:47:58.831 D/dalvikvm( 6346): Compiler shutdown in progress - discarding request
02-03 10:47:58.831 D/dalvikvm( 6346): Compiler shutdown in progress - discarding request
02-03 10:47:58.831 D/dalvikvm( 6346): Compiler shutdown in progress - discarding request
02-03 10:47:58.831 D/dalvikvm( 6346): Compiler shutdown in progress - discarding request
02-03 10:47:58.831 D/dalvikvm( 6346): Compiler shutdown in progress - discarding request
02-03 10:47:58.831 D/dalvikvm( 6346): Compiler shutdown in progress - discarding request
02-03 10:47:58.831 D/dalvikvm( 6346): Compiler shutdown in progress - discarding request
02-03 10:47:58.831 D/dalvikvm( 6346): Compiler shutdown in progress - discarding request
02-03 10:47:58.831 D/dalvikvm( 6346): Compiler shutdown in progress - discarding request
02-03 10:47:58.831 D/dalvikvm( 6346): Compiler shutdown in progress - discarding request
02-03 10:47:58.831 D/dalvikvm( 6346): Compiler shutdown in progress - discarding request
02-03 10:47:58.831 D/dalvikvm( 6346): Compiler shutdown in progress - discarding request
02-03 10:47:58.831 D/dalvikvm( 2070): GC_FOR_ALLOC freed 1919K, 33% free 8438K/12416K, paused 3ms, total 3ms
02-03 10:47:58.841 D/dalvikvm( 2070): GC_FOR_ALLOC freed 1928K, 33% free 8440K/12416K, paused 3ms, total 3ms
02-03 10:47:58.851 D/dalvikvm( 2070): GC_FOR_ALLOC freed 1938K, 32% free 8442K/12416K, paused 4ms, total 5ms
02-03 10:47:58.851 D/dalvikvm( 2070): GC_FOR_ALLOC freed 1947K, 32% free 8445K/12416K, paused 3ms, total 3ms
02-03 10:47:58.861 D/dalvikvm( 2070): GC_FOR_ALLOC freed 1957K, 32% free 8447K/12416K, paused 3ms, total 3ms
02-03 10:47:58.861 D/dalvikvm( 2070): GC_FOR_ALLOC freed 1966K, 32% free 8449K/12416K, paused 4ms, total 4ms
02-03 10:47:58.861 D/dalvikvm( 2070): GC_FOR_ALLOC freed 1976K, 32% free 8451K/12416K, paused 3ms, total 3ms
02-03 10:47:58.871 D/dalvikvm( 2070): GC_FOR_ALLOC freed 1985K, 32% free 8454K/12416K, paused 3ms, total 3ms
02-03 10:47:58.871 D/dalvikvm( 2070): GC_FOR_ALLOC freed 1994K, 32% free 8456K/12416K, paused 3ms, total 3ms
02-03 10:47:58.881 D/dalvikvm( 2070): GC_FOR_ALLOC freed 2004K, 32% free 8458K/12416K, paused 3ms, total 3ms
02-03 10:47:58.881 D/dalvikvm( 2070): GC_FOR_ALLOC freed 2013K, 32% free 8460K/12416K, paused 4ms, total 4ms
02-03 10:47:58.891 D/dalvikvm( 2070): GC_FOR_ALLOC freed 2023K, 32% free 8463K/12416K, paused 3ms, total 3ms
02-03 10:47:58.891 D/dalvikvm( 2070): GC_FOR_ALLOC freed 2032K, 32% free 8465K/12416K, paused 3ms, total 4ms
02-03 10:47:58.901 D/dalvikvm( 2070): GC_FOR_ALLOC freed 2041K, 32% free 8467K/12416K, paused 4ms, total 4ms
02-03 10:47:58.901 D/dalvikvm( 2070): GC_FOR_ALLOC freed 2051K, 32% free 8469K/12416K, paused 3ms, total 3ms
02-03 10:47:58.911 D/dalvikvm( 2070): GC_FOR_ALLOC freed 2060K, 32% free 8472K/12416K, paused 3ms, total 4ms
02-03 10:47:58.911 D/dalvikvm( 2070): GC_FOR_ALLOC freed 2568K, 36% free 8175K/12616K, paused 3ms, total 3ms
02-03 10:47:58.921 D/dalvikvm( 2070): GC_FOR_ALLOC freed 2280K, 33% free 8473K/12616K, paused 3ms, total 3ms
02-03 10:47:58.921 D/dalvikvm( 2070): GC_FOR_ALLOC freed 2595K, 36% free 8173K/12616K, paused 3ms, total 3ms
02-03 10:47:58.931 D/dalvikvm( 2070): GC_FOR_ALLOC freed 2304K, 33% free 8474K/12616K, paused 3ms, total 3ms
02-03 10:47:58.931 D/dalvikvm( 2070): GC_FOR_ALLOC freed 2623K, 36% free 8171K/12616K, paused 3ms, total 3ms
02-03 10:47:58.941 D/dalvikvm( 2070): GC_FOR_ALLOC freed 2328K, 35% free 8273K/12616K, paused 4ms, total 4ms
02-03 10:47:58.941 D/dalvikvm( 2070): GC_FOR_ALLOC freed 2136K, 35% free 8274K/12616K, paused 3ms, total 3ms
02-03 10:47:58.951 D/dalvikvm( 2070): GC_FOR_ALLOC freed 2146K, 35% free 8276K/12616K, paused 3ms, total 3ms
02-03 10:47:58.951 D/dalvikvm( 2070): GC_FOR_ALLOC freed 2155K, 35% free 8277K/12616K, paused 3ms, total 3ms
02-03 10:47:58.961 D/dalvikvm( 2070): GC_FOR_ALLOC freed 2193K, 36% free 8175K/12616K, paused 3ms, total 3ms
02-03 10:47:58.961 D/dalvikvm( 2070): GC_FOR_ALLOC freed 2560K, 36% free 8170K/12616K, paused 4ms, total 4ms
02-03 10:47:58.971 D/dalvikvm( 2070): GC_FOR_ALLOC freed 1771K, 35% free 8281K/12616K, paused 3ms, total 4ms
02-03 10:47:58.971 D/dalvikvm( 2070): GC_FOR_ALLOC freed 2181K, 40% free 7651K/12616K, paused 3ms, total 3ms
02-03 10:47:58.981 D/dalvikvm( 2070): GC_FOR_ALLOC freed 4K, 32% free 8671K/12616K, paused 2ms, total 2ms
02-03 10:47:58.981 I/dalvikvm-heap( 2070): Grow heap (frag case) to 9.511MB for 1048592-byte allocation
02-03 10:47:58.981 D/dalvikvm( 2070): GC_FOR_ALLOC freed 4K, 29% free 9691K/13644K, paused 3ms, total 3ms
02-03 10:47:58.981 D/dalvikvm( 2070): GC_FOR_ALLOC freed <1K, 29% free 9691K/13644K, paused 2ms, total 2ms
02-03 10:47:58.991 I/dalvikvm-heap( 2070): Grow heap (frag case) to 10.507MB for 1048592-byte allocation
02-03 10:47:58.991 D/dalvikvm( 2070): GC_FOR_ALLOC freed 0K, 27% free 10715K/14672K, paused 2ms, total 2ms
02-03 10:47:59.251 D/AndroidRuntime( 6357): 
02-03 10:47:59.251 D/AndroidRuntime( 6357): >>>>>> AndroidRuntime START com.android.internal.os.RuntimeInit <<<<<<
02-03 10:47:59.251 D/AndroidRuntime( 6357): CheckJNI is OFF
02-03 10:47:59.251 I/AndroidRuntime( 6357): Kernel Release Version: 3.10.20-g25181e8-dirty
02-03 10:47:59.251 I/dalvikvm( 6357): No library specified. The standard exception handler will be used
02-03 10:47:59.251 I/dalvikvm( 6357): 
02-03 10:47:59.251 I/dalvikvm( 6357): +++++++++++++ Using PCG. +++++++++++++++++++++
02-03 10:47:59.261 D/dalvikvm( 6357): Trying to load lib libjavacore.so 0x0
02-03 10:47:59.261 D/dalvikvm( 6357): Added shared lib libjavacore.so 0x0
02-03 10:47:59.271 D/dalvikvm( 6357): Trying to load lib libnativehelper.so 0x0
02-03 10:47:59.271 D/dalvikvm( 6357): Added shared lib libnativehelper.so 0x0
02-03 10:47:59.271 D/dalvikvm( 6357): No JNI_OnLoad found in libnativehelper.so 0x0, skipping init
02-03 10:47:59.271 D/dalvikvm( 6357): Extra Options: not specified
02-03 10:47:59.301 D/dalvikvm( 6357): Note: class Landroid/app/ActivityManagerNative; has 186 unimplemented (abstract) methods
02-03 10:47:59.351 D/dalvikvm( 2070): GC_CONCURRENT freed 6761K, 47% free 8023K/14860K, paused 1ms+1ms, total 17ms
02-03 10:47:59.351 D/dalvikvm( 2070): WAIT_FOR_CONCURRENT_GC blocked 12ms
02-03 10:47:59.361 D/dalvikvm( 2070): GC_CONCURRENT freed 4025K, 35% free 8074K/12312K, paused 1ms+1ms, total 5ms
02-03 10:47:59.361 D/dalvikvm( 2070): WAIT_FOR_CONCURRENT_GC blocked 4ms
02-03 10:47:59.361 D/dalvikvm( 2070): GC_FOR_ALLOC freed 3678K, 35% free 8022K/12312K, paused 4ms, total 4ms
02-03 10:47:59.371 D/dalvikvm( 2070): GC_FOR_ALLOC freed 3491K, 35% free 8040K/12312K, paused 3ms, total 3ms
02-03 10:47:59.381 D/dalvikvm( 2070): GC_FOR_ALLOC freed 3262K, 35% free 8098K/12312K, paused 3ms, total 3ms
02-03 10:47:59.381 E/memtrack( 6357): Couldn't load memtrack module (No such file or directory)
02-03 10:47:59.381 E/android.os.Debug( 6357): failed to load memtrack module: -2
02-03 10:47:59.381 D/dalvikvm( 2070): GC_FOR_ALLOC freed 3232K, 34% free 8134K/12312K, paused 4ms, total 4ms
02-03 10:47:59.391 D/dalvikvm( 2070): GC_FOR_ALLOC freed 3049K, 34% free 8136K/12312K, paused 3ms, total 3ms
02-03 10:47:59.401 D/dalvikvm( 2070): GC_FOR_ALLOC freed 3015K, 34% free 8138K/12312K, paused 3ms, total 3ms
02-03 10:47:59.401 D/dalvikvm( 2070): GC_FOR_ALLOC freed 2937K, 34% free 8143K/12312K, paused 4ms, total 4ms
02-03 10:47:59.411 D/dalvikvm( 2070): GC_FOR_ALLOC freed 3087K, 35% free 8073K/12312K, paused 4ms, total 4ms
02-03 10:47:59.421 D/dalvikvm( 2070): GC_FOR_ALLOC freed 2963K, 34% free 8152K/12312K, paused 4ms, total 4ms
02-03 10:47:59.421 D/AndroidRuntime( 6357): Calling main entry com.android.commands.am.Am
02-03 10:47:59.421 D/dalvikvm( 2070): GC_FOR_ALLOC freed 3090K, 35% free 8107K/12312K, paused 4ms, total 4ms
02-03 10:47:59.431 D/dalvikvm( 2070): GC_FOR_ALLOC freed 2841K, 35% free 8066K/12312K, paused 4ms, total 4ms
02-03 10:47:59.431 D/dalvikvm( 2070): GC_FOR_ALLOC freed 2809K, 34% free 8195K/12312K, paused 4ms, total 4ms
02-03 10:47:59.441 D/dalvikvm( 2070): GC_FOR_ALLOC freed 2719K, 35% free 8063K/12312K, paused 4ms, total 4ms
02-03 10:47:59.451 D/dalvikvm( 2070): GC_FOR_ALLOC freed 2658K, 34% free 8200K/12312K, paused 4ms, total 4ms
02-03 10:47:59.451 D/dalvikvm( 2070): GC_FOR_ALLOC freed 2874K, 35% free 8060K/12312K, paused 4ms, total 4ms
02-03 10:47:59.461 D/dalvikvm( 2070): GC_FOR_ALLOC freed 2806K, 35% free 8107K/12312K, paused 3ms, total 4ms
02-03 10:47:59.461 D/AndroidRuntime( 6357): Shutting down VM
02-03 10:47:59.461 D/dalvikvm( 2070): GC_FOR_ALLOC freed 2777K, 35% free 8107K/12312K, paused 3ms, total 3ms
02-03 10:47:59.461 D/dalvikvm( 6357): GC_CONCURRENT freed 117K, 17% free 669K/800K, paused 0ms+0ms, total 1ms
02-03 10:47:59.461 I/ActivityManager(  547): START u0 {flg=0x10000000 cmp=org.xwalk.webapi_noneservice_tests/.webapi_noneservice_testsActivity} from pid 6357
02-03 10:47:59.471 D/dalvikvm( 6357): Compiler shutdown in progress - discarding request
02-03 10:47:59.471 D/dalvikvm( 6357): Compiler shutdown in progress - discarding request
02-03 10:47:59.471 D/dalvikvm( 6357): Compiler shutdown in progress - discarding request
02-03 10:47:59.471 D/dalvikvm( 6357): Compiler shutdown in progress - discarding request
02-03 10:47:59.471 D/dalvikvm( 6357): Compiler shutdown in progress - discarding request
02-03 10:47:59.471 D/dalvikvm( 6357): Compiler shutdown in progress - discarding request
02-03 10:47:59.471 D/dalvikvm( 6357): Compiler shutdown in progress - discarding request
02-03 10:47:59.471 D/dalvikvm( 6357): Compiler shutdown in progress - discarding request
02-03 10:47:59.471 D/dalvikvm( 6357): Compiler shutdown in progress - discarding request
02-03 10:47:59.471 D/dalvikvm( 6357): Compiler shutdown in progress - discarding request
02-03 10:47:59.471 D/dalvikvm( 6357): Compiler shutdown in progress - discarding request
02-03 10:47:59.471 D/dalvikvm( 6357): Compiler shutdown in progress - discarding request
02-03 10:47:59.471 D/dalvikvm( 6357): Compiler shutdown in progress - discarding request
02-03 10:47:59.471 D/dalvikvm( 6357): Compiler shutdown in progress - discarding request
02-03 10:47:59.471 D/dalvikvm( 6357): Compiler shutdown in progress - discarding request
02-03 10:47:59.471 D/dalvikvm( 6357): Compiler shutdown in progress - discarding request
02-03 10:47:59.471 D/dalvikvm( 6357): Compiler shutdown in progress - discarding request
02-03 10:47:59.471 D/dalvikvm( 6357): Compiler shutdown in progress - discarding request
02-03 10:47:59.471 D/dalvikvm( 6357): Compiler shutdown in progress - discarding request
02-03 10:47:59.471 D/dalvikvm( 6357): Compiler shutdown in progress - discarding request
02-03 10:47:59.471 D/dalvikvm( 6357): Compiler shutdown in progress - discarding request
02-03 10:47:59.471 D/dalvikvm( 6357): Compiler shutdown in progress - discarding request
02-03 10:47:59.471 D/dalvikvm( 6357): Compiler shutdown in progress - discarding request
02-03 10:47:59.471 D/dalvikvm( 6357): Compiler shutdown in progress - discarding request
02-03 10:47:59.471 D/dalvikvm( 6357): Compiler shutdown in progress - discarding request
02-03 10:47:59.471 D/dalvikvm( 6357): Compiler shutdown in progress - discarding request
02-03 10:47:59.471 D/dalvikvm( 6357): Compiler shutdown in progress - discarding request
02-03 10:47:59.471 D/dalvikvm( 6357): Compiler shutdown in progress - discarding request
02-03 10:47:59.471 D/dalvikvm( 6357): Compiler shutdown in progress - discarding request
02-03 10:47:59.471 D/dalvikvm( 6357): Compiler shutdown in progress - discarding request
02-03 10:47:59.471 D/dalvikvm( 6357): Compiler shutdown in progress - discarding request
02-03 10:47:59.471 D/dalvikvm( 6357): Compiler shutdown in progress - discarding request
02-03 10:47:59.471 D/dalvikvm( 6357): Compiler shutdown in progress - discarding request
02-03 10:47:59.471 D/dalvikvm( 6357): Compiler shutdown in progress - discarding request
02-03 10:47:59.471 D/dalvikvm( 6357): Compiler shutdown in progress - discarding request
02-03 10:47:59.471 D/dalvikvm( 6357): Compiler shutdown in progress - discarding request
02-03 10:47:59.471 D/dalvikvm( 6357): Compiler shutdown in progress - discarding request
02-03 10:47:59.471 D/dalvikvm( 6357): Compiler shutdown in progress - discarding request
02-03 10:47:59.471 D/dalvikvm( 6357): Compiler shutdown in progress - discarding request
02-03 10:47:59.471 D/dalvikvm( 6357): Compiler shutdown in progress - discarding request
02-03 10:47:59.471 D/dalvikvm( 6357): Compiler shutdown in progress - discarding request
02-03 10:47:59.471 D/dalvikvm( 6357): Compiler shutdown in progress - discarding request
02-03 10:47:59.471 D/dalvikvm( 6357): Compiler shutdown in progress - discarding request
02-03 10:47:59.471 D/dalvikvm( 6357): Compiler shutdown in progress - discarding request
02-03 10:47:59.471 D/dalvikvm( 6357): Compiler shutdown in progress - discarding request
02-03 10:47:59.471 D/dalvikvm( 6357): Compiler shutdown in progress - discarding request
02-03 10:47:59.471 D/dalvikvm( 6357): Compiler shutdown in progress - discarding request
02-03 10:47:59.471 D/dalvikvm( 6357): Compiler shutdown in progress - discarding request
02-03 10:47:59.471 D/dalvikvm( 6357): Compiler shutdown in progress - discarding request
02-03 10:47:59.471 D/dalvikvm( 6357): Compiler shutdown in progress - discarding request
02-03 10:47:59.471 D/dalvikvm( 6357): Compiler shutdown in progress - discarding request
02-03 10:47:59.471 D/dalvikvm( 6357): Compiler shutdown in progress - discarding request
02-03 10:47:59.471 D/dalvikvm( 2070): GC_FOR_ALLOC freed 2844K, 34% free 8138K/12312K, paused 4ms, total 4ms
02-03 10:47:59.471 D/dalvikvm( 2070): GC_FOR_ALLOC freed 2544K, 34% free 8242K/12312K, paused 3ms, total 3ms
02-03 10:47:59.481 D/dalvikvm( 2070): GC_FOR_ALLOC freed 2595K, 34% free 8243K/12312K, paused 3ms, total 3ms
02-03 10:47:59.491 D/dalvikvm( 2070): GC_FOR_ALLOC freed 2647K, 34% free 8136K/12312K, paused 4ms, total 4ms
02-03 10:47:59.491 D/dalvikvm( 2070): GC_FOR_ALLOC freed 2698K, 34% free 8135K/12312K, paused 3ms, total 3ms
02-03 10:47:59.501 D/dalvikvm( 2070): GC_FOR_ALLOC freed 2636K, 35% free 8078K/12312K, paused 3ms, total 3ms
02-03 10:47:59.501 D/dalvikvm( 2070): GC_FOR_ALLOC freed 2510K, 34% free 8133K/12312K, paused 3ms, total 3ms
02-03 10:47:59.511 D/dalvikvm( 2070): GC_FOR_ALLOC freed 2435K, 34% free 8248K/12312K, paused 3ms, total 3ms
02-03 10:47:59.511 D/dalvikvm( 2070): GC_FOR_ALLOC freed 2355K, 35% free 8103K/12312K, paused 3ms, total 3ms
02-03 10:47:59.521 D/dalvikvm( 2070): GC_FOR_ALLOC freed 2208K, 33% free 8280K/12312K, paused 3ms, total 3ms
02-03 10:47:59.521 D/dalvikvm( 2070): GC_FOR_ALLOC freed 2116K, 33% free 8279K/12312K, paused 3ms, total 3ms
02-03 10:47:59.531 D/dalvikvm( 2070): GC_FOR_ALLOC freed 2143K, 33% free 8279K/12312K, paused 3ms, total 3ms
02-03 10:47:59.531 D/dalvikvm( 2070): GC_FOR_ALLOC freed 2169K, 33% free 8279K/12312K, paused 3ms, total 3ms
02-03 10:47:59.531 D/dalvikvm( 2070): GC_FOR_ALLOC freed 2195K, 33% free 8279K/12312K, paused 3ms, total 3ms
02-03 10:47:59.541 D/dalvikvm( 2070): GC_FOR_ALLOC freed 2221K, 33% free 8278K/12312K, paused 3ms, total 3ms
02-03 10:47:59.541 D/dalvikvm( 2070): GC_FOR_ALLOC freed 2247K, 34% free 8150K/12312K, paused 3ms, total 3ms
02-03 10:47:59.551 D/dalvikvm( 2070): GC_FOR_ALLOC freed 2143K, 35% free 8115K/12312K, paused 3ms, total 3ms
02-03 10:47:59.551 D/dalvikvm( 2070): GC_FOR_ALLOC freed 2298K, 35% free 8113K/12312K, paused 3ms, total 3ms
02-03 10:47:59.561 D/dalvikvm( 2070): GC_FOR_ALLOC freed 1991K, 33% free 8309K/12312K, paused 3ms, total 3ms
02-03 10:47:59.561 D/dalvikvm( 2070): GC_FOR_ALLOC freed 2212K, 35% free 8108K/12312K, paused 3ms, total 3ms
02-03 10:47:59.571 D/dalvikvm( 2070): GC_FOR_ALLOC freed 2031K, 33% free 8307K/12312K, paused 3ms, total 4ms
02-03 10:47:59.571 D/dalvikvm( 2070): GC_FOR_ALLOC freed 2257K, 35% free 8102K/12312K, paused 3ms, total 3ms
02-03 10:47:59.581 D/dalvikvm( 2070): GC_FOR_ALLOC freed 2071K, 33% free 8306K/12312K, paused 3ms, total 3ms
02-03 10:47:59.581 D/dalvikvm( 2070): GC_FOR_ALLOC freed 2301K, 35% free 8097K/12312K, paused 3ms, total 3ms
02-03 10:47:59.591 D/dalvikvm( 2070): GC_FOR_ALLOC freed 2112K, 33% free 8337K/12312K, paused 3ms, total 3ms
02-03 10:47:59.591 D/dalvikvm( 2070): GC_FOR_ALLOC freed 2345K, 35% free 8124K/12312K, paused 3ms, total 3ms
02-03 10:47:59.601 D/dalvikvm( 2070): GC_FOR_ALLOC freed 2152K, 33% free 8336K/12312K, paused 4ms, total 4ms
02-03 10:47:59.601 D/dalvikvm( 2070): GC_FOR_ALLOC freed 2390K, 35% free 8118K/12312K, paused 3ms, total 3ms
02-03 10:47:59.611 D/dalvikvm( 2070): GC_FOR_ALLOC freed 2192K, 33% free 8334K/12312K, paused 3ms, total 3ms
02-03 10:47:59.611 D/dalvikvm( 2070): GC_FOR_ALLOC freed 2434K, 35% free 8113K/12312K, paused 4ms, total 4ms
02-03 10:47:59.621 D/dalvikvm( 2070): GC_FOR_ALLOC freed 2233K, 33% free 8333K/12312K, paused 3ms, total 3ms
02-03 10:47:59.621 D/dalvikvm( 2070): GC_FOR_ALLOC freed 2478K, 35% free 8108K/12464K, paused 3ms, total 3ms
02-03 10:47:59.631 D/dalvikvm( 2070): GC_FOR_ALLOC freed 2121K, 35% free 8137K/12464K, paused 3ms, total 3ms
02-03 10:47:59.631 D/dalvikvm( 2070): GC_FOR_ALLOC freed 2138K, 35% free 8134K/12464K, paused 3ms, total 4ms
02-03 10:47:59.641 D/dalvikvm( 2070): GC_FOR_ALLOC freed 2155K, 35% free 8131K/12464K, paused 4ms, total 4ms
02-03 10:47:59.641 D/dalvikvm( 2070): GC_FOR_ALLOC freed 2172K, 35% free 8129K/12464K, paused 4ms, total 4ms
02-03 10:47:59.651 D/dalvikvm( 2070): GC_FOR_ALLOC freed 2188K, 35% free 8126K/12464K, paused 3ms, total 3ms
02-03 10:47:59.651 D/dalvikvm( 2070): GC_FOR_ALLOC freed 2205K, 35% free 8123K/12464K, paused 5ms, total 5ms
02-03 10:47:59.661 D/dalvikvm( 2070): GC_FOR_ALLOC freed 2222K, 35% free 8120K/12464K, paused 3ms, total 3ms
02-03 10:47:59.661 D/dalvikvm( 2070): GC_FOR_ALLOC freed 2239K, 35% free 8117K/12464K, paused 3ms, total 3ms
02-03 10:47:59.671 D/dalvikvm( 2070): GC_FOR_ALLOC freed 2258K, 35% free 8147K/12464K, paused 4ms, total 4ms
02-03 10:47:59.671 D/dalvikvm( 2070): GC_FOR_ALLOC freed 2275K, 35% free 8144K/12464K, paused 3ms, total 3ms
02-03 10:47:59.681 D/dalvikvm( 2070): GC_FOR_ALLOC freed 2292K, 35% free 8141K/12464K, paused 4ms, total 4ms
02-03 10:47:59.681 D/dalvikvm( 2070): GC_FOR_ALLOC freed 2310K, 35% free 8138K/12464K, paused 3ms, total 4ms
02-03 10:47:59.691 D/dalvikvm( 2070): GC_FOR_ALLOC freed 1907K, 33% free 8388K/12464K, paused 3ms, total 3ms
02-03 10:47:59.691 D/dalvikvm( 2070): GC_FOR_ALLOC freed 2176K, 35% free 8137K/12464K, paused 4ms, total 4ms
02-03 10:47:59.691 D/dalvikvm( 2070): GC_FOR_ALLOC freed 1933K, 33% free 8389K/12464K, paused 3ms, total 3ms
02-03 10:47:59.701 D/dalvikvm( 2070): GC_FOR_ALLOC freed 2203K, 35% free 8135K/12464K, paused 3ms, total 3ms
02-03 10:47:59.701 D/dalvikvm( 2070): GC_FOR_ALLOC freed 1957K, 33% free 8391K/12464K, paused 3ms, total 3ms
02-03 10:47:59.711 D/dalvikvm( 2070): GC_FOR_ALLOC freed 2230K, 35% free 8133K/12464K, paused 3ms, total 3ms
02-03 10:47:59.711 D/dalvikvm( 2070): GC_FOR_ALLOC freed 1981K, 33% free 8392K/12464K, paused 3ms, total 3ms
02-03 10:47:59.721 D/dalvikvm( 2070): GC_FOR_ALLOC freed 2257K, 35% free 8131K/12464K, paused 4ms, total 4ms
02-03 10:47:59.721 D/dalvikvm( 2070): GC_FOR_ALLOC freed 2005K, 33% free 8393K/12464K, paused 3ms, total 3ms
02-03 10:47:59.731 D/dalvikvm( 2070): GC_FOR_ALLOC freed 2285K, 35% free 8161K/12464K, paused 3ms, total 3ms
02-03 10:47:59.731 D/dalvikvm( 2070): GC_FOR_ALLOC freed 2029K, 33% free 8426K/12464K, paused 4ms, total 4ms
02-03 10:47:59.741 D/dalvikvm( 2070): GC_FOR_ALLOC freed 1863K, 33% free 8428K/12464K, paused 3ms, total 4ms
02-03 10:47:59.741 D/dalvikvm( 2070): GC_FOR_ALLOC freed 1872K, 33% free 8431K/12464K, paused 3ms, total 3ms
02-03 10:47:59.751 D/dalvikvm( 2070): GC_FOR_ALLOC freed 1881K, 33% free 8433K/12464K, paused 3ms, total 3ms
02-03 10:47:59.751 D/dalvikvm( 2070): GC_FOR_ALLOC freed 1891K, 33% free 8435K/12464K, paused 3ms, total 3ms
02-03 10:47:59.761 D/dalvikvm( 2070): GC_FOR_ALLOC freed 1900K, 33% free 8437K/12464K, paused 3ms, total 3ms
02-03 10:47:59.761 D/dalvikvm( 2070): GC_FOR_ALLOC freed 1910K, 33% free 8440K/12464K, paused 4ms, total 4ms
02-03 10:47:59.761 D/dalvikvm( 2070): GC_FOR_ALLOC freed 1919K, 33% free 8442K/12464K, paused 3ms, total 3ms
02-03 10:47:59.771 D/dalvikvm( 2070): GC_FOR_ALLOC freed 1928K, 33% free 8444K/12464K, paused 4ms, total 4ms
02-03 10:47:59.771 D/dalvikvm( 2070): GC_FOR_ALLOC freed 1938K, 33% free 8446K/12464K, paused 3ms, total 3ms
02-03 10:47:59.781 D/dalvikvm( 2070): GC_FOR_ALLOC freed 1947K, 33% free 8449K/12464K, paused 3ms, total 3ms
02-03 10:47:59.781 D/dalvikvm( 2070): GC_FOR_ALLOC freed 1957K, 33% free 8451K/12464K, paused 3ms, total 3ms
02-03 10:47:59.791 D/dalvikvm( 2070): GC_FOR_ALLOC freed 1966K, 33% free 8453K/12464K, paused 3ms, total 3ms
02-03 10:47:59.791 D/dalvikvm( 2070): GC_FOR_ALLOC freed 1976K, 33% free 8455K/12464K, paused 4ms, total 4ms
02-03 10:47:59.801 D/dalvikvm( 2070): GC_FOR_ALLOC freed 1985K, 33% free 8458K/12464K, paused 3ms, total 3ms
02-03 10:47:59.801 D/dalvikvm( 2070): GC_FOR_ALLOC freed 1994K, 33% free 8460K/12464K, paused 3ms, total 4ms
02-03 10:47:59.811 D/dalvikvm( 2070): GC_FOR_ALLOC freed 2004K, 33% free 8462K/12464K, paused 3ms, total 3ms
02-03 10:47:59.811 D/dalvikvm( 2070): GC_FOR_ALLOC freed 2013K, 33% free 8464K/12464K, paused 3ms, total 3ms
02-03 10:47:59.821 D/dalvikvm( 2070): GC_FOR_ALLOC freed 2023K, 33% free 8467K/12464K, paused 5ms, total 5ms
02-03 10:47:59.821 D/dalvikvm( 2070): GC_FOR_ALLOC freed 2032K, 33% free 8469K/12464K, paused 3ms, total 3ms
02-03 10:47:59.831 D/dalvikvm( 2070): GC_FOR_ALLOC freed 2041K, 33% free 8471K/12464K, paused 3ms, total 3ms
02-03 10:47:59.831 D/dalvikvm( 2070): GC_FOR_ALLOC freed 2051K, 33% free 8473K/12464K, paused 3ms, total 4ms
02-03 10:47:59.841 D/dalvikvm( 2070): GC_FOR_ALLOC freed 2060K, 32% free 8476K/12464K, paused 3ms, total 3ms
02-03 10:47:59.841 D/dalvikvm( 2070): GC_FOR_ALLOC freed 2070K, 32% free 8478K/12464K, paused 4ms, total 4ms
02-03 10:47:59.841 D/dalvikvm( 2070): GC_FOR_ALLOC freed 2079K, 32% free 8480K/12464K, paused 3ms, total 3ms
02-03 10:47:59.851 D/dalvikvm( 2070): GC_FOR_ALLOC freed 2088K, 32% free 8482K/12464K, paused 3ms, total 3ms
02-03 10:47:59.851 D/dalvikvm( 2070): GC_FOR_ALLOC freed 2098K, 32% free 8485K/12464K, paused 4ms, total 4ms
02-03 10:47:59.861 D/dalvikvm( 2070): GC_FOR_ALLOC freed 2107K, 32% free 8487K/12464K, paused 3ms, total 3ms
02-03 10:47:59.861 D/dalvikvm( 2070): GC_FOR_ALLOC freed 2117K, 34% free 8287K/12464K, paused 3ms, total 3ms
02-03 10:47:59.871 D/dalvikvm( 2070): GC_FOR_ALLOC freed 1924K, 35% free 8188K/12464K, paused 3ms, total 3ms
02-03 10:47:59.871 D/dalvikvm( 2070): GC_FOR_ALLOC freed 2135K, 35% free 8189K/12464K, paused 3ms, total 3ms
02-03 10:47:59.881 D/dalvikvm( 2070): GC_FOR_ALLOC freed 2145K, 35% free 8190K/12464K, paused 3ms, total 3ms
02-03 10:47:59.881 D/dalvikvm( 2070): GC_FOR_ALLOC freed 2155K, 35% free 8191K/12464K, paused 3ms, total 3ms
02-03 10:47:59.891 D/dalvikvm( 2070): GC_FOR_ALLOC freed 2179K, 35% free 8196K/12464K, paused 4ms, total 4ms
02-03 10:47:59.891 D/dalvikvm( 2070): GC_FOR_ALLOC freed 2240K, 34% free 8282K/12464K, paused 4ms, total 4ms
02-03 10:47:59.901 D/dalvikvm( 2070): GC_FOR_ALLOC freed 1542K, 32% free 8510K/12464K, paused 3ms, total 3ms
02-03 10:47:59.901 D/dalvikvm( 2070): GC_FOR_ALLOC freed 1550K, 34% free 8289K/12464K, paused 3ms, total 3ms
02-03 10:47:59.911 D/dalvikvm( 2070): GC_FOR_ALLOC freed 1414K, 39% free 7651K/12464K, paused 3ms, total 3ms
02-03 10:47:59.911 I/dalvikvm-heap( 2070): Grow heap (frag case) to 8.514MB for 1048592-byte allocation
02-03 10:47:59.911 D/dalvikvm( 2070): GC_FOR_ALLOC freed <1K, 36% free 8675K/13492K, paused 2ms, total 2ms
02-03 10:47:59.921 D/dalvikvm( 2070): GC_FOR_ALLOC freed <1K, 36% free 8675K/13492K, paused 2ms, total 2ms
02-03 10:47:59.921 I/dalvikvm-heap( 2070): Grow heap (frag case) to 9.515MB for 1048592-byte allocation
02-03 10:47:59.921 D/dalvikvm( 2070): GC_FOR_ALLOC freed <1K, 34% free 9699K/14520K, paused 2ms, total 2ms
02-03 10:47:59.921 D/dalvikvm( 2070): GC_FOR_ALLOC freed <1K, 34% free 9699K/14520K, paused 3ms, total 3ms
02-03 10:47:59.921 I/dalvikvm-heap( 2070): Grow heap (frag case) to 10.515MB for 1048592-byte allocation
02-03 10:47:59.931 D/dalvikvm( 2070): GC_FOR_ALLOC freed 0K, 32% free 10723K/15548K, paused 2ms, total 2ms
02-03 10:47:59.991 D/Clock   (  602): ACTION_TIME_TICK
02-03 10:47:59.991 D/Clock   (  602): update clock:上午10:48
02-03 10:48:00.031 D/BatteryStatsImpl(  547): noteStopWakeLocked system isFromForeground = false
02-03 10:48:00.051 D/AndroidRuntime( 6368): 
02-03 10:48:00.051 D/AndroidRuntime( 6368): >>>>>> AndroidRuntime START com.android.internal.os.RuntimeInit <<<<<<
02-03 10:48:00.051 D/AndroidRuntime( 6368): CheckJNI is OFF
02-03 10:48:00.051 I/AndroidRuntime( 6368): Kernel Release Version: 3.10.20-g25181e8-dirty
02-03 10:48:00.051 I/dalvikvm( 6368): No library specified. The standard exception handler will be used
02-03 10:48:00.051 I/dalvikvm( 6368): 
02-03 10:48:00.051 I/dalvikvm( 6368): +++++++++++++ Using PCG. +++++++++++++++++++++
02-03 10:48:00.061 D/dalvikvm( 6368): Trying to load lib libjavacore.so 0x0
02-03 10:48:00.061 D/dalvikvm( 6368): Added shared lib libjavacore.so 0x0
02-03 10:48:00.061 D/dalvikvm( 6368): Trying to load lib libnativehelper.so 0x0
02-03 10:48:00.061 D/dalvikvm( 6368): Added shared lib libnativehelper.so 0x0
02-03 10:48:00.061 D/dalvikvm( 6368): No JNI_OnLoad found in libnativehelper.so 0x0, skipping init
02-03 10:48:00.071 D/dalvikvm( 6368): Extra Options: not specified
02-03 10:48:00.081 D/dalvikvm( 6368): Note: class Landroid/app/ActivityManagerNative; has 186 unimplemented (abstract) methods
02-03 10:48:00.151 E/memtrack( 6368): Couldn't load memtrack module (No such file or directory)
02-03 10:48:00.151 E/android.os.Debug( 6368): failed to load memtrack module: -2
02-03 10:48:00.181 D/AndroidRuntime( 6368): Calling main entry com.android.commands.am.Am
02-03 10:48:00.211 D/AndroidRuntime( 6368): Shutting down VM
02-03 10:48:00.211 I/ActivityManager(  547): START u0 {flg=0x10000000 cmp=org.xwalk.webapi_noneservice_tests/.webapi_noneservice_tests} from pid 6368
02-03 10:48:00.221 D/dalvikvm( 6368): GC_CONCURRENT freed 117K, 16% free 702K/832K, paused 0ms+0ms, total 1ms
02-03 10:48:00.221 D/dalvikvm( 6368): Compiler shutdown in progress - discarding request
02-03 10:48:00.221 D/dalvikvm( 6368): Compiler shutdown in progress - discarding request
02-03 10:48:00.221 D/dalvikvm( 6368): Compiler shutdown in progress - discarding request
02-03 10:48:00.221 D/dalvikvm( 6368): Compiler shutdown in progress - discarding request
02-03 10:48:00.221 D/dalvikvm( 6368): Compiler shutdown in progress - discarding request
02-03 10:48:00.221 D/dalvikvm( 6368): Compiler shutdown in progress - discarding request
02-03 10:48:00.221 D/dalvikvm( 6368): Compiler shutdown in progress - discarding request
02-03 10:48:00.221 D/dalvikvm( 6368): Compiler shutdown in progress - discarding request
02-03 10:48:00.221 D/dalvikvm( 6368): Compiler shutdown in progress - discarding request
02-03 10:48:00.221 D/dalvikvm( 6368): Compiler shutdown in progress - discarding request
02-03 10:48:00.221 D/dalvikvm( 6368): Compiler shutdown in progress - discarding request
02-03 10:48:00.221 D/dalvikvm( 6368): Compiler shutdown in progress - discarding request
02-03 10:48:00.221 D/dalvikvm( 6368): Compiler shutdown in progress - discarding request
02-03 10:48:00.221 D/dalvikvm( 6368): Compiler shutdown in progress - discarding request
02-03 10:48:00.221 D/dalvikvm( 6368): Compiler shutdown in progress - discarding request
02-03 10:48:00.221 D/dalvikvm( 6368): Compiler shutdown in progress - discarding request
02-03 10:48:00.221 D/dalvikvm( 6368): Compiler shutdown in progress - discarding request
02-03 10:48:00.221 D/dalvikvm( 6368): Compiler shutdown in progress - discarding request
02-03 10:48:00.221 D/dalvikvm( 6368): Compiler shutdown in progress - discarding request
02-03 10:48:00.221 D/dalvikvm( 6368): Compiler shutdown in progress - discarding request
02-03 10:48:00.221 D/dalvikvm( 6368): Compiler shutdown in progress - discarding request
02-03 10:48:00.221 D/dalvikvm( 6368): Compiler shutdown in progress - discarding request
02-03 10:48:00.221 D/dalvikvm( 6368): Compiler shutdown in progress - discarding request
02-03 10:48:00.221 D/dalvikvm( 6368): Compiler shutdown in progress - discarding request
02-03 10:48:00.221 D/dalvikvm( 6368): Compiler shutdown in progress - discarding request
02-03 10:48:00.221 D/dalvikvm( 6368): Compiler shutdown in progress - discarding request
02-03 10:48:00.221 D/dalvikvm( 6368): Compiler shutdown in progress - discarding request
02-03 10:48:00.221 D/dalvikvm( 6368): Compiler shutdown in progress - discarding request
02-03 10:48:00.221 D/dalvikvm( 6368): Compiler shutdown in progress - discarding request
02-03 10:48:00.221 D/dalvikvm( 6368): Compiler shutdown in progress - discarding request
02-03 10:48:00.221 D/dalvikvm( 6368): Compiler shutdown in progress - discarding request
02-03 10:48:00.221 D/dalvikvm( 6368): Compiler shutdown in progress - discarding request
02-03 10:48:00.221 D/dalvikvm( 6368): Compiler shutdown in progress - discarding request
02-03 10:48:00.221 D/dalvikvm( 6368): Compiler shutdown in progress - discarding request
02-03 10:48:00.221 D/dalvikvm( 6368): Compiler shutdown in progress - discarding request
02-03 10:48:00.221 D/dalvikvm( 6368): Compiler shutdown in progress - discarding request
02-03 10:48:00.221 D/dalvikvm( 6368): Compiler shutdown in progress - discarding request
02-03 10:48:00.221 D/dalvikvm( 6368): Compiler shutdown in progress - discarding request
02-03 10:48:00.221 D/dalvikvm( 6368): Compiler shutdown in progress - discarding request
02-03 10:48:00.221 D/dalvikvm( 6368): Compiler shutdown in progress - discarding request
02-03 10:48:00.221 D/dalvikvm( 6368): Compiler shutdown in progress - discarding request
02-03 10:48:00.221 D/dalvikvm( 6368): Compiler shutdown in progress - discarding request
02-03 10:48:00.221 D/dalvikvm( 6368): Compiler shutdown in progress - discarding request
02-03 10:48:00.221 D/dalvikvm( 6368): Compiler shutdown in progress - discarding request
02-03 10:48:00.221 D/dalvikvm( 6368): Compiler shutdown in progress - discarding request
02-03 10:48:00.221 D/dalvikvm( 6368): Compiler shutdown in progress - discarding request
02-03 10:48:00.221 D/dalvikvm( 6368): Compiler shutdown in progress - discarding request
02-03 10:48:00.221 D/dalvikvm( 6368): Compiler shutdown in progress - discarding request
02-03 10:48:00.221 D/dalvikvm( 6368): Compiler shutdown in progress - discarding request
02-03 10:48:00.221 D/dalvikvm( 6368): Compiler shutdown in progress - discarding request
02-03 10:48:00.221 D/dalvikvm( 6368): Compiler shutdown in progress - discarding request
02-03 10:48:00.221 D/dalvikvm( 6368): Compiler shutdown in progress - discarding request
02-03 10:48:00.221 D/dalvikvm( 6368): Compiler shutdown in progress - discarding request
02-03 10:48:00.221 D/dalvikvm( 6368): Compiler shutdown in progress - discarding request
02-03 10:48:00.681 D/AndroidRuntime( 6380): 
02-03 10:48:00.681 D/AndroidRuntime( 6380): >>>>>> AndroidRuntime START com.android.internal.os.RuntimeInit <<<<<<
02-03 10:48:00.681 D/AndroidRuntime( 6380): CheckJNI is OFF
02-03 10:48:00.681 I/AndroidRuntime( 6380): Kernel Release Version: 3.10.20-g25181e8-dirty
02-03 10:48:00.681 I/dalvikvm( 6380): No library specified. The standard exception handler will be used
02-03 10:48:00.691 I/dalvikvm( 6380): 
02-03 10:48:00.691 I/dalvikvm( 6380): +++++++++++++ Using PCG. +++++++++++++++++++++
02-03 10:48:00.691 D/dalvikvm( 6380): Trying to load lib libjavacore.so 0x0
02-03 10:48:00.691 D/dalvikvm( 6380): Added shared lib libjavacore.so 0x0
02-03 10:48:00.701 D/dalvikvm( 6380): Trying to load lib libnativehelper.so 0x0
02-03 10:48:00.701 D/dalvikvm( 6380): Added shared lib libnativehelper.so 0x0
02-03 10:48:00.701 D/dalvikvm( 6380): No JNI_OnLoad found in libnativehelper.so 0x0, skipping init
02-03 10:48:00.701 D/dalvikvm( 6380): Extra Options: not specified
02-03 10:48:00.711 D/dalvikvm( 6380): Note: class Landroid/app/ActivityManagerNative; has 186 unimplemented (abstract) methods
02-03 10:48:00.791 E/memtrack( 6380): Couldn't load memtrack module (No such file or directory)
02-03 10:48:00.791 E/android.os.Debug( 6380): failed to load memtrack module: -2
02-03 10:48:00.821 D/AndroidRuntime( 6380): Calling main entry com.android.commands.am.Am
02-03 10:48:00.861 D/AndroidRuntime( 6380): Shutting down VM
02-03 10:48:00.861 I/SecurityManagerService(  708): SMS received security event: App[START/org.xwalk.webapi_noneservice_tests]
02-03 10:48:00.861 I/ActivityManager(  547): START u0 {flg=0x10000000 cmp=org.xwalk.webapi_noneservice_tests/.WebapiNoneserviceTestsActivity} from pid 6380
02-03 10:48:00.871 V/WeatherTimeProvider( 1705): widget on Visibility Changed
02-03 10:48:00.871 D/dalvikvm( 6380): GC_CONCURRENT freed 110K, 16% free 673K/800K, paused 3ms+0ms, total 4ms
02-03 10:48:00.871 D/dalvikvm( 6391): Process 6391 nice name: org.xwalk.webapi_noneservice_tests
02-03 10:48:00.871 D/dalvikvm( 6391): Extra Options: not specified
02-03 10:48:00.881 D/dalvikvm( 6380): Compiler shutdown in progress - discarding request
02-03 10:48:00.881 D/dalvikvm( 6380): Compiler shutdown in progress - discarding request
02-03 10:48:00.881 D/dalvikvm( 6380): Compiler shutdown in progress - discarding request
02-03 10:48:00.881 D/dalvikvm( 6380): Compiler shutdown in progress - discarding request
02-03 10:48:00.881 D/dalvikvm( 6380): Compiler shutdown in progress - discarding request
02-03 10:48:00.881 D/dalvikvm( 6380): Compiler shutdown in progress - discarding request
02-03 10:48:00.881 D/dalvikvm( 6380): Compiler shutdown in progress - discarding request
02-03 10:48:00.881 D/dalvikvm( 6380): Compiler shutdown in progress - discarding request
02-03 10:48:00.881 D/dalvikvm( 6380): Compiler shutdown in progress - discarding request
02-03 10:48:00.881 D/dalvikvm( 6380): Compiler shutdown in progress - discarding request
02-03 10:48:00.881 D/dalvikvm( 6380): Compiler shutdown in progress - discarding request
02-03 10:48:00.881 D/dalvikvm( 6380): Compiler shutdown in progress - discarding request
02-03 10:48:00.881 D/dalvikvm( 6380): Compiler shutdown in progress - discarding request
02-03 10:48:00.881 D/dalvikvm( 6380): Compiler shutdown in progress - discarding request
02-03 10:48:00.881 D/dalvikvm( 6380): Compiler shutdown in progress - discarding request
02-03 10:48:00.881 D/dalvikvm( 6380): Compiler shutdown in progress - discarding request
02-03 10:48:00.881 D/dalvikvm( 6380): Compiler shutdown in progress - discarding request
02-03 10:48:00.881 D/dalvikvm( 6380): Compiler shutdown in progress - discarding request
02-03 10:48:00.881 D/dalvikvm( 6380): Compiler shutdown in progress - discarding request
02-03 10:48:00.881 D/dalvikvm( 6380): Compiler shutdown in progress - discarding request
02-03 10:48:00.881 D/dalvikvm( 6380): Compiler shutdown in progress - discarding request
02-03 10:48:00.881 D/dalvikvm( 6380): Compiler shutdown in progress - discarding request
02-03 10:48:00.881 D/dalvikvm( 6380): Compiler shutdown in progress - discarding request
02-03 10:48:00.881 D/dalvikvm( 6380): Compiler shutdown in progress - discarding request
02-03 10:48:00.881 D/dalvikvm( 6380): Compiler shutdown in progress - discarding request
02-03 10:48:00.881 D/dalvikvm( 6380): Compiler shutdown in progress - discarding request
02-03 10:48:00.881 D/dalvikvm( 6380): Compiler shutdown in progress - discarding request
02-03 10:48:00.881 D/dalvikvm( 6380): Compiler shutdown in progress - discarding request
02-03 10:48:00.881 D/dalvikvm( 6380): Compiler shutdown in progress - discarding request
02-03 10:48:00.881 D/dalvikvm( 6380): Compiler shutdown in progress - discarding request
02-03 10:48:00.881 D/dalvikvm( 6380): Compiler shutdown in progress - discarding request
02-03 10:48:00.881 D/dalvikvm( 6380): Compiler shutdown in progress - discarding request
02-03 10:48:00.881 D/dalvikvm( 6380): Compiler shutdown in progress - discarding request
02-03 10:48:00.881 D/dalvikvm( 6380): Compiler shutdown in progress - discarding request
02-03 10:48:00.881 D/dalvikvm( 6380): Compiler shutdown in progress - discarding request
02-03 10:48:00.881 D/dalvikvm( 6380): Compiler shutdown in progress - discarding request
02-03 10:48:00.881 D/dalvikvm( 6380): Compiler shutdown in progress - discarding request
02-03 10:48:00.881 D/dalvikvm( 6380): Compiler shutdown in progress - discarding request
02-03 10:48:00.881 D/dalvikvm( 6380): Compiler shutdown in progress - discarding request
02-03 10:48:00.881 D/dalvikvm( 6380): Compiler shutdown in progress - discarding request
02-03 10:48:00.881 D/dalvikvm( 6380): Compiler shutdown in progress - discarding request
02-03 10:48:00.881 D/dalvikvm( 6380): Compiler shutdown in progress - discarding request
02-03 10:48:00.881 D/dalvikvm( 6380): Compiler shutdown in progress - discarding request
02-03 10:48:00.881 D/dalvikvm( 6380): Compiler shutdown in progress - discarding request
02-03 10:48:00.881 D/dalvikvm( 6380): Compiler shutdown in progress - discarding request
02-03 10:48:00.881 I/ActivityManager(  547): Start proc org.xwalk.webapi_noneservice_tests for activity org.xwalk.webapi_noneservice_tests/.WebapiNoneserviceTestsActivity: pid=6391 uid=11605 gids={51605, 3003, 1028, 1015}
02-03 10:48:00.901 D/WindowManager(  547): adjustConfigurationLw, config:{1.0 ?mcc?mnc ?locale ?layoutDir sw600dp w600dp h888dp 213dpi lrg port ?uimode ?night finger -keyb/v/h -nav/v} mLidState:1 mHasDockFeature:false mHasKeyboardFeature:false mHasHallSensorFeature:true config.hardKeyboardHidden:2
02-03 10:48:00.901 D/        (  895): Surface destroy: ANDROID_NATIVE_WINDOW_MAGIC
02-03 10:48:00.901 I/ActivityManager(  547): [TopPkgCurBat]	NowPkgName[org.xwalk.webapi_noneservice_tests]	Battery[97]	TimeTick[1422931680917]	OldPkgName[com.asus.launcher]
02-03 10:48:00.931 D/dalvikvm( 6391): Trying to load lib /data/app-lib/org.xwalk.webapi_noneservice_tests-1/libxwalkcore.so 0x43d7f500
02-03 10:48:00.941 D/dalvikvm( 6391): Added shared lib /data/app-lib/org.xwalk.webapi_noneservice_tests-1/libxwalkcore.so 0x43d7f500
02-03 10:48:00.941 I/LibraryLoader( 6391): Time to load native libraries: 10 ms (timestamps 7163-7173)
02-03 10:48:00.941 I/LibraryLoader( 6391): Expected native library version number "",actual native library version number ""
02-03 10:48:00.961 I/LibraryLoader( 6391): Expected native library version number "",actual native library version number ""
02-03 10:48:00.961 I/chromium( 6391): [INFO:library_loader_hooks.cc(112)] Chromium logging enabled: level = 0, default verbosity = 0
02-03 10:48:00.961 I/BrowserStartupController( 6391): Initializing chromium process, singleProcess=true
02-03 10:48:01.371 W/AudioManagerAndroid( 6391): Requires BLUETOOTH permission
02-03 10:48:01.381 I/ufoGralloc( 6391): Hello, this is UFO GRALLOC/Intel Corporation
02-03 10:48:01.391 D/        ( 6391): Pixel Format : GGL_PIXEL_FORMAT_RGBA_8888
02-03 10:48:01.391 D/        ( 6391): droid_create_context : config id = 1 conf->NativeVisualID=1
02-03 10:48:01.391 D/        ( 6391): Pixel Format : GGL_PIXEL_FORMAT_RGBA_8888
02-03 10:48:01.391 I/        ( 6391): Requested context : GLES 2.0
02-03 10:48:01.411 W/chromium( 6391): [WARNING:proxy_service.cc(899)] PAC support disabled because there is no system implementation
02-03 10:48:01.411 W/dalvikvm( 6391): VFY: unable to find class referenced in signature (Landroid/view/inputmethod/CursorAnchorInfo;)
02-03 10:48:01.411 I/dalvikvm( 6391): Could not find method android.view.inputmethod.InputMethodManager.updateCursorAnchorInfo, referenced from method org.chromium.content.browser.input.InputMethodManagerWrapper.updateCursorAnchorInfo
02-03 10:48:01.411 W/dalvikvm( 6391): VFY: unable to resolve virtual method 1241: Landroid/view/inputmethod/InputMethodManager;.updateCursorAnchorInfo (Landroid/view/View;Landroid/view/inputmethod/CursorAnchorInfo;)V
02-03 10:48:01.411 D/dalvikvm( 6391): VFY: replacing opcode 0x6e at 0x000a
02-03 10:48:01.441 E/cutils  (  163): Failed to mkdirat(/Removable/MicroSD): Read-only file system
02-03 10:48:01.441 W/ContextImpl( 6391): Failed to ensure directory: /Removable/MicroSD/Android/data/org.xwalk.webapi_noneservice_tests/cache
02-03 10:48:01.441 W/Vold    (  163): Returning OperationFailed - no handler for errno 30
02-03 10:48:01.451 W/XWalkExtensionManager( 6391): Failed to read extensions-config.json
02-03 10:48:01.451 E/chromium( 6391): [ERROR:unix_domain_server_socket_posix.cc(106)] Not implemented reached in virtual int net::UnixDomainServerSocket::GetLocalAddress(net::IPEndPoint*) const
02-03 10:48:01.451 I/dalvikvm( 6391): Could not find method android.app.Activity.finishAndRemoveTask, referenced from method org.chromium.base.ApiCompatibilityUtils.finishAndRemoveTask
02-03 10:48:01.451 W/dalvikvm( 6391): VFY: unable to resolve virtual method 4: Landroid/app/Activity;.finishAndRemoveTask ()V
02-03 10:48:01.451 D/dalvikvm( 6391): VFY: replacing opcode 0x6e at 0x0006
02-03 10:48:01.451 I/dalvikvm( 6391): Could not find method android.os.PowerManager.isInteractive, referenced from method org.chromium.base.ApiCompatibilityUtils.isInteractive
02-03 10:48:01.451 W/dalvikvm( 6391): VFY: unable to resolve virtual method 768: Landroid/os/PowerManager;.isInteractive ()Z
02-03 10:48:01.451 D/dalvikvm( 6391): VFY: replacing opcode 0x6e at 0x000e
02-03 10:48:01.451 I/dalvikvm( 6391): Could not find method android.view.Window.getNavigationBarColor, referenced from method org.chromium.base.ApiCompatibilityUtils.setStatusBarColor
02-03 10:48:01.451 W/dalvikvm( 6391): VFY: unable to resolve virtual method 1144: Landroid/view/Window;.getNavigationBarColor ()I
02-03 10:48:01.451 D/dalvikvm( 6391): VFY: replacing opcode 0x6e at 0x0010
02-03 10:48:01.451 I/dalvikvm( 6391): Could not find method android.view.Window.setStatusBarColor, referenced from method org.chromium.base.ApiCompatibilityUtils.setStatusBarColor
02-03 10:48:01.451 W/dalvikvm( 6391): VFY: unable to resolve virtual method 1149: Landroid/view/Window;.setStatusBarColor (I)V
02-03 10:48:01.451 D/dalvikvm( 6391): VFY: replacing opcode 0x6e at 0x0019
02-03 10:48:01.451 E/dalvikvm( 6391): Could not find class 'android.app.ActivityManager$TaskDescription', referenced from method org.chromium.base.ApiCompatibilityUtils.setTaskDescription
02-03 10:48:01.451 W/dalvikvm( 6391): VFY: unable to resolve new-instance 11 (Landroid/app/ActivityManager$TaskDescription;) in Lorg/chromium/base/ApiCompatibilityUtils;
02-03 10:48:01.451 D/dalvikvm( 6391): VFY: replacing opcode 0x22 at 0x0006
02-03 10:48:01.451 D/dalvikvm( 6391): DexOpt: unable to opt direct call 0x001e at 0x08 in Lorg/chromium/base/ApiCompatibilityUtils;.setTaskDescription
02-03 10:48:01.451 I/chromium( 6391): [INFO:xwalk_extension_renderer_controller.cc(47)] EXTENSION PROCESS DISABLED.
02-03 10:48:01.481 D/        ( 6391): Pixel Format : GGL_PIXEL_FORMAT_RGBA_8888
02-03 10:48:01.481 D/        ( 6391): droid_create_context : config id = 1 conf->NativeVisualID=1
02-03 10:48:01.481 D/        ( 6391): Pixel Format : GGL_PIXEL_FORMAT_RGBA_8888
02-03 10:48:01.481 I/        ( 6391): Requested context : GLES 2.0
02-03 10:48:01.491 D/        ( 6391): droid_create_context : config id = 5 conf->NativeVisualID=1
02-03 10:48:01.491 D/        ( 6391): Pixel Format : GGL_PIXEL_FORMAT_RGBA_8888
02-03 10:48:01.491 I/        ( 6391): Requested context : GLES 2.0
02-03 10:48:01.501 D/        ( 6391): Pixel Format : GGL_PIXEL_FORMAT_RGBA_8888
02-03 10:48:01.501 D/OpenGLRenderer( 6391): Enabling debug mode 0
02-03 10:48:01.561 W/BindingManager( 6391): Cannot call determinedVisibility() - never saw a connection for the pid: 6391
02-03 10:48:01.561 D/        ( 6391): Pixel Format : GGL_PIXEL_FORMAT_RGBA_8888
02-03 10:48:01.561 D/        ( 6391): droid_create_context : config id = 1 conf->NativeVisualID=1
02-03 10:48:01.561 D/        ( 6391): Pixel Format : GGL_PIXEL_FORMAT_RGBA_8888
02-03 10:48:01.561 I/        ( 6391): Requested context : GLES 2.0
02-03 10:48:01.571 D/        ( 6391): Swap interval set to = 1 value
02-03 10:48:01.571 I/ActivityManager(  547): Displayed org.xwalk.webapi_noneservice_tests/.WebapiNoneserviceTestsActivity: +707ms
02-03 10:48:01.581 D/BatteryStatsImpl(  547): noteStopWakeLocked system isFromForeground = false
02-03 10:48:02.541 W/BindingManager( 6391): Cannot call determinedVisibility() - never saw a connection for the pid: 6391
02-03 10:48:02.761 I/chromium( 6391): [INFO:CONSOLE(0)] "Synchronous XMLHttpRequest on the main thread is deprecated because of its detrimental effects to the end user's experience. For more help, check http://xhr.spec.whatwg.org/.", source:  (0)
02-03 10:48:02.811 D/        ( 6391): Pixel Format : GGL_PIXEL_FORMAT_RGBA_8888
02-03 10:48:02.811 D/        ( 6391): droid_create_context : config id = 1 conf->NativeVisualID=1
02-03 10:48:02.811 D/        ( 6391): Pixel Format : GGL_PIXEL_FORMAT_RGBA_8888
02-03 10:48:02.811 I/        ( 6391): Requested context : GLES 2.0
02-03 10:48:03.481 D/dalvikvm( 2070): GC_CONCURRENT freed 7083K, 51% free 7719K/15548K, paused 1ms+1ms, total 19ms
02-03 10:48:03.481 D/dalvikvm( 2070): WAIT_FOR_CONCURRENT_GC blocked 18ms
02-03 10:48:03.491 D/dalvikvm( 2070): GC_CONCURRENT freed 3983K, 36% free 7811K/12020K, paused 1ms+1ms, total 4ms
02-03 10:48:03.491 D/dalvikvm( 2070): WAIT_FOR_CONCURRENT_GC blocked 3ms
02-03 10:48:03.501 D/dalvikvm( 2070): GC_FOR_ALLOC freed 3204K, 36% free 7723K/12020K, paused 3ms, total 3ms
02-03 10:48:03.501 D/dalvikvm( 2070): GC_FOR_ALLOC freed 3166K, 36% free 7730K/12020K, paused 3ms, total 3ms
02-03 10:48:03.511 D/dalvikvm( 2070): GC_FOR_ALLOC freed 2913K, 36% free 7806K/12020K, paused 4ms, total 4ms
02-03 10:48:03.511 D/dalvikvm( 2070): GC_FOR_ALLOC freed 2701K, 36% free 7767K/12020K, paused 2ms, total 2ms
02-03 10:48:03.521 D/dalvikvm( 2070): GC_FOR_ALLOC freed 2514K, 36% free 7745K/12020K, paused 3ms, total 3ms
02-03 10:48:03.521 D/dalvikvm( 2070): GC_FOR_ALLOC freed 2372K, 36% free 7779K/12020K, paused 2ms, total 2ms
02-03 10:48:03.531 D/dalvikvm( 2070): GC_FOR_ALLOC freed 2376K, 36% free 7752K/12020K, paused 3ms, total 3ms
02-03 10:48:03.531 D/dalvikvm( 2070): GC_FOR_ALLOC freed 2326K, 36% free 7755K/12020K, paused 2ms, total 2ms
02-03 10:48:03.541 D/dalvikvm( 2070): GC_FOR_ALLOC freed 2430K, 36% free 7758K/12020K, paused 2ms, total 2ms
02-03 10:48:03.541 D/dalvikvm( 2070): GC_FOR_ALLOC freed 2277K, 36% free 7760K/12020K, paused 2ms, total 2ms
02-03 10:48:03.541 D/dalvikvm( 2070): GC_FOR_ALLOC freed 2171K, 35% free 7876K/12020K, paused 3ms, total 3ms
02-03 10:48:03.551 D/dalvikvm( 2070): GC_FOR_ALLOC freed 2164K, 35% free 7882K/12020K, paused 2ms, total 2ms
02-03 10:48:03.551 D/dalvikvm( 2070): GC_FOR_ALLOC freed 2231K, 35% free 7888K/12020K, paused 2ms, total 2ms
02-03 10:48:03.561 D/dalvikvm( 2070): GC_FOR_ALLOC freed 2010K, 35% free 7893K/12020K, paused 2ms, total 2ms
02-03 10:48:03.561 D/dalvikvm( 2070): GC_FOR_ALLOC freed 2064K, 35% free 7814K/12020K, paused 2ms, total 2ms
02-03 10:48:03.561 D/dalvikvm( 2070): GC_FOR_ALLOC freed 2116K, 35% free 7904K/12020K, paused 2ms, total 2ms
02-03 10:48:03.571 D/dalvikvm( 2070): GC_FOR_ALLOC freed 2167K, 35% free 7820K/12020K, paused 3ms, total 3ms
02-03 10:48:03.571 D/dalvikvm( 2070): GC_FOR_ALLOC freed 2127K, 36% free 7778K/12020K, paused 2ms, total 2ms
02-03 10:48:03.581 D/dalvikvm( 2070): GC_FOR_ALLOC freed 2267K, 36% free 7780K/12020K, paused 3ms, total 3ms
02-03 10:48:03.581 D/dalvikvm( 2070): GC_FOR_ALLOC freed 2079K, 35% free 7924K/12020K, paused 3ms, total 3ms
02-03 10:48:03.591 D/dalvikvm( 2070): GC_FOR_ALLOC freed 2267K, 36% free 7784K/12020K, paused 3ms, total 3ms
02-03 10:48:03.591 D/dalvikvm( 2070): GC_FOR_ALLOC freed 2165K, 34% free 7934K/12020K, paused 2ms, total 2ms
02-03 10:48:03.601 D/dalvikvm( 2070): GC_FOR_ALLOC freed 2105K, 34% free 7938K/12020K, paused 2ms, total 2ms
02-03 10:48:03.601 D/dalvikvm( 2070): GC_FOR_ALLOC freed 2143K, 35% free 7840K/12020K, paused 2ms, total 2ms
02-03 10:48:03.601 D/dalvikvm( 2070): GC_FOR_ALLOC freed 2076K, 36% free 7791K/12020K, paused 2ms, total 2ms
02-03 10:48:03.611 D/dalvikvm( 2070): GC_FOR_ALLOC freed 2216K, 36% free 7793K/12020K, paused 2ms, total 2ms
02-03 10:48:03.611 D/dalvikvm( 2070): GC_FOR_ALLOC freed 2254K, 36% free 7795K/12020K, paused 2ms, total 2ms
02-03 10:48:03.621 D/dalvikvm( 2070): GC_FOR_ALLOC freed 2292K, 36% free 7797K/12020K, paused 2ms, total 2ms
02-03 10:48:03.621 D/dalvikvm( 2070): GC_FOR_ALLOC freed 2329K, 36% free 7799K/12020K, paused 2ms, total 3ms
02-03 10:48:03.621 D/dalvikvm( 2070): GC_FOR_ALLOC freed 1970K, 36% free 7800K/12020K, paused 2ms, total 2ms
02-03 10:48:03.631 D/dalvikvm( 2070): GC_FOR_ALLOC freed 1996K, 36% free 7802K/12020K, paused 2ms, total 2ms
02-03 10:48:03.631 D/dalvikvm( 2070): GC_FOR_ALLOC freed 2022K, 36% free 7803K/12020K, paused 2ms, total 2ms
02-03 10:48:03.641 D/dalvikvm( 2070): GC_FOR_ALLOC freed 1754K, 35% free 7862K/12020K, paused 2ms, total 2ms
02-03 10:48:03.641 D/dalvikvm( 2070): GC_FOR_ALLOC freed 1654K, 34% free 7982K/12020K, paused 2ms, total 2ms
02-03 10:48:03.641 D/dalvikvm( 2070): GC_FOR_ALLOC freed 1671K, 34% free 7985K/12020K, paused 2ms, total 2ms
02-03 10:48:03.651 D/dalvikvm( 2070): GC_FOR_ALLOC freed 1688K, 35% free 7868K/12020K, paused 2ms, total 2ms
02-03 10:48:03.651 D/dalvikvm( 2070): GC_FOR_ALLOC freed 1704K, 35% free 7869K/12020K, paused 3ms, total 3ms
02-03 10:48:03.651 D/dalvikvm( 2070): GC_FOR_ALLOC freed 1721K, 35% free 7871K/12020K, paused 2ms, total 2ms
02-03 10:48:03.661 D/dalvikvm( 2070): GC_FOR_ALLOC freed 1738K, 35% free 7873K/12020K, paused 2ms, total 2ms
02-03 10:48:03.661 D/dalvikvm( 2070): GC_FOR_ALLOC freed 1755K, 35% free 7875K/12020K, paused 2ms, total 2ms
02-03 10:48:03.671 D/dalvikvm( 2070): GC_FOR_ALLOC freed 1771K, 35% free 7877K/12020K, paused 2ms, total 2ms
02-03 10:48:03.671 D/dalvikvm( 2070): GC_FOR_ALLOC freed 1660K, 35% free 7815K/12020K, paused 2ms, total 2ms
02-03 10:48:03.671 D/dalvikvm( 2070): GC_FOR_ALLOC freed 1804K, 35% free 7816K/12020K, paused 3ms, total 3ms
02-03 10:48:03.681 D/dalvikvm( 2070): GC_FOR_ALLOC freed 1494K, 34% free 8012K/12020K, paused 2ms, total 2ms
02-03 10:48:03.681 D/dalvikvm( 2070): GC_FOR_ALLOC freed 1834K, 35% free 8015K/12152K, paused 2ms, total 3ms
02-03 10:48:03.691 D/dalvikvm( 2070): GC_FOR_ALLOC freed 1851K, 35% free 8018K/12152K, paused 3ms, total 3ms
02-03 10:48:03.691 D/dalvikvm( 2070): GC_FOR_ALLOC freed 1868K, 36% free 7887K/12152K, paused 3ms, total 3ms
02-03 10:48:03.691 D/dalvikvm( 2070): GC_FOR_ALLOC freed 1884K, 36% free 7889K/12152K, paused 2ms, total 2ms
02-03 10:48:03.701 D/dalvikvm( 2070): GC_FOR_ALLOC freed 1901K, 36% free 7891K/12152K, paused 2ms, total 2ms
02-03 10:48:03.701 D/dalvikvm( 2070): GC_FOR_ALLOC freed 1918K, 36% free 7892K/12152K, paused 2ms, total 2ms
02-03 10:48:03.711 D/dalvikvm( 2070): GC_FOR_ALLOC freed 1935K, 36% free 7894K/12152K, paused 2ms, total 3ms
02-03 10:48:03.711 D/dalvikvm( 2070): GC_FOR_ALLOC freed 1951K, 36% free 7896K/12152K, paused 3ms, total 3ms
02-03 10:48:03.711 D/dalvikvm( 2070): GC_FOR_ALLOC freed 1968K, 36% free 7898K/12152K, paused 2ms, total 2ms
02-03 10:48:03.721 D/dalvikvm( 2070): GC_FOR_ALLOC freed 1985K, 35% free 7900K/12152K, paused 2ms, total 2ms
02-03 10:48:03.721 D/dalvikvm( 2070): GC_FOR_ALLOC freed 1858K, 36% free 7830K/12152K, paused 2ms, total 2ms
02-03 10:48:03.731 D/dalvikvm( 2070): GC_FOR_ALLOC freed 2017K, 36% free 7831K/12152K, paused 2ms, total 2ms
02-03 10:48:03.731 D/dalvikvm( 2070): GC_FOR_ALLOC freed 1669K, 34% free 8050K/12152K, paused 2ms, total 2ms
02-03 10:48:03.731 D/dalvikvm( 2070): GC_FOR_ALLOC freed 1901K, 36% free 7834K/12152K, paused 2ms, total 2ms
02-03 10:48:03.741 D/dalvikvm( 2070): GC_FOR_ALLOC freed 1693K, 35% free 7908K/12152K, paused 3ms, total 3ms
02-03 10:48:03.741 D/dalvikvm( 2070): GC_FOR_ALLOC freed 1556K, 34% free 8057K/12152K, paused 2ms, total 2ms
02-03 10:48:03.751 D/dalvikvm( 2070): GC_FOR_ALLOC freed 1565K, 35% free 7910K/12152K, paused 2ms, total 2ms
02-03 10:48:03.751 D/dalvikvm( 2070): GC_FOR_ALLOC freed 1575K, 35% free 7912K/12152K, paused 3ms, total 3ms
02-03 10:48:03.751 D/dalvikvm( 2070): GC_FOR_ALLOC freed 1584K, 34% free 8064K/12152K, paused 2ms, total 2ms
02-03 10:48:03.761 D/dalvikvm( 2070): GC_FOR_ALLOC freed 1594K, 34% free 8066K/12152K, paused 2ms, total 2ms
02-03 10:48:03.761 D/dalvikvm( 2070): GC_FOR_ALLOC freed 1603K, 35% free 7916K/12152K, paused 2ms, total 2ms
02-03 10:48:03.761 D/dalvikvm( 2070): GC_FOR_ALLOC freed 1612K, 35% free 7917K/12152K, paused 2ms, total 2ms
02-03 10:48:03.771 D/dalvikvm( 2070): GC_FOR_ALLOC freed 1622K, 34% free 8073K/12152K, paused 3ms, total 3ms
02-03 10:48:03.771 D/dalvikvm( 2070): GC_FOR_ALLOC freed 1631K, 34% free 8075K/12152K, paused 3ms, total 3ms
02-03 10:48:03.781 D/dalvikvm( 2070): GC_FOR_ALLOC freed 1641K, 35% free 7921K/12152K, paused 2ms, total 2ms
02-03 10:48:03.781 D/dalvikvm( 2070): GC_FOR_ALLOC freed 1650K, 35% free 7922K/12152K, paused 2ms, total 2ms
02-03 10:48:03.781 D/dalvikvm( 2070): GC_FOR_ALLOC freed 1659K, 34% free 8082K/12152K, paused 2ms, total 2ms
02-03 10:48:03.791 D/dalvikvm( 2070): GC_FOR_ALLOC freed 1669K, 34% free 8084K/12152K, paused 2ms, total 2ms
02-03 10:48:03.791 D/dalvikvm( 2070): GC_FOR_ALLOC freed 1679K, 35% free 7926K/12152K, paused 2ms, total 2ms
02-03 10:48:03.791 D/dalvikvm( 2070): GC_FOR_ALLOC freed 1690K, 35% free 7928K/12152K, paused 2ms, total 2ms
02-03 10:48:03.801 D/dalvikvm( 2070): GC_FOR_ALLOC freed 1699K, 34% free 8091K/12152K, paused 2ms, total 2ms
02-03 10:48:03.801 D/dalvikvm( 2070): GC_FOR_ALLOC freed 1709K, 34% free 8093K/12152K, paused 2ms, total 2ms
02-03 10:48:03.811 D/dalvikvm( 2070): GC_FOR_ALLOC freed 1719K, 35% free 7932K/12152K, paused 3ms, total 3ms
02-03 10:48:03.811 D/dalvikvm( 2070): GC_FOR_ALLOC freed 1729K, 35% free 7934K/12152K, paused 2ms, total 2ms
02-03 10:48:03.811 D/dalvikvm( 2070): GC_FOR_ALLOC freed 1738K, 34% free 8100K/12152K, paused 2ms, total 2ms
02-03 10:48:03.821 D/dalvikvm( 2070): GC_FOR_ALLOC freed 1749K, 35% free 7937K/12152K, paused 2ms, total 2ms
02-03 10:48:03.821 D/dalvikvm( 2070): GC_FOR_ALLOC freed 1759K, 35% free 7938K/12152K, paused 3ms, total 3ms
02-03 10:48:03.831 D/dalvikvm( 2070): GC_FOR_ALLOC freed 1600K, 36% free 7856K/12152K, paused 3ms, total 3ms
02-03 10:48:03.831 D/dalvikvm( 2070): GC_FOR_ALLOC freed 1353K, 34% free 8109K/12152K, paused 3ms, total 3ms
02-03 10:48:03.841 D/dalvikvm( 2070): GC_FOR_ALLOC freed 1784K, 35% free 7942K/12152K, paused 3ms, total 3ms
02-03 10:48:03.841 D/dalvikvm( 2070): GC_FOR_ALLOC freed 1794K, 35% free 7943K/12152K, paused 3ms, total 3ms
02-03 10:48:03.841 D/dalvikvm( 2070): GC_FOR_ALLOC freed 1631K, 36% free 7859K/12152K, paused 2ms, total 3ms
02-03 10:48:03.851 D/dalvikvm( 2070): GC_FOR_ALLOC freed 1379K, 34% free 8117K/12152K, paused 3ms, total 3ms
02-03 10:48:03.861 D/dalvikvm( 2070): GC_FOR_ALLOC freed 1645K, 36% free 7860K/12152K, paused 3ms, total 3ms
02-03 10:48:03.871 D/dalvikvm( 2070): GC_FOR_ALLOC freed 1391K, 34% free 8121K/12152K, paused 3ms, total 3ms
02-03 10:48:03.871 D/dalvikvm( 2070): GC_FOR_ALLOC freed 1660K, 36% free 7862K/12152K, paused 3ms, total 3ms
02-03 10:48:03.881 D/dalvikvm( 2070): GC_FOR_ALLOC freed 1403K, 34% free 8125K/12152K, paused 4ms, total 4ms
02-03 10:48:03.881 D/dalvikvm( 2070): GC_FOR_ALLOC freed 1674K, 36% free 7863K/12152K, paused 2ms, total 3ms
02-03 10:48:03.891 D/dalvikvm( 2070): GC_FOR_ALLOC freed 1415K, 34% free 8129K/12152K, paused 2ms, total 2ms
02-03 10:48:03.891 D/dalvikvm( 2070): GC_FOR_ALLOC freed 1688K, 36% free 7865K/12152K, paused 2ms, total 2ms
02-03 10:48:03.891 D/dalvikvm( 2070): GC_FOR_ALLOC freed 1427K, 35% free 7954K/12152K, paused 3ms, total 3ms
02-03 10:48:03.901 D/dalvikvm( 2070): GC_FOR_ALLOC freed 1253K, 35% free 7955K/12152K, paused 2ms, total 2ms
02-03 10:48:03.901 D/dalvikvm( 2070): GC_FOR_ALLOC freed 1257K, 34% free 8135K/12152K, paused 3ms, total 3ms
02-03 10:48:03.911 D/dalvikvm( 2070): GC_FOR_ALLOC freed 1713K, 36% free 7868K/12152K, paused 3ms, total 3ms
02-03 10:48:03.911 D/dalvikvm( 2070): GC_FOR_ALLOC freed 1448K, 35% free 7958K/12152K, paused 2ms, total 2ms
02-03 10:48:03.911 D/dalvikvm( 2070): GC_FOR_ALLOC freed 1272K, 35% free 7959K/12152K, paused 3ms, total 3ms
02-03 10:48:03.921 D/dalvikvm( 2070): GC_FOR_ALLOC freed 1276K, 33% free 8142K/12152K, paused 2ms, total 2ms
02-03 10:48:03.921 D/dalvikvm( 2070): GC_FOR_ALLOC freed 1739K, 36% free 7870K/12152K, paused 2ms, total 2ms
02-03 10:48:03.921 D/dalvikvm( 2070): GC_FOR_ALLOC freed 1470K, 35% free 7962K/12152K, paused 2ms, total 3ms
02-03 10:48:03.931 D/dalvikvm( 2070): GC_FOR_ALLOC freed 1291K, 35% free 7963K/12152K, paused 2ms, total 2ms
02-03 10:48:03.931 D/dalvikvm( 2070): GC_FOR_ALLOC freed 1295K, 33% free 8149K/12152K, paused 2ms, total 2ms
02-03 10:48:03.931 D/dalvikvm( 2070): GC_FOR_ALLOC freed 1765K, 36% free 7873K/12152K, paused 3ms, total 3ms
02-03 10:48:03.941 D/dalvikvm( 2070): GC_FOR_ALLOC freed 1491K, 35% free 7966K/12152K, paused 2ms, total 2ms
02-03 10:48:03.951 D/dalvikvm( 2070): GC_FOR_ALLOC freed 1310K, 35% free 7967K/12152K, paused 7ms, total 7ms
02-03 10:48:03.951 D/dalvikvm( 2070): GC_FOR_ALLOC freed 1314K, 33% free 8156K/12152K, paused 3ms, total 3ms
02-03 10:48:03.961 D/dalvikvm( 2070): GC_FOR_ALLOC freed 1318K, 33% free 8157K/12152K, paused 4ms, total 4ms
02-03 10:48:03.961 D/dalvikvm( 2070): GC_FOR_ALLOC freed 1322K, 33% free 8159K/12152K, paused 2ms, total 2ms
02-03 10:48:03.971 D/dalvikvm( 2070): GC_FOR_ALLOC freed 1326K, 33% free 8160K/12152K, paused 3ms, total 3ms
02-03 10:48:03.971 I/chromium( 6391): [INFO:CONSOLE(36)] "Uncaught SecurityError: Failed to execute 'webkitRequestFileSystemSync' on 'WorkerGlobalScope': It was determined that certain files are unsafe for access within a Web application, or that too many calls are being made on file resources.", source: app://org.xwalk.webapi_noneservice_tests//opt/tct-filewriterapi-w3c-tests/filewriterapi/filewriter_sync.js (36)
02-03 10:48:03.971 D/dalvikvm( 2070): GC_FOR_ALLOC freed 1330K, 33% free 8162K/12152K, paused 3ms, total 3ms
02-03 10:48:03.981 D/dalvikvm( 2070): GC_FOR_ALLOC freed 1335K, 33% free 8163K/12152K, paused 4ms, total 4ms
02-03 10:48:03.981 D/dalvikvm( 2070): GC_FOR_ALLOC freed 1339K, 33% free 8165K/12152K, paused 3ms, total 3ms
02-03 10:48:03.981 D/dalvikvm( 2070): GC_FOR_ALLOC freed 1343K, 33% free 8166K/12152K, paused 3ms, total 3ms
02-03 10:48:03.991 D/dalvikvm( 2070): GC_FOR_ALLOC freed 1347K, 33% free 8168K/12152K, paused 2ms, total 2ms
02-03 10:48:03.991 D/dalvikvm( 2070): GC_FOR_ALLOC freed 1351K, 33% free 8169K/12152K, paused 3ms, total 3ms
02-03 10:48:04.001 D/dalvikvm( 2070): GC_FOR_ALLOC freed 1356K, 33% free 8170K/12152K, paused 3ms, total 3ms
02-03 10:48:04.001 D/dalvikvm( 2070): GC_FOR_ALLOC freed 1360K, 33% free 8172K/12152K, paused 2ms, total 2ms
02-03 10:48:04.001 D/dalvikvm( 2070): GC_FOR_ALLOC freed 1364K, 33% free 8173K/12152K, paused 3ms, total 3ms
02-03 10:48:04.011 D/dalvikvm( 2070): GC_FOR_ALLOC freed 1368K, 33% free 8175K/12152K, paused 2ms, total 2ms
02-03 10:48:04.011 D/dalvikvm( 2070): GC_FOR_ALLOC freed 1372K, 33% free 8176K/12152K, paused 2ms, total 2ms
02-03 10:48:04.011 D/dalvikvm( 2070): GC_FOR_ALLOC freed 1376K, 33% free 8178K/12152K, paused 2ms, total 2ms
02-03 10:48:04.021 D/dalvikvm( 2070): GC_FOR_ALLOC freed 1381K, 33% free 8179K/12152K, paused 3ms, total 3ms
02-03 10:48:04.021 D/dalvikvm( 2070): GC_FOR_ALLOC freed 1385K, 33% free 8181K/12152K, paused 2ms, total 2ms
02-03 10:48:04.021 D/dalvikvm( 2070): GC_FOR_ALLOC freed 1389K, 33% free 8182K/12152K, paused 3ms, total 3ms
02-03 10:48:04.031 D/dalvikvm( 2070): GC_FOR_ALLOC freed 1393K, 33% free 8184K/12152K, paused 2ms, total 2ms
02-03 10:48:04.031 D/dalvikvm( 2070): GC_FOR_ALLOC freed 1397K, 33% free 8185K/12152K, paused 2ms, total 2ms
02-03 10:48:04.031 D/dalvikvm( 2070): GC_FOR_ALLOC freed 1402K, 33% free 8187K/12152K, paused 2ms, total 2ms
02-03 10:48:04.041 D/dalvikvm( 2070): GC_FOR_ALLOC freed 1406K, 33% free 8188K/12152K, paused 3ms, total 3ms
02-03 10:48:04.041 D/dalvikvm( 2070): GC_FOR_ALLOC freed 1410K, 33% free 8190K/12152K, paused 2ms, total 2ms
02-03 10:48:04.041 D/dalvikvm( 2070): GC_FOR_ALLOC freed 1414K, 33% free 8191K/12152K, paused 2ms, total 2ms
02-03 10:48:04.051 D/dalvikvm( 2070): GC_FOR_ALLOC freed 1418K, 33% free 8193K/12152K, paused 2ms, total 2ms
02-03 10:48:04.051 D/dalvikvm( 2070): GC_FOR_ALLOC freed 1423K, 35% free 7991K/12152K, paused 2ms, total 2ms
02-03 10:48:04.061 D/dalvikvm( 2070): GC_FOR_ALLOC freed 1223K, 36% free 7891K/12152K, paused 3ms, total 3ms
02-03 10:48:04.061 D/dalvikvm( 2070): GC_FOR_ALLOC freed 1431K, 36% free 7892K/12152K, paused 2ms, total 2ms
02-03 10:48:04.061 D/dalvikvm( 2070): GC_FOR_ALLOC freed 1435K, 36% free 7892K/12152K, paused 3ms, total 3ms
02-03 10:48:04.071 D/dalvikvm( 2070): GC_FOR_ALLOC freed 1439K, 36% free 7893K/12152K, paused 2ms, total 2ms
02-03 10:48:04.071 D/dalvikvm( 2070): GC_FOR_ALLOC freed 1444K, 36% free 7893K/12152K, paused 3ms, total 3ms
02-03 10:48:04.071 D/dalvikvm( 2070): GC_FOR_ALLOC freed 1564K, 36% free 7891K/12152K, paused 3ms, total 3ms
02-03 10:48:04.081 D/dalvikvm( 2070): GC_FOR_ALLOC freed 1401K, 33% free 8222K/12152K, paused 2ms, total 2ms
02-03 10:48:04.081 D/dalvikvm( 2070): GC_FOR_ALLOC freed 1323K, 36% free 7896K/12152K, paused 2ms, total 2ms
02-03 10:48:04.091 D/dalvikvm( 2070): GC_FOR_ALLOC freed 997K, 33% free 8229K/12152K, paused 2ms, total 2ms
02-03 10:48:04.091 D/dalvikvm( 2070): GC_FOR_ALLOC freed 1330K, 36% free 7896K/12152K, paused 2ms, total 2ms
02-03 10:48:04.091 W/System.err( 2070): java.lang.ArrayIndexOutOfBoundsException: length=113575; index=-32768
02-03 10:48:04.091 W/System.err( 2070): 	at com.googlehelp.service.l.a(Unknown Source)
02-03 10:48:04.091 W/System.err( 2070): 	at com.googlehelp.service.l.a(Unknown Source)
02-03 10:48:04.091 W/System.err( 2070): 	at com.googlehelp.service.l.a(Unknown Source)
02-03 10:48:04.091 W/System.err( 2070): 	at com.googlehelp.service.h.a(Unknown Source)
02-03 10:48:04.091 W/System.err( 2070): 	at com.googlehelp.service.h.run(Unknown Source)
02-03 10:48:04.091 W/System.err( 2070): 	at java.util.Timer$TimerImpl.run(Timer.java:284)
02-03 10:48:04.151 D/dalvikvm( 2070): GC_CONCURRENT freed 3917K, 34% free 8064K/12152K, paused 1ms+1ms, total 6ms
02-03 10:48:04.151 D/dalvikvm( 2070): WAIT_FOR_CONCURRENT_GC blocked 5ms
02-03 10:48:04.161 D/dalvikvm( 2070): GC_FOR_ALLOC freed 3651K, 35% free 8028K/12184K, paused 4ms, total 4ms
02-03 10:48:04.161 D/dalvikvm( 2070): GC_FOR_ALLOC freed 3311K, 34% free 8047K/12184K, paused 4ms, total 4ms
02-03 10:48:04.171 D/dalvikvm( 2070): GC_FOR_ALLOC freed 3238K, 34% free 8093K/12184K, paused 4ms, total 4ms
02-03 10:48:04.181 D/dalvikvm( 2070): GC_FOR_ALLOC freed 2991K, 35% free 8029K/12184K, paused 3ms, total 3ms
02-03 10:48:04.181 D/dalvikvm( 2070): GC_FOR_ALLOC freed 2917K, 34% free 8058K/12184K, paused 4ms, total 4ms
02-03 10:48:04.191 D/dalvikvm( 2070): GC_FOR_ALLOC freed 2624K, 34% free 8062K/12184K, paused 4ms, total 4ms
02-03 10:48:04.191 D/dalvikvm( 2070): GC_FOR_ALLOC freed 2692K, 34% free 8097K/12184K, paused 3ms, total 3ms
02-03 10:48:04.201 D/dalvikvm( 2070): GC_FOR_ALLOC freed 2544K, 34% free 8102K/12184K, paused 3ms, total 3ms
02-03 10:48:04.201 D/dalvikvm( 2070): GC_FOR_ALLOC freed 2600K, 34% free 8072K/12184K, paused 3ms, total 3ms
02-03 10:48:04.211 D/dalvikvm( 2070): GC_FOR_ALLOC freed 2350K, 33% free 8184K/12184K, paused 3ms, total 3ms
02-03 10:48:04.221 D/dalvikvm( 2070): GC_FOR_ALLOC freed 2632K, 35% free 8116K/12300K, paused 4ms, total 4ms
02-03 10:48:04.221 D/dalvikvm( 2070): GC_FOR_ALLOC freed 2657K, 35% free 8081K/12300K, paused 4ms, total 4ms
02-03 10:48:04.231 D/dalvikvm( 2070): GC_FOR_ALLOC freed 2633K, 34% free 8124K/12300K, paused 3ms, total 3ms
02-03 10:48:04.231 D/dalvikvm( 2070): GC_FOR_ALLOC freed 2644K, 34% free 8129K/12300K, paused 3ms, total 3ms
02-03 10:48:04.241 D/dalvikvm( 2070): GC_FOR_ALLOC freed 2642K, 35% free 8089K/12300K, paused 3ms, total 3ms
02-03 10:48:04.241 D/dalvikvm( 2070): GC_FOR_ALLOC freed 2495K, 35% free 8092K/12300K, paused 4ms, total 4ms
02-03 10:48:04.251 D/dalvikvm( 2070): GC_FOR_ALLOC freed 2562K, 35% free 8094K/12300K, paused 3ms, total 3ms
02-03 10:48:04.261 D/dalvikvm( 2070): GC_FOR_ALLOC freed 2629K, 35% free 8096K/12300K, paused 3ms, total 3ms
02-03 10:48:04.261 D/dalvikvm( 2070): GC_FOR_ALLOC freed 2696K, 35% free 8099K/12300K, paused 3ms, total 3ms
02-03 10:48:04.271 D/dalvikvm( 2070): GC_FOR_ALLOC freed 2513K, 33% free 8249K/12300K, paused 3ms, total 3ms
02-03 10:48:04.271 D/dalvikvm( 2070): GC_FOR_ALLOC freed 2467K, 34% free 8153K/12300K, paused 4ms, total 4ms
02-03 10:48:04.281 D/dalvikvm( 2070): GC_FOR_ALLOC freed 2415K, 35% free 8105K/12300K, paused 3ms, total 3ms
02-03 10:48:04.281 D/dalvikvm( 2070): GC_FOR_ALLOC freed 2673K, 34% free 8159K/12300K, paused 3ms, total 4ms
02-03 10:48:04.291 D/dalvikvm( 2070): GC_FOR_ALLOC freed 2513K, 35% free 8109K/12300K, paused 3ms, total 3ms
02-03 10:48:04.291 D/dalvikvm( 2070): GC_FOR_ALLOC freed 2670K, 35% free 8111K/12300K, paused 4ms, total 4ms
02-03 10:48:04.301 D/dalvikvm( 2070): GC_FOR_ALLOC freed 2721K, 35% free 8113K/12300K, paused 3ms, total 3ms
02-03 10:48:04.301 D/dalvikvm( 2070): GC_FOR_ALLOC freed 2373K, 35% free 8115K/12300K, paused 3ms, total 3ms
02-03 10:48:04.311 D/dalvikvm( 2070): GC_FOR_ALLOC freed 2121K, 34% free 8174K/12300K, paused 3ms, total 3ms
02-03 10:48:04.311 D/dalvikvm( 2070): GC_FOR_ALLOC freed 2034K, 34% free 8176K/12300K, paused 3ms, total 3ms
02-03 10:48:04.321 D/dalvikvm( 2070): GC_FOR_ALLOC freed 2060K, 34% free 8178K/12300K, paused 3ms, total 3ms
02-03 10:48:04.321 D/dalvikvm( 2070): GC_FOR_ALLOC freed 2086K, 34% free 8181K/12300K, paused 3ms, total 3ms
02-03 10:48:04.331 D/dalvikvm( 2070): GC_FOR_ALLOC freed 2112K, 34% free 8183K/12300K, paused 3ms, total 3ms
02-03 10:48:04.331 D/dalvikvm( 2070): GC_FOR_ALLOC freed 2139K, 34% free 8185K/12300K, paused 3ms, total 3ms
02-03 10:48:04.331 D/dalvikvm( 2070): GC_FOR_ALLOC freed 2165K, 34% free 8187K/12300K, paused 3ms, total 3ms
02-03 10:48:04.341 D/dalvikvm( 2070): GC_FOR_ALLOC freed 2191K, 34% free 8189K/12300K, paused 3ms, total 3ms
02-03 10:48:04.341 D/dalvikvm( 2070): GC_FOR_ALLOC freed 2217K, 34% free 8192K/12300K, paused 3ms, total 3ms
02-03 10:48:04.351 D/dalvikvm( 2070): GC_FOR_ALLOC freed 2243K, 34% free 8194K/12300K, paused 3ms, total 3ms
02-03 10:48:04.351 D/dalvikvm( 2070): GC_FOR_ALLOC freed 2139K, 34% free 8132K/12300K, paused 4ms, total 4ms
02-03 10:48:04.361 D/dalvikvm( 2070): GC_FOR_ALLOC freed 1964K, 33% free 8329K/12300K, paused 3ms, total 3ms
02-03 10:48:04.361 D/dalvikvm( 2070): GC_FOR_ALLOC freed 2184K, 34% free 8134K/12300K, paused 3ms, total 3ms
02-03 10:48:04.371 D/dalvikvm( 2070): GC_FOR_ALLOC freed 2005K, 33% free 8336K/12300K, paused 4ms, total 4ms
02-03 10:48:04.371 D/dalvikvm( 2070): GC_FOR_ALLOC freed 2228K, 34% free 8137K/12300K, paused 3ms, total 3ms
02-03 10:48:04.381 D/dalvikvm( 2070): GC_FOR_ALLOC freed 2045K, 34% free 8206K/12300K, paused 3ms, total 3ms
02-03 10:48:04.381 D/dalvikvm( 2070): GC_FOR_ALLOC freed 1926K, 33% free 8346K/12300K, paused 4ms, total 4ms
02-03 10:48:04.391 D/dalvikvm( 2070): GC_FOR_ALLOC freed 2292K, 35% free 8141K/12440K, paused 3ms, total 3ms
02-03 10:48:04.391 D/dalvikvm( 2070): GC_FOR_ALLOC freed 2103K, 33% free 8352K/12440K, paused 3ms, total 3ms
02-03 10:48:04.401 D/dalvikvm( 2070): GC_FOR_ALLOC freed 2336K, 35% free 8144K/12440K, paused 3ms, total 3ms
02-03 10:48:04.401 D/dalvikvm( 2070): GC_FOR_ALLOC freed 2144K, 33% free 8359K/12440K, paused 3ms, total 3ms
02-03 10:48:04.411 D/dalvikvm( 2070): GC_FOR_ALLOC freed 2381K, 35% free 8146K/12440K, paused 3ms, total 3ms
02-03 10:48:04.411 D/dalvikvm( 2070): GC_FOR_ALLOC freed 2184K, 33% free 8366K/12440K, paused 3ms, total 3ms
02-03 10:48:04.421 D/dalvikvm( 2070): GC_FOR_ALLOC freed 2425K, 35% free 8149K/12440K, paused 3ms, total 3ms
02-03 10:48:04.421 D/dalvikvm( 2070): GC_FOR_ALLOC freed 2224K, 33% free 8372K/12440K, paused 3ms, total 3ms
02-03 10:48:04.431 D/dalvikvm( 2070): GC_FOR_ALLOC freed 2093K, 33% free 8375K/12440K, paused 3ms, total 3ms
02-03 10:48:04.431 D/dalvikvm( 2070): GC_FOR_ALLOC freed 2110K, 34% free 8228K/12440K, paused 3ms, total 3ms
02-03 10:48:04.441 D/dalvikvm( 2070): GC_FOR_ALLOC freed 2127K, 34% free 8229K/12440K, paused 3ms, total 3ms
02-03 10:48:04.441 D/dalvikvm( 2070): GC_FOR_ALLOC freed 2144K, 34% free 8231K/12440K, paused 3ms, total 3ms
02-03 10:48:04.451 D/dalvikvm( 2070): GC_FOR_ALLOC freed 2160K, 34% free 8233K/12440K, paused 3ms, total 3ms
02-03 10:48:04.451 D/dalvikvm( 2070): GC_FOR_ALLOC freed 2177K, 34% free 8235K/12440K, paused 3ms, total 3ms
02-03 10:48:04.451 D/dalvikvm( 2070): GC_FOR_ALLOC freed 2194K, 34% free 8237K/12440K, paused 3ms, total 3ms
02-03 10:48:04.461 D/dalvikvm( 2070): GC_FOR_ALLOC freed 2211K, 34% free 8238K/12440K, paused 3ms, total 3ms
02-03 10:48:04.461 D/dalvikvm( 2070): GC_FOR_ALLOC freed 2068K, 35% free 8161K/12440K, paused 4ms, total 4ms
02-03 10:48:04.471 D/dalvikvm( 2070): GC_FOR_ALLOC freed 2244K, 35% free 8162K/12440K, paused 3ms, total 3ms
02-03 10:48:04.471 D/dalvikvm( 2070): GC_FOR_ALLOC freed 2263K, 35% free 8164K/12440K, paused 3ms, total 3ms
02-03 10:48:04.481 D/dalvikvm( 2070): GC_FOR_ALLOC freed 2279K, 35% free 8165K/12440K, paused 3ms, total 3ms
02-03 10:48:04.481 D/dalvikvm( 2070): GC_FOR_ALLOC freed 2297K, 35% free 8166K/12440K, paused 3ms, total 3ms
02-03 10:48:04.491 D/dalvikvm( 2070): GC_FOR_ALLOC freed 2314K, 35% free 8167K/12440K, paused 3ms, total 3ms
02-03 10:48:04.491 D/dalvikvm( 2070): GC_FOR_ALLOC freed 1914K, 33% free 8418K/12440K, paused 3ms, total 3ms
02-03 10:48:04.501 D/dalvikvm( 2070): GC_FOR_ALLOC freed 2180K, 35% free 8170K/12440K, paused 3ms, total 3ms
02-03 10:48:04.501 D/dalvikvm( 2070): GC_FOR_ALLOC freed 1940K, 33% free 8423K/12440K, paused 3ms, total 3ms
02-03 10:48:04.511 D/dalvikvm( 2070): GC_FOR_ALLOC freed 2207K, 35% free 8172K/12440K, paused 3ms, total 3ms
02-03 10:48:04.511 D/dalvikvm( 2070): GC_FOR_ALLOC freed 1964K, 33% free 8428K/12440K, paused 3ms, total 3ms
02-03 10:48:04.521 D/dalvikvm( 2070): GC_FOR_ALLOC freed 2234K, 35% free 8174K/12440K, paused 4ms, total 4ms
02-03 10:48:04.521 D/dalvikvm( 2070): GC_FOR_ALLOC freed 1988K, 34% free 8261K/12440K, paused 3ms, total 3ms
02-03 10:48:04.531 D/dalvikvm( 2070): GC_FOR_ALLOC freed 1825K, 33% free 8436K/12440K, paused 3ms, total 3ms
02-03 10:48:04.531 D/dalvikvm( 2070): GC_FOR_ALLOC freed 1834K, 34% free 8263K/12440K, paused 3ms, total 3ms
02-03 10:48:04.541 D/dalvikvm( 2070): GC_FOR_ALLOC freed 1844K, 33% free 8440K/12440K, paused 3ms, total 3ms
02-03 10:48:04.541 D/dalvikvm( 2070): GC_FOR_ALLOC freed 1853K, 34% free 8266K/12440K, paused 3ms, total 3ms
02-03 10:48:04.551 D/dalvikvm( 2070): GC_FOR_ALLOC freed 1863K, 33% free 8445K/12440K, paused 3ms, total 3ms
02-03 10:48:04.551 D/dalvikvm( 2070): GC_FOR_ALLOC freed 1872K, 34% free 8269K/12440K, paused 3ms, total 3ms
02-03 10:48:04.551 D/dalvikvm( 2070): GC_FOR_ALLOC freed 1881K, 34% free 8270K/12440K, paused 3ms, total 3ms
02-03 10:48:04.561 D/dalvikvm( 2070): GC_FOR_ALLOC freed 1891K, 34% free 8271K/12440K, paused 3ms, total 3ms
02-03 10:48:04.561 D/dalvikvm( 2070): GC_FOR_ALLOC freed 1900K, 34% free 8273K/12440K, paused 3ms, total 3ms
02-03 10:48:04.571 D/dalvikvm( 2070): GC_FOR_ALLOC freed 1728K, 35% free 8184K/12440K, paused 4ms, total 4ms
02-03 10:48:04.571 D/dalvikvm( 2070): GC_FOR_ALLOC freed 1460K, 33% free 8457K/12440K, paused 3ms, total 3ms
02-03 10:48:04.581 D/dalvikvm( 2070): GC_FOR_ALLOC freed 1742K, 35% free 8185K/12440K, paused 3ms, total 3ms
02-03 10:48:04.581 D/dalvikvm( 2070): GC_FOR_ALLOC freed 1472K, 32% free 8461K/12440K, paused 3ms, total 3ms
02-03 10:48:04.591 D/dalvikvm( 2070): GC_FOR_ALLOC freed 1756K, 35% free 8187K/12440K, paused 3ms, total 3ms
02-03 10:48:04.591 D/dalvikvm( 2070): GC_FOR_ALLOC freed 1484K, 32% free 8465K/12440K, paused 3ms, total 3ms
02-03 10:48:04.591 D/dalvikvm( 2070): GC_FOR_ALLOC freed 1770K, 35% free 8188K/12440K, paused 3ms, total 3ms
02-03 10:48:04.601 D/dalvikvm( 2070): GC_FOR_ALLOC freed 1496K, 32% free 8469K/12440K, paused 3ms, total 3ms
02-03 10:48:04.601 D/dalvikvm( 2070): GC_FOR_ALLOC freed 1784K, 35% free 8190K/12440K, paused 3ms, total 3ms
02-03 10:48:04.611 D/dalvikvm( 2070): GC_FOR_ALLOC freed 1508K, 32% free 8472K/12440K, paused 3ms, total 3ms
02-03 10:48:04.611 D/dalvikvm( 2070): GC_FOR_ALLOC freed 1799K, 35% free 8191K/12440K, paused 3ms, total 3ms
02-03 10:48:04.621 D/dalvikvm( 2070): GC_FOR_ALLOC freed 1520K, 32% free 8476K/12440K, paused 3ms, total 3ms
02-03 10:48:04.621 D/dalvikvm( 2070): GC_FOR_ALLOC freed 1813K, 35% free 8193K/12440K, paused 3ms, total 3ms
02-03 10:48:04.621 D/dalvikvm( 2070): GC_FOR_ALLOC freed 1532K, 32% free 8480K/12440K, paused 3ms, total 3ms
02-03 10:48:04.631 D/dalvikvm( 2070): GC_FOR_ALLOC freed 1827K, 35% free 8194K/12440K, paused 3ms, total 3ms
02-03 10:48:04.631 D/dalvikvm( 2070): GC_FOR_ALLOC freed 1544K, 32% free 8484K/12440K, paused 3ms, total 3ms
02-03 10:48:04.641 D/dalvikvm( 2070): GC_FOR_ALLOC freed 1841K, 35% free 8196K/12440K, paused 3ms, total 3ms
02-03 10:48:04.641 D/dalvikvm( 2070): GC_FOR_ALLOC freed 1556K, 32% free 8487K/12440K, paused 3ms, total 3ms
02-03 10:48:04.651 D/dalvikvm( 2070): GC_FOR_ALLOC freed 1855K, 35% free 8197K/12440K, paused 3ms, total 3ms
02-03 10:48:04.651 D/dalvikvm( 2070): GC_FOR_ALLOC freed 1568K, 32% free 8491K/12440K, paused 3ms, total 3ms
02-03 10:48:04.651 D/dalvikvm( 2070): GC_FOR_ALLOC freed 1870K, 35% free 8199K/12440K, paused 3ms, total 3ms
02-03 10:48:04.661 D/dalvikvm( 2070): GC_FOR_ALLOC freed 1580K, 32% free 8495K/12440K, paused 3ms, total 3ms
02-03 10:48:04.661 D/dalvikvm( 2070): GC_FOR_ALLOC freed 1884K, 35% free 8200K/12440K, paused 3ms, total 3ms
02-03 10:48:04.671 D/dalvikvm( 2070): GC_FOR_ALLOC freed 1592K, 32% free 8499K/12440K, paused 3ms, total 3ms
02-03 10:48:04.671 D/dalvikvm( 2070): GC_FOR_ALLOC freed 1898K, 35% free 8202K/12440K, paused 3ms, total 4ms
02-03 10:48:04.681 D/dalvikvm( 2070): GC_FOR_ALLOC freed 1604K, 32% free 8502K/12440K, paused 3ms, total 3ms
02-03 10:48:04.681 D/dalvikvm( 2070): GC_FOR_ALLOC freed 1912K, 35% free 8203K/12440K, paused 4ms, total 4ms
02-03 10:48:04.691 D/dalvikvm( 2070): GC_FOR_ALLOC freed 1616K, 34% free 8304K/12440K, paused 3ms, total 3ms
02-03 10:48:04.691 D/dalvikvm( 2070): GC_FOR_ALLOC freed 1418K, 32% free 8508K/12440K, paused 3ms, total 3ms
02-03 10:48:04.701 D/dalvikvm( 2070): GC_FOR_ALLOC freed 1932K, 36% free 8205K/12644K, paused 3ms, total 3ms
02-03 10:48:04.701 D/dalvikvm( 2070): GC_FOR_ALLOC freed 1633K, 33% free 8512K/12644K, paused 3ms, total 3ms
02-03 10:48:04.711 D/dalvikvm( 2070): GC_FOR_ALLOC freed 1947K, 36% free 8207K/12644K, paused 3ms, total 3ms
02-03 10:48:04.711 D/dalvikvm( 2070): GC_FOR_ALLOC freed 1645K, 33% free 8515K/12644K, paused 3ms, total 3ms
02-03 10:48:04.711 D/dalvikvm( 2070): GC_FOR_ALLOC freed 1981K, 36% free 8208K/12644K, paused 3ms, total 3ms
02-03 10:48:04.721 D/dalvikvm( 2070): GC_FOR_ALLOC freed 2231K, 35% free 8307K/12644K, paused 4ms, total 4ms
02-03 10:48:04.731 D/dalvikvm( 2070): GC_FOR_ALLOC freed 1545K, 33% free 8535K/12644K, paused 2ms, total 3ms
02-03 10:48:04.731 D/dalvikvm( 2070): GC_FOR_ALLOC freed 1552K, 35% free 8314K/12644K, paused 3ms, total 3ms
02-03 10:48:04.741 D/dalvikvm( 2070): GC_FOR_ALLOC freed 1404K, 40% free 7687K/12644K, paused 3ms, total 3ms
02-03 10:48:04.741 D/dalvikvm( 2070): GC_FOR_ALLOC freed 4K, 32% free 8708K/12644K, paused 2ms, total 2ms
02-03 10:48:04.741 I/dalvikvm-heap( 2070): Grow heap (frag case) to 9.546MB for 1048592-byte allocation
02-03 10:48:04.741 D/dalvikvm( 2070): GC_FOR_ALLOC freed 4K, 29% free 9728K/13672K, paused 2ms, total 2ms
02-03 10:48:04.741 D/dalvikvm( 2070): GC_FOR_ALLOC freed <1K, 29% free 9728K/13672K, paused 2ms, total 2ms
02-03 10:48:04.751 I/dalvikvm-heap( 2070): Grow heap (frag case) to 10.542MB for 1048592-byte allocation
02-03 10:48:04.751 D/dalvikvm( 2070): GC_FOR_ALLOC freed 0K, 27% free 10752K/14700K, paused 3ms, total 3ms
02-03 10:48:04.821 D/dalvikvm( 2070): GC_CONCURRENT freed 6796K, 47% free 8006K/14892K, paused 1ms+2ms, total 17ms
02-03 10:48:04.821 D/dalvikvm( 2070): WAIT_FOR_CONCURRENT_GC blocked 16ms
02-03 10:48:04.831 D/dalvikvm( 2070): GC_CONCURRENT freed 4015K, 37% free 8071K/12656K, paused 1ms+1ms, total 6ms
02-03 10:48:04.831 D/dalvikvm( 2070): WAIT_FOR_CONCURRENT_GC blocked 4ms
02-03 10:48:04.841 D/dalvikvm( 2070): GC_FOR_ALLOC freed 3723K, 37% free 8043K/12656K, paused 5ms, total 5ms
02-03 10:48:04.851 D/dalvikvm( 2070): GC_FOR_ALLOC freed 3619K, 37% free 8001K/12656K, paused 6ms, total 6ms
02-03 10:48:04.861 D/dalvikvm( 2070): GC_FOR_ALLOC freed 3426K, 37% free 7977K/12656K, paused 4ms, total 4ms
02-03 10:48:04.861 D/dalvikvm( 2070): GC_FOR_ALLOC freed 3050K, 37% free 7974K/12656K, paused 4ms, total 4ms
02-03 10:48:04.871 D/dalvikvm( 2070): GC_FOR_ALLOC freed 3059K, 37% free 8002K/12656K, paused 3ms, total 3ms
02-03 10:48:04.881 D/dalvikvm( 2070): GC_FOR_ALLOC freed 3025K, 37% free 7998K/12656K, paused 4ms, total 4ms
02-03 10:48:04.881 D/dalvikvm( 2070): GC_FOR_ALLOC freed 2946K, 37% free 7997K/12656K, paused 3ms, total 3ms
02-03 10:48:04.891 D/dalvikvm( 2070): GC_FOR_ALLOC freed 2833K, 37% free 7996K/12656K, paused 3ms, total 3ms
02-03 10:48:04.891 D/dalvikvm( 2070): GC_FOR_ALLOC freed 2959K, 37% free 7996K/12656K, paused 3ms, total 3ms
02-03 10:48:04.901 D/dalvikvm( 2070): GC_FOR_ALLOC freed 2882K, 36% free 8116K/12656K, paused 3ms, total 3ms
02-03 10:48:04.901 D/dalvikvm( 2070): GC_FOR_ALLOC freed 2830K, 37% free 8026K/12656K, paused 3ms, total 3ms
02-03 10:48:04.911 D/dalvikvm( 2070): GC_FOR_ALLOC freed 2799K, 36% free 8155K/12656K, paused 3ms, total 3ms
02-03 10:48:04.911 D/dalvikvm( 2070): GC_FOR_ALLOC freed 2799K, 37% free 8068K/12656K, paused 3ms, total 3ms
02-03 10:48:04.921 D/dalvikvm( 2070): GC_FOR_ALLOC freed 2560K, 36% free 8159K/12656K, paused 3ms, total 3ms
02-03 10:48:04.921 D/dalvikvm( 2070): GC_FOR_ALLOC freed 2865K, 37% free 8020K/12656K, paused 3ms, total 3ms
02-03 10:48:04.931 D/dalvikvm( 2070): GC_FOR_ALLOC freed 2797K, 36% free 8164K/12656K, paused 3ms, total 3ms
02-03 10:48:04.931 D/dalvikvm( 2070): GC_FOR_ALLOC freed 2769K, 37% free 8066K/12656K, paused 3ms, total 3ms
02-03 10:48:04.941 D/dalvikvm( 2070): GC_FOR_ALLOC freed 2836K, 37% free 8066K/12656K, paused 3ms, total 3ms
02-03 10:48:04.941 D/dalvikvm( 2070): GC_FOR_ALLOC freed 2799K, 37% free 8046K/12656K, paused 3ms, total 3ms
02-03 10:48:04.951 D/dalvikvm( 2070): GC_FOR_ALLOC freed 2700K, 36% free 8203K/12656K, paused 3ms, total 4ms
02-03 10:48:04.951 D/dalvikvm( 2070): GC_FOR_ALLOC freed 2647K, 36% free 8204K/12656K, paused 3ms, total 3ms
02-03 10:48:04.961 D/dalvikvm( 2070): GC_FOR_ALLOC freed 2698K, 36% free 8206K/12656K, paused 3ms, total 3ms
02-03 10:48:04.961 D/dalvikvm( 2070): GC_FOR_ALLOC freed 2749K, 36% free 8207K/12656K, paused 3ms, total 3ms
02-03 10:48:04.971 D/dalvikvm( 2070): GC_FOR_ALLOC freed 2686K, 37% free 8036K/12656K, paused 3ms, total 3ms
02-03 10:48:04.971 D/dalvikvm( 2070): GC_FOR_ALLOC freed 2556K, 36% free 8209K/12656K, paused 3ms, total 3ms
02-03 10:48:04.981 D/dalvikvm( 2070): GC_FOR_ALLOC freed 2479K, 36% free 8209K/12656K, paused 3ms, total 3ms
02-03 10:48:04.981 D/dalvikvm( 2070): GC_FOR_ALLOC freed 2517K, 35% free 8242K/12656K, paused 3ms, total 3ms
02-03 10:48:04.991 D/dalvikvm( 2070): GC_FOR_ALLOC freed 2555K, 36% free 8120K/12656K, paused 3ms, total 3ms
02-03 10:48:04.991 D/dalvikvm( 2070): GC_FOR_ALLOC freed 2468K, 37% free 8057K/12656K, paused 3ms, total 3ms
02-03 10:48:05.001 D/dalvikvm( 2070): GC_FOR_ALLOC freed 2628K, 37% free 8055K/12656K, paused 3ms, total 3ms
02-03 10:48:05.001 D/dalvikvm( 2070): GC_FOR_ALLOC freed 2666K, 37% free 8053K/12656K, paused 3ms, total 3ms
02-03 10:48:05.011 D/dalvikvm( 2070): GC_FOR_ALLOC freed 2380K, 35% free 8243K/12656K, paused 3ms, total 3ms
02-03 10:48:05.011 D/dalvikvm( 2070): GC_FOR_ALLOC freed 2278K, 35% free 8243K/12656K, paused 3ms, total 3ms
02-03 10:48:05.021 D/dalvikvm( 2070): GC_FOR_ALLOC freed 2305K, 35% free 8243K/12656K, paused 3ms, total 3ms
02-03 10:48:05.021 D/dalvikvm( 2070): GC_FOR_ALLOC freed 2331K, 35% free 8274K/12656K, paused 3ms, total 3ms
02-03 10:48:05.031 D/dalvikvm( 2070): GC_FOR_ALLOC freed 2357K, 35% free 8274K/12656K, paused 3ms, total 3ms
02-03 10:48:05.031 D/dalvikvm( 2070): GC_FOR_ALLOC freed 2383K, 35% free 8274K/12656K, paused 3ms, total 3ms
02-03 10:48:05.031 D/dalvikvm( 2070): GC_FOR_ALLOC freed 2409K, 36% free 8136K/12656K, paused 3ms, total 3ms
02-03 10:48:05.041 D/dalvikvm( 2070): GC_FOR_ALLOC freed 2435K, 36% free 8134K/12656K, paused 3ms, total 3ms
02-03 10:48:05.041 D/dalvikvm( 2070): GC_FOR_ALLOC freed 2462K, 35% free 8273K/12656K, paused 3ms, total 3ms
02-03 10:48:05.051 D/dalvikvm( 2070): GC_FOR_ALLOC freed 2488K, 36% free 8131K/12656K, paused 3ms, total 3ms
02-03 10:48:05.051 D/dalvikvm( 2070): GC_FOR_ALLOC freed 2514K, 35% free 8273K/12656K, paused 3ms, total 3ms
02-03 10:48:05.061 D/dalvikvm( 2070): GC_FOR_ALLOC freed 2540K, 36% free 8159K/12656K, paused 3ms, total 3ms
02-03 10:48:05.061 D/dalvikvm( 2070): GC_FOR_ALLOC freed 2419K, 37% free 8084K/12656K, paused 3ms, total 3ms
02-03 10:48:05.071 D/dalvikvm( 2070): GC_FOR_ALLOC freed 2591K, 37% free 8082K/12656K, paused 3ms, total 3ms
02-03 10:48:05.071 D/dalvikvm( 2070): GC_FOR_ALLOC freed 2617K, 37% free 8079K/12656K, paused 3ms, total 3ms
02-03 10:48:05.081 D/dalvikvm( 2070): GC_FOR_ALLOC freed 2264K, 36% free 8152K/12656K, paused 3ms, total 3ms
02-03 10:48:05.081 D/dalvikvm( 2070): GC_FOR_ALLOC freed 2131K, 35% free 8301K/12656K, paused 3ms, total 3ms
02-03 10:48:05.091 D/dalvikvm( 2070): GC_FOR_ALLOC freed 2533K, 37% free 8071K/12656K, paused 3ms, total 3ms
02-03 10:48:05.091 D/dalvikvm( 2070): GC_FOR_ALLOC freed 2322K, 35% free 8300K/12656K, paused 3ms, total 3ms
02-03 10:48:05.101 D/dalvikvm( 2070): GC_FOR_ALLOC freed 2577K, 37% free 8098K/12656K, paused 3ms, total 3ms
02-03 10:48:05.101 D/dalvikvm( 2070): GC_FOR_ALLOC freed 2363K, 35% free 8331K/12656K, paused 3ms, total 3ms
02-03 10:48:05.111 D/dalvikvm( 2070): GC_FOR_ALLOC freed 2621K, 37% free 8093K/12656K, paused 3ms, total 3ms
02-03 10:48:05.111 D/dalvikvm( 2070): GC_FOR_ALLOC freed 2404K, 35% free 8330K/12656K, paused 3ms, total 3ms
02-03 10:48:05.121 D/dalvikvm( 2070): GC_FOR_ALLOC freed 2669K, 37% free 8088K/12656K, paused 3ms, total 3ms
02-03 10:48:05.121 D/dalvikvm( 2070): GC_FOR_ALLOC freed 2447K, 35% free 8329K/12656K, paused 3ms, total 3ms
02-03 10:48:05.131 D/dalvikvm( 2070): GC_FOR_ALLOC freed 2715K, 37% free 8082K/12656K, paused 3ms, total 3ms
02-03 10:48:05.131 D/dalvikvm( 2070): GC_FOR_ALLOC freed 2489K, 35% free 8328K/12656K, paused 3ms, total 3ms
02-03 10:48:05.141 D/dalvikvm( 2070): GC_FOR_ALLOC freed 2343K, 36% free 8192K/12656K, paused 3ms, total 3ms
02-03 10:48:05.141 D/dalvikvm( 2070): GC_FOR_ALLOC freed 2191K, 36% free 8106K/12656K, paused 3ms, total 3ms
02-03 10:48:05.141 D/dalvikvm( 2070): GC_FOR_ALLOC freed 1946K, 34% free 8361K/12656K, paused 3ms, total 3ms
02-03 10:48:05.151 D/dalvikvm( 2070): GC_FOR_ALLOC freed 1787K, 34% free 8363K/12656K, paused 3ms, total 3ms
02-03 10:48:05.151 D/dalvikvm( 2070): GC_FOR_ALLOC freed 1797K, 34% free 8365K/12656K, paused 3ms, total 3ms
02-03 10:48:05.161 D/dalvikvm( 2070): GC_FOR_ALLOC freed 1806K, 34% free 8367K/12656K, paused 3ms, total 3ms
02-03 10:48:05.161 D/dalvikvm( 2070): GC_FOR_ALLOC freed 1815K, 34% free 8370K/12656K, paused 3ms, total 3ms
02-03 10:48:05.171 D/dalvikvm( 2070): GC_FOR_ALLOC freed 1825K, 34% free 8372K/12656K, paused 3ms, total 3ms
02-03 10:48:05.171 D/dalvikvm( 2070): GC_FOR_ALLOC freed 1834K, 34% free 8374K/12656K, paused 3ms, total 3ms
02-03 10:48:05.171 D/dalvikvm( 2070): GC_FOR_ALLOC freed 1844K, 34% free 8376K/12656K, paused 3ms, total 3ms
02-03 10:48:05.181 D/dalvikvm( 2070): GC_FOR_ALLOC freed 1853K, 34% free 8379K/12656K, paused 3ms, total 3ms
02-03 10:48:05.181 D/dalvikvm( 2070): GC_FOR_ALLOC freed 1863K, 34% free 8381K/12656K, paused 3ms, total 3ms
02-03 10:48:05.191 D/dalvikvm( 2070): GC_FOR_ALLOC freed 1872K, 34% free 8383K/12656K, paused 3ms, total 3ms
02-03 10:48:05.191 D/dalvikvm( 2070): GC_FOR_ALLOC freed 1881K, 34% free 8385K/12656K, paused 3ms, total 3ms
02-03 10:48:05.201 D/dalvikvm( 2070): GC_FOR_ALLOC freed 1891K, 34% free 8387K/12656K, paused 3ms, total 3ms
02-03 10:48:05.201 D/dalvikvm( 2070): GC_FOR_ALLOC freed 1900K, 34% free 8390K/12656K, paused 3ms, total 3ms
02-03 10:48:05.201 D/dalvikvm( 2070): GC_FOR_ALLOC freed 1910K, 36% free 8210K/12656K, paused 3ms, total 3ms
02-03 10:48:05.211 D/dalvikvm( 2070): GC_FOR_ALLOC freed 1919K, 36% free 8211K/12656K, paused 3ms, total 3ms
02-03 10:48:05.211 D/dalvikvm( 2070): GC_FOR_ALLOC freed 1928K, 34% free 8396K/12656K, paused 3ms, total 3ms
02-03 10:48:05.221 D/dalvikvm( 2070): GC_FOR_ALLOC freed 1938K, 34% free 8399K/12656K, paused 3ms, total 3ms
02-03 10:48:05.221 D/dalvikvm( 2070): GC_FOR_ALLOC freed 1947K, 36% free 8215K/12656K, paused 3ms, total 3ms
02-03 10:48:05.231 D/dalvikvm( 2070): GC_FOR_ALLOC freed 1957K, 36% free 8217K/12656K, paused 3ms, total 3ms
02-03 10:48:05.231 D/dalvikvm( 2070): GC_FOR_ALLOC freed 1966K, 34% free 8405K/12656K, paused 3ms, total 3ms
02-03 10:48:05.241 D/dalvikvm( 2070): GC_FOR_ALLOC freed 1976K, 34% free 8408K/12656K, paused 3ms, total 3ms
02-03 10:48:05.241 D/dalvikvm( 2070): GC_FOR_ALLOC freed 1985K, 36% free 8221K/12656K, paused 3ms, total 3ms
02-03 10:48:05.241 D/dalvikvm( 2070): GC_FOR_ALLOC freed 1994K, 36% free 8222K/12656K, paused 3ms, total 3ms
02-03 10:48:05.251 D/dalvikvm( 2070): GC_FOR_ALLOC freed 2004K, 34% free 8414K/12656K, paused 3ms, total 3ms
02-03 10:48:05.251 D/dalvikvm( 2070): GC_FOR_ALLOC freed 2013K, 34% free 8417K/12656K, paused 3ms, total 3ms
02-03 10:48:05.261 D/dalvikvm( 2070): GC_FOR_ALLOC freed 2023K, 35% free 8226K/12656K, paused 3ms, total 3ms
02-03 10:48:05.261 D/dalvikvm( 2070): GC_FOR_ALLOC freed 2032K, 35% free 8228K/12656K, paused 3ms, total 3ms
02-03 10:48:05.271 D/dalvikvm( 2070): GC_FOR_ALLOC freed 2041K, 34% free 8423K/12656K, paused 3ms, total 3ms
02-03 10:48:05.271 D/dalvikvm( 2070): GC_FOR_ALLOC freed 2051K, 35% free 8230K/12656K, paused 3ms, total 3ms
02-03 10:48:05.281 D/dalvikvm( 2070): GC_FOR_ALLOC freed 1864K, 36% free 8134K/12656K, paused 2ms, total 3ms
02-03 10:48:05.281 D/dalvikvm( 2070): GC_FOR_ALLOC freed 2069K, 36% free 8135K/12656K, paused 3ms, total 3ms
02-03 10:48:05.281 D/dalvikvm( 2070): GC_FOR_ALLOC freed 2078K, 36% free 8136K/12656K, paused 3ms, total 3ms
02-03 10:48:05.291 D/dalvikvm( 2070): GC_FOR_ALLOC freed 2088K, 36% free 8137K/12656K, paused 3ms, total 3ms
02-03 10:48:05.291 D/dalvikvm( 2070): GC_FOR_ALLOC freed 2097K, 36% free 8138K/12656K, paused 2ms, total 2ms
02-03 10:48:05.301 D/dalvikvm( 2070): GC_FOR_ALLOC freed 2106K, 36% free 8138K/12656K, paused 3ms, total 3ms
02-03 10:48:05.301 D/dalvikvm( 2070): GC_FOR_ALLOC freed 1611K, 34% free 8441K/12656K, paused 3ms, total 3ms
02-03 10:48:05.311 D/dalvikvm( 2070): GC_FOR_ALLOC freed 1921K, 36% free 8140K/12656K, paused 3ms, total 3ms
02-03 10:48:05.311 D/dalvikvm( 2070): GC_FOR_ALLOC freed 1623K, 34% free 8444K/12656K, paused 3ms, total 3ms
02-03 10:48:05.311 D/dalvikvm( 2070): GC_FOR_ALLOC freed 1935K, 36% free 8142K/12656K, paused 3ms, total 3ms
02-03 10:48:05.321 D/dalvikvm( 2070): GC_FOR_ALLOC freed 2148K, 36% free 8142K/12656K, paused 3ms, total 3ms
02-03 10:48:05.321 D/dalvikvm( 2070): GC_FOR_ALLOC freed 1643K, 34% free 8451K/12656K, paused 2ms, total 2ms
02-03 10:48:05.331 D/dalvikvm( 2070): GC_FOR_ALLOC freed 1959K, 36% free 8144K/12656K, paused 3ms, total 3ms
02-03 10:48:05.331 D/dalvikvm( 2070): GC_FOR_ALLOC freed 2000K, 35% free 8243K/12656K, paused 3ms, total 3ms
02-03 10:48:05.341 D/dalvikvm( 2070): GC_FOR_ALLOC freed 1746K, 34% free 8467K/12656K, paused 3ms, total 3ms
02-03 10:48:05.341 D/dalvikvm( 2070): GC_FOR_ALLOC freed 1552K, 34% free 8467K/12656K, paused 3ms, total 3ms
02-03 10:48:05.351 D/dalvikvm( 2070): GC_FOR_ALLOC freed 2140K, 40% free 7659K/12656K, paused 3ms, total 3ms
02-03 10:48:05.351 D/dalvikvm( 2070): GC_FOR_ALLOC freed <1K, 32% free 8684K/12656K, paused 2ms, total 2ms
02-03 10:48:05.351 I/dalvikvm-heap( 2070): Grow heap (frag case) to 9.523MB for 1048592-byte allocation
02-03 10:48:05.351 D/dalvikvm( 2070): GC_FOR_ALLOC freed 4K, 30% free 9704K/13684K, paused 2ms, total 2ms
02-03 10:48:05.361 D/dalvikvm( 2070): GC_FOR_ALLOC freed <1K, 30% free 9704K/13684K, paused 3ms, total 3ms
02-03 10:48:05.361 I/dalvikvm-heap( 2070): Grow heap (frag case) to 10.519MB for 1048592-byte allocation
02-03 10:48:05.361 D/dalvikvm( 2070): GC_FOR_ALLOC freed 0K, 28% free 10728K/14712K, paused 3ms, total 3ms
02-03 10:48:05.861 D/dalvikvm( 2070): GC_CONCURRENT freed 6761K, 46% free 8041K/14864K, paused 2ms+1ms, total 19ms
02-03 10:48:05.861 D/dalvikvm( 2070): WAIT_FOR_CONCURRENT_GC blocked 16ms
02-03 10:48:05.871 D/dalvikvm( 2070): GC_CONCURRENT freed 4010K, 37% free 8111K/12684K, paused 1ms+1ms, total 5ms
02-03 10:48:05.871 D/dalvikvm( 2070): WAIT_FOR_CONCURRENT_GC blocked 4ms
02-03 10:48:05.881 D/dalvikvm( 2070): GC_FOR_ALLOC freed 3831K, 37% free 8019K/12684K, paused 3ms, total 3ms
02-03 10:48:05.891 D/dalvikvm( 2070): GC_FOR_ALLOC freed 3637K, 37% free 8014K/12684K, paused 3ms, total 3ms
02-03 10:48:05.901 D/dalvikvm( 2070): GC_FOR_ALLOC freed 3304K, 37% free 8013K/12684K, paused 4ms, total 4ms
02-03 10:48:05.901 D/dalvikvm( 2070): GC_FOR_ALLOC freed 3110K, 37% free 8071K/12684K, paused 3ms, total 3ms
02-03 10:48:05.911 D/dalvikvm( 2070): GC_FOR_ALLOC freed 2999K, 37% free 8038K/12684K, paused 3ms, total 3ms
02-03 10:48:05.911 D/dalvikvm( 2070): GC_FOR_ALLOC freed 3025K, 37% free 8034K/12684K, paused 4ms, total 4ms
02-03 10:48:05.921 D/dalvikvm( 2070): GC_FOR_ALLOC freed 2946K, 37% free 8033K/12684K, paused 3ms, total 3ms
02-03 10:48:05.931 D/dalvikvm( 2070): GC_FOR_ALLOC freed 2908K, 37% free 8069K/12684K, paused 4ms, total 4ms
02-03 10:48:05.931 D/dalvikvm( 2070): GC_FOR_ALLOC freed 2884K, 37% free 8064K/12684K, paused 3ms, total 3ms
02-03 10:48:05.941 D/dalvikvm( 2070): GC_FOR_ALLOC freed 2882K, 37% free 8103K/12684K, paused 4ms, total 4ms
02-03 10:48:05.941 D/dalvikvm( 2070): GC_FOR_ALLOC freed 2915K, 37% free 8104K/12684K, paused 3ms, total 3ms
02-03 10:48:05.951 D/dalvikvm( 2070): GC_FOR_ALLOC freed 2934K, 37% free 8061K/12684K, paused 3ms, total 3ms
02-03 10:48:05.951 D/dalvikvm( 2070): GC_FOR_ALLOC freed 2806K, 37% free 8060K/12684K, paused 3ms, total 3ms
02-03 10:48:05.961 D/dalvikvm( 2070): GC_FOR_ALLOC freed 2891K, 37% free 8058K/12684K, paused 3ms, total 3ms
02-03 10:48:05.961 D/dalvikvm( 2070): GC_FOR_ALLOC freed 2736K, 36% free 8199K/12684K, paused 3ms, total 3ms
02-03 10:48:05.971 D/dalvikvm( 2070): GC_FOR_ALLOC freed 2956K, 37% free 8055K/12684K, paused 3ms, total 3ms
02-03 10:48:05.971 D/dalvikvm( 2070): GC_FOR_ALLOC freed 2783K, 37% free 8086K/12684K, paused 3ms, total 3ms
02-03 10:48:05.981 D/dalvikvm( 2070): GC_FOR_ALLOC freed 2850K, 37% free 8084K/12684K, paused 4ms, total 4ms
02-03 10:48:05.991 D/dalvikvm( 2070): GC_FOR_ALLOC freed 2917K, 37% free 8083K/12684K, paused 4ms, total 4ms
02-03 10:48:05.991 D/dalvikvm( 2070): GC_FOR_ALLOC freed 2984K, 37% free 8081K/12684K, paused 4ms, total 4ms
02-03 10:48:06.001 D/dalvikvm( 2070): GC_FOR_ALLOC freed 3051K, 37% free 8079K/12684K, paused 3ms, total 3ms
02-03 10:48:06.001 D/dalvikvm( 2070): GC_FOR_ALLOC freed 2837K, 35% free 8245K/12684K, paused 3ms, total 3ms
02-03 10:48:06.011 D/dalvikvm( 2070): GC_FOR_ALLOC freed 2265K, 37% free 8075K/12684K, paused 3ms, total 3ms
02-03 10:48:06.011 D/dalvikvm( 2070): GC_FOR_ALLOC freed 2415K, 37% free 8073K/12684K, paused 3ms, total 3ms
02-03 10:48:06.021 D/dalvikvm( 2070): GC_FOR_ALLOC freed 2452K, 37% free 8103K/12684K, paused 4ms, total 4ms
02-03 10:48:06.031 D/dalvikvm( 2070): GC_FOR_ALLOC freed 2490K, 37% free 8101K/12684K, paused 3ms, total 3ms
02-03 10:48:06.031 D/dalvikvm( 2070): GC_FOR_ALLOC freed 2528K, 37% free 8098K/12684K, paused 3ms, total 3ms
02-03 10:48:06.041 D/dalvikvm( 2070): GC_FOR_ALLOC freed 2565K, 37% free 8096K/12684K, paused 3ms, total 3ms
02-03 10:48:06.041 D/dalvikvm( 2070): GC_FOR_ALLOC freed 2291K, 35% free 8279K/12684K, paused 3ms, total 3ms
02-03 10:48:06.051 D/dalvikvm( 2070): GC_FOR_ALLOC freed 2195K, 35% free 8279K/12684K, paused 3ms, total 4ms
02-03 10:48:06.051 D/dalvikvm( 2070): GC_FOR_ALLOC freed 2540K, 37% free 8089K/12684K, paused 3ms, total 3ms
02-03 10:48:06.061 D/dalvikvm( 2070): GC_FOR_ALLOC freed 2380K, 36% free 8150K/12684K, paused 3ms, total 4ms
02-03 10:48:06.061 D/dalvikvm( 2070): GC_FOR_ALLOC freed 2606K, 37% free 8116K/12684K, paused 3ms, total 3ms
02-03 10:48:06.071 D/dalvikvm( 2070): GC_FOR_ALLOC freed 2441K, 36% free 8179K/12684K, paused 4ms, total 4ms
02-03 10:48:06.071 D/dalvikvm( 2070): GC_FOR_ALLOC freed 2336K, 35% free 8311K/12684K, paused 3ms, total 3ms
02-03 10:48:06.081 D/dalvikvm( 2070): GC_FOR_ALLOC freed 2227K, 37% free 8109K/12684K, paused 3ms, total 3ms
02-03 10:48:06.081 D/dalvikvm( 2070): GC_FOR_ALLOC freed 2387K, 37% free 8106K/12684K, paused 3ms, total 3ms
02-03 10:48:06.091 D/dalvikvm( 2070): GC_FOR_ALLOC freed 2413K, 37% free 8104K/12684K, paused 3ms, total 3ms
02-03 10:48:06.091 D/dalvikvm( 2070): GC_FOR_ALLOC freed 2439K, 37% free 8101K/12684K, paused 3ms, total 3ms
02-03 10:48:06.101 D/dalvikvm( 2070): GC_FOR_ALLOC freed 2465K, 37% free 8099K/12684K, paused 3ms, total 3ms
02-03 10:48:06.101 D/dalvikvm( 2070): GC_FOR_ALLOC freed 2491K, 36% free 8128K/12684K, paused 3ms, total 3ms
02-03 10:48:06.111 D/dalvikvm( 2070): GC_FOR_ALLOC freed 2518K, 36% free 8126K/12684K, paused 3ms, total 3ms
02-03 10:48:06.111 D/dalvikvm( 2070): GC_FOR_ALLOC freed 2544K, 36% free 8123K/12684K, paused 3ms, total 3ms
02-03 10:48:06.121 D/dalvikvm( 2070): GC_FOR_ALLOC freed 2201K, 35% free 8340K/12684K, paused 3ms, total 3ms
02-03 10:48:06.121 D/dalvikvm( 2070): GC_FOR_ALLOC freed 2444K, 36% free 8118K/12684K, paused 3ms, total 3ms
02-03 10:48:06.131 D/dalvikvm( 2070): GC_FOR_ALLOC freed 2242K, 35% free 8339K/12684K, paused 3ms, total 3ms
02-03 10:48:06.131 D/dalvikvm( 2070): GC_FOR_ALLOC freed 2110K, 35% free 8338K/12684K, paused 3ms, total 3ms
02-03 10:48:06.141 D/dalvikvm( 2070): GC_FOR_ALLOC freed 2127K, 35% free 8337K/12684K, paused 3ms, total 3ms
02-03 10:48:06.141 D/dalvikvm( 2070): GC_FOR_ALLOC freed 2144K, 35% free 8368K/12684K, paused 3ms, total 3ms
02-03 10:48:06.151 D/dalvikvm( 2070): GC_FOR_ALLOC freed 2160K, 35% free 8367K/12684K, paused 3ms, total 3ms
02-03 10:48:06.151 D/dalvikvm( 2070): GC_FOR_ALLOC freed 2177K, 35% free 8366K/12684K, paused 3ms, total 3ms
02-03 10:48:06.161 D/dalvikvm( 2070): GC_FOR_ALLOC freed 2194K, 35% free 8365K/12684K, paused 4ms, total 4ms
02-03 10:48:06.161 D/dalvikvm( 2070): GC_FOR_ALLOC freed 2211K, 35% free 8364K/12684K, paused 3ms, total 3ms
02-03 10:48:06.171 D/dalvikvm( 2070): GC_FOR_ALLOC freed 2227K, 35% free 8363K/12684K, paused 3ms, total 3ms
02-03 10:48:06.171 D/dalvikvm( 2070): GC_FOR_ALLOC freed 2245K, 35% free 8362K/12684K, paused 3ms, total 3ms
02-03 10:48:06.181 D/dalvikvm( 2070): GC_FOR_ALLOC freed 2263K, 35% free 8361K/12684K, paused 3ms, total 3ms
02-03 10:48:06.181 D/dalvikvm( 2070): GC_FOR_ALLOC freed 2280K, 34% free 8392K/12684K, paused 3ms, total 3ms
02-03 10:48:06.191 D/dalvikvm( 2070): GC_FOR_ALLOC freed 2298K, 34% free 8391K/12684K, paused 3ms, total 3ms
02-03 10:48:06.191 D/dalvikvm( 2070): GC_FOR_ALLOC freed 2315K, 34% free 8390K/12684K, paused 3ms, total 3ms
02-03 10:48:06.201 D/dalvikvm( 2070): GC_FOR_ALLOC freed 2333K, 36% free 8223K/12684K, paused 4ms, total 4ms
02-03 10:48:06.201 D/dalvikvm( 2070): GC_FOR_ALLOC freed 2352K, 36% free 8221K/12684K, paused 3ms, total 3ms
02-03 10:48:06.211 D/dalvikvm( 2070): GC_FOR_ALLOC freed 2199K, 36% free 8135K/12684K, paused 3ms, total 3ms
02-03 10:48:06.211 D/dalvikvm( 2070): GC_FOR_ALLOC freed 2384K, 36% free 8132K/12684K, paused 3ms, total 3ms
02-03 10:48:06.221 D/dalvikvm( 2070): GC_FOR_ALLOC freed 2401K, 36% free 8129K/12684K, paused 3ms, total 3ms
02-03 10:48:06.221 D/dalvikvm( 2070): GC_FOR_ALLOC freed 1808K, 36% free 8130K/12684K, paused 3ms, total 3ms
02-03 10:48:06.221 D/dalvikvm( 2070): GC_FOR_ALLOC freed 1991K, 36% free 8217K/12684K, paused 3ms, total 3ms
02-03 10:48:06.231 D/dalvikvm( 2070): GC_FOR_ALLOC freed 1828K, 34% free 8393K/12684K, paused 3ms, total 3ms
02-03 10:48:06.231 D/dalvikvm( 2070): GC_FOR_ALLOC freed 1837K, 34% free 8395K/12684K, paused 3ms, total 3ms
02-03 10:48:06.241 D/dalvikvm( 2070): GC_FOR_ALLOC freed 1847K, 36% free 8221K/12684K, paused 3ms, total 3ms
02-03 10:48:06.241 D/dalvikvm( 2070): GC_FOR_ALLOC freed 1856K, 36% free 8222K/12684K, paused 3ms, total 3ms
02-03 10:48:06.251 D/dalvikvm( 2070): GC_FOR_ALLOC freed 1866K, 36% free 8224K/12684K, paused 3ms, total 3ms
02-03 10:48:06.251 D/dalvikvm( 2070): GC_FOR_ALLOC freed 1696K, 36% free 8136K/12684K, paused 3ms, total 3ms
02-03 10:48:06.261 D/dalvikvm( 2070): GC_FOR_ALLOC freed 1884K, 36% free 8137K/12684K, paused 3ms, total 3ms
02-03 10:48:06.261 D/dalvikvm( 2070): GC_FOR_ALLOC freed 1893K, 36% free 8138K/12684K, paused 4ms, total 4ms
02-03 10:48:06.271 D/dalvikvm( 2070): GC_FOR_ALLOC freed 1902K, 36% free 8139K/12684K, paused 3ms, total 4ms
02-03 10:48:06.271 D/dalvikvm( 2070): GC_FOR_ALLOC freed 1912K, 36% free 8140K/12684K, paused 3ms, total 3ms
02-03 10:48:06.271 D/dalvikvm( 2070): GC_FOR_ALLOC freed 1921K, 36% free 8141K/12684K, paused 3ms, total 3ms
02-03 10:48:06.281 D/dalvikvm( 2070): GC_FOR_ALLOC freed 1931K, 36% free 8142K/12684K, paused 3ms, total 3ms
02-03 10:48:06.281 D/dalvikvm( 2070): GC_FOR_ALLOC freed 1477K, 34% free 8419K/12684K, paused 3ms, total 3ms
02-03 10:48:06.291 D/dalvikvm( 2070): GC_FOR_ALLOC freed 1762K, 36% free 8143K/12684K, paused 3ms, total 3ms
02-03 10:48:06.291 D/dalvikvm( 2070): GC_FOR_ALLOC freed 1956K, 36% free 8144K/12684K, paused 3ms, total 3ms
02-03 10:48:06.301 D/dalvikvm( 2070): GC_FOR_ALLOC freed 1496K, 34% free 8425K/12684K, paused 4ms, total 4ms
02-03 10:48:06.301 D/dalvikvm( 2070): GC_FOR_ALLOC freed 1784K, 36% free 8146K/12684K, paused 3ms, total 3ms
02-03 10:48:06.311 D/dalvikvm( 2070): GC_FOR_ALLOC freed 1508K, 34% free 8428K/12684K, paused 3ms, total 4ms
02-03 10:48:06.311 D/dalvikvm( 2070): GC_FOR_ALLOC freed 1799K, 36% free 8147K/12684K, paused 3ms, total 3ms
02-03 10:48:06.321 D/dalvikvm( 2070): GC_FOR_ALLOC freed 1520K, 34% free 8432K/12684K, paused 3ms, total 3ms
02-03 10:48:06.321 D/dalvikvm( 2070): GC_FOR_ALLOC freed 1813K, 36% free 8149K/12684K, paused 3ms, total 3ms
02-03 10:48:06.321 D/dalvikvm( 2070): GC_FOR_ALLOC freed 1532K, 34% free 8436K/12684K, paused 3ms, total 3ms
02-03 10:48:06.331 D/dalvikvm( 2070): GC_FOR_ALLOC freed 1827K, 36% free 8150K/12684K, paused 3ms, total 3ms
02-03 10:48:06.331 D/dalvikvm( 2070): GC_FOR_ALLOC freed 1544K, 34% free 8440K/12684K, paused 3ms, total 3ms
02-03 10:48:06.341 D/dalvikvm( 2070): GC_FOR_ALLOC freed 1841K, 36% free 8152K/12684K, paused 3ms, total 3ms
02-03 10:48:06.341 D/dalvikvm( 2070): GC_FOR_ALLOC freed 1556K, 34% free 8443K/12684K, paused 3ms, total 3ms
02-03 10:48:06.351 D/dalvikvm( 2070): GC_FOR_ALLOC freed 1855K, 36% free 8153K/12684K, paused 4ms, total 4ms
02-03 10:48:06.351 D/dalvikvm( 2070): GC_FOR_ALLOC freed 1568K, 34% free 8447K/12684K, paused 3ms, total 3ms
02-03 10:48:06.361 D/dalvikvm( 2070): GC_FOR_ALLOC freed 1870K, 36% free 8155K/12684K, paused 3ms, total 3ms
02-03 10:48:06.361 D/dalvikvm( 2070): GC_FOR_ALLOC freed 1580K, 34% free 8451K/12684K, paused 3ms, total 3ms
02-03 10:48:06.361 D/dalvikvm( 2070): GC_FOR_ALLOC freed 1884K, 36% free 8156K/12684K, paused 3ms, total 3ms
02-03 10:48:06.371 D/dalvikvm( 2070): GC_FOR_ALLOC freed 1592K, 34% free 8455K/12684K, paused 3ms, total 3ms
02-03 10:48:06.371 D/dalvikvm( 2070): GC_FOR_ALLOC freed 1898K, 36% free 8158K/12684K, paused 3ms, total 3ms
02-03 10:48:06.381 D/dalvikvm( 2070): GC_FOR_ALLOC freed 1604K, 34% free 8458K/12684K, paused 3ms, total 3ms
02-03 10:48:06.381 D/dalvikvm( 2070): GC_FOR_ALLOC freed 1912K, 36% free 8159K/12684K, paused 3ms, total 3ms
02-03 10:48:06.391 D/dalvikvm( 2070): GC_FOR_ALLOC freed 1616K, 34% free 8462K/12684K, paused 3ms, total 3ms
02-03 10:48:06.391 D/dalvikvm( 2070): GC_FOR_ALLOC freed 1926K, 36% free 8161K/12684K, paused 3ms, total 3ms
02-03 10:48:06.391 D/dalvikvm( 2070): GC_FOR_ALLOC freed 1627K, 34% free 8466K/12684K, paused 3ms, total 3ms
02-03 10:48:06.401 D/dalvikvm( 2070): GC_FOR_ALLOC freed 1941K, 36% free 8162K/12684K, paused 3ms, total 3ms
02-03 10:48:06.401 D/dalvikvm( 2070): GC_FOR_ALLOC freed 1640K, 34% free 8470K/12684K, paused 4ms, total 4ms
02-03 10:48:06.411 D/dalvikvm( 2070): GC_FOR_ALLOC freed 1956K, 36% free 8164K/12684K, paused 3ms, total 3ms
02-03 10:48:06.411 D/dalvikvm( 2070): GC_FOR_ALLOC freed 1899K, 35% free 8267K/12684K, paused 3ms, total 3ms
02-03 10:48:06.421 D/dalvikvm( 2070): GC_FOR_ALLOC freed 2356K, 36% free 8179K/12684K, paused 4ms, total 4ms
02-03 10:48:06.421 D/dalvikvm( 2070): GC_FOR_ALLOC freed 1773K, 33% free 8511K/12684K, paused 3ms, total 3ms
02-03 10:48:06.431 D/dalvikvm( 2070): GC_FOR_ALLOC freed 2180K, 40% free 7663K/12684K, paused 3ms, total 3ms
02-03 10:48:06.431 D/dalvikvm( 2070): GC_FOR_ALLOC freed 4K, 32% free 8684K/12684K, paused 3ms, total 3ms
02-03 10:48:06.431 I/dalvikvm-heap( 2070): Grow heap (frag case) to 9.523MB for 1048592-byte allocation
02-03 10:48:06.441 D/dalvikvm( 2070): GC_FOR_ALLOC freed 4K, 30% free 9704K/13712K, paused 3ms, total 3ms
02-03 10:48:06.441 D/dalvikvm( 2070): GC_FOR_ALLOC freed <1K, 30% free 9704K/13712K, paused 2ms, total 2ms
02-03 10:48:06.441 I/dalvikvm-heap( 2070): Grow heap (frag case) to 10.519MB for 1048592-byte allocation
02-03 10:48:06.441 D/dalvikvm( 2070): GC_FOR_ALLOC freed 0K, 28% free 10728K/14740K, paused 3ms, total 3ms
02-03 10:48:06.871 D/dalvikvm( 2070): GC_CONCURRENT freed 6761K, 46% free 8041K/14868K, paused 1ms+1ms, total 16ms
02-03 10:48:06.871 D/dalvikvm( 2070): WAIT_FOR_CONCURRENT_GC blocked 15ms
02-03 10:48:06.881 D/dalvikvm( 2070): GC_CONCURRENT freed 4006K, 36% free 8115K/12508K, paused 1ms+1ms, total 5ms
02-03 10:48:06.881 D/dalvikvm( 2070): WAIT_FOR_CONCURRENT_GC blocked 4ms
02-03 10:48:06.891 D/dalvikvm( 2070): GC_FOR_ALLOC freed 3723K, 36% free 8047K/12508K, paused 3ms, total 3ms
02-03 10:48:06.891 D/dalvikvm( 2070): GC_FOR_ALLOC freed 3619K, 36% free 8045K/12508K, paused 4ms, total 4ms
02-03 10:48:06.901 D/dalvikvm( 2070): GC_FOR_ALLOC freed 3232K, 36% free 8021K/12508K, paused 3ms, total 3ms
02-03 10:48:06.911 D/dalvikvm( 2070): GC_FOR_ALLOC freed 3094K, 36% free 8046K/12508K, paused 3ms, total 3ms
02-03 10:48:06.911 D/dalvikvm( 2070): GC_FOR_ALLOC freed 2985K, 36% free 8045K/12508K, paused 4ms, total 4ms
02-03 10:48:06.921 D/dalvikvm( 2070): GC_FOR_ALLOC freed 2837K, 35% free 8145K/12508K, paused 3ms, total 3ms
02-03 10:48:06.921 D/dalvikvm( 2070): GC_FOR_ALLOC freed 2853K, 36% free 8045K/12508K, paused 3ms, total 3ms
02-03 10:48:06.931 D/dalvikvm( 2070): GC_FOR_ALLOC freed 2810K, 36% free 8044K/12508K, paused 4ms, total 4ms
02-03 10:48:06.941 D/dalvikvm( 2070): GC_FOR_ALLOC freed 2742K, 35% free 8158K/12508K, paused 4ms, total 4ms
02-03 10:48:06.951 D/dalvikvm( 2070): GC_FOR_ALLOC freed 2692K, 36% free 8042K/12508K, paused 8ms, total 8ms
02-03 10:48:06.951 D/dalvikvm( 2070): GC_FOR_ALLOC freed 2668K, 35% free 8165K/12508K, paused 4ms, total 4ms
02-03 10:48:06.961 D/dalvikvm( 2070): GC_FOR_ALLOC freed 2677K, 35% free 8200K/12508K, paused 4ms, total 4ms
02-03 10:48:06.971 D/dalvikvm( 2070): GC_FOR_ALLOC freed 2673K, 36% free 8070K/12508K, paused 4ms, total 4ms
02-03 10:48:06.971 D/dalvikvm( 2070): GC_FOR_ALLOC freed 2615K, 35% free 8204K/12508K, paused 3ms, total 3ms
02-03 10:48:06.981 D/dalvikvm( 2070): GC_FOR_ALLOC freed 2828K, 36% free 8067K/12508K, paused 7ms, total 7ms
02-03 10:48:06.991 W/BindingManager( 6391): Cannot call determinedVisibility() - never saw a connection for the pid: 6391
02-03 10:48:06.991 D/dalvikvm( 2070): GC_FOR_ALLOC freed 2762K, 36% free 8113K/12508K, paused 6ms, total 7ms
02-03 10:48:07.011 D/dalvikvm( 2070): GC_FOR_ALLOC freed 2736K, 36% free 8113K/12508K, paused 5ms, total 6ms
02-03 10:48:07.011 D/dalvikvm( 2070): GC_FOR_ALLOC freed 2702K, 36% free 8062K/12508K, paused 5ms, total 5ms
02-03 10:48:07.021 D/dalvikvm( 2070): GC_FOR_ALLOC freed 2867K, 36% free 8061K/12508K, paused 5ms, total 5ms
02-03 10:48:07.031 D/dalvikvm( 2070): GC_FOR_ALLOC freed 2934K, 36% free 8091K/12508K, paused 3ms, total 3ms
02-03 10:48:07.041 D/dalvikvm( 2070): GC_FOR_ALLOC freed 2623K, 36% free 8089K/12508K, paused 5ms, total 5ms
02-03 10:48:07.041 D/dalvikvm( 2070): GC_FOR_ALLOC freed 2674K, 36% free 8087K/12508K, paused 3ms, total 3ms
02-03 10:48:07.051 D/dalvikvm( 2070): GC_FOR_ALLOC freed 2837K, 35% free 8253K/12508K, paused 3ms, total 3ms
02-03 10:48:07.051 D/dalvikvm( 2070): GC_FOR_ALLOC freed 2379K, 35% free 8140K/12508K, paused 4ms, total 4ms
02-03 10:48:07.061 D/dalvikvm( 2070): GC_FOR_ALLOC freed 2301K, 36% free 8081K/12508K, paused 4ms, total 4ms
02-03 10:48:07.061 D/dalvikvm( 2070): GC_FOR_ALLOC freed 2159K, 35% free 8253K/12508K, paused 3ms, total 3ms
02-03 10:48:07.071 D/dalvikvm( 2070): GC_FOR_ALLOC freed 2367K, 36% free 8076K/12508K, paused 3ms, total 4ms
02-03 10:48:07.071 D/dalvikvm( 2070): GC_FOR_ALLOC freed 2219K, 34% free 8286K/12508K, paused 4ms, total 4ms
02-03 10:48:07.081 D/dalvikvm( 2070): GC_FOR_ALLOC freed 2433K, 36% free 8104K/12508K, paused 3ms, total 3ms
02-03 10:48:07.091 D/dalvikvm( 2070): GC_FOR_ALLOC freed 2280K, 34% free 8286K/12508K, paused 4ms, total 5ms
02-03 10:48:07.091 D/dalvikvm( 2070): GC_FOR_ALLOC freed 2498K, 36% free 8099K/12508K, paused 5ms, total 5ms
02-03 10:48:07.101 D/dalvikvm( 2070): GC_FOR_ALLOC freed 2341K, 34% free 8286K/12508K, paused 5ms, total 5ms
02-03 10:48:07.111 D/dalvikvm( 2070): GC_FOR_ALLOC freed 2242K, 34% free 8286K/12508K, paused 4ms, total 4ms
02-03 10:48:07.111 D/dalvikvm( 2070): GC_FOR_ALLOC freed 2268K, 35% free 8156K/12508K, paused 5ms, total 5ms
02-03 10:48:07.121 D/dalvikvm( 2070): GC_FOR_ALLOC freed 2294K, 35% free 8154K/12508K, paused 5ms, total 5ms
02-03 10:48:07.131 D/dalvikvm( 2070): GC_FOR_ALLOC freed 2320K, 35% free 8184K/12508K, paused 4ms, total 4ms
02-03 10:48:07.131 D/dalvikvm( 2070): GC_FOR_ALLOC freed 2346K, 35% free 8182K/12508K, paused 4ms, total 4ms
02-03 10:48:07.141 D/dalvikvm( 2070): GC_FOR_ALLOC freed 2373K, 35% free 8181K/12508K, paused 3ms, total 3ms
02-03 10:48:07.141 D/dalvikvm( 2070): GC_FOR_ALLOC freed 2399K, 35% free 8179K/12508K, paused 3ms, total 3ms
02-03 10:48:07.151 D/dalvikvm( 2070): GC_FOR_ALLOC freed 2425K, 35% free 8177K/12508K, paused 4ms, total 4ms
02-03 10:48:07.161 D/dalvikvm( 2070): GC_FOR_ALLOC freed 2451K, 35% free 8175K/12508K, paused 4ms, total 4ms
02-03 10:48:07.161 D/dalvikvm( 2070): GC_FOR_ALLOC freed 2477K, 35% free 8174K/12508K, paused 3ms, total 3ms
02-03 10:48:07.171 D/dalvikvm( 2070): GC_FOR_ALLOC freed 2503K, 35% free 8172K/12508K, paused 3ms, total 3ms
02-03 10:48:07.171 D/dalvikvm( 2070): GC_FOR_ALLOC freed 2529K, 35% free 8202K/12508K, paused 3ms, total 3ms
02-03 10:48:07.181 D/dalvikvm( 2070): GC_FOR_ALLOC freed 2409K, 36% free 8128K/12508K, paused 3ms, total 3ms
02-03 10:48:07.181 D/dalvikvm( 2070): GC_FOR_ALLOC freed 2210K, 35% free 8198K/12508K, paused 3ms, total 3ms
02-03 10:48:07.181 D/dalvikvm( 2070): GC_FOR_ALLOC freed 2081K, 34% free 8344K/12508K, paused 3ms, total 3ms
02-03 10:48:07.191 D/dalvikvm( 2070): GC_FOR_ALLOC freed 2097K, 34% free 8343K/12508K, paused 3ms, total 3ms
02-03 10:48:07.191 D/dalvikvm( 2070): GC_FOR_ALLOC freed 2114K, 35% free 8192K/12508K, paused 3ms, total 3ms
02-03 10:48:07.201 D/dalvikvm( 2070): GC_FOR_ALLOC freed 2131K, 35% free 8189K/12508K, paused 3ms, total 3ms
02-03 10:48:07.201 D/dalvikvm( 2070): GC_FOR_ALLOC freed 2148K, 35% free 8187K/12508K, paused 3ms, total 3ms
02-03 10:48:07.211 D/dalvikvm( 2070): GC_FOR_ALLOC freed 2164K, 35% free 8217K/12508K, paused 3ms, total 3ms
02-03 10:48:07.211 D/dalvikvm( 2070): GC_FOR_ALLOC freed 2181K, 35% free 8215K/12508K, paused 4ms, total 4ms
02-03 10:48:07.221 D/dalvikvm( 2070): GC_FOR_ALLOC freed 2198K, 35% free 8213K/12508K, paused 3ms, total 3ms
02-03 10:48:07.221 D/dalvikvm( 2070): GC_FOR_ALLOC freed 2215K, 35% free 8210K/12508K, paused 3ms, total 3ms
02-03 10:48:07.231 D/dalvikvm( 2070): GC_FOR_ALLOC freed 2231K, 35% free 8208K/12508K, paused 4ms, total 4ms
02-03 10:48:07.231 D/dalvikvm( 2070): GC_FOR_ALLOC freed 2250K, 35% free 8206K/12508K, paused 3ms, total 3ms
02-03 10:48:07.241 D/dalvikvm( 2070): GC_FOR_ALLOC freed 2268K, 35% free 8204K/12508K, paused 3ms, total 3ms
02-03 10:48:07.241 D/dalvikvm( 2070): GC_FOR_ALLOC freed 2285K, 35% free 8202K/12508K, paused 3ms, total 3ms
02-03 10:48:07.251 D/dalvikvm( 2070): GC_FOR_ALLOC freed 2302K, 35% free 8232K/12508K, paused 3ms, total 3ms
02-03 10:48:07.251 D/dalvikvm( 2070): GC_FOR_ALLOC freed 2319K, 35% free 8230K/12508K, paused 3ms, total 3ms
02-03 10:48:07.261 D/dalvikvm( 2070): GC_FOR_ALLOC freed 2171K, 35% free 8145K/12508K, paused 3ms, total 3ms
02-03 10:48:07.261 D/dalvikvm( 2070): GC_FOR_ALLOC freed 1929K, 33% free 8397K/12508K, paused 3ms, total 3ms
02-03 10:48:07.261 D/dalvikvm( 2070): GC_FOR_ALLOC freed 2199K, 35% free 8143K/12508K, paused 3ms, total 3ms
02-03 10:48:07.271 D/dalvikvm( 2070): GC_FOR_ALLOC freed 1953K, 33% free 8398K/12508K, paused 3ms, total 3ms
02-03 10:48:07.271 D/dalvikvm( 2070): GC_FOR_ALLOC freed 2226K, 35% free 8141K/12508K, paused 4ms, total 4ms
02-03 10:48:07.281 D/dalvikvm( 2070): GC_FOR_ALLOC freed 1977K, 33% free 8399K/12508K, paused 4ms, total 4ms
02-03 10:48:07.281 D/dalvikvm( 2070): GC_FOR_ALLOC freed 1815K, 35% free 8229K/12508K, paused 3ms, total 3ms
02-03 10:48:07.291 D/dalvikvm( 2070): GC_FOR_ALLOC freed 1825K, 33% free 8404K/12508K, paused 3ms, total 3ms
02-03 10:48:07.291 D/dalvikvm( 2070): GC_FOR_ALLOC freed 1834K, 35% free 8231K/12508K, paused 3ms, total 3ms
02-03 10:48:07.301 D/dalvikvm( 2070): GC_FOR_ALLOC freed 1844K, 33% free 8408K/12508K, paused 3ms, total 3ms
02-03 10:48:07.301 D/dalvikvm( 2070): GC_FOR_ALLOC freed 1853K, 35% free 8234K/12508K, paused 4ms, total 4ms
02-03 10:48:07.311 D/dalvikvm( 2070): GC_FOR_ALLOC freed 1863K, 33% free 8413K/12508K, paused 3ms, total 3ms
02-03 10:48:07.311 D/dalvikvm( 2070): GC_FOR_ALLOC freed 1872K, 35% free 8237K/12508K, paused 3ms, total 3ms
02-03 10:48:07.311 D/dalvikvm( 2070): GC_FOR_ALLOC freed 1881K, 35% free 8238K/12508K, paused 3ms, total 3ms
02-03 10:48:07.321 D/dalvikvm( 2070): GC_FOR_ALLOC freed 1891K, 35% free 8239K/12508K, paused 3ms, total 3ms
02-03 10:48:07.321 D/dalvikvm( 2070): GC_FOR_ALLOC freed 1719K, 35% free 8151K/12508K, paused 3ms, total 3ms
02-03 10:48:07.331 D/dalvikvm( 2070): GC_FOR_ALLOC freed 1909K, 35% free 8152K/12508K, paused 3ms, total 3ms
02-03 10:48:07.331 D/dalvikvm( 2070): GC_FOR_ALLOC freed 1918K, 35% free 8153K/12508K, paused 3ms, total 3ms
02-03 10:48:07.341 D/dalvikvm( 2070): GC_FOR_ALLOC freed 1928K, 35% free 8153K/12508K, paused 3ms, total 3ms
02-03 10:48:07.341 D/dalvikvm( 2070): GC_FOR_ALLOC freed 1937K, 35% free 8154K/12508K, paused 3ms, total 3ms
02-03 10:48:07.351 D/dalvikvm( 2070): GC_FOR_ALLOC freed 1482K, 33% free 8432K/12508K, paused 3ms, total 3ms
02-03 10:48:07.351 D/dalvikvm( 2070): GC_FOR_ALLOC freed 1767K, 35% free 8156K/12508K, paused 3ms, total 3ms
02-03 10:48:07.351 D/dalvikvm( 2070): GC_FOR_ALLOC freed 1494K, 33% free 8436K/12508K, paused 4ms, total 4ms
02-03 10:48:07.361 D/dalvikvm( 2070): GC_FOR_ALLOC freed 1782K, 35% free 8157K/12508K, paused 3ms, total 3ms
02-03 10:48:07.361 D/dalvikvm( 2070): GC_FOR_ALLOC freed 1506K, 33% free 8440K/12508K, paused 3ms, total 3ms
02-03 10:48:07.371 D/dalvikvm( 2070): GC_FOR_ALLOC freed 1796K, 35% free 8159K/12508K, paused 3ms, total 3ms
02-03 10:48:07.371 D/dalvikvm( 2070): GC_FOR_ALLOC freed 1518K, 33% free 8443K/12508K, paused 3ms, total 3ms
02-03 10:48:07.381 D/dalvikvm( 2070): GC_FOR_ALLOC freed 1810K, 35% free 8160K/12508K, paused 3ms, total 3ms
02-03 10:48:07.381 D/dalvikvm( 2070): GC_FOR_ALLOC freed 1529K, 33% free 8447K/12508K, paused 3ms, total 3ms
02-03 10:48:07.381 D/dalvikvm( 2070): GC_FOR_ALLOC freed 1824K, 35% free 8162K/12508K, paused 3ms, total 3ms
02-03 10:48:07.391 D/dalvikvm( 2070): GC_FOR_ALLOC freed 1541K, 33% free 8451K/12508K, paused 3ms, total 3ms
02-03 10:48:07.391 D/dalvikvm( 2070): GC_FOR_ALLOC freed 1838K, 35% free 8163K/12508K, paused 4ms, total 4ms
02-03 10:48:07.401 D/dalvikvm( 2070): GC_FOR_ALLOC freed 1553K, 33% free 8455K/12508K, paused 3ms, total 3ms
02-03 10:48:07.401 D/dalvikvm( 2070): GC_FOR_ALLOC freed 1853K, 35% free 8165K/12508K, paused 3ms, total 3ms
02-03 10:48:07.411 D/dalvikvm( 2070): GC_FOR_ALLOC freed 1565K, 33% free 8458K/12508K, paused 4ms, total 4ms
02-03 10:48:07.411 D/dalvikvm( 2070): GC_FOR_ALLOC freed 1867K, 35% free 8166K/12508K, paused 3ms, total 3ms
02-03 10:48:07.411 D/dalvikvm( 2070): GC_FOR_ALLOC freed 1577K, 33% free 8462K/12508K, paused 3ms, total 3ms
02-03 10:48:07.421 D/dalvikvm( 2070): GC_FOR_ALLOC freed 1881K, 35% free 8168K/12508K, paused 3ms, total 3ms
02-03 10:48:07.421 D/dalvikvm( 2070): GC_FOR_ALLOC freed 1589K, 33% free 8466K/12508K, paused 3ms, total 3ms
02-03 10:48:07.431 D/dalvikvm( 2070): GC_FOR_ALLOC freed 1895K, 35% free 8169K/12508K, paused 3ms, total 3ms
02-03 10:48:07.431 D/dalvikvm( 2070): GC_FOR_ALLOC freed 1601K, 33% free 8470K/12508K, paused 3ms, total 3ms
02-03 10:48:07.441 D/dalvikvm( 2070): GC_FOR_ALLOC freed 1909K, 35% free 8171K/12508K, paused 3ms, total 3ms
02-03 10:48:07.441 D/dalvikvm( 2070): GC_FOR_ALLOC freed 1613K, 33% free 8473K/12508K, paused 3ms, total 3ms
02-03 10:48:07.441 D/dalvikvm( 2070): GC_FOR_ALLOC freed 1924K, 35% free 8172K/12508K, paused 3ms, total 3ms
02-03 10:48:07.451 D/dalvikvm( 2070): GC_FOR_ALLOC freed 1625K, 34% free 8274K/12508K, paused 3ms, total 3ms
02-03 10:48:07.451 D/dalvikvm( 2070): GC_FOR_ALLOC freed 1427K, 33% free 8479K/12508K, paused 3ms, total 3ms
02-03 10:48:07.461 D/dalvikvm( 2070): GC_FOR_ALLOC freed 1431K, 33% free 8480K/12508K, paused 3ms, total 3ms
02-03 10:48:07.461 D/dalvikvm( 2070): GC_FOR_ALLOC freed 1950K, 35% free 8175K/12508K, paused 3ms, total 3ms
02-03 10:48:07.471 D/dalvikvm( 2070): GC_FOR_ALLOC freed 1647K, 34% free 8278K/12508K, paused 3ms, total 3ms
02-03 10:48:07.471 D/dalvikvm( 2070): GC_FOR_ALLOC freed 1693K, 34% free 8279K/12508K, paused 3ms, total 3ms
02-03 10:48:07.481 D/dalvikvm( 2070): GC_FOR_ALLOC freed 1800K, 33% free 8492K/12508K, paused 3ms, total 4ms
02-03 10:48:07.481 D/dalvikvm( 2070): GC_FOR_ALLOC freed 1545K, 33% free 8499K/12508K, paused 3ms, total 3ms
02-03 10:48:07.481 D/dalvikvm( 2070): GC_FOR_ALLOC freed 1552K, 33% free 8499K/12508K, paused 3ms, total 3ms
02-03 10:48:07.491 D/dalvikvm( 2070): GC_FOR_ALLOC freed 1404K, 39% free 7651K/12508K, paused 3ms, total 3ms
02-03 10:48:07.491 I/dalvikvm-heap( 2070): Grow heap (frag case) to 8.514MB for 1048592-byte allocation
02-03 10:48:07.491 D/dalvikvm( 2070): GC_FOR_ALLOC freed 4K, 36% free 8671K/13536K, paused 2ms, total 2ms
02-03 10:48:07.501 D/dalvikvm( 2070): GC_FOR_ALLOC freed 4K, 36% free 8668K/13536K, paused 2ms, total 2ms
02-03 10:48:07.501 I/dalvikvm-heap( 2070): Grow heap (frag case) to 9.507MB for 1048592-byte allocation
02-03 10:48:07.501 D/dalvikvm( 2070): GC_FOR_ALLOC freed <1K, 34% free 9692K/14564K, paused 2ms, total 2ms
02-03 10:48:07.501 D/dalvikvm( 2070): GC_FOR_ALLOC freed <1K, 34% free 9692K/14564K, paused 2ms, total 3ms
02-03 10:48:07.501 I/dalvikvm-heap( 2070): Grow heap (frag case) to 10.507MB for 1048592-byte allocation
02-03 10:48:07.511 D/dalvikvm( 2070): GC_FOR_ALLOC freed 0K, 32% free 10716K/15592K, paused 3ms, total 3ms
02-03 10:48:07.621 W/BindingManager( 6391): Cannot call determinedVisibility() - never saw a connection for the pid: 6391
02-03 10:48:07.701 I/chromium( 6391): [INFO:CONSOLE(36)] "Uncaught SecurityError: Failed to execute 'webkitRequestFileSystemSync' on 'WorkerGlobalScope': It was determined that certain files are unsafe for access within a Web application, or that too many calls are being made on file resources.", source: app://org.xwalk.webapi_noneservice_tests//opt/tct-filewriterapi-w3c-tests/filewriterapi/filewriter_sync.js (36)
02-03 10:48:07.821 D/dalvikvm( 2070): GC_CONCURRENT freed 6739K, 49% free 8047K/15592K, paused 0ms+1ms, total 16ms
02-03 10:48:07.821 D/dalvikvm( 2070): WAIT_FOR_CONCURRENT_GC blocked 15ms
02-03 10:48:07.831 D/dalvikvm( 2070): GC_CONCURRENT freed 4004K, 36% free 8118K/12652K, paused 1ms+1ms, total 4ms
02-03 10:48:07.831 D/dalvikvm( 2070): WAIT_FOR_CONCURRENT_GC blocked 3ms
02-03 10:48:07.841 D/dalvikvm( 2070): GC_FOR_ALLOC freed 3875K, 37% free 8015K/12652K, paused 3ms, total 3ms
02-03 10:48:07.851 D/dalvikvm( 2070): GC_FOR_ALLOC freed 3685K, 37% free 8034K/12652K, paused 4ms, total 5ms
02-03 10:48:07.851 D/dalvikvm( 2070): GC_FOR_ALLOC freed 3256K, 37% free 8041K/12652K, paused 4ms, total 4ms
02-03 10:48:07.861 D/dalvikvm( 2070): GC_FOR_ALLOC freed 3050K, 37% free 8038K/12652K, paused 3ms, total 3ms
02-03 10:48:07.871 D/dalvikvm( 2070): GC_FOR_ALLOC freed 3059K, 37% free 8034K/12652K, paused 4ms, total 4ms
02-03 10:48:07.871 D/dalvikvm( 2070): GC_FOR_ALLOC freed 3025K, 37% free 8030K/12652K, paused 4ms, total 4ms
02-03 10:48:07.881 D/dalvikvm( 2070): GC_FOR_ALLOC freed 2946K, 37% free 8029K/12652K, paused 3ms, total 3ms
02-03 10:48:07.881 D/dalvikvm( 2070): GC_FOR_ALLOC freed 2833K, 37% free 8060K/12652K, paused 3ms, total 3ms
02-03 10:48:07.891 D/dalvikvm( 2070): GC_FOR_ALLOC freed 2685K, 37% free 8059K/12652K, paused 4ms, total 4ms
02-03 10:48:07.901 D/dalvikvm( 2070): GC_FOR_ALLOC freed 2790K, 37% free 8058K/12652K, paused 4ms, total 4ms
02-03 10:48:07.901 D/dalvikvm( 2070): GC_FOR_ALLOC freed 2900K, 37% free 8058K/12652K, paused 3ms, total 3ms
02-03 10:48:07.911 D/dalvikvm( 2070): GC_FOR_ALLOC freed 2789K, 36% free 8186K/12652K, paused 3ms, total 3ms
02-03 10:48:07.911 D/dalvikvm( 2070): GC_FOR_ALLOC freed 2790K, 36% free 8189K/12652K, paused 3ms, total 3ms
02-03 10:48:07.921 D/dalvikvm( 2070): GC_FOR_ALLOC freed 2783K, 37% free 8054K/12652K, paused 3ms, total 4ms
02-03 10:48:07.921 D/dalvikvm( 2070): GC_FOR_ALLOC freed 2957K, 37% free 8052K/12652K, paused 3ms, total 3ms
02-03 10:48:07.931 D/dalvikvm( 2070): GC_FOR_ALLOC freed 2797K, 35% free 8228K/12652K, paused 3ms, total 4ms
02-03 10:48:07.931 D/dalvikvm( 2070): GC_FOR_ALLOC freed 2669K, 37% free 8081K/12652K, paused 4ms, total 4ms
02-03 10:48:07.941 D/dalvikvm( 2070): GC_FOR_ALLOC freed 2936K, 36% free 8130K/12652K, paused 3ms, total 3ms
02-03 10:48:07.941 D/dalvikvm( 2070): GC_FOR_ALLOC freed 2799K, 37% free 8078K/12652K, paused 3ms, total 3ms
02-03 10:48:07.951 D/dalvikvm( 2070): GC_FOR_ALLOC freed 2700K, 35% free 8235K/12652K, paused 4ms, total 4ms
02-03 10:48:07.961 D/dalvikvm( 2070): GC_FOR_ALLOC freed 2647K, 35% free 8236K/12652K, paused 3ms, total 3ms
02-03 10:48:07.961 D/dalvikvm( 2070): GC_FOR_ALLOC freed 2698K, 35% free 8238K/12652K, paused 3ms, total 3ms
02-03 10:48:07.971 D/dalvikvm( 2070): GC_FOR_ALLOC freed 2749K, 35% free 8239K/12652K, paused 3ms, total 4ms
02-03 10:48:07.971 D/dalvikvm( 2070): GC_FOR_ALLOC freed 2398K, 35% free 8271K/12652K, paused 3ms, total 4ms
02-03 10:48:07.981 D/dalvikvm( 2070): GC_FOR_ALLOC freed 2435K, 36% free 8156K/12652K, paused 3ms, total 3ms
02-03 10:48:07.981 D/dalvikvm( 2070): GC_FOR_ALLOC freed 2473K, 36% free 8154K/12652K, paused 4ms, total 4ms
02-03 10:48:07.991 D/dalvikvm( 2070): GC_FOR_ALLOC freed 2511K, 36% free 8153K/12652K, paused 4ms, total 4ms
02-03 10:48:07.991 D/dalvikvm( 2070): GC_FOR_ALLOC freed 2548K, 36% free 8152K/12652K, paused 3ms, total 4ms
02-03 10:48:08.001 D/dalvikvm( 2070): GC_FOR_ALLOC freed 2586K, 36% free 8150K/12652K, paused 4ms, total 4ms
02-03 10:48:08.001 D/dalvikvm( 2070): GC_FOR_ALLOC freed 2498K, 37% free 8087K/12652K, paused 3ms, total 3ms
02-03 10:48:08.011 D/dalvikvm( 2070): GC_FOR_ALLOC freed 2660K, 37% free 8085K/12652K, paused 4ms, total 4ms
02-03 10:48:08.011 D/dalvikvm( 2070): GC_FOR_ALLOC freed 2374K, 35% free 8306K/12652K, paused 3ms, total 3ms
02-03 10:48:08.021 D/dalvikvm( 2070): GC_FOR_ALLOC freed 2273K, 35% free 8306K/12652K, paused 3ms, total 3ms
02-03 10:48:08.021 D/dalvikvm( 2070): GC_FOR_ALLOC freed 2299K, 36% free 8174K/12652K, paused 3ms, total 3ms
02-03 10:48:08.031 D/dalvikvm( 2070): GC_FOR_ALLOC freed 2660K, 36% free 8107K/12652K, paused 3ms, total 3ms
02-03 10:48:08.031 D/dalvikvm( 2070): GC_FOR_ALLOC freed 2490K, 36% free 8171K/12652K, paused 3ms, total 3ms
02-03 10:48:08.041 D/dalvikvm( 2070): GC_FOR_ALLOC freed 2383K, 35% free 8306K/12652K, paused 3ms, total 4ms
02-03 10:48:08.041 D/dalvikvm( 2070): GC_FOR_ALLOC freed 2271K, 36% free 8099K/12652K, paused 4ms, total 4ms
02-03 10:48:08.051 D/dalvikvm( 2070): GC_FOR_ALLOC freed 2434K, 36% free 8097K/12652K, paused 3ms, total 4ms
02-03 10:48:08.051 D/dalvikvm( 2070): GC_FOR_ALLOC freed 2460K, 36% free 8126K/12652K, paused 3ms, total 4ms
02-03 10:48:08.061 D/dalvikvm( 2070): GC_FOR_ALLOC freed 2486K, 36% free 8124K/12652K, paused 3ms, total 4ms
02-03 10:48:08.061 D/dalvikvm( 2070): GC_FOR_ALLOC freed 2512K, 36% free 8121K/12652K, paused 3ms, total 3ms
02-03 10:48:08.071 D/dalvikvm( 2070): GC_FOR_ALLOC freed 2538K, 36% free 8119K/12652K, paused 3ms, total 4ms
02-03 10:48:08.071 D/dalvikvm( 2070): GC_FOR_ALLOC freed 2565K, 36% free 8116K/12652K, paused 4ms, total 4ms
02-03 10:48:08.081 D/dalvikvm( 2070): GC_FOR_ALLOC freed 2591K, 36% free 8114K/12652K, paused 4ms, total 4ms
02-03 10:48:08.081 D/dalvikvm( 2070): GC_FOR_ALLOC freed 2617K, 36% free 8111K/12652K, paused 3ms, total 3ms
02-03 10:48:08.091 D/dalvikvm( 2070): GC_FOR_ALLOC freed 2643K, 36% free 8109K/12652K, paused 3ms, total 3ms
02-03 10:48:08.091 D/dalvikvm( 2070): GC_FOR_ALLOC freed 2286K, 34% free 8366K/12652K, paused 3ms, total 3ms
02-03 10:48:08.101 D/dalvikvm( 2070): GC_FOR_ALLOC freed 2152K, 34% free 8365K/12652K, paused 3ms, total 3ms
02-03 10:48:08.101 D/dalvikvm( 2070): GC_FOR_ALLOC freed 2169K, 36% free 8209K/12652K, paused 3ms, total 3ms
02-03 10:48:08.111 D/dalvikvm( 2070): GC_FOR_ALLOC freed 2185K, 34% free 8363K/12652K, paused 3ms, total 3ms
02-03 10:48:08.111 D/dalvikvm( 2070): GC_FOR_ALLOC freed 2202K, 34% free 8362K/12652K, paused 3ms, total 4ms
02-03 10:48:08.121 D/dalvikvm( 2070): GC_FOR_ALLOC freed 2617K, 36% free 8124K/12652K, paused 3ms, total 3ms
02-03 10:48:08.121 D/dalvikvm( 2070): GC_FOR_ALLOC freed 2399K, 36% free 8201K/12652K, paused 3ms, total 3ms
02-03 10:48:08.131 D/dalvikvm( 2070): GC_FOR_ALLOC freed 2259K, 34% free 8360K/12652K, paused 3ms, total 3ms
02-03 10:48:08.131 D/dalvikvm( 2070): GC_FOR_ALLOC freed 2276K, 34% free 8391K/12652K, paused 3ms, total 3ms
02-03 10:48:08.141 D/dalvikvm( 2070): GC_FOR_ALLOC freed 2705K, 36% free 8146K/12652K, paused 3ms, total 3ms
02-03 10:48:08.141 D/dalvikvm( 2070): GC_FOR_ALLOC freed 2479K, 35% free 8225K/12652K, paused 3ms, total 3ms
02-03 10:48:08.151 D/dalvikvm( 2070): GC_FOR_ALLOC freed 2167K, 36% free 8140K/12652K, paused 3ms, total 3ms
02-03 10:48:08.151 D/dalvikvm( 2070): GC_FOR_ALLOC freed 1926K, 34% free 8392K/12652K, paused 3ms, total 3ms
02-03 10:48:08.151 D/dalvikvm( 2070): GC_FOR_ALLOC freed 2195K, 36% free 8138K/12652K, paused 3ms, total 3ms
02-03 10:48:08.161 D/dalvikvm( 2070): GC_FOR_ALLOC freed 2380K, 36% free 8136K/12652K, paused 3ms, total 3ms
02-03 10:48:08.161 D/dalvikvm( 2070): GC_FOR_ALLOC freed 2396K, 36% free 8133K/12652K, paused 3ms, total 3ms
02-03 10:48:08.171 D/dalvikvm( 2070): GC_FOR_ALLOC freed 2413K, 36% free 8130K/12652K, paused 3ms, total 3ms
02-03 10:48:08.171 D/dalvikvm( 2070): GC_FOR_ALLOC freed 1991K, 34% free 8390K/12652K, paused 3ms, total 4ms
02-03 10:48:08.181 D/dalvikvm( 2070): GC_FOR_ALLOC freed 2269K, 36% free 8160K/12652K, paused 3ms, total 3ms
02-03 10:48:08.181 D/dalvikvm( 2070): GC_FOR_ALLOC freed 2015K, 34% free 8424K/12652K, paused 3ms, total 3ms
02-03 10:48:08.191 D/dalvikvm( 2070): GC_FOR_ALLOC freed 2296K, 36% free 8158K/12652K, paused 3ms, total 3ms
02-03 10:48:08.191 D/dalvikvm( 2070): GC_FOR_ALLOC freed 2039K, 34% free 8425K/12652K, paused 4ms, total 4ms
02-03 10:48:08.201 D/dalvikvm( 2070): GC_FOR_ALLOC freed 2324K, 36% free 8156K/12652K, paused 3ms, total 3ms
02-03 10:48:08.201 D/dalvikvm( 2070): GC_FOR_ALLOC freed 2063K, 35% free 8246K/12652K, paused 3ms, total 3ms
02-03 10:48:08.211 D/dalvikvm( 2070): GC_FOR_ALLOC freed 1894K, 34% free 8428K/12652K, paused 3ms, total 3ms
02-03 10:48:08.211 D/dalvikvm( 2070): GC_FOR_ALLOC freed 1903K, 35% free 8249K/12652K, paused 3ms, total 3ms
02-03 10:48:08.221 D/dalvikvm( 2070): GC_FOR_ALLOC freed 1913K, 35% free 8251K/12652K, paused 3ms, total 3ms
02-03 10:48:08.221 D/dalvikvm( 2070): GC_FOR_ALLOC freed 1922K, 35% free 8252K/12652K, paused 3ms, total 3ms
02-03 10:48:08.231 D/dalvikvm( 2070): GC_FOR_ALLOC freed 1932K, 35% free 8253K/12652K, paused 3ms, total 3ms
02-03 10:48:08.231 D/dalvikvm( 2070): GC_FOR_ALLOC freed 1941K, 34% free 8439K/12652K, paused 3ms, total 3ms
02-03 10:48:08.231 D/dalvikvm( 2070): GC_FOR_ALLOC freed 1950K, 34% free 8442K/12652K, paused 3ms, total 3ms
02-03 10:48:08.241 D/dalvikvm( 2070): GC_FOR_ALLOC freed 1960K, 35% free 8257K/12652K, paused 3ms, total 3ms
02-03 10:48:08.241 D/dalvikvm( 2070): GC_FOR_ALLOC freed 1969K, 35% free 8259K/12652K, paused 3ms, total 3ms
02-03 10:48:08.251 D/dalvikvm( 2070): GC_FOR_ALLOC freed 1979K, 34% free 8448K/12652K, paused 3ms, total 3ms
02-03 10:48:08.251 D/dalvikvm( 2070): GC_FOR_ALLOC freed 1988K, 34% free 8451K/12652K, paused 3ms, total 3ms
02-03 10:48:08.261 D/dalvikvm( 2070): GC_FOR_ALLOC freed 1997K, 35% free 8263K/12652K, paused 3ms, total 3ms
02-03 10:48:08.261 D/dalvikvm( 2070): GC_FOR_ALLOC freed 2007K, 35% free 8264K/12652K, paused 3ms, total 3ms
02-03 10:48:08.271 D/dalvikvm( 2070): GC_FOR_ALLOC freed 2016K, 34% free 8457K/12652K, paused 4ms, total 4ms
02-03 10:48:08.271 D/dalvikvm( 2070): GC_FOR_ALLOC freed 2026K, 34% free 8460K/12652K, paused 4ms, total 4ms
02-03 10:48:08.281 D/dalvikvm( 2070): GC_FOR_ALLOC freed 2035K, 35% free 8268K/12652K, paused 3ms, total 3ms
02-03 10:48:08.281 D/dalvikvm( 2070): GC_FOR_ALLOC freed 1850K, 36% free 8172K/12652K, paused 4ms, total 4ms
02-03 10:48:08.291 D/dalvikvm( 2070): GC_FOR_ALLOC freed 2053K, 36% free 8173K/12652K, paused 3ms, total 3ms
02-03 10:48:08.291 D/dalvikvm( 2070): GC_FOR_ALLOC freed 2062K, 36% free 8174K/12652K, paused 3ms, total 3ms
02-03 10:48:08.301 D/dalvikvm( 2070): GC_FOR_ALLOC freed 2072K, 36% free 8175K/12652K, paused 3ms, total 3ms
02-03 10:48:08.301 D/dalvikvm( 2070): GC_FOR_ALLOC freed 2081K, 36% free 8176K/12652K, paused 3ms, total 3ms
02-03 10:48:08.311 D/dalvikvm( 2070): GC_FOR_ALLOC freed 2091K, 36% free 8177K/12652K, paused 3ms, total 3ms
02-03 10:48:08.311 D/dalvikvm( 2070): GC_FOR_ALLOC freed 2100K, 36% free 8178K/12652K, paused 3ms, total 3ms
02-03 10:48:08.311 D/dalvikvm( 2070): GC_FOR_ALLOC freed 2110K, 36% free 8179K/12652K, paused 3ms, total 3ms
02-03 10:48:08.321 D/dalvikvm( 2070): GC_FOR_ALLOC freed 1613K, 33% free 8481K/12652K, paused 4ms, total 4ms
02-03 10:48:08.321 D/dalvikvm( 2070): GC_FOR_ALLOC freed 1924K, 36% free 8180K/12652K, paused 3ms, total 3ms
02-03 10:48:08.331 D/dalvikvm( 2070): GC_FOR_ALLOC freed 1625K, 33% free 8485K/12652K, paused 4ms, total 4ms
02-03 10:48:08.331 D/dalvikvm( 2070): GC_FOR_ALLOC freed 1938K, 36% free 8182K/12652K, paused 3ms, total 3ms
02-03 10:48:08.341 D/dalvikvm( 2070): GC_FOR_ALLOC freed 1638K, 33% free 8489K/12652K, paused 4ms, total 4ms
02-03 10:48:08.341 D/dalvikvm( 2070): GC_FOR_ALLOC freed 1953K, 36% free 8183K/12652K, paused 3ms, total 3ms
02-03 10:48:08.351 D/dalvikvm( 2070): GC_FOR_ALLOC freed 1650K, 33% free 8493K/12652K, paused 3ms, total 3ms
02-03 10:48:08.351 D/dalvikvm( 2070): GC_FOR_ALLOC freed 2546K, 36% free 8179K/12652K, paused 3ms, total 3ms
02-03 10:48:08.361 D/dalvikvm( 2070): GC_FOR_ALLOC freed 1766K, 33% free 8511K/12652K, paused 3ms, total 3ms
02-03 10:48:08.361 D/dalvikvm( 2070): GC_FOR_ALLOC freed 1552K, 33% free 8511K/12652K, paused 3ms, total 3ms
02-03 10:48:08.371 D/dalvikvm( 2070): GC_FOR_ALLOC freed 1412K, 40% free 7655K/12652K, paused 3ms, total 3ms
02-03 10:48:08.371 D/dalvikvm( 2070): GC_FOR_ALLOC freed 4K, 32% free 8676K/12652K, paused 2ms, total 2ms
02-03 10:48:08.371 I/dalvikvm-heap( 2070): Grow heap (frag case) to 9.515MB for 1048592-byte allocation
02-03 10:48:08.371 D/dalvikvm( 2070): GC_FOR_ALLOC freed <1K, 30% free 9700K/13680K, paused 2ms, total 2ms
02-03 10:48:08.381 D/dalvikvm( 2070): GC_FOR_ALLOC freed <1K, 30% free 9700K/13680K, paused 3ms, total 3ms
02-03 10:48:08.381 I/dalvikvm-heap( 2070): Grow heap (frag case) to 10.515MB for 1048592-byte allocation
02-03 10:48:08.381 D/dalvikvm( 2070): GC_FOR_ALLOC freed 0K, 28% free 10724K/14708K, paused 3ms, total 3ms
02-03 10:48:08.861 D/dalvikvm( 2070): GC_CONCURRENT freed 6750K, 47% free 8023K/14864K, paused 2ms+2ms, total 19ms
02-03 10:48:08.861 D/dalvikvm( 2070): WAIT_FOR_CONCURRENT_GC blocked 16ms
02-03 10:48:08.871 D/dalvikvm( 2070): GC_CONCURRENT freed 4022K, 36% free 8026K/12472K, paused 0ms+1ms, total 4ms
02-03 10:48:08.881 D/dalvikvm( 2070): GC_FOR_ALLOC freed 3726K, 36% free 8039K/12472K, paused 4ms, total 4ms
02-03 10:48:08.891 D/dalvikvm( 2070): GC_FOR_ALLOC freed 3571K, 36% free 8014K/12472K, paused 4ms, total 4ms
02-03 10:48:08.901 D/dalvikvm( 2070): GC_FOR_ALLOC freed 3141K, 36% free 8039K/12472K, paused 4ms, total 4ms
02-03 10:48:08.901 D/dalvikvm( 2070): GC_FOR_ALLOC freed 3023K, 36% free 8070K/12472K, paused 4ms, total 4ms
02-03 10:48:08.911 D/dalvikvm( 2070): GC_FOR_ALLOC freed 2971K, 36% free 8037K/12472K, paused 3ms, total 3ms
02-03 10:48:08.921 D/dalvikvm( 2070): GC_FOR_ALLOC freed 2824K, 35% free 8137K/12472K, paused 4ms, total 4ms
02-03 10:48:08.921 D/dalvikvm( 2070): GC_FOR_ALLOC freed 2841K, 36% free 8036K/12472K, paused 4ms, total 4ms
02-03 10:48:08.931 D/dalvikvm( 2070): GC_FOR_ALLOC freed 2798K, 36% free 8036K/12472K, paused 3ms, total 3ms
02-03 10:48:08.931 D/dalvikvm( 2070): GC_FOR_ALLOC freed 2731K, 35% free 8149K/12472K, paused 4ms, total 4ms
02-03 10:48:08.941 D/dalvikvm( 2070): GC_FOR_ALLOC freed 2682K, 36% free 8066K/12472K, paused 3ms, total 3ms
02-03 10:48:08.941 D/dalvikvm( 2070): GC_FOR_ALLOC freed 2658K, 35% free 8188K/12472K, paused 3ms, total 3ms
02-03 10:48:08.951 D/dalvikvm( 2070): GC_FOR_ALLOC freed 2668K, 36% free 8105K/12472K, paused 3ms, total 3ms
02-03 10:48:08.951 D/dalvikvm( 2070): GC_FOR_ALLOC freed 2664K, 36% free 8062K/12472K, paused 3ms, total 4ms
02-03 10:48:08.961 D/dalvikvm( 2070): GC_FOR_ALLOC freed 2834K, 36% free 8061K/12472K, paused 3ms, total 3ms
02-03 10:48:08.961 D/dalvikvm( 2070): GC_FOR_ALLOC freed 2684K, 35% free 8198K/12472K, paused 3ms, total 3ms
02-03 10:48:08.971 D/dalvikvm( 2070): GC_FOR_ALLOC freed 2660K, 35% free 8200K/12472K, paused 3ms, total 3ms
02-03 10:48:08.981 D/dalvikvm( 2070): GC_FOR_ALLOC freed 2727K, 36% free 8104K/12472K, paused 4ms, total 4ms
02-03 10:48:08.981 D/dalvikvm( 2070): GC_FOR_ALLOC freed 2694K, 36% free 8086K/12472K, paused 3ms, total 3ms
02-03 10:48:08.991 D/dalvikvm( 2070): GC_FOR_ALLOC freed 2859K, 36% free 8085K/12472K, paused 4ms, total 5ms
02-03 10:48:09.001 D/dalvikvm( 2070): GC_FOR_ALLOC freed 2662K, 34% free 8239K/12472K, paused 5ms, total 5ms
02-03 10:48:09.001 D/dalvikvm( 2070): GC_FOR_ALLOC freed 2610K, 34% free 8241K/12472K, paused 4ms, total 4ms
02-03 10:48:09.011 D/dalvikvm( 2070): GC_FOR_ALLOC freed 2661K, 34% free 8242K/12472K, paused 4ms, total 4ms
02-03 10:48:09.021 D/dalvikvm( 2070): GC_FOR_ALLOC freed 2713K, 34% free 8243K/12472K, paused 4ms, total 4ms
02-03 10:48:09.021 D/dalvikvm( 2070): GC_FOR_ALLOC freed 2366K, 35% free 8131K/12472K, paused 5ms, total 5ms
02-03 10:48:09.031 D/dalvikvm( 2070): GC_FOR_ALLOC freed 2404K, 35% free 8129K/12472K, paused 4ms, total 4ms
02-03 10:48:09.041 D/dalvikvm( 2070): GC_FOR_ALLOC freed 2325K, 36% free 8102K/12472K, paused 3ms, total 3ms
02-03 10:48:09.041 D/dalvikvm( 2070): GC_FOR_ALLOC freed 2181K, 34% free 8276K/12472K, paused 6ms, total 6ms
02-03 10:48:09.051 D/dalvikvm( 2070): GC_FOR_ALLOC freed 2090K, 34% free 8276K/12472K, paused 4ms, total 4ms
02-03 10:48:09.061 D/dalvikvm( 2070): GC_FOR_ALLOC freed 2421K, 36% free 8095K/12472K, paused 5ms, total 5ms
02-03 10:48:09.061 D/dalvikvm( 2070): GC_FOR_ALLOC freed 2269K, 34% free 8276K/12472K, paused 4ms, total 4ms
02-03 10:48:09.071 D/dalvikvm( 2070): GC_FOR_ALLOC freed 2174K, 34% free 8276K/12472K, paused 3ms, total 3ms
02-03 10:48:09.071 D/dalvikvm( 2070): GC_FOR_ALLOC freed 2200K, 34% free 8276K/12472K, paused 5ms, total 5ms
02-03 10:48:09.081 D/dalvikvm( 2070): GC_FOR_ALLOC freed 2226K, 34% free 8275K/12472K, paused 4ms, total 4ms
02-03 10:48:09.081 D/dalvikvm( 2070): GC_FOR_ALLOC freed 2252K, 35% free 8178K/12472K, paused 3ms, total 3ms
02-03 10:48:09.091 D/dalvikvm( 2070): GC_FOR_ALLOC freed 2278K, 34% free 8307K/12472K, paused 6ms, total 6ms
02-03 10:48:09.101 D/dalvikvm( 2070): GC_FOR_ALLOC freed 2173K, 35% free 8110K/12472K, paused 4ms, total 4ms
02-03 10:48:09.111 D/dalvikvm( 2070): GC_FOR_ALLOC freed 2329K, 35% free 8107K/12472K, paused 5ms, total 5ms
02-03 10:48:09.111 D/dalvikvm( 2070): GC_FOR_ALLOC freed 2355K, 36% free 8104K/12472K, paused 4ms, total 4ms
02-03 10:48:09.121 D/dalvikvm( 2070): GC_FOR_ALLOC freed 2382K, 36% free 8102K/12472K, paused 3ms, total 3ms
02-03 10:48:09.121 D/dalvikvm( 2070): GC_FOR_ALLOC freed 2408K, 36% free 8099K/12472K, paused 5ms, total 5ms
02-03 10:48:09.131 D/dalvikvm( 2070): GC_FOR_ALLOC freed 2434K, 36% free 8097K/12472K, paused 3ms, total 3ms
02-03 10:48:09.131 D/dalvikvm( 2070): GC_FOR_ALLOC freed 2460K, 35% free 8126K/12472K, paused 3ms, total 3ms
02-03 10:48:09.141 D/dalvikvm( 2070): GC_FOR_ALLOC freed 2130K, 34% free 8336K/12472K, paused 5ms, total 5ms
02-03 10:48:09.151 D/dalvikvm( 2070): GC_FOR_ALLOC freed 2365K, 35% free 8121K/12472K, paused 3ms, total 3ms
02-03 10:48:09.151 D/dalvikvm( 2070): GC_FOR_ALLOC freed 2170K, 34% free 8335K/12472K, paused 3ms, total 3ms
02-03 10:48:09.161 D/dalvikvm( 2070): GC_FOR_ALLOC freed 2409K, 35% free 8116K/12472K, paused 5ms, total 5ms
02-03 10:48:09.171 D/dalvikvm( 2070): GC_FOR_ALLOC freed 2210K, 34% free 8334K/12472K, paused 4ms, total 4ms
02-03 10:48:09.171 D/dalvikvm( 2070): GC_FOR_ALLOC freed 2454K, 35% free 8111K/12472K, paused 4ms, total 5ms
02-03 10:48:09.181 D/dalvikvm( 2070): GC_FOR_ALLOC freed 2251K, 35% free 8182K/12472K, paused 4ms, total 4ms
02-03 10:48:09.181 D/dalvikvm( 2070): GC_FOR_ALLOC freed 2118K, 35% free 8212K/12472K, paused 4ms, total 4ms
02-03 10:48:09.191 D/dalvikvm( 2070): GC_FOR_ALLOC freed 2135K, 35% free 8210K/12472K, paused 5ms, total 5ms
02-03 10:48:09.201 D/dalvikvm( 2070): GC_FOR_ALLOC freed 2152K, 35% free 8208K/12472K, paused 4ms, total 4ms
02-03 10:48:09.201 D/dalvikvm( 2070): GC_FOR_ALLOC freed 2169K, 35% free 8205K/12472K, paused 3ms, total 3ms
02-03 10:48:09.211 D/dalvikvm( 2070): GC_FOR_ALLOC freed 2185K, 35% free 8203K/12472K, paused 5ms, total 5ms
02-03 10:48:09.211 D/dalvikvm( 2070): GC_FOR_ALLOC freed 2202K, 35% free 8201K/12472K, paused 4ms, total 4ms
02-03 10:48:09.221 D/dalvikvm( 2070): GC_FOR_ALLOC freed 2219K, 35% free 8199K/12472K, paused 3ms, total 3ms
02-03 10:48:09.231 D/dalvikvm( 2070): GC_FOR_ALLOC freed 2236K, 35% free 8197K/12472K, paused 6ms, total 6ms
02-03 10:48:09.231 D/dalvikvm( 2070): GC_FOR_ALLOC freed 2254K, 35% free 8227K/12472K, paused 3ms, total 3ms
02-03 10:48:09.241 D/dalvikvm( 2070): GC_FOR_ALLOC freed 2110K, 35% free 8144K/12472K, paused 3ms, total 3ms
02-03 10:48:09.241 D/dalvikvm( 2070): GC_FOR_ALLOC freed 2288K, 35% free 8141K/12472K, paused 5ms, total 5ms
02-03 10:48:09.251 D/dalvikvm( 2070): GC_FOR_ALLOC freed 2306K, 35% free 8138K/12472K, paused 4ms, total 4ms
02-03 10:48:09.251 D/dalvikvm( 2070): GC_FOR_ALLOC freed 1903K, 33% free 8387K/12472K, paused 4ms, total 4ms
02-03 10:48:09.261 D/dalvikvm( 2070): GC_FOR_ALLOC freed 2171K, 35% free 8137K/12472K, paused 5ms, total 5ms
02-03 10:48:09.271 D/dalvikvm( 2070): GC_FOR_ALLOC freed 1929K, 33% free 8389K/12472K, paused 4ms, total 4ms
02-03 10:48:09.271 D/dalvikvm( 2070): GC_FOR_ALLOC freed 2199K, 35% free 8135K/12472K, paused 4ms, total 4ms
02-03 10:48:09.281 D/dalvikvm( 2070): GC_FOR_ALLOC freed 1953K, 33% free 8390K/12472K, paused 4ms, total 4ms
02-03 10:48:09.281 D/dalvikvm( 2070): GC_FOR_ALLOC freed 2226K, 35% free 8133K/12472K, paused 3ms, total 3ms
02-03 10:48:09.291 D/dalvikvm( 2070): GC_FOR_ALLOC freed 1977K, 33% free 8391K/12472K, paused 5ms, total 5ms
02-03 10:48:09.301 D/dalvikvm( 2070): GC_FOR_ALLOC freed 1815K, 35% free 8221K/12472K, paused 3ms, total 3ms
02-03 10:48:09.301 D/dalvikvm( 2070): GC_FOR_ALLOC freed 1825K, 33% free 8396K/12472K, paused 3ms, total 4ms
02-03 10:48:09.311 D/dalvikvm( 2070): GC_FOR_ALLOC freed 1834K, 35% free 8223K/12472K, paused 5ms, total 5ms
02-03 10:48:09.311 D/dalvikvm( 2070): GC_FOR_ALLOC freed 1844K, 33% free 8400K/12472K, paused 3ms, total 3ms
02-03 10:48:09.321 D/dalvikvm( 2070): GC_FOR_ALLOC freed 1853K, 35% free 8226K/12472K, paused 3ms, total 3ms
02-03 10:48:09.321 D/dalvikvm( 2070): GC_FOR_ALLOC freed 1863K, 33% free 8405K/12472K, paused 3ms, total 3ms
02-03 10:48:09.331 D/dalvikvm( 2070): GC_FOR_ALLOC freed 1872K, 35% free 8229K/12472K, paused 3ms, total 3ms
02-03 10:48:09.331 D/dalvikvm( 2070): GC_FOR_ALLOC freed 1881K, 35% free 8230K/12472K, paused 3ms, total 3ms
02-03 10:48:09.331 D/dalvikvm( 2070): GC_FOR_ALLOC freed 1891K, 34% free 8231K/12472K, paused 3ms, total 3ms
02-03 10:48:09.341 D/dalvikvm( 2070): GC_FOR_ALLOC freed 1900K, 34% free 8233K/12472K, paused 3ms, total 3ms
02-03 10:48:09.341 D/dalvikvm( 2070): GC_FOR_ALLOC freed 1910K, 34% free 8234K/12472K, paused 3ms, total 3ms
02-03 10:48:09.351 D/dalvikvm( 2070): GC_FOR_ALLOC freed 1736K, 35% free 8145K/12472K, paused 3ms, total 3ms
02-03 10:48:09.351 D/dalvikvm( 2070): GC_FOR_ALLOC freed 1467K, 33% free 8420K/12472K, paused 3ms, total 3ms
02-03 10:48:09.361 D/dalvikvm( 2070): GC_FOR_ALLOC freed 1750K, 35% free 8146K/12472K, paused 3ms, total 3ms
02-03 10:48:09.361 D/dalvikvm( 2070): GC_FOR_ALLOC freed 1479K, 33% free 8423K/12472K, paused 3ms, total 3ms
02-03 10:48:09.371 D/dalvikvm( 2070): GC_FOR_ALLOC freed 1765K, 35% free 8148K/12472K, paused 3ms, total 3ms
02-03 10:48:09.371 D/dalvikvm( 2070): GC_FOR_ALLOC freed 1491K, 33% free 8427K/12472K, paused 3ms, total 3ms
02-03 10:48:09.381 D/dalvikvm( 2070): GC_FOR_ALLOC freed 1779K, 35% free 8149K/12472K, paused 3ms, total 3ms
02-03 10:48:09.381 D/dalvikvm( 2070): GC_FOR_ALLOC freed 1503K, 33% free 8431K/12472K, paused 3ms, total 3ms
02-03 10:48:09.381 D/dalvikvm( 2070): GC_FOR_ALLOC freed 1793K, 35% free 8151K/12472K, paused 3ms, total 3ms
02-03 10:48:09.391 D/dalvikvm( 2070): GC_FOR_ALLOC freed 1515K, 33% free 8435K/12472K, paused 3ms, total 3ms
02-03 10:48:09.391 D/dalvikvm( 2070): GC_FOR_ALLOC freed 1807K, 35% free 8152K/12472K, paused 4ms, total 4ms
02-03 10:48:09.401 D/dalvikvm( 2070): GC_FOR_ALLOC freed 1527K, 33% free 8438K/12472K, paused 4ms, total 4ms
02-03 10:48:09.401 D/dalvikvm( 2070): GC_FOR_ALLOC freed 1821K, 35% free 8153K/12472K, paused 3ms, total 3ms
02-03 10:48:09.411 D/dalvikvm( 2070): GC_FOR_ALLOC freed 1539K, 33% free 8442K/12472K, paused 4ms, total 4ms
02-03 10:48:09.411 D/dalvikvm( 2070): GC_FOR_ALLOC freed 1836K, 35% free 8155K/12472K, paused 3ms, total 3ms
02-03 10:48:09.421 D/dalvikvm( 2070): GC_FOR_ALLOC freed 1551K, 33% free 8446K/12472K, paused 3ms, total 3ms
02-03 10:48:09.421 D/dalvikvm( 2070): GC_FOR_ALLOC freed 1850K, 35% free 8156K/12472K, paused 4ms, total 4ms
02-03 10:48:09.421 D/dalvikvm( 2070): GC_FOR_ALLOC freed 1563K, 33% free 8450K/12472K, paused 3ms, total 3ms
02-03 10:48:09.431 D/dalvikvm( 2070): GC_FOR_ALLOC freed 1864K, 35% free 8158K/12472K, paused 3ms, total 3ms
02-03 10:48:09.431 D/dalvikvm( 2070): GC_FOR_ALLOC freed 1575K, 33% free 8453K/12472K, paused 3ms, total 3ms
02-03 10:48:09.441 D/dalvikvm( 2070): GC_FOR_ALLOC freed 1878K, 35% free 8159K/12472K, paused 3ms, total 3ms
02-03 10:48:09.441 D/dalvikvm( 2070): GC_FOR_ALLOC freed 1587K, 33% free 8457K/12472K, paused 3ms, total 3ms
02-03 10:48:09.451 D/dalvikvm( 2070): GC_FOR_ALLOC freed 1892K, 35% free 8161K/12472K, paused 4ms, total 4ms
02-03 10:48:09.451 D/dalvikvm( 2070): GC_FOR_ALLOC freed 1599K, 33% free 8461K/12472K, paused 3ms, total 3ms
02-03 10:48:09.461 D/dalvikvm( 2070): GC_FOR_ALLOC freed 1907K, 35% free 8162K/12472K, paused 3ms, total 3ms
02-03 10:48:09.461 D/dalvikvm( 2070): GC_FOR_ALLOC freed 1611K, 33% free 8465K/12472K, paused 3ms, total 3ms
02-03 10:48:09.461 D/dalvikvm( 2070): GC_FOR_ALLOC freed 1921K, 35% free 8164K/12472K, paused 3ms, total 3ms
02-03 10:48:09.471 D/dalvikvm( 2070): GC_FOR_ALLOC freed 1623K, 34% free 8265K/12472K, paused 3ms, total 3ms
02-03 10:48:09.471 D/dalvikvm( 2070): GC_FOR_ALLOC freed 1425K, 33% free 8470K/12472K, paused 3ms, total 3ms
02-03 10:48:09.481 D/dalvikvm( 2070): GC_FOR_ALLOC freed 1429K, 33% free 8472K/12472K, paused 3ms, total 3ms
02-03 10:48:09.481 D/dalvikvm( 2070): GC_FOR_ALLOC freed 1947K, 35% free 8167K/12472K, paused 3ms, total 3ms
02-03 10:48:09.491 D/dalvikvm( 2070): GC_FOR_ALLOC freed 1645K, 34% free 8270K/12472K, paused 3ms, total 3ms
02-03 10:48:09.491 D/dalvikvm( 2070): GC_FOR_ALLOC freed 1444K, 33% free 8477K/12472K, paused 3ms, total 3ms
02-03 10:48:09.501 D/dalvikvm( 2070): GC_FOR_ALLOC freed 1790K, 34% free 8271K/12472K, paused 4ms, total 4ms
02-03 10:48:09.501 D/dalvikvm( 2070): GC_FOR_ALLOC freed 1750K, 32% free 8523K/12472K, paused 3ms, total 3ms
02-03 10:48:09.511 D/dalvikvm( 2070): GC_FOR_ALLOC freed 1330K, 35% free 8191K/12472K, paused 4ms, total 4ms
02-03 10:48:09.511 D/dalvikvm( 2070): GC_FOR_ALLOC freed 1552K, 35% free 8191K/12472K, paused 3ms, total 3ms
02-03 10:48:09.521 D/dalvikvm( 2070): GC_FOR_ALLOC freed 849K, 39% free 7675K/12472K, paused 3ms, total 3ms
02-03 10:48:09.521 I/dalvikvm-heap( 2070): Grow heap (frag case) to 8.538MB for 1048592-byte allocation
02-03 10:48:09.521 D/dalvikvm( 2070): GC_FOR_ALLOC freed 4K, 36% free 8695K/13500K, paused 2ms, total 2ms
02-03 10:48:09.521 D/dalvikvm( 2070): GC_FOR_ALLOC freed 8K, 36% free 8688K/13500K, paused 2ms, total 2ms
02-03 10:48:09.521 I/dalvikvm-heap( 2070): Grow heap (frag case) to 9.527MB for 1048592-byte allocation
02-03 10:48:09.531 D/dalvikvm( 2070): GC_FOR_ALLOC freed <1K, 34% free 9712K/14528K, paused 3ms, total 3ms
02-03 10:48:09.531 D/dalvikvm( 2070): GC_FOR_ALLOC freed <1K, 34% free 9712K/14528K, paused 3ms, total 3ms
02-03 10:48:09.531 I/dalvikvm-heap( 2070): Grow heap (frag case) to 10.527MB for 1048592-byte allocation
02-03 10:48:09.531 D/dalvikvm( 2070): GC_FOR_ALLOC freed 0K, 31% free 10736K/15556K, paused 2ms, total 3ms
02-03 10:48:09.871 D/dalvikvm( 2070): GC_CONCURRENT freed 6749K, 49% free 8032K/15556K, paused 0ms+2ms, total 17ms
02-03 10:48:09.871 D/dalvikvm( 2070): WAIT_FOR_CONCURRENT_GC blocked 16ms
02-03 10:48:09.881 D/dalvikvm( 2070): GC_FOR_ALLOC freed 4094K, 37% free 8014K/12548K, paused 4ms, total 4ms
02-03 10:48:09.891 D/dalvikvm( 2070): GC_CONCURRENT freed 2008K, 35% free 8235K/12548K, paused 0ms+1ms, total 4ms
02-03 10:48:09.891 D/dalvikvm( 2070): GC_FOR_ALLOC freed 3739K, 37% free 8023K/12548K, paused 5ms, total 5ms
02-03 10:48:09.901 D/dalvikvm( 2070): GC_FOR_ALLOC freed 3297K, 36% free 8099K/12548K, paused 3ms, total 3ms
02-03 10:48:09.911 D/dalvikvm( 2070): GC_FOR_ALLOC freed 3108K, 36% free 8105K/12548K, paused 4ms, total 4ms
02-03 10:48:09.911 D/dalvikvm( 2070): GC_FOR_ALLOC freed 2885K, 36% free 8047K/12548K, paused 3ms, total 4ms
02-03 10:48:09.921 D/dalvikvm( 2070): GC_FOR_ALLOC freed 2916K, 36% free 8043K/12548K, paused 3ms, total 3ms
02-03 10:48:09.921 D/dalvikvm( 2070): GC_FOR_ALLOC freed 3093K, 36% free 8039K/12548K, paused 3ms, total 3ms
02-03 10:48:09.931 D/dalvikvm( 2070): GC_FOR_ALLOC freed 2825K, 36% free 8147K/12548K, paused 3ms, total 3ms
02-03 10:48:09.941 D/dalvikvm( 2070): GC_FOR_ALLOC freed 2882K, 36% free 8075K/12548K, paused 4ms, total 4ms
02-03 10:48:09.941 D/dalvikvm( 2070): GC_FOR_ALLOC freed 2929K, 36% free 8037K/12548K, paused 3ms, total 3ms
02-03 10:48:09.951 D/dalvikvm( 2070): GC_FOR_ALLOC freed 2844K, 36% free 8068K/12548K, paused 3ms, total 3ms
02-03 10:48:09.951 D/dalvikvm( 2070): GC_FOR_ALLOC freed 2741K, 35% free 8194K/12548K, paused 3ms, total 4ms
02-03 10:48:09.961 D/dalvikvm( 2070): GC_FOR_ALLOC freed 2743K, 35% free 8197K/12548K, paused 3ms, total 3ms
02-03 10:48:09.961 D/dalvikvm( 2070): GC_FOR_ALLOC freed 2828K, 36% free 8109K/12548K, paused 3ms, total 3ms
02-03 10:48:09.971 D/dalvikvm( 2070): GC_FOR_ALLOC freed 2585K, 35% free 8202K/12548K, paused 3ms, total 3ms
02-03 10:48:09.971 D/dalvikvm( 2070): GC_FOR_ALLOC freed 2892K, 36% free 8061K/12548K, paused 3ms, total 3ms
02-03 10:48:09.981 D/dalvikvm( 2070): GC_FOR_ALLOC freed 2823K, 36% free 8108K/12548K, paused 3ms, total 3ms
02-03 10:48:09.991 D/dalvikvm( 2070): GC_FOR_ALLOC freed 2694K, 36% free 8058K/12548K, paused 4ms, total 4ms
02-03 10:48:09.991 D/dalvikvm( 2070): GC_FOR_ALLOC freed 2859K, 36% free 8089K/12548K, paused 3ms, total 3ms
02-03 10:48:10.001 D/dalvikvm( 2070): GC_FOR_ALLOC freed 2926K, 36% free 8087K/12548K, paused 3ms, total 3ms
02-03 10:48:10.001 D/dalvikvm( 2070): GC_FOR_ALLOC freed 2993K, 36% free 8085K/12548K, paused 4ms, total 4ms
02-03 10:48:10.011 D/dalvikvm( 2070): GC_FOR_ALLOC freed 3060K, 36% free 8084K/12548K, paused 3ms, total 3ms
02-03 10:48:10.021 D/dalvikvm( 2070): GC_FOR_ALLOC freed 2845K, 36% free 8137K/12548K, paused 4ms, total 4ms
02-03 10:48:10.021 D/dalvikvm( 2070): GC_FOR_ALLOC freed 2385K, 36% free 8136K/12548K, paused 3ms, total 3ms
02-03 10:48:10.031 D/dalvikvm( 2070): GC_FOR_ALLOC freed 2307K, 36% free 8077K/12548K, paused 3ms, total 3ms
02-03 10:48:10.031 D/dalvikvm( 2070): GC_FOR_ALLOC freed 2459K, 36% free 8075K/12548K, paused 3ms, total 4ms
02-03 10:48:10.041 D/dalvikvm( 2070): GC_FOR_ALLOC freed 2496K, 36% free 8105K/12548K, paused 3ms, total 3ms
02-03 10:48:10.041 D/dalvikvm( 2070): GC_FOR_ALLOC freed 2230K, 34% free 8283K/12548K, paused 3ms, total 3ms
02-03 10:48:10.051 D/dalvikvm( 2070): GC_FOR_ALLOC freed 2137K, 34% free 8283K/12548K, paused 3ms, total 3ms
02-03 10:48:10.051 D/dalvikvm( 2070): GC_FOR_ALLOC freed 2474K, 36% free 8098K/12548K, paused 3ms, total 3ms
02-03 10:48:10.061 D/dalvikvm( 2070): GC_FOR_ALLOC freed 2319K, 34% free 8283K/12548K, paused 5ms, total 5ms
02-03 10:48:10.061 D/dalvikvm( 2070): GC_FOR_ALLOC freed 2540K, 36% free 8093K/12548K, paused 4ms, total 4ms
02-03 10:48:10.071 D/dalvikvm( 2070): GC_FOR_ALLOC freed 2380K, 36% free 8154K/12548K, paused 4ms, total 4ms
02-03 10:48:10.081 D/dalvikvm( 2070): GC_FOR_ALLOC freed 2606K, 36% free 8088K/12548K, paused 4ms, total 4ms
02-03 10:48:10.081 D/dalvikvm( 2070): GC_FOR_ALLOC freed 2308K, 36% free 8118K/12548K, paused 3ms, total 3ms
02-03 10:48:10.091 D/dalvikvm( 2070): GC_FOR_ALLOC freed 2335K, 36% free 8115K/12548K, paused 4ms, total 4ms
02-03 10:48:10.091 D/dalvikvm( 2070): GC_FOR_ALLOC freed 2361K, 36% free 8113K/12548K, paused 4ms, total 4ms
02-03 10:48:10.101 D/dalvikvm( 2070): GC_FOR_ALLOC freed 2387K, 36% free 8110K/12548K, paused 4ms, total 4ms
02-03 10:48:10.111 D/dalvikvm( 2070): GC_FOR_ALLOC freed 2413K, 36% free 8108K/12548K, paused 3ms, total 3ms
02-03 10:48:10.111 D/dalvikvm( 2070): GC_FOR_ALLOC freed 2439K, 36% free 8105K/12548K, paused 5ms, total 5ms
02-03 10:48:10.121 D/dalvikvm( 2070): GC_FOR_ALLOC freed 2465K, 36% free 8103K/12548K, paused 4ms, total 4ms
02-03 10:48:10.121 D/dalvikvm( 2070): GC_FOR_ALLOC freed 2491K, 36% free 8100K/12548K, paused 4ms, total 4ms
02-03 10:48:10.131 D/dalvikvm( 2070): GC_FOR_ALLOC freed 2518K, 36% free 8130K/12548K, paused 4ms, total 4ms
02-03 10:48:10.141 D/dalvikvm( 2070): GC_FOR_ALLOC freed 2544K, 36% free 8127K/12548K, paused 4ms, total 4ms
02-03 10:48:10.141 D/dalvikvm( 2070): GC_FOR_ALLOC freed 2570K, 36% free 8125K/12548K, paused 3ms, total 3ms
02-03 10:48:10.151 D/dalvikvm( 2070): GC_FOR_ALLOC freed 2596K, 36% free 8122K/12548K, paused 3ms, total 3ms
02-03 10:48:10.151 D/dalvikvm( 2070): GC_FOR_ALLOC freed 2246K, 34% free 8343K/12548K, paused 4ms, total 4ms
02-03 10:48:10.161 D/dalvikvm( 2070): GC_FOR_ALLOC freed 2114K, 34% free 8342K/12548K, paused 3ms, total 3ms
02-03 10:48:10.161 D/dalvikvm( 2070): GC_FOR_ALLOC freed 2131K, 35% free 8189K/12548K, paused 3ms, total 4ms
02-03 10:48:10.171 D/dalvikvm( 2070): GC_FOR_ALLOC freed 2148K, 35% free 8187K/12548K, paused 4ms, total 4ms
02-03 10:48:10.171 D/dalvikvm( 2070): GC_FOR_ALLOC freed 2164K, 35% free 8217K/12548K, paused 3ms, total 4ms
02-03 10:48:10.181 D/dalvikvm( 2070): GC_FOR_ALLOC freed 2181K, 35% free 8215K/12548K, paused 5ms, total 5ms
02-03 10:48:10.191 D/dalvikvm( 2070): GC_FOR_ALLOC freed 2198K, 35% free 8213K/12548K, paused 4ms, total 4ms
02-03 10:48:10.191 D/dalvikvm( 2070): GC_FOR_ALLOC freed 2215K, 35% free 8210K/12548K, paused 4ms, total 4ms
02-03 10:48:10.201 D/dalvikvm( 2070): GC_FOR_ALLOC freed 2231K, 35% free 8208K/12548K, paused 4ms, total 4ms
02-03 10:48:10.201 D/dalvikvm( 2070): GC_FOR_ALLOC freed 2250K, 35% free 8206K/12548K, paused 3ms, total 4ms
02-03 10:48:10.211 D/dalvikvm( 2070): GC_FOR_ALLOC freed 2268K, 35% free 8204K/12548K, paused 3ms, total 3ms
02-03 10:48:10.211 D/dalvikvm( 2070): GC_FOR_ALLOC freed 2285K, 35% free 8202K/12548K, paused 4ms, total 4ms
02-03 10:48:10.221 D/dalvikvm( 2070): GC_FOR_ALLOC freed 2302K, 35% free 8232K/12548K, paused 3ms, total 3ms
02-03 10:48:10.221 D/dalvikvm( 2070): GC_FOR_ALLOC freed 2319K, 35% free 8230K/12548K, paused 3ms, total 3ms
02-03 10:48:10.231 D/dalvikvm( 2070): GC_FOR_ALLOC freed 2171K, 36% free 8145K/12548K, paused 3ms, total 3ms
02-03 10:48:10.231 D/dalvikvm( 2070): GC_FOR_ALLOC freed 1929K, 34% free 8397K/12548K, paused 3ms, total 3ms
02-03 10:48:10.241 D/dalvikvm( 2070): GC_FOR_ALLOC freed 2199K, 36% free 8143K/12548K, paused 3ms, total 4ms
02-03 10:48:10.251 D/dalvikvm( 2070): GC_FOR_ALLOC freed 1953K, 34% free 8398K/12548K, paused 3ms, total 3ms
02-03 10:48:10.251 D/dalvikvm( 2070): GC_FOR_ALLOC freed 2226K, 36% free 8141K/12548K, paused 3ms, total 3ms
02-03 10:48:10.261 D/dalvikvm( 2070): GC_FOR_ALLOC freed 1977K, 34% free 8399K/12548K, paused 3ms, total 3ms
02-03 10:48:10.261 D/dalvikvm( 2070): GC_FOR_ALLOC freed 1815K, 34% free 8402K/12548K, paused 3ms, total 3ms
02-03 10:48:10.271 D/dalvikvm( 2070): GC_FOR_ALLOC freed 1825K, 34% free 8404K/12548K, paused 3ms, total 3ms
02-03 10:48:10.271 D/dalvikvm( 2070): GC_FOR_ALLOC freed 1834K, 34% free 8406K/12548K, paused 4ms, total 4ms
02-03 10:48:10.281 D/dalvikvm( 2070): GC_FOR_ALLOC freed 1844K, 33% free 8408K/12548K, paused 4ms, total 4ms
02-03 10:48:10.281 D/dalvikvm( 2070): GC_FOR_ALLOC freed 1853K, 33% free 8411K/12548K, paused 4ms, total 4ms
02-03 10:48:10.291 D/dalvikvm( 2070): GC_FOR_ALLOC freed 1863K, 35% free 8235K/12548K, paused 4ms, total 4ms
02-03 10:48:10.291 D/dalvikvm( 2070): GC_FOR_ALLOC freed 1872K, 35% free 8237K/12548K, paused 4ms, total 4ms
02-03 10:48:10.301 D/dalvikvm( 2070): GC_FOR_ALLOC freed 1881K, 35% free 8238K/12548K, paused 4ms, total 4ms
02-03 10:48:10.301 D/dalvikvm( 2070): GC_FOR_ALLOC freed 1891K, 35% free 8239K/12548K, paused 4ms, total 4ms
02-03 10:48:10.311 D/dalvikvm( 2070): GC_FOR_ALLOC freed 1900K, 35% free 8241K/12548K, paused 4ms, total 4ms
02-03 10:48:10.311 D/dalvikvm( 2070): GC_FOR_ALLOC freed 1728K, 36% free 8152K/12548K, paused 4ms, total 4ms
02-03 10:48:10.321 D/dalvikvm( 2070): GC_FOR_ALLOC freed 1918K, 36% free 8153K/12548K, paused 4ms, total 4ms
02-03 10:48:10.321 D/dalvikvm( 2070): GC_FOR_ALLOC freed 1928K, 36% free 8153K/12548K, paused 3ms, total 3ms
02-03 10:48:10.331 D/dalvikvm( 2070): GC_FOR_ALLOC freed 1937K, 36% free 8154K/12548K, paused 4ms, total 5ms
02-03 10:48:10.331 D/dalvikvm( 2070): GC_FOR_ALLOC freed 1946K, 36% free 8155K/12548K, paused 3ms, total 3ms
02-03 10:48:10.341 D/dalvikvm( 2070): GC_FOR_ALLOC freed 1956K, 35% free 8156K/12548K, paused 4ms, total 4ms
02-03 10:48:10.351 D/dalvikvm( 2070): GC_FOR_ALLOC freed 1965K, 35% free 8157K/12548K, paused 4ms, total 4ms
02-03 10:48:10.351 D/dalvikvm( 2070): GC_FOR_ALLOC freed 1975K, 35% free 8158K/12548K, paused 4ms, total 4ms
02-03 10:48:10.361 D/dalvikvm( 2070): GC_FOR_ALLOC freed 1984K, 35% free 8159K/12548K, paused 3ms, total 3ms
02-03 10:48:10.361 D/dalvikvm( 2070): GC_FOR_ALLOC freed 1993K, 35% free 8160K/12548K, paused 3ms, total 3ms
02-03 10:48:10.371 D/dalvikvm( 2070): GC_FOR_ALLOC freed 2003K, 35% free 8161K/12548K, paused 3ms, total 4ms
02-03 10:48:10.371 D/dalvikvm( 2070): GC_FOR_ALLOC freed 2012K, 35% free 8161K/12548K, paused 3ms, total 3ms
02-03 10:48:10.381 D/dalvikvm( 2070): GC_FOR_ALLOC freed 2022K, 35% free 8162K/12548K, paused 4ms, total 4ms
02-03 10:48:10.381 D/dalvikvm( 2070): GC_FOR_ALLOC freed 1546K, 33% free 8452K/12548K, paused 4ms, total 4ms
02-03 10:48:10.391 D/dalvikvm( 2070): GC_FOR_ALLOC freed 1844K, 35% free 8164K/12548K, paused 3ms, total 3ms
02-03 10:48:10.391 D/dalvikvm( 2070): GC_FOR_ALLOC freed 1558K, 33% free 8456K/12548K, paused 4ms, total 4ms
02-03 10:48:10.401 D/dalvikvm( 2070): GC_FOR_ALLOC freed 1858K, 35% free 8165K/12548K, paused 4ms, total 4ms
02-03 10:48:10.401 D/dalvikvm( 2070): GC_FOR_ALLOC freed 1570K, 33% free 8460K/12548K, paused 4ms, total 4ms
02-03 10:48:10.411 D/dalvikvm( 2070): GC_FOR_ALLOC freed 1872K, 35% free 8167K/12548K, paused 3ms, total 3ms
02-03 10:48:10.411 D/dalvikvm( 2070): GC_FOR_ALLOC freed 1582K, 33% free 8464K/12548K, paused 4ms, total 4ms
02-03 10:48:10.421 D/dalvikvm( 2070): GC_FOR_ALLOC freed 1887K, 35% free 8168K/12548K, paused 4ms, total 4ms
02-03 10:48:10.421 D/dalvikvm( 2070): GC_FOR_ALLOC freed 1594K, 33% free 8467K/12548K, paused 4ms, total 4ms
02-03 10:48:10.431 D/dalvikvm( 2070): GC_FOR_ALLOC freed 1901K, 35% free 8170K/12548K, paused 4ms, total 4ms
02-03 10:48:10.431 D/dalvikvm( 2070): GC_FOR_ALLOC freed 1606K, 33% free 8471K/12548K, paused 4ms, total 4ms
02-03 10:48:10.441 D/dalvikvm( 2070): GC_FOR_ALLOC freed 1915K, 35% free 8171K/12548K, paused 4ms, total 4ms
02-03 10:48:10.441 D/dalvikvm( 2070): GC_FOR_ALLOC freed 1618K, 33% free 8475K/12548K, paused 4ms, total 4ms
02-03 10:48:10.451 D/dalvikvm( 2070): GC_FOR_ALLOC freed 1929K, 35% free 8173K/12548K, paused 4ms, total 4ms
02-03 10:48:10.451 D/dalvikvm( 2070): GC_FOR_ALLOC freed 1630K, 33% free 8479K/12548K, paused 3ms, total 3ms
02-03 10:48:10.461 D/dalvikvm( 2070): GC_FOR_ALLOC freed 1944K, 35% free 8174K/12548K, paused 4ms, total 4ms
02-03 10:48:10.461 D/dalvikvm( 2070): GC_FOR_ALLOC freed 1643K, 33% free 8483K/12548K, paused 3ms, total 4ms
02-03 10:48:10.471 D/dalvikvm( 2070): GC_FOR_ALLOC freed 1959K, 35% free 8176K/12548K, paused 3ms, total 3ms
02-03 10:48:10.471 D/dalvikvm( 2070): GC_FOR_ALLOC freed 1783K, 35% free 8170K/12548K, paused 3ms, total 3ms
02-03 10:48:10.481 D/dalvikvm( 2070): GC_FOR_ALLOC freed 1963K, 33% free 8499K/12548K, paused 4ms, total 4ms
02-03 10:48:10.481 D/dalvikvm( 2070): GC_FOR_ALLOC freed 1330K, 35% free 8167K/12548K, paused 3ms, total 3ms
02-03 10:48:10.491 D/dalvikvm( 2070): GC_FOR_ALLOC freed 1552K, 35% free 8167K/12548K, paused 3ms, total 3ms
02-03 10:48:10.491 D/dalvikvm( 2070): GC_FOR_ALLOC freed 849K, 40% free 7651K/12548K, paused 3ms, total 3ms
02-03 10:48:10.501 D/dalvikvm( 2070): GC_FOR_ALLOC freed <1K, 31% free 8676K/12548K, paused 3ms, total 3ms
02-03 10:48:10.501 I/dalvikvm-heap( 2070): Grow heap (frag case) to 9.515MB for 1048592-byte allocation
02-03 10:48:10.501 D/dalvikvm( 2070): GC_FOR_ALLOC freed 4K, 29% free 9696K/13576K, paused 3ms, total 3ms
02-03 10:48:10.501 D/dalvikvm( 2070): GC_FOR_ALLOC freed <1K, 29% free 9696K/13576K, paused 2ms, total 2ms
02-03 10:48:10.511 I/dalvikvm-heap( 2070): Grow heap (frag case) to 10.511MB for 1048592-byte allocation
02-03 10:48:10.511 D/dalvikvm( 2070): GC_FOR_ALLOC freed 0K, 27% free 10720K/14604K, paused 3ms, total 3ms
02-03 10:48:10.731 D/EVENT_THREAD(  192): void CEventThread::run() POLLIN event on Fd (1)
02-03 10:48:10.731 D/EVENT_THREAD(  192): void CEventThread::run() Do poll with timeout: -1
02-03 10:48:10.731 D/EVENT_THREAD(  192): void CEventThread::run() POLLIN event on Fd (1)
02-03 10:48:10.731 D/EVENT_THREAD(  192): void CEventThread::run() Do poll with timeout: -1
02-03 10:48:10.731 I/upi_ug31xx(  166): (617) update_capacity
02-03 10:48:10.731 I/[UPI]   (  166): <UG31/E>[UpiReadCapacity]: V=4187(4185), T=320(319-384), I=-273, C=-3(-3-0)
02-03 10:48:10.731 I/[UPI]   (  166): <UG31/E>[UpiReadCapacity]: (0x0221254a) 3080 (3531) / 3159 (3971) = 97
02-03 10:48:10.731 I/[UPI]   (  166): <UG31/E>[UpiReadCapacity]: (0x0221254a) 3080 (3531) / 3159 (3971) = 97
02-03 10:48:10.731 I/[UPI]   (  166): <UG31/E>[UpiReadCapacity]: (0x0221254a) 3080 (3080) / 3159 (3971) = 97
02-03 10:48:10.731 I/[UPI]   (  166): <UG31/E>[RsocFilterCountTime]: (0x0221254a) Step=6(393710), Full=3(393710), Lock=393710(1800000)
02-03 10:48:10.731 I/[UPI]   (  166): <UG31/E>[UpiReadCapacity]: (0x0221254a) 3080 (3080) / 3159 (3971) = 97 (-273--273)
02-03 10:48:10.731 I/[UPI]   (  166): <UG31/E><BATT> M:normal, P:97(97-97)%, V:4185mV, C:-205mA, T:31.9C(384), S:0x0221254a(000), R:3080mAh, F:3159mAh, Q:-273mAh, CC:5, P:30.240(272-0)s, BO:5, 97:615:0-44af-9m:B001-20140514-144301 (16)
02-03 10:48:10.731 I/upi_ug31xx(  166): (618) backup_data 
02-03 10:48:10.731 V/upi_ug31xx(  166): state->check_backup_count = 11
02-03 10:48:10.791 W/BindingManager( 6391): Cannot call determinedVisibility() - never saw a connection for the pid: 6391
02-03 10:48:10.851 D/dalvikvm( 2070): GC_CONCURRENT freed 6753K, 46% free 8036K/14860K, paused 1ms+1ms, total 17ms
02-03 10:48:10.851 D/dalvikvm( 2070): WAIT_FOR_CONCURRENT_GC blocked 16ms
02-03 10:48:10.861 D/dalvikvm( 2070): GC_CONCURRENT freed 4033K, 36% free 8078K/12580K, paused 1ms+1ms, total 5ms
02-03 10:48:10.861 D/dalvikvm( 2070): WAIT_FOR_CONCURRENT_GC blocked 4ms
02-03 10:48:10.871 D/dalvikvm( 2070): GC_FOR_ALLOC freed 3831K, 37% free 8019K/12580K, paused 4ms, total 5ms
02-03 10:48:10.881 D/dalvikvm( 2070): GC_FOR_ALLOC freed 3685K, 37% free 8038K/12580K, paused 4ms, total 4ms
02-03 10:48:10.891 D/dalvikvm( 2070): GC_FOR_ALLOC freed 3256K, 37% free 8013K/12580K, paused 3ms, total 3ms
02-03 10:48:10.901 D/dalvikvm( 2070): GC_FOR_ALLOC freed 3110K, 36% free 8071K/12580K, paused 6ms, total 6ms
02-03 10:48:10.901 D/dalvikvm( 2070): GC_FOR_ALLOC freed 2999K, 37% free 8038K/12580K, paused 3ms, total 4ms
02-03 10:48:10.911 D/dalvikvm( 2070): GC_FOR_ALLOC freed 3025K, 37% free 8034K/12580K, paused 3ms, total 3ms
02-03 10:48:10.911 D/dalvikvm( 2070): GC_FOR_ALLOC freed 2946K, 37% free 8033K/12580K, paused 3ms, total 3ms
02-03 10:48:10.921 D/dalvikvm( 2070): GC_FOR_ALLOC freed 2908K, 36% free 8069K/12580K, paused 3ms, total 3ms
02-03 10:48:10.921 D/dalvikvm( 2070): GC_FOR_ALLOC freed 2884K, 36% free 8064K/12580K, paused 3ms, total 3ms
02-03 10:48:10.931 D/dalvikvm( 2070): GC_FOR_ALLOC freed 2801K, 36% free 8063K/12580K, paused 3ms, total 3ms
02-03 10:48:10.931 D/dalvikvm( 2070): GC_FOR_ALLOC freed 2912K, 36% free 8062K/12580K, paused 4ms, total 4ms
02-03 10:48:10.941 D/dalvikvm( 2070): GC_FOR_ALLOC freed 2799K, 35% free 8191K/12580K, paused 3ms, total 3ms
02-03 10:48:10.951 D/dalvikvm( 2070): GC_FOR_ALLOC freed 2799K, 35% free 8193K/12580K, paused 3ms, total 4ms
02-03 10:48:10.951 D/dalvikvm( 2070): GC_FOR_ALLOC freed 2884K, 36% free 8104K/12580K, paused 3ms, total 3ms
02-03 10:48:10.961 D/dalvikvm( 2070): GC_FOR_ALLOC freed 2874K, 36% free 8057K/12580K, paused 3ms, total 3ms
02-03 10:48:10.961 D/dalvikvm( 2070): GC_FOR_ALLOC freed 2806K, 35% free 8201K/12580K, paused 3ms, total 3ms
02-03 10:48:10.971 D/dalvikvm( 2070): GC_FOR_ALLOC freed 2777K, 35% free 8235K/12580K, paused 4ms, total 4ms
02-03 10:48:10.971 D/dalvikvm( 2070): GC_FOR_ALLOC freed 2742K, 36% free 8084K/12580K, paused 3ms, total 3ms
02-03 10:48:10.981 D/dalvikvm( 2070): GC_FOR_ALLOC freed 3014K, 36% free 8134K/12580K, paused 3ms, total 3ms
02-03 10:48:10.981 D/dalvikvm( 2070): GC_FOR_ALLOC freed 2871K, 36% free 8081K/12580K, paused 3ms, total 3ms
02-03 10:48:10.991 D/dalvikvm( 2070): GC_FOR_ALLOC freed 3043K, 36% free 8079K/12580K, paused 4ms, total 4ms
02-03 10:48:11.001 D/dalvikvm( 2070): GC_FOR_ALLOC freed 3110K, 36% free 8077K/12580K, paused 4ms, total 4ms
02-03 10:48:11.001 D/dalvikvm( 2070): GC_FOR_ALLOC freed 2377K, 36% free 8075K/12580K, paused 3ms, total 3ms
02-03 10:48:11.011 D/dalvikvm( 2070): GC_FOR_ALLOC freed 2415K, 36% free 8073K/12580K, paused 3ms, total 3ms
02-03 10:48:11.011 D/dalvikvm( 2070): GC_FOR_ALLOC freed 2452K, 36% free 8103K/12580K, paused 3ms, total 3ms
02-03 10:48:11.021 D/dalvikvm( 2070): GC_FOR_ALLOC freed 2490K, 36% free 8101K/12580K, paused 3ms, total 3ms
02-03 10:48:11.021 D/dalvikvm( 2070): GC_FOR_ALLOC freed 2528K, 36% free 8098K/12580K, paused 3ms, total 3ms
02-03 10:48:11.031 D/dalvikvm( 2070): GC_FOR_ALLOC freed 2565K, 36% free 8096K/12580K, paused 3ms, total 3ms
02-03 10:48:11.031 D/dalvikvm( 2070): GC_FOR_ALLOC freed 2291K, 35% free 8279K/12580K, paused 4ms, total 4ms
02-03 10:48:11.041 D/dalvikvm( 2070): GC_FOR_ALLOC freed 2195K, 35% free 8279K/12580K, paused 4ms, total 4ms
02-03 10:48:11.041 D/dalvikvm( 2070): GC_FOR_ALLOC freed 2540K, 36% free 8089K/12580K, paused 4ms, total 4ms
02-03 10:48:11.051 D/dalvikvm( 2070): GC_FOR_ALLOC freed 2380K, 36% free 8150K/12580K, paused 4ms, total 4ms
02-03 10:48:11.051 D/dalvikvm( 2070): GC_FOR_ALLOC freed 2606K, 36% free 8116K/12580K, paused 3ms, total 3ms
02-03 10:48:11.061 D/dalvikvm( 2070): GC_FOR_ALLOC freed 2308K, 36% free 8114K/12580K, paused 4ms, total 4ms
02-03 10:48:11.061 D/dalvikvm( 2070): GC_FOR_ALLOC freed 2335K, 36% free 8111K/12580K, paused 3ms, total 3ms
02-03 10:48:11.071 D/dalvikvm( 2070): GC_FOR_ALLOC freed 2361K, 36% free 8109K/12580K, paused 3ms, total 3ms
02-03 10:48:11.071 D/dalvikvm( 2070): GC_FOR_ALLOC freed 2387K, 36% free 8106K/12580K, paused 4ms, total 4ms
02-03 10:48:11.081 D/EVENT_THREAD(  192): void CEventThread::run() POLLIN event on Fd (1)
02-03 10:48:11.081 D/EVENT_THREAD(  192): void CEventThread::run() Do poll with timeout: -1
02-03 10:48:11.081 I/upi_ug31xx(  166): (619) backup_bo check
02-03 10:48:11.081 D/dalvikvm( 2070): GC_FOR_ALLOC freed 2413K, 36% free 8104K/12580K, paused 4ms, total 4ms
02-03 10:48:11.081 D/dalvikvm( 2070): GC_FOR_ALLOC freed 2439K, 36% free 8101K/12580K, paused 3ms, total 3ms
02-03 10:48:11.091 D/dalvikvm( 2070): GC_FOR_ALLOC freed 2465K, 36% free 8099K/12580K, paused 3ms, total 3ms
02-03 10:48:11.091 D/dalvikvm( 2070): GC_FOR_ALLOC freed 2491K, 36% free 8128K/12580K, paused 4ms, total 4ms
02-03 10:48:11.101 D/dalvikvm( 2070): GC_FOR_ALLOC freed 2518K, 36% free 8126K/12580K, paused 4ms, total 4ms
02-03 10:48:11.101 D/dalvikvm( 2070): GC_FOR_ALLOC freed 2544K, 36% free 8123K/12580K, paused 3ms, total 3ms
02-03 10:48:11.111 D/dalvikvm( 2070): GC_FOR_ALLOC freed 2570K, 36% free 8121K/12580K, paused 4ms, total 4ms
02-03 10:48:11.111 D/dalvikvm( 2070): GC_FOR_ALLOC freed 2596K, 36% free 8118K/12580K, paused 3ms, total 3ms
02-03 10:48:11.121 D/dalvikvm( 2070): GC_FOR_ALLOC freed 2246K, 34% free 8339K/12580K, paused 3ms, total 3ms
02-03 10:48:11.121 D/dalvikvm( 2070): GC_FOR_ALLOC freed 2493K, 36% free 8113K/12580K, paused 3ms, total 3ms
02-03 10:48:11.131 D/dalvikvm( 2070): GC_FOR_ALLOC freed 2286K, 35% free 8186K/12580K, paused 3ms, total 3ms
02-03 10:48:11.131 D/dalvikvm( 2070): GC_FOR_ALLOC freed 2152K, 34% free 8369K/12580K, paused 3ms, total 3ms
02-03 10:48:11.141 D/dalvikvm( 2070): GC_FOR_ALLOC freed 2169K, 34% free 8368K/12580K, paused 3ms, total 3ms
02-03 10:48:11.141 D/dalvikvm( 2070): GC_FOR_ALLOC freed 2185K, 34% free 8367K/12580K, paused 3ms, total 3ms
02-03 10:48:11.151 D/dalvikvm( 2070): GC_FOR_ALLOC freed 2202K, 35% free 8209K/12580K, paused 3ms, total 3ms
02-03 10:48:11.151 D/dalvikvm( 2070): GC_FOR_ALLOC freed 2219K, 34% free 8365K/12580K, paused 3ms, total 3ms
02-03 10:48:11.161 D/dalvikvm( 2070): GC_FOR_ALLOC freed 2236K, 35% free 8205K/12580K, paused 3ms, total 3ms
02-03 10:48:11.161 D/dalvikvm( 2070): GC_FOR_ALLOC freed 2254K, 35% free 8203K/12580K, paused 3ms, total 3ms
02-03 10:48:11.171 D/dalvikvm( 2070): GC_FOR_ALLOC freed 2272K, 35% free 8200K/12580K, paused 4ms, total 4ms
02-03 10:48:11.171 D/dalvikvm( 2070): GC_FOR_ALLOC freed 2289K, 35% free 8230K/12580K, paused 3ms, total 3ms
02-03 10:48:11.181 D/dalvikvm( 2070): GC_FOR_ALLOC freed 2307K, 35% free 8228K/12580K, paused 3ms, total 3ms
02-03 10:48:11.181 D/dalvikvm( 2070): GC_FOR_ALLOC freed 2324K, 35% free 8226K/12580K, paused 3ms, total 3ms
02-03 10:48:11.181 D/dalvikvm( 2070): GC_FOR_ALLOC freed 2176K, 36% free 8141K/12580K, paused 3ms, total 3ms
02-03 10:48:11.191 D/dalvikvm( 2070): GC_FOR_ALLOC freed 1933K, 34% free 8394K/12580K, paused 3ms, total 3ms
02-03 10:48:11.191 D/dalvikvm( 2070): GC_FOR_ALLOC freed 2203K, 36% free 8139K/12580K, paused 3ms, total 3ms
02-03 10:48:11.201 D/dalvikvm( 2070): GC_FOR_ALLOC freed 1957K, 34% free 8395K/12580K, paused 3ms, total 3ms
02-03 10:48:11.201 D/dalvikvm( 2070): GC_FOR_ALLOC freed 2230K, 36% free 8137K/12580K, paused 3ms, total 3ms
02-03 10:48:11.211 D/dalvikvm( 2070): GC_FOR_ALLOC freed 1981K, 35% free 8224K/12580K, paused 3ms, total 3ms
02-03 10:48:11.211 D/dalvikvm( 2070): GC_FOR_ALLOC freed 1819K, 34% free 8398K/12580K, paused 4ms, total 4ms
02-03 10:48:11.221 D/dalvikvm( 2070): GC_FOR_ALLOC freed 1828K, 34% free 8401K/12580K, paused 3ms, total 3ms
02-03 10:48:11.221 D/dalvikvm( 2070): GC_FOR_ALLOC freed 1837K, 34% free 8403K/12580K, paused 3ms, total 3ms
02-03 10:48:11.231 D/dalvikvm( 2070): GC_FOR_ALLOC freed 1847K, 34% free 8405K/12580K, paused 3ms, total 3ms
02-03 10:48:11.231 D/dalvikvm( 2070): GC_FOR_ALLOC freed 1856K, 34% free 8407K/12580K, paused 3ms, total 3ms
02-03 10:48:11.231 D/dalvikvm( 2070): GC_FOR_ALLOC freed 1866K, 34% free 8410K/12580K, paused 3ms, total 3ms
02-03 10:48:11.241 D/dalvikvm( 2070): GC_FOR_ALLOC freed 1875K, 34% free 8412K/12580K, paused 3ms, total 3ms
02-03 10:48:11.241 D/dalvikvm( 2070): GC_FOR_ALLOC freed 1885K, 34% free 8414K/12580K, paused 3ms, total 3ms
02-03 10:48:11.251 D/dalvikvm( 2070): GC_FOR_ALLOC freed 1894K, 34% free 8416K/12580K, paused 3ms, total 3ms
02-03 10:48:11.251 D/dalvikvm( 2070): GC_FOR_ALLOC freed 1903K, 35% free 8237K/12580K, paused 3ms, total 3ms
02-03 10:48:11.261 D/dalvikvm( 2070): GC_FOR_ALLOC freed 1730K, 36% free 8148K/12580K, paused 3ms, total 3ms
02-03 10:48:11.261 D/dalvikvm( 2070): GC_FOR_ALLOC freed 1921K, 36% free 8149K/12580K, paused 3ms, total 3ms
02-03 10:48:11.271 D/dalvikvm( 2070): GC_FOR_ALLOC freed 1931K, 36% free 8150K/12580K, paused 3ms, total 3ms
02-03 10:48:11.271 D/dalvikvm( 2070): GC_FOR_ALLOC freed 1940K, 36% free 8151K/12580K, paused 3ms, total 3ms
02-03 10:48:11.271 D/dalvikvm( 2070): GC_FOR_ALLOC freed 1950K, 36% free 8152K/12580K, paused 3ms, total 3ms
02-03 10:48:11.281 D/dalvikvm( 2070): GC_FOR_ALLOC freed 1959K, 36% free 8152K/12580K, paused 3ms, total 3ms
02-03 10:48:11.281 D/dalvikvm( 2070): GC_FOR_ALLOC freed 1968K, 36% free 8153K/12580K, paused 4ms, total 4ms
02-03 10:48:11.291 D/dalvikvm( 2070): GC_FOR_ALLOC freed 1978K, 36% free 8154K/12580K, paused 3ms, total 3ms
02-03 10:48:11.291 D/dalvikvm( 2070): GC_FOR_ALLOC freed 1987K, 36% free 8155K/12580K, paused 3ms, total 3ms
02-03 10:48:11.301 D/dalvikvm( 2070): GC_FOR_ALLOC freed 1997K, 36% free 8156K/12580K, paused 4ms, total 4ms
02-03 10:48:11.301 D/dalvikvm( 2070): GC_FOR_ALLOC freed 2006K, 36% free 8157K/12580K, paused 3ms, total 3ms
02-03 10:48:11.311 D/dalvikvm( 2070): GC_FOR_ALLOC freed 2015K, 36% free 8158K/12580K, paused 3ms, total 3ms
02-03 10:48:11.311 D/dalvikvm( 2070): GC_FOR_ALLOC freed 2025K, 36% free 8159K/12580K, paused 3ms, total 4ms
02-03 10:48:11.321 D/dalvikvm( 2070): GC_FOR_ALLOC freed 2034K, 36% free 8160K/12580K, paused 3ms, total 3ms
02-03 10:48:11.321 D/dalvikvm( 2070): GC_FOR_ALLOC freed 2044K, 36% free 8160K/12580K, paused 3ms, total 3ms
02-03 10:48:11.331 D/dalvikvm( 2070): GC_FOR_ALLOC freed 2053K, 36% free 8161K/12580K, paused 3ms, total 3ms
02-03 10:48:11.331 D/dalvikvm( 2070): GC_FOR_ALLOC freed 2062K, 36% free 8162K/12580K, paused 3ms, total 3ms
02-03 10:48:11.341 D/dalvikvm( 2070): GC_FOR_ALLOC freed 2072K, 36% free 8163K/12580K, paused 3ms, total 3ms
02-03 10:48:11.341 D/dalvikvm( 2070): GC_FOR_ALLOC freed 2081K, 36% free 8164K/12580K, paused 5ms, total 5ms
02-03 10:48:11.351 D/dalvikvm( 2070): GC_FOR_ALLOC freed 1592K, 33% free 8463K/12580K, paused 3ms, total 3ms
02-03 10:48:11.351 D/dalvikvm( 2070): GC_FOR_ALLOC freed 1898K, 36% free 8166K/12580K, paused 3ms, total 3ms
02-03 10:48:11.361 D/dalvikvm( 2070): GC_FOR_ALLOC freed 1604K, 33% free 8466K/12580K, paused 3ms, total 3ms
02-03 10:48:11.361 D/dalvikvm( 2070): GC_FOR_ALLOC freed 1912K, 36% free 8167K/12580K, paused 3ms, total 3ms
02-03 10:48:11.371 D/dalvikvm( 2070): GC_FOR_ALLOC freed 1616K, 33% free 8470K/12580K, paused 4ms, total 4ms
02-03 10:48:11.381 D/dalvikvm( 2070): GC_FOR_ALLOC freed 1926K, 36% free 8169K/12580K, paused 4ms, total 4ms
02-03 10:48:11.381 D/dalvikvm( 2070): GC_FOR_ALLOC freed 1627K, 33% free 8474K/12580K, paused 4ms, total 4ms
02-03 10:48:11.381 W/BindingManager( 6391): Cannot call determinedVisibility() - never saw a connection for the pid: 6391
02-03 10:48:11.381 D/dalvikvm( 2070): GC_FOR_ALLOC freed 1941K, 36% free 8170K/12580K, paused 3ms, total 3ms
02-03 10:48:11.391 D/dalvikvm( 2070): GC_FOR_ALLOC freed 1640K, 33% free 8478K/12580K, paused 4ms, total 4ms
02-03 10:48:11.401 D/dalvikvm( 2070): GC_FOR_ALLOC freed 1956K, 36% free 8172K/12580K, paused 6ms, total 7ms
02-03 10:48:11.411 D/dalvikvm( 2070): GC_FOR_ALLOC freed 1895K, 35% free 8279K/12580K, paused 4ms, total 4ms
02-03 10:48:11.421 D/dalvikvm( 2070): GC_FOR_ALLOC freed 2348K, 35% free 8199K/12580K, paused 4ms, total 4ms
02-03 10:48:11.421 D/dalvikvm( 2070): GC_FOR_ALLOC freed 1773K, 34% free 8310K/12580K, paused 3ms, total 4ms
02-03 10:48:11.431 D/dalvikvm( 2070): GC_FOR_ALLOC freed 2184K, 39% free 7679K/12580K, paused 6ms, total 6ms
02-03 10:48:11.431 D/dalvikvm( 2070): GC_FOR_ALLOC freed 4K, 31% free 8700K/12580K, paused 3ms, total 3ms
02-03 10:48:11.441 I/dalvikvm-heap( 2070): Grow heap (frag case) to 9.539MB for 1048592-byte allocation
02-03 10:48:11.441 D/dalvikvm( 2070): GC_FOR_ALLOC freed 4K, 29% free 9720K/13608K, paused 3ms, total 3ms
02-03 10:48:11.441 D/dalvikvm( 2070): GC_FOR_ALLOC freed <1K, 29% free 9720K/13608K, paused 3ms, total 3ms
02-03 10:48:11.441 I/dalvikvm-heap( 2070): Grow heap (frag case) to 10.535MB for 1048592-byte allocation
02-03 10:48:11.451 D/dalvikvm( 2070): GC_FOR_ALLOC freed 0K, 27% free 10744K/14636K, paused 3ms, total 3ms
02-03 10:48:11.471 I/chromium( 6391): [INFO:CONSOLE(36)] "Uncaught SecurityError: Failed to execute 'webkitRequestFileSystemSync' on 'WorkerGlobalScope': It was determined that certain files are unsafe for access within a Web application, or that too many calls are being made on file resources.", source: app://org.xwalk.webapi_noneservice_tests//opt/tct-filewriterapi-w3c-tests/filewriterapi/filewriter_sync.js (36)
02-03 10:48:11.841 D/dalvikvm( 2070): GC_CONCURRENT freed 6768K, 46% free 8042K/14876K, paused 0ms+1ms, total 17ms
02-03 10:48:11.841 D/dalvikvm( 2070): WAIT_FOR_CONCURRENT_GC blocked 16ms
02-03 10:48:11.861 D/dalvikvm( 2070): GC_CONCURRENT freed 4011K, 36% free 8111K/12612K, paused 1ms+1ms, total 5ms
02-03 10:48:11.861 D/dalvikvm( 2070): WAIT_FOR_CONCURRENT_GC blocked 3ms
02-03 10:48:11.861 D/dalvikvm( 2070): GC_FOR_ALLOC freed 3723K, 36% free 8083K/12612K, paused 4ms, total 4ms
02-03 10:48:11.871 D/dalvikvm( 2070): GC_FOR_ALLOC freed 3619K, 36% free 8089K/12612K, paused 3ms, total 3ms
02-03 10:48:11.871 D/dalvikvm( 2070): GC_FOR_ALLOC freed 3287K, 37% free 8044K/12612K, paused 3ms, total 3ms
02-03 10:48:11.881 D/dalvikvm( 2070): GC_FOR_ALLOC freed 3189K, 37% free 8014K/12612K, paused 3ms, total 3ms
02-03 10:48:11.891 D/dalvikvm( 2070): GC_FOR_ALLOC freed 3059K, 37% free 8042K/12612K, paused 3ms, total 3ms
02-03 10:48:11.891 D/dalvikvm( 2070): GC_FOR_ALLOC freed 3025K, 37% free 8038K/12612K, paused 3ms, total 3ms
02-03 10:48:11.901 D/dalvikvm( 2070): GC_FOR_ALLOC freed 2946K, 37% free 8037K/12612K, paused 4ms, total 4ms
02-03 10:48:11.901 D/dalvikvm( 2070): GC_FOR_ALLOC freed 2908K, 36% free 8148K/12612K, paused 3ms, total 3ms
02-03 10:48:11.911 D/dalvikvm( 2070): GC_FOR_ALLOC freed 2884K, 37% free 8036K/12612K, paused 3ms, total 3ms
02-03 10:48:11.921 D/dalvikvm( 2070): GC_FOR_ALLOC freed 2801K, 37% free 8035K/12612K, paused 3ms, total 3ms
02-03 10:48:11.921 D/dalvikvm( 2070): GC_FOR_ALLOC freed 2912K, 37% free 8066K/12612K, paused 3ms, total 3ms
02-03 10:48:11.931 D/dalvikvm( 2070): GC_FOR_ALLOC freed 2799K, 36% free 8195K/12612K, paused 3ms, total 3ms
02-03 10:48:11.931 D/dalvikvm( 2070): GC_FOR_ALLOC freed 2799K, 35% free 8197K/12612K, paused 4ms, total 4ms
02-03 10:48:11.941 D/dalvikvm( 2070): GC_FOR_ALLOC freed 2792K, 37% free 8062K/12612K, paused 3ms, total 3ms
02-03 10:48:11.941 D/dalvikvm( 2070): GC_FOR_ALLOC freed 2728K, 35% free 8202K/12612K, paused 3ms, total 3ms
02-03 10:48:11.951 D/dalvikvm( 2070): GC_FOR_ALLOC freed 2702K, 35% free 8204K/12612K, paused 3ms, total 4ms
02-03 10:48:11.951 D/dalvikvm( 2070): GC_FOR_ALLOC freed 2769K, 36% free 8106K/12612K, paused 3ms, total 3ms
02-03 10:48:11.961 D/dalvikvm( 2070): GC_FOR_ALLOC freed 2836K, 36% free 8106K/12612K, paused 3ms, total 3ms
02-03 10:48:11.961 D/dalvikvm( 2070): GC_FOR_ALLOC freed 2799K, 36% free 8086K/12612K, paused 3ms, total 4ms
02-03 10:48:11.971 D/dalvikvm( 2070): GC_FOR_ALLOC freed 2700K, 35% free 8243K/12612K, paused 4ms, total 4ms
02-03 10:48:11.981 D/dalvikvm( 2070): GC_FOR_ALLOC freed 2920K, 36% free 8082K/12612K, paused 3ms, total 3ms
02-03 10:48:11.981 D/dalvikvm( 2070): GC_FOR_ALLOC freed 2814K, 36% free 8136K/12612K, paused 4ms, total 4ms
02-03 10:48:11.991 D/dalvikvm( 2070): GC_FOR_ALLOC freed 2643K, 36% free 8079K/12612K, paused 4ms, total 4ms
02-03 10:48:11.991 D/dalvikvm( 2070): GC_FOR_ALLOC freed 2402K, 36% free 8076K/12612K, paused 4ms, total 4ms
02-03 10:48:12.001 D/dalvikvm( 2070): GC_FOR_ALLOC freed 2147K, 35% free 8248K/12612K, paused 3ms, total 3ms
02-03 10:48:12.001 D/dalvikvm( 2070): GC_FOR_ALLOC freed 2355K, 36% free 8072K/12612K, paused 3ms, total 3ms
02-03 10:48:12.011 D/dalvikvm( 2070): GC_FOR_ALLOC freed 2208K, 35% free 8280K/12612K, paused 3ms, total 3ms
02-03 10:48:12.011 D/dalvikvm( 2070): GC_FOR_ALLOC freed 2421K, 36% free 8099K/12612K, paused 3ms, total 3ms
02-03 10:48:12.021 D/dalvikvm( 2070): GC_FOR_ALLOC freed 2269K, 35% free 8280K/12612K, paused 3ms, total 3ms
02-03 10:48:12.021 D/dalvikvm( 2070): GC_FOR_ALLOC freed 2486K, 36% free 8094K/12612K, paused 4ms, total 4ms
02-03 10:48:12.031 D/dalvikvm( 2070): GC_FOR_ALLOC freed 2330K, 35% free 8280K/12612K, paused 4ms, total 4ms
02-03 10:48:12.031 D/dalvikvm( 2070): GC_FOR_ALLOC freed 2231K, 35% free 8280K/12612K, paused 3ms, total 3ms
02-03 10:48:12.041 D/dalvikvm( 2070): GC_FOR_ALLOC freed 2258K, 36% free 8151K/12612K, paused 4ms, total 4ms
02-03 10:48:12.041 D/dalvikvm( 2070): GC_FOR_ALLOC freed 2153K, 36% free 8084K/12612K, paused 4ms, total 4ms
02-03 10:48:12.051 D/dalvikvm( 2070): GC_FOR_ALLOC freed 2308K, 36% free 8114K/12612K, paused 4ms, total 4ms
02-03 10:48:12.051 D/dalvikvm( 2070): GC_FOR_ALLOC freed 2335K, 36% free 8111K/12612K, paused 3ms, total 3ms
02-03 10:48:12.061 D/dalvikvm( 2070): GC_FOR_ALLOC freed 2361K, 36% free 8109K/12612K, paused 3ms, total 3ms
02-03 10:48:12.061 D/dalvikvm( 2070): GC_FOR_ALLOC freed 2387K, 36% free 8106K/12612K, paused 3ms, total 3ms
02-03 10:48:12.071 D/dalvikvm( 2070): GC_FOR_ALLOC freed 2413K, 36% free 8104K/12612K, paused 3ms, total 3ms
02-03 10:48:12.071 D/dalvikvm( 2070): GC_FOR_ALLOC freed 2439K, 36% free 8101K/12612K, paused 3ms, total 3ms
02-03 10:48:12.081 D/dalvikvm( 2070): GC_FOR_ALLOC freed 2112K, 35% free 8309K/12612K, paused 3ms, total 3ms
02-03 10:48:12.081 D/dalvikvm( 2070): GC_FOR_ALLOC freed 2345K, 36% free 8096K/12612K, paused 3ms, total 3ms
02-03 10:48:12.091 D/dalvikvm( 2070): GC_FOR_ALLOC freed 2152K, 34% free 8340K/12612K, paused 4ms, total 4ms
02-03 10:48:12.101 D/dalvikvm( 2070): GC_FOR_ALLOC freed 2390K, 36% free 8123K/12612K, paused 4ms, total 4ms
02-03 10:48:12.101 D/dalvikvm( 2070): GC_FOR_ALLOC freed 2192K, 34% free 8339K/12612K, paused 3ms, total 3ms
02-03 10:48:12.111 D/dalvikvm( 2070): GC_FOR_ALLOC freed 2434K, 36% free 8117K/12612K, paused 3ms, total 3ms
02-03 10:48:12.111 D/dalvikvm( 2070): GC_FOR_ALLOC freed 2233K, 34% free 8337K/12612K, paused 3ms, total 3ms
02-03 10:48:12.121 D/dalvikvm( 2070): GC_FOR_ALLOC freed 2102K, 34% free 8336K/12612K, paused 3ms, total 3ms
02-03 10:48:12.121 D/dalvikvm( 2070): GC_FOR_ALLOC freed 2118K, 36% free 8184K/12612K, paused 3ms, total 3ms
02-03 10:48:12.131 D/dalvikvm( 2070): GC_FOR_ALLOC freed 2135K, 36% free 8182K/12612K, paused 3ms, total 3ms
02-03 10:48:12.131 D/dalvikvm( 2070): GC_FOR_ALLOC freed 2152K, 35% free 8212K/12612K, paused 4ms, total 4ms
02-03 10:48:12.141 D/dalvikvm( 2070): GC_FOR_ALLOC freed 2169K, 35% free 8209K/12612K, paused 3ms, total 4ms
02-03 10:48:12.141 D/dalvikvm( 2070): GC_FOR_ALLOC freed 2185K, 35% free 8207K/12612K, paused 3ms, total 3ms
02-03 10:48:12.151 D/dalvikvm( 2070): GC_FOR_ALLOC freed 2202K, 35% free 8205K/12612K, paused 3ms, total 3ms
02-03 10:48:12.151 D/dalvikvm( 2070): GC_FOR_ALLOC freed 2219K, 35% free 8203K/12612K, paused 3ms, total 3ms
02-03 10:48:12.161 D/dalvikvm( 2070): GC_FOR_ALLOC freed 2236K, 35% free 8201K/12612K, paused 4ms, total 4ms
02-03 10:48:12.161 D/dalvikvm( 2070): GC_FOR_ALLOC freed 2254K, 35% free 8199K/12612K, paused 3ms, total 3ms
02-03 10:48:12.171 D/dalvikvm( 2070): GC_FOR_ALLOC freed 2110K, 36% free 8116K/12612K, paused 3ms, total 3ms
02-03 10:48:12.171 D/dalvikvm( 2070): GC_FOR_ALLOC freed 2288K, 36% free 8145K/12612K, paused 3ms, total 3ms
02-03 10:48:12.181 D/dalvikvm( 2070): GC_FOR_ALLOC freed 2306K, 36% free 8142K/12612K, paused 4ms, total 4ms
02-03 10:48:12.181 D/dalvikvm( 2070): GC_FOR_ALLOC freed 2323K, 36% free 8140K/12612K, paused 3ms, total 3ms
02-03 10:48:12.191 D/dalvikvm( 2070): GC_FOR_ALLOC freed 1918K, 34% free 8391K/12612K, paused 4ms, total 4ms
02-03 10:48:12.191 D/dalvikvm( 2070): GC_FOR_ALLOC freed 2188K, 36% free 8138K/12612K, paused 4ms, total 4ms
02-03 10:48:12.201 D/dalvikvm( 2070): GC_FOR_ALLOC freed 1943K, 34% free 8392K/12612K, paused 3ms, total 3ms
02-03 10:48:12.201 D/dalvikvm( 2070): GC_FOR_ALLOC freed 2215K, 36% free 8136K/12612K, paused 3ms, total 3ms
02-03 10:48:12.211 D/dalvikvm( 2070): GC_FOR_ALLOC freed 1967K, 34% free 8393K/12612K, paused 4ms, total 4ms
02-03 10:48:12.211 D/dalvikvm( 2070): GC_FOR_ALLOC freed 2242K, 36% free 8134K/12612K, paused 3ms, total 3ms
02-03 10:48:12.211 D/dalvikvm( 2070): GC_FOR_ALLOC freed 1991K, 34% free 8394K/12612K, paused 3ms, total 3ms
02-03 10:48:12.221 D/dalvikvm( 2070): GC_FOR_ALLOC freed 1828K, 34% free 8397K/12612K, paused 3ms, total 3ms
02-03 10:48:12.221 D/dalvikvm( 2070): GC_FOR_ALLOC freed 1837K, 35% free 8224K/12612K, paused 3ms, total 3ms
02-03 10:48:12.231 D/dalvikvm( 2070): GC_FOR_ALLOC freed 1847K, 34% free 8401K/12612K, paused 3ms, total 3ms
02-03 10:48:12.231 D/dalvikvm( 2070): GC_FOR_ALLOC freed 1856K, 34% free 8403K/12612K, paused 3ms, total 3ms
02-03 10:48:12.241 D/dalvikvm( 2070): GC_FOR_ALLOC freed 1866K, 34% free 8406K/12612K, paused 4ms, total 4ms
02-03 10:48:12.241 D/dalvikvm( 2070): GC_FOR_ALLOC freed 1875K, 34% free 8408K/12612K, paused 3ms, total 3ms
02-03 10:48:12.251 D/dalvikvm( 2070): GC_FOR_ALLOC freed 1885K, 34% free 8410K/12612K, paused 3ms, total 3ms
02-03 10:48:12.251 D/dalvikvm( 2070): GC_FOR_ALLOC freed 1894K, 34% free 8412K/12612K, paused 3ms, total 3ms
02-03 10:48:12.261 D/dalvikvm( 2070): GC_FOR_ALLOC freed 1903K, 34% free 8414K/12612K, paused 3ms, total 3ms
02-03 10:48:12.261 D/dalvikvm( 2070): GC_FOR_ALLOC freed 1913K, 35% free 8235K/12612K, paused 3ms, total 3ms
02-03 10:48:12.271 D/dalvikvm( 2070): GC_FOR_ALLOC freed 1922K, 35% free 8236K/12612K, paused 3ms, total 3ms
02-03 10:48:12.271 D/dalvikvm( 2070): GC_FOR_ALLOC freed 1932K, 34% free 8421K/12612K, paused 3ms, total 3ms
02-03 10:48:12.281 D/dalvikvm( 2070): GC_FOR_ALLOC freed 1941K, 34% free 8423K/12612K, paused 4ms, total 4ms
02-03 10:48:12.281 D/dalvikvm( 2070): GC_FOR_ALLOC freed 1950K, 35% free 8240K/12612K, paused 4ms, total 4ms
02-03 10:48:12.291 D/dalvikvm( 2070): GC_FOR_ALLOC freed 1773K, 36% free 8148K/12612K, paused 3ms, total 3ms
02-03 10:48:12.291 D/dalvikvm( 2070): GC_FOR_ALLOC freed 1968K, 36% free 8149K/12612K, paused 4ms, total 4ms
02-03 10:48:12.301 D/dalvikvm( 2070): GC_FOR_ALLOC freed 1978K, 36% free 8150K/12612K, paused 3ms, total 3ms
02-03 10:48:12.301 D/dalvikvm( 2070): GC_FOR_ALLOC freed 1987K, 36% free 8151K/12612K, paused 3ms, total 3ms
02-03 10:48:12.311 D/dalvikvm( 2070): GC_FOR_ALLOC freed 1997K, 36% free 8152K/12612K, paused 3ms, total 3ms
02-03 10:48:12.311 D/dalvikvm( 2070): GC_FOR_ALLOC freed 2006K, 36% free 8153K/12612K, paused 3ms, total 3ms
02-03 10:48:12.311 D/dalvikvm( 2070): GC_FOR_ALLOC freed 2015K, 36% free 8154K/12612K, paused 3ms, total 3ms
02-03 10:48:12.321 D/dalvikvm( 2070): GC_FOR_ALLOC freed 2025K, 36% free 8155K/12612K, paused 3ms, total 3ms
02-03 10:48:12.321 D/dalvikvm( 2070): GC_FOR_ALLOC freed 2034K, 36% free 8156K/12612K, paused 3ms, total 3ms
02-03 10:48:12.331 D/dalvikvm( 2070): GC_FOR_ALLOC freed 2044K, 36% free 8156K/12612K, paused 3ms, total 4ms
02-03 10:48:12.331 D/dalvikvm( 2070): GC_FOR_ALLOC freed 2053K, 36% free 8157K/12612K, paused 3ms, total 3ms
02-03 10:48:12.341 D/dalvikvm( 2070): GC_FOR_ALLOC freed 2062K, 36% free 8158K/12612K, paused 4ms, total 4ms
02-03 10:48:12.341 D/dalvikvm( 2070): GC_FOR_ALLOC freed 2072K, 36% free 8159K/12612K, paused 3ms, total 3ms
02-03 10:48:12.351 D/dalvikvm( 2070): GC_FOR_ALLOC freed 2081K, 36% free 8160K/12612K, paused 3ms, total 3ms
02-03 10:48:12.351 D/dalvikvm( 2070): GC_FOR_ALLOC freed 2091K, 36% free 8161K/12612K, paused 4ms, total 4ms
02-03 10:48:12.361 D/dalvikvm( 2070): GC_FOR_ALLOC freed 2100K, 36% free 8162K/12612K, paused 4ms, total 4ms
02-03 10:48:12.361 D/dalvikvm( 2070): GC_FOR_ALLOC freed 2110K, 36% free 8163K/12612K, paused 4ms, total 4ms
02-03 10:48:12.371 D/dalvikvm( 2070): GC_FOR_ALLOC freed 2119K, 36% free 8164K/12612K, paused 3ms, total 3ms
02-03 10:48:12.371 D/dalvikvm( 2070): GC_FOR_ALLOC freed 1620K, 33% free 8468K/12612K, paused 4ms, total 4ms
02-03 10:48:12.381 D/dalvikvm( 2070): GC_FOR_ALLOC freed 1932K, 36% free 8165K/12612K, paused 3ms, total 3ms
02-03 10:48:12.381 D/dalvikvm( 2070): GC_FOR_ALLOC freed 1633K, 33% free 8472K/12612K, paused 3ms, total 3ms
02-03 10:48:12.391 D/dalvikvm( 2070): GC_FOR_ALLOC freed 1434K, 33% free 8473K/12612K, paused 3ms, total 3ms
02-03 10:48:12.391 D/dalvikvm( 2070): GC_FOR_ALLOC freed 1438K, 33% free 8475K/12612K, paused 3ms, total 3ms
02-03 10:48:12.391 D/dalvikvm( 2070): GC_FOR_ALLOC freed 1959K, 36% free 8168K/12612K, paused 3ms, total 3ms
02-03 10:48:12.401 D/dalvikvm( 2070): GC_FOR_ALLOC freed 1996K, 35% free 8271K/12612K, paused 4ms, total 4ms
02-03 10:48:12.411 D/dalvikvm( 2070): GC_FOR_ALLOC freed 2304K, 36% free 8191K/12612K, paused 3ms, total 3ms
02-03 10:48:12.411 D/dalvikvm( 2070): GC_FOR_ALLOC freed 1774K, 35% free 8302K/12612K, paused 3ms, total 3ms
02-03 10:48:12.421 D/dalvikvm( 2070): GC_FOR_ALLOC freed 1400K, 31% free 8704K/12612K, paused 3ms, total 3ms
02-03 10:48:12.421 I/dalvikvm-heap( 2070): Grow heap (frag case) to 9.542MB for 1048592-byte allocation
02-03 10:48:12.421 D/dalvikvm( 2070): GC_FOR_ALLOC freed 4K, 29% free 9724K/13640K, paused 3ms, total 3ms
02-03 10:48:12.431 D/dalvikvm( 2070): GC_FOR_ALLOC freed 4K, 29% free 9720K/13640K, paused 3ms, total 3ms
02-03 10:48:12.431 I/dalvikvm-heap( 2070): Grow heap (frag case) to 10.535MB for 1048592-byte allocation
02-03 10:48:12.431 D/dalvikvm( 2070): GC_FOR_ALLOC freed 0K, 27% free 10744K/14668K, paused 2ms, total 2ms
02-03 10:48:12.881 D/dalvikvm( 2070): GC_CONCURRENT freed 6764K, 46% free 8046K/14888K, paused 1ms+1ms, total 18ms
02-03 10:48:12.881 D/dalvikvm( 2070): WAIT_FOR_CONCURRENT_GC blocked 17ms
02-03 10:48:12.881 D/dalvikvm( 2070): GC_FOR_ALLOC freed 4079K, 36% free 8047K/12508K, paused 4ms, total 4ms
02-03 10:48:12.891 D/dalvikvm( 2070): GC_FOR_ALLOC freed 3763K, 36% free 8023K/12508K, paused 4ms, total 4ms
02-03 10:48:12.901 D/dalvikvm( 2070): GC_FOR_ALLOC freed 3637K, 36% free 8018K/12508K, paused 3ms, total 3ms
02-03 10:48:12.911 D/dalvikvm( 2070): GC_FOR_ALLOC freed 3110K, 36% free 8017K/12508K, paused 4ms, total 4ms
02-03 10:48:12.911 D/dalvikvm( 2070): GC_FOR_ALLOC freed 3094K, 36% free 8074K/12508K, paused 4ms, total 4ms
02-03 10:48:12.921 D/dalvikvm( 2070): GC_FOR_ALLOC freed 2985K, 36% free 8041K/12508K, paused 4ms, total 4ms
02-03 10:48:12.931 D/dalvikvm( 2070): GC_FOR_ALLOC freed 2837K, 35% free 8141K/12508K, paused 3ms, total 3ms
02-03 10:48:12.931 D/dalvikvm( 2070): GC_FOR_ALLOC freed 2853K, 36% free 8041K/12508K, paused 3ms, total 3ms
02-03 10:48:12.941 D/dalvikvm( 2070): GC_FOR_ALLOC freed 2884K, 36% free 8076K/12508K, paused 3ms, total 3ms
02-03 10:48:12.941 D/dalvikvm( 2070): GC_FOR_ALLOC freed 2667K, 35% free 8154K/12508K, paused 3ms, total 3ms
02-03 10:48:12.951 D/dalvikvm( 2070): GC_FOR_ALLOC freed 2692K, 36% free 8038K/12508K, paused 3ms, total 3ms
02-03 10:48:12.951 D/dalvikvm( 2070): GC_FOR_ALLOC freed 2668K, 35% free 8193K/12508K, paused 4ms, total 4ms
02-03 10:48:12.961 D/dalvikvm( 2070): GC_FOR_ALLOC freed 2677K, 35% free 8196K/12508K, paused 3ms, total 3ms
02-03 10:48:12.961 D/dalvikvm( 2070): GC_FOR_ALLOC freed 2762K, 36% free 8110K/12508K, paused 4ms, total 4ms
02-03 10:48:12.971 D/dalvikvm( 2070): GC_FOR_ALLOC freed 2526K, 35% free 8200K/12508K, paused 3ms, total 3ms
02-03 10:48:12.971 D/dalvikvm( 2070): GC_FOR_ALLOC freed 2828K, 36% free 8063K/12508K, paused 3ms, total 3ms
02-03 10:48:12.981 D/dalvikvm( 2070): GC_FOR_ALLOC freed 2762K, 36% free 8109K/12508K, paused 3ms, total 4ms
02-03 10:48:12.991 D/dalvikvm( 2070): GC_FOR_ALLOC freed 2736K, 36% free 8109K/12508K, paused 4ms, total 4ms
02-03 10:48:12.991 D/dalvikvm( 2070): GC_FOR_ALLOC freed 2702K, 36% free 8058K/12508K, paused 3ms, total 3ms
02-03 10:48:13.001 D/dalvikvm( 2070): GC_FOR_ALLOC freed 2867K, 36% free 8089K/12508K, paused 3ms, total 3ms
02-03 10:48:13.001 D/dalvikvm( 2070): GC_FOR_ALLOC freed 2934K, 36% free 8087K/12508K, paused 4ms, total 4ms
02-03 10:48:13.011 D/dalvikvm( 2070): GC_FOR_ALLOC freed 3001K, 36% free 8086K/12508K, paused 4ms, total 4ms
02-03 10:48:13.011 D/dalvikvm( 2070): GC_FOR_ALLOC freed 2791K, 35% free 8248K/12508K, paused 3ms, total 3ms
02-03 10:48:13.021 D/dalvikvm( 2070): GC_FOR_ALLOC freed 2735K, 35% free 8137K/12508K, paused 3ms, total 3ms
02-03 10:48:13.021 D/dalvikvm( 2070): GC_FOR_ALLOC freed 2385K, 35% free 8136K/12508K, paused 3ms, total 3ms
02-03 10:48:13.031 D/dalvikvm( 2070): GC_FOR_ALLOC freed 2423K, 35% free 8135K/12508K, paused 3ms, total 3ms
02-03 10:48:13.031 D/dalvikvm( 2070): GC_FOR_ALLOC freed 2460K, 35% free 8133K/12508K, paused 3ms, total 3ms
02-03 10:48:13.041 D/dalvikvm( 2070): GC_FOR_ALLOC freed 2498K, 35% free 8164K/12508K, paused 4ms, total 4ms
02-03 10:48:13.041 D/dalvikvm( 2070): GC_FOR_ALLOC freed 2415K, 36% free 8103K/12508K, paused 3ms, total 3ms
02-03 10:48:13.051 D/dalvikvm( 2070): GC_FOR_ALLOC freed 2264K, 34% free 8283K/12508K, paused 3ms, total 3ms
02-03 10:48:13.051 D/dalvikvm( 2070): GC_FOR_ALLOC freed 2169K, 34% free 8283K/12508K, paused 3ms, total 3ms
02-03 10:48:13.061 D/dalvikvm( 2070): GC_FOR_ALLOC freed 2510K, 36% free 8096K/12508K, paused 3ms, total 3ms
02-03 10:48:13.061 D/dalvikvm( 2070): GC_FOR_ALLOC freed 2352K, 34% free 8283K/12508K, paused 3ms, total 3ms
02-03 10:48:13.071 D/dalvikvm( 2070): GC_FOR_ALLOC freed 2252K, 35% free 8154K/12508K, paused 3ms, total 3ms
02-03 10:48:13.071 D/dalvikvm( 2070): GC_FOR_ALLOC freed 2278K, 35% free 8153K/12508K, paused 3ms, total 3ms
02-03 10:48:13.081 D/dalvikvm( 2070): GC_FOR_ALLOC freed 2305K, 35% free 8183K/12508K, paused 3ms, total 3ms
02-03 10:48:13.081 D/dalvikvm( 2070): GC_FOR_ALLOC freed 2331K, 35% free 8181K/12508K, paused 3ms, total 3ms
02-03 10:48:13.091 D/dalvikvm( 2070): GC_FOR_ALLOC freed 2357K, 35% free 8179K/12508K, paused 3ms, total 3ms
02-03 10:48:13.091 D/dalvikvm( 2070): GC_FOR_ALLOC freed 2383K, 35% free 8178K/12508K, paused 4ms, total 4ms
02-03 10:48:13.101 D/dalvikvm( 2070): GC_FOR_ALLOC freed 2409K, 35% free 8176K/12508K, paused 4ms, total 4ms
02-03 10:48:13.111 D/dalvikvm( 2070): GC_FOR_ALLOC freed 2435K, 35% free 8174K/12508K, paused 4ms, total 4ms
02-03 10:48:13.111 D/dalvikvm( 2070): GC_FOR_ALLOC freed 2462K, 35% free 8172K/12508K, paused 3ms, total 3ms
02-03 10:48:13.121 D/dalvikvm( 2070): GC_FOR_ALLOC freed 2488K, 35% free 8171K/12508K, paused 3ms, total 4ms
02-03 10:48:13.121 D/dalvikvm( 2070): GC_FOR_ALLOC freed 2514K, 35% free 8201K/12508K, paused 4ms, total 4ms
02-03 10:48:13.131 D/dalvikvm( 2070): GC_FOR_ALLOC freed 2540K, 35% free 8199K/12508K, paused 3ms, total 3ms
02-03 10:48:13.131 D/dalvikvm( 2070): GC_FOR_ALLOC freed 2051K, 34% free 8343K/12508K, paused 3ms, total 3ms
02-03 10:48:13.141 D/dalvikvm( 2070): GC_FOR_ALLOC freed 2439K, 36% free 8122K/12508K, paused 3ms, total 3ms
02-03 10:48:13.141 D/dalvikvm( 2070): GC_FOR_ALLOC freed 2237K, 35% free 8193K/12508K, paused 4ms, total 4ms
02-03 10:48:13.151 D/dalvikvm( 2070): GC_FOR_ALLOC freed 2106K, 34% free 8341K/12508K, paused 3ms, total 3ms
02-03 10:48:13.151 D/dalvikvm( 2070): GC_FOR_ALLOC freed 2123K, 34% free 8340K/12508K, paused 3ms, total 3ms
02-03 10:48:13.161 D/dalvikvm( 2070): GC_FOR_ALLOC freed 2139K, 35% free 8186K/12508K, paused 3ms, total 3ms
02-03 10:48:13.161 D/dalvikvm( 2070): GC_FOR_ALLOC freed 2156K, 35% free 8216K/12508K, paused 4ms, total 4ms
02-03 10:48:13.171 D/dalvikvm( 2070): GC_FOR_ALLOC freed 2173K, 35% free 8214K/12508K, paused 3ms, total 3ms
02-03 10:48:13.171 D/dalvikvm( 2070): GC_FOR_ALLOC freed 2190K, 35% free 8212K/12508K, paused 3ms, total 4ms
02-03 10:48:13.171 D/dalvikvm( 2070): GC_FOR_ALLOC freed 2206K, 35% free 8209K/12508K, paused 3ms, total 3ms
02-03 10:48:13.181 D/dalvikvm( 2070): GC_FOR_ALLOC freed 2223K, 35% free 8207K/12508K, paused 3ms, total 3ms
02-03 10:48:13.181 D/dalvikvm( 2070): GC_FOR_ALLOC freed 2240K, 35% free 8205K/12508K, paused 3ms, total 3ms
02-03 10:48:13.191 D/dalvikvm( 2070): GC_FOR_ALLOC freed 2259K, 35% free 8203K/12508K, paused 3ms, total 3ms
02-03 10:48:13.191 D/dalvikvm( 2070): GC_FOR_ALLOC freed 2276K, 35% free 8201K/12508K, paused 3ms, total 3ms
02-03 10:48:13.201 D/dalvikvm( 2070): GC_FOR_ALLOC freed 2294K, 35% free 8231K/12508K, paused 4ms, total 4ms
02-03 10:48:13.201 D/dalvikvm( 2070): GC_FOR_ALLOC freed 2311K, 35% free 8229K/12508K, paused 3ms, total 3ms
02-03 10:48:13.211 D/dalvikvm( 2070): GC_FOR_ALLOC freed 2162K, 35% free 8144K/12508K, paused 3ms, total 3ms
02-03 10:48:13.211 D/dalvikvm( 2070): GC_FOR_ALLOC freed 1922K, 33% free 8395K/12508K, paused 3ms, total 3ms
02-03 10:48:13.221 D/dalvikvm( 2070): GC_FOR_ALLOC freed 2191K, 35% free 8142K/12508K, paused 3ms, total 3ms
02-03 10:48:13.221 D/dalvikvm( 2070): GC_FOR_ALLOC freed 1946K, 33% free 8397K/12508K, paused 3ms, total 4ms
02-03 10:48:13.231 D/dalvikvm( 2070): GC_FOR_ALLOC freed 2219K, 35% free 8140K/12508K, paused 3ms, total 3ms
02-03 10:48:13.231 D/dalvikvm( 2070): GC_FOR_ALLOC freed 1970K, 33% free 8398K/12508K, paused 3ms, total 3ms
02-03 10:48:13.241 D/dalvikvm( 2070): GC_FOR_ALLOC freed 1809K, 35% free 8228K/12508K, paused 4ms, total 4ms
02-03 10:48:13.241 D/dalvikvm( 2070): GC_FOR_ALLOC freed 1819K, 33% free 8402K/12508K, paused 3ms, total 3ms
02-03 10:48:13.251 D/dalvikvm( 2070): GC_FOR_ALLOC freed 1828K, 35% free 8230K/12508K, paused 3ms, total 3ms
02-03 10:48:13.251 D/dalvikvm( 2070): GC_FOR_ALLOC freed 1837K, 33% free 8407K/12508K, paused 3ms, total 3ms
02-03 10:48:13.261 D/dalvikvm( 2070): GC_FOR_ALLOC freed 1847K, 35% free 8233K/12508K, paused 3ms, total 3ms
02-03 10:48:13.261 D/dalvikvm( 2070): GC_FOR_ALLOC freed 1856K, 33% free 8411K/12508K, paused 3ms, total 3ms
02-03 10:48:13.271 D/dalvikvm( 2070): GC_FOR_ALLOC freed 1866K, 35% free 8236K/12508K, paused 3ms, total 3ms
02-03 10:48:13.271 D/dalvikvm( 2070): GC_FOR_ALLOC freed 1875K, 35% free 8237K/12508K, paused 3ms, total 3ms
02-03 10:48:13.271 D/dalvikvm( 2070): GC_FOR_ALLOC freed 1885K, 35% free 8238K/12508K, paused 3ms, total 3ms
02-03 10:48:13.281 D/dalvikvm( 2070): GC_FOR_ALLOC freed 1894K, 35% free 8240K/12508K, paused 4ms, total 4ms
02-03 10:48:13.281 D/dalvikvm( 2070): GC_FOR_ALLOC freed 1903K, 35% free 8241K/12508K, paused 3ms, total 3ms
02-03 10:48:13.291 D/dalvikvm( 2070): GC_FOR_ALLOC freed 1730K, 35% free 8152K/12508K, paused 3ms, total 3ms
02-03 10:48:13.291 D/dalvikvm( 2070): GC_FOR_ALLOC freed 1921K, 35% free 8153K/12508K, paused 4ms, total 4ms
02-03 10:48:13.301 D/dalvikvm( 2070): GC_FOR_ALLOC freed 1931K, 35% free 8154K/12508K, paused 4ms, total 4ms
02-03 10:48:13.301 D/dalvikvm( 2070): GC_FOR_ALLOC freed 1477K, 33% free 8431K/12508K, paused 4ms, total 4ms
02-03 10:48:13.311 D/dalvikvm( 2070): GC_FOR_ALLOC freed 1762K, 35% free 8155K/12508K, paused 4ms, total 4ms
02-03 10:48:13.311 D/dalvikvm( 2070): GC_FOR_ALLOC freed 1489K, 33% free 8434K/12508K, paused 3ms, total 3ms
02-03 10:48:13.321 D/dalvikvm( 2070): GC_FOR_ALLOC freed 1776K, 35% free 8157K/12508K, paused 4ms, total 4ms
02-03 10:48:13.321 D/dalvikvm( 2070): GC_FOR_ALLOC freed 1501K, 33% free 8438K/12508K, paused 3ms, total 3ms
02-03 10:48:13.331 D/dalvikvm( 2070): GC_FOR_ALLOC freed 1790K, 35% free 8158K/12508K, paused 3ms, total 3ms
02-03 10:48:13.331 D/dalvikvm( 2070): GC_FOR_ALLOC freed 1513K, 33% free 8442K/12508K, paused 3ms, total 3ms
02-03 10:48:13.341 D/dalvikvm( 2070): GC_FOR_ALLOC freed 1804K, 35% free 8160K/12508K, paused 3ms, total 3ms
02-03 10:48:13.341 D/dalvikvm( 2070): GC_FOR_ALLOC freed 1525K, 33% free 8446K/12508K, paused 3ms, total 3ms
02-03 10:48:13.341 D/dalvikvm( 2070): GC_FOR_ALLOC freed 1818K, 35% free 8161K/12508K, paused 3ms, total 3ms
02-03 10:48:13.351 D/dalvikvm( 2070): GC_FOR_ALLOC freed 1537K, 33% free 8449K/12508K, paused 3ms, total 3ms
02-03 10:48:13.351 D/dalvikvm( 2070): GC_FOR_ALLOC freed 1833K, 35% free 8163K/12508K, paused 3ms, total 3ms
02-03 10:48:13.361 D/dalvikvm( 2070): GC_FOR_ALLOC freed 1549K, 33% free 8453K/12508K, paused 4ms, total 4ms
02-03 10:48:13.361 D/dalvikvm( 2070): GC_FOR_ALLOC freed 1847K, 35% free 8164K/12508K, paused 3ms, total 3ms
02-03 10:48:13.371 D/dalvikvm( 2070): GC_FOR_ALLOC freed 1561K, 33% free 8457K/12508K, paused 3ms, total 3ms
02-03 10:48:13.371 D/dalvikvm( 2070): GC_FOR_ALLOC freed 1861K, 35% free 8166K/12508K, paused 3ms, total 3ms
02-03 10:48:13.381 D/dalvikvm( 2070): GC_FOR_ALLOC freed 1572K, 33% free 8461K/12508K, paused 4ms, total 4ms
02-03 10:48:13.381 D/dalvikvm( 2070): GC_FOR_ALLOC freed 1875K, 35% free 8167K/12508K, paused 3ms, total 3ms
02-03 10:48:13.391 D/dalvikvm( 2070): GC_FOR_ALLOC freed 1584K, 33% free 8464K/12508K, paused 3ms, total 3ms
02-03 10:48:13.391 D/dalvikvm( 2070): GC_FOR_ALLOC freed 1889K, 35% free 8169K/12508K, paused 3ms, total 3ms
02-03 10:48:13.391 D/dalvikvm( 2070): GC_FOR_ALLOC freed 1596K, 33% free 8468K/12508K, paused 3ms, total 3ms
02-03 10:48:13.401 D/dalvikvm( 2070): GC_FOR_ALLOC freed 1904K, 35% free 8170K/12508K, paused 3ms, total 3ms
02-03 10:48:13.401 D/dalvikvm( 2070): GC_FOR_ALLOC freed 1608K, 33% free 8472K/12508K, paused 3ms, total 3ms
02-03 10:48:13.411 D/dalvikvm( 2070): GC_FOR_ALLOC freed 1918K, 35% free 8172K/12508K, paused 4ms, total 4ms
02-03 10:48:13.411 D/dalvikvm( 2070): GC_FOR_ALLOC freed 1620K, 33% free 8476K/12508K, paused 3ms, total 3ms
02-03 10:48:13.421 D/dalvikvm( 2070): GC_FOR_ALLOC freed 1932K, 35% free 8173K/12508K, paused 4ms, total 4ms
02-03 10:48:13.421 D/dalvikvm( 2070): GC_FOR_ALLOC freed 1633K, 34% free 8275K/12508K, paused 3ms, total 3ms
02-03 10:48:13.431 D/dalvikvm( 2070): GC_FOR_ALLOC freed 1434K, 33% free 8481K/12508K, paused 4ms, total 4ms
02-03 10:48:13.431 D/dalvikvm( 2070): GC_FOR_ALLOC freed 1438K, 33% free 8483K/12508K, paused 3ms, total 3ms
02-03 10:48:13.441 D/dalvikvm( 2070): GC_FOR_ALLOC freed 1959K, 35% free 8176K/12508K, paused 3ms, total 4ms
02-03 10:48:13.441 D/dalvikvm( 2070): GC_FOR_ALLOC freed 1779K, 35% free 8174K/12508K, paused 3ms, total 3ms
02-03 10:48:13.451 D/dalvikvm( 2070): GC_FOR_ALLOC freed 1963K, 33% free 8503K/12508K, paused 4ms, total 4ms
02-03 10:48:13.451 D/dalvikvm( 2070): GC_FOR_ALLOC freed 1330K, 35% free 8171K/12508K, paused 3ms, total 3ms
02-03 10:48:13.451 D/dalvikvm( 2070): GC_FOR_ALLOC freed 1552K, 35% free 8171K/12508K, paused 3ms, total 3ms
02-03 10:48:13.461 D/dalvikvm( 2070): GC_FOR_ALLOC freed 849K, 39% free 7655K/12508K, paused 4ms, total 4ms
02-03 10:48:13.461 I/dalvikvm-heap( 2070): Grow heap (frag case) to 8.518MB for 1048592-byte allocation
02-03 10:48:13.461 D/dalvikvm( 2070): GC_FOR_ALLOC freed 4K, 36% free 8675K/13536K, paused 3ms, total 3ms
02-03 10:48:13.471 D/dalvikvm( 2070): GC_FOR_ALLOC freed 4K, 36% free 8672K/13536K, paused 3ms, total 3ms
02-03 10:48:13.471 I/dalvikvm-heap( 2070): Grow heap (frag case) to 9.511MB for 1048592-byte allocation
02-03 10:48:13.471 D/dalvikvm( 2070): GC_FOR_ALLOC freed <1K, 34% free 9696K/14564K, paused 3ms, total 3ms
02-03 10:48:13.471 D/dalvikvm( 2070): GC_FOR_ALLOC freed <1K, 34% free 9696K/14564K, paused 2ms, total 2ms
02-03 10:48:13.471 I/dalvikvm-heap( 2070): Grow heap (frag case) to 10.511MB for 1048592-byte allocation
02-03 10:48:13.481 D/dalvikvm( 2070): GC_FOR_ALLOC freed 0K, 32% free 10720K/15592K, paused 3ms, total 3ms
02-03 10:48:14.521 W/BindingManager( 6391): Cannot call determinedVisibility() - never saw a connection for the pid: 6391
02-03 10:48:14.521 F/libc    ( 6391): Fatal signal 11 (SIGSEGV) at 0x40f18460 (code=2), thread 6432 (HTMLParserThrea)
02-03 10:48:14.631 I/DEBUG   (  170): *** *** *** *** *** *** *** *** *** *** *** *** *** *** *** ***
02-03 10:48:14.631 I/DEBUG   (  170): Build fingerprint: 'asus/CN_K011/K011:4.4.2/KOT49H/CN_user_3.0.23.142_20140603:user/release-keys'
02-03 10:48:14.631 I/DEBUG   (  170): Revision: '0'
02-03 10:48:14.631 I/DEBUG   (  170): pid: 6391, tid: 6432, name: HTMLParserThrea  >>> org.xwalk.webapi_noneservice_tests <<<
02-03 10:48:14.631 I/DEBUG   (  170): signal 11 (SIGSEGV), code 2 (SEGV_ACCERR), fault addr 40f18460
02-03 10:48:14.941 I/DEBUG   (  170):     eax 000000e5  ebx 6525fa74  ecx 40f18460  edx 000000e0
02-03 10:48:14.941 I/DEBUG   (  170):     esi 698bd774  edi 40f18460
02-03 10:48:14.941 I/DEBUG   (  170):     xcs 00000073  xds 0000007b  xes 0000007b  xfs 00000000  xss 0000007b
02-03 10:48:14.941 I/DEBUG   (  170):     eip 640d08fa  ebp 698bd774  esp 698bd6f0  flags 00210202
02-03 10:48:14.941 I/DEBUG   (  170): 
02-03 10:48:14.941 I/DEBUG   (  170): backtrace:
02-03 10:48:14.941 I/DEBUG   (  170):     #00  pc 016958fa  /data/app-lib/org.xwalk.webapi_noneservice_tests-1/libxwalkcore.so
02-03 10:48:14.941 I/DEBUG   (  170):     #01  pc 0019c03b  <unknown>
02-03 10:48:14.941 I/DEBUG   (  170): 
02-03 10:48:14.941 I/DEBUG   (  170): stack:
02-03 10:48:14.941 I/DEBUG   (  170):          698bd6b0  37504000  
02-03 10:48:14.941 I/DEBUG   (  170):          698bd6b4  63885a9c  /data/app-lib/org.xwalk.webapi_noneservice_tests-1/libxwalkcore.so
02-03 10:48:14.941 I/DEBUG   (  170):          698bd6b8  6525fa74  /data/app-lib/org.xwalk.webapi_noneservice_tests-1/libxwalkcore.so
02-03 10:48:14.941 I/DEBUG   (  170):          698bd6bc  638886e6  /data/app-lib/org.xwalk.webapi_noneservice_tests-1/libxwalkcore.so
02-03 10:48:14.941 I/DEBUG   (  170):          698bd6c0  6525fa74  /data/app-lib/org.xwalk.webapi_noneservice_tests-1/libxwalkcore.so
02-03 10:48:14.941 I/DEBUG   (  170):          698bd6c4  00000000  
02-03 10:48:14.941 I/DEBUG   (  170):          698bd6c8  37407c90  
02-03 10:48:14.941 I/DEBUG   (  170):          698bd6cc  640d138e  /data/app-lib/org.xwalk.webapi_noneservice_tests-1/libxwalkcore.so
02-03 10:48:14.941 I/DEBUG   (  170):          698bd6d0  00000000  
02-03 10:48:14.941 I/DEBUG   (  170):          698bd6d4  37465804  
02-03 10:48:14.941 I/DEBUG   (  170):          698bd6d8  37458190  
02-03 10:48:14.941 I/DEBUG   (  170):          698bd6dc  640f5eef  /data/app-lib/org.xwalk.webapi_noneservice_tests-1/libxwalkcore.so
02-03 10:48:14.941 I/DEBUG   (  170):          698bd6e0  3746591c  
02-03 10:48:14.941 I/DEBUG   (  170):          698bd6e4  00000020  
02-03 10:48:14.941 I/DEBUG   (  170):          698bd6e8  00000000  
02-03 10:48:14.941 I/DEBUG   (  170):          698bd6ec  37460020  
02-03 10:48:14.941 I/DEBUG   (  170):     #00  698bd6f0  3ffa003c  
02-03 10:48:14.941 I/DEBUG   (  170):          698bd6f4  63885a9c  /data/app-lib/org.xwalk.webapi_noneservice_tests-1/libxwalkcore.so
02-03 10:48:14.941 I/DEBUG   (  170):          698bd6f8  640d08db  /data/app-lib/org.xwalk.webapi_noneservice_tests-1/libxwalkcore.so
02-03 10:48:14.941 I/DEBUG   (  170):          698bd6fc  6525fa74  /data/app-lib/org.xwalk.webapi_noneservice_tests-1/libxwalkcore.so
02-03 10:48:14.941 I/DEBUG   (  170):          698bd700  698bd774  [stack:6432]
02-03 10:48:14.941 I/DEBUG   (  170):          698bd704  37407c90  
02-03 10:48:14.941 I/DEBUG   (  170):          698bd708  00000002  
02-03 10:48:14.941 I/DEBUG   (  170):          698bd70c  640d13e4  /data/app-lib/org.xwalk.webapi_noneservice_tests-1/libxwalkcore.so
02-03 10:48:14.941 I/DEBUG   (  170):          698bd710  40f18460  /system/lib/libicui18n.so (deleteCDFUnits+32)
02-03 10:48:14.941 I/DEBUG   (  170):          698bd714  698bd774  [stack:6432]
02-03 10:48:14.941 I/DEBUG   (  170):          698bd718  65295a24  
02-03 10:48:14.941 I/DEBUG   (  170):          698bd71c  65295a24  
02-03 10:48:14.941 I/DEBUG   (  170):          698bd720  37407c90  
02-03 10:48:14.941 I/DEBUG   (  170):          698bd724  37465800  
02-03 10:48:14.941 I/DEBUG   (  170):          698bd728  698bd774  [stack:6432]
02-03 10:48:14.941 I/DEBUG   (  170):          698bd72c  640d1611  /data/app-lib/org.xwalk.webapi_noneservice_tests-1/libxwalkcore.so
02-03 10:48:14.941 I/DEBUG   (  170): 
02-03 10:48:14.941 I/DEBUG   (  170): memory map around fault addr 40f18460:
02-03 10:48:14.941 I/DEBUG   (  170):     40e71000-40e72000 rw- /system/lib/libgabi++.so
02-03 10:48:14.941 I/DEBUG   (  170):     40e72000-410ca000 r-x /system/lib/libicui18n.so
02-03 10:48:14.941 I/DEBUG   (  170):     410ca000-410d2000 r-- /system/lib/libicui18n.so
02-03 10:48:15.061 W/ActivityManager(  547):   Force finishing activity org.xwalk.webapi_noneservice_tests/.WebapiNoneserviceTestsActivity
02-03 10:48:15.061 I/BootReceiver(  547): Copying /data/tombstones/tombstone_03 to DropBox (SYSTEM_TOMBSTONE)
02-03 10:48:15.071 W/ufoGralloc(  171): registerBuffer() handle 0xb8a3fea0/40 didn't require registration
02-03 10:48:15.101 D/dalvikvm(  547): GC_CONCURRENT freed 5088K, 47% free 18906K/35272K, paused 4ms+4ms, total 34ms
02-03 10:48:15.101 D/dalvikvm(  547): WAIT_FOR_CONCURRENT_GC blocked 29ms
02-03 10:48:15.101 D/dalvikvm(  547): WAIT_FOR_CONCURRENT_GC blocked 28ms
02-03 10:48:15.101 E/JavaBinder(  547): !!! FAILED BINDER TRANSACTION !!!
02-03 10:48:15.101 W/ActivityManager(  547): Exception thrown during pause
02-03 10:48:15.101 W/ActivityManager(  547): android.os.TransactionTooLargeException
02-03 10:48:15.101 W/ActivityManager(  547): 	at android.os.BinderProxy.transact(Native Method)
02-03 10:48:15.101 W/ActivityManager(  547): 	at android.app.ApplicationThreadProxy.schedulePauseActivity(ApplicationThreadNative.java:667)
02-03 10:48:15.101 W/ActivityManager(  547): 	at com.android.server.am.ActivityStack.startPausingLocked(ActivityStack.java:786)
02-03 10:48:15.101 W/ActivityManager(  547): 	at com.android.server.am.ActivityStack.finishActivityLocked(ActivityStack.java:2528)
02-03 10:48:15.101 W/ActivityManager(  547): 	at com.android.server.am.ActivityStack.finishTopRunningActivityLocked(ActivityStack.java:2386)
02-03 10:48:15.101 W/ActivityManager(  547): 	at com.android.server.am.ActivityStackSupervisor.finishTopRunningActivityLocked(ActivityStackSupervisor.java:2151)
02-03 10:48:15.101 W/ActivityManager(  547): 	at com.android.server.am.ActivityManagerService.handleAppCrashLocked(ActivityManagerService.java:9843)
02-03 10:48:15.101 W/ActivityManager(  547): 	at com.android.server.am.ActivityManagerService.makeAppCrashingLocked(ActivityManagerService.java:9736)
02-03 10:48:15.101 W/ActivityManager(  547): 	at com.android.server.am.ActivityManagerService.crashApplication(ActivityManagerService.java:10407)
02-03 10:48:15.101 W/ActivityManager(  547): 	at com.android.server.am.ActivityManagerService.handleApplicationCrashInner(ActivityManagerService.java:9932)
02-03 10:48:15.101 W/ActivityManager(  547): 	at com.android.server.am.NativeCrashListener$NativeCrashReporter.run(NativeCrashListener.java:86)
02-03 10:48:15.111 D/WindowManager(  547): adjustConfigurationLw, config:{1.0 ?mcc?mnc ?locale ?layoutDir sw600dp w600dp h888dp 213dpi lrg port ?uimode ?night finger -keyb/v/h -nav/v} mLidState:1 mHasDockFeature:false mHasKeyboardFeature:false mHasHallSensorFeature:true config.hardKeyboardHidden:2
02-03 10:48:15.111 I/ActivityManager(  547): [TopPkgCurBat]	NowPkgName[com.asus.launcher]	Battery[97]	TimeTick[1422931695122]	OldPkgName[org.xwalk.webapi_noneservice_tests]
02-03 10:48:15.121 I/WindowState(  547): WIN DEATH: Window{22407bb0 u0 org.xwalk.webapi_noneservice_tests/org.xwalk.webapi_noneservice_tests.WebapiNoneserviceTestsActivity}
02-03 10:48:15.121 I/ActivityManager(  547): Process org.xwalk.webapi_noneservice_tests (pid 6391) has died.
02-03 10:48:15.131 I/SecurityManagerService(  708): SMS received security event: App[STOP/org.xwalk.webapi_noneservice_tests]
02-03 10:48:15.131 I/WindowState(  547): WIN DEATH: Window{224b8770 u0 SurfaceView}
02-03 10:48:15.141 D/        (  895): Pixel Format : GGL_PIXEL_FORMAT_RGBA_8888
02-03 10:48:15.151 D/dalvikvm(  772): GC_EXPLICIT freed 514K, 9% free 6274K/6884K, paused 1ms+3ms, total 26ms
02-03 10:48:15.151 V/WeatherTimeProvider( 1705): widget on Visibility Changed
02-03 10:48:15.161 D/Zygote  (  172): Process 6391 terminated by signal (11)
02-03 10:48:15.181 D/BatteryStatsImpl(  547): noteStopWakeLocked system isFromForeground = false
02-03 10:48:15.201 W/SurfaceFlinger(  171): couldn't log to binary event log: overflow.
02-03 10:48:16.621 D/AlarmManager(  547): Triggered Alarm 22039f00 ELAPSED_REALTIME_WAKEUP IntentSender{22650368: PendingIntentRecord{221dae20 com.youku.phone broadcastIntent}}
02-03 10:48:16.621 D/AlarmManager(  547): Triggered Alarm 224296a0 ELAPSED_REALTIME_WAKEUP IntentSender{22bbe2d8: PendingIntentRecord{22011fd8 android broadcastIntent}}
02-03 10:48:16.641 W/ContextImpl( 4831): Implicit intents with startService are not safe: Intent { act=com.youku.pushsdk.pushservice.PUSH_STATE (has extras) } android.content.ContextWrapper.startService:495 android.content.ContextWrapper.startService:495 com.youku.pushsdk.receiver.YoukuAppActionReceiver.onReceive:64 
02-03 10:48:16.641 D/BatteryStatsImpl(  547): noteStopWakeLocked system isFromForeground = false
02-03 10:48:16.641 D/BatteryStatsImpl(  547): noteStopWakeLocked system isFromForeground = false
02-03 10:48:16.641 D/ConnectivityService(  547): Sampling interval elapsed, updating statistics ..
02-03 10:48:16.641 D/ConnectivityService(  547): Done.
02-03 10:48:16.641 D/ConnectivityService(  547): Setting timer for 720seconds
02-03 10:48:16.641 D/AlarmManager(  547): Added alarm Alarm{2211edb0 type 2 android} type:ELAPSED_REALTIME_WAKEUP when: After 0h:11m:59.0s
02-03 10:48:17.011 D/dalvikvm( 2070): GC_CONCURRENT freed 7080K, 51% free 7717K/15592K, paused 1ms+1ms, total 19ms
02-03 10:48:17.011 D/dalvikvm( 2070): WAIT_FOR_CONCURRENT_GC blocked 17ms
02-03 10:48:17.031 D/dalvikvm( 2070): GC_CONCURRENT freed 3963K, 34% free 7934K/11988K, paused 1ms+1ms, total 5ms
02-03 10:48:17.031 D/dalvikvm( 2070): WAIT_FOR_CONCURRENT_GC blocked 1ms
02-03 10:48:17.031 D/dalvikvm( 2070): GC_FOR_ALLOC freed 3487K, 36% free 7719K/12024K, paused 3ms, total 3ms
02-03 10:48:17.041 D/dalvikvm( 2070): GC_FOR_ALLOC freed 3257K, 36% free 7747K/12024K, paused 2ms, total 2ms
02-03 10:48:17.041 D/dalvikvm( 2070): GC_FOR_ALLOC freed 3208K, 36% free 7733K/12024K, paused 2ms, total 3ms
02-03 10:48:17.051 D/dalvikvm( 2070): GC_FOR_ALLOC freed 3030K, 35% free 7822K/12024K, paused 3ms, total 3ms
02-03 10:48:17.051 D/dalvikvm( 2070): GC_FOR_ALLOC freed 2850K, 35% free 7832K/12024K, paused 2ms, total 2ms
02-03 10:48:17.061 D/dalvikvm( 2070): GC_FOR_ALLOC freed 2830K, 35% free 7842K/12024K, paused 3ms, total 3ms
02-03 10:48:17.061 D/dalvikvm( 2070): GC_FOR_ALLOC freed 2769K, 36% free 7784K/12024K, paused 2ms, total 2ms
02-03 10:48:17.071 D/dalvikvm( 2070): GC_FOR_ALLOC freed 2849K, 36% free 7754K/12024K, paused 2ms, total 2ms
02-03 10:48:17.071 D/dalvikvm( 2070): GC_FOR_ALLOC freed 2806K, 36% free 7757K/12024K, paused 3ms, total 3ms
02-03 10:48:17.081 D/dalvikvm( 2070): GC_FOR_ALLOC freed 2467K, 35% free 7875K/12024K, paused 2ms, total 2ms
02-03 10:48:17.081 D/dalvikvm( 2070): GC_FOR_ALLOC freed 2477K, 35% free 7882K/12024K, paused 2ms, total 2ms
02-03 10:48:17.091 D/dalvikvm( 2070): GC_FOR_ALLOC freed 2564K, 36% free 7806K/12024K, paused 3ms, total 3ms
02-03 10:48:17.091 D/dalvikvm( 2070): GC_FOR_ALLOC freed 2569K, 36% free 7768K/12024K, paused 2ms, total 2ms
02-03 10:48:17.091 D/dalvikvm( 2070): GC_FOR_ALLOC freed 2428K, 36% free 7771K/12024K, paused 2ms, total 2ms
02-03 10:48:17.101 D/dalvikvm( 2070): GC_FOR_ALLOC freed 2269K, 35% free 7817K/12024K, paused 3ms, total 3ms
02-03 10:48:17.101 D/dalvikvm( 2070): GC_FOR_ALLOC freed 2464K, 36% free 7775K/12024K, paused 4ms, total 4ms
02-03 10:48:17.111 D/dalvikvm( 2070): GC_FOR_ALLOC freed 2383K, 35% free 7824K/12024K, paused 4ms, total 4ms
02-03 10:48:17.121 D/dalvikvm( 2070): GC_FOR_ALLOC freed 2246K, 36% free 7780K/12024K, paused 2ms, total 2ms
02-03 10:48:17.121 D/dalvikvm( 2070): GC_FOR_ALLOC freed 2392K, 36% free 7782K/12024K, paused 2ms, total 2ms
02-03 10:48:17.121 D/dalvikvm( 2070): GC_FOR_ALLOC freed 2191K, 35% free 7933K/12024K, paused 2ms, total 2ms
02-03 10:48:17.131 D/dalvikvm( 2070): GC_FOR_ALLOC freed 2387K, 36% free 7785K/12024K, paused 3ms, total 3ms
02-03 10:48:17.131 D/dalvikvm( 2070): GC_FOR_ALLOC freed 2276K, 35% free 7839K/12024K, paused 2ms, total 2ms
02-03 10:48:17.141 D/dalvikvm( 2070): GC_FOR_ALLOC freed 2212K, 34% free 7947K/12024K, paused 2ms, total 2ms
02-03 10:48:17.141 D/dalvikvm( 2070): GC_FOR_ALLOC freed 2249K, 34% free 7952K/12024K, paused 2ms, total 2ms
02-03 10:48:17.151 D/dalvikvm( 2070): GC_FOR_ALLOC freed 2287K, 34% free 7956K/12024K, paused 3ms, total 3ms
02-03 10:48:17.151 D/dalvikvm( 2070): GC_FOR_ALLOC freed 2213K, 36% free 7794K/12024K, paused 2ms, total 2ms
02-03 10:48:17.151 D/dalvikvm( 2070): GC_FOR_ALLOC freed 2361K, 36% free 7796K/12024K, paused 2ms, total 2ms
02-03 10:48:17.161 D/dalvikvm( 2070): GC_FOR_ALLOC freed 2398K, 36% free 7798K/12024K, paused 2ms, total 2ms
02-03 10:48:17.161 D/dalvikvm( 2070): GC_FOR_ALLOC freed 2143K, 34% free 7973K/12024K, paused 2ms, total 2ms
02-03 10:48:17.171 D/dalvikvm( 2070): GC_FOR_ALLOC freed 2055K, 34% free 7977K/12024K, paused 2ms, total 2ms
02-03 10:48:17.171 D/dalvikvm( 2070): GC_FOR_ALLOC freed 2081K, 35% free 7862K/12024K, paused 2ms, total 2ms
02-03 10:48:17.181 D/dalvikvm( 2070): GC_FOR_ALLOC freed 2107K, 35% free 7864K/12024K, paused 3ms, total 4ms
02-03 10:48:17.181 D/dalvikvm( 2070): GC_FOR_ALLOC freed 2133K, 35% free 7866K/12024K, paused 2ms, total 3ms
02-03 10:48:17.191 D/dalvikvm( 2070): GC_FOR_ALLOC freed 2159K, 35% free 7868K/12024K, paused 3ms, total 3ms
02-03 10:48:17.191 D/dalvikvm( 2070): GC_FOR_ALLOC freed 2186K, 35% free 7871K/12024K, paused 2ms, total 2ms
02-03 10:48:17.201 D/dalvikvm( 2070): GC_FOR_ALLOC freed 2212K, 35% free 7873K/12024K, paused 3ms, total 3ms
02-03 10:48:17.201 D/dalvikvm( 2070): GC_FOR_ALLOC freed 2238K, 35% free 7875K/12024K, paused 3ms, total 3ms
02-03 10:48:17.201 D/dalvikvm( 2070): GC_FOR_ALLOC freed 2264K, 35% free 7877K/12024K, paused 2ms, total 2ms
02-03 10:48:17.211 D/dalvikvm( 2070): GC_FOR_ALLOC freed 2159K, 36% free 7814K/12024K, paused 2ms, total 2ms
02-03 10:48:17.211 D/dalvikvm( 2070): GC_FOR_ALLOC freed 2315K, 35% free 7816K/12024K, paused 3ms, total 3ms
02-03 10:48:17.221 D/dalvikvm( 2070): GC_FOR_ALLOC freed 2005K, 35% free 7884K/12024K, paused 2ms, total 3ms
02-03 10:48:17.221 D/dalvikvm( 2070): GC_FOR_ALLOC freed 1888K, 34% free 8020K/12024K, paused 2ms, total 2ms
02-03 10:48:17.221 D/dalvikvm( 2070): GC_FOR_ALLOC freed 2248K, 36% free 7820K/12164K, paused 2ms, total 2ms
02-03 10:48:17.231 D/dalvikvm( 2070): GC_FOR_ALLOC freed 2063K, 36% free 7889K/12164K, paused 2ms, total 2ms
02-03 10:48:17.231 D/dalvikvm( 2070): GC_FOR_ALLOC freed 2292K, 36% free 7823K/12164K, paused 2ms, total 2ms
02-03 10:48:17.241 D/dalvikvm( 2070): GC_FOR_ALLOC freed 2103K, 36% free 7893K/12164K, paused 2ms, total 2ms
02-03 10:48:17.241 D/dalvikvm( 2070): GC_FOR_ALLOC freed 2336K, 36% free 7825K/12164K, paused 2ms, total 2ms
02-03 10:48:17.241 D/dalvikvm( 2070): GC_FOR_ALLOC freed 2144K, 36% free 7897K/12164K, paused 2ms, total 2ms
02-03 10:48:17.251 D/dalvikvm( 2070): GC_FOR_ALLOC freed 2381K, 36% free 7828K/12164K, paused 2ms, total 2ms
02-03 10:48:17.251 D/dalvikvm( 2070): GC_FOR_ALLOC freed 2184K, 36% free 7902K/12164K, paused 2ms, total 2ms
02-03 10:48:17.261 D/dalvikvm( 2070): GC_FOR_ALLOC freed 2425K, 36% free 7831K/12164K, paused 2ms, total 2ms
02-03 10:48:17.261 D/dalvikvm( 2070): GC_FOR_ALLOC freed 2224K, 36% free 7906K/12164K, paused 3ms, total 3ms
02-03 10:48:17.271 D/dalvikvm( 2070): GC_FOR_ALLOC freed 2093K, 34% free 8057K/12164K, paused 2ms, total 2ms
02-03 10:48:17.271 D/dalvikvm( 2070): GC_FOR_ALLOC freed 2110K, 35% free 7909K/12164K, paused 3ms, total 3ms
02-03 10:48:17.271 D/dalvikvm( 2070): GC_FOR_ALLOC freed 2127K, 35% free 7911K/12164K, paused 3ms, total 3ms
02-03 10:48:17.281 D/dalvikvm( 2070): GC_FOR_ALLOC freed 2144K, 35% free 7913K/12164K, paused 2ms, total 2ms
02-03 10:48:17.281 D/dalvikvm( 2070): GC_FOR_ALLOC freed 2160K, 35% free 7915K/12164K, paused 2ms, total 2ms
02-03 10:48:17.291 D/dalvikvm( 2070): GC_FOR_ALLOC freed 2177K, 35% free 7916K/12164K, paused 2ms, total 2ms
02-03 10:48:17.291 D/dalvikvm( 2070): GC_FOR_ALLOC freed 2194K, 35% free 7918K/12164K, paused 2ms, total 2ms
02-03 10:48:17.291 D/dalvikvm( 2070): GC_FOR_ALLOC freed 2053K, 36% free 7841K/12164K, paused 3ms, total 3ms
02-03 10:48:17.301 D/dalvikvm( 2070): GC_FOR_ALLOC freed 2226K, 36% free 7843K/12164K, paused 3ms, total 3ms
02-03 10:48:17.301 D/dalvikvm( 2070): GC_FOR_ALLOC freed 1842K, 34% free 8084K/12164K, paused 3ms, total 3ms
02-03 10:48:17.311 D/dalvikvm( 2070): GC_FOR_ALLOC freed 2259K, 35% free 7925K/12164K, paused 2ms, total 2ms
02-03 10:48:17.311 D/dalvikvm( 2070): GC_FOR_ALLOC freed 2113K, 36% free 7846K/12164K, paused 2ms, total 2ms
02-03 10:48:17.321 D/dalvikvm( 2070): GC_FOR_ALLOC freed 2293K, 36% free 7847K/12164K, paused 2ms, total 2ms
02-03 10:48:17.321 D/dalvikvm( 2070): GC_FOR_ALLOC freed 1896K, 34% free 8095K/12164K, paused 2ms, total 2ms
02-03 10:48:17.321 D/dalvikvm( 2070): GC_FOR_ALLOC freed 2158K, 36% free 7850K/12164K, paused 2ms, total 2ms
02-03 10:48:17.331 D/dalvikvm( 2070): GC_FOR_ALLOC freed 1922K, 34% free 8101K/12164K, paused 2ms, total 2ms
02-03 10:48:17.331 D/dalvikvm( 2070): GC_FOR_ALLOC freed 2187K, 36% free 7852K/12164K, paused 2ms, total 2ms
02-03 10:48:17.341 D/dalvikvm( 2070): GC_FOR_ALLOC freed 1946K, 34% free 8106K/12164K, paused 2ms, total 2ms
02-03 10:48:17.341 D/dalvikvm( 2070): GC_FOR_ALLOC freed 2215K, 36% free 7854K/12164K, paused 3ms, total 3ms
02-03 10:48:17.341 D/dalvikvm( 2070): GC_FOR_ALLOC freed 1970K, 34% free 8111K/12164K, paused 3ms, total 3ms
02-03 10:48:17.351 D/dalvikvm( 2070): GC_FOR_ALLOC freed 2242K, 36% free 7856K/12164K, paused 3ms, total 3ms
02-03 10:48:17.351 D/dalvikvm( 2070): GC_FOR_ALLOC freed 1994K, 34% free 8117K/12164K, paused 3ms, total 3ms
02-03 10:48:17.361 D/dalvikvm( 2070): GC_FOR_ALLOC freed 2269K, 36% free 7858K/12164K, paused 3ms, total 3ms
02-03 10:48:17.361 D/dalvikvm( 2070): GC_FOR_ALLOC freed 2019K, 34% free 8122K/12164K, paused 3ms, total 3ms
02-03 10:48:17.371 D/dalvikvm( 2070): GC_FOR_ALLOC freed 2296K, 36% free 7860K/12164K, paused 2ms, total 2ms
02-03 10:48:17.371 D/dalvikvm( 2070): GC_FOR_ALLOC freed 2043K, 34% free 8127K/12164K, paused 2ms, total 2ms
02-03 10:48:17.371 D/dalvikvm( 2070): GC_FOR_ALLOC freed 2323K, 36% free 7862K/12164K, paused 3ms, total 3ms
02-03 10:48:17.381 D/dalvikvm( 2070): GC_FOR_ALLOC freed 2067K, 34% free 8132K/12164K, paused 3ms, total 3ms
02-03 10:48:17.381 D/dalvikvm( 2070): GC_FOR_ALLOC freed 2351K, 36% free 7864K/12164K, paused 3ms, total 3ms
02-03 10:48:17.391 D/dalvikvm( 2070): GC_FOR_ALLOC freed 2091K, 34% free 8138K/12164K, paused 3ms, total 3ms
02-03 10:48:17.391 D/dalvikvm( 2070): GC_FOR_ALLOC freed 2378K, 36% free 7866K/12164K, paused 2ms, total 2ms
02-03 10:48:17.391 D/dalvikvm( 2070): GC_FOR_ALLOC freed 2115K, 35% free 7959K/12164K, paused 2ms, total 2ms
02-03 10:48:17.401 D/dalvikvm( 2070): GC_FOR_ALLOC freed 1941K, 34% free 8145K/12164K, paused 2ms, total 2ms
02-03 10:48:17.401 D/dalvikvm( 2070): GC_FOR_ALLOC freed 1950K, 35% free 7961K/12164K, paused 2ms, total 2ms
02-03 10:48:17.411 D/dalvikvm( 2070): GC_FOR_ALLOC freed 1960K, 35% free 7963K/12164K, paused 2ms, total 2ms
02-03 10:48:17.411 D/dalvikvm( 2070): GC_FOR_ALLOC freed 1969K, 35% free 7964K/12164K, paused 2ms, total 2ms
02-03 10:48:17.411 D/dalvikvm( 2070): GC_FOR_ALLOC freed 1979K, 35% free 7966K/12164K, paused 2ms, total 2ms
02-03 10:48:17.421 D/dalvikvm( 2070): GC_FOR_ALLOC freed 1988K, 35% free 7967K/12164K, paused 3ms, total 3ms
02-03 10:48:17.421 D/dalvikvm( 2070): GC_FOR_ALLOC freed 1997K, 35% free 7968K/12164K, paused 2ms, total 2ms
02-03 10:48:17.421 D/dalvikvm( 2070): GC_FOR_ALLOC freed 2007K, 35% free 7970K/12164K, paused 2ms, total 2ms
02-03 10:48:17.431 D/dalvikvm( 2070): GC_FOR_ALLOC freed 1824K, 36% free 7875K/12164K, paused 2ms, total 2ms
02-03 10:48:17.431 D/dalvikvm( 2070): GC_FOR_ALLOC freed 2025K, 36% free 7876K/12164K, paused 2ms, total 2ms
02-03 10:48:17.441 D/dalvikvm( 2070): GC_FOR_ALLOC freed 2034K, 36% free 7877K/12164K, paused 2ms, total 2ms
02-03 10:48:17.441 D/dalvikvm( 2070): GC_FOR_ALLOC freed 1556K, 33% free 8169K/12164K, paused 3ms, total 3ms
02-03 10:48:17.451 D/dalvikvm( 2070): GC_FOR_ALLOC freed 2051K, 35% free 7976K/12164K, paused 2ms, total 2ms
02-03 10:48:17.451 D/dalvikvm( 2070): GC_FOR_ALLOC freed 1864K, 36% free 7880K/12164K, paused 3ms, total 3ms
02-03 10:48:17.451 D/dalvikvm( 2070): GC_FOR_ALLOC freed 2069K, 36% free 7880K/12164K, paused 2ms, total 2ms
02-03 10:48:17.461 D/dalvikvm( 2070): GC_FOR_ALLOC freed 2078K, 36% free 7881K/12164K, paused 2ms, total 2ms
02-03 10:48:17.461 D/dalvikvm( 2070): GC_FOR_ALLOC freed 1589K, 33% free 8179K/12164K, paused 2ms, total 2ms
02-03 10:48:17.471 D/dalvikvm( 2070): GC_FOR_ALLOC freed 1895K, 36% free 7883K/12164K, paused 2ms, total 2ms
02-03 10:48:17.471 D/dalvikvm( 2070): GC_FOR_ALLOC freed 1601K, 33% free 8183K/12164K, paused 2ms, total 2ms
02-03 10:48:17.471 D/dalvikvm( 2070): GC_FOR_ALLOC freed 1909K, 36% free 7884K/12164K, paused 2ms, total 2ms
02-03 10:48:17.481 D/dalvikvm( 2070): GC_FOR_ALLOC freed 1613K, 33% free 8187K/12164K, paused 2ms, total 2ms
02-03 10:48:17.481 D/dalvikvm( 2070): GC_FOR_ALLOC freed 1924K, 36% free 7886K/12164K, paused 3ms, total 3ms
02-03 10:48:17.481 D/dalvikvm( 2070): GC_FOR_ALLOC freed 1625K, 33% free 8191K/12164K, paused 3ms, total 3ms
02-03 10:48:17.491 D/dalvikvm( 2070): GC_FOR_ALLOC freed 1938K, 36% free 7887K/12164K, paused 2ms, total 2ms
02-03 10:48:17.491 D/dalvikvm( 2070): GC_FOR_ALLOC freed 1638K, 33% free 8195K/12164K, paused 2ms, total 2ms
02-03 10:48:17.491 D/dalvikvm( 2070): GC_FOR_ALLOC freed 1953K, 36% free 7889K/12164K, paused 2ms, total 2ms
02-03 10:48:17.501 D/dalvikvm( 2070): GC_FOR_ALLOC freed 1650K, 33% free 8198K/12164K, paused 2ms, total 2ms
02-03 10:48:17.501 D/dalvikvm( 2070): GC_FOR_ALLOC freed 2084K, 36% free 7888K/12164K, paused 3ms, total 3ms
02-03 10:48:17.511 D/dalvikvm( 2070): GC_FOR_ALLOC freed 2174K, 33% free 8226K/12164K, paused 3ms, total 3ms
02-03 10:48:17.511 D/dalvikvm( 2070): GC_FOR_ALLOC freed 2110K, 36% free 7893K/12164K, paused 2ms, total 2ms
02-03 10:48:17.521 W/System.err( 2070): java.lang.ArrayIndexOutOfBoundsException: length=113780; index=-32768
02-03 10:48:17.521 W/System.err( 2070): 	at com.googlehelp.service.l.a(Unknown Source)
02-03 10:48:17.521 W/System.err( 2070): 	at com.googlehelp.service.l.a(Unknown Source)
02-03 10:48:17.521 W/System.err( 2070): 	at com.googlehelp.service.l.a(Unknown Source)
02-03 10:48:17.521 W/System.err( 2070): 	at com.googlehelp.service.h.a(Unknown Source)
02-03 10:48:17.521 W/System.err( 2070): 	at com.googlehelp.service.h.run(Unknown Source)
02-03 10:48:17.521 W/System.err( 2070): 	at java.util.Timer$TimerImpl.run(Timer.java:284)
02-03 10:48:17.581 W/Settings( 2070): Setting location_providers_allowed has moved from android.provider.Settings.System to android.provider.Settings.Secure, returning read-only value.
02-03 10:48:17.591 D/dalvikvm( 2070): GC_CONCURRENT freed 2656K, 24% free 9357K/12164K, paused 0ms+0ms, total 6ms
02-03 10:48:17.601 D/dalvikvm( 2070): GC_CONCURRENT freed 5679K, 43% free 7761K/13500K, paused 0ms+1ms, total 4ms
02-03 10:48:17.601 D/dalvikvm( 2070): WAIT_FOR_CONCURRENT_GC blocked 3ms
02-03 10:48:17.611 D/dalvikvm( 2070): GC_CONCURRENT freed 4055K, 43% free 7786K/13500K, paused 1ms+1ms, total 4ms
02-03 10:48:17.611 D/dalvikvm( 2070): WAIT_FOR_CONCURRENT_GC blocked 3ms
02-03 10:48:17.621 D/dalvikvm( 2070): GC_CONCURRENT freed 4061K, 43% free 7817K/13500K, paused 1ms+1ms, total 3ms
02-03 10:48:17.621 D/dalvikvm( 2070): WAIT_FOR_CONCURRENT_GC blocked 2ms
02-03 10:48:17.631 D/dalvikvm( 2070): GC_CONCURRENT freed 4057K, 42% free 7847K/13500K, paused 1ms+1ms, total 3ms
02-03 10:48:17.631 D/dalvikvm( 2070): WAIT_FOR_CONCURRENT_GC blocked 2ms
02-03 10:48:17.631 D/dalvikvm( 2070): GC_CONCURRENT freed 4148K, 43% free 7752K/13500K, paused 1ms+1ms, total 3ms
02-03 10:48:17.631 D/dalvikvm( 2070): WAIT_FOR_CONCURRENT_GC blocked 2ms
02-03 10:48:17.641 D/dalvikvm( 2070): GC_CONCURRENT freed 3929K, 43% free 7824K/13500K, paused 0ms+1ms, total 3ms
02-03 10:48:17.641 D/dalvikvm( 2070): WAIT_FOR_CONCURRENT_GC blocked 3ms
02-03 10:48:17.651 D/dalvikvm( 2070): GC_FOR_ALLOC freed 3952K, 43% free 7733K/13500K, paused 3ms, total 3ms
02-03 10:48:17.651 D/dalvikvm( 2070): GC_CONCURRENT freed 3869K, 42% free 7848K/13500K, paused 1ms+1ms, total 3ms
02-03 10:48:17.651 D/dalvikvm( 2070): WAIT_FOR_CONCURRENT_GC blocked 2ms
02-03 10:48:17.661 D/dalvikvm( 2070): GC_FOR_ALLOC freed 3758K, 42% free 7859K/13500K, paused 3ms, total 3ms
02-03 10:48:17.671 D/dalvikvm( 2070): GC_FOR_ALLOC freed 3883K, 43% free 7746K/13500K, paused 2ms, total 2ms
02-03 10:48:17.671 D/dalvikvm( 2070): GC_FOR_ALLOC freed 3871K, 43% free 7750K/13500K, paused 2ms, total 3ms
02-03 10:48:17.681 D/dalvikvm( 2070): GC_FOR_ALLOC freed 3820K, 43% free 7798K/13500K, paused 3ms, total 3ms
02-03 10:48:17.681 D/dalvikvm( 2070): GC_FOR_ALLOC freed 3790K, 43% free 7757K/13500K, paused 3ms, total 3ms
02-03 10:48:17.691 D/dalvikvm( 2070): GC_FOR_ALLOC freed 3690K, 43% free 7760K/13500K, paused 5ms, total 5ms
02-03 10:48:17.701 D/dalvikvm( 2070): GC_FOR_ALLOC freed 3564K, 42% free 7913K/13500K, paused 3ms, total 3ms
02-03 10:48:17.701 D/dalvikvm( 2070): GC_FOR_ALLOC freed 3572K, 42% free 7920K/13500K, paused 3ms, total 3ms
02-03 10:48:17.711 D/dalvikvm( 2070): GC_FOR_ALLOC freed 3676K, 42% free 7928K/13500K, paused 2ms, total 2ms
02-03 10:48:17.711 D/dalvikvm( 2070): GC_FOR_ALLOC freed 3672K, 43% free 7772K/13500K, paused 2ms, total 2ms
02-03 10:48:17.721 D/dalvikvm( 2070): GC_FOR_ALLOC freed 3601K, 42% free 7942K/13500K, paused 2ms, total 2ms
02-03 10:48:17.721 D/dalvikvm( 2070): GC_FOR_ALLOC freed 3577K, 42% free 7949K/13500K, paused 2ms, total 2ms
02-03 10:48:17.731 D/dalvikvm( 2070): GC_FOR_ALLOC freed 3661K, 42% free 7838K/13500K, paused 2ms, total 2ms
02-03 10:48:17.731 D/dalvikvm( 2070): GC_FOR_ALLOC freed 3626K, 43% free 7783K/13500K, paused 3ms, total 3ms
02-03 10:48:17.741 D/dalvikvm( 2070): GC_FOR_ALLOC freed 3521K, 42% free 7846K/13500K, paused 2ms, total 2ms
02-03 10:48:17.741 D/dalvikvm( 2070): GC_FOR_ALLOC freed 3343K, 43% free 7788K/13500K, paused 3ms, total 3ms
02-03 10:48:17.751 D/dalvikvm( 2070): GC_FOR_ALLOC freed 3532K, 43% free 7790K/13500K, paused 3ms, total 3ms
02-03 10:48:17.751 D/dalvikvm( 2070): GC_FOR_ALLOC freed 3599K, 43% free 7793K/13500K, paused 3ms, total 3ms
02-03 10:48:17.761 D/dalvikvm( 2070): GC_FOR_ALLOC freed 3336K, 41% free 7991K/13500K, paused 3ms, total 3ms
02-03 10:48:17.761 D/dalvikvm( 2070): GC_FOR_ALLOC freed 3258K, 41% free 7997K/13500K, paused 2ms, total 2ms
02-03 10:48:17.771 D/dalvikvm( 2070): GC_FOR_ALLOC freed 3309K, 42% free 7866K/13500K, paused 3ms, total 3ms
02-03 10:48:17.771 D/dalvikvm( 2070): GC_FOR_ALLOC freed 3360K, 42% free 7869K/13500K, paused 2ms, total 3ms
02-03 10:48:17.781 D/dalvikvm( 2070): GC_FOR_ALLOC freed 3411K, 42% free 7873K/13500K, paused 2ms, total 2ms
02-03 10:48:17.791 D/dalvikvm( 2070): GC_FOR_ALLOC freed 3321K, 43% free 7805K/13500K, paused 2ms, total 2ms
02-03 10:48:17.791 D/dalvikvm( 2070): GC_FOR_ALLOC freed 3512K, 43% free 7807K/13500K, paused 2ms, total 2ms
02-03 10:48:17.801 D/dalvikvm( 2070): GC_FOR_ALLOC freed 3197K, 41% free 8027K/13500K, paused 3ms, total 3ms
02-03 10:48:17.801 D/dalvikvm( 2070): GC_FOR_ALLOC freed 3461K, 43% free 7811K/13500K, paused 2ms, total 2ms
02-03 10:48:17.801 D/dalvikvm( 2070): GC_FOR_ALLOC freed 3282K, 41% free 8037K/13500K, paused 2ms, total 2ms
02-03 10:48:17.811 D/dalvikvm( 2070): GC_FOR_ALLOC freed 3172K, 41% free 8042K/13500K, paused 3ms, total 3ms
02-03 10:48:17.811 D/dalvikvm( 2070): GC_FOR_ALLOC freed 3056K, 43% free 7817K/13500K, paused 2ms, total 2ms
02-03 10:48:17.821 D/dalvikvm( 2070): GC_FOR_ALLOC freed 3401K, 42% free 7895K/13500K, paused 2ms, total 2ms
02-03 10:48:17.821 D/dalvikvm( 2070): GC_FOR_ALLOC freed 3285K, 42% free 7898K/13500K, paused 3ms, total 3ms
02-03 10:48:17.831 D/dalvikvm( 2070): GC_FOR_ALLOC freed 3164K, 43% free 7822K/13500K, paused 2ms, total 2ms
02-03 10:48:17.831 D/dalvikvm( 2070): GC_FOR_ALLOC freed 3360K, 43% free 7824K/13500K, paused 2ms, total 2ms
02-03 10:48:17.841 D/dalvikvm( 2070): GC_FOR_ALLOC freed 3400K, 43% free 7826K/13500K, paused 3ms, total 3ms
02-03 10:48:17.841 D/dalvikvm( 2070): GC_FOR_ALLOC freed 3028K, 41% free 8073K/13500K, paused 2ms, total 2ms
02-03 10:48:17.851 D/dalvikvm( 2070): GC_FOR_ALLOC freed 3308K, 43% free 7829K/13500K, paused 3ms, total 3ms
02-03 10:48:17.851 D/dalvikvm( 2070): GC_FOR_ALLOC freed 3092K, 41% free 8082K/13500K, paused 3ms, total 3ms
02-03 10:48:17.861 D/dalvikvm( 2070): GC_FOR_ALLOC freed 3377K, 42% free 7833K/13500K, paused 2ms, total 3ms
02-03 10:48:17.861 D/dalvikvm( 2070): GC_FOR_ALLOC freed 3154K, 41% free 8090K/13500K, paused 2ms, total 2ms
02-03 10:48:17.871 D/dalvikvm( 2070): GC_FOR_ALLOC freed 3443K, 42% free 7836K/13500K, paused 2ms, total 2ms
02-03 10:48:17.871 D/dalvikvm( 2070): GC_FOR_ALLOC freed 3215K, 41% free 8098K/13500K, paused 3ms, total 3ms
02-03 10:48:17.881 D/dalvikvm( 2070): GC_FOR_ALLOC freed 3509K, 42% free 7839K/13500K, paused 2ms, total 2ms
02-03 10:48:17.881 D/dalvikvm( 2070): GC_FOR_ALLOC freed 3275K, 40% free 8106K/13500K, paused 2ms, total 2ms
02-03 10:48:17.891 D/dalvikvm( 2070): GC_FOR_ALLOC freed 3126K, 40% free 8110K/13500K, paused 2ms, total 3ms
02-03 10:48:17.891 D/dalvikvm( 2070): GC_FOR_ALLOC freed 2971K, 42% free 7844K/13500K, paused 3ms, total 3ms
02-03 10:48:17.901 D/dalvikvm( 2070): GC_FOR_ALLOC freed 3176K, 42% free 7845K/13500K, paused 2ms, total 2ms
02-03 10:48:17.901 D/dalvikvm( 2070): GC_FOR_ALLOC freed 3202K, 42% free 7847K/13500K, paused 3ms, total 3ms
02-03 10:48:17.901 D/dalvikvm( 2070): GC_FOR_ALLOC freed 2765K, 40% free 8124K/13500K, paused 2ms, total 2ms
02-03 10:48:17.911 D/dalvikvm( 2070): GC_FOR_ALLOC freed 3065K, 42% free 7849K/13500K, paused 2ms, total 2ms
02-03 10:48:17.911 D/dalvikvm( 2070): GC_FOR_ALLOC freed 3276K, 42% free 7851K/13500K, paused 2ms, total 2ms
02-03 10:48:17.921 D/dalvikvm( 2070): GC_FOR_ALLOC freed 3302K, 42% free 7852K/13500K, paused 2ms, total 3ms
02-03 10:48:17.921 D/dalvikvm( 2070): GC_FOR_ALLOC freed 2851K, 40% free 8138K/13500K, paused 2ms, total 2ms
02-03 10:48:17.931 D/dalvikvm( 2070): GC_FOR_ALLOC freed 3159K, 42% free 7855K/13500K, paused 3ms, total 3ms
02-03 10:48:17.931 D/dalvikvm( 2070): GC_FOR_ALLOC freed 2891K, 40% free 8145K/13500K, paused 2ms, total 2ms
02-03 10:48:17.941 D/dalvikvm( 2070): GC_FOR_ALLOC freed 3203K, 42% free 7858K/13500K, paused 3ms, total 3ms
02-03 10:48:17.941 D/dalvikvm( 2070): GC_FOR_ALLOC freed 2931K, 40% free 8152K/13500K, paused 2ms, total 2ms
02-03 10:48:17.951 D/dalvikvm( 2070): GC_FOR_ALLOC freed 3247K, 42% free 7860K/13500K, paused 3ms, total 3ms
02-03 10:48:17.951 D/dalvikvm( 2070): GC_FOR_ALLOC freed 2972K, 40% free 8159K/13500K, paused 2ms, total 2ms
02-03 10:48:17.961 D/dalvikvm( 2070): GC_FOR_ALLOC freed 2791K, 40% free 8162K/13500K, paused 2ms, total 2ms
02-03 10:48:17.961 D/dalvikvm( 2070): GC_FOR_ALLOC freed 2808K, 40% free 8165K/13500K, paused 3ms, total 3ms
02-03 10:48:17.961 D/dalvikvm( 2070): GC_FOR_ALLOC freed 2825K, 40% free 8168K/13500K, paused 3ms, total 3ms
02-03 10:48:17.971 D/dalvikvm( 2070): GC_FOR_ALLOC freed 2841K, 40% free 8171K/13500K, paused 2ms, total 2ms
02-03 10:48:17.971 D/dalvikvm( 2070): GC_FOR_ALLOC freed 2859K, 40% free 8174K/13500K, paused 2ms, total 2ms
02-03 10:48:17.981 D/dalvikvm( 2070): GC_FOR_ALLOC freed 2876K, 40% free 8177K/13500K, paused 3ms, total 3ms
02-03 10:48:17.981 D/dalvikvm( 2070): GC_FOR_ALLOC freed 3137K, 41% free 7977K/13500K, paused 3ms, total 3ms
02-03 10:48:17.991 D/dalvikvm( 2070): GC_FOR_ALLOC freed 3358K, 40% free 8210K/13500K, paused 3ms, total 3ms
02-03 10:48:17.991 W/System.err( 2070): java.lang.ArrayIndexOutOfBoundsException: length=113880; index=-32768
02-03 10:48:17.991 W/System.err( 2070): 	at com.googlehelp.service.l.a(Unknown Source)
02-03 10:48:17.991 W/System.err( 2070): 	at com.googlehelp.service.l.a(Unknown Source)
02-03 10:48:17.991 W/System.err( 2070): 	at com.googlehelp.service.l.a(Unknown Source)
02-03 10:48:17.991 W/System.err( 2070): 	at com.googlehelp.service.h.a(Unknown Source)
02-03 10:48:17.991 W/System.err( 2070): 	at com.googlehelp.service.h.run(Unknown Source)
02-03 10:48:17.991 W/System.err( 2070): 	at java.util.Timer$TimerImpl.run(Timer.java:284)
02-03 10:48:18.031 D/dalvikvm( 2070): GC_FOR_ALLOC freed 3723K, 43% free 7786K/13500K, paused 4ms, total 4ms
02-03 10:48:18.151 D/dalvikvm( 2070): GC_CONCURRENT freed 3904K, 41% free 7971K/13500K, paused 1ms+1ms, total 5ms
02-03 10:48:18.151 D/dalvikvm( 2070): WAIT_FOR_CONCURRENT_GC blocked 4ms
02-03 10:48:18.151 D/dalvikvm( 2070): GC_CONCURRENT freed 4070K, 41% free 7970K/13500K, paused 1ms+1ms, total 3ms
02-03 10:48:18.151 D/dalvikvm( 2070): WAIT_FOR_CONCURRENT_GC blocked 2ms
02-03 10:48:18.161 D/dalvikvm( 2070): GC_CONCURRENT freed 4044K, 41% free 7999K/13500K, paused 1ms+1ms, total 3ms
02-03 10:48:18.161 D/dalvikvm( 2070): WAIT_FOR_CONCURRENT_GC blocked 3ms
02-03 10:48:18.171 D/dalvikvm( 2070): GC_CONCURRENT freed 4053K, 41% free 8023K/13500K, paused 1ms+1ms, total 3ms
02-03 10:48:18.171 D/dalvikvm( 2070): WAIT_FOR_CONCURRENT_GC blocked 2ms
02-03 10:48:18.181 D/dalvikvm( 2070): GC_CONCURRENT freed 4117K, 41% free 7993K/13500K, paused 1ms+1ms, total 3ms
02-03 10:48:18.181 D/dalvikvm( 2070): WAIT_FOR_CONCURRENT_GC blocked 2ms
02-03 10:48:18.181 D/dalvikvm( 2070): GC_FOR_ALLOC freed 4031K, 42% free 7913K/13500K, paused 2ms, total 2ms
02-03 10:48:18.191 D/dalvikvm( 2070): GC_FOR_ALLOC freed 3996K, 42% free 7952K/13500K, paused 3ms, total 3ms
02-03 10:48:18.191 D/dalvikvm( 2070): GC_CONCURRENT freed 1642K, 38% free 8410K/13500K, paused 1ms+1ms, total 4ms
02-03 10:48:18.201 D/dalvikvm( 2070): GC_FOR_ALLOC freed 3896K, 42% free 7961K/13500K, paused 2ms, total 2ms
02-03 10:48:18.211 D/dalvikvm( 2070): GC_FOR_ALLOC freed 3788K, 41% free 8047K/13500K, paused 3ms, total 3ms
02-03 10:48:18.211 D/dalvikvm( 2070): GC_FOR_ALLOC freed 3704K, 41% free 8057K/13500K, paused 2ms, total 2ms
02-03 10:48:18.221 D/dalvikvm( 2070): GC_FOR_ALLOC freed 3801K, 42% free 7937K/13500K, paused 2ms, total 2ms
02-03 10:48:18.221 D/dalvikvm( 2070): GC_CONCURRENT freed 3835K, 40% free 8167K/13500K, paused 1ms+1ms, total 3ms
02-03 10:48:18.221 D/dalvikvm( 2070): WAIT_FOR_CONCURRENT_GC blocked 2ms
02-03 10:48:18.231 D/dalvikvm( 2070): GC_FOR_ALLOC freed 3895K, 41% free 7991K/13500K, paused 3ms, total 3ms
02-03 10:48:18.231 D/dalvikvm( 2070): GC_FOR_ALLOC freed 3704K, 41% free 7995K/13500K, paused 2ms, total 2ms
02-03 10:48:18.241 D/dalvikvm( 2070): GC_FOR_ALLOC freed 3831K, 41% free 8000K/13500K, paused 2ms, total 2ms
02-03 10:48:18.241 D/dalvikvm( 2070): GC_FOR_ALLOC freed 3853K, 42% free 7954K/13500K, paused 3ms, total 3ms
02-03 10:48:18.251 D/dalvikvm( 2070): GC_FOR_ALLOC freed 3705K, 42% free 7957K/13500K, paused 2ms, total 2ms
02-03 10:48:18.251 D/dalvikvm( 2070): GC_FOR_ALLOC freed 3809K, 42% free 7960K/13500K, paused 2ms, total 2ms
02-03 10:48:18.261 D/dalvikvm( 2070): GC_FOR_ALLOC freed 3630K, 41% free 8018K/13500K, paused 2ms, total 2ms
02-03 10:48:18.271 D/dalvikvm( 2070): GC_FOR_ALLOC freed 3490K, 41% free 7965K/13500K, paused 3ms, total 3ms
02-03 10:48:18.271 D/dalvikvm( 2070): GC_FOR_ALLOC freed 3687K, 41% free 7968K/13500K, paused 3ms, total 3ms
02-03 10:48:18.281 D/dalvikvm( 2070): GC_FOR_ALLOC freed 3772K, 41% free 7971K/13500K, paused 3ms, total 3ms
02-03 10:48:18.281 D/dalvikvm( 2070): GC_FOR_ALLOC freed 3547K, 40% free 8157K/13500K, paused 2ms, total 2ms
02-03 10:48:18.291 D/dalvikvm( 2070): GC_FOR_ALLOC freed 3493K, 40% free 8163K/13500K, paused 2ms, total 2ms
02-03 10:48:18.291 D/dalvikvm( 2070): GC_FOR_ALLOC freed 3560K, 40% free 8169K/13500K, paused 2ms, total 2ms
02-03 10:48:18.301 D/dalvikvm( 2070): GC_FOR_ALLOC freed 3627K, 41% free 8045K/13500K, paused 2ms, total 2ms
02-03 10:48:18.301 D/dalvikvm( 2070): GC_FOR_ALLOC freed 3561K, 41% free 7983K/13500K, paused 2ms, total 2ms
02-03 10:48:18.311 D/dalvikvm( 2070): GC_FOR_ALLOC freed 3420K, 40% free 8186K/13500K, paused 2ms, total 2ms
02-03 10:48:18.311 D/dalvikvm( 2070): GC_FOR_ALLOC freed 3682K, 41% free 7987K/13500K, paused 2ms, total 2ms
02-03 10:48:18.321 D/dalvikvm( 2070): GC_FOR_ALLOC freed 3534K, 41% free 8058K/13500K, paused 3ms, total 3ms
02-03 10:48:18.321 D/dalvikvm( 2070): GC_FOR_ALLOC freed 3448K, 41% free 8061K/13500K, paused 2ms, total 2ms
02-03 10:48:18.331 D/dalvikvm( 2070): GC_FOR_ALLOC freed 3356K, 41% free 7993K/13500K, paused 2ms, total 2ms
02-03 10:48:18.331 D/dalvikvm( 2070): GC_FOR_ALLOC freed 3548K, 41% free 7995K/13500K, paused 2ms, total 2ms
02-03 10:48:18.341 D/dalvikvm( 2070): GC_FOR_ALLOC freed 3600K, 41% free 7997K/13500K, paused 2ms, total 2ms
02-03 10:48:18.341 D/dalvikvm( 2070): GC_FOR_ALLOC freed 3651K, 41% free 8000K/13500K, paused 2ms, total 2ms
02-03 10:48:18.351 D/dalvikvm( 2070): GC_FOR_ALLOC freed 3322K, 40% free 8228K/13500K, paused 2ms, total 2ms
02-03 10:48:18.351 D/dalvikvm( 2070): GC_FOR_ALLOC freed 3595K, 41% free 8003K/13500K, paused 2ms, total 2ms
02-03 10:48:18.361 D/dalvikvm( 2070): GC_FOR_ALLOC freed 3407K, 41% free 8082K/13500K, paused 3ms, total 3ms
02-03 10:48:18.371 D/dalvikvm( 2070): GC_FOR_ALLOC freed 3291K, 41% free 8085K/13500K, paused 3ms, total 3ms
02-03 10:48:18.371 D/dalvikvm( 2070): GC_FOR_ALLOC freed 3329K, 41% free 8088K/13500K, paused 3ms, total 3ms
02-03 10:48:18.381 D/dalvikvm( 2070): GC_FOR_ALLOC freed 3369K, 41% free 8091K/13500K, paused 3ms, total 3ms
02-03 10:48:18.381 D/dalvikvm( 2070): GC_FOR_ALLOC freed 3408K, 41% free 8094K/13500K, paused 3ms, total 3ms
02-03 10:48:18.381 D/dalvikvm( 2070): GC_FOR_ALLOC freed 3448K, 41% free 8096K/13500K, paused 2ms, total 2ms
02-03 10:48:18.391 D/dalvikvm( 2070): GC_FOR_ALLOC freed 3487K, 41% free 8099K/13500K, paused 2ms, total 2ms
02-03 10:48:18.391 D/dalvikvm( 2070): GC_FOR_ALLOC freed 3528K, 40% free 8102K/13500K, paused 2ms, total 2ms
02-03 10:48:18.401 D/dalvikvm( 2070): GC_FOR_ALLOC freed 3566K, 40% free 8105K/13500K, paused 2ms, total 2ms
02-03 10:48:18.401 D/dalvikvm( 2070): GC_FOR_ALLOC freed 3431K, 41% free 8022K/13500K, paused 2ms, total 2ms
02-03 10:48:18.411 D/dalvikvm( 2070): GC_FOR_ALLOC freed 3639K, 41% free 8024K/13500K, paused 2ms, total 2ms
02-03 10:48:18.411 D/dalvikvm( 2070): GC_FOR_ALLOC freed 3677K, 41% free 8025K/13500K, paused 2ms, total 2ms
02-03 10:48:18.421 D/dalvikvm( 2070): GC_FOR_ALLOC freed 3270K, 39% free 8292K/13500K, paused 3ms, total 3ms
02-03 10:48:18.421 D/dalvikvm( 2070): GC_FOR_ALLOC freed 3120K, 39% free 8296K/13500K, paused 3ms, total 3ms
02-03 10:48:18.431 D/dalvikvm( 2070): GC_FOR_ALLOC freed 3598K, 41% free 8030K/13500K, paused 3ms, total 3ms
02-03 10:48:18.431 D/dalvikvm( 2070): GC_FOR_ALLOC freed 3358K, 39% free 8304K/13500K, paused 2ms, total 2ms
02-03 10:48:18.441 D/dalvikvm( 2070): GC_FOR_ALLOC freed 3204K, 39% free 8308K/13500K, paused 3ms, total 3ms
02-03 10:48:18.451 D/dalvikvm( 2070): GC_FOR_ALLOC freed 3230K, 39% free 8312K/13500K, paused 4ms, total 4ms
02-03 10:48:18.451 D/dalvikvm( 2070): GC_FOR_ALLOC freed 3724K, 41% free 8037K/13500K, paused 3ms, total 3ms
02-03 10:48:18.461 D/dalvikvm( 2070): GC_FOR_ALLOC freed 3286K, 41% free 8038K/13500K, paused 3ms, total 3ms
02-03 10:48:18.461 D/dalvikvm( 2070): GC_FOR_ALLOC freed 3312K, 41% free 8040K/13500K, paused 3ms, total 3ms
02-03 10:48:18.471 D/dalvikvm( 2070): GC_FOR_ALLOC freed 3338K, 41% free 8041K/13500K, paused 2ms, total 2ms
02-03 10:48:18.471 D/dalvikvm( 2070): GC_FOR_ALLOC freed 3365K, 41% free 8043K/13500K, paused 2ms, total 2ms
02-03 10:48:18.481 D/dalvikvm( 2070): GC_FOR_ALLOC freed 3391K, 41% free 8044K/13500K, paused 3ms, total 3ms
02-03 10:48:18.481 D/dalvikvm( 2070): GC_FOR_ALLOC freed 3417K, 41% free 8046K/13500K, paused 3ms, total 3ms
02-03 10:48:18.481 D/dalvikvm( 2070): GC_FOR_ALLOC freed 3443K, 41% free 8047K/13500K, paused 2ms, total 2ms
02-03 10:48:18.491 D/dalvikvm( 2070): GC_FOR_ALLOC freed 3469K, 41% free 8049K/13500K, paused 2ms, total 2ms
02-03 10:48:18.491 D/dalvikvm( 2070): GC_FOR_ALLOC freed 2994K, 39% free 8349K/13500K, paused 3ms, total 3ms
02-03 10:48:18.501 D/dalvikvm( 2070): GC_FOR_ALLOC freed 3316K, 41% free 8051K/13500K, paused 2ms, total 2ms
02-03 10:48:18.501 D/dalvikvm( 2070): GC_FOR_ALLOC freed 3034K, 39% free 8356K/13500K, paused 2ms, total 2ms
02-03 10:48:18.511 D/dalvikvm( 2070): GC_FOR_ALLOC freed 3361K, 41% free 8054K/13500K, paused 3ms, total 3ms
02-03 10:48:18.511 D/dalvikvm( 2070): GC_FOR_ALLOC freed 3076K, 39% free 8363K/13500K, paused 3ms, total 3ms
02-03 10:48:18.521 D/dalvikvm( 2070): GC_FOR_ALLOC freed 3427K, 41% free 8057K/13500K, paused 3ms, total 3ms
02-03 10:48:18.531 D/dalvikvm( 2070): GC_FOR_ALLOC freed 3801K, 40% free 8167K/13500K, paused 3ms, total 3ms
02-03 10:48:18.531 W/System.err( 2070): java.lang.ArrayIndexOutOfBoundsException: length=114004; index=-32768
02-03 10:48:18.531 W/System.err( 2070): 	at com.googlehelp.service.l.a(Unknown Source)
02-03 10:48:18.531 W/System.err( 2070): 	at com.googlehelp.service.l.a(Unknown Source)
02-03 10:48:18.531 W/System.err( 2070): 	at com.googlehelp.service.l.a(Unknown Source)
02-03 10:48:18.531 W/System.err( 2070): 	at com.googlehelp.service.h.a(Unknown Source)
02-03 10:48:18.531 W/System.err( 2070): 	at com.googlehelp.service.h.run(Unknown Source)
02-03 10:48:18.531 W/System.err( 2070): 	at java.util.Timer$TimerImpl.run(Timer.java:284)
02-03 10:48:18.651 D/dalvikvm( 2070): GC_CONCURRENT freed 4163K, 41% free 8095K/13500K, paused 1ms+1ms, total 6ms
02-03 10:48:18.651 D/dalvikvm( 2070): WAIT_FOR_CONCURRENT_GC blocked 5ms
02-03 10:48:18.661 D/dalvikvm( 2070): GC_CONCURRENT freed 4029K, 40% free 8160K/13500K, paused 1ms+1ms, total 4ms
02-03 10:48:18.661 D/dalvikvm( 2070): WAIT_FOR_CONCURRENT_GC blocked 3ms
02-03 10:48:18.671 D/dalvikvm( 2070): GC_CONCURRENT freed 4105K, 40% free 8141K/13500K, paused 0ms+0ms, total 4ms
02-03 10:48:18.671 D/dalvikvm( 2070): WAIT_FOR_CONCURRENT_GC blocked 4ms
02-03 10:48:18.681 D/dalvikvm( 2070): GC_CONCURRENT freed 4056K, 40% free 8176K/13500K, paused 0ms+1ms, total 4ms
02-03 10:48:18.681 D/dalvikvm( 2070): WAIT_FOR_CONCURRENT_GC blocked 4ms
02-03 10:48:18.691 D/dalvikvm( 2070): GC_CONCURRENT freed 4086K, 40% free 8172K/13500K, paused 0ms+0ms, total 4ms
02-03 10:48:18.691 D/dalvikvm( 2070): WAIT_FOR_CONCURRENT_GC blocked 3ms
02-03 10:48:18.701 D/dalvikvm( 2070): GC_CONCURRENT freed 3996K, 40% free 8184K/13500K, paused 1ms+1ms, total 5ms
02-03 10:48:18.701 D/dalvikvm( 2070): WAIT_FOR_CONCURRENT_GC blocked 4ms
02-03 10:48:18.701 D/dalvikvm( 2070): GC_CONCURRENT freed 4086K, 40% free 8162K/13500K, paused 0ms+1ms, total 4ms
02-03 10:48:18.701 D/dalvikvm( 2070): WAIT_FOR_CONCURRENT_GC blocked 4ms
02-03 10:48:18.711 D/dalvikvm( 2070): GC_FOR_ALLOC freed 3987K, 40% free 8135K/13500K, paused 3ms, total 3ms
02-03 10:48:18.721 D/dalvikvm( 2070): GC_FOR_ALLOC freed 3826K, 40% free 8139K/13500K, paused 3ms, total 4ms
02-03 10:48:18.721 D/dalvikvm( 2070): GC_CONCURRENT freed 3862K, 39% free 8261K/13500K, paused 0ms+1ms, total 4ms
02-03 10:48:18.721 D/dalvikvm( 2070): WAIT_FOR_CONCURRENT_GC blocked 4ms
02-03 10:48:18.731 D/dalvikvm( 2070): GC_FOR_ALLOC freed 3704K, 39% free 8272K/13500K, paused 3ms, total 3ms
02-03 10:48:18.741 D/dalvikvm( 2070): GC_FOR_ALLOC freed 3888K, 40% free 8195K/13500K, paused 3ms, total 3ms
02-03 10:48:18.741 D/dalvikvm( 2070): GC_FOR_ALLOC freed 3746K, 39% free 8291K/13500K, paused 4ms, total 4ms
02-03 10:48:18.751 D/dalvikvm( 2070): GC_FOR_ALLOC freed 3803K, 40% free 8159K/13500K, paused 3ms, total 3ms
02-03 10:48:18.751 D/dalvikvm( 2070): GC_FOR_ALLOC freed 3701K, 40% free 8162K/13500K, paused 3ms, total 3ms
02-03 10:48:18.761 D/dalvikvm( 2070): GC_FOR_ALLOC freed 3828K, 40% free 8165K/13500K, paused 3ms, total 3ms
02-03 10:48:18.771 D/dalvikvm( 2070): GC_FOR_ALLOC freed 3589K, 40% free 8168K/13500K, paused 3ms, total 3ms
02-03 10:48:18.771 D/dalvikvm( 2070): GC_FOR_ALLOC freed 3694K, 40% free 8171K/13500K, paused 3ms, total 3ms
02-03 10:48:18.781 D/dalvikvm( 2070): GC_FOR_ALLOC freed 3799K, 40% free 8174K/13500K, paused 5ms, total 5ms
02-03 10:48:18.791 D/dalvikvm( 2070): GC_FOR_ALLOC freed 3621K, 40% free 8233K/13500K, paused 3ms, total 4ms
02-03 10:48:18.791 D/dalvikvm( 2070): GC_FOR_ALLOC freed 3480K, 40% free 8180K/13500K, paused 3ms, total 3ms
02-03 10:48:18.801 D/dalvikvm( 2070): GC_FOR_ALLOC freed 3678K, 40% free 8182K/13500K, paused 3ms, total 3ms
02-03 10:48:18.801 D/dalvikvm( 2070): GC_FOR_ALLOC freed 3460K, 39% free 8364K/13500K, paused 4ms, total 4ms
02-03 10:48:18.811 D/dalvikvm( 2070): GC_FOR_ALLOC freed 3717K, 40% free 8187K/13500K, paused 3ms, total 3ms
02-03 10:48:18.821 D/dalvikvm( 2070): GC_FOR_ALLOC freed 3608K, 39% free 8252K/13500K, paused 3ms, total 3ms
02-03 10:48:18.821 D/dalvikvm( 2070): GC_FOR_ALLOC freed 3552K, 39% free 8256K/13500K, paused 4ms, total 4ms
02-03 10:48:18.831 D/dalvikvm( 2070): GC_FOR_ALLOC freed 3488K, 40% free 8195K/13500K, paused 3ms, total 3ms
02-03 10:48:18.831 D/dalvikvm( 2070): GC_FOR_ALLOC freed 3351K, 38% free 8394K/13500K, paused 3ms, total 3ms
02-03 10:48:18.841 D/dalvikvm( 2070): GC_FOR_ALLOC freed 3744K, 39% free 8266K/13500K, paused 4ms, total 4ms
02-03 10:48:18.841 D/dalvikvm( 2070): GC_FOR_ALLOC freed 3674K, 40% free 8202K/13500K, paused 3ms, total 3ms
02-03 10:48:18.851 D/dalvikvm( 2070): GC_FOR_ALLOC freed 3526K, 38% free 8412K/13500K, paused 4ms, total 4ms
02-03 10:48:18.861 D/dalvikvm( 2070): GC_FOR_ALLOC freed 3795K, 40% free 8206K/13500K, paused 4ms, total 4ms
02-03 10:48:18.861 D/dalvikvm( 2070): GC_FOR_ALLOC freed 3497K, 40% free 8208K/13500K, paused 5ms, total 5ms
02-03 10:48:18.871 D/dalvikvm( 2070): GC_FOR_ALLOC freed 3548K, 40% free 8210K/13500K, paused 3ms, total 3ms
02-03 10:48:18.881 D/dalvikvm( 2070): GC_FOR_ALLOC freed 3600K, 40% free 8212K/13500K, paused 3ms, total 3ms
02-03 10:48:18.881 D/dalvikvm( 2070): GC_FOR_ALLOC freed 3651K, 40% free 8214K/13500K, paused 3ms, total 3ms
02-03 10:48:18.891 D/dalvikvm( 2070): GC_FOR_ALLOC freed 3322K, 38% free 8443K/13500K, paused 3ms, total 3ms
02-03 10:48:18.891 D/dalvikvm( 2070): GC_FOR_ALLOC freed 3595K, 40% free 8218K/13500K, paused 3ms, total 3ms
02-03 10:48:18.901 D/dalvikvm( 2070): GC_FOR_ALLOC freed 3407K, 39% free 8297K/13500K, paused 3ms, total 3ms
02-03 10:48:18.901 D/dalvikvm( 2070): GC_FOR_ALLOC freed 3291K, 39% free 8300K/13500K, paused 3ms, total 3ms
02-03 10:48:18.911 D/dalvikvm( 2070): GC_FOR_ALLOC freed 3329K, 39% free 8303K/13500K, paused 3ms, total 3ms
02-03 10:48:18.911 D/dalvikvm( 2070): GC_FOR_ALLOC freed 3369K, 39% free 8306K/13500K, paused 3ms, total 3ms
02-03 10:48:18.921 D/dalvikvm( 2070): GC_FOR_ALLOC freed 3408K, 39% free 8308K/13500K, paused 3ms, total 3ms
02-03 10:48:18.931 D/dalvikvm( 2070): GC_FOR_ALLOC freed 3448K, 39% free 8311K/13500K, paused 4ms, total 4ms
02-03 10:48:18.931 D/dalvikvm( 2070): GC_FOR_ALLOC freed 3487K, 39% free 8314K/13500K, paused 4ms, total 4ms
02-03 10:48:18.941 D/dalvikvm( 2070): GC_FOR_ALLOC freed 3528K, 39% free 8317K/13500K, paused 3ms, total 3ms
02-03 10:48:18.941 D/dalvikvm( 2070): GC_FOR_ALLOC freed 3566K, 39% free 8320K/13500K, paused 3ms, total 3ms
02-03 10:48:18.951 D/dalvikvm( 2070): GC_FOR_ALLOC freed 3431K, 39% free 8237K/13500K, paused 4ms, total 4ms
02-03 10:48:18.961 D/dalvikvm( 2070): GC_FOR_ALLOC freed 3639K, 39% free 8239K/13500K, paused 3ms, total 3ms
02-03 10:48:18.961 D/dalvikvm( 2070): GC_FOR_ALLOC freed 3677K, 39% free 8240K/13500K, paused 3ms, total 3ms
02-03 10:48:18.971 D/dalvikvm( 2070): GC_FOR_ALLOC freed 3270K, 37% free 8507K/13500K, paused 3ms, total 3ms
02-03 10:48:18.971 D/dalvikvm( 2070): GC_FOR_ALLOC freed 3120K, 37% free 8511K/13500K, paused 4ms, total 4ms
02-03 10:48:18.981 D/dalvikvm( 2070): GC_FOR_ALLOC freed 3598K, 39% free 8245K/13500K, paused 3ms, total 3ms
02-03 10:48:18.981 D/dalvikvm( 2070): GC_FOR_ALLOC freed 3358K, 37% free 8519K/13500K, paused 4ms, total 4ms
02-03 10:48:18.991 D/dalvikvm( 2070): GC_FOR_ALLOC freed 3204K, 37% free 8523K/13500K, paused 3ms, total 3ms
02-03 10:48:18.991 D/dalvikvm( 2070): GC_FOR_ALLOC freed 3230K, 37% free 8526K/13500K, paused 3ms, total 3ms
02-03 10:48:19.001 D/dalvikvm( 2070): GC_FOR_ALLOC freed 3724K, 39% free 8251K/13500K, paused 4ms, total 4ms
02-03 10:48:19.001 D/dalvikvm( 2070): GC_FOR_ALLOC freed 3286K, 39% free 8253K/13500K, paused 3ms, total 3ms
02-03 10:48:19.011 D/dalvikvm( 2070): GC_FOR_ALLOC freed 3312K, 39% free 8254K/13500K, paused 3ms, total 3ms
02-03 10:48:19.021 D/dalvikvm( 2070): GC_FOR_ALLOC freed 3338K, 39% free 8256K/13500K, paused 3ms, total 3ms
02-03 10:48:19.021 D/dalvikvm( 2070): GC_FOR_ALLOC freed 3365K, 39% free 8257K/13500K, paused 3ms, total 3ms
02-03 10:48:19.031 D/dalvikvm( 2070): GC_FOR_ALLOC freed 3391K, 39% free 8259K/13500K, paused 3ms, total 3ms
02-03 10:48:19.031 D/dalvikvm( 2070): GC_FOR_ALLOC freed 3417K, 39% free 8260K/13500K, paused 4ms, total 4ms
02-03 10:48:19.041 D/dalvikvm( 2070): GC_FOR_ALLOC freed 3443K, 39% free 8262K/13500K, paused 3ms, total 3ms
02-03 10:48:19.051 D/dalvikvm( 2070): GC_FOR_ALLOC freed 3469K, 39% free 8263K/13500K, paused 3ms, total 3ms
02-03 10:48:19.051 D/dalvikvm( 2070): GC_FOR_ALLOC freed 2994K, 37% free 8564K/13500K, paused 3ms, total 3ms
02-03 10:48:19.061 D/dalvikvm( 2070): GC_FOR_ALLOC freed 3316K, 39% free 8266K/13500K, paused 3ms, total 3ms
02-03 10:48:19.061 D/dalvikvm( 2070): GC_FOR_ALLOC freed 3034K, 37% free 8570K/13500K, paused 4ms, total 4ms
02-03 10:48:19.071 D/dalvikvm( 2070): GC_FOR_ALLOC freed 3361K, 39% free 8269K/13500K, paused 3ms, total 3ms
02-03 10:48:19.071 D/dalvikvm( 2070): GC_FOR_ALLOC freed 3076K, 37% free 8577K/13500K, paused 3ms, total 3ms
02-03 10:48:19.081 D/dalvikvm( 2070): GC_FOR_ALLOC freed 3423K, 39% free 8276K/13500K, paused 4ms, total 4ms
02-03 10:48:19.081 D/dalvikvm( 2070): GC_FOR_ALLOC freed 3797K, 38% free 8389K/13500K, paused 3ms, total 3ms
02-03 10:48:19.091 D/dalvikvm( 2070): GC_FOR_ALLOC freed 2902K, 43% free 7825K/13500K, paused 3ms, total 3ms
02-03 10:48:19.091 D/dalvikvm( 2070): GC_FOR_ALLOC freed 8K, 35% free 8842K/13500K, paused 2ms, total 2ms
02-03 10:48:19.101 I/dalvikvm-heap( 2070): Grow heap (frag case) to 9.677MB for 1048592-byte allocation
02-03 10:48:19.101 D/dalvikvm( 2070): GC_FOR_ALLOC freed <1K, 33% free 9866K/14528K, paused 3ms, total 3ms
02-03 10:48:19.101 D/dalvikvm( 2070): GC_FOR_ALLOC freed <1K, 33% free 9866K/14528K, paused 2ms, total 2ms
02-03 10:48:19.101 I/dalvikvm-heap( 2070): Grow heap (frag case) to 10.677MB for 1048592-byte allocation
02-03 10:48:19.101 D/dalvikvm( 2070): GC_FOR_ALLOC freed 0K, 30% free 10890K/15556K, paused 2ms, total 2ms
02-03 10:48:19.171 D/dalvikvm( 2070): GC_CONCURRENT freed 6913K, 49% free 8018K/15556K, paused 0ms+1ms, total 16ms
02-03 10:48:19.171 D/dalvikvm( 2070): WAIT_FOR_CONCURRENT_GC blocked 15ms
02-03 10:48:19.181 D/dalvikvm( 2070): GC_CONCURRENT freed 4029K, 36% free 7995K/12340K, paused 0ms+1ms, total 5ms
02-03 10:48:19.191 D/dalvikvm( 2070): GC_FOR_ALLOC freed 3651K, 35% free 8040K/12340K, paused 3ms, total 4ms
02-03 10:48:19.191 D/dalvikvm( 2070): GC_FOR_ALLOC freed 3446K, 35% free 8033K/12340K, paused 3ms, total 3ms
02-03 10:48:19.201 D/dalvikvm( 2070): GC_FOR_ALLOC freed 3258K, 35% free 8095K/12340K, paused 4ms, total 4ms
02-03 10:48:19.211 D/dalvikvm( 2070): GC_FOR_ALLOC freed 3169K, 36% free 8014K/12340K, paused 3ms, total 3ms
02-03 10:48:19.211 D/dalvikvm( 2070): GC_FOR_ALLOC freed 3104K, 35% free 8109K/12340K, paused 3ms, total 3ms
02-03 10:48:19.221 D/dalvikvm( 2070): GC_FOR_ALLOC freed 2943K, 36% free 8014K/12340K, paused 4ms, total 4ms
02-03 10:48:19.221 D/dalvikvm( 2070): GC_FOR_ALLOC freed 2933K, 36% free 8014K/12340K, paused 3ms, total 3ms
02-03 10:48:19.231 D/dalvikvm( 2070): GC_FOR_ALLOC freed 2892K, 35% free 8054K/12340K, paused 3ms, total 3ms
02-03 10:48:19.241 D/dalvikvm( 2070): GC_FOR_ALLOC freed 2869K, 36% free 8020K/12340K, paused 3ms, total 3ms
02-03 10:48:19.241 D/dalvikvm( 2070): GC_FOR_ALLOC freed 2867K, 35% free 8144K/12340K, paused 3ms, total 3ms
02-03 10:48:19.251 D/dalvikvm( 2070): GC_FOR_ALLOC freed 2900K, 35% free 8068K/12340K, paused 3ms, total 3ms
02-03 10:48:19.251 D/dalvikvm( 2070): GC_FOR_ALLOC freed 2920K, 35% free 8029K/12340K, paused 3ms, total 3ms
02-03 10:48:19.261 D/dalvikvm( 2070): GC_FOR_ALLOC freed 2793K, 35% free 8032K/12340K, paused 3ms, total 3ms
02-03 10:48:19.261 D/dalvikvm( 2070): GC_FOR_ALLOC freed 2646K, 35% free 8080K/12340K, paused 3ms, total 3ms
02-03 10:48:19.271 D/dalvikvm( 2070): GC_FOR_ALLOC freed 2861K, 35% free 8037K/12340K, paused 3ms, total 3ms
02-03 10:48:19.271 D/dalvikvm( 2070): GC_FOR_ALLOC freed 2793K, 35% free 8088K/12340K, paused 3ms, total 4ms
02-03 10:48:19.281 D/dalvikvm( 2070): GC_FOR_ALLOC freed 2765K, 34% free 8191K/12340K, paused 3ms, total 3ms
02-03 10:48:19.291 D/dalvikvm( 2070): GC_FOR_ALLOC freed 2730K, 35% free 8044K/12340K, paused 4ms, total 4ms
02-03 10:48:19.291 D/dalvikvm( 2070): GC_FOR_ALLOC freed 2635K, 34% free 8202K/12340K, paused 3ms, total 3ms
02-03 10:48:19.301 D/dalvikvm( 2070): GC_FOR_ALLOC freed 2584K, 34% free 8207K/12340K, paused 3ms, total 3ms
02-03 10:48:19.301 D/dalvikvm( 2070): GC_FOR_ALLOC freed 2635K, 35% free 8104K/12340K, paused 3ms, total 3ms
02-03 10:48:19.311 D/dalvikvm( 2070): GC_FOR_ALLOC freed 2687K, 35% free 8107K/12340K, paused 3ms, total 3ms
02-03 10:48:19.311 D/dalvikvm( 2070): GC_FOR_ALLOC freed 2625K, 35% free 8055K/12340K, paused 3ms, total 3ms
02-03 10:48:19.321 D/dalvikvm( 2070): GC_FOR_ALLOC freed 2787K, 35% free 8057K/12340K, paused 3ms, total 3ms
02-03 10:48:19.321 D/dalvikvm( 2070): GC_FOR_ALLOC freed 2546K, 35% free 8116K/12340K, paused 3ms, total 3ms
02-03 10:48:19.331 D/dalvikvm( 2070): GC_FOR_ALLOC freed 2469K, 35% free 8119K/12340K, paused 4ms, total 4ms
02-03 10:48:19.331 D/dalvikvm( 2070): GC_FOR_ALLOC freed 2507K, 35% free 8122K/12340K, paused 3ms, total 4ms
02-03 10:48:19.331 D/dalvikvm( 2070): GC_FOR_ALLOC freed 2423K, 35% free 8064K/12340K, paused 3ms, total 3ms
02-03 10:48:19.341 D/dalvikvm( 2070): GC_FOR_ALLOC freed 2580K, 35% free 8066K/12340K, paused 3ms, total 3ms
02-03 10:48:19.341 D/dalvikvm( 2070): GC_FOR_ALLOC freed 2618K, 35% free 8068K/12340K, paused 3ms, total 3ms
02-03 10:48:19.351 D/dalvikvm( 2070): GC_FOR_ALLOC freed 2656K, 35% free 8069K/12340K, paused 3ms, total 3ms
02-03 10:48:19.361 D/dalvikvm( 2070): GC_FOR_ALLOC freed 2370K, 35% free 8135K/12340K, paused 3ms, total 3ms
02-03 10:48:19.361 D/dalvikvm( 2070): GC_FOR_ALLOC freed 2269K, 35% free 8137K/12340K, paused 3ms, total 3ms
02-03 10:48:19.371 D/dalvikvm( 2070): GC_FOR_ALLOC freed 2295K, 35% free 8139K/12340K, paused 5ms, total 5ms
02-03 10:48:19.371 D/dalvikvm( 2070): GC_FOR_ALLOC freed 2322K, 35% free 8141K/12340K, paused 3ms, total 3ms
02-03 10:48:19.381 D/dalvikvm( 2070): GC_FOR_ALLOC freed 2348K, 35% free 8144K/12340K, paused 3ms, total 3ms
02-03 10:48:19.381 D/dalvikvm( 2070): GC_FOR_ALLOC freed 2374K, 34% free 8146K/12340K, paused 3ms, total 3ms
02-03 10:48:19.391 D/dalvikvm( 2070): GC_FOR_ALLOC freed 2400K, 34% free 8148K/12340K, paused 4ms, total 4ms
02-03 10:48:19.391 D/dalvikvm( 2070): GC_FOR_ALLOC freed 2426K, 34% free 8150K/12340K, paused 3ms, total 3ms
02-03 10:48:19.401 D/dalvikvm( 2070): GC_FOR_ALLOC freed 2452K, 34% free 8152K/12340K, paused 3ms, total 3ms
02-03 10:48:19.401 D/dalvikvm( 2070): GC_FOR_ALLOC freed 2336K, 35% free 8084K/12340K, paused 3ms, total 3ms
02-03 10:48:19.411 D/dalvikvm( 2070): GC_FOR_ALLOC freed 2503K, 35% free 8086K/12340K, paused 3ms, total 3ms
02-03 10:48:19.411 D/dalvikvm( 2070): GC_FOR_ALLOC freed 2529K, 35% free 8087K/12340K, paused 4ms, total 4ms
02-03 10:48:19.411 D/dalvikvm( 2070): GC_FOR_ALLOC freed 2555K, 35% free 8089K/12340K, paused 3ms, total 3ms
02-03 10:48:19.421 D/dalvikvm( 2070): GC_FOR_ALLOC freed 2582K, 35% free 8090K/12340K, paused 3ms, total 3ms
02-03 10:48:19.421 D/dalvikvm( 2070): GC_FOR_ALLOC freed 2608K, 35% free 8092K/12340K, paused 3ms, total 3ms
02-03 10:48:19.431 D/dalvikvm( 2070): GC_FOR_ALLOC freed 2256K, 34% free 8168K/12340K, paused 3ms, total 3ms
02-03 10:48:19.441 D/dalvikvm( 2070): GC_FOR_ALLOC freed 2123K, 33% free 8321K/12340K, paused 4ms, total 4ms
02-03 10:48:19.441 D/dalvikvm( 2070): GC_FOR_ALLOC freed 2140K, 33% free 8324K/12340K, paused 3ms, total 3ms
02-03 10:48:19.441 D/dalvikvm( 2070): GC_FOR_ALLOC freed 2156K, 33% free 8327K/12340K, paused 3ms, total 3ms
02-03 10:48:19.451 D/dalvikvm( 2070): GC_FOR_ALLOC freed 2173K, 33% free 8330K/12340K, paused 4ms, total 4ms
02-03 10:48:19.461 D/dalvikvm( 2070): GC_FOR_ALLOC freed 2190K, 33% free 8333K/12340K, paused 3ms, total 3ms
02-03 10:48:19.461 D/dalvikvm( 2070): GC_FOR_ALLOC freed 2207K, 33% free 8336K/12340K, paused 3ms, total 3ms
02-03 10:48:19.461 D/dalvikvm( 2070): GC_FOR_ALLOC freed 2223K, 33% free 8339K/12340K, paused 3ms, total 3ms
02-03 10:48:19.471 D/dalvikvm( 2070): GC_FOR_ALLOC freed 2241K, 33% free 8343K/12340K, paused 3ms, total 3ms
02-03 10:48:19.471 D/dalvikvm( 2070): GC_FOR_ALLOC freed 2259K, 33% free 8346K/12340K, paused 3ms, total 3ms
02-03 10:48:19.481 D/dalvikvm( 2070): GC_FOR_ALLOC freed 2276K, 33% free 8349K/12340K, paused 3ms, total 3ms
02-03 10:48:19.481 D/dalvikvm( 2070): GC_FOR_ALLOC freed 2294K, 33% free 8352K/12340K, paused 3ms, total 3ms
02-03 10:48:19.491 D/dalvikvm( 2070): GC_FOR_ALLOC freed 2311K, 34% free 8190K/12340K, paused 3ms, total 3ms
02-03 10:48:19.491 D/dalvikvm( 2070): GC_FOR_ALLOC freed 2329K, 33% free 8358K/12340K, paused 3ms, total 3ms
02-03 10:48:19.501 D/dalvikvm( 2070): GC_FOR_ALLOC freed 2348K, 34% free 8194K/12340K, paused 3ms, total 3ms
02-03 10:48:19.501 D/dalvikvm( 2070): GC_FOR_ALLOC freed 2364K, 33% free 8364K/12340K, paused 3ms, total 3ms
02-03 10:48:19.511 D/dalvikvm( 2070): GC_FOR_ALLOC freed 2381K, 34% free 8197K/12340K, paused 3ms, total 3ms
02-03 10:48:19.511 D/dalvikvm( 2070): GC_FOR_ALLOC freed 2398K, 34% free 8199K/12340K, paused 3ms, total 3ms
02-03 10:48:19.521 D/dalvikvm( 2070): GC_FOR_ALLOC freed 2242K, 35% free 8115K/12340K, paused 4ms, total 4ms
02-03 10:48:19.521 D/dalvikvm( 2070): GC_FOR_ALLOC freed 2430K, 35% free 8116K/12340K, paused 3ms, total 3ms
02-03 10:48:19.531 D/dalvikvm( 2070): GC_FOR_ALLOC freed 2447K, 35% free 8117K/12340K, paused 3ms, total 3ms
02-03 10:48:19.531 D/dalvikvm( 2070): GC_FOR_ALLOC freed 2464K, 35% free 8119K/12340K, paused 4ms, total 5ms
02-03 10:48:19.541 D/dalvikvm( 2070): GC_FOR_ALLOC freed 2480K, 35% free 8120K/12340K, paused 3ms, total 3ms
02-03 10:48:19.541 D/dalvikvm( 2070): GC_FOR_ALLOC freed 2497K, 35% free 8121K/12340K, paused 3ms, total 3ms
02-03 10:48:19.551 D/dalvikvm( 2070): GC_FOR_ALLOC freed 2063K, 33% free 8391K/12340K, paused 3ms, total 3ms
02-03 10:48:19.551 D/dalvikvm( 2070): GC_FOR_ALLOC freed 2347K, 35% free 8123K/12340K, paused 3ms, total 3ms
02-03 10:48:19.561 D/dalvikvm( 2070): GC_FOR_ALLOC freed 1906K, 35% free 8124K/12340K, paused 3ms, total 3ms
02-03 10:48:19.561 D/dalvikvm( 2070): GC_FOR_ALLOC freed 2098K, 32% free 8398K/12340K, paused 3ms, total 3ms
02-03 10:48:19.571 D/dalvikvm( 2070): GC_FOR_ALLOC freed 2386K, 35% free 8126K/12340K, paused 3ms, total 3ms
02-03 10:48:19.571 D/dalvikvm( 2070): GC_FOR_ALLOC freed 2122K, 32% free 8403K/12340K, paused 4ms, total 4ms
02-03 10:48:19.571 D/dalvikvm( 2070): GC_FOR_ALLOC freed 2413K, 35% free 8128K/12340K, paused 3ms, total 3ms
02-03 10:48:19.581 D/dalvikvm( 2070): GC_FOR_ALLOC freed 2146K, 32% free 8409K/12340K, paused 3ms, total 3ms
02-03 10:48:19.581 D/dalvikvm( 2070): GC_FOR_ALLOC freed 2440K, 35% free 8130K/12340K, paused 3ms, total 3ms
02-03 10:48:19.591 D/dalvikvm( 2070): GC_FOR_ALLOC freed 2170K, 34% free 8225K/12340K, paused 3ms, total 3ms
02-03 10:48:19.591 D/dalvikvm( 2070): GC_FOR_ALLOC freed 2467K, 35% free 8132K/12340K, paused 3ms, total 3ms
02-03 10:48:19.601 D/dalvikvm( 2070): GC_FOR_ALLOC freed 2194K, 34% free 8228K/12340K, paused 4ms, total 4ms
02-03 10:48:19.601 D/dalvikvm( 2070): GC_FOR_ALLOC freed 2494K, 35% free 8134K/12340K, paused 3ms, total 3ms
02-03 10:48:19.611 D/dalvikvm( 2070): GC_FOR_ALLOC freed 2218K, 34% free 8231K/12340K, paused 3ms, total 3ms
02-03 10:48:19.611 D/dalvikvm( 2070): GC_FOR_ALLOC freed 2522K, 35% free 8136K/12340K, paused 4ms, total 4ms
02-03 10:48:19.621 D/dalvikvm( 2070): GC_FOR_ALLOC freed 2242K, 34% free 8234K/12340K, paused 3ms, total 3ms
02-03 10:48:19.621 D/dalvikvm( 2070): GC_FOR_ALLOC freed 2549K, 35% free 8139K/12340K, paused 4ms, total 4ms
02-03 10:48:19.631 D/dalvikvm( 2070): GC_FOR_ALLOC freed 2266K, 34% free 8238K/12340K, paused 3ms, total 3ms
02-03 10:48:19.631 D/dalvikvm( 2070): GC_FOR_ALLOC freed 2079K, 32% free 8437K/12340K, paused 3ms, total 3ms
02-03 10:48:19.641 D/dalvikvm( 2070): GC_FOR_ALLOC freed 2588K, 36% free 8142K/12540K, paused 4ms, total 4ms
02-03 10:48:19.641 D/dalvikvm( 2070): GC_FOR_ALLOC freed 2300K, 35% free 8242K/12540K, paused 3ms, total 3ms
02-03 10:48:19.651 D/dalvikvm( 2070): GC_FOR_ALLOC freed 2110K, 33% free 8444K/12540K, paused 3ms, total 3ms
02-03 10:48:19.651 D/dalvikvm( 2070): GC_FOR_ALLOC freed 2120K, 33% free 8447K/12540K, paused 3ms, total 3ms
02-03 10:48:19.661 D/dalvikvm( 2070): GC_FOR_ALLOC freed 2129K, 33% free 8449K/12540K, paused 3ms, total 3ms
02-03 10:48:19.661 D/dalvikvm( 2070): GC_FOR_ALLOC freed 2139K, 33% free 8451K/12540K, paused 4ms, total 4ms
02-03 10:48:19.671 D/dalvikvm( 2070): GC_FOR_ALLOC freed 2149K, 33% free 8454K/12540K, paused 3ms, total 3ms
02-03 10:48:19.671 D/dalvikvm( 2070): GC_FOR_ALLOC freed 2159K, 33% free 8456K/12540K, paused 3ms, total 3ms
02-03 10:48:19.671 D/dalvikvm( 2070): GC_FOR_ALLOC freed 2168K, 33% free 8458K/12540K, paused 3ms, total 3ms
02-03 10:48:19.681 D/dalvikvm( 2070): GC_FOR_ALLOC freed 2796K, 34% free 8276K/12540K, paused 4ms, total 4ms
02-03 10:48:19.691 D/dalvikvm( 2070): GC_FOR_ALLOC freed 1550K, 33% free 8506K/12540K, paused 3ms, total 3ms
02-03 10:48:19.691 D/dalvikvm( 2070): GC_FOR_ALLOC freed 2114K, 35% free 8172K/12540K, paused 3ms, total 3ms
02-03 10:48:19.701 D/dalvikvm( 2070): GC_FOR_ALLOC freed 720K, 30% free 8812K/12540K, paused 5ms, total 5ms
02-03 10:48:19.701 I/dalvikvm-heap( 2070): Grow heap (frag case) to 9.648MB for 1048592-byte allocation
02-03 10:48:19.701 D/dalvikvm( 2070): GC_FOR_ALLOC freed <1K, 28% free 9836K/13568K, paused 3ms, total 3ms
02-03 10:48:19.701 D/dalvikvm( 2070): GC_FOR_ALLOC freed <1K, 28% free 9836K/13568K, paused 2ms, total 2ms
02-03 10:48:19.711 I/dalvikvm-heap( 2070): Grow heap (frag case) to 10.648MB for 1048592-byte allocation
02-03 10:48:19.711 D/dalvikvm( 2070): GC_FOR_ALLOC freed 0K, 26% free 10860K/14596K, paused 2ms, total 2ms
02-03 10:48:20.241 D/dalvikvm( 2070): GC_CONCURRENT freed 6875K, 47% free 8026K/14984K, paused 1ms+1ms, total 17ms
02-03 10:48:20.241 D/dalvikvm( 2070): WAIT_FOR_CONCURRENT_GC blocked 16ms
02-03 10:48:20.251 D/dalvikvm( 2070): GC_CONCURRENT freed 4076K, 36% free 8024K/12480K, paused 1ms+1ms, total 5ms
02-03 10:48:20.251 D/dalvikvm( 2070): WAIT_FOR_CONCURRENT_GC blocked 4ms
02-03 10:48:20.261 D/dalvikvm( 2070): GC_FOR_ALLOC freed 3750K, 36% free 8049K/12480K, paused 3ms, total 3ms
02-03 10:48:20.271 D/dalvikvm( 2070): GC_FOR_ALLOC freed 3591K, 36% free 8019K/12480K, paused 3ms, total 3ms
02-03 10:48:20.271 D/dalvikvm( 2070): GC_FOR_ALLOC freed 3356K, 36% free 8049K/12480K, paused 3ms, total 3ms
02-03 10:48:20.281 D/dalvikvm( 2070): GC_FOR_ALLOC freed 3202K, 36% free 8023K/12480K, paused 4ms, total 4ms
02-03 10:48:20.291 D/dalvikvm( 2070): GC_FOR_ALLOC freed 3297K, 36% free 8023K/12480K, paused 5ms, total 5ms
02-03 10:48:20.291 D/dalvikvm( 2070): GC_FOR_ALLOC freed 3048K, 36% free 8023K/12480K, paused 3ms, total 3ms
02-03 10:48:20.301 D/dalvikvm( 2070): GC_FOR_ALLOC freed 3043K, 36% free 8058K/12480K, paused 3ms, total 3ms
02-03 10:48:20.301 D/dalvikvm( 2070): GC_FOR_ALLOC freed 3049K, 36% free 8022K/12480K, paused 3ms, total 3ms
02-03 10:48:20.311 D/dalvikvm( 2070): GC_FOR_ALLOC freed 2990K, 36% free 8025K/12480K, paused 3ms, total 3ms
02-03 10:48:20.311 D/dalvikvm( 2070): GC_FOR_ALLOC freed 3118K, 36% free 8029K/12480K, paused 3ms, total 3ms
02-03 10:48:20.321 D/dalvikvm( 2070): GC_FOR_ALLOC freed 3037K, 36% free 8074K/12480K, paused 4ms, total 4ms
02-03 10:48:20.331 D/dalvikvm( 2070): GC_FOR_ALLOC freed 2970K, 36% free 8035K/12480K, paused 3ms, total 3ms
02-03 10:48:20.331 D/dalvikvm( 2070): GC_FOR_ALLOC freed 2931K, 35% free 8174K/12480K, paused 3ms, total 3ms
02-03 10:48:20.341 D/dalvikvm( 2070): GC_FOR_ALLOC freed 2927K, 36% free 8087K/12480K, paused 4ms, total 4ms
02-03 10:48:20.341 D/dalvikvm( 2070): GC_FOR_ALLOC freed 2915K, 36% free 8043K/12480K, paused 3ms, total 3ms
02-03 10:48:20.351 D/dalvikvm( 2070): GC_FOR_ALLOC freed 2746K, 36% free 8045K/12480K, paused 3ms, total 3ms
02-03 10:48:20.351 D/dalvikvm( 2070): GC_FOR_ALLOC freed 2813K, 36% free 8048K/12480K, paused 5ms, total 5ms
02-03 10:48:20.361 D/dalvikvm( 2070): GC_FOR_ALLOC freed 2880K, 36% free 8050K/12480K, paused 3ms, total 3ms
02-03 10:48:20.361 D/dalvikvm( 2070): GC_FOR_ALLOC freed 2947K, 36% free 8053K/12480K, paused 4ms, total 4ms
02-03 10:48:20.371 D/dalvikvm( 2070): GC_FOR_ALLOC freed 3014K, 36% free 8055K/12480K, paused 4ms, total 4ms
02-03 10:48:20.381 D/dalvikvm( 2070): GC_FOR_ALLOC freed 2802K, 35% free 8222K/12480K, paused 3ms, total 3ms
02-03 10:48:20.381 D/dalvikvm( 2070): GC_FOR_ALLOC freed 2745K, 35% free 8115K/12480K, paused 3ms, total 3ms
02-03 10:48:20.391 D/dalvikvm( 2070): GC_FOR_ALLOC freed 2394K, 35% free 8232K/12480K, paused 3ms, total 3ms
02-03 10:48:20.391 D/dalvikvm( 2070): GC_FOR_ALLOC freed 2431K, 34% free 8237K/12480K, paused 3ms, total 3ms
02-03 10:48:20.401 D/dalvikvm( 2070): GC_FOR_ALLOC freed 2469K, 34% free 8241K/12480K, paused 3ms, total 3ms
02-03 10:48:20.401 D/dalvikvm( 2070): GC_FOR_ALLOC freed 2507K, 34% free 8246K/12480K, paused 3ms, total 3ms
02-03 10:48:20.411 D/dalvikvm( 2070): GC_FOR_ALLOC freed 2544K, 34% free 8250K/12480K, paused 3ms, total 3ms
02-03 10:48:20.411 D/dalvikvm( 2070): GC_FOR_ALLOC freed 2582K, 34% free 8255K/12480K, paused 4ms, total 4ms
02-03 10:48:20.421 D/dalvikvm( 2070): GC_FOR_ALLOC freed 2620K, 35% free 8134K/12480K, paused 3ms, total 3ms
02-03 10:48:20.421 D/dalvikvm( 2070): GC_FOR_ALLOC freed 2657K, 35% free 8137K/12480K, paused 3ms, total 3ms
02-03 10:48:20.431 D/dalvikvm( 2070): GC_FOR_ALLOC freed 2566K, 36% free 8075K/12480K, paused 3ms, total 3ms
02-03 10:48:20.431 D/dalvikvm( 2070): GC_FOR_ALLOC freed 2403K, 34% free 8272K/12480K, paused 4ms, total 4ms
02-03 10:48:20.441 D/dalvikvm( 2070): GC_FOR_ALLOC freed 2632K, 36% free 8079K/12480K, paused 3ms, total 3ms
02-03 10:48:20.441 D/dalvikvm( 2070): GC_FOR_ALLOC freed 2464K, 34% free 8280K/12480K, paused 3ms, total 3ms
02-03 10:48:20.451 D/dalvikvm( 2070): GC_FOR_ALLOC freed 2698K, 36% free 8082K/12480K, paused 4ms, total 5ms
02-03 10:48:20.461 D/dalvikvm( 2070): GC_FOR_ALLOC freed 2525K, 34% free 8288K/12480K, paused 3ms, total 3ms
02-03 10:48:20.461 D/dalvikvm( 2070): GC_FOR_ALLOC freed 2763K, 36% free 8085K/12480K, paused 3ms, total 3ms
02-03 10:48:20.471 D/dalvikvm( 2070): GC_FOR_ALLOC freed 2586K, 34% free 8296K/12480K, paused 3ms, total 3ms
02-03 10:48:20.471 D/dalvikvm( 2070): GC_FOR_ALLOC freed 2473K, 35% free 8158K/12480K, paused 3ms, total 3ms
02-03 10:48:20.481 D/dalvikvm( 2070): GC_FOR_ALLOC freed 2356K, 36% free 8090K/12480K, paused 3ms, total 3ms
02-03 10:48:20.481 D/dalvikvm( 2070): GC_FOR_ALLOC freed 2524K, 36% free 8091K/12480K, paused 3ms, total 3ms
02-03 10:48:20.491 D/dalvikvm( 2070): GC_FOR_ALLOC freed 2550K, 36% free 8093K/12480K, paused 3ms, total 3ms
02-03 10:48:20.491 D/dalvikvm( 2070): GC_FOR_ALLOC freed 2576K, 36% free 8094K/12480K, paused 3ms, total 3ms
02-03 10:48:20.501 D/dalvikvm( 2070): GC_FOR_ALLOC freed 2602K, 36% free 8096K/12480K, paused 3ms, total 4ms
02-03 10:48:20.501 D/dalvikvm( 2070): GC_FOR_ALLOC freed 2251K, 34% free 8322K/12480K, paused 3ms, total 3ms
02-03 10:48:20.511 D/dalvikvm( 2070): GC_FOR_ALLOC freed 2499K, 36% free 8098K/12480K, paused 3ms, total 3ms
02-03 10:48:20.511 D/dalvikvm( 2070): GC_FOR_ALLOC freed 2291K, 34% free 8328K/12480K, paused 3ms, total 3ms
02-03 10:48:20.521 D/dalvikvm( 2070): GC_FOR_ALLOC freed 2543K, 36% free 8101K/12480K, paused 3ms, total 3ms
02-03 10:48:20.521 D/dalvikvm( 2070): GC_FOR_ALLOC freed 2332K, 34% free 8335K/12480K, paused 3ms, total 3ms
02-03 10:48:20.531 D/dalvikvm( 2070): GC_FOR_ALLOC freed 2588K, 36% free 8104K/12480K, paused 3ms, total 3ms
02-03 10:48:20.531 D/dalvikvm( 2070): GC_FOR_ALLOC freed 2372K, 34% free 8342K/12480K, paused 4ms, total 4ms
02-03 10:48:20.541 D/dalvikvm( 2070): GC_FOR_ALLOC freed 2632K, 36% free 8106K/12480K, paused 3ms, total 3ms
02-03 10:48:20.541 D/dalvikvm( 2070): GC_FOR_ALLOC freed 2415K, 34% free 8349K/12480K, paused 3ms, total 3ms
02-03 10:48:20.551 D/dalvikvm( 2070): GC_FOR_ALLOC freed 2680K, 36% free 8109K/12480K, paused 3ms, total 3ms
02-03 10:48:20.551 D/dalvikvm( 2070): GC_FOR_ALLOC freed 2457K, 34% free 8356K/12480K, paused 3ms, total 3ms
02-03 10:48:20.561 D/dalvikvm( 2070): GC_FOR_ALLOC freed 2311K, 34% free 8359K/12480K, paused 3ms, total 3ms
02-03 10:48:20.561 D/dalvikvm( 2070): GC_FOR_ALLOC freed 2329K, 35% free 8196K/12480K, paused 3ms, total 3ms
02-03 10:48:20.571 D/dalvikvm( 2070): GC_FOR_ALLOC freed 2348K, 33% free 8366K/12480K, paused 3ms, total 3ms
02-03 10:48:20.571 D/dalvikvm( 2070): GC_FOR_ALLOC freed 2364K, 35% free 8200K/12480K, paused 4ms, total 4ms
02-03 10:48:20.581 D/dalvikvm( 2070): GC_FOR_ALLOC freed 2381K, 33% free 8372K/12480K, paused 3ms, total 3ms
02-03 10:48:20.581 D/dalvikvm( 2070): GC_FOR_ALLOC freed 2398K, 35% free 8203K/12480K, paused 3ms, total 3ms
02-03 10:48:20.591 D/dalvikvm( 2070): GC_FOR_ALLOC freed 2415K, 33% free 8378K/12480K, paused 3ms, total 3ms
02-03 10:48:20.591 D/dalvikvm( 2070): GC_FOR_ALLOC freed 2431K, 35% free 8207K/12480K, paused 3ms, total 3ms
02-03 10:48:20.601 D/dalvikvm( 2070): GC_FOR_ALLOC freed 2448K, 33% free 8384K/12480K, paused 3ms, total 3ms
02-03 10:48:20.601 D/dalvikvm( 2070): GC_FOR_ALLOC freed 2465K, 35% free 8210K/12480K, paused 4ms, total 4ms
02-03 10:48:20.611 D/dalvikvm( 2070): GC_FOR_ALLOC freed 2481K, 33% free 8390K/12480K, paused 4ms, total 4ms
02-03 10:48:20.611 D/dalvikvm( 2070): GC_FOR_ALLOC freed 2498K, 35% free 8214K/12480K, paused 3ms, total 3ms
02-03 10:48:20.621 D/dalvikvm( 2070): GC_FOR_ALLOC freed 2335K, 35% free 8126K/12480K, paused 5ms, total 5ms
02-03 10:48:20.621 D/dalvikvm( 2070): GC_FOR_ALLOC freed 2077K, 33% free 8398K/12480K, paused 4ms, total 4ms
02-03 10:48:20.631 D/dalvikvm( 2070): GC_FOR_ALLOC freed 2362K, 35% free 8128K/12480K, paused 3ms, total 3ms
02-03 10:48:20.631 D/dalvikvm( 2070): GC_FOR_ALLOC freed 2101K, 33% free 8403K/12480K, paused 3ms, total 3ms
02-03 10:48:20.641 D/dalvikvm( 2070): GC_FOR_ALLOC freed 2389K, 35% free 8131K/12480K, paused 4ms, total 4ms
02-03 10:48:20.641 D/dalvikvm( 2070): GC_FOR_ALLOC freed 2125K, 33% free 8408K/12480K, paused 3ms, total 3ms
02-03 10:48:20.651 D/dalvikvm( 2070): GC_FOR_ALLOC freed 2417K, 35% free 8133K/12480K, paused 3ms, total 3ms
02-03 10:48:20.651 D/dalvikvm( 2070): GC_FOR_ALLOC freed 2149K, 33% free 8413K/12480K, paused 3ms, total 3ms
02-03 10:48:20.661 D/dalvikvm( 2070): GC_FOR_ALLOC freed 2444K, 35% free 8135K/12480K, paused 3ms, total 3ms
02-03 10:48:20.661 D/dalvikvm( 2070): GC_FOR_ALLOC freed 2173K, 33% free 8419K/12480K, paused 3ms, total 3ms
02-03 10:48:20.671 D/dalvikvm( 2070): GC_FOR_ALLOC freed 2471K, 35% free 8137K/12480K, paused 3ms, total 3ms
02-03 10:48:20.671 D/dalvikvm( 2070): GC_FOR_ALLOC freed 2197K, 33% free 8424K/12480K, paused 3ms, total 3ms
02-03 10:48:20.681 D/dalvikvm( 2070): GC_FOR_ALLOC freed 2498K, 35% free 8139K/12480K, paused 4ms, total 4ms
02-03 10:48:20.681 D/dalvikvm( 2070): GC_FOR_ALLOC freed 2221K, 33% free 8429K/12480K, paused 3ms, total 3ms
02-03 10:48:20.691 D/dalvikvm( 2070): GC_FOR_ALLOC freed 2525K, 35% free 8141K/12480K, paused 4ms, total 4ms
02-03 10:48:20.691 D/dalvikvm( 2070): GC_FOR_ALLOC freed 2245K, 33% free 8434K/12480K, paused 3ms, total 3ms
02-03 10:48:20.701 D/dalvikvm( 2070): GC_FOR_ALLOC freed 2553K, 35% free 8143K/12480K, paused 4ms, total 4ms
02-03 10:48:20.701 D/dalvikvm( 2070): GC_FOR_ALLOC freed 2269K, 33% free 8440K/12480K, paused 5ms, total 5ms
02-03 10:48:20.711 D/dalvikvm( 2070): GC_FOR_ALLOC freed 2580K, 35% free 8145K/12480K, paused 3ms, total 3ms
02-03 10:48:20.711 D/dalvikvm( 2070): GC_FOR_ALLOC freed 2293K, 34% free 8245K/12480K, paused 4ms, total 4ms
02-03 10:48:20.721 D/dalvikvm( 2070): GC_FOR_ALLOC freed 2104K, 34% free 8247K/12480K, paused 3ms, total 3ms
02-03 10:48:20.721 D/dalvikvm( 2070): GC_FOR_ALLOC freed 2114K, 33% free 8449K/12480K, paused 3ms, total 3ms
02-03 10:48:20.731 D/dalvikvm( 2070): GC_FOR_ALLOC freed 2123K, 33% free 8452K/12480K, paused 4ms, total 4ms
02-03 10:48:20.731 D/dalvikvm( 2070): GC_FOR_ALLOC freed 2132K, 34% free 8251K/12480K, paused 3ms, total 3ms
02-03 10:48:20.731 D/dalvikvm( 2070): GC_FOR_ALLOC freed 2142K, 34% free 8252K/12480K, paused 3ms, total 3ms
02-03 10:48:20.741 D/dalvikvm( 2070): GC_FOR_ALLOC freed 2152K, 33% free 8459K/12480K, paused 3ms, total 3ms
02-03 10:48:20.741 D/dalvikvm( 2070): GC_FOR_ALLOC freed 2162K, 33% free 8461K/12480K, paused 4ms, total 4ms
02-03 10:48:20.751 D/dalvikvm( 2070): GC_FOR_ALLOC freed 2205K, 35% free 8149K/12480K, paused 3ms, total 3ms
02-03 10:48:20.761 D/dalvikvm( 2070): GC_FOR_ALLOC freed 2596K, 35% free 8168K/12480K, paused 3ms, total 3ms
02-03 10:48:20.761 D/dalvikvm( 2070): GC_FOR_ALLOC freed 1780K, 34% free 8279K/12480K, paused 3ms, total 3ms
02-03 10:48:20.771 D/dalvikvm( 2070): GC_FOR_ALLOC freed 2055K, 38% free 7783K/12480K, paused 3ms, total 3ms
02-03 10:48:20.771 I/dalvikvm-heap( 2070): Grow heap (frag case) to 8.644MB for 1048592-byte allocation
02-03 10:48:20.771 D/dalvikvm( 2070): GC_FOR_ALLOC freed <1K, 35% free 8807K/13508K, paused 3ms, total 3ms
02-03 10:48:20.771 D/dalvikvm( 2070): GC_FOR_ALLOC freed 4K, 35% free 8804K/13508K, paused 3ms, total 3ms
02-03 10:48:20.771 I/dalvikvm-heap( 2070): Grow heap (frag case) to 9.640MB for 1048592-byte allocation
02-03 10:48:20.781 D/dalvikvm( 2070): GC_FOR_ALLOC freed <1K, 33% free 9828K/14536K, paused 3ms, total 3ms
02-03 10:48:20.781 D/dalvikvm( 2070): GC_FOR_ALLOC freed <1K, 33% free 9828K/14536K, paused 3ms, total 3ms
02-03 10:48:20.781 I/dalvikvm-heap( 2070): Grow heap (frag case) to 10.640MB for 1048592-byte allocation
02-03 10:48:20.781 D/dalvikvm( 2070): GC_FOR_ALLOC freed 0K, 31% free 10852K/15564K, paused 4ms, total 4ms
02-03 10:48:21.211 D/dalvikvm( 2070): GC_CONCURRENT freed 6895K, 49% free 8027K/15564K, paused 1ms+2ms, total 18ms
02-03 10:48:21.211 D/dalvikvm( 2070): WAIT_FOR_CONCURRENT_GC blocked 17ms
02-03 10:48:21.221 D/dalvikvm( 2070): GC_FOR_ALLOC freed 4125K, 36% free 7995K/12456K, paused 5ms, total 5ms
02-03 10:48:21.221 D/dalvikvm( 2070): GC_CONCURRENT freed 2428K, 34% free 8254K/12456K, paused 0ms+1ms, total 5ms
02-03 10:48:21.231 D/dalvikvm( 2070): GC_FOR_ALLOC freed 3722K, 36% free 8081K/12456K, paused 4ms, total 4ms
02-03 10:48:21.231 D/dalvikvm( 2070): GC_FOR_ALLOC freed 3322K, 36% free 8095K/12456K, paused 3ms, total 3ms
02-03 10:48:21.241 D/dalvikvm( 2070): GC_FOR_ALLOC freed 3307K, 36% free 8017K/12456K, paused 4ms, total 4ms
02-03 10:48:21.251 D/dalvikvm( 2070): GC_FOR_ALLOC freed 3218K, 36% free 8018K/12456K, paused 4ms, total 4ms
02-03 10:48:21.251 D/dalvikvm( 2070): GC_FOR_ALLOC freed 3047K, 36% free 8050K/12456K, paused 3ms, total 3ms
02-03 10:48:21.261 D/dalvikvm( 2070): GC_FOR_ALLOC freed 2912K, 35% free 8122K/12456K, paused 4ms, total 4ms
02-03 10:48:21.271 D/dalvikvm( 2070): GC_FOR_ALLOC freed 2988K, 36% free 8017K/12456K, paused 3ms, total 3ms
02-03 10:48:21.271 D/dalvikvm( 2070): GC_FOR_ALLOC freed 3010K, 36% free 8058K/12456K, paused 3ms, total 3ms
02-03 10:48:21.281 D/dalvikvm( 2070): GC_FOR_ALLOC freed 2778K, 35% free 8143K/12456K, paused 3ms, total 3ms
02-03 10:48:21.291 D/dalvikvm( 2070): GC_FOR_ALLOC freed 2888K, 35% free 8151K/12456K, paused 5ms, total 5ms
02-03 10:48:21.291 D/dalvikvm( 2070): GC_FOR_ALLOC freed 2996K, 36% free 8072K/12456K, paused 4ms, total 4ms
02-03 10:48:21.301 D/dalvikvm( 2070): GC_FOR_ALLOC freed 3011K, 36% free 8032K/12456K, paused 3ms, total 4ms
02-03 10:48:21.301 D/dalvikvm( 2070): GC_FOR_ALLOC freed 2646K, 35% free 8172K/12456K, paused 3ms, total 3ms
02-03 10:48:21.311 D/dalvikvm( 2070): GC_FOR_ALLOC freed 2861K, 36% free 8037K/12456K, paused 4ms, total 4ms
02-03 10:48:21.321 D/dalvikvm( 2070): GC_FOR_ALLOC freed 2793K, 36% free 8088K/12456K, paused 4ms, total 4ms
02-03 10:48:21.321 D/dalvikvm( 2070): GC_FOR_ALLOC freed 3016K, 36% free 8042K/12456K, paused 3ms, total 3ms
02-03 10:48:21.331 D/dalvikvm( 2070): GC_FOR_ALLOC freed 2838K, 36% free 8045K/12456K, paused 3ms, total 3ms
02-03 10:48:21.331 D/dalvikvm( 2070): GC_FOR_ALLOC freed 2905K, 36% free 8047K/12456K, paused 3ms, total 3ms
02-03 10:48:21.341 D/dalvikvm( 2070): GC_FOR_ALLOC freed 2972K, 36% free 8050K/12456K, paused 4ms, total 4ms
02-03 10:48:21.341 D/dalvikvm( 2070): GC_FOR_ALLOC freed 2764K, 35% free 8215K/12456K, paused 3ms, total 3ms
02-03 10:48:21.351 D/dalvikvm( 2070): GC_FOR_ALLOC freed 2709K, 35% free 8220K/12456K, paused 3ms, total 3ms
02-03 10:48:21.351 D/dalvikvm( 2070): GC_FOR_ALLOC freed 2760K, 35% free 8112K/12456K, paused 4ms, total 4ms
02-03 10:48:21.361 D/dalvikvm( 2070): GC_FOR_ALLOC freed 2406K, 34% free 8230K/12456K, paused 3ms, total 3ms
02-03 10:48:21.371 D/dalvikvm( 2070): GC_FOR_ALLOC freed 2444K, 34% free 8234K/12456K, paused 3ms, total 4ms
02-03 10:48:21.371 D/dalvikvm( 2070): GC_FOR_ALLOC freed 2482K, 34% free 8239K/12456K, paused 5ms, total 5ms
02-03 10:48:21.381 D/dalvikvm( 2070): GC_FOR_ALLOC freed 2519K, 35% free 8123K/12456K, paused 4ms, total 4ms
02-03 10:48:21.391 D/dalvikvm( 2070): GC_FOR_ALLOC freed 2557K, 35% free 8125K/12456K, paused 4ms, total 4ms
02-03 10:48:21.391 D/dalvikvm( 2070): GC_FOR_ALLOC freed 2595K, 35% free 8128K/12456K, paused 3ms, total 3ms
02-03 10:48:21.401 D/dalvikvm( 2070): GC_FOR_ALLOC freed 2632K, 35% free 8131K/12456K, paused 3ms, total 3ms
02-03 10:48:21.401 D/dalvikvm( 2070): GC_FOR_ALLOC freed 2670K, 35% free 8133K/12456K, paused 3ms, total 3ms
02-03 10:48:21.411 D/dalvikvm( 2070): GC_FOR_ALLOC freed 2254K, 34% free 8265K/12456K, paused 3ms, total 3ms
02-03 10:48:21.411 D/dalvikvm( 2070): GC_FOR_ALLOC freed 2608K, 36% free 8073K/12456K, paused 4ms, total 4ms
02-03 10:48:21.421 D/dalvikvm( 2070): GC_FOR_ALLOC freed 2442K, 34% free 8273K/12456K, paused 4ms, total 4ms
02-03 10:48:21.421 D/dalvikvm( 2070): GC_FOR_ALLOC freed 2674K, 36% free 8077K/12456K, paused 4ms, total 4ms
02-03 10:48:21.431 D/dalvikvm( 2070): GC_FOR_ALLOC freed 2503K, 34% free 8281K/12456K, paused 3ms, total 3ms
02-03 10:48:21.431 D/dalvikvm( 2070): GC_FOR_ALLOC freed 2739K, 36% free 8080K/12456K, paused 3ms, total 4ms
02-03 10:48:21.441 D/dalvikvm( 2070): GC_FOR_ALLOC freed 2564K, 34% free 8289K/12456K, paused 4ms, total 4ms
02-03 10:48:21.441 D/dalvikvm( 2070): GC_FOR_ALLOC freed 2452K, 34% free 8293K/12456K, paused 3ms, total 3ms
02-03 10:48:21.451 D/dalvikvm( 2070): GC_FOR_ALLOC freed 2478K, 35% free 8155K/12456K, paused 5ms, total 5ms
02-03 10:48:21.461 D/dalvikvm( 2070): GC_FOR_ALLOC freed 2361K, 36% free 8086K/12456K, paused 3ms, total 3ms
02-03 10:48:21.461 D/dalvikvm( 2070): GC_FOR_ALLOC freed 2529K, 36% free 8087K/12456K, paused 3ms, total 3ms
02-03 10:48:21.471 D/dalvikvm( 2070): GC_FOR_ALLOC freed 2555K, 36% free 8089K/12456K, paused 4ms, total 4ms
02-03 10:48:21.471 D/dalvikvm( 2070): GC_FOR_ALLOC freed 2582K, 36% free 8090K/12456K, paused 3ms, total 3ms
02-03 10:48:21.481 D/dalvikvm( 2070): GC_FOR_ALLOC freed 2608K, 36% free 8092K/12456K, paused 3ms, total 3ms
02-03 10:48:21.481 D/dalvikvm( 2070): GC_FOR_ALLOC freed 2256K, 35% free 8168K/12456K, paused 4ms, total 4ms
02-03 10:48:21.491 D/dalvikvm( 2070): GC_FOR_ALLOC freed 2504K, 36% free 8095K/12456K, paused 4ms, total 4ms
02-03 10:48:21.491 D/dalvikvm( 2070): GC_FOR_ALLOC freed 2296K, 34% free 8325K/12456K, paused 3ms, total 3ms
02-03 10:48:21.501 D/dalvikvm( 2070): GC_FOR_ALLOC freed 2548K, 35% free 8097K/12456K, paused 4ms, total 4ms
02-03 10:48:21.501 D/dalvikvm( 2070): GC_FOR_ALLOC freed 2336K, 34% free 8332K/12456K, paused 3ms, total 3ms
02-03 10:48:21.511 D/dalvikvm( 2070): GC_FOR_ALLOC freed 2593K, 35% free 8100K/12456K, paused 4ms, total 4ms
02-03 10:48:21.521 D/dalvikvm( 2070): GC_FOR_ALLOC freed 2377K, 34% free 8339K/12456K, paused 4ms, total 4ms
02-03 10:48:21.521 D/dalvikvm( 2070): GC_FOR_ALLOC freed 2638K, 35% free 8103K/12456K, paused 4ms, total 4ms
02-03 10:48:21.531 D/dalvikvm( 2070): GC_FOR_ALLOC freed 2420K, 33% free 8346K/12456K, paused 3ms, total 3ms
02-03 10:48:21.531 D/dalvikvm( 2070): GC_FOR_ALLOC freed 2276K, 33% free 8349K/12456K, paused 3ms, total 3ms
02-03 10:48:21.541 D/dalvikvm( 2070): GC_FOR_ALLOC freed 2294K, 33% free 8352K/12456K, paused 5ms, total 5ms
02-03 10:48:21.541 D/dalvikvm( 2070): GC_FOR_ALLOC freed 2311K, 35% free 8190K/12456K, paused 4ms, total 5ms
02-03 10:48:21.551 D/dalvikvm( 2070): GC_FOR_ALLOC freed 2329K, 33% free 8359K/12456K, paused 3ms, total 3ms
02-03 10:48:21.551 D/dalvikvm( 2070): GC_FOR_ALLOC freed 2348K, 35% free 8194K/12456K, paused 4ms, total 4ms
02-03 10:48:21.561 D/dalvikvm( 2070): GC_FOR_ALLOC freed 2364K, 33% free 8365K/12456K, paused 4ms, total 4ms
02-03 10:48:21.561 D/dalvikvm( 2070): GC_FOR_ALLOC freed 2381K, 35% free 8197K/12456K, paused 3ms, total 3ms
02-03 10:48:21.571 D/dalvikvm( 2070): GC_FOR_ALLOC freed 2398K, 33% free 8371K/12456K, paused 3ms, total 3ms
02-03 10:48:21.571 D/dalvikvm( 2070): GC_FOR_ALLOC freed 2415K, 35% free 8201K/12456K, paused 3ms, total 3ms
02-03 10:48:21.581 D/dalvikvm( 2070): GC_FOR_ALLOC freed 2431K, 33% free 8377K/12456K, paused 3ms, total 3ms
02-03 10:48:21.581 D/dalvikvm( 2070): GC_FOR_ALLOC freed 2448K, 35% free 8205K/12456K, paused 3ms, total 3ms
02-03 10:48:21.591 D/dalvikvm( 2070): GC_FOR_ALLOC freed 2465K, 33% free 8383K/12456K, paused 4ms, total 4ms
02-03 10:48:21.591 D/dalvikvm( 2070): GC_FOR_ALLOC freed 2481K, 35% free 8208K/12456K, paused 3ms, total 3ms
02-03 10:48:21.601 D/dalvikvm( 2070): GC_FOR_ALLOC freed 2498K, 33% free 8389K/12456K, paused 3ms, total 3ms
02-03 10:48:21.601 D/dalvikvm( 2070): GC_FOR_ALLOC freed 2515K, 35% free 8212K/12456K, paused 4ms, total 4ms
02-03 10:48:21.611 D/dalvikvm( 2070): GC_FOR_ALLOC freed 2351K, 35% free 8124K/12456K, paused 3ms, total 3ms
02-03 10:48:21.611 D/dalvikvm( 2070): GC_FOR_ALLOC freed 2091K, 33% free 8397K/12456K, paused 3ms, total 3ms
02-03 10:48:21.621 D/dalvikvm( 2070): GC_FOR_ALLOC freed 2378K, 35% free 8126K/12456K, paused 5ms, total 5ms
02-03 10:48:21.621 D/dalvikvm( 2070): GC_FOR_ALLOC freed 2115K, 33% free 8402K/12456K, paused 3ms, total 3ms
02-03 10:48:21.631 D/dalvikvm( 2070): GC_FOR_ALLOC freed 2405K, 35% free 8128K/12456K, paused 3ms, total 3ms
02-03 10:48:21.631 D/dalvikvm( 2070): GC_FOR_ALLOC freed 2139K, 33% free 8407K/12456K, paused 3ms, total 3ms
02-03 10:48:21.641 D/dalvikvm( 2070): GC_FOR_ALLOC freed 2432K, 35% free 8130K/12456K, paused 3ms, total 4ms
02-03 10:48:21.641 D/dalvikvm( 2070): GC_FOR_ALLOC freed 2163K, 33% free 8412K/12456K, paused 3ms, total 3ms
02-03 10:48:21.651 D/dalvikvm( 2070): GC_FOR_ALLOC freed 2459K, 35% free 8132K/12456K, paused 3ms, total 3ms
02-03 10:48:21.651 D/dalvikvm( 2070): GC_FOR_ALLOC freed 2187K, 33% free 8418K/12456K, paused 3ms, total 3ms
02-03 10:48:21.661 D/dalvikvm( 2070): GC_FOR_ALLOC freed 2487K, 35% free 8134K/12456K, paused 4ms, total 4ms
02-03 10:48:21.661 D/dalvikvm( 2070): GC_FOR_ALLOC freed 2211K, 33% free 8423K/12456K, paused 3ms, total 3ms
02-03 10:48:21.671 D/dalvikvm( 2070): GC_FOR_ALLOC freed 2514K, 35% free 8136K/12456K, paused 3ms, total 3ms
02-03 10:48:21.671 D/dalvikvm( 2070): GC_FOR_ALLOC freed 2235K, 33% free 8428K/12456K, paused 3ms, total 3ms
02-03 10:48:21.681 D/dalvikvm( 2070): GC_FOR_ALLOC freed 2541K, 35% free 8138K/12456K, paused 3ms, total 3ms
02-03 10:48:21.681 D/dalvikvm( 2070): GC_FOR_ALLOC freed 2259K, 33% free 8433K/12456K, paused 3ms, total 3ms
02-03 10:48:21.691 D/dalvikvm( 2070): GC_FOR_ALLOC freed 2568K, 35% free 8140K/12456K, paused 4ms, total 4ms
02-03 10:48:21.691 D/dalvikvm( 2070): GC_FOR_ALLOC freed 2283K, 34% free 8240K/12456K, paused 3ms, total 3ms
02-03 10:48:21.701 D/dalvikvm( 2070): GC_FOR_ALLOC freed 2095K, 34% free 8241K/12456K, paused 4ms, total 4ms
02-03 10:48:21.701 D/dalvikvm( 2070): GC_FOR_ALLOC freed 2104K, 33% free 8443K/12456K, paused 5ms, total 5ms
02-03 10:48:21.711 D/dalvikvm( 2070): GC_FOR_ALLOC freed 2114K, 33% free 8445K/12456K, paused 3ms, total 3ms
02-03 10:48:21.711 D/dalvikvm( 2070): GC_FOR_ALLOC freed 2123K, 34% free 8245K/12456K, paused 3ms, total 3ms
02-03 10:48:21.721 D/dalvikvm( 2070): GC_FOR_ALLOC freed 2132K, 34% free 8247K/12456K, paused 3ms, total 3ms
02-03 10:48:21.721 D/dalvikvm( 2070): GC_FOR_ALLOC freed 2142K, 33% free 8452K/12456K, paused 3ms, total 3ms
02-03 10:48:21.731 D/dalvikvm( 2070): GC_FOR_ALLOC freed 2152K, 33% free 8455K/12456K, paused 3ms, total 3ms
02-03 10:48:21.731 D/dalvikvm( 2070): GC_FOR_ALLOC freed 2162K, 34% free 8251K/12456K, paused 3ms, total 3ms
02-03 10:48:21.741 D/dalvikvm( 2070): GC_FOR_ALLOC freed 2205K, 35% free 8145K/12456K, paused 3ms, total 3ms
02-03 10:48:21.741 D/dalvikvm( 2070): GC_FOR_ALLOC freed 2810K, 34% free 8283K/12456K, paused 3ms, total 3ms
02-03 10:48:21.751 D/dalvikvm( 2070): GC_FOR_ALLOC freed 1557K, 32% free 8506K/12456K, paused 3ms, total 3ms
02-03 10:48:21.751 D/dalvikvm( 2070): GC_FOR_ALLOC freed 2051K, 38% free 7791K/12456K, paused 4ms, total 4ms
02-03 10:48:21.751 I/dalvikvm-heap( 2070): Grow heap (frag case) to 8.652MB for 1048592-byte allocation
02-03 10:48:21.761 D/dalvikvm( 2070): GC_FOR_ALLOC freed <1K, 35% free 8815K/13484K, paused 2ms, total 2ms
02-03 10:48:21.761 D/dalvikvm( 2070): GC_FOR_ALLOC freed 4K, 35% free 8812K/13484K, paused 2ms, total 2ms
02-03 10:48:21.761 I/dalvikvm-heap( 2070): Grow heap (frag case) to 9.648MB for 1048592-byte allocation
02-03 10:48:21.761 D/dalvikvm( 2070): GC_FOR_ALLOC freed <1K, 33% free 9836K/14512K, paused 3ms, total 3ms
02-03 10:48:21.771 D/dalvikvm( 2070): GC_FOR_ALLOC freed <1K, 33% free 9836K/14512K, paused 2ms, total 2ms
02-03 10:48:21.771 I/dalvikvm-heap( 2070): Grow heap (frag case) to 10.648MB for 1048592-byte allocation
02-03 10:48:21.771 D/dalvikvm( 2070): GC_FOR_ALLOC freed 0K, 31% free 10860K/15540K, paused 3ms, total 3ms
02-03 10:48:22.211 D/dalvikvm( 2070): GC_CONCURRENT freed 6899K, 49% free 8031K/15540K, paused 0ms+2ms, total 20ms
02-03 10:48:22.211 D/dalvikvm( 2070): WAIT_FOR_CONCURRENT_GC blocked 19ms
02-03 10:48:22.221 D/dalvikvm( 2070): GC_CONCURRENT freed 4040K, 36% free 8084K/12484K, paused 0ms+1ms, total 4ms
02-03 10:48:22.221 D/dalvikvm( 2070): WAIT_FOR_CONCURRENT_GC blocked 4ms
02-03 10:48:22.231 D/dalvikvm( 2070): GC_FOR_ALLOC freed 3720K, 37% free 7988K/12484K, paused 4ms, total 4ms
02-03 10:48:22.241 D/dalvikvm( 2070): GC_FOR_ALLOC freed 3511K, 36% free 8090K/12484K, paused 4ms, total 4ms
02-03 10:48:22.251 D/dalvikvm( 2070): GC_FOR_ALLOC freed 3422K, 36% free 8022K/12484K, paused 3ms, total 4ms
02-03 10:48:22.251 D/dalvikvm( 2070): GC_FOR_ALLOC freed 3317K, 36% free 8052K/12484K, paused 4ms, total 4ms
02-03 10:48:22.261 D/dalvikvm( 2070): GC_FOR_ALLOC freed 3301K, 36% free 8055K/12484K, paused 4ms, total 4ms
02-03 10:48:22.261 D/dalvikvm( 2070): GC_FOR_ALLOC freed 3052K, 36% free 8057K/12484K, paused 3ms, total 3ms
02-03 10:48:22.271 D/dalvikvm( 2070): GC_FOR_ALLOC freed 3156K, 36% free 8023K/12484K, paused 4ms, total 4ms
02-03 10:48:22.281 D/dalvikvm( 2070): GC_FOR_ALLOC freed 3134K, 36% free 8022K/12484K, paused 3ms, total 3ms
02-03 10:48:22.281 D/dalvikvm( 2070): GC_FOR_ALLOC freed 3001K, 36% free 8026K/12484K, paused 4ms, total 4ms
02-03 10:48:22.291 D/dalvikvm( 2070): GC_FOR_ALLOC freed 2923K, 35% free 8152K/12484K, paused 5ms, total 5ms
02-03 10:48:22.301 D/dalvikvm( 2070): GC_FOR_ALLOC freed 2954K, 35% free 8160K/12484K, paused 4ms, total 4ms
02-03 10:48:22.301 D/dalvikvm( 2070): GC_FOR_ALLOC freed 3059K, 36% free 8079K/12484K, paused 3ms, total 3ms
02-03 10:48:22.311 D/dalvikvm( 2070): GC_FOR_ALLOC freed 2842K, 35% free 8174K/12484K, paused 4ms, total 4ms
02-03 10:48:22.321 D/dalvikvm( 2070): GC_FOR_ALLOC freed 2927K, 36% free 8087K/12484K, paused 4ms, total 4ms
02-03 10:48:22.321 D/dalvikvm( 2070): GC_FOR_ALLOC freed 2915K, 36% free 8043K/12484K, paused 4ms, total 4ms
02-03 10:48:22.331 D/dalvikvm( 2070): GC_FOR_ALLOC freed 2845K, 36% free 8094K/12484K, paused 4ms, total 4ms
02-03 10:48:22.331 D/dalvikvm( 2070): GC_FOR_ALLOC freed 2815K, 36% free 8098K/12484K, paused 3ms, total 3ms
02-03 10:48:22.341 D/dalvikvm( 2070): GC_FOR_ALLOC freed 2882K, 36% free 8102K/12484K, paused 4ms, total 4ms
02-03 10:48:22.341 D/dalvikvm( 2070): GC_FOR_ALLOC freed 2843K, 36% free 8053K/12484K, paused 3ms, total 3ms
02-03 10:48:22.351 D/dalvikvm( 2070): GC_FOR_ALLOC freed 2742K, 35% free 8216K/12484K, paused 4ms, total 4ms
02-03 10:48:22.361 D/dalvikvm( 2070): GC_FOR_ALLOC freed 2964K, 36% free 8057K/12484K, paused 4ms, total 4ms
02-03 10:48:22.361 D/dalvikvm( 2070): GC_FOR_ALLOC freed 2856K, 35% free 8228K/12484K, paused 3ms, total 3ms
02-03 10:48:22.371 D/dalvikvm( 2070): GC_FOR_ALLOC freed 2796K, 35% free 8118K/12484K, paused 4ms, total 4ms
02-03 10:48:22.371 D/dalvikvm( 2070): GC_FOR_ALLOC freed 2438K, 35% free 8237K/12484K, paused 4ms, total 4ms
02-03 10:48:22.381 D/dalvikvm( 2070): GC_FOR_ALLOC freed 2475K, 34% free 8242K/12484K, paused 4ms, total 4ms
02-03 10:48:22.391 D/dalvikvm( 2070): GC_FOR_ALLOC freed 2513K, 34% free 8246K/12484K, paused 4ms, total 4ms
02-03 10:48:22.391 D/dalvikvm( 2070): GC_FOR_ALLOC freed 2551K, 34% free 8251K/12484K, paused 3ms, total 3ms
02-03 10:48:22.401 D/dalvikvm( 2070): GC_FOR_ALLOC freed 2588K, 34% free 8255K/12484K, paused 4ms, total 4ms
02-03 10:48:22.401 D/dalvikvm( 2070): GC_FOR_ALLOC freed 2626K, 34% free 8260K/12484K, paused 4ms, total 4ms
02-03 10:48:22.411 D/dalvikvm( 2070): GC_FOR_ALLOC freed 2664K, 35% free 8137K/12484K, paused 4ms, total 4ms
02-03 10:48:22.411 D/dalvikvm( 2070): GC_FOR_ALLOC freed 2248K, 34% free 8268K/12484K, paused 3ms, total 3ms
02-03 10:48:22.421 D/dalvikvm( 2070): GC_FOR_ALLOC freed 2602K, 36% free 8077K/12484K, paused 3ms, total 3ms
02-03 10:48:22.421 D/dalvikvm( 2070): GC_FOR_ALLOC freed 2437K, 34% free 8276K/12484K, paused 4ms, total 4ms
02-03 10:48:22.431 D/dalvikvm( 2070): GC_FOR_ALLOC freed 2668K, 36% free 8080K/12484K, paused 4ms, total 4ms
02-03 10:48:22.441 D/dalvikvm( 2070): GC_FOR_ALLOC freed 2497K, 34% free 8284K/12484K, paused 4ms, total 4ms
02-03 10:48:22.441 D/dalvikvm( 2070): GC_FOR_ALLOC freed 2733K, 36% free 8084K/12484K, paused 4ms, total 4ms
02-03 10:48:22.451 D/dalvikvm( 2070): GC_FOR_ALLOC freed 2558K, 34% free 8293K/12484K, paused 3ms, total 3ms
02-03 10:48:22.461 D/dalvikvm( 2070): GC_FOR_ALLOC freed 2799K, 36% free 8087K/12484K, paused 5ms, total 5ms
02-03 10:48:22.461 D/dalvikvm( 2070): GC_FOR_ALLOC freed 2619K, 34% free 8301K/12484K, paused 4ms, total 4ms
02-03 10:48:22.471 D/dalvikvm( 2070): GC_FOR_ALLOC freed 2505K, 35% free 8161K/12484K, paused 3ms, total 3ms
02-03 10:48:22.471 D/dalvikvm( 2070): GC_FOR_ALLOC freed 2386K, 36% free 8091K/12484K, paused 3ms, total 3ms
02-03 10:48:22.481 D/dalvikvm( 2070): GC_FOR_ALLOC freed 2555K, 36% free 8093K/12484K, paused 4ms, total 4ms
02-03 10:48:22.481 D/dalvikvm( 2070): GC_FOR_ALLOC freed 2582K, 36% free 8094K/12484K, paused 3ms, total 3ms
02-03 10:48:22.491 D/dalvikvm( 2070): GC_FOR_ALLOC freed 2608K, 36% free 8096K/12484K, paused 3ms, total 3ms
02-03 10:48:22.491 D/dalvikvm( 2070): GC_FOR_ALLOC freed 2256K, 34% free 8323K/12484K, paused 4ms, total 4ms
02-03 10:48:22.501 D/dalvikvm( 2070): GC_FOR_ALLOC freed 2123K, 34% free 8326K/12484K, paused 4ms, total 4ms
02-03 10:48:22.501 D/dalvikvm( 2070): GC_FOR_ALLOC freed 2524K, 36% free 8100K/12484K, paused 3ms, total 3ms
02-03 10:48:22.511 D/dalvikvm( 2070): GC_FOR_ALLOC freed 2314K, 35% free 8178K/12484K, paused 4ms, total 4ms
02-03 10:48:22.521 D/dalvikvm( 2070): GC_FOR_ALLOC freed 2568K, 36% free 8103K/12484K, paused 5ms, total 5ms
02-03 10:48:22.521 D/dalvikvm( 2070): GC_FOR_ALLOC freed 2354K, 34% free 8339K/12484K, paused 4ms, total 4ms
02-03 10:48:22.531 D/dalvikvm( 2070): GC_FOR_ALLOC freed 2613K, 36% free 8105K/12484K, paused 4ms, total 4ms
02-03 10:48:22.531 D/dalvikvm( 2070): GC_FOR_ALLOC freed 2395K, 34% free 8346K/12484K, paused 3ms, total 3ms
02-03 10:48:22.541 D/dalvikvm( 2070): GC_FOR_ALLOC freed 2660K, 36% free 8108K/12484K, paused 4ms, total 5ms
02-03 10:48:22.551 D/dalvikvm( 2070): GC_FOR_ALLOC freed 2438K, 34% free 8353K/12484K, paused 4ms, total 4ms
02-03 10:48:22.551 D/dalvikvm( 2070): GC_FOR_ALLOC freed 2706K, 36% free 8111K/12484K, paused 3ms, total 3ms
02-03 10:48:22.561 D/dalvikvm( 2070): GC_FOR_ALLOC freed 2480K, 34% free 8360K/12484K, paused 4ms, total 4ms
02-03 10:48:22.561 D/dalvikvm( 2070): GC_FOR_ALLOC freed 2334K, 35% free 8196K/12484K, paused 4ms, total 4ms
02-03 10:48:22.571 D/dalvikvm( 2070): GC_FOR_ALLOC freed 2352K, 33% free 8366K/12484K, paused 4ms, total 4ms
02-03 10:48:22.571 D/dalvikvm( 2070): GC_FOR_ALLOC freed 2369K, 35% free 8200K/12484K, paused 3ms, total 3ms
02-03 10:48:22.581 D/dalvikvm( 2070): GC_FOR_ALLOC freed 2385K, 33% free 8372K/12484K, paused 4ms, total 4ms
02-03 10:48:22.581 D/dalvikvm( 2070): GC_FOR_ALLOC freed 2402K, 35% free 8204K/12484K, paused 4ms, total 4ms
02-03 10:48:22.591 D/dalvikvm( 2070): GC_FOR_ALLOC freed 2419K, 33% free 8378K/12484K, paused 3ms, total 3ms
02-03 10:48:22.591 D/dalvikvm( 2070): GC_FOR_ALLOC freed 2435K, 35% free 8207K/12484K, paused 3ms, total 3ms
02-03 10:48:22.601 D/dalvikvm( 2070): GC_FOR_ALLOC freed 2452K, 33% free 8384K/12484K, paused 3ms, total 4ms
02-03 10:48:22.601 D/dalvikvm( 2070): GC_FOR_ALLOC freed 2469K, 35% free 8211K/12484K, paused 4ms, total 4ms
02-03 10:48:22.611 D/dalvikvm( 2070): GC_FOR_ALLOC freed 2486K, 33% free 8390K/12484K, paused 3ms, total 3ms
02-03 10:48:22.611 D/dalvikvm( 2070): GC_FOR_ALLOC freed 2502K, 35% free 8214K/12484K, paused 3ms, total 3ms
02-03 10:48:22.621 D/dalvikvm( 2070): GC_FOR_ALLOC freed 2339K, 35% free 8127K/12484K, paused 5ms, total 5ms
02-03 10:48:22.631 D/dalvikvm( 2070): GC_FOR_ALLOC freed 2080K, 33% free 8399K/12484K, paused 4ms, total 4ms
02-03 10:48:22.631 D/dalvikvm( 2070): GC_FOR_ALLOC freed 2366K, 35% free 8129K/12484K, paused 3ms, total 3ms
02-03 10:48:22.641 D/dalvikvm( 2070): GC_FOR_ALLOC freed 2104K, 33% free 8404K/12484K, paused 4ms, total 4ms
02-03 10:48:22.641 D/dalvikvm( 2070): GC_FOR_ALLOC freed 2393K, 35% free 8131K/12484K, paused 3ms, total 3ms
02-03 10:48:22.651 D/dalvikvm( 2070): GC_FOR_ALLOC freed 2128K, 33% free 8409K/12484K, paused 3ms, total 3ms
02-03 10:48:22.651 D/dalvikvm( 2070): GC_FOR_ALLOC freed 2421K, 35% free 8133K/12484K, paused 3ms, total 3ms
02-03 10:48:22.661 D/dalvikvm( 2070): GC_FOR_ALLOC freed 2153K, 33% free 8414K/12484K, paused 4ms, total 4ms
02-03 10:48:22.661 D/dalvikvm( 2070): GC_FOR_ALLOC freed 2448K, 35% free 8135K/12484K, paused 4ms, total 4ms
02-03 10:48:22.671 D/dalvikvm( 2070): GC_FOR_ALLOC freed 2177K, 33% free 8419K/12484K, paused 3ms, total 3ms
02-03 10:48:22.671 D/dalvikvm( 2070): GC_FOR_ALLOC freed 2475K, 35% free 8137K/12484K, paused 3ms, total 3ms
02-03 10:48:22.681 D/dalvikvm( 2070): GC_FOR_ALLOC freed 2201K, 33% free 8425K/12484K, paused 3ms, total 3ms
02-03 10:48:22.681 D/dalvikvm( 2070): GC_FOR_ALLOC freed 2502K, 35% free 8139K/12484K, paused 3ms, total 3ms
02-03 10:48:22.691 D/dalvikvm( 2070): GC_FOR_ALLOC freed 2225K, 33% free 8430K/12484K, paused 5ms, total 5ms
02-03 10:48:22.691 D/dalvikvm( 2070): GC_FOR_ALLOC freed 2529K, 35% free 8141K/12484K, paused 3ms, total 3ms
02-03 10:48:22.701 D/dalvikvm( 2070): GC_FOR_ALLOC freed 2249K, 33% free 8435K/12484K, paused 4ms, total 4ms
02-03 10:48:22.711 D/dalvikvm( 2070): GC_FOR_ALLOC freed 2556K, 35% free 8143K/12484K, paused 5ms, total 5ms
02-03 10:48:22.711 D/dalvikvm( 2070): GC_FOR_ALLOC freed 2273K, 33% free 8440K/12484K, paused 5ms, total 5ms
02-03 10:48:22.721 D/dalvikvm( 2070): GC_FOR_ALLOC freed 2584K, 35% free 8145K/12484K, paused 3ms, total 3ms
02-03 10:48:22.721 D/dalvikvm( 2070): GC_FOR_ALLOC freed 2297K, 34% free 8246K/12484K, paused 3ms, total 3ms
02-03 10:48:22.731 D/dalvikvm( 2070): GC_FOR_ALLOC freed 2107K, 34% free 8247K/12484K, paused 3ms, total 3ms
02-03 10:48:22.741 D/dalvikvm( 2070): GC_FOR_ALLOC freed 2117K, 33% free 8450K/12484K, paused 3ms, total 3ms
02-03 10:48:22.741 D/dalvikvm( 2070): GC_FOR_ALLOC freed 2126K, 33% free 8452K/12484K, paused 4ms, total 4ms
02-03 10:48:22.741 D/dalvikvm( 2070): GC_FOR_ALLOC freed 2136K, 34% free 8251K/12484K, paused 3ms, total 3ms
02-03 10:48:22.751 D/dalvikvm( 2070): GC_FOR_ALLOC freed 2146K, 34% free 8253K/12484K, paused 4ms, total 4ms
02-03 10:48:22.761 D/dalvikvm( 2070): GC_FOR_ALLOC freed 2155K, 33% free 8459K/12484K, paused 4ms, total 4ms
02-03 10:48:22.761 D/dalvikvm( 2070): GC_FOR_ALLOC freed 2165K, 33% free 8462K/12484K, paused 3ms, total 3ms
02-03 10:48:22.771 D/dalvikvm( 2070): GC_FOR_ALLOC freed 2301K, 35% free 8151K/12484K, paused 4ms, total 4ms
02-03 10:48:22.771 D/dalvikvm( 2070): GC_FOR_ALLOC freed 2547K, 35% free 8176K/12484K, paused 5ms, total 5ms
02-03 10:48:22.781 D/dalvikvm( 2070): GC_FOR_ALLOC freed 1780K, 34% free 8287K/12484K, paused 3ms, total 3ms
02-03 10:48:22.791 D/dalvikvm( 2070): GC_FOR_ALLOC freed 1276K, 38% free 7791K/12484K, paused 3ms, total 3ms
02-03 10:48:22.791 I/dalvikvm-heap( 2070): Grow heap (frag case) to 8.652MB for 1048592-byte allocation
02-03 10:48:22.791 D/dalvikvm( 2070): GC_FOR_ALLOC freed <1K, 35% free 8815K/13512K, paused 4ms, total 4ms
02-03 10:48:22.791 D/dalvikvm( 2070): GC_FOR_ALLOC freed 4K, 35% free 8812K/13512K, paused 2ms, total 2ms
02-03 10:48:22.801 I/dalvikvm-heap( 2070): Grow heap (frag case) to 9.648MB for 1048592-byte allocation
02-03 10:48:22.801 D/dalvikvm( 2070): GC_FOR_ALLOC freed <1K, 33% free 9836K/14540K, paused 3ms, total 3ms
02-03 10:48:22.801 D/dalvikvm( 2070): GC_FOR_ALLOC freed <1K, 33% free 9836K/14540K, paused 2ms, total 2ms
02-03 10:48:22.801 I/dalvikvm-heap( 2070): Grow heap (frag case) to 10.648MB for 1048592-byte allocation
02-03 10:48:22.801 D/dalvikvm( 2070): GC_FOR_ALLOC freed 0K, 31% free 10860K/15568K, paused 2ms, total 2ms
02-03 10:48:23.271 D/dalvikvm( 2070): GC_CONCURRENT freed 6899K, 49% free 8027K/15568K, paused 1ms+2ms, total 27ms
02-03 10:48:23.271 D/dalvikvm( 2070): WAIT_FOR_CONCURRENT_GC blocked 25ms
02-03 10:48:23.281 D/dalvikvm( 2070): GC_CONCURRENT freed 4052K, 36% free 8068K/12456K, paused 0ms+1ms, total 5ms
02-03 10:48:23.281 D/dalvikvm( 2070): WAIT_FOR_CONCURRENT_GC blocked 4ms
02-03 10:48:23.291 D/dalvikvm( 2070): GC_FOR_ALLOC freed 3708K, 36% free 7984K/12456K, paused 4ms, total 4ms
02-03 10:48:23.291 D/dalvikvm( 2070): GC_FOR_ALLOC freed 3463K, 36% free 8014K/12456K, paused 4ms, total 4ms
02-03 10:48:23.301 D/dalvikvm( 2070): GC_FOR_ALLOC freed 3331K, 35% free 8099K/12456K, paused 4ms, total 4ms
02-03 10:48:23.311 D/dalvikvm( 2070): GC_FOR_ALLOC freed 3245K, 36% free 8048K/12456K, paused 3ms, total 3ms
02-03 10:48:23.321 D/dalvikvm( 2070): GC_FOR_ALLOC freed 3286K, 36% free 8050K/12456K, paused 5ms, total 5ms
02-03 10:48:23.321 D/dalvikvm( 2070): GC_FOR_ALLOC freed 2970K, 36% free 8019K/12456K, paused 4ms, total 4ms
02-03 10:48:23.331 D/dalvikvm( 2070): GC_FOR_ALLOC freed 3030K, 35% free 8125K/12456K, paused 4ms, total 4ms
02-03 10:48:23.331 D/dalvikvm( 2070): GC_FOR_ALLOC freed 2844K, 35% free 8134K/12456K, paused 4ms, total 4ms
02-03 10:48:23.341 D/dalvikvm( 2070): GC_FOR_ALLOC freed 2892K, 36% free 8025K/12456K, paused 3ms, total 3ms
02-03 10:48:23.341 D/dalvikvm( 2070): GC_FOR_ALLOC freed 2889K, 35% free 8149K/12456K, paused 4ms, total 4ms
02-03 10:48:23.351 D/dalvikvm( 2070): GC_FOR_ALLOC freed 2922K, 35% free 8157K/12456K, paused 3ms, total 3ms
02-03 10:48:23.361 D/dalvikvm( 2070): GC_FOR_ALLOC freed 3028K, 36% free 8077K/12456K, paused 3ms, total 3ms
02-03 10:48:23.361 D/dalvikvm( 2070): GC_FOR_ALLOC freed 3042K, 36% free 8037K/12456K, paused 3ms, total 3ms
02-03 10:48:23.371 D/dalvikvm( 2070): GC_FOR_ALLOC freed 2672K, 36% free 8085K/12456K, paused 3ms, total 3ms
02-03 10:48:23.371 D/dalvikvm( 2070): GC_FOR_ALLOC freed 2888K, 36% free 8042K/12456K, paused 4ms, total 4ms
02-03 10:48:23.381 D/dalvikvm( 2070): GC_FOR_ALLOC freed 2819K, 36% free 8093K/12456K, paused 3ms, total 3ms
02-03 10:48:23.391 D/dalvikvm( 2070): GC_FOR_ALLOC freed 2790K, 35% free 8197K/12456K, paused 3ms, total 3ms
02-03 10:48:23.391 D/dalvikvm( 2070): GC_FOR_ALLOC freed 2754K, 36% free 8049K/12456K, paused 3ms, total 3ms
02-03 10:48:23.401 D/dalvikvm( 2070): GC_FOR_ALLOC freed 2922K, 36% free 8052K/12456K, paused 3ms, total 3ms
02-03 10:48:23.401 D/dalvikvm( 2070): GC_FOR_ALLOC freed 2989K, 36% free 8054K/12456K, paused 3ms, total 3ms
02-03 10:48:23.411 D/dalvikvm( 2070): GC_FOR_ALLOC freed 2780K, 35% free 8220K/12456K, paused 4ms, total 4ms
02-03 10:48:23.421 D/dalvikvm( 2070): GC_FOR_ALLOC freed 2723K, 34% free 8225K/12456K, paused 4ms, total 4ms
02-03 10:48:23.421 D/dalvikvm( 2070): GC_FOR_ALLOC freed 2661K, 36% free 8060K/12456K, paused 3ms, total 3ms
02-03 10:48:23.431 D/dalvikvm( 2070): GC_FOR_ALLOC freed 2533K, 35% free 8119K/12456K, paused 3ms, total 4ms
02-03 10:48:23.431 D/dalvikvm( 2070): GC_FOR_ALLOC freed 2456K, 34% free 8239K/12456K, paused 4ms, total 4ms
02-03 10:48:23.441 D/dalvikvm( 2070): GC_FOR_ALLOC freed 2494K, 34% free 8244K/12456K, paused 3ms, total 3ms
02-03 10:48:23.441 D/dalvikvm( 2070): GC_FOR_ALLOC freed 2532K, 35% free 8127K/12456K, paused 4ms, total 4ms
02-03 10:48:23.451 D/dalvikvm( 2070): GC_FOR_ALLOC freed 2569K, 35% free 8130K/12456K, paused 3ms, total 3ms
02-03 10:48:23.451 D/dalvikvm( 2070): GC_FOR_ALLOC freed 2607K, 35% free 8133K/12456K, paused 3ms, total 3ms
02-03 10:48:23.461 D/dalvikvm( 2070): GC_FOR_ALLOC freed 2645K, 35% free 8136K/12456K, paused 5ms, total 5ms
02-03 10:48:23.471 D/dalvikvm( 2070): GC_FOR_ALLOC freed 2682K, 35% free 8138K/12456K, paused 4ms, total 4ms
02-03 10:48:23.471 D/dalvikvm( 2070): GC_FOR_ALLOC freed 2264K, 34% free 8270K/12456K, paused 4ms, total 4ms
02-03 10:48:23.481 D/dalvikvm( 2070): GC_FOR_ALLOC freed 2620K, 36% free 8078K/12456K, paused 3ms, total 3ms
02-03 10:48:23.481 D/dalvikvm( 2070): GC_FOR_ALLOC freed 2453K, 34% free 8278K/12456K, paused 4ms, total 4ms
02-03 10:48:23.491 D/dalvikvm( 2070): GC_FOR_ALLOC freed 2686K, 36% free 8081K/12456K, paused 3ms, total 3ms
02-03 10:48:23.491 D/dalvikvm( 2070): GC_FOR_ALLOC freed 2514K, 34% free 8287K/12456K, paused 3ms, total 3ms
02-03 10:48:23.501 D/dalvikvm( 2070): GC_FOR_ALLOC freed 2405K, 34% free 8290K/12456K, paused 3ms, total 3ms
02-03 10:48:23.501 D/dalvikvm( 2070): GC_FOR_ALLOC freed 2431K, 34% free 8294K/12456K, paused 4ms, total 4ms
02-03 10:48:23.511 D/dalvikvm( 2070): GC_FOR_ALLOC freed 2458K, 34% free 8298K/12456K, paused 4ms, total 4ms
02-03 10:48:23.511 D/dalvikvm( 2070): GC_FOR_ALLOC freed 2484K, 35% free 8159K/12456K, paused 4ms, total 4ms
02-03 10:48:23.521 D/dalvikvm( 2070): GC_FOR_ALLOC freed 2366K, 36% free 8090K/12456K, paused 3ms, total 3ms
02-03 10:48:23.531 D/dalvikvm( 2070): GC_FOR_ALLOC freed 2534K, 36% free 8092K/12456K, paused 5ms, total 5ms
02-03 10:48:23.531 D/dalvikvm( 2070): GC_FOR_ALLOC freed 2561K, 36% free 8093K/12456K, paused 3ms, total 3ms
02-03 10:48:23.541 D/dalvikvm( 2070): GC_FOR_ALLOC freed 2587K, 36% free 8095K/12456K, paused 3ms, total 4ms
02-03 10:48:23.551 D/dalvikvm( 2070): GC_FOR_ALLOC freed 2613K, 35% free 8096K/12456K, paused 5ms, total 5ms
02-03 10:48:23.551 D/dalvikvm( 2070): GC_FOR_ALLOC freed 2260K, 35% free 8172K/12456K, paused 4ms, total 4ms
02-03 10:48:23.561 D/dalvikvm( 2070): GC_FOR_ALLOC freed 2509K, 35% free 8099K/12456K, paused 4ms, total 4ms
02-03 10:48:23.561 D/dalvikvm( 2070): GC_FOR_ALLOC freed 2300K, 34% free 8330K/12456K, paused 3ms, total 3ms
02-03 10:48:23.571 D/dalvikvm( 2070): GC_FOR_ALLOC freed 2553K, 35% free 8102K/12456K, paused 3ms, total 3ms
02-03 10:48:23.571 D/dalvikvm( 2070): GC_FOR_ALLOC freed 2341K, 34% free 8337K/12456K, paused 3ms, total 4ms
02-03 10:48:23.581 D/dalvikvm( 2070): GC_FOR_ALLOC freed 2598K, 35% free 8104K/12456K, paused 4ms, total 4ms
02-03 10:48:23.581 D/dalvikvm( 2070): GC_FOR_ALLOC freed 2381K, 34% free 8343K/12456K, paused 4ms, total 4ms
02-03 10:48:23.591 D/dalvikvm( 2070): GC_FOR_ALLOC freed 2643K, 35% free 8107K/12456K, paused 4ms, total 4ms
02-03 10:48:23.591 D/dalvikvm( 2070): GC_FOR_ALLOC freed 2425K, 33% free 8351K/12456K, paused 3ms, total 3ms
02-03 10:48:23.601 D/dalvikvm( 2070): GC_FOR_ALLOC freed 2281K, 33% free 8354K/12456K, paused 3ms, total 3ms
02-03 10:48:23.601 D/dalvikvm( 2070): GC_FOR_ALLOC freed 2298K, 33% free 8357K/12456K, paused 3ms, total 3ms
02-03 10:48:23.611 D/dalvikvm( 2070): GC_FOR_ALLOC freed 2315K, 35% free 8194K/12456K, paused 5ms, total 5ms
02-03 10:48:23.621 D/dalvikvm( 2070): GC_FOR_ALLOC freed 2334K, 33% free 8363K/12456K, paused 4ms, total 4ms
02-03 10:48:23.621 D/dalvikvm( 2070): GC_FOR_ALLOC freed 2352K, 35% free 8198K/12456K, paused 3ms, total 3ms
02-03 10:48:23.631 D/dalvikvm( 2070): GC_FOR_ALLOC freed 2369K, 33% free 8369K/12456K, paused 5ms, total 5ms
02-03 10:48:23.631 D/dalvikvm( 2070): GC_FOR_ALLOC freed 2385K, 35% free 8202K/12456K, paused 4ms, total 4ms
02-03 10:48:23.641 D/dalvikvm( 2070): GC_FOR_ALLOC freed 2402K, 33% free 8375K/12456K, paused 3ms, total 3ms
02-03 10:48:23.641 D/dalvikvm( 2070): GC_FOR_ALLOC freed 2419K, 35% free 8205K/12456K, paused 3ms, total 3ms
02-03 10:48:23.651 D/dalvikvm( 2070): GC_FOR_ALLOC freed 2435K, 33% free 8381K/12456K, paused 3ms, total 3ms
02-03 10:48:23.651 D/dalvikvm( 2070): GC_FOR_ALLOC freed 2452K, 35% free 8209K/12456K, paused 4ms, total 4ms
02-03 10:48:23.661 D/dalvikvm( 2070): GC_FOR_ALLOC freed 2469K, 33% free 8387K/12456K, paused 3ms, total 3ms
02-03 10:48:23.661 D/dalvikvm( 2070): GC_FOR_ALLOC freed 2486K, 35% free 8212K/12456K, paused 3ms, total 3ms
02-03 10:48:23.671 D/dalvikvm( 2070): GC_FOR_ALLOC freed 2323K, 35% free 8125K/12456K, paused 3ms, total 3ms
02-03 10:48:23.671 D/dalvikvm( 2070): GC_FOR_ALLOC freed 2067K, 33% free 8395K/12456K, paused 3ms, total 3ms
02-03 10:48:23.681 D/dalvikvm( 2070): GC_FOR_ALLOC freed 2351K, 35% free 8127K/12456K, paused 3ms, total 3ms
02-03 10:48:23.681 D/dalvikvm( 2070): GC_FOR_ALLOC freed 2091K, 33% free 8401K/12456K, paused 3ms, total 3ms
02-03 10:48:23.691 D/dalvikvm( 2070): GC_FOR_ALLOC freed 2378K, 35% free 8130K/12456K, paused 3ms, total 4ms
02-03 10:48:23.701 D/dalvikvm( 2070): GC_FOR_ALLOC freed 2115K, 33% free 8406K/12456K, paused 4ms, total 4ms
02-03 10:48:23.701 D/dalvikvm( 2070): GC_FOR_ALLOC freed 2405K, 35% free 8132K/12456K, paused 4ms, total 4ms
02-03 10:48:23.711 D/dalvikvm( 2070): GC_FOR_ALLOC freed 2139K, 33% free 8411K/12456K, paused 5ms, total 5ms
02-03 10:48:23.711 D/dalvikvm( 2070): GC_FOR_ALLOC freed 2432K, 35% free 8134K/12456K, paused 4ms, total 4ms
02-03 10:48:23.721 D/dalvikvm( 2070): GC_FOR_ALLOC freed 2163K, 33% free 8416K/12456K, paused 4ms, total 4ms
02-03 10:48:23.721 D/dalvikvm( 2070): GC_FOR_ALLOC freed 2459K, 35% free 8136K/12456K, paused 4ms, total 4ms
02-03 10:48:23.731 D/dalvikvm( 2070): GC_FOR_ALLOC freed 2187K, 33% free 8422K/12456K, paused 3ms, total 3ms
02-03 10:48:23.741 D/dalvikvm( 2070): GC_FOR_ALLOC freed 2487K, 35% free 8138K/12456K, paused 4ms, total 4ms
02-03 10:48:23.741 D/dalvikvm( 2070): GC_FOR_ALLOC freed 2211K, 33% free 8427K/12456K, paused 3ms, total 3ms
02-03 10:48:23.751 D/dalvikvm( 2070): GC_FOR_ALLOC freed 2514K, 35% free 8140K/12456K, paused 3ms, total 3ms
02-03 10:48:23.751 D/dalvikvm( 2070): GC_FOR_ALLOC freed 2235K, 33% free 8432K/12456K, paused 3ms, total 3ms
02-03 10:48:23.761 D/dalvikvm( 2070): GC_FOR_ALLOC freed 2541K, 35% free 8142K/12456K, paused 3ms, total 3ms
02-03 10:48:23.761 D/dalvikvm( 2070): GC_FOR_ALLOC freed 2259K, 33% free 8437K/12456K, paused 3ms, total 3ms
02-03 10:48:23.771 D/dalvikvm( 2070): GC_FOR_ALLOC freed 2568K, 35% free 8144K/12456K, paused 3ms, total 3ms
02-03 10:48:23.771 D/dalvikvm( 2070): GC_FOR_ALLOC freed 2283K, 34% free 8244K/12456K, paused 3ms, total 3ms
02-03 10:48:23.781 D/dalvikvm( 2070): GC_FOR_ALLOC freed 2095K, 34% free 8245K/12456K, paused 5ms, total 5ms
02-03 10:48:23.781 D/dalvikvm( 2070): GC_FOR_ALLOC freed 2104K, 33% free 8447K/12456K, paused 4ms, total 4ms
02-03 10:48:23.791 D/dalvikvm( 2070): GC_FOR_ALLOC freed 2114K, 33% free 8449K/12456K, paused 4ms, total 4ms
02-03 10:48:23.791 D/dalvikvm( 2070): GC_FOR_ALLOC freed 2123K, 34% free 8249K/12456K, paused 5ms, total 5ms
02-03 10:48:23.801 D/dalvikvm( 2070): GC_FOR_ALLOC freed 2132K, 34% free 8251K/12456K, paused 3ms, total 3ms
02-03 10:48:23.811 D/dalvikvm( 2070): GC_FOR_ALLOC freed 2142K, 33% free 8456K/12456K, paused 4ms, total 4ms
02-03 10:48:23.811 D/dalvikvm( 2070): GC_FOR_ALLOC freed 2152K, 33% free 8458K/12456K, paused 3ms, total 3ms
02-03 10:48:23.821 D/dalvikvm( 2070): GC_FOR_ALLOC freed 2162K, 34% free 8255K/12456K, paused 4ms, total 4ms
02-03 10:48:23.821 D/dalvikvm( 2070): GC_FOR_ALLOC freed 2201K, 35% free 8153K/12456K, paused 4ms, total 4ms
02-03 10:48:23.831 D/dalvikvm( 2070): GC_FOR_ALLOC freed 2810K, 34% free 8291K/12456K, paused 4ms, total 4ms
02-03 10:48:23.831 D/dalvikvm( 2070): GC_FOR_ALLOC freed 1557K, 32% free 8514K/12456K, paused 4ms, total 4ms
02-03 10:48:23.841 D/dalvikvm( 2070): GC_FOR_ALLOC freed 2055K, 38% free 7795K/12456K, paused 3ms, total 4ms
02-03 10:48:23.841 I/dalvikvm-heap( 2070): Grow heap (frag case) to 8.655MB for 1048592-byte allocation
02-03 10:48:23.841 D/dalvikvm( 2070): GC_FOR_ALLOC freed <1K, 35% free 8819K/13484K, paused 3ms, total 3ms
02-03 10:48:23.851 D/dalvikvm( 2070): GC_FOR_ALLOC freed 4K, 35% free 8816K/13484K, paused 5ms, total 5ms
02-03 10:48:23.851 I/dalvikvm-heap( 2070): Grow heap (frag case) to 9.652MB for 1048592-byte allocation
02-03 10:48:23.851 D/dalvikvm( 2070): GC_FOR_ALLOC freed <1K, 33% free 9840K/14512K, paused 2ms, total 2ms
02-03 10:48:23.861 D/dalvikvm( 2070): GC_FOR_ALLOC freed <1K, 33% free 9840K/14512K, paused 2ms, total 2ms
02-03 10:48:23.861 I/dalvikvm-heap( 2070): Grow heap (frag case) to 10.652MB for 1048592-byte allocation
02-03 10:48:23.861 D/dalvikvm( 2070): GC_FOR_ALLOC freed 0K, 31% free 10864K/15540K, paused 3ms, total 3ms
02-03 10:48:24.241 D/dalvikvm( 2070): GC_CONCURRENT freed 6899K, 49% free 8031K/15540K, paused 1ms+2ms, total 17ms
02-03 10:48:24.241 D/dalvikvm( 2070): WAIT_FOR_CONCURRENT_GC blocked 16ms
02-03 10:48:24.251 D/dalvikvm( 2070): GC_CONCURRENT freed 4040K, 36% free 8084K/12456K, paused 0ms+1ms, total 4ms
02-03 10:48:24.251 D/dalvikvm( 2070): WAIT_FOR_CONCURRENT_GC blocked 4ms
02-03 10:48:24.261 D/dalvikvm( 2070): GC_FOR_ALLOC freed 3761K, 36% free 8049K/12456K, paused 4ms, total 4ms
02-03 10:48:24.271 D/dalvikvm( 2070): GC_FOR_ALLOC freed 3591K, 36% free 8019K/12456K, paused 4ms, total 4ms
02-03 10:48:24.271 D/dalvikvm( 2070): GC_FOR_ALLOC freed 3300K, 36% free 8022K/12456K, paused 3ms, total 3ms
02-03 10:48:24.281 D/dalvikvm( 2070): GC_FOR_ALLOC freed 3257K, 36% free 8023K/12456K, paused 3ms, total 4ms
02-03 10:48:24.291 D/dalvikvm( 2070): GC_FOR_ALLOC freed 3297K, 36% free 8023K/12456K, paused 4ms, total 4ms
02-03 10:48:24.301 D/dalvikvm( 2070): GC_FOR_ALLOC freed 3048K, 36% free 8023K/12456K, paused 5ms, total 5ms
02-03 10:48:24.301 D/dalvikvm( 2070): GC_FOR_ALLOC freed 3043K, 36% free 8058K/12456K, paused 4ms, total 4ms
02-03 10:48:24.311 D/dalvikvm( 2070): GC_FOR_ALLOC freed 3049K, 36% free 8022K/12456K, paused 4ms, total 4ms
02-03 10:48:24.321 D/dalvikvm( 2070): GC_FOR_ALLOC freed 2990K, 36% free 8025K/12456K, paused 4ms, total 4ms
02-03 10:48:24.321 D/dalvikvm( 2070): GC_FOR_ALLOC freed 2911K, 35% free 8151K/12456K, paused 3ms, total 3ms
02-03 10:48:24.331 D/dalvikvm( 2070): GC_FOR_ALLOC freed 2944K, 35% free 8159K/12456K, paused 4ms, total 4ms
02-03 10:48:24.331 D/dalvikvm( 2070): GC_FOR_ALLOC freed 3049K, 36% free 8078K/12456K, paused 3ms, total 3ms
02-03 10:48:24.341 D/dalvikvm( 2070): GC_FOR_ALLOC freed 3062K, 36% free 8038K/12456K, paused 4ms, total 4ms
02-03 10:48:24.351 D/dalvikvm( 2070): GC_FOR_ALLOC freed 2689K, 36% free 8086K/12456K, paused 3ms, total 3ms
02-03 10:48:24.351 D/dalvikvm( 2070): GC_FOR_ALLOC freed 2906K, 36% free 8043K/12456K, paused 3ms, total 3ms
02-03 10:48:24.361 D/dalvikvm( 2070): GC_FOR_ALLOC freed 2836K, 36% free 8094K/12456K, paused 4ms, total 4ms
02-03 10:48:24.361 D/dalvikvm( 2070): GC_FOR_ALLOC freed 2807K, 35% free 8097K/12456K, paused 3ms, total 3ms
02-03 10:48:24.371 D/dalvikvm( 2070): GC_FOR_ALLOC freed 2770K, 36% free 8050K/12456K, paused 3ms, total 4ms
02-03 10:48:24.381 D/dalvikvm( 2070): GC_FOR_ALLOC freed 2938K, 36% free 8052K/12456K, paused 5ms, total 5ms
02-03 10:48:24.381 D/dalvikvm( 2070): GC_FOR_ALLOC freed 3005K, 36% free 8055K/12456K, paused 3ms, total 3ms
02-03 10:48:24.391 D/dalvikvm( 2070): GC_FOR_ALLOC freed 2795K, 34% free 8222K/12456K, paused 4ms, total 4ms
02-03 10:48:24.391 D/dalvikvm( 2070): GC_FOR_ALLOC freed 2738K, 34% free 8227K/12456K, paused 3ms, total 3ms
02-03 10:48:24.401 D/dalvikvm( 2070): GC_FOR_ALLOC freed 2675K, 36% free 8061K/12456K, paused 4ms, total 4ms
02-03 10:48:24.401 D/dalvikvm( 2070): GC_FOR_ALLOC freed 2546K, 35% free 8120K/12456K, paused 3ms, total 3ms
02-03 10:48:24.411 D/dalvikvm( 2070): GC_FOR_ALLOC freed 2469K, 34% free 8241K/12456K, paused 4ms, total 4ms
02-03 10:48:24.421 D/dalvikvm( 2070): GC_FOR_ALLOC freed 2507K, 34% free 8245K/12456K, paused 4ms, total 4ms
02-03 10:48:24.421 D/dalvikvm( 2070): GC_FOR_ALLOC freed 2544K, 35% free 8128K/12456K, paused 3ms, total 4ms
02-03 10:48:24.431 D/dalvikvm( 2070): GC_FOR_ALLOC freed 2582K, 35% free 8131K/12456K, paused 3ms, total 3ms
02-03 10:48:24.431 D/dalvikvm( 2070): GC_FOR_ALLOC freed 2620K, 35% free 8134K/12456K, paused 4ms, total 4ms
02-03 10:48:24.441 D/dalvikvm( 2070): GC_FOR_ALLOC freed 2657K, 35% free 8136K/12456K, paused 4ms, total 4ms
02-03 10:48:24.451 D/dalvikvm( 2070): GC_FOR_ALLOC freed 2566K, 36% free 8075K/12456K, paused 3ms, total 3ms
02-03 10:48:24.451 D/dalvikvm( 2070): GC_FOR_ALLOC freed 2403K, 34% free 8272K/12456K, paused 3ms, total 3ms
02-03 10:48:24.461 D/dalvikvm( 2070): GC_FOR_ALLOC freed 2632K, 36% free 8078K/12456K, paused 5ms, total 5ms
02-03 10:48:24.471 D/dalvikvm( 2070): GC_FOR_ALLOC freed 2464K, 34% free 8280K/12456K, paused 4ms, total 4ms
02-03 10:48:24.471 D/dalvikvm( 2070): GC_FOR_ALLOC freed 2698K, 36% free 8082K/12456K, paused 3ms, total 3ms
02-03 10:48:24.481 D/dalvikvm( 2070): GC_FOR_ALLOC freed 2525K, 34% free 8288K/12456K, paused 4ms, total 4ms
02-03 10:48:24.481 D/dalvikvm( 2070): GC_FOR_ALLOC freed 2416K, 34% free 8292K/12456K, paused 3ms, total 3ms
02-03 10:48:24.491 D/dalvikvm( 2070): GC_FOR_ALLOC freed 2442K, 34% free 8296K/12456K, paused 3ms, total 3ms
02-03 10:48:24.491 D/dalvikvm( 2070): GC_FOR_ALLOC freed 2468K, 34% free 8299K/12456K, paused 4ms, total 4ms
02-03 10:48:24.501 D/dalvikvm( 2070): GC_FOR_ALLOC freed 2494K, 35% free 8160K/12456K, paused 4ms, total 4ms
02-03 10:48:24.501 D/dalvikvm( 2070): GC_FOR_ALLOC freed 2376K, 36% free 8091K/12456K, paused 4ms, total 4ms
02-03 10:48:24.511 D/dalvikvm( 2070): GC_FOR_ALLOC freed 2545K, 36% free 8092K/12456K, paused 3ms, total 3ms
02-03 10:48:24.511 D/dalvikvm( 2070): GC_FOR_ALLOC freed 2571K, 36% free 8094K/12456K, paused 3ms, total 3ms
02-03 10:48:24.521 D/dalvikvm( 2070): GC_FOR_ALLOC freed 2597K, 36% free 8095K/12456K, paused 3ms, total 3ms
02-03 10:48:24.521 D/dalvikvm( 2070): GC_FOR_ALLOC freed 2247K, 34% free 8321K/12456K, paused 3ms, total 3ms
02-03 10:48:24.531 D/dalvikvm( 2070): GC_FOR_ALLOC freed 2494K, 35% free 8098K/12456K, paused 4ms, total 4ms
02-03 10:48:24.531 D/dalvikvm( 2070): GC_FOR_ALLOC freed 2287K, 34% free 8328K/12456K, paused 3ms, total 3ms
02-03 10:48:24.541 D/dalvikvm( 2070): GC_FOR_ALLOC freed 2539K, 35% free 8101K/12456K, paused 4ms, total 4ms
02-03 10:48:24.551 D/dalvikvm( 2070): GC_FOR_ALLOC freed 2327K, 34% free 8334K/12456K, paused 4ms, total 4ms
02-03 10:48:24.551 D/dalvikvm( 2070): GC_FOR_ALLOC freed 2583K, 35% free 8103K/12456K, paused 4ms, total 4ms
02-03 10:48:24.561 D/dalvikvm( 2070): GC_FOR_ALLOC freed 2368K, 34% free 8341K/12456K, paused 5ms, total 5ms
02-03 10:48:24.561 D/dalvikvm( 2070): GC_FOR_ALLOC freed 2627K, 35% free 8106K/12456K, paused 3ms, total 3ms
02-03 10:48:24.571 D/dalvikvm( 2070): GC_FOR_ALLOC freed 2410K, 35% free 8187K/12456K, paused 4ms, total 4ms
02-03 10:48:24.571 D/dalvikvm( 2070): GC_FOR_ALLOC freed 2268K, 33% free 8351K/12456K, paused 3ms, total 3ms
02-03 10:48:24.581 D/dalvikvm( 2070): GC_FOR_ALLOC freed 2285K, 33% free 8355K/12456K, paused 3ms, total 3ms
02-03 10:48:24.581 D/dalvikvm( 2070): GC_FOR_ALLOC freed 2303K, 33% free 8358K/12456K, paused 3ms, total 3ms
02-03 10:48:24.591 D/dalvikvm( 2070): GC_FOR_ALLOC freed 2320K, 35% free 8195K/12456K, paused 3ms, total 3ms
02-03 10:48:24.601 D/dalvikvm( 2070): GC_FOR_ALLOC freed 2339K, 33% free 8364K/12456K, paused 4ms, total 4ms
02-03 10:48:24.601 D/dalvikvm( 2070): GC_FOR_ALLOC freed 2356K, 35% free 8199K/12456K, paused 4ms, total 4ms
02-03 10:48:24.611 D/dalvikvm( 2070): GC_FOR_ALLOC freed 2373K, 33% free 8370K/12456K, paused 4ms, total 4ms
02-03 10:48:24.611 D/dalvikvm( 2070): GC_FOR_ALLOC freed 2389K, 35% free 8202K/12456K, paused 5ms, total 5ms
02-03 10:48:24.621 D/dalvikvm( 2070): GC_FOR_ALLOC freed 2406K, 33% free 8376K/12456K, paused 4ms, total 4ms
02-03 10:48:24.621 D/dalvikvm( 2070): GC_FOR_ALLOC freed 2423K, 35% free 8206K/12456K, paused 3ms, total 4ms
02-03 10:48:24.631 D/dalvikvm( 2070): GC_FOR_ALLOC freed 2440K, 33% free 8382K/12456K, paused 5ms, total 5ms
02-03 10:48:24.641 D/dalvikvm( 2070): GC_FOR_ALLOC freed 2456K, 35% free 8209K/12456K, paused 4ms, total 4ms
02-03 10:48:24.641 D/dalvikvm( 2070): GC_FOR_ALLOC freed 2473K, 33% free 8388K/12456K, paused 3ms, total 3ms
02-03 10:48:24.651 D/dalvikvm( 2070): GC_FOR_ALLOC freed 2490K, 35% free 8213K/12456K, paused 4ms, total 4ms
02-03 10:48:24.651 D/dalvikvm( 2070): GC_FOR_ALLOC freed 2327K, 35% free 8126K/12456K, paused 4ms, total 4ms
02-03 10:48:24.661 D/dalvikvm( 2070): GC_FOR_ALLOC freed 2070K, 33% free 8396K/12456K, paused 4ms, total 4ms
02-03 10:48:24.661 D/dalvikvm( 2070): GC_FOR_ALLOC freed 2354K, 35% free 8128K/12456K, paused 3ms, total 3ms
02-03 10:48:24.671 D/dalvikvm( 2070): GC_FOR_ALLOC freed 2094K, 33% free 8401K/12456K, paused 3ms, total 3ms
02-03 10:48:24.671 D/dalvikvm( 2070): GC_FOR_ALLOC freed 2382K, 35% free 8130K/12456K, paused 3ms, total 3ms
02-03 10:48:24.681 D/dalvikvm( 2070): GC_FOR_ALLOC freed 2118K, 33% free 8407K/12456K, paused 3ms, total 3ms
02-03 10:48:24.681 D/dalvikvm( 2070): GC_FOR_ALLOC freed 2409K, 35% free 8132K/12456K, paused 3ms, total 3ms
02-03 10:48:24.691 D/dalvikvm( 2070): GC_FOR_ALLOC freed 2142K, 33% free 8412K/12456K, paused 4ms, total 4ms
02-03 10:48:24.691 D/dalvikvm( 2070): GC_FOR_ALLOC freed 2436K, 35% free 8134K/12456K, paused 4ms, total 4ms
02-03 10:48:24.701 D/dalvikvm( 2070): GC_FOR_ALLOC freed 2166K, 33% free 8417K/12456K, paused 4ms, total 4ms
02-03 10:48:24.701 D/dalvikvm( 2070): GC_FOR_ALLOC freed 2463K, 35% free 8136K/12456K, paused 3ms, total 3ms
02-03 10:48:24.711 D/dalvikvm( 2070): GC_FOR_ALLOC freed 2190K, 33% free 8422K/12456K, paused 7ms, total 7ms
02-03 10:48:24.721 D/dalvikvm( 2070): GC_FOR_ALLOC freed 2490K, 35% free 8138K/12456K, paused 4ms, total 4ms
02-03 10:48:24.721 D/dalvikvm( 2070): GC_FOR_ALLOC freed 2214K, 33% free 8428K/12456K, paused 4ms, total 4ms
02-03 10:48:24.731 D/dalvikvm( 2070): GC_FOR_ALLOC freed 2518K, 35% free 8140K/12456K, paused 4ms, total 4ms
02-03 10:48:24.731 D/dalvikvm( 2070): GC_FOR_ALLOC freed 2238K, 33% free 8433K/12456K, paused 3ms, total 3ms
02-03 10:48:24.741 D/dalvikvm( 2070): GC_FOR_ALLOC freed 2545K, 35% free 8142K/12456K, paused 3ms, total 3ms
02-03 10:48:24.741 D/dalvikvm( 2070): GC_FOR_ALLOC freed 2263K, 33% free 8438K/12456K, paused 3ms, total 3ms
02-03 10:48:24.751 D/dalvikvm( 2070): GC_FOR_ALLOC freed 2572K, 35% free 8144K/12456K, paused 4ms, total 4ms
02-03 10:48:24.751 D/dalvikvm( 2070): GC_FOR_ALLOC freed 2287K, 34% free 8244K/12456K, paused 3ms, total 3ms
02-03 10:48:24.761 D/dalvikvm( 2070): GC_FOR_ALLOC freed 2098K, 34% free 8246K/12456K, paused 3ms, total 3ms
02-03 10:48:24.761 D/dalvikvm( 2070): GC_FOR_ALLOC freed 2107K, 33% free 8448K/12456K, paused 3ms, total 3ms
02-03 10:48:24.771 D/dalvikvm( 2070): GC_FOR_ALLOC freed 2117K, 33% free 8450K/12456K, paused 3ms, total 3ms
02-03 10:48:24.771 D/dalvikvm( 2070): GC_FOR_ALLOC freed 2126K, 34% free 8250K/12456K, paused 4ms, total 4ms
02-03 10:48:24.781 D/dalvikvm( 2070): GC_FOR_ALLOC freed 2136K, 34% free 8251K/12456K, paused 5ms, total 5ms
02-03 10:48:24.781 D/dalvikvm( 2070): GC_FOR_ALLOC freed 2146K, 33% free 8457K/12456K, paused 3ms, total 3ms
02-03 10:48:24.791 D/dalvikvm( 2070): GC_FOR_ALLOC freed 2155K, 33% free 8459K/12456K, paused 3ms, total 3ms
02-03 10:48:24.801 D/dalvikvm( 2070): GC_FOR_ALLOC freed 2165K, 34% free 8255K/12456K, paused 5ms, total 6ms
02-03 10:48:24.801 D/dalvikvm( 2070): GC_FOR_ALLOC freed 2515K, 34% free 8261K/12456K, paused 3ms, total 3ms
02-03 10:48:24.811 D/dalvikvm( 2070): GC_FOR_ALLOC freed 2552K, 34% free 8291K/12456K, paused 4ms, total 4ms
02-03 10:48:24.811 D/dalvikvm( 2070): GC_FOR_ALLOC freed 1558K, 34% free 8291K/12456K, paused 3ms, total 3ms
02-03 10:48:24.821 D/dalvikvm( 2070): GC_FOR_ALLOC freed 1280K, 38% free 7791K/12456K, paused 3ms, total 3ms
02-03 10:48:24.821 I/dalvikvm-heap( 2070): Grow heap (frag case) to 8.651MB for 1048592-byte allocation
02-03 10:48:24.821 D/dalvikvm( 2070): GC_FOR_ALLOC freed <1K, 35% free 8815K/13484K, paused 2ms, total 2ms
02-03 10:48:24.821 D/dalvikvm( 2070): GC_FOR_ALLOC freed 4K, 35% free 8812K/13484K, paused 2ms, total 2ms
02-03 10:48:24.831 I/dalvikvm-heap( 2070): Grow heap (frag case) to 9.648MB for 1048592-byte allocation
02-03 10:48:24.831 D/dalvikvm( 2070): GC_FOR_ALLOC freed <1K, 33% free 9836K/14512K, paused 2ms, total 2ms
02-03 10:48:24.831 D/dalvikvm( 2070): GC_FOR_ALLOC freed <1K, 33% free 9836K/14512K, paused 2ms, total 2ms
02-03 10:48:24.831 I/dalvikvm-heap( 2070): Grow heap (frag case) to 10.648MB for 1048592-byte allocation
02-03 10:48:24.841 D/dalvikvm( 2070): GC_FOR_ALLOC freed 0K, 31% free 10860K/15540K, paused 2ms, total 2ms
02-03 10:48:25.271 D/dalvikvm( 2070): GC_CONCURRENT freed 6899K, 49% free 8027K/15540K, paused 1ms+2ms, total 17ms
02-03 10:48:25.271 D/dalvikvm( 2070): WAIT_FOR_CONCURRENT_GC blocked 15ms
02-03 10:48:25.281 D/dalvikvm( 2070): GC_CONCURRENT freed 4073K, 36% free 8048K/12456K, paused 0ms+0ms, total 4ms
02-03 10:48:25.281 D/dalvikvm( 2070): WAIT_FOR_CONCURRENT_GC blocked 3ms
02-03 10:48:25.291 D/dalvikvm( 2070): GC_FOR_ALLOC freed 3729K, 36% free 8045K/12456K, paused 5ms, total 5ms
02-03 10:48:25.301 D/dalvikvm( 2070): GC_FOR_ALLOC freed 3591K, 36% free 8015K/12456K, paused 4ms, total 4ms
02-03 10:48:25.311 D/dalvikvm( 2070): GC_FOR_ALLOC freed 3300K, 36% free 8018K/12456K, paused 3ms, total 3ms
02-03 10:48:25.311 D/dalvikvm( 2070): GC_FOR_ALLOC freed 3257K, 36% free 8019K/12456K, paused 3ms, total 3ms
02-03 10:48:25.321 D/dalvikvm( 2070): GC_FOR_ALLOC freed 3297K, 36% free 8019K/12456K, paused 3ms, total 3ms
02-03 10:48:25.331 D/dalvikvm( 2070): GC_FOR_ALLOC freed 3048K, 36% free 8019K/12456K, paused 3ms, total 3ms
02-03 10:48:25.331 D/dalvikvm( 2070): GC_FOR_ALLOC freed 3043K, 36% free 8054K/12456K, paused 4ms, total 4ms
02-03 10:48:25.341 D/dalvikvm( 2070): GC_FOR_ALLOC freed 3049K, 36% free 8018K/12456K, paused 4ms, total 4ms
02-03 10:48:25.341 D/dalvikvm( 2070): GC_FOR_ALLOC freed 2990K, 36% free 8021K/12456K, paused 3ms, total 3ms
02-03 10:48:25.351 D/dalvikvm( 2070): GC_FOR_ALLOC freed 2911K, 35% free 8147K/12456K, paused 4ms, total 4ms
02-03 10:48:25.351 D/dalvikvm( 2070): GC_FOR_ALLOC freed 2944K, 35% free 8155K/12456K, paused 3ms, total 3ms
02-03 10:48:25.361 D/dalvikvm( 2070): GC_FOR_ALLOC freed 3049K, 36% free 8074K/12456K, paused 3ms, total 3ms
02-03 10:48:25.371 D/dalvikvm( 2070): GC_FOR_ALLOC freed 3062K, 36% free 8034K/12456K, paused 4ms, total 4ms
02-03 10:48:25.371 D/dalvikvm( 2070): GC_FOR_ALLOC freed 2689K, 36% free 8082K/12456K, paused 3ms, total 3ms
02-03 10:48:25.381 D/dalvikvm( 2070): GC_FOR_ALLOC freed 2906K, 36% free 8039K/12456K, paused 5ms, total 5ms
02-03 10:48:25.381 D/dalvikvm( 2070): GC_FOR_ALLOC freed 2836K, 36% free 8090K/12456K, paused 3ms, total 3ms
02-03 10:48:25.391 D/dalvikvm( 2070): GC_FOR_ALLOC freed 2807K, 36% free 8093K/12456K, paused 4ms, total 4ms
02-03 10:48:25.401 D/dalvikvm( 2070): GC_FOR_ALLOC freed 2770K, 36% free 8046K/12456K, paused 3ms, total 3ms
02-03 10:48:25.401 D/dalvikvm( 2070): GC_FOR_ALLOC freed 2938K, 36% free 8048K/12456K, paused 3ms, total 3ms
02-03 10:48:25.411 D/dalvikvm( 2070): GC_FOR_ALLOC freed 3005K, 36% free 8051K/12456K, paused 4ms, total 4ms
02-03 10:48:25.411 D/dalvikvm( 2070): GC_FOR_ALLOC freed 2795K, 35% free 8218K/12456K, paused 3ms, total 4ms
02-03 10:48:25.421 D/dalvikvm( 2070): GC_FOR_ALLOC freed 2738K, 34% free 8223K/12456K, paused 3ms, total 3ms
02-03 10:48:25.421 D/dalvikvm( 2070): GC_FOR_ALLOC freed 2675K, 36% free 8057K/12456K, paused 3ms, total 3ms
02-03 10:48:25.431 D/dalvikvm( 2070): GC_FOR_ALLOC freed 2546K, 35% free 8116K/12456K, paused 3ms, total 3ms
02-03 10:48:25.431 D/dalvikvm( 2070): GC_FOR_ALLOC freed 2469K, 34% free 8237K/12456K, paused 3ms, total 4ms
02-03 10:48:25.441 D/dalvikvm( 2070): GC_FOR_ALLOC freed 2507K, 34% free 8241K/12456K, paused 4ms, total 4ms
02-03 10:48:25.441 D/dalvikvm( 2070): GC_FOR_ALLOC freed 2544K, 35% free 8124K/12456K, paused 3ms, total 3ms
02-03 10:48:25.451 D/dalvikvm( 2070): GC_FOR_ALLOC freed 2582K, 35% free 8127K/12456K, paused 3ms, total 3ms
02-03 10:48:25.451 D/dalvikvm( 2070): GC_FOR_ALLOC freed 2620K, 35% free 8130K/12456K, paused 3ms, total 3ms
02-03 10:48:25.461 D/dalvikvm( 2070): GC_FOR_ALLOC freed 2657K, 35% free 8132K/12456K, paused 4ms, total 4ms
02-03 10:48:25.471 D/dalvikvm( 2070): GC_FOR_ALLOC freed 2566K, 36% free 8071K/12456K, paused 3ms, total 3ms
02-03 10:48:25.471 D/dalvikvm( 2070): GC_FOR_ALLOC freed 2403K, 34% free 8268K/12456K, paused 3ms, total 3ms
02-03 10:48:25.481 D/dalvikvm( 2070): GC_FOR_ALLOC freed 2632K, 36% free 8074K/12456K, paused 3ms, total 3ms
02-03 10:48:25.481 D/dalvikvm( 2070): GC_FOR_ALLOC freed 2464K, 34% free 8276K/12456K, paused 3ms, total 3ms
02-03 10:48:25.491 D/dalvikvm( 2070): GC_FOR_ALLOC freed 2698K, 36% free 8078K/12456K, paused 3ms, total 3ms
02-03 10:48:25.491 D/dalvikvm( 2070): GC_FOR_ALLOC freed 2525K, 34% free 8284K/12456K, paused 3ms, total 3ms
02-03 10:48:25.501 D/dalvikvm( 2070): GC_FOR_ALLOC freed 2416K, 34% free 8288K/12456K, paused 3ms, total 3ms
02-03 10:48:25.501 D/dalvikvm( 2070): GC_FOR_ALLOC freed 2442K, 34% free 8292K/12456K, paused 3ms, total 3ms
02-03 10:48:25.511 D/dalvikvm( 2070): GC_FOR_ALLOC freed 2468K, 34% free 8295K/12456K, paused 3ms, total 3ms
02-03 10:48:25.511 D/dalvikvm( 2070): GC_FOR_ALLOC freed 2494K, 35% free 8156K/12456K, paused 4ms, total 4ms
02-03 10:48:25.521 D/dalvikvm( 2070): GC_FOR_ALLOC freed 2376K, 36% free 8087K/12456K, paused 3ms, total 3ms
02-03 10:48:25.521 D/dalvikvm( 2070): GC_FOR_ALLOC freed 2545K, 36% free 8088K/12456K, paused 3ms, total 3ms
02-03 10:48:25.531 D/dalvikvm( 2070): GC_FOR_ALLOC freed 2571K, 36% free 8090K/12456K, paused 4ms, total 4ms
02-03 10:48:25.541 D/dalvikvm( 2070): GC_FOR_ALLOC freed 2597K, 36% free 8091K/12456K, paused 3ms, total 3ms
02-03 10:48:25.541 D/dalvikvm( 2070): GC_FOR_ALLOC freed 2247K, 34% free 8317K/12456K, paused 3ms, total 3ms
02-03 10:48:25.551 D/dalvikvm( 2070): GC_FOR_ALLOC freed 2494K, 36% free 8094K/12456K, paused 4ms, total 4ms
02-03 10:48:25.551 D/dalvikvm( 2070): GC_FOR_ALLOC freed 2287K, 34% free 8324K/12456K, paused 3ms, total 3ms
02-03 10:48:25.561 D/dalvikvm( 2070): GC_FOR_ALLOC freed 2539K, 35% free 8097K/12456K, paused 4ms, total 4ms
02-03 10:48:25.561 D/dalvikvm( 2070): GC_FOR_ALLOC freed 2327K, 34% free 8330K/12456K, paused 3ms, total 3ms
02-03 10:48:25.571 D/dalvikvm( 2070): GC_FOR_ALLOC freed 2583K, 35% free 8099K/12456K, paused 3ms, total 3ms
02-03 10:48:25.571 D/dalvikvm( 2070): GC_FOR_ALLOC freed 2368K, 34% free 8337K/12456K, paused 3ms, total 3ms
02-03 10:48:25.581 D/dalvikvm( 2070): GC_FOR_ALLOC freed 2627K, 35% free 8102K/12456K, paused 3ms, total 3ms
02-03 10:48:25.581 D/dalvikvm( 2070): GC_FOR_ALLOC freed 2410K, 35% free 8183K/12456K, paused 3ms, total 3ms
02-03 10:48:25.591 D/dalvikvm( 2070): GC_FOR_ALLOC freed 2268K, 33% free 8347K/12456K, paused 3ms, total 3ms
02-03 10:48:25.591 D/dalvikvm( 2070): GC_FOR_ALLOC freed 2285K, 33% free 8351K/12456K, paused 3ms, total 3ms
02-03 10:48:25.601 D/dalvikvm( 2070): GC_FOR_ALLOC freed 2303K, 33% free 8354K/12456K, paused 3ms, total 3ms
02-03 10:48:25.601 D/dalvikvm( 2070): GC_FOR_ALLOC freed 2320K, 35% free 8191K/12456K, paused 3ms, total 3ms
02-03 10:48:25.611 D/dalvikvm( 2070): GC_FOR_ALLOC freed 2339K, 33% free 8360K/12456K, paused 4ms, total 4ms
02-03 10:48:25.611 D/dalvikvm( 2070): GC_FOR_ALLOC freed 2356K, 35% free 8195K/12456K, paused 4ms, total 4ms
02-03 10:48:25.621 D/dalvikvm( 2070): GC_FOR_ALLOC freed 2373K, 33% free 8366K/12456K, paused 3ms, total 3ms
02-03 10:48:25.621 D/dalvikvm( 2070): GC_FOR_ALLOC freed 2389K, 35% free 8198K/12456K, paused 3ms, total 3ms
02-03 10:48:25.631 D/dalvikvm( 2070): GC_FOR_ALLOC freed 2406K, 33% free 8372K/12456K, paused 5ms, total 5ms
02-03 10:48:25.641 D/dalvikvm( 2070): GC_FOR_ALLOC freed 2423K, 35% free 8202K/12456K, paused 4ms, total 4ms
02-03 10:48:25.641 D/dalvikvm( 2070): GC_FOR_ALLOC freed 2440K, 33% free 8378K/12456K, paused 3ms, total 3ms
02-03 10:48:25.651 D/dalvikvm( 2070): GC_FOR_ALLOC freed 2456K, 35% free 8205K/12456K, paused 3ms, total 3ms
02-03 10:48:25.651 D/dalvikvm( 2070): GC_FOR_ALLOC freed 2473K, 33% free 8384K/12456K, paused 3ms, total 3ms
02-03 10:48:25.661 D/dalvikvm( 2070): GC_FOR_ALLOC freed 2490K, 35% free 8209K/12456K, paused 3ms, total 3ms
02-03 10:48:25.661 D/dalvikvm( 2070): GC_FOR_ALLOC freed 2327K, 35% free 8122K/12456K, paused 3ms, total 3ms
02-03 10:48:25.671 D/dalvikvm( 2070): GC_FOR_ALLOC freed 2070K, 33% free 8392K/12456K, paused 3ms, total 3ms
02-03 10:48:25.671 D/dalvikvm( 2070): GC_FOR_ALLOC freed 2354K, 35% free 8124K/12456K, paused 3ms, total 3ms
02-03 10:48:25.681 D/dalvikvm( 2070): GC_FOR_ALLOC freed 2094K, 33% free 8397K/12456K, paused 3ms, total 3ms
02-03 10:48:25.681 D/dalvikvm( 2070): GC_FOR_ALLOC freed 2382K, 35% free 8126K/12456K, paused 3ms, total 3ms
02-03 10:48:25.691 D/dalvikvm( 2070): GC_FOR_ALLOC freed 2118K, 33% free 8403K/12456K, paused 3ms, total 3ms
02-03 10:48:25.691 D/dalvikvm( 2070): GC_FOR_ALLOC freed 2409K, 35% free 8128K/12456K, paused 3ms, total 3ms
02-03 10:48:25.701 D/dalvikvm( 2070): GC_FOR_ALLOC freed 2142K, 33% free 8408K/12456K, paused 4ms, total 4ms
02-03 10:48:25.701 D/dalvikvm( 2070): GC_FOR_ALLOC freed 2436K, 35% free 8130K/12456K, paused 4ms, total 4ms
02-03 10:48:25.711 D/dalvikvm( 2070): GC_FOR_ALLOC freed 2166K, 33% free 8413K/12456K, paused 3ms, total 4ms
02-03 10:48:25.711 D/dalvikvm( 2070): GC_FOR_ALLOC freed 2463K, 35% free 8132K/12456K, paused 5ms, total 5ms
02-03 10:48:25.721 D/dalvikvm( 2070): GC_FOR_ALLOC freed 2190K, 33% free 8418K/12456K, paused 3ms, total 3ms
02-03 10:48:25.721 D/dalvikvm( 2070): GC_FOR_ALLOC freed 2490K, 35% free 8134K/12456K, paused 3ms, total 3ms
02-03 10:48:25.731 D/dalvikvm( 2070): GC_FOR_ALLOC freed 2214K, 33% free 8424K/12456K, paused 3ms, total 3ms
02-03 10:48:25.731 D/dalvikvm( 2070): GC_FOR_ALLOC freed 2518K, 35% free 8136K/12456K, paused 4ms, total 4ms
02-03 10:48:25.741 D/dalvikvm( 2070): GC_FOR_ALLOC freed 2238K, 33% free 8429K/12456K, paused 4ms, total 4ms
02-03 10:48:25.741 D/dalvikvm( 2070): GC_FOR_ALLOC freed 2545K, 35% free 8138K/12456K, paused 4ms, total 4ms
02-03 10:48:25.751 D/dalvikvm( 2070): GC_FOR_ALLOC freed 2263K, 33% free 8434K/12456K, paused 3ms, total 3ms
02-03 10:48:25.751 D/dalvikvm( 2070): GC_FOR_ALLOC freed 2572K, 35% free 8140K/12456K, paused 4ms, total 4ms
02-03 10:48:25.761 D/dalvikvm( 2070): GC_FOR_ALLOC freed 2287K, 34% free 8240K/12456K, paused 4ms, total 4ms
02-03 10:48:25.761 D/dalvikvm( 2070): GC_FOR_ALLOC freed 2098K, 34% free 8242K/12456K, paused 3ms, total 3ms
02-03 10:48:25.771 D/dalvikvm( 2070): GC_FOR_ALLOC freed 2107K, 33% free 8444K/12456K, paused 3ms, total 4ms
02-03 10:48:25.771 D/dalvikvm( 2070): GC_FOR_ALLOC freed 2117K, 33% free 8446K/12456K, paused 3ms, total 3ms
02-03 10:48:25.781 D/dalvikvm( 2070): GC_FOR_ALLOC freed 2126K, 34% free 8246K/12456K, paused 3ms, total 3ms
02-03 10:48:25.781 D/dalvikvm( 2070): GC_FOR_ALLOC freed 2136K, 34% free 8247K/12456K, paused 4ms, total 4ms
02-03 10:48:25.791 D/dalvikvm( 2070): GC_FOR_ALLOC freed 2146K, 33% free 8453K/12456K, paused 3ms, total 3ms
02-03 10:48:25.791 D/dalvikvm( 2070): GC_FOR_ALLOC freed 2155K, 33% free 8455K/12456K, paused 3ms, total 3ms
02-03 10:48:25.801 D/dalvikvm( 2070): GC_FOR_ALLOC freed 2165K, 34% free 8251K/12456K, paused 4ms, total 4ms
02-03 10:48:25.801 D/dalvikvm( 2070): GC_FOR_ALLOC freed 2515K, 34% free 8257K/12456K, paused 3ms, total 3ms
02-03 10:48:25.811 D/dalvikvm( 2070): GC_FOR_ALLOC freed 2552K, 34% free 8287K/12456K, paused 3ms, total 3ms
02-03 10:48:25.821 D/dalvikvm( 2070): GC_FOR_ALLOC freed 1558K, 34% free 8287K/12456K, paused 3ms, total 3ms
02-03 10:48:25.821 D/dalvikvm( 2070): GC_FOR_ALLOC freed 1280K, 38% free 7787K/12456K, paused 3ms, total 4ms
02-03 10:48:25.821 I/dalvikvm-heap( 2070): Grow heap (frag case) to 8.647MB for 1048592-byte allocation
02-03 10:48:25.821 D/dalvikvm( 2070): GC_FOR_ALLOC freed 0K, 35% free 8811K/13484K, paused 2ms, total 2ms
02-03 10:48:25.841 D/dalvikvm( 2070): GC_FOR_ALLOC freed <1K, 35% free 8796K/13484K, paused 13ms, total 13ms
02-03 10:48:25.841 I/dalvikvm-heap( 2070): Grow heap (frag case) to 9.632MB for 1048592-byte allocation
02-03 10:48:25.841 D/dalvikvm( 2070): GC_FOR_ALLOC freed 0K, 33% free 9820K/14512K, paused 3ms, total 3ms
02-03 10:48:25.841 D/dalvikvm( 2070): GC_FOR_ALLOC freed <1K, 33% free 9820K/14512K, paused 2ms, total 2ms
02-03 10:48:25.851 I/dalvikvm-heap( 2070): Grow heap (frag case) to 10.632MB for 1048592-byte allocation
02-03 10:48:25.851 D/dalvikvm( 2070): GC_FOR_ALLOC freed <1K, 31% free 10844K/15540K, paused 4ms, total 4ms
02-03 10:48:26.251 D/dalvikvm( 2070): GC_CONCURRENT freed 6876K, 49% free 8050K/15540K, paused 1ms+1ms, total 7ms
02-03 10:48:26.251 D/dalvikvm( 2070): WAIT_FOR_CONCURRENT_GC blocked 6ms
02-03 10:48:26.261 D/dalvikvm( 2070): GC_CONCURRENT freed 4028K, 36% free 8115K/12588K, paused 1ms+1ms, total 4ms
02-03 10:48:26.261 D/dalvikvm( 2070): WAIT_FOR_CONCURRENT_GC blocked 4ms
02-03 10:48:26.271 D/dalvikvm( 2070): GC_FOR_ALLOC freed 3720K, 37% free 8018K/12588K, paused 3ms, total 3ms
02-03 10:48:26.281 D/dalvikvm( 2070): GC_FOR_ALLOC freed 3633K, 37% free 8010K/12588K, paused 15ms, total 15ms
02-03 10:48:26.291 D/dalvikvm( 2070): GC_FOR_ALLOC freed 3300K, 37% free 8045K/12588K, paused 3ms, total 3ms
02-03 10:48:26.301 D/dalvikvm( 2070): GC_FOR_ALLOC freed 3110K, 36% free 8130K/12588K, paused 6ms, total 6ms
02-03 10:48:26.311 D/dalvikvm( 2070): GC_FOR_ALLOC freed 3221K, 37% free 8042K/12588K, paused 4ms, total 4ms
02-03 10:48:26.311 D/dalvikvm( 2070): GC_FOR_ALLOC freed 3038K, 37% free 8037K/12588K, paused 4ms, total 4ms
02-03 10:48:26.321 D/dalvikvm( 2070): GC_FOR_ALLOC freed 3030K, 36% free 8072K/12588K, paused 4ms, total 4ms
02-03 10:48:26.331 D/dalvikvm( 2070): GC_FOR_ALLOC freed 3037K, 37% free 8037K/12588K, paused 4ms, total 4ms
02-03 10:48:26.331 D/dalvikvm( 2070): GC_FOR_ALLOC freed 2978K, 37% free 8040K/12588K, paused 4ms, total 4ms
02-03 10:48:26.341 D/dalvikvm( 2070): GC_FOR_ALLOC freed 2900K, 36% free 8165K/12588K, paused 4ms, total 4ms
02-03 10:48:26.341 D/dalvikvm( 2070): GC_FOR_ALLOC freed 2848K, 37% free 8046K/12588K, paused 3ms, total 3ms
02-03 10:48:26.351 D/dalvikvm( 2070): GC_FOR_ALLOC freed 2814K, 36% free 8180K/12588K, paused 3ms, total 3ms
02-03 10:48:26.361 D/dalvikvm( 2070): GC_FOR_ALLOC freed 2814K, 35% free 8186K/12588K, paused 4ms, total 4ms
02-03 10:48:26.361 D/dalvikvm( 2070): GC_FOR_ALLOC freed 2899K, 36% free 8100K/12588K, paused 4ms, total 4ms
02-03 10:48:26.371 D/dalvikvm( 2070): GC_FOR_ALLOC freed 2888K, 36% free 8057K/12588K, paused 3ms, total 3ms
02-03 10:48:26.371 D/dalvikvm( 2070): GC_FOR_ALLOC freed 2819K, 36% free 8108K/12588K, paused 4ms, total 4ms
02-03 10:48:26.381 D/dalvikvm( 2070): GC_FOR_ALLOC freed 2790K, 36% free 8111K/12588K, paused 5ms, total 5ms
02-03 10:48:26.391 D/dalvikvm( 2070): GC_FOR_ALLOC freed 2754K, 36% free 8064K/12588K, paused 3ms, total 3ms
02-03 10:48:26.391 D/dalvikvm( 2070): GC_FOR_ALLOC freed 2922K, 36% free 8066K/12588K, paused 4ms, total 4ms
02-03 10:48:26.401 D/dalvikvm( 2070): GC_FOR_ALLOC freed 2719K, 35% free 8229K/12588K, paused 4ms, total 4ms
02-03 10:48:26.401 D/dalvikvm( 2070): GC_FOR_ALLOC freed 2665K, 35% free 8234K/12588K, paused 3ms, total 3ms
02-03 10:48:26.411 D/dalvikvm( 2070): GC_FOR_ALLOC freed 2716K, 36% free 8128K/12588K, paused 4ms, total 4ms
02-03 10:48:26.421 D/dalvikvm( 2070): GC_FOR_ALLOC freed 2653K, 36% free 8075K/12588K, paused 4ms, total 4ms
02-03 10:48:26.421 D/dalvikvm( 2070): GC_FOR_ALLOC freed 2526K, 35% free 8249K/12588K, paused 3ms, total 3ms
02-03 10:48:26.431 D/dalvikvm( 2070): GC_FOR_ALLOC freed 2450K, 35% free 8254K/12588K, paused 3ms, total 3ms
02-03 10:48:26.431 D/dalvikvm( 2070): GC_FOR_ALLOC freed 2488K, 36% free 8139K/12588K, paused 3ms, total 3ms
02-03 10:48:26.441 D/dalvikvm( 2070): GC_FOR_ALLOC freed 2525K, 36% free 8142K/12588K, paused 4ms, total 4ms
02-03 10:48:26.441 D/dalvikvm( 2070): GC_FOR_ALLOC freed 2563K, 36% free 8145K/12588K, paused 3ms, total 3ms
02-03 10:48:26.451 D/dalvikvm( 2070): GC_FOR_ALLOC freed 2601K, 36% free 8147K/12588K, paused 5ms, total 5ms
02-03 10:48:26.451 D/dalvikvm( 2070): GC_FOR_ALLOC freed 2638K, 36% free 8150K/12588K, paused 4ms, total 4ms
02-03 10:48:26.461 D/dalvikvm( 2070): GC_FOR_ALLOC freed 2676K, 36% free 8153K/12588K, paused 3ms, total 3ms
02-03 10:48:26.471 D/dalvikvm( 2070): GC_FOR_ALLOC freed 2584K, 36% free 8091K/12588K, paused 4ms, total 4ms
02-03 10:48:26.471 D/dalvikvm( 2070): GC_FOR_ALLOC freed 2420K, 35% free 8289K/12588K, paused 3ms, total 3ms
02-03 10:48:26.481 D/dalvikvm( 2070): GC_FOR_ALLOC freed 2316K, 35% free 8292K/12588K, paused 3ms, total 3ms
02-03 10:48:26.481 D/dalvikvm( 2070): GC_FOR_ALLOC freed 2342K, 35% free 8296K/12588K, paused 3ms, total 3ms
02-03 10:48:26.491 D/dalvikvm( 2070): GC_FOR_ALLOC freed 2369K, 35% free 8300K/12588K, paused 3ms, total 3ms
02-03 10:48:26.491 D/dalvikvm( 2070): GC_FOR_ALLOC freed 2395K, 36% free 8166K/12588K, paused 3ms, total 3ms
02-03 10:48:26.501 D/dalvikvm( 2070): GC_FOR_ALLOC freed 2421K, 36% free 8169K/12588K, paused 3ms, total 3ms
02-03 10:48:26.501 D/dalvikvm( 2070): GC_FOR_ALLOC freed 2447K, 36% free 8171K/12588K, paused 3ms, total 3ms
02-03 10:48:26.511 D/dalvikvm( 2070): GC_FOR_ALLOC freed 2473K, 36% free 8173K/12588K, paused 4ms, total 4ms
02-03 10:48:26.511 D/dalvikvm( 2070): GC_FOR_ALLOC freed 2499K, 36% free 8175K/12588K, paused 4ms, total 4ms
02-03 10:48:26.521 D/dalvikvm( 2070): GC_FOR_ALLOC freed 2525K, 36% free 8178K/12588K, paused 3ms, total 3ms
02-03 10:48:26.521 D/dalvikvm( 2070): GC_FOR_ALLOC freed 2552K, 36% free 8180K/12588K, paused 3ms, total 3ms
02-03 10:48:26.531 D/dalvikvm( 2070): GC_FOR_ALLOC freed 2578K, 35% free 8182K/12588K, paused 4ms, total 4ms
02-03 10:48:26.541 D/dalvikvm( 2070): GC_FOR_ALLOC freed 2604K, 35% free 8184K/12588K, paused 3ms, total 3ms
02-03 10:48:26.541 D/dalvikvm( 2070): GC_FOR_ALLOC freed 2479K, 36% free 8112K/12588K, paused 3ms, total 3ms
02-03 10:48:26.551 D/dalvikvm( 2070): GC_FOR_ALLOC freed 2273K, 34% free 8340K/12588K, paused 4ms, total 4ms
02-03 10:48:26.551 D/dalvikvm( 2070): GC_FOR_ALLOC freed 2524K, 36% free 8115K/12588K, paused 4ms, total 4ms
02-03 10:48:26.561 D/dalvikvm( 2070): GC_FOR_ALLOC freed 2314K, 34% free 8347K/12588K, paused 4ms, total 4ms
02-03 10:48:26.561 D/dalvikvm( 2070): GC_FOR_ALLOC freed 2568K, 36% free 8117K/12588K, paused 3ms, total 3ms
02-03 10:48:26.571 D/dalvikvm( 2070): GC_FOR_ALLOC freed 2354K, 35% free 8197K/12588K, paused 3ms, total 3ms
02-03 10:48:26.571 D/dalvikvm( 2070): GC_FOR_ALLOC freed 2215K, 35% free 8198K/12588K, paused 4ms, total 4ms
02-03 10:48:26.581 D/dalvikvm( 2070): GC_FOR_ALLOC freed 2232K, 35% free 8200K/12588K, paused 3ms, total 3ms
02-03 10:48:26.581 D/dalvikvm( 2070): GC_FOR_ALLOC freed 2250K, 35% free 8202K/12588K, paused 3ms, total 4ms
02-03 10:48:26.591 D/dalvikvm( 2070): GC_FOR_ALLOC freed 2268K, 35% free 8204K/12588K, paused 3ms, total 3ms
02-03 10:48:26.591 D/dalvikvm( 2070): GC_FOR_ALLOC freed 2285K, 35% free 8206K/12588K, paused 4ms, total 4ms
02-03 10:48:26.601 D/dalvikvm( 2070): GC_FOR_ALLOC freed 2303K, 35% free 8208K/12588K, paused 3ms, total 4ms
02-03 10:48:26.601 D/dalvikvm( 2070): GC_FOR_ALLOC freed 2320K, 35% free 8210K/12588K, paused 3ms, total 3ms
02-03 10:48:26.611 D/dalvikvm( 2070): GC_FOR_ALLOC freed 2339K, 35% free 8212K/12588K, paused 3ms, total 3ms
02-03 10:48:26.611 D/dalvikvm( 2070): GC_FOR_ALLOC freed 2356K, 35% free 8213K/12588K, paused 4ms, total 4ms
02-03 10:48:26.621 D/dalvikvm( 2070): GC_FOR_ALLOC freed 2373K, 35% free 8215K/12588K, paused 3ms, total 3ms
02-03 10:48:26.621 D/dalvikvm( 2070): GC_FOR_ALLOC freed 2389K, 35% free 8217K/12588K, paused 3ms, total 3ms
02-03 10:48:26.631 D/dalvikvm( 2070): GC_FOR_ALLOC freed 2406K, 35% free 8219K/12588K, paused 5ms, total 5ms
02-03 10:48:26.641 D/dalvikvm( 2070): GC_FOR_ALLOC freed 2423K, 35% free 8221K/12588K, paused 3ms, total 3ms
02-03 10:48:26.641 D/dalvikvm( 2070): GC_FOR_ALLOC freed 2440K, 35% free 8222K/12588K, paused 3ms, total 3ms
02-03 10:48:26.651 D/dalvikvm( 2070): GC_FOR_ALLOC freed 2456K, 35% free 8224K/12588K, paused 3ms, total 3ms
02-03 10:48:26.651 D/dalvikvm( 2070): GC_FOR_ALLOC freed 2473K, 35% free 8226K/12588K, paused 4ms, total 4ms
02-03 10:48:26.661 D/dalvikvm( 2070): GC_FOR_ALLOC freed 2490K, 35% free 8228K/12588K, paused 4ms, total 4ms
02-03 10:48:26.661 D/dalvikvm( 2070): GC_FOR_ALLOC freed 2327K, 36% free 8140K/12588K, paused 4ms, total 4ms
02-03 10:48:26.671 D/dalvikvm( 2070): GC_FOR_ALLOC freed 2070K, 34% free 8411K/12588K, paused 3ms, total 4ms
02-03 10:48:26.671 D/dalvikvm( 2070): GC_FOR_ALLOC freed 2354K, 36% free 8143K/12588K, paused 3ms, total 3ms
02-03 10:48:26.681 D/dalvikvm( 2070): GC_FOR_ALLOC freed 2094K, 34% free 8416K/12588K, paused 3ms, total 3ms
02-03 10:48:26.681 D/dalvikvm( 2070): GC_FOR_ALLOC freed 2382K, 36% free 8145K/12588K, paused 3ms, total 3ms
02-03 10:48:26.691 D/dalvikvm( 2070): GC_FOR_ALLOC freed 2118K, 34% free 8421K/12588K, paused 3ms, total 3ms
02-03 10:48:26.691 D/dalvikvm( 2070): GC_FOR_ALLOC freed 2409K, 36% free 8147K/12588K, paused 3ms, total 3ms
02-03 10:48:26.701 D/dalvikvm( 2070): GC_FOR_ALLOC freed 2142K, 34% free 8427K/12588K, paused 4ms, total 4ms
02-03 10:48:26.701 D/dalvikvm( 2070): GC_FOR_ALLOC freed 2436K, 36% free 8149K/12588K, paused 4ms, total 4ms
02-03 10:48:26.711 D/dalvikvm( 2070): GC_FOR_ALLOC freed 2166K, 34% free 8432K/12588K, paused 3ms, total 3ms
02-03 10:48:26.711 D/dalvikvm( 2070): GC_FOR_ALLOC freed 2463K, 36% free 8151K/12588K, paused 5ms, total 5ms
02-03 10:48:26.721 D/dalvikvm( 2070): GC_FOR_ALLOC freed 2190K, 33% free 8437K/12588K, paused 3ms, total 3ms
02-03 10:48:26.721 D/dalvikvm( 2070): GC_FOR_ALLOC freed 2490K, 36% free 8153K/12588K, paused 3ms, total 3ms
02-03 10:48:26.731 D/dalvikvm( 2070): GC_FOR_ALLOC freed 2214K, 33% free 8442K/12588K, paused 3ms, total 3ms
02-03 10:48:26.731 D/dalvikvm( 2070): GC_FOR_ALLOC freed 2518K, 36% free 8155K/12588K, paused 3ms, total 3ms
02-03 10:48:26.741 D/dalvikvm( 2070): GC_FOR_ALLOC freed 2238K, 33% free 8448K/12588K, paused 3ms, total 3ms
02-03 10:48:26.741 D/dalvikvm( 2070): GC_FOR_ALLOC freed 2545K, 36% free 8157K/12588K, paused 3ms, total 3ms
02-03 10:48:26.751 D/dalvikvm( 2070): GC_FOR_ALLOC freed 2263K, 33% free 8453K/12588K, paused 3ms, total 3ms
02-03 10:48:26.751 D/dalvikvm( 2070): GC_FOR_ALLOC freed 2572K, 36% free 8159K/12588K, paused 3ms, total 3ms
02-03 10:48:26.761 D/dalvikvm( 2070): GC_FOR_ALLOC freed 2287K, 33% free 8458K/12588K, paused 3ms, total 4ms
02-03 10:48:26.761 D/dalvikvm( 2070): GC_FOR_ALLOC freed 2098K, 33% free 8460K/12588K, paused 3ms, total 3ms
02-03 10:48:26.771 D/dalvikvm( 2070): GC_FOR_ALLOC freed 2107K, 35% free 8262K/12588K, paused 3ms, total 3ms
02-03 10:48:26.771 D/dalvikvm( 2070): GC_FOR_ALLOC freed 2117K, 33% free 8465K/12588K, paused 4ms, total 4ms
02-03 10:48:26.781 D/dalvikvm( 2070): GC_FOR_ALLOC freed 2126K, 35% free 8265K/12588K, paused 3ms, total 3ms
02-03 10:48:26.781 D/dalvikvm( 2070): GC_FOR_ALLOC freed 2136K, 33% free 8469K/12588K, paused 3ms, total 3ms
02-03 10:48:26.791 D/dalvikvm( 2070): GC_FOR_ALLOC freed 2146K, 35% free 8267K/12588K, paused 3ms, total 3ms
02-03 10:48:26.791 D/dalvikvm( 2070): GC_FOR_ALLOC freed 2155K, 33% free 8474K/12588K, paused 3ms, total 3ms
02-03 10:48:26.801 D/dalvikvm( 2070): GC_FOR_ALLOC freed 2165K, 35% free 8270K/12588K, paused 5ms, total 5ms
02-03 10:48:26.811 D/dalvikvm( 2070): GC_FOR_ALLOC freed 2519K, 35% free 8272K/12588K, paused 3ms, total 3ms
02-03 10:48:26.811 D/dalvikvm( 2070): GC_FOR_ALLOC freed 2564K, 35% free 8290K/12588K, paused 3ms, total 4ms
02-03 10:48:26.821 D/dalvikvm( 2070): GC_FOR_ALLOC freed 1558K, 33% free 8513K/12588K, paused 4ms, total 4ms
02-03 10:48:26.821 D/dalvikvm( 2070): GC_FOR_ALLOC freed 1288K, 39% free 7782K/12588K, paused 3ms, total 3ms
02-03 10:48:26.831 D/dalvikvm( 2070): GC_FOR_ALLOC freed 4K, 31% free 8803K/12588K, paused 3ms, total 3ms
02-03 10:48:26.831 I/dalvikvm-heap( 2070): Grow heap (frag case) to 9.639MB for 1048592-byte allocation
02-03 10:48:26.831 D/dalvikvm( 2070): GC_FOR_ALLOC freed 2K, 28% free 9824K/13616K, paused 3ms, total 3ms
02-03 10:48:26.831 D/dalvikvm( 2070): GC_FOR_ALLOC freed <1K, 28% free 9824K/13616K, paused 3ms, total 3ms
02-03 10:48:26.841 I/dalvikvm-heap( 2070): Grow heap (frag case) to 10.636MB for 1048592-byte allocation
02-03 10:48:26.841 D/dalvikvm( 2070): GC_FOR_ALLOC freed 0K, 26% free 10848K/14644K, paused 3ms, total 3ms
02-03 10:48:27.231 D/dalvikvm( 2070): GC_CONCURRENT freed 6875K, 47% free 8018K/14972K, paused 1ms+1ms, total 17ms
02-03 10:48:27.231 D/dalvikvm( 2070): WAIT_FOR_CONCURRENT_GC blocked 17ms
02-03 10:48:27.241 D/dalvikvm( 2070): GC_CONCURRENT freed 4031K, 36% free 8060K/12436K, paused 1ms+1ms, total 5ms
02-03 10:48:27.241 D/dalvikvm( 2070): WAIT_FOR_CONCURRENT_GC blocked 4ms
02-03 10:48:27.251 D/dalvikvm( 2070): GC_FOR_ALLOC freed 3649K, 36% free 7999K/12436K, paused 4ms, total 4ms
02-03 10:48:27.261 D/dalvikvm( 2070): GC_FOR_ALLOC freed 3446K, 36% free 8081K/12436K, paused 4ms, total 4ms
02-03 10:48:27.271 D/dalvikvm( 2070): GC_FOR_ALLOC freed 3397K, 36% free 8014K/12436K, paused 3ms, total 3ms
02-03 10:48:27.271 D/dalvikvm( 2070): GC_FOR_ALLOC freed 3240K, 36% free 8014K/12436K, paused 3ms, total 3ms
02-03 10:48:27.281 D/dalvikvm( 2070): GC_FOR_ALLOC freed 3119K, 35% free 8110K/12436K, paused 4ms, total 4ms
02-03 10:48:27.281 D/dalvikvm( 2070): GC_FOR_ALLOC freed 3025K, 36% free 8048K/12436K, paused 4ms, total 4ms
02-03 10:48:27.291 D/dalvikvm( 2070): GC_FOR_ALLOC freed 2949K, 36% free 8049K/12436K, paused 3ms, total 3ms
02-03 10:48:27.301 D/dalvikvm( 2070): GC_FOR_ALLOC freed 3025K, 36% free 8014K/12436K, paused 4ms, total 4ms
02-03 10:48:27.301 D/dalvikvm( 2070): GC_FOR_ALLOC freed 2967K, 36% free 8017K/12436K, paused 3ms, total 3ms
02-03 10:48:27.311 D/dalvikvm( 2070): GC_FOR_ALLOC freed 2889K, 35% free 8142K/12436K, paused 4ms, total 4ms
02-03 10:48:27.321 D/dalvikvm( 2070): GC_FOR_ALLOC freed 2922K, 36% free 8065K/12436K, paused 3ms, total 3ms
02-03 10:48:27.321 D/dalvikvm( 2070): GC_FOR_ALLOC freed 2940K, 36% free 8026K/12436K, paused 3ms, total 3ms
02-03 10:48:27.331 D/dalvikvm( 2070): GC_FOR_ALLOC freed 3129K, 36% free 8029K/12436K, paused 4ms, total 4ms
02-03 10:48:27.331 D/dalvikvm( 2070): GC_FOR_ALLOC freed 2672K, 35% free 8170K/12436K, paused 4ms, total 4ms
02-03 10:48:27.341 D/dalvikvm( 2070): GC_FOR_ALLOC freed 2648K, 36% free 8081K/12436K, paused 4ms, total 4ms
02-03 10:48:27.351 D/dalvikvm( 2070): GC_FOR_ALLOC freed 2715K, 35% free 8182K/12436K, paused 4ms, total 4ms
02-03 10:48:27.351 D/dalvikvm( 2070): GC_FOR_ALLOC freed 2782K, 35% free 8088K/12436K, paused 3ms, total 3ms
02-03 10:48:27.361 D/dalvikvm( 2070): GC_FOR_ALLOC freed 2746K, 36% free 8041K/12436K, paused 4ms, total 4ms
02-03 10:48:27.361 D/dalvikvm( 2070): GC_FOR_ALLOC freed 2913K, 36% free 8043K/12436K, paused 3ms, total 3ms
02-03 10:48:27.371 D/dalvikvm( 2070): GC_FOR_ALLOC freed 2711K, 35% free 8205K/12436K, paused 4ms, total 4ms
02-03 10:48:27.371 D/dalvikvm( 2070): GC_FOR_ALLOC freed 2657K, 34% free 8211K/12436K, paused 3ms, total 3ms
02-03 10:48:27.381 D/dalvikvm( 2070): GC_FOR_ALLOC freed 2709K, 34% free 8216K/12436K, paused 5ms, total 5ms
02-03 10:48:27.391 D/dalvikvm( 2070): GC_FOR_ALLOC freed 2646K, 36% free 8052K/12436K, paused 4ms, total 4ms
02-03 10:48:27.391 D/dalvikvm( 2070): GC_FOR_ALLOC freed 2520K, 35% free 8111K/12436K, paused 3ms, total 3ms
02-03 10:48:27.401 D/dalvikvm( 2070): GC_FOR_ALLOC freed 2444K, 34% free 8230K/12436K, paused 4ms, total 4ms
02-03 10:48:27.411 D/dalvikvm( 2070): GC_FOR_ALLOC freed 2482K, 34% free 8235K/12436K, paused 3ms, total 4ms
02-03 10:48:27.411 D/dalvikvm( 2070): GC_FOR_ALLOC freed 2519K, 35% free 8119K/12436K, paused 3ms, total 3ms
02-03 10:48:27.421 D/dalvikvm( 2070): GC_FOR_ALLOC freed 2557K, 35% free 8121K/12436K, paused 4ms, total 4ms
02-03 10:48:27.421 D/dalvikvm( 2070): GC_FOR_ALLOC freed 2595K, 35% free 8124K/12436K, paused 3ms, total 3ms
02-03 10:48:27.431 D/dalvikvm( 2070): GC_FOR_ALLOC freed 2632K, 35% free 8127K/12436K, paused 4ms, total 4ms
02-03 10:48:27.431 D/dalvikvm( 2070): GC_FOR_ALLOC freed 2670K, 35% free 8129K/12436K, paused 4ms, total 4ms
02-03 10:48:27.441 D/dalvikvm( 2070): GC_FOR_ALLOC freed 2254K, 34% free 8261K/12436K, paused 3ms, total 3ms
02-03 10:48:27.441 D/dalvikvm( 2070): GC_FOR_ALLOC freed 2280K, 34% free 8264K/12436K, paused 3ms, total 3ms
02-03 10:48:27.451 D/dalvikvm( 2070): GC_FOR_ALLOC freed 2306K, 34% free 8268K/12436K, paused 4ms, total 4ms
02-03 10:48:27.451 D/dalvikvm( 2070): GC_FOR_ALLOC freed 2332K, 34% free 8272K/12436K, paused 3ms, total 3ms
02-03 10:48:27.461 D/dalvikvm( 2070): GC_FOR_ALLOC freed 2358K, 34% free 8276K/12436K, paused 3ms, total 3ms
02-03 10:48:27.471 D/dalvikvm( 2070): GC_FOR_ALLOC freed 2248K, 36% free 8075K/12436K, paused 6ms, total 6ms
02-03 10:48:27.471 D/dalvikvm( 2070): GC_FOR_ALLOC freed 2409K, 36% free 8077K/12436K, paused 3ms, total 3ms
02-03 10:48:27.481 D/dalvikvm( 2070): GC_FOR_ALLOC freed 2435K, 36% free 8078K/12436K, paused 3ms, total 3ms
02-03 10:48:27.481 D/dalvikvm( 2070): GC_FOR_ALLOC freed 2461K, 36% free 8080K/12436K, paused 3ms, total 3ms
02-03 10:48:27.491 D/dalvikvm( 2070): GC_FOR_ALLOC freed 2487K, 36% free 8081K/12436K, paused 3ms, total 4ms
02-03 10:48:27.491 D/dalvikvm( 2070): GC_FOR_ALLOC freed 2514K, 36% free 8083K/12436K, paused 4ms, total 4ms
02-03 10:48:27.501 D/dalvikvm( 2070): GC_FOR_ALLOC freed 2540K, 35% free 8084K/12436K, paused 3ms, total 3ms
02-03 10:48:27.501 D/dalvikvm( 2070): GC_FOR_ALLOC freed 2566K, 35% free 8086K/12436K, paused 4ms, total 4ms
02-03 10:48:27.511 D/dalvikvm( 2070): GC_FOR_ALLOC freed 2592K, 35% free 8087K/12436K, paused 3ms, total 3ms
02-03 10:48:27.511 D/dalvikvm( 2070): GC_FOR_ALLOC freed 2242K, 35% free 8163K/12436K, paused 3ms, total 3ms
02-03 10:48:27.521 D/dalvikvm( 2070): GC_FOR_ALLOC freed 2489K, 35% free 8090K/12436K, paused 4ms, total 4ms
02-03 10:48:27.531 D/dalvikvm( 2070): GC_FOR_ALLOC freed 2282K, 34% free 8319K/12436K, paused 3ms, total 3ms
02-03 10:48:27.531 D/dalvikvm( 2070): GC_FOR_ALLOC freed 2148K, 34% free 8322K/12436K, paused 3ms, total 3ms
02-03 10:48:27.541 D/dalvikvm( 2070): GC_FOR_ALLOC freed 2553K, 35% free 8094K/12436K, paused 4ms, total 4ms
02-03 10:48:27.541 D/dalvikvm( 2070): GC_FOR_ALLOC freed 2341K, 34% free 8329K/12436K, paused 3ms, total 3ms
02-03 10:48:27.551 D/dalvikvm( 2070): GC_FOR_ALLOC freed 2598K, 35% free 8096K/12436K, paused 4ms, total 4ms
02-03 10:48:27.561 D/dalvikvm( 2070): GC_FOR_ALLOC freed 2381K, 35% free 8176K/12436K, paused 4ms, total 4ms
02-03 10:48:27.561 D/dalvikvm( 2070): GC_FOR_ALLOC freed 2241K, 33% free 8339K/12436K, paused 4ms, total 4ms
02-03 10:48:27.571 D/dalvikvm( 2070): GC_FOR_ALLOC freed 2259K, 35% free 8180K/12436K, paused 3ms, total 3ms
02-03 10:48:27.571 D/dalvikvm( 2070): GC_FOR_ALLOC freed 2276K, 33% free 8345K/12436K, paused 3ms, total 3ms
02-03 10:48:27.581 D/dalvikvm( 2070): GC_FOR_ALLOC freed 2294K, 35% free 8184K/12436K, paused 3ms, total 3ms
02-03 10:48:27.581 D/dalvikvm( 2070): GC_FOR_ALLOC freed 2311K, 33% free 8351K/12436K, paused 3ms, total 3ms
02-03 10:48:27.591 D/dalvikvm( 2070): GC_FOR_ALLOC freed 2329K, 35% free 8188K/12436K, paused 3ms, total 3ms
02-03 10:48:27.591 D/dalvikvm( 2070): GC_FOR_ALLOC freed 2348K, 33% free 8358K/12436K, paused 4ms, total 4ms
02-03 10:48:27.601 D/dalvikvm( 2070): GC_FOR_ALLOC freed 2364K, 35% free 8192K/12436K, paused 4ms, total 4ms
02-03 10:48:27.601 D/dalvikvm( 2070): GC_FOR_ALLOC freed 2381K, 33% free 8364K/12436K, paused 3ms, total 3ms
02-03 10:48:27.611 D/dalvikvm( 2070): GC_FOR_ALLOC freed 2398K, 35% free 8195K/12436K, paused 4ms, total 4ms
02-03 10:48:27.611 D/dalvikvm( 2070): GC_FOR_ALLOC freed 2415K, 33% free 8370K/12436K, paused 3ms, total 3ms
02-03 10:48:27.621 D/dalvikvm( 2070): GC_FOR_ALLOC freed 2431K, 35% free 8199K/12436K, paused 4ms, total 4ms
02-03 10:48:27.621 D/dalvikvm( 2070): GC_FOR_ALLOC freed 2448K, 33% free 8376K/12436K, paused 3ms, total 3ms
02-03 10:48:27.631 D/dalvikvm( 2070): GC_FOR_ALLOC freed 2465K, 35% free 8202K/12436K, paused 3ms, total 3ms
02-03 10:48:27.641 D/dalvikvm( 2070): GC_FOR_ALLOC freed 2481K, 33% free 8382K/12436K, paused 4ms, total 4ms
02-03 10:48:27.641 D/dalvikvm( 2070): GC_FOR_ALLOC freed 2498K, 35% free 8206K/12436K, paused 3ms, total 4ms
02-03 10:48:27.651 D/dalvikvm( 2070): GC_FOR_ALLOC freed 2335K, 35% free 8118K/12436K, paused 4ms, total 4ms
02-03 10:48:27.651 D/dalvikvm( 2070): GC_FOR_ALLOC freed 2077K, 33% free 8390K/12436K, paused 3ms, total 3ms
02-03 10:48:27.661 D/dalvikvm( 2070): GC_FOR_ALLOC freed 2362K, 35% free 8120K/12436K, paused 3ms, total 3ms
02-03 10:48:27.661 D/dalvikvm( 2070): GC_FOR_ALLOC freed 2101K, 33% free 8395K/12436K, paused 4ms, total 4ms
02-03 10:48:27.671 D/dalvikvm( 2070): GC_FOR_ALLOC freed 2389K, 35% free 8123K/12436K, paused 5ms, total 5ms
02-03 10:48:27.671 D/dalvikvm( 2070): GC_FOR_ALLOC freed 2125K, 33% free 8400K/12436K, paused 4ms, total 4ms
02-03 10:48:27.681 D/dalvikvm( 2070): GC_FOR_ALLOC freed 2417K, 35% free 8125K/12436K, paused 4ms, total 4ms
02-03 10:48:27.681 D/dalvikvm( 2070): GC_FOR_ALLOC freed 2149K, 33% free 8405K/12436K, paused 4ms, total 4ms
02-03 10:48:27.691 D/dalvikvm( 2070): GC_FOR_ALLOC freed 2444K, 35% free 8127K/12436K, paused 3ms, total 3ms
02-03 10:48:27.691 D/dalvikvm( 2070): GC_FOR_ALLOC freed 2173K, 33% free 8411K/12436K, paused 3ms, total 3ms
02-03 10:48:27.701 D/dalvikvm( 2070): GC_FOR_ALLOC freed 2471K, 35% free 8129K/12436K, paused 4ms, total 4ms
02-03 10:48:27.711 D/dalvikvm( 2070): GC_FOR_ALLOC freed 2197K, 33% free 8416K/12436K, paused 3ms, total 3ms
02-03 10:48:27.711 D/dalvikvm( 2070): GC_FOR_ALLOC freed 2498K, 35% free 8131K/12436K, paused 4ms, total 4ms
02-03 10:48:27.721 D/dalvikvm( 2070): GC_FOR_ALLOC freed 2221K, 33% free 8421K/12436K, paused 5ms, total 5ms
02-03 10:48:27.721 D/dalvikvm( 2070): GC_FOR_ALLOC freed 2525K, 35% free 8133K/12436K, paused 3ms, total 3ms
02-03 10:48:27.731 D/dalvikvm( 2070): GC_FOR_ALLOC freed 2245K, 33% free 8426K/12436K, paused 3ms, total 3ms
02-03 10:48:27.731 D/dalvikvm( 2070): GC_FOR_ALLOC freed 2553K, 35% free 8135K/12436K, paused 3ms, total 3ms
02-03 10:48:27.741 D/dalvikvm( 2070): GC_FOR_ALLOC freed 2269K, 33% free 8432K/12436K, paused 3ms, total 3ms
02-03 10:48:27.741 D/dalvikvm( 2070): GC_FOR_ALLOC freed 2580K, 35% free 8137K/12436K, paused 3ms, total 3ms
02-03 10:48:27.751 D/dalvikvm( 2070): GC_FOR_ALLOC freed 2293K, 33% free 8437K/12436K, paused 3ms, total 4ms
02-03 10:48:27.751 D/dalvikvm( 2070): GC_FOR_ALLOC freed 2104K, 33% free 8439K/12436K, paused 3ms, total 3ms
02-03 10:48:27.761 D/dalvikvm( 2070): GC_FOR_ALLOC freed 2114K, 34% free 8240K/12436K, paused 3ms, total 3ms
02-03 10:48:27.761 D/dalvikvm( 2070): GC_FOR_ALLOC freed 2123K, 34% free 8241K/12436K, paused 3ms, total 3ms
02-03 10:48:27.771 D/dalvikvm( 2070): GC_FOR_ALLOC freed 2132K, 33% free 8446K/12436K, paused 3ms, total 3ms
02-03 10:48:27.771 D/dalvikvm( 2070): GC_FOR_ALLOC freed 2142K, 33% free 8448K/12436K, paused 3ms, total 3ms
02-03 10:48:27.781 D/dalvikvm( 2070): GC_FOR_ALLOC freed 2152K, 34% free 8246K/12436K, paused 3ms, total 3ms
02-03 10:48:27.791 D/dalvikvm( 2070): GC_FOR_ALLOC freed 2162K, 34% free 8247K/12436K, paused 4ms, total 4ms
02-03 10:48:27.791 D/dalvikvm( 2070): GC_FOR_ALLOC freed 2205K, 35% free 8141K/12436K, paused 4ms, total 4ms
02-03 10:48:27.801 D/dalvikvm( 2070): GC_FOR_ALLOC freed 2596K, 35% free 8160K/12436K, paused 4ms, total 4ms
02-03 10:48:27.801 D/dalvikvm( 2070): GC_FOR_ALLOC freed 1780K, 34% free 8271K/12436K, paused 5ms, total 5ms
02-03 10:48:27.811 D/dalvikvm( 2070): GC_FOR_ALLOC freed 2051K, 38% free 7779K/12436K, paused 4ms, total 4ms
02-03 10:48:27.811 I/dalvikvm-heap( 2070): Grow heap (frag case) to 8.640MB for 1048592-byte allocation
02-03 10:48:27.811 D/dalvikvm( 2070): GC_FOR_ALLOC freed <1K, 35% free 8803K/13464K, paused 2ms, total 2ms
02-03 10:48:27.821 D/dalvikvm( 2070): GC_FOR_ALLOC freed 4K, 35% free 8800K/13464K, paused 3ms, total 3ms
02-03 10:48:27.821 I/dalvikvm-heap( 2070): Grow heap (frag case) to 9.636MB for 1048592-byte allocation
02-03 10:48:27.821 D/dalvikvm( 2070): GC_FOR_ALLOC freed <1K, 33% free 9824K/14492K, paused 3ms, total 3ms
02-03 10:48:27.831 D/dalvikvm( 2070): GC_FOR_ALLOC freed <1K, 33% free 9824K/14492K, paused 3ms, total 3ms
02-03 10:48:27.831 I/dalvikvm-heap( 2070): Grow heap (frag case) to 10.636MB for 1048592-byte allocation
02-03 10:48:27.831 D/dalvikvm( 2070): GC_FOR_ALLOC freed 0K, 31% free 10848K/15520K, paused 2ms, total 2ms
02-03 10:48:28.831 D/wpa_supplicant(  637): wlan0: Starting AP scan for wildcard SSID
02-03 10:48:28.831 D/wpa_supplicant(  637): WPS: Building WPS IE for Probe Request
02-03 10:48:28.831 D/wpa_supplicant(  637): WPS:  * Version (hardcoded 0x10)
02-03 10:48:28.831 D/wpa_supplicant(  637): WPS:  * Request Type
02-03 10:48:28.831 D/wpa_supplicant(  637): WPS:  * Config Methods (4288)
02-03 10:48:28.831 D/wpa_supplicant(  637): WPS:  * UUID-E
02-03 10:48:28.831 D/wpa_supplicant(  637): WPS:  * Primary Device Type
02-03 10:48:28.831 D/wpa_supplicant(  637): WPS:  * RF Bands (1)
02-03 10:48:28.831 D/wpa_supplicant(  637): WPS:  * Association State
02-03 10:48:28.831 D/wpa_supplicant(  637): WPS:  * Configuration Error (0)
02-03 10:48:28.831 D/wpa_supplicant(  637): WPS:  * Device Password ID (0)
02-03 10:48:28.831 D/wpa_supplicant(  637): WPS:  * Manufacturer
02-03 10:48:28.831 D/wpa_supplicant(  637): WPS:  * Model Name
02-03 10:48:28.831 D/wpa_supplicant(  637): WPS:  * Model Number
02-03 10:48:28.831 D/wpa_supplicant(  637): WPS:  * Device Name
02-03 10:48:28.831 D/wpa_supplicant(  637): WPS:  * Version2 (0x20)
02-03 10:48:28.831 D/wpa_supplicant(  637): P2P: * P2P IE header
02-03 10:48:28.831 D/wpa_supplicant(  637): P2P: * Capability dev=25 group=00
02-03 10:48:28.831 D/wpa_supplicant(  637): P2P: * Listen Channel: Regulatory Class 81 Channel 11
02-03 10:48:28.831 D/wpa_supplicant(  637): wlan0: nl80211: scan request
02-03 10:48:28.891 D/wpa_supplicant(  637): Scan requested (ret=0) - scan timeout 30 seconds
02-03 10:48:28.891 D/wpa_supplicant(  637): nl80211: Drv Event 33 (NL80211_CMD_TRIGGER_SCAN) received for wlan0
02-03 10:48:28.891 D/wpa_supplicant(  637): wlan0: nl80211: Scan trigger
02-03 10:48:30.011 D/wpa_supplicant(  637): nl80211: Drv Event 34 (NL80211_CMD_NEW_SCAN_RESULTS) received for wlan0
02-03 10:48:30.011 D/wpa_supplicant(  637): wlan0: nl80211: New scan results available
02-03 10:48:30.011 D/wpa_supplicant(  637): wlan0: Event SCAN_RESULTS (3) received
02-03 10:48:30.011 D/wpa_supplicant(  637): nl80211: Received scan results (27 BSSes)
02-03 10:48:30.011 D/wpa_supplicant(  637): nl80211: Survey data missing
02-03 10:48:30.011 D/wpa_supplicant(  637): wlan0: BSS: Start scan result update 105
02-03 10:48:30.011 D/wpa_supplicant(  637): wlan0: BSS: Add new id 437 BSSID 2c:b0:5d:7f:f4:24 SSID 'NETGEAR38'
02-03 10:48:30.011 D/wpa_supplicant(  637): CTRL_IFACE monitor send - hexdump(len=39): 2f 64 61 74 61 2f 6d 69 73 63 2f 77 69 66 69 2f 73 6f 63 6b 65 74 73 2f 77 70 61 5f 63 74 72 6c ...
02-03 10:48:30.011 D/wpa_supplicant(  637): wlan0: BSS: Add new id 438 BSSID c0:a0:bb:20:3b:84 SSID 'dlink-3B84'
02-03 10:48:30.011 D/wpa_supplicant(  637): CTRL_IFACE monitor send - hexdump(len=39): 2f 64 61 74 61 2f 6d 69 73 63 2f 77 69 66 69 2f 73 6f 63 6b 65 74 73 2f 77 70 61 5f 63 74 72 6c ...
02-03 10:48:30.011 D/wpa_supplicant(  637): wlan0: BSS: Add new id 439 BSSID f4:b7:e2:2b:41:b7 SSID 'cmscc'
02-03 10:48:30.011 D/wpa_supplicant(  637): CTRL_IFACE monitor send - hexdump(len=39): 2f 64 61 74 61 2f 6d 69 73 63 2f 77 69 66 69 2f 73 6f 63 6b 65 74 73 2f 77 70 61 5f 63 74 72 6c ...
02-03 10:48:30.011 D/wpa_supplicant(  637): wlan0: BSS: Add new id 440 BSSID 02:09:4c:b9:0c:d6 SSID 'DIRECT-'
02-03 10:48:30.011 D/wpa_supplicant(  637): CTRL_IFACE monitor send - hexdump(len=39): 2f 64 61 74 61 2f 6d 69 73 63 2f 77 69 66 69 2f 73 6f 63 6b 65 74 73 2f 77 70 61 5f 63 74 72 6c ...
02-03 10:48:30.011 D/wpa_supplicant(  637): wlan0: BSS: Add new id 441 BSSID e4:d3:32:dd:18:62 SSID 'Internet'
02-03 10:48:30.011 D/wpa_supplicant(  637): CTRL_IFACE monitor send - hexdump(len=39): 2f 64 61 74 61 2f 6d 69 73 63 2f 77 69 66 69 2f 73 6f 63 6b 65 74 73 2f 77 70 61 5f 63 74 72 6c ...
02-03 10:48:30.011 D/wpa_supplicant(  637): wlan0: BSS: Remove id 426 BSSID 22:48:9a:ac:31:5b SSID 'dean1' due to no match in scan
02-03 10:48:30.011 D/wpa_supplicant(  637): CTRL_IFACE monitor send - hexdump(len=39): 2f 64 61 74 61 2f 6d 69 73 63 2f 77 69 66 69 2f 73 6f 63 6b 65 74 73 2f 77 70 61 5f 63 74 72 6c ...
02-03 10:48:30.011 D/wpa_supplicant(  637): BSS: last_scan_res_used=27/32 last_scan_full=0
02-03 10:48:30.011 D/wpa_supplicant(  637): wlan0: New scan results available
02-03 10:48:30.011 D/wpa_supplicant(  637): CTRL_IFACE monitor send - hexdump(len=39): 2f 64 61 74 61 2f 6d 69 73 63 2f 77 69 66 69 2f 73 6f 63 6b 65 74 73 2f 77 70 61 5f 63 74 72 6c ...
02-03 10:48:30.011 D/wpa_supplicant(  637): CTRL_IFACE monitor send - hexdump(len=39): 2f 64 61 74 61 2f 6d 69 73 63 2f 77 69 66 69 2f 73 6f 63 6b 65 74 73 2f 77 70 61 5f 63 74 72 6c ...
02-03 10:48:30.011 D/wpa_supplicant(  637): Authorize channel 1
02-03 10:48:30.011 D/wpa_supplicant(  637): Authorize channel 2
02-03 10:48:30.011 D/wpa_supplicant(  637): Authorize channel 3
02-03 10:48:30.011 D/wpa_supplicant(  637): Authorize channel 4
02-03 10:48:30.011 D/wpa_supplicant(  637): Authorize channel 5
02-03 10:48:30.011 D/wpa_supplicant(  637): Authorize channel 6
02-03 10:48:30.011 D/wpa_supplicant(  637): Authorize channel 7
02-03 10:48:30.011 D/wpa_supplicant(  637): Authorize channel 8
02-03 10:48:30.011 D/wpa_supplicant(  637): Authorize channel 9
02-03 10:48:30.011 D/wpa_supplicant(  637): Authorize channel 10
02-03 10:48:30.011 D/wpa_supplicant(  637): Authorize channel 11
02-03 10:48:30.011 D/wpa_supplicant(  637): Authorize channel 12
02-03 10:48:30.011 D/wpa_supplicant(  637): Authorize channel 13
02-03 10:48:30.011 D/wpa_supplicant(  637): Authorize channel 1
02-03 10:48:30.011 D/wpa_supplicant(  637): Authorize channel 2
02-03 10:48:30.011 D/wpa_supplicant(  637): Authorize channel 3
02-03 10:48:30.011 D/wpa_supplicant(  637): Authorize channel 4
02-03 10:48:30.011 D/wpa_supplicant(  637): Authorize channel 5
02-03 10:48:30.011 D/wpa_supplicant(  637): Authorize channel 6
02-03 10:48:30.011 D/wpa_supplicant(  637): Authorize channel 7
02-03 10:48:30.011 D/wpa_supplicant(  637): Authorize channel 8
02-03 10:48:30.011 D/wpa_supplicant(  637): Authorize channel 9
02-03 10:48:30.011 D/wpa_supplicant(  637): Authorize channel 10
02-03 10:48:30.011 D/wpa_supplicant(  637): Authorize channel 11
02-03 10:48:30.011 D/wpa_supplicant(  637): Authorize channel 12
02-03 10:48:30.011 D/wpa_supplicant(  637): Authorize channel 13
02-03 10:48:30.011 D/wpa_supplicant(  637): Add access point on channel 6
02-03 10:48:30.011 D/wpa_supplicant(  637): Add access point on channel 11
02-03 10:48:30.011 D/wpa_supplicant(  637): Add access point on channel 6
02-03 10:48:30.011 D/wpa_supplicant(  637): Add access point on channel 11
02-03 10:48:30.011 D/wpa_supplicant(  637): Add access point on channel 11
02-03 10:48:30.011 D/wpa_supplicant(  637): Add access point on channel 11
02-03 10:48:30.011 D/wpa_supplicant(  637): Add access point on channel 11
02-03 10:48:30.011 D/wpa_supplicant(  637): Add access point on channel 6
02-03 10:48:30.011 D/wpa_supplicant(  637): Add access point on channel 1
02-03 10:48:30.011 D/wpa_supplicant(  637): Add access point on channel 1
02-03 10:48:30.011 D/wpa_supplicant(  637): Add access point on channel 3
02-03 10:48:30.011 D/wpa_supplicant(  637): Add access point on channel 11
02-03 10:48:30.011 D/wpa_supplicant(  637): Add access point on channel 6
02-03 10:48:30.011 D/wpa_supplicant(  637): Add access point on channel 1
02-03 10:48:30.011 D/wpa_supplicant(  637): Add access point on channel 6
02-03 10:48:30.011 D/wpa_supplicant(  637): Add access point on channel 1
02-03 10:48:30.011 D/wpa_supplicant(  637): Add access point on channel 6
02-03 10:48:30.011 D/wpa_supplicant(  637): Add access point on channel 4
02-03 10:48:30.011 D/wpa_supplicant(  637): Add access point on channel 6
02-03 10:48:30.011 D/wpa_supplicant(  637): Add access point on channel 6
02-03 10:48:30.011 D/wpa_supplicant(  637): Add access point on channel 6
02-03 10:48:30.011 D/wpa_supplicant(  637): Add access point on channel 1
02-03 10:48:30.011 D/wpa_supplicant(  637): Add access point on channel 8
02-03 10:48:30.011 D/wpa_supplicant(  637): Add access point on channel 1
02-03 10:48:30.011 D/wpa_supplicant(  637): Add access point on channel 1
02-03 10:48:30.011 D/wpa_supplicant(  637): Add access point on channel 11
02-03 10:48:30.011 D/wpa_supplicant(  637): Add access point on channel 6
02-03 10:48:30.011 D/wpa_supplicant(  637): Add access point on channel 2
02-03 10:48:30.011 D/wpa_supplicant(  637): Add access point on channel 6
02-03 10:48:30.011 D/wpa_supplicant(  637): Add access point on channel 1
02-03 10:48:30.011 D/wpa_supplicant(  637): Add access point on channel 6
02-03 10:48:30.011 D/wpa_supplicant(  637): Best Operating channel is = 11
02-03 10:48:30.011 D/wpa_supplicant(  637): WPS: AP[0] f8:d1:11:e7:99:e8 type=0 tries=0 last_attempt=-1 sec ago blacklist=0
02-03 10:48:30.011 D/wpa_supplicant(  637): WPS: AP[1] cc:34:29:2b:26:4c type=0 tries=0 last_attempt=-1 sec ago blacklist=0
02-03 10:48:30.011 D/wpa_supplicant(  637): WPS: AP[2] 98:fc:11:81:35:fb type=0 tries=0 last_attempt=-1 sec ago blacklist=0
02-03 10:48:30.011 D/wpa_supplicant(  637): WPS: AP[3] 10:c3:7b:d2:e5:e0 type=0 tries=0 last_attempt=-1 sec ago blacklist=0
02-03 10:48:30.011 D/wpa_supplicant(  637): WPS: AP[4] b0:48:7a:20:66:6a type=0 tries=0 last_attempt=-1 sec ago blacklist=0
02-03 10:48:30.011 D/wpa_supplicant(  637): WPS: AP[5] 44:94:fc:3d:da:38 type=0 tries=0 last_attempt=-1 sec ago blacklist=0
02-03 10:48:30.011 D/wpa_supplicant(  637): WPS: AP[6] b0:48:7a:51:ff:cc type=0 tries=0 last_attempt=-1 sec ago blacklist=0
02-03 10:48:30.011 D/wpa_supplicant(  637): WPS: AP[7] 2c:b0:5d:7f:f4:24 type=0 tries=0 last_attempt=-1 sec ago blacklist=0
02-03 10:48:30.011 D/wpa_supplicant(  637): WPS: AP[8] bc:ee:7b:97:78:35 type=0 tries=0 last_attempt=-1 sec ago blacklist=0
02-03 10:48:30.011 D/wpa_supplicant(  637): WPS: AP[9] 14:d6:4d:28:ef:c8 type=0 tries=0 last_attempt=-1 sec ago blacklist=0
02-03 10:48:30.011 D/wpa_supplicant(  637): WPS: AP[10] cc:34:29:2c:fb:ec type=0 tries=0 last_attempt=-1 sec ago blacklist=0
02-03 10:48:30.011 D/wpa_supplicant(  637): WPS: AP[11] e4:d3:32:36:2e:54 type=0 tries=0 last_attempt=-1 sec ago blacklist=0
02-03 10:48:30.011 D/wpa_supplicant(  637): WPS: AP[12] c0:c1:c0:76:81:3c type=0 tries=0 last_attempt=-1 sec ago blacklist=0
02-03 10:48:30.011 D/wpa_supplicant(  637): WPS: AP[13] ac:f1:df:cf:85:c0 type=0 tries=0 last_attempt=-1 sec ago blacklist=0
02-03 10:48:30.011 D/wpa_supplicant(  637): WPS: AP[14] 4c:e6:76:a5:4d:e0 type=0 tries=0 last_attempt=-1 sec ago blacklist=0
02-03 10:48:30.011 D/wpa_supplicant(  637): WPS: AP[15] c0:a0:bb:20:3b:84 type=0 tries=0 last_attempt=-1 sec ago blacklist=0
02-03 10:48:30.011 D/wpa_supplicant(  637): WPS: AP[16] 02:13:20:ff:b4:e6 type=0 tries=0 last_attempt=-1 sec ago blacklist=0
02-03 10:48:30.011 D/wpa_supplicant(  637): wlan0: Selecting BSS from priority group 24
02-03 10:48:30.011 D/wpa_supplicant(  637): wlan0: 0: 6c:8b:2f:e9:d1:da ssid='ZTE_AP_1640' wpa_ie_len=0 rsn_ie_len=20 caps=0x511 level=-46
02-03 10:48:30.011 D/wpa_supplicant(  637): wlan0:    skip - disabled
02-03 10:48:30.011 D/wpa_supplicant(  637): wlan0: 1: 02:1a:11:f2:bf:af ssid='Android' wpa_ie_len=0 rsn_ie_len=20 caps=0x511 level=-49
02-03 10:48:30.021 D/wpa_supplicant(  637): wlan0:    skip - disabled
02-03 10:48:30.021 I/WifiHW  (  547): EVENT: IFNAME=wlan0 CTRL-EVENT-BSS-ADDED 437 2c:b0:5d:7f:f4:24
02-03 10:48:30.021 I/WifiHW  (  547): EVENT: IFNAME=wlan0 CTRL-EVENT-BSS-ADDED 438 c0:a0:bb:20:3b:84
02-03 10:48:30.021 I/WifiHW  (  547): EVENT: IFNAME=wlan0 CTRL-EVENT-BSS-ADDED 439 f4:b7:e2:2b:41:b7
02-03 10:48:30.021 I/WifiHW  (  547): EVENT: IFNAME=wlan0 CTRL-EVENT-BSS-ADDED 440 02:09:4c:b9:0c:d6
02-03 10:48:30.021 I/WifiHW  (  547): EVENT: IFNAME=wlan0 CTRL-EVENT-BSS-ADDED 441 e4:d3:32:dd:18:62
02-03 10:48:30.021 I/WifiHW  (  547): EVENT: IFNAME=wlan0 CTRL-EVENT-BSS-REMOVED 426 22:48:9a:ac:31:5b
02-03 10:48:30.021 D/wpa_supplicant(  637): wlan0: 2: f8:d1:11:e7:99:e8 ssid='videotest' wpa_ie_len=22 rsn_ie_len=20 caps=0x531 level=-50 wps
02-03 10:48:30.021 D/wpa_supplicant(  637): wlan0:    skip - disabled
02-03 10:48:30.021 D/wpa_supplicant(  637): wlan0: 3: 90:94:e4:03:45:f5 ssid='2553q' wpa_ie_len=0 rsn_ie_len=24 caps=0x431 level=-56
02-03 10:48:30.021 D/wpa_supplicant(  637): wlan0:    skip - disabled
02-03 10:48:30.021 D/wpa_supplicant(  637): wlan0: 4: 10:c3:7b:d2:e5:e0 ssid='ASUS_RT-AC66U-2.4G' wpa_ie_len=0 rsn_ie_len=20 caps=0x411 level=-57 wps
02-03 10:48:30.021 I/WifiHW  (  547): EVENT: IFNAME=wlan0 CTRL-EVENT-SCAN-RESULTS 
02-03 10:48:30.021 D/wpa_supplicant(  637): wlan0:    skip - disabled
02-03 10:48:30.021 D/wpa_supplicant(  637): wlan0: 5: c8:d7:19:60:62:f2 ssid='E3000-2.4G' wpa_ie_len=0 rsn_ie_len=20 caps=0x411 level=-59
02-03 10:48:30.021 I/WifiHW  (  547): EVENT: IFNAME=wlan0 WPS-AP-AVAILABLE 
02-03 10:48:30.021 I/WifiHW  (  547): CMD: IFNAME=wlan0 BSS RANGE=0- MASK=0x21987
02-03 10:48:30.021 D/wpa_supplicant(  637): wlan0:    skip - disabled
02-03 10:48:30.021 D/wpa_supplicant(  637): wlan0: 6: cc:34:29:2c:fb:ec ssid='linksys' wpa_ie_len=22 rsn_ie_len=20 caps=0x431 level=-59 wps
02-03 10:48:30.021 D/wpa_supplicant(  637): wlan0:    skip - disabled
02-03 10:48:30.021 D/wpa_supplicant(  637): wlan0: 7: b0:48:7a:20:66:6a ssid='TP-LINK_20666A' wpa_ie_len=22 rsn_ie_len=20 caps=0x431 level=-60 wps
02-03 10:48:30.021 D/wpa_supplicant(  637): wlan0:    skip - disabled
02-03 10:48:30.021 D/wpa_supplicant(  637): wlan0: 8: cc:34:29:2b:26:4c ssid='cws-test' wpa_ie_len=0 rsn_ie_len=20 caps=0x431 level=-61 wps
02-03 10:48:30.021 D/wpa_supplicant(  637): wlan0:    skip - disabled
02-03 10:48:30.021 D/wpa_supplicant(  637): wlan0: 9: b0:48:7a:51:ff:cc ssid='Neusoft TP' wpa_ie_len=22 rsn_ie_len=20 caps=0x431 level=-63 wps
02-03 10:48:30.021 D/wpa_supplicant(  637): wlan0:    skip - disabled
02-03 10:48:30.021 D/wpa_supplicant(  637): wlan0: 10: 44:94:fc:3d:da:38 ssid='6300' wpa_ie_len=0 rsn_ie_len=20 caps=0x411 level=-64 wps
02-03 10:48:30.021 D/wpa_supplicant(  637): wlan0:    skip - disabled
02-03 10:48:30.021 D/wpa_supplicant(  637): wlan0: 11: 98:fc:11:81:35:fb ssid='E2000E' wpa_ie_len=0 rsn_ie_len=20 caps=0x411 level=-64 wps
02-03 10:48:30.021 D/wpa_supplicant(  637): wlan0:    skip - disabled
02-03 10:48:30.021 D/wpa_supplicant(  637): wlan0: 12: 02:1a:11:fc:c3:59 ssid='test only' wpa_ie_len=0 rsn_ie_len=20 caps=0x431 level=-64
02-03 10:48:30.021 D/wpa_supplicant(  637): wlan0:    skip - disabled
02-03 10:48:30.021 D/wpa_supplicant(  637): wlan0: 13: 22:48:9a:ac:31:7f ssid='WiFi874' wpa_ie_len=0 rsn_ie_len=20 caps=0x431 level=-65
02-03 10:48:30.021 D/wpa_supplicant(  637): wlan0:    skip - disabled
02-03 10:48:30.021 D/wpa_supplicant(  637): wlan0: 14: bc:ee:7b:97:78:35 ssid='ASUS' wpa_ie_len=0 rsn_ie_len=20 caps=0x411 level=-69 wps
02-03 10:48:30.021 D/wpa_supplicant(  637): wlan0:    skip - disabled
02-03 10:48:30.021 D/wpa_supplicant(  637): wlan0: 15: 80:1f:02:43:fb:e8 ssid='Edimax AP' wpa_ie_len=0 rsn_ie_len=20 caps=0x411 level=-69
02-03 10:48:30.021 D/wpa_supplicant(  637): wlan0:    skip - disabled
02-03 10:48:30.021 D/wpa_supplicant(  637): wlan0: 16: cc:b2:55:e2:84:70 ssid='DLINK_APK' wpa_ie_len=22 rsn_ie_len=20 caps=0x411 level=-69
02-03 10:48:30.021 D/wpa_supplicant(  637): wlan0:    skip - disabled
02-03 10:48:30.021 D/wpa_supplicant(  637): wlan0: 17: 14:d6:4d:28:ef:c8 ssid='dlink' wpa_ie_len=0 rsn_ie_len=20 caps=0x31 level=-69 wps
02-03 10:48:30.021 D/wpa_supplicant(  637): wlan0:    skip - disabled
02-03 10:48:30.021 D/wpa_supplicant(  637): wlan0: 18: 1c:65:9d:e8:79:44 ssid='WiFi' wpa_ie_len=0 rsn_ie_len=20 caps=0x511 level=-70
02-03 10:48:30.021 D/wpa_supplicant(  637): wlan0:    skip - disabled
02-03 10:48:30.021 D/wpa_supplicant(  637): wlan0: 19: 02:1a:11:f6:67:da ssid='love U forever' wpa_ie_len=0 rsn_ie_len=20 caps=0x431 level=-70
02-03 10:48:30.021 D/wpa_supplicant(  637): wlan0:    skip - disabled
02-03 10:48:30.021 D/wpa_supplicant(  637): wlan0: 20: 2c:b0:5d:7f:f4:24 ssid='NETGEAR38' wpa_ie_len=0 rsn_ie_len=20 caps=0x31 level=-71 wps
02-03 10:48:30.021 D/wpa_supplicant(  637): wlan0:    skip - disabled
02-03 10:48:30.021 D/wpa_supplicant(  637): wlan0: 21: c0:a0:bb:20:3b:84 ssid='dlink-3B84' wpa_ie_len=26 rsn_ie_len=24 caps=0x411 level=-73 wps
02-03 10:48:30.021 D/wpa_supplicant(  637): wlan0:    skip - disabled
02-03 10:48:30.021 D/wpa_supplicant(  637): wlan0: 22: 00:0f:e2:0f:9f:c1 ssid='321_WAN' wpa_ie_len=28 rsn_ie_len=24 caps=0x411 level=-77
02-03 10:48:30.021 D/wpa_supplicant(  637): wlan0:    skip - disabled
02-03 10:48:30.021 D/wpa_supplicant(  637): wlan0: 23: f4:b7:e2:2b:41:b7 ssid='cmscc' wpa_ie_len=0 rsn_ie_len=20 caps=0x31 level=-83
02-03 10:48:30.021 D/wpa_supplicant(  637): wlan0:    skip - disabled
02-03 10:48:30.021 D/wpa_supplicant(  637): wlan0: 24: 02:09:4c:b9:0c:d6 ssid='DIRECT-' wpa_ie_len=0 rsn_ie_len=0 caps=0x410 level=-69
02-03 10:48:30.021 D/wpa_supplicant(  637): wlan0:    skip - disabled
02-03 10:48:30.021 D/wpa_supplicant(  637): wlan0: 25: e4:d3:32:36:2e:54 ssid='MERCURY_362E54' wpa_ie_len=0 rsn_ie_len=0 caps=0x401 level=-68 wps
02-03 10:48:30.021 D/wpa_supplicant(  637): wlan0:    skip - disabled
02-03 10:48:30.021 D/wpa_supplicant(  637): wlan0: 26: e4:d3:32:dd:18:62 ssid='Internet' wpa_ie_len=0 rsn_ie_len=0 caps=0x421 level=-71
02-03 10:48:30.021 D/wpa_supplicant(  637): wlan0:    skip - disabled
02-03 10:48:30.021 D/wpa_supplicant(  637): wlan0: Selecting BSS from priority group 15
02-03 10:48:30.021 D/wpa_supplicant(  637): wlan0: 0: 6c:8b:2f:e9:d1:da ssid='ZTE_AP_1640' wpa_ie_len=0 rsn_ie_len=20 caps=0x511 level=-46
02-03 10:48:30.021 D/wpa_supplicant(  637): wlan0:    skip - SSID mismatch
02-03 10:48:30.021 D/wpa_supplicant(  637): wlan0: 1: 02:1a:11:f2:bf:af ssid='Android' wpa_ie_len=0 rsn_ie_len=20 caps=0x511 level=-49
02-03 10:48:30.021 D/wpa_supplicant(  637): wlan0:    skip - SSID mismatch
02-03 10:48:30.021 D/wpa_supplicant(  637): wlan0: 2: f8:d1:11:e7:99:e8 ssid='videotest' wpa_ie_len=22 rsn_ie_len=20 caps=0x531 level=-50 wps
02-03 10:48:30.021 D/wpa_supplicant(  637): wlan0:    skip - SSID mismatch
02-03 10:48:30.021 D/wpa_supplicant(  637): wlan0: 3: 90:94:e4:03:45:f5 ssid='2553q' wpa_ie_len=0 rsn_ie_len=24 caps=0x431 level=-56
02-03 10:48:30.021 D/wpa_supplicant(  637): wlan0:    skip - SSID mismatch
02-03 10:48:30.021 D/wpa_supplicant(  637): wlan0: 4: 10:c3:7b:d2:e5:e0 ssid='ASUS_RT-AC66U-2.4G' wpa_ie_len=0 rsn_ie_len=20 caps=0x411 level=-57 wps
02-03 10:48:30.021 D/wpa_supplicant(  637): wlan0:    skip - SSID mismatch
02-03 10:48:30.021 D/wpa_supplicant(  637): wlan0: 5: c8:d7:19:60:62:f2 ssid='E3000-2.4G' wpa_ie_len=0 rsn_ie_len=20 caps=0x411 level=-59
02-03 10:48:30.021 D/wpa_supplicant(  637): wlan0:    skip - SSID mismatch
02-03 10:48:30.021 D/wpa_supplicant(  637): wlan0: 6: cc:34:29:2c:fb:ec ssid='linksys' wpa_ie_len=22 rsn_ie_len=20 caps=0x431 level=-59 wps
02-03 10:48:30.021 D/wpa_supplicant(  637): wlan0:    skip - SSID mismatch
02-03 10:48:30.021 D/wpa_supplicant(  637): wlan0: 7: b0:48:7a:20:66:6a ssid='TP-LINK_20666A' wpa_ie_len=22 rsn_ie_len=20 caps=0x431 level=-60 wps
02-03 10:48:30.021 D/wpa_supplicant(  637): wlan0:    skip - SSID mismatch
02-03 10:48:30.021 D/wpa_supplicant(  637): wlan0: 8: cc:34:29:2b:26:4c ssid='cws-test' wpa_ie_len=0 rsn_ie_len=20 caps=0x431 level=-61 wps
02-03 10:48:30.021 D/wpa_supplicant(  637): wlan0:    skip - SSID mismatch
02-03 10:48:30.021 D/wpa_supplicant(  637): wlan0: 9: b0:48:7a:51:ff:cc ssid='Neusoft TP' wpa_ie_len=22 rsn_ie_len=20 caps=0x431 level=-63 wps
02-03 10:48:30.021 D/wpa_supplicant(  637): wlan0:    skip - SSID mismatch
02-03 10:48:30.021 D/wpa_supplicant(  637): wlan0: 10: 44:94:fc:3d:da:38 ssid='6300' wpa_ie_len=0 rsn_ie_len=20 caps=0x411 level=-64 wps
02-03 10:48:30.021 D/wpa_supplicant(  637): wlan0:    skip - SSID mismatch
02-03 10:48:30.021 D/wpa_supplicant(  637): wlan0: 11: 98:fc:11:81:35:fb ssid='E2000E' wpa_ie_len=0 rsn_ie_len=20 caps=0x411 level=-64 wps
02-03 10:48:30.021 D/wpa_supplicant(  637): wlan0:    skip - SSID mismatch
02-03 10:48:30.021 D/wpa_supplicant(  637): wlan0: 12: 02:1a:11:fc:c3:59 ssid='test only' wpa_ie_len=0 rsn_ie_len=20 caps=0x431 level=-64
02-03 10:48:30.021 D/wpa_supplicant(  637): wlan0:    skip - SSID mismatch
02-03 10:48:30.021 D/wpa_supplicant(  637): wlan0: 13: 22:48:9a:ac:31:7f ssid='WiFi874' wpa_ie_len=0 rsn_ie_len=20 caps=0x431 level=-65
02-03 10:48:30.021 D/wpa_supplicant(  637): wlan0:    skip - SSID mismatch
02-03 10:48:30.021 D/wpa_supplicant(  637): wlan0: 14: bc:ee:7b:97:78:35 ssid='ASUS' wpa_ie_len=0 rsn_ie_len=20 caps=0x411 level=-69 wps
02-03 10:48:30.021 D/wpa_supplicant(  637): wlan0:    skip - SSID mismatch
02-03 10:48:30.021 D/wpa_supplicant(  637): wlan0: 15: 80:1f:02:43:fb:e8 ssid='Edimax AP' wpa_ie_len=0 rsn_ie_len=20 caps=0x411 level=-69
02-03 10:48:30.021 D/wpa_supplicant(  637): wlan0:    skip - SSID mismatch
02-03 10:48:30.021 D/wpa_supplicant(  637): wlan0: 16: cc:b2:55:e2:84:70 ssid='DLINK_APK' wpa_ie_len=22 rsn_ie_len=20 caps=0x411 level=-69
02-03 10:48:30.021 D/wpa_supplicant(  637): wlan0:    skip - SSID mismatch
02-03 10:48:30.021 D/wpa_supplicant(  637): wlan0: 17: 14:d6:4d:28:ef:c8 ssid='dlink' wpa_ie_len=0 rsn_ie_len=20 caps=0x31 level=-69 wps
02-03 10:48:30.021 D/wpa_supplicant(  637): wlan0:    skip - SSID mismatch
02-03 10:48:30.021 D/wpa_supplicant(  637): wlan0: 18: 1c:65:9d:e8:79:44 ssid='WiFi' wpa_ie_len=0 rsn_ie_len=20 caps=0x511 level=-70
02-03 10:48:30.021 D/wpa_supplicant(  637): wlan0:    skip - SSID mismatch
02-03 10:48:30.021 D/wpa_supplicant(  637): wlan0: 19: 02:1a:11:f6:67:da ssid='love U forever' wpa_ie_len=0 rsn_ie_len=20 caps=0x431 level=-70
02-03 10:48:30.021 D/wpa_supplicant(  637): wlan0:    skip - SSID mismatch
02-03 10:48:30.021 D/wpa_supplicant(  637): wlan0: 20: 2c:b0:5d:7f:f4:24 ssid='NETGEAR38' wpa_ie_len=0 rsn_ie_len=20 caps=0x31 level=-71 wps
02-03 10:48:30.021 D/wpa_supplicant(  637): wlan0:    skip - SSID mismatch
02-03 10:48:30.021 D/wpa_supplicant(  637): wlan0: 21: c0:a0:bb:20:3b:84 ssid='dlink-3B84' wpa_ie_len=26 rsn_ie_len=24 caps=0x411 level=-73 wps
02-03 10:48:30.021 D/wpa_supplicant(  637): wlan0:    skip - SSID mismatch
02-03 10:48:30.021 D/wpa_supplicant(  637): wlan0: 22: 00:0f:e2:0f:9f:c1 ssid='321_WAN' wpa_ie_len=28 rsn_ie_len=24 caps=0x411 level=-77
02-03 10:48:30.021 D/wpa_supplicant(  637): wlan0:    skip - SSID mismatch
02-03 10:48:30.021 D/wpa_supplicant(  637): wlan0: 23: f4:b7:e2:2b:41:b7 ssid='cmscc' wpa_ie_len=0 rsn_ie_len=20 caps=0x31 level=-83
02-03 10:48:30.021 D/wpa_supplicant(  637): wlan0:    skip - SSID mismatch
02-03 10:48:30.021 D/wpa_supplicant(  637): wlan0: 24: 02:09:4c:b9:0c:d6 ssid='DIRECT-' wpa_ie_len=0 rsn_ie_len=0 caps=0x410 level=-69
02-03 10:48:30.021 D/wpa_supplicant(  637): wlan0:    skip - SSID mismatch
02-03 10:48:30.021 D/wpa_supplicant(  637): wlan0: 25: e4:d3:32:36:2e:54 ssid='MERCURY_362E54' wpa_ie_len=0 rsn_ie_len=0 caps=0x401 level=-68 wps
02-03 10:48:30.021 D/wpa_supplicant(  637): wlan0:    skip - SSID mismatch
02-03 10:48:30.021 D/wpa_supplicant(  637): wlan0: 26: e4:d3:32:dd:18:62 ssid='Internet' wpa_ie_len=0 rsn_ie_len=0 caps=0x421 level=-71
02-03 10:48:30.021 D/wpa_supplicant(  637): wlan0:    skip - SSID mismatch
02-03 10:48:30.021 D/wpa_supplicant(  637): wlan0: Selecting BSS from priority group 14
02-03 10:48:30.021 D/wpa_supplicant(  637): wlan0: 0: 6c:8b:2f:e9:d1:da ssid='ZTE_AP_1640' wpa_ie_len=0 rsn_ie_len=20 caps=0x511 level=-46
02-03 10:48:30.021 D/wpa_supplicant(  637): wlan0:    skip - SSID mismatch
02-03 10:48:30.021 D/wpa_supplicant(  637): wlan0: 1: 02:1a:11:f2:bf:af ssid='Android' wpa_ie_len=0 rsn_ie_len=20 caps=0x511 level=-49
02-03 10:48:30.021 D/wpa_supplicant(  637): wlan0:    skip - SSID mismatch
02-03 10:48:30.021 D/wpa_supplicant(  637): wlan0: 2: f8:d1:11:e7:99:e8 ssid='videotest' wpa_ie_len=22 rsn_ie_len=20 caps=0x531 level=-50 wps
02-03 10:48:30.021 D/wpa_supplicant(  637): wlan0:    skip - SSID mismatch
02-03 10:48:30.021 D/wpa_supplicant(  637): wlan0: 3: 90:94:e4:03:45:f5 ssid='2553q' wpa_ie_len=0 rsn_ie_len=24 caps=0x431 level=-56
02-03 10:48:30.021 D/wpa_supplicant(  637): wlan0:    skip - SSID mismatch
02-03 10:48:30.021 D/wpa_supplicant(  637): wlan0: 4: 10:c3:7b:d2:e5:e0 ssid='ASUS_RT-AC66U-2.4G' wpa_ie_len=0 rsn_ie_len=20 caps=0x411 level=-57 wps
02-03 10:48:30.021 D/wpa_supplicant(  637): wlan0:    skip - SSID mismatch
02-03 10:48:30.021 D/wpa_supplicant(  637): wlan0: 5: c8:d7:19:60:62:f2 ssid='E3000-2.4G' wpa_ie_len=0 rsn_ie_len=20 caps=0x411 level=-59
02-03 10:48:30.021 D/wpa_supplicant(  637): wlan0:    skip - SSID mismatch
02-03 10:48:30.021 D/wpa_supplicant(  637): wlan0: 6: cc:34:29:2c:fb:ec ssid='linksys' wpa_ie_len=22 rsn_ie_len=20 caps=0x431 level=-59 wps
02-03 10:48:30.021 D/wpa_supplicant(  637): wlan0:    skip - SSID mismatch
02-03 10:48:30.021 D/wpa_supplicant(  637): wlan0: 7: b0:48:7a:20:66:6a ssid='TP-LINK_20666A' wpa_ie_len=22 rsn_ie_len=20 caps=0x431 level=-60 wps
02-03 10:48:30.021 D/wpa_supplicant(  637): wlan0:    skip - SSID mismatch
02-03 10:48:30.021 D/wpa_supplicant(  637): wlan0: 8: cc:34:29:2b:26:4c ssid='cws-test' wpa_ie_len=0 rsn_ie_len=20 caps=0x431 level=-61 wps
02-03 10:48:30.021 D/wpa_supplicant(  637): wlan0:    skip - SSID mismatch
02-03 10:48:30.021 D/wpa_supplicant(  637): wlan0: 9: b0:48:7a:51:ff:cc ssid='Neusoft TP' wpa_ie_len=22 rsn_ie_len=20 caps=0x431 level=-63 wps
02-03 10:48:30.021 D/wpa_supplicant(  637): wlan0:    skip - SSID mismatch
02-03 10:48:30.021 D/wpa_supplicant(  637): wlan0: 10: 44:94:fc:3d:da:38 ssid='6300' wpa_ie_len=0 rsn_ie_len=20 caps=0x411 level=-64 wps
02-03 10:48:30.021 D/wpa_supplicant(  637): wlan0:    skip - SSID mismatch
02-03 10:48:30.021 D/wpa_supplicant(  637): wlan0: 11: 98:fc:11:81:35:fb ssid='E2000E' wpa_ie_len=0 rsn_ie_len=20 caps=0x411 level=-64 wps
02-03 10:48:30.021 D/wpa_supplicant(  637): wlan0:    skip - SSID mismatch
02-03 10:48:30.021 D/wpa_supplicant(  637): wlan0: 12: 02:1a:11:fc:c3:59 ssid='test only' wpa_ie_len=0 rsn_ie_len=20 caps=0x431 level=-64
02-03 10:48:30.021 D/wpa_supplicant(  637): wlan0:    skip - SSID mismatch
02-03 10:48:30.021 D/wpa_supplicant(  637): wlan0: 13: 22:48:9a:ac:31:7f ssid='WiFi874' wpa_ie_len=0 rsn_ie_len=20 caps=0x431 level=-65
02-03 10:48:30.021 D/wpa_supplicant(  637): wlan0:    skip - SSID mismatch
02-03 10:48:30.021 D/wpa_supplicant(  637): wlan0: 14: bc:ee:7b:97:78:35 ssid='ASUS' wpa_ie_len=0 rsn_ie_len=20 caps=0x411 level=-69 wps
02-03 10:48:30.021 D/wpa_supplicant(  637): wlan0:    skip - SSID mismatch
02-03 10:48:30.021 D/wpa_supplicant(  637): wlan0: 15: 80:1f:02:43:fb:e8 ssid='Edimax AP' wpa_ie_len=0 rsn_ie_len=20 caps=0x411 level=-69
02-03 10:48:30.021 D/wpa_supplicant(  637): wlan0:    skip - SSID mismatch
02-03 10:48:30.021 D/wpa_supplicant(  637): wlan0: 16: cc:b2:55:e2:84:70 ssid='DLINK_APK' wpa_ie_len=22 rsn_ie_len=20 caps=0x411 level=-69
02-03 10:48:30.021 D/wpa_supplicant(  637): wlan0:    skip - SSID mismatch
02-03 10:48:30.021 D/wpa_supplicant(  637): wlan0: 17: 14:d6:4d:28:ef:c8 ssid='dlink' wpa_ie_len=0 rsn_ie_len=20 caps=0x31 level=-69 wps
02-03 10:48:30.021 D/wpa_supplicant(  637): wlan0:    skip - SSID mismatch
02-03 10:48:30.021 D/wpa_supplicant(  637): wlan0: 18: 1c:65:9d:e8:79:44 ssid='WiFi' wpa_ie_len=0 rsn_ie_len=20 caps=0x511 level=-70
02-03 10:48:30.021 D/wpa_supplicant(  637): wlan0:    skip - SSID mismatch
02-03 10:48:30.021 D/wpa_supplicant(  637): wlan0: 19: 02:1a:11:f6:67:da ssid='love U forever' wpa_ie_len=0 rsn_ie_len=20 caps=0x431 level=-70
02-03 10:48:30.031 D/wpa_supplicant(  637): wlan0:    skip - SSID mismatch
02-03 10:48:30.031 D/wpa_supplicant(  637): wlan0: 20: 2c:b0:5d:7f:f4:24 ssid='NETGEAR38' wpa_ie_len=0 rsn_ie_len=20 caps=0x31 level=-71 wps
02-03 10:48:30.031 D/wpa_supplicant(  637): wlan0:    skip - SSID mismatch
02-03 10:48:30.031 D/wpa_supplicant(  637): wlan0: 21: c0:a0:bb:20:3b:84 ssid='dlink-3B84' wpa_ie_len=26 rsn_ie_len=24 caps=0x411 level=-73 wps
02-03 10:48:30.031 D/wpa_supplicant(  637): wlan0:    skip - SSID mismatch
02-03 10:48:30.031 D/wpa_supplicant(  637): wlan0: 22: 00:0f:e2:0f:9f:c1 ssid='321_WAN' wpa_ie_len=28 rsn_ie_len=24 caps=0x411 level=-77
02-03 10:48:30.031 D/wpa_supplicant(  637): wlan0:    skip - SSID mismatch
02-03 10:48:30.031 D/wpa_supplicant(  637): wlan0: 23: f4:b7:e2:2b:41:b7 ssid='cmscc' wpa_ie_len=0 rsn_ie_len=20 caps=0x31 level=-83
02-03 10:48:30.031 D/wpa_supplicant(  637): wlan0:    skip - SSID mismatch
02-03 10:48:30.031 D/wpa_supplicant(  637): wlan0: 24: 02:09:4c:b9:0c:d6 ssid='DIRECT-' wpa_ie_len=0 rsn_ie_len=0 caps=0x410 level=-69
02-03 10:48:30.031 D/wpa_supplicant(  637): wlan0:    skip - SSID mismatch
02-03 10:48:30.031 D/wpa_supplicant(  637): wlan0: 25: e4:d3:32:36:2e:54 ssid='MERCURY_362E54' wpa_ie_len=0 rsn_ie_len=0 caps=0x401 level=-68 wps
02-03 10:48:30.031 D/wpa_supplicant(  637): wlan0:    skip - no WPA/RSN proto match
02-03 10:48:30.031 D/wpa_supplicant(  637): wlan0: 26: e4:d3:32:dd:18:62 ssid='Internet' wpa_ie_len=0 rsn_ie_len=0 caps=0x421 level=-71
02-03 10:48:30.031 D/wpa_supplicant(  637): wlan0:    skip - SSID mismatch
02-03 10:48:30.031 D/wpa_supplicant(  637): wlan0: Selecting BSS from priority group 13
02-03 10:48:30.031 D/wpa_supplicant(  637): wlan0: 0: 6c:8b:2f:e9:d1:da ssid='ZTE_AP_1640' wpa_ie_len=0 rsn_ie_len=20 caps=0x511 level=-46
02-03 10:48:30.031 D/wpa_supplicant(  637): wlan0:    skip - disabled
02-03 10:48:30.031 D/wpa_supplicant(  637): wlan0: 1: 02:1a:11:f2:bf:af ssid='Android' wpa_ie_len=0 rsn_ie_len=20 caps=0x511 level=-49
02-03 10:48:30.031 D/wpa_supplicant(  637): wlan0:    skip - disabled
02-03 10:48:30.031 D/wpa_supplicant(  637): wlan0: 2: f8:d1:11:e7:99:e8 ssid='videotest' wpa_ie_len=22 rsn_ie_len=20 caps=0x531 level=-50 wps
02-03 10:48:30.031 D/wpa_supplicant(  637): wlan0:    skip - disabled
02-03 10:48:30.031 D/wpa_supplicant(  637): wlan0: 3: 90:94:e4:03:45:f5 ssid='2553q' wpa_ie_len=0 rsn_ie_len=24 caps=0x431 level=-56
02-03 10:48:30.031 D/wpa_supplicant(  637): wlan0:    skip - disabled
02-03 10:48:30.031 D/wpa_supplicant(  637): wlan0: 4: 10:c3:7b:d2:e5:e0 ssid='ASUS_RT-AC66U-2.4G' wpa_ie_len=0 rsn_ie_len=20 caps=0x411 level=-57 wps
02-03 10:48:30.031 D/wpa_supplicant(  637): wlan0:    skip - disabled
02-03 10:48:30.031 D/wpa_supplicant(  637): wlan0: 5: c8:d7:19:60:62:f2 ssid='E3000-2.4G' wpa_ie_len=0 rsn_ie_len=20 caps=0x411 level=-59
02-03 10:48:30.031 D/wpa_supplicant(  637): wlan0:    skip - disabled
02-03 10:48:30.031 D/wpa_supplicant(  637): wlan0: 6: cc:34:29:2c:fb:ec ssid='linksys' wpa_ie_len=22 rsn_ie_len=20 caps=0x431 level=-59 wps
02-03 10:48:30.031 D/wpa_supplicant(  637): wlan0:    skip - disabled
02-03 10:48:30.031 D/wpa_supplicant(  637): wlan0: 7: b0:48:7a:20:66:6a ssid='TP-LINK_20666A' wpa_ie_len=22 rsn_ie_len=20 caps=0x431 level=-60 wps
02-03 10:48:30.031 D/wpa_supplicant(  637): wlan0:    skip - disabled
02-03 10:48:30.031 D/wpa_supplicant(  637): wlan0: 8: cc:34:29:2b:26:4c ssid='cws-test' wpa_ie_len=0 rsn_ie_len=20 caps=0x431 level=-61 wps
02-03 10:48:30.031 D/wpa_supplicant(  637): wlan0:    skip - disabled
02-03 10:48:30.031 D/wpa_supplicant(  637): wlan0: 9: b0:48:7a:51:ff:cc ssid='Neusoft TP' wpa_ie_len=22 rsn_ie_len=20 caps=0x431 level=-63 wps
02-03 10:48:30.031 D/wpa_supplicant(  637): wlan0:    skip - disabled
02-03 10:48:30.031 D/wpa_supplicant(  637): wlan0: 10: 44:94:fc:3d:da:38 ssid='6300' wpa_ie_len=0 rsn_ie_len=20 caps=0x411 level=-64 wps
02-03 10:48:30.031 D/wpa_supplicant(  637): wlan0:    skip - disabled
02-03 10:48:30.031 D/wpa_supplicant(  637): wlan0: 11: 98:fc:11:81:35:fb ssid='E2000E' wpa_ie_len=0 rsn_ie_len=20 caps=0x411 level=-64 wps
02-03 10:48:30.031 D/wpa_supplicant(  637): wlan0:    skip - disabled
02-03 10:48:30.031 D/wpa_supplicant(  637): wlan0: 12: 02:1a:11:fc:c3:59 ssid='test only' wpa_ie_len=0 rsn_ie_len=20 caps=0x431 level=-64
02-03 10:48:30.031 D/wpa_supplicant(  637): wlan0:    skip - disabled
02-03 10:48:30.031 D/wpa_supplicant(  637): wlan0: 13: 22:48:9a:ac:31:7f ssid='WiFi874' wpa_ie_len=0 rsn_ie_len=20 caps=0x431 level=-65
02-03 10:48:30.031 D/wpa_supplicant(  637): wlan0:    skip - disabled
02-03 10:48:30.031 D/wpa_supplicant(  637): wlan0: 14: bc:ee:7b:97:78:35 ssid='ASUS' wpa_ie_len=0 rsn_ie_len=20 caps=0x411 level=-69 wps
02-03 10:48:30.031 D/wpa_supplicant(  637): wlan0:    skip - disabled
02-03 10:48:30.031 D/wpa_supplicant(  637): wlan0: 15: 80:1f:02:43:fb:e8 ssid='Edimax AP' wpa_ie_len=0 rsn_ie_len=20 caps=0x411 level=-69
02-03 10:48:30.031 D/wpa_supplicant(  637): wlan0:    skip - disabled
02-03 10:48:30.031 D/wpa_supplicant(  637): wlan0: 16: cc:b2:55:e2:84:70 ssid='DLINK_APK' wpa_ie_len=22 rsn_ie_len=20 caps=0x411 level=-69
02-03 10:48:30.031 D/wpa_supplicant(  637): wlan0:    skip - disabled
02-03 10:48:30.031 D/wpa_supplicant(  637): wlan0: 17: 14:d6:4d:28:ef:c8 ssid='dlink' wpa_ie_len=0 rsn_ie_len=20 caps=0x31 level=-69 wps
02-03 10:48:30.031 D/wpa_supplicant(  637): wlan0:    skip - disabled
02-03 10:48:30.031 D/wpa_supplicant(  637): wlan0: 18: 1c:65:9d:e8:79:44 ssid='WiFi' wpa_ie_len=0 rsn_ie_len=20 caps=0x511 level=-70
02-03 10:48:30.031 D/wpa_supplicant(  637): wlan0:    skip - disabled
02-03 10:48:30.031 D/wpa_supplicant(  637): wlan0: 19: 02:1a:11:f6:67:da ssid='love U forever' wpa_ie_len=0 rsn_ie_len=20 caps=0x431 level=-70
02-03 10:48:30.031 D/wpa_supplicant(  637): wlan0:    skip - disabled
02-03 10:48:30.031 D/wpa_supplicant(  637): wlan0: 20: 2c:b0:5d:7f:f4:24 ssid='NETGEAR38' wpa_ie_len=0 rsn_ie_len=20 caps=0x31 level=-71 wps
02-03 10:48:30.031 D/wpa_supplicant(  637): wlan0:    skip - disabled
02-03 10:48:30.031 D/wpa_supplicant(  637): wlan0: 21: c0:a0:bb:20:3b:84 ssid='dlink-3B84' wpa_ie_len=26 rsn_ie_len=24 caps=0x411 level=-73 wps
02-03 10:48:30.031 D/wpa_supplicant(  637): wlan0:    skip - disabled
02-03 10:48:30.031 D/wpa_supplicant(  637): wlan0: 22: 00:0f:e2:0f:9f:c1 ssid='321_WAN' wpa_ie_len=28 rsn_ie_len=24 caps=0x411 level=-77
02-03 10:48:30.031 D/wpa_supplicant(  637): wlan0:    skip - disabled
02-03 10:48:30.031 D/wpa_supplicant(  637): wlan0: 23: f4:b7:e2:2b:41:b7 ssid='cmscc' wpa_ie_len=0 rsn_ie_len=20 caps=0x31 level=-83
02-03 10:48:30.031 D/wpa_supplicant(  637): wlan0:    skip - disabled
02-03 10:48:30.031 D/wpa_supplicant(  637): wlan0: 24: 02:09:4c:b9:0c:d6 ssid='DIRECT-' wpa_ie_len=0 rsn_ie_len=0 caps=0x410 level=-69
02-03 10:48:30.031 D/wpa_supplicant(  637): wlan0:    skip - disabled
02-03 10:48:30.031 D/wpa_supplicant(  637): wlan0: 25: e4:d3:32:36:2e:54 ssid='MERCURY_362E54' wpa_ie_len=0 rsn_ie_len=0 caps=0x401 level=-68 wps
02-03 10:48:30.031 D/wpa_supplicant(  637): wlan0:    skip - disabled
02-03 10:48:30.031 D/wpa_supplicant(  637): wlan0: 26: e4:d3:32:dd:18:62 ssid='Internet' wpa_ie_len=0 rsn_ie_len=0 caps=0x421 level=-71
02-03 10:48:30.031 D/wpa_supplicant(  637): wlan0:    skip - disabled
02-03 10:48:30.031 D/wpa_supplicant(  637): wlan0: Selecting BSS from priority group 12
02-03 10:48:30.031 D/wpa_supplicant(  637): wlan0: 0: 6c:8b:2f:e9:d1:da ssid='ZTE_AP_1640' wpa_ie_len=0 rsn_ie_len=20 caps=0x511 level=-46
02-03 10:48:30.031 D/wpa_supplicant(  637): wlan0:    skip - SSID mismatch
02-03 10:48:30.031 D/wpa_supplicant(  637): wlan0: 1: 02:1a:11:f2:bf:af ssid='Android' wpa_ie_len=0 rsn_ie_len=20 caps=0x511 level=-49
02-03 10:48:30.031 D/wpa_supplicant(  637): wlan0:    skip - SSID mismatch
02-03 10:48:30.031 D/wpa_supplicant(  637): wlan0: 2: f8:d1:11:e7:99:e8 ssid='videotest' wpa_ie_len=22 rsn_ie_len=20 caps=0x531 level=-50 wps
02-03 10:48:30.031 D/wpa_supplicant(  637): wlan0:    skip - SSID mismatch
02-03 10:48:30.031 D/wpa_supplicant(  637): wlan0: 3: 90:94:e4:03:45:f5 ssid='2553q' wpa_ie_len=0 rsn_ie_len=24 caps=0x431 level=-56
02-03 10:48:30.031 D/wpa_supplicant(  637): wlan0:    skip - SSID mismatch
02-03 10:48:30.031 D/wpa_supplicant(  637): wlan0: 4: 10:c3:7b:d2:e5:e0 ssid='ASUS_RT-AC66U-2.4G' wpa_ie_len=0 rsn_ie_len=20 caps=0x411 level=-57 wps
02-03 10:48:30.031 D/wpa_supplicant(  637): wlan0:    skip - SSID mismatch
02-03 10:48:30.031 D/wpa_supplicant(  637): wlan0: 5: c8:d7:19:60:62:f2 ssid='E3000-2.4G' wpa_ie_len=0 rsn_ie_len=20 caps=0x411 level=-59
02-03 10:48:30.031 D/wpa_supplicant(  637): wlan0:    skip - SSID mismatch
02-03 10:48:30.031 D/wpa_supplicant(  637): wlan0: 6: cc:34:29:2c:fb:ec ssid='linksys' wpa_ie_len=22 rsn_ie_len=20 caps=0x431 level=-59 wps
02-03 10:48:30.031 D/wpa_supplicant(  637): wlan0:    skip - SSID mismatch
02-03 10:48:30.031 D/wpa_supplicant(  637): wlan0: 7: b0:48:7a:20:66:6a ssid='TP-LINK_20666A' wpa_ie_len=22 rsn_ie_len=20 caps=0x431 level=-60 wps
02-03 10:48:30.031 D/wpa_supplicant(  637): wlan0:    skip - SSID mismatch
02-03 10:48:30.031 D/wpa_supplicant(  637): wlan0: 8: cc:34:29:2b:26:4c ssid='cws-test' wpa_ie_len=0 rsn_ie_len=20 caps=0x431 level=-61 wps
02-03 10:48:30.031 D/wpa_supplicant(  637): wlan0:    skip - SSID mismatch
02-03 10:48:30.031 D/wpa_supplicant(  637): wlan0: 9: b0:48:7a:51:ff:cc ssid='Neusoft TP' wpa_ie_len=22 rsn_ie_len=20 caps=0x431 level=-63 wps
02-03 10:48:30.031 D/wpa_supplicant(  637): wlan0:    skip - SSID mismatch
02-03 10:48:30.031 D/wpa_supplicant(  637): wlan0: 10: 44:94:fc:3d:da:38 ssid='6300' wpa_ie_len=0 rsn_ie_len=20 caps=0x411 level=-64 wps
02-03 10:48:30.031 D/wpa_supplicant(  637): wlan0:    skip - SSID mismatch
02-03 10:48:30.031 D/wpa_supplicant(  637): wlan0: 11: 98:fc:11:81:35:fb ssid='E2000E' wpa_ie_len=0 rsn_ie_len=20 caps=0x411 level=-64 wps
02-03 10:48:30.031 D/wpa_supplicant(  637): wlan0:    skip - SSID mismatch
02-03 10:48:30.031 D/wpa_supplicant(  637): wlan0: 12: 02:1a:11:fc:c3:59 ssid='test only' wpa_ie_len=0 rsn_ie_len=20 caps=0x431 level=-64
02-03 10:48:30.031 D/wpa_supplicant(  637): wlan0:    skip - SSID mismatch
02-03 10:48:30.031 D/wpa_supplicant(  637): wlan0: 13: 22:48:9a:ac:31:7f ssid='WiFi874' wpa_ie_len=0 rsn_ie_len=20 caps=0x431 level=-65
02-03 10:48:30.031 D/wpa_supplicant(  637): wlan0:    skip - SSID mismatch
02-03 10:48:30.031 D/wpa_supplicant(  637): wlan0: 14: bc:ee:7b:97:78:35 ssid='ASUS' wpa_ie_len=0 rsn_ie_len=20 caps=0x411 level=-69 wps
02-03 10:48:30.031 D/wpa_supplicant(  637): wlan0:    skip - SSID mismatch
02-03 10:48:30.031 D/wpa_supplicant(  637): wlan0: 15: 80:1f:02:43:fb:e8 ssid='Edimax AP' wpa_ie_len=0 rsn_ie_len=20 caps=0x411 level=-69
02-03 10:48:30.031 D/wpa_supplicant(  637): wlan0:    skip - SSID mismatch
02-03 10:48:30.031 D/wpa_supplicant(  637): wlan0: 16: cc:b2:55:e2:84:70 ssid='DLINK_APK' wpa_ie_len=22 rsn_ie_len=20 caps=0x411 level=-69
02-03 10:48:30.031 D/wpa_supplicant(  637): wlan0:    skip - SSID mismatch
02-03 10:48:30.031 D/wpa_supplicant(  637): wlan0: 17: 14:d6:4d:28:ef:c8 ssid='dlink' wpa_ie_len=0 rsn_ie_len=20 caps=0x31 level=-69 wps
02-03 10:48:30.031 D/wpa_supplicant(  637): wlan0:    skip - SSID mismatch
02-03 10:48:30.031 D/wpa_supplicant(  637): wlan0: 18: 1c:65:9d:e8:79:44 ssid='WiFi' wpa_ie_len=0 rsn_ie_len=20 caps=0x511 level=-70
02-03 10:48:30.031 D/wpa_supplicant(  637): wlan0:    skip - SSID mismatch
02-03 10:48:30.031 D/wpa_supplicant(  637): wlan0: 19: 02:1a:11:f6:67:da ssid='love U forever' wpa_ie_len=0 rsn_ie_len=20 caps=0x431 level=-70
02-03 10:48:30.031 D/wpa_supplicant(  637): wlan0:    skip - SSID mismatch
02-03 10:48:30.031 D/wpa_supplicant(  637): wlan0: 20: 2c:b0:5d:7f:f4:24 ssid='NETGEAR38' wpa_ie_len=0 rsn_ie_len=20 caps=0x31 level=-71 wps
02-03 10:48:30.031 D/wpa_supplicant(  637): wlan0:    skip - SSID mismatch
02-03 10:48:30.031 D/wpa_supplicant(  637): wlan0: 21: c0:a0:bb:20:3b:84 ssid='dlink-3B84' wpa_ie_len=26 rsn_ie_len=24 caps=0x411 level=-73 wps
02-03 10:48:30.031 D/wpa_supplicant(  637): wlan0:    skip - SSID mismatch
02-03 10:48:30.031 D/wpa_supplicant(  637): wlan0: 22: 00:0f:e2:0f:9f:c1 ssid='321_WAN' wpa_ie_len=28 rsn_ie_len=24 caps=0x411 level=-77
02-03 10:48:30.031 D/wpa_supplicant(  637): wlan0:    skip - SSID mismatch
02-03 10:48:30.031 D/wpa_supplicant(  637): wlan0: 23: f4:b7:e2:2b:41:b7 ssid='cmscc' wpa_ie_len=0 rsn_ie_len=20 caps=0x31 level=-83
02-03 10:48:30.031 D/wpa_supplicant(  637): wlan0:    skip - SSID mismatch
02-03 10:48:30.031 D/wpa_supplicant(  637): wlan0: 24: 02:09:4c:b9:0c:d6 ssid='DIRECT-' wpa_ie_len=0 rsn_ie_len=0 caps=0x410 level=-69
02-03 10:48:30.031 D/wpa_supplicant(  637): wlan0:    skip - SSID mismatch
02-03 10:48:30.031 D/wpa_supplicant(  637): wlan0: 25: e4:d3:32:36:2e:54 ssid='MERCURY_362E54' wpa_ie_len=0 rsn_ie_len=0 caps=0x401 level=-68 wps
02-03 10:48:30.031 D/wpa_supplicant(  637): wlan0:    skip - SSID mismatch
02-03 10:48:30.031 D/wpa_supplicant(  637): wlan0: 26: e4:d3:32:dd:18:62 ssid='Internet' wpa_ie_len=0 rsn_ie_len=0 caps=0x421 level=-71
02-03 10:48:30.031 D/wpa_supplicant(  637): wlan0:    skip - SSID mismatch
02-03 10:48:30.031 D/wpa_supplicant(  637): wlan0: Selecting BSS from priority group 3
02-03 10:48:30.031 D/wpa_supplicant(  637): wlan0: 0: 6c:8b:2f:e9:d1:da ssid='ZTE_AP_1640' wpa_ie_len=0 rsn_ie_len=20 caps=0x511 level=-46
02-03 10:48:30.031 D/wpa_supplicant(  637): wlan0:    skip - SSID mismatch
02-03 10:48:30.031 D/wpa_supplicant(  637): wlan0: 1: 02:1a:11:f2:bf:af ssid='Android' wpa_ie_len=0 rsn_ie_len=20 caps=0x511 level=-49
02-03 10:48:30.031 D/wpa_supplicant(  637): wlan0:    skip - SSID mismatch
02-03 10:48:30.031 D/wpa_supplicant(  637): wlan0: 2: f8:d1:11:e7:99:e8 ssid='videotest' wpa_ie_len=22 rsn_ie_len=20 caps=0x531 level=-50 wps
02-03 10:48:30.031 D/wpa_supplicant(  637): wlan0:    skip - SSID mismatch
02-03 10:48:30.031 D/wpa_supplicant(  637): wlan0: 3: 90:94:e4:03:45:f5 ssid='2553q' wpa_ie_len=0 rsn_ie_len=24 caps=0x431 level=-56
02-03 10:48:30.041 D/wpa_supplicant(  637): wlan0:    skip - SSID mismatch
02-03 10:48:30.041 D/wpa_supplicant(  637): wlan0: 4: 10:c3:7b:d2:e5:e0 ssid='ASUS_RT-AC66U-2.4G' wpa_ie_len=0 rsn_ie_len=20 caps=0x411 level=-57 wps
02-03 10:48:30.041 D/wpa_supplicant(  637): wlan0:    skip - SSID mismatch
02-03 10:48:30.041 D/wpa_supplicant(  637): wlan0: 5: c8:d7:19:60:62:f2 ssid='E3000-2.4G' wpa_ie_len=0 rsn_ie_len=20 caps=0x411 level=-59
02-03 10:48:30.041 D/wpa_supplicant(  637): wlan0:    skip - SSID mismatch
02-03 10:48:30.041 D/wpa_supplicant(  637): wlan0: 6: cc:34:29:2c:fb:ec ssid='linksys' wpa_ie_len=22 rsn_ie_len=20 caps=0x431 level=-59 wps
02-03 10:48:30.041 D/wpa_supplicant(  637): wlan0:    skip - SSID mismatch
02-03 10:48:30.041 D/wpa_supplicant(  637): wlan0: 7: b0:48:7a:20:66:6a ssid='TP-LINK_20666A' wpa_ie_len=22 rsn_ie_len=20 caps=0x431 level=-60 wps
02-03 10:48:30.041 D/wpa_supplicant(  637): wlan0:    skip - SSID mismatch
02-03 10:48:30.041 D/wpa_supplicant(  637): wlan0: 8: cc:34:29:2b:26:4c ssid='cws-test' wpa_ie_len=0 rsn_ie_len=20 caps=0x431 level=-61 wps
02-03 10:48:30.041 D/wpa_supplicant(  637): wlan0:    skip - SSID mismatch
02-03 10:48:30.041 D/wpa_supplicant(  637): wlan0: 9: b0:48:7a:51:ff:cc ssid='Neusoft TP' wpa_ie_len=22 rsn_ie_len=20 caps=0x431 level=-63 wps
02-03 10:48:30.041 D/wpa_supplicant(  637): wlan0:    skip - SSID mismatch
02-03 10:48:30.041 D/wpa_supplicant(  637): wlan0: 10: 44:94:fc:3d:da:38 ssid='6300' wpa_ie_len=0 rsn_ie_len=20 caps=0x411 level=-64 wps
02-03 10:48:30.041 D/wpa_supplicant(  637): wlan0:    skip - SSID mismatch
02-03 10:48:30.041 D/wpa_supplicant(  637): wlan0: 11: 98:fc:11:81:35:fb ssid='E2000E' wpa_ie_len=0 rsn_ie_len=20 caps=0x411 level=-64 wps
02-03 10:48:30.041 D/wpa_supplicant(  637): wlan0:    skip - SSID mismatch
02-03 10:48:30.041 D/wpa_supplicant(  637): wlan0: 12: 02:1a:11:fc:c3:59 ssid='test only' wpa_ie_len=0 rsn_ie_len=20 caps=0x431 level=-64
02-03 10:48:30.041 D/wpa_supplicant(  637): wlan0:    skip - SSID mismatch
02-03 10:48:30.041 D/wpa_supplicant(  637): wlan0: 13: 22:48:9a:ac:31:7f ssid='WiFi874' wpa_ie_len=0 rsn_ie_len=20 caps=0x431 level=-65
02-03 10:48:30.041 D/wpa_supplicant(  637): wlan0:    skip - SSID mismatch
02-03 10:48:30.041 D/wpa_supplicant(  637): wlan0: 14: bc:ee:7b:97:78:35 ssid='ASUS' wpa_ie_len=0 rsn_ie_len=20 caps=0x411 level=-69 wps
02-03 10:48:30.041 D/wpa_supplicant(  637): wlan0:    skip - SSID mismatch
02-03 10:48:30.041 D/wpa_supplicant(  637): wlan0: 15: 80:1f:02:43:fb:e8 ssid='Edimax AP' wpa_ie_len=0 rsn_ie_len=20 caps=0x411 level=-69
02-03 10:48:30.041 D/wpa_supplicant(  637): wlan0:    skip - SSID mismatch
02-03 10:48:30.041 D/wpa_supplicant(  637): wlan0: 16: cc:b2:55:e2:84:70 ssid='DLINK_APK' wpa_ie_len=22 rsn_ie_len=20 caps=0x411 level=-69
02-03 10:48:30.041 D/wpa_supplicant(  637): wlan0:    skip - SSID mismatch
02-03 10:48:30.041 D/wpa_supplicant(  637): wlan0: 17: 14:d6:4d:28:ef:c8 ssid='dlink' wpa_ie_len=0 rsn_ie_len=20 caps=0x31 level=-69 wps
02-03 10:48:30.041 D/wpa_supplicant(  637): wlan0:    skip - SSID mismatch
02-03 10:48:30.041 D/wpa_supplicant(  637): wlan0: 18: 1c:65:9d:e8:79:44 ssid='WiFi' wpa_ie_len=0 rsn_ie_len=20 caps=0x511 level=-70
02-03 10:48:30.041 D/wpa_supplicant(  637): wlan0:    skip - SSID mismatch
02-03 10:48:30.041 D/wpa_supplicant(  637): wlan0: 19: 02:1a:11:f6:67:da ssid='love U forever' wpa_ie_len=0 rsn_ie_len=20 caps=0x431 level=-70
02-03 10:48:30.041 D/wpa_supplicant(  637): wlan0:    skip - SSID mismatch
02-03 10:48:30.041 D/wpa_supplicant(  637): wlan0: 20: 2c:b0:5d:7f:f4:24 ssid='NETGEAR38' wpa_ie_len=0 rsn_ie_len=20 caps=0x31 level=-71 wps
02-03 10:48:30.041 D/wpa_supplicant(  637): wlan0:    skip - SSID mismatch
02-03 10:48:30.041 D/wpa_supplicant(  637): wlan0: 21: c0:a0:bb:20:3b:84 ssid='dlink-3B84' wpa_ie_len=26 rsn_ie_len=24 caps=0x411 level=-73 wps
02-03 10:48:30.041 D/wpa_supplicant(  637): wlan0:    skip - SSID mismatch
02-03 10:48:30.041 D/wpa_supplicant(  637): wlan0: 22: 00:0f:e2:0f:9f:c1 ssid='321_WAN' wpa_ie_len=28 rsn_ie_len=24 caps=0x411 level=-77
02-03 10:48:30.041 D/wpa_supplicant(  637): wlan0:    skip - SSID mismatch
02-03 10:48:30.041 D/wpa_supplicant(  637): wlan0: 23: f4:b7:e2:2b:41:b7 ssid='cmscc' wpa_ie_len=0 rsn_ie_len=20 caps=0x31 level=-83
02-03 10:48:30.041 D/wpa_supplicant(  637): wlan0:    skip - SSID mismatch
02-03 10:48:30.041 D/wpa_supplicant(  637): wlan0: 24: 02:09:4c:b9:0c:d6 ssid='DIRECT-' wpa_ie_len=0 rsn_ie_len=0 caps=0x410 level=-69
02-03 10:48:30.041 D/wpa_supplicant(  637): wlan0:    skip - SSID mismatch
02-03 10:48:30.041 D/wpa_supplicant(  637): wlan0: 25: e4:d3:32:36:2e:54 ssid='MERCURY_362E54' wpa_ie_len=0 rsn_ie_len=0 caps=0x401 level=-68 wps
02-03 10:48:30.041 D/wpa_supplicant(  637): wlan0:    skip - SSID mismatch
02-03 10:48:30.041 D/wpa_supplicant(  637): wlan0: 26: e4:d3:32:dd:18:62 ssid='Internet' wpa_ie_len=0 rsn_ie_len=0 caps=0x421 level=-71
02-03 10:48:30.041 D/wpa_supplicant(  637): wlan0:    skip - SSID mismatch
02-03 10:48:30.041 D/wpa_supplicant(  637): wlan0: Selecting BSS from priority group 1
02-03 10:48:30.041 D/wpa_supplicant(  637): wlan0: 0: 6c:8b:2f:e9:d1:da ssid='ZTE_AP_1640' wpa_ie_len=0 rsn_ie_len=20 caps=0x511 level=-46
02-03 10:48:30.041 D/wpa_supplicant(  637): wlan0:    skip - SSID mismatch
02-03 10:48:30.041 D/wpa_supplicant(  637): wlan0: 1: 02:1a:11:f2:bf:af ssid='Android' wpa_ie_len=0 rsn_ie_len=20 caps=0x511 level=-49
02-03 10:48:30.041 D/wpa_supplicant(  637): wlan0:    skip - SSID mismatch
02-03 10:48:30.041 D/wpa_supplicant(  637): wlan0: 2: f8:d1:11:e7:99:e8 ssid='videotest' wpa_ie_len=22 rsn_ie_len=20 caps=0x531 level=-50 wps
02-03 10:48:30.041 D/wpa_supplicant(  637): wlan0:    skip - SSID mismatch
02-03 10:48:30.041 D/wpa_supplicant(  637): wlan0: 3: 90:94:e4:03:45:f5 ssid='2553q' wpa_ie_len=0 rsn_ie_len=24 caps=0x431 level=-56
02-03 10:48:30.041 D/wpa_supplicant(  637): wlan0:    skip - SSID mismatch
02-03 10:48:30.041 D/wpa_supplicant(  637): wlan0: 4: 10:c3:7b:d2:e5:e0 ssid='ASUS_RT-AC66U-2.4G' wpa_ie_len=0 rsn_ie_len=20 caps=0x411 level=-57 wps
02-03 10:48:30.041 D/wpa_supplicant(  637): wlan0:    skip - SSID mismatch
02-03 10:48:30.041 D/wpa_supplicant(  637): wlan0: 5: c8:d7:19:60:62:f2 ssid='E3000-2.4G' wpa_ie_len=0 rsn_ie_len=20 caps=0x411 level=-59
02-03 10:48:30.041 D/wpa_supplicant(  637): wlan0:    skip - SSID mismatch
02-03 10:48:30.041 D/wpa_supplicant(  637): wlan0: 6: cc:34:29:2c:fb:ec ssid='linksys' wpa_ie_len=22 rsn_ie_len=20 caps=0x431 level=-59 wps
02-03 10:48:30.041 D/wpa_supplicant(  637): wlan0:    skip - SSID mismatch
02-03 10:48:30.041 D/wpa_supplicant(  637): wlan0: 7: b0:48:7a:20:66:6a ssid='TP-LINK_20666A' wpa_ie_len=22 rsn_ie_len=20 caps=0x431 level=-60 wps
02-03 10:48:30.041 D/wpa_supplicant(  637): wlan0:    skip - SSID mismatch
02-03 10:48:30.041 D/wpa_supplicant(  637): wlan0: 8: cc:34:29:2b:26:4c ssid='cws-test' wpa_ie_len=0 rsn_ie_len=20 caps=0x431 level=-61 wps
02-03 10:48:30.041 D/wpa_supplicant(  637): wlan0:    skip - SSID mismatch
02-03 10:48:30.041 D/wpa_supplicant(  637): wlan0: 9: b0:48:7a:51:ff:cc ssid='Neusoft TP' wpa_ie_len=22 rsn_ie_len=20 caps=0x431 level=-63 wps
02-03 10:48:30.041 D/wpa_supplicant(  637): wlan0:    skip - SSID mismatch
02-03 10:48:30.041 D/wpa_supplicant(  637): wlan0: 10: 44:94:fc:3d:da:38 ssid='6300' wpa_ie_len=0 rsn_ie_len=20 caps=0x411 level=-64 wps
02-03 10:48:30.041 D/wpa_supplicant(  637): wlan0:    skip - SSID mismatch
02-03 10:48:30.041 D/wpa_supplicant(  637): wlan0: 11: 98:fc:11:81:35:fb ssid='E2000E' wpa_ie_len=0 rsn_ie_len=20 caps=0x411 level=-64 wps
02-03 10:48:30.041 D/wpa_supplicant(  637): wlan0:    skip - SSID mismatch
02-03 10:48:30.041 D/wpa_supplicant(  637): wlan0: 12: 02:1a:11:fc:c3:59 ssid='test only' wpa_ie_len=0 rsn_ie_len=20 caps=0x431 level=-64
02-03 10:48:30.041 D/wpa_supplicant(  637): wlan0:    skip - SSID mismatch
02-03 10:48:30.041 D/wpa_supplicant(  637): wlan0: 13: 22:48:9a:ac:31:7f ssid='WiFi874' wpa_ie_len=0 rsn_ie_len=20 caps=0x431 level=-65
02-03 10:48:30.041 D/wpa_supplicant(  637): wlan0:    skip - SSID mismatch
02-03 10:48:30.041 D/wpa_supplicant(  637): wlan0: 14: bc:ee:7b:97:78:35 ssid='ASUS' wpa_ie_len=0 rsn_ie_len=20 caps=0x411 level=-69 wps
02-03 10:48:30.041 D/wpa_supplicant(  637): wlan0:    skip - SSID mismatch
02-03 10:48:30.041 D/wpa_supplicant(  637): wlan0: 15: 80:1f:02:43:fb:e8 ssid='Edimax AP' wpa_ie_len=0 rsn_ie_len=20 caps=0x411 level=-69
02-03 10:48:30.041 D/wpa_supplicant(  637): wlan0:    skip - SSID mismatch
02-03 10:48:30.041 D/wpa_supplicant(  637): wlan0: 16: cc:b2:55:e2:84:70 ssid='DLINK_APK' wpa_ie_len=22 rsn_ie_len=20 caps=0x411 level=-69
02-03 10:48:30.041 D/wpa_supplicant(  637): wlan0:    skip - SSID mismatch
02-03 10:48:30.041 D/wpa_supplicant(  637): wlan0: 17: 14:d6:4d:28:ef:c8 ssid='dlink' wpa_ie_len=0 rsn_ie_len=20 caps=0x31 level=-69 wps
02-03 10:48:30.041 D/wpa_supplicant(  637): wlan0:    skip - SSID mismatch
02-03 10:48:30.041 D/wpa_supplicant(  637): wlan0: 18: 1c:65:9d:e8:79:44 ssid='WiFi' wpa_ie_len=0 rsn_ie_len=20 caps=0x511 level=-70
02-03 10:48:30.041 D/wpa_supplicant(  637): wlan0:    skip - SSID mismatch
02-03 10:48:30.041 D/wpa_supplicant(  637): wlan0: 19: 02:1a:11:f6:67:da ssid='love U forever' wpa_ie_len=0 rsn_ie_len=20 caps=0x431 level=-70
02-03 10:48:30.041 D/wpa_supplicant(  637): wlan0:    skip - SSID mismatch
02-03 10:48:30.041 D/wpa_supplicant(  637): wlan0: 20: 2c:b0:5d:7f:f4:24 ssid='NETGEAR38' wpa_ie_len=0 rsn_ie_len=20 caps=0x31 level=-71 wps
02-03 10:48:30.041 D/wpa_supplicant(  637): wlan0:    skip - SSID mismatch
02-03 10:48:30.041 D/wpa_supplicant(  637): wlan0: 21: c0:a0:bb:20:3b:84 ssid='dlink-3B84' wpa_ie_len=26 rsn_ie_len=24 caps=0x411 level=-73 wps
02-03 10:48:30.041 D/wpa_supplicant(  637): wlan0:    skip - SSID mismatch
02-03 10:48:30.041 D/wpa_supplicant(  637): wlan0: 22: 00:0f:e2:0f:9f:c1 ssid='321_WAN' wpa_ie_len=28 rsn_ie_len=24 caps=0x411 level=-77
02-03 10:48:30.041 D/wpa_supplicant(  637): wlan0:    skip - SSID mismatch
02-03 10:48:30.041 D/wpa_supplicant(  637): wlan0: 23: f4:b7:e2:2b:41:b7 ssid='cmscc' wpa_ie_len=0 rsn_ie_len=20 caps=0x31 level=-83
02-03 10:48:30.041 D/wpa_supplicant(  637): wlan0:    skip - SSID mismatch
02-03 10:48:30.041 D/wpa_supplicant(  637): wlan0: 24: 02:09:4c:b9:0c:d6 ssid='DIRECT-' wpa_ie_len=0 rsn_ie_len=0 caps=0x410 level=-69
02-03 10:48:30.041 D/wpa_supplicant(  637): wlan0:    skip - SSID mismatch
02-03 10:48:30.041 D/wpa_supplicant(  637): wlan0: 25: e4:d3:32:36:2e:54 ssid='MERCURY_362E54' wpa_ie_len=0 rsn_ie_len=0 caps=0x401 level=-68 wps
02-03 10:48:30.041 D/wpa_supplicant(  637): wlan0:    skip - SSID mismatch
02-03 10:48:30.041 D/wpa_supplicant(  637): wlan0: 26: e4:d3:32:dd:18:62 ssid='Internet' wpa_ie_len=0 rsn_ie_len=0 caps=0x421 level=-71
02-03 10:48:30.041 D/wpa_supplicant(  637): wlan0:    skip - SSID mismatch
02-03 10:48:30.041 D/wpa_supplicant(  637): wlan0: No suitable network found
02-03 10:48:30.041 D/wpa_supplicant(  637): wlan0: Setting scan request: 40 sec 0 usec
02-03 10:48:30.041 D/wpa_supplicant(  637): wlan0: Checking for other virtual interfaces sharing same radio (phy0) in event_scan_results
02-03 10:48:30.041 D/wpa_supplicant(  637): p2p-dev-wlan0: Updating scan results from sibling
02-03 10:48:30.041 D/wpa_supplicant(  637): nl80211: Received scan results (27 BSSes)
02-03 10:48:30.041 D/wpa_supplicant(  637): nl80211: Survey data missing
02-03 10:48:30.041 D/wpa_supplicant(  637): p2p-dev-wlan0: BSS: Start scan result update 93
02-03 10:48:30.041 D/wpa_supplicant(  637): BSS: No P2P IE - skipping BSS 6c:8b:2f:e9:d1:da update for P2P interface
02-03 10:48:30.041 D/wpa_supplicant(  637): BSS: No P2P IE - skipping BSS 02:1a:11:f2:bf:af update for P2P interface
02-03 10:48:30.041 D/wpa_supplicant(  637): BSS: No P2P IE - skipping BSS f8:d1:11:e7:99:e8 update for P2P interface
02-03 10:48:30.041 D/wpa_supplicant(  637): BSS: No P2P IE - skipping BSS 90:94:e4:03:45:f5 update for P2P interface
02-03 10:48:30.041 D/wpa_supplicant(  637): BSS: No P2P IE - skipping BSS 10:c3:7b:d2:e5:e0 update for P2P interface
02-03 10:48:30.041 D/wpa_supplicant(  637): BSS: No P2P IE - skipping BSS c8:d7:19:60:62:f2 update for P2P interface
02-03 10:48:30.041 D/wpa_supplicant(  637): BSS: No P2P IE - skipping BSS cc:34:29:2c:fb:ec update for P2P interface
02-03 10:48:30.041 D/wpa_supplicant(  637): BSS: No P2P IE - skipping BSS b0:48:7a:20:66:6a update for P2P interface
02-03 10:48:30.041 D/wpa_supplicant(  637): BSS: No P2P IE - skipping BSS cc:34:29:2b:26:4c update for P2P interface
02-03 10:48:30.041 D/wpa_supplicant(  637): BSS: No P2P IE - skipping BSS b0:48:7a:51:ff:cc update for P2P interface
02-03 10:48:30.041 D/wpa_supplicant(  637): BSS: No P2P IE - skipping BSS 44:94:fc:3d:da:38 update for P2P interface
02-03 10:48:30.041 D/wpa_supplicant(  637): BSS: No P2P IE - skipping BSS 98:fc:11:81:35:fb update for P2P interface
02-03 10:48:30.041 D/wpa_supplicant(  637): BSS: No P2P IE - skipping BSS 02:1a:11:fc:c3:59 update for P2P interface
02-03 10:48:30.041 D/wpa_supplicant(  637): BSS: No P2P IE - skipping BSS 22:48:9a:ac:31:7f update for P2P interface
02-03 10:48:30.041 D/wpa_supplicant(  637): BSS: No P2P IE - skipping BSS bc:ee:7b:97:78:35 update for P2P interface
02-03 10:48:30.041 D/wpa_supplicant(  637): BSS: No P2P IE - skipping BSS 80:1f:02:43:fb:e8 update for P2P interface
02-03 10:48:30.041 D/wpa_supplicant(  637): BSS: No P2P IE - skipping BSS cc:b2:55:e2:84:70 update for P2P interface
02-03 10:48:30.041 D/wpa_supplicant(  637): BSS: No P2P IE - skipping BSS 14:d6:4d:28:ef:c8 update for P2P interface
02-03 10:48:30.041 D/wpa_supplicant(  637): BSS: No P2P IE - skipping BSS 1c:65:9d:e8:79:44 update for P2P interface
02-03 10:48:30.041 D/wpa_supplicant(  637): BSS: No P2P IE - skipping BSS 02:1a:11:f6:67:da update for P2P interface
02-03 10:48:30.041 D/wpa_supplicant(  637): BSS: No P2P IE - skipping BSS 2c:b0:5d:7f:f4:24 update for P2P interface
02-03 10:48:30.041 D/wpa_supplicant(  637): BSS: No P2P IE - skipping BSS c0:a0:bb:20:3b:84 update for P2P interface
02-03 10:48:30.041 D/wpa_supplicant(  637): BSS: No P2P IE - skipping BSS 00:0f:e2:0f:9f:c1 update for P2P interface
02-03 10:48:30.041 D/wpa_supplicant(  637): BSS: No P2P IE - skipping BSS f4:b7:e2:2b:41:b7 update for P2P interface
02-03 10:48:30.041 D/wpa_supplicant(  637): BSS: No P2P IE - skipping BSS 02:09:4c:b9:0c:d6 update for P2P interface
02-03 10:48:30.041 D/wpa_supplicant(  637): BSS: No P2P IE - skipping BSS e4:d3:32:36:2e:54 update for P2P interface
02-03 10:48:30.041 D/wpa_supplicant(  637): BSS: No P2P IE - skipping BSS e4:d3:32:dd:18:62 update for P2P interface
02-03 10:48:30.041 D/wpa_supplicant(  637): BSS: last_scan_res_used=0/32 last_scan_full=0
02-03 10:48:30.041 D/wpa_supplicant(  637): p2p-dev-wlan0: New scan results available
02-03 10:48:30.041 D/wpa_supplicant(  637): CTRL_IFACE monitor send - hexdump(len=39): 2f 64 61 74 61 2f 6d 69 73 63 2f 77 69 66 69 2f 73 6f 63 6b 65 74 73 2f 77 70 61 5f 63 74 72 6c ...
02-03 10:48:30.041 I/WifiHW  (  547): EVENT: IFNAME=p2p-dev-wlan0 CTRL-EVENT-SCAN-RESULTS 
02-03 10:48:30.041 D/wpa_supplicant(  637): WPS: AP[0] f8:d1:11:e7:99:e8 type=0 tries=0 last_attempt=-1 sec ago blacklist=0
02-03 10:48:30.041 D/wpa_supplicant(  637): WPS: AP[1] 10:c3:7b:d2:e5:e0 type=0 tries=0 last_attempt=-1 sec ago blacklist=0
02-03 10:48:30.041 D/wpa_supplicant(  637): WPS: AP[2] cc:34:29:2b:26:4c type=0 tries=0 last_attempt=-1 sec ago blacklist=0
02-03 10:48:30.041 D/wpa_supplicant(  637): WPS: AP[3] b0:48:7a:20:66:6a type=0 tries=0 last_attempt=-1 sec ago blacklist=0
02-03 10:48:30.041 D/wpa_supplicant(  637): WPS: AP[4] 44:94:fc:3d:da:38 type=0 tries=0 last_attempt=-1 sec ago blacklist=0
02-03 10:48:30.041 D/wpa_supplicant(  637): WPS: AP[5] 98:fc:11:81:35:fb type=0 tries=0 last_attempt=-1 sec ago blacklist=0
02-03 10:48:30.041 D/wpa_supplicant(  637): WPS: AP[6] c0:c1:c0:76:81:3c type=0 tries=0 last_attempt=-1 sec ago blacklist=0
02-03 10:48:30.041 D/wpa_supplicant(  637): WPS: AP[7] 02:1e:67:80:2b:36 type=0 tries=0 last_attempt=-1 sec ago blacklist=0
02-03 10:48:30.041 D/wpa_supplicant(  637): WPS: AP[8] cc:34:29:2c:fb:ec type=0 tries=0 last_attempt=-1 sec ago blacklist=0
02-03 10:48:30.041 D/wpa_supplicant(  637): WPS: AP[9] 14:d6:4d:28:ef:c8 type=0 tries=0 last_attempt=-1 sec ago blacklist=0
02-03 10:48:30.041 D/wpa_supplicant(  637): WPS: AP[10] e4:d3:32:36:2e:54 type=0 tries=0 last_attempt=-1 sec ago blacklist=0
02-03 10:48:30.041 D/wpa_supplicant(  637): WPS: AP[11] c0:a0:bb:20:3b:84 type=0 tries=0 last_attempt=-1 sec ago blacklist=0
02-03 10:48:30.041 D/wpa_supplicant(  637): WPS: AP[12] 4c:e6:76:a5:4d:e0 type=0 tries=0 last_attempt=-1 sec ago blacklist=0
02-03 10:48:30.041 D/wpa_supplicant(  637): WPS: AP[13] 2c:b0:5d:7f:f4:24 type=0 tries=0 last_attempt=-1 sec ago blacklist=0
02-03 10:48:30.041 D/wpa_supplicant(  637): WPS: AP[14] bc:ee:7b:97:78:35 type=0 tries=0 last_attempt=-1 sec ago blacklist=0
02-03 10:48:30.041 D/wpa_supplicant(  637): WPS: AP[15] b0:48:7a:51:ff:cc type=0 tries=0 last_attempt=-1 sec ago blacklist=0
02-03 10:48:30.041 D/wpa_supplicant(  637): WPS: AP[16] ac:f1:df:cf:85:c0 type=0 tries=0 last_attempt=-1 sec ago blacklist=0
02-03 10:48:30.041 D/wpa_supplicant(  637): WPS: AP[17] 02:13:20:ff:b4:e6 type=0 tries=0 last_attempt=-1 sec ago blacklist=0
02-03 10:48:30.041 D/wpa_supplicant(  637): p2p-dev-wlan0: No suitable network found
02-03 10:48:30.041 D/wpa_supplicant(  637): Do not scan on p2p management interface, return
02-03 10:48:30.041 D/wpa_supplicant(  637): wlan0: P2P: Station mode scan operation not pending anymore (sta_scan_pending=0 p2p_cb_on_scan_complete=0)
02-03 10:48:30.041 D/wpa_supplicant(  637): RX ctrl_iface - hexdump(len=25): 42 53 53 20 52 41 4e 47 45 3d 30 2d 20 4d 41 53 4b 3d 30 78 32 31 39 38 37
02-03 10:48:30.041 D/wpa_supplicant(  637): wlan0: Control interface command 'BSS RANGE=0- MASK=0x21987'
02-03 10:48:30.041 I/WifiHW  (  547): REPLY: id=191
02-03 10:48:30.041 I/WifiHW  (  547): REPLY: bssid=02:1a:11:f2:bf:af
02-03 10:48:30.041 I/WifiHW  (  547): REPLY: freq=2437
02-03 10:48:30.041 I/WifiHW  (  547): REPLY: level=-49
02-03 10:48:30.041 I/WifiHW  (  547): REPLY: tsf=0000006086245782
02-03 10:48:30.041 I/WifiHW  (  547): REPLY: flags=[WPA2-PSK-CCMP][ESS]
02-03 10:48:30.041 I/WifiHW  (  547): REPLY: ssid=Android
02-03 10:48:30.041 I/WifiHW  (  547): REPLY: ====
02-03 10:48:30.041 I/WifiHW  (  547): REPLY: id=192
02-03 10:48:30.041 I/WifiHW  (  547): REPLY: bssid=c8:d7:19:60:62:f2
02-03 10:48:30.041 I/WifiHW  (  547): REPLY: freq=2462
02-03 10:48:30.041 I/WifiHW  (  547): REPLY: level=-59
02-03 10:48:30.041 I/WifiHW  (  547): REPLY: tsf=0000006086245832
02-03 10:48:30.041 I/WifiHW  (  547): REPLY: flags=[WPA2-EAP-CCMP-preauth][ESS]
02-03 10:48:30.041 I/WifiHW  (  547): REPLY: ssid=E3000-2.4G
02-03 10:48:30.041 I/WifiHW  (  547): REPLY: ====
02-03 10:48:30.041 I/WifiHW  (  547): REPLY: id=193
02-03 10:48:30.041 I/WifiHW  (  547): REPLY: bssid=f8:d1:11:e7:99:e8
02-03 10:48:30.041 I/WifiHW  (  547): REPLY: freq=2437
02-03 10:48:30.041 I/WifiHW  (  547): REPLY: level=-50
02-03 10:48:30.041 I/WifiHW  (  547): REPLY: tsf=0000006086245773
02-03 10:48:30.041 I/WifiHW  (  547): REPLY: flags=[WPA-PSK-CCMP][WPA2-PSK-CCMP][WPS][ESS]
02-03 10:48:30.041 I/WifiHW  (  547): REPLY: ssid=videotest
02-03 10:48:30.041 I/WifiHW  (  547): REPLY: ====
02-03 10:48:30.041 I/WifiHW  (  547): REPLY: id=194
02-03 10:48:30.041 I/WifiHW  (  547): REPLY: bssid=cc:34:29:2b:26:4c
02-03 10:48:30.041 I/WifiHW  (  547): REPLY: freq=2462
02-03 10:48:30.041 I/WifiHW  (  547): REPLY: level=-61
02-03 10:48:30.041 I/WifiHW  (  547): REPLY: tsf=0000006086245841
02-03 10:48:30.041 I/WifiHW  (  547): REPLY: flags=[WPA2-PSK-CCMP][WPS][ESS]
02-03 10:48:30.041 I/WifiHW  (  547): REPLY: ssid=cws-test
02-03 10:48:30.041 I/WifiHW  (  547): REPLY: ====
02-03 10:48:30.041 I/WifiHW  (  547): REPLY: id=196
02-03 10:48:30.041 I/WifiHW  (  547): REPLY: bssid=10:c3:7b:d2:e5:e0
02-03 10:48:30.041 I/WifiHW  (  547): REPLY: freq=2462
02-03 10:48:30.041 I/WifiHW  (  547): REPLY: level=-57
02-03 10:48:30.041 I/WifiHW  (  547): REPLY: tsf=0000006086245870
02-03 10:48:30.041 I/WifiHW  (  547): REPLY: flags=[WPA2-PSK-CCMP][WPS][ESS]
02-03 10:48:30.041 I/WifiHW  (  547): REPLY: ssid=ASUS_RT-AC66U-2.4G
02-03 10:48:30.041 I/WifiHW  (  547): REPLY: ====
02-03 10:48:30.041 I/WifiHW  (  547): REPLY: id=198
02-03 10:48:30.041 I/WifiHW  (  547): REPLY: bssid=b0:48:7a:20:66:6a
02-03 10:48:30.041 I/WifiHW  (  547): REPLY: freq=2462
02-03 10:48:30.041 I/WifiHW  (  547): REPLY: level=-60
02-03 10:48:30.041 I/WifiHW  (  547): REPLY: tsf=0000006086245849
02-03 10:48:30.041 I/WifiHW  (  547): REPLY: flags=[WPA-PSK-CCMP][WPA2-PSK-CCMP][WPS][ESS]
02-03 10:48:30.041 I/WifiHW  (  547): REPLY: ssid=TP-LINK_20666A
02-03 10:48:30.041 I/WifiHW  (  547): REPLY: ====
02-03 10:48:30.041 I/WifiHW  (  547): REPLY: id=199
02-03 10:48:30.041 I/WifiHW  (  547): REPLY: bssid=44:94:fc:3d:da:38
02-03 10:48:30.041 I/WifiHW  (  547): REPLY: freq=2462
02-03 10:48:30.041 I/WifiHW  (  547): REPLY: level=-64
02-03 10:48:30.041 I/WifiHW  (  547): REPLY: tsf=0000006086245879
02-03 10:48:30.041 I/WifiHW  (  547): REPLY: flags=[WPA2-PSK-CCMP][WPS][ESS]
02-03 10:48:30.041 I/WifiHW  (  547): REPLY: ssid=6300
02-03 10:48:30.041 I/WifiHW  (  547): REPLY: ====
02-03 10:48:30.041 I/WifiHW  (  547): REPLY: id=217
02-03 10:48:30.041 I/WifiHW  (  547): REPLY: bssid=6c:8b:2f:e9:d1:da
02-03 10:48:30.041 I/WifiHW  (  547): REPLY: freq=2437
02-03 10:48:30.041 I/WifiHW  (  547): REPLY: level=-46
02-03 10:48:30.041 I/WifiHW  (  547): REPLY: tsf=0000006086245748
02-03 10:48:30.041 I/WifiHW  (  547): REPLY: flags=[WPA2-PSK-CCMP][ESS]
02-03 10:48:30.041 I/WifiHW  (  547): REPLY: ssid=ZTE_AP_1640
02-03 10:48:30.041 I/WifiHW  (  547): REPLY: ====
02-03 10:48:30.041 I/WifiHW  (  547): REPLY: id=220
02-03 10:48:30.041 I/WifiHW  (  547): REPLY: bssid=cc:34:29:2c:fb:ec
02-03 10:48:30.041 I/WifiHW  (  547): REPLY: freq=2412
02-03 10:48:30.041 I/WifiHW  (  547): REPLY: level=-59
02-03 10:48:30.041 I/WifiHW  (  547): REPLY: tsf=0000006086245699
02-03 10:48:30.041 I/WifiHW  (  547): REPLY: flags=[WPA-PSK-CCMP][WPA2-PSK-CCMP][WPS][ESS]
02-03 10:48:30.041 I/WifiHW  (  547): REPLY: ssid=linksys
02-03 10:48:30.041 I/WifiHW  (  547): REPLY: ====
02-03 10:48:30.041 I/WifiHW  (  547): REPLY: id=254
02-03 10:48:30.041 I/WifiHW  (  547): REPLY: bssid=80:1f:02:43:fb:e8
02-03 10:48:30.041 I/WifiHW  (  547): REPLY: freq=2412
02-03 10:48:30.041 I/WifiHW  (  547): REPLY: level=-69
02-03 10:48:30.041 I/WifiHW  (  547): REPLY: tsf=0000006086245691
02-03 10:48:30.041 I/WifiHW  (  547): REPLY: flags=[WPA2-PSK-CCMP-preauth][ESS]
02-03 10:48:30.041 I/WifiHW  (  547): REPLY: ssid=Edimax AP
02-03 10:48:30.041 I/WifiHW  (  547): REPLY: ====
02-03 10:48:30.041 I/WifiHW  (  547): REPLY: id=268
02-03 10:48:30.041 I/WifiHW  (  547): REPLY: bssid=90:94:e4:03:45:f5
02-03 10:48:30.041 I/WifiHW  (  547): REPLY: freq=2422
02-03 10:48:30.041 I/WifiHW  (  547): REPLY: level=-56
02-03 10:48:30.041 I/WifiHW  (  547): REPLY: tsf=0000006086245716
02-03 10:48:30.041 I/WifiHW  (  547): REPLY: flags=[WPA2-PSK-CCMP+TKIP][ESS]
02-03 10:48:30.041 I/WifiHW  (  547): REPLY: ssid=2553q
02-03 10:48:30.041 I/WifiHW  (  547): REPLY: ====
02-03 10:48:30.041 I/WifiHW  (  547): REPLY: id=290
02-03 10:48:30.041 I/WifiHW  (  547): REPLY: bssid=00:0f:e2:0f:9f:c1
02-03 10:48:30.041 I/WifiHW  (  547): REPLY: freq=2462
02-03 10:48:30.041 I/WifiHW  (  547): REPLY: level=-77
02-03 10:48:30.041 I/WifiHW  (  547): REPLY: tsf=0000006086245862
02-03 10:48:30.041 I/WifiHW  (  547): REPLY: flags=[WPA-PSK-CCMP+TKIP][WPA2-PSK-CCMP+TKIP][ESS]
02-03 10:48:30.041 I/WifiHW  (  547): REPLY: ssid=321_WAN
02-03 10:48:30.041 I/WifiHW  (  547): REPLY: ====
02-03 10:48:30.041 I/WifiHW  (  547): REPLY: id=336
02-03 10:48:30.041 I/WifiHW  (  547): REPLY: bssid=c0:c1:c0:76:81:3c
02-03 10:48:30.041 I/WifiHW  (  547): REPLY: freq=2437
02-03 10:48:30.041 I/WifiHW  (  547): REPLY: level=-57
02-03 10:48:30.041 I/WifiHW  (  547): REPLY: tsf=0000006045016573
02-03 10:48:30.041 I/WifiHW  (  547): REPLY: flags=[WPA2-PSK-CCMP][WPS][ESS]
02-03 10:48:30.041 I/WifiHW  (  547): REPLY: ssid=E2000
02-03 10:48:30.041 I/WifiHW  (  547): REPLY: ====
02-03 10:48:30.041 I/WifiHW  (  547): REPLY: id=343
02-03 10:48:30.041 I/WifiHW  (  547): REPLY: bssid=98:fc:11:81:35:fb
02-03 10:48:30.041 I/WifiHW  (  547): REPLY: freq=2412
02-03 10:48:30.041 I/WifiHW  (  547): REPLY: level=-64
02-03 10:48:30.041 I/WifiHW  (  547): REPLY: tsf=0000006086245664
02-03 10:48:30.041 I/WifiHW  (  547): REPLY: flags=[WPA2-PSK-CCMP][WPS][ESS]
02-03 10:48:30.041 I/WifiHW  (  547): REPLY: ssid=E2000E
02-03 10:48:30.041 I/WifiHW  (  547): REPLY: ====
02-03 10:48:30.041 I/WifiHW  (  547): REPLY: id=353
02-03 10:48:30.041 I/WifiHW  (  547): REPLY: bssid=02:1a:11:fc:c3:59
02-03 10:48:30.041 I/WifiHW  (  547): REPLY: freq=2437
02-03 10:48:30.041 I/WifiHW  (  547): REPLY: level=-64
02-03 10:48:30.041 I/WifiHW  (  547): REPLY: tsf=0000006086245790
02-03 10:48:30.041 I/WifiHW  (  547): REPLY: flags=[WPA2-PSK-CCMP][ESS]
02-03 10:48:30.041 I/WifiHW  (  547): REPLY: ssid=test only
02-03 10:48:30.041 I/WifiHW  (  547): REPLY: ====
02-03 10:48:30.041 I/WifiHW  (  547): REPLY: id=401
02-03 10:48:30.041 I/WifiHW  (  547): REPLY: bssid=74:e5:43:24:f4:5b
02-03 10:48:30.041 I/WifiHW  (  547): REPLY: freq=2412
02-03 10:48:30.041 I/WifiHW  (  547): REPLY: level=-80
02-03 10:48:30.041 I/WifiHW  (  547): REPLY: tsf=0000006045016511
02-03 10:48:30.041 I/WifiHW  (  547): REPLY: flags=[WPA2-PSK-CCMP][ESS]
02-03 10:48:30.041 I/WifiHW  (  547): REPLY: ssid=Dttest
02-03 10:48:30.041 I/WifiHW  (  547): REPLY: ====
02-03 10:48:30.041 I/WifiHW  (  547): REPLY: id=415
02-03 10:48:30.041 I/WifiHW  (  547): REPLY: bssid=14:d6:4d:28:ef:c8
02-03 10:48:30.041 I/WifiHW  (  547): REPLY: freq=2437
02-03 10:48:30.041 I/WifiHW  (  547): REPLY: level=-69
02-03 10:48:30.041 I/WifiHW  (  547): REPLY: tsf=0000006086245740
02-03 10:48:30.041 I/WifiHW  (  547): REPLY: flags=[WPA2-PSK-CCMP][WPS][ESS]
02-03 10:48:30.041 I/WifiHW  (  547): REPLY: ssid=dlink
02-03 10:48:30.041 I/WifiHW  (  547): REPLY: ====
02-03 10:48:30.041 I/WifiHW  (  547): REPLY: id=425
02-03 10:48:30.041 I/WifiHW  (  547): REPLY: bssid=b0:48:7a:51:ff:cc
02-03 10:48:30.041 I/WifiHW  (  547): REPLY: freq=2427
02-03 10:48:30.041 I/WifiHW  (  547): REPLY: level=-63
02-03 10:48:30.041 I/WifiHW  (  547): REPLY: tsf=0000006086245724
02-03 10:48:30.041 I/WifiHW  (  547): REPLY: flags=[WPA-PSK-CCMP][WPA2-PSK-CCMP][WPS][ESS]
02-03 10:48:30.041 I/WifiHW  (  547): REPLY: ssid=Neusoft TP
02-03 10:48:30.041 I/WifiHW  (  547): REPLY: ====
02-03 10:48:30.041 I/WifiHW  (  547): REPLY: id=427
02-03 10:48:30.041 I/WifiHW  (  547): REPLY: bssid=22:48:9a:ac:31:7f
02-03 10:48:30.041 I/WifiHW  (  547): REPLY: freq=2437
02-03 10:48:30.041 I/WifiHW  (  547): REPLY: level=-65
02-03 10:48:30.041 I/WifiHW  (  547): REPLY: tsf=0000006086245764
02-03 10:48:30.041 I/WifiHW  (  547): REPLY: flags=[WPA2-PSK-CCMP][ESS]
02-03 10:48:30.041 I/WifiHW  (  547): REPLY: ssid=WiFi874
02-03 10:48:30.041 I/WifiHW  (  547): REPLY: ====
02-03 10:48:30.041 I/WifiHW  (  547): REPLY: id=428
02-03 10:48:30.041 I/WifiHW  (  547): REPLY: bssid=02:1a:11:f6:67:da
02-03 10:48:30.041 I/WifiHW  (  547): REPLY: freq=2437
02-03 10:48:30.041 I/WifiHW  (  547): REPLY: level=-70
02-03 10:48:30.041 I/WifiHW  (  547): REPLY: tsf=0000006086245732
02-03 10:48:30.041 I/WifiHW  (  547): REPLY: flags=[WPA2-PSK-CCMP][ESS]
02-03 10:48:30.041 I/WifiHW  (  547): REPLY: ssid=love U forever
02-03 10:48:30.041 I/WifiHW  (  547): REPLY: ====
02-03 10:48:30.041 I/WifiHW  (  547): REPLY: id=429
02-03 10:48:30.041 I/WifiHW  (  547): REPLY: bssid=1c:65:9d:e8:79:44
02-03 10:48:30.041 I/WifiHW  (  547): REPLY: freq=2437
02-03 10:48:30.041 I/WifiHW  (  547): REPLY: level=-70
02-03 10:48:30.041 I/WifiHW  (  547): REPLY: tsf=0000006086245808
02-03 10:48:30.041 I/WifiHW  (  547): REPLY: flags=[WPA2-PSK-CCMP][ESS]
02-03 10:48:30.041 I/WifiHW  (  547): REPLY: ssid=WiFi
02-03 10:48:30.041 I/WifiHW  (  547): REPLY: ====
02-03 10:48:30.041 I/WifiHW  (  547): REPLY: id=432
02-03 10:48:30.041 I/WifiHW  (  547): REPLY: bssid=bc:ee:7b:97:78:35
02-03 10:48:30.041 I/WifiHW  (  547): REPLY: freq=2412
02-03 10:48:30.041 I/WifiHW  (  547): REPLY: level=-69
02-03 10:48:30.041 I/WifiHW  (  547): REPLY: tsf=0000006086245672
02-03 10:48:30.041 I/WifiHW  (  547): REPLY: flags=[WPA2-PSK-CCMP][WPS][ESS]
02-03 10:48:30.041 I/WifiHW  (  547): REPLY: ssid=ASUS
02-03 10:48:30.041 I/WifiHW  (  547): REPLY: ====
02-03 10:48:30.041 I/WifiHW  (  547): REPLY: id=433
02-03 10:48:30.041 I/WifiHW  (  547): REPLY: bssid=cc:b2:55:e2:84:70
02-03 10:48:30.041 I/WifiHW  (  547): REPLY: freq=2447
02-03 10:48:30.041 I/WifiHW  (  547): REPLY: level=-69
02-03 10:48:30.041 I/WifiHW  (  547): REPLY: tsf=0000006086245824
02-03 10:48:30.041 I/WifiHW  (  547): REPLY: flags=[WPA-PSK-TKIP][WPA2-PSK-TKIP][ESS]
02-03 10:48:30.041 I/WifiHW  (  547): REPLY: ssid=DLINK_APK
02-03 10:48:30.041 I/WifiHW  (  547): REPLY: ====
02-03 10:48:30.041 I/WifiHW  (  547): REPLY: id=434
02-03 10:48:30.041 I/WifiHW  (  547): REPLY: bssid=e4:d3:32:36:2e:54
02-03 10:48:30.041 I/WifiHW  (  547): REPLY: freq=2412
02-03 10:48:30.041 I/WifiHW  (  547): REPLY: level=-68
02-03 10:48:30.041 I/WifiHW  (  547): REPLY: tsf=0000006086245655
02-03 10:48:30.041 I/WifiHW  (  547): REPLY: flags=[WPS][ESS]
02-03 10:48:30.041 I/WifiHW  (  547): REPLY: ssid=MERCURY_362E54
02-03 10:48:30.041 I/WifiHW  (  547): REPLY: ====
02-03 10:48:30.041 I/WifiHW  (  547): REPLY: id=435
02-03 10:48:30.041 I/WifiHW  (  547): REPLY: bssid=8c:be:be:01:00:49
02-03 10:48:30.041 I/WifiHW  (  547): REPLY: freq=2412
02-03 10:48:30.041 I/WifiHW  (  547): REPLY: level=-80
02-03 10:48:30.041 I/WifiHW  (  547): REPLY: tsf=0000006045016445
02-03 10:48:30.041 I/WifiHW  (  547): REPLY: flags=[WPA2-PSK-CCMP][ESS]
02-03 10:48:30.041 I/WifiHW  (  547): REPLY: ssid=xmw
02-03 10:48:30.041 I/WifiHW  (  547): REPLY: ====
02-03 10:48:30.041 I/WifiHW  (  547): REPLY: id=436
02-03 10:48:30.041 I/WifiHW  (  547): REPLY: bssid=ac:f1:df:cf:85:c0
02-03 10:48:30.041 I/WifiHW  (  547): REPLY: freq=2462
02-03 10:48:30.041 I/WifiHW  (  547): REPLY: level=-87
02-03 10:48:30.041 I/WifiHW  (  547): REPLY: tsf=0000006045016635
02-03 10:48:30.041 I/WifiHW  (  547): REPLY: flags=[WPA-PSK-CCMP+TKIP][WPA2-PSK-CCMP+TKIP][WPS][ESS]
02-03 10:48:30.041 I/WifiHW  (  547): REPLY: ssid=Jiangnan
02-03 10:48:30.041 I/WifiHW  (  547): REPLY: ====
02-03 10:48:30.041 I/WifiHW  (  547): REPLY: id=437
02-03 10:48:30.041 I/WifiHW  (  547): REPLY: bssid=2c:b0:5d:7f:f4:24
02-03 10:48:30.041 I/WifiHW  (  547): REPLY: freq=2437
02-03 10:48:30.041 I/WifiHW  (  547): REPLY: level=-71
02-03 10:48:30.041 I/WifiHW  (  547): REPLY: tsf=0000006086245798
02-03 10:48:30.041 I/WifiHW  (  547): REPLY: flags=[WPA2-PSK-CCMP][WPS][ESS]
02-03 10:48:30.041 I/WifiHW  (  547): REPLY: ssid=NETGEAR38
02-03 10:48:30.041 I/WifiHW  (  547): REPLY: ====
02-03 10:48:30.041 I/WifiHW  (  547): REPLY: id=438
02-03 10:48:30.041 I/WifiHW  (  547): REPLY: bssid=c0:a0:bb:20:3b:84
02-03 10:48:30.041 I/WifiHW  (  547): REPLY: freq=2417
02-03 10:48:30.041 I/WifiHW  (  547): REPLY: level=-73
02-03 10:48:30.041 I/WifiHW  (  547): REPLY: tsf=0000006086245707
02-03 10:48:30.041 I/WifiHW  (  547): REPLY: flags=[WPA-PSK-CCMP+TKIP][WPA2-PSK-CCMP+TKIP][WPS][ESS]
02-03 10:48:30.041 I/WifiHW  (  547): REPLY: ssid=dlink-3B84
02-03 10:48:30.041 I/WifiHW  (  547): REPLY: ====
02-03 10:48:30.041 I/WifiHW  (  547): REPLY: id=439
02-03 10:48:30.041 I/WifiHW  (  547): REPLY: bssid=f4:b7:e2:2b:41:b7
02-03 10:48:30.041 I/WifiHW  (  547): REPLY: freq=2437
02-03 10:48:30.041 I/WifiHW  (  547): REPLY: level=-83
02-03 10:48:30.041 I/WifiHW  (  547): REPLY: tsf=0000006086245756
02-03 10:48:30.041 I/WifiHW  (  547): REPLY: flags=[WPA2-PSK-CCMP][ESS]
02-03 10:48:30.041 I/WifiHW  (  547): REPLY: ssid=cmscc
02-03 10:48:30.041 D/wpa_supplicant(  637): RTM_NEWLINK: operstate=0 ifi_flags=0x11003 ([UP][LOWER_UP])
02-03 10:48:30.041 D/wpa_supplicant(  637): RTM_NEWLINK, IFLA_IFNAME: Interface 'wlan0' added
02-03 10:48:30.041 I/WifiHW  (  547): REPLY: ====
02-03 10:48:30.041 I/WifiHW  (  547): REPLY: id=440
02-03 10:48:30.041 I/WifiHW  (  547): REPLY: bssid=02:09:4c:b9:0c:d6
02-03 10:48:30.041 I/WifiHW  (  547): REPLY: freq=2412
02-03 10:48:30.041 I/WifiHW  (  547): REPLY: level=-69
02-03 10:48:30.041 I/WifiHW  (  547): REPLY: tsf=0000006086245681
02-03 10:48:30.041 I/WifiHW  (  547): REPLY: flags=[WEP]
02-03 10:48:30.041 I/WifiHW  (  547): REPLY: ssid=DIRECT-
02-03 10:48:30.041 I/WifiHW  (  547): REPLY: ====
02-03 10:48:30.041 I/WifiHW  (  547): REPLY: id=441
02-03 10:48:30.041 I/WifiHW  (  547): REPLY: bssid=e4:d3:32:dd:18:62
02-03 10:48:30.041 I/WifiHW  (  547): REPLY: freq=2437
02-03 10:48:30.041 I/WifiHW  (  547): REPLY: level=-71
02-03 10:48:30.041 I/WifiHW  (  547): REPLY: tsf=0000006086245816
02-03 10:48:30.041 I/WifiHW  (  547): REPLY: flags=[ESS]
02-03 10:48:30.041 I/WifiHW  (  547): REPLY: ssid=Internet
02-03 10:48:30.041 D/wpa_supplicant(  637): nl80211: if_removed already cleared - ignore event
02-03 10:48:30.041 I/WifiHW  (  547): REPLY: ####
02-03 10:48:31.391 D/dalvikvm( 2070): GC_CONCURRENT freed 7215K, 51% free 7704K/15520K, paused 0ms+1ms, total 18ms
02-03 10:48:31.391 D/dalvikvm( 2070): WAIT_FOR_CONCURRENT_GC blocked 17ms
02-03 10:48:31.401 D/dalvikvm( 2070): GC_CONCURRENT freed 3989K, 50% free 7801K/15520K, paused 1ms+1ms, total 4ms
02-03 10:48:31.401 D/dalvikvm( 2070): WAIT_FOR_CONCURRENT_GC blocked 3ms
02-03 10:48:31.411 D/dalvikvm( 2070): GC_FOR_ALLOC freed 4177K, 51% free 7714K/15520K, paused 3ms, total 3ms
02-03 10:48:31.411 D/dalvikvm( 2070): GC_CONCURRENT freed 1073K, 50% free 7889K/15520K, paused 1ms+2ms, total 4ms
02-03 10:48:31.421 D/dalvikvm( 2070): GC_CONCURRENT freed 4139K, 50% free 7845K/15520K, paused 0ms+0ms, total 3ms
02-03 10:48:31.421 D/dalvikvm( 2070): WAIT_FOR_CONCURRENT_GC blocked 3ms
02-03 10:48:31.421 D/dalvikvm( 2070): GC_CONCURRENT freed 4091K, 50% free 7816K/15520K, paused 0ms+1ms, total 3ms
02-03 10:48:31.421 D/dalvikvm( 2070): WAIT_FOR_CONCURRENT_GC blocked 3ms
02-03 10:48:31.431 D/dalvikvm( 2070): GC_CONCURRENT freed 3980K, 50% free 7893K/15520K, paused 1ms+0ms, total 4ms
02-03 10:48:31.431 D/dalvikvm( 2070): WAIT_FOR_CONCURRENT_GC blocked 3ms
02-03 10:48:31.441 D/dalvikvm( 2070): GC_CONCURRENT freed 4115K, 50% free 7844K/15520K, paused 1ms+1ms, total 3ms
02-03 10:48:31.441 D/dalvikvm( 2070): WAIT_FOR_CONCURRENT_GC blocked 2ms
02-03 10:48:31.441 D/dalvikvm( 2070): GC_CONCURRENT freed 4054K, 50% free 7821K/15520K, paused 0ms+1ms, total 3ms
02-03 10:48:31.441 D/dalvikvm( 2070): WAIT_FOR_CONCURRENT_GC blocked 3ms
02-03 10:48:31.451 D/dalvikvm( 2070): GC_CONCURRENT freed 4101K, 50% free 7791K/15520K, paused 1ms+1ms, total 3ms
02-03 10:48:31.451 D/dalvikvm( 2070): WAIT_FOR_CONCURRENT_GC blocked 2ms
02-03 10:48:31.461 D/dalvikvm( 2070): GC_CONCURRENT freed 3907K, 49% free 7961K/15520K, paused 1ms+1ms, total 3ms
02-03 10:48:31.461 D/dalvikvm( 2070): WAIT_FOR_CONCURRENT_GC blocked 2ms
02-03 10:48:31.461 D/dalvikvm( 2070): GC_FOR_ALLOC freed 4118K, 50% free 7890K/15520K, paused 2ms, total 2ms
02-03 10:48:31.471 D/dalvikvm( 2070): GC_CONCURRENT freed 4011K, 50% free 7899K/15520K, paused 1ms+2ms, total 4ms
02-03 10:48:31.471 D/dalvikvm( 2070): WAIT_FOR_CONCURRENT_GC blocked 3ms
02-03 10:48:31.481 D/dalvikvm( 2070): GC_FOR_ALLOC freed 4094K, 50% free 7769K/15520K, paused 2ms, total 2ms
02-03 10:48:31.491 D/dalvikvm( 2070): GC_CONCURRENT freed 3922K, 50% free 7870K/15520K, paused 0ms+1ms, total 3ms
02-03 10:48:31.491 D/dalvikvm( 2070): WAIT_FOR_CONCURRENT_GC blocked 3ms
02-03 10:48:31.491 D/dalvikvm( 2070): GC_CONCURRENT freed 4013K, 49% free 7927K/15520K, paused 1ms+1ms, total 3ms
02-03 10:48:31.491 D/dalvikvm( 2070): WAIT_FOR_CONCURRENT_GC blocked 2ms
02-03 10:48:31.501 D/dalvikvm( 2070): GC_CONCURRENT freed 4104K, 50% free 7883K/15520K, paused 1ms+1ms, total 4ms
02-03 10:48:31.501 D/dalvikvm( 2070): WAIT_FOR_CONCURRENT_GC blocked 3ms
02-03 10:48:31.511 D/dalvikvm( 2070): GC_CONCURRENT freed 3917K, 49% free 8050K/15520K, paused 0ms+1ms, total 3ms
02-03 10:48:31.511 D/dalvikvm( 2070): WAIT_FOR_CONCURRENT_GC blocked 2ms
02-03 10:48:31.511 D/dalvikvm( 2070): GC_CONCURRENT freed 4197K, 50% free 7841K/15520K, paused 0ms+1ms, total 3ms
02-03 10:48:31.511 D/dalvikvm( 2070): WAIT_FOR_CONCURRENT_GC blocked 3ms
02-03 10:48:31.521 D/dalvikvm( 2070): GC_CONCURRENT freed 3927K, 49% free 7958K/15520K, paused 0ms+1ms, total 3ms
02-03 10:48:31.521 D/dalvikvm( 2070): WAIT_FOR_CONCURRENT_GC blocked 3ms
02-03 10:48:31.531 D/dalvikvm( 2070): GC_CONCURRENT freed 4032K, 49% free 7966K/15520K, paused 0ms+1ms, total 3ms
02-03 10:48:31.531 D/dalvikvm( 2070): WAIT_FOR_CONCURRENT_GC blocked 3ms
02-03 10:48:31.531 D/dalvikvm( 2070): GC_CONCURRENT freed 4136K, 50% free 7854K/15520K, paused 1ms+1ms, total 3ms
02-03 10:48:31.531 D/dalvikvm( 2070): WAIT_FOR_CONCURRENT_GC blocked 2ms
02-03 10:48:31.541 D/dalvikvm( 2070): GC_CONCURRENT freed 3997K, 49% free 7920K/15520K, paused 1ms+1ms, total 4ms
02-03 10:48:31.541 D/dalvikvm( 2070): WAIT_FOR_CONCURRENT_GC blocked 3ms
