02-25 21:02:30.569 I/ActivityManager(  506): Start proc com.android.bluetooth for service com.android.bluetooth/.btservice.AdapterService: pid=12734 uid=1002 gids={41002, 3003, 3002, 3001, 1028, 1015, 3005, 1016, 3008}
02-25 21:02:30.589 D/AudioHardwareALSA(  183): setParameters
02-25 21:02:31.039 D/AdapterServiceConfig(12734): Adding HeadsetService
02-25 21:02:31.039 D/AdapterServiceConfig(12734): Adding A2dpService
02-25 21:02:31.039 D/AdapterServiceConfig(12734): Adding HidService
02-25 21:02:31.039 D/AdapterServiceConfig(12734): Adding HealthService
02-25 21:02:31.039 D/AdapterServiceConfig(12734): Adding PanService
02-25 21:02:31.039 D/AdapterServiceConfig(12734): Adding GattService
02-25 21:02:31.059 D/BluetoothAdapterService(12734): REFCOUNT: CREATED. INSTANCE_COUNT1
02-25 21:02:31.059 D/BluetoothAdapterService(569145608)(12734): onCreate
02-25 21:02:31.129 D/BluetoothAdapterState(12734): make
02-25 21:02:31.149 I/BluetoothAdapterState(12734): Entering OffState
02-25 21:02:31.159 I/bluedroid(12734): init
02-25 21:02:31.159 I/bte_conf(12734): Attempt to load stack conf from /etc/bluetooth/bt_stack.conf
02-25 21:02:31.159 I/bte_conf(12734): Loading BT stack properties conf
02-25 21:02:31.159 D/BTIF_CORE(12734): Version: AMPAK-Android-4.4-GPS-FM-1.0.0 
02-25 21:02:31.159 I/bluedroid(12734): get_profile_interface socket
02-25 21:02:31.159 I/GKI_LINUX(12734): gki_task_entry: gki_task_entry task_id=1 [BTIF] starting
02-25 21:02:31.169 I/BluetoothAdapterProperties(12734): adapterPropertyChangedCallback with type:2 len:6
02-25 21:02:31.169 D/BluetoothAdapterProperties(12734): Address is:78:24:AF:02:8B:DC
02-25 21:02:31.169 I/BluetoothAdapterProperties(12734): adapterPropertyChangedCallback with type:1 len:4
02-25 21:02:31.179 D/BluetoothAdapterService(569145608)(12734): onBind
02-25 21:02:31.179 D/BluetoothManagerService(  506): BluetoothServiceConnection: com.android.bluetooth.btservice.AdapterService
02-25 21:02:31.179 D/BluetoothManagerService(  506): Message: 40
02-25 21:02:31.179 D/BluetoothManagerService(  506): MESSAGE_BLUETOOTH_SERVICE_CONNECTED: 1
02-25 21:02:31.179 I/bluedroid(12734): config_hci_snoop_log
02-25 21:02:31.199 D/BluetoothManagerService(  506): Calling onBluetoothServiceUp callbacks
02-25 21:02:31.199 D/BluetoothManagerService(  506): Broadcasting onBluetoothServiceUp() to 4 receivers.
02-25 21:02:31.199 D/BluetoothAdapter(  506): onBluetoothServiceUp: android.bluetooth.IBluetooth$Stub$Proxy@2217e110
02-25 21:02:31.199 D/BluetoothAdapter(  770): onBluetoothServiceUp: android.bluetooth.IBluetooth$Stub$Proxy@21ebfc78
02-25 21:02:31.199 D/BluetoothAdapter(  567): onBluetoothServiceUp: android.bluetooth.IBluetooth$Stub$Proxy@21ee32c8
02-25 21:02:31.199 D/BluetoothAdapter(12734): onBluetoothServiceUp: com.android.bluetooth.btservice.AdapterService$AdapterServiceBinder@21ec84b0
02-25 21:02:31.199 D/BluetoothAdapterService(569145608)(12734): Enable called with quiet mode status =  false
02-25 21:02:31.199 D/BluetoothAdapterState(12734): CURRENT_STATE=OFF, MESSAGE = USER_TURN_ON
02-25 21:02:31.199 D/BluetoothAdapterState(12734): REPORT_INFO: CWS_BT_ON
02-25 21:02:31.209 D/BluetoothAdapterProperties(12734): Name is: K011
02-25 21:02:31.209 D/BluetoothManagerService(  506): Bluetooth Adapter name changed to K011
02-25 21:02:31.209 D/BluetoothAdapterProperties(12734): Setting state to 11
02-25 21:02:31.209 I/BluetoothAdapterState(12734): Bluetooth adapter state changed: 10-> 11
02-25 21:02:31.209 D/BluetoothAdapterService(12734): Broadcasting updateAdapterState() to 1 receivers.
02-25 21:02:31.209 D/BluetoothManagerService(  506): onBluetoothStateChange prev=10 new=11
02-25 21:02:31.209 D/BluetoothAdapterService(569145608)(12734): processStart()
02-25 21:02:31.209 D/BluetoothAdapterService(569145608)(12734): processStart(): Make Bond State Machine
02-25 21:02:31.209 D/BluetoothBondStateMachine(12734): make
02-25 21:02:31.209 D/BluetoothManagerService(  506): Message: 60
02-25 21:02:31.209 D/BluetoothManagerService(  506): MESSAGE_BLUETOOTH_STATE_CHANGE: prevState = 10, newState=11
02-25 21:02:31.209 D/BluetoothManagerService(  506): Bluetooth State Change Intent: 10 -> 11
02-25 21:02:31.209 D/BluetoothAdapterService(12734): setAdapterService(): set to: null
02-25 21:02:31.209 W/BluetoothAdapterService(12734): Starting service com.android.bluetooth.hfp.HeadsetService
02-25 21:02:31.209 I/BluetoothBondStateMachine(12734): StableState(): Entering Off State
02-25 21:02:31.219 D/BluetoothAdapterService(569145608)(12734): getState(): mAdapterProperties: com.android.bluetooth.btservice.AdapterProperties@21ec86b0
02-25 21:02:31.219 D/BluetoothManagerService(  506): Stored Bluetooth name: K011
02-25 21:02:31.259 I/SecurityManagerService(  680): SMS received security event: App[START/com.android.settings]
02-25 21:02:31.279 D/dalvikvm(12751): Process 12751 nice name: com.android.settings
02-25 21:02:31.279 D/dalvikvm(12751): Extra Options: not specified
02-25 21:02:31.279 I/ActivityManager(  506): Start proc com.android.settings for broadcast com.android.settings/.bluetooth.DockEventReceiver: pid=12751 uid=1000 gids={41000, 3003, 1028, 1015, 3002, 3001, 1023}
02-25 21:02:31.339 D/BluetoothManagerService(  506): BluetoothServiceConnection, disconnected: com.android.bluetooth.btservice.AdapterService
02-25 21:02:31.339 D/BluetoothManagerService(  506): Message: 41
02-25 21:02:31.339 E/BluetoothManagerService(  506): MESSAGE_BLUETOOTH_SERVICE_DISCONNECTED: 1
02-25 21:02:31.339 D/BluetoothManagerService(  506): Calling onBluetoothServiceDown callbacks
02-25 21:02:31.339 D/BluetoothManagerService(  506): Broadcasting onBluetoothServiceDown() to 3 receivers.
02-25 21:02:31.339 D/BluetoothAdapter(  506): onBluetoothServiceDown: android.bluetooth.IBluetooth$Stub$Proxy@2217e110
02-25 21:02:31.339 D/BluetoothAdapter(  770): onBluetoothServiceDown: android.bluetooth.IBluetooth$Stub$Proxy@21ebfc78
02-25 21:02:31.339 D/BluetoothAdapter(  567): onBluetoothServiceDown: android.bluetooth.IBluetooth$Stub$Proxy@21ee32c8
02-25 21:02:31.339 D/BluetoothManagerService(  506): Bluetooth State Change Intent: 12 -> 13
02-25 21:02:31.339 E/JavaBinder(  506): !!! FAILED BINDER TRANSACTION !!!
02-25 21:02:31.399 W/ActivityManager(  506): Scheduling restart of crashed service com.android.bluetooth/.hfp.HeadsetService in 1000ms
02-25 21:02:31.409 W/ActivityManager(  506): Exception when starting service com.android.bluetooth/.hfp.HeadsetService
02-25 21:02:31.409 W/ActivityManager(  506): android.os.TransactionTooLargeException
02-25 21:02:31.409 W/ActivityManager(  506): 	at android.os.BinderProxy.transact(Native Method)
02-25 21:02:31.409 W/ActivityManager(  506): 	at android.app.ApplicationThreadProxy.scheduleCreateService(ApplicationThreadNative.java:857)
02-25 21:02:31.409 W/ActivityManager(  506): 	at com.android.server.am.ActiveServices.realStartServiceLocked(ActiveServices.java:1414)
02-25 21:02:31.409 W/ActivityManager(  506): 	at com.android.server.am.ActiveServices.bringUpServiceLocked(ActiveServices.java:1324)
02-25 21:02:31.409 W/ActivityManager(  506): 	at com.android.server.am.ActiveServices.startServiceInnerLocked(ActiveServices.java:399)
02-25 21:02:31.409 W/ActivityManager(  506): 	at com.android.server.am.ActiveServices.startServiceLocked(ActiveServices.java:386)
02-25 21:02:31.409 W/ActivityManager(  506): 	at com.android.server.am.ActivityManagerService.startService(ActivityManagerService.java:12936)
02-25 21:02:31.409 W/ActivityManager(  506): 	at android.app.ActivityManagerNative.onTransact(ActivityManagerNative.java:803)
02-25 21:02:31.409 W/ActivityManager(  506): 	at com.android.server.am.ActivityManagerService.onTransact(ActivityManagerService.java:2116)
02-25 21:02:31.409 W/ActivityManager(  506): 	at android.os.Binder.execTransact(Binder.java:404)
02-25 21:02:31.409 W/ActivityManager(  506): 	at dalvik.system.NativeStart.run(Native Method)
02-25 21:02:31.409 I/ActivityManager(  506): Process com.android.bluetooth (pid 12734) has died.
02-25 21:02:31.419 I/SecurityManagerService(  680): SMS received security event: App[STOP/com.android.bluetooth]
02-25 21:02:31.419 D/BluetoothManagerService(  506): Broadcasting onBluetoothStateChange(false) to 6 receivers.
02-25 21:02:31.419 D/BluetoothHeadset(  506): onBluetoothStateChange: up=false
02-25 21:02:31.419 D/BluetoothA2dp(  506): onBluetoothStateChange: up=false
02-25 21:02:31.419 D/BluetoothHeadset(  770): onBluetoothStateChange: up=false
02-25 21:02:31.419 D/BluetoothHeadset(  770): onBluetoothStateChange: up=false
02-25 21:02:31.419 D/BluetoothHeadset(  770): onBluetoothStateChange: up=false
02-25 21:02:31.419 V/CsmClient(  506): [4] csmStop called
02-25 21:02:31.419 D/BluetoothManagerService(  506): Bluetooth State Change Intent: 13 -> 10
02-25 21:02:31.429 D/BluetoothAdapter(  567): 574043672: getState() :  mService = null. Returning STATE_OFF
02-25 21:02:31.429 D/BluetoothAdapter(  567): 574043672: getState() :  mService = null. Returning STATE_OFF
02-25 21:02:31.539 D/BluetoothManagerService(  506): Message: 42
02-25 21:02:31.539 D/BluetoothManagerService(  506): MESSAGE_RESTART_BLUETOOTH_SERVICE: Restart IBluetooth service
02-25 21:02:31.539 I/SecurityManagerService(  680): SMS received security event: App[START/com.android.bluetooth]
02-25 21:02:31.549 D/dalvikvm(12763): Process 12763 nice name: com.android.bluetooth
02-25 21:02:31.549 D/dalvikvm(12763): Extra Options: not specified
02-25 21:02:31.549 I/ActivityManager(  506): Start proc com.android.bluetooth for service com.android.bluetooth/.btservice.AdapterService: pid=12763 uid=1002 gids={41002, 3003, 3002, 3001, 1028, 1015, 3005, 1016, 3008}
02-25 21:02:31.579 D/AudioHardwareALSA(  183): setParameters
02-25 21:02:31.739 D/AdapterServiceConfig(12763): Adding HeadsetService
02-25 21:02:31.739 D/AdapterServiceConfig(12763): Adding A2dpService
02-25 21:02:31.739 D/AdapterServiceConfig(12763): Adding HidService
02-25 21:02:31.739 D/AdapterServiceConfig(12763): Adding HealthService
02-25 21:02:31.739 D/AdapterServiceConfig(12763): Adding PanService
02-25 21:02:31.739 D/AdapterServiceConfig(12763): Adding GattService
02-25 21:02:31.759 D/HeadsetService(12763): Received start request. Starting profile...
02-25 21:02:31.759 I/BluetoothHeadsetServiceJni(12763): classInitNative: succeeds
02-25 21:02:31.759 D/HeadsetStateMachine(12763): make
02-25 21:02:31.779 I/ActivityManager(  506): Process com.android.settings (pid 12751) has died.
02-25 21:02:31.789 I/SecurityManagerService(  680): SMS received security event: App[STOP/com.android.settings]
02-25 21:02:31.789 E/BluetoothHeadsetServiceJni(12763): Bluetooth module is not loaded
02-25 21:02:31.809 D/BluetoothAdapterService(12763): getAdapterService(): service not available
02-25 21:02:31.809 D/BluetoothAdapterService(12763): REFCOUNT: CREATED. INSTANCE_COUNT1
02-25 21:02:31.809 D/BluetoothAdapterService(569191048)(12763): onCreate
02-25 21:02:31.809 D/BluetoothAdapterState(12763): make
02-25 21:02:31.819 I/bluedroid(12763): init
02-25 21:02:31.819 I/BluetoothAdapterState(12763): Entering OffState
02-25 21:02:31.829 I/bte_conf(12763): Attempt to load stack conf from /etc/bluetooth/bt_stack.conf
02-25 21:02:31.829 I/bte_conf(12763): Loading BT stack properties conf
02-25 21:02:31.829 D/BTIF_CORE(12763): Version: AMPAK-Android-4.4-GPS-FM-1.0.0 
02-25 21:02:31.829 I/bluedroid(12763): get_profile_interface socket
02-25 21:02:31.829 I/GKI_LINUX(12763): gki_task_entry: gki_task_entry task_id=1 [BTIF] starting
02-25 21:02:31.829 D/BluetoothAdapterService(569191048)(12763): onBind
02-25 21:02:31.829 I/BluetoothAdapterProperties(12763): adapterPropertyChangedCallback with type:2 len:6
02-25 21:02:31.829 D/BluetoothManagerService(  506): BluetoothServiceConnection: com.android.bluetooth.btservice.AdapterService
02-25 21:02:31.829 D/BluetoothManagerService(  506): Message: 40
02-25 21:02:31.829 D/BluetoothManagerService(  506): MESSAGE_BLUETOOTH_SERVICE_CONNECTED: 1
02-25 21:02:31.839 I/bluedroid(12763): config_hci_snoop_log
02-25 21:02:31.839 D/HeadsetPhoneState(12763): sendDeviceStateChanged. mService=0 mSignal=0 mRoam=0 mBatteryCharge=3
02-25 21:02:31.839 D/BluetoothAdapterProperties(12763): Address is:78:24:AF:02:8B:DC
02-25 21:02:31.839 I/BluetoothAdapterProperties(12763): adapterPropertyChangedCallback with type:1 len:4
02-25 21:02:31.849 I/SecurityManagerService(  680): SMS received security event: App[START/com.android.settings]
02-25 21:02:31.849 D/BluetoothManagerService(  506): Calling onBluetoothServiceUp callbacks
02-25 21:02:31.849 D/BluetoothManagerService(  506): Broadcasting onBluetoothServiceUp() to 4 receivers.
02-25 21:02:31.849 D/BluetoothAdapter(  506): onBluetoothServiceUp: android.bluetooth.IBluetooth$Stub$Proxy@2217e0e0
02-25 21:02:31.849 D/dalvikvm(12779): Process 12779 nice name: com.android.settings
02-25 21:02:31.849 D/dalvikvm(12779): Extra Options: not specified
02-25 21:02:31.849 D/BluetoothAdapter(  770): onBluetoothServiceUp: android.bluetooth.IBluetooth$Stub$Proxy@21ebfc70
02-25 21:02:31.849 D/BluetoothAdapter(  567): onBluetoothServiceUp: android.bluetooth.IBluetooth$Stub$Proxy@21eec600
02-25 21:02:31.849 D/BluetoothAdapter(12763): onBluetoothServiceUp: com.android.bluetooth.btservice.AdapterService$AdapterServiceBinder@21ed3228
02-25 21:02:31.849 D/BluetoothAdapterService(569191048)(12763): Enable called with quiet mode status =  false
02-25 21:02:31.849 D/BluetoothAdapterProperties(12763): Name is: K011
02-25 21:02:31.849 D/BluetoothAdapterState(12763): CURRENT_STATE=OFF, MESSAGE = USER_TURN_ON
02-25 21:02:31.849 D/BluetoothAdapterState(12763): REPORT_INFO: CWS_BT_ON
02-25 21:02:31.849 D/BluetoothAdapterProperties(12763): Setting state to 11
02-25 21:02:31.849 I/BluetoothAdapterState(12763): Bluetooth adapter state changed: 10-> 11
02-25 21:02:31.849 D/BluetoothAdapterService(12763): Broadcasting updateAdapterState() to 1 receivers.
02-25 21:02:31.849 I/ActivityManager(  506): Start proc com.android.settings for broadcast com.android.settings/.widget.SettingsAppWidgetProvider: pid=12779 uid=1000 gids={41000, 3003, 1028, 1015, 3002, 3001, 1023}
02-25 21:02:31.859 D/BluetoothManagerService(  506): onBluetoothStateChange prev=10 new=11
02-25 21:02:31.859 D/BluetoothManagerService(  506): Bluetooth Adapter name changed to K011
02-25 21:02:31.859 D/BluetoothAdapterService(569191048)(12763): processStart()
02-25 21:02:31.859 D/BluetoothManagerService(  506): Message: 60
02-25 21:02:31.859 D/BluetoothManagerService(  506): MESSAGE_BLUETOOTH_STATE_CHANGE: prevState = 10, newState=11
02-25 21:02:31.859 D/BluetoothManagerService(  506): Bluetooth State Change Intent: 10 -> 11
02-25 21:02:31.869 D/BluetoothAdapterService(569191048)(12763): getState(): mAdapterProperties: com.android.bluetooth.btservice.AdapterProperties@21ed3428
02-25 21:02:31.889 D/BluetoothManagerService(  506): Stored Bluetooth name: K011
02-25 21:02:31.929 D/BluetoothAdapterService(569191048)(12763): processStart(): Make Bond State Machine
02-25 21:02:31.929 D/BluetoothBondStateMachine(12763): make
02-25 21:02:31.929 D/BluetoothAdapterService(12763): setAdapterService(): set to: null
02-25 21:02:31.929 W/BluetoothAdapterService(12763): Starting service com.android.bluetooth.hfp.HeadsetService
02-25 21:02:31.929 I/BluetoothBondStateMachine(12763): StableState(): Entering Off State
02-25 21:02:31.949 E/JavaBinder(  506): !!! FAILED BINDER TRANSACTION !!!
02-25 21:02:31.999 D/BluetoothManagerService(  506): BluetoothServiceConnection, disconnected: com.android.bluetooth.btservice.AdapterService
02-25 21:02:31.999 D/BluetoothManagerService(  506): Message: 41
02-25 21:02:31.999 E/BluetoothManagerService(  506): MESSAGE_BLUETOOTH_SERVICE_DISCONNECTED: 1
02-25 21:02:31.999 D/BluetoothManagerService(  506): Calling onBluetoothServiceDown callbacks
02-25 21:02:31.999 D/BluetoothManagerService(  506): Broadcasting onBluetoothServiceDown() to 3 receivers.
02-25 21:02:31.999 D/BluetoothAdapter(  506): onBluetoothServiceDown: android.bluetooth.IBluetooth$Stub$Proxy@2217e0e0
02-25 21:02:31.999 D/BluetoothAdapter(  770): onBluetoothServiceDown: android.bluetooth.IBluetooth$Stub$Proxy@21ebfc70
02-25 21:02:31.999 D/BluetoothAdapter(  567): onBluetoothServiceDown: android.bluetooth.IBluetooth$Stub$Proxy@21eec600
02-25 21:02:31.999 D/BluetoothManagerService(  506): Bluetooth State Change Intent: 12 -> 13
02-25 21:02:31.999 I/SecurityManagerService(  680): SMS received security event: App[STOP/com.android.bluetooth]
02-25 21:02:31.999 D/BluetoothManagerService(  506): Broadcasting onBluetoothStateChange(false) to 6 receivers.
02-25 21:02:31.999 D/BluetoothHeadset(  506): onBluetoothStateChange: up=false
02-25 21:02:31.999 D/BluetoothAdapter(  567): 574043672: getState() :  mService = null. Returning STATE_OFF
02-25 21:02:31.999 I/ActivityManager(  506): Process com.android.bluetooth (pid 12763) has died.
02-25 21:02:32.039 E/BluetoothHeadset(  506): 
02-25 21:02:32.039 E/BluetoothHeadset(  506): java.lang.IllegalArgumentException: Service not registered: android.bluetooth.BluetoothHeadset$2@21f08610
02-25 21:02:32.039 E/BluetoothHeadset(  506): 	at android.app.LoadedApk.forgetServiceDispatcher(LoadedApk.java:931)
02-25 21:02:32.039 E/BluetoothHeadset(  506): 	at android.app.ContextImpl.unbindService(ContextImpl.java:1663)
02-25 21:02:32.039 E/BluetoothHeadset(  506): 	at android.bluetooth.BluetoothHeadset$1.onBluetoothStateChange(BluetoothHeadset.java:239)
02-25 21:02:32.039 E/BluetoothHeadset(  506): 	at com.android.server.BluetoothManagerService.sendBluetoothStateCallback(BluetoothManagerService.java:774)
02-25 21:02:32.039 E/BluetoothHeadset(  506): 	at com.android.server.BluetoothManagerService.bluetoothStateChangeHandler(BluetoothManagerService.java:1491)
02-25 21:02:32.039 E/BluetoothHeadset(  506): 	at com.android.server.BluetoothManagerService.access$3000(BluetoothManagerService.java:60)
02-25 21:02:32.039 E/BluetoothHeadset(  506): 	at com.android.server.BluetoothManagerService$BluetoothHandler.handleMessage(BluetoothManagerService.java:1234)
02-25 21:02:32.039 E/BluetoothHeadset(  506): 	at android.os.Handler.dispatchMessage(Handler.java:102)
02-25 21:02:32.039 E/BluetoothHeadset(  506): 	at android.os.Looper.loop(Looper.java:149)
02-25 21:02:32.039 E/BluetoothHeadset(  506): 	at android.os.HandlerThread.run(HandlerThread.java:61)
02-25 21:02:32.039 E/BluetoothPan(  506): 
02-25 21:02:32.039 E/BluetoothPan(  506): java.lang.IllegalArgumentException: Service not registered: android.bluetooth.BluetoothPan$2@220d5c98
02-25 21:02:32.039 E/BluetoothPan(  506): 	at android.app.LoadedApk.forgetServiceDispatcher(LoadedApk.java:931)
02-25 21:02:32.039 E/BluetoothPan(  506): 	at android.app.ContextImpl.unbindService(ContextImpl.java:1663)
02-25 21:02:32.039 E/BluetoothPan(  506): 	at android.bluetooth.BluetoothPan$1.onBluetoothStateChange(BluetoothPan.java:199)
02-25 21:02:32.039 E/BluetoothPan(  506): 	at com.android.server.BluetoothManagerService.sendBluetoothStateCallback(BluetoothManagerService.java:774)
02-25 21:02:32.039 E/BluetoothPan(  506): 	at com.android.server.BluetoothManagerService.bluetoothStateChangeHandler(BluetoothManagerService.java:1491)
02-25 21:02:32.039 E/BluetoothPan(  506): 	at com.android.server.BluetoothManagerService.access$3000(BluetoothManagerService.java:60)
02-25 21:02:32.039 E/BluetoothPan(  506): 	at com.android.server.BluetoothManagerService$BluetoothHandler.handleMessage(BluetoothManagerService.java:1234)
02-25 21:02:32.039 E/BluetoothPan(  506): 	at android.os.Handler.dispatchMessage(Handler.java:102)
02-25 21:02:32.039 E/BluetoothPan(  506): 	at android.os.Looper.loop(Looper.java:149)
02-25 21:02:32.039 E/BluetoothPan(  506): 	at android.os.HandlerThread.run(HandlerThread.java:61)
02-25 21:02:32.039 D/BluetoothA2dp(  506): onBluetoothStateChange: up=false
02-25 21:02:32.039 E/BluetoothA2dp(  506): 
02-25 21:02:32.039 E/BluetoothA2dp(  506): java.lang.IllegalArgumentException: Service not registered: android.bluetooth.BluetoothA2dp$2@21f95748
02-25 21:02:32.039 E/BluetoothA2dp(  506): 	at android.app.LoadedApk.forgetServiceDispatcher(LoadedApk.java:931)
02-25 21:02:32.039 E/BluetoothA2dp(  506): 	at android.app.ContextImpl.unbindService(ContextImpl.java:1663)
02-25 21:02:32.039 E/BluetoothA2dp(  506): 	at android.bluetooth.BluetoothA2dp$1.onBluetoothStateChange(BluetoothA2dp.java:121)
02-25 21:02:32.039 E/BluetoothA2dp(  506): 	at com.android.server.BluetoothManagerService.sendBluetoothStateCallback(BluetoothManagerService.java:774)
02-25 21:02:32.039 E/BluetoothA2dp(  506): 	at com.android.server.BluetoothManagerService.bluetoothStateChangeHandler(BluetoothManagerService.java:1491)
02-25 21:02:32.039 E/BluetoothA2dp(  506): 	at com.android.server.BluetoothManagerService.access$3000(BluetoothManagerService.java:60)
02-25 21:02:32.039 E/BluetoothA2dp(  506): 	at com.android.server.BluetoothManagerService$BluetoothHandler.handleMessage(BluetoothManagerService.java:1234)
02-25 21:02:32.039 E/BluetoothA2dp(  506): 	at android.os.Handler.dispatchMessage(Handler.java:102)
02-25 21:02:32.039 E/BluetoothA2dp(  506): 	at android.os.Looper.loop(Looper.java:149)
02-25 21:02:32.039 E/BluetoothA2dp(  506): 	at android.os.HandlerThread.run(HandlerThread.java:61)
02-25 21:02:32.039 D/BluetoothHeadset(  770): onBluetoothStateChange: up=false
02-25 21:02:32.059 E/BluetoothHeadset(  770): 
02-25 21:02:32.059 E/BluetoothHeadset(  770): java.lang.IllegalArgumentException: Service not registered: android.bluetooth.BluetoothHeadset$2@21f03780
02-25 21:02:32.059 E/BluetoothHeadset(  770): 	at android.app.LoadedApk.forgetServiceDispatcher(LoadedApk.java:931)
02-25 21:02:32.059 E/BluetoothHeadset(  770): 	at android.app.ContextImpl.unbindService(ContextImpl.java:1663)
02-25 21:02:32.059 E/BluetoothHeadset(  770): 	at android.content.ContextWrapper.unbindService(ContextWrapper.java:530)
02-25 21:02:32.059 E/BluetoothHeadset(  770): 	at android.content.ContextWrapper.unbindService(ContextWrapper.java:530)
02-25 21:02:32.059 E/BluetoothHeadset(  770): 	at android.bluetooth.BluetoothHeadset$1.onBluetoothStateChange(BluetoothHeadset.java:239)
02-25 21:02:32.059 E/BluetoothHeadset(  770): 	at android.bluetooth.IBluetoothStateChangeCallback$Stub.onTransact(IBluetoothStateChangeCallback.java:55)
02-25 21:02:32.059 E/BluetoothHeadset(  770): 	at android.os.Binder.execTransact(Binder.java:404)
02-25 21:02:32.059 E/BluetoothHeadset(  770): 	at dalvik.system.NativeStart.run(Native Method)
02-25 21:02:32.059 D/BluetoothHeadset(  770): onBluetoothStateChange: up=false
02-25 21:02:32.059 E/BluetoothHeadset(  770): 
02-25 21:02:32.059 E/BluetoothHeadset(  770): java.lang.IllegalArgumentException: Service not registered: android.bluetooth.BluetoothHeadset$2@21f1b6c0
02-25 21:02:32.059 E/BluetoothHeadset(  770): 	at android.app.LoadedApk.forgetServiceDispatcher(LoadedApk.java:931)
02-25 21:02:32.059 E/BluetoothHeadset(  770): 	at android.app.ContextImpl.unbindService(ContextImpl.java:1663)
02-25 21:02:32.059 E/BluetoothHeadset(  770): 	at android.content.ContextWrapper.unbindService(ContextWrapper.java:530)
02-25 21:02:32.059 E/BluetoothHeadset(  770): 	at android.bluetooth.BluetoothHeadset$1.onBluetoothStateChange(BluetoothHeadset.java:239)
02-25 21:02:32.059 E/BluetoothHeadset(  770): 	at android.bluetooth.IBluetoothStateChangeCallback$Stub.onTransact(IBluetoothStateChangeCallback.java:55)
02-25 21:02:32.059 E/BluetoothHeadset(  770): 	at android.os.Binder.execTransact(Binder.java:404)
02-25 21:02:32.059 E/BluetoothHeadset(  770): 	at dalvik.system.NativeStart.run(Native Method)
02-25 21:02:32.059 D/BluetoothHeadset(  770): onBluetoothStateChange: up=false
02-25 21:02:32.059 E/BluetoothHeadset(  770): 
02-25 21:02:32.059 E/BluetoothHeadset(  770): java.lang.IllegalArgumentException: Service not registered: android.bluetooth.BluetoothHeadset$2@21f09088
02-25 21:02:32.059 E/BluetoothHeadset(  770): 	at android.app.LoadedApk.forgetServiceDispatcher(LoadedApk.java:931)
02-25 21:02:32.059 E/BluetoothHeadset(  770): 	at android.app.ContextImpl.unbindService(ContextImpl.java:1663)
02-25 21:02:32.059 E/BluetoothHeadset(  770): 	at android.content.ContextWrapper.unbindService(ContextWrapper.java:530)
02-25 21:02:32.059 E/BluetoothHeadset(  770): 	at android.bluetooth.BluetoothHeadset$1.onBluetoothStateChange(BluetoothHeadset.java:239)
02-25 21:02:32.059 E/BluetoothHeadset(  770): 	at android.bluetooth.IBluetoothStateChangeCallback$Stub.onTransact(IBluetoothStateChangeCallback.java:55)
02-25 21:02:32.059 E/BluetoothHeadset(  770): 	at android.os.Binder.execTransact(Binder.java:404)
02-25 21:02:32.059 E/BluetoothHeadset(  770): 	at dalvik.system.NativeStart.run(Native Method)
02-25 21:02:32.059 V/CsmClient(  506): [4] csmStop called
02-25 21:02:32.059 D/BluetoothManagerService(  506): Bluetooth State Change Intent: 13 -> 10
02-25 21:02:32.059 D/BluetoothAdapter(  567): 574043672: getState() :  mService = null. Returning STATE_OFF
02-25 21:02:32.109 I/SecurityManagerService(  680): SMS received security event: App[START/com.android.bluetooth]
02-25 21:02:32.109 D/dalvikvm(12793): Process 12793 nice name: com.android.bluetooth
02-25 21:02:32.109 D/dalvikvm(12793): Extra Options: not specified
02-25 21:02:32.109 I/ActivityManager(  506): Start proc com.android.bluetooth for broadcast com.android.bluetooth/.opp.BluetoothOppReceiver: pid=12793 uid=1002 gids={41002, 3003, 3002, 3001, 1028, 1015, 3005, 1016, 3008}
02-25 21:02:32.159 D/AdapterServiceConfig(12793): Adding HeadsetService
02-25 21:02:32.159 D/AdapterServiceConfig(12793): Adding A2dpService
02-25 21:02:32.159 D/AdapterServiceConfig(12793): Adding HidService
02-25 21:02:32.159 D/AdapterServiceConfig(12793): Adding HealthService
02-25 21:02:32.159 D/AdapterServiceConfig(12793): Adding PanService
02-25 21:02:32.159 D/AdapterServiceConfig(12793): Adding GattService
02-25 21:02:32.159 I/ActivityManager(  506): Process com.android.settings (pid 12779) has died.
02-25 21:02:32.169 I/SecurityManagerService(  680): SMS received security event: App[STOP/com.android.settings]
02-25 21:02:32.169 I/ActivityManager(  506): Process com.android.bluetooth (pid 12793) has died.
02-25 21:02:32.179 I/SecurityManagerService(  680): SMS received security event: App[STOP/com.android.bluetooth]
02-25 21:02:32.199 D/BluetoothManagerService(  506): Message: 42
02-25 21:02:32.199 D/BluetoothManagerService(  506): MESSAGE_RESTART_BLUETOOTH_SERVICE: Restart IBluetooth service
02-25 21:02:32.199 I/SecurityManagerService(  680): SMS received security event: App[START/com.android.bluetooth]
02-25 21:02:32.209 D/dalvikvm(12805): Process 12805 nice name: com.android.bluetooth
02-25 21:02:32.209 D/dalvikvm(12805): Extra Options: not specified
02-25 21:02:32.209 D/AudioHardwareALSA(  183): setParameters
02-25 21:02:32.209 I/ActivityManager(  506): Start proc com.android.bluetooth for service com.android.bluetooth/.btservice.AdapterService: pid=12805 uid=1002 gids={41002, 3003, 3002, 3001, 1028, 1015, 3005, 1016, 3008}
02-25 21:02:32.239 D/AdapterServiceConfig(12805): Adding HeadsetService
02-25 21:02:32.239 D/AdapterServiceConfig(12805): Adding A2dpService
02-25 21:02:32.239 D/AdapterServiceConfig(12805): Adding HidService
02-25 21:02:32.239 D/AdapterServiceConfig(12805): Adding HealthService
02-25 21:02:32.239 D/AdapterServiceConfig(12805): Adding PanService
02-25 21:02:32.239 D/AdapterServiceConfig(12805): Adding GattService
02-25 21:02:32.249 D/dalvikvm(  172): GC_EXPLICIT freed 48K, 2% free 5801K/5892K, paused 1ms+1ms, total 36ms
02-25 21:02:32.259 D/dalvikvm(  172): GC_EXPLICIT freed <1K, 2% free 5801K/5892K, paused 1ms+1ms, total 12ms
02-25 21:02:32.269 D/BluetoothAdapterService(12805): REFCOUNT: CREATED. INSTANCE_COUNT1
02-25 21:02:32.269 D/BluetoothAdapterService(569156576)(12805): onCreate
02-25 21:02:32.269 D/dalvikvm(  172): GC_EXPLICIT freed <1K, 2% free 5801K/5892K, paused 1ms+1ms, total 13ms
02-25 21:02:32.309 D/BluetoothAdapterState(12805): make
02-25 21:02:32.319 I/bluedroid(12805): init
02-25 21:02:32.319 I/BluetoothAdapterState(12805): Entering OffState
02-25 21:02:32.329 I/bte_conf(12805): Attempt to load stack conf from /etc/bluetooth/bt_stack.conf
02-25 21:02:32.329 I/bte_conf(12805): Loading BT stack properties conf
02-25 21:02:32.329 D/BTIF_CORE(12805): Version: AMPAK-Android-4.4-GPS-FM-1.0.0 
02-25 21:02:32.329 I/bluedroid(12805): get_profile_interface socket
02-25 21:02:32.329 I/GKI_LINUX(12805): gki_task_entry: gki_task_entry task_id=1 [BTIF] starting
02-25 21:02:32.329 I/BluetoothAdapterProperties(12805): adapterPropertyChangedCallback with type:2 len:6
02-25 21:02:32.329 D/BluetoothAdapterService(569156576)(12805): onBind
02-25 21:02:32.329 D/BluetoothManagerService(  506): BluetoothServiceConnection: com.android.bluetooth.btservice.AdapterService
02-25 21:02:32.329 D/BluetoothManagerService(  506): Message: 40
02-25 21:02:32.329 D/BluetoothManagerService(  506): MESSAGE_BLUETOOTH_SERVICE_CONNECTED: 1
02-25 21:02:32.329 I/bluedroid(12805): config_hci_snoop_log
02-25 21:02:32.329 D/BluetoothManagerService(  506): Calling onBluetoothServiceUp callbacks
02-25 21:02:32.329 D/BluetoothManagerService(  506): Broadcasting onBluetoothServiceUp() to 4 receivers.
02-25 21:02:32.329 D/BluetoothAdapter(  506): onBluetoothServiceUp: android.bluetooth.IBluetooth$Stub$Proxy@2217e0c8
02-25 21:02:32.329 D/BluetoothAdapter(12805): onBluetoothServiceUp: com.android.bluetooth.btservice.AdapterService$AdapterServiceBinder@21ecaf88
02-25 21:02:32.329 D/BluetoothAdapter(  770): onBluetoothServiceUp: android.bluetooth.IBluetooth$Stub$Proxy@21ebfcc0
02-25 21:02:32.329 D/BluetoothAdapter(  567): onBluetoothServiceUp: android.bluetooth.IBluetooth$Stub$Proxy@21eec5b0
02-25 21:02:32.329 D/BluetoothAdapterProperties(12805): Address is:78:24:AF:02:8B:DC
02-25 21:02:32.329 I/BluetoothAdapterProperties(12805): adapterPropertyChangedCallback with type:1 len:4
02-25 21:02:32.339 D/BluetoothManagerService(  506): Bluetooth Adapter name changed to K011
02-25 21:02:32.339 D/BluetoothManagerService(  506): Stored Bluetooth name: K011
02-25 21:02:32.339 D/BluetoothAdapterService(569156576)(12805): Enable called with quiet mode status =  false
02-25 21:02:32.339 D/BluetoothAdapterProperties(12805): Name is: K011
02-25 21:02:32.339 D/BluetoothAdapterState(12805): CURRENT_STATE=OFF, MESSAGE = USER_TURN_ON
02-25 21:02:32.339 D/BluetoothAdapterState(12805): REPORT_INFO: CWS_BT_ON
02-25 21:02:32.339 D/BluetoothAdapterProperties(12805): Setting state to 11
02-25 21:02:32.339 I/BluetoothAdapterState(12805): Bluetooth adapter state changed: 10-> 11
02-25 21:02:32.339 D/BluetoothAdapterService(12805): Broadcasting updateAdapterState() to 1 receivers.
02-25 21:02:32.339 D/BluetoothManagerService(  506): onBluetoothStateChange prev=10 new=11
02-25 21:02:32.339 D/BluetoothAdapterService(569156576)(12805): processStart()
02-25 21:02:32.339 D/BluetoothManagerService(  506): Message: 60
02-25 21:02:32.339 D/BluetoothManagerService(  506): MESSAGE_BLUETOOTH_STATE_CHANGE: prevState = 10, newState=11
02-25 21:02:32.339 D/BluetoothManagerService(  506): Bluetooth State Change Intent: 10 -> 11
02-25 21:02:32.339 D/BluetoothAdapterService(569156576)(12805): getState(): mAdapterProperties: com.android.bluetooth.btservice.AdapterProperties@21ecb188
02-25 21:02:32.349 I/SecurityManagerService(  680): SMS received security event: App[START/com.android.settings]
02-25 21:02:32.359 D/BluetoothAdapterService(569156576)(12805): getState(): mAdapterProperties: com.android.bluetooth.btservice.AdapterProperties@21ecb188
02-25 21:02:32.369 D/BluetoothAdapterService(569156576)(12805): processStart(): Make Bond State Machine
02-25 21:02:32.369 D/BluetoothBondStateMachine(12805): make
02-25 21:02:32.369 D/BluetoothAdapterService(12805): setAdapterService(): set to: null
02-25 21:02:32.369 W/BluetoothAdapterService(12805): Starting service com.android.bluetooth.hfp.HeadsetService
02-25 21:02:32.369 I/BluetoothBondStateMachine(12805): StableState(): Entering Off State
02-25 21:02:32.369 D/dalvikvm(12823): Process 12823 nice name: com.android.settings
02-25 21:02:32.369 D/dalvikvm(12823): Extra Options: not specified
02-25 21:02:32.369 W/BluetoothAdapterService(12805): Starting service com.android.bluetooth.a2dp.A2dpService
02-25 21:02:32.369 W/BluetoothAdapterService(12805): Starting service com.android.bluetooth.hid.HidService
02-25 21:02:32.369 I/ActivityManager(  506): Start proc com.android.settings for broadcast com.android.settings/.widget.SettingsAppWidgetProvider: pid=12823 uid=1000 gids={41000, 3003, 1028, 1015, 3002, 3001, 1023}
02-25 21:02:32.379 D/HeadsetService(12805): Received start request. Starting profile...
02-25 21:02:32.379 W/BluetoothAdapterService(12805): Starting service com.android.bluetooth.hdp.HealthService
02-25 21:02:32.379 W/BluetoothAdapterService(12805): Starting service com.android.bluetooth.pan.PanService
02-25 21:02:32.379 I/BluetoothHeadsetServiceJni(12805): classInitNative: succeeds
02-25 21:02:32.379 D/HeadsetStateMachine(12805): make
02-25 21:02:32.379 W/BluetoothAdapterService(12805): Starting service com.android.bluetooth.gatt.GattService
02-25 21:02:32.399 I/BluetoothAdapterState(12805): Entering PendingCommandState State: isTurningOn()=true, isTurningOff()=false
02-25 21:02:32.399 I/bluedroid(12805): get_profile_interface handsfree
02-25 21:02:32.409 D/BluetoothAdapterService(12805): getAdapterService(): returning com.android.bluetooth.btservice.AdapterService@21eca3e0
02-25 21:02:32.409 D/A2dpService(12805): Received start request. Starting profile...
02-25 21:02:32.409 I/BluetoothA2dpServiceJni(12805): classInitNative: succeeds
02-25 21:02:32.409 D/A2dpStateMachine(12805): make
02-25 21:02:32.409 I/bluedroid(12805): get_profile_interface a2dp
02-25 21:02:32.409 I/GKI_LINUX(12805): gki_task_entry: gki_task_entry task_id=2 [A2DP-MEDIA] starting
02-25 21:02:32.549 I/BluetoothAvrcpServiceJni(12805): classInitNative: succeeds
02-25 21:02:32.549 V/Avrcp   (12805): make
02-25 21:02:32.549 D/A2dpStateMachine(12805): Enter Disconnected: -2
02-25 21:02:32.549 I/bluedroid(12805): get_profile_interface avrcp
02-25 21:02:32.579 D/BluetoothAdapterService(12805): getAdapterService(): returning com.android.bluetooth.btservice.AdapterService@21eca3e0
02-25 21:02:32.579 I/BluetoothHidServiceJni(12805): classInitNative: succeeds
02-25 21:02:32.599 D/HidService(12805): Received start request. Starting profile...
02-25 21:02:32.599 I/bluedroid(12805): get_profile_interface hidhost
02-25 21:02:32.609 D/BluetoothAdapterService(12805): getAdapterService(): returning com.android.bluetooth.btservice.AdapterService@21eca3e0
02-25 21:02:32.609 I/BluetoothHealthServiceJni(12805): classInitNative: succeeds
02-25 21:02:32.619 D/HealthService(12805): Received start request. Starting profile...
02-25 21:02:32.649 I/bluedroid(12805): get_profile_interface health
02-25 21:02:32.649 D/BluetoothAdapterService(12805): getAdapterService(): returning com.android.bluetooth.btservice.AdapterService@21eca3e0
02-25 21:02:32.649 I/BluetoothPanServiceJni(12805): classInitNative(L112): succeeds
02-25 21:02:32.669 D/PanService(12805): Received start request. Starting profile...
02-25 21:02:32.679 D/BluetoothPanServiceJni(12805): initializeNative(L117): pan
02-25 21:02:32.679 I/bluedroid(12805): get_profile_interface pan
02-25 21:02:32.689 D/BluetoothTethering(  506): got CMD_CHANNEL_HALF_CONNECTED
02-25 21:02:32.689 D/BluetoothAdapterService(12805): getAdapterService(): returning com.android.bluetooth.btservice.AdapterService@21eca3e0
02-25 21:02:32.689 I/BtGatt.JNI(12805): classInitNative(L685): classInitNative: Success!
02-25 21:02:32.689 D/BluetoothManagerService(  506): BluetoothServiceConnection: com.android.bluetooth.gatt.GattService
02-25 21:02:32.689 D/BluetoothManagerService(  506): Message: 40
02-25 21:02:32.689 D/BtGatt.DebugUtils(12805): handleDebugAction() action=null
02-25 21:02:32.689 D/BluetoothManagerService(  506): MESSAGE_BLUETOOTH_SERVICE_CONNECTED: 2
02-25 21:02:32.689 D/BtGatt.GattService(12805): Received start request. Starting profile...
02-25 21:02:32.689 D/BtGatt.GattService(12805): start()
02-25 21:02:32.689 I/bluedroid(12805): get_profile_interface gatt
02-25 21:02:32.689 D/BluetoothAdapterService(12805): getAdapterService(): returning com.android.bluetooth.btservice.AdapterService@21eca3e0
02-25 21:02:32.689 D/BluetoothAdapterService(569156576)(12805): Message: 1
02-25 21:02:32.689 D/BluetoothAdapterService(569156576)(12805): MESSAGE_PROFILE_SERVICE_STATE_CHANGED
02-25 21:02:32.689 D/BluetoothAdapterService(12805): onProfileServiceStateChange: serviceName=com.android.bluetooth.hfp.HeadsetService, state = 12, doUpdate = true
02-25 21:02:32.689 D/BluetoothAdapterService(12805): Profile still not running:com.android.bluetooth.hdp.HealthService
02-25 21:02:32.689 D/HeadsetPhoneState(12805): sendDeviceStateChanged. mService=0 mSignal=0 mRoam=0 mBatteryCharge=3
02-25 21:02:32.689 D/BluetoothAdapterService(569156576)(12805): Message: 1
02-25 21:02:32.689 D/BluetoothAdapterService(569156576)(12805): MESSAGE_PROFILE_SERVICE_STATE_CHANGED
02-25 21:02:32.689 D/BluetoothAdapterService(12805): onProfileServiceStateChange: serviceName=com.android.bluetooth.a2dp.A2dpService, state = 12, doUpdate = true
02-25 21:02:32.689 D/BluetoothAdapterService(12805): Profile still not running:com.android.bluetooth.hdp.HealthService
02-25 21:02:32.689 D/BluetoothAdapterService(569156576)(12805): Message: 1
02-25 21:02:32.689 D/BluetoothAdapterService(569156576)(12805): MESSAGE_PROFILE_SERVICE_STATE_CHANGED
02-25 21:02:32.689 D/BluetoothAdapterService(12805): onProfileServiceStateChange: serviceName=com.android.bluetooth.hid.HidService, state = 12, doUpdate = true
02-25 21:02:32.689 D/BluetoothAdapterService(12805): Profile still not running:com.android.bluetooth.hdp.HealthService
02-25 21:02:32.689 D/BluetoothAdapterService(569156576)(12805): Message: 1
02-25 21:02:32.689 D/BluetoothAdapterService(569156576)(12805): MESSAGE_PROFILE_SERVICE_STATE_CHANGED
02-25 21:02:32.689 D/BluetoothAdapterService(12805): onProfileServiceStateChange: serviceName=com.android.bluetooth.hdp.HealthService, state = 12, doUpdate = true
02-25 21:02:32.689 D/BluetoothAdapterService(12805): Profile still not running:com.android.bluetooth.pan.PanService
02-25 21:02:32.689 D/BluetoothAdapterService(569156576)(12805): Message: 1
02-25 21:02:32.689 D/BluetoothAdapterService(569156576)(12805): MESSAGE_PROFILE_SERVICE_STATE_CHANGED
02-25 21:02:32.689 D/BluetoothAdapterService(12805): onProfileServiceStateChange: serviceName=com.android.bluetooth.pan.PanService, state = 12, doUpdate = true
02-25 21:02:32.689 D/BluetoothAdapterService(12805): Profile still not running:com.android.bluetooth.gatt.GattService
02-25 21:02:32.689 D/BluetoothAdapterService(569156576)(12805): Message: 1
02-25 21:02:32.689 D/BluetoothAdapterService(569156576)(12805): MESSAGE_PROFILE_SERVICE_STATE_CHANGED
02-25 21:02:32.689 D/BluetoothAdapterService(12805): onProfileServiceStateChange: serviceName=com.android.bluetooth.gatt.GattService, state = 12, doUpdate = true
02-25 21:02:32.689 D/BluetoothAdapterService(12805): All profile services started.
02-25 21:02:32.689 D/BluetoothAdapterState(12805): CURRENT_STATE=PENDING, MESSAGE = STARTED, isTurningOn=true, isTurningOff=false
02-25 21:02:32.689 I/bluedroid(12805): enable
02-25 21:02:32.709 I/bt_hci_bdroid(12805): init
02-25 21:02:32.719 I/bt_vendor(12805): init
02-25 21:02:32.719 I/bt_vnd_conf(12805): Attempt to load conf from /system/etc/bluetooth/bt_K011.conf
02-25 21:02:32.719 I/bt_vnd_conf(12805): PCM define 
02-25 21:02:32.719 I/bt_hci_bdroid(12805): bt_hc_worker_thread started
02-25 21:02:32.719 D/EVENT_THREAD(  183): void CEventThread::run() POLLIN event on Fd (1)
02-25 21:02:32.719 D/EVENT_THREAD(  183): void CEventThread::run() Do poll with timeout: -1
02-25 21:02:32.789 D/BluetoothManagerService(  506): BluetoothServiceConnection, disconnected: com.android.bluetooth.gatt.GattService
02-25 21:02:32.789 D/BluetoothManagerService(  506): BluetoothServiceConnection, disconnected: com.android.bluetooth.btservice.AdapterService
02-25 21:02:32.789 D/BluetoothManagerService(  506): Message: 41
02-25 21:02:32.789 E/BluetoothManagerService(  506): MESSAGE_BLUETOOTH_SERVICE_DISCONNECTED: 2
02-25 21:02:32.789 D/BluetoothManagerService(  506): Message: 41
02-25 21:02:32.789 E/BluetoothManagerService(  506): MESSAGE_BLUETOOTH_SERVICE_DISCONNECTED: 1
02-25 21:02:32.789 D/BluetoothManagerService(  506): Calling onBluetoothServiceDown callbacks
02-25 21:02:32.789 D/BluetoothManagerService(  506): Broadcasting onBluetoothServiceDown() to 4 receivers.
02-25 21:02:32.789 D/BluetoothAdapter(  506): onBluetoothServiceDown: android.bluetooth.IBluetooth$Stub$Proxy@2217e0c8
02-25 21:02:32.789 W/MediaFocusControl(  506): RemoteControl: display android.media.IRemoteControlDisplay$Stub$Proxy@2230f980 died
02-25 21:02:32.789 D/BluetoothTethering(  506): got CMD_CHANNEL_DISCONNECTED
02-25 21:02:32.789 I/SecurityManagerService(  680): SMS received security event: App[STOP/com.android.bluetooth]
02-25 21:02:32.789 E/BluetoothTethering(  506): attempted to stop reverse tether with nothing tethered
02-25 21:02:32.789 I/ActivityManager(  506): Process com.android.bluetooth (pid 12805) has died.
02-25 21:02:32.819 E/BluetoothManagerService(  506): Unable to call onBluetoothServiceDown() on callback #1
02-25 21:02:32.819 E/BluetoothManagerService(  506): android.os.DeadObjectException
02-25 21:02:32.819 E/BluetoothManagerService(  506): 	at android.os.BinderProxy.transact(Native Method)
02-25 21:02:32.819 E/BluetoothManagerService(  506): 	at android.bluetooth.IBluetoothManagerCallback$Stub$Proxy.onBluetoothServiceDown(IBluetoothManagerCallback.java:105)
02-25 21:02:32.819 E/BluetoothManagerService(  506): 	at com.android.server.BluetoothManagerService.sendBluetoothServiceDownCallback(BluetoothManagerService.java:810)
02-25 21:02:32.819 E/BluetoothManagerService(  506): 	at com.android.server.BluetoothManagerService.access$3300(BluetoothManagerService.java:60)
02-25 21:02:32.819 E/BluetoothManagerService(  506): 	at com.android.server.BluetoothManagerService$BluetoothHandler.handleMessage(BluetoothManagerService.java:1223)
02-25 21:02:32.819 E/BluetoothManagerService(  506): 	at android.os.Handler.dispatchMessage(Handler.java:102)
02-25 21:02:32.819 E/BluetoothManagerService(  506): 	at android.os.Looper.loop(Looper.java:149)
02-25 21:02:32.819 E/BluetoothManagerService(  506): 	at android.os.HandlerThread.run(HandlerThread.java:61)
02-25 21:02:32.819 D/BluetoothAdapter(  770): onBluetoothServiceDown: android.bluetooth.IBluetooth$Stub$Proxy@21ebfcc0
02-25 21:02:32.819 D/BluetoothAdapter(  567): onBluetoothServiceDown: android.bluetooth.IBluetooth$Stub$Proxy@21eec5b0
02-25 21:02:32.819 D/BluetoothManagerService(  506): Bluetooth State Change Intent: 12 -> 13
02-25 21:02:32.819 D/BluetoothManagerService(  506): Broadcasting onBluetoothStateChange(false) to 6 receivers.
02-25 21:02:32.819 D/BluetoothHeadset(  506): onBluetoothStateChange: up=false
02-25 21:02:32.819 E/BluetoothHeadset(  506): 
02-25 21:02:32.819 E/BluetoothHeadset(  506): java.lang.IllegalArgumentException: Service not registered: android.bluetooth.BluetoothHeadset$2@21f08610
02-25 21:02:32.819 E/BluetoothHeadset(  506): 	at android.app.LoadedApk.forgetServiceDispatcher(LoadedApk.java:931)
02-25 21:02:32.819 E/BluetoothHeadset(  506): 	at android.app.ContextImpl.unbindService(ContextImpl.java:1663)
02-25 21:02:32.819 E/BluetoothHeadset(  506): 	at android.bluetooth.BluetoothHeadset$1.onBluetoothStateChange(BluetoothHeadset.java:239)
02-25 21:02:32.819 E/BluetoothHeadset(  506): 	at com.android.server.BluetoothManagerService.sendBluetoothStateCallback(BluetoothManagerService.java:774)
02-25 21:02:32.819 E/BluetoothHeadset(  506): 	at com.android.server.BluetoothManagerService.bluetoothStateChangeHandler(BluetoothManagerService.java:1491)
02-25 21:02:32.819 E/BluetoothHeadset(  506): 	at com.android.server.BluetoothManagerService.access$3000(BluetoothManagerService.java:60)
02-25 21:02:32.819 E/BluetoothHeadset(  506): 	at com.android.server.BluetoothManagerService$BluetoothHandler.handleMessage(BluetoothManagerService.java:1234)
02-25 21:02:32.819 E/BluetoothHeadset(  506): 	at android.os.Handler.dispatchMessage(Handler.java:102)
02-25 21:02:32.819 E/BluetoothHeadset(  506): 	at android.os.Looper.loop(Looper.java:149)
02-25 21:02:32.819 E/BluetoothHeadset(  506): 	at android.os.HandlerThread.run(HandlerThread.java:61)
02-25 21:02:32.819 D/BluetoothAdapter(  567): 574043672: getState() :  mService = null. Returning STATE_OFF
02-25 21:02:32.819 E/BluetoothPan(  506): 
02-25 21:02:32.819 E/BluetoothPan(  506): java.lang.IllegalArgumentException: Service not registered: android.bluetooth.BluetoothPan$2@220d5c98
02-25 21:02:32.819 E/BluetoothPan(  506): 	at android.app.LoadedApk.forgetServiceDispatcher(LoadedApk.java:931)
02-25 21:02:32.819 E/BluetoothPan(  506): 	at android.app.ContextImpl.unbindService(ContextImpl.java:1663)
02-25 21:02:32.819 E/BluetoothPan(  506): 	at android.bluetooth.BluetoothPan$1.onBluetoothStateChange(BluetoothPan.java:199)
02-25 21:02:32.819 E/BluetoothPan(  506): 	at com.android.server.BluetoothManagerService.sendBluetoothStateCallback(BluetoothManagerService.java:774)
02-25 21:02:32.819 E/BluetoothPan(  506): 	at com.android.server.BluetoothManagerService.bluetoothStateChangeHandler(BluetoothManagerService.java:1491)
02-25 21:02:32.819 E/BluetoothPan(  506): 	at com.android.server.BluetoothManagerService.access$3000(BluetoothManagerService.java:60)
02-25 21:02:32.819 E/BluetoothPan(  506): 	at com.android.server.BluetoothManagerService$BluetoothHandler.handleMessage(BluetoothManagerService.java:1234)
02-25 21:02:32.819 E/BluetoothPan(  506): 	at android.os.Handler.dispatchMessage(Handler.java:102)
02-25 21:02:32.819 E/BluetoothPan(  506): 	at android.os.Looper.loop(Looper.java:149)
02-25 21:02:32.819 E/BluetoothPan(  506): 	at android.os.HandlerThread.run(HandlerThread.java:61)
02-25 21:02:32.819 D/BluetoothA2dp(  506): onBluetoothStateChange: up=false
02-25 21:02:32.819 E/BluetoothA2dp(  506): 
02-25 21:02:32.819 E/BluetoothA2dp(  506): java.lang.IllegalArgumentException: Service not registered: android.bluetooth.BluetoothA2dp$2@21f95748
02-25 21:02:32.819 E/BluetoothA2dp(  506): 	at android.app.LoadedApk.forgetServiceDispatcher(LoadedApk.java:931)
02-25 21:02:32.819 E/BluetoothA2dp(  506): 	at android.app.ContextImpl.unbindService(ContextImpl.java:1663)
02-25 21:02:32.819 E/BluetoothA2dp(  506): 	at android.bluetooth.BluetoothA2dp$1.onBluetoothStateChange(BluetoothA2dp.java:121)
02-25 21:02:32.819 E/BluetoothA2dp(  506): 	at com.android.server.BluetoothManagerService.sendBluetoothStateCallback(BluetoothManagerService.java:774)
02-25 21:02:32.819 E/BluetoothA2dp(  506): 	at com.android.server.BluetoothManagerService.bluetoothStateChangeHandler(BluetoothManagerService.java:1491)
02-25 21:02:32.819 E/BluetoothA2dp(  506): 	at com.android.server.BluetoothManagerService.access$3000(BluetoothManagerService.java:60)
02-25 21:02:32.819 E/BluetoothA2dp(  506): 	at com.android.server.BluetoothManagerService$BluetoothHandler.handleMessage(BluetoothManagerService.java:1234)
02-25 21:02:32.819 E/BluetoothA2dp(  506): 	at android.os.Handler.dispatchMessage(Handler.java:102)
02-25 21:02:32.819 E/BluetoothA2dp(  506): 	at android.os.Looper.loop(Looper.java:149)
02-25 21:02:32.819 E/BluetoothA2dp(  506): 	at android.os.HandlerThread.run(HandlerThread.java:61)
02-25 21:02:32.819 D/BluetoothHeadset(  770): onBluetoothStateChange: up=false
02-25 21:02:32.819 E/BluetoothHeadset(  770): 
02-25 21:02:32.819 E/BluetoothHeadset(  770): java.lang.IllegalArgumentException: Service not registered: android.bluetooth.BluetoothHeadset$2@21f03780
02-25 21:02:32.819 E/BluetoothHeadset(  770): 	at android.app.LoadedApk.forgetServiceDispatcher(LoadedApk.java:931)
02-25 21:02:32.819 E/BluetoothHeadset(  770): 	at android.app.ContextImpl.unbindService(ContextImpl.java:1663)
02-25 21:02:32.819 E/BluetoothHeadset(  770): 	at android.content.ContextWrapper.unbindService(ContextWrapper.java:530)
02-25 21:02:32.819 E/BluetoothHeadset(  770): 	at android.content.ContextWrapper.unbindService(ContextWrapper.java:530)
02-25 21:02:32.819 E/BluetoothHeadset(  770): 	at android.bluetooth.BluetoothHeadset$1.onBluetoothStateChange(BluetoothHeadset.java:239)
02-25 21:02:32.819 E/BluetoothHeadset(  770): 	at android.bluetooth.IBluetoothStateChangeCallback$Stub.onTransact(IBluetoothStateChangeCallback.java:55)
02-25 21:02:32.819 E/BluetoothHeadset(  770): 	at android.os.Binder.execTransact(Binder.java:404)
02-25 21:02:32.819 E/BluetoothHeadset(  770): 	at dalvik.system.NativeStart.run(Native Method)
02-25 21:02:32.819 D/BluetoothHeadset(  770): onBluetoothStateChange: up=false
02-25 21:02:32.829 E/BluetoothHeadset(  770): 
02-25 21:02:32.829 E/BluetoothHeadset(  770): java.lang.IllegalArgumentException: Service not registered: android.bluetooth.BluetoothHeadset$2@21f1b6c0
02-25 21:02:32.829 E/BluetoothHeadset(  770): 	at android.app.LoadedApk.forgetServiceDispatcher(LoadedApk.java:931)
02-25 21:02:32.829 E/BluetoothHeadset(  770): 	at android.app.ContextImpl.unbindService(ContextImpl.java:1663)
02-25 21:02:32.829 E/BluetoothHeadset(  770): 	at android.content.ContextWrapper.unbindService(ContextWrapper.java:530)
02-25 21:02:32.829 E/BluetoothHeadset(  770): 	at android.bluetooth.BluetoothHeadset$1.onBluetoothStateChange(BluetoothHeadset.java:239)
02-25 21:02:32.829 E/BluetoothHeadset(  770): 	at android.bluetooth.IBluetoothStateChangeCallback$Stub.onTransact(IBluetoothStateChangeCallback.java:55)
02-25 21:02:32.829 E/BluetoothHeadset(  770): 	at android.os.Binder.execTransact(Binder.java:404)
02-25 21:02:32.829 E/BluetoothHeadset(  770): 	at dalvik.system.NativeStart.run(Native Method)
02-25 21:02:32.829 D/BluetoothHeadset(  770): onBluetoothStateChange: up=false
02-25 21:02:32.829 E/BluetoothHeadset(  770): 
