02-25 19:10:44.529 I/WifiHW  (  506): REPLY: ssid=6300
02-25 19:10:44.529 I/WifiHW  (  506): REPLY: ====
02-25 19:10:44.529 I/WifiHW  (  506): REPLY: id=542
02-25 19:10:44.529 I/WifiHW  (  506): REPLY: bssid=02:1a:11:ff:f7:0a
02-25 19:10:44.529 I/WifiHW  (  506): REPLY: freq=2437
02-25 19:10:44.529 I/WifiHW  (  506): REPLY: level=-61
02-25 19:10:44.529 I/WifiHW  (  506): REPLY: tsf=0000014485072244
02-25 19:10:44.529 I/WifiHW  (  506): REPLY: flags=[WPA2-PSK-CCMP][ESS]
02-25 19:10:44.529 I/WifiHW  (  506): REPLY: ssid=io1
02-25 19:10:44.529 I/WifiHW  (  506): REPLY: ====
02-25 19:10:44.529 I/WifiHW  (  506): REPLY: id=543
02-25 19:10:44.529 I/WifiHW  (  506): REPLY: bssid=cc:34:29:2b:26:4c
02-25 19:10:44.529 I/WifiHW  (  506): REPLY: freq=2462
02-25 19:10:44.529 I/WifiHW  (  506): REPLY: level=-52
02-25 19:10:44.529 I/WifiHW  (  506): REPLY: tsf=0000014485072336
02-25 19:10:44.529 I/WifiHW  (  506): REPLY: flags=[WPA2-PSK-CCMP][WPS][ESS]
02-25 19:10:44.529 I/WifiHW  (  506): REPLY: ssid=cws-test
02-25 19:10:44.529 I/WifiHW  (  506): REPLY: ====
02-25 19:10:44.529 I/WifiHW  (  506): REPLY: id=544
02-25 19:10:44.529 I/WifiHW  (  506): REPLY: bssid=cc:34:29:2c:fb:ec
02-25 19:10:44.529 I/WifiHW  (  506): REPLY: freq=2412
02-25 19:10:44.529 I/WifiHW  (  506): REPLY: level=-70
02-25 19:10:44.529 I/WifiHW  (  506): REPLY: tsf=0000014485072194
02-25 19:10:44.529 I/WifiHW  (  506): REPLY: flags=[WPA-PSK-CCMP][WPA2-PSK-CCMP][WPS][ESS]
02-25 19:10:44.529 I/WifiHW  (  506): REPLY: ssid=linksys
02-25 19:10:44.529 I/WifiHW  (  506): REPLY: ====
02-25 19:10:44.529 I/WifiHW  (  506): REPLY: id=545
02-25 19:10:44.529 I/WifiHW  (  506): REPLY: bssid=c4:17:fe:3f:4f:fb
02-25 19:10:44.529 I/WifiHW  (  506): REPLY: freq=2437
02-25 19:10:44.529 I/WifiHW  (  506): REPLY: level=-58
02-25 19:10:44.529 I/WifiHW  (  506): REPLY: tsf=0000014485072270
02-25 19:10:44.529 I/WifiHW  (  506): REPLY: flags=[WPA2-PSK-CCMP][ESS]
02-25 19:10:44.529 I/WifiHW  (  506): REPLY: ssid=cmcm
02-25 19:10:44.529 I/WifiHW  (  506): REPLY: ====
02-25 19:10:44.529 I/WifiHW  (  506): REPLY: id=546
02-25 19:10:44.529 I/WifiHW  (  506): REPLY: bssid=cc:b2:55:e2:84:70
02-25 19:10:44.529 I/WifiHW  (  506): REPLY: freq=2447
02-25 19:10:44.529 I/WifiHW  (  506): REPLY: level=-67
02-25 19:10:44.529 I/WifiHW  (  506): REPLY: tsf=0000014485072295
02-25 19:10:44.529 I/WifiHW  (  506): REPLY: flags=[WPA-PSK-TKIP][WPA2-PSK-TKIP][ESS]
02-25 19:10:44.529 I/WifiHW  (  506): REPLY: ssid=DLINK_APK
02-25 19:10:44.529 I/WifiHW  (  506): REPLY: ====
02-25 19:10:44.529 I/WifiHW  (  506): REPLY: id=547
02-25 19:10:44.529 I/WifiHW  (  506): REPLY: bssid=02:1a:11:fc:8b:fc
02-25 19:10:44.529 I/WifiHW  (  506): REPLY: freq=2437
02-25 19:10:44.529 I/WifiHW  (  506): REPLY: level=-56
02-25 19:10:44.529 I/WifiHW  (  506): REPLY: tsf=0000014485072261
02-25 19:10:44.529 I/WifiHW  (  506): REPLY: flags=[WPA2-PSK-CCMP][ESS]
02-25 19:10:44.529 I/WifiHW  (  506): REPLY: ssid=love U forever
02-25 19:10:44.529 I/WifiHW  (  506): REPLY: ====
02-25 19:10:44.529 I/WifiHW  (  506): REPLY: id=548
02-25 19:10:44.529 I/WifiHW  (  506): REPLY: bssid=e4:d3:32:c0:cf:a4
02-25 19:10:44.529 I/WifiHW  (  506): REPLY: freq=2437
02-25 19:10:44.529 I/WifiHW  (  506): REPLY: level=-73
02-25 19:10:44.529 I/WifiHW  (  506): REPLY: tsf=0000014485072287
02-25 19:10:44.529 I/WifiHW  (  506): REPLY: flags=[WPA2-PSK-CCMP][ESS]
02-25 19:10:44.529 I/WifiHW  (  506): REPLY: ssid=fast
02-25 19:10:44.529 I/WifiHW  (  506): REPLY: ====
02-25 19:10:44.529 I/WifiHW  (  506): REPLY: id=549
02-25 19:10:44.529 I/WifiHW  (  506): REPLY: bssid=80:1f:02:43:fb:e8
02-25 19:10:44.529 I/WifiHW  (  506): REPLY: freq=2412
02-25 19:10:44.529 I/WifiHW  (  506): REPLY: level=-78
02-25 19:10:44.529 I/WifiHW  (  506): REPLY: tsf=0000014443830151
02-25 19:10:44.529 I/WifiHW  (  506): REPLY: flags=[WPA2-PSK-CCMP-preauth][ESS]
02-25 19:10:44.529 I/WifiHW  (  506): REPLY: ssid=Edimax AP
02-25 19:10:44.529 I/WifiHW  (  506): REPLY: ====
02-25 19:10:44.529 I/WifiHW  (  506): REPLY: id=550
02-25 19:10:44.529 I/WifiHW  (  506): REPLY: bssid=00:0f:e2:0f:9f:c1
02-25 19:10:44.529 I/WifiHW  (  506): REPLY: freq=2462
02-25 19:10:44.529 I/WifiHW  (  506): REPLY: level=-71
02-25 19:10:44.529 I/WifiHW  (  506): REPLY: tsf=0000014485072327
02-25 19:10:44.529 I/WifiHW  (  506): REPLY: flags=[WPA-PSK-CCMP+TKIP][WPA2-PSK-CCMP+TKIP][ESS]
02-25 19:10:44.529 I/WifiHW  (  506): REPLY: ssid=321_WAN
02-25 19:10:44.529 I/WifiHW  (  506): REPLY: ====
02-25 19:10:44.529 I/WifiHW  (  506): REPLY: id=551
02-25 19:10:44.529 I/WifiHW  (  506): REPLY: bssid=c0:a0:bb:20:3b:84
02-25 19:10:44.529 I/WifiHW  (  506): REPLY: freq=2417
02-25 19:10:44.529 I/WifiHW  (  506): REPLY: level=-73
02-25 19:10:44.529 I/WifiHW  (  506): REPLY: tsf=0000014485072216
02-25 19:10:44.529 I/WifiHW  (  506): REPLY: flags=[WPA-PSK-CCMP+TKIP][WPA2-PSK-CCMP+TKIP][WPS][ESS]
02-25 19:10:44.529 I/WifiHW  (  506): REPLY: ssid=dlink-3B84
02-25 19:10:44.529 I/WifiHW  (  506): REPLY: ====
02-25 19:10:44.529 I/WifiHW  (  506): REPLY: id=552
02-25 19:10:44.529 I/WifiHW  (  506): REPLY: bssid=2c:b0:5d:7f:f4:24
02-25 19:10:44.529 I/WifiHW  (  506): REPLY: freq=2412
02-25 19:10:44.529 I/WifiHW  (  506): REPLY: level=-87
02-25 19:10:44.529 I/WifiHW  (  506): REPLY: tsf=0000014485072185
02-25 19:10:44.529 I/WifiHW  (  506): REPLY: flags=[WPA2-PSK-CCMP][WPS][ESS]
02-25 19:10:44.529 I/WifiHW  (  506): REPLY: ssid=NETGEAR38
02-25 19:10:44.529 I/WifiHW  (  506): REPLY: ====
02-25 19:10:44.529 I/WifiHW  (  506): REPLY: id=554
02-25 19:10:44.529 I/WifiHW  (  506): REPLY: bssid=7a:24:af:24:0f:48
02-25 19:10:44.529 I/WifiHW  (  506): REPLY: freq=2412
02-25 19:10:44.529 I/WifiHW  (  506): REPLY: level=-77
02-25 19:10:44.529 I/WifiHW  (  506): REPLY: tsf=0000014485072365
02-25 19:10:44.529 I/WifiHW  (  506): REPLY: flags=[WEP]
02-25 19:10:44.529 I/WifiHW  (  506): REPLY: ssid=DIRECT-
02-25 19:10:44.529 I/WifiHW  (  506): REPLY: ====
02-25 19:10:44.529 I/WifiHW  (  506): REPLY: id=555
02-25 19:10:44.529 I/WifiHW  (  506): REPLY: bssid=98:fc:11:81:35:fb
02-25 19:10:44.529 I/WifiHW  (  506): REPLY: freq=2412
02-25 19:10:44.529 I/WifiHW  (  506): REPLY: level=-61
02-25 19:10:44.529 I/WifiHW  (  506): REPLY: tsf=0000014485072176
02-25 19:10:44.529 I/WifiHW  (  506): REPLY: flags=[WPS][ESS]
02-25 19:10:44.529 I/WifiHW  (  506): REPLY: ssid=E2000EE
02-25 19:10:44.529 I/WifiHW  (  506): REPLY: ====
02-25 19:10:44.529 I/WifiHW  (  506): REPLY: id=556
02-25 19:10:44.529 I/WifiHW  (  506): REPLY: bssid=50:bd:5f:4b:29:92
02-25 19:10:44.529 I/WifiHW  (  506): REPLY: freq=2437
02-25 19:10:44.529 I/WifiHW  (  506): REPLY: level=-68
02-25 19:10:44.529 I/WifiHW  (  506): REPLY: tsf=0000014485072278
02-25 19:10:44.529 I/WifiHW  (  506): REPLY: flags=[ESS]
02-25 19:10:44.529 I/WifiHW  (  506): REPLY: ssid=Internet-2
02-25 19:10:44.529 I/WifiHW  (  506): REPLY: ====
02-25 19:10:44.529 I/WifiHW  (  506): REPLY: id=557
02-25 19:10:44.529 I/WifiHW  (  506): REPLY: bssid=e4:d3:32:dd:18:62
02-25 19:10:44.529 I/WifiHW  (  506): REPLY: freq=2437
02-25 19:10:44.529 I/WifiHW  (  506): REPLY: level=-72
02-25 19:10:44.529 I/WifiHW  (  506): REPLY: tsf=0000014485072253
02-25 19:10:44.529 I/WifiHW  (  506): REPLY: flags=[ESS]
02-25 19:10:44.529 I/WifiHW  (  506): REPLY: ssid=Internet
02-25 19:10:44.529 I/WifiHW  (  506): REPLY: ====
02-25 19:10:44.529 I/WifiHW  (  506): REPLY: id=559
02-25 19:10:44.529 I/WifiHW  (  506): REPLY: bssid=b0:48:7a:51:ff:cc
02-25 19:10:44.529 I/WifiHW  (  506): REPLY: freq=2452
02-25 19:10:44.529 I/WifiHW  (  506): REPLY: level=-78
02-25 19:10:44.529 I/WifiHW  (  506): REPLY: tsf=0000014485072304
02-25 19:10:44.529 I/WifiHW  (  506): REPLY: flags=[WPA-PSK-CCMP][WPA2-PSK-CCMP][WPS][ESS]
02-25 19:10:44.529 I/WifiHW  (  506): REPLY: ssid=Neusoft TP
02-25 19:10:44.529 I/WifiHW  (  506): REPLY: ####
02-25 19:10:46.139 W/BindingManager( 8974): Cannot call determinedVisibility() - never saw a connection for the pid: 8974
02-25 19:10:46.779 W/BindingManager( 8974): Cannot call determinedVisibility() - never saw a connection for the pid: 8974
02-25 19:10:46.839 E/AndroidProtocolHandler( 8974): Unable to open asset URL: file:///android_asset/www//opt/tct-workers-w3c-tests/workers/w3c/support/NonExistentFile.js
02-25 19:10:47.449 W/BindingManager( 8974): Cannot call determinedVisibility() - never saw a connection for the pid: 8974
02-25 19:10:47.499 I/chromium( 8974): [INFO:CONSOLE(59)] "Uncaught ReferenceError: SharedWorker is not defined", source: file:///android_asset/www//opt/tct-workers-w3c-tests/workers/SharedWorkerShared_loaded.html (59)
02-25 19:10:50.609 W/BindingManager( 8974): Cannot call determinedVisibility() - never saw a connection for the pid: 8974
02-25 19:10:51.229 W/BindingManager( 8974): Cannot call determinedVisibility() - never saw a connection for the pid: 8974
02-25 19:10:51.859 W/BindingManager( 8974): Cannot call determinedVisibility() - never saw a connection for the pid: 8974
02-25 19:10:53.489 W/ufoGralloc(  171): registerBuffer() handle 0xb9480220/48 didn't require registration
02-25 19:10:53.519 D/CordovaActivity( 8974): Paused the application!
02-25 19:10:53.519 D/CordovaWebView( 8974): Handle the pause
02-25 19:10:53.519 D/WindowManager(  506): adjustConfigurationLw, config:{1.0 ?mcc?mnc ?locale ?layoutDir sw600dp w961dp h528dp 213dpi lrg land ?uimode ?night finger -keyb/v/h -nav/v} mLidState:1 mHasDockFeature:false mHasKeyboardFeature:false mHasHallSensorFeature:true config.hardKeyboardHidden:2
02-25 19:10:53.519 I/ActivityManager(  506): [TopPkgCurBat]	NowPkgName[com.asus.launcher]	Battery[71]	TimeTick[1424862653535]	OldPkgName[org.xwalk.webapi_noneservice_tests]
02-25 19:10:53.529 I/chromium( 8974): [INFO:CONSOLE(1)] "exception firing pause event from native", source:  (1)
02-25 19:10:53.539 V/WeatherTimeProvider( 8889): widget on Visibility Changed
02-25 19:10:53.559 D/        ( 6473): Pixel Format : GGL_PIXEL_FORMAT_RGBA_8888
02-25 19:10:53.559 W/IInputConnectionWrapper( 8974): showStatusIcon on inactive InputConnection
02-25 19:10:53.569 D/XT9IME  ( 6145): new subtype :zh_CN ,pinyin
02-25 19:10:53.599 D/ImageWallpaper(  567): onVisibilityChanged: mVisible, visible=false, true
02-25 19:10:53.599 D/ImageWallpaper(  567): Visibility changed to visible=true
02-25 19:10:53.599 D/ImageWallpaper(  567): Suppressed drawFrame since redraw is not needed and offsets have not changed.
02-25 19:10:53.609 D/BatteryStatsImpl(  506): noteStopWakeLocked system isFromForeground = false
02-25 19:10:53.609 D/        ( 8974): Surface destroy: ANDROID_NATIVE_WINDOW_MAGIC
02-25 19:10:53.609 D/        ( 8974): Surface destroy: ANDROID_NATIVE_WINDOW_MAGIC
02-25 19:10:54.009 I/ActivityManager(  506): Killing 6439:com.asus.photoframe/u0a68 (adj 15): empty for 4092s
02-25 19:10:54.009 W/SurfaceFlinger(  171): couldn't log to binary event log: overflow.
02-25 19:10:54.019 I/SecurityManagerService(  680): SMS received security event: App[STOP/com.asus.photoframe]
02-25 19:10:54.019 D/        ( 8974): Pixel Format : GGL_PIXEL_FORMAT_RGBA_8888
02-25 19:10:54.019 D/CordovaActivity( 8974): CordovaActivity.onDestroy()
02-25 19:10:54.019 D/CordovaWebView( 8974): >>> loadUrlNow()
02-25 19:10:54.029 W/ScreenOrientationListener( 8974): Removing an inexistent observer!
02-25 19:10:54.579 D/AndroidRuntime( 9453): 
02-25 19:10:54.579 D/AndroidRuntime( 9453): >>>>>> AndroidRuntime START com.android.internal.os.RuntimeInit <<<<<<
02-25 19:10:54.579 D/AndroidRuntime( 9453): CheckJNI is OFF
02-25 19:10:54.579 I/AndroidRuntime( 9453): Kernel Release Version: 3.10.20-gf818079
02-25 19:10:54.579 I/dalvikvm( 9453): No library specified. The standard exception handler will be used
02-25 19:10:54.579 I/dalvikvm( 9453): 
02-25 19:10:54.579 I/dalvikvm( 9453): +++++++++++++ Using PCG. +++++++++++++++++++++
02-25 19:10:54.589 D/dalvikvm( 9453): Trying to load lib libjavacore.so 0x0
02-25 19:10:54.589 D/dalvikvm( 9453): Added shared lib libjavacore.so 0x0
02-25 19:10:54.589 D/dalvikvm( 9453): Trying to load lib libnativehelper.so 0x0
02-25 19:10:54.589 D/dalvikvm( 9453): Added shared lib libnativehelper.so 0x0
02-25 19:10:54.589 D/dalvikvm( 9453): No JNI_OnLoad found in libnativehelper.so 0x0, skipping init
02-25 19:10:54.599 D/dalvikvm( 9453): Extra Options: not specified
02-25 19:10:54.609 D/dalvikvm( 9453): Note: class Landroid/app/ActivityManagerNative; has 186 unimplemented (abstract) methods
02-25 19:10:54.689 E/memtrack( 9453): Couldn't load memtrack module (No such file or directory)
02-25 19:10:54.689 E/android.os.Debug( 9453): failed to load memtrack module: -2
02-25 19:10:54.739 D/AndroidRuntime( 9453): Calling main entry com.android.commands.am.Am
02-25 19:10:54.759 I/ActivityManager(  506): Force stopping org.xwalk.webapi_noneservice_tests appid=10301 user=0: from pid 9453
02-25 19:10:54.759 I/ActivityManager(  506): Killing 8974:org.xwalk.webapi_noneservice_tests/u0a301 (adj 9): stop org.xwalk.webapi_noneservice_tests
02-25 19:10:54.769 I/SecurityManagerService(  680): SMS received security event: App[STOP/org.xwalk.webapi_noneservice_tests]
02-25 19:10:54.769 D/AndroidRuntime( 9453): Shutting down VM
02-25 19:10:54.779 D/dalvikvm( 9453): GC_CONCURRENT freed 108K, 16% free 638K/760K, paused 0ms+1ms, total 1ms
02-25 19:10:54.779 D/dalvikvm( 9453): Compiler shutdown in progress - discarding request
02-25 19:10:54.779 D/dalvikvm( 9453): Compiler shutdown in progress - discarding request
02-25 19:10:54.779 D/dalvikvm( 9453): Compiler shutdown in progress - discarding request
02-25 19:10:54.779 D/dalvikvm( 9453): Compiler shutdown in progress - discarding request
02-25 19:10:54.779 D/dalvikvm( 9453): Compiler shutdown in progress - discarding request
02-25 19:10:54.779 D/dalvikvm( 9453): Compiler shutdown in progress - discarding request
02-25 19:10:54.779 D/dalvikvm( 9453): Compiler shutdown in progress - discarding request
02-25 19:10:54.779 D/dalvikvm( 9453): Compiler shutdown in progress - discarding request
02-25 19:10:54.779 D/dalvikvm( 9453): Compiler shutdown in progress - discarding request
02-25 19:10:54.779 D/dalvikvm( 9453): Compiler shutdown in progress - discarding request
02-25 19:10:54.779 D/dalvikvm( 9453): Compiler shutdown in progress - discarding request
02-25 19:10:54.779 D/dalvikvm( 9453): Compiler shutdown in progress - discarding request
02-25 19:10:54.779 D/dalvikvm( 9453): Compiler shutdown in progress - discarding request
02-25 19:10:54.779 D/dalvikvm( 9453): Compiler shutdown in progress - discarding request
02-25 19:10:54.779 D/dalvikvm( 9453): Compiler shutdown in progress - discarding request
02-25 19:10:54.779 D/dalvikvm( 9453): Compiler shutdown in progress - discarding request
02-25 19:10:54.779 D/dalvikvm( 9453): Compiler shutdown in progress - discarding request
02-25 19:10:54.779 D/dalvikvm( 9453): Compiler shutdown in progress - discarding request
02-25 19:10:54.779 D/dalvikvm( 9453): Compiler shutdown in progress - discarding request
02-25 19:10:54.779 D/dalvikvm( 9453): Compiler shutdown in progress - discarding request
02-25 19:10:54.779 D/dalvikvm( 9453): Compiler shutdown in progress - discarding request
02-25 19:10:54.779 D/dalvikvm( 9453): Compiler shutdown in progress - discarding request
02-25 19:10:54.779 D/dalvikvm( 9453): Compiler shutdown in progress - discarding request
02-25 19:10:54.779 D/dalvikvm( 9453): Compiler shutdown in progress - discarding request
02-25 19:10:54.779 D/dalvikvm( 9453): Compiler shutdown in progress - discarding request
02-25 19:10:54.779 D/dalvikvm( 9453): Compiler shutdown in progress - discarding request
02-25 19:10:54.779 D/dalvikvm( 9453): Compiler shutdown in progress - discarding request
02-25 19:10:54.779 D/dalvikvm( 9453): Compiler shutdown in progress - discarding request
02-25 19:10:54.779 D/dalvikvm( 9453): Compiler shutdown in progress - discarding request
02-25 19:10:54.779 D/dalvikvm( 9453): Compiler shutdown in progress - discarding request
02-25 19:10:54.779 D/dalvikvm( 9453): Compiler shutdown in progress - discarding request
02-25 19:10:54.779 D/dalvikvm( 9453): Compiler shutdown in progress - discarding request
02-25 19:10:54.779 D/dalvikvm( 9453): Compiler shutdown in progress - discarding request
02-25 19:10:54.779 D/dalvikvm( 9453): Compiler shutdown in progress - discarding request
02-25 19:10:54.779 D/dalvikvm( 9453): Compiler shutdown in progress - discarding request
02-25 19:10:54.779 D/dalvikvm( 9453): Compiler shutdown in progress - discarding request
02-25 19:10:54.779 D/dalvikvm( 9453): Compiler shutdown in progress - discarding request
--------- beginning of /dev/log/main
02-25 20:38:33.689 D/AndroidRuntime( 9671): 
02-25 20:38:33.689 D/AndroidRuntime( 9671): >>>>>> AndroidRuntime START com.android.internal.os.RuntimeInit <<<<<<
02-25 20:38:33.689 D/AndroidRuntime( 9671): CheckJNI is OFF
02-25 20:38:33.689 I/AndroidRuntime( 9671): Kernel Release Version: 3.10.20-gf818079
02-25 20:38:33.689 I/dalvikvm( 9671): No library specified. The standard exception handler will be used
02-25 20:38:33.689 I/dalvikvm( 9671): 
02-25 20:38:33.689 I/dalvikvm( 9671): +++++++++++++ Using PCG. +++++++++++++++++++++
02-25 20:38:33.699 D/dalvikvm( 9671): Trying to load lib libjavacore.so 0x0
02-25 20:38:33.699 D/dalvikvm( 9671): Added shared lib libjavacore.so 0x0
02-25 20:38:33.709 D/dalvikvm( 9671): Trying to load lib libnativehelper.so 0x0
02-25 20:38:33.709 D/dalvikvm( 9671): Added shared lib libnativehelper.so 0x0
02-25 20:38:33.709 D/dalvikvm( 9671): No JNI_OnLoad found in libnativehelper.so 0x0, skipping init
02-25 20:38:33.709 D/dalvikvm( 9671): Extra Options: not specified
02-25 20:38:33.719 D/dalvikvm( 9671): Note: class Landroid/app/ActivityManagerNative; has 186 unimplemented (abstract) methods
02-25 20:38:33.789 E/memtrack( 9671): Couldn't load memtrack module (No such file or directory)
02-25 20:38:33.789 E/android.os.Debug( 9671): failed to load memtrack module: -2
02-25 20:38:33.829 D/AndroidRuntime( 9671): Calling main entry com.android.commands.am.Am
--------- beginning of /dev/log/system
02-25 20:38:33.849 I/ActivityManager(  506): Force stopping org.xwalk.webapi_noneservice_tests appid=10301 user=0: from pid 9671
02-25 20:38:33.859 D/AndroidRuntime( 9671): Shutting down VM
02-25 20:38:33.859 D/dalvikvm( 9671): GC_CONCURRENT freed 108K, 16% free 638K/760K, paused 0ms+0ms, total 1ms
02-25 20:38:33.859 D/dalvikvm( 9671): Compiler shutdown in progress - discarding request
02-25 20:38:33.859 D/dalvikvm( 9671): Compiler shutdown in progress - discarding request
02-25 20:38:33.859 D/dalvikvm( 9671): Compiler shutdown in progress - discarding request
02-25 20:38:33.859 D/dalvikvm( 9671): Compiler shutdown in progress - discarding request
02-25 20:38:33.859 D/dalvikvm( 9671): Compiler shutdown in progress - discarding request
02-25 20:38:33.859 D/dalvikvm( 9671): Compiler shutdown in progress - discarding request
02-25 20:38:33.859 D/dalvikvm( 9671): Compiler shutdown in progress - discarding request
02-25 20:38:33.859 D/dalvikvm( 9671): Compiler shutdown in progress - discarding request
02-25 20:38:33.859 D/dalvikvm( 9671): Compiler shutdown in progress - discarding request
02-25 20:38:33.859 D/dalvikvm( 9671): Compiler shutdown in progress - discarding request
02-25 20:38:33.859 D/dalvikvm( 9671): Compiler shutdown in progress - discarding request
02-25 20:38:33.859 D/dalvikvm( 9671): Compiler shutdown in progress - discarding request
02-25 20:38:33.859 D/dalvikvm( 9671): Compiler shutdown in progress - discarding request
02-25 20:38:33.859 D/dalvikvm( 9671): Compiler shutdown in progress - discarding request
02-25 20:38:33.859 D/dalvikvm( 9671): Compiler shutdown in progress - discarding request
02-25 20:38:33.859 D/dalvikvm( 9671): Compiler shutdown in progress - discarding request
02-25 20:38:33.859 D/dalvikvm( 9671): Compiler shutdown in progress - discarding request
02-25 20:38:33.859 D/dalvikvm( 9671): Compiler shutdown in progress - discarding request
02-25 20:38:33.859 D/dalvikvm( 9671): Compiler shutdown in progress - discarding request
02-25 20:38:33.859 D/dalvikvm( 9671): Compiler shutdown in progress - discarding request
02-25 20:38:33.859 D/dalvikvm( 9671): Compiler shutdown in progress - discarding request
02-25 20:38:33.859 D/dalvikvm( 9671): Compiler shutdown in progress - discarding request
02-25 20:38:33.859 D/dalvikvm( 9671): Compiler shutdown in progress - discarding request
02-25 20:38:33.859 D/dalvikvm( 9671): Compiler shutdown in progress - discarding request
02-25 20:38:33.859 D/dalvikvm( 9671): Compiler shutdown in progress - discarding request
02-25 20:38:33.859 D/dalvikvm( 9671): Compiler shutdown in progress - discarding request
02-25 20:38:33.859 D/dalvikvm( 9671): Compiler shutdown in progress - discarding request
02-25 20:38:33.859 D/dalvikvm( 9671): Compiler shutdown in progress - discarding request
02-25 20:38:33.859 D/dalvikvm( 9671): Compiler shutdown in progress - discarding request
02-25 20:38:33.859 D/dalvikvm( 9671): Compiler shutdown in progress - discarding request
02-25 20:38:33.859 D/dalvikvm( 9671): Compiler shutdown in progress - discarding request
02-25 20:38:33.859 D/dalvikvm( 9671): Compiler shutdown in progress - discarding request
02-25 20:38:33.859 D/dalvikvm( 9671): Compiler shutdown in progress - discarding request
02-25 20:38:33.859 D/dalvikvm( 9671): Compiler shutdown in progress - discarding request
02-25 20:38:33.859 D/dalvikvm( 9671): Compiler shutdown in progress - discarding request
02-25 20:38:33.859 D/dalvikvm( 9671): Compiler shutdown in progress - discarding request
02-25 20:38:33.859 D/dalvikvm( 9671): Compiler shutdown in progress - discarding request
02-25 20:38:33.859 D/dalvikvm( 9671): Compiler shutdown in progress - discarding request
02-25 20:38:33.859 D/dalvikvm( 9671): Compiler shutdown in progress - discarding request
02-25 20:38:33.859 D/dalvikvm( 9671): Compiler shutdown in progress - discarding request
02-25 20:38:33.859 D/dalvikvm( 9671): Compiler shutdown in progress - discarding request
02-25 20:38:33.859 D/dalvikvm( 9671): Compiler shutdown in progress - discarding request
02-25 20:38:33.859 D/dalvikvm( 9671): Compiler shutdown in progress - discarding request
02-25 20:38:33.859 D/dalvikvm( 9671): Compiler shutdown in progress - discarding request
02-25 20:38:33.859 D/dalvikvm( 9671): Compiler shutdown in progress - discarding request
02-25 20:38:33.859 D/dalvikvm( 9671): Compiler shutdown in progress - discarding request
02-25 20:38:33.859 D/dalvikvm( 9671): Compiler shutdown in progress - discarding request
02-25 20:38:33.859 D/dalvikvm( 9671): Compiler shutdown in progress - discarding request
02-25 20:38:33.859 D/dalvikvm( 9671): Compiler shutdown in progress - discarding request
02-25 20:38:33.859 D/dalvikvm( 9671): Compiler shutdown in progress - discarding request
02-25 20:38:33.859 D/dalvikvm( 9671): Compiler shutdown in progress - discarding request
02-25 20:38:34.509 D/AndroidRuntime( 9682): 
02-25 20:38:34.509 D/AndroidRuntime( 9682): >>>>>> AndroidRuntime START com.android.internal.os.RuntimeInit <<<<<<
02-25 20:38:34.509 D/AndroidRuntime( 9682): CheckJNI is OFF
02-25 20:38:34.509 I/AndroidRuntime( 9682): Kernel Release Version: 3.10.20-gf818079
02-25 20:38:34.509 I/dalvikvm( 9682): No library specified. The standard exception handler will be used
02-25 20:38:34.519 I/dalvikvm( 9682): 
02-25 20:38:34.519 I/dalvikvm( 9682): +++++++++++++ Using PCG. +++++++++++++++++++++
02-25 20:38:34.519 D/dalvikvm( 9682): Trying to load lib libjavacore.so 0x0
02-25 20:38:34.529 D/dalvikvm( 9682): Added shared lib libjavacore.so 0x0
02-25 20:38:34.529 D/dalvikvm( 9682): Trying to load lib libnativehelper.so 0x0
02-25 20:38:34.529 D/dalvikvm( 9682): Added shared lib libnativehelper.so 0x0
02-25 20:38:34.529 D/dalvikvm( 9682): No JNI_OnLoad found in libnativehelper.so 0x0, skipping init
02-25 20:38:34.529 D/dalvikvm( 9682): Extra Options: not specified
02-25 20:38:34.549 D/dalvikvm( 9682): Note: class Landroid/app/ActivityManagerNative; has 186 unimplemented (abstract) methods
02-25 20:38:34.619 E/memtrack( 9682): Couldn't load memtrack module (No such file or directory)
02-25 20:38:34.619 E/android.os.Debug( 9682): failed to load memtrack module: -2
02-25 20:38:34.649 D/AndroidRuntime( 9682): Calling main entry com.android.commands.am.Am
02-25 20:38:34.679 D/AndroidRuntime( 9682): Shutting down VM
02-25 20:38:34.679 D/dalvikvm( 9682): GC_CONCURRENT freed 113K, 16% free 674K/800K, paused 1ms+0ms, total 2ms
02-25 20:38:34.679 I/ActivityManager(  506): START u0 {flg=0x10000000 cmp=org.xwalk.webapi_noneservice_tests/.webapi_noneservice_testsActivity} from pid 9682
02-25 20:38:34.689 D/dalvikvm( 9682): Compiler shutdown in progress - discarding request
02-25 20:38:34.689 D/dalvikvm( 9682): Compiler shutdown in progress - discarding request
02-25 20:38:34.689 D/dalvikvm( 9682): Compiler shutdown in progress - discarding request
02-25 20:38:34.689 D/dalvikvm( 9682): Compiler shutdown in progress - discarding request
02-25 20:38:34.689 D/dalvikvm( 9682): Compiler shutdown in progress - discarding request
02-25 20:38:34.689 D/dalvikvm( 9682): Compiler shutdown in progress - discarding request
02-25 20:38:34.689 D/dalvikvm( 9682): Compiler shutdown in progress - discarding request
02-25 20:38:34.689 D/dalvikvm( 9682): Compiler shutdown in progress - discarding request
02-25 20:38:34.689 D/dalvikvm( 9682): Compiler shutdown in progress - discarding request
02-25 20:38:34.689 D/dalvikvm( 9682): Compiler shutdown in progress - discarding request
02-25 20:38:34.689 D/dalvikvm( 9682): Compiler shutdown in progress - discarding request
02-25 20:38:34.689 D/dalvikvm( 9682): Compiler shutdown in progress - discarding request
02-25 20:38:34.689 D/dalvikvm( 9682): Compiler shutdown in progress - discarding request
02-25 20:38:34.689 D/dalvikvm( 9682): Compiler shutdown in progress - discarding request
02-25 20:38:34.689 D/dalvikvm( 9682): Compiler shutdown in progress - discarding request
02-25 20:38:34.689 D/dalvikvm( 9682): Compiler shutdown in progress - discarding request
02-25 20:38:34.689 D/dalvikvm( 9682): Compiler shutdown in progress - discarding request
02-25 20:38:34.689 D/dalvikvm( 9682): Compiler shutdown in progress - discarding request
02-25 20:38:34.689 D/dalvikvm( 9682): Compiler shutdown in progress - discarding request
02-25 20:38:34.689 D/dalvikvm( 9682): Compiler shutdown in progress - discarding request
02-25 20:38:34.689 D/dalvikvm( 9682): Compiler shutdown in progress - discarding request
02-25 20:38:34.689 D/dalvikvm( 9682): Compiler shutdown in progress - discarding request
02-25 20:38:34.689 D/dalvikvm( 9682): Compiler shutdown in progress - discarding request
02-25 20:38:34.689 D/dalvikvm( 9682): Compiler shutdown in progress - discarding request
02-25 20:38:34.689 D/dalvikvm( 9682): Compiler shutdown in progress - discarding request
02-25 20:38:34.689 D/dalvikvm( 9682): Compiler shutdown in progress - discarding request
02-25 20:38:34.689 D/dalvikvm( 9682): Compiler shutdown in progress - discarding request
02-25 20:38:34.689 D/dalvikvm( 9682): Compiler shutdown in progress - discarding request
02-25 20:38:34.689 D/dalvikvm( 9682): Compiler shutdown in progress - discarding request
02-25 20:38:34.689 D/dalvikvm( 9682): Compiler shutdown in progress - discarding request
02-25 20:38:34.689 D/dalvikvm( 9682): Compiler shutdown in progress - discarding request
02-25 20:38:34.689 D/dalvikvm( 9682): Compiler shutdown in progress - discarding request
02-25 20:38:34.689 D/dalvikvm( 9682): Compiler shutdown in progress - discarding request
02-25 20:38:34.689 D/dalvikvm( 9682): Compiler shutdown in progress - discarding request
02-25 20:38:34.689 D/dalvikvm( 9682): Compiler shutdown in progress - discarding request
02-25 20:38:34.689 D/dalvikvm( 9682): Compiler shutdown in progress - discarding request
02-25 20:38:34.689 D/dalvikvm( 9682): Compiler shutdown in progress - discarding request
02-25 20:38:34.689 D/dalvikvm( 9682): Compiler shutdown in progress - discarding request
02-25 20:38:34.689 D/dalvikvm( 9682): Compiler shutdown in progress - discarding request
02-25 20:38:34.689 D/dalvikvm( 9682): Compiler shutdown in progress - discarding request
02-25 20:38:34.689 D/dalvikvm( 9682): Compiler shutdown in progress - discarding request
02-25 20:38:34.689 D/dalvikvm( 9682): Compiler shutdown in progress - discarding request
02-25 20:38:34.689 D/dalvikvm( 9682): Compiler shutdown in progress - discarding request
02-25 20:38:34.689 D/dalvikvm( 9682): Compiler shutdown in progress - discarding request
02-25 20:38:34.689 D/dalvikvm( 9682): Compiler shutdown in progress - discarding request
02-25 20:38:34.689 D/dalvikvm( 9682): Compiler shutdown in progress - discarding request
02-25 20:38:34.689 D/dalvikvm( 9682): Compiler shutdown in progress - discarding request
02-25 20:38:34.689 D/dalvikvm( 9682): Compiler shutdown in progress - discarding request
02-25 20:38:35.299 D/AndroidRuntime( 9693): 
02-25 20:38:35.299 D/AndroidRuntime( 9693): >>>>>> AndroidRuntime START com.android.internal.os.RuntimeInit <<<<<<
02-25 20:38:35.299 D/AndroidRuntime( 9693): CheckJNI is OFF
02-25 20:38:35.299 I/AndroidRuntime( 9693): Kernel Release Version: 3.10.20-gf818079
02-25 20:38:35.299 I/dalvikvm( 9693): No library specified. The standard exception handler will be used
02-25 20:38:35.299 I/dalvikvm( 9693): 
02-25 20:38:35.299 I/dalvikvm( 9693): +++++++++++++ Using PCG. +++++++++++++++++++++
02-25 20:38:35.309 D/dalvikvm( 9693): Trying to load lib libjavacore.so 0x0
02-25 20:38:35.309 D/dalvikvm( 9693): Added shared lib libjavacore.so 0x0
02-25 20:38:35.309 D/dalvikvm( 9693): Trying to load lib libnativehelper.so 0x0
02-25 20:38:35.309 D/dalvikvm( 9693): Added shared lib libnativehelper.so 0x0
02-25 20:38:35.309 D/dalvikvm( 9693): No JNI_OnLoad found in libnativehelper.so 0x0, skipping init
02-25 20:38:35.319 D/dalvikvm( 9693): Extra Options: not specified
02-25 20:38:35.329 D/dalvikvm( 9693): Note: class Landroid/app/ActivityManagerNative; has 186 unimplemented (abstract) methods
02-25 20:38:35.399 E/memtrack( 9693): Couldn't load memtrack module (No such file or directory)
02-25 20:38:35.399 E/android.os.Debug( 9693): failed to load memtrack module: -2
02-25 20:38:35.429 D/AndroidRuntime( 9693): Calling main entry com.android.commands.am.Am
02-25 20:38:35.469 I/SecurityManagerService(  680): SMS received security event: App[START/org.xwalk.webapi_noneservice_tests]
02-25 20:38:35.469 I/ActivityManager(  506): START u0 {flg=0x10000000 cmp=org.xwalk.webapi_noneservice_tests/.webapi_noneservice_tests} from pid 9693
02-25 20:38:35.479 D/dalvikvm( 9704): Late-enabling CheckJNI
02-25 20:38:35.479 D/dalvikvm( 9704): Try to disable coredump for pid 9704
02-25 20:38:35.479 D/dalvikvm( 9704): Process 9704 nice name: org.xwalk.webapi_noneservice_tests
02-25 20:38:35.479 D/dalvikvm( 9704): Extra Options: not specified
02-25 20:38:35.479 D/AndroidRuntime( 9693): Shutting down VM
02-25 20:38:35.479 I/ActivityManager(  506): Start proc org.xwalk.webapi_noneservice_tests for activity org.xwalk.webapi_noneservice_tests/.webapi_noneservice_tests: pid=9704 uid=10301 gids={50301, 3003, 1028, 1015}
02-25 20:38:35.489 D/dalvikvm( 9693): GC_CONCURRENT freed 110K, 16% free 673K/800K, paused 1ms+0ms, total 2ms
02-25 20:38:35.489 D/dalvikvm( 9693): Compiler shutdown in progress - discarding request
02-25 20:38:35.489 D/dalvikvm( 9693): Compiler shutdown in progress - discarding request
02-25 20:38:35.489 D/dalvikvm( 9693): Compiler shutdown in progress - discarding request
02-25 20:38:35.489 D/dalvikvm( 9693): Compiler shutdown in progress - discarding request
02-25 20:38:35.489 D/dalvikvm( 9693): Compiler shutdown in progress - discarding request
02-25 20:38:35.489 D/dalvikvm( 9693): Compiler shutdown in progress - discarding request
02-25 20:38:35.489 D/dalvikvm( 9693): Compiler shutdown in progress - discarding request
02-25 20:38:35.489 D/dalvikvm( 9693): Compiler shutdown in progress - discarding request
02-25 20:38:35.489 D/dalvikvm( 9693): Compiler shutdown in progress - discarding request
02-25 20:38:35.489 D/dalvikvm( 9693): Compiler shutdown in progress - discarding request
02-25 20:38:35.489 D/dalvikvm( 9693): Compiler shutdown in progress - discarding request
02-25 20:38:35.489 D/dalvikvm( 9693): Compiler shutdown in progress - discarding request
02-25 20:38:35.489 D/dalvikvm( 9693): Compiler shutdown in progress - discarding request
02-25 20:38:35.489 D/dalvikvm( 9693): Compiler shutdown in progress - discarding request
02-25 20:38:35.489 D/dalvikvm( 9693): Compiler shutdown in progress - discarding request
02-25 20:38:35.489 D/dalvikvm( 9693): Compiler shutdown in progress - discarding request
02-25 20:38:35.489 D/dalvikvm( 9693): Compiler shutdown in progress - discarding request
02-25 20:38:35.489 D/dalvikvm( 9693): Compiler shutdown in progress - discarding request
02-25 20:38:35.489 D/dalvikvm( 9693): Compiler shutdown in progress - discarding request
02-25 20:38:35.489 D/dalvikvm( 9693): Compiler shutdown in progress - discarding request
02-25 20:38:35.489 D/dalvikvm( 9693): Compiler shutdown in progress - discarding request
02-25 20:38:35.489 D/dalvikvm( 9693): Compiler shutdown in progress - discarding request
02-25 20:38:35.489 D/dalvikvm( 9693): Compiler shutdown in progress - discarding request
02-25 20:38:35.489 D/dalvikvm( 9693): Compiler shutdown in progress - discarding request
02-25 20:38:35.489 D/dalvikvm( 9693): Compiler shutdown in progress - discarding request
02-25 20:38:35.489 D/dalvikvm( 9693): Compiler shutdown in progress - discarding request
02-25 20:38:35.489 D/dalvikvm( 9693): Compiler shutdown in progress - discarding request
02-25 20:38:35.489 D/dalvikvm( 9693): Compiler shutdown in progress - discarding request
02-25 20:38:35.489 D/dalvikvm( 9693): Compiler shutdown in progress - discarding request
02-25 20:38:35.489 D/dalvikvm( 9693): Compiler shutdown in progress - discarding request
02-25 20:38:35.489 D/dalvikvm( 9693): Compiler shutdown in progress - discarding request
02-25 20:38:35.489 D/dalvikvm( 9693): Compiler shutdown in progress - discarding request
02-25 20:38:35.489 D/dalvikvm( 9693): Compiler shutdown in progress - discarding request
02-25 20:38:35.489 D/dalvikvm( 9693): Compiler shutdown in progress - discarding request
02-25 20:38:35.489 D/dalvikvm( 9693): Compiler shutdown in progress - discarding request
02-25 20:38:35.489 D/dalvikvm( 9693): Compiler shutdown in progress - discarding request
02-25 20:38:35.489 D/dalvikvm( 9693): Compiler shutdown in progress - discarding request
02-25 20:38:35.489 D/dalvikvm( 9693): Compiler shutdown in progress - discarding request
02-25 20:38:35.489 D/dalvikvm( 9693): Compiler shutdown in progress - discarding request
02-25 20:38:35.489 D/WindowManager(  506): adjustConfigurationLw, config:{1.0 ?mcc?mnc ?locale ?layoutDir sw600dp w961dp h528dp 213dpi lrg land ?uimode ?night finger -keyb/v/h -nav/v} mLidState:1 mHasDockFeature:false mHasKeyboardFeature:false mHasHallSensorFeature:true config.hardKeyboardHidden:2
02-25 20:38:35.489 I/ActivityManager(  506): [TopPkgCurBat]	NowPkgName[org.xwalk.webapi_noneservice_tests]	Battery[68]	TimeTick[1424867915506]	OldPkgName[com.asus.email]
02-25 20:38:35.509 I/CordovaLog( 9704): Changing log level to DEBUG(3)
02-25 20:38:35.509 D/CordovaActivity( 9704): CordovaActivity.init()
02-25 20:38:35.519 D/dalvikvm( 9704): Trying to load lib /data/app-lib/org.xwalk.webapi_noneservice_tests-1/libxwalkcore.so 0x43d88020
02-25 20:38:35.519 D/dalvikvm( 9704): Added shared lib /data/app-lib/org.xwalk.webapi_noneservice_tests-1/libxwalkcore.so 0x43d88020
02-25 20:38:35.529 D/        ( 9537): Surface destroy: ANDROID_NATIVE_WINDOW_MAGIC
02-25 20:38:35.529 I/LibraryLoader( 9704): Time to load native libraries: 11 ms (timestamps 6080-6091)
02-25 20:38:35.529 I/LibraryLoader( 9704): Expected native library version number "",actual native library version number ""
02-25 20:38:35.539 I/LibraryLoader( 9704): Expected native library version number "",actual native library version number ""
02-25 20:38:35.539 I/chromium( 9704): [INFO:library_loader_hooks.cc(112)] Chromium logging enabled: level = 0, default verbosity = 0
02-25 20:38:35.549 I/BrowserStartupController( 9704): Initializing chromium process, singleProcess=true
02-25 20:38:35.949 W/chromium( 9704): [WARNING:dns_config_service_posix.cc(293)] Failed to read DnsConfig.
02-25 20:38:35.949 W/AudioManagerAndroid( 9704): Requires BLUETOOTH permission
02-25 20:38:35.959 I/ufoGralloc( 9704): Hello, this is UFO GRALLOC/Intel Corporation
02-25 20:38:35.959 D/        ( 9704): Pixel Format : GGL_PIXEL_FORMAT_RGBA_8888
02-25 20:38:35.959 D/        ( 9704): droid_create_context : config id = 1 conf->NativeVisualID=1
02-25 20:38:35.959 D/        ( 9704): Pixel Format : GGL_PIXEL_FORMAT_RGBA_8888
02-25 20:38:35.959 I/        ( 9704): Requested context : GLES 2.0
02-25 20:38:35.989 W/chromium( 9704): [WARNING:proxy_service.cc(899)] PAC support disabled because there is no system implementation
02-25 20:38:35.999 W/dalvikvm( 9704): VFY: unable to find class referenced in signature (Landroid/view/inputmethod/CursorAnchorInfo;)
02-25 20:38:35.999 I/dalvikvm( 9704): Could not find method android.view.inputmethod.InputMethodManager.updateCursorAnchorInfo, referenced from method org.chromium.content.browser.input.InputMethodManagerWrapper.updateCursorAnchorInfo
02-25 20:38:35.999 W/dalvikvm( 9704): VFY: unable to resolve virtual method 1368: Landroid/view/inputmethod/InputMethodManager;.updateCursorAnchorInfo (Landroid/view/View;Landroid/view/inputmethod/CursorAnchorInfo;)V
02-25 20:38:35.999 D/dalvikvm( 9704): VFY: replacing opcode 0x6e at 0x000a
02-25 20:38:35.999 W/ActivityManager(  506): Activity pause timeout for ActivityRecord{21f31658 u0 org.xwalk.webapi_noneservice_tests/.webapi_noneservice_tests t23}
02-25 20:38:36.049 E/cutils  (  163): Failed to mkdirat(/Removable/MicroSD): Read-only file system
02-25 20:38:36.049 W/ContextImpl( 9704): Failed to ensure directory: /Removable/MicroSD/Android/data/org.xwalk.webapi_noneservice_tests/cache
02-25 20:38:36.049 W/Vold    (  163): Returning OperationFailed - no handler for errno 30
02-25 20:38:36.059 D/CordovaActivity( 9704): CordovaActivity.createViews()
02-25 20:38:36.059 E/chromium( 9704): [ERROR:unix_domain_server_socket_posix.cc(106)] Not implemented reached in virtual int net::UnixDomainServerSocket::GetLocalAddress(net::IPEndPoint*) const
02-25 20:38:36.059 D/CordovaWebView( 9704): >>> loadUrl(file:///android_asset/www/index.html)
02-25 20:38:36.059 D/PluginManager( 9704): init()
02-25 20:38:36.069 E/cutils  (  163): Failed to mkdirat(/Removable/MicroSD): Read-only file system
02-25 20:38:36.069 W/ContextImpl( 9704): Failed to ensure directory: /Removable/MicroSD/Android/data/org.xwalk.webapi_noneservice_tests/files
02-25 20:38:36.069 E/cutils  (  163): Failed to mkdirat(/Removable/MicroSD): Read-only file system
02-25 20:38:36.069 W/ContextImpl( 9704): Failed to ensure directory: /Removable/MicroSD/Android/data/org.xwalk.webapi_noneservice_tests/cache
02-25 20:38:36.069 D/CordovaWebView( 9704): >>> loadUrlNow()
02-25 20:38:36.069 I/dalvikvm( 9704): Could not find method android.app.Activity.finishAndRemoveTask, referenced from method org.chromium.base.ApiCompatibilityUtils.finishAndRemoveTask
02-25 20:38:36.069 W/dalvikvm( 9704): VFY: unable to resolve virtual method 6: Landroid/app/Activity;.finishAndRemoveTask ()V
02-25 20:38:36.069 D/dalvikvm( 9704): VFY: replacing opcode 0x6e at 0x0006
02-25 20:38:36.069 I/dalvikvm( 9704): Could not find method android.os.PowerManager.isInteractive, referenced from method org.chromium.base.ApiCompatibilityUtils.isInteractive
02-25 20:38:36.069 W/dalvikvm( 9704): VFY: unable to resolve virtual method 874: Landroid/os/PowerManager;.isInteractive ()Z
02-25 20:38:36.069 D/dalvikvm( 9704): VFY: replacing opcode 0x6e at 0x000e
02-25 20:38:36.069 I/dalvikvm( 9704): Could not find method android.view.Window.getNavigationBarColor, referenced from method org.chromium.base.ApiCompatibilityUtils.setStatusBarColor
02-25 20:38:36.069 W/dalvikvm( 9704): VFY: unable to resolve virtual method 1268: Landroid/view/Window;.getNavigationBarColor ()I
02-25 20:38:36.069 D/dalvikvm( 9704): VFY: replacing opcode 0x6e at 0x0010
02-25 20:38:36.069 I/dalvikvm( 9704): Could not find method android.view.Window.setStatusBarColor, referenced from method org.chromium.base.ApiCompatibilityUtils.setStatusBarColor
02-25 20:38:36.069 W/dalvikvm( 9704): VFY: unable to resolve virtual method 1274: Landroid/view/Window;.setStatusBarColor (I)V
02-25 20:38:36.069 D/dalvikvm( 9704): VFY: replacing opcode 0x6e at 0x0019
02-25 20:38:36.069 E/dalvikvm( 9704): Could not find class 'android.app.ActivityManager$TaskDescription', referenced from method org.chromium.base.ApiCompatibilityUtils.setTaskDescription
02-25 20:38:36.069 W/dalvikvm( 9704): VFY: unable to resolve new-instance 13 (Landroid/app/ActivityManager$TaskDescription;) in Lorg/chromium/base/ApiCompatibilityUtils;
02-25 20:38:36.069 D/dalvikvm( 9704): VFY: replacing opcode 0x22 at 0x0006
02-25 20:38:36.069 D/dalvikvm( 9704): DexOpt: unable to opt direct call 0x002f at 0x08 in Lorg/chromium/base/ApiCompatibilityUtils;.setTaskDescription
02-25 20:38:36.069 W/Vold    (  163): Returning OperationFailed - no handler for errno 30
02-25 20:38:36.069 W/Vold    (  163): Returning OperationFailed - no handler for errno 30
02-25 20:38:36.079 I/chromium( 9704): [INFO:xwalk_extension_renderer_controller.cc(47)] EXTENSION PROCESS DISABLED.
02-25 20:38:36.079 D/CordovaActivity( 9704): Resuming the App
02-25 20:38:36.089 D/CordovaActivity( 9704): Paused the application!
02-25 20:38:36.089 D/CordovaWebView( 9704): Handle the pause
02-25 20:38:36.129 D/        ( 9704): droid_create_context : config id = 5 conf->NativeVisualID=1
02-25 20:38:36.129 D/        ( 9704): Pixel Format : GGL_PIXEL_FORMAT_RGBA_8888
02-25 20:38:36.129 I/        ( 9704): Requested context : GLES 2.0
02-25 20:38:36.139 D/        ( 9704): Pixel Format : GGL_PIXEL_FORMAT_RGBA_8888
02-25 20:38:36.139 D/OpenGLRenderer( 9704): Enabling debug mode 0
02-25 20:38:36.139 D/CordovaActivity( 9704): onMessage(onPageStarted,file:///android_asset/www/index.html)
02-25 20:38:36.149 I/chromium( 9704): [INFO:CONSOLE(1)] "exception firing pause event from native", source:  (1)
02-25 20:38:36.149 D/        ( 9704): Pixel Format : GGL_PIXEL_FORMAT_RGBA_8888
02-25 20:38:36.149 D/        ( 9704): droid_create_context : config id = 1 conf->NativeVisualID=1
02-25 20:38:36.149 D/        ( 9704): Pixel Format : GGL_PIXEL_FORMAT_RGBA_8888
02-25 20:38:36.149 I/        ( 9704): Requested context : GLES 2.0
02-25 20:38:36.149 W/BindingManager( 9704): Cannot call determinedVisibility() - never saw a connection for the pid: 9704
02-25 20:38:36.159 D/CordovaActivity( 9704): onMessage(onPageFinished,file:///android_asset/www/index.html)
02-25 20:38:36.179 I/ActivityManager(  506): Displayed org.xwalk.webapi_noneservice_tests/.webapi_noneservice_tests: +684ms (total +712ms)
02-25 20:38:37.169 D/CordovaActivity( 9704): onMessage(onPageStarted,file:///android_asset/www/index_real.html?testprefix=./)
02-25 20:38:37.209 W/BindingManager( 9704): Cannot call determinedVisibility() - never saw a connection for the pid: 9704
02-25 20:38:37.399 I/chromium( 9704): [INFO:CONSOLE(0)] "Synchronous XMLHttpRequest on the main thread is deprecated because of its detrimental effects to the end user's experience. For more help, check http://xhr.spec.whatwg.org/.", source:  (0)
02-25 20:38:37.449 D/CordovaActivity( 9704): onMessage(onPageFinished,file:///android_asset/www/index_real.html?testprefix=./)
02-25 20:38:38.169 D/CordovaActivity( 9704): onMessage(spinner,stop)
02-25 20:38:39.459 D/CordovaActivity( 9704): onMessage(spinner,stop)
02-25 20:38:39.589 I/chromium( 9704): [INFO:CONSOLE(46)] "Uncaught ReferenceError: SharedWorker is not defined", source: file:///android_asset/www//opt/tct-workers-w3c-tests/workers/SharedWorkerNavigator_platform.html (46)
02-25 20:38:43.009 D/EVENT_THREAD(  183): void CEventThread::run() POLLIN event on Fd (1)
02-25 20:38:43.019 D/EVENT_THREAD(  183): void CEventThread::run() Do poll with timeout: -1
02-25 20:38:45.499 W/BindingManager( 9704): Cannot call determinedVisibility() - never saw a connection for the pid: 9704
02-25 20:38:45.529 I/chromium( 9704): [INFO:CONSOLE(48)] "Uncaught ReferenceError: SharedWorker is not defined", source: file:///android_asset/www//opt/tct-workers-w3c-tests/workers/WebWorker_WorkerLocation_pathname_decompose.html (48)
02-25 20:38:46.339 D/EVENT_THREAD(  183): void CEventThread::run() POLLIN event on Fd (1)
02-25 20:38:46.339 D/EVENT_THREAD(  183): void CEventThread::run() Do poll with timeout: -1
02-25 20:38:46.339 I/upi_ug31xx(  166): (1719) update_capacity
02-25 20:38:46.339 I/[UPI]   (  166): <UG31/E>[UpiReadCapacity]: V=4011(4015), T=288(288-336), I=337, C=2(2-0)
02-25 20:38:46.339 I/[UPI]   (  166): <UG31/E>[UpiReadCapacity]: (0x00012565) 2618 (2620) / 3822 (3822) = 68
02-25 20:38:46.339 I/[UPI]   (  166): <UG31/E>[UpiReadCapacity]: (0x00012565) 2618 (2620) / 3822 (3822) = 68
02-25 20:38:46.339 I/[UPI]   (  166): <UG31/E>[UpiReadCapacity]: (0x00012545) 2620 (2620) / 3822 (3822) = 69
02-25 20:38:46.339 I/[UPI]   (  166): <UG31/E>[RsocFilterCountTime]: (0x00012545) Step=7(423478), Full=7(423478), Lock=423478(548268)
02-25 20:38:46.339 I/[UPI]   (  166): <UG31/E>[UpiReadCapacity]: (0x00012545) 2620 (2620) / 3822 (3822) = 69 (337-337)
02-25 20:38:46.339 I/[UPI]   (  166): <UG31/E><BATT> M:normal, P:69(69-69)%, V:4015mV, C:337mA, T:28.8C(336), S:0x00012545(001), R:2620mAh, F:3822mAh, Q:-581mAh, CC:3, P:30.302(581-0)s, BO:7, 97:615:0-44af-9m:B001-20140514-144301 (16)
02-25 20:38:46.339 D/EVENT_THREAD(  183): void CEventThread::run() POLLIN event on Fd (1)
02-25 20:38:46.349 D/EVENT_THREAD(  183): void CEventThread::run() Do poll with timeout: -1
02-25 20:38:46.349 I/upi_ug31xx(  166): (1720) backup_data 
02-25 20:38:46.349 V/upi_ug31xx(  166): state->check_backup_count = 12
02-25 20:38:46.599 D/EVENT_THREAD(  183): void CEventThread::run() POLLIN event on Fd (1)
02-25 20:38:46.599 D/EVENT_THREAD(  183): void CEventThread::run() Do poll with timeout: -1
02-25 20:38:51.519 W/BindingManager( 9704): Cannot call determinedVisibility() - never saw a connection for the pid: 9704
02-25 20:38:52.499 W/BindingManager( 9704): Cannot call determinedVisibility() - never saw a connection for the pid: 9704
02-25 20:38:53.509 W/BindingManager( 9704): Cannot call determinedVisibility() - never saw a connection for the pid: 9704
02-25 20:38:54.529 W/BindingManager( 9704): Cannot call determinedVisibility() - never saw a connection for the pid: 9704
02-25 20:38:55.519 W/BindingManager( 9704): Cannot call determinedVisibility() - never saw a connection for the pid: 9704
02-25 20:38:55.579 E/AndroidProtocolHandler( 9704): Unable to open asset URL: file:///android_asset/www//opt/tct-workers-w3c-tests/icon.png
02-25 20:38:56.509 W/BindingManager( 9704): Cannot call determinedVisibility() - never saw a connection for the pid: 9704
02-25 20:38:57.529 W/BindingManager( 9704): Cannot call determinedVisibility() - never saw a connection for the pid: 9704
02-25 20:38:57.559 I/chromium( 9704): [INFO:CONSOLE(47)] "Uncaught ReferenceError: SharedWorker is not defined", source: file:///android_asset/www//opt/tct-workers-w3c-tests/workers/SharedWorkerLocation_search.html (47)
02-25 20:39:00.019 D/Clock   (  567): ACTION_TIME_TICK
02-25 20:39:00.019 D/Clock   (  567): update clock:下午8:39
02-25 20:39:00.049 D/BatteryStatsImpl(  506): noteStopWakeLocked system isFromForeground = false
02-25 20:39:03.539 W/BindingManager( 9704): Cannot call determinedVisibility() - never saw a connection for the pid: 9704
02-25 20:39:03.569 I/chromium( 9704): [INFO:CONSOLE(46)] "Uncaught ReferenceError: SharedWorker is not defined", source: file:///android_asset/www//opt/tct-workers-w3c-tests/workers/SharedWorkerNavigator_appName.html (46)
02-25 20:39:09.499 W/BindingManager( 9704): Cannot call determinedVisibility() - never saw a connection for the pid: 9704
02-25 20:39:09.519 I/chromium( 9704): [INFO:CONSOLE(45)] "Uncaught ReferenceError: SharedWorker is not defined", source: file:///android_asset/www//opt/tct-workers-w3c-tests/workers/SharedWorkerLoadError.html (45)
02-25 20:39:15.499 W/BindingManager( 9704): Cannot call determinedVisibility() - never saw a connection for the pid: 9704
02-25 20:39:16.499 W/BindingManager( 9704): Cannot call determinedVisibility() - never saw a connection for the pid: 9704
02-25 20:39:16.649 D/EVENT_THREAD(  183): void CEventThread::run() POLLIN event on Fd (1)
02-25 20:39:16.649 D/EVENT_THREAD(  183): void CEventThread::run() Do poll with timeout: -1
02-25 20:39:16.659 D/EVENT_THREAD(  183): void CEventThread::run() POLLIN event on Fd (1)
02-25 20:39:16.659 D/EVENT_THREAD(  183): void CEventThread::run() Do poll with timeout: -1
02-25 20:39:16.659 I/upi_ug31xx(  166): (1721) update_capacity
02-25 20:39:16.659 I/[UPI]   (  166): <UG31/E>[UpiReadCapacity]: V=4012(4015), T=288(288-335), I=339, C=3(3-0)
02-25 20:39:16.659 I/[UPI]   (  166): <UG31/E>[UpiReadCapacity]: (0x00012565) 2620 (2623) / 3822 (3822) = 69
02-25 20:39:16.659 I/[UPI]   (  166): <UG31/E>[UpiReadCapacity]: (0x00012565) 2620 (2623) / 3822 (3822) = 69
02-25 20:39:16.659 I/[UPI]   (  166): <UG31/E>[UpiReadCapacity]: (0x00012545) 2623 (2623) / 3822 (3822) = 69
02-25 20:39:16.659 I/[UPI]   (  166): <UG31/E>[RsocFilterCountTime]: (0x00012545) Step=0(30177), Full=0(30177), Lock=30177(545033)
02-25 20:39:16.659 I/[UPI]   (  166): <UG31/E>[UpiReadCapacity]: (0x00012545) 2623 (2623) / 3822 (3822) = 69 (339-339)
02-25 20:39:16.659 I/[UPI]   (  166): <UG31/E><BATT> M:normal, P:69(69-69)%, V:4015mV, C:339mA, T:28.8C(335), S:0x00012545(001), R:2623mAh, F:3822mAh, Q:-578mAh, CC:3, P:30.177(578-0)s, BO:7, 97:615:0-44af-9m:B001-20140514-144301 (16)
02-25 20:39:16.659 I/upi_ug31xx(  166): (1722) backup_data write
02-25 20:39:16.659 V/upi_ug31xx(  166): state->check_backup_count = 13
