02-25 21:31:23.379 V/ActivityManager(  506): Remove bg service from mStartingBackground ,r=ServiceRecord{22b7ae70 u0 com.asus.contacts/com.android.contacts.miniwidget.SyncService},r used time=1009,left r count=2
02-25 21:31:23.379 V/ActivityManager(  506): Remove bg service from mStartingBackground ,r=ServiceRecord{22760b60 u0 com.asus.contactswidget/.SyncService},r used time=1005,left r count=1
02-25 21:31:23.509 I/CalendarProvider2(15653): Sending notification intent: Intent { act=android.intent.action.PROVIDER_CHANGED dat=content://com.android.calendar }
02-25 21:31:23.509 W/ContentResolver(15653): Failed to get type for: content://com.android.calendar (Unknown URL content://com.android.calendar)
02-25 21:31:23.519 D/AlertReceiver(15690): onReceive: a=android.intent.action.PROVIDER_CHANGED Intent { act=android.intent.action.PROVIDER_CHANGED dat=content://com.android.calendar flg=0x10 cmp=com.asus.calendar/com.android.calendar.alerts.AlertReceiver }
02-25 21:31:23.519 V/ActivityManager(  506): Remove bg service from mStartingBackground ,r=ServiceRecord{2222d280 u0 com.android.providers.calendar/.EmptyService},r used time=1006,left r count=0
02-25 21:31:23.539 D/AlertService(15690): 0 Action = android.intent.action.PROVIDER_CHANGED
02-25 21:31:23.539 D/AlertService(15690): Beginning updateAlertNotification
02-25 21:31:23.549 D/AlertService(15690): No fired or scheduled alerts
02-25 21:31:23.579 D/BatteryStatsImpl(  506): noteStopWakeLocked com.asus.calendar isFromForeground = false
02-25 21:31:23.579 V/ActivityManager(  506): Remove bg service from mStartingBackground ,r=ServiceRecord{221e9948 u0 com.asus.calendar/com.android.calendar.alerts.AlertService},r used time=49,left r count=0
02-25 21:31:23.799 W/BindingManager(15377): Cannot call determinedVisibility() - never saw a connection for the pid: 15377
02-25 21:31:23.849 D/SendBroadcastHandler(15597): mTimerTask sendMessage CONTACTS_INSERT 
02-25 21:31:23.849 D/SendBroadcastHandler(15597): (insert) sendBroadcast mInsertRawContacts:5
02-25 21:31:23.849 D/SendBroadcastHandler(15597): (insert) sendBroadcast mInsertName:5
02-25 21:31:23.849 D/SendBroadcastHandler(15597): (insert) sendBroadcast mInsertNameDetail:5
02-25 21:31:23.849 D/SendBroadcastHandler(15597): sendBroadcast insert to voice agent
02-25 21:31:23.979 I/chromium(15377): [INFO:CONSOLE(70)] "WARNING: Message from backend doesn't have data.", source:  (70)
02-25 21:31:24.019 D/SendBroadcastHandler(15597): startTimer() SEND_TO_CONTACTS_INSERT 
02-25 21:31:24.159 E/Contacts(15377): org.json.JSONException: No value for contactId
02-25 21:31:24.819 V/ActivityManager(  506): Remove bg service from mStartingBackground ,r=ServiceRecord{221ca5f8 u0 com.android.providers.calendar/.ContactsEventUpdateIntentService},r used time=76,left r count=1
02-25 21:31:25.739 D/SendBroadcastHandler(15597): mTimerTask sendMessage CONTACTS_DELETE 
02-25 21:31:25.739 D/AsusContactWigdetSync(15612): ready to sync contact id = 4
02-25 21:31:25.739 D/AsusContactWigdetSync(15612): ready to sync widget
02-25 21:31:25.739 D/SendBroadcastHandler(15597): sendBroadcast delete to voice agent
02-25 21:31:25.739 D/AsusContactWigdetSync(15612): delete contact_id = 435
02-25 21:31:25.739 D/AsusContactWigdetSync(15612): delete contact_id = 436
02-25 21:31:25.739 D/AsusContactWigdetSync(15612): delete contact_id = 437
02-25 21:31:25.739 D/AsusContactWigdetSync(15612): delete contact_id = 438
02-25 21:31:25.739 D/AsusContactWigdetSync(15612): sync isdelete = true
02-25 21:31:25.749 D/SendBroadcastHandler(15597): (Delete) sendBroadcast mDeleteContacts:4
02-25 21:31:25.749 D/SendBroadcastHandler(15597): (Delete) sendBroadcast mDeleteRawContactsVoice:4
02-25 21:31:25.749 D/SendBroadcastHandler(15597): sendBroadcast CONTACTS_DELETE
02-25 21:31:25.749 D/AsusContactWigdetSync(15677): ready to sync contact id = 4
02-25 21:31:25.749 D/AsusContactWigdetSync(15677): ready to sync widget
02-25 21:31:25.749 D/AsusContactWigdetSync(15677): delete contact_id = 435
02-25 21:31:25.749 D/AsusContactWigdetSync(15677): delete contact_id = 436
02-25 21:31:25.749 D/AsusContactWigdetSync(15677): delete contact_id = 437
02-25 21:31:25.749 D/AsusContactWigdetSync(15677): delete contact_id = 438
02-25 21:31:25.749 D/AsusContactWigdetSync(15677): sync isdelete = true
02-25 21:31:25.819 I/CalendarProvider2(15653): Sending notification intent: Intent { act=android.intent.action.PROVIDER_CHANGED dat=content://com.android.calendar }
02-25 21:31:25.819 W/ContentResolver(15653): Failed to get type for: content://com.android.calendar (Unknown URL content://com.android.calendar)
02-25 21:31:25.819 D/AlertReceiver(15690): onReceive: a=android.intent.action.PROVIDER_CHANGED Intent { act=android.intent.action.PROVIDER_CHANGED dat=content://com.android.calendar flg=0x10 cmp=com.asus.calendar/com.android.calendar.alerts.AlertReceiver }
02-25 21:31:25.819 V/ActivityManager(  506): Remove bg service from mStartingBackground ,r=ServiceRecord{221ca090 u0 com.android.providers.calendar/.EmptyService},r used time=1006,left r count=2
02-25 21:31:25.839 D/AlertService(15690): 0 Action = android.intent.action.PROVIDER_CHANGED
02-25 21:31:25.839 D/AlertService(15690): Beginning updateAlertNotification
02-25 21:31:25.849 D/AlertService(15690): No fired or scheduled alerts
02-25 21:31:25.859 V/ActivityManager(  506): Remove bg service from mStartingBackground ,r=ServiceRecord{221c14f8 u0 com.asus.calendar/com.android.calendar.alerts.AlertService},r used time=36,left r count=2
02-25 21:31:25.869 D/BatteryStatsImpl(  506): noteStopWakeLocked com.asus.calendar isFromForeground = false
02-25 21:31:26.749 D/AsusContactWigdetSync(15612): sync start
02-25 21:31:26.749 D/AsusContactWigdetSync(15612): sync selection = null
02-25 21:31:26.749 D/AsusContactWigdetSync(15612): sync delete selection = contact_id IN ( 435, 436, 437, 438)
02-25 21:31:26.749 D/AsusContactWigdetSync(15612): sync stop
02-25 21:31:26.749 V/ActivityManager(  506): Remove bg service from mStartingBackground ,r=ServiceRecord{221c9da0 u0 com.asus.contacts/com.android.contacts.miniwidget.SyncService},r used time=1008,left r count=1
02-25 21:31:26.759 D/AsusContactWigdetSync(15677): sync start
02-25 21:31:26.759 D/AsusContactWigdetSync(15677): sync selection = null
02-25 21:31:26.759 D/AsusContactWigdetSync(15677): sync delete selection = contact_id IN ( 435, 436, 437, 438)
02-25 21:31:26.759 D/AsusContactWigdetSync(15677): sync stop
02-25 21:31:26.759 V/ActivityManager(  506): Remove bg service from mStartingBackground ,r=ServiceRecord{221c9d00 u0 com.asus.contactswidget/.SyncService},r used time=1010,left r count=0
02-25 21:31:26.959 W/BindingManager(15377): Cannot call determinedVisibility() - never saw a connection for the pid: 15377
02-25 21:31:27.019 D/SendBroadcastHandler(15597): mTimerTask sendMessage CONTACTS_INSERT 
02-25 21:31:27.019 D/SendBroadcastHandler(15597): (insert) sendBroadcast mInsertRawContacts:1
02-25 21:31:27.019 D/SendBroadcastHandler(15597): (insert) sendBroadcast mInsertName:1
02-25 21:31:27.019 D/SendBroadcastHandler(15597): (insert) sendBroadcast mInsertNameDetail:1
02-25 21:31:27.019 D/SendBroadcastHandler(15597): sendBroadcast insert to voice agent
02-25 21:31:27.049 D/SendBroadcastHandler(15597): startTimer() SEND_TO_CONTACTS_WIDGET_DELETE 
02-25 21:31:27.109 I/chromium(15377): [INFO:CONSOLE(70)] "WARNING: Message from backend doesn't have data.", source:  (70)
02-25 21:31:27.149 D/SendBroadcastHandler(15597): startTimer() SEND_TO_CONTACTS_INSERT 
02-25 21:31:27.639 W/BindingManager(15377): Cannot call determinedVisibility() - never saw a connection for the pid: 15377
02-25 21:31:27.769 I/chromium(15377): [INFO:CONSOLE(70)] "WARNING: Message from backend doesn't have data.", source:  (70)
02-25 21:31:27.989 D/dalvikvm(15597): GC_EXPLICIT freed 873K, 12% free 7869K/8888K, paused 0ms+3ms, total 17ms
02-25 21:31:28.299 W/BindingManager(15377): Cannot call determinedVisibility() - never saw a connection for the pid: 15377
02-25 21:31:28.409 I/chromium(15377): [INFO:CONSOLE(70)] "WARNING: Message from backend doesn't have data.", source:  (70)
02-25 21:31:28.599 D/dalvikvm(15377): GC_EXPLICIT freed 1572K, 24% free 7422K/9688K, paused 1ms+2ms, total 17ms
02-25 21:31:28.929 W/BindingManager(15377): Cannot call determinedVisibility() - never saw a connection for the pid: 15377
02-25 21:31:29.059 I/chromium(15377): [INFO:CONSOLE(70)] "WARNING: Message from backend doesn't have data.", source:  (70)
02-25 21:31:29.109 V/ActivityManager(  506): Remove bg service from mStartingBackground ,r=ServiceRecord{221b28b0 u0 com.android.providers.calendar/.ContactsEventUpdateIntentService},r used time=49,left r count=1
02-25 21:31:29.579 W/BindingManager(15377): Cannot call determinedVisibility() - never saw a connection for the pid: 15377
02-25 21:31:29.719 I/chromium(15377): [INFO:CONSOLE(70)] "WARNING: Message from backend doesn't have data.", source:  (70)
02-25 21:31:29.789 D/dalvikvm(  506): GC_EXPLICIT freed 76K, 53% free 16739K/35148K, paused 1ms+3ms, total 40ms
02-25 21:31:29.799 I/dalvikvm(15597): Total arena pages for JIT: 11
02-25 21:31:29.799 I/dalvikvm(15597): Total arena pages for JIT: 12
02-25 21:31:29.799 I/dalvikvm(15597): Total arena pages for JIT: 13
02-25 21:31:29.799 I/dalvikvm(15597): Total arena pages for JIT: 14
02-25 21:31:29.799 I/dalvikvm(15597): Total arena pages for JIT: 15
02-25 21:31:29.809 D/AlarmManager(  506): Triggered Alarm 21fa7cc8 ELAPSED_REALTIME_WAKEUP IntentSender{226a9008: PendingIntentRecord{22175a18 com.android.providers.calendar broadcastIntent}}
02-25 21:31:29.829 D/BatteryStatsImpl(  506): noteStopWakeLocked system isFromForeground = false
02-25 21:31:29.829 D/AlarmManager(  506): Removed alarm Alarm{220fcdf8 type 0 com.android.providers.calendar} type:RTC_WAKEUP
02-25 21:31:29.839 D/AlarmManager(  506): Added alarm Alarm{22203318 type 2 android} type:ELAPSED_REALTIME_WAKEUP when: After 0h:11m:0.0s
02-25 21:31:29.849 D/BatteryStatsImpl(  506): noteStopWakeLocked com.android.providers.calendar isFromForeground = false
02-25 21:31:29.849 D/AlarmManager(  506): Added alarm Alarm{220e0cf8 type 0 com.android.providers.calendar} type:RTC_WAKEUP when: At 15-2-26 7:32
02-25 21:31:29.849 V/ActivityManager(  506): Remove bg service from mStartingBackground ,r=ServiceRecord{221e9de8 u0 com.android.providers.calendar/.CalendarProviderIntentService},r used time=22,left r count=1
02-25 21:31:30.059 D/SendBroadcastHandler(15597): mTimerTask sendMessage CONTACTS_DELETE 
02-25 21:31:30.059 D/SendBroadcastHandler(15597): sendBroadcast delete to voice agent
02-25 21:31:30.059 D/AsusContactWigdetSync(15612): ready to sync contact id = 5
02-25 21:31:30.059 D/AsusContactWigdetSync(15612): ready to sync widget
02-25 21:31:30.059 D/SendBroadcastHandler(15597): (Delete) sendBroadcast mDeleteContacts:5
02-25 21:31:30.059 D/SendBroadcastHandler(15597): (Delete) sendBroadcast mDeleteRawContactsVoice:5
02-25 21:31:30.059 D/SendBroadcastHandler(15597): sendBroadcast CONTACTS_DELETE
02-25 21:31:30.059 D/AsusContactWigdetSync(15677): ready to sync contact id = 5
02-25 21:31:30.059 D/AsusContactWigdetSync(15677): ready to sync widget
02-25 21:31:30.069 D/AsusContactWigdetSync(15612): delete contact_id = 439
02-25 21:31:30.069 D/AsusContactWigdetSync(15612): delete contact_id = 440
02-25 21:31:30.069 D/AsusContactWigdetSync(15612): delete contact_id = 441
02-25 21:31:30.069 D/AsusContactWigdetSync(15612): delete contact_id = 442
02-25 21:31:30.069 D/AsusContactWigdetSync(15612): delete contact_id = 443
02-25 21:31:30.069 D/AsusContactWigdetSync(15612): sync isdelete = true
02-25 21:31:30.069 D/AsusContactWigdetSync(15677): delete contact_id = 439
02-25 21:31:30.069 D/AsusContactWigdetSync(15677): delete contact_id = 440
02-25 21:31:30.069 D/AsusContactWigdetSync(15677): delete contact_id = 441
02-25 21:31:30.069 D/AsusContactWigdetSync(15677): delete contact_id = 442
02-25 21:31:30.069 D/AsusContactWigdetSync(15677): delete contact_id = 443
02-25 21:31:30.069 D/AsusContactWigdetSync(15677): sync isdelete = true
02-25 21:31:30.109 I/CalendarProvider2(15653): Sending notification intent: Intent { act=android.intent.action.PROVIDER_CHANGED dat=content://com.android.calendar }
02-25 21:31:30.109 W/ContentResolver(15653): Failed to get type for: content://com.android.calendar (Unknown URL content://com.android.calendar)
02-25 21:31:30.109 D/AlertReceiver(15690): onReceive: a=android.intent.action.PROVIDER_CHANGED Intent { act=android.intent.action.PROVIDER_CHANGED dat=content://com.android.calendar flg=0x10 cmp=com.asus.calendar/com.android.calendar.alerts.AlertReceiver }
02-25 21:31:30.109 I/dalvikvm(15690): Total arena pages for JIT: 11
02-25 21:31:30.109 D/AlertService(15690): 0 Action = android.intent.action.PROVIDER_CHANGED
02-25 21:31:30.109 V/ActivityManager(  506): Remove bg service from mStartingBackground ,r=ServiceRecord{22163098 u0 com.android.providers.calendar/.EmptyService},r used time=1004,left r count=2
02-25 21:31:30.119 D/AlertService(15690): Beginning updateAlertNotification
02-25 21:31:30.119 I/dalvikvm(15690): Total arena pages for JIT: 12
02-25 21:31:30.119 I/dalvikvm(15690): Total arena pages for JIT: 13
02-25 21:31:30.119 I/dalvikvm(15690): Total arena pages for JIT: 14
02-25 21:31:30.119 I/dalvikvm(15690): Total arena pages for JIT: 15
02-25 21:31:30.119 I/dalvikvm(15690): Total arena pages for JIT: 16
02-25 21:31:30.139 D/AlertService(15690): No fired or scheduled alerts
02-25 21:31:30.149 D/SendBroadcastHandler(15597): mTimerTask sendMessage CONTACTS_INSERT 
02-25 21:31:30.149 D/SendBroadcastHandler(15597): (insert) sendBroadcast mInsertRawContacts:5
02-25 21:31:30.149 D/SendBroadcastHandler(15597): (insert) sendBroadcast mInsertName:5
02-25 21:31:30.149 D/SendBroadcastHandler(15597): (insert) sendBroadcast mInsertNameDetail:5
02-25 21:31:30.149 D/SendBroadcastHandler(15597): sendBroadcast insert to voice agent
02-25 21:31:30.159 D/BatteryStatsImpl(  506): noteStopWakeLocked com.asus.calendar isFromForeground = false
02-25 21:31:30.159 V/ActivityManager(  506): Remove bg service from mStartingBackground ,r=ServiceRecord{2212c750 u0 com.asus.calendar/com.android.calendar.alerts.AlertService},r used time=46,left r count=2
02-25 21:31:30.199 W/BindingManager(15377): Cannot call determinedVisibility() - never saw a connection for the pid: 15377
02-25 21:31:30.239 D/SendBroadcastHandler(15597): startTimer() SEND_TO_CONTACTS_WIDGET_DELETE 
02-25 21:31:30.329 I/chromium(15377): [INFO:CONSOLE(70)] "WARNING: Message from backend doesn't have data.", source:  (70)
02-25 21:31:30.369 D/SendBroadcastHandler(15597): startTimer() SEND_TO_CONTACTS_INSERT 
02-25 21:31:30.849 W/BindingManager(15377): Cannot call determinedVisibility() - never saw a connection for the pid: 15377
02-25 21:31:30.969 I/chromium(15377): [INFO:CONSOLE(70)] "WARNING: Message from backend doesn't have data.", source:  (70)
02-25 21:31:31.069 D/AsusContactWigdetSync(15612): sync start
02-25 21:31:31.069 D/AsusContactWigdetSync(15612): sync selection = null
02-25 21:31:31.069 D/AsusContactWigdetSync(15612): sync delete selection = contact_id IN ( 440, 441, 442, 443, 439)
02-25 21:31:31.069 D/AsusContactWigdetSync(15612): sync stop
02-25 21:31:31.069 D/AsusContactWigdetSync(15677): sync start
02-25 21:31:31.069 D/AsusContactWigdetSync(15677): sync selection = null
02-25 21:31:31.069 D/AsusContactWigdetSync(15677): sync delete selection = contact_id IN ( 440, 441, 442, 443, 439)
02-25 21:31:31.069 D/AsusContactWigdetSync(15677): sync stop
02-25 21:31:31.069 V/ActivityManager(  506): Remove bg service from mStartingBackground ,r=ServiceRecord{221b36a8 u0 com.asus.contacts/com.android.contacts.miniwidget.SyncService},r used time=1010,left r count=1
02-25 21:31:31.069 V/ActivityManager(  506): Remove bg service from mStartingBackground ,r=ServiceRecord{2213c7b0 u0 com.asus.contactswidget/.SyncService},r used time=1006,left r count=0
02-25 21:31:31.499 W/BindingManager(15377): Cannot call determinedVisibility() - never saw a connection for the pid: 15377
02-25 21:31:31.609 I/chromium(15377): [INFO:CONSOLE(70)] "WARNING: Message from backend doesn't have data.", source:  (70)
02-25 21:31:31.789 V/ActivityManager(  506): Remove bg service from mStartingBackground ,r=ServiceRecord{220ef628 u0 com.android.providers.calendar/.ContactsEventUpdateIntentService},r used time=139,left r count=1
02-25 21:31:32.149 W/BindingManager(15377): Cannot call determinedVisibility() - never saw a connection for the pid: 15377
02-25 21:31:32.269 I/chromium(15377): [INFO:CONSOLE(70)] "WARNING: Message from backend doesn't have data.", source:  (70)
02-25 21:31:32.489 D/dalvikvm(15597): GC_EXPLICIT freed 805K, 11% free 7919K/8888K, paused 0ms+3ms, total 17ms
02-25 21:31:32.529 E/Contacts(15377): org.json.JSONException: No value for contactId
02-25 21:31:32.789 I/CalendarProvider2(15653): Sending notification intent: Intent { act=android.intent.action.PROVIDER_CHANGED dat=content://com.android.calendar }
02-25 21:31:32.789 W/ContentResolver(15653): Failed to get type for: content://com.android.calendar (Unknown URL content://com.android.calendar)
02-25 21:31:32.799 D/AlertReceiver(15690): onReceive: a=android.intent.action.PROVIDER_CHANGED Intent { act=android.intent.action.PROVIDER_CHANGED dat=content://com.android.calendar flg=0x10 cmp=com.asus.calendar/com.android.calendar.alerts.AlertReceiver }
02-25 21:31:32.799 V/ActivityManager(  506): Remove bg service from mStartingBackground ,r=ServiceRecord{220e94b8 u0 com.android.providers.calendar/.EmptyService},r used time=1007,left r count=0
02-25 21:31:32.809 D/AlertService(15690): 0 Action = android.intent.action.PROVIDER_CHANGED
02-25 21:31:32.809 D/AlertService(15690): Beginning updateAlertNotification
02-25 21:31:32.829 D/AlertService(15690): No fired or scheduled alerts
02-25 21:31:32.839 D/BatteryStatsImpl(  506): noteStopWakeLocked com.asus.calendar isFromForeground = false
02-25 21:31:32.839 V/ActivityManager(  506): Remove bg service from mStartingBackground ,r=ServiceRecord{220e52b8 u0 com.asus.calendar/com.android.calendar.alerts.AlertService},r used time=39,left r count=0
02-25 21:31:33.239 D/SendBroadcastHandler(15597): mTimerTask sendMessage CONTACTS_DELETE 
02-25 21:31:33.249 D/SendBroadcastHandler(15597): sendBroadcast delete to voice agent
02-25 21:31:33.249 D/SendBroadcastHandler(15597): (Delete) sendBroadcast mDeleteContacts:4
02-25 21:31:33.249 D/SendBroadcastHandler(15597): (Delete) sendBroadcast mDeleteRawContactsVoice:4
02-25 21:31:33.249 D/SendBroadcastHandler(15597): sendBroadcast CONTACTS_DELETE
02-25 21:31:33.249 D/AsusContactWigdetSync(15612): ready to sync contact id = 4
02-25 21:31:33.249 D/AsusContactWigdetSync(15612): ready to sync widget
02-25 21:31:33.259 D/AsusContactWigdetSync(15612): delete contact_id = 444
02-25 21:31:33.259 D/AsusContactWigdetSync(15612): delete contact_id = 445
02-25 21:31:33.259 D/AsusContactWigdetSync(15612): delete contact_id = 446
02-25 21:31:33.259 D/AsusContactWigdetSync(15612): delete contact_id = 447
02-25 21:31:33.259 D/AsusContactWigdetSync(15612): sync isdelete = true
02-25 21:31:33.259 D/AsusContactWigdetSync(15677): ready to sync contact id = 4
02-25 21:31:33.259 D/AsusContactWigdetSync(15677): ready to sync widget
02-25 21:31:33.269 D/AsusContactWigdetSync(15677): delete contact_id = 444
02-25 21:31:33.269 D/AsusContactWigdetSync(15677): delete contact_id = 445
02-25 21:31:33.269 D/AsusContactWigdetSync(15677): delete contact_id = 446
02-25 21:31:33.269 D/AsusContactWigdetSync(15677): delete contact_id = 447
02-25 21:31:33.269 D/AsusContactWigdetSync(15677): sync isdelete = true
02-25 21:31:33.379 D/SendBroadcastHandler(15597): mTimerTask sendMessage CONTACTS_INSERT 
02-25 21:31:33.379 D/SendBroadcastHandler(15597): (insert) sendBroadcast mInsertRawContacts:4
02-25 21:31:33.379 D/SendBroadcastHandler(15597): (insert) sendBroadcast mInsertName:4
02-25 21:31:33.379 D/SendBroadcastHandler(15597): (insert) sendBroadcast mInsertNameDetail:4
02-25 21:31:33.379 D/SendBroadcastHandler(15597): sendBroadcast insert to voice agent
02-25 21:31:34.259 D/AsusContactWigdetSync(15612): sync start
02-25 21:31:34.259 D/AsusContactWigdetSync(15612): sync selection = null
02-25 21:31:34.259 D/AsusContactWigdetSync(15612): sync delete selection = contact_id IN ( 444, 445, 446, 447)
02-25 21:31:34.259 D/AsusContactWigdetSync(15612): sync stop
02-25 21:31:34.259 V/ActivityManager(  506): Remove bg service from mStartingBackground ,r=ServiceRecord{220ba070 u0 com.android.providers.calendar/.ContactsEventUpdateIntentService},r used time=53,left r count=3
02-25 21:31:34.259 V/ActivityManager(  506): Remove bg service from mStartingBackground ,r=ServiceRecord{220d6320 u0 com.asus.contacts/com.android.contacts.miniwidget.SyncService},r used time=1008,left r count=2
02-25 21:31:34.269 D/AsusContactWigdetSync(15677): sync start
02-25 21:31:34.269 D/AsusContactWigdetSync(15677): sync selection = null
02-25 21:31:34.269 D/AsusContactWigdetSync(15677): sync delete selection = contact_id IN ( 444, 445, 446, 447)
02-25 21:31:34.269 D/AsusContactWigdetSync(15677): sync stop
02-25 21:31:34.269 V/ActivityManager(  506): Remove bg service from mStartingBackground ,r=ServiceRecord{220c17e0 u0 com.asus.contactswidget/.SyncService},r used time=1012,left r count=1
02-25 21:31:35.259 I/CalendarProvider2(15653): Sending notification intent: Intent { act=android.intent.action.PROVIDER_CHANGED dat=content://com.android.calendar }
02-25 21:31:35.259 W/ContentResolver(15653): Failed to get type for: content://com.android.calendar (Unknown URL content://com.android.calendar)
02-25 21:31:35.259 D/AlertReceiver(15690): onReceive: a=android.intent.action.PROVIDER_CHANGED Intent { act=android.intent.action.PROVIDER_CHANGED dat=content://com.android.calendar flg=0x10 cmp=com.asus.calendar/com.android.calendar.alerts.AlertReceiver }
02-25 21:31:35.269 V/ActivityManager(  506): Remove bg service from mStartingBackground ,r=ServiceRecord{220b9cb0 u0 com.android.providers.calendar/.EmptyService},r used time=1011,left r count=0
02-25 21:31:35.269 D/AlertService(15690): 0 Action = android.intent.action.PROVIDER_CHANGED
02-25 21:31:35.269 D/AlertService(15690): Beginning updateAlertNotification
02-25 21:31:35.289 D/AlertService(15690): No fired or scheduled alerts
02-25 21:31:35.319 D/BatteryStatsImpl(  506): noteStopWakeLocked com.asus.calendar isFromForeground = false
02-25 21:31:35.319 W/BindingManager(15377): Cannot call determinedVisibility() - never saw a connection for the pid: 15377
02-25 21:31:35.319 V/ActivityManager(  506): Remove bg service from mStartingBackground ,r=ServiceRecord{220a0710 u0 com.asus.calendar/com.android.calendar.alerts.AlertService},r used time=52,left r count=0
02-25 21:31:35.369 D/SendBroadcastHandler(15597): startTimer() SEND_TO_CONTACTS_WIDGET_DELETE 
02-25 21:31:35.459 I/chromium(15377): [INFO:CONSOLE(70)] "WARNING: Message from backend doesn't have data.", source:  (70)
02-25 21:31:35.499 D/SendBroadcastHandler(15597): startTimer() SEND_TO_CONTACTS_INSERT 
02-25 21:31:35.939 W/BindingManager(15377): Cannot call determinedVisibility() - never saw a connection for the pid: 15377
02-25 21:31:36.039 I/chromium(15377): [INFO:CONSOLE(70)] "WARNING: Message from backend doesn't have data.", source:  (70)
02-25 21:31:36.229 D/EVENT_THREAD(  183): void CEventThread::run() POLLIN event on Fd (1)
02-25 21:31:36.229 D/EVENT_THREAD(  183): void CEventThread::run() Do poll with timeout: -1
02-25 21:31:36.229 D/EVENT_THREAD(  183): void CEventThread::run() POLLIN event on Fd (1)
02-25 21:31:36.229 D/EVENT_THREAD(  183): void CEventThread::run() Do poll with timeout: -1
02-25 21:31:36.229 I/upi_ug31xx(  166): (1950) update_capacity
02-25 21:31:36.229 I/[UPI]   (  166): <UG31/E>[UpiReadCapacity]: V=3952(3952), T=314(314-371), I=-201, C=-3(-2-0)
02-25 21:31:36.229 I/[UPI]   (  166): <UG31/E>[UpiReadCapacity]: (0x0001254a) 2610 (2484) / 3822 (3822) = 68
02-25 21:31:36.229 I/[UPI]   (  166): <UG31/E>[UpiReadCapacity]: (0x0001254a) 2610 (2484) / 3822 (3822) = 68
02-25 21:31:36.229 I/[UPI]   (  166): <UG31/E>[UpiReadCapacity]: (0x0001254a) 2608 (2608) / 3822 (3822) = 68
02-25 21:31:36.229 I/[UPI]   (  166): <UG31/E>[RsocFilterCountTime]: (0x0001254a) Step=15(940400), Full=15(940400), Lock=940400(1800000)
02-25 21:31:36.229 I/[UPI]   (  166): <UG31/E>[UpiReadCapacity]: (0x0001254a) 2608 (2608) / 3822 (3822) = 68 (-201--201)
02-25 21:31:36.229 I/[UPI]   (  166): <UG31/E><BATT> M:normal, P:68(68-68)%, V:3950mV, C:-377mA, T:31.4C(371), S:0x0001254a(000), R:2608mAh, F:3822mAh, Q:-601mAh, CC:3, P:30.310(601-0)s, BO:7, 97:615:0-44af-9m:B001-20140514-144301 (16)
02-25 21:31:36.229 I/upi_ug31xx(  166): (1951) backup_data 
02-25 21:31:36.229 V/upi_ug31xx(  166): state->check_backup_count = 7
02-25 21:31:36.589 W/BindingManager(15377): Cannot call determinedVisibility() - never saw a connection for the pid: 15377
02-25 21:31:36.699 I/chromium(15377): [INFO:CONSOLE(70)] "WARNING: Message from backend doesn't have data.", source:  (70)
02-25 21:31:36.789 D/BatteryStatsImpl(  506): noteStopWakeLocked system isFromForeground = false
02-25 21:31:36.789 I/dalvikvm(  506): ++++++++++++++++++++++++++++++++++++++++++++
02-25 21:31:36.789 I/dalvikvm(  506): JIT_INFO: ME Issues while compiling trace  Landroid/os/Parcel;readValue, offset 5
02-25 21:31:36.789 I/dalvikvm(  506): 	Jit code cache is full.
02-25 21:31:36.789 D/AlarmManager(  506): Triggered Alarm 2201b1b8 ELAPSED_REALTIME_WAKEUP IntentSender{226a8df8: PendingIntentRecord{2272e3e0 com.android.providers.calendar broadcastIntent}}
02-25 21:31:36.799 D/AlarmManager(  506): Removed alarm Alarm{220e0cf8 type 0 com.android.providers.calendar} type:RTC_WAKEUP
02-25 21:31:36.799 D/AlarmManager(  506): Added alarm Alarm{21f45458 type 2 android} type:ELAPSED_REALTIME_WAKEUP when: After 0h:10m:53.0s
02-25 21:31:36.809 D/BatteryStatsImpl(  506): noteStopWakeLocked com.android.providers.calendar isFromForeground = false
02-25 21:31:36.809 D/AlarmManager(  506): Added alarm Alarm{21f5e328 type 0 com.android.providers.calendar} type:RTC_WAKEUP when: At 15-2-26 7:32
02-25 21:31:36.809 V/ActivityManager(  506): Remove bg service from mStartingBackground ,r=ServiceRecord{220990d8 u0 com.android.providers.calendar/.CalendarProviderIntentService},r used time=21,left r count=0
02-25 21:31:37.229 W/BindingManager(15377): Cannot call determinedVisibility() - never saw a connection for the pid: 15377
02-25 21:31:37.339 I/chromium(15377): [INFO:CONSOLE(70)] "WARNING: Message from backend doesn't have data.", source:  (70)
02-25 21:31:37.389 I/        (15597): len(name) > MAX_NAME_SIZE, shorten it
02-25 21:31:37.569 D/dalvikvm(  506): JIT code cache reset in 0 ms (1048160 bytes 3/0)
02-25 21:31:37.569 D/dalvikvm(  506): GC_EXPLICIT freed 104K, 53% free 16740K/35148K, paused 1ms+4ms, total 42ms
02-25 21:31:37.599 V/ActivityManager(  506): Remove bg service from mStartingBackground ,r=ServiceRecord{22093ec0 u0 com.android.providers.calendar/.ContactsEventUpdateIntentService},r used time=235,left r count=1
02-25 21:31:37.829 W/BindingManager(15377): Cannot call determinedVisibility() - never saw a connection for the pid: 15377
02-25 21:31:37.959 I/chromium(15377): [INFO:CONSOLE(70)] "WARNING: Message from backend doesn't have data.", source:  (70)
02-25 21:31:38.369 D/SendBroadcastHandler(15597): mTimerTask sendMessage CONTACTS_DELETE 
02-25 21:31:38.369 D/SendBroadcastHandler(15597): sendBroadcast delete to voice agent
02-25 21:31:38.369 D/SendBroadcastHandler(15597): (Delete) sendBroadcast mDeleteContacts:5
02-25 21:31:38.369 D/SendBroadcastHandler(15597): (Delete) sendBroadcast mDeleteRawContactsVoice:5
02-25 21:31:38.369 D/SendBroadcastHandler(15597): sendBroadcast CONTACTS_DELETE
02-25 21:31:38.369 D/AsusContactWigdetSync(15612): ready to sync contact id = 5
02-25 21:31:38.369 D/AsusContactWigdetSync(15612): ready to sync widget
02-25 21:31:38.379 D/AsusContactWigdetSync(15612): delete contact_id = 448
02-25 21:31:38.379 D/AsusContactWigdetSync(15612): delete contact_id = 449
02-25 21:31:38.379 D/AsusContactWigdetSync(15612): delete contact_id = 450
02-25 21:31:38.379 D/AsusContactWigdetSync(15612): delete contact_id = 451
02-25 21:31:38.379 D/AsusContactWigdetSync(15612): delete contact_id = 452
02-25 21:31:38.379 D/AsusContactWigdetSync(15612): sync isdelete = true
02-25 21:31:38.379 D/AsusContactWigdetSync(15677): ready to sync contact id = 5
02-25 21:31:38.379 D/AsusContactWigdetSync(15677): ready to sync widget
02-25 21:31:38.379 D/AsusContactWigdetSync(15677): delete contact_id = 448
02-25 21:31:38.379 D/AsusContactWigdetSync(15677): delete contact_id = 449
02-25 21:31:38.379 D/AsusContactWigdetSync(15677): delete contact_id = 450
02-25 21:31:38.379 D/AsusContactWigdetSync(15677): delete contact_id = 451
02-25 21:31:38.379 D/AsusContactWigdetSync(15677): delete contact_id = 452
02-25 21:31:38.389 D/AsusContactWigdetSync(15677): sync isdelete = true
02-25 21:31:38.439 W/BindingManager(15377): Cannot call determinedVisibility() - never saw a connection for the pid: 15377
02-25 21:31:38.479 D/SendBroadcastHandler(15597): startTimer() SEND_TO_CONTACTS_WIDGET_DELETE 
02-25 21:31:38.499 D/SendBroadcastHandler(15597): mTimerTask sendMessage CONTACTS_INSERT 
02-25 21:31:38.499 D/SendBroadcastHandler(15597): (insert) sendBroadcast mInsertRawContacts:5
02-25 21:31:38.499 D/SendBroadcastHandler(15597): (insert) sendBroadcast mInsertName:5
02-25 21:31:38.499 D/SendBroadcastHandler(15597): (insert) sendBroadcast mInsertNameDetail:5
02-25 21:31:38.499 D/SendBroadcastHandler(15597): sendBroadcast insert to voice agent
02-25 21:31:38.559 I/chromium(15377): [INFO:CONSOLE(70)] "WARNING: Message from backend doesn't have data.", source:  (70)
02-25 21:31:38.599 D/dalvikvm(15377): GC_EXPLICIT freed 1839K, 26% free 7260K/9688K, paused 1ms+2ms, total 17ms
02-25 21:31:38.599 I/CalendarProvider2(15653): Sending notification intent: Intent { act=android.intent.action.PROVIDER_CHANGED dat=content://com.android.calendar }
02-25 21:31:38.599 W/ContentResolver(15653): Failed to get type for: content://com.android.calendar (Unknown URL content://com.android.calendar)
02-25 21:31:38.609 D/AlertReceiver(15690): onReceive: a=android.intent.action.PROVIDER_CHANGED Intent { act=android.intent.action.PROVIDER_CHANGED dat=content://com.android.calendar flg=0x10 cmp=com.asus.calendar/com.android.calendar.alerts.AlertReceiver }
02-25 21:31:38.609 V/ActivityManager(  506): Remove bg service from mStartingBackground ,r=ServiceRecord{220f46a8 u0 com.android.providers.calendar/.EmptyService},r used time=1004,left r count=2
02-25 21:31:38.619 D/AlertService(15690): 0 Action = android.intent.action.PROVIDER_CHANGED
02-25 21:31:38.619 D/AlertService(15690): Beginning updateAlertNotification
02-25 21:31:38.619 D/SendBroadcastHandler(15597): startTimer() SEND_TO_CONTACTS_INSERT 
02-25 21:31:38.639 D/AlertService(15690): No fired or scheduled alerts
02-25 21:31:38.639 D/BatteryStatsImpl(  506): noteStopWakeLocked com.asus.calendar isFromForeground = false
02-25 21:31:38.639 V/ActivityManager(  506): Remove bg service from mStartingBackground ,r=ServiceRecord{22060708 u0 com.asus.calendar/com.android.calendar.alerts.AlertService},r used time=32,left r count=2
02-25 21:31:39.079 W/BindingManager(15377): Cannot call determinedVisibility() - never saw a connection for the pid: 15377
02-25 21:31:39.209 I/chromium(15377): [INFO:CONSOLE(70)] "WARNING: Message from backend doesn't have data.", source:  (70)
02-25 21:31:39.389 D/AsusContactWigdetSync(15677): sync start
02-25 21:31:39.389 D/AsusContactWigdetSync(15677): sync selection = null
02-25 21:31:39.389 D/AsusContactWigdetSync(15677): sync delete selection = contact_id IN ( 452, 451, 450, 449, 448)
02-25 21:31:39.389 D/AsusContactWigdetSync(15677): sync stop
02-25 21:31:39.389 V/ActivityManager(  506): Remove bg service from mStartingBackground ,r=ServiceRecord{22065fb0 u0 com.asus.contactswidget/.SyncService},r used time=1005,left r count=1
02-25 21:31:39.399 D/AsusContactWigdetSync(15612): sync start
02-25 21:31:39.399 D/AsusContactWigdetSync(15612): sync selection = null
02-25 21:31:39.399 D/AsusContactWigdetSync(15612): sync delete selection = contact_id IN ( 452, 451, 450, 449, 448)
02-25 21:31:39.399 D/AsusContactWigdetSync(15612): sync stop
02-25 21:31:39.399 V/ActivityManager(  506): Remove bg service from mStartingBackground ,r=ServiceRecord{220a3d18 u0 com.asus.contacts/com.android.contacts.miniwidget.SyncService},r used time=1023,left r count=0
02-25 21:31:39.719 W/BindingManager(15377): Cannot call determinedVisibility() - never saw a connection for the pid: 15377
02-25 21:31:39.839 I/chromium(15377): [INFO:CONSOLE(70)] "WARNING: Message from backend doesn't have data.", source:  (70)
02-25 21:31:39.869 D/dalvikvm(15597): GC_EXPLICIT freed 815K, 12% free 7898K/8888K, paused 1ms+3ms, total 18ms
02-25 21:31:40.049 V/ActivityManager(  506): Remove bg service from mStartingBackground ,r=ServiceRecord{2205a420 u0 com.android.providers.calendar/.ContactsEventUpdateIntentService},r used time=148,left r count=1
02-25 21:31:40.309 W/BindingManager(15377): Cannot call determinedVisibility() - never saw a connection for the pid: 15377
02-25 21:31:40.419 I/chromium(15377): [INFO:CONSOLE(70)] "WARNING: Message from backend doesn't have data.", source:  (70)
02-25 21:31:40.959 W/BindingManager(15377): Cannot call determinedVisibility() - never saw a connection for the pid: 15377
02-25 21:31:41.049 I/CalendarProvider2(15653): Sending notification intent: Intent { act=android.intent.action.PROVIDER_CHANGED dat=content://com.android.calendar }
02-25 21:31:41.049 W/ContentResolver(15653): Failed to get type for: content://com.android.calendar (Unknown URL content://com.android.calendar)
02-25 21:31:41.049 D/AlertReceiver(15690): onReceive: a=android.intent.action.PROVIDER_CHANGED Intent { act=android.intent.action.PROVIDER_CHANGED dat=content://com.android.calendar flg=0x10 cmp=com.asus.calendar/com.android.calendar.alerts.AlertReceiver }
02-25 21:31:41.049 V/ActivityManager(  506): Remove bg service from mStartingBackground ,r=ServiceRecord{22057128 u0 com.android.providers.calendar/.EmptyService},r used time=1003,left r count=0
02-25 21:31:41.049 D/AlertService(15690): 0 Action = android.intent.action.PROVIDER_CHANGED
02-25 21:31:41.049 D/AlertService(15690): Beginning updateAlertNotification
02-25 21:31:41.059 D/AlertService(15690): No fired or scheduled alerts
02-25 21:31:41.069 D/BatteryStatsImpl(  506): noteStopWakeLocked com.asus.calendar isFromForeground = false
02-25 21:31:41.069 V/ActivityManager(  506): Remove bg service from mStartingBackground ,r=ServiceRecord{22049f70 u0 com.asus.calendar/com.android.calendar.alerts.AlertService},r used time=16,left r count=0
02-25 21:31:41.079 I/chromium(15377): [INFO:CONSOLE(70)] "WARNING: Message from backend doesn't have data.", source:  (70)
02-25 21:31:41.479 D/SendBroadcastHandler(15597): mTimerTask sendMessage CONTACTS_DELETE 
02-25 21:31:41.489 D/AsusContactWigdetSync(15612): ready to sync contact id = 5
02-25 21:31:41.489 D/AsusContactWigdetSync(15612): ready to sync widget
02-25 21:31:41.489 D/SendBroadcastHandler(15597): sendBroadcast delete to voice agent
02-25 21:31:41.489 D/SendBroadcastHandler(15597): (Delete) sendBroadcast mDeleteContacts:5
02-25 21:31:41.489 D/SendBroadcastHandler(15597): (Delete) sendBroadcast mDeleteRawContactsVoice:5
02-25 21:31:41.489 D/SendBroadcastHandler(15597): sendBroadcast CONTACTS_DELETE
02-25 21:31:41.489 D/AsusContactWigdetSync(15612): delete contact_id = 453
02-25 21:31:41.489 D/AsusContactWigdetSync(15612): delete contact_id = 454
02-25 21:31:41.489 D/AsusContactWigdetSync(15612): delete contact_id = 455
02-25 21:31:41.489 D/AsusContactWigdetSync(15677): ready to sync contact id = 5
02-25 21:31:41.499 D/AsusContactWigdetSync(15677): ready to sync widget
02-25 21:31:41.499 D/AsusContactWigdetSync(15612): delete contact_id = 456
02-25 21:31:41.499 D/AsusContactWigdetSync(15612): delete contact_id = 457
02-25 21:31:41.499 D/AsusContactWigdetSync(15612): sync isdelete = true
02-25 21:31:41.509 D/AsusContactWigdetSync(15677): delete contact_id = 453
02-25 21:31:41.509 D/AsusContactWigdetSync(15677): delete contact_id = 454
02-25 21:31:41.509 D/AsusContactWigdetSync(15677): delete contact_id = 455
02-25 21:31:41.509 D/AsusContactWigdetSync(15677): delete contact_id = 456
02-25 21:31:41.509 D/AsusContactWigdetSync(15677): delete contact_id = 457
02-25 21:31:41.509 D/AsusContactWigdetSync(15677): sync isdelete = true
02-25 21:31:41.569 W/BindingManager(15377): Cannot call determinedVisibility() - never saw a connection for the pid: 15377
02-25 21:31:41.609 D/SendBroadcastHandler(15597): startTimer() SEND_TO_CONTACTS_WIDGET_DELETE 
02-25 21:31:41.629 D/SendBroadcastHandler(15597): mTimerTask sendMessage CONTACTS_INSERT 
02-25 21:31:41.629 D/SendBroadcastHandler(15597): (insert) sendBroadcast mInsertRawContacts:5
02-25 21:31:41.629 D/SendBroadcastHandler(15597): (insert) sendBroadcast mInsertName:5
02-25 21:31:41.629 D/SendBroadcastHandler(15597): (insert) sendBroadcast mInsertNameDetail:5
02-25 21:31:41.629 D/SendBroadcastHandler(15597): sendBroadcast insert to voice agent
02-25 21:31:41.679 I/chromium(15377): [INFO:CONSOLE(70)] "WARNING: Message from backend doesn't have data.", source:  (70)
02-25 21:31:41.719 D/SendBroadcastHandler(15597): startTimer() SEND_TO_CONTACTS_INSERT 
02-25 21:31:42.219 W/BindingManager(15377): Cannot call determinedVisibility() - never saw a connection for the pid: 15377
02-25 21:31:42.349 I/chromium(15377): [INFO:CONSOLE(70)] "WARNING: Message from backend doesn't have data.", source:  (70)
02-25 21:31:42.439 V/ActivityManager(  506): Remove bg service from mStartingBackground ,r=ServiceRecord{220413b8 u0 com.android.providers.calendar/.ContactsEventUpdateIntentService},r used time=74,left r count=3
02-25 21:31:42.499 D/AsusContactWigdetSync(15612): sync start
02-25 21:31:42.499 D/AsusContactWigdetSync(15612): sync selection = null
02-25 21:31:42.499 D/AsusContactWigdetSync(15612): sync delete selection = contact_id IN ( 455, 454, 453, 457, 456)
02-25 21:31:42.499 D/AsusContactWigdetSync(15612): sync stop
02-25 21:31:42.499 V/ActivityManager(  506): Remove bg service from mStartingBackground ,r=ServiceRecord{22047290 u0 com.asus.contacts/com.android.contacts.miniwidget.SyncService},r used time=1008,left r count=2
02-25 21:31:42.509 D/AsusContactWigdetSync(15677): sync start
02-25 21:31:42.509 D/AsusContactWigdetSync(15677): sync selection = null
02-25 21:31:42.509 D/AsusContactWigdetSync(15677): sync delete selection = contact_id IN ( 455, 454, 453, 457, 456)
02-25 21:31:42.509 D/AsusContactWigdetSync(15677): sync stop
02-25 21:31:42.509 V/ActivityManager(  506): Remove bg service from mStartingBackground ,r=ServiceRecord{22046688 u0 com.asus.contactswidget/.SyncService},r used time=1006,left r count=1
02-25 21:31:42.599 D/BatteryStatsImpl(  506): noteStopWakeLocked system isFromForeground = false
02-25 21:31:42.599 D/AlarmManager(  506): Triggered Alarm 22246dc8 ELAPSED_REALTIME_WAKEUP IntentSender{226a9068: PendingIntentRecord{2245be30 com.android.providers.calendar broadcastIntent}}
02-25 21:31:42.609 D/AlarmManager(  506): Removed alarm Alarm{21f5e328 type 0 com.android.providers.calendar} type:RTC_WAKEUP
02-25 21:31:42.609 D/AlarmManager(  506): Added alarm Alarm{21f4bff8 type 2 android} type:ELAPSED_REALTIME_WAKEUP when: After 0h:10m:47.0s
02-25 21:31:42.629 D/BatteryStatsImpl(  506): noteStopWakeLocked com.android.providers.calendar isFromForeground = false
02-25 21:31:42.629 D/AlarmManager(  506): Added alarm Alarm{21fbd8b0 type 0 com.android.providers.calendar} type:RTC_WAKEUP when: At 15-2-26 7:32
02-25 21:31:42.639 V/ActivityManager(  506): Remove bg service from mStartingBackground ,r=ServiceRecord{2201f8d0 u0 com.android.providers.calendar/.CalendarProviderIntentService},r used time=32,left r count=1
02-25 21:31:42.859 W/BindingManager(15377): Cannot call determinedVisibility() - never saw a connection for the pid: 15377
02-25 21:31:43.039 D/dalvikvm(  506): GC_EXPLICIT freed 80K, 53% free 16745K/35148K, paused 2ms+3ms, total 45ms
02-25 21:31:43.049 W/chromium(15377): [WARNING:xwalk_extension_module.cc(203)] Exception when running message listener: file:///android_asset/www//opt/webapi-contactsmanager-w3c-tests/contactsmanager/ContactsChangeEvent_modified.html:70:18 TypeError: Cannot read property '0' of undefined
02-25 21:31:43.049 W/chromium(15377):     if (e.modified[0]) {
02-25 21:31:43.049 W/chromium(15377): 
02-25 21:31:43.299 I/chromium(15377): [INFO:CONSOLE(70)] "WARNING: Message from backend doesn't have data.", source:  (70)
02-25 21:31:43.299 D/dalvikvm(15597): GC_EXPLICIT freed 761K, 13% free 7810K/8888K, paused 0ms+3ms, total 18ms
02-25 21:31:43.309 W/chromium(15377): [WARNING:xwalk_extension_module.cc(203)] Exception when running message listener: file:///android_asset/www//opt/webapi-contactsmanager-w3c-tests/contactsmanager/ContactsChangeEvent_modified.html:70:18 TypeError: Cannot read property '0' of undefined
02-25 21:31:43.309 W/chromium(15377):     if (e.modified[0]) {
02-25 21:31:43.309 W/chromium(15377): 
02-25 21:31:43.429 I/CalendarProvider2(15653): Sending notification intent: Intent { act=android.intent.action.PROVIDER_CHANGED dat=content://com.android.calendar }
02-25 21:31:43.429 W/ContentResolver(15653): Failed to get type for: content://com.android.calendar (Unknown URL content://com.android.calendar)
02-25 21:31:43.439 D/AlertReceiver(15690): onReceive: a=android.intent.action.PROVIDER_CHANGED Intent { act=android.intent.action.PROVIDER_CHANGED dat=content://com.android.calendar flg=0x10 cmp=com.asus.calendar/com.android.calendar.alerts.AlertReceiver }
02-25 21:31:43.439 D/AlertService(15690): 0 Action = android.intent.action.PROVIDER_CHANGED
02-25 21:31:43.439 D/AlertService(15690): Beginning updateAlertNotification
02-25 21:31:43.439 V/ActivityManager(  506): Remove bg service from mStartingBackground ,r=ServiceRecord{220410a0 u0 com.android.providers.calendar/.EmptyService},r used time=1002,left r count=0
02-25 21:31:43.459 D/AlertService(15690): No fired or scheduled alerts
02-25 21:31:43.459 D/BatteryStatsImpl(  506): noteStopWakeLocked com.asus.calendar isFromForeground = false
02-25 21:31:43.459 V/ActivityManager(  506): Remove bg service from mStartingBackground ,r=ServiceRecord{2205f1d8 u0 com.asus.calendar/com.android.calendar.alerts.AlertService},r used time=22,left r count=0
02-25 21:31:43.539 D/SendBroadcastHandler(15597): startTimer() SEND_TO_CONTACTS_WIDGET_UPDATE 
02-25 21:31:43.969 W/BindingManager(15377): Cannot call determinedVisibility() - never saw a connection for the pid: 15377
02-25 21:31:44.159 D/dalvikvm(15377): GC_EXPLICIT freed 2989K, 30% free 7386K/10516K, paused 1ms+2ms, total 20ms
02-25 21:31:44.339 E/Contacts(15377): org.json.JSONException: No value for contactId
02-25 21:31:44.339 I/chromium(15377): [INFO:CONSOLE(70)] "WARNING: Message from backend doesn't have data.", source:  (70)
02-25 21:31:44.339 I/chromium(15377): [INFO:CONSOLE(60)] "Uncaught (in promise) ReferenceError: info is not defined", source: file:///android_asset/www//opt/webapi-contactsmanager-w3c-tests/contactsmanager/ContactsChangeEvent_removed.html (60)
02-25 21:31:44.589 W/BindingManager(15377): Cannot call determinedVisibility() - never saw a connection for the pid: 15377
02-25 21:31:44.609 D/SendBroadcastHandler(15597): mTimerTask sendMessage CONTACTS_DELETE 
02-25 21:31:44.609 D/AsusContactWigdetSync(15612): ready to sync contact id = 4
02-25 21:31:44.609 D/AsusContactWigdetSync(15612): ready to sync widget
02-25 21:31:44.609 D/AsusContactWigdetSync(15612): delete contact_id = 458
02-25 21:31:44.609 D/AsusContactWigdetSync(15612): delete contact_id = 459
02-25 21:31:44.609 D/SendBroadcastHandler(15597): sendBroadcast delete to voice agent
02-25 21:31:44.609 D/SendBroadcastHandler(15597): (Delete) sendBroadcast mDeleteContacts:4
02-25 21:31:44.609 D/SendBroadcastHandler(15597): (Delete) sendBroadcast mDeleteRawContactsVoice:4
02-25 21:31:44.609 D/SendBroadcastHandler(15597): sendBroadcast CONTACTS_DELETE
02-25 21:31:44.609 D/AsusContactWigdetSync(15612): delete contact_id = 460
02-25 21:31:44.619 D/AsusContactWigdetSync(15612): delete contact_id = 461
02-25 21:31:44.619 D/AsusContactWigdetSync(15612): sync isdelete = true
02-25 21:31:44.619 D/AsusContactWigdetSync(15677): ready to sync contact id = 4
02-25 21:31:44.619 D/AsusContactWigdetSync(15677): ready to sync widget
02-25 21:31:44.619 D/AsusContactWigdetSync(15677): delete contact_id = 458
02-25 21:31:44.619 D/AsusContactWigdetSync(15677): delete contact_id = 459
02-25 21:31:44.619 D/AsusContactWigdetSync(15677): delete contact_id = 460
02-25 21:31:44.619 D/AsusContactWigdetSync(15677): delete contact_id = 461
02-25 21:31:44.619 D/AsusContactWigdetSync(15677): sync isdelete = true
02-25 21:31:44.639 D/SendBroadcastHandler(15597): startTimer() SEND_TO_CONTACTS_WIDGET_DELETE 
02-25 21:31:44.719 D/SendBroadcastHandler(15597): mTimerTask sendMessage CONTACTS_INSERT 
02-25 21:31:44.719 D/SendBroadcastHandler(15597): (insert) sendBroadcast mInsertRawContacts:4
02-25 21:31:44.719 D/SendBroadcastHandler(15597): (insert) sendBroadcast mInsertName:4
02-25 21:31:44.719 D/SendBroadcastHandler(15597): (insert) sendBroadcast mInsertNameDetail:4
02-25 21:31:44.719 D/SendBroadcastHandler(15597): sendBroadcast insert to voice agent
02-25 21:31:44.799 D/SendBroadcastHandler(15597): startTimer() SEND_TO_CONTACTS_INSERT 
02-25 21:31:44.929 I/chromium(15377): [INFO:CONSOLE(70)] "WARNING: Message from backend doesn't have data.", source:  (70)
02-25 21:31:44.959 D/dalvikvm(15597): GC_EXPLICIT freed 735K, 13% free 7779K/8888K, paused 1ms+3ms, total 20ms
02-25 21:31:44.979 V/ActivityManager(  506): Remove bg service from mStartingBackground ,r=ServiceRecord{2201f178 u0 com.android.providers.calendar/.ContactsEventUpdateIntentService},r used time=58,left r count=3
02-25 21:31:45.189 W/BindingManager(15377): Cannot call determinedVisibility() - never saw a connection for the pid: 15377
02-25 21:31:45.619 D/AsusContactWigdetSync(15612): sync start
02-25 21:31:45.619 D/AsusContactWigdetSync(15612): sync selection = null
02-25 21:31:45.619 D/AsusContactWigdetSync(15612): sync delete selection = contact_id IN ( 461, 460, 459, 458)
02-25 21:31:45.629 D/AsusContactWigdetSync(15677): sync start
02-25 21:31:45.629 D/AsusContactWigdetSync(15677): sync selection = null
02-25 21:31:45.629 D/AsusContactWigdetSync(15677): sync delete selection = contact_id IN ( 461, 460, 459, 458)
02-25 21:31:45.629 D/AsusContactWigdetSync(15612): sync stop
02-25 21:31:45.629 V/ActivityManager(  506): Remove bg service from mStartingBackground ,r=ServiceRecord{2203fbb0 u0 com.asus.contacts/com.android.contacts.miniwidget.SyncService},r used time=1016,left r count=2
02-25 21:31:45.639 D/AsusContactWigdetSync(15677): sync stop
02-25 21:31:45.639 V/ActivityManager(  506): Remove bg service from mStartingBackground ,r=ServiceRecord{21f5c250 u0 com.asus.contactswidget/.SyncService},r used time=1021,left r count=1
02-25 21:31:45.829 I/chromium(15377): [INFO:CONSOLE(70)] "WARNING: Message from backend doesn't have data.", source:  (70)
02-25 21:31:45.829 I/chromium(15377): [INFO:CONSOLE(70)] "WARNING: Message from backend doesn't have data.", source:  (70)
02-25 21:31:45.979 I/CalendarProvider2(15653): Sending notification intent: Intent { act=android.intent.action.PROVIDER_CHANGED dat=content://com.android.calendar }
02-25 21:31:45.979 W/ContentResolver(15653): Failed to get type for: content://com.android.calendar (Unknown URL content://com.android.calendar)
02-25 21:31:45.989 D/AlertReceiver(15690): onReceive: a=android.intent.action.PROVIDER_CHANGED Intent { act=android.intent.action.PROVIDER_CHANGED dat=content://com.android.calendar flg=0x10 cmp=com.asus.calendar/com.android.calendar.alerts.AlertReceiver }
02-25 21:31:45.989 V/ActivityManager(  506): Remove bg service from mStartingBackground ,r=ServiceRecord{22018438 u0 com.android.providers.calendar/.EmptyService},r used time=1006,left r count=0
02-25 21:31:45.999 D/AlertService(15690): 0 Action = android.intent.action.PROVIDER_CHANGED
02-25 21:31:45.999 D/AlertService(15690): Beginning updateAlertNotification
02-25 21:31:46.029 D/AlertService(15690): No fired or scheduled alerts
02-25 21:31:46.029 D/BatteryStatsImpl(  506): noteStopWakeLocked com.asus.calendar isFromForeground = false
02-25 21:31:46.029 V/ActivityManager(  506): Remove bg service from mStartingBackground ,r=ServiceRecord{22012730 u0 com.asus.calendar/com.android.calendar.alerts.AlertService},r used time=40,left r count=0
02-25 21:31:46.169 W/BindingManager(15377): Cannot call determinedVisibility() - never saw a connection for the pid: 15377
02-25 21:31:46.219 I/chromium(15377): [INFO:CONSOLE(70)] "WARNING: Message from backend doesn't have data.", source:  (70)
02-25 21:31:46.529 D/SendBroadcastHandler(15597): mTimerTask sendMessage CONTACTS_UPDATE 
02-25 21:31:46.539 D/SendBroadcastHandler(15597): sendBroadcast update to voice agent
02-25 21:31:46.539 D/SendBroadcastHandler(15597): (update) sendBroadcast mUpdateRawContacts:0
02-25 21:31:46.539 D/SendBroadcastHandler(15597): (update) sendBroadcast mUpdateContacts:0
02-25 21:31:46.539 D/SendBroadcastHandler(15597): (update) sendBroadcast mUpdateName:1
02-25 21:31:46.539 D/SendBroadcastHandler(15597): (update) sendBroadcast mUpdateNameDetail:1
02-25 21:31:46.539 D/SendBroadcastHandler(15597): sendBroadcast CONTACTS_UPDATE
02-25 21:31:46.539 D/AsusContactWigdetSync(15612): ready to sync widget
02-25 21:31:46.579 D/dalvikvm(  506): GC_EXPLICIT freed 57K, 53% free 16753K/35148K, paused 1ms+3ms, total 43ms
02-25 21:31:46.589 D/AsusContactWigdetSync(15612): sync isdelete = false
02-25 21:31:46.599 D/AsusContactWigdetSync(15677): ready to sync widget
02-25 21:31:46.599 D/AsusContactWigdetSync(15677): sync isdelete = false
