02-25 18:06:38.509 I/WifiHW  (  506): REPLY: id=384
02-25 18:06:38.509 I/WifiHW  (  506): REPLY: bssid=00:0f:e2:0f:9f:c1
02-25 18:06:38.509 I/WifiHW  (  506): REPLY: freq=2462
02-25 18:06:38.509 I/WifiHW  (  506): REPLY: level=-73
02-25 18:06:38.509 I/WifiHW  (  506): REPLY: tsf=0000010639056490
02-25 18:06:38.509 I/WifiHW  (  506): REPLY: flags=[WPA-PSK-CCMP+TKIP][WPA2-PSK-CCMP+TKIP][ESS]
02-25 18:06:38.509 I/WifiHW  (  506): REPLY: ssid=321_WAN
02-25 18:06:38.509 I/WifiHW  (  506): REPLY: ====
02-25 18:06:38.509 I/WifiHW  (  506): REPLY: id=387
02-25 18:06:38.509 I/WifiHW  (  506): REPLY: bssid=98:fc:11:81:35:fb
02-25 18:06:38.509 I/WifiHW  (  506): REPLY: freq=2412
02-25 18:06:38.509 I/WifiHW  (  506): REPLY: level=-61
02-25 18:06:38.509 I/WifiHW  (  506): REPLY: tsf=0000010639056376
02-25 18:06:38.509 I/WifiHW  (  506): REPLY: flags=[WPS][ESS]
02-25 18:06:38.509 I/WifiHW  (  506): REPLY: ssid=E2000EE
02-25 18:06:38.509 I/WifiHW  (  506): REPLY: ====
02-25 18:06:38.509 I/WifiHW  (  506): REPLY: id=410
02-25 18:06:38.509 I/WifiHW  (  506): REPLY: bssid=e4:d3:32:c0:cf:a4
02-25 18:06:38.509 I/WifiHW  (  506): REPLY: freq=2437
02-25 18:06:38.509 I/WifiHW  (  506): REPLY: level=-67
02-25 18:06:38.509 I/WifiHW  (  506): REPLY: tsf=0000010639056446
02-25 18:06:38.509 I/WifiHW  (  506): REPLY: flags=[WPA2-PSK-CCMP][ESS]
02-25 18:06:38.509 I/WifiHW  (  506): REPLY: ssid=fast
02-25 18:06:38.509 I/WifiHW  (  506): REPLY: ====
02-25 18:06:38.509 I/WifiHW  (  506): REPLY: id=423
02-25 18:06:38.509 I/WifiHW  (  506): REPLY: bssid=02:1a:11:fc:8b:fc
02-25 18:06:38.509 I/WifiHW  (  506): REPLY: freq=2437
02-25 18:06:38.509 I/WifiHW  (  506): REPLY: level=-67
02-25 18:06:38.509 I/WifiHW  (  506): REPLY: tsf=0000010639056415
02-25 18:06:38.509 I/WifiHW  (  506): REPLY: flags=[WPA2-PSK-CCMP][ESS]
02-25 18:06:38.509 I/WifiHW  (  506): REPLY: ssid=love U forever
02-25 18:06:38.509 I/WifiHW  (  506): REPLY: ====
02-25 18:06:38.509 I/WifiHW  (  506): REPLY: id=428
02-25 18:06:38.509 I/WifiHW  (  506): REPLY: bssid=7a:24:af:24:0f:48
02-25 18:06:38.509 I/WifiHW  (  506): REPLY: freq=2412
02-25 18:06:38.509 I/WifiHW  (  506): REPLY: level=-79
02-25 18:06:38.509 I/WifiHW  (  506): REPLY: tsf=0000010639056520
02-25 18:06:38.509 I/WifiHW  (  506): REPLY: flags=[WEP]
02-25 18:06:38.509 I/WifiHW  (  506): REPLY: ssid=DIRECT-
02-25 18:06:38.509 I/WifiHW  (  506): REPLY: ====
02-25 18:06:38.509 I/WifiHW  (  506): REPLY: id=434
02-25 18:06:38.509 I/WifiHW  (  506): REPLY: bssid=e4:d3:32:dd:18:62
02-25 18:06:38.509 I/WifiHW  (  506): REPLY: freq=2437
02-25 18:06:38.509 I/WifiHW  (  506): REPLY: level=-77
02-25 18:06:38.509 I/WifiHW  (  506): REPLY: tsf=0000010597814905
02-25 18:06:38.509 I/WifiHW  (  506): REPLY: flags=[ESS]
02-25 18:06:38.509 I/WifiHW  (  506): REPLY: ssid=Internet
02-25 18:06:38.509 I/WifiHW  (  506): REPLY: ====
02-25 18:06:38.509 I/WifiHW  (  506): REPLY: id=435
02-25 18:06:38.509 I/WifiHW  (  506): REPLY: bssid=22:48:9a:ac:31:5b
02-25 18:06:38.509 I/WifiHW  (  506): REPLY: freq=2437
02-25 18:06:38.509 I/WifiHW  (  506): REPLY: level=-79
02-25 18:06:38.509 I/WifiHW  (  506): REPLY: tsf=0000010597814879
02-25 18:06:38.509 I/WifiHW  (  506): REPLY: flags=[WPA2-PSK-CCMP][ESS]
02-25 18:06:38.509 I/WifiHW  (  506): REPLY: ssid=dean1
02-25 18:06:38.509 I/WifiHW  (  506): REPLY: ====
02-25 18:06:38.509 I/WifiHW  (  506): REPLY: id=436
02-25 18:06:38.509 I/WifiHW  (  506): REPLY: bssid=c0:a0:bb:20:3b:84
02-25 18:06:38.509 I/WifiHW  (  506): REPLY: freq=2417
02-25 18:06:38.509 I/WifiHW  (  506): REPLY: level=-70
02-25 18:06:38.509 I/WifiHW  (  506): REPLY: tsf=0000010639056398
02-25 18:06:38.509 I/WifiHW  (  506): REPLY: flags=[WPA-PSK-CCMP+TKIP][WPA2-PSK-CCMP+TKIP][WPS][ESS]
02-25 18:06:38.509 I/WifiHW  (  506): REPLY: ssid=dlink-3B84
02-25 18:06:38.509 I/WifiHW  (  506): REPLY: ====
02-25 18:06:38.509 I/WifiHW  (  506): REPLY: id=441
02-25 18:06:38.509 I/WifiHW  (  506): REPLY: bssid=2c:b0:5d:7f:f4:24
02-25 18:06:38.509 I/WifiHW  (  506): REPLY: freq=2412
02-25 18:06:38.509 I/WifiHW  (  506): REPLY: level=-85
02-25 18:06:38.509 I/WifiHW  (  506): REPLY: tsf=0000010597814791
02-25 18:06:38.509 I/WifiHW  (  506): REPLY: flags=[WPA2-PSK-CCMP][WPS][ESS]
02-25 18:06:38.509 I/WifiHW  (  506): REPLY: ssid=NETGEAR38
02-25 18:06:38.509 I/WifiHW  (  506): REPLY: ====
02-25 18:06:38.509 I/WifiHW  (  506): REPLY: id=445
02-25 18:06:38.509 I/WifiHW  (  506): REPLY: bssid=cc:b2:55:e2:84:70
02-25 18:06:38.509 I/WifiHW  (  506): REPLY: freq=2447
02-25 18:06:38.509 I/WifiHW  (  506): REPLY: level=-71
02-25 18:06:38.509 I/WifiHW  (  506): REPLY: tsf=0000010639056476
02-25 18:06:38.509 I/WifiHW  (  506): REPLY: flags=[WPA-PSK-TKIP][WPA2-PSK-TKIP][ESS]
02-25 18:06:38.509 I/WifiHW  (  506): REPLY: ssid=DLINK_APK
02-25 18:06:38.509 I/WifiHW  (  506): REPLY: ====
02-25 18:06:38.509 I/WifiHW  (  506): REPLY: id=446
02-25 18:06:38.509 I/WifiHW  (  506): REPLY: bssid=e4:d3:32:db:f6:03
02-25 18:06:38.509 I/WifiHW  (  506): REPLY: freq=2437
02-25 18:06:38.509 I/WifiHW  (  506): REPLY: level=-78
02-25 18:06:38.509 I/WifiHW  (  506): REPLY: tsf=0000010597814896
02-25 18:06:38.509 I/WifiHW  (  506): REPLY: flags=[WPA-PSK-CCMP][ESS]
02-25 18:06:38.509 I/WifiHW  (  506): REPLY: ssid=adddda
02-25 18:06:38.509 I/WifiHW  (  506): REPLY: ====
02-25 18:06:38.509 I/WifiHW  (  506): REPLY: id=449
02-25 18:06:38.509 I/WifiHW  (  506): REPLY: bssid=00:25:86:5c:5e:30
02-25 18:06:38.509 I/WifiHW  (  506): REPLY: freq=2437
02-25 18:06:38.509 I/WifiHW  (  506): REPLY: level=-83
02-25 18:06:38.509 I/WifiHW  (  506): REPLY: tsf=0000010639056462
02-25 18:06:38.509 I/WifiHW  (  506): REPLY: flags=[ESS]
02-25 18:06:38.509 I/WifiHW  (  506): REPLY: ssid=internet
02-25 18:06:38.509 I/WifiHW  (  506): REPLY: ####
02-25 18:06:38.559 W/BindingManager( 7227): Cannot call determinedVisibility() - never saw a connection for the pid: 7227
02-25 18:06:39.269 W/BindingManager( 7227): Cannot call determinedVisibility() - never saw a connection for the pid: 7227
02-25 18:06:39.939 W/BindingManager( 7227): Cannot call determinedVisibility() - never saw a connection for the pid: 7227
02-25 18:06:40.589 W/BindingManager( 7227): Cannot call determinedVisibility() - never saw a connection for the pid: 7227
02-25 18:06:41.209 W/BindingManager( 7227): Cannot call determinedVisibility() - never saw a connection for the pid: 7227
02-25 18:06:41.859 W/BindingManager( 7227): Cannot call determinedVisibility() - never saw a connection for the pid: 7227
02-25 18:06:42.529 W/BindingManager( 7227): Cannot call determinedVisibility() - never saw a connection for the pid: 7227
02-25 18:06:43.179 W/BindingManager( 7227): Cannot call determinedVisibility() - never saw a connection for the pid: 7227
02-25 18:06:43.909 W/BindingManager( 7227): Cannot call determinedVisibility() - never saw a connection for the pid: 7227
02-25 18:06:44.539 W/BindingManager( 7227): Cannot call determinedVisibility() - never saw a connection for the pid: 7227
02-25 18:06:45.299 W/BindingManager( 7227): Cannot call determinedVisibility() - never saw a connection for the pid: 7227
02-25 18:06:45.919 W/BindingManager( 7227): Cannot call determinedVisibility() - never saw a connection for the pid: 7227
02-25 18:06:46.919 W/BindingManager( 7227): Cannot call determinedVisibility() - never saw a connection for the pid: 7227
02-25 18:06:47.669 W/BindingManager( 7227): Cannot call determinedVisibility() - never saw a connection for the pid: 7227
02-25 18:06:48.329 W/BindingManager( 7227): Cannot call determinedVisibility() - never saw a connection for the pid: 7227
02-25 18:06:48.989 W/BindingManager( 7227): Cannot call determinedVisibility() - never saw a connection for the pid: 7227
02-25 18:06:49.739 W/BindingManager( 7227): Cannot call determinedVisibility() - never saw a connection for the pid: 7227
02-25 18:06:50.399 W/BindingManager( 7227): Cannot call determinedVisibility() - never saw a connection for the pid: 7227
02-25 18:06:51.069 W/BindingManager( 7227): Cannot call determinedVisibility() - never saw a connection for the pid: 7227
02-25 18:06:51.719 W/BindingManager( 7227): Cannot call determinedVisibility() - never saw a connection for the pid: 7227
02-25 18:06:52.399 W/BindingManager( 7227): Cannot call determinedVisibility() - never saw a connection for the pid: 7227
02-25 18:06:53.039 W/BindingManager( 7227): Cannot call determinedVisibility() - never saw a connection for the pid: 7227
02-25 18:06:53.739 W/BindingManager( 7227): Cannot call determinedVisibility() - never saw a connection for the pid: 7227
02-25 18:06:54.419 W/BindingManager( 7227): Cannot call determinedVisibility() - never saw a connection for the pid: 7227
02-25 18:06:55.049 W/BindingManager( 7227): Cannot call determinedVisibility() - never saw a connection for the pid: 7227
02-25 18:06:55.119 D/EVENT_THREAD(  183): void CEventThread::run() POLLIN event on Fd (1)
02-25 18:06:55.119 D/EVENT_THREAD(  183): void CEventThread::run() Do poll with timeout: -1
02-25 18:06:55.119 D/EVENT_THREAD(  183): void CEventThread::run() POLLIN event on Fd (1)
02-25 18:06:55.119 D/EVENT_THREAD(  183): void CEventThread::run() Do poll with timeout: -1
02-25 18:06:55.119 I/upi_ug31xx(  166): (906) update_capacity
02-25 18:06:55.119 I/[UPI]   (  166): <UG31/E>[UpiReadCapacity]: V=3955(3950), T=314(317-376), I=-300, C=-3(-3-0)
02-25 18:06:55.119 I/[UPI]   (  166): <UG31/E>[UpiReadCapacity]: (0x0001254a) 2725 (2639) / 3822 (4026) = 71
02-25 18:06:55.119 I/[UPI]   (  166): <UG31/E>[UpiReadCapacity]: (0x0001254a) 2725 (2639) / 3822 (4026) = 71
02-25 18:06:55.119 I/[UPI]   (  166): <UG31/E>[UpiReadCapacity]: (0x0001254a) 2722 (2722) / 3822 (4026) = 71
02-25 18:06:55.119 I/[UPI]   (  166): <UG31/E>[RsocFilterCountTime]: (0x0001254a) Step=5(338890), Full=5(338890), Lock=338890(1800000)
02-25 18:06:55.119 I/[UPI]   (  166): <UG31/E>[UpiReadCapacity]: (0x0001254a) 2722 (2722) / 3822 (4026) = 71 (-300--300)
02-25 18:06:55.119 I/[UPI]   (  166): <UG31/E><BATT> M:normal, P:71(71-71)%, V:3950mV, C:-329mA, T:31.7C(376), S:0x0001254a(000), R:2722mAh, F:3822mAh, Q:-519mAh, CC:3, P:30.310(519-0)s, BO:7, 97:615:0-44af-9m:B001-20140514-144301 (16)
02-25 18:06:55.119 I/upi_ug31xx(  166): (907) backup_data 
02-25 18:06:55.119 V/upi_ug31xx(  166): state->check_backup_count = 17
02-25 18:06:55.759 W/BindingManager( 7227): Cannot call determinedVisibility() - never saw a connection for the pid: 7227
02-25 18:06:56.429 W/BindingManager( 7227): Cannot call determinedVisibility() - never saw a connection for the pid: 7227
02-25 18:06:56.479 E/chromium( 7227): [ERROR:sandbox_directory_database.cc(923)] Can't remove a directory with children.
02-25 18:06:57.119 W/BindingManager( 7227): Cannot call determinedVisibility() - never saw a connection for the pid: 7227
02-25 18:06:57.169 E/chromium( 7227): [ERROR:sandbox_directory_database.cc(923)] Can't remove a directory with children.
02-25 18:06:57.819 W/BindingManager( 7227): Cannot call determinedVisibility() - never saw a connection for the pid: 7227
02-25 18:06:58.449 W/BindingManager( 7227): Cannot call determinedVisibility() - never saw a connection for the pid: 7227
02-25 18:06:59.999 D/Clock   (  567): ACTION_TIME_TICK
02-25 18:06:59.999 D/Clock   (  567): update clock:下午6:07
02-25 18:07:00.019 D/BatteryStatsImpl(  506): noteStopWakeLocked system isFromForeground = false
02-25 18:07:00.159 W/ufoGralloc(  171): registerBuffer() handle 0xb9430d90/52 didn't require registration
02-25 18:07:00.179 D/CordovaActivity( 7227): Paused the application!
02-25 18:07:00.179 D/CordovaWebView( 7227): Handle the pause
02-25 18:07:00.189 D/WindowManager(  506): adjustConfigurationLw, config:{1.0 ?mcc?mnc ?locale ?layoutDir sw600dp w600dp h888dp 213dpi lrg port ?uimode ?night finger -keyb/v/h -nav/v} mLidState:1 mHasDockFeature:false mHasKeyboardFeature:false mHasHallSensorFeature:true config.hardKeyboardHidden:2
02-25 18:07:00.189 I/ActivityManager(  506): [TopPkgCurBat]	NowPkgName[testkit.stub]	Battery[71]	TimeTick[1424858820204]	OldPkgName[org.xwalk.webapi_noneservice_tests]
02-25 18:07:00.199 I/chromium( 7227): [INFO:CONSOLE(1)] "exception firing pause event from native", source:  (1)
02-25 18:07:00.239 V/AsusPhoneStatusBar(  567): setLightsOn(true)
02-25 18:07:00.259 D/BatteryStatsImpl(  506): noteStopWakeLocked system isFromForeground = false
02-25 18:07:00.259 D/XT9IME  ( 6145): new subtype :zh_CN ,pinyin
02-25 18:07:00.279 D/        ( 7227): Surface destroy: ANDROID_NATIVE_WINDOW_MAGIC
02-25 18:07:00.279 D/        ( 7227): Surface destroy: ANDROID_NATIVE_WINDOW_MAGIC
02-25 18:07:00.279 W/IInputConnectionWrapper( 7227): showStatusIcon on inactive InputConnection
02-25 18:07:00.989 I/ActivityManager(  506): Killing 7078:com.android.externalstorage/u0a14 (adj 15): empty #9
02-25 18:07:00.999 D/        ( 7227): Pixel Format : GGL_PIXEL_FORMAT_RGBA_8888
02-25 18:07:01.009 W/SurfaceFlinger(  171): couldn't log to binary event log: overflow.
02-25 18:07:01.009 D/CordovaActivity( 7227): CordovaActivity.onDestroy()
02-25 18:07:01.009 D/CordovaWebView( 7227): >>> loadUrlNow()
02-25 18:07:01.009 I/SecurityManagerService(  680): SMS received security event: App[STOP/com.android.externalstorage]
02-25 18:07:01.009 W/ScreenOrientationListener( 7227): Removing an inexistent observer!
02-25 18:07:01.609 D/AndroidRuntime( 7970): 
02-25 18:07:01.609 D/AndroidRuntime( 7970): >>>>>> AndroidRuntime START com.android.internal.os.RuntimeInit <<<<<<
02-25 18:07:01.619 D/AndroidRuntime( 7970): CheckJNI is OFF
02-25 18:07:01.619 I/AndroidRuntime( 7970): Kernel Release Version: 3.10.20-gf818079
02-25 18:07:01.619 I/dalvikvm( 7970): No library specified. The standard exception handler will be used
02-25 18:07:01.629 I/dalvikvm( 7970): 
02-25 18:07:01.629 I/dalvikvm( 7970): +++++++++++++ Using PCG. +++++++++++++++++++++
02-25 18:07:01.639 D/dalvikvm( 7970): Trying to load lib libjavacore.so 0x0
02-25 18:07:01.649 D/dalvikvm( 7970): Added shared lib libjavacore.so 0x0
02-25 18:07:01.649 D/dalvikvm( 7970): Trying to load lib libnativehelper.so 0x0
02-25 18:07:01.649 D/dalvikvm( 7970): Added shared lib libnativehelper.so 0x0
02-25 18:07:01.649 D/dalvikvm( 7970): No JNI_OnLoad found in libnativehelper.so 0x0, skipping init
02-25 18:07:01.649 D/dalvikvm( 7970): Extra Options: not specified
02-25 18:07:01.669 D/dalvikvm( 7970): Note: class Landroid/app/ActivityManagerNative; has 186 unimplemented (abstract) methods
02-25 18:07:01.749 E/memtrack( 7970): Couldn't load memtrack module (No such file or directory)
02-25 18:07:01.749 E/android.os.Debug( 7970): failed to load memtrack module: -2
02-25 18:07:01.789 D/AndroidRuntime( 7970): Calling main entry com.android.commands.am.Am
02-25 18:07:01.819 I/ActivityManager(  506): Force stopping org.xwalk.webapi_noneservice_tests appid=10301 user=0: from pid 7970
02-25 18:07:01.819 I/SecurityManagerService(  680): SMS received security event: App[STOP/org.xwalk.webapi_noneservice_tests]
02-25 18:07:01.819 D/AndroidRuntime( 7970): Shutting down VM
02-25 18:07:01.819 D/dalvikvm( 7970): GC_CONCURRENT freed 112K, 16% free 666K/792K, paused 0ms+0ms, total 1ms
02-25 18:07:01.819 I/ActivityManager(  506): Killing 7227:org.xwalk.webapi_noneservice_tests/u0a301 (adj 9): stop org.xwalk.webapi_noneservice_tests
02-25 18:07:01.829 D/dalvikvm( 7970): Compiler shutdown in progress - discarding request
02-25 18:07:01.829 D/dalvikvm( 7970): Compiler shutdown in progress - discarding request
02-25 18:07:01.829 D/dalvikvm( 7970): Compiler shutdown in progress - discarding request
02-25 18:07:01.829 D/dalvikvm( 7970): Compiler shutdown in progress - discarding request
02-25 18:07:01.829 D/dalvikvm( 7970): Compiler shutdown in progress - discarding request
02-25 18:07:01.829 D/dalvikvm( 7970): Compiler shutdown in progress - discarding request
02-25 18:07:01.829 D/dalvikvm( 7970): Compiler shutdown in progress - discarding request
02-25 18:07:01.829 D/dalvikvm( 7970): Compiler shutdown in progress - discarding request
02-25 18:07:01.829 D/dalvikvm( 7970): Compiler shutdown in progress - discarding request
02-25 18:07:01.829 D/dalvikvm( 7970): Compiler shutdown in progress - discarding request
02-25 18:07:01.829 D/dalvikvm( 7970): Compiler shutdown in progress - discarding request
02-25 18:07:01.829 D/dalvikvm( 7970): Compiler shutdown in progress - discarding request
02-25 18:07:01.829 D/dalvikvm( 7970): Compiler shutdown in progress - discarding request
02-25 18:07:01.829 D/dalvikvm( 7970): Compiler shutdown in progress - discarding request
02-25 18:07:01.829 D/dalvikvm( 7970): Compiler shutdown in progress - discarding request
02-25 18:07:01.829 D/dalvikvm( 7970): Compiler shutdown in progress - discarding request
02-25 18:07:01.829 D/dalvikvm( 7970): Compiler shutdown in progress - discarding request
02-25 18:07:01.829 D/dalvikvm( 7970): Compiler shutdown in progress - discarding request
02-25 18:07:01.829 D/dalvikvm( 7970): Compiler shutdown in progress - discarding request
02-25 18:07:01.829 D/dalvikvm( 7970): Compiler shutdown in progress - discarding request
02-25 18:07:01.829 D/dalvikvm( 7970): Compiler shutdown in progress - discarding request
02-25 18:07:01.829 D/dalvikvm( 7970): Compiler shutdown in progress - discarding request
02-25 18:07:01.829 D/dalvikvm( 7970): Compiler shutdown in progress - discarding request
02-25 18:07:01.829 D/dalvikvm( 7970): Compiler shutdown in progress - discarding request
02-25 18:07:01.829 D/dalvikvm( 7970): Compiler shutdown in progress - discarding request
02-25 18:07:01.829 D/dalvikvm( 7970): Compiler shutdown in progress - discarding request
02-25 18:07:01.829 D/dalvikvm( 7970): Compiler shutdown in progress - discarding request
02-25 18:07:01.829 D/dalvikvm( 7970): Compiler shutdown in progress - discarding request
02-25 18:07:01.829 D/dalvikvm( 7970): Compiler shutdown in progress - discarding request
02-25 18:07:01.829 D/dalvikvm( 7970): Compiler shutdown in progress - discarding request
02-25 18:07:01.829 D/dalvikvm( 7970): Compiler shutdown in progress - discarding request
02-25 18:07:01.829 D/dalvikvm( 7970): Compiler shutdown in progress - discarding request
02-25 18:07:01.829 D/dalvikvm( 7970): Compiler shutdown in progress - discarding request
02-25 18:07:01.829 D/dalvikvm( 7970): Compiler shutdown in progress - discarding request
02-25 18:07:01.829 D/dalvikvm( 7970): Compiler shutdown in progress - discarding request
02-25 18:07:01.829 D/dalvikvm( 7970): Compiler shutdown in progress - discarding request
02-25 18:07:01.829 D/dalvikvm( 7970): Compiler shutdown in progress - discarding request
02-25 18:07:01.829 D/dalvikvm( 7970): Compiler shutdown in progress - discarding request
02-25 18:07:01.829 D/dalvikvm( 7970): Compiler shutdown in progress - discarding request
02-25 18:07:01.829 D/dalvikvm( 7970): Compiler shutdown in progress - discarding request
02-25 18:07:01.829 D/dalvikvm( 7970): Compiler shutdown in progress - discarding request
02-25 18:07:01.829 D/dalvikvm( 7970): Compiler shutdown in progress - discarding request
02-25 18:07:01.829 D/dalvikvm( 7970): Compiler shutdown in progress - discarding request
02-25 18:07:01.829 D/dalvikvm( 7970): Compiler shutdown in progress - discarding request
02-25 18:07:01.829 D/dalvikvm( 7970): Compiler shutdown in progress - discarding request
02-25 18:07:01.829 D/dalvikvm( 7970): Compiler shutdown in progress - discarding request
02-25 18:07:01.829 D/dalvikvm( 7970): Compiler shutdown in progress - discarding request
02-25 18:07:01.829 D/dalvikvm( 7970): Compiler shutdown in progress - discarding request
02-25 18:07:01.829 D/dalvikvm( 7970): Compiler shutdown in progress - discarding request
02-25 18:07:01.829 D/dalvikvm( 7970): Compiler shutdown in progress - discarding request
02-25 18:07:01.829 D/dalvikvm( 7970): Compiler shutdown in progress - discarding request
--------- beginning of /dev/log/main
02-25 18:07:49.659 D/AndroidRuntime( 7996): 
02-25 18:07:49.659 D/AndroidRuntime( 7996): >>>>>> AndroidRuntime START com.android.internal.os.RuntimeInit <<<<<<
02-25 18:07:49.659 D/AndroidRuntime( 7996): CheckJNI is OFF
02-25 18:07:49.659 I/AndroidRuntime( 7996): Kernel Release Version: 3.10.20-gf818079
02-25 18:07:49.659 I/dalvikvm( 7996): No library specified. The standard exception handler will be used
02-25 18:07:49.659 I/dalvikvm( 7996): 
02-25 18:07:49.659 I/dalvikvm( 7996): +++++++++++++ Using PCG. +++++++++++++++++++++
02-25 18:07:49.669 D/dalvikvm( 7996): Trying to load lib libjavacore.so 0x0
02-25 18:07:49.669 D/dalvikvm( 7996): Added shared lib libjavacore.so 0x0
02-25 18:07:49.679 D/dalvikvm( 7996): Trying to load lib libnativehelper.so 0x0
02-25 18:07:49.679 D/dalvikvm( 7996): Added shared lib libnativehelper.so 0x0
02-25 18:07:49.679 D/dalvikvm( 7996): No JNI_OnLoad found in libnativehelper.so 0x0, skipping init
02-25 18:07:49.679 D/dalvikvm( 7996): Extra Options: not specified
02-25 18:07:49.689 D/dalvikvm( 7996): Note: class Landroid/app/ActivityManagerNative; has 186 unimplemented (abstract) methods
02-25 18:07:49.769 E/memtrack( 7996): Couldn't load memtrack module (No such file or directory)
02-25 18:07:49.769 E/android.os.Debug( 7996): failed to load memtrack module: -2
02-25 18:07:49.809 D/AndroidRuntime( 7996): Calling main entry com.android.commands.am.Am
02-25 18:07:49.839 D/AndroidRuntime( 7996): Shutting down VM
02-25 18:07:49.839 D/dalvikvm( 7996): GC_CONCURRENT freed 108K, 16% free 638K/760K, paused 0ms+0ms, total 1ms
--------- beginning of /dev/log/system
02-25 18:07:49.839 I/ActivityManager(  506): Force stopping org.xwalk.webapi_noneservice_tests appid=10301 user=0: from pid 7996
02-25 18:07:49.849 D/dalvikvm( 7996): Compiler shutdown in progress - discarding request
02-25 18:07:49.849 D/dalvikvm( 7996): Compiler shutdown in progress - discarding request
02-25 18:07:49.849 D/dalvikvm( 7996): Compiler shutdown in progress - discarding request
02-25 18:07:49.849 D/dalvikvm( 7996): Compiler shutdown in progress - discarding request
02-25 18:07:49.849 D/dalvikvm( 7996): Compiler shutdown in progress - discarding request
02-25 18:07:49.849 D/dalvikvm( 7996): Compiler shutdown in progress - discarding request
02-25 18:07:49.849 D/dalvikvm( 7996): Compiler shutdown in progress - discarding request
02-25 18:07:49.849 D/dalvikvm( 7996): Compiler shutdown in progress - discarding request
02-25 18:07:49.849 D/dalvikvm( 7996): Compiler shutdown in progress - discarding request
02-25 18:07:49.849 D/dalvikvm( 7996): Compiler shutdown in progress - discarding request
02-25 18:07:49.849 D/dalvikvm( 7996): Compiler shutdown in progress - discarding request
02-25 18:07:49.849 D/dalvikvm( 7996): Compiler shutdown in progress - discarding request
02-25 18:07:49.849 D/dalvikvm( 7996): Compiler shutdown in progress - discarding request
02-25 18:07:49.849 D/dalvikvm( 7996): Compiler shutdown in progress - discarding request
02-25 18:07:49.849 D/dalvikvm( 7996): Compiler shutdown in progress - discarding request
02-25 18:07:49.849 D/dalvikvm( 7996): Compiler shutdown in progress - discarding request
02-25 18:07:49.849 D/dalvikvm( 7996): Compiler shutdown in progress - discarding request
02-25 18:07:49.849 D/dalvikvm( 7996): Compiler shutdown in progress - discarding request
02-25 18:07:49.849 D/dalvikvm( 7996): Compiler shutdown in progress - discarding request
02-25 18:07:49.849 D/dalvikvm( 7996): Compiler shutdown in progress - discarding request
02-25 18:07:49.849 D/dalvikvm( 7996): Compiler shutdown in progress - discarding request
02-25 18:07:49.849 D/dalvikvm( 7996): Compiler shutdown in progress - discarding request
02-25 18:07:49.849 D/dalvikvm( 7996): Compiler shutdown in progress - discarding request
02-25 18:07:49.849 D/dalvikvm( 7996): Compiler shutdown in progress - discarding request
02-25 18:07:49.849 D/dalvikvm( 7996): Compiler shutdown in progress - discarding request
02-25 18:07:49.849 D/dalvikvm( 7996): Compiler shutdown in progress - discarding request
02-25 18:07:49.849 D/dalvikvm( 7996): Compiler shutdown in progress - discarding request
02-25 18:07:49.849 D/dalvikvm( 7996): Compiler shutdown in progress - discarding request
02-25 18:07:49.849 D/dalvikvm( 7996): Compiler shutdown in progress - discarding request
02-25 18:07:49.849 D/dalvikvm( 7996): Compiler shutdown in progress - discarding request
02-25 18:07:49.849 D/dalvikvm( 7996): Compiler shutdown in progress - discarding request
02-25 18:07:49.849 D/dalvikvm( 7996): Compiler shutdown in progress - discarding request
02-25 18:07:49.849 D/dalvikvm( 7996): Compiler shutdown in progress - discarding request
02-25 18:07:49.849 D/dalvikvm( 7996): Compiler shutdown in progress - discarding request
02-25 18:07:49.849 D/dalvikvm( 7996): Compiler shutdown in progress - discarding request
02-25 18:07:49.849 D/dalvikvm( 7996): Compiler shutdown in progress - discarding request
02-25 18:07:49.849 D/dalvikvm( 7996): Compiler shutdown in progress - discarding request
02-25 18:07:49.849 D/dalvikvm( 7996): Compiler shutdown in progress - discarding request
02-25 18:07:49.849 D/dalvikvm( 7996): Compiler shutdown in progress - discarding request
02-25 18:07:49.849 D/dalvikvm( 7996): Compiler shutdown in progress - discarding request
02-25 18:07:49.849 D/dalvikvm( 7996): Compiler shutdown in progress - discarding request
02-25 18:07:49.849 D/dalvikvm( 7996): Compiler shutdown in progress - discarding request
02-25 18:07:49.849 D/dalvikvm( 7996): Compiler shutdown in progress - discarding request
02-25 18:07:49.849 D/dalvikvm( 7996): Compiler shutdown in progress - discarding request
02-25 18:07:49.849 D/dalvikvm( 7996): Compiler shutdown in progress - discarding request
02-25 18:07:49.849 D/dalvikvm( 7996): Compiler shutdown in progress - discarding request
02-25 18:07:49.849 D/dalvikvm( 7996): Compiler shutdown in progress - discarding request
02-25 18:07:49.849 D/dalvikvm( 7996): Compiler shutdown in progress - discarding request
02-25 18:07:50.309 D/AndroidRuntime( 8007): 
02-25 18:07:50.309 D/AndroidRuntime( 8007): >>>>>> AndroidRuntime START com.android.internal.os.RuntimeInit <<<<<<
02-25 18:07:50.309 D/AndroidRuntime( 8007): CheckJNI is OFF
02-25 18:07:50.309 I/AndroidRuntime( 8007): Kernel Release Version: 3.10.20-gf818079
02-25 18:07:50.309 I/dalvikvm( 8007): No library specified. The standard exception handler will be used
02-25 18:07:50.309 I/dalvikvm( 8007): 
02-25 18:07:50.309 I/dalvikvm( 8007): +++++++++++++ Using PCG. +++++++++++++++++++++
02-25 18:07:50.319 D/dalvikvm( 8007): Trying to load lib libjavacore.so 0x0
02-25 18:07:50.319 D/dalvikvm( 8007): Added shared lib libjavacore.so 0x0
02-25 18:07:50.329 D/dalvikvm( 8007): Trying to load lib libnativehelper.so 0x0
02-25 18:07:50.329 D/dalvikvm( 8007): Added shared lib libnativehelper.so 0x0
02-25 18:07:50.329 D/dalvikvm( 8007): No JNI_OnLoad found in libnativehelper.so 0x0, skipping init
02-25 18:07:50.329 D/dalvikvm( 8007): Extra Options: not specified
02-25 18:07:50.339 D/dalvikvm( 8007): Note: class Landroid/app/ActivityManagerNative; has 186 unimplemented (abstract) methods
02-25 18:07:50.409 E/memtrack( 8007): Couldn't load memtrack module (No such file or directory)
02-25 18:07:50.409 E/android.os.Debug( 8007): failed to load memtrack module: -2
02-25 18:07:50.449 D/AndroidRuntime( 8007): Calling main entry com.android.commands.am.Am
02-25 18:07:50.489 D/AndroidRuntime( 8007): Shutting down VM
02-25 18:07:50.489 D/dalvikvm( 8007): GC_CONCURRENT freed 117K, 16% free 702K/832K, paused 0ms+0ms, total 1ms
02-25 18:07:50.489 I/ActivityManager(  506): START u0 {flg=0x10000000 cmp=org.xwalk.webapi_noneservice_tests/.webapi_noneservice_testsActivity} from pid 8007
02-25 18:07:50.499 D/dalvikvm( 8007): Compiler shutdown in progress - discarding request
02-25 18:07:50.499 D/dalvikvm( 8007): Compiler shutdown in progress - discarding request
02-25 18:07:50.499 D/dalvikvm( 8007): Compiler shutdown in progress - discarding request
02-25 18:07:50.499 D/dalvikvm( 8007): Compiler shutdown in progress - discarding request
02-25 18:07:50.499 D/dalvikvm( 8007): Compiler shutdown in progress - discarding request
02-25 18:07:50.499 D/dalvikvm( 8007): Compiler shutdown in progress - discarding request
02-25 18:07:50.499 D/dalvikvm( 8007): Compiler shutdown in progress - discarding request
02-25 18:07:50.499 D/dalvikvm( 8007): Compiler shutdown in progress - discarding request
02-25 18:07:50.499 D/dalvikvm( 8007): Compiler shutdown in progress - discarding request
02-25 18:07:50.499 D/dalvikvm( 8007): Compiler shutdown in progress - discarding request
02-25 18:07:50.499 D/dalvikvm( 8007): Compiler shutdown in progress - discarding request
02-25 18:07:50.499 D/dalvikvm( 8007): Compiler shutdown in progress - discarding request
02-25 18:07:50.499 D/dalvikvm( 8007): Compiler shutdown in progress - discarding request
02-25 18:07:50.499 D/dalvikvm( 8007): Compiler shutdown in progress - discarding request
02-25 18:07:50.499 D/dalvikvm( 8007): Compiler shutdown in progress - discarding request
02-25 18:07:50.499 D/dalvikvm( 8007): Compiler shutdown in progress - discarding request
02-25 18:07:50.499 D/dalvikvm( 8007): Compiler shutdown in progress - discarding request
02-25 18:07:50.499 D/dalvikvm( 8007): Compiler shutdown in progress - discarding request
02-25 18:07:50.499 D/dalvikvm( 8007): Compiler shutdown in progress - discarding request
02-25 18:07:50.499 D/dalvikvm( 8007): Compiler shutdown in progress - discarding request
02-25 18:07:50.499 D/dalvikvm( 8007): Compiler shutdown in progress - discarding request
02-25 18:07:50.499 D/dalvikvm( 8007): Compiler shutdown in progress - discarding request
02-25 18:07:50.499 D/dalvikvm( 8007): Compiler shutdown in progress - discarding request
02-25 18:07:50.499 D/dalvikvm( 8007): Compiler shutdown in progress - discarding request
02-25 18:07:50.499 D/dalvikvm( 8007): Compiler shutdown in progress - discarding request
02-25 18:07:50.499 D/dalvikvm( 8007): Compiler shutdown in progress - discarding request
02-25 18:07:50.499 D/dalvikvm( 8007): Compiler shutdown in progress - discarding request
02-25 18:07:50.499 D/dalvikvm( 8007): Compiler shutdown in progress - discarding request
02-25 18:07:50.499 D/dalvikvm( 8007): Compiler shutdown in progress - discarding request
02-25 18:07:50.499 D/dalvikvm( 8007): Compiler shutdown in progress - discarding request
02-25 18:07:50.499 D/dalvikvm( 8007): Compiler shutdown in progress - discarding request
02-25 18:07:50.499 D/dalvikvm( 8007): Compiler shutdown in progress - discarding request
02-25 18:07:50.499 D/dalvikvm( 8007): Compiler shutdown in progress - discarding request
02-25 18:07:50.499 D/dalvikvm( 8007): Compiler shutdown in progress - discarding request
02-25 18:07:50.499 D/dalvikvm( 8007): Compiler shutdown in progress - discarding request
02-25 18:07:50.499 D/dalvikvm( 8007): Compiler shutdown in progress - discarding request
02-25 18:07:50.499 D/dalvikvm( 8007): Compiler shutdown in progress - discarding request
02-25 18:07:50.499 D/dalvikvm( 8007): Compiler shutdown in progress - discarding request
02-25 18:07:50.499 D/dalvikvm( 8007): Compiler shutdown in progress - discarding request
02-25 18:07:50.499 D/dalvikvm( 8007): Compiler shutdown in progress - discarding request
02-25 18:07:50.499 D/dalvikvm( 8007): Compiler shutdown in progress - discarding request
02-25 18:07:50.499 D/dalvikvm( 8007): Compiler shutdown in progress - discarding request
02-25 18:07:50.499 D/dalvikvm( 8007): Compiler shutdown in progress - discarding request
02-25 18:07:50.499 D/dalvikvm( 8007): Compiler shutdown in progress - discarding request
02-25 18:07:50.499 D/dalvikvm( 8007): Compiler shutdown in progress - discarding request
02-25 18:07:50.499 D/dalvikvm( 8007): Compiler shutdown in progress - discarding request
02-25 18:07:50.499 D/dalvikvm( 8007): Compiler shutdown in progress - discarding request
02-25 18:07:50.499 D/dalvikvm( 8007): Compiler shutdown in progress - discarding request
02-25 18:07:50.499 D/dalvikvm( 8007): Compiler shutdown in progress - discarding request
02-25 18:07:50.499 D/dalvikvm( 8007): Compiler shutdown in progress - discarding request
02-25 18:07:50.499 D/dalvikvm( 8007): Compiler shutdown in progress - discarding request
02-25 18:07:50.499 D/dalvikvm( 8007): Compiler shutdown in progress - discarding request
02-25 18:07:51.119 D/AndroidRuntime( 8018): 
02-25 18:07:51.119 D/AndroidRuntime( 8018): >>>>>> AndroidRuntime START com.android.internal.os.RuntimeInit <<<<<<
02-25 18:07:51.119 D/AndroidRuntime( 8018): CheckJNI is OFF
02-25 18:07:51.119 I/AndroidRuntime( 8018): Kernel Release Version: 3.10.20-gf818079
02-25 18:07:51.119 I/dalvikvm( 8018): No library specified. The standard exception handler will be used
02-25 18:07:51.119 I/dalvikvm( 8018): 
02-25 18:07:51.119 I/dalvikvm( 8018): +++++++++++++ Using PCG. +++++++++++++++++++++
02-25 18:07:51.129 D/dalvikvm( 8018): Trying to load lib libjavacore.so 0x0
02-25 18:07:51.129 D/dalvikvm( 8018): Added shared lib libjavacore.so 0x0
02-25 18:07:51.129 D/dalvikvm( 8018): Trying to load lib libnativehelper.so 0x0
02-25 18:07:51.129 D/dalvikvm( 8018): Added shared lib libnativehelper.so 0x0
02-25 18:07:51.129 D/dalvikvm( 8018): No JNI_OnLoad found in libnativehelper.so 0x0, skipping init
02-25 18:07:51.139 D/dalvikvm( 8018): Extra Options: not specified
02-25 18:07:51.149 D/dalvikvm( 8018): Note: class Landroid/app/ActivityManagerNative; has 186 unimplemented (abstract) methods
02-25 18:07:51.219 E/memtrack( 8018): Couldn't load memtrack module (No such file or directory)
02-25 18:07:51.219 E/android.os.Debug( 8018): failed to load memtrack module: -2
02-25 18:07:51.259 D/AndroidRuntime( 8018): Calling main entry com.android.commands.am.Am
02-25 18:07:51.289 W/ufoGralloc(  171): registerBuffer() handle 0xb9379340/3 didn't require registration
02-25 18:07:51.289 I/ActivityManager(  506): START u0 {flg=0x10000000 cmp=org.xwalk.webapi_noneservice_tests/.webapi_noneservice_tests} from pid 8018
02-25 18:07:51.299 D/AndroidRuntime( 8018): Shutting down VM
02-25 18:07:51.299 I/SecurityManagerService(  680): SMS received security event: App[START/org.xwalk.webapi_noneservice_tests]
02-25 18:07:51.299 D/dalvikvm( 8018): GC_CONCURRENT freed 114K, 16% free 701K/832K, paused 0ms+1ms, total 1ms
02-25 18:07:51.299 D/dalvikvm( 8018): Compiler shutdown in progress - discarding request
02-25 18:07:51.299 D/dalvikvm( 8018): Compiler shutdown in progress - discarding request
02-25 18:07:51.299 D/dalvikvm( 8018): Compiler shutdown in progress - discarding request
02-25 18:07:51.299 D/dalvikvm( 8018): Compiler shutdown in progress - discarding request
02-25 18:07:51.299 D/dalvikvm( 8018): Compiler shutdown in progress - discarding request
02-25 18:07:51.299 D/dalvikvm( 8018): Compiler shutdown in progress - discarding request
02-25 18:07:51.299 D/dalvikvm( 8018): Compiler shutdown in progress - discarding request
02-25 18:07:51.299 D/dalvikvm( 8018): Compiler shutdown in progress - discarding request
02-25 18:07:51.299 D/dalvikvm( 8018): Compiler shutdown in progress - discarding request
02-25 18:07:51.299 D/dalvikvm( 8018): Compiler shutdown in progress - discarding request
02-25 18:07:51.299 D/dalvikvm( 8018): Compiler shutdown in progress - discarding request
02-25 18:07:51.299 D/dalvikvm( 8018): Compiler shutdown in progress - discarding request
02-25 18:07:51.299 D/dalvikvm( 8018): Compiler shutdown in progress - discarding request
02-25 18:07:51.299 D/dalvikvm( 8018): Compiler shutdown in progress - discarding request
02-25 18:07:51.299 D/dalvikvm( 8018): Compiler shutdown in progress - discarding request
02-25 18:07:51.299 D/dalvikvm( 8018): Compiler shutdown in progress - discarding request
02-25 18:07:51.299 D/dalvikvm( 8018): Compiler shutdown in progress - discarding request
02-25 18:07:51.299 D/dalvikvm( 8018): Compiler shutdown in progress - discarding request
02-25 18:07:51.299 D/dalvikvm( 8018): Compiler shutdown in progress - discarding request
02-25 18:07:51.299 D/dalvikvm( 8018): Compiler shutdown in progress - discarding request
02-25 18:07:51.299 D/dalvikvm( 8018): Compiler shutdown in progress - discarding request
02-25 18:07:51.299 D/dalvikvm( 8018): Compiler shutdown in progress - discarding request
02-25 18:07:51.299 D/dalvikvm( 8018): Compiler shutdown in progress - discarding request
02-25 18:07:51.299 D/dalvikvm( 8018): Compiler shutdown in progress - discarding request
02-25 18:07:51.299 D/dalvikvm( 8018): Compiler shutdown in progress - discarding request
02-25 18:07:51.299 D/dalvikvm( 8018): Compiler shutdown in progress - discarding request
02-25 18:07:51.299 D/dalvikvm( 8018): Compiler shutdown in progress - discarding request
02-25 18:07:51.299 D/dalvikvm( 8018): Compiler shutdown in progress - discarding request
02-25 18:07:51.299 D/dalvikvm( 8018): Compiler shutdown in progress - discarding request
02-25 18:07:51.299 D/dalvikvm( 8018): Compiler shutdown in progress - discarding request
02-25 18:07:51.299 D/dalvikvm( 8018): Compiler shutdown in progress - discarding request
02-25 18:07:51.299 D/dalvikvm( 8018): Compiler shutdown in progress - discarding request
02-25 18:07:51.299 D/dalvikvm( 8018): Compiler shutdown in progress - discarding request
02-25 18:07:51.299 D/dalvikvm( 8018): Compiler shutdown in progress - discarding request
02-25 18:07:51.299 D/dalvikvm( 8018): Compiler shutdown in progress - discarding request
02-25 18:07:51.299 D/dalvikvm( 8018): Compiler shutdown in progress - discarding request
02-25 18:07:51.299 D/dalvikvm( 8018): Compiler shutdown in progress - discarding request
02-25 18:07:51.299 D/dalvikvm( 8018): Compiler shutdown in progress - discarding request
02-25 18:07:51.309 D/dalvikvm( 8018): Compiler shutdown in progress - discarding request
02-25 18:07:51.309 D/dalvikvm( 8018): Compiler shutdown in progress - discarding request
02-25 18:07:51.309 D/dalvikvm( 8018): Compiler shutdown in progress - discarding request
02-25 18:07:51.309 D/dalvikvm( 8018): Compiler shutdown in progress - discarding request
02-25 18:07:51.309 D/dalvikvm( 8029): Late-enabling CheckJNI
02-25 18:07:51.309 D/dalvikvm( 8029): Try to disable coredump for pid 8029
02-25 18:07:51.309 D/dalvikvm( 8029): Process 8029 nice name: org.xwalk.webapi_noneservice_tests
02-25 18:07:51.309 D/dalvikvm( 8029): Extra Options: not specified
02-25 18:07:51.309 I/ActivityManager(  506): Start proc org.xwalk.webapi_noneservice_tests for activity org.xwalk.webapi_noneservice_tests/.webapi_noneservice_tests: pid=8029 uid=10301 gids={50301, 3003, 1028, 1015}
02-25 18:07:51.319 D/WindowManager(  506): adjustConfigurationLw, config:{1.0 ?mcc?mnc ?locale ?layoutDir sw600dp w600dp h888dp 213dpi lrg port ?uimode ?night finger -keyb/v/h -nav/v} mLidState:1 mHasDockFeature:false mHasKeyboardFeature:false mHasHallSensorFeature:true config.hardKeyboardHidden:2
02-25 18:07:51.319 I/ActivityManager(  506): [TopPkgCurBat]	NowPkgName[org.xwalk.webapi_noneservice_tests]	Battery[71]	TimeTick[1424858871336]	OldPkgName[testkit.stub]
02-25 18:07:51.359 I/CordovaLog( 8029): Changing log level to DEBUG(3)
02-25 18:07:51.359 D/CordovaActivity( 8029): CordovaActivity.init()
02-25 18:07:51.359 D/dalvikvm( 8029): Trying to load lib /data/app-lib/org.xwalk.webapi_noneservice_tests-1/libxwalkcore.so 0x43d81880
02-25 18:07:51.379 D/dalvikvm( 8029): Added shared lib /data/app-lib/org.xwalk.webapi_noneservice_tests-1/libxwalkcore.so 0x43d81880
02-25 18:07:51.379 I/LibraryLoader( 8029): Time to load native libraries: 25 ms (timestamps 1923-1948)
02-25 18:07:51.379 I/LibraryLoader( 8029): Expected native library version number "",actual native library version number ""
02-25 18:07:51.409 I/LibraryLoader( 8029): Expected native library version number "",actual native library version number ""
02-25 18:07:51.409 I/chromium( 8029): [INFO:library_loader_hooks.cc(112)] Chromium logging enabled: level = 0, default verbosity = 0
02-25 18:07:51.419 I/BrowserStartupController( 8029): Initializing chromium process, singleProcess=true
02-25 18:07:51.839 W/chromium( 8029): [WARNING:dns_config_service_posix.cc(293)] Failed to read DnsConfig.
02-25 18:07:51.839 W/AudioManagerAndroid( 8029): Requires BLUETOOTH permission
02-25 18:07:51.849 I/ufoGralloc( 8029): Hello, this is UFO GRALLOC/Intel Corporation
02-25 18:07:51.859 D/        ( 8029): Pixel Format : GGL_PIXEL_FORMAT_RGBA_8888
02-25 18:07:51.859 D/        ( 8029): droid_create_context : config id = 1 conf->NativeVisualID=1
02-25 18:07:51.859 D/        ( 8029): Pixel Format : GGL_PIXEL_FORMAT_RGBA_8888
02-25 18:07:51.859 I/        ( 8029): Requested context : GLES 2.0
02-25 18:07:51.889 W/chromium( 8029): [WARNING:proxy_service.cc(899)] PAC support disabled because there is no system implementation
02-25 18:07:51.899 W/dalvikvm( 8029): VFY: unable to find class referenced in signature (Landroid/view/inputmethod/CursorAnchorInfo;)
02-25 18:07:51.899 I/dalvikvm( 8029): Could not find method android.view.inputmethod.InputMethodManager.updateCursorAnchorInfo, referenced from method org.chromium.content.browser.input.InputMethodManagerWrapper.updateCursorAnchorInfo
02-25 18:07:51.899 W/dalvikvm( 8029): VFY: unable to resolve virtual method 1368: Landroid/view/inputmethod/InputMethodManager;.updateCursorAnchorInfo (Landroid/view/View;Landroid/view/inputmethod/CursorAnchorInfo;)V
02-25 18:07:51.899 D/dalvikvm( 8029): VFY: replacing opcode 0x6e at 0x000a
02-25 18:07:51.969 E/cutils  (  163): Failed to mkdirat(/Removable/MicroSD): Read-only file system
02-25 18:07:51.969 W/Vold    (  163): Returning OperationFailed - no handler for errno 30
02-25 18:07:51.979 W/ContextImpl( 8029): Failed to ensure directory: /Removable/MicroSD/Android/data/org.xwalk.webapi_noneservice_tests/cache
02-25 18:07:51.979 D/CordovaActivity( 8029): CordovaActivity.createViews()
02-25 18:07:51.979 E/chromium( 8029): [ERROR:unix_domain_server_socket_posix.cc(106)] Not implemented reached in virtual int net::UnixDomainServerSocket::GetLocalAddress(net::IPEndPoint*) const
02-25 18:07:51.979 D/CordovaWebView( 8029): >>> loadUrl(file:///android_asset/www/index.html)
02-25 18:07:51.979 D/PluginManager( 8029): init()
02-25 18:07:51.989 E/cutils  (  163): Failed to mkdirat(/Removable/MicroSD): Read-only file system
02-25 18:07:51.989 W/ContextImpl( 8029): Failed to ensure directory: /Removable/MicroSD/Android/data/org.xwalk.webapi_noneservice_tests/files
02-25 18:07:51.989 E/cutils  (  163): Failed to mkdirat(/Removable/MicroSD): Read-only file system
02-25 18:07:51.989 W/ContextImpl( 8029): Failed to ensure directory: /Removable/MicroSD/Android/data/org.xwalk.webapi_noneservice_tests/cache
02-25 18:07:51.989 D/CordovaWebView( 8029): >>> loadUrlNow()
02-25 18:07:51.989 I/dalvikvm( 8029): Could not find method android.app.Activity.finishAndRemoveTask, referenced from method org.chromium.base.ApiCompatibilityUtils.finishAndRemoveTask
02-25 18:07:51.989 W/dalvikvm( 8029): VFY: unable to resolve virtual method 6: Landroid/app/Activity;.finishAndRemoveTask ()V
02-25 18:07:51.989 D/dalvikvm( 8029): VFY: replacing opcode 0x6e at 0x0006
02-25 18:07:51.989 I/dalvikvm( 8029): Could not find method android.os.PowerManager.isInteractive, referenced from method org.chromium.base.ApiCompatibilityUtils.isInteractive
02-25 18:07:51.989 W/dalvikvm( 8029): VFY: unable to resolve virtual method 874: Landroid/os/PowerManager;.isInteractive ()Z
02-25 18:07:51.989 D/dalvikvm( 8029): VFY: replacing opcode 0x6e at 0x000e
02-25 18:07:51.989 I/dalvikvm( 8029): Could not find method android.view.Window.getNavigationBarColor, referenced from method org.chromium.base.ApiCompatibilityUtils.setStatusBarColor
02-25 18:07:51.989 W/dalvikvm( 8029): VFY: unable to resolve virtual method 1268: Landroid/view/Window;.getNavigationBarColor ()I
02-25 18:07:51.989 D/dalvikvm( 8029): VFY: replacing opcode 0x6e at 0x0010
02-25 18:07:51.989 I/dalvikvm( 8029): Could not find method android.view.Window.setStatusBarColor, referenced from method org.chromium.base.ApiCompatibilityUtils.setStatusBarColor
02-25 18:07:51.989 W/dalvikvm( 8029): VFY: unable to resolve virtual method 1274: Landroid/view/Window;.setStatusBarColor (I)V
02-25 18:07:51.989 D/dalvikvm( 8029): VFY: replacing opcode 0x6e at 0x0019
02-25 18:07:51.989 W/Vold    (  163): Returning OperationFailed - no handler for errno 30
02-25 18:07:51.989 W/Vold    (  163): Returning OperationFailed - no handler for errno 30
02-25 18:07:51.999 E/dalvikvm( 8029): Could not find class 'android.app.ActivityManager$TaskDescription', referenced from method org.chromium.base.ApiCompatibilityUtils.setTaskDescription
02-25 18:07:51.999 W/dalvikvm( 8029): VFY: unable to resolve new-instance 13 (Landroid/app/ActivityManager$TaskDescription;) in Lorg/chromium/base/ApiCompatibilityUtils;
02-25 18:07:51.999 D/dalvikvm( 8029): VFY: replacing opcode 0x22 at 0x0006
02-25 18:07:51.999 D/dalvikvm( 8029): DexOpt: unable to opt direct call 0x002f at 0x08 in Lorg/chromium/base/ApiCompatibilityUtils;.setTaskDescription
02-25 18:07:51.999 I/chromium( 8029): [INFO:xwalk_extension_renderer_controller.cc(47)] EXTENSION PROCESS DISABLED.
02-25 18:07:52.009 D/CordovaActivity( 8029): Resuming the App
02-25 18:07:52.029 D/SoftKeyboardDetect( 8029): Ignore this event
02-25 18:07:52.039 D/        ( 8029): Pixel Format : GGL_PIXEL_FORMAT_RGBA_8888
02-25 18:07:52.039 D/        ( 8029): droid_create_context : config id = 1 conf->NativeVisualID=1
02-25 18:07:52.039 D/        ( 8029): Pixel Format : GGL_PIXEL_FORMAT_RGBA_8888
02-25 18:07:52.039 I/        ( 8029): Requested context : GLES 2.0
02-25 18:07:52.059 D/        ( 8029): droid_create_context : config id = 5 conf->NativeVisualID=1
02-25 18:07:52.059 D/        ( 8029): Pixel Format : GGL_PIXEL_FORMAT_RGBA_8888
02-25 18:07:52.059 I/        ( 8029): Requested context : GLES 2.0
02-25 18:07:52.069 D/        ( 8029): Pixel Format : GGL_PIXEL_FORMAT_RGBA_8888
02-25 18:07:52.069 D/OpenGLRenderer( 8029): Enabling debug mode 0
02-25 18:07:52.089 D/XT9IME  ( 6145): new subtype :zh_CN ,pinyin
02-25 18:07:52.089 D/SoftKeyboardDetect( 8029): Ignore this event
02-25 18:07:52.119 D/CordovaActivity( 8029): onMessage(onPageStarted,file:///android_asset/www/index.html)
02-25 18:07:52.119 W/BindingManager( 8029): Cannot call determinedVisibility() - never saw a connection for the pid: 8029
02-25 18:07:52.119 I/ActivityManager(  506): Displayed org.xwalk.webapi_noneservice_tests/.webapi_noneservice_tests: +823ms
02-25 18:07:52.119 D/BatteryStatsImpl(  506): noteStopWakeLocked system isFromForeground = false
02-25 18:07:52.139 D/CordovaActivity( 8029): onMessage(onPageFinished,file:///android_asset/www/index.html)
02-25 18:07:53.149 D/CordovaActivity( 8029): onMessage(onPageStarted,file:///android_asset/www/index_real.html?testprefix=./)
02-25 18:07:53.179 W/BindingManager( 8029): Cannot call determinedVisibility() - never saw a connection for the pid: 8029
02-25 18:07:53.519 I/chromium( 8029): [INFO:CONSOLE(0)] "Synchronous XMLHttpRequest on the main thread is deprecated because of its detrimental effects to the end user's experience. For more help, check http://xhr.spec.whatwg.org/.", source:  (0)
02-25 18:07:53.579 D/CordovaActivity( 8029): onMessage(onPageFinished,file:///android_asset/www/index_real.html?testprefix=./)
02-25 18:07:54.149 D/CordovaActivity( 8029): onMessage(spinner,stop)
02-25 18:07:54.179 D/        ( 8029): Pixel Format : GGL_PIXEL_FORMAT_RGBA_8888
02-25 18:07:54.179 D/        ( 8029): droid_create_context : config id = 1 conf->NativeVisualID=1
02-25 18:07:54.179 D/        ( 8029): Pixel Format : GGL_PIXEL_FORMAT_RGBA_8888
02-25 18:07:54.179 I/        ( 8029): Requested context : GLES 2.0
02-25 18:07:54.209 D/        ( 8029): Swap interval set to = 1 value
02-25 18:07:54.299 D/        ( 8029): Pixel Format : GGL_PIXEL_FORMAT_RGBA_8888
02-25 18:07:54.299 D/        ( 8029): droid_create_context : config id = 1 conf->NativeVisualID=1
02-25 18:07:54.299 D/        ( 8029): Pixel Format : GGL_PIXEL_FORMAT_RGBA_8888
02-25 18:07:54.299 I/        ( 8029): Requested context : GLES 2.0
02-25 18:07:54.709 D/BatteryStatsImpl(  506): noteStopWakeLocked system isFromForeground = false
02-25 18:07:55.319 W/BindingManager( 8029): Cannot call determinedVisibility() - never saw a connection for the pid: 8029
02-25 18:07:55.589 D/CordovaActivity( 8029): onMessage(spinner,stop)
02-25 18:07:55.999 W/BindingManager( 8029): Cannot call determinedVisibility() - never saw a connection for the pid: 8029
02-25 18:07:56.639 W/BindingManager( 8029): Cannot call determinedVisibility() - never saw a connection for the pid: 8029
02-25 18:07:57.109 D/EVENT_THREAD(  183): void CEventThread::run() POLLIN event on Fd (1)
02-25 18:07:57.109 D/EVENT_THREAD(  183): void CEventThread::run() Do poll with timeout: -1
02-25 18:07:57.109 D/EVENT_THREAD(  183): void CEventThread::run() POLLIN event on Fd (1)
02-25 18:07:57.109 D/EVENT_THREAD(  183): void CEventThread::run() Do poll with timeout: -1
02-25 18:07:57.109 I/upi_ug31xx(  166): (914) update_capacity
02-25 18:07:57.109 I/[UPI]   (  166): <UG31/E>[UpiReadCapacity]: V=3954(3954), T=316(318-378), I=-56, C=0(0-0)
02-25 18:07:57.109 I/[UPI]   (  166): <UG31/E>[UpiReadCapacity]: (0x00012508) 2722 (2522) / 3822 (3822) = 71
02-25 18:07:57.109 I/[UPI]   (  166): <UG31/E>[UpiReadCapacity]: (0x00012508) 2722 (2522) / 3822 (3822) = 71
02-25 18:07:57.109 I/[UPI]   (  166): <UG31/E>[UpiReadCapacity]: (0x00012508) 2722 (2722) / 3822 (3822) = 71
02-25 18:07:57.109 I/[UPI]   (  166): <UG31/E>[RsocFilterCountTime]: (0x00012508) Step=6(400860), Full=6(400860), Lock=400860(5076000)
02-25 18:07:57.109 I/[UPI]   (  166): <UG31/E>[UpiReadCapacity]: (0x00012508) 2722 (2722) / 3822 (3822) = 71 (-56--56)
02-25 18:07:57.109 I/[UPI]   (  166): <UG31/E><BATT> M:normal, P:71(71-71)%, V:3955mV, C:-91mA, T:31.8C(378), S:0x00012508(000), R:2722mAh, F:3822mAh, Q:-520mAh, CC:3, P:30.710(520-0)s, BO:7, 97:615:0-44af-9m:B001-20140514-144301 (16)
02-25 18:07:57.109 I/upi_ug31xx(  166): (915) backup_data 
02-25 18:07:57.109 V/upi_ug31xx(  166): state->check_backup_count = 21
