02-25 21:31:47.149 I/chromium(15377): [INFO:CONSOLE(70)] "WARNING: Message from backend doesn't have data.", source:  (70)
02-25 21:31:47.289 W/BindingManager(15377): Cannot call determinedVisibility() - never saw a connection for the pid: 15377
02-25 21:31:47.369 I/chromium(15377): [INFO:CONSOLE(70)] "WARNING: Message from backend doesn't have data.", source:  (70)
02-25 21:31:47.509 D/dalvikvm(15597): GC_EXPLICIT freed 638K, 13% free 7749K/8888K, paused 0ms+3ms, total 17ms
02-25 21:31:47.599 D/AsusContactWigdetSync(15612): sync start
02-25 21:31:47.599 D/AsusContactWigdetSync(15612): sync selection = null
02-25 21:31:47.599 D/AsusContactWigdetSync(15612): sync stop
02-25 21:31:47.599 D/AsusContactWigdetSync(15677): sync start
02-25 21:31:47.599 D/AsusContactWigdetSync(15677): sync selection = null
02-25 21:31:47.599 D/AsusContactWigdetSync(15677): sync stop
02-25 21:31:47.599 V/ActivityManager(  506): Remove bg service from mStartingBackground ,r=ServiceRecord{21fe80c0 u0 com.asus.contacts/com.android.contacts.miniwidget.SyncService},r used time=1014,left r count=1
02-25 21:31:47.599 V/ActivityManager(  506): Remove bg service from mStartingBackground ,r=ServiceRecord{22015fa0 u0 com.asus.contactswidget/.SyncService},r used time=1003,left r count=0
02-25 21:31:47.609 D/dalvikvm(15377): GC_CONCURRENT freed 4113K, 37% free 7264K/11496K, paused 1ms+3ms, total 16ms
02-25 21:31:47.639 D/SendBroadcastHandler(15597): mTimerTask sendMessage CONTACTS_DELETE 
02-25 21:31:47.649 D/SendBroadcastHandler(15597): sendBroadcast delete to voice agent
02-25 21:31:47.649 D/AsusContactWigdetSync(15612): ready to sync contact id = 4
02-25 21:31:47.649 D/AsusContactWigdetSync(15612): ready to sync widget
02-25 21:31:47.649 D/SendBroadcastHandler(15597): (Delete) sendBroadcast mDeleteContacts:4
02-25 21:31:47.649 D/SendBroadcastHandler(15597): (Delete) sendBroadcast mDeleteRawContactsVoice:4
02-25 21:31:47.649 D/SendBroadcastHandler(15597): sendBroadcast CONTACTS_DELETE
02-25 21:31:47.649 D/AsusContactWigdetSync(15612): delete contact_id = 462
02-25 21:31:47.649 D/AsusContactWigdetSync(15612): delete contact_id = 463
02-25 21:31:47.649 D/AsusContactWigdetSync(15677): ready to sync contact id = 4
02-25 21:31:47.649 D/AsusContactWigdetSync(15677): ready to sync widget
02-25 21:31:47.649 D/AsusContactWigdetSync(15612): delete contact_id = 465
02-25 21:31:47.649 D/AsusContactWigdetSync(15612): delete contact_id = 464
02-25 21:31:47.649 D/AsusContactWigdetSync(15612): sync isdelete = true
02-25 21:31:47.649 D/AsusContactWigdetSync(15677): delete contact_id = 462
02-25 21:31:47.649 D/AsusContactWigdetSync(15677): delete contact_id = 463
02-25 21:31:47.649 D/AsusContactWigdetSync(15677): delete contact_id = 465
02-25 21:31:47.649 D/AsusContactWigdetSync(15677): delete contact_id = 464
02-25 21:31:47.649 D/AsusContactWigdetSync(15677): sync isdelete = true
02-25 21:31:47.779 V/ActivityManager(  506): Remove bg service from mStartingBackground ,r=ServiceRecord{21fd9ef0 u0 com.android.providers.calendar/.ContactsEventUpdateIntentService},r used time=158,left r count=3
02-25 21:31:47.799 D/SendBroadcastHandler(15597): mTimerTask sendMessage CONTACTS_INSERT 
02-25 21:31:47.799 D/SendBroadcastHandler(15597): (insert) sendBroadcast mInsertRawContacts:5
02-25 21:31:47.799 D/SendBroadcastHandler(15597): (insert) sendBroadcast mInsertName:5
02-25 21:31:47.799 D/SendBroadcastHandler(15597): (insert) sendBroadcast mInsertNameDetail:5
02-25 21:31:47.799 D/SendBroadcastHandler(15597): sendBroadcast insert to voice agent
02-25 21:31:47.929 W/BindingManager(15377): Cannot call determinedVisibility() - never saw a connection for the pid: 15377
02-25 21:31:47.969 D/SendBroadcastHandler(15597): startTimer() SEND_TO_CONTACTS_WIDGET_DELETE 
02-25 21:31:48.199 D/SendBroadcastHandler(15597): startTimer() SEND_TO_CONTACTS_INSERT 
02-25 21:31:48.329 I/chromium(15377): [INFO:CONSOLE(70)] "WARNING: Message from backend doesn't have data.", source:  (70)
02-25 21:31:48.649 D/AsusContactWigdetSync(15612): sync start
02-25 21:31:48.649 D/AsusContactWigdetSync(15612): sync selection = null
02-25 21:31:48.649 D/AsusContactWigdetSync(15612): sync delete selection = contact_id IN ( 463, 462, 464, 465)
02-25 21:31:48.649 D/AsusContactWigdetSync(15612): sync stop
02-25 21:31:48.649 D/AsusContactWigdetSync(15677): sync start
02-25 21:31:48.649 D/AsusContactWigdetSync(15677): sync selection = null
02-25 21:31:48.649 D/AsusContactWigdetSync(15677): sync delete selection = contact_id IN ( 463, 462, 464, 465)
02-25 21:31:48.649 D/AsusContactWigdetSync(15677): sync stop
02-25 21:31:48.649 V/ActivityManager(  506): Remove bg service from mStartingBackground ,r=ServiceRecord{21fd52c0 u0 com.asus.contacts/com.android.contacts.miniwidget.SyncService},r used time=1004,left r count=2
02-25 21:31:48.649 V/ActivityManager(  506): Remove bg service from mStartingBackground ,r=ServiceRecord{21f52308 u0 com.asus.contactswidget/.SyncService},r used time=1004,left r count=1
02-25 21:31:48.719 I/chromium(15377): [INFO:CONSOLE(70)] "WARNING: Message from backend doesn't have data.", source:  (70)
02-25 21:31:48.719 W/BindingManager(15377): Cannot call determinedVisibility() - never saw a connection for the pid: 15377
02-25 21:31:48.719 I/chromium(15377): [INFO:CONSOLE(70)] "WARNING: Message from backend doesn't have data.", source:  (70)
02-25 21:31:48.769 D/dalvikvm(15597): GC_EXPLICIT freed 692K, 14% free 7664K/8888K, paused 0ms+2ms, total 17ms
02-25 21:31:48.779 I/CalendarProvider2(15653): Sending notification intent: Intent { act=android.intent.action.PROVIDER_CHANGED dat=content://com.android.calendar }
02-25 21:31:48.779 W/ContentResolver(15653): Failed to get type for: content://com.android.calendar (Unknown URL content://com.android.calendar)
02-25 21:31:48.779 D/AlertReceiver(15690): onReceive: a=android.intent.action.PROVIDER_CHANGED Intent { act=android.intent.action.PROVIDER_CHANGED dat=content://com.android.calendar flg=0x10 cmp=com.asus.calendar/com.android.calendar.alerts.AlertReceiver }
02-25 21:31:48.779 V/ActivityManager(  506): Remove bg service from mStartingBackground ,r=ServiceRecord{21f43de0 u0 com.android.providers.calendar/.EmptyService},r used time=1010,left r count=0
02-25 21:31:48.789 D/AlertService(15690): 0 Action = android.intent.action.PROVIDER_CHANGED
02-25 21:31:48.789 D/AlertService(15690): Beginning updateAlertNotification
02-25 21:31:48.799 D/AlertService(15690): No fired or scheduled alerts
02-25 21:31:48.819 D/BatteryStatsImpl(  506): noteStopWakeLocked com.asus.calendar isFromForeground = false
02-25 21:31:48.819 V/ActivityManager(  506): Remove bg service from mStartingBackground ,r=ServiceRecord{22118748 u0 com.asus.calendar/com.android.calendar.alerts.AlertService},r used time=34,left r count=0
02-25 21:31:49.139 W/BindingManager(15377): Cannot call determinedVisibility() - never saw a connection for the pid: 15377
02-25 21:31:49.259 D/dalvikvm(  506): GC_EXPLICIT freed 57K, 53% free 16755K/35148K, paused 1ms+3ms, total 41ms
02-25 21:31:49.489 I/chromium(15377): [INFO:CONSOLE(70)] "WARNING: Message from backend doesn't have data.", source:  (70)
02-25 21:31:49.699 W/BindingManager(15377): Cannot call determinedVisibility() - never saw a connection for the pid: 15377
02-25 21:31:49.979 D/AlarmManager(  506): Triggered Alarm 21faef38 ELAPSED_REALTIME_WAKEUP IntentSender{226a8fd8: PendingIntentRecord{22177218 com.android.providers.calendar broadcastIntent}}
02-25 21:31:49.989 D/dalvikvm(15653): GC_EXPLICIT freed 383K, 7% free 6337K/6792K, paused 1ms+2ms, total 16ms
02-25 21:31:49.999 D/BatteryStatsImpl(  506): noteStopWakeLocked system isFromForeground = false
02-25 21:31:50.009 D/AlarmManager(  506): Removed alarm Alarm{21fbd8b0 type 0 com.android.providers.calendar} type:RTC_WAKEUP
02-25 21:31:50.009 D/AlarmManager(  506): Added alarm Alarm{22006380 type 2 android} type:ELAPSED_REALTIME_WAKEUP when: After 0h:10m:40.0s
02-25 21:31:50.019 D/BatteryStatsImpl(  506): noteStopWakeLocked com.android.providers.calendar isFromForeground = false
02-25 21:31:50.019 D/AlarmManager(  506): Added alarm Alarm{21f35568 type 0 com.android.providers.calendar} type:RTC_WAKEUP when: At 15-2-26 7:32
02-25 21:31:50.019 V/ActivityManager(  506): Remove bg service from mStartingBackground ,r=ServiceRecord{21fdd4c0 u0 com.android.providers.calendar/.CalendarProviderIntentService},r used time=26,left r count=1
02-25 21:31:50.039 I/chromium(15377): [INFO:CONSOLE(70)] "WARNING: Message from backend doesn't have data.", source:  (70)
02-25 21:31:50.109 D/dalvikvm(15377): GC_CONCURRENT freed 4038K, 37% free 7259K/11496K, paused 0ms+2ms, total 12ms
02-25 21:31:50.109 V/ActivityManager(  506): Remove bg service from mStartingBackground ,r=ServiceRecord{222d3890 u0 com.android.providers.calendar/.ContactsEventUpdateIntentService},r used time=143,left r count=1
02-25 21:31:50.289 W/BindingManager(15377): Cannot call determinedVisibility() - never saw a connection for the pid: 15377
02-25 21:31:50.459 D/dalvikvm(15597): GC_EXPLICIT freed 590K, 14% free 7717K/8888K, paused 0ms+3ms, total 19ms
02-25 21:31:50.689 I/chromium(15377): [INFO:CONSOLE(70)] "WARNING: Message from backend doesn't have data.", source:  (70)
02-25 21:31:50.889 W/BindingManager(15377): Cannot call determinedVisibility() - never saw a connection for the pid: 15377
02-25 21:31:50.969 D/SendBroadcastHandler(15597): mTimerTask sendMessage CONTACTS_DELETE 
02-25 21:31:50.969 D/SendBroadcastHandler(15597): sendBroadcast delete to voice agent
02-25 21:31:50.969 D/SendBroadcastHandler(15597): (Delete) sendBroadcast mDeleteContacts:7
02-25 21:31:50.969 D/SendBroadcastHandler(15597): (Delete) sendBroadcast mDeleteRawContactsVoice:7
02-25 21:31:50.969 D/SendBroadcastHandler(15597): sendBroadcast CONTACTS_DELETE
02-25 21:31:50.969 D/AsusContactWigdetSync(15612): ready to sync contact id = 7
02-25 21:31:50.969 D/AsusContactWigdetSync(15612): ready to sync widget
02-25 21:31:50.969 D/AsusContactWigdetSync(15612): delete contact_id = 466
02-25 21:31:50.969 D/AsusContactWigdetSync(15612): delete contact_id = 467
02-25 21:31:50.969 D/AsusContactWigdetSync(15612): delete contact_id = 468
02-25 21:31:50.969 D/AsusContactWigdetSync(15612): delete contact_id = 469
02-25 21:31:50.969 D/AsusContactWigdetSync(15612): delete contact_id = 470
02-25 21:31:50.969 D/AsusContactWigdetSync(15612): delete contact_id = 471
02-25 21:31:50.969 I/dalvikvm(15677): Total arena pages for JIT: 11
02-25 21:31:50.969 D/AsusContactWigdetSync(15612): delete contact_id = 472
02-25 21:31:50.969 D/AsusContactWigdetSync(15612): sync isdelete = true
02-25 21:31:50.969 D/AsusContactWigdetSync(15677): ready to sync contact id = 7
02-25 21:31:50.969 D/AsusContactWigdetSync(15677): ready to sync widget
02-25 21:31:50.969 I/dalvikvm(15677): Total arena pages for JIT: 12
02-25 21:31:50.979 I/dalvikvm(15677): Total arena pages for JIT: 13
02-25 21:31:50.979 D/AsusContactWigdetSync(15677): delete contact_id = 466
02-25 21:31:50.979 D/AsusContactWigdetSync(15677): delete contact_id = 467
02-25 21:31:50.979 D/AsusContactWigdetSync(15677): delete contact_id = 468
02-25 21:31:50.979 D/AsusContactWigdetSync(15677): delete contact_id = 469
02-25 21:31:50.979 D/AsusContactWigdetSync(15677): delete contact_id = 470
02-25 21:31:50.979 D/AsusContactWigdetSync(15677): delete contact_id = 471
02-25 21:31:50.979 D/AsusContactWigdetSync(15677): delete contact_id = 472
02-25 21:31:50.979 D/AsusContactWigdetSync(15677): sync isdelete = true
02-25 21:31:50.979 I/dalvikvm(15677): Total arena pages for JIT: 14
02-25 21:31:50.979 I/dalvikvm(15677): Total arena pages for JIT: 15
02-25 21:31:50.979 I/dalvikvm(15677): Total arena pages for JIT: 16
02-25 21:31:51.109 I/CalendarProvider2(15653): Sending notification intent: Intent { act=android.intent.action.PROVIDER_CHANGED dat=content://com.android.calendar }
02-25 21:31:51.109 W/ContentResolver(15653): Failed to get type for: content://com.android.calendar (Unknown URL content://com.android.calendar)
02-25 21:31:51.109 D/AlertReceiver(15690): onReceive: a=android.intent.action.PROVIDER_CHANGED Intent { act=android.intent.action.PROVIDER_CHANGED dat=content://com.android.calendar flg=0x10 cmp=com.asus.calendar/com.android.calendar.alerts.AlertReceiver }
02-25 21:31:51.109 V/ActivityManager(  506): Remove bg service from mStartingBackground ,r=ServiceRecord{220f8c98 u0 com.android.providers.calendar/.EmptyService},r used time=1004,left r count=2
02-25 21:31:51.119 D/AlertService(15690): 0 Action = android.intent.action.PROVIDER_CHANGED
02-25 21:31:51.119 D/AlertService(15690): Beginning updateAlertNotification
02-25 21:31:51.129 D/AlertService(15690): No fired or scheduled alerts
02-25 21:31:51.139 D/BatteryStatsImpl(  506): noteStopWakeLocked com.asus.calendar isFromForeground = false
02-25 21:31:51.139 V/ActivityManager(  506): Remove bg service from mStartingBackground ,r=ServiceRecord{220a6b18 u0 com.asus.calendar/com.android.calendar.alerts.AlertService},r used time=24,left r count=2
02-25 21:31:51.199 D/SendBroadcastHandler(15597): mTimerTask sendMessage CONTACTS_INSERT 
02-25 21:31:51.199 D/SendBroadcastHandler(15597): (insert) sendBroadcast mInsertRawContacts:6
02-25 21:31:51.199 D/SendBroadcastHandler(15597): (insert) sendBroadcast mInsertName:6
02-25 21:31:51.199 D/SendBroadcastHandler(15597): (insert) sendBroadcast mInsertNameDetail:6
02-25 21:31:51.199 D/SendBroadcastHandler(15597): sendBroadcast insert to voice agent
02-25 21:31:51.239 I/chromium(15377): [INFO:CONSOLE(70)] "WARNING: Message from backend doesn't have data.", source:  (70)
02-25 21:31:51.489 W/BindingManager(15377): Cannot call determinedVisibility() - never saw a connection for the pid: 15377
02-25 21:31:51.559 D/SendBroadcastHandler(15597): startTimer() SEND_TO_CONTACTS_WIDGET_DELETE 
02-25 21:31:51.689 D/SendBroadcastHandler(15597): startTimer() SEND_TO_CONTACTS_INSERT 
02-25 21:31:51.829 I/chromium(15377): [INFO:CONSOLE(70)] "WARNING: Message from backend doesn't have data.", source:  (70)
02-25 21:31:51.969 D/AsusContactWigdetSync(15612): sync start
02-25 21:31:51.969 D/AsusContactWigdetSync(15612): sync selection = null
02-25 21:31:51.969 D/AsusContactWigdetSync(15612): sync delete selection = contact_id IN ( 470, 471, 468, 469, 466, 467, 472)
02-25 21:31:51.979 D/AsusContactWigdetSync(15612): sync stop
02-25 21:31:51.979 D/AsusContactWigdetSync(15677): sync start
02-25 21:31:51.979 D/AsusContactWigdetSync(15677): sync selection = null
02-25 21:31:51.979 D/AsusContactWigdetSync(15677): sync delete selection = contact_id IN ( 470, 471, 468, 469, 466, 467, 472)
02-25 21:31:51.979 D/AsusContactWigdetSync(15677): sync stop
02-25 21:31:51.979 V/ActivityManager(  506): Remove bg service from mStartingBackground ,r=ServiceRecord{220eecf8 u0 com.asus.contacts/com.android.contacts.miniwidget.SyncService},r used time=1005,left r count=1
02-25 21:31:51.979 V/ActivityManager(  506): Remove bg service from mStartingBackground ,r=ServiceRecord{220d8c18 u0 com.asus.contactswidget/.SyncService},r used time=1005,left r count=0
02-25 21:31:52.119 D/dalvikvm(15597): GC_EXPLICIT freed 669K, 14% free 7699K/8888K, paused 0ms+3ms, total 17ms
02-25 21:31:52.159 D/dalvikvm(  506): GC_EXPLICIT freed 64K, 53% free 16761K/35148K, paused 1ms+4ms, total 40ms
02-25 21:31:52.249 D/wpa_supplicant(  642): wlan0: Starting AP scan for wildcard SSID
02-25 21:31:52.249 D/wpa_supplicant(  642): WPS: Building WPS IE for Probe Request
02-25 21:31:52.249 D/wpa_supplicant(  642): WPS:  * Version (hardcoded 0x10)
02-25 21:31:52.249 D/wpa_supplicant(  642): WPS:  * Request Type
02-25 21:31:52.249 D/wpa_supplicant(  642): WPS:  * Config Methods (4288)
02-25 21:31:52.249 D/wpa_supplicant(  642): WPS:  * UUID-E
02-25 21:31:52.249 D/wpa_supplicant(  642): WPS:  * Primary Device Type
02-25 21:31:52.249 D/wpa_supplicant(  642): WPS:  * RF Bands (1)
02-25 21:31:52.249 D/wpa_supplicant(  642): WPS:  * Association State
02-25 21:31:52.249 D/wpa_supplicant(  642): WPS:  * Configuration Error (0)
02-25 21:31:52.249 D/wpa_supplicant(  642): WPS:  * Device Password ID (0)
02-25 21:31:52.249 D/wpa_supplicant(  642): WPS:  * Manufacturer
02-25 21:31:52.249 D/wpa_supplicant(  642): WPS:  * Model Name
02-25 21:31:52.249 D/wpa_supplicant(  642): WPS:  * Model Number
02-25 21:31:52.249 D/wpa_supplicant(  642): WPS:  * Device Name
02-25 21:31:52.249 D/wpa_supplicant(  642): WPS:  * Version2 (0x20)
02-25 21:31:52.249 D/wpa_supplicant(  642): P2P: * P2P IE header
02-25 21:31:52.249 D/wpa_supplicant(  642): P2P: * Capability dev=25 group=00
02-25 21:31:52.249 D/wpa_supplicant(  642): P2P: * Listen Channel: Regulatory Class 81 Channel 6
02-25 21:31:52.249 D/wpa_supplicant(  642): wlan0: nl80211: scan request
02-25 21:31:52.339 D/wpa_supplicant(  642): Scan requested (ret=0) - scan timeout 30 seconds
02-25 21:31:52.339 D/wpa_supplicant(  642): nl80211: Drv Event 33 (NL80211_CMD_TRIGGER_SCAN) received for wlan0
02-25 21:31:52.339 D/wpa_supplicant(  642): wlan0: nl80211: Scan trigger
02-25 21:31:52.409 V/ActivityManager(  506): Remove bg service from mStartingBackground ,r=ServiceRecord{2220f940 u0 com.android.providers.calendar/.ContactsEventUpdateIntentService},r used time=51,left r count=1
02-25 21:31:52.629 W/BindingManager(15377): Cannot call determinedVisibility() - never saw a connection for the pid: 15377
02-25 21:31:53.029 I/chromium(15377): [INFO:CONSOLE(70)] "WARNING: Message from backend doesn't have data.", source:  (70)
02-25 21:31:53.229 D/dalvikvm(15377): GC_CONCURRENT freed 4077K, 38% free 7178K/11496K, paused 0ms+3ms, total 13ms
02-25 21:31:53.409 I/CalendarProvider2(15653): Sending notification intent: Intent { act=android.intent.action.PROVIDER_CHANGED dat=content://com.android.calendar }
02-25 21:31:53.409 W/ContentResolver(15653): Failed to get type for: content://com.android.calendar (Unknown URL content://com.android.calendar)
02-25 21:31:53.409 D/AlertReceiver(15690): onReceive: a=android.intent.action.PROVIDER_CHANGED Intent { act=android.intent.action.PROVIDER_CHANGED dat=content://com.android.calendar flg=0x10 cmp=com.asus.calendar/com.android.calendar.alerts.AlertReceiver }
02-25 21:31:53.409 D/AlertService(15690): 0 Action = android.intent.action.PROVIDER_CHANGED
02-25 21:31:53.409 D/AlertService(15690): Beginning updateAlertNotification
02-25 21:31:53.409 V/ActivityManager(  506): Remove bg service from mStartingBackground ,r=ServiceRecord{220a2188 u0 com.android.providers.calendar/.EmptyService},r used time=1004,left r count=0
02-25 21:31:53.419 D/AlertService(15690): No fired or scheduled alerts
02-25 21:31:53.429 D/BatteryStatsImpl(  506): noteStopWakeLocked com.asus.calendar isFromForeground = false
02-25 21:31:53.429 V/ActivityManager(  506): Remove bg service from mStartingBackground ,r=ServiceRecord{22095668 u0 com.asus.calendar/com.android.calendar.alerts.AlertService},r used time=13,left r count=0
02-25 21:31:53.459 D/wpa_supplicant(  642): nl80211: Drv Event 34 (NL80211_CMD_NEW_SCAN_RESULTS) received for wlan0
02-25 21:31:53.459 D/wpa_supplicant(  642): wlan0: nl80211: New scan results available
02-25 21:31:53.459 D/wpa_supplicant(  642): wlan0: Event SCAN_RESULTS (3) received
02-25 21:31:53.459 D/wpa_supplicant(  642): nl80211: Received scan results (24 BSSes)
02-25 21:31:53.459 D/wpa_supplicant(  642): nl80211: Survey data missing
02-25 21:31:53.459 D/wpa_supplicant(  642): wlan0: BSS: Start scan result update 488
02-25 21:31:53.459 D/wpa_supplicant(  642): wlan0: BSS: Add new id 678 BSSID 2c:b0:5d:7f:f4:24 SSID 'NETGEAR38'
02-25 21:31:53.459 D/wpa_supplicant(  642): CTRL_IFACE monitor send - hexdump(len=39): 2f 64 61 74 61 2f 6d 69 73 63 2f 77 69 66 69 2f 73 6f 63 6b 65 74 73 2f 77 70 61 5f 63 74 72 6c ...
02-25 21:31:53.459 D/wpa_supplicant(  642): wlan0: BSS: Add new id 679 BSSID 02:09:4c:1f:fe:31 SSID 'DIRECT-'
02-25 21:31:53.459 D/wpa_supplicant(  642): CTRL_IFACE monitor send - hexdump(len=39): 2f 64 61 74 61 2f 6d 69 73 63 2f 77 69 66 69 2f 73 6f 63 6b 65 74 73 2f 77 70 61 5f 63 74 72 6c ...
02-25 21:31:53.459 D/wpa_supplicant(  642): wlan0: BSS: Add new id 680 BSSID 00:25:86:5c:5e:30 SSID 'internet'
02-25 21:31:53.459 D/wpa_supplicant(  642): CTRL_IFACE monitor send - hexdump(len=39): 2f 64 61 74 61 2f 6d 69 73 63 2f 77 69 66 69 2f 73 6f 63 6b 65 74 73 2f 77 70 61 5f 63 74 72 6c ...
02-25 21:31:53.459 D/wpa_supplicant(  642): BSS: last_scan_res_used=23/32 last_scan_full=0
02-25 21:31:53.459 D/wpa_supplicant(  642): wlan0: New scan results available
02-25 21:31:53.459 D/wpa_supplicant(  642): CTRL_IFACE monitor send - hexdump(len=39): 2f 64 61 74 61 2f 6d 69 73 63 2f 77 69 66 69 2f 73 6f 63 6b 65 74 73 2f 77 70 61 5f 63 74 72 6c ...
02-25 21:31:53.459 D/wpa_supplicant(  642): CTRL_IFACE monitor send - hexdump(len=39): 2f 64 61 74 61 2f 6d 69 73 63 2f 77 69 66 69 2f 73 6f 63 6b 65 74 73 2f 77 70 61 5f 63 74 72 6c ...
02-25 21:31:53.459 D/wpa_supplicant(  642): Authorize channel 1
02-25 21:31:53.459 D/wpa_supplicant(  642): Authorize channel 2
02-25 21:31:53.459 D/wpa_supplicant(  642): Authorize channel 3
02-25 21:31:53.459 D/wpa_supplicant(  642): Authorize channel 4
02-25 21:31:53.459 D/wpa_supplicant(  642): Authorize channel 5
02-25 21:31:53.459 D/wpa_supplicant(  642): Authorize channel 6
02-25 21:31:53.459 D/wpa_supplicant(  642): Authorize channel 7
02-25 21:31:53.459 D/wpa_supplicant(  642): Authorize channel 8
02-25 21:31:53.459 D/wpa_supplicant(  642): Authorize channel 9
02-25 21:31:53.459 D/wpa_supplicant(  642): Authorize channel 10
02-25 21:31:53.459 D/wpa_supplicant(  642): Authorize channel 11
02-25 21:31:53.459 D/wpa_supplicant(  642): Authorize channel 12
02-25 21:31:53.459 D/wpa_supplicant(  642): Authorize channel 13
02-25 21:31:53.459 D/wpa_supplicant(  642): Authorize channel 1
02-25 21:31:53.459 D/wpa_supplicant(  642): Authorize channel 2
02-25 21:31:53.459 D/wpa_supplicant(  642): Authorize channel 3
02-25 21:31:53.459 D/wpa_supplicant(  642): Authorize channel 4
02-25 21:31:53.459 D/wpa_supplicant(  642): Authorize channel 5
02-25 21:31:53.459 D/wpa_supplicant(  642): Authorize channel 6
02-25 21:31:53.459 D/wpa_supplicant(  642): Authorize channel 7
02-25 21:31:53.459 D/wpa_supplicant(  642): Authorize channel 8
02-25 21:31:53.459 D/wpa_supplicant(  642): Authorize channel 9
02-25 21:31:53.459 D/wpa_supplicant(  642): Authorize channel 10
02-25 21:31:53.459 D/wpa_supplicant(  642): Authorize channel 11
02-25 21:31:53.459 D/wpa_supplicant(  642): Authorize channel 12
02-25 21:31:53.459 D/wpa_supplicant(  642): Authorize channel 13
02-25 21:31:53.459 D/wpa_supplicant(  642): Add access point on channel 6
02-25 21:31:53.459 D/wpa_supplicant(  642): Add access point on channel 6
02-25 21:31:53.459 D/wpa_supplicant(  642): Add access point on channel 11
02-25 21:31:53.459 D/wpa_supplicant(  642): Add access point on channel 3
02-25 21:31:53.459 D/wpa_supplicant(  642): Add access point on channel 6
02-25 21:31:53.459 D/wpa_supplicant(  642): Add access point on channel 11
02-25 21:31:53.459 D/wpa_supplicant(  642): Add access point on channel 11
02-25 21:31:53.459 D/wpa_supplicant(  642): Add access point on channel 1
02-25 21:31:53.459 D/wpa_supplicant(  642): Add access point on channel 1
02-25 21:31:53.459 D/wpa_supplicant(  642): Add access point on channel 6
02-25 21:31:53.459 D/wpa_supplicant(  642): Add access point on channel 6
02-25 21:31:53.459 D/wpa_supplicant(  642): Add access point on channel 2
02-25 21:31:53.459 D/wpa_supplicant(  642): Add access point on channel 11
02-25 21:31:53.459 D/wpa_supplicant(  642): Add access point on channel 1
02-25 21:31:53.459 D/wpa_supplicant(  642): Add access point on channel 6
02-25 21:31:53.459 D/wpa_supplicant(  642): Add access point on channel 6
02-25 21:31:53.459 D/wpa_supplicant(  642): Add access point on channel 6
02-25 21:31:53.459 D/wpa_supplicant(  642): Add access point on channel 1
02-25 21:31:53.459 D/wpa_supplicant(  642): Add access point on channel 9
02-25 21:31:53.459 D/wpa_supplicant(  642): Add access point on channel 8
02-25 21:31:53.459 D/wpa_supplicant(  642): Add access point on channel 1
02-25 21:31:53.459 D/wpa_supplicant(  642): Add access point on channel 1
02-25 21:31:53.459 D/wpa_supplicant(  642): Add access point on channel 1
02-25 21:31:53.459 D/wpa_supplicant(  642): Add access point on channel 6
02-25 21:31:53.459 D/wpa_supplicant(  642): Best Operating channel is = 11
02-25 21:31:53.459 D/wpa_supplicant(  642): WPS: AP[0] f8:d1:11:e7:99:e8 type=0 tries=0 last_attempt=-1 sec ago blacklist=0
02-25 21:31:53.459 D/wpa_supplicant(  642): WPS: AP[1] c8:d7:19:60:62:f2 type=0 tries=0 last_attempt=-1 sec ago blacklist=0
02-25 21:31:53.459 D/wpa_supplicant(  642): WPS: AP[2] 44:94:fc:3d:da:38 type=0 tries=0 last_attempt=-1 sec ago blacklist=0
02-25 21:31:53.459 D/wpa_supplicant(  642): WPS: AP[3] 10:c3:7b:d2:e5:e0 type=0 tries=0 last_attempt=-1 sec ago blacklist=0
02-25 21:31:53.459 D/wpa_supplicant(  642): WPS: AP[4] cc:34:29:2b:26:4c type=0 tries=0 last_attempt=-1 sec ago blacklist=0
02-25 21:31:53.459 D/wpa_supplicant(  642): WPS: AP[5] b0:48:7a:51:ff:cc type=0 tries=0 last_attempt=-1 sec ago blacklist=0
02-25 21:31:53.459 D/wpa_supplicant(  642): WPS: AP[6] cc:34:29:2c:fb:ec type=0 tries=0 last_attempt=-1 sec ago blacklist=0
02-25 21:31:53.459 D/wpa_supplicant(  642): WPS: AP[7] c0:a0:bb:20:3b:84 type=0 tries=0 last_attempt=-1 sec ago blacklist=0
02-25 21:31:53.459 D/wpa_supplicant(  642): WPS: AP[8] 02:09:4c:f8:ae:8e type=0 tries=0 last_attempt=-1 sec ago blacklist=0
02-25 21:31:53.459 D/wpa_supplicant(  642): WPS: AP[9] 10:9f:a9:dc:b1:fc type=0 tries=0 last_attempt=-1 sec ago blacklist=0
02-25 21:31:53.459 D/wpa_supplicant(  642): WPS: AP[10] 2c:b0:5d:7f:f4:24 type=0 tries=0 last_attempt=-1 sec ago blacklist=0
02-25 21:31:53.459 D/wpa_supplicant(  642): WPS: AP[11] 5e:f3:70:11:dc:fa type=0 tries=0 last_attempt=-1 sec ago blacklist=0
02-25 21:31:53.459 D/wpa_supplicant(  642): WPS: AP[12] 02:09:4c:a9:a9:11 type=0 tries=0 last_attempt=-1 sec ago blacklist=0
02-25 21:31:53.459 D/wpa_supplicant(  642): WPS: AP[13] 9c:21:6a:0d:eb:72 type=0 tries=0 last_attempt=-1 sec ago blacklist=0
02-25 21:31:53.459 D/wpa_supplicant(  642): WPS: AP[14] 98:fc:11:81:35:fb type=0 tries=0 last_attempt=-1 sec ago blacklist=0
02-25 21:31:53.459 D/wpa_supplicant(  642): WPS: AP[15] 7a:ff:57:00:14:07 type=0 tries=0 last_attempt=-1 sec ago blacklist=0
02-25 21:31:53.459 D/wpa_supplicant(  642): wlan0: Selecting BSS from priority group 19
02-25 21:31:53.459 D/wpa_supplicant(  642): wlan0: 0: c8:d7:19:60:62:f2 ssid='E3000-2.4G' wpa_ie_len=0 rsn_ie_len=20 caps=0x411 level=-48 wps
02-25 21:31:53.459 D/wpa_supplicant(  642): wlan0:    skip - SSID mismatch
02-25 21:31:53.459 D/wpa_supplicant(  642): wlan0: 1: f8:d1:11:e7:99:e8 ssid='videotest' wpa_ie_len=22 rsn_ie_len=20 caps=0x531 level=-48 wps
02-25 21:31:53.459 D/wpa_supplicant(  642): wlan0:    skip - SSID mismatch
02-25 21:31:53.459 D/wpa_supplicant(  642): wlan0: 2: 02:1a:11:ff:f7:0a ssid='io1' wpa_ie_len=0 rsn_ie_len=20 caps=0x431 level=-53
02-25 21:31:53.459 D/wpa_supplicant(  642): wlan0:    skip - SSID mismatch
02-25 21:31:53.459 D/wpa_supplicant(  642): wlan0: 3: 10:c3:7b:d2:e5:e0 ssid='ASUS_RT-AC66U-2.4G' wpa_ie_len=0 rsn_ie_len=20 caps=0x411 level=-53 wps
02-25 21:31:53.459 D/wpa_supplicant(  642): wlan0:    skip - SSID mismatch
02-25 21:31:53.459 D/wpa_supplicant(  642): wlan0: 4: 90:94:e4:03:45:f5 ssid='DAP-2553_D' wpa_ie_len=0 rsn_ie_len=24 caps=0x431 level=-55
02-25 21:31:53.459 D/wpa_supplicant(  642): wlan0:    skip - SSID mismatch
02-25 21:31:53.459 D/wpa_supplicant(  642): wlan0: 5: 44:94:fc:3d:da:38 ssid='6300' wpa_ie_len=0 rsn_ie_len=20 caps=0x411 level=-55 wps
02-25 21:31:53.459 D/wpa_supplicant(  642): wlan0:    skip - SSID mismatch
02-25 21:31:53.459 D/wpa_supplicant(  642): wlan0: 6: cc:34:29:2b:26:4c ssid='cws-test' wpa_ie_len=0 rsn_ie_len=20 caps=0x431 level=-57 wps
02-25 21:31:53.459 D/wpa_supplicant(  642): wlan0:    skip - SSID mismatch
02-25 21:31:53.459 D/wpa_supplicant(  642): wlan0: 7: 02:1a:11:fc:8b:fc ssid='love U forever' wpa_ie_len=0 rsn_ie_len=20 caps=0x431 level=-63
02-25 21:31:53.459 D/wpa_supplicant(  642): wlan0:    skip - SSID mismatch
02-25 21:31:53.459 D/wpa_supplicant(  642): wlan0: 8: cc:34:29:2c:fb:ec ssid='linksys' wpa_ie_len=22 rsn_ie_len=20 caps=0x431 level=-64 wps
02-25 21:31:53.459 D/wpa_supplicant(  642): wlan0:    skip - SSID mismatch
02-25 21:31:53.459 D/wpa_supplicant(  642): wlan0: 9: b0:48:7a:51:ff:cc ssid='Neusoft TP' wpa_ie_len=22 rsn_ie_len=20 caps=0x431 level=-65 wps
02-25 21:31:53.459 D/wpa_supplicant(  642): wlan0:    skip - SSID mismatch
02-25 21:31:53.459 D/wpa_supplicant(  642): wlan0: 10: e4:d3:32:c0:cf:a4 ssid='fast' wpa_ie_len=0 rsn_ie_len=20 caps=0x411 level=-66
02-25 21:31:53.459 D/wpa_supplicant(  642): wlan0:    skip - SSID mismatch
02-25 21:31:53.459 D/wpa_supplicant(  642): wlan0: 11: 80:1f:02:43:fb:e8 ssid='Edimax AP' wpa_ie_len=0 rsn_ie_len=20 caps=0x411 level=-67
02-25 21:31:53.459 D/wpa_supplicant(  642): wlan0:    skip - SSID mismatch
02-25 21:31:53.459 D/wpa_supplicant(  642): wlan0: 12: cc:b2:55:e2:84:70 ssid='DLINK_APK' wpa_ie_len=22 rsn_ie_len=20 caps=0x411 level=-68
02-25 21:31:53.459 D/wpa_supplicant(  642): wlan0:    skip - SSID mismatch
02-25 21:31:53.459 D/wpa_supplicant(  642): wlan0: 13: 00:0f:e2:0f:9f:c1 ssid='321_WAN' wpa_ie_len=28 rsn_ie_len=24 caps=0x411 level=-73
02-25 21:31:53.459 D/wpa_supplicant(  642): wlan0:    skip - SSID mismatch
02-25 21:31:53.459 D/wpa_supplicant(  642): wlan0: 14: c0:a0:bb:20:3b:84 ssid='dlink-3B84' wpa_ie_len=26 rsn_ie_len=24 caps=0x411 level=-78 wps
02-25 21:31:53.459 D/wpa_supplicant(  642): wlan0:    skip - SSID mismatch
02-25 21:31:53.459 D/wpa_supplicant(  642): wlan0: 15: 2c:b0:5d:7f:f4:24 ssid='NETGEAR38' wpa_ie_len=0 rsn_ie_len=20 caps=0x431 level=-85 wps
02-25 21:31:53.459 D/wpa_supplicant(  642): wlan0:    skip - SSID mismatch
02-25 21:31:53.459 D/wpa_supplicant(  642): wlan0: 16: c4:17:fe:3f:4f:fb ssid='cmcm' wpa_ie_len=0 rsn_ie_len=20 caps=0x511 level=-91
02-25 21:31:53.459 D/wpa_supplicant(  642): wlan0:    skip - SSID mismatch
02-25 21:31:53.459 D/wpa_supplicant(  642): wlan0: 17: 7a:24:af:24:0f:48 ssid='DIRECT-' wpa_ie_len=0 rsn_ie_len=0 caps=0x410 level=-69
02-25 21:31:53.459 D/wpa_supplicant(  642): wlan0:    skip - SSID mismatch
02-25 21:31:53.459 D/wpa_supplicant(  642): wlan0: 18: 02:09:4c:1f:fe:31 ssid='DIRECT-' wpa_ie_len=0 rsn_ie_len=0 caps=0x410 level=-73
02-25 21:31:53.459 D/wpa_supplicant(  642): wlan0:    skip - SSID mismatch
02-25 21:31:53.459 D/wpa_supplicant(  642): wlan0: 19: 98:fc:11:81:35:fb ssid='E2000EE' wpa_ie_len=0 rsn_ie_len=0 caps=0x401 level=-59 wps
02-25 21:31:53.459 D/wpa_supplicant(  642): wlan0:    skip - SSID mismatch
02-25 21:31:53.459 D/wpa_supplicant(  642): wlan0: 20: e4:d3:32:dd:18:62 ssid='Internet' wpa_ie_len=0 rsn_ie_len=0 caps=0x421 level=-67
02-25 21:31:53.459 D/wpa_supplicant(  642): wlan0:    skip - SSID mismatch
02-25 21:31:53.459 D/wpa_supplicant(  642): wlan0: 21: 50:bd:5f:4b:29:92 ssid='Internet-2' wpa_ie_len=0 rsn_ie_len=0 caps=0x421 level=-68
02-25 21:31:53.459 D/wpa_supplicant(  642): wlan0:    skip - SSID mismatch
02-25 21:31:53.459 D/wpa_supplicant(  642): wlan0: 22: 00:25:86:5c:5e:30 ssid='internet' wpa_ie_len=0 rsn_ie_len=0 caps=0x421 level=-86
02-25 21:31:53.459 D/wpa_supplicant(  642): wlan0:    skip - SSID mismatch
02-25 21:31:53.459 D/wpa_supplicant(  642): wlan0: Selecting BSS from priority group 18
02-25 21:31:53.459 D/wpa_supplicant(  642): wlan0: 0: c8:d7:19:60:62:f2 ssid='E3000-2.4G' wpa_ie_len=0 rsn_ie_len=20 caps=0x411 level=-48 wps
02-25 21:31:53.459 D/wpa_supplicant(  642): wlan0:    skip - SSID mismatch
02-25 21:31:53.459 D/wpa_supplicant(  642): wlan0: 1: f8:d1:11:e7:99:e8 ssid='videotest' wpa_ie_len=22 rsn_ie_len=20 caps=0x531 level=-48 wps
02-25 21:31:53.459 D/wpa_supplicant(  642): wlan0:    skip - SSID mismatch
02-25 21:31:53.459 D/wpa_supplicant(  642): wlan0: 2: 02:1a:11:ff:f7:0a ssid='io1' wpa_ie_len=0 rsn_ie_len=20 caps=0x431 level=-53
02-25 21:31:53.459 D/wpa_supplicant(  642): wlan0:    skip - SSID mismatch
02-25 21:31:53.459 D/wpa_supplicant(  642): wlan0: 3: 10:c3:7b:d2:e5:e0 ssid='ASUS_RT-AC66U-2.4G' wpa_ie_len=0 rsn_ie_len=20 caps=0x411 level=-53 wps
02-25 21:31:53.459 D/wpa_supplicant(  642): wlan0:    skip - SSID mismatch
02-25 21:31:53.459 D/wpa_supplicant(  642): wlan0: 4: 90:94:e4:03:45:f5 ssid='DAP-2553_D' wpa_ie_len=0 rsn_ie_len=24 caps=0x431 level=-55
02-25 21:31:53.459 D/wpa_supplicant(  642): wlan0:    skip - SSID mismatch
02-25 21:31:53.459 D/wpa_supplicant(  642): wlan0: 5: 44:94:fc:3d:da:38 ssid='6300' wpa_ie_len=0 rsn_ie_len=20 caps=0x411 level=-55 wps
02-25 21:31:53.459 D/wpa_supplicant(  642): wlan0:    skip - SSID mismatch
02-25 21:31:53.459 D/wpa_supplicant(  642): wlan0: 6: cc:34:29:2b:26:4c ssid='cws-test' wpa_ie_len=0 rsn_ie_len=20 caps=0x431 level=-57 wps
02-25 21:31:53.459 D/wpa_supplicant(  642): wlan0:    skip - SSID mismatch
02-25 21:31:53.459 D/wpa_supplicant(  642): wlan0: 7: 02:1a:11:fc:8b:fc ssid='love U forever' wpa_ie_len=0 rsn_ie_len=20 caps=0x431 level=-63
02-25 21:31:53.459 D/wpa_supplicant(  642): wlan0:    skip - SSID mismatch
02-25 21:31:53.459 D/wpa_supplicant(  642): wlan0: 8: cc:34:29:2c:fb:ec ssid='linksys' wpa_ie_len=22 rsn_ie_len=20 caps=0x431 level=-64 wps
02-25 21:31:53.459 D/wpa_supplicant(  642): wlan0:    skip - SSID mismatch
02-25 21:31:53.459 D/wpa_supplicant(  642): wlan0: 9: b0:48:7a:51:ff:cc ssid='Neusoft TP' wpa_ie_len=22 rsn_ie_len=20 caps=0x431 level=-65 wps
02-25 21:31:53.459 D/wpa_supplicant(  642): wlan0:    skip - SSID mismatch
02-25 21:31:53.459 D/wpa_supplicant(  642): wlan0: 10: e4:d3:32:c0:cf:a4 ssid='fast' wpa_ie_len=0 rsn_ie_len=20 caps=0x411 level=-66
02-25 21:31:53.459 D/wpa_supplicant(  642): wlan0:    skip - SSID mismatch
02-25 21:31:53.459 D/wpa_supplicant(  642): wlan0: 11: 80:1f:02:43:fb:e8 ssid='Edimax AP' wpa_ie_len=0 rsn_ie_len=20 caps=0x411 level=-67
02-25 21:31:53.459 D/wpa_supplicant(  642): wlan0:    skip - SSID mismatch
02-25 21:31:53.459 D/wpa_supplicant(  642): wlan0: 12: cc:b2:55:e2:84:70 ssid='DLINK_APK' wpa_ie_len=22 rsn_ie_len=20 caps=0x411 level=-68
02-25 21:31:53.459 D/wpa_supplicant(  642): wlan0:    skip - SSID mismatch
02-25 21:31:53.459 D/wpa_supplicant(  642): wlan0: 13: 00:0f:e2:0f:9f:c1 ssid='321_WAN' wpa_ie_len=28 rsn_ie_len=24 caps=0x411 level=-73
02-25 21:31:53.459 D/wpa_supplicant(  642): wlan0:    skip - SSID mismatch
02-25 21:31:53.459 D/wpa_supplicant(  642): wlan0: 14: c0:a0:bb:20:3b:84 ssid='dlink-3B84' wpa_ie_len=26 rsn_ie_len=24 caps=0x411 level=-78 wps
02-25 21:31:53.459 D/wpa_supplicant(  642): wlan0:    skip - SSID mismatch
02-25 21:31:53.459 D/wpa_supplicant(  642): wlan0: 15: 2c:b0:5d:7f:f4:24 ssid='NETGEAR38' wpa_ie_len=0 rsn_ie_len=20 caps=0x431 level=-85 wps
02-25 21:31:53.459 D/wpa_supplicant(  642): wlan0:    skip - SSID mismatch
02-25 21:31:53.459 D/wpa_supplicant(  642): wlan0: 16: c4:17:fe:3f:4f:fb ssid='cmcm' wpa_ie_len=0 rsn_ie_len=20 caps=0x511 level=-91
02-25 21:31:53.459 D/wpa_supplicant(  642): wlan0:    skip - SSID mismatch
02-25 21:31:53.459 D/wpa_supplicant(  642): wlan0: 17: 7a:24:af:24:0f:48 ssid='DIRECT-' wpa_ie_len=0 rsn_ie_len=0 caps=0x410 level=-69
02-25 21:31:53.459 D/wpa_supplicant(  642): wlan0:    skip - SSID mismatch
02-25 21:31:53.459 D/wpa_supplicant(  642): wlan0: 18: 02:09:4c:1f:fe:31 ssid='DIRECT-' wpa_ie_len=0 rsn_ie_len=0 caps=0x410 level=-73
02-25 21:31:53.459 D/wpa_supplicant(  642): wlan0:    skip - SSID mismatch
02-25 21:31:53.459 D/wpa_supplicant(  642): wlan0: 19: 98:fc:11:81:35:fb ssid='E2000EE' wpa_ie_len=0 rsn_ie_len=0 caps=0x401 level=-59 wps
02-25 21:31:53.459 D/wpa_supplicant(  642): wlan0:    skip - SSID mismatch
02-25 21:31:53.459 D/wpa_supplicant(  642): wlan0: 20: e4:d3:32:dd:18:62 ssid='Internet' wpa_ie_len=0 rsn_ie_len=0 caps=0x421 level=-67
02-25 21:31:53.459 D/wpa_supplicant(  642): wlan0:    skip - SSID mismatch
02-25 21:31:53.459 D/wpa_supplicant(  642): wlan0: 21: 50:bd:5f:4b:29:92 ssid='Internet-2' wpa_ie_len=0 rsn_ie_len=0 caps=0x421 level=-68
02-25 21:31:53.459 D/wpa_supplicant(  642): wlan0:    skip - SSID mismatch
02-25 21:31:53.459 D/wpa_supplicant(  642): wlan0: 22: 00:25:86:5c:5e:30 ssid='internet' wpa_ie_len=0 rsn_ie_len=0 caps=0x421 level=-86
02-25 21:31:53.459 D/wpa_supplicant(  642): wlan0:    skip - SSID mismatch
02-25 21:31:53.459 D/wpa_supplicant(  642): wlan0: Selecting BSS from priority group 17
02-25 21:31:53.459 D/wpa_supplicant(  642): wlan0: 0: c8:d7:19:60:62:f2 ssid='E3000-2.4G' wpa_ie_len=0 rsn_ie_len=20 caps=0x411 level=-48 wps
02-25 21:31:53.459 D/wpa_supplicant(  642): wlan0:    skip - SSID mismatch
02-25 21:31:53.459 D/wpa_supplicant(  642): wlan0: 1: f8:d1:11:e7:99:e8 ssid='videotest' wpa_ie_len=22 rsn_ie_len=20 caps=0x531 level=-48 wps
02-25 21:31:53.459 D/wpa_supplicant(  642): wlan0:    skip - SSID mismatch
02-25 21:31:53.459 D/wpa_supplicant(  642): wlan0: 2: 02:1a:11:ff:f7:0a ssid='io1' wpa_ie_len=0 rsn_ie_len=20 caps=0x431 level=-53
02-25 21:31:53.459 D/wpa_supplicant(  642): wlan0:    skip - SSID mismatch
02-25 21:31:53.459 D/wpa_supplicant(  642): wlan0: 3: 10:c3:7b:d2:e5:e0 ssid='ASUS_RT-AC66U-2.4G' wpa_ie_len=0 rsn_ie_len=20 caps=0x411 level=-53 wps
02-25 21:31:53.459 D/wpa_supplicant(  642): wlan0:    skip - SSID mismatch
02-25 21:31:53.459 D/wpa_supplicant(  642): wlan0: 4: 90:94:e4:03:45:f5 ssid='DAP-2553_D' wpa_ie_len=0 rsn_ie_len=24 caps=0x431 level=-55
02-25 21:31:53.459 D/wpa_supplicant(  642): wlan0:    skip - SSID mismatch
02-25 21:31:53.459 D/wpa_supplicant(  642): wlan0: 5: 44:94:fc:3d:da:38 ssid='6300' wpa_ie_len=0 rsn_ie_len=20 caps=0x411 level=-55 wps
02-25 21:31:53.459 D/wpa_supplicant(  642): wlan0:    skip - SSID mismatch
02-25 21:31:53.459 D/wpa_supplicant(  642): wlan0: 6: cc:34:29:2b:26:4c ssid='cws-test' wpa_ie_len=0 rsn_ie_len=20 caps=0x431 level=-57 wps
02-25 21:31:53.459 D/wpa_supplicant(  642): wlan0:    skip - SSID mismatch
02-25 21:31:53.459 D/wpa_supplicant(  642): wlan0: 7: 02:1a:11:fc:8b:fc ssid='love U forever' wpa_ie_len=0 rsn_ie_len=20 caps=0x431 level=-63
02-25 21:31:53.459 D/wpa_supplicant(  642): wlan0:    skip - SSID mismatch
02-25 21:31:53.459 D/wpa_supplicant(  642): wlan0: 8: cc:34:29:2c:fb:ec ssid='linksys' wpa_ie_len=22 rsn_ie_len=20 caps=0x431 level=-64 wps
02-25 21:31:53.459 D/wpa_supplicant(  642): wlan0:    skip - SSID mismatch
02-25 21:31:53.459 D/wpa_supplicant(  642): wlan0: 9: b0:48:7a:51:ff:cc ssid='Neusoft TP' wpa_ie_len=22 rsn_ie_len=20 caps=0x431 level=-65 wps
02-25 21:31:53.459 D/wpa_supplicant(  642): wlan0:    skip - SSID mismatch
02-25 21:31:53.459 D/wpa_supplicant(  642): wlan0: 10: e4:d3:32:c0:cf:a4 ssid='fast' wpa_ie_len=0 rsn_ie_len=20 caps=0x411 level=-66
02-25 21:31:53.459 D/wpa_supplicant(  642): wlan0:    skip - SSID mismatch
02-25 21:31:53.459 D/wpa_supplicant(  642): wlan0: 11: 80:1f:02:43:fb:e8 ssid='Edimax AP' wpa_ie_len=0 rsn_ie_len=20 caps=0x411 level=-67
02-25 21:31:53.459 D/wpa_supplicant(  642): wlan0:    skip - SSID mismatch
02-25 21:31:53.459 D/wpa_supplicant(  642): wlan0: 12: cc:b2:55:e2:84:70 ssid='DLINK_APK' wpa_ie_len=22 rsn_ie_len=20 caps=0x411 level=-68
02-25 21:31:53.459 D/wpa_supplicant(  642): wlan0:    skip - SSID mismatch
02-25 21:31:53.459 D/wpa_supplicant(  642): wlan0: 13: 00:0f:e2:0f:9f:c1 ssid='321_WAN' wpa_ie_len=28 rsn_ie_len=24 caps=0x411 level=-73
02-25 21:31:53.459 D/wpa_supplicant(  642): wlan0:    skip - SSID mismatch
02-25 21:31:53.459 D/wpa_supplicant(  642): wlan0: 14: c0:a0:bb:20:3b:84 ssid='dlink-3B84' wpa_ie_len=26 rsn_ie_len=24 caps=0x411 level=-78 wps
02-25 21:31:53.459 D/wpa_supplicant(  642): wlan0:    skip - SSID mismatch
02-25 21:31:53.459 D/wpa_supplicant(  642): wlan0: 15: 2c:b0:5d:7f:f4:24 ssid='NETGEAR38' wpa_ie_len=0 rsn_ie_len=20 caps=0x431 level=-85 wps
02-25 21:31:53.459 D/wpa_supplicant(  642): wlan0:    skip - SSID mismatch
02-25 21:31:53.459 D/wpa_supplicant(  642): wlan0: 16: c4:17:fe:3f:4f:fb ssid='cmcm' wpa_ie_len=0 rsn_ie_len=20 caps=0x511 level=-91
02-25 21:31:53.459 D/wpa_supplicant(  642): wlan0:    skip - SSID mismatch
02-25 21:31:53.459 D/wpa_supplicant(  642): wlan0: 17: 7a:24:af:24:0f:48 ssid='DIRECT-' wpa_ie_len=0 rsn_ie_len=0 caps=0x410 level=-69
02-25 21:31:53.459 D/wpa_supplicant(  642): wlan0:    skip - SSID mismatch
02-25 21:31:53.459 D/wpa_supplicant(  642): wlan0: 18: 02:09:4c:1f:fe:31 ssid='DIRECT-' wpa_ie_len=0 rsn_ie_len=0 caps=0x410 level=-73
02-25 21:31:53.459 D/wpa_supplicant(  642): wlan0:    skip - SSID mismatch
02-25 21:31:53.459 D/wpa_supplicant(  642): wlan0: 19: 98:fc:11:81:35:fb ssid='E2000EE' wpa_ie_len=0 rsn_ie_len=0 caps=0x401 level=-59 wps
02-25 21:31:53.459 D/wpa_supplicant(  642): wlan0:    skip - SSID mismatch
02-25 21:31:53.459 D/wpa_supplicant(  642): wlan0: 20: e4:d3:32:dd:18:62 ssid='Internet' wpa_ie_len=0 rsn_ie_len=0 caps=0x421 level=-67
02-25 21:31:53.459 D/wpa_supplicant(  642): wlan0:    skip - SSID mismatch
02-25 21:31:53.459 D/wpa_supplicant(  642): wlan0: 21: 50:bd:5f:4b:29:92 ssid='Internet-2' wpa_ie_len=0 rsn_ie_len=0 caps=0x421 level=-68
02-25 21:31:53.459 D/wpa_supplicant(  642): wlan0:    skip - SSID mismatch
02-25 21:31:53.459 D/wpa_supplicant(  642): wlan0: 22: 00:25:86:5c:5e:30 ssid='internet' wpa_ie_len=0 rsn_ie_len=0 caps=0x421 level=-86
02-25 21:31:53.459 D/wpa_supplicant(  642): wlan0:    skip - SSID mismatch
02-25 21:31:53.459 D/wpa_supplicant(  642): wlan0: Selecting BSS from priority group 15
02-25 21:31:53.459 D/wpa_supplicant(  642): wlan0: 0: c8:d7:19:60:62:f2 ssid='E3000-2.4G' wpa_ie_len=0 rsn_ie_len=20 caps=0x411 level=-48 wps
02-25 21:31:53.459 D/wpa_supplicant(  642): wlan0:    skip - SSID mismatch
02-25 21:31:53.459 D/wpa_supplicant(  642): wlan0: 1: f8:d1:11:e7:99:e8 ssid='videotest' wpa_ie_len=22 rsn_ie_len=20 caps=0x531 level=-48 wps
02-25 21:31:53.459 D/wpa_supplicant(  642): wlan0:    skip - SSID mismatch
02-25 21:31:53.459 D/wpa_supplicant(  642): wlan0: 2: 02:1a:11:ff:f7:0a ssid='io1' wpa_ie_len=0 rsn_ie_len=20 caps=0x431 level=-53
02-25 21:31:53.459 D/wpa_supplicant(  642): wlan0:    skip - SSID mismatch
02-25 21:31:53.459 D/wpa_supplicant(  642): wlan0: 3: 10:c3:7b:d2:e5:e0 ssid='ASUS_RT-AC66U-2.4G' wpa_ie_len=0 rsn_ie_len=20 caps=0x411 level=-53 wps
02-25 21:31:53.459 D/wpa_supplicant(  642): wlan0:    skip - SSID mismatch
02-25 21:31:53.459 D/wpa_supplicant(  642): wlan0: 4: 90:94:e4:03:45:f5 ssid='DAP-2553_D' wpa_ie_len=0 rsn_ie_len=24 caps=0x431 level=-55
02-25 21:31:53.459 D/wpa_supplicant(  642): wlan0:    skip - SSID mismatch
02-25 21:31:53.459 D/wpa_supplicant(  642): wlan0: 5: 44:94:fc:3d:da:38 ssid='6300' wpa_ie_len=0 rsn_ie_len=20 caps=0x411 level=-55 wps
02-25 21:31:53.459 D/wpa_supplicant(  642): wlan0:    skip - SSID mismatch
02-25 21:31:53.459 D/wpa_supplicant(  642): wlan0: 6: cc:34:29:2b:26:4c ssid='cws-test' wpa_ie_len=0 rsn_ie_len=20 caps=0x431 level=-57 wps
02-25 21:31:53.459 D/wpa_supplicant(  642): wlan0:    skip - SSID mismatch
02-25 21:31:53.459 D/wpa_supplicant(  642): wlan0: 7: 02:1a:11:fc:8b:fc ssid='love U forever' wpa_ie_len=0 rsn_ie_len=20 caps=0x431 level=-63
02-25 21:31:53.459 D/wpa_supplicant(  642): wlan0:    skip - SSID mismatch
02-25 21:31:53.459 D/wpa_supplicant(  642): wlan0: 8: cc:34:29:2c:fb:ec ssid='linksys' wpa_ie_len=22 rsn_ie_len=20 caps=0x431 level=-64 wps
02-25 21:31:53.459 D/wpa_supplicant(  642): wlan0:    skip - SSID mismatch
02-25 21:31:53.459 D/wpa_supplicant(  642): wlan0: 9: b0:48:7a:51:ff:cc ssid='Neusoft TP' wpa_ie_len=22 rsn_ie_len=20 caps=0x431 level=-65 wps
02-25 21:31:53.459 D/wpa_supplicant(  642): wlan0:    skip - SSID mismatch
02-25 21:31:53.459 D/wpa_supplicant(  642): wlan0: 10: e4:d3:32:c0:cf:a4 ssid='fast' wpa_ie_len=0 rsn_ie_len=20 caps=0x411 level=-66
02-25 21:31:53.459 D/wpa_supplicant(  642): wlan0:    skip - SSID mismatch
02-25 21:31:53.459 D/wpa_supplicant(  642): wlan0: 11: 80:1f:02:43:fb:e8 ssid='Edimax AP' wpa_ie_len=0 rsn_ie_len=20 caps=0x411 level=-67
02-25 21:31:53.459 D/wpa_supplicant(  642): wlan0:    skip - SSID mismatch
02-25 21:31:53.459 D/wpa_supplicant(  642): wlan0: 12: cc:b2:55:e2:84:70 ssid='DLINK_APK' wpa_ie_len=22 rsn_ie_len=20 caps=0x411 level=-68
02-25 21:31:53.459 D/wpa_supplicant(  642): wlan0:    skip - SSID mismatch
02-25 21:31:53.459 D/wpa_supplicant(  642): wlan0: 13: 00:0f:e2:0f:9f:c1 ssid='321_WAN' wpa_ie_len=28 rsn_ie_len=24 caps=0x411 level=-73
02-25 21:31:53.459 D/wpa_supplicant(  642): wlan0:    skip - SSID mismatch
02-25 21:31:53.459 D/wpa_supplicant(  642): wlan0: 14: c0:a0:bb:20:3b:84 ssid='dlink-3B84' wpa_ie_len=26 rsn_ie_len=24 caps=0x411 level=-78 wps
02-25 21:31:53.459 D/wpa_supplicant(  642): wlan0:    skip - SSID mismatch
02-25 21:31:53.459 D/wpa_supplicant(  642): wlan0: 15: 2c:b0:5d:7f:f4:24 ssid='NETGEAR38' wpa_ie_len=0 rsn_ie_len=20 caps=0x431 level=-85 wps
02-25 21:31:53.459 D/wpa_supplicant(  642): wlan0:    skip - SSID mismatch
02-25 21:31:53.459 D/wpa_supplicant(  642): wlan0: 16: c4:17:fe:3f:4f:fb ssid='cmcm' wpa_ie_len=0 rsn_ie_len=20 caps=0x511 level=-91
02-25 21:31:53.459 D/wpa_supplicant(  642): wlan0:    skip - SSID mismatch
02-25 21:31:53.459 D/wpa_supplicant(  642): wlan0: 17: 7a:24:af:24:0f:48 ssid='DIRECT-' wpa_ie_len=0 rsn_ie_len=0 caps=0x410 level=-69
02-25 21:31:53.459 D/wpa_supplicant(  642): wlan0:    skip - SSID mismatch
02-25 21:31:53.459 D/wpa_supplicant(  642): wlan0: 18: 02:09:4c:1f:fe:31 ssid='DIRECT-' wpa_ie_len=0 rsn_ie_len=0 caps=0x410 level=-73
02-25 21:31:53.459 D/wpa_supplicant(  642): wlan0:    skip - SSID mismatch
02-25 21:31:53.459 D/wpa_supplicant(  642): wlan0: 19: 98:fc:11:81:35:fb ssid='E2000EE' wpa_ie_len=0 rsn_ie_len=0 caps=0x401 level=-59 wps
02-25 21:31:53.459 D/wpa_supplicant(  642): wlan0:    skip - SSID mismatch
02-25 21:31:53.459 D/wpa_supplicant(  642): wlan0: 20: e4:d3:32:dd:18:62 ssid='Internet' wpa_ie_len=0 rsn_ie_len=0 caps=0x421 level=-67
02-25 21:31:53.459 D/wpa_supplicant(  642): wlan0:    skip - SSID mismatch
02-25 21:31:53.459 D/wpa_supplicant(  642): wlan0: 21: 50:bd:5f:4b:29:92 ssid='Internet-2' wpa_ie_len=0 rsn_ie_len=0 caps=0x421 level=-68
02-25 21:31:53.459 D/wpa_supplicant(  642): wlan0:    skip - SSID mismatch
02-25 21:31:53.459 D/wpa_supplicant(  642): wlan0: 22: 00:25:86:5c:5e:30 ssid='internet' wpa_ie_len=0 rsn_ie_len=0 caps=0x421 level=-86
02-25 21:31:53.459 D/wpa_supplicant(  642): wlan0:    skip - SSID mismatch
02-25 21:31:53.459 D/wpa_supplicant(  642): wlan0: Selecting BSS from priority group 4
02-25 21:31:53.459 D/wpa_supplicant(  642): wlan0: 0: c8:d7:19:60:62:f2 ssid='E3000-2.4G' wpa_ie_len=0 rsn_ie_len=20 caps=0x411 level=-48 wps
02-25 21:31:53.459 D/wpa_supplicant(  642): wlan0:    skip - SSID mismatch
02-25 21:31:53.459 D/wpa_supplicant(  642): wlan0: 1: f8:d1:11:e7:99:e8 ssid='videotest' wpa_ie_len=22 rsn_ie_len=20 caps=0x531 level=-48 wps
02-25 21:31:53.459 D/wpa_supplicant(  642): wlan0:    skip - SSID mismatch
02-25 21:31:53.459 D/wpa_supplicant(  642): wlan0: 2: 02:1a:11:ff:f7:0a ssid='io1' wpa_ie_len=0 rsn_ie_len=20 caps=0x431 level=-53
02-25 21:31:53.459 D/wpa_supplicant(  642): wlan0:    skip - SSID mismatch
02-25 21:31:53.459 D/wpa_supplicant(  642): wlan0: 3: 10:c3:7b:d2:e5:e0 ssid='ASUS_RT-AC66U-2.4G' wpa_ie_len=0 rsn_ie_len=20 caps=0x411 level=-53 wps
02-25 21:31:53.459 D/wpa_supplicant(  642): wlan0:    skip - SSID mismatch
02-25 21:31:53.459 D/wpa_supplicant(  642): wlan0: 4: 90:94:e4:03:45:f5 ssid='DAP-2553_D' wpa_ie_len=0 rsn_ie_len=24 caps=0x431 level=-55
02-25 21:31:53.459 D/wpa_supplicant(  642): wlan0:    skip - SSID mismatch
02-25 21:31:53.459 D/wpa_supplicant(  642): wlan0: 5: 44:94:fc:3d:da:38 ssid='6300' wpa_ie_len=0 rsn_ie_len=20 caps=0x411 level=-55 wps
02-25 21:31:53.459 D/wpa_supplicant(  642): wlan0:    skip - SSID mismatch
02-25 21:31:53.459 D/wpa_supplicant(  642): wlan0: 6: cc:34:29:2b:26:4c ssid='cws-test' wpa_ie_len=0 rsn_ie_len=20 caps=0x431 level=-57 wps
02-25 21:31:53.459 D/wpa_supplicant(  642): wlan0:    skip - SSID mismatch
02-25 21:31:53.459 D/wpa_supplicant(  642): wlan0: 7: 02:1a:11:fc:8b:fc ssid='love U forever' wpa_ie_len=0 rsn_ie_len=20 caps=0x431 level=-63
02-25 21:31:53.459 D/wpa_supplicant(  642): wlan0:    skip - SSID mismatch
02-25 21:31:53.459 D/wpa_supplicant(  642): wlan0: 8: cc:34:29:2c:fb:ec ssid='linksys' wpa_ie_len=22 rsn_ie_len=20 caps=0x431 level=-64 wps
02-25 21:31:53.459 D/wpa_supplicant(  642): wlan0:    skip - SSID mismatch
02-25 21:31:53.459 D/wpa_supplicant(  642): wlan0: 9: b0:48:7a:51:ff:cc ssid='Neusoft TP' wpa_ie_len=22 rsn_ie_len=20 caps=0x431 level=-65 wps
02-25 21:31:53.459 D/wpa_supplicant(  642): wlan0:    skip - SSID mismatch
02-25 21:31:53.459 D/wpa_supplicant(  642): wlan0: 10: e4:d3:32:c0:cf:a4 ssid='fast' wpa_ie_len=0 rsn_ie_len=20 caps=0x411 level=-66
02-25 21:31:53.459 D/wpa_supplicant(  642): wlan0:    skip - SSID mismatch
02-25 21:31:53.459 D/wpa_supplicant(  642): wlan0: 11: 80:1f:02:43:fb:e8 ssid='Edimax AP' wpa_ie_len=0 rsn_ie_len=20 caps=0x411 level=-67
02-25 21:31:53.459 D/wpa_supplicant(  642): wlan0:    skip - SSID mismatch
02-25 21:31:53.459 D/wpa_supplicant(  642): wlan0: 12: cc:b2:55:e2:84:70 ssid='DLINK_APK' wpa_ie_len=22 rsn_ie_len=20 caps=0x411 level=-68
02-25 21:31:53.459 D/wpa_supplicant(  642): wlan0:    skip - SSID mismatch
02-25 21:31:53.459 D/wpa_supplicant(  642): wlan0: 13: 00:0f:e2:0f:9f:c1 ssid='321_WAN' wpa_ie_len=28 rsn_ie_len=24 caps=0x411 level=-73
02-25 21:31:53.459 D/wpa_supplicant(  642): wlan0:    skip - SSID mismatch
02-25 21:31:53.459 D/wpa_supplicant(  642): wlan0: 14: c0:a0:bb:20:3b:84 ssid='dlink-3B84' wpa_ie_len=26 rsn_ie_len=24 caps=0x411 level=-78 wps
02-25 21:31:53.459 D/wpa_supplicant(  642): wlan0:    skip - SSID mismatch
02-25 21:31:53.459 D/wpa_supplicant(  642): wlan0: 15: 2c:b0:5d:7f:f4:24 ssid='NETGEAR38' wpa_ie_len=0 rsn_ie_len=20 caps=0x431 level=-85 wps
02-25 21:31:53.459 D/wpa_supplicant(  642): wlan0:    skip - SSID mismatch
