02-25 19:10:03.289 I/WifiHW  (  506): REPLY: ssid=Internet-2
02-25 19:10:03.289 I/WifiHW  (  506): REPLY: ====
02-25 19:10:03.289 I/WifiHW  (  506): REPLY: id=557
02-25 19:10:03.289 I/WifiHW  (  506): REPLY: bssid=e4:d3:32:dd:18:62
02-25 19:10:03.289 I/WifiHW  (  506): REPLY: freq=2437
02-25 19:10:03.289 I/WifiHW  (  506): REPLY: level=-73
02-25 19:10:03.289 I/WifiHW  (  506): REPLY: tsf=0000014443830233
02-25 19:10:03.289 I/WifiHW  (  506): REPLY: flags=[ESS]
02-25 19:10:03.289 I/WifiHW  (  506): REPLY: ssid=Internet
02-25 19:10:03.289 I/WifiHW  (  506): REPLY: ====
02-25 19:10:03.289 I/WifiHW  (  506): REPLY: id=558
02-25 19:10:03.289 I/WifiHW  (  506): REPLY: bssid=00:25:86:5c:5e:30
02-25 19:10:03.289 I/WifiHW  (  506): REPLY: freq=2437
02-25 19:10:03.289 I/WifiHW  (  506): REPLY: level=-80
02-25 19:10:03.289 I/WifiHW  (  506): REPLY: tsf=0000014402584722
02-25 19:10:03.289 I/WifiHW  (  506): REPLY: flags=[ESS]
02-25 19:10:03.289 I/WifiHW  (  506): REPLY: ssid=internet
02-25 19:10:03.289 I/WifiHW  (  506): REPLY: ====
02-25 19:10:03.289 I/WifiHW  (  506): REPLY: id=559
02-25 19:10:03.289 I/WifiHW  (  506): REPLY: bssid=b0:48:7a:51:ff:cc
02-25 19:10:03.289 I/WifiHW  (  506): REPLY: freq=2452
02-25 19:10:03.289 I/WifiHW  (  506): REPLY: level=-66
02-25 19:10:03.289 I/WifiHW  (  506): REPLY: tsf=0000014443830268
02-25 19:10:03.289 I/WifiHW  (  506): REPLY: flags=[WPA-PSK-CCMP][WPA2-PSK-CCMP][WPS][ESS]
02-25 19:10:03.289 I/WifiHW  (  506): REPLY: ssid=Neusoft TP
02-25 19:10:03.289 I/WifiHW  (  506): REPLY: ####
02-25 19:10:04.199 W/BindingManager( 8974): Cannot call determinedVisibility() - never saw a connection for the pid: 8974
02-25 19:10:04.229 I/chromium( 8974): [INFO:CONSOLE(47)] "Uncaught ReferenceError: SharedWorker is not defined", source: file:///android_asset/www//opt/tct-workers-w3c-tests/workers/SharedWorkerLocation_hash_encoding.html (47)
02-25 19:10:07.359 W/BindingManager( 8974): Cannot call determinedVisibility() - never saw a connection for the pid: 8974
02-25 19:10:07.379 I/chromium( 8974): [INFO:CONSOLE(46)] "Uncaught ReferenceError: SharedWorker is not defined", source: file:///android_asset/www//opt/tct-workers-w3c-tests/workers/SharedWorkerLocation_portocol.html (46)
02-25 19:10:10.499 W/BindingManager( 8974): Cannot call determinedVisibility() - never saw a connection for the pid: 8974
02-25 19:10:11.009 D/EVENT_THREAD(  183): void CEventThread::run() POLLIN event on Fd (1)
02-25 19:10:11.009 D/EVENT_THREAD(  183): void CEventThread::run() Do poll with timeout: -1
02-25 19:10:11.179 W/BindingManager( 8974): Cannot call determinedVisibility() - never saw a connection for the pid: 8974
02-25 19:10:11.199 I/chromium( 8974): [INFO:CONSOLE(50)] "Uncaught ReferenceError: SharedWorker is not defined", source: file:///android_asset/www//opt/tct-workers-w3c-tests/workers/SharedWorkerName.html (50)
02-25 19:10:11.789 D/EVENT_THREAD(  183): void CEventThread::run() POLLIN event on Fd (1)
02-25 19:10:11.789 D/EVENT_THREAD(  183): void CEventThread::run() Do poll with timeout: -1
02-25 19:10:11.789 I/upi_ug31xx(  166): (1364) update_capacity
02-25 19:10:11.789 I/[UPI]   (  166): <UG31/E>[UpiReadCapacity]: V=3990(3970), T=298(300-354), I=-290, C=-3(-3-0)
02-25 19:10:11.789 I/[UPI]   (  166): <UG31/E>[UpiReadCapacity]: (0x0001254a) 2709 (2637) / 3822 (3822) = 71
02-25 19:10:11.789 I/[UPI]   (  166): <UG31/E>[UpiReadCapacity]: (0x0001254a) 2709 (2637) / 3822 (3822) = 71
02-25 19:10:11.789 I/[UPI]   (  166): <UG31/E>[UpiReadCapacity]: (0x0001254a) 2706 (2706) / 3822 (3822) = 71
02-25 19:10:11.789 I/[UPI]   (  166): <UG31/E>[RsocFilterCountTime]: (0x0001254a) Step=4(250808), Full=4(250808), Lock=250808(1800000)
02-25 19:10:11.789 I/[UPI]   (  166): <UG31/E>[UpiReadCapacity]: (0x0001254a) 2706 (2706) / 3822 (3822) = 71 (-290--290)
02-25 19:10:11.789 I/[UPI]   (  166): <UG31/E><BATT> M:normal, P:71(71-71)%, V:3965mV, C:-249mA, T:30.0C(354), S:0x0001254a(000), R:2706mAh, F:3822mAh, Q:-503mAh, CC:3, P:30.330(503-0)s, BO:7, 97:615:0-44af-9m:B001-20140514-144301 (16)
02-25 19:10:11.789 D/EVENT_THREAD(  183): void CEventThread::run() POLLIN event on Fd (1)
02-25 19:10:11.789 D/EVENT_THREAD(  183): void CEventThread::run() Do poll with timeout: -1
02-25 19:10:11.839 I/upi_ug31xx(  166): (1365) backup_data 
02-25 19:10:11.839 V/upi_ug31xx(  166): state->check_backup_count = 8
02-25 19:10:14.319 W/BindingManager( 8974): Cannot call determinedVisibility() - never saw a connection for the pid: 8974
02-25 19:10:14.979 W/BindingManager( 8974): Cannot call determinedVisibility() - never saw a connection for the pid: 8974
02-25 19:10:15.589 W/BindingManager( 8974): Cannot call determinedVisibility() - never saw a connection for the pid: 8974
02-25 19:10:15.619 I/chromium( 8974): [INFO:CONSOLE(48)] "Uncaught ReferenceError: SharedWorker is not defined", source: file:///android_asset/www//opt/tct-workers-w3c-tests/workers/SharedWorkerLocation_search_nonexist.html (48)
02-25 19:10:18.729 W/BindingManager( 8974): Cannot call determinedVisibility() - never saw a connection for the pid: 8974
02-25 19:10:18.769 I/chromium( 8974): [INFO:CONSOLE(26)] "Uncaught ReferenceError: EvalScript is not defined", source: file:///android_asset/www//opt/tct-workers-w3c-tests/workers/w3c/WorkerLocation_hash_encoding.htm (26)
02-25 19:10:19.359 W/BindingManager( 8974): Cannot call determinedVisibility() - never saw a connection for the pid: 8974
02-25 19:10:19.389 I/chromium( 8974): [INFO:CONSOLE(46)] "Uncaught ReferenceError: SharedWorker is not defined", source: file:///android_asset/www//opt/tct-workers-w3c-tests/workers/SharedWorkerLocation_port.html (46)
02-25 19:10:22.509 W/BindingManager( 8974): Cannot call determinedVisibility() - never saw a connection for the pid: 8974
02-25 19:10:23.129 W/BindingManager( 8974): Cannot call determinedVisibility() - never saw a connection for the pid: 8974
02-25 19:10:23.779 W/BindingManager( 8974): Cannot call determinedVisibility() - never saw a connection for the pid: 8974
02-25 19:10:24.389 W/BindingManager( 8974): Cannot call determinedVisibility() - never saw a connection for the pid: 8974
02-25 19:10:25.039 W/BindingManager( 8974): Cannot call determinedVisibility() - never saw a connection for the pid: 8974
02-25 19:10:25.779 W/BindingManager( 8974): Cannot call determinedVisibility() - never saw a connection for the pid: 8974
02-25 19:10:26.439 W/BindingManager( 8974): Cannot call determinedVisibility() - never saw a connection for the pid: 8974
02-25 19:10:26.459 I/chromium( 8974): [INFO:CONSOLE(46)] "Uncaught ReferenceError: SharedWorker is not defined", source: file:///android_asset/www//opt/tct-workers-w3c-tests/workers/SharedWorkerGlobalScope_name.html (46)
02-25 19:10:29.579 W/BindingManager( 8974): Cannot call determinedVisibility() - never saw a connection for the pid: 8974
02-25 19:10:30.219 W/BindingManager( 8974): Cannot call determinedVisibility() - never saw a connection for the pid: 8974
02-25 19:10:30.249 I/chromium( 8974): [INFO:CONSOLE(46)] "Uncaught ReferenceError: SharedWorker is not defined", source: file:///android_asset/www//opt/tct-workers-w3c-tests/workers/SharedWorkerGlobalScope_onconnect.html (46)
02-25 19:10:33.369 W/BindingManager( 8974): Cannot call determinedVisibility() - never saw a connection for the pid: 8974
02-25 19:10:34.039 W/BindingManager( 8974): Cannot call determinedVisibility() - never saw a connection for the pid: 8974
02-25 19:10:34.069 I/chromium( 8974): [INFO:CONSOLE(68)] "PASS: Exception thrown when creating SharedWorker with different URLs but same name: ReferenceError: SharedWorker is not defined", source: file:///android_asset/www//opt/tct-workers-w3c-tests/workers/SharedWorkerShared_name_except.html (68)
02-25 19:10:34.769 W/BindingManager( 8974): Cannot call determinedVisibility() - never saw a connection for the pid: 8974
02-25 19:10:35.399 W/BindingManager( 8974): Cannot call determinedVisibility() - never saw a connection for the pid: 8974
02-25 19:10:35.429 I/chromium( 8974): [INFO:CONSOLE(58)] "Uncaught ReferenceError: SharedWorker is not defined", source: file:///android_asset/www//opt/tct-workers-w3c-tests/workers/SharedWorkerShared_simultaneously.html (58)
02-25 19:10:38.549 W/BindingManager( 8974): Cannot call determinedVisibility() - never saw a connection for the pid: 8974
02-25 19:10:39.219 W/BindingManager( 8974): Cannot call determinedVisibility() - never saw a connection for the pid: 8974
02-25 19:10:39.239 I/chromium( 8974): [INFO:CONSOLE(56)] "Uncaught ReferenceError: SharedWorker is not defined", source: file:///android_asset/www//opt/tct-workers-w3c-tests/workers/SharedWorkerException.html (56)
02-25 19:10:42.099 D/EVENT_THREAD(  183): void CEventThread::run() POLLIN event on Fd (1)
02-25 19:10:42.099 D/EVENT_THREAD(  183): void CEventThread::run() Do poll with timeout: -1
02-25 19:10:42.099 D/EVENT_THREAD(  183): void CEventThread::run() POLLIN event on Fd (1)
02-25 19:10:42.099 D/EVENT_THREAD(  183): void CEventThread::run() Do poll with timeout: -1
02-25 19:10:42.099 I/upi_ug31xx(  166): (1366) update_capacity
02-25 19:10:42.099 I/[UPI]   (  166): <UG31/E>[UpiReadCapacity]: V=3982(3967), T=298(300-355), I=-257, C=-1(-1-0)
02-25 19:10:42.099 I/[UPI]   (  166): <UG31/E>[UpiReadCapacity]: (0x0001254a) 2706 (2637) / 3822 (3822) = 71
02-25 19:10:42.099 I/[UPI]   (  166): <UG31/E>[UpiReadCapacity]: (0x0001254a) 2706 (2637) / 3822 (3822) = 71
02-25 19:10:42.109 I/[UPI]   (  166): <UG31/E>[UpiReadCapacity]: (0x0001254a) 2705 (2705) / 3822 (3822) = 71
02-25 19:10:42.109 I/[UPI]   (  166): <UG31/E>[RsocFilterCountTime]: (0x0001254a) Step=4(281128), Full=4(281128), Lock=281128(1800000)
02-25 19:10:42.109 I/[UPI]   (  166): <UG31/E>[UpiReadCapacity]: (0x0001254a) 2705 (2705) / 3822 (3822) = 71 (-257--257)
02-25 19:10:42.109 I/[UPI]   (  166): <UG31/E><BATT> M:normal, P:71(71-71)%, V:3965mV, C:-225mA, T:30.0C(355), S:0x0001254a(000), R:2705mAh, F:3822mAh, Q:-504mAh, CC:3, P:30.320(504-0)s, BO:7, 97:615:0-44af-9m:B001-20140514-144301 (16)
02-25 19:10:42.109 I/upi_ug31xx(  166): (1367) backup_data 
02-25 19:10:42.109 V/upi_ug31xx(  166): state->check_backup_count = 9
02-25 19:10:42.349 W/BindingManager( 8974): Cannot call determinedVisibility() - never saw a connection for the pid: 8974
02-25 19:10:42.989 W/BindingManager( 8974): Cannot call determinedVisibility() - never saw a connection for the pid: 8974
02-25 19:10:43.029 I/chromium( 8974): [INFO:CONSOLE(57)] "Uncaught ReferenceError: SharedWorker is not defined", source: file:///android_asset/www//opt/tct-workers-w3c-tests/workers/SharedWorkerScriptError.html (57)
02-25 19:10:43.299 D/wpa_supplicant(  642): wlan0: Starting AP scan for wildcard SSID
02-25 19:10:43.299 D/wpa_supplicant(  642): WPS: Building WPS IE for Probe Request
02-25 19:10:43.299 D/wpa_supplicant(  642): WPS:  * Version (hardcoded 0x10)
02-25 19:10:43.299 D/wpa_supplicant(  642): WPS:  * Request Type
02-25 19:10:43.299 D/wpa_supplicant(  642): WPS:  * Config Methods (4288)
02-25 19:10:43.299 D/wpa_supplicant(  642): WPS:  * UUID-E
02-25 19:10:43.299 D/wpa_supplicant(  642): WPS:  * Primary Device Type
02-25 19:10:43.299 D/wpa_supplicant(  642): WPS:  * RF Bands (1)
02-25 19:10:43.299 D/wpa_supplicant(  642): WPS:  * Association State
02-25 19:10:43.299 D/wpa_supplicant(  642): WPS:  * Configuration Error (0)
02-25 19:10:43.299 D/wpa_supplicant(  642): WPS:  * Device Password ID (0)
02-25 19:10:43.299 D/wpa_supplicant(  642): WPS:  * Manufacturer
02-25 19:10:43.299 D/wpa_supplicant(  642): WPS:  * Model Name
02-25 19:10:43.299 D/wpa_supplicant(  642): WPS:  * Model Number
02-25 19:10:43.299 D/wpa_supplicant(  642): WPS:  * Device Name
02-25 19:10:43.299 D/wpa_supplicant(  642): WPS:  * Version2 (0x20)
02-25 19:10:43.299 D/wpa_supplicant(  642): P2P: * P2P IE header
02-25 19:10:43.299 D/wpa_supplicant(  642): P2P: * Capability dev=25 group=00
02-25 19:10:43.299 D/wpa_supplicant(  642): P2P: * Listen Channel: Regulatory Class 81 Channel 6
02-25 19:10:43.299 D/wpa_supplicant(  642): wlan0: nl80211: scan request
02-25 19:10:43.389 D/wpa_supplicant(  642): Scan requested (ret=0) - scan timeout 30 seconds
02-25 19:10:43.389 D/wpa_supplicant(  642): nl80211: Drv Event 33 (NL80211_CMD_TRIGGER_SCAN) received for wlan0
02-25 19:10:43.389 D/wpa_supplicant(  642): wlan0: nl80211: Scan trigger
02-25 19:10:44.509 D/wpa_supplicant(  642): nl80211: Drv Event 34 (NL80211_CMD_NEW_SCAN_RESULTS) received for wlan0
02-25 19:10:44.509 D/wpa_supplicant(  642): wlan0: nl80211: New scan results available
02-25 19:10:44.509 D/wpa_supplicant(  642): wlan0: Event SCAN_RESULTS (3) received
02-25 19:10:44.509 D/wpa_supplicant(  642): nl80211: Received scan results (21 BSSes)
02-25 19:10:44.509 D/wpa_supplicant(  642): nl80211: Survey data missing
02-25 19:10:44.509 D/wpa_supplicant(  642): wlan0: BSS: Start scan result update 347
02-25 19:10:44.509 D/wpa_supplicant(  642): wlan0: BSS: Remove id 558 BSSID 00:25:86:5c:5e:30 SSID 'internet' due to no match in scan
02-25 19:10:44.509 D/wpa_supplicant(  642): CTRL_IFACE monitor send - hexdump(len=39): 2f 64 61 74 61 2f 6d 69 73 63 2f 77 69 66 69 2f 73 6f 63 6b 65 74 73 2f 77 70 61 5f 63 74 72 6c ...
02-25 19:10:44.509 D/wpa_supplicant(  642): BSS: last_scan_res_used=20/32 last_scan_full=0
02-25 19:10:44.509 D/wpa_supplicant(  642): wlan0: New scan results available
02-25 19:10:44.509 D/wpa_supplicant(  642): CTRL_IFACE monitor send - hexdump(len=39): 2f 64 61 74 61 2f 6d 69 73 63 2f 77 69 66 69 2f 73 6f 63 6b 65 74 73 2f 77 70 61 5f 63 74 72 6c ...
02-25 19:10:44.509 D/wpa_supplicant(  642): CTRL_IFACE monitor send - hexdump(len=39): 2f 64 61 74 61 2f 6d 69 73 63 2f 77 69 66 69 2f 73 6f 63 6b 65 74 73 2f 77 70 61 5f 63 74 72 6c ...
02-25 19:10:44.509 D/wpa_supplicant(  642): Authorize channel 1
02-25 19:10:44.509 D/wpa_supplicant(  642): Authorize channel 2
02-25 19:10:44.509 D/wpa_supplicant(  642): Authorize channel 3
02-25 19:10:44.509 D/wpa_supplicant(  642): Authorize channel 4
02-25 19:10:44.509 D/wpa_supplicant(  642): Authorize channel 5
02-25 19:10:44.509 D/wpa_supplicant(  642): Authorize channel 6
02-25 19:10:44.509 D/wpa_supplicant(  642): Authorize channel 7
02-25 19:10:44.509 D/wpa_supplicant(  642): Authorize channel 8
02-25 19:10:44.509 D/wpa_supplicant(  642): Authorize channel 9
02-25 19:10:44.509 D/wpa_supplicant(  642): Authorize channel 10
02-25 19:10:44.509 D/wpa_supplicant(  642): Authorize channel 11
02-25 19:10:44.509 D/wpa_supplicant(  642): Authorize channel 12
02-25 19:10:44.509 D/wpa_supplicant(  642): Authorize channel 13
02-25 19:10:44.509 D/wpa_supplicant(  642): Authorize channel 1
02-25 19:10:44.509 D/wpa_supplicant(  642): Authorize channel 2
02-25 19:10:44.509 D/wpa_supplicant(  642): Authorize channel 3
02-25 19:10:44.509 D/wpa_supplicant(  642): Authorize channel 4
02-25 19:10:44.509 D/wpa_supplicant(  642): Authorize channel 5
02-25 19:10:44.509 D/wpa_supplicant(  642): Authorize channel 6
02-25 19:10:44.509 D/wpa_supplicant(  642): Authorize channel 7
02-25 19:10:44.509 D/wpa_supplicant(  642): Authorize channel 8
02-25 19:10:44.509 D/wpa_supplicant(  642): Authorize channel 9
02-25 19:10:44.509 D/wpa_supplicant(  642): Authorize channel 10
02-25 19:10:44.509 D/wpa_supplicant(  642): Authorize channel 11
02-25 19:10:44.509 D/wpa_supplicant(  642): Authorize channel 12
02-25 19:10:44.509 D/wpa_supplicant(  642): Authorize channel 13
02-25 19:10:44.509 D/wpa_supplicant(  642): Add access point on channel 6
02-25 19:10:44.509 D/wpa_supplicant(  642): Add access point on channel 6
02-25 19:10:44.509 D/wpa_supplicant(  642): Add access point on channel 11
02-25 19:10:44.509 D/wpa_supplicant(  642): Add access point on channel 3
02-25 19:10:44.509 D/wpa_supplicant(  642): Add access point on channel 11
02-25 19:10:44.509 D/wpa_supplicant(  642): Add access point on channel 6
02-25 19:10:44.509 D/wpa_supplicant(  642): Add access point on channel 11
02-25 19:10:44.509 D/wpa_supplicant(  642): Add access point on channel 1
02-25 19:10:44.509 D/wpa_supplicant(  642): Add access point on channel 6
02-25 19:10:44.509 D/wpa_supplicant(  642): Add access point on channel 8
02-25 19:10:44.509 D/wpa_supplicant(  642): Add access point on channel 6
02-25 19:10:44.509 D/wpa_supplicant(  642): Add access point on channel 6
02-25 19:10:44.509 D/wpa_supplicant(  642): Add access point on channel 1
02-25 19:10:44.509 D/wpa_supplicant(  642): Add access point on channel 11
02-25 19:10:44.509 D/wpa_supplicant(  642): Add access point on channel 2
02-25 19:10:44.509 D/wpa_supplicant(  642): Add access point on channel 1
02-25 19:10:44.509 D/wpa_supplicant(  642): Add access point on channel 1
02-25 19:10:44.509 D/wpa_supplicant(  642): Add access point on channel 1
02-25 19:10:44.509 D/wpa_supplicant(  642): Add access point on channel 6
02-25 19:10:44.509 D/wpa_supplicant(  642): Add access point on channel 6
02-25 19:10:44.509 D/wpa_supplicant(  642): Add access point on channel 9
02-25 19:10:44.509 D/wpa_supplicant(  642): Best Operating channel is = 11
02-25 19:10:44.509 D/wpa_supplicant(  642): WPS: AP[0] f8:d1:11:e7:99:e8 type=0 tries=0 last_attempt=-1 sec ago blacklist=0
02-25 19:10:44.509 D/wpa_supplicant(  642): WPS: AP[1] c8:d7:19:60:62:f2 type=0 tries=0 last_attempt=-1 sec ago blacklist=0
02-25 19:10:44.509 D/wpa_supplicant(  642): WPS: AP[2] 44:94:fc:3d:da:38 type=0 tries=0 last_attempt=-1 sec ago blacklist=0
02-25 19:10:44.509 D/wpa_supplicant(  642): WPS: AP[3] 10:c3:7b:d2:e5:e0 type=0 tries=0 last_attempt=-1 sec ago blacklist=0
02-25 19:10:44.509 D/wpa_supplicant(  642): WPS: AP[4] cc:34:29:2b:26:4c type=0 tries=0 last_attempt=-1 sec ago blacklist=0
02-25 19:10:44.509 D/wpa_supplicant(  642): WPS: AP[5] b0:48:7a:51:ff:cc type=0 tries=0 last_attempt=-1 sec ago blacklist=0
02-25 19:10:44.509 D/wpa_supplicant(  642): WPS: AP[6] cc:34:29:2c:fb:ec type=0 tries=0 last_attempt=-1 sec ago blacklist=0
02-25 19:10:44.509 D/wpa_supplicant(  642): WPS: AP[7] c0:a0:bb:20:3b:84 type=0 tries=0 last_attempt=-1 sec ago blacklist=0
02-25 19:10:44.509 D/wpa_supplicant(  642): WPS: AP[8] 02:09:4c:f8:ae:8e type=0 tries=0 last_attempt=-1 sec ago blacklist=0
02-25 19:10:44.509 D/wpa_supplicant(  642): WPS: AP[9] 10:9f:a9:dc:b1:fc type=0 tries=0 last_attempt=-1 sec ago blacklist=0
02-25 19:10:44.509 D/wpa_supplicant(  642): WPS: AP[10] 2c:b0:5d:7f:f4:24 type=0 tries=0 last_attempt=-1 sec ago blacklist=0
02-25 19:10:44.509 D/wpa_supplicant(  642): WPS: AP[11] 5e:f3:70:11:dc:fa type=0 tries=0 last_attempt=-1 sec ago blacklist=0
02-25 19:10:44.509 D/wpa_supplicant(  642): WPS: AP[12] 02:09:4c:a9:a9:11 type=0 tries=0 last_attempt=-1 sec ago blacklist=0
02-25 19:10:44.509 D/wpa_supplicant(  642): WPS: AP[13] 9c:21:6a:0d:eb:72 type=0 tries=0 last_attempt=-1 sec ago blacklist=0
02-25 19:10:44.509 D/wpa_supplicant(  642): WPS: AP[14] 98:fc:11:81:35:fb type=0 tries=0 last_attempt=-1 sec ago blacklist=0
02-25 19:10:44.509 D/wpa_supplicant(  642): WPS: AP[15] 7a:ff:57:00:14:07 type=0 tries=0 last_attempt=-1 sec ago blacklist=0
02-25 19:10:44.509 D/wpa_supplicant(  642): wlan0: Selecting BSS from priority group 19
02-25 19:10:44.509 D/wpa_supplicant(  642): wlan0: 0: f8:d1:11:e7:99:e8 ssid='videotest' wpa_ie_len=22 rsn_ie_len=20 caps=0x531 level=-47 wps
02-25 19:10:44.509 D/wpa_supplicant(  642): wlan0:    skip - SSID mismatch
02-25 19:10:44.509 D/wpa_supplicant(  642): wlan0: 1: c8:d7:19:60:62:f2 ssid='E3000-2.4G' wpa_ie_len=0 rsn_ie_len=20 caps=0x411 level=-48 wps
02-25 19:10:44.509 D/wpa_supplicant(  642): wlan0:    skip - SSID mismatch
02-25 19:10:44.509 D/wpa_supplicant(  642): wlan0: 2: cc:34:29:2b:26:4c ssid='cws-test' wpa_ie_len=0 rsn_ie_len=20 caps=0x431 level=-52 wps
02-25 19:10:44.509 D/wpa_supplicant(  642): wlan0:    skip - SSID mismatch
02-25 19:10:44.509 D/wpa_supplicant(  642): wlan0: 3: 90:94:e4:03:45:f5 ssid='DAP-2553_D' wpa_ie_len=0 rsn_ie_len=24 caps=0x431 level=-54
02-25 19:10:44.509 D/wpa_supplicant(  642): wlan0:    skip - SSID mismatch
02-25 19:10:44.509 D/wpa_supplicant(  642): wlan0: 4: 02:1a:11:fc:8b:fc ssid='love U forever' wpa_ie_len=0 rsn_ie_len=20 caps=0x431 level=-56
02-25 19:10:44.509 D/wpa_supplicant(  642): wlan0:    skip - SSID mismatch
02-25 19:10:44.509 D/wpa_supplicant(  642): wlan0: 5: c4:17:fe:3f:4f:fb ssid='cmcm' wpa_ie_len=0 rsn_ie_len=20 caps=0x511 level=-58
02-25 19:10:44.509 D/wpa_supplicant(  642): wlan0:    skip - SSID mismatch
02-25 19:10:44.509 D/wpa_supplicant(  642): wlan0: 6: 44:94:fc:3d:da:38 ssid='6300' wpa_ie_len=0 rsn_ie_len=20 caps=0x411 level=-61 wps
02-25 19:10:44.509 D/wpa_supplicant(  642): wlan0:    skip - SSID mismatch
02-25 19:10:44.509 D/wpa_supplicant(  642): wlan0: 7: 02:1a:11:ff:f7:0a ssid='io1' wpa_ie_len=0 rsn_ie_len=20 caps=0x431 level=-61
02-25 19:10:44.509 D/wpa_supplicant(  642): wlan0:    skip - SSID mismatch
02-25 19:10:44.509 D/wpa_supplicant(  642): wlan0: 8: 10:c3:7b:d2:e5:e0 ssid='ASUS_RT-AC66U-2.4G' wpa_ie_len=0 rsn_ie_len=20 caps=0x411 level=-63 wps
02-25 19:10:44.509 D/wpa_supplicant(  642): wlan0:    skip - SSID mismatch
02-25 19:10:44.509 D/wpa_supplicant(  642): wlan0: 9: cc:b2:55:e2:84:70 ssid='DLINK_APK' wpa_ie_len=22 rsn_ie_len=20 caps=0x411 level=-67
02-25 19:10:44.509 D/wpa_supplicant(  642): wlan0:    skip - SSID mismatch
02-25 19:10:44.509 D/wpa_supplicant(  642): wlan0: 10: cc:34:29:2c:fb:ec ssid='linksys' wpa_ie_len=22 rsn_ie_len=20 caps=0x431 level=-70 wps
02-25 19:10:44.509 D/wpa_supplicant(  642): wlan0:    skip - SSID mismatch
02-25 19:10:44.509 D/wpa_supplicant(  642): wlan0: 11: 00:0f:e2:0f:9f:c1 ssid='321_WAN' wpa_ie_len=28 rsn_ie_len=24 caps=0x411 level=-71
02-25 19:10:44.509 D/wpa_supplicant(  642): wlan0:    skip - SSID mismatch
02-25 19:10:44.509 D/wpa_supplicant(  642): wlan0: 12: c0:a0:bb:20:3b:84 ssid='dlink-3B84' wpa_ie_len=26 rsn_ie_len=24 caps=0x411 level=-73 wps
02-25 19:10:44.509 D/wpa_supplicant(  642): wlan0:    skip - SSID mismatch
02-25 19:10:44.509 D/wpa_supplicant(  642): wlan0: 13: e4:d3:32:c0:cf:a4 ssid='fast' wpa_ie_len=0 rsn_ie_len=20 caps=0x411 level=-73
02-25 19:10:44.509 D/wpa_supplicant(  642): wlan0:    skip - SSID mismatch
02-25 19:10:44.509 D/wpa_supplicant(  642): wlan0: 14: b0:48:7a:51:ff:cc ssid='Neusoft TP' wpa_ie_len=22 rsn_ie_len=20 caps=0x431 level=-78 wps
02-25 19:10:44.509 D/wpa_supplicant(  642): wlan0:    skip - SSID mismatch
02-25 19:10:44.509 D/wpa_supplicant(  642): wlan0: 15: 2c:b0:5d:7f:f4:24 ssid='NETGEAR38' wpa_ie_len=0 rsn_ie_len=20 caps=0x431 level=-87 wps
02-25 19:10:44.509 D/wpa_supplicant(  642): wlan0:    skip - SSID mismatch
02-25 19:10:44.509 D/wpa_supplicant(  642): wlan0: 16: 7a:24:af:24:0f:48 ssid='DIRECT-' wpa_ie_len=0 rsn_ie_len=0 caps=0x410 level=-77
02-25 19:10:44.509 D/wpa_supplicant(  642): wlan0:    skip - SSID mismatch
02-25 19:10:44.509 D/wpa_supplicant(  642): wlan0: 17: 98:fc:11:81:35:fb ssid='E2000EE' wpa_ie_len=0 rsn_ie_len=0 caps=0x401 level=-61 wps
02-25 19:10:44.509 D/wpa_supplicant(  642): wlan0:    skip - SSID mismatch
02-25 19:10:44.509 D/wpa_supplicant(  642): wlan0: 18: 50:bd:5f:4b:29:92 ssid='Internet-2' wpa_ie_len=0 rsn_ie_len=0 caps=0x421 level=-68
02-25 19:10:44.509 D/wpa_supplicant(  642): wlan0:    skip - SSID mismatch
02-25 19:10:44.509 D/wpa_supplicant(  642): wlan0: 19: e4:d3:32:dd:18:62 ssid='Internet' wpa_ie_len=0 rsn_ie_len=0 caps=0x421 level=-72
02-25 19:10:44.509 D/wpa_supplicant(  642): wlan0:    skip - SSID mismatch
02-25 19:10:44.509 D/wpa_supplicant(  642): wlan0: Selecting BSS from priority group 18
02-25 19:10:44.509 D/wpa_supplicant(  642): wlan0: 0: f8:d1:11:e7:99:e8 ssid='videotest' wpa_ie_len=22 rsn_ie_len=20 caps=0x531 level=-47 wps
02-25 19:10:44.509 D/wpa_supplicant(  642): wlan0:    skip - SSID mismatch
02-25 19:10:44.509 D/wpa_supplicant(  642): wlan0: 1: c8:d7:19:60:62:f2 ssid='E3000-2.4G' wpa_ie_len=0 rsn_ie_len=20 caps=0x411 level=-48 wps
02-25 19:10:44.509 D/wpa_supplicant(  642): wlan0:    skip - SSID mismatch
02-25 19:10:44.509 D/wpa_supplicant(  642): wlan0: 2: cc:34:29:2b:26:4c ssid='cws-test' wpa_ie_len=0 rsn_ie_len=20 caps=0x431 level=-52 wps
02-25 19:10:44.509 D/wpa_supplicant(  642): wlan0:    skip - SSID mismatch
02-25 19:10:44.509 D/wpa_supplicant(  642): wlan0: 3: 90:94:e4:03:45:f5 ssid='DAP-2553_D' wpa_ie_len=0 rsn_ie_len=24 caps=0x431 level=-54
02-25 19:10:44.509 D/wpa_supplicant(  642): wlan0:    skip - SSID mismatch
02-25 19:10:44.509 D/wpa_supplicant(  642): wlan0: 4: 02:1a:11:fc:8b:fc ssid='love U forever' wpa_ie_len=0 rsn_ie_len=20 caps=0x431 level=-56
02-25 19:10:44.509 D/wpa_supplicant(  642): wlan0:    skip - SSID mismatch
02-25 19:10:44.509 D/wpa_supplicant(  642): wlan0: 5: c4:17:fe:3f:4f:fb ssid='cmcm' wpa_ie_len=0 rsn_ie_len=20 caps=0x511 level=-58
02-25 19:10:44.509 D/wpa_supplicant(  642): wlan0:    skip - SSID mismatch
02-25 19:10:44.509 D/wpa_supplicant(  642): wlan0: 6: 44:94:fc:3d:da:38 ssid='6300' wpa_ie_len=0 rsn_ie_len=20 caps=0x411 level=-61 wps
02-25 19:10:44.509 D/wpa_supplicant(  642): wlan0:    skip - SSID mismatch
02-25 19:10:44.509 D/wpa_supplicant(  642): wlan0: 7: 02:1a:11:ff:f7:0a ssid='io1' wpa_ie_len=0 rsn_ie_len=20 caps=0x431 level=-61
02-25 19:10:44.509 D/wpa_supplicant(  642): wlan0:    skip - SSID mismatch
02-25 19:10:44.509 D/wpa_supplicant(  642): wlan0: 8: 10:c3:7b:d2:e5:e0 ssid='ASUS_RT-AC66U-2.4G' wpa_ie_len=0 rsn_ie_len=20 caps=0x411 level=-63 wps
02-25 19:10:44.509 D/wpa_supplicant(  642): wlan0:    skip - SSID mismatch
02-25 19:10:44.509 D/wpa_supplicant(  642): wlan0: 9: cc:b2:55:e2:84:70 ssid='DLINK_APK' wpa_ie_len=22 rsn_ie_len=20 caps=0x411 level=-67
02-25 19:10:44.509 D/wpa_supplicant(  642): wlan0:    skip - SSID mismatch
02-25 19:10:44.509 D/wpa_supplicant(  642): wlan0: 10: cc:34:29:2c:fb:ec ssid='linksys' wpa_ie_len=22 rsn_ie_len=20 caps=0x431 level=-70 wps
02-25 19:10:44.509 D/wpa_supplicant(  642): wlan0:    skip - SSID mismatch
02-25 19:10:44.509 D/wpa_supplicant(  642): wlan0: 11: 00:0f:e2:0f:9f:c1 ssid='321_WAN' wpa_ie_len=28 rsn_ie_len=24 caps=0x411 level=-71
02-25 19:10:44.509 D/wpa_supplicant(  642): wlan0:    skip - SSID mismatch
02-25 19:10:44.509 I/WifiHW  (  506): EVENT: IFNAME=wlan0 CTRL-EVENT-BSS-REMOVED 558 00:25:86:5c:5e:30
02-25 19:10:44.519 I/WifiHW  (  506): EVENT: IFNAME=wlan0 CTRL-EVENT-SCAN-RESULTS 
02-25 19:10:44.519 I/WifiHW  (  506): EVENT: IFNAME=wlan0 WPS-AP-AVAILABLE 
02-25 19:10:44.519 I/WifiHW  (  506): CMD: IFNAME=wlan0 BSS RANGE=0- MASK=0x21987
02-25 19:10:44.519 D/wpa_supplicant(  642): wlan0: 12: c0:a0:bb:20:3b:84 ssid='dlink-3B84' wpa_ie_len=26 rsn_ie_len=24 caps=0x411 level=-73 wps
02-25 19:10:44.519 D/wpa_supplicant(  642): wlan0:    skip - SSID mismatch
02-25 19:10:44.519 D/wpa_supplicant(  642): wlan0: 13: e4:d3:32:c0:cf:a4 ssid='fast' wpa_ie_len=0 rsn_ie_len=20 caps=0x411 level=-73
02-25 19:10:44.519 D/wpa_supplicant(  642): wlan0:    skip - SSID mismatch
02-25 19:10:44.519 D/wpa_supplicant(  642): wlan0: 14: b0:48:7a:51:ff:cc ssid='Neusoft TP' wpa_ie_len=22 rsn_ie_len=20 caps=0x431 level=-78 wps
02-25 19:10:44.519 D/wpa_supplicant(  642): wlan0:    skip - SSID mismatch
02-25 19:10:44.519 D/wpa_supplicant(  642): wlan0: 15: 2c:b0:5d:7f:f4:24 ssid='NETGEAR38' wpa_ie_len=0 rsn_ie_len=20 caps=0x431 level=-87 wps
02-25 19:10:44.519 D/wpa_supplicant(  642): wlan0:    skip - SSID mismatch
02-25 19:10:44.519 D/wpa_supplicant(  642): wlan0: 16: 7a:24:af:24:0f:48 ssid='DIRECT-' wpa_ie_len=0 rsn_ie_len=0 caps=0x410 level=-77
02-25 19:10:44.519 D/wpa_supplicant(  642): wlan0:    skip - SSID mismatch
02-25 19:10:44.519 D/wpa_supplicant(  642): wlan0: 17: 98:fc:11:81:35:fb ssid='E2000EE' wpa_ie_len=0 rsn_ie_len=0 caps=0x401 level=-61 wps
02-25 19:10:44.519 D/wpa_supplicant(  642): wlan0:    skip - SSID mismatch
02-25 19:10:44.519 D/wpa_supplicant(  642): wlan0: 18: 50:bd:5f:4b:29:92 ssid='Internet-2' wpa_ie_len=0 rsn_ie_len=0 caps=0x421 level=-68
02-25 19:10:44.519 D/wpa_supplicant(  642): wlan0:    skip - SSID mismatch
02-25 19:10:44.519 D/wpa_supplicant(  642): wlan0: 19: e4:d3:32:dd:18:62 ssid='Internet' wpa_ie_len=0 rsn_ie_len=0 caps=0x421 level=-72
02-25 19:10:44.519 D/wpa_supplicant(  642): wlan0:    skip - SSID mismatch
02-25 19:10:44.519 D/wpa_supplicant(  642): wlan0: Selecting BSS from priority group 17
02-25 19:10:44.519 D/wpa_supplicant(  642): wlan0: 0: f8:d1:11:e7:99:e8 ssid='videotest' wpa_ie_len=22 rsn_ie_len=20 caps=0x531 level=-47 wps
02-25 19:10:44.519 D/wpa_supplicant(  642): wlan0:    skip - SSID mismatch
02-25 19:10:44.519 D/wpa_supplicant(  642): wlan0: 1: c8:d7:19:60:62:f2 ssid='E3000-2.4G' wpa_ie_len=0 rsn_ie_len=20 caps=0x411 level=-48 wps
02-25 19:10:44.519 D/wpa_supplicant(  642): wlan0:    skip - SSID mismatch
02-25 19:10:44.519 D/wpa_supplicant(  642): wlan0: 2: cc:34:29:2b:26:4c ssid='cws-test' wpa_ie_len=0 rsn_ie_len=20 caps=0x431 level=-52 wps
02-25 19:10:44.519 D/wpa_supplicant(  642): wlan0:    skip - SSID mismatch
02-25 19:10:44.519 D/wpa_supplicant(  642): wlan0: 3: 90:94:e4:03:45:f5 ssid='DAP-2553_D' wpa_ie_len=0 rsn_ie_len=24 caps=0x431 level=-54
02-25 19:10:44.519 D/wpa_supplicant(  642): wlan0:    skip - SSID mismatch
02-25 19:10:44.519 D/wpa_supplicant(  642): wlan0: 4: 02:1a:11:fc:8b:fc ssid='love U forever' wpa_ie_len=0 rsn_ie_len=20 caps=0x431 level=-56
02-25 19:10:44.519 D/wpa_supplicant(  642): wlan0:    skip - SSID mismatch
02-25 19:10:44.519 D/wpa_supplicant(  642): wlan0: 5: c4:17:fe:3f:4f:fb ssid='cmcm' wpa_ie_len=0 rsn_ie_len=20 caps=0x511 level=-58
02-25 19:10:44.519 D/wpa_supplicant(  642): wlan0:    skip - SSID mismatch
02-25 19:10:44.519 D/wpa_supplicant(  642): wlan0: 6: 44:94:fc:3d:da:38 ssid='6300' wpa_ie_len=0 rsn_ie_len=20 caps=0x411 level=-61 wps
02-25 19:10:44.519 D/wpa_supplicant(  642): wlan0:    skip - SSID mismatch
02-25 19:10:44.519 D/wpa_supplicant(  642): wlan0: 7: 02:1a:11:ff:f7:0a ssid='io1' wpa_ie_len=0 rsn_ie_len=20 caps=0x431 level=-61
02-25 19:10:44.519 D/wpa_supplicant(  642): wlan0:    skip - SSID mismatch
02-25 19:10:44.519 D/wpa_supplicant(  642): wlan0: 8: 10:c3:7b:d2:e5:e0 ssid='ASUS_RT-AC66U-2.4G' wpa_ie_len=0 rsn_ie_len=20 caps=0x411 level=-63 wps
02-25 19:10:44.519 D/wpa_supplicant(  642): wlan0:    skip - SSID mismatch
02-25 19:10:44.519 D/wpa_supplicant(  642): wlan0: 9: cc:b2:55:e2:84:70 ssid='DLINK_APK' wpa_ie_len=22 rsn_ie_len=20 caps=0x411 level=-67
02-25 19:10:44.519 D/wpa_supplicant(  642): wlan0:    skip - SSID mismatch
02-25 19:10:44.519 D/wpa_supplicant(  642): wlan0: 10: cc:34:29:2c:fb:ec ssid='linksys' wpa_ie_len=22 rsn_ie_len=20 caps=0x431 level=-70 wps
02-25 19:10:44.519 D/wpa_supplicant(  642): wlan0:    skip - SSID mismatch
02-25 19:10:44.519 D/wpa_supplicant(  642): wlan0: 11: 00:0f:e2:0f:9f:c1 ssid='321_WAN' wpa_ie_len=28 rsn_ie_len=24 caps=0x411 level=-71
02-25 19:10:44.519 D/wpa_supplicant(  642): wlan0:    skip - SSID mismatch
02-25 19:10:44.519 D/wpa_supplicant(  642): wlan0: 12: c0:a0:bb:20:3b:84 ssid='dlink-3B84' wpa_ie_len=26 rsn_ie_len=24 caps=0x411 level=-73 wps
02-25 19:10:44.519 D/wpa_supplicant(  642): wlan0:    skip - SSID mismatch
02-25 19:10:44.519 D/wpa_supplicant(  642): wlan0: 13: e4:d3:32:c0:cf:a4 ssid='fast' wpa_ie_len=0 rsn_ie_len=20 caps=0x411 level=-73
02-25 19:10:44.519 D/wpa_supplicant(  642): wlan0:    skip - SSID mismatch
02-25 19:10:44.519 D/wpa_supplicant(  642): wlan0: 14: b0:48:7a:51:ff:cc ssid='Neusoft TP' wpa_ie_len=22 rsn_ie_len=20 caps=0x431 level=-78 wps
02-25 19:10:44.519 D/wpa_supplicant(  642): wlan0:    skip - SSID mismatch
02-25 19:10:44.519 D/wpa_supplicant(  642): wlan0: 15: 2c:b0:5d:7f:f4:24 ssid='NETGEAR38' wpa_ie_len=0 rsn_ie_len=20 caps=0x431 level=-87 wps
02-25 19:10:44.519 D/wpa_supplicant(  642): wlan0:    skip - SSID mismatch
02-25 19:10:44.519 D/wpa_supplicant(  642): wlan0: 16: 7a:24:af:24:0f:48 ssid='DIRECT-' wpa_ie_len=0 rsn_ie_len=0 caps=0x410 level=-77
02-25 19:10:44.519 D/wpa_supplicant(  642): wlan0:    skip - SSID mismatch
02-25 19:10:44.519 D/wpa_supplicant(  642): wlan0: 17: 98:fc:11:81:35:fb ssid='E2000EE' wpa_ie_len=0 rsn_ie_len=0 caps=0x401 level=-61 wps
02-25 19:10:44.519 D/wpa_supplicant(  642): wlan0:    skip - SSID mismatch
02-25 19:10:44.519 D/wpa_supplicant(  642): wlan0: 18: 50:bd:5f:4b:29:92 ssid='Internet-2' wpa_ie_len=0 rsn_ie_len=0 caps=0x421 level=-68
02-25 19:10:44.519 D/wpa_supplicant(  642): wlan0:    skip - SSID mismatch
02-25 19:10:44.519 D/wpa_supplicant(  642): wlan0: 19: e4:d3:32:dd:18:62 ssid='Internet' wpa_ie_len=0 rsn_ie_len=0 caps=0x421 level=-72
02-25 19:10:44.519 D/wpa_supplicant(  642): wlan0:    skip - SSID mismatch
02-25 19:10:44.519 D/wpa_supplicant(  642): wlan0: Selecting BSS from priority group 15
02-25 19:10:44.519 D/wpa_supplicant(  642): wlan0: 0: f8:d1:11:e7:99:e8 ssid='videotest' wpa_ie_len=22 rsn_ie_len=20 caps=0x531 level=-47 wps
02-25 19:10:44.519 D/wpa_supplicant(  642): wlan0:    skip - SSID mismatch
02-25 19:10:44.519 D/wpa_supplicant(  642): wlan0: 1: c8:d7:19:60:62:f2 ssid='E3000-2.4G' wpa_ie_len=0 rsn_ie_len=20 caps=0x411 level=-48 wps
02-25 19:10:44.519 D/wpa_supplicant(  642): wlan0:    skip - SSID mismatch
02-25 19:10:44.519 D/wpa_supplicant(  642): wlan0: 2: cc:34:29:2b:26:4c ssid='cws-test' wpa_ie_len=0 rsn_ie_len=20 caps=0x431 level=-52 wps
02-25 19:10:44.519 D/wpa_supplicant(  642): wlan0:    skip - SSID mismatch
02-25 19:10:44.519 D/wpa_supplicant(  642): wlan0: 3: 90:94:e4:03:45:f5 ssid='DAP-2553_D' wpa_ie_len=0 rsn_ie_len=24 caps=0x431 level=-54
02-25 19:10:44.519 D/wpa_supplicant(  642): wlan0:    skip - SSID mismatch
02-25 19:10:44.519 D/wpa_supplicant(  642): wlan0: 4: 02:1a:11:fc:8b:fc ssid='love U forever' wpa_ie_len=0 rsn_ie_len=20 caps=0x431 level=-56
02-25 19:10:44.519 D/wpa_supplicant(  642): wlan0:    skip - SSID mismatch
02-25 19:10:44.519 D/wpa_supplicant(  642): wlan0: 5: c4:17:fe:3f:4f:fb ssid='cmcm' wpa_ie_len=0 rsn_ie_len=20 caps=0x511 level=-58
02-25 19:10:44.519 D/wpa_supplicant(  642): wlan0:    skip - SSID mismatch
02-25 19:10:44.519 D/wpa_supplicant(  642): wlan0: 6: 44:94:fc:3d:da:38 ssid='6300' wpa_ie_len=0 rsn_ie_len=20 caps=0x411 level=-61 wps
02-25 19:10:44.519 D/wpa_supplicant(  642): wlan0:    skip - SSID mismatch
02-25 19:10:44.519 D/wpa_supplicant(  642): wlan0: 7: 02:1a:11:ff:f7:0a ssid='io1' wpa_ie_len=0 rsn_ie_len=20 caps=0x431 level=-61
02-25 19:10:44.519 D/wpa_supplicant(  642): wlan0:    skip - SSID mismatch
02-25 19:10:44.519 D/wpa_supplicant(  642): wlan0: 8: 10:c3:7b:d2:e5:e0 ssid='ASUS_RT-AC66U-2.4G' wpa_ie_len=0 rsn_ie_len=20 caps=0x411 level=-63 wps
02-25 19:10:44.519 D/wpa_supplicant(  642): wlan0:    skip - SSID mismatch
02-25 19:10:44.519 D/wpa_supplicant(  642): wlan0: 9: cc:b2:55:e2:84:70 ssid='DLINK_APK' wpa_ie_len=22 rsn_ie_len=20 caps=0x411 level=-67
02-25 19:10:44.519 D/wpa_supplicant(  642): wlan0:    skip - SSID mismatch
02-25 19:10:44.519 D/wpa_supplicant(  642): wlan0: 10: cc:34:29:2c:fb:ec ssid='linksys' wpa_ie_len=22 rsn_ie_len=20 caps=0x431 level=-70 wps
02-25 19:10:44.519 D/wpa_supplicant(  642): wlan0:    skip - SSID mismatch
02-25 19:10:44.519 D/wpa_supplicant(  642): wlan0: 11: 00:0f:e2:0f:9f:c1 ssid='321_WAN' wpa_ie_len=28 rsn_ie_len=24 caps=0x411 level=-71
02-25 19:10:44.519 D/wpa_supplicant(  642): wlan0:    skip - SSID mismatch
02-25 19:10:44.519 D/wpa_supplicant(  642): wlan0: 12: c0:a0:bb:20:3b:84 ssid='dlink-3B84' wpa_ie_len=26 rsn_ie_len=24 caps=0x411 level=-73 wps
02-25 19:10:44.519 D/wpa_supplicant(  642): wlan0:    skip - SSID mismatch
02-25 19:10:44.519 D/wpa_supplicant(  642): wlan0: 13: e4:d3:32:c0:cf:a4 ssid='fast' wpa_ie_len=0 rsn_ie_len=20 caps=0x411 level=-73
02-25 19:10:44.519 D/wpa_supplicant(  642): wlan0:    skip - SSID mismatch
02-25 19:10:44.519 D/wpa_supplicant(  642): wlan0: 14: b0:48:7a:51:ff:cc ssid='Neusoft TP' wpa_ie_len=22 rsn_ie_len=20 caps=0x431 level=-78 wps
02-25 19:10:44.519 D/wpa_supplicant(  642): wlan0:    skip - SSID mismatch
02-25 19:10:44.519 D/wpa_supplicant(  642): wlan0: 15: 2c:b0:5d:7f:f4:24 ssid='NETGEAR38' wpa_ie_len=0 rsn_ie_len=20 caps=0x431 level=-87 wps
02-25 19:10:44.519 D/wpa_supplicant(  642): wlan0:    skip - SSID mismatch
02-25 19:10:44.519 D/wpa_supplicant(  642): wlan0: 16: 7a:24:af:24:0f:48 ssid='DIRECT-' wpa_ie_len=0 rsn_ie_len=0 caps=0x410 level=-77
02-25 19:10:44.519 D/wpa_supplicant(  642): wlan0:    skip - SSID mismatch
02-25 19:10:44.519 D/wpa_supplicant(  642): wlan0: 17: 98:fc:11:81:35:fb ssid='E2000EE' wpa_ie_len=0 rsn_ie_len=0 caps=0x401 level=-61 wps
02-25 19:10:44.519 D/wpa_supplicant(  642): wlan0:    skip - SSID mismatch
02-25 19:10:44.519 D/wpa_supplicant(  642): wlan0: 18: 50:bd:5f:4b:29:92 ssid='Internet-2' wpa_ie_len=0 rsn_ie_len=0 caps=0x421 level=-68
02-25 19:10:44.519 D/wpa_supplicant(  642): wlan0:    skip - SSID mismatch
02-25 19:10:44.519 D/wpa_supplicant(  642): wlan0: 19: e4:d3:32:dd:18:62 ssid='Internet' wpa_ie_len=0 rsn_ie_len=0 caps=0x421 level=-72
02-25 19:10:44.519 D/wpa_supplicant(  642): wlan0:    skip - SSID mismatch
02-25 19:10:44.519 D/wpa_supplicant(  642): wlan0: Selecting BSS from priority group 4
02-25 19:10:44.519 D/wpa_supplicant(  642): wlan0: 0: f8:d1:11:e7:99:e8 ssid='videotest' wpa_ie_len=22 rsn_ie_len=20 caps=0x531 level=-47 wps
02-25 19:10:44.519 D/wpa_supplicant(  642): wlan0:    skip - SSID mismatch
02-25 19:10:44.519 D/wpa_supplicant(  642): wlan0: 1: c8:d7:19:60:62:f2 ssid='E3000-2.4G' wpa_ie_len=0 rsn_ie_len=20 caps=0x411 level=-48 wps
02-25 19:10:44.519 D/wpa_supplicant(  642): wlan0:    skip - SSID mismatch
02-25 19:10:44.519 D/wpa_supplicant(  642): wlan0: 2: cc:34:29:2b:26:4c ssid='cws-test' wpa_ie_len=0 rsn_ie_len=20 caps=0x431 level=-52 wps
02-25 19:10:44.519 D/wpa_supplicant(  642): wlan0:    skip - SSID mismatch
02-25 19:10:44.519 D/wpa_supplicant(  642): wlan0: 3: 90:94:e4:03:45:f5 ssid='DAP-2553_D' wpa_ie_len=0 rsn_ie_len=24 caps=0x431 level=-54
02-25 19:10:44.519 D/wpa_supplicant(  642): wlan0:    skip - SSID mismatch
02-25 19:10:44.519 D/wpa_supplicant(  642): wlan0: 4: 02:1a:11:fc:8b:fc ssid='love U forever' wpa_ie_len=0 rsn_ie_len=20 caps=0x431 level=-56
02-25 19:10:44.519 D/wpa_supplicant(  642): wlan0:    skip - SSID mismatch
02-25 19:10:44.519 D/wpa_supplicant(  642): wlan0: 5: c4:17:fe:3f:4f:fb ssid='cmcm' wpa_ie_len=0 rsn_ie_len=20 caps=0x511 level=-58
02-25 19:10:44.519 D/wpa_supplicant(  642): wlan0:    skip - SSID mismatch
02-25 19:10:44.519 D/wpa_supplicant(  642): wlan0: 6: 44:94:fc:3d:da:38 ssid='6300' wpa_ie_len=0 rsn_ie_len=20 caps=0x411 level=-61 wps
02-25 19:10:44.519 D/wpa_supplicant(  642): wlan0:    skip - SSID mismatch
02-25 19:10:44.519 D/wpa_supplicant(  642): wlan0: 7: 02:1a:11:ff:f7:0a ssid='io1' wpa_ie_len=0 rsn_ie_len=20 caps=0x431 level=-61
02-25 19:10:44.519 D/wpa_supplicant(  642): wlan0:    skip - SSID mismatch
02-25 19:10:44.519 D/wpa_supplicant(  642): wlan0: 8: 10:c3:7b:d2:e5:e0 ssid='ASUS_RT-AC66U-2.4G' wpa_ie_len=0 rsn_ie_len=20 caps=0x411 level=-63 wps
02-25 19:10:44.519 D/wpa_supplicant(  642): wlan0:    skip - SSID mismatch
02-25 19:10:44.519 D/wpa_supplicant(  642): wlan0: 9: cc:b2:55:e2:84:70 ssid='DLINK_APK' wpa_ie_len=22 rsn_ie_len=20 caps=0x411 level=-67
02-25 19:10:44.519 D/wpa_supplicant(  642): wlan0:    skip - SSID mismatch
02-25 19:10:44.519 D/wpa_supplicant(  642): wlan0: 10: cc:34:29:2c:fb:ec ssid='linksys' wpa_ie_len=22 rsn_ie_len=20 caps=0x431 level=-70 wps
02-25 19:10:44.519 D/wpa_supplicant(  642): wlan0:    skip - SSID mismatch
02-25 19:10:44.519 D/wpa_supplicant(  642): wlan0: 11: 00:0f:e2:0f:9f:c1 ssid='321_WAN' wpa_ie_len=28 rsn_ie_len=24 caps=0x411 level=-71
02-25 19:10:44.519 D/wpa_supplicant(  642): wlan0:    skip - SSID mismatch
02-25 19:10:44.519 D/wpa_supplicant(  642): wlan0: 12: c0:a0:bb:20:3b:84 ssid='dlink-3B84' wpa_ie_len=26 rsn_ie_len=24 caps=0x411 level=-73 wps
02-25 19:10:44.519 D/wpa_supplicant(  642): wlan0:    skip - SSID mismatch
02-25 19:10:44.519 D/wpa_supplicant(  642): wlan0: 13: e4:d3:32:c0:cf:a4 ssid='fast' wpa_ie_len=0 rsn_ie_len=20 caps=0x411 level=-73
02-25 19:10:44.519 D/wpa_supplicant(  642): wlan0:    skip - SSID mismatch
02-25 19:10:44.519 D/wpa_supplicant(  642): wlan0: 14: b0:48:7a:51:ff:cc ssid='Neusoft TP' wpa_ie_len=22 rsn_ie_len=20 caps=0x431 level=-78 wps
02-25 19:10:44.519 D/wpa_supplicant(  642): wlan0:    skip - SSID mismatch
02-25 19:10:44.519 D/wpa_supplicant(  642): wlan0: 15: 2c:b0:5d:7f:f4:24 ssid='NETGEAR38' wpa_ie_len=0 rsn_ie_len=20 caps=0x431 level=-87 wps
02-25 19:10:44.519 D/wpa_supplicant(  642): wlan0:    skip - SSID mismatch
02-25 19:10:44.519 D/wpa_supplicant(  642): wlan0: 16: 7a:24:af:24:0f:48 ssid='DIRECT-' wpa_ie_len=0 rsn_ie_len=0 caps=0x410 level=-77
02-25 19:10:44.519 D/wpa_supplicant(  642): wlan0:    skip - SSID mismatch
02-25 19:10:44.519 D/wpa_supplicant(  642): wlan0: 17: 98:fc:11:81:35:fb ssid='E2000EE' wpa_ie_len=0 rsn_ie_len=0 caps=0x401 level=-61 wps
02-25 19:10:44.519 D/wpa_supplicant(  642): wlan0:    skip - SSID mismatch
02-25 19:10:44.519 D/wpa_supplicant(  642): wlan0: 18: 50:bd:5f:4b:29:92 ssid='Internet-2' wpa_ie_len=0 rsn_ie_len=0 caps=0x421 level=-68
02-25 19:10:44.519 D/wpa_supplicant(  642): wlan0:    skip - SSID mismatch
02-25 19:10:44.519 D/wpa_supplicant(  642): wlan0: 19: e4:d3:32:dd:18:62 ssid='Internet' wpa_ie_len=0 rsn_ie_len=0 caps=0x421 level=-72
02-25 19:10:44.519 D/wpa_supplicant(  642): wlan0:    skip - SSID mismatch
02-25 19:10:44.519 D/wpa_supplicant(  642): wlan0: No suitable network found
02-25 19:10:44.519 D/wpa_supplicant(  642): wlan0: Setting scan request: 40 sec 0 usec
02-25 19:10:44.519 D/wpa_supplicant(  642): wlan0: Checking for other virtual interfaces sharing same radio (phy0) in event_scan_results
02-25 19:10:44.519 D/wpa_supplicant(  642): p2p-dev-wlan0: Updating scan results from sibling
02-25 19:10:44.529 D/wpa_supplicant(  642): nl80211: Received scan results (21 BSSes)
02-25 19:10:44.529 D/wpa_supplicant(  642): nl80211: Survey data missing
02-25 19:10:44.529 D/wpa_supplicant(  642): p2p-dev-wlan0: BSS: Start scan result update 347
02-25 19:10:44.529 D/wpa_supplicant(  642): BSS: No P2P IE - skipping BSS f8:d1:11:e7:99:e8 update for P2P interface
02-25 19:10:44.529 D/wpa_supplicant(  642): BSS: No P2P IE - skipping BSS c8:d7:19:60:62:f2 update for P2P interface
02-25 19:10:44.529 D/wpa_supplicant(  642): BSS: No P2P IE - skipping BSS cc:34:29:2b:26:4c update for P2P interface
02-25 19:10:44.529 D/wpa_supplicant(  642): BSS: No P2P IE - skipping BSS 90:94:e4:03:45:f5 update for P2P interface
02-25 19:10:44.529 D/wpa_supplicant(  642): BSS: No P2P IE - skipping BSS 02:1a:11:fc:8b:fc update for P2P interface
02-25 19:10:44.529 D/wpa_supplicant(  642): BSS: No P2P IE - skipping BSS c4:17:fe:3f:4f:fb update for P2P interface
02-25 19:10:44.529 D/wpa_supplicant(  642): BSS: No P2P IE - skipping BSS 44:94:fc:3d:da:38 update for P2P interface
02-25 19:10:44.529 D/wpa_supplicant(  642): BSS: No P2P IE - skipping BSS 02:1a:11:ff:f7:0a update for P2P interface
02-25 19:10:44.529 D/wpa_supplicant(  642): BSS: No P2P IE - skipping BSS 10:c3:7b:d2:e5:e0 update for P2P interface
02-25 19:10:44.529 D/wpa_supplicant(  642): BSS: No P2P IE - skipping BSS cc:b2:55:e2:84:70 update for P2P interface
02-25 19:10:44.529 D/wpa_supplicant(  642): BSS: No P2P IE - skipping BSS cc:34:29:2c:fb:ec update for P2P interface
02-25 19:10:44.529 D/wpa_supplicant(  642): BSS: No P2P IE - skipping BSS 00:0f:e2:0f:9f:c1 update for P2P interface
02-25 19:10:44.529 D/wpa_supplicant(  642): BSS: No P2P IE - skipping BSS c0:a0:bb:20:3b:84 update for P2P interface
02-25 19:10:44.529 D/wpa_supplicant(  642): BSS: No P2P IE - skipping BSS e4:d3:32:c0:cf:a4 update for P2P interface
02-25 19:10:44.529 D/wpa_supplicant(  642): BSS: No P2P IE - skipping BSS b0:48:7a:51:ff:cc update for P2P interface
02-25 19:10:44.529 D/wpa_supplicant(  642): BSS: No P2P IE - skipping BSS 2c:b0:5d:7f:f4:24 update for P2P interface
02-25 19:10:44.529 D/wpa_supplicant(  642): BSS: No P2P IE - skipping BSS 7a:24:af:24:0f:48 update for P2P interface
02-25 19:10:44.529 D/wpa_supplicant(  642): BSS: No P2P IE - skipping BSS 98:fc:11:81:35:fb update for P2P interface
02-25 19:10:44.529 D/wpa_supplicant(  642): BSS: No P2P IE - skipping BSS 50:bd:5f:4b:29:92 update for P2P interface
02-25 19:10:44.529 D/wpa_supplicant(  642): BSS: No P2P IE - skipping BSS e4:d3:32:dd:18:62 update for P2P interface
02-25 19:10:44.529 D/wpa_supplicant(  642): BSS: last_scan_res_used=0/32 last_scan_full=0
02-25 19:10:44.529 D/wpa_supplicant(  642): p2p-dev-wlan0: New scan results available
02-25 19:10:44.529 D/wpa_supplicant(  642): CTRL_IFACE monitor send - hexdump(len=39): 2f 64 61 74 61 2f 6d 69 73 63 2f 77 69 66 69 2f 73 6f 63 6b 65 74 73 2f 77 70 61 5f 63 74 72 6c ...
02-25 19:10:44.529 I/WifiHW  (  506): EVENT: IFNAME=p2p-dev-wlan0 CTRL-EVENT-SCAN-RESULTS 
02-25 19:10:44.529 D/wpa_supplicant(  642): WPS: AP[0] f8:d1:11:e7:99:e8 type=0 tries=0 last_attempt=-1 sec ago blacklist=0
02-25 19:10:44.529 D/wpa_supplicant(  642): WPS: AP[1] c8:d7:19:60:62:f2 type=0 tries=0 last_attempt=-1 sec ago blacklist=0
02-25 19:10:44.529 D/wpa_supplicant(  642): WPS: AP[2] 44:94:fc:3d:da:38 type=0 tries=0 last_attempt=-1 sec ago blacklist=0
02-25 19:10:44.529 D/wpa_supplicant(  642): WPS: AP[3] 10:c3:7b:d2:e5:e0 type=0 tries=0 last_attempt=-1 sec ago blacklist=0
02-25 19:10:44.529 D/wpa_supplicant(  642): WPS: AP[4] cc:34:29:2b:26:4c type=0 tries=0 last_attempt=-1 sec ago blacklist=0
02-25 19:10:44.529 D/wpa_supplicant(  642): WPS: AP[5] b0:48:7a:51:ff:cc type=0 tries=0 last_attempt=-1 sec ago blacklist=0
02-25 19:10:44.529 D/wpa_supplicant(  642): WPS: AP[6] cc:34:29:2c:fb:ec type=0 tries=0 last_attempt=-1 sec ago blacklist=0
02-25 19:10:44.529 D/wpa_supplicant(  642): WPS: AP[7] c0:a0:bb:20:3b:84 type=0 tries=0 last_attempt=-1 sec ago blacklist=0
02-25 19:10:44.529 D/wpa_supplicant(  642): WPS: AP[8] 02:09:4c:f8:ae:8e type=0 tries=0 last_attempt=-1 sec ago blacklist=0
02-25 19:10:44.529 D/wpa_supplicant(  642): WPS: AP[9] 10:9f:a9:dc:b1:fc type=0 tries=0 last_attempt=-1 sec ago blacklist=0
02-25 19:10:44.529 D/wpa_supplicant(  642): WPS: AP[10] 2c:b0:5d:7f:f4:24 type=0 tries=0 last_attempt=-1 sec ago blacklist=0
02-25 19:10:44.529 D/wpa_supplicant(  642): WPS: AP[11] 5e:f3:70:11:dc:fa type=0 tries=0 last_attempt=-1 sec ago blacklist=0
02-25 19:10:44.529 D/wpa_supplicant(  642): WPS: AP[12] 02:09:4c:a9:a9:11 type=0 tries=0 last_attempt=-1 sec ago blacklist=0
02-25 19:10:44.529 D/wpa_supplicant(  642): WPS: AP[13] 9c:21:6a:0d:eb:72 type=0 tries=0 last_attempt=-1 sec ago blacklist=0
02-25 19:10:44.529 D/wpa_supplicant(  642): WPS: AP[14] 98:fc:11:81:35:fb type=0 tries=0 last_attempt=-1 sec ago blacklist=0
02-25 19:10:44.529 D/wpa_supplicant(  642): WPS: AP[15] 7a:ff:57:00:14:07 type=0 tries=0 last_attempt=-1 sec ago blacklist=0
02-25 19:10:44.529 D/wpa_supplicant(  642): p2p-dev-wlan0: No suitable network found
02-25 19:10:44.529 D/wpa_supplicant(  642): p2p-dev-wlan0: Short-circuit new scan request since there are no enabled networks
02-25 19:10:44.529 D/wpa_supplicant(  642): p2p-dev-wlan0: State: INACTIVE -> INACTIVE
02-25 19:10:44.529 D/wpa_supplicant(  642): wlan0: P2P: Station mode scan operation not pending anymore (sta_scan_pending=0 p2p_cb_on_scan_complete=0)
02-25 19:10:44.529 D/wpa_supplicant(  642): RX ctrl_iface - hexdump(len=25): 42 53 53 20 52 41 4e 47 45 3d 30 2d 20 4d 41 53 4b 3d 30 78 32 31 39 38 37
02-25 19:10:44.529 D/wpa_supplicant(  642): wlan0: Control interface command 'BSS RANGE=0- MASK=0x21987'
02-25 19:10:44.529 D/wpa_supplicant(  642): RTM_NEWLINK: operstate=0 ifi_flags=0x11003 ([UP][LOWER_UP])
02-25 19:10:44.529 D/wpa_supplicant(  642): RTM_NEWLINK, IFLA_IFNAME: Interface 'wlan0' added
02-25 19:10:44.529 I/WifiHW  (  506): REPLY: id=537
02-25 19:10:44.529 I/WifiHW  (  506): REPLY: bssid=f8:d1:11:e7:99:e8
02-25 19:10:44.529 I/WifiHW  (  506): REPLY: freq=2437
02-25 19:10:44.529 I/WifiHW  (  506): REPLY: level=-47
02-25 19:10:44.529 I/WifiHW  (  506): REPLY: tsf=0000014485072235
02-25 19:10:44.529 I/WifiHW  (  506): REPLY: flags=[WPA-PSK-CCMP][WPA2-PSK-CCMP][WPS][ESS]
02-25 19:10:44.529 D/wpa_supplicant(  642): nl80211: if_removed already cleared - ignore event
02-25 19:10:44.529 I/WifiHW  (  506): REPLY: ssid=videotest
02-25 19:10:44.529 I/WifiHW  (  506): REPLY: ====
02-25 19:10:44.529 I/WifiHW  (  506): REPLY: id=538
02-25 19:10:44.529 I/WifiHW  (  506): REPLY: bssid=c8:d7:19:60:62:f2
02-25 19:10:44.529 I/WifiHW  (  506): REPLY: freq=2437
02-25 19:10:44.529 I/WifiHW  (  506): REPLY: level=-48
02-25 19:10:44.529 I/WifiHW  (  506): REPLY: tsf=0000014485072225
02-25 19:10:44.529 I/WifiHW  (  506): REPLY: flags=[WPA2-PSK-CCMP][WPS][ESS]
02-25 19:10:44.529 I/WifiHW  (  506): REPLY: ssid=E3000-2.4G
02-25 19:10:44.529 I/WifiHW  (  506): REPLY: ====
02-25 19:10:44.529 I/WifiHW  (  506): REPLY: id=539
02-25 19:10:44.529 I/WifiHW  (  506): REPLY: bssid=10:c3:7b:d2:e5:e0
02-25 19:10:44.529 I/WifiHW  (  506): REPLY: freq=2462
02-25 19:10:44.529 I/WifiHW  (  506): REPLY: level=-63
02-25 19:10:44.529 I/WifiHW  (  506): REPLY: tsf=0000014485072317
02-25 19:10:44.529 I/WifiHW  (  506): REPLY: flags=[WPA2-PSK-CCMP][WPS][ESS]
02-25 19:10:44.529 I/WifiHW  (  506): REPLY: ssid=ASUS_RT-AC66U-2.4G
02-25 19:10:44.529 I/WifiHW  (  506): REPLY: ====
02-25 19:10:44.529 I/WifiHW  (  506): REPLY: id=540
02-25 19:10:44.529 I/WifiHW  (  506): REPLY: bssid=90:94:e4:03:45:f5
02-25 19:10:44.529 I/WifiHW  (  506): REPLY: freq=2422
02-25 19:10:44.529 I/WifiHW  (  506): REPLY: level=-54
02-25 19:10:44.529 I/WifiHW  (  506): REPLY: tsf=0000014485072206
02-25 19:10:44.529 I/WifiHW  (  506): REPLY: flags=[WPA2-PSK-CCMP+TKIP][ESS]
02-25 19:10:44.529 I/WifiHW  (  506): REPLY: ssid=DAP-2553_D
02-25 19:10:44.529 I/WifiHW  (  506): REPLY: ====
02-25 19:10:44.529 I/WifiHW  (  506): REPLY: id=541
02-25 19:10:44.529 I/WifiHW  (  506): REPLY: bssid=44:94:fc:3d:da:38
02-25 19:10:44.529 I/WifiHW  (  506): REPLY: freq=2462
02-25 19:10:44.529 I/WifiHW  (  506): REPLY: level=-61
02-25 19:10:44.529 I/WifiHW  (  506): REPLY: tsf=0000014485072348
02-25 19:10:44.529 I/WifiHW  (  506): REPLY: flags=[WPA2-EAP-CCMP-preauth][WPS][ESS]
