02-25 21:31:53.459 D/wpa_supplicant(  642): wlan0: 16: c4:17:fe:3f:4f:fb ssid='cmcm' wpa_ie_len=0 rsn_ie_len=20 caps=0x511 level=-91
02-25 21:31:53.459 D/wpa_supplicant(  642): wlan0:    skip - SSID mismatch
02-25 21:31:53.459 D/wpa_supplicant(  642): wlan0: 17: 7a:24:af:24:0f:48 ssid='DIRECT-' wpa_ie_len=0 rsn_ie_len=0 caps=0x410 level=-69
02-25 21:31:53.459 D/wpa_supplicant(  642): wlan0:    skip - SSID mismatch
02-25 21:31:53.459 D/wpa_supplicant(  642): wlan0: 18: 02:09:4c:1f:fe:31 ssid='DIRECT-' wpa_ie_len=0 rsn_ie_len=0 caps=0x410 level=-73
02-25 21:31:53.459 D/wpa_supplicant(  642): wlan0:    skip - SSID mismatch
02-25 21:31:53.459 D/wpa_supplicant(  642): wlan0: 19: 98:fc:11:81:35:fb ssid='E2000EE' wpa_ie_len=0 rsn_ie_len=0 caps=0x401 level=-59 wps
02-25 21:31:53.459 D/wpa_supplicant(  642): wlan0:    skip - SSID mismatch
02-25 21:31:53.459 D/wpa_supplicant(  642): wlan0: 20: e4:d3:32:dd:18:62 ssid='Internet' wpa_ie_len=0 rsn_ie_len=0 caps=0x421 level=-67
02-25 21:31:53.459 D/wpa_supplicant(  642): wlan0:    skip - SSID mismatch
02-25 21:31:53.459 D/wpa_supplicant(  642): wlan0: 21: 50:bd:5f:4b:29:92 ssid='Internet-2' wpa_ie_len=0 rsn_ie_len=0 caps=0x421 level=-68
02-25 21:31:53.459 D/wpa_supplicant(  642): wlan0:    skip - SSID mismatch
02-25 21:31:53.459 D/wpa_supplicant(  642): wlan0: 22: 00:25:86:5c:5e:30 ssid='internet' wpa_ie_len=0 rsn_ie_len=0 caps=0x421 level=-86
02-25 21:31:53.459 D/wpa_supplicant(  642): wlan0:    skip - SSID mismatch
02-25 21:31:53.459 D/wpa_supplicant(  642): wlan0: No suitable network found
02-25 21:31:53.459 D/wpa_supplicant(  642): wlan0: Setting scan request: 40 sec 0 usec
02-25 21:31:53.459 D/wpa_supplicant(  642): wlan0: Checking for other virtual interfaces sharing same radio (phy0) in event_scan_results
02-25 21:31:53.459 D/wpa_supplicant(  642): p2p-dev-wlan0: Updating scan results from sibling
02-25 21:31:53.459 D/wpa_supplicant(  642): nl80211: Received scan results (24 BSSes)
02-25 21:31:53.459 D/wpa_supplicant(  642): nl80211: Survey data missing
02-25 21:31:53.459 D/wpa_supplicant(  642): p2p-dev-wlan0: BSS: Start scan result update 488
02-25 21:31:53.459 D/wpa_supplicant(  642): BSS: No P2P IE - skipping BSS c8:d7:19:60:62:f2 update for P2P interface
02-25 21:31:53.459 D/wpa_supplicant(  642): BSS: No P2P IE - skipping BSS f8:d1:11:e7:99:e8 update for P2P interface
02-25 21:31:53.459 D/wpa_supplicant(  642): BSS: No P2P IE - skipping BSS 02:1a:11:ff:f7:0a update for P2P interface
02-25 21:31:53.459 D/wpa_supplicant(  642): BSS: No P2P IE - skipping BSS 10:c3:7b:d2:e5:e0 update for P2P interface
02-25 21:31:53.459 D/wpa_supplicant(  642): BSS: No P2P IE - skipping BSS 90:94:e4:03:45:f5 update for P2P interface
02-25 21:31:53.459 D/wpa_supplicant(  642): BSS: No P2P IE - skipping BSS 44:94:fc:3d:da:38 update for P2P interface
02-25 21:31:53.459 D/wpa_supplicant(  642): BSS: No P2P IE - skipping BSS cc:34:29:2b:26:4c update for P2P interface
02-25 21:31:53.459 D/wpa_supplicant(  642): BSS: No P2P IE - skipping BSS 02:1a:11:fc:8b:fc update for P2P interface
02-25 21:31:53.459 D/wpa_supplicant(  642): BSS: No P2P IE - skipping BSS cc:34:29:2c:fb:ec update for P2P interface
02-25 21:31:53.459 D/wpa_supplicant(  642): BSS: No P2P IE - skipping BSS b0:48:7a:51:ff:cc update for P2P interface
02-25 21:31:53.459 D/wpa_supplicant(  642): BSS: No P2P IE - skipping BSS e4:d3:32:c0:cf:a4 update for P2P interface
02-25 21:31:53.459 D/wpa_supplicant(  642): BSS: No P2P IE - skipping BSS 80:1f:02:43:fb:e8 update for P2P interface
02-25 21:31:53.459 D/wpa_supplicant(  642): BSS: No P2P IE - skipping BSS cc:b2:55:e2:84:70 update for P2P interface
02-25 21:31:53.459 D/wpa_supplicant(  642): BSS: No P2P IE - skipping BSS 00:0f:e2:0f:9f:c1 update for P2P interface
02-25 21:31:53.459 D/wpa_supplicant(  642): BSS: No P2P IE - skipping BSS c0:a0:bb:20:3b:84 update for P2P interface
02-25 21:31:53.459 D/wpa_supplicant(  642): BSS: No P2P IE - skipping BSS 2c:b0:5d:7f:f4:24 update for P2P interface
02-25 21:31:53.459 D/wpa_supplicant(  642): BSS: No P2P IE - skipping BSS c4:17:fe:3f:4f:fb update for P2P interface
02-25 21:31:53.459 D/wpa_supplicant(  642): BSS: No P2P IE - skipping BSS 7a:24:af:24:0f:48 update for P2P interface
02-25 21:31:53.459 D/wpa_supplicant(  642): BSS: No P2P IE - skipping BSS 02:09:4c:1f:fe:31 update for P2P interface
02-25 21:31:53.459 D/wpa_supplicant(  642): BSS: No P2P IE - skipping BSS 98:fc:11:81:35:fb update for P2P interface
02-25 21:31:53.459 D/wpa_supplicant(  642): BSS: No P2P IE - skipping BSS e4:d3:32:dd:18:62 update for P2P interface
02-25 21:31:53.459 D/wpa_supplicant(  642): BSS: No P2P IE - skipping BSS 50:bd:5f:4b:29:92 update for P2P interface
02-25 21:31:53.459 D/wpa_supplicant(  642): BSS: No P2P IE - skipping BSS 00:25:86:5c:5e:30 update for P2P interface
02-25 21:31:53.459 D/wpa_supplicant(  642): BSS: last_scan_res_used=0/32 last_scan_full=0
02-25 21:31:53.459 D/wpa_supplicant(  642): p2p-dev-wlan0: New scan results available
02-25 21:31:53.459 D/wpa_supplicant(  642): CTRL_IFACE monitor send - hexdump(len=39): 2f 64 61 74 61 2f 6d 69 73 63 2f 77 69 66 69 2f 73 6f 63 6b 65 74 73 2f 77 70 61 5f 63 74 72 6c ...
02-25 21:31:53.459 D/wpa_supplicant(  642): WPS: AP[0] f8:d1:11:e7:99:e8 type=0 tries=0 last_attempt=-1 sec ago blacklist=0
02-25 21:31:53.459 D/wpa_supplicant(  642): WPS: AP[1] c8:d7:19:60:62:f2 type=0 tries=0 last_attempt=-1 sec ago blacklist=0
02-25 21:31:53.459 D/wpa_supplicant(  642): WPS: AP[2] 44:94:fc:3d:da:38 type=0 tries=0 last_attempt=-1 sec ago blacklist=0
02-25 21:31:53.459 D/wpa_supplicant(  642): WPS: AP[3] 10:c3:7b:d2:e5:e0 type=0 tries=0 last_attempt=-1 sec ago blacklist=0
02-25 21:31:53.459 D/wpa_supplicant(  642): WPS: AP[4] cc:34:29:2b:26:4c type=0 tries=0 last_attempt=-1 sec ago blacklist=0
02-25 21:31:53.459 D/wpa_supplicant(  642): WPS: AP[5] b0:48:7a:51:ff:cc type=0 tries=0 last_attempt=-1 sec ago blacklist=0
02-25 21:31:53.459 D/wpa_supplicant(  642): WPS: AP[6] cc:34:29:2c:fb:ec type=0 tries=0 last_attempt=-1 sec ago blacklist=0
02-25 21:31:53.459 D/wpa_supplicant(  642): WPS: AP[7] c0:a0:bb:20:3b:84 type=0 tries=0 last_attempt=-1 sec ago blacklist=0
02-25 21:31:53.459 D/wpa_supplicant(  642): WPS: AP[8] 02:09:4c:f8:ae:8e type=0 tries=0 last_attempt=-1 sec ago blacklist=0
02-25 21:31:53.459 D/wpa_supplicant(  642): WPS: AP[9] 10:9f:a9:dc:b1:fc type=0 tries=0 last_attempt=-1 sec ago blacklist=0
02-25 21:31:53.459 D/wpa_supplicant(  642): WPS: AP[10] 2c:b0:5d:7f:f4:24 type=0 tries=0 last_attempt=-1 sec ago blacklist=0
02-25 21:31:53.459 D/wpa_supplicant(  642): WPS: AP[11] 5e:f3:70:11:dc:fa type=0 tries=0 last_attempt=-1 sec ago blacklist=0
02-25 21:31:53.459 D/wpa_supplicant(  642): WPS: AP[12] 02:09:4c:a9:a9:11 type=0 tries=0 last_attempt=-1 sec ago blacklist=0
02-25 21:31:53.459 D/wpa_supplicant(  642): WPS: AP[13] 9c:21:6a:0d:eb:72 type=0 tries=0 last_attempt=-1 sec ago blacklist=0
02-25 21:31:53.459 D/wpa_supplicant(  642): WPS: AP[14] 98:fc:11:81:35:fb type=0 tries=0 last_attempt=-1 sec ago blacklist=0
02-25 21:31:53.459 D/wpa_supplicant(  642): WPS: AP[15] 7a:ff:57:00:14:07 type=0 tries=0 last_attempt=-1 sec ago blacklist=0
02-25 21:31:53.459 D/wpa_supplicant(  642): p2p-dev-wlan0: No suitable network found
02-25 21:31:53.459 D/wpa_supplicant(  642): p2p-dev-wlan0: Short-circuit new scan request since there are no enabled networks
02-25 21:31:53.459 D/wpa_supplicant(  642): p2p-dev-wlan0: State: INACTIVE -> INACTIVE
02-25 21:31:53.459 D/wpa_supplicant(  642): wlan0: P2P: Station mode scan operation not pending anymore (sta_scan_pending=0 p2p_cb_on_scan_complete=0)
02-25 21:31:53.459 D/wpa_supplicant(  642): RTM_NEWLINK: operstate=0 ifi_flags=0x11003 ([UP][LOWER_UP])
02-25 21:31:53.459 D/wpa_supplicant(  642): RTM_NEWLINK, IFLA_IFNAME: Interface 'wlan0' added
02-25 21:31:53.459 D/wpa_supplicant(  642): nl80211: if_removed already cleared - ignore event
02-25 21:31:53.469 I/WifiHW  (  506): EVENT: IFNAME=wlan0 CTRL-EVENT-BSS-ADDED 678 2c:b0:5d:7f:f4:24
02-25 21:31:53.469 I/WifiHW  (  506): EVENT: IFNAME=wlan0 CTRL-EVENT-BSS-ADDED 679 02:09:4c:1f:fe:31
02-25 21:31:53.469 I/WifiHW  (  506): EVENT: IFNAME=wlan0 CTRL-EVENT-BSS-ADDED 680 00:25:86:5c:5e:30
02-25 21:31:53.469 I/WifiHW  (  506): EVENT: IFNAME=wlan0 CTRL-EVENT-SCAN-RESULTS 
02-25 21:31:53.469 I/WifiHW  (  506): EVENT: IFNAME=wlan0 WPS-AP-AVAILABLE 
02-25 21:31:53.469 I/WifiHW  (  506): EVENT: IFNAME=p2p-dev-wlan0 CTRL-EVENT-SCAN-RESULTS 
02-25 21:31:53.469 I/WifiHW  (  506): CMD: IFNAME=wlan0 BSS RANGE=0- MASK=0x21987
02-25 21:31:53.469 D/wpa_supplicant(  642): RX ctrl_iface - hexdump(len=25): 42 53 53 20 52 41 4e 47 45 3d 30 2d 20 4d 41 53 4b 3d 30 78 32 31 39 38 37
02-25 21:31:53.469 D/wpa_supplicant(  642): wlan0: Control interface command 'BSS RANGE=0- MASK=0x21987'
02-25 21:31:53.469 I/WifiHW  (  506): REPLY: id=630
02-25 21:31:53.469 I/WifiHW  (  506): REPLY: bssid=f8:d1:11:e7:99:e8
02-25 21:31:53.469 I/WifiHW  (  506): REPLY: freq=2437
02-25 21:31:53.469 I/WifiHW  (  506): REPLY: level=-48
02-25 21:31:53.469 I/WifiHW  (  506): REPLY: tsf=0000022954023966
02-25 21:31:53.469 I/WifiHW  (  506): REPLY: flags=[WPA-PSK-CCMP][WPA2-PSK-CCMP][WPS][ESS]
02-25 21:31:53.469 I/WifiHW  (  506): REPLY: ssid=videotest
02-25 21:31:53.469 I/WifiHW  (  506): REPLY: ====
02-25 21:31:53.469 I/WifiHW  (  506): REPLY: id=631
02-25 21:31:53.469 I/WifiHW  (  506): REPLY: bssid=c8:d7:19:60:62:f2
02-25 21:31:53.469 I/WifiHW  (  506): REPLY: freq=2437
02-25 21:31:53.469 I/WifiHW  (  506): REPLY: level=-48
02-25 21:31:53.469 I/WifiHW  (  506): REPLY: tsf=0000022954023958
02-25 21:31:53.469 I/WifiHW  (  506): REPLY: flags=[WPA2-PSK-CCMP][WPS][ESS]
02-25 21:31:53.469 I/WifiHW  (  506): REPLY: ssid=E3000-2.4G
02-25 21:31:53.469 I/WifiHW  (  506): REPLY: ====
02-25 21:31:53.469 I/WifiHW  (  506): REPLY: id=632
02-25 21:31:53.469 I/WifiHW  (  506): REPLY: bssid=10:c3:7b:d2:e5:e0
02-25 21:31:53.469 I/WifiHW  (  506): REPLY: freq=2462
02-25 21:31:53.469 I/WifiHW  (  506): REPLY: level=-53
02-25 21:31:53.469 I/WifiHW  (  506): REPLY: tsf=0000022954023995
02-25 21:31:53.469 I/WifiHW  (  506): REPLY: flags=[WPA2-PSK-CCMP][WPS][ESS]
02-25 21:31:53.469 I/WifiHW  (  506): REPLY: ssid=ASUS_RT-AC66U-2.4G
02-25 21:31:53.469 I/WifiHW  (  506): REPLY: ====
02-25 21:31:53.469 I/WifiHW  (  506): REPLY: id=633
02-25 21:31:53.469 I/WifiHW  (  506): REPLY: bssid=90:94:e4:03:45:f5
02-25 21:31:53.469 I/WifiHW  (  506): REPLY: freq=2422
02-25 21:31:53.469 I/WifiHW  (  506): REPLY: level=-55
02-25 21:31:53.469 I/WifiHW  (  506): REPLY: tsf=0000022954023951
02-25 21:31:53.469 I/WifiHW  (  506): REPLY: flags=[WPA2-PSK-CCMP+TKIP][ESS]
02-25 21:31:53.469 I/WifiHW  (  506): REPLY: ssid=DAP-2553_D
02-25 21:31:53.469 I/WifiHW  (  506): REPLY: ====
02-25 21:31:53.469 I/WifiHW  (  506): REPLY: id=634
02-25 21:31:53.469 I/WifiHW  (  506): REPLY: bssid=02:1a:11:ff:f7:0a
02-25 21:31:53.469 I/WifiHW  (  506): REPLY: freq=2437
02-25 21:31:53.469 I/WifiHW  (  506): REPLY: level=-53
02-25 21:31:53.469 I/WifiHW  (  506): REPLY: tsf=0000022954023956
02-25 21:31:53.469 I/WifiHW  (  506): REPLY: flags=[WPA2-PSK-CCMP][ESS]
02-25 21:31:53.469 I/WifiHW  (  506): REPLY: ssid=io1
02-25 21:31:53.469 I/WifiHW  (  506): REPLY: ====
02-25 21:31:53.469 I/WifiHW  (  506): REPLY: id=635
02-25 21:31:53.469 I/WifiHW  (  506): REPLY: bssid=44:94:fc:3d:da:38
02-25 21:31:53.469 I/WifiHW  (  506): REPLY: freq=2462
02-25 21:31:53.469 I/WifiHW  (  506): REPLY: level=-55
02-25 21:31:53.469 I/WifiHW  (  506): REPLY: tsf=0000022954023987
02-25 21:31:53.469 I/WifiHW  (  506): REPLY: flags=[WPA2-EAP-CCMP-preauth][WPS][ESS]
02-25 21:31:53.469 I/WifiHW  (  506): REPLY: ssid=6300
02-25 21:31:53.469 I/WifiHW  (  506): REPLY: ====
02-25 21:31:53.469 I/WifiHW  (  506): REPLY: id=636
02-25 21:31:53.469 I/WifiHW  (  506): REPLY: bssid=cc:34:29:2b:26:4c
02-25 21:31:53.469 I/WifiHW  (  506): REPLY: freq=2462
02-25 21:31:53.469 I/WifiHW  (  506): REPLY: level=-57
02-25 21:31:53.469 I/WifiHW  (  506): REPLY: tsf=0000022954023984
02-25 21:31:53.469 I/WifiHW  (  506): REPLY: flags=[WPA2-PSK-CCMP][WPS][ESS]
02-25 21:31:53.469 I/WifiHW  (  506): REPLY: ssid=cws-test
02-25 21:31:53.469 I/WifiHW  (  506): REPLY: ====
02-25 21:31:53.469 I/WifiHW  (  506): REPLY: id=637
02-25 21:31:53.469 I/WifiHW  (  506): REPLY: bssid=cc:34:29:2c:fb:ec
02-25 21:31:53.469 I/WifiHW  (  506): REPLY: freq=2412
02-25 21:31:53.469 I/WifiHW  (  506): REPLY: level=-64
02-25 21:31:53.469 I/WifiHW  (  506): REPLY: tsf=0000022954023942
02-25 21:31:53.469 I/WifiHW  (  506): REPLY: flags=[WPA-PSK-CCMP][WPA2-PSK-CCMP][WPS][ESS]
02-25 21:31:53.469 I/WifiHW  (  506): REPLY: ssid=linksys
02-25 21:31:53.469 I/WifiHW  (  506): REPLY: ====
02-25 21:31:53.469 I/WifiHW  (  506): REPLY: id=638
02-25 21:31:53.469 I/WifiHW  (  506): REPLY: bssid=80:1f:02:43:fb:e8
02-25 21:31:53.469 I/WifiHW  (  506): REPLY: freq=2412
02-25 21:31:53.469 I/WifiHW  (  506): REPLY: level=-67
02-25 21:31:53.469 I/WifiHW  (  506): REPLY: tsf=0000022954023939
02-25 21:31:53.469 I/WifiHW  (  506): REPLY: flags=[WPA2-PSK-CCMP-preauth][ESS]
02-25 21:31:53.469 I/WifiHW  (  506): REPLY: ssid=Edimax AP
02-25 21:31:53.469 I/WifiHW  (  506): REPLY: ====
02-25 21:31:53.469 I/WifiHW  (  506): REPLY: id=639
02-25 21:31:53.469 I/WifiHW  (  506): REPLY: bssid=c4:17:fe:3f:4f:fb
02-25 21:31:53.469 I/WifiHW  (  506): REPLY: freq=2437
02-25 21:31:53.469 I/WifiHW  (  506): REPLY: level=-91
02-25 21:31:53.469 I/WifiHW  (  506): REPLY: tsf=0000022954023954
02-25 21:31:53.469 I/WifiHW  (  506): REPLY: flags=[WPA2-PSK-CCMP][ESS]
02-25 21:31:53.469 I/WifiHW  (  506): REPLY: ssid=cmcm
02-25 21:31:53.469 I/WifiHW  (  506): REPLY: ====
02-25 21:31:53.469 I/WifiHW  (  506): REPLY: id=641
02-25 21:31:53.469 I/WifiHW  (  506): REPLY: bssid=02:1a:11:fc:8b:fc
02-25 21:31:53.469 I/WifiHW  (  506): REPLY: freq=2437
02-25 21:31:53.469 I/WifiHW  (  506): REPLY: level=-63
02-25 21:31:53.469 I/WifiHW  (  506): REPLY: tsf=0000022954023979
02-25 21:31:53.469 I/WifiHW  (  506): REPLY: flags=[WPA2-PSK-CCMP][ESS]
02-25 21:31:53.469 I/WifiHW  (  506): REPLY: ssid=love U forever
02-25 21:31:53.469 I/WifiHW  (  506): REPLY: ====
02-25 21:31:53.469 I/WifiHW  (  506): REPLY: id=642
02-25 21:31:53.469 I/WifiHW  (  506): REPLY: bssid=c0:a0:bb:20:3b:84
02-25 21:31:53.469 I/WifiHW  (  506): REPLY: freq=2417
02-25 21:31:53.469 I/WifiHW  (  506): REPLY: level=-78
02-25 21:31:53.469 I/WifiHW  (  506): REPLY: tsf=0000022954023948
02-25 21:31:53.469 I/WifiHW  (  506): REPLY: flags=[WPA-PSK-CCMP+TKIP][WPA2-PSK-CCMP+TKIP][WPS][ESS]
02-25 21:31:53.469 I/WifiHW  (  506): REPLY: ssid=dlink-3B84
02-25 21:31:53.469 I/WifiHW  (  506): REPLY: ====
02-25 21:31:53.469 I/WifiHW  (  506): REPLY: id=643
02-25 21:31:53.469 I/WifiHW  (  506): REPLY: bssid=00:0f:e2:0f:9f:c1
02-25 21:31:53.469 I/WifiHW  (  506): REPLY: freq=2462
02-25 21:31:53.469 I/WifiHW  (  506): REPLY: level=-73
02-25 21:31:53.469 I/WifiHW  (  506): REPLY: tsf=0000022954023997
02-25 21:31:53.469 I/WifiHW  (  506): REPLY: flags=[WPA-PSK-CCMP+TKIP][WPA2-PSK-CCMP+TKIP][ESS]
02-25 21:31:53.469 I/WifiHW  (  506): REPLY: ssid=321_WAN
02-25 21:31:53.469 I/WifiHW  (  506): REPLY: ====
02-25 21:31:53.469 I/WifiHW  (  506): REPLY: id=648
02-25 21:31:53.469 I/WifiHW  (  506): REPLY: bssid=98:fc:11:81:35:fb
02-25 21:31:53.469 I/WifiHW  (  506): REPLY: freq=2412
02-25 21:31:53.469 I/WifiHW  (  506): REPLY: level=-59
02-25 21:31:53.469 I/WifiHW  (  506): REPLY: tsf=0000022954023935
02-25 21:31:53.469 I/WifiHW  (  506): REPLY: flags=[WPS][ESS]
02-25 21:31:53.469 I/WifiHW  (  506): REPLY: ssid=E2000EE
02-25 21:31:53.469 I/WifiHW  (  506): REPLY: ====
02-25 21:31:53.469 I/WifiHW  (  506): REPLY: id=649
02-25 21:31:53.469 I/WifiHW  (  506): REPLY: bssid=50:bd:5f:4b:29:92
02-25 21:31:53.469 I/WifiHW  (  506): REPLY: freq=2437
02-25 21:31:53.469 I/WifiHW  (  506): REPLY: level=-68
02-25 21:31:53.469 I/WifiHW  (  506): REPLY: tsf=0000022954023964
02-25 21:31:53.469 I/chromium(15377): [INFO:CONSOLE(70)] "WARNING: Message from backend doesn't have data.", source:  (70)
02-25 21:31:53.469 I/WifiHW  (  506): REPLY: flags=[ESS]
02-25 21:31:53.469 I/WifiHW  (  506): REPLY: ssid=Internet-2
02-25 21:31:53.469 I/WifiHW  (  506): REPLY: ====
02-25 21:31:53.469 I/WifiHW  (  506): REPLY: id=650
02-25 21:31:53.469 I/WifiHW  (  506): REPLY: bssid=e4:d3:32:dd:18:62
02-25 21:31:53.469 I/WifiHW  (  506): REPLY: freq=2437
02-25 21:31:53.469 I/WifiHW  (  506): REPLY: level=-67
02-25 21:31:53.469 I/WifiHW  (  506): REPLY: tsf=0000022954023961
02-25 21:31:53.469 I/WifiHW  (  506): REPLY: flags=[ESS]
02-25 21:31:53.469 I/WifiHW  (  506): REPLY: ssid=Internet
02-25 21:31:53.469 I/WifiHW  (  506): REPLY: ====
02-25 21:31:53.469 I/WifiHW  (  506): REPLY: id=652
02-25 21:31:53.469 I/WifiHW  (  506): REPLY: bssid=e4:d3:32:c0:cf:a4
02-25 21:31:53.469 I/WifiHW  (  506): REPLY: freq=2437
02-25 21:31:53.469 I/WifiHW  (  506): REPLY: level=-66
02-25 21:31:53.469 I/WifiHW  (  506): REPLY: tsf=0000022954023972
02-25 21:31:53.469 I/WifiHW  (  506): REPLY: flags=[WPA2-PSK-CCMP][ESS]
02-25 21:31:53.469 I/WifiHW  (  506): REPLY: ssid=fast
02-25 21:31:53.469 I/WifiHW  (  506): REPLY: ====
02-25 21:31:53.469 I/WifiHW  (  506): REPLY: id=672
02-25 21:31:53.469 I/WifiHW  (  506): REPLY: bssid=7a:24:af:24:0f:48
02-25 21:31:53.469 I/WifiHW  (  506): REPLY: freq=2412
02-25 21:31:53.469 I/WifiHW  (  506): REPLY: level=-69
02-25 21:31:53.469 I/WifiHW  (  506): REPLY: tsf=0000022954023992
02-25 21:31:53.469 I/WifiHW  (  506): REPLY: flags=[WEP]
02-25 21:31:53.469 I/WifiHW  (  506): REPLY: ssid=DIRECT-
02-25 21:31:53.469 I/WifiHW  (  506): REPLY: ====
02-25 21:31:53.469 I/WifiHW  (  506): REPLY: id=674
02-25 21:31:53.469 I/WifiHW  (  506): REPLY: bssid=b0:48:7a:51:ff:cc
02-25 21:31:53.469 I/WifiHW  (  506): REPLY: freq=2452
02-25 21:31:53.469 I/WifiHW  (  506): REPLY: level=-65
02-25 21:31:53.469 I/WifiHW  (  506): REPLY: tsf=0000022954023982
02-25 21:31:53.469 I/WifiHW  (  506): REPLY: flags=[WPA-PSK-CCMP][WPA2-PSK-CCMP][WPS][ESS]
02-25 21:31:53.469 I/WifiHW  (  506): REPLY: ssid=Neusoft TP
02-25 21:31:53.469 I/WifiHW  (  506): REPLY: ====
02-25 21:31:53.469 I/WifiHW  (  506): REPLY: id=676
02-25 21:31:53.469 I/WifiHW  (  506): REPLY: bssid=cc:b2:55:e2:84:70
02-25 21:31:53.469 I/WifiHW  (  506): REPLY: freq=2447
02-25 21:31:53.469 I/WifiHW  (  506): REPLY: level=-68
02-25 21:31:53.469 I/WifiHW  (  506): REPLY: tsf=0000022954023976
02-25 21:31:53.469 I/WifiHW  (  506): REPLY: flags=[WPA-PSK-TKIP][WPA2-PSK-TKIP][ESS]
02-25 21:31:53.469 I/WifiHW  (  506): REPLY: ssid=DLINK_APK
02-25 21:31:53.469 I/WifiHW  (  506): REPLY: ====
02-25 21:31:53.469 I/WifiHW  (  506): REPLY: id=677
02-25 21:31:53.469 I/WifiHW  (  506): REPLY: bssid=02:09:4c:f8:ae:8e
02-25 21:31:53.469 I/WifiHW  (  506): REPLY: freq=2412
02-25 21:31:53.469 I/WifiHW  (  506): REPLY: level=-65
02-25 21:31:53.469 I/WifiHW  (  506): REPLY: tsf=0000022912801692
02-25 21:31:53.469 I/WifiHW  (  506): REPLY: flags=[WEP]
02-25 21:31:53.469 I/WifiHW  (  506): REPLY: ssid=DIRECT-
02-25 21:31:53.469 I/WifiHW  (  506): REPLY: ====
02-25 21:31:53.469 I/WifiHW  (  506): REPLY: id=678
02-25 21:31:53.469 I/WifiHW  (  506): REPLY: bssid=2c:b0:5d:7f:f4:24
02-25 21:31:53.469 I/WifiHW  (  506): REPLY: freq=2412
02-25 21:31:53.469 I/WifiHW  (  506): REPLY: level=-85
02-25 21:31:53.469 I/WifiHW  (  506): REPLY: tsf=0000022954023945
02-25 21:31:53.469 I/WifiHW  (  506): REPLY: flags=[WPA2-PSK-CCMP][WPS][ESS]
02-25 21:31:53.469 I/WifiHW  (  506): REPLY: ssid=NETGEAR38
02-25 21:31:53.469 I/WifiHW  (  506): REPLY: ====
02-25 21:31:53.469 I/WifiHW  (  506): REPLY: id=679
02-25 21:31:53.469 I/WifiHW  (  506): REPLY: bssid=02:09:4c:1f:fe:31
02-25 21:31:53.469 I/WifiHW  (  506): REPLY: freq=2412
02-25 21:31:53.469 I/WifiHW  (  506): REPLY: level=-73
02-25 21:31:53.469 I/WifiHW  (  506): REPLY: tsf=0000022954023969
02-25 21:31:53.469 I/WifiHW  (  506): REPLY: flags=[WEP]
02-25 21:31:53.469 I/WifiHW  (  506): REPLY: ssid=DIRECT-
02-25 21:31:53.469 I/WifiHW  (  506): REPLY: ====
02-25 21:31:53.469 I/WifiHW  (  506): REPLY: id=680
02-25 21:31:53.469 I/WifiHW  (  506): REPLY: bssid=00:25:86:5c:5e:30
02-25 21:31:53.469 I/WifiHW  (  506): REPLY: freq=2437
02-25 21:31:53.469 I/WifiHW  (  506): REPLY: level=-86
02-25 21:31:53.469 I/WifiHW  (  506): REPLY: tsf=0000022954023974
02-25 21:31:53.469 I/WifiHW  (  506): REPLY: flags=[ESS]
02-25 21:31:53.469 I/WifiHW  (  506): REPLY: ssid=internet
02-25 21:31:53.469 I/WifiHW  (  506): REPLY: ####
02-25 21:31:53.519 E/Contacts(15377): org.json.JSONException: No value for contactId
02-25 21:31:53.619 W/BindingManager(15377): Cannot call determinedVisibility() - never saw a connection for the pid: 15377
02-25 21:31:53.619 I/chromium(15377): [INFO:CONSOLE(70)] "WARNING: Message from backend doesn't have data.", source:  (70)
02-25 21:31:53.809 W/BindingManager(15377): Cannot call determinedVisibility() - never saw a connection for the pid: 15377
02-25 21:31:53.989 D/dalvikvm(15597): GC_EXPLICIT freed 599K, 14% free 7671K/8888K, paused 0ms+3ms, total 18ms
02-25 21:31:54.169 I/chromium(15377): [INFO:CONSOLE(70)] "WARNING: Message from backend doesn't have data.", source:  (70)
02-25 21:31:54.559 D/SendBroadcastHandler(15597): mTimerTask sendMessage CONTACTS_DELETE 
02-25 21:31:54.559 D/AsusContactWigdetSync(15612): ready to sync contact id = 5
02-25 21:31:54.559 D/AsusContactWigdetSync(15612): ready to sync widget
02-25 21:31:54.559 D/SendBroadcastHandler(15597): sendBroadcast delete to voice agent
02-25 21:31:54.559 D/SendBroadcastHandler(15597): (Delete) sendBroadcast mDeleteContacts:5
02-25 21:31:54.559 D/SendBroadcastHandler(15597): (Delete) sendBroadcast mDeleteRawContactsVoice:5
02-25 21:31:54.559 D/SendBroadcastHandler(15597): sendBroadcast CONTACTS_DELETE
02-25 21:31:54.569 D/AsusContactWigdetSync(15612): delete contact_id = 473
02-25 21:31:54.569 D/AsusContactWigdetSync(15612): delete contact_id = 474
02-25 21:31:54.569 D/AsusContactWigdetSync(15612): delete contact_id = 475
02-25 21:31:54.569 D/AsusContactWigdetSync(15612): delete contact_id = 476
02-25 21:31:54.569 D/AsusContactWigdetSync(15612): delete contact_id = 477
02-25 21:31:54.569 D/AsusContactWigdetSync(15612): sync isdelete = true
02-25 21:31:54.569 D/AsusContactWigdetSync(15677): ready to sync contact id = 5
02-25 21:31:54.569 D/AsusContactWigdetSync(15677): ready to sync widget
02-25 21:31:54.569 W/BindingManager(15377): Cannot call determinedVisibility() - never saw a connection for the pid: 15377
02-25 21:31:54.569 D/AsusContactWigdetSync(15677): delete contact_id = 473
02-25 21:31:54.569 D/AsusContactWigdetSync(15677): delete contact_id = 474
02-25 21:31:54.569 D/AsusContactWigdetSync(15677): delete contact_id = 475
02-25 21:31:54.579 D/AsusContactWigdetSync(15677): delete contact_id = 476
02-25 21:31:54.579 D/AsusContactWigdetSync(15677): delete contact_id = 477
02-25 21:31:54.579 D/AsusContactWigdetSync(15677): sync isdelete = true
02-25 21:31:54.689 D/SendBroadcastHandler(15597): mTimerTask sendMessage CONTACTS_INSERT 
02-25 21:31:54.689 D/SendBroadcastHandler(15597): (insert) sendBroadcast mInsertRawContacts:6
02-25 21:31:54.689 D/SendBroadcastHandler(15597): (insert) sendBroadcast mInsertName:6
02-25 21:31:54.689 D/SendBroadcastHandler(15597): (insert) sendBroadcast mInsertNameDetail:6
02-25 21:31:54.689 D/SendBroadcastHandler(15597): sendBroadcast insert to voice agent
02-25 21:31:54.709 V/ActivityManager(  506): Remove bg service from mStartingBackground ,r=ServiceRecord{2204e110 u0 com.android.providers.calendar/.ContactsEventUpdateIntentService},r used time=42,left r count=3
02-25 21:31:55.099 D/AlarmManager(  506): Triggered Alarm 2208da08 ELAPSED_REALTIME_WAKEUP IntentSender{226a9080: PendingIntentRecord{22adf920 com.android.providers.calendar broadcastIntent}}
02-25 21:31:55.109 D/BatteryStatsImpl(  506): noteStopWakeLocked system isFromForeground = false
02-25 21:31:55.119 D/AlarmManager(  506): Removed alarm Alarm{21f35568 type 0 com.android.providers.calendar} type:RTC_WAKEUP
02-25 21:31:55.129 D/AlarmManager(  506): Added alarm Alarm{22101340 type 2 android} type:ELAPSED_REALTIME_WAKEUP when: After 0h:10m:35.0s
02-25 21:31:55.139 D/BatteryStatsImpl(  506): noteStopWakeLocked com.android.providers.calendar isFromForeground = false
02-25 21:31:55.139 D/AlarmManager(  506): Added alarm Alarm{22011240 type 0 com.android.providers.calendar} type:RTC_WAKEUP when: At 15-2-26 7:32
02-25 21:31:55.139 V/ActivityManager(  506): Remove bg service from mStartingBackground ,r=ServiceRecord{22010880 u0 com.android.providers.calendar/.CalendarProviderIntentService},r used time=32,left r count=3
02-25 21:31:55.569 D/AsusContactWigdetSync(15612): sync start
02-25 21:31:55.569 D/AsusContactWigdetSync(15612): sync selection = null
02-25 21:31:55.569 D/AsusContactWigdetSync(15612): sync delete selection = contact_id IN ( 476, 477, 474, 475, 473)
02-25 21:31:55.569 D/AsusContactWigdetSync(15612): sync stop
02-25 21:31:55.569 V/ActivityManager(  506): Remove bg service from mStartingBackground ,r=ServiceRecord{220823e0 u0 com.asus.contacts/com.android.contacts.miniwidget.SyncService},r used time=1006,left r count=2
02-25 21:31:55.579 D/AsusContactWigdetSync(15677): sync start
02-25 21:31:55.579 D/AsusContactWigdetSync(15677): sync selection = null
02-25 21:31:55.579 D/AsusContactWigdetSync(15677): sync delete selection = contact_id IN ( 476, 477, 474, 475, 473)
02-25 21:31:55.579 D/AsusContactWigdetSync(15677): sync stop
02-25 21:31:55.579 V/ActivityManager(  506): Remove bg service from mStartingBackground ,r=ServiceRecord{22055bb8 u0 com.asus.contactswidget/.SyncService},r used time=1017,left r count=1
02-25 21:31:55.709 I/CalendarProvider2(15653): Sending notification intent: Intent { act=android.intent.action.PROVIDER_CHANGED dat=content://com.android.calendar }
02-25 21:31:55.709 W/ContentResolver(15653): Failed to get type for: content://com.android.calendar (Unknown URL content://com.android.calendar)
02-25 21:31:55.719 D/AlertReceiver(15690): onReceive: a=android.intent.action.PROVIDER_CHANGED Intent { act=android.intent.action.PROVIDER_CHANGED dat=content://com.android.calendar flg=0x10 cmp=com.asus.calendar/com.android.calendar.alerts.AlertReceiver }
02-25 21:31:55.719 D/AlertService(15690): 0 Action = android.intent.action.PROVIDER_CHANGED
02-25 21:31:55.719 D/AlertService(15690): Beginning updateAlertNotification
02-25 21:31:55.719 V/ActivityManager(  506): Remove bg service from mStartingBackground ,r=ServiceRecord{22048a30 u0 com.android.providers.calendar/.EmptyService},r used time=1004,left r count=0
02-25 21:31:55.739 D/AlertService(15690): No fired or scheduled alerts
02-25 21:31:55.739 D/BatteryStatsImpl(  506): noteStopWakeLocked com.asus.calendar isFromForeground = false
02-25 21:31:55.739 V/ActivityManager(  506): Remove bg service from mStartingBackground ,r=ServiceRecord{21fc6090 u0 com.asus.calendar/com.android.calendar.alerts.AlertService},r used time=23,left r count=0
02-25 21:31:56.139 D/SendBroadcastHandler(15597): startTimer() SEND_TO_CONTACTS_WIDGET_DELETE 
02-25 21:31:56.299 W/chromium(15377): [WARNING:xwalk_extension_module.cc(203)] Exception when running message listener: file:///android_asset/www//opt/webapi-contactsmanager-w3c-tests/contactsmanager/ContactsChangeEvent_added_attribute.html:62:15 TypeError: Cannot read property '0' of undefined
02-25 21:31:56.299 W/chromium(15377):     if (e.added[0]) {
02-25 21:31:56.299 W/chromium(15377): 
02-25 21:31:56.389 D/SendBroadcastHandler(15597): startTimer() SEND_TO_CONTACTS_INSERT 
02-25 21:31:56.519 I/chromium(15377): [INFO:CONSOLE(70)] "WARNING: Message from backend doesn't have data.", source:  (70)
02-25 21:31:56.609 D/dalvikvm(  506): GC_EXPLICIT freed 148K, 53% free 16740K/35148K, paused 1ms+3ms, total 40ms
02-25 21:31:56.879 W/chromium(15377): [WARNING:xwalk_extension_module.cc(203)] Exception when running message listener: file:///android_asset/www//opt/webapi-contactsmanager-w3c-tests/contactsmanager/ContactsChangeEvent_modified_attribute.html:70:18 TypeError: Cannot read property '0' of undefined
02-25 21:31:56.879 W/chromium(15377):     if (e.modified[0]) {
02-25 21:31:56.879 W/chromium(15377): 
02-25 21:31:57.029 D/dalvikvm(15377): GC_CONCURRENT freed 3808K, 37% free 7353K/11496K, paused 0ms+2ms, total 15ms
02-25 21:31:57.029 W/BindingManager(15377): Cannot call determinedVisibility() - never saw a connection for the pid: 15377
02-25 21:31:57.029 I/chromium(15377): [INFO:CONSOLE(70)] "WARNING: Message from backend doesn't have data.", source:  (70)
02-25 21:31:57.049 W/chromium(15377): [WARNING:xwalk_extension_module.cc(203)] Exception when running message listener: file:///android_asset/www//opt/webapi-contactsmanager-w3c-tests/contactsmanager/ContactsChangeEvent_modified_attribute.html:70:18 TypeError: Cannot read property '0' of undefined
02-25 21:31:57.049 W/chromium(15377):     if (e.modified[0]) {
02-25 21:31:57.049 W/chromium(15377): 
02-25 21:31:57.089 D/dalvikvm(15597): GC_EXPLICIT freed 614K, 14% free 7669K/8888K, paused 1ms+4ms, total 20ms
02-25 21:31:57.349 D/SendBroadcastHandler(15597): startTimer() SEND_TO_CONTACTS_WIDGET_UPDATE 
02-25 21:31:57.539 I/Choreographer(15377): Skipped 30 frames!  The application may be doing too much work on its main thread.
02-25 21:31:57.969 W/BindingManager(15377): Cannot call determinedVisibility() - never saw a connection for the pid: 15377
02-25 21:31:57.969 I/chromium(15377): [INFO:CONSOLE(70)] "WARNING: Message from backend doesn't have data.", source:  (70)
02-25 21:31:58.199 D/AlarmManager(  506): Added alarm Alarm{220bd4e8 type 2 com.android.providers.calendar} type:ELAPSED_REALTIME_WAKEUP when: After 0h:0m:4.0s
02-25 21:31:58.209 E/Contacts(15377): org.json.JSONException: No value for contactId
02-25 21:31:58.209 V/ActivityManager(  506): Remove bg service from mStartingBackground ,r=ServiceRecord{22468ad0 u0 com.android.providers.calendar/.ContactsEventUpdateIntentService},r used time=74,left r count=1
02-25 21:31:58.369 I/chromium(15377): [INFO:CONSOLE(62)] "Uncaught (in promise) ReferenceError: info is not defined", source: file:///android_asset/www//opt/webapi-contactsmanager-w3c-tests/contactsmanager/ContactsChangeEvent_removed_attribute.html (62)
02-25 21:31:58.509 D/EVENT_THREAD(  183): void CEventThread::run() POLLIN event on Fd (1)
02-25 21:31:58.509 D/EVENT_THREAD(  183): void CEventThread::run() Do poll with timeout: -1
02-25 21:31:59.109 D/AndroidRuntime(16095): 
02-25 21:31:59.109 D/AndroidRuntime(16095): >>>>>> AndroidRuntime START com.android.internal.os.RuntimeInit <<<<<<
02-25 21:31:59.109 D/AndroidRuntime(16095): CheckJNI is OFF
02-25 21:31:59.109 I/AndroidRuntime(16095): Kernel Release Version: 3.10.20-gf818079
02-25 21:31:59.109 I/dalvikvm(16095): No library specified. The standard exception handler will be used
02-25 21:31:59.109 I/dalvikvm(16095): 
02-25 21:31:59.109 I/dalvikvm(16095): +++++++++++++ Using PCG. +++++++++++++++++++++
02-25 21:31:59.119 D/dalvikvm(16095): Trying to load lib libjavacore.so 0x0
02-25 21:31:59.119 D/dalvikvm(16095): Added shared lib libjavacore.so 0x0
02-25 21:31:59.119 D/dalvikvm(16095): Trying to load lib libnativehelper.so 0x0
02-25 21:31:59.119 D/dalvikvm(16095): Added shared lib libnativehelper.so 0x0
02-25 21:31:59.119 D/dalvikvm(16095): No JNI_OnLoad found in libnativehelper.so 0x0, skipping init
02-25 21:31:59.129 D/dalvikvm(16095): Extra Options: not specified
02-25 21:31:59.139 D/SendBroadcastHandler(15597): mTimerTask sendMessage CONTACTS_DELETE 
02-25 21:31:59.139 D/AsusContactWigdetSync(15612): ready to sync contact id = 4
02-25 21:31:59.139 D/AsusContactWigdetSync(15612): ready to sync widget
02-25 21:31:59.139 D/SendBroadcastHandler(15597): sendBroadcast delete to voice agent
02-25 21:31:59.139 D/SendBroadcastHandler(15597): (Delete) sendBroadcast mDeleteContacts:4
02-25 21:31:59.139 D/SendBroadcastHandler(15597): (Delete) sendBroadcast mDeleteRawContactsVoice:4
02-25 21:31:59.139 D/SendBroadcastHandler(15597): sendBroadcast CONTACTS_DELETE
02-25 21:31:59.139 D/AsusContactWigdetSync(15677): ready to sync contact id = 4
02-25 21:31:59.139 D/AsusContactWigdetSync(15612): delete contact_id = 478
02-25 21:31:59.139 D/AsusContactWigdetSync(15612): delete contact_id = 479
02-25 21:31:59.139 D/AsusContactWigdetSync(15612): delete contact_id = 480
02-25 21:31:59.139 D/AsusContactWigdetSync(15612): delete contact_id = 481
02-25 21:31:59.139 D/AsusContactWigdetSync(15612): sync isdelete = true
02-25 21:31:59.139 D/AsusContactWigdetSync(15677): ready to sync widget
02-25 21:31:59.139 D/dalvikvm(16095): Note: class Landroid/app/ActivityManagerNative; has 186 unimplemented (abstract) methods
02-25 21:31:59.139 D/AsusContactWigdetSync(15677): delete contact_id = 478
02-25 21:31:59.139 D/AsusContactWigdetSync(15677): delete contact_id = 479
02-25 21:31:59.149 D/AsusContactWigdetSync(15677): delete contact_id = 480
02-25 21:31:59.149 D/AsusContactWigdetSync(15677): delete contact_id = 481
02-25 21:31:59.149 D/AsusContactWigdetSync(15677): sync isdelete = true
02-25 21:31:59.209 I/CalendarProvider2(15653): Sending notification intent: Intent { act=android.intent.action.PROVIDER_CHANGED dat=content://com.android.calendar }
02-25 21:31:59.209 W/ContentResolver(15653): Failed to get type for: content://com.android.calendar (Unknown URL content://com.android.calendar)
02-25 21:31:59.209 D/AlertReceiver(15690): onReceive: a=android.intent.action.PROVIDER_CHANGED Intent { act=android.intent.action.PROVIDER_CHANGED dat=content://com.android.calendar flg=0x10 cmp=com.asus.calendar/com.android.calendar.alerts.AlertReceiver }
02-25 21:31:59.209 V/ActivityManager(  506): Remove bg service from mStartingBackground ,r=ServiceRecord{2244ad00 u0 com.android.providers.calendar/.EmptyService},r used time=1004,left r count=2
02-25 21:31:59.219 D/AlertService(15690): 0 Action = android.intent.action.PROVIDER_CHANGED
02-25 21:31:59.219 D/AlertService(15690): Beginning updateAlertNotification
02-25 21:31:59.229 E/memtrack(16095): Couldn't load memtrack module (No such file or directory)
02-25 21:31:59.229 E/android.os.Debug(16095): failed to load memtrack module: -2
02-25 21:31:59.239 D/AlertService(15690): No fired or scheduled alerts
02-25 21:31:59.239 D/BatteryStatsImpl(  506): noteStopWakeLocked com.asus.calendar isFromForeground = false
02-25 21:31:59.239 V/ActivityManager(  506): Remove bg service from mStartingBackground ,r=ServiceRecord{221e9de8 u0 com.asus.calendar/com.android.calendar.alerts.AlertService},r used time=27,left r count=2
02-25 21:31:59.269 D/AndroidRuntime(16095): Calling main entry com.android.commands.am.Am
02-25 21:31:59.289 I/ActivityManager(  506): Force stopping org.xwalk.webapi_noneservice_tests appid=10301 user=0: from pid 16095
02-25 21:31:59.289 I/ActivityManager(  506): Killing 15377:org.xwalk.webapi_noneservice_tests/u0a301 (adj 0): stop org.xwalk.webapi_noneservice_tests
02-25 21:31:59.289 W/ActivityManager(  506): Force removing ActivityRecord{21f11650 u0 org.xwalk.webapi_noneservice_tests/.webapi_noneservice_tests t32}: app died, no saved state
02-25 21:31:59.299 I/SecurityManagerService(  680): SMS received security event: App[STOP/org.xwalk.webapi_noneservice_tests]
02-25 21:31:59.299 D/WindowManager(  506): adjustConfigurationLw, config:{1.0 ?mcc?mnc ?locale ?layoutDir sw600dp w961dp h528dp 213dpi lrg land ?uimode ?night finger -keyb/v/h -nav/v} mLidState:1 mHasDockFeature:false mHasKeyboardFeature:false mHasHallSensorFeature:true config.hardKeyboardHidden:2
02-25 21:31:59.299 I/ActivityManager(  506): [TopPkgCurBat]	NowPkgName[testkit.stub]	Battery[68]	TimeTick[1424871119316]	OldPkgName[org.xwalk.webapi_noneservice_tests]
02-25 21:31:59.309 D/AndroidRuntime(16095): Shutting down VM
02-25 21:31:59.319 D/dalvikvm(16095): GC_CONCURRENT freed 112K, 16% free 666K/792K, paused 1ms+0ms, total 2ms
02-25 21:31:59.319 D/dalvikvm(16095): Compiler shutdown in progress - discarding request
02-25 21:31:59.319 D/dalvikvm(16095): Compiler shutdown in progress - discarding request
02-25 21:31:59.319 D/dalvikvm(16095): Compiler shutdown in progress - discarding request
02-25 21:31:59.319 D/dalvikvm(16095): Compiler shutdown in progress - discarding request
02-25 21:31:59.319 D/dalvikvm(16095): Compiler shutdown in progress - discarding request
02-25 21:31:59.319 D/dalvikvm(16095): Compiler shutdown in progress - discarding request
02-25 21:31:59.319 D/dalvikvm(16095): Compiler shutdown in progress - discarding request
02-25 21:31:59.319 D/dalvikvm(16095): Compiler shutdown in progress - discarding request
02-25 21:31:59.319 D/dalvikvm(16095): Compiler shutdown in progress - discarding request
02-25 21:31:59.319 D/dalvikvm(16095): Compiler shutdown in progress - discarding request
02-25 21:31:59.319 D/dalvikvm(16095): Compiler shutdown in progress - discarding request
02-25 21:31:59.319 D/dalvikvm(16095): Compiler shutdown in progress - discarding request
02-25 21:31:59.319 D/dalvikvm(16095): Compiler shutdown in progress - discarding request
02-25 21:31:59.319 D/dalvikvm(16095): Compiler shutdown in progress - discarding request
02-25 21:31:59.319 D/dalvikvm(16095): Compiler shutdown in progress - discarding request
02-25 21:31:59.319 D/dalvikvm(16095): Compiler shutdown in progress - discarding request
02-25 21:31:59.319 D/dalvikvm(16095): Compiler shutdown in progress - discarding request
02-25 21:31:59.319 D/dalvikvm(16095): Compiler shutdown in progress - discarding request
02-25 21:31:59.319 D/dalvikvm(16095): Compiler shutdown in progress - discarding request
02-25 21:31:59.319 D/dalvikvm(16095): Compiler shutdown in progress - discarding request
02-25 21:31:59.319 D/dalvikvm(16095): Compiler shutdown in progress - discarding request
02-25 21:31:59.319 D/dalvikvm(16095): Compiler shutdown in progress - discarding request
02-25 21:31:59.319 D/dalvikvm(16095): Compiler shutdown in progress - discarding request
02-25 21:31:59.319 D/dalvikvm(16095): Compiler shutdown in progress - discarding request
02-25 21:31:59.319 D/dalvikvm(16095): Compiler shutdown in progress - discarding request
02-25 21:31:59.319 D/dalvikvm(16095): Compiler shutdown in progress - discarding request
02-25 21:31:59.319 D/dalvikvm(16095): Compiler shutdown in progress - discarding request
02-25 21:31:59.319 D/dalvikvm(16095): Compiler shutdown in progress - discarding request
02-25 21:31:59.319 D/dalvikvm(16095): Compiler shutdown in progress - discarding request
02-25 21:31:59.319 D/dalvikvm(16095): Compiler shutdown in progress - discarding request
02-25 21:31:59.319 D/dalvikvm(16095): Compiler shutdown in progress - discarding request
02-25 21:31:59.319 D/dalvikvm(16095): Compiler shutdown in progress - discarding request
02-25 21:31:59.319 D/dalvikvm(16095): Compiler shutdown in progress - discarding request
02-25 21:31:59.319 D/dalvikvm(16095): Compiler shutdown in progress - discarding request
02-25 21:31:59.319 D/dalvikvm(16095): Compiler shutdown in progress - discarding request
02-25 21:31:59.319 D/dalvikvm(16095): Compiler shutdown in progress - discarding request
02-25 21:31:59.319 D/dalvikvm(16095): Compiler shutdown in progress - discarding request
02-25 21:31:59.319 D/dalvikvm(16095): Compiler shutdown in progress - discarding request
02-25 21:31:59.319 D/dalvikvm(16095): Compiler shutdown in progress - discarding request
02-25 21:31:59.319 D/dalvikvm(16095): Compiler shutdown in progress - discarding request
02-25 21:31:59.319 D/dalvikvm(16095): Compiler shutdown in progress - discarding request
02-25 21:31:59.339 V/AsusPhoneStatusBar(  567): setLightsOn(true)
02-25 21:31:59.339 E/JavaBinder(  506): !!! FAILED BINDER TRANSACTION !!!
02-25 21:31:59.339 E/JavaBinder(  506): !!! FAILED BINDER TRANSACTION !!!
02-25 21:31:59.339 E/JavaBinder(15258): !!! FAILED BINDER TRANSACTION !!!
02-25 21:31:59.339 D/XT9IME  (15258): new subtype :zh_CN ,pinyin
02-25 21:31:59.339 W/InputMethodManagerService(  506): Got RemoteException sending setActive(false) notification to pid 15377 uid 10301
02-25 21:31:59.369 W/WindowManager(  506): Rebuild removed 2 windows but added 1
02-25 21:31:59.369 W/WindowManager(  506): java.lang.RuntimeException: here
02-25 21:31:59.369 W/WindowManager(  506): 	at com.android.server.wm.WindowManagerService.rebuildAppWindowListLocked(WindowManagerService.java:8144)
02-25 21:31:59.369 W/WindowManager(  506): 	at com.android.server.wm.WindowManagerService.rebuildAppWindowListLocked(WindowManagerService.java:8080)
02-25 21:31:59.369 W/WindowManager(  506): 	at com.android.server.wm.WindowManagerService.handleAppTransitionReadyLocked(WindowManagerService.java:8563)
02-25 21:31:59.369 W/WindowManager(  506): 	at com.android.server.wm.WindowManagerService.performLayoutAndPlaceSurfacesLockedInner(WindowManagerService.java:9333)
02-25 21:31:59.369 W/WindowManager(  506): 	at com.android.server.wm.WindowManagerService.performLayoutAndPlaceSurfacesLockedLoop(WindowManagerService.java:8296)
02-25 21:31:59.369 W/WindowManager(  506): 	at com.android.server.wm.WindowManagerService.performLayoutAndPlaceSurfacesLocked(WindowManagerService.java:8238)
02-25 21:31:59.369 W/WindowManager(  506): 	at com.android.server.wm.WindowManagerService.access$400(WindowManagerService.java:158)
02-25 21:31:59.369 W/WindowManager(  506): 	at com.android.server.wm.WindowManagerService$H.handleMessage(WindowManagerService.java:7272)
02-25 21:31:59.369 W/WindowManager(  506): 	at android.os.Handler.dispatchMessage(Handler.java:102)
02-25 21:31:59.369 W/WindowManager(  506): 	at android.os.Looper.loop(Looper.java:149)
02-25 21:31:59.369 W/WindowManager(  506): 	at android.os.HandlerThread.run(HandlerThread.java:61)
02-25 21:31:59.369 W/WindowManager(  506): This window was lost: Window{221e3778 u0 org.xwalk.webapi_noneservice_tests/org.xwalk.webapi_noneservice_tests.webapi_noneservice_tests}
02-25 21:31:59.369 W/WindowManager(  506): mDisplayId=0 mSession=Session{22175a58 15377:u0a10301} mClient=android.os.BinderProxy@228d7af0
02-25 21:31:59.369 W/WindowManager(  506): mOwnerUid=10301 mShowToOwnerOnly=true package=org.xwalk.webapi_noneservice_tests appop=NONE
02-25 21:31:59.369 W/WindowManager(  506): mAttrs=WM.LayoutParams{(0,0)(fillxfill) sim=#110 ty=1 fl=#1810900 pfl=0x8 wanim=0x1030001}
02-25 21:31:59.369 W/WindowManager(  506): Requested w=1280 h=736 mLayoutSeq=913
02-25 21:31:59.369 W/WindowManager(  506): mBaseLayer=21000 mSubLayer=0 mAnimLayer=21010+0=21010 mLastLayer=21010
02-25 21:31:59.369 W/WindowManager(  506): mToken=AppWindowToken{21f67100 token=Token{2242cd20 ActivityRecord{21f11650 u0 org.xwalk.webapi_noneservice_tests/.webapi_noneservice_tests t32}}}
02-25 21:31:59.369 W/WindowManager(  506): mRootToken=AppWindowToken{21f67100 token=Token{2242cd20 ActivityRecord{21f11650 u0 org.xwalk.webapi_noneservice_tests/.webapi_noneservice_tests t32}}}
02-25 21:31:59.369 W/WindowManager(  506): mAppToken=AppWindowToken{21f67100 token=Token{2242cd20 ActivityRecord{21f11650 u0 org.xwalk.webapi_noneservice_tests/.webapi_noneservice_tests t32}}}
02-25 21:31:59.369 W/WindowManager(  506): mViewVisibility=0x0 mHaveFrame=true mObscured=false
02-25 21:31:59.369 W/WindowManager(  506): mSeq=0 mSystemUiVisibility=0x0
02-25 21:31:59.369 W/WindowManager(  506): mGivenContentInsets=[0,0][0,0] mGivenVisibleInsets=[0,0][0,0]
02-25 21:31:59.369 W/WindowManager(  506): mConfiguration={1.0 ?mcc?mnc zh_CN ldltr sw600dp w961dp h528dp 213dpi lrg land finger -keyb/v/h -nav/h s.8}
02-25 21:31:59.369 W/WindowManager(  506): mHasSurface=true mShownFrame=[0.0,0.0][1280.0,736.0] isReadyForDisplay()=false
02-25 21:31:59.369 W/WindowManager(  506): mFrame=[0,0][1280,736] last=[0,0][1280,736]
02-25 21:31:59.369 W/WindowManager(  506): mSystemDecorRect=[0,33][1280,736] last=[0,33][1280,736]
02-25 21:31:59.369 W/WindowManager(  506): Frames: containing=[0,0][1280,736] parent=[0,0][1280,736]
02-25 21:31:59.369 W/WindowManager(  506):     display=[0,0][1280,736] overscan=[0,0][1280,800]
02-25 21:31:59.369 W/WindowManager(  506):     content=[0,33][1280,736] visible=[0,33][1280,736]
02-25 21:31:59.369 W/WindowManager(  506):     decor=[0,33][1280,736]
02-25 21:31:59.369 W/WindowManager(  506): Cur insets: overscan=[0,0][0,0] content=[0,33][0,0] visible=[0,33][0,0]
02-25 21:31:59.369 W/WindowManager(  506): Lst insets: overscan=[0,0][0,0] content=[0,33][0,0] visible=[0,33][0,0]
02-25 21:31:59.369 W/WindowManager(  506): WindowStateAnimator{221e3850 org.xwalk.webapi_noneservice_tests/org.xwalk.webapi_noneservice_tests.webapi_noneservice_tests}:
02-25 21:31:59.369 W/WindowManager(  506):   mSurface=Surface(name=org.xwalk.webapi_noneservice_tests/org.xwalk.webapi_noneservice_tests.webapi_noneservice_tests)
02-25 21:31:59.369 W/WindowManager(  506):   mDrawState=HAS_DRAWN mLastHidden=true
02-25 21:31:59.369 W/WindowManager(  506):   Surface: shown=false layer=21010 alpha=1.0 rect=(0.0,0.0) 1280.0 x 736.0
02-25 21:31:59.369 W/WindowManager(  506): Current app token list:
02-25 21:31:59.369 V/WindowManager(  506):   Display 0
02-25 21:31:59.369 V/WindowManager(  506):   #2: Token{221489e0 ActivityRecord{21ee0d40 u0 testkit.stub/.TestkitStub t30}}
02-25 21:31:59.369 V/WindowManager(  506):   #1: Token{22265018 ActivityRecord{21f459d0 u0 com.asus.launcher/com.android.launcher3.Launcher t1}}
02-25 21:31:59.369 V/WindowManager(  506):   #0: Token{226a7130 ActivityRecord{21fa7160 u0 com.asus.email/com.android.email.activity.setup.AccountSetupChooser t22}}
02-25 21:31:59.369 W/WindowManager(  506): Final window list:
02-25 21:31:59.369 V/WindowManager(  506):   #0: Window{21f9d040 u0 SearchPanel}
02-25 21:31:59.369 V/WindowManager(  506):   #1: Window{21fa6a88 u0 NavigationBar}
02-25 21:31:59.369 V/WindowManager(  506):   #2: Window{21f84730 u0 StatusBar}
02-25 21:31:59.369 V/WindowManager(  506):   #3: Window{221fc420 u0 Keyguard}
02-25 21:31:59.369 V/WindowManager(  506):   #4: Window{221c2928 u0 KeyguardScrim}
02-25 21:31:59.369 V/WindowManager(  506):   #5: Window{2203f728 u0 testkit.stub/testkit.stub.TestkitStub}
02-25 21:31:59.369 V/WindowManager(  506):   #6: Window{21fccb20 u0 com.android.systemui.ImageWallpaper}
02-25 21:31:59.379 I/WindowState(  506): WIN DEATH: Window{221e3778 u0 org.xwalk.webapi_noneservice_tests/org.xwalk.webapi_noneservice_tests.webapi_noneservice_tests}
02-25 21:31:59.379 W/SurfaceFlinger(  171): couldn't log to binary event log: overflow.
02-25 21:31:59.389 D/SendBroadcastHandler(15597): mTimerTask sendMessage CONTACTS_INSERT 
02-25 21:31:59.389 D/SendBroadcastHandler(15597): (insert) sendBroadcast mInsertRawContacts:3
02-25 21:31:59.389 D/SendBroadcastHandler(15597): (insert) sendBroadcast mInsertName:3
02-25 21:31:59.389 D/SendBroadcastHandler(15597): (insert) sendBroadcast mInsertNameDetail:3
02-25 21:31:59.389 D/SendBroadcastHandler(15597): sendBroadcast insert to voice agent
