--------- beginning of /dev/log/main
02-25 19:08:41.009 D/ALSAStreamOps(  183): attachRouteL output stream
02-25 19:08:41.009 D/AudioConversion(  183): configure: no convertion required
02-25 19:08:41.009 D/RouteManager(  183): executeUnmuteStage: --------------- Routing Stage = Unmute ---------------
02-25 19:08:41.009 D/RouteManager(  183): parameter-framework: Selection criterion changed event: Criterion name: RoutageState, current state: Flow|Path|Configure
02-25 19:08:41.009 D/RouteManager(  183): parameter-framework: Configuration application request {
02-25 19:08:41.009 D/RouteManager(  183): parameter-framework:     Applying configurations {
02-25 19:08:41.009 D/RouteManager(  183): parameter-framework:     } Applying configurations
02-25 19:08:41.009 D/RouteManager(  183): parameter-framework: } Configuration application request
02-25 19:08:41.009 D/EVENT_THREAD(  183): void CEventThread::run() Do poll with timeout: -1
02-25 19:08:41.009 D/RouteManager(  183): reconsiderRouting: DONE
02-25 19:08:41.379 V/KeyguardHostView(  567): onDetachedFromWindow = com.android.keyguard.KeyguardHostView{222f4bd0 V.E..... ......ID 0,0-1280,800 #7f0a0029 app:id/keyguard_host_view}
02-25 19:08:42.509 D/AndroidRuntime( 8941): 
02-25 19:08:42.509 D/AndroidRuntime( 8941): >>>>>> AndroidRuntime START com.android.internal.os.RuntimeInit <<<<<<
02-25 19:08:42.509 D/AndroidRuntime( 8941): CheckJNI is OFF
02-25 19:08:42.509 I/AndroidRuntime( 8941): Kernel Release Version: 3.10.20-gf818079
02-25 19:08:42.509 I/dalvikvm( 8941): No library specified. The standard exception handler will be used
02-25 19:08:42.509 I/dalvikvm( 8941): 
02-25 19:08:42.509 I/dalvikvm( 8941): +++++++++++++ Using PCG. +++++++++++++++++++++
02-25 19:08:42.519 D/dalvikvm( 8941): Trying to load lib libjavacore.so 0x0
02-25 19:08:42.519 D/dalvikvm( 8941): Added shared lib libjavacore.so 0x0
02-25 19:08:42.529 D/dalvikvm( 8941): Trying to load lib libnativehelper.so 0x0
02-25 19:08:42.529 D/dalvikvm( 8941): Added shared lib libnativehelper.so 0x0
02-25 19:08:42.529 D/dalvikvm( 8941): No JNI_OnLoad found in libnativehelper.so 0x0, skipping init
02-25 19:08:42.529 D/dalvikvm( 8941): Extra Options: not specified
02-25 19:08:42.539 D/dalvikvm( 8941): Note: class Landroid/app/ActivityManagerNative; has 186 unimplemented (abstract) methods
02-25 19:08:42.619 E/memtrack( 8941): Couldn't load memtrack module (No such file or directory)
02-25 19:08:42.619 E/android.os.Debug( 8941): failed to load memtrack module: -2
02-25 19:08:42.659 D/AndroidRuntime( 8941): Calling main entry com.android.commands.am.Am
02-25 19:08:42.679 D/AndroidRuntime( 8941): Shutting down VM
--------- beginning of /dev/log/system
02-25 19:08:42.679 I/ActivityManager(  506): Force stopping org.xwalk.webapi_noneservice_tests appid=10301 user=0: from pid 8941
02-25 19:08:42.689 D/dalvikvm( 8941): GC_CONCURRENT freed 112K, 16% free 666K/792K, paused 0ms+0ms, total 1ms
02-25 19:08:42.689 D/dalvikvm( 8941): Compiler shutdown in progress - discarding request
02-25 19:08:42.689 D/dalvikvm( 8941): Compiler shutdown in progress - discarding request
02-25 19:08:42.689 D/dalvikvm( 8941): Compiler shutdown in progress - discarding request
02-25 19:08:42.689 D/dalvikvm( 8941): Compiler shutdown in progress - discarding request
02-25 19:08:42.689 D/dalvikvm( 8941): Compiler shutdown in progress - discarding request
02-25 19:08:42.689 D/dalvikvm( 8941): Compiler shutdown in progress - discarding request
02-25 19:08:42.689 D/dalvikvm( 8941): Compiler shutdown in progress - discarding request
02-25 19:08:42.689 D/dalvikvm( 8941): Compiler shutdown in progress - discarding request
02-25 19:08:42.689 D/dalvikvm( 8941): Compiler shutdown in progress - discarding request
02-25 19:08:42.689 D/dalvikvm( 8941): Compiler shutdown in progress - discarding request
02-25 19:08:42.689 D/dalvikvm( 8941): Compiler shutdown in progress - discarding request
02-25 19:08:42.689 D/dalvikvm( 8941): Compiler shutdown in progress - discarding request
02-25 19:08:42.689 D/dalvikvm( 8941): Compiler shutdown in progress - discarding request
02-25 19:08:42.689 D/dalvikvm( 8941): Compiler shutdown in progress - discarding request
02-25 19:08:42.689 D/dalvikvm( 8941): Compiler shutdown in progress - discarding request
02-25 19:08:42.689 D/dalvikvm( 8941): Compiler shutdown in progress - discarding request
02-25 19:08:42.689 D/dalvikvm( 8941): Compiler shutdown in progress - discarding request
02-25 19:08:42.689 D/dalvikvm( 8941): Compiler shutdown in progress - discarding request
02-25 19:08:42.689 D/dalvikvm( 8941): Compiler shutdown in progress - discarding request
02-25 19:08:42.689 D/dalvikvm( 8941): Compiler shutdown in progress - discarding request
02-25 19:08:42.689 D/dalvikvm( 8941): Compiler shutdown in progress - discarding request
02-25 19:08:42.689 D/dalvikvm( 8941): Compiler shutdown in progress - discarding request
02-25 19:08:42.689 D/dalvikvm( 8941): Compiler shutdown in progress - discarding request
02-25 19:08:42.689 D/dalvikvm( 8941): Compiler shutdown in progress - discarding request
02-25 19:08:42.689 D/dalvikvm( 8941): Compiler shutdown in progress - discarding request
02-25 19:08:42.689 D/dalvikvm( 8941): Compiler shutdown in progress - discarding request
02-25 19:08:42.689 D/dalvikvm( 8941): Compiler shutdown in progress - discarding request
02-25 19:08:42.689 D/dalvikvm( 8941): Compiler shutdown in progress - discarding request
02-25 19:08:42.689 D/dalvikvm( 8941): Compiler shutdown in progress - discarding request
02-25 19:08:42.689 D/dalvikvm( 8941): Compiler shutdown in progress - discarding request
02-25 19:08:42.689 D/dalvikvm( 8941): Compiler shutdown in progress - discarding request
02-25 19:08:42.689 D/dalvikvm( 8941): Compiler shutdown in progress - discarding request
02-25 19:08:42.689 D/dalvikvm( 8941): Compiler shutdown in progress - discarding request
02-25 19:08:42.689 D/dalvikvm( 8941): Compiler shutdown in progress - discarding request
02-25 19:08:42.689 D/dalvikvm( 8941): Compiler shutdown in progress - discarding request
02-25 19:08:42.689 D/dalvikvm( 8941): Compiler shutdown in progress - discarding request
02-25 19:08:42.689 D/dalvikvm( 8941): Compiler shutdown in progress - discarding request
02-25 19:08:42.689 D/dalvikvm( 8941): Compiler shutdown in progress - discarding request
02-25 19:08:42.689 D/dalvikvm( 8941): Compiler shutdown in progress - discarding request
02-25 19:08:42.689 D/dalvikvm( 8941): Compiler shutdown in progress - discarding request
02-25 19:08:42.689 D/dalvikvm( 8941): Compiler shutdown in progress - discarding request
02-25 19:08:42.689 D/dalvikvm( 8941): Compiler shutdown in progress - discarding request
02-25 19:08:42.689 D/dalvikvm( 8941): Compiler shutdown in progress - discarding request
02-25 19:08:42.689 D/dalvikvm( 8941): Compiler shutdown in progress - discarding request
02-25 19:08:42.689 D/dalvikvm( 8941): Compiler shutdown in progress - discarding request
02-25 19:08:42.689 D/dalvikvm( 8941): Compiler shutdown in progress - discarding request
02-25 19:08:42.689 D/dalvikvm( 8941): Compiler shutdown in progress - discarding request
02-25 19:08:42.689 D/dalvikvm( 8941): Compiler shutdown in progress - discarding request
02-25 19:08:43.349 D/AndroidRuntime( 8952): 
02-25 19:08:43.349 D/AndroidRuntime( 8952): >>>>>> AndroidRuntime START com.android.internal.os.RuntimeInit <<<<<<
02-25 19:08:43.349 D/AndroidRuntime( 8952): CheckJNI is OFF
02-25 19:08:43.349 I/AndroidRuntime( 8952): Kernel Release Version: 3.10.20-gf818079
02-25 19:08:43.349 I/dalvikvm( 8952): No library specified. The standard exception handler will be used
02-25 19:08:43.359 I/dalvikvm( 8952): 
02-25 19:08:43.359 I/dalvikvm( 8952): +++++++++++++ Using PCG. +++++++++++++++++++++
02-25 19:08:43.359 D/dalvikvm( 8952): Trying to load lib libjavacore.so 0x0
02-25 19:08:43.369 D/dalvikvm( 8952): Added shared lib libjavacore.so 0x0
02-25 19:08:43.369 D/dalvikvm( 8952): Trying to load lib libnativehelper.so 0x0
02-25 19:08:43.369 D/dalvikvm( 8952): Added shared lib libnativehelper.so 0x0
02-25 19:08:43.369 D/dalvikvm( 8952): No JNI_OnLoad found in libnativehelper.so 0x0, skipping init
02-25 19:08:43.369 D/dalvikvm( 8952): Extra Options: not specified
02-25 19:08:43.379 D/dalvikvm( 8952): Note: class Landroid/app/ActivityManagerNative; has 186 unimplemented (abstract) methods
02-25 19:08:43.449 E/memtrack( 8952): Couldn't load memtrack module (No such file or directory)
02-25 19:08:43.449 E/android.os.Debug( 8952): failed to load memtrack module: -2
02-25 19:08:43.489 D/AndroidRuntime( 8952): Calling main entry com.android.commands.am.Am
02-25 19:08:43.529 D/AndroidRuntime( 8952): Shutting down VM
02-25 19:08:43.529 D/dalvikvm( 8952): GC_CONCURRENT freed 113K, 16% free 674K/800K, paused 0ms+0ms, total 1ms
02-25 19:08:43.529 D/dalvikvm( 8952): Compiler shutdown in progress - discarding request
02-25 19:08:43.529 D/dalvikvm( 8952): Compiler shutdown in progress - discarding request
02-25 19:08:43.529 D/dalvikvm( 8952): Compiler shutdown in progress - discarding request
02-25 19:08:43.529 D/dalvikvm( 8952): Compiler shutdown in progress - discarding request
02-25 19:08:43.529 D/dalvikvm( 8952): Compiler shutdown in progress - discarding request
02-25 19:08:43.529 D/dalvikvm( 8952): Compiler shutdown in progress - discarding request
02-25 19:08:43.529 D/dalvikvm( 8952): Compiler shutdown in progress - discarding request
02-25 19:08:43.529 D/dalvikvm( 8952): Compiler shutdown in progress - discarding request
02-25 19:08:43.529 D/dalvikvm( 8952): Compiler shutdown in progress - discarding request
02-25 19:08:43.529 D/dalvikvm( 8952): Compiler shutdown in progress - discarding request
02-25 19:08:43.529 D/dalvikvm( 8952): Compiler shutdown in progress - discarding request
02-25 19:08:43.529 D/dalvikvm( 8952): Compiler shutdown in progress - discarding request
02-25 19:08:43.529 D/dalvikvm( 8952): Compiler shutdown in progress - discarding request
02-25 19:08:43.529 D/dalvikvm( 8952): Compiler shutdown in progress - discarding request
02-25 19:08:43.529 D/dalvikvm( 8952): Compiler shutdown in progress - discarding request
02-25 19:08:43.529 D/dalvikvm( 8952): Compiler shutdown in progress - discarding request
02-25 19:08:43.529 D/dalvikvm( 8952): Compiler shutdown in progress - discarding request
02-25 19:08:43.529 D/dalvikvm( 8952): Compiler shutdown in progress - discarding request
02-25 19:08:43.529 D/dalvikvm( 8952): Compiler shutdown in progress - discarding request
02-25 19:08:43.529 D/dalvikvm( 8952): Compiler shutdown in progress - discarding request
02-25 19:08:43.529 D/dalvikvm( 8952): Compiler shutdown in progress - discarding request
02-25 19:08:43.529 D/dalvikvm( 8952): Compiler shutdown in progress - discarding request
02-25 19:08:43.529 D/dalvikvm( 8952): Compiler shutdown in progress - discarding request
02-25 19:08:43.529 D/dalvikvm( 8952): Compiler shutdown in progress - discarding request
02-25 19:08:43.529 D/dalvikvm( 8952): Compiler shutdown in progress - discarding request
02-25 19:08:43.529 D/dalvikvm( 8952): Compiler shutdown in progress - discarding request
02-25 19:08:43.529 D/dalvikvm( 8952): Compiler shutdown in progress - discarding request
02-25 19:08:43.529 D/dalvikvm( 8952): Compiler shutdown in progress - discarding request
02-25 19:08:43.529 D/dalvikvm( 8952): Compiler shutdown in progress - discarding request
02-25 19:08:43.529 D/dalvikvm( 8952): Compiler shutdown in progress - discarding request
02-25 19:08:43.529 D/dalvikvm( 8952): Compiler shutdown in progress - discarding request
02-25 19:08:43.529 D/dalvikvm( 8952): Compiler shutdown in progress - discarding request
02-25 19:08:43.529 D/dalvikvm( 8952): Compiler shutdown in progress - discarding request
02-25 19:08:43.529 D/dalvikvm( 8952): Compiler shutdown in progress - discarding request
02-25 19:08:43.529 D/dalvikvm( 8952): Compiler shutdown in progress - discarding request
02-25 19:08:43.529 D/dalvikvm( 8952): Compiler shutdown in progress - discarding request
02-25 19:08:43.529 D/dalvikvm( 8952): Compiler shutdown in progress - discarding request
02-25 19:08:43.529 D/dalvikvm( 8952): Compiler shutdown in progress - discarding request
02-25 19:08:43.529 D/dalvikvm( 8952): Compiler shutdown in progress - discarding request
02-25 19:08:43.529 D/dalvikvm( 8952): Compiler shutdown in progress - discarding request
02-25 19:08:43.529 D/dalvikvm( 8952): Compiler shutdown in progress - discarding request
02-25 19:08:43.529 D/dalvikvm( 8952): Compiler shutdown in progress - discarding request
02-25 19:08:43.529 D/dalvikvm( 8952): Compiler shutdown in progress - discarding request
02-25 19:08:43.529 D/dalvikvm( 8952): Compiler shutdown in progress - discarding request
02-25 19:08:43.529 D/dalvikvm( 8952): Compiler shutdown in progress - discarding request
02-25 19:08:43.529 D/dalvikvm( 8952): Compiler shutdown in progress - discarding request
02-25 19:08:43.529 D/dalvikvm( 8952): Compiler shutdown in progress - discarding request
02-25 19:08:43.529 D/dalvikvm( 8952): Compiler shutdown in progress - discarding request
02-25 19:08:43.529 D/dalvikvm( 8952): Compiler shutdown in progress - discarding request
02-25 19:08:43.529 D/dalvikvm( 8952): Compiler shutdown in progress - discarding request
02-25 19:08:43.529 I/ActivityManager(  506): START u0 {flg=0x10000000 cmp=org.xwalk.webapi_noneservice_tests/.webapi_noneservice_testsActivity} from pid 8952
02-25 19:08:44.089 D/AndroidRuntime( 8963): 
02-25 19:08:44.089 D/AndroidRuntime( 8963): >>>>>> AndroidRuntime START com.android.internal.os.RuntimeInit <<<<<<
02-25 19:08:44.089 D/AndroidRuntime( 8963): CheckJNI is OFF
02-25 19:08:44.089 I/AndroidRuntime( 8963): Kernel Release Version: 3.10.20-gf818079
02-25 19:08:44.089 I/dalvikvm( 8963): No library specified. The standard exception handler will be used
02-25 19:08:44.089 I/dalvikvm( 8963): 
02-25 19:08:44.089 I/dalvikvm( 8963): +++++++++++++ Using PCG. +++++++++++++++++++++
02-25 19:08:44.099 D/dalvikvm( 8963): Trying to load lib libjavacore.so 0x0
02-25 19:08:44.099 D/dalvikvm( 8963): Added shared lib libjavacore.so 0x0
02-25 19:08:44.099 D/dalvikvm( 8963): Trying to load lib libnativehelper.so 0x0
02-25 19:08:44.099 D/dalvikvm( 8963): Added shared lib libnativehelper.so 0x0
02-25 19:08:44.099 D/dalvikvm( 8963): No JNI_OnLoad found in libnativehelper.so 0x0, skipping init
02-25 19:08:44.109 D/dalvikvm( 8963): Extra Options: not specified
02-25 19:08:44.119 D/dalvikvm( 8963): Note: class Landroid/app/ActivityManagerNative; has 186 unimplemented (abstract) methods
02-25 19:08:44.199 E/memtrack( 8963): Couldn't load memtrack module (No such file or directory)
02-25 19:08:44.199 E/android.os.Debug( 8963): failed to load memtrack module: -2
02-25 19:08:44.229 D/AndroidRuntime( 8963): Calling main entry com.android.commands.am.Am
02-25 19:08:44.259 I/ActivityManager(  506): START u0 {flg=0x10000000 cmp=org.xwalk.webapi_noneservice_tests/.webapi_noneservice_tests} from pid 8963
02-25 19:08:44.269 V/WeatherTimeProvider( 8889): widget on Visibility Changed
02-25 19:08:44.269 I/SecurityManagerService(  680): SMS received security event: App[START/org.xwalk.webapi_noneservice_tests]
02-25 19:08:44.269 D/AndroidRuntime( 8963): Shutting down VM
02-25 19:08:44.269 D/dalvikvm( 8963): GC_CONCURRENT freed 114K, 16% free 701K/832K, paused 0ms+0ms, total 1ms
02-25 19:08:44.279 D/dalvikvm( 8963): Compiler shutdown in progress - discarding request
02-25 19:08:44.279 D/dalvikvm( 8963): Compiler shutdown in progress - discarding request
02-25 19:08:44.279 D/dalvikvm( 8963): Compiler shutdown in progress - discarding request
02-25 19:08:44.279 D/dalvikvm( 8963): Compiler shutdown in progress - discarding request
02-25 19:08:44.279 D/dalvikvm( 8963): Compiler shutdown in progress - discarding request
02-25 19:08:44.279 D/dalvikvm( 8963): Compiler shutdown in progress - discarding request
02-25 19:08:44.279 D/dalvikvm( 8963): Compiler shutdown in progress - discarding request
02-25 19:08:44.279 D/dalvikvm( 8963): Compiler shutdown in progress - discarding request
02-25 19:08:44.279 D/dalvikvm( 8963): Compiler shutdown in progress - discarding request
02-25 19:08:44.279 D/dalvikvm( 8963): Compiler shutdown in progress - discarding request
02-25 19:08:44.279 D/dalvikvm( 8963): Compiler shutdown in progress - discarding request
02-25 19:08:44.279 D/dalvikvm( 8963): Compiler shutdown in progress - discarding request
02-25 19:08:44.279 D/dalvikvm( 8963): Compiler shutdown in progress - discarding request
02-25 19:08:44.279 D/dalvikvm( 8963): Compiler shutdown in progress - discarding request
02-25 19:08:44.279 D/dalvikvm( 8963): Compiler shutdown in progress - discarding request
02-25 19:08:44.279 D/dalvikvm( 8963): Compiler shutdown in progress - discarding request
02-25 19:08:44.279 D/dalvikvm( 8963): Compiler shutdown in progress - discarding request
02-25 19:08:44.279 D/dalvikvm( 8963): Compiler shutdown in progress - discarding request
02-25 19:08:44.279 D/dalvikvm( 8963): Compiler shutdown in progress - discarding request
02-25 19:08:44.279 D/dalvikvm( 8963): Compiler shutdown in progress - discarding request
02-25 19:08:44.279 D/dalvikvm( 8963): Compiler shutdown in progress - discarding request
02-25 19:08:44.279 D/dalvikvm( 8963): Compiler shutdown in progress - discarding request
02-25 19:08:44.279 D/dalvikvm( 8963): Compiler shutdown in progress - discarding request
02-25 19:08:44.279 D/dalvikvm( 8963): Compiler shutdown in progress - discarding request
02-25 19:08:44.279 D/dalvikvm( 8963): Compiler shutdown in progress - discarding request
02-25 19:08:44.279 D/dalvikvm( 8963): Compiler shutdown in progress - discarding request
02-25 19:08:44.279 D/dalvikvm( 8963): Compiler shutdown in progress - discarding request
02-25 19:08:44.279 D/dalvikvm( 8963): Compiler shutdown in progress - discarding request
02-25 19:08:44.279 D/dalvikvm( 8963): Compiler shutdown in progress - discarding request
02-25 19:08:44.279 D/dalvikvm( 8963): Compiler shutdown in progress - discarding request
02-25 19:08:44.279 D/dalvikvm( 8963): Compiler shutdown in progress - discarding request
02-25 19:08:44.279 D/dalvikvm( 8963): Compiler shutdown in progress - discarding request
02-25 19:08:44.279 D/dalvikvm( 8963): Compiler shutdown in progress - discarding request
02-25 19:08:44.279 D/dalvikvm( 8963): Compiler shutdown in progress - discarding request
02-25 19:08:44.279 D/dalvikvm( 8963): Compiler shutdown in progress - discarding request
02-25 19:08:44.279 D/dalvikvm( 8963): Compiler shutdown in progress - discarding request
02-25 19:08:44.279 D/dalvikvm( 8963): Compiler shutdown in progress - discarding request
02-25 19:08:44.279 D/dalvikvm( 8963): Compiler shutdown in progress - discarding request
02-25 19:08:44.279 D/dalvikvm( 8963): Compiler shutdown in progress - discarding request
02-25 19:08:44.279 D/dalvikvm( 8963): Compiler shutdown in progress - discarding request
02-25 19:08:44.279 D/dalvikvm( 8963): Compiler shutdown in progress - discarding request
02-25 19:08:44.279 D/dalvikvm( 8963): Compiler shutdown in progress - discarding request
02-25 19:08:44.279 D/dalvikvm( 8963): Compiler shutdown in progress - discarding request
02-25 19:08:44.279 D/dalvikvm( 8963): Compiler shutdown in progress - discarding request
02-25 19:08:44.279 D/dalvikvm( 8963): Compiler shutdown in progress - discarding request
02-25 19:08:44.279 D/dalvikvm( 8963): Compiler shutdown in progress - discarding request
02-25 19:08:44.279 D/dalvikvm( 8963): Compiler shutdown in progress - discarding request
02-25 19:08:44.279 D/dalvikvm( 8963): Compiler shutdown in progress - discarding request
02-25 19:08:44.279 D/dalvikvm( 8963): Compiler shutdown in progress - discarding request
02-25 19:08:44.279 D/dalvikvm( 8963): Compiler shutdown in progress - discarding request
02-25 19:08:44.279 D/dalvikvm( 8963): Compiler shutdown in progress - discarding request
02-25 19:08:44.279 D/dalvikvm( 8974): Late-enabling CheckJNI
02-25 19:08:44.279 D/dalvikvm( 8974): Try to disable coredump for pid 8974
02-25 19:08:44.279 D/dalvikvm( 8974): Process 8974 nice name: org.xwalk.webapi_noneservice_tests
02-25 19:08:44.279 D/dalvikvm( 8974): Extra Options: not specified
02-25 19:08:44.279 I/ActivityManager(  506): Start proc org.xwalk.webapi_noneservice_tests for activity org.xwalk.webapi_noneservice_tests/.webapi_noneservice_tests: pid=8974 uid=10301 gids={50301, 3003, 1028, 1015}
02-25 19:08:44.299 D/WindowManager(  506): adjustConfigurationLw, config:{1.0 ?mcc?mnc ?locale ?layoutDir sw600dp w961dp h528dp 213dpi lrg land ?uimode ?night finger -keyb/v/h -nav/v} mLidState:1 mHasDockFeature:false mHasKeyboardFeature:false mHasHallSensorFeature:true config.hardKeyboardHidden:2
02-25 19:08:44.299 I/ActivityManager(  506): [TopPkgCurBat]	NowPkgName[org.xwalk.webapi_noneservice_tests]	Battery[71]	TimeTick[1424862524313]	OldPkgName[com.asus.launcher]
02-25 19:08:44.319 D/        ( 6473): Surface destroy: ANDROID_NATIVE_WINDOW_MAGIC
02-25 19:08:44.329 I/CordovaLog( 8974): Changing log level to DEBUG(3)
02-25 19:08:44.329 D/CordovaActivity( 8974): CordovaActivity.init()
02-25 19:08:44.329 D/dalvikvm( 8974): Trying to load lib /data/app-lib/org.xwalk.webapi_noneservice_tests-1/libxwalkcore.so 0x43d84c30
02-25 19:08:44.329 D/        ( 6473): Pixel Format : GGL_PIXEL_FORMAT_RGBA_8888
02-25 19:08:44.339 D/dalvikvm( 8974): Added shared lib /data/app-lib/org.xwalk.webapi_noneservice_tests-1/libxwalkcore.so 0x43d84c30
02-25 19:08:44.349 I/LibraryLoader( 8974): Time to load native libraries: 13 ms (timestamps 4897-4910)
02-25 19:08:44.349 I/LibraryLoader( 8974): Expected native library version number "",actual native library version number ""
02-25 19:08:44.369 I/LibraryLoader( 8974): Expected native library version number "",actual native library version number ""
02-25 19:08:44.369 I/chromium( 8974): [INFO:library_loader_hooks.cc(112)] Chromium logging enabled: level = 0, default verbosity = 0
02-25 19:08:44.379 I/BrowserStartupController( 8974): Initializing chromium process, singleProcess=true
02-25 19:08:44.659 D/ImageWallpaper(  567): onVisibilityChanged: mVisible, visible=true, false
02-25 19:08:44.659 D/ImageWallpaper(  567): Visibility changed to visible=false
02-25 19:08:44.659 D/ImageWallpaper(  567): Suppressed drawFrame since redraw is not needed and offsets have not changed.
02-25 19:08:44.809 W/chromium( 8974): [WARNING:dns_config_service_posix.cc(293)] Failed to read DnsConfig.
02-25 19:08:44.809 W/AudioManagerAndroid( 8974): Requires BLUETOOTH permission
02-25 19:08:44.819 I/ufoGralloc( 8974): Hello, this is UFO GRALLOC/Intel Corporation
02-25 19:08:44.819 D/        ( 8974): Pixel Format : GGL_PIXEL_FORMAT_RGBA_8888
02-25 19:08:44.819 D/        ( 8974): droid_create_context : config id = 1 conf->NativeVisualID=1
02-25 19:08:44.819 D/        ( 8974): Pixel Format : GGL_PIXEL_FORMAT_RGBA_8888
02-25 19:08:44.819 I/        ( 8974): Requested context : GLES 2.0
02-25 19:08:44.849 W/chromium( 8974): [WARNING:proxy_service.cc(899)] PAC support disabled because there is no system implementation
02-25 19:08:44.849 W/dalvikvm( 8974): VFY: unable to find class referenced in signature (Landroid/view/inputmethod/CursorAnchorInfo;)
02-25 19:08:44.849 I/dalvikvm( 8974): Could not find method android.view.inputmethod.InputMethodManager.updateCursorAnchorInfo, referenced from method org.chromium.content.browser.input.InputMethodManagerWrapper.updateCursorAnchorInfo
02-25 19:08:44.849 W/dalvikvm( 8974): VFY: unable to resolve virtual method 1368: Landroid/view/inputmethod/InputMethodManager;.updateCursorAnchorInfo (Landroid/view/View;Landroid/view/inputmethod/CursorAnchorInfo;)V
02-25 19:08:44.849 D/dalvikvm( 8974): VFY: replacing opcode 0x6e at 0x000a
02-25 19:08:44.879 D/PROPERTY(  183): get media.dump_output.befconv: 0
02-25 19:08:44.879 D/PROPERTY(  183): get media.dump_output.aftconv: 0
02-25 19:08:44.879 D/RouteManager(  183): stopStream: {+++ RECONSIDER ROUTING +++} due to output stream stop event
02-25 19:08:44.879 D/RouteManager(  183): reconsiderRouting
02-25 19:08:44.879 D/EVENT_THREAD(  183): void CEventThread::trig(uint16_t): in
02-25 19:08:44.879 D/EVENT_THREAD(  183): void CEventThread::trig(uint16_t): out
02-25 19:08:44.879 D/RouteManager(  183): doReconsiderRouting:       Platform State:
02-25 19:08:44.879 D/RouteManager(  183): doReconsiderRouting:          -Modem Alive = 0 
02-25 19:08:44.879 D/RouteManager(  183): doReconsiderRouting:          -Modem Call Active = 0 
02-25 19:08:44.879 D/RouteManager(  183): doReconsiderRouting:          -Is Shared I2S glitch free=1 
02-25 19:08:44.879 D/RouteManager(  183): doReconsiderRouting:          -Android Telephony Mode = Normal 
02-25 19:08:44.879 D/RouteManager(  183): doReconsiderRouting:          -RTE MGR HW Mode = Normal 
02-25 19:08:44.879 D/RouteManager(  183): doReconsiderRouting:          -BT Enabled = 1 
02-25 19:08:44.879 D/RouteManager(  183): doReconsiderRouting:          -BT NREC = 0 
02-25 19:08:44.879 D/RouteManager(  183): doReconsiderRouting:          -BT Band = NB 
02-25 19:08:44.879 D/RouteManager(  183): doReconsiderRouting:          -Platform output device = IHF 
02-25 19:08:44.879 D/RouteManager(  183): doReconsiderRouting:          -Platform input device = <none> 
02-25 19:08:44.879 D/RouteManager(  183): doReconsiderRouting:          -Platform input source = None 
02-25 19:08:44.879 D/RouteManager(  183): doReconsiderRouting:          -Platform Band type = NB 
02-25 19:08:44.879 D/RouteManager(  183): doReconsiderRouting:          -Platform Has Direct Stream = no 
02-25 19:08:44.879 D/RouteManager(  183): doReconsiderRouting:          -Platform TTY direction = <none> 
02-25 19:08:44.879 D/RouteManager(  183): doReconsiderRouting:          -Platform HAC Mode = Off 
02-25 19:08:44.879 D/RouteManager(  183): doReconsiderRouting:          -Platform Screen State = On 
02-25 19:08:44.879 D/RouteManager(  183): doReconsiderRouting:          -Platform Context Awareness = false 
02-25 19:08:44.879 D/RouteManager(  183): doReconsiderRouting:          -Platform Always Listening = false 
02-25 19:08:44.879 D/RouteManager(  183): doReconsiderRouting:          -Platform FM State = Off 
02-25 19:08:44.879 D/RouteManager(  183): doReconsiderRouting:          -Platform Bypass Non Linear PP State = Off 
02-25 19:08:44.879 D/RouteManager(  183): doReconsiderRouting:          -Platform Bypass Linear PP State = Off 
02-25 19:08:44.879 D/RouteManager(  183): doReconsiderRouting:          -Platform MicMute = Off 
02-25 19:08:44.879 D/RouteManager(  183): doReconsiderRouting:      Route state:
02-25 19:08:44.879 D/RouteManager(  183): doReconsiderRouting:          -Previously Enabled Route in Input = <none>
02-25 19:08:44.879 D/RouteManager(  183): doReconsiderRouting:          -Previously Enabled Route in Output = Media|HwCodecMedia
02-25 19:08:44.879 D/RouteManager(  183): doReconsiderRouting:          -Selected Route in Input = <none>
02-25 19:08:44.879 D/RouteManager(  183): doReconsiderRouting:          -Selected Route in Output = <none>
02-25 19:08:44.879 D/RouteManager(  183): doReconsiderRouting:          -Route that need reconfiguration in Input = <none>
02-25 19:08:44.879 D/RouteManager(  183): doReconsiderRouting:          -Route that need reconfiguration in Output = <none>
02-25 19:08:44.879 D/RouteManager(  183): executeMuteStage: --------------- Routing Stage = Mute ---------------
02-25 19:08:44.879 D/RouteManager(  183): parameter-framework: Selection criterion changed event: Criterion name: RoutageState, current state: Flow
02-25 19:08:44.879 D/RouteManager(  183): muteRoutes: Expected Routes to be muted in Output = Media|HwCodecMedia
02-25 19:08:44.879 D/RouteManager(  183): parameter-framework: Selection criterion changed event: Criterion name: ClosingPlaybackRoutes, current state: Media|HwCodecMedia
02-25 19:08:44.879 D/RouteManager(  183): parameter-framework: Selection criterion changed event: Criterion name: OpenedPlaybackRoutes, current state: <none>
02-25 19:08:44.879 D/RouteManager(  183): parameter-framework: Configuration application request {
02-25 19:08:44.879 D/RouteManager(  183): parameter-framework:     Applying configurations {
02-25 19:08:44.879 D/RouteManager(  183): parameter-framework:     } Applying configurations
02-25 19:08:44.879 D/RouteManager(  183): parameter-framework: } Configuration application request
02-25 19:08:44.879 D/RouteManager(  183): executeDisableStage: --------------- Routing Stage = Disable ---------------
02-25 19:08:44.879 D/RouteManager(  183): parameter-framework: Selection criterion changed event: Criterion name: RoutageState, current state: Path
02-25 19:08:44.879 D/RouteManager(  183): prepareDisableRoutes: Routes to be disabled(unrouted) in Output = Media|HwCodecMedia
02-25 19:08:44.879 D/ALSAStreamOps(  183): detachRouteL output stream
02-25 19:08:44.879 D/RouteManager/StreamRoute(  183): closePcmDevice called for card (baytrailaudio,0)
02-25 19:08:44.899 D/RouteManager(  183): parameter-framework: Configuration application request {
02-25 19:08:44.899 D/RouteManager(  183): parameter-framework:     Applying configurations {
02-25 19:08:44.899 D/RouteManager(  183): parameter-framework:         Applying configuration "Disable" from domain "Routing.Enable.HWCodec.Playback.IHF"
02-25 19:08:44.899 D/RouteManager(  183): parameter-framework:         Applying configuration "Disable" from domain "Routing.Enable.HWCodec.Playback.Multimedia.IHF"
02-25 19:08:44.899 D/RouteManager(  183): parameter-framework:         Applying configuration "Disable" from domain "Routing.Enable.HWCodec.Playback.Multimedia.Playback"
02-25 19:08:44.909 E/cutils  (  163): Failed to mkdirat(/Removable/MicroSD): Read-only file system
02-25 19:08:44.909 W/ContextImpl( 8974): Failed to ensure directory: /Removable/MicroSD/Android/data/org.xwalk.webapi_noneservice_tests/cache
02-25 19:08:44.909 D/RouteManager(  183): parameter-framework:     } Applying configurations
02-25 19:08:44.909 D/RouteManager(  183): parameter-framework: } Configuration application request
02-25 19:08:44.909 D/RouteManager(  183): executeConfigureStage: --------------- Routing Stage = Configure ---------------
02-25 19:08:44.909 D/RouteManager(  183): parameter-framework: Selection criterion changed event: Criterion name: RoutageState, current state: Configure
02-25 19:08:44.909 D/RouteManager(  183): parameter-framework: Selection criterion changed event: Criterion name: ClosingPlaybackRoutes, current state: <none>
02-25 19:08:44.909 D/RouteManager(  183): parameter-framework: Configuration application request {
02-25 19:08:44.909 D/RouteManager(  183): parameter-framework:     Applying configurations {
02-25 19:08:44.909 D/RouteManager(  183): parameter-framework:         Applying configuration "Deactivated" from domain "Routing.Configure.LPE_Mixer.IHF"
02-25 19:08:44.909 D/RouteManager(  183): parameter-framework:     } Applying configurations
02-25 19:08:44.909 D/RouteManager(  183): parameter-framework: } Configuration application request
02-25 19:08:44.909 D/RouteManager(  183): executeEnableStage: --------------- Routing Stage = Enable ---------------
02-25 19:08:44.909 D/RouteManager(  183): parameter-framework: Selection criterion changed event: Criterion name: RoutageState, current state: Path|Configure
02-25 19:08:44.909 D/RouteManager(  183): parameter-framework: Configuration application request {
02-25 19:08:44.909 D/RouteManager(  183): parameter-framework:     Applying configurations {
02-25 19:08:44.909 D/RouteManager(  183): parameter-framework:     } Applying configurations
02-25 19:08:44.909 D/RouteManager(  183): parameter-framework: } Configuration application request
02-25 19:08:44.909 D/RouteManager(  183): executeUnmuteStage: --------------- Routing Stage = Unmute ---------------
02-25 19:08:44.909 D/RouteManager(  183): parameter-framework: Selection criterion changed event: Criterion name: RoutageState, current state: Flow|Path|Configure
02-25 19:08:44.909 D/RouteManager(  183): parameter-framework: Configuration application request {
02-25 19:08:44.909 D/RouteManager(  183): parameter-framework:     Applying configurations {
02-25 19:08:44.909 D/RouteManager(  183): parameter-framework:     } Applying configurations
02-25 19:08:44.909 D/RouteManager(  183): parameter-framework: } Configuration application request
02-25 19:08:44.909 D/EVENT_THREAD(  183): void CEventThread::run() Do poll with timeout: -1
02-25 19:08:44.909 D/RouteManager(  183): reconsiderRouting: DONE
02-25 19:08:44.909 D/CordovaActivity( 8974): CordovaActivity.createViews()
02-25 19:08:44.909 E/chromium( 8974): [ERROR:unix_domain_server_socket_posix.cc(106)] Not implemented reached in virtual int net::UnixDomainServerSocket::GetLocalAddress(net::IPEndPoint*) const
02-25 19:08:44.909 D/CordovaWebView( 8974): >>> loadUrl(file:///android_asset/www/index.html)
02-25 19:08:44.909 D/PluginManager( 8974): init()
02-25 19:08:44.909 W/Vold    (  163): Returning OperationFailed - no handler for errno 30
02-25 19:08:44.919 E/cutils  (  163): Failed to mkdirat(/Removable/MicroSD): Read-only file system
02-25 19:08:44.919 W/ContextImpl( 8974): Failed to ensure directory: /Removable/MicroSD/Android/data/org.xwalk.webapi_noneservice_tests/files
02-25 19:08:44.919 E/cutils  (  163): Failed to mkdirat(/Removable/MicroSD): Read-only file system
02-25 19:08:44.919 W/ContextImpl( 8974): Failed to ensure directory: /Removable/MicroSD/Android/data/org.xwalk.webapi_noneservice_tests/cache
02-25 19:08:44.919 D/CordovaWebView( 8974): >>> loadUrlNow()
02-25 19:08:44.919 I/dalvikvm( 8974): Could not find method android.app.Activity.finishAndRemoveTask, referenced from method org.chromium.base.ApiCompatibilityUtils.finishAndRemoveTask
02-25 19:08:44.919 W/dalvikvm( 8974): VFY: unable to resolve virtual method 6: Landroid/app/Activity;.finishAndRemoveTask ()V
02-25 19:08:44.919 D/dalvikvm( 8974): VFY: replacing opcode 0x6e at 0x0006
02-25 19:08:44.919 I/dalvikvm( 8974): Could not find method android.os.PowerManager.isInteractive, referenced from method org.chromium.base.ApiCompatibilityUtils.isInteractive
02-25 19:08:44.919 W/dalvikvm( 8974): VFY: unable to resolve virtual method 874: Landroid/os/PowerManager;.isInteractive ()Z
02-25 19:08:44.919 D/dalvikvm( 8974): VFY: replacing opcode 0x6e at 0x000e
02-25 19:08:44.919 I/dalvikvm( 8974): Could not find method android.view.Window.getNavigationBarColor, referenced from method org.chromium.base.ApiCompatibilityUtils.setStatusBarColor
02-25 19:08:44.919 W/dalvikvm( 8974): VFY: unable to resolve virtual method 1268: Landroid/view/Window;.getNavigationBarColor ()I
02-25 19:08:44.919 D/dalvikvm( 8974): VFY: replacing opcode 0x6e at 0x0010
02-25 19:08:44.919 I/dalvikvm( 8974): Could not find method android.view.Window.setStatusBarColor, referenced from method org.chromium.base.ApiCompatibilityUtils.setStatusBarColor
02-25 19:08:44.919 W/dalvikvm( 8974): VFY: unable to resolve virtual method 1274: Landroid/view/Window;.setStatusBarColor (I)V
02-25 19:08:44.919 D/dalvikvm( 8974): VFY: replacing opcode 0x6e at 0x0019
02-25 19:08:44.919 W/Vold    (  163): Returning OperationFailed - no handler for errno 30
02-25 19:08:44.919 W/Vold    (  163): Returning OperationFailed - no handler for errno 30
02-25 19:08:44.929 E/dalvikvm( 8974): Could not find class 'android.app.ActivityManager$TaskDescription', referenced from method org.chromium.base.ApiCompatibilityUtils.setTaskDescription
02-25 19:08:44.929 W/dalvikvm( 8974): VFY: unable to resolve new-instance 13 (Landroid/app/ActivityManager$TaskDescription;) in Lorg/chromium/base/ApiCompatibilityUtils;
02-25 19:08:44.929 D/dalvikvm( 8974): VFY: replacing opcode 0x22 at 0x0006
02-25 19:08:44.929 D/dalvikvm( 8974): DexOpt: unable to opt direct call 0x002f at 0x08 in Lorg/chromium/base/ApiCompatibilityUtils;.setTaskDescription
02-25 19:08:44.929 I/chromium( 8974): [INFO:xwalk_extension_renderer_controller.cc(47)] EXTENSION PROCESS DISABLED.
02-25 19:08:44.939 D/CordovaActivity( 8974): Resuming the App
02-25 19:08:44.949 D/SoftKeyboardDetect( 8974): Ignore this event
02-25 19:08:44.959 D/        ( 8974): droid_create_context : config id = 5 conf->NativeVisualID=1
02-25 19:08:44.959 D/        ( 8974): Pixel Format : GGL_PIXEL_FORMAT_RGBA_8888
02-25 19:08:44.959 I/        ( 8974): Requested context : GLES 2.0
02-25 19:08:44.969 D/        ( 8974): Pixel Format : GGL_PIXEL_FORMAT_RGBA_8888
02-25 19:08:44.969 D/OpenGLRenderer( 8974): Enabling debug mode 0
02-25 19:08:44.969 D/        ( 8974): Pixel Format : GGL_PIXEL_FORMAT_RGBA_8888
02-25 19:08:44.969 D/        ( 8974): droid_create_context : config id = 1 conf->NativeVisualID=1
02-25 19:08:44.969 D/        ( 8974): Pixel Format : GGL_PIXEL_FORMAT_RGBA_8888
02-25 19:08:44.969 I/        ( 8974): Requested context : GLES 2.0
02-25 19:08:44.989 D/XT9IME  ( 6145): new subtype :zh_CN ,pinyin
02-25 19:08:44.989 D/SoftKeyboardDetect( 8974): Ignore this event
02-25 19:08:45.029 D/CordovaActivity( 8974): onMessage(onPageStarted,file:///android_asset/www/index.html)
02-25 19:08:45.029 W/BindingManager( 8974): Cannot call determinedVisibility() - never saw a connection for the pid: 8974
02-25 19:08:45.029 D/BatteryStatsImpl(  506): noteStopWakeLocked system isFromForeground = false
02-25 19:08:45.039 D/CordovaActivity( 8974): onMessage(onPageFinished,file:///android_asset/www/index.html)
02-25 19:08:45.039 I/ActivityManager(  506): Displayed org.xwalk.webapi_noneservice_tests/.webapi_noneservice_tests: +773ms
02-25 19:08:46.039 D/CordovaActivity( 8974): onMessage(onPageStarted,file:///android_asset/www/index_real.html?testprefix=./)
02-25 19:08:46.089 W/BindingManager( 8974): Cannot call determinedVisibility() - never saw a connection for the pid: 8974
02-25 19:08:46.319 I/chromium( 8974): [INFO:CONSOLE(0)] "Synchronous XMLHttpRequest on the main thread is deprecated because of its detrimental effects to the end user's experience. For more help, check http://xhr.spec.whatwg.org/.", source:  (0)
02-25 19:08:46.369 D/CordovaActivity( 8974): onMessage(onPageFinished,file:///android_asset/www/index_real.html?testprefix=./)
02-25 19:08:47.039 D/CordovaActivity( 8974): onMessage(spinner,stop)
02-25 19:08:47.069 D/        ( 8974): Pixel Format : GGL_PIXEL_FORMAT_RGBA_8888
02-25 19:08:47.069 D/        ( 8974): droid_create_context : config id = 1 conf->NativeVisualID=1
02-25 19:08:47.069 D/        ( 8974): Pixel Format : GGL_PIXEL_FORMAT_RGBA_8888
02-25 19:08:47.069 I/        ( 8974): Requested context : GLES 2.0
02-25 19:08:47.099 D/        ( 8974): Swap interval set to = 1 value
02-25 19:08:47.159 D/        ( 8974): Pixel Format : GGL_PIXEL_FORMAT_RGBA_8888
02-25 19:08:47.159 D/        ( 8974): droid_create_context : config id = 1 conf->NativeVisualID=1
02-25 19:08:47.159 D/        ( 8974): Pixel Format : GGL_PIXEL_FORMAT_RGBA_8888
02-25 19:08:47.159 I/        ( 8974): Requested context : GLES 2.0
02-25 19:08:47.529 I/chromium( 8974): [INFO:CONSOLE(46)] "Uncaught ReferenceError: SharedWorker is not defined", source: file:///android_asset/www//opt/tct-workers-w3c-tests/workers/SharedWorkerNavigator_platform.html (46)
02-25 19:08:48.379 D/CordovaActivity( 8974): onMessage(spinner,stop)
02-25 19:08:50.689 W/BindingManager( 8974): Cannot call determinedVisibility() - never saw a connection for the pid: 8974
02-25 19:08:50.769 I/chromium( 8974): [INFO:CONSOLE(48)] "Uncaught ReferenceError: SharedWorker is not defined", source: file:///android_asset/www//opt/tct-workers-w3c-tests/workers/WebWorker_WorkerLocation_pathname_decompose.html (48)
02-25 19:08:53.899 W/BindingManager( 8974): Cannot call determinedVisibility() - never saw a connection for the pid: 8974
02-25 19:08:54.579 W/BindingManager( 8974): Cannot call determinedVisibility() - never saw a connection for the pid: 8974
02-25 19:08:55.249 W/BindingManager( 8974): Cannot call determinedVisibility() - never saw a connection for the pid: 8974
02-25 19:08:55.899 W/BindingManager( 8974): Cannot call determinedVisibility() - never saw a connection for the pid: 8974
02-25 19:08:56.549 W/BindingManager( 8974): Cannot call determinedVisibility() - never saw a connection for the pid: 8974
02-25 19:08:56.609 E/AndroidProtocolHandler( 8974): Unable to open asset URL: file:///android_asset/www//opt/tct-workers-w3c-tests/icon.png
02-25 19:08:57.179 W/BindingManager( 8974): Cannot call determinedVisibility() - never saw a connection for the pid: 8974
02-25 19:08:58.099 W/BindingManager( 8974): Cannot call determinedVisibility() - never saw a connection for the pid: 8974
02-25 19:08:58.129 I/chromium( 8974): [INFO:CONSOLE(47)] "Uncaught ReferenceError: SharedWorker is not defined", source: file:///android_asset/www//opt/tct-workers-w3c-tests/workers/SharedWorkerLocation_search.html (47)
02-25 19:08:59.999 D/BatteryStatsImpl(  506): noteStopWakeLocked system isFromForeground = false
02-25 19:08:59.999 D/Clock   (  567): ACTION_TIME_TICK
02-25 19:08:59.999 D/Clock   (  567): update clock:下午7:09
02-25 19:09:00.049 D/BatteryStatsImpl(  506): noteStopWakeLocked system isFromForeground = false
02-25 19:09:01.249 W/BindingManager( 8974): Cannot call determinedVisibility() - never saw a connection for the pid: 8974
02-25 19:09:01.269 I/chromium( 8974): [INFO:CONSOLE(46)] "Uncaught ReferenceError: SharedWorker is not defined", source: file:///android_asset/www//opt/tct-workers-w3c-tests/workers/SharedWorkerNavigator_appName.html (46)
02-25 19:09:04.389 W/BindingManager( 8974): Cannot call determinedVisibility() - never saw a connection for the pid: 8974
02-25 19:09:04.429 I/chromium( 8974): [INFO:CONSOLE(45)] "Uncaught ReferenceError: SharedWorker is not defined", source: file:///android_asset/www//opt/tct-workers-w3c-tests/workers/SharedWorkerLoadError.html (45)
02-25 19:09:07.539 W/BindingManager( 8974): Cannot call determinedVisibility() - never saw a connection for the pid: 8974
02-25 19:09:08.189 W/BindingManager( 8974): Cannot call determinedVisibility() - never saw a connection for the pid: 8974
02-25 19:09:08.789 W/BindingManager( 8974): Cannot call determinedVisibility() - never saw a connection for the pid: 8974
02-25 19:09:08.819 I/chromium( 8974): [INFO:CONSOLE(46)] "Uncaught ReferenceError: SharedWorker is not defined", source: file:///android_asset/www//opt/tct-workers-w3c-tests/workers/SharedWorkerLocation_hostname.html (46)
02-25 19:09:10.739 D/EVENT_THREAD(  183): void CEventThread::run() POLLIN event on Fd (1)
02-25 19:09:10.739 D/EVENT_THREAD(  183): void CEventThread::run() Do poll with timeout: -1
02-25 19:09:10.739 D/EVENT_THREAD(  183): void CEventThread::run() POLLIN event on Fd (1)
02-25 19:09:10.739 D/EVENT_THREAD(  183): void CEventThread::run() Do poll with timeout: -1
02-25 19:09:10.739 I/upi_ug31xx(  166): (1358) update_capacity
02-25 19:09:10.739 I/[UPI]   (  166): <UG31/E>[UpiReadCapacity]: V=4014(4006), T=297(298-352), I=-212, C=-3(0--3)
02-25 19:09:10.739 I/[UPI]   (  166): <UG31/E>[UpiReadCapacity]: (0x00012529) 2714 (2751) / 3822 (3822) = 71
02-25 19:09:10.739 I/[UPI]   (  166): <UG31/E>[UpiReadCapacity]: (0x00012529) 2714 (2751) / 3822 (3822) = 71
02-25 19:09:10.739 I/[UPI]   (  166): <UG31/E>[UpiReadCapacity]: (0x00012509) 2714 (2714) / 3822 (3822) = 71
02-25 19:09:10.739 I/[UPI]   (  166): <UG31/E>[RsocFilterCountTime]: (0x00012509) Step=3(189748), Full=3(189748), Lock=189748(1800000)
02-25 19:09:10.739 I/[UPI]   (  166): <UG31/E>[UpiReadCapacity]: (0x00012509) 2714 (2714) / 3822 (3822) = 71 (-212--212)
02-25 19:09:10.739 I/[UPI]   (  166): <UG31/E><BATT> M:normal, P:71(71-71)%, V:3998mV, C:-226mA, T:29.8C(352), S:0x00012509(000), R:2714mAh, F:3822mAh, Q:-497mAh, CC:3, P:30.380(497--3)s, BO:7, 97:615:0-44af-9m:B001-20140514-144301 (16)
02-25 19:09:10.739 I/upi_ug31xx(  166): (1359) backup_data 
02-25 19:09:10.739 V/upi_ug31xx(  166): state->check_backup_count = 5
02-25 19:09:11.149 D/EVENT_THREAD(  183): void CEventThread::run() POLLIN event on Fd (1)
02-25 19:09:11.149 D/EVENT_THREAD(  183): void CEventThread::run() Do poll with timeout: -1
02-25 19:09:11.149 D/EVENT_THREAD(  183): void CEventThread::run() POLLIN event on Fd (1)
02-25 19:09:11.149 D/EVENT_THREAD(  183): void CEventThread::run() Do poll with timeout: -1
02-25 19:09:11.159 I/upi_ug31xx(  166): (1360) update_capacity
02-25 19:09:11.159 I/[UPI]   (  166): <UG31/E>[UpiReadCapacity]: V=4008(3996), T=297(298-352), I=-238, C=0(0--3)
02-25 19:09:11.159 I/[UPI]   (  166): <UG31/E>[UpiReadCapacity]: (0x0001254a) 2714 (2713) / 3822 (3822) = 71
02-25 19:09:11.159 I/[UPI]   (  166): <UG31/E>[UpiReadCapacity]: (0x0001254a) 2714 (2713) / 3822 (3822) = 71
02-25 19:09:11.159 I/[UPI]   (  166): <UG31/E>[UpiReadCapacity]: (0x0001254a) 2714 (2714) / 3822 (3822) = 71
02-25 19:09:11.159 I/[UPI]   (  166): <UG31/E>[RsocFilterCountTime]: (0x0001254a) Step=3(190078), Full=3(190078), Lock=190078(1800000)
02-25 19:09:11.159 I/[UPI]   (  166): <UG31/E>[UpiReadCapacity]: (0x0001254a) 2714 (2714) / 3822 (3822) = 71 (-238--238)
02-25 19:09:11.159 I/[UPI]   (  166): <UG31/E><BATT> M:normal, P:71(71-71)%, V:3993mV, C:-265mA, T:29.8C(352), S:0x0001254a(000), R:2714mAh, F:3822mAh, Q:-497mAh, CC:3, P:0.330(497--3)s, BO:7, 97:615:0-44af-9m:B001-20140514-144301 (16)
02-25 19:09:11.159 I/upi_ug31xx(  166): (1361) backup_data 
02-25 19:09:11.159 V/upi_ug31xx(  166): state->check_backup_count = 6
02-25 19:09:11.259 D/EVENT_THREAD(  183): void CEventThread::run() POLLIN event on Fd (1)
02-25 19:09:11.259 D/EVENT_THREAD(  183): void CEventThread::run() Do poll with timeout: -1
02-25 19:09:11.939 W/BindingManager( 8974): Cannot call determinedVisibility() - never saw a connection for the pid: 8974
02-25 19:09:11.969 I/chromium( 8974): [INFO:CONSOLE(46)] "Uncaught ReferenceError: SharedWorker is not defined", source: file:///android_asset/www//opt/tct-workers-w3c-tests/workers/SharedWorkerEventListener.html (46)
02-25 19:09:15.109 W/BindingManager( 8974): Cannot call determinedVisibility() - never saw a connection for the pid: 8974
02-25 19:09:15.769 W/BindingManager( 8974): Cannot call determinedVisibility() - never saw a connection for the pid: 8974
02-25 19:09:15.799 I/chromium( 8974): [INFO:CONSOLE(46)] "Uncaught ReferenceError: SharedWorker is not defined", source: file:///android_asset/www//opt/tct-workers-w3c-tests/workers/SharedWorkerSimple.html (46)
02-25 19:09:18.879 W/BindingManager( 8974): Cannot call determinedVisibility() - never saw a connection for the pid: 8974
02-25 19:09:19.499 W/BindingManager( 8974): Cannot call determinedVisibility() - never saw a connection for the pid: 8974
02-25 19:09:19.519 I/chromium( 8974): [INFO:CONSOLE(47)] "Uncaught ReferenceError: SharedWorker is not defined", source: file:///android_asset/www//opt/tct-workers-w3c-tests/workers/SharedWorkerLocation.html (47)
02-25 19:09:20.789 D/wpa_supplicant(  642): wlan0: Starting AP scan for wildcard SSID
02-25 19:09:20.789 D/wpa_supplicant(  642): WPS: Building WPS IE for Probe Request
02-25 19:09:20.789 D/wpa_supplicant(  642): WPS:  * Version (hardcoded 0x10)
02-25 19:09:20.789 D/wpa_supplicant(  642): WPS:  * Request Type
02-25 19:09:20.789 D/wpa_supplicant(  642): WPS:  * Config Methods (4288)
02-25 19:09:20.789 D/wpa_supplicant(  642): WPS:  * UUID-E
02-25 19:09:20.789 D/wpa_supplicant(  642): WPS:  * Primary Device Type
02-25 19:09:20.789 D/wpa_supplicant(  642): WPS:  * RF Bands (1)
02-25 19:09:20.789 D/wpa_supplicant(  642): WPS:  * Association State
02-25 19:09:20.789 D/wpa_supplicant(  642): WPS:  * Configuration Error (0)
02-25 19:09:20.789 D/wpa_supplicant(  642): WPS:  * Device Password ID (0)
02-25 19:09:20.789 D/wpa_supplicant(  642): WPS:  * Manufacturer
02-25 19:09:20.789 D/wpa_supplicant(  642): WPS:  * Model Name
02-25 19:09:20.789 D/wpa_supplicant(  642): WPS:  * Model Number
02-25 19:09:20.789 D/wpa_supplicant(  642): WPS:  * Device Name
02-25 19:09:20.789 D/wpa_supplicant(  642): WPS:  * Version2 (0x20)
02-25 19:09:20.789 D/wpa_supplicant(  642): P2P: * P2P IE header
02-25 19:09:20.789 D/wpa_supplicant(  642): P2P: * Capability dev=25 group=00
02-25 19:09:20.789 D/wpa_supplicant(  642): P2P: * Listen Channel: Regulatory Class 81 Channel 6
02-25 19:09:20.789 D/wpa_supplicant(  642): wlan0: nl80211: scan request
02-25 19:09:20.899 D/wpa_supplicant(  642): Scan requested (ret=0) - scan timeout 30 seconds
02-25 19:09:20.899 D/wpa_supplicant(  642): nl80211: Drv Event 33 (NL80211_CMD_TRIGGER_SCAN) received for wlan0
02-25 19:09:20.909 D/wpa_supplicant(  642): wlan0: nl80211: Scan trigger
02-25 19:09:22.019 D/wpa_supplicant(  642): nl80211: Drv Event 34 (NL80211_CMD_NEW_SCAN_RESULTS) received for wlan0
02-25 19:09:22.019 D/wpa_supplicant(  642): wlan0: nl80211: New scan results available
02-25 19:09:22.019 D/wpa_supplicant(  642): wlan0: Event SCAN_RESULTS (3) received
02-25 19:09:22.019 D/wpa_supplicant(  642): nl80211: Received scan results (22 BSSes)
02-25 19:09:22.019 D/wpa_supplicant(  642): nl80211: Survey data missing
02-25 19:09:22.019 D/wpa_supplicant(  642): wlan0: BSS: Start scan result update 345
02-25 19:09:22.019 D/wpa_supplicant(  642): wlan0: BSS: Add new id 559 BSSID b0:48:7a:51:ff:cc SSID 'Neusoft TP'
02-25 19:09:22.019 D/wpa_supplicant(  642): CTRL_IFACE monitor send - hexdump(len=39): 2f 64 61 74 61 2f 6d 69 73 63 2f 77 69 66 69 2f 73 6f 63 6b 65 74 73 2f 77 70 61 5f 63 74 72 6c ...
02-25 19:09:22.019 D/wpa_supplicant(  642): BSS: last_scan_res_used=21/32 last_scan_full=0
02-25 19:09:22.019 D/wpa_supplicant(  642): wlan0: New scan results available
02-25 19:09:22.019 D/wpa_supplicant(  642): CTRL_IFACE monitor send - hexdump(len=39): 2f 64 61 74 61 2f 6d 69 73 63 2f 77 69 66 69 2f 73 6f 63 6b 65 74 73 2f 77 70 61 5f 63 74 72 6c ...
02-25 19:09:22.019 D/wpa_supplicant(  642): CTRL_IFACE monitor send - hexdump(len=39): 2f 64 61 74 61 2f 6d 69 73 63 2f 77 69 66 69 2f 73 6f 63 6b 65 74 73 2f 77 70 61 5f 63 74 72 6c ...
02-25 19:09:22.019 D/wpa_supplicant(  642): Authorize channel 1
02-25 19:09:22.019 D/wpa_supplicant(  642): Authorize channel 2
