02-25 21:01:39.119 I/WifiHW  (  506): REPLY: ====
02-25 21:01:39.119 I/WifiHW  (  506): REPLY: id=639
02-25 21:01:39.119 I/WifiHW  (  506): REPLY: bssid=c4:17:fe:3f:4f:fb
02-25 21:01:39.119 I/WifiHW  (  506): REPLY: freq=2437
02-25 21:01:39.119 I/WifiHW  (  506): REPLY: level=-61
02-25 21:01:39.119 I/WifiHW  (  506): REPLY: tsf=0000021139657509
02-25 21:01:39.119 I/WifiHW  (  506): REPLY: flags=[WPA2-PSK-CCMP][ESS]
02-25 21:01:39.119 I/WifiHW  (  506): REPLY: ssid=cmcm
02-25 21:01:39.119 I/WifiHW  (  506): REPLY: ====
02-25 21:01:39.119 I/WifiHW  (  506): REPLY: id=640
02-25 21:01:39.119 I/WifiHW  (  506): REPLY: bssid=cc:b2:55:e2:84:70
02-25 21:01:39.119 I/WifiHW  (  506): REPLY: freq=2447
02-25 21:01:39.119 I/WifiHW  (  506): REPLY: level=-67
02-25 21:01:39.119 I/WifiHW  (  506): REPLY: tsf=0000021139657542
02-25 21:01:39.119 I/WifiHW  (  506): REPLY: flags=[WPA-PSK-TKIP][WPA2-PSK-TKIP][ESS]
02-25 21:01:39.119 I/WifiHW  (  506): REPLY: ssid=DLINK_APK
02-25 21:01:39.119 I/WifiHW  (  506): REPLY: ====
02-25 21:01:39.119 I/WifiHW  (  506): REPLY: id=641
02-25 21:01:39.119 I/WifiHW  (  506): REPLY: bssid=02:1a:11:fc:8b:fc
02-25 21:01:39.119 I/WifiHW  (  506): REPLY: freq=2437
02-25 21:01:39.119 I/WifiHW  (  506): REPLY: level=-63
02-25 21:01:39.119 I/WifiHW  (  506): REPLY: tsf=0000021139657538
02-25 21:01:39.119 I/WifiHW  (  506): REPLY: flags=[WPA2-PSK-CCMP][ESS]
02-25 21:01:39.119 I/WifiHW  (  506): REPLY: ssid=love U forever
02-25 21:01:39.119 I/WifiHW  (  506): REPLY: ====
02-25 21:01:39.119 I/WifiHW  (  506): REPLY: id=642
02-25 21:01:39.119 I/WifiHW  (  506): REPLY: bssid=c0:a0:bb:20:3b:84
02-25 21:01:39.119 I/WifiHW  (  506): REPLY: freq=2417
02-25 21:01:39.119 I/WifiHW  (  506): REPLY: level=-81
02-25 21:01:39.119 I/WifiHW  (  506): REPLY: tsf=0000021139657506
02-25 21:01:39.119 I/WifiHW  (  506): REPLY: flags=[WPA-PSK-CCMP+TKIP][WPA2-PSK-CCMP+TKIP][WPS][ESS]
02-25 21:01:39.119 I/WifiHW  (  506): REPLY: ssid=dlink-3B84
02-25 21:01:39.119 I/WifiHW  (  506): REPLY: ====
02-25 21:01:39.119 I/WifiHW  (  506): REPLY: id=643
02-25 21:01:39.119 I/WifiHW  (  506): REPLY: bssid=00:0f:e2:0f:9f:c1
02-25 21:01:39.119 I/WifiHW  (  506): REPLY: freq=2462
02-25 21:01:39.119 I/WifiHW  (  506): REPLY: level=-73
02-25 21:01:39.119 I/WifiHW  (  506): REPLY: tsf=0000021098407511
02-25 21:01:39.119 I/WifiHW  (  506): REPLY: flags=[WPA-PSK-CCMP+TKIP][WPA2-PSK-CCMP+TKIP][ESS]
02-25 21:01:39.119 I/WifiHW  (  506): REPLY: ssid=321_WAN
02-25 21:01:39.119 I/WifiHW  (  506): REPLY: ====
02-25 21:01:39.119 I/WifiHW  (  506): REPLY: id=644
02-25 21:01:39.119 I/WifiHW  (  506): REPLY: bssid=2c:b0:5d:7f:f4:24
02-25 21:01:39.119 I/WifiHW  (  506): REPLY: freq=2412
02-25 21:01:39.119 I/WifiHW  (  506): REPLY: level=-89
02-25 21:01:39.119 I/WifiHW  (  506): REPLY: tsf=0000021139657498
02-25 21:01:39.119 I/WifiHW  (  506): REPLY: flags=[WPA2-PSK-CCMP][WPS][ESS]
02-25 21:01:39.119 I/WifiHW  (  506): REPLY: ssid=NETGEAR38
02-25 21:01:39.119 I/WifiHW  (  506): REPLY: ====
02-25 21:01:39.119 I/WifiHW  (  506): REPLY: id=646
02-25 21:01:39.119 I/WifiHW  (  506): REPLY: bssid=7a:24:af:24:0f:48
02-25 21:01:39.119 I/WifiHW  (  506): REPLY: freq=2412
02-25 21:01:39.119 I/WifiHW  (  506): REPLY: level=-71
02-25 21:01:39.119 I/WifiHW  (  506): REPLY: tsf=0000021098407514
02-25 21:01:39.119 I/WifiHW  (  506): REPLY: flags=[WEP]
02-25 21:01:39.119 I/WifiHW  (  506): REPLY: ssid=DIRECT-
02-25 21:01:39.119 I/WifiHW  (  506): REPLY: ====
02-25 21:01:39.119 I/WifiHW  (  506): REPLY: id=647
02-25 21:01:39.119 I/WifiHW  (  506): REPLY: bssid=02:09:4c:f5:5a:af
02-25 21:01:39.119 I/WifiHW  (  506): REPLY: freq=2412
02-25 21:01:39.119 I/WifiHW  (  506): REPLY: level=-70
02-25 21:01:39.119 I/WifiHW  (  506): REPLY: tsf=0000021098407463
02-25 21:01:39.119 I/WifiHW  (  506): REPLY: flags=[WEP]
02-25 21:01:39.119 I/WifiHW  (  506): REPLY: ssid=DIRECT-
02-25 21:01:39.119 I/WifiHW  (  506): REPLY: ====
02-25 21:01:39.119 I/WifiHW  (  506): REPLY: id=648
02-25 21:01:39.119 I/WifiHW  (  506): REPLY: bssid=98:fc:11:81:35:fb
02-25 21:01:39.119 I/WifiHW  (  506): REPLY: freq=2412
02-25 21:01:39.119 I/WifiHW  (  506): REPLY: level=-66
02-25 21:01:39.119 I/WifiHW  (  506): REPLY: tsf=0000021139657485
02-25 21:01:39.119 I/WifiHW  (  506): REPLY: flags=[WPS][ESS]
02-25 21:01:39.119 I/WifiHW  (  506): REPLY: ssid=E2000EE
02-25 21:01:39.119 I/WifiHW  (  506): REPLY: ====
02-25 21:01:39.119 I/WifiHW  (  506): REPLY: id=649
02-25 21:01:39.119 I/WifiHW  (  506): REPLY: bssid=50:bd:5f:4b:29:92
02-25 21:01:39.119 I/WifiHW  (  506): REPLY: freq=2437
02-25 21:01:39.119 I/WifiHW  (  506): REPLY: level=-67
02-25 21:01:39.119 I/WifiHW  (  506): REPLY: tsf=0000021139657523
02-25 21:01:39.119 I/WifiHW  (  506): REPLY: flags=[ESS]
02-25 21:01:39.119 I/WifiHW  (  506): REPLY: ssid=Internet-2
02-25 21:01:39.119 I/WifiHW  (  506): REPLY: ====
02-25 21:01:39.119 I/WifiHW  (  506): REPLY: id=650
02-25 21:01:39.119 I/WifiHW  (  506): REPLY: bssid=e4:d3:32:dd:18:62
02-25 21:01:39.119 I/WifiHW  (  506): REPLY: freq=2437
02-25 21:01:39.119 I/WifiHW  (  506): REPLY: level=-67
02-25 21:01:39.119 I/WifiHW  (  506): REPLY: tsf=0000021139657516
02-25 21:01:39.119 I/WifiHW  (  506): REPLY: flags=[ESS]
02-25 21:01:39.119 I/WifiHW  (  506): REPLY: ssid=Internet
02-25 21:01:39.119 I/WifiHW  (  506): REPLY: ====
02-25 21:01:39.119 I/WifiHW  (  506): REPLY: id=651
02-25 21:01:39.119 I/WifiHW  (  506): REPLY: bssid=00:25:86:5c:5e:30
02-25 21:01:39.119 I/WifiHW  (  506): REPLY: freq=2437
02-25 21:01:39.119 I/WifiHW  (  506): REPLY: level=-83
02-25 21:01:39.119 I/WifiHW  (  506): REPLY: tsf=0000021098407492
02-25 21:01:39.119 I/WifiHW  (  506): REPLY: flags=[ESS]
02-25 21:01:39.119 I/WifiHW  (  506): REPLY: ssid=internet
02-25 21:01:39.119 I/WifiHW  (  506): REPLY: ====
02-25 21:01:39.119 I/WifiHW  (  506): REPLY: id=652
02-25 21:01:39.119 I/WifiHW  (  506): REPLY: bssid=e4:d3:32:c0:cf:a4
02-25 21:01:39.119 I/WifiHW  (  506): REPLY: freq=2437
02-25 21:01:39.119 I/WifiHW  (  506): REPLY: level=-65
02-25 21:01:39.119 I/WifiHW  (  506): REPLY: tsf=0000021139657527
02-25 21:01:39.119 I/WifiHW  (  506): REPLY: flags=[WPA2-PSK-CCMP][ESS]
02-25 21:01:39.119 I/WifiHW  (  506): REPLY: ssid=fast
02-25 21:01:39.119 I/WifiHW  (  506): REPLY: ====
02-25 21:01:39.119 I/WifiHW  (  506): REPLY: id=653
02-25 21:01:39.119 I/WifiHW  (  506): REPLY: bssid=02:09:4c:1f:fe:31
02-25 21:01:39.119 I/WifiHW  (  506): REPLY: freq=2412
02-25 21:01:39.119 I/WifiHW  (  506): REPLY: level=-75
02-25 21:01:39.119 I/WifiHW  (  506): REPLY: tsf=0000021139657530
02-25 21:01:39.119 I/WifiHW  (  506): REPLY: flags=[WEP]
02-25 21:01:39.119 I/WifiHW  (  506): REPLY: ssid=DIRECT-
02-25 21:01:39.119 I/WifiHW  (  506): REPLY: ####
02-25 21:01:44.189 D/dalvikvm(  680): GC_EXPLICIT freed 388K, 42% free 5891K/10120K, paused 1ms+1ms, total 14ms
02-25 21:01:46.829 D/EVENT_THREAD(  183): void CEventThread::run() POLLIN event on Fd (1)
02-25 21:01:46.839 D/EVENT_THREAD(  183): void CEventThread::run() Do poll with timeout: -1
02-25 21:01:47.349 I/upi_ug31xx(  166): (1832) update_capacity
02-25 21:01:47.349 I/[UPI]   (  166): <UG31/E>[UpiReadCapacity]: V=3991(3965), T=281(283-348), I=-418, C=-5(-5-0)
02-25 21:01:47.349 D/EVENT_THREAD(  183): void CEventThread::run() POLLIN event on Fd (1)
02-25 21:01:47.349 I/[UPI]   (  166): <UG31/E>[UpiReadCapacity]: (0x0001254a) 2714 (2675) / 3822 (3822) = 71
02-25 21:01:47.349 I/[UPI]   (  166): <UG31/E>[UpiReadCapacity]: (0x0001254a) 2714 (2675) / 3822 (3822) = 71
02-25 21:01:47.349 D/EVENT_THREAD(  183): void CEventThread::run() Do poll with timeout: -1
02-25 21:01:47.349 I/[UPI]   (  166): <UG31/E>[UpiReadCapacity]: (0x0001254a) 2709 (2709) / 3822 (3822) = 71
02-25 21:01:47.349 D/EVENT_THREAD(  183): void CEventThread::run() POLLIN event on Fd (1)
02-25 21:01:47.349 I/[UPI]   (  166): <UG31/E>[RsocFilterCountTime]: (0x0001254a) Step=6(404368), Full=6(404368), Lock=404368(1800000)
02-25 21:01:47.349 D/EVENT_THREAD(  183): void CEventThread::run() Do poll with timeout: -1
02-25 21:01:47.349 I/[UPI]   (  166): <UG31/E>[UpiReadCapacity]: (0x0001254a) 2709 (2709) / 3822 (3822) = 71 (-418--418)
02-25 21:01:47.349 I/[UPI]   (  166): <UG31/E><BATT> M:normal, P:71(71-71)%, V:3960mV, C:-409mA, T:28.3C(348), S:0x0001254a(000), R:2709mAh, F:3822mAh, Q:-500mAh, CC:3, P:30.330(500-0)s, BO:7, 97:615:0-44af-9m:B001-20140514-144301 (16)
02-25 21:01:47.349 I/upi_ug31xx(  166): (1833) backup_data 
02-25 21:01:47.349 V/upi_ug31xx(  166): state->check_backup_count = 13
02-25 21:01:52.089 D/dalvikvm(  567): GC_EXPLICIT freed 17022K, 65% free 11964K/33284K, paused 1ms+6ms, total 30ms
02-25 21:01:53.259 D/BluetoothPan(  506): BluetoothPAN Proxy object disconnected
02-25 21:01:53.259 D/BluetoothHeadset(  770): Proxy object disconnected
02-25 21:01:53.259 D/BluetoothA2dp(  506): Proxy object disconnected
02-25 21:01:53.269 D/BluetoothTethering(  506): got CMD_CHANNEL_DISCONNECTED
02-25 21:01:53.269 E/BluetoothTethering(  506): attempted to stop reverse tether with nothing tethered
02-25 21:01:53.279 I/ActivityManager(  506): Process com.android.bluetooth (pid 6043) has died.
02-25 21:01:53.279 D/BluetoothHeadset(  770): Proxy object disconnected
02-25 21:01:53.279 D/BluetoothHeadset(  770): Proxy object disconnected
02-25 21:01:53.299 D/BluetoothHeadset(  506): Proxy object disconnected
02-25 21:01:53.349 D/BluetoothManagerService(  506): BluetoothServiceConnection, disconnected: com.android.bluetooth.btservice.AdapterService
02-25 21:01:53.349 D/BluetoothManagerService(  506): BluetoothServiceConnection, disconnected: com.android.bluetooth.gatt.GattService
02-25 21:01:53.349 D/BluetoothManagerService(  506): Message: 41
02-25 21:01:53.349 E/BluetoothManagerService(  506): MESSAGE_BLUETOOTH_SERVICE_DISCONNECTED: 1
02-25 21:01:53.349 D/BluetoothManagerService(  506): Calling onBluetoothServiceDown callbacks
02-25 21:01:53.349 D/BluetoothManagerService(  506): Broadcasting onBluetoothServiceDown() to 3 receivers.
02-25 21:01:53.369 D/BluetoothAdapter(  506): onBluetoothServiceDown: android.bluetooth.IBluetooth$Stub$Proxy@2217e130
02-25 21:01:53.369 W/MediaFocusControl(  506): RemoteControl: display android.media.IRemoteControlDisplay$Stub$Proxy@22abba68 died
02-25 21:01:53.369 D/BluetoothAdapter(  770): onBluetoothServiceDown: android.bluetooth.IBluetooth$Stub$Proxy@21f21ed0
02-25 21:01:53.369 D/BluetoothAdapter(  567): onBluetoothServiceDown: android.bluetooth.IBluetooth$Stub$Proxy@21ebba48
02-25 21:01:53.369 D/BluetoothManagerService(  506): Message: 41
02-25 21:01:53.369 E/BluetoothManagerService(  506): MESSAGE_BLUETOOTH_SERVICE_DISCONNECTED: 2
02-25 21:01:53.469 I/SecurityManagerService(  680): SMS received security event: App[STOP/com.android.bluetooth]
02-25 21:01:53.549 D/BluetoothManagerService(  506): Message: 42
02-25 21:01:53.549 D/BluetoothManagerService(  506): MESSAGE_RESTART_BLUETOOTH_SERVICE: Restart IBluetooth service
02-25 21:01:53.649 I/SecurityManagerService(  680): SMS received security event: App[START/com.android.bluetooth]
02-25 21:01:53.739 D/dalvikvm(12618): Process 12618 nice name: com.android.bluetooth
02-25 21:01:53.739 D/dalvikvm(12618): Extra Options: not specified
02-25 21:01:53.749 I/ActivityManager(  506): Start proc com.android.bluetooth for service com.android.bluetooth/.btservice.AdapterService: pid=12618 uid=1002 gids={41002, 3003, 3002, 3001, 1028, 1015, 3005, 1016, 3008}
02-25 21:01:53.779 D/AudioHardwareALSA(  183): setParameters
02-25 21:01:54.579 D/AdapterServiceConfig(12618): Adding HeadsetService
02-25 21:01:54.579 D/AdapterServiceConfig(12618): Adding A2dpService
02-25 21:01:54.579 D/AdapterServiceConfig(12618): Adding HidService
02-25 21:01:54.579 D/AdapterServiceConfig(12618): Adding HealthService
02-25 21:01:54.579 D/AdapterServiceConfig(12618): Adding PanService
02-25 21:01:54.579 D/AdapterServiceConfig(12618): Adding GattService
02-25 21:01:54.599 D/BluetoothAdapterService(12618): REFCOUNT: CREATED. INSTANCE_COUNT1
02-25 21:01:54.599 D/BluetoothAdapterService(569139024)(12618): onCreate
02-25 21:01:54.629 D/BluetoothAdapterState(12618): make
02-25 21:01:54.639 I/bluedroid(12618): init
02-25 21:01:54.639 I/BluetoothAdapterState(12618): Entering OffState
02-25 21:01:54.659 I/bte_conf(12618): Attempt to load stack conf from /etc/bluetooth/bt_stack.conf
02-25 21:01:54.659 I/bte_conf(12618): Loading BT stack properties conf
02-25 21:01:54.659 D/BTIF_CORE(12618): Version: AMPAK-Android-4.4-GPS-FM-1.0.0 
02-25 21:01:54.659 I/bluedroid(12618): get_profile_interface socket
02-25 21:01:54.659 I/GKI_LINUX(12618): gki_task_entry: gki_task_entry task_id=1 [BTIF] starting
02-25 21:01:54.669 D/BluetoothAdapterService(569139024)(12618): onBind
02-25 21:01:54.669 I/BluetoothAdapterProperties(12618): adapterPropertyChangedCallback with type:2 len:6
02-25 21:01:54.669 D/BluetoothManagerService(  506): BluetoothServiceConnection: com.android.bluetooth.btservice.AdapterService
02-25 21:01:54.669 D/BluetoothManagerService(  506): Message: 40
02-25 21:01:54.669 D/BluetoothManagerService(  506): MESSAGE_BLUETOOTH_SERVICE_CONNECTED: 1
02-25 21:01:54.669 I/bluedroid(12618): config_hci_snoop_log
02-25 21:01:54.679 D/BluetoothManagerService(  506): Calling onBluetoothServiceUp callbacks
02-25 21:01:54.679 D/BluetoothManagerService(  506): Broadcasting onBluetoothServiceUp() to 4 receivers.
02-25 21:01:54.679 D/BluetoothAdapter(  506): onBluetoothServiceUp: android.bluetooth.IBluetooth$Stub$Proxy@2217e148
02-25 21:01:54.679 D/BluetoothAdapter(  770): onBluetoothServiceUp: android.bluetooth.IBluetooth$Stub$Proxy@21ebfc60
02-25 21:01:54.679 D/BluetoothAdapter(  567): onBluetoothServiceUp: android.bluetooth.IBluetooth$Stub$Proxy@21eec628
02-25 21:01:54.679 D/BluetoothAdapter(12618): onBluetoothServiceUp: com.android.bluetooth.btservice.AdapterService$AdapterServiceBinder@21ec6af8
02-25 21:01:54.679 D/BluetoothAdapterService(569139024)(12618): Enable called with quiet mode status =  false
02-25 21:01:54.679 D/BluetoothAdapterState(12618): CURRENT_STATE=OFF, MESSAGE = USER_TURN_ON
02-25 21:01:54.679 D/BluetoothAdapterState(12618): REPORT_INFO: CWS_BT_ON
02-25 21:01:54.689 D/BluetoothAdapterProperties(12618): Address is:78:24:AF:02:8B:DC
02-25 21:01:54.689 I/BluetoothAdapterProperties(12618): adapterPropertyChangedCallback with type:1 len:4
02-25 21:01:54.699 D/BluetoothAdapterProperties(12618): Name is: K011
02-25 21:01:54.699 D/BluetoothManagerService(  506): Bluetooth Adapter name changed to K011
02-25 21:01:54.699 D/BluetoothManagerService(  506): Stored Bluetooth name: K011
02-25 21:01:54.709 D/BluetoothAdapterProperties(12618): Setting state to 11
02-25 21:01:54.709 I/BluetoothAdapterState(12618): Bluetooth adapter state changed: 10-> 11
02-25 21:01:54.709 D/BluetoothAdapterService(12618): Broadcasting updateAdapterState() to 1 receivers.
02-25 21:01:54.709 D/BluetoothManagerService(  506): onBluetoothStateChange prev=10 new=11
02-25 21:01:54.709 D/BluetoothManagerService(  506): Message: 60
02-25 21:01:54.709 D/BluetoothManagerService(  506): MESSAGE_BLUETOOTH_STATE_CHANGE: prevState = 10, newState=11
02-25 21:01:54.709 D/BluetoothAdapterService(569139024)(12618): processStart()
02-25 21:01:54.709 D/BluetoothManagerService(  506): Bluetooth State Change Intent: 10 -> 11
02-25 21:01:54.709 D/BluetoothAdapterService(569139024)(12618): processStart(): Make Bond State Machine
02-25 21:01:54.709 D/BluetoothBondStateMachine(12618): make
02-25 21:01:54.719 D/BluetoothAdapterService(12618): setAdapterService(): set to: null
02-25 21:01:54.719 I/BluetoothBondStateMachine(12618): StableState(): Entering Off State
02-25 21:01:54.729 W/BluetoothAdapterService(12618): Starting service com.android.bluetooth.hfp.HeadsetService
02-25 21:01:54.749 D/BluetoothAdapterService(569139024)(12618): getState(): mAdapterProperties: com.android.bluetooth.btservice.AdapterProperties@21ec6cf8
02-25 21:01:54.769 I/SecurityManagerService(  680): SMS received security event: App[START/com.android.settings]
02-25 21:01:54.789 D/dalvikvm(12646): Process 12646 nice name: com.android.settings
02-25 21:01:54.789 D/dalvikvm(12646): Extra Options: not specified
02-25 21:01:54.789 I/ActivityManager(  506): Start proc com.android.settings for broadcast com.android.settings/.bluetooth.DockEventReceiver: pid=12646 uid=1000 gids={41000, 3003, 1028, 1015, 3002, 3001, 1023}
02-25 21:01:54.799 W/BluetoothAdapterService(12618): Starting service com.android.bluetooth.a2dp.A2dpService
02-25 21:01:54.799 W/BluetoothAdapterService(12618): Starting service com.android.bluetooth.hid.HidService
02-25 21:01:54.799 W/BluetoothAdapterService(12618): Starting service com.android.bluetooth.hdp.HealthService
02-25 21:01:54.799 W/BluetoothAdapterService(12618): Starting service com.android.bluetooth.pan.PanService
02-25 21:01:54.799 W/BluetoothAdapterService(12618): Starting service com.android.bluetooth.gatt.GattService
02-25 21:01:54.809 D/BluetoothHeadset(  506): Proxy object connected
02-25 21:01:54.809 D/BluetoothHeadset(  770): Proxy object connected
02-25 21:01:54.809 D/HeadsetService(12618): Received start request. Starting profile...
02-25 21:01:54.809 D/BluetoothAdapterService(569139024)(12618): getState(): mAdapterProperties: com.android.bluetooth.btservice.AdapterProperties@21ec6cf8
02-25 21:01:54.809 I/BluetoothAdapterState(12618): Entering PendingCommandState State: isTurningOn()=true, isTurningOff()=false
02-25 21:01:54.819 D/BluetoothHeadset(  770): Proxy object connected
02-25 21:01:54.819 D/BluetoothHeadset(  770): Proxy object connected
02-25 21:01:54.869 I/BluetoothHeadsetServiceJni(12618): classInitNative: succeeds
02-25 21:01:54.869 D/HeadsetStateMachine(12618): make
02-25 21:01:55.119 I/bluedroid(12618): get_profile_interface handsfree
02-25 21:01:55.169 D/BluetoothAdapterService(12618): getAdapterService(): returning com.android.bluetooth.btservice.AdapterService@21ec5f50
02-25 21:01:55.259 D/BluetoothA2dp(  506): Proxy object connected
02-25 21:01:55.269 D/A2dpService(12618): Received start request. Starting profile...
02-25 21:01:55.269 D/BluetoothAdapterService(569139024)(12618): getState(): mAdapterProperties: com.android.bluetooth.btservice.AdapterProperties@21ec6cf8
02-25 21:01:55.319 I/BluetoothA2dpServiceJni(12618): classInitNative: succeeds
02-25 21:01:55.319 D/A2dpStateMachine(12618): make
02-25 21:01:55.329 I/bluedroid(12618): get_profile_interface a2dp
02-25 21:01:55.499 I/GKI_LINUX(12618): gki_task_entry: gki_task_entry task_id=2 [A2DP-MEDIA] starting
02-25 21:01:55.869 I/BluetoothAvrcpServiceJni(12618): classInitNative: succeeds
02-25 21:01:55.869 D/A2dpStateMachine(12618): Enter Disconnected: -2
02-25 21:01:55.869 V/Avrcp   (12618): make
02-25 21:01:55.869 I/bluedroid(12618): get_profile_interface avrcp
02-25 21:01:55.869 D/BluetoothAdapterService(12618): getAdapterService(): returning com.android.bluetooth.btservice.AdapterService@21ec5f50
02-25 21:01:55.879 I/BluetoothHidServiceJni(12618): classInitNative: succeeds
02-25 21:01:55.879 D/HidService(12618): Received start request. Starting profile...
02-25 21:01:55.879 I/bluedroid(12618): get_profile_interface hidhost
02-25 21:01:55.879 D/BluetoothAdapterService(12618): getAdapterService(): returning com.android.bluetooth.btservice.AdapterService@21ec5f50
02-25 21:01:55.879 I/BluetoothHealthServiceJni(12618): classInitNative: succeeds
02-25 21:01:55.879 D/HealthService(12618): Received start request. Starting profile...
02-25 21:01:55.889 I/bluedroid(12618): get_profile_interface health
02-25 21:01:55.889 D/BluetoothAdapterService(12618): getAdapterService(): returning com.android.bluetooth.btservice.AdapterService@21ec5f50
02-25 21:01:55.889 I/BluetoothPanServiceJni(12618): classInitNative(L112): succeeds
02-25 21:01:55.889 D/BluetoothPan(  506): BluetoothPAN Proxy object connected
02-25 21:01:55.889 D/PanService(12618): Received start request. Starting profile...
02-25 21:01:55.889 D/BluetoothPanServiceJni(12618): initializeNative(L117): pan
02-25 21:01:55.889 I/bluedroid(12618): get_profile_interface pan
02-25 21:01:55.889 D/BluetoothAdapterService(12618): getAdapterService(): returning com.android.bluetooth.btservice.AdapterService@21ec5f50
02-25 21:01:55.889 D/BluetoothTethering(  506): got CMD_CHANNEL_HALF_CONNECTED
02-25 21:01:55.889 I/BtGatt.JNI(12618): classInitNative(L685): classInitNative: Success!
02-25 21:01:55.899 D/BluetoothManagerService(  506): BluetoothServiceConnection: com.android.bluetooth.gatt.GattService
02-25 21:01:55.899 D/BluetoothManagerService(  506): Message: 40
02-25 21:01:55.899 D/BluetoothManagerService(  506): MESSAGE_BLUETOOTH_SERVICE_CONNECTED: 2
02-25 21:01:55.899 D/BtGatt.DebugUtils(12618): handleDebugAction() action=null
02-25 21:01:55.899 D/BtGatt.GattService(12618): Received start request. Starting profile...
02-25 21:01:55.899 D/BtGatt.GattService(12618): start()
02-25 21:01:55.899 I/bluedroid(12618): get_profile_interface gatt
02-25 21:01:55.899 D/BluetoothAdapterService(12618): getAdapterService(): returning com.android.bluetooth.btservice.AdapterService@21ec5f50
02-25 21:01:55.899 D/BluetoothAdapterService(569139024)(12618): Message: 1
02-25 21:01:55.899 D/BluetoothAdapterService(569139024)(12618): MESSAGE_PROFILE_SERVICE_STATE_CHANGED
02-25 21:01:55.899 D/BluetoothAdapterService(12618): onProfileServiceStateChange: serviceName=com.android.bluetooth.hfp.HeadsetService, state = 12, doUpdate = true
02-25 21:01:55.899 D/BluetoothAdapterService(12618): Profile still not running:com.android.bluetooth.hdp.HealthService
02-25 21:01:55.899 D/HeadsetPhoneState(12618): sendDeviceStateChanged. mService=0 mSignal=0 mRoam=0 mBatteryCharge=3
02-25 21:01:55.899 D/BluetoothAdapterService(569139024)(12618): Message: 1
02-25 21:01:55.899 D/BluetoothAdapterService(569139024)(12618): MESSAGE_PROFILE_SERVICE_STATE_CHANGED
02-25 21:01:55.899 D/BluetoothAdapterService(12618): onProfileServiceStateChange: serviceName=com.android.bluetooth.a2dp.A2dpService, state = 12, doUpdate = true
02-25 21:01:55.899 D/BluetoothAdapterService(12618): Profile still not running:com.android.bluetooth.hdp.HealthService
02-25 21:01:55.899 D/BluetoothAdapterService(569139024)(12618): Message: 1
02-25 21:01:55.899 D/BluetoothAdapterService(569139024)(12618): MESSAGE_PROFILE_SERVICE_STATE_CHANGED
02-25 21:01:55.899 D/BluetoothAdapterService(12618): onProfileServiceStateChange: serviceName=com.android.bluetooth.hid.HidService, state = 12, doUpdate = true
02-25 21:01:55.899 D/BluetoothAdapterService(12618): Profile still not running:com.android.bluetooth.hdp.HealthService
02-25 21:01:55.899 D/BluetoothAdapterService(569139024)(12618): Message: 1
02-25 21:01:55.899 D/BluetoothAdapterService(569139024)(12618): MESSAGE_PROFILE_SERVICE_STATE_CHANGED
02-25 21:01:55.899 D/BluetoothAdapterService(12618): onProfileServiceStateChange: serviceName=com.android.bluetooth.hdp.HealthService, state = 12, doUpdate = true
02-25 21:01:55.899 D/BluetoothAdapterService(12618): Profile still not running:com.android.bluetooth.pan.PanService
02-25 21:01:55.899 D/BluetoothAdapterService(569139024)(12618): Message: 1
02-25 21:01:55.899 D/BluetoothAdapterService(569139024)(12618): MESSAGE_PROFILE_SERVICE_STATE_CHANGED
02-25 21:01:55.899 D/BluetoothAdapterService(12618): onProfileServiceStateChange: serviceName=com.android.bluetooth.pan.PanService, state = 12, doUpdate = true
02-25 21:01:55.899 D/BluetoothAdapterService(12618): Profile still not running:com.android.bluetooth.gatt.GattService
02-25 21:01:55.899 D/BluetoothAdapterService(569139024)(12618): Message: 1
02-25 21:01:55.899 D/BluetoothAdapterService(569139024)(12618): MESSAGE_PROFILE_SERVICE_STATE_CHANGED
02-25 21:01:55.899 D/BluetoothAdapterService(12618): onProfileServiceStateChange: serviceName=com.android.bluetooth.gatt.GattService, state = 12, doUpdate = true
02-25 21:01:55.899 D/BluetoothAdapterService(12618): All profile services started.
02-25 21:01:55.899 D/BluetoothAdapterState(12618): CURRENT_STATE=PENDING, MESSAGE = STARTED, isTurningOn=true, isTurningOff=false
02-25 21:01:55.899 I/bluedroid(12618): enable
02-25 21:01:55.919 I/bt_hci_bdroid(12618): init
02-25 21:01:55.949 I/bt_vendor(12618): init
02-25 21:01:55.949 I/bt_vnd_conf(12618): Attempt to load conf from /system/etc/bluetooth/bt_K011.conf
02-25 21:01:55.949 I/bt_vnd_conf(12618): PCM define 
02-25 21:01:55.949 I/bt_hci_bdroid(12618): bt_hc_worker_thread started
02-25 21:01:55.949 D/EVENT_THREAD(  183): void CEventThread::run() POLLIN event on Fd (1)
02-25 21:01:55.959 D/EVENT_THREAD(  183): void CEventThread::run() Do poll with timeout: -1
02-25 21:01:56.449 D/EVENT_THREAD(  183): void CEventThread::run() POLLIN event on Fd (1)
02-25 21:01:56.449 D/EVENT_THREAD(  183): void CEventThread::run() Do poll with timeout: -1
02-25 21:01:56.949 I/bt_userial_vendor(12618): userial vendor open: opening /dev/ttyMFD1
02-25 21:01:56.949 I/GKI_LINUX(12618): gki_task_entry: gki_task_entry task_id=0 [BTU] starting
02-25 21:01:56.949 I/bt-btu  (12618): btu_task pending for preload complete event
02-25 21:01:56.979 I/bt_userial_vendor(12618): device fd = 70 open
02-25 21:01:56.979 E/bt_hwcfg(12618): Delay 30ms for waiting CHIP_POWER_ON
02-25 21:01:57.029 D/bt_hwcfg(12618): Chipset BCM2076B1
02-25 21:01:57.029 D/bt_hwcfg(12618): Target name = [BCM2076B1]
02-25 21:01:57.029 I/bt_hwcfg(12618): FW patchfile: /etc/firmware/bt/BCM2076B1_002.002.004.0132.0141_reduced_2dB.hcd
02-25 21:01:57.039 I/bt_hwcfg(12618): bt vendor lib: set UART baud 3000000
02-25 21:01:57.489 I/bt_hwcfg(12618): bt vendor lib: set UART baud 115200
02-25 21:01:57.499 D/bt_hwcfg(12618): Settlement delay -- 100 ms
02-25 21:01:57.599 I/bt_hwcfg(12618): Reset to 2 stopbits
02-25 21:01:57.599 I/bt_hwcfg(12618): bt vendor lib: set UART baud 3000000
02-25 21:01:57.809 I/bt_hwcfg(12618): Setting local bd addr to 78:24:AF:02:8B:DC
02-25 21:01:57.809 I/bt_hwcfg(12618): vendor lib fwcfg completed
02-25 21:01:57.809 I/bt-btu  (12618): btu_task received preload complete event
02-25 21:01:57.819 I/        (12618): BTE_InitTraceLevels -- TRC_HCI
02-25 21:01:57.819 I/        (12618): BTE_InitTraceLevels -- TRC_L2CAP
02-25 21:01:57.819 I/        (12618): BTE_InitTraceLevels -- TRC_RFCOMM
02-25 21:01:57.819 I/        (12618): BTE_InitTraceLevels -- TRC_AVDT
02-25 21:01:57.819 I/        (12618): BTE_InitTraceLevels -- TRC_AVRC
02-25 21:01:57.819 I/        (12618): BTE_InitTraceLevels -- TRC_A2D
02-25 21:01:57.819 I/        (12618): BTE_InitTraceLevels -- TRC_BNEP
02-25 21:01:57.819 I/        (12618): BTE_InitTraceLevels -- TRC_BTM
02-25 21:01:57.819 I/        (12618): BTE_InitTraceLevels -- TRC_GAP
02-25 21:01:57.819 I/        (12618): BTE_InitTraceLevels -- TRC_PAN
02-25 21:01:57.819 I/        (12618): BTE_InitTraceLevels -- TRC_SDP
02-25 21:01:57.819 I/        (12618): BTE_InitTraceLevels -- TRC_GATT
02-25 21:01:57.819 I/        (12618): BTE_InitTraceLevels -- TRC_SMP
02-25 21:01:57.819 I/        (12618): BTE_InitTraceLevels -- TRC_BTAPP
02-25 21:01:57.819 I/        (12618): BTE_InitTraceLevels -- TRC_BTIF
02-25 21:01:57.869 I/BluetoothAdapterProperties(12618): adapterPropertyChangedCallback with type:2 len:6
02-25 21:01:57.869 D/BluetoothAdapterProperties(12618): Address is:78:24:AF:02:8B:DC
02-25 21:01:57.869 I/BluetoothAdapterProperties(12618): adapterPropertyChangedCallback with type:1 len:4
02-25 21:01:57.869 D/BluetoothAdapterProperties(12618): Name is: K011
02-25 21:01:57.869 I/BluetoothAdapterProperties(12618): adapterPropertyChangedCallback with type:7 len:4
02-25 21:01:57.869 D/BluetoothManagerService(  506): Bluetooth Adapter name changed to K011
02-25 21:01:57.869 D/BluetoothAdapterProperties(12618): Scan Mode:20
02-25 21:01:57.869 I/BluetoothAdapterProperties(12618): adapterPropertyChangedCallback with type:9 len:4
02-25 21:01:57.869 D/BluetoothManagerService(  506): Stored Bluetooth name: K011
02-25 21:01:57.869 D/BluetoothAdapterProperties(12618): Discoverable Timeout:120
02-25 21:01:57.869 I/BluetoothAdapterProperties(12618): adapterPropertyChangedCallback with type:8 len:0
02-25 21:01:57.869 I/BluetoothAdapterProperties(12618): adapterPropertyChangedCallback with type:3 len:48
02-25 21:01:57.879 I/bte_conf(12618): Attempt to load did conf from /etc/bluetooth/bt_did.conf
02-25 21:01:57.879 I/bte_conf(12618): [1] primary_record=1 vendor_id=0x0002 vendor_id_source=0x0001 product_id=0x0001 version=0x0001
02-25 21:01:57.879 I/bte_conf(12618): Attempt to load did conf from /etc/bluetooth/bt_did.conf
02-25 21:01:57.879 I/bte_conf(12618): Attempt to load did conf from /etc/bluetooth/bt_did.conf
02-25 21:01:57.879 D/BluetoothAdapterState(12618): CURRENT_STATE=PENDING, MESSAGE = ENABLE_READY, isTurningOn=true, isTurningOff=false
02-25 21:01:57.879 D/BluetoothAdapterProperties(12618): ScanMode =  20
02-25 21:01:57.879 D/BluetoothAdapterProperties(12618): State =  11
02-25 21:01:57.879 D/BluetoothAdapterProperties(12618): Setting state to 12
02-25 21:01:57.879 I/BluetoothAdapterState(12618): Bluetooth adapter state changed: 11-> 12
02-25 21:01:57.879 D/BluetoothAdapterService(12618): Broadcasting updateAdapterState() to 1 receivers.
02-25 21:01:57.879 D/BluetoothManagerService(  506): onBluetoothStateChange prev=11 new=12
02-25 21:01:57.879 D/BluetoothManagerService(  506): Message: 60
02-25 21:01:57.879 D/BluetoothAdapterService(569139024)(12618): enableRadio() called...
02-25 21:01:57.879 I/BluetoothAdapterState(12618): Entering On State
02-25 21:01:57.879 D/BluetoothManagerService(  506): MESSAGE_BLUETOOTH_STATE_CHANGE: prevState = 11, newState=12
02-25 21:01:57.879 D/BluetoothManagerService(  506): Broadcasting onBluetoothStateChange(true) to 6 receivers.
02-25 21:01:57.879 D/BluetoothAdapterService(569139024)(12618): getState(): mAdapterProperties: com.android.bluetooth.btservice.AdapterProperties@21ec6cf8
02-25 21:01:57.879 D/BluetoothAdapterService(569139024)(12618): Quiet mode Enabled = false
02-25 21:01:57.879 D/BluetoothAdapterService(569139024)(12618): Initiate auto connection on BT on...
02-25 21:01:57.879 D/BluetoothAdapterService(569139024)(12618): Get Bonded Devices being called
02-25 21:01:57.879 D/BluetoothHeadset(  506): onBluetoothStateChange: up=true
02-25 21:01:57.879 D/BluetoothAdapterService(569139024)(12618): Get Bonded Devices being called
02-25 21:01:57.879 D/BluetoothAdapterState(12618): CURRENT_STATE=ON, MESSAGE = USER_TURN_ON_RADIO
02-25 21:01:57.879 D/BluetoothPan(  506): onBluetoothStateChange(on) call bindService
02-25 21:01:57.879 I/BluetoothAdapterState(12618): Entering PendingCommandState State: isTurningOn()=false, isTurningOff()=false
02-25 21:01:57.879 D/BluetoothAdapterState(12618): CURRENT_STATE=PENDING, MESSAGE = BEGIN_ENABLE_RADIO, isTurningOnRadio=true, isTurningOffRadio=false
02-25 21:01:57.879 I/bluedroid(12618): enable
02-25 21:01:57.889 D/BluetoothA2dp(  506): onBluetoothStateChange: up=true
02-25 21:01:57.889 D/BluetoothHeadset(  770): onBluetoothStateChange: up=true
02-25 21:01:57.889 D/BluetoothHeadset(  770): onBluetoothStateChange: up=true
02-25 21:01:57.889 D/BluetoothHeadset(  770): onBluetoothStateChange: up=true
02-25 21:01:57.889 W/CsmClient(  506): Calling start while there is no modem.
02-25 21:01:57.889 W/ContextImpl(  506): Calling a method in the system process without a qualified user: android.app.ContextImpl.bindService:1611 android.bluetooth.BluetoothPan.doBind:149 android.bluetooth.BluetoothPan$1.onBluetoothStateChange:192 com.android.server.BluetoothManagerService.sendBluetoothStateCallback:774 com.android.server.BluetoothManagerService.bluetoothStateChangeHandler:1491 
02-25 21:01:57.899 I/bt_h4   (12618): vendor lib postload completed
02-25 21:01:57.899 D/BluetoothManagerService(  506): Unable to start CsmClientBt.
02-25 21:01:57.899 D/BluetoothManagerService(  506): com.intel.cws.cwsservicemanager.CsmException: No modem.
02-25 21:01:57.899 D/BluetoothManagerService(  506): 	at com.intel.cws.cwsservicemanagerclient.CsmClient.start(CsmClient.java:244)
02-25 21:01:57.899 D/BluetoothManagerService(  506): 	at com.intel.cws.cwsservicemanagerclient.CsmClient.startAsync(CsmClient.java:314)
02-25 21:01:57.899 D/BluetoothManagerService(  506): 	at com.android.server.BluetoothManagerService.bluetoothStateChangeHandler(BluetoothManagerService.java:1496)
02-25 21:01:57.899 D/BluetoothManagerService(  506): 	at com.android.server.BluetoothManagerService.access$3000(BluetoothManagerService.java:60)
02-25 21:01:57.899 D/BluetoothManagerService(  506): 	at com.android.server.BluetoothManagerService$BluetoothHandler.handleMessage(BluetoothManagerService.java:1179)
02-25 21:01:57.899 D/BluetoothManagerService(  506): 	at android.os.Handler.dispatchMessage(Handler.java:102)
02-25 21:01:57.899 D/BluetoothManagerService(  506): 	at android.os.Looper.loop(Looper.java:149)
02-25 21:01:57.899 D/BluetoothManagerService(  506): 	at android.os.HandlerThread.run(HandlerThread.java:61)
02-25 21:01:57.899 D/BluetoothManagerService(  506): Bluetooth State Change Intent: 11 -> 12
02-25 21:01:57.899 D/BluetoothAdapterService(569139024)(12618): getState(): mAdapterProperties: com.android.bluetooth.btservice.AdapterProperties@21ec6cf8
02-25 21:01:57.899 D/BluetoothAdapterService(569139024)(12618): Get Bonded Devices being called
02-25 21:01:57.909 W/ContextImpl(12646): Calling a method in the system process without a qualified user: android.app.ContextImpl.startService:1547 android.content.ContextWrapper.startService:495 android.content.ContextWrapper.startService:495 com.android.settings.bluetooth.DockEventReceiver.beginStartingService:134 com.android.settings.bluetooth.DockEventReceiver.onReceive:115 
02-25 21:01:57.919 D/BluetoothAdapterService(569139024)(12618): getState(): mAdapterProperties: com.android.bluetooth.btservice.AdapterProperties@21ec6cf8
02-25 21:01:57.929 D/BluetoothPanServiceJni(12618): control_state_callback(L68): state:0, local_role:0, ifname:bt-pan
02-25 21:01:57.929 W/bt-btif (12618): btif_dm_cback : unhandled event (25)
02-25 21:01:57.929 I/BluetoothAdapterProperties(12618): adapterPropertyChangedCallback with type:7 len:4
02-25 21:01:57.929 D/BluetoothAdapterProperties(12618): Scan Mode:21
02-25 21:01:57.929 I/BluetoothAdapterProperties(12618): adapterPropertyChangedCallback with type:9 len:4
02-25 21:01:57.929 D/BluetoothAdapterProperties(12618): Discoverable Timeout:120
02-25 21:01:57.929 D/BluetoothAdapterState(12618): CURRENT_STATE=PENDING, MESSAGE = ENABLED_RADIO, isTurningOnRadio=true, isTurningOffRadio=false
02-25 21:01:57.929 I/BluetoothAdapterState(12618): Bluetooth adapter radio state changed: 14
02-25 21:01:57.929 D/BluetoothAdapterService(12618): Broadcasting updateAdapterState() to 1 receivers.
02-25 21:01:57.929 D/BluetoothManagerService(  506): onBluetoothStateChange prev=12 new=14
02-25 21:01:57.929 D/BluetoothManagerService(  506): Message: 60
02-25 21:01:57.929 D/BluetoothManagerService(  506): MESSAGE_BLUETOOTH_STATE_CHANGE: prevState = 12, newState=14
02-25 21:01:57.929 D/BluetoothManagerService(  506): Radio State Change Intent: 12 -> 14
02-25 21:01:57.929 I/BluetoothAdapterState(12618): Entering On State
02-25 21:01:57.929 W/ContextImpl(  506): Calling a method in the system process without a qualified user: android.app.ContextImpl.sendBroadcast:1191 com.android.server.BluetoothManagerService.bluetoothStateChangeHandler:1541 com.android.server.BluetoothManagerService.access$3000:60 com.android.server.BluetoothManagerService$BluetoothHandler.handleMessage:1179 android.os.Handler.dispatchMessage:102 
02-25 21:01:57.939 D/BluetoothManagerService(  506): checkIfCallerIsForegroundUser: valid=true callingUser=0 foregroundUser=0
02-25 21:01:57.939 W/BluetoothAdapter(12618): getBluetoothService() called with no BluetoothManagerCallback
02-25 21:01:57.939 I/BluetoothServiceJni(12618): SOCK FLAG = 1 ***********************
02-25 21:01:57.949 D/BluetoothAdapterService(569139024)(12618): getState(): mAdapterProperties: com.android.bluetooth.btservice.AdapterProperties@21ec6cf8
02-25 21:01:57.949 D/LocalBluetoothProfileManager(12646): Adding local A2DP profile
02-25 21:01:57.949 D/BluetoothManagerService(  506): Message: 30
02-25 21:01:57.949 W/ContextImpl(12646): Calling a method in the system process without a qualified user: android.app.ContextImpl.bindService:1611 android.content.ContextWrapper.bindService:518 android.bluetooth.BluetoothA2dp.doBind:165 android.bluetooth.BluetoothA2dp.<init>:158 android.bluetooth.BluetoothAdapter.getProfileProxy:1447 
02-25 21:01:57.959 D/LocalBluetoothProfileManager(12646): Adding local HEADSET profile
02-25 21:01:57.959 D/BluetoothManagerService(  506): Message: 30
02-25 21:01:57.959 W/ContextImpl(12646): Calling a method in the system process without a qualified user: android.app.ContextImpl.bindService:1611 android.content.ContextWrapper.bindService:518 android.bluetooth.BluetoothHeadset.doBind:283 android.bluetooth.BluetoothHeadset.<init>:276 android.bluetooth.BluetoothAdapter.getProfileProxy:1444 
02-25 21:01:57.959 D/BluetoothManagerService(  506): Message: 30
02-25 21:01:57.959 W/ContextImpl(12646): Calling a method in the system process without a qualified user: android.app.ContextImpl.bindService:1611 android.content.ContextWrapper.bindService:518 android.bluetooth.BluetoothInputDevice.doBind:245 android.bluetooth.BluetoothInputDevice.<init>:238 android.bluetooth.BluetoothAdapter.getProfileProxy:1450 
02-25 21:01:57.969 D/BluetoothManagerService(  506): Message: 30
02-25 21:01:57.969 D/LocalBluetoothProfileManager(12646): Adding local MAP profile
02-25 21:01:57.969 D/BluetoothMap(12646): Create BluetoothMap proxy object
02-25 21:01:57.969 D/BluetoothManagerService(  506): Message: 30
02-25 21:01:57.969 W/ContextImpl(12646): Calling a method in the system process without a qualified user: android.app.ContextImpl.bindService:1611 android.content.ContextWrapper.bindService:518 android.bluetooth.BluetoothPan.doBind:149 android.bluetooth.BluetoothPan.<init>:141 android.bluetooth.BluetoothAdapter.getProfileProxy:1453 
02-25 21:01:57.979 E/BluetoothMap(12646): Could not bind to Bluetooth MAP Service with Intent { act=android.bluetooth.IBluetoothMap }
02-25 21:01:57.979 D/BluetoothManagerService(  506): Message: 30
02-25 21:01:57.979 D/LocalBluetoothProfileManager(12646): LocalBluetoothProfileManager construction complete
02-25 21:01:57.979 D/DockEventReceiver(12646): finishStartingService: stopping service
02-25 21:01:57.979 D/BatteryStatsImpl(  506): noteStopWakeLocked com.android.settings isFromForeground = false
02-25 21:01:57.979 D/BluetoothAdapterService(569139024)(12618): getState(): mAdapterProperties: com.android.bluetooth.btservice.AdapterProperties@21ec6cf8
02-25 21:01:57.979 D/BluetoothAdapterService(569139024)(12618): getState(): mAdapterProperties: com.android.bluetooth.btservice.AdapterProperties@21ec6cf8
02-25 21:01:57.979 W/ContextImpl(12646): Calling a method in the system process without a qualified user: android.app.ContextImpl.bindService:1611 android.content.ContextWrapper.bindService:518 android.bluetooth.BluetoothPbap.doBind:164 android.bluetooth.BluetoothPbap.<init>:157 com.android.settings.bluetooth.PbapServerProfile.<init>:68 
02-25 21:01:57.979 V/ActivityManager(  506): Remove bg service from mStartingBackground ,r=ServiceRecord{22b3d860 u0 com.android.settings/.bluetooth.DockService},r used time=70,left r count=0
02-25 21:01:57.989 D/BluetoothAdapterService(569139024)(12618): getState(): mAdapterProperties: com.android.bluetooth.btservice.AdapterProperties@21ec6cf8
02-25 21:01:57.989 D/BluetoothAdapterService(569139024)(12618): getState(): mAdapterProperties: com.android.bluetooth.btservice.AdapterProperties@21ec6cf8
02-25 21:01:57.989 D/BluetoothAdapterService(569139024)(12618): Get Bonded Devices being called
02-25 21:01:57.999 D/BluetoothA2dp(12646): Proxy object connected
02-25 21:01:57.999 D/A2dpProfile(12646): Bluetooth service connected
02-25 21:01:57.999 D/BluetoothAdapterService(569139024)(12618): getState(): mAdapterProperties: com.android.bluetooth.btservice.AdapterProperties@21ec6cf8
02-25 21:01:57.999 D/BluetoothHeadset(12646): Proxy object connected
02-25 21:01:57.999 D/HeadsetProfile(12646): Bluetooth service connected
02-25 21:01:58.009 D/BluetoothAdapterService(569139024)(12618): getState(): mAdapterProperties: com.android.bluetooth.btservice.AdapterProperties@21ec6cf8
02-25 21:01:58.019 D/BluetoothInputDevice(12646): Proxy object connected
02-25 21:01:58.019 D/HidProfile(12646): Bluetooth service connected
02-25 21:01:58.019 D/BluetoothAdapterService(569139024)(12618): getState(): mAdapterProperties: com.android.bluetooth.btservice.AdapterProperties@21ec6cf8
02-25 21:01:58.019 D/BluetoothPan(12646): BluetoothPAN Proxy object connected
02-25 21:01:58.019 D/PanProfile(12646): Bluetooth service connected
02-25 21:01:58.019 D/BluetoothPbap(12646): Proxy object connected
02-25 21:01:58.019 D/PbapServerProfile(12646): Bluetooth service connected
02-25 21:01:58.029 D/BluetoothManagerService(  506): checkIfCallerIsForegroundUser: valid=true callingUser=0 foregroundUser=0
02-25 21:01:58.029 W/BluetoothAdapter(12618): getBluetoothService() called with no BluetoothManagerCallback
02-25 21:01:58.029 I/BluetoothServiceJni(12618): SOCK FLAG = 0 ***********************
02-25 21:01:58.029 I/BtOppRfcommListener(12618): Accept thread started.
02-25 21:02:00.019 I/SecurityManagerService(  680): SMS received security event: App[START/com.asus.sitd.whatsnext]
02-25 21:02:00.039 D/dalvikvm(12699): Process 12699 nice name: com.asus.sitd.whatsnext
02-25 21:02:00.039 D/dalvikvm(12699): Extra Options: not specified
02-25 21:02:00.039 I/ActivityManager(  506): Start proc com.asus.sitd.whatsnext for service com.asus.sitd.whatsnext/.service.WhatsNextService: pid=12699 uid=10082 gids={50082, 3003, 1028, 1015}
02-25 21:02:00.049 D/Clock   (  567): ACTION_TIME_TICK
02-25 21:02:00.049 D/xmlCheckExt(12699): <neon>
02-25 21:02:00.049 D/xmlCheckExt(12699):  pkgName = air.eti.uzzu.unalis
02-25 21:02:00.049 D/xmlCheckExt(12699): <arch>
02-25 21:02:00.049 D/xmlCheckExt(12699):  pkgName = com.evy.guessword
02-25 21:02:00.049 D/xmlCheckExt(12699): <arch>
02-25 21:02:00.049 D/xmlCheckExt(12699):  pkgName = com.bpiotor.lot
02-25 21:02:00.049 D/xmlCheckExt(12699): <arch>
02-25 21:02:00.049 D/xmlCheckExt(12699):  pkgName = com.goodstudent.app
02-25 21:02:00.049 D/xmlCheckExt(12699): <arch>
02-25 21:02:00.049 D/xmlCheckExt(12699):  pkgName = com.flyfish.supermario
02-25 21:02:00.049 D/xmlCheckExt(12699): <arch>
02-25 21:02:00.049 D/xmlCheckExt(12699):  pkgName = excel.sgs
02-25 21:02:00.049 D/xmlCheckExt(12699): <arch>
02-25 21:02:00.049 D/xmlCheckExt(12699):  pkgName = com.gamevil.doz.global
02-25 21:02:00.049 D/xmlCheckExt(12699): <arch>
02-25 21:02:00.049 D/xmlCheckExt(12699):  pkgName = com.tblin.HandsetGuardant
02-25 21:02:00.049 D/xmlCheckExt(12699): <arch>
02-25 21:02:00.049 D/xmlCheckExt(12699):  pkgName = com.baoliei.lmotuolijhhe
02-25 21:02:00.049 D/xmlCheckExt(12699): <arch>
02-25 21:02:00.049 D/xmlCheckExt(12699):  pkgName = com.bpiotor.fingerprint
02-25 21:02:00.049 D/xmlCheckExt(12699): <arch>
02-25 21:02:00.049 D/xmlCheckExt(12699):  pkgName = com.philzhu.www.ddz
02-25 21:02:00.049 D/xmlCheckExt(12699): <arch>
02-25 21:02:00.049 D/xmlCheckExt(12699):  pkgName = hh.root
02-25 21:02:00.049 D/xmlCheckExt(12699): <arch>
02-25 21:02:00.049 D/xmlCheckExt(12699):  pkgName = com.rao.love.yy.zjhmuti
02-25 21:02:00.049 D/xmlCheckExt(12699): <arch>
02-25 21:02:00.049 D/xmlCheckExt(12699):  pkgName = com.rao.flyfish.huntfish
02-25 21:02:00.049 D/xmlCheckExt(12699): <arch>
02-25 21:02:00.049 D/xmlCheckExt(12699):  pkgName = com.yucai.escape.tow
02-25 21:02:00.049 D/xmlCheckExt(12699): <white>
02-25 21:02:00.049 D/xmlCheckExt(12699):  pkgName = com.eembc.coremark
02-25 21:02:00.049 D/Zygote  (12699): Setting os.arch
02-25 21:02:00.049 I/dalvikvm(12699): Enabling JNI app bug workarounds for target SDK version 13...
02-25 21:02:00.059 D/Clock   (  567): update clock:下午9:02
02-25 21:02:00.109 D/BatteryStatsImpl(  506): noteStopWakeLocked system isFromForeground = false
02-25 21:02:00.119 E/dalvikvm(12699): Could not find class 'org.joda.time.tz.ZoneInfoProvider', referenced from method org.joda.time.DateTimeZone.getDefaultProvider
02-25 21:02:00.119 W/dalvikvm(12699): VFY: unable to resolve new-instance 2988 (Lorg/joda/time/tz/ZoneInfoProvider;) in Lorg/joda/time/DateTimeZone;
02-25 21:02:00.119 D/dalvikvm(12699): VFY: replacing opcode 0x22 at 0x0016
02-25 21:02:00.119 D/dalvikvm(12699): DexOpt: unable to opt direct call 0x52e8 at 0x1a in Lorg/joda/time/DateTimeZone;.getDefaultProvider
02-25 21:02:00.149 D/WhatsNext(12699): >> WhatsNext enable: false
02-25 21:02:00.199 V/ActivityManager(  506): Remove bg service from mStartingBackground ,r=ServiceRecord{22afd968 u0 com.asus.sitd.whatsnext/.widget.LockScreenWidgetProvider$UpdateService},r used time=26,left r count=1
02-25 21:02:00.219 V/ActivityManager(  506): Remove bg service from mStartingBackground ,r=ServiceRecord{22b3d720 u0 com.asus.sitd.whatsnext/.widget.WhatsNextWidgetProvider$UpdateService},r used time=55,left r count=0
02-25 21:02:05.219 D/dalvikvm(  770): GC_EXPLICIT freed 405K, 11% free 6331K/7068K, paused 1ms+2ms, total 21ms
02-25 21:02:10.209 D/dalvikvm(  784): GC_EXPLICIT freed 2K, 3% free 5854K/6000K, paused 1ms+1ms, total 15ms
02-25 21:02:15.209 D/dalvikvm(  799): GC_EXPLICIT freed 50K, 6% free 5897K/6240K, paused 0ms+1ms, total 12ms
02-25 21:02:17.589 D/EVENT_THREAD(  183): void CEventThread::run() POLLIN event on Fd (1)
02-25 21:02:17.589 D/EVENT_THREAD(  183): void CEventThread::run() Do poll with timeout: -1
02-25 21:02:17.589 D/EVENT_THREAD(  183): void CEventThread::run() POLLIN event on Fd (1)
02-25 21:02:17.589 D/EVENT_THREAD(  183): void CEventThread::run() Do poll with timeout: -1
02-25 21:02:17.589 I/upi_ug31xx(  166): (1834) update_capacity
02-25 21:02:17.589 I/[UPI]   (  166): <UG31/E>[UpiReadCapacity]: V=3980(3959), T=282(285-349), I=-517, C=-4(-4-0)
02-25 21:02:17.589 I/[UPI]   (  166): <UG31/E>[UpiReadCapacity]: (0x0001254a) 2709 (2637) / 3822 (3822) = 71
02-25 21:02:17.589 I/[UPI]   (  166): <UG31/E>[UpiReadCapacity]: (0x0001254a) 2709 (2637) / 3822 (3822) = 71
02-25 21:02:17.589 I/[UPI]   (  166): <UG31/E>[UpiReadCapacity]: (0x0001254a) 2705 (2705) / 3822 (3822) = 71
02-25 21:02:17.589 I/[UPI]   (  166): <UG31/E>[RsocFilterCountTime]: (0x0001254a) Step=7(434608), Full=7(434608), Lock=434608(1800000)
02-25 21:02:17.589 I/[UPI]   (  166): <UG31/E>[UpiReadCapacity]: (0x0001254a) 2705 (2705) / 3822 (3822) = 71 (-517--517)
02-25 21:02:17.589 I/[UPI]   (  166): <UG31/E><BATT> M:normal, P:71(71-71)%, V:3954mV, C:-617mA, T:28.5C(349), S:0x0001254a(000), R:2705mAh, F:3822mAh, Q:-504mAh, CC:3, P:30.240(504-0)s, BO:7, 97:615:0-44af-9m:B001-20140514-144301 (16)
02-25 21:02:17.589 I/upi_ug31xx(  166): (1835) backup_data 
02-25 21:02:17.589 V/upi_ug31xx(  166): state->check_backup_count = 14
02-25 21:02:19.129 D/wpa_supplicant(  642): wlan0: Starting AP scan for wildcard SSID
02-25 21:02:19.129 D/wpa_supplicant(  642): WPS: Building WPS IE for Probe Request
02-25 21:02:19.129 D/wpa_supplicant(  642): WPS:  * Version (hardcoded 0x10)
02-25 21:02:19.129 D/wpa_supplicant(  642): WPS:  * Request Type
02-25 21:02:19.129 D/wpa_supplicant(  642): WPS:  * Config Methods (4288)
02-25 21:02:19.129 D/wpa_supplicant(  642): WPS:  * UUID-E
02-25 21:02:19.129 D/wpa_supplicant(  642): WPS:  * Primary Device Type
02-25 21:02:19.129 D/wpa_supplicant(  642): WPS:  * RF Bands (1)
02-25 21:02:19.129 D/wpa_supplicant(  642): WPS:  * Association State
02-25 21:02:19.129 D/wpa_supplicant(  642): WPS:  * Configuration Error (0)
02-25 21:02:19.129 D/wpa_supplicant(  642): WPS:  * Device Password ID (0)
02-25 21:02:19.129 D/wpa_supplicant(  642): WPS:  * Manufacturer
02-25 21:02:19.129 D/wpa_supplicant(  642): WPS:  * Model Name
02-25 21:02:19.129 D/wpa_supplicant(  642): WPS:  * Model Number
02-25 21:02:19.129 D/wpa_supplicant(  642): WPS:  * Device Name
02-25 21:02:19.129 D/wpa_supplicant(  642): WPS:  * Version2 (0x20)
02-25 21:02:19.129 D/wpa_supplicant(  642): P2P: * P2P IE header
02-25 21:02:19.129 D/wpa_supplicant(  642): P2P: * Capability dev=25 group=00
02-25 21:02:19.129 D/wpa_supplicant(  642): P2P: * Listen Channel: Regulatory Class 81 Channel 6
02-25 21:02:19.129 D/wpa_supplicant(  642): wlan0: nl80211: scan request
02-25 21:02:19.249 D/wpa_supplicant(  642): Scan requested (ret=0) - scan timeout 30 seconds
02-25 21:02:19.249 D/wpa_supplicant(  642): nl80211: Drv Event 33 (NL80211_CMD_TRIGGER_SCAN) received for wlan0
02-25 21:02:19.249 D/wpa_supplicant(  642): wlan0: nl80211: Scan trigger
02-25 21:02:20.239 D/dalvikvm( 6546): GC_EXPLICIT freed 3189K, 38% free 7974K/12660K, paused 0ms+1ms, total 24ms
02-25 21:02:20.359 D/wpa_supplicant(  642): nl80211: Drv Event 34 (NL80211_CMD_NEW_SCAN_RESULTS) received for wlan0
02-25 21:02:20.359 D/wpa_supplicant(  642): wlan0: nl80211: New scan results available
02-25 21:02:20.359 D/wpa_supplicant(  642): wlan0: Event SCAN_RESULTS (3) received
02-25 21:02:20.359 D/wpa_supplicant(  642): nl80211: Received scan results (22 BSSes)
02-25 21:02:20.359 D/wpa_supplicant(  642): nl80211: Survey data missing
02-25 21:02:20.359 D/wpa_supplicant(  642): wlan0: BSS: Start scan result update 445
02-25 21:02:20.359 D/wpa_supplicant(  642): wlan0: BSS: Add new id 654 BSSID b0:48:7a:51:ff:cc SSID 'Neusoft TP'
02-25 21:02:20.359 D/wpa_supplicant(  642): CTRL_IFACE monitor send - hexdump(len=39): 2f 64 61 74 61 2f 6d 69 73 63 2f 77 69 66 69 2f 73 6f 63 6b 65 74 73 2f 77 70 61 5f 63 74 72 6c ...
02-25 21:02:20.359 D/wpa_supplicant(  642): wlan0: BSS: Remove id 647 BSSID 02:09:4c:f5:5a:af SSID 'DIRECT-' due to no match in scan
02-25 21:02:20.359 D/wpa_supplicant(  642): CTRL_IFACE monitor send - hexdump(len=39): 2f 64 61 74 61 2f 6d 69 73 63 2f 77 69 66 69 2f 73 6f 63 6b 65 74 73 2f 77 70 61 5f 63 74 72 6c ...
02-25 21:02:20.359 D/wpa_supplicant(  642): BSS: last_scan_res_used=21/32 last_scan_full=0
02-25 21:02:20.379 I/WifiHW  (  506): EVENT: IFNAME=wlan0 CTRL-EVENT-BSS-ADDED 654 b0:48:7a:51:ff:cc
