--------- beginning of /dev/log/main
02-25 20:45:50.789 D/AndroidRuntime(10273): 
02-25 20:45:50.789 D/AndroidRuntime(10273): >>>>>> AndroidRuntime START com.android.internal.os.RuntimeInit <<<<<<
02-25 20:45:50.789 D/AndroidRuntime(10273): CheckJNI is OFF
02-25 20:45:50.789 I/AndroidRuntime(10273): Kernel Release Version: 3.10.20-gf818079
02-25 20:45:50.789 I/dalvikvm(10273): No library specified. The standard exception handler will be used
02-25 20:45:50.789 I/dalvikvm(10273): 
02-25 20:45:50.789 I/dalvikvm(10273): +++++++++++++ Using PCG. +++++++++++++++++++++
02-25 20:45:50.799 D/dalvikvm(10273): Trying to load lib libjavacore.so 0x0
02-25 20:45:50.799 D/dalvikvm(10273): Added shared lib libjavacore.so 0x0
02-25 20:45:50.799 D/dalvikvm(10273): Trying to load lib libnativehelper.so 0x0
02-25 20:45:50.799 D/dalvikvm(10273): Added shared lib libnativehelper.so 0x0
02-25 20:45:50.799 D/dalvikvm(10273): No JNI_OnLoad found in libnativehelper.so 0x0, skipping init
02-25 20:45:50.809 D/dalvikvm(10273): Extra Options: not specified
02-25 20:45:50.819 D/dalvikvm(10273): Note: class Landroid/app/ActivityManagerNative; has 186 unimplemented (abstract) methods
02-25 20:45:50.889 E/memtrack(10273): Couldn't load memtrack module (No such file or directory)
02-25 20:45:50.889 E/android.os.Debug(10273): failed to load memtrack module: -2
02-25 20:45:50.919 D/AndroidRuntime(10273): Calling main entry com.android.commands.am.Am
02-25 20:45:50.949 D/AndroidRuntime(10273): Shutting down VM
02-25 20:45:50.949 D/dalvikvm(10273): GC_CONCURRENT freed 108K, 16% free 638K/760K, paused 0ms+0ms, total 1ms
--------- beginning of /dev/log/system
02-25 20:45:50.949 I/ActivityManager(  506): Force stopping org.xwalk.webapi_noneservice_tests appid=10301 user=0: from pid 10273
02-25 20:45:50.959 D/dalvikvm(10273): Compiler shutdown in progress - discarding request
02-25 20:45:50.959 D/dalvikvm(10273): Compiler shutdown in progress - discarding request
02-25 20:45:50.959 D/dalvikvm(10273): Compiler shutdown in progress - discarding request
02-25 20:45:50.959 D/dalvikvm(10273): Compiler shutdown in progress - discarding request
02-25 20:45:50.959 D/dalvikvm(10273): Compiler shutdown in progress - discarding request
02-25 20:45:50.959 D/dalvikvm(10273): Compiler shutdown in progress - discarding request
02-25 20:45:50.959 D/dalvikvm(10273): Compiler shutdown in progress - discarding request
02-25 20:45:50.959 D/dalvikvm(10273): Compiler shutdown in progress - discarding request
02-25 20:45:50.959 D/dalvikvm(10273): Compiler shutdown in progress - discarding request
02-25 20:45:50.959 D/dalvikvm(10273): Compiler shutdown in progress - discarding request
02-25 20:45:50.959 D/dalvikvm(10273): Compiler shutdown in progress - discarding request
02-25 20:45:50.959 D/dalvikvm(10273): Compiler shutdown in progress - discarding request
02-25 20:45:50.959 D/dalvikvm(10273): Compiler shutdown in progress - discarding request
02-25 20:45:50.959 D/dalvikvm(10273): Compiler shutdown in progress - discarding request
02-25 20:45:50.959 D/dalvikvm(10273): Compiler shutdown in progress - discarding request
02-25 20:45:50.959 D/dalvikvm(10273): Compiler shutdown in progress - discarding request
02-25 20:45:50.959 D/dalvikvm(10273): Compiler shutdown in progress - discarding request
02-25 20:45:50.959 D/dalvikvm(10273): Compiler shutdown in progress - discarding request
02-25 20:45:50.959 D/dalvikvm(10273): Compiler shutdown in progress - discarding request
02-25 20:45:50.959 D/dalvikvm(10273): Compiler shutdown in progress - discarding request
02-25 20:45:50.959 D/dalvikvm(10273): Compiler shutdown in progress - discarding request
02-25 20:45:50.959 D/dalvikvm(10273): Compiler shutdown in progress - discarding request
02-25 20:45:50.959 D/dalvikvm(10273): Compiler shutdown in progress - discarding request
02-25 20:45:50.959 D/dalvikvm(10273): Compiler shutdown in progress - discarding request
02-25 20:45:50.959 D/dalvikvm(10273): Compiler shutdown in progress - discarding request
02-25 20:45:50.959 D/dalvikvm(10273): Compiler shutdown in progress - discarding request
02-25 20:45:50.959 D/dalvikvm(10273): Compiler shutdown in progress - discarding request
02-25 20:45:50.959 D/dalvikvm(10273): Compiler shutdown in progress - discarding request
02-25 20:45:50.959 D/dalvikvm(10273): Compiler shutdown in progress - discarding request
02-25 20:45:50.959 D/dalvikvm(10273): Compiler shutdown in progress - discarding request
02-25 20:45:50.959 D/dalvikvm(10273): Compiler shutdown in progress - discarding request
02-25 20:45:50.959 D/dalvikvm(10273): Compiler shutdown in progress - discarding request
02-25 20:45:50.959 D/dalvikvm(10273): Compiler shutdown in progress - discarding request
02-25 20:45:50.959 D/dalvikvm(10273): Compiler shutdown in progress - discarding request
02-25 20:45:50.959 D/dalvikvm(10273): Compiler shutdown in progress - discarding request
02-25 20:45:50.959 D/dalvikvm(10273): Compiler shutdown in progress - discarding request
02-25 20:45:50.959 D/dalvikvm(10273): Compiler shutdown in progress - discarding request
02-25 20:45:50.959 D/dalvikvm(10273): Compiler shutdown in progress - discarding request
02-25 20:45:50.959 D/dalvikvm(10273): Compiler shutdown in progress - discarding request
02-25 20:45:50.959 D/dalvikvm(10273): Compiler shutdown in progress - discarding request
02-25 20:45:50.959 D/dalvikvm(10273): Compiler shutdown in progress - discarding request
02-25 20:45:50.959 D/dalvikvm(10273): Compiler shutdown in progress - discarding request
02-25 20:45:50.959 D/dalvikvm(10273): Compiler shutdown in progress - discarding request
02-25 20:45:50.959 D/dalvikvm(10273): Compiler shutdown in progress - discarding request
02-25 20:45:51.419 D/AndroidRuntime(10284): 
02-25 20:45:51.419 D/AndroidRuntime(10284): >>>>>> AndroidRuntime START com.android.internal.os.RuntimeInit <<<<<<
02-25 20:45:51.419 D/AndroidRuntime(10284): CheckJNI is OFF
02-25 20:45:51.419 I/AndroidRuntime(10284): Kernel Release Version: 3.10.20-gf818079
02-25 20:45:51.419 I/dalvikvm(10284): No library specified. The standard exception handler will be used
02-25 20:45:51.419 I/dalvikvm(10284): 
02-25 20:45:51.419 I/dalvikvm(10284): +++++++++++++ Using PCG. +++++++++++++++++++++
02-25 20:45:51.429 D/dalvikvm(10284): Trying to load lib libjavacore.so 0x0
02-25 20:45:51.429 D/dalvikvm(10284): Added shared lib libjavacore.so 0x0
02-25 20:45:51.429 D/dalvikvm(10284): Trying to load lib libnativehelper.so 0x0
02-25 20:45:51.429 D/dalvikvm(10284): Added shared lib libnativehelper.so 0x0
02-25 20:45:51.429 D/dalvikvm(10284): No JNI_OnLoad found in libnativehelper.so 0x0, skipping init
02-25 20:45:51.439 D/dalvikvm(10284): Extra Options: not specified
02-25 20:45:51.449 D/dalvikvm(10284): Note: class Landroid/app/ActivityManagerNative; has 186 unimplemented (abstract) methods
02-25 20:45:51.519 E/memtrack(10284): Couldn't load memtrack module (No such file or directory)
02-25 20:45:51.519 E/android.os.Debug(10284): failed to load memtrack module: -2
02-25 20:45:51.559 D/AndroidRuntime(10284): Calling main entry com.android.commands.am.Am
02-25 20:45:51.599 D/AndroidRuntime(10284): Shutting down VM
02-25 20:45:51.599 D/dalvikvm(10284): GC_CONCURRENT freed 113K, 16% free 674K/800K, paused 0ms+0ms, total 1ms
02-25 20:45:51.599 D/dalvikvm(10284): Compiler shutdown in progress - discarding request
02-25 20:45:51.599 D/dalvikvm(10284): Compiler shutdown in progress - discarding request
02-25 20:45:51.599 D/dalvikvm(10284): Compiler shutdown in progress - discarding request
02-25 20:45:51.599 D/dalvikvm(10284): Compiler shutdown in progress - discarding request
02-25 20:45:51.599 D/dalvikvm(10284): Compiler shutdown in progress - discarding request
02-25 20:45:51.599 D/dalvikvm(10284): Compiler shutdown in progress - discarding request
02-25 20:45:51.599 D/dalvikvm(10284): Compiler shutdown in progress - discarding request
02-25 20:45:51.599 D/dalvikvm(10284): Compiler shutdown in progress - discarding request
02-25 20:45:51.599 D/dalvikvm(10284): Compiler shutdown in progress - discarding request
02-25 20:45:51.599 D/dalvikvm(10284): Compiler shutdown in progress - discarding request
02-25 20:45:51.599 D/dalvikvm(10284): Compiler shutdown in progress - discarding request
02-25 20:45:51.599 D/dalvikvm(10284): Compiler shutdown in progress - discarding request
02-25 20:45:51.599 D/dalvikvm(10284): Compiler shutdown in progress - discarding request
02-25 20:45:51.599 D/dalvikvm(10284): Compiler shutdown in progress - discarding request
02-25 20:45:51.599 D/dalvikvm(10284): Compiler shutdown in progress - discarding request
02-25 20:45:51.599 D/dalvikvm(10284): Compiler shutdown in progress - discarding request
02-25 20:45:51.599 D/dalvikvm(10284): Compiler shutdown in progress - discarding request
02-25 20:45:51.599 D/dalvikvm(10284): Compiler shutdown in progress - discarding request
02-25 20:45:51.599 D/dalvikvm(10284): Compiler shutdown in progress - discarding request
02-25 20:45:51.599 D/dalvikvm(10284): Compiler shutdown in progress - discarding request
02-25 20:45:51.599 D/dalvikvm(10284): Compiler shutdown in progress - discarding request
02-25 20:45:51.599 D/dalvikvm(10284): Compiler shutdown in progress - discarding request
02-25 20:45:51.599 D/dalvikvm(10284): Compiler shutdown in progress - discarding request
02-25 20:45:51.599 D/dalvikvm(10284): Compiler shutdown in progress - discarding request
02-25 20:45:51.599 D/dalvikvm(10284): Compiler shutdown in progress - discarding request
02-25 20:45:51.599 D/dalvikvm(10284): Compiler shutdown in progress - discarding request
02-25 20:45:51.599 D/dalvikvm(10284): Compiler shutdown in progress - discarding request
02-25 20:45:51.599 D/dalvikvm(10284): Compiler shutdown in progress - discarding request
02-25 20:45:51.599 D/dalvikvm(10284): Compiler shutdown in progress - discarding request
02-25 20:45:51.599 D/dalvikvm(10284): Compiler shutdown in progress - discarding request
02-25 20:45:51.599 D/dalvikvm(10284): Compiler shutdown in progress - discarding request
02-25 20:45:51.599 D/dalvikvm(10284): Compiler shutdown in progress - discarding request
02-25 20:45:51.599 D/dalvikvm(10284): Compiler shutdown in progress - discarding request
02-25 20:45:51.599 D/dalvikvm(10284): Compiler shutdown in progress - discarding request
02-25 20:45:51.599 D/dalvikvm(10284): Compiler shutdown in progress - discarding request
02-25 20:45:51.599 D/dalvikvm(10284): Compiler shutdown in progress - discarding request
02-25 20:45:51.599 D/dalvikvm(10284): Compiler shutdown in progress - discarding request
02-25 20:45:51.599 D/dalvikvm(10284): Compiler shutdown in progress - discarding request
02-25 20:45:51.599 D/dalvikvm(10284): Compiler shutdown in progress - discarding request
02-25 20:45:51.599 D/dalvikvm(10284): Compiler shutdown in progress - discarding request
02-25 20:45:51.599 D/dalvikvm(10284): Compiler shutdown in progress - discarding request
02-25 20:45:51.599 D/dalvikvm(10284): Compiler shutdown in progress - discarding request
02-25 20:45:51.599 D/dalvikvm(10284): Compiler shutdown in progress - discarding request
02-25 20:45:51.599 D/dalvikvm(10284): Compiler shutdown in progress - discarding request
02-25 20:45:51.599 I/ActivityManager(  506): START u0 {flg=0x10000000 cmp=org.xwalk.webapi_noneservice_tests/.webapi_noneservice_testsActivity} from pid 10284
02-25 20:45:52.069 D/EVENT_THREAD(  183): void CEventThread::run() POLLIN event on Fd (1)
02-25 20:45:52.069 D/EVENT_THREAD(  183): void CEventThread::run() Do poll with timeout: -1
02-25 20:45:52.069 I/upi_ug31xx(  166): (1747) update_capacity
02-25 20:45:52.069 I/[UPI]   (  166): <UG31/E>[UpiReadCapacity]: V=4017(4015), T=282(281-330), I=90, C=2(2-0)
02-25 20:45:52.069 I/[UPI]   (  166): <UG31/E>[UpiReadCapacity]: (0x00012565) 2657 (2659) / 3822 (3822) = 70
02-25 20:45:52.069 I/[UPI]   (  166): <UG31/E>[UpiReadCapacity]: (0x00012565) 2657 (2659) / 3822 (3822) = 70
02-25 20:45:52.069 I/[UPI]   (  166): <UG31/E>[UpiReadCapacity]: (0x00012545) 2659 (2659) / 3822 (3822) = 70
02-25 20:45:52.069 I/[UPI]   (  166): <UG31/E>[RsocFilterCountTime]: (0x00012545) Step=0(30426), Full=0(30426), Lock=30426(2052960)
02-25 20:45:52.069 I/[UPI]   (  166): <UG31/E>[UpiReadCapacity]: (0x00012545) 2659 (2659) / 3822 (3822) = 70 (90-90)
02-25 20:45:52.069 I/[UPI]   (  166): <UG31/E><BATT> M:normal, P:70(70-70)%, V:4015mV, C:90mA, T:28.1C(330), S:0x00012545(001), R:2659mAh, F:3822mAh, Q:-542mAh, CC:3, P:30.426(542-0)s, BO:7, 97:615:0-44af-9m:B001-20140514-144301 (16)
02-25 20:45:52.069 D/EVENT_THREAD(  183): void CEventThread::run() POLLIN event on Fd (1)
02-25 20:45:52.069 D/EVENT_THREAD(  183): void CEventThread::run() Do poll with timeout: -1
02-25 20:45:52.069 I/upi_ug31xx(  166): (1748) backup_data write
02-25 20:45:52.069 V/upi_ug31xx(  166): state->check_backup_count = 12
02-25 20:45:52.069 I/[UPI]   (  166): <UG31/E>[upi_lib_backup_data]: Driver backup data not ready.
02-25 20:45:52.189 D/AndroidRuntime(10295): 
02-25 20:45:52.189 D/AndroidRuntime(10295): >>>>>> AndroidRuntime START com.android.internal.os.RuntimeInit <<<<<<
02-25 20:45:52.189 D/AndroidRuntime(10295): CheckJNI is OFF
02-25 20:45:52.189 I/AndroidRuntime(10295): Kernel Release Version: 3.10.20-gf818079
02-25 20:45:52.189 I/dalvikvm(10295): No library specified. The standard exception handler will be used
02-25 20:45:52.199 I/dalvikvm(10295): 
02-25 20:45:52.199 I/dalvikvm(10295): +++++++++++++ Using PCG. +++++++++++++++++++++
02-25 20:45:52.199 D/dalvikvm(10295): Trying to load lib libjavacore.so 0x0
02-25 20:45:52.209 D/dalvikvm(10295): Added shared lib libjavacore.so 0x0
02-25 20:45:52.209 D/dalvikvm(10295): Trying to load lib libnativehelper.so 0x0
02-25 20:45:52.209 D/dalvikvm(10295): Added shared lib libnativehelper.so 0x0
02-25 20:45:52.209 D/dalvikvm(10295): No JNI_OnLoad found in libnativehelper.so 0x0, skipping init
02-25 20:45:52.209 D/dalvikvm(10295): Extra Options: not specified
02-25 20:45:52.219 D/dalvikvm(10295): Note: class Landroid/app/ActivityManagerNative; has 186 unimplemented (abstract) methods
02-25 20:45:52.289 E/memtrack(10295): Couldn't load memtrack module (No such file or directory)
02-25 20:45:52.289 E/android.os.Debug(10295): failed to load memtrack module: -2
02-25 20:45:52.329 D/AndroidRuntime(10295): Calling main entry com.android.commands.am.Am
02-25 20:45:52.359 I/SecurityManagerService(  680): SMS received security event: App[START/org.xwalk.webapi_noneservice_tests]
02-25 20:45:52.359 I/ActivityManager(  506): START u0 {flg=0x10000000 cmp=org.xwalk.webapi_noneservice_tests/.webapi_noneservice_tests} from pid 10295
02-25 20:45:52.379 D/AndroidRuntime(10295): Shutting down VM
02-25 20:45:52.379 D/dalvikvm(10307): Late-enabling CheckJNI
02-25 20:45:52.379 D/dalvikvm(10307): Try to disable coredump for pid 10307
02-25 20:45:52.379 D/dalvikvm(10307): Process 10307 nice name: org.xwalk.webapi_noneservice_tests
02-25 20:45:52.379 D/dalvikvm(10307): Extra Options: not specified
02-25 20:45:52.379 I/ActivityManager(  506): Start proc org.xwalk.webapi_noneservice_tests for activity org.xwalk.webapi_noneservice_tests/.webapi_noneservice_tests: pid=10307 uid=10301 gids={50301, 3003, 1028, 1015}
02-25 20:45:52.379 D/dalvikvm(10295): GC_CONCURRENT freed 114K, 16% free 701K/832K, paused 0ms+0ms, total 1ms
02-25 20:45:52.379 D/dalvikvm(10295): Compiler shutdown in progress - discarding request
02-25 20:45:52.379 D/dalvikvm(10295): Compiler shutdown in progress - discarding request
02-25 20:45:52.379 D/dalvikvm(10295): Compiler shutdown in progress - discarding request
02-25 20:45:52.379 D/dalvikvm(10295): Compiler shutdown in progress - discarding request
02-25 20:45:52.379 D/dalvikvm(10295): Compiler shutdown in progress - discarding request
02-25 20:45:52.379 D/dalvikvm(10295): Compiler shutdown in progress - discarding request
02-25 20:45:52.389 D/dalvikvm(10295): Compiler shutdown in progress - discarding request
02-25 20:45:52.389 D/dalvikvm(10295): Compiler shutdown in progress - discarding request
02-25 20:45:52.389 D/dalvikvm(10295): Compiler shutdown in progress - discarding request
02-25 20:45:52.389 D/dalvikvm(10295): Compiler shutdown in progress - discarding request
02-25 20:45:52.389 D/dalvikvm(10295): Compiler shutdown in progress - discarding request
02-25 20:45:52.389 D/dalvikvm(10295): Compiler shutdown in progress - discarding request
02-25 20:45:52.389 D/dalvikvm(10295): Compiler shutdown in progress - discarding request
02-25 20:45:52.389 D/dalvikvm(10295): Compiler shutdown in progress - discarding request
02-25 20:45:52.389 D/dalvikvm(10295): Compiler shutdown in progress - discarding request
02-25 20:45:52.389 D/dalvikvm(10295): Compiler shutdown in progress - discarding request
02-25 20:45:52.389 D/dalvikvm(10295): Compiler shutdown in progress - discarding request
02-25 20:45:52.389 D/dalvikvm(10295): Compiler shutdown in progress - discarding request
02-25 20:45:52.389 D/dalvikvm(10295): Compiler shutdown in progress - discarding request
02-25 20:45:52.389 D/dalvikvm(10295): Compiler shutdown in progress - discarding request
02-25 20:45:52.389 D/dalvikvm(10295): Compiler shutdown in progress - discarding request
02-25 20:45:52.389 D/dalvikvm(10295): Compiler shutdown in progress - discarding request
02-25 20:45:52.389 D/dalvikvm(10295): Compiler shutdown in progress - discarding request
02-25 20:45:52.389 D/dalvikvm(10295): Compiler shutdown in progress - discarding request
02-25 20:45:52.389 D/dalvikvm(10295): Compiler shutdown in progress - discarding request
02-25 20:45:52.389 D/dalvikvm(10295): Compiler shutdown in progress - discarding request
02-25 20:45:52.389 D/dalvikvm(10295): Compiler shutdown in progress - discarding request
02-25 20:45:52.389 D/dalvikvm(10295): Compiler shutdown in progress - discarding request
02-25 20:45:52.389 D/dalvikvm(10295): Compiler shutdown in progress - discarding request
02-25 20:45:52.389 D/dalvikvm(10295): Compiler shutdown in progress - discarding request
02-25 20:45:52.389 D/dalvikvm(10295): Compiler shutdown in progress - discarding request
02-25 20:45:52.389 D/dalvikvm(10295): Compiler shutdown in progress - discarding request
02-25 20:45:52.389 D/dalvikvm(10295): Compiler shutdown in progress - discarding request
02-25 20:45:52.389 D/dalvikvm(10295): Compiler shutdown in progress - discarding request
02-25 20:45:52.389 D/dalvikvm(10295): Compiler shutdown in progress - discarding request
02-25 20:45:52.389 D/dalvikvm(10295): Compiler shutdown in progress - discarding request
02-25 20:45:52.389 D/dalvikvm(10295): Compiler shutdown in progress - discarding request
02-25 20:45:52.389 D/dalvikvm(10295): Compiler shutdown in progress - discarding request
02-25 20:45:52.389 D/dalvikvm(10295): Compiler shutdown in progress - discarding request
02-25 20:45:52.389 D/dalvikvm(10295): Compiler shutdown in progress - discarding request
02-25 20:45:52.389 D/dalvikvm(10295): Compiler shutdown in progress - discarding request
02-25 20:45:52.389 D/WindowManager(  506): adjustConfigurationLw, config:{1.0 ?mcc?mnc ?locale ?layoutDir sw600dp w961dp h528dp 213dpi lrg land ?uimode ?night finger -keyb/v/h -nav/v} mLidState:1 mHasDockFeature:false mHasKeyboardFeature:false mHasHallSensorFeature:true config.hardKeyboardHidden:2
02-25 20:45:52.389 D/dalvikvm(  172): GC_EXPLICIT freed 48K, 2% free 5801K/5892K, paused 1ms+1ms, total 16ms
02-25 20:45:52.389 I/ActivityManager(  506): [TopPkgCurBat]	NowPkgName[org.xwalk.webapi_noneservice_tests]	Battery[70]	TimeTick[1424868352399]	OldPkgName[com.asus.email]
02-25 20:45:52.399 D/dalvikvm(  172): GC_EXPLICIT freed <1K, 2% free 5801K/5892K, paused 1ms+1ms, total 12ms
02-25 20:45:52.399 I/CordovaLog(10307): Changing log level to DEBUG(3)
02-25 20:45:52.409 D/CordovaActivity(10307): CordovaActivity.init()
02-25 20:45:52.409 D/dalvikvm(10307): Trying to load lib /data/app-lib/org.xwalk.webapi_noneservice_tests-1/libxwalkcore.so 0x43d893a0
02-25 20:45:52.409 D/dalvikvm(  172): GC_EXPLICIT freed <1K, 2% free 5801K/5892K, paused 0ms+1ms, total 11ms
02-25 20:45:52.409 D/dalvikvm(10307): Added shared lib /data/app-lib/org.xwalk.webapi_noneservice_tests-1/libxwalkcore.so 0x43d893a0
02-25 20:45:52.419 I/LibraryLoader(10307): Time to load native libraries: 10 ms (timestamps 2972-2982)
02-25 20:45:52.419 I/LibraryLoader(10307): Expected native library version number "",actual native library version number ""
02-25 20:45:52.419 D/        ( 9537): Surface destroy: ANDROID_NATIVE_WINDOW_MAGIC
02-25 20:45:52.439 I/LibraryLoader(10307): Expected native library version number "",actual native library version number ""
02-25 20:45:52.439 I/chromium(10307): [INFO:library_loader_hooks.cc(112)] Chromium logging enabled: level = 0, default verbosity = 0
02-25 20:45:52.439 I/BrowserStartupController(10307): Initializing chromium process, singleProcess=true
02-25 20:45:52.839 W/chromium(10307): [WARNING:dns_config_service_posix.cc(293)] Failed to read DnsConfig.
02-25 20:45:52.839 W/AudioManagerAndroid(10307): Requires BLUETOOTH permission
02-25 20:45:52.849 I/ufoGralloc(10307): Hello, this is UFO GRALLOC/Intel Corporation
02-25 20:45:52.849 D/        (10307): Pixel Format : GGL_PIXEL_FORMAT_RGBA_8888
02-25 20:45:52.849 D/        (10307): droid_create_context : config id = 1 conf->NativeVisualID=1
02-25 20:45:52.849 D/        (10307): Pixel Format : GGL_PIXEL_FORMAT_RGBA_8888
02-25 20:45:52.849 I/        (10307): Requested context : GLES 2.0
02-25 20:45:52.869 W/chromium(10307): [WARNING:proxy_service.cc(899)] PAC support disabled because there is no system implementation
02-25 20:45:52.879 W/dalvikvm(10307): VFY: unable to find class referenced in signature (Landroid/view/inputmethod/CursorAnchorInfo;)
02-25 20:45:52.879 I/dalvikvm(10307): Could not find method android.view.inputmethod.InputMethodManager.updateCursorAnchorInfo, referenced from method org.chromium.content.browser.input.InputMethodManagerWrapper.updateCursorAnchorInfo
02-25 20:45:52.879 W/dalvikvm(10307): VFY: unable to resolve virtual method 1368: Landroid/view/inputmethod/InputMethodManager;.updateCursorAnchorInfo (Landroid/view/View;Landroid/view/inputmethod/CursorAnchorInfo;)V
02-25 20:45:52.879 D/dalvikvm(10307): VFY: replacing opcode 0x6e at 0x000a
02-25 20:45:52.889 W/ActivityManager(  506): Activity pause timeout for ActivityRecord{21f539c8 u0 org.xwalk.webapi_noneservice_tests/.webapi_noneservice_tests t24}
02-25 20:45:52.939 E/cutils  (  163): Failed to mkdirat(/Removable/MicroSD): Read-only file system
02-25 20:45:52.939 W/ContextImpl(10307): Failed to ensure directory: /Removable/MicroSD/Android/data/org.xwalk.webapi_noneservice_tests/cache
02-25 20:45:52.939 D/CordovaActivity(10307): CordovaActivity.createViews()
02-25 20:45:52.939 E/chromium(10307): [ERROR:unix_domain_server_socket_posix.cc(106)] Not implemented reached in virtual int net::UnixDomainServerSocket::GetLocalAddress(net::IPEndPoint*) const
02-25 20:45:52.939 D/CordovaWebView(10307): >>> loadUrl(file:///android_asset/www/index.html)
02-25 20:45:52.939 D/PluginManager(10307): init()
02-25 20:45:52.939 W/Vold    (  163): Returning OperationFailed - no handler for errno 30
02-25 20:45:52.949 E/cutils  (  163): Failed to mkdirat(/Removable/MicroSD): Read-only file system
02-25 20:45:52.949 W/ContextImpl(10307): Failed to ensure directory: /Removable/MicroSD/Android/data/org.xwalk.webapi_noneservice_tests/files
02-25 20:45:52.949 E/cutils  (  163): Failed to mkdirat(/Removable/MicroSD): Read-only file system
02-25 20:45:52.949 W/ContextImpl(10307): Failed to ensure directory: /Removable/MicroSD/Android/data/org.xwalk.webapi_noneservice_tests/cache
02-25 20:45:52.949 D/CordovaWebView(10307): >>> loadUrlNow()
02-25 20:45:52.949 I/dalvikvm(10307): Could not find method android.app.Activity.finishAndRemoveTask, referenced from method org.chromium.base.ApiCompatibilityUtils.finishAndRemoveTask
02-25 20:45:52.949 W/dalvikvm(10307): VFY: unable to resolve virtual method 6: Landroid/app/Activity;.finishAndRemoveTask ()V
02-25 20:45:52.949 D/dalvikvm(10307): VFY: replacing opcode 0x6e at 0x0006
02-25 20:45:52.949 I/dalvikvm(10307): Could not find method android.os.PowerManager.isInteractive, referenced from method org.chromium.base.ApiCompatibilityUtils.isInteractive
02-25 20:45:52.949 W/dalvikvm(10307): VFY: unable to resolve virtual method 874: Landroid/os/PowerManager;.isInteractive ()Z
02-25 20:45:52.949 D/dalvikvm(10307): VFY: replacing opcode 0x6e at 0x000e
02-25 20:45:52.949 I/dalvikvm(10307): Could not find method android.view.Window.getNavigationBarColor, referenced from method org.chromium.base.ApiCompatibilityUtils.setStatusBarColor
02-25 20:45:52.949 W/dalvikvm(10307): VFY: unable to resolve virtual method 1268: Landroid/view/Window;.getNavigationBarColor ()I
02-25 20:45:52.949 D/dalvikvm(10307): VFY: replacing opcode 0x6e at 0x0010
02-25 20:45:52.949 I/dalvikvm(10307): Could not find method android.view.Window.setStatusBarColor, referenced from method org.chromium.base.ApiCompatibilityUtils.setStatusBarColor
02-25 20:45:52.949 W/dalvikvm(10307): VFY: unable to resolve virtual method 1274: Landroid/view/Window;.setStatusBarColor (I)V
02-25 20:45:52.949 D/dalvikvm(10307): VFY: replacing opcode 0x6e at 0x0019
02-25 20:45:52.949 E/dalvikvm(10307): Could not find class 'android.app.ActivityManager$TaskDescription', referenced from method org.chromium.base.ApiCompatibilityUtils.setTaskDescription
02-25 20:45:52.949 W/dalvikvm(10307): VFY: unable to resolve new-instance 13 (Landroid/app/ActivityManager$TaskDescription;) in Lorg/chromium/base/ApiCompatibilityUtils;
02-25 20:45:52.949 D/dalvikvm(10307): VFY: replacing opcode 0x22 at 0x0006
02-25 20:45:52.949 D/dalvikvm(10307): DexOpt: unable to opt direct call 0x002f at 0x08 in Lorg/chromium/base/ApiCompatibilityUtils;.setTaskDescription
02-25 20:45:52.949 W/Vold    (  163): Returning OperationFailed - no handler for errno 30
02-25 20:45:52.949 W/Vold    (  163): Returning OperationFailed - no handler for errno 30
02-25 20:45:52.959 I/chromium(10307): [INFO:xwalk_extension_renderer_controller.cc(47)] EXTENSION PROCESS DISABLED.
02-25 20:45:52.959 D/CordovaActivity(10307): Resuming the App
02-25 20:45:52.969 D/CordovaActivity(10307): Paused the application!
02-25 20:45:52.969 D/CordovaWebView(10307): Handle the pause
02-25 20:45:52.999 D/        (10307): droid_create_context : config id = 5 conf->NativeVisualID=1
02-25 20:45:52.999 D/        (10307): Pixel Format : GGL_PIXEL_FORMAT_RGBA_8888
02-25 20:45:52.999 I/        (10307): Requested context : GLES 2.0
02-25 20:45:53.009 D/        (10307): Pixel Format : GGL_PIXEL_FORMAT_RGBA_8888
02-25 20:45:53.009 D/OpenGLRenderer(10307): Enabling debug mode 0
02-25 20:45:53.019 D/CordovaActivity(10307): onMessage(onPageStarted,file:///android_asset/www/index.html)
02-25 20:45:53.019 I/chromium(10307): [INFO:CONSOLE(1)] "exception firing pause event from native", source:  (1)
02-25 20:45:53.019 D/        (10307): Pixel Format : GGL_PIXEL_FORMAT_RGBA_8888
02-25 20:45:53.019 D/        (10307): droid_create_context : config id = 1 conf->NativeVisualID=1
02-25 20:45:53.019 D/        (10307): Pixel Format : GGL_PIXEL_FORMAT_RGBA_8888
02-25 20:45:53.019 I/        (10307): Requested context : GLES 2.0
02-25 20:45:53.029 W/BindingManager(10307): Cannot call determinedVisibility() - never saw a connection for the pid: 10307
02-25 20:45:53.029 D/CordovaActivity(10307): onMessage(onPageFinished,file:///android_asset/www/index.html)
02-25 20:45:53.059 I/ActivityManager(  506): Displayed org.xwalk.webapi_noneservice_tests/.webapi_noneservice_tests: +669ms (total +697ms)
02-25 20:45:54.039 D/CordovaActivity(10307): onMessage(onPageStarted,file:///android_asset/www/index_real.html?testprefix=./)
02-25 20:45:54.059 W/BindingManager(10307): Cannot call determinedVisibility() - never saw a connection for the pid: 10307
02-25 20:45:54.249 I/chromium(10307): [INFO:CONSOLE(0)] "Synchronous XMLHttpRequest on the main thread is deprecated because of its detrimental effects to the end user's experience. For more help, check http://xhr.spec.whatwg.org/.", source:  (0)
02-25 20:45:54.299 D/CordovaActivity(10307): onMessage(onPageFinished,file:///android_asset/www/index_real.html?testprefix=./)
02-25 20:45:55.039 D/CordovaActivity(10307): onMessage(spinner,stop)
02-25 20:45:56.299 D/CordovaActivity(10307): onMessage(spinner,stop)
02-25 20:46:00.009 D/Clock   (  567): ACTION_TIME_TICK
02-25 20:46:00.009 D/Clock   (  567): update clock:下午8:46
02-25 20:46:00.029 D/BatteryStatsImpl(  506): noteStopWakeLocked system isFromForeground = false
02-25 20:46:10.029 D/dalvikvm(10307): GC_CONCURRENT freed 2381K, 25% free 7404K/9832K, paused 1ms+3ms, total 6ms
02-25 20:46:11.499 W/BindingManager(10307): Cannot call determinedVisibility() - never saw a connection for the pid: 10307
02-25 20:46:12.529 W/BindingManager(10307): Cannot call determinedVisibility() - never saw a connection for the pid: 10307
02-25 20:46:13.519 W/BindingManager(10307): Cannot call determinedVisibility() - never saw a connection for the pid: 10307
02-25 20:46:14.519 W/BindingManager(10307): Cannot call determinedVisibility() - never saw a connection for the pid: 10307
02-25 20:46:15.519 W/BindingManager(10307): Cannot call determinedVisibility() - never saw a connection for the pid: 10307
02-25 20:46:16.509 W/BindingManager(10307): Cannot call determinedVisibility() - never saw a connection for the pid: 10307
02-25 20:46:17.519 W/BindingManager(10307): Cannot call determinedVisibility() - never saw a connection for the pid: 10307
02-25 20:46:18.509 W/BindingManager(10307): Cannot call determinedVisibility() - never saw a connection for the pid: 10307
02-25 20:46:19.499 W/BindingManager(10307): Cannot call determinedVisibility() - never saw a connection for the pid: 10307
02-25 20:46:20.529 W/BindingManager(10307): Cannot call determinedVisibility() - never saw a connection for the pid: 10307
02-25 20:46:22.049 D/EVENT_THREAD(  183): void CEventThread::run() POLLIN event on Fd (1)
02-25 20:46:22.049 D/EVENT_THREAD(  183): void CEventThread::run() Do poll with timeout: -1
02-25 20:46:22.529 W/BindingManager(10307): Cannot call determinedVisibility() - never saw a connection for the pid: 10307
02-25 20:46:22.549 D/EVENT_THREAD(  183): void CEventThread::run() POLLIN event on Fd (1)
02-25 20:46:22.549 D/EVENT_THREAD(  183): void CEventThread::run() Do poll with timeout: -1
02-25 20:46:22.549 D/EVENT_THREAD(  183): void CEventThread::run() POLLIN event on Fd (1)
02-25 20:46:22.549 D/EVENT_THREAD(  183): void CEventThread::run() Do poll with timeout: -1
02-25 20:46:22.549 I/upi_ug31xx(  166): (1749) update_capacity
02-25 20:46:22.549 I/[UPI]   (  166): <UG31/E>[UpiReadCapacity]: V=4016(4015), T=281(281-330), I=302, C=2(2-0)
02-25 20:46:22.549 I/[UPI]   (  166): <UG31/E>[UpiReadCapacity]: (0x00012565) 2659 (2661) / 3822 (3822) = 70
02-25 20:46:22.549 I/[UPI]   (  166): <UG31/E>[UpiReadCapacity]: (0x00012565) 2659 (2661) / 3822 (3822) = 70
02-25 20:46:22.549 I/[UPI]   (  166): <UG31/E>[UpiReadCapacity]: (0x00012545) 2661 (2661) / 3822 (3822) = 70
02-25 20:46:22.559 I/[UPI]   (  166): <UG31/E>[RsocFilterCountTime]: (0x00012545) Step=1(60728), Full=1(60728), Lock=60728(611809)
02-25 20:46:22.559 I/[UPI]   (  166): <UG31/E>[UpiReadCapacity]: (0x00012545) 2661 (2661) / 3822 (3822) = 70 (302-302)
02-25 20:46:22.559 I/[UPI]   (  166): <UG31/E><BATT> M:normal, P:70(70-70)%, V:4015mV, C:302mA, T:28.1C(330), S:0x00012545(001), R:2661mAh, F:3822mAh, Q:-540mAh, CC:3, P:30.302(540-0)s, BO:7, 97:615:0-44af-9m:B001-20140514-144301 (16)
02-25 20:46:22.559 I/upi_ug31xx(  166): (1750) backup_data 
02-25 20:46:22.559 V/upi_ug31xx(  166): state->check_backup_count = 21
02-25 20:46:52.779 I/upi_ug31xx(  166): (1751) update_capacity
02-25 20:46:52.779 I/[UPI]   (  166): <UG31/E>[UpiReadCapacity]: V=4004(3981), T=281(282-330), I=-65, C=-1(0--1)
02-25 20:46:52.779 I/[UPI]   (  166): <UG31/E>[UpiReadCapacity]: (0x00012529) 2661 (2713) / 3822 (3822) = 70
02-25 20:46:52.779 I/[UPI]   (  166): <UG31/E>[UpiReadCapacity]: (0x00012529) 2661 (2713) / 3822 (3822) = 70
02-25 20:46:52.779 I/[UPI]   (  166): <UG31/E>[UpiReadCapacity]: (0x00012509) 2661 (2661) / 3822 (3822) = 70
02-25 20:46:52.779 I/[UPI]   (  166): <UG31/E>[RsocFilterCountTime]: (0x00012509) Step=1(90905), Full=1(90905), Lock=90905(4373169)
02-25 20:46:52.779 I/[UPI]   (  166): <UG31/E>[UpiReadCapacity]: (0x00012509) 2661 (2661) / 3822 (3822) = 70 (-65--65)
02-25 20:46:52.779 I/[UPI]   (  166): <UG31/E><BATT> M:normal, P:70(70-70)%, V:3981mV, C:-65mA, T:28.2C(330), S:0x00012509(001), R:2661mAh, F:3822mAh, Q:-541mAh, CC:3, P:30.177(541--1)s, BO:7, 97:615:0-44af-9m:B001-20140514-144301 (16)
02-25 20:46:52.779 I/upi_ug31xx(  166): (1752) backup_data 
02-25 20:46:52.779 V/upi_ug31xx(  166): state->check_backup_count = 1
02-25 20:46:52.799 D/EVENT_THREAD(  183): void CEventThread::run() POLLIN event on Fd (1)
02-25 20:46:52.799 D/EVENT_THREAD(  183): void CEventThread::run() Do poll with timeout: -1
02-25 20:46:52.799 D/EVENT_THREAD(  183): void CEventThread::run() POLLIN event on Fd (1)
02-25 20:46:52.799 D/EVENT_THREAD(  183): void CEventThread::run() Do poll with timeout: -1
02-25 20:46:53.049 D/EVENT_THREAD(  183): void CEventThread::run() POLLIN event on Fd (1)
02-25 20:46:53.049 D/EVENT_THREAD(  183): void CEventThread::run() Do poll with timeout: -1
02-25 20:46:53.049 D/EVENT_THREAD(  183): void CEventThread::run() POLLIN event on Fd (1)
02-25 20:46:53.049 D/EVENT_THREAD(  183): void CEventThread::run() Do poll with timeout: -1
02-25 20:46:53.229 I/upi_ug31xx(  166): (1753) update_capacity
02-25 20:46:53.229 I/[UPI]   (  166): <UG31/E>[UpiReadCapacity]: V=3996(3981), T=282(284-330), I=-37, C=0(0--1)
02-25 20:46:53.229 I/[UPI]   (  166): <UG31/E>[UpiReadCapacity]: (0x0001254a) 2661 (2675) / 3822 (3822) = 70
02-25 20:46:53.229 I/[UPI]   (  166): <UG31/E>[UpiReadCapacity]: (0x0001254a) 2661 (2675) / 3822 (3822) = 70
02-25 20:46:53.229 I/[UPI]   (  166): <UG31/E>[UpiReadCapacity]: (0x0001254a) 2661 (2661) / 3822 (3822) = 70
02-25 20:46:53.229 I/[UPI]   (  166): <UG31/E>[RsocFilterCountTime]: (0x0001254a) Step=1(91154), Full=1(91154), Lock=91154(7682594)
02-25 20:46:53.229 I/[UPI]   (  166): <UG31/E>[UpiReadCapacity]: (0x0001254a) 2661 (2661) / 3822 (3822) = 70 (-37--37)
02-25 20:46:53.229 I/[UPI]   (  166): <UG31/E><BATT> M:normal, P:70(70-70)%, V:3981mV, C:-37mA, T:28.4C(330), S:0x0001254a(001), R:2661mAh, F:3822mAh, Q:-541mAh, CC:3, P:0.249(541--1)s, BO:7, 97:615:0-44af-9m:B001-20140514-144301 (16)
02-25 20:46:53.229 I/upi_ug31xx(  166): (1754) backup_data 
02-25 20:46:53.229 V/upi_ug31xx(  166): state->check_backup_count = 2
02-25 20:46:53.229 D/EVENT_THREAD(  183): void CEventThread::run() POLLIN event on Fd (1)
02-25 20:46:53.229 D/EVENT_THREAD(  183): void CEventThread::run() Do poll with timeout: -1
02-25 20:46:53.589 D/EVENT_THREAD(  183): void CEventThread::run() POLLIN event on Fd (1)
02-25 20:46:53.589 D/EVENT_THREAD(  183): void CEventThread::run() Do poll with timeout: -1
02-25 20:46:53.589 D/EVENT_THREAD(  183): void CEventThread::run() POLLIN event on Fd (1)
02-25 20:46:53.589 D/EVENT_THREAD(  183): void CEventThread::run() Do poll with timeout: -1
02-25 20:46:53.779 D/EVENT_THREAD(  183): void CEventThread::run() POLLIN event on Fd (1)
02-25 20:46:53.779 D/EVENT_THREAD(  183): void CEventThread::run() Do poll with timeout: -1
02-25 20:46:53.869 I/upi_ug31xx(  166): (1755) update_capacity
02-25 20:46:53.869 I/[UPI]   (  166): <UG31/E>[UpiReadCapacity]: V=3991(3981), T=282(284-331), I=-7, C=0(0--1)
02-25 20:46:53.869 I/[UPI]   (  166): <UG31/E>[UpiReadCapacity]: (0x00012542) 2661 (2713) / 3822 (3822) = 70
02-25 20:46:53.869 I/[UPI]   (  166): <UG31/E>[UpiReadCapacity]: (0x00012542) 2661 (2713) / 3822 (3822) = 70
02-25 20:46:53.869 I/[UPI]   (  166): <UG31/E>[UpiReadCapacity]: (0x00012542) 2661 (2661) / 3822 (3822) = 70
02-25 20:46:53.869 I/[UPI]   (  166): <UG31/E>[RsocFilterCountTime]: (0x00012542) Step=1(91652), Full=1(91652), Lock=91652(40608000)
02-25 20:46:53.869 I/[UPI]   (  166): <UG31/E>[UpiReadCapacity]: (0x00012542) 2661 (2661) / 3822 (3822) = 70 (-7--7)
02-25 20:46:53.869 I/[UPI]   (  166): <UG31/E><BATT> M:normal, P:70(70-70)%, V:3981mV, C:-7mA, T:28.4C(331), S:0x00012542(001), R:2661mAh, F:3822mAh, Q:-541mAh, CC:3, P:0.498(541--1)s, BO:7, 97:615:0-44af-9m:B001-20140514-144301 (16)
02-25 20:46:53.869 I/upi_ug31xx(  166): (1756) backup_data 
02-25 20:46:53.869 V/upi_ug31xx(  166): state->check_backup_count = 3
02-25 20:47:00.089 D/Clock   (  567): ACTION_TIME_TICK
02-25 20:47:00.089 D/Clock   (  567): update clock:下午8:47
02-25 20:47:00.129 D/BatteryStatsImpl(  506): noteStopWakeLocked system isFromForeground = false
02-25 20:47:02.269 I/ActivityManager(  506): Process com.android.defcontainer (pid 6840) has died.
02-25 20:47:02.279 I/SecurityManagerService(  680): SMS received security event: App[STOP/com.android.defcontainer]
02-25 20:47:02.289 I/dalvikvm( 6640): Total arena pages for JIT: 16
02-25 20:47:02.339 I/ActivityManager(  506): Process com.baidu.searchbox:bdservice_v1 (pid 6391) has died.
02-25 20:47:02.379 D/ImageWallpaper(  567): trimMemory
02-25 20:47:02.389 I/SecurityManagerService(  680): SMS received security event: App[STOP/com.baidu.searchbox]
02-25 20:47:02.409 D/        (10307): Pixel Format : GGL_PIXEL_FORMAT_RGBA_8888
02-25 20:47:23.829 D/EVENT_THREAD(  183): void CEventThread::run() POLLIN event on Fd (1)
02-25 20:47:23.829 D/EVENT_THREAD(  183): void CEventThread::run() Do poll with timeout: -1
02-25 20:47:23.829 D/EVENT_THREAD(  183): void CEventThread::run() POLLIN event on Fd (1)
02-25 20:47:23.829 D/EVENT_THREAD(  183): void CEventThread::run() Do poll with timeout: -1
02-25 20:47:23.829 I/upi_ug31xx(  166): (1757) update_capacity
02-25 20:47:23.829 I/[UPI]   (  166): <UG31/E>[UpiReadCapacity]: V=3993(3997), T=282(284-332), I=178, C=1(0-0)
02-25 20:47:23.829 I/[UPI]   (  166): <UG31/E>[UpiReadCapacity]: (0x00012564) 2661 (2713) / 3822 (3822) = 70
02-25 20:47:23.829 I/[UPI]   (  166): <UG31/E>[UpiReadCapacity]: (0x00012564) 2661 (2713) / 3822 (3822) = 70
02-25 20:47:23.829 I/[UPI]   (  166): <UG31/E>[UpiReadCapacity]: (0x00012544) 2661 (2661) / 3822 (3822) = 70
02-25 20:47:23.829 I/[UPI]   (  166): <UG31/E>[RsocFilterCountTime]: (0x00012544) Step=2(121829), Full=2(121829), Lock=121829(1038013)
02-25 20:47:23.829 I/[UPI]   (  166): <UG31/E>[UpiReadCapacity]: (0x00012544) 2661 (2661) / 3822 (3822) = 70 (178-178)
02-25 20:47:23.829 I/[UPI]   (  166): <UG31/E><BATT> M:normal, P:70(70-70)%, V:3997mV, C:178mA, T:28.4C(332), S:0x00012544(001), R:2661mAh, F:3822mAh, Q:-540mAh, CC:3, P:30.177(540-0)s, BO:7, 97:615:0-44af-9m:B001-20140514-144301 (16)
02-25 20:47:23.829 I/upi_ug31xx(  166): (1758) backup_data 
02-25 20:47:23.829 V/upi_ug31xx(  166): state->check_backup_count = 4
02-25 20:47:24.329 D/EVENT_THREAD(  183): void CEventThread::run() POLLIN event on Fd (1)
02-25 20:47:24.329 D/EVENT_THREAD(  183): void CEventThread::run() Do poll with timeout: -1
02-25 20:47:24.329 D/EVENT_THREAD(  183): void CEventThread::run() POLLIN event on Fd (1)
02-25 20:47:24.329 D/EVENT_THREAD(  183): void CEventThread::run() Do poll with timeout: -1
02-25 20:47:24.329 I/upi_ug31xx(  166): (1759) update_capacity
02-25 20:47:24.329 I/[UPI]   (  166): <UG31/E>[UpiReadCapacity]: V=3994(3997), T=282(284-333), I=169, C=0(0-0)
02-25 20:47:24.329 I/[UPI]   (  166): <UG31/E>[UpiReadCapacity]: (0x00012565) 2661 (2661) / 3822 (3822) = 70
02-25 20:47:24.329 I/[UPI]   (  166): <UG31/E>[UpiReadCapacity]: (0x00012565) 2661 (2661) / 3822 (3822) = 70
02-25 20:47:24.329 I/[UPI]   (  166): <UG31/E>[UpiReadCapacity]: (0x00012545) 2661 (2661) / 3822 (3822) = 70
02-25 20:47:24.329 I/[UPI]   (  166): <UG31/E>[RsocFilterCountTime]: (0x00012545) Step=2(122203), Full=2(122203), Lock=122203(1093292)
02-25 20:47:24.329 I/[UPI]   (  166): <UG31/E>[UpiReadCapacity]: (0x00012545) 2661 (2661) / 3822 (3822) = 70 (169-169)
02-25 20:47:24.329 I/[UPI]   (  166): <UG31/E><BATT> M:normal, P:70(70-70)%, V:3997mV, C:169mA, T:28.4C(333), S:0x00012545(001), R:2661mAh, F:3822mAh, Q:-540mAh, CC:3, P:0.374(540-0)s, BO:7, 97:615:0-44af-9m:B001-20140514-144301 (16)
02-25 20:47:24.329 I/upi_ug31xx(  166): (1760) backup_data 
02-25 20:47:24.329 V/upi_ug31xx(  166): state->check_backup_count = 5
02-25 20:47:24.339 D/EVENT_THREAD(  183): void CEventThread::run() POLLIN event on Fd (1)
02-25 20:47:24.339 D/EVENT_THREAD(  183): void CEventThread::run() Do poll with timeout: -1
02-25 20:47:54.629 D/EVENT_THREAD(  183): void CEventThread::run() POLLIN event on Fd (1)
02-25 20:47:54.629 D/EVENT_THREAD(  183): void CEventThread::run() Do poll with timeout: -1
02-25 20:47:54.629 D/EVENT_THREAD(  183): void CEventThread::run() POLLIN event on Fd (1)
02-25 20:47:54.629 D/EVENT_THREAD(  183): void CEventThread::run() Do poll with timeout: -1
02-25 20:47:54.629 I/upi_ug31xx(  166): (1761) update_capacity
02-25 20:47:54.629 I/[UPI]   (  166): <UG31/E>[UpiReadCapacity]: V=3986(3970), T=282(284-335), I=-64, C=0(0-0)
02-25 20:47:54.629 I/[UPI]   (  166): <UG31/E>[UpiReadCapacity]: (0x00012529) 2661 (2675) / 3822 (3822) = 70
02-25 20:47:54.629 I/[UPI]   (  166): <UG31/E>[UpiReadCapacity]: (0x00012529) 2661 (2675) / 3822 (3822) = 70
02-25 20:47:54.629 I/[UPI]   (  166): <UG31/E>[UpiReadCapacity]: (0x00012509) 2661 (2661) / 3822 (3822) = 70
02-25 20:47:54.629 I/[UPI]   (  166): <UG31/E>[RsocFilterCountTime]: (0x00012509) Step=2(152505), Full=2(152505), Lock=152505(4441500)
02-25 20:47:54.629 I/[UPI]   (  166): <UG31/E>[UpiReadCapacity]: (0x00012509) 2661 (2661) / 3822 (3822) = 70 (-64--64)
02-25 20:47:54.629 I/[UPI]   (  166): <UG31/E><BATT> M:normal, P:70(70-70)%, V:3970mV, C:-64mA, T:28.4C(335), S:0x00012509(001), R:2661mAh, F:3822mAh, Q:-540mAh, CC:3, P:30.302(540-0)s, BO:7, 97:615:0-44af-9m:B001-20140514-144301 (16)
02-25 20:47:54.629 I/upi_ug31xx(  166): (1762) backup_data 
02-25 20:47:54.629 V/upi_ug31xx(  166): state->check_backup_count = 6
02-25 20:47:54.899 D/EVENT_THREAD(  183): void CEventThread::run() POLLIN event on Fd (1)
02-25 20:47:54.899 D/EVENT_THREAD(  183): void CEventThread::run() Do poll with timeout: -1
02-25 20:47:54.899 D/EVENT_THREAD(  183): void CEventThread::run() POLLIN event on Fd (1)
02-25 20:47:54.899 D/EVENT_THREAD(  183): void CEventThread::run() Do poll with timeout: -1
02-25 20:47:54.989 I/upi_ug31xx(  166): (1763) update_capacity
02-25 20:47:54.989 I/[UPI]   (  166): <UG31/E>[UpiReadCapacity]: V=3982(3976), T=282(284-335), I=-52, C=0(0-0)
02-25 20:47:54.989 I/[UPI]   (  166): <UG31/E>[UpiReadCapacity]: (0x0001254a) 2661 (2637) / 3822 (3822) = 70
02-25 20:47:54.989 I/[UPI]   (  166): <UG31/E>[UpiReadCapacity]: (0x0001254a) 2661 (2637) / 3822 (3822) = 70
02-25 20:47:54.989 I/[UPI]   (  166): <UG31/E>[UpiReadCapacity]: (0x0001254a) 2661 (2661) / 3822 (3822) = 70
02-25 20:47:54.989 I/[UPI]   (  166): <UG31/E>[RsocFilterCountTime]: (0x0001254a) Step=2(152879), Full=2(152879), Lock=152879(5466461)
02-25 20:47:54.989 I/[UPI]   (  166): <UG31/E>[UpiReadCapacity]: (0x0001254a) 2661 (2661) / 3822 (3822) = 70 (-52--52)
02-25 20:47:54.989 I/[UPI]   (  166): <UG31/E><BATT> M:normal, P:70(70-70)%, V:3976mV, C:-52mA, T:28.4C(335), S:0x0001254a(001), R:2661mAh, F:3822mAh, Q:-540mAh, CC:3, P:0.374(540-0)s, BO:7, 97:615:0-44af-9m:B001-20140514-144301 (16)
02-25 20:47:55.079 I/upi_ug31xx(  166): (1764) backup_data 
02-25 20:47:55.079 V/upi_ug31xx(  166): state->check_backup_count = 7
02-25 20:47:55.079 D/EVENT_THREAD(  183): void CEventThread::run() POLLIN event on Fd (1)
02-25 20:47:55.079 D/EVENT_THREAD(  183): void CEventThread::run() Do poll with timeout: -1
02-25 20:48:00.019 D/Clock   (  567): ACTION_TIME_TICK
02-25 20:48:00.019 D/Clock   (  567): update clock:下午8:48
02-25 20:48:00.059 D/BatteryStatsImpl(  506): noteStopWakeLocked system isFromForeground = false
02-25 20:48:22.499 D/        (10307): Surface destroy: ANDROID_NATIVE_WINDOW_MAGIC
02-25 20:48:22.529 W/ManagedEGLContext(10307): doTerminate failed: EGL count is 2 but managed count is 1
02-25 20:48:22.539 D/CordovaActivity(10307): CordovaActivity.onDestroy()
02-25 20:48:22.549 D/CordovaWebView(10307): >>> loadUrlNow()
02-25 20:48:22.559 W/ScreenOrientationListener(10307): Removing an inexistent observer!
02-25 20:48:22.679 D/WindowManager(  506): adjustConfigurationLw, config:{1.0 ?mcc?mnc ?locale ?layoutDir sw600dp w961dp h528dp 213dpi lrg land ?uimode ?night finger -keyb/v/h -nav/v} mLidState:1 mHasDockFeature:false mHasKeyboardFeature:false mHasHallSensorFeature:true config.hardKeyboardHidden:2
02-25 20:48:22.679 I/ActivityManager(  506): [TopPkgCurBat]	NowPkgName[com.asus.email]	Battery[70]	TimeTick[1424868502691]	OldPkgName[org.xwalk.webapi_noneservice_tests]
02-25 20:48:22.749 I/        ( 9537): EGL reinitialize
02-25 20:48:22.749 D/        ( 9537): droid_create_context : config id = 5 conf->NativeVisualID=1
02-25 20:48:22.749 D/        ( 9537): Pixel Format : GGL_PIXEL_FORMAT_RGBA_8888
02-25 20:48:22.749 I/        ( 9537): Requested context : GLES 2.0
02-25 20:48:22.779 D/        ( 9537): Pixel Format : GGL_PIXEL_FORMAT_RGBA_8888
02-25 20:48:23.289 D/Launcher.LauncherProvider( 6473): notifyChange
02-25 20:48:23.359 D/AndroidRuntime(11053): 
02-25 20:48:23.359 D/AndroidRuntime(11053): >>>>>> AndroidRuntime START com.android.internal.os.RuntimeInit <<<<<<
02-25 20:48:23.359 D/AndroidRuntime(11053): CheckJNI is OFF
02-25 20:48:23.359 I/AndroidRuntime(11053): Kernel Release Version: 3.10.20-gf818079
02-25 20:48:23.369 I/dalvikvm(11053): No library specified. The standard exception handler will be used
02-25 20:48:23.379 I/dalvikvm(11053): 
02-25 20:48:23.379 I/dalvikvm(11053): +++++++++++++ Using PCG. +++++++++++++++++++++
02-25 20:48:23.479 D/dalvikvm(11053): Trying to load lib libjavacore.so 0x0
02-25 20:48:23.489 D/dalvikvm(11053): Added shared lib libjavacore.so 0x0
02-25 20:48:23.499 D/dalvikvm(11053): Trying to load lib libnativehelper.so 0x0
02-25 20:48:23.499 D/dalvikvm(11053): Added shared lib libnativehelper.so 0x0
02-25 20:48:23.499 D/dalvikvm(11053): No JNI_OnLoad found in libnativehelper.so 0x0, skipping init
02-25 20:48:23.519 D/dalvikvm(11053): Extra Options: not specified
02-25 20:48:23.569 D/dalvikvm(11053): Note: class Landroid/app/ActivityManagerNative; has 186 unimplemented (abstract) methods
02-25 20:48:23.669 E/memtrack(11053): Couldn't load memtrack module (No such file or directory)
02-25 20:48:23.669 E/android.os.Debug(11053): failed to load memtrack module: -2
02-25 20:48:23.729 D/AndroidRuntime(11053): Calling main entry com.android.commands.am.Am
02-25 20:48:23.749 I/ActivityManager(  506): Force stopping org.xwalk.webapi_noneservice_tests appid=10301 user=0: from pid 11053
02-25 20:48:23.749 I/SecurityManagerService(  680): SMS received security event: App[STOP/org.xwalk.webapi_noneservice_tests]
02-25 20:48:23.749 I/ActivityManager(  506): Killing 10307:org.xwalk.webapi_noneservice_tests/u0a301 (adj 9): stop org.xwalk.webapi_noneservice_tests
02-25 20:48:23.759 D/AndroidRuntime(11053): Shutting down VM
02-25 20:48:23.759 D/dalvikvm(11053): GC_CONCURRENT freed 112K, 16% free 666K/792K, paused 0ms+0ms, total 1ms
02-25 20:48:23.759 D/dalvikvm(11053): Compiler shutdown in progress - discarding request
02-25 20:48:23.759 D/dalvikvm(11053): Compiler shutdown in progress - discarding request
02-25 20:48:23.759 D/dalvikvm(11053): Compiler shutdown in progress - discarding request
02-25 20:48:23.759 D/dalvikvm(11053): Compiler shutdown in progress - discarding request
02-25 20:48:23.759 D/dalvikvm(11053): Compiler shutdown in progress - discarding request
02-25 20:48:23.759 D/dalvikvm(11053): Compiler shutdown in progress - discarding request
02-25 20:48:23.759 D/dalvikvm(11053): Compiler shutdown in progress - discarding request
02-25 20:48:23.759 D/dalvikvm(11053): Compiler shutdown in progress - discarding request
02-25 20:48:23.759 D/dalvikvm(11053): Compiler shutdown in progress - discarding request
02-25 20:48:23.759 D/dalvikvm(11053): Compiler shutdown in progress - discarding request
02-25 20:48:23.759 D/dalvikvm(11053): Compiler shutdown in progress - discarding request
02-25 20:48:23.759 D/dalvikvm(11053): Compiler shutdown in progress - discarding request
02-25 20:48:23.759 D/dalvikvm(11053): Compiler shutdown in progress - discarding request
02-25 20:48:23.759 D/dalvikvm(11053): Compiler shutdown in progress - discarding request
02-25 20:48:23.759 D/dalvikvm(11053): Compiler shutdown in progress - discarding request
02-25 20:48:23.759 D/dalvikvm(11053): Compiler shutdown in progress - discarding request
02-25 20:48:23.759 D/dalvikvm(11053): Compiler shutdown in progress - discarding request
02-25 20:48:23.759 D/dalvikvm(11053): Compiler shutdown in progress - discarding request
02-25 20:48:23.759 D/dalvikvm(11053): Compiler shutdown in progress - discarding request
02-25 20:48:23.759 D/dalvikvm(11053): Compiler shutdown in progress - discarding request
02-25 20:48:23.759 D/dalvikvm(11053): Compiler shutdown in progress - discarding request
02-25 20:48:23.759 D/dalvikvm(11053): Compiler shutdown in progress - discarding request
02-25 20:48:23.759 D/dalvikvm(11053): Compiler shutdown in progress - discarding request
02-25 20:48:23.759 D/dalvikvm(11053): Compiler shutdown in progress - discarding request
02-25 20:48:23.759 D/dalvikvm(11053): Compiler shutdown in progress - discarding request
02-25 20:48:23.759 D/dalvikvm(11053): Compiler shutdown in progress - discarding request
02-25 20:48:23.759 D/dalvikvm(11053): Compiler shutdown in progress - discarding request
02-25 20:48:23.759 D/dalvikvm(11053): Compiler shutdown in progress - discarding request
02-25 20:48:23.759 D/dalvikvm(11053): Compiler shutdown in progress - discarding request
02-25 20:48:23.759 D/dalvikvm(11053): Compiler shutdown in progress - discarding request
02-25 20:48:23.759 D/dalvikvm(11053): Compiler shutdown in progress - discarding request
02-25 20:48:23.759 D/dalvikvm(11053): Compiler shutdown in progress - discarding request
