02-25 20:54:33.959 D/dalvikvm(11869): Note: class Landroid/app/ActivityManagerNative; has 186 unimplemented (abstract) methods
02-25 20:54:34.059 E/memtrack(11869): Couldn't load memtrack module (No such file or directory)
02-25 20:54:34.059 E/android.os.Debug(11869): failed to load memtrack module: -2
02-25 20:54:34.109 D/AndroidRuntime(11869): Calling main entry com.android.commands.am.Am
02-25 20:54:34.139 I/ActivityManager(  506): Force stopping org.xwalk.webapi_noneservice_tests appid=10301 user=0: from pid 11869
02-25 20:54:34.139 I/SecurityManagerService(  680): SMS received security event: App[STOP/org.xwalk.webapi_noneservice_tests]
02-25 20:54:34.139 I/ActivityManager(  506): Killing 11126:org.xwalk.webapi_noneservice_tests/u0a301 (adj 0): stop org.xwalk.webapi_noneservice_tests
02-25 20:54:34.139 I/ActivityManager(  506):   Force finishing activity ActivityRecord{21f56650 u0 org.xwalk.webapi_noneservice_tests/.webapi_noneservice_tests t25}
02-25 20:54:34.149 D/WindowManager(  506): adjustConfigurationLw, config:{1.0 ?mcc?mnc ?locale ?layoutDir sw600dp w961dp h528dp 213dpi lrg land ?uimode ?night finger -keyb/v/h -nav/v} mLidState:1 mHasDockFeature:false mHasKeyboardFeature:false mHasHallSensorFeature:true config.hardKeyboardHidden:2
02-25 20:54:34.149 D/AndroidRuntime(11869): Shutting down VM
02-25 20:54:34.149 I/ActivityManager(  506): [TopPkgCurBat]	NowPkgName[com.asus.email]	Battery[70]	TimeTick[1424868874163]	OldPkgName[org.xwalk.webapi_noneservice_tests]
02-25 20:54:34.159 D/dalvikvm(11869): GC_CONCURRENT freed 112K, 16% free 666K/792K, paused 0ms+0ms, total 1ms
02-25 20:54:34.169 D/dalvikvm(11869): Compiler shutdown in progress - discarding request
02-25 20:54:34.169 D/dalvikvm(11869): Compiler shutdown in progress - discarding request
02-25 20:54:34.169 D/dalvikvm(11869): Compiler shutdown in progress - discarding request
02-25 20:54:34.169 D/dalvikvm(11869): Compiler shutdown in progress - discarding request
02-25 20:54:34.169 D/dalvikvm(11869): Compiler shutdown in progress - discarding request
02-25 20:54:34.169 D/dalvikvm(11869): Compiler shutdown in progress - discarding request
02-25 20:54:34.169 D/dalvikvm(11869): Compiler shutdown in progress - discarding request
02-25 20:54:34.169 D/dalvikvm(11869): Compiler shutdown in progress - discarding request
02-25 20:54:34.169 D/dalvikvm(11869): Compiler shutdown in progress - discarding request
02-25 20:54:34.169 D/dalvikvm(11869): Compiler shutdown in progress - discarding request
02-25 20:54:34.169 D/dalvikvm(11869): Compiler shutdown in progress - discarding request
02-25 20:54:34.169 D/dalvikvm(11869): Compiler shutdown in progress - discarding request
02-25 20:54:34.169 D/dalvikvm(11869): Compiler shutdown in progress - discarding request
02-25 20:54:34.169 D/dalvikvm(11869): Compiler shutdown in progress - discarding request
02-25 20:54:34.169 D/dalvikvm(11869): Compiler shutdown in progress - discarding request
02-25 20:54:34.169 D/dalvikvm(11869): Compiler shutdown in progress - discarding request
02-25 20:54:34.169 D/dalvikvm(11869): Compiler shutdown in progress - discarding request
02-25 20:54:34.169 D/dalvikvm(11869): Compiler shutdown in progress - discarding request
02-25 20:54:34.169 D/dalvikvm(11869): Compiler shutdown in progress - discarding request
02-25 20:54:34.169 D/dalvikvm(11869): Compiler shutdown in progress - discarding request
02-25 20:54:34.169 D/dalvikvm(11869): Compiler shutdown in progress - discarding request
02-25 20:54:34.169 D/dalvikvm(11869): Compiler shutdown in progress - discarding request
02-25 20:54:34.169 D/dalvikvm(11869): Compiler shutdown in progress - discarding request
02-25 20:54:34.169 D/dalvikvm(11869): Compiler shutdown in progress - discarding request
02-25 20:54:34.169 D/dalvikvm(11869): Compiler shutdown in progress - discarding request
02-25 20:54:34.169 D/dalvikvm(11869): Compiler shutdown in progress - discarding request
02-25 20:54:34.169 D/dalvikvm(11869): Compiler shutdown in progress - discarding request
02-25 20:54:34.169 D/dalvikvm(11869): Compiler shutdown in progress - discarding request
02-25 20:54:34.169 D/dalvikvm(11869): Compiler shutdown in progress - discarding request
02-25 20:54:34.189 I/        ( 9537): EGL reinitialize
02-25 20:54:34.189 D/        ( 9537): droid_create_context : config id = 5 conf->NativeVisualID=1
02-25 20:54:34.189 D/        ( 9537): Pixel Format : GGL_PIXEL_FORMAT_RGBA_8888
02-25 20:54:34.189 I/        ( 9537): Requested context : GLES 2.0
02-25 20:54:34.219 D/        ( 9537): Pixel Format : GGL_PIXEL_FORMAT_RGBA_8888
02-25 20:54:34.269 I/WindowState(  506): WIN DEATH: Window{21f30fb0 u0 org.xwalk.webapi_noneservice_tests/org.xwalk.webapi_noneservice_tests.webapi_noneservice_tests}
02-25 20:54:34.499 D/Launcher.LauncherProvider( 6473): notifyChange
--------- beginning of /dev/log/main
02-25 21:00:19.099 D/AndroidRuntime(11920): 
02-25 21:00:19.099 D/AndroidRuntime(11920): >>>>>> AndroidRuntime START com.android.internal.os.RuntimeInit <<<<<<
02-25 21:00:19.099 D/AndroidRuntime(11920): CheckJNI is OFF
02-25 21:00:19.099 I/AndroidRuntime(11920): Kernel Release Version: 3.10.20-gf818079
02-25 21:00:19.099 I/dalvikvm(11920): No library specified. The standard exception handler will be used
02-25 21:00:19.099 I/dalvikvm(11920): 
02-25 21:00:19.099 I/dalvikvm(11920): +++++++++++++ Using PCG. +++++++++++++++++++++
02-25 21:00:19.109 D/dalvikvm(11920): Trying to load lib libjavacore.so 0x0
02-25 21:00:19.109 D/dalvikvm(11920): Added shared lib libjavacore.so 0x0
02-25 21:00:19.119 D/dalvikvm(11920): Trying to load lib libnativehelper.so 0x0
02-25 21:00:19.119 D/dalvikvm(11920): Added shared lib libnativehelper.so 0x0
02-25 21:00:19.119 D/dalvikvm(11920): No JNI_OnLoad found in libnativehelper.so 0x0, skipping init
02-25 21:00:19.119 D/dalvikvm(11920): Extra Options: not specified
02-25 21:00:19.129 D/dalvikvm(11920): Note: class Landroid/app/ActivityManagerNative; has 186 unimplemented (abstract) methods
02-25 21:00:19.209 E/memtrack(11920): Couldn't load memtrack module (No such file or directory)
02-25 21:00:19.209 E/android.os.Debug(11920): failed to load memtrack module: -2
02-25 21:00:19.249 D/AndroidRuntime(11920): Calling main entry com.android.commands.am.Am
--------- beginning of /dev/log/system
02-25 21:00:19.259 V/DeadZone(  567): consuming errant click: (632.50586,4.074951)
02-25 21:00:19.269 D/AndroidRuntime(11920): Shutting down VM
02-25 21:00:19.269 I/ActivityManager(  506): Force stopping org.xwalk.webapi_noneservice_tests appid=10301 user=0: from pid 11920
02-25 21:00:19.279 D/dalvikvm(11920): GC_CONCURRENT freed 112K, 16% free 666K/792K, paused 1ms+0ms, total 2ms
02-25 21:00:19.279 D/dalvikvm(11920): Compiler shutdown in progress - discarding request
02-25 21:00:19.279 D/dalvikvm(11920): Compiler shutdown in progress - discarding request
02-25 21:00:19.279 D/dalvikvm(11920): Compiler shutdown in progress - discarding request
02-25 21:00:19.279 D/dalvikvm(11920): Compiler shutdown in progress - discarding request
02-25 21:00:19.279 D/dalvikvm(11920): Compiler shutdown in progress - discarding request
02-25 21:00:19.279 D/dalvikvm(11920): Compiler shutdown in progress - discarding request
02-25 21:00:19.279 D/dalvikvm(11920): Compiler shutdown in progress - discarding request
02-25 21:00:19.279 D/dalvikvm(11920): Compiler shutdown in progress - discarding request
02-25 21:00:19.279 D/dalvikvm(11920): Compiler shutdown in progress - discarding request
02-25 21:00:19.279 D/dalvikvm(11920): Compiler shutdown in progress - discarding request
02-25 21:00:19.279 D/dalvikvm(11920): Compiler shutdown in progress - discarding request
02-25 21:00:19.279 D/dalvikvm(11920): Compiler shutdown in progress - discarding request
02-25 21:00:19.279 D/dalvikvm(11920): Compiler shutdown in progress - discarding request
02-25 21:00:19.279 D/dalvikvm(11920): Compiler shutdown in progress - discarding request
02-25 21:00:19.279 D/dalvikvm(11920): Compiler shutdown in progress - discarding request
02-25 21:00:19.279 D/dalvikvm(11920): Compiler shutdown in progress - discarding request
02-25 21:00:19.279 D/dalvikvm(11920): Compiler shutdown in progress - discarding request
02-25 21:00:19.279 D/dalvikvm(11920): Compiler shutdown in progress - discarding request
02-25 21:00:19.279 D/dalvikvm(11920): Compiler shutdown in progress - discarding request
02-25 21:00:19.279 D/dalvikvm(11920): Compiler shutdown in progress - discarding request
02-25 21:00:19.279 D/dalvikvm(11920): Compiler shutdown in progress - discarding request
02-25 21:00:19.279 D/dalvikvm(11920): Compiler shutdown in progress - discarding request
02-25 21:00:19.279 D/dalvikvm(11920): Compiler shutdown in progress - discarding request
02-25 21:00:19.279 D/dalvikvm(11920): Compiler shutdown in progress - discarding request
02-25 21:00:19.279 D/dalvikvm(11920): Compiler shutdown in progress - discarding request
02-25 21:00:19.279 D/dalvikvm(11920): Compiler shutdown in progress - discarding request
02-25 21:00:19.279 D/dalvikvm(11920): Compiler shutdown in progress - discarding request
02-25 21:00:19.279 D/dalvikvm(11920): Compiler shutdown in progress - discarding request
02-25 21:00:19.279 D/dalvikvm(11920): Compiler shutdown in progress - discarding request
02-25 21:00:19.279 D/dalvikvm(11920): Compiler shutdown in progress - discarding request
02-25 21:00:19.279 D/dalvikvm(11920): Compiler shutdown in progress - discarding request
02-25 21:00:19.279 D/dalvikvm(11920): Compiler shutdown in progress - discarding request
02-25 21:00:19.279 D/dalvikvm(11920): Compiler shutdown in progress - discarding request
02-25 21:00:19.279 D/dalvikvm(11920): Compiler shutdown in progress - discarding request
02-25 21:00:19.279 D/dalvikvm(11920): Compiler shutdown in progress - discarding request
02-25 21:00:19.279 D/dalvikvm(11920): Compiler shutdown in progress - discarding request
02-25 21:00:19.279 D/dalvikvm(11920): Compiler shutdown in progress - discarding request
02-25 21:00:19.279 D/dalvikvm(11920): Compiler shutdown in progress - discarding request
02-25 21:00:19.279 D/dalvikvm(11920): Compiler shutdown in progress - discarding request
02-25 21:00:19.279 D/dalvikvm(11920): Compiler shutdown in progress - discarding request
02-25 21:00:19.279 D/dalvikvm(11920): Compiler shutdown in progress - discarding request
02-25 21:00:19.279 D/dalvikvm(11920): Compiler shutdown in progress - discarding request
02-25 21:00:19.279 D/dalvikvm(11920): Compiler shutdown in progress - discarding request
02-25 21:00:19.279 D/dalvikvm(11920): Compiler shutdown in progress - discarding request
02-25 21:00:19.279 D/dalvikvm(11920): Compiler shutdown in progress - discarding request
02-25 21:00:19.279 D/dalvikvm(11920): Compiler shutdown in progress - discarding request
02-25 21:00:19.279 D/dalvikvm(11920): Compiler shutdown in progress - discarding request
02-25 21:00:19.879 D/AndroidRuntime(11931): 
02-25 21:00:19.879 D/AndroidRuntime(11931): >>>>>> AndroidRuntime START com.android.internal.os.RuntimeInit <<<<<<
02-25 21:00:19.879 D/AndroidRuntime(11931): CheckJNI is OFF
02-25 21:00:19.879 I/AndroidRuntime(11931): Kernel Release Version: 3.10.20-gf818079
02-25 21:00:19.879 I/dalvikvm(11931): No library specified. The standard exception handler will be used
02-25 21:00:19.879 I/dalvikvm(11931): 
02-25 21:00:19.879 I/dalvikvm(11931): +++++++++++++ Using PCG. +++++++++++++++++++++
02-25 21:00:19.889 D/dalvikvm(11931): Trying to load lib libjavacore.so 0x0
02-25 21:00:19.889 D/dalvikvm(11931): Added shared lib libjavacore.so 0x0
02-25 21:00:19.889 D/dalvikvm(11931): Trying to load lib libnativehelper.so 0x0
02-25 21:00:19.889 D/dalvikvm(11931): Added shared lib libnativehelper.so 0x0
02-25 21:00:19.889 D/dalvikvm(11931): No JNI_OnLoad found in libnativehelper.so 0x0, skipping init
02-25 21:00:19.899 D/dalvikvm(11931): Extra Options: not specified
02-25 21:00:19.909 D/dalvikvm(11931): Note: class Landroid/app/ActivityManagerNative; has 186 unimplemented (abstract) methods
02-25 21:00:19.979 E/memtrack(11931): Couldn't load memtrack module (No such file or directory)
02-25 21:00:19.979 E/android.os.Debug(11931): failed to load memtrack module: -2
02-25 21:00:20.019 D/AndroidRuntime(11931): Calling main entry com.android.commands.am.Am
02-25 21:00:20.049 D/AndroidRuntime(11931): Shutting down VM
02-25 21:00:20.049 I/ActivityManager(  506): START u0 {flg=0x10000000 cmp=org.xwalk.webapi_noneservice_tests/.webapi_noneservice_testsActivity} from pid 11931
02-25 21:00:20.059 D/dalvikvm(11931): GC_CONCURRENT freed 117K, 16% free 702K/832K, paused 0ms+0ms, total 1ms
02-25 21:00:20.059 D/dalvikvm(11931): Compiler shutdown in progress - discarding request
02-25 21:00:20.059 D/dalvikvm(11931): Compiler shutdown in progress - discarding request
02-25 21:00:20.059 D/dalvikvm(11931): Compiler shutdown in progress - discarding request
02-25 21:00:20.059 D/dalvikvm(11931): Compiler shutdown in progress - discarding request
02-25 21:00:20.059 D/dalvikvm(11931): Compiler shutdown in progress - discarding request
02-25 21:00:20.059 D/dalvikvm(11931): Compiler shutdown in progress - discarding request
02-25 21:00:20.059 D/dalvikvm(11931): Compiler shutdown in progress - discarding request
02-25 21:00:20.059 D/dalvikvm(11931): Compiler shutdown in progress - discarding request
02-25 21:00:20.059 D/dalvikvm(11931): Compiler shutdown in progress - discarding request
02-25 21:00:20.059 D/dalvikvm(11931): Compiler shutdown in progress - discarding request
02-25 21:00:20.059 D/dalvikvm(11931): Compiler shutdown in progress - discarding request
02-25 21:00:20.059 D/dalvikvm(11931): Compiler shutdown in progress - discarding request
02-25 21:00:20.059 D/dalvikvm(11931): Compiler shutdown in progress - discarding request
02-25 21:00:20.059 D/dalvikvm(11931): Compiler shutdown in progress - discarding request
02-25 21:00:20.059 D/dalvikvm(11931): Compiler shutdown in progress - discarding request
02-25 21:00:20.059 D/dalvikvm(11931): Compiler shutdown in progress - discarding request
02-25 21:00:20.059 D/dalvikvm(11931): Compiler shutdown in progress - discarding request
02-25 21:00:20.059 D/dalvikvm(11931): Compiler shutdown in progress - discarding request
02-25 21:00:20.059 D/dalvikvm(11931): Compiler shutdown in progress - discarding request
02-25 21:00:20.059 D/dalvikvm(11931): Compiler shutdown in progress - discarding request
02-25 21:00:20.059 D/dalvikvm(11931): Compiler shutdown in progress - discarding request
02-25 21:00:20.059 D/dalvikvm(11931): Compiler shutdown in progress - discarding request
02-25 21:00:20.059 D/dalvikvm(11931): Compiler shutdown in progress - discarding request
02-25 21:00:20.059 D/dalvikvm(11931): Compiler shutdown in progress - discarding request
02-25 21:00:20.059 D/dalvikvm(11931): Compiler shutdown in progress - discarding request
02-25 21:00:20.059 D/dalvikvm(11931): Compiler shutdown in progress - discarding request
02-25 21:00:20.059 D/dalvikvm(11931): Compiler shutdown in progress - discarding request
02-25 21:00:20.059 D/dalvikvm(11931): Compiler shutdown in progress - discarding request
02-25 21:00:20.059 D/dalvikvm(11931): Compiler shutdown in progress - discarding request
02-25 21:00:20.059 D/dalvikvm(11931): Compiler shutdown in progress - discarding request
02-25 21:00:20.059 D/dalvikvm(11931): Compiler shutdown in progress - discarding request
02-25 21:00:20.059 D/dalvikvm(11931): Compiler shutdown in progress - discarding request
02-25 21:00:20.059 D/dalvikvm(11931): Compiler shutdown in progress - discarding request
02-25 21:00:20.059 D/dalvikvm(11931): Compiler shutdown in progress - discarding request
02-25 21:00:20.059 D/dalvikvm(11931): Compiler shutdown in progress - discarding request
02-25 21:00:20.059 D/dalvikvm(11931): Compiler shutdown in progress - discarding request
02-25 21:00:20.059 D/dalvikvm(11931): Compiler shutdown in progress - discarding request
02-25 21:00:20.059 D/dalvikvm(11931): Compiler shutdown in progress - discarding request
02-25 21:00:20.059 D/dalvikvm(11931): Compiler shutdown in progress - discarding request
02-25 21:00:20.059 D/dalvikvm(11931): Compiler shutdown in progress - discarding request
02-25 21:00:20.059 D/dalvikvm(11931): Compiler shutdown in progress - discarding request
02-25 21:00:20.059 D/dalvikvm(11931): Compiler shutdown in progress - discarding request
02-25 21:00:20.059 D/dalvikvm(11931): Compiler shutdown in progress - discarding request
02-25 21:00:20.059 D/dalvikvm(11931): Compiler shutdown in progress - discarding request
02-25 21:00:20.279 I/AudioPolicyManagerBase(  183): APM: getOutput
02-25 21:00:20.279 I/AudioPolicyManagerBase(  183): APM: getOutput
02-25 21:00:20.279 I/AudioPolicyManagerBase(  183): APM: getOutput
02-25 21:00:20.279 W/AudioTrack(  506): AUDIO_OUTPUT_FLAG_FAST denied by client
02-25 21:00:20.289 V/ContextImpl(  506): ----- packageName = com.asus.launcher is NOT LOCKED -----
02-25 21:00:20.289 D/AudioPolicyManagerALSA(  183): startOutput() output 2, stream type 1, session 28
02-25 21:00:20.289 I/ActivityManager(  506): START u0 {act=android.intent.action.MAIN cat=[android.intent.category.HOME] flg=0x10200000 cmp=com.asus.launcher/com.android.launcher3.Launcher} from pid 506
02-25 21:00:20.299 D/MaxxAudioService(  799): Recieve intent : com.asus.audiowizard_close_view
02-25 21:00:20.299 D/MaxxAudioService(  799): Received home/back key event
02-25 21:00:20.299 D/MaxxAudioService(  799): Update maxxaudio state.
02-25 21:00:20.299 D/WindowManager(  506): adjustConfigurationLw, config:{1.0 ?mcc?mnc ?locale ?layoutDir sw600dp w961dp h528dp 213dpi lrg land ?uimode ?night finger -keyb/v/h -nav/v} mLidState:1 mHasDockFeature:false mHasKeyboardFeature:false mHasHallSensorFeature:true config.hardKeyboardHidden:2
02-25 21:00:20.299 D/MaxxAudioService(  799): Should close view
02-25 21:00:20.299 D/AudioHardwareALSA(  183): setStreamParameters: key value pair routing=2;stream_flags=2
02-25 21:00:20.299 D/RouteManager(  183): setOutputFlags: output flags = 0x2 (Prev Flags=0x2)
02-25 21:00:20.299 D/RouteManager(  183): setDevices: 0x2
02-25 21:00:20.299 D/RouteManager(  183): setDevices: 0x2
02-25 21:00:20.299 D/RouteManager(  183): setDevices: set device = IHF to output stream
02-25 21:00:20.299 D/RouteManager(  183): setStreamParameters: identical Platform State, do not reconsider routing
02-25 21:00:20.299 I/ActivityManager(  506): [TopPkgCurBat]	NowPkgName[com.asus.launcher]	Battery[71]	TimeTick[1424869220309]	OldPkgName[com.asus.email]
02-25 21:00:20.309 D/AudioResamplerIA(  183): Create AudioResamplerIA Resampler: Input rate 44100, output rate 48000
02-25 21:00:20.329 D/        ( 6473): Pixel Format : GGL_PIXEL_FORMAT_RGBA_8888
02-25 21:00:20.339 D/XT9IME  ( 6145): new subtype :zh_CN ,pinyin
02-25 21:00:20.399 D/Launcher( 6473): bindAppsUpdated start
02-25 21:00:20.399 D/ImageWallpaper(  567): onVisibilityChanged: mVisible, visible=false, true
02-25 21:00:20.399 D/ImageWallpaper(  567): Visibility changed to visible=true
02-25 21:00:20.399 D/ImageWallpaper(  567): Suppressed drawFrame since redraw is not needed and offsets have not changed.
02-25 21:00:20.419 D/        ( 9537): Surface destroy: ANDROID_NATIVE_WINDOW_MAGIC
02-25 21:00:20.429 D/Launcher( 6473): bindAppsUpdated finished
02-25 21:00:20.429 D/BatteryStatsImpl(  506): noteStopWakeLocked system isFromForeground = false
02-25 21:00:20.489 D/AndroidRuntime(11944): 
02-25 21:00:20.489 D/AndroidRuntime(11944): >>>>>> AndroidRuntime START com.android.internal.os.RuntimeInit <<<<<<
02-25 21:00:20.489 D/AndroidRuntime(11944): CheckJNI is OFF
02-25 21:00:20.489 I/AndroidRuntime(11944): Kernel Release Version: 3.10.20-gf818079
02-25 21:00:20.489 I/dalvikvm(11944): No library specified. The standard exception handler will be used
02-25 21:00:20.489 I/dalvikvm(11944): 
02-25 21:00:20.489 I/dalvikvm(11944): +++++++++++++ Using PCG. +++++++++++++++++++++
02-25 21:00:20.499 D/dalvikvm(11944): Trying to load lib libjavacore.so 0x0
02-25 21:00:20.499 D/dalvikvm(11944): Added shared lib libjavacore.so 0x0
02-25 21:00:20.509 D/dalvikvm(11944): Trying to load lib libnativehelper.so 0x0
02-25 21:00:20.509 D/dalvikvm(11944): Added shared lib libnativehelper.so 0x0
02-25 21:00:20.509 D/dalvikvm(11944): No JNI_OnLoad found in libnativehelper.so 0x0, skipping init
02-25 21:00:20.509 D/dalvikvm(11944): Extra Options: not specified
02-25 21:00:20.519 D/dalvikvm(11944): Note: class Landroid/app/ActivityManagerNative; has 186 unimplemented (abstract) methods
02-25 21:00:20.519 D/Launcher.LauncherProvider( 6473): notifyChange
02-25 21:00:20.529 D/Launcher( 6473): bindAppsUpdated start
02-25 21:00:20.539 D/Launcher( 6473): bindAppsUpdated finished
02-25 21:00:20.599 E/memtrack(11944): Couldn't load memtrack module (No such file or directory)
02-25 21:00:20.599 E/android.os.Debug(11944): failed to load memtrack module: -2
02-25 21:00:20.639 D/AndroidRuntime(11944): Calling main entry com.android.commands.am.Am
02-25 21:00:20.669 D/AndroidRuntime(11944): Shutting down VM
02-25 21:00:20.669 I/SecurityManagerService(  680): SMS received security event: App[START/org.xwalk.webapi_noneservice_tests]
02-25 21:00:20.669 I/ActivityManager(  506): START u0 {flg=0x10000000 cmp=org.xwalk.webapi_noneservice_tests/.webapi_noneservice_tests} from pid 11944
02-25 21:00:20.679 D/dalvikvm(11944): GC_CONCURRENT freed 114K, 16% free 701K/832K, paused 0ms+0ms, total 2ms
02-25 21:00:20.679 D/dalvikvm(11944): Compiler shutdown in progress - discarding request
02-25 21:00:20.679 D/dalvikvm(11944): Compiler shutdown in progress - discarding request
02-25 21:00:20.679 D/dalvikvm(11944): Compiler shutdown in progress - discarding request
02-25 21:00:20.679 D/dalvikvm(11944): Compiler shutdown in progress - discarding request
02-25 21:00:20.679 D/dalvikvm(11944): Compiler shutdown in progress - discarding request
02-25 21:00:20.679 D/dalvikvm(11944): Compiler shutdown in progress - discarding request
02-25 21:00:20.679 D/dalvikvm(11944): Compiler shutdown in progress - discarding request
02-25 21:00:20.679 D/dalvikvm(11944): Compiler shutdown in progress - discarding request
02-25 21:00:20.679 D/dalvikvm(11944): Compiler shutdown in progress - discarding request
02-25 21:00:20.679 D/dalvikvm(11944): Compiler shutdown in progress - discarding request
02-25 21:00:20.679 D/dalvikvm(11944): Compiler shutdown in progress - discarding request
02-25 21:00:20.679 D/dalvikvm(11944): Compiler shutdown in progress - discarding request
02-25 21:00:20.679 D/dalvikvm(11944): Compiler shutdown in progress - discarding request
02-25 21:00:20.679 D/dalvikvm(11944): Compiler shutdown in progress - discarding request
02-25 21:00:20.679 D/dalvikvm(11944): Compiler shutdown in progress - discarding request
02-25 21:00:20.679 D/dalvikvm(11944): Compiler shutdown in progress - discarding request
02-25 21:00:20.679 D/dalvikvm(11944): Compiler shutdown in progress - discarding request
02-25 21:00:20.679 D/dalvikvm(11944): Compiler shutdown in progress - discarding request
02-25 21:00:20.679 D/dalvikvm(11944): Compiler shutdown in progress - discarding request
02-25 21:00:20.679 D/dalvikvm(11944): Compiler shutdown in progress - discarding request
02-25 21:00:20.679 D/dalvikvm(11944): Compiler shutdown in progress - discarding request
02-25 21:00:20.679 D/dalvikvm(11944): Compiler shutdown in progress - discarding request
02-25 21:00:20.679 D/dalvikvm(11944): Compiler shutdown in progress - discarding request
02-25 21:00:20.679 D/dalvikvm(11944): Compiler shutdown in progress - discarding request
02-25 21:00:20.679 D/dalvikvm(11944): Compiler shutdown in progress - discarding request
02-25 21:00:20.679 D/dalvikvm(11944): Compiler shutdown in progress - discarding request
02-25 21:00:20.679 D/dalvikvm(11944): Compiler shutdown in progress - discarding request
02-25 21:00:20.679 D/dalvikvm(11944): Compiler shutdown in progress - discarding request
02-25 21:00:20.679 D/dalvikvm(11944): Compiler shutdown in progress - discarding request
02-25 21:00:20.679 D/dalvikvm(11944): Compiler shutdown in progress - discarding request
02-25 21:00:20.679 D/dalvikvm(11944): Compiler shutdown in progress - discarding request
02-25 21:00:20.679 D/dalvikvm(11944): Compiler shutdown in progress - discarding request
02-25 21:00:20.679 D/dalvikvm(11944): Compiler shutdown in progress - discarding request
02-25 21:00:20.679 D/dalvikvm(11944): Compiler shutdown in progress - discarding request
02-25 21:00:20.679 D/dalvikvm(11944): Compiler shutdown in progress - discarding request
02-25 21:00:20.679 D/dalvikvm(11944): Compiler shutdown in progress - discarding request
02-25 21:00:20.679 D/dalvikvm(11944): Compiler shutdown in progress - discarding request
02-25 21:00:20.679 D/dalvikvm(11944): Compiler shutdown in progress - discarding request
02-25 21:00:20.679 D/dalvikvm(11944): Compiler shutdown in progress - discarding request
02-25 21:00:20.679 D/dalvikvm(11944): Compiler shutdown in progress - discarding request
02-25 21:00:20.679 D/dalvikvm(11944): Compiler shutdown in progress - discarding request
02-25 21:00:20.679 D/dalvikvm(11944): Compiler shutdown in progress - discarding request
02-25 21:00:20.679 D/dalvikvm(11944): Compiler shutdown in progress - discarding request
02-25 21:00:20.679 D/dalvikvm(11944): Compiler shutdown in progress - discarding request
02-25 21:00:20.679 D/dalvikvm(11944): Compiler shutdown in progress - discarding request
02-25 21:00:20.679 I/ActivityManager(  506): Start proc org.xwalk.webapi_noneservice_tests for activity org.xwalk.webapi_noneservice_tests/.webapi_noneservice_tests: pid=11956 uid=10301 gids={50301, 3003, 1028, 1015}
02-25 21:00:20.689 D/dalvikvm(11956): Late-enabling CheckJNI
02-25 21:00:20.689 D/dalvikvm(11956): Try to disable coredump for pid 11956
02-25 21:00:20.689 D/dalvikvm(11956): Process 11956 nice name: org.xwalk.webapi_noneservice_tests
02-25 21:00:20.689 D/dalvikvm(11956): Extra Options: not specified
02-25 21:00:20.689 D/        ( 9537): Pixel Format : GGL_PIXEL_FORMAT_RGBA_8888
02-25 21:00:20.769 D/WindowManager(  506): adjustConfigurationLw, config:{1.0 ?mcc?mnc ?locale ?layoutDir sw600dp w961dp h528dp 213dpi lrg land ?uimode ?night finger -keyb/v/h -nav/v} mLidState:1 mHasDockFeature:false mHasKeyboardFeature:false mHasHallSensorFeature:true config.hardKeyboardHidden:2
02-25 21:00:20.769 I/ActivityManager(  506): [TopPkgCurBat]	NowPkgName[org.xwalk.webapi_noneservice_tests]	Battery[71]	TimeTick[1424869220783]	OldPkgName[com.asus.launcher]
02-25 21:00:20.789 D/        ( 6473): Surface destroy: ANDROID_NATIVE_WINDOW_MAGIC
02-25 21:00:20.819 I/CordovaLog(11956): Changing log level to DEBUG(3)
02-25 21:00:20.819 D/CordovaActivity(11956): CordovaActivity.init()
02-25 21:00:20.829 D/dalvikvm(11956): Trying to load lib /data/app-lib/org.xwalk.webapi_noneservice_tests-1/libxwalkcore.so 0x43d7f7b0
02-25 21:00:20.849 D/dalvikvm(11956): Added shared lib /data/app-lib/org.xwalk.webapi_noneservice_tests-1/libxwalkcore.so 0x43d7f7b0
02-25 21:00:20.849 I/LibraryLoader(11956): Time to load native libraries: 25 ms (timestamps 1393-1418)
02-25 21:00:20.849 I/LibraryLoader(11956): Expected native library version number "",actual native library version number ""
02-25 21:00:20.879 I/LibraryLoader(11956): Expected native library version number "",actual native library version number ""
02-25 21:00:20.879 I/chromium(11956): [INFO:library_loader_hooks.cc(112)] Chromium logging enabled: level = 0, default verbosity = 0
02-25 21:00:20.879 I/BrowserStartupController(11956): Initializing chromium process, singleProcess=true
02-25 21:00:21.099 D/ImageWallpaper(  567): onVisibilityChanged: mVisible, visible=true, false
02-25 21:00:21.099 D/ImageWallpaper(  567): Visibility changed to visible=false
02-25 21:00:21.099 D/ImageWallpaper(  567): Suppressed drawFrame since redraw is not needed and offsets have not changed.
02-25 21:00:21.319 W/chromium(11956): [WARNING:dns_config_service_posix.cc(293)] Failed to read DnsConfig.
02-25 21:00:21.319 W/AudioManagerAndroid(11956): Requires BLUETOOTH permission
02-25 21:00:21.329 I/ufoGralloc(11956): Hello, this is UFO GRALLOC/Intel Corporation
02-25 21:00:21.339 D/        (11956): Pixel Format : GGL_PIXEL_FORMAT_RGBA_8888
02-25 21:00:21.339 D/        (11956): droid_create_context : config id = 1 conf->NativeVisualID=1
02-25 21:00:21.339 D/        (11956): Pixel Format : GGL_PIXEL_FORMAT_RGBA_8888
02-25 21:00:21.339 I/        (11956): Requested context : GLES 2.0
02-25 21:00:21.359 W/chromium(11956): [WARNING:proxy_service.cc(899)] PAC support disabled because there is no system implementation
02-25 21:00:21.369 W/dalvikvm(11956): VFY: unable to find class referenced in signature (Landroid/view/inputmethod/CursorAnchorInfo;)
02-25 21:00:21.369 I/dalvikvm(11956): Could not find method android.view.inputmethod.InputMethodManager.updateCursorAnchorInfo, referenced from method org.chromium.content.browser.input.InputMethodManagerWrapper.updateCursorAnchorInfo
02-25 21:00:21.369 W/dalvikvm(11956): VFY: unable to resolve virtual method 1368: Landroid/view/inputmethod/InputMethodManager;.updateCursorAnchorInfo (Landroid/view/View;Landroid/view/inputmethod/CursorAnchorInfo;)V
02-25 21:00:21.369 D/dalvikvm(11956): VFY: replacing opcode 0x6e at 0x000a
02-25 21:00:21.469 E/cutils  (  163): Failed to mkdirat(/Removable/MicroSD): Read-only file system
02-25 21:00:21.469 W/ContextImpl(11956): Failed to ensure directory: /Removable/MicroSD/Android/data/org.xwalk.webapi_noneservice_tests/cache
02-25 21:00:21.469 W/Vold    (  163): Returning OperationFailed - no handler for errno 30
02-25 21:00:21.479 D/CordovaActivity(11956): CordovaActivity.createViews()
02-25 21:00:21.479 E/chromium(11956): [ERROR:unix_domain_server_socket_posix.cc(106)] Not implemented reached in virtual int net::UnixDomainServerSocket::GetLocalAddress(net::IPEndPoint*) const
02-25 21:00:21.479 D/CordovaWebView(11956): >>> loadUrl(file:///android_asset/www/index.html)
02-25 21:00:21.479 D/PluginManager(11956): init()
02-25 21:00:21.479 E/cutils  (  163): Failed to mkdirat(/Removable/MicroSD): Read-only file system
02-25 21:00:21.479 W/ContextImpl(11956): Failed to ensure directory: /Removable/MicroSD/Android/data/org.xwalk.webapi_noneservice_tests/files
02-25 21:00:21.479 E/cutils  (  163): Failed to mkdirat(/Removable/MicroSD): Read-only file system
02-25 21:00:21.479 W/ContextImpl(11956): Failed to ensure directory: /Removable/MicroSD/Android/data/org.xwalk.webapi_noneservice_tests/cache
02-25 21:00:21.479 D/CordovaWebView(11956): >>> loadUrlNow()
02-25 21:00:21.479 W/Vold    (  163): Returning OperationFailed - no handler for errno 30
02-25 21:00:21.479 W/Vold    (  163): Returning OperationFailed - no handler for errno 30
02-25 21:00:21.489 I/dalvikvm(11956): Could not find method android.app.Activity.finishAndRemoveTask, referenced from method org.chromium.base.ApiCompatibilityUtils.finishAndRemoveTask
02-25 21:00:21.489 W/dalvikvm(11956): VFY: unable to resolve virtual method 6: Landroid/app/Activity;.finishAndRemoveTask ()V
02-25 21:00:21.489 D/dalvikvm(11956): VFY: replacing opcode 0x6e at 0x0006
02-25 21:00:21.489 I/dalvikvm(11956): Could not find method android.os.PowerManager.isInteractive, referenced from method org.chromium.base.ApiCompatibilityUtils.isInteractive
02-25 21:00:21.489 W/dalvikvm(11956): VFY: unable to resolve virtual method 874: Landroid/os/PowerManager;.isInteractive ()Z
02-25 21:00:21.489 D/dalvikvm(11956): VFY: replacing opcode 0x6e at 0x000e
02-25 21:00:21.489 I/dalvikvm(11956): Could not find method android.view.Window.getNavigationBarColor, referenced from method org.chromium.base.ApiCompatibilityUtils.setStatusBarColor
02-25 21:00:21.489 W/dalvikvm(11956): VFY: unable to resolve virtual method 1268: Landroid/view/Window;.getNavigationBarColor ()I
02-25 21:00:21.489 D/dalvikvm(11956): VFY: replacing opcode 0x6e at 0x0010
02-25 21:00:21.489 I/dalvikvm(11956): Could not find method android.view.Window.setStatusBarColor, referenced from method org.chromium.base.ApiCompatibilityUtils.setStatusBarColor
02-25 21:00:21.489 W/dalvikvm(11956): VFY: unable to resolve virtual method 1274: Landroid/view/Window;.setStatusBarColor (I)V
02-25 21:00:21.489 D/dalvikvm(11956): VFY: replacing opcode 0x6e at 0x0019
02-25 21:00:21.489 E/dalvikvm(11956): Could not find class 'android.app.ActivityManager$TaskDescription', referenced from method org.chromium.base.ApiCompatibilityUtils.setTaskDescription
02-25 21:00:21.489 W/dalvikvm(11956): VFY: unable to resolve new-instance 13 (Landroid/app/ActivityManager$TaskDescription;) in Lorg/chromium/base/ApiCompatibilityUtils;
02-25 21:00:21.489 D/dalvikvm(11956): VFY: replacing opcode 0x22 at 0x0006
02-25 21:00:21.489 D/dalvikvm(11956): DexOpt: unable to opt direct call 0x002f at 0x08 in Lorg/chromium/base/ApiCompatibilityUtils;.setTaskDescription
02-25 21:00:21.489 I/chromium(11956): [INFO:xwalk_extension_renderer_controller.cc(47)] EXTENSION PROCESS DISABLED.
02-25 21:00:21.489 D/CordovaActivity(11956): Resuming the App
02-25 21:00:21.499 D/SoftKeyboardDetect(11956): Ignore this event
02-25 21:00:21.519 D/        (11956): droid_create_context : config id = 5 conf->NativeVisualID=1
02-25 21:00:21.519 D/        (11956): Pixel Format : GGL_PIXEL_FORMAT_RGBA_8888
02-25 21:00:21.519 I/        (11956): Requested context : GLES 2.0
02-25 21:00:21.529 D/        (11956): Pixel Format : GGL_PIXEL_FORMAT_RGBA_8888
02-25 21:00:21.529 D/OpenGLRenderer(11956): Enabling debug mode 0
02-25 21:00:21.529 D/        (11956): Pixel Format : GGL_PIXEL_FORMAT_RGBA_8888
02-25 21:00:21.529 D/        (11956): droid_create_context : config id = 1 conf->NativeVisualID=1
02-25 21:00:21.529 D/        (11956): Pixel Format : GGL_PIXEL_FORMAT_RGBA_8888
02-25 21:00:21.529 I/        (11956): Requested context : GLES 2.0
02-25 21:00:21.549 D/XT9IME  ( 6145): new subtype :zh_CN ,pinyin
02-25 21:00:21.549 D/SoftKeyboardDetect(11956): Ignore this event
02-25 21:00:21.579 D/CordovaActivity(11956): onMessage(onPageStarted,file:///android_asset/www/index.html)
02-25 21:00:21.579 W/BindingManager(11956): Cannot call determinedVisibility() - never saw a connection for the pid: 11956
02-25 21:00:21.579 D/BatteryStatsImpl(  506): noteStopWakeLocked system isFromForeground = false
02-25 21:00:21.589 I/ActivityManager(  506): Displayed org.xwalk.webapi_noneservice_tests/.webapi_noneservice_tests: +913ms
02-25 21:00:21.639 D/CordovaActivity(11956): onMessage(onPageFinished,file:///android_asset/www/index.html)
02-25 21:00:22.649 D/CordovaActivity(11956): onMessage(onPageStarted,file:///android_asset/www/index_real.html?testprefix=./)
02-25 21:00:22.709 W/BindingManager(11956): Cannot call determinedVisibility() - never saw a connection for the pid: 11956
02-25 21:00:22.999 I/chromium(11956): [INFO:CONSOLE(0)] "Synchronous XMLHttpRequest on the main thread is deprecated because of its detrimental effects to the end user's experience. For more help, check http://xhr.spec.whatwg.org/.", source:  (0)
02-25 21:00:23.079 D/CordovaActivity(11956): onMessage(onPageFinished,file:///android_asset/www/index_real.html?testprefix=./)
02-25 21:00:23.649 D/CordovaActivity(11956): onMessage(spinner,stop)
02-25 21:00:23.699 D/        (11956): Pixel Format : GGL_PIXEL_FORMAT_RGBA_8888
02-25 21:00:23.699 D/        (11956): droid_create_context : config id = 1 conf->NativeVisualID=1
02-25 21:00:23.699 D/        (11956): Pixel Format : GGL_PIXEL_FORMAT_RGBA_8888
02-25 21:00:23.699 I/        (11956): Requested context : GLES 2.0
02-25 21:00:23.719 D/        (11956): Swap interval set to = 1 value
02-25 21:00:23.829 D/        (11956): Pixel Format : GGL_PIXEL_FORMAT_RGBA_8888
02-25 21:00:23.829 D/        (11956): droid_create_context : config id = 1 conf->NativeVisualID=1
02-25 21:00:23.829 D/        (11956): Pixel Format : GGL_PIXEL_FORMAT_RGBA_8888
02-25 21:00:23.829 I/        (11956): Requested context : GLES 2.0
02-25 21:00:24.299 D/PROPERTY(  183): get media.dump_output.befconv: 0
02-25 21:00:24.299 D/PROPERTY(  183): get media.dump_output.aftconv: 0
02-25 21:00:24.299 D/RouteManager(  183): stopStream: {+++ RECONSIDER ROUTING +++} due to output stream stop event
02-25 21:00:24.299 D/RouteManager(  183): reconsiderRouting
02-25 21:00:24.299 D/EVENT_THREAD(  183): void CEventThread::trig(uint16_t): in
02-25 21:00:24.299 D/EVENT_THREAD(  183): void CEventThread::trig(uint16_t): out
02-25 21:00:24.299 D/RouteManager(  183): doReconsiderRouting:       Platform State:
02-25 21:00:24.299 D/RouteManager(  183): doReconsiderRouting:          -Modem Alive = 0 
02-25 21:00:24.299 D/RouteManager(  183): doReconsiderRouting:          -Modem Call Active = 0 
02-25 21:00:24.299 D/RouteManager(  183): doReconsiderRouting:          -Is Shared I2S glitch free=1 
02-25 21:00:24.299 D/RouteManager(  183): doReconsiderRouting:          -Android Telephony Mode = Normal 
02-25 21:00:24.299 D/RouteManager(  183): doReconsiderRouting:          -RTE MGR HW Mode = Normal 
02-25 21:00:24.299 D/RouteManager(  183): doReconsiderRouting:          -BT Enabled = 1 
02-25 21:00:24.299 D/RouteManager(  183): doReconsiderRouting:          -BT NREC = 0 
02-25 21:00:24.299 D/RouteManager(  183): doReconsiderRouting:          -BT Band = NB 
02-25 21:00:24.299 D/RouteManager(  183): doReconsiderRouting:          -Platform output device = IHF 
02-25 21:00:24.299 D/RouteManager(  183): doReconsiderRouting:          -Platform input device = <none> 
02-25 21:00:24.299 D/RouteManager(  183): doReconsiderRouting:          -Platform input source = None 
02-25 21:00:24.299 D/RouteManager(  183): doReconsiderRouting:          -Platform Band type = NB 
02-25 21:00:24.299 D/RouteManager(  183): doReconsiderRouting:          -Platform Has Direct Stream = no 
02-25 21:00:24.299 D/RouteManager(  183): doReconsiderRouting:          -Platform TTY direction = <none> 
02-25 21:00:24.299 D/RouteManager(  183): doReconsiderRouting:          -Platform HAC Mode = Off 
02-25 21:00:24.299 D/RouteManager(  183): doReconsiderRouting:          -Platform Screen State = On 
02-25 21:00:24.299 D/RouteManager(  183): doReconsiderRouting:          -Platform Context Awareness = false 
02-25 21:00:24.299 D/RouteManager(  183): doReconsiderRouting:          -Platform Always Listening = false 
02-25 21:00:24.299 D/RouteManager(  183): doReconsiderRouting:          -Platform FM State = Off 
02-25 21:00:24.299 D/RouteManager(  183): doReconsiderRouting:          -Platform Bypass Non Linear PP State = Off 
02-25 21:00:24.299 D/RouteManager(  183): doReconsiderRouting:          -Platform Bypass Linear PP State = Off 
02-25 21:00:24.299 D/RouteManager(  183): doReconsiderRouting:          -Platform MicMute = Off 
02-25 21:00:24.299 D/RouteManager(  183): doReconsiderRouting:      Route state:
02-25 21:00:24.299 D/RouteManager(  183): doReconsiderRouting:          -Previously Enabled Route in Input = <none>
02-25 21:00:24.299 D/RouteManager(  183): doReconsiderRouting:          -Previously Enabled Route in Output = Media|HwCodecMedia
02-25 21:00:24.299 D/RouteManager(  183): doReconsiderRouting:          -Selected Route in Input = <none>
02-25 21:00:24.299 D/RouteManager(  183): doReconsiderRouting:          -Selected Route in Output = <none>
02-25 21:00:24.299 D/RouteManager(  183): doReconsiderRouting:          -Route that need reconfiguration in Input = <none>
02-25 21:00:24.299 D/RouteManager(  183): doReconsiderRouting:          -Route that need reconfiguration in Output = <none>
02-25 21:00:24.299 D/RouteManager(  183): executeMuteStage: --------------- Routing Stage = Mute ---------------
02-25 21:00:24.299 D/RouteManager(  183): parameter-framework: Selection criterion changed event: Criterion name: RoutageState, current state: Flow
02-25 21:00:24.299 D/RouteManager(  183): muteRoutes: Expected Routes to be muted in Output = Media|HwCodecMedia
02-25 21:00:24.299 D/RouteManager(  183): parameter-framework: Selection criterion changed event: Criterion name: ClosingPlaybackRoutes, current state: Media|HwCodecMedia
02-25 21:00:24.299 D/RouteManager(  183): parameter-framework: Selection criterion changed event: Criterion name: OpenedPlaybackRoutes, current state: <none>
02-25 21:00:24.299 D/RouteManager(  183): parameter-framework: Configuration application request {
02-25 21:00:24.299 D/RouteManager(  183): parameter-framework:     Applying configurations {
02-25 21:00:24.299 D/RouteManager(  183): parameter-framework:     } Applying configurations
02-25 21:00:24.299 D/RouteManager(  183): parameter-framework: } Configuration application request
02-25 21:00:24.299 D/RouteManager(  183): executeDisableStage: --------------- Routing Stage = Disable ---------------
02-25 21:00:24.299 D/RouteManager(  183): parameter-framework: Selection criterion changed event: Criterion name: RoutageState, current state: Path
02-25 21:00:24.299 D/RouteManager(  183): prepareDisableRoutes: Routes to be disabled(unrouted) in Output = Media|HwCodecMedia
02-25 21:00:24.299 D/ALSAStreamOps(  183): detachRouteL output stream
02-25 21:00:24.299 D/RouteManager/StreamRoute(  183): closePcmDevice called for card (baytrailaudio,0)
02-25 21:00:24.319 D/RouteManager(  183): parameter-framework: Configuration application request {
02-25 21:00:24.319 D/RouteManager(  183): parameter-framework:     Applying configurations {
02-25 21:00:24.319 D/RouteManager(  183): parameter-framework:         Applying configuration "Disable" from domain "Routing.Enable.HWCodec.Playback.IHF"
02-25 21:00:24.319 D/RouteManager(  183): parameter-framework:         Applying configuration "Disable" from domain "Routing.Enable.HWCodec.Playback.Multimedia.IHF"
02-25 21:00:24.319 D/RouteManager(  183): parameter-framework:         Applying configuration "Disable" from domain "Routing.Enable.HWCodec.Playback.Multimedia.Playback"
02-25 21:00:24.329 D/RouteManager(  183): parameter-framework:     } Applying configurations
02-25 21:00:24.329 D/RouteManager(  183): parameter-framework: } Configuration application request
02-25 21:00:24.329 D/RouteManager(  183): executeConfigureStage: --------------- Routing Stage = Configure ---------------
02-25 21:00:24.329 D/RouteManager(  183): parameter-framework: Selection criterion changed event: Criterion name: RoutageState, current state: Configure
02-25 21:00:24.329 D/RouteManager(  183): parameter-framework: Selection criterion changed event: Criterion name: ClosingPlaybackRoutes, current state: <none>
02-25 21:00:24.329 D/RouteManager(  183): parameter-framework: Configuration application request {
02-25 21:00:24.329 D/RouteManager(  183): parameter-framework:     Applying configurations {
02-25 21:00:24.329 D/RouteManager(  183): parameter-framework:         Applying configuration "Deactivated" from domain "Routing.Configure.LPE_Mixer.IHF"
02-25 21:00:24.329 D/RouteManager(  183): parameter-framework:     } Applying configurations
02-25 21:00:24.329 D/RouteManager(  183): parameter-framework: } Configuration application request
02-25 21:00:24.329 D/RouteManager(  183): executeEnableStage: --------------- Routing Stage = Enable ---------------
02-25 21:00:24.329 D/RouteManager(  183): parameter-framework: Selection criterion changed event: Criterion name: RoutageState, current state: Path|Configure
02-25 21:00:24.329 D/RouteManager(  183): parameter-framework: Configuration application request {
02-25 21:00:24.329 D/RouteManager(  183): parameter-framework:     Applying configurations {
02-25 21:00:24.329 D/RouteManager(  183): parameter-framework:     } Applying configurations
02-25 21:00:24.329 D/RouteManager(  183): parameter-framework: } Configuration application request
02-25 21:00:24.329 D/RouteManager(  183): executeUnmuteStage: --------------- Routing Stage = Unmute ---------------
02-25 21:00:24.329 D/RouteManager(  183): parameter-framework: Selection criterion changed event: Criterion name: RoutageState, current state: Flow|Path|Configure
02-25 21:00:24.329 D/RouteManager(  183): parameter-framework: Configuration application request {
02-25 21:00:24.329 D/RouteManager(  183): parameter-framework:     Applying configurations {
02-25 21:00:24.329 D/RouteManager(  183): parameter-framework:     } Applying configurations
02-25 21:00:24.329 D/RouteManager(  183): parameter-framework: } Configuration application request
02-25 21:00:24.329 D/EVENT_THREAD(  183): void CEventThread::run() Do poll with timeout: -1
02-25 21:00:24.329 D/RouteManager(  183): reconsiderRouting: DONE
02-25 21:00:25.089 D/CordovaActivity(11956): onMessage(spinner,stop)
02-25 21:00:28.559 D/BatteryStatsImpl(  506): noteStopWakeLocked system isFromForeground = false
02-25 21:00:39.259 D/dalvikvm(11956): GC_CONCURRENT freed 2306K, 24% free 7477K/9828K, paused 1ms+3ms, total 7ms
02-25 21:00:41.759 W/BindingManager(11956): Cannot call determinedVisibility() - never saw a connection for the pid: 11956
02-25 21:00:42.459 W/BindingManager(11956): Cannot call determinedVisibility() - never saw a connection for the pid: 11956
02-25 21:00:43.149 W/BindingManager(11956): Cannot call determinedVisibility() - never saw a connection for the pid: 11956
02-25 21:00:43.849 W/BindingManager(11956): Cannot call determinedVisibility() - never saw a connection for the pid: 11956
02-25 21:00:44.649 W/BindingManager(11956): Cannot call determinedVisibility() - never saw a connection for the pid: 11956
02-25 21:00:45.359 W/BindingManager(11956): Cannot call determinedVisibility() - never saw a connection for the pid: 11956
02-25 21:00:46.069 W/BindingManager(11956): Cannot call determinedVisibility() - never saw a connection for the pid: 11956
02-25 21:00:46.439 D/EVENT_THREAD(  183): void CEventThread::run() POLLIN event on Fd (1)
02-25 21:00:46.439 D/EVENT_THREAD(  183): void CEventThread::run() Do poll with timeout: -1
02-25 21:00:46.439 D/EVENT_THREAD(  183): void CEventThread::run() POLLIN event on Fd (1)
02-25 21:00:46.439 D/EVENT_THREAD(  183): void CEventThread::run() Do poll with timeout: -1
02-25 21:00:46.449 I/upi_ug31xx(  166): (1826) update_capacity
02-25 21:00:46.449 I/[UPI]   (  166): <UG31/E>[UpiReadCapacity]: V=4022(4011), T=281(282-336), I=-174, C=-4(0--4)
02-25 21:00:46.449 I/[UPI]   (  166): <UG31/E>[UpiReadCapacity]: (0x00012529) 2723 (2751) / 3822 (3822) = 71
02-25 21:00:46.449 I/[UPI]   (  166): <UG31/E>[UpiReadCapacity]: (0x00012529) 2723 (2751) / 3822 (3822) = 71
02-25 21:00:46.449 I/[UPI]   (  166): <UG31/E>[UpiReadCapacity]: (0x00012509) 2723 (2723) / 3822 (3822) = 71
02-25 21:00:46.449 I/[UPI]   (  166): <UG31/E>[RsocFilterCountTime]: (0x00012509) Step=5(343428), Full=5(343428), Lock=343428(1800000)
02-25 21:00:46.449 I/[UPI]   (  166): <UG31/E>[UpiReadCapacity]: (0x00012509) 2723 (2723) / 3822 (3822) = 71 (-174--174)
02-25 21:00:46.449 I/[UPI]   (  166): <UG31/E><BATT> M:normal, P:71(71-71)%, V:4004mV, C:-276mA, T:28.2C(336), S:0x00012509(000), R:2723mAh, F:3822mAh, Q:-489mAh, CC:3, P:30.310(489--4)s, BO:7, 97:615:0-44af-9m:B001-20140514-144301 (16)
02-25 21:00:46.449 I/upi_ug31xx(  166): (1827) backup_data 
02-25 21:00:46.449 V/upi_ug31xx(  166): state->check_backup_count = 10
02-25 21:00:46.759 D/EVENT_THREAD(  183): void CEventThread::run() POLLIN event on Fd (1)
02-25 21:00:46.759 D/EVENT_THREAD(  183): void CEventThread::run() Do poll with timeout: -1
02-25 21:00:46.759 D/EVENT_THREAD(  183): void CEventThread::run() POLLIN event on Fd (1)
02-25 21:00:46.759 D/EVENT_THREAD(  183): void CEventThread::run() Do poll with timeout: -1
02-25 21:00:46.769 W/BindingManager(11956): Cannot call determinedVisibility() - never saw a connection for the pid: 11956
02-25 21:00:46.859 I/upi_ug31xx(  166): (1828) update_capacity
02-25 21:00:46.859 I/[UPI]   (  166): <UG31/E>[UpiReadCapacity]: V=4014(3998), T=281(282-337), I=-225, C=0(0--4)
02-25 21:00:46.859 I/[UPI]   (  166): <UG31/E>[UpiReadCapacity]: (0x0001254a) 2723 (2751) / 3822 (3822) = 71
02-25 21:00:46.859 I/[UPI]   (  166): <UG31/E>[UpiReadCapacity]: (0x0001254a) 2723 (2751) / 3822 (3822) = 71
02-25 21:00:46.859 I/[UPI]   (  166): <UG31/E>[UpiReadCapacity]: (0x0001254a) 2723 (2723) / 3822 (3822) = 71
02-25 21:00:46.859 I/[UPI]   (  166): <UG31/E>[RsocFilterCountTime]: (0x0001254a) Step=5(343778), Full=5(343778), Lock=343778(1800000)
02-25 21:00:46.859 I/[UPI]   (  166): <UG31/E>[UpiReadCapacity]: (0x0001254a) 2723 (2723) / 3822 (3822) = 71 (-225--225)
02-25 21:00:46.859 I/[UPI]   (  166): <UG31/E><BATT> M:normal, P:71(71-71)%, V:3992mV, C:-276mA, T:28.2C(337), S:0x0001254a(000), R:2723mAh, F:3822mAh, Q:-489mAh, CC:3, P:0.350(489--4)s, BO:7, 97:615:0-44af-9m:B001-20140514-144301 (16)
02-25 21:00:46.959 I/upi_ug31xx(  166): (1829) backup_data 
02-25 21:00:46.959 V/upi_ug31xx(  166): state->check_backup_count = 11
02-25 21:00:46.959 D/EVENT_THREAD(  183): void CEventThread::run() POLLIN event on Fd (1)
02-25 21:00:46.959 D/EVENT_THREAD(  183): void CEventThread::run() Do poll with timeout: -1
02-25 21:00:47.479 W/BindingManager(11956): Cannot call determinedVisibility() - never saw a connection for the pid: 11956
02-25 21:00:48.259 W/BindingManager(11956): Cannot call determinedVisibility() - never saw a connection for the pid: 11956
02-25 21:00:49.709 W/BindingManager(11956): Cannot call determinedVisibility() - never saw a connection for the pid: 11956
02-25 21:00:56.629 D/wpa_supplicant(  642): wlan0: Starting AP scan for wildcard SSID
02-25 21:00:56.629 D/wpa_supplicant(  642): WPS: Building WPS IE for Probe Request
02-25 21:00:56.629 D/wpa_supplicant(  642): WPS:  * Version (hardcoded 0x10)
02-25 21:00:56.629 D/wpa_supplicant(  642): WPS:  * Request Type
02-25 21:00:56.629 D/wpa_supplicant(  642): WPS:  * Config Methods (4288)
02-25 21:00:56.629 D/wpa_supplicant(  642): WPS:  * UUID-E
02-25 21:00:56.629 D/wpa_supplicant(  642): WPS:  * Primary Device Type
02-25 21:00:56.629 D/wpa_supplicant(  642): WPS:  * RF Bands (1)
02-25 21:00:56.629 D/wpa_supplicant(  642): WPS:  * Association State
02-25 21:00:56.629 D/wpa_supplicant(  642): WPS:  * Configuration Error (0)
02-25 21:00:56.629 D/wpa_supplicant(  642): WPS:  * Device Password ID (0)
