02-25 20:39:16.659 I/[UPI]   (  166): <UG31/E>[upi_lib_backup_data]: Driver backup data not ready.
02-25 20:39:17.529 W/BindingManager( 9704): Cannot call determinedVisibility() - never saw a connection for the pid: 9704
02-25 20:39:17.559 I/chromium( 9704): [INFO:CONSOLE(46)] "Uncaught ReferenceError: SharedWorker is not defined", source: file:///android_asset/www//opt/tct-workers-w3c-tests/workers/SharedWorkerLocation_hostname.html (46)
02-25 20:39:23.489 W/BindingManager( 9704): Cannot call determinedVisibility() - never saw a connection for the pid: 9704
02-25 20:39:23.499 I/chromium( 9704): [INFO:CONSOLE(46)] "Uncaught ReferenceError: SharedWorker is not defined", source: file:///android_asset/www//opt/tct-workers-w3c-tests/workers/SharedWorkerEventListener.html (46)
02-25 20:39:29.529 W/BindingManager( 9704): Cannot call determinedVisibility() - never saw a connection for the pid: 9704
02-25 20:39:30.529 W/BindingManager( 9704): Cannot call determinedVisibility() - never saw a connection for the pid: 9704
02-25 20:39:30.549 I/chromium( 9704): [INFO:CONSOLE(46)] "Uncaught ReferenceError: SharedWorker is not defined", source: file:///android_asset/www//opt/tct-workers-w3c-tests/workers/SharedWorkerSimple.html (46)
02-25 20:39:36.499 W/BindingManager( 9704): Cannot call determinedVisibility() - never saw a connection for the pid: 9704
02-25 20:39:37.509 W/BindingManager( 9704): Cannot call determinedVisibility() - never saw a connection for the pid: 9704
02-25 20:39:37.519 I/chromium( 9704): [INFO:CONSOLE(47)] "Uncaught ReferenceError: SharedWorker is not defined", source: file:///android_asset/www//opt/tct-workers-w3c-tests/workers/SharedWorkerLocation.html (47)
02-25 20:39:43.519 W/BindingManager( 9704): Cannot call determinedVisibility() - never saw a connection for the pid: 9704
02-25 20:39:43.559 I/chromium( 9704): [INFO:CONSOLE(47)] "Uncaught ReferenceError: SharedWorker is not defined", source: file:///android_asset/www//opt/tct-workers-w3c-tests/workers/SharedWorkerShared_distinct.html (47)
02-25 20:39:46.689 D/EVENT_THREAD(  183): void CEventThread::run() POLLIN event on Fd (1)
02-25 20:39:46.699 D/EVENT_THREAD(  183): void CEventThread::run() Do poll with timeout: -1
02-25 20:39:47.119 D/EVENT_THREAD(  183): void CEventThread::run() POLLIN event on Fd (1)
02-25 20:39:47.119 D/EVENT_THREAD(  183): void CEventThread::run() Do poll with timeout: -1
02-25 20:39:47.229 I/upi_ug31xx(  166): (1723) update_capacity
02-25 20:39:47.229 I/[UPI]   (  166): <UG31/E>[UpiReadCapacity]: V=4009(4004), T=287(286-334), I=265, C=3(3-0)
02-25 20:39:47.229 I/[UPI]   (  166): <UG31/E>[UpiReadCapacity]: (0x00012565) 2623 (2626) / 3822 (3822) = 69
02-25 20:39:47.229 I/[UPI]   (  166): <UG31/E>[UpiReadCapacity]: (0x00012565) 2623 (2626) / 3822 (3822) = 69
02-25 20:39:47.229 I/[UPI]   (  166): <UG31/E>[UpiReadCapacity]: (0x00012545) 2626 (2626) / 3822 (3822) = 69
02-25 20:39:47.229 I/[UPI]   (  166): <UG31/E>[RsocFilterCountTime]: (0x00012545) Step=1(60603), Full=1(60603), Lock=60603(697231)
02-25 20:39:47.229 I/[UPI]   (  166): <UG31/E>[UpiReadCapacity]: (0x00012545) 2626 (2626) / 3822 (3822) = 69 (265-265)
02-25 20:39:47.229 I/[UPI]   (  166): <UG31/E><BATT> M:normal, P:69(69-69)%, V:4004mV, C:265mA, T:28.6C(334), S:0x00012545(001), R:2626mAh, F:3822mAh, Q:-575mAh, CC:3, P:30.426(575-0)s, BO:7, 97:615:0-44af-9m:B001-20140514-144301 (16)
02-25 20:39:47.279 I/dalvikvm( 6043): Total arena pages for JIT: 16
02-25 20:39:47.279 D/EVENT_THREAD(  183): void CEventThread::run() POLLIN event on Fd (1)
02-25 20:39:47.279 D/EVENT_THREAD(  183): void CEventThread::run() Do poll with timeout: -1
02-25 20:39:47.279 I/upi_ug31xx(  166): (1724) backup_data 
02-25 20:39:47.279 V/upi_ug31xx(  166): state->check_backup_count = 21
02-25 20:39:49.519 W/BindingManager( 9704): Cannot call determinedVisibility() - never saw a connection for the pid: 9704
02-25 20:39:50.529 W/BindingManager( 9704): Cannot call determinedVisibility() - never saw a connection for the pid: 9704
02-25 20:39:52.529 W/BindingManager( 9704): Cannot call determinedVisibility() - never saw a connection for the pid: 9704
02-25 20:39:53.529 W/BindingManager( 9704): Cannot call determinedVisibility() - never saw a connection for the pid: 9704
02-25 20:39:54.529 W/BindingManager( 9704): Cannot call determinedVisibility() - never saw a connection for the pid: 9704
02-25 20:39:56.519 W/BindingManager( 9704): Cannot call determinedVisibility() - never saw a connection for the pid: 9704
02-25 20:39:56.539 I/chromium( 9704): [INFO:CONSOLE(47)] "Uncaught ReferenceError: SharedWorker is not defined", source: file:///android_asset/www//opt/tct-workers-w3c-tests/workers/SharedWorkerLocation_href.html (47)
02-25 20:40:00.019 D/Clock   (  567): ACTION_TIME_TICK
02-25 20:40:00.019 D/Clock   (  567): update clock:下午8:40
02-25 20:40:00.039 D/BatteryStatsImpl(  506): noteStopWakeLocked system isFromForeground = false
02-25 20:40:02.519 W/BindingManager( 9704): Cannot call determinedVisibility() - never saw a connection for the pid: 9704
02-25 20:40:03.529 W/BindingManager( 9704): Cannot call determinedVisibility() - never saw a connection for the pid: 9704
02-25 20:40:04.519 W/BindingManager( 9704): Cannot call determinedVisibility() - never saw a connection for the pid: 9704
02-25 20:40:04.569 I/chromium( 9704): [INFO:CONSOLE(47)] "Uncaught ReferenceError: SharedWorker is not defined", source: file:///android_asset/www//opt/tct-workers-w3c-tests/workers/SharedWorkerLocation_hash.html (47)
02-25 20:40:10.519 W/BindingManager( 9704): Cannot call determinedVisibility() - never saw a connection for the pid: 9704
02-25 20:40:11.519 W/BindingManager( 9704): Cannot call determinedVisibility() - never saw a connection for the pid: 9704
02-25 20:40:12.529 W/BindingManager( 9704): Cannot call determinedVisibility() - never saw a connection for the pid: 9704
02-25 20:40:12.549 I/chromium( 9704): [INFO:CONSOLE(46)] "Uncaught ReferenceError: SharedWorker is not defined", source: file:///android_asset/www//opt/tct-workers-w3c-tests/workers/SharedWorkerNavigator_userAgent.html (46)
02-25 20:40:17.679 D/EVENT_THREAD(  183): void CEventThread::run() POLLIN event on Fd (1)
02-25 20:40:17.679 D/EVENT_THREAD(  183): void CEventThread::run() Do poll with timeout: -1
02-25 20:40:17.689 D/EVENT_THREAD(  183): void CEventThread::run() POLLIN event on Fd (1)
02-25 20:40:17.689 D/EVENT_THREAD(  183): void CEventThread::run() Do poll with timeout: -1
02-25 20:40:17.689 I/upi_ug31xx(  166): (1725) update_capacity
02-25 20:40:17.689 I/[UPI]   (  166): <UG31/E>[UpiReadCapacity]: V=4011(4015), T=286(286-334), I=334, C=2(2-0)
02-25 20:40:17.689 I/[UPI]   (  166): <UG31/E>[UpiReadCapacity]: (0x00012565) 2626 (2628) / 3822 (3822) = 69
02-25 20:40:17.689 I/[UPI]   (  166): <UG31/E>[UpiReadCapacity]: (0x00012565) 2626 (2628) / 3822 (3822) = 69
02-25 20:40:17.689 I/[UPI]   (  166): <UG31/E>[UpiReadCapacity]: (0x00012545) 2628 (2628) / 3822 (3822) = 69
02-25 20:40:17.689 I/[UPI]   (  166): <UG31/E>[RsocFilterCountTime]: (0x00012545) Step=1(91029), Full=1(91029), Lock=91029(553192)
02-25 20:40:17.689 I/[UPI]   (  166): <UG31/E>[UpiReadCapacity]: (0x00012545) 2628 (2628) / 3822 (3822) = 69 (334-334)
02-25 20:40:17.689 I/[UPI]   (  166): <UG31/E><BATT> M:normal, P:69(69-69)%, V:4015mV, C:334mA, T:28.6C(334), S:0x00012545(001), R:2628mAh, F:3822mAh, Q:-573mAh, CC:3, P:30.426(573-0)s, BO:7, 97:615:0-44af-9m:B001-20140514-144301 (16)
02-25 20:40:17.689 I/upi_ug31xx(  166): (1726) backup_data 
02-25 20:40:17.689 V/upi_ug31xx(  166): state->check_backup_count = 1
02-25 20:40:18.539 W/BindingManager( 9704): Cannot call determinedVisibility() - never saw a connection for the pid: 9704
02-25 20:40:19.529 W/BindingManager( 9704): Cannot call determinedVisibility() - never saw a connection for the pid: 9704
02-25 20:40:19.569 I/chromium( 9704): [INFO:CONSOLE(49)] "Uncaught ReferenceError: SharedWorker is not defined", source: file:///android_asset/www//opt/tct-workers-w3c-tests/workers/SharedWorkerLocation_search_fragment.html (49)
02-25 20:40:25.529 W/BindingManager( 9704): Cannot call determinedVisibility() - never saw a connection for the pid: 9704
02-25 20:40:26.529 W/BindingManager( 9704): Cannot call determinedVisibility() - never saw a connection for the pid: 9704
02-25 20:40:27.529 W/BindingManager( 9704): Cannot call determinedVisibility() - never saw a connection for the pid: 9704
02-25 20:40:28.499 W/BindingManager( 9704): Cannot call determinedVisibility() - never saw a connection for the pid: 9704
02-25 20:40:29.589 W/BindingManager( 9704): Cannot call determinedVisibility() - never saw a connection for the pid: 9704
02-25 20:40:30.549 W/BindingManager( 9704): Cannot call determinedVisibility() - never saw a connection for the pid: 9704
02-25 20:40:31.529 W/BindingManager( 9704): Cannot call determinedVisibility() - never saw a connection for the pid: 9704
02-25 20:40:31.579 I/chromium( 9704): [INFO:CONSOLE(46)] "Uncaught ReferenceError: SharedWorker is not defined", source: file:///android_asset/www//opt/tct-workers-w3c-tests/workers/SharedWorkerNavigator_appVersion.html (46)
02-25 20:40:37.529 W/BindingManager( 9704): Cannot call determinedVisibility() - never saw a connection for the pid: 9704
02-25 20:40:38.559 W/BindingManager( 9704): Cannot call determinedVisibility() - never saw a connection for the pid: 9704
02-25 20:40:38.599 I/chromium( 9704): [INFO:CONSOLE(49)] "Uncaught ReferenceError: SharedWorker is not defined", source: file:///android_asset/www//opt/tct-workers-w3c-tests/workers/SharedWorkerLocation_host.html (49)
02-25 20:40:44.529 W/BindingManager( 9704): Cannot call determinedVisibility() - never saw a connection for the pid: 9704
02-25 20:40:45.509 W/BindingManager( 9704): Cannot call determinedVisibility() - never saw a connection for the pid: 9704
02-25 20:40:45.539 I/chromium( 9704): [INFO:CONSOLE(26)] "Uncaught ReferenceError: EvalScript is not defined", source: file:///android_asset/www//opt/tct-workers-w3c-tests/workers/w3c/WorkerLocation_hash_nonexist.htm (26)
02-25 20:40:46.519 W/BindingManager( 9704): Cannot call determinedVisibility() - never saw a connection for the pid: 9704
02-25 20:40:46.859 D/EVENT_THREAD(  183): void CEventThread::run() POLLIN event on Fd (1)
02-25 20:40:46.859 D/EVENT_THREAD(  183): void CEventThread::run() Do poll with timeout: -1
02-25 20:40:47.519 W/BindingManager( 9704): Cannot call determinedVisibility() - never saw a connection for the pid: 9704
02-25 20:40:47.539 I/chromium( 9704): [INFO:CONSOLE(47)] "Uncaught ReferenceError: SharedWorker is not defined", source: file:///android_asset/www//opt/tct-workers-w3c-tests/workers/SharedWorkerLocation_hash_nonexist.html (47)
02-25 20:40:48.129 D/EVENT_THREAD(  183): void CEventThread::run() POLLIN event on Fd (1)
02-25 20:40:48.129 D/EVENT_THREAD(  183): void CEventThread::run() Do poll with timeout: -1
02-25 20:40:48.129 D/EVENT_THREAD(  183): void CEventThread::run() POLLIN event on Fd (1)
02-25 20:40:48.129 D/EVENT_THREAD(  183): void CEventThread::run() Do poll with timeout: -1
02-25 20:40:48.129 I/upi_ug31xx(  166): (1727) update_capacity
02-25 20:40:48.129 I/[UPI]   (  166): <UG31/E>[UpiReadCapacity]: V=4012(4015), T=286(286-333), I=337, C=3(3-0)
02-25 20:40:48.129 I/[UPI]   (  166): <UG31/E>[UpiReadCapacity]: (0x00012565) 2628 (2631) / 3822 (3822) = 69
02-25 20:40:48.129 I/[UPI]   (  166): <UG31/E>[UpiReadCapacity]: (0x00012565) 2628 (2631) / 3822 (3822) = 69
02-25 20:40:48.129 I/[UPI]   (  166): <UG31/E>[UpiReadCapacity]: (0x00012545) 2631 (2631) / 3822 (3822) = 69
02-25 20:40:48.129 I/[UPI]   (  166): <UG31/E>[RsocFilterCountTime]: (0x00012545) Step=2(121331), Full=2(121331), Lock=121331(548268)
02-25 20:40:48.129 I/[UPI]   (  166): <UG31/E>[UpiReadCapacity]: (0x00012545) 2631 (2631) / 3822 (3822) = 69 (337-337)
02-25 20:40:48.129 I/[UPI]   (  166): <UG31/E><BATT> M:normal, P:69(69-69)%, V:4015mV, C:337mA, T:28.6C(333), S:0x00012545(001), R:2631mAh, F:3822mAh, Q:-570mAh, CC:3, P:30.302(570-0)s, BO:7, 97:615:0-44af-9m:B001-20140514-144301 (16)
02-25 20:40:48.129 I/upi_ug31xx(  166): (1728) backup_data 
02-25 20:40:48.129 V/upi_ug31xx(  166): state->check_backup_count = 2
02-25 20:40:53.519 W/BindingManager( 9704): Cannot call determinedVisibility() - never saw a connection for the pid: 9704
02-25 20:40:53.529 I/chromium( 9704): [INFO:CONSOLE(46)] "Uncaught ReferenceError: SharedWorker is not defined", source: file:///android_asset/www//opt/tct-workers-w3c-tests/workers/SharedWorkerNavigator_online.html (46)
02-25 20:40:59.529 W/BindingManager( 9704): Cannot call determinedVisibility() - never saw a connection for the pid: 9704
02-25 20:40:59.549 I/chromium( 9704): [INFO:CONSOLE(47)] "Uncaught ReferenceError: SharedWorker is not defined", source: file:///android_asset/www//opt/tct-workers-w3c-tests/workers/SharedWorkerLocation_hash_encoding.html (47)
02-25 20:41:00.009 D/BatteryStatsImpl(  506): noteStopWakeLocked system isFromForeground = false
02-25 20:41:00.029 D/Clock   (  567): ACTION_TIME_TICK
02-25 20:41:00.029 D/Clock   (  567): update clock:下午8:41
02-25 20:41:00.049 D/BatteryStatsImpl(  506): noteStopWakeLocked system isFromForeground = false
02-25 20:41:05.539 W/BindingManager( 9704): Cannot call determinedVisibility() - never saw a connection for the pid: 9704
02-25 20:41:05.559 I/chromium( 9704): [INFO:CONSOLE(46)] "Uncaught ReferenceError: SharedWorker is not defined", source: file:///android_asset/www//opt/tct-workers-w3c-tests/workers/SharedWorkerLocation_portocol.html (46)
02-25 20:41:11.529 W/BindingManager( 9704): Cannot call determinedVisibility() - never saw a connection for the pid: 9704
02-25 20:41:12.519 W/BindingManager( 9704): Cannot call determinedVisibility() - never saw a connection for the pid: 9704
02-25 20:41:12.539 I/chromium( 9704): [INFO:CONSOLE(50)] "Uncaught ReferenceError: SharedWorker is not defined", source: file:///android_asset/www//opt/tct-workers-w3c-tests/workers/SharedWorkerName.html (50)
02-25 20:41:18.489 D/EVENT_THREAD(  183): void CEventThread::run() POLLIN event on Fd (1)
02-25 20:41:18.489 D/EVENT_THREAD(  183): void CEventThread::run() Do poll with timeout: -1
02-25 20:41:18.489 D/EVENT_THREAD(  183): void CEventThread::run() POLLIN event on Fd (1)
02-25 20:41:18.489 D/EVENT_THREAD(  183): void CEventThread::run() Do poll with timeout: -1
02-25 20:41:18.489 I/upi_ug31xx(  166): (1729) update_capacity
02-25 20:41:18.489 I/[UPI]   (  166): <UG31/E>[UpiReadCapacity]: V=4013(4015), T=286(286-333), I=329, C=3(3-0)
02-25 20:41:18.489 I/[UPI]   (  166): <UG31/E>[UpiReadCapacity]: (0x00012565) 2631 (2634) / 3822 (3822) = 69
02-25 20:41:18.489 I/[UPI]   (  166): <UG31/E>[UpiReadCapacity]: (0x00012565) 2631 (2634) / 3822 (3822) = 69
02-25 20:41:18.489 I/[UPI]   (  166): <UG31/E>[UpiReadCapacity]: (0x00012545) 2634 (2634) / 3822 (3822) = 69
02-25 20:41:18.489 I/[UPI]   (  166): <UG31/E>[RsocFilterCountTime]: (0x00012545) Step=2(151633), Full=2(151633), Lock=151633(561600)
02-25 20:41:18.489 I/[UPI]   (  166): <UG31/E>[UpiReadCapacity]: (0x00012545) 2634 (2634) / 3822 (3822) = 69 (329-329)
02-25 20:41:18.489 I/[UPI]   (  166): <UG31/E><BATT> M:normal, P:69(69-69)%, V:4015mV, C:329mA, T:28.6C(333), S:0x00012545(001), R:2634mAh, F:3822mAh, Q:-567mAh, CC:3, P:30.302(567-0)s, BO:7, 97:615:0-44af-9m:B001-20140514-144301 (16)
02-25 20:41:18.489 I/upi_ug31xx(  166): (1730) backup_data 
02-25 20:41:18.489 V/upi_ug31xx(  166): state->check_backup_count = 3
02-25 20:41:18.499 W/BindingManager( 9704): Cannot call determinedVisibility() - never saw a connection for the pid: 9704
02-25 20:41:19.529 W/BindingManager( 9704): Cannot call determinedVisibility() - never saw a connection for the pid: 9704
02-25 20:41:20.539 W/BindingManager( 9704): Cannot call determinedVisibility() - never saw a connection for the pid: 9704
02-25 20:41:20.549 I/chromium( 9704): [INFO:CONSOLE(48)] "Uncaught ReferenceError: SharedWorker is not defined", source: file:///android_asset/www//opt/tct-workers-w3c-tests/workers/SharedWorkerLocation_search_nonexist.html (48)
02-25 20:41:26.529 W/BindingManager( 9704): Cannot call determinedVisibility() - never saw a connection for the pid: 9704
02-25 20:41:26.569 I/chromium( 9704): [INFO:CONSOLE(26)] "Uncaught ReferenceError: EvalScript is not defined", source: file:///android_asset/www//opt/tct-workers-w3c-tests/workers/w3c/WorkerLocation_hash_encoding.htm (26)
02-25 20:41:27.489 W/BindingManager( 9704): Cannot call determinedVisibility() - never saw a connection for the pid: 9704
02-25 20:41:27.509 I/chromium( 9704): [INFO:CONSOLE(46)] "Uncaught ReferenceError: SharedWorker is not defined", source: file:///android_asset/www//opt/tct-workers-w3c-tests/workers/SharedWorkerLocation_port.html (46)
02-25 20:41:33.529 W/BindingManager( 9704): Cannot call determinedVisibility() - never saw a connection for the pid: 9704
02-25 20:41:35.509 W/BindingManager( 9704): Cannot call determinedVisibility() - never saw a connection for the pid: 9704
02-25 20:41:36.519 W/BindingManager( 9704): Cannot call determinedVisibility() - never saw a connection for the pid: 9704
02-25 20:41:38.509 W/BindingManager( 9704): Cannot call determinedVisibility() - never saw a connection for the pid: 9704
02-25 20:41:39.529 W/BindingManager( 9704): Cannot call determinedVisibility() - never saw a connection for the pid: 9704
02-25 20:41:40.519 W/BindingManager( 9704): Cannot call determinedVisibility() - never saw a connection for the pid: 9704
02-25 20:41:41.569 W/BindingManager( 9704): Cannot call determinedVisibility() - never saw a connection for the pid: 9704
02-25 20:41:41.589 I/chromium( 9704): [INFO:CONSOLE(46)] "Uncaught ReferenceError: SharedWorker is not defined", source: file:///android_asset/www//opt/tct-workers-w3c-tests/workers/SharedWorkerGlobalScope_name.html (46)
02-25 20:41:47.009 D/EVENT_THREAD(  183): void CEventThread::run() POLLIN event on Fd (1)
02-25 20:41:47.009 D/EVENT_THREAD(  183): void CEventThread::run() Do poll with timeout: -1
02-25 20:41:47.509 W/BindingManager( 9704): Cannot call determinedVisibility() - never saw a connection for the pid: 9704
02-25 20:41:48.899 D/EVENT_THREAD(  183): void CEventThread::run() POLLIN event on Fd (1)
02-25 20:41:48.899 D/EVENT_THREAD(  183): void CEventThread::run() Do poll with timeout: -1
02-25 20:41:48.899 I/upi_ug31xx(  166): (1731) update_capacity
02-25 20:41:48.899 I/[UPI]   (  166): <UG31/E>[UpiReadCapacity]: V=4013(4015), T=286(286-333), I=339, C=3(3-0)
02-25 20:41:48.899 I/[UPI]   (  166): <UG31/E>[UpiReadCapacity]: (0x00012565) 2634 (2637) / 3822 (3822) = 69
02-25 20:41:48.899 I/[UPI]   (  166): <UG31/E>[UpiReadCapacity]: (0x00012565) 2634 (2637) / 3822 (3822) = 69
02-25 20:41:48.899 I/[UPI]   (  166): <UG31/E>[UpiReadCapacity]: (0x00012545) 2637 (2637) / 3822 (3822) = 69
02-25 20:41:48.899 I/[UPI]   (  166): <UG31/E>[RsocFilterCountTime]: (0x00012545) Step=3(181935), Full=3(181935), Lock=181935(545033)
02-25 20:41:48.899 I/[UPI]   (  166): <UG31/E>[UpiReadCapacity]: (0x00012545) 2637 (2637) / 3822 (3822) = 69 (339-339)
02-25 20:41:48.899 I/[UPI]   (  166): <UG31/E><BATT> M:normal, P:69(69-69)%, V:4015mV, C:339mA, T:28.6C(333), S:0x00012545(001), R:2637mAh, F:3822mAh, Q:-564mAh, CC:3, P:30.302(564-0)s, BO:7, 97:615:0-44af-9m:B001-20140514-144301 (16)
02-25 20:41:48.899 D/EVENT_THREAD(  183): void CEventThread::run() POLLIN event on Fd (1)
02-25 20:41:48.899 D/EVENT_THREAD(  183): void CEventThread::run() Do poll with timeout: -1
02-25 20:41:48.899 I/upi_ug31xx(  166): (1732) backup_data 
02-25 20:41:48.899 V/upi_ug31xx(  166): state->check_backup_count = 4
02-25 20:41:49.579 W/BindingManager( 9704): Cannot call determinedVisibility() - never saw a connection for the pid: 9704
02-25 20:41:49.599 I/chromium( 9704): [INFO:CONSOLE(46)] "Uncaught ReferenceError: SharedWorker is not defined", source: file:///android_asset/www//opt/tct-workers-w3c-tests/workers/SharedWorkerGlobalScope_onconnect.html (46)
02-25 20:41:55.499 W/BindingManager( 9704): Cannot call determinedVisibility() - never saw a connection for the pid: 9704
02-25 20:41:56.529 W/BindingManager( 9704): Cannot call determinedVisibility() - never saw a connection for the pid: 9704
02-25 20:41:56.539 I/chromium( 9704): [INFO:CONSOLE(68)] "PASS: Exception thrown when creating SharedWorker with different URLs but same name: ReferenceError: SharedWorker is not defined", source: file:///android_asset/www//opt/tct-workers-w3c-tests/workers/SharedWorkerShared_name_except.html (68)
02-25 20:41:57.529 W/BindingManager( 9704): Cannot call determinedVisibility() - never saw a connection for the pid: 9704
02-25 20:41:58.529 W/BindingManager( 9704): Cannot call determinedVisibility() - never saw a connection for the pid: 9704
02-25 20:41:58.569 I/chromium( 9704): [INFO:CONSOLE(58)] "Uncaught ReferenceError: SharedWorker is not defined", source: file:///android_asset/www//opt/tct-workers-w3c-tests/workers/SharedWorkerShared_simultaneously.html (58)
02-25 20:42:00.009 D/Clock   (  567): ACTION_TIME_TICK
02-25 20:42:00.019 D/Clock   (  567): update clock:下午8:42
02-25 20:42:00.049 D/BatteryStatsImpl(  506): noteStopWakeLocked system isFromForeground = false
02-25 20:42:04.529 W/BindingManager( 9704): Cannot call determinedVisibility() - never saw a connection for the pid: 9704
02-25 20:42:05.509 W/BindingManager( 9704): Cannot call determinedVisibility() - never saw a connection for the pid: 9704
02-25 20:42:05.529 I/chromium( 9704): [INFO:CONSOLE(56)] "Uncaught ReferenceError: SharedWorker is not defined", source: file:///android_asset/www//opt/tct-workers-w3c-tests/workers/SharedWorkerException.html (56)
02-25 20:42:11.519 W/BindingManager( 9704): Cannot call determinedVisibility() - never saw a connection for the pid: 9704
02-25 20:42:12.519 W/BindingManager( 9704): Cannot call determinedVisibility() - never saw a connection for the pid: 9704
02-25 20:42:12.539 I/chromium( 9704): [INFO:CONSOLE(57)] "Uncaught ReferenceError: SharedWorker is not defined", source: file:///android_asset/www//opt/tct-workers-w3c-tests/workers/SharedWorkerScriptError.html (57)
02-25 20:42:18.529 W/BindingManager( 9704): Cannot call determinedVisibility() - never saw a connection for the pid: 9704
02-25 20:42:19.319 D/EVENT_THREAD(  183): void CEventThread::run() POLLIN event on Fd (1)
02-25 20:42:19.319 D/EVENT_THREAD(  183): void CEventThread::run() Do poll with timeout: -1
02-25 20:42:19.319 I/upi_ug31xx(  166): (1733) update_capacity
02-25 20:42:19.319 I/[UPI]   (  166): <UG31/E>[UpiReadCapacity]: V=4013(4015), T=286(286-332), I=340, C=2(2-0)
02-25 20:42:19.319 I/[UPI]   (  166): <UG31/E>[UpiReadCapacity]: (0x00012565) 2637 (2639) / 3822 (3822) = 69
02-25 20:42:19.319 I/[UPI]   (  166): <UG31/E>[UpiReadCapacity]: (0x00012565) 2637 (2639) / 3822 (3822) = 69
02-25 20:42:19.319 I/[UPI]   (  166): <UG31/E>[UpiReadCapacity]: (0x00012545) 2639 (2639) / 3822 (3822) = 69
02-25 20:42:19.319 I/[UPI]   (  166): <UG31/E>[RsocFilterCountTime]: (0x00012545) Step=3(212237), Full=3(212237), Lock=212237(543430)
02-25 20:42:19.319 I/[UPI]   (  166): <UG31/E>[UpiReadCapacity]: (0x00012545) 2639 (2639) / 3822 (3822) = 69 (340-340)
02-25 20:42:19.319 I/[UPI]   (  166): <UG31/E><BATT> M:normal, P:69(69-69)%, V:4015mV, C:340mA, T:28.6C(332), S:0x00012545(001), R:2639mAh, F:3822mAh, Q:-562mAh, CC:3, P:30.302(562-0)s, BO:7, 97:615:0-44af-9m:B001-20140514-144301 (16)
02-25 20:42:19.319 D/EVENT_THREAD(  183): void CEventThread::run() POLLIN event on Fd (1)
02-25 20:42:19.319 D/EVENT_THREAD(  183): void CEventThread::run() Do poll with timeout: -1
02-25 20:42:19.319 I/upi_ug31xx(  166): (1734) backup_data 
02-25 20:42:19.319 V/upi_ug31xx(  166): state->check_backup_count = 5
02-25 20:42:19.519 W/BindingManager( 9704): Cannot call determinedVisibility() - never saw a connection for the pid: 9704
02-25 20:42:19.559 E/AndroidProtocolHandler( 9704): Unable to open asset URL: file:///android_asset/www//opt/tct-workers-w3c-tests/workers/w3c/support/NonExistentFile.js
02-25 20:42:20.529 W/BindingManager( 9704): Cannot call determinedVisibility() - never saw a connection for the pid: 9704
02-25 20:42:20.579 I/chromium( 9704): [INFO:CONSOLE(59)] "Uncaught ReferenceError: SharedWorker is not defined", source: file:///android_asset/www//opt/tct-workers-w3c-tests/workers/SharedWorkerShared_loaded.html (59)
02-25 20:42:26.519 W/BindingManager( 9704): Cannot call determinedVisibility() - never saw a connection for the pid: 9704
02-25 20:42:27.549 W/BindingManager( 9704): Cannot call determinedVisibility() - never saw a connection for the pid: 9704
02-25 20:42:29.469 W/BindingManager( 9704): Cannot call determinedVisibility() - never saw a connection for the pid: 9704
02-25 20:42:30.319 D/AlarmManager(  506): Added alarm Alarm{2229b950 type 0 android} type:RTC_WAKEUP when: At 15-2-25 下午9:00 repeatInterval: 0h:30m:0.0s
02-25 20:42:30.319 D/AlarmManager(  506): Triggered Alarm 22976438 ELAPSED_REALTIME_WAKEUP IntentSender{22969ed0: PendingIntentRecord{22124e88 android broadcastIntent}}
02-25 20:42:30.329 D/AlarmManager(  506): Triggered Alarm 222beda8 RTC_WAKEUP IntentSender{22969de0: PendingIntentRecord{220d0650 android broadcastIntent}}
02-25 20:42:30.339 I/ProcessStatsService(  506): Prepared write state in 6ms
02-25 20:42:30.349 D/BatteryStatsImpl(  506): noteStopWakeLocked system isFromForeground = false
02-25 20:42:30.349 D/BatteryStatsImpl(  506): noteStopWakeLocked system isFromForeground = false
02-25 20:42:30.349 D/ConnectivityService(  506): Sampling interval elapsed, updating statistics ..
02-25 20:42:30.349 D/ConnectivityService(  506): Done.
02-25 20:42:30.359 D/ConnectivityService(  506): Setting timer for 720seconds
02-25 20:42:32.439 I/ActivityManager(  506): Killing 7123:com.tencent.mm/u0a88 (adj 15): empty for 9588s
02-25 20:42:32.449 D/        ( 9704): Pixel Format : GGL_PIXEL_FORMAT_RGBA_8888
02-25 20:42:32.459 D/CordovaActivity( 9704): CordovaActivity.onDestroy()
02-25 20:42:32.469 D/CordovaWebView( 9704): >>> loadUrlNow()
02-25 20:42:32.469 W/ScreenOrientationListener( 9704): Removing an inexistent observer!
02-25 20:42:32.479 D/        ( 9704): Surface destroy: ANDROID_NATIVE_WINDOW_MAGIC
02-25 20:42:32.479 D/WindowManager(  506): adjustConfigurationLw, config:{1.0 ?mcc?mnc ?locale ?layoutDir sw600dp w961dp h528dp 213dpi lrg land ?uimode ?night finger -keyb/v/h -nav/v} mLidState:1 mHasDockFeature:false mHasKeyboardFeature:false mHasHallSensorFeature:true config.hardKeyboardHidden:2
02-25 20:42:32.479 I/ActivityManager(  506): [TopPkgCurBat]	NowPkgName[com.asus.email]	Battery[69]	TimeTick[1424868152496]	OldPkgName[org.xwalk.webapi_noneservice_tests]
02-25 20:42:32.519 D/        ( 9537): Pixel Format : GGL_PIXEL_FORMAT_RGBA_8888
02-25 20:42:32.559 I/SecurityManagerService(  680): SMS received security event: App[STOP/com.tencent.mm]
02-25 20:42:32.809 D/Launcher.LauncherProvider( 6473): notifyChange
02-25 20:42:32.929 D/AndroidRuntime(10246): 
02-25 20:42:32.929 D/AndroidRuntime(10246): >>>>>> AndroidRuntime START com.android.internal.os.RuntimeInit <<<<<<
02-25 20:42:32.929 D/AndroidRuntime(10246): CheckJNI is OFF
02-25 20:42:32.939 I/AndroidRuntime(10246): Kernel Release Version: 3.10.20-gf818079
02-25 20:42:32.939 I/dalvikvm(10246): No library specified. The standard exception handler will be used
02-25 20:42:32.939 I/dalvikvm(10246): 
02-25 20:42:32.939 I/dalvikvm(10246): +++++++++++++ Using PCG. +++++++++++++++++++++
02-25 20:42:32.949 D/dalvikvm(10246): Trying to load lib libjavacore.so 0x0
02-25 20:42:32.949 D/dalvikvm(10246): Added shared lib libjavacore.so 0x0
02-25 20:42:32.949 D/dalvikvm(10246): Trying to load lib libnativehelper.so 0x0
02-25 20:42:32.949 D/dalvikvm(10246): Added shared lib libnativehelper.so 0x0
02-25 20:42:32.949 D/dalvikvm(10246): No JNI_OnLoad found in libnativehelper.so 0x0, skipping init
02-25 20:42:32.959 D/dalvikvm(10246): Extra Options: not specified
02-25 20:42:32.959 D/dalvikvm(10246): Note: class Landroid/app/ActivityManagerNative; has 186 unimplemented (abstract) methods
02-25 20:42:33.029 E/memtrack(10246): Couldn't load memtrack module (No such file or directory)
02-25 20:42:33.029 E/android.os.Debug(10246): failed to load memtrack module: -2
02-25 20:42:33.069 D/AndroidRuntime(10246): Calling main entry com.android.commands.am.Am
02-25 20:42:33.089 I/ActivityManager(  506): Force stopping org.xwalk.webapi_noneservice_tests appid=10301 user=0: from pid 10246
02-25 20:42:33.089 I/SecurityManagerService(  680): SMS received security event: App[STOP/org.xwalk.webapi_noneservice_tests]
02-25 20:42:33.089 D/AndroidRuntime(10246): Shutting down VM
02-25 20:42:33.089 I/ActivityManager(  506): Killing 9704:org.xwalk.webapi_noneservice_tests/u0a301 (adj 9): stop org.xwalk.webapi_noneservice_tests
02-25 20:42:33.099 D/dalvikvm(10246): GC_CONCURRENT freed 108K, 16% free 638K/760K, paused 0ms+1ms, total 1ms
02-25 20:42:33.099 D/dalvikvm(10246): Compiler shutdown in progress - discarding request
02-25 20:42:33.099 D/dalvikvm(10246): Compiler shutdown in progress - discarding request
02-25 20:42:33.099 D/dalvikvm(10246): Compiler shutdown in progress - discarding request
02-25 20:42:33.099 D/dalvikvm(10246): Compiler shutdown in progress - discarding request
02-25 20:42:33.099 D/dalvikvm(10246): Compiler shutdown in progress - discarding request
02-25 20:42:33.099 D/dalvikvm(10246): Compiler shutdown in progress - discarding request
02-25 20:42:33.099 D/dalvikvm(10246): Compiler shutdown in progress - discarding request
02-25 20:42:33.099 D/dalvikvm(10246): Compiler shutdown in progress - discarding request
02-25 20:42:33.099 D/dalvikvm(10246): Compiler shutdown in progress - discarding request
02-25 20:42:33.099 D/dalvikvm(10246): Compiler shutdown in progress - discarding request
02-25 20:42:33.099 D/dalvikvm(10246): Compiler shutdown in progress - discarding request
02-25 20:42:33.099 D/dalvikvm(10246): Compiler shutdown in progress - discarding request
02-25 20:42:33.099 D/dalvikvm(10246): Compiler shutdown in progress - discarding request
02-25 20:42:33.099 D/dalvikvm(10246): Compiler shutdown in progress - discarding request
02-25 20:42:33.099 D/dalvikvm(10246): Compiler shutdown in progress - discarding request
02-25 20:42:33.099 D/dalvikvm(10246): Compiler shutdown in progress - discarding request
02-25 20:42:33.099 D/dalvikvm(10246): Compiler shutdown in progress - discarding request
02-25 20:42:33.099 D/dalvikvm(10246): Compiler shutdown in progress - discarding request
02-25 20:42:33.099 D/dalvikvm(10246): Compiler shutdown in progress - discarding request
02-25 20:42:33.099 D/dalvikvm(10246): Compiler shutdown in progress - discarding request
02-25 20:42:33.099 D/dalvikvm(10246): Compiler shutdown in progress - discarding request
02-25 20:42:33.109 D/dalvikvm(10246): Compiler shutdown in progress - discarding request
02-25 20:42:33.109 D/dalvikvm(10246): Compiler shutdown in progress - discarding request
02-25 20:42:33.109 D/dalvikvm(10246): Compiler shutdown in progress - discarding request
02-25 20:42:33.109 D/dalvikvm(10246): Compiler shutdown in progress - discarding request
02-25 20:42:33.109 D/dalvikvm(10246): Compiler shutdown in progress - discarding request
02-25 20:42:33.109 D/dalvikvm(10246): Compiler shutdown in progress - discarding request
02-25 20:42:33.109 D/dalvikvm(10246): Compiler shutdown in progress - discarding request
02-25 20:42:33.109 D/dalvikvm(10246): Compiler shutdown in progress - discarding request
02-25 20:42:33.109 D/dalvikvm(10246): Compiler shutdown in progress - discarding request
02-25 20:42:33.109 D/dalvikvm(10246): Compiler shutdown in progress - discarding request
02-25 20:42:33.109 D/dalvikvm(10246): Compiler shutdown in progress - discarding request
02-25 20:42:33.109 D/dalvikvm(10246): Compiler shutdown in progress - discarding request
02-25 20:42:33.109 D/dalvikvm(10246): Compiler shutdown in progress - discarding request
02-25 20:42:33.109 D/dalvikvm(10246): Compiler shutdown in progress - discarding request
02-25 20:42:33.109 D/dalvikvm(10246): Compiler shutdown in progress - discarding request
02-25 20:42:33.109 D/dalvikvm(10246): Compiler shutdown in progress - discarding request
02-25 20:42:33.109 D/dalvikvm(10246): Compiler shutdown in progress - discarding request
02-25 20:42:33.109 D/dalvikvm(10246): Compiler shutdown in progress - discarding request
02-25 20:42:33.109 D/dalvikvm(10246): Compiler shutdown in progress - discarding request
02-25 20:42:33.109 D/dalvikvm(10246): Compiler shutdown in progress - discarding request
02-25 20:42:33.109 D/dalvikvm(10246): Compiler shutdown in progress - discarding request
02-25 20:42:33.109 D/dalvikvm(10246): Compiler shutdown in progress - discarding request
02-25 20:42:33.109 D/dalvikvm(10246): Compiler shutdown in progress - discarding request
02-25 20:42:33.109 D/dalvikvm(10246): Compiler shutdown in progress - discarding request
02-25 20:42:33.109 D/dalvikvm(10246): Compiler shutdown in progress - discarding request
02-25 20:42:33.109 D/dalvikvm(10246): Compiler shutdown in progress - discarding request
