02-11 17:51:44.759 D/wpa_supplicant(  651): WPS: AP[4] cc:34:29:2c:fb:ec type=0 tries=0 last_attempt=-1 sec ago blacklist=0
02-11 17:51:44.759 D/wpa_supplicant(  651): WPS: AP[5] c8:d7:19:60:62:f2 type=0 tries=0 last_attempt=-1 sec ago blacklist=0
02-11 17:51:44.759 D/wpa_supplicant(  651): WPS: AP[6] cc:34:29:2b:26:4c type=0 tries=0 last_attempt=-1 sec ago blacklist=0
02-11 17:51:44.759 D/wpa_supplicant(  651): WPS: AP[7] 98:fc:11:81:35:fb type=0 tries=0 last_attempt=-1 sec ago blacklist=0
02-11 17:51:44.759 D/wpa_supplicant(  651): WPS: AP[8] 14:d6:4d:28:ef:c8 type=0 tries=0 last_attempt=-1 sec ago blacklist=0
02-11 17:51:44.759 D/wpa_supplicant(  651): WPS: AP[9] b0:48:7a:51:ff:cc type=0 tries=0 last_attempt=-1 sec ago blacklist=0
02-11 17:51:44.759 D/wpa_supplicant(  651): WPS: AP[10] 7a:ff:57:00:13:56 type=0 tries=0 last_attempt=-1 sec ago blacklist=0
02-11 17:51:44.759 D/wpa_supplicant(  651): WPS: AP[11] c0:a0:bb:20:3b:84 type=0 tries=0 last_attempt=-1 sec ago blacklist=0
02-11 17:51:44.759 D/wpa_supplicant(  651): WPS: AP[12] c0:c1:c0:76:81:3c type=0 tries=0 last_attempt=-1 sec ago blacklist=0
02-11 17:51:44.759 D/wpa_supplicant(  651): WPS: AP[13] 5e:f3:70:0c:91:9a type=0 tries=0 last_attempt=-1 sec ago blacklist=0
02-11 17:51:44.759 D/wpa_supplicant(  651): WPS: AP[14] 02:09:4c:42:36:90 type=0 tries=0 last_attempt=-1 sec ago blacklist=0
02-11 17:51:44.759 D/wpa_supplicant(  651): p2p-dev-wlan0: No suitable network found
02-11 17:51:44.759 D/wpa_supplicant(  651): p2p-dev-wlan0: Short-circuit new scan request since there are no enabled networks
02-11 17:51:44.759 D/wpa_supplicant(  651): p2p-dev-wlan0: State: INACTIVE -> INACTIVE
02-11 17:51:44.759 D/wpa_supplicant(  651): wlan0: P2P: Station mode scan operation not pending anymore (sta_scan_pending=0 p2p_cb_on_scan_complete=0)
02-11 17:51:44.759 D/wpa_supplicant(  651): RX ctrl_iface - hexdump(len=25): 42 53 53 20 52 41 4e 47 45 3d 30 2d 20 4d 41 53 4b 3d 30 78 32 31 39 38 37
02-11 17:51:44.759 D/wpa_supplicant(  651): wlan0: Control interface command 'BSS RANGE=0- MASK=0x21987'
02-11 17:51:44.759 I/WifiHW  (  504): REPLY: id=1
02-11 17:51:44.759 I/WifiHW  (  504): REPLY: bssid=f8:d1:11:e7:99:e8
02-11 17:51:44.759 I/WifiHW  (  504): REPLY: freq=2437
02-11 17:51:44.759 I/WifiHW  (  504): REPLY: level=-47
02-11 17:51:44.759 I/WifiHW  (  504): REPLY: tsf=0000003440934565
02-11 17:51:44.759 I/WifiHW  (  504): REPLY: flags=[WPA-PSK-CCMP][WPA2-PSK-CCMP][WPS][ESS]
02-11 17:51:44.759 I/WifiHW  (  504): REPLY: ssid=videotest
02-11 17:51:44.759 I/WifiHW  (  504): REPLY: ====
02-11 17:51:44.759 I/WifiHW  (  504): REPLY: id=2
02-11 17:51:44.759 I/WifiHW  (  504): REPLY: bssid=10:c3:7b:d2:e5:e0
02-11 17:51:44.759 I/WifiHW  (  504): REPLY: freq=2462
02-11 17:51:44.759 I/WifiHW  (  504): REPLY: level=-55
02-11 17:51:44.759 I/WifiHW  (  504): REPLY: tsf=0000003440934664
02-11 17:51:44.759 I/WifiHW  (  504): REPLY: flags=[WPA2-PSK-CCMP][WPS][ESS]
02-11 17:51:44.759 I/WifiHW  (  504): REPLY: ssid=ASUS_RT-AC66U-2.4G
02-11 17:51:44.759 I/WifiHW  (  504): REPLY: ====
02-11 17:51:44.759 I/WifiHW  (  504): REPLY: id=3
02-11 17:51:44.759 I/WifiHW  (  504): REPLY: bssid=02:1a:11:f3:1a:cc
02-11 17:51:44.759 I/WifiHW  (  504): REPLY: freq=2437
02-11 17:51:44.759 I/WifiHW  (  504): REPLY: level=-3
02-11 17:51:44.759 I/WifiHW  (  504): REPLY: tsf=0000003440934548
02-11 17:51:44.759 I/WifiHW  (  504): REPLY: flags=[WPA2-PSK-CCMP][ESS]
02-11 17:51:44.759 I/WifiHW  (  504): REPLY: ssid=Android
02-11 17:51:44.759 I/WifiHW  (  504): REPLY: ====
02-11 17:51:44.759 I/WifiHW  (  504): REPLY: id=5
02-11 17:51:44.759 I/WifiHW  (  504): REPLY: bssid=cc:34:29:2b:26:4c
02-11 17:51:44.759 I/WifiHW  (  504): REPLY: freq=2462
02-11 17:51:44.759 I/WifiHW  (  504): REPLY: level=-57
02-11 17:51:44.759 I/WifiHW  (  504): REPLY: tsf=0000003440934683
02-11 17:51:44.759 I/WifiHW  (  504): REPLY: flags=[WPA2-PSK-CCMP][WPS][ESS]
02-11 17:51:44.759 I/WifiHW  (  504): REPLY: ssid=cws-test
02-11 17:51:44.759 I/WifiHW  (  504): REPLY: ====
02-11 17:51:44.759 I/WifiHW  (  504): REPLY: id=7
02-11 17:51:44.759 I/WifiHW  (  504): REPLY: bssid=44:94:fc:3d:da:38
02-11 17:51:44.759 I/WifiHW  (  504): REPLY: freq=2462
02-11 17:51:44.759 I/WifiHW  (  504): REPLY: level=-57
02-11 17:51:44.759 I/WifiHW  (  504): REPLY: tsf=0000003440934674
02-11 17:51:44.759 I/WifiHW  (  504): REPLY: flags=[WPA2-PSK-CCMP][WPS][ESS]
02-11 17:51:44.759 I/WifiHW  (  504): REPLY: ssid=6300
02-11 17:51:44.759 I/WifiHW  (  504): REPLY: ====
02-11 17:51:44.759 I/WifiHW  (  504): REPLY: id=35
02-11 17:51:44.759 I/WifiHW  (  504): REPLY: bssid=c8:d7:19:60:62:f2
02-11 17:51:44.759 I/WifiHW  (  504): REPLY: freq=2437
02-11 17:51:44.759 I/WifiHW  (  504): REPLY: level=-44
02-11 17:51:44.759 I/WifiHW  (  504): REPLY: tsf=0000003440934610
02-11 17:51:44.759 I/WifiHW  (  504): REPLY: flags=[WPA-PSK-CCMP+TKIP][WPA2-PSK-CCMP+TKIP][WPS][ESS]
02-11 17:51:44.759 I/WifiHW  (  504): REPLY: ssid=E3000-2.4G
02-11 17:51:44.759 I/WifiHW  (  504): REPLY: ====
02-11 17:51:44.759 I/WifiHW  (  504): REPLY: id=130
02-11 17:51:44.759 I/WifiHW  (  504): REPLY: bssid=b0:48:7a:20:66:6a
02-11 17:51:44.759 I/WifiHW  (  504): REPLY: freq=2427
02-11 17:51:44.759 I/WifiHW  (  504): REPLY: level=-53
02-11 17:51:44.759 I/WifiHW  (  504): REPLY: tsf=0000003440934557
02-11 17:51:44.759 I/WifiHW  (  504): REPLY: flags=[WPA-PSK-CCMP][WPA2-PSK-CCMP][WPS][ESS]
02-11 17:51:44.759 I/WifiHW  (  504): REPLY: ssid=TP-LINK_20666A
02-11 17:51:44.759 I/WifiHW  (  504): REPLY: ====
02-11 17:51:44.759 I/WifiHW  (  504): REPLY: id=132
02-11 17:51:44.759 I/WifiHW  (  504): REPLY: bssid=c0:c1:c0:76:81:3c
02-11 17:51:44.759 I/WifiHW  (  504): REPLY: freq=2437
02-11 17:51:44.759 I/WifiHW  (  504): REPLY: level=-54
02-11 17:51:44.759 I/WifiHW  (  504): REPLY: tsf=0000003440934601
02-11 17:51:44.759 I/WifiHW  (  504): REPLY: flags=[WPA2-EAP-CCMP-preauth][WPS][ESS]
02-11 17:51:44.759 I/WifiHW  (  504): REPLY: ssid=E2000
02-11 17:51:44.759 I/WifiHW  (  504): REPLY: ====
02-11 17:51:44.759 I/WifiHW  (  504): REPLY: id=134
02-11 17:51:44.759 I/WifiHW  (  504): REPLY: bssid=b0:48:7a:51:ff:cc
02-11 17:51:44.759 I/WifiHW  (  504): REPLY: freq=2452
02-11 17:51:44.759 I/WifiHW  (  504): REPLY: level=-62
02-11 17:51:44.759 I/WifiHW  (  504): REPLY: tsf=0000003440934656
02-11 17:51:44.759 I/WifiHW  (  504): REPLY: flags=[WPA-PSK-CCMP][WPA2-PSK-CCMP][WPS][ESS]
02-11 17:51:44.759 I/WifiHW  (  504): REPLY: ssid=Neusoft TP
02-11 17:51:44.759 I/WifiHW  (  504): REPLY: ====
02-11 17:51:44.759 I/WifiHW  (  504): REPLY: id=147
02-11 17:51:44.759 I/WifiHW  (  504): REPLY: bssid=02:1a:11:fb:b5:2e
02-11 17:51:44.759 I/WifiHW  (  504): REPLY: freq=2437
02-11 17:51:44.759 I/WifiHW  (  504): REPLY: level=-58
02-11 17:51:44.759 I/WifiHW  (  504): REPLY: tsf=0000003440934628
02-11 17:51:44.759 I/WifiHW  (  504): REPLY: flags=[WPA2-PSK-CCMP][ESS]
02-11 17:51:44.759 I/WifiHW  (  504): REPLY: ssid=io1
02-11 17:51:44.759 I/WifiHW  (  504): REPLY: ====
02-11 17:51:44.759 I/WifiHW  (  504): REPLY: id=198
02-11 17:51:44.759 I/WifiHW  (  504): REPLY: bssid=50:bd:5f:4b:29:92
02-11 17:51:44.759 I/WifiHW  (  504): REPLY: freq=2437
02-11 17:51:44.759 I/WifiHW  (  504): REPLY: level=-67
02-11 17:51:44.759 I/WifiHW  (  504): REPLY: tsf=0000003440934636
02-11 17:51:44.759 I/WifiHW  (  504): REPLY: flags=[ESS]
02-11 17:51:44.759 I/WifiHW  (  504): REPLY: ssid=Internet-2
02-11 17:51:44.759 I/WifiHW  (  504): REPLY: ====
02-11 17:51:44.759 I/WifiHW  (  504): REPLY: id=199
02-11 17:51:44.759 I/WifiHW  (  504): REPLY: bssid=14:d6:4d:28:ef:c8
02-11 17:51:44.759 I/WifiHW  (  504): REPLY: freq=2437
02-11 17:51:44.759 I/WifiHW  (  504): REPLY: level=-71
02-11 17:51:44.759 I/WifiHW  (  504): REPLY: tsf=0000003399734269
02-11 17:51:44.759 I/WifiHW  (  504): REPLY: flags=[WPA2-PSK-CCMP][WPS][ESS]
02-11 17:51:44.759 I/WifiHW  (  504): REPLY: ssid=dlink
02-11 17:51:44.759 I/WifiHW  (  504): REPLY: ====
02-11 17:51:44.759 I/WifiHW  (  504): REPLY: id=200
02-11 17:51:44.759 I/WifiHW  (  504): REPLY: bssid=00:0f:e2:0f:9f:c1
02-11 17:51:44.759 I/WifiHW  (  504): REPLY: freq=2462
02-11 17:51:44.759 I/WifiHW  (  504): REPLY: level=-76
02-11 17:51:44.759 I/WifiHW  (  504): REPLY: tsf=0000003440934744
02-11 17:51:44.759 I/WifiHW  (  504): REPLY: flags=[WPA-PSK-CCMP+TKIP][WPA2-PSK-CCMP+TKIP][ESS]
02-11 17:51:44.759 I/WifiHW  (  504): REPLY: ssid=321_WAN
02-11 17:51:44.759 I/WifiHW  (  504): REPLY: ====
02-11 17:51:44.759 I/WifiHW  (  504): REPLY: id=210
02-11 17:51:44.759 I/WifiHW  (  504): REPLY: bssid=cc:34:29:2c:fb:ec
02-11 17:51:44.759 I/WifiHW  (  504): REPLY: freq=2412
02-11 17:51:44.759 I/WifiHW  (  504): REPLY: level=-61
02-11 17:51:44.759 I/WifiHW  (  504): REPLY: tsf=0000003440934538
02-11 17:51:44.759 I/WifiHW  (  504): REPLY: flags=[WPA-PSK-CCMP][WPA2-PSK-CCMP][WPS][ESS]
02-11 17:51:44.759 I/WifiHW  (  504): REPLY: ssid=linksys
02-11 17:51:44.759 I/WifiHW  (  504): REPLY: ====
02-11 17:51:44.759 I/WifiHW  (  504): REPLY: id=211
02-11 17:51:44.759 I/WifiHW  (  504): REPLY: bssid=02:1a:11:f2:d4:75
02-11 17:51:44.759 I/WifiHW  (  504): REPLY: freq=2437
02-11 17:51:44.759 I/WifiHW  (  504): REPLY: level=-62
02-11 17:51:44.759 I/WifiHW  (  504): REPLY: tsf=0000003440934573
02-11 17:51:44.759 I/WifiHW  (  504): REPLY: flags=[WPA2-PSK-CCMP][ESS]
02-11 17:51:44.759 I/WifiHW  (  504): REPLY: ssid=test only
02-11 17:51:44.759 I/WifiHW  (  504): REPLY: ====
02-11 17:51:44.759 I/WifiHW  (  504): REPLY: id=212
02-11 17:51:44.759 I/WifiHW  (  504): REPLY: bssid=e4:d3:32:c0:cf:a4
02-11 17:51:44.759 I/WifiHW  (  504): REPLY: freq=2437
02-11 17:51:44.759 I/WifiHW  (  504): REPLY: level=-69
02-11 17:51:44.759 I/WifiHW  (  504): REPLY: tsf=0000003399734283
02-11 17:51:44.759 I/WifiHW  (  504): REPLY: flags=[WPA2-PSK-CCMP][ESS]
02-11 17:51:44.759 I/WifiHW  (  504): REPLY: ssid=fast
02-11 17:51:44.759 I/WifiHW  (  504): REPLY: ====
02-11 17:51:44.759 I/WifiHW  (  504): REPLY: id=213
02-11 17:51:44.759 I/WifiHW  (  504): REPLY: bssid=80:1f:02:43:fb:e8
02-11 17:51:44.759 I/WifiHW  (  504): REPLY: freq=2412
02-11 17:51:44.759 I/WifiHW  (  504): REPLY: level=-66
02-11 17:51:44.759 I/WifiHW  (  504): REPLY: tsf=0000003440934528
02-11 17:51:44.759 I/WifiHW  (  504): REPLY: flags=[WPA2-PSK-CCMP-preauth][ESS]
02-11 17:51:44.759 I/WifiHW  (  504): REPLY: ssid=Edimax AP
02-11 17:51:44.759 I/WifiHW  (  504): REPLY: ====
02-11 17:51:44.759 I/WifiHW  (  504): REPLY: id=215
02-11 17:51:44.759 I/WifiHW  (  504): REPLY: bssid=c0:a0:bb:20:3b:84
02-11 17:51:44.759 I/WifiHW  (  504): REPLY: freq=2417
02-11 17:51:44.759 I/WifiHW  (  504): REPLY: level=-72
02-11 17:51:44.759 I/WifiHW  (  504): REPLY: tsf=0000003399734256
02-11 17:51:44.759 I/WifiHW  (  504): REPLY: flags=[WPA-PSK-CCMP+TKIP][WPA2-PSK-CCMP+TKIP][WPS][ESS]
02-11 17:51:44.759 I/WifiHW  (  504): REPLY: ssid=dlink-3B84
02-11 17:51:44.759 I/WifiHW  (  504): REPLY: ====
02-11 17:51:44.759 I/WifiHW  (  504): REPLY: id=216
02-11 17:51:44.759 I/WifiHW  (  504): REPLY: bssid=e4:d3:32:dd:18:62
02-11 17:51:44.759 I/WifiHW  (  504): REPLY: freq=2437
02-11 17:51:44.759 I/WifiHW  (  504): REPLY: level=-70
02-11 17:51:44.759 D/wpa_supplicant(  651): RTM_NEWLINK: operstate=0 ifi_flags=0x11003 ([UP][LOWER_UP])
02-11 17:51:44.759 I/WifiHW  (  504): REPLY: tsf=0000003440934582
02-11 17:51:44.759 I/WifiHW  (  504): REPLY: flags=[ESS]
02-11 17:51:44.759 I/WifiHW  (  504): REPLY: ssid=Internet
02-11 17:51:44.759 I/WifiHW  (  504): REPLY: ====
02-11 17:51:44.759 I/WifiHW  (  504): REPLY: id=217
02-11 17:51:44.759 I/WifiHW  (  504): REPLY: bssid=02:1a:11:fa:9e:f1
02-11 17:51:44.759 I/WifiHW  (  504): REPLY: freq=2437
02-11 17:51:44.759 I/WifiHW  (  504): REPLY: level=-65
02-11 17:51:44.759 D/wpa_supplicant(  651): RTM_NEWLINK, IFLA_IFNAME: Interface 'wlan0' added
02-11 17:51:44.759 I/WifiHW  (  504): REPLY: tsf=0000003440934591
02-11 17:51:44.759 I/WifiHW  (  504): REPLY: flags=[WPA2-PSK-CCMP][ESS]
02-11 17:51:44.759 I/WifiHW  (  504): REPLY: ssid=love U forever
02-11 17:51:44.759 I/WifiHW  (  504): REPLY: ====
02-11 17:51:44.759 I/WifiHW  (  504): REPLY: id=218
02-11 17:51:44.759 I/WifiHW  (  504): REPLY: bssid=22:48:9a:ac:31:5b
02-11 17:51:44.759 I/WifiHW  (  504): REPLY: freq=2437
02-11 17:51:44.759 I/WifiHW  (  504): REPLY: level=-68
02-11 17:51:44.759 I/WifiHW  (  504): REPLY: tsf=0000003399734271
02-11 17:51:44.759 I/WifiHW  (  504): REPLY: flags=[WPA2-PSK-CCMP][ESS]
02-11 17:51:44.759 I/WifiHW  (  504): REPLY: ssid=dean1
02-11 17:51:44.759 I/WifiHW  (  504): REPLY: ====
02-11 17:51:44.759 I/WifiHW  (  504): REPLY: id=219
02-11 17:51:44.759 I/WifiHW  (  504): REPLY: bssid=02:1a:11:fb:99:d1
02-11 17:51:44.759 I/WifiHW  (  504): REPLY: freq=2437
02-11 17:51:44.759 I/WifiHW  (  504): REPLY: level=-76
02-11 17:51:44.759 I/WifiHW  (  504): REPLY: tsf=0000003440934619
02-11 17:51:44.759 I/WifiHW  (  504): REPLY: flags=[WPA2-PSK-CCMP][ESS]
02-11 17:51:44.759 I/WifiHW  (  504): REPLY: ssid=AndroidAPmm123
02-11 17:51:44.759 I/WifiHW  (  504): REPLY: ====
02-11 17:51:44.759 I/WifiHW  (  504): REPLY: id=220
02-11 17:51:44.759 I/WifiHW  (  504): REPLY: bssid=02:09:4c:23:ef:0a
02-11 17:51:44.759 I/WifiHW  (  504): REPLY: freq=2412
02-11 17:51:44.759 I/WifiHW  (  504): REPLY: level=-75
02-11 17:51:44.759 I/WifiHW  (  504): REPLY: tsf=0000003399734301
02-11 17:51:44.759 I/WifiHW  (  504): REPLY: flags=[WEP]
02-11 17:51:44.759 I/WifiHW  (  504): REPLY: ssid=DIRECT-
02-11 17:51:44.759 I/WifiHW  (  504): REPLY: ====
02-11 17:51:44.759 I/WifiHW  (  504): REPLY: id=221
02-11 17:51:44.759 I/WifiHW  (  504): REPLY: bssid=00:36:76:07:69:a2
02-11 17:51:44.759 I/WifiHW  (  504): REPLY: freq=2462
02-11 17:51:44.759 I/WifiHW  (  504): REPLY: level=-80
02-11 17:51:44.759 I/WifiHW  (  504): REPLY: tsf=0000003440934755
02-11 17:51:44.759 I/WifiHW  (  504): REPLY: flags=[WPA-PSK-CCMP][WPA2-PSK-CCMP][ESS]
02-11 17:51:44.759 I/WifiHW  (  504): REPLY: ssid=dagewifi
02-11 17:51:44.759 I/WifiHW  (  504): REPLY: ====
02-11 17:51:44.759 I/WifiHW  (  504): REPLY: id=222
02-11 17:51:44.759 I/WifiHW  (  504): REPLY: bssid=cc:b2:55:e2:84:70
02-11 17:51:44.759 I/WifiHW  (  504): REPLY: freq=2447
02-11 17:51:44.759 I/WifiHW  (  504): REPLY: level=-67
02-11 17:51:44.759 I/WifiHW  (  504): REPLY: tsf=0000003440934645
02-11 17:51:44.759 I/WifiHW  (  504): REPLY: flags=[WPA-PSK-TKIP][WPA2-PSK-TKIP][ESS]
02-11 17:51:44.759 I/WifiHW  (  504): REPLY: ssid=DLINK_APK
02-11 17:51:44.759 I/WifiHW  (  504): REPLY: ####
02-11 17:51:44.759 D/wpa_supplicant(  651): nl80211: if_removed already cleared - ignore event
02-11 17:52:00.009 D/Clock   (  566): ACTION_TIME_TICK
02-11 17:52:00.009 D/Clock   (  566): update clock:5:52
02-11 17:52:00.019 D/BatteryStatsImpl(  504): noteStopWakeLocked system isFromForeground = false
02-11 17:52:05.149 W/BindingManager( 6284): Cannot call determinedVisibility() - never saw a connection for the pid: 6284
02-11 17:52:05.789 I/chromium( 6284): [INFO:CONSOLE(1)] "Uncaught SyntaxError: Unexpected token :", source: http://127.0.0.1:8080/opt/webapi-resourcetiming-w3c-tests/resourcetiming/w3c/submission/resources/generate_resource.cgi?types=script&id=1 (1)
02-11 17:52:05.809 I/chromium( 6284): [INFO:CONSOLE(1)] "Uncaught SyntaxError: Unexpected token :", source: http://127.0.0.1:8080/opt/webapi-resourcetiming-w3c-tests/resourcetiming/w3c/submission/resources/generate_resource.cgi?types=script&id=2 (1)
02-11 17:52:05.809 I/chromium( 6284): [INFO:CONSOLE(1)] "Uncaught SyntaxError: Unexpected token :", source: http://127.0.0.1:8080/opt/webapi-resourcetiming-w3c-tests/resourcetiming/w3c/submission/resources/generate_resource.cgi?types=script&id=3 (1)
02-11 17:52:05.819 I/chromium( 6284): [INFO:CONSOLE(1)] "Uncaught SyntaxError: Unexpected token :", source: http://127.0.0.1:8080/opt/webapi-resourcetiming-w3c-tests/resourcetiming/w3c/submission/resources/generate_resource.cgi?types=script&id=5 (1)
02-11 17:52:05.819 I/chromium( 6284): [INFO:CONSOLE(1)] "Uncaught SyntaxError: Unexpected token :", source: http://127.0.0.1:8080/opt/webapi-resourcetiming-w3c-tests/resourcetiming/w3c/submission/resources/generate_resource.cgi?types=script&id=4 (1)
02-11 17:52:05.819 I/chromium( 6284): [INFO:CONSOLE(1)] "Uncaught SyntaxError: Unexpected token :", source: http://127.0.0.1:8080/opt/webapi-resourcetiming-w3c-tests/resourcetiming/w3c/submission/resources/generate_resource.cgi?types=script&id=6 (1)
02-11 17:52:05.829 I/chromium( 6284): [INFO:CONSOLE(1)] "Uncaught SyntaxError: Unexpected token :", source: http://127.0.0.1:8080/opt/webapi-resourcetiming-w3c-tests/resourcetiming/w3c/submission/resources/generate_resource.cgi?types=script&id=7 (1)
02-11 17:52:05.839 I/chromium( 6284): [INFO:CONSOLE(1)] "Uncaught SyntaxError: Unexpected token :", source: http://127.0.0.1:8080/opt/webapi-resourcetiming-w3c-tests/resourcetiming/w3c/submission/resources/generate_resource.cgi?types=script&id=9 (1)
02-11 17:52:05.839 I/chromium( 6284): [INFO:CONSOLE(1)] "Uncaught SyntaxError: Unexpected token :", source: http://127.0.0.1:8080/opt/webapi-resourcetiming-w3c-tests/resourcetiming/w3c/submission/resources/generate_resource.cgi?types=script&id=8 (1)
02-11 17:52:07.209 W/ufoGralloc(  171): registerBuffer() handle 0xb8c71d40/109 didn't require registration
02-11 17:52:07.239 D/WindowManager(  504): adjustConfigurationLw, config:{1.0 ?mcc?mnc ?locale ?layoutDir sw600dp w961dp h528dp 213dpi lrg land ?uimode ?night finger -keyb/v/h -nav/v} mLidState:1 mHasDockFeature:false mHasKeyboardFeature:false mHasHallSensorFeature:true config.hardKeyboardHidden:2
02-11 17:52:07.239 I/ActivityManager(  504): [TopPkgCurBat]	NowPkgName[testkit.stub]	Battery[79]	TimeTick[1423648327253]	OldPkgName[org.xwalk.webapi_service_tests]
02-11 17:52:07.269 V/AsusPhoneStatusBar(  566): setLightsOn(true)
02-11 17:52:07.279 W/IInputConnectionWrapper( 6284): showStatusIcon on inactive InputConnection
02-11 17:52:07.289 D/XT9IME  (  722): new subtype :zh_CN ,pinyin
02-11 17:52:07.309 D/BatteryStatsImpl(  504): noteStopWakeLocked system isFromForeground = false
02-11 17:52:07.339 D/        ( 6284): Surface destroy: ANDROID_NATIVE_WINDOW_MAGIC
02-11 17:52:07.349 D/        ( 6284): Surface destroy: ANDROID_NATIVE_WINDOW_MAGIC
02-11 17:52:08.049 D/        ( 6284): Pixel Format : GGL_PIXEL_FORMAT_RGBA_8888
02-11 17:52:08.069 W/ScreenOrientationListener( 6284): Removing an inexistent observer!
02-11 17:52:08.259 D/AndroidRuntime( 6806): 
02-11 17:52:08.259 D/AndroidRuntime( 6806): >>>>>> AndroidRuntime START com.android.internal.os.RuntimeInit <<<<<<
02-11 17:52:08.259 D/AndroidRuntime( 6806): CheckJNI is OFF
02-11 17:52:08.259 I/AndroidRuntime( 6806): Kernel Release Version: 3.10.20-gf818079
02-11 17:52:08.259 I/dalvikvm( 6806): No library specified. The standard exception handler will be used
02-11 17:52:08.259 I/dalvikvm( 6806): 
02-11 17:52:08.259 I/dalvikvm( 6806): +++++++++++++ Using PCG. +++++++++++++++++++++
02-11 17:52:08.269 D/dalvikvm( 6806): Trying to load lib libjavacore.so 0x0
02-11 17:52:08.269 D/dalvikvm( 6806): Added shared lib libjavacore.so 0x0
02-11 17:52:08.269 D/dalvikvm( 6806): Trying to load lib libnativehelper.so 0x0
02-11 17:52:08.269 D/dalvikvm( 6806): Added shared lib libnativehelper.so 0x0
02-11 17:52:08.269 D/dalvikvm( 6806): No JNI_OnLoad found in libnativehelper.so 0x0, skipping init
02-11 17:52:08.279 D/dalvikvm( 6806): Extra Options: not specified
02-11 17:52:08.289 D/dalvikvm( 6806): Note: class Landroid/app/ActivityManagerNative; has 186 unimplemented (abstract) methods
02-11 17:52:08.359 E/memtrack( 6806): Couldn't load memtrack module (No such file or directory)
02-11 17:52:08.359 E/android.os.Debug( 6806): failed to load memtrack module: -2
02-11 17:52:08.399 D/AndroidRuntime( 6806): Calling main entry com.android.commands.am.Am
02-11 17:52:08.419 I/ActivityManager(  504): Force stopping org.xwalk.webapi_service_tests appid=10256 user=0: from pid 6806
02-11 17:52:08.419 I/SecurityManagerService(  621): SMS received security event: App[STOP/org.xwalk.webapi_service_tests]
02-11 17:52:08.419 D/AndroidRuntime( 6806): Shutting down VM
02-11 17:52:08.419 I/ActivityManager(  504): Killing 6284:org.xwalk.webapi_service_tests/u0a256 (adj 9): stop org.xwalk.webapi_service_tests
02-11 17:52:08.429 D/dalvikvm( 6806): GC_CONCURRENT freed 112K, 16% free 666K/792K, paused 1ms+0ms, total 2ms
02-11 17:52:08.429 D/dalvikvm( 6806): Compiler shutdown in progress - discarding request
02-11 17:52:08.429 D/dalvikvm( 6806): Compiler shutdown in progress - discarding request
02-11 17:52:08.429 D/dalvikvm( 6806): Compiler shutdown in progress - discarding request
02-11 17:52:08.429 D/dalvikvm( 6806): Compiler shutdown in progress - discarding request
02-11 17:52:08.429 D/dalvikvm( 6806): Compiler shutdown in progress - discarding request
02-11 17:52:08.429 D/dalvikvm( 6806): Compiler shutdown in progress - discarding request
02-11 17:52:08.429 D/dalvikvm( 6806): Compiler shutdown in progress - discarding request
02-11 17:52:08.429 D/dalvikvm( 6806): Compiler shutdown in progress - discarding request
02-11 17:52:08.429 D/dalvikvm( 6806): Compiler shutdown in progress - discarding request
02-11 17:52:08.429 D/dalvikvm( 6806): Compiler shutdown in progress - discarding request
02-11 17:52:08.429 D/dalvikvm( 6806): Compiler shutdown in progress - discarding request
02-11 17:52:08.429 D/dalvikvm( 6806): Compiler shutdown in progress - discarding request
02-11 17:52:08.429 D/dalvikvm( 6806): Compiler shutdown in progress - discarding request
02-11 17:52:08.429 D/dalvikvm( 6806): Compiler shutdown in progress - discarding request
02-11 17:52:08.429 D/dalvikvm( 6806): Compiler shutdown in progress - discarding request
02-11 17:52:08.429 D/dalvikvm( 6806): Compiler shutdown in progress - discarding request
02-11 17:52:08.429 D/dalvikvm( 6806): Compiler shutdown in progress - discarding request
02-11 17:52:08.429 D/dalvikvm( 6806): Compiler shutdown in progress - discarding request
02-11 17:52:08.429 D/dalvikvm( 6806): Compiler shutdown in progress - discarding request
02-11 17:52:08.429 D/dalvikvm( 6806): Compiler shutdown in progress - discarding request
02-11 17:52:08.429 D/dalvikvm( 6806): Compiler shutdown in progress - discarding request
02-11 17:52:08.429 D/dalvikvm( 6806): Compiler shutdown in progress - discarding request
02-11 17:52:08.429 D/dalvikvm( 6806): Compiler shutdown in progress - discarding request
02-11 17:52:08.429 D/dalvikvm( 6806): Compiler shutdown in progress - discarding request
02-11 17:52:08.429 D/dalvikvm( 6806): Compiler shutdown in progress - discarding request
02-11 17:52:08.429 D/dalvikvm( 6806): Compiler shutdown in progress - discarding request
02-11 17:52:08.429 D/dalvikvm( 6806): Compiler shutdown in progress - discarding request
02-11 17:52:08.429 D/dalvikvm( 6806): Compiler shutdown in progress - discarding request
02-11 17:52:08.429 D/dalvikvm( 6806): Compiler shutdown in progress - discarding request
02-11 17:52:08.429 D/dalvikvm( 6806): Compiler shutdown in progress - discarding request
02-11 17:52:08.429 D/dalvikvm( 6806): Compiler shutdown in progress - discarding request
02-11 17:52:08.429 D/dalvikvm( 6806): Compiler shutdown in progress - discarding request
02-11 17:52:08.429 D/dalvikvm( 6806): Compiler shutdown in progress - discarding request
02-11 17:52:08.429 D/dalvikvm( 6806): Compiler shutdown in progress - discarding request
02-11 17:52:08.429 D/dalvikvm( 6806): Compiler shutdown in progress - discarding request
02-11 17:52:08.429 D/dalvikvm( 6806): Compiler shutdown in progress - discarding request
02-11 17:52:08.429 D/dalvikvm( 6806): Compiler shutdown in progress - discarding request
02-11 17:52:08.429 D/dalvikvm( 6806): Compiler shutdown in progress - discarding request
02-11 17:52:08.429 D/dalvikvm( 6806): Compiler shutdown in progress - discarding request
02-11 17:52:08.429 D/dalvikvm( 6806): Compiler shutdown in progress - discarding request
02-11 17:52:08.429 D/dalvikvm( 6806): Compiler shutdown in progress - discarding request
02-11 17:52:08.429 D/dalvikvm( 6806): Compiler shutdown in progress - discarding request
02-11 17:52:08.429 D/dalvikvm( 6806): Compiler shutdown in progress - discarding request
02-11 17:52:08.429 D/dalvikvm( 6806): Compiler shutdown in progress - discarding request
02-11 17:52:08.429 D/dalvikvm( 6806): Compiler shutdown in progress - discarding request
--------- beginning of /dev/log/main
02-11 17:53:05.959 D/wpa_supplicant(  651): wlan0: Starting AP scan for wildcard SSID
02-11 17:53:05.959 D/wpa_supplicant(  651): WPS: Building WPS IE for Probe Request
02-11 17:53:05.959 D/wpa_supplicant(  651): WPS:  * Version (hardcoded 0x10)
02-11 17:53:05.959 D/wpa_supplicant(  651): WPS:  * Request Type
02-11 17:53:05.959 D/wpa_supplicant(  651): WPS:  * Config Methods (4288)
02-11 17:53:05.959 D/wpa_supplicant(  651): WPS:  * UUID-E
02-11 17:53:05.959 D/wpa_supplicant(  651): WPS:  * Primary Device Type
02-11 17:53:05.959 D/wpa_supplicant(  651): WPS:  * RF Bands (1)
02-11 17:53:05.959 D/wpa_supplicant(  651): WPS:  * Association State
02-11 17:53:05.959 D/wpa_supplicant(  651): WPS:  * Configuration Error (0)
02-11 17:53:05.959 D/wpa_supplicant(  651): WPS:  * Device Password ID (0)
02-11 17:53:05.959 D/wpa_supplicant(  651): WPS:  * Manufacturer
02-11 17:53:05.959 D/wpa_supplicant(  651): WPS:  * Model Name
02-11 17:53:05.959 D/wpa_supplicant(  651): WPS:  * Model Number
02-11 17:53:05.959 D/wpa_supplicant(  651): WPS:  * Device Name
02-11 17:53:05.959 D/wpa_supplicant(  651): WPS:  * Version2 (0x20)
02-11 17:53:05.959 D/wpa_supplicant(  651): P2P: * P2P IE header
02-11 17:53:05.959 D/wpa_supplicant(  651): P2P: * Capability dev=25 group=00
02-11 17:53:05.959 D/wpa_supplicant(  651): P2P: * Listen Channel: Regulatory Class 81 Channel 11
02-11 17:53:05.959 D/wpa_supplicant(  651): wlan0: nl80211: scan request
02-11 17:53:06.029 D/wpa_supplicant(  651): Scan requested (ret=0) - scan timeout 30 seconds
02-11 17:53:06.029 D/wpa_supplicant(  651): nl80211: Drv Event 33 (NL80211_CMD_TRIGGER_SCAN) received for wlan0
02-11 17:53:06.029 D/wpa_supplicant(  651): wlan0: nl80211: Scan trigger
02-11 17:53:06.919 D/AndroidRuntime( 6832): 
02-11 17:53:06.919 D/AndroidRuntime( 6832): >>>>>> AndroidRuntime START com.android.internal.os.RuntimeInit <<<<<<
02-11 17:53:06.919 D/AndroidRuntime( 6832): CheckJNI is OFF
02-11 17:53:06.919 I/AndroidRuntime( 6832): Kernel Release Version: 3.10.20-gf818079
02-11 17:53:06.919 I/dalvikvm( 6832): No library specified. The standard exception handler will be used
02-11 17:53:06.919 I/dalvikvm( 6832): 
02-11 17:53:06.919 I/dalvikvm( 6832): +++++++++++++ Using PCG. +++++++++++++++++++++
02-11 17:53:06.929 D/dalvikvm( 6832): Trying to load lib libjavacore.so 0x0
02-11 17:53:06.929 D/dalvikvm( 6832): Added shared lib libjavacore.so 0x0
02-11 17:53:06.929 D/dalvikvm( 6832): Trying to load lib libnativehelper.so 0x0
02-11 17:53:06.929 D/dalvikvm( 6832): Added shared lib libnativehelper.so 0x0
02-11 17:53:06.929 D/dalvikvm( 6832): No JNI_OnLoad found in libnativehelper.so 0x0, skipping init
02-11 17:53:06.939 D/dalvikvm( 6832): Extra Options: not specified
02-11 17:53:06.949 D/dalvikvm( 6832): Note: class Landroid/app/ActivityManagerNative; has 186 unimplemented (abstract) methods
02-11 17:53:07.029 E/memtrack( 6832): Couldn't load memtrack module (No such file or directory)
02-11 17:53:07.029 E/android.os.Debug( 6832): failed to load memtrack module: -2
02-11 17:53:07.069 D/AndroidRuntime( 6832): Calling main entry com.android.commands.am.Am
02-11 17:53:07.099 D/AndroidRuntime( 6832): Shutting down VM
02-11 17:53:07.099 D/dalvikvm( 6832): GC_CONCURRENT freed 108K, 16% free 638K/760K, paused 1ms+0ms, total 2ms
--------- beginning of /dev/log/system
02-11 17:53:07.099 I/ActivityManager(  504): Force stopping org.xwalk.webapi_service_tests appid=10256 user=0: from pid 6832
02-11 17:53:07.109 D/dalvikvm( 6832): Compiler shutdown in progress - discarding request
02-11 17:53:07.109 D/dalvikvm( 6832): Compiler shutdown in progress - discarding request
02-11 17:53:07.109 D/dalvikvm( 6832): Compiler shutdown in progress - discarding request
02-11 17:53:07.109 D/dalvikvm( 6832): Compiler shutdown in progress - discarding request
02-11 17:53:07.109 D/dalvikvm( 6832): Compiler shutdown in progress - discarding request
02-11 17:53:07.109 D/dalvikvm( 6832): Compiler shutdown in progress - discarding request
02-11 17:53:07.109 D/dalvikvm( 6832): Compiler shutdown in progress - discarding request
02-11 17:53:07.109 D/dalvikvm( 6832): Compiler shutdown in progress - discarding request
02-11 17:53:07.109 D/dalvikvm( 6832): Compiler shutdown in progress - discarding request
02-11 17:53:07.109 D/dalvikvm( 6832): Compiler shutdown in progress - discarding request
02-11 17:53:07.109 D/dalvikvm( 6832): Compiler shutdown in progress - discarding request
02-11 17:53:07.109 D/dalvikvm( 6832): Compiler shutdown in progress - discarding request
02-11 17:53:07.109 D/dalvikvm( 6832): Compiler shutdown in progress - discarding request
02-11 17:53:07.109 D/dalvikvm( 6832): Compiler shutdown in progress - discarding request
02-11 17:53:07.109 D/dalvikvm( 6832): Compiler shutdown in progress - discarding request
02-11 17:53:07.109 D/dalvikvm( 6832): Compiler shutdown in progress - discarding request
02-11 17:53:07.109 D/dalvikvm( 6832): Compiler shutdown in progress - discarding request
02-11 17:53:07.109 D/dalvikvm( 6832): Compiler shutdown in progress - discarding request
02-11 17:53:07.109 D/dalvikvm( 6832): Compiler shutdown in progress - discarding request
02-11 17:53:07.109 D/dalvikvm( 6832): Compiler shutdown in progress - discarding request
02-11 17:53:07.109 D/dalvikvm( 6832): Compiler shutdown in progress - discarding request
02-11 17:53:07.109 D/dalvikvm( 6832): Compiler shutdown in progress - discarding request
02-11 17:53:07.109 D/dalvikvm( 6832): Compiler shutdown in progress - discarding request
02-11 17:53:07.109 D/dalvikvm( 6832): Compiler shutdown in progress - discarding request
02-11 17:53:07.109 D/dalvikvm( 6832): Compiler shutdown in progress - discarding request
02-11 17:53:07.109 D/dalvikvm( 6832): Compiler shutdown in progress - discarding request
02-11 17:53:07.109 D/dalvikvm( 6832): Compiler shutdown in progress - discarding request
02-11 17:53:07.109 D/dalvikvm( 6832): Compiler shutdown in progress - discarding request
02-11 17:53:07.109 D/dalvikvm( 6832): Compiler shutdown in progress - discarding request
02-11 17:53:07.109 D/dalvikvm( 6832): Compiler shutdown in progress - discarding request
02-11 17:53:07.109 D/dalvikvm( 6832): Compiler shutdown in progress - discarding request
02-11 17:53:07.109 D/dalvikvm( 6832): Compiler shutdown in progress - discarding request
02-11 17:53:07.109 D/dalvikvm( 6832): Compiler shutdown in progress - discarding request
02-11 17:53:07.109 D/dalvikvm( 6832): Compiler shutdown in progress - discarding request
02-11 17:53:07.109 D/dalvikvm( 6832): Compiler shutdown in progress - discarding request
02-11 17:53:07.109 D/dalvikvm( 6832): Compiler shutdown in progress - discarding request
02-11 17:53:07.109 D/dalvikvm( 6832): Compiler shutdown in progress - discarding request
02-11 17:53:07.109 D/dalvikvm( 6832): Compiler shutdown in progress - discarding request
02-11 17:53:07.109 D/dalvikvm( 6832): Compiler shutdown in progress - discarding request
02-11 17:53:07.109 D/dalvikvm( 6832): Compiler shutdown in progress - discarding request
02-11 17:53:07.109 D/dalvikvm( 6832): Compiler shutdown in progress - discarding request
02-11 17:53:07.109 D/dalvikvm( 6832): Compiler shutdown in progress - discarding request
02-11 17:53:07.109 D/dalvikvm( 6832): Compiler shutdown in progress - discarding request
02-11 17:53:07.109 D/dalvikvm( 6832): Compiler shutdown in progress - discarding request
02-11 17:53:07.109 D/dalvikvm( 6832): Compiler shutdown in progress - discarding request
02-11 17:53:07.109 D/dalvikvm( 6832): Compiler shutdown in progress - discarding request
02-11 17:53:07.109 D/dalvikvm( 6832): Compiler shutdown in progress - discarding request
02-11 17:53:07.159 D/wpa_supplicant(  651): nl80211: Drv Event 34 (NL80211_CMD_NEW_SCAN_RESULTS) received for wlan0
02-11 17:53:07.159 D/wpa_supplicant(  651): wlan0: nl80211: New scan results available
02-11 17:53:07.159 D/wpa_supplicant(  651): wlan0: Event SCAN_RESULTS (3) received
02-11 17:53:07.159 D/wpa_supplicant(  651): nl80211: Received scan results (21 BSSes)
02-11 17:53:07.159 D/wpa_supplicant(  651): nl80211: Survey data missing
02-11 17:53:07.159 D/wpa_supplicant(  651): wlan0: BSS: Start scan result update 89
02-11 17:53:07.159 D/wpa_supplicant(  651): wlan0: BSS: Add new id 224 BSSID 14:d6:4d:28:ef:c8 SSID 'dlink'
02-11 17:53:07.159 D/wpa_supplicant(  651): CTRL_IFACE monitor send - hexdump(len=39): 2f 64 61 74 61 2f 6d 69 73 63 2f 77 69 66 69 2f 73 6f 63 6b 65 74 73 2f 77 70 61 5f 63 74 72 6c ...
02-11 17:53:07.159 D/wpa_supplicant(  651): wlan0: BSS: Add new id 225 BSSID 02:1a:11:f3:a9:7d SSID 'AndroidSystem'
02-11 17:53:07.159 D/wpa_supplicant(  651): CTRL_IFACE monitor send - hexdump(len=39): 2f 64 61 74 61 2f 6d 69 73 63 2f 77 69 66 69 2f 73 6f 63 6b 65 74 73 2f 77 70 61 5f 63 74 72 6c ...
02-11 17:53:07.159 I/WifiHW  (  504): EVENT: IFNAME=wlan0 CTRL-EVENT-BSS-ADDED 224 14:d6:4d:28:ef:c8
02-11 17:53:07.159 D/wpa_supplicant(  651): wlan0: BSS: Add new id 226 BSSID 02:1a:11:f8:82:71 SSID 'Andy'
02-11 17:53:07.159 D/wpa_supplicant(  651): CTRL_IFACE monitor send - hexdump(len=39): 2f 64 61 74 61 2f 6d 69 73 63 2f 77 69 66 69 2f 73 6f 63 6b 65 74 73 2f 77 70 61 5f 63 74 72 6c ...
02-11 17:53:07.159 I/WifiHW  (  504): EVENT: IFNAME=wlan0 CTRL-EVENT-BSS-ADDED 225 02:1a:11:f3:a9:7d
02-11 17:53:07.159 D/wpa_supplicant(  651): wlan0: BSS: Add new id 227 BSSID 02:09:4c:23:ef:0a SSID 'DIRECT-'
02-11 17:53:07.159 D/wpa_supplicant(  651): CTRL_IFACE monitor send - hexdump(len=39): 2f 64 61 74 61 2f 6d 69 73 63 2f 77 69 66 69 2f 73 6f 63 6b 65 74 73 2f 77 70 61 5f 63 74 72 6c ...
02-11 17:53:07.159 I/WifiHW  (  504): EVENT: IFNAME=wlan0 CTRL-EVENT-BSS-ADDED 226 02:1a:11:f8:82:71
02-11 17:53:07.159 D/wpa_supplicant(  651): wlan0: BSS: Remove id 221 BSSID 00:36:76:07:69:a2 SSID 'dagewifi' due to no match in scan
02-11 17:53:07.159 I/WifiHW  (  504): EVENT: IFNAME=wlan0 CTRL-EVENT-BSS-ADDED 227 02:09:4c:23:ef:0a
02-11 17:53:07.159 D/wpa_supplicant(  651): CTRL_IFACE monitor send - hexdump(len=39): 2f 64 61 74 61 2f 6d 69 73 63 2f 77 69 66 69 2f 73 6f 63 6b 65 74 73 2f 77 70 61 5f 63 74 72 6c ...
02-11 17:53:07.159 D/wpa_supplicant(  651): BSS: last_scan_res_used=20/32 last_scan_full=0
02-11 17:53:07.159 D/wpa_supplicant(  651): wlan0: New scan results available
02-11 17:53:07.159 I/WifiHW  (  504): EVENT: IFNAME=wlan0 CTRL-EVENT-BSS-REMOVED 221 00:36:76:07:69:a2
02-11 17:53:07.159 D/wpa_supplicant(  651): CTRL_IFACE monitor send - hexdump(len=39): 2f 64 61 74 61 2f 6d 69 73 63 2f 77 69 66 69 2f 73 6f 63 6b 65 74 73 2f 77 70 61 5f 63 74 72 6c ...
02-11 17:53:07.159 I/WifiHW  (  504): EVENT: IFNAME=wlan0 CTRL-EVENT-SCAN-RESULTS 
02-11 17:53:07.159 D/wpa_supplicant(  651): CTRL_IFACE monitor send - hexdump(len=39): 2f 64 61 74 61 2f 6d 69 73 63 2f 77 69 66 69 2f 73 6f 63 6b 65 74 73 2f 77 70 61 5f 63 74 72 6c ...
02-11 17:53:07.159 D/wpa_supplicant(  651): Authorize channel 1
02-11 17:53:07.159 D/wpa_supplicant(  651): Authorize channel 2
02-11 17:53:07.159 D/wpa_supplicant(  651): Authorize channel 3
02-11 17:53:07.159 D/wpa_supplicant(  651): Authorize channel 4
02-11 17:53:07.159 D/wpa_supplicant(  651): Authorize channel 5
02-11 17:53:07.159 D/wpa_supplicant(  651): Authorize channel 6
02-11 17:53:07.159 D/wpa_supplicant(  651): Authorize channel 7
02-11 17:53:07.159 D/wpa_supplicant(  651): Authorize channel 8
02-11 17:53:07.159 I/WifiHW  (  504): EVENT: IFNAME=wlan0 WPS-AP-AVAILABLE 
02-11 17:53:07.159 I/WifiHW  (  504): CMD: IFNAME=wlan0 BSS RANGE=0- MASK=0x21987
02-11 17:53:07.159 D/wpa_supplicant(  651): Authorize channel 9
02-11 17:53:07.159 D/wpa_supplicant(  651): Authorize channel 10
02-11 17:53:07.159 D/wpa_supplicant(  651): Authorize channel 11
02-11 17:53:07.159 D/wpa_supplicant(  651): Authorize channel 12
02-11 17:53:07.159 D/wpa_supplicant(  651): Authorize channel 13
02-11 17:53:07.159 D/wpa_supplicant(  651): Authorize channel 1
02-11 17:53:07.159 D/wpa_supplicant(  651): Authorize channel 2
02-11 17:53:07.159 D/wpa_supplicant(  651): Authorize channel 3
02-11 17:53:07.159 D/wpa_supplicant(  651): Authorize channel 4
02-11 17:53:07.159 D/wpa_supplicant(  651): Authorize channel 5
02-11 17:53:07.159 D/wpa_supplicant(  651): Authorize channel 6
02-11 17:53:07.159 D/wpa_supplicant(  651): Authorize channel 7
02-11 17:53:07.159 D/wpa_supplicant(  651): Authorize channel 8
02-11 17:53:07.159 D/wpa_supplicant(  651): Authorize channel 9
02-11 17:53:07.159 D/wpa_supplicant(  651): Authorize channel 10
02-11 17:53:07.159 D/wpa_supplicant(  651): Authorize channel 11
02-11 17:53:07.159 D/wpa_supplicant(  651): Authorize channel 12
02-11 17:53:07.159 D/wpa_supplicant(  651): Authorize channel 13
02-11 17:53:07.159 D/wpa_supplicant(  651): Add access point on channel 6
02-11 17:53:07.159 D/wpa_supplicant(  651): Add access point on channel 11
02-11 17:53:07.159 D/wpa_supplicant(  651): Add access point on channel 6
02-11 17:53:07.159 D/wpa_supplicant(  651): Add access point on channel 11
02-11 17:53:07.159 D/wpa_supplicant(  651): Add access point on channel 11
02-11 17:53:07.159 D/wpa_supplicant(  651): Add access point on channel 6
02-11 17:53:07.159 D/wpa_supplicant(  651): Add access point on channel 4
02-11 17:53:07.159 D/wpa_supplicant(  651): Add access point on channel 6
02-11 17:53:07.159 D/wpa_supplicant(  651): Add access point on channel 9
02-11 17:53:07.159 D/wpa_supplicant(  651): Add access point on channel 6
02-11 17:53:07.159 D/wpa_supplicant(  651): Add access point on channel 6
02-11 17:53:07.159 D/wpa_supplicant(  651): Add access point on channel 11
02-11 17:53:07.159 D/wpa_supplicant(  651): Add access point on channel 1
02-11 17:53:07.159 D/wpa_supplicant(  651): Add access point on channel 6
02-11 17:53:07.159 D/wpa_supplicant(  651): Add access point on channel 1
02-11 17:53:07.159 D/wpa_supplicant(  651): Add access point on channel 6
02-11 17:53:07.159 D/wpa_supplicant(  651): Add access point on channel 6
02-11 17:53:07.159 D/wpa_supplicant(  651): Add access point on channel 6
02-11 17:53:07.159 D/wpa_supplicant(  651): Add access point on channel 6
02-11 17:53:07.159 D/wpa_supplicant(  651): Add access point on channel 8
02-11 17:53:07.159 D/wpa_supplicant(  651): Add access point on channel 1
02-11 17:53:07.159 D/wpa_supplicant(  651): Add access point on channel 6
02-11 17:53:07.159 D/wpa_supplicant(  651): Add access point on channel 6
02-11 17:53:07.159 D/wpa_supplicant(  651): Add access point on channel 6
02-11 17:53:07.159 D/wpa_supplicant(  651): Add access point on channel 1
02-11 17:53:07.159 D/wpa_supplicant(  651): Best Operating channel is = 1
02-11 17:53:07.159 D/wpa_supplicant(  651): WPS: AP[0] f8:d1:11:e7:99:e8 type=0 tries=0 last_attempt=-1 sec ago blacklist=0
02-11 17:53:07.159 D/wpa_supplicant(  651): WPS: AP[1] 10:c3:7b:d2:e5:e0 type=0 tries=0 last_attempt=-1 sec ago blacklist=0
02-11 17:53:07.159 D/wpa_supplicant(  651): WPS: AP[2] b0:48:7a:20:66:6a type=0 tries=0 last_attempt=-1 sec ago blacklist=0
02-11 17:53:07.159 D/wpa_supplicant(  651): WPS: AP[3] cc:34:29:2b:26:4c type=0 tries=0 last_attempt=-1 sec ago blacklist=0
02-11 17:53:07.159 D/wpa_supplicant(  651): WPS: AP[4] cc:34:29:2c:fb:ec type=0 tries=0 last_attempt=-1 sec ago blacklist=0
02-11 17:53:07.159 D/wpa_supplicant(  651): WPS: AP[5] 44:94:fc:3d:da:38 type=0 tries=0 last_attempt=-1 sec ago blacklist=0
02-11 17:53:07.159 D/wpa_supplicant(  651): WPS: AP[6] c0:c1:c0:76:81:3c type=0 tries=0 last_attempt=-1 sec ago blacklist=0
02-11 17:53:07.159 D/wpa_supplicant(  651): WPS: AP[7] 98:fc:11:81:35:fb type=0 tries=0 last_attempt=-1 sec ago blacklist=0
02-11 17:53:07.159 D/wpa_supplicant(  651): WPS: AP[8] b0:48:7a:51:ff:cc type=0 tries=0 last_attempt=-1 sec ago blacklist=0
02-11 17:53:07.159 D/wpa_supplicant(  651): WPS: AP[9] 14:d6:4d:28:ef:c8 type=0 tries=0 last_attempt=-1 sec ago blacklist=0
02-11 17:53:07.159 D/wpa_supplicant(  651): WPS: AP[10] 7a:ff:57:00:13:56 type=0 tries=0 last_attempt=-1 sec ago blacklist=0
02-11 17:53:07.159 D/wpa_supplicant(  651): WPS: AP[11] c8:d7:19:60:62:f2 type=0 tries=0 last_attempt=-1 sec ago blacklist=0
02-11 17:53:07.159 D/wpa_supplicant(  651): WPS: AP[12] c0:a0:bb:20:3b:84 type=0 tries=0 last_attempt=-1 sec ago blacklist=0
02-11 17:53:07.159 D/wpa_supplicant(  651): WPS: AP[13] 5e:f3:70:0c:91:9a type=0 tries=0 last_attempt=-1 sec ago blacklist=0
02-11 17:53:07.159 D/wpa_supplicant(  651): WPS: AP[14] 02:09:4c:42:36:90 type=0 tries=0 last_attempt=-1 sec ago blacklist=0
02-11 17:53:07.159 D/wpa_supplicant(  651): wlan0: Selecting BSS from priority group 17
02-11 17:53:07.159 D/wpa_supplicant(  651): wlan0: 0: 02:1a:11:f3:1a:cc ssid='Android' wpa_ie_len=0 rsn_ie_len=20 caps=0x511 level=0
02-11 17:53:07.159 D/wpa_supplicant(  651): wlan0:    skip - SSID mismatch
02-11 17:53:07.159 D/wpa_supplicant(  651): wlan0: 1: f8:d1:11:e7:99:e8 ssid='videotest' wpa_ie_len=22 rsn_ie_len=20 caps=0x531 level=-49 wps
02-11 17:53:07.159 D/wpa_supplicant(  651): wlan0:    skip - SSID mismatch
02-11 17:53:07.159 D/wpa_supplicant(  651): wlan0: 2: c8:d7:19:60:62:f2 ssid='E3000-2.4G' wpa_ie_len=28 rsn_ie_len=24 caps=0x411 level=-50 wps
02-11 17:53:07.159 D/wpa_supplicant(  651): wlan0:    skip - SSID mismatch
02-11 17:53:07.159 D/wpa_supplicant(  651): wlan0: 3: c0:c1:c0:76:81:3c ssid='E2000' wpa_ie_len=0 rsn_ie_len=20 caps=0x411 level=-51 wps
02-11 17:53:07.159 D/wpa_supplicant(  651): wlan0:    skip - SSID mismatch
02-11 17:53:07.159 D/wpa_supplicant(  651): wlan0: 4: cc:34:29:2b:26:4c ssid='cws-test' wpa_ie_len=0 rsn_ie_len=20 caps=0x431 level=-53 wps
02-11 17:53:07.159 D/wpa_supplicant(  651): wlan0:    skip - SSID mismatch
02-11 17:53:07.159 D/wpa_supplicant(  651): wlan0: 5: cc:34:29:2c:fb:ec ssid='linksys' wpa_ie_len=22 rsn_ie_len=20 caps=0x431 level=-54 wps
02-11 17:53:07.159 D/wpa_supplicant(  651): wlan0:    skip - SSID mismatch
02-11 17:53:07.159 D/wpa_supplicant(  651): wlan0: 6: 02:1a:11:f2:d4:75 ssid='test only' wpa_ie_len=0 rsn_ie_len=20 caps=0x431 level=-58
02-11 17:53:07.159 D/wpa_supplicant(  651): wlan0:    skip - SSID mismatch
02-11 17:53:07.159 D/wpa_supplicant(  651): wlan0: 7: 10:c3:7b:d2:e5:e0 ssid='ASUS_RT-AC66U-2.4G' wpa_ie_len=0 rsn_ie_len=20 caps=0x411 level=-61 wps
02-11 17:53:07.159 D/wpa_supplicant(  651): wlan0:    skip - SSID mismatch
02-11 17:53:07.159 D/wpa_supplicant(  651): wlan0: 8: 44:94:fc:3d:da:38 ssid='6300' wpa_ie_len=0 rsn_ie_len=20 caps=0x411 level=-62 wps
02-11 17:53:07.159 D/wpa_supplicant(  651): wlan0:    skip - SSID mismatch
02-11 17:53:07.159 D/wpa_supplicant(  651): wlan0: 9: b0:48:7a:20:66:6a ssid='TP-LINK_20666A' wpa_ie_len=22 rsn_ie_len=20 caps=0x431 level=-62 wps
02-11 17:53:07.159 D/wpa_supplicant(  651): wlan0:    skip - SSID mismatch
02-11 17:53:07.159 D/wpa_supplicant(  651): wlan0: 10: 02:1a:11:fb:b5:2e ssid='io1' wpa_ie_len=0 rsn_ie_len=20 caps=0x431 level=-63
02-11 17:53:07.159 D/wpa_supplicant(  651): wlan0:    skip - SSID mismatch
02-11 17:53:07.159 D/wpa_supplicant(  651): wlan0: 11: 02:1a:11:fa:9e:f1 ssid='love U forever' wpa_ie_len=0 rsn_ie_len=20 caps=0x431 level=-64
02-11 17:53:07.159 D/wpa_supplicant(  651): wlan0:    skip - SSID mismatch
02-11 17:53:07.159 D/wpa_supplicant(  651): wlan0: 12: 14:d6:4d:28:ef:c8 ssid='dlink' wpa_ie_len=0 rsn_ie_len=20 caps=0x31 level=-64 wps
02-11 17:53:07.159 D/wpa_supplicant(  651): wlan0:    skip - SSID mismatch
02-11 17:53:07.159 D/wpa_supplicant(  651): wlan0: 13: b0:48:7a:51:ff:cc ssid='Neusoft TP' wpa_ie_len=22 rsn_ie_len=20 caps=0x431 level=-67 wps
02-11 17:53:07.159 D/wpa_supplicant(  651): wlan0:    skip - SSID mismatch
02-11 17:53:07.159 D/wpa_supplicant(  651): wlan0: 14: 80:1f:02:43:fb:e8 ssid='Edimax AP' wpa_ie_len=0 rsn_ie_len=20 caps=0x411 level=-68
02-11 17:53:07.159 D/wpa_supplicant(  651): wlan0:    skip - SSID mismatch
02-11 17:53:07.159 D/wpa_supplicant(  651): wlan0: 15: 02:1a:11:f3:a9:7d ssid='AndroidSystem' wpa_ie_len=0 rsn_ie_len=20 caps=0x511 level=-70
02-11 17:53:07.159 D/wpa_supplicant(  651): wlan0:    skip - SSID mismatch
02-11 17:53:07.159 D/wpa_supplicant(  651): wlan0: 16: 02:1a:11:f8:82:71 ssid='Andy' wpa_ie_len=0 rsn_ie_len=20 caps=0x511 level=-76
02-11 17:53:07.159 D/wpa_supplicant(  651): wlan0:    skip - SSID mismatch
02-11 17:53:07.159 D/wpa_supplicant(  651): wlan0: 17: 00:0f:e2:0f:9f:c1 ssid='321_WAN' wpa_ie_len=28 rsn_ie_len=24 caps=0x411 level=-80
02-11 17:53:07.159 D/wpa_supplicant(  651): wlan0:    skip - SSID mismatch
02-11 17:53:07.159 D/wpa_supplicant(  651): wlan0: 18: 02:1a:11:fb:99:d1 ssid='AndroidAPmm123' wpa_ie_len=0 rsn_ie_len=20 caps=0x411 level=-85
02-11 17:53:07.159 D/wpa_supplicant(  651): wlan0:    skip - SSID mismatch
02-11 17:53:07.159 D/wpa_supplicant(  651): wlan0: 19: 02:09:4c:23:ef:0a ssid='DIRECT-' wpa_ie_len=0 rsn_ie_len=0 caps=0x410 level=-77
02-11 17:53:07.159 D/wpa_supplicant(  651): wlan0:    skip - SSID mismatch
02-11 17:53:07.159 D/wpa_supplicant(  651): wlan0: Selecting BSS from priority group 15
02-11 17:53:07.159 D/wpa_supplicant(  651): wlan0: 0: 02:1a:11:f3:1a:cc ssid='Android' wpa_ie_len=0 rsn_ie_len=20 caps=0x511 level=0
02-11 17:53:07.159 D/wpa_supplicant(  651): wlan0:    skip - SSID mismatch
02-11 17:53:07.159 D/wpa_supplicant(  651): wlan0: 1: f8:d1:11:e7:99:e8 ssid='videotest' wpa_ie_len=22 rsn_ie_len=20 caps=0x531 level=-49 wps
02-11 17:53:07.159 D/wpa_supplicant(  651): wlan0:    skip - SSID mismatch
02-11 17:53:07.159 D/wpa_supplicant(  651): wlan0: 2: c8:d7:19:60:62:f2 ssid='E3000-2.4G' wpa_ie_len=28 rsn_ie_len=24 caps=0x411 level=-50 wps
02-11 17:53:07.159 D/wpa_supplicant(  651): wlan0:    skip - SSID mismatch
02-11 17:53:07.159 D/wpa_supplicant(  651): wlan0: 3: c0:c1:c0:76:81:3c ssid='E2000' wpa_ie_len=0 rsn_ie_len=20 caps=0x411 level=-51 wps
02-11 17:53:07.159 D/wpa_supplicant(  651): wlan0:    skip - SSID mismatch
02-11 17:53:07.159 D/wpa_supplicant(  651): wlan0: 4: cc:34:29:2b:26:4c ssid='cws-test' wpa_ie_len=0 rsn_ie_len=20 caps=0x431 level=-53 wps
02-11 17:53:07.159 D/wpa_supplicant(  651): wlan0:    skip - SSID mismatch
02-11 17:53:07.159 D/wpa_supplicant(  651): wlan0: 5: cc:34:29:2c:fb:ec ssid='linksys' wpa_ie_len=22 rsn_ie_len=20 caps=0x431 level=-54 wps
02-11 17:53:07.159 D/wpa_supplicant(  651): wlan0:    skip - SSID mismatch
02-11 17:53:07.159 D/wpa_supplicant(  651): wlan0: 6: 02:1a:11:f2:d4:75 ssid='test only' wpa_ie_len=0 rsn_ie_len=20 caps=0x431 level=-58
02-11 17:53:07.159 D/wpa_supplicant(  651): wlan0:    skip - SSID mismatch
02-11 17:53:07.159 D/wpa_supplicant(  651): wlan0: 7: 10:c3:7b:d2:e5:e0 ssid='ASUS_RT-AC66U-2.4G' wpa_ie_len=0 rsn_ie_len=20 caps=0x411 level=-61 wps
02-11 17:53:07.159 D/wpa_supplicant(  651): wlan0:    skip - SSID mismatch
02-11 17:53:07.159 D/wpa_supplicant(  651): wlan0: 8: 44:94:fc:3d:da:38 ssid='6300' wpa_ie_len=0 rsn_ie_len=20 caps=0x411 level=-62 wps
02-11 17:53:07.159 D/wpa_supplicant(  651): wlan0:    skip - SSID mismatch
02-11 17:53:07.159 D/wpa_supplicant(  651): wlan0: 9: b0:48:7a:20:66:6a ssid='TP-LINK_20666A' wpa_ie_len=22 rsn_ie_len=20 caps=0x431 level=-62 wps
02-11 17:53:07.159 D/wpa_supplicant(  651): wlan0:    skip - SSID mismatch
02-11 17:53:07.159 D/wpa_supplicant(  651): wlan0: 10: 02:1a:11:fb:b5:2e ssid='io1' wpa_ie_len=0 rsn_ie_len=20 caps=0x431 level=-63
02-11 17:53:07.159 D/wpa_supplicant(  651): wlan0:    skip - SSID mismatch
02-11 17:53:07.159 D/wpa_supplicant(  651): wlan0: 11: 02:1a:11:fa:9e:f1 ssid='love U forever' wpa_ie_len=0 rsn_ie_len=20 caps=0x431 level=-64
02-11 17:53:07.159 D/wpa_supplicant(  651): wlan0:    skip - SSID mismatch
02-11 17:53:07.159 D/wpa_supplicant(  651): wlan0: 12: 14:d6:4d:28:ef:c8 ssid='dlink' wpa_ie_len=0 rsn_ie_len=20 caps=0x31 level=-64 wps
02-11 17:53:07.159 D/wpa_supplicant(  651): wlan0:    skip - SSID mismatch
02-11 17:53:07.159 D/wpa_supplicant(  651): wlan0: 13: b0:48:7a:51:ff:cc ssid='Neusoft TP' wpa_ie_len=22 rsn_ie_len=20 caps=0x431 level=-67 wps
02-11 17:53:07.159 D/wpa_supplicant(  651): wlan0:    skip - SSID mismatch
02-11 17:53:07.159 D/wpa_supplicant(  651): wlan0: 14: 80:1f:02:43:fb:e8 ssid='Edimax AP' wpa_ie_len=0 rsn_ie_len=20 caps=0x411 level=-68
02-11 17:53:07.159 D/wpa_supplicant(  651): wlan0:    skip - SSID mismatch
02-11 17:53:07.159 D/wpa_supplicant(  651): wlan0: 15: 02:1a:11:f3:a9:7d ssid='AndroidSystem' wpa_ie_len=0 rsn_ie_len=20 caps=0x511 level=-70
02-11 17:53:07.159 D/wpa_supplicant(  651): wlan0:    skip - SSID mismatch
02-11 17:53:07.159 D/wpa_supplicant(  651): wlan0: 16: 02:1a:11:f8:82:71 ssid='Andy' wpa_ie_len=0 rsn_ie_len=20 caps=0x511 level=-76
02-11 17:53:07.159 D/wpa_supplicant(  651): wlan0:    skip - SSID mismatch
02-11 17:53:07.159 D/wpa_supplicant(  651): wlan0: 17: 00:0f:e2:0f:9f:c1 ssid='321_WAN' wpa_ie_len=28 rsn_ie_len=24 caps=0x411 level=-80
02-11 17:53:07.159 D/wpa_supplicant(  651): wlan0:    skip - SSID mismatch
02-11 17:53:07.159 D/wpa_supplicant(  651): wlan0: 18: 02:1a:11:fb:99:d1 ssid='AndroidAPmm123' wpa_ie_len=0 rsn_ie_len=20 caps=0x411 level=-85
02-11 17:53:07.159 D/wpa_supplicant(  651): wlan0:    skip - SSID mismatch
02-11 17:53:07.159 D/wpa_supplicant(  651): wlan0: 19: 02:09:4c:23:ef:0a ssid='DIRECT-' wpa_ie_len=0 rsn_ie_len=0 caps=0x410 level=-77
02-11 17:53:07.159 D/wpa_supplicant(  651): wlan0:    skip - SSID mismatch
02-11 17:53:07.159 D/wpa_supplicant(  651): wlan0: Selecting BSS from priority group 4
02-11 17:53:07.159 D/wpa_supplicant(  651): wlan0: 0: 02:1a:11:f3:1a:cc ssid='Android' wpa_ie_len=0 rsn_ie_len=20 caps=0x511 level=0
02-11 17:53:07.159 D/wpa_supplicant(  651): wlan0:    skip - disabled
02-11 17:53:07.159 D/wpa_supplicant(  651): wlan0: 1: f8:d1:11:e7:99:e8 ssid='videotest' wpa_ie_len=22 rsn_ie_len=20 caps=0x531 level=-49 wps
