02-11 17:47:41.529 W/BindingManager( 5693): Cannot call determinedVisibility() - never saw a connection for the pid: 5693
02-11 17:47:45.249 W/BindingManager( 5693): Cannot call determinedVisibility() - never saw a connection for the pid: 5693
02-11 17:47:48.419 W/BindingManager( 5693): Cannot call determinedVisibility() - never saw a connection for the pid: 5693
02-11 17:47:49.399 W/BindingManager( 5693): Cannot call determinedVisibility() - never saw a connection for the pid: 5693
02-11 17:47:49.769 W/BindingManager( 5693): Cannot call determinedVisibility() - never saw a connection for the pid: 5693
02-11 17:47:59.999 D/Clock   (  566): ACTION_TIME_TICK
02-11 17:47:59.999 D/Clock   (  566): update clock:5:48
02-11 17:48:00.029 D/BatteryStatsImpl(  504): noteStopWakeLocked system isFromForeground = false
02-11 17:48:04.019 D/EVENT_THREAD(  183): void CEventThread::run() POLLIN event on Fd (1)
02-11 17:48:04.019 D/EVENT_THREAD(  183): void CEventThread::run() Do poll with timeout: -1
02-11 17:48:05.909 D/EVENT_THREAD(  183): void CEventThread::run() POLLIN event on Fd (1)
02-11 17:48:05.909 D/EVENT_THREAD(  183): void CEventThread::run() Do poll with timeout: -1
02-11 17:48:05.919 D/EVENT_THREAD(  183): void CEventThread::run() POLLIN event on Fd (1)
02-11 17:48:05.919 D/EVENT_THREAD(  183): void CEventThread::run() Do poll with timeout: -1
02-11 17:48:05.919 I/upi_ug31xx(  166): (326) update_capacity
02-11 17:48:05.919 I/[UPI]   (  166): <UG31/E>[UpiReadCapacity]: V=4048(4041), T=318(321-379), I=-226, C=-3(-3-0)
02-11 17:48:05.919 I/[UPI]   (  166): <UG31/E>[UpiReadCapacity]: (0x0001254a) 3112 (3035) / 3926 (4026) = 79
02-11 17:48:05.919 I/[UPI]   (  166): <UG31/E>[UpiReadCapacity]: (0x0001254a) 3112 (3035) / 3926 (4026) = 79
02-11 17:48:05.919 I/[UPI]   (  166): <UG31/E>[UpiReadCapacity]: (0x0001254a) 3109 (3109) / 3926 (4026) = 79
02-11 17:48:05.919 I/[UPI]   (  166): <UG31/E>[RsocFilterCountTime]: (0x0001254a) Step=19(1184580), Full=19(1184580), Lock=1184580(1800000)
02-11 17:48:05.919 I/[UPI]   (  166): <UG31/E>[UpiReadCapacity]: (0x0001254a) 3109 (3109) / 3926 (4026) = 79 (-226--226)
02-11 17:48:05.919 I/[UPI]   (  166): <UG31/E><BATT> M:normal, P:79(79-79)%, V:4038mV, C:-230mA, T:32.1C(379), S:0x0001254a(000), R:3109mAh, F:3926mAh, Q:-266mAh, CC:3, P:30.410(266-0)s, BO:7, 97:615:0-44af-9m:B001-20140514-144301 (16)
02-11 17:48:05.919 I/upi_ug31xx(  166): (327) backup_data 
02-11 17:48:05.919 V/upi_ug31xx(  166): state->check_backup_count = 21
02-11 17:48:17.559 D/wpa_supplicant(  651): wlan0: Starting AP scan for wildcard SSID
02-11 17:48:17.559 D/wpa_supplicant(  651): WPS: Building WPS IE for Probe Request
02-11 17:48:17.559 D/wpa_supplicant(  651): WPS:  * Version (hardcoded 0x10)
02-11 17:48:17.559 D/wpa_supplicant(  651): WPS:  * Request Type
02-11 17:48:17.559 D/wpa_supplicant(  651): WPS:  * Config Methods (4288)
02-11 17:48:17.559 D/wpa_supplicant(  651): WPS:  * UUID-E
02-11 17:48:17.559 D/wpa_supplicant(  651): WPS:  * Primary Device Type
02-11 17:48:17.559 D/wpa_supplicant(  651): WPS:  * RF Bands (1)
02-11 17:48:17.559 D/wpa_supplicant(  651): WPS:  * Association State
02-11 17:48:17.559 D/wpa_supplicant(  651): WPS:  * Configuration Error (0)
02-11 17:48:17.559 D/wpa_supplicant(  651): WPS:  * Device Password ID (0)
02-11 17:48:17.559 D/wpa_supplicant(  651): WPS:  * Manufacturer
02-11 17:48:17.559 D/wpa_supplicant(  651): WPS:  * Model Name
02-11 17:48:17.559 D/wpa_supplicant(  651): WPS:  * Model Number
02-11 17:48:17.559 D/wpa_supplicant(  651): WPS:  * Device Name
02-11 17:48:17.559 D/wpa_supplicant(  651): WPS:  * Version2 (0x20)
02-11 17:48:17.559 D/wpa_supplicant(  651): P2P: * P2P IE header
02-11 17:48:17.559 D/wpa_supplicant(  651): P2P: * Capability dev=25 group=00
02-11 17:48:17.559 D/wpa_supplicant(  651): P2P: * Listen Channel: Regulatory Class 81 Channel 11
02-11 17:48:17.559 D/wpa_supplicant(  651): wlan0: nl80211: scan request
02-11 17:48:17.629 D/wpa_supplicant(  651): Scan requested (ret=0) - scan timeout 30 seconds
02-11 17:48:17.629 D/wpa_supplicant(  651): nl80211: Drv Event 33 (NL80211_CMD_TRIGGER_SCAN) received for wlan0
02-11 17:48:17.629 D/wpa_supplicant(  651): wlan0: nl80211: Scan trigger
02-11 17:48:18.749 D/wpa_supplicant(  651): nl80211: Drv Event 34 (NL80211_CMD_NEW_SCAN_RESULTS) received for wlan0
02-11 17:48:18.749 D/wpa_supplicant(  651): wlan0: nl80211: New scan results available
02-11 17:48:18.749 D/wpa_supplicant(  651): wlan0: Event SCAN_RESULTS (3) received
02-11 17:48:18.749 D/wpa_supplicant(  651): nl80211: Received scan results (14 BSSes)
02-11 17:48:18.749 D/wpa_supplicant(  651): nl80211: Survey data missing
02-11 17:48:18.749 D/wpa_supplicant(  651): wlan0: BSS: Start scan result update 82
02-11 17:48:18.749 D/wpa_supplicant(  651): wlan0: BSS: Remove id 204 BSSID e4:d3:32:c0:cf:a4 SSID 'fast' due to no match in scan
02-11 17:48:18.749 D/wpa_supplicant(  651): CTRL_IFACE monitor send - hexdump(len=39): 2f 64 61 74 61 2f 6d 69 73 63 2f 77 69 66 69 2f 73 6f 63 6b 65 74 73 2f 77 70 61 5f 63 74 72 6c ...
02-11 17:48:18.749 D/wpa_supplicant(  651): wlan0: BSS: Remove id 209 BSSID e4:d3:32:dd:18:62 SSID 'Internet' due to no match in scan
02-11 17:48:18.749 D/wpa_supplicant(  651): CTRL_IFACE monitor send - hexdump(len=39): 2f 64 61 74 61 2f 6d 69 73 63 2f 77 69 66 69 2f 73 6f 63 6b 65 74 73 2f 77 70 61 5f 63 74 72 6c ...
02-11 17:48:18.749 D/wpa_supplicant(  651): BSS: last_scan_res_used=14/32 last_scan_full=0
02-11 17:48:18.749 D/wpa_supplicant(  651): wlan0: New scan results available
02-11 17:48:18.749 D/wpa_supplicant(  651): CTRL_IFACE monitor send - hexdump(len=39): 2f 64 61 74 61 2f 6d 69 73 63 2f 77 69 66 69 2f 73 6f 63 6b 65 74 73 2f 77 70 61 5f 63 74 72 6c ...
02-11 17:48:18.749 D/wpa_supplicant(  651): CTRL_IFACE monitor send - hexdump(len=39): 2f 64 61 74 61 2f 6d 69 73 63 2f 77 69 66 69 2f 73 6f 63 6b 65 74 73 2f 77 70 61 5f 63 74 72 6c ...
02-11 17:48:18.749 D/wpa_supplicant(  651): Authorize channel 1
02-11 17:48:18.749 D/wpa_supplicant(  651): Authorize channel 2
02-11 17:48:18.749 D/wpa_supplicant(  651): Authorize channel 3
02-11 17:48:18.749 D/wpa_supplicant(  651): Authorize channel 4
02-11 17:48:18.749 D/wpa_supplicant(  651): Authorize channel 5
02-11 17:48:18.749 D/wpa_supplicant(  651): Authorize channel 6
02-11 17:48:18.749 D/wpa_supplicant(  651): Authorize channel 7
02-11 17:48:18.749 D/wpa_supplicant(  651): Authorize channel 8
02-11 17:48:18.749 D/wpa_supplicant(  651): Authorize channel 9
02-11 17:48:18.749 D/wpa_supplicant(  651): Authorize channel 10
02-11 17:48:18.749 D/wpa_supplicant(  651): Authorize channel 11
02-11 17:48:18.749 D/wpa_supplicant(  651): Authorize channel 12
02-11 17:48:18.749 D/wpa_supplicant(  651): Authorize channel 13
02-11 17:48:18.749 D/wpa_supplicant(  651): Authorize channel 1
02-11 17:48:18.749 D/wpa_supplicant(  651): Authorize channel 2
02-11 17:48:18.749 D/wpa_supplicant(  651): Authorize channel 3
02-11 17:48:18.749 D/wpa_supplicant(  651): Authorize channel 4
02-11 17:48:18.749 D/wpa_supplicant(  651): Authorize channel 5
02-11 17:48:18.749 D/wpa_supplicant(  651): Authorize channel 6
02-11 17:48:18.749 D/wpa_supplicant(  651): Authorize channel 7
02-11 17:48:18.749 D/wpa_supplicant(  651): Authorize channel 8
02-11 17:48:18.749 D/wpa_supplicant(  651): Authorize channel 9
02-11 17:48:18.749 D/wpa_supplicant(  651): Authorize channel 10
02-11 17:48:18.749 D/wpa_supplicant(  651): Authorize channel 11
02-11 17:48:18.749 D/wpa_supplicant(  651): Authorize channel 12
02-11 17:48:18.749 D/wpa_supplicant(  651): Authorize channel 13
02-11 17:48:18.749 D/wpa_supplicant(  651): Add access point on channel 6
02-11 17:48:18.749 D/wpa_supplicant(  651): Add access point on channel 11
02-11 17:48:18.749 D/wpa_supplicant(  651): Add access point on channel 6
02-11 17:48:18.749 D/wpa_supplicant(  651): Add access point on channel 11
02-11 17:48:18.749 D/wpa_supplicant(  651): Add access point on channel 11
02-11 17:48:18.749 D/wpa_supplicant(  651): Add access point on channel 6
02-11 17:48:18.749 D/wpa_supplicant(  651): Add access point on channel 4
02-11 17:48:18.749 D/wpa_supplicant(  651): Add access point on channel 6
02-11 17:48:18.749 D/wpa_supplicant(  651): Add access point on channel 9
02-11 17:48:18.749 D/wpa_supplicant(  651): Add access point on channel 6
02-11 17:48:18.749 D/wpa_supplicant(  651): Add access point on channel 6
02-11 17:48:18.749 D/wpa_supplicant(  651): Add access point on channel 6
02-11 17:48:18.749 D/wpa_supplicant(  651): Add access point on channel 6
02-11 17:48:18.749 D/wpa_supplicant(  651): Add access point on channel 11
02-11 17:48:18.749 D/wpa_supplicant(  651): Add access point on channel 1
02-11 17:48:18.749 D/wpa_supplicant(  651): Add access point on channel 1
02-11 17:48:18.749 D/wpa_supplicant(  651): Add access point on channel 2
02-11 17:48:18.749 D/wpa_supplicant(  651): Add access point on channel 6
02-11 17:48:18.749 D/wpa_supplicant(  651): Add access point on channel 6
02-11 17:48:18.749 D/wpa_supplicant(  651): Add access point on channel 6
02-11 17:48:18.749 D/wpa_supplicant(  651): Add access point on channel 1
02-11 17:48:18.749 D/wpa_supplicant(  651): Add access point on channel 6
02-11 17:48:18.749 D/wpa_supplicant(  651): Best Operating channel is = 11
02-11 17:48:18.749 D/wpa_supplicant(  651): WPS: AP[0] f8:d1:11:e7:99:e8 type=0 tries=0 last_attempt=-1 sec ago blacklist=0
02-11 17:48:18.749 D/wpa_supplicant(  651): WPS: AP[1] 10:c3:7b:d2:e5:e0 type=0 tries=0 last_attempt=-1 sec ago blacklist=0
02-11 17:48:18.749 D/wpa_supplicant(  651): WPS: AP[2] b0:48:7a:20:66:6a type=0 tries=0 last_attempt=-1 sec ago blacklist=0
02-11 17:48:18.749 D/wpa_supplicant(  651): WPS: AP[3] cc:34:29:2b:26:4c type=0 tries=0 last_attempt=-1 sec ago blacklist=0
02-11 17:48:18.749 D/wpa_supplicant(  651): WPS: AP[4] cc:34:29:2c:fb:ec type=0 tries=0 last_attempt=-1 sec ago blacklist=0
02-11 17:48:18.749 D/wpa_supplicant(  651): WPS: AP[5] 44:94:fc:3d:da:38 type=0 tries=0 last_attempt=-1 sec ago blacklist=0
02-11 17:48:18.749 D/wpa_supplicant(  651): WPS: AP[6] c0:c1:c0:76:81:3c type=0 tries=0 last_attempt=-1 sec ago blacklist=0
02-11 17:48:18.749 D/wpa_supplicant(  651): WPS: AP[7] 98:fc:11:81:35:fb type=0 tries=0 last_attempt=-1 sec ago blacklist=0
02-11 17:48:18.749 D/wpa_supplicant(  651): WPS: AP[8] b0:48:7a:51:ff:cc type=0 tries=0 last_attempt=-1 sec ago blacklist=0
02-11 17:48:18.749 D/wpa_supplicant(  651): WPS: AP[9] 14:d6:4d:28:ef:c8 type=0 tries=0 last_attempt=-1 sec ago blacklist=0
02-11 17:48:18.749 D/wpa_supplicant(  651): WPS: AP[10] 7a:ff:57:00:13:56 type=0 tries=0 last_attempt=-1 sec ago blacklist=0
02-11 17:48:18.749 D/wpa_supplicant(  651): WPS: AP[11] c8:d7:19:60:62:f2 type=0 tries=0 last_attempt=-1 sec ago blacklist=0
02-11 17:48:18.749 D/wpa_supplicant(  651): WPS: AP[12] c0:a0:bb:20:3b:84 type=0 tries=0 last_attempt=-1 sec ago blacklist=0
02-11 17:48:18.749 D/wpa_supplicant(  651): WPS: AP[13] 5e:f3:70:0c:91:9a type=0 tries=0 last_attempt=-1 sec ago blacklist=0
02-11 17:48:18.749 D/wpa_supplicant(  651): wlan0: Selecting BSS from priority group 17
02-11 17:48:18.749 D/wpa_supplicant(  651): wlan0: 0: 02:1a:11:f3:1a:cc ssid='Android' wpa_ie_len=0 rsn_ie_len=20 caps=0x511 level=-3
02-11 17:48:18.749 D/wpa_supplicant(  651): wlan0:    skip - SSID mismatch
02-11 17:48:18.749 D/wpa_supplicant(  651): wlan0: 1: f8:d1:11:e7:99:e8 ssid='videotest' wpa_ie_len=22 rsn_ie_len=20 caps=0x531 level=-50 wps
02-11 17:48:18.749 D/wpa_supplicant(  651): wlan0:    skip - SSID mismatch
02-11 17:48:18.749 D/wpa_supplicant(  651): wlan0: 2: 44:94:fc:3d:da:38 ssid='6300' wpa_ie_len=0 rsn_ie_len=20 caps=0x411 level=-53 wps
02-11 17:48:18.749 D/wpa_supplicant(  651): wlan0:    skip - SSID mismatch
02-11 17:48:18.749 D/wpa_supplicant(  651): wlan0: 3: c0:c1:c0:76:81:3c ssid='E2000' wpa_ie_len=0 rsn_ie_len=20 caps=0x411 level=-54 wps
02-11 17:48:18.749 D/wpa_supplicant(  651): wlan0:    skip - SSID mismatch
02-11 17:48:18.749 D/wpa_supplicant(  651): wlan0: 4: cc:34:29:2b:26:4c ssid='cws-test' wpa_ie_len=0 rsn_ie_len=20 caps=0x431 level=-56 wps
02-11 17:48:18.749 D/wpa_supplicant(  651): wlan0:    skip - SSID mismatch
02-11 17:48:18.749 D/wpa_supplicant(  651): wlan0: 5: cc:34:29:2c:fb:ec ssid='linksys' wpa_ie_len=22 rsn_ie_len=20 caps=0x431 level=-62 wps
02-11 17:48:18.749 D/wpa_supplicant(  651): wlan0:    skip - SSID mismatch
02-11 17:48:18.749 D/wpa_supplicant(  651): wlan0: 6: 10:c3:7b:d2:e5:e0 ssid='ASUS_RT-AC66U-2.4G' wpa_ie_len=0 rsn_ie_len=20 caps=0x411 level=-62 wps
02-11 17:48:18.749 D/wpa_supplicant(  651): wlan0:    skip - SSID mismatch
02-11 17:48:18.749 D/wpa_supplicant(  651): wlan0: 7: b0:48:7a:51:ff:cc ssid='Neusoft TP' wpa_ie_len=22 rsn_ie_len=20 caps=0x431 level=-63 wps
02-11 17:48:18.749 D/wpa_supplicant(  651): wlan0:    skip - SSID mismatch
02-11 17:48:18.749 D/wpa_supplicant(  651): wlan0: 8: 02:1a:11:fa:9e:f1 ssid='love U forever' wpa_ie_len=0 rsn_ie_len=20 caps=0x431 level=-64
02-11 17:48:18.749 D/wpa_supplicant(  651): wlan0:    skip - SSID mismatch
02-11 17:48:18.749 D/wpa_supplicant(  651): wlan0: 9: 14:d6:4d:28:ef:c8 ssid='dlink' wpa_ie_len=0 rsn_ie_len=20 caps=0x31 level=-68 wps
02-11 17:48:18.749 D/wpa_supplicant(  651): wlan0:    skip - SSID mismatch
02-11 17:48:18.749 D/wpa_supplicant(  651): wlan0: 10: 02:1a:11:f2:d4:75 ssid='test only' wpa_ie_len=0 rsn_ie_len=20 caps=0x431 level=-73
02-11 17:48:18.749 D/wpa_supplicant(  651): wlan0:    skip - SSID mismatch
02-11 17:48:18.749 D/wpa_supplicant(  651): wlan0: 11: 1c:65:9d:e8:79:44 ssid='WiFi' wpa_ie_len=0 rsn_ie_len=20 caps=0x511 level=-76
02-11 17:48:18.749 D/wpa_supplicant(  651): wlan0:    skip - SSID mismatch
02-11 17:48:18.749 D/wpa_supplicant(  651): wlan0: 12: 00:0f:e2:0f:9f:c1 ssid='321_WAN' wpa_ie_len=28 rsn_ie_len=24 caps=0x411 level=-84
02-11 17:48:18.749 D/wpa_supplicant(  651): wlan0:    skip - SSID mismatch
02-11 17:48:18.749 D/wpa_supplicant(  651): wlan0: 13: 50:bd:5f:4b:29:92 ssid='Internet-2' wpa_ie_len=0 rsn_ie_len=0 caps=0x421 level=-66
02-11 17:48:18.749 D/wpa_supplicant(  651): wlan0:    skip - SSID mismatch
02-11 17:48:18.749 D/wpa_supplicant(  651): wlan0: Selecting BSS from priority group 15
02-11 17:48:18.749 D/wpa_supplicant(  651): wlan0: 0: 02:1a:11:f3:1a:cc ssid='Android' wpa_ie_len=0 rsn_ie_len=20 caps=0x511 level=-3
02-11 17:48:18.749 D/wpa_supplicant(  651): wlan0:    skip - SSID mismatch
02-11 17:48:18.749 D/wpa_supplicant(  651): wlan0: 1: f8:d1:11:e7:99:e8 ssid='videotest' wpa_ie_len=22 rsn_ie_len=20 caps=0x531 level=-50 wps
02-11 17:48:18.749 D/wpa_supplicant(  651): wlan0:    skip - SSID mismatch
02-11 17:48:18.749 D/wpa_supplicant(  651): wlan0: 2: 44:94:fc:3d:da:38 ssid='6300' wpa_ie_len=0 rsn_ie_len=20 caps=0x411 level=-53 wps
02-11 17:48:18.749 D/wpa_supplicant(  651): wlan0:    skip - SSID mismatch
02-11 17:48:18.749 D/wpa_supplicant(  651): wlan0: 3: c0:c1:c0:76:81:3c ssid='E2000' wpa_ie_len=0 rsn_ie_len=20 caps=0x411 level=-54 wps
02-11 17:48:18.749 D/wpa_supplicant(  651): wlan0:    skip - SSID mismatch
02-11 17:48:18.749 D/wpa_supplicant(  651): wlan0: 4: cc:34:29:2b:26:4c ssid='cws-test' wpa_ie_len=0 rsn_ie_len=20 caps=0x431 level=-56 wps
02-11 17:48:18.749 D/wpa_supplicant(  651): wlan0:    skip - SSID mismatch
02-11 17:48:18.749 D/wpa_supplicant(  651): wlan0: 5: cc:34:29:2c:fb:ec ssid='linksys' wpa_ie_len=22 rsn_ie_len=20 caps=0x431 level=-62 wps
02-11 17:48:18.749 D/wpa_supplicant(  651): wlan0:    skip - SSID mismatch
02-11 17:48:18.749 D/wpa_supplicant(  651): wlan0: 6: 10:c3:7b:d2:e5:e0 ssid='ASUS_RT-AC66U-2.4G' wpa_ie_len=0 rsn_ie_len=20 caps=0x411 level=-62 wps
02-11 17:48:18.749 D/wpa_supplicant(  651): wlan0:    skip - SSID mismatch
02-11 17:48:18.749 D/wpa_supplicant(  651): wlan0: 7: b0:48:7a:51:ff:cc ssid='Neusoft TP' wpa_ie_len=22 rsn_ie_len=20 caps=0x431 level=-63 wps
02-11 17:48:18.749 D/wpa_supplicant(  651): wlan0:    skip - SSID mismatch
02-11 17:48:18.749 D/wpa_supplicant(  651): wlan0: 8: 02:1a:11:fa:9e:f1 ssid='love U forever' wpa_ie_len=0 rsn_ie_len=20 caps=0x431 level=-64
02-11 17:48:18.749 D/wpa_supplicant(  651): wlan0:    skip - SSID mismatch
02-11 17:48:18.749 D/wpa_supplicant(  651): wlan0: 9: 14:d6:4d:28:ef:c8 ssid='dlink' wpa_ie_len=0 rsn_ie_len=20 caps=0x31 level=-68 wps
02-11 17:48:18.749 D/wpa_supplicant(  651): wlan0:    skip - SSID mismatch
02-11 17:48:18.749 D/wpa_supplicant(  651): wlan0: 10: 02:1a:11:f2:d4:75 ssid='test only' wpa_ie_len=0 rsn_ie_len=20 caps=0x431 level=-73
02-11 17:48:18.749 D/wpa_supplicant(  651): wlan0:    skip - SSID mismatch
02-11 17:48:18.749 D/wpa_supplicant(  651): wlan0: 11: 1c:65:9d:e8:79:44 ssid='WiFi' wpa_ie_len=0 rsn_ie_len=20 caps=0x511 level=-76
02-11 17:48:18.749 D/wpa_supplicant(  651): wlan0:    skip - SSID mismatch
02-11 17:48:18.749 D/wpa_supplicant(  651): wlan0: 12: 00:0f:e2:0f:9f:c1 ssid='321_WAN' wpa_ie_len=28 rsn_ie_len=24 caps=0x411 level=-84
02-11 17:48:18.749 D/wpa_supplicant(  651): wlan0:    skip - SSID mismatch
02-11 17:48:18.749 D/wpa_supplicant(  651): wlan0: 13: 50:bd:5f:4b:29:92 ssid='Internet-2' wpa_ie_len=0 rsn_ie_len=0 caps=0x421 level=-66
02-11 17:48:18.749 D/wpa_supplicant(  651): wlan0:    skip - SSID mismatch
02-11 17:48:18.749 D/wpa_supplicant(  651): wlan0: Selecting BSS from priority group 4
02-11 17:48:18.749 D/wpa_supplicant(  651): wlan0: 0: 02:1a:11:f3:1a:cc ssid='Android' wpa_ie_len=0 rsn_ie_len=20 caps=0x511 level=-3
02-11 17:48:18.749 D/wpa_supplicant(  651): wlan0:    skip - disabled
02-11 17:48:18.749 D/wpa_supplicant(  651): wlan0: 1: f8:d1:11:e7:99:e8 ssid='videotest' wpa_ie_len=22 rsn_ie_len=20 caps=0x531 level=-50 wps
02-11 17:48:18.749 D/wpa_supplicant(  651): wlan0:    skip - disabled
02-11 17:48:18.749 D/wpa_supplicant(  651): wlan0: 2: 44:94:fc:3d:da:38 ssid='6300' wpa_ie_len=0 rsn_ie_len=20 caps=0x411 level=-53 wps
02-11 17:48:18.749 D/wpa_supplicant(  651): wlan0:    skip - disabled
02-11 17:48:18.749 D/wpa_supplicant(  651): wlan0: 3: c0:c1:c0:76:81:3c ssid='E2000' wpa_ie_len=0 rsn_ie_len=20 caps=0x411 level=-54 wps
02-11 17:48:18.749 D/wpa_supplicant(  651): wlan0:    skip - disabled
02-11 17:48:18.749 D/wpa_supplicant(  651): wlan0: 4: cc:34:29:2b:26:4c ssid='cws-test' wpa_ie_len=0 rsn_ie_len=20 caps=0x431 level=-56 wps
02-11 17:48:18.749 D/wpa_supplicant(  651): wlan0:    skip - disabled
02-11 17:48:18.749 D/wpa_supplicant(  651): wlan0: 5: cc:34:29:2c:fb:ec ssid='linksys' wpa_ie_len=22 rsn_ie_len=20 caps=0x431 level=-62 wps
02-11 17:48:18.749 D/wpa_supplicant(  651): wlan0:    skip - disabled
02-11 17:48:18.749 D/wpa_supplicant(  651): wlan0: 6: 10:c3:7b:d2:e5:e0 ssid='ASUS_RT-AC66U-2.4G' wpa_ie_len=0 rsn_ie_len=20 caps=0x411 level=-62 wps
02-11 17:48:18.749 D/wpa_supplicant(  651): wlan0:    skip - disabled
02-11 17:48:18.749 D/wpa_supplicant(  651): wlan0: 7: b0:48:7a:51:ff:cc ssid='Neusoft TP' wpa_ie_len=22 rsn_ie_len=20 caps=0x431 level=-63 wps
02-11 17:48:18.749 D/wpa_supplicant(  651): wlan0:    skip - disabled
02-11 17:48:18.749 D/wpa_supplicant(  651): wlan0: 8: 02:1a:11:fa:9e:f1 ssid='love U forever' wpa_ie_len=0 rsn_ie_len=20 caps=0x431 level=-64
02-11 17:48:18.749 D/wpa_supplicant(  651): wlan0:    skip - disabled
02-11 17:48:18.749 D/wpa_supplicant(  651): wlan0: 9: 14:d6:4d:28:ef:c8 ssid='dlink' wpa_ie_len=0 rsn_ie_len=20 caps=0x31 level=-68 wps
02-11 17:48:18.749 D/wpa_supplicant(  651): wlan0:    skip - disabled
02-11 17:48:18.749 D/wpa_supplicant(  651): wlan0: 10: 02:1a:11:f2:d4:75 ssid='test only' wpa_ie_len=0 rsn_ie_len=20 caps=0x431 level=-73
02-11 17:48:18.749 D/wpa_supplicant(  651): wlan0:    skip - disabled
02-11 17:48:18.749 D/wpa_supplicant(  651): wlan0: 11: 1c:65:9d:e8:79:44 ssid='WiFi' wpa_ie_len=0 rsn_ie_len=20 caps=0x511 level=-76
02-11 17:48:18.749 D/wpa_supplicant(  651): wlan0:    skip - disabled
02-11 17:48:18.749 D/wpa_supplicant(  651): wlan0: 12: 00:0f:e2:0f:9f:c1 ssid='321_WAN' wpa_ie_len=28 rsn_ie_len=24 caps=0x411 level=-84
02-11 17:48:18.749 D/wpa_supplicant(  651): wlan0:    skip - disabled
02-11 17:48:18.749 D/wpa_supplicant(  651): wlan0: 13: 50:bd:5f:4b:29:92 ssid='Internet-2' wpa_ie_len=0 rsn_ie_len=0 caps=0x421 level=-66
02-11 17:48:18.749 D/wpa_supplicant(  651): wlan0:    skip - disabled
02-11 17:48:18.749 D/wpa_supplicant(  651): wlan0: No suitable network found
02-11 17:48:18.749 D/wpa_supplicant(  651): wlan0: Setting scan request: 40 sec 0 usec
02-11 17:48:18.749 D/wpa_supplicant(  651): wlan0: Checking for other virtual interfaces sharing same radio (phy0) in event_scan_results
02-11 17:48:18.749 D/wpa_supplicant(  651): p2p-dev-wlan0: Updating scan results from sibling
02-11 17:48:18.749 D/wpa_supplicant(  651): nl80211: Received scan results (14 BSSes)
02-11 17:48:18.749 D/wpa_supplicant(  651): nl80211: Survey data missing
02-11 17:48:18.749 D/wpa_supplicant(  651): p2p-dev-wlan0: BSS: Start scan result update 78
02-11 17:48:18.749 D/wpa_supplicant(  651): BSS: No P2P IE - skipping BSS 02:1a:11:f3:1a:cc update for P2P interface
02-11 17:48:18.749 D/wpa_supplicant(  651): BSS: No P2P IE - skipping BSS f8:d1:11:e7:99:e8 update for P2P interface
02-11 17:48:18.749 D/wpa_supplicant(  651): BSS: No P2P IE - skipping BSS 44:94:fc:3d:da:38 update for P2P interface
02-11 17:48:18.749 D/wpa_supplicant(  651): BSS: No P2P IE - skipping BSS c0:c1:c0:76:81:3c update for P2P interface
02-11 17:48:18.749 D/wpa_supplicant(  651): BSS: No P2P IE - skipping BSS cc:34:29:2b:26:4c update for P2P interface
02-11 17:48:18.749 D/wpa_supplicant(  651): BSS: No P2P IE - skipping BSS cc:34:29:2c:fb:ec update for P2P interface
02-11 17:48:18.749 D/wpa_supplicant(  651): BSS: No P2P IE - skipping BSS 10:c3:7b:d2:e5:e0 update for P2P interface
02-11 17:48:18.749 D/wpa_supplicant(  651): BSS: No P2P IE - skipping BSS b0:48:7a:51:ff:cc update for P2P interface
02-11 17:48:18.749 D/wpa_supplicant(  651): BSS: No P2P IE - skipping BSS 02:1a:11:fa:9e:f1 update for P2P interface
02-11 17:48:18.749 D/wpa_supplicant(  651): BSS: No P2P IE - skipping BSS 14:d6:4d:28:ef:c8 update for P2P interface
02-11 17:48:18.749 D/wpa_supplicant(  651): BSS: No P2P IE - skipping BSS 02:1a:11:f2:d4:75 update for P2P interface
02-11 17:48:18.749 D/wpa_supplicant(  651): BSS: No P2P IE - skipping BSS 1c:65:9d:e8:79:44 update for P2P interface
02-11 17:48:18.749 D/wpa_supplicant(  651): BSS: No P2P IE - skipping BSS 00:0f:e2:0f:9f:c1 update for P2P interface
02-11 17:48:18.749 D/wpa_supplicant(  651): BSS: No P2P IE - skipping BSS 50:bd:5f:4b:29:92 update for P2P interface
02-11 17:48:18.749 D/wpa_supplicant(  651): BSS: last_scan_res_used=0/32 last_scan_full=0
02-11 17:48:18.749 D/wpa_supplicant(  651): p2p-dev-wlan0: New scan results available
02-11 17:48:18.749 D/wpa_supplicant(  651): CTRL_IFACE monitor send - hexdump(len=39): 2f 64 61 74 61 2f 6d 69 73 63 2f 77 69 66 69 2f 73 6f 63 6b 65 74 73 2f 77 70 61 5f 63 74 72 6c ...
02-11 17:48:18.749 D/wpa_supplicant(  651): CTRL_IFACE monitor send - hexdump(len=39): 2f 64 61 74 61 2f 6d 69 73 63 2f 77 69 66 69 2f 73 6f 63 6b 65 74 73 2f 77 70 61 5f 63 74 72 6c ...
02-11 17:48:18.749 D/wpa_supplicant(  651): WPS: AP[0] 10:c3:7b:d2:e5:e0 type=0 tries=0 last_attempt=-1 sec ago blacklist=0
02-11 17:48:18.749 D/wpa_supplicant(  651): WPS: AP[1] b0:48:7a:20:66:6a type=0 tries=0 last_attempt=-1 sec ago blacklist=0
02-11 17:48:18.749 D/wpa_supplicant(  651): WPS: AP[2] f8:d1:11:e7:99:e8 type=0 tries=0 last_attempt=-1 sec ago blacklist=0
02-11 17:48:18.749 D/wpa_supplicant(  651): WPS: AP[3] 44:94:fc:3d:da:38 type=0 tries=0 last_attempt=-1 sec ago blacklist=0
02-11 17:48:18.749 D/wpa_supplicant(  651): WPS: AP[4] cc:34:29:2c:fb:ec type=0 tries=0 last_attempt=-1 sec ago blacklist=0
02-11 17:48:18.749 D/wpa_supplicant(  651): WPS: AP[5] c8:d7:19:60:62:f2 type=0 tries=0 last_attempt=-1 sec ago blacklist=0
02-11 17:48:18.749 D/wpa_supplicant(  651): WPS: AP[6] cc:34:29:2b:26:4c type=0 tries=0 last_attempt=-1 sec ago blacklist=0
02-11 17:48:18.749 D/wpa_supplicant(  651): WPS: AP[7] 98:fc:11:81:35:fb type=0 tries=0 last_attempt=-1 sec ago blacklist=0
02-11 17:48:18.749 D/wpa_supplicant(  651): WPS: AP[8] 14:d6:4d:28:ef:c8 type=0 tries=0 last_attempt=-1 sec ago blacklist=0
02-11 17:48:18.749 D/wpa_supplicant(  651): WPS: AP[9] b0:48:7a:51:ff:cc type=0 tries=0 last_attempt=-1 sec ago blacklist=0
02-11 17:48:18.749 D/wpa_supplicant(  651): WPS: AP[10] 7a:ff:57:00:13:56 type=0 tries=0 last_attempt=-1 sec ago blacklist=0
02-11 17:48:18.749 D/wpa_supplicant(  651): WPS: AP[11] c0:a0:bb:20:3b:84 type=0 tries=0 last_attempt=-1 sec ago blacklist=0
02-11 17:48:18.749 D/wpa_supplicant(  651): WPS: AP[12] c0:c1:c0:76:81:3c type=0 tries=0 last_attempt=-1 sec ago blacklist=0
02-11 17:48:18.749 D/wpa_supplicant(  651): WPS: AP[13] 5e:f3:70:0c:91:9a type=0 tries=0 last_attempt=-1 sec ago blacklist=0
02-11 17:48:18.749 D/wpa_supplicant(  651): p2p-dev-wlan0: No suitable network found
02-11 17:48:18.749 D/wpa_supplicant(  651): p2p-dev-wlan0: Short-circuit new scan request since there are no enabled networks
02-11 17:48:18.749 D/wpa_supplicant(  651): p2p-dev-wlan0: State: INACTIVE -> INACTIVE
02-11 17:48:18.749 D/wpa_supplicant(  651): wlan0: P2P: Station mode scan operation not pending anymore (sta_scan_pending=0 p2p_cb_on_scan_complete=0)
02-11 17:48:18.749 D/wpa_supplicant(  651): RTM_NEWLINK: operstate=0 ifi_flags=0x11003 ([UP][LOWER_UP])
02-11 17:48:18.749 D/wpa_supplicant(  651): RTM_NEWLINK, IFLA_IFNAME: Interface 'wlan0' added
02-11 17:48:18.759 I/WifiHW  (  504): EVENT: IFNAME=wlan0 CTRL-EVENT-BSS-REMOVED 204 e4:d3:32:c0:cf:a4
02-11 17:48:18.759 I/WifiHW  (  504): EVENT: IFNAME=wlan0 CTRL-EVENT-BSS-REMOVED 209 e4:d3:32:dd:18:62
02-11 17:48:18.759 I/WifiHW  (  504): EVENT: IFNAME=wlan0 CTRL-EVENT-SCAN-RESULTS 
02-11 17:48:18.759 I/WifiHW  (  504): EVENT: IFNAME=wlan0 WPS-AP-AVAILABLE 
02-11 17:48:18.759 I/WifiHW  (  504): EVENT: IFNAME=p2p-dev-wlan0 CTRL-EVENT-SCAN-RESULTS 
02-11 17:48:18.759 I/WifiHW  (  504): EVENT: IFNAME=p2p-dev-wlan0 WPS-AP-AVAILABLE 
02-11 17:48:18.759 I/WifiHW  (  504): CMD: IFNAME=wlan0 BSS RANGE=0- MASK=0x21987
02-11 17:48:18.759 D/wpa_supplicant(  651): nl80211: if_removed already cleared - ignore event
02-11 17:48:18.759 D/wpa_supplicant(  651): RX ctrl_iface - hexdump(len=25): 42 53 53 20 52 41 4e 47 45 3d 30 2d 20 4d 41 53 4b 3d 30 78 32 31 39 38 37
02-11 17:48:18.759 D/wpa_supplicant(  651): wlan0: Control interface command 'BSS RANGE=0- MASK=0x21987'
02-11 17:48:18.769 I/WifiHW  (  504): REPLY: id=1
02-11 17:48:18.769 I/WifiHW  (  504): REPLY: bssid=f8:d1:11:e7:99:e8
02-11 17:48:18.769 I/WifiHW  (  504): REPLY: freq=2437
02-11 17:48:18.769 I/WifiHW  (  504): REPLY: level=-50
02-11 17:48:18.769 I/WifiHW  (  504): REPLY: tsf=0000003234943076
02-11 17:48:18.769 I/WifiHW  (  504): REPLY: flags=[WPA-PSK-CCMP][WPA2-PSK-CCMP][WPS][ESS]
02-11 17:48:18.769 I/WifiHW  (  504): REPLY: ssid=videotest
02-11 17:48:18.769 I/WifiHW  (  504): REPLY: ====
02-11 17:48:18.769 I/WifiHW  (  504): REPLY: id=2
02-11 17:48:18.769 I/WifiHW  (  504): REPLY: bssid=10:c3:7b:d2:e5:e0
02-11 17:48:18.769 I/WifiHW  (  504): REPLY: freq=2462
02-11 17:48:18.769 I/WifiHW  (  504): REPLY: level=-62
02-11 17:48:18.769 I/WifiHW  (  504): REPLY: tsf=0000003234943163
02-11 17:48:18.769 I/WifiHW  (  504): REPLY: flags=[WPA2-PSK-CCMP][WPS][ESS]
02-11 17:48:18.769 I/WifiHW  (  504): REPLY: ssid=ASUS_RT-AC66U-2.4G
02-11 17:48:18.769 I/WifiHW  (  504): REPLY: ====
02-11 17:48:18.769 I/WifiHW  (  504): REPLY: id=3
02-11 17:48:18.769 I/WifiHW  (  504): REPLY: bssid=02:1a:11:f3:1a:cc
02-11 17:48:18.769 I/WifiHW  (  504): REPLY: freq=2437
02-11 17:48:18.769 I/WifiHW  (  504): REPLY: level=-3
02-11 17:48:18.769 I/WifiHW  (  504): REPLY: tsf=0000003234943067
02-11 17:48:18.769 I/WifiHW  (  504): REPLY: flags=[WPA2-PSK-CCMP][ESS]
02-11 17:48:18.769 I/WifiHW  (  504): REPLY: ssid=Android
02-11 17:48:18.769 I/WifiHW  (  504): REPLY: ====
02-11 17:48:18.769 I/WifiHW  (  504): REPLY: id=5
02-11 17:48:18.769 I/WifiHW  (  504): REPLY: bssid=cc:34:29:2b:26:4c
02-11 17:48:18.769 I/WifiHW  (  504): REPLY: freq=2462
02-11 17:48:18.769 I/WifiHW  (  504): REPLY: level=-56
02-11 17:48:18.769 I/WifiHW  (  504): REPLY: tsf=0000003234943171
02-11 17:48:18.769 I/WifiHW  (  504): REPLY: flags=[WPA2-PSK-CCMP][WPS][ESS]
02-11 17:48:18.769 I/WifiHW  (  504): REPLY: ssid=cws-test
02-11 17:48:18.769 I/WifiHW  (  504): REPLY: ====
02-11 17:48:18.769 I/WifiHW  (  504): REPLY: id=7
02-11 17:48:18.769 I/WifiHW  (  504): REPLY: bssid=44:94:fc:3d:da:38
02-11 17:48:18.769 I/WifiHW  (  504): REPLY: freq=2462
02-11 17:48:18.769 I/WifiHW  (  504): REPLY: level=-53
02-11 17:48:18.769 I/WifiHW  (  504): REPLY: tsf=0000003234943146
02-11 17:48:18.769 I/WifiHW  (  504): REPLY: flags=[WPA2-PSK-CCMP][WPS][ESS]
02-11 17:48:18.769 I/WifiHW  (  504): REPLY: ssid=6300
02-11 17:48:18.769 I/WifiHW  (  504): REPLY: ====
02-11 17:48:18.769 I/WifiHW  (  504): REPLY: id=35
02-11 17:48:18.769 I/WifiHW  (  504): REPLY: bssid=c8:d7:19:60:62:f2
02-11 17:48:18.769 I/WifiHW  (  504): REPLY: freq=2437
02-11 17:48:18.769 I/WifiHW  (  504): REPLY: level=-46
02-11 17:48:18.769 I/WifiHW  (  504): REPLY: tsf=0000003193746608
02-11 17:48:18.769 I/WifiHW  (  504): REPLY: flags=[WPA-PSK-CCMP+TKIP][WPA2-PSK-CCMP+TKIP][WPS][ESS]
02-11 17:48:18.769 I/WifiHW  (  504): REPLY: ssid=E3000-2.4G
02-11 17:48:18.769 I/WifiHW  (  504): REPLY: ====
02-11 17:48:18.769 I/WifiHW  (  504): REPLY: id=130
02-11 17:48:18.769 I/WifiHW  (  504): REPLY: bssid=b0:48:7a:20:66:6a
02-11 17:48:18.769 I/WifiHW  (  504): REPLY: freq=2427
02-11 17:48:18.769 I/WifiHW  (  504): REPLY: level=-59
02-11 17:48:18.769 I/WifiHW  (  504): REPLY: tsf=0000003193746593
02-11 17:48:18.769 I/WifiHW  (  504): REPLY: flags=[WPA-PSK-CCMP][WPA2-PSK-CCMP][WPS][ESS]
02-11 17:48:18.769 I/WifiHW  (  504): REPLY: ssid=TP-LINK_20666A
02-11 17:48:18.769 I/WifiHW  (  504): REPLY: ====
02-11 17:48:18.769 I/WifiHW  (  504): REPLY: id=132
02-11 17:48:18.769 I/WifiHW  (  504): REPLY: bssid=c0:c1:c0:76:81:3c
02-11 17:48:18.769 I/WifiHW  (  504): REPLY: freq=2437
02-11 17:48:18.769 I/WifiHW  (  504): REPLY: level=-54
02-11 17:48:18.769 I/WifiHW  (  504): REPLY: tsf=0000003234943112
02-11 17:48:18.769 I/WifiHW  (  504): REPLY: flags=[WPA2-EAP-CCMP-preauth][WPS][ESS]
02-11 17:48:18.769 I/WifiHW  (  504): REPLY: ssid=E2000
02-11 17:48:18.769 I/WifiHW  (  504): REPLY: ====
02-11 17:48:18.769 I/WifiHW  (  504): REPLY: id=134
02-11 17:48:18.769 I/WifiHW  (  504): REPLY: bssid=b0:48:7a:51:ff:cc
02-11 17:48:18.769 I/WifiHW  (  504): REPLY: freq=2452
02-11 17:48:18.769 I/WifiHW  (  504): REPLY: level=-63
02-11 17:48:18.769 I/WifiHW  (  504): REPLY: tsf=0000003234943137
02-11 17:48:18.769 I/WifiHW  (  504): REPLY: flags=[WPA-PSK-CCMP][WPA2-PSK-CCMP][WPS][ESS]
02-11 17:48:18.769 I/WifiHW  (  504): REPLY: ssid=Neusoft TP
02-11 17:48:18.769 I/WifiHW  (  504): REPLY: ====
02-11 17:48:18.769 I/WifiHW  (  504): REPLY: id=147
02-11 17:48:18.769 I/WifiHW  (  504): REPLY: bssid=02:1a:11:fb:b5:2e
02-11 17:48:18.769 I/WifiHW  (  504): REPLY: freq=2437
02-11 17:48:18.769 I/WifiHW  (  504): REPLY: level=-63
02-11 17:48:18.769 I/WifiHW  (  504): REPLY: tsf=0000003193746600
02-11 17:48:18.769 I/WifiHW  (  504): REPLY: flags=[WPA2-PSK-CCMP][ESS]
02-11 17:48:18.769 I/WifiHW  (  504): REPLY: ssid=io1
02-11 17:48:18.769 I/WifiHW  (  504): REPLY: ====
02-11 17:48:18.769 I/WifiHW  (  504): REPLY: id=185
02-11 17:48:18.769 I/WifiHW  (  504): REPLY: bssid=02:1a:11:fa:9e:f1
02-11 17:48:18.769 I/WifiHW  (  504): REPLY: freq=2437
02-11 17:48:18.769 I/WifiHW  (  504): REPLY: level=-64
02-11 17:48:18.769 I/WifiHW  (  504): REPLY: tsf=0000003234943094
02-11 17:48:18.769 I/WifiHW  (  504): REPLY: flags=[WPA2-PSK-CCMP][ESS]
02-11 17:48:18.769 I/WifiHW  (  504): REPLY: ssid=love U forever
02-11 17:48:18.769 I/WifiHW  (  504): REPLY: ====
02-11 17:48:18.769 I/WifiHW  (  504): REPLY: id=198
02-11 17:48:18.769 I/WifiHW  (  504): REPLY: bssid=50:bd:5f:4b:29:92
02-11 17:48:18.769 I/WifiHW  (  504): REPLY: freq=2437
02-11 17:48:18.769 I/WifiHW  (  504): REPLY: level=-66
02-11 17:48:18.769 I/WifiHW  (  504): REPLY: tsf=0000003234943120
02-11 17:48:18.769 I/WifiHW  (  504): REPLY: flags=[ESS]
02-11 17:48:18.769 I/WifiHW  (  504): REPLY: ssid=Internet-2
02-11 17:48:18.769 I/WifiHW  (  504): REPLY: ====
02-11 17:48:18.769 I/WifiHW  (  504): REPLY: id=199
02-11 17:48:18.769 I/WifiHW  (  504): REPLY: bssid=14:d6:4d:28:ef:c8
02-11 17:48:18.769 I/WifiHW  (  504): REPLY: freq=2437
02-11 17:48:18.769 I/WifiHW  (  504): REPLY: level=-68
02-11 17:48:18.769 I/WifiHW  (  504): REPLY: tsf=0000003234943129
02-11 17:48:18.769 I/WifiHW  (  504): REPLY: flags=[WPA2-PSK-CCMP][WPS][ESS]
02-11 17:48:18.769 I/WifiHW  (  504): REPLY: ssid=dlink
02-11 17:48:18.769 I/WifiHW  (  504): REPLY: ====
02-11 17:48:18.769 I/WifiHW  (  504): REPLY: id=200
02-11 17:48:18.769 I/WifiHW  (  504): REPLY: bssid=00:0f:e2:0f:9f:c1
02-11 17:48:18.769 I/WifiHW  (  504): REPLY: freq=2462
02-11 17:48:18.769 I/WifiHW  (  504): REPLY: level=-84
02-11 17:48:18.769 I/WifiHW  (  504): REPLY: tsf=0000003234943154
02-11 17:48:18.769 I/WifiHW  (  504): REPLY: flags=[WPA-PSK-CCMP+TKIP][WPA2-PSK-CCMP+TKIP][ESS]
02-11 17:48:18.769 I/WifiHW  (  504): REPLY: ssid=321_WAN
02-11 17:48:18.769 I/WifiHW  (  504): REPLY: ====
02-11 17:48:18.769 I/WifiHW  (  504): REPLY: id=202
02-11 17:48:18.769 I/WifiHW  (  504): REPLY: bssid=02:09:4c:23:ef:0a
02-11 17:48:18.769 I/WifiHW  (  504): REPLY: freq=2412
02-11 17:48:18.769 I/WifiHW  (  504): REPLY: level=-73
02-11 17:48:18.769 I/WifiHW  (  504): REPLY: tsf=0000003193746623
02-11 17:48:18.769 I/WifiHW  (  504): REPLY: flags=[WEP]
02-11 17:48:18.769 I/WifiHW  (  504): REPLY: ssid=DIRECT-
02-11 17:48:18.769 I/WifiHW  (  504): REPLY: ====
02-11 17:48:18.769 I/WifiHW  (  504): REPLY: id=203
02-11 17:48:18.769 I/WifiHW  (  504): REPLY: bssid=5e:f3:70:0c:91:9a
02-11 17:48:18.769 I/WifiHW  (  504): REPLY: freq=2412
02-11 17:48:18.769 I/WifiHW  (  504): REPLY: level=-67
02-11 17:48:18.769 I/WifiHW  (  504): REPLY: tsf=0000003193746577
02-11 17:48:18.769 I/WifiHW  (  504): REPLY: flags=[WPA2-PSK-CCMP][WPS][ESS][P2P]
02-11 17:48:18.769 I/WifiHW  (  504): REPLY: ssid=DIRECT-30-Android_7f71
02-11 17:48:18.769 I/WifiHW  (  504): REPLY: ====
02-11 17:48:18.769 I/WifiHW  (  504): REPLY: id=205
02-11 17:48:18.769 I/WifiHW  (  504): REPLY: bssid=c0:a0:bb:20:3b:84
02-11 17:48:18.769 I/WifiHW  (  504): REPLY: freq=2417
02-11 17:48:18.769 I/WifiHW  (  504): REPLY: level=-71
02-11 17:48:18.769 I/WifiHW  (  504): REPLY: tsf=0000003193746580
02-11 17:48:18.769 I/WifiHW  (  504): REPLY: flags=[WPA-PSK-CCMP+TKIP][WPA2-PSK-CCMP+TKIP][WPS][ESS]
02-11 17:48:18.769 I/WifiHW  (  504): REPLY: ssid=dlink-3B84
02-11 17:48:18.769 I/WifiHW  (  504): REPLY: ====
02-11 17:48:18.769 I/WifiHW  (  504): REPLY: id=206
02-11 17:48:18.769 I/WifiHW  (  504): REPLY: bssid=02:1a:11:fb:99:d1
02-11 17:48:18.769 I/WifiHW  (  504): REPLY: freq=2437
02-11 17:48:18.769 I/WifiHW  (  504): REPLY: level=-76
02-11 17:48:18.769 I/WifiHW  (  504): REPLY: tsf=0000003193746602
02-11 17:48:18.769 I/WifiHW  (  504): REPLY: flags=[WPA2-PSK-CCMP][ESS]
02-11 17:48:18.769 I/WifiHW  (  504): REPLY: ssid=AndroidAPmm123
02-11 17:48:18.769 I/WifiHW  (  504): REPLY: ====
02-11 17:48:18.769 I/WifiHW  (  504): REPLY: id=207
02-11 17:48:18.769 I/WifiHW  (  504): REPLY: bssid=1c:65:9d:e8:79:44
02-11 17:48:18.769 I/WifiHW  (  504): REPLY: freq=2437
02-11 17:48:18.769 I/WifiHW  (  504): REPLY: level=-76
02-11 17:48:18.769 I/WifiHW  (  504): REPLY: tsf=0000003234943104
02-11 17:48:18.769 I/WifiHW  (  504): REPLY: flags=[WPA2-PSK-CCMP][ESS]
02-11 17:48:18.769 I/WifiHW  (  504): REPLY: ssid=WiFi
02-11 17:48:18.769 I/WifiHW  (  504): REPLY: ====
02-11 17:48:18.769 I/WifiHW  (  504): REPLY: id=208
02-11 17:48:18.769 I/WifiHW  (  504): REPLY: bssid=02:1a:11:f3:a9:7d
02-11 17:48:18.769 I/WifiHW  (  504): REPLY: freq=2437
02-11 17:48:18.769 I/WifiHW  (  504): REPLY: level=-77
02-11 17:48:18.769 I/WifiHW  (  504): REPLY: tsf=0000003193746605
02-11 17:48:18.769 I/WifiHW  (  504): REPLY: flags=[WPA2-PSK-CCMP][ESS]
02-11 17:48:18.769 I/WifiHW  (  504): REPLY: ssid=AndroidSystem
02-11 17:48:18.769 I/WifiHW  (  504): REPLY: ====
02-11 17:48:18.769 I/WifiHW  (  504): REPLY: id=210
02-11 17:48:18.769 I/WifiHW  (  504): REPLY: bssid=cc:34:29:2c:fb:ec
02-11 17:48:18.769 I/WifiHW  (  504): REPLY: freq=2412
02-11 17:48:18.769 I/WifiHW  (  504): REPLY: level=-62
02-11 17:48:18.769 I/WifiHW  (  504): REPLY: tsf=0000003234943058
02-11 17:48:18.769 I/WifiHW  (  504): REPLY: flags=[WPA-PSK-CCMP][WPA2-PSK-CCMP][WPS][ESS]
02-11 17:48:18.769 I/WifiHW  (  504): REPLY: ssid=linksys
02-11 17:48:18.769 I/WifiHW  (  504): REPLY: ====
02-11 17:48:18.769 I/WifiHW  (  504): REPLY: id=211
02-11 17:48:18.769 I/WifiHW  (  504): REPLY: bssid=02:1a:11:f2:d4:75
02-11 17:48:18.769 I/WifiHW  (  504): REPLY: freq=2437
02-11 17:48:18.769 I/WifiHW  (  504): REPLY: level=-73
02-11 17:48:18.769 I/WifiHW  (  504): REPLY: tsf=0000003234943084
02-11 17:48:18.769 I/WifiHW  (  504): REPLY: flags=[WPA2-PSK-CCMP][ESS]
02-11 17:48:18.769 I/WifiHW  (  504): REPLY: ssid=test only
02-11 17:48:18.769 I/WifiHW  (  504): REPLY: ####
02-11 17:48:36.239 D/EVENT_THREAD(  183): void CEventThread::run() POLLIN event on Fd (1)
02-11 17:48:36.239 D/EVENT_THREAD(  183): void CEventThread::run() Do poll with timeout: -1
02-11 17:48:36.239 I/upi_ug31xx(  166): (328) update_capacity
02-11 17:48:36.239 I/[UPI]   (  166): <UG31/E>[UpiReadCapacity]: V=4045(4039), T=319(323-379), I=-232, C=-2(-2-0)
02-11 17:48:36.239 I/[UPI]   (  166): <UG31/E>[UpiReadCapacity]: (0x0001254a) 3109 (3023) / 3926 (4026) = 79
02-11 17:48:36.239 I/[UPI]   (  166): <UG31/E>[UpiReadCapacity]: (0x0001254a) 3109 (3023) / 3926 (4026) = 79
02-11 17:48:36.239 I/[UPI]   (  166): <UG31/E>[UpiReadCapacity]: (0x0001254a) 3107 (3107) / 3926 (4026) = 79
02-11 17:48:36.239 I/[UPI]   (  166): <UG31/E>[RsocFilterCountTime]: (0x0001254a) Step=20(1214900), Full=20(1214900), Lock=1214900(1800000)
02-11 17:48:36.239 I/[UPI]   (  166): <UG31/E>[UpiReadCapacity]: (0x0001254a) 3107 (3107) / 3926 (4026) = 79 (-232--232)
02-11 17:48:36.239 I/[UPI]   (  166): <UG31/E><BATT> M:normal, P:79(79-79)%, V:4038mV, C:-239mA, T:32.3C(379), S:0x0001254a(000), R:3107mAh, F:3926mAh, Q:-268mAh, CC:3, P:30.320(268-0)s, BO:7, 97:615:0-44af-9m:B001-20140514-144301 (16)
02-11 17:48:36.239 D/EVENT_THREAD(  183): void CEventThread::run() POLLIN event on Fd (1)
02-11 17:48:36.239 D/EVENT_THREAD(  183): void CEventThread::run() Do poll with timeout: -1
02-11 17:48:36.239 I/upi_ug31xx(  166): (329) backup_data 
02-11 17:48:36.239 V/upi_ug31xx(  166): state->check_backup_count = 1
02-11 17:48:38.869 W/BindingManager( 5693): Cannot call determinedVisibility() - never saw a connection for the pid: 5693
02-11 17:48:39.519 I/chromium( 5693): [INFO:CONSOLE(1)] "Uncaught SyntaxError: Unexpected token :", source: http://127.0.0.1:8080/opt/webapi-resourcetiming-w3c-tests/resourcetiming/w3c/submission/resources/generate_resource.cgi?types=script&id=1 (1)
02-11 17:48:39.529 I/chromium( 5693): [INFO:CONSOLE(1)] "Uncaught SyntaxError: Unexpected token :", source: http://127.0.0.1:8080/opt/webapi-resourcetiming-w3c-tests/resourcetiming/w3c/submission/resources/generate_resource.cgi?types=script&id=2 (1)
02-11 17:48:39.529 I/chromium( 5693): [INFO:CONSOLE(1)] "Uncaught SyntaxError: Unexpected token :", source: http://127.0.0.1:8080/opt/webapi-resourcetiming-w3c-tests/resourcetiming/w3c/submission/resources/generate_resource.cgi?types=script&id=3 (1)
02-11 17:48:39.549 I/chromium( 5693): [INFO:CONSOLE(1)] "Uncaught SyntaxError: Unexpected token :", source: http://127.0.0.1:8080/opt/webapi-resourcetiming-w3c-tests/resourcetiming/w3c/submission/resources/generate_resource.cgi?types=script&id=6 (1)
02-11 17:48:39.549 I/chromium( 5693): [INFO:CONSOLE(1)] "Uncaught SyntaxError: Unexpected token :", source: http://127.0.0.1:8080/opt/webapi-resourcetiming-w3c-tests/resourcetiming/w3c/submission/resources/generate_resource.cgi?types=script&id=8 (1)
02-11 17:48:39.559 I/chromium( 5693): [INFO:CONSOLE(1)] "Uncaught SyntaxError: Unexpected token :", source: http://127.0.0.1:8080/opt/webapi-resourcetiming-w3c-tests/resourcetiming/w3c/submission/resources/generate_resource.cgi?types=script&id=5 (1)
02-11 17:48:39.559 I/chromium( 5693): [INFO:CONSOLE(1)] "Uncaught SyntaxError: Unexpected token :", source: http://127.0.0.1:8080/opt/webapi-resourcetiming-w3c-tests/resourcetiming/w3c/submission/resources/generate_resource.cgi?types=script&id=4 (1)
02-11 17:48:39.559 I/chromium( 5693): [INFO:CONSOLE(1)] "Uncaught SyntaxError: Unexpected token :", source: http://127.0.0.1:8080/opt/webapi-resourcetiming-w3c-tests/resourcetiming/w3c/submission/resources/generate_resource.cgi?types=script&id=7 (1)
02-11 17:48:39.559 I/chromium( 5693): [INFO:CONSOLE(1)] "Uncaught SyntaxError: Unexpected token :", source: http://127.0.0.1:8080/opt/webapi-resourcetiming-w3c-tests/resourcetiming/w3c/submission/resources/generate_resource.cgi?types=script&id=9 (1)
02-11 17:48:40.899 W/ufoGralloc(  171): registerBuffer() handle 0xb8c71e70/110 didn't require registration
02-11 17:48:40.929 D/WindowManager(  504): adjustConfigurationLw, config:{1.0 ?mcc?mnc ?locale ?layoutDir sw600dp w961dp h528dp 213dpi lrg land ?uimode ?night finger -keyb/v/h -nav/v} mLidState:1 mHasDockFeature:false mHasKeyboardFeature:false mHasHallSensorFeature:true config.hardKeyboardHidden:2
02-11 17:48:40.929 I/ActivityManager(  504): [TopPkgCurBat]	NowPkgName[testkit.stub]	Battery[79]	TimeTick[1423648120943]	OldPkgName[org.xwalk.webapi_service_tests]
02-11 17:48:40.969 V/AsusPhoneStatusBar(  566): setLightsOn(true)
02-11 17:48:40.969 D/XT9IME  (  722): new subtype :zh_CN ,pinyin
02-11 17:48:40.969 W/IInputConnectionWrapper( 5693): showStatusIcon on inactive InputConnection
02-11 17:48:40.979 D/BatteryStatsImpl(  504): noteStopWakeLocked system isFromForeground = false
02-11 17:48:41.009 D/        ( 5693): Surface destroy: ANDROID_NATIVE_WINDOW_MAGIC
02-11 17:48:41.019 D/        ( 5693): Surface destroy: ANDROID_NATIVE_WINDOW_MAGIC
02-11 17:48:41.719 W/SurfaceFlinger(  171): couldn't log to binary event log: overflow.
02-11 17:48:41.729 D/        ( 5693): Pixel Format : GGL_PIXEL_FORMAT_RGBA_8888
02-11 17:48:41.749 W/ScreenOrientationListener( 5693): Removing an inexistent observer!
02-11 17:48:42.249 D/AndroidRuntime( 6211): 
02-11 17:48:42.249 D/AndroidRuntime( 6211): >>>>>> AndroidRuntime START com.android.internal.os.RuntimeInit <<<<<<
02-11 17:48:42.249 D/AndroidRuntime( 6211): CheckJNI is OFF
02-11 17:48:42.249 I/AndroidRuntime( 6211): Kernel Release Version: 3.10.20-gf818079
02-11 17:48:42.249 I/dalvikvm( 6211): No library specified. The standard exception handler will be used
02-11 17:48:42.249 I/dalvikvm( 6211): 
02-11 17:48:42.249 I/dalvikvm( 6211): +++++++++++++ Using PCG. +++++++++++++++++++++
02-11 17:48:42.259 D/dalvikvm( 6211): Trying to load lib libjavacore.so 0x0
02-11 17:48:42.259 D/dalvikvm( 6211): Added shared lib libjavacore.so 0x0
02-11 17:48:42.259 D/dalvikvm( 6211): Trying to load lib libnativehelper.so 0x0
02-11 17:48:42.259 D/dalvikvm( 6211): Added shared lib libnativehelper.so 0x0
02-11 17:48:42.259 D/dalvikvm( 6211): No JNI_OnLoad found in libnativehelper.so 0x0, skipping init
02-11 17:48:42.269 D/dalvikvm( 6211): Extra Options: not specified
02-11 17:48:42.279 D/dalvikvm( 6211): Note: class Landroid/app/ActivityManagerNative; has 186 unimplemented (abstract) methods
02-11 17:48:42.349 E/memtrack( 6211): Couldn't load memtrack module (No such file or directory)
02-11 17:48:42.349 E/android.os.Debug( 6211): failed to load memtrack module: -2
02-11 17:48:42.389 D/AndroidRuntime( 6211): Calling main entry com.android.commands.am.Am
02-11 17:48:42.409 I/SecurityManagerService(  621): SMS received security event: App[STOP/org.xwalk.webapi_service_tests]
02-11 17:48:42.409 I/ActivityManager(  504): Force stopping org.xwalk.webapi_service_tests appid=10256 user=0: from pid 6211
02-11 17:48:42.409 I/ActivityManager(  504): Killing 5693:org.xwalk.webapi_service_tests/u0a256 (adj 9): stop org.xwalk.webapi_service_tests
02-11 17:48:42.419 D/AndroidRuntime( 6211): Shutting down VM
02-11 17:48:42.419 D/dalvikvm( 6211): GC_CONCURRENT freed 108K, 16% free 638K/760K, paused 0ms+0ms, total 1ms
02-11 17:48:42.429 D/dalvikvm( 6211): Compiler shutdown in progress - discarding request
02-11 17:48:42.429 D/dalvikvm( 6211): Compiler shutdown in progress - discarding request
02-11 17:48:42.429 D/dalvikvm( 6211): Compiler shutdown in progress - discarding request
02-11 17:48:42.429 D/dalvikvm( 6211): Compiler shutdown in progress - discarding request
02-11 17:48:42.429 D/dalvikvm( 6211): Compiler shutdown in progress - discarding request
02-11 17:48:42.429 D/dalvikvm( 6211): Compiler shutdown in progress - discarding request
02-11 17:48:42.429 D/dalvikvm( 6211): Compiler shutdown in progress - discarding request
02-11 17:48:42.429 D/dalvikvm( 6211): Compiler shutdown in progress - discarding request
02-11 17:48:42.429 D/dalvikvm( 6211): Compiler shutdown in progress - discarding request
02-11 17:48:42.429 D/dalvikvm( 6211): Compiler shutdown in progress - discarding request
02-11 17:48:42.429 D/dalvikvm( 6211): Compiler shutdown in progress - discarding request
02-11 17:48:42.429 D/dalvikvm( 6211): Compiler shutdown in progress - discarding request
02-11 17:48:42.429 D/dalvikvm( 6211): Compiler shutdown in progress - discarding request
02-11 17:48:42.429 D/dalvikvm( 6211): Compiler shutdown in progress - discarding request
02-11 17:48:42.429 D/dalvikvm( 6211): Compiler shutdown in progress - discarding request
02-11 17:48:42.429 D/dalvikvm( 6211): Compiler shutdown in progress - discarding request
02-11 17:48:42.429 D/dalvikvm( 6211): Compiler shutdown in progress - discarding request
02-11 17:48:42.429 D/dalvikvm( 6211): Compiler shutdown in progress - discarding request
02-11 17:48:42.429 D/dalvikvm( 6211): Compiler shutdown in progress - discarding request
02-11 17:48:42.429 D/dalvikvm( 6211): Compiler shutdown in progress - discarding request
02-11 17:48:42.429 D/dalvikvm( 6211): Compiler shutdown in progress - discarding request
02-11 17:48:42.429 D/dalvikvm( 6211): Compiler shutdown in progress - discarding request
02-11 17:48:42.429 D/dalvikvm( 6211): Compiler shutdown in progress - discarding request
02-11 17:48:42.429 D/dalvikvm( 6211): Compiler shutdown in progress - discarding request
02-11 17:48:42.429 D/dalvikvm( 6211): Compiler shutdown in progress - discarding request
02-11 17:48:42.429 D/dalvikvm( 6211): Compiler shutdown in progress - discarding request
02-11 17:48:42.429 D/dalvikvm( 6211): Compiler shutdown in progress - discarding request
02-11 17:48:42.429 D/dalvikvm( 6211): Compiler shutdown in progress - discarding request
02-11 17:48:42.429 D/dalvikvm( 6211): Compiler shutdown in progress - discarding request
02-11 17:48:42.429 D/dalvikvm( 6211): Compiler shutdown in progress - discarding request
02-11 17:48:42.429 D/dalvikvm( 6211): Compiler shutdown in progress - discarding request
02-11 17:48:42.429 D/dalvikvm( 6211): Compiler shutdown in progress - discarding request
02-11 17:48:42.429 D/dalvikvm( 6211): Compiler shutdown in progress - discarding request
02-11 17:48:42.429 D/dalvikvm( 6211): Compiler shutdown in progress - discarding request
02-11 17:48:42.429 D/dalvikvm( 6211): Compiler shutdown in progress - discarding request
02-11 17:48:42.429 D/dalvikvm( 6211): Compiler shutdown in progress - discarding request
02-11 17:48:42.429 D/dalvikvm( 6211): Compiler shutdown in progress - discarding request
02-11 17:48:42.429 D/dalvikvm( 6211): Compiler shutdown in progress - discarding request
02-11 17:48:42.429 D/dalvikvm( 6211): Compiler shutdown in progress - discarding request
02-11 17:48:42.429 D/dalvikvm( 6211): Compiler shutdown in progress - discarding request
02-11 17:48:42.429 D/dalvikvm( 6211): Compiler shutdown in progress - discarding request
02-11 17:48:42.429 D/dalvikvm( 6211): Compiler shutdown in progress - discarding request
02-11 17:48:42.429 D/dalvikvm( 6211): Compiler shutdown in progress - discarding request
02-11 17:48:42.429 D/dalvikvm( 6211): Compiler shutdown in progress - discarding request
--------- beginning of /dev/log/main
02-11 17:51:00.009 D/Clock   (  566): ACTION_TIME_TICK
02-11 17:51:00.019 D/Clock   (  566): update clock:5:51
02-11 17:51:00.039 D/BatteryStatsImpl(  504): noteStopWakeLocked system isFromForeground = false
02-11 17:51:01.229 D/AndroidRuntime( 6240): 
02-11 17:51:01.229 D/AndroidRuntime( 6240): >>>>>> AndroidRuntime START com.android.internal.os.RuntimeInit <<<<<<
02-11 17:51:01.229 D/AndroidRuntime( 6240): CheckJNI is OFF
02-11 17:51:01.229 I/AndroidRuntime( 6240): Kernel Release Version: 3.10.20-gf818079
02-11 17:51:01.229 I/dalvikvm( 6240): No library specified. The standard exception handler will be used
02-11 17:51:01.229 I/dalvikvm( 6240): 
02-11 17:51:01.229 I/dalvikvm( 6240): +++++++++++++ Using PCG. +++++++++++++++++++++
02-11 17:51:01.239 D/dalvikvm( 6240): Trying to load lib libjavacore.so 0x0
02-11 17:51:01.239 D/dalvikvm( 6240): Added shared lib libjavacore.so 0x0
02-11 17:51:01.239 D/dalvikvm( 6240): Trying to load lib libnativehelper.so 0x0
02-11 17:51:01.239 D/dalvikvm( 6240): Added shared lib libnativehelper.so 0x0
02-11 17:51:01.239 D/dalvikvm( 6240): No JNI_OnLoad found in libnativehelper.so 0x0, skipping init
02-11 17:51:01.249 D/dalvikvm( 6240): Extra Options: not specified
02-11 17:51:01.259 D/dalvikvm( 6240): Note: class Landroid/app/ActivityManagerNative; has 186 unimplemented (abstract) methods
02-11 17:51:01.339 E/memtrack( 6240): Couldn't load memtrack module (No such file or directory)
02-11 17:51:01.339 E/android.os.Debug( 6240): failed to load memtrack module: -2
02-11 17:51:01.369 D/AndroidRuntime( 6240): Calling main entry com.android.commands.am.Am
02-11 17:51:01.399 D/AndroidRuntime( 6240): Shutting down VM
