02-11 17:51:03.539 I/WifiHW  (  504): REPLY: bssid=50:bd:5f:4b:29:92
02-11 17:51:03.539 I/WifiHW  (  504): REPLY: freq=2437
02-11 17:51:03.539 I/WifiHW  (  504): REPLY: level=-68
02-11 17:51:03.539 I/WifiHW  (  504): REPLY: tsf=0000003358532678
02-11 17:51:03.539 I/WifiHW  (  504): REPLY: flags=[ESS]
02-11 17:51:03.539 I/WifiHW  (  504): REPLY: ssid=Internet-2
02-11 17:51:03.539 I/WifiHW  (  504): REPLY: ====
02-11 17:51:03.539 I/WifiHW  (  504): REPLY: id=199
02-11 17:51:03.539 I/WifiHW  (  504): REPLY: bssid=14:d6:4d:28:ef:c8
02-11 17:51:03.539 I/WifiHW  (  504): REPLY: freq=2437
02-11 17:51:03.539 I/WifiHW  (  504): REPLY: level=-71
02-11 17:51:03.539 I/WifiHW  (  504): REPLY: tsf=0000003399734269
02-11 17:51:03.539 I/WifiHW  (  504): REPLY: flags=[WPA2-PSK-CCMP][WPS][ESS]
02-11 17:51:03.539 I/WifiHW  (  504): REPLY: ssid=dlink
02-11 17:51:03.539 I/WifiHW  (  504): REPLY: ====
02-11 17:51:03.539 I/WifiHW  (  504): REPLY: id=200
02-11 17:51:03.539 I/WifiHW  (  504): REPLY: bssid=00:0f:e2:0f:9f:c1
02-11 17:51:03.539 I/WifiHW  (  504): REPLY: freq=2462
02-11 17:51:03.539 I/WifiHW  (  504): REPLY: level=-76
02-11 17:51:03.539 I/WifiHW  (  504): REPLY: tsf=0000003399734294
02-11 17:51:03.539 I/WifiHW  (  504): REPLY: flags=[WPA-PSK-CCMP+TKIP][WPA2-PSK-CCMP+TKIP][ESS]
02-11 17:51:03.539 I/WifiHW  (  504): REPLY: ssid=321_WAN
02-11 17:51:03.539 I/WifiHW  (  504): REPLY: ====
02-11 17:51:03.539 I/WifiHW  (  504): REPLY: id=210
02-11 17:51:03.539 I/WifiHW  (  504): REPLY: bssid=cc:34:29:2c:fb:ec
02-11 17:51:03.539 I/WifiHW  (  504): REPLY: freq=2412
02-11 17:51:03.539 I/WifiHW  (  504): REPLY: level=-60
02-11 17:51:03.539 I/WifiHW  (  504): REPLY: tsf=0000003399734251
02-11 17:51:03.539 I/WifiHW  (  504): REPLY: flags=[WPA-PSK-CCMP][WPA2-PSK-CCMP][WPS][ESS]
02-11 17:51:03.539 I/WifiHW  (  504): REPLY: ssid=linksys
02-11 17:51:03.539 I/WifiHW  (  504): REPLY: ====
02-11 17:51:03.539 I/WifiHW  (  504): REPLY: id=211
02-11 17:51:03.539 I/WifiHW  (  504): REPLY: bssid=02:1a:11:f2:d4:75
02-11 17:51:03.539 I/WifiHW  (  504): REPLY: freq=2437
02-11 17:51:03.539 I/WifiHW  (  504): REPLY: level=-65
02-11 17:51:03.539 I/WifiHW  (  504): REPLY: tsf=0000003358532651
02-11 17:51:03.539 I/WifiHW  (  504): REPLY: flags=[WPA2-PSK-CCMP][ESS]
02-11 17:51:03.539 I/WifiHW  (  504): REPLY: ssid=test only
02-11 17:51:03.539 I/WifiHW  (  504): REPLY: ====
02-11 17:51:03.539 I/WifiHW  (  504): REPLY: id=212
02-11 17:51:03.539 I/WifiHW  (  504): REPLY: bssid=e4:d3:32:c0:cf:a4
02-11 17:51:03.539 I/WifiHW  (  504): REPLY: freq=2437
02-11 17:51:03.539 I/WifiHW  (  504): REPLY: level=-69
02-11 17:51:03.539 I/WifiHW  (  504): REPLY: tsf=0000003399734283
02-11 17:51:03.539 I/WifiHW  (  504): REPLY: flags=[WPA2-PSK-CCMP][ESS]
02-11 17:51:03.539 I/WifiHW  (  504): REPLY: ssid=fast
02-11 17:51:03.539 I/WifiHW  (  504): REPLY: ====
02-11 17:51:03.539 I/WifiHW  (  504): REPLY: id=213
02-11 17:51:03.539 I/WifiHW  (  504): REPLY: bssid=80:1f:02:43:fb:e8
02-11 17:51:03.539 I/WifiHW  (  504): REPLY: freq=2412
02-11 17:51:03.539 I/WifiHW  (  504): REPLY: level=-68
02-11 17:51:03.539 I/WifiHW  (  504): REPLY: tsf=0000003399734254
02-11 17:51:03.539 I/WifiHW  (  504): REPLY: flags=[WPA2-PSK-CCMP-preauth][ESS]
02-11 17:51:03.539 I/WifiHW  (  504): REPLY: ssid=Edimax AP
02-11 17:51:03.539 I/WifiHW  (  504): REPLY: ====
02-11 17:51:03.539 I/WifiHW  (  504): REPLY: id=215
02-11 17:51:03.539 I/WifiHW  (  504): REPLY: bssid=c0:a0:bb:20:3b:84
02-11 17:51:03.539 I/WifiHW  (  504): REPLY: freq=2417
02-11 17:51:03.539 I/WifiHW  (  504): REPLY: level=-72
02-11 17:51:03.539 I/WifiHW  (  504): REPLY: tsf=0000003399734256
02-11 17:51:03.539 I/WifiHW  (  504): REPLY: flags=[WPA-PSK-CCMP+TKIP][WPA2-PSK-CCMP+TKIP][WPS][ESS]
02-11 17:51:03.539 I/WifiHW  (  504): REPLY: ssid=dlink-3B84
02-11 17:51:03.539 I/WifiHW  (  504): REPLY: ====
02-11 17:51:03.539 I/WifiHW  (  504): REPLY: id=216
02-11 17:51:03.539 I/WifiHW  (  504): REPLY: bssid=e4:d3:32:dd:18:62
02-11 17:51:03.539 I/WifiHW  (  504): REPLY: freq=2437
02-11 17:51:03.539 I/WifiHW  (  504): REPLY: level=-74
02-11 17:51:03.539 I/WifiHW  (  504): REPLY: tsf=0000003358532714
02-11 17:51:03.539 I/WifiHW  (  504): REPLY: flags=[ESS]
02-11 17:51:03.539 I/WifiHW  (  504): REPLY: ssid=Internet
02-11 17:51:03.539 I/WifiHW  (  504): REPLY: ====
02-11 17:51:03.539 I/WifiHW  (  504): REPLY: id=217
02-11 17:51:03.539 I/WifiHW  (  504): REPLY: bssid=02:1a:11:fa:9e:f1
02-11 17:51:03.539 I/WifiHW  (  504): REPLY: freq=2437
02-11 17:51:03.539 I/WifiHW  (  504): REPLY: level=-65
02-11 17:51:03.539 I/WifiHW  (  504): REPLY: tsf=0000003399734266
02-11 17:51:03.539 I/WifiHW  (  504): REPLY: flags=[WPA2-PSK-CCMP][ESS]
02-11 17:51:03.539 I/WifiHW  (  504): REPLY: ssid=love U forever
02-11 17:51:03.539 I/WifiHW  (  504): REPLY: ====
02-11 17:51:03.539 I/WifiHW  (  504): REPLY: id=218
02-11 17:51:03.539 I/WifiHW  (  504): REPLY: bssid=22:48:9a:ac:31:5b
02-11 17:51:03.539 I/WifiHW  (  504): REPLY: freq=2437
02-11 17:51:03.539 I/WifiHW  (  504): REPLY: level=-68
02-11 17:51:03.539 I/WifiHW  (  504): REPLY: tsf=0000003399734271
02-11 17:51:03.539 I/WifiHW  (  504): REPLY: flags=[WPA2-PSK-CCMP][ESS]
02-11 17:51:03.539 I/WifiHW  (  504): REPLY: ssid=dean1
02-11 17:51:03.539 I/WifiHW  (  504): REPLY: ====
02-11 17:51:03.539 I/WifiHW  (  504): REPLY: id=219
02-11 17:51:03.539 I/WifiHW  (  504): REPLY: bssid=02:1a:11:fb:99:d1
02-11 17:51:03.539 I/WifiHW  (  504): REPLY: freq=2437
02-11 17:51:03.539 I/WifiHW  (  504): REPLY: level=-77
02-11 17:51:03.539 I/WifiHW  (  504): REPLY: tsf=0000003399734280
02-11 17:51:03.539 I/WifiHW  (  504): REPLY: flags=[WPA2-PSK-CCMP][ESS]
02-11 17:51:03.539 I/WifiHW  (  504): REPLY: ssid=AndroidAPmm123
02-11 17:51:03.539 I/WifiHW  (  504): REPLY: ====
02-11 17:51:03.539 I/WifiHW  (  504): REPLY: id=220
02-11 17:51:03.539 I/WifiHW  (  504): REPLY: bssid=02:09:4c:23:ef:0a
02-11 17:51:03.539 I/WifiHW  (  504): REPLY: freq=2412
02-11 17:51:03.539 I/WifiHW  (  504): REPLY: level=-75
02-11 17:51:03.539 I/WifiHW  (  504): REPLY: tsf=0000003399734301
02-11 17:51:03.539 I/WifiHW  (  504): REPLY: flags=[WEP]
02-11 17:51:03.539 I/WifiHW  (  504): REPLY: ssid=DIRECT-
02-11 17:51:03.539 I/WifiHW  (  504): REPLY: ====
02-11 17:51:03.539 I/WifiHW  (  504): REPLY: id=221
02-11 17:51:03.539 I/WifiHW  (  504): REPLY: bssid=00:36:76:07:69:a2
02-11 17:51:03.539 I/WifiHW  (  504): REPLY: freq=2462
02-11 17:51:03.539 I/WifiHW  (  504): REPLY: level=-79
02-11 17:51:03.539 I/WifiHW  (  504): REPLY: tsf=0000003399734299
02-11 17:51:03.539 I/WifiHW  (  504): REPLY: flags=[WPA-PSK-CCMP][WPA2-PSK-CCMP][ESS]
02-11 17:51:03.539 I/WifiHW  (  504): REPLY: ssid=dagewifi
02-11 17:51:03.539 I/WifiHW  (  504): REPLY: ####
02-11 17:51:03.659 D/AndroidRuntime( 6273): 
02-11 17:51:03.659 D/AndroidRuntime( 6273): >>>>>> AndroidRuntime START com.android.internal.os.RuntimeInit <<<<<<
02-11 17:51:03.659 D/AndroidRuntime( 6273): CheckJNI is OFF
02-11 17:51:03.659 I/AndroidRuntime( 6273): Kernel Release Version: 3.10.20-gf818079
02-11 17:51:03.659 I/dalvikvm( 6273): No library specified. The standard exception handler will be used
02-11 17:51:03.669 I/dalvikvm( 6273): 
02-11 17:51:03.669 I/dalvikvm( 6273): +++++++++++++ Using PCG. +++++++++++++++++++++
02-11 17:51:03.669 D/dalvikvm( 6273): Trying to load lib libjavacore.so 0x0
02-11 17:51:03.679 D/dalvikvm( 6273): Added shared lib libjavacore.so 0x0
02-11 17:51:03.679 D/dalvikvm( 6273): Trying to load lib libnativehelper.so 0x0
02-11 17:51:03.679 D/dalvikvm( 6273): Added shared lib libnativehelper.so 0x0
02-11 17:51:03.679 D/dalvikvm( 6273): No JNI_OnLoad found in libnativehelper.so 0x0, skipping init
02-11 17:51:03.679 D/dalvikvm( 6273): Extra Options: not specified
02-11 17:51:03.689 D/dalvikvm( 6273): Note: class Landroid/app/ActivityManagerNative; has 186 unimplemented (abstract) methods
02-11 17:51:03.769 E/memtrack( 6273): Couldn't load memtrack module (No such file or directory)
02-11 17:51:03.769 E/android.os.Debug( 6273): failed to load memtrack module: -2
02-11 17:51:03.799 D/AndroidRuntime( 6273): Calling main entry com.android.commands.am.Am
02-11 17:51:03.829 W/ufoGralloc(  171): registerBuffer() handle 0xb8b93c20/4 didn't require registration
02-11 17:51:03.829 I/ActivityManager(  504): START u0 {flg=0x10000000 cmp=org.xwalk.webapi_service_tests/.WebapiServiceTestsActivity} from pid 6273
02-11 17:51:03.859 I/SecurityManagerService(  621): SMS received security event: App[START/org.xwalk.webapi_service_tests]
02-11 17:51:03.859 D/AndroidRuntime( 6273): Shutting down VM
02-11 17:51:03.859 D/dalvikvm( 6273): GC_CONCURRENT freed 114K, 16% free 701K/832K, paused 0ms+1ms, total 1ms
02-11 17:51:03.859 D/dalvikvm( 6273): Compiler shutdown in progress - discarding request
02-11 17:51:03.859 D/dalvikvm( 6273): Compiler shutdown in progress - discarding request
02-11 17:51:03.859 D/dalvikvm( 6273): Compiler shutdown in progress - discarding request
02-11 17:51:03.859 D/dalvikvm( 6273): Compiler shutdown in progress - discarding request
02-11 17:51:03.859 D/dalvikvm( 6273): Compiler shutdown in progress - discarding request
02-11 17:51:03.859 D/dalvikvm( 6273): Compiler shutdown in progress - discarding request
02-11 17:51:03.859 D/dalvikvm( 6273): Compiler shutdown in progress - discarding request
02-11 17:51:03.859 D/dalvikvm( 6273): Compiler shutdown in progress - discarding request
02-11 17:51:03.859 D/dalvikvm( 6273): Compiler shutdown in progress - discarding request
02-11 17:51:03.859 D/dalvikvm( 6273): Compiler shutdown in progress - discarding request
02-11 17:51:03.859 D/dalvikvm( 6273): Compiler shutdown in progress - discarding request
02-11 17:51:03.859 D/dalvikvm( 6273): Compiler shutdown in progress - discarding request
02-11 17:51:03.859 D/dalvikvm( 6273): Compiler shutdown in progress - discarding request
02-11 17:51:03.859 D/dalvikvm( 6273): Compiler shutdown in progress - discarding request
02-11 17:51:03.859 D/dalvikvm( 6273): Compiler shutdown in progress - discarding request
02-11 17:51:03.859 D/dalvikvm( 6273): Compiler shutdown in progress - discarding request
02-11 17:51:03.859 D/dalvikvm( 6273): Compiler shutdown in progress - discarding request
02-11 17:51:03.859 D/dalvikvm( 6273): Compiler shutdown in progress - discarding request
02-11 17:51:03.859 D/dalvikvm( 6273): Compiler shutdown in progress - discarding request
02-11 17:51:03.859 D/dalvikvm( 6273): Compiler shutdown in progress - discarding request
02-11 17:51:03.859 D/dalvikvm( 6273): Compiler shutdown in progress - discarding request
02-11 17:51:03.859 D/dalvikvm( 6273): Compiler shutdown in progress - discarding request
02-11 17:51:03.859 D/dalvikvm( 6273): Compiler shutdown in progress - discarding request
02-11 17:51:03.859 D/dalvikvm( 6273): Compiler shutdown in progress - discarding request
02-11 17:51:03.859 D/dalvikvm( 6273): Compiler shutdown in progress - discarding request
02-11 17:51:03.859 D/dalvikvm( 6273): Compiler shutdown in progress - discarding request
02-11 17:51:03.859 D/dalvikvm( 6273): Compiler shutdown in progress - discarding request
02-11 17:51:03.859 D/dalvikvm( 6273): Compiler shutdown in progress - discarding request
02-11 17:51:03.859 D/dalvikvm( 6273): Compiler shutdown in progress - discarding request
02-11 17:51:03.859 D/dalvikvm( 6273): Compiler shutdown in progress - discarding request
02-11 17:51:03.859 D/dalvikvm( 6273): Compiler shutdown in progress - discarding request
02-11 17:51:03.859 D/dalvikvm( 6273): Compiler shutdown in progress - discarding request
02-11 17:51:03.859 D/dalvikvm( 6273): Compiler shutdown in progress - discarding request
02-11 17:51:03.859 D/dalvikvm( 6273): Compiler shutdown in progress - discarding request
02-11 17:51:03.859 D/dalvikvm( 6273): Compiler shutdown in progress - discarding request
02-11 17:51:03.859 D/dalvikvm( 6273): Compiler shutdown in progress - discarding request
02-11 17:51:03.859 D/dalvikvm( 6273): Compiler shutdown in progress - discarding request
02-11 17:51:03.859 D/dalvikvm( 6273): Compiler shutdown in progress - discarding request
02-11 17:51:03.859 D/dalvikvm( 6273): Compiler shutdown in progress - discarding request
02-11 17:51:03.859 D/dalvikvm( 6273): Compiler shutdown in progress - discarding request
02-11 17:51:03.859 D/dalvikvm( 6284): Process 6284 nice name: org.xwalk.webapi_service_tests
02-11 17:51:03.859 D/dalvikvm( 6284): Extra Options: not specified
02-11 17:51:03.859 I/ActivityManager(  504): Start proc org.xwalk.webapi_service_tests for activity org.xwalk.webapi_service_tests/.WebapiServiceTestsActivity: pid=6284 uid=10256 gids={50256, 3003, 1028, 1015}
02-11 17:51:03.879 D/WindowManager(  504): adjustConfigurationLw, config:{1.0 ?mcc?mnc ?locale ?layoutDir sw600dp w961dp h528dp 213dpi lrg land ?uimode ?night finger -keyb/v/h -nav/v} mLidState:1 mHasDockFeature:false mHasKeyboardFeature:false mHasHallSensorFeature:true config.hardKeyboardHidden:2
02-11 17:51:03.879 I/ActivityManager(  504): [TopPkgCurBat]	NowPkgName[org.xwalk.webapi_service_tests]	Battery[79]	TimeTick[1423648263890]	OldPkgName[testkit.stub]
02-11 17:51:03.889 D/dalvikvm( 6284): Trying to load lib /data/app-lib/org.xwalk.webapi_service_tests-1/libxwalkcore.so 0x43d802a0
02-11 17:51:03.899 D/dalvikvm( 6284): Added shared lib /data/app-lib/org.xwalk.webapi_service_tests-1/libxwalkcore.so 0x43d802a0
02-11 17:51:03.909 I/LibraryLoader( 6284): Time to load native libraries: 12 ms (timestamps 89-101)
02-11 17:51:03.909 I/LibraryLoader( 6284): Expected native library version number "",actual native library version number ""
02-11 17:51:03.929 I/LibraryLoader( 6284): Expected native library version number "",actual native library version number ""
02-11 17:51:03.929 I/chromium( 6284): [INFO:library_loader_hooks.cc(112)] Chromium logging enabled: level = 0, default verbosity = 0
02-11 17:51:03.929 I/BrowserStartupController( 6284): Initializing chromium process, singleProcess=true
02-11 17:51:03.979 W/chromium( 6284): [WARNING:dns_config_service_posix.cc(293)] Failed to read DnsConfig.
02-11 17:51:03.979 W/AudioManagerAndroid( 6284): Requires BLUETOOTH permission
02-11 17:51:03.979 I/ufoGralloc( 6284): Hello, this is UFO GRALLOC/Intel Corporation
02-11 17:51:03.989 D/        ( 6284): Pixel Format : GGL_PIXEL_FORMAT_RGBA_8888
02-11 17:51:03.989 D/        ( 6284): droid_create_context : config id = 1 conf->NativeVisualID=1
02-11 17:51:03.989 D/        ( 6284): Pixel Format : GGL_PIXEL_FORMAT_RGBA_8888
02-11 17:51:03.989 I/        ( 6284): Requested context : GLES 2.0
02-11 17:51:04.009 W/chromium( 6284): [WARNING:proxy_service.cc(899)] PAC support disabled because there is no system implementation
02-11 17:51:04.019 W/dalvikvm( 6284): VFY: unable to find class referenced in signature (Landroid/view/inputmethod/CursorAnchorInfo;)
02-11 17:51:04.019 I/dalvikvm( 6284): Could not find method android.view.inputmethod.InputMethodManager.updateCursorAnchorInfo, referenced from method org.chromium.content.browser.input.InputMethodManagerWrapper.updateCursorAnchorInfo
02-11 17:51:04.019 W/dalvikvm( 6284): VFY: unable to resolve virtual method 1241: Landroid/view/inputmethod/InputMethodManager;.updateCursorAnchorInfo (Landroid/view/View;Landroid/view/inputmethod/CursorAnchorInfo;)V
02-11 17:51:04.019 D/dalvikvm( 6284): VFY: replacing opcode 0x6e at 0x000a
02-11 17:51:04.059 E/cutils  (  163): Failed to mkdirat(/Removable/MicroSD): Read-only file system
02-11 17:51:04.059 W/ContextImpl( 6284): Failed to ensure directory: /Removable/MicroSD/Android/data/org.xwalk.webapi_service_tests/cache
02-11 17:51:04.059 W/XWalkExtensionManager( 6284): Failed to read extensions-config.json
02-11 17:51:04.059 E/chromium( 6284): [ERROR:unix_domain_server_socket_posix.cc(106)] Not implemented reached in virtual int net::UnixDomainServerSocket::GetLocalAddress(net::IPEndPoint*) const
02-11 17:51:04.059 W/Vold    (  163): Returning OperationFailed - no handler for errno 30
02-11 17:51:04.069 I/dalvikvm( 6284): Could not find method android.app.Activity.finishAndRemoveTask, referenced from method org.chromium.base.ApiCompatibilityUtils.finishAndRemoveTask
02-11 17:51:04.069 W/dalvikvm( 6284): VFY: unable to resolve virtual method 4: Landroid/app/Activity;.finishAndRemoveTask ()V
02-11 17:51:04.069 D/dalvikvm( 6284): VFY: replacing opcode 0x6e at 0x0006
02-11 17:51:04.069 I/dalvikvm( 6284): Could not find method android.os.PowerManager.isInteractive, referenced from method org.chromium.base.ApiCompatibilityUtils.isInteractive
02-11 17:51:04.069 W/dalvikvm( 6284): VFY: unable to resolve virtual method 768: Landroid/os/PowerManager;.isInteractive ()Z
02-11 17:51:04.069 D/dalvikvm( 6284): VFY: replacing opcode 0x6e at 0x000e
02-11 17:51:04.069 I/dalvikvm( 6284): Could not find method android.view.Window.getNavigationBarColor, referenced from method org.chromium.base.ApiCompatibilityUtils.setStatusBarColor
02-11 17:51:04.069 W/dalvikvm( 6284): VFY: unable to resolve virtual method 1144: Landroid/view/Window;.getNavigationBarColor ()I
02-11 17:51:04.069 D/dalvikvm( 6284): VFY: replacing opcode 0x6e at 0x0010
02-11 17:51:04.069 I/dalvikvm( 6284): Could not find method android.view.Window.setStatusBarColor, referenced from method org.chromium.base.ApiCompatibilityUtils.setStatusBarColor
02-11 17:51:04.069 W/dalvikvm( 6284): VFY: unable to resolve virtual method 1149: Landroid/view/Window;.setStatusBarColor (I)V
02-11 17:51:04.069 D/dalvikvm( 6284): VFY: replacing opcode 0x6e at 0x0019
02-11 17:51:04.069 E/dalvikvm( 6284): Could not find class 'android.app.ActivityManager$TaskDescription', referenced from method org.chromium.base.ApiCompatibilityUtils.setTaskDescription
02-11 17:51:04.069 W/dalvikvm( 6284): VFY: unable to resolve new-instance 11 (Landroid/app/ActivityManager$TaskDescription;) in Lorg/chromium/base/ApiCompatibilityUtils;
02-11 17:51:04.069 D/dalvikvm( 6284): VFY: replacing opcode 0x22 at 0x0006
02-11 17:51:04.069 D/dalvikvm( 6284): DexOpt: unable to opt direct call 0x001e at 0x08 in Lorg/chromium/base/ApiCompatibilityUtils;.setTaskDescription
02-11 17:51:04.069 I/chromium( 6284): [INFO:xwalk_extension_renderer_controller.cc(47)] EXTENSION PROCESS DISABLED.
02-11 17:51:04.109 D/        ( 6284): Pixel Format : GGL_PIXEL_FORMAT_RGBA_8888
02-11 17:51:04.109 D/        ( 6284): droid_create_context : config id = 1 conf->NativeVisualID=1
02-11 17:51:04.109 D/        ( 6284): Pixel Format : GGL_PIXEL_FORMAT_RGBA_8888
02-11 17:51:04.109 I/        ( 6284): Requested context : GLES 2.0
02-11 17:51:04.149 D/        ( 6284): droid_create_context : config id = 5 conf->NativeVisualID=1
02-11 17:51:04.149 D/        ( 6284): Pixel Format : GGL_PIXEL_FORMAT_RGBA_8888
02-11 17:51:04.149 I/        ( 6284): Requested context : GLES 2.0
02-11 17:51:04.159 D/        ( 6284): Pixel Format : GGL_PIXEL_FORMAT_RGBA_8888
02-11 17:51:04.159 D/OpenGLRenderer( 6284): Enabling debug mode 0
02-11 17:51:04.199 W/BindingManager( 6284): Cannot call determinedVisibility() - never saw a connection for the pid: 6284
02-11 17:51:04.299 D/        ( 6284): Pixel Format : GGL_PIXEL_FORMAT_RGBA_8888
02-11 17:51:04.309 D/        ( 6284): droid_create_context : config id = 1 conf->NativeVisualID=1
02-11 17:51:04.309 D/        ( 6284): Pixel Format : GGL_PIXEL_FORMAT_RGBA_8888
02-11 17:51:04.309 I/        ( 6284): Requested context : GLES 2.0
02-11 17:51:04.309 D/XT9IME  (  722): new subtype :zh_CN ,pinyin
02-11 17:51:04.309 I/ActivityManager(  504): Displayed org.xwalk.webapi_service_tests/.WebapiServiceTestsActivity: +457ms
02-11 17:51:04.319 D/        ( 6284): Swap interval set to = 1 value
02-11 17:51:04.349 D/BatteryStatsImpl(  504): noteStopWakeLocked system isFromForeground = false
02-11 17:51:04.429 I/chromium( 6284): [INFO:CONSOLE(0)] "Synchronous XMLHttpRequest on the main thread is deprecated because of its detrimental effects to the end user's experience. For more help, check http://xhr.spec.whatwg.org/.", source:  (0)
02-11 17:51:04.489 D/        ( 6284): Pixel Format : GGL_PIXEL_FORMAT_RGBA_8888
02-11 17:51:04.489 D/        ( 6284): droid_create_context : config id = 1 conf->NativeVisualID=1
02-11 17:51:04.489 D/        ( 6284): Pixel Format : GGL_PIXEL_FORMAT_RGBA_8888
02-11 17:51:04.489 I/        ( 6284): Requested context : GLES 2.0
02-11 17:51:07.529 W/BindingManager( 6284): Cannot call determinedVisibility() - never saw a connection for the pid: 6284
02-11 17:51:07.679 D/BatteryStatsImpl(  504): noteStopWakeLocked system isFromForeground = false
02-11 17:51:11.269 W/BindingManager( 6284): Cannot call determinedVisibility() - never saw a connection for the pid: 6284
02-11 17:51:12.229 D/EVENT_THREAD(  183): void CEventThread::run() POLLIN event on Fd (1)
02-11 17:51:12.229 D/EVENT_THREAD(  183): void CEventThread::run() Do poll with timeout: -1
02-11 17:51:12.229 D/EVENT_THREAD(  183): void CEventThread::run() POLLIN event on Fd (1)
02-11 17:51:12.229 D/EVENT_THREAD(  183): void CEventThread::run() Do poll with timeout: -1
02-11 17:51:12.229 I/upi_ug31xx(  166): (352) update_capacity
02-11 17:51:12.229 I/[UPI]   (  166): <UG31/E>[UpiReadCapacity]: V=4046(4048), T=324(325-383), I=-252, C=0(0-0)
02-11 17:51:12.229 I/[UPI]   (  166): <UG31/E>[UpiReadCapacity]: (0x0001254a) 3107 (3023) / 3926 (4027) = 79
02-11 17:51:12.229 I/[UPI]   (  166): <UG31/E>[UpiReadCapacity]: (0x0001254a) 3107 (3023) / 3926 (4027) = 79
02-11 17:51:12.229 I/[UPI]   (  166): <UG31/E>[UpiReadCapacity]: (0x0001254a) 3107 (3107) / 3926 (4027) = 79
02-11 17:51:12.229 I/[UPI]   (  166): <UG31/E>[RsocFilterCountTime]: (0x0001254a) Step=22(1370890), Full=22(1370890), Lock=1370890(1800000)
02-11 17:51:12.229 I/[UPI]   (  166): <UG31/E>[UpiReadCapacity]: (0x0001254a) 3107 (3107) / 3926 (4027) = 79 (-252--252)
02-11 17:51:12.229 I/[UPI]   (  166): <UG31/E><BATT> M:normal, P:79(79-79)%, V:4049mV, C:-455mA, T:32.5C(383), S:0x0001254a(000), R:3107mAh, F:3926mAh, Q:-269mAh, CC:3, P:30.560(269-0)s, BO:7, 97:615:0-44af-9m:B001-20140514-144301 (16)
02-11 17:51:12.229 I/upi_ug31xx(  166): (353) backup_data 
02-11 17:51:12.229 V/upi_ug31xx(  166): state->check_backup_count = 13
02-11 17:51:14.499 W/BindingManager( 6284): Cannot call determinedVisibility() - never saw a connection for the pid: 6284
02-11 17:51:15.539 W/BindingManager( 6284): Cannot call determinedVisibility() - never saw a connection for the pid: 6284
02-11 17:51:15.939 W/BindingManager( 6284): Cannot call determinedVisibility() - never saw a connection for the pid: 6284
02-11 17:51:41.629 D/EVENT_THREAD(  183): void CEventThread::run() POLLIN event on Fd (1)
02-11 17:51:41.629 D/EVENT_THREAD(  183): void CEventThread::run() Do poll with timeout: -1
02-11 17:51:42.559 D/EVENT_THREAD(  183): void CEventThread::run() POLLIN event on Fd (1)
02-11 17:51:42.559 D/EVENT_THREAD(  183): void CEventThread::run() Do poll with timeout: -1
02-11 17:51:42.559 I/upi_ug31xx(  166): (354) update_capacity
02-11 17:51:42.559 I/[UPI]   (  166): <UG31/E>[UpiReadCapacity]: V=4045(4045), T=325(327-383), I=-242, C=-2(-2-0)
02-11 17:51:42.559 I/[UPI]   (  166): <UG31/E>[UpiReadCapacity]: (0x0001254a) 3107 (3019) / 3926 (4027) = 79
02-11 17:51:42.559 I/[UPI]   (  166): <UG31/E>[UpiReadCapacity]: (0x0001254a) 3107 (3019) / 3926 (4027) = 79
02-11 17:51:42.559 I/[UPI]   (  166): <UG31/E>[UpiReadCapacity]: (0x0001254a) 3105 (3105) / 3926 (4027) = 79
02-11 17:51:42.559 I/[UPI]   (  166): <UG31/E>[RsocFilterCountTime]: (0x0001254a) Step=23(1401220), Full=23(1401220), Lock=1401220(1800000)
02-11 17:51:42.559 I/[UPI]   (  166): <UG31/E>[UpiReadCapacity]: (0x0001254a) 3105 (3105) / 3926 (4027) = 79 (-242--242)
02-11 17:51:42.559 I/[UPI]   (  166): <UG31/E><BATT> M:normal, P:79(79-79)%, V:4044mV, C:-244mA, T:32.7C(383), S:0x0001254a(000), R:3105mAh, F:3926mAh, Q:-271mAh, CC:3, P:30.330(271-0)s, BO:7, 97:615:0-44af-9m:B001-20140514-144301 (16)
02-11 17:51:42.559 D/EVENT_THREAD(  183): void CEventThread::run() POLLIN event on Fd (1)
02-11 17:51:42.559 D/EVENT_THREAD(  183): void CEventThread::run() Do poll with timeout: -1
02-11 17:51:42.559 I/upi_ug31xx(  166): (355) backup_data 
02-11 17:51:42.559 V/upi_ug31xx(  166): state->check_backup_count = 14
02-11 17:51:43.549 D/wpa_supplicant(  651): wlan0: Starting AP scan for wildcard SSID
02-11 17:51:43.549 D/wpa_supplicant(  651): WPS: Building WPS IE for Probe Request
02-11 17:51:43.549 D/wpa_supplicant(  651): WPS:  * Version (hardcoded 0x10)
02-11 17:51:43.549 D/wpa_supplicant(  651): WPS:  * Request Type
02-11 17:51:43.549 D/wpa_supplicant(  651): WPS:  * Config Methods (4288)
02-11 17:51:43.549 D/wpa_supplicant(  651): WPS:  * UUID-E
02-11 17:51:43.549 D/wpa_supplicant(  651): WPS:  * Primary Device Type
02-11 17:51:43.549 D/wpa_supplicant(  651): WPS:  * RF Bands (1)
02-11 17:51:43.549 D/wpa_supplicant(  651): WPS:  * Association State
02-11 17:51:43.549 D/wpa_supplicant(  651): WPS:  * Configuration Error (0)
02-11 17:51:43.549 D/wpa_supplicant(  651): WPS:  * Device Password ID (0)
02-11 17:51:43.549 D/wpa_supplicant(  651): WPS:  * Manufacturer
02-11 17:51:43.549 D/wpa_supplicant(  651): WPS:  * Model Name
02-11 17:51:43.549 D/wpa_supplicant(  651): WPS:  * Model Number
02-11 17:51:43.549 D/wpa_supplicant(  651): WPS:  * Device Name
02-11 17:51:43.549 D/wpa_supplicant(  651): WPS:  * Version2 (0x20)
02-11 17:51:43.549 D/wpa_supplicant(  651): P2P: * P2P IE header
02-11 17:51:43.549 D/wpa_supplicant(  651): P2P: * Capability dev=25 group=00
02-11 17:51:43.549 D/wpa_supplicant(  651): P2P: * Listen Channel: Regulatory Class 81 Channel 11
02-11 17:51:43.549 D/wpa_supplicant(  651): wlan0: nl80211: scan request
02-11 17:51:43.609 D/wpa_supplicant(  651): Scan requested (ret=0) - scan timeout 30 seconds
02-11 17:51:43.619 D/wpa_supplicant(  651): nl80211: Drv Event 33 (NL80211_CMD_TRIGGER_SCAN) received for wlan0
02-11 17:51:43.619 D/wpa_supplicant(  651): wlan0: nl80211: Scan trigger
02-11 17:51:44.749 D/wpa_supplicant(  651): nl80211: Drv Event 34 (NL80211_CMD_NEW_SCAN_RESULTS) received for wlan0
02-11 17:51:44.749 D/wpa_supplicant(  651): wlan0: nl80211: New scan results available
02-11 17:51:44.749 D/wpa_supplicant(  651): wlan0: Event SCAN_RESULTS (3) received
02-11 17:51:44.749 D/wpa_supplicant(  651): nl80211: Received scan results (20 BSSes)
02-11 17:51:44.749 D/wpa_supplicant(  651): nl80211: Survey data missing
02-11 17:51:44.749 D/wpa_supplicant(  651): wlan0: BSS: Start scan result update 87
02-11 17:51:44.749 D/wpa_supplicant(  651): wlan0: BSS: Add new id 222 BSSID cc:b2:55:e2:84:70 SSID 'DLINK_APK'
02-11 17:51:44.749 D/wpa_supplicant(  651): CTRL_IFACE monitor send - hexdump(len=39): 2f 64 61 74 61 2f 6d 69 73 63 2f 77 69 66 69 2f 73 6f 63 6b 65 74 73 2f 77 70 61 5f 63 74 72 6c ...
02-11 17:51:44.749 D/wpa_supplicant(  651): BSS: last_scan_res_used=20/32 last_scan_full=0
02-11 17:51:44.749 D/wpa_supplicant(  651): wlan0: New scan results available
02-11 17:51:44.749 D/wpa_supplicant(  651): CTRL_IFACE monitor send - hexdump(len=39): 2f 64 61 74 61 2f 6d 69 73 63 2f 77 69 66 69 2f 73 6f 63 6b 65 74 73 2f 77 70 61 5f 63 74 72 6c ...
02-11 17:51:44.749 D/wpa_supplicant(  651): CTRL_IFACE monitor send - hexdump(len=39): 2f 64 61 74 61 2f 6d 69 73 63 2f 77 69 66 69 2f 73 6f 63 6b 65 74 73 2f 77 70 61 5f 63 74 72 6c ...
02-11 17:51:44.749 D/wpa_supplicant(  651): Authorize channel 1
02-11 17:51:44.749 D/wpa_supplicant(  651): Authorize channel 2
02-11 17:51:44.749 D/wpa_supplicant(  651): Authorize channel 3
02-11 17:51:44.749 D/wpa_supplicant(  651): Authorize channel 4
02-11 17:51:44.749 D/wpa_supplicant(  651): Authorize channel 5
02-11 17:51:44.749 D/wpa_supplicant(  651): Authorize channel 6
02-11 17:51:44.749 D/wpa_supplicant(  651): Authorize channel 7
02-11 17:51:44.749 D/wpa_supplicant(  651): Authorize channel 8
02-11 17:51:44.749 D/wpa_supplicant(  651): Authorize channel 9
02-11 17:51:44.749 D/wpa_supplicant(  651): Authorize channel 10
02-11 17:51:44.749 D/wpa_supplicant(  651): Authorize channel 11
02-11 17:51:44.749 D/wpa_supplicant(  651): Authorize channel 12
02-11 17:51:44.749 D/wpa_supplicant(  651): Authorize channel 13
02-11 17:51:44.749 D/wpa_supplicant(  651): Authorize channel 1
02-11 17:51:44.749 D/wpa_supplicant(  651): Authorize channel 2
02-11 17:51:44.749 D/wpa_supplicant(  651): Authorize channel 3
02-11 17:51:44.749 D/wpa_supplicant(  651): Authorize channel 4
02-11 17:51:44.749 D/wpa_supplicant(  651): Authorize channel 5
02-11 17:51:44.749 D/wpa_supplicant(  651): Authorize channel 6
02-11 17:51:44.749 D/wpa_supplicant(  651): Authorize channel 7
02-11 17:51:44.749 D/wpa_supplicant(  651): Authorize channel 8
02-11 17:51:44.749 D/wpa_supplicant(  651): Authorize channel 9
02-11 17:51:44.749 D/wpa_supplicant(  651): Authorize channel 10
02-11 17:51:44.749 D/wpa_supplicant(  651): Authorize channel 11
02-11 17:51:44.749 D/wpa_supplicant(  651): Authorize channel 12
02-11 17:51:44.749 D/wpa_supplicant(  651): Authorize channel 13
02-11 17:51:44.749 D/wpa_supplicant(  651): Add access point on channel 6
02-11 17:51:44.749 D/wpa_supplicant(  651): Add access point on channel 11
02-11 17:51:44.749 D/wpa_supplicant(  651): Add access point on channel 6
02-11 17:51:44.749 D/wpa_supplicant(  651): Add access point on channel 11
02-11 17:51:44.749 D/wpa_supplicant(  651): Add access point on channel 11
02-11 17:51:44.749 D/wpa_supplicant(  651): Add access point on channel 6
02-11 17:51:44.749 D/wpa_supplicant(  651): Add access point on channel 4
02-11 17:51:44.749 D/wpa_supplicant(  651): Add access point on channel 6
02-11 17:51:44.749 D/wpa_supplicant(  651): Add access point on channel 9
02-11 17:51:44.749 D/wpa_supplicant(  651): Add access point on channel 6
02-11 17:51:44.749 D/wpa_supplicant(  651): Add access point on channel 6
02-11 17:51:44.749 D/wpa_supplicant(  651): Add access point on channel 6
02-11 17:51:44.749 D/wpa_supplicant(  651): Add access point on channel 11
02-11 17:51:44.749 D/wpa_supplicant(  651): Add access point on channel 1
02-11 17:51:44.749 D/wpa_supplicant(  651): Add access point on channel 6
02-11 17:51:44.749 D/wpa_supplicant(  651): Add access point on channel 6
02-11 17:51:44.749 D/wpa_supplicant(  651): Add access point on channel 1
02-11 17:51:44.749 D/wpa_supplicant(  651): Add access point on channel 2
02-11 17:51:44.749 D/wpa_supplicant(  651): Add access point on channel 6
02-11 17:51:44.749 D/wpa_supplicant(  651): Add access point on channel 6
02-11 17:51:44.749 D/wpa_supplicant(  651): Add access point on channel 6
02-11 17:51:44.749 D/wpa_supplicant(  651): Add access point on channel 6
02-11 17:51:44.749 D/wpa_supplicant(  651): Add access point on channel 1
02-11 17:51:44.749 D/wpa_supplicant(  651): Add access point on channel 11
02-11 17:51:44.749 D/wpa_supplicant(  651): Add access point on channel 8
02-11 17:51:44.749 D/wpa_supplicant(  651): Best Operating channel is = 1
02-11 17:51:44.749 I/WifiHW  (  504): EVENT: IFNAME=wlan0 CTRL-EVENT-BSS-ADDED 222 cc:b2:55:e2:84:70
02-11 17:51:44.749 D/wpa_supplicant(  651): WPS: AP[0] f8:d1:11:e7:99:e8 type=0 tries=0 last_attempt=-1 sec ago blacklist=0
02-11 17:51:44.749 D/wpa_supplicant(  651): WPS: AP[1] 10:c3:7b:d2:e5:e0 type=0 tries=0 last_attempt=-1 sec ago blacklist=0
02-11 17:51:44.749 D/wpa_supplicant(  651): WPS: AP[2] b0:48:7a:20:66:6a type=0 tries=0 last_attempt=-1 sec ago blacklist=0
02-11 17:51:44.749 D/wpa_supplicant(  651): WPS: AP[3] cc:34:29:2b:26:4c type=0 tries=0 last_attempt=-1 sec ago blacklist=0
02-11 17:51:44.749 D/wpa_supplicant(  651): WPS: AP[4] cc:34:29:2c:fb:ec type=0 tries=0 last_attempt=-1 sec ago blacklist=0
02-11 17:51:44.749 D/wpa_supplicant(  651): WPS: AP[5] 44:94:fc:3d:da:38 type=0 tries=0 last_attempt=-1 sec ago blacklist=0
02-11 17:51:44.749 D/wpa_supplicant(  651): WPS: AP[6] c0:c1:c0:76:81:3c type=0 tries=0 last_attempt=-1 sec ago blacklist=0
02-11 17:51:44.749 D/wpa_supplicant(  651): WPS: AP[7] 98:fc:11:81:35:fb type=0 tries=0 last_attempt=-1 sec ago blacklist=0
02-11 17:51:44.749 D/wpa_supplicant(  651): WPS: AP[8] b0:48:7a:51:ff:cc type=0 tries=0 last_attempt=-1 sec ago blacklist=0
02-11 17:51:44.749 D/wpa_supplicant(  651): WPS: AP[9] 14:d6:4d:28:ef:c8 type=0 tries=0 last_attempt=-1 sec ago blacklist=0
02-11 17:51:44.749 D/wpa_supplicant(  651): WPS: AP[10] 7a:ff:57:00:13:56 type=0 tries=0 last_attempt=-1 sec ago blacklist=0
02-11 17:51:44.749 D/wpa_supplicant(  651): WPS: AP[11] c8:d7:19:60:62:f2 type=0 tries=0 last_attempt=-1 sec ago blacklist=0
02-11 17:51:44.749 D/wpa_supplicant(  651): WPS: AP[12] c0:a0:bb:20:3b:84 type=0 tries=0 last_attempt=-1 sec ago blacklist=0
02-11 17:51:44.749 D/wpa_supplicant(  651): WPS: AP[13] 5e:f3:70:0c:91:9a type=0 tries=0 last_attempt=-1 sec ago blacklist=0
02-11 17:51:44.749 D/wpa_supplicant(  651): WPS: AP[14] 02:09:4c:42:36:90 type=0 tries=0 last_attempt=-1 sec ago blacklist=0
02-11 17:51:44.749 D/wpa_supplicant(  651): wlan0: Selecting BSS from priority group 17
02-11 17:51:44.749 D/wpa_supplicant(  651): wlan0: 0: 02:1a:11:f3:1a:cc ssid='Android' wpa_ie_len=0 rsn_ie_len=20 caps=0x511 level=-3
02-11 17:51:44.749 D/wpa_supplicant(  651): wlan0:    skip - SSID mismatch
02-11 17:51:44.749 D/wpa_supplicant(  651): wlan0: 1: c8:d7:19:60:62:f2 ssid='E3000-2.4G' wpa_ie_len=28 rsn_ie_len=24 caps=0x411 level=-44 wps
02-11 17:51:44.749 D/wpa_supplicant(  651): wlan0:    skip - SSID mismatch
02-11 17:51:44.749 D/wpa_supplicant(  651): wlan0: 2: f8:d1:11:e7:99:e8 ssid='videotest' wpa_ie_len=22 rsn_ie_len=20 caps=0x531 level=-47 wps
02-11 17:51:44.749 D/wpa_supplicant(  651): wlan0:    skip - SSID mismatch
02-11 17:51:44.749 D/wpa_supplicant(  651): wlan0: 3: b0:48:7a:20:66:6a ssid='TP-LINK_20666A' wpa_ie_len=22 rsn_ie_len=20 caps=0x431 level=-53 wps
02-11 17:51:44.749 D/wpa_supplicant(  651): wlan0:    skip - SSID mismatch
02-11 17:51:44.749 D/wpa_supplicant(  651): wlan0: 4: c0:c1:c0:76:81:3c ssid='E2000' wpa_ie_len=0 rsn_ie_len=20 caps=0x411 level=-54 wps
02-11 17:51:44.749 D/wpa_supplicant(  651): wlan0:    skip - SSID mismatch
02-11 17:51:44.749 D/wpa_supplicant(  651): wlan0: 5: 10:c3:7b:d2:e5:e0 ssid='ASUS_RT-AC66U-2.4G' wpa_ie_len=0 rsn_ie_len=20 caps=0x411 level=-55 wps
02-11 17:51:44.749 D/wpa_supplicant(  651): wlan0:    skip - SSID mismatch
02-11 17:51:44.749 D/wpa_supplicant(  651): wlan0: 6: 44:94:fc:3d:da:38 ssid='6300' wpa_ie_len=0 rsn_ie_len=20 caps=0x411 level=-57 wps
02-11 17:51:44.749 D/wpa_supplicant(  651): wlan0:    skip - SSID mismatch
02-11 17:51:44.749 D/wpa_supplicant(  651): wlan0: 7: cc:34:29:2b:26:4c ssid='cws-test' wpa_ie_len=0 rsn_ie_len=20 caps=0x431 level=-57 wps
02-11 17:51:44.749 D/wpa_supplicant(  651): wlan0:    skip - SSID mismatch
02-11 17:51:44.749 D/wpa_supplicant(  651): wlan0: 8: 02:1a:11:fb:b5:2e ssid='io1' wpa_ie_len=0 rsn_ie_len=20 caps=0x431 level=-58
02-11 17:51:44.749 D/wpa_supplicant(  651): wlan0:    skip - SSID mismatch
02-11 17:51:44.749 D/wpa_supplicant(  651): wlan0: 9: cc:34:29:2c:fb:ec ssid='linksys' wpa_ie_len=22 rsn_ie_len=20 caps=0x431 level=-61 wps
02-11 17:51:44.749 D/wpa_supplicant(  651): wlan0:    skip - SSID mismatch
02-11 17:51:44.749 D/wpa_supplicant(  651): wlan0: 10: 02:1a:11:f2:d4:75 ssid='test only' wpa_ie_len=0 rsn_ie_len=20 caps=0x431 level=-62
02-11 17:51:44.749 D/wpa_supplicant(  651): wlan0:    skip - SSID mismatch
02-11 17:51:44.749 D/wpa_supplicant(  651): wlan0: 11: b0:48:7a:51:ff:cc ssid='Neusoft TP' wpa_ie_len=22 rsn_ie_len=20 caps=0x431 level=-62 wps
02-11 17:51:44.749 D/wpa_supplicant(  651): wlan0:    skip - SSID mismatch
02-11 17:51:44.749 D/wpa_supplicant(  651): wlan0: 12: 02:1a:11:fa:9e:f1 ssid='love U forever' wpa_ie_len=0 rsn_ie_len=20 caps=0x431 level=-65
02-11 17:51:44.749 D/wpa_supplicant(  651): wlan0:    skip - SSID mismatch
02-11 17:51:44.749 D/wpa_supplicant(  651): wlan0: 13: 80:1f:02:43:fb:e8 ssid='Edimax AP' wpa_ie_len=0 rsn_ie_len=20 caps=0x411 level=-66
02-11 17:51:44.749 D/wpa_supplicant(  651): wlan0:    skip - SSID mismatch
02-11 17:51:44.749 D/wpa_supplicant(  651): wlan0: 14: cc:b2:55:e2:84:70 ssid='DLINK_APK' wpa_ie_len=22 rsn_ie_len=20 caps=0x411 level=-67
02-11 17:51:44.749 D/wpa_supplicant(  651): wlan0:    skip - SSID mismatch
02-11 17:51:44.749 I/WifiHW  (  504): EVENT: IFNAME=wlan0 CTRL-EVENT-SCAN-RESULTS 
02-11 17:51:44.749 I/WifiHW  (  504): EVENT: IFNAME=wlan0 WPS-AP-AVAILABLE 
02-11 17:51:44.749 I/WifiHW  (  504): CMD: IFNAME=wlan0 BSS RANGE=0- MASK=0x21987
02-11 17:51:44.749 D/wpa_supplicant(  651): wlan0: 15: 00:0f:e2:0f:9f:c1 ssid='321_WAN' wpa_ie_len=28 rsn_ie_len=24 caps=0x411 level=-76
02-11 17:51:44.749 D/wpa_supplicant(  651): wlan0:    skip - SSID mismatch
02-11 17:51:44.749 D/wpa_supplicant(  651): wlan0: 16: 02:1a:11:fb:99:d1 ssid='AndroidAPmm123' wpa_ie_len=0 rsn_ie_len=20 caps=0x411 level=-76
02-11 17:51:44.749 D/wpa_supplicant(  651): wlan0:    skip - SSID mismatch
02-11 17:51:44.749 D/wpa_supplicant(  651): wlan0: 17: 00:36:76:07:69:a2 ssid='dagewifi' wpa_ie_len=24 rsn_ie_len=20 caps=0x431 level=-80
02-11 17:51:44.749 D/wpa_supplicant(  651): wlan0:    skip - SSID mismatch
02-11 17:51:44.749 D/wpa_supplicant(  651): wlan0: 18: 50:bd:5f:4b:29:92 ssid='Internet-2' wpa_ie_len=0 rsn_ie_len=0 caps=0x421 level=-67
02-11 17:51:44.749 D/wpa_supplicant(  651): wlan0:    skip - SSID mismatch
02-11 17:51:44.749 D/wpa_supplicant(  651): wlan0: 19: e4:d3:32:dd:18:62 ssid='Internet' wpa_ie_len=0 rsn_ie_len=0 caps=0x421 level=-70
02-11 17:51:44.749 D/wpa_supplicant(  651): wlan0:    skip - SSID mismatch
02-11 17:51:44.749 D/wpa_supplicant(  651): wlan0: Selecting BSS from priority group 15
02-11 17:51:44.749 D/wpa_supplicant(  651): wlan0: 0: 02:1a:11:f3:1a:cc ssid='Android' wpa_ie_len=0 rsn_ie_len=20 caps=0x511 level=-3
02-11 17:51:44.749 D/wpa_supplicant(  651): wlan0:    skip - SSID mismatch
02-11 17:51:44.749 D/wpa_supplicant(  651): wlan0: 1: c8:d7:19:60:62:f2 ssid='E3000-2.4G' wpa_ie_len=28 rsn_ie_len=24 caps=0x411 level=-44 wps
02-11 17:51:44.749 D/wpa_supplicant(  651): wlan0:    skip - SSID mismatch
02-11 17:51:44.749 D/wpa_supplicant(  651): wlan0: 2: f8:d1:11:e7:99:e8 ssid='videotest' wpa_ie_len=22 rsn_ie_len=20 caps=0x531 level=-47 wps
02-11 17:51:44.749 D/wpa_supplicant(  651): wlan0:    skip - SSID mismatch
02-11 17:51:44.749 D/wpa_supplicant(  651): wlan0: 3: b0:48:7a:20:66:6a ssid='TP-LINK_20666A' wpa_ie_len=22 rsn_ie_len=20 caps=0x431 level=-53 wps
02-11 17:51:44.749 D/wpa_supplicant(  651): wlan0:    skip - SSID mismatch
02-11 17:51:44.749 D/wpa_supplicant(  651): wlan0: 4: c0:c1:c0:76:81:3c ssid='E2000' wpa_ie_len=0 rsn_ie_len=20 caps=0x411 level=-54 wps
02-11 17:51:44.749 D/wpa_supplicant(  651): wlan0:    skip - SSID mismatch
02-11 17:51:44.749 D/wpa_supplicant(  651): wlan0: 5: 10:c3:7b:d2:e5:e0 ssid='ASUS_RT-AC66U-2.4G' wpa_ie_len=0 rsn_ie_len=20 caps=0x411 level=-55 wps
02-11 17:51:44.749 D/wpa_supplicant(  651): wlan0:    skip - SSID mismatch
02-11 17:51:44.749 D/wpa_supplicant(  651): wlan0: 6: 44:94:fc:3d:da:38 ssid='6300' wpa_ie_len=0 rsn_ie_len=20 caps=0x411 level=-57 wps
02-11 17:51:44.749 D/wpa_supplicant(  651): wlan0:    skip - SSID mismatch
02-11 17:51:44.749 D/wpa_supplicant(  651): wlan0: 7: cc:34:29:2b:26:4c ssid='cws-test' wpa_ie_len=0 rsn_ie_len=20 caps=0x431 level=-57 wps
02-11 17:51:44.749 D/wpa_supplicant(  651): wlan0:    skip - SSID mismatch
02-11 17:51:44.749 D/wpa_supplicant(  651): wlan0: 8: 02:1a:11:fb:b5:2e ssid='io1' wpa_ie_len=0 rsn_ie_len=20 caps=0x431 level=-58
02-11 17:51:44.749 D/wpa_supplicant(  651): wlan0:    skip - SSID mismatch
02-11 17:51:44.749 D/wpa_supplicant(  651): wlan0: 9: cc:34:29:2c:fb:ec ssid='linksys' wpa_ie_len=22 rsn_ie_len=20 caps=0x431 level=-61 wps
02-11 17:51:44.749 D/wpa_supplicant(  651): wlan0:    skip - SSID mismatch
02-11 17:51:44.749 D/wpa_supplicant(  651): wlan0: 10: 02:1a:11:f2:d4:75 ssid='test only' wpa_ie_len=0 rsn_ie_len=20 caps=0x431 level=-62
02-11 17:51:44.749 D/wpa_supplicant(  651): wlan0:    skip - SSID mismatch
02-11 17:51:44.749 D/wpa_supplicant(  651): wlan0: 11: b0:48:7a:51:ff:cc ssid='Neusoft TP' wpa_ie_len=22 rsn_ie_len=20 caps=0x431 level=-62 wps
02-11 17:51:44.749 D/wpa_supplicant(  651): wlan0:    skip - SSID mismatch
02-11 17:51:44.749 D/wpa_supplicant(  651): wlan0: 12: 02:1a:11:fa:9e:f1 ssid='love U forever' wpa_ie_len=0 rsn_ie_len=20 caps=0x431 level=-65
02-11 17:51:44.749 D/wpa_supplicant(  651): wlan0:    skip - SSID mismatch
02-11 17:51:44.749 D/wpa_supplicant(  651): wlan0: 13: 80:1f:02:43:fb:e8 ssid='Edimax AP' wpa_ie_len=0 rsn_ie_len=20 caps=0x411 level=-66
02-11 17:51:44.749 D/wpa_supplicant(  651): wlan0:    skip - SSID mismatch
02-11 17:51:44.749 D/wpa_supplicant(  651): wlan0: 14: cc:b2:55:e2:84:70 ssid='DLINK_APK' wpa_ie_len=22 rsn_ie_len=20 caps=0x411 level=-67
02-11 17:51:44.749 D/wpa_supplicant(  651): wlan0:    skip - SSID mismatch
02-11 17:51:44.749 D/wpa_supplicant(  651): wlan0: 15: 00:0f:e2:0f:9f:c1 ssid='321_WAN' wpa_ie_len=28 rsn_ie_len=24 caps=0x411 level=-76
02-11 17:51:44.749 D/wpa_supplicant(  651): wlan0:    skip - SSID mismatch
02-11 17:51:44.749 D/wpa_supplicant(  651): wlan0: 16: 02:1a:11:fb:99:d1 ssid='AndroidAPmm123' wpa_ie_len=0 rsn_ie_len=20 caps=0x411 level=-76
02-11 17:51:44.749 D/wpa_supplicant(  651): wlan0:    skip - SSID mismatch
02-11 17:51:44.749 D/wpa_supplicant(  651): wlan0: 17: 00:36:76:07:69:a2 ssid='dagewifi' wpa_ie_len=24 rsn_ie_len=20 caps=0x431 level=-80
02-11 17:51:44.749 D/wpa_supplicant(  651): wlan0:    skip - SSID mismatch
02-11 17:51:44.749 D/wpa_supplicant(  651): wlan0: 18: 50:bd:5f:4b:29:92 ssid='Internet-2' wpa_ie_len=0 rsn_ie_len=0 caps=0x421 level=-67
02-11 17:51:44.749 D/wpa_supplicant(  651): wlan0:    skip - SSID mismatch
02-11 17:51:44.749 D/wpa_supplicant(  651): wlan0: 19: e4:d3:32:dd:18:62 ssid='Internet' wpa_ie_len=0 rsn_ie_len=0 caps=0x421 level=-70
02-11 17:51:44.749 D/wpa_supplicant(  651): wlan0:    skip - SSID mismatch
02-11 17:51:44.749 D/wpa_supplicant(  651): wlan0: Selecting BSS from priority group 4
02-11 17:51:44.749 D/wpa_supplicant(  651): wlan0: 0: 02:1a:11:f3:1a:cc ssid='Android' wpa_ie_len=0 rsn_ie_len=20 caps=0x511 level=-3
02-11 17:51:44.749 D/wpa_supplicant(  651): wlan0:    skip - disabled
02-11 17:51:44.749 D/wpa_supplicant(  651): wlan0: 1: c8:d7:19:60:62:f2 ssid='E3000-2.4G' wpa_ie_len=28 rsn_ie_len=24 caps=0x411 level=-44 wps
02-11 17:51:44.749 D/wpa_supplicant(  651): wlan0:    skip - disabled
02-11 17:51:44.749 D/wpa_supplicant(  651): wlan0: 2: f8:d1:11:e7:99:e8 ssid='videotest' wpa_ie_len=22 rsn_ie_len=20 caps=0x531 level=-47 wps
02-11 17:51:44.749 D/wpa_supplicant(  651): wlan0:    skip - disabled
02-11 17:51:44.749 D/wpa_supplicant(  651): wlan0: 3: b0:48:7a:20:66:6a ssid='TP-LINK_20666A' wpa_ie_len=22 rsn_ie_len=20 caps=0x431 level=-53 wps
02-11 17:51:44.749 D/wpa_supplicant(  651): wlan0:    skip - disabled
02-11 17:51:44.749 D/wpa_supplicant(  651): wlan0: 4: c0:c1:c0:76:81:3c ssid='E2000' wpa_ie_len=0 rsn_ie_len=20 caps=0x411 level=-54 wps
02-11 17:51:44.749 D/wpa_supplicant(  651): wlan0:    skip - disabled
02-11 17:51:44.749 D/wpa_supplicant(  651): wlan0: 5: 10:c3:7b:d2:e5:e0 ssid='ASUS_RT-AC66U-2.4G' wpa_ie_len=0 rsn_ie_len=20 caps=0x411 level=-55 wps
02-11 17:51:44.749 D/wpa_supplicant(  651): wlan0:    skip - disabled
02-11 17:51:44.749 D/wpa_supplicant(  651): wlan0: 6: 44:94:fc:3d:da:38 ssid='6300' wpa_ie_len=0 rsn_ie_len=20 caps=0x411 level=-57 wps
02-11 17:51:44.749 D/wpa_supplicant(  651): wlan0:    skip - disabled
02-11 17:51:44.749 D/wpa_supplicant(  651): wlan0: 7: cc:34:29:2b:26:4c ssid='cws-test' wpa_ie_len=0 rsn_ie_len=20 caps=0x431 level=-57 wps
02-11 17:51:44.749 D/wpa_supplicant(  651): wlan0:    skip - disabled
02-11 17:51:44.749 D/wpa_supplicant(  651): wlan0: 8: 02:1a:11:fb:b5:2e ssid='io1' wpa_ie_len=0 rsn_ie_len=20 caps=0x431 level=-58
02-11 17:51:44.749 D/wpa_supplicant(  651): wlan0:    skip - disabled
02-11 17:51:44.749 D/wpa_supplicant(  651): wlan0: 9: cc:34:29:2c:fb:ec ssid='linksys' wpa_ie_len=22 rsn_ie_len=20 caps=0x431 level=-61 wps
02-11 17:51:44.749 D/wpa_supplicant(  651): wlan0:    skip - disabled
02-11 17:51:44.749 D/wpa_supplicant(  651): wlan0: 10: 02:1a:11:f2:d4:75 ssid='test only' wpa_ie_len=0 rsn_ie_len=20 caps=0x431 level=-62
02-11 17:51:44.749 D/wpa_supplicant(  651): wlan0:    skip - disabled
02-11 17:51:44.749 D/wpa_supplicant(  651): wlan0: 11: b0:48:7a:51:ff:cc ssid='Neusoft TP' wpa_ie_len=22 rsn_ie_len=20 caps=0x431 level=-62 wps
02-11 17:51:44.749 D/wpa_supplicant(  651): wlan0:    skip - disabled
02-11 17:51:44.749 D/wpa_supplicant(  651): wlan0: 12: 02:1a:11:fa:9e:f1 ssid='love U forever' wpa_ie_len=0 rsn_ie_len=20 caps=0x431 level=-65
02-11 17:51:44.749 D/wpa_supplicant(  651): wlan0:    skip - disabled
02-11 17:51:44.749 D/wpa_supplicant(  651): wlan0: 13: 80:1f:02:43:fb:e8 ssid='Edimax AP' wpa_ie_len=0 rsn_ie_len=20 caps=0x411 level=-66
02-11 17:51:44.749 D/wpa_supplicant(  651): wlan0:    skip - disabled
02-11 17:51:44.749 D/wpa_supplicant(  651): wlan0: 14: cc:b2:55:e2:84:70 ssid='DLINK_APK' wpa_ie_len=22 rsn_ie_len=20 caps=0x411 level=-67
02-11 17:51:44.749 D/wpa_supplicant(  651): wlan0:    skip - disabled
02-11 17:51:44.749 D/wpa_supplicant(  651): wlan0: 15: 00:0f:e2:0f:9f:c1 ssid='321_WAN' wpa_ie_len=28 rsn_ie_len=24 caps=0x411 level=-76
02-11 17:51:44.749 D/wpa_supplicant(  651): wlan0:    skip - disabled
02-11 17:51:44.749 D/wpa_supplicant(  651): wlan0: 16: 02:1a:11:fb:99:d1 ssid='AndroidAPmm123' wpa_ie_len=0 rsn_ie_len=20 caps=0x411 level=-76
02-11 17:51:44.749 D/wpa_supplicant(  651): wlan0:    skip - disabled
02-11 17:51:44.749 D/wpa_supplicant(  651): wlan0: 17: 00:36:76:07:69:a2 ssid='dagewifi' wpa_ie_len=24 rsn_ie_len=20 caps=0x431 level=-80
02-11 17:51:44.749 D/wpa_supplicant(  651): wlan0:    skip - disabled
02-11 17:51:44.759 D/wpa_supplicant(  651): wlan0: 18: 50:bd:5f:4b:29:92 ssid='Internet-2' wpa_ie_len=0 rsn_ie_len=0 caps=0x421 level=-67
02-11 17:51:44.759 D/wpa_supplicant(  651): wlan0:    skip - disabled
02-11 17:51:44.759 D/wpa_supplicant(  651): wlan0: 19: e4:d3:32:dd:18:62 ssid='Internet' wpa_ie_len=0 rsn_ie_len=0 caps=0x421 level=-70
02-11 17:51:44.759 D/wpa_supplicant(  651): wlan0:    skip - disabled
02-11 17:51:44.759 D/wpa_supplicant(  651): wlan0: No suitable network found
02-11 17:51:44.759 D/wpa_supplicant(  651): wlan0: Setting scan request: 40 sec 0 usec
02-11 17:51:44.759 D/wpa_supplicant(  651): wlan0: Checking for other virtual interfaces sharing same radio (phy0) in event_scan_results
02-11 17:51:44.759 D/wpa_supplicant(  651): p2p-dev-wlan0: Updating scan results from sibling
02-11 17:51:44.759 D/wpa_supplicant(  651): nl80211: Received scan results (20 BSSes)
02-11 17:51:44.759 D/wpa_supplicant(  651): nl80211: Survey data missing
02-11 17:51:44.759 D/wpa_supplicant(  651): p2p-dev-wlan0: BSS: Start scan result update 83
02-11 17:51:44.759 D/wpa_supplicant(  651): BSS: No P2P IE - skipping BSS 02:1a:11:f3:1a:cc update for P2P interface
02-11 17:51:44.759 D/wpa_supplicant(  651): BSS: No P2P IE - skipping BSS c8:d7:19:60:62:f2 update for P2P interface
02-11 17:51:44.759 D/wpa_supplicant(  651): BSS: No P2P IE - skipping BSS f8:d1:11:e7:99:e8 update for P2P interface
02-11 17:51:44.759 D/wpa_supplicant(  651): BSS: No P2P IE - skipping BSS b0:48:7a:20:66:6a update for P2P interface
02-11 17:51:44.759 D/wpa_supplicant(  651): BSS: No P2P IE - skipping BSS c0:c1:c0:76:81:3c update for P2P interface
02-11 17:51:44.759 D/wpa_supplicant(  651): BSS: No P2P IE - skipping BSS 10:c3:7b:d2:e5:e0 update for P2P interface
02-11 17:51:44.759 D/wpa_supplicant(  651): BSS: No P2P IE - skipping BSS 44:94:fc:3d:da:38 update for P2P interface
02-11 17:51:44.759 D/wpa_supplicant(  651): BSS: No P2P IE - skipping BSS cc:34:29:2b:26:4c update for P2P interface
02-11 17:51:44.759 D/wpa_supplicant(  651): BSS: No P2P IE - skipping BSS 02:1a:11:fb:b5:2e update for P2P interface
02-11 17:51:44.759 D/wpa_supplicant(  651): BSS: No P2P IE - skipping BSS cc:34:29:2c:fb:ec update for P2P interface
02-11 17:51:44.759 D/wpa_supplicant(  651): BSS: No P2P IE - skipping BSS 02:1a:11:f2:d4:75 update for P2P interface
02-11 17:51:44.759 D/wpa_supplicant(  651): BSS: No P2P IE - skipping BSS b0:48:7a:51:ff:cc update for P2P interface
02-11 17:51:44.759 D/wpa_supplicant(  651): BSS: No P2P IE - skipping BSS 02:1a:11:fa:9e:f1 update for P2P interface
02-11 17:51:44.759 D/wpa_supplicant(  651): BSS: No P2P IE - skipping BSS 80:1f:02:43:fb:e8 update for P2P interface
02-11 17:51:44.759 D/wpa_supplicant(  651): BSS: No P2P IE - skipping BSS cc:b2:55:e2:84:70 update for P2P interface
02-11 17:51:44.759 D/wpa_supplicant(  651): BSS: No P2P IE - skipping BSS 00:0f:e2:0f:9f:c1 update for P2P interface
02-11 17:51:44.759 D/wpa_supplicant(  651): BSS: No P2P IE - skipping BSS 02:1a:11:fb:99:d1 update for P2P interface
02-11 17:51:44.759 D/wpa_supplicant(  651): BSS: No P2P IE - skipping BSS 00:36:76:07:69:a2 update for P2P interface
02-11 17:51:44.759 D/wpa_supplicant(  651): BSS: No P2P IE - skipping BSS 50:bd:5f:4b:29:92 update for P2P interface
02-11 17:51:44.759 D/wpa_supplicant(  651): BSS: No P2P IE - skipping BSS e4:d3:32:dd:18:62 update for P2P interface
02-11 17:51:44.759 D/wpa_supplicant(  651): BSS: last_scan_res_used=0/32 last_scan_full=0
02-11 17:51:44.759 D/wpa_supplicant(  651): p2p-dev-wlan0: New scan results available
02-11 17:51:44.759 D/wpa_supplicant(  651): CTRL_IFACE monitor send - hexdump(len=39): 2f 64 61 74 61 2f 6d 69 73 63 2f 77 69 66 69 2f 73 6f 63 6b 65 74 73 2f 77 70 61 5f 63 74 72 6c ...
02-11 17:51:44.759 I/WifiHW  (  504): EVENT: IFNAME=p2p-dev-wlan0 CTRL-EVENT-SCAN-RESULTS 
02-11 17:51:44.759 D/wpa_supplicant(  651): WPS: AP[0] 10:c3:7b:d2:e5:e0 type=0 tries=0 last_attempt=-1 sec ago blacklist=0
02-11 17:51:44.759 D/wpa_supplicant(  651): WPS: AP[1] b0:48:7a:20:66:6a type=0 tries=0 last_attempt=-1 sec ago blacklist=0
02-11 17:51:44.759 D/wpa_supplicant(  651): WPS: AP[2] f8:d1:11:e7:99:e8 type=0 tries=0 last_attempt=-1 sec ago blacklist=0
02-11 17:51:44.759 D/wpa_supplicant(  651): WPS: AP[3] 44:94:fc:3d:da:38 type=0 tries=0 last_attempt=-1 sec ago blacklist=0
