02-11 17:53:44.189 D/EVENT_THREAD(  183): void CEventThread::run() Do poll with timeout: -1
02-11 17:53:45.199 D/EVENT_THREAD(  183): void CEventThread::run() POLLIN event on Fd (1)
02-11 17:53:45.199 D/EVENT_THREAD(  183): void CEventThread::run() Do poll with timeout: -1
02-11 17:53:45.199 I/upi_ug31xx(  166): (366) update_capacity
02-11 17:53:45.199 I/[UPI]   (  166): <UG31/E>[UpiReadCapacity]: V=4043(4041), T=330(334-386), I=-230, C=-3(-3-0)
02-11 17:53:45.199 I/[UPI]   (  166): <UG31/E>[UpiReadCapacity]: (0x0001254a) 3103 (3011) / 3926 (4027) = 79
02-11 17:53:45.199 I/[UPI]   (  166): <UG31/E>[UpiReadCapacity]: (0x0001254a) 3103 (3011) / 3926 (4027) = 79
02-11 17:53:45.199 I/[UPI]   (  166): <UG31/E>[UpiReadCapacity]: (0x0001254a) 3100 (3100) / 3926 (4027) = 79
02-11 17:53:45.199 I/[UPI]   (  166): <UG31/E>[RsocFilterCountTime]: (0x0001254a) Step=25(1523860), Full=25(1523860), Lock=1523860(1800000)
02-11 17:53:45.199 I/[UPI]   (  166): <UG31/E>[UpiReadCapacity]: (0x0001254a) 3100 (3100) / 3926 (4027) = 79 (-230--230)
02-11 17:53:45.199 I/[UPI]   (  166): <UG31/E><BATT> M:normal, P:79(79-79)%, V:4039mV, C:-230mA, T:33.4C(386), S:0x0001254a(000), R:3100mAh, F:3926mAh, Q:-276mAh, CC:3, P:30.330(276-0)s, BO:7, 97:615:0-44af-9m:B001-20140514-144301 (16)
02-11 17:53:45.199 D/EVENT_THREAD(  183): void CEventThread::run() POLLIN event on Fd (1)
02-11 17:53:45.199 D/EVENT_THREAD(  183): void CEventThread::run() Do poll with timeout: -1
02-11 17:53:45.249 I/upi_ug31xx(  166): (367) backup_data 
02-11 17:53:45.249 V/upi_ug31xx(  166): state->check_backup_count = 20
02-11 17:53:47.169 D/wpa_supplicant(  651): wlan0: Starting AP scan for wildcard SSID
02-11 17:53:47.169 D/wpa_supplicant(  651): WPS: Building WPS IE for Probe Request
02-11 17:53:47.169 D/wpa_supplicant(  651): WPS:  * Version (hardcoded 0x10)
02-11 17:53:47.169 D/wpa_supplicant(  651): WPS:  * Request Type
02-11 17:53:47.169 D/wpa_supplicant(  651): WPS:  * Config Methods (4288)
02-11 17:53:47.169 D/wpa_supplicant(  651): WPS:  * UUID-E
02-11 17:53:47.169 D/wpa_supplicant(  651): WPS:  * Primary Device Type
02-11 17:53:47.169 D/wpa_supplicant(  651): WPS:  * RF Bands (1)
02-11 17:53:47.169 D/wpa_supplicant(  651): WPS:  * Association State
02-11 17:53:47.169 D/wpa_supplicant(  651): WPS:  * Configuration Error (0)
02-11 17:53:47.169 D/wpa_supplicant(  651): WPS:  * Device Password ID (0)
02-11 17:53:47.169 D/wpa_supplicant(  651): WPS:  * Manufacturer
02-11 17:53:47.169 D/wpa_supplicant(  651): WPS:  * Model Name
02-11 17:53:47.169 D/wpa_supplicant(  651): WPS:  * Model Number
02-11 17:53:47.169 D/wpa_supplicant(  651): WPS:  * Device Name
02-11 17:53:47.169 D/wpa_supplicant(  651): WPS:  * Version2 (0x20)
02-11 17:53:47.169 D/wpa_supplicant(  651): P2P: * P2P IE header
02-11 17:53:47.169 D/wpa_supplicant(  651): P2P: * Capability dev=25 group=00
02-11 17:53:47.169 D/wpa_supplicant(  651): P2P: * Listen Channel: Regulatory Class 81 Channel 11
02-11 17:53:47.169 D/wpa_supplicant(  651): wlan0: nl80211: scan request
02-11 17:53:47.229 D/wpa_supplicant(  651): Scan requested (ret=0) - scan timeout 30 seconds
02-11 17:53:47.229 D/wpa_supplicant(  651): nl80211: Drv Event 33 (NL80211_CMD_TRIGGER_SCAN) received for wlan0
02-11 17:53:47.229 D/wpa_supplicant(  651): wlan0: nl80211: Scan trigger
02-11 17:53:48.359 D/wpa_supplicant(  651): RTM_NEWLINK: operstate=0 ifi_flags=0x11003 ([UP][LOWER_UP])
02-11 17:53:48.359 D/wpa_supplicant(  651): RTM_NEWLINK, IFLA_IFNAME: Interface 'wlan0' added
02-11 17:53:48.359 D/wpa_supplicant(  651): nl80211: if_removed already cleared - ignore event
02-11 17:53:48.359 D/wpa_supplicant(  651): nl80211: Drv Event 34 (NL80211_CMD_NEW_SCAN_RESULTS) received for wlan0
02-11 17:53:48.359 D/wpa_supplicant(  651): wlan0: nl80211: New scan results available
02-11 17:53:48.359 D/wpa_supplicant(  651): wlan0: Event SCAN_RESULTS (3) received
02-11 17:53:48.359 D/wpa_supplicant(  651): nl80211: Received scan results (14 BSSes)
02-11 17:53:48.359 D/wpa_supplicant(  651): nl80211: Survey data missing
02-11 17:53:48.359 D/wpa_supplicant(  651): wlan0: BSS: Start scan result update 90
02-11 17:53:48.359 D/wpa_supplicant(  651): wlan0: BSS: Add new id 228 BSSID 98:fc:11:81:35:fb SSID 'E2000E'
02-11 17:53:48.359 D/wpa_supplicant(  651): CTRL_IFACE monitor send - hexdump(len=39): 2f 64 61 74 61 2f 6d 69 73 63 2f 77 69 66 69 2f 73 6f 63 6b 65 74 73 2f 77 70 61 5f 63 74 72 6c ...
02-11 17:53:48.359 D/wpa_supplicant(  651): wlan0: BSS: Add new id 229 BSSID 0c:82:68:4c:26:a0 SSID 'AP321'
02-11 17:53:48.359 D/wpa_supplicant(  651): CTRL_IFACE monitor send - hexdump(len=39): 2f 64 61 74 61 2f 6d 69 73 63 2f 77 69 66 69 2f 73 6f 63 6b 65 74 73 2f 77 70 61 5f 63 74 72 6c ...
02-11 17:53:48.359 D/wpa_supplicant(  651): wlan0: BSS: Remove id 218 BSSID 22:48:9a:ac:31:5b SSID 'dean1' due to no match in scan
02-11 17:53:48.359 D/wpa_supplicant(  651): CTRL_IFACE monitor send - hexdump(len=39): 2f 64 61 74 61 2f 6d 69 73 63 2f 77 69 66 69 2f 73 6f 63 6b 65 74 73 2f 77 70 61 5f 63 74 72 6c ...
02-11 17:53:48.359 D/wpa_supplicant(  651): wlan0: BSS: Remove id 222 BSSID cc:b2:55:e2:84:70 SSID 'DLINK_APK' due to no match in scan
02-11 17:53:48.359 D/wpa_supplicant(  651): CTRL_IFACE monitor send - hexdump(len=39): 2f 64 61 74 61 2f 6d 69 73 63 2f 77 69 66 69 2f 73 6f 63 6b 65 74 73 2f 77 70 61 5f 63 74 72 6c ...
02-11 17:53:48.359 D/wpa_supplicant(  651): wlan0: BSS: Remove id 198 BSSID 50:bd:5f:4b:29:92 SSID 'Internet-2' due to no match in scan
02-11 17:53:48.359 D/wpa_supplicant(  651): CTRL_IFACE monitor send - hexdump(len=39): 2f 64 61 74 61 2f 6d 69 73 63 2f 77 69 66 69 2f 73 6f 63 6b 65 74 73 2f 77 70 61 5f 63 74 72 6c ...
02-11 17:53:48.359 D/wpa_supplicant(  651): wlan0: BSS: Remove id 216 BSSID e4:d3:32:dd:18:62 SSID 'Internet' due to no match in scan
02-11 17:53:48.359 D/wpa_supplicant(  651): CTRL_IFACE monitor send - hexdump(len=39): 2f 64 61 74 61 2f 6d 69 73 63 2f 77 69 66 69 2f 73 6f 63 6b 65 74 73 2f 77 70 61 5f 63 74 72 6c ...
02-11 17:53:48.359 D/wpa_supplicant(  651): BSS: last_scan_res_used=13/32 last_scan_full=0
02-11 17:53:48.359 D/wpa_supplicant(  651): wlan0: New scan results available
02-11 17:53:48.359 D/wpa_supplicant(  651): CTRL_IFACE monitor send - hexdump(len=39): 2f 64 61 74 61 2f 6d 69 73 63 2f 77 69 66 69 2f 73 6f 63 6b 65 74 73 2f 77 70 61 5f 63 74 72 6c ...
02-11 17:53:48.359 D/wpa_supplicant(  651): CTRL_IFACE monitor send - hexdump(len=39): 2f 64 61 74 61 2f 6d 69 73 63 2f 77 69 66 69 2f 73 6f 63 6b 65 74 73 2f 77 70 61 5f 63 74 72 6c ...
02-11 17:53:48.359 D/wpa_supplicant(  651): Authorize channel 1
02-11 17:53:48.359 D/wpa_supplicant(  651): Authorize channel 2
02-11 17:53:48.359 D/wpa_supplicant(  651): Authorize channel 3
02-11 17:53:48.359 D/wpa_supplicant(  651): Authorize channel 4
02-11 17:53:48.359 D/wpa_supplicant(  651): Authorize channel 5
02-11 17:53:48.359 D/wpa_supplicant(  651): Authorize channel 6
02-11 17:53:48.359 D/wpa_supplicant(  651): Authorize channel 7
02-11 17:53:48.359 D/wpa_supplicant(  651): Authorize channel 8
02-11 17:53:48.359 D/wpa_supplicant(  651): Authorize channel 9
02-11 17:53:48.359 I/WifiHW  (  504): EVENT: IFNAME=wlan0 CTRL-EVENT-BSS-ADDED 228 98:fc:11:81:35:fb
02-11 17:53:48.359 D/wpa_supplicant(  651): Authorize channel 10
02-11 17:53:48.359 D/wpa_supplicant(  651): Authorize channel 11
02-11 17:53:48.359 D/wpa_supplicant(  651): Authorize channel 12
02-11 17:53:48.359 D/wpa_supplicant(  651): Authorize channel 13
02-11 17:53:48.359 D/wpa_supplicant(  651): Authorize channel 1
02-11 17:53:48.359 D/wpa_supplicant(  651): Authorize channel 2
02-11 17:53:48.359 D/wpa_supplicant(  651): Authorize channel 3
02-11 17:53:48.359 D/wpa_supplicant(  651): Authorize channel 4
02-11 17:53:48.359 D/wpa_supplicant(  651): Authorize channel 5
02-11 17:53:48.359 D/wpa_supplicant(  651): Authorize channel 6
02-11 17:53:48.359 D/wpa_supplicant(  651): Authorize channel 7
02-11 17:53:48.359 D/wpa_supplicant(  651): Authorize channel 8
02-11 17:53:48.359 D/wpa_supplicant(  651): Authorize channel 9
02-11 17:53:48.359 D/wpa_supplicant(  651): Authorize channel 10
02-11 17:53:48.359 I/WifiHW  (  504): EVENT: IFNAME=wlan0 CTRL-EVENT-BSS-ADDED 229 0c:82:68:4c:26:a0
02-11 17:53:48.359 I/WifiHW  (  504): EVENT: IFNAME=wlan0 CTRL-EVENT-BSS-REMOVED 218 22:48:9a:ac:31:5b
02-11 17:53:48.359 D/wpa_supplicant(  651): Authorize channel 11
02-11 17:53:48.359 D/wpa_supplicant(  651): Authorize channel 12
02-11 17:53:48.359 D/wpa_supplicant(  651): Authorize channel 13
02-11 17:53:48.359 D/wpa_supplicant(  651): Add access point on channel 6
02-11 17:53:48.359 I/WifiHW  (  504): EVENT: IFNAME=wlan0 CTRL-EVENT-BSS-REMOVED 222 cc:b2:55:e2:84:70
02-11 17:53:48.359 I/WifiHW  (  504): EVENT: IFNAME=wlan0 CTRL-EVENT-BSS-REMOVED 198 50:bd:5f:4b:29:92
02-11 17:53:48.359 I/WifiHW  (  504): EVENT: IFNAME=wlan0 CTRL-EVENT-BSS-REMOVED 216 e4:d3:32:dd:18:62
02-11 17:53:48.359 I/WifiHW  (  504): EVENT: IFNAME=wlan0 CTRL-EVENT-SCAN-RESULTS 
02-11 17:53:48.359 D/wpa_supplicant(  651): Add access point on channel 11
02-11 17:53:48.359 D/wpa_supplicant(  651): Add access point on channel 6
02-11 17:53:48.359 D/wpa_supplicant(  651): Add access point on channel 11
02-11 17:53:48.359 D/wpa_supplicant(  651): Add access point on channel 11
02-11 17:53:48.359 D/wpa_supplicant(  651): Add access point on channel 6
02-11 17:53:48.359 D/wpa_supplicant(  651): Add access point on channel 4
02-11 17:53:48.359 D/wpa_supplicant(  651): Add access point on channel 6
02-11 17:53:48.359 D/wpa_supplicant(  651): Add access point on channel 9
02-11 17:53:48.359 D/wpa_supplicant(  651): Add access point on channel 6
02-11 17:53:48.359 D/wpa_supplicant(  651): Add access point on channel 11
02-11 17:53:48.359 D/wpa_supplicant(  651): Add access point on channel 1
02-11 17:53:48.359 D/wpa_supplicant(  651): Add access point on channel 6
02-11 17:53:48.359 D/wpa_supplicant(  651): Add access point on channel 1
02-11 17:53:48.359 D/wpa_supplicant(  651): Add access point on channel 6
02-11 17:53:48.359 D/wpa_supplicant(  651): Add access point on channel 6
02-11 17:53:48.359 D/wpa_supplicant(  651): Add access point on channel 1
02-11 17:53:48.359 D/wpa_supplicant(  651): Add access point on channel 6
02-11 17:53:48.359 D/wpa_supplicant(  651): Add access point on channel 6
02-11 17:53:48.359 D/wpa_supplicant(  651): Add access point on channel 6
02-11 17:53:48.359 D/wpa_supplicant(  651): Add access point on channel 1
02-11 17:53:48.359 D/wpa_supplicant(  651): Add access point on channel 1
02-11 17:53:48.359 D/wpa_supplicant(  651): Add access point on channel 1
02-11 17:53:48.359 D/wpa_supplicant(  651): Best Operating channel is = 1
02-11 17:53:48.359 D/wpa_supplicant(  651): WPS: AP[0] f8:d1:11:e7:99:e8 type=0 tries=0 last_attempt=-1 sec ago blacklist=0
02-11 17:53:48.359 D/wpa_supplicant(  651): WPS: AP[1] 10:c3:7b:d2:e5:e0 type=0 tries=0 last_attempt=-1 sec ago blacklist=0
02-11 17:53:48.359 D/wpa_supplicant(  651): WPS: AP[2] b0:48:7a:20:66:6a type=0 tries=0 last_attempt=-1 sec ago blacklist=0
02-11 17:53:48.359 D/wpa_supplicant(  651): WPS: AP[3] cc:34:29:2b:26:4c type=0 tries=0 last_attempt=-1 sec ago blacklist=0
02-11 17:53:48.359 D/wpa_supplicant(  651): WPS: AP[4] cc:34:29:2c:fb:ec type=0 tries=0 last_attempt=-1 sec ago blacklist=0
02-11 17:53:48.359 D/wpa_supplicant(  651): WPS: AP[5] 44:94:fc:3d:da:38 type=0 tries=0 last_attempt=-1 sec ago blacklist=0
02-11 17:53:48.359 D/wpa_supplicant(  651): WPS: AP[6] c0:c1:c0:76:81:3c type=0 tries=0 last_attempt=-1 sec ago blacklist=0
02-11 17:53:48.359 D/wpa_supplicant(  651): WPS: AP[7] 98:fc:11:81:35:fb type=0 tries=0 last_attempt=-1 sec ago blacklist=0
02-11 17:53:48.359 D/wpa_supplicant(  651): WPS: AP[8] b0:48:7a:51:ff:cc type=0 tries=0 last_attempt=-1 sec ago blacklist=0
02-11 17:53:48.359 D/wpa_supplicant(  651): WPS: AP[9] 14:d6:4d:28:ef:c8 type=0 tries=0 last_attempt=-1 sec ago blacklist=0
02-11 17:53:48.359 D/wpa_supplicant(  651): WPS: AP[10] 7a:ff:57:00:13:56 type=0 tries=0 last_attempt=-1 sec ago blacklist=0
02-11 17:53:48.359 I/WifiHW  (  504): CMD: IFNAME=wlan0 BSS RANGE=0- MASK=0x21987
02-11 17:53:48.359 I/WifiHW  (  504): EVENT: IFNAME=wlan0 WPS-AP-AVAILABLE 
02-11 17:53:48.359 D/wpa_supplicant(  651): WPS: AP[11] c8:d7:19:60:62:f2 type=0 tries=0 last_attempt=-1 sec ago blacklist=0
02-11 17:53:48.359 D/wpa_supplicant(  651): WPS: AP[12] c0:a0:bb:20:3b:84 type=0 tries=0 last_attempt=-1 sec ago blacklist=0
02-11 17:53:48.359 D/wpa_supplicant(  651): WPS: AP[13] 5e:f3:70:0c:91:9a type=0 tries=0 last_attempt=-1 sec ago blacklist=0
02-11 17:53:48.359 D/wpa_supplicant(  651): WPS: AP[14] 02:09:4c:42:36:90 type=0 tries=0 last_attempt=-1 sec ago blacklist=0
02-11 17:53:48.359 D/wpa_supplicant(  651): wlan0: Selecting BSS from priority group 17
02-11 17:53:48.359 D/wpa_supplicant(  651): wlan0: 0: 02:1a:11:f3:1a:cc ssid='Android' wpa_ie_len=0 rsn_ie_len=20 caps=0x511 level=0
02-11 17:53:48.359 D/wpa_supplicant(  651): wlan0:    skip - SSID mismatch
02-11 17:53:48.359 D/wpa_supplicant(  651): wlan0: 1: c8:d7:19:60:62:f2 ssid='E3000-2.4G' wpa_ie_len=28 rsn_ie_len=24 caps=0x411 level=-52 wps
02-11 17:53:48.359 D/wpa_supplicant(  651): wlan0:    skip - SSID mismatch
02-11 17:53:48.359 D/wpa_supplicant(  651): wlan0: 2: cc:34:29:2b:26:4c ssid='cws-test' wpa_ie_len=0 rsn_ie_len=20 caps=0x431 level=-54 wps
02-11 17:53:48.359 D/wpa_supplicant(  651): wlan0:    skip - SSID mismatch
02-11 17:53:48.359 D/wpa_supplicant(  651): wlan0: 3: 98:fc:11:81:35:fb ssid='E2000E' wpa_ie_len=0 rsn_ie_len=20 caps=0x411 level=-55 wps
02-11 17:53:48.359 D/wpa_supplicant(  651): wlan0:    skip - SSID mismatch
02-11 17:53:48.359 D/wpa_supplicant(  651): wlan0: 4: 10:c3:7b:d2:e5:e0 ssid='ASUS_RT-AC66U-2.4G' wpa_ie_len=0 rsn_ie_len=20 caps=0x411 level=-56 wps
02-11 17:53:48.359 D/wpa_supplicant(  651): wlan0:    skip - SSID mismatch
02-11 17:53:48.359 D/wpa_supplicant(  651): wlan0: 5: cc:34:29:2c:fb:ec ssid='linksys' wpa_ie_len=22 rsn_ie_len=20 caps=0x431 level=-61 wps
02-11 17:53:48.359 D/wpa_supplicant(  651): wlan0:    skip - SSID mismatch
02-11 17:53:48.359 D/wpa_supplicant(  651): wlan0: 6: b0:48:7a:20:66:6a ssid='TP-LINK_20666A' wpa_ie_len=22 rsn_ie_len=20 caps=0x431 level=-61 wps
02-11 17:53:48.359 D/wpa_supplicant(  651): wlan0:    skip - SSID mismatch
02-11 17:53:48.359 D/wpa_supplicant(  651): wlan0: 7: 02:1a:11:f2:d4:75 ssid='test only' wpa_ie_len=0 rsn_ie_len=20 caps=0x431 level=-64
02-11 17:53:48.359 D/wpa_supplicant(  651): wlan0:    skip - SSID mismatch
02-11 17:53:48.359 D/wpa_supplicant(  651): wlan0: 8: 5e:f3:70:0c:91:9a ssid='DIRECT-30-Android_7f71' wpa_ie_len=0 rsn_ie_len=20 caps=0x411 level=-66 wps
02-11 17:53:48.359 D/wpa_supplicant(  651): wlan0:    skip - SSID mismatch
02-11 17:53:48.359 D/wpa_supplicant(  651): wlan0: 9: 80:1f:02:43:fb:e8 ssid='Edimax AP' wpa_ie_len=0 rsn_ie_len=20 caps=0x411 level=-70
02-11 17:53:48.359 D/wpa_supplicant(  651): wlan0:    skip - SSID mismatch
02-11 17:53:48.359 D/wpa_supplicant(  651): wlan0: 10: 00:0f:e2:0f:9f:c1 ssid='321_WAN' wpa_ie_len=28 rsn_ie_len=24 caps=0x411 level=-79
02-11 17:53:48.359 D/wpa_supplicant(  651): wlan0:    skip - SSID mismatch
02-11 17:53:48.359 D/wpa_supplicant(  651): wlan0: 11: f8:d1:11:e7:99:e8 ssid='videotest' wpa_ie_len=22 rsn_ie_len=20 caps=0x531 level=-87 wps
02-11 17:53:48.359 D/wpa_supplicant(  651): wlan0:    skip - SSID mismatch
02-11 17:53:48.359 D/wpa_supplicant(  651): wlan0: 12: 0c:82:68:4c:26:a0 ssid='AP321' wpa_ie_len=0 rsn_ie_len=20 caps=0x431 level=-88
02-11 17:53:48.359 D/wpa_supplicant(  651): wlan0:    skip - SSID mismatch
02-11 17:53:48.359 D/wpa_supplicant(  651): wlan0: Selecting BSS from priority group 15
02-11 17:53:48.359 D/wpa_supplicant(  651): wlan0: 0: 02:1a:11:f3:1a:cc ssid='Android' wpa_ie_len=0 rsn_ie_len=20 caps=0x511 level=0
02-11 17:53:48.359 D/wpa_supplicant(  651): wlan0:    skip - SSID mismatch
02-11 17:53:48.359 D/wpa_supplicant(  651): wlan0: 1: c8:d7:19:60:62:f2 ssid='E3000-2.4G' wpa_ie_len=28 rsn_ie_len=24 caps=0x411 level=-52 wps
02-11 17:53:48.359 D/wpa_supplicant(  651): wlan0:    skip - SSID mismatch
02-11 17:53:48.359 D/wpa_supplicant(  651): wlan0: 2: cc:34:29:2b:26:4c ssid='cws-test' wpa_ie_len=0 rsn_ie_len=20 caps=0x431 level=-54 wps
02-11 17:53:48.359 D/wpa_supplicant(  651): wlan0:    skip - SSID mismatch
02-11 17:53:48.359 D/wpa_supplicant(  651): wlan0: 3: 98:fc:11:81:35:fb ssid='E2000E' wpa_ie_len=0 rsn_ie_len=20 caps=0x411 level=-55 wps
02-11 17:53:48.359 D/wpa_supplicant(  651): wlan0:    skip - SSID mismatch
02-11 17:53:48.359 D/wpa_supplicant(  651): wlan0: 4: 10:c3:7b:d2:e5:e0 ssid='ASUS_RT-AC66U-2.4G' wpa_ie_len=0 rsn_ie_len=20 caps=0x411 level=-56 wps
02-11 17:53:48.359 D/wpa_supplicant(  651): wlan0:    skip - SSID mismatch
02-11 17:53:48.359 D/wpa_supplicant(  651): wlan0: 5: cc:34:29:2c:fb:ec ssid='linksys' wpa_ie_len=22 rsn_ie_len=20 caps=0x431 level=-61 wps
02-11 17:53:48.359 D/wpa_supplicant(  651): wlan0:    skip - SSID mismatch
02-11 17:53:48.359 D/wpa_supplicant(  651): wlan0: 6: b0:48:7a:20:66:6a ssid='TP-LINK_20666A' wpa_ie_len=22 rsn_ie_len=20 caps=0x431 level=-61 wps
02-11 17:53:48.359 D/wpa_supplicant(  651): wlan0:    skip - SSID mismatch
02-11 17:53:48.359 D/wpa_supplicant(  651): wlan0: 7: 02:1a:11:f2:d4:75 ssid='test only' wpa_ie_len=0 rsn_ie_len=20 caps=0x431 level=-64
02-11 17:53:48.359 D/wpa_supplicant(  651): wlan0:    skip - SSID mismatch
02-11 17:53:48.359 D/wpa_supplicant(  651): wlan0: 8: 5e:f3:70:0c:91:9a ssid='DIRECT-30-Android_7f71' wpa_ie_len=0 rsn_ie_len=20 caps=0x411 level=-66 wps
02-11 17:53:48.359 D/wpa_supplicant(  651): wlan0:    skip - SSID mismatch
02-11 17:53:48.359 D/wpa_supplicant(  651): wlan0: 9: 80:1f:02:43:fb:e8 ssid='Edimax AP' wpa_ie_len=0 rsn_ie_len=20 caps=0x411 level=-70
02-11 17:53:48.359 D/wpa_supplicant(  651): wlan0:    skip - SSID mismatch
02-11 17:53:48.359 D/wpa_supplicant(  651): wlan0: 10: 00:0f:e2:0f:9f:c1 ssid='321_WAN' wpa_ie_len=28 rsn_ie_len=24 caps=0x411 level=-79
02-11 17:53:48.359 D/wpa_supplicant(  651): wlan0:    skip - SSID mismatch
02-11 17:53:48.359 D/wpa_supplicant(  651): wlan0: 11: f8:d1:11:e7:99:e8 ssid='videotest' wpa_ie_len=22 rsn_ie_len=20 caps=0x531 level=-87 wps
02-11 17:53:48.359 D/wpa_supplicant(  651): wlan0:    skip - SSID mismatch
02-11 17:53:48.359 D/wpa_supplicant(  651): wlan0: 12: 0c:82:68:4c:26:a0 ssid='AP321' wpa_ie_len=0 rsn_ie_len=20 caps=0x431 level=-88
02-11 17:53:48.359 D/wpa_supplicant(  651): wlan0:    skip - SSID mismatch
02-11 17:53:48.359 D/wpa_supplicant(  651): wlan0: Selecting BSS from priority group 4
02-11 17:53:48.359 D/wpa_supplicant(  651): wlan0: 0: 02:1a:11:f3:1a:cc ssid='Android' wpa_ie_len=0 rsn_ie_len=20 caps=0x511 level=0
02-11 17:53:48.359 D/wpa_supplicant(  651): wlan0:    skip - disabled
02-11 17:53:48.359 D/wpa_supplicant(  651): wlan0: 1: c8:d7:19:60:62:f2 ssid='E3000-2.4G' wpa_ie_len=28 rsn_ie_len=24 caps=0x411 level=-52 wps
02-11 17:53:48.359 D/wpa_supplicant(  651): wlan0:    skip - disabled
02-11 17:53:48.359 D/wpa_supplicant(  651): wlan0: 2: cc:34:29:2b:26:4c ssid='cws-test' wpa_ie_len=0 rsn_ie_len=20 caps=0x431 level=-54 wps
02-11 17:53:48.359 D/wpa_supplicant(  651): wlan0:    skip - disabled
02-11 17:53:48.359 D/wpa_supplicant(  651): wlan0: 3: 98:fc:11:81:35:fb ssid='E2000E' wpa_ie_len=0 rsn_ie_len=20 caps=0x411 level=-55 wps
02-11 17:53:48.359 D/wpa_supplicant(  651): wlan0:    skip - disabled
02-11 17:53:48.359 D/wpa_supplicant(  651): wlan0: 4: 10:c3:7b:d2:e5:e0 ssid='ASUS_RT-AC66U-2.4G' wpa_ie_len=0 rsn_ie_len=20 caps=0x411 level=-56 wps
02-11 17:53:48.359 D/wpa_supplicant(  651): wlan0:    skip - disabled
02-11 17:53:48.359 D/wpa_supplicant(  651): wlan0: 5: cc:34:29:2c:fb:ec ssid='linksys' wpa_ie_len=22 rsn_ie_len=20 caps=0x431 level=-61 wps
02-11 17:53:48.359 D/wpa_supplicant(  651): wlan0:    skip - disabled
02-11 17:53:48.359 D/wpa_supplicant(  651): wlan0: 6: b0:48:7a:20:66:6a ssid='TP-LINK_20666A' wpa_ie_len=22 rsn_ie_len=20 caps=0x431 level=-61 wps
02-11 17:53:48.359 D/wpa_supplicant(  651): wlan0:    skip - disabled
02-11 17:53:48.359 D/wpa_supplicant(  651): wlan0: 7: 02:1a:11:f2:d4:75 ssid='test only' wpa_ie_len=0 rsn_ie_len=20 caps=0x431 level=-64
02-11 17:53:48.359 D/wpa_supplicant(  651): wlan0:    skip - disabled
02-11 17:53:48.359 D/wpa_supplicant(  651): wlan0: 8: 5e:f3:70:0c:91:9a ssid='DIRECT-30-Android_7f71' wpa_ie_len=0 rsn_ie_len=20 caps=0x411 level=-66 wps
02-11 17:53:48.359 D/wpa_supplicant(  651): wlan0:    skip - disabled
02-11 17:53:48.359 D/wpa_supplicant(  651): wlan0: 9: 80:1f:02:43:fb:e8 ssid='Edimax AP' wpa_ie_len=0 rsn_ie_len=20 caps=0x411 level=-70
02-11 17:53:48.359 D/wpa_supplicant(  651): wlan0:    skip - disabled
02-11 17:53:48.359 D/wpa_supplicant(  651): wlan0: 10: 00:0f:e2:0f:9f:c1 ssid='321_WAN' wpa_ie_len=28 rsn_ie_len=24 caps=0x411 level=-79
02-11 17:53:48.359 D/wpa_supplicant(  651): wlan0:    skip - disabled
02-11 17:53:48.359 D/wpa_supplicant(  651): wlan0: 11: f8:d1:11:e7:99:e8 ssid='videotest' wpa_ie_len=22 rsn_ie_len=20 caps=0x531 level=-87 wps
02-11 17:53:48.359 D/wpa_supplicant(  651): wlan0:    skip - disabled
02-11 17:53:48.359 D/wpa_supplicant(  651): wlan0: 12: 0c:82:68:4c:26:a0 ssid='AP321' wpa_ie_len=0 rsn_ie_len=20 caps=0x431 level=-88
02-11 17:53:48.359 D/wpa_supplicant(  651): wlan0:    skip - disabled
02-11 17:53:48.359 D/wpa_supplicant(  651): wlan0: No suitable network found
02-11 17:53:48.359 D/wpa_supplicant(  651): wlan0: Setting scan request: 40 sec 0 usec
02-11 17:53:48.359 D/wpa_supplicant(  651): wlan0: Checking for other virtual interfaces sharing same radio (phy0) in event_scan_results
02-11 17:53:48.359 D/wpa_supplicant(  651): p2p-dev-wlan0: Updating scan results from sibling
02-11 17:53:48.359 D/wpa_supplicant(  651): nl80211: Received scan results (14 BSSes)
02-11 17:53:48.359 D/wpa_supplicant(  651): nl80211: Survey data missing
02-11 17:53:48.359 D/wpa_supplicant(  651): p2p-dev-wlan0: BSS: Start scan result update 86
02-11 17:53:48.359 D/wpa_supplicant(  651): BSS: No P2P IE - skipping BSS 02:1a:11:f3:1a:cc update for P2P interface
02-11 17:53:48.359 D/wpa_supplicant(  651): BSS: No P2P IE - skipping BSS c8:d7:19:60:62:f2 update for P2P interface
02-11 17:53:48.359 D/wpa_supplicant(  651): BSS: No P2P IE - skipping BSS cc:34:29:2b:26:4c update for P2P interface
02-11 17:53:48.359 D/wpa_supplicant(  651): BSS: No P2P IE - skipping BSS 98:fc:11:81:35:fb update for P2P interface
02-11 17:53:48.359 D/wpa_supplicant(  651): BSS: No P2P IE - skipping BSS 10:c3:7b:d2:e5:e0 update for P2P interface
02-11 17:53:48.359 D/wpa_supplicant(  651): BSS: No P2P IE - skipping BSS cc:34:29:2c:fb:ec update for P2P interface
02-11 17:53:48.359 D/wpa_supplicant(  651): BSS: No P2P IE - skipping BSS b0:48:7a:20:66:6a update for P2P interface
02-11 17:53:48.359 D/wpa_supplicant(  651): BSS: No P2P IE - skipping BSS 02:1a:11:f2:d4:75 update for P2P interface
02-11 17:53:48.359 D/wpa_supplicant(  651): BSS: No P2P IE - skipping BSS 80:1f:02:43:fb:e8 update for P2P interface
02-11 17:53:48.359 D/wpa_supplicant(  651): BSS: No P2P IE - skipping BSS 00:0f:e2:0f:9f:c1 update for P2P interface
02-11 17:53:48.359 D/wpa_supplicant(  651): BSS: No P2P IE - skipping BSS f8:d1:11:e7:99:e8 update for P2P interface
02-11 17:53:48.359 D/wpa_supplicant(  651): BSS: No P2P IE - skipping BSS 0c:82:68:4c:26:a0 update for P2P interface
02-11 17:53:48.359 D/wpa_supplicant(  651): BSS: last_scan_res_used=1/32 last_scan_full=0
02-11 17:53:48.359 D/wpa_supplicant(  651): p2p-dev-wlan0: New scan results available
02-11 17:53:48.359 D/wpa_supplicant(  651): CTRL_IFACE monitor send - hexdump(len=39): 2f 64 61 74 61 2f 6d 69 73 63 2f 77 69 66 69 2f 73 6f 63 6b 65 74 73 2f 77 70 61 5f 63 74 72 6c ...
02-11 17:53:48.359 I/WifiHW  (  504): EVENT: IFNAME=p2p-dev-wlan0 CTRL-EVENT-SCAN-RESULTS 
02-11 17:53:48.359 D/wpa_supplicant(  651): CTRL_IFACE monitor send - hexdump(len=39): 2f 64 61 74 61 2f 6d 69 73 63 2f 77 69 66 69 2f 73 6f 63 6b 65 74 73 2f 77 70 61 5f 63 74 72 6c ...
02-11 17:53:48.359 I/WifiHW  (  504): EVENT: IFNAME=p2p-dev-wlan0 WPS-AP-AVAILABLE 
02-11 17:53:48.359 D/wpa_supplicant(  651): WPS: AP[0] 10:c3:7b:d2:e5:e0 type=0 tries=0 last_attempt=-1 sec ago blacklist=0
02-11 17:53:48.359 D/wpa_supplicant(  651): WPS: AP[1] b0:48:7a:20:66:6a type=0 tries=0 last_attempt=-1 sec ago blacklist=0
02-11 17:53:48.359 D/wpa_supplicant(  651): WPS: AP[2] f8:d1:11:e7:99:e8 type=0 tries=0 last_attempt=-1 sec ago blacklist=0
02-11 17:53:48.359 D/wpa_supplicant(  651): WPS: AP[3] 44:94:fc:3d:da:38 type=0 tries=0 last_attempt=-1 sec ago blacklist=0
02-11 17:53:48.359 D/wpa_supplicant(  651): WPS: AP[4] cc:34:29:2c:fb:ec type=0 tries=0 last_attempt=-1 sec ago blacklist=0
02-11 17:53:48.359 D/wpa_supplicant(  651): WPS: AP[5] c8:d7:19:60:62:f2 type=0 tries=0 last_attempt=-1 sec ago blacklist=0
02-11 17:53:48.359 D/wpa_supplicant(  651): WPS: AP[6] cc:34:29:2b:26:4c type=0 tries=0 last_attempt=-1 sec ago blacklist=0
02-11 17:53:48.359 D/wpa_supplicant(  651): WPS: AP[7] 98:fc:11:81:35:fb type=0 tries=0 last_attempt=-1 sec ago blacklist=0
02-11 17:53:48.359 D/wpa_supplicant(  651): WPS: AP[8] 14:d6:4d:28:ef:c8 type=0 tries=0 last_attempt=-1 sec ago blacklist=0
02-11 17:53:48.359 D/wpa_supplicant(  651): WPS: AP[9] b0:48:7a:51:ff:cc type=0 tries=0 last_attempt=-1 sec ago blacklist=0
02-11 17:53:48.359 D/wpa_supplicant(  651): WPS: AP[10] 7a:ff:57:00:13:56 type=0 tries=0 last_attempt=-1 sec ago blacklist=0
02-11 17:53:48.359 D/wpa_supplicant(  651): WPS: AP[11] c0:a0:bb:20:3b:84 type=0 tries=0 last_attempt=-1 sec ago blacklist=0
02-11 17:53:48.359 D/wpa_supplicant(  651): WPS: AP[12] c0:c1:c0:76:81:3c type=0 tries=0 last_attempt=-1 sec ago blacklist=0
02-11 17:53:48.359 D/wpa_supplicant(  651): WPS: AP[13] 5e:f3:70:0c:91:9a type=0 tries=0 last_attempt=-1 sec ago blacklist=0
02-11 17:53:48.359 D/wpa_supplicant(  651): WPS: AP[14] 02:09:4c:42:36:90 type=0 tries=0 last_attempt=-1 sec ago blacklist=0
02-11 17:53:48.359 D/wpa_supplicant(  651): p2p-dev-wlan0: No suitable network found
02-11 17:53:48.359 D/wpa_supplicant(  651): p2p-dev-wlan0: Short-circuit new scan request since there are no enabled networks
02-11 17:53:48.359 D/wpa_supplicant(  651): p2p-dev-wlan0: State: INACTIVE -> INACTIVE
02-11 17:53:48.359 D/wpa_supplicant(  651): wlan0: P2P: Station mode scan operation not pending anymore (sta_scan_pending=0 p2p_cb_on_scan_complete=0)
02-11 17:53:48.359 D/wpa_supplicant(  651): RX ctrl_iface - hexdump(len=25): 42 53 53 20 52 41 4e 47 45 3d 30 2d 20 4d 41 53 4b 3d 30 78 32 31 39 38 37
02-11 17:53:48.359 D/wpa_supplicant(  651): wlan0: Control interface command 'BSS RANGE=0- MASK=0x21987'
02-11 17:53:48.359 I/WifiHW  (  504): REPLY: id=1
02-11 17:53:48.359 I/WifiHW  (  504): REPLY: bssid=f8:d1:11:e7:99:e8
02-11 17:53:48.359 I/WifiHW  (  504): REPLY: freq=2437
02-11 17:53:48.359 I/WifiHW  (  504): REPLY: level=-87
02-11 17:53:48.359 I/WifiHW  (  504): REPLY: tsf=0000003564543838
02-11 17:53:48.359 I/WifiHW  (  504): REPLY: flags=[WPA-PSK-CCMP][WPA2-PSK-CCMP][WPS][ESS]
02-11 17:53:48.369 I/WifiHW  (  504): REPLY: ssid=videotest
02-11 17:53:48.369 I/WifiHW  (  504): REPLY: ====
02-11 17:53:48.369 I/WifiHW  (  504): REPLY: id=2
02-11 17:53:48.369 I/WifiHW  (  504): REPLY: bssid=10:c3:7b:d2:e5:e0
02-11 17:53:48.369 I/WifiHW  (  504): REPLY: freq=2462
02-11 17:53:48.369 I/WifiHW  (  504): REPLY: level=-56
02-11 17:53:48.369 I/WifiHW  (  504): REPLY: tsf=0000003564543864
02-11 17:53:48.369 I/WifiHW  (  504): REPLY: flags=[WPA2-PSK-CCMP][WPS][ESS]
02-11 17:53:48.369 I/WifiHW  (  504): REPLY: ssid=ASUS_RT-AC66U-2.4G
02-11 17:53:48.369 I/WifiHW  (  504): REPLY: ====
02-11 17:53:48.369 I/WifiHW  (  504): REPLY: id=3
02-11 17:53:48.369 I/WifiHW  (  504): REPLY: bssid=02:1a:11:f3:1a:cc
02-11 17:53:48.369 I/WifiHW  (  504): REPLY: freq=2437
02-11 17:53:48.369 I/WifiHW  (  504): REPLY: level=0
02-11 17:53:48.369 I/WifiHW  (  504): REPLY: tsf=0000003564543755
02-11 17:53:48.369 I/WifiHW  (  504): REPLY: flags=[WPA2-PSK-CCMP][ESS]
02-11 17:53:48.369 I/WifiHW  (  504): REPLY: ssid=Android
02-11 17:53:48.369 I/WifiHW  (  504): REPLY: ====
02-11 17:53:48.369 I/WifiHW  (  504): REPLY: id=5
02-11 17:53:48.369 I/WifiHW  (  504): REPLY: bssid=cc:34:29:2b:26:4c
02-11 17:53:48.369 I/WifiHW  (  504): REPLY: freq=2462
02-11 17:53:48.369 I/WifiHW  (  504): REPLY: level=-54
02-11 17:53:48.369 I/WifiHW  (  504): REPLY: tsf=0000003564543855
02-11 17:53:48.369 I/WifiHW  (  504): REPLY: flags=[WPA2-PSK-CCMP][WPS][ESS]
02-11 17:53:48.369 I/WifiHW  (  504): REPLY: ssid=cws-test
02-11 17:53:48.369 I/WifiHW  (  504): REPLY: ====
02-11 17:53:48.369 I/WifiHW  (  504): REPLY: id=7
02-11 17:53:48.369 I/WifiHW  (  504): REPLY: bssid=44:94:fc:3d:da:38
02-11 17:53:48.369 I/WifiHW  (  504): REPLY: freq=2462
02-11 17:53:48.369 I/WifiHW  (  504): REPLY: level=-62
02-11 17:53:48.369 I/WifiHW  (  504): REPLY: tsf=0000003523352141
02-11 17:53:48.369 I/WifiHW  (  504): REPLY: flags=[WPA2-PSK-CCMP][WPS][ESS]
02-11 17:53:48.369 I/WifiHW  (  504): REPLY: ssid=6300
02-11 17:53:48.369 I/WifiHW  (  504): REPLY: ====
02-11 17:53:48.369 I/WifiHW  (  504): REPLY: id=35
02-11 17:53:48.369 I/WifiHW  (  504): REPLY: bssid=c8:d7:19:60:62:f2
02-11 17:53:48.369 I/WifiHW  (  504): REPLY: freq=2437
02-11 17:53:48.369 I/WifiHW  (  504): REPLY: level=-52
02-11 17:53:48.369 I/WifiHW  (  504): REPLY: tsf=0000003564543847
02-11 17:53:48.369 I/WifiHW  (  504): REPLY: flags=[WPA-PSK-CCMP+TKIP][WPA2-PSK-CCMP+TKIP][WPS][ESS]
02-11 17:53:48.369 I/WifiHW  (  504): REPLY: ssid=E3000-2.4G
02-11 17:53:48.369 I/WifiHW  (  504): REPLY: ====
02-11 17:53:48.369 I/WifiHW  (  504): REPLY: id=130
02-11 17:53:48.369 I/WifiHW  (  504): REPLY: bssid=b0:48:7a:20:66:6a
02-11 17:53:48.369 I/WifiHW  (  504): REPLY: freq=2427
02-11 17:53:48.369 I/WifiHW  (  504): REPLY: level=-61
02-11 17:53:48.369 I/WifiHW  (  504): REPLY: tsf=0000003564543820
02-11 17:53:48.369 I/WifiHW  (  504): REPLY: flags=[WPA-PSK-CCMP][WPA2-PSK-CCMP][WPS][ESS]
02-11 17:53:48.369 I/WifiHW  (  504): REPLY: ssid=TP-LINK_20666A
02-11 17:53:48.369 I/WifiHW  (  504): REPLY: ====
02-11 17:53:48.369 I/WifiHW  (  504): REPLY: id=132
02-11 17:53:48.369 I/WifiHW  (  504): REPLY: bssid=c0:c1:c0:76:81:3c
02-11 17:53:48.369 I/WifiHW  (  504): REPLY: freq=2437
02-11 17:53:48.369 I/WifiHW  (  504): REPLY: level=-51
02-11 17:53:48.369 I/WifiHW  (  504): REPLY: tsf=0000003523351823
02-11 17:53:48.369 I/WifiHW  (  504): REPLY: flags=[WPA2-EAP-CCMP-preauth][WPS][ESS]
02-11 17:53:48.369 I/WifiHW  (  504): REPLY: ssid=E2000
02-11 17:53:48.369 I/WifiHW  (  504): REPLY: ====
02-11 17:53:48.369 I/WifiHW  (  504): REPLY: id=134
02-11 17:53:48.369 I/WifiHW  (  504): REPLY: bssid=b0:48:7a:51:ff:cc
02-11 17:53:48.369 I/WifiHW  (  504): REPLY: freq=2452
02-11 17:53:48.369 I/WifiHW  (  504): REPLY: level=-67
02-11 17:53:48.369 I/WifiHW  (  504): REPLY: tsf=0000003523351850
02-11 17:53:48.369 I/WifiHW  (  504): REPLY: flags=[WPA-PSK-CCMP][WPA2-PSK-CCMP][WPS][ESS]
02-11 17:53:48.369 I/WifiHW  (  504): REPLY: ssid=Neusoft TP
02-11 17:53:48.369 I/WifiHW  (  504): REPLY: ====
02-11 17:53:48.369 I/WifiHW  (  504): REPLY: id=147
02-11 17:53:48.369 I/WifiHW  (  504): REPLY: bssid=02:1a:11:fb:b5:2e
02-11 17:53:48.369 I/WifiHW  (  504): REPLY: freq=2437
02-11 17:53:48.369 I/WifiHW  (  504): REPLY: level=-63
02-11 17:53:48.369 I/WifiHW  (  504): REPLY: tsf=0000003523351830
02-11 17:53:48.369 I/WifiHW  (  504): REPLY: flags=[WPA2-PSK-CCMP][ESS]
02-11 17:53:48.369 I/WifiHW  (  504): REPLY: ssid=io1
02-11 17:53:48.369 I/WifiHW  (  504): REPLY: ====
02-11 17:53:48.369 I/WifiHW  (  504): REPLY: id=200
02-11 17:53:48.369 I/WifiHW  (  504): REPLY: bssid=00:0f:e2:0f:9f:c1
02-11 17:53:48.369 I/WifiHW  (  504): REPLY: freq=2462
02-11 17:53:48.369 I/WifiHW  (  504): REPLY: level=-79
02-11 17:53:48.369 I/WifiHW  (  504): REPLY: tsf=0000003564543873
02-11 17:53:48.369 I/WifiHW  (  504): REPLY: flags=[WPA-PSK-CCMP+TKIP][WPA2-PSK-CCMP+TKIP][ESS]
02-11 17:53:48.369 I/WifiHW  (  504): REPLY: ssid=321_WAN
02-11 17:53:48.369 I/WifiHW  (  504): REPLY: ====
02-11 17:53:48.369 I/WifiHW  (  504): REPLY: id=210
02-11 17:53:48.369 I/WifiHW  (  504): REPLY: bssid=cc:34:29:2c:fb:ec
02-11 17:53:48.369 I/WifiHW  (  504): REPLY: freq=2412
02-11 17:53:48.369 I/WifiHW  (  504): REPLY: level=-61
02-11 17:53:48.369 I/WifiHW  (  504): REPLY: tsf=0000003564543806
02-11 17:53:48.369 I/WifiHW  (  504): REPLY: flags=[WPA-PSK-CCMP][WPA2-PSK-CCMP][WPS][ESS]
02-11 17:53:48.369 I/WifiHW  (  504): REPLY: ssid=linksys
02-11 17:53:48.369 I/WifiHW  (  504): REPLY: ====
02-11 17:53:48.369 I/WifiHW  (  504): REPLY: id=211
02-11 17:53:48.369 I/WifiHW  (  504): REPLY: bssid=02:1a:11:f2:d4:75
02-11 17:53:48.369 I/WifiHW  (  504): REPLY: freq=2437
02-11 17:53:48.369 I/WifiHW  (  504): REPLY: level=-64
02-11 17:53:48.369 I/WifiHW  (  504): REPLY: tsf=0000003564543829
02-11 17:53:48.369 I/WifiHW  (  504): REPLY: flags=[WPA2-PSK-CCMP][ESS]
02-11 17:53:48.369 I/WifiHW  (  504): REPLY: ssid=test only
02-11 17:53:48.369 I/WifiHW  (  504): REPLY: ====
02-11 17:53:48.369 I/WifiHW  (  504): REPLY: id=213
02-11 17:53:48.369 I/WifiHW  (  504): REPLY: bssid=80:1f:02:43:fb:e8
02-11 17:53:48.369 I/WifiHW  (  504): REPLY: freq=2412
02-11 17:53:48.369 I/WifiHW  (  504): REPLY: level=-70
02-11 17:53:48.369 I/WifiHW  (  504): REPLY: tsf=0000003564543773
02-11 17:53:48.369 I/WifiHW  (  504): REPLY: flags=[WPA2-PSK-CCMP-preauth][ESS]
02-11 17:53:48.369 I/WifiHW  (  504): REPLY: ssid=Edimax AP
02-11 17:53:48.369 I/WifiHW  (  504): REPLY: ====
02-11 17:53:48.369 I/WifiHW  (  504): REPLY: id=217
02-11 17:53:48.369 I/WifiHW  (  504): REPLY: bssid=02:1a:11:fa:9e:f1
02-11 17:53:48.369 I/WifiHW  (  504): REPLY: freq=2437
02-11 17:53:48.369 I/WifiHW  (  504): REPLY: level=-64
02-11 17:53:48.369 I/WifiHW  (  504): REPLY: tsf=0000003523351827
02-11 17:53:48.369 I/WifiHW  (  504): REPLY: flags=[WPA2-PSK-CCMP][ESS]
02-11 17:53:48.369 I/WifiHW  (  504): REPLY: ssid=love U forever
02-11 17:53:48.369 I/WifiHW  (  504): REPLY: ====
02-11 17:53:48.369 I/WifiHW  (  504): REPLY: id=219
02-11 17:53:48.369 I/WifiHW  (  504): REPLY: bssid=02:1a:11:fb:99:d1
02-11 17:53:48.369 I/WifiHW  (  504): REPLY: freq=2437
02-11 17:53:48.369 I/WifiHW  (  504): REPLY: level=-85
02-11 17:53:48.369 I/WifiHW  (  504): REPLY: tsf=0000003523351834
02-11 17:53:48.369 I/WifiHW  (  504): REPLY: flags=[WPA2-PSK-CCMP][ESS]
02-11 17:53:48.369 I/WifiHW  (  504): REPLY: ssid=AndroidAPmm123
02-11 17:53:48.369 I/WifiHW  (  504): REPLY: ====
02-11 17:53:48.369 I/WifiHW  (  504): REPLY: id=223
02-11 17:53:48.369 I/WifiHW  (  504): REPLY: bssid=5e:f3:70:0c:91:9a
02-11 17:53:48.369 I/WifiHW  (  504): REPLY: freq=2412
02-11 17:53:48.369 I/WifiHW  (  504): REPLY: level=-66
02-11 17:53:48.369 I/WifiHW  (  504): REPLY: tsf=0000003564543764
02-11 17:53:48.369 I/WifiHW  (  504): REPLY: flags=[WPA2-PSK-CCMP][WPS][ESS][P2P]
02-11 17:53:48.369 I/WifiHW  (  504): REPLY: ssid=DIRECT-30-Android_7f71
02-11 17:53:48.369 I/WifiHW  (  504): REPLY: ====
02-11 17:53:48.369 I/WifiHW  (  504): REPLY: id=224
02-11 17:53:48.369 I/WifiHW  (  504): REPLY: bssid=14:d6:4d:28:ef:c8
02-11 17:53:48.369 I/WifiHW  (  504): REPLY: freq=2437
02-11 17:53:48.369 I/WifiHW  (  504): REPLY: level=-64
02-11 17:53:48.369 I/WifiHW  (  504): REPLY: tsf=0000003523351846
02-11 17:53:48.369 I/WifiHW  (  504): REPLY: flags=[WPA2-PSK-CCMP][WPS][ESS]
02-11 17:53:48.369 I/WifiHW  (  504): REPLY: ssid=dlink
02-11 17:53:48.369 I/WifiHW  (  504): REPLY: ====
02-11 17:53:48.369 I/WifiHW  (  504): REPLY: id=225
02-11 17:53:48.369 I/WifiHW  (  504): REPLY: bssid=02:1a:11:f3:a9:7d
02-11 17:53:48.369 I/WifiHW  (  504): REPLY: freq=2437
02-11 17:53:48.369 I/WifiHW  (  504): REPLY: level=-70
02-11 17:53:48.369 I/WifiHW  (  504): REPLY: tsf=0000003523351841
02-11 17:53:48.369 I/WifiHW  (  504): REPLY: flags=[WPA2-PSK-CCMP][ESS]
02-11 17:53:48.369 I/WifiHW  (  504): REPLY: ssid=AndroidSystem
02-11 17:53:48.369 I/WifiHW  (  504): REPLY: ====
02-11 17:53:48.369 I/WifiHW  (  504): REPLY: id=226
02-11 17:53:48.369 I/WifiHW  (  504): REPLY: bssid=02:1a:11:f8:82:71
02-11 17:53:48.369 I/WifiHW  (  504): REPLY: freq=2437
02-11 17:53:48.369 I/WifiHW  (  504): REPLY: level=-76
02-11 17:53:48.369 I/WifiHW  (  504): REPLY: tsf=0000003523351838
02-11 17:53:48.369 I/WifiHW  (  504): REPLY: flags=[WPA2-PSK-CCMP][ESS]
02-11 17:53:48.369 I/WifiHW  (  504): REPLY: ssid=Andy
02-11 17:53:48.369 I/WifiHW  (  504): REPLY: ====
02-11 17:53:48.369 I/WifiHW  (  504): REPLY: id=227
02-11 17:53:48.369 I/WifiHW  (  504): REPLY: bssid=02:09:4c:23:ef:0a
02-11 17:53:48.369 I/WifiHW  (  504): REPLY: freq=2412
02-11 17:53:48.369 I/WifiHW  (  504): REPLY: level=-77
02-11 17:53:48.369 I/WifiHW  (  504): REPLY: tsf=0000003523352072
02-11 17:53:48.369 I/WifiHW  (  504): REPLY: flags=[WEP]
02-11 17:53:48.369 I/WifiHW  (  504): REPLY: ssid=DIRECT-
02-11 17:53:48.369 I/WifiHW  (  504): REPLY: ====
02-11 17:53:48.369 I/WifiHW  (  504): REPLY: id=228
02-11 17:53:48.369 I/WifiHW  (  504): REPLY: bssid=98:fc:11:81:35:fb
02-11 17:53:48.369 I/WifiHW  (  504): REPLY: freq=2412
02-11 17:53:48.369 I/WifiHW  (  504): REPLY: level=-55
02-11 17:53:48.369 I/WifiHW  (  504): REPLY: tsf=0000003564543787
02-11 17:53:48.369 I/WifiHW  (  504): REPLY: flags=[WPA2-PSK-CCMP][WPS][ESS]
02-11 17:53:48.369 I/WifiHW  (  504): REPLY: ssid=E2000E
02-11 17:53:48.369 I/WifiHW  (  504): REPLY: ====
02-11 17:53:48.369 I/WifiHW  (  504): REPLY: id=229
02-11 17:53:48.369 I/WifiHW  (  504): REPLY: bssid=0c:82:68:4c:26:a0
02-11 17:53:48.369 I/WifiHW  (  504): REPLY: freq=2412
02-11 17:53:48.369 I/WifiHW  (  504): REPLY: level=-88
02-11 17:53:48.369 I/WifiHW  (  504): REPLY: tsf=0000003564543797
02-11 17:53:48.369 I/WifiHW  (  504): REPLY: flags=[WPA2-PSK-CCMP][ESS]
02-11 17:53:48.369 I/WifiHW  (  504): REPLY: ssid=AP321
02-11 17:53:48.369 I/WifiHW  (  504): REPLY: ####
02-11 17:53:59.999 D/Clock   (  566): ACTION_TIME_TICK
02-11 17:53:59.999 D/Clock   (  566): update clock:5:54
02-11 17:54:00.029 D/BatteryStatsImpl(  504): noteStopWakeLocked system isFromForeground = false
02-11 17:54:10.609 W/BindingManager( 6876): Cannot call determinedVisibility() - never saw a connection for the pid: 6876
02-11 17:54:11.329 I/chromium( 6876): [INFO:CONSOLE(1)] "Uncaught SyntaxError: Unexpected token :", source: http://127.0.0.1:8080/opt/webapi-resourcetiming-w3c-tests/resourcetiming/w3c/submission/resources/generate_resource.cgi?types=script&id=1 (1)
02-11 17:54:11.339 I/chromium( 6876): [INFO:CONSOLE(1)] "Uncaught SyntaxError: Unexpected token :", source: http://127.0.0.1:8080/opt/webapi-resourcetiming-w3c-tests/resourcetiming/w3c/submission/resources/generate_resource.cgi?types=script&id=2 (1)
02-11 17:54:11.339 I/chromium( 6876): [INFO:CONSOLE(1)] "Uncaught SyntaxError: Unexpected token :", source: http://127.0.0.1:8080/opt/webapi-resourcetiming-w3c-tests/resourcetiming/w3c/submission/resources/generate_resource.cgi?types=script&id=3 (1)
02-11 17:54:11.359 I/chromium( 6876): [INFO:CONSOLE(1)] "Uncaught SyntaxError: Unexpected token :", source: http://127.0.0.1:8080/opt/webapi-resourcetiming-w3c-tests/resourcetiming/w3c/submission/resources/generate_resource.cgi?types=script&id=5 (1)
02-11 17:54:11.359 I/chromium( 6876): [INFO:CONSOLE(1)] "Uncaught SyntaxError: Unexpected token :", source: http://127.0.0.1:8080/opt/webapi-resourcetiming-w3c-tests/resourcetiming/w3c/submission/resources/generate_resource.cgi?types=script&id=4 (1)
02-11 17:54:11.359 I/chromium( 6876): [INFO:CONSOLE(1)] "Uncaught SyntaxError: Unexpected token :", source: http://127.0.0.1:8080/opt/webapi-resourcetiming-w3c-tests/resourcetiming/w3c/submission/resources/generate_resource.cgi?types=script&id=6 (1)
02-11 17:54:11.369 I/chromium( 6876): [INFO:CONSOLE(1)] "Uncaught SyntaxError: Unexpected token :", source: http://127.0.0.1:8080/opt/webapi-resourcetiming-w3c-tests/resourcetiming/w3c/submission/resources/generate_resource.cgi?types=script&id=9 (1)
02-11 17:54:11.369 I/chromium( 6876): [INFO:CONSOLE(1)] "Uncaught SyntaxError: Unexpected token :", source: http://127.0.0.1:8080/opt/webapi-resourcetiming-w3c-tests/resourcetiming/w3c/submission/resources/generate_resource.cgi?types=script&id=7 (1)
02-11 17:54:11.369 I/chromium( 6876): [INFO:CONSOLE(1)] "Uncaught SyntaxError: Unexpected token :", source: http://127.0.0.1:8080/opt/webapi-resourcetiming-w3c-tests/resourcetiming/w3c/submission/resources/generate_resource.cgi?types=script&id=8 (1)
02-11 17:54:12.729 W/ufoGralloc(  171): registerBuffer() handle 0xb8c70100/110 didn't require registration
02-11 17:54:12.789 D/dalvikvm(  504): GC_FOR_ALLOC freed 3599K, 23% free 15579K/20096K, paused 49ms, total 49ms
02-11 17:54:12.799 D/WindowManager(  504): adjustConfigurationLw, config:{1.0 ?mcc?mnc ?locale ?layoutDir sw600dp w961dp h528dp 213dpi lrg land ?uimode ?night finger -keyb/v/h -nav/v} mLidState:1 mHasDockFeature:false mHasKeyboardFeature:false mHasHallSensorFeature:true config.hardKeyboardHidden:2
02-11 17:54:12.799 I/ActivityManager(  504): [TopPkgCurBat]	NowPkgName[testkit.stub]	Battery[79]	TimeTick[1423648452810]	OldPkgName[org.xwalk.webapi_service_tests]
02-11 17:54:12.819 V/AsusPhoneStatusBar(  566): setLightsOn(true)
02-11 17:54:12.829 W/IInputConnectionWrapper( 6876): showStatusIcon on inactive InputConnection
02-11 17:54:12.829 D/XT9IME  (  722): new subtype :zh_CN ,pinyin
02-11 17:54:12.839 D/BatteryStatsImpl(  504): noteStopWakeLocked system isFromForeground = false
02-11 17:54:12.869 D/        ( 6876): Surface destroy: ANDROID_NATIVE_WINDOW_MAGIC
02-11 17:54:12.879 D/        ( 6876): Surface destroy: ANDROID_NATIVE_WINDOW_MAGIC
02-11 17:54:13.569 D/        ( 6876): Pixel Format : GGL_PIXEL_FORMAT_RGBA_8888
02-11 17:54:13.579 W/ScreenOrientationListener( 6876): Removing an inexistent observer!
02-11 17:54:13.579 W/SurfaceFlinger(  171): couldn't log to binary event log: overflow.
02-11 17:54:13.989 D/AndroidRuntime( 7399): 
02-11 17:54:13.989 D/AndroidRuntime( 7399): >>>>>> AndroidRuntime START com.android.internal.os.RuntimeInit <<<<<<
02-11 17:54:13.989 D/AndroidRuntime( 7399): CheckJNI is OFF
02-11 17:54:13.989 I/AndroidRuntime( 7399): Kernel Release Version: 3.10.20-gf818079
02-11 17:54:13.989 I/dalvikvm( 7399): No library specified. The standard exception handler will be used
02-11 17:54:13.989 I/dalvikvm( 7399): 
02-11 17:54:13.989 I/dalvikvm( 7399): +++++++++++++ Using PCG. +++++++++++++++++++++
02-11 17:54:13.999 D/dalvikvm( 7399): Trying to load lib libjavacore.so 0x0
02-11 17:54:13.999 D/dalvikvm( 7399): Added shared lib libjavacore.so 0x0
02-11 17:54:13.999 D/dalvikvm( 7399): Trying to load lib libnativehelper.so 0x0
02-11 17:54:13.999 D/dalvikvm( 7399): Added shared lib libnativehelper.so 0x0
02-11 17:54:13.999 D/dalvikvm( 7399): No JNI_OnLoad found in libnativehelper.so 0x0, skipping init
02-11 17:54:14.009 D/dalvikvm( 7399): Extra Options: not specified
02-11 17:54:14.019 D/dalvikvm( 7399): Note: class Landroid/app/ActivityManagerNative; has 186 unimplemented (abstract) methods
02-11 17:54:14.089 E/memtrack( 7399): Couldn't load memtrack module (No such file or directory)
02-11 17:54:14.089 E/android.os.Debug( 7399): failed to load memtrack module: -2
02-11 17:54:14.129 D/AndroidRuntime( 7399): Calling main entry com.android.commands.am.Am
02-11 17:54:14.149 I/ActivityManager(  504): Force stopping org.xwalk.webapi_service_tests appid=10256 user=0: from pid 7399
02-11 17:54:14.149 I/ActivityManager(  504): Killing 6876:org.xwalk.webapi_service_tests/u0a256 (adj 9): stop org.xwalk.webapi_service_tests
02-11 17:54:14.159 I/SecurityManagerService(  621): SMS received security event: App[STOP/org.xwalk.webapi_service_tests]
02-11 17:54:14.159 D/AndroidRuntime( 7399): Shutting down VM
02-11 17:54:14.159 D/dalvikvm( 7399): GC_CONCURRENT freed 112K, 16% free 666K/792K, paused 0ms+0ms, total 1ms
02-11 17:54:14.169 D/dalvikvm( 7399): Compiler shutdown in progress - discarding request
02-11 17:54:14.169 D/dalvikvm( 7399): Compiler shutdown in progress - discarding request
02-11 17:54:14.169 D/dalvikvm( 7399): Compiler shutdown in progress - discarding request
02-11 17:54:14.169 D/dalvikvm( 7399): Compiler shutdown in progress - discarding request
02-11 17:54:14.169 D/dalvikvm( 7399): Compiler shutdown in progress - discarding request
02-11 17:54:14.169 D/dalvikvm( 7399): Compiler shutdown in progress - discarding request
02-11 17:54:14.169 D/dalvikvm( 7399): Compiler shutdown in progress - discarding request
02-11 17:54:14.169 D/dalvikvm( 7399): Compiler shutdown in progress - discarding request
02-11 17:54:14.169 D/dalvikvm( 7399): Compiler shutdown in progress - discarding request
02-11 17:54:14.169 D/dalvikvm( 7399): Compiler shutdown in progress - discarding request
02-11 17:54:14.169 D/dalvikvm( 7399): Compiler shutdown in progress - discarding request
02-11 17:54:14.169 D/dalvikvm( 7399): Compiler shutdown in progress - disc