03-03 15:02:53.343 D/dalvikvm(21861): Compiler shutdown in progress - discarding request
03-03 15:02:53.343 D/dalvikvm(21861): Compiler shutdown in progress - discarding request
03-03 15:02:53.343 D/dalvikvm(21861): Compiler shutdown in progress - discarding request
03-03 15:02:53.343 D/dalvikvm(21861): Compiler shutdown in progress - discarding request
03-03 15:02:53.343 D/dalvikvm(21861): Compiler shutdown in progress - discarding request
03-03 15:02:53.343 D/dalvikvm(21861): Compiler shutdown in progress - discarding request
03-03 15:02:53.343 D/dalvikvm(21861): Compiler shutdown in progress - discarding request
03-03 15:02:53.343 D/dalvikvm(21861): Compiler shutdown in progress - discarding request
03-03 15:02:53.343 D/dalvikvm(21861): Compiler shutdown in progress - discarding request
03-03 15:02:53.343 D/dalvikvm(21861): Compiler shutdown in progress - discarding request
03-03 15:02:53.973 D/AndroidRuntime(21872): 
03-03 15:02:53.973 D/AndroidRuntime(21872): >>>>>> AndroidRuntime START com.android.internal.os.RuntimeInit <<<<<<
03-03 15:02:53.973 D/AndroidRuntime(21872): CheckJNI is OFF
03-03 15:02:53.973 I/AndroidRuntime(21872): Kernel Release Version: 3.10.20-gf818079
03-03 15:02:53.973 I/dalvikvm(21872): No library specified. The standard exception handler will be used
03-03 15:02:53.973 I/dalvikvm(21872): 
03-03 15:02:53.973 I/dalvikvm(21872): +++++++++++++ Using PCG. +++++++++++++++++++++
03-03 15:02:53.983 D/dalvikvm(21872): Trying to load lib libjavacore.so 0x0
03-03 15:02:53.983 D/dalvikvm(21872): Added shared lib libjavacore.so 0x0
03-03 15:02:53.993 D/dalvikvm(21872): Trying to load lib libnativehelper.so 0x0
03-03 15:02:53.993 D/dalvikvm(21872): Added shared lib libnativehelper.so 0x0
03-03 15:02:53.993 D/dalvikvm(21872): No JNI_OnLoad found in libnativehelper.so 0x0, skipping init
03-03 15:02:53.993 D/dalvikvm(21872): Extra Options: not specified
03-03 15:02:54.003 D/dalvikvm(21872): Note: class Landroid/app/ActivityManagerNative; has 186 unimplemented (abstract) methods
03-03 15:02:54.073 E/memtrack(21872): Couldn't load memtrack module (No such file or directory)
03-03 15:02:54.083 E/android.os.Debug(21872): failed to load memtrack module: -2
03-03 15:02:54.123 D/AndroidRuntime(21872): Calling main entry com.android.commands.am.Am
03-03 15:02:54.153 I/ActivityManager(  506): START u0 {flg=0x10000000 cmp=org.xwalk.webapi_service_tests/.webapi_service_tests} from pid 21872
03-03 15:02:54.163 D/AndroidRuntime(21872): Shutting down VM
03-03 15:02:54.163 D/dalvikvm(21872): GC_CONCURRENT freed 112K, 16% free 674K/800K, paused 0ms+0ms, total 1ms
03-03 15:02:54.163 D/dalvikvm(21872): Compiler shutdown in progress - discarding request
03-03 15:02:54.163 D/dalvikvm(21872): Compiler shutdown in progress - discarding request
03-03 15:02:54.163 D/dalvikvm(21872): Compiler shutdown in progress - discarding request
03-03 15:02:54.163 D/dalvikvm(21872): Compiler shutdown in progress - discarding request
03-03 15:02:54.163 D/dalvikvm(21872): Compiler shutdown in progress - discarding request
03-03 15:02:54.163 D/dalvikvm(21872): Compiler shutdown in progress - discarding request
03-03 15:02:54.163 D/dalvikvm(21872): Compiler shutdown in progress - discarding request
03-03 15:02:54.163 D/dalvikvm(21872): Compiler shutdown in progress - discarding request
03-03 15:02:54.163 D/dalvikvm(21872): Compiler shutdown in progress - discarding request
03-03 15:02:54.163 D/dalvikvm(21872): Compiler shutdown in progress - discarding request
03-03 15:02:54.163 D/dalvikvm(21872): Compiler shutdown in progress - discarding request
03-03 15:02:54.163 D/dalvikvm(21872): Compiler shutdown in progress - discarding request
03-03 15:02:54.163 D/dalvikvm(21872): Compiler shutdown in progress - discarding request
03-03 15:02:54.163 D/dalvikvm(21872): Compiler shutdown in progress - discarding request
03-03 15:02:54.163 D/dalvikvm(21872): Compiler shutdown in progress - discarding request
03-03 15:02:54.163 D/dalvikvm(21872): Compiler shutdown in progress - discarding request
03-03 15:02:54.163 D/dalvikvm(21872): Compiler shutdown in progress - discarding request
03-03 15:02:54.163 D/dalvikvm(21872): Compiler shutdown in progress - discarding request
03-03 15:02:54.163 D/dalvikvm(21872): Compiler shutdown in progress - discarding request
03-03 15:02:54.163 D/dalvikvm(21872): Compiler shutdown in progress - discarding request
03-03 15:02:54.163 D/dalvikvm(21872): Compiler shutdown in progress - discarding request
03-03 15:02:54.163 D/dalvikvm(21872): Compiler shutdown in progress - discarding request
03-03 15:02:54.163 D/dalvikvm(21872): Compiler shutdown in progress - discarding request
03-03 15:02:54.163 D/dalvikvm(21872): Compiler shutdown in progress - discarding request
03-03 15:02:54.163 D/dalvikvm(21872): Compiler shutdown in progress - discarding request
03-03 15:02:54.163 D/dalvikvm(21872): Compiler shutdown in progress - discarding request
03-03 15:02:54.163 D/dalvikvm(21872): Compiler shutdown in progress - discarding request
03-03 15:02:54.163 D/dalvikvm(21872): Compiler shutdown in progress - discarding request
03-03 15:02:54.163 D/dalvikvm(21872): Compiler shutdown in progress - discarding request
03-03 15:02:54.163 D/dalvikvm(21872): Compiler shutdown in progress - discarding request
03-03 15:02:54.163 D/dalvikvm(21872): Compiler shutdown in progress - discarding request
03-03 15:02:54.163 D/dalvikvm(21872): Compiler shutdown in progress - discarding request
03-03 15:02:54.163 D/dalvikvm(21872): Compiler shutdown in progress - discarding request
03-03 15:02:54.163 D/dalvikvm(21872): Compiler shutdown in progress - discarding request
03-03 15:02:54.163 D/dalvikvm(21872): Compiler shutdown in progress - discarding request
03-03 15:02:54.163 D/dalvikvm(21872): Compiler shutdown in progress - discarding request
03-03 15:02:54.163 D/dalvikvm(21872): Compiler shutdown in progress - discarding request
03-03 15:02:54.163 D/dalvikvm(21872): Compiler shutdown in progress - discarding request
03-03 15:02:54.163 D/dalvikvm(21872): Compiler shutdown in progress - discarding request
03-03 15:02:54.163 D/dalvikvm(21872): Compiler shutdown in progress - discarding request
03-03 15:02:54.163 D/dalvikvm(21872): Compiler shutdown in progress - discarding request
03-03 15:02:54.163 D/dalvikvm(21872): Compiler shutdown in progress - discarding request
03-03 15:02:54.803 D/AndroidRuntime(21883): 
03-03 15:02:54.803 D/AndroidRuntime(21883): >>>>>> AndroidRuntime START com.android.internal.os.RuntimeInit <<<<<<
03-03 15:02:54.803 D/AndroidRuntime(21883): CheckJNI is OFF
03-03 15:02:54.803 I/AndroidRuntime(21883): Kernel Release Version: 3.10.20-gf818079
03-03 15:02:54.803 I/dalvikvm(21883): No library specified. The standard exception handler will be used
03-03 15:02:54.813 I/dalvikvm(21883): 
03-03 15:02:54.813 I/dalvikvm(21883): +++++++++++++ Using PCG. +++++++++++++++++++++
03-03 15:02:54.813 D/dalvikvm(21883): Trying to load lib libjavacore.so 0x0
03-03 15:02:54.813 D/dalvikvm(21883): Added shared lib libjavacore.so 0x0
03-03 15:02:54.823 D/dalvikvm(21883): Trying to load lib libnativehelper.so 0x0
03-03 15:02:54.823 D/dalvikvm(21883): Added shared lib libnativehelper.so 0x0
03-03 15:02:54.823 D/dalvikvm(21883): No JNI_OnLoad found in libnativehelper.so 0x0, skipping init
03-03 15:02:54.823 D/dalvikvm(21883): Extra Options: not specified
03-03 15:02:54.833 D/dalvikvm(21883): Note: class Landroid/app/ActivityManagerNative; has 186 unimplemented (abstract) methods
03-03 15:02:54.913 E/memtrack(21883): Couldn't load memtrack module (No such file or directory)
03-03 15:02:54.913 E/android.os.Debug(21883): failed to load memtrack module: -2
03-03 15:02:54.943 D/AndroidRuntime(21883): Calling main entry com.android.commands.am.Am
03-03 15:02:55.003 W/ufoGralloc(  172): registerBuffer() handle 0xb83c9530/12 didn't require registration
03-03 15:02:55.003 I/ActivityManager(  506): START u0 {flg=0x10000000 cmp=org.xwalk.webapi_service_tests/.WebapiServiceTestsActivity} from pid 21883
03-03 15:02:55.003 D/AndroidRuntime(21883): Shutting down VM
03-03 15:02:55.013 D/dalvikvm(21883): GC_CONCURRENT freed 114K, 16% free 701K/832K, paused 0ms+0ms, total 1ms
03-03 15:02:55.013 D/dalvikvm(21883): Compiler shutdown in progress - discarding request
03-03 15:02:55.013 D/dalvikvm(21883): Compiler shutdown in progress - discarding request
03-03 15:02:55.013 D/dalvikvm(21883): Compiler shutdown in progress - discarding request
03-03 15:02:55.013 D/dalvikvm(21883): Compiler shutdown in progress - discarding request
03-03 15:02:55.013 D/dalvikvm(21883): Compiler shutdown in progress - discarding request
03-03 15:02:55.013 D/dalvikvm(21883): Compiler shutdown in progress - discarding request
03-03 15:02:55.013 D/dalvikvm(21883): Compiler shutdown in progress - discarding request
03-03 15:02:55.013 D/dalvikvm(21883): Compiler shutdown in progress - discarding request
03-03 15:02:55.013 D/dalvikvm(21883): Compiler shutdown in progress - discarding request
03-03 15:02:55.013 D/dalvikvm(21883): Compiler shutdown in progress - discarding request
03-03 15:02:55.013 D/dalvikvm(21883): Compiler shutdown in progress - discarding request
03-03 15:02:55.013 D/dalvikvm(21883): Compiler shutdown in progress - discarding request
03-03 15:02:55.013 D/dalvikvm(21883): Compiler shutdown in progress - discarding request
03-03 15:02:55.013 D/dalvikvm(21883): Compiler shutdown in progress - discarding request
03-03 15:02:55.013 D/dalvikvm(21883): Compiler shutdown in progress - discarding request
03-03 15:02:55.013 D/dalvikvm(21883): Compiler shutdown in progress - discarding request
03-03 15:02:55.013 D/dalvikvm(21883): Compiler shutdown in progress - discarding request
03-03 15:02:55.013 D/dalvikvm(21883): Compiler shutdown in progress - discarding request
03-03 15:02:55.013 D/dalvikvm(21883): Compiler shutdown in progress - discarding request
03-03 15:02:55.013 D/dalvikvm(21883): Compiler shutdown in progress - discarding request
03-03 15:02:55.013 D/dalvikvm(21883): Compiler shutdown in progress - discarding request
03-03 15:02:55.013 D/dalvikvm(21883): Compiler shutdown in progress - discarding request
03-03 15:02:55.013 D/dalvikvm(21883): Compiler shutdown in progress - discarding request
03-03 15:02:55.013 D/dalvikvm(21883): Compiler shutdown in progress - discarding request
03-03 15:02:55.013 D/dalvikvm(21883): Compiler shutdown in progress - discarding request
03-03 15:02:55.013 D/dalvikvm(21883): Compiler shutdown in progress - discarding request
03-03 15:02:55.013 D/dalvikvm(21883): Compiler shutdown in progress - discarding request
03-03 15:02:55.013 D/dalvikvm(21883): Compiler shutdown in progress - discarding request
03-03 15:02:55.013 D/dalvikvm(21883): Compiler shutdown in progress - discarding request
03-03 15:02:55.013 D/dalvikvm(21883): Compiler shutdown in progress - discarding request
03-03 15:02:55.013 D/dalvikvm(21883): Compiler shutdown in progress - discarding request
03-03 15:02:55.013 D/dalvikvm(21883): Compiler shutdown in progress - discarding request
03-03 15:02:55.013 D/dalvikvm(21883): Compiler shutdown in progress - discarding request
03-03 15:02:55.013 D/dalvikvm(21883): Compiler shutdown in progress - discarding request
03-03 15:02:55.013 D/dalvikvm(21883): Compiler shutdown in progress - discarding request
03-03 15:02:55.013 D/dalvikvm(21883): Compiler shutdown in progress - discarding request
03-03 15:02:55.013 D/dalvikvm(21883): Compiler shutdown in progress - discarding request
03-03 15:02:55.083 I/SecurityManagerService(  621): SMS received security event: App[START/org.xwalk.webapi_service_tests]
03-03 15:02:55.103 D/dalvikvm(21894): Process 21894 nice name: org.xwalk.webapi_service_tests
03-03 15:02:55.103 D/dalvikvm(21894): Extra Options: not specified
03-03 15:02:55.103 I/ActivityManager(  506): Start proc org.xwalk.webapi_service_tests for activity org.xwalk.webapi_service_tests/.WebapiServiceTestsActivity: pid=21894 uid=10373 gids={50373, 3003, 1028, 1015}
03-03 15:02:55.103 D/WindowManager(  506): adjustConfigurationLw, config:{1.0 ?mcc?mnc ?locale ?layoutDir sw600dp w600dp h888dp 213dpi lrg port ?uimode ?night finger -keyb/v/h -nav/v} mLidState:1 mHasDockFeature:false mHasKeyboardFeature:false mHasHallSensorFeature:true config.hardKeyboardHidden:2
03-03 15:02:55.103 I/ActivityManager(  506): [TopPkgCurBat]	NowPkgName[org.xwalk.webapi_service_tests]	Battery[79]	TimeTick[1425366175116]	OldPkgName[com.chrome.beta]
03-03 15:02:55.113 D/dalvikvm(21894): Trying to load lib /data/app-lib/org.xwalk.webapi_service_tests-1/libxwalkcore.so 0x43d83540
03-03 15:02:55.123 D/dalvikvm(21894): Added shared lib /data/app-lib/org.xwalk.webapi_service_tests-1/libxwalkcore.so 0x43d83540
03-03 15:02:55.133 I/LibraryLoader(21894): Time to load native libraries: 13 ms (timestamps 4368-4381)
03-03 15:02:55.133 I/LibraryLoader(21894): Expected native library version number "",actual native library version number ""
03-03 15:02:55.143 D/        (18931): Surface destroy: ANDROID_NATIVE_WINDOW_MAGIC
03-03 15:02:55.153 I/LibraryLoader(21894): Expected native library version number "",actual native library version number ""
03-03 15:02:55.153 I/chromium(21894): [INFO:library_loader_hooks.cc(112)] Chromium logging enabled: level = 0, default verbosity = 0
03-03 15:02:55.153 D/        (18870): Surface destroy: ANDROID_NATIVE_WINDOW_MAGIC
03-03 15:02:55.153 I/BrowserStartupController(21894): Initializing chromium process, singleProcess=true
03-03 15:02:55.233 W/AudioManagerAndroid(21894): Requires BLUETOOTH permission
03-03 15:02:55.263 I/ufoGralloc(21894): Hello, this is UFO GRALLOC/Intel Corporation
03-03 15:02:55.263 D/        (21894): Pixel Format : GGL_PIXEL_FORMAT_RGBA_8888
03-03 15:02:55.263 D/        (21894): droid_create_context : config id = 1 conf->NativeVisualID=1
03-03 15:02:55.263 D/        (21894): Pixel Format : GGL_PIXEL_FORMAT_RGBA_8888
03-03 15:02:55.263 I/        (21894): Requested context : GLES 2.0
03-03 15:02:55.283 W/chromium(21894): [WARNING:proxy_service.cc(899)] PAC support disabled because there is no system implementation
03-03 15:02:55.293 W/dalvikvm(21894): VFY: unable to find class referenced in signature (Landroid/view/inputmethod/CursorAnchorInfo;)
03-03 15:02:55.293 I/dalvikvm(21894): Could not find method android.view.inputmethod.InputMethodManager.updateCursorAnchorInfo, referenced from method org.chromium.content.browser.input.InputMethodManagerWrapper.updateCursorAnchorInfo
03-03 15:02:55.293 W/dalvikvm(21894): VFY: unable to resolve virtual method 1241: Landroid/view/inputmethod/InputMethodManager;.updateCursorAnchorInfo (Landroid/view/View;Landroid/view/inputmethod/CursorAnchorInfo;)V
03-03 15:02:55.293 D/dalvikvm(21894): VFY: replacing opcode 0x6e at 0x000a
03-03 15:02:55.343 E/cutils  (  164): Failed to mkdirat(/Removable/MicroSD): Read-only file system
03-03 15:02:55.343 W/ContextImpl(21894): Failed to ensure directory: /Removable/MicroSD/Android/data/org.xwalk.webapi_service_tests/cache
03-03 15:02:55.343 W/XWalkExtensionManager(21894): Failed to read extensions-config.json
03-03 15:02:55.343 I/dalvikvm(21894): Could not find method android.app.Activity.finishAndRemoveTask, referenced from method org.chromium.base.ApiCompatibilityUtils.finishAndRemoveTask
03-03 15:02:55.343 W/dalvikvm(21894): VFY: unable to resolve virtual method 4: Landroid/app/Activity;.finishAndRemoveTask ()V
03-03 15:02:55.343 D/dalvikvm(21894): VFY: replacing opcode 0x6e at 0x0006
03-03 15:02:55.343 I/dalvikvm(21894): Could not find method android.os.PowerManager.isInteractive, referenced from method org.chromium.base.ApiCompatibilityUtils.isInteractive
03-03 15:02:55.343 W/dalvikvm(21894): VFY: unable to resolve virtual method 768: Landroid/os/PowerManager;.isInteractive ()Z
03-03 15:02:55.343 D/dalvikvm(21894): VFY: replacing opcode 0x6e at 0x000e
03-03 15:02:55.343 I/dalvikvm(21894): Could not find method android.view.Window.getNavigationBarColor, referenced from method org.chromium.base.ApiCompatibilityUtils.setStatusBarColor
03-03 15:02:55.343 W/dalvikvm(21894): VFY: unable to resolve virtual method 1144: Landroid/view/Window;.getNavigationBarColor ()I
03-03 15:02:55.343 D/dalvikvm(21894): VFY: replacing opcode 0x6e at 0x0010
03-03 15:02:55.343 I/dalvikvm(21894): Could not find method android.view.Window.setStatusBarColor, referenced from method org.chromium.base.ApiCompatibilityUtils.setStatusBarColor
03-03 15:02:55.343 W/dalvikvm(21894): VFY: unable to resolve virtual method 1149: Landroid/view/Window;.setStatusBarColor (I)V
03-03 15:02:55.343 D/dalvikvm(21894): VFY: replacing opcode 0x6e at 0x0019
03-03 15:02:55.343 E/dalvikvm(21894): Could not find class 'android.app.ActivityManager$TaskDescription', referenced from method org.chromium.base.ApiCompatibilityUtils.setTaskDescription
03-03 15:02:55.343 W/dalvikvm(21894): VFY: unable to resolve new-instance 11 (Landroid/app/ActivityManager$TaskDescription;) in Lorg/chromium/base/ApiCompatibilityUtils;
03-03 15:02:55.343 E/chromium(21894): [ERROR:unix_domain_server_socket_posix.cc(106)] Not implemented reached in virtual int net::UnixDomainServerSocket::GetLocalAddress(net::IPEndPoint*) const
03-03 15:02:55.343 D/dalvikvm(21894): VFY: replacing opcode 0x22 at 0x0006
03-03 15:02:55.343 D/dalvikvm(21894): DexOpt: unable to opt direct call 0x001e at 0x08 in Lorg/chromium/base/ApiCompatibilityUtils;.setTaskDescription
03-03 15:02:55.343 I/chromium(21894): [INFO:xwalk_extension_renderer_controller.cc(47)] EXTENSION PROCESS DISABLED.
03-03 15:02:55.343 W/Vold    (  164): Returning OperationFailed - no handler for errno 30
03-03 15:02:55.393 D/        (21894): Pixel Format : GGL_PIXEL_FORMAT_RGBA_8888
03-03 15:02:55.393 D/        (21894): droid_create_context : config id = 1 conf->NativeVisualID=1
03-03 15:02:55.393 D/        (21894): Pixel Format : GGL_PIXEL_FORMAT_RGBA_8888
03-03 15:02:55.393 I/        (21894): Requested context : GLES 2.0
03-03 15:02:55.403 D/        (21894): droid_create_context : config id = 5 conf->NativeVisualID=1
03-03 15:02:55.403 D/        (21894): Pixel Format : GGL_PIXEL_FORMAT_RGBA_8888
03-03 15:02:55.403 I/        (21894): Requested context : GLES 2.0
03-03 15:02:55.413 D/        (21894): Pixel Format : GGL_PIXEL_FORMAT_RGBA_8888
03-03 15:02:55.413 D/OpenGLRenderer(21894): Enabling debug mode 0
03-03 15:02:55.563 W/IInputConnectionWrapper(18870): showStatusIcon on inactive InputConnection
03-03 15:02:55.563 W/BindingManager(21894): Cannot call determinedVisibility() - never saw a connection for the pid: 21894
03-03 15:02:55.563 D/XT9IME  (26399): new subtype :en_US ,keyboard
03-03 15:02:55.573 I/ActivityManager(  506): Displayed org.xwalk.webapi_service_tests/.WebapiServiceTestsActivity: +490ms
03-03 15:02:55.593 D/        (21894): Pixel Format : GGL_PIXEL_FORMAT_RGBA_8888
03-03 15:02:55.593 D/        (21894): droid_create_context : config id = 1 conf->NativeVisualID=1
03-03 15:02:55.593 D/        (21894): Pixel Format : GGL_PIXEL_FORMAT_RGBA_8888
03-03 15:02:55.593 I/        (21894): Requested context : GLES 2.0
03-03 15:02:55.603 D/        (21894): Swap interval set to = 1 value
03-03 15:02:55.613 D/BatteryStatsImpl(  506): noteStopWakeLocked system isFromForeground = false
03-03 15:02:55.783 D/        (21894): Pixel Format : GGL_PIXEL_FORMAT_RGBA_8888
03-03 15:02:55.783 D/        (21894): droid_create_context : config id = 1 conf->NativeVisualID=1
03-03 15:02:55.783 D/        (21894): Pixel Format : GGL_PIXEL_FORMAT_RGBA_8888
03-03 15:02:55.783 I/        (21894): Requested context : GLES 2.0
03-03 15:02:55.853 I/chromium(21894): [INFO:CONSOLE(0)] "Synchronous XMLHttpRequest on the main thread is deprecated because of its detrimental effects to the end user's experience. For more help, check http://xhr.spec.whatwg.org/.", source:  (0)
03-03 15:02:55.873 E/TabPersistentStore(18870): Failed to create state folder: /data/data/com.chrome.beta/app_tabs/0
03-03 15:02:55.883 E/TabPersistentStore(18870): Failed to create state folder: /data/data/com.chrome.beta/app_tabs/0
03-03 15:02:58.053 W/BindingManager(21894): Cannot call determinedVisibility() - never saw a connection for the pid: 21894
03-03 15:02:58.053 W/BindingManager(21894): Cannot call determinedVisibility() - never saw a connection for the pid: 21894
03-03 15:02:58.053 W/BindingManager(21894): Cannot call determinedVisibility() - never saw a connection for the pid: 21894
03-03 15:02:58.113 W/BindingManager(21894): Cannot call determinedVisibility() - never saw a connection for the pid: 21894
03-03 15:02:58.723 W/BindingManager(21894): Cannot call determinedVisibility() - never saw a connection for the pid: 21894
03-03 15:02:59.483 W/BindingManager(21894): Cannot call determinedVisibility() - never saw a connection for the pid: 21894
03-03 15:02:59.563 W/BindingManager(21894): Cannot call determinedVisibility() - never saw a connection for the pid: 21894
03-03 15:02:59.593 W/BindingManager(21894): Cannot call determinedVisibility() - never saw a connection for the pid: 21894
03-03 15:02:59.623 W/BindingManager(21894): Cannot call determinedVisibility() - never saw a connection for the pid: 21894
03-03 15:02:59.673 W/BindingManager(21894): Cannot call determinedVisibility() - never saw a connection for the pid: 21894
03-03 15:02:59.993 D/Clock   (  570): ACTION_TIME_TICK
03-03 15:03:00.003 D/Clock   (  570): update clock:下午3:03
03-03 15:03:00.023 D/BatteryStatsImpl(  506): noteStopWakeLocked system isFromForeground = false
03-03 15:03:00.213 W/BindingManager(21894): Cannot call determinedVisibility() - never saw a connection for the pid: 21894
03-03 15:03:00.273 W/BindingManager(21894): Cannot call determinedVisibility() - never saw a connection for the pid: 21894
03-03 15:03:00.313 W/BindingManager(21894): Cannot call determinedVisibility() - never saw a connection for the pid: 21894
03-03 15:03:00.633 D/EVENT_THREAD(  187): void CEventThread::run() POLLIN event on Fd (1)
03-03 15:03:00.633 D/EVENT_THREAD(  187): void CEventThread::run() Do poll with timeout: -1
03-03 15:03:00.633 I/upi_ug31xx(  167): (12899) update_capacity
03-03 15:03:00.633 I/[UPI]   (  167): <UG31/E>[UpiReadCapacity]: V=4074(4070), T=307(308-362), I=-169, C=-4(0--4)
03-03 15:03:00.633 I/[UPI]   (  167): <UG31/E>[UpiReadCapacity]: (0x00002529) 2838 (2737) / 3602 (3602) = 79
03-03 15:03:00.633 I/[UPI]   (  167): <UG31/E>[UpiReadCapacity]: (0x00002529) 2838 (2737) / 3602 (3602) = 79
03-03 15:03:00.633 I/[UPI]   (  167): <UG31/E>[UpiReadCapacity]: (0x00002509) 2838 (2838) / 3602 (3602) = 79
03-03 15:03:00.633 I/[UPI]   (  167): <UG31/E>[RsocFilterCountTime]: (0x00002509) Step=2(120113), Full=2(120113), Lock=120113(1800000)
03-03 15:03:00.633 I/[UPI]   (  167): <UG31/E>[UpiReadCapacity]: (0x00002509) 2838 (2838) / 3602 (3602) = 79 (-169--169)
03-03 15:03:00.633 I/[UPI]   (  167): <UG31/E><BATT> M:normal, P:79(79-79)%, V:4065mV, C:-505mA, T:30.8C(362), S:0x00002509(001), R:2838mAh, F:3602mAh, Q:2418mAh, CC:4, P:30.330(918--4)s, BO:7, 97:615:0-44af-9m:B001-20140514-144301 (16)
03-03 15:03:00.633 D/EVENT_THREAD(  187): void CEventThread::run() POLLIN event on Fd (1)
03-03 15:03:00.633 D/EVENT_THREAD(  187): void CEventThread::run() Do poll with timeout: -1
03-03 15:03:00.693 I/upi_ug31xx(  167): (12900) backup_data 
03-03 15:03:00.693 V/upi_ug31xx(  167): state->check_backup_count = 2
03-03 15:03:00.893 D/EVENT_THREAD(  187): void CEventThread::run() POLLIN event on Fd (1)
03-03 15:03:00.893 D/EVENT_THREAD(  187): void CEventThread::run() Do poll with timeout: -1
03-03 15:03:00.943 W/BindingManager(21894): Cannot call determinedVisibility() - never saw a connection for the pid: 21894
03-03 15:03:00.983 W/BindingManager(21894): Cannot call determinedVisibility() - never saw a connection for the pid: 21894
03-03 15:03:01.133 D/EVENT_THREAD(  187): void CEventThread::run() POLLIN event on Fd (1)
03-03 15:03:01.133 D/EVENT_THREAD(  187): void CEventThread::run() Do poll with timeout: -1
03-03 15:03:01.143 D/EVENT_THREAD(  187): void CEventThread::run() POLLIN event on Fd (1)
03-03 15:03:01.143 D/EVENT_THREAD(  187): void CEventThread::run() Do poll with timeout: -1
03-03 15:03:01.453 I/upi_ug31xx(  167): (12901) update_capacity
03-03 15:03:01.453 I/[UPI]   (  167): <UG31/E>[UpiReadCapacity]: V=4064(4044), T=307(309-362), I=-407, C=0(0--4)
03-03 15:03:01.453 I/[UPI]   (  167): <UG31/E>[UpiReadCapacity]: (0x0000254a) 2838 (2773) / 3602 (3602) = 79
03-03 15:03:01.453 I/[UPI]   (  167): <UG31/E>[UpiReadCapacity]: (0x0000254a) 2838 (2773) / 3602 (3602) = 79
03-03 15:03:01.453 I/[UPI]   (  167): <UG31/E>[UpiReadCapacity]: (0x0000254a) 2838 (2838) / 3602 (3602) = 79
03-03 15:03:01.453 I/[UPI]   (  167): <UG31/E>[RsocFilterCountTime]: (0x0000254a) Step=2(120623), Full=2(120623), Lock=120623(1800000)
03-03 15:03:01.453 I/[UPI]   (  167): <UG31/E>[UpiReadCapacity]: (0x0000254a) 2838 (2838) / 3602 (3602) = 79 (-407--407)
03-03 15:03:01.453 I/[UPI]   (  167): <UG31/E><BATT> M:normal, P:79(79-79)%, V:4038mV, C:-339mA, T:30.9C(362), S:0x0000254a(000), R:2838mAh, F:3602mAh, Q:2418mAh, CC:4, P:0.510(918--4)s, BO:7, 97:615:0-44af-9m:B001-20140514-144301 (16)
03-03 15:03:01.453 I/upi_ug31xx(  167): (12902) backup_data 
03-03 15:03:01.453 V/upi_ug31xx(  167): state->check_backup_count = 3
03-03 15:03:01.463 D/EVENT_THREAD(  187): void CEventThread::run() POLLIN event on Fd (1)
03-03 15:03:01.463 D/EVENT_THREAD(  187): void CEventThread::run() Do poll with timeout: -1
03-03 15:03:01.693 W/BindingManager(21894): Cannot call determinedVisibility() - never saw a connection for the pid: 21894
03-03 15:03:02.423 D/BatteryStatsImpl(  506): noteStopWakeLocked system isFromForeground = false
03-03 15:03:02.453 W/BindingManager(21894): Cannot call determinedVisibility() - never saw a connection for the pid: 21894
03-03 15:03:02.973 W/BindingManager(21894): Cannot call determinedVisibility() - never saw a connection for the pid: 21894
03-03 15:03:04.073 W/BindingManager(21894): Cannot call determinedVisibility() - never saw a connection for the pid: 21894
03-03 15:03:05.173 W/BindingManager(21894): Cannot call determinedVisibility() - never saw a connection for the pid: 21894
03-03 15:03:05.843 W/BindingManager(21894): Cannot call determinedVisibility() - never saw a connection for the pid: 21894
03-03 15:03:06.523 W/BindingManager(21894): Cannot call determinedVisibility() - never saw a connection for the pid: 21894
03-03 15:03:07.223 W/BindingManager(21894): Cannot call determinedVisibility() - never saw a connection for the pid: 21894
03-03 15:03:09.553 W/BindingManager(21894): Cannot call determinedVisibility() - never saw a connection for the pid: 21894
03-03 15:03:10.673 W/BindingManager(21894): Cannot call determinedVisibility() - never saw a connection for the pid: 21894
03-03 15:03:10.783 D/wpa_supplicant(  659): wlan0: Starting AP scan for wildcard SSID
03-03 15:03:10.783 D/wpa_supplicant(  659): WPS: Building WPS IE for Probe Request
03-03 15:03:10.783 D/wpa_supplicant(  659): WPS:  * Version (hardcoded 0x10)
03-03 15:03:10.783 D/wpa_supplicant(  659): WPS:  * Request Type
03-03 15:03:10.783 D/wpa_supplicant(  659): WPS:  * Config Methods (4288)
03-03 15:03:10.783 D/wpa_supplicant(  659): WPS:  * UUID-E
03-03 15:03:10.783 D/wpa_supplicant(  659): WPS:  * Primary Device Type
03-03 15:03:10.783 D/wpa_supplicant(  659): WPS:  * RF Bands (1)
03-03 15:03:10.783 D/wpa_supplicant(  659): WPS:  * Association State
03-03 15:03:10.783 D/wpa_supplicant(  659): WPS:  * Configuration Error (0)
03-03 15:03:10.783 D/wpa_supplicant(  659): WPS:  * Device Password ID (0)
03-03 15:03:10.783 D/wpa_supplicant(  659): WPS:  * Manufacturer
03-03 15:03:10.783 D/wpa_supplicant(  659): WPS:  * Model Name
03-03 15:03:10.783 D/wpa_supplicant(  659): WPS:  * Model Number
03-03 15:03:10.783 D/wpa_supplicant(  659): WPS:  * Device Name
03-03 15:03:10.783 D/wpa_supplicant(  659): WPS:  * Version2 (0x20)
03-03 15:03:10.783 D/wpa_supplicant(  659): P2P: * P2P IE header
03-03 15:03:10.783 D/wpa_supplicant(  659): P2P: * Capability dev=25 group=00
03-03 15:03:10.783 D/wpa_supplicant(  659): P2P: * Listen Channel: Regulatory Class 81 Channel 11
03-03 15:03:10.783 D/wpa_supplicant(  659): wlan0: nl80211: scan request
03-03 15:03:10.883 D/wpa_supplicant(  659): Scan requested (ret=0) - scan timeout 30 seconds
03-03 15:03:10.883 D/wpa_supplicant(  659): nl80211: Drv Event 33 (NL80211_CMD_TRIGGER_SCAN) received for wlan0
03-03 15:03:10.883 D/wpa_supplicant(  659): wlan0: nl80211: Scan trigger
03-03 15:03:11.993 D/wpa_supplicant(  659): nl80211: Drv Event 34 (NL80211_CMD_NEW_SCAN_RESULTS) received for wlan0
03-03 15:03:11.993 D/wpa_supplicant(  659): wlan0: nl80211: New scan results available
03-03 15:03:11.993 D/wpa_supplicant(  659): wlan0: Event SCAN_RESULTS (3) received
03-03 15:03:11.993 D/wpa_supplicant(  659): nl80211: Received scan results (25 BSSes)
03-03 15:03:11.993 D/wpa_supplicant(  659): nl80211: Survey data missing
03-03 15:03:11.993 D/wpa_supplicant(  659): wlan0: BSS: Start scan result update 1525
03-03 15:03:11.993 D/wpa_supplicant(  659): wlan0: BSS: Add new id 3309 BSSID b0:48:7a:51:ff:cc SSID 'Neusoft TP'
03-03 15:03:11.993 D/wpa_supplicant(  659): CTRL_IFACE monitor send - hexdump(len=39): 2f 64 61 74 61 2f 6d 69 73 63 2f 77 69 66 69 2f 73 6f 63 6b 65 74 73 2f 77 70 61 5f 63 74 72 6c ...
03-03 15:03:11.993 D/wpa_supplicant(  659): wlan0: BSS: Add new id 3310 BSSID e4:d3:32:c0:cf:a4 SSID 'fast'
03-03 15:03:11.993 D/wpa_supplicant(  659): CTRL_IFACE monitor send - hexdump(len=39): 2f 64 61 74 61 2f 6d 69 73 63 2f 77 69 66 69 2f 73 6f 63 6b 65 74 73 2f 77 70 61 5f 63 74 72 6c ...
03-03 15:03:11.993 D/wpa_supplicant(  659): wlan0: BSS: Add new id 3311 BSSID 14:d6:4d:28:ef:c8 SSID 'dlink'
03-03 15:03:11.993 D/wpa_supplicant(  659): CTRL_IFACE monitor send - hexdump(len=39): 2f 64 61 74 61 2f 6d 69 73 63 2f 77 69 66 69 2f 73 6f 63 6b 65 74 73 2f 77 70 61 5f 63 74 72 6c ...
03-03 15:03:11.993 D/wpa_supplicant(  659): wlan0: BSS: Add new id 3312 BSSID 22:48:9a:ac:31:5b SSID 'dean1'
03-03 15:03:11.993 D/wpa_supplicant(  659): CTRL_IFACE monitor send - hexdump(len=39): 2f 64 61 74 61 2f 6d 69 73 63 2f 77 69 66 69 2f 73 6f 63 6b 65 74 73 2f 77 70 61 5f 63 74 72 6c ...
03-03 15:03:11.993 D/wpa_supplicant(  659): wlan0: BSS: Add new id 3313 BSSID 7e:7a:91:dc:83:0e SSID 'Donny'
03-03 15:03:11.993 D/wpa_supplicant(  659): CTRL_IFACE monitor send - hexdump(len=39): 2f 64 61 74 61 2f 6d 69 73 63 2f 77 69 66 69 2f 73 6f 63 6b 65 74 73 2f 77 70 61 5f 63 74 72 6c ...
03-03 15:03:11.993 D/wpa_supplicant(  659): wlan0: BSS: Add new id 3314 BSSID c0:a0:bb:20:3b:84 SSID 'dlink-3B84'
03-03 15:03:11.993 D/wpa_supplicant(  659): CTRL_IFACE monitor send - hexdump(len=39): 2f 64 61 74 61 2f 6d 69 73 63 2f 77 69 66 69 2f 73 6f 63 6b 65 74 73 2f 77 70 61 5f 63 74 72 6c ...
03-03 15:03:11.993 D/wpa_supplicant(  659): wlan0: BSS: Add new id 3315 BSSID e4:d3:32:db:f6:03 SSID 'adddda'
03-03 15:03:11.993 D/wpa_supplicant(  659): CTRL_IFACE monitor send - hexdump(len=39): 2f 64 61 74 61 2f 6d 69 73 63 2f 77 69 66 69 2f 73 6f 63 6b 65 74 73 2f 77 70 61 5f 63 74 72 6c ...
03-03 15:03:11.993 D/wpa_supplicant(  659): wlan0: BSS: Add new id 3316 BSSID 2c:b0:5d:7f:f4:24 SSID 'NETGEAR38'
03-03 15:03:11.993 D/wpa_supplicant(  659): CTRL_IFACE monitor send - hexdump(len=39): 2f 64 61 74 61 2f 6d 69 73 63 2f 77 69 66 69 2f 73 6f 63 6b 65 74 73 2f 77 70 61 5f 63 74 72 6c ...
03-03 15:03:11.993 D/wpa_supplicant(  659): wlan0: BSS: Add new id 3317 BSSID be:ee:7b:d4:a5:df SSID 'DIRECT-'
03-03 15:03:11.993 D/wpa_supplicant(  659): CTRL_IFACE monitor send - hexdump(len=39): 2f 64 61 74 61 2f 6d 69 73 63 2f 77 69 66 69 2f 73 6f 63 6b 65 74 73 2f 77 70 61 5f 63 74 72 6c ...
03-03 15:03:11.993 D/wpa_supplicant(  659): wlan0: BSS: Add new id 3318 BSSID 00:25:86:5c:5e:30 SSID 'internet'
03-03 15:03:11.993 D/wpa_supplicant(  659): CTRL_IFACE monitor send - hexdump(len=39): 2f 64 61 74 61 2f 6d 69 73 63 2f 77 69 66 69 2f 73 6f 63 6b 65 74 73 2f 77 70 61 5f 63 74 72 6c ...
03-03 15:03:11.993 D/wpa_supplicant(  659): BSS: last_scan_res_used=24/32 last_scan_full=0
03-03 15:03:11.993 D/wpa_supplicant(  659): wlan0: New scan results available
03-03 15:03:11.993 D/wpa_supplicant(  659): CTRL_IFACE monitor send - hexdump(len=39): 2f 64 61 74 61 2f 6d 69 73 63 2f 77 69 66 69 2f 73 6f 63 6b 65 74 73 2f 77 70 61 5f 63 74 72 6c ...
03-03 15:03:11.993 D/wpa_supplicant(  659): CTRL_IFACE monitor send - hexdump(len=39): 2f 64 61 74 61 2f 6d 69 73 63 2f 77 69 66 69 2f 73 6f 63 6b 65 74 73 2f 77 70 61 5f 63 74 72 6c ...
03-03 15:03:11.993 D/wpa_supplicant(  659): Authorize channel 1
03-03 15:03:11.993 D/wpa_supplicant(  659): Authorize channel 2
03-03 15:03:11.993 D/wpa_supplicant(  659): Authorize channel 3
03-03 15:03:11.993 D/wpa_supplicant(  659): Authorize channel 4
03-03 15:03:11.993 D/wpa_supplicant(  659): Authorize channel 5
03-03 15:03:11.993 D/wpa_supplicant(  659): Authorize channel 6
03-03 15:03:11.993 D/wpa_supplicant(  659): Authorize channel 7
03-03 15:03:11.993 D/wpa_supplicant(  659): Authorize channel 8
03-03 15:03:11.993 D/wpa_supplicant(  659): Authorize channel 9
03-03 15:03:11.993 D/wpa_supplicant(  659): Authorize channel 10
03-03 15:03:11.993 D/wpa_supplicant(  659): Authorize channel 11
03-03 15:03:11.993 D/wpa_supplicant(  659): Authorize channel 12
03-03 15:03:11.993 D/wpa_supplicant(  659): Authorize channel 13
03-03 15:03:11.993 D/wpa_supplicant(  659): Authorize channel 1
03-03 15:03:11.993 D/wpa_supplicant(  659): Authorize channel 2
03-03 15:03:11.993 D/wpa_supplicant(  659): Authorize channel 3
03-03 15:03:11.993 D/wpa_supplicant(  659): Authorize channel 4
03-03 15:03:11.993 D/wpa_supplicant(  659): Authorize channel 5
03-03 15:03:11.993 D/wpa_supplicant(  659): Authorize channel 6
03-03 15:03:11.993 D/wpa_supplicant(  659): Authorize channel 7
03-03 15:03:11.993 D/wpa_supplicant(  659): Authorize channel 8
03-03 15:03:11.993 D/wpa_supplicant(  659): Authorize channel 9
03-03 15:03:11.993 D/wpa_supplicant(  659): Authorize channel 10
03-03 15:03:11.993 D/wpa_supplicant(  659): Authorize channel 11
03-03 15:03:11.993 D/wpa_supplicant(  659): Authorize channel 12
03-03 15:03:11.993 D/wpa_supplicant(  659): Authorize channel 13
03-03 15:03:11.993 D/wpa_supplicant(  659): Add access point on channel 6
03-03 15:03:11.993 D/wpa_supplicant(  659): Add access point on channel 6
03-03 15:03:11.993 D/wpa_supplicant(  659): Add access point on channel 1
03-03 15:03:11.993 D/wpa_supplicant(  659): Add access point on channel 7
03-03 15:03:11.993 D/wpa_supplicant(  659): Add access point on channel 11
03-03 15:03:11.993 D/wpa_supplicant(  659): Add access point on channel 6
03-03 15:03:11.993 D/wpa_supplicant(  659): Add access point on channel 13
03-03 15:03:11.993 D/wpa_supplicant(  659): Add access point on channel 1
03-03 15:03:11.993 D/wpa_supplicant(  659): Add access point on channel 11
03-03 15:03:11.993 D/wpa_supplicant(  659): Add access point on channel 8
03-03 15:03:11.993 D/wpa_supplicant(  659): Add access point on channel 11
03-03 15:03:11.993 D/wpa_supplicant(  659): Add access point on channel 1
03-03 15:03:11.993 D/wpa_supplicant(  659): Add access point on channel 11
03-03 15:03:11.993 D/wpa_supplicant(  659): Add access point on channel 1
03-03 15:03:11.993 D/wpa_supplicant(  659): Add access point on channel 11
03-03 15:03:11.993 D/wpa_supplicant(  659): Add access point on channel 6
03-03 15:03:11.993 D/wpa_supplicant(  659): Add access point on channel 6
03-03 15:03:11.993 D/wpa_supplicant(  659): Add access point on channel 9
03-03 15:03:11.993 D/wpa_supplicant(  659): Add access point on channel 6
03-03 15:03:11.993 D/wpa_supplicant(  659): Add access point on channel 6
03-03 15:03:11.993 D/wpa_supplicant(  659): Add access point on channel 6
03-03 15:03:11.993 D/wpa_supplicant(  659): Add access point on channel 6
03-03 15:03:11.993 D/wpa_supplicant(  659): Add access point on channel 2
03-03 15:03:11.993 D/wpa_supplicant(  659): Add access point on channel 8
03-03 15:03:11.993 D/wpa_supplicant(  659): Add access point on channel 1
03-03 15:03:11.993 D/wpa_supplicant(  659): Add access point on channel 1
03-03 15:03:11.993 D/wpa_supplicant(  659): Add access point on channel 6
03-03 15:03:11.993 D/wpa_supplicant(  659): Best Operating channel is = 11
03-03 15:03:11.993 D/wpa_supplicant(  659): WPS: AP[0] 28:2c:b2:44:e4:00 type=0 tries=0 last_attempt=-1 sec ago blacklist=0
03-03 15:03:11.993 D/wpa_supplicant(  659): WPS: AP[1] 14:e6:e4:b8:85:76 type=0 tries=0 last_attempt=-1 sec ago blacklist=0
03-03 15:03:11.993 D/wpa_supplicant(  659): WPS: AP[2] 78:a1:06:55:fe:30 type=0 tries=0 last_attempt=-1 sec ago blacklist=0
03-03 15:03:11.993 D/wpa_supplicant(  659): WPS: AP[3] a8:15:4d:13:9a:08 type=0 tries=0 last_attempt=-1 sec ago blacklist=0
03-03 15:03:11.993 D/wpa_supplicant(  659): WPS: AP[4] 78:54:2e:f5:fb:9e type=0 tries=0 last_attempt=-1 sec ago blacklist=0
03-03 15:03:11.993 D/wpa_supplicant(  659): WPS: AP[5] 20:dc:e6:3f:eb:f2 type=0 tries=0 last_attempt=-1 sec ago blacklist=0
03-03 15:03:11.993 D/wpa_supplicant(  659): WPS: AP[6] 64:09:80:1e:91:78 type=0 tries=0 last_attempt=-1 sec ago blacklist=0
03-03 15:03:11.993 D/wpa_supplicant(  659): WPS: AP[7] ec:88:8f:6a:0c:a8 type=0 tries=0 last_attempt=-1 sec ago blacklist=0
03-03 15:03:11.993 D/wpa_supplicant(  659): WPS: AP[8] d0:15:4a:15:5d:1a type=0 tries=0 last_attempt=-1 sec ago blacklist=0
03-03 15:03:11.993 D/wpa_supplicant(  659): WPS: AP[9] 1c:fa:68:11:5a:b6 type=0 tries=0 last_attempt=-1 sec ago blacklist=0
03-03 15:03:11.993 D/wpa_supplicant(  659): WPS: AP[10] 8c:be:be:26:4b:8b type=0 tries=0 last_attempt=-1 sec ago blacklist=0
03-03 15:03:11.993 D/wpa_supplicant(  659): WPS: AP[11] 64:09:80:15:31:84 type=0 tries=0 last_attempt=-1 sec ago blacklist=0
03-03 15:03:11.993 D/wpa_supplicant(  659): WPS: AP[12] bc:d1:77:f3:0b:28 type=0 tries=0 last_attempt=-1 sec ago blacklist=0
03-03 15:03:11.993 D/wpa_supplicant(  659): WPS: AP[13] c0:61:18:4e:07:fc type=0 tries=0 last_attempt=-1 sec ago blacklist=0
03-03 15:03:11.993 D/wpa_supplicant(  659): WPS: AP[14] f4:ec:38:6d:cf:d6 type=0 tries=0 last_attempt=-1 sec ago blacklist=0
03-03 15:03:11.993 D/wpa_supplicant(  659): WPS: AP[15] e4:d3:32:0a:fb:34 type=0 tries=0 last_attempt=-1 sec ago blacklist=0
03-03 15:03:11.993 D/wpa_supplicant(  659): WPS: AP[16] 8c:be:be:28:2d:f8 type=0 tries=0 last_attempt=-1 sec ago blacklist=0
03-03 15:03:11.993 D/wpa_supplicant(  659): WPS: AP[17] d8:15:0d:c4:57:de type=0 tries=0 last_attempt=-1 sec ago blacklist=0
03-03 15:03:11.993 D/wpa_supplicant(  659): WPS: AP[18] 40:16:9f:9b:64:fa type=0 tries=0 last_attempt=-1 sec ago blacklist=0
03-03 15:03:11.993 D/wpa_supplicant(  659): WPS: AP[19] ec:1a:59:0b:f4:8c type=0 tries=0 last_attempt=-1 sec ago blacklist=0
03-03 15:03:11.993 D/wpa_supplicant(  659): WPS: AP[20] 10:c3:7b:d2:e5:e0 type=0 tries=0 last_attempt=-1 sec ago blacklist=0
03-03 15:03:11.993 D/wpa_supplicant(  659): WPS: AP[21] 44:94:fc:3d:da:38 type=0 tries=0 last_attempt=-1 sec ago blacklist=0
03-03 15:03:11.993 D/wpa_supplicant(  659): WPS: AP[22] f8:d1:11:e7:99:e8 type=0 tries=0 last_attempt=-1 sec ago blacklist=0
03-03 15:03:11.993 D/wpa_supplicant(  659): WPS: AP[23] cc:34:29:2b:26:4c type=0 tries=0 last_attempt=-1 sec ago blacklist=0
03-03 15:03:11.993 D/wpa_supplicant(  659): WPS: AP[24] cc:34:29:2c:fb:ec type=0 tries=0 last_attempt=-1 sec ago blacklist=0
03-03 15:03:11.993 D/wpa_supplicant(  659): WPS: AP[25] 98:fc:11:81:35:fb type=0 tries=0 last_attempt=-1 sec ago blacklist=0
03-03 15:03:11.993 D/wpa_supplicant(  659): WPS: AP[26] c0:c1:c0:76:81:3c type=0 tries=0 last_attempt=-1 sec ago blacklist=0
03-03 15:03:11.993 D/wpa_supplicant(  659): WPS: AP[27] 10:9f:a9:dc:b1:fc type=0 tries=0 last_attempt=-1 sec ago blacklist=0
03-03 15:03:11.993 D/wpa_supplicant(  659): WPS: AP[28] b0:48:7a:51:ff:cc type=0 tries=0 last_attempt=-1 sec ago blacklist=0
03-03 15:03:11.993 D/wpa_supplicant(  659): WPS: AP[29] e4:d3:32:36:2e:54 type=0 tries=0 last_attempt=-1 sec ago blacklist=0
03-03 15:03:11.993 D/wpa_supplicant(  659): WPS: AP[30] 14:d6:4d:28:ef:c8 type=0 tries=0 last_attempt=-1 sec ago blacklist=0
03-03 15:03:11.993 D/wpa_supplicant(  659): WPS: AP[31] c0:a0:bb:20:3b:84 type=0 tries=0 last_attempt=-1 sec ago blacklist=0
03-03 15:03:11.993 D/wpa_supplicant(  659): WPS: AP[32] 2c:b0:5d:7f:f4:24 type=0 tries=0 last_attempt=-1 sec ago blacklist=0
03-03 15:03:11.993 D/wpa_supplicant(  659): WPS: AP[33] 9c:21:6a:0d:eb:72 type=0 tries=0 last_attempt=-1 sec ago blacklist=0
03-03 15:03:11.993 D/wpa_supplicant(  659): WPS: AP[34] 66:09:80:d9:a2:5d type=0 tries=0 last_attempt=-1 sec ago blacklist=0
03-03 15:03:11.993 D/wpa_supplicant(  659): WPS: AP[35] 7a:ff:57:00:13:8e type=0 tries=0 last_attempt=-1 sec ago blacklist=0
03-03 15:03:11.993 D/wpa_supplicant(  659): WPS: AP[36] 7a:ff:57:00:14:32 type=0 tries=0 last_attempt=-1 sec ago blacklist=0
03-03 15:03:11.993 D/wpa_supplicant(  659): WPS: AP[37] 02:13:20:ff:b6:3c type=0 tries=0 last_attempt=-1 sec ago blacklist=0
03-03 15:03:11.993 D/wpa_supplicant(  659): WPS: AP[38] 02:1e:67:80:2b:36 type=0 tries=0 last_attempt=-1 sec ago blacklist=0
03-03 15:03:11.993 D/wpa_supplicant(  659): WPS: AP[39] 02:09:4c:4f:4c:0a type=0 tries=0 last_attempt=-1 sec ago blacklist=0
03-03 15:03:11.993 D/wpa_supplicant(  659): wlan0: Selecting BSS from priority group 20
03-03 15:03:11.993 D/wpa_supplicant(  659): wlan0: 0: c8:d7:19:60:62:f2 ssid='E3000-2.4G' wpa_ie_len=0 rsn_ie_len=20 caps=0x411 level=-48
03-03 15:03:11.993 D/wpa_supplicant(  659): wlan0:    skip - SSID mismatch
03-03 15:03:11.993 D/wpa_supplicant(  659): wlan0: 1: f8:d1:11:e7:99:e8 ssid='videotest' wpa_ie_len=22 rsn_ie_len=20 caps=0x531 level=-51 wps
03-03 15:03:11.993 D/wpa_supplicant(  659): wlan0:    skip - SSID mismatch
03-03 15:03:11.993 D/wpa_supplicant(  659): wlan0: 2: 90:94:e4:03:45:f5 ssid='DAP-2553_D' wpa_ie_len=0 rsn_ie_len=24 caps=0x431 level=-57
03-03 15:03:11.993 D/wpa_supplicant(  659): wlan0:    skip - SSID mismatch
03-03 15:03:11.993 D/wpa_supplicant(  659): wlan0: 3: 98:fc:11:81:35:fb ssid='E2000EE' wpa_ie_len=0 rsn_ie_len=20 caps=0x411 level=-59 wps
03-03 15:03:11.993 D/wpa_supplicant(  659): wlan0:    skip - SSID mismatch
03-03 15:03:11.993 D/wpa_supplicant(  659): wlan0: 4: 10:c3:7b:d2:e5:e0 ssid='ASUS_RT-AC66U-2.4G' wpa_ie_len=0 rsn_ie_len=20 caps=0x411 level=-59 wps
03-03 15:03:11.993 D/wpa_supplicant(  659): wlan0:    skip - SSID mismatch
03-03 15:03:11.993 D/wpa_supplicant(  659): wlan0: 5: e4:d3:32:36:2e:54 ssid='otc' wpa_ie_len=26 rsn_ie_len=24 caps=0x411 level=-66 wps
03-03 15:03:11.993 D/wpa_supplicant(  659): wlan0:    skip - SSID mismatch
03-03 15:03:11.993 D/wpa_supplicant(  659): wlan0: 6: 02:1a:11:f3:82:d3 ssid='io1' wpa_ie_len=0 rsn_ie_len=20 caps=0x431 level=-66
03-03 15:03:11.993 D/wpa_supplicant(  659): wlan0:    skip - SSID mismatch
03-03 15:03:11.993 D/wpa_supplicant(  659): wlan0: 7: cc:34:29:2c:fb:ec ssid='linksys' wpa_ie_len=22 rsn_ie_len=20 caps=0x431 level=-67 wps
03-03 15:03:11.993 D/wpa_supplicant(  659): wlan0:    skip - SSID mismatch
03-03 15:03:11.993 D/wpa_supplicant(  659): wlan0: 8: b0:48:7a:51:ff:cc ssid='Neusoft TP' wpa_ie_len=22 rsn_ie_len=20 caps=0x431 level=-67 wps
03-03 15:03:11.993 D/wpa_supplicant(  659): wlan0:    skip - SSID mismatch
03-03 15:03:11.993 D/wpa_supplicant(  659): wlan0: 9: cc:34:29:2b:26:4c ssid='cws-test' wpa_ie_len=0 rsn_ie_len=20 caps=0x431 level=-68 wps
03-03 15:03:11.993 D/wpa_supplicant(  659): wlan0:    skip - SSID mismatch
03-03 15:03:11.993 D/wpa_supplicant(  659): wlan0: 10: e4:d3:32:c0:cf:a4 ssid='fast' wpa_ie_len=0 rsn_ie_len=20 caps=0x411 level=-69
03-03 15:03:11.993 D/wpa_supplicant(  659): wlan0:    skip - SSID mismatch
03-03 15:03:11.993 D/wpa_supplicant(  659): wlan0: 11: 14:d6:4d:28:ef:c8 ssid='dlink' wpa_ie_len=0 rsn_ie_len=20 caps=0x431 level=-72 wps
03-03 15:03:11.993 D/wpa_supplicant(  659): wlan0:    skip - SSID mismatch
03-03 15:03:11.993 D/wpa_supplicant(  659): wlan0: 12: 22:48:9a:ac:31:5b ssid='dean1' wpa_ie_len=0 rsn_ie_len=20 caps=0x431 level=-74
03-03 15:03:11.993 D/wpa_supplicant(  659): wlan0:    skip - SSID mismatch
03-03 15:03:11.993 D/wpa_supplicant(  659): wlan0: 13: 7e:7a:91:dc:83:0e ssid='Donny' wpa_ie_len=0 rsn_ie_len=20 caps=0x8531 level=-74
03-03 15:03:11.993 D/wpa_supplicant(  659): wlan0:    skip - SSID mismatch
03-03 15:03:11.993 D/wpa_supplicant(  659): wlan0: 14: 00:0f:e2:0f:9f:c1 ssid='321_WAN' wpa_ie_len=28 rsn_ie_len=24 caps=0x411 level=-75
03-03 15:03:11.993 D/wpa_supplicant(  659): wlan0:    skip - SSID mismatch
03-03 15:03:11.993 D/wpa_supplicant(  659): wlan0: 15: c0:a0:bb:20:3b:84 ssid='dlink-3B84' wpa_ie_len=26 rsn_ie_len=24 caps=0x411 level=-77 wps
03-03 15:03:11.993 D/wpa_supplicant(  659): wlan0:    skip - SSID mismatch
03-03 15:03:11.993 D/wpa_supplicant(  659): wlan0: 16: e4:d3:32:db:f6:03 ssid='adddda' wpa_ie_len=0 rsn_ie_len=20 caps=0x31 level=-75
03-03 15:03:11.993 D/wpa_supplicant(  659): wlan0:    skip - SSID mismatch
03-03 15:03:11.993 D/wpa_supplicant(  659): wlan0: 17: 2c:b0:5d:7f:f4:24 ssid='NETGEAR38' wpa_ie_len=0 rsn_ie_len=20 caps=0x31 level=-85 wps
03-03 15:03:11.993 D/wpa_supplicant(  659): wlan0:    skip - SSID mismatch
03-03 15:03:11.993 D/wpa_supplicant(  659): wlan0: 18: 44:94:fc:3d:da:38 ssid='6300' wpa_ie_len=0 rsn_ie_len=0 caps=0x411 level=-49
03-03 15:03:11.993 D/wpa_supplicant(  659): wlan0:    skip - SSID mismatch
03-03 15:03:11.993 D/wpa_supplicant(  659): wlan0: 19: 7a:24:af:24:0f:48 ssid='DIRECT-' wpa_ie_len=0 rsn_ie_len=0 caps=0x410 level=-52
03-03 15:03:11.993 D/wpa_supplicant(  659): wlan0:    skip - SSID mismatch
03-03 15:03:11.993 D/wpa_supplicant(  659): wlan0: 20: be:ee:7b:d4:a5:df ssid='DIRECT-' wpa_ie_len=0 rsn_ie_len=0 caps=0x410 level=-79
03-03 15:03:11.993 D/wpa_supplicant(  659): wlan0:    skip - SSID mismatch
03-03 15:03:11.993 D/wpa_supplicant(  659): wlan0: 21: c0:c1:c0:76:81:3c ssid='E2000' wpa_ie_len=0 rsn_ie_len=0 caps=0x401 level=-56 wps
03-03 15:03:11.993 D/wpa_supplicant(  659): wlan0:    skip - SSID mismatch
03-03 15:03:11.993 D/wpa_supplicant(  659): wlan0: 22: 50:bd:5f:4b:29:92 ssid='Internet-2' wpa_ie_len=0 rsn_ie_len=0 caps=0x421 level=-60
03-03 15:03:11.993 D/wpa_supplicant(  659): wlan0:    skip - SSID mismatch
03-03 15:03:11.993 D/wpa_supplicant(  659): wlan0: 23: 00:25:86:5c:5e:30 ssid='internet' wpa_ie_len=0 rsn_ie_len=0 caps=0x421 level=-82
03-03 15:03:11.993 D/wpa_supplicant(  659): wlan0:    skip - SSID mismatch
03-03 15:03:11.993 D/wpa_supplicant(  659): wlan0: Selecting BSS from priority group 19
03-03 15:03:11.993 D/wpa_supplicant(  659): wlan0: 0: c8:d7:19:60:62:f2 ssid='E3000-2.4G' wpa_ie_len=0 rsn_ie_len=20 caps=0x411 level=-48
03-03 15:03:11.993 D/wpa_supplicant(  659): wlan0:    skip - SSID mismatch
03-03 15:03:11.993 D/wpa_supplicant(  659): wlan0: 1: f8:d1:11:e7:99:e8 ssid='videotest' wpa_ie_len=22 rsn_ie_len=20 caps=0x531 level=-51 wps
03-03 15:03:11.993 D/wpa_supplicant(  659): wlan0:    skip - SSID mismatch
03-03 15:03:11.993 D/wpa_supplicant(  659): wlan0: 2: 90:94:e4:03:45:f5 ssid='DAP-2553_D' wpa_ie_len=0 rsn_ie_len=24 caps=0x431 level=-57
03-03 15:03:11.993 D/wpa_supplicant(  659): wlan0:    skip - SSID mismatch
03-03 15:03:11.993 D/wpa_supplicant(  659): wlan0: 3: 98:fc:11:81:35:fb ssid='E2000EE' wpa_ie_len=0 rsn_ie_len=20 caps=0x411 level=-59 wps
03-03 15:03:11.993 D/wpa_supplicant(  659): wlan0:    skip - SSID mismatch
03-03 15:03:11.993 D/wpa_supplicant(  659): wlan0: 4: 10:c3:7b:d2:e5:e0 ssid='ASUS_RT-AC66U-2.4G' wpa_ie_len=0 rsn_ie_len=20 caps=0x411 level=-59 wps
03-03 15:03:11.993 D/wpa_supplicant(  659): wlan0:    skip - SSID mismatch
03-03 15:03:11.993 D/wpa_supplicant(  659): wlan0: 5: e4:d3:32:36:2e:54 ssid='otc' wpa_ie_len=26 rsn_ie_len=24 caps=0x411 level=-66 wps
03-03 15:03:11.993 D/wpa_supplicant(  659): wlan0:    skip - SSID mismatch
03-03 15:03:11.993 D/wpa_supplicant(  659): wlan0: 6: 02:1a:11:f3:82:d3 ssid='io1' wpa_ie_len=0 rsn_ie_len=20 caps=0x431 level=-66
03-03 15:03:11.993 D/wpa_supplicant(  659): wlan0:    skip - SSID mismatch
03-03 15:03:11.993 D/wpa_supplicant(  659): wlan0: 7: cc:34:29:2c:fb:ec ssid='linksys' wpa_ie_len=22 rsn_ie_len=20 caps=0x431 level=-67 wps
03-03 15:03:11.993 D/wpa_supplicant(  659): wlan0:    skip - SSID mismatch
03-03 15:03:11.993 D/wpa_supplicant(  659): wlan0: 8: b0:48:7a:51:ff:cc ssid='Neusoft TP' wpa_ie_len=22 rsn_ie_len=20 caps=0x431 level=-67 wps
03-03 15:03:11.993 D/wpa_supplicant(  659): wlan0:    skip - SSID mismatch
03-03 15:03:11.993 D/wpa_supplicant(  659): wlan0: 9: cc:34:29:2b:26:4c ssid='cws-test' wpa_ie_len=0 rsn_ie_len=20 caps=0x431 level=-68 wps
03-03 15:03:11.993 D/wpa_supplicant(  659): wlan0:    skip - SSID mismatch
03-03 15:03:11.993 D/wpa_supplicant(  659): wlan0: 10: e4:d3:32:c0:cf:a4 ssid='fast' wpa_ie_len=0 rsn_ie_len=20 caps=0x411 level=-69
03-03 15:03:11.993 D/wpa_supplicant(  659): wlan0:    skip - SSID mismatch
03-03 15:03:11.993 D/wpa_supplicant(  659): wlan0: 11: 14:d6:4d:28:ef:c8 ssid='dlink' wpa_ie_len=0 rsn_ie_len=20 caps=0x431 level=-72 wps
03-03 15:03:11.993 D/wpa_supplicant(  659): wlan0:    skip - SSID mismatch
03-03 15:03:11.993 D/wpa_supplicant(  659): wlan0: 12: 22:48:9a:ac:31:5b ssid='dean1' wpa_ie_len=0 rsn_ie_len=20 caps=0x431 level=-74
03-03 15:03:11.993 D/wpa_supplicant(  659): wlan0:    skip - SSID mismatch
03-03 15:03:11.993 D/wpa_supplicant(  659): wlan0: 13: 7e:7a:91:dc:83:0e ssid='Donny' wpa_ie_len=0 rsn_ie_len=20 caps=0x8531 level=-74
03-03 15:03:11.993 D/wpa_supplicant(  659): wlan0:    skip - SSID mismatch
03-03 15:03:11.993 D/wpa_supplicant(  659): wlan0: 14: 00:0f:e2:0f:9f:c1 ssid='321_WAN' wpa_ie_len=28 rsn_ie_len=24 caps=0x411 level=-75
03-03 15:03:11.993 D/wpa_supplicant(  659): wlan0:    skip - SSID mismatch
03-03 15:03:11.993 D/wpa_supplicant(  659): wlan0: 15: c0:a0:bb:20:3b:84 ssid='dlink-3B84' wpa_ie_len=26 rsn_ie_len=24 caps=0x411 level=-77 wps
03-03 15:03:11.993 D/wpa_supplicant(  659): wlan0:    skip - SSID mismatch
