03-03 15:26:37.343 D/        (18931): droid_create_context : config id = 1 conf->NativeVisualID=1
03-03 15:26:37.343 D/        (18931): Pixel Format : GGL_PIXEL_FORMAT_RGBA_8888
03-03 15:26:37.343 I/        (18931): Requested context : GLES 2.0
03-03 15:26:37.343 D/        (18931): Swap interval set to = 1 value
03-03 15:26:37.373 E/TabPersistentStore(18870): Failed to create state folder: /data/data/com.chrome.beta/app_tabs/0
03-03 15:26:37.413 D/ChildProcessLauncher(18870): on connect callback, pid=24632 context=1808165056
03-03 15:26:37.413 I/LibraryLoader(24632): Time to load native libraries: 249 ms (timestamps 6409-6658)
03-03 15:26:37.413 I/LibraryLoader(24632): Expected native library version number "41.0.2272.34",actual native library version number "41.0.2272.34"
03-03 15:26:37.413 W/IInputConnectionWrapper(23809): showStatusIcon on inactive InputConnection
03-03 15:26:37.413 D/XT9IME  (26399): new subtype :en_US ,keyboard
03-03 15:26:37.413 I/chromium(24632): [INFO:library_loader_hooks.cc(112)] Chromium logging enabled: level = 0, default verbosity = 0
03-03 15:26:37.433 D/BatteryStatsImpl(  506): noteStopWakeLocked system isFromForeground = false
03-03 15:26:37.473 D/        (23809): Surface destroy: ANDROID_NATIVE_WINDOW_MAGIC
03-03 15:26:37.473 D/        (23809): Surface destroy: ANDROID_NATIVE_WINDOW_MAGIC
03-03 15:26:37.773 W/SurfaceFlinger(  172): couldn't log to binary event log: overflow.
03-03 15:26:37.783 D/        (18931): droid_create_context : config id = 1 conf->NativeVisualID=1
03-03 15:26:37.783 D/        (18931): Pixel Format : GGL_PIXEL_FORMAT_RGBA_8888
03-03 15:26:37.783 I/        (18931): Requested context : GLES 2.0
03-03 15:26:37.803 D/        (23809): Pixel Format : GGL_PIXEL_FORMAT_RGBA_8888
03-03 15:26:38.003 I/chromium(18870): [INFO:CONSOLE(9)] "Uncaught TypeError: Cannot read property 'step' of undefined", source: http://127.0.0.1:8080/opt/tct-websocket-w3c-tests/websocket/w3c/unload-a-document/001-1.html (9)
03-03 15:26:38.013 E/TabPersistentStore(18870): Failed to create state folder: /data/data/com.chrome.beta/app_tabs/0
03-03 15:26:38.043 E/TabPersistentStore(18870): Failed to create state folder: /data/data/com.chrome.beta/app_tabs/0
03-03 15:26:42.233 D/DelayedSyncController(18870): No delayed sync.
03-03 15:26:42.243 D/AlarmManager(  506): Added alarm Alarm{21f66738 type 2 com.wandoujia.phoenix2} type:ELAPSED_REALTIME_WAKEUP when: After 0h:10m:23.0s
03-03 15:26:42.273 D/AlarmManager(  506): Added alarm Alarm{21f64108 type 0 android} type:RTC_WAKEUP when: At 15-3-3 3:30 repeatInterval: 0h:30m:0.0s
03-03 15:26:42.303 V/ExponentialBackoffScheduler(18870): now(Tue Mar 03 15:26:42 GMT+08:00 2015) refiringAt(Tue Mar 03 18:06:42 GMT+08:00 2015)
03-03 15:26:42.313 D/AlarmManager(  506): Added alarm Alarm{22145378 type 2 com.wandoujia.phoenix2} type:ELAPSED_REALTIME_WAKEUP when: After 0h:10m:22.0s
03-03 15:26:42.313 D/AlarmManager(  506): Added alarm Alarm{22144f98 type 0 android} type:RTC_WAKEUP when: At 15-3-3 3:30 repeatInterval: 0h:30m:0.0s
03-03 15:26:42.313 D/AlarmManager(  506): Added alarm Alarm{221355a0 type 0 com.wandoujia.phoenix2} type:RTC_WAKEUP when: At 15-3-3 4:08
03-03 15:26:44.253 D/EVENT_THREAD(  187): void CEventThread::run() POLLIN event on Fd (1)
03-03 15:26:44.253 D/EVENT_THREAD(  187): void CEventThread::run() Do poll with timeout: -1
03-03 15:26:47.433 D/EVENT_THREAD(  187): void CEventThread::run() POLLIN event on Fd (1)
03-03 15:26:47.433 D/EVENT_THREAD(  187): void CEventThread::run() Do poll with timeout: -1
03-03 15:26:47.433 I/upi_ug31xx(  167): (12995) update_capacity
03-03 15:26:47.433 I/[UPI]   (  167): <UG31/E>[UpiReadCapacity]: V=3980(3978), T=334(335-399), I=-277, C=-4(-4-0)
03-03 15:26:47.433 I/[UPI]   (  167): <UG31/E>[UpiReadCapacity]: (0x0000254a) 2765 (2825) / 3602 (3985) = 77
03-03 15:26:47.433 I/[UPI]   (  167): <UG31/E>[UpiReadCapacity]: (0x0000254a) 2765 (2825) / 3602 (3985) = 77
03-03 15:26:47.433 I/[UPI]   (  167): <UG31/E>[UpiReadCapacity]: (0x0000254a) 2761 (2761) / 3602 (3985) = 77
03-03 15:26:47.433 I/[UPI]   (  167): <UG31/E>[RsocFilterCountTime]: (0x0000254a) Step=7(424430), Full=7(424430), Lock=424430(1800000)
03-03 15:26:47.433 I/[UPI]   (  167): <UG31/E>[UpiReadCapacity]: (0x0000254a) 2761 (2761) / 3602 (3985) = 77 (-277--277)
03-03 15:26:47.433 I/[UPI]   (  167): <UG31/E><BATT> M:normal, P:77(77-77)%, V:3978mV, C:-262mA, T:33.5C(399), S:0x0000254a(000), R:2761mAh, F:3602mAh, Q:2312mAh, CC:4, P:30.330(1024-0)s, BO:7, 97:615:0-44af-9m:B001-20140514-144301 (16)
03-03 15:26:47.433 D/EVENT_THREAD(  187): void CEventThread::run() POLLIN event on Fd (1)
03-03 15:26:47.433 D/EVENT_THREAD(  187): void CEventThread::run() Do poll with timeout: -1
03-03 15:26:47.433 I/upi_ug31xx(  167): (12996) backup_data 
03-03 15:26:47.433 V/upi_ug31xx(  167): state->check_backup_count = 12
03-03 15:27:00.033 D/Clock   (  570): ACTION_TIME_TICK
03-03 15:27:00.033 D/Clock   (  570): update clock:3:27
03-03 15:27:00.073 D/BatteryStatsImpl(  506): noteStopWakeLocked system isFromForeground = false
03-03 15:27:13.953 D/wpa_supplicant(  659): wlan0: Starting AP scan for wildcard SSID
03-03 15:27:13.953 D/wpa_supplicant(  659): WPS: Building WPS IE for Probe Request
03-03 15:27:13.953 D/wpa_supplicant(  659): WPS:  * Version (hardcoded 0x10)
03-03 15:27:13.953 D/wpa_supplicant(  659): WPS:  * Request Type
03-03 15:27:13.953 D/wpa_supplicant(  659): WPS:  * Config Methods (4288)
03-03 15:27:13.953 D/wpa_supplicant(  659): WPS:  * UUID-E
03-03 15:27:13.953 D/wpa_supplicant(  659): WPS:  * Primary Device Type
03-03 15:27:13.953 D/wpa_supplicant(  659): WPS:  * RF Bands (1)
03-03 15:27:13.953 D/wpa_supplicant(  659): WPS:  * Association State
03-03 15:27:13.953 D/wpa_supplicant(  659): WPS:  * Configuration Error (0)
03-03 15:27:13.953 D/wpa_supplicant(  659): WPS:  * Device Password ID (0)
03-03 15:27:13.953 D/wpa_supplicant(  659): WPS:  * Manufacturer
03-03 15:27:13.953 D/wpa_supplicant(  659): WPS:  * Model Name
03-03 15:27:13.953 D/wpa_supplicant(  659): WPS:  * Model Number
03-03 15:27:13.953 D/wpa_supplicant(  659): WPS:  * Device Name
03-03 15:27:13.953 D/wpa_supplicant(  659): WPS:  * Version2 (0x20)
03-03 15:27:13.953 D/wpa_supplicant(  659): P2P: * P2P IE header
03-03 15:27:13.953 D/wpa_supplicant(  659): P2P: * Capability dev=25 group=00
03-03 15:27:13.953 D/wpa_supplicant(  659): P2P: * Listen Channel: Regulatory Class 81 Channel 11
03-03 15:27:13.953 D/wpa_supplicant(  659): wlan0: nl80211: scan request
03-03 15:27:14.053 D/wpa_supplicant(  659): Scan requested (ret=0) - scan timeout 30 seconds
03-03 15:27:14.053 D/wpa_supplicant(  659): nl80211: Drv Event 33 (NL80211_CMD_TRIGGER_SCAN) received for wlan0
03-03 15:27:14.053 D/wpa_supplicant(  659): wlan0: nl80211: Scan trigger
03-03 15:27:15.173 D/wpa_supplicant(  659): nl80211: Drv Event 34 (NL80211_CMD_NEW_SCAN_RESULTS) received for wlan0
03-03 15:27:15.173 D/wpa_supplicant(  659): wlan0: nl80211: New scan results available
03-03 15:27:15.173 D/wpa_supplicant(  659): wlan0: Event SCAN_RESULTS (3) received
03-03 15:27:15.173 D/wpa_supplicant(  659): nl80211: Received scan results (17 BSSes)
03-03 15:27:15.173 D/wpa_supplicant(  659): nl80211: Survey data missing
03-03 15:27:15.173 D/wpa_supplicant(  659): wlan0: BSS: Start scan result update 1560
03-03 15:27:15.173 D/wpa_supplicant(  659): wlan0: BSS: Add new id 3384 BSSID c0:a0:bb:20:3b:84 SSID 'dlink-3B84'
03-03 15:27:15.173 D/wpa_supplicant(  659): CTRL_IFACE monitor send - hexdump(len=39): 2f 64 61 74 61 2f 6d 69 73 63 2f 77 69 66 69 2f 73 6f 63 6b 65 74 73 2f 77 70 61 5f 63 74 72 6c ...
03-03 15:27:15.173 D/wpa_supplicant(  659): wlan0: BSS: Add new id 3385 BSSID f4:b7:e2:2b:41:b7 SSID 'cmscc'
03-03 15:27:15.173 D/wpa_supplicant(  659): CTRL_IFACE monitor send - hexdump(len=39): 2f 64 61 74 61 2f 6d 69 73 63 2f 77 69 66 69 2f 73 6f 63 6b 65 74 73 2f 77 70 61 5f 63 74 72 6c ...
03-03 15:27:15.173 D/wpa_supplicant(  659): wlan0: BSS: Add new id 3386 BSSID 7a:24:af:1e:df:58 SSID 'DIRECT-'
03-03 15:27:15.173 D/wpa_supplicant(  659): CTRL_IFACE monitor send - hexdump(len=39): 2f 64 61 74 61 2f 6d 69 73 63 2f 77 69 66 69 2f 73 6f 63 6b 65 74 73 2f 77 70 61 5f 63 74 72 6c ...
03-03 15:27:15.173 D/wpa_supplicant(  659): wlan0: BSS: Remove id 3311 BSSID 14:d6:4d:28:ef:c8 SSID 'dlink' due to no match in scan
03-03 15:27:15.173 D/wpa_supplicant(  659): CTRL_IFACE monitor send - hexdump(len=39): 2f 64 61 74 61 2f 6d 69 73 63 2f 77 69 66 69 2f 73 6f 63 6b 65 74 73 2f 77 70 61 5f 63 74 72 6c ...
03-03 15:27:15.173 D/wpa_supplicant(  659): wlan0: BSS: Remove id 3365 BSSID b0:48:7a:51:ff:cc SSID 'Neusoft TP' due to no match in scan
03-03 15:27:15.173 D/wpa_supplicant(  659): CTRL_IFACE monitor send - hexdump(len=39): 2f 64 61 74 61 2f 6d 69 73 63 2f 77 69 66 69 2f 73 6f 63 6b 65 74 73 2f 77 70 61 5f 63 74 72 6c ...
03-03 15:27:15.173 D/wpa_supplicant(  659): wlan0: BSS: Remove id 3379 BSSID 2c:b0:5d:7f:f4:24 SSID 'NETGEAR38' due to no match in scan
03-03 15:27:15.173 D/wpa_supplicant(  659): CTRL_IFACE monitor send - hexdump(len=39): 2f 64 61 74 61 2f 6d 69 73 63 2f 77 69 66 69 2f 73 6f 63 6b 65 74 73 2f 77 70 61 5f 63 74 72 6c ...
03-03 15:27:15.173 D/wpa_supplicant(  659): BSS: last_scan_res_used=16/32 last_scan_full=0
03-03 15:27:15.173 D/wpa_supplicant(  659): wlan0: New scan results available
03-03 15:27:15.173 D/wpa_supplicant(  659): CTRL_IFACE monitor send - hexdump(len=39): 2f 64 61 74 61 2f 6d 69 73 63 2f 77 69 66 69 2f 73 6f 63 6b 65 74 73 2f 77 70 61 5f 63 74 72 6c ...
03-03 15:27:15.173 I/WifiHW  (  506): EVENT: IFNAME=wlan0 CTRL-EVENT-BSS-ADDED 3384 c0:a0:bb:20:3b:84
03-03 15:27:15.173 I/WifiHW  (  506): EVENT: IFNAME=wlan0 CTRL-EVENT-BSS-ADDED 3385 f4:b7:e2:2b:41:b7
03-03 15:27:15.173 I/WifiHW  (  506): EVENT: IFNAME=wlan0 CTRL-EVENT-BSS-ADDED 3386 7a:24:af:1e:df:58
03-03 15:27:15.173 I/WifiHW  (  506): EVENT: IFNAME=wlan0 CTRL-EVENT-BSS-REMOVED 3311 14:d6:4d:28:ef:c8
03-03 15:27:15.173 I/WifiHW  (  506): EVENT: IFNAME=wlan0 CTRL-EVENT-BSS-REMOVED 3365 b0:48:7a:51:ff:cc
03-03 15:27:15.173 I/WifiHW  (  506): EVENT: IFNAME=wlan0 CTRL-EVENT-BSS-REMOVED 3379 2c:b0:5d:7f:f4:24
03-03 15:27:15.173 I/WifiHW  (  506): EVENT: IFNAME=wlan0 CTRL-EVENT-SCAN-RESULTS 
03-03 15:27:15.173 D/wpa_supplicant(  659): CTRL_IFACE monitor send - hexdump(len=39): 2f 64 61 74 61 2f 6d 69 73 63 2f 77 69 66 69 2f 73 6f 63 6b 65 74 73 2f 77 70 61 5f 63 74 72 6c ...
03-03 15:27:15.173 D/wpa_supplicant(  659): Authorize channel 1
03-03 15:27:15.173 D/wpa_supplicant(  659): Authorize channel 2
03-03 15:27:15.173 D/wpa_supplicant(  659): Authorize channel 3
03-03 15:27:15.173 D/wpa_supplicant(  659): Authorize channel 4
03-03 15:27:15.173 D/wpa_supplicant(  659): Authorize channel 5
03-03 15:27:15.173 D/wpa_supplicant(  659): Authorize channel 6
03-03 15:27:15.173 D/wpa_supplicant(  659): Authorize channel 7
03-03 15:27:15.173 D/wpa_supplicant(  659): Authorize channel 8
03-03 15:27:15.173 D/wpa_supplicant(  659): Authorize channel 9
03-03 15:27:15.173 D/wpa_supplicant(  659): Authorize channel 10
03-03 15:27:15.173 D/wpa_supplicant(  659): Authorize channel 11
03-03 15:27:15.173 D/wpa_supplicant(  659): Authorize channel 12
03-03 15:27:15.173 I/WifiHW  (  506): CMD: IFNAME=wlan0 BSS RANGE=0- MASK=0x21987
03-03 15:27:15.173 D/wpa_supplicant(  659): Authorize channel 13
03-03 15:27:15.173 D/wpa_supplicant(  659): Authorize channel 1
03-03 15:27:15.173 D/wpa_supplicant(  659): Authorize channel 2
03-03 15:27:15.173 D/wpa_supplicant(  659): Authorize channel 3
03-03 15:27:15.173 D/wpa_supplicant(  659): Authorize channel 4
03-03 15:27:15.173 D/wpa_supplicant(  659): Authorize channel 5
03-03 15:27:15.173 D/wpa_supplicant(  659): Authorize channel 6
03-03 15:27:15.173 D/wpa_supplicant(  659): Authorize channel 7
03-03 15:27:15.173 D/wpa_supplicant(  659): Authorize channel 8
03-03 15:27:15.173 D/wpa_supplicant(  659): Authorize channel 9
03-03 15:27:15.173 D/wpa_supplicant(  659): Authorize channel 10
03-03 15:27:15.173 D/wpa_supplicant(  659): Authorize channel 11
03-03 15:27:15.173 D/wpa_supplicant(  659): Authorize channel 12
03-03 15:27:15.173 D/wpa_supplicant(  659): Authorize channel 13
03-03 15:27:15.173 D/wpa_supplicant(  659): Add access point on channel 6
03-03 15:27:15.173 D/wpa_supplicant(  659): Add access point on channel 6
03-03 15:27:15.173 D/wpa_supplicant(  659): Add access point on channel 1
03-03 15:27:15.173 D/wpa_supplicant(  659): Add access point on channel 7
03-03 15:27:15.173 D/wpa_supplicant(  659): Add access point on channel 11
03-03 15:27:15.173 D/wpa_supplicant(  659): Add access point on channel 1
03-03 15:27:15.173 D/wpa_supplicant(  659): Add access point on channel 1
03-03 15:27:15.173 D/wpa_supplicant(  659): Add access point on channel 11
03-03 15:27:15.173 D/wpa_supplicant(  659): Add access point on channel 11
03-03 15:27:15.173 D/wpa_supplicant(  659): Add access point on channel 6
03-03 15:27:15.173 D/wpa_supplicant(  659): Add access point on channel 6
03-03 15:27:15.173 D/wpa_supplicant(  659): Add access point on channel 11
03-03 15:27:15.173 D/wpa_supplicant(  659): Add access point on channel 6
03-03 15:27:15.173 D/wpa_supplicant(  659): Add access point on channel 13
03-03 15:27:15.173 D/wpa_supplicant(  659): Add access point on channel 8
03-03 15:27:15.173 D/wpa_supplicant(  659): Add access point on channel 6
03-03 15:27:15.173 I/WifiHW  (  506): EVENT: IFNAME=wlan0 WPS-AP-AVAILABLE 
03-03 15:27:15.173 D/wpa_supplicant(  659): Add access point on channel 8
03-03 15:27:15.173 D/wpa_supplicant(  659): Add access point on channel 2
03-03 15:27:15.173 D/wpa_supplicant(  659): Add access point on channel 6
03-03 15:27:15.173 D/wpa_supplicant(  659): Add access point on channel 1
03-03 15:27:15.173 D/wpa_supplicant(  659): Best Operating channel is = 11
03-03 15:27:15.173 D/wpa_supplicant(  659): WPS: AP[0] 28:2c:b2:44:e4:00 type=0 tries=0 last_attempt=-1 sec ago blacklist=0
03-03 15:27:15.173 D/wpa_supplicant(  659): WPS: AP[1] 14:e6:e4:b8:85:76 type=0 tries=0 last_attempt=-1 sec ago blacklist=0
03-03 15:27:15.173 D/wpa_supplicant(  659): WPS: AP[2] 78:a1:06:55:fe:30 type=0 tries=0 last_attempt=-1 sec ago blacklist=0
03-03 15:27:15.173 D/wpa_supplicant(  659): WPS: AP[3] a8:15:4d:13:9a:08 type=0 tries=0 last_attempt=-1 sec ago blacklist=0
03-03 15:27:15.173 D/wpa_supplicant(  659): WPS: AP[4] 78:54:2e:f5:fb:9e type=0 tries=0 last_attempt=-1 sec ago blacklist=0
03-03 15:27:15.173 D/wpa_supplicant(  659): WPS: AP[5] 20:dc:e6:3f:eb:f2 type=0 tries=0 last_attempt=-1 sec ago blacklist=0
03-03 15:27:15.173 D/wpa_supplicant(  659): WPS: AP[6] 64:09:80:1e:91:78 type=0 tries=0 last_attempt=-1 sec ago blacklist=0
03-03 15:27:15.173 D/wpa_supplicant(  659): WPS: AP[7] ec:88:8f:6a:0c:a8 type=0 tries=0 last_attempt=-1 sec ago blacklist=0
03-03 15:27:15.183 D/wpa_supplicant(  659): WPS: AP[8] d0:15:4a:15:5d:1a type=0 tries=0 last_attempt=-1 sec ago blacklist=0
03-03 15:27:15.183 D/wpa_supplicant(  659): WPS: AP[9] 1c:fa:68:11:5a:b6 type=0 tries=0 last_attempt=-1 sec ago blacklist=0
03-03 15:27:15.183 D/wpa_supplicant(  659): WPS: AP[10] 8c:be:be:26:4b:8b type=0 tries=0 last_attempt=-1 sec ago blacklist=0
03-03 15:27:15.183 D/wpa_supplicant(  659): WPS: AP[11] 64:09:80:15:31:84 type=0 tries=0 last_attempt=-1 sec ago blacklist=0
03-03 15:27:15.183 D/wpa_supplicant(  659): WPS: AP[12] bc:d1:77:f3:0b:28 type=0 tries=0 last_attempt=-1 sec ago blacklist=0
03-03 15:27:15.183 D/wpa_supplicant(  659): WPS: AP[13] c0:61:18:4e:07:fc type=0 tries=0 last_attempt=-1 sec ago blacklist=0
03-03 15:27:15.183 D/wpa_supplicant(  659): WPS: AP[14] f4:ec:38:6d:cf:d6 type=0 tries=0 last_attempt=-1 sec ago blacklist=0
03-03 15:27:15.183 D/wpa_supplicant(  659): WPS: AP[15] e4:d3:32:0a:fb:34 type=0 tries=0 last_attempt=-1 sec ago blacklist=0
03-03 15:27:15.183 D/wpa_supplicant(  659): WPS: AP[16] 8c:be:be:28:2d:f8 type=0 tries=0 last_attempt=-1 sec ago blacklist=0
03-03 15:27:15.183 D/wpa_supplicant(  659): WPS: AP[17] d8:15:0d:c4:57:de type=0 tries=0 last_attempt=-1 sec ago blacklist=0
03-03 15:27:15.183 D/wpa_supplicant(  659): WPS: AP[18] 40:16:9f:9b:64:fa type=0 tries=0 last_attempt=-1 sec ago blacklist=0
03-03 15:27:15.183 D/wpa_supplicant(  659): WPS: AP[19] ec:1a:59:0b:f4:8c type=0 tries=0 last_attempt=-1 sec ago blacklist=0
03-03 15:27:15.183 D/wpa_supplicant(  659): WPS: AP[20] 10:c3:7b:d2:e5:e0 type=0 tries=0 last_attempt=-1 sec ago blacklist=0
03-03 15:27:15.183 D/wpa_supplicant(  659): WPS: AP[21] 44:94:fc:3d:da:38 type=0 tries=0 last_attempt=-1 sec ago blacklist=0
03-03 15:27:15.183 D/wpa_supplicant(  659): WPS: AP[22] f8:d1:11:e7:99:e8 type=0 tries=0 last_attempt=-1 sec ago blacklist=0
03-03 15:27:15.183 D/wpa_supplicant(  659): WPS: AP[23] cc:34:29:2b:26:4c type=0 tries=0 last_attempt=-1 sec ago blacklist=0
03-03 15:27:15.183 D/wpa_supplicant(  659): WPS: AP[24] cc:34:29:2c:fb:ec type=0 tries=0 last_attempt=-1 sec ago blacklist=0
03-03 15:27:15.183 D/wpa_supplicant(  659): WPS: AP[25] 98:fc:11:81:35:fb type=0 tries=0 last_attempt=-1 sec ago blacklist=0
03-03 15:27:15.183 D/wpa_supplicant(  659): WPS: AP[26] c0:c1:c0:76:81:3c type=0 tries=0 last_attempt=-1 sec ago blacklist=0
03-03 15:27:15.183 D/wpa_supplicant(  659): WPS: AP[27] 10:9f:a9:dc:b1:fc type=0 tries=0 last_attempt=-1 sec ago blacklist=0
03-03 15:27:15.183 D/wpa_supplicant(  659): WPS: AP[28] b0:48:7a:51:ff:cc type=0 tries=0 last_attempt=-1 sec ago blacklist=0
03-03 15:27:15.183 D/wpa_supplicant(  659): WPS: AP[29] e4:d3:32:36:2e:54 type=0 tries=0 last_attempt=-1 sec ago blacklist=0
03-03 15:27:15.183 D/wpa_supplicant(  659): WPS: AP[30] 14:d6:4d:28:ef:c8 type=0 tries=0 last_attempt=-1 sec ago blacklist=0
03-03 15:27:15.183 D/wpa_supplicant(  659): WPS: AP[31] c0:a0:bb:20:3b:84 type=0 tries=0 last_attempt=-1 sec ago blacklist=0
03-03 15:27:15.183 D/wpa_supplicant(  659): WPS: AP[32] 2c:b0:5d:7f:f4:24 type=0 tries=0 last_attempt=-1 sec ago blacklist=0
03-03 15:27:15.183 D/wpa_supplicant(  659): WPS: AP[33] 9c:21:6a:0d:eb:72 type=0 tries=0 last_attempt=-1 sec ago blacklist=0
03-03 15:27:15.183 D/wpa_supplicant(  659): WPS: AP[34] 66:09:80:d9:a2:5d type=0 tries=0 last_attempt=-1 sec ago blacklist=0
03-03 15:27:15.183 D/wpa_supplicant(  659): WPS: AP[35] 7a:ff:57:00:13:8e type=0 tries=0 last_attempt=-1 sec ago blacklist=0
03-03 15:27:15.183 D/wpa_supplicant(  659): WPS: AP[36] 7a:ff:57:00:14:32 type=0 tries=0 last_attempt=-1 sec ago blacklist=0
03-03 15:27:15.183 D/wpa_supplicant(  659): WPS: AP[37] 02:13:20:ff:b6:3c type=0 tries=0 last_attempt=-1 sec ago blacklist=0
03-03 15:27:15.183 D/wpa_supplicant(  659): WPS: AP[38] 02:1e:67:80:2b:36 type=0 tries=0 last_attempt=-1 sec ago blacklist=0
03-03 15:27:15.183 D/wpa_supplicant(  659): WPS: AP[39] 02:09:4c:4f:4c:0a type=0 tries=0 last_attempt=-1 sec ago blacklist=0
03-03 15:27:15.183 D/wpa_supplicant(  659): wlan0: Selecting BSS from priority group 20
03-03 15:27:15.183 D/wpa_supplicant(  659): wlan0: 0: c8:d7:19:60:62:f2 ssid='E3000-2.4G' wpa_ie_len=0 rsn_ie_len=20 caps=0x411 level=-48
03-03 15:27:15.183 D/wpa_supplicant(  659): wlan0:    skip - SSID mismatch
03-03 15:27:15.183 D/wpa_supplicant(  659): wlan0: 1: f8:d1:11:e7:99:e8 ssid='videotest' wpa_ie_len=22 rsn_ie_len=20 caps=0x531 level=-49 wps
03-03 15:27:15.183 D/wpa_supplicant(  659): wlan0:    skip - SSID mismatch
03-03 15:27:15.183 D/wpa_supplicant(  659): wlan0: 2: 10:c3:7b:d2:e5:e0 ssid='ASUS_RT-AC66U-2.4G' wpa_ie_len=0 rsn_ie_len=20 caps=0x411 level=-58 wps
03-03 15:27:15.183 D/wpa_supplicant(  659): wlan0:    skip - SSID mismatch
03-03 15:27:15.183 D/wpa_supplicant(  659): wlan0: 3: 90:94:e4:03:45:f5 ssid='DAP-2553_D' wpa_ie_len=0 rsn_ie_len=24 caps=0x431 level=-58
03-03 15:27:15.183 D/wpa_supplicant(  659): wlan0:    skip - SSID mismatch
03-03 15:27:15.183 D/wpa_supplicant(  659): wlan0: 4: cc:34:29:2c:fb:ec ssid='linksys' wpa_ie_len=22 rsn_ie_len=20 caps=0x431 level=-60 wps
03-03 15:27:15.183 D/wpa_supplicant(  659): wlan0:    skip - SSID mismatch
03-03 15:27:15.183 D/wpa_supplicant(  659): wlan0: 5: 98:fc:11:81:35:fb ssid='E2000EE' wpa_ie_len=0 rsn_ie_len=20 caps=0x411 level=-60 wps
03-03 15:27:15.183 D/wpa_supplicant(  659): wlan0:    skip - SSID mismatch
03-03 15:27:15.183 D/wpa_supplicant(  659): wlan0: 6: cc:34:29:2b:26:4c ssid='cws-test' wpa_ie_len=0 rsn_ie_len=20 caps=0x431 level=-64 wps
03-03 15:27:15.183 D/wpa_supplicant(  659): wlan0:    skip - SSID mismatch
03-03 15:27:15.183 D/wpa_supplicant(  659): wlan0: 7: c4:17:fe:3f:4f:fb ssid='cmcm' wpa_ie_len=0 rsn_ie_len=20 caps=0x511 level=-68
03-03 15:27:15.183 D/wpa_supplicant(  659): wlan0:    skip - SSID mismatch
03-03 15:27:15.183 D/wpa_supplicant(  659): wlan0: 8: e4:d3:32:36:2e:54 ssid='otc' wpa_ie_len=26 rsn_ie_len=24 caps=0x411 level=-68 wps
03-03 15:27:15.183 D/wpa_supplicant(  659): wlan0:    skip - SSID mismatch
03-03 15:27:15.183 D/wpa_supplicant(  659): wlan0: 9: c0:a0:bb:20:3b:84 ssid='dlink-3B84' wpa_ie_len=26 rsn_ie_len=24 caps=0x411 level=-71 wps
03-03 15:27:15.183 D/wpa_supplicant(  659): wlan0:    skip - SSID mismatch
03-03 15:27:15.183 D/wpa_supplicant(  659): wlan0: 10: f4:b7:e2:2b:41:b7 ssid='cmscc' wpa_ie_len=0 rsn_ie_len=20 caps=0x31 level=-71
03-03 15:27:15.183 D/wpa_supplicant(  659): wlan0:    skip - SSID mismatch
03-03 15:27:15.183 D/wpa_supplicant(  659): wlan0: 11: e4:d3:32:c0:cf:a4 ssid='fast' wpa_ie_len=0 rsn_ie_len=20 caps=0x411 level=-74
03-03 15:27:15.183 D/wpa_supplicant(  659): wlan0:    skip - SSID mismatch
03-03 15:27:15.183 D/wpa_supplicant(  659): wlan0: 12: 7e:7a:91:dc:83:0e ssid='Donny' wpa_ie_len=0 rsn_ie_len=20 caps=0x8531 level=-83
03-03 15:27:15.183 D/wpa_supplicant(  659): wlan0:    skip - SSID mismatch
03-03 15:27:15.183 D/wpa_supplicant(  659): wlan0: 13: 44:94:fc:3d:da:38 ssid='6300' wpa_ie_len=0 rsn_ie_len=0 caps=0x411 level=-48
03-03 15:27:15.183 D/wpa_supplicant(  659): wlan0:    skip - SSID mismatch
03-03 15:27:15.183 D/wpa_supplicant(  659): wlan0: 14: 7a:24:af:1e:df:58 ssid='DIRECT-' wpa_ie_len=0 rsn_ie_len=0 caps=0x410 level=-49
03-03 15:27:15.183 D/wpa_supplicant(  659): wlan0:    skip - SSID mismatch
03-03 15:27:15.183 D/wpa_supplicant(  659): wlan0: 15: 7a:24:af:24:0f:48 ssid='DIRECT-' wpa_ie_len=0 rsn_ie_len=0 caps=0x410 level=-55
03-03 15:27:15.183 D/wpa_supplicant(  659): wlan0:    skip - SSID mismatch
03-03 15:27:15.183 D/wpa_supplicant(  659): wlan0: Selecting BSS from priority group 19
03-03 15:27:15.183 D/wpa_supplicant(  659): wlan0: 0: c8:d7:19:60:62:f2 ssid='E3000-2.4G' wpa_ie_len=0 rsn_ie_len=20 caps=0x411 level=-48
03-03 15:27:15.183 D/wpa_supplicant(  659): wlan0:    skip - SSID mismatch
03-03 15:27:15.183 D/wpa_supplicant(  659): wlan0: 1: f8:d1:11:e7:99:e8 ssid='videotest' wpa_ie_len=22 rsn_ie_len=20 caps=0x531 level=-49 wps
03-03 15:27:15.183 D/wpa_supplicant(  659): wlan0:    skip - SSID mismatch
03-03 15:27:15.183 D/wpa_supplicant(  659): wlan0: 2: 10:c3:7b:d2:e5:e0 ssid='ASUS_RT-AC66U-2.4G' wpa_ie_len=0 rsn_ie_len=20 caps=0x411 level=-58 wps
03-03 15:27:15.183 D/wpa_supplicant(  659): wlan0:    skip - SSID mismatch
03-03 15:27:15.183 D/wpa_supplicant(  659): wlan0: 3: 90:94:e4:03:45:f5 ssid='DAP-2553_D' wpa_ie_len=0 rsn_ie_len=24 caps=0x431 level=-58
03-03 15:27:15.183 D/wpa_supplicant(  659): wlan0:    skip - SSID mismatch
03-03 15:27:15.183 D/wpa_supplicant(  659): wlan0: 4: cc:34:29:2c:fb:ec ssid='linksys' wpa_ie_len=22 rsn_ie_len=20 caps=0x431 level=-60 wps
03-03 15:27:15.183 D/wpa_supplicant(  659): wlan0:    skip - SSID mismatch
03-03 15:27:15.183 D/wpa_supplicant(  659): wlan0: 5: 98:fc:11:81:35:fb ssid='E2000EE' wpa_ie_len=0 rsn_ie_len=20 caps=0x411 level=-60 wps
03-03 15:27:15.183 D/wpa_supplicant(  659): wlan0:    skip - SSID mismatch
03-03 15:27:15.183 D/wpa_supplicant(  659): wlan0: 6: cc:34:29:2b:26:4c ssid='cws-test' wpa_ie_len=0 rsn_ie_len=20 caps=0x431 level=-64 wps
03-03 15:27:15.183 D/wpa_supplicant(  659): wlan0:    skip - SSID mismatch
03-03 15:27:15.183 D/wpa_supplicant(  659): wlan0: 7: c4:17:fe:3f:4f:fb ssid='cmcm' wpa_ie_len=0 rsn_ie_len=20 caps=0x511 level=-68
03-03 15:27:15.183 D/wpa_supplicant(  659): wlan0:    skip - SSID mismatch
03-03 15:27:15.183 D/wpa_supplicant(  659): wlan0: 8: e4:d3:32:36:2e:54 ssid='otc' wpa_ie_len=26 rsn_ie_len=24 caps=0x411 level=-68 wps
03-03 15:27:15.183 D/wpa_supplicant(  659): wlan0:    skip - SSID mismatch
03-03 15:27:15.183 D/wpa_supplicant(  659): wlan0: 9: c0:a0:bb:20:3b:84 ssid='dlink-3B84' wpa_ie_len=26 rsn_ie_len=24 caps=0x411 level=-71 wps
03-03 15:27:15.183 D/wpa_supplicant(  659): wlan0:    skip - SSID mismatch
03-03 15:27:15.183 D/wpa_supplicant(  659): wlan0: 10: f4:b7:e2:2b:41:b7 ssid='cmscc' wpa_ie_len=0 rsn_ie_len=20 caps=0x31 level=-71
03-03 15:27:15.183 D/wpa_supplicant(  659): wlan0:    skip - SSID mismatch
03-03 15:27:15.183 D/wpa_supplicant(  659): wlan0: 11: e4:d3:32:c0:cf:a4 ssid='fast' wpa_ie_len=0 rsn_ie_len=20 caps=0x411 level=-74
03-03 15:27:15.183 D/wpa_supplicant(  659): wlan0:    skip - SSID mismatch
03-03 15:27:15.183 D/wpa_supplicant(  659): wlan0: 12: 7e:7a:91:dc:83:0e ssid='Donny' wpa_ie_len=0 rsn_ie_len=20 caps=0x8531 level=-83
03-03 15:27:15.183 D/wpa_supplicant(  659): wlan0:    skip - SSID mismatch
03-03 15:27:15.183 D/wpa_supplicant(  659): wlan0: 13: 44:94:fc:3d:da:38 ssid='6300' wpa_ie_len=0 rsn_ie_len=0 caps=0x411 level=-48
03-03 15:27:15.183 D/wpa_supplicant(  659): wlan0:    skip - SSID mismatch
03-03 15:27:15.183 D/wpa_supplicant(  659): wlan0: 14: 7a:24:af:1e:df:58 ssid='DIRECT-' wpa_ie_len=0 rsn_ie_len=0 caps=0x410 level=-49
03-03 15:27:15.183 D/wpa_supplicant(  659): wlan0:    skip - SSID mismatch
03-03 15:27:15.183 D/wpa_supplicant(  659): wlan0: 15: 7a:24:af:24:0f:48 ssid='DIRECT-' wpa_ie_len=0 rsn_ie_len=0 caps=0x410 level=-55
03-03 15:27:15.183 D/wpa_supplicant(  659): wlan0:    skip - SSID mismatch
03-03 15:27:15.183 D/wpa_supplicant(  659): wlan0: Selecting BSS from priority group 18
03-03 15:27:15.183 D/wpa_supplicant(  659): wlan0: 0: c8:d7:19:60:62:f2 ssid='E3000-2.4G' wpa_ie_len=0 rsn_ie_len=20 caps=0x411 level=-48
03-03 15:27:15.183 D/wpa_supplicant(  659): wlan0:    skip - SSID mismatch
03-03 15:27:15.183 D/wpa_supplicant(  659): wlan0: 1: f8:d1:11:e7:99:e8 ssid='videotest' wpa_ie_len=22 rsn_ie_len=20 caps=0x531 level=-49 wps
03-03 15:27:15.183 D/wpa_supplicant(  659): wlan0:    skip - SSID mismatch
03-03 15:27:15.183 D/wpa_supplicant(  659): wlan0: 2: 10:c3:7b:d2:e5:e0 ssid='ASUS_RT-AC66U-2.4G' wpa_ie_len=0 rsn_ie_len=20 caps=0x411 level=-58 wps
03-03 15:27:15.183 D/wpa_supplicant(  659): wlan0:    skip - SSID mismatch
03-03 15:27:15.183 D/wpa_supplicant(  659): wlan0: 3: 90:94:e4:03:45:f5 ssid='DAP-2553_D' wpa_ie_len=0 rsn_ie_len=24 caps=0x431 level=-58
03-03 15:27:15.183 D/wpa_supplicant(  659): wlan0:    skip - SSID mismatch
03-03 15:27:15.183 D/wpa_supplicant(  659): wlan0: 4: cc:34:29:2c:fb:ec ssid='linksys' wpa_ie_len=22 rsn_ie_len=20 caps=0x431 level=-60 wps
03-03 15:27:15.183 D/wpa_supplicant(  659): wlan0:    skip - SSID mismatch
03-03 15:27:15.183 D/wpa_supplicant(  659): wlan0: 5: 98:fc:11:81:35:fb ssid='E2000EE' wpa_ie_len=0 rsn_ie_len=20 caps=0x411 level=-60 wps
03-03 15:27:15.183 D/wpa_supplicant(  659): wlan0:    skip - SSID mismatch
03-03 15:27:15.183 D/wpa_supplicant(  659): wlan0: 6: cc:34:29:2b:26:4c ssid='cws-test' wpa_ie_len=0 rsn_ie_len=20 caps=0x431 level=-64 wps
03-03 15:27:15.183 D/wpa_supplicant(  659): wlan0:    skip - SSID mismatch
03-03 15:27:15.183 D/wpa_supplicant(  659): wlan0: 7: c4:17:fe:3f:4f:fb ssid='cmcm' wpa_ie_len=0 rsn_ie_len=20 caps=0x511 level=-68
03-03 15:27:15.183 D/wpa_supplicant(  659): wlan0:    skip - SSID mismatch
03-03 15:27:15.183 D/wpa_supplicant(  659): wlan0: 8: e4:d3:32:36:2e:54 ssid='otc' wpa_ie_len=26 rsn_ie_len=24 caps=0x411 level=-68 wps
03-03 15:27:15.183 D/wpa_supplicant(  659): wlan0:    skip - SSID mismatch
03-03 15:27:15.183 D/wpa_supplicant(  659): wlan0: 9: c0:a0:bb:20:3b:84 ssid='dlink-3B84' wpa_ie_len=26 rsn_ie_len=24 caps=0x411 level=-71 wps
03-03 15:27:15.183 D/wpa_supplicant(  659): wlan0:    skip - SSID mismatch
03-03 15:27:15.183 D/wpa_supplicant(  659): wlan0: 10: f4:b7:e2:2b:41:b7 ssid='cmscc' wpa_ie_len=0 rsn_ie_len=20 caps=0x31 level=-71
03-03 15:27:15.183 D/wpa_supplicant(  659): wlan0:    skip - SSID mismatch
03-03 15:27:15.183 D/wpa_supplicant(  659): wlan0: 11: e4:d3:32:c0:cf:a4 ssid='fast' wpa_ie_len=0 rsn_ie_len=20 caps=0x411 level=-74
03-03 15:27:15.183 D/wpa_supplicant(  659): wlan0:    skip - SSID mismatch
03-03 15:27:15.183 D/wpa_supplicant(  659): wlan0: 12: 7e:7a:91:dc:83:0e ssid='Donny' wpa_ie_len=0 rsn_ie_len=20 caps=0x8531 level=-83
03-03 15:27:15.183 D/wpa_supplicant(  659): wlan0:    skip - SSID mismatch
03-03 15:27:15.183 D/wpa_supplicant(  659): wlan0: 13: 44:94:fc:3d:da:38 ssid='6300' wpa_ie_len=0 rsn_ie_len=0 caps=0x411 level=-48
03-03 15:27:15.183 D/wpa_supplicant(  659): wlan0:    skip - SSID mismatch
03-03 15:27:15.183 D/wpa_supplicant(  659): wlan0: 14: 7a:24:af:1e:df:58 ssid='DIRECT-' wpa_ie_len=0 rsn_ie_len=0 caps=0x410 level=-49
03-03 15:27:15.183 D/wpa_supplicant(  659): wlan0:    skip - SSID mismatch
03-03 15:27:15.183 D/wpa_supplicant(  659): wlan0: 15: 7a:24:af:24:0f:48 ssid='DIRECT-' wpa_ie_len=0 rsn_ie_len=0 caps=0x410 level=-55
03-03 15:27:15.183 D/wpa_supplicant(  659): wlan0:    skip - SSID mismatch
03-03 15:27:15.183 D/wpa_supplicant(  659): wlan0: Selecting BSS from priority group 17
03-03 15:27:15.183 D/wpa_supplicant(  659): wlan0: 0: c8:d7:19:60:62:f2 ssid='E3000-2.4G' wpa_ie_len=0 rsn_ie_len=20 caps=0x411 level=-48
03-03 15:27:15.183 D/wpa_supplicant(  659): wlan0:    skip - SSID mismatch
03-03 15:27:15.183 D/wpa_supplicant(  659): wlan0: 1: f8:d1:11:e7:99:e8 ssid='videotest' wpa_ie_len=22 rsn_ie_len=20 caps=0x531 level=-49 wps
03-03 15:27:15.183 D/wpa_supplicant(  659): wlan0:    skip - SSID mismatch
03-03 15:27:15.183 D/wpa_supplicant(  659): wlan0: 2: 10:c3:7b:d2:e5:e0 ssid='ASUS_RT-AC66U-2.4G' wpa_ie_len=0 rsn_ie_len=20 caps=0x411 level=-58 wps
03-03 15:27:15.183 D/wpa_supplicant(  659): wlan0:    skip - SSID mismatch
03-03 15:27:15.183 D/wpa_supplicant(  659): wlan0: 3: 90:94:e4:03:45:f5 ssid='DAP-2553_D' wpa_ie_len=0 rsn_ie_len=24 caps=0x431 level=-58
03-03 15:27:15.183 D/wpa_supplicant(  659): wlan0:    skip - SSID mismatch
03-03 15:27:15.183 D/wpa_supplicant(  659): wlan0: 4: cc:34:29:2c:fb:ec ssid='linksys' wpa_ie_len=22 rsn_ie_len=20 caps=0x431 level=-60 wps
03-03 15:27:15.183 D/wpa_supplicant(  659): wlan0:    skip - SSID mismatch
03-03 15:27:15.183 D/wpa_supplicant(  659): wlan0: 5: 98:fc:11:81:35:fb ssid='E2000EE' wpa_ie_len=0 rsn_ie_len=20 caps=0x411 level=-60 wps
03-03 15:27:15.183 D/wpa_supplicant(  659): wlan0:    skip - SSID mismatch
03-03 15:27:15.183 D/wpa_supplicant(  659): wlan0: 6: cc:34:29:2b:26:4c ssid='cws-test' wpa_ie_len=0 rsn_ie_len=20 caps=0x431 level=-64 wps
03-03 15:27:15.183 D/wpa_supplicant(  659): wlan0:    skip - SSID mismatch
03-03 15:27:15.183 D/wpa_supplicant(  659): wlan0: 7: c4:17:fe:3f:4f:fb ssid='cmcm' wpa_ie_len=0 rsn_ie_len=20 caps=0x511 level=-68
03-03 15:27:15.183 D/wpa_supplicant(  659): wlan0:    skip - SSID mismatch
03-03 15:27:15.183 D/wpa_supplicant(  659): wlan0: 8: e4:d3:32:36:2e:54 ssid='otc' wpa_ie_len=26 rsn_ie_len=24 caps=0x411 level=-68 wps
03-03 15:27:15.183 D/wpa_supplicant(  659): wlan0:    skip - SSID mismatch
03-03 15:27:15.183 D/wpa_supplicant(  659): wlan0: 9: c0:a0:bb:20:3b:84 ssid='dlink-3B84' wpa_ie_len=26 rsn_ie_len=24 caps=0x411 level=-71 wps
03-03 15:27:15.183 D/wpa_supplicant(  659): wlan0:    skip - SSID mismatch
03-03 15:27:15.183 D/wpa_supplicant(  659): wlan0: 10: f4:b7:e2:2b:41:b7 ssid='cmscc' wpa_ie_len=0 rsn_ie_len=20 caps=0x31 level=-71
03-03 15:27:15.183 D/wpa_supplicant(  659): wlan0:    skip - SSID mismatch
03-03 15:27:15.183 D/wpa_supplicant(  659): wlan0: 11: e4:d3:32:c0:cf:a4 ssid='fast' wpa_ie_len=0 rsn_ie_len=20 caps=0x411 level=-74
03-03 15:27:15.183 D/wpa_supplicant(  659): wlan0:    skip - SSID mismatch
03-03 15:27:15.183 D/wpa_supplicant(  659): wlan0: 12: 7e:7a:91:dc:83:0e ssid='Donny' wpa_ie_len=0 rsn_ie_len=20 caps=0x8531 level=-83
03-03 15:27:15.183 D/wpa_supplicant(  659): wlan0:    skip - SSID mismatch
03-03 15:27:15.183 D/wpa_supplicant(  659): wlan0: 13: 44:94:fc:3d:da:38 ssid='6300' wpa_ie_len=0 rsn_ie_len=0 caps=0x411 level=-48
03-03 15:27:15.183 D/wpa_supplicant(  659): wlan0:    skip - SSID mismatch
03-03 15:27:15.183 D/wpa_supplicant(  659): wlan0: 14: 7a:24:af:1e:df:58 ssid='DIRECT-' wpa_ie_len=0 rsn_ie_len=0 caps=0x410 level=-49
03-03 15:27:15.183 D/wpa_supplicant(  659): wlan0:    skip - SSID mismatch
03-03 15:27:15.183 D/wpa_supplicant(  659): wlan0: 15: 7a:24:af:24:0f:48 ssid='DIRECT-' wpa_ie_len=0 rsn_ie_len=0 caps=0x410 level=-55
03-03 15:27:15.183 D/wpa_supplicant(  659): wlan0:    skip - SSID mismatch
03-03 15:27:15.183 D/wpa_supplicant(  659): wlan0: Selecting BSS from priority group 15
03-03 15:27:15.183 D/wpa_supplicant(  659): wlan0: 0: c8:d7:19:60:62:f2 ssid='E3000-2.4G' wpa_ie_len=0 rsn_ie_len=20 caps=0x411 level=-48
03-03 15:27:15.183 D/wpa_supplicant(  659): wlan0:    skip - SSID mismatch
03-03 15:27:15.183 D/wpa_supplicant(  659): wlan0: 1: f8:d1:11:e7:99:e8 ssid='videotest' wpa_ie_len=22 rsn_ie_len=20 caps=0x531 level=-49 wps
03-03 15:27:15.183 D/wpa_supplicant(  659): wlan0:    skip - SSID mismatch
03-03 15:27:15.183 D/wpa_supplicant(  659): wlan0: 2: 10:c3:7b:d2:e5:e0 ssid='ASUS_RT-AC66U-2.4G' wpa_ie_len=0 rsn_ie_len=20 caps=0x411 level=-58 wps
03-03 15:27:15.183 D/wpa_supplicant(  659): wlan0:    skip - SSID mismatch
03-03 15:27:15.183 D/wpa_supplicant(  659): wlan0: 3: 90:94:e4:03:45:f5 ssid='DAP-2553_D' wpa_ie_len=0 rsn_ie_len=24 caps=0x431 level=-58
03-03 15:27:15.183 D/wpa_supplicant(  659): wlan0:    skip - SSID mismatch
03-03 15:27:15.183 D/wpa_supplicant(  659): wlan0: 4: cc:34:29:2c:fb:ec ssid='linksys' wpa_ie_len=22 rsn_ie_len=20 caps=0x431 level=-60 wps
03-03 15:27:15.183 D/wpa_supplicant(  659): wlan0:    skip - SSID mismatch
03-03 15:27:15.183 D/wpa_supplicant(  659): wlan0: 5: 98:fc:11:81:35:fb ssid='E2000EE' wpa_ie_len=0 rsn_ie_len=20 caps=0x411 level=-60 wps
03-03 15:27:15.183 D/wpa_supplicant(  659): wlan0:    skip - SSID mismatch
03-03 15:27:15.183 D/wpa_supplicant(  659): wlan0: 6: cc:34:29:2b:26:4c ssid='cws-test' wpa_ie_len=0 rsn_ie_len=20 caps=0x431 level=-64 wps
03-03 15:27:15.183 D/wpa_supplicant(  659): wlan0:    skip - SSID mismatch
03-03 15:27:15.183 D/wpa_supplicant(  659): wlan0: 7: c4:17:fe:3f:4f:fb ssid='cmcm' wpa_ie_len=0 rsn_ie_len=20 caps=0x511 level=-68
03-03 15:27:15.183 D/wpa_supplicant(  659): wlan0:    skip - SSID mismatch
03-03 15:27:15.183 D/wpa_supplicant(  659): wlan0: 8: e4:d3:32:36:2e:54 ssid='otc' wpa_ie_len=26 rsn_ie_len=24 caps=0x411 level=-68 wps
03-03 15:27:15.183 D/wpa_supplicant(  659): wlan0:    skip - SSID mismatch
03-03 15:27:15.183 D/wpa_supplicant(  659): wlan0: 9: c0:a0:bb:20:3b:84 ssid='dlink-3B84' wpa_ie_len=26 rsn_ie_len=24 caps=0x411 level=-71 wps
03-03 15:27:15.183 D/wpa_supplicant(  659): wlan0:    skip - SSID mismatch
03-03 15:27:15.183 D/wpa_supplicant(  659): wlan0: 10: f4:b7:e2:2b:41:b7 ssid='cmscc' wpa_ie_len=0 rsn_ie_len=20 caps=0x31 level=-71
03-03 15:27:15.183 D/wpa_supplicant(  659): wlan0:    skip - SSID mismatch
03-03 15:27:15.183 D/wpa_supplicant(  659): wlan0: 11: e4:d3:32:c0:cf:a4 ssid='fast' wpa_ie_len=0 rsn_ie_len=20 caps=0x411 level=-74
03-03 15:27:15.183 D/wpa_supplicant(  659): wlan0:    skip - SSID mismatch
03-03 15:27:15.183 D/wpa_supplicant(  659): wlan0: 12: 7e:7a:91:dc:83:0e ssid='Donny' wpa_ie_len=0 rsn_ie_len=20 caps=0x8531 level=-83
03-03 15:27:15.183 D/wpa_supplicant(  659): wlan0:    skip - SSID mismatch
03-03 15:27:15.183 D/wpa_supplicant(  659): wlan0: 13: 44:94:fc:3d:da:38 ssid='6300' wpa_ie_len=0 rsn_ie_len=0 caps=0x411 level=-48
03-03 15:27:15.183 D/wpa_supplicant(  659): wlan0:    skip - SSID mismatch
03-03 15:27:15.183 D/wpa_supplicant(  659): wlan0: 14: 7a:24:af:1e:df:58 ssid='DIRECT-' wpa_ie_len=0 rsn_ie_len=0 caps=0x410 level=-49
03-03 15:27:15.183 D/wpa_supplicant(  659): wlan0:    skip - SSID mismatch
03-03 15:27:15.183 D/wpa_supplicant(  659): wlan0: 15: 7a:24:af:24:0f:48 ssid='DIRECT-' wpa_ie_len=0 rsn_ie_len=0 caps=0x410 level=-55
03-03 15:27:15.183 D/wpa_supplicant(  659): wlan0:    skip - SSID mismatch
03-03 15:27:15.183 D/wpa_supplicant(  659): wlan0: Selecting BSS from priority group 4
03-03 15:27:15.183 D/wpa_supplicant(  659): wlan0: 0: c8:d7:19:60:62:f2 ssid='E3000-2.4G' wpa_ie_len=0 rsn_ie_len=20 caps=0x411 level=-48
03-03 15:27:15.183 D/wpa_supplicant(  659): wlan0:    skip - SSID mismatch
03-03 15:27:15.183 D/wpa_supplicant(  659): wlan0: 1: f8:d1:11:e7:99:e8 ssid='videotest' wpa_ie_len=22 rsn_ie_len=20 caps=0x531 level=-49 wps
03-03 15:27:15.183 D/wpa_supplicant(  659): wlan0:    skip - SSID mismatch
03-03 15:27:15.183 D/wpa_supplicant(  659): wlan0: 2: 10:c3:7b:d2:e5:e0 ssid='ASUS_RT-AC66U-2.4G' wpa_ie_len=0 rsn_ie_len=20 caps=0x411 level=-58 wps
03-03 15:27:15.183 D/wpa_supplicant(  659): wlan0:    skip - SSID mismatch
03-03 15:27:15.183 D/wpa_supplicant(  659): wlan0: 3: 90:94:e4:03:45:f5 ssid='DAP-2553_D' wpa_ie_len=0 rsn_ie_len=24 caps=0x431 level=-58
03-03 15:27:15.183 D/wpa_supplicant(  659): wlan0:    skip - SSID mismatch
03-03 15:27:15.183 D/wpa_supplicant(  659): wlan0: 4: cc:34:29:2c:fb:ec ssid='linksys' wpa_ie_len=22 rsn_ie_len=20 caps=0x431 level=-60 wps
03-03 15:27:15.183 D/wpa_supplicant(  659): wlan0:    skip - SSID mismatch
03-03 15:27:15.183 D/wpa_supplicant(  659): wlan0: 5: 98:fc:11:81:35:fb ssid='E2000EE' wpa_ie_len=0 rsn_ie_len=20 caps=0x411 level=-60 wps
03-03 15:27:15.183 D/wpa_supplicant(  659): wlan0:    skip - SSID mismatch
03-03 15:27:15.183 D/wpa_supplicant(  659): wlan0: 6: cc:34:29:2b:26:4c ssid='cws-test' wpa_ie_len=0 rsn_ie_len=20 caps=0x431 level=-64 wps
03-03 15:27:15.183 D/wpa_supplicant(  659): wlan0:    skip - SSID mismatch
03-03 15:27:15.183 D/wpa_supplicant(  659): wlan0: 7: c4:17:fe:3f:4f:fb ssid='cmcm' wpa_ie_len=0 rsn_ie_len=20 caps=0x511 level=-68
03-03 15:27:15.183 D/wpa_supplicant(  659): wlan0:    skip - SSID mismatch
03-03 15:27:15.183 D/wpa_supplicant(  659): wlan0: 8: e4:d3:32:36:2e:54 ssid='otc' wpa_ie_len=26 rsn_ie_len=24 caps=0x411 level=-68 wps
03-03 15:27:15.183 D/wpa_supplicant(  659): wlan0:    skip - SSID mismatch
03-03 15:27:15.183 D/wpa_supplicant(  659): wlan0: 9: c0:a0:bb:20:3b:84 ssid='dlink-3B84' wpa_ie_len=26 rsn_ie_len=24 caps=0x411 level=-71 wps
03-03 15:27:15.183 D/wpa_supplicant(  659): wlan0:    skip - SSID mismatch
03-03 15:27:15.183 D/wpa_supplicant(  659): wlan0: 10: f4:b7:e2:2b:41:b7 ssid='cmscc' wpa_ie_len=0 rsn_ie_len=20 caps=0x31 level=-71
03-03 15:27:15.183 D/wpa_supplicant(  659): wlan0:    skip - SSID mismatch
03-03 15:27:15.183 D/wpa_supplicant(  659): wlan0: 11: e4:d3:32:c0:cf:a4 ssid='fast' wpa_ie_len=0 rsn_ie_len=20 caps=0x411 level=-74
03-03 15:27:15.183 D/wpa_supplicant(  659): wlan0:    skip - SSID mismatch
03-03 15:27:15.183 D/wpa_supplicant(  659): wlan0: 12: 7e:7a:91:dc:83:0e ssid='Donny' wpa_ie_len=0 rsn_ie_len=20 caps=0x8531 level=-83
03-03 15:27:15.183 D/wpa_supplicant(  659): wlan0:    skip - SSID mismatch
03-03 15:27:15.183 D/wpa_supplicant(  659): wlan0: 13: 44:94:fc:3d:da:38 ssid='6300' wpa_ie_len=0 rsn_ie_len=0 caps=0x411 level=-48
03-03 15:27:15.183 D/wpa_supplicant(  659): wlan0:    skip - SSID mismatch
03-03 15:27:15.183 D/wpa_supplicant(  659): wlan0: 14: 7a:24:af:1e:df:58 ssid='DIRECT-' wpa_ie_len=0 rsn_ie_len=0 caps=0x410 level=-49
03-03 15:27:15.183 D/wpa_supplicant(  659): wlan0:    skip - SSID mismatch
03-03 15:27:15.183 D/wpa_supplicant(  659): wlan0: 15: 7a:24:af:24:0f:48 ssid='DIRECT-' wpa_ie_len=0 rsn_ie_len=0 caps=0x410 level=-55
03-03 15:27:15.183 D/wpa_supplicant(  659): wlan0:    skip - SSID mismatch
03-03 15:27:15.183 D/wpa_supplicant(  659): wlan0: No suitable network found
03-03 15:27:15.183 D/wpa_supplicant(  659): wlan0: Setting scan request: 40 sec 0 usec
03-03 15:27:15.183 D/wpa_supplicant(  659): wlan0: Checking for other virtual interfaces sharing same radio (phy0) in event_scan_results
03-03 15:27:15.183 D/wpa_supplicant(  659): p2p-dev-wlan0: Updating scan results from sibling
03-03 15:27:15.183 D/wpa_supplicant(  659): nl80211: Received scan results (17 BSSes)
03-03 15:27:15.183 D/wpa_supplicant(  659): nl80211: Survey data missing
03-03 15:27:15.183 D/wpa_supplicant(  659): p2p-dev-wlan0: BSS: Start scan result update 1496
03-03 15:27:15.183 D/wpa_supplicant(  659): BSS: No P2P IE - skipping BSS c8:d7:19:60:62:f2 update for P2P interface
03-03 15:27:15.183 D/wpa_supplicant(  659): BSS: No P2P IE - skipping BSS f8:d1:11:e7:99:e8 update for P2P interface
03-03 15:27:15.183 D/wpa_supplicant(  659): BSS: No P2P IE - skipping BSS 10:c3:7b:d2:e5:e0 update for P2P interface
03-03 15:27:15.183 D/wpa_supplicant(  659): BSS: No P2P IE - skipping BSS 90:94:e4:03:45:f5 update for P2P interface
03-03 15:27:15.183 D/wpa_supplicant(  659): BSS: No P2P IE - skipping BSS cc:34:29:2c:fb:ec update for P2P interface
03-03 15:27:15.183 D/wpa_supplicant(  659): BSS: No P2P IE - skipping BSS 98:fc:11:81:35:fb update for P2P interface
03-03 15:27:15.183 D/wpa_supplicant(  659): BSS: No P2P IE - skipping BSS cc:34:29:2b:26:4c update for P2P interface
03-03 15:27:15.183 D/wpa_supplicant(  659): BSS: No P2P IE - skipping BSS c4:17:fe:3f:4f:fb update for P2P interface
03-03 15:27:15.183 D/wpa_supplicant(  659): BSS: No P2P IE - skipping BSS e4:d3:32:36:2e:54 update for P2P interface
03-03 15:27:15.183 D/wpa_supplicant(  659): BSS: No P2P IE - skipping BSS c0:a0:bb:20:3b:84 update for P2P interface
03-03 15:27:15.183 D/wpa_supplicant(  659): BSS: No P2P IE - skipping BSS f4:b7:e2:2b:41:b7 update for P2P interface
03-03 15:27:15.183 D/wpa_supplicant(  659): BSS: No P2P IE - skipping BSS e4:d3:32:c0:cf:a4 update for P2P interface
03-03 15:27:15.183 D/wpa_supplicant(  659): BSS: No P2P IE - skipping BSS 7e:7a:91:dc:83:0e update for P2P interface
03-03 15:27:15.183 D/wpa_supplicant(  659): BSS: No P2P IE - skipping BSS 44:94:fc:3d:da:38 update for P2P interface
03-03 15:27:15.183 D/wpa_supplicant(  659): BSS: No P2P IE - skipping BSS 7a:24:af:1e:df:58 update for P2P interface
03-03 15:27:15.183 D/wpa_supplicant(  659): BSS: No P2P IE - skipping BSS 7a:24:af:24:0f:48 update for P2P interface
03-03 15:27:15.183 D/wpa_supplicant(  659): BSS: last_scan_res_used=0/32 last_scan_full=0
03-03 15:27:15.183 D/wpa_supplicant(  659): p2p-dev-wlan0: New scan results available
03-03 15:27:15.183 D/wpa_supplicant(  659): CTRL_IFACE monitor send - hexdump(len=39): 2f 64 61 74 61 2f 6d 69 73 63 2f 77 69 66 69 2f 73 6f 63 6b 65 74 73 2f 77 70 61 5f 63 74 72 6c ...
03-03 15:27:15.183 I/WifiHW  (  506): EVENT: IFNAME=p2p-dev-wlan0 CTRL-EVENT-SCAN-RESULTS 
03-03 15:27:15.183 D/wpa_supplicant(  659): WPS: AP[0] c8:d7:19:60:62:f2 type=0 tries=0 last_attempt=-1 sec ago blacklist=0
03-03 15:27:15.183 D/wpa_supplicant(  659): WPS: AP[1] f8:d1:11:e7:99:e8 type=0 tries=0 last_attempt=-1 sec ago blacklist=0
03-03 15:27:15.183 D/wpa_supplicant(  659): WPS: AP[2] cc:34:29:2c:fb:ec type=0 tries=0 last_attempt=-1 sec ago blacklist=0
03-03 15:27:15.183 D/wpa_supplicant(  659): WPS: AP[3] 10:c3:7b:d2:e5:e0 type=0 tries=0 last_attempt=-1 sec ago blacklist=0
03-03 15:27:15.183 D/wpa_supplicant(  659): WPS: AP[4] cc:34:29:2b:26:4c type=0 tries=0 last_attempt=-1 sec ago blacklist=0
03-03 15:27:15.183 D/wpa_supplicant(  659): WPS: AP[5] 44:94:fc:3d:da:38 type=0 tries=0 last_attempt=-1 sec ago blacklist=0
03-03 15:27:15.183 D/wpa_supplicant(  659): WPS: AP[6] b0:48:7a:51:ff:cc type=0 tries=0 last_attempt=-1 sec ago blacklist=0
03-03 15:27:15.193 D/wpa_supplicant(  659): WPS: AP[7] c0:c1:c0:76:81:3c type=0 tries=0 last_attempt=-1 sec ago blacklist=0
03-03 15:27:15.193 D/wpa_supplicant(  659): WPS: AP[8] 10:9f:a9:dc:b1:fc type=0 tries=0 last_attempt=-1 sec ago blacklist=0
03-03 15:27:15.193 D/wpa_supplicant(  659): WPS: AP[9] 98:fc:11:81:35:fb type=0 tries=0 last_attempt=-1 sec ago blacklist=0
03-03 15:27:15.193 D/wpa_supplicant(  659): WPS: AP[10] e4:d3:32:36:2e:54 type=0 tries=0 last_attempt=-1 sec ago blacklist=0
03-03 15:27:15.193 D/wpa_supplicant(  659): WPS: AP[11] c0:a0:bb:20:3b:84 type=0 tries=0 last_attempt=-1 sec ago blacklist=0
03-03 15:27:15.193 D/wpa_supplicant(  659): WPS: AP[12] 14:d6:4d:28:ef:c8 type=0 tries=0 last_attempt=-1 sec ago blacklist=0
03-03 15:27:15.193 D/wpa_supplicant(  659): WPS: AP[13] 2c:b0:5d:7f:f4:24 type=0 tries=0 last_attempt=-1 sec ago blacklist=0
03-03 15:27:15.193 D/wpa_supplicant(  659): WPS: AP[14] 9c:21:6a:0d:eb:72 type=0 tries=0 last_attempt=-1 sec ago blacklist=0
03-03 15:27:15.193 D/wpa_supplicant(  659): WPS: AP[15] 28:2c:b2:44:e4:00 type=0 tries=0 last_attempt=-1 sec ago blacklist=0
03-03 15:27:15.193 D/wpa_supplicant(  659): WPS: AP[16] 78:a1:06:55:fe:30 type=0 tries=0 last_attempt=-1 sec ago blacklist=0
03-03 15:27:15.193 D/wpa_supplicant(  659): WPS: AP[17] c0:61:18:21:8c:ce type=0 tries=0 last_attempt=-1 sec ago blacklist=0
03-03 15:27:15.193 D/wpa_supplicant(  659): WPS: AP[18] 78:54:2e:f5:fb:9e type=0 tries=0 last_attempt=-1 sec ago blacklist=0
03-03 15:27:15.193 D/wpa_supplicant(  659): WPS: AP[19] a8:15:4d:13:9a:08 type=0 tries=0 last_attempt=-1 sec ago blacklist=0
03-03 15:27:15.193 D/wpa_supplicant(  659): WPS: AP[20] 20:dc:e6:3f:eb:f2 type=0 tries=0 last_attempt=-1 sec ago blacklist=0
03-03 15:27:15.193 D/wpa_supplicant(  659): WPS: AP[21] 6c:e8:73:29:30:22 type=0 tries=0 last_attempt=-1 sec ago blacklist=0
03-03 15:27:15.193 D/wpa_supplicant(  659): WPS: AP[22] 14:e6:e4:b8:85:76 type=0 tries=0 last_attempt=-1 sec ago blacklist=0
03-03 15:27:15.193 D/wpa_supplicant(  659): WPS: AP[23] 64:09:80:1e:91:78 type=0 tries=0 last_attempt=-1 sec ago blacklist=0
03-03 15:27:15.193 D/wpa_supplicant(  659): WPS: AP[24] ec:88:8f:6a:0c:a8 type=0 tries=0 last_attempt=-1 sec ago blacklist=0
03-03 15:27:15.193 D/wpa_supplicant(  659): WPS: AP[25] d0:15:4a:15:5d:1a type=0 tries=0 last_attempt=-1 sec ago blacklist=0
03-03 15:27:15.193 D/wpa_supplicant(  659): WPS: AP[26] 1c:fa:68:11:5a:b6 type=0 tries=0 last_attempt=-1 sec ago blacklist=0
03-03 15:27:15.193 D/wpa_supplicant(  659): WPS: AP[27] 8c:be:be:26:4b:8b type=0 tries=0 last_attempt=-1 sec ago blacklist=0
03-03 15:27:15.193 D/wpa_supplicant(  659): WPS: AP[28] 64:09:80:15:31:84 type=0 tries=0 last_attempt=-1 sec ago blacklist=0
03-03 15:27:15.193 D/wpa_supplicant(  659): WPS: AP[29] bc:d1:77:f3:0b:28 type=0 tries=0 last_attempt=-1 sec ago blacklist=0
03-03 15:27:15.193 D/wpa_supplicant(  659): WPS: AP[30] c0:61:18:4e:07:fc type=0 tries=0 last_attempt=-1 sec ago blacklist=0
03-03 15:27:15.193 D/wpa_supplicant(  659): WPS: AP[31] f4:ec:38:6d:cf:d6 type=0 tries=0 last_attempt=-1 sec ago blacklist=0
03-03 15:27:15.193 D/wpa_supplicant(  659): WPS: AP[32] e4:d3:32:0a:fb:34 type=0 tries=0 last_attempt=-1 sec ago blacklist=0
03-03 15:27:15.193 D/wpa_supplicant(  659): WPS: AP[33] 8c:be:be:28:2d:f8 type=0 tries=0 last_attempt=-1 sec ago blacklist=0
03-03 15:27:15.193 D/wpa_supplicant(  659): WPS: AP[34] d8:15:0d:c4:57:de type=0 tries=0 last_attempt=-1 sec ago blacklist=0
03-03 15:27:15.193 D/wpa_supplicant(  659): WPS: AP[35] 40:16:9f:9b:64:fa type=0 tries=0 last_attempt=-1 sec ago blacklist=0
03-03 15:27:15.193 D/wpa_supplicant(  659): WPS: AP[36] ec:1a:59:0b:f4:8c type=0 tries=0 last_attempt=-1 sec ago blacklist=0
03-03 15:27:15.193 D/wpa_supplicant(  659): WPS: AP[37] 66:09:80:d9:a2:5d type=0 tries=0 last_attempt=-1 sec ago blacklist=0
03-03 15:27:15.193 D/wpa_supplicant(  659): WPS: AP[38] 7a:ff:57:00:13:8e type=0 tries=0 last_attempt=-1 sec ago blacklist=0
03-03 15:27:15.193 D/wpa_supplicant(  659): WPS: AP[39] 7a:ff:57:00:14:32 type=0 tries=0 last_attempt=-1 sec ago blacklist=0
03-03 15:27:15.193 D/wpa_supplicant(  659): WPS: AP[40] 02:13:20:ff:b6:3c type=0 tries=0 last_attempt=-1 sec ago blacklist=0
03-03 15:27:15.193 D/wpa_supplicant(  659): WPS: AP[41] 02:1e:67:80:2b:36 type=0 tries=0 last_attempt=-1 sec ago blacklist=0
03-03 15:27:15.193 D/wpa_supplicant(  659): WPS: AP[42] 02:09:4c:4f:4c:0a type=0 tries=0 last_attempt=-1 sec ago blacklist=0
03-03 15:27:15.193 D/wpa_supplicant(  659): p2p-dev-wlan0: No suitable network found
03-03 15:27:15.193 D/wpa_supplicant(  659): p2p-dev-wlan0: Short-circuit new scan request since there are no enabled networks
03-03 15:27:15.193 D/wpa_supplicant(  659): p2p-dev-wlan0: State: INACTIVE -> INACTIVE
03-03 15:27:15.193 D/wpa_supplicant(  659): wlan0: P2P: Station mode scan operation not pending anymore (sta_scan_pending=0 p2p_cb_on_scan_complete=0)
03-03 15:27:15.193 D/wpa_supplicant(  659): RX ctrl_iface - hexdump(len=25): 42 53 53 20 52 41 4e 47 45 3d 30 2d 20 4d 41 53 4b 3d 30 78 32 31 39 38 37
03-03 15:27:15.193 D/wpa_supplicant(  659): wlan0: Control interface command 'BSS RANGE=0- MASK=0x21987'
03-03 15:27:15.193 I/WifiHW  (  506): REPLY: id=3292
03-03 15:27:15.193 I/WifiHW  (  506): REPLY: bssid=c8:d7:19:60:62:f2
03-03 15:27:15.193 I/WifiHW  (  506): REPLY: freq=2437
03-03 15:27:15.193 I/WifiHW  (  506): REPLY: level=-48
03-03 15:27:15.193 I/WifiHW  (  506): REPLY: tsf=0000280356968236
03-03 15:27:15.193 I/WifiHW  (  506): REPLY: flags=[WPA2-EAP-CCMP-preauth][ESS]
03-03 15:27:15.193 I/WifiHW  (  506): REPLY: ssid=E3000-2.4G
03-03 15:27:15.193 I/WifiHW  (  506): REPLY: ====
03-03 15:27:15.193 I/WifiHW  (  506): REPLY: id=3293
03-03 15:27:15.193 I/WifiHW  (  506): REPLY: bssid=f8:d1:11:e7:99:e8
03-03 15:27:15.193 I/WifiHW  (  506): REPLY: freq=2437
03-03 15:27:15.193 I/WifiHW  (  506): REPLY: level=-49
03-03 15:27:15.193 I/WifiHW  (  506): REPLY: tsf=0000280356968246
03-03 15:27:15.193 I/WifiHW  (  506): REPLY: flags=[WPA-PSK-CCMP][WPA2-PSK-CCMP][WPS][ESS]
03-03 15:27:15.193 I/WifiHW  (  506): REPLY: ssid=videotest
03-03 15:27:15.193 I/WifiHW  (  506): REPLY: ====
03-03 15:27:15.193 I/WifiHW  (  506): REPLY: id=3294
03-03 15:27:15.193 I/WifiHW  (  506): REPLY: bssid=98:fc:11:81:35:fb
03-03 15:27:15.193 I/WifiHW  (  506): REPLY: freq=2412
03-03 15:27:15.193 I/WifiHW  (  506): REPLY: level=-60
