--------- beginning of /dev/log/main
03-03 15:28:46.993 D/AndroidRuntime(24963): 
03-03 15:28:46.993 D/AndroidRuntime(24963): >>>>>> AndroidRuntime START com.android.internal.os.RuntimeInit <<<<<<
03-03 15:28:46.993 D/AndroidRuntime(24963): CheckJNI is OFF
03-03 15:28:46.993 I/AndroidRuntime(24963): Kernel Release Version: 3.10.20-gf818079
03-03 15:28:47.003 I/dalvikvm(24963): No library specified. The standard exception handler will be used
03-03 15:28:47.003 I/dalvikvm(24963): 
03-03 15:28:47.003 I/dalvikvm(24963): +++++++++++++ Using PCG. +++++++++++++++++++++
03-03 15:28:47.013 D/dalvikvm(24963): Trying to load lib libjavacore.so 0x0
03-03 15:28:47.013 D/dalvikvm(24963): Added shared lib libjavacore.so 0x0
03-03 15:28:47.013 D/dalvikvm(24963): Trying to load lib libnativehelper.so 0x0
03-03 15:28:47.013 D/dalvikvm(24963): Added shared lib libnativehelper.so 0x0
03-03 15:28:47.013 D/dalvikvm(24963): No JNI_OnLoad found in libnativehelper.so 0x0, skipping init
03-03 15:28:47.013 D/dalvikvm(24963): Extra Options: not specified
03-03 15:28:47.023 D/dalvikvm(24963): Note: class Landroid/app/ActivityManagerNative; has 186 unimplemented (abstract) methods
03-03 15:28:47.103 E/memtrack(24963): Couldn't load memtrack module (No such file or directory)
03-03 15:28:47.103 E/android.os.Debug(24963): failed to load memtrack module: -2
03-03 15:28:47.133 D/AndroidRuntime(24963): Calling main entry com.android.commands.am.Am
03-03 15:28:47.163 D/AndroidRuntime(24963): Shutting down VM
03-03 15:28:47.163 D/dalvikvm(24963): GC_CONCURRENT freed 112K, 16% free 666K/792K, paused 0ms+0ms, total 1ms
--------- beginning of /dev/log/system
03-03 15:28:47.163 I/ActivityManager(  506): Force stopping org.xwalk.webapi_noneservice_tests appid=10366 user=0: from pid 24963
03-03 15:28:47.173 D/dalvikvm(24963): Compiler shutdown in progress - discarding request
03-03 15:28:47.173 D/dalvikvm(24963): Compiler shutdown in progress - discarding request
03-03 15:28:47.173 D/dalvikvm(24963): Compiler shutdown in progress - discarding request
03-03 15:28:47.173 D/dalvikvm(24963): Compiler shutdown in progress - discarding request
03-03 15:28:47.173 D/dalvikvm(24963): Compiler shutdown in progress - discarding request
03-03 15:28:47.173 D/dalvikvm(24963): Compiler shutdown in progress - discarding request
03-03 15:28:47.173 D/dalvikvm(24963): Compiler shutdown in progress - discarding request
03-03 15:28:47.173 D/dalvikvm(24963): Compiler shutdown in progress - discarding request
03-03 15:28:47.173 D/dalvikvm(24963): Compiler shutdown in progress - discarding request
03-03 15:28:47.173 D/dalvikvm(24963): Compiler shutdown in progress - discarding request
03-03 15:28:47.173 D/dalvikvm(24963): Compiler shutdown in progress - discarding request
03-03 15:28:47.173 D/dalvikvm(24963): Compiler shutdown in progress - discarding request
03-03 15:28:47.173 D/dalvikvm(24963): Compiler shutdown in progress - discarding request
03-03 15:28:47.173 D/dalvikvm(24963): Compiler shutdown in progress - discarding request
03-03 15:28:47.173 D/dalvikvm(24963): Compiler shutdown in progress - discarding request
03-03 15:28:47.173 D/dalvikvm(24963): Compiler shutdown in progress - discarding request
03-03 15:28:47.173 D/dalvikvm(24963): Compiler shutdown in progress - discarding request
03-03 15:28:47.173 D/dalvikvm(24963): Compiler shutdown in progress - discarding request
03-03 15:28:47.173 D/dalvikvm(24963): Compiler shutdown in progress - discarding request
03-03 15:28:47.173 D/dalvikvm(24963): Compiler shutdown in progress - discarding request
03-03 15:28:47.173 D/dalvikvm(24963): Compiler shutdown in progress - discarding request
03-03 15:28:47.173 D/dalvikvm(24963): Compiler shutdown in progress - discarding request
03-03 15:28:47.173 D/dalvikvm(24963): Compiler shutdown in progress - discarding request
03-03 15:28:47.173 D/dalvikvm(24963): Compiler shutdown in progress - discarding request
03-03 15:28:47.173 D/dalvikvm(24963): Compiler shutdown in progress - discarding request
03-03 15:28:47.173 D/dalvikvm(24963): Compiler shutdown in progress - discarding request
03-03 15:28:47.173 D/dalvikvm(24963): Compiler shutdown in progress - discarding request
03-03 15:28:47.173 D/dalvikvm(24963): Compiler shutdown in progress - discarding request
03-03 15:28:47.173 D/dalvikvm(24963): Compiler shutdown in progress - discarding request
03-03 15:28:47.173 D/dalvikvm(24963): Compiler shutdown in progress - discarding request
03-03 15:28:47.173 D/dalvikvm(24963): Compiler shutdown in progress - discarding request
03-03 15:28:47.173 D/dalvikvm(24963): Compiler shutdown in progress - discarding request
03-03 15:28:47.173 D/dalvikvm(24963): Compiler shutdown in progress - discarding request
03-03 15:28:47.173 D/dalvikvm(24963): Compiler shutdown in progress - discarding request
03-03 15:28:47.173 D/dalvikvm(24963): Compiler shutdown in progress - discarding request
03-03 15:28:47.173 D/dalvikvm(24963): Compiler shutdown in progress - discarding request
03-03 15:28:47.173 D/dalvikvm(24963): Compiler shutdown in progress - discarding request
03-03 15:28:47.173 D/dalvikvm(24963): Compiler shutdown in progress - discarding request
03-03 15:28:47.173 D/dalvikvm(24963): Compiler shutdown in progress - discarding request
03-03 15:28:47.173 D/dalvikvm(24963): Compiler shutdown in progress - discarding request
03-03 15:28:47.173 D/dalvikvm(24963): Compiler shutdown in progress - discarding request
03-03 15:28:47.173 D/dalvikvm(24963): Compiler shutdown in progress - discarding request
03-03 15:28:47.173 D/dalvikvm(24963): Compiler shutdown in progress - discarding request
03-03 15:28:47.173 D/dalvikvm(24963): Compiler shutdown in progress - discarding request
03-03 15:28:47.173 D/dalvikvm(24963): Compiler shutdown in progress - discarding request
03-03 15:28:47.173 D/dalvikvm(24963): Compiler shutdown in progress - discarding request
03-03 15:28:47.173 D/dalvikvm(24963): Compiler shutdown in progress - discarding request
03-03 15:28:47.173 D/dalvikvm(24963): Compiler shutdown in progress - discarding request
03-03 15:28:47.173 D/dalvikvm(24963): Compiler shutdown in progress - discarding request
03-03 15:28:47.783 D/AndroidRuntime(24974): 
03-03 15:28:47.783 D/AndroidRuntime(24974): >>>>>> AndroidRuntime START com.android.internal.os.RuntimeInit <<<<<<
03-03 15:28:47.783 D/AndroidRuntime(24974): CheckJNI is OFF
03-03 15:28:47.783 I/AndroidRuntime(24974): Kernel Release Version: 3.10.20-gf818079
03-03 15:28:47.783 I/dalvikvm(24974): No library specified. The standard exception handler will be used
03-03 15:28:47.783 I/dalvikvm(24974): 
03-03 15:28:47.783 I/dalvikvm(24974): +++++++++++++ Using PCG. +++++++++++++++++++++
03-03 15:28:47.793 D/dalvikvm(24974): Trying to load lib libjavacore.so 0x0
03-03 15:28:47.793 D/dalvikvm(24974): Added shared lib libjavacore.so 0x0
03-03 15:28:47.793 D/dalvikvm(24974): Trying to load lib libnativehelper.so 0x0
03-03 15:28:47.793 D/dalvikvm(24974): Added shared lib libnativehelper.so 0x0
03-03 15:28:47.793 D/dalvikvm(24974): No JNI_OnLoad found in libnativehelper.so 0x0, skipping init
03-03 15:28:47.803 D/dalvikvm(24974): Extra Options: not specified
03-03 15:28:47.813 D/dalvikvm(24974): Note: class Landroid/app/ActivityManagerNative; has 186 unimplemented (abstract) methods
03-03 15:28:47.883 E/memtrack(24974): Couldn't load memtrack module (No such file or directory)
03-03 15:28:47.883 E/android.os.Debug(24974): failed to load memtrack module: -2
03-03 15:28:47.923 D/AndroidRuntime(24974): Calling main entry com.android.commands.am.Am
03-03 15:28:47.953 D/AndroidRuntime(24974): Shutting down VM
03-03 15:28:47.953 D/dalvikvm(24974): GC_CONCURRENT freed 117K, 16% free 702K/832K, paused 1ms+0ms, total 2ms
03-03 15:28:47.953 I/ActivityManager(  506): START u0 {flg=0x10000000 cmp=org.xwalk.webapi_noneservice_tests/.webapi_noneservice_testsActivity} from pid 24974
03-03 15:28:47.963 D/dalvikvm(24974): Compiler shutdown in progress - discarding request
03-03 15:28:47.963 D/dalvikvm(24974): Compiler shutdown in progress - discarding request
03-03 15:28:47.963 D/dalvikvm(24974): Compiler shutdown in progress - discarding request
03-03 15:28:47.963 D/dalvikvm(24974): Compiler shutdown in progress - discarding request
03-03 15:28:47.963 D/dalvikvm(24974): Compiler shutdown in progress - discarding request
03-03 15:28:47.963 D/dalvikvm(24974): Compiler shutdown in progress - discarding request
03-03 15:28:47.963 D/dalvikvm(24974): Compiler shutdown in progress - discarding request
03-03 15:28:47.963 D/dalvikvm(24974): Compiler shutdown in progress - discarding request
03-03 15:28:47.963 D/dalvikvm(24974): Compiler shutdown in progress - discarding request
03-03 15:28:47.963 D/dalvikvm(24974): Compiler shutdown in progress - discarding request
03-03 15:28:47.963 D/dalvikvm(24974): Compiler shutdown in progress - discarding request
03-03 15:28:47.963 D/dalvikvm(24974): Compiler shutdown in progress - discarding request
03-03 15:28:47.963 D/dalvikvm(24974): Compiler shutdown in progress - discarding request
03-03 15:28:47.963 D/dalvikvm(24974): Compiler shutdown in progress - discarding request
03-03 15:28:47.963 D/dalvikvm(24974): Compiler shutdown in progress - discarding request
03-03 15:28:47.963 D/dalvikvm(24974): Compiler shutdown in progress - discarding request
03-03 15:28:47.963 D/dalvikvm(24974): Compiler shutdown in progress - discarding request
03-03 15:28:47.963 D/dalvikvm(24974): Compiler shutdown in progress - discarding request
03-03 15:28:47.963 D/dalvikvm(24974): Compiler shutdown in progress - discarding request
03-03 15:28:47.963 D/dalvikvm(24974): Compiler shutdown in progress - discarding request
03-03 15:28:47.963 D/dalvikvm(24974): Compiler shutdown in progress - discarding request
03-03 15:28:47.963 D/dalvikvm(24974): Compiler shutdown in progress - discarding request
03-03 15:28:47.963 D/dalvikvm(24974): Compiler shutdown in progress - discarding request
03-03 15:28:47.963 D/dalvikvm(24974): Compiler shutdown in progress - discarding request
03-03 15:28:47.963 D/dalvikvm(24974): Compiler shutdown in progress - discarding request
03-03 15:28:47.963 D/dalvikvm(24974): Compiler shutdown in progress - discarding request
03-03 15:28:47.963 D/dalvikvm(24974): Compiler shutdown in progress - discarding request
03-03 15:28:47.963 D/dalvikvm(24974): Compiler shutdown in progress - discarding request
03-03 15:28:47.963 D/dalvikvm(24974): Compiler shutdown in progress - discarding request
03-03 15:28:47.963 D/dalvikvm(24974): Compiler shutdown in progress - discarding request
03-03 15:28:47.963 D/dalvikvm(24974): Compiler shutdown in progress - discarding request
03-03 15:28:47.963 D/dalvikvm(24974): Compiler shutdown in progress - discarding request
03-03 15:28:47.963 D/dalvikvm(24974): Compiler shutdown in progress - discarding request
03-03 15:28:47.963 D/dalvikvm(24974): Compiler shutdown in progress - discarding request
03-03 15:28:47.963 D/dalvikvm(24974): Compiler shutdown in progress - discarding request
03-03 15:28:47.963 D/dalvikvm(24974): Compiler shutdown in progress - discarding request
03-03 15:28:47.963 D/dalvikvm(24974): Compiler shutdown in progress - discarding request
03-03 15:28:47.963 D/dalvikvm(24974): Compiler shutdown in progress - discarding request
03-03 15:28:47.963 D/dalvikvm(24974): Compiler shutdown in progress - discarding request
03-03 15:28:47.963 D/dalvikvm(24974): Compiler shutdown in progress - discarding request
03-03 15:28:47.963 D/dalvikvm(24974): Compiler shutdown in progress - discarding request
03-03 15:28:47.963 D/dalvikvm(24974): Compiler shutdown in progress - discarding request
03-03 15:28:47.963 D/dalvikvm(24974): Compiler shutdown in progress - discarding request
03-03 15:28:47.963 D/dalvikvm(24974): Compiler shutdown in progress - discarding request
03-03 15:28:47.963 D/dalvikvm(24974): Compiler shutdown in progress - discarding request
03-03 15:28:48.623 D/AndroidRuntime(24985): 
03-03 15:28:48.623 D/AndroidRuntime(24985): >>>>>> AndroidRuntime START com.android.internal.os.RuntimeInit <<<<<<
03-03 15:28:48.623 D/AndroidRuntime(24985): CheckJNI is OFF
03-03 15:28:48.623 I/AndroidRuntime(24985): Kernel Release Version: 3.10.20-gf818079
03-03 15:28:48.623 I/dalvikvm(24985): No library specified. The standard exception handler will be used
03-03 15:28:48.623 I/dalvikvm(24985): 
03-03 15:28:48.623 I/dalvikvm(24985): +++++++++++++ Using PCG. +++++++++++++++++++++
03-03 15:28:48.633 D/dalvikvm(24985): Trying to load lib libjavacore.so 0x0
03-03 15:28:48.633 D/dalvikvm(24985): Added shared lib libjavacore.so 0x0
03-03 15:28:48.643 D/dalvikvm(24985): Trying to load lib libnativehelper.so 0x0
03-03 15:28:48.643 D/dalvikvm(24985): Added shared lib libnativehelper.so 0x0
03-03 15:28:48.643 D/dalvikvm(24985): No JNI_OnLoad found in libnativehelper.so 0x0, skipping init
03-03 15:28:48.643 D/dalvikvm(24985): Extra Options: not specified
03-03 15:28:48.663 D/dalvikvm(24985): Note: class Landroid/app/ActivityManagerNative; has 186 unimplemented (abstract) methods
03-03 15:28:48.663 I/upi_ug31xx(  167): (13003) update_capacity
03-03 15:28:48.663 I/[UPI]   (  167): <UG31/E>[UpiReadCapacity]: V=3976(3973), T=336(338-399), I=-285, C=-2(-2-0)
03-03 15:28:48.663 D/EVENT_THREAD(  187): void CEventThread::run() POLLIN event on Fd (1)
03-03 15:28:48.663 D/EVENT_THREAD(  187): void CEventThread::run() Do poll with timeout: -1
03-03 15:28:48.663 I/[UPI]   (  167): <UG31/E>[UpiReadCapacity]: (0x0000254a) 2755 (2810) / 3602 (3985) = 76
03-03 15:28:48.663 D/EVENT_THREAD(  187): void CEventThread::run() POLLIN event on Fd (1)
03-03 15:28:48.663 D/EVENT_THREAD(  187): void CEventThread::run() Do poll with timeout: -1
03-03 15:28:48.663 I/[UPI]   (  167): <UG31/E>[UpiReadCapacity]: (0x0000254a) 2755 (2810) / 3602 (3985) = 76
03-03 15:28:48.663 I/[UPI]   (  167): <UG31/E>[UpiReadCapacity]: (0x0000254a) 2753 (2753) / 3602 (3985) = 76
03-03 15:28:48.663 I/[UPI]   (  167): <UG31/E>[RsocFilterCountTime]: (0x0000254a) Step=0(30300), Full=0(30300), Lock=30300(1800000)
03-03 15:28:48.663 I/[UPI]   (  167): <UG31/E>[UpiReadCapacity]: (0x0000254a) 2753 (2753) / 3602 (3985) = 76 (-285--285)
03-03 15:28:48.663 I/[UPI]   (  167): <UG31/E><BATT> M:normal, P:76(76-76)%, V:3973mV, C:-261mA, T:33.8C(399), S:0x0000254a(000), R:2753mAh, F:3602mAh, Q:2304mAh, CC:4, P:30.300(1032-0)s, BO:7, 97:615:0-44af-9m:B001-20140514-144301 (16)
03-03 15:28:48.663 I/upi_ug31xx(  167): (13004) backup_data write
03-03 15:28:48.663 V/upi_ug31xx(  167): state->check_backup_count = 16
03-03 15:28:48.693 I/[UPI]   (  167): <UG31/E>[upi_lib_backup_data]: Driver backup data not ready.
03-03 15:28:48.743 E/memtrack(24985): Couldn't load memtrack module (No such file or directory)
03-03 15:28:48.743 E/android.os.Debug(24985): failed to load memtrack module: -2
03-03 15:28:48.793 D/AndroidRuntime(24985): Calling main entry com.android.commands.am.Am
03-03 15:28:48.823 D/AndroidRuntime(24985): Shutting down VM
03-03 15:28:48.823 D/dalvikvm(24985): GC_CONCURRENT freed 117K, 16% free 702K/832K, paused 1ms+1ms, total 2ms
03-03 15:28:48.823 I/ActivityManager(  506): START u0 {flg=0x10000000 cmp=org.xwalk.webapi_noneservice_tests/.webapi_noneservice_tests} from pid 24985
03-03 15:28:48.843 D/dalvikvm(24985): Compiler shutdown in progress - discarding request
03-03 15:28:48.843 D/dalvikvm(24985): Compiler shutdown in progress - discarding request
03-03 15:28:48.843 D/dalvikvm(24985): Compiler shutdown in progress - discarding request
03-03 15:28:48.843 D/dalvikvm(24985): Compiler shutdown in progress - discarding request
03-03 15:28:48.843 D/dalvikvm(24985): Compiler shutdown in progress - discarding request
03-03 15:28:48.843 D/dalvikvm(24985): Compiler shutdown in progress - discarding request
03-03 15:28:48.843 D/dalvikvm(24985): Compiler shutdown in progress - discarding request
03-03 15:28:48.843 D/dalvikvm(24985): Compiler shutdown in progress - discarding request
03-03 15:28:48.843 D/dalvikvm(24985): Compiler shutdown in progress - discarding request
03-03 15:28:48.843 D/dalvikvm(24985): Compiler shutdown in progress - discarding request
03-03 15:28:48.843 D/dalvikvm(24985): Compiler shutdown in progress - discarding request
03-03 15:28:48.843 D/dalvikvm(24985): Compiler shutdown in progress - discarding request
03-03 15:28:48.843 D/dalvikvm(24985): Compiler shutdown in progress - discarding request
03-03 15:28:48.843 D/dalvikvm(24985): Compiler shutdown in progress - discarding request
03-03 15:28:48.843 D/dalvikvm(24985): Compiler shutdown in progress - discarding request
03-03 15:28:48.843 D/dalvikvm(24985): Compiler shutdown in progress - discarding request
03-03 15:28:48.843 D/dalvikvm(24985): Compiler shutdown in progress - discarding request
03-03 15:28:48.843 D/dalvikvm(24985): Compiler shutdown in progress - discarding request
03-03 15:28:48.843 D/dalvikvm(24985): Compiler shutdown in progress - discarding request
03-03 15:28:48.843 D/dalvikvm(24985): Compiler shutdown in progress - discarding request
03-03 15:28:48.843 D/dalvikvm(24985): Compiler shutdown in progress - discarding request
03-03 15:28:48.843 D/dalvikvm(24985): Compiler shutdown in progress - discarding request
03-03 15:28:48.843 D/dalvikvm(24985): Compiler shutdown in progress - discarding request
03-03 15:28:48.843 D/dalvikvm(24985): Compiler shutdown in progress - discarding request
03-03 15:28:48.843 D/dalvikvm(24985): Compiler shutdown in progress - discarding request
03-03 15:28:48.843 D/dalvikvm(24985): Compiler shutdown in progress - discarding request
03-03 15:28:48.843 D/dalvikvm(24985): Compiler shutdown in progress - discarding request
03-03 15:28:48.843 D/dalvikvm(24985): Compiler shutdown in progress - discarding request
03-03 15:28:48.843 D/dalvikvm(24985): Compiler shutdown in progress - discarding request
03-03 15:28:48.843 D/dalvikvm(24985): Compiler shutdown in progress - discarding request
03-03 15:28:48.843 D/dalvikvm(24985): Compiler shutdown in progress - discarding request
03-03 15:28:48.843 D/dalvikvm(24985): Compiler shutdown in progress - discarding request
03-03 15:28:48.843 D/dalvikvm(24985): Compiler shutdown in progress - discarding request
03-03 15:28:48.843 D/dalvikvm(24985): Compiler shutdown in progress - discarding request
03-03 15:28:48.843 D/dalvikvm(24985): Compiler shutdown in progress - discarding request
03-03 15:28:48.843 D/dalvikvm(24985): Compiler shutdown in progress - discarding request
03-03 15:28:48.843 D/dalvikvm(24985): Compiler shutdown in progress - discarding request
03-03 15:28:48.843 D/dalvikvm(24985): Compiler shutdown in progress - discarding request
03-03 15:28:48.843 D/dalvikvm(24985): Compiler shutdown in progress - discarding request
03-03 15:28:48.843 D/dalvikvm(24985): Compiler shutdown in progress - discarding request
03-03 15:28:48.843 D/dalvikvm(24985): Compiler shutdown in progress - discarding request
03-03 15:28:48.843 D/dalvikvm(24985): Compiler shutdown in progress - discarding request
03-03 15:28:48.843 D/dalvikvm(24985): Compiler shutdown in progress - discarding request
03-03 15:28:48.843 D/dalvikvm(24985): Compiler shutdown in progress - discarding request
03-03 15:28:48.843 D/dalvikvm(24985): Compiler shutdown in progress - discarding request
03-03 15:28:49.403 D/AndroidRuntime(24997): 
03-03 15:28:49.403 D/AndroidRuntime(24997): >>>>>> AndroidRuntime START com.android.internal.os.RuntimeInit <<<<<<
03-03 15:28:49.403 D/AndroidRuntime(24997): CheckJNI is OFF
03-03 15:28:49.403 I/AndroidRuntime(24997): Kernel Release Version: 3.10.20-gf818079
03-03 15:28:49.403 I/dalvikvm(24997): No library specified. The standard exception handler will be used
03-03 15:28:49.413 I/dalvikvm(24997): 
03-03 15:28:49.413 I/dalvikvm(24997): +++++++++++++ Using PCG. +++++++++++++++++++++
03-03 15:28:49.413 D/dalvikvm(24997): Trying to load lib libjavacore.so 0x0
03-03 15:28:49.423 D/dalvikvm(24997): Added shared lib libjavacore.so 0x0
03-03 15:28:49.423 D/dalvikvm(24997): Trying to load lib libnativehelper.so 0x0
03-03 15:28:49.423 D/dalvikvm(24997): Added shared lib libnativehelper.so 0x0
03-03 15:28:49.423 D/dalvikvm(24997): No JNI_OnLoad found in libnativehelper.so 0x0, skipping init
03-03 15:28:49.423 D/dalvikvm(24997): Extra Options: not specified
03-03 15:28:49.423 D/dalvikvm(24997): Note: class Landroid/app/ActivityManagerNative; has 186 unimplemented (abstract) methods
03-03 15:28:49.513 E/memtrack(24997): Couldn't load memtrack module (No such file or directory)
03-03 15:28:49.513 E/android.os.Debug(24997): failed to load memtrack module: -2
03-03 15:28:49.563 D/AndroidRuntime(24997): Calling main entry com.android.commands.am.Am
03-03 15:28:49.593 W/ufoGralloc(  172): registerBuffer() handle 0xb83c9530/6 didn't require registration
03-03 15:28:49.593 I/ActivityManager(  506): START u0 {flg=0x10000000 cmp=org.xwalk.webapi_noneservice_tests/.WebapiNoneserviceTestsActivity} from pid 24997
03-03 15:28:49.603 D/AndroidRuntime(24997): Shutting down VM
03-03 15:28:49.613 D/dalvikvm(24997): GC_CONCURRENT freed 110K, 16% free 673K/800K, paused 0ms+0ms, total 3ms
03-03 15:28:49.613 D/dalvikvm(24997): Compiler shutdown in progress - discarding request
03-03 15:28:49.613 D/dalvikvm(24997): Compiler shutdown in progress - discarding request
03-03 15:28:49.613 D/dalvikvm(24997): Compiler shutdown in progress - discarding request
03-03 15:28:49.613 D/dalvikvm(24997): Compiler shutdown in progress - discarding request
03-03 15:28:49.613 D/dalvikvm(24997): Compiler shutdown in progress - discarding request
03-03 15:28:49.613 D/dalvikvm(24997): Compiler shutdown in progress - discarding request
03-03 15:28:49.613 D/dalvikvm(24997): Compiler shutdown in progress - discarding request
03-03 15:28:49.613 D/dalvikvm(24997): Compiler shutdown in progress - discarding request
03-03 15:28:49.613 D/dalvikvm(24997): Compiler shutdown in progress - discarding request
03-03 15:28:49.613 D/dalvikvm(24997): Compiler shutdown in progress - discarding request
03-03 15:28:49.613 D/dalvikvm(24997): Compiler shutdown in progress - discarding request
03-03 15:28:49.613 D/dalvikvm(24997): Compiler shutdown in progress - discarding request
03-03 15:28:49.613 D/dalvikvm(24997): Compiler shutdown in progress - discarding request
03-03 15:28:49.613 D/dalvikvm(24997): Compiler shutdown in progress - discarding request
03-03 15:28:49.613 D/dalvikvm(24997): Compiler shutdown in progress - discarding request
03-03 15:28:49.613 D/dalvikvm(24997): Compiler shutdown in progress - discarding request
03-03 15:28:49.613 D/dalvikvm(24997): Compiler shutdown in progress - discarding request
03-03 15:28:49.613 D/dalvikvm(24997): Compiler shutdown in progress - discarding request
03-03 15:28:49.613 D/dalvikvm(24997): Compiler shutdown in progress - discarding request
03-03 15:28:49.613 D/dalvikvm(24997): Compiler shutdown in progress - discarding request
03-03 15:28:49.613 D/dalvikvm(24997): Compiler shutdown in progress - discarding request
03-03 15:28:49.613 D/dalvikvm(24997): Compiler shutdown in progress - discarding request
03-03 15:28:49.613 D/dalvikvm(24997): Compiler shutdown in progress - discarding request
03-03 15:28:49.613 D/dalvikvm(24997): Compiler shutdown in progress - discarding request
03-03 15:28:49.613 D/dalvikvm(24997): Compiler shutdown in progress - discarding request
03-03 15:28:49.613 D/dalvikvm(24997): Compiler shutdown in progress - discarding request
03-03 15:28:49.613 D/dalvikvm(24997): Compiler shutdown in progress - discarding request
03-03 15:28:49.613 D/dalvikvm(24997): Compiler shutdown in progress - discarding request
03-03 15:28:49.613 D/dalvikvm(24997): Compiler shutdown in progress - discarding request
03-03 15:28:49.613 D/dalvikvm(24997): Compiler shutdown in progress - discarding request
03-03 15:28:49.613 D/dalvikvm(24997): Compiler shutdown in progress - discarding request
03-03 15:28:49.613 D/dalvikvm(24997): Compiler shutdown in progress - discarding request
03-03 15:28:49.613 D/dalvikvm(24997): Compiler shutdown in progress - discarding request
03-03 15:28:49.613 D/dalvikvm(24997): Compiler shutdown in progress - discarding request
03-03 15:28:49.613 D/dalvikvm(24997): Compiler shutdown in progress - discarding request
03-03 15:28:49.613 D/dalvikvm(24997): Compiler shutdown in progress - discarding request
03-03 15:28:49.613 D/dalvikvm(24997): Compiler shutdown in progress - discarding request
03-03 15:28:49.613 D/dalvikvm(24997): Compiler shutdown in progress - discarding request
03-03 15:28:49.613 D/dalvikvm(24997): Compiler shutdown in progress - discarding request
03-03 15:28:49.613 D/dalvikvm(24997): Compiler shutdown in progress - discarding request
03-03 15:28:49.613 D/dalvikvm(24997): Compiler shutdown in progress - discarding request
03-03 15:28:49.613 D/dalvikvm(24997): Compiler shutdown in progress - discarding request
03-03 15:28:49.613 D/dalvikvm(24997): Compiler shutdown in progress - discarding request
03-03 15:28:49.613 D/dalvikvm(24997): Compiler shutdown in progress - discarding request
03-03 15:28:49.613 D/dalvikvm(24997): Compiler shutdown in progress - discarding request
03-03 15:28:49.613 D/dalvikvm(24997): Compiler shutdown in progress - discarding request
03-03 15:28:49.613 D/dalvikvm(24997): Compiler shutdown in progress - discarding request
03-03 15:28:49.643 I/SecurityManagerService(  621): SMS received security event: App[START/org.xwalk.webapi_noneservice_tests]
03-03 15:28:49.663 D/dalvikvm(25008): Process 25008 nice name: org.xwalk.webapi_noneservice_tests
03-03 15:28:49.663 D/dalvikvm(25008): Extra Options: not specified
03-03 15:28:49.663 I/ActivityManager(  506): Start proc org.xwalk.webapi_noneservice_tests for activity org.xwalk.webapi_noneservice_tests/.WebapiNoneserviceTestsActivity: pid=25008 uid=10366 gids={50366, 3003, 1028, 1015}
03-03 15:28:49.663 D/WindowManager(  506): adjustConfigurationLw, config:{1.0 ?mcc?mnc ?locale ?layoutDir sw600dp w600dp h888dp 213dpi lrg port ?uimode ?night finger -keyb/v/h -nav/v} mLidState:1 mHasDockFeature:false mHasKeyboardFeature:false mHasHallSensorFeature:true config.hardKeyboardHidden:2
03-03 15:28:49.663 I/ActivityManager(  506): [TopPkgCurBat]	NowPkgName[org.xwalk.webapi_noneservice_tests]	Battery[76]	TimeTick[1425367729672]	OldPkgName[com.chrome.beta]
03-03 15:28:49.703 D/        (18931): Surface destroy: ANDROID_NATIVE_WINDOW_MAGIC
03-03 15:28:49.723 D/dalvikvm(25008): Trying to load lib /data/app-lib/org.xwalk.webapi_noneservice_tests-1/libxwalkcore.so 0x43d7e4a0
03-03 15:28:49.743 D/        (18870): Surface destroy: ANDROID_NATIVE_WINDOW_MAGIC
03-03 15:28:49.803 D/dalvikvm(25008): Added shared lib /data/app-lib/org.xwalk.webapi_noneservice_tests-1/libxwalkcore.so 0x43d7e4a0
03-03 15:28:49.823 I/LibraryLoader(25008): Time to load native libraries: 98 ms (timestamps 8963-9061)
03-03 15:28:49.823 I/LibraryLoader(25008): Expected native library version number "",actual native library version number ""
03-03 15:28:49.843 I/LibraryLoader(25008): Expected native library version number "",actual native library version number ""
03-03 15:28:49.843 I/chromium(25008): [INFO:library_loader_hooks.cc(112)] Chromium logging enabled: level = 0, default verbosity = 0
03-03 15:28:49.903 I/BrowserStartupController(25008): Initializing chromium process, singleProcess=true
03-03 15:28:50.373 W/AudioManagerAndroid(25008): Requires BLUETOOTH permission
03-03 15:28:50.393 I/ufoGralloc(25008): Hello, this is UFO GRALLOC/Intel Corporation
03-03 15:28:50.393 D/        (25008): Pixel Format : GGL_PIXEL_FORMAT_RGBA_8888
03-03 15:28:50.393 D/        (25008): droid_create_context : config id = 1 conf->NativeVisualID=1
03-03 15:28:50.393 D/        (25008): Pixel Format : GGL_PIXEL_FORMAT_RGBA_8888
03-03 15:28:50.393 I/        (25008): Requested context : GLES 2.0
03-03 15:28:50.453 W/chromium(25008): [WARNING:proxy_service.cc(899)] PAC support disabled because there is no system implementation
03-03 15:28:50.463 W/dalvikvm(25008): VFY: unable to find class referenced in signature (Landroid/view/inputmethod/CursorAnchorInfo;)
03-03 15:28:50.463 I/dalvikvm(25008): Could not find method android.view.inputmethod.InputMethodManager.updateCursorAnchorInfo, referenced from method org.chromium.content.browser.input.InputMethodManagerWrapper.updateCursorAnchorInfo
03-03 15:28:50.463 W/dalvikvm(25008): VFY: unable to resolve virtual method 1241: Landroid/view/inputmethod/InputMethodManager;.updateCursorAnchorInfo (Landroid/view/View;Landroid/view/inputmethod/CursorAnchorInfo;)V
03-03 15:28:50.463 D/dalvikvm(25008): VFY: replacing opcode 0x6e at 0x000a
03-03 15:28:50.523 E/cutils  (  164): Failed to mkdirat(/Removable/MicroSD): Read-only file system
03-03 15:28:50.523 W/ContextImpl(25008): Failed to ensure directory: /Removable/MicroSD/Android/data/org.xwalk.webapi_noneservice_tests/cache
03-03 15:28:50.523 W/XWalkExtensionManager(25008): Failed to read extensions-config.json
03-03 15:28:50.523 E/chromium(25008): [ERROR:unix_domain_server_socket_posix.cc(106)] Not implemented reached in virtual int net::UnixDomainServerSocket::GetLocalAddress(net::IPEndPoint*) const
03-03 15:28:50.523 I/dalvikvm(25008): Could not find method android.app.Activity.finishAndRemoveTask, referenced from method org.chromium.base.ApiCompatibilityUtils.finishAndRemoveTask
03-03 15:28:50.523 W/dalvikvm(25008): VFY: unable to resolve virtual method 4: Landroid/app/Activity;.finishAndRemoveTask ()V
03-03 15:28:50.523 D/dalvikvm(25008): VFY: replacing opcode 0x6e at 0x0006
03-03 15:28:50.523 I/dalvikvm(25008): Could not find method android.os.PowerManager.isInteractive, referenced from method org.chromium.base.ApiCompatibilityUtils.isInteractive
03-03 15:28:50.523 W/dalvikvm(25008): VFY: unable to resolve virtual method 768: Landroid/os/PowerManager;.isInteractive ()Z
03-03 15:28:50.523 D/dalvikvm(25008): VFY: replacing opcode 0x6e at 0x000e
03-03 15:28:50.523 W/Vold    (  164): Returning OperationFailed - no handler for errno 30
03-03 15:28:50.533 I/dalvikvm(25008): Could not find method android.view.Window.getNavigationBarColor, referenced from method org.chromium.base.ApiCompatibilityUtils.setStatusBarColor
03-03 15:28:50.533 W/dalvikvm(25008): VFY: unable to resolve virtual method 1144: Landroid/view/Window;.getNavigationBarColor ()I
03-03 15:28:50.533 D/dalvikvm(25008): VFY: replacing opcode 0x6e at 0x0010
03-03 15:28:50.533 I/dalvikvm(25008): Could not find method android.view.Window.setStatusBarColor, referenced from method org.chromium.base.ApiCompatibilityUtils.setStatusBarColor
03-03 15:28:50.533 W/dalvikvm(25008): VFY: unable to resolve virtual method 1149: Landroid/view/Window;.setStatusBarColor (I)V
03-03 15:28:50.533 D/dalvikvm(25008): VFY: replacing opcode 0x6e at 0x0019
03-03 15:28:50.533 E/dalvikvm(25008): Could not find class 'android.app.ActivityManager$TaskDescription', referenced from method org.chromium.base.ApiCompatibilityUtils.setTaskDescription
03-03 15:28:50.533 W/dalvikvm(25008): VFY: unable to resolve new-instance 11 (Landroid/app/ActivityManager$TaskDescription;) in Lorg/chromium/base/ApiCompatibilityUtils;
03-03 15:28:50.533 D/dalvikvm(25008): VFY: replacing opcode 0x22 at 0x0006
03-03 15:28:50.533 D/dalvikvm(25008): DexOpt: unable to opt direct call 0x001e at 0x08 in Lorg/chromium/base/ApiCompatibilityUtils;.setTaskDescription
03-03 15:28:50.603 I/chromium(25008): [INFO:xwalk_extension_renderer_controller.cc(47)] EXTENSION PROCESS DISABLED.
03-03 15:28:50.653 D/        (25008): droid_create_context : config id = 5 conf->NativeVisualID=1
03-03 15:28:50.653 D/        (25008): Pixel Format : GGL_PIXEL_FORMAT_RGBA_8888
03-03 15:28:50.653 I/        (25008): Requested context : GLES 2.0
03-03 15:28:50.653 D/        (25008): Pixel Format : GGL_PIXEL_FORMAT_RGBA_8888
03-03 15:28:50.663 D/OpenGLRenderer(25008): Enabling debug mode 0
03-03 15:28:50.723 W/IInputConnectionWrapper(18870): showStatusIcon on inactive InputConnection
03-03 15:28:50.723 D/XT9IME  (26399): new subtype :en_US ,keyboard
03-03 15:28:50.733 I/ActivityManager(  506): Displayed org.xwalk.webapi_noneservice_tests/.WebapiNoneserviceTestsActivity: +1s89ms
03-03 15:28:50.743 D/BatteryStatsImpl(  506): noteStopWakeLocked system isFromForeground = false
03-03 15:28:50.763 D/        (25008): Pixel Format : GGL_PIXEL_FORMAT_RGBA_8888
03-03 15:28:50.763 D/        (25008): droid_create_context : config id = 1 conf->NativeVisualID=1
03-03 15:28:50.763 D/        (25008): Pixel Format : GGL_PIXEL_FORMAT_RGBA_8888
03-03 15:28:50.763 I/        (25008): Requested context : GLES 2.0
03-03 15:28:50.763 D/        (25008): Swap interval set to = 1 value
03-03 15:28:50.763 E/TabPersistentStore(18870): Failed to create state folder: /data/data/com.chrome.beta/app_tabs/0
03-03 15:28:50.763 E/TabPersistentStore(18870): Failed to create state folder: /data/data/com.chrome.beta/app_tabs/0
03-03 15:28:50.883 D/        (25008): Pixel Format : GGL_PIXEL_FORMAT_RGBA_8888
03-03 15:28:50.883 D/        (25008): droid_create_context : config id = 1 conf->NativeVisualID=1
03-03 15:28:50.883 D/        (25008): Pixel Format : GGL_PIXEL_FORMAT_RGBA_8888
03-03 15:28:50.883 I/        (25008): Requested context : GLES 2.0
03-03 15:28:50.893 W/BindingManager(25008): Cannot call determinedVisibility() - never saw a connection for the pid: 25008
03-03 15:28:51.923 W/BindingManager(25008): Cannot call determinedVisibility() - never saw a connection for the pid: 25008
03-03 15:28:52.203 I/chromium(25008): [INFO:CONSOLE(0)] "Synchronous XMLHttpRequest on the main thread is deprecated because of its detrimental effects to the end user's experience. For more help, check http://xhr.spec.whatwg.org/.", source:  (0)
03-03 15:28:52.283 D/        (25008): Pixel Format : GGL_PIXEL_FORMAT_RGBA_8888
03-03 15:28:52.283 D/        (25008): droid_create_context : config id = 1 conf->NativeVisualID=1
03-03 15:28:52.283 D/        (25008): Pixel Format : GGL_PIXEL_FORMAT_RGBA_8888
03-03 15:28:52.283 I/        (25008): Requested context : GLES 2.0
03-03 15:28:56.933 I/dalvikvm(25008): Total arena pages for JIT: 11
03-03 15:28:56.933 I/dalvikvm(25008): Total arena pages for JIT: 12
03-03 15:28:56.933 I/dalvikvm(25008): Total arena pages for JIT: 13
03-03 15:28:56.933 I/dalvikvm(25008): Total arena pages for JIT: 14
03-03 15:28:56.933 I/dalvikvm(25008): Total arena pages for JIT: 15
03-03 15:28:56.963 D/SendBroadcastHandler(20754): startTimer() SEND_TO_CONTACTS_INSERT 
03-03 15:28:56.983 D/CountryDetector(  506): The first listener is added
03-03 15:28:57.153 I/dalvikvm(20754): Total arena pages for JIT: 11
03-03 15:28:57.193 I/dalvikvm(20754): Total arena pages for JIT: 12
03-03 15:28:57.193 I/dalvikvm(20754): Total arena pages for JIT: 13
03-03 15:28:57.193 I/dalvikvm(20754): Total arena pages for JIT: 14
03-03 15:28:57.193 I/dalvikvm(20754): Total arena pages for JIT: 15
03-03 15:28:57.863 D/SendBroadcastHandler(20754): startTimer() SEND_TO_CONTACTS_WIDGET_DELETE 
03-03 15:28:57.933 I/chromium(25008): [INFO:CONSOLE(70)] "WARNING: Message from backend doesn't have data.", source:  (70)
03-03 15:28:58.473 W/BindingManager(25008): Cannot call determinedVisibility() - never saw a connection for the pid: 25008
03-03 15:28:58.513 I/chromium(25008): [INFO:CONSOLE(70)] "WARNING: Message from backend doesn't have data.", source:  (70)
03-03 15:28:59.133 W/BindingManager(25008): Cannot call determinedVisibility() - never saw a connection for the pid: 25008
03-03 15:28:59.153 I/ActivityManager(  506): Killing 20771:com.android.musicfx/u0a17 (adj 15): empty for 1800s
03-03 15:28:59.223 I/SecurityManagerService(  621): SMS received security event: App[STOP/com.android.musicfx]
03-03 15:28:59.273 I/chromium(25008): [INFO:CONSOLE(70)] "WARNING: Message from backend doesn't have data.", source:  (70)
03-03 15:28:59.273 I/ActivityManager(  506): Killing 21111:com.tencent.mm/u0a88 (adj 15): empty for 1800s
03-03 15:28:59.363 I/SecurityManagerService(  621): SMS received security event: App[STOP/com.tencent.mm]
03-03 15:28:59.733 W/BindingManager(25008): Cannot call determinedVisibility() - never saw a connection for the pid: 25008
03-03 15:28:59.843 I/chromium(25008): [INFO:CONSOLE(70)] "WARNING: Message from backend doesn't have data.", source:  (70)
03-03 15:28:59.863 I/SecurityManagerService(  621): SMS received security event: App[START/com.android.providers.calendar]
03-03 15:28:59.873 D/dalvikvm(25235): Process 25235 nice name: com.android.providers.calendar
03-03 15:28:59.873 D/dalvikvm(25235): Extra Options: not specified
03-03 15:28:59.873 I/ActivityManager(  506): Start proc com.android.providers.calendar for broadcast com.android.providers.calendar/.ContactsEventUpdateReceiver: pid=25235 uid=10031 gids={50031, 3003, 1028, 1015}
03-03 15:28:59.963 D/SendBroadcastHandler(20754): mTimerTask sendMessage CONTACTS_INSERT 
03-03 15:28:59.963 D/SendBroadcastHandler(20754): (insert) sendBroadcast mInsertRawContacts:4
03-03 15:28:59.963 D/SendBroadcastHandler(20754): (insert) sendBroadcast mInsertName:4
03-03 15:28:59.963 D/SendBroadcastHandler(20754): (insert) sendBroadcast mInsertNameDetail:4
03-03 15:28:59.963 D/SendBroadcastHandler(20754): sendBroadcast insert to voice agent
03-03 15:29:00.003 D/Clock   (  570): ACTION_TIME_TICK
03-03 15:29:00.003 D/Clock   (  570): update clock:下午3:29
03-03 15:29:00.013 D/BatteryStatsImpl(  506): noteStopWakeLocked system isFromForeground = false
03-03 15:29:00.113 D/dalvikvm(  506): GC_EXPLICIT freed 2091K, 45% free 20771K/37748K, paused 2ms+7ms, total 67ms
03-03 15:29:00.133 V/ActivityManager(  506): Remove bg service from mStartingBackground ,r=ServiceRecord{22377788 u0 com.android.providers.calendar/.ContactsEventUpdateIntentService},r used time=198,left r count=1
03-03 15:29:00.333 W/BindingManager(25008): Cannot call determinedVisibility() - never saw a connection for the pid: 25008
03-03 15:29:00.443 I/chromium(25008): [INFO:CONSOLE(70)] "WARNING: Message from backend doesn't have data.", source:  (70)
03-03 15:29:00.463 D/dalvikvm(20754): GC_EXPLICIT freed 1283K, 16% free 7556K/8940K, paused 1ms+2ms, total 21ms
03-03 15:29:00.513 D/SendBroadcastHandler(20754): startTimer() SEND_TO_CONTACTS_INSERT 
03-03 15:29:00.863 D/SendBroadcastHandler(20754): mTimerTask sendMessage CONTACTS_DELETE 
03-03 15:29:00.873 D/SendBroadcastHandler(20754): sendBroadcast delete to voice agent
03-03 15:29:00.873 D/SendBroadcastHandler(20754): (Delete) sendBroadcast mDeleteContacts:4
03-03 15:29:00.873 D/SendBroadcastHandler(20754): (Delete) sendBroadcast mDeleteRawContactsVoice:5
03-03 15:29:00.873 D/SendBroadcastHandler(20754): sendBroadcast CONTACTS_DELETE
03-03 15:29:00.893 D/AsusContactWigdetSync(27552): ready to sync contact id = 4
03-03 15:29:00.893 D/AsusContactWigdetSync(27552): ready to sync widget
03-03 15:29:00.903 I/SecurityManagerService(  621): SMS received security event: App[START/com.asus.contactswidget]
03-03 15:29:00.903 D/AsusContactWigdetSync(27552): delete contact_id = 607
03-03 15:29:00.903 D/AsusContactWigdetSync(27552): delete contact_id = 609
03-03 15:29:00.903 D/AsusContactWigdetSync(27552): delete contact_id = 610
03-03 15:29:00.903 D/AsusContactWigdetSync(27552): delete contact_id = 611
03-03 15:29:00.903 D/AsusContactWigdetSync(27552): sync isdelete = true
03-03 15:29:00.913 D/dalvikvm(25259): Process 25259 nice name: com.asus.contactswidget
03-03 15:29:00.913 D/dalvikvm(25259): Extra Options: not specified
03-03 15:29:00.913 I/ActivityManager(  506): Start proc com.asus.contactswidget for broadcast com.asus.contactswidget/.ContactsWidgetReceiver: pid=25259 uid=10046 gids={50046}
03-03 15:29:00.933 D/AsusContactWigdetSync(25259): ready to sync contact id = 4
03-03 15:29:00.933 D/AsusContactWigdetSync(25259): ready to sync widget
03-03 15:29:00.933 I/CalendarProvider2(25235): Sending countdown intent: Intent { act=asuscalendar.intent.action.COUNTDOWN_CHANGED dat=content://com.android.calendar }
03-03 15:29:00.933 W/ContentResolver(25235): Failed to get type for: content://com.android.calendar (Unknown URL content://com.android.calendar)
03-03 15:29:00.943 D/AsusContactWigdetSync(25259): delete contact_id = 607
03-03 15:29:00.943 D/AsusContactWigdetSync(25259): delete contact_id = 609
03-03 15:29:00.943 D/AsusContactWigdetSync(25259): delete contact_id = 610
03-03 15:29:00.943 D/AsusContactWigdetSync(25259): delete contact_id = 611
03-03 15:29:00.943 D/AsusContactWigdetSync(25259): sync isdelete = true
03-03 15:29:00.943 I/SecurityManagerService(  621): SMS received security event: App[START/com.asus.calendar]
03-03 15:29:00.953 D/dalvikvm(25273): Process 25273 nice name: com.asus.calendar
03-03 15:29:00.953 D/dalvikvm(25273): Extra Options: not specified
03-03 15:29:00.953 W/BindingManager(25008): Cannot call determinedVisibility() - never saw a connection for the pid: 25008
03-03 15:29:00.953 I/ActivityManager(  506): Start proc com.asus.calendar for broadcast com.asus.calendar/com.asus.countdown.CountdownReceiver: pid=25273 uid=10002 gids={50002, 3003, 1028, 1015, 3002}
03-03 15:29:01.003 D/SendBroadcastHandler(20754): startTimer() SEND_TO_CONTACTS_WIDGET_DELETE 
03-03 15:29:01.043 V/ActivityManager(  506): Remove bg service from mStartingBackground ,r=ServiceRecord{22adf1e8 u0 com.asus.calendar/com.asus.countdown.CountdownService},r used time=7,left r count=3
03-03 15:29:01.073 I/chromium(25008): [INFO:CONSOLE(70)] "WARNING: Message from backend doesn't have data.", source:  (70)
03-03 15:29:01.133 I/CalendarProvider2(25235): Sending notification intent: Intent { act=android.intent.action.PROVIDER_CHANGED dat=content://com.android.calendar }
03-03 15:29:01.133 W/ContentResolver(25235): Failed to get type for: content://com.android.calendar (Unknown URL content://com.android.calendar)
03-03 15:29:01.133 V/ActivityManager(  506): Remove bg service from mStartingBackground ,r=ServiceRecord{22588a88 u0 com.android.providers.calendar/.EmptyService},r used time=1196,left r count=2
03-03 15:29:01.133 D/AlertReceiver(25273): onReceive: a=android.intent.action.PROVIDER_CHANGED Intent { act=android.intent.action.PROVIDER_CHANGED dat=content://com.android.calendar flg=0x10 cmp=com.asus.calendar/com.android.calendar.alerts.AlertReceiver }
03-03 15:29:01.153 D/AlertUtils(25273): Flushing old alerts from shared prefs table
03-03 15:29:01.153 D/AlertService(25273): 0 Action = android.intent.action.PROVIDER_CHANGED
03-03 15:29:01.153 D/AlertService(25273): Beginning updateAlertNotification
03-03 15:29:01.163 D/AlertService(25273): No fired or scheduled alerts
03-03 15:29:01.163 V/ActivityManager(  506): Remove bg service from mStartingBackground ,r=ServiceRecord{22a78218 u0 com.asus.calendar/com.android.calendar.alerts.AlertService},r used time=29,left r count=2
03-03 15:29:01.173 D/BatteryStatsImpl(  506): noteStopWakeLocked com.asus.calendar isFromForeground = false
03-03 15:29:01.503 E/ContactJson(25008): getStringArray(fields): Failed to parse json data: org.json.JSONException: Value givenNames at fields of type java.lang.String cannot be converted to JSONArray
03-03 15:29:01.903 D/AsusContactWigdetSync(27552): sync start
03-03 15:29:01.903 D/AsusContactWigdetSync(27552): sync selection = null
03-03 15:29:01.903 D/AsusContactWigdetSync(27552): sync delete selection = contact_id IN ( 610, 611, 609, 607)
03-03 15:29:01.923 D/AsusContactWigdetSync(27552): sync stop
03-03 15:29:01.933 V/ActivityManager(  506): Remove bg service from mStartingBackground ,r=ServiceRecord{22bc33b0 u0 com.asus.contacts/com.android.contacts.miniwidget.SyncService},r used time=1034,left r count=1
03-03 15:29:01.943 D/AsusContactWigdetSync(25259): sync start
03-03 15:29:01.943 D/AsusContactWigdetSync(25259): sync selection = null
03-03 15:29:01.943 D/AsusContactWigdetSync(25259): sync delete selection = contact_id IN ( 610, 611, 607, 609)
03-03 15:29:01.973 D/AsusContactWigdetSync(25259): sync stop
03-03 15:29:01.973 V/ActivityManager(  506): Remove bg service from mStartingBackground ,r=ServiceRecord{22ae1320 u0 com.asus.contactswidget/.SyncService},r used time=1032,left r count=0
03-03 15:29:02.083 W/BindingManager(25008): Cannot call determinedVisibility() - never saw a connection for the pid: 25008
03-03 15:29:02.133 D/dalvikvm(25008): GC_EXPLICIT freed 2594K, 29% free 6850K/9624K, paused 0ms+2ms, total 20ms
03-03 15:29:02.263 I/chromium(25008): [INFO:CONSOLE(70)] "WARNING: Message from backend doesn't have data.", source:  (70)
03-03 15:29:02.473 V/ActivityManager(  506): Remove bg service from mStartingBackground ,r=ServiceRecord{229797c8 u0 com.android.providers.calendar/.ContactsEventUpdateIntentService},r used time=94,left r count=1
03-03 15:29:03.193 W/BindingManager(25008): Cannot call determinedVisibility() - never saw a connection for the pid: 25008
03-03 15:29:03.403 I/chromium(25008): [INFO:CONSOLE(70)] "WARNING: Message from backend doesn't have data.", source:  (70)
03-03 15:29:03.473 I/CalendarProvider2(25235): Sending notification intent: Intent { act=android.intent.action.PROVIDER_CHANGED dat=content://com.android.calendar }
03-03 15:29:03.473 W/ContentResolver(25235): Failed to get type for: content://com.android.calendar (Unknown URL content://com.android.calendar)
03-03 15:29:03.473 D/AlertReceiver(25273): onReceive: a=android.intent.action.PROVIDER_CHANGED Intent { act=android.intent.action.PROVIDER_CHANGED dat=content://com.android.calendar flg=0x10 cmp=com.asus.calendar/com.android.calendar.alerts.AlertReceiver }
03-03 15:29:03.473 V/ActivityManager(  506): Remove bg service from mStartingBackground ,r=ServiceRecord{228e66b0 u0 com.android.providers.calendar/.EmptyService},r used time=1003,left r count=0
03-03 15:29:03.483 D/AlertService(25273): 0 Action = android.intent.action.PROVIDER_CHANGED
03-03 15:29:03.483 D/AlertService(25273): Beginning updateAlertNotification
03-03 15:29:03.493 D/AlertService(25273): No fired or scheduled alerts
03-03 15:29:03.503 D/BatteryStatsImpl(  506): noteStopWakeLocked com.asus.calendar isFromForeground = false
03-03 15:29:03.503 V/ActivityManager(  506): Remove bg service from mStartingBackground ,r=ServiceRecord{2285c1f8 u0 com.asus.calendar/com.android.calendar.alerts.AlertService},r used time=24,left r count=0
03-03 15:29:03.513 D/SendBroadcastHandler(20754): mTimerTask sendMessage CONTACTS_INSERT 
03-03 15:29:03.513 D/SendBroadcastHandler(20754): (insert) sendBroadcast mInsertRawContacts:6
03-03 15:29:03.513 D/SendBroadcastHandler(20754): (insert) sendBroadcast mInsertName:6
03-03 15:29:03.513 D/SendBroadcastHandler(20754): (insert) sendBroadcast mInsertNameDetail:6
03-03 15:29:03.513 D/SendBroadcastHandler(20754): sendBroadcast insert to voice agent
03-03 15:29:03.653 D/SendBroadcastHandler(20754): startTimer() SEND_TO_CONTACTS_INSERT 
03-03 15:29:03.823 D/dalvikvm(20754): GC_EXPLICIT freed 884K, 13% free 7781K/8940K, paused 0ms+3ms, total 17ms
03-03 15:29:04.003 D/SendBroadcastHandler(20754): mTimerTask sendMessage CONTACTS_DELETE 
03-03 15:29:04.003 D/SendBroadcastHandler(20754): sendBroadcast delete to voice agent
03-03 15:29:04.003 D/SendBroadcastHandler(20754): (Delete) sendBroadcast mDeleteContacts:5
03-03 15:29:04.003 D/SendBroadcastHandler(20754): (Delete) sendBroadcast mDeleteRawContactsVoice:5
03-03 15:29:04.003 D/SendBroadcastHandler(20754): sendBroadcast CONTACTS_DELETE
03-03 15:29:04.003 D/AsusContactWigdetSync(27552): ready to sync contact id = 5
03-03 15:29:04.003 D/AsusContactWigdetSync(27552): ready to sync widget
03-03 15:29:04.013 D/AsusContactWigdetSync(27552): delete contact_id = 612
03-03 15:29:04.013 D/AsusContactWigdetSync(27552): delete contact_id = 613
03-03 15:29:04.013 D/AsusContactWigdetSync(27552): delete contact_id = 614
03-03 15:29:04.013 D/AsusContactWigdetSync(27552): delete contact_id = 615
03-03 15:29:04.013 D/AsusContactWigdetSync(27552): delete contact_id = 616
03-03 15:29:04.013 D/AsusContactWigdetSync(27552): sync isdelete = true
03-03 15:29:04.013 D/AsusContactWigdetSync(25259): ready to sync contact id = 5
03-03 15:29:04.013 D/AsusContactWigdetSync(25259): ready to sync widget
03-03 15:29:04.013 D/AsusContactWigdetSync(25259): delete contact_id = 612
03-03 15:29:04.013 D/AsusContactWigdetSync(25259): delete contact_id = 613
03-03 15:29:04.013 D/AsusContactWigdetSync(25259): delete contact_id = 614
03-03 15:29:04.013 D/AsusContactWigdetSync(25259): delete contact_id = 615
03-03 15:29:04.013 D/AsusContactWigdetSync(25259): delete contact_id = 616
03-03 15:29:04.013 D/AsusContactWigdetSync(25259): sync isdelete = true
03-03 15:29:04.363 W/BindingManager(25008): Cannot call determinedVisibility() - never saw a connection for the pid: 25008
03-03 15:29:04.413 D/SendBroadcastHandler(20754): startTimer() SEND_TO_CONTACTS_WIDGET_DELETE 
03-03 15:29:04.533 I/chromium(25008): [INFO:CONSOLE(70)] "WARNING: Message from backend doesn't have data.", source:  (70)
03-03 15:29:04.583 D/dalvikvm(  506): GC_EXPLICIT freed 201K, 46% free 20643K/37748K, paused 1ms+4ms, total 46ms
03-03 15:29:05.013 D/AsusContactWigdetSync(27552): sync start
03-03 15:29:05.013 D/AsusContactWigdetSync(27552): sync selection = null
03-03 15:29:05.013 D/AsusContactWigdetSync(27552): sync delete selection = contact_id IN ( 616, 614, 615, 612, 613)
03-03 15:29:05.013 D/AsusContactWigdetSync(27552): sync stop
03-03 15:29:05.013 D/AsusContactWigdetSync(25259): sync start
03-03 15:29:05.013 D/AsusContactWigdetSync(25259): sync selection = null
03-03 15:29:05.013 D/AsusContactWigdetSync(25259): sync delete selection = contact_id IN ( 616, 614, 615, 612, 613)
03-03 15:29:05.013 V/ActivityManager(  506): Remove bg service from mStartingBackground ,r=ServiceRecord{22590e70 u0 com.asus.contacts/com.android.contacts.miniwidget.SyncService},r used time=1005,left r count=1
03-03 15:29:05.023 D/AsusContactWigdetSync(25259): sync stop
03-03 15:29:05.023 V/ActivityManager(  506): Remove bg service from mStartingBackground ,r=ServiceRecord{22588a10 u0 com.asus.contactswidget/.SyncService},r used time=1007,left r count=0
