03-03 15:25:52.713 D/wpa_supplicant(  659): BSS: No P2P IE - skipping BSS 14:d6:4d:28:ef:c8 update for P2P interface
03-03 15:25:52.713 D/wpa_supplicant(  659): BSS: No P2P IE - skipping BSS b0:48:7a:51:ff:cc update for P2P interface
03-03 15:25:52.713 D/wpa_supplicant(  659): BSS: No P2P IE - skipping BSS c4:17:fe:3f:4f:fb update for P2P interface
03-03 15:25:52.713 D/wpa_supplicant(  659): BSS: No P2P IE - skipping BSS 10:c3:7b:d2:e5:e0 update for P2P interface
03-03 15:25:52.713 D/wpa_supplicant(  659): BSS: No P2P IE - skipping BSS e4:d3:32:c0:cf:a4 update for P2P interface
03-03 15:25:52.713 D/wpa_supplicant(  659): BSS: No P2P IE - skipping BSS 2c:b0:5d:7f:f4:24 update for P2P interface
03-03 15:25:52.713 D/wpa_supplicant(  659): BSS: No P2P IE - skipping BSS 44:94:fc:3d:da:38 update for P2P interface
03-03 15:25:52.713 D/wpa_supplicant(  659): BSS: No P2P IE - skipping BSS 7a:24:af:24:0f:48 update for P2P interface
03-03 15:25:52.713 D/wpa_supplicant(  659): BSS: No P2P IE - skipping BSS c0:c1:c0:76:81:3c update for P2P interface
03-03 15:25:52.713 D/wpa_supplicant(  659): BSS: No P2P IE - skipping BSS 50:bd:5f:4b:29:92 update for P2P interface
03-03 15:25:52.713 D/wpa_supplicant(  659): BSS: last_scan_res_used=0/32 last_scan_full=0
03-03 15:25:52.713 D/wpa_supplicant(  659): p2p-dev-wlan0: New scan results available
03-03 15:25:52.713 D/wpa_supplicant(  659): CTRL_IFACE monitor send - hexdump(len=39): 2f 64 61 74 61 2f 6d 69 73 63 2f 77 69 66 69 2f 73 6f 63 6b 65 74 73 2f 77 70 61 5f 63 74 72 6c ...
03-03 15:25:52.713 I/WifiHW  (  506): EVENT: IFNAME=p2p-dev-wlan0 CTRL-EVENT-SCAN-RESULTS 
03-03 15:25:52.713 D/wpa_supplicant(  659): WPS: AP[0] c8:d7:19:60:62:f2 type=0 tries=0 last_attempt=-1 sec ago blacklist=0
03-03 15:25:52.713 D/wpa_supplicant(  659): WPS: AP[1] f8:d1:11:e7:99:e8 type=0 tries=0 last_attempt=-1 sec ago blacklist=0
03-03 15:25:52.713 D/wpa_supplicant(  659): WPS: AP[2] cc:34:29:2c:fb:ec type=0 tries=0 last_attempt=-1 sec ago blacklist=0
03-03 15:25:52.713 D/wpa_supplicant(  659): WPS: AP[3] 10:c3:7b:d2:e5:e0 type=0 tries=0 last_attempt=-1 sec ago blacklist=0
03-03 15:25:52.713 D/wpa_supplicant(  659): WPS: AP[4] cc:34:29:2b:26:4c type=0 tries=0 last_attempt=-1 sec ago blacklist=0
03-03 15:25:52.713 D/wpa_supplicant(  659): WPS: AP[5] 44:94:fc:3d:da:38 type=0 tries=0 last_attempt=-1 sec ago blacklist=0
03-03 15:25:52.713 D/wpa_supplicant(  659): WPS: AP[6] b0:48:7a:51:ff:cc type=0 tries=0 last_attempt=-1 sec ago blacklist=0
03-03 15:25:52.713 D/wpa_supplicant(  659): WPS: AP[7] c0:c1:c0:76:81:3c type=0 tries=0 last_attempt=-1 sec ago blacklist=0
03-03 15:25:52.713 D/wpa_supplicant(  659): WPS: AP[8] 10:9f:a9:dc:b1:fc type=0 tries=0 last_attempt=-1 sec ago blacklist=0
03-03 15:25:52.713 D/wpa_supplicant(  659): WPS: AP[9] 98:fc:11:81:35:fb type=0 tries=0 last_attempt=-1 sec ago blacklist=0
03-03 15:25:52.713 D/wpa_supplicant(  659): WPS: AP[10] e4:d3:32:36:2e:54 type=0 tries=0 last_attempt=-1 sec ago blacklist=0
03-03 15:25:52.713 D/wpa_supplicant(  659): WPS: AP[11] c0:a0:bb:20:3b:84 type=0 tries=0 last_attempt=-1 sec ago blacklist=0
03-03 15:25:52.713 D/wpa_supplicant(  659): WPS: AP[12] 14:d6:4d:28:ef:c8 type=0 tries=0 last_attempt=-1 sec ago blacklist=0
03-03 15:25:52.713 D/wpa_supplicant(  659): WPS: AP[13] 2c:b0:5d:7f:f4:24 type=0 tries=0 last_attempt=-1 sec ago blacklist=0
03-03 15:25:52.713 D/wpa_supplicant(  659): WPS: AP[14] 9c:21:6a:0d:eb:72 type=0 tries=0 last_attempt=-1 sec ago blacklist=0
03-03 15:25:52.713 D/wpa_supplicant(  659): WPS: AP[15] 28:2c:b2:44:e4:00 type=0 tries=0 last_attempt=-1 sec ago blacklist=0
03-03 15:25:52.713 D/wpa_supplicant(  659): WPS: AP[16] 78:a1:06:55:fe:30 type=0 tries=0 last_attempt=-1 sec ago blacklist=0
03-03 15:25:52.713 D/wpa_supplicant(  659): WPS: AP[17] c0:61:18:21:8c:ce type=0 tries=0 last_attempt=-1 sec ago blacklist=0
03-03 15:25:52.713 D/wpa_supplicant(  659): WPS: AP[18] 78:54:2e:f5:fb:9e type=0 tries=0 last_attempt=-1 sec ago blacklist=0
03-03 15:25:52.713 D/wpa_supplicant(  659): WPS: AP[19] a8:15:4d:13:9a:08 type=0 tries=0 last_attempt=-1 sec ago blacklist=0
03-03 15:25:52.713 D/wpa_supplicant(  659): WPS: AP[20] 20:dc:e6:3f:eb:f2 type=0 tries=0 last_attempt=-1 sec ago blacklist=0
03-03 15:25:52.713 D/wpa_supplicant(  659): WPS: AP[21] 6c:e8:73:29:30:22 type=0 tries=0 last_attempt=-1 sec ago blacklist=0
03-03 15:25:52.713 D/wpa_supplicant(  659): WPS: AP[22] 14:e6:e4:b8:85:76 type=0 tries=0 last_attempt=-1 sec ago blacklist=0
03-03 15:25:52.713 D/wpa_supplicant(  659): WPS: AP[23] 64:09:80:1e:91:78 type=0 tries=0 last_attempt=-1 sec ago blacklist=0
03-03 15:25:52.713 D/wpa_supplicant(  659): WPS: AP[24] ec:88:8f:6a:0c:a8 type=0 tries=0 last_attempt=-1 sec ago blacklist=0
03-03 15:25:52.713 D/wpa_supplicant(  659): WPS: AP[25] d0:15:4a:15:5d:1a type=0 tries=0 last_attempt=-1 sec ago blacklist=0
03-03 15:25:52.713 D/wpa_supplicant(  659): WPS: AP[26] 1c:fa:68:11:5a:b6 type=0 tries=0 last_attempt=-1 sec ago blacklist=0
03-03 15:25:52.713 D/wpa_supplicant(  659): WPS: AP[27] 8c:be:be:26:4b:8b type=0 tries=0 last_attempt=-1 sec ago blacklist=0
03-03 15:25:52.713 D/wpa_supplicant(  659): WPS: AP[28] 64:09:80:15:31:84 type=0 tries=0 last_attempt=-1 sec ago blacklist=0
03-03 15:25:52.713 D/wpa_supplicant(  659): WPS: AP[29] bc:d1:77:f3:0b:28 type=0 tries=0 last_attempt=-1 sec ago blacklist=0
03-03 15:25:52.713 D/wpa_supplicant(  659): WPS: AP[30] c0:61:18:4e:07:fc type=0 tries=0 last_attempt=-1 sec ago blacklist=0
03-03 15:25:52.713 D/wpa_supplicant(  659): WPS: AP[31] f4:ec:38:6d:cf:d6 type=0 tries=0 last_attempt=-1 sec ago blacklist=0
03-03 15:25:52.713 D/wpa_supplicant(  659): WPS: AP[32] e4:d3:32:0a:fb:34 type=0 tries=0 last_attempt=-1 sec ago blacklist=0
03-03 15:25:52.713 D/wpa_supplicant(  659): WPS: AP[33] 8c:be:be:28:2d:f8 type=0 tries=0 last_attempt=-1 sec ago blacklist=0
03-03 15:25:52.713 D/wpa_supplicant(  659): WPS: AP[34] d8:15:0d:c4:57:de type=0 tries=0 last_attempt=-1 sec ago blacklist=0
03-03 15:25:52.713 D/wpa_supplicant(  659): WPS: AP[35] 40:16:9f:9b:64:fa type=0 tries=0 last_attempt=-1 sec ago blacklist=0
03-03 15:25:52.713 D/wpa_supplicant(  659): WPS: AP[36] ec:1a:59:0b:f4:8c type=0 tries=0 last_attempt=-1 sec ago blacklist=0
03-03 15:25:52.713 D/wpa_supplicant(  659): WPS: AP[37] 66:09:80:d9:a2:5d type=0 tries=0 last_attempt=-1 sec ago blacklist=0
03-03 15:25:52.713 D/wpa_supplicant(  659): WPS: AP[38] 7a:ff:57:00:13:8e type=0 tries=0 last_attempt=-1 sec ago blacklist=0
03-03 15:25:52.713 D/wpa_supplicant(  659): WPS: AP[39] 7a:ff:57:00:14:32 type=0 tries=0 last_attempt=-1 sec ago blacklist=0
03-03 15:25:52.713 D/wpa_supplicant(  659): WPS: AP[40] 02:13:20:ff:b6:3c type=0 tries=0 last_attempt=-1 sec ago blacklist=0
03-03 15:25:52.713 D/wpa_supplicant(  659): WPS: AP[41] 02:1e:67:80:2b:36 type=0 tries=0 last_attempt=-1 sec ago blacklist=0
03-03 15:25:52.713 D/wpa_supplicant(  659): WPS: AP[42] 02:09:4c:4f:4c:0a type=0 tries=0 last_attempt=-1 sec ago blacklist=0
03-03 15:25:52.713 D/wpa_supplicant(  659): p2p-dev-wlan0: No suitable network found
03-03 15:25:52.713 D/wpa_supplicant(  659): p2p-dev-wlan0: Short-circuit new scan request since there are no enabled networks
03-03 15:25:52.713 D/wpa_supplicant(  659): p2p-dev-wlan0: State: INACTIVE -> INACTIVE
03-03 15:25:52.713 D/wpa_supplicant(  659): wlan0: P2P: Station mode scan operation not pending anymore (sta_scan_pending=0 p2p_cb_on_scan_complete=0)
03-03 15:25:52.713 D/wpa_supplicant(  659): RX ctrl_iface - hexdump(len=25): 42 53 53 20 52 41 4e 47 45 3d 30 2d 20 4d 41 53 4b 3d 30 78 32 31 39 38 37
03-03 15:25:52.713 D/wpa_supplicant(  659): wlan0: Control interface command 'BSS RANGE=0- MASK=0x21987'
03-03 15:25:52.723 I/WifiHW  (  506): REPLY: id=3292
03-03 15:25:52.723 I/WifiHW  (  506): REPLY: bssid=c8:d7:19:60:62:f2
03-03 15:25:52.723 I/WifiHW  (  506): REPLY: freq=2437
03-03 15:25:52.723 I/WifiHW  (  506): REPLY: level=-53
03-03 15:25:52.723 I/WifiHW  (  506): REPLY: tsf=0000280274490261
03-03 15:25:52.723 I/WifiHW  (  506): REPLY: flags=[WPA2-EAP-CCMP-preauth][ESS]
03-03 15:25:52.723 I/WifiHW  (  506): REPLY: ssid=E3000-2.4G
03-03 15:25:52.723 I/WifiHW  (  506): REPLY: ====
03-03 15:25:52.723 I/WifiHW  (  506): REPLY: id=3293
03-03 15:25:52.723 I/WifiHW  (  506): REPLY: bssid=f8:d1:11:e7:99:e8
03-03 15:25:52.723 I/WifiHW  (  506): REPLY: freq=2437
03-03 15:25:52.723 I/WifiHW  (  506): REPLY: level=-50
03-03 15:25:52.723 I/WifiHW  (  506): REPLY: tsf=0000280274490251
03-03 15:25:52.723 I/WifiHW  (  506): REPLY: flags=[WPA-PSK-CCMP][WPA2-PSK-CCMP][WPS][ESS]
03-03 15:25:52.723 I/WifiHW  (  506): REPLY: ssid=videotest
03-03 15:25:52.723 I/WifiHW  (  506): REPLY: ====
03-03 15:25:52.723 I/WifiHW  (  506): REPLY: id=3294
03-03 15:25:52.723 I/WifiHW  (  506): REPLY: bssid=98:fc:11:81:35:fb
03-03 15:25:52.723 I/WifiHW  (  506): REPLY: freq=2412
03-03 15:25:52.723 I/WifiHW  (  506): REPLY: level=-60
03-03 15:25:52.723 I/WifiHW  (  506): REPLY: tsf=0000280274490223
03-03 15:25:52.723 I/WifiHW  (  506): REPLY: flags=[WPA2-PSK-CCMP][WPS][ESS]
03-03 15:25:52.723 I/WifiHW  (  506): REPLY: ssid=E2000EE
03-03 15:25:52.723 I/WifiHW  (  506): REPLY: ====
03-03 15:25:52.723 I/WifiHW  (  506): REPLY: id=3295
03-03 15:25:52.723 I/WifiHW  (  506): REPLY: bssid=90:94:e4:03:45:f5
03-03 15:25:52.723 I/WifiHW  (  506): REPLY: freq=2442
03-03 15:25:52.723 I/WifiHW  (  506): REPLY: level=-60
03-03 15:25:52.723 I/WifiHW  (  506): REPLY: tsf=0000280274490306
03-03 15:25:52.723 I/WifiHW  (  506): REPLY: flags=[WPA2-PSK-CCMP+TKIP][ESS]
03-03 15:25:52.723 I/WifiHW  (  506): REPLY: ssid=DAP-2553_D
03-03 15:25:52.723 I/WifiHW  (  506): REPLY: ====
03-03 15:25:52.723 I/WifiHW  (  506): REPLY: id=3296
03-03 15:25:52.723 I/WifiHW  (  506): REPLY: bssid=10:c3:7b:d2:e5:e0
03-03 15:25:52.723 I/WifiHW  (  506): REPLY: freq=2462
03-03 15:25:52.723 I/WifiHW  (  506): REPLY: level=-66
03-03 15:25:52.723 I/WifiHW  (  506): REPLY: tsf=0000280274490343
03-03 15:25:52.723 I/WifiHW  (  506): REPLY: flags=[WPA2-PSK-CCMP][WPS][ESS]
03-03 15:25:52.723 I/WifiHW  (  506): REPLY: ssid=ASUS_RT-AC66U-2.4G
03-03 15:25:52.723 I/WifiHW  (  506): REPLY: ====
03-03 15:25:52.723 I/WifiHW  (  506): REPLY: id=3299
03-03 15:25:52.723 I/WifiHW  (  506): REPLY: bssid=cc:34:29:2c:fb:ec
03-03 15:25:52.723 I/WifiHW  (  506): REPLY: freq=2412
03-03 15:25:52.723 I/WifiHW  (  506): REPLY: level=-65
03-03 15:25:52.723 I/WifiHW  (  506): REPLY: tsf=0000280233251574
03-03 15:25:52.723 I/WifiHW  (  506): REPLY: flags=[WPA-PSK-CCMP][WPA2-PSK-CCMP][WPS][ESS]
03-03 15:25:52.723 I/WifiHW  (  506): REPLY: ssid=linksys
03-03 15:25:52.723 I/WifiHW  (  506): REPLY: ====
03-03 15:25:52.723 I/WifiHW  (  506): REPLY: id=3303
03-03 15:25:52.723 I/WifiHW  (  506): REPLY: bssid=7a:24:af:24:0f:48
03-03 15:25:52.723 I/WifiHW  (  506): REPLY: freq=2412
03-03 15:25:52.723 I/WifiHW  (  506): REPLY: level=-56
03-03 15:25:52.723 I/WifiHW  (  506): REPLY: tsf=0000280274490353
03-03 15:25:52.723 I/WifiHW  (  506): REPLY: flags=[WEP]
03-03 15:25:52.723 I/WifiHW  (  506): REPLY: ssid=DIRECT-
03-03 15:25:52.723 I/WifiHW  (  506): REPLY: ====
03-03 15:25:52.723 I/WifiHW  (  506): REPLY: id=3304
03-03 15:25:52.723 I/WifiHW  (  506): REPLY: bssid=44:94:fc:3d:da:38
03-03 15:25:52.723 I/WifiHW  (  506): REPLY: freq=2462
03-03 15:25:52.723 I/WifiHW  (  506): REPLY: level=-49
03-03 15:25:52.723 I/WifiHW  (  506): REPLY: tsf=0000280274490326
03-03 15:25:52.723 I/WifiHW  (  506): REPLY: flags=[WEP][ESS]
03-03 15:25:52.723 I/WifiHW  (  506): REPLY: ssid=6300
03-03 15:25:52.723 I/WifiHW  (  506): REPLY: ====
03-03 15:25:52.723 I/WifiHW  (  506): REPLY: id=3306
03-03 15:25:52.723 I/WifiHW  (  506): REPLY: bssid=c0:c1:c0:76:81:3c
03-03 15:25:52.723 I/WifiHW  (  506): REPLY: freq=2462
03-03 15:25:52.723 I/WifiHW  (  506): REPLY: level=-55
03-03 15:25:52.723 I/WifiHW  (  506): REPLY: tsf=0000280274490334
03-03 15:25:52.723 I/WifiHW  (  506): REPLY: flags=[WPS][ESS]
03-03 15:25:52.723 I/WifiHW  (  506): REPLY: ssid=E2000
03-03 15:25:52.723 I/WifiHW  (  506): REPLY: ====
03-03 15:25:52.723 I/WifiHW  (  506): REPLY: id=3307
03-03 15:25:52.723 I/WifiHW  (  506): REPLY: bssid=50:bd:5f:4b:29:92
03-03 15:25:52.723 I/WifiHW  (  506): REPLY: freq=2437
03-03 15:25:52.723 I/WifiHW  (  506): REPLY: level=-62
03-03 15:25:52.723 I/WifiHW  (  506): REPLY: tsf=0000280274490269
03-03 15:25:52.723 I/WifiHW  (  506): REPLY: flags=[ESS]
03-03 15:25:52.723 I/WifiHW  (  506): REPLY: ssid=Internet-2
03-03 15:25:52.723 I/WifiHW  (  506): REPLY: ====
03-03 15:25:52.723 I/WifiHW  (  506): REPLY: id=3311
03-03 15:25:52.723 I/WifiHW  (  506): REPLY: bssid=14:d6:4d:28:ef:c8
03-03 15:25:52.723 I/WifiHW  (  506): REPLY: freq=2437
03-03 15:25:52.723 I/WifiHW  (  506): REPLY: level=-65
03-03 15:25:52.723 I/WifiHW  (  506): REPLY: tsf=0000280274490289
03-03 15:25:52.723 I/WifiHW  (  506): REPLY: flags=[WPA2-PSK-CCMP][WPS][ESS]
03-03 15:25:52.723 I/WifiHW  (  506): REPLY: ssid=dlink
03-03 15:25:52.723 I/WifiHW  (  506): REPLY: ====
03-03 15:25:52.723 I/WifiHW  (  506): REPLY: id=3319
03-03 15:25:52.723 I/WifiHW  (  506): REPLY: bssid=c4:17:fe:3f:4f:fb
03-03 15:25:52.723 I/WifiHW  (  506): REPLY: freq=2437
03-03 15:25:52.723 I/WifiHW  (  506): REPLY: level=-65
03-03 15:25:52.723 I/WifiHW  (  506): REPLY: tsf=0000280274490280
03-03 15:25:52.723 I/WifiHW  (  506): REPLY: flags=[WPA2-PSK-CCMP][ESS]
03-03 15:25:52.723 I/WifiHW  (  506): REPLY: ssid=cmcm
03-03 15:25:52.723 I/WifiHW  (  506): REPLY: ====
03-03 15:25:52.723 I/WifiHW  (  506): REPLY: id=3365
03-03 15:25:52.723 I/WifiHW  (  506): REPLY: bssid=b0:48:7a:51:ff:cc
03-03 15:25:52.723 I/WifiHW  (  506): REPLY: freq=2452
03-03 15:25:52.723 I/WifiHW  (  506): REPLY: level=-65
03-03 15:25:52.723 I/WifiHW  (  506): REPLY: tsf=0000280274490317
03-03 15:25:52.723 I/WifiHW  (  506): REPLY: flags=[WPA-PSK-CCMP][WPA2-PSK-CCMP][WPS][ESS]
03-03 15:25:52.723 I/WifiHW  (  506): REPLY: ssid=Neusoft TP
03-03 15:25:52.723 I/WifiHW  (  506): REPLY: ====
03-03 15:25:52.723 I/WifiHW  (  506): REPLY: id=3371
03-03 15:25:52.723 I/WifiHW  (  506): REPLY: bssid=22:48:9a:ac:31:5b
03-03 15:25:52.723 I/WifiHW  (  506): REPLY: freq=2437
03-03 15:25:52.723 I/WifiHW  (  506): REPLY: level=-73
03-03 15:25:52.723 I/WifiHW  (  506): REPLY: tsf=0000280233251597
03-03 15:25:52.723 I/WifiHW  (  506): REPLY: flags=[WPA2-PSK-CCMP][ESS]
03-03 15:25:52.723 I/WifiHW  (  506): REPLY: ssid=dean1
03-03 15:25:52.723 I/WifiHW  (  506): REPLY: ====
03-03 15:25:52.723 I/WifiHW  (  506): REPLY: id=3373
03-03 15:25:52.723 I/WifiHW  (  506): REPLY: bssid=cc:34:29:2b:26:4c
03-03 15:25:52.723 I/WifiHW  (  506): REPLY: freq=2462
03-03 15:25:52.723 I/WifiHW  (  506): REPLY: level=-61
03-03 15:25:52.723 I/WifiHW  (  506): REPLY: tsf=0000280274490374
03-03 15:25:52.723 I/WifiHW  (  506): REPLY: flags=[WPA2-PSK-CCMP][WPS][ESS]
03-03 15:25:52.723 I/WifiHW  (  506): REPLY: ssid=cws-test
03-03 15:25:52.723 I/WifiHW  (  506): REPLY: ====
03-03 15:25:52.723 I/WifiHW  (  506): REPLY: id=3376
03-03 15:25:52.723 I/WifiHW  (  506): REPLY: bssid=00:25:86:5c:5e:30
03-03 15:25:52.723 I/WifiHW  (  506): REPLY: freq=2437
03-03 15:25:52.723 I/WifiHW  (  506): REPLY: level=-80
03-03 15:25:52.723 I/WifiHW  (  506): REPLY: tsf=0000280233251640
03-03 15:25:52.723 I/WifiHW  (  506): REPLY: flags=[ESS]
03-03 15:25:52.723 I/WifiHW  (  506): REPLY: ssid=internet
03-03 15:25:52.723 I/WifiHW  (  506): REPLY: ====
03-03 15:25:52.723 I/WifiHW  (  506): REPLY: id=3377
03-03 15:25:52.723 I/WifiHW  (  506): REPLY: bssid=e4:d3:32:c0:cf:a4
03-03 15:25:52.723 I/WifiHW  (  506): REPLY: freq=2437
03-03 15:25:52.723 I/WifiHW  (  506): REPLY: level=-70
03-03 15:25:52.723 I/WifiHW  (  506): REPLY: tsf=0000280274490297
03-03 15:25:52.723 I/WifiHW  (  506): REPLY: flags=[WPA2-PSK-CCMP][ESS]
03-03 15:25:52.723 I/WifiHW  (  506): REPLY: ssid=fast
03-03 15:25:52.723 I/WifiHW  (  506): REPLY: ====
03-03 15:25:52.723 I/WifiHW  (  506): REPLY: id=3378
03-03 15:25:52.723 I/WifiHW  (  506): REPLY: bssid=18:dc:56:b2:b6:3d
03-03 15:25:52.723 I/WifiHW  (  506): REPLY: freq=2437
03-03 15:25:52.723 I/WifiHW  (  506): REPLY: level=-84
03-03 15:25:52.723 I/WifiHW  (  506): REPLY: tsf=0000280233251634
03-03 15:25:52.723 I/WifiHW  (  506): REPLY: flags=[WPA2-PSK-CCMP][ESS]
03-03 15:25:52.723 I/WifiHW  (  506): REPLY: ssid=AP_7620L-B63D
03-03 15:25:52.723 I/WifiHW  (  506): REPLY: ====
03-03 15:25:52.723 I/WifiHW  (  506): REPLY: id=3379
03-03 15:25:52.723 I/WifiHW  (  506): REPLY: bssid=2c:b0:5d:7f:f4:24
03-03 15:25:52.723 I/WifiHW  (  506): REPLY: freq=2412
03-03 15:25:52.723 I/WifiHW  (  506): REPLY: level=-84
03-03 15:25:52.723 I/WifiHW  (  506): REPLY: tsf=0000280274490239
03-03 15:25:52.723 I/WifiHW  (  506): REPLY: flags=[WPA2-PSK-CCMP][WPS][ESS]
03-03 15:25:52.723 I/WifiHW  (  506): REPLY: ssid=NETGEAR38
03-03 15:25:52.723 I/WifiHW  (  506): REPLY: ####
03-03 15:25:52.853 W/BindingManager(23809): Cannot call determinedVisibility() - never saw a connection for the pid: 23809
03-03 15:25:53.523 W/BindingManager(23809): Cannot call determinedVisibility() - never saw a connection for the pid: 23809
03-03 15:25:54.243 W/BindingManager(23809): Cannot call determinedVisibility() - never saw a connection for the pid: 23809
03-03 15:25:54.863 W/BindingManager(23809): Cannot call determinedVisibility() - never saw a connection for the pid: 23809
03-03 15:25:55.583 W/BindingManager(23809): Cannot call determinedVisibility() - never saw a connection for the pid: 23809
03-03 15:25:56.213 W/BindingManager(23809): Cannot call determinedVisibility() - never saw a connection for the pid: 23809
03-03 15:25:56.893 W/BindingManager(23809): Cannot call determinedVisibility() - never saw a connection for the pid: 23809
03-03 15:25:57.573 W/BindingManager(23809): Cannot call determinedVisibility() - never saw a connection for the pid: 23809
03-03 15:25:58.233 W/BindingManager(23809): Cannot call determinedVisibility() - never saw a connection for the pid: 23809
03-03 15:25:58.883 W/BindingManager(23809): Cannot call determinedVisibility() - never saw a connection for the pid: 23809
03-03 15:25:59.503 W/BindingManager(23809): Cannot call determinedVisibility() - never saw a connection for the pid: 23809
03-03 15:26:00.003 D/BatteryStatsImpl(  506): noteStopWakeLocked system isFromForeground = false
03-03 15:26:00.013 D/Clock   (  570): ACTION_TIME_TICK
03-03 15:26:00.013 D/Clock   (  570): update clock:3:26
03-03 15:26:00.063 D/BatteryStatsImpl(  506): noteStopWakeLocked system isFromForeground = false
03-03 15:26:00.123 W/BindingManager(23809): Cannot call determinedVisibility() - never saw a connection for the pid: 23809
03-03 15:26:00.143 I/chromium(23809): [INFO:CONSOLE(0)] "WebSocket connection to 'ws://127.0.0.1:8081/echo' failed: WebSocket is closed before the connection is established.", source: http://127.0.0.1:8080/opt/tct-websocket-w3c-tests/websocket/w3c/Create-valid-url-protocol-empty.htm (0)
03-03 15:26:00.863 W/BindingManager(23809): Cannot call determinedVisibility() - never saw a connection for the pid: 23809
03-03 15:26:01.513 W/BindingManager(23809): Cannot call determinedVisibility() - never saw a connection for the pid: 23809
03-03 15:26:02.203 W/BindingManager(23809): Cannot call determinedVisibility() - never saw a connection for the pid: 23809
03-03 15:26:02.873 W/BindingManager(23809): Cannot call determinedVisibility() - never saw a connection for the pid: 23809
03-03 15:26:03.523 W/BindingManager(23809): Cannot call determinedVisibility() - never saw a connection for the pid: 23809
03-03 15:26:04.173 W/BindingManager(23809): Cannot call determinedVisibility() - never saw a connection for the pid: 23809
03-03 15:26:04.843 W/BindingManager(23809): Cannot call determinedVisibility() - never saw a connection for the pid: 23809
03-03 15:26:05.533 W/BindingManager(23809): Cannot call determinedVisibility() - never saw a connection for the pid: 23809
03-03 15:26:06.193 W/BindingManager(23809): Cannot call determinedVisibility() - never saw a connection for the pid: 23809
03-03 15:26:06.813 W/BindingManager(23809): Cannot call determinedVisibility() - never saw a connection for the pid: 23809
03-03 15:26:07.473 W/BindingManager(23809): Cannot call determinedVisibility() - never saw a connection for the pid: 23809
03-03 15:26:08.143 W/BindingManager(23809): Cannot call determinedVisibility() - never saw a connection for the pid: 23809
03-03 15:26:08.773 W/BindingManager(23809): Cannot call determinedVisibility() - never saw a connection for the pid: 23809
03-03 15:26:09.493 W/BindingManager(23809): Cannot call determinedVisibility() - never saw a connection for the pid: 23809
03-03 15:26:10.133 W/BindingManager(23809): Cannot call determinedVisibility() - never saw a connection for the pid: 23809
03-03 15:26:10.163 I/chromium(23809): [INFO:CONSOLE(0)] "WebSocket connection to 'wss://html5labs-interop.cloudapp.net/echo' failed: WebSocket is closed before the connection is established.", source: http://127.0.0.1:8080/opt/tct-websocket-w3c-tests/websocket/w3c/Create-Secure-verify-url-set-default-port.htm (0)
03-03 15:26:10.163 W/SocketClient(  170): write error (Broken pipe)
03-03 15:26:10.333 I/chromium(23809): [INFO:CONSOLE(14)] "WebSocket connection to 'wss://127.0.0.1:8444/echo' failed: Error in connection establishment: net::ERR_CONNECTION_REFUSED", source: http://127.0.0.1:8080/opt/tct-websocket-w3c-tests/websocket/w3c/Create-Secure-verify-url-set-non-default-port.htm (14)
03-03 15:26:10.403 I/chromium(23809): [INFO:CONSOLE(0)] "WebSocket connection to 'ws://html5labs-interop.cloudapp.net/echo' failed: WebSocket is closed before the connection is established.", source: http://127.0.0.1:8080/opt/tct-websocket-w3c-tests/websocket/w3c/Create-verify-url-set-default-port.htm (0)
03-03 15:26:11.303 W/BindingManager(23809): Cannot call determinedVisibility() - never saw a connection for the pid: 23809
03-03 15:26:11.963 W/BindingManager(23809): Cannot call determinedVisibility() - never saw a connection for the pid: 23809
03-03 15:26:12.633 W/BindingManager(23809): Cannot call determinedVisibility() - never saw a connection for the pid: 23809
03-03 15:26:13.263 W/BindingManager(23809): Cannot call determinedVisibility() - never saw a connection for the pid: 23809
03-03 15:26:13.943 W/BindingManager(23809): Cannot call determinedVisibility() - never saw a connection for the pid: 23809
03-03 15:26:14.643 W/BindingManager(23809): Cannot call determinedVisibility() - never saw a connection for the pid: 23809
03-03 15:26:15.283 W/BindingManager(23809): Cannot call determinedVisibility() - never saw a connection for the pid: 23809
03-03 15:26:15.323 D/BatteryStatsImpl(  506): noteStopWakeLocked system isFromForeground = false
03-03 15:26:15.973 W/BindingManager(23809): Cannot call determinedVisibility() - never saw a connection for the pid: 23809
03-03 15:26:16.643 W/BindingManager(23809): Cannot call determinedVisibility() - never saw a connection for the pid: 23809
03-03 15:26:17.103 D/EVENT_THREAD(  187): void CEventThread::run() POLLIN event on Fd (1)
03-03 15:26:17.103 D/EVENT_THREAD(  187): void CEventThread::run() Do poll with timeout: -1
03-03 15:26:17.103 I/upi_ug31xx(  167): (12993) update_capacity
03-03 15:26:17.103 I/[UPI]   (  167): <UG31/E>[UpiReadCapacity]: V=3982(3979), T=334(334-397), I=-343, C=-4(-4-0)
03-03 15:26:17.103 I/[UPI]   (  167): <UG31/E>[UpiReadCapacity]: (0x0000254a) 2769 (2832) / 3602 (3984) = 77
03-03 15:26:17.103 I/[UPI]   (  167): <UG31/E>[UpiReadCapacity]: (0x0000254a) 2769 (2832) / 3602 (3984) = 77
03-03 15:26:17.103 I/[UPI]   (  167): <UG31/E>[UpiReadCapacity]: (0x0000254a) 2765 (2765) / 3602 (3984) = 77
03-03 15:26:17.103 I/[UPI]   (  167): <UG31/E>[RsocFilterCountTime]: (0x0000254a) Step=6(394100), Full=6(394100), Lock=394100(1800000)
03-03 15:26:17.103 I/[UPI]   (  167): <UG31/E>[UpiReadCapacity]: (0x0000254a) 2765 (2765) / 3602 (3984) = 77 (-343--343)
03-03 15:26:17.103 I/[UPI]   (  167): <UG31/E><BATT> M:normal, P:77(77-77)%, V:3978mV, C:-271mA, T:33.4C(397), S:0x0000254a(000), R:2765mAh, F:3602mAh, Q:2316mAh, CC:4, P:30.270(1020-0)s, BO:7, 97:615:0-44af-9m:B001-20140514-144301 (16)
03-03 15:26:17.103 D/EVENT_THREAD(  187): void CEventThread::run() POLLIN event on Fd (1)
03-03 15:26:17.103 D/EVENT_THREAD(  187): void CEventThread::run() Do poll with timeout: -1
03-03 15:26:17.113 I/upi_ug31xx(  167): (12994) backup_data 
03-03 15:26:17.113 V/upi_ug31xx(  167): state->check_backup_count = 11
03-03 15:26:17.303 W/BindingManager(23809): Cannot call determinedVisibility() - never saw a connection for the pid: 23809
03-03 15:26:17.953 W/BindingManager(23809): Cannot call determinedVisibility() - never saw a connection for the pid: 23809
03-03 15:26:18.623 W/BindingManager(23809): Cannot call determinedVisibility() - never saw a connection for the pid: 23809
03-03 15:26:19.223 W/BindingManager(23809): Cannot call determinedVisibility() - never saw a connection for the pid: 23809
03-03 15:26:19.893 W/BindingManager(23809): Cannot call determinedVisibility() - never saw a connection for the pid: 23809
03-03 15:26:20.493 W/BindingManager(23809): Cannot call determinedVisibility() - never saw a connection for the pid: 23809
03-03 15:26:21.123 W/BindingManager(23809): Cannot call determinedVisibility() - never saw a connection for the pid: 23809
03-03 15:26:21.813 W/BindingManager(23809): Cannot call determinedVisibility() - never saw a connection for the pid: 23809
03-03 15:26:22.423 W/BindingManager(23809): Cannot call determinedVisibility() - never saw a connection for the pid: 23809
03-03 15:26:23.063 W/BindingManager(23809): Cannot call determinedVisibility() - never saw a connection for the pid: 23809
03-03 15:26:23.703 W/BindingManager(23809): Cannot call determinedVisibility() - never saw a connection for the pid: 23809
03-03 15:26:24.443 W/BindingManager(23809): Cannot call determinedVisibility() - never saw a connection for the pid: 23809
03-03 15:26:25.063 W/BindingManager(23809): Cannot call determinedVisibility() - never saw a connection for the pid: 23809
03-03 15:26:25.313 I/chromium(23809): [INFO:CONSOLE(0)] "WebSocket connection to 'ws://127.0.0.1:8081/ws/echo' failed: WebSocket is closed before the connection is established.", source: http://127.0.0.1:8080/opt/tct-websocket-w3c-tests/websocket/w3c/interfaces/WebSocket/bufferedAmount/004.html (0)
03-03 15:26:25.443 I/chromium(23809): [INFO:CONSOLE(0)] "WebSocket connection to 'ws://127.0.0.1:8081/' failed: WebSocket is closed before the connection is established.", source: http://127.0.0.1:8080/opt/tct-websocket-w3c-tests/websocket/w3c/interfaces/WebSocket/close/001.html (0)
03-03 15:26:25.663 I/chromium(23809): [INFO:CONSOLE(0)] "WebSocket connection to 'ws://127.0.0.1:8081/' failed: WebSocket is closed before the connection is established.", source: http://127.0.0.1:8080/opt/tct-websocket-w3c-tests/websocket/w3c/interfaces/WebSocket/close/003.html (0)
03-03 15:26:26.273 W/BindingManager(23809): Cannot call determinedVisibility() - never saw a connection for the pid: 23809
03-03 15:26:26.303 I/chromium(23809): [INFO:CONSOLE(0)] "WebSocket connection to 'ws://127.0.0.1:8081/' failed: WebSocket is closed before the connection is established.", source: http://127.0.0.1:8080/opt/tct-websocket-w3c-tests/websocket/w3c/interfaces/WebSocket/close/004.html (0)
03-03 15:26:28.473 W/BindingManager(23809): Cannot call determinedVisibility() - never saw a connection for the pid: 23809
03-03 15:26:29.963 I/chromium(23809): [INFO:CONSOLE(11)] "WebSocket connection to 'ws://127.0.0.1/' failed: Error in connection establishment: net::ERR_CONNECTION_REFUSED", source: http://127.0.0.1:8080/opt/tct-websocket-w3c-tests/websocket/w3c/interfaces/WebSocket/events/010.html (11)
03-03 15:26:29.963 I/chromium(23809): [INFO:CONSOLE(11)] "WebSocket connection to 'ws://127.0.0.1/' failed: Error in connection establishment: net::ERR_CONNECTION_REFUSED", source: http://127.0.0.1:8080/opt/tct-websocket-w3c-tests/websocket/w3c/interfaces/WebSocket/events/010.html (11)
03-03 15:26:29.963 I/chromium(23809): [INFO:CONSOLE(11)] "WebSocket connection to 'ws://127.0.0.1/' failed: Error in connection establishment: net::ERR_CONNECTION_REFUSED", source: http://127.0.0.1:8080/opt/tct-websocket-w3c-tests/websocket/w3c/interfaces/WebSocket/events/010.html (11)
03-03 15:26:29.963 I/chromium(23809): [INFO:CONSOLE(11)] "WebSocket connection to 'ws://127.0.0.1/' failed: Error in connection establishment: net::ERR_CONNECTION_REFUSED", source: http://127.0.0.1:8080/opt/tct-websocket-w3c-tests/websocket/w3c/interfaces/WebSocket/events/010.html (11)
03-03 15:26:30.213 I/chromium(23809): [INFO:CONSOLE(11)] "WebSocket connection to 'ws://127.0.0.1/' failed: Error in connection establishment: net::ERR_CONNECTION_REFUSED", source: http://127.0.0.1:8080/opt/tct-websocket-w3c-tests/websocket/w3c/interfaces/WebSocket/events/011.html (11)
03-03 15:26:30.213 I/chromium(23809): [INFO:CONSOLE(11)] "WebSocket connection to 'ws://127.0.0.1/' failed: Error in connection establishment: net::ERR_CONNECTION_REFUSED", source: http://127.0.0.1:8080/opt/tct-websocket-w3c-tests/websocket/w3c/interfaces/WebSocket/events/011.html (11)
03-03 15:26:30.213 I/chromium(23809): [INFO:CONSOLE(11)] "WebSocket connection to 'ws://127.0.0.1/' failed: Error in connection establishment: net::ERR_CONNECTION_REFUSED", source: http://127.0.0.1:8080/opt/tct-websocket-w3c-tests/websocket/w3c/interfaces/WebSocket/events/011.html (11)
03-03 15:26:30.213 I/chromium(23809): [INFO:CONSOLE(11)] "WebSocket connection to 'ws://127.0.0.1/' failed: Error in connection establishment: net::ERR_CONNECTION_REFUSED", source: http://127.0.0.1:8080/opt/tct-websocket-w3c-tests/websocket/w3c/interfaces/WebSocket/events/011.html (11)
03-03 15:26:30.463 I/chromium(23809): [INFO:CONSOLE(11)] "WebSocket connection to 'ws://127.0.0.1/' failed: Error in connection establishment: net::ERR_CONNECTION_REFUSED", source: http://127.0.0.1:8080/opt/tct-websocket-w3c-tests/websocket/w3c/interfaces/WebSocket/events/012.html (11)
03-03 15:26:30.463 I/chromium(23809): [INFO:CONSOLE(11)] "WebSocket connection to 'ws://127.0.0.1/' failed: Error in connection establishment: net::ERR_CONNECTION_REFUSED", source: http://127.0.0.1:8080/opt/tct-websocket-w3c-tests/websocket/w3c/interfaces/WebSocket/events/012.html (11)
03-03 15:26:30.463 I/chromium(23809): [INFO:CONSOLE(11)] "WebSocket connection to 'ws://127.0.0.1/' failed: Error in connection establishment: net::ERR_CONNECTION_REFUSED", source: http://127.0.0.1:8080/opt/tct-websocket-w3c-tests/websocket/w3c/interfaces/WebSocket/events/012.html (11)
03-03 15:26:30.463 I/chromium(23809): [INFO:CONSOLE(11)] "WebSocket connection to 'ws://127.0.0.1/' failed: Error in connection establishment: net::ERR_CONNECTION_REFUSED", source: http://127.0.0.1:8080/opt/tct-websocket-w3c-tests/websocket/w3c/interfaces/WebSocket/events/012.html (11)
03-03 15:26:30.723 I/chromium(23809): [INFO:CONSOLE(11)] "WebSocket connection to 'ws://127.0.0.1/' failed: Error in connection establishment: net::ERR_CONNECTION_REFUSED", source: http://127.0.0.1:8080/opt/tct-websocket-w3c-tests/websocket/w3c/interfaces/WebSocket/events/014.html (11)
03-03 15:26:30.723 I/chromium(23809): [INFO:CONSOLE(11)] "WebSocket connection to 'ws://127.0.0.1/' failed: Error in connection establishment: net::ERR_CONNECTION_REFUSED", source: http://127.0.0.1:8080/opt/tct-websocket-w3c-tests/websocket/w3c/interfaces/WebSocket/events/014.html (11)
03-03 15:26:30.723 I/chromium(23809): [INFO:CONSOLE(11)] "WebSocket connection to 'ws://127.0.0.1/' failed: Error in connection establishment: net::ERR_CONNECTION_REFUSED", source: http://127.0.0.1:8080/opt/tct-websocket-w3c-tests/websocket/w3c/interfaces/WebSocket/events/014.html (11)
03-03 15:26:30.723 I/chromium(23809): [INFO:CONSOLE(11)] "WebSocket connection to 'ws://127.0.0.1/' failed: Error in connection establishment: net::ERR_CONNECTION_REFUSED", source: http://127.0.0.1:8080/opt/tct-websocket-w3c-tests/websocket/w3c/interfaces/WebSocket/events/014.html (11)
03-03 15:26:31.433 W/BindingManager(23809): Cannot call determinedVisibility() - never saw a connection for the pid: 23809
03-03 15:26:32.053 W/BindingManager(23809): Cannot call determinedVisibility() - never saw a connection for the pid: 23809
03-03 15:26:32.713 W/BindingManager(23809): Cannot call determinedVisibility() - never saw a connection for the pid: 23809
03-03 15:26:32.713 D/wpa_supplicant(  659): wlan0: Starting AP scan for wildcard SSID
03-03 15:26:32.713 D/wpa_supplicant(  659): WPS: Building WPS IE for Probe Request
03-03 15:26:32.713 D/wpa_supplicant(  659): WPS:  * Version (hardcoded 0x10)
03-03 15:26:32.713 D/wpa_supplicant(  659): WPS:  * Request Type
03-03 15:26:32.713 D/wpa_supplicant(  659): WPS:  * Config Methods (4288)
03-03 15:26:32.713 D/wpa_supplicant(  659): WPS:  * UUID-E
03-03 15:26:32.713 D/wpa_supplicant(  659): WPS:  * Primary Device Type
03-03 15:26:32.713 D/wpa_supplicant(  659): WPS:  * RF Bands (1)
03-03 15:26:32.713 D/wpa_supplicant(  659): WPS:  * Association State
03-03 15:26:32.713 D/wpa_supplicant(  659): WPS:  * Configuration Error (0)
03-03 15:26:32.713 D/wpa_supplicant(  659): WPS:  * Device Password ID (0)
03-03 15:26:32.713 D/wpa_supplicant(  659): WPS:  * Manufacturer
03-03 15:26:32.713 D/wpa_supplicant(  659): WPS:  * Model Name
03-03 15:26:32.713 D/wpa_supplicant(  659): WPS:  * Model Number
03-03 15:26:32.713 D/wpa_supplicant(  659): WPS:  * Device Name
03-03 15:26:32.713 D/wpa_supplicant(  659): WPS:  * Version2 (0x20)
03-03 15:26:32.713 D/wpa_supplicant(  659): P2P: * P2P IE header
03-03 15:26:32.713 D/wpa_supplicant(  659): P2P: * Capability dev=25 group=00
03-03 15:26:32.713 D/wpa_supplicant(  659): P2P: * Listen Channel: Regulatory Class 81 Channel 11
03-03 15:26:32.713 D/wpa_supplicant(  659): wlan0: nl80211: scan request
03-03 15:26:32.733 I/chromium(23809): [INFO:CONSOLE(0)] "WebSocket connection to 'ws://127.0.0.1:8081/ws/echo' failed: WebSocket is closed before the connection is established.", source: http://127.0.0.1:8080/opt/tct-websocket-w3c-tests/websocket/w3c/interfaces/WebSocket/events/019.html (0)
03-03 15:26:32.743 I/chromium(23809): [INFO:CONSOLE(0)] "WebSocket connection to 'ws://127.0.0.1:8081/ws/echo' failed: WebSocket is closed before the connection is established.", source: http://127.0.0.1:8080/opt/tct-websocket-w3c-tests/websocket/w3c/interfaces/WebSocket/events/019.html (0)
03-03 15:26:32.743 I/chromium(23809): [INFO:CONSOLE(0)] "WebSocket connection to 'ws://127.0.0.1:8081/ws/echo' failed: WebSocket is closed before the connection is established.", source: http://127.0.0.1:8080/opt/tct-websocket-w3c-tests/websocket/w3c/interfaces/WebSocket/events/019.html (0)
03-03 15:26:32.743 I/chromium(23809): [INFO:CONSOLE(0)] "WebSocket connection to 'ws://127.0.0.1:8081/ws/echo' failed: WebSocket is closed before the connection is established.", source: http://127.0.0.1:8080/opt/tct-websocket-w3c-tests/websocket/w3c/interfaces/WebSocket/events/019.html (0)
03-03 15:26:32.813 D/wpa_supplicant(  659): Scan requested (ret=0) - scan timeout 30 seconds
03-03 15:26:32.813 D/wpa_supplicant(  659): nl80211: Drv Event 33 (NL80211_CMD_TRIGGER_SCAN) received for wlan0
03-03 15:26:32.813 D/wpa_supplicant(  659): wlan0: nl80211: Scan trigger
03-03 15:26:32.983 I/chromium(23809): [INFO:CONSOLE(10)] "WebSocket connection to 'ws://127.0.0.1/' failed: Error in connection establishment: net::ERR_CONNECTION_REFUSED", source: http://127.0.0.1:8080/opt/tct-websocket-w3c-tests/websocket/w3c/interfaces/WebSocket/extensions/001.html (10)
03-03 15:26:33.103 I/chromium(23809): [INFO:CONSOLE(10)] "WebSocket connection to 'ws://127.0.0.1/' failed: Error in connection establishment: net::ERR_CONNECTION_REFUSED", source: http://127.0.0.1:8080/opt/tct-websocket-w3c-tests/websocket/w3c/interfaces/WebSocket/protocol/001.html (10)
03-03 15:26:33.203 I/chromium(23809): [INFO:CONSOLE(9)] "WebSocket connection to 'ws://127.0.0.1/' failed: Error in connection establishment: net::ERR_CONNECTION_REFUSED", source: http://127.0.0.1:8080/opt/tct-websocket-w3c-tests/websocket/w3c/interfaces/WebSocket/readyState/001.html (9)
03-03 15:26:33.313 I/chromium(23809): [INFO:CONSOLE(9)] "WebSocket connection to 'ws://127.0.0.1/' failed: Error in connection establishment: net::ERR_CONNECTION_REFUSED", source: http://127.0.0.1:8080/opt/tct-websocket-w3c-tests/websocket/w3c/interfaces/WebSocket/readyState/002.html (9)
03-03 15:26:33.933 D/wpa_supplicant(  659): nl80211: Drv Event 34 (NL80211_CMD_NEW_SCAN_RESULTS) received for wlan0
03-03 15:26:33.933 D/wpa_supplicant(  659): wlan0: nl80211: New scan results available
03-03 15:26:33.933 D/wpa_supplicant(  659): wlan0: Event SCAN_RESULTS (3) received
03-03 15:26:33.933 D/wpa_supplicant(  659): nl80211: Received scan results (18 BSSes)
03-03 15:26:33.933 D/wpa_supplicant(  659): nl80211: Survey data missing
03-03 15:26:33.933 D/wpa_supplicant(  659): wlan0: BSS: Start scan result update 1559
03-03 15:26:33.933 D/wpa_supplicant(  659): wlan0: BSS: Add new id 3380 BSSID e4:d3:32:36:2e:54 SSID 'otc'
03-03 15:26:33.933 D/wpa_supplicant(  659): CTRL_IFACE monitor send - hexdump(len=39): 2f 64 61 74 61 2f 6d 69 73 63 2f 77 69 66 69 2f 73 6f 63 6b 65 74 73 2f 77 70 61 5f 63 74 72 6c ...
03-03 15:26:33.933 D/wpa_supplicant(  659): wlan0: BSS: Add new id 3381 BSSID cc:b2:55:e2:84:70 SSID 'DLINK_APK'
03-03 15:26:33.933 D/wpa_supplicant(  659): CTRL_IFACE monitor send - hexdump(len=39): 2f 64 61 74 61 2f 6d 69 73 63 2f 77 69 66 69 2f 73 6f 63 6b 65 74 73 2f 77 70 61 5f 63 74 72 6c ...
03-03 15:26:33.933 D/wpa_supplicant(  659): wlan0: BSS: Add new id 3382 BSSID 7e:7a:91:dc:83:0e SSID 'Donny'
03-03 15:26:33.933 D/wpa_supplicant(  659): CTRL_IFACE monitor send - hexdump(len=39): 2f 64 61 74 61 2f 6d 69 73 63 2f 77 69 66 69 2f 73 6f 63 6b 65 74 73 2f 77 70 61 5f 63 74 72 6c ...
03-03 15:26:33.933 D/wpa_supplicant(  659): wlan0: BSS: Add new id 3383 BSSID e4:d3:32:db:f6:03 SSID 'adddda'
03-03 15:26:33.933 D/wpa_supplicant(  659): CTRL_IFACE monitor send - hexdump(len=39): 2f 64 61 74 61 2f 6d 69 73 63 2f 77 69 66 69 2f 73 6f 63 6b 65 74 73 2f 77 70 61 5f 63 74 72 6c ...
03-03 15:26:33.933 D/wpa_supplicant(  659): wlan0: BSS: Remove id 3371 BSSID 22:48:9a:ac:31:5b SSID 'dean1' due to no match in scan
03-03 15:26:33.933 D/wpa_supplicant(  659): CTRL_IFACE monitor send - hexdump(len=39): 2f 64 61 74 61 2f 6d 69 73 63 2f 77 69 66 69 2f 73 6f 63 6b 65 74 73 2f 77 70 61 5f 63 74 72 6c ...
03-03 15:26:33.933 D/wpa_supplicant(  659): wlan0: BSS: Remove id 3378 BSSID 18:dc:56:b2:b6:3d SSID 'AP_7620L-B63D' due to no match in scan
03-03 15:26:33.933 D/wpa_supplicant(  659): CTRL_IFACE monitor send - hexdump(len=39): 2f 64 61 74 61 2f 6d 69 73 63 2f 77 69 66 69 2f 73 6f 63 6b 65 74 73 2f 77 70 61 5f 63 74 72 6c ...
03-03 15:26:33.933 D/wpa_supplicant(  659): wlan0: BSS: Remove id 3376 BSSID 00:25:86:5c:5e:30 SSID 'internet' due to no match in scan
03-03 15:26:33.933 D/wpa_supplicant(  659): CTRL_IFACE monitor send - hexdump(len=39): 2f 64 61 74 61 2f 6d 69 73 63 2f 77 69 66 69 2f 73 6f 63 6b 65 74 73 2f 77 70 61 5f 63 74 72 6c ...
03-03 15:26:33.933 D/wpa_supplicant(  659): BSS: last_scan_res_used=17/32 last_scan_full=0
03-03 15:26:33.933 D/wpa_supplicant(  659): wlan0: New scan results available
03-03 15:26:33.933 D/wpa_supplicant(  659): CTRL_IFACE monitor send - hexdump(len=39): 2f 64 61 74 61 2f 6d 69 73 63 2f 77 69 66 69 2f 73 6f 63 6b 65 74 73 2f 77 70 61 5f 63 74 72 6c ...
03-03 15:26:33.933 D/wpa_supplicant(  659): CTRL_IFACE monitor send - hexdump(len=39): 2f 64 61 74 61 2f 6d 69 73 63 2f 77 69 66 69 2f 73 6f 63 6b 65 74 73 2f 77 70 61 5f 63 74 72 6c ...
03-03 15:26:33.933 D/wpa_supplicant(  659): Authorize channel 1
03-03 15:26:33.933 D/wpa_supplicant(  659): Authorize channel 2
03-03 15:26:33.933 D/wpa_supplicant(  659): Authorize channel 3
03-03 15:26:33.933 D/wpa_supplicant(  659): Authorize channel 4
03-03 15:26:33.933 D/wpa_supplicant(  659): Authorize channel 5
03-03 15:26:33.933 D/wpa_supplicant(  659): Authorize channel 6
03-03 15:26:33.933 D/wpa_supplicant(  659): Authorize channel 7
03-03 15:26:33.933 I/WifiHW  (  506): EVENT: IFNAME=wlan0 CTRL-EVENT-BSS-ADDED 3380 e4:d3:32:36:2e:54
03-03 15:26:33.933 I/WifiHW  (  506): EVENT: IFNAME=wlan0 CTRL-EVENT-BSS-ADDED 3381 cc:b2:55:e2:84:70
03-03 15:26:33.933 I/WifiHW  (  506): EVENT: IFNAME=wlan0 CTRL-EVENT-BSS-ADDED 3382 7e:7a:91:dc:83:0e
03-03 15:26:33.933 I/WifiHW  (  506): EVENT: IFNAME=wlan0 CTRL-EVENT-BSS-ADDED 3383 e4:d3:32:db:f6:03
03-03 15:26:33.933 I/WifiHW  (  506): EVENT: IFNAME=wlan0 CTRL-EVENT-BSS-REMOVED 3371 22:48:9a:ac:31:5b
03-03 15:26:33.933 I/WifiHW  (  506): EVENT: IFNAME=wlan0 CTRL-EVENT-BSS-REMOVED 3378 18:dc:56:b2:b6:3d
03-03 15:26:33.933 I/WifiHW  (  506): EVENT: IFNAME=wlan0 CTRL-EVENT-BSS-REMOVED 3376 00:25:86:5c:5e:30
03-03 15:26:33.933 I/WifiHW  (  506): EVENT: IFNAME=wlan0 CTRL-EVENT-SCAN-RESULTS 
03-03 15:26:33.933 I/WifiHW  (  506): EVENT: IFNAME=wlan0 WPS-AP-AVAILABLE 
03-03 15:26:33.933 D/wpa_supplicant(  659): Authorize channel 8
03-03 15:26:33.933 D/wpa_supplicant(  659): Authorize channel 9
03-03 15:26:33.933 D/wpa_supplicant(  659): Authorize channel 10
03-03 15:26:33.933 D/wpa_supplicant(  659): Authorize channel 11
03-03 15:26:33.933 D/wpa_supplicant(  659): Authorize channel 12
03-03 15:26:33.933 D/wpa_supplicant(  659): Authorize channel 13
03-03 15:26:33.933 D/wpa_supplicant(  659): Authorize channel 1
03-03 15:26:33.933 D/wpa_supplicant(  659): Authorize channel 2
03-03 15:26:33.933 D/wpa_supplicant(  659): Authorize channel 3
03-03 15:26:33.933 D/wpa_supplicant(  659): Authorize channel 4
03-03 15:26:33.933 D/wpa_supplicant(  659): Authorize channel 5
03-03 15:26:33.933 D/wpa_supplicant(  659): Authorize channel 6
03-03 15:26:33.933 D/wpa_supplicant(  659): Authorize channel 7
03-03 15:26:33.933 D/wpa_supplicant(  659): Authorize channel 8
03-03 15:26:33.933 D/wpa_supplicant(  659): Authorize channel 9
03-03 15:26:33.933 D/wpa_supplicant(  659): Authorize channel 10
03-03 15:26:33.933 D/wpa_supplicant(  659): Authorize channel 11
03-03 15:26:33.933 D/wpa_supplicant(  659): Authorize channel 12
03-03 15:26:33.933 D/wpa_supplicant(  659): Authorize channel 13
03-03 15:26:33.933 D/wpa_supplicant(  659): Add access point on channel 6
03-03 15:26:33.933 D/wpa_supplicant(  659): Add access point on channel 6
03-03 15:26:33.933 D/wpa_supplicant(  659): Add access point on channel 1
03-03 15:26:33.933 D/wpa_supplicant(  659): Add access point on channel 7
03-03 15:26:33.933 D/wpa_supplicant(  659): Add access point on channel 11
03-03 15:26:33.933 D/wpa_supplicant(  659): Add access point on channel 1
03-03 15:26:33.933 D/wpa_supplicant(  659): Add access point on channel 1
03-03 15:26:33.933 D/wpa_supplicant(  659): Add access point on channel 11
03-03 15:26:33.933 D/wpa_supplicant(  659): Add access point on channel 11
03-03 15:26:33.933 D/wpa_supplicant(  659): Add access point on channel 6
03-03 15:26:33.933 D/wpa_supplicant(  659): Add access point on channel 6
03-03 15:26:33.933 D/wpa_supplicant(  659): Add access point on channel 6
03-03 15:26:33.933 D/wpa_supplicant(  659): Add access point on channel 9
03-03 15:26:33.933 D/wpa_supplicant(  659): Add access point on channel 11
03-03 15:26:33.933 D/wpa_supplicant(  659): Add access point on channel 6
03-03 15:26:33.933 D/wpa_supplicant(  659): Add access point on channel 1
03-03 15:26:33.933 D/wpa_supplicant(  659): Add access point on channel 13
03-03 15:26:33.933 D/wpa_supplicant(  659): Add access point on channel 8
03-03 15:26:33.933 D/wpa_supplicant(  659): Add access point on channel 6
03-03 15:26:33.933 D/wpa_supplicant(  659): Add access point on channel 8
03-03 15:26:33.933 D/wpa_supplicant(  659): Best Operating channel is = 1
03-03 15:26:33.933 D/wpa_supplicant(  659): WPS: AP[0] 28:2c:b2:44:e4:00 type=0 tries=0 last_attempt=-1 sec ago blacklist=0
03-03 15:26:33.933 I/WifiHW  (  506): CMD: IFNAME=wlan0 BSS RANGE=0- MASK=0x21987
03-03 15:26:33.933 D/wpa_supplicant(  659): WPS: AP[1] 14:e6:e4:b8:85:76 type=0 tries=0 last_attempt=-1 sec ago blacklist=0
03-03 15:26:33.933 D/wpa_supplicant(  659): WPS: AP[2] 78:a1:06:55:fe:30 type=0 tries=0 last_attempt=-1 sec ago blacklist=0
03-03 15:26:33.933 D/wpa_supplicant(  659): WPS: AP[3] a8:15:4d:13:9a:08 type=0 tries=0 last_attempt=-1 sec ago blacklist=0
03-03 15:26:33.933 D/wpa_supplicant(  659): WPS: AP[4] 78:54:2e:f5:fb:9e type=0 tries=0 last_attempt=-1 sec ago blacklist=0
03-03 15:26:33.933 D/wpa_supplicant(  659): WPS: AP[5] 20:dc:e6:3f:eb:f2 type=0 tries=0 last_attempt=-1 sec ago blacklist=0
03-03 15:26:33.933 D/wpa_supplicant(  659): WPS: AP[6] 64:09:80:1e:91:78 type=0 tries=0 last_attempt=-1 sec ago blacklist=0
03-03 15:26:33.933 D/wpa_supplicant(  659): WPS: AP[7] ec:88:8f:6a:0c:a8 type=0 tries=0 last_attempt=-1 sec ago blacklist=0
03-03 15:26:33.933 D/wpa_supplicant(  659): WPS: AP[8] d0:15:4a:15:5d:1a type=0 tries=0 last_attempt=-1 sec ago blacklist=0
03-03 15:26:33.933 D/wpa_supplicant(  659): WPS: AP[9] 1c:fa:68:11:5a:b6 type=0 tries=0 last_attempt=-1 sec ago blacklist=0
03-03 15:26:33.933 D/wpa_supplicant(  659): WPS: AP[10] 8c:be:be:26:4b:8b type=0 tries=0 last_attempt=-1 sec ago blacklist=0
03-03 15:26:33.933 D/wpa_supplicant(  659): WPS: AP[11] 64:09:80:15:31:84 type=0 tries=0 last_attempt=-1 sec ago blacklist=0
03-03 15:26:33.933 D/wpa_supplicant(  659): WPS: AP[12] bc:d1:77:f3:0b:28 type=0 tries=0 last_attempt=-1 sec ago blacklist=0
03-03 15:26:33.933 D/wpa_supplicant(  659): WPS: AP[13] c0:61:18:4e:07:fc type=0 tries=0 last_attempt=-1 sec ago blacklist=0
03-03 15:26:33.933 D/wpa_supplicant(  659): WPS: AP[14] f4:ec:38:6d:cf:d6 type=0 tries=0 last_attempt=-1 sec ago blacklist=0
03-03 15:26:33.933 D/wpa_supplicant(  659): WPS: AP[15] e4:d3:32:0a:fb:34 type=0 tries=0 last_attempt=-1 sec ago blacklist=0
03-03 15:26:33.933 D/wpa_supplicant(  659): WPS: AP[16] 8c:be:be:28:2d:f8 type=0 tries=0 last_attempt=-1 sec ago blacklist=0
03-03 15:26:33.933 D/wpa_supplicant(  659): WPS: AP[17] d8:15:0d:c4:57:de type=0 tries=0 last_attempt=-1 sec ago blacklist=0
03-03 15:26:33.933 D/wpa_supplicant(  659): WPS: AP[18] 40:16:9f:9b:64:fa type=0 tries=0 last_attempt=-1 sec ago blacklist=0
03-03 15:26:33.933 D/wpa_supplicant(  659): WPS: AP[19] ec:1a:59:0b:f4:8c type=0 tries=0 last_attempt=-1 sec ago blacklist=0
03-03 15:26:33.933 D/wpa_supplicant(  659): WPS: AP[20] 10:c3:7b:d2:e5:e0 type=0 tries=0 last_attempt=-1 sec ago blacklist=0
03-03 15:26:33.933 D/wpa_supplicant(  659): WPS: AP[21] 44:94:fc:3d:da:38 type=0 tries=0 last_attempt=-1 sec ago blacklist=0
03-03 15:26:33.933 D/wpa_supplicant(  659): WPS: AP[22] f8:d1:11:e7:99:e8 type=0 tries=0 last_attempt=-1 sec ago blacklist=0
03-03 15:26:33.933 D/wpa_supplicant(  659): WPS: AP[23] cc:34:29:2b:26:4c type=0 tries=0 last_attempt=-1 sec ago blacklist=0
03-03 15:26:33.933 D/wpa_supplicant(  659): WPS: AP[24] cc:34:29:2c:fb:ec type=0 tries=0 last_attempt=-1 sec ago blacklist=0
03-03 15:26:33.933 D/wpa_supplicant(  659): WPS: AP[25] 98:fc:11:81:35:fb type=0 tries=0 last_attempt=-1 sec ago blacklist=0
03-03 15:26:33.933 D/wpa_supplicant(  659): WPS: AP[26] c0:c1:c0:76:81:3c type=0 tries=0 last_attempt=-1 sec ago blacklist=0
03-03 15:26:33.933 D/wpa_supplicant(  659): WPS: AP[27] 10:9f:a9:dc:b1:fc type=0 tries=0 last_attempt=-1 sec ago blacklist=0
03-03 15:26:33.933 D/wpa_supplicant(  659): WPS: AP[28] b0:48:7a:51:ff:cc type=0 tries=0 last_attempt=-1 sec ago blacklist=0
03-03 15:26:33.933 D/wpa_supplicant(  659): WPS: AP[29] e4:d3:32:36:2e:54 type=0 tries=0 last_attempt=-1 sec ago blacklist=0
03-03 15:26:33.933 D/wpa_supplicant(  659): WPS: AP[30] 14:d6:4d:28:ef:c8 type=0 tries=0 last_attempt=-1 sec ago blacklist=0
03-03 15:26:33.933 D/wpa_supplicant(  659): WPS: AP[31] c0:a0:bb:20:3b:84 type=0 tries=0 last_attempt=-1 sec ago blacklist=0
03-03 15:26:33.933 D/wpa_supplicant(  659): WPS: AP[32] 2c:b0:5d:7f:f4:24 type=0 tries=0 last_attempt=-1 sec ago blacklist=0
03-03 15:26:33.933 D/wpa_supplicant(  659): WPS: AP[33] 9c:21:6a:0d:eb:72 type=0 tries=0 last_attempt=-1 sec ago blacklist=0
03-03 15:26:33.933 D/wpa_supplicant(  659): WPS: AP[34] 66:09:80:d9:a2:5d type=0 tries=0 last_attempt=-1 sec ago blacklist=0
03-03 15:26:33.933 D/wpa_supplicant(  659): WPS: AP[35] 7a:ff:57:00:13:8e type=0 tries=0 last_attempt=-1 sec ago blacklist=0
03-03 15:26:33.933 D/wpa_supplicant(  659): WPS: AP[36] 7a:ff:57:00:14:32 type=0 tries=0 last_attempt=-1 sec ago blacklist=0
03-03 15:26:33.933 D/wpa_supplicant(  659): WPS: AP[37] 02:13:20:ff:b6:3c type=0 tries=0 last_attempt=-1 sec ago blacklist=0
03-03 15:26:33.933 D/wpa_supplicant(  659): WPS: AP[38] 02:1e:67:80:2b:36 type=0 tries=0 last_attempt=-1 sec ago blacklist=0
03-03 15:26:33.933 D/wpa_supplicant(  659): WPS: AP[39] 02:09:4c:4f:4c:0a type=0 tries=0 last_attempt=-1 sec ago blacklist=0
03-03 15:26:33.933 D/wpa_supplicant(  659): wlan0: Selecting BSS from priority group 20
03-03 15:26:33.933 D/wpa_supplicant(  659): wlan0: 0: c8:d7:19:60:62:f2 ssid='E3000-2.4G' wpa_ie_len=0 rsn_ie_len=20 caps=0x411 level=-46
03-03 15:26:33.933 D/wpa_supplicant(  659): wlan0:    skip - SSID mismatch
03-03 15:26:33.933 D/wpa_supplicant(  659): wlan0: 1: f8:d1:11:e7:99:e8 ssid='videotest' wpa_ie_len=22 rsn_ie_len=20 caps=0x531 level=-54 wps
03-03 15:26:33.933 D/wpa_supplicant(  659): wlan0:    skip - SSID mismatch
03-03 15:26:33.933 D/wpa_supplicant(  659): wlan0: 2: 90:94:e4:03:45:f5 ssid='DAP-2553_D' wpa_ie_len=0 rsn_ie_len=24 caps=0x431 level=-57
03-03 15:26:33.933 D/wpa_supplicant(  659): wlan0:    skip - SSID mismatch
03-03 15:26:33.933 D/wpa_supplicant(  659): wlan0: 3: 10:c3:7b:d2:e5:e0 ssid='ASUS_RT-AC66U-2.4G' wpa_ie_len=0 rsn_ie_len=20 caps=0x411 level=-59 wps
03-03 15:26:33.933 D/wpa_supplicant(  659): wlan0:    skip - SSID mismatch
03-03 15:26:33.933 D/wpa_supplicant(  659): wlan0: 4: cc:34:29:2c:fb:ec ssid='linksys' wpa_ie_len=22 rsn_ie_len=20 caps=0x431 level=-60 wps
