03-03 15:29:27.963 D/SendBroadcastHandler(20754): (insert) sendBroadcast mInsertName:5
03-03 15:29:27.963 D/SendBroadcastHandler(20754): (insert) sendBroadcast mInsertNameDetail:5
03-03 15:29:27.963 D/SendBroadcastHandler(20754): sendBroadcast insert to voice agent
03-03 15:29:28.563 I/CalendarProvider2(25235): Sending notification intent: Intent { act=android.intent.action.PROVIDER_CHANGED dat=content://com.android.calendar }
03-03 15:29:28.563 W/ContentResolver(25235): Failed to get type for: content://com.android.calendar (Unknown URL content://com.android.calendar)
03-03 15:29:28.563 D/AlertReceiver(25273): onReceive: a=android.intent.action.PROVIDER_CHANGED Intent { act=android.intent.action.PROVIDER_CHANGED dat=content://com.android.calendar flg=0x10 cmp=com.asus.calendar/com.android.calendar.alerts.AlertReceiver }
03-03 15:29:28.563 V/ActivityManager(  506): Remove bg service from mStartingBackground ,r=ServiceRecord{22369158 u0 com.android.providers.calendar/.EmptyService},r used time=1009,left r count=2
03-03 15:29:28.573 D/AlertService(25273): 0 Action = android.intent.action.PROVIDER_CHANGED
03-03 15:29:28.573 D/AlertService(25273): Beginning updateAlertNotification
03-03 15:29:28.593 D/AlertService(25273): No fired or scheduled alerts
03-03 15:29:28.603 D/BatteryStatsImpl(  506): noteStopWakeLocked com.asus.calendar isFromForeground = false
03-03 15:29:28.603 V/ActivityManager(  506): Remove bg service from mStartingBackground ,r=ServiceRecord{2223b730 u0 com.asus.calendar/com.android.calendar.alerts.AlertService},r used time=35,left r count=2
03-03 15:29:28.853 D/AsusContactWigdetSync(27552): sync start
03-03 15:29:28.853 D/AsusContactWigdetSync(27552): sync selection = null
03-03 15:29:28.853 D/AsusContactWigdetSync(27552): sync delete selection = contact_id IN ( 645, 644, 646, 643, 642)
03-03 15:29:28.853 D/AsusContactWigdetSync(27552): sync stop
03-03 15:29:28.853 D/AsusContactWigdetSync(25259): sync start
03-03 15:29:28.853 D/AsusContactWigdetSync(25259): sync selection = null
03-03 15:29:28.853 D/AsusContactWigdetSync(25259): sync delete selection = contact_id IN ( 645, 644, 646, 643, 642)
03-03 15:29:28.853 V/ActivityManager(  506): Remove bg service from mStartingBackground ,r=ServiceRecord{22283ae8 u0 com.asus.contacts/com.android.contacts.miniwidget.SyncService},r used time=1006,left r count=1
03-03 15:29:28.863 D/AsusContactWigdetSync(25259): sync stop
03-03 15:29:28.863 V/ActivityManager(  506): Remove bg service from mStartingBackground ,r=ServiceRecord{2227a1f8 u0 com.asus.contactswidget/.SyncService},r used time=1007,left r count=0
03-03 15:29:29.703 D/SendBroadcastHandler(20754): mTimerTask sendMessage CONTACTS_UPDATE 
03-03 15:29:29.713 D/SendBroadcastHandler(20754): sendBroadcast update to voice agent
03-03 15:29:29.713 D/SendBroadcastHandler(20754): (update) sendBroadcast mUpdateRawContacts:0
03-03 15:29:29.713 D/SendBroadcastHandler(20754): (update) sendBroadcast mUpdateContacts:0
03-03 15:29:29.713 D/SendBroadcastHandler(20754): (update) sendBroadcast mUpdateName:1
03-03 15:29:29.713 D/AsusContactWigdetSync(27552): ready to sync widget
03-03 15:29:29.713 D/SendBroadcastHandler(20754): (update) sendBroadcast mUpdateNameDetail:1
03-03 15:29:29.713 D/SendBroadcastHandler(20754): sendBroadcast CONTACTS_UPDATE
03-03 15:29:29.713 D/AsusContactWigdetSync(27552): sync isdelete = false
03-03 15:29:29.713 D/AsusContactWigdetSync(25259): ready to sync widget
03-03 15:29:29.723 D/AsusContactWigdetSync(25259): sync isdelete = false
03-03 15:29:29.793 V/ActivityManager(  506): Remove bg service from mStartingBackground ,r=ServiceRecord{221f85e8 u0 com.android.providers.calendar/.ContactsEventUpdateIntentService},r used time=23,left r count=3
03-03 15:29:30.723 D/AsusContactWigdetSync(27552): sync start
03-03 15:29:30.723 D/AsusContactWigdetSync(25259): sync start
03-03 15:29:30.723 D/AsusContactWigdetSync(25259): sync selection = null
03-03 15:29:30.723 D/AsusContactWigdetSync(25259): sync stop
03-03 15:29:30.723 D/AsusContactWigdetSync(27552): sync selection = null
03-03 15:29:30.723 D/AsusContactWigdetSync(27552): sync stop
03-03 15:29:30.723 V/ActivityManager(  506): Remove bg service from mStartingBackground ,r=ServiceRecord{2220f178 u0 com.asus.contactswidget/.SyncService},r used time=1005,left r count=2
03-03 15:29:30.733 V/ActivityManager(  506): Remove bg service from mStartingBackground ,r=ServiceRecord{22211140 u0 com.asus.contacts/com.android.contacts.miniwidget.SyncService},r used time=1015,left r count=1
03-03 15:29:30.793 I/CalendarProvider2(25235): Sending notification intent: Intent { act=android.intent.action.PROVIDER_CHANGED dat=content://com.android.calendar }
03-03 15:29:30.793 W/ContentResolver(25235): Failed to get type for: content://com.android.calendar (Unknown URL content://com.android.calendar)
03-03 15:29:30.803 D/AlertReceiver(25273): onReceive: a=android.intent.action.PROVIDER_CHANGED Intent { act=android.intent.action.PROVIDER_CHANGED dat=content://com.android.calendar flg=0x10 cmp=com.asus.calendar/com.android.calendar.alerts.AlertReceiver }
03-03 15:29:30.803 V/ActivityManager(  506): Remove bg service from mStartingBackground ,r=ServiceRecord{221e9438 u0 com.android.providers.calendar/.EmptyService},r used time=1005,left r count=0
03-03 15:29:30.803 D/AlertService(25273): 0 Action = android.intent.action.PROVIDER_CHANGED
03-03 15:29:30.803 D/AlertService(25273): Beginning updateAlertNotification
03-03 15:29:30.823 D/AlertService(25273): No fired or scheduled alerts
03-03 15:29:30.833 D/BatteryStatsImpl(  506): noteStopWakeLocked com.asus.calendar isFromForeground = false
03-03 15:29:30.833 V/ActivityManager(  506): Remove bg service from mStartingBackground ,r=ServiceRecord{221cfd10 u0 com.asus.calendar/com.android.calendar.alerts.AlertService},r used time=31,left r count=0
03-03 15:29:30.863 W/BindingManager(25008): Cannot call determinedVisibility() - never saw a connection for the pid: 25008
03-03 15:29:31.313 D/SendBroadcastHandler(20754): startTimer() SEND_TO_CONTACTS_WIDGET_DELETE 
03-03 15:29:31.533 I/chromium(25008): [INFO:CONSOLE(70)] "WARNING: Message from backend doesn't have data.", source:  (70)
03-03 15:29:31.533 I/chromium(25008): [INFO:CONSOLE(70)] "WARNING: Message from backend doesn't have data.", source:  (70)
03-03 15:29:31.943 W/BindingManager(25008): Cannot call determinedVisibility() - never saw a connection for the pid: 25008
03-03 15:29:31.973 I/chromium(25008): [INFO:CONSOLE(70)] "WARNING: Message from backend doesn't have data.", source:  (70)
03-03 15:29:32.043 D/dalvikvm(  506): GC_EXPLICIT freed 61K, 46% free 20705K/37748K, paused 2ms+4ms, total 50ms
03-03 15:29:32.083 D/SendBroadcastHandler(20754): startTimer() SEND_TO_CONTACTS_INSERT 
03-03 15:29:32.543 D/AlarmManager(  506): Triggered Alarm 22019ce0 ELAPSED_REALTIME_WAKEUP IntentSender{2235c558: PendingIntentRecord{223aaa08 com.android.providers.calendar broadcastIntent}}
03-03 15:29:32.583 D/dalvikvm(25235): GC_EXPLICIT freed 357K, 7% free 6333K/6772K, paused 0ms+3ms, total 18ms
03-03 15:29:32.603 D/BatteryStatsImpl(  506): noteStopWakeLocked system isFromForeground = false
03-03 15:29:32.603 D/AlarmManager(  506): Removed alarm Alarm{21eef758 type 0 com.android.providers.calendar} type:RTC_WAKEUP
03-03 15:29:32.603 D/AlarmManager(  506): Added alarm Alarm{22127788 type 0 android} type:RTC_WAKEUP when: At 15-3-3 下午3:30 repeatInterval: 0h:30m:0.0s
03-03 15:29:32.603 D/AlarmManager(  506): Added alarm Alarm{2211a938 type 2 com.wandoujia.phoenix2} type:ELAPSED_REALTIME_WAKEUP when: After 0h:7m:32.0s
03-03 15:29:32.613 D/AlarmManager(  506): Added alarm Alarm{220fad48 type 0 com.wandoujia.phoenix2} type:RTC_WAKEUP when: At 15-3-3 下午4:08
03-03 15:29:32.623 D/BatteryStatsImpl(  506): noteStopWakeLocked com.android.providers.calendar isFromForeground = false
03-03 15:29:32.623 D/AlarmManager(  506): Added alarm Alarm{21fc45e8 type 0 com.android.providers.calendar} type:RTC_WAKEUP when: At 15-3-4 下午1:30
03-03 15:29:32.623 V/ActivityManager(  506): Remove bg service from mStartingBackground ,r=ServiceRecord{22211fd0 u0 com.android.providers.calendar/.CalendarProviderIntentService},r used time=47,left r count=0
03-03 15:29:32.633 D/dalvikvm(25008): GC_CONCURRENT freed 4272K, 39% free 7124K/11512K, paused 0ms+5ms, total 15ms
03-03 15:29:32.883 D/dalvikvm(20754): GC_EXPLICIT freed 629K, 14% free 7742K/8940K, paused 1ms+3ms, total 18ms
03-03 15:29:33.133 I/chromium(25008): [INFO:CONSOLE(70)] "WARNING: Message from backend doesn't have data.", source:  (70)
03-03 15:29:33.133 W/BindingManager(25008): Cannot call determinedVisibility() - never saw a connection for the pid: 25008
03-03 15:29:33.133 I/chromium(25008): [INFO:CONSOLE(70)] "WARNING: Message from backend doesn't have data.", source:  (70)
03-03 15:29:33.393 V/ActivityManager(  506): Remove bg service from mStartingBackground ,r=ServiceRecord{221d0490 u0 com.android.providers.calendar/.ContactsEventUpdateIntentService},r used time=83,left r count=1
03-03 15:29:34.173 W/BindingManager(25008): Cannot call determinedVisibility() - never saw a connection for the pid: 25008
03-03 15:29:34.313 D/SendBroadcastHandler(20754): mTimerTask sendMessage CONTACTS_DELETE 
03-03 15:29:34.313 D/SendBroadcastHandler(20754): sendBroadcast delete to voice agent
03-03 15:29:34.313 D/SendBroadcastHandler(20754): (Delete) sendBroadcast mDeleteContacts:4
03-03 15:29:34.313 D/AsusContactWigdetSync(27552): ready to sync contact id = 4
03-03 15:29:34.313 D/AsusContactWigdetSync(27552): ready to sync widget
03-03 15:29:34.313 D/SendBroadcastHandler(20754): (Delete) sendBroadcast mDeleteRawContactsVoice:4
03-03 15:29:34.313 D/SendBroadcastHandler(20754): sendBroadcast CONTACTS_DELETE
03-03 15:29:34.313 D/AsusContactWigdetSync(27552): delete contact_id = 647
03-03 15:29:34.313 D/AsusContactWigdetSync(27552): delete contact_id = 649
03-03 15:29:34.313 D/AsusContactWigdetSync(27552): delete contact_id = 648
03-03 15:29:34.313 D/AsusContactWigdetSync(27552): delete contact_id = 650
03-03 15:29:34.313 D/AsusContactWigdetSync(27552): sync isdelete = true
03-03 15:29:34.313 D/AsusContactWigdetSync(25259): ready to sync contact id = 4
03-03 15:29:34.313 D/AsusContactWigdetSync(25259): ready to sync widget
03-03 15:29:34.313 D/SendBroadcastHandler(20754): startTimer() SEND_TO_CONTACTS_WIDGET_DELETE 
03-03 15:29:34.323 D/AsusContactWigdetSync(25259): delete contact_id = 647
03-03 15:29:34.323 D/AsusContactWigdetSync(25259): delete contact_id = 649
03-03 15:29:34.323 D/AsusContactWigdetSync(25259): delete contact_id = 648
03-03 15:29:34.323 D/AsusContactWigdetSync(25259): delete contact_id = 650
03-03 15:29:34.323 D/AsusContactWigdetSync(25259): sync isdelete = true
03-03 15:29:34.393 I/CalendarProvider2(25235): Sending notification intent: Intent { act=android.intent.action.PROVIDER_CHANGED dat=content://com.android.calendar }
03-03 15:29:34.393 W/ContentResolver(25235): Failed to get type for: content://com.android.calendar (Unknown URL content://com.android.calendar)
03-03 15:29:34.393 D/AlertReceiver(25273): onReceive: a=android.intent.action.PROVIDER_CHANGED Intent { act=android.intent.action.PROVIDER_CHANGED dat=content://com.android.calendar flg=0x10 cmp=com.asus.calendar/com.android.calendar.alerts.AlertReceiver }
03-03 15:29:34.393 V/ActivityManager(  506): Remove bg service from mStartingBackground ,r=ServiceRecord{221400d0 u0 com.android.providers.calendar/.EmptyService},r used time=1004,left r count=2
03-03 15:29:34.403 D/AlertService(25273): 0 Action = android.intent.action.PROVIDER_CHANGED
03-03 15:29:34.403 D/AlertService(25273): Beginning updateAlertNotification
03-03 15:29:34.413 D/AlertService(25273): No fired or scheduled alerts
03-03 15:29:34.413 D/BatteryStatsImpl(  506): noteStopWakeLocked com.asus.calendar isFromForeground = false
03-03 15:29:34.413 V/ActivityManager(  506): Remove bg service from mStartingBackground ,r=ServiceRecord{22124578 u0 com.asus.calendar/com.android.calendar.alerts.AlertService},r used time=17,left r count=2
03-03 15:29:34.483 I/chromium(25008): [INFO:CONSOLE(70)] "WARNING: Message from backend doesn't have data.", source:  (70)
03-03 15:29:34.793 I/chromium(25008): [INFO:CONSOLE(70)] "WARNING: Message from backend doesn't have data.", source:  (70)
03-03 15:29:34.823 D/dalvikvm(20754): GC_EXPLICIT freed 671K, 14% free 7698K/8940K, paused 0ms+3ms, total 17ms
03-03 15:29:35.023 W/BindingManager(25008): Cannot call determinedVisibility() - never saw a connection for the pid: 25008
03-03 15:29:35.033 I/chromium(25008): [INFO:CONSOLE(70)] "WARNING: Message from backend doesn't have data.", source:  (70)
03-03 15:29:35.083 D/SendBroadcastHandler(20754): mTimerTask sendMessage CONTACTS_INSERT 
03-03 15:29:35.083 D/SendBroadcastHandler(20754): (insert) sendBroadcast mInsertRawContacts:6
03-03 15:29:35.083 D/SendBroadcastHandler(20754): (insert) sendBroadcast mInsertName:6
03-03 15:29:35.083 D/SendBroadcastHandler(20754): (insert) sendBroadcast mInsertNameDetail:6
03-03 15:29:35.083 D/SendBroadcastHandler(20754): sendBroadcast insert to voice agent
03-03 15:29:35.183 D/dalvikvm(25008): GC_CONCURRENT freed 4011K, 38% free 7151K/11512K, paused 1ms+2ms, total 10ms
03-03 15:29:35.263 D/dalvikvm(  506): GC_EXPLICIT freed 65K, 46% free 20710K/37748K, paused 1ms+4ms, total 48ms
03-03 15:29:35.313 D/AsusContactWigdetSync(27552): sync start
03-03 15:29:35.313 D/AsusContactWigdetSync(27552): sync selection = null
03-03 15:29:35.313 D/AsusContactWigdetSync(27552): sync delete selection = contact_id IN ( 647, 649, 648, 650)
03-03 15:29:35.313 D/AsusContactWigdetSync(27552): sync stop
03-03 15:29:35.313 V/ActivityManager(  506): Remove bg service from mStartingBackground ,r=ServiceRecord{22134750 u0 com.asus.contacts/com.android.contacts.miniwidget.SyncService},r used time=1004,left r count=1
03-03 15:29:35.323 D/AsusContactWigdetSync(25259): sync start
03-03 15:29:35.323 D/AsusContactWigdetSync(25259): sync selection = null
03-03 15:29:35.323 D/AsusContactWigdetSync(25259): sync delete selection = contact_id IN ( 647, 649, 648, 650)
03-03 15:29:35.323 D/AsusContactWigdetSync(25259): sync stop
03-03 15:29:35.323 V/ActivityManager(  506): Remove bg service from mStartingBackground ,r=ServiceRecord{22129930 u0 com.asus.contactswidget/.SyncService},r used time=1008,left r count=0
03-03 15:29:35.603 D/SendBroadcastHandler(20754): startTimer() SEND_TO_CONTACTS_INSERT 
03-03 15:29:35.603 W/BindingManager(25008): Cannot call determinedVisibility() - never saw a connection for the pid: 25008
03-03 15:29:35.603 I/chromium(25008): [INFO:CONSOLE(70)] "WARNING: Message from backend doesn't have data.", source:  (70)
03-03 15:29:36.123 W/BindingManager(25008): Cannot call determinedVisibility() - never saw a connection for the pid: 25008
03-03 15:29:36.123 I/chromium(25008): [INFO:CONSOLE(70)] "WARNING: Message from backend doesn't have data.", source:  (70)
03-03 15:29:36.383 V/ActivityManager(  506): Remove bg service from mStartingBackground ,r=ServiceRecord{2210b470 u0 com.android.providers.calendar/.ContactsEventUpdateIntentService},r used time=174,left r count=1
03-03 15:29:36.443 D/dalvikvm(20754): GC_EXPLICIT freed 611K, 14% free 7717K/8940K, paused 1ms+3ms, total 20ms
03-03 15:29:36.683 W/BindingManager(25008): Cannot call determinedVisibility() - never saw a connection for the pid: 25008
03-03 15:29:36.683 I/chromium(25008): [INFO:CONSOLE(70)] "WARNING: Message from backend doesn't have data.", source:  (70)
03-03 15:29:37.033 D/dalvikvm(25008): GC_CONCURRENT freed 4203K, 40% free 6938K/11512K, paused 1ms+2ms, total 11ms
03-03 15:29:37.133 W/BindingManager(25008): Cannot call determinedVisibility() - never saw a connection for the pid: 25008
03-03 15:29:37.313 D/SendBroadcastHandler(20754): mTimerTask sendMessage CONTACTS_DELETE 
03-03 15:29:37.313 D/SendBroadcastHandler(20754): sendBroadcast delete to voice agent
03-03 15:29:37.313 D/SendBroadcastHandler(20754): (Delete) sendBroadcast mDeleteContacts:6
03-03 15:29:37.313 D/SendBroadcastHandler(20754): (Delete) sendBroadcast mDeleteRawContactsVoice:6
03-03 15:29:37.313 D/SendBroadcastHandler(20754): sendBroadcast CONTACTS_DELETE
03-03 15:29:37.313 D/AsusContactWigdetSync(27552): ready to sync contact id = 6
03-03 15:29:37.313 D/AsusContactWigdetSync(27552): ready to sync widget
03-03 15:29:37.323 D/AsusContactWigdetSync(27552): delete contact_id = 651
03-03 15:29:37.323 D/AsusContactWigdetSync(27552): delete contact_id = 652
03-03 15:29:37.323 D/AsusContactWigdetSync(27552): delete contact_id = 653
03-03 15:29:37.323 D/AsusContactWigdetSync(27552): delete contact_id = 654
03-03 15:29:37.323 D/AsusContactWigdetSync(25259): ready to sync contact id = 6
03-03 15:29:37.323 D/AsusContactWigdetSync(25259): ready to sync widget
03-03 15:29:37.323 D/AsusContactWigdetSync(27552): delete contact_id = 655
03-03 15:29:37.323 D/AsusContactWigdetSync(27552): delete contact_id = 656
03-03 15:29:37.323 D/AsusContactWigdetSync(27552): sync isdelete = true
03-03 15:29:37.323 D/AsusContactWigdetSync(25259): delete contact_id = 651
03-03 15:29:37.323 D/AsusContactWigdetSync(25259): delete contact_id = 652
03-03 15:29:37.323 D/AsusContactWigdetSync(25259): delete contact_id = 653
03-03 15:29:37.323 D/AsusContactWigdetSync(25259): delete contact_id = 654
03-03 15:29:37.323 D/AsusContactWigdetSync(25259): delete contact_id = 655
03-03 15:29:37.323 D/AsusContactWigdetSync(25259): delete contact_id = 656
03-03 15:29:37.323 D/AsusContactWigdetSync(25259): sync isdelete = true
03-03 15:29:37.383 I/CalendarProvider2(25235): Sending notification intent: Intent { act=android.intent.action.PROVIDER_CHANGED dat=content://com.android.calendar }
03-03 15:29:37.383 W/ContentResolver(25235): Failed to get type for: content://com.android.calendar (Unknown URL content://com.android.calendar)
03-03 15:29:37.393 D/AlertReceiver(25273): onReceive: a=android.intent.action.PROVIDER_CHANGED Intent { act=android.intent.action.PROVIDER_CHANGED dat=content://com.android.calendar flg=0x10 cmp=com.asus.calendar/com.android.calendar.alerts.AlertReceiver }
03-03 15:29:37.393 D/AlertService(25273): 0 Action = android.intent.action.PROVIDER_CHANGED
03-03 15:29:37.393 D/AlertService(25273): Beginning updateAlertNotification
03-03 15:29:37.393 V/ActivityManager(  506): Remove bg service from mStartingBackground ,r=ServiceRecord{220d6db0 u0 com.android.providers.calendar/.EmptyService},r used time=1007,left r count=2
03-03 15:29:37.393 D/AlertService(25273): No fired or scheduled alerts
03-03 15:29:37.403 D/BatteryStatsImpl(  506): noteStopWakeLocked com.asus.calendar isFromForeground = false
03-03 15:29:37.403 V/ActivityManager(  506): Remove bg service from mStartingBackground ,r=ServiceRecord{21f63e20 u0 com.asus.calendar/com.android.calendar.alerts.AlertService},r used time=13,left r count=2
03-03 15:29:37.483 I/chromium(25008): [INFO:CONSOLE(70)] "WARNING: Message from backend doesn't have data.", source:  (70)
03-03 15:29:37.713 W/BindingManager(25008): Cannot call determinedVisibility() - never saw a connection for the pid: 25008
03-03 15:29:37.753 D/SendBroadcastHandler(20754): startTimer() SEND_TO_CONTACTS_WIDGET_DELETE 
03-03 15:29:38.133 I/chromium(25008): [INFO:CONSOLE(70)] "WARNING: Message from backend doesn't have data.", source:  (70)
03-03 15:29:38.153 D/dalvikvm(20754): GC_EXPLICIT freed 608K, 14% free 7703K/8940K, paused 1ms+3ms, total 18ms
03-03 15:29:38.323 D/AsusContactWigdetSync(25259): sync start
03-03 15:29:38.323 D/AsusContactWigdetSync(27552): sync start
03-03 15:29:38.323 D/AsusContactWigdetSync(27552): sync selection = null
03-03 15:29:38.323 D/AsusContactWigdetSync(27552): sync delete selection = contact_id IN ( 653, 652, 655, 654, 656, 651)
03-03 15:29:38.333 D/AsusContactWigdetSync(25259): sync selection = null
03-03 15:29:38.333 D/AsusContactWigdetSync(25259): sync delete selection = contact_id IN ( 653, 652, 655, 654, 656, 651)
03-03 15:29:38.333 D/AsusContactWigdetSync(27552): sync stop
03-03 15:29:38.333 D/AsusContactWigdetSync(25259): sync stop
03-03 15:29:38.333 V/ActivityManager(  506): Remove bg service from mStartingBackground ,r=ServiceRecord{21fec6f0 u0 com.asus.contacts/com.android.contacts.miniwidget.SyncService},r used time=1012,left r count=1
03-03 15:29:38.333 V/ActivityManager(  506): Remove bg service from mStartingBackground ,r=ServiceRecord{21f7ef18 u0 com.asus.contactswidget/.SyncService},r used time=1011,left r count=0
03-03 15:29:38.393 D/AlarmManager(  506): Triggered Alarm 21f16d10 ELAPSED_REALTIME_WAKEUP IntentSender{2235c528: PendingIntentRecord{221d7b98 com.android.providers.calendar broadcastIntent}}
03-03 15:29:38.403 D/dalvikvm(  506): GC_EXPLICIT freed 93K, 46% free 20680K/37748K, paused 1ms+4ms, total 47ms
03-03 15:29:38.403 D/BatteryStatsImpl(  506): noteStopWakeLocked system isFromForeground = false
03-03 15:29:38.413 D/AlarmManager(  506): Removed alarm Alarm{21fc45e8 type 0 com.android.providers.calendar} type:RTC_WAKEUP
03-03 15:29:38.413 D/AlarmManager(  506): Added alarm Alarm{226abfc0 type 2 com.wandoujia.phoenix2} type:ELAPSED_REALTIME_WAKEUP when: After 0h:7m:26.0s
03-03 15:29:38.413 D/AlarmManager(  506): Added alarm Alarm{225700d8 type 0 com.wandoujia.phoenix2} type:RTC_WAKEUP when: At 15-3-3 下午4:08
03-03 15:29:38.433 D/BatteryStatsImpl(  506): noteStopWakeLocked com.android.providers.calendar isFromForeground = false
03-03 15:29:38.433 D/AlarmManager(  506): Added alarm Alarm{22167ef0 type 0 com.android.providers.calendar} type:RTC_WAKEUP when: At 15-3-4 下午1:30
03-03 15:29:38.433 V/ActivityManager(  506): Remove bg service from mStartingBackground ,r=ServiceRecord{22b93020 u0 com.android.providers.calendar/.CalendarProviderIntentService},r used time=34,left r count=0
03-03 15:29:38.603 D/SendBroadcastHandler(20754): mTimerTask sendMessage CONTACTS_INSERT 
03-03 15:29:38.603 D/SendBroadcastHandler(20754): (insert) sendBroadcast mInsertRawContacts:6
03-03 15:29:38.603 D/SendBroadcastHandler(20754): (insert) sendBroadcast mInsertName:6
03-03 15:29:38.603 D/SendBroadcastHandler(20754): (insert) sendBroadcast mInsertNameDetail:6
03-03 15:29:38.603 D/SendBroadcastHandler(20754): sendBroadcast insert to voice agent
03-03 15:29:38.623 V/ActivityManager(  506): Remove bg service from mStartingBackground ,r=ServiceRecord{22b4dd68 u0 com.android.providers.calendar/.ContactsEventUpdateIntentService},r used time=43,left r count=1
03-03 15:29:38.873 W/BindingManager(25008): Cannot call determinedVisibility() - never saw a connection for the pid: 25008
03-03 15:29:39.203 D/SendBroadcastHandler(20754): startTimer() SEND_TO_CONTACTS_INSERT 
03-03 15:29:39.353 I/chromium(25008): [INFO:CONSOLE(70)] "WARNING: Message from backend doesn't have data.", source:  (70)
03-03 15:29:39.533 D/dalvikvm(25008): GC_CONCURRENT freed 3930K, 39% free 7057K/11512K, paused 1ms+2ms, total 13ms
03-03 15:29:39.623 I/CalendarProvider2(25235): Sending notification intent: Intent { act=android.intent.action.PROVIDER_CHANGED dat=content://com.android.calendar }
03-03 15:29:39.623 W/ContentResolver(25235): Failed to get type for: content://com.android.calendar (Unknown URL content://com.android.calendar)
03-03 15:29:39.623 V/ActivityManager(  506): Remove bg service from mStartingBackground ,r=ServiceRecord{229fa3b0 u0 com.android.providers.calendar/.EmptyService},r used time=1004,left r count=0
03-03 15:29:39.633 D/AlertReceiver(25273): onReceive: a=android.intent.action.PROVIDER_CHANGED Intent { act=android.intent.action.PROVIDER_CHANGED dat=content://com.android.calendar flg=0x10 cmp=com.asus.calendar/com.android.calendar.alerts.AlertReceiver }
03-03 15:29:39.633 D/AlertService(25273): 0 Action = android.intent.action.PROVIDER_CHANGED
03-03 15:29:39.633 D/AlertService(25273): Beginning updateAlertNotification
03-03 15:29:39.643 D/AlertService(25273): No fired or scheduled alerts
03-03 15:29:39.663 D/BatteryStatsImpl(  506): noteStopWakeLocked com.asus.calendar isFromForeground = false
03-03 15:29:39.663 V/ActivityManager(  506): Remove bg service from mStartingBackground ,r=ServiceRecord{229797c8 u0 com.asus.calendar/com.android.calendar.alerts.AlertService},r used time=29,left r count=0
03-03 15:29:39.793 E/Contacts(25008): org.json.JSONException: No value for contactId
03-03 15:29:39.943 I/Choreographer(25008): Skipped 34 frames!  The application may be doing too much work on its main thread.
03-03 15:29:40.143 W/BindingManager(25008): Cannot call determinedVisibility() - never saw a connection for the pid: 25008
03-03 15:29:40.143 I/chromium(25008): [INFO:CONSOLE(70)] "WARNING: Message from backend doesn't have data.", source:  (70)
03-03 15:29:40.153 D/dalvikvm(20754): GC_EXPLICIT freed 575K, 14% free 7707K/8940K, paused 1ms+3ms, total 19ms
03-03 15:29:40.563 I/Choreographer(25008): Skipped 37 frames!  The application may be doing too much work on its main thread.
03-03 15:29:40.573 W/BindingManager(25008): Cannot call determinedVisibility() - never saw a connection for the pid: 25008
03-03 15:29:40.573 I/chromium(25008): [INFO:CONSOLE(70)] "WARNING: Message from backend doesn't have data.", source:  (70)
03-03 15:29:40.753 D/SendBroadcastHandler(20754): mTimerTask sendMessage CONTACTS_DELETE 
03-03 15:29:40.753 D/AsusContactWigdetSync(27552): ready to sync contact id = 5
03-03 15:29:40.763 D/SendBroadcastHandler(20754): sendBroadcast delete to voice agent
03-03 15:29:40.763 D/SendBroadcastHandler(20754): (Delete) sendBroadcast mDeleteContacts:5
03-03 15:29:40.763 D/SendBroadcastHandler(20754): (Delete) sendBroadcast mDeleteRawContactsVoice:5
03-03 15:29:40.763 D/SendBroadcastHandler(20754): sendBroadcast CONTACTS_DELETE
03-03 15:29:40.763 D/AsusContactWigdetSync(27552): ready to sync widget
03-03 15:29:40.763 D/AsusContactWigdetSync(25259): ready to sync contact id = 5
03-03 15:29:40.763 D/AsusContactWigdetSync(25259): ready to sync widget
03-03 15:29:40.773 D/AsusContactWigdetSync(27552): delete contact_id = 657
03-03 15:29:40.773 D/AsusContactWigdetSync(25259): delete contact_id = 657
03-03 15:29:40.773 D/AsusContactWigdetSync(25259): delete contact_id = 658
03-03 15:29:40.773 D/AsusContactWigdetSync(25259): delete contact_id = 659
03-03 15:29:40.773 D/AsusContactWigdetSync(27552): delete contact_id = 658
03-03 15:29:40.773 D/AsusContactWigdetSync(25259): delete contact_id = 660
03-03 15:29:40.773 D/AsusContactWigdetSync(27552): delete contact_id = 659
03-03 15:29:40.773 D/AsusContactWigdetSync(27552): delete contact_id = 660
03-03 15:29:40.773 D/AsusContactWigdetSync(27552): delete contact_id = 661
03-03 15:29:40.773 D/AsusContactWigdetSync(27552): sync isdelete = true
03-03 15:29:40.773 D/AsusContactWigdetSync(25259): delete contact_id = 661
03-03 15:29:40.773 D/AsusContactWigdetSync(25259): sync isdelete = true
03-03 15:29:41.003 V/ActivityManager(  506): Remove bg service from mStartingBackground ,r=ServiceRecord{225729b8 u0 com.android.providers.calendar/.ContactsEventUpdateIntentService},r used time=55,left r count=3
03-03 15:29:41.263 D/dalvikvm(25008): GC_CONCURRENT freed 4114K, 40% free 6984K/11512K, paused 1ms+2ms, total 11ms
03-03 15:29:41.263 W/BindingManager(25008): Cannot call determinedVisibility() - never saw a connection for the pid: 25008
03-03 15:29:41.773 D/AsusContactWigdetSync(25259): sync start
03-03 15:29:41.773 D/AsusContactWigdetSync(25259): sync selection = null
03-03 15:29:41.773 D/AsusContactWigdetSync(25259): sync delete selection = contact_id IN ( 660, 661, 657, 658, 659)
03-03 15:29:41.773 D/AsusContactWigdetSync(27552): sync start
03-03 15:29:41.773 D/AsusContactWigdetSync(27552): sync selection = null
03-03 15:29:41.773 D/AsusContactWigdetSync(27552): sync delete selection = contact_id IN ( 660, 661, 657, 658, 659)
03-03 15:29:41.773 D/AsusContactWigdetSync(27552): sync stop
03-03 15:29:41.773 D/AsusContactWigdetSync(25259): sync stop
03-03 15:29:41.773 V/ActivityManager(  506): Remove bg service from mStartingBackground ,r=ServiceRecord{2280a9c8 u0 com.asus.contactswidget/.SyncService},r used time=1012,left r count=2
03-03 15:29:41.773 V/ActivityManager(  506): Remove bg service from mStartingBackground ,r=ServiceRecord{228e66b0 u0 com.asus.contacts/com.android.contacts.miniwidget.SyncService},r used time=1016,left r count=1
03-03 15:29:42.003 I/CalendarProvider2(25235): Sending notification intent: Intent { act=android.intent.action.PROVIDER_CHANGED dat=content://com.android.calendar }
03-03 15:29:42.003 W/ContentResolver(25235): Failed to get type for: content://com.android.calendar (Unknown URL content://com.android.calendar)
03-03 15:29:42.003 D/AlertReceiver(25273): onReceive: a=android.intent.action.PROVIDER_CHANGED Intent { act=android.intent.action.PROVIDER_CHANGED dat=content://com.android.calendar flg=0x10 cmp=com.asus.calendar/com.android.calendar.alerts.AlertReceiver }
03-03 15:29:42.003 D/AlertService(25273): 0 Action = android.intent.action.PROVIDER_CHANGED
03-03 15:29:42.003 D/AlertService(25273): Beginning updateAlertNotification
03-03 15:29:42.003 V/ActivityManager(  506): Remove bg service from mStartingBackground ,r=ServiceRecord{224ba5a0 u0 com.android.providers.calendar/.EmptyService},r used time=1003,left r count=0
03-03 15:29:42.013 D/AlertService(25273): No fired or scheduled alerts
03-03 15:29:42.023 D/BatteryStatsImpl(  506): noteStopWakeLocked com.asus.calendar isFromForeground = false
03-03 15:29:42.023 V/ActivityManager(  506): Remove bg service from mStartingBackground ,r=ServiceRecord{2246bc10 u0 com.asus.calendar/com.android.calendar.alerts.AlertService},r used time=20,left r count=0
03-03 15:29:42.203 D/SendBroadcastHandler(20754): mTimerTask sendMessage CONTACTS_INSERT 
03-03 15:29:42.203 D/SendBroadcastHandler(20754): (insert) sendBroadcast mInsertRawContacts:4
03-03 15:29:42.203 D/SendBroadcastHandler(20754): (insert) sendBroadcast mInsertName:4
03-03 15:29:42.203 D/SendBroadcastHandler(20754): (insert) sendBroadcast mInsertNameDetail:4
03-03 15:29:42.203 D/SendBroadcastHandler(20754): sendBroadcast insert to voice agent
03-03 15:29:42.533 D/SendBroadcastHandler(20754): startTimer() SEND_TO_CONTACTS_WIDGET_DELETE 
03-03 15:29:42.653 W/chromium(25008): [WARNING:xwalk_extension_module.cc(203)] Exception when running message listener: app://org.xwalk.webapi_noneservice_tests//opt/webapi-contactsmanager-w3c-tests/contactsmanager/ContactsChangeEvent_added_attribute.html:62:15 TypeError: Cannot read property '0' of undefined
03-03 15:29:42.653 W/chromium(25008):     if (e.added[0]) {
03-03 15:29:42.653 W/chromium(25008): 
03-03 15:29:42.703 D/dalvikvm(  506): GC_EXPLICIT freed 66K, 46% free 20693K/37748K, paused 1ms+4ms, total 46ms
03-03 15:29:42.773 D/SendBroadcastHandler(20754): startTimer() SEND_TO_CONTACTS_INSERT 
03-03 15:29:42.933 I/chromium(25008): [INFO:CONSOLE(70)] "WARNING: Message from backend doesn't have data.", source:  (70)
03-03 15:29:43.063 D/dalvikvm(20754): GC_EXPLICIT freed 602K, 15% free 7685K/8940K, paused 1ms+3ms, total 20ms
03-03 15:29:43.303 W/chromium(25008): [WARNING:xwalk_extension_module.cc(203)] Exception when running message listener: app://org.xwalk.webapi_noneservice_tests//opt/webapi-contactsmanager-w3c-tests/contactsmanager/ContactsChangeEvent_modified_attribute.html:70:18 TypeError: Cannot read property '0' of undefined
03-03 15:29:43.303 W/chromium(25008):     if (e.modified[0]) {
03-03 15:29:43.303 W/chromium(25008): 
03-03 15:29:43.343 W/BindingManager(25008): Cannot call determinedVisibility() - never saw a connection for the pid: 25008
03-03 15:29:43.343 I/chromium(25008): [INFO:CONSOLE(70)] "WARNING: Message from backend doesn't have data.", source:  (70)
03-03 15:29:43.503 W/chromium(25008): [WARNING:xwalk_extension_module.cc(203)] Exception when running message listener: app://org.xwalk.webapi_noneservice_tests//opt/webapi-contactsmanager-w3c-tests/contactsmanager/ContactsChangeEvent_modified_attribute.html:70:18 TypeError: Cannot read property '0' of undefined
03-03 15:29:43.503 W/chromium(25008):     if (e.modified[0]) {
03-03 15:29:43.503 W/chromium(25008): 
03-03 15:29:43.613 D/AlarmManager(  506): Triggered Alarm 22115428 ELAPSED_REALTIME_WAKEUP IntentSender{2235c528: PendingIntentRecord{22260b80 com.android.providers.calendar broadcastIntent}}
03-03 15:29:43.623 D/BatteryStatsImpl(  506): noteStopWakeLocked system isFromForeground = false
03-03 15:29:43.633 D/AlarmManager(  506): Removed alarm Alarm{22167ef0 type 0 com.android.providers.calendar} type:RTC_WAKEUP
03-03 15:29:43.633 D/AlarmManager(  506): Added alarm Alarm{22092db0 type 0 android} type:RTC_WAKEUP when: At 15-3-3 下午3:30 repeatInterval: 0h:30m:0.0s
03-03 15:29:43.633 D/AlarmManager(  506): Added alarm Alarm{2206e5b0 type 2 com.wandoujia.phoenix2} type:ELAPSED_REALTIME_WAKEUP when: After 0h:7m:21.0s
03-03 15:29:43.633 D/AlarmManager(  506): Added alarm Alarm{220574c8 type 0 com.wandoujia.phoenix2} type:RTC_WAKEUP when: At 15-3-3 下午4:08
03-03 15:29:43.643 D/AlarmManager(  506): Added alarm Alarm{21ff5850 type 0 com.android.providers.calendar} type:RTC_WAKEUP when: At 15-3-4 下午1:30
03-03 15:29:43.653 D/BatteryStatsImpl(  506): noteStopWakeLocked com.android.providers.calendar isFromForeground = false
03-03 15:29:43.653 V/ActivityManager(  506): Remove bg service from mStartingBackground ,r=ServiceRecord{2249f238 u0 com.android.providers.calendar/.CalendarProviderIntentService},r used time=29,left r count=0
03-03 15:29:43.873 D/SendBroadcastHandler(20754): startTimer() SEND_TO_CONTACTS_WIDGET_UPDATE 
03-03 15:29:44.083 I/Choreographer(25008): Skipped 43 frames!  The application may be doing too much work on its main thread.
03-03 15:29:44.603 D/dalvikvm(25008): GC_CONCURRENT freed 3999K, 39% free 7050K/11512K, paused 1ms+2ms, total 13ms
03-03 15:29:44.603 E/Contacts(25008): org.json.JSONException: No value for contactId
03-03 15:29:44.603 I/Choreographer(25008): Skipped 30 frames!  The application may be doing too much work on its main thread.
03-03 15:29:44.613 W/BindingManager(25008): Cannot call determinedVisibility() - never saw a connection for the pid: 25008
03-03 15:29:44.633 V/ActivityManager(  506): Remove bg service from mStartingBackground ,r=ServiceRecord{2244c7a8 u0 com.android.providers.calendar/.ContactsEventUpdateIntentService},r used time=94,left r count=1
03-03 15:29:44.643 D/dalvikvm(20754): GC_EXPLICIT freed 653K, 14% free 7724K/8940K, paused 0ms+3ms, total 23ms
03-03 15:29:44.853 I/chromium(25008): [INFO:CONSOLE(70)] "WARNING: Message from backend doesn't have data.", source:  (70)
03-03 15:29:44.853 I/chromium(25008): [INFO:CONSOLE(62)] "Uncaught (in promise) ReferenceError: info is not defined", source: app://org.xwalk.webapi_noneservice_tests//opt/webapi-contactsmanager-w3c-tests/contactsmanager/ContactsChangeEvent_removed_attribute.html (62)
03-03 15:29:45.533 D/SendBroadcastHandler(20754): mTimerTask sendMessage CONTACTS_DELETE 
03-03 15:29:45.543 D/SendBroadcastHandler(20754): sendBroadcast delete to voice agent
03-03 15:29:45.543 D/SendBroadcastHandler(20754): (Delete) sendBroadcast mDeleteContacts:4
03-03 15:29:45.543 D/SendBroadcastHandler(20754): (Delete) sendBroadcast mDeleteRawContactsVoice:4
03-03 15:29:45.543 D/AsusContactWigdetSync(27552): ready to sync contact id = 4
03-03 15:29:45.543 D/SendBroadcastHandler(20754): sendBroadcast CONTACTS_DELETE
03-03 15:29:45.543 D/AsusContactWigdetSync(27552): ready to sync widget
03-03 15:29:45.543 D/AsusContactWigdetSync(27552): delete contact_id = 662
03-03 15:29:45.543 D/AsusContactWigdetSync(27552): delete contact_id = 663
03-03 15:29:45.553 D/AsusContactWigdetSync(27552): delete contact_id = 664
03-03 15:29:45.553 D/AsusContactWigdetSync(27552): delete contact_id = 665
03-03 15:29:45.553 D/AsusContactWigdetSync(25259): ready to sync contact id = 4
03-03 15:29:45.553 D/AsusContactWigdetSync(25259): ready to sync widget
03-03 15:29:45.553 D/AsusContactWigdetSync(27552): sync isdelete = true
03-03 15:29:45.553 D/AsusContactWigdetSync(25259): delete contact_id = 662
03-03 15:29:45.553 D/AsusContactWigdetSync(25259): delete contact_id = 663
03-03 15:29:45.553 D/AsusContactWigdetSync(25259): delete contact_id = 664
03-03 15:29:45.553 D/AsusContactWigdetSync(25259): delete contact_id = 665
03-03 15:29:45.553 D/AsusContactWigdetSync(25259): sync isdelete = true
03-03 15:29:45.633 I/CalendarProvider2(25235): Sending notification intent: Intent { act=android.intent.action.PROVIDER_CHANGED dat=content://com.android.calendar }
03-03 15:29:45.633 W/ContentResolver(25235): Failed to get type for: content://com.android.calendar (Unknown URL content://com.android.calendar)
03-03 15:29:45.633 D/AlertReceiver(25273): onReceive: a=android.intent.action.PROVIDER_CHANGED Intent { act=android.intent.action.PROVIDER_CHANGED dat=content://com.android.calendar flg=0x10 cmp=com.asus.calendar/com.android.calendar.alerts.AlertReceiver }
03-03 15:29:45.633 V/ActivityManager(  506): Remove bg service from mStartingBackground ,r=ServiceRecord{2244af40 u0 com.android.providers.calendar/.EmptyService},r used time=1006,left r count=2
03-03 15:29:45.643 D/AlertService(25273): 0 Action = android.intent.action.PROVIDER_CHANGED
03-03 15:29:45.643 D/AlertService(25273): Beginning updateAlertNotification
03-03 15:29:45.663 D/AlertService(25273): No fired or scheduled alerts
03-03 15:29:45.673 D/BatteryStatsImpl(  506): noteStopWakeLocked com.asus.calendar isFromForeground = false
03-03 15:29:45.673 V/ActivityManager(  506): Remove bg service from mStartingBackground ,r=ServiceRecord{221fe5d8 u0 com.asus.calendar/com.android.calendar.alerts.AlertService},r used time=33,left r count=2
03-03 15:29:45.773 D/SendBroadcastHandler(20754): mTimerTask sendMessage CONTACTS_INSERT 
03-03 15:29:45.773 D/SendBroadcastHandler(20754): (insert) sendBroadcast mInsertRawContacts:3
03-03 15:29:45.773 D/SendBroadcastHandler(20754): (insert) sendBroadcast mInsertName:3
03-03 15:29:45.773 D/SendBroadcastHandler(20754): (insert) sendBroadcast mInsertNameDetail:3
03-03 15:29:45.773 D/SendBroadcastHandler(20754): sendBroadcast insert to voice agent
03-03 15:29:45.893 W/ufoGralloc(  172): registerBuffer() handle 0xb82d94f0/53 didn't require registration
03-03 15:29:45.973 D/WindowManager(  506): adjustConfigurationLw, config:{1.0 ?mcc?mnc ?locale ?layoutDir sw600dp w600dp h888dp 213dpi lrg port ?uimode ?night finger -keyb/v/h -nav/v} mLidState:1 mHasDockFeature:false mHasKeyboardFeature:false mHasHallSensorFeature:true config.hardKeyboardHidden:2
03-03 15:29:45.973 I/ActivityManager(  506): [TopPkgCurBat]	NowPkgName[com.chrome.beta]	Battery[76]	TimeTick[1425367785979]	OldPkgName[org.xwalk.webapi_noneservice_tests]
03-03 15:29:46.053 D/        (18870): Pixel Format : GGL_PIXEL_FORMAT_RGBA_8888
03-03 15:29:46.093 D/        (18931): Pixel Format : GGL_PIXEL_FORMAT_RGBA_8888
03-03 15:29:46.093 D/        (18931): droid_create_context : config id = 1 conf->NativeVisualID=1
03-03 15:29:46.093 D/        (18931): Pixel Format : GGL_PIXEL_FORMAT_RGBA_8888
03-03 15:29:46.093 I/        (18931): Requested context : GLES 2.0
03-03 15:29:46.113 D/        (18931): Swap interval set to = 1 value
03-03 15:29:46.163 D/XT9IME  (26399): new subtype :en_US ,keyboard
03-03 15:29:46.183 D/BatteryStatsImpl(  506): noteStopWakeLocked system isFromForeground = false
03-03 15:29:46.233 D/        (25008): Surface destroy: ANDROID_NATIVE_WINDOW_MAGIC
03-03 15:29:46.243 D/        (25008): Surface destroy: ANDROID_NATIVE_WINDOW_MAGIC
03-03 15:29:46.263 W/IInputConnectionWrapper(25008): showStatusIcon on inactive InputConnection
03-03 15:29:46.363 D/AndroidRuntime(25687): 
03-03 15:29:46.363 D/AndroidRuntime(25687): >>>>>> AndroidRuntime START com.android.internal.os.RuntimeInit <<<<<<
03-03 15:29:46.363 D/AndroidRuntime(25687): CheckJNI is OFF
03-03 15:29:46.363 I/AndroidRuntime(25687): Kernel Release Version: 3.10.20-gf818079
03-03 15:29:46.363 I/dalvikvm(25687): No library specified. The standard exception handler will be used
03-03 15:29:46.373 I/dalvikvm(25687): 
03-03 15:29:46.373 I/dalvikvm(25687): +++++++++++++ Using PCG. +++++++++++++++++++++
03-03 15:29:46.383 D/dalvikvm(25687): Trying to load lib libjavacore.so 0x0
03-03 15:29:46.393 D/dalvikvm(25687): Added shared lib libjavacore.so 0x0
03-03 15:29:46.393 D/dalvikvm(25687): Trying to load lib libnativehelper.so 0x0
03-03 15:29:46.393 D/dalvikvm(25687): Added shared lib libnativehelper.so 0x0
03-03 15:29:46.393 D/dalvikvm(25687): No JNI_OnLoad found in libnativehelper.so 0x0, skipping init
03-03 15:29:46.403 D/dalvikvm(25687): Extra Options: not specified
03-03 15:29:46.433 D/dalvikvm(25687): Note: class Landroid/app/ActivityManagerNative; has 186 unimplemented (abstract) methods
03-03 15:29:46.553 D/AsusContactWigdetSync(27552): sync start
03-03 15:29:46.553 D/AsusContactWigdetSync(27552): sync selection = null
03-03 15:29:46.563 D/AsusContactWigdetSync(27552): sync delete selection = contact_id IN ( 662, 663, 664, 665)
03-03 15:29:46.573 D/AsusContactWigdetSync(27552): sync stop
03-03 15:29:46.573 D/AsusContactWigdetSync(25259): sync start
03-03 15:29:46.573 D/AsusContactWigdetSync(25259): sync selection = null
03-03 15:29:46.573 D/AsusContactWigdetSync(25259): sync delete selection = contact_id IN ( 662, 663, 664, 665)
03-03 15:29:46.573 V/ActivityManager(  506): Remove bg service from mStartingBackground ,r=ServiceRecord{224422a8 u0 com.asus.contacts/com.android.contacts.miniwidget.SyncService},r used time=1030,left r count=1
03-03 15:29:46.583 D/AsusContactWigdetSync(25259): sync stop
03-03 15:29:46.583 V/ActivityManager(  506): Remove bg service from mStartingBackground ,r=ServiceRecord{22369158 u0 com.asus.contactswidget/.SyncService},r used time=1030,left r count=0
03-03 15:29:46.593 E/memtrack(25687): Couldn't load memtrack module (No such file or directory)
03-03 15:29:46.593 E/android.os.Debug(25687): failed to load memtrack module: -2
03-03 15:29:46.693 D/AndroidRuntime(25687): Calling main entry com.android.commands.am.Am
03-03 15:29:46.723 I/ActivityManager(  506): Force stopping org.xwalk.webapi_noneservice_tests appid=10366 user=0: from pid 25687
03-03 15:29:46.723 I/ActivityManager(  506): Killing 25008:org.xwalk.webapi_noneservice_tests/u0a366 (adj 1): stop org.xwalk.webapi_noneservice_tests
03-03 15:29:46.743 I/dalvikvm(25687): Total arena pages for JIT: 11
03-03 15:29:46.753 I/SecurityManagerService(  621): SMS received security event: App[STOP/org.xwalk.webapi_noneservice_tests]
03-03 15:29:46.763 D/AndroidRuntime(25687): Shutting down VM
03-03 15:29:46.763 D/dalvikvm(25687): GC_CONCURRENT freed 112K, 16% free 666K/792K, paused 0ms+0ms, total 1ms
03-03 15:29:46.773 D/dalvikvm(25687): Compiler shutdown in progress - discarding request
03-03 15:29:46.773 D/dalvikvm(25687): Compiler shutdown in progress - discarding request
03-03 15:29:46.773 D/dalvikvm(25687): Compiler shutdown in progress - discarding request
03-03 15:29:46.773 D/dalvikvm(25687): Compiler shutdown in progress - discarding request
03-03 15:29:46.773 D/dalvikvm(25687): Compiler shutdown in progress - discarding request
03-03 15:29:46.773 D/dalvikvm(25687): Compiler shutdown in progress - discarding request
03-03 15:29:46.773 D/dalvikvm(25687): Compiler shutdown in progress - discarding request
03-03 15:29:46.773 D/dalvikvm(25687): Compiler shutdown in progress - discarding request
03-03 15:29:46.773 D/dalvikvm(25687): Compiler shutdown in progress - discarding request
03-03 15:29:46.773 D/dalvikvm(25687): Compiler shutdown in progress - discarding request
03-03 15:29:46.773 D/dalvikvm(25687): Compiler shutdown in progress - discarding request
03-03 15:29:46.773 D/dalvikvm(25687): Compiler shutdown in progress - discarding request
03-03 15:29:46.773 D/dalvikvm(25687): Compiler shutdown in progress - discarding request
03-03 15:29:46.813 I/WindowState(  506): WIN DEATH: Window{22216230 u0 org.xwalk.webapi_noneservice_tests/org.xwalk.webapi_noneservice_tests.WebapiNoneserviceTestsActivity EXITING}
03-03 15:29:46.813 I/WindowState(  506): WIN DEATH: Window{22244fe0 u0 SurfaceView EXITING}
03-03 15:29:46.853 W/SurfaceFlinger(  172): couldn't log to binary event log: overflow.
03-03 15:29:46.873 D/SendBroadcastHandler(20754): mTimerTask sendMessage CONTACTS_UPDATE 
03-03 15:29:46.883 D/SendBroadcastHandler(20754): sendBroadcast update to voice agent
03-03 15:29:46.883 D/SendBroadcastHandler(20754): (update) sendBroadcast mUpdateRawContacts:0
03-03 15:29:46.883 D/SendBroadcastHandler(20754): (update) sendBroadcast mUpdateContacts:0
03-03 15:29:46.883 D/SendBroadcastHandler(20754): (update) sendBroadcast mUpdateName:1
03-03 15:29:46.883 D/SendBroadcastHandler(20754): (update) sendBroadcast mUpdateNameDetail:1
03-03 15:29:46.883 D/SendBroadcastHandler(20754): sendBroadcast CONTACTS_UPDATE
03-03 15:29:46.893 D/AsusContactWigdetSync(27552): ready to sync widget
03-03 15:29:46.893 D/AsusContactWigdetSync(27552): sync isdelete = false
03-03 15:29:46.893 D/AsusContactWigdetSync(25259): ready to sync widget
03-03 15:29:46.893 D/AsusContactWigdetSync(25259): sync isdelete = false
--------- beginning of /dev/log/main
03-03 15:32:43.363 D/AndroidRuntime(26336): 
03-03 15:32:43.363 D/AndroidRuntime(26336): >>>>>> AndroidRuntime START com.android.internal.os.RuntimeInit <<<<<<
03-03 15:32:43.363 D/AndroidRuntime(26336): CheckJNI is OFF
03-03 15:32:43.363 I/AndroidRuntime(26336): Kernel Release Version: 3.10.20-gf818079
03-03 15:32:43.363 I/dalvikvm(26336): No library specified. The standard exception handler will be used
03-03 15:32:43.363 I/dalvikvm(26336): 
03-03 15:32:43.363 I/dalvikvm(26336): +++++++++++++ Using PCG. +++++++++++++++++++++
03-03 15:32:43.373 D/dalvikvm(26336): Trying to load lib libjavacore.so 0x0
03-03 15:32:43.373 D/dalvikvm(26336): Added shared lib libjavacore.so 0x0
03-03 15:32:43.373 D/dalvikvm(26336): Trying to load lib libnativehelper.so 0x0
03-03 15:32:43.373 D/dalvikvm(26336): Added shared lib libnativehelper.so 0x0
03-03 15:32:43.373 D/dalvikvm(26336): No JNI_OnLoad found in libnativehelper.so 0x0, skipping init
03-03 15:32:43.383 D/dalvikvm(26336): Extra Options: not specified
03-03 15:32:43.393 D/dalvikvm(26336): Note: class Landroid/app/ActivityManagerNative; has 186 unimplemented (abstract) methods
03-03 15:32:43.463 E/memtrack(26336): Couldn't load memtrack module (No such file or directory)
03-03 15:32:43.463 E/android.os.Debug(26336): failed to load memtrack module: -2
03-03 15:32:43.503 D/AndroidRuntime(26336): Calling main entry com.android.commands.am.Am
03-03 15:32:43.523 D/AndroidRuntime(26336): Shutting down VM
03-03 15:32:43.523 D/dalvikvm(26336): GC_CONCURRENT freed 108K, 16% free 638K/760K, paused 0ms+0ms, total 1ms
--------- beginning of /dev/log/system
03-03 15:32:43.523 I/ActivityManager(  506): Force stopping org.xwalk.webapi_noneservice_tests appid=10366 user=0: from pid 26336
03-03 15:32:43.533 D/dalvikvm(26336): Compiler shutdown in progress - discarding request
03-03 15:32:43.533 D/dalvikvm(26336): Compiler shutdown in progress - discarding request
03-03 15:32:43.533 D/dalvikvm(26336): Compiler shutdown in progress - discarding request
03-03 15:32:43.533 D/dalvikvm(26336): Compiler shutdown in progress - discarding request
03-03 15:32:43.533 D/dalvikvm(26336): Compiler shutdown in progress - discarding request
03-03 15:32:43.533 D/dalvikvm(26336): Compiler shutdown in progress - discarding request
03-03 15:32:43.533 D/dalvikvm(26336): Compiler shutdown in progress - discarding request
03-03 15:32:43.533 D/dalvikvm(26336): Compiler shutdown in progress - discarding request
03-03 15:32:43.533 D/dalvikvm(26336): Compiler shutdown in progress - discarding request
03-03 15:32:43.533 D/dalvikvm(26336): Compiler shutdown in progress - discarding request
03-03 15:32:43.533 D/dalvikvm(26336): Compiler shutdown in progress - discarding request
03-03 15:32:43.533 D/dalvikvm(26336): Compiler shutdown in progress - discarding request
03-03 15:32:43.533 D/dalvikvm(26336): Compiler shutdown in progress - discarding request
03-03 15:32:43.533 D/dalvikvm(26336): Compiler shutdown in progress - discarding request
03-03 15:32:43.533 D/dalvikvm(26336): Compiler shutdown in progress - discarding request
03-03 15:32:43.533 D/dalvikvm(26336): Compiler shutdown in progress - discarding request
03-03 15:32:43.533 D/dalvikvm(26336): Compiler shutdown in progress - discarding request
03-03 15:32:43.533 D/dalvikvm(26336): Compiler shutdown in progress - discarding request
03-03 15:32:43.533 D/dalvikvm(26336): Compiler shutdown in progress - discarding request
03-03 15:32:43.533 D/dalvikvm(26336): Compiler shutdown in progress - discarding request
03-03 15:32:43.533 D/dalvikvm(26336): Compiler shutdown in progress - discarding request
03-03 15:32:43.533 D/dalvikvm(26336): Compiler shutdown in progress - discarding request
03-03 15:32:43.533 D/dalvikvm(26336): Compiler shutdown in progress - discarding request
03-03 15:32:43.533 D/dalvikvm(26336): Compiler shutdown in progress - discarding request
03-03 15:32:43.533 D/dalvikvm(26336): Compiler shutdown in progress - discarding request
03-03 15:32:43.533 D/dalvikvm(26336): Compiler shutdown in progress - discarding request
03-03 15:32:43.533 D/dalvikvm(26336): Compiler shutdown in progress - discarding request
03-03 15:32:43.533 D/dalvikvm(26336): Compiler shutdown in progress - discarding request
03-03 15:32:43.533 D/dalvikvm(26336): Compiler shutdown in progress - discarding request
03-03 15:32:43.533 D/dalvikvm(26336): Compiler shutdown in progress - discarding request
03-03 15:32:43.533 D/dalvikvm(26336): Compiler shutdown in progress - discarding request
03-03 15:32:43.533 D/dalvikvm(26336): Compiler shutdown in progress - discarding request
03-03 15:32:43.533 D/dalvikvm(26336): Compiler shutdown in progress - discarding request
03-03 15:32:43.533 D/dalvikvm(26336): Compiler shutdown in progress - discarding request
03-03 15:32:43.533 D/dalvikvm(26336): Compiler shutdown in progress - discarding request
03-03 15:32:43.533 D/dalvikvm(26336): Compiler shutdown in progress - discarding request
