03-03 15:34:08.653 W/chromium(27102): [WARNING:xwalk_extension_module.cc(203)] Exception when running message listener: undefined:231:20 ReferenceError: g_promises is not defined
03-03 15:34:08.653 W/chromium(27102):     if (_isFunction(g_promises[msgObj.asyncCallId].resolve)) {
03-03 15:34:08.653 W/chromium(27102): 
03-03 15:34:08.663 V/MmsProvider(  757): Query uri=content://mms, match=0
03-03 15:34:08.663 W/chromium(27102): [WARNING:xwalk_extension_module.cc(203)] Exception when running message listener: undefined:231:20 ReferenceError: g_promises is not defined
03-03 15:34:08.663 W/chromium(27102):     if (_isFunction(g_promises[msgObj.asyncCallId].resolve)) {
03-03 15:34:08.663 W/chromium(27102): 
03-03 15:34:08.663 V/MmsProvider(  757): Query uri=content://mms, match=0
03-03 15:34:08.673 W/chromium(27102): [WARNING:xwalk_extension_module.cc(203)] Exception when running message listener: undefined:231:20 ReferenceError: g_promises is not defined
03-03 15:34:08.673 W/chromium(27102):     if (_isFunction(g_promises[msgObj.asyncCallId].resolve)) {
03-03 15:34:08.673 W/chromium(27102): 
03-03 15:34:08.673 V/MmsProvider(  757): Query uri=content://mms, match=0
03-03 15:34:08.683 W/chromium(27102): [WARNING:xwalk_extension_module.cc(203)] Exception when running message listener: undefined:231:20 ReferenceError: g_promises is not defined
03-03 15:34:08.683 W/chromium(27102):     if (_isFunction(g_promises[msgObj.asyncCallId].resolve)) {
03-03 15:34:08.683 W/chromium(27102): 
03-03 15:34:08.683 V/MmsProvider(  757): Query uri=content://mms, match=0
03-03 15:34:08.683 W/chromium(27102): [WARNING:xwalk_extension_module.cc(203)] Exception when running message listener: undefined:231:20 ReferenceError: g_promises is not defined
03-03 15:34:08.683 W/chromium(27102):     if (_isFunction(g_promises[msgObj.asyncCallId].resolve)) {
03-03 15:34:08.683 W/chromium(27102): 
03-03 15:34:11.293 W/BindingManager(27102): Cannot call determinedVisibility() - never saw a connection for the pid: 27102
03-03 15:34:11.413 W/chromium(27102): [WARNING:xwalk_extension_module.cc(203)] Exception when running message listener: undefined:246:20 ReferenceError: g_promises is not defined
03-03 15:34:11.413 W/chromium(27102):     if (_isFunction(g_promises[msgObj.asyncCallId].resolve)) {
03-03 15:34:11.413 W/chromium(27102): 
03-03 15:34:11.413 W/chromium(27102): [WARNING:xwalk_extension_module.cc(203)] Exception when running message listener: undefined:246:20 ReferenceError: g_promises is not defined
03-03 15:34:11.413 W/chromium(27102):     if (_isFunction(g_promises[msgObj.asyncCallId].resolve)) {
03-03 15:34:11.413 W/chromium(27102): 
03-03 15:34:11.413 W/chromium(27102): [WARNING:xwalk_extension_module.cc(203)] Exception when running message listener: undefined:246:20 ReferenceError: g_promises is not defined
03-03 15:34:11.413 W/chromium(27102):     if (_isFunction(g_promises[msgObj.asyncCallId].resolve)) {
03-03 15:34:11.413 W/chromium(27102): 
03-03 15:34:11.413 W/chromium(27102): [WARNING:xwalk_extension_module.cc(203)] Exception when running message listener: undefined:246:20 ReferenceError: g_promises is not defined
03-03 15:34:11.413 W/chromium(27102):     if (_isFunction(g_promises[msgObj.asyncCallId].resolve)) {
03-03 15:34:11.413 W/chromium(27102): 
03-03 15:34:13.513 W/BindingManager(27102): Cannot call determinedVisibility() - never saw a connection for the pid: 27102
03-03 15:34:13.543 E/MessagingSmsManager(27102): No Sim Card
03-03 15:34:13.563 W/chromium(27102): [WARNING:xwalk_extension_module.cc(203)] Exception when running message listener: undefined:242:20 ReferenceError: g_promises is not defined
03-03 15:34:13.563 W/chromium(27102):     if (_isFunction(g_promises[msgObj.asyncCallId].reject)) {
03-03 15:34:13.563 W/chromium(27102): 
03-03 15:34:13.573 D/MmsSmsProvider(  757): getSingleAddressId: insert new canonical_address for xxxxxx, _id=22
03-03 15:34:13.573 D/MmsSmsProvider(  757): getThreadId: create new thread_id for recipients xxxxxxxx
03-03 15:34:13.573 D/MmsSmsProvider(  757): insertThread: created new thread_id 22 for recipientIds xxxxxxx
03-03 15:34:13.603 D/SmsProvider(  757): Add address=13813926794
03-03 15:34:13.613 D/SmsProvider(  757): insert content://sms/1 succeeded
03-03 15:34:14.123 W/BindingManager(27102): Cannot call determinedVisibility() - never saw a connection for the pid: 27102
03-03 15:34:14.153 E/MessagingSmsManager(27102): No Sim Card
03-03 15:34:14.163 W/chromium(27102): [WARNING:xwalk_extension_module.cc(203)] Exception when running message listener: undefined:242:20 ReferenceError: g_promises is not defined
03-03 15:34:14.163 W/chromium(27102):     if (_isFunction(g_promises[msgObj.asyncCallId].reject)) {
03-03 15:34:14.163 W/chromium(27102): 
03-03 15:34:14.193 D/MmsSmsProvider(  757): getSingleAddressId: insert new canonical_address for xxxxxx, _id=23
03-03 15:34:14.193 D/MmsSmsProvider(  757): getThreadId: create new thread_id for recipients xxxxxxxx
03-03 15:34:14.193 D/MmsSmsProvider(  757): insertThread: created new thread_id 23 for recipientIds xxxxxxx
03-03 15:34:14.243 D/SmsProvider(  757): Add address=5556
03-03 15:34:14.253 D/SmsProvider(  757): insert content://sms/2 succeeded
03-03 15:34:17.283 W/BindingManager(27102): Cannot call determinedVisibility() - never saw a connection for the pid: 27102
03-03 15:34:17.313 E/MessagingSmsManager(27102): No Sim Card
03-03 15:34:17.333 W/chromium(27102): [WARNING:xwalk_extension_module.cc(203)] Exception when running message listener: undefined:242:20 ReferenceError: g_promises is not defined
03-03 15:34:17.333 W/chromium(27102):     if (_isFunction(g_promises[msgObj.asyncCallId].reject)) {
03-03 15:34:17.333 W/chromium(27102): 
03-03 15:34:17.353 D/SmsProvider(  757): Add address=5556
03-03 15:34:17.363 D/SmsProvider(  757): insert content://sms/3 succeeded
03-03 15:34:19.673 D/EVENT_THREAD(  187): void CEventThread::run() POLLIN event on Fd (1)
03-03 15:34:19.673 D/EVENT_THREAD(  187): void CEventThread::run() Do poll with timeout: -1
03-03 15:34:20.473 W/BindingManager(27102): Cannot call determinedVisibility() - never saw a connection for the pid: 27102
03-03 15:34:20.503 E/MessagingSmsManager(27102): No Sim Card
03-03 15:34:20.513 W/chromium(27102): [WARNING:xwalk_extension_module.cc(203)] Exception when running message listener: undefined:242:20 ReferenceError: g_promises is not defined
03-03 15:34:20.513 W/chromium(27102):     if (_isFunction(g_promises[msgObj.asyncCallId].reject)) {
03-03 15:34:20.513 W/chromium(27102): 
03-03 15:34:20.543 D/SmsProvider(  757): Add address=5556
03-03 15:34:20.553 D/SmsProvider(  757): insert content://sms/4 succeeded
03-03 15:34:21.163 W/BindingManager(27102): Cannot call determinedVisibility() - never saw a connection for the pid: 27102
03-03 15:34:21.203 E/MessagingSmsManager(27102): No Sim Card
03-03 15:34:21.223 W/chromium(27102): [WARNING:xwalk_extension_module.cc(203)] Exception when running message listener: undefined:242:20 ReferenceError: g_promises is not defined
03-03 15:34:21.223 W/chromium(27102):     if (_isFunction(g_promises[msgObj.asyncCallId].reject)) {
03-03 15:34:21.223 W/chromium(27102): 
03-03 15:34:21.263 D/dalvikvm(  506): GC_EXPLICIT freed 1248K, 46% free 20752K/37748K, paused 1ms+5ms, total 48ms
03-03 15:34:21.303 D/SmsProvider(  757): Add address=5556
03-03 15:34:21.313 D/SmsProvider(  757): insert content://sms/5 succeeded
03-03 15:34:22.853 D/EVENT_THREAD(  187): void CEventThread::run() POLLIN event on Fd (1)
03-03 15:34:22.853 D/EVENT_THREAD(  187): void CEventThread::run() Do poll with timeout: -1
03-03 15:34:22.853 D/EVENT_THREAD(  187): void CEventThread::run() POLLIN event on Fd (1)
03-03 15:34:22.853 D/EVENT_THREAD(  187): void CEventThread::run() Do poll with timeout: -1
03-03 15:34:22.853 I/upi_ug31xx(  167): (13025) update_capacity
03-03 15:34:22.853 I/[UPI]   (  167): <UG31/E>[UpiReadCapacity]: V=3961(3961), T=339(341-405), I=-286, C=-2(-2-0)
03-03 15:34:22.853 I/[UPI]   (  167): <UG31/E>[UpiReadCapacity]: (0x0000254a) 2723 (2758) / 3602 (3985) = 76
03-03 15:34:22.853 I/[UPI]   (  167): <UG31/E>[UpiReadCapacity]: (0x0000254a) 2723 (2758) / 3602 (3985) = 76
03-03 15:34:22.853 I/[UPI]   (  167): <UG31/E>[UpiReadCapacity]: (0x0000254a) 2721 (2721) / 3602 (3985) = 76
03-03 15:34:22.853 I/[UPI]   (  167): <UG31/E>[RsocFilterCountTime]: (0x0000254a) Step=6(364460), Full=6(364460), Lock=364460(1800000)
03-03 15:34:22.853 I/[UPI]   (  167): <UG31/E>[UpiReadCapacity]: (0x0000254a) 2721 (2721) / 3602 (3985) = 76 (-286--286)
03-03 15:34:22.853 I/[UPI]   (  167): <UG31/E><BATT> M:normal, P:76(76-76)%, V:3962mV, C:-259mA, T:34.1C(405), S:0x0000254a(000), R:2721mAh, F:3602mAh, Q:2272mAh, CC:4, P:30.400(1064-0)s, BO:7, 97:615:0-44af-9m:B001-20140514-144301 (16)
03-03 15:34:22.863 I/upi_ug31xx(  167): (13026) backup_data 
03-03 15:34:22.863 V/upi_ug31xx(  167): state->check_backup_count = 10
03-03 15:34:24.353 W/BindingManager(27102): Cannot call determinedVisibility() - never saw a connection for the pid: 27102
03-03 15:34:24.383 E/MessagingSmsManager(27102): No Sim Card
03-03 15:34:24.393 W/chromium(27102): [WARNING:xwalk_extension_module.cc(203)] Exception when running message listener: undefined:242:20 ReferenceError: g_promises is not defined
03-03 15:34:24.393 W/chromium(27102):     if (_isFunction(g_promises[msgObj.asyncCallId].reject)) {
03-03 15:34:24.393 W/chromium(27102): 
03-03 15:34:24.423 D/SmsProvider(  757): Add address=5556
03-03 15:34:24.433 D/SmsProvider(  757): insert content://sms/6 succeeded
03-03 15:34:27.543 W/BindingManager(27102): Cannot call determinedVisibility() - never saw a connection for the pid: 27102
03-03 15:34:27.623 W/chromium(27102): [WARNING:xwalk_extension_module.cc(203)] Exception when running message listener: undefined:246:20 ReferenceError: g_promises is not defined
03-03 15:34:27.623 W/chromium(27102):     if (_isFunction(g_promises[msgObj.asyncCallId].resolve)) {
03-03 15:34:27.623 W/chromium(27102): 
03-03 15:34:27.623 W/chromium(27102): [WARNING:xwalk_extension_module.cc(203)] Exception when running message listener: undefined:246:20 ReferenceError: g_promises is not defined
03-03 15:34:27.623 W/chromium(27102):     if (_isFunction(g_promises[msgObj.asyncCallId].resolve)) {
03-03 15:34:27.623 W/chromium(27102): 
03-03 15:34:27.623 W/chromium(27102): [WARNING:xwalk_extension_module.cc(203)] Exception when running message listener: undefined:246:20 ReferenceError: g_promises is not defined
03-03 15:34:27.623 W/chromium(27102):     if (_isFunction(g_promises[msgObj.asyncCallId].resolve)) {
03-03 15:34:27.623 W/chromium(27102): 
03-03 15:34:27.623 W/chromium(27102): [WARNING:xwalk_extension_module.cc(203)] Exception when running message listener: undefined:246:20 ReferenceError: g_promises is not defined
03-03 15:34:27.623 W/chromium(27102):     if (_isFunction(g_promises[msgObj.asyncCallId].resolve)) {
03-03 15:34:27.623 W/chromium(27102): 
03-03 15:34:29.753 W/BindingManager(27102): Cannot call determinedVisibility() - never saw a connection for the pid: 27102
03-03 15:34:29.783 E/MessagingSmsManager(27102): No Sim Card
03-03 15:34:29.803 W/chromium(27102): [WARNING:xwalk_extension_module.cc(203)] Exception when running message listener: undefined:242:20 ReferenceError: g_promises is not defined
03-03 15:34:29.803 W/chromium(27102):     if (_isFunction(g_promises[msgObj.asyncCallId].reject)) {
03-03 15:34:29.803 W/chromium(27102): 
03-03 15:34:29.813 D/MmsSmsProvider(  757): getSingleAddressId: insert new canonical_address for xxxxxx, _id=24
03-03 15:34:29.813 D/MmsSmsProvider(  757): getThreadId: create new thread_id for recipients xxxxxxxx
03-03 15:34:29.813 D/MmsSmsProvider(  757): insertThread: created new thread_id 24 for recipientIds xxxxxxx
03-03 15:34:29.843 D/SmsProvider(  757): Add address=5556
03-03 15:34:29.853 D/SmsProvider(  757): insert content://sms/1 succeeded
03-03 15:34:32.933 W/BindingManager(27102): Cannot call determinedVisibility() - never saw a connection for the pid: 27102
03-03 15:34:33.033 W/chromium(27102): [WARNING:xwalk_extension_module.cc(203)] Exception when running message listener: undefined:246:20 ReferenceError: g_promises is not defined
03-03 15:34:33.033 W/chromium(27102):     if (_isFunction(g_promises[msgObj.asyncCallId].resolve)) {
03-03 15:34:33.033 W/chromium(27102): 
03-03 15:34:33.043 W/chromium(27102): [WARNING:xwalk_extension_module.cc(203)] Exception when running message listener: undefined:246:20 ReferenceError: g_promises is not defined
03-03 15:34:33.043 W/chromium(27102):     if (_isFunction(g_promises[msgObj.asyncCallId].resolve)) {
03-03 15:34:33.043 W/chromium(27102): 
03-03 15:34:33.043 W/chromium(27102): [WARNING:xwalk_extension_module.cc(203)] Exception when running message listener: undefined:246:20 ReferenceError: g_promises is not defined
03-03 15:34:33.043 W/chromium(27102):     if (_isFunction(g_promises[msgObj.asyncCallId].resolve)) {
03-03 15:34:33.043 W/chromium(27102): 
03-03 15:34:33.043 W/chromium(27102): [WARNING:xwalk_extension_module.cc(203)] Exception when running message listener: undefined:246:20 ReferenceError: g_promises is not defined
03-03 15:34:33.043 W/chromium(27102):     if (_isFunction(g_promises[msgObj.asyncCallId].resolve)) {
03-03 15:34:33.043 W/chromium(27102): 
03-03 15:34:35.123 W/BindingManager(27102): Cannot call determinedVisibility() - never saw a connection for the pid: 27102
03-03 15:34:35.153 E/MessagingSmsManager(27102): No Sim Card
03-03 15:34:35.173 W/chromium(27102): [WARNING:xwalk_extension_module.cc(203)] Exception when running message listener: undefined:242:20 ReferenceError: g_promises is not defined
03-03 15:34:35.173 W/chromium(27102):     if (_isFunction(g_promises[msgObj.asyncCallId].reject)) {
03-03 15:34:35.173 W/chromium(27102): 
03-03 15:34:35.173 D/MmsSmsProvider(  757): getSingleAddressId: insert new canonical_address for xxxxxx, _id=25
03-03 15:34:35.183 D/MmsSmsProvider(  757): getThreadId: create new thread_id for recipients xxxxxxxx
03-03 15:34:35.183 D/MmsSmsProvider(  757): insertThread: created new thread_id 25 for recipientIds xxxxxxx
03-03 15:34:35.193 W/chromium(27102): [WARNING:xwalk_extension_module.cc(203)] Exception when running message listener: undefined:231:20 ReferenceError: g_promises is not defined
03-03 15:34:35.193 W/chromium(27102):     if (_isFunction(g_promises[msgObj.asyncCallId].resolve)) {
03-03 15:34:35.193 W/chromium(27102): 
03-03 15:34:35.213 D/SmsProvider(  757): Add address=5556
03-03 15:34:35.213 W/chromium(27102): [WARNING:xwalk_extension_module.cc(203)] Exception when running message listener: undefined:231:20 ReferenceError: g_promises is not defined
03-03 15:34:35.213 W/chromium(27102):     if (_isFunction(g_promises[msgObj.asyncCallId].resolve)) {
03-03 15:34:35.213 W/chromium(27102): 
03-03 15:34:35.213 D/SmsProvider(  757): insert content://sms/1 succeeded
03-03 15:34:35.223 W/chromium(27102): [WARNING:xwalk_extension_module.cc(203)] Exception when running message listener: undefined:231:20 ReferenceError: g_promises is not defined
03-03 15:34:35.223 W/chromium(27102):     if (_isFunction(g_promises[msgObj.asyncCallId].resolve)) {
03-03 15:34:35.223 W/chromium(27102): 
03-03 15:34:35.233 W/chromium(27102): [WARNING:xwalk_extension_module.cc(203)] Exception when running message listener: undefined:231:20 ReferenceError: g_promises is not defined
03-03 15:34:35.233 W/chromium(27102):     if (_isFunction(g_promises[msgObj.asyncCallId].resolve)) {
03-03 15:34:35.233 W/chromium(27102): 
03-03 15:34:35.233 W/chromium(27102): [WARNING:xwalk_extension_module.cc(203)] Exception when running message listener: undefined:231:20 ReferenceError: g_promises is not defined
03-03 15:34:35.233 W/chromium(27102):     if (_isFunction(g_promises[msgObj.asyncCallId].resolve)) {
03-03 15:34:35.233 W/chromium(27102): 
03-03 15:34:35.243 W/chromium(27102): [WARNING:xwalk_extension_module.cc(203)] Exception when running message listener: undefined:231:20 ReferenceError: g_promises is not defined
03-03 15:34:35.243 W/chromium(27102):     if (_isFunction(g_promises[msgObj.asyncCallId].resolve)) {
03-03 15:34:35.243 W/chromium(27102): 
03-03 15:34:35.253 W/chromium(27102): [WARNING:xwalk_extension_module.cc(203)] Exception when running message listener: undefined:231:20 ReferenceError: g_promises is not defined
03-03 15:34:35.253 W/chromium(27102):     if (_isFunction(g_promises[msgObj.asyncCallId].resolve)) {
03-03 15:34:35.253 W/chromium(27102): 
03-03 15:34:35.253 W/chromium(27102): [WARNING:xwalk_extension_module.cc(203)] Exception when running message listener: undefined:231:20 ReferenceError: g_promises is not defined
03-03 15:34:35.253 W/chromium(27102):     if (_isFunction(g_promises[msgObj.asyncCallId].resolve)) {
03-03 15:34:35.253 W/chromium(27102): 
03-03 15:34:35.263 W/chromium(27102): [WARNING:xwalk_extension_module.cc(203)] Exception when running message listener: undefined:231:20 ReferenceError: g_promises is not defined
03-03 15:34:35.263 W/chromium(27102):     if (_isFunction(g_promises[msgObj.asyncCallId].resolve)) {
03-03 15:34:35.263 W/chromium(27102): 
03-03 15:34:35.263 W/chromium(27102): [WARNING:xwalk_extension_module.cc(203)] Exception when running message listener: undefined:231:20 ReferenceError: g_promises is not defined
03-03 15:34:35.263 W/chromium(27102):     if (_isFunction(g_promises[msgObj.asyncCallId].resolve)) {
03-03 15:34:35.263 W/chromium(27102): 
03-03 15:34:35.273 W/chromium(27102): [WARNING:xwalk_extension_module.cc(203)] Exception when running message listener: undefined:231:20 ReferenceError: g_promises is not defined
03-03 15:34:35.273 W/chromium(27102):     if (_isFunction(g_promises[msgObj.asyncCallId].resolve)) {
03-03 15:34:35.273 W/chromium(27102): 
03-03 15:34:35.273 I/dalvikvm(27102): Total arena pages for JIT: 11
03-03 15:34:35.273 I/dalvikvm(27102): Total arena pages for JIT: 12
03-03 15:34:35.273 I/dalvikvm(27102): Total arena pages for JIT: 13
03-03 15:34:35.273 I/dalvikvm(27102): Total arena pages for JIT: 14
03-03 15:34:35.273 I/dalvikvm(27102): Total arena pages for JIT: 15
03-03 15:34:35.283 W/chromium(27102): [WARNING:xwalk_extension_module.cc(203)] Exception when running message listener: undefined:231:20 ReferenceError: g_promises is not defined
03-03 15:34:35.283 W/chromium(27102):     if (_isFunction(g_promises[msgObj.asyncCallId].resolve)) {
03-03 15:34:35.283 W/chromium(27102): 
03-03 15:34:35.283 W/chromium(27102): [WARNING:xwalk_extension_module.cc(203)] Exception when running message listener: undefined:231:20 ReferenceError: g_promises is not defined
03-03 15:34:35.283 W/chromium(27102):     if (_isFunction(g_promises[msgObj.asyncCallId].resolve)) {
03-03 15:34:35.283 W/chromium(27102): 
03-03 15:34:35.303 W/chromium(27102): [WARNING:xwalk_extension_module.cc(203)] Exception when running message listener: undefined:231:20 ReferenceError: g_promises is not defined
03-03 15:34:35.303 W/chromium(27102):     if (_isFunction(g_promises[msgObj.asyncCallId].resolve)) {
03-03 15:34:35.303 W/chromium(27102): 
03-03 15:34:35.303 W/chromium(27102): [WARNING:xwalk_extension_module.cc(203)] Exception when running message listener: undefined:231:20 ReferenceError: g_promises is not defined
03-03 15:34:35.303 W/chromium(27102):     if (_isFunction(g_promises[msgObj.asyncCallId].resolve)) {
03-03 15:34:35.303 W/chromium(27102): 
03-03 15:34:37.793 W/BindingManager(27102): Cannot call determinedVisibility() - never saw a connection for the pid: 27102
03-03 15:34:37.833 E/MessagingSmsManager(27102): No Sim Card
03-03 15:34:37.833 W/System.err(27102): org.json.JSONException: No value for phone
03-03 15:34:37.833 W/System.err(27102): 	at org.json.JSONObject.get(JSONObject.java:355)
03-03 15:34:37.833 W/System.err(27102): 	at org.json.JSONObject.getString(JSONObject.java:515)
03-03 15:34:37.833 W/System.err(27102): 	at org.xwalk.core.internal.extension.api.messaging.MessagingSmsManager.onSmsSend(MessagingSmsManager.java:82)
03-03 15:34:37.833 W/System.err(27102): 	at org.xwalk.core.internal.extension.api.messaging.Messaging$1.runCommand(Messaging.java:45)
03-03 15:34:37.833 W/System.err(27102): 	at org.xwalk.core.internal.extension.api.messaging.Messaging.onMessage(Messaging.java:121)
03-03 15:34:37.833 W/System.err(27102): 	at dalvik.system.NativeStart.run(Native Method)
03-03 15:34:37.833 E/MessagingSmsManager(27102): No Sim Card
03-03 15:34:37.833 W/System.err(27102): org.json.JSONException: No value for message
03-03 15:34:37.833 W/System.err(27102): 	at org.json.JSONObject.get(JSONObject.java:355)
03-03 15:34:37.833 W/System.err(27102): 	at org.json.JSONObject.getString(JSONObject.java:515)
03-03 15:34:37.833 W/System.err(27102): 	at org.xwalk.core.internal.extension.api.messaging.MessagingSmsManager.onSmsSend(MessagingSmsManager.java:83)
03-03 15:34:37.833 W/System.err(27102): 	at org.xwalk.core.internal.extension.api.messaging.Messaging$1.runCommand(Messaging.java:45)
03-03 15:34:37.833 W/System.err(27102): 	at org.xwalk.core.internal.extension.api.messaging.Messaging.onMessage(Messaging.java:121)
03-03 15:34:37.833 W/System.err(27102): 	at dalvik.system.NativeStart.run(Native Method)
03-03 15:34:37.833 W/System.err(27102): org.json.JSONException: No value for text
03-03 15:34:37.833 W/System.err(27102): 	at org.json.JSONObject.get(JSONObject.java:355)
03-03 15:34:37.833 W/System.err(27102): 	at org.json.JSONObject.getString(JSONObject.java:515)
03-03 15:34:37.833 W/System.err(27102): 	at org.xwalk.core.internal.extension.api.messaging.MessagingSmsManager.onSmsSegmentInfo(MessagingSmsManager.java:164)
03-03 15:34:37.833 W/System.err(27102): 	at org.xwalk.core.internal.extension.api.messaging.Messaging$3.runCommand(Messaging.java:55)
03-03 15:34:37.833 W/System.err(27102): 	at org.xwalk.core.internal.extension.api.messaging.Messaging.onMessage(Messaging.java:121)
03-03 15:34:37.833 W/System.err(27102): 	at dalvik.system.NativeStart.run(Native Method)
03-03 15:34:37.843 W/System.err(27102): org.json.JSONException: No value for conversationID
03-03 15:34:37.843 W/System.err(27102): 	at org.json.JSONObject.get(JSONObject.java:355)
03-03 15:34:37.843 W/System.err(27102): 	at org.json.JSONObject.getString(JSONObject.java:515)
03-03 15:34:37.843 W/System.err(27102): 	at org.xwalk.core.internal.extension.api.messaging.MessagingManager.operation(MessagingManager.java:177)
03-03 15:34:37.843 W/System.err(27102): 	at org.xwalk.core.internal.extension.api.messaging.MessagingManager.onMsgMarkConversationRead(MessagingManager.java:66)
03-03 15:34:37.843 W/System.err(27102): 	at org.xwalk.core.internal.extension.api.messaging.Messaging$9.runCommand(Messaging.java:85)
03-03 15:34:37.843 W/System.err(27102): 	at org.xwalk.core.internal.extension.api.messaging.Messaging.onMessage(Messaging.java:121)
03-03 15:34:37.843 W/System.err(27102): 	at dalvik.system.NativeStart.run(Native Method)
03-03 15:34:37.843 W/System.err(27102): org.json.JSONException: No value for conversationID
03-03 15:34:37.843 W/System.err(27102): 	at org.json.JSONObject.get(JSONObject.java:355)
03-03 15:34:37.843 W/System.err(27102): 	at org.json.JSONObject.getString(JSONObject.java:515)
03-03 15:34:37.843 W/System.err(27102): 	at org.xwalk.core.internal.extension.api.messaging.MessagingManager.operation(MessagingManager.java:177)
03-03 15:34:37.843 W/System.err(27102): 	at org.xwalk.core.internal.extension.api.messaging.MessagingManager.onMsgDeleteConversation(MessagingManager.java:58)
03-03 15:34:37.843 W/System.err(27102): 	at org.xwalk.core.internal.extension.api.messaging.Messaging$7.runCommand(Messaging.java:75)
03-03 15:34:37.843 W/System.err(27102): 	at org.xwalk.core.internal.extension.api.messaging.Messaging.onMessage(Messaging.java:121)
03-03 15:34:37.843 W/System.err(27102): 	at dalvik.system.NativeStart.run(Native Method)
03-03 15:34:37.843 W/System.err(27102): java.lang.NullPointerException
03-03 15:34:37.843 W/System.err(27102): 	at org.xwalk.core.internal.extension.api.messaging.MessagingHelpers.buildSqlFilterOptionString(MessagingHelpers.java:104)
03-03 15:34:37.843 W/System.err(27102): 	at org.xwalk.core.internal.extension.api.messaging.MessagingManager.queryMessage(MessagingManager.java:119)
03-03 15:34:37.843 W/System.err(27102): 	at org.xwalk.core.internal.extension.api.messaging.MessagingManager.onMsgFindMessages(MessagingManager.java:46)
03-03 15:34:37.843 W/System.err(27102): 	at org.xwalk.core.internal.extension.api.messaging.Messaging$4.runCommand(Messaging.java:60)
03-03 15:34:37.843 W/System.err(27102): 	at org.xwalk.core.internal.extension.api.messaging.Messaging.onMessage(Messaging.java:121)
03-03 15:34:37.843 W/System.err(27102): 	at dalvik.system.NativeStart.run(Native Method)
03-03 15:34:37.843 W/System.err(27102): org.json.JSONException: No value for conversationID
03-03 15:34:37.853 W/System.err(27102): 	at org.json.JSONObject.get(JSONObject.java:355)
03-03 15:34:37.853 W/System.err(27102): 	at org.json.JSONObject.getString(JSONObject.java:515)
03-03 15:34:37.853 W/System.err(27102): 	at org.xwalk.core.internal.extension.api.messaging.MessagingManager.operation(MessagingManager.java:177)
03-03 15:34:37.853 W/System.err(27102): 	at org.xwalk.core.internal.extension.api.messaging.MessagingManager.onMsgMarkMessageRead(MessagingManager.java:62)
03-03 15:34:37.853 W/System.err(27102): 	at org.xwalk.core.internal.extension.api.messaging.Messaging$8.runCommand(Messaging.java:80)
03-03 15:34:37.853 W/System.err(27102): 	at org.xwalk.core.internal.extension.api.messaging.Messaging.onMessage(Messaging.java:121)
03-03 15:34:37.853 W/System.err(27102): 	at dalvik.system.NativeStart.run(Native Method)
03-03 15:34:37.853 W/System.err(27102): org.json.JSONException: No value for type
03-03 15:34:37.853 W/System.err(27102): 	at org.json.JSONObject.get(JSONObject.java:355)
03-03 15:34:37.853 W/System.err(27102): 	at org.json.JSONObject.getString(JSONObject.java:515)
03-03 15:34:37.853 W/System.err(27102): 	at org.xwalk.core.internal.extension.api.messaging.MessagingManager.queryMessage(MessagingManager.java:97)
03-03 15:34:37.853 W/System.err(27102): 	at org.xwalk.core.internal.extension.api.messaging.MessagingManager.onMsgGetMessage(MessagingManager.java:50)
03-03 15:34:37.853 W/System.err(27102): 	at org.xwalk.core.internal.extension.api.messaging.Messaging$5.runCommand(Messaging.java:65)
03-03 15:34:37.853 W/System.err(27102): 	at org.xwalk.core.internal.extension.api.messaging.Messaging.onMessage(Messaging.java:121)
03-03 15:34:37.853 W/System.err(27102): 	at dalvik.system.NativeStart.run(Native Method)
03-03 15:34:37.853 W/System.err(27102): org.json.JSONException: No value for conversationID
03-03 15:34:37.853 W/System.err(27102): 	at org.json.JSONObject.get(JSONObject.java:355)
03-03 15:34:37.853 W/System.err(27102): 	at org.json.JSONObject.getString(JSONObject.java:515)
03-03 15:34:37.853 W/System.err(27102): 	at org.xwalk.core.internal.extension.api.messaging.MessagingManager.operation(MessagingManager.java:177)
03-03 15:34:37.853 W/System.err(27102): 	at org.xwalk.core.internal.extension.api.messaging.MessagingManager.onMsgDeleteMessage(MessagingManager.java:54)
03-03 15:34:37.853 W/System.err(27102): 	at org.xwalk.core.internal.extension.api.messaging.Messaging$6.runCommand(Messaging.java:70)
03-03 15:34:37.853 W/System.err(27102): 	at org.xwalk.core.internal.extension.api.messaging.Messaging.onMessage(Messaging.java:121)
03-03 15:34:37.853 W/System.err(27102): 	at dalvik.system.NativeStart.run(Native Method)
03-03 15:34:37.853 E/MessagingSmsManager(27102): No Sim Card
03-03 15:34:37.863 W/chromium(27102): [WARNING:xwalk_extension_module.cc(203)] Exception when running message listener: undefined:242:20 ReferenceError: g_promises is not defined
03-03 15:34:37.863 W/chromium(27102):     if (_isFunction(g_promises[msgObj.asyncCallId].reject)) {
03-03 15:34:37.863 W/chromium(27102): 
03-03 15:34:37.883 D/MmsSmsProvider(  757): getSingleAddressId: insert new canonical_address for xxxxxx, _id=26
03-03 15:34:37.883 D/MmsSmsProvider(  757): getThreadId: create new thread_id for recipients xxxxxxxx
03-03 15:34:37.883 D/MmsSmsProvider(  757): insertThread: created new thread_id 26 for recipientIds xxxxxxx
03-03 15:34:37.913 D/SmsProvider(  757): Add address=13813926794
03-03 15:34:37.923 D/SmsProvider(  757): insert content://sms/2 succeeded
03-03 15:34:42.493 W/BindingManager(27102): Cannot call determinedVisibility() - never saw a connection for the pid: 27102
03-03 15:34:44.253 W/chromium(27102): [WARNING:xwalk_extension_module.cc(203)] Exception when running message listener: undefined:231:20 ReferenceError: g_promises is not defined
03-03 15:34:44.253 W/chromium(27102):     if (_isFunction(g_promises[msgObj.asyncCallId].resolve)) {
03-03 15:34:44.253 W/chromium(27102): 
03-03 15:34:44.253 W/chromium(27102): [WARNING:xwalk_extension_module.cc(203)] Exception when running message listener: undefined:231:20 ReferenceError: g_promises is not defined
03-03 15:34:44.253 W/chromium(27102):     if (_isFunction(g_promises[msgObj.asyncCallId].resolve)) {
03-03 15:34:44.253 W/chromium(27102): 
03-03 15:34:44.253 W/chromium(27102): [WARNING:xwalk_extension_module.cc(203)] Exception when running message listener: undefined:231:20 ReferenceError: g_promises is not defined
03-03 15:34:44.253 W/chromium(27102):     if (_isFunction(g_promises[msgObj.asyncCallId].resolve)) {
03-03 15:34:44.253 W/chromium(27102): 
03-03 15:34:44.263 W/chromium(27102): [WARNING:xwalk_extension_module.cc(203)] Exception when running message listener: undefined:231:20 ReferenceError: g_promises is not defined
03-03 15:34:44.263 W/chromium(27102):     if (_isFunction(g_promises[msgObj.asyncCallId].resolve)) {
03-03 15:34:44.263 W/chromium(27102): 
03-03 15:34:44.273 W/chromium(27102): [WARNING:xwalk_extension_module.cc(203)] Exception when running message listener: undefined:231:20 ReferenceError: g_promises is not defined
03-03 15:34:44.273 W/chromium(27102):     if (_isFunction(g_promises[msgObj.asyncCallId].resolve)) {
03-03 15:34:44.273 W/chromium(27102): 
03-03 15:34:44.283 W/chromium(27102): [WARNING:xwalk_extension_module.cc(203)] Exception when running message listener: undefined:231:20 ReferenceError: g_promises is not defined
03-03 15:34:44.283 W/chromium(27102):     if (_isFunction(g_promises[msgObj.asyncCallId].resolve)) {
03-03 15:34:44.283 W/chromium(27102): 
03-03 15:34:44.313 D/dalvikvm(  757): GC_EXPLICIT freed 2306K, 26% free 6892K/9276K, paused 1ms+2ms, total 34ms
03-03 15:34:44.323 W/chromium(27102): [WARNING:xwalk_extension_module.cc(203)] Exception when running message listener: undefined:231:20 ReferenceError: g_promises is not defined
03-03 15:34:44.323 W/chromium(27102):     if (_isFunction(g_promises[msgObj.asyncCallId].resolve)) {
03-03 15:34:44.323 W/chromium(27102): 
03-03 15:34:44.333 W/chromium(27102): [WARNING:xwalk_extension_module.cc(203)] Exception when running message listener: undefined:231:20 ReferenceError: g_promises is not defined
03-03 15:34:44.333 W/chromium(27102):     if (_isFunction(g_promises[msgObj.asyncCallId].resolve)) {
03-03 15:34:44.333 W/chromium(27102): 
03-03 15:34:44.343 W/chromium(27102): [WARNING:xwalk_extension_module.cc(203)] Exception when running message listener: undefined:231:20 ReferenceError: g_promises is not defined
03-03 15:34:44.343 W/chromium(27102):     if (_isFunction(g_promises[msgObj.asyncCallId].resolve)) {
03-03 15:34:44.343 W/chromium(27102): 
03-03 15:34:44.353 D/dalvikvm(27102): GC_EXPLICIT freed 1927K, 23% free 7030K/9128K, paused 0ms+2ms, total 17ms
03-03 15:34:44.363 W/chromium(27102): [WARNING:xwalk_extension_module.cc(203)] Exception when running message listener: undefined:231:20 ReferenceError: g_promises is not defined
03-03 15:34:44.363 W/chromium(27102):     if (_isFunction(g_promises[msgObj.asyncCallId].resolve)) {
03-03 15:34:44.363 W/chromium(27102): 
03-03 15:34:44.373 W/chromium(27102): [WARNING:xwalk_extension_module.cc(203)] Exception when running message listener: undefined:231:20 ReferenceError: g_promises is not defined
03-03 15:34:44.373 W/chromium(27102):     if (_isFunction(g_promises[msgObj.asyncCallId].resolve)) {
03-03 15:34:44.373 W/chromium(27102): 
03-03 15:34:44.383 W/chromium(27102): [WARNING:xwalk_extension_module.cc(203)] Exception when running message listener: undefined:231:20 ReferenceError: g_promises is not defined
03-03 15:34:44.383 W/chromium(27102):     if (_isFunction(g_promises[msgObj.asyncCallId].resolve)) {
03-03 15:34:44.383 W/chromium(27102): 
03-03 15:34:46.663 W/BindingManager(27102): Cannot call determinedVisibility() - never saw a connection for the pid: 27102
03-03 15:34:46.703 V/MmsProvider(  757): Query uri=content://mms, match=0
03-03 15:34:46.713 V/MmsProvider(  757): Query uri=content://mms, match=0
03-03 15:34:46.713 V/MmsProvider(  757): Query uri=content://mms, match=0
03-03 15:34:46.723 W/chromium(27102): [WARNING:xwalk_extension_module.cc(203)] Exception when running message listener: undefined:231:20 ReferenceError: g_promises is not defined
03-03 15:34:46.723 W/chromium(27102):     if (_isFunction(g_promises[msgObj.asyncCallId].resolve)) {
03-03 15:34:46.723 W/chromium(27102): 
03-03 15:34:46.723 V/MmsProvider(  757): Query uri=content://mms, match=0
03-03 15:34:46.723 W/chromium(27102): [WARNING:xwalk_extension_module.cc(203)] Exception when running message listener: undefined:231:20 ReferenceError: g_promises is not defined
03-03 15:34:46.723 W/chromium(27102):     if (_isFunction(g_promises[msgObj.asyncCallId].resolve)) {
03-03 15:34:46.723 W/chromium(27102): 
03-03 15:34:46.723 W/chromium(27102): [WARNING:xwalk_extension_module.cc(203)] Exception when running message listener: undefined:231:20 ReferenceError: g_promises is not defined
03-03 15:34:46.723 W/chromium(27102):     if (_isFunction(g_promises[msgObj.asyncCallId].resolve)) {
03-03 15:34:46.723 W/chromium(27102): 
03-03 15:34:46.723 W/chromium(27102): [WARNING:xwalk_extension_module.cc(203)] Exception when running message listener: undefined:231:20 ReferenceError: g_promises is not defined
03-03 15:34:46.723 W/chromium(27102):     if (_isFunction(g_promises[msgObj.asyncCallId].resolve)) {
03-03 15:34:46.723 W/chromium(27102): 
03-03 15:34:46.733 V/MmsProvider(  757): Query uri=content://mms, match=0
03-03 15:34:46.733 W/chromium(27102): [WARNING:xwalk_extension_module.cc(203)] Exception when running message listener: undefined:231:20 ReferenceError: g_promises is not defined
03-03 15:34:46.733 W/chromium(27102):     if (_isFunction(g_promises[msgObj.asyncCallId].resolve)) {
03-03 15:34:46.733 W/chromium(27102): 
03-03 15:34:46.733 V/MmsProvider(  757): Query uri=content://mms, match=0
03-03 15:34:46.743 W/chromium(27102): [WARNING:xwalk_extension_module.cc(203)] Exception when running message listener: undefined:231:20 ReferenceError: g_promises is not defined
03-03 15:34:46.743 W/chromium(27102):     if (_isFunction(g_promises[msgObj.asyncCallId].resolve)) {
03-03 15:34:46.743 W/chromium(27102): 
03-03 15:34:46.743 V/MmsProvider(  757): Query uri=content://mms, match=0
03-03 15:34:46.743 W/chromium(27102): [WARNING:xwalk_extension_module.cc(203)] Exception when running message listener: undefined:231:20 ReferenceError: g_promises is not defined
03-03 15:34:46.743 W/chromium(27102):     if (_isFunction(g_promises[msgObj.asyncCallId].resolve)) {
03-03 15:34:46.743 W/chromium(27102): 
03-03 15:34:46.743 V/MmsProvider(  757): Query uri=content://mms, match=0
03-03 15:34:46.753 W/chromium(27102): [WARNING:xwalk_extension_module.cc(203)] Exception when running message listener: undefined:231:20 ReferenceError: g_promises is not defined
03-03 15:34:46.753 W/chromium(27102):     if (_isFunction(g_promises[msgObj.asyncCallId].resolve)) {
03-03 15:34:46.753 W/chromium(27102): 
03-03 15:34:46.753 V/MmsProvider(  757): Query uri=content://mms, match=0
03-03 15:34:46.763 W/chromium(27102): [WARNING:xwalk_extension_module.cc(203)] Exception when running message listener: undefined:231:20 ReferenceError: g_promises is not defined
03-03 15:34:46.763 W/chromium(27102):     if (_isFunction(g_promises[msgObj.asyncCallId].resolve)) {
03-03 15:34:46.763 W/chromium(27102): 
03-03 15:34:46.763 V/MmsProvider(  757): Query uri=content://mms, match=0
03-03 15:34:46.763 W/chromium(27102): [WARNING:xwalk_extension_module.cc(203)] Exception when running message listener: undefined:231:20 ReferenceError: g_promises is not defined
03-03 15:34:46.763 W/chromium(27102):     if (_isFunction(g_promises[msgObj.asyncCallId].resolve)) {
03-03 15:34:46.763 W/chromium(27102): 
03-03 15:34:46.763 V/MmsProvider(  757): Query uri=content://mms, match=0
03-03 15:34:46.773 W/chromium(27102): [WARNING:xwalk_extension_module.cc(203)] Exception when running message listener: undefined:231:20 ReferenceError: g_promises is not defined
03-03 15:34:46.773 W/chromium(27102):     if (_isFunction(g_promises[msgObj.asyncCallId].resolve)) {
03-03 15:34:46.773 W/chromium(27102): 
03-03 15:34:46.773 V/MmsProvider(  757): Query uri=content://mms, match=0
03-03 15:34:46.773 W/chromium(27102): [WARNING:xwalk_extension_module.cc(203)] Exception when running message listener: undefined:231:20 ReferenceError: g_promises is not defined
03-03 15:34:46.773 W/chromium(27102):     if (_isFunction(g_promises[msgObj.asyncCallId].resolve)) {
03-03 15:34:46.773 W/chromium(27102): 
03-03 15:34:46.773 V/MmsProvider(  757): Query uri=content://mms, match=0
03-03 15:34:46.783 W/chromium(27102): [WARNING:xwalk_extension_module.cc(203)] Exception when running message listener: undefined:231:20 ReferenceError: g_promises is not defined
03-03 15:34:46.783 W/chromium(27102):     if (_isFunction(g_promises[msgObj.asyncCallId].resolve)) {
03-03 15:34:46.783 W/chromium(27102): 
03-03 15:34:46.783 V/MmsProvider(  757): Query uri=content://mms, match=0
03-03 15:34:46.783 W/chromium(27102): [WARNING:xwalk_extension_module.cc(203)] Exception when running message listener: undefined:231:20 ReferenceError: g_promises is not defined
03-03 15:34:46.783 W/chromium(27102):     if (_isFunction(g_promises[msgObj.asyncCallId].resolve)) {
03-03 15:34:46.783 W/chromium(27102): 
03-03 15:34:46.783 V/MmsProvider(  757): Query uri=content://mms, match=0
03-03 15:34:46.793 W/chromium(27102): [WARNING:xwalk_extension_module.cc(203)] Exception when running message listener: undefined:231:20 ReferenceError: g_promises is not defined
03-03 15:34:46.793 W/chromium(27102):     if (_isFunction(g_promises[msgObj.asyncCallId].resolve)) {
03-03 15:34:46.793 W/chromium(27102): 
03-03 15:34:46.793 V/MmsProvider(  757): Query uri=content://mms, match=0
03-03 15:34:46.793 W/chromium(27102): [WARNING:xwalk_extension_module.cc(203)] Exception when running message listener: undefined:231:20 ReferenceError: g_promises is not defined
03-03 15:34:46.793 W/chromium(27102):     if (_isFunction(g_promises[msgObj.asyncCallId].resolve)) {
03-03 15:34:46.793 W/chromium(27102): 
03-03 15:34:47.523 D/wpa_supplicant(  659): wlan0: Starting AP scan for wildcard SSID
03-03 15:34:47.523 D/wpa_supplicant(  659): WPS: Building WPS IE for Probe Request
03-03 15:34:47.523 D/wpa_supplicant(  659): WPS:  * Version (hardcoded 0x10)
03-03 15:34:47.523 D/wpa_supplicant(  659): WPS:  * Request Type
03-03 15:34:47.523 D/wpa_supplicant(  659): WPS:  * Config Methods (4288)
03-03 15:34:47.523 D/wpa_supplicant(  659): WPS:  * UUID-E
03-03 15:34:47.523 D/wpa_supplicant(  659): WPS:  * Primary Device Type
03-03 15:34:47.523 D/wpa_supplicant(  659): WPS:  * RF Bands (1)
03-03 15:34:47.523 D/wpa_supplicant(  659): WPS:  * Association State
03-03 15:34:47.523 D/wpa_supplicant(  659): WPS:  * Configuration Error (0)
03-03 15:34:47.523 D/wpa_supplicant(  659): WPS:  * Device Password ID (0)
03-03 15:34:47.523 D/wpa_supplicant(  659): WPS:  * Manufacturer
03-03 15:34:47.523 D/wpa_supplicant(  659): WPS:  * Model Name
03-03 15:34:47.523 D/wpa_supplicant(  659): WPS:  * Model Number
03-03 15:34:47.523 D/wpa_supplicant(  659): WPS:  * Device Name
03-03 15:34:47.523 D/wpa_supplicant(  659): WPS:  * Version2 (0x20)
03-03 15:34:47.523 D/wpa_supplicant(  659): P2P: * P2P IE header
03-03 15:34:47.523 D/wpa_supplicant(  659): P2P: * Capability dev=25 group=00
03-03 15:34:47.523 D/wpa_supplicant(  659): P2P: * Listen Channel: Regulatory Class 81 Channel 11
03-03 15:34:47.523 D/wpa_supplicant(  659): wlan0: nl80211: scan request
03-03 15:34:47.623 D/wpa_supplicant(  659): Scan requested (ret=0) - scan timeout 30 seconds
03-03 15:34:47.623 D/wpa_supplicant(  659): nl80211: Drv Event 33 (NL80211_CMD_TRIGGER_SCAN) received for wlan0
03-03 15:34:47.623 D/wpa_supplicant(  659): wlan0: nl80211: Scan trigger
03-03 15:34:48.743 D/wpa_supplicant(  659): nl80211: Drv Event 34 (NL80211_CMD_NEW_SCAN_RESULTS) received for wlan0
03-03 15:34:48.743 D/wpa_supplicant(  659): wlan0: nl80211: New scan results available
03-03 15:34:48.743 D/wpa_supplicant(  659): wlan0: Event SCAN_RESULTS (3) received
03-03 15:34:48.743 D/wpa_supplicant(  659): nl80211: Received scan results (22 BSSes)
03-03 15:34:48.743 D/wpa_supplicant(  659): nl80211: Survey data missing
03-03 15:34:48.743 D/wpa_supplicant(  659): wlan0: BSS: Start scan result update 1571
03-03 15:34:48.743 D/wpa_supplicant(  659): wlan0: BSS: Add new id 3412 BSSID 00:0f:e2:0f:9f:c1 SSID '321_WAN'
03-03 15:34:48.743 D/wpa_supplicant(  659): CTRL_IFACE monitor send - hexdump(len=39): 2f 64 61 74 61 2f 6d 69 73 63 2f 77 69 66 69 2f 73 6f 63 6b 65 74 73 2f 77 70 61 5f 63 74 72 6c ...
03-03 15:34:48.743 D/wpa_supplicant(  659): wlan0: BSS: Add new id 3413 BSSID e4:d3:32:dd:18:62 SSID 'Internet'
03-03 15:34:48.743 D/wpa_supplicant(  659): CTRL_IFACE monitor send - hexdump(len=39): 2f 64 61 74 61 2f 6d 69 73 63 2f 77 69 66 69 2f 73 6f 63 6b 65 74 73 2f 77 70 61 5f 63 74 72 6c ...
03-03 15:34:48.743 D/wpa_supplicant(  659): wlan0: BSS: Add new id 3414 BSSID 00:25:86:5c:5e:30 SSID 'internet'
03-03 15:34:48.743 D/wpa_supplicant(  659): CTRL_IFACE monitor send - hexdump(len=39): 2f 64 61 74 61 2f 6d 69 73 63 2f 77 69 66 69 2f 73 6f 63 6b 65 74 73 2f 77 70 61 5f 63 74 72 6c ...
03-03 15:34:48.743 D/wpa_supplicant(  659): wlan0: BSS: Remove id 3387 BSSID b0:48:7a:51:ff:cc SSID 'Neusoft TP' due to no match in scan
03-03 15:34:48.743 D/wpa_supplicant(  659): CTRL_IFACE monitor send - hexdump(len=39): 2f 64 61 74 61 2f 6d 69 73 63 2f 77 69 66 69 2f 73 6f 63 6b 65 74 73 2f 77 70 61 5f 63 74 72 6c ...
03-03 15:34:48.743 D/wpa_supplicant(  659): BSS: last_scan_res_used=21/32 last_scan_full=0
03-03 15:34:48.743 D/wpa_supplicant(  659): wlan0: New scan results available
03-03 15:34:48.743 D/wpa_supplicant(  659): CTRL_IFACE monitor send - hexdump(len=39): 2f 64 61 74 61 2f 6d 69 73 63 2f 77 69 66 69 2f 73 6f 63 6b 65 74 73 2f 77 70 61 5f 63 74 72 6c ...
03-03 15:34:48.743 D/wpa_supplicant(  659): CTRL_IFACE monitor send - hexdump(len=39): 2f 64 61 74 61 2f 6d 69 73 63 2f 77 69 66 69 2f 73 6f 63 6b 65 74 73 2f 77 70 61 5f 63 74 72 6c ...
03-03 15:34:48.743 D/wpa_supplicant(  659): Authorize channel 1
03-03 15:34:48.743 D/wpa_supplicant(  659): Authorize channel 2
03-03 15:34:48.743 D/wpa_supplicant(  659): Authorize channel 3
03-03 15:34:48.743 D/wpa_supplicant(  659): Authorize channel 4
03-03 15:34:48.743 D/wpa_supplicant(  659): Authorize channel 5
03-03 15:34:48.743 D/wpa_supplicant(  659): Authorize channel 6
03-03 15:34:48.743 D/wpa_supplicant(  659): Authorize channel 7
03-03 15:34:48.743 D/wpa_supplicant(  659): Authorize channel 8
03-03 15:34:48.743 D/wpa_supplicant(  659): Authorize channel 9
03-03 15:34:48.743 D/wpa_supplicant(  659): Authorize channel 10
03-03 15:34:48.743 D/wpa_supplicant(  659): Authorize channel 11
03-03 15:34:48.743 D/wpa_supplicant(  659): Authorize channel 12
03-03 15:34:48.743 D/wpa_supplicant(  659): Authorize channel 13
03-03 15:34:48.743 D/wpa_supplicant(  659): Authorize channel 1
03-03 15:34:48.743 D/wpa_supplicant(  659): Authorize channel 2
03-03 15:34:48.743 D/wpa_supplicant(  659): Authorize channel 3
03-03 15:34:48.743 D/wpa_supplicant(  659): Authorize channel 4
03-03 15:34:48.743 D/wpa_supplicant(  659): Authorize channel 5
03-03 15:34:48.743 D/wpa_supplicant(  659): Authorize channel 6
03-03 15:34:48.743 D/wpa_supplicant(  659): Authorize channel 7
03-03 15:34:48.743 D/wpa_supplicant(  659): Authorize channel 8
03-03 15:34:48.743 D/wpa_supplicant(  659): Authorize channel 9
03-03 15:34:48.743 I/WifiHW  (  506): EVENT: IFNAME=wlan0 CTRL-EVENT-BSS-ADDED 3412 00:0f:e2:0f:9f:c1
03-03 15:34:48.743 D/wpa_supplicant(  659): Authorize channel 10
03-03 15:34:48.743 D/wpa_supplicant(  659): Authorize channel 11
03-03 15:34:48.743 D/wpa_supplicant(  659): Authorize channel 12
03-03 15:34:48.743 D/wpa_supplicant(  659): Authorize channel 13
03-03 15:34:48.743 D/wpa_supplicant(  659): Add access point on channel 6
03-03 15:34:48.743 D/wpa_supplicant(  659): Add access point on channel 6
03-03 15:34:48.743 D/wpa_supplicant(  659): Add access point on channel 1
03-03 15:34:48.743 I/WifiHW  (  506): EVENT: IFNAME=wlan0 CTRL-EVENT-BSS-ADDED 3413 e4:d3:32:dd:18:62
03-03 15:34:48.743 I/WifiHW  (  506): EVENT: IFNAME=wlan0 CTRL-EVENT-BSS-ADDED 3414 00:25:86:5c:5e:30
03-03 15:34:48.743 I/WifiHW  (  506): EVENT: IFNAME=wlan0 CTRL-EVENT-BSS-REMOVED 3387 b0:48:7a:51:ff:cc
03-03 15:34:48.743 I/WifiHW  (  506): EVENT: IFNAME=wlan0 CTRL-EVENT-SCAN-RESULTS 
03-03 15:34:48.743 I/WifiHW  (  506): EVENT: IFNAME=wlan0 WPS-AP-AVAILABLE 
03-03 15:34:48.743 I/WifiHW  (  506): CMD: IFNAME=wlan0 BSS RANGE=0- MASK=0x21987
03-03 15:34:48.743 D/wpa_supplicant(  659): Add access point on channel 7
03-03 15:34:48.743 D/wpa_supplicant(  659): Add access point on channel 11
03-03 15:34:48.743 D/wpa_supplicant(  659): Add access point on channel 1
03-03 15:34:48.743 D/wpa_supplicant(  659): Add access point on channel 1
03-03 15:34:48.743 D/wpa_supplicant(  659): Add access point on channel 11
03-03 15:34:48.743 D/wpa_supplicant(  659): Add access point on channel 6
03-03 15:34:48.743 D/wpa_supplicant(  659): Add access point on channel 11
03-03 15:34:48.743 D/wpa_supplicant(  659): Add access point on channel 6
03-03 15:34:48.743 D/wpa_supplicant(  659): Add access point on channel 6
03-03 15:34:48.743 D/wpa_supplicant(  659): Add access point on channel 11
03-03 15:34:48.743 D/wpa_supplicant(  659): Add access point on channel 6
03-03 15:34:48.743 D/wpa_supplicant(  659): Add access point on channel 8
03-03 15:34:48.743 D/wpa_supplicant(  659): Add access point on channel 6
03-03 15:34:48.743 D/wpa_supplicant(  659): Add access point on channel 6
03-03 15:34:48.743 D/wpa_supplicant(  659): Add access point on channel 13
03-03 15:34:48.743 D/wpa_supplicant(  659): Add access point on channel 1
03-03 15:34:48.743 D/wpa_supplicant(  659): Add access point on channel 1
03-03 15:34:48.743 D/wpa_supplicant(  659): Add access point on channel 1
03-03 15:34:48.743 D/wpa_supplicant(  659): Add access point on channel 11
03-03 15:34:48.743 D/wpa_supplicant(  659): Add access point on channel 6
03-03 15:34:48.743 D/wpa_supplicant(  659): Add access point on channel 6
03-03 15:34:48.743 D/wpa_supplicant(  659): Best Operating channel is = 1
03-03 15:34:48.743 D/wpa_supplicant(  659): WPS: AP[0] 28:2c:b2:44:e4:00 type=0 tries=0 last_attempt=-1 sec ago blacklist=0
03-03 15:34:48.743 D/wpa_supplicant(  659): WPS: AP[1] 14:e6:e4:b8:85:76 type=0 tries=0 last_attempt=-1 sec ago blacklist=0
03-03 15:34:48.743 D/wpa_supplicant(  659): WPS: AP[2] 78:a1:06:55:fe:30 type=0 tries=0 last_attempt=-1 sec ago blacklist=0
03-03 15:34:48.743 D/wpa_supplicant(  659): WPS: AP[3] a8:15:4d:13:9a:08 type=0 tries=0 last_attempt=-1 sec ago blacklist=0
03-03 15:34:48.743 D/wpa_supplicant(  659): WPS: AP[4] 78:54:2e:f5:fb:9e type=0 tries=0 last_attempt=-1 sec ago blacklist=0
03-03 15:34:48.743 D/wpa_supplicant(  659): WPS: AP[5] 20:dc:e6:3f:eb:f2 type=0 tries=0 last_attempt=-1 sec ago blacklist=0
03-03 15:34:48.743 D/wpa_supplicant(  659): WPS: AP[6] 64:09:80:1e:91:78 type=0 tries=0 last_attempt=-1 sec ago blacklist=0
03-03 15:34:48.743 D/wpa_supplicant(  659): WPS: AP[7] ec:88:8f:6a:0c:a8 type=0 tries=0 last_attempt=-1 sec ago blacklist=0
03-03 15:34:48.743 D/wpa_supplicant(  659): WPS: AP[8] d0:15:4a:15:5d:1a type=0 tries=0 last_attempt=-1 sec ago blacklist=0
03-03 15:34:48.743 D/wpa_supplicant(  659): WPS: AP[9] 1c:fa:68:11:5a:b6 type=0 tries=0 last_attempt=-1 sec ago blacklist=0
03-03 15:34:48.743 D/wpa_supplicant(  659): WPS: AP[10] 8c:be:be:26:4b:8b type=0 tries=0 last_attempt=-1 sec ago blacklist=0
03-03 15:34:48.743 D/wpa_supplicant(  659): WPS: AP[11] 64:09:80:15:31:84 type=0 tries=0 last_attempt=-1 sec ago blacklist=0
03-03 15:34:48.743 D/wpa_supplicant(  659): WPS: AP[12] bc:d1:77:f3:0b:28 type=0 tries=0 last_attempt=-1 sec ago blacklist=0
03-03 15:34:48.743 D/wpa_supplicant(  659): WPS: AP[13] c0:61:18:4e:07:fc type=0 tries=0 last_attempt=-1 sec ago blacklist=0
03-03 15:34:48.743 D/wpa_supplicant(  659): WPS: AP[14] f4:ec:38:6d:cf:d6 type=0 tries=0 last_attempt=-1 sec ago blacklist=0
03-03 15:34:48.743 D/wpa_supplicant(  659): WPS: AP[15] e4:d3:32:0a:fb:34 type=0 tries=0 last_attempt=-1 sec ago blacklist=0
03-03 15:34:48.743 D/wpa_supplicant(  659): WPS: AP[16] 8c:be:be:28:2d:f8 type=0 tries=0 last_attempt=-1 sec ago blacklist=0
03-03 15:34:48.743 D/wpa_supplicant(  659): WPS: AP[17] d8:15:0d:c4:57:de type=0 tries=0 last_attempt=-1 sec ago blacklist=0
03-03 15:34:48.743 D/wpa_supplicant(  659): WPS: AP[18] 40:16:9f:9b:64:fa type=0 tries=0 last_attempt=-1 sec ago blacklist=0
03-03 15:34:48.743 D/wpa_supplicant(  659): WPS: AP[19] ec:1a:59:0b:f4:8c type=0 tries=0 last_attempt=-1 sec ago blacklist=0
03-03 15:34:48.743 D/wpa_supplicant(  659): WPS: AP[20] 10:c3:7b:d2:e5:e0 type=0 tries=0 last_attempt=-1 sec ago blacklist=0
03-03 15:34:48.743 D/wpa_supplicant(  659): WPS: AP[21] 44:94:fc:3d:da:38 type=0 tries=0 last_attempt=-1 sec ago blacklist=0
03-03 15:34:48.743 D/wpa_supplicant(  659): WPS: AP[22] f8:d1:11:e7:99:e8 type=0 tries=0 last_attempt=-1 sec ago blacklist=0
