--------- beginning of /dev/log/main
03-03 15:33:51.853 D/AndroidRuntime(27058): 
03-03 15:33:51.853 D/AndroidRuntime(27058): >>>>>> AndroidRuntime START com.android.internal.os.RuntimeInit <<<<<<
03-03 15:33:51.853 D/AndroidRuntime(27058): CheckJNI is OFF
03-03 15:33:51.853 I/AndroidRuntime(27058): Kernel Release Version: 3.10.20-gf818079
03-03 15:33:51.853 I/dalvikvm(27058): No library specified. The standard exception handler will be used
03-03 15:33:51.853 I/dalvikvm(27058): 
03-03 15:33:51.853 I/dalvikvm(27058): +++++++++++++ Using PCG. +++++++++++++++++++++
03-03 15:33:51.863 D/dalvikvm(27058): Trying to load lib libjavacore.so 0x0
03-03 15:33:51.863 D/dalvikvm(27058): Added shared lib libjavacore.so 0x0
03-03 15:33:51.863 D/dalvikvm(27058): Trying to load lib libnativehelper.so 0x0
03-03 15:33:51.863 D/dalvikvm(27058): Added shared lib libnativehelper.so 0x0
03-03 15:33:51.863 D/dalvikvm(27058): No JNI_OnLoad found in libnativehelper.so 0x0, skipping init
03-03 15:33:51.873 D/dalvikvm(27058): Extra Options: not specified
03-03 15:33:51.883 D/dalvikvm(27058): Note: class Landroid/app/ActivityManagerNative; has 186 unimplemented (abstract) methods
03-03 15:33:51.953 E/memtrack(27058): Couldn't load memtrack module (No such file or directory)
03-03 15:33:51.953 E/android.os.Debug(27058): failed to load memtrack module: -2
03-03 15:33:51.993 D/AndroidRuntime(27058): Calling main entry com.android.commands.am.Am
03-03 15:33:52.013 D/AndroidRuntime(27058): Shutting down VM
--------- beginning of /dev/log/system
03-03 15:33:52.013 I/ActivityManager(  506): Force stopping org.xwalk.webapi_noneservice_tests appid=10366 user=0: from pid 27058
03-03 15:33:52.023 D/dalvikvm(27058): GC_CONCURRENT freed 112K, 16% free 666K/792K, paused 0ms+1ms, total 1ms
03-03 15:33:52.023 D/dalvikvm(27058): Compiler shutdown in progress - discarding request
03-03 15:33:52.023 D/dalvikvm(27058): Compiler shutdown in progress - discarding request
03-03 15:33:52.023 D/dalvikvm(27058): Compiler shutdown in progress - discarding request
03-03 15:33:52.023 D/dalvikvm(27058): Compiler shutdown in progress - discarding request
03-03 15:33:52.023 D/dalvikvm(27058): Compiler shutdown in progress - discarding request
03-03 15:33:52.023 D/dalvikvm(27058): Compiler shutdown in progress - discarding request
03-03 15:33:52.023 D/dalvikvm(27058): Compiler shutdown in progress - discarding request
03-03 15:33:52.023 D/dalvikvm(27058): Compiler shutdown in progress - discarding request
03-03 15:33:52.023 D/dalvikvm(27058): Compiler shutdown in progress - discarding request
03-03 15:33:52.023 D/dalvikvm(27058): Compiler shutdown in progress - discarding request
03-03 15:33:52.023 D/dalvikvm(27058): Compiler shutdown in progress - discarding request
03-03 15:33:52.023 D/dalvikvm(27058): Compiler shutdown in progress - discarding request
03-03 15:33:52.023 D/dalvikvm(27058): Compiler shutdown in progress - discarding request
03-03 15:33:52.023 D/dalvikvm(27058): Compiler shutdown in progress - discarding request
03-03 15:33:52.023 D/dalvikvm(27058): Compiler shutdown in progress - discarding request
03-03 15:33:52.023 D/dalvikvm(27058): Compiler shutdown in progress - discarding request
03-03 15:33:52.023 D/dalvikvm(27058): Compiler shutdown in progress - discarding request
03-03 15:33:52.023 D/dalvikvm(27058): Compiler shutdown in progress - discarding request
03-03 15:33:52.023 D/dalvikvm(27058): Compiler shutdown in progress - discarding request
03-03 15:33:52.023 D/dalvikvm(27058): Compiler shutdown in progress - discarding request
03-03 15:33:52.023 D/dalvikvm(27058): Compiler shutdown in progress - discarding request
03-03 15:33:52.023 D/dalvikvm(27058): Compiler shutdown in progress - discarding request
03-03 15:33:52.023 D/dalvikvm(27058): Compiler shutdown in progress - discarding request
03-03 15:33:52.023 D/dalvikvm(27058): Compiler shutdown in progress - discarding request
03-03 15:33:52.023 D/dalvikvm(27058): Compiler shutdown in progress - discarding request
03-03 15:33:52.023 D/dalvikvm(27058): Compiler shutdown in progress - discarding request
03-03 15:33:52.023 D/dalvikvm(27058): Compiler shutdown in progress - discarding request
03-03 15:33:52.023 D/dalvikvm(27058): Compiler shutdown in progress - discarding request
03-03 15:33:52.023 D/dalvikvm(27058): Compiler shutdown in progress - discarding request
03-03 15:33:52.023 D/dalvikvm(27058): Compiler shutdown in progress - discarding request
03-03 15:33:52.023 D/dalvikvm(27058): Compiler shutdown in progress - discarding request
03-03 15:33:52.023 D/dalvikvm(27058): Compiler shutdown in progress - discarding request
03-03 15:33:52.023 D/dalvikvm(27058): Compiler shutdown in progress - discarding request
03-03 15:33:52.023 D/dalvikvm(27058): Compiler shutdown in progress - discarding request
03-03 15:33:52.023 D/dalvikvm(27058): Compiler shutdown in progress - discarding request
03-03 15:33:52.023 D/dalvikvm(27058): Compiler shutdown in progress - discarding request
03-03 15:33:52.023 D/dalvikvm(27058): Compiler shutdown in progress - discarding request
03-03 15:33:52.023 D/dalvikvm(27058): Compiler shutdown in progress - discarding request
03-03 15:33:52.023 D/dalvikvm(27058): Compiler shutdown in progress - discarding request
03-03 15:33:52.023 D/dalvikvm(27058): Compiler shutdown in progress - discarding request
03-03 15:33:52.023 D/dalvikvm(27058): Compiler shutdown in progress - discarding request
03-03 15:33:52.023 D/dalvikvm(27058): Compiler shutdown in progress - discarding request
03-03 15:33:52.023 D/dalvikvm(27058): Compiler shutdown in progress - discarding request
03-03 15:33:52.023 D/dalvikvm(27058): Compiler shutdown in progress - discarding request
03-03 15:33:52.023 D/dalvikvm(27058): Compiler shutdown in progress - discarding request
03-03 15:33:52.023 D/dalvikvm(27058): Compiler shutdown in progress - discarding request
03-03 15:33:52.023 D/dalvikvm(27058): Compiler shutdown in progress - discarding request
03-03 15:33:52.023 D/dalvikvm(27058): Compiler shutdown in progress - discarding request
03-03 15:33:52.023 D/dalvikvm(27058): Compiler shutdown in progress - discarding request
03-03 15:33:52.023 D/dalvikvm(27058): Compiler shutdown in progress - discarding request
03-03 15:33:52.023 D/dalvikvm(27058): Compiler shutdown in progress - discarding request
03-03 15:33:52.473 D/EVENT_THREAD(  187): void CEventThread::run() POLLIN event on Fd (1)
03-03 15:33:52.473 D/EVENT_THREAD(  187): void CEventThread::run() Do poll with timeout: -1
03-03 15:33:52.473 I/upi_ug31xx(  167): (13023) update_capacity
03-03 15:33:52.473 I/[UPI]   (  167): <UG31/E>[UpiReadCapacity]: V=3962(3959), T=339(341-403), I=-381, C=-5(-5-0)
03-03 15:33:52.473 I/[UPI]   (  167): <UG31/E>[UpiReadCapacity]: (0x0000254a) 2728 (2762) / 3602 (3985) = 76
03-03 15:33:52.473 I/[UPI]   (  167): <UG31/E>[UpiReadCapacity]: (0x0000254a) 2728 (2762) / 3602 (3985) = 76
03-03 15:33:52.473 I/[UPI]   (  167): <UG31/E>[UpiReadCapacity]: (0x0000254a) 2723 (2723) / 3602 (3985) = 76
03-03 15:33:52.473 I/[UPI]   (  167): <UG31/E>[RsocFilterCountTime]: (0x0000254a) Step=5(334060), Full=5(334060), Lock=334060(1800000)
03-03 15:33:52.473 I/[UPI]   (  167): <UG31/E>[UpiReadCapacity]: (0x0000254a) 2723 (2723) / 3602 (3985) = 76 (-381--381)
03-03 15:33:52.473 I/[UPI]   (  167): <UG31/E><BATT> M:normal, P:76(76-76)%, V:3956mV, C:-340mA, T:34.1C(403), S:0x0000254a(000), R:2723mAh, F:3602mAh, Q:2274mAh, CC:4, P:30.390(1062-0)s, BO:7, 97:615:0-44af-9m:B001-20140514-144301 (16)
03-03 15:33:52.473 D/EVENT_THREAD(  187): void CEventThread::run() POLLIN event on Fd (1)
03-03 15:33:52.473 D/EVENT_THREAD(  187): void CEventThread::run() Do poll with timeout: -1
03-03 15:33:52.523 I/upi_ug31xx(  167): (13024) backup_data 
03-03 15:33:52.523 V/upi_ug31xx(  167): state->check_backup_count = 9
03-03 15:33:52.703 D/AndroidRuntime(27069): 
03-03 15:33:52.703 D/AndroidRuntime(27069): >>>>>> AndroidRuntime START com.android.internal.os.RuntimeInit <<<<<<
03-03 15:33:52.703 D/AndroidRuntime(27069): CheckJNI is OFF
03-03 15:33:52.703 I/AndroidRuntime(27069): Kernel Release Version: 3.10.20-gf818079
03-03 15:33:52.703 I/dalvikvm(27069): No library specified. The standard exception handler will be used
03-03 15:33:52.703 I/dalvikvm(27069): 
03-03 15:33:52.703 I/dalvikvm(27069): +++++++++++++ Using PCG. +++++++++++++++++++++
03-03 15:33:52.713 D/dalvikvm(27069): Trying to load lib libjavacore.so 0x0
03-03 15:33:52.713 D/dalvikvm(27069): Added shared lib libjavacore.so 0x0
03-03 15:33:52.713 D/dalvikvm(27069): Trying to load lib libnativehelper.so 0x0
03-03 15:33:52.713 D/dalvikvm(27069): Added shared lib libnativehelper.so 0x0
03-03 15:33:52.713 D/dalvikvm(27069): No JNI_OnLoad found in libnativehelper.so 0x0, skipping init
03-03 15:33:52.723 D/dalvikvm(27069): Extra Options: not specified
03-03 15:33:52.733 D/dalvikvm(27069): Note: class Landroid/app/ActivityManagerNative; has 186 unimplemented (abstract) methods
03-03 15:33:52.803 E/memtrack(27069): Couldn't load memtrack module (No such file or directory)
03-03 15:33:52.803 E/android.os.Debug(27069): failed to load memtrack module: -2
03-03 15:33:52.843 D/AndroidRuntime(27069): Calling main entry com.android.commands.am.Am
03-03 15:33:52.873 D/AndroidRuntime(27069): Shutting down VM
03-03 15:33:52.873 D/dalvikvm(27069): GC_CONCURRENT freed 117K, 16% free 702K/832K, paused 0ms+1ms, total 1ms
03-03 15:33:52.873 D/dalvikvm(27069): Compiler shutdown in progress - discarding request
03-03 15:33:52.873 D/dalvikvm(27069): Compiler shutdown in progress - discarding request
03-03 15:33:52.873 D/dalvikvm(27069): Compiler shutdown in progress - discarding request
03-03 15:33:52.873 D/dalvikvm(27069): Compiler shutdown in progress - discarding request
03-03 15:33:52.873 D/dalvikvm(27069): Compiler shutdown in progress - discarding request
03-03 15:33:52.873 D/dalvikvm(27069): Compiler shutdown in progress - discarding request
03-03 15:33:52.873 D/dalvikvm(27069): Compiler shutdown in progress - discarding request
03-03 15:33:52.873 D/dalvikvm(27069): Compiler shutdown in progress - discarding request
03-03 15:33:52.873 D/dalvikvm(27069): Compiler shutdown in progress - discarding request
03-03 15:33:52.873 D/dalvikvm(27069): Compiler shutdown in progress - discarding request
03-03 15:33:52.873 D/dalvikvm(27069): Compiler shutdown in progress - discarding request
03-03 15:33:52.873 D/dalvikvm(27069): Compiler shutdown in progress - discarding request
03-03 15:33:52.873 D/dalvikvm(27069): Compiler shutdown in progress - discarding request
03-03 15:33:52.873 D/dalvikvm(27069): Compiler shutdown in progress - discarding request
03-03 15:33:52.873 D/dalvikvm(27069): Compiler shutdown in progress - discarding request
03-03 15:33:52.873 D/dalvikvm(27069): Compiler shutdown in progress - discarding request
03-03 15:33:52.873 D/dalvikvm(27069): Compiler shutdown in progress - discarding request
03-03 15:33:52.873 D/dalvikvm(27069): Compiler shutdown in progress - discarding request
03-03 15:33:52.873 D/dalvikvm(27069): Compiler shutdown in progress - discarding request
03-03 15:33:52.873 D/dalvikvm(27069): Compiler shutdown in progress - discarding request
03-03 15:33:52.873 D/dalvikvm(27069): Compiler shutdown in progress - discarding request
03-03 15:33:52.873 D/dalvikvm(27069): Compiler shutdown in progress - discarding request
03-03 15:33:52.873 D/dalvikvm(27069): Compiler shutdown in progress - discarding request
03-03 15:33:52.873 D/dalvikvm(27069): Compiler shutdown in progress - discarding request
03-03 15:33:52.873 D/dalvikvm(27069): Compiler shutdown in progress - discarding request
03-03 15:33:52.873 D/dalvikvm(27069): Compiler shutdown in progress - discarding request
03-03 15:33:52.873 D/dalvikvm(27069): Compiler shutdown in progress - discarding request
03-03 15:33:52.873 D/dalvikvm(27069): Compiler shutdown in progress - discarding request
03-03 15:33:52.873 D/dalvikvm(27069): Compiler shutdown in progress - discarding request
03-03 15:33:52.873 D/dalvikvm(27069): Compiler shutdown in progress - discarding request
03-03 15:33:52.873 D/dalvikvm(27069): Compiler shutdown in progress - discarding request
03-03 15:33:52.873 D/dalvikvm(27069): Compiler shutdown in progress - discarding request
03-03 15:33:52.873 D/dalvikvm(27069): Compiler shutdown in progress - discarding request
03-03 15:33:52.873 D/dalvikvm(27069): Compiler shutdown in progress - discarding request
03-03 15:33:52.873 D/dalvikvm(27069): Compiler shutdown in progress - discarding request
03-03 15:33:52.873 D/dalvikvm(27069): Compiler shutdown in progress - discarding request
03-03 15:33:52.873 D/dalvikvm(27069): Compiler shutdown in progress - discarding request
03-03 15:33:52.873 D/dalvikvm(27069): Compiler shutdown in progress - discarding request
03-03 15:33:52.873 D/dalvikvm(27069): Compiler shutdown in progress - discarding request
03-03 15:33:52.873 D/dalvikvm(27069): Compiler shutdown in progress - discarding request
03-03 15:33:52.873 D/dalvikvm(27069): Compiler shutdown in progress - discarding request
03-03 15:33:52.873 D/dalvikvm(27069): Compiler shutdown in progress - discarding request
03-03 15:33:52.873 D/dalvikvm(27069): Compiler shutdown in progress - discarding request
03-03 15:33:52.873 D/dalvikvm(27069): Compiler shutdown in progress - discarding request
03-03 15:33:52.873 D/dalvikvm(27069): Compiler shutdown in progress - discarding request
03-03 15:33:52.873 D/dalvikvm(27069): Compiler shutdown in progress - discarding request
03-03 15:33:52.873 D/dalvikvm(27069): Compiler shutdown in progress - discarding request
03-03 15:33:52.873 I/ActivityManager(  506): START u0 {flg=0x10000000 cmp=org.xwalk.webapi_noneservice_tests/.webapi_noneservice_testsActivity} from pid 27069
03-03 15:33:53.463 D/AndroidRuntime(27080): 
03-03 15:33:53.463 D/AndroidRuntime(27080): >>>>>> AndroidRuntime START com.android.internal.os.RuntimeInit <<<<<<
03-03 15:33:53.463 D/AndroidRuntime(27080): CheckJNI is OFF
03-03 15:33:53.463 I/AndroidRuntime(27080): Kernel Release Version: 3.10.20-gf818079
03-03 15:33:53.463 I/dalvikvm(27080): No library specified. The standard exception handler will be used
03-03 15:33:53.463 I/dalvikvm(27080): 
03-03 15:33:53.463 I/dalvikvm(27080): +++++++++++++ Using PCG. +++++++++++++++++++++
03-03 15:33:53.473 D/dalvikvm(27080): Trying to load lib libjavacore.so 0x0
03-03 15:33:53.473 D/dalvikvm(27080): Added shared lib libjavacore.so 0x0
03-03 15:33:53.473 D/dalvikvm(27080): Trying to load lib libnativehelper.so 0x0
03-03 15:33:53.473 D/dalvikvm(27080): Added shared lib libnativehelper.so 0x0
03-03 15:33:53.473 D/dalvikvm(27080): No JNI_OnLoad found in libnativehelper.so 0x0, skipping init
03-03 15:33:53.483 D/dalvikvm(27080): Extra Options: not specified
03-03 15:33:53.493 D/dalvikvm(27080): Note: class Landroid/app/ActivityManagerNative; has 186 unimplemented (abstract) methods
03-03 15:33:53.563 E/memtrack(27080): Couldn't load memtrack module (No such file or directory)
03-03 15:33:53.563 E/android.os.Debug(27080): failed to load memtrack module: -2
03-03 15:33:53.603 D/AndroidRuntime(27080): Calling main entry com.android.commands.am.Am
03-03 15:33:53.633 D/AndroidRuntime(27080): Shutting down VM
03-03 15:33:53.633 D/dalvikvm(27080): GC_CONCURRENT freed 117K, 15% free 702K/824K, paused 0ms+0ms, total 1ms
03-03 15:33:53.633 D/dalvikvm(27080): Compiler shutdown in progress - discarding request
03-03 15:33:53.633 D/dalvikvm(27080): Compiler shutdown in progress - discarding request
03-03 15:33:53.633 D/dalvikvm(27080): Compiler shutdown in progress - discarding request
03-03 15:33:53.633 D/dalvikvm(27080): Compiler shutdown in progress - discarding request
03-03 15:33:53.633 D/dalvikvm(27080): Compiler shutdown in progress - discarding request
03-03 15:33:53.633 D/dalvikvm(27080): Compiler shutdown in progress - discarding request
03-03 15:33:53.633 D/dalvikvm(27080): Compiler shutdown in progress - discarding request
03-03 15:33:53.633 D/dalvikvm(27080): Compiler shutdown in progress - discarding request
03-03 15:33:53.633 D/dalvikvm(27080): Compiler shutdown in progress - discarding request
03-03 15:33:53.633 D/dalvikvm(27080): Compiler shutdown in progress - discarding request
03-03 15:33:53.633 D/dalvikvm(27080): Compiler shutdown in progress - discarding request
03-03 15:33:53.633 D/dalvikvm(27080): Compiler shutdown in progress - discarding request
03-03 15:33:53.633 D/dalvikvm(27080): Compiler shutdown in progress - discarding request
03-03 15:33:53.633 D/dalvikvm(27080): Compiler shutdown in progress - discarding request
03-03 15:33:53.633 D/dalvikvm(27080): Compiler shutdown in progress - discarding request
03-03 15:33:53.633 D/dalvikvm(27080): Compiler shutdown in progress - discarding request
03-03 15:33:53.633 D/dalvikvm(27080): Compiler shutdown in progress - discarding request
03-03 15:33:53.633 D/dalvikvm(27080): Compiler shutdown in progress - discarding request
03-03 15:33:53.633 D/dalvikvm(27080): Compiler shutdown in progress - discarding request
03-03 15:33:53.633 D/dalvikvm(27080): Compiler shutdown in progress - discarding request
03-03 15:33:53.633 D/dalvikvm(27080): Compiler shutdown in progress - discarding request
03-03 15:33:53.633 D/dalvikvm(27080): Compiler shutdown in progress - discarding request
03-03 15:33:53.633 D/dalvikvm(27080): Compiler shutdown in progress - discarding request
03-03 15:33:53.633 D/dalvikvm(27080): Compiler shutdown in progress - discarding request
03-03 15:33:53.633 D/dalvikvm(27080): Compiler shutdown in progress - discarding request
03-03 15:33:53.633 D/dalvikvm(27080): Compiler shutdown in progress - discarding request
03-03 15:33:53.633 D/dalvikvm(27080): Compiler shutdown in progress - discarding request
03-03 15:33:53.633 D/dalvikvm(27080): Compiler shutdown in progress - discarding request
03-03 15:33:53.633 D/dalvikvm(27080): Compiler shutdown in progress - discarding request
03-03 15:33:53.633 D/dalvikvm(27080): Compiler shutdown in progress - discarding request
03-03 15:33:53.633 D/dalvikvm(27080): Compiler shutdown in progress - discarding request
03-03 15:33:53.633 D/dalvikvm(27080): Compiler shutdown in progress - discarding request
03-03 15:33:53.633 D/dalvikvm(27080): Compiler shutdown in progress - discarding request
03-03 15:33:53.633 D/dalvikvm(27080): Compiler shutdown in progress - discarding request
03-03 15:33:53.633 D/dalvikvm(27080): Compiler shutdown in progress - discarding request
03-03 15:33:53.633 D/dalvikvm(27080): Compiler shutdown in progress - discarding request
03-03 15:33:53.633 D/dalvikvm(27080): Compiler shutdown in progress - discarding request
03-03 15:33:53.633 D/dalvikvm(27080): Compiler shutdown in progress - discarding request
03-03 15:33:53.633 D/dalvikvm(27080): Compiler shutdown in progress - discarding request
03-03 15:33:53.633 D/dalvikvm(27080): Compiler shutdown in progress - discarding request
03-03 15:33:53.633 D/dalvikvm(27080): Compiler shutdown in progress - discarding request
03-03 15:33:53.633 D/dalvikvm(27080): Compiler shutdown in progress - discarding request
03-03 15:33:53.633 D/dalvikvm(27080): Compiler shutdown in progress - discarding request
03-03 15:33:53.633 D/dalvikvm(27080): Compiler shutdown in progress - discarding request
03-03 15:33:53.633 D/dalvikvm(27080): Compiler shutdown in progress - discarding request
03-03 15:33:53.633 D/dalvikvm(27080): Compiler shutdown in progress - discarding request
03-03 15:33:53.633 D/dalvikvm(27080): Compiler shutdown in progress - discarding request
03-03 15:33:53.633 D/dalvikvm(27080): Compiler shutdown in progress - discarding request
03-03 15:33:53.633 D/dalvikvm(27080): Compiler shutdown in progress - discarding request
03-03 15:33:53.633 D/dalvikvm(27080): Compiler shutdown in progress - discarding request
03-03 15:33:53.633 D/dalvikvm(27080): Compiler shutdown in progress - discarding request
03-03 15:33:53.633 D/dalvikvm(27080): Compiler shutdown in progress - discarding request
03-03 15:33:53.633 I/ActivityManager(  506): START u0 {flg=0x10000000 cmp=org.xwalk.webapi_noneservice_tests/.webapi_noneservice_tests} from pid 27080
03-03 15:33:54.293 D/AndroidRuntime(27091): 
03-03 15:33:54.293 D/AndroidRuntime(27091): >>>>>> AndroidRuntime START com.android.internal.os.RuntimeInit <<<<<<
03-03 15:33:54.293 D/AndroidRuntime(27091): CheckJNI is OFF
03-03 15:33:54.293 I/AndroidRuntime(27091): Kernel Release Version: 3.10.20-gf818079
03-03 15:33:54.293 I/dalvikvm(27091): No library specified. The standard exception handler will be used
03-03 15:33:54.293 I/dalvikvm(27091): 
03-03 15:33:54.293 I/dalvikvm(27091): +++++++++++++ Using PCG. +++++++++++++++++++++
03-03 15:33:54.303 D/dalvikvm(27091): Trying to load lib libjavacore.so 0x0
03-03 15:33:54.303 D/dalvikvm(27091): Added shared lib libjavacore.so 0x0
03-03 15:33:54.303 D/dalvikvm(27091): Trying to load lib libnativehelper.so 0x0
03-03 15:33:54.303 D/dalvikvm(27091): Added shared lib libnativehelper.so 0x0
03-03 15:33:54.303 D/dalvikvm(27091): No JNI_OnLoad found in libnativehelper.so 0x0, skipping init
03-03 15:33:54.313 D/dalvikvm(27091): Extra Options: not specified
03-03 15:33:54.323 D/dalvikvm(27091): Note: class Landroid/app/ActivityManagerNative; has 186 unimplemented (abstract) methods
03-03 15:33:54.393 E/memtrack(27091): Couldn't load memtrack module (No such file or directory)
03-03 15:33:54.393 E/android.os.Debug(27091): failed to load memtrack module: -2
03-03 15:33:54.433 D/AndroidRuntime(27091): Calling main entry com.android.commands.am.Am
03-03 15:33:54.463 W/ufoGralloc(  172): registerBuffer() handle 0xb839b870/5 didn't require registration
03-03 15:33:54.463 I/ActivityManager(  506): START u0 {flg=0x10000000 cmp=org.xwalk.webapi_noneservice_tests/.WebapiNoneserviceTestsActivity} from pid 27091
03-03 15:33:54.473 D/AndroidRuntime(27091): Shutting down VM
03-03 15:33:54.473 D/dalvikvm(27091): GC_CONCURRENT freed 114K, 16% free 701K/832K, paused 0ms+0ms, total 1ms
03-03 15:33:54.483 D/dalvikvm(27091): Compiler shutdown in progress - discarding request
03-03 15:33:54.483 D/dalvikvm(27091): Compiler shutdown in progress - discarding request
03-03 15:33:54.483 D/dalvikvm(27091): Compiler shutdown in progress - discarding request
03-03 15:33:54.483 D/dalvikvm(27091): Compiler shutdown in progress - discarding request
03-03 15:33:54.483 D/dalvikvm(27091): Compiler shutdown in progress - discarding request
03-03 15:33:54.483 D/dalvikvm(27091): Compiler shutdown in progress - discarding request
03-03 15:33:54.483 D/dalvikvm(27091): Compiler shutdown in progress - discarding request
03-03 15:33:54.483 D/dalvikvm(27091): Compiler shutdown in progress - discarding request
03-03 15:33:54.483 D/dalvikvm(27091): Compiler shutdown in progress - discarding request
03-03 15:33:54.483 D/dalvikvm(27091): Compiler shutdown in progress - discarding request
03-03 15:33:54.483 D/dalvikvm(27091): Compiler shutdown in progress - discarding request
03-03 15:33:54.483 D/dalvikvm(27091): Compiler shutdown in progress - discarding request
03-03 15:33:54.483 D/dalvikvm(27091): Compiler shutdown in progress - discarding request
03-03 15:33:54.483 D/dalvikvm(27091): Compiler shutdown in progress - discarding request
03-03 15:33:54.483 D/dalvikvm(27091): Compiler shutdown in progress - discarding request
03-03 15:33:54.483 D/dalvikvm(27091): Compiler shutdown in progress - discarding request
03-03 15:33:54.483 D/dalvikvm(27091): Compiler shutdown in progress - discarding request
03-03 15:33:54.483 D/dalvikvm(27091): Compiler shutdown in progress - discarding request
03-03 15:33:54.483 D/dalvikvm(27091): Compiler shutdown in progress - discarding request
03-03 15:33:54.483 D/dalvikvm(27091): Compiler shutdown in progress - discarding request
03-03 15:33:54.483 D/dalvikvm(27091): Compiler shutdown in progress - discarding request
03-03 15:33:54.483 D/dalvikvm(27091): Compiler shutdown in progress - discarding request
03-03 15:33:54.483 D/dalvikvm(27091): Compiler shutdown in progress - discarding request
03-03 15:33:54.483 D/dalvikvm(27091): Compiler shutdown in progress - discarding request
03-03 15:33:54.483 D/dalvikvm(27091): Compiler shutdown in progress - discarding request
03-03 15:33:54.483 D/dalvikvm(27091): Compiler shutdown in progress - discarding request
03-03 15:33:54.483 D/dalvikvm(27091): Compiler shutdown in progress - discarding request
03-03 15:33:54.483 D/dalvikvm(27091): Compiler shutdown in progress - discarding request
03-03 15:33:54.483 D/dalvikvm(27091): Compiler shutdown in progress - discarding request
03-03 15:33:54.483 D/dalvikvm(27091): Compiler shutdown in progress - discarding request
03-03 15:33:54.483 D/dalvikvm(27091): Compiler shutdown in progress - discarding request
03-03 15:33:54.483 D/dalvikvm(27091): Compiler shutdown in progress - discarding request
03-03 15:33:54.483 D/dalvikvm(27091): Compiler shutdown in progress - discarding request
03-03 15:33:54.483 D/dalvikvm(27091): Compiler shutdown in progress - discarding request
03-03 15:33:54.483 D/dalvikvm(27091): Compiler shutdown in progress - discarding request
03-03 15:33:54.483 D/dalvikvm(27091): Compiler shutdown in progress - discarding request
03-03 15:33:54.483 D/dalvikvm(27091): Compiler shutdown in progress - discarding request
03-03 15:33:54.483 D/dalvikvm(27091): Compiler shutdown in progress - discarding request
03-03 15:33:54.483 D/dalvikvm(27091): Compiler shutdown in progress - discarding request
03-03 15:33:54.483 D/dalvikvm(27091): Compiler shutdown in progress - discarding request
03-03 15:33:54.483 D/dalvikvm(27091): Compiler shutdown in progress - discarding request
03-03 15:33:54.483 D/dalvikvm(27091): Compiler shutdown in progress - discarding request
03-03 15:33:54.483 D/dalvikvm(27091): Compiler shutdown in progress - discarding request
03-03 15:33:54.483 D/dalvikvm(27091): Compiler shutdown in progress - discarding request
03-03 15:33:54.483 D/dalvikvm(27091): Compiler shutdown in progress - discarding request
03-03 15:33:54.483 D/dalvikvm(27091): Compiler shutdown in progress - discarding request
03-03 15:33:54.483 D/dalvikvm(27091): Compiler shutdown in progress - discarding request
03-03 15:33:54.483 D/dalvikvm(27091): Compiler shutdown in progress - discarding request
03-03 15:33:54.483 D/dalvikvm(27091): Compiler shutdown in progress - discarding request
03-03 15:33:54.513 I/SecurityManagerService(  621): SMS received security event: App[START/org.xwalk.webapi_noneservice_tests]
03-03 15:33:54.523 D/dalvikvm(27102): Process 27102 nice name: org.xwalk.webapi_noneservice_tests
03-03 15:33:54.523 D/dalvikvm(27102): Extra Options: not specified
03-03 15:33:54.523 I/ActivityManager(  506): Start proc org.xwalk.webapi_noneservice_tests for activity org.xwalk.webapi_noneservice_tests/.WebapiNoneserviceTestsActivity: pid=27102 uid=10366 gids={50366, 3003, 1028, 1015}
03-03 15:33:54.533 D/WindowManager(  506): adjustConfigurationLw, config:{1.0 ?mcc?mnc ?locale ?layoutDir sw600dp w600dp h888dp 213dpi lrg port ?uimode ?night finger -keyb/v/h -nav/v} mLidState:1 mHasDockFeature:false mHasKeyboardFeature:false mHasHallSensorFeature:true config.hardKeyboardHidden:2
03-03 15:33:54.533 I/ActivityManager(  506): [TopPkgCurBat]	NowPkgName[org.xwalk.webapi_noneservice_tests]	Battery[76]	TimeTick[1425368034539]	OldPkgName[com.chrome.beta]
03-03 15:33:54.563 D/dalvikvm(27102): Trying to load lib /data/app-lib/org.xwalk.webapi_noneservice_tests-1/libxwalkcore.so 0x43d84870
03-03 15:33:54.563 D/        (18931): Surface destroy: ANDROID_NATIVE_WINDOW_MAGIC
03-03 15:33:54.573 D/        (18870): Surface destroy: ANDROID_NATIVE_WINDOW_MAGIC
03-03 15:33:54.583 D/dalvikvm(27102): Added shared lib /data/app-lib/org.xwalk.webapi_noneservice_tests-1/libxwalkcore.so 0x43d84870
03-03 15:33:54.583 I/LibraryLoader(27102): Time to load native libraries: 23 ms (timestamps 3801-3824)
03-03 15:33:54.583 I/LibraryLoader(27102): Expected native library version number "",actual native library version number ""
03-03 15:33:54.603 I/LibraryLoader(27102): Expected native library version number "",actual native library version number ""
03-03 15:33:54.603 I/chromium(27102): [INFO:library_loader_hooks.cc(112)] Chromium logging enabled: level = 0, default verbosity = 0
03-03 15:33:54.613 I/BrowserStartupController(27102): Initializing chromium process, singleProcess=true
03-03 15:33:55.013 W/AudioManagerAndroid(27102): Requires BLUETOOTH permission
03-03 15:33:55.023 I/ufoGralloc(27102): Hello, this is UFO GRALLOC/Intel Corporation
03-03 15:33:55.033 D/        (27102): Pixel Format : GGL_PIXEL_FORMAT_RGBA_8888
03-03 15:33:55.033 D/        (27102): droid_create_context : config id = 1 conf->NativeVisualID=1
03-03 15:33:55.033 D/        (27102): Pixel Format : GGL_PIXEL_FORMAT_RGBA_8888
03-03 15:33:55.033 I/        (27102): Requested context : GLES 2.0
03-03 15:33:55.053 W/chromium(27102): [WARNING:proxy_service.cc(899)] PAC support disabled because there is no system implementation
03-03 15:33:55.053 W/dalvikvm(27102): VFY: unable to find class referenced in signature (Landroid/view/inputmethod/CursorAnchorInfo;)
03-03 15:33:55.053 I/dalvikvm(27102): Could not find method android.view.inputmethod.InputMethodManager.updateCursorAnchorInfo, referenced from method org.chromium.content.browser.input.InputMethodManagerWrapper.updateCursorAnchorInfo
03-03 15:33:55.053 W/dalvikvm(27102): VFY: unable to resolve virtual method 1241: Landroid/view/inputmethod/InputMethodManager;.updateCursorAnchorInfo (Landroid/view/View;Landroid/view/inputmethod/CursorAnchorInfo;)V
03-03 15:33:55.053 D/dalvikvm(27102): VFY: replacing opcode 0x6e at 0x000a
03-03 15:33:55.093 E/cutils  (  164): Failed to mkdirat(/Removable/MicroSD): Read-only file system
03-03 15:33:55.093 W/ContextImpl(27102): Failed to ensure directory: /Removable/MicroSD/Android/data/org.xwalk.webapi_noneservice_tests/cache
03-03 15:33:55.093 W/Vold    (  164): Returning OperationFailed - no handler for errno 30
03-03 15:33:55.103 W/XWalkExtensionManager(27102): Failed to read extensions-config.json
03-03 15:33:55.103 I/dalvikvm(27102): Could not find method android.app.Activity.finishAndRemoveTask, referenced from method org.chromium.base.ApiCompatibilityUtils.finishAndRemoveTask
03-03 15:33:55.103 W/dalvikvm(27102): VFY: unable to resolve virtual method 4: Landroid/app/Activity;.finishAndRemoveTask ()V
03-03 15:33:55.103 D/dalvikvm(27102): VFY: replacing opcode 0x6e at 0x0006
03-03 15:33:55.103 E/chromium(27102): [ERROR:unix_domain_server_socket_posix.cc(106)] Not implemented reached in virtual int net::UnixDomainServerSocket::GetLocalAddress(net::IPEndPoint*) const
03-03 15:33:55.103 I/dalvikvm(27102): Could not find method android.os.PowerManager.isInteractive, referenced from method org.chromium.base.ApiCompatibilityUtils.isInteractive
03-03 15:33:55.103 W/dalvikvm(27102): VFY: unable to resolve virtual method 768: Landroid/os/PowerManager;.isInteractive ()Z
03-03 15:33:55.103 D/dalvikvm(27102): VFY: replacing opcode 0x6e at 0x000e
03-03 15:33:55.103 I/dalvikvm(27102): Could not find method android.view.Window.getNavigationBarColor, referenced from method org.chromium.base.ApiCompatibilityUtils.setStatusBarColor
03-03 15:33:55.103 W/dalvikvm(27102): VFY: unable to resolve virtual method 1144: Landroid/view/Window;.getNavigationBarColor ()I
03-03 15:33:55.103 D/dalvikvm(27102): VFY: replacing opcode 0x6e at 0x0010
03-03 15:33:55.103 I/dalvikvm(27102): Could not find method android.view.Window.setStatusBarColor, referenced from method org.chromium.base.ApiCompatibilityUtils.setStatusBarColor
03-03 15:33:55.103 W/dalvikvm(27102): VFY: unable to resolve virtual method 1149: Landroid/view/Window;.setStatusBarColor (I)V
03-03 15:33:55.103 D/dalvikvm(27102): VFY: replacing opcode 0x6e at 0x0019
03-03 15:33:55.103 E/dalvikvm(27102): Could not find class 'android.app.ActivityManager$TaskDescription', referenced from method org.chromium.base.ApiCompatibilityUtils.setTaskDescription
03-03 15:33:55.103 W/dalvikvm(27102): VFY: unable to resolve new-instance 11 (Landroid/app/ActivityManager$TaskDescription;) in Lorg/chromium/base/ApiCompatibilityUtils;
03-03 15:33:55.103 D/dalvikvm(27102): VFY: replacing opcode 0x22 at 0x0006
03-03 15:33:55.103 D/dalvikvm(27102): DexOpt: unable to opt direct call 0x001e at 0x08 in Lorg/chromium/base/ApiCompatibilityUtils;.setTaskDescription
03-03 15:33:55.103 I/chromium(27102): [INFO:xwalk_extension_renderer_controller.cc(47)] EXTENSION PROCESS DISABLED.
03-03 15:33:55.143 D/        (27102): Pixel Format : GGL_PIXEL_FORMAT_RGBA_8888
03-03 15:33:55.143 D/        (27102): droid_create_context : config id = 1 conf->NativeVisualID=1
03-03 15:33:55.143 D/        (27102): Pixel Format : GGL_PIXEL_FORMAT_RGBA_8888
03-03 15:33:55.143 I/        (27102): Requested context : GLES 2.0
03-03 15:33:55.173 D/        (27102): droid_create_context : config id = 5 conf->NativeVisualID=1
03-03 15:33:55.173 D/        (27102): Pixel Format : GGL_PIXEL_FORMAT_RGBA_8888
03-03 15:33:55.173 I/        (27102): Requested context : GLES 2.0
03-03 15:33:55.183 D/        (27102): Pixel Format : GGL_PIXEL_FORMAT_RGBA_8888
03-03 15:33:55.183 D/OpenGLRenderer(27102): Enabling debug mode 0
03-03 15:33:55.243 W/BindingManager(27102): Cannot call determinedVisibility() - never saw a connection for the pid: 27102
03-03 15:33:55.333 W/IInputConnectionWrapper(18870): showStatusIcon on inactive InputConnection
03-03 15:33:55.343 D/        (27102): Pixel Format : GGL_PIXEL_FORMAT_RGBA_8888
03-03 15:33:55.343 D/        (27102): droid_create_context : config id = 1 conf->NativeVisualID=1
03-03 15:33:55.343 D/        (27102): Pixel Format : GGL_PIXEL_FORMAT_RGBA_8888
03-03 15:33:55.343 I/        (27102): Requested context : GLES 2.0
03-03 15:33:55.343 D/XT9IME  (26399): new subtype :en_US ,keyboard
03-03 15:33:55.343 I/ActivityManager(  506): Displayed org.xwalk.webapi_noneservice_tests/.WebapiNoneserviceTestsActivity: +833ms
03-03 15:33:55.343 D/        (27102): Swap interval set to = 1 value
03-03 15:33:55.363 D/BatteryStatsImpl(  506): noteStopWakeLocked system isFromForeground = false
03-03 15:33:55.393 E/TabPersistentStore(18870): Failed to create state folder: /data/data/com.chrome.beta/app_tabs/0
03-03 15:33:55.403 E/TabPersistentStore(18870): Failed to create state folder: /data/data/com.chrome.beta/app_tabs/0
03-03 15:33:56.173 W/BindingManager(27102): Cannot call determinedVisibility() - never saw a connection for the pid: 27102
03-03 15:33:56.463 I/chromium(27102): [INFO:CONSOLE(0)] "Synchronous XMLHttpRequest on the main thread is deprecated because of its detrimental effects to the end user's experience. For more help, check http://xhr.spec.whatwg.org/.", source:  (0)
03-03 15:33:56.513 D/        (27102): Pixel Format : GGL_PIXEL_FORMAT_RGBA_8888
03-03 15:33:56.513 D/        (27102): droid_create_context : config id = 1 conf->NativeVisualID=1
03-03 15:33:56.513 D/        (27102): Pixel Format : GGL_PIXEL_FORMAT_RGBA_8888
03-03 15:33:56.513 I/        (27102): Requested context : GLES 2.0
03-03 15:33:58.283 W/chromium(27102): [WARNING:xwalk_extension_module.cc(203)] Exception when running message listener: undefined:231:20 ReferenceError: g_promises is not defined
03-03 15:33:58.283 W/chromium(27102):     if (_isFunction(g_promises[msgObj.asyncCallId].resolve)) {
03-03 15:33:58.283 W/chromium(27102): 
03-03 15:33:58.293 W/chromium(27102): [WARNING:xwalk_extension_module.cc(203)] Exception when running message listener: undefined:231:20 ReferenceError: g_promises is not defined
03-03 15:33:58.293 W/chromium(27102):     if (_isFunction(g_promises[msgObj.asyncCallId].resolve)) {
03-03 15:33:58.293 W/chromium(27102): 
03-03 15:33:58.303 W/chromium(27102): [WARNING:xwalk_extension_module.cc(203)] Exception when running message listener: undefined:231:20 ReferenceError: g_promises is not defined
03-03 15:33:58.303 W/chromium(27102):     if (_isFunction(g_promises[msgObj.asyncCallId].resolve)) {
03-03 15:33:58.303 W/chromium(27102): 
03-03 15:34:00.013 D/BatteryStatsImpl(  506): noteStopWakeLocked system isFromForeground = false
03-03 15:34:00.023 D/Clock   (  570): ACTION_TIME_TICK
03-03 15:34:00.023 D/Clock   (  570): update clock:下午3:34
03-03 15:34:00.053 D/BatteryStatsImpl(  506): noteStopWakeLocked system isFromForeground = false
03-03 15:34:00.443 W/BindingManager(27102): Cannot call determinedVisibility() - never saw a connection for the pid: 27102
03-03 15:34:00.493 W/System.err(27102): org.json.JSONException: No value for conversationID
03-03 15:34:00.493 W/System.err(27102): 	at org.json.JSONObject.get(JSONObject.java:355)
03-03 15:34:00.493 W/System.err(27102): 	at org.json.JSONObject.getString(JSONObject.java:515)
03-03 15:34:00.493 W/System.err(27102): 	at org.xwalk.core.internal.extension.api.messaging.MessagingManager.operation(MessagingManager.java:177)
03-03 15:34:00.493 W/System.err(27102): 	at org.xwalk.core.internal.extension.api.messaging.MessagingManager.onMsgDeleteConversation(MessagingManager.java:58)
03-03 15:34:00.493 W/System.err(27102): 	at org.xwalk.core.internal.extension.api.messaging.Messaging$7.runCommand(Messaging.java:75)
03-03 15:34:00.493 W/System.err(27102): 	at org.xwalk.core.internal.extension.api.messaging.Messaging.onMessage(Messaging.java:121)
03-03 15:34:00.493 W/System.err(27102): 	at dalvik.system.NativeStart.run(Native Method)
03-03 15:34:00.503 W/chromium(27102): [WARNING:xwalk_extension_module.cc(203)] Exception when running message listener: undefined:246:20 ReferenceError: g_promises is not defined
03-03 15:34:00.503 W/chromium(27102):     if (_isFunction(g_promises[msgObj.asyncCallId].resolve)) {
03-03 15:34:00.503 W/chromium(27102): 
03-03 15:34:00.503 W/chromium(27102): [WARNING:xwalk_extension_module.cc(203)] Exception when running message listener: undefined:246:20 ReferenceError: g_promises is not defined
03-03 15:34:00.503 W/chromium(27102):     if (_isFunction(g_promises[msgObj.asyncCallId].resolve)) {
03-03 15:34:00.503 W/chromium(27102): 
03-03 15:34:02.703 W/BindingManager(27102): Cannot call determinedVisibility() - never saw a connection for the pid: 27102
03-03 15:34:02.743 E/MessagingManager(27102): Invalidate message type: 0123456
03-03 15:34:02.743 W/System.err(27102): org.json.JSONException: No value for conversationID
03-03 15:34:02.743 W/System.err(27102): 	at org.json.JSONObject.get(JSONObject.java:355)
03-03 15:34:02.743 W/System.err(27102): 	at org.json.JSONObject.getString(JSONObject.java:515)
03-03 15:34:02.743 W/System.err(27102): 	at org.xwalk.core.internal.extension.api.messaging.MessagingManager.operation(MessagingManager.java:177)
03-03 15:34:02.743 W/System.err(27102): 	at org.xwalk.core.internal.extension.api.messaging.MessagingManager.onMsgDeleteMessage(MessagingManager.java:54)
03-03 15:34:02.743 W/System.err(27102): 	at org.xwalk.core.internal.extension.api.messaging.Messaging$6.runCommand(Messaging.java:70)
03-03 15:34:02.743 W/System.err(27102): 	at org.xwalk.core.internal.extension.api.messaging.Messaging.onMessage(Messaging.java:121)
03-03 15:34:02.743 W/System.err(27102): 	at dalvik.system.NativeStart.run(Native Method)
03-03 15:34:02.753 W/chromium(27102): [WARNING:xwalk_extension_module.cc(203)] Exception when running message listener: undefined:231:20 ReferenceError: g_promises is not defined
03-03 15:34:02.753 W/chromium(27102):     if (_isFunction(g_promises[msgObj.asyncCallId].resolve)) {
03-03 15:34:02.753 W/chromium(27102): 
03-03 15:34:02.753 W/chromium(27102): [WARNING:xwalk_extension_module.cc(203)] Exception when running message listener: undefined:246:20 ReferenceError: g_promises is not defined
03-03 15:34:02.753 W/chromium(27102):     if (_isFunction(g_promises[msgObj.asyncCallId].resolve)) {
03-03 15:34:02.753 W/chromium(27102): 
03-03 15:34:02.753 W/chromium(27102): [WARNING:xwalk_extension_module.cc(203)] Exception when running message listener: undefined:246:20 ReferenceError: g_promises is not defined
03-03 15:34:02.753 W/chromium(27102):     if (_isFunction(g_promises[msgObj.asyncCallId].resolve)) {
03-03 15:34:02.753 W/chromium(27102): 
03-03 15:34:06.303 D/wpa_supplicant(  659): wlan0: Starting AP scan for wildcard SSID
03-03 15:34:06.303 D/wpa_supplicant(  659): WPS: Building WPS IE for Probe Request
03-03 15:34:06.303 D/wpa_supplicant(  659): WPS:  * Version (hardcoded 0x10)
03-03 15:34:06.303 D/wpa_supplicant(  659): WPS:  * Request Type
03-03 15:34:06.303 D/wpa_supplicant(  659): WPS:  * Config Methods (4288)
03-03 15:34:06.303 D/wpa_supplicant(  659): WPS:  * UUID-E
03-03 15:34:06.303 D/wpa_supplicant(  659): WPS:  * Primary Device Type
03-03 15:34:06.303 D/wpa_supplicant(  659): WPS:  * RF Bands (1)
03-03 15:34:06.303 D/wpa_supplicant(  659): WPS:  * Association State
03-03 15:34:06.303 D/wpa_supplicant(  659): WPS:  * Configuration Error (0)
03-03 15:34:06.303 D/wpa_supplicant(  659): WPS:  * Device Password ID (0)
03-03 15:34:06.303 D/wpa_supplicant(  659): WPS:  * Manufacturer
03-03 15:34:06.303 D/wpa_supplicant(  659): WPS:  * Model Name
03-03 15:34:06.303 D/wpa_supplicant(  659): WPS:  * Model Number
03-03 15:34:06.303 D/wpa_supplicant(  659): WPS:  * Device Name
03-03 15:34:06.303 D/wpa_supplicant(  659): WPS:  * Version2 (0x20)
03-03 15:34:06.303 D/wpa_supplicant(  659): P2P: * P2P IE header
03-03 15:34:06.303 D/wpa_supplicant(  659): P2P: * Capability dev=25 group=00
03-03 15:34:06.303 D/wpa_supplicant(  659): P2P: * Listen Channel: Regulatory Class 81 Channel 11
03-03 15:34:06.303 D/wpa_supplicant(  659): wlan0: nl80211: scan request
03-03 15:34:06.403 D/wpa_supplicant(  659): Scan requested (ret=0) - scan timeout 30 seconds
03-03 15:34:06.403 D/wpa_supplicant(  659): nl80211: Drv Event 33 (NL80211_CMD_TRIGGER_SCAN) received for wlan0
03-03 15:34:06.403 D/wpa_supplicant(  659): wlan0: nl80211: Scan trigger
03-03 15:34:06.993 W/BindingManager(27102): Cannot call determinedVisibility() - never saw a connection for the pid: 27102
03-03 15:34:07.523 D/wpa_supplicant(  659): nl80211: Drv Event 34 (NL80211_CMD_NEW_SCAN_RESULTS) received for wlan0
03-03 15:34:07.523 D/wpa_supplicant(  659): wlan0: nl80211: New scan results available
03-03 15:34:07.523 D/wpa_supplicant(  659): wlan0: Event SCAN_RESULTS (3) received
03-03 15:34:07.523 D/wpa_supplicant(  659): nl80211: Received scan results (18 BSSes)
03-03 15:34:07.523 D/wpa_supplicant(  659): nl80211: Survey data missing
03-03 15:34:07.523 D/wpa_supplicant(  659): wlan0: BSS: Start scan result update 1570
03-03 15:34:07.523 D/wpa_supplicant(  659): wlan0: BSS: Add new id 3410 BSSID 2c:b0:5d:7f:f4:24 SSID 'NETGEAR38'
03-03 15:34:07.523 D/wpa_supplicant(  659): CTRL_IFACE monitor send - hexdump(len=39): 2f 64 61 74 61 2f 6d 69 73 63 2f 77 69 66 69 2f 73 6f 63 6b 65 74 73 2f 77 70 61 5f 63 74 72 6c ...
03-03 15:34:07.523 D/wpa_supplicant(  659): wlan0: BSS: Add new id 3411 BSSID 02:09:4c:3e:43:ae SSID 'DIRECT-'
03-03 15:34:07.523 D/wpa_supplicant(  659): CTRL_IFACE monitor send - hexdump(len=39): 2f 64 61 74 61 2f 6d 69 73 63 2f 77 69 66 69 2f 73 6f 63 6b 65 74 73 2f 77 70 61 5f 63 74 72 6c ...
03-03 15:34:07.523 D/wpa_supplicant(  659): wlan0: BSS: Remove id 3404 BSSID c0:a0:bb:20:3b:84 SSID 'dlink-3B84' due to no match in scan
03-03 15:34:07.523 D/wpa_supplicant(  659): CTRL_IFACE monitor send - hexdump(len=39): 2f 64 61 74 61 2f 6d 69 73 63 2f 77 69 66 69 2f 73 6f 63 6b 65 74 73 2f 77 70 61 5f 63 74 72 6c ...
03-03 15:34:07.523 D/wpa_supplicant(  659): wlan0: BSS: Remove id 3407 BSSID f4:b7:e2:2b:41:b7 SSID 'cmscc' due to no match in scan
03-03 15:34:07.523 D/wpa_supplicant(  659): CTRL_IFACE monitor send - hexdump(len=39): 2f 64 61 74 61 2f 6d 69 73 63 2f 77 69 66 69 2f 73 6f 63 6b 65 74 73 2f 77 70 61 5f 63 74 72 6c ...
03-03 15:34:07.523 D/wpa_supplicant(  659): BSS: last_scan_res_used=17/32 last_scan_full=0
03-03 15:34:07.523 D/wpa_supplicant(  659): wlan0: New scan results available
03-03 15:34:07.523 D/wpa_supplicant(  659): CTRL_IFACE monitor send - hexdump(len=39): 2f 64 61 74 61 2f 6d 69 73 63 2f 77 69 66 69 2f 73 6f 63 6b 65 74 73 2f 77 70 61 5f 63 74 72 6c ...
03-03 15:34:07.523 D/wpa_supplicant(  659): CTRL_IFACE monitor send - hexdump(len=39): 2f 64 61 74 61 2f 6d 69 73 63 2f 77 69 66 69 2f 73 6f 63 6b 65 74 73 2f 77 70 61 5f 63 74 72 6c ...
03-03 15:34:07.523 D/wpa_supplicant(  659): Authorize channel 1
03-03 15:34:07.523 D/wpa_supplicant(  659): Authorize channel 2
03-03 15:34:07.523 D/wpa_supplicant(  659): Authorize channel 3
03-03 15:34:07.523 D/wpa_supplicant(  659): Authorize channel 4
03-03 15:34:07.523 D/wpa_supplicant(  659): Authorize channel 5
03-03 15:34:07.523 D/wpa_supplicant(  659): Authorize channel 6
03-03 15:34:07.523 D/wpa_supplicant(  659): Authorize channel 7
03-03 15:34:07.523 D/wpa_supplicant(  659): Authorize channel 8
03-03 15:34:07.523 D/wpa_supplicant(  659): Authorize channel 9
03-03 15:34:07.523 D/wpa_supplicant(  659): Authorize channel 10
03-03 15:34:07.523 D/wpa_supplicant(  659): Authorize channel 11
03-03 15:34:07.523 D/wpa_supplicant(  659): Authorize channel 12
03-03 15:34:07.523 D/wpa_supplicant(  659): Authorize channel 13
03-03 15:34:07.523 D/wpa_supplicant(  659): Authorize channel 1
03-03 15:34:07.523 D/wpa_supplicant(  659): Authorize channel 2
03-03 15:34:07.523 D/wpa_supplicant(  659): Authorize channel 3
03-03 15:34:07.523 D/wpa_supplicant(  659): Authorize channel 4
03-03 15:34:07.523 D/wpa_supplicant(  659): Authorize channel 5
03-03 15:34:07.523 D/wpa_supplicant(  659): Authorize channel 6
03-03 15:34:07.523 D/wpa_supplicant(  659): Authorize channel 7
03-03 15:34:07.523 D/wpa_supplicant(  659): Authorize channel 8
03-03 15:34:07.523 D/wpa_supplicant(  659): Authorize channel 9
03-03 15:34:07.523 D/wpa_supplicant(  659): Authorize channel 10
03-03 15:34:07.523 D/wpa_supplicant(  659): Authorize channel 11
03-03 15:34:07.523 D/wpa_supplicant(  659): Authorize channel 12
03-03 15:34:07.523 D/wpa_supplicant(  659): Authorize channel 13
03-03 15:34:07.523 D/wpa_supplicant(  659): Add access point on channel 6
03-03 15:34:07.523 I/WifiHW  (  506): EVENT: IFNAME=wlan0 CTRL-EVENT-BSS-ADDED 3410 2c:b0:5d:7f:f4:24
03-03 15:34:07.523 D/wpa_supplicant(  659): Add access point on channel 6
03-03 15:34:07.523 D/wpa_supplicant(  659): Add access point on channel 1
03-03 15:34:07.523 D/wpa_supplicant(  659): Add access point on channel 7
03-03 15:34:07.523 D/wpa_supplicant(  659): Add access point on channel 11
03-03 15:34:07.523 D/wpa_supplicant(  659): Add access point on channel 1
03-03 15:34:07.523 D/wpa_supplicant(  659): Add access point on channel 1
03-03 15:34:07.523 D/wpa_supplicant(  659): Add access point on channel 11
03-03 15:34:07.523 D/wpa_supplicant(  659): Add access point on channel 6
03-03 15:34:07.523 D/wpa_supplicant(  659): Add access point on channel 11
03-03 15:34:07.523 D/wpa_supplicant(  659): Add access point on channel 6
03-03 15:34:07.523 D/wpa_supplicant(  659): Add access point on channel 9
03-03 15:34:07.523 D/wpa_supplicant(  659): Add access point on channel 6
03-03 15:34:07.523 D/wpa_supplicant(  659): Add access point on channel 11
03-03 15:34:07.523 D/wpa_supplicant(  659): Add access point on channel 6
03-03 15:34:07.523 I/WifiHW  (  506): EVENT: IFNAME=wlan0 CTRL-EVENT-BSS-ADDED 3411 02:09:4c:3e:43:ae
03-03 15:34:07.523 D/wpa_supplicant(  659): Add access point on channel 8
03-03 15:34:07.523 D/wpa_supplicant(  659): Add access point on channel 6
03-03 15:34:07.523 D/wpa_supplicant(  659): Add access point on channel 6
03-03 15:34:07.523 D/wpa_supplicant(  659): Add access point on channel 13
03-03 15:34:07.523 D/wpa_supplicant(  659): Add access point on channel 1
03-03 15:34:07.523 D/wpa_supplicant(  659): Add access point on channel 1
03-03 15:34:07.523 D/wpa_supplicant(  659): Add access point on channel 1
03-03 15:34:07.523 D/wpa_supplicant(  659): Best Operating channel is = 1
03-03 15:34:07.523 I/WifiHW  (  506): EVENT: IFNAME=wlan0 CTRL-EVENT-BSS-REMOVED 3404 c0:a0:bb:20:3b:84
03-03 15:34:07.523 D/wpa_supplicant(  659): WPS: AP[0] 28:2c:b2:44:e4:00 type=0 tries=0 last_attempt=-1 sec ago blacklist=0
03-03 15:34:07.523 D/wpa_supplicant(  659): WPS: AP[1] 14:e6:e4:b8:85:76 type=0 tries=0 last_attempt=-1 sec ago blacklist=0
03-03 15:34:07.523 D/wpa_supplicant(  659): WPS: AP[2] 78:a1:06:55:fe:30 type=0 tries=0 last_attempt=-1 sec ago blacklist=0
03-03 15:34:07.523 D/wpa_supplicant(  659): WPS: AP[3] a8:15:4d:13:9a:08 type=0 tries=0 last_attempt=-1 sec ago blacklist=0
03-03 15:34:07.523 D/wpa_supplicant(  659): WPS: AP[4] 78:54:2e:f5:fb:9e type=0 tries=0 last_attempt=-1 sec ago blacklist=0
03-03 15:34:07.523 D/wpa_supplicant(  659): WPS: AP[5] 20:dc:e6:3f:eb:f2 type=0 tries=0 last_attempt=-1 sec ago blacklist=0
03-03 15:34:07.523 I/WifiHW  (  506): EVENT: IFNAME=wlan0 CTRL-EVENT-BSS-REMOVED 3407 f4:b7:e2:2b:41:b7
03-03 15:34:07.523 D/wpa_supplicant(  659): WPS: AP[6] 64:09:80:1e:91:78 type=0 tries=0 last_attempt=-1 sec ago blacklist=0
03-03 15:34:07.523 D/wpa_supplicant(  659): WPS: AP[7] ec:88:8f:6a:0c:a8 type=0 tries=0 last_attempt=-1 sec ago blacklist=0
03-03 15:34:07.523 D/wpa_supplicant(  659): WPS: AP[8] d0:15:4a:15:5d:1a type=0 tries=0 last_attempt=-1 sec ago blacklist=0
03-03 15:34:07.523 D/wpa_supplicant(  659): WPS: AP[9] 1c:fa:68:11:5a:b6 type=0 tries=0 last_attempt=-1 sec ago blacklist=0
03-03 15:34:07.523 I/WifiHW  (  506): EVENT: IFNAME=wlan0 CTRL-EVENT-SCAN-RESULTS 
03-03 15:34:07.523 D/wpa_supplicant(  659): WPS: AP[10] 8c:be:be:26:4b:8b type=0 tries=0 last_attempt=-1 sec ago blacklist=0
03-03 15:34:07.523 D/wpa_supplicant(  659): WPS: AP[11] 64:09:80:15:31:84 type=0 tries=0 last_attempt=-1 sec ago blacklist=0
03-03 15:34:07.523 D/wpa_supplicant(  659): WPS: AP[12] bc:d1:77:f3:0b:28 type=0 tries=0 last_attempt=-1 sec ago blacklist=0
03-03 15:34:07.523 D/wpa_supplicant(  659): WPS: AP[13] c0:61:18:4e:07:fc type=0 tries=0 last_attempt=-1 sec ago blacklist=0
03-03 15:34:07.523 D/wpa_supplicant(  659): WPS: AP[14] f4:ec:38:6d:cf:d6 type=0 tries=0 last_attempt=-1 sec ago blacklist=0
