03-03 15:43:53.159 I/ActivityManager(  504): Displayed org.xwalk.webapi_service_tests/.WebapiServiceTestsActivity: +478ms
03-03 15:43:53.179 D/        ( 3137): Pixel Format : GGL_PIXEL_FORMAT_RGBA_8888
03-03 15:43:53.179 D/        ( 3137): droid_create_context : config id = 1 conf->NativeVisualID=1
03-03 15:43:53.179 D/        ( 3137): Pixel Format : GGL_PIXEL_FORMAT_RGBA_8888
03-03 15:43:53.179 I/        ( 3137): Requested context : GLES 2.0
03-03 15:43:53.189 D/        ( 3137): Swap interval set to = 1 value
03-03 15:43:53.189 D/BatteryStatsImpl(  504): noteStopWakeLocked system isFromForeground = false
03-03 15:43:53.289 I/chromium( 3137): [INFO:CONSOLE(0)] "Synchronous XMLHttpRequest on the main thread is deprecated because of its detrimental effects to the end user's experience. For more help, check http://xhr.spec.whatwg.org/.", source:  (0)
03-03 15:43:53.349 D/        ( 3137): Pixel Format : GGL_PIXEL_FORMAT_RGBA_8888
03-03 15:43:53.349 D/        ( 3137): droid_create_context : config id = 1 conf->NativeVisualID=1
03-03 15:43:53.349 D/        ( 3137): Pixel Format : GGL_PIXEL_FORMAT_RGBA_8888
03-03 15:43:53.349 I/        ( 3137): Requested context : GLES 2.0
03-03 15:43:53.469 D/BatteryStatsImpl(  504): noteStopWakeLocked system isFromForeground = false
03-03 15:43:56.149 W/BindingManager( 3137): Cannot call determinedVisibility() - never saw a connection for the pid: 3137
03-03 15:43:59.969 W/BindingManager( 3137): Cannot call determinedVisibility() - never saw a connection for the pid: 3137
03-03 15:43:59.999 D/Clock   (  566): ACTION_TIME_TICK
03-03 15:43:59.999 D/Clock   (  566): update clock:下午3:44
03-03 15:44:00.019 D/BatteryStatsImpl(  504): noteStopWakeLocked system isFromForeground = false
03-03 15:44:03.169 W/BindingManager( 3137): Cannot call determinedVisibility() - never saw a connection for the pid: 3137
03-03 15:44:04.149 W/BindingManager( 3137): Cannot call determinedVisibility() - never saw a connection for the pid: 3137
03-03 15:44:04.539 W/BindingManager( 3137): Cannot call determinedVisibility() - never saw a connection for the pid: 3137
03-03 15:44:05.769 D/EVENT_THREAD(  182): void CEventThread::run() POLLIN event on Fd (1)
03-03 15:44:05.769 D/EVENT_THREAD(  182): void CEventThread::run() Do poll with timeout: -1
03-03 15:44:05.769 D/EVENT_THREAD(  182): void CEventThread::run() POLLIN event on Fd (1)
03-03 15:44:05.769 D/EVENT_THREAD(  182): void CEventThread::run() Do poll with timeout: -1
03-03 15:44:05.769 I/upi_ug31xx(  165): (42) update_capacity
03-03 15:44:05.769 I/[UPI]   (  165): <UG31/E>[UpiReadCapacity]: V=3960(3956), T=343(343-402), I=-279, C=-2(-2-0)
03-03 15:44:05.769 I/[UPI]   (  165): <UG31/E>[UpiReadCapacity]: (0x0001254a) 2682 (2650) / 3602 (4028) = 74
03-03 15:44:05.769 I/[UPI]   (  165): <UG31/E>[UpiReadCapacity]: (0x0001254a) 2682 (2650) / 3602 (4028) = 74
03-03 15:44:05.769 I/[UPI]   (  165): <UG31/E>[UpiReadCapacity]: (0x0001254a) 2680 (2680) / 3602 (4028) = 74
03-03 15:44:05.769 I/[UPI]   (  165): <UG31/E>[RsocFilterCountTime]: (0x0001254a) Step=0(30320), Full=0(30320), Lock=30320(1800000)
03-03 15:44:05.769 I/[UPI]   (  165): <UG31/E>[UpiReadCapacity]: (0x0001254a) 2680 (2680) / 3602 (4028) = 74 (-279--279)
03-03 15:44:05.769 I/[UPI]   (  165): <UG31/E><BATT> M:normal, P:74(74-74)%, V:3956mV, C:-263mA, T:34.3C(402), S:0x0001254a(000), R:2680mAh, F:3602mAh, Q:-32mAh, CC:4, P:30.320(32-0)s, BO:7, 97:615:0-44af-9m:B001-20140514-144301 (16)
03-03 15:44:05.769 I/upi_ug31xx(  165): (43) backup_data write
03-03 15:44:05.769 V/upi_ug31xx(  165): state->check_backup_count = 18
03-03 15:44:05.779 I/[UPI]   (  165): <UG31/E>[upi_lib_backup_data]: Driver backup data not ready.
03-03 15:44:07.329 D/wpa_supplicant(  643): wlan0: Starting AP scan for wildcard SSID
03-03 15:44:07.329 D/wpa_supplicant(  643): WPS: Building WPS IE for Probe Request
03-03 15:44:07.329 D/wpa_supplicant(  643): WPS:  * Version (hardcoded 0x10)
03-03 15:44:07.329 D/wpa_supplicant(  643): WPS:  * Request Type
03-03 15:44:07.329 D/wpa_supplicant(  643): WPS:  * Config Methods (4288)
03-03 15:44:07.329 D/wpa_supplicant(  643): WPS:  * UUID-E
03-03 15:44:07.329 D/wpa_supplicant(  643): WPS:  * Primary Device Type
03-03 15:44:07.329 D/wpa_supplicant(  643): WPS:  * RF Bands (1)
03-03 15:44:07.329 D/wpa_supplicant(  643): WPS:  * Association State
03-03 15:44:07.329 D/wpa_supplicant(  643): WPS:  * Configuration Error (0)
03-03 15:44:07.329 D/wpa_supplicant(  643): WPS:  * Device Password ID (0)
03-03 15:44:07.329 D/wpa_supplicant(  643): WPS:  * Manufacturer
03-03 15:44:07.329 D/wpa_supplicant(  643): WPS:  * Model Name
03-03 15:44:07.329 D/wpa_supplicant(  643): WPS:  * Model Number
03-03 15:44:07.329 D/wpa_supplicant(  643): WPS:  * Device Name
03-03 15:44:07.329 D/wpa_supplicant(  643): WPS:  * Version2 (0x20)
03-03 15:44:07.329 D/wpa_supplicant(  643): P2P: * P2P IE header
03-03 15:44:07.329 D/wpa_supplicant(  643): P2P: * Capability dev=25 group=00
03-03 15:44:07.329 D/wpa_supplicant(  643): P2P: * Listen Channel: Regulatory Class 81 Channel 6
03-03 15:44:07.329 D/wpa_supplicant(  643): wlan0: nl80211: scan request
03-03 15:44:07.429 D/wpa_supplicant(  643): Scan requested (ret=0) - scan timeout 30 seconds
03-03 15:44:07.429 D/wpa_supplicant(  643): nl80211: Drv Event 33 (NL80211_CMD_TRIGGER_SCAN) received for wlan0
03-03 15:44:07.429 D/wpa_supplicant(  643): wlan0: nl80211: Scan trigger
03-03 15:44:08.539 D/wpa_supplicant(  643): nl80211: Drv Event 34 (NL80211_CMD_NEW_SCAN_RESULTS) received for wlan0
03-03 15:44:08.539 D/wpa_supplicant(  643): wlan0: nl80211: New scan results available
03-03 15:44:08.539 D/wpa_supplicant(  643): wlan0: Event SCAN_RESULTS (3) received
03-03 15:44:08.539 D/wpa_supplicant(  643): nl80211: Received scan results (20 BSSes)
03-03 15:44:08.539 D/wpa_supplicant(  643): nl80211: Survey data missing
03-03 15:44:08.539 D/wpa_supplicant(  643): wlan0: BSS: Start scan result update 12
03-03 15:44:08.539 D/wpa_supplicant(  643): wlan0: BSS: Add new id 41 BSSID e4:d3:32:db:f6:03 SSID 'adddda'
03-03 15:44:08.539 D/wpa_supplicant(  643): CTRL_IFACE monitor send - hexdump(len=39): 2f 64 61 74 61 2f 6d 69 73 63 2f 77 69 66 69 2f 73 6f 63 6b 65 74 73 2f 77 70 61 5f 63 74 72 6c ...
03-03 15:44:08.539 D/wpa_supplicant(  643): wlan0: BSS: Add new id 42 BSSID 1c:65:9d:e8:79:44 SSID 'WiFi'
03-03 15:44:08.539 D/wpa_supplicant(  643): CTRL_IFACE monitor send - hexdump(len=39): 2f 64 61 74 61 2f 6d 69 73 63 2f 77 69 66 69 2f 73 6f 63 6b 65 74 73 2f 77 70 61 5f 63 74 72 6c ...
03-03 15:44:08.539 D/wpa_supplicant(  643): wlan0: BSS: Remove id 39 BSSID 02:09:4c:51:a8:28 SSID 'DIRECT-' due to no match in scan
03-03 15:44:08.539 D/wpa_supplicant(  643): CTRL_IFACE monitor send - hexdump(len=39): 2f 64 61 74 61 2f 6d 69 73 63 2f 77 69 66 69 2f 73 6f 63 6b 65 74 73 2f 77 70 61 5f 63 74 72 6c ...
03-03 15:44:08.539 D/wpa_supplicant(  643): BSS: last_scan_res_used=19/32 last_scan_full=0
03-03 15:44:08.539 D/wpa_supplicant(  643): wlan0: New scan results available
03-03 15:44:08.539 D/wpa_supplicant(  643): CTRL_IFACE monitor send - hexdump(len=39): 2f 64 61 74 61 2f 6d 69 73 63 2f 77 69 66 69 2f 73 6f 63 6b 65 74 73 2f 77 70 61 5f 63 74 72 6c ...
03-03 15:44:08.539 D/wpa_supplicant(  643): CTRL_IFACE monitor send - hexdump(len=39): 2f 64 61 74 61 2f 6d 69 73 63 2f 77 69 66 69 2f 73 6f 63 6b 65 74 73 2f 77 70 61 5f 63 74 72 6c ...
03-03 15:44:08.539 D/wpa_supplicant(  643): Authorize channel 1
03-03 15:44:08.539 D/wpa_supplicant(  643): Authorize channel 2
03-03 15:44:08.539 D/wpa_supplicant(  643): Authorize channel 3
03-03 15:44:08.539 D/wpa_supplicant(  643): Authorize channel 4
03-03 15:44:08.539 D/wpa_supplicant(  643): Authorize channel 5
03-03 15:44:08.539 D/wpa_supplicant(  643): Authorize channel 6
03-03 15:44:08.539 D/wpa_supplicant(  643): Authorize channel 7
03-03 15:44:08.539 D/wpa_supplicant(  643): Authorize channel 8
03-03 15:44:08.539 D/wpa_supplicant(  643): Authorize channel 9
03-03 15:44:08.539 D/wpa_supplicant(  643): Authorize channel 10
03-03 15:44:08.539 D/wpa_supplicant(  643): Authorize channel 11
03-03 15:44:08.539 D/wpa_supplicant(  643): Authorize channel 12
03-03 15:44:08.539 D/wpa_supplicant(  643): Authorize channel 13
03-03 15:44:08.539 D/wpa_supplicant(  643): Authorize channel 1
03-03 15:44:08.539 D/wpa_supplicant(  643): Authorize channel 2
03-03 15:44:08.539 D/wpa_supplicant(  643): Authorize channel 3
03-03 15:44:08.539 D/wpa_supplicant(  643): Authorize channel 4
03-03 15:44:08.539 D/wpa_supplicant(  643): Authorize channel 5
03-03 15:44:08.539 D/wpa_supplicant(  643): Authorize channel 6
03-03 15:44:08.539 D/wpa_supplicant(  643): Authorize channel 7
03-03 15:44:08.539 D/wpa_supplicant(  643): Authorize channel 8
03-03 15:44:08.539 D/wpa_supplicant(  643): Authorize channel 9
03-03 15:44:08.539 D/wpa_supplicant(  643): Authorize channel 10
03-03 15:44:08.539 D/wpa_supplicant(  643): Authorize channel 11
03-03 15:44:08.539 D/wpa_supplicant(  643): Authorize channel 12
03-03 15:44:08.539 D/wpa_supplicant(  643): Authorize channel 13
03-03 15:44:08.539 D/wpa_supplicant(  643): Add access point on channel 6
03-03 15:44:08.539 D/wpa_supplicant(  643): Add access point on channel 6
03-03 15:44:08.539 D/wpa_supplicant(  643): Add access point on channel 7
03-03 15:44:08.539 D/wpa_supplicant(  643): Add access point on channel 1
03-03 15:44:08.539 D/wpa_supplicant(  643): Add access point on channel 1
03-03 15:44:08.539 D/wpa_supplicant(  643): Add access point on channel 11
03-03 15:44:08.539 D/wpa_supplicant(  643): Add access point on channel 11
03-03 15:44:08.539 D/wpa_supplicant(  643): Add access point on channel 6
03-03 15:44:08.539 D/wpa_supplicant(  643): Add access point on channel 2
03-03 15:44:08.539 D/wpa_supplicant(  643): Add access point on channel 11
03-03 15:44:08.539 D/wpa_supplicant(  643): Add access point on channel 6
03-03 15:44:08.539 D/wpa_supplicant(  643): Add access point on channel 11
03-03 15:44:08.539 D/wpa_supplicant(  643): Add access point on channel 1
03-03 15:44:08.539 D/wpa_supplicant(  643): Add access point on channel 11
03-03 15:44:08.539 D/wpa_supplicant(  643): Add access point on channel 6
03-03 15:44:08.539 D/wpa_supplicant(  643): Add access point on channel 8
03-03 15:44:08.539 D/wpa_supplicant(  643): Add access point on channel 6
03-03 15:44:08.539 D/wpa_supplicant(  643): Add access point on channel 1
03-03 15:44:08.539 D/wpa_supplicant(  643): Add access point on channel 6
03-03 15:44:08.539 D/wpa_supplicant(  643): Add access point on channel 13
03-03 15:44:08.539 D/wpa_supplicant(  643): Add access point on channel 9
03-03 15:44:08.539 D/wpa_supplicant(  643): Add access point on channel 1
03-03 15:44:08.539 D/wpa_supplicant(  643): Add access point on channel 6
03-03 15:44:08.539 D/wpa_supplicant(  643): Add access point on channel 8
03-03 15:44:08.539 D/wpa_supplicant(  643): Add access point on channel 6
03-03 15:44:08.539 D/wpa_supplicant(  643): Best Operating channel is = 1
03-03 15:44:08.539 D/wpa_supplicant(  643): WPS: AP[0] f8:d1:11:e7:99:e8 type=0 tries=0 last_attempt=-1 sec ago blacklist=0
03-03 15:44:08.539 D/wpa_supplicant(  643): WPS: AP[1] cc:34:29:2c:fb:ec type=0 tries=0 last_attempt=-1 sec ago blacklist=0
03-03 15:44:08.539 D/wpa_supplicant(  643): WPS: AP[2] 98:fc:11:81:35:fb type=0 tries=0 last_attempt=-1 sec ago blacklist=0
03-03 15:44:08.539 D/wpa_supplicant(  643): WPS: AP[3] cc:34:29:2b:26:4c type=0 tries=0 last_attempt=-1 sec ago blacklist=0
03-03 15:44:08.539 D/wpa_supplicant(  643): WPS: AP[4] 10:c3:7b:d2:e5:e0 type=0 tries=0 last_attempt=-1 sec ago blacklist=0
03-03 15:44:08.539 D/wpa_supplicant(  643): WPS: AP[5] e4:d3:32:36:2e:54 type=0 tries=0 last_attempt=-1 sec ago blacklist=0
03-03 15:44:08.539 D/wpa_supplicant(  643): WPS: AP[6] b0:48:7a:51:ff:cc type=0 tries=0 last_attempt=-1 sec ago blacklist=0
03-03 15:44:08.539 D/wpa_supplicant(  643): WPS: AP[7] c0:a0:bb:20:3b:84 type=0 tries=0 last_attempt=-1 sec ago blacklist=0
03-03 15:44:08.539 D/wpa_supplicant(  643): WPS: AP[8] 14:d6:4d:28:ef:c8 type=0 tries=0 last_attempt=-1 sec ago blacklist=0
03-03 15:44:08.539 D/wpa_supplicant(  643): WPS: AP[9] c0:c1:c0:76:81:3c type=0 tries=0 last_attempt=-1 sec ago blacklist=0
03-03 15:44:08.539 D/wpa_supplicant(  643): WPS: AP[10] 10:9f:a9:dc:b1:fc type=0 tries=0 last_attempt=-1 sec ago blacklist=0
03-03 15:44:08.539 D/wpa_supplicant(  643): WPS: AP[11] 2c:b0:5d:7f:f4:24 type=0 tries=0 last_attempt=-1 sec ago blacklist=0
03-03 15:44:08.539 D/wpa_supplicant(  643): WPS: AP[12] 9c:21:6a:0d:eb:72 type=0 tries=0 last_attempt=-1 sec ago blacklist=0
03-03 15:44:08.539 D/wpa_supplicant(  643): wlan0: Selecting BSS from priority group 20
03-03 15:44:08.539 D/wpa_supplicant(  643): wlan0: 0: f8:d1:11:e7:99:e8 ssid='videotest' wpa_ie_len=22 rsn_ie_len=20 caps=0x531 level=-50 wps
03-03 15:44:08.539 D/wpa_supplicant(  643): wlan0:    skip - SSID mismatch
03-03 15:44:08.539 D/wpa_supplicant(  643): wlan0: 1: c8:d7:19:60:62:f2 ssid='E3000-2.4G' wpa_ie_len=0 rsn_ie_len=20 caps=0x411 level=-54
03-03 15:44:08.539 D/wpa_supplicant(  643): wlan0:    skip - SSID mismatch
03-03 15:44:08.539 D/wpa_supplicant(  643): wlan0: 2: cc:34:29:2c:fb:ec ssid='linksys' wpa_ie_len=22 rsn_ie_len=20 caps=0x431 level=-57 wps
03-03 15:44:08.539 D/wpa_supplicant(  643): wlan0:    skip - SSID mismatch
03-03 15:44:08.539 D/wpa_supplicant(  643): wlan0: 3: 90:94:e4:03:45:f5 ssid='DAP-2553_D' wpa_ie_len=0 rsn_ie_len=24 caps=0x431 level=-58
03-03 15:44:08.539 D/wpa_supplicant(  643): wlan0:    skip - SSID mismatch
03-03 15:44:08.539 D/wpa_supplicant(  643): wlan0: 4: 10:c3:7b:d2:e5:e0 ssid='ASUS_RT-AC66U-2.4G' wpa_ie_len=0 rsn_ie_len=20 caps=0x411 level=-62 wps
03-03 15:44:08.539 D/wpa_supplicant(  643): wlan0:    skip - SSID mismatch
03-03 15:44:08.539 D/wpa_supplicant(  643): wlan0: 5: cc:34:29:2b:26:4c ssid='cws-test' wpa_ie_len=0 rsn_ie_len=20 caps=0x431 level=-65 wps
03-03 15:44:08.539 D/wpa_supplicant(  643): wlan0:    skip - SSID mismatch
03-03 15:44:08.539 D/wpa_supplicant(  643): wlan0: 6: 98:fc:11:81:35:fb ssid='E2000EE' wpa_ie_len=0 rsn_ie_len=20 caps=0x411 level=-67 wps
03-03 15:44:08.539 D/wpa_supplicant(  643): wlan0:    skip - SSID mismatch
03-03 15:44:08.539 D/wpa_supplicant(  643): wlan0: 7: e4:d3:32:c0:cf:a4 ssid='fast' wpa_ie_len=0 rsn_ie_len=20 caps=0x411 level=-67
03-03 15:44:08.539 D/wpa_supplicant(  643): wlan0:    skip - SSID mismatch
03-03 15:44:08.539 D/wpa_supplicant(  643): wlan0: 8: c4:17:fe:3f:4f:fb ssid='cmcm' wpa_ie_len=0 rsn_ie_len=20 caps=0x511 level=-69
03-03 15:44:08.539 D/wpa_supplicant(  643): wlan0:    skip - SSID mismatch
03-03 15:44:08.539 D/wpa_supplicant(  643): wlan0: 9: 14:d6:4d:28:ef:c8 ssid='dlink' wpa_ie_len=0 rsn_ie_len=20 caps=0x431 level=-71 wps
03-03 15:44:08.539 D/wpa_supplicant(  643): wlan0:    skip - SSID mismatch
03-03 15:44:08.539 D/wpa_supplicant(  643): wlan0: 10: 22:48:9a:ac:31:5b ssid='dean1' wpa_ie_len=0 rsn_ie_len=20 caps=0x431 level=-72
03-03 15:44:08.539 D/wpa_supplicant(  643): wlan0:    skip - SSID mismatch
03-03 15:44:08.539 D/wpa_supplicant(  643): wlan0: 11: 00:0f:e2:0f:9f:c1 ssid='321_WAN' wpa_ie_len=28 rsn_ie_len=24 caps=0x411 level=-81
03-03 15:44:08.539 D/wpa_supplicant(  643): wlan0:    skip - SSID mismatch
03-03 15:44:08.539 D/wpa_supplicant(  643): wlan0: 12: e4:d3:32:db:f6:03 ssid='adddda' wpa_ie_len=0 rsn_ie_len=20 caps=0x31 level=-78
03-03 15:44:08.539 D/wpa_supplicant(  643): wlan0:    skip - SSID mismatch
03-03 15:44:08.539 D/wpa_supplicant(  643): wlan0: 13: 1c:65:9d:e8:79:44 ssid='WiFi' wpa_ie_len=0 rsn_ie_len=20 caps=0x511 level=-85
03-03 15:44:08.539 D/wpa_supplicant(  643): wlan0:    skip - SSID mismatch
03-03 15:44:08.539 D/wpa_supplicant(  643): wlan0: 14: 44:94:fc:3d:da:38 ssid='6300' wpa_ie_len=0 rsn_ie_len=0 caps=0x411 level=-50
03-03 15:44:08.539 D/wpa_supplicant(  643): wlan0:    skip - SSID mismatch
03-03 15:44:08.539 D/wpa_supplicant(  643): wlan0: 15: 7a:24:af:24:0f:48 ssid='DIRECT-' wpa_ie_len=0 rsn_ie_len=0 caps=0x410 level=-61
03-03 15:44:08.539 D/wpa_supplicant(  643): wlan0:    skip - SSID mismatch
03-03 15:44:08.539 D/wpa_supplicant(  643): wlan0: 16: c0:c1:c0:76:81:3c ssid='E2000' wpa_ie_len=0 rsn_ie_len=0 caps=0x401 level=-56 wps
03-03 15:44:08.539 D/wpa_supplicant(  643): wlan0:    skip - SSID mismatch
03-03 15:44:08.539 D/wpa_supplicant(  643): wlan0: 17: 50:bd:5f:4b:29:92 ssid='Internet-2' wpa_ie_len=0 rsn_ie_len=0 caps=0x421 level=-63
03-03 15:44:08.539 D/wpa_supplicant(  643): wlan0:    skip - SSID mismatch
03-03 15:44:08.539 D/wpa_supplicant(  643): wlan0: 18: e4:d3:32:dd:18:62 ssid='Internet' wpa_ie_len=0 rsn_ie_len=0 caps=0x421 level=-75
03-03 15:44:08.539 D/wpa_supplicant(  643): wlan0:    skip - SSID mismatch
03-03 15:44:08.539 D/wpa_supplicant(  643): wlan0: Selecting BSS from priority group 19
03-03 15:44:08.539 D/wpa_supplicant(  643): wlan0: 0: f8:d1:11:e7:99:e8 ssid='videotest' wpa_ie_len=22 rsn_ie_len=20 caps=0x531 level=-50 wps
03-03 15:44:08.539 D/wpa_supplicant(  643): wlan0:    skip - SSID mismatch
03-03 15:44:08.539 D/wpa_supplicant(  643): wlan0: 1: c8:d7:19:60:62:f2 ssid='E3000-2.4G' wpa_ie_len=0 rsn_ie_len=20 caps=0x411 level=-54
03-03 15:44:08.539 D/wpa_supplicant(  643): wlan0:    skip - SSID mismatch
03-03 15:44:08.539 D/wpa_supplicant(  643): wlan0: 2: cc:34:29:2c:fb:ec ssid='linksys' wpa_ie_len=22 rsn_ie_len=20 caps=0x431 level=-57 wps
03-03 15:44:08.539 D/wpa_supplicant(  643): wlan0:    skip - SSID mismatch
03-03 15:44:08.539 D/wpa_supplicant(  643): wlan0: 3: 90:94:e4:03:45:f5 ssid='DAP-2553_D' wpa_ie_len=0 rsn_ie_len=24 caps=0x431 level=-58
03-03 15:44:08.539 D/wpa_supplicant(  643): wlan0:    skip - SSID mismatch
03-03 15:44:08.539 D/wpa_supplicant(  643): wlan0: 4: 10:c3:7b:d2:e5:e0 ssid='ASUS_RT-AC66U-2.4G' wpa_ie_len=0 rsn_ie_len=20 caps=0x411 level=-62 wps
03-03 15:44:08.539 D/wpa_supplicant(  643): wlan0:    skip - SSID mismatch
03-03 15:44:08.539 D/wpa_supplicant(  643): wlan0: 5: cc:34:29:2b:26:4c ssid='cws-test' wpa_ie_len=0 rsn_ie_len=20 caps=0x431 level=-65 wps
03-03 15:44:08.539 D/wpa_supplicant(  643): wlan0:    skip - SSID mismatch
03-03 15:44:08.539 D/wpa_supplicant(  643): wlan0: 6: 98:fc:11:81:35:fb ssid='E2000EE' wpa_ie_len=0 rsn_ie_len=20 caps=0x411 level=-67 wps
03-03 15:44:08.539 D/wpa_supplicant(  643): wlan0:    skip - SSID mismatch
03-03 15:44:08.539 D/wpa_supplicant(  643): wlan0: 7: e4:d3:32:c0:cf:a4 ssid='fast' wpa_ie_len=0 rsn_ie_len=20 caps=0x411 level=-67
03-03 15:44:08.539 D/wpa_supplicant(  643): wlan0:    skip - SSID mismatch
03-03 15:44:08.539 D/wpa_supplicant(  643): wlan0: 8: c4:17:fe:3f:4f:fb ssid='cmcm' wpa_ie_len=0 rsn_ie_len=20 caps=0x511 level=-69
03-03 15:44:08.539 D/wpa_supplicant(  643): wlan0:    skip - SSID mismatch
03-03 15:44:08.539 D/wpa_supplicant(  643): wlan0: 9: 14:d6:4d:28:ef:c8 ssid='dlink' wpa_ie_len=0 rsn_ie_len=20 caps=0x431 level=-71 wps
03-03 15:44:08.539 D/wpa_supplicant(  643): wlan0:    skip - SSID mismatch
03-03 15:44:08.539 D/wpa_supplicant(  643): wlan0: 10: 22:48:9a:ac:31:5b ssid='dean1' wpa_ie_len=0 rsn_ie_len=20 caps=0x431 level=-72
03-03 15:44:08.539 D/wpa_supplicant(  643): wlan0:    skip - SSID mismatch
03-03 15:44:08.539 D/wpa_supplicant(  643): wlan0: 11: 00:0f:e2:0f:9f:c1 ssid='321_WAN' wpa_ie_len=28 rsn_ie_len=24 caps=0x411 level=-81
03-03 15:44:08.539 D/wpa_supplicant(  643): wlan0:    skip - SSID mismatch
03-03 15:44:08.539 D/wpa_supplicant(  643): wlan0: 12: e4:d3:32:db:f6:03 ssid='adddda' wpa_ie_len=0 rsn_ie_len=20 caps=0x31 level=-78
03-03 15:44:08.539 D/wpa_supplicant(  643): wlan0:    skip - SSID mismatch
03-03 15:44:08.539 D/wpa_supplicant(  643): wlan0: 13: 1c:65:9d:e8:79:44 ssid='WiFi' wpa_ie_len=0 rsn_ie_len=20 caps=0x511 level=-85
03-03 15:44:08.539 D/wpa_supplicant(  643): wlan0:    skip - SSID mismatch
03-03 15:44:08.539 D/wpa_supplicant(  643): wlan0: 14: 44:94:fc:3d:da:38 ssid='6300' wpa_ie_len=0 rsn_ie_len=0 caps=0x411 level=-50
03-03 15:44:08.539 D/wpa_supplicant(  643): wlan0:    skip - SSID mismatch
03-03 15:44:08.539 D/wpa_supplicant(  643): wlan0: 15: 7a:24:af:24:0f:48 ssid='DIRECT-' wpa_ie_len=0 rsn_ie_len=0 caps=0x410 level=-61
03-03 15:44:08.539 D/wpa_supplicant(  643): wlan0:    skip - SSID mismatch
03-03 15:44:08.539 D/wpa_supplicant(  643): wlan0: 16: c0:c1:c0:76:81:3c ssid='E2000' wpa_ie_len=0 rsn_ie_len=0 caps=0x401 level=-56 wps
03-03 15:44:08.539 D/wpa_supplicant(  643): wlan0:    skip - SSID mismatch
03-03 15:44:08.539 D/wpa_supplicant(  643): wlan0: 17: 50:bd:5f:4b:29:92 ssid='Internet-2' wpa_ie_len=0 rsn_ie_len=0 caps=0x421 level=-63
03-03 15:44:08.539 D/wpa_supplicant(  643): wlan0:    skip - SSID mismatch
03-03 15:44:08.539 D/wpa_supplicant(  643): wlan0: 18: e4:d3:32:dd:18:62 ssid='Internet' wpa_ie_len=0 rsn_ie_len=0 caps=0x421 level=-75
03-03 15:44:08.539 D/wpa_supplicant(  643): wlan0:    skip - SSID mismatch
03-03 15:44:08.539 D/wpa_supplicant(  643): wlan0: Selecting BSS from priority group 18
03-03 15:44:08.539 D/wpa_supplicant(  643): wlan0: 0: f8:d1:11:e7:99:e8 ssid='videotest' wpa_ie_len=22 rsn_ie_len=20 caps=0x531 level=-50 wps
03-03 15:44:08.539 D/wpa_supplicant(  643): wlan0:    skip - SSID mismatch
03-03 15:44:08.539 D/wpa_supplicant(  643): wlan0: 1: c8:d7:19:60:62:f2 ssid='E3000-2.4G' wpa_ie_len=0 rsn_ie_len=20 caps=0x411 level=-54
03-03 15:44:08.539 D/wpa_supplicant(  643): wlan0:    skip - SSID mismatch
03-03 15:44:08.539 D/wpa_supplicant(  643): wlan0: 2: cc:34:29:2c:fb:ec ssid='linksys' wpa_ie_len=22 rsn_ie_len=20 caps=0x431 level=-57 wps
03-03 15:44:08.539 D/wpa_supplicant(  643): wlan0:    skip - SSID mismatch
03-03 15:44:08.539 D/wpa_supplicant(  643): wlan0: 3: 90:94:e4:03:45:f5 ssid='DAP-2553_D' wpa_ie_len=0 rsn_ie_len=24 caps=0x431 level=-58
03-03 15:44:08.539 D/wpa_supplicant(  643): wlan0:    skip - SSID mismatch
03-03 15:44:08.539 D/wpa_supplicant(  643): wlan0: 4: 10:c3:7b:d2:e5:e0 ssid='ASUS_RT-AC66U-2.4G' wpa_ie_len=0 rsn_ie_len=20 caps=0x411 level=-62 wps
03-03 15:44:08.539 D/wpa_supplicant(  643): wlan0:    skip - SSID mismatch
03-03 15:44:08.539 D/wpa_supplicant(  643): wlan0: 5: cc:34:29:2b:26:4c ssid='cws-test' wpa_ie_len=0 rsn_ie_len=20 caps=0x431 level=-65 wps
03-03 15:44:08.539 D/wpa_supplicant(  643): wlan0:    skip - SSID mismatch
03-03 15:44:08.539 D/wpa_supplicant(  643): wlan0: 6: 98:fc:11:81:35:fb ssid='E2000EE' wpa_ie_len=0 rsn_ie_len=20 caps=0x411 level=-67 wps
03-03 15:44:08.539 D/wpa_supplicant(  643): wlan0:    skip - SSID mismatch
03-03 15:44:08.539 D/wpa_supplicant(  643): wlan0: 7: e4:d3:32:c0:cf:a4 ssid='fast' wpa_ie_len=0 rsn_ie_len=20 caps=0x411 level=-67
03-03 15:44:08.539 D/wpa_supplicant(  643): wlan0:    skip - SSID mismatch
03-03 15:44:08.539 D/wpa_supplicant(  643): wlan0: 8: c4:17:fe:3f:4f:fb ssid='cmcm' wpa_ie_len=0 rsn_ie_len=20 caps=0x511 level=-69
03-03 15:44:08.539 D/wpa_supplicant(  643): wlan0:    skip - SSID mismatch
03-03 15:44:08.539 D/wpa_supplicant(  643): wlan0: 9: 14:d6:4d:28:ef:c8 ssid='dlink' wpa_ie_len=0 rsn_ie_len=20 caps=0x431 level=-71 wps
03-03 15:44:08.539 D/wpa_supplicant(  643): wlan0:    skip - SSID mismatch
03-03 15:44:08.539 D/wpa_supplicant(  643): wlan0: 10: 22:48:9a:ac:31:5b ssid='dean1' wpa_ie_len=0 rsn_ie_len=20 caps=0x431 level=-72
03-03 15:44:08.539 D/wpa_supplicant(  643): wlan0:    skip - SSID mismatch
03-03 15:44:08.539 D/wpa_supplicant(  643): wlan0: 11: 00:0f:e2:0f:9f:c1 ssid='321_WAN' wpa_ie_len=28 rsn_ie_len=24 caps=0x411 level=-81
03-03 15:44:08.539 D/wpa_supplicant(  643): wlan0:    skip - SSID mismatch
03-03 15:44:08.539 D/wpa_supplicant(  643): wlan0: 12: e4:d3:32:db:f6:03 ssid='adddda' wpa_ie_len=0 rsn_ie_len=20 caps=0x31 level=-78
03-03 15:44:08.539 D/wpa_supplicant(  643): wlan0:    skip - SSID mismatch
03-03 15:44:08.539 D/wpa_supplicant(  643): wlan0: 13: 1c:65:9d:e8:79:44 ssid='WiFi' wpa_ie_len=0 rsn_ie_len=20 caps=0x511 level=-85
03-03 15:44:08.539 D/wpa_supplicant(  643): wlan0:    skip - SSID mismatch
03-03 15:44:08.539 D/wpa_supplicant(  643): wlan0: 14: 44:94:fc:3d:da:38 ssid='6300' wpa_ie_len=0 rsn_ie_len=0 caps=0x411 level=-50
03-03 15:44:08.539 D/wpa_supplicant(  643): wlan0:    skip - SSID mismatch
03-03 15:44:08.539 D/wpa_supplicant(  643): wlan0: 15: 7a:24:af:24:0f:48 ssid='DIRECT-' wpa_ie_len=0 rsn_ie_len=0 caps=0x410 level=-61
03-03 15:44:08.539 D/wpa_supplicant(  643): wlan0:    skip - SSID mismatch
03-03 15:44:08.539 D/wpa_supplicant(  643): wlan0: 16: c0:c1:c0:76:81:3c ssid='E2000' wpa_ie_len=0 rsn_ie_len=0 caps=0x401 level=-56 wps
03-03 15:44:08.539 D/wpa_supplicant(  643): wlan0:    skip - SSID mismatch
03-03 15:44:08.539 D/wpa_supplicant(  643): wlan0: 17: 50:bd:5f:4b:29:92 ssid='Internet-2' wpa_ie_len=0 rsn_ie_len=0 caps=0x421 level=-63
03-03 15:44:08.539 D/wpa_supplicant(  643): wlan0:    skip - SSID mismatch
03-03 15:44:08.539 D/wpa_supplicant(  643): wlan0: 18: e4:d3:32:dd:18:62 ssid='Internet' wpa_ie_len=0 rsn_ie_len=0 caps=0x421 level=-75
03-03 15:44:08.539 D/wpa_supplicant(  643): wlan0:    skip - SSID mismatch
03-03 15:44:08.539 D/wpa_supplicant(  643): wlan0: Selecting BSS from priority group 17
03-03 15:44:08.539 D/wpa_supplicant(  643): wlan0: 0: f8:d1:11:e7:99:e8 ssid='videotest' wpa_ie_len=22 rsn_ie_len=20 caps=0x531 level=-50 wps
03-03 15:44:08.539 D/wpa_supplicant(  643): wlan0:    skip - SSID mismatch
03-03 15:44:08.539 D/wpa_supplicant(  643): wlan0: 1: c8:d7:19:60:62:f2 ssid='E3000-2.4G' wpa_ie_len=0 rsn_ie_len=20 caps=0x411 level=-54
03-03 15:44:08.539 D/wpa_supplicant(  643): wlan0:    skip - SSID mismatch
03-03 15:44:08.539 D/wpa_supplicant(  643): wlan0: 2: cc:34:29:2c:fb:ec ssid='linksys' wpa_ie_len=22 rsn_ie_len=20 caps=0x431 level=-57 wps
03-03 15:44:08.539 D/wpa_supplicant(  643): wlan0:    skip - SSID mismatch
03-03 15:44:08.539 D/wpa_supplicant(  643): wlan0: 3: 90:94:e4:03:45:f5 ssid='DAP-2553_D' wpa_ie_len=0 rsn_ie_len=24 caps=0x431 level=-58
03-03 15:44:08.539 D/wpa_supplicant(  643): wlan0:    skip - SSID mismatch
03-03 15:44:08.539 D/wpa_supplicant(  643): wlan0: 4: 10:c3:7b:d2:e5:e0 ssid='ASUS_RT-AC66U-2.4G' wpa_ie_len=0 rsn_ie_len=20 caps=0x411 level=-62 wps
03-03 15:44:08.539 D/wpa_supplicant(  643): wlan0:    skip - SSID mismatch
03-03 15:44:08.539 D/wpa_supplicant(  643): wlan0: 5: cc:34:29:2b:26:4c ssid='cws-test' wpa_ie_len=0 rsn_ie_len=20 caps=0x431 level=-65 wps
03-03 15:44:08.539 D/wpa_supplicant(  643): wlan0:    skip - SSID mismatch
03-03 15:44:08.539 D/wpa_supplicant(  643): wlan0: 6: 98:fc:11:81:35:fb ssid='E2000EE' wpa_ie_len=0 rsn_ie_len=20 caps=0x411 level=-67 wps
03-03 15:44:08.539 D/wpa_supplicant(  643): wlan0:    skip - SSID mismatch
03-03 15:44:08.539 D/wpa_supplicant(  643): wlan0: 7: e4:d3:32:c0:cf:a4 ssid='fast' wpa_ie_len=0 rsn_ie_len=20 caps=0x411 level=-67
03-03 15:44:08.539 D/wpa_supplicant(  643): wlan0:    skip - SSID mismatch
03-03 15:44:08.539 D/wpa_supplicant(  643): wlan0: 8: c4:17:fe:3f:4f:fb ssid='cmcm' wpa_ie_len=0 rsn_ie_len=20 caps=0x511 level=-69
03-03 15:44:08.539 D/wpa_supplicant(  643): wlan0:    skip - SSID mismatch
03-03 15:44:08.539 D/wpa_supplicant(  643): wlan0: 9: 14:d6:4d:28:ef:c8 ssid='dlink' wpa_ie_len=0 rsn_ie_len=20 caps=0x431 level=-71 wps
03-03 15:44:08.539 D/wpa_supplicant(  643): wlan0:    skip - SSID mismatch
03-03 15:44:08.539 D/wpa_supplicant(  643): wlan0: 10: 22:48:9a:ac:31:5b ssid='dean1' wpa_ie_len=0 rsn_ie_len=20 caps=0x431 level=-72
03-03 15:44:08.539 D/wpa_supplicant(  643): wlan0:    skip - SSID mismatch
03-03 15:44:08.539 D/wpa_supplicant(  643): wlan0: 11: 00:0f:e2:0f:9f:c1 ssid='321_WAN' wpa_ie_len=28 rsn_ie_len=24 caps=0x411 level=-81
03-03 15:44:08.539 D/wpa_supplicant(  643): wlan0:    skip - SSID mismatch
03-03 15:44:08.539 D/wpa_supplicant(  643): wlan0: 12: e4:d3:32:db:f6:03 ssid='adddda' wpa_ie_len=0 rsn_ie_len=20 caps=0x31 level=-78
03-03 15:44:08.539 D/wpa_supplicant(  643): wlan0:    skip - SSID mismatch
03-03 15:44:08.539 D/wpa_supplicant(  643): wlan0: 13: 1c:65:9d:e8:79:44 ssid='WiFi' wpa_ie_len=0 rsn_ie_len=20 caps=0x511 level=-85
03-03 15:44:08.539 D/wpa_supplicant(  643): wlan0:    skip - SSID mismatch
03-03 15:44:08.539 D/wpa_supplicant(  643): wlan0: 14: 44:94:fc:3d:da:38 ssid='6300' wpa_ie_len=0 rsn_ie_len=0 caps=0x411 level=-50
03-03 15:44:08.539 D/wpa_supplicant(  643): wlan0:    skip - SSID mismatch
03-03 15:44:08.539 D/wpa_supplicant(  643): wlan0: 15: 7a:24:af:24:0f:48 ssid='DIRECT-' wpa_ie_len=0 rsn_ie_len=0 caps=0x410 level=-61
03-03 15:44:08.539 D/wpa_supplicant(  643): wlan0:    skip - SSID mismatch
03-03 15:44:08.539 D/wpa_supplicant(  643): wlan0: 16: c0:c1:c0:76:81:3c ssid='E2000' wpa_ie_len=0 rsn_ie_len=0 caps=0x401 level=-56 wps
03-03 15:44:08.539 D/wpa_supplicant(  643): wlan0:    skip - SSID mismatch
03-03 15:44:08.539 D/wpa_supplicant(  643): wlan0: 17: 50:bd:5f:4b:29:92 ssid='Internet-2' wpa_ie_len=0 rsn_ie_len=0 caps=0x421 level=-63
03-03 15:44:08.539 D/wpa_supplicant(  643): wlan0:    skip - SSID mismatch
03-03 15:44:08.539 D/wpa_supplicant(  643): wlan0: 18: e4:d3:32:dd:18:62 ssid='Internet' wpa_ie_len=0 rsn_ie_len=0 caps=0x421 level=-75
03-03 15:44:08.539 D/wpa_supplicant(  643): wlan0:    skip - SSID mismatch
03-03 15:44:08.539 D/wpa_supplicant(  643): wlan0: Selecting BSS from priority group 15
03-03 15:44:08.539 D/wpa_supplicant(  643): wlan0: 0: f8:d1:11:e7:99:e8 ssid='videotest' wpa_ie_len=22 rsn_ie_len=20 caps=0x531 level=-50 wps
03-03 15:44:08.539 D/wpa_supplicant(  643): wlan0:    skip - SSID mismatch
03-03 15:44:08.539 D/wpa_supplicant(  643): wlan0: 1: c8:d7:19:60:62:f2 ssid='E3000-2.4G' wpa_ie_len=0 rsn_ie_len=20 caps=0x411 level=-54
03-03 15:44:08.539 D/wpa_supplicant(  643): wlan0:    skip - SSID mismatch
03-03 15:44:08.539 D/wpa_supplicant(  643): wlan0: 2: cc:34:29:2c:fb:ec ssid='linksys' wpa_ie_len=22 rsn_ie_len=20 caps=0x431 level=-57 wps
03-03 15:44:08.539 D/wpa_supplicant(  643): wlan0:    skip - SSID mismatch
03-03 15:44:08.539 D/wpa_supplicant(  643): wlan0: 3: 90:94:e4:03:45:f5 ssid='DAP-2553_D' wpa_ie_len=0 rsn_ie_len=24 caps=0x431 level=-58
03-03 15:44:08.539 D/wpa_supplicant(  643): wlan0:    skip - SSID mismatch
03-03 15:44:08.539 D/wpa_supplicant(  643): wlan0: 4: 10:c3:7b:d2:e5:e0 ssid='ASUS_RT-AC66U-2.4G' wpa_ie_len=0 rsn_ie_len=20 caps=0x411 level=-62 wps
03-03 15:44:08.539 D/wpa_supplicant(  643): wlan0:    skip - SSID mismatch
03-03 15:44:08.539 D/wpa_supplicant(  643): wlan0: 5: cc:34:29:2b:26:4c ssid='cws-test' wpa_ie_len=0 rsn_ie_len=20 caps=0x431 level=-65 wps
03-03 15:44:08.539 D/wpa_supplicant(  643): wlan0:    skip - SSID mismatch
03-03 15:44:08.539 D/wpa_supplicant(  643): wlan0: 6: 98:fc:11:81:35:fb ssid='E2000EE' wpa_ie_len=0 rsn_ie_len=20 caps=0x411 level=-67 wps
03-03 15:44:08.539 D/wpa_supplicant(  643): wlan0:    skip - SSID mismatch
03-03 15:44:08.539 D/wpa_supplicant(  643): wlan0: 7: e4:d3:32:c0:cf:a4 ssid='fast' wpa_ie_len=0 rsn_ie_len=20 caps=0x411 level=-67
03-03 15:44:08.539 D/wpa_supplicant(  643): wlan0:    skip - SSID mismatch
03-03 15:44:08.539 D/wpa_supplicant(  643): wlan0: 8: c4:17:fe:3f:4f:fb ssid='cmcm' wpa_ie_len=0 rsn_ie_len=20 caps=0x511 level=-69
03-03 15:44:08.539 D/wpa_supplicant(  643): wlan0:    skip - SSID mismatch
03-03 15:44:08.539 D/wpa_supplicant(  643): wlan0: 9: 14:d6:4d:28:ef:c8 ssid='dlink' wpa_ie_len=0 rsn_ie_len=20 caps=0x431 level=-71 wps
03-03 15:44:08.539 D/wpa_supplicant(  643): wlan0:    skip - SSID mismatch
03-03 15:44:08.539 D/wpa_supplicant(  643): wlan0: 10: 22:48:9a:ac:31:5b ssid='dean1' wpa_ie_len=0 rsn_ie_len=20 caps=0x431 level=-72
03-03 15:44:08.539 D/wpa_supplicant(  643): wlan0:    skip - SSID mismatch
03-03 15:44:08.539 D/wpa_supplicant(  643): wlan0: 11: 00:0f:e2:0f:9f:c1 ssid='321_WAN' wpa_ie_len=28 rsn_ie_len=24 caps=0x411 level=-81
03-03 15:44:08.539 D/wpa_supplicant(  643): wlan0:    skip - SSID mismatch
03-03 15:44:08.539 D/wpa_supplicant(  643): wlan0: 12: e4:d3:32:db:f6:03 ssid='adddda' wpa_ie_len=0 rsn_ie_len=20 caps=0x31 level=-78
03-03 15:44:08.539 D/wpa_supplicant(  643): wlan0:    skip - SSID mismatch
03-03 15:44:08.539 D/wpa_supplicant(  643): wlan0: 13: 1c:65:9d:e8:79:44 ssid='WiFi' wpa_ie_len=0 rsn_ie_len=20 caps=0x511 level=-85
03-03 15:44:08.539 D/wpa_supplicant(  643): wlan0:    skip - SSID mismatch
03-03 15:44:08.539 D/wpa_supplicant(  643): wlan0: 14: 44:94:fc:3d:da:38 ssid='6300' wpa_ie_len=0 rsn_ie_len=0 caps=0x411 level=-50
03-03 15:44:08.539 D/wpa_supplicant(  643): wlan0:    skip - SSID mismatch
03-03 15:44:08.539 D/wpa_supplicant(  643): wlan0: 15: 7a:24:af:24:0f:48 ssid='DIRECT-' wpa_ie_len=0 rsn_ie_len=0 caps=0x410 level=-61
03-03 15:44:08.539 D/wpa_supplicant(  643): wlan0:    skip - SSID mismatch
03-03 15:44:08.539 D/wpa_supplicant(  643): wlan0: 16: c0:c1:c0:76:81:3c ssid='E2000' wpa_ie_len=0 rsn_ie_len=0 caps=0x401 level=-56 wps
03-03 15:44:08.539 D/wpa_supplicant(  643): wlan0:    skip - SSID mismatch
03-03 15:44:08.539 D/wpa_supplicant(  643): wlan0: 17: 50:bd:5f:4b:29:92 ssid='Internet-2' wpa_ie_len=0 rsn_ie_len=0 caps=0x421 level=-63
03-03 15:44:08.539 D/wpa_supplicant(  643): wlan0:    skip - SSID mismatch
03-03 15:44:08.539 D/wpa_supplicant(  643): wlan0: 18: e4:d3:32:dd:18:62 ssid='Internet' wpa_ie_len=0 rsn_ie_len=0 caps=0x421 level=-75
03-03 15:44:08.539 D/wpa_supplicant(  643): wlan0:    skip - SSID mismatch
03-03 15:44:08.539 D/wpa_supplicant(  643): wlan0: Selecting BSS from priority group 4
03-03 15:44:08.539 D/wpa_supplicant(  643): wlan0: 0: f8:d1:11:e7:99:e8 ssid='videotest' wpa_ie_len=22 rsn_ie_len=20 caps=0x531 level=-50 wps
03-03 15:44:08.539 D/wpa_supplicant(  643): wlan0:    skip - SSID mismatch
03-03 15:44:08.539 D/wpa_supplicant(  643): wlan0: 1: c8:d7:19:60:62:f2 ssid='E3000-2.4G' wpa_ie_len=0 rsn_ie_len=20 caps=0x411 level=-54
03-03 15:44:08.539 D/wpa_supplicant(  643): wlan0:    skip - SSID mismatch
03-03 15:44:08.539 D/wpa_supplicant(  643): wlan0: 2: cc:34:29:2c:fb:ec ssid='linksys' wpa_ie_len=22 rsn_ie_len=20 caps=0x431 level=-57 wps
03-03 15:44:08.539 D/wpa_supplicant(  643): wlan0:    skip - SSID mismatch
03-03 15:44:08.539 D/wpa_supplicant(  643): wlan0: 3: 90:94:e4:03:45:f5 ssid='DAP-2553_D' wpa_ie_len=0 rsn_ie_len=24 caps=0x431 level=-58
03-03 15:44:08.539 D/wpa_supplicant(  643): wlan0:    skip - SSID mismatch
03-03 15:44:08.539 D/wpa_supplicant(  643): wlan0: 4: 10:c3:7b:d2:e5:e0 ssid='ASUS_RT-AC66U-2.4G' wpa_ie_len=0 rsn_ie_len=20 caps=0x411 level=-62 wps
03-03 15:44:08.539 D/wpa_supplicant(  643): wlan0:    skip - SSID mismatch
03-03 15:44:08.539 D/wpa_supplicant(  643): wlan0: 5: cc:34:29:2b:26:4c ssid='cws-test' wpa_ie_len=0 rsn_ie_len=20 caps=0x431 level=-65 wps
03-03 15:44:08.539 D/wpa_supplicant(  643): wlan0:    skip - SSID mismatch
03-03 15:44:08.539 D/wpa_supplicant(  643): wlan0: 6: 98:fc:11:81:35:fb ssid='E2000EE' wpa_ie_len=0 rsn_ie_len=20 caps=0x411 level=-67 wps
03-03 15:44:08.539 D/wpa_supplicant(  643): wlan0:    skip - SSID mismatch
03-03 15:44:08.539 D/wpa_supplicant(  643): wlan0: 7: e4:d3:32:c0:cf:a4 ssid='fast' wpa_ie_len=0 rsn_ie_len=20 caps=0x411 level=-67
03-03 15:44:08.539 D/wpa_supplicant(  643): wlan0:    skip - SSID mismatch
03-03 15:44:08.539 D/wpa_supplicant(  643): wlan0: 8: c4:17:fe:3f:4f:fb ssid='cmcm' wpa_ie_len=0 rsn_ie_len=20 caps=0x511 level=-69
03-03 15:44:08.539 D/wpa_supplicant(  643): wlan0:    skip - SSID mismatch
03-03 15:44:08.539 D/wpa_supplicant(  643): wlan0: 9: 14:d6:4d:28:ef:c8 ssid='dlink' wpa_ie_len=0 rsn_ie_len=20 caps=0x431 level=-71 wps
03-03 15:44:08.539 D/wpa_supplicant(  643): wlan0:    skip - SSID mismatch
03-03 15:44:08.539 D/wpa_supplicant(  643): wlan0: 10: 22:48:9a:ac:31:5b ssid='dean1' wpa_ie_len=0 rsn_ie_len=20 caps=0x431 level=-72
03-03 15:44:08.539 D/wpa_supplicant(  643): wlan0:    skip - SSID mismatch
03-03 15:44:08.539 D/wpa_supplicant(  643): wlan0: 11: 00:0f:e2:0f:9f:c1 ssid='321_WAN' wpa_ie_len=28 rsn_ie_len=24 caps=0x411 level=-81
03-03 15:44:08.539 D/wpa_supplicant(  643): wlan0:    skip - SSID mismatch
03-03 15:44:08.539 D/wpa_supplicant(  643): wlan0: 12: e4:d3:32:db:f6:03 ssid='adddda' wpa_ie_len=0 rsn_ie_len=20 caps=0x31 level=-78
03-03 15:44:08.539 D/wpa_supplicant(  643): wlan0:    skip - SSID mismatch
03-03 15:44:08.539 D/wpa_supplicant(  643): wlan0: 13: 1c:65:9d:e8:79:44 ssid='WiFi' wpa_ie_len=0 rsn_ie_len=20 caps=0x511 level=-85
03-03 15:44:08.539 D/wpa_supplicant(  643): wlan0:    skip - SSID mismatch
03-03 15:44:08.539 D/wpa_supplicant(  643): wlan0: 14: 44:94:fc:3d:da:38 ssid='6300' wpa_ie_len=0 rsn_ie_len=0 caps=0x411 level=-50
03-03 15:44:08.539 D/wpa_supplicant(  643): wlan0:    skip - SSID mismatch
03-03 15:44:08.539 D/wpa_supplicant(  643): wlan0: 15: 7a:24:af:24:0f:48 ssid='DIRECT-' wpa_ie_len=0 rsn_ie_len=0 caps=0x410 level=-61
03-03 15:44:08.539 D/wpa_supplicant(  643): wlan0:    skip - SSID mismatch
03-03 15:44:08.539 D/wpa_supplicant(  643): wlan0: 16: c0:c1:c0:76:81:3c ssid='E2000' wpa_ie_len=0 rsn_ie_len=0 caps=0x401 level=-56 wps
03-03 15:44:08.539 D/wpa_supplicant(  643): wlan0:    skip - SSID mismatch
03-03 15:44:08.539 D/wpa_supplicant(  643): wlan0: 17: 50:bd:5f:4b:29:92 ssid='Internet-2' wpa_ie_len=0 rsn_ie_len=0 caps=0x421 level=-63
03-03 15:44:08.539 D/wpa_supplicant(  643): wlan0:    skip - SSID mismatch
03-03 15:44:08.539 D/wpa_supplicant(  643): wlan0: 18: e4:d3:32:dd:18:62 ssid='Internet' wpa_ie_len=0 rsn_ie_len=0 caps=0x421 level=-75
03-03 15:44:08.539 D/wpa_supplicant(  643): wlan0:    skip - SSID mismatch
03-03 15:44:08.539 D/wpa_supplicant(  643): wlan0: No suitable network found
03-03 15:44:08.539 D/wpa_supplicant(  643): wlan0: Setting scan request: 40 sec 0 usec
03-03 15:44:08.539 D/wpa_supplicant(  643): wlan0: Checking for other virtual interfaces sharing same radio (phy0) in event_scan_results
03-03 15:44:08.539 D/wpa_supplicant(  643): p2p-dev-wlan0: Updating scan results from sibling
03-03 15:44:08.549 I/WifiHW  (  504): EVENT: IFNAME=wlan0 CTRL-EVENT-BSS-ADDED 41 e4:d3:32:db:f6:03
03-03 15:44:08.549 I/WifiHW  (  504): EVENT: IFNAME=wlan0 CTRL-EVENT-BSS-ADDED 42 1c:65:9d:e8:79:44
03-03 15:44:08.549 I/WifiHW  (  504): EVENT: IFNAME=wlan0 CTRL-EVENT-BSS-REMOVED 39 02:09:4c:51:a8:28
03-03 15:44:08.549 I/WifiHW  (  504): EVENT: IFNAME=wlan0 CTRL-EVENT-SCAN-RESULTS 
03-03 15:44:08.549 I/WifiHW  (  504): EVENT: IFNAME=wlan0 WPS-AP-AVAILABLE 
03-03 15:44:08.549 I/WifiHW  (  504): CMD: IFNAME=wlan0 BSS RANGE=0- MASK=0x21987
03-03 15:44:08.549 D/wpa_supplicant(  643): nl80211: Received scan results (20 BSSes)
03-03 15:44:08.549 D/wpa_supplicant(  643): nl80211: Survey data missing
03-03 15:44:08.549 D/wpa_supplicant(  643): p2p-dev-wlan0: BSS: Start scan result update 12
03-03 15:44:08.549 D/wpa_supplicant(  643): BSS: No P2P IE - skipping BSS f8:d1:11:e7:99:e8 update for P2P interface
03-03 15:44:08.549 D/wpa_supplicant(  643): BSS: No P2P IE - skipping BSS c8:d7:19:60:62:f2 update for P2P interface
03-03 15:44:08.549 D/wpa_supplicant(  643): BSS: No P2P IE - skipping BSS cc:34:29:2c:fb:ec update for P2P interface
03-03 15:44:08.549 D/wpa_supplicant(  643): BSS: No P2P IE - skipping BSS 90:94:e4:03:45:f5 update for P2P interface
03-03 15:44:08.549 D/wpa_supplicant(  643): BSS: No P2P IE - skipping BSS 10:c3:7b:d2:e5:e0 update for P2P interface
03-03 15:44:08.549 D/wpa_supplicant(  643): BSS: No P2P IE - skipping BSS cc:34:29:2b:26:4c update for P2P interface
03-03 15:44:08.549 D/wpa_supplicant(  643): BSS: No P2P IE - skipping BSS 98:fc:11:81:35:fb update for P2P interface
03-03 15:44:08.549 D/wpa_supplicant(  643): BSS: No P2P IE - skipping BSS e4:d3:32:c0:cf:a4 update for P2P interface
03-03 15:44:08.549 D/wpa_supplicant(  643): BSS: No P2P IE - skipping BSS c4:17:fe:3f:4f:fb update for P2P interface
03-03 15:44:08.549 D/wpa_supplicant(  643): BSS: No P2P IE - skipping BSS 14:d6:4d:28:ef:c8 update for P2P interface
03-03 15:44:08.549 D/wpa_supplicant(  643): BSS: No P2P IE - skipping BSS 22:48:9a:ac:31:5b update for P2P interface
03-03 15:44:08.549 D/wpa_supplicant(  643): BSS: No P2P IE - skipping BSS 00:0f:e2:0f:9f:c1 update for P2P interface
03-03 15:44:08.549 D/wpa_supplicant(  643): BSS: No P2P IE - skipping BSS e4:d3:32:db:f6:03 update for P2P interface
03-03 15:44:08.549 D/wpa_supplicant(  643): BSS: No P2P IE - skipping BSS 1c:65:9d:e8:79:44 update for P2P interface
03-03 15:44:08.549 D/wpa_supplicant(  643): BSS: No P2P IE - skipping BSS 44:94:fc:3d:da:38 update for P2P interface
03-03 15:44:08.549 D/wpa_supplicant(  643): BSS: No P2P IE - skipping BSS 7a:24:af:24:0f:48 update for P2P interface
03-03 15:44:08.549 D/wpa_supplicant(  643): BSS: No P2P IE - skipping BSS c0:c1:c0:76:81:3c update for P2P interface
03-03 15:44:08.549 D/wpa_supplicant(  643): BSS: No P2P IE - skipping BSS 50:bd:5f:4b:29:92 update for P2P interface
03-03 15:44:08.549 D/wpa_supplicant(  643): BSS: No P2P IE - skipping BSS e4:d3:32:dd:18:62 update for P2P interface
03-03 15:44:08.549 D/wpa_supplicant(  643): BSS: last_scan_res_used=0/0 last_scan_full=0
03-03 15:44:08.549 D/wpa_supplicant(  643): p2p-dev-wlan0: New scan results available
03-03 15:44:08.549 D/wpa_supplicant(  643): CTRL_IFACE monitor send - hexdump(len=39): 2f 64 61 74 61 2f 6d 69 73 63 2f 77 69 66 69 2f 73 6f 63 6b 65 74 73 2f 77 70 61 5f 63 74 72 6c ...
03-03 15:44:08.549 D/wpa_supplicant(  643): WPS: AP[0] f8:d1:11:e7:99:e8 type=0 tries=0 last_attempt=-1 sec ago blacklist=0
03-03 15:44:08.549 I/WifiHW  (  504): EVENT: IFNAME=p2p-dev-wlan0 CTRL-EVENT-SCAN-RESULTS 
03-03 15:44:08.549 D/wpa_supplicant(  643): WPS: AP[1] cc:34:29:2c:fb:ec type=0 tries=0 last_attempt=-1 sec ago blacklist=0
03-03 15:44:08.549 D/wpa_supplicant(  643): WPS: AP[2] 98:fc:11:81:35:fb type=0 tries=0 last_attempt=-1 sec ago blacklist=0
03-03 15:44:08.549 D/wpa_supplicant(  643): WPS: AP[3] cc:34:29:2b:26:4c type=0 tries=0 last_attempt=-1 sec ago blacklist=0
03-03 15:44:08.549 D/wpa_supplicant(  643): WPS: AP[4] 10:c3:7b:d2:e5:e0 type=0 tries=0 last_attempt=-1 sec ago blacklist=0
03-03 15:44:08.549 D/wpa_supplicant(  643): WPS: AP[5] e4:d3:32:36:2e:54 type=0 tries=0 last_attempt=-1 sec ago blacklist=0
03-03 15:44:08.549 D/wpa_supplicant(  643): WPS: AP[6] b0:48:7a:51:ff:cc type=0 tries=0 last_attempt=-1 sec ago blacklist=0
03-03 15:44:08.549 D/wpa_supplicant(  643): WPS: AP[7] c0:a0:bb:20:3b:84 type=0 tries=0 last_attempt=-1 sec ago blacklist=0
03-03 15:44:08.549 D/wpa_supplicant(  643): WPS: AP[8] 14:d6:4d:28:ef:c8 type=0 tries=0 last_attempt=-1 sec ago blacklist=0
03-03 15:44:08.549 D/wpa_supplicant(  643): WPS: AP[9] c0:c1:c0:76:81:3c type=0 tries=0 last_attempt=-1 sec ago blacklist=0
03-03 15:44:08.549 D/wpa_supplicant(  643): WPS: AP[10] 10:9f:a9:dc:b1:fc type=0 tries=0 last_attempt=-1 sec ago blacklist=0
03-03 15:44:08.549 D/wpa_supplicant(  643): WPS: AP[11] 2c:b0:5d:7f:f4:24 type=0 tries=0 last_attempt=-1 sec ago blacklist=0
03-03 15:44:08.549 D/wpa_supplicant(  643): WPS: AP[12] 9c:21:6a:0d:eb:72 type=0 tries=0 last_attempt=-1 sec ago blacklist=0
03-03 15:44:08.549 D/wpa_supplicant(  643): p2p-dev-wlan0: No suitable network found
03-03 15:44:08.549 D/wpa_supplicant(  643): p2p-dev-wlan0: Short-circuit new scan request since there are no enabled networks
03-03 15:44:08.549 D/wpa_supplicant(  643): p2p-dev-wlan0: State: INACTIVE -> INACTIVE
03-03 15:44:08.549 D/wpa_supplicant(  643): wlan0: P2P: Station mode scan operation not pending anymore (sta_scan_pending=0 p2p_cb_on_scan_complete=0)
03-03 15:44:08.549 D/wpa_supplicant(  643): RX ctrl_iface - hexdump(len=25): 42 53 53 20 52 41 4e 47 45 3d 30 2d 20 4d 41 53 4b 3d 30 78 32 31 39 38 37
03-03 15:44:08.549 D/wpa_supplicant(  643): wlan0: Control interface command 'BSS RANGE=0- MASK=0x21987'
03-03 15:44:08.549 I/WifiHW  (  504): REPLY: id=0
03-03 15:44:08.549 I/WifiHW  (  504): REPLY: bssid=f8:d1:11:e7:99:e8
03-03 15:44:08.549 I/WifiHW  (  504): REPLY: freq=2437
03-03 15:44:08.549 I/WifiHW  (  504): REPLY: level=-50
03-03 15:44:08.549 I/WifiHW  (  504): REPLY: tsf=0000000453839626
03-03 15:44:08.549 I/WifiHW  (  504): REPLY: flags=[WPA-PSK-CCMP][WPA2-PSK-CCMP][WPS][ESS]
03-03 15:44:08.549 I/WifiHW  (  504): REPLY: ssid=videotest
03-03 15:44:08.549 I/WifiHW  (  504): REPLY: ====
03-03 15:44:08.549 I/WifiHW  (  504): REPLY: id=1
03-03 15:44:08.549 I/WifiHW  (  504): REPLY: bssid=c8:d7:19:60:62:f2
03-03 15:44:08.549 I/WifiHW  (  504): REPLY: freq=2437
03-03 15:44:08.549 I/WifiHW  (  504): REPLY: level=-54
03-03 15:44:08.549 I/WifiHW  (  504): REPLY: tsf=0000000453839608
03-03 15:44:08.549 I/WifiHW  (  504): REPLY: flags=[WPA2-EAP-CCMP-preauth][ESS]
03-03 15:44:08.549 I/WifiHW  (  504): REPLY: ssid=E3000-2.4G
03-03 15:44:08.549 I/WifiHW  (  504): REPLY: ====
03-03 15:44:08.549 I/WifiHW  (  504): REPLY: id=2
03-03 15:44:08.549 I/WifiHW  (  504): REPLY: bssid=90:94:e4:03:45:f5
03-03 15:44:08.549 I/WifiHW  (  504): REPLY: freq=2442
03-03 15:44:08.549 I/WifiHW  (  504): REPLY: level=-58
03-03 15:44:08.549 I/WifiHW  (  504): REPLY: tsf=0000000453839693
03-03 15:44:08.549 I/WifiHW  (  504): REPLY: flags=[WPA2-PSK-CCMP+TKIP][ESS]
03-03 15:44:08.549 I/WifiHW  (  504): REPLY: ssid=DAP-2553_D
03-03 15:44:08.549 I/WifiHW  (  504): REPLY: ====
03-03 15:44:08.549 I/WifiHW  (  504): REPLY: id=3
03-03 15:44:08.549 I/WifiHW  (  504): REPLY: bssid=cc:34:29:2c:fb:ec
03-03 15:44:08.549 I/WifiHW  (  504): REPLY: freq=2412
03-03 15:44:08.549 I/WifiHW  (  504): REPLY: level=-57
03-03 15:44:08.549 I/WifiHW  (  504): REPLY: tsf=0000000453839599
03-03 15:44:08.549 I/WifiHW  (  504): REPLY: flags=[WPA-PSK-CCMP][WPA2-PSK-CCMP][WPS][ESS]
03-03 15:44:08.549 I/WifiHW  (  504): REPLY: ssid=linksys
03-03 15:44:08.549 I/WifiHW  (  504): REPLY: ====
03-03 15:44:08.549 I/WifiHW  (  504): REPLY: id=4
03-03 15:44:08.549 I/WifiHW  (  504): REPLY: bssid=98:fc:11:81:35:fb
03-03 15:44:08.549 I/WifiHW  (  504): REPLY: freq=2412
03-03 15:44:08.549 I/WifiHW  (  504): REPLY: level=-67
03-03 15:44:08.549 I/WifiHW  (  504): REPLY: tsf=0000000453839590
03-03 15:44:08.549 I/WifiHW  (  504): REPLY: flags=[WPA2-PSK-CCMP][WPS][ESS]
03-03 15:44:08.549 I/WifiHW  (  504): REPLY: ssid=E2000EE
03-03 15:44:08.549 I/WifiHW  (  504): REPLY: ====
03-03 15:44:08.549 I/WifiHW  (  504): REPLY: id=5
03-03 15:44:08.549 I/WifiHW  (  504): REPLY: bssid=cc:34:29:2b:26:4c
03-03 15:44:08.549 I/WifiHW  (  504): REPLY: freq=2462
03-03 15:44:08.549 I/WifiHW  (  504): REPLY: level=-65
03-03 15:44:08.549 I/WifiHW  (  504): REPLY: tsf=0000000453839718
03-03 15:44:08.549 I/WifiHW  (  504): REPLY: flags=[WPA2-PSK-CCMP][WPS][ESS]
03-03 15:44:08.549 I/WifiHW  (  504): REPLY: ssid=cws-test
03-03 15:44:08.549 I/WifiHW  (  504): REPLY: ====
03-03 15:44:08.549 I/WifiHW  (  504): REPLY: id=6
03-03 15:44:08.549 I/WifiHW  (  504): REPLY: bssid=10:c3:7b:d2:e5:e0
03-03 15:44:08.549 I/WifiHW  (  504): REPLY: freq=2462
03-03 15:44:08.549 I/WifiHW  (  504): REPLY: level=-62
03-03 15:44:08.549 I/WifiHW  (  504): REPLY: tsf=0000000453839701
03-03 15:44:08.549 I/WifiHW  (  504): REPLY: flags=[WPA2-PSK-CCMP][WPS][ESS]
03-03 15:44:08.549 I/WifiHW  (  504): REPLY: ssid=ASUS_RT-AC66U-2.4G
03-03 15:44:08.549 I/WifiHW  (  504): REPLY: ====
03-03 15:44:08.549 I/WifiHW  (  504): REPLY: id=7
03-03 15:44:08.549 I/WifiHW  (  504): REPLY: bssid=22:48:9a:ac:31:5b
03-03 15:44:08.549 I/WifiHW  (  504): REPLY: freq=2437
03-03 15:44:08.549 I/WifiHW  (  504): REPLY: level=-72
03-03 15:44:08.549 I/WifiHW  (  504): REPLY: tsf=0000000453839634
03-03 15:44:08.549 I/WifiHW  (  504): REPLY: flags=[WPA2-PSK-CCMP][ESS]
03-03 15:44:08.549 I/WifiHW  (  504): REPLY: ssid=dean1
03-03 15:44:08.549 I/WifiHW  (  504): REPLY: ====
03-03 15:44:08.549 I/WifiHW  (  504): REPLY: id=12
03-03 15:44:08.549 I/WifiHW  (  504): REPLY: bssid=c0:a0:bb:20:3b:84
03-03 15:44:08.549 I/WifiHW  (  504): REPLY: freq=2417
03-03 15:44:08.549 I/WifiHW  (  504): REPLY: level=-80
03-03 15:44:08.549 I/WifiHW  (  504): REPLY: tsf=0000000412613174
03-03 15:44:08.549 I/WifiHW  (  504): REPLY: flags=[WPA-PSK-CCMP+TKIP][WPA2-PSK-CCMP+TKIP][WPS][ESS]
03-03 15:44:08.549 I/WifiHW  (  504): REPLY: ssid=dlink-3B84
03-03 15:44:08.549 I/WifiHW  (  504): REPLY: ====
03-03 15:44:08.549 I/WifiHW  (  504): REPLY: id=14
03-03 15:44:08.549 I/WifiHW  (  504): REPLY: bssid=00:0f:e2:0f:9f:c1
03-03 15:44:08.549 I/WifiHW  (  504): REPLY: freq=2462
03-03 15:44:08.549 I/WifiHW  (  504): REPLY: level=-81
03-03 15:44:08.549 I/WifiHW  (  504): REPLY: tsf=0000000453839754
03-03 15:44:08.549 I/WifiHW  (  504): REPLY: flags=[WPA-PSK-CCMP+TKIP][WPA2-PSK-CCMP+TKIP][ESS]
03-03 15:44:08.549 I/WifiHW  (  504): REPLY: ssid=321_WAN
03-03 15:44:08.549 I/WifiHW  (  504): REPLY: ====
03-03 15:44:08.549 I/WifiHW  (  504): REPLY: id=15
03-03 15:44:08.549 I/WifiHW  (  504): REPLY: bssid=c4:17:fe:3f:4f:fb
03-03 15:44:08.549 I/WifiHW  (  504): REPLY: freq=2437
03-03 15:44:08.549 I/WifiHW  (  504): REPLY: level=-69
03-03 15:44:08.549 I/WifiHW  (  504): REPLY: tsf=0000000453839668
03-03 15:44:08.549 I/WifiHW  (  504): REPLY: flags=[WPA2-PSK-CCMP][ESS]
03-03 15:44:08.549 I/WifiHW  (  504): REPLY: ssid=cmcm
03-03 15:44:08.549 I/WifiHW  (  504): REPLY: ====
03-03 15:44:08.549 I/WifiHW  (  504): REPLY: id=16
03-03 15:44:08.549 I/WifiHW  (  504): REPLY: bssid=44:94:fc:3d:da:38
03-03 15:44:08.549 I/WifiHW  (  504): REPLY: freq=2462
03-03 15:44:08.549 I/WifiHW  (  504): REPLY: level=-50
03-03 15:44:08.549 I/WifiHW  (  504): REPLY: tsf=0000000453839746
03-03 15:44:08.549 I/WifiHW  (  504): REPLY: flags=[WEP][ESS]
03-03 15:44:08.549 I/WifiHW  (  504): REPLY: ssid=6300
03-03 15:44:08.549 I/WifiHW  (  504): REPLY: ====
03-03 15:44:08.549 I/WifiHW  (  504): REPLY: id=17
03-03 15:44:08.549 I/WifiHW  (  504): REPLY: bssid=7a:24:af:24:0f:48
03-03 15:44:08.549 I/WifiHW  (  504): REPLY: freq=2412
03-03 15:44:08.549 I/WifiHW  (  504): REPLY: level=-61
03-03 15:44:08.549 D/wpa_supplicant(  643): RTM_NEWLINK: operstate=0 ifi_flags=0x11003 ([UP][LOWER_UP])
03-03 15:44:08.549 D/wpa_supplicant(  643): RTM_NEWLINK, IFLA_IFNAME: Interface 'wlan0' added
03-03 15:44:08.549 D/wpa_supplicant(  643): nl80211: if_removed already cleared - ignore event
03-03 15:44:08.549 I/WifiHW  (  504): REPLY: tsf=0000000453839737
03-03 15:44:08.549 I/WifiHW  (  504): REPLY: flags=[WEP]
