03-03 15:02:30.783 I/WifiHW  (  506): REPLY: id=3299
03-03 15:02:30.783 I/WifiHW  (  506): REPLY: bssid=cc:34:29:2c:fb:ec
03-03 15:02:30.783 I/WifiHW  (  506): REPLY: freq=2412
03-03 15:02:30.783 I/WifiHW  (  506): REPLY: level=-67
03-03 15:02:30.783 I/WifiHW  (  506): REPLY: tsf=0000278872555901
03-03 15:02:30.783 I/WifiHW  (  506): REPLY: flags=[WPA-PSK-CCMP][WPA2-PSK-CCMP][WPS][ESS]
03-03 15:02:30.783 I/WifiHW  (  506): REPLY: ssid=linksys
03-03 15:02:30.783 I/WifiHW  (  506): REPLY: ====
03-03 15:02:30.783 I/WifiHW  (  506): REPLY: id=3300
03-03 15:02:30.783 I/WifiHW  (  506): REPLY: bssid=cc:34:29:2b:26:4c
03-03 15:02:30.783 I/WifiHW  (  506): REPLY: freq=2462
03-03 15:02:30.783 I/WifiHW  (  506): REPLY: level=-67
03-03 15:02:30.783 I/WifiHW  (  506): REPLY: tsf=0000278872556104
03-03 15:02:30.783 I/WifiHW  (  506): REPLY: flags=[WPA2-PSK-CCMP][WPS][ESS]
03-03 15:02:30.783 I/WifiHW  (  506): REPLY: ssid=cws-test
03-03 15:02:30.783 I/WifiHW  (  506): REPLY: ====
03-03 15:02:30.783 I/WifiHW  (  506): REPLY: id=3301
03-03 15:02:30.783 I/WifiHW  (  506): REPLY: bssid=cc:b2:55:e2:84:70
03-03 15:02:30.783 I/WifiHW  (  506): REPLY: freq=2447
03-03 15:02:30.783 I/WifiHW  (  506): REPLY: level=-70
03-03 15:02:30.783 I/WifiHW  (  506): REPLY: tsf=0000278872556059
03-03 15:02:30.783 I/WifiHW  (  506): REPLY: flags=[WPA-PSK-TKIP][WPA2-PSK-TKIP][ESS]
03-03 15:02:30.783 I/WifiHW  (  506): REPLY: ssid=DLINK_APK
03-03 15:02:30.783 I/WifiHW  (  506): REPLY: ====
03-03 15:02:30.783 I/WifiHW  (  506): REPLY: id=3302
03-03 15:02:30.783 I/WifiHW  (  506): REPLY: bssid=00:0f:e2:0f:9f:c1
03-03 15:02:30.783 I/WifiHW  (  506): REPLY: freq=2462
03-03 15:02:30.783 I/WifiHW  (  506): REPLY: level=-82
03-03 15:02:30.783 I/WifiHW  (  506): REPLY: tsf=0000278872556096
03-03 15:02:30.783 I/WifiHW  (  506): REPLY: flags=[WPA-PSK-CCMP+TKIP][WPA2-PSK-CCMP+TKIP][ESS]
03-03 15:02:30.783 I/WifiHW  (  506): REPLY: ssid=321_WAN
03-03 15:02:30.783 I/WifiHW  (  506): REPLY: ====
03-03 15:02:30.783 I/WifiHW  (  506): REPLY: id=3303
03-03 15:02:30.783 I/WifiHW  (  506): REPLY: bssid=7a:24:af:24:0f:48
03-03 15:02:30.783 I/WifiHW  (  506): REPLY: freq=2412
03-03 15:02:30.783 I/WifiHW  (  506): REPLY: level=-57
03-03 15:02:30.783 I/WifiHW  (  506): REPLY: tsf=0000278872556067
03-03 15:02:30.783 I/WifiHW  (  506): REPLY: flags=[WEP]
03-03 15:02:30.783 I/WifiHW  (  506): REPLY: ssid=DIRECT-
03-03 15:02:30.783 I/WifiHW  (  506): REPLY: ====
03-03 15:02:30.783 I/WifiHW  (  506): REPLY: id=3304
03-03 15:02:30.783 I/WifiHW  (  506): REPLY: bssid=44:94:fc:3d:da:38
03-03 15:02:30.783 I/WifiHW  (  506): REPLY: freq=2462
03-03 15:02:30.783 I/WifiHW  (  506): REPLY: level=-60
03-03 15:02:30.783 I/WifiHW  (  506): REPLY: tsf=0000278872556051
03-03 15:02:30.783 I/WifiHW  (  506): REPLY: flags=[WEP][ESS]
03-03 15:02:30.783 I/WifiHW  (  506): REPLY: ssid=6300
03-03 15:02:30.783 I/WifiHW  (  506): REPLY: ====
03-03 15:02:30.783 I/WifiHW  (  506): REPLY: id=3305
03-03 15:02:30.783 I/WifiHW  (  506): REPLY: bssid=02:09:4c:3e:43:ae
03-03 15:02:30.783 I/WifiHW  (  506): REPLY: freq=2412
03-03 15:02:30.783 I/WifiHW  (  506): REPLY: level=-74
03-03 15:02:30.783 I/WifiHW  (  506): REPLY: tsf=0000278872555909
03-03 15:02:30.783 I/WifiHW  (  506): REPLY: flags=[WEP]
03-03 15:02:30.783 I/WifiHW  (  506): REPLY: ssid=DIRECT-
03-03 15:02:30.783 I/WifiHW  (  506): REPLY: ====
03-03 15:02:30.783 I/WifiHW  (  506): REPLY: id=3306
03-03 15:02:30.783 I/WifiHW  (  506): REPLY: bssid=c0:c1:c0:76:81:3c
03-03 15:02:30.783 I/WifiHW  (  506): REPLY: freq=2462
03-03 15:02:30.783 I/WifiHW  (  506): REPLY: level=-53
03-03 15:02:30.783 I/WifiHW  (  506): REPLY: tsf=0000278872556041
03-03 15:02:30.783 I/WifiHW  (  506): REPLY: flags=[WPS][ESS]
03-03 15:02:30.783 I/WifiHW  (  506): REPLY: ssid=E2000
03-03 15:02:30.783 I/WifiHW  (  506): REPLY: ====
03-03 15:02:30.783 I/WifiHW  (  506): REPLY: id=3307
03-03 15:02:30.783 I/WifiHW  (  506): REPLY: bssid=50:bd:5f:4b:29:92
03-03 15:02:30.783 I/WifiHW  (  506): REPLY: freq=2437
03-03 15:02:30.783 I/WifiHW  (  506): REPLY: level=-61
03-03 15:02:30.783 I/WifiHW  (  506): REPLY: tsf=0000278872556018
03-03 15:02:30.783 I/WifiHW  (  506): REPLY: flags=[ESS]
03-03 15:02:30.783 I/WifiHW  (  506): REPLY: ssid=Internet-2
03-03 15:02:30.783 I/WifiHW  (  506): REPLY: ====
03-03 15:02:30.783 I/WifiHW  (  506): REPLY: id=3308
03-03 15:02:30.783 I/WifiHW  (  506): REPLY: bssid=e4:d3:32:dd:18:62
03-03 15:02:30.783 I/WifiHW  (  506): REPLY: freq=2437
03-03 15:02:30.783 I/WifiHW  (  506): REPLY: level=-78
03-03 15:02:30.783 I/WifiHW  (  506): REPLY: tsf=0000278872556008
03-03 15:02:30.783 I/WifiHW  (  506): REPLY: flags=[ESS]
03-03 15:02:30.783 I/WifiHW  (  506): REPLY: ssid=Internet
03-03 15:02:30.783 I/WifiHW  (  506): REPLY: ####
03-03 15:02:31.273 I/AudioPolicyManagerBase(  187): APM: getOutput
03-03 15:02:31.273 I/AudioPolicyManagerBase(  187): APM: getOutput
03-03 15:02:31.273 I/AudioPolicyManagerBase(  187): APM: getOutput
03-03 15:02:31.273 W/AudioTrack(  570): AUDIO_OUTPUT_FLAG_FAST denied by client
03-03 15:02:31.273 D/AudioPolicyManagerALSA(  187): startOutput() output 2, stream type 1, session 412
03-03 15:02:31.283 D/AudioHardwareALSA(  187): setStreamParameters: key value pair routing=2;stream_flags=2
03-03 15:02:31.283 D/RouteManager(  187): setOutputFlags: output flags = 0x2 (Prev Flags=0x2)
03-03 15:02:31.283 D/RouteManager(  187): setDevices: 0x2
03-03 15:02:31.283 D/RouteManager(  187): setDevices: 0x2
03-03 15:02:31.283 D/RouteManager(  187): setDevices: set device = IHF to output stream
03-03 15:02:31.283 D/RouteManager(  187): setStreamParameters: identical Platform State, do not reconsider routing
03-03 15:02:31.303 D/AudioResamplerIA(  187): Create AudioResamplerIA Resampler: Input rate 44100, output rate 48000
03-03 15:02:31.313 D/PROPERTY(  187): get media.dump_output.befconv: 0
03-03 15:02:31.313 D/PROPERTY(  187): get media.dump_output.aftconv: 0
03-03 15:02:31.313 D/RouteManager(  187): startStream: {+++ RECONSIDER ROUTING +++} due to output stream start event
03-03 15:02:31.313 D/RouteManager(  187): reconsiderRouting
03-03 15:02:31.313 D/EVENT_THREAD(  187): void CEventThread::trig(uint16_t): in
03-03 15:02:31.313 D/EVENT_THREAD(  187): void CEventThread::trig(uint16_t): out
03-03 15:02:31.313 D/RouteManager(  187): doReconsiderRouting:       Platform State:
03-03 15:02:31.313 D/RouteManager(  187): doReconsiderRouting:          -Modem Alive = 0 
03-03 15:02:31.313 D/RouteManager(  187): doReconsiderRouting:          -Modem Call Active = 0 
03-03 15:02:31.313 D/RouteManager(  187): doReconsiderRouting:          -Is Shared I2S glitch free=1 
03-03 15:02:31.313 D/RouteManager(  187): doReconsiderRouting:          -Android Telephony Mode = Normal 
03-03 15:02:31.313 D/RouteManager(  187): doReconsiderRouting:          -RTE MGR HW Mode = Normal 
03-03 15:02:31.313 D/RouteManager(  187): doReconsiderRouting:          -BT Enabled = 1 
03-03 15:02:31.313 D/RouteManager(  187): doReconsiderRouting:          -BT NREC = 0 
03-03 15:02:31.313 D/RouteManager(  187): doReconsiderRouting:          -BT Band = NB 
03-03 15:02:31.313 D/RouteManager(  187): doReconsiderRouting:          -Platform output device = IHF 
03-03 15:02:31.313 D/RouteManager(  187): doReconsiderRouting:          -Platform input device = <none> 
03-03 15:02:31.313 D/RouteManager(  187): doReconsiderRouting:          -Platform input source = None 
03-03 15:02:31.313 D/RouteManager(  187): doReconsiderRouting:          -Platform Band type = NB 
03-03 15:02:31.313 D/RouteManager(  187): doReconsiderRouting:          -Platform Has Direct Stream = no 
03-03 15:02:31.313 D/RouteManager(  187): doReconsiderRouting:          -Platform TTY direction = <none> 
03-03 15:02:31.313 D/RouteManager(  187): doReconsiderRouting:          -Platform HAC Mode = Off 
03-03 15:02:31.313 D/RouteManager(  187): doReconsiderRouting:          -Platform Screen State = On 
03-03 15:02:31.313 D/RouteManager(  187): doReconsiderRouting:          -Platform Context Awareness = false 
03-03 15:02:31.313 D/RouteManager(  187): doReconsiderRouting:          -Platform Always Listening = false 
03-03 15:02:31.313 D/RouteManager(  187): doReconsiderRouting:          -Platform FM State = Off 
03-03 15:02:31.313 D/RouteManager(  187): doReconsiderRouting:          -Platform Bypass Non Linear PP State = Off 
03-03 15:02:31.313 D/RouteManager(  187): doReconsiderRouting:          -Platform Bypass Linear PP State = Off 
03-03 15:02:31.313 D/RouteManager(  187): doReconsiderRouting:          -Platform MicMute = Off 
03-03 15:02:31.313 D/RouteManager(  187): doReconsiderRouting:      Route state:
03-03 15:02:31.313 D/RouteManager(  187): doReconsiderRouting:          -Previously Enabled Route in Input = <none>
03-03 15:02:31.313 D/RouteManager(  187): doReconsiderRouting:          -Previously Enabled Route in Output = <none>
03-03 15:02:31.313 D/RouteManager(  187): doReconsiderRouting:          -Selected Route in Input = <none>
03-03 15:02:31.313 D/RouteManager(  187): doReconsiderRouting:          -Selected Route in Output = Media|HwCodecMedia
03-03 15:02:31.313 D/RouteManager(  187): doReconsiderRouting:          -Route that need reconfiguration in Input = <none>
03-03 15:02:31.313 D/RouteManager(  187): doReconsiderRouting:          -Route that need reconfiguration in Output = <none>
03-03 15:02:31.313 D/RouteManager(  187): executeMuteStage: --------------- Routing Stage = Mute ---------------
03-03 15:02:31.323 D/RouteManager(  187): parameter-framework: Selection criterion changed event: Criterion name: RoutageState, current state: Flow
03-03 15:02:31.323 D/RouteManager(  187): parameter-framework: Configuration application request {
03-03 15:02:31.323 D/RouteManager(  187): parameter-framework:     Applying configurations {
03-03 15:02:31.323 D/RouteManager(  187): parameter-framework:     } Applying configurations
03-03 15:02:31.323 D/RouteManager(  187): parameter-framework: } Configuration application request
03-03 15:02:31.323 D/RouteManager(  187): executeDisableStage: --------------- Routing Stage = Disable ---------------
03-03 15:02:31.323 D/RouteManager(  187): parameter-framework: Selection criterion changed event: Criterion name: RoutageState, current state: Path
03-03 15:02:31.323 D/RouteManager(  187): parameter-framework: Configuration application request {
03-03 15:02:31.323 D/RouteManager(  187): parameter-framework:     Applying configurations {
03-03 15:02:31.323 D/RouteManager(  187): parameter-framework:     } Applying configurations
03-03 15:02:31.323 D/RouteManager(  187): parameter-framework: } Configuration application request
03-03 15:02:31.323 D/RouteManager(  187): executeConfigureStage: --------------- Routing Stage = Configure ---------------
03-03 15:02:31.323 D/RouteManager(  187): parameter-framework: Selection criterion changed event: Criterion name: RoutageState, current state: Configure
03-03 15:02:31.323 D/RouteManager(  187): parameter-framework: Selection criterion changed event: Criterion name: OpenedPlaybackRoutes, current state: Media|HwCodecMedia
03-03 15:02:31.323 D/RouteManager(  187): parameter-framework: Selection criterion changed event: Criterion name: ScreenState, current state: On
03-03 15:02:31.323 D/RouteManager(  187): parameter-framework: Configuration application request {
03-03 15:02:31.323 D/RouteManager(  187): parameter-framework:     Applying configurations {
03-03 15:02:31.323 D/RouteManager(  187): parameter-framework:         Applying configuration "Activated" from domain "Routing.Configure.LPE_Mixer.IHF"
03-03 15:02:31.333 D/WindowManager(  506): adjustConfigurationLw, config:{1.0 ?mcc?mnc ?locale ?layoutDir sw600dp w600dp h888dp 213dpi lrg port ?uimode ?night finger -keyb/v/h -nav/v} mLidState:1 mHasDockFeature:false mHasKeyboardFeature:false mHasHallSensorFeature:true config.hardKeyboardHidden:2
03-03 15:02:31.353 D/        (  570): Surface destroy: ANDROID_NATIVE_WINDOW_MAGIC
03-03 15:02:31.353 D/RouteManager(  187): parameter-framework:     } Applying configurations
03-03 15:02:31.353 D/RouteManager(  187): parameter-framework: } Configuration application request
03-03 15:02:31.353 D/RouteManager(  187): executeEnableStage: --------------- Routing Stage = Enable ---------------
03-03 15:02:31.353 D/RouteManager(  187): parameter-framework: Selection criterion changed event: Criterion name: RoutageState, current state: Path|Configure
03-03 15:02:31.353 D/RouteManager(  187): doEnableRoutes: Routes to be enabled(routed) in Output = Media|HwCodecMedia
03-03 15:02:31.353 D/RouteManager(  187): parameter-framework: Configuration application request {
03-03 15:02:31.353 D/RouteManager(  187): parameter-framework:     Applying configurations {
03-03 15:02:31.353 D/RouteManager(  187): parameter-framework:         Applying configuration "Enable" from domain "Routing.Enable.HWCodec.Playback.IHF"
03-03 15:02:31.353 D/RouteManager(  187): parameter-framework:         Applying configuration "Enable" from domain "Routing.Enable.HWCodec.Playback.Multimedia.IHF"
03-03 15:02:31.353 D/RouteManager(  187): parameter-framework:         Applying configuration "Enable" from domain "Routing.Enable.HWCodec.Playback.Multimedia.Playback"
03-03 15:02:31.363 D/RouteManager(  187): parameter-framework:     } Applying configurations
03-03 15:02:31.363 D/RouteManager(  187): parameter-framework: } Configuration application request
03-03 15:02:31.363 D/RouteManager(  187): doEnableRoutes: Routes to be enabled(routed) in Output = Media|HwCodecMedia
03-03 15:02:31.363 D/RouteManager/StreamRoute(  187): openPcmDevice called for card (baytrailaudio,0)
03-03 15:02:31.363 D/RouteManager/StreamRoute(  187): openPcmDevice		 config=rate(48000), format(0), channels(2))
03-03 15:02:31.363 D/RouteManager/StreamRoute(  187): openPcmDevice		 period_size=1152, period_count=4
03-03 15:02:31.363 D/RouteManager/StreamRoute(  187): openPcmDevice		 startTh=4607, stop Th=4608 silence Th=0
03-03 15:02:31.373 D/AsusPhoneStatusBar(  570): disable: < expand icons alerts ticker system_info back* home* recent* clock* search >
03-03 15:02:31.443 D/ALSAStreamOps(  187): attachRouteL output stream
03-03 15:02:31.443 D/AudioConversion(  187): configure: no convertion required
03-03 15:02:31.443 D/RouteManager(  187): executeUnmuteStage: --------------- Routing Stage = Unmute ---------------
03-03 15:02:31.443 D/RouteManager(  187): parameter-framework: Selection criterion changed event: Criterion name: RoutageState, current state: Flow|Path|Configure
03-03 15:02:31.443 D/RouteManager(  187): parameter-framework: Configuration application request {
03-03 15:02:31.443 D/RouteManager(  187): parameter-framework:     Applying configurations {
03-03 15:02:31.443 D/RouteManager(  187): parameter-framework:     } Applying configurations
03-03 15:02:31.443 D/RouteManager(  187): parameter-framework: } Configuration application request
03-03 15:02:31.443 D/EVENT_THREAD(  187): void CEventThread::run() Do poll with timeout: -1
03-03 15:02:31.443 D/RouteManager(  187): reconsiderRouting: DONE
03-03 15:02:31.463 D/        (21404): Pixel Format : GGL_PIXEL_FORMAT_RGBA_8888
03-03 15:02:31.463 W/IInputConnectionWrapper(18870): showStatusIcon on inactive InputConnection
03-03 15:02:31.463 D/        (21404): droid_create_context : config id = 1 conf->NativeVisualID=1
03-03 15:02:31.463 D/        (21404): Pixel Format : GGL_PIXEL_FORMAT_RGBA_8888
03-03 15:02:31.463 I/        (21404): Requested context : GLES 2.0
03-03 15:02:31.463 D/XT9IME  (26399): new subtype :en_US ,keyboard
03-03 15:02:31.473 D/        (21404): Swap interval set to = 1 value
03-03 15:02:31.593 D/ImageWallpaper(  570): onVisibilityChanged: mVisible, visible=true, false
03-03 15:02:31.593 D/ImageWallpaper(  570): Visibility changed to visible=false
03-03 15:02:31.603 D/ImageWallpaper(  570): Suppressed drawFrame since redraw is not needed and offsets have not changed.
03-03 15:02:31.773 D/        (21404): Pixel Format : GGL_PIXEL_FORMAT_RGBA_8888
03-03 15:02:31.773 D/        (21404): droid_create_context : config id = 1 conf->NativeVisualID=1
03-03 15:02:31.773 D/        (21404): Pixel Format : GGL_PIXEL_FORMAT_RGBA_8888
03-03 15:02:31.773 I/        (21404): Requested context : GLES 2.0
03-03 15:02:31.813 V/KeyguardHostView(  570): onDetachedFromWindow = com.android.keyguard.KeyguardHostView{222b3408 V.E..... ......ID 0,0-800,1280 #7f0a0029 app:id/keyguard_host_view}
03-03 15:02:32.213 W/BindingManager(21404): Cannot call determinedVisibility() - never saw a connection for the pid: 21404
03-03 15:02:33.243 W/BindingManager(21404): Cannot call determinedVisibility() - never saw a connection for the pid: 21404
03-03 15:02:35.033 W/BindingManager(21404): Cannot call determinedVisibility() - never saw a connection for the pid: 21404
03-03 15:02:35.283 D/PROPERTY(  187): get media.dump_output.befconv: 0
03-03 15:02:35.283 D/PROPERTY(  187): get media.dump_output.aftconv: 0
03-03 15:02:35.293 D/RouteManager(  187): stopStream: {+++ RECONSIDER ROUTING +++} due to output stream stop event
03-03 15:02:35.293 D/RouteManager(  187): reconsiderRouting
03-03 15:02:35.293 D/EVENT_THREAD(  187): void CEventThread::trig(uint16_t): in
03-03 15:02:35.293 D/EVENT_THREAD(  187): void CEventThread::trig(uint16_t): out
03-03 15:02:35.293 D/RouteManager(  187): doReconsiderRouting:       Platform State:
03-03 15:02:35.293 D/RouteManager(  187): doReconsiderRouting:          -Modem Alive = 0 
03-03 15:02:35.293 D/RouteManager(  187): doReconsiderRouting:          -Modem Call Active = 0 
03-03 15:02:35.293 D/RouteManager(  187): doReconsiderRouting:          -Is Shared I2S glitch free=1 
03-03 15:02:35.293 D/RouteManager(  187): doReconsiderRouting:          -Android Telephony Mode = Normal 
03-03 15:02:35.293 D/RouteManager(  187): doReconsiderRouting:          -RTE MGR HW Mode = Normal 
03-03 15:02:35.293 D/RouteManager(  187): doReconsiderRouting:          -BT Enabled = 1 
03-03 15:02:35.293 D/RouteManager(  187): doReconsiderRouting:          -BT NREC = 0 
03-03 15:02:35.293 D/RouteManager(  187): doReconsiderRouting:          -BT Band = NB 
03-03 15:02:35.293 D/RouteManager(  187): doReconsiderRouting:          -Platform output device = IHF 
03-03 15:02:35.293 D/RouteManager(  187): doReconsiderRouting:          -Platform input device = <none> 
03-03 15:02:35.293 D/RouteManager(  187): doReconsiderRouting:          -Platform input source = None 
03-03 15:02:35.293 D/RouteManager(  187): doReconsiderRouting:          -Platform Band type = NB 
03-03 15:02:35.293 D/RouteManager(  187): doReconsiderRouting:          -Platform Has Direct Stream = no 
03-03 15:02:35.293 D/RouteManager(  187): doReconsiderRouting:          -Platform TTY direction = <none> 
03-03 15:02:35.293 D/RouteManager(  187): doReconsiderRouting:          -Platform HAC Mode = Off 
03-03 15:02:35.293 D/RouteManager(  187): doReconsiderRouting:          -Platform Screen State = On 
03-03 15:02:35.293 D/RouteManager(  187): doReconsiderRouting:          -Platform Context Awareness = false 
03-03 15:02:35.293 D/RouteManager(  187): doReconsiderRouting:          -Platform Always Listening = false 
03-03 15:02:35.293 D/RouteManager(  187): doReconsiderRouting:          -Platform FM State = Off 
03-03 15:02:35.293 D/RouteManager(  187): doReconsiderRouting:          -Platform Bypass Non Linear PP State = Off 
03-03 15:02:35.293 D/RouteManager(  187): doReconsiderRouting:          -Platform Bypass Linear PP State = Off 
03-03 15:02:35.293 D/RouteManager(  187): doReconsiderRouting:          -Platform MicMute = Off 
03-03 15:02:35.293 D/RouteManager(  187): doReconsiderRouting:      Route state:
03-03 15:02:35.293 D/RouteManager(  187): doReconsiderRouting:          -Previously Enabled Route in Input = <none>
03-03 15:02:35.293 D/RouteManager(  187): doReconsiderRouting:          -Previously Enabled Route in Output = Media|HwCodecMedia
03-03 15:02:35.293 D/RouteManager(  187): doReconsiderRouting:          -Selected Route in Input = <none>
03-03 15:02:35.293 D/RouteManager(  187): doReconsiderRouting:          -Selected Route in Output = <none>
03-03 15:02:35.293 D/RouteManager(  187): doReconsiderRouting:          -Route that need reconfiguration in Input = <none>
03-03 15:02:35.293 D/RouteManager(  187): doReconsiderRouting:          -Route that need reconfiguration in Output = <none>
03-03 15:02:35.293 D/RouteManager(  187): executeMuteStage: --------------- Routing Stage = Mute ---------------
03-03 15:02:35.293 D/RouteManager(  187): parameter-framework: Selection criterion changed event: Criterion name: RoutageState, current state: Flow
03-03 15:02:35.293 D/RouteManager(  187): muteRoutes: Expected Routes to be muted in Output = Media|HwCodecMedia
03-03 15:02:35.293 D/RouteManager(  187): parameter-framework: Selection criterion changed event: Criterion name: ClosingPlaybackRoutes, current state: Media|HwCodecMedia
03-03 15:02:35.293 D/RouteManager(  187): parameter-framework: Selection criterion changed event: Criterion name: OpenedPlaybackRoutes, current state: <none>
03-03 15:02:35.293 D/RouteManager(  187): parameter-framework: Configuration application request {
03-03 15:02:35.293 D/RouteManager(  187): parameter-framework:     Applying configurations {
03-03 15:02:35.293 D/RouteManager(  187): parameter-framework:     } Applying configurations
03-03 15:02:35.293 D/RouteManager(  187): parameter-framework: } Configuration application request
03-03 15:02:35.293 D/RouteManager(  187): executeDisableStage: --------------- Routing Stage = Disable ---------------
03-03 15:02:35.293 D/RouteManager(  187): parameter-framework: Selection criterion changed event: Criterion name: RoutageState, current state: Path
03-03 15:02:35.293 D/RouteManager(  187): prepareDisableRoutes: Routes to be disabled(unrouted) in Output = Media|HwCodecMedia
03-03 15:02:35.293 D/ALSAStreamOps(  187): detachRouteL output stream
03-03 15:02:35.293 D/RouteManager/StreamRoute(  187): closePcmDevice called for card (baytrailaudio,0)
03-03 15:02:35.313 D/RouteManager(  187): parameter-framework: Configuration application request {
03-03 15:02:35.313 D/RouteManager(  187): parameter-framework:     Applying configurations {
03-03 15:02:35.313 D/RouteManager(  187): parameter-framework:         Applying configuration "Disable" from domain "Routing.Enable.HWCodec.Playback.IHF"
03-03 15:02:35.313 D/RouteManager(  187): parameter-framework:         Applying configuration "Disable" from domain "Routing.Enable.HWCodec.Playback.Multimedia.IHF"
03-03 15:02:35.313 D/RouteManager(  187): parameter-framework:         Applying configuration "Disable" from domain "Routing.Enable.HWCodec.Playback.Multimedia.Playback"
03-03 15:02:35.323 D/RouteManager(  187): parameter-framework:     } Applying configurations
03-03 15:02:35.323 D/RouteManager(  187): parameter-framework: } Configuration application request
03-03 15:02:35.323 D/RouteManager(  187): executeConfigureStage: --------------- Routing Stage = Configure ---------------
03-03 15:02:35.323 D/RouteManager(  187): parameter-framework: Selection criterion changed event: Criterion name: RoutageState, current state: Configure
03-03 15:02:35.323 D/RouteManager(  187): parameter-framework: Selection criterion changed event: Criterion name: ClosingPlaybackRoutes, current state: <none>
03-03 15:02:35.323 D/RouteManager(  187): parameter-framework: Configuration application request {
03-03 15:02:35.323 D/RouteManager(  187): parameter-framework:     Applying configurations {
03-03 15:02:35.323 D/RouteManager(  187): parameter-framework:         Applying configuration "Deactivated" from domain "Routing.Configure.LPE_Mixer.IHF"
03-03 15:02:35.323 D/RouteManager(  187): parameter-framework:     } Applying configurations
03-03 15:02:35.323 D/RouteManager(  187): parameter-framework: } Configuration application request
03-03 15:02:35.323 D/RouteManager(  187): executeEnableStage: --------------- Routing Stage = Enable ---------------
03-03 15:02:35.323 D/RouteManager(  187): parameter-framework: Selection criterion changed event: Criterion name: RoutageState, current state: Path|Configure
03-03 15:02:35.323 D/RouteManager(  187): parameter-framework: Configuration application request {
03-03 15:02:35.323 D/RouteManager(  187): parameter-framework:     Applying configurations {
03-03 15:02:35.323 D/RouteManager(  187): parameter-framework:     } Applying configurations
03-03 15:02:35.323 D/RouteManager(  187): parameter-framework: } Configuration application request
03-03 15:02:35.323 D/RouteManager(  187): executeUnmuteStage: --------------- Routing Stage = Unmute ---------------
03-03 15:02:35.323 D/RouteManager(  187): parameter-framework: Selection criterion changed event: Criterion name: RoutageState, current state: Flow|Path|Configure
03-03 15:02:35.323 D/RouteManager(  187): parameter-framework: Configuration application request {
03-03 15:02:35.323 D/RouteManager(  187): parameter-framework:     Applying configurations {
03-03 15:02:35.323 D/RouteManager(  187): parameter-framework:     } Applying configurations
03-03 15:02:35.323 D/RouteManager(  187): parameter-framework: } Configuration application request
03-03 15:02:35.323 D/EVENT_THREAD(  187): void CEventThread::run() Do poll with timeout: -1
03-03 15:02:35.323 D/RouteManager(  187): reconsiderRouting: DONE
03-03 15:02:35.863 W/BindingManager(21404): Cannot call determinedVisibility() - never saw a connection for the pid: 21404
03-03 15:02:36.853 W/BindingManager(21404): Cannot call determinedVisibility() - never saw a connection for the pid: 21404
03-03 15:02:38.053 W/BindingManager(21404): Cannot call determinedVisibility() - never saw a connection for the pid: 21404
03-03 15:02:38.213 W/BindingManager(21404): Cannot call determinedVisibility() - never saw a connection for the pid: 21404
03-03 15:02:38.213 W/BindingManager(21404): Cannot call determinedVisibility() - never saw a connection for the pid: 21404
03-03 15:02:38.223 W/BindingManager(21404): Cannot call determinedVisibility() - never saw a connection for the pid: 21404
03-03 15:02:38.273 W/BindingManager(21404): Cannot call determinedVisibility() - never saw a connection for the pid: 21404
03-03 15:02:38.333 W/BindingManager(21404): Cannot call determinedVisibility() - never saw a connection for the pid: 21404
03-03 15:02:38.403 W/BindingManager(21404): Cannot call determinedVisibility() - never saw a connection for the pid: 21404
03-03 15:02:38.413 W/BindingManager(21404): Cannot call determinedVisibility() - never saw a connection for the pid: 21404
03-03 15:02:38.473 W/BindingManager(21404): Cannot call determinedVisibility() - never saw a connection for the pid: 21404
03-03 15:02:38.523 W/BindingManager(21404): Cannot call determinedVisibility() - never saw a connection for the pid: 21404
03-03 15:02:38.533 W/BindingManager(21404): Cannot call determinedVisibility() - never saw a connection for the pid: 21404
03-03 15:02:38.533 W/BindingManager(21404): Cannot call determinedVisibility() - never saw a connection for the pid: 21404
03-03 15:02:38.593 W/BindingManager(21404): Cannot call determinedVisibility() - never saw a connection for the pid: 21404
03-03 15:02:38.633 W/BindingManager(21404): Cannot call determinedVisibility() - never saw a connection for the pid: 21404
03-03 15:02:38.693 W/BindingManager(21404): Cannot call determinedVisibility() - never saw a connection for the pid: 21404
03-03 15:02:38.703 W/BindingManager(21404): Cannot call determinedVisibility() - never saw a connection for the pid: 21404
03-03 15:02:38.723 W/BindingManager(21404): Cannot call determinedVisibility() - never saw a connection for the pid: 21404
03-03 15:02:38.733 W/BindingManager(21404): Cannot call determinedVisibility() - never saw a connection for the pid: 21404
03-03 15:02:38.783 W/BindingManager(21404): Cannot call determinedVisibility() - never saw a connection for the pid: 21404
03-03 15:02:38.793 W/BindingManager(21404): Cannot call determinedVisibility() - never saw a connection for the pid: 21404
03-03 15:02:41.753 W/BindingManager(21404): Cannot call determinedVisibility() - never saw a connection for the pid: 21404
03-03 15:02:41.963 W/BindingManager(21404): Cannot call determinedVisibility() - never saw a connection for the pid: 21404
03-03 15:02:42.173 W/BindingManager(21404): Cannot call determinedVisibility() - never saw a connection for the pid: 21404
03-03 15:02:42.183 W/BindingManager(21404): Cannot call determinedVisibility() - never saw a connection for the pid: 21404
03-03 15:02:42.183 W/BindingManager(21404): Cannot call determinedVisibility() - never saw a connection for the pid: 21404
03-03 15:02:42.253 W/BindingManager(21404): Cannot call determinedVisibility() - never saw a connection for the pid: 21404
03-03 15:02:42.303 W/BindingManager(21404): Cannot call determinedVisibility() - never saw a connection for the pid: 21404
03-03 15:02:42.393 W/BindingManager(21404): Cannot call determinedVisibility() - never saw a connection for the pid: 21404
03-03 15:02:42.443 W/BindingManager(21404): Cannot call determinedVisibility() - never saw a connection for the pid: 21404
03-03 15:02:42.593 W/BindingManager(21404): Cannot call determinedVisibility() - never saw a connection for the pid: 21404
03-03 15:02:42.643 W/BindingManager(21404): Cannot call determinedVisibility() - never saw a connection for the pid: 21404
03-03 15:02:44.813 W/BindingManager(21404): Cannot call determinedVisibility() - never saw a connection for the pid: 21404
03-03 15:02:45.203 W/BindingManager(21404): Cannot call determinedVisibility() - never saw a connection for the pid: 21404
03-03 15:02:45.303 W/BindingManager(21404): Cannot call determinedVisibility() - never saw a connection for the pid: 21404
03-03 15:02:45.413 W/BindingManager(21404): Cannot call determinedVisibility() - never saw a connection for the pid: 21404
03-03 15:02:45.533 W/BindingManager(21404): Cannot call determinedVisibility() - never saw a connection for the pid: 21404
03-03 15:02:47.683 W/ufoGralloc(  172): registerBuffer() handle 0xb839b5f0/86 didn't require registration
03-03 15:02:47.713 D/WindowManager(  506): adjustConfigurationLw, config:{1.0 ?mcc?mnc ?locale ?layoutDir sw600dp w600dp h888dp 213dpi lrg port ?uimode ?night finger -keyb/v/h -nav/v} mLidState:1 mHasDockFeature:false mHasKeyboardFeature:false mHasHallSensorFeature:true config.hardKeyboardHidden:2
03-03 15:02:47.713 I/ActivityManager(  506): [TopPkgCurBat]	NowPkgName[com.chrome.beta]	Battery[79]	TimeTick[1425366167732]	OldPkgName[org.xwalk.webapi_service_tests]
03-03 15:02:47.913 D/        (18870): Pixel Format : GGL_PIXEL_FORMAT_RGBA_8888
03-03 15:02:47.953 D/XT9IME  (26399): new subtype :en_US ,keyboard
03-03 15:02:47.963 D/XT9IME  (26399): new subtype :en_US ,keyboard
03-03 15:02:47.973 D/        (18931): Pixel Format : GGL_PIXEL_FORMAT_RGBA_8888
03-03 15:02:47.973 D/        (18931): droid_create_context : config id = 1 conf->NativeVisualID=1
03-03 15:02:47.973 D/        (18931): Pixel Format : GGL_PIXEL_FORMAT_RGBA_8888
03-03 15:02:47.973 I/        (18931): Requested context : GLES 2.0
03-03 15:02:47.983 D/        (21404): Surface destroy: ANDROID_NATIVE_WINDOW_MAGIC
03-03 15:02:47.993 D/        (21404): Surface destroy: ANDROID_NATIVE_WINDOW_MAGIC
03-03 15:02:47.993 D/        (18931): Swap interval set to = 1 value
03-03 15:02:48.003 W/IInputConnectionWrapper(21404): showStatusIcon on inactive InputConnection
03-03 15:02:48.083 D/BatteryStatsImpl(  506): noteStopWakeLocked system isFromForeground = false
03-03 15:02:48.673 I/ActivityManager(  506): Killing 21298:com.android.keychain/1000 (adj 15): empty #9
03-03 15:02:48.683 D/        (21404): Pixel Format : GGL_PIXEL_FORMAT_RGBA_8888
03-03 15:02:48.683 I/SecurityManagerService(  621): SMS received security event: App[STOP/com.android.keychain]
03-03 15:02:48.693 W/ScreenOrientationListener(21404): Removing an inexistent observer!
03-03 15:02:48.833 D/AndroidRuntime(21825): 
03-03 15:02:48.833 D/AndroidRuntime(21825): >>>>>> AndroidRuntime START com.android.internal.os.RuntimeInit <<<<<<
03-03 15:02:48.833 D/AndroidRuntime(21825): CheckJNI is OFF
03-03 15:02:48.833 I/AndroidRuntime(21825): Kernel Release Version: 3.10.20-gf818079
03-03 15:02:48.833 I/dalvikvm(21825): No library specified. The standard exception handler will be used
03-03 15:02:48.843 I/dalvikvm(21825): 
03-03 15:02:48.843 I/dalvikvm(21825): +++++++++++++ Using PCG. +++++++++++++++++++++
03-03 15:02:48.853 D/dalvikvm(21825): Trying to load lib libjavacore.so 0x0
03-03 15:02:48.853 D/dalvikvm(21825): Added shared lib libjavacore.so 0x0
03-03 15:02:48.853 D/dalvikvm(21825): Trying to load lib libnativehelper.so 0x0
03-03 15:02:48.853 D/dalvikvm(21825): Added shared lib libnativehelper.so 0x0
03-03 15:02:48.853 D/dalvikvm(21825): No JNI_OnLoad found in libnativehelper.so 0x0, skipping init
03-03 15:02:48.863 D/dalvikvm(21825): Extra Options: not specified
03-03 15:02:48.883 D/dalvikvm(21825): Note: class Landroid/app/ActivityManagerNative; has 186 unimplemented (abstract) methods
03-03 15:02:48.963 E/memtrack(21825): Couldn't load memtrack module (No such file or directory)
03-03 15:02:48.963 E/android.os.Debug(21825): failed to load memtrack module: -2
03-03 15:02:49.013 D/AndroidRuntime(21825): Calling main entry com.android.commands.am.Am
03-03 15:02:49.033 I/ActivityManager(  506): Force stopping org.xwalk.webapi_service_tests appid=10373 user=0: from pid 21825
03-03 15:02:49.033 I/SecurityManagerService(  621): SMS received security event: App[STOP/org.xwalk.webapi_service_tests]
03-03 15:02:49.033 I/ActivityManager(  506): Killing 21404:org.xwalk.webapi_service_tests/u0a373 (adj 9): stop org.xwalk.webapi_service_tests
03-03 15:02:49.043 D/AndroidRuntime(21825): Shutting down VM
03-03 15:02:49.043 D/dalvikvm(21825): GC_CONCURRENT freed 108K, 16% free 638K/760K, paused 0ms+0ms, total 1ms
03-03 15:02:49.053 D/dalvikvm(21825): Compiler shutdown in progress - discarding request
03-03 15:02:49.053 D/dalvikvm(21825): Compiler shutdown in progress - discarding request
03-03 15:02:49.053 D/dalvikvm(21825): Compiler shutdown in progress - discarding request
03-03 15:02:49.053 D/dalvikvm(21825): Compiler shutdown in progress - discarding request
03-03 15:02:49.053 D/dalvikvm(21825): Compiler shutdown in progress - discarding request
03-03 15:02:49.053 D/dalvikvm(21825): Compiler shutdown in progress - discarding request
03-03 15:02:49.053 D/dalvikvm(21825): Compiler shutdown in progress - discarding request
03-03 15:02:49.053 D/dalvikvm(21825): Compiler shutdown in progress - discarding request
03-03 15:02:49.053 D/dalvikvm(21825): Compiler shutdown in progress - discarding request
03-03 15:02:49.053 D/dalvikvm(21825): Compiler shutdown in progress - discarding request
03-03 15:02:49.053 D/dalvikvm(21825): Compiler shutdown in progress - discarding request
03-03 15:02:49.053 D/dalvikvm(21825): Compiler shutdown in progress - discarding request
03-03 15:02:49.053 D/dalvikvm(21825): Compiler shutdown in progress - discarding request
03-03 15:02:49.053 D/dalvikvm(21825): Compiler shutdown in progress - discarding request
03-03 15:02:49.053 D/dalvikvm(21825): Compiler shutdown in progress - discarding request
03-03 15:02:49.053 D/dalvikvm(21825): Compiler shutdown in progress - discarding request
03-03 15:02:49.053 D/dalvikvm(21825): Compiler shutdown in progress - discarding request
03-03 15:02:49.053 D/dalvikvm(21825): Compiler shutdown in progress - discarding request
03-03 15:02:49.053 D/dalvikvm(21825): Compiler shutdown in progress - discarding request
03-03 15:02:49.053 D/dalvikvm(21825): Compiler shutdown in progress - discarding request
03-03 15:02:49.053 D/dalvikvm(21825): Compiler shutdown in progress - discarding request
03-03 15:02:49.053 D/dalvikvm(21825): Compiler shutdown in progress - discarding request
03-03 15:02:49.053 D/dalvikvm(21825): Compiler shutdown in progress - discarding request
03-03 15:02:49.053 D/dalvikvm(21825): Compiler shutdown in progress - discarding request
03-03 15:02:49.053 D/dalvikvm(21825): Compiler shutdown in progress - discarding request
03-03 15:02:49.053 D/dalvikvm(21825): Compiler shutdown in progress - discarding request
03-03 15:02:49.053 D/dalvikvm(21825): Compiler shutdown in progress - discarding request
03-03 15:02:49.053 D/dalvikvm(21825): Compiler shutdown in progress - discarding request
03-03 15:02:49.053 D/dalvikvm(21825): Compiler shutdown in progress - discarding request
03-03 15:02:49.053 D/dalvikvm(21825): Compiler shutdown in progress - discarding request
03-03 15:02:49.053 D/dalvikvm(21825): Compiler shutdown in progress - discarding request
03-03 15:02:49.053 D/dalvikvm(21825): Compiler shutdown in progress - discarding request
03-03 15:02:49.053 D/dalvikvm(21825): Compiler shutdown in progress - discarding request
03-03 15:02:49.053 D/dalvikvm(21825): Compiler shutdown in progress - discarding request
03-03 15:02:49.053 D/dalvikvm(21825): Compiler shutdown in progress - discarding request
03-03 15:02:49.053 D/dalvikvm(21825): Compiler shutdown in progress - discarding request
03-03 15:02:49.053 D/dalvikvm(21825): Compiler shutdown in progress - discarding request
03-03 15:02:49.053 D/dalvikvm(21825): Compiler shutdown in progress - discarding request
03-03 15:02:49.053 D/dalvikvm(21825): Compiler shutdown in progress - discarding request
03-03 15:02:49.053 D/dalvikvm(21825): Compiler shutdown in progress - discarding request
03-03 15:02:49.053 D/dalvikvm(21825): Compiler shutdown in progress - discarding request
03-03 15:02:49.053 D/dalvikvm(21825): Compiler shutdown in progress - discarding request
--------- beginning of /dev/log/main
03-03 15:02:52.363 D/AndroidRuntime(21849): 
03-03 15:02:52.363 D/AndroidRuntime(21849): >>>>>> AndroidRuntime START com.android.internal.os.RuntimeInit <<<<<<
03-03 15:02:52.363 D/AndroidRuntime(21849): CheckJNI is OFF
03-03 15:02:52.363 I/AndroidRuntime(21849): Kernel Release Version: 3.10.20-gf818079
03-03 15:02:52.363 I/dalvikvm(21849): No library specified. The standard exception handler will be used
03-03 15:02:52.363 I/dalvikvm(21849): 
03-03 15:02:52.363 I/dalvikvm(21849): +++++++++++++ Using PCG. +++++++++++++++++++++
03-03 15:02:52.373 D/dalvikvm(21849): Trying to load lib libjavacore.so 0x0
03-03 15:02:52.373 D/dalvikvm(21849): Added shared lib libjavacore.so 0x0
03-03 15:02:52.383 D/dalvikvm(21849): Trying to load lib libnativehelper.so 0x0
03-03 15:02:52.383 D/dalvikvm(21849): Added shared lib libnativehelper.so 0x0
03-03 15:02:52.383 D/dalvikvm(21849): No JNI_OnLoad found in libnativehelper.so 0x0, skipping init
03-03 15:02:52.383 D/dalvikvm(21849): Extra Options: not specified
03-03 15:02:52.393 D/dalvikvm(21849): Note: class Landroid/app/ActivityManagerNative; has 186 unimplemented (abstract) methods
03-03 15:02:52.473 E/memtrack(21849): Couldn't load memtrack module (No such file or directory)
03-03 15:02:52.473 E/android.os.Debug(21849): failed to load memtrack module: -2
03-03 15:02:52.503 D/AndroidRuntime(21849): Calling main entry com.android.commands.am.Am
03-03 15:02:52.533 D/AndroidRuntime(21849): Shutting down VM
03-03 15:02:52.533 D/dalvikvm(21849): GC_CONCURRENT freed 108K, 16% free 638K/760K, paused 0ms+0ms, total 1ms
03-03 15:02:52.533 D/dalvikvm(21849): Compiler shutdown in progress - discarding request
03-03 15:02:52.533 D/dalvikvm(21849): Compiler shutdown in progress - discarding request
03-03 15:02:52.533 D/dalvikvm(21849): Compiler shutdown in progress - discarding request
03-03 15:02:52.533 D/dalvikvm(21849): Compiler shutdown in progress - discarding request
03-03 15:02:52.533 D/dalvikvm(21849): Compiler shutdown in progress - discarding request
03-03 15:02:52.533 D/dalvikvm(21849): Compiler shutdown in progress - discarding request
03-03 15:02:52.533 D/dalvikvm(21849): Compiler shutdown in progress - discarding request
03-03 15:02:52.533 D/dalvikvm(21849): Compiler shutdown in progress - discarding request
03-03 15:02:52.533 D/dalvikvm(21849): Compiler shutdown in progress - discarding request
03-03 15:02:52.533 D/dalvikvm(21849): Compiler shutdown in progress - discarding request
03-03 15:02:52.533 D/dalvikvm(21849): Compiler shutdown in progress - discarding request
03-03 15:02:52.533 D/dalvikvm(21849): Compiler shutdown in progress - discarding request
03-03 15:02:52.533 D/dalvikvm(21849): Compiler shutdown in progress - discarding request
03-03 15:02:52.533 D/dalvikvm(21849): Compiler shutdown in progress - discarding request
03-03 15:02:52.533 D/dalvikvm(21849): Compiler shutdown in progress - discarding request
03-03 15:02:52.533 D/dalvikvm(21849): Compiler shutdown in progress - discarding request
03-03 15:02:52.533 D/dalvikvm(21849): Compiler shutdown in progress - discarding request
03-03 15:02:52.533 D/dalvikvm(21849): Compiler shutdown in progress - discarding request
03-03 15:02:52.533 D/dalvikvm(21849): Compiler shutdown in progress - discarding request
03-03 15:02:52.533 D/dalvikvm(21849): Compiler shutdown in progress - discarding request
03-03 15:02:52.533 D/dalvikvm(21849): Compiler shutdown in progress - discarding request
03-03 15:02:52.533 D/dalvikvm(21849): Compiler shutdown in progress - discarding request
03-03 15:02:52.533 D/dalvikvm(21849): Compiler shutdown in progress - discarding request
03-03 15:02:52.533 D/dalvikvm(21849): Compiler shutdown in progress - discarding request
03-03 15:02:52.533 D/dalvikvm(21849): Compiler shutdown in progress - discarding request
03-03 15:02:52.533 D/dalvikvm(21849): Compiler shutdown in progress - discarding request
03-03 15:02:52.533 D/dalvikvm(21849): Compiler shutdown in progress - discarding request
03-03 15:02:52.533 D/dalvikvm(21849): Compiler shutdown in progress - discarding request
03-03 15:02:52.533 D/dalvikvm(21849): Compiler shutdown in progress - discarding request
03-03 15:02:52.533 D/dalvikvm(21849): Compiler shutdown in progress - discarding request
03-03 15:02:52.533 D/dalvikvm(21849): Compiler shutdown in progress - discarding request
03-03 15:02:52.533 D/dalvikvm(21849): Compiler shutdown in progress - discarding request
03-03 15:02:52.533 D/dalvikvm(21849): Compiler shutdown in progress - discarding request
03-03 15:02:52.533 D/dalvikvm(21849): Compiler shutdown in progress - discarding request
03-03 15:02:52.533 D/dalvikvm(21849): Compiler shutdown in progress - discarding request
03-03 15:02:52.533 D/dalvikvm(21849): Compiler shutdown in progress - discarding request
03-03 15:02:52.533 D/dalvikvm(21849): Compiler shutdown in progress - discarding request
03-03 15:02:52.533 D/dalvikvm(21849): Compiler shutdown in progress - discarding request
03-03 15:02:52.533 D/dalvikvm(21849): Compiler shutdown in progress - discarding request
03-03 15:02:52.533 D/dalvikvm(21849): Compiler shutdown in progress - discarding request
03-03 15:02:52.533 D/dalvikvm(21849): Compiler shutdown in progress - discarding request
03-03 15:02:52.533 D/dalvikvm(21849): Compiler shutdown in progress - discarding request
03-03 15:02:52.533 D/dalvikvm(21849): Compiler shutdown in progress - discarding request
03-03 15:02:52.533 D/dalvikvm(21849): Compiler shutdown in progress - discarding request
03-03 15:02:52.533 D/dalvikvm(21849): Compiler shutdown in progress - discarding request
03-03 15:02:52.533 D/dalvikvm(21849): Compiler shutdown in progress - discarding request
03-03 15:02:52.533 D/dalvikvm(21849): Compiler shutdown in progress - discarding request
--------- beginning of /dev/log/system
03-03 15:02:52.533 I/ActivityManager(  506): Force stopping org.xwalk.webapi_service_tests appid=10373 user=0: from pid 21849
03-03 15:02:52.813 D/DelayedSyncController(18870): No delayed sync.
03-03 15:02:52.843 D/AlarmManager(  506): Added alarm Alarm{223b9858 type 0 com.baidu.BaiduMap} type:RTC_WAKEUP when: At 15-3-3 下午3:06 repeatInterval: 0h:10m:0.0s
03-03 15:02:52.853 D/AlarmManager(  506): Added alarm Alarm{224990f8 type 0 android} type:RTC_WAKEUP when: At 15-3-3 下午3:30 repeatInterval: 0h:30m:0.0s
03-03 15:02:52.863 D/AlarmManager(  506): Added alarm Alarm{21f7c828 type 0 com.wandoujia.phoenix2} type:RTC_WAKEUP when: At 15-3-3 下午5:25
03-03 15:02:52.873 V/ExponentialBackoffScheduler(18870): now(Tue Mar 03 15:02:52 GMT+08:00 2015) refiringAt(Tue Mar 03 18:06:42 GMT+08:00 2015)
03-03 15:02:52.873 D/AlarmManager(  506): Added alarm Alarm{224b3490 type 0 com.baidu.BaiduMap} type:RTC_WAKEUP when: At 15-3-3 下午3:06 repeatInterval: 0h:10m:0.0s
03-03 15:02:52.893 D/AlarmManager(  506): Added alarm Alarm{2210c030 type 0 android} type:RTC_WAKEUP when: At 15-3-3 下午3:30 repeatInterval: 0h:30m:0.0s
03-03 15:02:52.893 D/AlarmManager(  506): Added alarm Alarm{223abc30 type 0 com.wandoujia.phoenix2} type:RTC_WAKEUP when: At 15-3-3 下午4:08
03-03 15:02:52.893 D/AlarmManager(  506): Added alarm Alarm{22413628 type 0 com.wandoujia.phoenix2} type:RTC_WAKEUP when: At 15-3-3 下午5:25
03-03 15:02:53.153 D/AndroidRuntime(21861): 
03-03 15:02:53.153 D/AndroidRuntime(21861): >>>>>> AndroidRuntime START com.android.internal.os.RuntimeInit <<<<<<
03-03 15:02:53.153 D/AndroidRuntime(21861): CheckJNI is OFF
03-03 15:02:53.153 I/AndroidRuntime(21861): Kernel Release Version: 3.10.20-gf818079
03-03 15:02:53.153 I/dalvikvm(21861): No library specified. The standard exception handler will be used
03-03 15:02:53.153 I/dalvikvm(21861): 
03-03 15:02:53.153 I/dalvikvm(21861): +++++++++++++ Using PCG. +++++++++++++++++++++
03-03 15:02:53.153 D/dalvikvm(21861): Trying to load lib libjavacore.so 0x0
03-03 15:02:53.153 D/dalvikvm(21861): Added shared lib libjavacore.so 0x0
03-03 15:02:53.163 D/dalvikvm(21861): Trying to load lib libnativehelper.so 0x0
03-03 15:02:53.163 D/dalvikvm(21861): Added shared lib libnativehelper.so 0x0
03-03 15:02:53.163 D/dalvikvm(21861): No JNI_OnLoad found in libnativehelper.so 0x0, skipping init
03-03 15:02:53.163 D/dalvikvm(21861): Extra Options: not specified
03-03 15:02:53.183 D/dalvikvm(21861): Note: class Landroid/app/ActivityManagerNative; has 186 unimplemented (abstract) methods
03-03 15:02:53.253 E/memtrack(21861): Couldn't load memtrack module (No such file or directory)
03-03 15:02:53.253 E/android.os.Debug(21861): failed to load memtrack module: -2
03-03 15:02:53.283 D/AndroidRuntime(21861): Calling main entry com.android.commands.am.Am
03-03 15:02:53.323 D/AndroidRuntime(21861): Shutting down VM
03-03 15:02:53.323 D/dalvikvm(21861): GC_CONCURRENT freed 112K, 16% free 674K/800K, paused 0ms+0ms, total 1ms
03-03 15:02:53.323 I/ActivityManager(  506): START u0 {flg=0x10000000 cmp=org.xwalk.webapi_service_tests/.webapi_service_testsActivity} from pid 21861
03-03 15:02:53.343 D/dalvikvm(21861): Compiler shutdown in progress - discarding request
03-03 15:02:53.343 D/dalvikvm(21861): Compiler shutdown in progress - discarding request
03-03 15:02:53.343 D/dalvikvm(21861): Compiler shutdown in progress - discarding request
03-03 15:02:53.343 D/dalvikvm(21861): Compiler shutdown in progress - discarding request
03-03 15:02:53.343 D/dalvikvm(21861): Compiler shutdown in progress - discarding request
03-03 15:02:53.343 D/dalvikvm(21861): Compiler shutdown in progress - discarding request
03-03 15:02:53.343 D/dalvikvm(21861): Compiler shutdown in progress - discarding request
03-03 15:02:53.343 D/dalvikvm(21861): Compiler shutdown in progress - discarding request
03-03 15:02:53.343 D/dalvikvm(21861): Compiler shutdown in progress - discarding request
03-03 15:02:53.343 D/dalvikvm(21861): Compiler shutdown in progress - discarding request
03-03 15:02:53.343 D/dalvikvm(21861): Compiler shutdown in progress - discarding request
03-03 15:02:53.343 D/dalvikvm(21861): Compiler shutdown in progress - discarding request
03-03 15:02:53.343 D/dalvikvm(21861): Compiler shutdown in progress - discarding request
03-03 15:02:53.343 D/dalvikvm(21861): Compiler shutdown in progress - discarding request
03-03 15:02:53.343 D/dalvikvm(21861): Compiler shutdown in progress - discarding request
03-03 15:02:53.343 D/dalvikvm(21861): Compiler shutdown in progress - discarding request
03-03 15:02:53.343 D/dalvikvm(21861): Compiler shutdown in progress - discarding request
03-03 15:02:53.343 D/dalvikvm(21861): Compiler shutdown in progress - discarding request
03-03 15:02:53.343 D/dalvikvm(21861): Compiler shutdown in progress - discarding request
03-03 15:02:53.343 D/dalvikvm(21861): Compiler shutdown in progress - discarding request
03-03 15:02:53.343 D/dalvikvm(21861): Compiler shutdown in progress - discarding request
03-03 15:02:53.343 D/dalvikvm(21861): Compiler shutdown in progress - discarding request
03-03 15:02:53.343 D/dalvikvm(21861): Compiler shutdown in progress - discarding request
03-03 15:02:53.343 D/dalvikvm(21861): Compiler shutdown in progress - discarding request
03-03 15:02:53.343 D/dalvikvm(21861): Compiler shutdown in progress - discarding request
03-03 15:02:53.343 D/dalvikvm(21861): Compiler shutdown in progress - discarding request
03-03 15:02:53.343 D/dalvikvm(21861): Compiler shutdown in progress - discarding request
03-03 15:02:53.343 D/dalvikvm(21861): Compiler shutdown in progress - discarding request
03-03 15:02:53.343 D/dalvikvm(21861): Compiler shutdown in progress - discarding request
03-03 15:02:53.343 D/dalvikvm(21861): Compiler shutdown in progress - discarding request
03-03 15:02:53.343 D/dalvikvm(21861): Compiler shutdown in progress - discarding request
03-03 15:02:53.343 D/dalvikvm(21861): Compiler shutdown in progress - discarding request
03-03 15:02:53.343 D/dalvikvm(21861): Compiler shutdown in progress - discarding request
03-03 15:02:53.343 D/dalvikvm(21861): Compiler shutdown in progress - discarding request
03-03 15:02:53.343 D/dalvikvm(21861): Compiler shutdown in progress - discarding request
03-03 15:02:53.343 D/dalvikvm(21861): Compiler shutdown in progress - discarding request
03-03 15:02:53.343 D/dalvikvm(21861): Compiler shutdown in progress - discarding request
03-03 15:02:53.343 D/dalvikvm(21861): Compiler shutdown in progress - discarding request
