03-03 15:25:11.453 D/wpa_supplicant(  659): wlan0:    skip - SSID mismatch
03-03 15:25:11.453 D/wpa_supplicant(  659): wlan0: 5: c4:17:fe:3f:4f:fb ssid='cmcm' wpa_ie_len=0 rsn_ie_len=20 caps=0x511 level=-66
03-03 15:25:11.453 D/wpa_supplicant(  659): wlan0:    skip - SSID mismatch
03-03 15:25:11.453 D/wpa_supplicant(  659): wlan0: 6: e4:d3:32:c0:cf:a4 ssid='fast' wpa_ie_len=0 rsn_ie_len=20 caps=0x411 level=-68
03-03 15:25:11.453 D/wpa_supplicant(  659): wlan0:    skip - SSID mismatch
03-03 15:25:11.453 D/wpa_supplicant(  659): wlan0: 7: b0:48:7a:51:ff:cc ssid='Neusoft TP' wpa_ie_len=22 rsn_ie_len=20 caps=0x431 level=-68 wps
03-03 15:25:11.453 D/wpa_supplicant(  659): wlan0:    skip - SSID mismatch
03-03 15:25:11.453 D/wpa_supplicant(  659): wlan0: 8: 14:d6:4d:28:ef:c8 ssid='dlink' wpa_ie_len=0 rsn_ie_len=20 caps=0x431 level=-68 wps
03-03 15:25:11.453 D/wpa_supplicant(  659): wlan0:    skip - SSID mismatch
03-03 15:25:11.453 D/wpa_supplicant(  659): wlan0: 9: 22:48:9a:ac:31:5b ssid='dean1' wpa_ie_len=0 rsn_ie_len=20 caps=0x431 level=-73
03-03 15:25:11.453 D/wpa_supplicant(  659): wlan0:    skip - SSID mismatch
03-03 15:25:11.453 D/wpa_supplicant(  659): wlan0: 10: 18:dc:56:b2:b6:3d ssid='AP_7620L-B63D' wpa_ie_len=0 rsn_ie_len=20 caps=0x431 level=-84
03-03 15:25:11.453 D/wpa_supplicant(  659): wlan0:    skip - SSID mismatch
03-03 15:25:11.453 D/wpa_supplicant(  659): wlan0: 11: 10:c3:7b:d2:e5:e0 ssid='ASUS_RT-AC66U-2.4G' wpa_ie_len=0 rsn_ie_len=20 caps=0x411 level=-93 wps
03-03 15:25:11.453 D/wpa_supplicant(  659): wlan0:    skip - SSID mismatch
03-03 15:25:11.453 D/wpa_supplicant(  659): wlan0: 12: 44:94:fc:3d:da:38 ssid='6300' wpa_ie_len=0 rsn_ie_len=0 caps=0x411 level=-50
03-03 15:25:11.453 D/wpa_supplicant(  659): wlan0:    skip - SSID mismatch
03-03 15:25:11.453 D/wpa_supplicant(  659): wlan0: 13: 7a:24:af:24:0f:48 ssid='DIRECT-' wpa_ie_len=0 rsn_ie_len=0 caps=0x410 level=-54
03-03 15:25:11.453 D/wpa_supplicant(  659): wlan0:    skip - SSID mismatch
03-03 15:25:11.453 D/wpa_supplicant(  659): wlan0: 14: c0:c1:c0:76:81:3c ssid='E2000' wpa_ie_len=0 rsn_ie_len=0 caps=0x401 level=-62 wps
03-03 15:25:11.453 D/wpa_supplicant(  659): wlan0:    skip - SSID mismatch
03-03 15:25:11.453 D/wpa_supplicant(  659): wlan0: 15: 50:bd:5f:4b:29:92 ssid='Internet-2' wpa_ie_len=0 rsn_ie_len=0 caps=0x421 level=-66
03-03 15:25:11.453 D/wpa_supplicant(  659): wlan0:    skip - SSID mismatch
03-03 15:25:11.453 D/wpa_supplicant(  659): wlan0: 16: 00:25:86:5c:5e:30 ssid='internet' wpa_ie_len=0 rsn_ie_len=0 caps=0x421 level=-80
03-03 15:25:11.453 D/wpa_supplicant(  659): wlan0:    skip - SSID mismatch
03-03 15:25:11.453 D/wpa_supplicant(  659): wlan0: Selecting BSS from priority group 18
03-03 15:25:11.453 D/wpa_supplicant(  659): wlan0: 0: f8:d1:11:e7:99:e8 ssid='videotest' wpa_ie_len=22 rsn_ie_len=20 caps=0x531 level=-48 wps
03-03 15:25:11.453 D/wpa_supplicant(  659): wlan0:    skip - SSID mismatch
03-03 15:25:11.453 D/wpa_supplicant(  659): wlan0: 1: 90:94:e4:03:45:f5 ssid='DAP-2553_D' wpa_ie_len=0 rsn_ie_len=24 caps=0x431 level=-57
03-03 15:25:11.453 D/wpa_supplicant(  659): wlan0:    skip - SSID mismatch
03-03 15:25:11.453 D/wpa_supplicant(  659): wlan0: 2: c8:d7:19:60:62:f2 ssid='E3000-2.4G' wpa_ie_len=0 rsn_ie_len=20 caps=0x411 level=-57
03-03 15:25:11.453 D/wpa_supplicant(  659): wlan0:    skip - SSID mismatch
03-03 15:25:11.453 D/wpa_supplicant(  659): wlan0: 3: 98:fc:11:81:35:fb ssid='E2000EE' wpa_ie_len=0 rsn_ie_len=20 caps=0x411 level=-61 wps
03-03 15:25:11.453 D/wpa_supplicant(  659): wlan0:    skip - SSID mismatch
03-03 15:25:11.453 D/wpa_supplicant(  659): wlan0: 4: cc:34:29:2c:fb:ec ssid='linksys' wpa_ie_len=22 rsn_ie_len=20 caps=0x431 level=-65 wps
03-03 15:25:11.453 D/wpa_supplicant(  659): wlan0:    skip - SSID mismatch
03-03 15:25:11.453 D/wpa_supplicant(  659): wlan0: 5: c4:17:fe:3f:4f:fb ssid='cmcm' wpa_ie_len=0 rsn_ie_len=20 caps=0x511 level=-66
03-03 15:25:11.453 D/wpa_supplicant(  659): wlan0:    skip - SSID mismatch
03-03 15:25:11.453 D/wpa_supplicant(  659): wlan0: 6: e4:d3:32:c0:cf:a4 ssid='fast' wpa_ie_len=0 rsn_ie_len=20 caps=0x411 level=-68
03-03 15:25:11.453 D/wpa_supplicant(  659): wlan0:    skip - SSID mismatch
03-03 15:25:11.453 D/wpa_supplicant(  659): wlan0: 7: b0:48:7a:51:ff:cc ssid='Neusoft TP' wpa_ie_len=22 rsn_ie_len=20 caps=0x431 level=-68 wps
03-03 15:25:11.453 D/wpa_supplicant(  659): wlan0:    skip - SSID mismatch
03-03 15:25:11.453 D/wpa_supplicant(  659): wlan0: 8: 14:d6:4d:28:ef:c8 ssid='dlink' wpa_ie_len=0 rsn_ie_len=20 caps=0x431 level=-68 wps
03-03 15:25:11.453 D/wpa_supplicant(  659): wlan0:    skip - SSID mismatch
03-03 15:25:11.453 D/wpa_supplicant(  659): wlan0: 9: 22:48:9a:ac:31:5b ssid='dean1' wpa_ie_len=0 rsn_ie_len=20 caps=0x431 level=-73
03-03 15:25:11.453 D/wpa_supplicant(  659): wlan0:    skip - SSID mismatch
03-03 15:25:11.453 D/wpa_supplicant(  659): wlan0: 10: 18:dc:56:b2:b6:3d ssid='AP_7620L-B63D' wpa_ie_len=0 rsn_ie_len=20 caps=0x431 level=-84
03-03 15:25:11.453 D/wpa_supplicant(  659): wlan0:    skip - SSID mismatch
03-03 15:25:11.453 D/wpa_supplicant(  659): wlan0: 11: 10:c3:7b:d2:e5:e0 ssid='ASUS_RT-AC66U-2.4G' wpa_ie_len=0 rsn_ie_len=20 caps=0x411 level=-93 wps
03-03 15:25:11.453 D/wpa_supplicant(  659): wlan0:    skip - SSID mismatch
03-03 15:25:11.453 D/wpa_supplicant(  659): wlan0: 12: 44:94:fc:3d:da:38 ssid='6300' wpa_ie_len=0 rsn_ie_len=0 caps=0x411 level=-50
03-03 15:25:11.453 D/wpa_supplicant(  659): wlan0:    skip - SSID mismatch
03-03 15:25:11.453 D/wpa_supplicant(  659): wlan0: 13: 7a:24:af:24:0f:48 ssid='DIRECT-' wpa_ie_len=0 rsn_ie_len=0 caps=0x410 level=-54
03-03 15:25:11.453 D/wpa_supplicant(  659): wlan0:    skip - SSID mismatch
03-03 15:25:11.453 D/wpa_supplicant(  659): wlan0: 14: c0:c1:c0:76:81:3c ssid='E2000' wpa_ie_len=0 rsn_ie_len=0 caps=0x401 level=-62 wps
03-03 15:25:11.453 D/wpa_supplicant(  659): wlan0:    skip - SSID mismatch
03-03 15:25:11.453 D/wpa_supplicant(  659): wlan0: 15: 50:bd:5f:4b:29:92 ssid='Internet-2' wpa_ie_len=0 rsn_ie_len=0 caps=0x421 level=-66
03-03 15:25:11.453 D/wpa_supplicant(  659): wlan0:    skip - SSID mismatch
03-03 15:25:11.453 D/wpa_supplicant(  659): wlan0: 16: 00:25:86:5c:5e:30 ssid='internet' wpa_ie_len=0 rsn_ie_len=0 caps=0x421 level=-80
03-03 15:25:11.453 D/wpa_supplicant(  659): wlan0:    skip - SSID mismatch
03-03 15:25:11.453 D/wpa_supplicant(  659): wlan0: Selecting BSS from priority group 17
03-03 15:25:11.453 D/wpa_supplicant(  659): wlan0: 0: f8:d1:11:e7:99:e8 ssid='videotest' wpa_ie_len=22 rsn_ie_len=20 caps=0x531 level=-48 wps
03-03 15:25:11.453 D/wpa_supplicant(  659): wlan0:    skip - SSID mismatch
03-03 15:25:11.453 D/wpa_supplicant(  659): wlan0: 1: 90:94:e4:03:45:f5 ssid='DAP-2553_D' wpa_ie_len=0 rsn_ie_len=24 caps=0x431 level=-57
03-03 15:25:11.453 D/wpa_supplicant(  659): wlan0:    skip - SSID mismatch
03-03 15:25:11.453 D/wpa_supplicant(  659): wlan0: 2: c8:d7:19:60:62:f2 ssid='E3000-2.4G' wpa_ie_len=0 rsn_ie_len=20 caps=0x411 level=-57
03-03 15:25:11.453 D/wpa_supplicant(  659): wlan0:    skip - SSID mismatch
03-03 15:25:11.453 D/wpa_supplicant(  659): wlan0: 3: 98:fc:11:81:35:fb ssid='E2000EE' wpa_ie_len=0 rsn_ie_len=20 caps=0x411 level=-61 wps
03-03 15:25:11.453 D/wpa_supplicant(  659): wlan0:    skip - SSID mismatch
03-03 15:25:11.453 D/wpa_supplicant(  659): wlan0: 4: cc:34:29:2c:fb:ec ssid='linksys' wpa_ie_len=22 rsn_ie_len=20 caps=0x431 level=-65 wps
03-03 15:25:11.453 D/wpa_supplicant(  659): wlan0:    skip - SSID mismatch
03-03 15:25:11.453 D/wpa_supplicant(  659): wlan0: 5: c4:17:fe:3f:4f:fb ssid='cmcm' wpa_ie_len=0 rsn_ie_len=20 caps=0x511 level=-66
03-03 15:25:11.453 D/wpa_supplicant(  659): wlan0:    skip - SSID mismatch
03-03 15:25:11.453 D/wpa_supplicant(  659): wlan0: 6: e4:d3:32:c0:cf:a4 ssid='fast' wpa_ie_len=0 rsn_ie_len=20 caps=0x411 level=-68
03-03 15:25:11.453 D/wpa_supplicant(  659): wlan0:    skip - SSID mismatch
03-03 15:25:11.453 D/wpa_supplicant(  659): wlan0: 7: b0:48:7a:51:ff:cc ssid='Neusoft TP' wpa_ie_len=22 rsn_ie_len=20 caps=0x431 level=-68 wps
03-03 15:25:11.453 D/wpa_supplicant(  659): wlan0:    skip - SSID mismatch
03-03 15:25:11.453 D/wpa_supplicant(  659): wlan0: 8: 14:d6:4d:28:ef:c8 ssid='dlink' wpa_ie_len=0 rsn_ie_len=20 caps=0x431 level=-68 wps
03-03 15:25:11.453 D/wpa_supplicant(  659): wlan0:    skip - SSID mismatch
03-03 15:25:11.453 D/wpa_supplicant(  659): wlan0: 9: 22:48:9a:ac:31:5b ssid='dean1' wpa_ie_len=0 rsn_ie_len=20 caps=0x431 level=-73
03-03 15:25:11.453 D/wpa_supplicant(  659): wlan0:    skip - SSID mismatch
03-03 15:25:11.453 D/wpa_supplicant(  659): wlan0: 10: 18:dc:56:b2:b6:3d ssid='AP_7620L-B63D' wpa_ie_len=0 rsn_ie_len=20 caps=0x431 level=-84
03-03 15:25:11.453 D/wpa_supplicant(  659): wlan0:    skip - SSID mismatch
03-03 15:25:11.453 D/wpa_supplicant(  659): wlan0: 11: 10:c3:7b:d2:e5:e0 ssid='ASUS_RT-AC66U-2.4G' wpa_ie_len=0 rsn_ie_len=20 caps=0x411 level=-93 wps
03-03 15:25:11.453 D/wpa_supplicant(  659): wlan0:    skip - SSID mismatch
03-03 15:25:11.453 D/wpa_supplicant(  659): wlan0: 12: 44:94:fc:3d:da:38 ssid='6300' wpa_ie_len=0 rsn_ie_len=0 caps=0x411 level=-50
03-03 15:25:11.453 D/wpa_supplicant(  659): wlan0:    skip - SSID mismatch
03-03 15:25:11.453 D/wpa_supplicant(  659): wlan0: 13: 7a:24:af:24:0f:48 ssid='DIRECT-' wpa_ie_len=0 rsn_ie_len=0 caps=0x410 level=-54
03-03 15:25:11.453 D/wpa_supplicant(  659): wlan0:    skip - SSID mismatch
03-03 15:25:11.453 D/wpa_supplicant(  659): wlan0: 14: c0:c1:c0:76:81:3c ssid='E2000' wpa_ie_len=0 rsn_ie_len=0 caps=0x401 level=-62 wps
03-03 15:25:11.453 D/wpa_supplicant(  659): wlan0:    skip - SSID mismatch
03-03 15:25:11.453 D/wpa_supplicant(  659): wlan0: 15: 50:bd:5f:4b:29:92 ssid='Internet-2' wpa_ie_len=0 rsn_ie_len=0 caps=0x421 level=-66
03-03 15:25:11.453 D/wpa_supplicant(  659): wlan0:    skip - SSID mismatch
03-03 15:25:11.453 D/wpa_supplicant(  659): wlan0: 16: 00:25:86:5c:5e:30 ssid='internet' wpa_ie_len=0 rsn_ie_len=0 caps=0x421 level=-80
03-03 15:25:11.453 D/wpa_supplicant(  659): wlan0:    skip - SSID mismatch
03-03 15:25:11.453 D/wpa_supplicant(  659): wlan0: Selecting BSS from priority group 15
03-03 15:25:11.453 D/wpa_supplicant(  659): wlan0: 0: f8:d1:11:e7:99:e8 ssid='videotest' wpa_ie_len=22 rsn_ie_len=20 caps=0x531 level=-48 wps
03-03 15:25:11.453 D/wpa_supplicant(  659): wlan0:    skip - SSID mismatch
03-03 15:25:11.453 D/wpa_supplicant(  659): wlan0: 1: 90:94:e4:03:45:f5 ssid='DAP-2553_D' wpa_ie_len=0 rsn_ie_len=24 caps=0x431 level=-57
03-03 15:25:11.453 D/wpa_supplicant(  659): wlan0:    skip - SSID mismatch
03-03 15:25:11.453 D/wpa_supplicant(  659): wlan0: 2: c8:d7:19:60:62:f2 ssid='E3000-2.4G' wpa_ie_len=0 rsn_ie_len=20 caps=0x411 level=-57
03-03 15:25:11.453 D/wpa_supplicant(  659): wlan0:    skip - SSID mismatch
03-03 15:25:11.453 D/wpa_supplicant(  659): wlan0: 3: 98:fc:11:81:35:fb ssid='E2000EE' wpa_ie_len=0 rsn_ie_len=20 caps=0x411 level=-61 wps
03-03 15:25:11.453 D/wpa_supplicant(  659): wlan0:    skip - SSID mismatch
03-03 15:25:11.453 D/wpa_supplicant(  659): wlan0: 4: cc:34:29:2c:fb:ec ssid='linksys' wpa_ie_len=22 rsn_ie_len=20 caps=0x431 level=-65 wps
03-03 15:25:11.453 D/wpa_supplicant(  659): wlan0:    skip - SSID mismatch
03-03 15:25:11.453 D/wpa_supplicant(  659): wlan0: 5: c4:17:fe:3f:4f:fb ssid='cmcm' wpa_ie_len=0 rsn_ie_len=20 caps=0x511 level=-66
03-03 15:25:11.453 D/wpa_supplicant(  659): wlan0:    skip - SSID mismatch
03-03 15:25:11.453 D/wpa_supplicant(  659): wlan0: 6: e4:d3:32:c0:cf:a4 ssid='fast' wpa_ie_len=0 rsn_ie_len=20 caps=0x411 level=-68
03-03 15:25:11.453 D/wpa_supplicant(  659): wlan0:    skip - SSID mismatch
03-03 15:25:11.453 D/wpa_supplicant(  659): wlan0: 7: b0:48:7a:51:ff:cc ssid='Neusoft TP' wpa_ie_len=22 rsn_ie_len=20 caps=0x431 level=-68 wps
03-03 15:25:11.453 D/wpa_supplicant(  659): wlan0:    skip - SSID mismatch
03-03 15:25:11.453 D/wpa_supplicant(  659): wlan0: 8: 14:d6:4d:28:ef:c8 ssid='dlink' wpa_ie_len=0 rsn_ie_len=20 caps=0x431 level=-68 wps
03-03 15:25:11.453 D/wpa_supplicant(  659): wlan0:    skip - SSID mismatch
03-03 15:25:11.453 D/wpa_supplicant(  659): wlan0: 9: 22:48:9a:ac:31:5b ssid='dean1' wpa_ie_len=0 rsn_ie_len=20 caps=0x431 level=-73
03-03 15:25:11.453 D/wpa_supplicant(  659): wlan0:    skip - SSID mismatch
03-03 15:25:11.453 D/wpa_supplicant(  659): wlan0: 10: 18:dc:56:b2:b6:3d ssid='AP_7620L-B63D' wpa_ie_len=0 rsn_ie_len=20 caps=0x431 level=-84
03-03 15:25:11.453 D/wpa_supplicant(  659): wlan0:    skip - SSID mismatch
03-03 15:25:11.453 D/wpa_supplicant(  659): wlan0: 11: 10:c3:7b:d2:e5:e0 ssid='ASUS_RT-AC66U-2.4G' wpa_ie_len=0 rsn_ie_len=20 caps=0x411 level=-93 wps
03-03 15:25:11.453 D/wpa_supplicant(  659): wlan0:    skip - SSID mismatch
03-03 15:25:11.453 D/wpa_supplicant(  659): wlan0: 12: 44:94:fc:3d:da:38 ssid='6300' wpa_ie_len=0 rsn_ie_len=0 caps=0x411 level=-50
03-03 15:25:11.453 D/wpa_supplicant(  659): wlan0:    skip - SSID mismatch
03-03 15:25:11.453 D/wpa_supplicant(  659): wlan0: 13: 7a:24:af:24:0f:48 ssid='DIRECT-' wpa_ie_len=0 rsn_ie_len=0 caps=0x410 level=-54
03-03 15:25:11.453 D/wpa_supplicant(  659): wlan0:    skip - SSID mismatch
03-03 15:25:11.453 D/wpa_supplicant(  659): wlan0: 14: c0:c1:c0:76:81:3c ssid='E2000' wpa_ie_len=0 rsn_ie_len=0 caps=0x401 level=-62 wps
03-03 15:25:11.453 D/wpa_supplicant(  659): wlan0:    skip - SSID mismatch
03-03 15:25:11.453 D/wpa_supplicant(  659): wlan0: 15: 50:bd:5f:4b:29:92 ssid='Internet-2' wpa_ie_len=0 rsn_ie_len=0 caps=0x421 level=-66
03-03 15:25:11.453 D/wpa_supplicant(  659): wlan0:    skip - SSID mismatch
03-03 15:25:11.453 D/wpa_supplicant(  659): wlan0: 16: 00:25:86:5c:5e:30 ssid='internet' wpa_ie_len=0 rsn_ie_len=0 caps=0x421 level=-80
03-03 15:25:11.453 D/wpa_supplicant(  659): wlan0:    skip - SSID mismatch
03-03 15:25:11.453 D/wpa_supplicant(  659): wlan0: Selecting BSS from priority group 4
03-03 15:25:11.453 D/wpa_supplicant(  659): wlan0: 0: f8:d1:11:e7:99:e8 ssid='videotest' wpa_ie_len=22 rsn_ie_len=20 caps=0x531 level=-48 wps
03-03 15:25:11.453 D/wpa_supplicant(  659): wlan0:    skip - SSID mismatch
03-03 15:25:11.453 D/wpa_supplicant(  659): wlan0: 1: 90:94:e4:03:45:f5 ssid='DAP-2553_D' wpa_ie_len=0 rsn_ie_len=24 caps=0x431 level=-57
03-03 15:25:11.453 D/wpa_supplicant(  659): wlan0:    skip - SSID mismatch
03-03 15:25:11.453 D/wpa_supplicant(  659): wlan0: 2: c8:d7:19:60:62:f2 ssid='E3000-2.4G' wpa_ie_len=0 rsn_ie_len=20 caps=0x411 level=-57
03-03 15:25:11.453 D/wpa_supplicant(  659): wlan0:    skip - SSID mismatch
03-03 15:25:11.453 D/wpa_supplicant(  659): wlan0: 3: 98:fc:11:81:35:fb ssid='E2000EE' wpa_ie_len=0 rsn_ie_len=20 caps=0x411 level=-61 wps
03-03 15:25:11.453 D/wpa_supplicant(  659): wlan0:    skip - SSID mismatch
03-03 15:25:11.453 D/wpa_supplicant(  659): wlan0: 4: cc:34:29:2c:fb:ec ssid='linksys' wpa_ie_len=22 rsn_ie_len=20 caps=0x431 level=-65 wps
03-03 15:25:11.453 D/wpa_supplicant(  659): wlan0:    skip - SSID mismatch
03-03 15:25:11.453 D/wpa_supplicant(  659): wlan0: 5: c4:17:fe:3f:4f:fb ssid='cmcm' wpa_ie_len=0 rsn_ie_len=20 caps=0x511 level=-66
03-03 15:25:11.453 D/wpa_supplicant(  659): wlan0:    skip - SSID mismatch
03-03 15:25:11.453 D/wpa_supplicant(  659): wlan0: 6: e4:d3:32:c0:cf:a4 ssid='fast' wpa_ie_len=0 rsn_ie_len=20 caps=0x411 level=-68
03-03 15:25:11.453 D/wpa_supplicant(  659): wlan0:    skip - SSID mismatch
03-03 15:25:11.453 D/wpa_supplicant(  659): wlan0: 7: b0:48:7a:51:ff:cc ssid='Neusoft TP' wpa_ie_len=22 rsn_ie_len=20 caps=0x431 level=-68 wps
03-03 15:25:11.453 D/wpa_supplicant(  659): wlan0:    skip - SSID mismatch
03-03 15:25:11.453 D/wpa_supplicant(  659): wlan0: 8: 14:d6:4d:28:ef:c8 ssid='dlink' wpa_ie_len=0 rsn_ie_len=20 caps=0x431 level=-68 wps
03-03 15:25:11.453 D/wpa_supplicant(  659): wlan0:    skip - SSID mismatch
03-03 15:25:11.453 D/wpa_supplicant(  659): wlan0: 9: 22:48:9a:ac:31:5b ssid='dean1' wpa_ie_len=0 rsn_ie_len=20 caps=0x431 level=-73
03-03 15:25:11.453 D/wpa_supplicant(  659): wlan0:    skip - SSID mismatch
03-03 15:25:11.453 D/wpa_supplicant(  659): wlan0: 10: 18:dc:56:b2:b6:3d ssid='AP_7620L-B63D' wpa_ie_len=0 rsn_ie_len=20 caps=0x431 level=-84
03-03 15:25:11.453 D/wpa_supplicant(  659): wlan0:    skip - SSID mismatch
03-03 15:25:11.453 D/wpa_supplicant(  659): wlan0: 11: 10:c3:7b:d2:e5:e0 ssid='ASUS_RT-AC66U-2.4G' wpa_ie_len=0 rsn_ie_len=20 caps=0x411 level=-93 wps
03-03 15:25:11.453 D/wpa_supplicant(  659): wlan0:    skip - SSID mismatch
03-03 15:25:11.453 D/wpa_supplicant(  659): wlan0: 12: 44:94:fc:3d:da:38 ssid='6300' wpa_ie_len=0 rsn_ie_len=0 caps=0x411 level=-50
03-03 15:25:11.453 D/wpa_supplicant(  659): wlan0:    skip - SSID mismatch
03-03 15:25:11.453 D/wpa_supplicant(  659): wlan0: 13: 7a:24:af:24:0f:48 ssid='DIRECT-' wpa_ie_len=0 rsn_ie_len=0 caps=0x410 level=-54
03-03 15:25:11.453 D/wpa_supplicant(  659): wlan0:    skip - SSID mismatch
03-03 15:25:11.453 D/wpa_supplicant(  659): wlan0: 14: c0:c1:c0:76:81:3c ssid='E2000' wpa_ie_len=0 rsn_ie_len=0 caps=0x401 level=-62 wps
03-03 15:25:11.453 D/wpa_supplicant(  659): wlan0:    skip - SSID mismatch
03-03 15:25:11.453 D/wpa_supplicant(  659): wlan0: 15: 50:bd:5f:4b:29:92 ssid='Internet-2' wpa_ie_len=0 rsn_ie_len=0 caps=0x421 level=-66
03-03 15:25:11.453 D/wpa_supplicant(  659): wlan0:    skip - SSID mismatch
03-03 15:25:11.453 D/wpa_supplicant(  659): wlan0: 16: 00:25:86:5c:5e:30 ssid='internet' wpa_ie_len=0 rsn_ie_len=0 caps=0x421 level=-80
03-03 15:25:11.453 D/wpa_supplicant(  659): wlan0:    skip - SSID mismatch
03-03 15:25:11.453 D/wpa_supplicant(  659): wlan0: No suitable network found
03-03 15:25:11.453 D/wpa_supplicant(  659): wlan0: Setting scan request: 40 sec 0 usec
03-03 15:25:11.453 D/wpa_supplicant(  659): wlan0: Checking for other virtual interfaces sharing same radio (phy0) in event_scan_results
03-03 15:25:11.453 D/wpa_supplicant(  659): p2p-dev-wlan0: Updating scan results from sibling
03-03 15:25:11.453 D/wpa_supplicant(  659): nl80211: Received scan results (17 BSSes)
03-03 15:25:11.453 D/wpa_supplicant(  659): nl80211: Survey data missing
03-03 15:25:11.453 D/wpa_supplicant(  659): p2p-dev-wlan0: BSS: Start scan result update 1493
03-03 15:25:11.453 D/wpa_supplicant(  659): BSS: No P2P IE - skipping BSS f8:d1:11:e7:99:e8 update for P2P interface
03-03 15:25:11.453 D/wpa_supplicant(  659): BSS: No P2P IE - skipping BSS 90:94:e4:03:45:f5 update for P2P interface
03-03 15:25:11.453 D/wpa_supplicant(  659): BSS: No P2P IE - skipping BSS c8:d7:19:60:62:f2 update for P2P interface
03-03 15:25:11.453 D/wpa_supplicant(  659): BSS: No P2P IE - skipping BSS 98:fc:11:81:35:fb update for P2P interface
03-03 15:25:11.453 D/wpa_supplicant(  659): BSS: No P2P IE - skipping BSS cc:34:29:2c:fb:ec update for P2P interface
03-03 15:25:11.453 D/wpa_supplicant(  659): BSS: No P2P IE - skipping BSS c4:17:fe:3f:4f:fb update for P2P interface
03-03 15:25:11.453 D/wpa_supplicant(  659): BSS: No P2P IE - skipping BSS e4:d3:32:c0:cf:a4 update for P2P interface
03-03 15:25:11.453 D/wpa_supplicant(  659): BSS: No P2P IE - skipping BSS b0:48:7a:51:ff:cc update for P2P interface
03-03 15:25:11.453 D/wpa_supplicant(  659): BSS: No P2P IE - skipping BSS 14:d6:4d:28:ef:c8 update for P2P interface
03-03 15:25:11.453 D/wpa_supplicant(  659): BSS: No P2P IE - skipping BSS 22:48:9a:ac:31:5b update for P2P interface
03-03 15:25:11.453 D/wpa_supplicant(  659): BSS: No P2P IE - skipping BSS 18:dc:56:b2:b6:3d update for P2P interface
03-03 15:25:11.453 D/wpa_supplicant(  659): BSS: No P2P IE - skipping BSS 10:c3:7b:d2:e5:e0 update for P2P interface
03-03 15:25:11.453 D/wpa_supplicant(  659): BSS: No P2P IE - skipping BSS 44:94:fc:3d:da:38 update for P2P interface
03-03 15:25:11.453 D/wpa_supplicant(  659): BSS: No P2P IE - skipping BSS 7a:24:af:24:0f:48 update for P2P interface
03-03 15:25:11.453 D/wpa_supplicant(  659): BSS: No P2P IE - skipping BSS c0:c1:c0:76:81:3c update for P2P interface
03-03 15:25:11.453 D/wpa_supplicant(  659): BSS: No P2P IE - skipping BSS 50:bd:5f:4b:29:92 update for P2P interface
03-03 15:25:11.453 D/wpa_supplicant(  659): BSS: No P2P IE - skipping BSS 00:25:86:5c:5e:30 update for P2P interface
03-03 15:25:11.453 D/wpa_supplicant(  659): BSS: last_scan_res_used=0/32 last_scan_full=0
03-03 15:25:11.453 D/wpa_supplicant(  659): p2p-dev-wlan0: New scan results available
03-03 15:25:11.453 D/wpa_supplicant(  659): CTRL_IFACE monitor send - hexdump(len=39): 2f 64 61 74 61 2f 6d 69 73 63 2f 77 69 66 69 2f 73 6f 63 6b 65 74 73 2f 77 70 61 5f 63 74 72 6c ...
03-03 15:25:11.453 D/wpa_supplicant(  659): WPS: AP[0] c8:d7:19:60:62:f2 type=0 tries=0 last_attempt=-1 sec ago blacklist=0
03-03 15:25:11.453 I/WifiHW  (  506): EVENT: IFNAME=p2p-dev-wlan0 CTRL-EVENT-SCAN-RESULTS 
03-03 15:25:11.453 D/wpa_supplicant(  659): WPS: AP[1] f8:d1:11:e7:99:e8 type=0 tries=0 last_attempt=-1 sec ago blacklist=0
03-03 15:25:11.453 D/wpa_supplicant(  659): WPS: AP[2] cc:34:29:2c:fb:ec type=0 tries=0 last_attempt=-1 sec ago blacklist=0
03-03 15:25:11.453 D/wpa_supplicant(  659): WPS: AP[3] 10:c3:7b:d2:e5:e0 type=0 tries=0 last_attempt=-1 sec ago blacklist=0
03-03 15:25:11.453 D/wpa_supplicant(  659): WPS: AP[4] cc:34:29:2b:26:4c type=0 tries=0 last_attempt=-1 sec ago blacklist=0
03-03 15:25:11.453 D/wpa_supplicant(  659): WPS: AP[5] 44:94:fc:3d:da:38 type=0 tries=0 last_attempt=-1 sec ago blacklist=0
03-03 15:25:11.453 D/wpa_supplicant(  659): WPS: AP[6] b0:48:7a:51:ff:cc type=0 tries=0 last_attempt=-1 sec ago blacklist=0
03-03 15:25:11.453 D/wpa_supplicant(  659): WPS: AP[7] c0:c1:c0:76:81:3c type=0 tries=0 last_attempt=-1 sec ago blacklist=0
03-03 15:25:11.453 D/wpa_supplicant(  659): WPS: AP[8] 10:9f:a9:dc:b1:fc type=0 tries=0 last_attempt=-1 sec ago blacklist=0
03-03 15:25:11.453 D/wpa_supplicant(  659): WPS: AP[9] 98:fc:11:81:35:fb type=0 tries=0 last_attempt=-1 sec ago blacklist=0
03-03 15:25:11.453 D/wpa_supplicant(  659): WPS: AP[10] e4:d3:32:36:2e:54 type=0 tries=0 last_attempt=-1 sec ago blacklist=0
03-03 15:25:11.453 D/wpa_supplicant(  659): WPS: AP[11] c0:a0:bb:20:3b:84 type=0 tries=0 last_attempt=-1 sec ago blacklist=0
03-03 15:25:11.453 D/wpa_supplicant(  659): WPS: AP[12] 14:d6:4d:28:ef:c8 type=0 tries=0 last_attempt=-1 sec ago blacklist=0
03-03 15:25:11.453 D/wpa_supplicant(  659): WPS: AP[13] 2c:b0:5d:7f:f4:24 type=0 tries=0 last_attempt=-1 sec ago blacklist=0
03-03 15:25:11.453 D/wpa_supplicant(  659): WPS: AP[14] 9c:21:6a:0d:eb:72 type=0 tries=0 last_attempt=-1 sec ago blacklist=0
03-03 15:25:11.453 D/wpa_supplicant(  659): WPS: AP[15] 28:2c:b2:44:e4:00 type=0 tries=0 last_attempt=-1 sec ago blacklist=0
03-03 15:25:11.453 D/wpa_supplicant(  659): WPS: AP[16] 78:a1:06:55:fe:30 type=0 tries=0 last_attempt=-1 sec ago blacklist=0
03-03 15:25:11.453 D/wpa_supplicant(  659): WPS: AP[17] c0:61:18:21:8c:ce type=0 tries=0 last_attempt=-1 sec ago blacklist=0
03-03 15:25:11.453 D/wpa_supplicant(  659): WPS: AP[18] 78:54:2e:f5:fb:9e type=0 tries=0 last_attempt=-1 sec ago blacklist=0
03-03 15:25:11.453 D/wpa_supplicant(  659): WPS: AP[19] a8:15:4d:13:9a:08 type=0 tries=0 last_attempt=-1 sec ago blacklist=0
03-03 15:25:11.453 D/wpa_supplicant(  659): WPS: AP[20] 20:dc:e6:3f:eb:f2 type=0 tries=0 last_attempt=-1 sec ago blacklist=0
03-03 15:25:11.453 D/wpa_supplicant(  659): WPS: AP[21] 6c:e8:73:29:30:22 type=0 tries=0 last_attempt=-1 sec ago blacklist=0
03-03 15:25:11.453 D/wpa_supplicant(  659): WPS: AP[22] 14:e6:e4:b8:85:76 type=0 tries=0 last_attempt=-1 sec ago blacklist=0
03-03 15:25:11.453 D/wpa_supplicant(  659): WPS: AP[23] 64:09:80:1e:91:78 type=0 tries=0 last_attempt=-1 sec ago blacklist=0
03-03 15:25:11.453 D/wpa_supplicant(  659): WPS: AP[24] ec:88:8f:6a:0c:a8 type=0 tries=0 last_attempt=-1 sec ago blacklist=0
03-03 15:25:11.453 D/wpa_supplicant(  659): WPS: AP[25] d0:15:4a:15:5d:1a type=0 tries=0 last_attempt=-1 sec ago blacklist=0
03-03 15:25:11.453 D/wpa_supplicant(  659): WPS: AP[26] 1c:fa:68:11:5a:b6 type=0 tries=0 last_attempt=-1 sec ago blacklist=0
03-03 15:25:11.453 D/wpa_supplicant(  659): WPS: AP[27] 8c:be:be:26:4b:8b type=0 tries=0 last_attempt=-1 sec ago blacklist=0
03-03 15:25:11.453 D/wpa_supplicant(  659): WPS: AP[28] 64:09:80:15:31:84 type=0 tries=0 last_attempt=-1 sec ago blacklist=0
03-03 15:25:11.453 D/wpa_supplicant(  659): WPS: AP[29] bc:d1:77:f3:0b:28 type=0 tries=0 last_attempt=-1 sec ago blacklist=0
03-03 15:25:11.453 D/wpa_supplicant(  659): WPS: AP[30] c0:61:18:4e:07:fc type=0 tries=0 last_attempt=-1 sec ago blacklist=0
03-03 15:25:11.453 D/wpa_supplicant(  659): WPS: AP[31] f4:ec:38:6d:cf:d6 type=0 tries=0 last_attempt=-1 sec ago blacklist=0
03-03 15:25:11.453 D/wpa_supplicant(  659): WPS: AP[32] e4:d3:32:0a:fb:34 type=0 tries=0 last_attempt=-1 sec ago blacklist=0
03-03 15:25:11.453 D/wpa_supplicant(  659): WPS: AP[33] 8c:be:be:28:2d:f8 type=0 tries=0 last_attempt=-1 sec ago blacklist=0
03-03 15:25:11.453 D/wpa_supplicant(  659): WPS: AP[34] d8:15:0d:c4:57:de type=0 tries=0 last_attempt=-1 sec ago blacklist=0
03-03 15:25:11.453 D/wpa_supplicant(  659): WPS: AP[35] 40:16:9f:9b:64:fa type=0 tries=0 last_attempt=-1 sec ago blacklist=0
03-03 15:25:11.453 D/wpa_supplicant(  659): WPS: AP[36] ec:1a:59:0b:f4:8c type=0 tries=0 last_attempt=-1 sec ago blacklist=0
03-03 15:25:11.453 D/wpa_supplicant(  659): WPS: AP[37] 66:09:80:d9:a2:5d type=0 tries=0 last_attempt=-1 sec ago blacklist=0
03-03 15:25:11.453 D/wpa_supplicant(  659): WPS: AP[38] 7a:ff:57:00:13:8e type=0 tries=0 last_attempt=-1 sec ago blacklist=0
03-03 15:25:11.453 D/wpa_supplicant(  659): WPS: AP[39] 7a:ff:57:00:14:32 type=0 tries=0 last_attempt=-1 sec ago blacklist=0
03-03 15:25:11.453 D/wpa_supplicant(  659): WPS: AP[40] 02:13:20:ff:b6:3c type=0 tries=0 last_attempt=-1 sec ago blacklist=0
03-03 15:25:11.453 D/wpa_supplicant(  659): WPS: AP[41] 02:1e:67:80:2b:36 type=0 tries=0 last_attempt=-1 sec ago blacklist=0
03-03 15:25:11.453 D/wpa_supplicant(  659): WPS: AP[42] 02:09:4c:4f:4c:0a type=0 tries=0 last_attempt=-1 sec ago blacklist=0
03-03 15:25:11.453 D/wpa_supplicant(  659): p2p-dev-wlan0: No suitable network found
03-03 15:25:11.453 D/wpa_supplicant(  659): p2p-dev-wlan0: Short-circuit new scan request since there are no enabled networks
03-03 15:25:11.453 D/wpa_supplicant(  659): p2p-dev-wlan0: State: INACTIVE -> INACTIVE
03-03 15:25:11.453 D/wpa_supplicant(  659): wlan0: P2P: Station mode scan operation not pending anymore (sta_scan_pending=0 p2p_cb_on_scan_complete=0)
03-03 15:25:11.453 D/wpa_supplicant(  659): RX ctrl_iface - hexdump(len=25): 42 53 53 20 52 41 4e 47 45 3d 30 2d 20 4d 41 53 4b 3d 30 78 32 31 39 38 37
03-03 15:25:11.453 D/wpa_supplicant(  659): wlan0: Control interface command 'BSS RANGE=0- MASK=0x21987'
03-03 15:25:11.453 D/wpa_supplicant(  659): RTM_NEWLINK: operstate=0 ifi_flags=0x11003 ([UP][LOWER_UP])
03-03 15:25:11.453 D/wpa_supplicant(  659): RTM_NEWLINK, IFLA_IFNAME: Interface 'wlan0' added
03-03 15:25:11.453 D/wpa_supplicant(  659): nl80211: if_removed already cleared - ignore event
03-03 15:25:11.453 I/WifiHW  (  506): REPLY: id=3292
03-03 15:25:11.453 I/WifiHW  (  506): REPLY: bssid=c8:d7:19:60:62:f2
03-03 15:25:11.453 I/WifiHW  (  506): REPLY: freq=2437
03-03 15:25:11.453 I/WifiHW  (  506): REPLY: level=-57
03-03 15:25:11.453 I/WifiHW  (  506): REPLY: tsf=0000280233251590
03-03 15:25:11.453 I/WifiHW  (  506): REPLY: flags=[WPA2-EAP-CCMP-preauth][ESS]
03-03 15:25:11.453 I/WifiHW  (  506): REPLY: ssid=E3000-2.4G
03-03 15:25:11.453 I/WifiHW  (  506): REPLY: ====
03-03 15:25:11.453 I/WifiHW  (  506): REPLY: id=3293
03-03 15:25:11.453 I/WifiHW  (  506): REPLY: bssid=f8:d1:11:e7:99:e8
03-03 15:25:11.453 I/WifiHW  (  506): REPLY: freq=2437
03-03 15:25:11.453 I/WifiHW  (  506): REPLY: level=-48
03-03 15:25:11.453 I/WifiHW  (  506): REPLY: tsf=0000280233251586
03-03 15:25:11.453 I/WifiHW  (  506): REPLY: flags=[WPA-PSK-CCMP][WPA2-PSK-CCMP][WPS][ESS]
03-03 15:25:11.453 I/WifiHW  (  506): REPLY: ssid=videotest
03-03 15:25:11.453 I/WifiHW  (  506): REPLY: ====
03-03 15:25:11.453 I/WifiHW  (  506): REPLY: id=3294
03-03 15:25:11.453 I/WifiHW  (  506): REPLY: bssid=98:fc:11:81:35:fb
03-03 15:25:11.453 I/WifiHW  (  506): REPLY: freq=2412
03-03 15:25:11.453 I/WifiHW  (  506): REPLY: level=-61
03-03 15:25:11.453 I/WifiHW  (  506): REPLY: tsf=0000280233251582
03-03 15:25:11.453 I/WifiHW  (  506): REPLY: flags=[WPA2-PSK-CCMP][WPS][ESS]
03-03 15:25:11.453 I/WifiHW  (  506): REPLY: ssid=E2000EE
03-03 15:25:11.453 I/WifiHW  (  506): REPLY: ====
03-03 15:25:11.453 I/WifiHW  (  506): REPLY: id=3295
03-03 15:25:11.453 I/WifiHW  (  506): REPLY: bssid=90:94:e4:03:45:f5
03-03 15:25:11.453 I/WifiHW  (  506): REPLY: freq=2442
03-03 15:25:11.453 I/WifiHW  (  506): REPLY: level=-57
03-03 15:25:11.453 I/WifiHW  (  506): REPLY: tsf=0000280233251650
03-03 15:25:11.453 I/WifiHW  (  506): REPLY: flags=[WPA2-PSK-CCMP+TKIP][ESS]
03-03 15:25:11.453 I/WifiHW  (  506): REPLY: ssid=DAP-2553_D
03-03 15:25:11.453 I/WifiHW  (  506): REPLY: ====
03-03 15:25:11.453 I/WifiHW  (  506): REPLY: id=3296
03-03 15:25:11.453 I/WifiHW  (  506): REPLY: bssid=10:c3:7b:d2:e5:e0
03-03 15:25:11.453 I/WifiHW  (  506): REPLY: freq=2462
03-03 15:25:11.453 I/WifiHW  (  506): REPLY: level=-93
03-03 15:25:11.453 I/WifiHW  (  506): REPLY: tsf=0000280233251668
03-03 15:25:11.453 I/WifiHW  (  506): REPLY: flags=[WPA2-PSK-CCMP][WPS][ESS]
03-03 15:25:11.453 I/WifiHW  (  506): REPLY: ssid=ASUS_RT-AC66U-2.4G
03-03 15:25:11.453 I/WifiHW  (  506): REPLY: ====
03-03 15:25:11.453 I/WifiHW  (  506): REPLY: id=3299
03-03 15:25:11.453 I/WifiHW  (  506): REPLY: bssid=cc:34:29:2c:fb:ec
03-03 15:25:11.453 I/WifiHW  (  506): REPLY: freq=2412
03-03 15:25:11.453 I/WifiHW  (  506): REPLY: level=-65
03-03 15:25:11.453 I/WifiHW  (  506): REPLY: tsf=0000280233251574
03-03 15:25:11.453 I/WifiHW  (  506): REPLY: flags=[WPA-PSK-CCMP][WPA2-PSK-CCMP][WPS][ESS]
03-03 15:25:11.453 I/WifiHW  (  506): REPLY: ssid=linksys
03-03 15:25:11.453 I/WifiHW  (  506): REPLY: ====
03-03 15:25:11.453 I/WifiHW  (  506): REPLY: id=3303
03-03 15:25:11.453 I/WifiHW  (  506): REPLY: bssid=7a:24:af:24:0f:48
03-03 15:25:11.453 I/WifiHW  (  506): REPLY: freq=2412
03-03 15:25:11.453 I/WifiHW  (  506): REPLY: level=-54
03-03 15:25:11.453 I/WifiHW  (  506): REPLY: tsf=0000280233251664
03-03 15:25:11.453 I/WifiHW  (  506): REPLY: flags=[WEP]
03-03 15:25:11.453 I/WifiHW  (  506): REPLY: ssid=DIRECT-
03-03 15:25:11.453 I/WifiHW  (  506): REPLY: ====
03-03 15:25:11.453 I/WifiHW  (  506): REPLY: id=3304
03-03 15:25:11.453 I/WifiHW  (  506): REPLY: bssid=44:94:fc:3d:da:38
03-03 15:25:11.453 I/WifiHW  (  506): REPLY: freq=2462
03-03 15:25:11.453 I/WifiHW  (  506): REPLY: level=-50
03-03 15:25:11.453 I/WifiHW  (  506): REPLY: tsf=0000280233251658
03-03 15:25:11.453 I/WifiHW  (  506): REPLY: flags=[WEP][ESS]
03-03 15:25:11.453 I/WifiHW  (  506): REPLY: ssid=6300
03-03 15:25:11.453 I/WifiHW  (  506): REPLY: ====
03-03 15:25:11.453 I/WifiHW  (  506): REPLY: id=3306
03-03 15:25:11.453 I/WifiHW  (  506): REPLY: bssid=c0:c1:c0:76:81:3c
03-03 15:25:11.453 I/WifiHW  (  506): REPLY: freq=2462
03-03 15:25:11.453 I/WifiHW  (  506): REPLY: level=-62
03-03 15:25:11.453 I/WifiHW  (  506): REPLY: tsf=0000280233251661
03-03 15:25:11.453 I/WifiHW  (  506): REPLY: flags=[WPS][ESS]
03-03 15:25:11.453 I/WifiHW  (  506): REPLY: ssid=E2000
03-03 15:25:11.453 I/WifiHW  (  506): REPLY: ====
03-03 15:25:11.453 I/WifiHW  (  506): REPLY: id=3307
03-03 15:25:11.453 I/WifiHW  (  506): REPLY: bssid=50:bd:5f:4b:29:92
03-03 15:25:11.453 I/WifiHW  (  506): REPLY: freq=2437
03-03 15:25:11.453 I/WifiHW  (  506): REPLY: level=-66
03-03 15:25:11.453 I/WifiHW  (  506): REPLY: tsf=0000280233251605
03-03 15:25:11.453 I/WifiHW  (  506): REPLY: flags=[ESS]
03-03 15:25:11.453 I/WifiHW  (  506): REPLY: ssid=Internet-2
03-03 15:25:11.453 I/WifiHW  (  506): REPLY: ====
03-03 15:25:11.453 I/WifiHW  (  506): REPLY: id=3311
03-03 15:25:11.453 I/WifiHW  (  506): REPLY: bssid=14:d6:4d:28:ef:c8
03-03 15:25:11.453 I/WifiHW  (  506): REPLY: freq=2437
03-03 15:25:11.453 I/WifiHW  (  506): REPLY: level=-68
03-03 15:25:11.453 I/WifiHW  (  506): REPLY: tsf=0000280233251601
03-03 15:25:11.453 I/WifiHW  (  506): REPLY: flags=[WPA2-PSK-CCMP][WPS][ESS]
03-03 15:25:11.453 I/WifiHW  (  506): REPLY: ssid=dlink
03-03 15:25:11.453 I/WifiHW  (  506): REPLY: ====
03-03 15:25:11.453 I/WifiHW  (  506): REPLY: id=3319
03-03 15:25:11.453 I/WifiHW  (  506): REPLY: bssid=c4:17:fe:3f:4f:fb
03-03 15:25:11.453 I/WifiHW  (  506): REPLY: freq=2437
03-03 15:25:11.453 I/WifiHW  (  506): REPLY: level=-66
03-03 15:25:11.453 I/WifiHW  (  506): REPLY: tsf=0000280233251609
03-03 15:25:11.453 I/WifiHW  (  506): REPLY: flags=[WPA2-PSK-CCMP][ESS]
03-03 15:25:11.453 I/WifiHW  (  506): REPLY: ssid=cmcm
03-03 15:25:11.453 I/WifiHW  (  506): REPLY: ====
03-03 15:25:11.453 I/WifiHW  (  506): REPLY: id=3361
03-03 15:25:11.453 I/WifiHW  (  506): REPLY: bssid=00:0f:e2:0f:9f:c1
03-03 15:25:11.453 I/WifiHW  (  506): REPLY: freq=2462
03-03 15:25:11.453 I/WifiHW  (  506): REPLY: level=-75
03-03 15:25:11.453 I/WifiHW  (  506): REPLY: tsf=0000280192015463
03-03 15:25:11.453 I/WifiHW  (  506): REPLY: flags=[WPA-PSK-CCMP+TKIP][WPA2-PSK-CCMP+TKIP][ESS]
03-03 15:25:11.453 I/WifiHW  (  506): REPLY: ssid=321_WAN
03-03 15:25:11.453 I/WifiHW  (  506): REPLY: ====
03-03 15:25:11.453 I/WifiHW  (  506): REPLY: id=3365
03-03 15:25:11.453 I/WifiHW  (  506): REPLY: bssid=b0:48:7a:51:ff:cc
03-03 15:25:11.453 I/WifiHW  (  506): REPLY: freq=2452
03-03 15:25:11.453 I/WifiHW  (  506): REPLY: level=-68
03-03 15:25:11.453 I/WifiHW  (  506): REPLY: tsf=0000280233251653
03-03 15:25:11.453 I/WifiHW  (  506): REPLY: flags=[WPA-PSK-CCMP][WPA2-PSK-CCMP][WPS][ESS]
03-03 15:25:11.453 I/WifiHW  (  506): REPLY: ssid=Neusoft TP
03-03 15:25:11.453 I/WifiHW  (  506): REPLY: ====
03-03 15:25:11.453 I/WifiHW  (  506): REPLY: id=3366
03-03 15:25:11.453 I/WifiHW  (  506): REPLY: bssid=cc:b2:55:e2:84:70
03-03 15:25:11.453 I/WifiHW  (  506): REPLY: freq=2447
03-03 15:25:11.453 I/WifiHW  (  506): REPLY: level=-69
03-03 15:25:11.453 I/WifiHW  (  506): REPLY: tsf=0000280192015435
03-03 15:25:11.453 I/WifiHW  (  506): REPLY: flags=[WPA-PSK-TKIP][WPA2-PSK-TKIP][ESS]
03-03 15:25:11.453 I/WifiHW  (  506): REPLY: ssid=DLINK_APK
03-03 15:25:11.453 I/WifiHW  (  506): REPLY: ====
03-03 15:25:11.453 I/WifiHW  (  506): REPLY: id=3371
03-03 15:25:11.453 I/WifiHW  (  506): REPLY: bssid=22:48:9a:ac:31:5b
03-03 15:25:11.453 I/WifiHW  (  506): REPLY: freq=2437
03-03 15:25:11.453 I/WifiHW  (  506): REPLY: level=-73
03-03 15:25:11.453 I/WifiHW  (  506): REPLY: tsf=0000280233251597
03-03 15:25:11.453 I/WifiHW  (  506): REPLY: flags=[WPA2-PSK-CCMP][ESS]
03-03 15:25:11.453 I/WifiHW  (  506): REPLY: ssid=dean1
03-03 15:25:11.453 I/WifiHW  (  506): REPLY: ====
03-03 15:25:11.453 I/WifiHW  (  506): REPLY: id=3373
03-03 15:25:11.453 I/WifiHW  (  506): REPLY: bssid=cc:34:29:2b:26:4c
03-03 15:25:11.453 I/WifiHW  (  506): REPLY: freq=2462
03-03 15:25:11.453 I/WifiHW  (  506): REPLY: level=-68
03-03 15:25:11.453 I/WifiHW  (  506): REPLY: tsf=0000280192015444
03-03 15:25:11.453 I/WifiHW  (  506): REPLY: flags=[WPA2-PSK-CCMP][WPS][ESS]
03-03 15:25:11.453 I/WifiHW  (  506): REPLY: ssid=cws-test
03-03 15:25:11.453 I/WifiHW  (  506): REPLY: ====
03-03 15:25:11.453 I/WifiHW  (  506): REPLY: id=3374
03-03 15:25:11.453 I/WifiHW  (  506): REPLY: bssid=e4:d3:32:36:2e:54
03-03 15:25:11.453 I/WifiHW  (  506): REPLY: freq=2472
03-03 15:25:11.453 I/WifiHW  (  506): REPLY: level=-70
03-03 15:25:11.453 I/WifiHW  (  506): REPLY: tsf=0000280192015499
03-03 15:25:11.453 I/WifiHW  (  506): REPLY: flags=[WPA-PSK-CCMP+TKIP][WPA2-PSK-CCMP+TKIP][WPS][ESS]
03-03 15:25:11.453 I/WifiHW  (  506): REPLY: ssid=otc
03-03 15:25:11.453 I/WifiHW  (  506): REPLY: ====
03-03 15:25:11.453 I/WifiHW  (  506): REPLY: id=3376
03-03 15:25:11.453 I/WifiHW  (  506): REPLY: bssid=00:25:86:5c:5e:30
03-03 15:25:11.453 I/WifiHW  (  506): REPLY: freq=2437
03-03 15:25:11.453 I/WifiHW  (  506): REPLY: level=-80
03-03 15:25:11.453 I/WifiHW  (  506): REPLY: tsf=0000280233251640
03-03 15:25:11.453 I/WifiHW  (  506): REPLY: flags=[ESS]
03-03 15:25:11.453 I/WifiHW  (  506): REPLY: ssid=internet
03-03 15:25:11.453 I/WifiHW  (  506): REPLY: ====
03-03 15:25:11.453 I/WifiHW  (  506): REPLY: id=3377
03-03 15:25:11.453 I/WifiHW  (  506): REPLY: bssid=e4:d3:32:c0:cf:a4
03-03 15:25:11.453 I/WifiHW  (  506): REPLY: freq=2437
03-03 15:25:11.453 I/WifiHW  (  506): REPLY: level=-68
03-03 15:25:11.453 I/WifiHW  (  506): REPLY: tsf=0000280233251646
03-03 15:25:11.453 I/WifiHW  (  506): REPLY: flags=[WPA2-PSK-CCMP][ESS]
03-03 15:25:11.453 I/WifiHW  (  506): REPLY: ssid=fast
03-03 15:25:11.453 I/WifiHW  (  506): REPLY: ====
03-03 15:25:11.453 I/WifiHW  (  506): REPLY: id=3378
03-03 15:25:11.453 I/WifiHW  (  506): REPLY: bssid=18:dc:56:b2:b6:3d
03-03 15:25:11.453 I/WifiHW  (  506): REPLY: freq=2437
03-03 15:25:11.453 I/WifiHW  (  506): REPLY: level=-84
03-03 15:25:11.453 I/WifiHW  (  506): REPLY: tsf=0000280233251634
03-03 15:25:11.453 I/WifiHW  (  506): REPLY: flags=[WPA2-PSK-CCMP][ESS]
03-03 15:25:11.453 I/WifiHW  (  506): REPLY: ssid=AP_7620L-B63D
03-03 15:25:11.453 I/WifiHW  (  506): REPLY: ####
03-03 15:25:12.013 W/BindingManager(23809): Cannot call determinedVisibility() - never saw a connection for the pid: 23809
03-03 15:25:12.673 W/BindingManager(23809): Cannot call determinedVisibility() - never saw a connection for the pid: 23809
03-03 15:25:13.323 W/BindingManager(23809): Cannot call determinedVisibility() - never saw a connection for the pid: 23809
03-03 15:25:13.973 W/BindingManager(23809): Cannot call determinedVisibility() - never saw a connection for the pid: 23809
03-03 15:25:14.653 W/BindingManager(23809): Cannot call determinedVisibility() - never saw a connection for the pid: 23809
03-03 15:25:15.313 W/BindingManager(23809): Cannot call determinedVisibility() - never saw a connection for the pid: 23809
03-03 15:25:15.993 W/BindingManager(23809): Cannot call determinedVisibility() - never saw a connection for the pid: 23809
03-03 15:25:16.543 D/EVENT_THREAD(  187): void CEventThread::run() POLLIN event on Fd (1)
03-03 15:25:16.543 D/EVENT_THREAD(  187): void CEventThread::run() Do poll with timeout: -1
03-03 15:25:16.543 D/EVENT_THREAD(  187): void CEventThread::run() POLLIN event on Fd (1)
03-03 15:25:16.543 D/EVENT_THREAD(  187): void CEventThread::run() Do poll with timeout: -1
03-03 15:25:16.543 I/upi_ug31xx(  167): (12989) update_capacity
03-03 15:25:16.543 I/[UPI]   (  167): <UG31/E>[UpiReadCapacity]: V=3986(3988), T=334(335-396), I=-286, C=-1(-1-0)
03-03 15:25:16.543 I/[UPI]   (  167): <UG31/E>[UpiReadCapacity]: (0x0000254a) 2771 (2845) / 3602 (3985) = 77
03-03 15:25:16.543 I/[UPI]   (  167): <UG31/E>[UpiReadCapacity]: (0x0000254a) 2771 (2845) / 3602 (3985) = 77
03-03 15:25:16.543 I/[UPI]   (  167): <UG31/E>[UpiReadCapacity]: (0x0000254a) 2771 (2771) / 3602 (3985) = 77
03-03 15:25:16.543 I/[UPI]   (  167): <UG31/E>[RsocFilterCountTime]: (0x0000254a) Step=5(333540), Full=5(333540), Lock=333540(1800000)
03-03 15:25:16.543 I/[UPI]   (  167): <UG31/E>[UpiReadCapacity]: (0x0000254a) 2771 (2771) / 3602 (3985) = 77 (-286--286)
03-03 15:25:16.543 I/[UPI]   (  167): <UG31/E><BATT> M:normal, P:77(77-77)%, V:3989mV, C:-413mA, T:33.5C(396), S:0x0000254a(000), R:2771mAh, F:3602mAh, Q:2322mAh, CC:4, P:30.310(1014-0)s, BO:7, 97:615:0-44af-9m:B001-20140514-144301 (16)
03-03 15:25:16.543 I/upi_ug31xx(  167): (12990) backup_data 
03-03 15:25:16.543 V/upi_ug31xx(  167): state->check_backup_count = 9
03-03 15:25:16.783 W/BindingManager(23809): Cannot call determinedVisibility() - never saw a connection for the pid: 23809
03-03 15:25:17.453 W/BindingManager(23809): Cannot call determinedVisibility() - never saw a connection for the pid: 23809
03-03 15:25:18.053 W/BindingManager(23809): Cannot call determinedVisibility() - never saw a connection for the pid: 23809
03-03 15:25:18.403 D/        (23809): Pixel Format : GGL_PIXEL_FORMAT_RGBA_8888
03-03 15:25:20.743 I/AudioPolicyManagerBase(  187): APM: getOutput
03-03 15:25:20.743 I/AudioPolicyManagerBase(  187): APM: getOutput
03-03 15:25:20.743 I/AudioPolicyManagerBase(  187): APM: getOutput
03-03 15:25:20.743 W/AudioTrack(  506): AUDIO_OUTPUT_FLAG_FAST denied by client
03-03 15:25:20.743 D/        (23809): Surface destroy: ANDROID_NATIVE_WINDOW_MAGIC
03-03 15:25:20.743 W/InputMethodManagerService(  506): Window already focused, ignoring focus gain of: com.android.internal.view.IInputMethodClient$Stub$Proxy@22499a00 attribute=null, token = android.os.BinderProxy@2237c7d8
03-03 15:25:20.763 D/AudioPolicyManagerALSA(  187): startOutput() output 2, stream type 1, session 414
03-03 15:25:20.773 D/AudioHardwareALSA(  187): setStreamParameters: key value pair routing=2;stream_flags=2
03-03 15:25:20.773 D/RouteManager(  187): setOutputFlags: output flags = 0x2 (Prev Flags=0x2)
03-03 15:25:20.773 D/RouteManager(  187): setDevices: 0x2
03-03 15:25:20.773 D/RouteManager(  187): setDevices: 0x2
03-03 15:25:20.783 D/RouteManager(  187): setDevices: set device = IHF to output stream
03-03 15:25:20.783 D/RouteManager(  187): setStreamParameters: identical Platform State, do not reconsider routing
03-03 15:25:20.783 I/chromium(23809): [INFO:CONSOLE(0)] "'notBlobOrArrayBuffer' is not a valid value for binaryType; binaryType remains unchanged.", source: http://127.0.0.1:8080/opt/tct-websocket-w3c-tests/websocket/w3c/binaryType-wrong-value.htm (0)
03-03 15:25:20.783 D/AudioResamplerIA(  187): Create AudioResamplerIA Resampler: Input rate 44100, output rate 48000
03-03 15:25:20.803 D/PROPERTY(  187): get media.dump_output.befconv: 0
03-03 15:25:20.803 D/PROPERTY(  187): get media.dump_output.aftconv: 0
03-03 15:25:20.803 D/RouteManager(  187): startStream: {+++ RECONSIDER ROUTING +++} due to output stream start event
03-03 15:25:20.803 D/RouteManager(  187): reconsiderRouting
03-03 15:25:20.803 D/EVENT_THREAD(  187): void CEventThread::trig(uint16_t): in
03-03 15:25:20.803 D/EVENT_THREAD(  187): void CEventThread::trig(uint16_t): out
03-03 15:25:20.803 D/RouteManager(  187): doReconsiderRouting:       Platform State:
03-03 15:25:20.803 D/RouteManager(  187): doReconsiderRouting:          -Modem Alive = 0 
03-03 15:25:20.803 D/RouteManager(  187): doReconsiderRouting:          -Modem Call Active = 0 
03-03 15:25:20.803 D/RouteManager(  187): doReconsiderRouting:          -Is Shared I2S glitch free=1 
03-03 15:25:20.803 D/RouteManager(  187): doReconsiderRouting:          -Android Telephony Mode = Normal 
03-03 15:25:20.803 D/RouteManager(  187): doReconsiderRouting:          -RTE MGR HW Mode = Normal 
03-03 15:25:20.803 D/RouteManager(  187): doReconsiderRouting:          -BT Enabled = 1 
03-03 15:25:20.803 D/RouteManager(  187): doReconsiderRouting:          -BT NREC = 0 
03-03 15:25:20.803 D/RouteManager(  187): doReconsiderRouting:          -BT Band = NB 
03-03 15:25:20.803 D/RouteManager(  187): doReconsiderRouting:          -Platform output device = IHF 
03-03 15:25:20.803 D/RouteManager(  187): doReconsiderRouting:          -Platform input device = <none> 
03-03 15:25:20.803 D/RouteManager(  187): doReconsiderRouting:          -Platform input source = None 
03-03 15:25:20.803 D/RouteManager(  187): doReconsiderRouting:          -Platform Band type = NB 
03-03 15:25:20.803 D/RouteManager(  187): doReconsiderRouting:          -Platform Has Direct Stream = no 
03-03 15:25:20.803 D/RouteManager(  187): doReconsiderRouting:          -Platform TTY direction = <none> 
03-03 15:25:20.803 D/RouteManager(  187): doReconsiderRouting:          -Platform HAC Mode = Off 
03-03 15:25:20.803 D/RouteManager(  187): doReconsiderRouting:          -Platform Screen State = On 
03-03 15:25:20.803 D/RouteManager(  187): doReconsiderRouting:          -Platform Context Awareness = false 
03-03 15:25:20.803 D/RouteManager(  187): doReconsiderRouting:          -Platform Always Listening = false 
03-03 15:25:20.803 D/RouteManager(  187): doReconsiderRouting:          -Platform FM State = Off 
03-03 15:25:20.803 D/RouteManager(  187): doReconsiderRouting:          -Platform Bypass Non Linear PP State = Off 
03-03 15:25:20.803 D/RouteManager(  187): doReconsiderRouting:          -Platform Bypass Linear PP State = Off 
03-03 15:25:20.803 D/RouteManager(  187): doReconsiderRouting:          -Platform MicMute = Off 
03-03 15:25:20.803 D/RouteManager(  187): doReconsiderRouting:      Route state:
03-03 15:25:20.803 D/RouteManager(  187): doReconsiderRouting:          -Previously Enabled Route in Input = <none>
03-03 15:25:20.803 D/RouteManager(  187): doReconsiderRouting:          -Previously Enabled Route in Output = <none>
03-03 15:25:20.803 D/RouteManager(  187): doReconsiderRouting:          -Selected Route in Input = <none>
03-03 15:25:20.803 D/RouteManager(  187): doReconsiderRouting:          -Selected Route in Output = Media|HwCodecMedia
03-03 15:25:20.803 D/RouteManager(  187): doReconsiderRouting:          -Route that need reconfiguration in Input = <none>
03-03 15:25:20.803 D/RouteManager(  187): doReconsiderRouting:          -Route that need reconfiguration in Output = <none>
03-03 15:25:20.803 D/RouteManager(  187): executeMuteStage: --------------- Routing Stage = Mute ---------------
03-03 15:25:20.803 D/RouteManager(  187): parameter-framework: Selection criterion changed event: Criterion name: RoutageState, current state: Flow
03-03 15:25:20.803 D/RouteManager(  187): parameter-framework: Configuration application request {
03-03 15:25:20.803 D/RouteManager(  187): parameter-framework:     Applying configurations {
03-03 15:25:20.803 D/RouteManager(  187): parameter-framework:     } Applying configurations
03-03 15:25:20.803 D/RouteManager(  187): parameter-framework: } Configuration application request
03-03 15:25:20.803 D/RouteManager(  187): executeDisableStage: --------------- Routing Stage = Disable ---------------
03-03 15:25:20.803 D/RouteManager(  187): parameter-framework: Selection criterion changed event: Criterion name: RoutageState, current state: Path
03-03 15:25:20.803 D/RouteManager(  187): parameter-framework: Configuration application request {
03-03 15:25:20.803 D/RouteManager(  187): parameter-framework:     Applying configurations {
03-03 15:25:20.803 D/RouteManager(  187): parameter-framework:     } Applying configurations
03-03 15:25:20.803 D/RouteManager(  187): parameter-framework: } Configuration application request
03-03 15:25:20.803 D/RouteManager(  187): executeConfigureStage: --------------- Routing Stage = Configure ---------------
03-03 15:25:20.803 D/RouteManager(  187): parameter-framework: Selection criterion changed event: Criterion name: RoutageState, current state: Configure
03-03 15:25:20.803 D/RouteManager(  187): parameter-framework: Selection criterion changed event: Criterion name: OpenedPlaybackRoutes, current state: Media|HwCodecMedia
03-03 15:25:20.803 D/RouteManager(  187): parameter-framework: Configuration application request {
03-03 15:25:20.803 D/RouteManager(  187): parameter-framework:     Applying configurations {
03-03 15:25:20.803 D/RouteManager(  187): parameter-framework:         Applying configuration "Activated" from domain "Routing.Configure.LPE_Mixer.IHF"
03-03 15:25:20.843 D/RouteManager(  187): parameter-framework:     } Applying configurations
03-03 15:25:20.843 D/RouteManager(  187): parameter-framework: } Configuration application request
03-03 15:25:20.843 D/RouteManager(  187): executeEnableStage: --------------- Routing Stage = Enable ---------------
03-03 15:25:20.843 D/RouteManager(  187): parameter-framework: Selection criterion changed event: Criterion name: RoutageState, current state: Path|Configure
03-03 15:25:20.843 D/RouteManager(  187): doEnableRoutes: Routes to be enabled(routed) in Output = Media|HwCodecMedia
03-03 15:25:20.843 D/RouteManager(  187): parameter-framework: Configuration application request {
03-03 15:25:20.843 D/RouteManager(  187): parameter-framework:     Applying configurations {
03-03 15:25:20.843 D/RouteManager(  187): parameter-framework:         Applying configuration "Enable" from domain "Routing.Enable.HWCodec.Playback.IHF"
03-03 15:25:20.843 D/RouteManager(  187): parameter-framework:         Applying configuration "Enable" from domain "Routing.Enable.HWCodec.Playback.Multimedia.IHF"
03-03 15:25:20.843 D/RouteManager(  187): parameter-framework:         Applying configuration "Enable" from domain "Routing.Enable.HWCodec.Playback.Multimedia.Playback"
03-03 15:25:20.853 D/RouteManager(  187): parameter-framework:     } Applying configurations
03-03 15:25:20.853 D/RouteManager(  187): parameter-framework: } Configuration application request
03-03 15:25:20.853 D/RouteManager(  187): doEnableRoutes: Routes to be enabled(routed) in Output = Media|HwCodecMedia
03-03 15:25:20.853 D/RouteManager/StreamRoute(  187): openPcmDevice called for card (baytrailaudio,0)
03-03 15:25:20.853 D/RouteManager/StreamRoute(  187): openPcmDevice		 config=rate(48000), format(0), channels(2))
03-03 15:25:20.853 D/RouteManager/StreamRoute(  187): openPcmDevice		 period_size=1152, period_count=4
03-03 15:25:20.853 D/RouteManager/StreamRoute(  187): openPcmDevice		 startTh=4607, stop Th=4608 silence Th=0
03-03 15:25:20.943 D/ALSAStreamOps(  187): attachRouteL output stream
03-03 15:25:20.943 D/AudioConversion(  187): configure: no convertion required
03-03 15:25:20.943 D/RouteManager(  187): executeUnmuteStage: --------------- Routing Stage = Unmute ---------------
03-03 15:25:20.943 D/RouteManager(  187): parameter-framework: Selection criterion changed event: Criterion name: RoutageState, current state: Flow|Path|Configure
03-03 15:25:20.943 D/RouteManager(  187): parameter-framework: Configuration application request {
03-03 15:25:20.943 D/RouteManager(  187): parameter-framework:     Applying configurations {
03-03 15:25:20.943 D/RouteManager(  187): parameter-framework:     } Applying configurations
03-03 15:25:20.943 D/RouteManager(  187): parameter-framework: } Configuration application request
03-03 15:25:20.943 D/EVENT_THREAD(  187): void CEventThread::run() Do poll with timeout: -1
