03-03 15:30:00.123 D/wpa_supplicant(  659): wlan0:    skip - SSID mismatch
03-03 15:30:00.123 D/wpa_supplicant(  659): wlan0: 10: 14:d6:4d:28:ef:c8 ssid='dlink' wpa_ie_len=0 rsn_ie_len=20 caps=0x31 level=-70 wps
03-03 15:30:00.123 D/wpa_supplicant(  659): wlan0:    skip - SSID mismatch
03-03 15:30:00.123 D/wpa_supplicant(  659): wlan0: 11: cc:b2:55:e2:84:70 ssid='DLINK_APK' wpa_ie_len=22 rsn_ie_len=20 caps=0x411 level=-70
03-03 15:30:00.123 D/wpa_supplicant(  659): wlan0:    skip - SSID mismatch
03-03 15:30:00.123 D/wpa_supplicant(  659): wlan0: 12: f4:b7:e2:2b:41:b7 ssid='cmscc' wpa_ie_len=0 rsn_ie_len=20 caps=0x31 level=-74
03-03 15:30:00.123 D/wpa_supplicant(  659): wlan0:    skip - SSID mismatch
03-03 15:30:00.123 D/wpa_supplicant(  659): wlan0: 13: 44:94:fc:3d:da:38 ssid='6300' wpa_ie_len=0 rsn_ie_len=0 caps=0x411 level=-46
03-03 15:30:00.123 D/wpa_supplicant(  659): wlan0:    skip - SSID mismatch
03-03 15:30:00.123 D/wpa_supplicant(  659): wlan0: 14: 7a:24:af:24:0f:48 ssid='DIRECT-' wpa_ie_len=0 rsn_ie_len=0 caps=0x410 level=-53
03-03 15:30:00.123 D/wpa_supplicant(  659): wlan0:    skip - SSID mismatch
03-03 15:30:00.123 D/wpa_supplicant(  659): wlan0: 15: c0:c1:c0:76:81:3c ssid='E2000' wpa_ie_len=0 rsn_ie_len=0 caps=0x401 level=-57 wps
03-03 15:30:00.123 D/wpa_supplicant(  659): wlan0:    skip - SSID mismatch
03-03 15:30:00.123 D/wpa_supplicant(  659): wlan0: 16: 50:bd:5f:4b:29:92 ssid='Internet-2' wpa_ie_len=0 rsn_ie_len=0 caps=0x421 level=-65
03-03 15:30:00.123 D/wpa_supplicant(  659): wlan0:    skip - SSID mismatch
03-03 15:30:00.123 D/wpa_supplicant(  659): wlan0: No suitable network found
03-03 15:30:00.123 D/wpa_supplicant(  659): wlan0: Setting scan request: 40 sec 0 usec
03-03 15:30:00.123 D/wpa_supplicant(  659): wlan0: Checking for other virtual interfaces sharing same radio (phy0) in event_scan_results
03-03 15:30:00.123 D/wpa_supplicant(  659): p2p-dev-wlan0: Updating scan results from sibling
03-03 15:30:00.123 D/wpa_supplicant(  659): nl80211: Received scan results (18 BSSes)
03-03 15:30:00.123 D/wpa_supplicant(  659): nl80211: Survey data missing
03-03 15:30:00.123 D/wpa_supplicant(  659): p2p-dev-wlan0: BSS: Start scan result update 1500
03-03 15:30:00.123 D/wpa_supplicant(  659): BSS: No P2P IE - skipping BSS c8:d7:19:60:62:f2 update for P2P interface
03-03 15:30:00.123 D/wpa_supplicant(  659): BSS: No P2P IE - skipping BSS f8:d1:11:e7:99:e8 update for P2P interface
03-03 15:30:00.123 D/wpa_supplicant(  659): BSS: No P2P IE - skipping BSS 98:fc:11:81:35:fb update for P2P interface
03-03 15:30:00.123 D/wpa_supplicant(  659): BSS: No P2P IE - skipping BSS 90:94:e4:03:45:f5 update for P2P interface
03-03 15:30:00.123 D/wpa_supplicant(  659): BSS: No P2P IE - skipping BSS cc:34:29:2b:26:4c update for P2P interface
03-03 15:30:00.123 D/wpa_supplicant(  659): BSS: No P2P IE - skipping BSS cc:34:29:2c:fb:ec update for P2P interface
03-03 15:30:00.123 D/wpa_supplicant(  659): BSS: No P2P IE - skipping BSS b0:48:7a:51:ff:cc update for P2P interface
03-03 15:30:00.123 D/wpa_supplicant(  659): BSS: No P2P IE - skipping BSS e4:d3:32:c0:cf:a4 update for P2P interface
03-03 15:30:00.123 D/wpa_supplicant(  659): BSS: No P2P IE - skipping BSS c4:17:fe:3f:4f:fb update for P2P interface
03-03 15:30:00.123 D/wpa_supplicant(  659): BSS: No P2P IE - skipping BSS e4:d3:32:36:2e:54 update for P2P interface
03-03 15:30:00.123 D/wpa_supplicant(  659): BSS: No P2P IE - skipping BSS 14:d6:4d:28:ef:c8 update for P2P interface
03-03 15:30:00.123 D/wpa_supplicant(  659): BSS: No P2P IE - skipping BSS cc:b2:55:e2:84:70 update for P2P interface
03-03 15:30:00.123 D/wpa_supplicant(  659): BSS: No P2P IE - skipping BSS f4:b7:e2:2b:41:b7 update for P2P interface
03-03 15:30:00.123 D/wpa_supplicant(  659): BSS: No P2P IE - skipping BSS 44:94:fc:3d:da:38 update for P2P interface
03-03 15:30:00.123 D/wpa_supplicant(  659): BSS: No P2P IE - skipping BSS 7a:24:af:24:0f:48 update for P2P interface
03-03 15:30:00.123 D/wpa_supplicant(  659): BSS: No P2P IE - skipping BSS c0:c1:c0:76:81:3c update for P2P interface
03-03 15:30:00.123 D/wpa_supplicant(  659): BSS: No P2P IE - skipping BSS 50:bd:5f:4b:29:92 update for P2P interface
03-03 15:30:00.123 D/wpa_supplicant(  659): BSS: last_scan_res_used=0/32 last_scan_full=0
03-03 15:30:00.123 D/wpa_supplicant(  659): p2p-dev-wlan0: New scan results available
03-03 15:30:00.123 D/wpa_supplicant(  659): CTRL_IFACE monitor send - hexdump(len=39): 2f 64 61 74 61 2f 6d 69 73 63 2f 77 69 66 69 2f 73 6f 63 6b 65 74 73 2f 77 70 61 5f 63 74 72 6c ...
03-03 15:30:00.123 D/wpa_supplicant(  659): WPS: AP[0] c8:d7:19:60:62:f2 type=0 tries=0 last_attempt=-1 sec ago blacklist=0
03-03 15:30:00.123 I/WifiHW  (  506): EVENT: IFNAME=p2p-dev-wlan0 CTRL-EVENT-SCAN-RESULTS 
03-03 15:30:00.123 D/wpa_supplicant(  659): WPS: AP[1] f8:d1:11:e7:99:e8 type=0 tries=0 last_attempt=-1 sec ago blacklist=0
03-03 15:30:00.123 D/wpa_supplicant(  659): WPS: AP[2] cc:34:29:2c:fb:ec type=0 tries=0 last_attempt=-1 sec ago blacklist=0
03-03 15:30:00.123 D/wpa_supplicant(  659): WPS: AP[3] 10:c3:7b:d2:e5:e0 type=0 tries=0 last_attempt=-1 sec ago blacklist=0
03-03 15:30:00.123 D/wpa_supplicant(  659): WPS: AP[4] cc:34:29:2b:26:4c type=0 tries=0 last_attempt=-1 sec ago blacklist=0
03-03 15:30:00.123 D/wpa_supplicant(  659): WPS: AP[5] 44:94:fc:3d:da:38 type=0 tries=0 last_attempt=-1 sec ago blacklist=0
03-03 15:30:00.123 D/wpa_supplicant(  659): WPS: AP[6] b0:48:7a:51:ff:cc type=0 tries=0 last_attempt=-1 sec ago blacklist=0
03-03 15:30:00.123 D/wpa_supplicant(  659): WPS: AP[7] c0:c1:c0:76:81:3c type=0 tries=0 last_attempt=-1 sec ago blacklist=0
03-03 15:30:00.123 D/wpa_supplicant(  659): WPS: AP[8] 10:9f:a9:dc:b1:fc type=0 tries=0 last_attempt=-1 sec ago blacklist=0
03-03 15:30:00.123 D/wpa_supplicant(  659): WPS: AP[9] 98:fc:11:81:35:fb type=0 tries=0 last_attempt=-1 sec ago blacklist=0
03-03 15:30:00.123 D/wpa_supplicant(  659): WPS: AP[10] e4:d3:32:36:2e:54 type=0 tries=0 last_attempt=-1 sec ago blacklist=0
03-03 15:30:00.123 D/wpa_supplicant(  659): WPS: AP[11] c0:a0:bb:20:3b:84 type=0 tries=0 last_attempt=-1 sec ago blacklist=0
03-03 15:30:00.123 D/wpa_supplicant(  659): WPS: AP[12] 14:d6:4d:28:ef:c8 type=0 tries=0 last_attempt=-1 sec ago blacklist=0
03-03 15:30:00.123 D/wpa_supplicant(  659): WPS: AP[13] 2c:b0:5d:7f:f4:24 type=0 tries=0 last_attempt=-1 sec ago blacklist=0
03-03 15:30:00.123 D/wpa_supplicant(  659): WPS: AP[14] 9c:21:6a:0d:eb:72 type=0 tries=0 last_attempt=-1 sec ago blacklist=0
03-03 15:30:00.123 D/wpa_supplicant(  659): WPS: AP[15] 28:2c:b2:44:e4:00 type=0 tries=0 last_attempt=-1 sec ago blacklist=0
03-03 15:30:00.123 D/wpa_supplicant(  659): WPS: AP[16] 78:a1:06:55:fe:30 type=0 tries=0 last_attempt=-1 sec ago blacklist=0
03-03 15:30:00.123 D/wpa_supplicant(  659): WPS: AP[17] c0:61:18:21:8c:ce type=0 tries=0 last_attempt=-1 sec ago blacklist=0
03-03 15:30:00.123 D/wpa_supplicant(  659): WPS: AP[18] 78:54:2e:f5:fb:9e type=0 tries=0 last_attempt=-1 sec ago blacklist=0
03-03 15:30:00.123 D/wpa_supplicant(  659): WPS: AP[19] a8:15:4d:13:9a:08 type=0 tries=0 last_attempt=-1 sec ago blacklist=0
03-03 15:30:00.123 D/wpa_supplicant(  659): WPS: AP[20] 20:dc:e6:3f:eb:f2 type=0 tries=0 last_attempt=-1 sec ago blacklist=0
03-03 15:30:00.123 D/wpa_supplicant(  659): WPS: AP[21] 6c:e8:73:29:30:22 type=0 tries=0 last_attempt=-1 sec ago blacklist=0
03-03 15:30:00.123 D/wpa_supplicant(  659): WPS: AP[22] 14:e6:e4:b8:85:76 type=0 tries=0 last_attempt=-1 sec ago blacklist=0
03-03 15:30:00.123 D/wpa_supplicant(  659): WPS: AP[23] 64:09:80:1e:91:78 type=0 tries=0 last_attempt=-1 sec ago blacklist=0
03-03 15:30:00.123 D/wpa_supplicant(  659): WPS: AP[24] ec:88:8f:6a:0c:a8 type=0 tries=0 last_attempt=-1 sec ago blacklist=0
03-03 15:30:00.123 D/wpa_supplicant(  659): WPS: AP[25] d0:15:4a:15:5d:1a type=0 tries=0 last_attempt=-1 sec ago blacklist=0
03-03 15:30:00.123 D/wpa_supplicant(  659): WPS: AP[26] 1c:fa:68:11:5a:b6 type=0 tries=0 last_attempt=-1 sec ago blacklist=0
03-03 15:30:00.123 D/wpa_supplicant(  659): WPS: AP[27] 8c:be:be:26:4b:8b type=0 tries=0 last_attempt=-1 sec ago blacklist=0
03-03 15:30:00.123 D/wpa_supplicant(  659): WPS: AP[28] 64:09:80:15:31:84 type=0 tries=0 last_attempt=-1 sec ago blacklist=0
03-03 15:30:00.123 D/wpa_supplicant(  659): WPS: AP[29] bc:d1:77:f3:0b:28 type=0 tries=0 last_attempt=-1 sec ago blacklist=0
03-03 15:30:00.123 D/wpa_supplicant(  659): WPS: AP[30] c0:61:18:4e:07:fc type=0 tries=0 last_attempt=-1 sec ago blacklist=0
03-03 15:30:00.123 D/wpa_supplicant(  659): WPS: AP[31] f4:ec:38:6d:cf:d6 type=0 tries=0 last_attempt=-1 sec ago blacklist=0
03-03 15:30:00.123 D/wpa_supplicant(  659): WPS: AP[32] e4:d3:32:0a:fb:34 type=0 tries=0 last_attempt=-1 sec ago blacklist=0
03-03 15:30:00.123 D/wpa_supplicant(  659): WPS: AP[33] 8c:be:be:28:2d:f8 type=0 tries=0 last_attempt=-1 sec ago blacklist=0
03-03 15:30:00.123 D/wpa_supplicant(  659): WPS: AP[34] d8:15:0d:c4:57:de type=0 tries=0 last_attempt=-1 sec ago blacklist=0
03-03 15:30:00.123 D/wpa_supplicant(  659): WPS: AP[35] 40:16:9f:9b:64:fa type=0 tries=0 last_attempt=-1 sec ago blacklist=0
03-03 15:30:00.123 D/wpa_supplicant(  659): WPS: AP[36] ec:1a:59:0b:f4:8c type=0 tries=0 last_attempt=-1 sec ago blacklist=0
03-03 15:30:00.123 D/wpa_supplicant(  659): WPS: AP[37] 66:09:80:d9:a2:5d type=0 tries=0 last_attempt=-1 sec ago blacklist=0
03-03 15:30:00.123 D/wpa_supplicant(  659): WPS: AP[38] 7a:ff:57:00:13:8e type=0 tries=0 last_attempt=-1 sec ago blacklist=0
03-03 15:30:00.123 D/wpa_supplicant(  659): WPS: AP[39] 7a:ff:57:00:14:32 type=0 tries=0 last_attempt=-1 sec ago blacklist=0
03-03 15:30:00.123 D/wpa_supplicant(  659): WPS: AP[40] 02:13:20:ff:b6:3c type=0 tries=0 last_attempt=-1 sec ago blacklist=0
03-03 15:30:00.123 D/wpa_supplicant(  659): WPS: AP[41] 02:1e:67:80:2b:36 type=0 tries=0 last_attempt=-1 sec ago blacklist=0
03-03 15:30:00.123 D/wpa_supplicant(  659): WPS: AP[42] 02:09:4c:4f:4c:0a type=0 tries=0 last_attempt=-1 sec ago blacklist=0
03-03 15:30:00.123 D/wpa_supplicant(  659): p2p-dev-wlan0: No suitable network found
03-03 15:30:00.123 D/wpa_supplicant(  659): p2p-dev-wlan0: Short-circuit new scan request since there are no enabled networks
03-03 15:30:00.123 D/wpa_supplicant(  659): p2p-dev-wlan0: State: INACTIVE -> INACTIVE
03-03 15:30:00.123 D/wpa_supplicant(  659): wlan0: P2P: Station mode scan operation not pending anymore (sta_scan_pending=0 p2p_cb_on_scan_complete=0)
03-03 15:30:00.123 D/wpa_supplicant(  659): RX ctrl_iface - hexdump(len=25): 42 53 53 20 52 41 4e 47 45 3d 30 2d 20 4d 41 53 4b 3d 30 78 32 31 39 38 37
03-03 15:30:00.123 D/wpa_supplicant(  659): wlan0: Control interface command 'BSS RANGE=0- MASK=0x21987'
03-03 15:30:00.123 D/wpa_supplicant(  659): RTM_NEWLINK: operstate=0 ifi_flags=0x11003 ([UP][LOWER_UP])
03-03 15:30:00.123 D/wpa_supplicant(  659): RTM_NEWLINK, IFLA_IFNAME: Interface 'wlan0' added
03-03 15:30:00.123 I/WifiHW  (  506): REPLY: id=3292
03-03 15:30:00.123 I/WifiHW  (  506): REPLY: bssid=c8:d7:19:60:62:f2
03-03 15:30:00.123 I/WifiHW  (  506): REPLY: freq=2437
03-03 15:30:00.123 I/WifiHW  (  506): REPLY: level=-45
03-03 15:30:00.123 I/WifiHW  (  506): REPLY: tsf=0000280521912467
03-03 15:30:00.123 I/WifiHW  (  506): REPLY: flags=[WPA2-EAP-CCMP-preauth][ESS]
03-03 15:30:00.123 I/WifiHW  (  506): REPLY: ssid=E3000-2.4G
03-03 15:30:00.123 I/WifiHW  (  506): REPLY: ====
03-03 15:30:00.123 I/WifiHW  (  506): REPLY: id=3293
03-03 15:30:00.123 I/WifiHW  (  506): REPLY: bssid=f8:d1:11:e7:99:e8
03-03 15:30:00.123 I/WifiHW  (  506): REPLY: freq=2437
03-03 15:30:00.123 I/WifiHW  (  506): REPLY: level=-51
03-03 15:30:00.123 I/WifiHW  (  506): REPLY: tsf=0000280521912461
03-03 15:30:00.123 I/WifiHW  (  506): REPLY: flags=[WPA-PSK-CCMP][WPA2-PSK-CCMP][WPS][ESS]
03-03 15:30:00.123 I/WifiHW  (  506): REPLY: ssid=videotest
03-03 15:30:00.123 I/WifiHW  (  506): REPLY: ====
03-03 15:30:00.123 I/WifiHW  (  506): REPLY: id=3294
03-03 15:30:00.123 I/WifiHW  (  506): REPLY: bssid=98:fc:11:81:35:fb
03-03 15:30:00.123 I/WifiHW  (  506): REPLY: freq=2412
03-03 15:30:00.123 D/wpa_supplicant(  659): nl80211: if_removed already cleared - ignore event
03-03 15:30:00.123 I/WifiHW  (  506): REPLY: level=-59
03-03 15:30:00.123 I/WifiHW  (  506): REPLY: tsf=0000280521912453
03-03 15:30:00.123 I/WifiHW  (  506): REPLY: flags=[WPA2-PSK-CCMP][WPS][ESS]
03-03 15:30:00.123 I/WifiHW  (  506): REPLY: ssid=E2000EE
03-03 15:30:00.123 I/WifiHW  (  506): REPLY: ====
03-03 15:30:00.123 I/WifiHW  (  506): REPLY: id=3295
03-03 15:30:00.123 I/WifiHW  (  506): REPLY: bssid=90:94:e4:03:45:f5
03-03 15:30:00.123 I/WifiHW  (  506): REPLY: freq=2442
03-03 15:30:00.123 I/WifiHW  (  506): REPLY: level=-60
03-03 15:30:00.123 I/WifiHW  (  506): REPLY: tsf=0000280521912480
03-03 15:30:00.123 I/WifiHW  (  506): REPLY: flags=[WPA2-PSK-CCMP+TKIP][ESS]
03-03 15:30:00.123 I/WifiHW  (  506): REPLY: ssid=DAP-2553_D
03-03 15:30:00.123 I/WifiHW  (  506): REPLY: ====
03-03 15:30:00.123 I/WifiHW  (  506): REPLY: id=3296
03-03 15:30:00.123 I/WifiHW  (  506): REPLY: bssid=10:c3:7b:d2:e5:e0
03-03 15:30:00.123 I/WifiHW  (  506): REPLY: freq=2462
03-03 15:30:00.123 I/WifiHW  (  506): REPLY: level=-65
03-03 15:30:00.123 I/WifiHW  (  506): REPLY: tsf=0000280480689573
03-03 15:30:00.123 I/WifiHW  (  506): REPLY: flags=[WPA2-PSK-CCMP][WPS][ESS]
03-03 15:30:00.123 I/WifiHW  (  506): REPLY: ssid=ASUS_RT-AC66U-2.4G
03-03 15:30:00.123 I/WifiHW  (  506): REPLY: ====
03-03 15:30:00.123 I/WifiHW  (  506): REPLY: id=3299
03-03 15:30:00.123 I/WifiHW  (  506): REPLY: bssid=cc:34:29:2c:fb:ec
03-03 15:30:00.123 I/WifiHW  (  506): REPLY: freq=2412
03-03 15:30:00.123 I/WifiHW  (  506): REPLY: level=-61
03-03 15:30:00.123 I/WifiHW  (  506): REPLY: tsf=0000280521912456
03-03 15:30:00.123 I/WifiHW  (  506): REPLY: flags=[WPA-PSK-CCMP][WPA2-PSK-CCMP][WPS][ESS]
03-03 15:30:00.123 I/WifiHW  (  506): REPLY: ssid=linksys
03-03 15:30:00.123 I/WifiHW  (  506): REPLY: ====
03-03 15:30:00.123 I/WifiHW  (  506): REPLY: id=3303
03-03 15:30:00.123 I/WifiHW  (  506): REPLY: bssid=7a:24:af:24:0f:48
03-03 15:30:00.123 I/WifiHW  (  506): REPLY: freq=2412
03-03 15:30:00.123 I/WifiHW  (  506): REPLY: level=-53
03-03 15:30:00.123 I/WifiHW  (  506): REPLY: tsf=0000280521912491
03-03 15:30:00.123 I/WifiHW  (  506): REPLY: flags=[WEP]
03-03 15:30:00.123 I/WifiHW  (  506): REPLY: ssid=DIRECT-
03-03 15:30:00.123 I/WifiHW  (  506): REPLY: ====
03-03 15:30:00.123 I/WifiHW  (  506): REPLY: id=3304
03-03 15:30:00.123 I/WifiHW  (  506): REPLY: bssid=44:94:fc:3d:da:38
03-03 15:30:00.123 I/WifiHW  (  506): REPLY: freq=2462
03-03 15:30:00.123 I/WifiHW  (  506): REPLY: level=-46
03-03 15:30:00.123 I/WifiHW  (  506): REPLY: tsf=0000280521912488
03-03 15:30:00.123 I/WifiHW  (  506): REPLY: flags=[WEP][ESS]
03-03 15:30:00.123 I/WifiHW  (  506): REPLY: ssid=6300
03-03 15:30:00.123 I/WifiHW  (  506): REPLY: ====
03-03 15:30:00.123 I/WifiHW  (  506): REPLY: id=3307
03-03 15:30:00.123 I/WifiHW  (  506): REPLY: bssid=50:bd:5f:4b:29:92
03-03 15:30:00.123 I/WifiHW  (  506): REPLY: freq=2437
03-03 15:30:00.123 I/WifiHW  (  506): REPLY: level=-65
03-03 15:30:00.123 I/WifiHW  (  506): REPLY: tsf=0000280521912469
03-03 15:30:00.123 I/WifiHW  (  506): REPLY: flags=[ESS]
03-03 15:30:00.123 I/WifiHW  (  506): REPLY: ssid=Internet-2
03-03 15:30:00.123 I/WifiHW  (  506): REPLY: ====
03-03 15:30:00.123 I/WifiHW  (  506): REPLY: id=3319
03-03 15:30:00.123 I/WifiHW  (  506): REPLY: bssid=c4:17:fe:3f:4f:fb
03-03 15:30:00.123 I/WifiHW  (  506): REPLY: freq=2437
03-03 15:30:00.123 I/WifiHW  (  506): REPLY: level=-68
03-03 15:30:00.123 I/WifiHW  (  506): REPLY: tsf=0000280521912459
03-03 15:30:00.123 I/WifiHW  (  506): REPLY: flags=[WPA2-PSK-CCMP][ESS]
03-03 15:30:00.123 I/WifiHW  (  506): REPLY: ssid=cmcm
03-03 15:30:00.123 I/WifiHW  (  506): REPLY: ====
03-03 15:30:00.123 I/WifiHW  (  506): REPLY: id=3373
03-03 15:30:00.123 I/WifiHW  (  506): REPLY: bssid=cc:34:29:2b:26:4c
03-03 15:30:00.123 I/WifiHW  (  506): REPLY: freq=2462
03-03 15:30:00.123 I/WifiHW  (  506): REPLY: level=-60
03-03 15:30:00.123 I/WifiHW  (  506): REPLY: tsf=0000280521912486
03-03 15:30:00.123 I/WifiHW  (  506): REPLY: flags=[WPA2-PSK-CCMP][WPS][ESS]
03-03 15:30:00.123 I/WifiHW  (  506): REPLY: ssid=cws-test
03-03 15:30:00.123 I/WifiHW  (  506): REPLY: ====
03-03 15:30:00.123 I/WifiHW  (  506): REPLY: id=3377
03-03 15:30:00.123 I/WifiHW  (  506): REPLY: bssid=e4:d3:32:c0:cf:a4
03-03 15:30:00.123 I/WifiHW  (  506): REPLY: freq=2437
03-03 15:30:00.123 I/WifiHW  (  506): REPLY: level=-68
03-03 15:30:00.123 I/WifiHW  (  506): REPLY: tsf=0000280521912464
03-03 15:30:00.123 I/WifiHW  (  506): REPLY: flags=[WPA2-PSK-CCMP][ESS]
03-03 15:30:00.123 I/WifiHW  (  506): REPLY: ssid=fast
03-03 15:30:00.123 I/WifiHW  (  506): REPLY: ====
03-03 15:30:00.123 I/WifiHW  (  506): REPLY: id=3380
03-03 15:30:00.123 I/WifiHW  (  506): REPLY: bssid=e4:d3:32:36:2e:54
03-03 15:30:00.123 I/WifiHW  (  506): REPLY: freq=2472
03-03 15:30:00.123 I/WifiHW  (  506): REPLY: level=-69
03-03 15:30:00.123 I/WifiHW  (  506): REPLY: tsf=0000280521912500
03-03 15:30:00.123 I/WifiHW  (  506): REPLY: flags=[WPA-PSK-CCMP+TKIP][WPA2-PSK-CCMP+TKIP][WPS][ESS]
03-03 15:30:00.123 I/WifiHW  (  506): REPLY: ssid=otc
03-03 15:30:00.123 I/WifiHW  (  506): REPLY: ====
03-03 15:30:00.123 I/WifiHW  (  506): REPLY: id=3382
03-03 15:30:00.123 I/WifiHW  (  506): REPLY: bssid=7e:7a:91:dc:83:0e
03-03 15:30:00.123 I/WifiHW  (  506): REPLY: freq=2437
03-03 15:30:00.123 I/WifiHW  (  506): REPLY: level=-73
03-03 15:30:00.123 I/WifiHW  (  506): REPLY: tsf=0000280480689554
03-03 15:30:00.123 I/WifiHW  (  506): REPLY: flags=[WPA2-PSK-CCMP][ESS]
03-03 15:30:00.123 I/WifiHW  (  506): REPLY: ssid=Donny
03-03 15:30:00.123 I/WifiHW  (  506): REPLY: ====
03-03 15:30:00.123 I/WifiHW  (  506): REPLY: id=3385
03-03 15:30:00.123 I/WifiHW  (  506): REPLY: bssid=f4:b7:e2:2b:41:b7
03-03 15:30:00.123 I/WifiHW  (  506): REPLY: freq=2437
03-03 15:30:00.123 I/WifiHW  (  506): REPLY: level=-74
03-03 15:30:00.123 I/WifiHW  (  506): REPLY: tsf=0000280521912475
03-03 15:30:00.123 I/WifiHW  (  506): REPLY: flags=[WPA2-PSK-CCMP][ESS]
03-03 15:30:00.123 I/WifiHW  (  506): REPLY: ssid=cmscc
03-03 15:30:00.123 I/WifiHW  (  506): REPLY: ====
03-03 15:30:00.123 I/WifiHW  (  506): REPLY: id=3387
03-03 15:30:00.123 I/WifiHW  (  506): REPLY: bssid=b0:48:7a:51:ff:cc
03-03 15:30:00.123 I/WifiHW  (  506): REPLY: freq=2452
03-03 15:30:00.123 I/WifiHW  (  506): REPLY: level=-67
03-03 15:30:00.123 I/WifiHW  (  506): REPLY: tsf=0000280521912483
03-03 15:30:00.123 I/WifiHW  (  506): REPLY: flags=[WPA-PSK-CCMP][WPA2-PSK-CCMP][WPS][ESS]
03-03 15:30:00.123 I/WifiHW  (  506): REPLY: ssid=Neusoft TP
03-03 15:30:00.123 I/WifiHW  (  506): REPLY: ====
03-03 15:30:00.123 I/WifiHW  (  506): REPLY: id=3388
03-03 15:30:00.123 I/WifiHW  (  506): REPLY: bssid=14:d6:4d:28:ef:c8
03-03 15:30:00.123 I/WifiHW  (  506): REPLY: freq=2437
03-03 15:30:00.123 I/WifiHW  (  506): REPLY: level=-70
03-03 15:30:00.123 I/WifiHW  (  506): REPLY: tsf=0000280521912472
03-03 15:30:00.123 I/WifiHW  (  506): REPLY: flags=[WPA2-PSK-CCMP][WPS][ESS]
03-03 15:30:00.123 I/WifiHW  (  506): REPLY: ssid=dlink
03-03 15:30:00.123 I/WifiHW  (  506): REPLY: ====
03-03 15:30:00.123 I/WifiHW  (  506): REPLY: id=3389
03-03 15:30:00.123 I/WifiHW  (  506): REPLY: bssid=2c:b0:5d:7f:f4:24
03-03 15:30:00.123 I/WifiHW  (  506): REPLY: freq=2412
03-03 15:30:00.123 I/WifiHW  (  506): REPLY: level=-81
03-03 15:30:00.123 I/WifiHW  (  506): REPLY: tsf=0000280480689536
03-03 15:30:00.123 I/WifiHW  (  506): REPLY: flags=[WPA2-PSK-CCMP][WPS][ESS]
03-03 15:30:00.123 I/WifiHW  (  506): REPLY: ssid=NETGEAR38
03-03 15:30:00.123 I/WifiHW  (  506): REPLY: ====
03-03 15:30:00.123 I/WifiHW  (  506): REPLY: id=3393
03-03 15:30:00.123 I/WifiHW  (  506): REPLY: bssid=cc:b2:55:e2:84:70
03-03 15:30:00.123 I/WifiHW  (  506): REPLY: freq=2447
03-03 15:30:00.123 I/WifiHW  (  506): REPLY: level=-70
03-03 15:30:00.123 I/WifiHW  (  506): REPLY: tsf=0000280521912477
03-03 15:30:00.123 I/WifiHW  (  506): REPLY: flags=[WPA-PSK-TKIP][WPA2-PSK-TKIP][ESS]
03-03 15:30:00.123 I/WifiHW  (  506): REPLY: ssid=DLINK_APK
03-03 15:30:00.123 I/WifiHW  (  506): REPLY: ====
03-03 15:30:00.123 I/WifiHW  (  506): REPLY: id=3395
03-03 15:30:00.123 I/WifiHW  (  506): REPLY: bssid=c0:c1:c0:76:81:3c
03-03 15:30:00.123 I/WifiHW  (  506): REPLY: freq=2462
03-03 15:30:00.123 I/WifiHW  (  506): REPLY: level=-57
03-03 15:30:00.123 I/WifiHW  (  506): REPLY: tsf=0000280521912497
03-03 15:30:00.123 I/WifiHW  (  506): REPLY: flags=[WPS][ESS]
03-03 15:30:00.123 I/WifiHW  (  506): REPLY: ssid=E2000
03-03 15:30:00.123 I/WifiHW  (  506): REPLY: ####
03-03 15:30:00.203 D/AndroidRuntime(25759): 
03-03 15:30:00.203 D/AndroidRuntime(25759): >>>>>> AndroidRuntime START com.android.internal.os.RuntimeInit <<<<<<
03-03 15:30:00.203 D/AndroidRuntime(25759): CheckJNI is OFF
03-03 15:30:00.203 I/AndroidRuntime(25759): Kernel Release Version: 3.10.20-gf818079
03-03 15:30:00.203 I/dalvikvm(25759): No library specified. The standard exception handler will be used
03-03 15:30:00.203 I/dalvikvm(25759): 
03-03 15:30:00.203 I/dalvikvm(25759): +++++++++++++ Using PCG. +++++++++++++++++++++
03-03 15:30:00.213 D/dalvikvm(25759): Trying to load lib libjavacore.so 0x0
03-03 15:30:00.213 D/dalvikvm(25759): Added shared lib libjavacore.so 0x0
03-03 15:30:00.213 D/dalvikvm(25759): Trying to load lib libnativehelper.so 0x0
03-03 15:30:00.213 D/dalvikvm(25759): Added shared lib libnativehelper.so 0x0
03-03 15:30:00.213 D/dalvikvm(25759): No JNI_OnLoad found in libnativehelper.so 0x0, skipping init
03-03 15:30:00.213 D/dalvikvm(25759): Extra Options: not specified
03-03 15:30:00.233 D/dalvikvm(25759): Note: class Landroid/app/ActivityManagerNative; has 186 unimplemented (abstract) methods
03-03 15:30:00.303 E/memtrack(25759): Couldn't load memtrack module (No such file or directory)
03-03 15:30:00.303 E/android.os.Debug(25759): failed to load memtrack module: -2
03-03 15:30:00.333 D/AndroidRuntime(25759): Calling main entry com.android.commands.am.Am
03-03 15:30:00.363 I/ActivityManager(  506): START u0 {flg=0x10000000 cmp=org.xwalk.webapi_service_tests/.WebapiServiceTestsActivity} from pid 25759
03-03 15:30:00.373 W/ufoGralloc(  172): registerBuffer() handle 0xb8385cb0/6 didn't require registration
03-03 15:30:00.373 D/AndroidRuntime(25759): Shutting down VM
03-03 15:30:00.373 D/dalvikvm(25759): GC_CONCURRENT freed 110K, 16% free 673K/800K, paused 0ms+0ms, total 1ms
03-03 15:30:00.383 D/dalvikvm(25759): Compiler shutdown in progress - discarding request
03-03 15:30:00.383 D/dalvikvm(25759): Compiler shutdown in progress - discarding request
03-03 15:30:00.383 D/dalvikvm(25759): Compiler shutdown in progress - discarding request
03-03 15:30:00.383 D/dalvikvm(25759): Compiler shutdown in progress - discarding request
03-03 15:30:00.383 D/dalvikvm(25759): Compiler shutdown in progress - discarding request
03-03 15:30:00.383 D/dalvikvm(25759): Compiler shutdown in progress - discarding request
03-03 15:30:00.383 D/dalvikvm(25759): Compiler shutdown in progress - discarding request
03-03 15:30:00.383 D/dalvikvm(25759): Compiler shutdown in progress - discarding request
03-03 15:30:00.383 D/dalvikvm(25759): Compiler shutdown in progress - discarding request
03-03 15:30:00.383 D/dalvikvm(25759): Compiler shutdown in progress - discarding request
03-03 15:30:00.383 D/dalvikvm(25759): Compiler shutdown in progress - discarding request
03-03 15:30:00.383 D/dalvikvm(25759): Compiler shutdown in progress - discarding request
03-03 15:30:00.383 D/dalvikvm(25759): Compiler shutdown in progress - discarding request
03-03 15:30:00.383 D/dalvikvm(25759): Compiler shutdown in progress - discarding request
03-03 15:30:00.383 D/dalvikvm(25759): Compiler shutdown in progress - discarding request
03-03 15:30:00.383 D/dalvikvm(25759): Compiler shutdown in progress - discarding request
03-03 15:30:00.383 D/dalvikvm(25759): Compiler shutdown in progress - discarding request
03-03 15:30:00.383 D/dalvikvm(25759): Compiler shutdown in progress - discarding request
03-03 15:30:00.383 D/dalvikvm(25759): Compiler shutdown in progress - discarding request
03-03 15:30:00.383 D/dalvikvm(25759): Compiler shutdown in progress - discarding request
03-03 15:30:00.383 D/dalvikvm(25759): Compiler shutdown in progress - discarding request
03-03 15:30:00.383 D/dalvikvm(25759): Compiler shutdown in progress - discarding request
03-03 15:30:00.383 D/dalvikvm(25759): Compiler shutdown in progress - discarding request
03-03 15:30:00.383 D/dalvikvm(25759): Compiler shutdown in progress - discarding request
03-03 15:30:00.383 D/dalvikvm(25759): Compiler shutdown in progress - discarding request
03-03 15:30:00.383 D/dalvikvm(25759): Compiler shutdown in progress - discarding request
03-03 15:30:00.383 D/dalvikvm(25759): Compiler shutdown in progress - discarding request
03-03 15:30:00.383 D/dalvikvm(25759): Compiler shutdown in progress - discarding request
03-03 15:30:00.383 D/dalvikvm(25759): Compiler shutdown in progress - discarding request
03-03 15:30:00.383 D/dalvikvm(25759): Compiler shutdown in progress - discarding request
03-03 15:30:00.383 D/dalvikvm(25759): Compiler shutdown in progress - discarding request
03-03 15:30:00.383 D/dalvikvm(25759): Compiler shutdown in progress - discarding request
03-03 15:30:00.383 D/dalvikvm(25759): Compiler shutdown in progress - discarding request
03-03 15:30:00.383 D/dalvikvm(25759): Compiler shutdown in progress - discarding request
03-03 15:30:00.383 D/dalvikvm(25759): Compiler shutdown in progress - discarding request
03-03 15:30:00.383 D/dalvikvm(25759): Compiler shutdown in progress - discarding request
03-03 15:30:00.383 D/dalvikvm(25759): Compiler shutdown in progress - discarding request
03-03 15:30:00.383 D/dalvikvm(25759): Compiler shutdown in progress - discarding request
03-03 15:30:00.383 D/dalvikvm(25759): Compiler shutdown in progress - discarding request
03-03 15:30:00.383 D/dalvikvm(25759): Compiler shutdown in progress - discarding request
03-03 15:30:00.383 D/dalvikvm(25759): Compiler shutdown in progress - discarding request
03-03 15:30:00.383 D/dalvikvm(25759): Compiler shutdown in progress - discarding request
03-03 15:30:00.383 D/dalvikvm(25759): Compiler shutdown in progress - discarding request
03-03 15:30:00.383 D/dalvikvm(25759): Compiler shutdown in progress - discarding request
03-03 15:30:00.383 D/dalvikvm(25759): Compiler shutdown in progress - discarding request
03-03 15:30:00.383 D/dalvikvm(25759): Compiler shutdown in progress - discarding request
03-03 15:30:00.463 I/SecurityManagerService(  621): SMS received security event: App[START/org.xwalk.webapi_service_tests]
03-03 15:30:00.483 D/dalvikvm(25771): Process 25771 nice name: org.xwalk.webapi_service_tests
03-03 15:30:00.483 D/dalvikvm(25771): Extra Options: not specified
03-03 15:30:00.483 I/ActivityManager(  506): Start proc org.xwalk.webapi_service_tests for activity org.xwalk.webapi_service_tests/.WebapiServiceTestsActivity: pid=25771 uid=10373 gids={50373, 3003, 1028, 1015}
03-03 15:30:00.493 D/WindowManager(  506): adjustConfigurationLw, config:{1.0 ?mcc?mnc ?locale ?layoutDir sw600dp w600dp h888dp 213dpi lrg port ?uimode ?night finger -keyb/v/h -nav/v} mLidState:1 mHasDockFeature:false mHasKeyboardFeature:false mHasHallSensorFeature:true config.hardKeyboardHidden:2
03-03 15:30:00.493 I/ActivityManager(  506): [TopPkgCurBat]	NowPkgName[org.xwalk.webapi_service_tests]	Battery[76]	TimeTick[1425367800502]	OldPkgName[com.chrome.beta]
03-03 15:30:00.513 I/dalvikvm(21332): Total arena pages for JIT: 11
03-03 15:30:00.513 I/dalvikvm(21332): Total arena pages for JIT: 12
03-03 15:30:00.513 I/dalvikvm(21332): Total arena pages for JIT: 13
03-03 15:30:00.523 I/dalvikvm(21332): Total arena pages for JIT: 14
03-03 15:30:00.523 I/dalvikvm(21332): Total arena pages for JIT: 15
03-03 15:30:00.523 I/dalvikvm(21332): Total arena pages for JIT: 16
03-03 15:30:00.543 D/        (18931): Surface destroy: ANDROID_NATIVE_WINDOW_MAGIC
03-03 15:30:00.543 D/        (18870): Surface destroy: ANDROID_NATIVE_WINDOW_MAGIC
03-03 15:30:00.573 D/dalvikvm(25771): Trying to load lib /data/app-lib/org.xwalk.webapi_service_tests-1/libxwalkcore.so 0x43d823c0
03-03 15:30:00.643 D/dalvikvm(25771): Added shared lib /data/app-lib/org.xwalk.webapi_service_tests-1/libxwalkcore.so 0x43d823c0
03-03 15:30:00.663 I/LibraryLoader(25771): Time to load native libraries: 89 ms (timestamps 9812-9901)
03-03 15:30:00.663 I/LibraryLoader(25771): Expected native library version number "",actual native library version number ""
03-03 15:30:00.683 I/LibraryLoader(25771): Expected native library version number "",actual native library version number ""
03-03 15:30:00.683 I/chromium(25771): [INFO:library_loader_hooks.cc(112)] Chromium logging enabled: level = 0, default verbosity = 0
03-03 15:30:00.733 I/BrowserStartupController(25771): Initializing chromium process, singleProcess=true
03-03 15:30:00.863 W/AudioManagerAndroid(25771): Requires BLUETOOTH permission
03-03 15:30:00.873 I/ufoGralloc(25771): Hello, this is UFO GRALLOC/Intel Corporation
03-03 15:30:00.873 D/        (25771): Pixel Format : GGL_PIXEL_FORMAT_RGBA_8888
03-03 15:30:00.893 D/        (25771): droid_create_context : config id = 1 conf->NativeVisualID=1
03-03 15:30:00.893 D/        (25771): Pixel Format : GGL_PIXEL_FORMAT_RGBA_8888
03-03 15:30:00.893 I/        (25771): Requested context : GLES 2.0
03-03 15:30:00.933 W/chromium(25771): [WARNING:proxy_service.cc(899)] PAC support disabled because there is no system implementation
03-03 15:30:00.933 W/dalvikvm(25771): VFY: unable to find class referenced in signature (Landroid/view/inputmethod/CursorAnchorInfo;)
03-03 15:30:00.933 I/dalvikvm(25771): Could not find method android.view.inputmethod.InputMethodManager.updateCursorAnchorInfo, referenced from method org.chromium.content.browser.input.InputMethodManagerWrapper.updateCursorAnchorInfo
03-03 15:30:00.933 W/dalvikvm(25771): VFY: unable to resolve virtual method 1241: Landroid/view/inputmethod/InputMethodManager;.updateCursorAnchorInfo (Landroid/view/View;Landroid/view/inputmethod/CursorAnchorInfo;)V
03-03 15:30:00.933 D/dalvikvm(25771): VFY: replacing opcode 0x6e at 0x000a
03-03 15:30:01.013 E/cutils  (  164): Failed to mkdirat(/Removable/MicroSD): Read-only file system
03-03 15:30:01.013 W/ContextImpl(25771): Failed to ensure directory: /Removable/MicroSD/Android/data/org.xwalk.webapi_service_tests/cache
03-03 15:30:01.013 W/XWalkExtensionManager(25771): Failed to read extensions-config.json
03-03 15:30:01.013 I/dalvikvm(25771): Could not find method android.app.Activity.finishAndRemoveTask, referenced from method org.chromium.base.ApiCompatibilityUtils.finishAndRemoveTask
03-03 15:30:01.013 W/dalvikvm(25771): VFY: unable to resolve virtual method 4: Landroid/app/Activity;.finishAndRemoveTask ()V
03-03 15:30:01.013 D/dalvikvm(25771): VFY: replacing opcode 0x6e at 0x0006
03-03 15:30:01.013 I/dalvikvm(25771): Could not find method android.os.PowerManager.isInteractive, referenced from method org.chromium.base.ApiCompatibilityUtils.isInteractive
03-03 15:30:01.013 W/dalvikvm(25771): VFY: unable to resolve virtual method 768: Landroid/os/PowerManager;.isInteractive ()Z
03-03 15:30:01.013 D/dalvikvm(25771): VFY: replacing opcode 0x6e at 0x000e
03-03 15:30:01.013 I/dalvikvm(25771): Could not find method android.view.Window.getNavigationBarColor, referenced from method org.chromium.base.ApiCompatibilityUtils.setStatusBarColor
03-03 15:30:01.013 W/dalvikvm(25771): VFY: unable to resolve virtual method 1144: Landroid/view/Window;.getNavigationBarColor ()I
03-03 15:30:01.013 D/dalvikvm(25771): VFY: replacing opcode 0x6e at 0x0010
03-03 15:30:01.013 I/dalvikvm(25771): Could not find method android.view.Window.setStatusBarColor, referenced from method org.chromium.base.ApiCompatibilityUtils.setStatusBarColor
03-03 15:30:01.013 W/dalvikvm(25771): VFY: unable to resolve virtual method 1149: Landroid/view/Window;.setStatusBarColor (I)V
03-03 15:30:01.013 D/dalvikvm(25771): VFY: replacing opcode 0x6e at 0x0019
03-03 15:30:01.013 E/dalvikvm(25771): Could not find class 'android.app.ActivityManager$TaskDescription', referenced from method org.chromium.base.ApiCompatibilityUtils.setTaskDescription
03-03 15:30:01.013 W/dalvikvm(25771): VFY: unable to resolve new-instance 11 (Landroid/app/ActivityManager$TaskDescription;) in Lorg/chromium/base/ApiCompatibilityUtils;
03-03 15:30:01.013 D/dalvikvm(25771): VFY: replacing opcode 0x22 at 0x0006
03-03 15:30:01.013 D/dalvikvm(25771): DexOpt: unable to opt direct call 0x001e at 0x08 in Lorg/chromium/base/ApiCompatibilityUtils;.setTaskDescription
03-03 15:30:01.013 E/chromium(25771): [ERROR:unix_domain_server_socket_posix.cc(106)] Not implemented reached in virtual int net::UnixDomainServerSocket::GetLocalAddress(net::IPEndPoint*) const
03-03 15:30:01.013 W/Vold    (  164): Returning OperationFailed - no handler for errno 30
03-03 15:30:01.063 I/chromium(25771): [INFO:xwalk_extension_renderer_controller.cc(47)] EXTENSION PROCESS DISABLED.
03-03 15:30:01.243 D/dalvikvm(  506): GC_EXPLICIT freed 1202K, 46% free 20728K/37748K, paused 2ms+6ms, total 165ms
03-03 15:30:01.263 D/        (25771): droid_create_context : config id = 5 conf->NativeVisualID=1
03-03 15:30:01.263 D/        (25771): Pixel Format : GGL_PIXEL_FORMAT_RGBA_8888
03-03 15:30:01.263 I/        (25771): Requested context : GLES 2.0
03-03 15:30:01.273 D/        (25771): Pixel Format : GGL_PIXEL_FORMAT_RGBA_8888
03-03 15:30:01.273 D/OpenGLRenderer(25771): Enabling debug mode 0
03-03 15:30:01.313 D/        (25771): Pixel Format : GGL_PIXEL_FORMAT_RGBA_8888
03-03 15:30:01.313 D/        (25771): droid_create_context : config id = 1 conf->NativeVisualID=1
03-03 15:30:01.313 D/        (25771): Pixel Format : GGL_PIXEL_FORMAT_RGBA_8888
03-03 15:30:01.313 I/        (25771): Requested context : GLES 2.0
03-03 15:30:01.363 W/IInputConnectionWrapper(18870): showStatusIcon on inactive InputConnection
03-03 15:30:01.363 D/XT9IME  (26399): new subtype :en_US ,keyboard
03-03 15:30:01.363 I/ActivityManager(  506): Displayed org.xwalk.webapi_service_tests/.WebapiServiceTestsActivity: +902ms
03-03 15:30:01.373 D/        (25771): Pixel Format : GGL_PIXEL_FORMAT_RGBA_8888
03-03 15:30:01.373 D/        (25771): droid_create_context : config id = 1 conf->NativeVisualID=1
03-03 15:30:01.373 D/        (25771): Pixel Format : GGL_PIXEL_FORMAT_RGBA_8888
03-03 15:30:01.373 I/        (25771): Requested context : GLES 2.0
03-03 15:30:01.373 D/        (25771): Swap interval set to = 1 value
03-03 15:30:01.423 W/BindingManager(25771): Cannot call determinedVisibility() - never saw a connection for the pid: 25771
03-03 15:30:01.433 D/BatteryStatsImpl(  506): noteStopWakeLocked system isFromForeground = false
03-03 15:30:01.493 E/TabPersistentStore(18870): Failed to create state folder: /data/data/com.chrome.beta/app_tabs/0
03-03 15:30:01.493 E/TabPersistentStore(18870): Failed to create state folder: /data/data/com.chrome.beta/app_tabs/0
03-03 15:30:01.803 I/chromium(25771): [INFO:CONSOLE(0)] "Synchronous XMLHttpRequest on the main thread is deprecated because of its detrimental effects to the end user's experience. For more help, check http://xhr.spec.whatwg.org/.", source:  (0)
03-03 15:30:01.863 D/        (25771): Pixel Format : GGL_PIXEL_FORMAT_RGBA_8888
03-03 15:30:01.863 D/        (25771): droid_create_context : config id = 1 conf->NativeVisualID=1
03-03 15:30:01.863 D/        (25771): Pixel Format : GGL_PIXEL_FORMAT_RGBA_8888
03-03 15:30:01.863 I/        (25771): Requested context : GLES 2.0
03-03 15:30:04.383 D/BatteryStatsImpl(  506): noteStopWakeLocked system isFromForeground = false
03-03 15:30:04.863 W/BindingManager(25771): Cannot call determinedVisibility() - never saw a connection for the pid: 25771
03-03 15:30:08.673 W/BindingManager(25771): Cannot call determinedVisibility() - never saw a connection for the pid: 25771
03-03 15:30:11.913 W/BindingManager(25771): Cannot call determinedVisibility() - never saw a connection for the pid: 25771
03-03 15:30:12.973 W/BindingManager(25771): Cannot call determinedVisibility() - never saw a connection for the pid: 25771
03-03 15:30:13.403 W/BindingManager(25771): Cannot call determinedVisibility() - never saw a connection for the pid: 25771
03-03 15:30:19.023 D/EVENT_THREAD(  187): void CEventThread::run() POLLIN event on Fd (1)
03-03 15:30:19.023 D/EVENT_THREAD(  187): void CEventThread::run() Do poll with timeout: -1
03-03 15:30:19.883 D/EVENT_THREAD(  187): void CEventThread::run() POLLIN event on Fd (1)
03-03 15:30:19.883 D/EVENT_THREAD(  187): void CEventThread::run() Do poll with timeout: -1
03-03 15:30:19.883 I/upi_ug31xx(  167): (13009) update_capacity
03-03 15:30:19.893 I/[UPI]   (  167): <UG31/E>[UpiReadCapacity]: V=3968(3966), T=338(340-403), I=-292, C=-4(-4-0)
03-03 15:30:19.893 I/[UPI]   (  167): <UG31/E>[UpiReadCapacity]: (0x0000254a) 2746 (2785) / 3602 (3985) = 76
03-03 15:30:19.893 I/[UPI]   (  167): <UG31/E>[UpiReadCapacity]: (0x0000254a) 2746 (2785) / 3602 (3985) = 76
03-03 15:30:19.893 I/[UPI]   (  167): <UG31/E>[UpiReadCapacity]: (0x0000254a) 2742 (2742) / 3602 (3985) = 76
03-03 15:30:19.893 I/[UPI]   (  167): <UG31/E>[RsocFilterCountTime]: (0x0000254a) Step=2(121490), Full=2(121490), Lock=121490(1800000)
03-03 15:30:19.893 I/[UPI]   (  167): <UG31/E>[UpiReadCapacity]: (0x0000254a) 2742 (2742) / 3602 (3985) = 76 (-292--292)
03-03 15:30:19.893 I/[UPI]   (  167): <UG31/E><BATT> M:normal, P:76(76-76)%, V:3967mV, C:-261mA, T:34.0C(403), S:0x0000254a(000), R:2742mAh, F:3602mAh, Q:2293mAh, CC:4, P:30.400(1043-0)s, BO:7, 97:615:0-44af-9m:B001-20140514-144301 (16)
03-03 15:30:19.943 D/EVENT_THREAD(  187): void CEventThread::run() POLLIN event on Fd (1)
03-03 15:30:19.943 D/EVENT_THREAD(  187): void CEventThread::run() Do poll with timeout: -1
03-03 15:30:19.943 I/upi_ug31xx(  167): (13010) backup_data 
03-03 15:30:19.943 V/upi_ug31xx(  167): state->check_backup_count = 2
03-03 15:30:40.123 D/wpa_supplicant(  659): wlan0: Starting AP scan for wildcard SSID
03-03 15:30:40.123 D/wpa_supplicant(  659): WPS: Building WPS IE for Probe Request
03-03 15:30:40.123 D/wpa_supplicant(  659): WPS:  * Version (hardcoded 0x10)
03-03 15:30:40.123 D/wpa_supplicant(  659): WPS:  * Request Type
03-03 15:30:40.123 D/wpa_supplicant(  659): WPS:  * Config Methods (4288)
03-03 15:30:40.123 D/wpa_supplicant(  659): WPS:  * UUID-E
03-03 15:30:40.123 D/wpa_supplicant(  659): WPS:  * Primary Device Type
03-03 15:30:40.123 D/wpa_supplicant(  659): WPS:  * RF Bands (1)
03-03 15:30:40.123 D/wpa_supplicant(  659): WPS:  * Association State
03-03 15:30:40.123 D/wpa_supplicant(  659): WPS:  * Configuration Error (0)
03-03 15:30:40.123 D/wpa_supplicant(  659): WPS:  * Device Password ID (0)
03-03 15:30:40.123 D/wpa_supplicant(  659): WPS:  * Manufacturer
03-03 15:30:40.123 D/wpa_supplicant(  659): WPS:  * Model Name
03-03 15:30:40.123 D/wpa_supplicant(  659): WPS:  * Model Number
03-03 15:30:40.123 D/wpa_supplicant(  659): WPS:  * Device Name
03-03 15:30:40.123 D/wpa_supplicant(  659): WPS:  * Version2 (0x20)
03-03 15:30:40.123 D/wpa_supplicant(  659): P2P: * P2P IE header
03-03 15:30:40.123 D/wpa_supplicant(  659): P2P: * Capability dev=25 group=00
03-03 15:30:40.123 D/wpa_supplicant(  659): P2P: * Listen Channel: Regulatory Class 81 Channel 11
03-03 15:30:40.123 D/wpa_supplicant(  659): wlan0: nl80211: scan request
03-03 15:30:40.223 D/wpa_supplicant(  659): Scan requested (ret=0) - scan timeout 30 seconds
03-03 15:30:40.223 D/wpa_supplicant(  659): nl80211: Drv Event 33 (NL80211_CMD_TRIGGER_SCAN) received for wlan0
03-03 15:30:40.223 D/wpa_supplicant(  659): wlan0: nl80211: Scan trigger
03-03 15:30:41.343 D/wpa_supplicant(  659): nl80211: Drv Event 34 (NL80211_CMD_NEW_SCAN_RESULTS) received for wlan0
03-03 15:30:41.343 D/wpa_supplicant(  659): wlan0: nl80211: New scan results available
03-03 15:30:41.343 D/wpa_supplicant(  659): wlan0: Event SCAN_RESULTS (3) received
03-03 15:30:41.343 D/wpa_supplicant(  659): nl80211: Received scan results (22 BSSes)
03-03 15:30:41.343 D/wpa_supplicant(  659): nl80211: Survey data missing
03-03 15:30:41.343 D/wpa_supplicant(  659): wlan0: BSS: Start scan result update 1565
03-03 15:30:41.343 D/wpa_supplicant(  659): wlan0: BSS: Add new id 3396 BSSID 18:dc:56:b2:b6:3d SSID 'AP_7620L-B63D'
03-03 15:30:41.343 D/wpa_supplicant(  659): CTRL_IFACE monitor send - hexdump(len=39): 2f 64 61 74 61 2f 6d 69 73 63 2f 77 69 66 69 2f 73 6f 63 6b 65 74 73 2f 77 70 61 5f 63 74 72 6c ...
03-03 15:30:41.353 D/wpa_supplicant(  659): wlan0: BSS: Add new id 3397 BSSID 22:48:9a:ac:31:5b SSID 'dean1'
03-03 15:30:41.353 D/wpa_supplicant(  659): CTRL_IFACE monitor send - hexdump(len=39): 2f 64 61 74 61 2f 6d 69 73 63 2f 77 69 66 69 2f 73 6f 63 6b 65 74 73 2f 77 70 61 5f 63 74 72 6c ...
03-03 15:30:41.353 I/WifiHW  (  506): EVENT: IFNAME=wlan0 CTRL-EVENT-BSS-ADDED 3396 18:dc:56:b2:b6:3d
03-03 15:30:41.353 D/wpa_supplicant(  659): wlan0: BSS: Add new id 3398 BSSID 00:0f:e2:0f:9f:c1 SSID '321_WAN'
03-03 15:30:41.353 D/wpa_supplicant(  659): CTRL_IFACE monitor send - hexdump(len=39): 2f 64 61 74 61 2f 6d 69 73 63 2f 77 69 66 69 2f 73 6f 63 6b 65 74 73 2f 77 70 61 5f 63 74 72 6c ...
03-03 15:30:41.353 D/wpa_supplicant(  659): wlan0: BSS: Add new id 3399 BSSID 02:09:4c:51:a8:28 SSID 'DIRECT-'
03-03 15:30:41.353 I/WifiHW  (  506): EVENT: IFNAME=wlan0 CTRL-EVENT-BSS-ADDED 3397 22:48:9a:ac:31:5b
03-03 15:30:41.353 D/wpa_supplicant(  659): CTRL_IFACE monitor send - hexdump(len=39): 2f 64 61 74 61 2f 6d 69 73 63 2f 77 69 66 69 2f 73 6f 63 6b 65 74 73 2f 77 70 61 5f 63 74 72 6c ...
03-03 15:30:41.353 I/WifiHW  (  506): EVENT: IFNAME=wlan0 CTRL-EVENT-BSS-ADDED 3398 00:0f:e2:0f:9f:c1
03-03 15:30:41.353 D/wpa_supplicant(  659): wlan0: BSS: Add new id 3400 BSSID e4:d3:32:dd:18:62 SSID 'Internet'
03-03 15:30:41.353 D/wpa_supplicant(  659): CTRL_IFACE monitor send - hexdump(len=39): 2f 64 61 74 61 2f 6d 69 73 63 2f 77 69 66 69 2f 73 6f 63 6b 65 74 73 2f 77 70 61 5f 63 74 72 6c ...
03-03 15:30:41.353 I/WifiHW  (  506): EVENT: IFNAME=wlan0 CTRL-EVENT-BSS-ADDED 3399 02:09:4c:51:a8:28
03-03 15:30:41.353 D/wpa_supplicant(  659): wlan0: BSS: Remove id 3389 BSSID 2c:b0:5d:7f:f4:24 SSID 'NETGEAR38' due to no match in scan
03-03 15:30:41.353 D/wpa_supplicant(  659): CTRL_IFACE monitor send - hexdump(len=39): 2f 64 61 74 61 2f 6d 69 73 63 2f 77 69 66 69 2f 73 6f 63 6b 65 74 73 2f 77 70 61 5f 63 74 72 6c ...
03-03 15:30:41.353 I/WifiHW  (  506): EVENT: IFNAME=wlan0 CTRL-EVENT-BSS-ADDED 3400 e4:d3:32:dd:18:62
03-03 15:30:41.353 D/wpa_supplicant(  659): BSS: last_scan_res_used=21/32 last_scan_full=0
03-03 15:30:41.353 D/wpa_supplicant(  659): wlan0: New scan results available
03-03 15:30:41.353 D/wpa_supplicant(  659): CTRL_IFACE monitor send - hexdump(len=39): 2f 64 61 74 61 2f 6d 69 73 63 2f 77 69 66 69 2f 73 6f 63 6b 65 74 73 2f 77 70 61 5f 63 74 72 6c ...
03-03 15:30:41.353 I/WifiHW  (  506): EVENT: IFNAME=wlan0 CTRL-EVENT-BSS-REMOVED 3389 2c:b0:5d:7f:f4:24
03-03 15:30:41.353 I/WifiHW  (  506): EVENT: IFNAME=wlan0 CTRL-EVENT-SCAN-RESULTS 
03-03 15:30:41.353 D/wpa_supplicant(  659): CTRL_IFACE monitor send - hexdump(len=39): 2f 64 61 74 61 2f 6d 69 73 63 2f 77 69 66 69 2f 73 6f 63 6b 65 74 73 2f 77 70 61 5f 63 74 72 6c ...
03-03 15:30:41.353 D/wpa_supplicant(  659): Authorize channel 1
03-03 15:30:41.353 D/wpa_supplicant(  659): Authorize channel 2
03-03 15:30:41.353 D/wpa_supplicant(  659): Authorize channel 3
03-03 15:30:41.353 D/wpa_supplicant(  659): Authorize channel 4
03-03 15:30:41.353 D/wpa_supplicant(  659): Authorize channel 5
03-03 15:30:41.353 D/wpa_supplicant(  659): Authorize channel 6
03-03 15:30:41.353 D/wpa_supplicant(  659): Authorize channel 7
03-03 15:30:41.353 D/wpa_supplicant(  659): Authorize channel 8
03-03 15:30:41.353 I/WifiHW  (  506): EVENT: IFNAME=wlan0 WPS-AP-AVAILABLE 
03-03 15:30:41.353 D/wpa_supplicant(  659): Authorize channel 9
03-03 15:30:41.353 D/wpa_supplicant(  659): Authorize channel 10
03-03 15:30:41.353 D/wpa_supplicant(  659): Authorize channel 11
03-03 15:30:41.353 D/wpa_supplicant(  659): Authorize channel 12
03-03 15:30:41.353 D/wpa_supplicant(  659): Authorize channel 13
03-03 15:30:41.353 D/wpa_supplicant(  659): Authorize channel 1
03-03 15:30:41.353 D/wpa_supplicant(  659): Authorize channel 2
03-03 15:30:41.353 D/wpa_supplicant(  659): Authorize channel 3
03-03 15:30:41.353 D/wpa_supplicant(  659): Authorize channel 4
03-03 15:30:41.353 D/wpa_supplicant(  659): Authorize channel 5
03-03 15:30:41.353 D/wpa_supplicant(  659): Authorize channel 6
03-03 15:30:41.353 D/wpa_supplicant(  659): Authorize channel 7
03-03 15:30:41.353 D/wpa_supplicant(  659): Authorize channel 8
03-03 15:30:41.353 D/wpa_supplicant(  659): Authorize channel 9
03-03 15:30:41.353 D/wpa_supplicant(  659): Authorize channel 10
03-03 15:30:41.353 D/wpa_supplicant(  659): Authorize channel 11
03-03 15:30:41.353 D/wpa_supplicant(  659): Authorize channel 12
03-03 15:30:41.353 D/wpa_supplicant(  659): Authorize channel 13
03-03 15:30:41.353 D/wpa_supplicant(  659): Add access point on channel 6
03-03 15:30:41.353 D/wpa_supplicant(  659): Add access point on channel 6
03-03 15:30:41.353 D/wpa_supplicant(  659): Add access point on channel 1
03-03 15:30:41.353 D/wpa_supplicant(  659): Add access point on channel 7
03-03 15:30:41.353 D/wpa_supplicant(  659): Add access point on channel 11
03-03 15:30:41.353 D/wpa_supplicant(  659): Add access point on channel 1
03-03 15:30:41.353 I/WifiHW  (  506): CMD: IFNAME=wlan0 BSS RANGE=0- MASK=0x21987
03-03 15:30:41.353 D/wpa_supplicant(  659): Add access point on channel 1
03-03 15:30:41.353 D/wpa_supplicant(  659): Add access point on channel 11
03-03 15:30:41.353 D/wpa_supplicant(  659): Add access point on channel 6
03-03 15:30:41.353 D/wpa_supplicant(  659): Add access point on channel 6
03-03 15:30:41.353 D/wpa_supplicant(  659): Add access point on channel 11
03-03 15:30:41.353 D/wpa_supplicant(  659): Add access point on channel 6
03-03 15:30:41.353 D/wpa_supplicant(  659): Add access point on channel 13
03-03 15:30:41.353 D/wpa_supplicant(  659): Add access point on channel 6
03-03 15:30:41.353 D/wpa_supplicant(  659): Add access point on channel 6
03-03 15:30:41.353 D/wpa_supplicant(  659): Add access point on channel 9
03-03 15:30:41.353 D/wpa_supplicant(  659): Add access point on channel 6
03-03 15:30:41.353 D/wpa_supplicant(  659): Add access point on channel 8
03-03 15:30:41.353 D/wpa_supplicant(  659): Add access point on channel 11
03-03 15:30:41.353 D/wpa_supplicant(  659): Add access point on channel 6
03-03 15:30:41.353 D/wpa_supplicant(  659): Add access point on channel 6
03-03 15:30:41.353 D/wpa_supplicant(  659): Add access point on channel 11
03-03 15:30:41.353 D/wpa_supplicant(  659): Add access point on channel 1
03-03 15:30:41.353 D/wpa_supplicant(  659): Add access point on channel 6
03-03 15:30:41.353 D/wpa_supplicant(  659): Best Operating channel is = 1
03-03 15:30:41.353 D/wpa_supplicant(  659): WPS: AP[0] 28:2c:b2:44:e4:00 type=0 tries=0 last_attempt=-1 sec ago blacklist=0
03-03 15:30:41.353 D/wpa_supplicant(  659): WPS: AP[1] 14:e6:e4:b8:85:76 type=0 tries=0 last_attempt=-1 sec ago blacklist=0
03-03 15:30:41.353 D/wpa_supplicant(  659): WPS: AP[2] 78:a1:06:55:fe:30 type=0 tries=0 last_attempt=-1 sec ago blacklist=0
03-03 15:30:41.353 D/wpa_supplicant(  659): WPS: AP[3] a8:15:4d:13:9a:08 type=0 tries=0 last_attempt=-1 sec ago blacklist=0
03-03 15:30:41.353 D/wpa_supplicant(  659): WPS: AP[4] 78:54:2e:f5:fb:9e type=0 tries=0 last_attempt=-1 sec ago blacklist=0
03-03 15:30:41.353 D/wpa_supplicant(  659): WPS: AP[5] 20:dc:e6:3f:eb:f2 type=0 tries=0 last_attempt=-1 sec ago blacklist=0
03-03 15:30:41.353 D/wpa_supplicant(  659): WPS: AP[6] 64:09:80:1e:91:78 type=0 tries=0 last_attempt=-1 sec ago blacklist=0
03-03 15:30:41.353 D/wpa_supplicant(  659): WPS: AP[7] ec:88:8f:6a:0c:a8 type=0 tries=0 last_attempt=-1 sec ago blacklist=0
03-03 15:30:41.353 D/wpa_supplicant(  659): WPS: AP[8] d0:15:4a:15:5d:1a type=0 tries=0 last_attempt=-1 sec ago blacklist=0
03-03 15:30:41.353 D/wpa_supplicant(  659): WPS: AP[9] 1c:fa:68:11:5a:b6 type=0 tries=0 last_attempt=-1 sec ago blacklist=0
03-03 15:30:41.353 D/wpa_supplicant(  659): WPS: AP[10] 8c:be:be:26:4b:8b type=0 tries=0 last_attempt=-1 sec ago blacklist=0
03-03 15:30:41.353 D/wpa_supplicant(  659): WPS: AP[11] 64:09:80:15:31:84 type=0 tries=0 last_attempt=-1 sec ago blacklist=0
03-03 15:30:41.353 D/wpa_supplicant(  659): WPS: AP[12] bc:d1:77:f3:0b:28 type=0 tries=0 last_attempt=-1 sec ago blacklist=0
03-03 15:30:41.353 D/wpa_supplicant(  659): WPS: AP[13] c0:61:18:4e:07:fc type=0 tries=0 last_attempt=-1 sec ago blacklist=0
03-03 15:30:41.353 D/wpa_supplicant(  659): WPS: AP[14] f4:ec:38:6d:cf:d6 type=0 tries=0 last_attempt=-1 sec ago blacklist=0
03-03 15:30:41.353 D/wpa_supplicant(  659): WPS: AP[15] e4:d3:32:0a:fb:34 type=0 tries=0 last_attempt=-1 sec ago blacklist=0
03-03 15:30:41.353 D/wpa_supplicant(  659): WPS: AP[16] 8c:be:be:28:2d:f8 type=0 tries=0 last_attempt=-1 sec ago blacklist=0
03-03 15:30:41.353 D/wpa_supplicant(  659): WPS: AP[17] d8:15:0d:c4:57:de type=0 tries=0 last_attempt=-1 sec ago blacklist=0
03-03 15:30:41.353 D/wpa_supplicant(  659): WPS: AP[18] 40:16:9f:9b:64:fa type=0 tries=0 last_attempt=-1 sec ago blacklist=0
03-03 15:30:41.353 D/wpa_supplicant(  659): WPS: AP[19] ec:1a:59:0b:f4:8c type=0 tries=0 last_attempt=-1 sec ago blacklist=0
03-03 15:30:41.353 D/wpa_supplicant(  659): WPS: AP[20] 10:c3:7b:d2:e5:e0 type=0 tries=0 last_attempt=-1 sec ago blacklist=0
03-03 15:30:41.353 D/wpa_supplicant(  659): WPS: AP[21] 44:94:fc:3d:da:38 type=0 tries=0 last_attempt=-1 sec ago blacklist=0
03-03 15:30:41.353 D/wpa_supplicant(  659): WPS: AP[22] f8:d1:11:e7:99:e8 type=0 tries=0 last_attempt=-1 sec ago blacklist=0
