03-03 15:32:45.073 D/wpa_supplicant(  659): wlan0: 16: 7a:24:af:24:0f:48 ssid='DIRECT-' wpa_ie_len=0 rsn_ie_len=0 caps=0x410 level=-60
03-03 15:32:45.073 D/wpa_supplicant(  659): wlan0:    skip - SSID mismatch
03-03 15:32:45.073 D/wpa_supplicant(  659): wlan0: 17: c0:c1:c0:76:81:3c ssid='E2000' wpa_ie_len=0 rsn_ie_len=0 caps=0x401 level=-54 wps
03-03 15:32:45.073 D/wpa_supplicant(  659): wlan0:    skip - SSID mismatch
03-03 15:32:45.073 D/wpa_supplicant(  659): wlan0: 18: 50:bd:5f:4b:29:92 ssid='Internet-2' wpa_ie_len=0 rsn_ie_len=0 caps=0x421 level=-64
03-03 15:32:45.073 D/wpa_supplicant(  659): wlan0:    skip - SSID mismatch
03-03 15:32:45.073 D/wpa_supplicant(  659): wlan0: No suitable network found
03-03 15:32:45.073 D/wpa_supplicant(  659): wlan0: Setting scan request: 40 sec 0 usec
03-03 15:32:45.073 D/wpa_supplicant(  659): wlan0: Checking for other virtual interfaces sharing same radio (phy0) in event_scan_results
03-03 15:32:45.073 D/wpa_supplicant(  659): p2p-dev-wlan0: Updating scan results from sibling
03-03 15:32:45.073 D/wpa_supplicant(  659): nl80211: Received scan results (19 BSSes)
03-03 15:32:45.073 D/wpa_supplicant(  659): nl80211: Survey data missing
03-03 15:32:45.073 D/wpa_supplicant(  659): p2p-dev-wlan0: BSS: Start scan result update 1504
03-03 15:32:45.073 D/wpa_supplicant(  659): BSS: No P2P IE - skipping BSS f8:d1:11:e7:99:e8 update for P2P interface
03-03 15:32:45.073 D/wpa_supplicant(  659): BSS: No P2P IE - skipping BSS cc:34:29:2c:fb:ec update for P2P interface
03-03 15:32:45.073 D/wpa_supplicant(  659): BSS: No P2P IE - skipping BSS c8:d7:19:60:62:f2 update for P2P interface
03-03 15:32:45.073 D/wpa_supplicant(  659): BSS: No P2P IE - skipping BSS 90:94:e4:03:45:f5 update for P2P interface
03-03 15:32:45.073 D/wpa_supplicant(  659): BSS: No P2P IE - skipping BSS 10:c3:7b:d2:e5:e0 update for P2P interface
03-03 15:32:45.073 D/wpa_supplicant(  659): BSS: No P2P IE - skipping BSS 98:fc:11:81:35:fb update for P2P interface
03-03 15:32:45.073 D/wpa_supplicant(  659): BSS: No P2P IE - skipping BSS cc:34:29:2b:26:4c update for P2P interface
03-03 15:32:45.073 D/wpa_supplicant(  659): BSS: No P2P IE - skipping BSS b0:48:7a:51:ff:cc update for P2P interface
03-03 15:32:45.073 D/wpa_supplicant(  659): BSS: No P2P IE - skipping BSS e4:d3:32:c0:cf:a4 update for P2P interface
03-03 15:32:45.073 D/wpa_supplicant(  659): BSS: No P2P IE - skipping BSS c4:17:fe:3f:4f:fb update for P2P interface
03-03 15:32:45.073 D/wpa_supplicant(  659): BSS: No P2P IE - skipping BSS 14:d6:4d:28:ef:c8 update for P2P interface
03-03 15:32:45.073 D/wpa_supplicant(  659): BSS: No P2P IE - skipping BSS 7e:7a:91:dc:83:0e update for P2P interface
03-03 15:32:45.073 D/wpa_supplicant(  659): BSS: No P2P IE - skipping BSS c0:a0:bb:20:3b:84 update for P2P interface
03-03 15:32:45.073 D/wpa_supplicant(  659): BSS: No P2P IE - skipping BSS 22:48:9a:ac:31:5b update for P2P interface
03-03 15:32:45.073 D/wpa_supplicant(  659): BSS: No P2P IE - skipping BSS f4:b7:e2:2b:41:b7 update for P2P interface
03-03 15:32:45.073 D/wpa_supplicant(  659): BSS: No P2P IE - skipping BSS 44:94:fc:3d:da:38 update for P2P interface
03-03 15:32:45.073 D/wpa_supplicant(  659): BSS: No P2P IE - skipping BSS 7a:24:af:24:0f:48 update for P2P interface
03-03 15:32:45.073 D/wpa_supplicant(  659): BSS: No P2P IE - skipping BSS c0:c1:c0:76:81:3c update for P2P interface
03-03 15:32:45.073 D/wpa_supplicant(  659): BSS: No P2P IE - skipping BSS 50:bd:5f:4b:29:92 update for P2P interface
03-03 15:32:45.073 D/wpa_supplicant(  659): BSS: last_scan_res_used=0/32 last_scan_full=0
03-03 15:32:45.073 D/wpa_supplicant(  659): p2p-dev-wlan0: New scan results available
03-03 15:32:45.073 D/wpa_supplicant(  659): CTRL_IFACE monitor send - hexdump(len=39): 2f 64 61 74 61 2f 6d 69 73 63 2f 77 69 66 69 2f 73 6f 63 6b 65 74 73 2f 77 70 61 5f 63 74 72 6c ...
03-03 15:32:45.073 D/wpa_supplicant(  659): WPS: AP[0] c8:d7:19:60:62:f2 type=0 tries=0 last_attempt=-1 sec ago blacklist=0
03-03 15:32:45.073 D/wpa_supplicant(  659): WPS: AP[1] f8:d1:11:e7:99:e8 type=0 tries=0 last_attempt=-1 sec ago blacklist=0
03-03 15:32:45.073 D/wpa_supplicant(  659): WPS: AP[2] cc:34:29:2c:fb:ec type=0 tries=0 last_attempt=-1 sec ago blacklist=0
03-03 15:32:45.073 D/wpa_supplicant(  659): WPS: AP[3] 10:c3:7b:d2:e5:e0 type=0 tries=0 last_attempt=-1 sec ago blacklist=0
03-03 15:32:45.073 D/wpa_supplicant(  659): WPS: AP[4] cc:34:29:2b:26:4c type=0 tries=0 last_attempt=-1 sec ago blacklist=0
03-03 15:32:45.073 I/WifiHW  (  506): EVENT: IFNAME=p2p-dev-wlan0 CTRL-EVENT-SCAN-RESULTS 
03-03 15:32:45.073 D/wpa_supplicant(  659): WPS: AP[5] 44:94:fc:3d:da:38 type=0 tries=0 last_attempt=-1 sec ago blacklist=0
03-03 15:32:45.073 D/wpa_supplicant(  659): WPS: AP[6] b0:48:7a:51:ff:cc type=0 tries=0 last_attempt=-1 sec ago blacklist=0
03-03 15:32:45.073 D/wpa_supplicant(  659): WPS: AP[7] c0:c1:c0:76:81:3c type=0 tries=0 last_attempt=-1 sec ago blacklist=0
03-03 15:32:45.073 D/wpa_supplicant(  659): WPS: AP[8] 10:9f:a9:dc:b1:fc type=0 tries=0 last_attempt=-1 sec ago blacklist=0
03-03 15:32:45.073 D/wpa_supplicant(  659): WPS: AP[9] 98:fc:11:81:35:fb type=0 tries=0 last_attempt=-1 sec ago blacklist=0
03-03 15:32:45.073 D/wpa_supplicant(  659): WPS: AP[10] e4:d3:32:36:2e:54 type=0 tries=0 last_attempt=-1 sec ago blacklist=0
03-03 15:32:45.073 D/wpa_supplicant(  659): WPS: AP[11] c0:a0:bb:20:3b:84 type=0 tries=0 last_attempt=-1 sec ago blacklist=0
03-03 15:32:45.073 D/wpa_supplicant(  659): WPS: AP[12] 14:d6:4d:28:ef:c8 type=0 tries=0 last_attempt=-1 sec ago blacklist=0
03-03 15:32:45.073 D/wpa_supplicant(  659): WPS: AP[13] 2c:b0:5d:7f:f4:24 type=0 tries=0 last_attempt=-1 sec ago blacklist=0
03-03 15:32:45.073 D/wpa_supplicant(  659): WPS: AP[14] 9c:21:6a:0d:eb:72 type=0 tries=0 last_attempt=-1 sec ago blacklist=0
03-03 15:32:45.073 D/wpa_supplicant(  659): WPS: AP[15] 28:2c:b2:44:e4:00 type=0 tries=0 last_attempt=-1 sec ago blacklist=0
03-03 15:32:45.073 D/wpa_supplicant(  659): WPS: AP[16] 78:a1:06:55:fe:30 type=0 tries=0 last_attempt=-1 sec ago blacklist=0
03-03 15:32:45.073 D/wpa_supplicant(  659): WPS: AP[17] c0:61:18:21:8c:ce type=0 tries=0 last_attempt=-1 sec ago blacklist=0
03-03 15:32:45.073 D/wpa_supplicant(  659): WPS: AP[18] 78:54:2e:f5:fb:9e type=0 tries=0 last_attempt=-1 sec ago blacklist=0
03-03 15:32:45.073 D/wpa_supplicant(  659): WPS: AP[19] a8:15:4d:13:9a:08 type=0 tries=0 last_attempt=-1 sec ago blacklist=0
03-03 15:32:45.073 D/wpa_supplicant(  659): WPS: AP[20] 20:dc:e6:3f:eb:f2 type=0 tries=0 last_attempt=-1 sec ago blacklist=0
03-03 15:32:45.073 D/wpa_supplicant(  659): WPS: AP[21] 6c:e8:73:29:30:22 type=0 tries=0 last_attempt=-1 sec ago blacklist=0
03-03 15:32:45.073 D/wpa_supplicant(  659): WPS: AP[22] 14:e6:e4:b8:85:76 type=0 tries=0 last_attempt=-1 sec ago blacklist=0
03-03 15:32:45.073 D/wpa_supplicant(  659): WPS: AP[23] 64:09:80:1e:91:78 type=0 tries=0 last_attempt=-1 sec ago blacklist=0
03-03 15:32:45.073 D/wpa_supplicant(  659): WPS: AP[24] ec:88:8f:6a:0c:a8 type=0 tries=0 last_attempt=-1 sec ago blacklist=0
03-03 15:32:45.073 D/wpa_supplicant(  659): WPS: AP[25] d0:15:4a:15:5d:1a type=0 tries=0 last_attempt=-1 sec ago blacklist=0
03-03 15:32:45.073 D/wpa_supplicant(  659): WPS: AP[26] 1c:fa:68:11:5a:b6 type=0 tries=0 last_attempt=-1 sec ago blacklist=0
03-03 15:32:45.073 D/wpa_supplicant(  659): WPS: AP[27] 8c:be:be:26:4b:8b type=0 tries=0 last_attempt=-1 sec ago blacklist=0
03-03 15:32:45.073 D/wpa_supplicant(  659): WPS: AP[28] 64:09:80:15:31:84 type=0 tries=0 last_attempt=-1 sec ago blacklist=0
03-03 15:32:45.073 D/wpa_supplicant(  659): WPS: AP[29] bc:d1:77:f3:0b:28 type=0 tries=0 last_attempt=-1 sec ago blacklist=0
03-03 15:32:45.073 D/wpa_supplicant(  659): WPS: AP[30] c0:61:18:4e:07:fc type=0 tries=0 last_attempt=-1 sec ago blacklist=0
03-03 15:32:45.073 D/wpa_supplicant(  659): WPS: AP[31] f4:ec:38:6d:cf:d6 type=0 tries=0 last_attempt=-1 sec ago blacklist=0
03-03 15:32:45.073 D/wpa_supplicant(  659): WPS: AP[32] e4:d3:32:0a:fb:34 type=0 tries=0 last_attempt=-1 sec ago blacklist=0
03-03 15:32:45.073 D/wpa_supplicant(  659): WPS: AP[33] 8c:be:be:28:2d:f8 type=0 tries=0 last_attempt=-1 sec ago blacklist=0
03-03 15:32:45.073 D/wpa_supplicant(  659): WPS: AP[34] d8:15:0d:c4:57:de type=0 tries=0 last_attempt=-1 sec ago blacklist=0
03-03 15:32:45.073 D/wpa_supplicant(  659): WPS: AP[35] 40:16:9f:9b:64:fa type=0 tries=0 last_attempt=-1 sec ago blacklist=0
03-03 15:32:45.073 D/wpa_supplicant(  659): WPS: AP[36] ec:1a:59:0b:f4:8c type=0 tries=0 last_attempt=-1 sec ago blacklist=0
03-03 15:32:45.073 D/wpa_supplicant(  659): WPS: AP[37] 66:09:80:d9:a2:5d type=0 tries=0 last_attempt=-1 sec ago blacklist=0
03-03 15:32:45.073 D/wpa_supplicant(  659): WPS: AP[38] 7a:ff:57:00:13:8e type=0 tries=0 last_attempt=-1 sec ago blacklist=0
03-03 15:32:45.073 D/wpa_supplicant(  659): WPS: AP[39] 7a:ff:57:00:14:32 type=0 tries=0 last_attempt=-1 sec ago blacklist=0
03-03 15:32:45.073 D/wpa_supplicant(  659): WPS: AP[40] 02:13:20:ff:b6:3c type=0 tries=0 last_attempt=-1 sec ago blacklist=0
03-03 15:32:45.073 D/wpa_supplicant(  659): WPS: AP[41] 02:1e:67:80:2b:36 type=0 tries=0 last_attempt=-1 sec ago blacklist=0
03-03 15:32:45.073 D/wpa_supplicant(  659): WPS: AP[42] 02:09:4c:4f:4c:0a type=0 tries=0 last_attempt=-1 sec ago blacklist=0
03-03 15:32:45.073 D/wpa_supplicant(  659): p2p-dev-wlan0: No suitable network found
03-03 15:32:45.073 D/wpa_supplicant(  659): p2p-dev-wlan0: Short-circuit new scan request since there are no enabled networks
03-03 15:32:45.073 D/wpa_supplicant(  659): p2p-dev-wlan0: State: INACTIVE -> INACTIVE
03-03 15:32:45.073 D/wpa_supplicant(  659): wlan0: P2P: Station mode scan operation not pending anymore (sta_scan_pending=0 p2p_cb_on_scan_complete=0)
03-03 15:32:45.073 D/wpa_supplicant(  659): RX ctrl_iface - hexdump(len=25): 42 53 53 20 52 41 4e 47 45 3d 30 2d 20 4d 41 53 4b 3d 30 78 32 31 39 38 37
03-03 15:32:45.073 D/wpa_supplicant(  659): wlan0: Control interface command 'BSS RANGE=0- MASK=0x21987'
03-03 15:32:45.073 D/wpa_supplicant(  659): RTM_NEWLINK: operstate=0 ifi_flags=0x11003 ([UP][LOWER_UP])
03-03 15:32:45.073 D/wpa_supplicant(  659): RTM_NEWLINK, IFLA_IFNAME: Interface 'wlan0' added
03-03 15:32:45.073 I/WifiHW  (  506): REPLY: id=3292
03-03 15:32:45.073 I/WifiHW  (  506): REPLY: bssid=c8:d7:19:60:62:f2
03-03 15:32:45.073 I/WifiHW  (  506): REPLY: freq=2437
03-03 15:32:45.073 I/WifiHW  (  506): REPLY: level=-57
03-03 15:32:45.073 D/wpa_supplicant(  659): nl80211: if_removed already cleared - ignore event
03-03 15:32:45.073 I/WifiHW  (  506): REPLY: tsf=0000280686862259
03-03 15:32:45.073 I/WifiHW  (  506): REPLY: flags=[WPA2-EAP-CCMP-preauth][ESS]
03-03 15:32:45.073 I/WifiHW  (  506): REPLY: ssid=E3000-2.4G
03-03 15:32:45.073 I/WifiHW  (  506): REPLY: ====
03-03 15:32:45.073 I/WifiHW  (  506): REPLY: id=3293
03-03 15:32:45.073 I/WifiHW  (  506): REPLY: bssid=f8:d1:11:e7:99:e8
03-03 15:32:45.073 I/WifiHW  (  506): REPLY: freq=2437
03-03 15:32:45.073 I/WifiHW  (  506): REPLY: level=-49
03-03 15:32:45.073 I/WifiHW  (  506): REPLY: tsf=0000280686862248
03-03 15:32:45.073 I/WifiHW  (  506): REPLY: flags=[WPA-PSK-CCMP][WPA2-PSK-CCMP][WPS][ESS]
03-03 15:32:45.073 I/WifiHW  (  506): REPLY: ssid=videotest
03-03 15:32:45.073 I/WifiHW  (  506): REPLY: ====
03-03 15:32:45.073 I/WifiHW  (  506): REPLY: id=3294
03-03 15:32:45.073 I/WifiHW  (  506): REPLY: bssid=98:fc:11:81:35:fb
03-03 15:32:45.073 I/WifiHW  (  506): REPLY: freq=2412
03-03 15:32:45.073 I/WifiHW  (  506): REPLY: level=-62
03-03 15:32:45.073 I/WifiHW  (  506): REPLY: tsf=0000280686862240
03-03 15:32:45.073 I/WifiHW  (  506): REPLY: flags=[WPA2-PSK-CCMP][WPS][ESS]
03-03 15:32:45.073 I/WifiHW  (  506): REPLY: ssid=E2000EE
03-03 15:32:45.073 I/WifiHW  (  506): REPLY: ====
03-03 15:32:45.073 I/WifiHW  (  506): REPLY: id=3295
03-03 15:32:45.073 I/WifiHW  (  506): REPLY: bssid=90:94:e4:03:45:f5
03-03 15:32:45.073 I/WifiHW  (  506): REPLY: freq=2442
03-03 15:32:45.073 I/WifiHW  (  506): REPLY: level=-57
03-03 15:32:45.073 I/WifiHW  (  506): REPLY: tsf=0000280686862281
03-03 15:32:45.073 I/WifiHW  (  506): REPLY: flags=[WPA2-PSK-CCMP+TKIP][ESS]
03-03 15:32:45.073 I/WifiHW  (  506): REPLY: ssid=DAP-2553_D
03-03 15:32:45.073 I/WifiHW  (  506): REPLY: ====
03-03 15:32:45.073 I/WifiHW  (  506): REPLY: id=3296
03-03 15:32:45.073 I/WifiHW  (  506): REPLY: bssid=10:c3:7b:d2:e5:e0
03-03 15:32:45.073 I/WifiHW  (  506): REPLY: freq=2462
03-03 15:32:45.073 I/WifiHW  (  506): REPLY: level=-60
03-03 15:32:45.073 I/WifiHW  (  506): REPLY: tsf=0000280686862289
03-03 15:32:45.073 I/WifiHW  (  506): REPLY: flags=[WPA2-PSK-CCMP][WPS][ESS]
03-03 15:32:45.073 I/WifiHW  (  506): REPLY: ssid=ASUS_RT-AC66U-2.4G
03-03 15:32:45.073 I/WifiHW  (  506): REPLY: ====
03-03 15:32:45.073 I/WifiHW  (  506): REPLY: id=3299
03-03 15:32:45.073 I/WifiHW  (  506): REPLY: bssid=cc:34:29:2c:fb:ec
03-03 15:32:45.073 I/WifiHW  (  506): REPLY: freq=2412
03-03 15:32:45.073 I/WifiHW  (  506): REPLY: level=-56
03-03 15:32:45.073 I/WifiHW  (  506): REPLY: tsf=0000280686862236
03-03 15:32:45.073 I/WifiHW  (  506): REPLY: flags=[WPA-PSK-CCMP][WPA2-PSK-CCMP][WPS][ESS]
03-03 15:32:45.073 I/WifiHW  (  506): REPLY: ssid=linksys
03-03 15:32:45.073 I/WifiHW  (  506): REPLY: ====
03-03 15:32:45.073 I/WifiHW  (  506): REPLY: id=3303
03-03 15:32:45.073 I/WifiHW  (  506): REPLY: bssid=7a:24:af:24:0f:48
03-03 15:32:45.073 I/WifiHW  (  506): REPLY: freq=2412
03-03 15:32:45.073 I/WifiHW  (  506): REPLY: level=-60
03-03 15:32:45.073 I/WifiHW  (  506): REPLY: tsf=0000280686862293
03-03 15:32:45.073 I/WifiHW  (  506): REPLY: flags=[WEP]
03-03 15:32:45.073 I/WifiHW  (  506): REPLY: ssid=DIRECT-
03-03 15:32:45.073 I/WifiHW  (  506): REPLY: ====
03-03 15:32:45.073 I/WifiHW  (  506): REPLY: id=3304
03-03 15:32:45.073 I/WifiHW  (  506): REPLY: bssid=44:94:fc:3d:da:38
03-03 15:32:45.073 I/WifiHW  (  506): REPLY: freq=2462
03-03 15:32:45.073 I/WifiHW  (  506): REPLY: level=-49
03-03 15:32:45.073 I/WifiHW  (  506): REPLY: tsf=0000280686862305
03-03 15:32:45.073 I/WifiHW  (  506): REPLY: flags=[WEP][ESS]
03-03 15:32:45.073 I/WifiHW  (  506): REPLY: ssid=6300
03-03 15:32:45.073 I/WifiHW  (  506): REPLY: ====
03-03 15:32:45.073 I/WifiHW  (  506): REPLY: id=3307
03-03 15:32:45.073 I/WifiHW  (  506): REPLY: bssid=50:bd:5f:4b:29:92
03-03 15:32:45.073 I/WifiHW  (  506): REPLY: freq=2437
03-03 15:32:45.073 I/WifiHW  (  506): REPLY: level=-64
03-03 15:32:45.073 I/WifiHW  (  506): REPLY: tsf=0000280686862252
03-03 15:32:45.073 I/WifiHW  (  506): REPLY: flags=[ESS]
03-03 15:32:45.073 I/WifiHW  (  506): REPLY: ssid=Internet-2
03-03 15:32:45.073 I/WifiHW  (  506): REPLY: ====
03-03 15:32:45.073 I/WifiHW  (  506): REPLY: id=3373
03-03 15:32:45.073 I/WifiHW  (  506): REPLY: bssid=cc:34:29:2b:26:4c
03-03 15:32:45.073 I/WifiHW  (  506): REPLY: freq=2462
03-03 15:32:45.073 I/WifiHW  (  506): REPLY: level=-62
03-03 15:32:45.073 I/WifiHW  (  506): REPLY: tsf=0000280686862301
03-03 15:32:45.073 I/WifiHW  (  506): REPLY: flags=[WPA2-PSK-CCMP][WPS][ESS]
03-03 15:32:45.073 I/WifiHW  (  506): REPLY: ssid=cws-test
03-03 15:32:45.073 I/WifiHW  (  506): REPLY: ====
03-03 15:32:45.073 I/WifiHW  (  506): REPLY: id=3377
03-03 15:32:45.073 I/WifiHW  (  506): REPLY: bssid=e4:d3:32:c0:cf:a4
03-03 15:32:45.073 I/WifiHW  (  506): REPLY: freq=2437
03-03 15:32:45.073 I/WifiHW  (  506): REPLY: level=-70
03-03 15:32:45.073 I/WifiHW  (  506): REPLY: tsf=0000280686862255
03-03 15:32:45.073 I/WifiHW  (  506): REPLY: flags=[WPA2-PSK-CCMP][ESS]
03-03 15:32:45.073 I/WifiHW  (  506): REPLY: ssid=fast
03-03 15:32:45.073 I/WifiHW  (  506): REPLY: ====
03-03 15:32:45.073 I/WifiHW  (  506): REPLY: id=3387
03-03 15:32:45.073 I/WifiHW  (  506): REPLY: bssid=b0:48:7a:51:ff:cc
03-03 15:32:45.073 I/WifiHW  (  506): REPLY: freq=2452
03-03 15:32:45.073 I/WifiHW  (  506): REPLY: level=-66
03-03 15:32:45.073 I/WifiHW  (  506): REPLY: tsf=0000280686862285
03-03 15:32:45.073 I/WifiHW  (  506): REPLY: flags=[WPA-PSK-CCMP][WPA2-PSK-CCMP][WPS][ESS]
03-03 15:32:45.073 I/WifiHW  (  506): REPLY: ssid=Neusoft TP
03-03 15:32:45.073 I/WifiHW  (  506): REPLY: ====
03-03 15:32:45.073 I/WifiHW  (  506): REPLY: id=3388
03-03 15:32:45.073 I/WifiHW  (  506): REPLY: bssid=14:d6:4d:28:ef:c8
03-03 15:32:45.073 I/WifiHW  (  506): REPLY: freq=2437
03-03 15:32:45.073 I/WifiHW  (  506): REPLY: level=-72
03-03 15:32:45.073 I/WifiHW  (  506): REPLY: tsf=0000280686862266
03-03 15:32:45.073 I/WifiHW  (  506): REPLY: flags=[WPA2-PSK-CCMP][WPS][ESS]
03-03 15:32:45.073 I/WifiHW  (  506): REPLY: ssid=dlink
03-03 15:32:45.073 I/WifiHW  (  506): REPLY: ====
03-03 15:32:45.073 I/WifiHW  (  506): REPLY: id=3395
03-03 15:32:45.073 I/WifiHW  (  506): REPLY: bssid=c0:c1:c0:76:81:3c
03-03 15:32:45.073 I/WifiHW  (  506): REPLY: freq=2462
03-03 15:32:45.073 I/WifiHW  (  506): REPLY: level=-54
03-03 15:32:45.073 I/WifiHW  (  506): REPLY: tsf=0000280686862297
03-03 15:32:45.073 I/WifiHW  (  506): REPLY: flags=[WPS][ESS]
03-03 15:32:45.073 I/WifiHW  (  506): REPLY: ssid=E2000
03-03 15:32:45.073 I/WifiHW  (  506): REPLY: ====
03-03 15:32:45.073 I/WifiHW  (  506): REPLY: id=3397
03-03 15:32:45.073 I/WifiHW  (  506): REPLY: bssid=22:48:9a:ac:31:5b
03-03 15:32:45.073 I/WifiHW  (  506): REPLY: freq=2437
03-03 15:32:45.073 I/WifiHW  (  506): REPLY: level=-75
03-03 15:32:45.073 I/WifiHW  (  506): REPLY: tsf=0000280686862277
03-03 15:32:45.073 I/WifiHW  (  506): REPLY: flags=[WPA2-PSK-CCMP][ESS]
03-03 15:32:45.073 I/WifiHW  (  506): REPLY: ssid=dean1
03-03 15:32:45.073 I/WifiHW  (  506): REPLY: ====
03-03 15:32:45.073 I/WifiHW  (  506): REPLY: id=3402
03-03 15:32:45.073 I/WifiHW  (  506): REPLY: bssid=cc:b2:55:e2:84:70
03-03 15:32:45.073 I/WifiHW  (  506): REPLY: freq=2447
03-03 15:32:45.073 I/WifiHW  (  506): REPLY: level=-69
03-03 15:32:45.073 I/WifiHW  (  506): REPLY: tsf=0000280645632035
03-03 15:32:45.073 I/WifiHW  (  506): REPLY: flags=[WPA-PSK-TKIP][WPA2-PSK-TKIP][ESS]
03-03 15:32:45.073 I/WifiHW  (  506): REPLY: ssid=DLINK_APK
03-03 15:32:45.073 I/WifiHW  (  506): REPLY: ====
03-03 15:32:45.073 I/WifiHW  (  506): REPLY: id=3403
03-03 15:32:45.073 I/WifiHW  (  506): REPLY: bssid=c4:17:fe:3f:4f:fb
03-03 15:32:45.073 I/WifiHW  (  506): REPLY: freq=2437
03-03 15:32:45.073 I/WifiHW  (  506): REPLY: level=-71
03-03 15:32:45.073 I/WifiHW  (  506): REPLY: tsf=0000280686862262
03-03 15:32:45.073 I/WifiHW  (  506): REPLY: flags=[WPA2-PSK-CCMP][ESS]
03-03 15:32:45.073 I/WifiHW  (  506): REPLY: ssid=cmcm
03-03 15:32:45.073 I/WifiHW  (  506): REPLY: ====
03-03 15:32:45.073 I/WifiHW  (  506): REPLY: id=3404
03-03 15:32:45.073 I/WifiHW  (  506): REPLY: bssid=c0:a0:bb:20:3b:84
03-03 15:32:45.073 I/WifiHW  (  506): REPLY: freq=2417
03-03 15:32:45.073 I/WifiHW  (  506): REPLY: level=-73
03-03 15:32:45.073 I/WifiHW  (  506): REPLY: tsf=0000280686862244
03-03 15:32:45.073 I/WifiHW  (  506): REPLY: flags=[WPA-PSK-CCMP+TKIP][WPA2-PSK-CCMP+TKIP][WPS][ESS]
03-03 15:32:45.073 I/WifiHW  (  506): REPLY: ssid=dlink-3B84
03-03 15:32:45.073 I/WifiHW  (  506): REPLY: ====
03-03 15:32:45.073 I/WifiHW  (  506): REPLY: id=3405
03-03 15:32:45.073 I/WifiHW  (  506): REPLY: bssid=02:09:4c:3e:43:ae
03-03 15:32:45.073 I/WifiHW  (  506): REPLY: freq=2412
03-03 15:32:45.073 I/WifiHW  (  506): REPLY: level=-77
03-03 15:32:45.073 I/WifiHW  (  506): REPLY: tsf=0000280645631948
03-03 15:32:45.073 I/WifiHW  (  506): REPLY: flags=[WEP]
03-03 15:32:45.073 I/WifiHW  (  506): REPLY: ssid=DIRECT-
03-03 15:32:45.073 I/WifiHW  (  506): REPLY: ====
03-03 15:32:45.073 I/WifiHW  (  506): REPLY: id=3406
03-03 15:32:45.073 I/WifiHW  (  506): REPLY: bssid=7e:7a:91:dc:83:0e
03-03 15:32:45.073 I/WifiHW  (  506): REPLY: freq=2437
03-03 15:32:45.073 I/WifiHW  (  506): REPLY: level=-73
03-03 15:32:45.073 I/WifiHW  (  506): REPLY: tsf=0000280686862274
03-03 15:32:45.073 I/WifiHW  (  506): REPLY: flags=[WPA2-PSK-CCMP][ESS]
03-03 15:32:45.073 I/WifiHW  (  506): REPLY: ssid=Donny
03-03 15:32:45.073 I/WifiHW  (  506): REPLY: ====
03-03 15:32:45.073 I/WifiHW  (  506): REPLY: id=3407
03-03 15:32:45.073 I/WifiHW  (  506): REPLY: bssid=f4:b7:e2:2b:41:b7
03-03 15:32:45.073 I/WifiHW  (  506): REPLY: freq=2437
03-03 15:32:45.073 I/WifiHW  (  506): REPLY: level=-79
03-03 15:32:45.073 I/WifiHW  (  506): REPLY: tsf=0000280686862270
03-03 15:32:45.073 I/WifiHW  (  506): REPLY: flags=[WPA2-PSK-CCMP][ESS]
03-03 15:32:45.073 I/WifiHW  (  506): REPLY: ssid=cmscc
03-03 15:32:45.073 I/WifiHW  (  506): REPLY: ####
03-03 15:32:45.593 D/AndroidRuntime(26369): 
03-03 15:32:45.593 D/AndroidRuntime(26369): >>>>>> AndroidRuntime START com.android.internal.os.RuntimeInit <<<<<<
03-03 15:32:45.593 D/AndroidRuntime(26369): CheckJNI is OFF
03-03 15:32:45.593 I/AndroidRuntime(26369): Kernel Release Version: 3.10.20-gf818079
03-03 15:32:45.593 I/dalvikvm(26369): No library specified. The standard exception handler will be used
03-03 15:32:45.603 I/dalvikvm(26369): 
03-03 15:32:45.603 I/dalvikvm(26369): +++++++++++++ Using PCG. +++++++++++++++++++++
03-03 15:32:45.603 D/dalvikvm(26369): Trying to load lib libjavacore.so 0x0
03-03 15:32:45.613 D/dalvikvm(26369): Added shared lib libjavacore.so 0x0
03-03 15:32:45.613 D/dalvikvm(26369): Trying to load lib libnativehelper.so 0x0
03-03 15:32:45.613 D/dalvikvm(26369): Added shared lib libnativehelper.so 0x0
03-03 15:32:45.613 D/dalvikvm(26369): No JNI_OnLoad found in libnativehelper.so 0x0, skipping init
03-03 15:32:45.613 D/dalvikvm(26369): Extra Options: not specified
03-03 15:32:45.633 D/dalvikvm(26369): Note: class Landroid/app/ActivityManagerNative; has 186 unimplemented (abstract) methods
03-03 15:32:45.703 E/memtrack(26369): Couldn't load memtrack module (No such file or directory)
03-03 15:32:45.703 E/android.os.Debug(26369): failed to load memtrack module: -2
03-03 15:32:45.743 D/AndroidRuntime(26369): Calling main entry com.android.commands.am.Am
03-03 15:32:45.773 W/ufoGralloc(  172): registerBuffer() handle 0xb83c9530/5 didn't require registration
03-03 15:32:45.773 I/ActivityManager(  506): START u0 {flg=0x10000000 cmp=org.xwalk.webapi_noneservice_tests/.WebapiNoneserviceTestsActivity} from pid 26369
03-03 15:32:45.793 D/AndroidRuntime(26369): Shutting down VM
03-03 15:32:45.793 D/dalvikvm(26369): GC_CONCURRENT freed 114K, 16% free 701K/832K, paused 1ms+0ms, total 2ms
03-03 15:32:45.793 D/dalvikvm(26369): Compiler shutdown in progress - discarding request
03-03 15:32:45.793 D/dalvikvm(26369): Compiler shutdown in progress - discarding request
03-03 15:32:45.793 D/dalvikvm(26369): Compiler shutdown in progress - discarding request
03-03 15:32:45.793 D/dalvikvm(26369): Compiler shutdown in progress - discarding request
03-03 15:32:45.793 D/dalvikvm(26369): Compiler shutdown in progress - discarding request
03-03 15:32:45.793 D/dalvikvm(26369): Compiler shutdown in progress - discarding request
03-03 15:32:45.793 D/dalvikvm(26369): Compiler shutdown in progress - discarding request
03-03 15:32:45.793 D/dalvikvm(26369): Compiler shutdown in progress - discarding request
03-03 15:32:45.793 D/dalvikvm(26369): Compiler shutdown in progress - discarding request
03-03 15:32:45.793 D/dalvikvm(26369): Compiler shutdown in progress - discarding request
03-03 15:32:45.793 D/dalvikvm(26369): Compiler shutdown in progress - discarding request
03-03 15:32:45.793 D/dalvikvm(26369): Compiler shutdown in progress - discarding request
03-03 15:32:45.793 D/dalvikvm(26369): Compiler shutdown in progress - discarding request
03-03 15:32:45.793 D/dalvikvm(26369): Compiler shutdown in progress - discarding request
03-03 15:32:45.793 D/dalvikvm(26369): Compiler shutdown in progress - discarding request
03-03 15:32:45.793 D/dalvikvm(26369): Compiler shutdown in progress - discarding request
03-03 15:32:45.793 D/dalvikvm(26369): Compiler shutdown in progress - discarding request
03-03 15:32:45.793 D/dalvikvm(26369): Compiler shutdown in progress - discarding request
03-03 15:32:45.793 D/dalvikvm(26369): Compiler shutdown in progress - discarding request
03-03 15:32:45.793 D/dalvikvm(26369): Compiler shutdown in progress - discarding request
03-03 15:32:45.793 D/dalvikvm(26369): Compiler shutdown in progress - discarding request
03-03 15:32:45.793 D/dalvikvm(26369): Compiler shutdown in progress - discarding request
03-03 15:32:45.793 D/dalvikvm(26369): Compiler shutdown in progress - discarding request
03-03 15:32:45.793 D/dalvikvm(26369): Compiler shutdown in progress - discarding request
03-03 15:32:45.793 D/dalvikvm(26369): Compiler shutdown in progress - discarding request
03-03 15:32:45.793 D/dalvikvm(26369): Compiler shutdown in progress - discarding request
03-03 15:32:45.793 D/dalvikvm(26369): Compiler shutdown in progress - discarding request
03-03 15:32:45.793 D/dalvikvm(26369): Compiler shutdown in progress - discarding request
03-03 15:32:45.793 D/dalvikvm(26369): Compiler shutdown in progress - discarding request
03-03 15:32:45.793 D/dalvikvm(26369): Compiler shutdown in progress - discarding request
03-03 15:32:45.793 D/dalvikvm(26369): Compiler shutdown in progress - discarding request
03-03 15:32:45.793 D/dalvikvm(26369): Compiler shutdown in progress - discarding request
03-03 15:32:45.793 D/dalvikvm(26369): Compiler shutdown in progress - discarding request
03-03 15:32:45.793 D/dalvikvm(26369): Compiler shutdown in progress - discarding request
03-03 15:32:45.793 D/dalvikvm(26369): Compiler shutdown in progress - discarding request
03-03 15:32:45.793 D/dalvikvm(26369): Compiler shutdown in progress - discarding request
03-03 15:32:45.793 D/dalvikvm(26369): Compiler shutdown in progress - discarding request
03-03 15:32:45.793 D/dalvikvm(26369): Compiler shutdown in progress - discarding request
03-03 15:32:45.793 D/dalvikvm(26369): Compiler shutdown in progress - discarding request
03-03 15:32:45.793 D/dalvikvm(26369): Compiler shutdown in progress - discarding request
03-03 15:32:45.793 D/dalvikvm(26369): Compiler shutdown in progress - discarding request
03-03 15:32:45.823 I/SecurityManagerService(  621): SMS received security event: App[START/org.xwalk.webapi_noneservice_tests]
03-03 15:32:45.833 D/dalvikvm(26380): Process 26380 nice name: org.xwalk.webapi_noneservice_tests
03-03 15:32:45.833 D/dalvikvm(26380): Extra Options: not specified
03-03 15:32:45.833 I/ActivityManager(  506): Start proc org.xwalk.webapi_noneservice_tests for activity org.xwalk.webapi_noneservice_tests/.WebapiNoneserviceTestsActivity: pid=26380 uid=10366 gids={50366, 3003, 1028, 1015}
03-03 15:32:45.843 D/WindowManager(  506): adjustConfigurationLw, config:{1.0 ?mcc?mnc ?locale ?layoutDir sw600dp w600dp h888dp 213dpi lrg port ?uimode ?night finger -keyb/v/h -nav/v} mLidState:1 mHasDockFeature:false mHasKeyboardFeature:false mHasHallSensorFeature:true config.hardKeyboardHidden:2
03-03 15:32:45.843 I/ActivityManager(  506): [TopPkgCurBat]	NowPkgName[org.xwalk.webapi_noneservice_tests]	Battery[76]	TimeTick[1425367965852]	OldPkgName[com.chrome.beta]
03-03 15:32:45.883 D/        (18931): Surface destroy: ANDROID_NATIVE_WINDOW_MAGIC
03-03 15:32:45.893 D/        (18870): Surface destroy: ANDROID_NATIVE_WINDOW_MAGIC
03-03 15:32:45.913 D/dalvikvm(26380): Trying to load lib /data/app-lib/org.xwalk.webapi_noneservice_tests-1/libxwalkcore.so 0x43d83740
03-03 15:32:45.963 D/dalvikvm(26380): Added shared lib /data/app-lib/org.xwalk.webapi_noneservice_tests-1/libxwalkcore.so 0x43d83740
03-03 15:32:45.973 I/LibraryLoader(26380): Time to load native libraries: 67 ms (timestamps 5152-5219)
03-03 15:32:45.973 I/LibraryLoader(26380): Expected native library version number "",actual native library version number ""
03-03 15:32:46.003 I/LibraryLoader(26380): Expected native library version number "",actual native library version number ""
03-03 15:32:46.003 I/chromium(26380): [INFO:library_loader_hooks.cc(112)] Chromium logging enabled: level = 0, default verbosity = 0
03-03 15:32:46.063 I/BrowserStartupController(26380): Initializing chromium process, singleProcess=true
03-03 15:32:46.513 W/AudioManagerAndroid(26380): Requires BLUETOOTH permission
03-03 15:32:46.533 I/ufoGralloc(26380): Hello, this is UFO GRALLOC/Intel Corporation
03-03 15:32:46.533 D/        (26380): Pixel Format : GGL_PIXEL_FORMAT_RGBA_8888
03-03 15:32:46.533 D/        (26380): droid_create_context : config id = 1 conf->NativeVisualID=1
03-03 15:32:46.533 D/        (26380): Pixel Format : GGL_PIXEL_FORMAT_RGBA_8888
03-03 15:32:46.533 I/        (26380): Requested context : GLES 2.0
03-03 15:32:46.573 W/chromium(26380): [WARNING:proxy_service.cc(899)] PAC support disabled because there is no system implementation
03-03 15:32:46.603 W/dalvikvm(26380): VFY: unable to find class referenced in signature (Landroid/view/inputmethod/CursorAnchorInfo;)
03-03 15:32:46.603 I/dalvikvm(26380): Could not find method android.view.inputmethod.InputMethodManager.updateCursorAnchorInfo, referenced from method org.chromium.content.browser.input.InputMethodManagerWrapper.updateCursorAnchorInfo
03-03 15:32:46.603 W/dalvikvm(26380): VFY: unable to resolve virtual method 1241: Landroid/view/inputmethod/InputMethodManager;.updateCursorAnchorInfo (Landroid/view/View;Landroid/view/inputmethod/CursorAnchorInfo;)V
03-03 15:32:46.603 D/dalvikvm(26380): VFY: replacing opcode 0x6e at 0x000a
03-03 15:32:46.653 E/cutils  (  164): Failed to mkdirat(/Removable/MicroSD): Read-only file system
03-03 15:32:46.653 W/ContextImpl(26380): Failed to ensure directory: /Removable/MicroSD/Android/data/org.xwalk.webapi_noneservice_tests/cache
03-03 15:32:46.653 W/XWalkExtensionManager(26380): Failed to read extensions-config.json
03-03 15:32:46.653 W/Vold    (  164): Returning OperationFailed - no handler for errno 30
03-03 15:32:46.663 E/chromium(26380): [ERROR:unix_domain_server_socket_posix.cc(106)] Not implemented reached in virtual int net::UnixDomainServerSocket::GetLocalAddress(net::IPEndPoint*) const
03-03 15:32:46.663 I/dalvikvm(26380): Could not find method android.app.Activity.finishAndRemoveTask, referenced from method org.chromium.base.ApiCompatibilityUtils.finishAndRemoveTask
03-03 15:32:46.663 W/dalvikvm(26380): VFY: unable to resolve virtual method 4: Landroid/app/Activity;.finishAndRemoveTask ()V
03-03 15:32:46.663 D/dalvikvm(26380): VFY: replacing opcode 0x6e at 0x0006
03-03 15:32:46.663 I/dalvikvm(26380): Could not find method android.os.PowerManager.isInteractive, referenced from method org.chromium.base.ApiCompatibilityUtils.isInteractive
03-03 15:32:46.663 W/dalvikvm(26380): VFY: unable to resolve virtual method 768: Landroid/os/PowerManager;.isInteractive ()Z
03-03 15:32:46.663 D/dalvikvm(26380): VFY: replacing opcode 0x6e at 0x000e
03-03 15:32:46.663 I/dalvikvm(26380): Could not find method android.view.Window.getNavigationBarColor, referenced from method org.chromium.base.ApiCompatibilityUtils.setStatusBarColor
03-03 15:32:46.663 W/dalvikvm(26380): VFY: unable to resolve virtual method 1144: Landroid/view/Window;.getNavigationBarColor ()I
03-03 15:32:46.663 D/dalvikvm(26380): VFY: replacing opcode 0x6e at 0x0010
03-03 15:32:46.663 I/dalvikvm(26380): Could not find method android.view.Window.setStatusBarColor, referenced from method org.chromium.base.ApiCompatibilityUtils.setStatusBarColor
03-03 15:32:46.663 W/dalvikvm(26380): VFY: unable to resolve virtual method 1149: Landroid/view/Window;.setStatusBarColor (I)V
03-03 15:32:46.663 D/dalvikvm(26380): VFY: replacing opcode 0x6e at 0x0019
03-03 15:32:46.663 E/dalvikvm(26380): Could not find class 'android.app.ActivityManager$TaskDescription', referenced from method org.chromium.base.ApiCompatibilityUtils.setTaskDescription
03-03 15:32:46.663 W/dalvikvm(26380): VFY: unable to resolve new-instance 11 (Landroid/app/ActivityManager$TaskDescription;) in Lorg/chromium/base/ApiCompatibilityUtils;
03-03 15:32:46.663 D/dalvikvm(26380): VFY: replacing opcode 0x22 at 0x0006
03-03 15:32:46.663 D/dalvikvm(26380): DexOpt: unable to opt direct call 0x001e at 0x08 in Lorg/chromium/base/ApiCompatibilityUtils;.setTaskDescription
03-03 15:32:46.713 I/chromium(26380): [INFO:xwalk_extension_renderer_controller.cc(47)] EXTENSION PROCESS DISABLED.
03-03 15:32:46.763 D/        (26380): droid_create_context : config id = 5 conf->NativeVisualID=1
03-03 15:32:46.763 D/        (26380): Pixel Format : GGL_PIXEL_FORMAT_RGBA_8888
03-03 15:32:46.763 I/        (26380): Requested context : GLES 2.0
03-03 15:32:46.773 D/        (26380): Pixel Format : GGL_PIXEL_FORMAT_RGBA_8888
03-03 15:32:46.773 D/OpenGLRenderer(26380): Enabling debug mode 0
03-03 15:32:46.853 D/        (26380): Pixel Format : GGL_PIXEL_FORMAT_RGBA_8888
03-03 15:32:46.853 D/        (26380): droid_create_context : config id = 1 conf->NativeVisualID=1
03-03 15:32:46.853 D/        (26380): Pixel Format : GGL_PIXEL_FORMAT_RGBA_8888
03-03 15:32:46.853 I/        (26380): Requested context : GLES 2.0
03-03 15:32:46.853 W/IInputConnectionWrapper(18870): showStatusIcon on inactive InputConnection
03-03 15:32:46.853 D/XT9IME  (26399): new subtype :en_US ,keyboard
03-03 15:32:46.863 I/ActivityManager(  506): Displayed org.xwalk.webapi_noneservice_tests/.WebapiNoneserviceTestsActivity: +1s46ms
03-03 15:32:46.873 D/BatteryStatsImpl(  506): noteStopWakeLocked system isFromForeground = false
03-03 15:32:46.883 D/        (26380): Pixel Format : GGL_PIXEL_FORMAT_RGBA_8888
03-03 15:32:46.883 D/        (26380): droid_create_context : config id = 1 conf->NativeVisualID=1
03-03 15:32:46.883 D/        (26380): Pixel Format : GGL_PIXEL_FORMAT_RGBA_8888
03-03 15:32:46.883 I/        (26380): Requested context : GLES 2.0
03-03 15:32:46.893 D/        (26380): Swap interval set to = 1 value
03-03 15:32:46.903 W/BindingManager(26380): Cannot call determinedVisibility() - never saw a connection for the pid: 26380
03-03 15:32:46.913 E/TabPersistentStore(18870): Failed to create state folder: /data/data/com.chrome.beta/app_tabs/0
03-03 15:32:46.913 E/TabPersistentStore(18870): Failed to create state folder: /data/data/com.chrome.beta/app_tabs/0
03-03 15:32:47.913 W/BindingManager(26380): Cannot call determinedVisibility() - never saw a connection for the pid: 26380
03-03 15:32:48.343 I/chromium(26380): [INFO:CONSOLE(0)] "Synchronous XMLHttpRequest on the main thread is deprecated because of its detrimental effects to the end user's experience. For more help, check http://xhr.spec.whatwg.org/.", source:  (0)
03-03 15:32:48.433 D/        (26380): Pixel Format : GGL_PIXEL_FORMAT_RGBA_8888
03-03 15:32:48.433 D/        (26380): droid_create_context : config id = 1 conf->NativeVisualID=1
03-03 15:32:48.433 D/        (26380): Pixel Format : GGL_PIXEL_FORMAT_RGBA_8888
03-03 15:32:48.433 I/        (26380): Requested context : GLES 2.0
03-03 15:32:51.793 D/EVENT_THREAD(  187): void CEventThread::run() POLLIN event on Fd (1)
03-03 15:32:51.793 D/EVENT_THREAD(  187): void CEventThread::run() Do poll with timeout: -1
03-03 15:32:51.793 D/EVENT_THREAD(  187): void CEventThread::run() POLLIN event on Fd (1)
03-03 15:32:51.793 D/EVENT_THREAD(  187): void CEventThread::run() Do poll with timeout: -1
03-03 15:32:51.793 I/upi_ug31xx(  167): (13019) update_capacity
03-03 15:32:51.793 I/[UPI]   (  167): <UG31/E>[UpiReadCapacity]: V=3966(3966), T=339(342-403), I=-354, C=-4(-4-0)
03-03 15:32:51.793 I/[UPI]   (  167): <UG31/E>[UpiReadCapacity]: (0x0000254a) 2734 (2775) / 3602 (3985) = 76
03-03 15:32:51.793 I/[UPI]   (  167): <UG31/E>[UpiReadCapacity]: (0x0000254a) 2734 (2775) / 3602 (3985) = 76
03-03 15:32:51.793 I/[UPI]   (  167): <UG31/E>[UpiReadCapacity]: (0x0000254a) 2730 (2730) / 3602 (3985) = 76
03-03 15:32:51.793 I/[UPI]   (  167): <UG31/E>[RsocFilterCountTime]: (0x0000254a) Step=4(273410), Full=4(273410), Lock=273410(1800000)
03-03 15:32:51.793 I/[UPI]   (  167): <UG31/E>[UpiReadCapacity]: (0x0000254a) 2730 (2730) / 3602 (3985) = 76 (-354--354)
03-03 15:32:51.793 I/[UPI]   (  167): <UG31/E><BATT> M:normal, P:76(76-76)%, V:3967mV, C:-435mA, T:34.2C(403), S:0x0000254a(000), R:2730mAh, F:3602mAh, Q:2281mAh, CC:4, P:30.310(1055-0)s, BO:7, 97:615:0-44af-9m:B001-20140514-144301 (16)
03-03 15:32:51.793 I/upi_ug31xx(  167): (13020) backup_data 
03-03 15:32:51.793 V/upi_ug31xx(  167): state->check_backup_count = 7
03-03 15:32:53.033 I/dalvikvm(26380): Total arena pages for JIT: 11
03-03 15:32:53.033 I/dalvikvm(26380): Total arena pages for JIT: 12
03-03 15:32:53.033 I/dalvikvm(26380): Total arena pages for JIT: 13
03-03 15:32:53.033 I/dalvikvm(26380): Total arena pages for JIT: 14
03-03 15:32:53.033 I/dalvikvm(26380): Total arena pages for JIT: 15
03-03 15:32:53.053 D/SendBroadcastHandler(20754): startTimer() SEND_TO_CONTACTS_INSERT 
03-03 15:32:53.293 D/SendBroadcastHandler(20754): startTimer() SEND_TO_CONTACTS_WIDGET_DELETE 
03-03 15:32:53.373 I/chromium(26380): [INFO:CONSOLE(70)] "WARNING: Message from backend doesn't have data.", source:  (70)
03-03 15:32:53.523 W/BindingManager(26380): Cannot call determinedVisibility() - never saw a connection for the pid: 26380
03-03 15:32:53.563 I/chromium(26380): [INFO:CONSOLE(70)] "WARNING: Message from backend doesn't have data.", source:  (70)
03-03 15:32:54.183 W/BindingManager(26380): Cannot call determinedVisibility() - never saw a connection for the pid: 26380
03-03 15:32:54.293 I/chromium(26380): [INFO:CONSOLE(70)] "WARNING: Message from backend doesn't have data.", source:  (70)
03-03 15:32:54.833 W/BindingManager(26380): Cannot call determinedVisibility() - never saw a connection for the pid: 26380
03-03 15:32:54.943 I/chromium(26380): [INFO:CONSOLE(70)] "WARNING: Message from backend doesn't have data.", source:  (70)
03-03 15:32:55.363 D/AlarmManager(  506): Added alarm Alarm{22ae6a70 type 2 com.android.providers.calendar} type:ELAPSED_REALTIME_WAKEUP when: After 0h:0m:4.0s
03-03 15:32:55.373 V/ActivityManager(  506): Remove bg service from mStartingBackground ,r=ServiceRecord{221cedb8 u0 com.android.providers.calendar/.ContactsEventUpdateIntentService},r used time=64,left r count=1
03-03 15:32:55.453 W/BindingManager(26380): Cannot call determinedVisibility() - never saw a connection for the pid: 26380
03-03 15:32:55.563 I/chromium(26380): [INFO:CONSOLE(70)] "WARNING: Message from backend doesn't have data.", source:  (70)
03-03 15:32:55.803 D/dalvikvm(20754): GC_EXPLICIT freed 870K, 13% free 7848K/8940K, paused 1ms+5ms, total 36ms
03-03 15:32:56.053 D/SendBroadcastHandler(20754): mTimerTask sendMessage CONTACTS_INSERT 
03-03 15:32:56.053 D/SendBroadcastHandler(20754): (insert) sendBroadcast mInsertRawContacts:5
03-03 15:32:56.053 D/SendBroadcastHandler(20754): (insert) sendBroadcast mInsertName:5
03-03 15:32:56.053 D/SendBroadcastHandler(20754): (insert) sendBroadcast mInsertNameDetail:5
03-03 15:32:56.053 D/SendBroadcastHandler(20754): sendBroadcast insert to voice agent
03-03 15:32:56.103 W/BindingManager(26380): Cannot call determinedVisibility() - never saw a connection for the pid: 26380
03-03 15:32:56.223 I/chromium(26380): [INFO:CONSOLE(70)] "WARNING: Message from backend doesn't have data.", source:  (70)
03-03 15:32:56.273 D/SendBroadcastHandler(20754): startTimer() SEND_TO_CONTACTS_INSERT 
03-03 15:32:56.303 D/SendBroadcastHandler(20754): mTimerTask sendMessage CONTACTS_DELETE 
03-03 15:32:56.303 D/SendBroadcastHandler(20754): sendBroadcast delete to voice agent
03-03 15:32:56.303 D/SendBroadcastHandler(20754): (Delete) sendBroadcast mDeleteContacts:5
03-03 15:32:56.303 D/SendBroadcastHandler(20754): (Delete) sendBroadcast mDeleteRawContactsVoice:6
03-03 15:32:56.303 D/SendBroadcastHandler(20754): sendBroadcast CONTACTS_DELETE
03-03 15:32:56.303 D/AsusContactWigdetSync(27552): ready to sync contact id = 5
03-03 15:32:56.303 D/AsusContactWigdetSync(27552): ready to sync widget
03-03 15:32:56.303 D/AsusContactWigdetSync(27552): delete contact_id = 666
03-03 15:32:56.303 D/AsusContactWigdetSync(27552): delete contact_id = 668
03-03 15:32:56.303 D/AsusContactWigdetSync(27552): delete contact_id = 669
03-03 15:32:56.303 D/AsusContactWigdetSync(27552): delete contact_id = 670
03-03 15:32:56.303 D/AsusContactWigdetSync(27552): delete contact_id = 671
03-03 15:32:56.303 D/AsusContactWigdetSync(27552): sync isdelete = true
03-03 15:32:56.303 D/AsusContactWigdetSync(25259): ready to sync contact id = 5
03-03 15:32:56.303 D/AsusContactWigdetSync(25259): ready to sync widget
03-03 15:32:56.303 D/AsusContactWigdetSync(25259): delete contact_id = 666
03-03 15:32:56.303 D/AsusContactWigdetSync(25259): delete contact_id = 668
03-03 15:32:56.303 D/AsusContactWigdetSync(25259): delete contact_id = 669
03-03 15:32:56.303 D/AsusContactWigdetSync(25259): delete contact_id = 670
03-03 15:32:56.303 D/AsusContactWigdetSync(25259): delete contact_id = 671
03-03 15:32:56.303 D/AsusContactWigdetSync(25259): sync isdelete = true
03-03 15:32:56.373 I/CalendarProvider2(25235): Sending notification intent: Intent { act=android.intent.action.PROVIDER_CHANGED dat=content://com.android.calendar }
03-03 15:32:56.373 W/ContentResolver(25235): Failed to get type for: content://com.android.calendar (Unknown URL content://com.android.calendar)
03-03 15:32:56.373 V/ActivityManager(  506): Remove bg service from mStartingBackground ,r=ServiceRecord{221626c8 u0 com.android.providers.calendar/.EmptyService},r used time=1004,left r count=2
03-03 15:32:56.383 D/AlertReceiver(25273): onReceive: a=android.intent.action.PROVIDER_CHANGED Intent { act=android.intent.action.PROVIDER_CHANGED dat=content://com.android.calendar flg=0x10 cmp=com.asus.calendar/com.android.calendar.alerts.AlertReceiver }
03-03 15:32:56.393 D/AlertService(25273): 0 Action = android.intent.action.PROVIDER_CHANGED
03-03 15:32:56.393 D/AlertService(25273): Beginning updateAlertNotification
03-03 15:32:56.393 D/AlertService(25273): No fired or scheduled alerts
03-03 15:32:56.403 D/BatteryStatsImpl(  506): noteStopWakeLocked com.asus.calendar isFromForeground = false
03-03 15:32:56.403 I/dalvikvm(25273): Total arena pages for JIT: 11
03-03 15:32:56.403 I/dalvikvm(25273): Total arena pages for JIT: 12
03-03 15:32:56.403 V/ActivityManager(  506): Remove bg service from mStartingBackground ,r=ServiceRecord{21f26df0 u0 com.asus.calendar/com.android.calendar.alerts.AlertService},r used time=17,left r count=2
03-03 15:32:56.413 I/dalvikvm(25273): Total arena pages for JIT: 13
03-03 15:32:56.413 I/dalvikvm(25273): Total arena pages for JIT: 14
03-03 15:32:56.413 I/dalvikvm(25273): Total arena pages for JIT: 15
03-03 15:32:56.413 I/dalvikvm(25273): Total arena pages for JIT: 16
03-03 15:32:56.713 D/dalvikvm(  506): GC_EXPLICIT freed 1463K, 45% free 20764K/37748K, paused 1ms+5ms, total 49ms
03-03 15:32:56.773 E/ContactJson(26380): getStringArray(fields): Failed to parse json data: org.json.JSONException: Value givenNames at fields of type java.lang.String cannot be converted to JSONArray
03-03 15:32:57.283 W/BindingManager(26380): Cannot call determinedVisibility() - never saw a connection for the pid: 26380
03-03 15:32:57.303 D/AsusContactWigdetSync(27552): sync start
03-03 15:32:57.303 D/AsusContactWigdetSync(27552): sync selection = null
03-03 15:32:57.303 D/AsusContactWigdetSync(27552): sync delete selection = contact_id IN ( 668, 669, 670, 671, 666)
03-03 15:32:57.303 D/AsusContactWigdetSync(25259): sync start
03-03 15:32:57.303 D/AsusContactWigdetSync(25259): sync selection = null
03-03 15:32:57.303 D/AsusContactWigdetSync(25259): sync delete selection = contact_id IN ( 668, 669, 670, 671, 666)
03-03 15:32:57.313 D/AsusContactWigdetSync(27552): sync stop
03-03 15:32:57.313 D/AsusContactWigdetSync(25259): sync stop
03-03 15:32:57.313 D/SendBroadcastHandler(20754): startTimer() SEND_TO_CONTACTS_WIDGET_DELETE 
03-03 15:32:57.313 V/ActivityManager(  506): Remove bg service from mStartingBackground ,r=ServiceRecord{21eef1d8 u0 com.asus.contacts/com.android.contacts.miniwidget.SyncService},r used time=1007,left r count=1
03-03 15:32:57.313 V/ActivityManager(  506): Remove bg service from mStartingBackground ,r=ServiceRecord{21fcce18 u0 com.asus.contactswidget/.SyncService},r used time=1008,left r count=0
03-03 15:32:57.493 I/chromium(26380): [INFO:CONSOLE(70)] "WARNING: Message from backend doesn't have data.", source:  (70)
03-03 15:32:57.543 D/dalvikvm(26380): GC_CONCURRENT freed 2668K, 28% free 7138K/9816K, paused 1ms+2ms, total 11ms
03-03 15:32:57.553 V/ActivityManager(  506): Remove bg service from mStartingBackground ,r=ServiceRecord{22590df8 u0 com.android.providers.calendar/.ContactsEventUpdateIntentService},r used time=55,left r count=1
03-03 15:32:57.563 D/dalvikvm(26380): GC_EXPLICIT freed 384K, 33% free 6616K/9816K, paused 0ms+1ms, total 16ms
03-03 15:32:58.413 W/BindingManager(26380): Cannot call determinedVisibility() - never saw a connection for the pid: 26380
03-03 15:32:58.553 I/CalendarProvider2(25235): Sending notification intent: Intent { act=android.intent.action.PROVIDER_CHANGED dat=content://com.android.calendar }
03-03 15:32:58.553 W/ContentResolver(25235): Failed to get type for: content://com.android.calendar (Unknown URL content://com.android.calendar)
03-03 15:32:58.553 D/AlertReceiver(25273): onReceive: a=android.intent.action.PROVIDER_CHANGED Intent { act=android.intent.action.PROVIDER_CHANGED dat=content://com.android.calendar flg=0x10 cmp=com.asus.calendar/com.android.calendar.alerts.AlertReceiver }
03-03 15:32:58.553 V/ActivityManager(  506): Remove bg service from mStartingBackground ,r=ServiceRecord{22588ab0 u0 com.android.providers.calendar/.EmptyService},r used time=1003,left r count=0
03-03 15:32:58.563 D/AlertService(25273): 0 Action = android.intent.action.PROVIDER_CHANGED
03-03 15:32:58.563 D/AlertService(25273): Beginning updateAlertNotification
03-03 15:32:58.563 D/AlertService(25273): No fired or scheduled alerts
03-03 15:32:58.573 D/BatteryStatsImpl(  506): noteStopWakeLocked com.asus.calendar isFromForeground = false
03-03 15:32:58.573 V/ActivityManager(  506): Remove bg service from mStartingBackground ,r=ServiceRecord{2246bdc8 u0 com.asus.calendar/com.android.calendar.alerts.AlertService},r used time=15,left r count=0
03-03 15:32:58.583 I/chromium(26380): [INFO:CONSOLE(70)] "WARNING: Message from backend doesn't have data.", source:  (70)
03-03 15:32:59.043 D/dalvikvm(20754): GC_EXPLICIT freed 915K, 13% free 7869K/8956K, paused 0ms+3ms, total 18ms
03-03 15:32:59.283 D/SendBroadcastHandler(20754): mTimerTask sendMessage CONTACTS_INSERT 
03-03 15:32:59.283 D/SendBroadcastHandler(20754): (insert) sendBroadcast mInsertRawContacts:6
03-03 15:32:59.283 D/SendBroadcastHandler(20754): (insert) sendBroadcast mInsertName:6
03-03 15:32:59.283 D/SendBroadcastHandler(20754): (insert) sendBroadcast mInsertNameDetail:6
03-03 15:32:59.283 D/SendBroadcastHandler(20754): sendBroadcast insert to voice agent
03-03 15:32:59.583 W/BindingManager(26380): Cannot call determinedVisibility() - never saw a connection for the pid: 26380
03-03 15:32:59.783 I/chromium(26380): [INFO:CONSOLE(70)] "WARNING: Message from backend doesn't have data.", source:  (70)
03-03 15:32:59.833 D/SendBroadcastHandler(20754): startTimer() SEND_TO_CONTACTS_INSERT 
03-03 15:33:00.003 D/Clock   (  570): ACTION_TIME_TICK
03-03 15:33:00.003 D/Clock   (  570): update clock:下午3:33
03-03 15:33:00.013 D/BatteryStatsImpl(  506): noteStopWakeLocked system isFromForeground = false
03-03 15:33:00.313 D/SendBroadcastHandler(20754): mTimerTask sendMessage CONTACTS_DELETE 
03-03 15:33:00.323 D/SendBroadcastHandler(20754): sendBroadcast delete to voice agent
03-03 15:33:00.323 D/AsusContactWigdetSync(27552): ready to sync contact id = 6
03-03 15:33:00.323 D/AsusContactWigdetSync(27552): ready to sync widget
03-03 15:33:00.323 D/SendBroadcastHandler(20754): (Delete) sendBroadcast mDeleteContacts:6
03-03 15:33:00.323 D/SendBroadcastHandler(20754): (Delete) sendBroadcast mDeleteRawContactsVoice:6
03-03 15:33:00.323 D/SendBroadcastHandler(20754): sendBroadcast CONTACTS_DELETE
03-03 15:33:00.323 D/AsusContactWigdetSync(27552): delete contact_id = 672
03-03 15:33:00.323 D/AsusContactWigdetSync(27552): delete contact_id = 673
03-03 15:33:00.323 D/AsusContactWigdetSync(27552): delete contact_id = 674
03-03 15:33:00.323 D/AsusContactWigdetSync(27552): delete contact_id = 675
03-03 15:33:00.323 D/AsusContactWigdetSync(27552): delete contact_id = 676
03-03 15:33:00.323 D/AsusContactWigdetSync(27552): delete contact_id = 677
03-03 15:33:00.323 D/AsusContactWigdetSync(27552): sync isdelete = true
03-03 15:33:00.323 D/AsusContactWigdetSync(25259): ready to sync contact id = 6
03-03 15:33:00.323 D/AsusContactWigdetSync(25259): ready to sync widget
03-03 15:33:00.333 D/AsusContactWigdetSync(25259): delete contact_id = 672
03-03 15:33:00.333 D/AsusContactWigdetSync(25259): delete contact_id = 673
03-03 15:33:00.333 D/AsusContactWigdetSync(25259): delete contact_id = 674
03-03 15:33:00.333 D/AsusContactWigdetSync(25259): delete contact_id = 675
03-03 15:33:00.333 D/AsusContactWigdetSync(25259): delete contact_id = 676
03-03 15:33:00.333 D/AsusContactWigdetSync(25259): delete contact_id = 677
03-03 15:33:00.333 D/AsusContactWigdetSync(25259): sync isdelete = true
03-03 15:33:00.363 D/AlarmManager(  506): Triggered Alarm 22ae6a70 ELAPSED_REALTIME_WAKEUP IntentSender{223d03f0: PendingIntentRecord{221dff80 com.android.providers.calendar broadcastIntent}}
03-03 15:33:00.373 D/BatteryStatsImpl(  506): noteStopWakeLocked system isFromForeground = false
03-03 15:33:00.373 D/AlarmManager(  506): Removed alarm Alarm{2200d9d0 type 0 com.android.providers.calendar} type:RTC_WAKEUP
03-03 15:33:00.383 D/AlarmManager(  506): Added alarm Alarm{2203b8d8 type 2 com.wandoujia.phoenix2} type:ELAPSED_REALTIME_WAKEUP when: After 0h:4m:4.0s
03-03 15:33:00.383 D/AlarmManager(  506): Added alarm Alarm{22015010 type 0 com.wandoujia.phoenix2} type:RTC_WAKEUP when: At 15-3-3 下午4:08
03-03 15:33:00.393 D/BatteryStatsImpl(  506): noteStopWakeLocked com.android.providers.calendar isFromForeground = false
03-03 15:33:00.393 D/AlarmManager(  506): Added alarm Alarm{21fb3478 type 0 com.android.providers.calendar} type:RTC_WAKEUP when: At 15-3-4 下午1:34
