03-03 15:27:56.433 D/wpa_supplicant(  659): wlan0: 19: 50:bd:5f:4b:29:92 ssid='Internet-2' wpa_ie_len=0 rsn_ie_len=0 caps=0x421 level=-65
03-03 15:27:56.433 D/wpa_supplicant(  659): wlan0:    skip - SSID mismatch
03-03 15:27:56.433 D/wpa_supplicant(  659): wlan0: 20: e4:d3:32:dd:18:62 ssid='Internet' wpa_ie_len=0 rsn_ie_len=0 caps=0x421 level=-81
03-03 15:27:56.433 D/wpa_supplicant(  659): wlan0:    skip - SSID mismatch
03-03 15:27:56.433 D/wpa_supplicant(  659): wlan0: 21: 00:25:86:5c:5e:30 ssid='internet' wpa_ie_len=0 rsn_ie_len=0 caps=0x421 level=-88
03-03 15:27:56.433 D/wpa_supplicant(  659): wlan0:    skip - SSID mismatch
03-03 15:27:56.433 D/wpa_supplicant(  659): wlan0: Selecting BSS from priority group 4
03-03 15:27:56.433 D/wpa_supplicant(  659): wlan0: 0: f8:d1:11:e7:99:e8 ssid='videotest' wpa_ie_len=22 rsn_ie_len=20 caps=0x531 level=-44 wps
03-03 15:27:56.433 D/wpa_supplicant(  659): wlan0:    skip - SSID mismatch
03-03 15:27:56.433 D/wpa_supplicant(  659): wlan0: 1: c8:d7:19:60:62:f2 ssid='E3000-2.4G' wpa_ie_len=0 rsn_ie_len=20 caps=0x411 level=-56
03-03 15:27:56.433 D/wpa_supplicant(  659): wlan0:    skip - SSID mismatch
03-03 15:27:56.433 D/wpa_supplicant(  659): wlan0: 2: 90:94:e4:03:45:f5 ssid='DAP-2553_D' wpa_ie_len=0 rsn_ie_len=24 caps=0x431 level=-57
03-03 15:27:56.433 D/wpa_supplicant(  659): wlan0:    skip - SSID mismatch
03-03 15:27:56.433 D/wpa_supplicant(  659): wlan0: 3: 10:c3:7b:d2:e5:e0 ssid='ASUS_RT-AC66U-2.4G' wpa_ie_len=0 rsn_ie_len=20 caps=0x411 level=-60 wps
03-03 15:27:56.433 D/wpa_supplicant(  659): wlan0:    skip - SSID mismatch
03-03 15:27:56.433 D/wpa_supplicant(  659): wlan0: 4: 98:fc:11:81:35:fb ssid='E2000EE' wpa_ie_len=0 rsn_ie_len=20 caps=0x411 level=-61 wps
03-03 15:27:56.433 D/wpa_supplicant(  659): wlan0:    skip - SSID mismatch
03-03 15:27:56.433 D/wpa_supplicant(  659): wlan0: 5: cc:34:29:2c:fb:ec ssid='linksys' wpa_ie_len=22 rsn_ie_len=20 caps=0x431 level=-62 wps
03-03 15:27:56.433 D/wpa_supplicant(  659): wlan0:    skip - SSID mismatch
03-03 15:27:56.433 D/wpa_supplicant(  659): wlan0: 6: e4:d3:32:c0:cf:a4 ssid='fast' wpa_ie_len=0 rsn_ie_len=20 caps=0x411 level=-67
03-03 15:27:56.433 D/wpa_supplicant(  659): wlan0:    skip - SSID mismatch
03-03 15:27:56.433 D/wpa_supplicant(  659): wlan0: 7: c4:17:fe:3f:4f:fb ssid='cmcm' wpa_ie_len=0 rsn_ie_len=20 caps=0x511 level=-68
03-03 15:27:56.433 D/wpa_supplicant(  659): wlan0:    skip - SSID mismatch
03-03 15:27:56.433 D/wpa_supplicant(  659): wlan0: 8: cc:34:29:2b:26:4c ssid='cws-test' wpa_ie_len=0 rsn_ie_len=20 caps=0x431 level=-68 wps
03-03 15:27:56.433 D/wpa_supplicant(  659): wlan0:    skip - SSID mismatch
03-03 15:27:56.433 D/wpa_supplicant(  659): wlan0: 9: b0:48:7a:51:ff:cc ssid='Neusoft TP' wpa_ie_len=22 rsn_ie_len=20 caps=0x431 level=-71 wps
03-03 15:27:56.433 D/wpa_supplicant(  659): wlan0:    skip - SSID mismatch
03-03 15:27:56.433 D/wpa_supplicant(  659): wlan0: 10: c0:a0:bb:20:3b:84 ssid='dlink-3B84' wpa_ie_len=26 rsn_ie_len=24 caps=0x411 level=-71 wps
03-03 15:27:56.433 D/wpa_supplicant(  659): wlan0:    skip - SSID mismatch
03-03 15:27:56.433 D/wpa_supplicant(  659): wlan0: 11: e4:d3:32:36:2e:54 ssid='otc' wpa_ie_len=26 rsn_ie_len=24 caps=0x411 level=-72 wps
03-03 15:27:56.433 D/wpa_supplicant(  659): wlan0:    skip - SSID mismatch
03-03 15:27:56.433 D/wpa_supplicant(  659): wlan0: 12: 14:d6:4d:28:ef:c8 ssid='dlink' wpa_ie_len=0 rsn_ie_len=20 caps=0x31 level=-73 wps
03-03 15:27:56.433 D/wpa_supplicant(  659): wlan0:    skip - SSID mismatch
03-03 15:27:56.433 D/wpa_supplicant(  659): wlan0: 13: 7e:7a:91:dc:83:0e ssid='Donny' wpa_ie_len=0 rsn_ie_len=20 caps=0x8531 level=-76
03-03 15:27:56.433 D/wpa_supplicant(  659): wlan0:    skip - SSID mismatch
03-03 15:27:56.433 D/wpa_supplicant(  659): wlan0: 14: e4:d3:32:db:f6:03 ssid='adddda' wpa_ie_len=0 rsn_ie_len=20 caps=0x31 level=-78
03-03 15:27:56.433 D/wpa_supplicant(  659): wlan0:    skip - SSID mismatch
03-03 15:27:56.433 D/wpa_supplicant(  659): wlan0: 15: 2c:b0:5d:7f:f4:24 ssid='NETGEAR38' wpa_ie_len=0 rsn_ie_len=20 caps=0x31 level=-88 wps
03-03 15:27:56.433 D/wpa_supplicant(  659): wlan0:    skip - SSID mismatch
03-03 15:27:56.433 D/wpa_supplicant(  659): wlan0: 16: 44:94:fc:3d:da:38 ssid='6300' wpa_ie_len=0 rsn_ie_len=0 caps=0x411 level=-45
03-03 15:27:56.433 D/wpa_supplicant(  659): wlan0:    skip - SSID mismatch
03-03 15:27:56.433 D/wpa_supplicant(  659): wlan0: 17: 7a:24:af:24:0f:48 ssid='DIRECT-' wpa_ie_len=0 rsn_ie_len=0 caps=0x410 level=-55
03-03 15:27:56.433 D/wpa_supplicant(  659): wlan0:    skip - SSID mismatch
03-03 15:27:56.433 D/wpa_supplicant(  659): wlan0: 18: 02:09:4c:3e:43:ae ssid='DIRECT-' wpa_ie_len=0 rsn_ie_len=0 caps=0x410 level=-76
03-03 15:27:56.433 D/wpa_supplicant(  659): wlan0:    skip - SSID mismatch
03-03 15:27:56.433 D/wpa_supplicant(  659): wlan0: 19: 50:bd:5f:4b:29:92 ssid='Internet-2' wpa_ie_len=0 rsn_ie_len=0 caps=0x421 level=-65
03-03 15:27:56.433 D/wpa_supplicant(  659): wlan0:    skip - SSID mismatch
03-03 15:27:56.433 D/wpa_supplicant(  659): wlan0: 20: e4:d3:32:dd:18:62 ssid='Internet' wpa_ie_len=0 rsn_ie_len=0 caps=0x421 level=-81
03-03 15:27:56.433 D/wpa_supplicant(  659): wlan0:    skip - SSID mismatch
03-03 15:27:56.433 D/wpa_supplicant(  659): wlan0: 21: 00:25:86:5c:5e:30 ssid='internet' wpa_ie_len=0 rsn_ie_len=0 caps=0x421 level=-88
03-03 15:27:56.433 D/wpa_supplicant(  659): wlan0:    skip - SSID mismatch
03-03 15:27:56.433 D/wpa_supplicant(  659): wlan0: No suitable network found
03-03 15:27:56.433 D/wpa_supplicant(  659): wlan0: Setting scan request: 40 sec 0 usec
03-03 15:27:56.433 D/wpa_supplicant(  659): wlan0: Checking for other virtual interfaces sharing same radio (phy0) in event_scan_results
03-03 15:27:56.433 D/wpa_supplicant(  659): p2p-dev-wlan0: Updating scan results from sibling
03-03 15:27:56.433 D/wpa_supplicant(  659): nl80211: Received scan results (22 BSSes)
03-03 15:27:56.433 D/wpa_supplicant(  659): nl80211: Survey data missing
03-03 15:27:56.433 D/wpa_supplicant(  659): p2p-dev-wlan0: BSS: Start scan result update 1497
03-03 15:27:56.433 D/wpa_supplicant(  659): BSS: No P2P IE - skipping BSS f8:d1:11:e7:99:e8 update for P2P interface
03-03 15:27:56.433 D/wpa_supplicant(  659): BSS: No P2P IE - skipping BSS c8:d7:19:60:62:f2 update for P2P interface
03-03 15:27:56.433 D/wpa_supplicant(  659): BSS: No P2P IE - skipping BSS 90:94:e4:03:45:f5 update for P2P interface
03-03 15:27:56.433 D/wpa_supplicant(  659): BSS: No P2P IE - skipping BSS 10:c3:7b:d2:e5:e0 update for P2P interface
03-03 15:27:56.433 D/wpa_supplicant(  659): BSS: No P2P IE - skipping BSS 98:fc:11:81:35:fb update for P2P interface
03-03 15:27:56.433 D/wpa_supplicant(  659): BSS: No P2P IE - skipping BSS cc:34:29:2c:fb:ec update for P2P interface
03-03 15:27:56.433 D/wpa_supplicant(  659): BSS: No P2P IE - skipping BSS e4:d3:32:c0:cf:a4 update for P2P interface
03-03 15:27:56.433 D/wpa_supplicant(  659): BSS: No P2P IE - skipping BSS c4:17:fe:3f:4f:fb update for P2P interface
03-03 15:27:56.433 D/wpa_supplicant(  659): BSS: No P2P IE - skipping BSS cc:34:29:2b:26:4c update for P2P interface
03-03 15:27:56.433 D/wpa_supplicant(  659): BSS: No P2P IE - skipping BSS b0:48:7a:51:ff:cc update for P2P interface
03-03 15:27:56.433 D/wpa_supplicant(  659): BSS: No P2P IE - skipping BSS c0:a0:bb:20:3b:84 update for P2P interface
03-03 15:27:56.433 D/wpa_supplicant(  659): BSS: No P2P IE - skipping BSS e4:d3:32:36:2e:54 update for P2P interface
03-03 15:27:56.433 D/wpa_supplicant(  659): BSS: No P2P IE - skipping BSS 14:d6:4d:28:ef:c8 update for P2P interface
03-03 15:27:56.433 D/wpa_supplicant(  659): BSS: No P2P IE - skipping BSS 7e:7a:91:dc:83:0e update for P2P interface
03-03 15:27:56.433 D/wpa_supplicant(  659): BSS: No P2P IE - skipping BSS e4:d3:32:db:f6:03 update for P2P interface
03-03 15:27:56.433 D/wpa_supplicant(  659): BSS: No P2P IE - skipping BSS 2c:b0:5d:7f:f4:24 update for P2P interface
03-03 15:27:56.433 D/wpa_supplicant(  659): BSS: No P2P IE - skipping BSS 44:94:fc:3d:da:38 update for P2P interface
03-03 15:27:56.433 D/wpa_supplicant(  659): BSS: No P2P IE - skipping BSS 7a:24:af:24:0f:48 update for P2P interface
03-03 15:27:56.433 D/wpa_supplicant(  659): BSS: No P2P IE - skipping BSS 02:09:4c:3e:43:ae update for P2P interface
03-03 15:27:56.433 D/wpa_supplicant(  659): BSS: No P2P IE - skipping BSS 50:bd:5f:4b:29:92 update for P2P interface
03-03 15:27:56.433 D/wpa_supplicant(  659): BSS: No P2P IE - skipping BSS e4:d3:32:dd:18:62 update for P2P interface
03-03 15:27:56.433 D/wpa_supplicant(  659): BSS: No P2P IE - skipping BSS 00:25:86:5c:5e:30 update for P2P interface
03-03 15:27:56.433 D/wpa_supplicant(  659): BSS: last_scan_res_used=0/32 last_scan_full=0
03-03 15:27:56.433 D/wpa_supplicant(  659): p2p-dev-wlan0: New scan results available
03-03 15:27:56.433 D/wpa_supplicant(  659): CTRL_IFACE monitor send - hexdump(len=39): 2f 64 61 74 61 2f 6d 69 73 63 2f 77 69 66 69 2f 73 6f 63 6b 65 74 73 2f 77 70 61 5f 63 74 72 6c ...
03-03 15:27:56.433 D/wpa_supplicant(  659): WPS: AP[0] c8:d7:19:60:62:f2 type=0 tries=0 last_attempt=-1 sec ago blacklist=0
03-03 15:27:56.433 I/WifiHW  (  506): EVENT: IFNAME=p2p-dev-wlan0 CTRL-EVENT-SCAN-RESULTS 
03-03 15:27:56.433 D/wpa_supplicant(  659): WPS: AP[1] f8:d1:11:e7:99:e8 type=0 tries=0 last_attempt=-1 sec ago blacklist=0
03-03 15:27:56.433 D/wpa_supplicant(  659): WPS: AP[2] cc:34:29:2c:fb:ec type=0 tries=0 last_attempt=-1 sec ago blacklist=0
03-03 15:27:56.433 D/wpa_supplicant(  659): WPS: AP[3] 10:c3:7b:d2:e5:e0 type=0 tries=0 last_attempt=-1 sec ago blacklist=0
03-03 15:27:56.433 D/wpa_supplicant(  659): WPS: AP[4] cc:34:29:2b:26:4c type=0 tries=0 last_attempt=-1 sec ago blacklist=0
03-03 15:27:56.433 D/wpa_supplicant(  659): WPS: AP[5] 44:94:fc:3d:da:38 type=0 tries=0 last_attempt=-1 sec ago blacklist=0
03-03 15:27:56.433 D/wpa_supplicant(  659): WPS: AP[6] b0:48:7a:51:ff:cc type=0 tries=0 last_attempt=-1 sec ago blacklist=0
03-03 15:27:56.433 D/wpa_supplicant(  659): WPS: AP[7] c0:c1:c0:76:81:3c type=0 tries=0 last_attempt=-1 sec ago blacklist=0
03-03 15:27:56.433 D/wpa_supplicant(  659): WPS: AP[8] 10:9f:a9:dc:b1:fc type=0 tries=0 last_attempt=-1 sec ago blacklist=0
03-03 15:27:56.433 D/wpa_supplicant(  659): WPS: AP[9] 98:fc:11:81:35:fb type=0 tries=0 last_attempt=-1 sec ago blacklist=0
03-03 15:27:56.433 D/wpa_supplicant(  659): WPS: AP[10] e4:d3:32:36:2e:54 type=0 tries=0 last_attempt=-1 sec ago blacklist=0
03-03 15:27:56.433 D/wpa_supplicant(  659): WPS: AP[11] c0:a0:bb:20:3b:84 type=0 tries=0 last_attempt=-1 sec ago blacklist=0
03-03 15:27:56.433 D/wpa_supplicant(  659): WPS: AP[12] 14:d6:4d:28:ef:c8 type=0 tries=0 last_attempt=-1 sec ago blacklist=0
03-03 15:27:56.433 D/wpa_supplicant(  659): WPS: AP[13] 2c:b0:5d:7f:f4:24 type=0 tries=0 last_attempt=-1 sec ago blacklist=0
03-03 15:27:56.433 D/wpa_supplicant(  659): WPS: AP[14] 9c:21:6a:0d:eb:72 type=0 tries=0 last_attempt=-1 sec ago blacklist=0
03-03 15:27:56.433 D/wpa_supplicant(  659): WPS: AP[15] 28:2c:b2:44:e4:00 type=0 tries=0 last_attempt=-1 sec ago blacklist=0
03-03 15:27:56.433 D/wpa_supplicant(  659): WPS: AP[16] 78:a1:06:55:fe:30 type=0 tries=0 last_attempt=-1 sec ago blacklist=0
03-03 15:27:56.433 D/wpa_supplicant(  659): WPS: AP[17] c0:61:18:21:8c:ce type=0 tries=0 last_attempt=-1 sec ago blacklist=0
03-03 15:27:56.433 D/wpa_supplicant(  659): WPS: AP[18] 78:54:2e:f5:fb:9e type=0 tries=0 last_attempt=-1 sec ago blacklist=0
03-03 15:27:56.433 D/wpa_supplicant(  659): WPS: AP[19] a8:15:4d:13:9a:08 type=0 tries=0 last_attempt=-1 sec ago blacklist=0
03-03 15:27:56.433 D/wpa_supplicant(  659): WPS: AP[20] 20:dc:e6:3f:eb:f2 type=0 tries=0 last_attempt=-1 sec ago blacklist=0
03-03 15:27:56.433 D/wpa_supplicant(  659): WPS: AP[21] 6c:e8:73:29:30:22 type=0 tries=0 last_attempt=-1 sec ago blacklist=0
03-03 15:27:56.433 D/wpa_supplicant(  659): WPS: AP[22] 14:e6:e4:b8:85:76 type=0 tries=0 last_attempt=-1 sec ago blacklist=0
03-03 15:27:56.433 D/wpa_supplicant(  659): WPS: AP[23] 64:09:80:1e:91:78 type=0 tries=0 last_attempt=-1 sec ago blacklist=0
03-03 15:27:56.433 D/wpa_supplicant(  659): WPS: AP[24] ec:88:8f:6a:0c:a8 type=0 tries=0 last_attempt=-1 sec ago blacklist=0
03-03 15:27:56.433 D/wpa_supplicant(  659): WPS: AP[25] d0:15:4a:15:5d:1a type=0 tries=0 last_attempt=-1 sec ago blacklist=0
03-03 15:27:56.433 D/wpa_supplicant(  659): WPS: AP[26] 1c:fa:68:11:5a:b6 type=0 tries=0 last_attempt=-1 sec ago blacklist=0
03-03 15:27:56.433 D/wpa_supplicant(  659): WPS: AP[27] 8c:be:be:26:4b:8b type=0 tries=0 last_attempt=-1 sec ago blacklist=0
03-03 15:27:56.433 D/wpa_supplicant(  659): WPS: AP[28] 64:09:80:15:31:84 type=0 tries=0 last_attempt=-1 sec ago blacklist=0
03-03 15:27:56.433 D/wpa_supplicant(  659): WPS: AP[29] bc:d1:77:f3:0b:28 type=0 tries=0 last_attempt=-1 sec ago blacklist=0
03-03 15:27:56.433 D/wpa_supplicant(  659): WPS: AP[30] c0:61:18:4e:07:fc type=0 tries=0 last_attempt=-1 sec ago blacklist=0
03-03 15:27:56.433 D/wpa_supplicant(  659): WPS: AP[31] f4:ec:38:6d:cf:d6 type=0 tries=0 last_attempt=-1 sec ago blacklist=0
03-03 15:27:56.433 D/wpa_supplicant(  659): WPS: AP[32] e4:d3:32:0a:fb:34 type=0 tries=0 last_attempt=-1 sec ago blacklist=0
03-03 15:27:56.433 D/wpa_supplicant(  659): WPS: AP[33] 8c:be:be:28:2d:f8 type=0 tries=0 last_attempt=-1 sec ago blacklist=0
03-03 15:27:56.433 D/wpa_supplicant(  659): WPS: AP[34] d8:15:0d:c4:57:de type=0 tries=0 last_attempt=-1 sec ago blacklist=0
03-03 15:27:56.433 D/wpa_supplicant(  659): WPS: AP[35] 40:16:9f:9b:64:fa type=0 tries=0 last_attempt=-1 sec ago blacklist=0
03-03 15:27:56.433 D/wpa_supplicant(  659): WPS: AP[36] ec:1a:59:0b:f4:8c type=0 tries=0 last_attempt=-1 sec ago blacklist=0
03-03 15:27:56.433 D/wpa_supplicant(  659): WPS: AP[37] 66:09:80:d9:a2:5d type=0 tries=0 last_attempt=-1 sec ago blacklist=0
03-03 15:27:56.433 D/wpa_supplicant(  659): WPS: AP[38] 7a:ff:57:00:13:8e type=0 tries=0 last_attempt=-1 sec ago blacklist=0
03-03 15:27:56.433 D/wpa_supplicant(  659): WPS: AP[39] 7a:ff:57:00:14:32 type=0 tries=0 last_attempt=-1 sec ago blacklist=0
03-03 15:27:56.433 D/wpa_supplicant(  659): WPS: AP[40] 02:13:20:ff:b6:3c type=0 tries=0 last_attempt=-1 sec ago blacklist=0
03-03 15:27:56.433 D/wpa_supplicant(  659): WPS: AP[41] 02:1e:67:80:2b:36 type=0 tries=0 last_attempt=-1 sec ago blacklist=0
03-03 15:27:56.433 D/wpa_supplicant(  659): WPS: AP[42] 02:09:4c:4f:4c:0a type=0 tries=0 last_attempt=-1 sec ago blacklist=0
03-03 15:27:56.433 D/wpa_supplicant(  659): p2p-dev-wlan0: No suitable network found
03-03 15:27:56.433 D/wpa_supplicant(  659): p2p-dev-wlan0: Short-circuit new scan request since there are no enabled networks
03-03 15:27:56.433 D/wpa_supplicant(  659): p2p-dev-wlan0: State: INACTIVE -> INACTIVE
03-03 15:27:56.433 D/wpa_supplicant(  659): wlan0: P2P: Station mode scan operation not pending anymore (sta_scan_pending=0 p2p_cb_on_scan_complete=0)
03-03 15:27:56.433 D/wpa_supplicant(  659): RX ctrl_iface - hexdump(len=25): 42 53 53 20 52 41 4e 47 45 3d 30 2d 20 4d 41 53 4b 3d 30 78 32 31 39 38 37
03-03 15:27:56.433 D/wpa_supplicant(  659): wlan0: Control interface command 'BSS RANGE=0- MASK=0x21987'
03-03 15:27:56.433 D/wpa_supplicant(  659): RTM_NEWLINK: operstate=0 ifi_flags=0x11003 ([UP][LOWER_UP])
03-03 15:27:56.433 D/wpa_supplicant(  659): RTM_NEWLINK, IFLA_IFNAME: Interface 'wlan0' added
03-03 15:27:56.433 D/wpa_supplicant(  659): nl80211: if_removed already cleared - ignore event
03-03 15:27:56.443 I/WifiHW  (  506): REPLY: id=3292
03-03 15:27:56.443 I/WifiHW  (  506): REPLY: bssid=c8:d7:19:60:62:f2
03-03 15:27:56.443 I/WifiHW  (  506): REPLY: freq=2437
03-03 15:27:56.443 I/WifiHW  (  506): REPLY: level=-56
03-03 15:27:56.443 I/WifiHW  (  506): REPLY: tsf=0000280398206208
03-03 15:27:56.443 I/WifiHW  (  506): REPLY: flags=[WPA2-EAP-CCMP-preauth][ESS]
03-03 15:27:56.443 I/WifiHW  (  506): REPLY: ssid=E3000-2.4G
03-03 15:27:56.443 I/WifiHW  (  506): REPLY: ====
03-03 15:27:56.443 I/WifiHW  (  506): REPLY: id=3293
03-03 15:27:56.443 I/WifiHW  (  506): REPLY: bssid=f8:d1:11:e7:99:e8
03-03 15:27:56.443 I/WifiHW  (  506): REPLY: freq=2437
03-03 15:27:56.443 I/WifiHW  (  506): REPLY: level=-44
03-03 15:27:56.443 I/WifiHW  (  506): REPLY: tsf=0000280398206153
03-03 15:27:56.443 I/WifiHW  (  506): REPLY: flags=[WPA-PSK-CCMP][WPA2-PSK-CCMP][WPS][ESS]
03-03 15:27:56.443 I/WifiHW  (  506): REPLY: ssid=videotest
03-03 15:27:56.443 I/WifiHW  (  506): REPLY: ====
03-03 15:27:56.443 I/WifiHW  (  506): REPLY: id=3294
03-03 15:27:56.443 I/WifiHW  (  506): REPLY: bssid=98:fc:11:81:35:fb
03-03 15:27:56.443 I/WifiHW  (  506): REPLY: freq=2412
03-03 15:27:56.443 I/WifiHW  (  506): REPLY: level=-61
03-03 15:27:56.443 I/WifiHW  (  506): REPLY: tsf=0000280398206106
03-03 15:27:56.443 I/WifiHW  (  506): REPLY: flags=[WPA2-PSK-CCMP][WPS][ESS]
03-03 15:27:56.443 I/WifiHW  (  506): REPLY: ssid=E2000EE
03-03 15:27:56.443 I/WifiHW  (  506): REPLY: ====
03-03 15:27:56.443 I/WifiHW  (  506): REPLY: id=3295
03-03 15:27:56.443 I/WifiHW  (  506): REPLY: bssid=90:94:e4:03:45:f5
03-03 15:27:56.443 I/WifiHW  (  506): REPLY: freq=2442
03-03 15:27:56.443 I/WifiHW  (  506): REPLY: level=-57
03-03 15:27:56.443 I/WifiHW  (  506): REPLY: tsf=0000280398206233
03-03 15:27:56.443 I/WifiHW  (  506): REPLY: flags=[WPA2-PSK-CCMP+TKIP][ESS]
03-03 15:27:56.443 I/WifiHW  (  506): REPLY: ssid=DAP-2553_D
03-03 15:27:56.443 I/WifiHW  (  506): REPLY: ====
03-03 15:27:56.443 I/WifiHW  (  506): REPLY: id=3296
03-03 15:27:56.443 I/WifiHW  (  506): REPLY: bssid=10:c3:7b:d2:e5:e0
03-03 15:27:56.443 I/WifiHW  (  506): REPLY: freq=2462
03-03 15:27:56.443 I/WifiHW  (  506): REPLY: level=-60
03-03 15:27:56.443 I/WifiHW  (  506): REPLY: tsf=0000280398206279
03-03 15:27:56.443 I/WifiHW  (  506): REPLY: flags=[WPA2-PSK-CCMP][WPS][ESS]
03-03 15:27:56.443 I/WifiHW  (  506): REPLY: ssid=ASUS_RT-AC66U-2.4G
03-03 15:27:56.443 I/WifiHW  (  506): REPLY: ====
03-03 15:27:56.443 I/WifiHW  (  506): REPLY: id=3299
03-03 15:27:56.443 I/WifiHW  (  506): REPLY: bssid=cc:34:29:2c:fb:ec
03-03 15:27:56.443 I/WifiHW  (  506): REPLY: freq=2412
03-03 15:27:56.443 I/WifiHW  (  506): REPLY: level=-62
03-03 15:27:56.443 I/WifiHW  (  506): REPLY: tsf=0000280398206125
03-03 15:27:56.443 I/WifiHW  (  506): REPLY: flags=[WPA-PSK-CCMP][WPA2-PSK-CCMP][WPS][ESS]
03-03 15:27:56.443 I/WifiHW  (  506): REPLY: ssid=linksys
03-03 15:27:56.443 I/WifiHW  (  506): REPLY: ====
03-03 15:27:56.443 I/WifiHW  (  506): REPLY: id=3303
03-03 15:27:56.443 I/WifiHW  (  506): REPLY: bssid=7a:24:af:24:0f:48
03-03 15:27:56.443 I/WifiHW  (  506): REPLY: freq=2412
03-03 15:27:56.443 I/WifiHW  (  506): REPLY: level=-55
03-03 15:27:56.443 I/WifiHW  (  506): REPLY: tsf=0000280398206268
03-03 15:27:56.443 I/WifiHW  (  506): REPLY: flags=[WEP]
03-03 15:27:56.443 I/WifiHW  (  506): REPLY: ssid=DIRECT-
03-03 15:27:56.443 I/WifiHW  (  506): REPLY: ====
03-03 15:27:56.443 I/WifiHW  (  506): REPLY: id=3304
03-03 15:27:56.443 I/WifiHW  (  506): REPLY: bssid=44:94:fc:3d:da:38
03-03 15:27:56.443 I/WifiHW  (  506): REPLY: freq=2462
03-03 15:27:56.443 I/WifiHW  (  506): REPLY: level=-45
03-03 15:27:56.443 I/WifiHW  (  506): REPLY: tsf=0000280398206260
03-03 15:27:56.443 I/WifiHW  (  506): REPLY: flags=[WEP][ESS]
03-03 15:27:56.443 I/WifiHW  (  506): REPLY: ssid=6300
03-03 15:27:56.443 I/WifiHW  (  506): REPLY: ====
03-03 15:27:56.443 I/WifiHW  (  506): REPLY: id=3307
03-03 15:27:56.443 I/WifiHW  (  506): REPLY: bssid=50:bd:5f:4b:29:92
03-03 15:27:56.443 I/WifiHW  (  506): REPLY: freq=2437
03-03 15:27:56.443 I/WifiHW  (  506): REPLY: level=-65
03-03 15:27:56.443 I/WifiHW  (  506): REPLY: tsf=0000280398206172
03-03 15:27:56.443 I/WifiHW  (  506): REPLY: flags=[ESS]
03-03 15:27:56.443 I/WifiHW  (  506): REPLY: ssid=Internet-2
03-03 15:27:56.443 I/WifiHW  (  506): REPLY: ====
03-03 15:27:56.443 I/WifiHW  (  506): REPLY: id=3319
03-03 15:27:56.443 I/WifiHW  (  506): REPLY: bssid=c4:17:fe:3f:4f:fb
03-03 15:27:56.443 I/WifiHW  (  506): REPLY: freq=2437
03-03 15:27:56.443 I/WifiHW  (  506): REPLY: level=-68
03-03 15:27:56.443 I/WifiHW  (  506): REPLY: tsf=0000280398206163
03-03 15:27:56.443 I/WifiHW  (  506): REPLY: flags=[WPA2-PSK-CCMP][ESS]
03-03 15:27:56.443 I/WifiHW  (  506): REPLY: ssid=cmcm
03-03 15:27:56.443 I/WifiHW  (  506): REPLY: ====
03-03 15:27:56.443 I/WifiHW  (  506): REPLY: id=3373
03-03 15:27:56.443 I/WifiHW  (  506): REPLY: bssid=cc:34:29:2b:26:4c
03-03 15:27:56.443 I/WifiHW  (  506): REPLY: freq=2462
03-03 15:27:56.443 I/WifiHW  (  506): REPLY: level=-68
03-03 15:27:56.443 I/WifiHW  (  506): REPLY: tsf=0000280398206288
03-03 15:27:56.443 I/WifiHW  (  506): REPLY: flags=[WPA2-PSK-CCMP][WPS][ESS]
03-03 15:27:56.443 I/WifiHW  (  506): REPLY: ssid=cws-test
03-03 15:27:56.443 I/WifiHW  (  506): REPLY: ====
03-03 15:27:56.443 I/WifiHW  (  506): REPLY: id=3377
03-03 15:27:56.443 I/WifiHW  (  506): REPLY: bssid=e4:d3:32:c0:cf:a4
03-03 15:27:56.443 I/WifiHW  (  506): REPLY: freq=2437
03-03 15:27:56.443 I/WifiHW  (  506): REPLY: level=-67
03-03 15:27:56.443 I/WifiHW  (  506): REPLY: tsf=0000280398206199
03-03 15:27:56.443 I/WifiHW  (  506): REPLY: flags=[WPA2-PSK-CCMP][ESS]
03-03 15:27:56.443 I/WifiHW  (  506): REPLY: ssid=fast
03-03 15:27:56.443 I/WifiHW  (  506): REPLY: ====
03-03 15:27:56.443 I/WifiHW  (  506): REPLY: id=3380
03-03 15:27:56.443 I/WifiHW  (  506): REPLY: bssid=e4:d3:32:36:2e:54
03-03 15:27:56.443 I/WifiHW  (  506): REPLY: freq=2472
03-03 15:27:56.443 I/WifiHW  (  506): REPLY: level=-72
03-03 15:27:56.443 I/WifiHW  (  506): REPLY: tsf=0000280398206298
03-03 15:27:56.443 I/WifiHW  (  506): REPLY: flags=[WPA-PSK-CCMP+TKIP][WPA2-PSK-CCMP+TKIP][WPS][ESS]
03-03 15:27:56.443 I/WifiHW  (  506): REPLY: ssid=otc
03-03 15:27:56.443 I/WifiHW  (  506): REPLY: ====
03-03 15:27:56.443 I/WifiHW  (  506): REPLY: id=3382
03-03 15:27:56.443 I/WifiHW  (  506): REPLY: bssid=7e:7a:91:dc:83:0e
03-03 15:27:56.443 I/WifiHW  (  506): REPLY: freq=2437
03-03 15:27:56.443 I/WifiHW  (  506): REPLY: level=-76
03-03 15:27:56.443 I/WifiHW  (  506): REPLY: tsf=0000280398206190
03-03 15:27:56.443 I/WifiHW  (  506): REPLY: flags=[WPA2-PSK-CCMP][ESS]
03-03 15:27:56.443 I/WifiHW  (  506): REPLY: ssid=Donny
03-03 15:27:56.443 I/WifiHW  (  506): REPLY: ====
03-03 15:27:56.443 I/WifiHW  (  506): REPLY: id=3383
03-03 15:27:56.443 I/WifiHW  (  506): REPLY: bssid=e4:d3:32:db:f6:03
03-03 15:27:56.443 I/WifiHW  (  506): REPLY: freq=2447
03-03 15:27:56.443 I/WifiHW  (  506): REPLY: level=-78
03-03 15:27:56.443 I/WifiHW  (  506): REPLY: tsf=0000280398206241
03-03 15:27:56.443 I/WifiHW  (  506): REPLY: flags=[WPA2-PSK-TKIP][ESS]
03-03 15:27:56.443 I/WifiHW  (  506): REPLY: ssid=adddda
03-03 15:27:56.443 I/WifiHW  (  506): REPLY: ====
03-03 15:27:56.443 I/WifiHW  (  506): REPLY: id=3384
03-03 15:27:56.443 I/WifiHW  (  506): REPLY: bssid=c0:a0:bb:20:3b:84
03-03 15:27:56.443 I/WifiHW  (  506): REPLY: freq=2417
03-03 15:27:56.443 I/WifiHW  (  506): REPLY: level=-71
03-03 15:27:56.443 I/WifiHW  (  506): REPLY: tsf=0000280398206144
03-03 15:27:56.443 I/WifiHW  (  506): REPLY: flags=[WPA-PSK-CCMP+TKIP][WPA2-PSK-CCMP+TKIP][WPS][ESS]
03-03 15:27:56.443 I/WifiHW  (  506): REPLY: ssid=dlink-3B84
03-03 15:27:56.443 I/WifiHW  (  506): REPLY: ====
03-03 15:27:56.443 I/WifiHW  (  506): REPLY: id=3385
03-03 15:27:56.443 I/WifiHW  (  506): REPLY: bssid=f4:b7:e2:2b:41:b7
03-03 15:27:56.443 I/WifiHW  (  506): REPLY: freq=2437
03-03 15:27:56.443 I/WifiHW  (  506): REPLY: level=-71
03-03 15:27:56.443 I/WifiHW  (  506): REPLY: tsf=0000280356968351
03-03 15:27:56.443 I/WifiHW  (  506): REPLY: flags=[WPA2-PSK-CCMP][ESS]
03-03 15:27:56.443 I/WifiHW  (  506): REPLY: ssid=cmscc
03-03 15:27:56.443 I/WifiHW  (  506): REPLY: ====
03-03 15:27:56.443 I/WifiHW  (  506): REPLY: id=3386
03-03 15:27:56.443 I/WifiHW  (  506): REPLY: bssid=7a:24:af:1e:df:58
03-03 15:27:56.443 I/WifiHW  (  506): REPLY: freq=2412
03-03 15:27:56.443 I/WifiHW  (  506): REPLY: level=-49
03-03 15:27:56.443 I/WifiHW  (  506): REPLY: tsf=0000280356968393
03-03 15:27:56.443 I/WifiHW  (  506): REPLY: flags=[WEP]
03-03 15:27:56.443 I/WifiHW  (  506): REPLY: ssid=DIRECT-
03-03 15:27:56.443 I/WifiHW  (  506): REPLY: ====
03-03 15:27:56.443 I/WifiHW  (  506): REPLY: id=3387
03-03 15:27:56.443 I/WifiHW  (  506): REPLY: bssid=b0:48:7a:51:ff:cc
03-03 15:27:56.443 I/WifiHW  (  506): REPLY: freq=2452
03-03 15:27:56.443 I/WifiHW  (  506): REPLY: level=-71
03-03 15:27:56.443 I/WifiHW  (  506): REPLY: tsf=0000280398206251
03-03 15:27:56.443 I/WifiHW  (  506): REPLY: flags=[WPA-PSK-CCMP][WPA2-PSK-CCMP][WPS][ESS]
03-03 15:27:56.443 I/WifiHW  (  506): REPLY: ssid=Neusoft TP
03-03 15:27:56.443 I/WifiHW  (  506): REPLY: ====
03-03 15:27:56.443 I/WifiHW  (  506): REPLY: id=3388
03-03 15:27:56.443 I/WifiHW  (  506): REPLY: bssid=14:d6:4d:28:ef:c8
03-03 15:27:56.443 I/WifiHW  (  506): REPLY: freq=2437
03-03 15:27:56.443 I/WifiHW  (  506): REPLY: level=-73
03-03 15:27:56.443 I/WifiHW  (  506): REPLY: tsf=0000280398206182
03-03 15:27:56.443 I/WifiHW  (  506): REPLY: flags=[WPA2-PSK-CCMP][WPS][ESS]
03-03 15:27:56.443 I/WifiHW  (  506): REPLY: ssid=dlink
03-03 15:27:56.443 I/WifiHW  (  506): REPLY: ====
03-03 15:27:56.443 I/WifiHW  (  506): REPLY: id=3389
03-03 15:27:56.443 I/WifiHW  (  506): REPLY: bssid=2c:b0:5d:7f:f4:24
03-03 15:27:56.443 I/WifiHW  (  506): REPLY: freq=2412
03-03 15:27:56.443 I/WifiHW  (  506): REPLY: level=-88
03-03 15:27:56.443 I/WifiHW  (  506): REPLY: tsf=0000280398206134
03-03 15:27:56.443 I/WifiHW  (  506): REPLY: flags=[WPA2-PSK-CCMP][WPS][ESS]
03-03 15:27:56.443 I/WifiHW  (  506): REPLY: ssid=NETGEAR38
03-03 15:27:56.443 I/WifiHW  (  506): REPLY: ====
03-03 15:27:56.443 I/WifiHW  (  506): REPLY: id=3390
03-03 15:27:56.443 I/WifiHW  (  506): REPLY: bssid=02:09:4c:3e:43:ae
03-03 15:27:56.443 I/WifiHW  (  506): REPLY: freq=2412
03-03 15:27:56.443 I/WifiHW  (  506): REPLY: level=-76
03-03 15:27:56.443 I/WifiHW  (  506): REPLY: tsf=0000280398206116
03-03 15:27:56.443 I/WifiHW  (  506): REPLY: flags=[WEP]
03-03 15:27:56.443 I/WifiHW  (  506): REPLY: ssid=DIRECT-
03-03 15:27:56.443 I/WifiHW  (  506): REPLY: ====
03-03 15:27:56.443 I/WifiHW  (  506): REPLY: id=3391
03-03 15:27:56.443 I/WifiHW  (  506): REPLY: bssid=e4:d3:32:dd:18:62
03-03 15:27:56.443 I/WifiHW  (  506): REPLY: freq=2437
03-03 15:27:56.443 I/WifiHW  (  506): REPLY: level=-81
03-03 15:27:56.443 I/WifiHW  (  506): REPLY: tsf=0000280398206225
03-03 15:27:56.443 I/WifiHW  (  506): REPLY: flags=[ESS]
03-03 15:27:56.443 I/WifiHW  (  506): REPLY: ssid=Internet
03-03 15:27:56.443 I/WifiHW  (  506): REPLY: ====
03-03 15:27:56.443 I/WifiHW  (  506): REPLY: id=3392
03-03 15:27:56.443 I/WifiHW  (  506): REPLY: bssid=00:25:86:5c:5e:30
03-03 15:27:56.443 I/WifiHW  (  506): REPLY: freq=2437
03-03 15:27:56.443 I/WifiHW  (  506): REPLY: level=-88
03-03 15:27:56.443 I/WifiHW  (  506): REPLY: tsf=0000280398206217
03-03 15:27:56.443 I/WifiHW  (  506): REPLY: flags=[ESS]
03-03 15:27:56.443 I/WifiHW  (  506): REPLY: ssid=internet
03-03 15:27:56.443 I/WifiHW  (  506): REPLY: ####
03-03 15:28:00.003 D/Clock   (  570): ACTION_TIME_TICK
03-03 15:28:00.013 D/Clock   (  570): update clock:3:28
03-03 15:28:00.033 D/BatteryStatsImpl(  506): noteStopWakeLocked system isFromForeground = false
03-03 15:28:18.383 D/EVENT_THREAD(  187): void CEventThread::run() POLLIN event on Fd (1)
03-03 15:28:18.383 D/EVENT_THREAD(  187): void CEventThread::run() Do poll with timeout: -1
03-03 15:28:18.383 D/EVENT_THREAD(  187): void CEventThread::run() POLLIN event on Fd (1)
03-03 15:28:18.383 D/EVENT_THREAD(  187): void CEventThread::run() Do poll with timeout: -1
03-03 15:28:18.383 I/upi_ug31xx(  167): (13001) update_capacity
03-03 15:28:18.383 I/[UPI]   (  167): <UG31/E>[UpiReadCapacity]: V=3978(3978), T=335(337-399), I=-263, C=-1(-1-0)
03-03 15:28:18.383 I/[UPI]   (  167): <UG31/E>[UpiReadCapacity]: (0x0000254a) 2756 (2818) / 3602 (3985) = 77
03-03 15:28:18.383 I/[UPI]   (  167): <UG31/E>[UpiReadCapacity]: (0x0000254a) 2756 (2818) / 3602 (3985) = 77
03-03 15:28:18.383 I/[UPI]   (  167): <UG31/E>[UpiReadCapacity]: (0x0000254a) 2755 (2755) / 3602 (3985) = 76
03-03 15:28:18.383 I/[UPI]   (  167): <UG31/E>[RsocFilterCountTime]: (0x0000254a) Step=8(515380), Full=8(515380), Lock=515380(1800000)
03-03 15:28:18.383 I/[UPI]   (  167): <UG31/E>[UpiReadCapacity]: (0x0000254a) 2755 (2755) / 3602 (3985) = 76 (-263--263)
03-03 15:28:18.383 I/[UPI]   (  167): <UG31/E><BATT> M:normal, P:76(76-76)%, V:3978mV, C:-256mA, T:33.7C(399), S:0x0000254a(000), R:2755mAh, F:3602mAh, Q:2306mAh, CC:4, P:30.310(1030-0)s, BO:7, 97:615:0-44af-9m:B001-20140514-144301 (16)
03-03 15:28:18.393 I/upi_ug31xx(  167): (13002) backup_data 
03-03 15:28:18.393 V/upi_ug31xx(  167): state->check_backup_count = 15
03-03 15:28:18.653 D/EVENT_THREAD(  187): void CEventThread::run() POLLIN event on Fd (1)
03-03 15:28:18.653 D/EVENT_THREAD(  187): void CEventThread::run() Do poll with timeout: -1
03-03 15:28:18.733 D/AndroidRuntime(24709): 
03-03 15:28:18.733 D/AndroidRuntime(24709): >>>>>> AndroidRuntime START com.android.internal.os.RuntimeInit <<<<<<
03-03 15:28:18.733 D/AndroidRuntime(24709): CheckJNI is OFF
03-03 15:28:18.733 I/AndroidRuntime(24709): Kernel Release Version: 3.10.20-gf818079
03-03 15:28:18.733 I/dalvikvm(24709): No library specified. The standard exception handler will be used
03-03 15:28:18.763 I/dalvikvm(24709): 
03-03 15:28:18.763 I/dalvikvm(24709): +++++++++++++ Using PCG. +++++++++++++++++++++
03-03 15:28:18.773 D/dalvikvm(24709): Trying to load lib libjavacore.so 0x0
03-03 15:28:18.773 D/dalvikvm(24709): Added shared lib libjavacore.so 0x0
03-03 15:28:18.793 D/dalvikvm(24709): Trying to load lib libnativehelper.so 0x0
03-03 15:28:18.793 D/dalvikvm(24709): Added shared lib libnativehelper.so 0x0
03-03 15:28:18.793 D/dalvikvm(24709): No JNI_OnLoad found in libnativehelper.so 0x0, skipping init
03-03 15:28:18.813 D/dalvikvm(24709): Extra Options: not specified
03-03 15:28:18.833 D/dalvikvm(24709): Note: class Landroid/app/ActivityManagerNative; has 186 unimplemented (abstract) methods
03-03 15:28:18.933 E/memtrack(24709): Couldn't load memtrack module (No such file or directory)
03-03 15:28:18.933 E/android.os.Debug(24709): failed to load memtrack module: -2
03-03 15:28:18.983 D/AndroidRuntime(24709): Calling main entry com.android.commands.am.Am
03-03 15:28:19.013 I/ActivityManager(  506): Force stopping org.xwalk.webapi_service_tests appid=10373 user=0: from pid 24709
03-03 15:28:19.013 I/SecurityManagerService(  621): SMS received security event: App[STOP/org.xwalk.webapi_service_tests]
03-03 15:28:19.013 D/AndroidRuntime(24709): Shutting down VM
03-03 15:28:19.013 D/dalvikvm(24709): GC_CONCURRENT freed 112K, 16% free 666K/792K, paused 0ms+0ms, total 1ms
03-03 15:28:19.013 I/ActivityManager(  506): Killing 23809:org.xwalk.webapi_service_tests/u0a373 (adj 7): stop org.xwalk.webapi_service_tests
03-03 15:28:19.013 I/ActivityManager(  506):   Force finishing activity ActivityRecord{21f54a28 u0 org.xwalk.webapi_service_tests/.WebapiServiceTestsActivity t242}
03-03 15:28:19.023 D/dalvikvm(24709): Compiler shutdown in progress - discarding request
03-03 15:28:19.023 D/dalvikvm(24709): Compiler shutdown in progress - discarding request
03-03 15:28:19.023 D/dalvikvm(24709): Compiler shutdown in progress - discarding request
03-03 15:28:19.023 D/dalvikvm(24709): Compiler shutdown in progress - discarding request
03-03 15:28:19.023 D/dalvikvm(24709): Compiler shutdown in progress - discarding request
03-03 15:28:19.023 D/dalvikvm(24709): Compiler shutdown in progress - discarding request
03-03 15:28:19.023 D/dalvikvm(24709): Compiler shutdown in progress - discarding request
03-03 15:28:19.023 D/dalvikvm(24709): Compiler shutdown in progress - discarding request
03-03 15:28:19.023 D/dalvikvm(24709): Compiler shutdown in progress - discarding request
03-03 15:28:19.023 D/dalvikvm(24709): Compiler shutdown in progress - discarding request
03-03 15:28:19.023 D/dalvikvm(24709): Compiler shutdown in progress - discarding request
03-03 15:28:19.023 D/dalvikvm(24709): Compiler shutdown in progress - discarding request
03-03 15:28:19.023 D/dalvikvm(24709): Compiler shutdown in progress - discarding request
03-03 15:28:19.023 D/dalvikvm(24709): Compiler shutdown in progress - discarding request
03-03 15:28:19.023 D/dalvikvm(24709): Compiler shutdown in progress - discarding request
03-03 15:28:19.023 D/dalvikvm(24709): Compiler shutdown in progress - discarding request
03-03 15:28:19.023 D/dalvikvm(24709): Compiler shutdown in progress - discarding request
03-03 15:28:19.023 D/dalvikvm(24709): Compiler shutdown in progress - discarding request
03-03 15:28:19.023 D/dalvikvm(24709): Compiler shutdown in progress - discarding request
03-03 15:28:19.023 D/dalvikvm(24709): Compiler shutdown in progress - discarding request
03-03 15:28:19.023 D/dalvikvm(24709): Compiler shutdown in progress - discarding request
03-03 15:28:19.023 D/dalvikvm(24709): Compiler shutdown in progress - discarding request
03-03 15:28:19.023 D/dalvikvm(24709): Compiler shutdown in progress - discarding request
03-03 15:28:19.023 D/dalvikvm(24709): Compiler shutdown in progress - discarding request
03-03 15:28:19.023 D/dalvikvm(24709): Compiler shutdown in progress - discarding request
03-03 15:28:19.023 D/dalvikvm(24709): Compiler shutdown in progress - discarding request
03-03 15:28:19.023 D/dalvikvm(24709): Compiler shutdown in progress - discarding request
03-03 15:28:19.023 D/dalvikvm(24709): Compiler shutdown in progress - discarding request
03-03 15:28:19.023 D/dalvikvm(24709): Compiler shutdown in progress - discarding request
03-03 15:28:19.023 D/dalvikvm(24709): Compiler shutdown in progress - discarding request
03-03 15:28:19.023 D/dalvikvm(24709): Compiler shutdown in progress - discarding request
03-03 15:28:19.023 D/dalvikvm(24709): Compiler shutdown in progress - discarding request
03-03 15:28:19.023 D/dalvikvm(24709): Compiler shutdown in progress - discarding request
03-03 15:28:19.023 D/dalvikvm(24709): Compiler shutdown in progress - discarding request
03-03 15:28:19.023 D/dalvikvm(24709): Compiler shutdown in progress - discarding request
03-03 15:28:19.023 D/dalvikvm(24709): Compiler shutdown in progress - discarding request
03-03 15:28:19.023 D/dalvikvm(24709): Compiler shutdown in progress - discarding request
03-03 15:28:19.023 D/dalvikvm(24709): Compiler shutdown in progress - discarding request
03-03 15:28:19.123 I/WindowState(  506): WIN DEATH: Window{2214a7e8 u0 org.xwalk.webapi_service_tests/org.xwalk.webapi_service_tests.WebapiServiceTestsActivity}
03-03 15:28:19.123 W/WindowManager(  506): Force-removing child win Window{21eef1d8 u0 SurfaceView} from container Window{2214a7e8 u0 org.xwalk.webapi_service_tests/org.xwalk.webapi_service_tests.WebapiServiceTestsActivity}
03-03 15:28:19.143 W/WindowManager(  506): Failed looking up window
03-03 15:28:19.143 W/WindowManager(  506): java.lang.IllegalArgumentException: Requested window android.os.BinderProxy@221d9f00 does not exist
03-03 15:28:19.143 W/WindowManager(  506): 	at com.android.server.wm.WindowManagerService.windowForClientLocked(WindowManagerService.java:8056)
03-03 15:28:19.143 W/WindowManager(  506): 	at com.android.server.wm.WindowManagerService.windowForClientLocked(WindowManagerService.java:8047)
03-03 15:28:19.143 W/WindowManager(  506): 	at com.android.server.wm.WindowState$DeathRecipient.binderDied(WindowState.java:1087)
03-03 15:28:19.143 W/WindowManager(  506): 	at android.os.BinderProxy.sendDeathNotice(Binder.java:493)
03-03 15:28:19.143 W/WindowManager(  506): 	at dalvik.system.NativeStart.run(Native Method)
03-03 15:28:19.143 I/WindowState(  506): WIN DEATH: null
03-03 15:28:19.623 D/AndroidRuntime(24721): 
03-03 15:28:19.623 D/AndroidRuntime(24721): >>>>>> AndroidRuntime START com.android.internal.os.RuntimeInit <<<<<<
03-03 15:28:19.623 D/AndroidRuntime(24721): CheckJNI is OFF
03-03 15:28:19.623 I/AndroidRuntime(24721): Kernel Release Version: 3.10.20-gf818079
03-03 15:28:19.623 I/dalvikvm(24721): No library specified. The standard exception handler will be used
03-03 15:28:19.623 I/dalvikvm(24721): 
03-03 15:28:19.623 I/dalvikvm(24721): +++++++++++++ Using PCG. +++++++++++++++++++++
03-03 15:28:19.633 D/dalvikvm(24721): Trying to load lib libjavacore.so 0x0
03-03 15:28:19.633 D/dalvikvm(24721): Added shared lib libjavacore.so 0x0
03-03 15:28:19.633 D/dalvikvm(24721): Trying to load lib libnativehelper.so 0x0
03-03 15:28:19.633 D/dalvikvm(24721): Added shared lib libnativehelper.so 0x0
03-03 15:28:19.633 D/dalvikvm(24721): No JNI_OnLoad found in libnativehelper.so 0x0, skipping init
03-03 15:28:19.643 D/dalvikvm(24721): Extra Options: not specified
03-03 15:28:19.663 D/dalvikvm(24721): Note: class Landroid/app/ActivityManagerNative; has 186 unimplemented (abstract) methods
03-03 15:28:19.733 E/memtrack(24721): Couldn't load memtrack module (No such file or directory)
03-03 15:28:19.733 E/android.os.Debug(24721): failed to load memtrack module: -2
03-03 15:28:19.763 D/AndroidRuntime(24721): Calling main entry com.android.commands.am.Am
03-03 15:28:19.813 D/AndroidRuntime(24721): Shutting down VM
03-03 15:28:19.813 D/dalvikvm(24721): GC_CONCURRENT freed 116K, 16% free 702K/832K, paused 0ms+0ms, total 1ms
03-03 15:28:19.813 D/dalvikvm(24721): Compiler shutdown in progress - discarding request
03-03 15:28:19.813 D/dalvikvm(24721): Compiler shutdown in progress - discarding request
03-03 15:28:19.813 D/dalvikvm(24721): Compiler shutdown in progress - discarding request
03-03 15:28:19.813 D/dalvikvm(24721): Compiler shutdown in progress - discarding request
03-03 15:28:19.813 D/dalvikvm(24721): Compiler shutdown in progress - discarding request
03-03 15:28:19.813 D/dalvikvm(24721): Compiler shutdown in progress - discarding request
03-03 15:28:19.813 D/dalvikvm(24721): Compiler shutdown in progress - discarding request
03-03 15:28:19.813 D/dalvikvm(24721): Compiler shutdown in progress - discarding request
03-03 15:28:19.813 D/dalvikvm(24721): Compiler shutdown in progress - discarding request
03-03 15:28:19.813 D/dalvikvm(24721): Compiler shutdown in progress - discarding request
03-03 15:28:19.813 D/dalvikvm(24721): Compiler shutdown in progress - discarding request
03-03 15:28:19.813 D/dalvikvm(24721): Compiler shutdown in progress - discarding request
03-03 15:28:19.813 D/dalvikvm(24721): Compiler shutdown in progress - discarding request
03-03 15:28:19.813 D/dalvikvm(24721): Compiler shutdown in progress - discarding request
03-03 15:28:19.813 D/dalvikvm(24721): Compiler shutdown in progress - discarding request
03-03 15:28:19.813 D/dalvikvm(24721): Compiler shutdown in progress - discarding request
03-03 15:28:19.813 D/dalvikvm(24721): Compiler shutdown in progress - discarding request
03-03 15:28:19.813 D/dalvikvm(24721): Compiler shutdown in progress - discarding request
03-03 15:28:19.813 D/dalvikvm(24721): Compiler shutdown in progress - discarding request
03-03 15:28:19.813 D/dalvikvm(24721): Compiler shutdown in progress - discarding request
03-03 15:28:19.813 D/dalvikvm(24721): Compiler shutdown in progress - discarding request
03-03 15:28:19.813 D/dalvikvm(24721): Compiler shutdown in progress - discarding request
03-03 15:28:19.813 D/dalvikvm(24721): Compiler shutdown in progress - discarding request
03-03 15:28:19.813 D/dalvikvm(24721): Compiler shutdown in progress - discarding request
03-03 15:28:19.813 D/dalvikvm(24721): Compiler shutdown in progress - discarding request
03-03 15:28:19.813 D/dalvikvm(24721): Compiler shutdown in progress - discarding request
03-03 15:28:19.813 D/dalvikvm(24721): Compiler shutdown in progress - discarding request
03-03 15:28:19.813 D/dalvikvm(24721): Compiler shutdown in progress - discarding request
03-03 15:28:19.813 D/dalvikvm(24721): Compiler shutdown in progress - discarding request
03-03 15:28:19.813 D/dalvikvm(24721): Compiler shutdown in progress - discarding request
03-03 15:28:19.813 D/dalvikvm(24721): Compiler shutdown in progress - discarding request
03-03 15:28:19.813 D/dalvikvm(24721): Compiler shutdown in progress - discarding request
03-03 15:28:19.813 D/dalvikvm(24721): Compiler shutdown in progress - discarding request
03-03 15:28:19.813 D/dalvikvm(24721): Compiler shutdown in progress - discarding request
03-03 15:28:19.813 D/dalvikvm(24721): Compiler shutdown in progress - discarding request
03-03 15:28:19.813 D/dalvikvm(24721): Compiler shutdown in progress - discarding request
03-03 15:28:19.813 D/dalvikvm(24721): Compiler shutdown in progress - discarding request
03-03 15:28:19.813 D/dalvikvm(24721): Compiler shutdown in progress - discarding request
03-03 15:28:19.813 D/dalvikvm(24721): Compiler shutdown in progress - discarding request
03-03 15:28:19.813 D/dalvikvm(24721): Compiler shutdown in progress - discarding request
03-03 15:28:19.813 D/dalvikvm(24721): Compiler shutdown in progress - discarding request
03-03 15:28:19.813 D/dalvikvm(24721): Compiler shutdown in progress - discarding request
03-03 15:28:19.813 D/dalvikvm(24721): Compiler shutdown in progress - discarding request
03-03 15:28:19.813 D/dalvikvm(24721): Compiler shutdown in progress - discarding request
03-03 15:28:19.813 D/dalvikvm(24721): Compiler shutdown in progress - discarding request
03-03 15:28:19.813 I/ActivityManager(  506): START u0 {flg=0x10000000 cmp=org.xwalk.webapi_service_tests/.webapi_service_testsActivity} from pid 24721
03-03 15:28:20.423 D/AndroidRuntime(24732): 
03-03 15:28:20.423 D/AndroidRuntime(24732): >>>>>> AndroidRuntime START com.android.internal.os.RuntimeInit <<<<<<
03-03 15:28:20.423 D/AndroidRuntime(24732): CheckJNI is OFF
03-03 15:28:20.423 I/AndroidRuntime(24732): Kernel Release Version: 3.10.20-gf818079
03-03 15:28:20.423 I/dalvikvm(24732): No library specified. The standard exception handler will be used
03-03 15:28:20.423 I/dalvikvm(24732): 
03-03 15:28:20.423 I/dalvikvm(24732): +++++++++++++ Using PCG. +++++++++++++++++++++
03-03 15:28:20.433 D/dalvikvm(24732): Trying to load lib libjavacore.so 0x0
03-03 15:28:20.433 D/dalvikvm(24732): Added shared lib libjavacore.so 0x0
03-03 15:28:20.433 D/dalvikvm(24732): Trying to load lib libnativehelper.so 0x0
03-03 15:28:20.433 D/dalvikvm(24732): Added shared lib libnativehelper.so 0x0
03-03 15:28:20.433 D/dalvikvm(24732): No JNI_OnLoad found in libnativehelper.so 0x0, skipping init
03-03 15:28:20.433 D/dalvikvm(24732): Extra Options: not specified
03-03 15:28:20.453 D/dalvikvm(24732): Note: class Landroid/app/ActivityManagerNative; has 186 unimplemented (abstract) methods
03-03 15:28:20.533 E/memtrack(24732): Couldn't load memtrack module (No such file or directory)
03-03 15:28:20.533 E/android.os.Debug(24732): failed to load memtrack module: -2
03-03 15:28:20.563 D/AndroidRuntime(24732): Calling main entry com.android.commands.am.Am
03-03 15:28:20.603 D/AndroidRuntime(24732): Shutting down VM
03-03 15:28:20.603 D/dalvikvm(24732): GC_CONCURRENT freed 116K, 17% free 670K/800K, paused 0ms+0ms, total 1ms
03-03 15:28:20.603 D/dalvikvm(24732): Compiler shutdown in progress - discarding request
03-03 15:28:20.603 D/dalvikvm(24732): Compiler shutdown in progress - discarding request
03-03 15:28:20.603 D/dalvikvm(24732): Compiler shutdown in progress - discarding request
03-03 15:28:20.603 D/dalvikvm(24732): Compiler shutdown in progress - discarding request
03-03 15:28:20.603 D/dalvikvm(24732): Compiler shutdown in progress - discarding request
03-03 15:28:20.603 D/dalvikvm(24732): Compiler shutdown in progress - discarding request
03-03 15:28:20.603 D/dalvikvm(24732): Compiler shutdown in progress - discarding request
03-03 15:28:20.603 D/dalvikvm(24732): Compiler shutdown in progress - discarding request
03-03 15:28:20.603 D/dalvikvm(24732): Compiler shutdown in progress - discarding request
03-03 15:28:20.603 D/dalvikvm(24732): Compiler shutdown in progress - discarding request
03-03 15:28:20.603 D/dalvikvm(24732): Compiler shutdown in progress - discarding request
03-03 15:28:20.603 D/dalvikvm(24732): Compiler shutdown in progress - discarding request
03-03 15:28:20.603 D/dalvikvm(24732): Compiler shutdown in progress - discarding request
03-03 15:28:20.603 D/dalvikvm(24732): Compiler shutdown in progress - discarding request
03-03 15:28:20.603 D/dalvikvm(24732): Compiler shutdown in progress - discarding request
03-03 15:28:20.603 D/dalvikvm(24732): Compiler shutdown in progress - discarding request
03-03 15:28:20.603 D/dalvikvm(24732): Compiler shutdown in progress - discarding request
03-03 15:28:20.603 D/dalvikvm(24732): Compiler shutdown in progress - discarding request
03-03 15:28:20.603 D/dalvikvm(24732): Compiler shutdown in progress - discarding request
03-03 15:28:20.603 D/dalvikvm(24732): Compiler shutdown in progress - discarding request
03-03 15:28:20.603 D/dalvikvm(24732): Compiler shutdown in progress - discarding request
03-03 15:28:20.603 D/dalvikvm(24732): Compiler shutdown in progress - discarding request
03-03 15:28:20.603 D/dalvikvm(24732): Compiler shutdown in progress - discarding request
03-03 15:28:20.603 D/dalvikvm(24732): Compiler shutdown in progress - discarding request
03-03 15:28:20.603 D/dalvikvm(24732): Compiler shutdown in progress - discarding request
03-03 15:28:20.603 D/dalvikvm(24732): Compiler shutdown in progress - discarding request
03-03 15:28:20.603 D/dalvikvm(24732): Compiler shutdown in progress - discarding request
03-03 15:28:20.603 D/dalvikvm(24732): Compiler shutdown in progress - discarding request
03-03 15:28:20.603 D/dalvikvm(24732): Compiler shutdown in progress - discarding request
03-03 15:28:20.603 D/dalvikvm(24732): Compiler shutdown in progress - discarding request
03-03 15:28:20.603 D/dalvikvm(24732): Compiler shutdown in progress - discarding request
03-03 15:28:20.603 D/dalvikvm(24732): Compiler shutdown in progress - discarding request
03-03 15:28:20.603 D/dalvikvm(24732): Compiler shutdown in progress - discarding request
03-03 15:28:20.603 D/dalvikvm(24732): Compiler shutdown in progress - discarding request
03-03 15:28:20.603 D/dalvikvm(24732): Compiler shutdown in progress - discarding request
03-03 15:28:20.603 D/dalvikvm(24732): Compiler shutdown in progress - discarding request
03-03 15:28:20.603 D/dalvikvm(24732): Compiler shutdown in progress - discarding request
03-03 15:28:20.603 D/dalvikvm(24732): Compiler shutdown in progress - discarding request
03-03 15:28:20.603 D/dalvikvm(24732): Compiler shutdown in progress - discarding request
03-03 15:28:20.603 D/dalvikvm(24732): Compiler shutdown in progress - discarding request
03-03 15:28:20.603 D/dalvikvm(24732): Compiler shutdown in progress - discarding request
03-03 15:28:20.603 D/dalvikvm(24732): Compiler shutdown in progress - discarding request
03-03 15:28:20.603 D/dalvikvm(24732): Compiler shutdown in progress - discarding request
03-03 15:28:20.603 D/dalvikvm(24732): Compiler shutdown in progress - discarding request
03-03 15:28:20.603 D/dalvikvm(24732): Compiler shutdown in progress - discarding request
03-03 15:28:20.603 D/dalvikvm(24732): Compiler shutdown in progress - discarding request
03-03 15:28:20.603 D/dalvikvm(24732): Compiler shutdown in progress - discarding request
03-03 15:28:20.603 D/dalvikvm(24732): Compiler shutdown in progress - discarding request
03-03 15:28:20.603 I/ActivityManager(  506): START u0 {flg=0x10000000 cmp=org.xwalk.webapi_service_tests/.webapi_service_tests} from pid 24732
03-03 15:28:21.283 D/AndroidRuntime(24743): 
03-03 15:28:21.283 D/AndroidRuntime(24743): >>>>>> AndroidRuntime START com.android.internal.os.RuntimeInit <<<<<<
03-03 15:28:21.283 D/AndroidRuntime(24743): CheckJNI is OFF
03-03 15:28:21.283 I/AndroidRuntime(24743): Kernel Release Version: 3.10.20-gf818079
03-03 15:28:21.283 I/dalvikvm(24743): No library specified. The standard exception handler will be used
03-03 15:28:21.283 I/dalvikvm(24743): 
03-03 15:28:21.283 I/dalvikvm(24743): +++++++++++++ Using PCG. +++++++++++++++++++++
03-03 15:28:21.293 D/dalvikvm(24743): Trying to load lib libjavacore.so 0x0
03-03 15:28:21.293 D/dalvikvm(24743): Added shared lib libjavacore.so 0x0
03-03 15:28:21.293 D/dalvikvm(24743): Trying to load lib libnativehelper.so 0x0
03-03 15:28:21.293 D/dalvikvm(24743): Added shared lib libnativehelper.so 0x0
03-03 15:28:21.293 D/dalvikvm(24743): No JNI_OnLoad found in libnativehelper.so 0x0, skipping init
03-03 15:28:21.303 D/dalvikvm(24743): Extra Options: not specified
03-03 15:28:21.313 D/dalvikvm(24743): Note: class Landroid/app/ActivityManagerNative; has 186 unimplemented (abstract) methods
03-03 15:28:21.383 E/memtrack(24743): Couldn't load memtrack module (No such file or directory)
03-03 15:28:21.383 E/android.os.Debug(24743): failed to load memtrack module: -2
03-03 15:28:21.413 D/AndroidRuntime(24743): Calling main entry com.android.commands.am.Am
03-03 15:28:21.453 D/AndroidRuntime(24743): Shutting down VM
03-03 15:28:21.453 I/ActivityManager(  506): START u0 {flg=0x10000000 cmp=org.xwalk.webapi_service_tests/.WebapiServiceTestsActivity} from pid 24743
03-03 15:28:21.463 D/dalvikvm(24743): GC_CONCURRENT freed 114K, 16% free 701K/832K, paused 0ms+1ms, total 1ms
03-03 15:28:21.463 D/dalvikvm(24743): Compiler shutdown in progress - discarding request
03-03 15:28:21.463 D/dalvikvm(24743): Compiler shutdown in progress - discarding request
03-03 15:28:21.463 D/dalvikvm(24743): Compiler shutdown in progress - discarding request
03-03 15:28:21.463 D/dalvikvm(24743): Compiler shutdown in progress - discarding request
03-03 15:28:21.463 D/dalvikvm(24743): Compiler shutdown in progress - discarding request
03-03 15:28:21.463 D/dalvikvm(24743): Compiler shutdown in progress - discarding request
03-03 15:28:21.463 D/dalvikvm(24743): Compiler shutdown in progress - discarding request
03-03 15:28:21.463 D/dalvikvm(24743): Compiler shutdown in progress - discarding request
03-03 15:28:21.463 D/dalvikvm(24743): Compiler shutdown in progress - discarding request
03-03 15:28:21.463 D/dalvikvm(24743): Compiler shutdown in progress - discarding request
