03-03 15:44:49.779 I/WifiHW  (  504): REPLY: tsf=0000000495063016
03-03 15:44:49.779 I/WifiHW  (  504): REPLY: flags=[WEP][ESS]
03-03 15:44:49.779 I/WifiHW  (  504): REPLY: ssid=6300
03-03 15:44:49.779 I/WifiHW  (  504): REPLY: ====
03-03 15:44:49.779 I/WifiHW  (  504): REPLY: id=17
03-03 15:44:49.779 I/WifiHW  (  504): REPLY: bssid=7a:24:af:24:0f:48
03-03 15:44:49.779 I/WifiHW  (  504): REPLY: freq=2412
03-03 15:44:49.779 I/WifiHW  (  504): REPLY: level=-59
03-03 15:44:49.779 I/WifiHW  (  504): REPLY: tsf=0000000495063050
03-03 15:44:49.779 I/WifiHW  (  504): REPLY: flags=[WEP]
03-03 15:44:49.779 I/WifiHW  (  504): REPLY: ssid=DIRECT-
03-03 15:44:49.779 I/WifiHW  (  504): REPLY: ====
03-03 15:44:49.779 I/WifiHW  (  504): REPLY: id=18
03-03 15:44:49.779 I/WifiHW  (  504): REPLY: bssid=c0:c1:c0:76:81:3c
03-03 15:44:49.779 I/WifiHW  (  504): REPLY: freq=2462
03-03 15:44:49.779 I/WifiHW  (  504): REPLY: level=-55
03-03 15:44:49.779 I/WifiHW  (  504): REPLY: tsf=0000000495063033
03-03 15:44:49.779 I/WifiHW  (  504): REPLY: flags=[WPS][ESS]
03-03 15:44:49.779 I/WifiHW  (  504): REPLY: ssid=E2000
03-03 15:44:49.779 I/WifiHW  (  504): REPLY: ====
03-03 15:44:49.779 I/WifiHW  (  504): REPLY: id=19
03-03 15:44:49.779 I/WifiHW  (  504): REPLY: bssid=50:bd:5f:4b:29:92
03-03 15:44:49.779 I/WifiHW  (  504): REPLY: freq=2437
03-03 15:44:49.779 I/WifiHW  (  504): REPLY: level=-66
03-03 15:44:49.779 I/WifiHW  (  504): REPLY: tsf=0000000495062963
03-03 15:44:49.779 I/WifiHW  (  504): REPLY: flags=[ESS]
03-03 15:44:49.779 I/WifiHW  (  504): REPLY: ssid=Internet-2
03-03 15:44:49.779 I/WifiHW  (  504): REPLY: ====
03-03 15:44:49.779 I/WifiHW  (  504): REPLY: id=27
03-03 15:44:49.779 I/WifiHW  (  504): REPLY: bssid=14:d6:4d:28:ef:c8
03-03 15:44:49.779 I/WifiHW  (  504): REPLY: freq=2437
03-03 15:44:49.779 I/WifiHW  (  504): REPLY: level=-72
03-03 15:44:49.779 I/WifiHW  (  504): REPLY: tsf=0000000495062990
03-03 15:44:49.779 I/WifiHW  (  504): REPLY: flags=[WPA2-PSK-CCMP][WPS][ESS]
03-03 15:44:49.779 I/WifiHW  (  504): REPLY: ssid=dlink
03-03 15:44:49.779 I/WifiHW  (  504): REPLY: ====
03-03 15:44:49.779 I/WifiHW  (  504): REPLY: id=32
03-03 15:44:49.779 I/WifiHW  (  504): REPLY: bssid=e4:d3:32:c0:cf:a4
03-03 15:44:49.779 I/WifiHW  (  504): REPLY: freq=2437
03-03 15:44:49.779 I/WifiHW  (  504): REPLY: level=-69
03-03 15:44:49.779 I/WifiHW  (  504): REPLY: tsf=0000000495062980
03-03 15:44:49.779 I/WifiHW  (  504): REPLY: flags=[WPA2-PSK-CCMP][ESS]
03-03 15:44:49.779 I/WifiHW  (  504): REPLY: ssid=fast
03-03 15:44:49.779 I/WifiHW  (  504): REPLY: ====
03-03 15:44:49.779 I/WifiHW  (  504): REPLY: id=37
03-03 15:44:49.779 I/WifiHW  (  504): REPLY: bssid=b0:48:7a:51:ff:cc
03-03 15:44:49.779 I/WifiHW  (  504): REPLY: freq=2452
03-03 15:44:49.779 I/WifiHW  (  504): REPLY: level=-69
03-03 15:44:49.779 I/WifiHW  (  504): REPLY: tsf=0000000495063042
03-03 15:44:49.779 I/WifiHW  (  504): REPLY: flags=[WPA-PSK-CCMP][WPA2-PSK-CCMP][ESS]
03-03 15:44:49.779 I/WifiHW  (  504): REPLY: ssid=Neusoft TP
03-03 15:44:49.779 I/WifiHW  (  504): REPLY: ====
03-03 15:44:49.779 I/WifiHW  (  504): REPLY: id=40
03-03 15:44:49.779 I/WifiHW  (  504): REPLY: bssid=e4:d3:32:dd:18:62
03-03 15:44:49.779 I/WifiHW  (  504): REPLY: freq=2437
03-03 15:44:49.779 I/WifiHW  (  504): REPLY: level=-75
03-03 15:44:49.779 I/WifiHW  (  504): REPLY: tsf=0000000453839642
03-03 15:44:49.779 I/WifiHW  (  504): REPLY: flags=[ESS]
03-03 15:44:49.779 I/WifiHW  (  504): REPLY: ssid=Internet
03-03 15:44:49.779 I/WifiHW  (  504): REPLY: ====
03-03 15:44:49.779 I/WifiHW  (  504): REPLY: id=41
03-03 15:44:49.779 I/WifiHW  (  504): REPLY: bssid=e4:d3:32:db:f6:03
03-03 15:44:49.779 I/WifiHW  (  504): REPLY: freq=2447
03-03 15:44:49.779 I/WifiHW  (  504): REPLY: level=-78
03-03 15:44:49.779 I/WifiHW  (  504): REPLY: tsf=0000000453839651
03-03 15:44:49.779 I/WifiHW  (  504): REPLY: flags=[WPA2-PSK-TKIP][ESS]
03-03 15:44:49.779 I/WifiHW  (  504): REPLY: ssid=adddda
03-03 15:44:49.779 I/WifiHW  (  504): REPLY: ====
03-03 15:44:49.779 I/WifiHW  (  504): REPLY: id=42
03-03 15:44:49.779 I/WifiHW  (  504): REPLY: bssid=1c:65:9d:e8:79:44
03-03 15:44:49.779 I/WifiHW  (  504): REPLY: freq=2437
03-03 15:44:49.779 I/WifiHW  (  504): REPLY: level=-85
03-03 15:44:49.779 I/WifiHW  (  504): REPLY: tsf=0000000453839684
03-03 15:44:49.779 I/WifiHW  (  504): REPLY: flags=[WPA2-PSK-CCMP][ESS]
03-03 15:44:49.779 I/WifiHW  (  504): REPLY: ssid=WiFi
03-03 15:44:49.779 I/WifiHW  (  504): REPLY: ====
03-03 15:44:49.779 I/WifiHW  (  504): REPLY: id=43
03-03 15:44:49.779 I/WifiHW  (  504): REPLY: bssid=f4:b7:e2:2b:41:b7
03-03 15:44:49.779 I/WifiHW  (  504): REPLY: freq=2437
03-03 15:44:49.779 I/WifiHW  (  504): REPLY: level=-82
03-03 15:44:49.779 I/WifiHW  (  504): REPLY: tsf=0000000495062998
03-03 15:44:49.779 I/WifiHW  (  504): REPLY: flags=[WPA2-PSK-CCMP][ESS]
03-03 15:44:49.779 I/WifiHW  (  504): REPLY: ssid=cmscc
03-03 15:44:49.779 I/WifiHW  (  504): REPLY: ====
03-03 15:44:49.779 I/WifiHW  (  504): REPLY: id=44
03-03 15:44:49.779 I/WifiHW  (  504): REPLY: bssid=02:09:4c:51:a8:28
03-03 15:44:49.779 I/WifiHW  (  504): REPLY: freq=2412
03-03 15:44:49.779 I/WifiHW  (  504): REPLY: level=-77
03-03 15:44:49.779 I/WifiHW  (  504): REPLY: tsf=0000000495062933
03-03 15:44:49.779 I/WifiHW  (  504): REPLY: flags=[WEP]
03-03 15:44:49.779 I/WifiHW  (  504): REPLY: ssid=DIRECT-
03-03 15:44:49.779 I/WifiHW  (  504): REPLY: ####
03-03 15:44:49.789 D/wpa_supplicant(  643): nl80211: if_removed already cleared - ignore event
03-03 15:44:53.629 W/BindingManager( 3137): Cannot call determinedVisibility() - never saw a connection for the pid: 3137
03-03 15:44:54.259 I/chromium( 3137): [INFO:CONSOLE(1)] "Uncaught SyntaxError: Unexpected token :", source: http://127.0.0.1:8080/opt/webapi-resourcetiming-w3c-tests/resourcetiming/w3c/submission/resources/generate_resource.cgi?types=script&id=1 (1)
03-03 15:44:54.269 I/chromium( 3137): [INFO:CONSOLE(1)] "Uncaught SyntaxError: Unexpected token :", source: http://127.0.0.1:8080/opt/webapi-resourcetiming-w3c-tests/resourcetiming/w3c/submission/resources/generate_resource.cgi?types=script&id=2 (1)
03-03 15:44:54.269 I/chromium( 3137): [INFO:CONSOLE(1)] "Uncaught SyntaxError: Unexpected token :", source: http://127.0.0.1:8080/opt/webapi-resourcetiming-w3c-tests/resourcetiming/w3c/submission/resources/generate_resource.cgi?types=script&id=3 (1)
03-03 15:44:54.289 I/chromium( 3137): [INFO:CONSOLE(1)] "Uncaught SyntaxError: Unexpected token :", source: http://127.0.0.1:8080/opt/webapi-resourcetiming-w3c-tests/resourcetiming/w3c/submission/resources/generate_resource.cgi?types=script&id=5 (1)
03-03 15:44:54.289 I/chromium( 3137): [INFO:CONSOLE(1)] "Uncaught SyntaxError: Unexpected token :", source: http://127.0.0.1:8080/opt/webapi-resourcetiming-w3c-tests/resourcetiming/w3c/submission/resources/generate_resource.cgi?types=script&id=4 (1)
03-03 15:44:54.299 I/chromium( 3137): [INFO:CONSOLE(1)] "Uncaught SyntaxError: Unexpected token :", source: http://127.0.0.1:8080/opt/webapi-resourcetiming-w3c-tests/resourcetiming/w3c/submission/resources/generate_resource.cgi?types=script&id=7 (1)
03-03 15:44:54.299 I/chromium( 3137): [INFO:CONSOLE(1)] "Uncaught SyntaxError: Unexpected token :", source: http://127.0.0.1:8080/opt/webapi-resourcetiming-w3c-tests/resourcetiming/w3c/submission/resources/generate_resource.cgi?types=script&id=6 (1)
03-03 15:44:54.299 I/chromium( 3137): [INFO:CONSOLE(1)] "Uncaught SyntaxError: Unexpected token :", source: http://127.0.0.1:8080/opt/webapi-resourcetiming-w3c-tests/resourcetiming/w3c/submission/resources/generate_resource.cgi?types=script&id=9 (1)
03-03 15:44:54.299 I/chromium( 3137): [INFO:CONSOLE(1)] "Uncaught SyntaxError: Unexpected token :", source: http://127.0.0.1:8080/opt/webapi-resourcetiming-w3c-tests/resourcetiming/w3c/submission/resources/generate_resource.cgi?types=script&id=8 (1)
03-03 15:44:55.679 W/ufoGralloc(  170): registerBuffer() handle 0xb84c8130/114 didn't require registration
03-03 15:44:55.709 D/WindowManager(  504): adjustConfigurationLw, config:{1.0 ?mcc?mnc ?locale ?layoutDir sw600dp w600dp h888dp 213dpi lrg port ?uimode ?night finger -keyb/v/h -nav/v} mLidState:1 mHasDockFeature:false mHasKeyboardFeature:false mHasHallSensorFeature:true config.hardKeyboardHidden:2
03-03 15:44:55.709 I/ActivityManager(  504): [TopPkgCurBat]	NowPkgName[com.intel.tinywebtestservice]	Battery[74]	TimeTick[1425368695719]	OldPkgName[org.xwalk.webapi_service_tests]
03-03 15:44:55.739 D/        ( 1266): Pixel Format : GGL_PIXEL_FORMAT_RGBA_8888
03-03 15:44:55.749 W/IInputConnectionWrapper( 3137): showStatusIcon on inactive InputConnection
03-03 15:44:55.749 D/XT9IME  (  742): new subtype :en_US ,keyboard
03-03 15:44:55.769 D/BatteryStatsImpl(  504): noteStopWakeLocked system isFromForeground = false
03-03 15:44:55.799 D/        ( 3137): Surface destroy: ANDROID_NATIVE_WINDOW_MAGIC
03-03 15:44:55.809 D/        ( 3137): Surface destroy: ANDROID_NATIVE_WINDOW_MAGIC
03-03 15:44:56.179 I/dalvikvm(  566): Total arena pages for JIT: 17
03-03 15:44:56.179 I/dalvikvm(  566): Total arena pages for JIT: 18
03-03 15:44:56.179 I/dalvikvm(  566): Total arena pages for JIT: 19
03-03 15:44:56.179 I/dalvikvm(  566): Total arena pages for JIT: 20
03-03 15:44:56.179 I/dalvikvm(  566): Total arena pages for JIT: 21
03-03 15:44:56.179 I/dalvikvm(  566): Total arena pages for JIT: 22
03-03 15:44:56.179 I/dalvikvm(  566): Total arena pages for JIT: 23
03-03 15:44:56.189 I/dalvikvm(  566): Total arena pages for JIT: 24
03-03 15:44:56.189 I/dalvikvm(  566): Total arena pages for JIT: 25
03-03 15:44:56.189 I/dalvikvm(  566): Total arena pages for JIT: 26
03-03 15:44:56.189 I/dalvikvm(  566): Total arena pages for JIT: 27
03-03 15:44:56.189 I/dalvikvm(  566): Total arena pages for JIT: 28
03-03 15:44:56.189 I/dalvikvm(  566): Total arena pages for JIT: 29
03-03 15:44:56.189 I/dalvikvm(  566): Total arena pages for JIT: 30
03-03 15:44:56.189 I/dalvikvm(  566): Total arena pages for JIT: 31
03-03 15:44:56.189 I/dalvikvm(  566): Total arena pages for JIT: 32
03-03 15:44:56.189 I/dalvikvm(  566): Total arena pages for JIT: 33
03-03 15:44:56.199 I/dalvikvm(  566): Total arena pages for JIT: 34
03-03 15:44:56.199 I/dalvikvm(  566): Total arena pages for JIT: 35
03-03 15:44:56.199 I/dalvikvm(  566): Total arena pages for JIT: 36
03-03 15:44:56.199 I/dalvikvm(  566): Total arena pages for JIT: 37
03-03 15:44:56.199 I/dalvikvm(  566): Total arena pages for JIT: 38
03-03 15:44:56.199 I/dalvikvm(  566): Total arena pages for JIT: 39
03-03 15:44:56.199 I/dalvikvm(  566): Total arena pages for JIT: 40
03-03 15:44:56.499 D/        ( 3137): Pixel Format : GGL_PIXEL_FORMAT_RGBA_8888
03-03 15:44:56.499 I/ActivityManager(  504): Killing 1569:com.asus.UpdateLauncher/1000 (adj 15): empty #9
03-03 15:44:56.509 W/SurfaceFlinger(  170): couldn't log to binary event log: overflow.
03-03 15:44:56.519 W/ScreenOrientationListener( 3137): Removing an inexistent observer!
03-03 15:44:56.569 I/SecurityManagerService(  680): SMS received security event: App[STOP/com.asus.UpdateLauncher]
03-03 15:44:57.129 D/AndroidRuntime( 3661): 
03-03 15:44:57.129 D/AndroidRuntime( 3661): >>>>>> AndroidRuntime START com.android.internal.os.RuntimeInit <<<<<<
03-03 15:44:57.129 D/AndroidRuntime( 3661): CheckJNI is OFF
03-03 15:44:57.129 I/AndroidRuntime( 3661): Kernel Release Version: 3.10.20-gf818079
03-03 15:44:57.129 I/dalvikvm( 3661): No library specified. The standard exception handler will be used
03-03 15:44:57.139 I/dalvikvm( 3661): 
03-03 15:44:57.139 I/dalvikvm( 3661): +++++++++++++ Using PCG. +++++++++++++++++++++
03-03 15:44:57.139 D/dalvikvm( 3661): Trying to load lib libjavacore.so 0x0
03-03 15:44:57.139 D/dalvikvm( 3661): Added shared lib libjavacore.so 0x0
03-03 15:44:57.149 D/dalvikvm( 3661): Trying to load lib libnativehelper.so 0x0
03-03 15:44:57.149 D/dalvikvm( 3661): Added shared lib libnativehelper.so 0x0
03-03 15:44:57.149 D/dalvikvm( 3661): No JNI_OnLoad found in libnativehelper.so 0x0, skipping init
03-03 15:44:57.149 D/dalvikvm( 3661): Extra Options: not specified
03-03 15:44:57.169 D/dalvikvm( 3661): Note: class Landroid/app/ActivityManagerNative; has 186 unimplemented (abstract) methods
03-03 15:44:57.239 E/memtrack( 3661): Couldn't load memtrack module (No such file or directory)
03-03 15:44:57.239 E/android.os.Debug( 3661): failed to load memtrack module: -2
03-03 15:44:57.269 D/AndroidRuntime( 3661): Calling main entry com.android.commands.am.Am
03-03 15:44:57.299 I/ActivityManager(  504): Force stopping org.xwalk.webapi_service_tests appid=10373 user=0: from pid 3661
03-03 15:44:57.299 I/SecurityManagerService(  680): SMS received security event: App[STOP/org.xwalk.webapi_service_tests]
03-03 15:44:57.299 D/AndroidRuntime( 3661): Shutting down VM
03-03 15:44:57.299 D/dalvikvm( 3661): GC_CONCURRENT freed 112K, 16% free 666K/792K, paused 0ms+1ms, total 1ms
03-03 15:44:57.299 I/ActivityManager(  504): Killing 3137:org.xwalk.webapi_service_tests/u0a373 (adj 9): stop org.xwalk.webapi_service_tests
03-03 15:44:57.309 D/dalvikvm( 3661): Compiler shutdown in progress - discarding request
03-03 15:44:57.309 D/dalvikvm( 3661): Compiler shutdown in progress - discarding request
03-03 15:44:57.309 D/dalvikvm( 3661): Compiler shutdown in progress - discarding request
03-03 15:44:57.309 D/dalvikvm( 3661): Compiler shutdown in progress - discarding request
03-03 15:44:57.309 D/dalvikvm( 3661): Compiler shutdown in progress - discarding request
03-03 15:44:57.309 D/dalvikvm( 3661): Compiler shutdown in progress - discarding request
03-03 15:44:57.309 D/dalvikvm( 3661): Compiler shutdown in progress - discarding request
03-03 15:44:57.309 D/dalvikvm( 3661): Compiler shutdown in progress - discarding request
03-03 15:44:57.309 D/dalvikvm( 3661): Compiler shutdown in progress - discarding request
03-03 15:44:57.309 D/dalvikvm( 3661): Compiler shutdown in progress - discarding request
03-03 15:44:57.309 D/dalvikvm( 3661): Compiler shutdown in progress - discarding request
03-03 15:44:57.309 D/dalvikvm( 3661): Compiler shutdown in progress - discarding request
03-03 15:44:57.309 D/dalvikvm( 3661): Compiler shutdown in progress - discarding request
03-03 15:44:57.309 D/dalvikvm( 3661): Compiler shutdown in progress - discarding request
03-03 15:44:57.309 D/dalvikvm( 3661): Compiler shutdown in progress - discarding request
03-03 15:44:57.309 D/dalvikvm( 3661): Compiler shutdown in progress - discarding request
03-03 15:44:57.309 D/dalvikvm( 3661): Compiler shutdown in progress - discarding request
03-03 15:44:57.309 D/dalvikvm( 3661): Compiler shutdown in progress - discarding request
03-03 15:44:57.309 D/dalvikvm( 3661): Compiler shutdown in progress - discarding request
03-03 15:44:57.309 D/dalvikvm( 3661): Compiler shutdown in progress - discarding request
03-03 15:44:57.309 D/dalvikvm( 3661): Compiler shutdown in progress - discarding request
03-03 15:44:57.309 D/dalvikvm( 3661): Compiler shutdown in progress - discarding request
03-03 15:44:57.309 D/dalvikvm( 3661): Compiler shutdown in progress - discarding request
03-03 15:44:57.309 D/dalvikvm( 3661): Compiler shutdown in progress - discarding request
03-03 15:44:57.309 D/dalvikvm( 3661): Compiler shutdown in progress - discarding request
03-03 15:44:57.309 D/dalvikvm( 3661): Compiler shutdown in progress - discarding request
03-03 15:44:57.309 D/dalvikvm( 3661): Compiler shutdown in progress - discarding request
03-03 15:44:57.309 D/dalvikvm( 3661): Compiler shutdown in progress - discarding request
03-03 15:44:57.309 D/dalvikvm( 3661): Compiler shutdown in progress - discarding request
03-03 15:44:57.309 D/dalvikvm( 3661): Compiler shutdown in progress - discarding request
03-03 15:44:57.309 D/dalvikvm( 3661): Compiler shutdown in progress - discarding request
03-03 15:44:57.309 D/dalvikvm( 3661): Compiler shutdown in progress - discarding request
03-03 15:44:57.309 D/dalvikvm( 3661): Compiler shutdown in progress - discarding request
03-03 15:44:57.309 D/dalvikvm( 3661): Compiler shutdown in progress - discarding request
03-03 15:44:57.309 D/dalvikvm( 3661): Compiler shutdown in progress - discarding request
03-03 15:44:57.309 D/dalvikvm( 3661): Compiler shutdown in progress - discarding request
03-03 15:44:57.309 D/dalvikvm( 3661): Compiler shutdown in progress - discarding request
03-03 15:44:57.309 D/dalvikvm( 3661): Compiler shutdown in progress - discarding request
03-03 15:44:57.309 D/dalvikvm( 3661): Compiler shutdown in progress - discarding request
03-03 15:44:57.309 D/dalvikvm( 3661): Compiler shutdown in progress - discarding request
03-03 15:44:57.309 D/dalvikvm( 3661): Compiler shutdown in progress - discarding request
03-03 15:44:57.309 D/dalvikvm( 3661): Compiler shutdown in progress - discarding request
03-03 15:44:57.309 D/dalvikvm( 3661): Compiler shutdown in progress - discarding request
03-03 15:44:57.309 D/dalvikvm( 3661): Compiler shutdown in progress - discarding request
03-03 15:44:57.309 D/dalvikvm( 3661): Compiler shutdown in progress - discarding request
--------- beginning of /dev/log/main
03-03 15:45:21.769 D/AndroidRuntime( 3697): 
03-03 15:45:21.769 D/AndroidRuntime( 3697): >>>>>> AndroidRuntime START com.android.internal.os.RuntimeInit <<<<<<
03-03 15:45:21.769 D/AndroidRuntime( 3697): CheckJNI is OFF
03-03 15:45:21.769 I/AndroidRuntime( 3697): Kernel Release Version: 3.10.20-gf818079
03-03 15:45:21.769 I/dalvikvm( 3697): No library specified. The standard exception handler will be used
03-03 15:45:21.769 I/dalvikvm( 3697): 
03-03 15:45:21.769 I/dalvikvm( 3697): +++++++++++++ Using PCG. +++++++++++++++++++++
03-03 15:45:21.779 D/dalvikvm( 3697): Trying to load lib libjavacore.so 0x0
03-03 15:45:21.779 D/dalvikvm( 3697): Added shared lib libjavacore.so 0x0
03-03 15:45:21.779 D/dalvikvm( 3697): Trying to load lib libnativehelper.so 0x0
03-03 15:45:21.779 D/dalvikvm( 3697): Added shared lib libnativehelper.so 0x0
03-03 15:45:21.779 D/dalvikvm( 3697): No JNI_OnLoad found in libnativehelper.so 0x0, skipping init
03-03 15:45:21.789 D/dalvikvm( 3697): Extra Options: not specified
03-03 15:45:21.799 D/dalvikvm( 3697): Note: class Landroid/app/ActivityManagerNative; has 186 unimplemented (abstract) methods
03-03 15:45:21.869 E/memtrack( 3697): Couldn't load memtrack module (No such file or directory)
03-03 15:45:21.869 E/android.os.Debug( 3697): failed to load memtrack module: -2
03-03 15:45:21.909 D/AndroidRuntime( 3697): Calling main entry com.android.commands.am.Am
03-03 15:45:21.939 D/AndroidRuntime( 3697): Shutting down VM
03-03 15:45:21.939 D/dalvikvm( 3697): GC_CONCURRENT freed 112K, 16% free 666K/792K, paused 0ms+0ms, total 1ms
--------- beginning of /dev/log/system
03-03 15:45:21.939 I/ActivityManager(  504): Force stopping org.xwalk.webapi_service_tests appid=10373 user=0: from pid 3697
03-03 15:45:21.949 D/dalvikvm( 3697): Compiler shutdown in progress - discarding request
03-03 15:45:21.949 D/dalvikvm( 3697): Compiler shutdown in progress - discarding request
03-03 15:45:21.949 D/dalvikvm( 3697): Compiler shutdown in progress - discarding request
03-03 15:45:21.949 D/dalvikvm( 3697): Compiler shutdown in progress - discarding request
03-03 15:45:21.949 D/dalvikvm( 3697): Compiler shutdown in progress - discarding request
03-03 15:45:21.949 D/dalvikvm( 3697): Compiler shutdown in progress - discarding request
03-03 15:45:21.949 D/dalvikvm( 3697): Compiler shutdown in progress - discarding request
03-03 15:45:21.949 D/dalvikvm( 3697): Compiler shutdown in progress - discarding request
03-03 15:45:21.949 D/dalvikvm( 3697): Compiler shutdown in progress - discarding request
03-03 15:45:21.949 D/dalvikvm( 3697): Compiler shutdown in progress - discarding request
03-03 15:45:21.949 D/dalvikvm( 3697): Compiler shutdown in progress - discarding request
03-03 15:45:21.949 D/dalvikvm( 3697): Compiler shutdown in progress - discarding request
03-03 15:45:21.949 D/dalvikvm( 3697): Compiler shutdown in progress - discarding request
03-03 15:45:21.949 D/dalvikvm( 3697): Compiler shutdown in progress - discarding request
03-03 15:45:21.949 D/dalvikvm( 3697): Compiler shutdown in progress - discarding request
03-03 15:45:21.949 D/dalvikvm( 3697): Compiler shutdown in progress - discarding request
03-03 15:45:21.949 D/dalvikvm( 3697): Compiler shutdown in progress - discarding request
03-03 15:45:21.949 D/dalvikvm( 3697): Compiler shutdown in progress - discarding request
03-03 15:45:21.949 D/dalvikvm( 3697): Compiler shutdown in progress - discarding request
03-03 15:45:21.949 D/dalvikvm( 3697): Compiler shutdown in progress - discarding request
03-03 15:45:21.949 D/dalvikvm( 3697): Compiler shutdown in progress - discarding request
03-03 15:45:21.949 D/dalvikvm( 3697): Compiler shutdown in progress - discarding request
03-03 15:45:21.949 D/dalvikvm( 3697): Compiler shutdown in progress - discarding request
03-03 15:45:21.949 D/dalvikvm( 3697): Compiler shutdown in progress - discarding request
03-03 15:45:21.949 D/dalvikvm( 3697): Compiler shutdown in progress - discarding request
03-03 15:45:21.949 D/dalvikvm( 3697): Compiler shutdown in progress - discarding request
03-03 15:45:21.949 D/dalvikvm( 3697): Compiler shutdown in progress - discarding request
03-03 15:45:21.949 D/dalvikvm( 3697): Compiler shutdown in progress - discarding request
03-03 15:45:21.949 D/dalvikvm( 3697): Compiler shutdown in progress - discarding request
03-03 15:45:21.949 D/dalvikvm( 3697): Compiler shutdown in progress - discarding request
03-03 15:45:21.949 D/dalvikvm( 3697): Compiler shutdown in progress - discarding request
03-03 15:45:21.949 D/dalvikvm( 3697): Compiler shutdown in progress - discarding request
03-03 15:45:21.949 D/dalvikvm( 3697): Compiler shutdown in progress - discarding request
03-03 15:45:21.949 D/dalvikvm( 3697): Compiler shutdown in progress - discarding request
03-03 15:45:21.949 D/dalvikvm( 3697): Compiler shutdown in progress - discarding request
03-03 15:45:21.949 D/dalvikvm( 3697): Compiler shutdown in progress - discarding request
03-03 15:45:21.949 D/dalvikvm( 3697): Compiler shutdown in progress - discarding request
03-03 15:45:21.949 D/dalvikvm( 3697): Compiler shutdown in progress - discarding request
03-03 15:45:21.949 D/dalvikvm( 3697): Compiler shutdown in progress - discarding request
03-03 15:45:21.949 D/dalvikvm( 3697): Compiler shutdown in progress - discarding request
03-03 15:45:21.949 D/dalvikvm( 3697): Compiler shutdown in progress - discarding request
03-03 15:45:21.949 D/dalvikvm( 3697): Compiler shutdown in progress - discarding request
03-03 15:45:21.949 D/dalvikvm( 3697): Compiler shutdown in progress - discarding request
03-03 15:45:22.579 D/AndroidRuntime( 3708): 
03-03 15:45:22.579 D/AndroidRuntime( 3708): >>>>>> AndroidRuntime START com.android.internal.os.RuntimeInit <<<<<<
03-03 15:45:22.579 D/AndroidRuntime( 3708): CheckJNI is OFF
03-03 15:45:22.579 I/AndroidRuntime( 3708): Kernel Release Version: 3.10.20-gf818079
03-03 15:45:22.579 I/dalvikvm( 3708): No library specified. The standard exception handler will be used
03-03 15:45:22.579 I/dalvikvm( 3708): 
03-03 15:45:22.579 I/dalvikvm( 3708): +++++++++++++ Using PCG. +++++++++++++++++++++
03-03 15:45:22.589 D/dalvikvm( 3708): Trying to load lib libjavacore.so 0x0
03-03 15:45:22.589 D/dalvikvm( 3708): Added shared lib libjavacore.so 0x0
03-03 15:45:22.599 D/dalvikvm( 3708): Trying to load lib libnativehelper.so 0x0
03-03 15:45:22.599 D/dalvikvm( 3708): Added shared lib libnativehelper.so 0x0
03-03 15:45:22.599 D/dalvikvm( 3708): No JNI_OnLoad found in libnativehelper.so 0x0, skipping init
03-03 15:45:22.599 D/dalvikvm( 3708): Extra Options: not specified
03-03 15:45:22.609 D/dalvikvm( 3708): Note: class Landroid/app/ActivityManagerNative; has 186 unimplemented (abstract) methods
03-03 15:45:22.689 E/memtrack( 3708): Couldn't load memtrack module (No such file or directory)
03-03 15:45:22.689 E/android.os.Debug( 3708): failed to load memtrack module: -2
03-03 15:45:22.719 D/AndroidRuntime( 3708): Calling main entry com.android.commands.am.Am
03-03 15:45:22.749 D/AndroidRuntime( 3708): Shutting down VM
03-03 15:45:22.749 D/dalvikvm( 3708): GC_CONCURRENT freed 112K, 16% free 674K/800K, paused 1ms+1ms, total 2ms
03-03 15:45:22.749 D/dalvikvm( 3708): Compiler shutdown in progress - discarding request
03-03 15:45:22.749 D/dalvikvm( 3708): Compiler shutdown in progress - discarding request
03-03 15:45:22.749 D/dalvikvm( 3708): Compiler shutdown in progress - discarding request
03-03 15:45:22.749 D/dalvikvm( 3708): Compiler shutdown in progress - discarding request
03-03 15:45:22.749 D/dalvikvm( 3708): Compiler shutdown in progress - discarding request
03-03 15:45:22.749 D/dalvikvm( 3708): Compiler shutdown in progress - discarding request
03-03 15:45:22.749 D/dalvikvm( 3708): Compiler shutdown in progress - discarding request
03-03 15:45:22.749 D/dalvikvm( 3708): Compiler shutdown in progress - discarding request
03-03 15:45:22.749 D/dalvikvm( 3708): Compiler shutdown in progress - discarding request
03-03 15:45:22.749 D/dalvikvm( 3708): Compiler shutdown in progress - discarding request
03-03 15:45:22.749 D/dalvikvm( 3708): Compiler shutdown in progress - discarding request
03-03 15:45:22.749 D/dalvikvm( 3708): Compiler shutdown in progress - discarding request
03-03 15:45:22.749 D/dalvikvm( 3708): Compiler shutdown in progress - discarding request
03-03 15:45:22.749 D/dalvikvm( 3708): Compiler shutdown in progress - discarding request
03-03 15:45:22.749 D/dalvikvm( 3708): Compiler shutdown in progress - discarding request
03-03 15:45:22.749 D/dalvikvm( 3708): Compiler shutdown in progress - discarding request
03-03 15:45:22.749 D/dalvikvm( 3708): Compiler shutdown in progress - discarding request
03-03 15:45:22.749 D/dalvikvm( 3708): Compiler shutdown in progress - discarding request
03-03 15:45:22.749 D/dalvikvm( 3708): Compiler shutdown in progress - discarding request
03-03 15:45:22.749 D/dalvikvm( 3708): Compiler shutdown in progress - discarding request
03-03 15:45:22.749 D/dalvikvm( 3708): Compiler shutdown in progress - discarding request
03-03 15:45:22.749 D/dalvikvm( 3708): Compiler shutdown in progress - discarding request
03-03 15:45:22.749 D/dalvikvm( 3708): Compiler shutdown in progress - discarding request
03-03 15:45:22.749 D/dalvikvm( 3708): Compiler shutdown in progress - discarding request
03-03 15:45:22.749 D/dalvikvm( 3708): Compiler shutdown in progress - discarding request
03-03 15:45:22.749 D/dalvikvm( 3708): Compiler shutdown in progress - discarding request
03-03 15:45:22.749 D/dalvikvm( 3708): Compiler shutdown in progress - discarding request
03-03 15:45:22.749 D/dalvikvm( 3708): Compiler shutdown in progress - discarding request
03-03 15:45:22.749 D/dalvikvm( 3708): Compiler shutdown in progress - discarding request
03-03 15:45:22.749 D/dalvikvm( 3708): Compiler shutdown in progress - discarding request
03-03 15:45:22.749 D/dalvikvm( 3708): Compiler shutdown in progress - discarding request
03-03 15:45:22.749 D/dalvikvm( 3708): Compiler shutdown in progress - discarding request
03-03 15:45:22.749 D/dalvikvm( 3708): Compiler shutdown in progress - discarding request
03-03 15:45:22.749 D/dalvikvm( 3708): Compiler shutdown in progress - discarding request
03-03 15:45:22.749 D/dalvikvm( 3708): Compiler shutdown in progress - discarding request
03-03 15:45:22.749 D/dalvikvm( 3708): Compiler shutdown in progress - discarding request
03-03 15:45:22.749 D/dalvikvm( 3708): Compiler shutdown in progress - discarding request
03-03 15:45:22.749 D/dalvikvm( 3708): Compiler shutdown in progress - discarding request
03-03 15:45:22.749 D/dalvikvm( 3708): Compiler shutdown in progress - discarding request
03-03 15:45:22.749 D/dalvikvm( 3708): Compiler shutdown in progress - discarding request
03-03 15:45:22.749 D/dalvikvm( 3708): Compiler shutdown in progress - discarding request
03-03 15:45:22.749 D/dalvikvm( 3708): Compiler shutdown in progress - discarding request
03-03 15:45:22.749 D/dalvikvm( 3708): Compiler shutdown in progress - discarding request
03-03 15:45:22.749 D/dalvikvm( 3708): Compiler shutdown in progress - discarding request
03-03 15:45:22.749 D/dalvikvm( 3708): Compiler shutdown in progress - discarding request
03-03 15:45:22.749 D/dalvikvm( 3708): Compiler shutdown in progress - discarding request
03-03 15:45:22.749 I/ActivityManager(  504): START u0 {flg=0x10000000 cmp=org.xwalk.webapi_service_tests/.webapi_service_testsActivity} from pid 3708
03-03 15:45:23.399 D/AndroidRuntime( 3719): 
03-03 15:45:23.399 D/AndroidRuntime( 3719): >>>>>> AndroidRuntime START com.android.internal.os.RuntimeInit <<<<<<
03-03 15:45:23.399 D/AndroidRuntime( 3719): CheckJNI is OFF
03-03 15:45:23.399 I/AndroidRuntime( 3719): Kernel Release Version: 3.10.20-gf818079
03-03 15:45:23.399 I/dalvikvm( 3719): No library specified. The standard exception handler will be used
03-03 15:45:23.399 I/dalvikvm( 3719): 
03-03 15:45:23.399 I/dalvikvm( 3719): +++++++++++++ Using PCG. +++++++++++++++++++++
03-03 15:45:23.409 D/dalvikvm( 3719): Trying to load lib libjavacore.so 0x0
03-03 15:45:23.409 D/dalvikvm( 3719): Added shared lib libjavacore.so 0x0
03-03 15:45:23.409 D/dalvikvm( 3719): Trying to load lib libnativehelper.so 0x0
03-03 15:45:23.409 D/dalvikvm( 3719): Added shared lib libnativehelper.so 0x0
03-03 15:45:23.409 D/dalvikvm( 3719): No JNI_OnLoad found in libnativehelper.so 0x0, skipping init
03-03 15:45:23.419 D/dalvikvm( 3719): Extra Options: not specified
03-03 15:45:23.429 D/dalvikvm( 3719): Note: class Landroid/app/ActivityManagerNative; has 186 unimplemented (abstract) methods
03-03 15:45:23.499 E/memtrack( 3719): Couldn't load memtrack module (No such file or directory)
03-03 15:45:23.499 E/android.os.Debug( 3719): failed to load memtrack module: -2
03-03 15:45:23.539 D/AndroidRuntime( 3719): Calling main entry com.android.commands.am.Am
03-03 15:45:23.569 D/AndroidRuntime( 3719): Shutting down VM
03-03 15:45:23.569 D/dalvikvm( 3719): GC_CONCURRENT freed 112K, 16% free 674K/800K, paused 0ms+0ms, total 1ms
03-03 15:45:23.569 I/ActivityManager(  504): START u0 {flg=0x10000000 cmp=org.xwalk.webapi_service_tests/.webapi_service_tests} from pid 3719
03-03 15:45:23.579 D/dalvikvm( 3719): Compiler shutdown in progress - discarding request
03-03 15:45:23.579 D/dalvikvm( 3719): Compiler shutdown in progress - discarding request
03-03 15:45:23.579 D/dalvikvm( 3719): Compiler shutdown in progress - discarding request
03-03 15:45:23.579 D/dalvikvm( 3719): Compiler shutdown in progress - discarding request
03-03 15:45:23.579 D/dalvikvm( 3719): Compiler shutdown in progress - discarding request
03-03 15:45:23.579 D/dalvikvm( 3719): Compiler shutdown in progress - discarding request
03-03 15:45:23.579 D/dalvikvm( 3719): Compiler shutdown in progress - discarding request
03-03 15:45:23.579 D/dalvikvm( 3719): Compiler shutdown in progress - discarding request
03-03 15:45:23.579 D/dalvikvm( 3719): Compiler shutdown in progress - discarding request
03-03 15:45:23.579 D/dalvikvm( 3719): Compiler shutdown in progress - discarding request
03-03 15:45:23.579 D/dalvikvm( 3719): Compiler shutdown in progress - discarding request
03-03 15:45:23.579 D/dalvikvm( 3719): Compiler shutdown in progress - discarding request
03-03 15:45:23.579 D/dalvikvm( 3719): Compiler shutdown in progress - discarding request
03-03 15:45:23.579 D/dalvikvm( 3719): Compiler shutdown in progress - discarding request
03-03 15:45:23.579 D/dalvikvm( 3719): Compiler shutdown in progress - discarding request
03-03 15:45:23.579 D/dalvikvm( 3719): Compiler shutdown in progress - discarding request
03-03 15:45:23.579 D/dalvikvm( 3719): Compiler shutdown in progress - discarding request
03-03 15:45:23.579 D/dalvikvm( 3719): Compiler shutdown in progress - discarding request
03-03 15:45:23.579 D/dalvikvm( 3719): Compiler shutdown in progress - discarding request
03-03 15:45:23.579 D/dalvikvm( 3719): Compiler shutdown in progress - discarding request
03-03 15:45:23.579 D/dalvikvm( 3719): Compiler shutdown in progress - discarding request
03-03 15:45:23.579 D/dalvikvm( 3719): Compiler shutdown in progress - discarding request
03-03 15:45:23.579 D/dalvikvm( 3719): Compiler shutdown in progress - discarding request
03-03 15:45:23.579 D/dalvikvm( 3719): Compiler shutdown in progress - discarding request
03-03 15:45:23.579 D/dalvikvm( 3719): Compiler shutdown in progress - discarding request
03-03 15:45:23.579 D/dalvikvm( 3719): Compiler shutdown in progress - discarding request
03-03 15:45:23.579 D/dalvikvm( 3719): Compiler shutdown in progress - discarding request
03-03 15:45:23.579 D/dalvikvm( 3719): Compiler shutdown in progress - discarding request
03-03 15:45:23.579 D/dalvikvm( 3719): Compiler shutdown in progress - discarding request
03-03 15:45:23.579 D/dalvikvm( 3719): Compiler shutdown in progress - discarding request
03-03 15:45:23.579 D/dalvikvm( 3719): Compiler shutdown in progress - discarding request
03-03 15:45:23.579 D/dalvikvm( 3719): Compiler shutdown in progress - discarding request
03-03 15:45:23.579 D/dalvikvm( 3719): Compiler shutdown in progress - discarding request
03-03 15:45:23.579 D/dalvikvm( 3719): Compiler shutdown in progress - discarding request
03-03 15:45:23.579 D/dalvikvm( 3719): Compiler shutdown in progress - discarding request
03-03 15:45:23.579 D/dalvikvm( 3719): Compiler shutdown in progress - discarding request
03-03 15:45:23.579 D/dalvikvm( 3719): Compiler shutdown in progress - discarding request
03-03 15:45:23.579 D/dalvikvm( 3719): Compiler shutdown in progress - discarding request
03-03 15:45:23.579 D/dalvikvm( 3719): Compiler shutdown in progress - discarding request
03-03 15:45:23.579 D/dalvikvm( 3719): Compiler shutdown in progress - discarding request
03-03 15:45:23.579 D/dalvikvm( 3719): Compiler shutdown in progress - discarding request
03-03 15:45:23.579 D/dalvikvm( 3719): Compiler shutdown in progress - discarding request
03-03 15:45:23.579 D/dalvikvm( 3719): Compiler shutdown in progress - discarding request
03-03 15:45:23.579 D/dalvikvm( 3719): Compiler shutdown in progress - discarding request
03-03 15:45:23.579 D/dalvikvm( 3719): Compiler shutdown in progress - discarding request
03-03 15:45:24.219 D/AndroidRuntime( 3730): 
03-03 15:45:24.219 D/AndroidRuntime( 3730): >>>>>> AndroidRuntime START com.android.internal.os.RuntimeInit <<<<<<
03-03 15:45:24.219 D/AndroidRuntime( 3730): CheckJNI is OFF
03-03 15:45:24.219 I/AndroidRuntime( 3730): Kernel Release Version: 3.10.20-gf818079
03-03 15:45:24.219 I/dalvikvm( 3730): No library specified. The standard exception handler will be used
03-03 15:45:24.219 I/dalvikvm( 3730): 
03-03 15:45:24.219 I/dalvikvm( 3730): +++++++++++++ Using PCG. +++++++++++++++++++++
03-03 15:45:24.229 D/dalvikvm( 3730): Trying to load lib libjavacore.so 0x0
03-03 15:45:24.229 D/dalvikvm( 3730): Added shared lib libjavacore.so 0x0
03-03 15:45:24.229 D/dalvikvm( 3730): Trying to load lib libnativehelper.so 0x0
03-03 15:45:24.229 D/dalvikvm( 3730): Added shared lib libnativehelper.so 0x0
03-03 15:45:24.229 D/dalvikvm( 3730): No JNI_OnLoad found in libnativehelper.so 0x0, skipping init
03-03 15:45:24.239 D/dalvikvm( 3730): Extra Options: not specified
03-03 15:45:24.249 D/dalvikvm( 3730): Note: class Landroid/app/ActivityManagerNative; has 186 unimplemented (abstract) methods
03-03 15:45:24.319 E/memtrack( 3730): Couldn't load memtrack module (No such file or directory)
03-03 15:45:24.319 E/android.os.Debug( 3730): failed to load memtrack module: -2
03-03 15:45:24.359 D/AndroidRuntime( 3730): Calling main entry com.android.commands.am.Am
03-03 15:45:24.389 W/ufoGralloc(  170): registerBuffer() handle 0xb859a980/5 didn't require registration
03-03 15:45:24.389 I/ActivityManager(  504): START u0 {flg=0x10000000 cmp=org.xwalk.webapi_service_tests/.WebapiServiceTestsActivity} from pid 3730
03-03 15:45:24.409 D/AndroidRuntime( 3730): Shutting down VM
03-03 15:45:24.409 I/SecurityManagerService(  680): SMS received security event: App[START/org.xwalk.webapi_service_tests]
03-03 15:45:24.419 D/dalvikvm( 3730): GC_CONCURRENT freed 114K, 16% free 701K/832K, paused 1ms+0ms, total 4ms
03-03 15:45:24.419 D/dalvikvm( 3730): Compiler shutdown in progress - discarding request
03-03 15:45:24.419 D/dalvikvm( 3730): Compiler shutdown in progress - discarding request
03-03 15:45:24.419 D/dalvikvm( 3730): Compiler shutdown in progress - discarding request
03-03 15:45:24.419 D/dalvikvm( 3730): Compiler shutdown in progress - discarding request
03-03 15:45:24.419 D/dalvikvm( 3730): Compiler shutdown in progress - discarding request
03-03 15:45:24.419 D/dalvikvm( 3730): Compiler shutdown in progress - discarding request
03-03 15:45:24.419 D/dalvikvm( 3730): Compiler shutdown in progress - discarding request
03-03 15:45:24.419 D/dalvikvm( 3730): Compiler shutdown in progress - discarding request
03-03 15:45:24.419 D/dalvikvm( 3730): Compiler shutdown in progress - discarding request
03-03 15:45:24.419 D/dalvikvm( 3730): Compiler shutdown in progress - discarding request
03-03 15:45:24.419 D/dalvikvm( 3730): Compiler shutdown in progress - discarding request
03-03 15:45:24.419 D/dalvikvm( 3730): Compiler shutdown in progress - discarding request
03-03 15:45:24.419 D/dalvikvm( 3730): Compiler shutdown in progress - discarding request
03-03 15:45:24.419 D/dalvikvm( 3730): Compiler shutdown in progress - discarding request
03-03 15:45:24.419 D/dalvikvm( 3730): Compiler shutdown in progress - discarding request
03-03 15:45:24.419 D/dalvikvm( 3730): Compiler shutdown in progress - discarding request
03-03 15:45:24.419 D/dalvikvm( 3730): Compiler shutdown in progress - discarding request
03-03 15:45:24.419 D/dalvikvm( 3730): Compiler shutdown in progress - discarding request
03-03 15:45:24.419 D/dalvikvm( 3730): Compiler shutdown in progress - discarding request
03-03 15:45:24.419 D/dalvikvm( 3730): Compiler shutdown in progress - discarding request
03-03 15:45:24.419 D/dalvikvm( 3730): Compiler shutdown in progress - discarding request
03-03 15:45:24.419 D/dalvikvm( 3730): Compiler shutdown in progress - discarding request
03-03 15:45:24.419 D/dalvikvm( 3730): Compiler shutdown in progress - discarding request
03-03 15:45:24.419 D/dalvikvm( 3730): Compiler shutdown in progress - discarding request
03-03 15:45:24.419 D/dalvikvm( 3730): Compiler shutdown in progress - discarding request
03-03 15:45:24.419 D/dalvikvm( 3730): Compiler shutdown in progress - discarding request
03-03 15:45:24.419 D/dalvikvm( 3730): Compiler shutdown in progress - discarding request
03-03 15:45:24.419 D/dalvikvm( 3730): Compiler shutdown in progress - discarding request
03-03 15:45:24.419 D/dalvikvm( 3730): Compiler shutdown in progress - discarding request
03-03 15:45:24.419 D/dalvikvm( 3730): Compiler shutdown in progress - discarding request
03-03 15:45:24.419 D/dalvikvm( 3730): Compiler shutdown in progress - discarding request
03-03 15:45:24.419 D/dalvikvm( 3730): Compiler shutdown in progress - discarding request
03-03 15:45:24.419 D/dalvikvm( 3730): Compiler shutdown in progress - discarding request
03-03 15:45:24.419 D/dalvikvm( 3730): Compiler shutdown in progress - discarding request
03-03 15:45:24.419 D/dalvikvm( 3730): Compiler shutdown in progress - discarding request
03-03 15:45:24.419 D/dalvikvm( 3730): Compiler shutdown in progress - discarding request
03-03 15:45:24.419 D/dalvikvm( 3730): Compiler shutdown in progress - discarding request
03-03 15:45:24.419 D/dalvikvm( 3730): Compiler shutdown in progress - discarding request
03-03 15:45:24.429 D/dalvikvm( 3741): Process 3741 nice name: org.xwalk.webapi_service_tests
03-03 15:45:24.429 D/dalvikvm( 3741): Extra Options: not specified
03-03 15:45:24.429 I/ActivityManager(  504): Start proc org.xwalk.webapi_service_tests for activity org.xwalk.webapi_service_tests/.WebapiServiceTestsActivity: pid=3741 uid=10373 gids={50373, 3003, 1028, 1015}
03-03 15:45:24.439 D/WindowManager(  504): adjustConfigurationLw, config:{1.0 ?mcc?mnc ?locale ?layoutDir sw600dp w600dp h888dp 213dpi lrg port ?uimode ?night finger -keyb/v/h -nav/v} mLidState:1 mHasDockFeature:false mHasKeyboardFeature:false mHasHallSensorFeature:true config.hardKeyboardHidden:2
03-03 15:45:24.439 I/ActivityManager(  504): [TopPkgCurBat]	NowPkgName[org.xwalk.webapi_service_tests]	Battery[74]	TimeTick[1425368724452]	OldPkgName[com.intel.tinywebtestservice]
03-03 15:45:24.449 D/        ( 1266): Surface destroy: ANDROID_NATIVE_WINDOW_MAGIC
03-03 15:45:24.479 D/dalvikvm( 3741): Trying to load lib /data/app-lib/org.xwalk.webapi_service_tests-1/libxwalkcore.so 0x43d86580
03-03 15:45:24.479 D/dalvikvm( 3741): Added shared lib /data/app-lib/org.xwalk.webapi_service_tests-1/libxwalkcore.so 0x43d86580
03-03 15:45:24.489 I/LibraryLoader( 3741): Time to load native libraries: 10 ms (timestamps 9782-9792)
03-03 15:45:24.489 I/LibraryLoader( 3741): Expected native library version number "",actual native library version number ""
03-03 15:45:24.509 I/LibraryLoader( 3741): Expected native library version number "",actual native library version number ""
03-03 15:45:24.509 I/chromium( 3741): [INFO:library_loader_hooks.cc(112)] Chromium logging enabled: level = 0, default verbosity = 0
03-03 15:45:24.519 I/BrowserStartupController( 3741): Initializing chromium process, singleProcess=true
03-03 15:45:24.569 W/chromium( 3741): [WARNING:dns_config_service_posix.cc(293)] Failed to read DnsConfig.
03-03 15:45:24.569 W/AudioManagerAndroid( 3741): Requires BLUETOOTH permission
03-03 15:45:24.569 I/ufoGralloc( 3741): Hello, this is UFO GRALLOC/Intel Corporation
03-03 15:45:24.579 D/        ( 3741): Pixel Format : GGL_PIXEL_FORMAT_RGBA_8888
03-03 15:45:24.579 D/        ( 3741): droid_create_context : config id = 1 conf->NativeVisualID=1
03-03 15:45:24.579 D/        ( 3741): Pixel Format : GGL_PIXEL_FORMAT_RGBA_8888
03-03 15:45:24.579 I/        ( 3741): Requested context : GLES 2.0
03-03 15:45:24.599 W/chromium( 3741): [WARNING:proxy_service.cc(899)] PAC support disabled because there is no system implementation
03-03 15:45:24.609 W/dalvikvm( 3741): VFY: unable to find class referenced in signature (Landroid/view/inputmethod/CursorAnchorInfo;)
03-03 15:45:24.609 I/dalvikvm( 3741): Could not find method android.view.inputmethod.InputMethodManager.updateCursorAnchorInfo, referenced from method org.chromium.content.browser.input.InputMethodManagerWrapper.updateCursorAnchorInfo
03-03 15:45:24.609 W/dalvikvm( 3741): VFY: unable to resolve virtual method 1241: Landroid/view/inputmethod/InputMethodManager;.updateCursorAnchorInfo (Landroid/view/View;Landroid/view/inputmethod/CursorAnchorInfo;)V
03-03 15:45:24.609 D/dalvikvm( 3741): VFY: replacing opcode 0x6e at 0x000a
03-03 15:45:24.639 E/cutils  (  162): Failed to mkdirat(/Removable/MicroSD): Read-only file system
03-03 15:45:24.639 W/ContextImpl( 3741): Failed to ensure directory: /Removable/MicroSD/Android/data/org.xwalk.webapi_service_tests/cache
03-03 15:45:24.639 W/Vold    (  162): Returning OperationFailed - no handler for errno 30
03-03 15:45:24.649 W/XWalkExtensionManager( 3741): Failed to read extensions-config.json
03-03 15:45:24.649 E/chromium( 3741): [ERROR:unix_domain_server_socket_posix.cc(106)] Not implemented reached in virtual int net::UnixDomainServerSocket::GetLocalAddress(net::IPEndPoint*) const
03-03 15:45:24.649 I/dalvikvm( 3741): Could not find method android.app.Activity.finishAndRemoveTask, referenced from method org.chromium.base.ApiCompatibilityUtils.finishAndRemoveTask
03-03 15:45:24.649 W/dalvikvm( 3741): VFY: unable to resolve virtual method 4: Landroid/app/Activity;.finishAndRemoveTask ()V
03-03 15:45:24.649 D/dalvikvm( 3741): VFY: replacing opcode 0x6e at 0x0006
03-03 15:45:24.649 I/dalvikvm( 3741): Could not find method android.os.PowerManager.isInteractive, referenced from method org.chromium.base.ApiCompatibilityUtils.isInteractive
03-03 15:45:24.649 W/dalvikvm( 3741): VFY: unable to resolve virtual method 768: Landroid/os/PowerManager;.isInteractive ()Z
03-03 15:45:24.649 D/dalvikvm( 3741): VFY: replacing opcode 0x6e at 0x000e
03-03 15:45:24.649 I/dalvikvm( 3741): Could not find method android.view.Window.getNavigationBarColor, referenced from method org.chromium.base.ApiCompatibilityUtils.setStatusBarColor
03-03 15:45:24.649 W/dalvikvm( 3741): VFY: unable to resolve virtual method 1144: Landroid/view/Window;.getNavigationBarColor ()I
03-03 15:45:24.649 D/dalvikvm( 3741): VFY: replacing opcode 0x6e at 0x0010
03-03 15:45:24.649 I/dalvikvm( 3741): Could not find method android.view.Window.setStatusBarColor, referenced from method org.chromium.base.ApiCompatibilityUtils.setStatusBarColor
03-03 15:45:24.649 W/dalvikvm( 3741): VFY: unable to resolve virtual method 1149: Landroid/view/Window;.setStatusBarColor (I)V
03-03 15:45:24.649 D/dalvikvm( 3741): VFY: replacing opcode 0x6e at 0x0019
03-03 15:45:24.649 E/dalvikvm( 3741): Could not find class 'android.app.ActivityManager$TaskDescription', referenced from method org.chromium.base.ApiCompatibilityUtils.setTaskDescription
03-03 15:45:24.649 W/dalvikvm( 3741): VFY: unable to resolve new-instance 11 (Landroid/app/ActivityManager$TaskDescription;) in Lorg/chromium/base/ApiCompatibility