03-03 15:02:30.763 D/wpa_supplicant(  659): CTRL_IFACE monitor send - hexdump(len=39): 2f 64 61 74 61 2f 6d 69 73 63 2f 77 69 66 69 2f 73 6f 63 6b 65 74 73 2f 77 70 61 5f 63 74 72 6c ...
03-03 15:02:30.763 D/wpa_supplicant(  659): wlan0: BSS: Add new id 3295 BSSID 90:94:e4:03:45:f5 SSID 'DAP-2553_D'
03-03 15:02:30.763 D/wpa_supplicant(  659): CTRL_IFACE monitor send - hexdump(len=39): 2f 64 61 74 61 2f 6d 69 73 63 2f 77 69 66 69 2f 73 6f 63 6b 65 74 73 2f 77 70 61 5f 63 74 72 6c ...
03-03 15:02:30.763 I/WifiHW  (  506): EVENT: IFNAME=wlan0 CTRL-EVENT-BSS-ADDED 3292 c8:d7:19:60:62:f2
03-03 15:02:30.763 D/wpa_supplicant(  659): wlan0: BSS: Add new id 3296 BSSID 10:c3:7b:d2:e5:e0 SSID 'ASUS_RT-AC66U-2.4G'
03-03 15:02:30.763 D/wpa_supplicant(  659): CTRL_IFACE monitor send - hexdump(len=39): 2f 64 61 74 61 2f 6d 69 73 63 2f 77 69 66 69 2f 73 6f 63 6b 65 74 73 2f 77 70 61 5f 63 74 72 6c ...
03-03 15:02:30.763 D/wpa_supplicant(  659): wlan0: BSS: Add new id 3297 BSSID 02:1a:11:f3:82:d3 SSID 'io1'
03-03 15:02:30.763 I/WifiHW  (  506): EVENT: IFNAME=wlan0 CTRL-EVENT-BSS-ADDED 3293 f8:d1:11:e7:99:e8
03-03 15:02:30.763 D/wpa_supplicant(  659): CTRL_IFACE monitor send - hexdump(len=39): 2f 64 61 74 61 2f 6d 69 73 63 2f 77 69 66 69 2f 73 6f 63 6b 65 74 73 2f 77 70 61 5f 63 74 72 6c ...
03-03 15:02:30.763 D/wpa_supplicant(  659): wlan0: BSS: Add new id 3298 BSSID e4:d3:32:36:2e:54 SSID 'otc'
03-03 15:02:30.763 I/WifiHW  (  506): EVENT: IFNAME=wlan0 CTRL-EVENT-BSS-ADDED 3294 98:fc:11:81:35:fb
03-03 15:02:30.763 D/wpa_supplicant(  659): CTRL_IFACE monitor send - hexdump(len=39): 2f 64 61 74 61 2f 6d 69 73 63 2f 77 69 66 69 2f 73 6f 63 6b 65 74 73 2f 77 70 61 5f 63 74 72 6c ...
03-03 15:02:30.763 D/wpa_supplicant(  659): wlan0: BSS: Add new id 3299 BSSID cc:34:29:2c:fb:ec SSID 'linksys'
03-03 15:02:30.763 I/WifiHW  (  506): EVENT: IFNAME=wlan0 CTRL-EVENT-BSS-ADDED 3295 90:94:e4:03:45:f5
03-03 15:02:30.763 D/wpa_supplicant(  659): CTRL_IFACE monitor send - hexdump(len=39): 2f 64 61 74 61 2f 6d 69 73 63 2f 77 69 66 69 2f 73 6f 63 6b 65 74 73 2f 77 70 61 5f 63 74 72 6c ...
03-03 15:02:30.763 D/wpa_supplicant(  659): wlan0: BSS: Add new id 3300 BSSID cc:34:29:2b:26:4c SSID 'cws-test'
03-03 15:02:30.763 I/WifiHW  (  506): EVENT: IFNAME=wlan0 CTRL-EVENT-BSS-ADDED 3296 10:c3:7b:d2:e5:e0
03-03 15:02:30.763 D/wpa_supplicant(  659): CTRL_IFACE monitor send - hexdump(len=39): 2f 64 61 74 61 2f 6d 69 73 63 2f 77 69 66 69 2f 73 6f 63 6b 65 74 73 2f 77 70 61 5f 63 74 72 6c ...
03-03 15:02:30.763 I/WifiHW  (  506): EVENT: IFNAME=wlan0 CTRL-EVENT-BSS-ADDED 3297 02:1a:11:f3:82:d3
03-03 15:02:30.763 D/wpa_supplicant(  659): wlan0: BSS: Add new id 3301 BSSID cc:b2:55:e2:84:70 SSID 'DLINK_APK'
03-03 15:02:30.763 D/wpa_supplicant(  659): CTRL_IFACE monitor send - hexdump(len=39): 2f 64 61 74 61 2f 6d 69 73 63 2f 77 69 66 69 2f 73 6f 63 6b 65 74 73 2f 77 70 61 5f 63 74 72 6c ...
03-03 15:02:30.763 I/WifiHW  (  506): EVENT: IFNAME=wlan0 CTRL-EVENT-BSS-ADDED 3298 e4:d3:32:36:2e:54
03-03 15:02:30.763 D/wpa_supplicant(  659): wlan0: BSS: Add new id 3302 BSSID 00:0f:e2:0f:9f:c1 SSID '321_WAN'
03-03 15:02:30.763 D/wpa_supplicant(  659): CTRL_IFACE monitor send - hexdump(len=39): 2f 64 61 74 61 2f 6d 69 73 63 2f 77 69 66 69 2f 73 6f 63 6b 65 74 73 2f 77 70 61 5f 63 74 72 6c ...
03-03 15:02:30.763 I/WifiHW  (  506): EVENT: IFNAME=wlan0 CTRL-EVENT-BSS-ADDED 3299 cc:34:29:2c:fb:ec
03-03 15:02:30.763 D/wpa_supplicant(  659): wlan0: BSS: Add new id 3303 BSSID 7a:24:af:24:0f:48 SSID 'DIRECT-'
03-03 15:02:30.763 D/wpa_supplicant(  659): CTRL_IFACE monitor send - hexdump(len=39): 2f 64 61 74 61 2f 6d 69 73 63 2f 77 69 66 69 2f 73 6f 63 6b 65 74 73 2f 77 70 61 5f 63 74 72 6c ...
03-03 15:02:30.763 I/WifiHW  (  506): EVENT: IFNAME=wlan0 CTRL-EVENT-BSS-ADDED 3300 cc:34:29:2b:26:4c
03-03 15:02:30.763 D/wpa_supplicant(  659): wlan0: BSS: Add new id 3304 BSSID 44:94:fc:3d:da:38 SSID '6300'
03-03 15:02:30.763 D/wpa_supplicant(  659): CTRL_IFACE monitor send - hexdump(len=39): 2f 64 61 74 61 2f 6d 69 73 63 2f 77 69 66 69 2f 73 6f 63 6b 65 74 73 2f 77 70 61 5f 63 74 72 6c ...
03-03 15:02:30.763 I/WifiHW  (  506): EVENT: IFNAME=wlan0 CTRL-EVENT-BSS-ADDED 3301 cc:b2:55:e2:84:70
03-03 15:02:30.763 D/wpa_supplicant(  659): wlan0: BSS: Add new id 3305 BSSID 02:09:4c:3e:43:ae SSID 'DIRECT-'
03-03 15:02:30.763 I/WifiHW  (  506): EVENT: IFNAME=wlan0 CTRL-EVENT-BSS-ADDED 3302 00:0f:e2:0f:9f:c1
03-03 15:02:30.763 D/wpa_supplicant(  659): CTRL_IFACE monitor send - hexdump(len=39): 2f 64 61 74 61 2f 6d 69 73 63 2f 77 69 66 69 2f 73 6f 63 6b 65 74 73 2f 77 70 61 5f 63 74 72 6c ...
03-03 15:02:30.763 D/wpa_supplicant(  659): wlan0: BSS: Add new id 3306 BSSID c0:c1:c0:76:81:3c SSID 'E2000'
03-03 15:02:30.763 I/WifiHW  (  506): EVENT: IFNAME=wlan0 CTRL-EVENT-BSS-ADDED 3303 7a:24:af:24:0f:48
03-03 15:02:30.763 D/wpa_supplicant(  659): CTRL_IFACE monitor send - hexdump(len=39): 2f 64 61 74 61 2f 6d 69 73 63 2f 77 69 66 69 2f 73 6f 63 6b 65 74 73 2f 77 70 61 5f 63 74 72 6c ...
03-03 15:02:30.763 D/wpa_supplicant(  659): wlan0: BSS: Add new id 3307 BSSID 50:bd:5f:4b:29:92 SSID 'Internet-2'
03-03 15:02:30.763 I/WifiHW  (  506): EVENT: IFNAME=wlan0 CTRL-EVENT-BSS-ADDED 3304 44:94:fc:3d:da:38
03-03 15:02:30.763 D/wpa_supplicant(  659): CTRL_IFACE monitor send - hexdump(len=39): 2f 64 61 74 61 2f 6d 69 73 63 2f 77 69 66 69 2f 73 6f 63 6b 65 74 73 2f 77 70 61 5f 63 74 72 6c ...
03-03 15:02:30.763 D/wpa_supplicant(  659): wlan0: BSS: Add new id 3308 BSSID e4:d3:32:dd:18:62 SSID 'Internet'
03-03 15:02:30.763 I/WifiHW  (  506): EVENT: IFNAME=wlan0 CTRL-EVENT-BSS-ADDED 3305 02:09:4c:3e:43:ae
03-03 15:02:30.763 D/wpa_supplicant(  659): CTRL_IFACE monitor send - hexdump(len=39): 2f 64 61 74 61 2f 6d 69 73 63 2f 77 69 66 69 2f 73 6f 63 6b 65 74 73 2f 77 70 61 5f 63 74 72 6c ...
03-03 15:02:30.763 D/wpa_supplicant(  659): BSS: last_scan_res_used=17/32 last_scan_full=0
03-03 15:02:30.763 D/wpa_supplicant(  659): wlan0: New scan results available
03-03 15:02:30.763 I/WifiHW  (  506): EVENT: IFNAME=wlan0 CTRL-EVENT-BSS-ADDED 3306 c0:c1:c0:76:81:3c
03-03 15:02:30.763 D/wpa_supplicant(  659): CTRL_IFACE monitor send - hexdump(len=39): 2f 64 61 74 61 2f 6d 69 73 63 2f 77 69 66 69 2f 73 6f 63 6b 65 74 73 2f 77 70 61 5f 63 74 72 6c ...
03-03 15:02:30.763 D/wpa_supplicant(  659): CTRL_IFACE monitor send - hexdump(len=39): 2f 64 61 74 61 2f 6d 69 73 63 2f 77 69 66 69 2f 73 6f 63 6b 65 74 73 2f 77 70 61 5f 63 74 72 6c ...
03-03 15:02:30.763 D/wpa_supplicant(  659): Authorize channel 1
03-03 15:02:30.763 D/wpa_supplicant(  659): Authorize channel 2
03-03 15:02:30.763 D/wpa_supplicant(  659): Authorize channel 3
03-03 15:02:30.763 D/wpa_supplicant(  659): Authorize channel 4
03-03 15:02:30.763 D/wpa_supplicant(  659): Authorize channel 5
03-03 15:02:30.763 D/wpa_supplicant(  659): Authorize channel 6
03-03 15:02:30.763 D/wpa_supplicant(  659): Authorize channel 7
03-03 15:02:30.763 D/wpa_supplicant(  659): Authorize channel 8
03-03 15:02:30.763 D/wpa_supplicant(  659): Authorize channel 9
03-03 15:02:30.763 D/wpa_supplicant(  659): Authorize channel 10
03-03 15:02:30.763 D/wpa_supplicant(  659): Authorize channel 11
03-03 15:02:30.763 D/wpa_supplicant(  659): Authorize channel 12
03-03 15:02:30.763 D/wpa_supplicant(  659): Authorize channel 13
03-03 15:02:30.763 D/wpa_supplicant(  659): Authorize channel 1
03-03 15:02:30.763 D/wpa_supplicant(  659): Authorize channel 2
03-03 15:02:30.763 D/wpa_supplicant(  659): Authorize channel 3
03-03 15:02:30.763 D/wpa_supplicant(  659): Authorize channel 4
03-03 15:02:30.763 D/wpa_supplicant(  659): Authorize channel 5
03-03 15:02:30.763 D/wpa_supplicant(  659): Authorize channel 6
03-03 15:02:30.763 D/wpa_supplicant(  659): Authorize channel 7
03-03 15:02:30.763 D/wpa_supplicant(  659): Authorize channel 8
03-03 15:02:30.763 D/wpa_supplicant(  659): Authorize channel 9
03-03 15:02:30.763 D/wpa_supplicant(  659): Authorize channel 10
03-03 15:02:30.763 D/wpa_supplicant(  659): Authorize channel 11
03-03 15:02:30.763 D/wpa_supplicant(  659): Authorize channel 12
03-03 15:02:30.763 D/wpa_supplicant(  659): Authorize channel 13
03-03 15:02:30.763 D/wpa_supplicant(  659): Add access point on channel 6
03-03 15:02:30.763 D/wpa_supplicant(  659): Add access point on channel 6
03-03 15:02:30.763 D/wpa_supplicant(  659): Add access point on channel 1
03-03 15:02:30.763 D/wpa_supplicant(  659): Add access point on channel 7
03-03 15:02:30.763 D/wpa_supplicant(  659): Add access point on channel 11
03-03 15:02:30.763 D/wpa_supplicant(  659): Add access point on channel 6
03-03 15:02:30.763 D/wpa_supplicant(  659): Add access point on channel 13
03-03 15:02:30.763 D/wpa_supplicant(  659): Add access point on channel 1
03-03 15:02:30.763 D/wpa_supplicant(  659): Add access point on channel 11
03-03 15:02:30.763 D/wpa_supplicant(  659): Add access point on channel 8
03-03 15:02:30.763 D/wpa_supplicant(  659): Add access point on channel 11
03-03 15:02:30.763 D/wpa_supplicant(  659): Add access point on channel 1
03-03 15:02:30.763 D/wpa_supplicant(  659): Add access point on channel 11
03-03 15:02:30.763 D/wpa_supplicant(  659): Add access point on channel 1
03-03 15:02:30.763 D/wpa_supplicant(  659): Add access point on channel 11
03-03 15:02:30.763 D/wpa_supplicant(  659): Add access point on channel 6
03-03 15:02:30.763 D/wpa_supplicant(  659): Add access point on channel 6
03-03 15:02:30.763 D/wpa_supplicant(  659): Best Operating channel is = 1
03-03 15:02:30.763 D/wpa_supplicant(  659): WPS: AP[0] 28:2c:b2:44:e4:00 type=0 tries=0 last_attempt=-1 sec ago blacklist=0
03-03 15:02:30.763 D/wpa_supplicant(  659): WPS: AP[1] 14:e6:e4:b8:85:76 type=0 tries=0 last_attempt=-1 sec ago blacklist=0
03-03 15:02:30.763 D/wpa_supplicant(  659): WPS: AP[2] 78:a1:06:55:fe:30 type=0 tries=0 last_attempt=-1 sec ago blacklist=0
03-03 15:02:30.763 D/wpa_supplicant(  659): WPS: AP[3] a8:15:4d:13:9a:08 type=0 tries=0 last_attempt=-1 sec ago blacklist=0
03-03 15:02:30.763 D/wpa_supplicant(  659): WPS: AP[4] 78:54:2e:f5:fb:9e type=0 tries=0 last_attempt=-1 sec ago blacklist=0
03-03 15:02:30.763 D/wpa_supplicant(  659): WPS: AP[5] 20:dc:e6:3f:eb:f2 type=0 tries=0 last_attempt=-1 sec ago blacklist=0
03-03 15:02:30.763 D/wpa_supplicant(  659): WPS: AP[6] 64:09:80:1e:91:78 type=0 tries=0 last_attempt=-1 sec ago blacklist=0
03-03 15:02:30.763 D/wpa_supplicant(  659): WPS: AP[7] ec:88:8f:6a:0c:a8 type=0 tries=0 last_attempt=-1 sec ago blacklist=0
03-03 15:02:30.763 D/wpa_supplicant(  659): WPS: AP[8] d0:15:4a:15:5d:1a type=0 tries=0 last_attempt=-1 sec ago blacklist=0
03-03 15:02:30.763 D/wpa_supplicant(  659): WPS: AP[9] 1c:fa:68:11:5a:b6 type=0 tries=0 last_attempt=-1 sec ago blacklist=0
03-03 15:02:30.763 D/wpa_supplicant(  659): WPS: AP[10] 8c:be:be:26:4b:8b type=0 tries=0 last_attempt=-1 sec ago blacklist=0
03-03 15:02:30.763 D/wpa_supplicant(  659): WPS: AP[11] 64:09:80:15:31:84 type=0 tries=0 last_attempt=-1 sec ago blacklist=0
03-03 15:02:30.763 D/wpa_supplicant(  659): WPS: AP[12] bc:d1:77:f3:0b:28 type=0 tries=0 last_attempt=-1 sec ago blacklist=0
03-03 15:02:30.763 D/wpa_supplicant(  659): WPS: AP[13] c0:61:18:4e:07:fc type=0 tries=0 last_attempt=-1 sec ago blacklist=0
03-03 15:02:30.763 D/wpa_supplicant(  659): WPS: AP[14] f4:ec:38:6d:cf:d6 type=0 tries=0 last_attempt=-1 sec ago blacklist=0
03-03 15:02:30.763 D/wpa_supplicant(  659): WPS: AP[15] e4:d3:32:0a:fb:34 type=0 tries=0 last_attempt=-1 sec ago blacklist=0
03-03 15:02:30.763 D/wpa_supplicant(  659): WPS: AP[16] 8c:be:be:28:2d:f8 type=0 tries=0 last_attempt=-1 sec ago blacklist=0
03-03 15:02:30.763 D/wpa_supplicant(  659): WPS: AP[17] d8:15:0d:c4:57:de type=0 tries=0 last_attempt=-1 sec ago blacklist=0
03-03 15:02:30.763 D/wpa_supplicant(  659): WPS: AP[18] 40:16:9f:9b:64:fa type=0 tries=0 last_attempt=-1 sec ago blacklist=0
03-03 15:02:30.763 D/wpa_supplicant(  659): WPS: AP[19] ec:1a:59:0b:f4:8c type=0 tries=0 last_attempt=-1 sec ago blacklist=0
03-03 15:02:30.763 D/wpa_supplicant(  659): WPS: AP[20] 10:c3:7b:d2:e5:e0 type=0 tries=0 last_attempt=-1 sec ago blacklist=0
03-03 15:02:30.763 D/wpa_supplicant(  659): WPS: AP[21] 44:94:fc:3d:da:38 type=0 tries=0 last_attempt=-1 sec ago blacklist=0
03-03 15:02:30.763 D/wpa_supplicant(  659): WPS: AP[22] f8:d1:11:e7:99:e8 type=0 tries=0 last_attempt=-1 sec ago blacklist=0
03-03 15:02:30.763 D/wpa_supplicant(  659): WPS: AP[23] cc:34:29:2b:26:4c type=0 tries=0 last_attempt=-1 sec ago blacklist=0
03-03 15:02:30.763 D/wpa_supplicant(  659): WPS: AP[24] cc:34:29:2c:fb:ec type=0 tries=0 last_attempt=-1 sec ago blacklist=0
03-03 15:02:30.763 I/WifiHW  (  506): EVENT: IFNAME=wlan0 CTRL-EVENT-BSS-ADDED 3307 50:bd:5f:4b:29:92
03-03 15:02:30.763 D/wpa_supplicant(  659): WPS: AP[25] 98:fc:11:81:35:fb type=0 tries=0 last_attempt=-1 sec ago blacklist=0
03-03 15:02:30.763 D/wpa_supplicant(  659): WPS: AP[26] c0:c1:c0:76:81:3c type=0 tries=0 last_attempt=-1 sec ago blacklist=0
03-03 15:02:30.763 D/wpa_supplicant(  659): WPS: AP[27] 10:9f:a9:dc:b1:fc type=0 tries=0 last_attempt=-1 sec ago blacklist=0
03-03 15:02:30.763 D/wpa_supplicant(  659): WPS: AP[28] b0:48:7a:51:ff:cc type=0 tries=0 last_attempt=-1 sec ago blacklist=0
03-03 15:02:30.763 D/wpa_supplicant(  659): WPS: AP[29] e4:d3:32:36:2e:54 type=0 tries=0 last_attempt=-1 sec ago blacklist=0
03-03 15:02:30.763 D/wpa_supplicant(  659): WPS: AP[30] 14:d6:4d:28:ef:c8 type=0 tries=0 last_attempt=-1 sec ago blacklist=0
03-03 15:02:30.763 D/wpa_supplicant(  659): WPS: AP[31] c0:a0:bb:20:3b:84 type=0 tries=0 last_attempt=-1 sec ago blacklist=0
03-03 15:02:30.763 I/WifiHW  (  506): EVENT: IFNAME=wlan0 CTRL-EVENT-BSS-ADDED 3308 e4:d3:32:dd:18:62
03-03 15:02:30.763 D/wpa_supplicant(  659): WPS: AP[32] 2c:b0:5d:7f:f4:24 type=0 tries=0 last_attempt=-1 sec ago blacklist=0
03-03 15:02:30.763 D/wpa_supplicant(  659): WPS: AP[33] 9c:21:6a:0d:eb:72 type=0 tries=0 last_attempt=-1 sec ago blacklist=0
03-03 15:02:30.763 D/wpa_supplicant(  659): WPS: AP[34] 66:09:80:d9:a2:5d type=0 tries=0 last_attempt=-1 sec ago blacklist=0
03-03 15:02:30.763 D/wpa_supplicant(  659): WPS: AP[35] 7a:ff:57:00:13:8e type=0 tries=0 last_attempt=-1 sec ago blacklist=0
03-03 15:02:30.763 D/wpa_supplicant(  659): WPS: AP[36] 7a:ff:57:00:14:32 type=0 tries=0 last_attempt=-1 sec ago blacklist=0
03-03 15:02:30.763 D/wpa_supplicant(  659): WPS: AP[37] 02:13:20:ff:b6:3c type=0 tries=0 last_attempt=-1 sec ago blacklist=0
03-03 15:02:30.763 D/wpa_supplicant(  659): WPS: AP[38] 02:1e:67:80:2b:36 type=0 tries=0 last_attempt=-1 sec ago blacklist=0
03-03 15:02:30.763 I/WifiHW  (  506): EVENT: IFNAME=wlan0 CTRL-EVENT-SCAN-RESULTS 
03-03 15:02:30.763 D/wpa_supplicant(  659): WPS: AP[39] 02:09:4c:4f:4c:0a type=0 tries=0 last_attempt=-1 sec ago blacklist=0
03-03 15:02:30.763 D/wpa_supplicant(  659): wlan0: Selecting BSS from priority group 20
03-03 15:02:30.763 D/wpa_supplicant(  659): wlan0: 0: c8:d7:19:60:62:f2 ssid='E3000-2.4G' wpa_ie_len=0 rsn_ie_len=20 caps=0x411 level=-44
03-03 15:02:30.763 D/wpa_supplicant(  659): wlan0:    skip - SSID mismatch
03-03 15:02:30.763 D/wpa_supplicant(  659): wlan0: 1: f8:d1:11:e7:99:e8 ssid='videotest' wpa_ie_len=22 rsn_ie_len=20 caps=0x531 level=-51 wps
03-03 15:02:30.763 D/wpa_supplicant(  659): wlan0:    skip - SSID mismatch
03-03 15:02:30.763 I/WifiHW  (  506): EVENT: IFNAME=wlan0 WPS-AP-AVAILABLE 
03-03 15:02:30.763 D/wpa_supplicant(  659): wlan0: 2: 98:fc:11:81:35:fb ssid='E2000EE' wpa_ie_len=0 rsn_ie_len=20 caps=0x411 level=-60 wps
03-03 15:02:30.763 D/wpa_supplicant(  659): wlan0:    skip - SSID mismatch
03-03 15:02:30.763 D/wpa_supplicant(  659): wlan0: 3: 90:94:e4:03:45:f5 ssid='DAP-2553_D' wpa_ie_len=0 rsn_ie_len=24 caps=0x431 level=-61
03-03 15:02:30.763 D/wpa_supplicant(  659): wlan0:    skip - SSID mismatch
03-03 15:02:30.763 D/wpa_supplicant(  659): wlan0: 4: 10:c3:7b:d2:e5:e0 ssid='ASUS_RT-AC66U-2.4G' wpa_ie_len=0 rsn_ie_len=20 caps=0x411 level=-62 wps
03-03 15:02:30.763 D/wpa_supplicant(  659): wlan0:    skip - SSID mismatch
03-03 15:02:30.763 I/WifiHW  (  506): CMD: IFNAME=wlan0 BSS RANGE=0- MASK=0x21987
03-03 15:02:30.763 D/wpa_supplicant(  659): wlan0: 5: 02:1a:11:f3:82:d3 ssid='io1' wpa_ie_len=0 rsn_ie_len=20 caps=0x431 level=-66
03-03 15:02:30.763 D/wpa_supplicant(  659): wlan0:    skip - SSID mismatch
03-03 15:02:30.763 D/wpa_supplicant(  659): wlan0: 6: e4:d3:32:36:2e:54 ssid='otc' wpa_ie_len=26 rsn_ie_len=24 caps=0x411 level=-66 wps
03-03 15:02:30.763 D/wpa_supplicant(  659): wlan0:    skip - SSID mismatch
03-03 15:02:30.763 D/wpa_supplicant(  659): wlan0: 7: cc:34:29:2c:fb:ec ssid='linksys' wpa_ie_len=22 rsn_ie_len=20 caps=0x431 level=-67 wps
03-03 15:02:30.763 D/wpa_supplicant(  659): wlan0:    skip - SSID mismatch
03-03 15:02:30.763 D/wpa_supplicant(  659): wlan0: 8: cc:34:29:2b:26:4c ssid='cws-test' wpa_ie_len=0 rsn_ie_len=20 caps=0x431 level=-67 wps
03-03 15:02:30.763 D/wpa_supplicant(  659): wlan0:    skip - SSID mismatch
03-03 15:02:30.763 D/wpa_supplicant(  659): wlan0: 9: cc:b2:55:e2:84:70 ssid='DLINK_APK' wpa_ie_len=22 rsn_ie_len=20 caps=0x411 level=-70
03-03 15:02:30.763 D/wpa_supplicant(  659): wlan0:    skip - SSID mismatch
03-03 15:02:30.763 D/wpa_supplicant(  659): wlan0: 10: 00:0f:e2:0f:9f:c1 ssid='321_WAN' wpa_ie_len=28 rsn_ie_len=24 caps=0x411 level=-82
03-03 15:02:30.763 D/wpa_supplicant(  659): wlan0:    skip - SSID mismatch
03-03 15:02:30.763 D/wpa_supplicant(  659): wlan0: 11: 7a:24:af:24:0f:48 ssid='DIRECT-' wpa_ie_len=0 rsn_ie_len=0 caps=0x410 level=-57
03-03 15:02:30.763 D/wpa_supplicant(  659): wlan0:    skip - SSID mismatch
03-03 15:02:30.763 D/wpa_supplicant(  659): wlan0: 12: 44:94:fc:3d:da:38 ssid='6300' wpa_ie_len=0 rsn_ie_len=0 caps=0x411 level=-60
03-03 15:02:30.763 D/wpa_supplicant(  659): wlan0:    skip - SSID mismatch
03-03 15:02:30.763 D/wpa_supplicant(  659): wlan0: 13: 02:09:4c:3e:43:ae ssid='DIRECT-' wpa_ie_len=0 rsn_ie_len=0 caps=0x410 level=-74
03-03 15:02:30.763 D/wpa_supplicant(  659): wlan0:    skip - SSID mismatch
03-03 15:02:30.763 D/wpa_supplicant(  659): wlan0: 14: c0:c1:c0:76:81:3c ssid='E2000' wpa_ie_len=0 rsn_ie_len=0 caps=0x401 level=-53 wps
03-03 15:02:30.763 D/wpa_supplicant(  659): wlan0:    skip - SSID mismatch
03-03 15:02:30.763 D/wpa_supplicant(  659): wlan0: 15: 50:bd:5f:4b:29:92 ssid='Internet-2' wpa_ie_len=0 rsn_ie_len=0 caps=0x421 level=-61
03-03 15:02:30.763 D/wpa_supplicant(  659): wlan0:    skip - SSID mismatch
03-03 15:02:30.763 D/wpa_supplicant(  659): wlan0: 16: e4:d3:32:dd:18:62 ssid='Internet' wpa_ie_len=0 rsn_ie_len=0 caps=0x421 level=-78
03-03 15:02:30.763 D/wpa_supplicant(  659): wlan0:    skip - SSID mismatch
03-03 15:02:30.763 D/wpa_supplicant(  659): wlan0: Selecting BSS from priority group 19
03-03 15:02:30.763 D/wpa_supplicant(  659): wlan0: 0: c8:d7:19:60:62:f2 ssid='E3000-2.4G' wpa_ie_len=0 rsn_ie_len=20 caps=0x411 level=-44
03-03 15:02:30.763 D/wpa_supplicant(  659): wlan0:    skip - SSID mismatch
03-03 15:02:30.763 D/wpa_supplicant(  659): wlan0: 1: f8:d1:11:e7:99:e8 ssid='videotest' wpa_ie_len=22 rsn_ie_len=20 caps=0x531 level=-51 wps
03-03 15:02:30.763 D/wpa_supplicant(  659): wlan0:    skip - SSID mismatch
03-03 15:02:30.763 D/wpa_supplicant(  659): wlan0: 2: 98:fc:11:81:35:fb ssid='E2000EE' wpa_ie_len=0 rsn_ie_len=20 caps=0x411 level=-60 wps
03-03 15:02:30.763 D/wpa_supplicant(  659): wlan0:    skip - SSID mismatch
03-03 15:02:30.763 D/wpa_supplicant(  659): wlan0: 3: 90:94:e4:03:45:f5 ssid='DAP-2553_D' wpa_ie_len=0 rsn_ie_len=24 caps=0x431 level=-61
03-03 15:02:30.763 D/wpa_supplicant(  659): wlan0:    skip - SSID mismatch
03-03 15:02:30.763 D/wpa_supplicant(  659): wlan0: 4: 10:c3:7b:d2:e5:e0 ssid='ASUS_RT-AC66U-2.4G' wpa_ie_len=0 rsn_ie_len=20 caps=0x411 level=-62 wps
03-03 15:02:30.763 D/wpa_supplicant(  659): wlan0:    skip - SSID mismatch
03-03 15:02:30.763 D/wpa_supplicant(  659): wlan0: 5: 02:1a:11:f3:82:d3 ssid='io1' wpa_ie_len=0 rsn_ie_len=20 caps=0x431 level=-66
03-03 15:02:30.763 D/wpa_supplicant(  659): wlan0:    skip - SSID mismatch
03-03 15:02:30.763 D/wpa_supplicant(  659): wlan0: 6: e4:d3:32:36:2e:54 ssid='otc' wpa_ie_len=26 rsn_ie_len=24 caps=0x411 level=-66 wps
03-03 15:02:30.763 D/wpa_supplicant(  659): wlan0:    skip - SSID mismatch
03-03 15:02:30.763 D/wpa_supplicant(  659): wlan0: 7: cc:34:29:2c:fb:ec ssid='linksys' wpa_ie_len=22 rsn_ie_len=20 caps=0x431 level=-67 wps
03-03 15:02:30.763 D/wpa_supplicant(  659): wlan0:    skip - SSID mismatch
03-03 15:02:30.763 D/wpa_supplicant(  659): wlan0: 8: cc:34:29:2b:26:4c ssid='cws-test' wpa_ie_len=0 rsn_ie_len=20 caps=0x431 level=-67 wps
03-03 15:02:30.763 D/wpa_supplicant(  659): wlan0:    skip - SSID mismatch
03-03 15:02:30.763 D/wpa_supplicant(  659): wlan0: 9: cc:b2:55:e2:84:70 ssid='DLINK_APK' wpa_ie_len=22 rsn_ie_len=20 caps=0x411 level=-70
03-03 15:02:30.763 D/wpa_supplicant(  659): wlan0:    skip - SSID mismatch
03-03 15:02:30.763 D/wpa_supplicant(  659): wlan0: 10: 00:0f:e2:0f:9f:c1 ssid='321_WAN' wpa_ie_len=28 rsn_ie_len=24 caps=0x411 level=-82
03-03 15:02:30.763 D/wpa_supplicant(  659): wlan0:    skip - SSID mismatch
03-03 15:02:30.763 D/wpa_supplicant(  659): wlan0: 11: 7a:24:af:24:0f:48 ssid='DIRECT-' wpa_ie_len=0 rsn_ie_len=0 caps=0x410 level=-57
03-03 15:02:30.763 D/wpa_supplicant(  659): wlan0:    skip - SSID mismatch
03-03 15:02:30.763 D/wpa_supplicant(  659): wlan0: 12: 44:94:fc:3d:da:38 ssid='6300' wpa_ie_len=0 rsn_ie_len=0 caps=0x411 level=-60
03-03 15:02:30.763 D/wpa_supplicant(  659): wlan0:    skip - SSID mismatch
03-03 15:02:30.763 D/wpa_supplicant(  659): wlan0: 13: 02:09:4c:3e:43:ae ssid='DIRECT-' wpa_ie_len=0 rsn_ie_len=0 caps=0x410 level=-74
03-03 15:02:30.763 D/wpa_supplicant(  659): wlan0:    skip - SSID mismatch
03-03 15:02:30.763 D/wpa_supplicant(  659): wlan0: 14: c0:c1:c0:76:81:3c ssid='E2000' wpa_ie_len=0 rsn_ie_len=0 caps=0x401 level=-53 wps
03-03 15:02:30.763 D/wpa_supplicant(  659): wlan0:    skip - SSID mismatch
03-03 15:02:30.763 D/wpa_supplicant(  659): wlan0: 15: 50:bd:5f:4b:29:92 ssid='Internet-2' wpa_ie_len=0 rsn_ie_len=0 caps=0x421 level=-61
03-03 15:02:30.763 D/wpa_supplicant(  659): wlan0:    skip - SSID mismatch
03-03 15:02:30.763 D/wpa_supplicant(  659): wlan0: 16: e4:d3:32:dd:18:62 ssid='Internet' wpa_ie_len=0 rsn_ie_len=0 caps=0x421 level=-78
03-03 15:02:30.763 D/wpa_supplicant(  659): wlan0:    skip - SSID mismatch
03-03 15:02:30.763 D/wpa_supplicant(  659): wlan0: Selecting BSS from priority group 18
03-03 15:02:30.763 D/wpa_supplicant(  659): wlan0: 0: c8:d7:19:60:62:f2 ssid='E3000-2.4G' wpa_ie_len=0 rsn_ie_len=20 caps=0x411 level=-44
03-03 15:02:30.763 D/wpa_supplicant(  659): wlan0:    skip - SSID mismatch
03-03 15:02:30.763 D/wpa_supplicant(  659): wlan0: 1: f8:d1:11:e7:99:e8 ssid='videotest' wpa_ie_len=22 rsn_ie_len=20 caps=0x531 level=-51 wps
03-03 15:02:30.763 D/wpa_supplicant(  659): wlan0:    skip - SSID mismatch
03-03 15:02:30.763 D/wpa_supplicant(  659): wlan0: 2: 98:fc:11:81:35:fb ssid='E2000EE' wpa_ie_len=0 rsn_ie_len=20 caps=0x411 level=-60 wps
03-03 15:02:30.763 D/wpa_supplicant(  659): wlan0:    skip - SSID mismatch
03-03 15:02:30.763 D/wpa_supplicant(  659): wlan0: 3: 90:94:e4:03:45:f5 ssid='DAP-2553_D' wpa_ie_len=0 rsn_ie_len=24 caps=0x431 level=-61
03-03 15:02:30.763 D/wpa_supplicant(  659): wlan0:    skip - SSID mismatch
03-03 15:02:30.763 D/wpa_supplicant(  659): wlan0: 4: 10:c3:7b:d2:e5:e0 ssid='ASUS_RT-AC66U-2.4G' wpa_ie_len=0 rsn_ie_len=20 caps=0x411 level=-62 wps
03-03 15:02:30.763 D/wpa_supplicant(  659): wlan0:    skip - SSID mismatch
03-03 15:02:30.763 D/wpa_supplicant(  659): wlan0: 5: 02:1a:11:f3:82:d3 ssid='io1' wpa_ie_len=0 rsn_ie_len=20 caps=0x431 level=-66
03-03 15:02:30.763 D/wpa_supplicant(  659): wlan0:    skip - SSID mismatch
03-03 15:02:30.763 D/wpa_supplicant(  659): wlan0: 6: e4:d3:32:36:2e:54 ssid='otc' wpa_ie_len=26 rsn_ie_len=24 caps=0x411 level=-66 wps
03-03 15:02:30.763 D/wpa_supplicant(  659): wlan0:    skip - SSID mismatch
03-03 15:02:30.763 D/wpa_supplicant(  659): wlan0: 7: cc:34:29:2c:fb:ec ssid='linksys' wpa_ie_len=22 rsn_ie_len=20 caps=0x431 level=-67 wps
03-03 15:02:30.763 D/wpa_supplicant(  659): wlan0:    skip - SSID mismatch
03-03 15:02:30.763 D/wpa_supplicant(  659): wlan0: 8: cc:34:29:2b:26:4c ssid='cws-test' wpa_ie_len=0 rsn_ie_len=20 caps=0x431 level=-67 wps
03-03 15:02:30.763 D/wpa_supplicant(  659): wlan0:    skip - SSID mismatch
03-03 15:02:30.763 D/wpa_supplicant(  659): wlan0: 9: cc:b2:55:e2:84:70 ssid='DLINK_APK' wpa_ie_len=22 rsn_ie_len=20 caps=0x411 level=-70
03-03 15:02:30.763 D/wpa_supplicant(  659): wlan0:    skip - SSID mismatch
03-03 15:02:30.763 D/wpa_supplicant(  659): wlan0: 10: 00:0f:e2:0f:9f:c1 ssid='321_WAN' wpa_ie_len=28 rsn_ie_len=24 caps=0x411 level=-82
03-03 15:02:30.763 D/wpa_supplicant(  659): wlan0:    skip - SSID mismatch
03-03 15:02:30.763 D/wpa_supplicant(  659): wlan0: 11: 7a:24:af:24:0f:48 ssid='DIRECT-' wpa_ie_len=0 rsn_ie_len=0 caps=0x410 level=-57
03-03 15:02:30.763 D/wpa_supplicant(  659): wlan0:    skip - SSID mismatch
03-03 15:02:30.763 D/wpa_supplicant(  659): wlan0: 12: 44:94:fc:3d:da:38 ssid='6300' wpa_ie_len=0 rsn_ie_len=0 caps=0x411 level=-60
03-03 15:02:30.763 D/wpa_supplicant(  659): wlan0:    skip - SSID mismatch
03-03 15:02:30.763 D/wpa_supplicant(  659): wlan0: 13: 02:09:4c:3e:43:ae ssid='DIRECT-' wpa_ie_len=0 rsn_ie_len=0 caps=0x410 level=-74
03-03 15:02:30.763 D/wpa_supplicant(  659): wlan0:    skip - SSID mismatch
03-03 15:02:30.763 D/wpa_supplicant(  659): wlan0: 14: c0:c1:c0:76:81:3c ssid='E2000' wpa_ie_len=0 rsn_ie_len=0 caps=0x401 level=-53 wps
03-03 15:02:30.763 D/wpa_supplicant(  659): wlan0:    skip - SSID mismatch
03-03 15:02:30.763 D/wpa_supplicant(  659): wlan0: 15: 50:bd:5f:4b:29:92 ssid='Internet-2' wpa_ie_len=0 rsn_ie_len=0 caps=0x421 level=-61
03-03 15:02:30.763 D/wpa_supplicant(  659): wlan0:    skip - SSID mismatch
03-03 15:02:30.763 D/wpa_supplicant(  659): wlan0: 16: e4:d3:32:dd:18:62 ssid='Internet' wpa_ie_len=0 rsn_ie_len=0 caps=0x421 level=-78
03-03 15:02:30.763 D/wpa_supplicant(  659): wlan0:    skip - SSID mismatch
03-03 15:02:30.763 D/wpa_supplicant(  659): wlan0: Selecting BSS from priority group 17
03-03 15:02:30.763 D/wpa_supplicant(  659): wlan0: 0: c8:d7:19:60:62:f2 ssid='E3000-2.4G' wpa_ie_len=0 rsn_ie_len=20 caps=0x411 level=-44
03-03 15:02:30.763 D/wpa_supplicant(  659): wlan0:    skip - SSID mismatch
03-03 15:02:30.763 D/wpa_supplicant(  659): wlan0: 1: f8:d1:11:e7:99:e8 ssid='videotest' wpa_ie_len=22 rsn_ie_len=20 caps=0x531 level=-51 wps
03-03 15:02:30.763 D/wpa_supplicant(  659): wlan0:    skip - SSID mismatch
03-03 15:02:30.763 D/wpa_supplicant(  659): wlan0: 2: 98:fc:11:81:35:fb ssid='E2000EE' wpa_ie_len=0 rsn_ie_len=20 caps=0x411 level=-60 wps
03-03 15:02:30.763 D/wpa_supplicant(  659): wlan0:    skip - SSID mismatch
03-03 15:02:30.763 D/wpa_supplicant(  659): wlan0: 3: 90:94:e4:03:45:f5 ssid='DAP-2553_D' wpa_ie_len=0 rsn_ie_len=24 caps=0x431 level=-61
03-03 15:02:30.763 D/wpa_supplicant(  659): wlan0:    skip - SSID mismatch
03-03 15:02:30.763 D/wpa_supplicant(  659): wlan0: 4: 10:c3:7b:d2:e5:e0 ssid='ASUS_RT-AC66U-2.4G' wpa_ie_len=0 rsn_ie_len=20 caps=0x411 level=-62 wps
03-03 15:02:30.763 D/wpa_supplicant(  659): wlan0:    skip - SSID mismatch
03-03 15:02:30.763 D/wpa_supplicant(  659): wlan0: 5: 02:1a:11:f3:82:d3 ssid='io1' wpa_ie_len=0 rsn_ie_len=20 caps=0x431 level=-66
03-03 15:02:30.763 D/wpa_supplicant(  659): wlan0:    skip - SSID mismatch
03-03 15:02:30.763 D/wpa_supplicant(  659): wlan0: 6: e4:d3:32:36:2e:54 ssid='otc' wpa_ie_len=26 rsn_ie_len=24 caps=0x411 level=-66 wps
03-03 15:02:30.763 D/wpa_supplicant(  659): wlan0:    skip - SSID mismatch
03-03 15:02:30.763 D/wpa_supplicant(  659): wlan0: 7: cc:34:29:2c:fb:ec ssid='linksys' wpa_ie_len=22 rsn_ie_len=20 caps=0x431 level=-67 wps
03-03 15:02:30.763 D/wpa_supplicant(  659): wlan0:    skip - SSID mismatch
03-03 15:02:30.763 D/wpa_supplicant(  659): wlan0: 8: cc:34:29:2b:26:4c ssid='cws-test' wpa_ie_len=0 rsn_ie_len=20 caps=0x431 level=-67 wps
03-03 15:02:30.763 D/wpa_supplicant(  659): wlan0:    skip - SSID mismatch
03-03 15:02:30.763 D/wpa_supplicant(  659): wlan0: 9: cc:b2:55:e2:84:70 ssid='DLINK_APK' wpa_ie_len=22 rsn_ie_len=20 caps=0x411 level=-70
03-03 15:02:30.763 D/wpa_supplicant(  659): wlan0:    skip - SSID mismatch
03-03 15:02:30.763 D/wpa_supplicant(  659): wlan0: 10: 00:0f:e2:0f:9f:c1 ssid='321_WAN' wpa_ie_len=28 rsn_ie_len=24 caps=0x411 level=-82
03-03 15:02:30.763 D/wpa_supplicant(  659): wlan0:    skip - SSID mismatch
03-03 15:02:30.763 D/wpa_supplicant(  659): wlan0: 11: 7a:24:af:24:0f:48 ssid='DIRECT-' wpa_ie_len=0 rsn_ie_len=0 caps=0x410 level=-57
03-03 15:02:30.763 D/wpa_supplicant(  659): wlan0:    skip - SSID mismatch
03-03 15:02:30.763 D/wpa_supplicant(  659): wlan0: 12: 44:94:fc:3d:da:38 ssid='6300' wpa_ie_len=0 rsn_ie_len=0 caps=0x411 level=-60
03-03 15:02:30.763 D/wpa_supplicant(  659): wlan0:    skip - SSID mismatch
03-03 15:02:30.763 D/wpa_supplicant(  659): wlan0: 13: 02:09:4c:3e:43:ae ssid='DIRECT-' wpa_ie_len=0 rsn_ie_len=0 caps=0x410 level=-74
03-03 15:02:30.763 D/wpa_supplicant(  659): wlan0:    skip - SSID mismatch
03-03 15:02:30.763 D/wpa_supplicant(  659): wlan0: 14: c0:c1:c0:76:81:3c ssid='E2000' wpa_ie_len=0 rsn_ie_len=0 caps=0x401 level=-53 wps
03-03 15:02:30.763 D/wpa_supplicant(  659): wlan0:    skip - SSID mismatch
03-03 15:02:30.763 D/wpa_supplicant(  659): wlan0: 15: 50:bd:5f:4b:29:92 ssid='Internet-2' wpa_ie_len=0 rsn_ie_len=0 caps=0x421 level=-61
03-03 15:02:30.763 D/wpa_supplicant(  659): wlan0:    skip - SSID mismatch
03-03 15:02:30.763 D/wpa_supplicant(  659): wlan0: 16: e4:d3:32:dd:18:62 ssid='Internet' wpa_ie_len=0 rsn_ie_len=0 caps=0x421 level=-78
03-03 15:02:30.763 D/wpa_supplicant(  659): wlan0:    skip - SSID mismatch
03-03 15:02:30.763 D/wpa_supplicant(  659): wlan0: Selecting BSS from priority group 15
03-03 15:02:30.763 D/wpa_supplicant(  659): wlan0: 0: c8:d7:19:60:62:f2 ssid='E3000-2.4G' wpa_ie_len=0 rsn_ie_len=20 caps=0x411 level=-44
03-03 15:02:30.763 D/wpa_supplicant(  659): wlan0:    skip - SSID mismatch
03-03 15:02:30.763 D/wpa_supplicant(  659): wlan0: 1: f8:d1:11:e7:99:e8 ssid='videotest' wpa_ie_len=22 rsn_ie_len=20 caps=0x531 level=-51 wps
03-03 15:02:30.763 D/wpa_supplicant(  659): wlan0:    skip - SSID mismatch
03-03 15:02:30.763 D/wpa_supplicant(  659): wlan0: 2: 98:fc:11:81:35:fb ssid='E2000EE' wpa_ie_len=0 rsn_ie_len=20 caps=0x411 level=-60 wps
03-03 15:02:30.763 D/wpa_supplicant(  659): wlan0:    skip - SSID mismatch
03-03 15:02:30.763 D/wpa_supplicant(  659): wlan0: 3: 90:94:e4:03:45:f5 ssid='DAP-2553_D' wpa_ie_len=0 rsn_ie_len=24 caps=0x431 level=-61
03-03 15:02:30.763 D/wpa_supplicant(  659): wlan0:    skip - SSID mismatch
03-03 15:02:30.763 D/wpa_supplicant(  659): wlan0: 4: 10:c3:7b:d2:e5:e0 ssid='ASUS_RT-AC66U-2.4G' wpa_ie_len=0 rsn_ie_len=20 caps=0x411 level=-62 wps
03-03 15:02:30.763 D/wpa_supplicant(  659): wlan0:    skip - SSID mismatch
03-03 15:02:30.763 D/wpa_supplicant(  659): wlan0: 5: 02:1a:11:f3:82:d3 ssid='io1' wpa_ie_len=0 rsn_ie_len=20 caps=0x431 level=-66
03-03 15:02:30.763 D/wpa_supplicant(  659): wlan0:    skip - SSID mismatch
03-03 15:02:30.763 D/wpa_supplicant(  659): wlan0: 6: e4:d3:32:36:2e:54 ssid='otc' wpa_ie_len=26 rsn_ie_len=24 caps=0x411 level=-66 wps
03-03 15:02:30.763 D/wpa_supplicant(  659): wlan0:    skip - SSID mismatch
03-03 15:02:30.763 D/wpa_supplicant(  659): wlan0: 7: cc:34:29:2c:fb:ec ssid='linksys' wpa_ie_len=22 rsn_ie_len=20 caps=0x431 level=-67 wps
03-03 15:02:30.763 D/wpa_supplicant(  659): wlan0:    skip - SSID mismatch
03-03 15:02:30.763 D/wpa_supplicant(  659): wlan0: 8: cc:34:29:2b:26:4c ssid='cws-test' wpa_ie_len=0 rsn_ie_len=20 caps=0x431 level=-67 wps
03-03 15:02:30.763 D/wpa_supplicant(  659): wlan0:    skip - SSID mismatch
03-03 15:02:30.783 D/wpa_supplicant(  659): wlan0: 9: cc:b2:55:e2:84:70 ssid='DLINK_APK' wpa_ie_len=22 rsn_ie_len=20 caps=0x411 level=-70
03-03 15:02:30.783 D/wpa_supplicant(  659): wlan0:    skip - SSID mismatch
03-03 15:02:30.783 D/wpa_supplicant(  659): wlan0: 10: 00:0f:e2:0f:9f:c1 ssid='321_WAN' wpa_ie_len=28 rsn_ie_len=24 caps=0x411 level=-82
03-03 15:02:30.783 D/wpa_supplicant(  659): wlan0:    skip - SSID mismatch
03-03 15:02:30.783 D/wpa_supplicant(  659): wlan0: 11: 7a:24:af:24:0f:48 ssid='DIRECT-' wpa_ie_len=0 rsn_ie_len=0 caps=0x410 level=-57
03-03 15:02:30.783 D/wpa_supplicant(  659): wlan0:    skip - SSID mismatch
03-03 15:02:30.783 D/wpa_supplicant(  659): wlan0: 12: 44:94:fc:3d:da:38 ssid='6300' wpa_ie_len=0 rsn_ie_len=0 caps=0x411 level=-60
03-03 15:02:30.783 D/wpa_supplicant(  659): wlan0:    skip - SSID mismatch
03-03 15:02:30.783 D/wpa_supplicant(  659): wlan0: 13: 02:09:4c:3e:43:ae ssid='DIRECT-' wpa_ie_len=0 rsn_ie_len=0 caps=0x410 level=-74
03-03 15:02:30.783 D/wpa_supplicant(  659): wlan0:    skip - SSID mismatch
03-03 15:02:30.783 D/wpa_supplicant(  659): wlan0: 14: c0:c1:c0:76:81:3c ssid='E2000' wpa_ie_len=0 rsn_ie_len=0 caps=0x401 level=-53 wps
03-03 15:02:30.783 D/wpa_supplicant(  659): wlan0:    skip - SSID mismatch
03-03 15:02:30.783 D/wpa_supplicant(  659): wlan0: 15: 50:bd:5f:4b:29:92 ssid='Internet-2' wpa_ie_len=0 rsn_ie_len=0 caps=0x421 level=-61
03-03 15:02:30.783 D/wpa_supplicant(  659): wlan0:    skip - SSID mismatch
03-03 15:02:30.783 D/wpa_supplicant(  659): wlan0: 16: e4:d3:32:dd:18:62 ssid='Internet' wpa_ie_len=0 rsn_ie_len=0 caps=0x421 level=-78
03-03 15:02:30.783 D/wpa_supplicant(  659): wlan0:    skip - SSID mismatch
03-03 15:02:30.783 D/wpa_supplicant(  659): wlan0: Selecting BSS from priority group 4
03-03 15:02:30.783 D/wpa_supplicant(  659): wlan0: 0: c8:d7:19:60:62:f2 ssid='E3000-2.4G' wpa_ie_len=0 rsn_ie_len=20 caps=0x411 level=-44
03-03 15:02:30.783 D/wpa_supplicant(  659): wlan0:    skip - SSID mismatch
03-03 15:02:30.783 D/wpa_supplicant(  659): wlan0: 1: f8:d1:11:e7:99:e8 ssid='videotest' wpa_ie_len=22 rsn_ie_len=20 caps=0x531 level=-51 wps
03-03 15:02:30.783 D/wpa_supplicant(  659): wlan0:    skip - SSID mismatch
03-03 15:02:30.783 D/wpa_supplicant(  659): wlan0: 2: 98:fc:11:81:35:fb ssid='E2000EE' wpa_ie_len=0 rsn_ie_len=20 caps=0x411 level=-60 wps
03-03 15:02:30.783 D/wpa_supplicant(  659): wlan0:    skip - SSID mismatch
03-03 15:02:30.783 D/wpa_supplicant(  659): wlan0: 3: 90:94:e4:03:45:f5 ssid='DAP-2553_D' wpa_ie_len=0 rsn_ie_len=24 caps=0x431 level=-61
03-03 15:02:30.783 D/wpa_supplicant(  659): wlan0:    skip - SSID mismatch
03-03 15:02:30.783 D/wpa_supplicant(  659): wlan0: 4: 10:c3:7b:d2:e5:e0 ssid='ASUS_RT-AC66U-2.4G' wpa_ie_len=0 rsn_ie_len=20 caps=0x411 level=-62 wps
03-03 15:02:30.783 D/wpa_supplicant(  659): wlan0:    skip - SSID mismatch
03-03 15:02:30.783 D/wpa_supplicant(  659): wlan0: 5: 02:1a:11:f3:82:d3 ssid='io1' wpa_ie_len=0 rsn_ie_len=20 caps=0x431 level=-66
03-03 15:02:30.783 D/wpa_supplicant(  659): wlan0:    skip - SSID mismatch
03-03 15:02:30.783 D/wpa_supplicant(  659): wlan0: 6: e4:d3:32:36:2e:54 ssid='otc' wpa_ie_len=26 rsn_ie_len=24 caps=0x411 level=-66 wps
03-03 15:02:30.783 D/wpa_supplicant(  659): wlan0:    skip - SSID mismatch
03-03 15:02:30.783 D/wpa_supplicant(  659): wlan0: 7: cc:34:29:2c:fb:ec ssid='linksys' wpa_ie_len=22 rsn_ie_len=20 caps=0x431 level=-67 wps
03-03 15:02:30.783 D/wpa_supplicant(  659): wlan0:    skip - SSID mismatch
03-03 15:02:30.783 D/wpa_supplicant(  659): wlan0: 8: cc:34:29:2b:26:4c ssid='cws-test' wpa_ie_len=0 rsn_ie_len=20 caps=0x431 level=-67 wps
03-03 15:02:30.783 D/wpa_supplicant(  659): wlan0:    skip - SSID mismatch
03-03 15:02:30.783 D/wpa_supplicant(  659): wlan0: 9: cc:b2:55:e2:84:70 ssid='DLINK_APK' wpa_ie_len=22 rsn_ie_len=20 caps=0x411 level=-70
03-03 15:02:30.783 D/wpa_supplicant(  659): wlan0:    skip - SSID mismatch
03-03 15:02:30.783 D/wpa_supplicant(  659): wlan0: 10: 00:0f:e2:0f:9f:c1 ssid='321_WAN' wpa_ie_len=28 rsn_ie_len=24 caps=0x411 level=-82
03-03 15:02:30.783 D/wpa_supplicant(  659): wlan0:    skip - SSID mismatch
03-03 15:02:30.783 D/wpa_supplicant(  659): wlan0: 11: 7a:24:af:24:0f:48 ssid='DIRECT-' wpa_ie_len=0 rsn_ie_len=0 caps=0x410 level=-57
03-03 15:02:30.783 D/wpa_supplicant(  659): wlan0:    skip - SSID mismatch
03-03 15:02:30.783 D/wpa_supplicant(  659): wlan0: 12: 44:94:fc:3d:da:38 ssid='6300' wpa_ie_len=0 rsn_ie_len=0 caps=0x411 level=-60
03-03 15:02:30.783 D/wpa_supplicant(  659): wlan0:    skip - SSID mismatch
03-03 15:02:30.783 D/wpa_supplicant(  659): wlan0: 13: 02:09:4c:3e:43:ae ssid='DIRECT-' wpa_ie_len=0 rsn_ie_len=0 caps=0x410 level=-74
03-03 15:02:30.783 D/wpa_supplicant(  659): wlan0:    skip - SSID mismatch
03-03 15:02:30.783 D/wpa_supplicant(  659): wlan0: 14: c0:c1:c0:76:81:3c ssid='E2000' wpa_ie_len=0 rsn_ie_len=0 caps=0x401 level=-53 wps
03-03 15:02:30.783 D/wpa_supplicant(  659): wlan0:    skip - SSID mismatch
03-03 15:02:30.783 D/wpa_supplicant(  659): wlan0: 15: 50:bd:5f:4b:29:92 ssid='Internet-2' wpa_ie_len=0 rsn_ie_len=0 caps=0x421 level=-61
03-03 15:02:30.783 D/wpa_supplicant(  659): wlan0:    skip - SSID mismatch
03-03 15:02:30.783 D/wpa_supplicant(  659): wlan0: 16: e4:d3:32:dd:18:62 ssid='Internet' wpa_ie_len=0 rsn_ie_len=0 caps=0x421 level=-78
03-03 15:02:30.783 D/wpa_supplicant(  659): wlan0:    skip - SSID mismatch
03-03 15:02:30.783 D/wpa_supplicant(  659): wlan0: No suitable network found
03-03 15:02:30.783 D/wpa_supplicant(  659): wlan0: Setting scan request: 40 sec 0 usec
03-03 15:02:30.783 D/wpa_supplicant(  659): wlan0: Checking for other virtual interfaces sharing same radio (phy0) in event_scan_results
03-03 15:02:30.783 D/wpa_supplicant(  659): p2p-dev-wlan0: Updating scan results from sibling
03-03 15:02:30.783 D/wpa_supplicant(  659): nl80211: Received scan results (18 BSSes)
03-03 15:02:30.783 D/wpa_supplicant(  659): nl80211: Survey data missing
03-03 15:02:30.783 D/wpa_supplicant(  659): p2p-dev-wlan0: BSS: Start scan result update 1460
03-03 15:02:30.783 D/wpa_supplicant(  659): BSS: No P2P IE - skipping BSS c8:d7:19:60:62:f2 update for P2P interface
03-03 15:02:30.783 D/wpa_supplicant(  659): BSS: No P2P IE - skipping BSS f8:d1:11:e7:99:e8 update for P2P interface
03-03 15:02:30.783 D/wpa_supplicant(  659): BSS: No P2P IE - skipping BSS 98:fc:11:81:35:fb update for P2P interface
03-03 15:02:30.783 D/wpa_supplicant(  659): BSS: No P2P IE - skipping BSS 90:94:e4:03:45:f5 update for P2P interface
03-03 15:02:30.783 D/wpa_supplicant(  659): BSS: No P2P IE - skipping BSS 10:c3:7b:d2:e5:e0 update for P2P interface
03-03 15:02:30.783 D/wpa_supplicant(  659): BSS: No P2P IE - skipping BSS 02:1a:11:f3:82:d3 update for P2P interface
03-03 15:02:30.783 D/wpa_supplicant(  659): BSS: No P2P IE - skipping BSS e4:d3:32:36:2e:54 update for P2P interface
03-03 15:02:30.783 D/wpa_supplicant(  659): BSS: No P2P IE - skipping BSS cc:34:29:2c:fb:ec update for P2P interface
03-03 15:02:30.783 D/wpa_supplicant(  659): BSS: No P2P IE - skipping BSS cc:34:29:2b:26:4c update for P2P interface
03-03 15:02:30.783 D/wpa_supplicant(  659): BSS: No P2P IE - skipping BSS cc:b2:55:e2:84:70 update for P2P interface
03-03 15:02:30.783 D/wpa_supplicant(  659): BSS: No P2P IE - skipping BSS 00:0f:e2:0f:9f:c1 update for P2P interface
03-03 15:02:30.783 D/wpa_supplicant(  659): BSS: No P2P IE - skipping BSS 7a:24:af:24:0f:48 update for P2P interface
03-03 15:02:30.783 D/wpa_supplicant(  659): BSS: No P2P IE - skipping BSS 44:94:fc:3d:da:38 update for P2P interface
03-03 15:02:30.783 D/wpa_supplicant(  659): BSS: No P2P IE - skipping BSS 02:09:4c:3e:43:ae update for P2P interface
03-03 15:02:30.783 D/wpa_supplicant(  659): BSS: No P2P IE - skipping BSS c0:c1:c0:76:81:3c update for P2P interface
03-03 15:02:30.783 D/wpa_supplicant(  659): BSS: No P2P IE - skipping BSS 50:bd:5f:4b:29:92 update for P2P interface
03-03 15:02:30.783 D/wpa_supplicant(  659): BSS: No P2P IE - skipping BSS e4:d3:32:dd:18:62 update for P2P interface
03-03 15:02:30.783 D/wpa_supplicant(  659): BSS: last_scan_res_used=0/32 last_scan_full=0
03-03 15:02:30.783 D/wpa_supplicant(  659): p2p-dev-wlan0: New scan results available
03-03 15:02:30.783 D/wpa_supplicant(  659): CTRL_IFACE monitor send - hexdump(len=39): 2f 64 61 74 61 2f 6d 69 73 63 2f 77 69 66 69 2f 73 6f 63 6b 65 74 73 2f 77 70 61 5f 63 74 72 6c ...
03-03 15:02:30.783 D/wpa_supplicant(  659): WPS: AP[0] c8:d7:19:60:62:f2 type=0 tries=0 last_attempt=-1 sec ago blacklist=0
03-03 15:02:30.783 I/WifiHW  (  506): EVENT: IFNAME=p2p-dev-wlan0 CTRL-EVENT-SCAN-RESULTS 
03-03 15:02:30.783 D/wpa_supplicant(  659): WPS: AP[1] f8:d1:11:e7:99:e8 type=0 tries=0 last_attempt=-1 sec ago blacklist=0
03-03 15:02:30.783 D/wpa_supplicant(  659): WPS: AP[2] cc:34:29:2c:fb:ec type=0 tries=0 last_attempt=-1 sec ago blacklist=0
03-03 15:02:30.783 D/wpa_supplicant(  659): WPS: AP[3] 10:c3:7b:d2:e5:e0 type=0 tries=0 last_attempt=-1 sec ago blacklist=0
03-03 15:02:30.783 D/wpa_supplicant(  659): WPS: AP[4] cc:34:29:2b:26:4c type=0 tries=0 last_attempt=-1 sec ago blacklist=0
03-03 15:02:30.783 D/wpa_supplicant(  659): WPS: AP[5] 44:94:fc:3d:da:38 type=0 tries=0 last_attempt=-1 sec ago blacklist=0
03-03 15:02:30.783 D/wpa_supplicant(  659): WPS: AP[6] b0:48:7a:51:ff:cc type=0 tries=0 last_attempt=-1 sec ago blacklist=0
03-03 15:02:30.783 D/wpa_supplicant(  659): WPS: AP[7] c0:c1:c0:76:81:3c type=0 tries=0 last_attempt=-1 sec ago blacklist=0
03-03 15:02:30.783 D/wpa_supplicant(  659): WPS: AP[8] 10:9f:a9:dc:b1:fc type=0 tries=0 last_attempt=-1 sec ago blacklist=0
03-03 15:02:30.783 D/wpa_supplicant(  659): WPS: AP[9] 98:fc:11:81:35:fb type=0 tries=0 last_attempt=-1 sec ago blacklist=0
03-03 15:02:30.783 D/wpa_supplicant(  659): WPS: AP[10] e4:d3:32:36:2e:54 type=0 tries=0 last_attempt=-1 sec ago blacklist=0
03-03 15:02:30.783 D/wpa_supplicant(  659): WPS: AP[11] c0:a0:bb:20:3b:84 type=0 tries=0 last_attempt=-1 sec ago blacklist=0
03-03 15:02:30.783 D/wpa_supplicant(  659): WPS: AP[12] 14:d6:4d:28:ef:c8 type=0 tries=0 last_attempt=-1 sec ago blacklist=0
03-03 15:02:30.783 D/wpa_supplicant(  659): WPS: AP[13] 2c:b0:5d:7f:f4:24 type=0 tries=0 last_attempt=-1 sec ago blacklist=0
03-03 15:02:30.783 D/wpa_supplicant(  659): WPS: AP[14] 9c:21:6a:0d:eb:72 type=0 tries=0 last_attempt=-1 sec ago blacklist=0
03-03 15:02:30.783 D/wpa_supplicant(  659): WPS: AP[15] 28:2c:b2:44:e4:00 type=0 tries=0 last_attempt=-1 sec ago blacklist=0
03-03 15:02:30.783 D/wpa_supplicant(  659): WPS: AP[16] 78:a1:06:55:fe:30 type=0 tries=0 last_attempt=-1 sec ago blacklist=0
03-03 15:02:30.783 D/wpa_supplicant(  659): WPS: AP[17] c0:61:18:21:8c:ce type=0 tries=0 last_attempt=-1 sec ago blacklist=0
03-03 15:02:30.783 D/wpa_supplicant(  659): WPS: AP[18] 78:54:2e:f5:fb:9e type=0 tries=0 last_attempt=-1 sec ago blacklist=0
03-03 15:02:30.783 D/wpa_supplicant(  659): WPS: AP[19] a8:15:4d:13:9a:08 type=0 tries=0 last_attempt=-1 sec ago blacklist=0
03-03 15:02:30.783 D/wpa_supplicant(  659): WPS: AP[20] 20:dc:e6:3f:eb:f2 type=0 tries=0 last_attempt=-1 sec ago blacklist=0
03-03 15:02:30.783 D/wpa_supplicant(  659): WPS: AP[21] 6c:e8:73:29:30:22 type=0 tries=0 last_attempt=-1 sec ago blacklist=0
03-03 15:02:30.783 D/wpa_supplicant(  659): WPS: AP[22] 14:e6:e4:b8:85:76 type=0 tries=0 last_attempt=-1 sec ago blacklist=0
03-03 15:02:30.783 D/wpa_supplicant(  659): WPS: AP[23] 64:09:80:1e:91:78 type=0 tries=0 last_attempt=-1 sec ago blacklist=0
03-03 15:02:30.783 D/wpa_supplicant(  659): WPS: AP[24] ec:88:8f:6a:0c:a8 type=0 tries=0 last_attempt=-1 sec ago blacklist=0
03-03 15:02:30.783 D/wpa_supplicant(  659): WPS: AP[25] d0:15:4a:15:5d:1a type=0 tries=0 last_attempt=-1 sec ago blacklist=0
03-03 15:02:30.783 D/wpa_supplicant(  659): WPS: AP[26] 1c:fa:68:11:5a:b6 type=0 tries=0 last_attempt=-1 sec ago blacklist=0
03-03 15:02:30.783 D/wpa_supplicant(  659): WPS: AP[27] 8c:be:be:26:4b:8b type=0 tries=0 last_attempt=-1 sec ago blacklist=0
03-03 15:02:30.783 D/wpa_supplicant(  659): WPS: AP[28] 64:09:80:15:31:84 type=0 tries=0 last_attempt=-1 sec ago blacklist=0
03-03 15:02:30.783 D/wpa_supplicant(  659): WPS: AP[29] bc:d1:77:f3:0b:28 type=0 tries=0 last_attempt=-1 sec ago blacklist=0
03-03 15:02:30.783 D/wpa_supplicant(  659): WPS: AP[30] c0:61:18:4e:07:fc type=0 tries=0 last_attempt=-1 sec ago blacklist=0
03-03 15:02:30.783 D/wpa_supplicant(  659): WPS: AP[31] f4:ec:38:6d:cf:d6 type=0 tries=0 last_attempt=-1 sec ago blacklist=0
03-03 15:02:30.783 D/wpa_supplicant(  659): WPS: AP[32] e4:d3:32:0a:fb:34 type=0 tries=0 last_attempt=-1 sec ago blacklist=0
03-03 15:02:30.783 D/wpa_supplicant(  659): WPS: AP[33] 8c:be:be:28:2d:f8 type=0 tries=0 last_attempt=-1 sec ago blacklist=0
03-03 15:02:30.783 D/wpa_supplicant(  659): WPS: AP[34] d8:15:0d:c4:57:de type=0 tries=0 last_attempt=-1 sec ago blacklist=0
03-03 15:02:30.783 D/wpa_supplicant(  659): WPS: AP[35] 40:16:9f:9b:64:fa type=0 tries=0 last_attempt=-1 sec ago blacklist=0
03-03 15:02:30.783 D/wpa_supplicant(  659): WPS: AP[36] ec:1a:59:0b:f4:8c type=0 tries=0 last_attempt=-1 sec ago blacklist=0
03-03 15:02:30.783 D/wpa_supplicant(  659): WPS: AP[37] 66:09:80:d9:a2:5d type=0 tries=0 last_attempt=-1 sec ago blacklist=0
03-03 15:02:30.783 D/wpa_supplicant(  659): WPS: AP[38] 7a:ff:57:00:13:8e type=0 tries=0 last_attempt=-1 sec ago blacklist=0
03-03 15:02:30.783 D/wpa_supplicant(  659): WPS: AP[39] 7a:ff:57:00:14:32 type=0 tries=0 last_attempt=-1 sec ago blacklist=0
03-03 15:02:30.783 D/wpa_supplicant(  659): WPS: AP[40] 02:13:20:ff:b6:3c type=0 tries=0 last_attempt=-1 sec ago blacklist=0
03-03 15:02:30.783 D/wpa_supplicant(  659): WPS: AP[41] 02:1e:67:80:2b:36 type=0 tries=0 last_attempt=-1 sec ago blacklist=0
03-03 15:02:30.783 D/wpa_supplicant(  659): WPS: AP[42] 02:09:4c:4f:4c:0a type=0 tries=0 last_attempt=-1 sec ago blacklist=0
03-03 15:02:30.783 D/wpa_supplicant(  659): p2p-dev-wlan0: No suitable network found
03-03 15:02:30.783 D/wpa_supplicant(  659): p2p-dev-wlan0: Short-circuit new scan request since there are no enabled networks
03-03 15:02:30.783 D/wpa_supplicant(  659): p2p-dev-wlan0: State: INACTIVE -> INACTIVE
03-03 15:02:30.783 D/wpa_supplicant(  659): wlan0: P2P: Station mode scan operation not pending anymore (sta_scan_pending=0 p2p_cb_on_scan_complete=0)
03-03 15:02:30.783 D/wpa_supplicant(  659): RX ctrl_iface - hexdump(len=25): 42 53 53 20 52 41 4e 47 45 3d 30 2d 20 4d 41 53 4b 3d 30 78 32 31 39 38 37
03-03 15:02:30.783 D/wpa_supplicant(  659): wlan0: Control interface command 'BSS RANGE=0- MASK=0x21987'
03-03 15:02:30.783 D/wpa_supplicant(  659): RTM_NEWLINK: operstate=0 ifi_flags=0x11003 ([UP][LOWER_UP])
03-03 15:02:30.783 D/wpa_supplicant(  659): RTM_NEWLINK, IFLA_IFNAME: Interface 'wlan0' added
03-03 15:02:30.783 D/wpa_supplicant(  659): nl80211: if_removed already cleared - ignore event
03-03 15:02:30.783 I/WifiHW  (  506): REPLY: id=3292
03-03 15:02:30.783 I/WifiHW  (  506): REPLY: bssid=c8:d7:19:60:62:f2
03-03 15:02:30.783 I/WifiHW  (  506): REPLY: freq=2437
03-03 15:02:30.783 I/WifiHW  (  506): REPLY: level=-44
03-03 15:02:30.783 I/WifiHW  (  506): REPLY: tsf=0000278872555980
03-03 15:02:30.783 I/WifiHW  (  506): REPLY: flags=[WPA2-EAP-CCMP-preauth][ESS]
03-03 15:02:30.783 I/WifiHW  (  506): REPLY: ssid=E3000-2.4G
03-03 15:02:30.783 I/WifiHW  (  506): REPLY: ====
03-03 15:02:30.783 I/WifiHW  (  506): REPLY: id=3293
03-03 15:02:30.783 I/WifiHW  (  506): REPLY: bssid=f8:d1:11:e7:99:e8
03-03 15:02:30.783 I/WifiHW  (  506): REPLY: freq=2437
03-03 15:02:30.783 I/WifiHW  (  506): REPLY: level=-51
03-03 15:02:30.783 I/WifiHW  (  506): REPLY: tsf=0000278872555918
03-03 15:02:30.783 I/WifiHW  (  506): REPLY: flags=[WPA-PSK-CCMP][WPA2-PSK-CCMP][WPS][ESS]
03-03 15:02:30.783 I/WifiHW  (  506): REPLY: ssid=videotest
03-03 15:02:30.783 I/WifiHW  (  506): REPLY: ====
03-03 15:02:30.783 I/WifiHW  (  506): REPLY: id=3294
03-03 15:02:30.783 I/WifiHW  (  506): REPLY: bssid=98:fc:11:81:35:fb
03-03 15:02:30.783 I/WifiHW  (  506): REPLY: freq=2412
03-03 15:02:30.783 I/WifiHW  (  506): REPLY: level=-60
03-03 15:02:30.783 I/WifiHW  (  506): REPLY: tsf=0000278872555892
03-03 15:02:30.783 I/WifiHW  (  506): REPLY: flags=[WPA2-PSK-CCMP][WPS][ESS]
03-03 15:02:30.783 I/WifiHW  (  506): REPLY: ssid=E2000EE
03-03 15:02:30.783 I/WifiHW  (  506): REPLY: ====
03-03 15:02:30.783 I/WifiHW  (  506): REPLY: id=3295
03-03 15:02:30.783 I/WifiHW  (  506): REPLY: bssid=90:94:e4:03:45:f5
03-03 15:02:30.783 I/WifiHW  (  506): REPLY: freq=2442
03-03 15:02:30.783 I/WifiHW  (  506): REPLY: level=-61
03-03 15:02:30.783 I/WifiHW  (  506): REPLY: tsf=0000278872556031
03-03 15:02:30.783 I/WifiHW  (  506): REPLY: flags=[WPA2-PSK-CCMP+TKIP][ESS]
03-03 15:02:30.783 I/WifiHW  (  506): REPLY: ssid=DAP-2553_D
03-03 15:02:30.783 I/WifiHW  (  506): REPLY: ====
03-03 15:02:30.783 I/WifiHW  (  506): REPLY: id=3296
03-03 15:02:30.783 I/WifiHW  (  506): REPLY: bssid=10:c3:7b:d2:e5:e0
03-03 15:02:30.783 I/WifiHW  (  506): REPLY: freq=2462
03-03 15:02:30.783 I/WifiHW  (  506): REPLY: level=-62
03-03 15:02:30.783 I/WifiHW  (  506): REPLY: tsf=0000278872556087
03-03 15:02:30.783 I/WifiHW  (  506): REPLY: flags=[WPA2-PSK-CCMP][WPS][ESS]
03-03 15:02:30.783 I/WifiHW  (  506): REPLY: ssid=ASUS_RT-AC66U-2.4G
03-03 15:02:30.783 I/WifiHW  (  506): REPLY: ====
03-03 15:02:30.783 I/WifiHW  (  506): REPLY: id=3297
03-03 15:02:30.783 I/WifiHW  (  506): REPLY: bssid=02:1a:11:f3:82:d3
03-03 15:02:30.783 I/WifiHW  (  506): REPLY: freq=2437
03-03 15:02:30.783 I/WifiHW  (  506): REPLY: level=-66
03-03 15:02:30.783 I/WifiHW  (  506): REPLY: tsf=0000278872555997
03-03 15:02:30.783 I/WifiHW  (  506): REPLY: flags=[WPA2-PSK-CCMP][ESS]
03-03 15:02:30.783 I/WifiHW  (  506): REPLY: ssid=io1
03-03 15:02:30.783 I/WifiHW  (  506): REPLY: ====
03-03 15:02:30.783 I/WifiHW  (  506): REPLY: id=3298
03-03 15:02:30.783 I/WifiHW  (  506): REPLY: bssid=e4:d3:32:36:2e:54
03-03 15:02:30.783 I/WifiHW  (  506): REPLY: freq=2472
03-03 15:02:30.783 I/WifiHW  (  506): REPLY: level=-66
03-03 15:02:30.783 I/WifiHW  (  506): REPLY: tsf=0000278872556114
03-03 15:02:30.783 I/WifiHW  (  506): REPLY: flags=[WPA-PSK-CCMP+TKIP][WPA2-PSK-CCMP+TKIP][WPS][ESS]
03-03 15:02:30.783 I/WifiHW  (  506): REPLY: ssid=otc
03-03 15:02:30.783 I/WifiHW  (  506): REPLY: ====
