03-04 16:30:51.319 D/wpa_supplicant(  694): nl80211: survey data missing!
03-04 16:30:51.319 I/WifiHW  (  505): REPLY: RSSI=-63
03-04 16:30:51.319 I/WifiHW  (  505): REPLY: LINKSPEED=26
03-04 16:30:51.319 I/WifiHW  (  505): REPLY: NOISE=9999
03-04 16:30:51.319 I/WifiHW  (  505): REPLY: FREQUENCY=2437
03-04 16:30:51.589 D/EVENT_THREAD(  182): void CEventThread::run() POLLIN event on Fd (1)
03-04 16:30:51.589 D/EVENT_THREAD(  182): void CEventThread::run() Do poll with timeout: -1
03-04 16:30:51.589 W/BindingManager(21455): Cannot call determinedVisibility() - never saw a connection for the pid: 21455
03-04 16:30:51.619 I/chromium(21455): [INFO:CONSOLE(47)] "Uncaught ReferenceError: SharedWorker is not defined", source: app://org.xwalk.webapi_noneservice_tests//opt/tct-workers-w3c-tests/workers/SharedWorkerLocation.html (47)
03-04 16:30:53.529 D/EVENT_THREAD(  182): void CEventThread::run() POLLIN event on Fd (1)
03-04 16:30:53.529 D/EVENT_THREAD(  182): void CEventThread::run() Do poll with timeout: -1
03-04 16:30:53.529 I/upi_ug31xx(  165): (2111) update_capacity
03-04 16:30:53.529 I/[UPI]   (  165): <UG31/E>[UpiReadCapacity]: V=3999(4001), T=347(349-417), I=-322, C=-4(-4-0)
03-04 16:30:53.529 I/[UPI]   (  165): <UG31/E>[UpiReadCapacity]: (0x0000254a) 2972 (2931) / 3602 (4029) = 83
03-04 16:30:53.529 I/[UPI]   (  165): <UG31/E>[UpiReadCapacity]: (0x0000254a) 2972 (2931) / 3602 (4029) = 83
03-04 16:30:53.529 I/[UPI]   (  165): <UG31/E>[UpiReadCapacity]: (0x0000254a) 2967 (2967) / 3602 (4029) = 82
03-04 16:30:53.529 I/[UPI]   (  165): <UG31/E>[RsocFilterCountTime]: (0x0000254a) Step=5(303040), Full=5(303040), Lock=303040(1800000)
03-04 16:30:53.529 I/[UPI]   (  165): <UG31/E>[UpiReadCapacity]: (0x0000254a) 2967 (2967) / 3602 (4029) = 82 (-322--322)
03-04 16:30:53.529 I/[UPI]   (  165): <UG31/E><BATT> M:normal, P:82(82-82)%, V:4002mV, C:-314mA, T:34.9C(417), S:0x0000254a(000), R:2967mAh, F:3602mAh, Q:678mAh, CC:4, P:30.340(930-0)s, BO:7, 97:615:0-44af-9m:B001-20140514-144301 (16)
03-04 16:30:53.529 D/EVENT_THREAD(  182): void CEventThread::run() POLLIN event on Fd (1)
03-04 16:30:53.529 D/EVENT_THREAD(  182): void CEventThread::run() Do poll with timeout: -1
03-04 16:30:53.529 I/upi_ug31xx(  165): (2112) backup_data 
03-04 16:30:53.529 V/upi_ug31xx(  165): state->check_backup_count = 8
03-04 16:30:53.789 D/EVENT_THREAD(  182): void CEventThread::run() POLLIN event on Fd (1)
03-04 16:30:53.789 D/EVENT_THREAD(  182): void CEventThread::run() Do poll with timeout: -1
03-04 16:30:54.339 I/WifiHW  (  505): CMD: IFNAME=wlan0 SIGNAL_POLL
03-04 16:30:54.339 D/wpa_supplicant(  694): RX ctrl_iface - hexdump(len=11): 53 49 47 4e 41 4c 5f 50 4f 4c 4c
03-04 16:30:54.339 D/wpa_supplicant(  694): wlan0: Control interface command 'SIGNAL_POLL'
03-04 16:30:54.339 D/wpa_supplicant(  694): nl80211: survey data missing!
03-04 16:30:54.339 I/WifiHW  (  505): REPLY: RSSI=-64
03-04 16:30:54.339 I/WifiHW  (  505): REPLY: LINKSPEED=26
03-04 16:30:54.339 I/WifiHW  (  505): REPLY: NOISE=9999
03-04 16:30:54.339 I/WifiHW  (  505): REPLY: FREQUENCY=2437
03-04 16:30:54.769 W/BindingManager(21455): Cannot call determinedVisibility() - never saw a connection for the pid: 21455
03-04 16:30:54.799 I/chromium(21455): [INFO:CONSOLE(47)] "Uncaught ReferenceError: SharedWorker is not defined", source: app://org.xwalk.webapi_noneservice_tests//opt/tct-workers-w3c-tests/workers/SharedWorkerShared_distinct.html (47)
03-04 16:30:57.349 I/WifiHW  (  505): CMD: IFNAME=wlan0 SIGNAL_POLL
03-04 16:30:57.349 D/wpa_supplicant(  694): RX ctrl_iface - hexdump(len=11): 53 49 47 4e 41 4c 5f 50 4f 4c 4c
03-04 16:30:57.349 D/wpa_supplicant(  694): wlan0: Control interface command 'SIGNAL_POLL'
03-04 16:30:57.369 D/wpa_supplicant(  694): nl80211: survey data missing!
03-04 16:30:57.369 I/WifiHW  (  505): REPLY: RSSI=-64
03-04 16:30:57.369 I/WifiHW  (  505): REPLY: LINKSPEED=26
03-04 16:30:57.369 I/WifiHW  (  505): REPLY: NOISE=9999
03-04 16:30:57.369 I/WifiHW  (  505): REPLY: FREQUENCY=2437
03-04 16:30:57.909 W/BindingManager(21455): Cannot call determinedVisibility() - never saw a connection for the pid: 21455
03-04 16:30:58.519 W/BindingManager(21455): Cannot call determinedVisibility() - never saw a connection for the pid: 21455
03-04 16:30:59.169 W/BindingManager(21455): Cannot call determinedVisibility() - never saw a connection for the pid: 21455
03-04 16:30:59.829 W/BindingManager(21455): Cannot call determinedVisibility() - never saw a connection for the pid: 21455
03-04 16:30:59.999 D/Clock   (  571): ACTION_TIME_TICK
03-04 16:30:59.999 D/Clock   (  571): update clock:4:31
03-04 16:31:00.019 D/BatteryStatsImpl(  505): noteStopWakeLocked system isFromForeground = false
03-04 16:31:00.379 I/WifiHW  (  505): CMD: IFNAME=wlan0 SIGNAL_POLL
03-04 16:31:00.379 D/wpa_supplicant(  694): RX ctrl_iface - hexdump(len=11): 53 49 47 4e 41 4c 5f 50 4f 4c 4c
03-04 16:31:00.379 D/wpa_supplicant(  694): wlan0: Control interface command 'SIGNAL_POLL'
03-04 16:31:00.379 D/wpa_supplicant(  694): nl80211: survey data missing!
03-04 16:31:00.379 I/WifiHW  (  505): REPLY: RSSI=-62
03-04 16:31:00.379 I/WifiHW  (  505): REPLY: LINKSPEED=26
03-04 16:31:00.379 I/WifiHW  (  505): REPLY: NOISE=9999
03-04 16:31:00.379 I/WifiHW  (  505): REPLY: FREQUENCY=2437
03-04 16:31:00.489 W/BindingManager(21455): Cannot call determinedVisibility() - never saw a connection for the pid: 21455
03-04 16:31:01.159 W/BindingManager(21455): Cannot call determinedVisibility() - never saw a connection for the pid: 21455
03-04 16:31:01.189 I/chromium(21455): [INFO:CONSOLE(47)] "Uncaught ReferenceError: SharedWorker is not defined", source: app://org.xwalk.webapi_noneservice_tests//opt/tct-workers-w3c-tests/workers/SharedWorkerLocation_href.html (47)
03-04 16:31:03.389 I/WifiHW  (  505): CMD: IFNAME=wlan0 SIGNAL_POLL
03-04 16:31:03.389 D/wpa_supplicant(  694): RX ctrl_iface - hexdump(len=11): 53 49 47 4e 41 4c 5f 50 4f 4c 4c
03-04 16:31:03.389 D/wpa_supplicant(  694): wlan0: Control interface command 'SIGNAL_POLL'
03-04 16:31:03.419 D/wpa_supplicant(  694): nl80211: survey data missing!
03-04 16:31:03.419 I/WifiHW  (  505): REPLY: RSSI=-63
03-04 16:31:03.419 I/WifiHW  (  505): REPLY: LINKSPEED=26
03-04 16:31:03.419 I/WifiHW  (  505): REPLY: NOISE=9999
03-04 16:31:03.419 I/WifiHW  (  505): REPLY: FREQUENCY=2437
03-04 16:31:04.319 W/BindingManager(21455): Cannot call determinedVisibility() - never saw a connection for the pid: 21455
03-04 16:31:04.969 W/BindingManager(21455): Cannot call determinedVisibility() - never saw a connection for the pid: 21455
03-04 16:31:05.609 W/BindingManager(21455): Cannot call determinedVisibility() - never saw a connection for the pid: 21455
03-04 16:31:05.649 I/chromium(21455): [INFO:CONSOLE(47)] "Uncaught ReferenceError: SharedWorker is not defined", source: app://org.xwalk.webapi_noneservice_tests//opt/tct-workers-w3c-tests/workers/SharedWorkerLocation_hash.html (47)
03-04 16:31:06.429 I/WifiHW  (  505): CMD: IFNAME=wlan0 SIGNAL_POLL
03-04 16:31:06.429 D/wpa_supplicant(  694): RX ctrl_iface - hexdump(len=11): 53 49 47 4e 41 4c 5f 50 4f 4c 4c
03-04 16:31:06.429 D/wpa_supplicant(  694): wlan0: Control interface command 'SIGNAL_POLL'
03-04 16:31:06.459 D/wpa_supplicant(  694): nl80211: survey data missing!
03-04 16:31:06.459 I/WifiHW  (  505): REPLY: RSSI=-60
03-04 16:31:06.459 I/WifiHW  (  505): REPLY: LINKSPEED=26
03-04 16:31:06.459 I/WifiHW  (  505): REPLY: NOISE=9999
03-04 16:31:06.459 I/WifiHW  (  505): REPLY: FREQUENCY=2437
03-04 16:31:08.769 W/BindingManager(21455): Cannot call determinedVisibility() - never saw a connection for the pid: 21455
03-04 16:31:09.429 W/BindingManager(21455): Cannot call determinedVisibility() - never saw a connection for the pid: 21455
03-04 16:31:09.469 I/WifiHW  (  505): CMD: IFNAME=wlan0 SIGNAL_POLL
03-04 16:31:09.469 D/wpa_supplicant(  694): RX ctrl_iface - hexdump(len=11): 53 49 47 4e 41 4c 5f 50 4f 4c 4c
03-04 16:31:09.469 D/wpa_supplicant(  694): wlan0: Control interface command 'SIGNAL_POLL'
03-04 16:31:09.489 D/wpa_supplicant(  694): nl80211: survey data missing!
03-04 16:31:09.489 I/WifiHW  (  505): REPLY: RSSI=-59
03-04 16:31:09.489 I/WifiHW  (  505): REPLY: LINKSPEED=26
03-04 16:31:09.489 I/WifiHW  (  505): REPLY: NOISE=9999
03-04 16:31:09.489 I/WifiHW  (  505): REPLY: FREQUENCY=2437
03-04 16:31:10.099 W/BindingManager(21455): Cannot call determinedVisibility() - never saw a connection for the pid: 21455
03-04 16:31:10.119 I/chromium(21455): [INFO:CONSOLE(46)] "Uncaught ReferenceError: SharedWorker is not defined", source: app://org.xwalk.webapi_noneservice_tests//opt/tct-workers-w3c-tests/workers/SharedWorkerNavigator_userAgent.html (46)
03-04 16:31:12.489 I/WifiHW  (  505): CMD: IFNAME=wlan0 SIGNAL_POLL
03-04 16:31:12.489 D/wpa_supplicant(  694): RX ctrl_iface - hexdump(len=11): 53 49 47 4e 41 4c 5f 50 4f 4c 4c
03-04 16:31:12.489 D/wpa_supplicant(  694): wlan0: Control interface command 'SIGNAL_POLL'
03-04 16:31:12.519 D/wpa_supplicant(  694): nl80211: survey data missing!
03-04 16:31:12.519 I/WifiHW  (  505): REPLY: RSSI=-56
03-04 16:31:12.519 I/WifiHW  (  505): REPLY: LINKSPEED=26
03-04 16:31:12.519 I/WifiHW  (  505): REPLY: NOISE=9999
03-04 16:31:12.519 I/WifiHW  (  505): REPLY: FREQUENCY=2437
03-04 16:31:13.279 W/BindingManager(21455): Cannot call determinedVisibility() - never saw a connection for the pid: 21455
03-04 16:31:13.929 W/BindingManager(21455): Cannot call determinedVisibility() - never saw a connection for the pid: 21455
03-04 16:31:13.959 I/chromium(21455): [INFO:CONSOLE(49)] "Uncaught ReferenceError: SharedWorker is not defined", source: app://org.xwalk.webapi_noneservice_tests//opt/tct-workers-w3c-tests/workers/SharedWorkerLocation_search_fragment.html (49)
03-04 16:31:15.529 I/WifiHW  (  505): CMD: IFNAME=wlan0 SIGNAL_POLL
03-04 16:31:15.529 D/wpa_supplicant(  694): RX ctrl_iface - hexdump(len=11): 53 49 47 4e 41 4c 5f 50 4f 4c 4c
03-04 16:31:15.529 D/wpa_supplicant(  694): wlan0: Control interface command 'SIGNAL_POLL'
03-04 16:31:15.559 D/wpa_supplicant(  694): nl80211: survey data missing!
03-04 16:31:15.559 I/WifiHW  (  505): REPLY: RSSI=-56
03-04 16:31:15.559 I/WifiHW  (  505): REPLY: LINKSPEED=26
03-04 16:31:15.559 I/WifiHW  (  505): REPLY: NOISE=9999
03-04 16:31:15.559 I/WifiHW  (  505): REPLY: FREQUENCY=2437
03-04 16:31:17.099 W/BindingManager(21455): Cannot call determinedVisibility() - never saw a connection for the pid: 21455
03-04 16:31:17.769 W/BindingManager(21455): Cannot call determinedVisibility() - never saw a connection for the pid: 21455
03-04 16:31:18.429 W/BindingManager(21455): Cannot call determinedVisibility() - never saw a connection for the pid: 21455
03-04 16:31:18.569 I/WifiHW  (  505): CMD: IFNAME=wlan0 SIGNAL_POLL
03-04 16:31:18.569 D/wpa_supplicant(  694): RX ctrl_iface - hexdump(len=11): 53 49 47 4e 41 4c 5f 50 4f 4c 4c
03-04 16:31:18.569 D/wpa_supplicant(  694): wlan0: Control interface command 'SIGNAL_POLL'
03-04 16:31:18.589 D/wpa_supplicant(  694): nl80211: survey data missing!
03-04 16:31:18.589 I/WifiHW  (  505): REPLY: RSSI=-57
03-04 16:31:18.589 I/WifiHW  (  505): REPLY: LINKSPEED=26
03-04 16:31:18.589 I/WifiHW  (  505): REPLY: NOISE=9999
03-04 16:31:18.589 I/WifiHW  (  505): REPLY: FREQUENCY=2437
03-04 16:31:19.219 W/BindingManager(21455): Cannot call determinedVisibility() - never saw a connection for the pid: 21455
03-04 16:31:19.879 W/BindingManager(21455): Cannot call determinedVisibility() - never saw a connection for the pid: 21455
03-04 16:31:20.539 W/BindingManager(21455): Cannot call determinedVisibility() - never saw a connection for the pid: 21455
03-04 16:31:21.159 W/BindingManager(21455): Cannot call determinedVisibility() - never saw a connection for the pid: 21455
03-04 16:31:21.189 I/chromium(21455): [INFO:CONSOLE(46)] "Uncaught ReferenceError: SharedWorker is not defined", source: app://org.xwalk.webapi_noneservice_tests//opt/tct-workers-w3c-tests/workers/SharedWorkerNavigator_appVersion.html (46)
03-04 16:31:21.599 I/WifiHW  (  505): CMD: IFNAME=wlan0 SIGNAL_POLL
03-04 16:31:21.599 D/wpa_supplicant(  694): RX ctrl_iface - hexdump(len=11): 53 49 47 4e 41 4c 5f 50 4f 4c 4c
03-04 16:31:21.599 D/wpa_supplicant(  694): wlan0: Control interface command 'SIGNAL_POLL'
03-04 16:31:21.619 D/wpa_supplicant(  694): nl80211: survey data missing!
03-04 16:31:21.619 I/WifiHW  (  505): REPLY: RSSI=-57
03-04 16:31:21.619 I/WifiHW  (  505): REPLY: LINKSPEED=26
03-04 16:31:21.619 I/WifiHW  (  505): REPLY: NOISE=9999
03-04 16:31:21.619 I/WifiHW  (  505): REPLY: FREQUENCY=2437
03-04 16:31:23.839 D/EVENT_THREAD(  182): void CEventThread::run() POLLIN event on Fd (1)
03-04 16:31:23.839 D/EVENT_THREAD(  182): void CEventThread::run() Do poll with timeout: -1
03-04 16:31:23.839 I/upi_ug31xx(  165): (2113) update_capacity
03-04 16:31:23.839 I/[UPI]   (  165): <UG31/E>[UpiReadCapacity]: V=3999(4001), T=348(351-417), I=-318, C=-2(-2-0)
03-04 16:31:23.839 I/[UPI]   (  165): <UG31/E>[UpiReadCapacity]: (0x0000254a) 2967 (2930) / 3602 (4029) = 82
03-04 16:31:23.839 I/[UPI]   (  165): <UG31/E>[UpiReadCapacity]: (0x0000254a) 2967 (2930) / 3602 (4029) = 82
03-04 16:31:23.839 I/[UPI]   (  165): <UG31/E>[UpiReadCapacity]: (0x0000254a) 2965 (2965) / 3602 (4029) = 82
03-04 16:31:23.839 I/[UPI]   (  165): <UG31/E>[RsocFilterCountTime]: (0x0000254a) Step=0(30310), Full=0(30310), Lock=30310(1800000)
03-04 16:31:23.839 I/[UPI]   (  165): <UG31/E>[UpiReadCapacity]: (0x0000254a) 2965 (2965) / 3602 (4029) = 82 (-318--318)
03-04 16:31:23.839 I/[UPI]   (  165): <UG31/E><BATT> M:normal, P:82(82-82)%, V:4002mV, C:-289mA, T:35.1C(417), S:0x0000254a(000), R:2965mAh, F:3602mAh, Q:676mAh, CC:4, P:30.310(932-0)s, BO:7, 97:615:0-44af-9m:B001-20140514-144301 (16)
03-04 16:31:23.839 D/EVENT_THREAD(  182): void CEventThread::run() POLLIN event on Fd (1)
03-04 16:31:23.839 D/EVENT_THREAD(  182): void CEventThread::run() Do poll with timeout: -1
03-04 16:31:23.849 I/upi_ug31xx(  165): (2114) backup_data write
03-04 16:31:23.849 V/upi_ug31xx(  165): state->check_backup_count = 9
03-04 16:31:23.859 I/[UPI]   (  165): <UG31/E>[upi_lib_backup_data]: Driver backup data not ready.
03-04 16:31:24.319 W/BindingManager(21455): Cannot call determinedVisibility() - never saw a connection for the pid: 21455
03-04 16:31:24.629 I/WifiHW  (  505): CMD: IFNAME=wlan0 SIGNAL_POLL
03-04 16:31:24.629 D/wpa_supplicant(  694): RX ctrl_iface - hexdump(len=11): 53 49 47 4e 41 4c 5f 50 4f 4c 4c
03-04 16:31:24.629 D/wpa_supplicant(  694): wlan0: Control interface command 'SIGNAL_POLL'
03-04 16:31:24.639 D/wpa_supplicant(  694): nl80211: survey data missing!
03-04 16:31:24.639 I/WifiHW  (  505): REPLY: RSSI=-59
03-04 16:31:24.639 I/WifiHW  (  505): REPLY: LINKSPEED=26
03-04 16:31:24.639 I/WifiHW  (  505): REPLY: NOISE=9999
03-04 16:31:24.639 I/WifiHW  (  505): REPLY: FREQUENCY=2437
03-04 16:31:24.969 W/BindingManager(21455): Cannot call determinedVisibility() - never saw a connection for the pid: 21455
03-04 16:31:24.989 I/chromium(21455): [INFO:CONSOLE(49)] "Uncaught ReferenceError: SharedWorker is not defined", source: app://org.xwalk.webapi_noneservice_tests//opt/tct-workers-w3c-tests/workers/SharedWorkerLocation_host.html (49)
03-04 16:31:27.649 I/WifiHW  (  505): CMD: IFNAME=wlan0 SIGNAL_POLL
03-04 16:31:27.649 D/wpa_supplicant(  694): RX ctrl_iface - hexdump(len=11): 53 49 47 4e 41 4c 5f 50 4f 4c 4c
03-04 16:31:27.649 D/wpa_supplicant(  694): wlan0: Control interface command 'SIGNAL_POLL'
03-04 16:31:27.679 D/wpa_supplicant(  694): nl80211: survey data missing!
03-04 16:31:27.679 I/WifiHW  (  505): REPLY: RSSI=-59
03-04 16:31:27.679 I/WifiHW  (  505): REPLY: LINKSPEED=26
03-04 16:31:27.679 I/WifiHW  (  505): REPLY: NOISE=9999
03-04 16:31:27.679 I/WifiHW  (  505): REPLY: FREQUENCY=2437
03-04 16:31:28.119 W/BindingManager(21455): Cannot call determinedVisibility() - never saw a connection for the pid: 21455
03-04 16:31:28.739 W/BindingManager(21455): Cannot call determinedVisibility() - never saw a connection for the pid: 21455
03-04 16:31:28.769 I/chromium(21455): [INFO:CONSOLE(26)] "Uncaught ReferenceError: EvalScript is not defined", source: app://org.xwalk.webapi_noneservice_tests//opt/tct-workers-w3c-tests/workers/w3c/WorkerLocation_hash_nonexist.htm (26)
03-04 16:31:29.429 W/BindingManager(21455): Cannot call determinedVisibility() - never saw a connection for the pid: 21455
03-04 16:31:30.099 W/BindingManager(21455): Cannot call determinedVisibility() - never saw a connection for the pid: 21455
03-04 16:31:30.119 I/chromium(21455): [INFO:CONSOLE(47)] "Uncaught ReferenceError: SharedWorker is not defined", source: app://org.xwalk.webapi_noneservice_tests//opt/tct-workers-w3c-tests/workers/SharedWorkerLocation_hash_nonexist.html (47)
03-04 16:31:30.689 I/WifiHW  (  505): CMD: IFNAME=wlan0 SIGNAL_POLL
03-04 16:31:30.689 D/wpa_supplicant(  694): RX ctrl_iface - hexdump(len=11): 53 49 47 4e 41 4c 5f 50 4f 4c 4c
03-04 16:31:30.689 D/wpa_supplicant(  694): wlan0: Control interface command 'SIGNAL_POLL'
03-04 16:31:30.719 D/wpa_supplicant(  694): nl80211: survey data missing!
03-04 16:31:30.719 I/WifiHW  (  505): REPLY: RSSI=-58
03-04 16:31:30.719 I/WifiHW  (  505): REPLY: LINKSPEED=26
03-04 16:31:30.719 I/WifiHW  (  505): REPLY: NOISE=9999
03-04 16:31:30.719 I/WifiHW  (  505): REPLY: FREQUENCY=2437
03-04 16:31:33.269 W/BindingManager(21455): Cannot call determinedVisibility() - never saw a connection for the pid: 21455
03-04 16:31:33.299 I/chromium(21455): [INFO:CONSOLE(46)] "Uncaught ReferenceError: SharedWorker is not defined", source: app://org.xwalk.webapi_noneservice_tests//opt/tct-workers-w3c-tests/workers/SharedWorkerNavigator_online.html (46)
03-04 16:31:33.729 I/WifiHW  (  505): CMD: IFNAME=wlan0 SIGNAL_POLL
03-04 16:31:33.729 D/wpa_supplicant(  694): RX ctrl_iface - hexdump(len=11): 53 49 47 4e 41 4c 5f 50 4f 4c 4c
03-04 16:31:33.729 D/wpa_supplicant(  694): wlan0: Control interface command 'SIGNAL_POLL'
03-04 16:31:33.749 D/wpa_supplicant(  694): nl80211: survey data missing!
03-04 16:31:33.749 I/WifiHW  (  505): REPLY: RSSI=-58
03-04 16:31:33.749 I/WifiHW  (  505): REPLY: LINKSPEED=26
03-04 16:31:33.749 I/WifiHW  (  505): REPLY: NOISE=9999
03-04 16:31:33.749 I/WifiHW  (  505): REPLY: FREQUENCY=2437
03-04 16:31:36.389 W/BindingManager(21455): Cannot call determinedVisibility() - never saw a connection for the pid: 21455
03-04 16:31:36.419 I/chromium(21455): [INFO:CONSOLE(47)] "Uncaught ReferenceError: SharedWorker is not defined", source: app://org.xwalk.webapi_noneservice_tests//opt/tct-workers-w3c-tests/workers/SharedWorkerLocation_hash_encoding.html (47)
03-04 16:31:36.759 I/WifiHW  (  505): CMD: IFNAME=wlan0 SIGNAL_POLL
03-04 16:31:36.759 D/wpa_supplicant(  694): RX ctrl_iface - hexdump(len=11): 53 49 47 4e 41 4c 5f 50 4f 4c 4c
03-04 16:31:36.759 D/wpa_supplicant(  694): wlan0: Control interface command 'SIGNAL_POLL'
03-04 16:31:36.769 D/wpa_supplicant(  694): nl80211: survey data missing!
03-04 16:31:36.769 I/WifiHW  (  505): REPLY: RSSI=-59
03-04 16:31:36.769 I/WifiHW  (  505): REPLY: LINKSPEED=26
03-04 16:31:36.769 I/WifiHW  (  505): REPLY: NOISE=9999
03-04 16:31:36.769 I/WifiHW  (  505): REPLY: FREQUENCY=2437
03-04 16:31:39.559 W/BindingManager(21455): Cannot call determinedVisibility() - never saw a connection for the pid: 21455
03-04 16:31:39.599 I/chromium(21455): [INFO:CONSOLE(46)] "Uncaught ReferenceError: SharedWorker is not defined", source: app://org.xwalk.webapi_noneservice_tests//opt/tct-workers-w3c-tests/workers/SharedWorkerLocation_portocol.html (46)
03-04 16:31:39.779 I/WifiHW  (  505): CMD: IFNAME=wlan0 SIGNAL_POLL
03-04 16:31:39.779 D/wpa_supplicant(  694): RX ctrl_iface - hexdump(len=11): 53 49 47 4e 41 4c 5f 50 4f 4c 4c
03-04 16:31:39.779 D/wpa_supplicant(  694): wlan0: Control interface command 'SIGNAL_POLL'
03-04 16:31:39.789 D/wpa_supplicant(  694): nl80211: survey data missing!
03-04 16:31:39.789 I/WifiHW  (  505): REPLY: RSSI=-60
03-04 16:31:39.789 I/WifiHW  (  505): REPLY: LINKSPEED=19
03-04 16:31:39.789 I/WifiHW  (  505): REPLY: NOISE=9999
03-04 16:31:39.789 I/WifiHW  (  505): REPLY: FREQUENCY=2437
03-04 16:31:42.729 W/BindingManager(21455): Cannot call determinedVisibility() - never saw a connection for the pid: 21455
03-04 16:31:42.799 I/WifiHW  (  505): CMD: IFNAME=wlan0 SIGNAL_POLL
03-04 16:31:42.799 D/wpa_supplicant(  694): RX ctrl_iface - hexdump(len=11): 53 49 47 4e 41 4c 5f 50 4f 4c 4c
03-04 16:31:42.799 D/wpa_supplicant(  694): wlan0: Control interface command 'SIGNAL_POLL'
03-04 16:31:42.819 D/wpa_supplicant(  694): nl80211: survey data missing!
03-04 16:31:42.819 I/WifiHW  (  505): REPLY: RSSI=-63
03-04 16:31:42.819 I/WifiHW  (  505): REPLY: LINKSPEED=19
03-04 16:31:42.819 I/WifiHW  (  505): REPLY: NOISE=9999
03-04 16:31:42.819 I/WifiHW  (  505): REPLY: FREQUENCY=2437
03-04 16:31:43.379 W/BindingManager(21455): Cannot call determinedVisibility() - never saw a connection for the pid: 21455
03-04 16:31:43.409 I/chromium(21455): [INFO:CONSOLE(50)] "Uncaught ReferenceError: SharedWorker is not defined", source: app://org.xwalk.webapi_noneservice_tests//opt/tct-workers-w3c-tests/workers/SharedWorkerName.html (50)
03-04 16:31:45.829 I/WifiHW  (  505): CMD: IFNAME=wlan0 SIGNAL_POLL
03-04 16:31:45.829 D/wpa_supplicant(  694): RX ctrl_iface - hexdump(len=11): 53 49 47 4e 41 4c 5f 50 4f 4c 4c
03-04 16:31:45.829 D/wpa_supplicant(  694): wlan0: Control interface command 'SIGNAL_POLL'
03-04 16:31:45.849 D/wpa_supplicant(  694): nl80211: survey data missing!
03-04 16:31:45.849 I/WifiHW  (  505): REPLY: RSSI=-64
03-04 16:31:45.849 I/WifiHW  (  505): REPLY: LINKSPEED=19
03-04 16:31:45.849 I/WifiHW  (  505): REPLY: NOISE=9999
03-04 16:31:45.849 I/WifiHW  (  505): REPLY: FREQUENCY=2437
03-04 16:31:46.539 W/BindingManager(21455): Cannot call determinedVisibility() - never saw a connection for the pid: 21455
03-04 16:31:47.199 W/BindingManager(21455): Cannot call determinedVisibility() - never saw a connection for the pid: 21455
03-04 16:31:47.829 W/BindingManager(21455): Cannot call determinedVisibility() - never saw a connection for the pid: 21455
03-04 16:31:47.859 I/chromium(21455): [INFO:CONSOLE(48)] "Uncaught ReferenceError: SharedWorker is not defined", source: app://org.xwalk.webapi_noneservice_tests//opt/tct-workers-w3c-tests/workers/SharedWorkerLocation_search_nonexist.html (48)
03-04 16:31:48.859 I/WifiHW  (  505): CMD: IFNAME=wlan0 SIGNAL_POLL
03-04 16:31:48.859 D/wpa_supplicant(  694): RX ctrl_iface - hexdump(len=11): 53 49 47 4e 41 4c 5f 50 4f 4c 4c
03-04 16:31:48.859 D/wpa_supplicant(  694): wlan0: Control interface command 'SIGNAL_POLL'
03-04 16:31:48.889 D/wpa_supplicant(  694): nl80211: survey data missing!
03-04 16:31:48.889 I/WifiHW  (  505): REPLY: RSSI=-60
03-04 16:31:48.889 I/WifiHW  (  505): REPLY: LINKSPEED=19
03-04 16:31:48.889 I/WifiHW  (  505): REPLY: NOISE=9999
03-04 16:31:48.889 I/WifiHW  (  505): REPLY: FREQUENCY=2437
03-04 16:31:50.989 W/BindingManager(21455): Cannot call determinedVisibility() - never saw a connection for the pid: 21455
03-04 16:31:51.009 I/chromium(21455): [INFO:CONSOLE(26)] "Uncaught ReferenceError: EvalScript is not defined", source: app://org.xwalk.webapi_noneservice_tests//opt/tct-workers-w3c-tests/workers/w3c/WorkerLocation_hash_encoding.htm (26)
03-04 16:31:51.629 W/BindingManager(21455): Cannot call determinedVisibility() - never saw a connection for the pid: 21455
03-04 16:31:51.649 I/chromium(21455): [INFO:CONSOLE(46)] "Uncaught ReferenceError: SharedWorker is not defined", source: app://org.xwalk.webapi_noneservice_tests//opt/tct-workers-w3c-tests/workers/SharedWorkerLocation_port.html (46)
03-04 16:31:51.899 I/WifiHW  (  505): CMD: IFNAME=wlan0 SIGNAL_POLL
03-04 16:31:51.899 D/wpa_supplicant(  694): RX ctrl_iface - hexdump(len=11): 53 49 47 4e 41 4c 5f 50 4f 4c 4c
03-04 16:31:51.899 D/wpa_supplicant(  694): wlan0: Control interface command 'SIGNAL_POLL'
03-04 16:31:51.909 D/wpa_supplicant(  694): nl80211: survey data missing!
03-04 16:31:51.909 I/WifiHW  (  505): REPLY: RSSI=-61
03-04 16:31:51.909 I/WifiHW  (  505): REPLY: LINKSPEED=19
03-04 16:31:51.909 I/WifiHW  (  505): REPLY: NOISE=9999
03-04 16:31:51.909 I/WifiHW  (  505): REPLY: FREQUENCY=2437
03-04 16:31:53.949 D/EVENT_THREAD(  182): void CEventThread::run() POLLIN event on Fd (1)
03-04 16:31:53.949 D/EVENT_THREAD(  182): void CEventThread::run() Do poll with timeout: -1
03-04 16:31:54.209 D/EVENT_THREAD(  182): void CEventThread::run() POLLIN event on Fd (1)
03-04 16:31:54.209 D/EVENT_THREAD(  182): void CEventThread::run() Do poll with timeout: -1
03-04 16:31:54.209 D/EVENT_THREAD(  182): void CEventThread::run() POLLIN event on Fd (1)
03-04 16:31:54.209 D/EVENT_THREAD(  182): void CEventThread::run() Do poll with timeout: -1
03-04 16:31:54.319 I/upi_ug31xx(  165): (2115) update_capacity
03-04 16:31:54.319 I/[UPI]   (  165): <UG31/E>[UpiReadCapacity]: V=4001(4006), T=349(351-417), I=-294, C=-2(-2-0)
03-04 16:31:54.319 I/[UPI]   (  165): <UG31/E>[UpiReadCapacity]: (0x0000254a) 2965 (2934) / 3602 (4029) = 82
03-04 16:31:54.319 I/[UPI]   (  165): <UG31/E>[UpiReadCapacity]: (0x0000254a) 2965 (2934) / 3602 (4029) = 82
03-04 16:31:54.319 I/[UPI]   (  165): <UG31/E>[UpiReadCapacity]: (0x0000254a) 2963 (2963) / 3602 (4029) = 82
03-04 16:31:54.319 I/[UPI]   (  165): <UG31/E>[RsocFilterCountTime]: (0x0000254a) Step=1(60680), Full=1(60680), Lock=60680(1800000)
03-04 16:31:54.319 I/[UPI]   (  165): <UG31/E>[UpiReadCapacity]: (0x0000254a) 2963 (2963) / 3602 (4029) = 82 (-294--294)
03-04 16:31:54.319 I/[UPI]   (  165): <UG31/E><BATT> M:normal, P:82(82-82)%, V:4007mV, C:-287mA, T:35.1C(417), S:0x0000254a(000), R:2963mAh, F:3602mAh, Q:674mAh, CC:4, P:30.370(934-0)s, BO:7, 97:615:0-44af-9m:B001-20140514-144301 (16)
03-04 16:31:54.419 I/upi_ug31xx(  165): (2116) backup_data 
03-04 16:31:54.419 V/upi_ug31xx(  165): state->check_backup_count = 21
03-04 16:31:54.769 W/BindingManager(21455): Cannot call determinedVisibility() - never saw a connection for the pid: 21455
03-04 16:31:54.919 I/WifiHW  (  505): CMD: IFNAME=wlan0 SIGNAL_POLL
03-04 16:31:54.919 D/wpa_supplicant(  694): RX ctrl_iface - hexdump(len=11): 53 49 47 4e 41 4c 5f 50 4f 4c 4c
03-04 16:31:54.919 D/wpa_supplicant(  694): wlan0: Control interface command 'SIGNAL_POLL'
03-04 16:31:54.949 D/wpa_supplicant(  694): nl80211: survey data missing!
03-04 16:31:54.949 I/WifiHW  (  505): REPLY: RSSI=-59
03-04 16:31:54.949 I/WifiHW  (  505): REPLY: LINKSPEED=19
03-04 16:31:54.949 I/WifiHW  (  505): REPLY: NOISE=9999
03-04 16:31:54.949 I/WifiHW  (  505): REPLY: FREQUENCY=2437
03-04 16:31:55.409 W/BindingManager(21455): Cannot call determinedVisibility() - never saw a connection for the pid: 21455
03-04 16:31:56.059 W/BindingManager(21455): Cannot call determinedVisibility() - never saw a connection for the pid: 21455
03-04 16:31:56.689 W/BindingManager(21455): Cannot call determinedVisibility() - never saw a connection for the pid: 21455
03-04 16:31:57.369 W/BindingManager(21455): Cannot call determinedVisibility() - never saw a connection for the pid: 21455
03-04 16:31:57.959 I/WifiHW  (  505): CMD: IFNAME=wlan0 SIGNAL_POLL
03-04 16:31:57.959 D/wpa_supplicant(  694): RX ctrl_iface - hexdump(len=11): 53 49 47 4e 41 4c 5f 50 4f 4c 4c
03-04 16:31:57.959 D/wpa_supplicant(  694): wlan0: Control interface command 'SIGNAL_POLL'
03-04 16:31:57.989 D/wpa_supplicant(  694): nl80211: survey data missing!
03-04 16:31:57.989 I/WifiHW  (  505): REPLY: RSSI=-60
03-04 16:31:57.989 I/WifiHW  (  505): REPLY: LINKSPEED=19
03-04 16:31:57.989 I/WifiHW  (  505): REPLY: NOISE=9999
03-04 16:31:57.989 I/WifiHW  (  505): REPLY: FREQUENCY=2437
03-04 16:31:58.089 W/BindingManager(21455): Cannot call determinedVisibility() - never saw a connection for the pid: 21455
03-04 16:31:58.789 W/BindingManager(21455): Cannot call determinedVisibility() - never saw a connection for the pid: 21455
03-04 16:31:58.829 I/chromium(21455): [INFO:CONSOLE(46)] "Uncaught ReferenceError: SharedWorker is not defined", source: app://org.xwalk.webapi_noneservice_tests//opt/tct-workers-w3c-tests/workers/SharedWorkerGlobalScope_name.html (46)
03-04 16:31:59.999 D/Clock   (  571): ACTION_TIME_TICK
03-04 16:31:59.999 D/Clock   (  571): update clock:4:32
03-04 16:32:00.019 D/BatteryStatsImpl(  505): noteStopWakeLocked system isFromForeground = false
03-04 16:32:00.999 I/WifiHW  (  505): CMD: IFNAME=wlan0 SIGNAL_POLL
03-04 16:32:00.999 D/wpa_supplicant(  694): RX ctrl_iface - hexdump(len=11): 53 49 47 4e 41 4c 5f 50 4f 4c 4c
03-04 16:32:00.999 D/wpa_supplicant(  694): wlan0: Control interface command 'SIGNAL_POLL'
03-04 16:32:01.029 D/wpa_supplicant(  694): nl80211: survey data missing!
03-04 16:32:01.029 I/WifiHW  (  505): REPLY: RSSI=-60
03-04 16:32:01.029 I/WifiHW  (  505): REPLY: LINKSPEED=19
03-04 16:32:01.029 I/WifiHW  (  505): REPLY: NOISE=9999
03-04 16:32:01.029 I/WifiHW  (  505): REPLY: FREQUENCY=2437
03-04 16:32:01.949 W/BindingManager(21455): Cannot call determinedVisibility() - never saw a connection for the pid: 21455
03-04 16:32:02.609 W/BindingManager(21455): Cannot call determinedVisibility() - never saw a connection for the pid: 21455
03-04 16:32:02.639 I/chromium(21455): [INFO:CONSOLE(46)] "Uncaught ReferenceError: SharedWorker is not defined", source: app://org.xwalk.webapi_noneservice_tests//opt/tct-workers-w3c-tests/workers/SharedWorkerGlobalScope_onconnect.html (46)
03-04 16:32:04.039 I/WifiHW  (  505): CMD: IFNAME=wlan0 SIGNAL_POLL
03-04 16:32:04.039 D/wpa_supplicant(  694): RX ctrl_iface - hexdump(len=11): 53 49 47 4e 41 4c 5f 50 4f 4c 4c
03-04 16:32:04.039 D/wpa_supplicant(  694): wlan0: Control interface command 'SIGNAL_POLL'
03-04 16:32:04.059 D/wpa_supplicant(  694): nl80211: survey data missing!
03-04 16:32:04.059 I/WifiHW  (  505): REPLY: RSSI=-62
03-04 16:32:04.059 I/WifiHW  (  505): REPLY: LINKSPEED=19
03-04 16:32:04.059 I/WifiHW  (  505): REPLY: NOISE=9999
03-04 16:32:04.059 I/WifiHW  (  505): REPLY: FREQUENCY=2437
03-04 16:32:05.779 W/BindingManager(21455): Cannot call determinedVisibility() - never saw a connection for the pid: 21455
03-04 16:32:06.429 W/BindingManager(21455): Cannot call determinedVisibility() - never saw a connection for the pid: 21455
03-04 16:32:06.439 I/chromium(21455): [INFO:CONSOLE(68)] "PASS: Exception thrown when creating SharedWorker with different URLs but same name: ReferenceError: SharedWorker is not defined", source: app://org.xwalk.webapi_noneservice_tests//opt/tct-workers-w3c-tests/workers/SharedWorkerShared_name_except.html (68)
03-04 16:32:07.069 I/WifiHW  (  505): CMD: IFNAME=wlan0 SIGNAL_POLL
03-04 16:32:07.069 D/wpa_supplicant(  694): RX ctrl_iface - hexdump(len=11): 53 49 47 4e 41 4c 5f 50 4f 4c 4c
03-04 16:32:07.069 D/wpa_supplicant(  694): wlan0: Control interface command 'SIGNAL_POLL'
03-04 16:32:07.099 D/wpa_supplicant(  694): nl80211: survey data missing!
03-04 16:32:07.099 I/WifiHW  (  505): REPLY: RSSI=-63
03-04 16:32:07.099 I/WifiHW  (  505): REPLY: LINKSPEED=19
03-04 16:32:07.099 I/WifiHW  (  505): REPLY: NOISE=9999
03-04 16:32:07.099 I/WifiHW  (  505): REPLY: FREQUENCY=2437
03-04 16:32:07.149 W/BindingManager(21455): Cannot call determinedVisibility() - never saw a connection for the pid: 21455
03-04 16:32:07.759 W/BindingManager(21455): Cannot call determinedVisibility() - never saw a connection for the pid: 21455
03-04 16:32:07.779 I/chromium(21455): [INFO:CONSOLE(58)] "Uncaught ReferenceError: SharedWorker is not defined", source: app://org.xwalk.webapi_noneservice_tests//opt/tct-workers-w3c-tests/workers/SharedWorkerShared_simultaneously.html (58)
03-04 16:32:10.109 I/WifiHW  (  505): CMD: IFNAME=wlan0 SIGNAL_POLL
03-04 16:32:10.109 D/wpa_supplicant(  694): RX ctrl_iface - hexdump(len=11): 53 49 47 4e 41 4c 5f 50 4f 4c 4c
03-04 16:32:10.109 D/wpa_supplicant(  694): wlan0: Control interface command 'SIGNAL_POLL'
03-04 16:32:10.129 D/wpa_supplicant(  694): nl80211: survey data missing!
03-04 16:32:10.129 I/WifiHW  (  505): REPLY: RSSI=-60
03-04 16:32:10.129 I/WifiHW  (  505): REPLY: LINKSPEED=19
03-04 16:32:10.129 I/WifiHW  (  505): REPLY: NOISE=9999
03-04 16:32:10.129 I/WifiHW  (  505): REPLY: FREQUENCY=2437
03-04 16:32:10.899 W/BindingManager(21455): Cannot call determinedVisibility() - never saw a connection for the pid: 21455
03-04 16:32:11.549 W/BindingManager(21455): Cannot call determinedVisibility() - never saw a connection for the pid: 21455
03-04 16:32:11.579 I/chromium(21455): [INFO:CONSOLE(56)] "Uncaught ReferenceError: SharedWorker is not defined", source: app://org.xwalk.webapi_noneservice_tests//opt/tct-workers-w3c-tests/workers/SharedWorkerException.html (56)
03-04 16:32:13.149 I/WifiHW  (  505): CMD: IFNAME=wlan0 SIGNAL_POLL
03-04 16:32:13.149 D/wpa_supplicant(  694): RX ctrl_iface - hexdump(len=11): 53 49 47 4e 41 4c 5f 50 4f 4c 4c
03-04 16:32:13.149 D/wpa_supplicant(  694): wlan0: Control interface command 'SIGNAL_POLL'
03-04 16:32:13.169 D/wpa_supplicant(  694): nl80211: survey data missing!
03-04 16:32:13.169 I/WifiHW  (  505): REPLY: RSSI=-59
03-04 16:32:13.169 I/WifiHW  (  505): REPLY: LINKSPEED=19
03-04 16:32:13.169 I/WifiHW  (  505): REPLY: NOISE=9999
03-04 16:32:13.169 I/WifiHW  (  505): REPLY: FREQUENCY=2437
03-04 16:32:14.699 W/BindingManager(21455): Cannot call determinedVisibility() - never saw a connection for the pid: 21455
03-04 16:32:15.279 W/BindingManager(21455): Cannot call determinedVisibility() - never saw a connection for the pid: 21455
03-04 16:32:15.309 I/chromium(21455): [INFO:CONSOLE(57)] "Uncaught ReferenceError: SharedWorker is not defined", source: app://org.xwalk.webapi_noneservice_tests//opt/tct-workers-w3c-tests/workers/SharedWorkerScriptError.html (57)
03-04 16:32:16.189 I/WifiHW  (  505): CMD: IFNAME=wlan0 SIGNAL_POLL
03-04 16:32:16.189 D/wpa_supplicant(  694): RX ctrl_iface - hexdump(len=11): 53 49 47 4e 41 4c 5f 50 4f 4c 4c
03-04 16:32:16.189 D/wpa_supplicant(  694): wlan0: Control interface command 'SIGNAL_POLL'
03-04 16:32:16.209 D/wpa_supplicant(  694): nl80211: survey data missing!
03-04 16:32:16.209 I/WifiHW  (  505): REPLY: RSSI=-62
03-04 16:32:16.209 I/WifiHW  (  505): REPLY: LINKSPEED=19
03-04 16:32:16.209 I/WifiHW  (  505): REPLY: NOISE=9999
03-04 16:32:16.209 I/WifiHW  (  505): REPLY: FREQUENCY=2437
03-04 16:32:18.459 W/BindingManager(21455): Cannot call determinedVisibility() - never saw a connection for the pid: 21455
03-04 16:32:19.109 W/BindingManager(21455): Cannot call determinedVisibility() - never saw a connection for the pid: 21455
03-04 16:32:19.209 E/AndroidProtocolHandler(21455): Unable to open asset URL: file:///android_asset/www//opt/tct-workers-w3c-tests/workers/w3c/support/NonExistentFile.js
03-04 16:32:19.219 I/WifiHW  (  505): CMD: IFNAME=wlan0 SIGNAL_POLL
03-04 16:32:19.219 D/wpa_supplicant(  694): RX ctrl_iface - hexdump(len=11): 53 49 47 4e 41 4c 5f 50 4f 4c 4c
03-04 16:32:19.219 D/wpa_supplicant(  694): wlan0: Control interface command 'SIGNAL_POLL'
03-04 16:32:19.239 D/wpa_supplicant(  694): nl80211: survey data missing!
03-04 16:32:19.239 I/WifiHW  (  505): REPLY: RSSI=-63
03-04 16:32:19.239 I/WifiHW  (  505): REPLY: LINKSPEED=19
03-04 16:32:19.239 I/WifiHW  (  505): REPLY: NOISE=9999
03-04 16:32:19.239 I/WifiHW  (  505): REPLY: FREQUENCY=2437
03-04 16:32:19.769 W/BindingManager(21455): Cannot call determinedVisibility() - never saw a connection for the pid: 21455
03-04 16:32:19.809 I/chromium(21455): [INFO:CONSOLE(59)] "Uncaught ReferenceError: SharedWorker is not defined", source: app://org.xwalk.webapi_noneservice_tests//opt/tct-workers-w3c-tests/workers/SharedWorkerShared_loaded.html (59)
03-04 16:32:22.239 I/WifiHW  (  505): CMD: IFNAME=wlan0 SIGNAL_POLL
03-04 16:32:22.239 D/wpa_supplicant(  694): RX ctrl_iface - hexdump(len=11): 53 49 47 4e 41 4c 5f 50 4f 4c 4c
03-04 16:32:22.239 D/wpa_supplicant(  694): wlan0: Control interface command 'SIGNAL_POLL'
03-04 16:32:22.269 D/wpa_supplicant(  694): nl80211: survey data missing!
03-04 16:32:22.269 I/WifiHW  (  505): REPLY: RSSI=-64
03-04 16:32:22.269 I/WifiHW  (  505): REPLY: LINKSPEED=19
03-04 16:32:22.269 I/WifiHW  (  505): REPLY: NOISE=9999
03-04 16:32:22.269 I/WifiHW  (  505): REPLY: FREQUENCY=2437
03-04 16:32:22.929 W/BindingManager(21455): Cannot call determinedVisibility() - never saw a connection for the pid: 21455
03-04 16:32:23.579 W/BindingManager(21455): Cannot call determinedVisibility() - never saw a connection for the pid: 21455
03-04 16:32:24.229 W/BindingManager(21455): Cannot call determinedVisibility() - never saw a connection for the pid: 21455
03-04 16:32:24.559 D/EVENT_THREAD(  182): void CEventThread::run() POLLIN event on Fd (1)
03-04 16:32:24.559 D/EVENT_THREAD(  182): void CEventThread::run() Do poll with timeout: -1
03-04 16:32:24.559 I/upi_ug31xx(  165): (2117) update_capacity
03-04 16:32:24.559 I/[UPI]   (  165): <UG31/E>[UpiReadCapacity]: V=4002(4006), T=349(351-417), I=-327, C=-3(-3-0)
03-04 16:32:24.559 I/[UPI]   (  165): <UG31/E>[UpiReadCapacity]: (0x0000254a) 2963 (2936) / 3602 (4029) = 82
03-04 16:32:24.559 I/[UPI]   (  165): <UG31/E>[UpiReadCapacity]: (0x0000254a) 2963 (2936) / 3602 (4029) = 82
03-04 16:32:24.559 I/[UPI]   (  165): <UG31/E>[UpiReadCapacity]: (0x0000254a) 2960 (2960) / 3602 (4029) = 82
03-04 16:32:24.559 I/[UPI]   (  165): <UG31/E>[RsocFilterCountTime]: (0x0000254a) Step=1(91030), Full=1(91030), Lock=91030(1800000)
03-04 16:32:24.559 I/[UPI]   (  165): <UG31/E>[UpiReadCapacity]: (0x0000254a) 2960 (2960) / 3602 (4029) = 82 (-327--327)
03-04 16:32:24.559 I/[UPI]   (  165): <UG31/E><BATT> M:normal, P:82(82-82)%, V:4007mV, C:-348mA, T:35.1C(417), S:0x0000254a(000), R:2960mAh, F:3602mAh, Q:671mAh, CC:4, P:30.350(937-0)s, BO:7, 97:615:0-44af-9m:B001-20140514-144301 (16)
03-04 16:32:24.559 D/EVENT_THREAD(  182): void CEventThread::run() POLLIN event on Fd (1)
03-04 16:32:24.559 D/EVENT_THREAD(  182): void CEventThread::run() Do poll with timeout: -1
03-04 16:32:24.609 I/upi_ug31xx(  165): (2118) backup_data 
03-04 16:32:24.609 V/upi_ug31xx(  165): state->check_backup_count = 1
03-04 16:32:25.279 I/WifiHW  (  505): CMD: IFNAME=wlan0 SIGNAL_POLL
03-04 16:32:25.279 D/wpa_supplicant(  694): RX ctrl_iface - hexdump(len=11): 53 49 47 4e 41 4c 5f 50 4f 4c 4c
03-04 16:32:25.279 D/wpa_supplicant(  694): wlan0: Control interface command 'SIGNAL_POLL'
03-04 16:32:25.319 D/wpa_supplicant(  694): nl80211: survey data missing!
03-04 16:32:25.319 I/WifiHW  (  505): REPLY: RSSI=-62
03-04 16:32:25.319 I/WifiHW  (  505): REPLY: LINKSPEED=19
03-04 16:32:25.319 I/WifiHW  (  505): REPLY: NOISE=9999
03-04 16:32:25.319 I/WifiHW  (  505): REPLY: FREQUENCY=2437
03-04 16:32:25.909 W/ufoGralloc(  170): registerBuffer() handle 0xb95fb260/53 didn't require registration
03-04 16:32:25.939 D/WindowManager(  505): adjustConfigurationLw, config:{1.0 ?mcc?mnc ?locale ?layoutDir sw600dp w600dp h888dp 213dpi lrg port ?uimode ?night finger -keyb/v/h -nav/v} mLidState:1 mHasDockFeature:false mHasKeyboardFeature:false mHasHallSensorFeature:true config.hardKeyboardHidden:2
03-04 16:32:25.939 I/ActivityManager(  505): [TopPkgCurBat]	NowPkgName[com.chrome.beta]	Battery[82]	TimeTick[1425457945950]	OldPkgName[org.xwalk.webapi_noneservice_tests]
03-04 16:32:25.999 D/        (21086): Pixel Format : GGL_PIXEL_FORMAT_RGBA_8888
03-04 16:32:26.019 D/        (21181): Pixel Format : GGL_PIXEL_FORMAT_RGBA_8888
03-04 16:32:26.019 D/        (21181): droid_create_context : config id = 1 conf->NativeVisualID=1
03-04 16:32:26.019 D/        (21181): Pixel Format : GGL_PIXEL_FORMAT_RGBA_8888
03-04 16:32:26.019 I/        (21181): Requested context : GLES 2.0
03-04 16:32:26.029 D/        (21181): Swap interval set to = 1 value
03-04 16:32:26.039 W/IInputConnectionWrapper(21455): showStatusIcon on inactive InputConnection
03-04 16:32:26.049 D/XT9IME  (21146): new subtype :en_US ,keyboard
03-04 16:32:26.059 D/BatteryStatsImpl(  505): noteStopWakeLocked system isFromForeground = false
03-04 16:32:26.099 D/        (21455): Surface destroy: ANDROID_NATIVE_WINDOW_MAGIC
03-04 16:32:26.109 D/        (21455): Surface destroy: ANDROID_NATIVE_WINDOW_MAGIC
03-04 16:32:26.349 D/AndroidRuntime(21939): 
03-04 16:32:26.349 D/AndroidRuntime(21939): >>>>>> AndroidRuntime START com.android.internal.os.RuntimeInit <<<<<<
03-04 16:32:26.349 D/AndroidRuntime(21939): CheckJNI is OFF
03-04 16:32:26.349 I/AndroidRuntime(21939): Kernel Release Version: 3.10.20-gf818079
03-04 16:32:26.349 I/dalvikvm(21939): No library specified. The standard exception handler will be used
03-04 16:32:26.359 I/dalvikvm(21939): 
03-04 16:32:26.359 I/dalvikvm(21939): +++++++++++++ Using PCG. +++++++++++++++++++++
03-04 16:32:26.359 D/dalvikvm(21939): Trying to load lib libjavacore.so 0x0
03-04 16:32:26.369 D/dalvikvm(21939): Added shared lib libjavacore.so 0x0
03-04 16:32:26.369 D/dalvikvm(21939): Trying to load lib libnativehelper.so 0x0
03-04 16:32:26.369 D/dalvikvm(21939): Added shared lib libnativehelper.so 0x0
03-04 16:32:26.369 D/dalvikvm(21939): No JNI_OnLoad found in libnativehelper.so 0x0, skipping init
03-04 16:32:26.369 D/dalvikvm(21939): Extra Options: not specified
03-04 16:32:26.389 D/dalvikvm(21939): Note: class Landroid/app/ActivityManagerNative; has 186 unimplemented (abstract) methods
03-04 16:32:26.459 E/memtrack(21939): Couldn't load memtrack module (No such file or directory)
03-04 16:32:26.459 E/android.os.Debug(21939): failed to load memtrack module: -2
03-04 16:32:26.489 D/AndroidRuntime(21939): Calling main entry com.android.commands.am.Am
03-04 16:32:26.519 I/ActivityManager(  505): Force stopping org.xwalk.webapi_noneservice_tests appid=10394 user=0: from pid 21939
03-04 16:32:26.519 I/ActivityManager(  505): Killing 21455:org.xwalk.webapi_noneservice_tests/u0a394 (adj 1): stop org.xwalk.webapi_noneservice_tests
03-04 16:32:26.529 I/SecurityManagerService(  602): SMS received security event: App[STOP/org.xwalk.webapi_noneservice_tests]
03-04 16:32:26.529 D/AndroidRuntime(21939): Shutting down VM
03-04 16:32:26.529 D/dalvikvm(21939): GC_CONCURRENT freed 112K, 16% free 666K/792K, paused 0ms+0ms, total 1ms
03-04 16:32:26.549 D/dalvikvm(21939): Compiler shutdown in progress - discarding request
03-04 16:32:26.549 D/dalvikvm(21939): Compiler shutdown in progress - discarding request
03-04 16:32:26.549 D/dalvikvm(21939): Compiler shutdown in progress - discarding request
03-04 16:32:26.549 D/dalvikvm(21939): Compiler shutdown in progress - discarding request
03-04 16:32:26.549 D/dalvikvm(21939): Compiler shutdown in progress - discarding request
03-04 16:32:26.549 D/dalvikvm(21939): Compiler shutdown in progress - discarding request
03-04 16:32:26.549 D/dalvikvm(21939): Compiler shutdown in progress - discarding request
03-04 16:32:26.549 D/dalvikvm(21939): Compiler shutdown in progress - discarding request
03-04 16:32:26.549 D/dalvikvm(21939): Compiler shutdown in progress - discarding request
03-04 16:32:26.549 D/dalvikvm(21939): Compiler shutdown in progress - discarding request
03-04 16:32:26.549 D/dalvikvm(21939): Compiler shutdown in progress - discarding request
03-04 16:32:26.549 D/dalvikvm(21939): Compiler shutdown in progress - discarding request
03-04 16:32:26.549 D/dalvikvm(21939): Compiler shutdown in progress - discarding request
03-04 16:32:26.549 D/dalvikvm(21939): Compiler shutdown in progress - discarding request
03-04 16:32:26.549 D/dalvikvm(21939): Compiler shutdown in progress - discarding request
03-04 16:32:26.549 D/dalvikvm(21939): Compiler shutdown in progress - discarding request
03-04 16:32:26.549 D/dalvikvm(21939): Compiler shutdown in progress - discarding request
03-04 16:32:26.549 D/dalvikvm(21939): Compiler shutdown in progress - discarding request
03-04 16:32:26.549 D/dalvikvm(21939): Compiler shutdown in progress - discarding request
03-04 16:32:26.549 D/dalvikvm(21939): Compiler shutdown in progress - discarding request
03-04 16:32:26.549 D/dalvikvm(21939): Compiler shutdown in progress - discarding request
03-04 16:32:26.549 D/dalvikvm(21939): Compiler shutdown in progress - discarding request
03-04 16:32:26.549 D/dalvikvm(21939): Compiler shutdown in progress - discarding request
03-04 16:32:26.549 D/dalvikvm(21939): Compiler shutdown in progress - discarding request
03-04 16:32:26.549 D/dalvikvm(21939): Compiler shutdown in progress - discarding request
03-04 16:32:26.549 D/dalvikvm(21939): Compiler shutdown in progress - discarding request
03-04 16:32:26.549 D/dalvikvm(21939): Compiler shutdown in progress - discarding request
03-04 16:32:26.549 D/dalvikvm(21939): Compiler shutdown in progress - discarding request
03-04 16:32:26.549 D/dalvikvm(21939): Compiler shutdown in progress - discarding request
03-04 16:32:26.549 D/dalvikvm(21939): Compiler shutdown in progress - discarding request
03-04 16:32:26.549 D/dalvikvm(21939): Compiler shutdown in progress - discarding request
03-04 16:32:26.549 D/dalvikvm(21939): Compiler shutdown in progress - discarding request
03-04 16:32:26.549 D/dalvikvm(21939): Compiler shutdown in progress - discarding request
03-04 16:32:26.549 D/dalvikvm(21939): Compiler shutdown in progress - discarding request
03-04 16:32:26.549 D/dalvikvm(21939): Compiler shutdown in progress - discarding request
03-04 16:32:26.549 D/dalvikvm(21939): Compiler shutdown in progress - discarding request
03-04 16:32:26.549 D/dalvikvm(21939): Compiler shutdown in progress - discarding request
03-04 16:32:26.549 D/dalvikvm(21939): Compiler shutdown in progress - discarding request
03-04 16:32:26.559 D/dalvikvm(21939): Compiler shutdown in progress - discarding request
03-04 16:32:26.559 D/dalvikvm(21939): Compiler shutdown in progress - discarding request
03-04 16:32:26.559 D/dalvikvm(21939): Compiler shutdown in progress - discarding request
03-04 16:32:26.559 D/dalvikvm(21939): Compiler shutdown in progress - discarding request
03-04 16:32:26.559 D/dalvikvm(21939): Compiler shutdown in progress - discarding request
03-04 16:32:26.559 D/dalvikvm(21939): Compiler shutdown in progress - discarding request
03-04 16:32:26.559 D/dalvikvm(21939): Compiler shutdown in progress - discarding request
03-04 16:32:26.659 I/WindowState(  505): WIN DEATH: Window{22536ff8 u0 org.xwalk.webapi_noneservice_tests/org.xwalk.webapi_noneservice_tests.WebapiNoneserviceTestsActivity EXITING}
03-04 16:32:26.659 I/WindowState(  505): WIN DEATH: Window{221a48a8 u0 SurfaceView EXITING}
03-04 16:32:26.689 W/SurfaceFlinger(  170): couldn't log to binary event log: overflow.
--------- beginning of /dev/log/main
03-04 16:51:42.080 D/cip_VorbisDec(24369): UMCAudioDecoder::input data read (mSource->read) returned -1011, considering end of stream.
03-04 16:51:42.090 D/dalvikvm(27815): Added shared lib /data/app-lib/com.tencent.mm-1/libkkdb.so 0x43d8d4f0
03-04 16:51:42.090 D/dalvikvm(27815): Trying to load lib /data/app-lib/com.tencent.mm-1/libMMProtocalJni.so 0x43d8d4f0
03-04 16:51:42.090 D/dalvikvm(27815): Added shared lib /data/app-lib/com.tencent.mm-1/libMMProtocalJni.so 0x43d8d4f0
03-04 16:51:42.090 D/dalvikvm(27815): No JNI_OnLoad found in /data/app-lib/com.tencent.mm-1/libMMProtocalJni.so 0x43d8d4f0, skipping init
03-04 16:51:42.090 D/dalvikvm(27815): Trying to load lib /data/app-lib/com.tencent.mm-1/libwechatvoicereco.so 0x43d8d4f0
03-04 16:51:42.100 D/dalvikvm(27815): Added shared lib /data/app-lib/com.tencent.mm-1/libwechatvoicereco.so 0x43d8d4f0
03-04 16:51:42.100 D/dalvikvm(27815): Trying to load lib /data/app-lib/com.tencent.mm-1/libwechatcommon.so 0x43d8d4f0
03-04 16:51:42.110 D/dalvikvm(27815): Added shared lib /data/app-lib/com.tencent.mm-1/libwechatcommon.so 0x43d8d4f0
03-04 16:51:42.110 D/dalvikvm(27815): No JNI_OnLoad found in /data/app-lib/com.tencent.mm-1/libwechatcommon.so 0x43d8d4f0, skipping init
03-04 16:51:42.110 D/dalvikvm(27815): Trying to load lib /data/app-lib/com.tencent.mm-1/libFFmpeg.so 0x43d8d4f0
03-04 16:51:42.120 D/dalvikvm(27815): Added shared lib /data/app-lib/com.tencent.mm-1/libFFmpeg.so 0x43d8d4f0
03-04 16:51:42.120 D/dalvikvm(27815): No JNI_OnLoad found in /data/app-lib/com.tencent.mm-1/libFFmpeg.so 0x43d8d4f0, skipping init
03-04 16:51:42.120 D/dalvikvm(27815): Trying to load lib /data/app-lib/com.tencent.mm-1/libwechatpack.so 0x43d8d4f0
03-04 16:51:42.150 D/dalvikvm(27815): Added shared lib /data/app-lib/com.tencent.mm-1/libwechatpack.so 0x43d8d4f0
03-04 16:51:42.150 D/dalvikvm(27815): No JNI_OnLoad found in /data/app-lib/com.tencent.mm-1/libwechatpack.so 0x43d8d4f0, skipping init
03-04 16:51:42.160 D/        (27842): Searching package installed with ABI2 with Uid: 10088 
03-04 16:51:42.160 D/        (27842): Apps with ABI2 9 accessing /proc/cpuinfo 
03-04 16:51:42.180 D/dalvikvm(27815): Trying to load lib /data/app-lib/com.tencent.mm-1/libwechatsight_v7a.so 0x43d8d4f0
03-04 16:51:42.190 D/dalvikvm(27815): Added shared lib /data/app-lib/com.tencent.mm-1/libwechatsight_v7a.so 0x43d8d4f0
03-04 16:51:42.190 D/dalvikvm(27815): No JNI_OnLoad found in /data/app-lib/com.tencent.mm-1/libwechatsight_v7a.so 0x43d8d4f0, skipping init
03-04 16:51:42.380 W/dalvikvm(27815): Unable to resolve superclass of Lcom/tencent/mm/plugin/location_google/GoogleMapView; (600)
03-04 16:51:42.380 W/dalvikvm(27815): Link of class 'Lcom/tencent/mm/plugin/location_google/GoogleMapView;' failed
03-04 16:51:42.380 E/dalvikvm(27815): Could not find class 'com.tencent.mm.plugin.location_google.GoogleMapView', referenced from method com.tencent.mm.plugin.location_google.LocationInit$LocationInitImp.createMapView
03-04 16:51:42.380 W/dalvikvm(27815): VFY: unable to resolve new-instance 3910 (Lcom/tencent/mm/plugin/location_google/GoogleMapView;) in Lcom/tencent/mm/plugin/location_google/LocationInit$LocationInitImp;
03-04 16:51:42.380 D/dalvikvm(27815): VFY: replacing opcode 0x22 at 0x0007
03-04 16:51:42.380 W/dalvikvm(27815): Unable to resolve superclass of Lcom/tencent/mm/plugin/location_google/GoogleProxyUI; (597)
03-04 16:51:42.380 W/dalvikvm(27815): Link of class 'Lcom/tencent/mm/plugin/location_google/GoogleProxyUI;' failed
