--------- beginning of /dev/log/main
03-04 16:26:20.089 D/AndroidRuntime(19376): 
03-04 16:26:20.089 D/AndroidRuntime(19376): >>>>>> AndroidRuntime START com.android.internal.os.RuntimeInit <<<<<<
03-04 16:26:20.089 D/AndroidRuntime(19376): CheckJNI is OFF
03-04 16:26:20.089 I/AndroidRuntime(19376): Kernel Release Version: 3.10.20-gf818079
03-04 16:26:20.089 I/dalvikvm(19376): No library specified. The standard exception handler will be used
03-04 16:26:20.089 I/dalvikvm(19376): 
03-04 16:26:20.089 I/dalvikvm(19376): +++++++++++++ Using PCG. +++++++++++++++++++++
03-04 16:26:20.099 D/dalvikvm(19376): Trying to load lib libjavacore.so 0x0
03-04 16:26:20.099 D/dalvikvm(19376): Added shared lib libjavacore.so 0x0
03-04 16:26:20.099 D/dalvikvm(19376): Trying to load lib libnativehelper.so 0x0
03-04 16:26:20.099 D/dalvikvm(19376): Added shared lib libnativehelper.so 0x0
03-04 16:26:20.099 D/dalvikvm(19376): No JNI_OnLoad found in libnativehelper.so 0x0, skipping init
03-04 16:26:20.109 D/dalvikvm(19376): Extra Options: not specified
03-04 16:26:20.119 D/dalvikvm(19376): Note: class Landroid/app/ActivityManagerNative; has 186 unimplemented (abstract) methods
03-04 16:26:20.189 E/memtrack(19376): Couldn't load memtrack module (No such file or directory)
03-04 16:26:20.189 E/android.os.Debug(19376): failed to load memtrack module: -2
03-04 16:26:20.229 D/AndroidRuntime(19376): Calling main entry com.android.commands.am.Am
03-04 16:26:20.249 D/AndroidRuntime(19376): Shutting down VM
--------- beginning of /dev/log/system
03-04 16:26:20.249 I/ActivityManager(  505): Force stopping org.xwalk.webapi_noneservice_tests appid=10394 user=0: from pid 19376
03-04 16:26:20.259 D/dalvikvm(19376): GC_CONCURRENT freed 108K, 16% free 638K/760K, paused 0ms+0ms, total 1ms
03-04 16:26:20.259 D/dalvikvm(19376): Compiler shutdown in progress - discarding request
03-04 16:26:20.259 D/dalvikvm(19376): Compiler shutdown in progress - discarding request
03-04 16:26:20.259 D/dalvikvm(19376): Compiler shutdown in progress - discarding request
03-04 16:26:20.259 D/dalvikvm(19376): Compiler shutdown in progress - discarding request
03-04 16:26:20.259 D/dalvikvm(19376): Compiler shutdown in progress - discarding request
03-04 16:26:20.259 D/dalvikvm(19376): Compiler shutdown in progress - discarding request
03-04 16:26:20.259 D/dalvikvm(19376): Compiler shutdown in progress - discarding request
03-04 16:26:20.259 D/dalvikvm(19376): Compiler shutdown in progress - discarding request
03-04 16:26:20.259 D/dalvikvm(19376): Compiler shutdown in progress - discarding request
03-04 16:26:20.259 D/dalvikvm(19376): Compiler shutdown in progress - discarding request
03-04 16:26:20.259 D/dalvikvm(19376): Compiler shutdown in progress - discarding request
03-04 16:26:20.259 D/dalvikvm(19376): Compiler shutdown in progress - discarding request
03-04 16:26:20.259 D/dalvikvm(19376): Compiler shutdown in progress - discarding request
03-04 16:26:20.259 D/dalvikvm(19376): Compiler shutdown in progress - discarding request
03-04 16:26:20.259 D/dalvikvm(19376): Compiler shutdown in progress - discarding request
03-04 16:26:20.259 D/dalvikvm(19376): Compiler shutdown in progress - discarding request
03-04 16:26:20.259 D/dalvikvm(19376): Compiler shutdown in progress - discarding request
03-04 16:26:20.259 D/dalvikvm(19376): Compiler shutdown in progress - discarding request
03-04 16:26:20.259 D/dalvikvm(19376): Compiler shutdown in progress - discarding request
03-04 16:26:20.259 D/dalvikvm(19376): Compiler shutdown in progress - discarding request
03-04 16:26:20.259 D/dalvikvm(19376): Compiler shutdown in progress - discarding request
03-04 16:26:20.259 D/dalvikvm(19376): Compiler shutdown in progress - discarding request
03-04 16:26:20.259 D/dalvikvm(19376): Compiler shutdown in progress - discarding request
03-04 16:26:20.259 D/dalvikvm(19376): Compiler shutdown in progress - discarding request
03-04 16:26:20.259 D/dalvikvm(19376): Compiler shutdown in progress - discarding request
03-04 16:26:20.259 D/dalvikvm(19376): Compiler shutdown in progress - discarding request
03-04 16:26:20.259 D/dalvikvm(19376): Compiler shutdown in progress - discarding request
03-04 16:26:20.259 D/dalvikvm(19376): Compiler shutdown in progress - discarding request
03-04 16:26:20.259 D/dalvikvm(19376): Compiler shutdown in progress - discarding request
03-04 16:26:20.259 D/dalvikvm(19376): Compiler shutdown in progress - discarding request
03-04 16:26:20.259 D/dalvikvm(19376): Compiler shutdown in progress - discarding request
03-04 16:26:20.259 D/dalvikvm(19376): Compiler shutdown in progress - discarding request
03-04 16:26:20.259 D/dalvikvm(19376): Compiler shutdown in progress - discarding request
03-04 16:26:20.259 D/dalvikvm(19376): Compiler shutdown in progress - discarding request
03-04 16:26:20.259 D/dalvikvm(19376): Compiler shutdown in progress - discarding request
03-04 16:26:20.259 D/dalvikvm(19376): Compiler shutdown in progress - discarding request
03-04 16:26:20.259 D/dalvikvm(19376): Compiler shutdown in progress - discarding request
03-04 16:26:20.259 D/dalvikvm(19376): Compiler shutdown in progress - discarding request
03-04 16:26:20.259 D/dalvikvm(19376): Compiler shutdown in progress - discarding request
03-04 16:26:20.259 D/dalvikvm(19376): Compiler shutdown in progress - discarding request
03-04 16:26:20.259 D/dalvikvm(19376): Compiler shutdown in progress - discarding request
03-04 16:26:20.259 D/dalvikvm(19376): Compiler shutdown in progress - discarding request
03-04 16:26:20.259 D/dalvikvm(19376): Compiler shutdown in progress - discarding request
03-04 16:26:20.259 D/dalvikvm(19376): Compiler shutdown in progress - discarding request
03-04 16:26:20.259 D/dalvikvm(19376): Compiler shutdown in progress - discarding request
03-04 16:26:20.259 D/dalvikvm(19376): Compiler shutdown in progress - discarding request
03-04 16:26:20.259 D/dalvikvm(19376): Compiler shutdown in progress - discarding request
03-04 16:26:20.779 I/WifiHW  (  505): CMD: IFNAME=wlan0 SIGNAL_POLL
03-04 16:26:20.779 D/wpa_supplicant(  694): RX ctrl_iface - hexdump(len=11): 53 49 47 4e 41 4c 5f 50 4f 4c 4c
03-04 16:26:20.779 D/wpa_supplicant(  694): wlan0: Control interface command 'SIGNAL_POLL'
03-04 16:26:20.809 D/EVENT_THREAD(  182): void CEventThread::run() POLLIN event on Fd (1)
03-04 16:26:20.809 D/EVENT_THREAD(  182): void CEventThread::run() Do poll with timeout: -1
03-04 16:26:20.809 I/upi_ug31xx(  165): (2093) update_capacity
03-04 16:26:20.809 I/[UPI]   (  165): <UG31/E>[UpiReadCapacity]: V=4018(4018), T=343(344-408), I=-340, C=-3(-3-0)
03-04 16:26:20.809 I/[UPI]   (  165): <UG31/E>[UpiReadCapacity]: (0x0000254a) 3006 (2994) / 3602 (4028) = 83
03-04 16:26:20.809 I/[UPI]   (  165): <UG31/E>[UpiReadCapacity]: (0x0000254a) 3006 (2994) / 3602 (4028) = 83
03-04 16:26:20.809 D/wpa_supplicant(  694): nl80211: survey data missing!
03-04 16:26:20.809 I/[UPI]   (  165): <UG31/E>[UpiReadCapacity]: (0x0000254a) 3003 (3003) / 3602 (4028) = 83
03-04 16:26:20.809 I/[UPI]   (  165): <UG31/E>[RsocFilterCountTime]: (0x0000254a) Step=0(30320), Full=0(30320), Lock=30320(1800000)
03-04 16:26:20.809 I/[UPI]   (  165): <UG31/E>[UpiReadCapacity]: (0x0000254a) 3003 (3003) / 3602 (4028) = 83 (-340--340)
03-04 16:26:20.809 I/[UPI]   (  165): <UG31/E><BATT> M:normal, P:83(83-83)%, V:4018mV, C:-390mA, T:34.4C(408), S:0x0000254a(000), R:3003mAh, F:3602mAh, Q:713mAh, CC:4, P:30.320(895-0)s, BO:7, 97:615:0-44af-9m:B001-20140514-144301 (16)
03-04 16:26:20.809 I/WifiHW  (  505): REPLY: RSSI=-58
03-04 16:26:20.809 I/WifiHW  (  505): REPLY: LINKSPEED=58
03-04 16:26:20.809 I/WifiHW  (  505): REPLY: NOISE=9999
03-04 16:26:20.809 I/WifiHW  (  505): REPLY: FREQUENCY=2437
03-04 16:26:20.809 D/EVENT_THREAD(  182): void CEventThread::run() POLLIN event on Fd (1)
03-04 16:26:20.809 D/EVENT_THREAD(  182): void CEventThread::run() Do poll with timeout: -1
03-04 16:26:20.809 I/upi_ug31xx(  165): (2094) backup_data write
03-04 16:26:20.809 V/upi_ug31xx(  165): state->check_backup_count = 12
03-04 16:26:20.819 I/[UPI]   (  165): <UG31/E>[upi_lib_backup_data]: Driver backup data not ready.
03-04 16:26:20.879 D/AndroidRuntime(19387): 
03-04 16:26:20.879 D/AndroidRuntime(19387): >>>>>> AndroidRuntime START com.android.internal.os.RuntimeInit <<<<<<
03-04 16:26:20.879 D/AndroidRuntime(19387): CheckJNI is OFF
03-04 16:26:20.879 I/AndroidRuntime(19387): Kernel Release Version: 3.10.20-gf818079
03-04 16:26:20.879 I/dalvikvm(19387): No library specified. The standard exception handler will be used
03-04 16:26:20.879 I/dalvikvm(19387): 
03-04 16:26:20.879 I/dalvikvm(19387): +++++++++++++ Using PCG. +++++++++++++++++++++
03-04 16:26:20.889 D/dalvikvm(19387): Trying to load lib libjavacore.so 0x0
03-04 16:26:20.889 D/dalvikvm(19387): Added shared lib libjavacore.so 0x0
03-04 16:26:20.889 D/dalvikvm(19387): Trying to load lib libnativehelper.so 0x0
03-04 16:26:20.889 D/dalvikvm(19387): Added shared lib libnativehelper.so 0x0
03-04 16:26:20.889 D/dalvikvm(19387): No JNI_OnLoad found in libnativehelper.so 0x0, skipping init
03-04 16:26:20.899 D/dalvikvm(19387): Extra Options: not specified
03-04 16:26:20.909 D/dalvikvm(19387): Note: class Landroid/app/ActivityManagerNative; has 186 unimplemented (abstract) methods
03-04 16:26:20.979 E/memtrack(19387): Couldn't load memtrack module (No such file or directory)
03-04 16:26:20.979 E/android.os.Debug(19387): failed to load memtrack module: -2
03-04 16:26:21.009 D/AndroidRuntime(19387): Calling main entry com.android.commands.am.Am
03-04 16:26:21.049 D/AndroidRuntime(19387): Shutting down VM
03-04 16:26:21.049 D/dalvikvm(19387): GC_CONCURRENT freed 113K, 16% free 674K/800K, paused 0ms+0ms, total 1ms
03-04 16:26:21.049 I/ActivityManager(  505): START u0 {flg=0x10000000 cmp=org.xwalk.webapi_noneservice_tests/.webapi_noneservice_testsActivity} from pid 19387
03-04 16:26:21.059 D/dalvikvm(19387): Compiler shutdown in progress - discarding request
03-04 16:26:21.059 D/dalvikvm(19387): Compiler shutdown in progress - discarding request
03-04 16:26:21.059 D/dalvikvm(19387): Compiler shutdown in progress - discarding request
03-04 16:26:21.059 D/dalvikvm(19387): Compiler shutdown in progress - discarding request
03-04 16:26:21.059 D/dalvikvm(19387): Compiler shutdown in progress - discarding request
03-04 16:26:21.059 D/dalvikvm(19387): Compiler shutdown in progress - discarding request
03-04 16:26:21.059 D/dalvikvm(19387): Compiler shutdown in progress - discarding request
03-04 16:26:21.059 D/dalvikvm(19387): Compiler shutdown in progress - discarding request
03-04 16:26:21.059 D/dalvikvm(19387): Compiler shutdown in progress - discarding request
03-04 16:26:21.059 D/dalvikvm(19387): Compiler shutdown in progress - discarding request
03-04 16:26:21.059 D/dalvikvm(19387): Compiler shutdown in progress - discarding request
03-04 16:26:21.059 D/dalvikvm(19387): Compiler shutdown in progress - discarding request
03-04 16:26:21.059 D/dalvikvm(19387): Compiler shutdown in progress - discarding request
03-04 16:26:21.059 D/dalvikvm(19387): Compiler shutdown in progress - discarding request
03-04 16:26:21.059 D/dalvikvm(19387): Compiler shutdown in progress - discarding request
03-04 16:26:21.059 D/dalvikvm(19387): Compiler shutdown in progress - discarding request
03-04 16:26:21.059 D/dalvikvm(19387): Compiler shutdown in progress - discarding request
03-04 16:26:21.059 D/dalvikvm(19387): Compiler shutdown in progress - discarding request
03-04 16:26:21.059 D/dalvikvm(19387): Compiler shutdown in progress - discarding request
03-04 16:26:21.059 D/dalvikvm(19387): Compiler shutdown in progress - discarding request
03-04 16:26:21.059 D/dalvikvm(19387): Compiler shutdown in progress - discarding request
03-04 16:26:21.059 D/dalvikvm(19387): Compiler shutdown in progress - discarding request
03-04 16:26:21.059 D/dalvikvm(19387): Compiler shutdown in progress - discarding request
03-04 16:26:21.059 D/dalvikvm(19387): Compiler shutdown in progress - discarding request
03-04 16:26:21.059 D/dalvikvm(19387): Compiler shutdown in progress - discarding request
03-04 16:26:21.059 D/dalvikvm(19387): Compiler shutdown in progress - discarding request
03-04 16:26:21.059 D/dalvikvm(19387): Compiler shutdown in progress - discarding request
03-04 16:26:21.059 D/dalvikvm(19387): Compiler shutdown in progress - discarding request
03-04 16:26:21.059 D/dalvikvm(19387): Compiler shutdown in progress - discarding request
03-04 16:26:21.059 D/dalvikvm(19387): Compiler shutdown in progress - discarding request
03-04 16:26:21.059 D/dalvikvm(19387): Compiler shutdown in progress - discarding request
03-04 16:26:21.059 D/dalvikvm(19387): Compiler shutdown in progress - discarding request
03-04 16:26:21.059 D/dalvikvm(19387): Compiler shutdown in progress - discarding request
03-04 16:26:21.059 D/dalvikvm(19387): Compiler shutdown in progress - discarding request
03-04 16:26:21.059 D/dalvikvm(19387): Compiler shutdown in progress - discarding request
03-04 16:26:21.059 D/dalvikvm(19387): Compiler shutdown in progress - discarding request
03-04 16:26:21.059 D/dalvikvm(19387): Compiler shutdown in progress - discarding request
03-04 16:26:21.059 D/dalvikvm(19387): Compiler shutdown in progress - discarding request
03-04 16:26:21.059 D/dalvikvm(19387): Compiler shutdown in progress - discarding request
03-04 16:26:21.059 D/dalvikvm(19387): Compiler shutdown in progress - discarding request
03-04 16:26:21.059 D/dalvikvm(19387): Compiler shutdown in progress - discarding request
03-04 16:26:21.059 D/dalvikvm(19387): Compiler shutdown in progress - discarding request
03-04 16:26:21.059 D/dalvikvm(19387): Compiler shutdown in progress - discarding request
03-04 16:26:21.059 D/dalvikvm(19387): Compiler shutdown in progress - discarding request
03-04 16:26:21.059 D/dalvikvm(19387): Compiler shutdown in progress - discarding request
03-04 16:26:21.659 D/AndroidRuntime(19398): 
03-04 16:26:21.659 D/AndroidRuntime(19398): >>>>>> AndroidRuntime START com.android.internal.os.RuntimeInit <<<<<<
03-04 16:26:21.659 D/AndroidRuntime(19398): CheckJNI is OFF
03-04 16:26:21.659 I/AndroidRuntime(19398): Kernel Release Version: 3.10.20-gf818079
03-04 16:26:21.659 I/dalvikvm(19398): No library specified. The standard exception handler will be used
03-04 16:26:21.659 I/dalvikvm(19398): 
03-04 16:26:21.659 I/dalvikvm(19398): +++++++++++++ Using PCG. +++++++++++++++++++++
03-04 16:26:21.669 D/dalvikvm(19398): Trying to load lib libjavacore.so 0x0
03-04 16:26:21.669 D/dalvikvm(19398): Added shared lib libjavacore.so 0x0
03-04 16:26:21.669 D/dalvikvm(19398): Trying to load lib libnativehelper.so 0x0
03-04 16:26:21.669 D/dalvikvm(19398): Added shared lib libnativehelper.so 0x0
03-04 16:26:21.669 D/dalvikvm(19398): No JNI_OnLoad found in libnativehelper.so 0x0, skipping init
03-04 16:26:21.679 D/dalvikvm(19398): Extra Options: not specified
03-04 16:26:21.689 D/dalvikvm(19398): Note: class Landroid/app/ActivityManagerNative; has 186 unimplemented (abstract) methods
03-04 16:26:21.759 E/memtrack(19398): Couldn't load memtrack module (No such file or directory)
03-04 16:26:21.759 E/android.os.Debug(19398): failed to load memtrack module: -2
03-04 16:26:21.799 D/AndroidRuntime(19398): Calling main entry com.android.commands.am.Am
03-04 16:26:21.829 D/AndroidRuntime(19398): Shutting down VM
03-04 16:26:21.829 D/dalvikvm(19398): GC_CONCURRENT freed 117K, 16% free 702K/832K, paused 0ms+0ms, total 1ms
03-04 16:26:21.829 I/ActivityManager(  505): START u0 {flg=0x10000000 cmp=org.xwalk.webapi_noneservice_tests/.webapi_noneservice_tests} from pid 19398
03-04 16:26:21.839 D/dalvikvm(19398): Compiler shutdown in progress - discarding request
03-04 16:26:21.839 D/dalvikvm(19398): Compiler shutdown in progress - discarding request
03-04 16:26:21.839 D/dalvikvm(19398): Compiler shutdown in progress - discarding request
03-04 16:26:21.839 D/dalvikvm(19398): Compiler shutdown in progress - discarding request
03-04 16:26:21.839 D/dalvikvm(19398): Compiler shutdown in progress - discarding request
03-04 16:26:21.839 D/dalvikvm(19398): Compiler shutdown in progress - discarding request
03-04 16:26:21.839 D/dalvikvm(19398): Compiler shutdown in progress - discarding request
03-04 16:26:21.839 D/dalvikvm(19398): Compiler shutdown in progress - discarding request
03-04 16:26:21.839 D/dalvikvm(19398): Compiler shutdown in progress - discarding request
03-04 16:26:21.839 D/dalvikvm(19398): Compiler shutdown in progress - discarding request
03-04 16:26:21.839 D/dalvikvm(19398): Compiler shutdown in progress - discarding request
03-04 16:26:21.839 D/dalvikvm(19398): Compiler shutdown in progress - discarding request
03-04 16:26:21.839 D/dalvikvm(19398): Compiler shutdown in progress - discarding request
03-04 16:26:21.839 D/dalvikvm(19398): Compiler shutdown in progress - discarding request
03-04 16:26:21.839 D/dalvikvm(19398): Compiler shutdown in progress - discarding request
03-04 16:26:21.839 D/dalvikvm(19398): Compiler shutdown in progress - discarding request
03-04 16:26:21.839 D/dalvikvm(19398): Compiler shutdown in progress - discarding request
03-04 16:26:21.839 D/dalvikvm(19398): Compiler shutdown in progress - discarding request
03-04 16:26:21.839 D/dalvikvm(19398): Compiler shutdown in progress - discarding request
03-04 16:26:21.839 D/dalvikvm(19398): Compiler shutdown in progress - discarding request
03-04 16:26:21.839 D/dalvikvm(19398): Compiler shutdown in progress - discarding request
03-04 16:26:21.839 D/dalvikvm(19398): Compiler shutdown in progress - discarding request
03-04 16:26:21.839 D/dalvikvm(19398): Compiler shutdown in progress - discarding request
03-04 16:26:21.839 D/dalvikvm(19398): Compiler shutdown in progress - discarding request
03-04 16:26:21.839 D/dalvikvm(19398): Compiler shutdown in progress - discarding request
03-04 16:26:21.839 D/dalvikvm(19398): Compiler shutdown in progress - discarding request
03-04 16:26:21.839 D/dalvikvm(19398): Compiler shutdown in progress - discarding request
03-04 16:26:21.839 D/dalvikvm(19398): Compiler shutdown in progress - discarding request
03-04 16:26:21.839 D/dalvikvm(19398): Compiler shutdown in progress - discarding request
03-04 16:26:21.839 D/dalvikvm(19398): Compiler shutdown in progress - discarding request
03-04 16:26:21.839 D/dalvikvm(19398): Compiler shutdown in progress - discarding request
03-04 16:26:21.839 D/dalvikvm(19398): Compiler shutdown in progress - discarding request
03-04 16:26:21.839 D/dalvikvm(19398): Compiler shutdown in progress - discarding request
03-04 16:26:21.839 D/dalvikvm(19398): Compiler shutdown in progress - discarding request
03-04 16:26:21.839 D/dalvikvm(19398): Compiler shutdown in progress - discarding request
03-04 16:26:21.839 D/dalvikvm(19398): Compiler shutdown in progress - discarding request
03-04 16:26:21.839 D/dalvikvm(19398): Compiler shutdown in progress - discarding request
03-04 16:26:21.839 D/dalvikvm(19398): Compiler shutdown in progress - discarding request
03-04 16:26:21.839 D/dalvikvm(19398): Compiler shutdown in progress - discarding request
03-04 16:26:21.839 D/dalvikvm(19398): Compiler shutdown in progress - discarding request
03-04 16:26:21.839 D/dalvikvm(19398): Compiler shutdown in progress - discarding request
03-04 16:26:21.839 D/dalvikvm(19398): Compiler shutdown in progress - discarding request
03-04 16:26:21.839 D/dalvikvm(19398): Compiler shutdown in progress - discarding request
03-04 16:26:21.839 D/dalvikvm(19398): Compiler shutdown in progress - discarding request
03-04 16:26:21.839 D/dalvikvm(19398): Compiler shutdown in progress - discarding request
03-04 16:26:22.449 D/AndroidRuntime(19410): 
03-04 16:26:22.449 D/AndroidRuntime(19410): >>>>>> AndroidRuntime START com.android.internal.os.RuntimeInit <<<<<<
03-04 16:26:22.449 D/AndroidRuntime(19410): CheckJNI is OFF
03-04 16:26:22.449 I/AndroidRuntime(19410): Kernel Release Version: 3.10.20-gf818079
03-04 16:26:22.449 I/dalvikvm(19410): No library specified. The standard exception handler will be used
03-04 16:26:22.449 I/dalvikvm(19410): 
03-04 16:26:22.449 I/dalvikvm(19410): +++++++++++++ Using PCG. +++++++++++++++++++++
03-04 16:26:22.459 D/dalvikvm(19410): Trying to load lib libjavacore.so 0x0
03-04 16:26:22.459 D/dalvikvm(19410): Added shared lib libjavacore.so 0x0
03-04 16:26:22.459 D/dalvikvm(19410): Trying to load lib libnativehelper.so 0x0
03-04 16:26:22.459 D/dalvikvm(19410): Added shared lib libnativehelper.so 0x0
03-04 16:26:22.459 D/dalvikvm(19410): No JNI_OnLoad found in libnativehelper.so 0x0, skipping init
03-04 16:26:22.469 D/dalvikvm(19410): Extra Options: not specified
03-04 16:26:22.479 D/dalvikvm(19410): Note: class Landroid/app/ActivityManagerNative; has 186 unimplemented (abstract) methods
03-04 16:26:22.559 E/memtrack(19410): Couldn't load memtrack module (No such file or directory)
03-04 16:26:22.559 E/android.os.Debug(19410): failed to load memtrack module: -2
03-04 16:26:22.589 D/AndroidRuntime(19410): Calling main entry com.android.commands.am.Am
03-04 16:26:22.619 W/ufoGralloc(  170): registerBuffer() handle 0xb95a6520/4 didn't require registration
03-04 16:26:22.619 I/ActivityManager(  505): START u0 {flg=0x10000000 cmp=org.xwalk.webapi_noneservice_tests/.WebapiNoneserviceTestsActivity} from pid 19410
03-04 16:26:22.649 D/AndroidRuntime(19410): Shutting down VM
03-04 16:26:22.659 D/dalvikvm(19410): GC_CONCURRENT freed 114K, 16% free 701K/832K, paused 0ms+0ms, total 1ms
03-04 16:26:22.659 I/dalvikvm(19410): Total arena pages for JIT: 11
03-04 16:26:22.659 I/dalvikvm(19410): Total arena pages for JIT: 12
03-04 16:26:22.669 I/dalvikvm(19410): Total arena pages for JIT: 13
03-04 16:26:22.669 I/dalvikvm(19410): Total arena pages for JIT: 14
03-04 16:26:22.669 I/dalvikvm(19410): Total arena pages for JIT: 15
03-04 16:26:22.679 I/SecurityManagerService(  602): SMS received security event: App[START/org.xwalk.webapi_noneservice_tests]
03-04 16:26:22.679 D/dalvikvm(19421): Process 19421 nice name: org.xwalk.webapi_noneservice_tests
03-04 16:26:22.679 D/dalvikvm(19421): Extra Options: not specified
03-04 16:26:22.679 I/ActivityManager(  505): Start proc org.xwalk.webapi_noneservice_tests for activity org.xwalk.webapi_noneservice_tests/.WebapiNoneserviceTestsActivity: pid=19421 uid=10394 gids={50394, 3003, 1028, 1015}
03-04 16:26:22.689 D/WindowManager(  505): adjustConfigurationLw, config:{1.0 ?mcc?mnc ?locale ?layoutDir sw600dp w600dp h888dp 213dpi lrg port ?uimode ?night finger -keyb/v/h -nav/v} mLidState:1 mHasDockFeature:false mHasKeyboardFeature:false mHasHallSensorFeature:true config.hardKeyboardHidden:2
03-04 16:26:22.689 I/ActivityManager(  505): [TopPkgCurBat]	NowPkgName[org.xwalk.webapi_noneservice_tests]	Battery[83]	TimeTick[1425457582704]	OldPkgName[com.chrome.beta]
03-04 16:26:22.699 D/dalvikvm(19410): Compiler shutdown in progress - discarding request
03-04 16:26:22.699 D/dalvikvm(19410): Compiler shutdown in progress - discarding request
03-04 16:26:22.699 D/dalvikvm(19410): Compiler shutdown in progress - discarding request
03-04 16:26:22.699 D/dalvikvm(19410): Compiler shutdown in progress - discarding request
03-04 16:26:22.699 D/dalvikvm(19410): Compiler shutdown in progress - discarding request
03-04 16:26:22.699 D/dalvikvm(19410): Compiler shutdown in progress - discarding request
03-04 16:26:22.699 D/dalvikvm(19410): Compiler shutdown in progress - discarding request
03-04 16:26:22.699 D/dalvikvm(19410): Compiler shutdown in progress - discarding request
03-04 16:26:22.699 D/dalvikvm(19410): Compiler shutdown in progress - discarding request
03-04 16:26:22.699 D/dalvikvm(19410): Compiler shutdown in progress - discarding request
03-04 16:26:22.699 D/dalvikvm(19410): Compiler shutdown in progress - discarding request
03-04 16:26:22.699 D/dalvikvm(19410): Compiler shutdown in progress - discarding request
03-04 16:26:22.699 D/dalvikvm(19410): Compiler shutdown in progress - discarding request
03-04 16:26:22.699 D/dalvikvm(19410): Compiler shutdown in progress - discarding request
03-04 16:26:22.699 D/dalvikvm(19410): Compiler shutdown in progress - discarding request
03-04 16:26:22.699 D/dalvikvm(19410): Compiler shutdown in progress - discarding request
03-04 16:26:22.699 D/dalvikvm(19410): Compiler shutdown in progress - discarding request
03-04 16:26:22.699 D/dalvikvm(19410): Compiler shutdown in progress - discarding request
03-04 16:26:22.699 D/dalvikvm(19410): Compiler shutdown in progress - discarding request
03-04 16:26:22.699 D/dalvikvm(19410): Compiler shutdown in progress - discarding request
03-04 16:26:22.699 D/dalvikvm(19410): Compiler shutdown in progress - discarding request
03-04 16:26:22.699 D/dalvikvm(19410): Compiler shutdown in progress - discarding request
03-04 16:26:22.699 D/dalvikvm(19410): Compiler shutdown in progress - discarding request
03-04 16:26:22.699 D/dalvikvm(19410): Compiler shutdown in progress - discarding request
03-04 16:26:22.699 D/dalvikvm(19410): Compiler shutdown in progress - discarding request
03-04 16:26:22.699 D/dalvikvm(19410): Compiler shutdown in progress - discarding request
03-04 16:26:22.699 D/dalvikvm(19410): Compiler shutdown in progress - discarding request
03-04 16:26:22.699 D/dalvikvm(19410): Compiler shutdown in progress - discarding request
03-04 16:26:22.699 D/dalvikvm(19410): Compiler shutdown in progress - discarding request
03-04 16:26:22.699 D/dalvikvm(19410): Compiler shutdown in progress - discarding request
03-04 16:26:22.709 D/        (19028): Surface destroy: ANDROID_NATIVE_WINDOW_MAGIC
03-04 16:26:22.759 D/dalvikvm(19421): Trying to load lib /data/app-lib/org.xwalk.webapi_noneservice_tests-1/libxwalkcore.so 0x43d86730
03-04 16:26:22.789 D/        (16472): Surface destroy: ANDROID_NATIVE_WINDOW_MAGIC
03-04 16:26:22.839 D/dalvikvm(19421): Added shared lib /data/app-lib/org.xwalk.webapi_noneservice_tests-1/libxwalkcore.so 0x43d86730
03-04 16:26:22.859 I/LibraryLoader(19421): Time to load native libraries: 95 ms (timestamps 5109-5204)
03-04 16:26:22.859 I/LibraryLoader(19421): Expected native library version number "",actual native library version number ""
03-04 16:26:22.879 I/LibraryLoader(19421): Expected native library version number "",actual native library version number ""
03-04 16:26:22.879 I/chromium(19421): [INFO:library_loader_hooks.cc(112)] Chromium logging enabled: level = 0, default verbosity = 0
03-04 16:26:22.949 I/BrowserStartupController(19421): Initializing chromium process, singleProcess=true
03-04 16:26:23.409 W/AudioManagerAndroid(19421): Requires BLUETOOTH permission
03-04 16:26:23.409 I/ufoGralloc(19421): Hello, this is UFO GRALLOC/Intel Corporation
03-04 16:26:23.419 D/        (19421): Pixel Format : GGL_PIXEL_FORMAT_RGBA_8888
03-04 16:26:23.419 D/        (19421): droid_create_context : config id = 1 conf->NativeVisualID=1
03-04 16:26:23.419 D/        (19421): Pixel Format : GGL_PIXEL_FORMAT_RGBA_8888
03-04 16:26:23.419 I/        (19421): Requested context : GLES 2.0
03-04 16:26:23.469 W/chromium(19421): [WARNING:proxy_service.cc(899)] PAC support disabled because there is no system implementation
03-04 16:26:23.479 W/dalvikvm(19421): VFY: unable to find class referenced in signature (Landroid/view/inputmethod/CursorAnchorInfo;)
03-04 16:26:23.479 I/dalvikvm(19421): Could not find method android.view.inputmethod.InputMethodManager.updateCursorAnchorInfo, referenced from method org.chromium.content.browser.input.InputMethodManagerWrapper.updateCursorAnchorInfo
03-04 16:26:23.479 W/dalvikvm(19421): VFY: unable to resolve virtual method 1241: Landroid/view/inputmethod/InputMethodManager;.updateCursorAnchorInfo (Landroid/view/View;Landroid/view/inputmethod/CursorAnchorInfo;)V
03-04 16:26:23.479 D/dalvikvm(19421): VFY: replacing opcode 0x6e at 0x000a
03-04 16:26:23.539 E/cutils  (  162): Failed to mkdirat(/Removable/MicroSD): Read-only file system
03-04 16:26:23.539 W/ContextImpl(19421): Failed to ensure directory: /Removable/MicroSD/Android/data/org.xwalk.webapi_noneservice_tests/cache
03-04 16:26:23.539 W/Vold    (  162): Returning OperationFailed - no handler for errno 30
03-04 16:26:23.549 W/XWalkExtensionManager(19421): Failed to read extensions-config.json
03-04 16:26:23.549 E/chromium(19421): [ERROR:unix_domain_server_socket_posix.cc(106)] Not implemented reached in virtual int net::UnixDomainServerSocket::GetLocalAddress(net::IPEndPoint*) const
03-04 16:26:23.549 I/dalvikvm(19421): Could not find method android.app.Activity.finishAndRemoveTask, referenced from method org.chromium.base.ApiCompatibilityUtils.finishAndRemoveTask
03-04 16:26:23.549 W/dalvikvm(19421): VFY: unable to resolve virtual method 4: Landroid/app/Activity;.finishAndRemoveTask ()V
03-04 16:26:23.549 D/dalvikvm(19421): VFY: replacing opcode 0x6e at 0x0006
03-04 16:26:23.549 I/dalvikvm(19421): Could not find method android.os.PowerManager.isInteractive, referenced from method org.chromium.base.ApiCompatibilityUtils.isInteractive
03-04 16:26:23.549 W/dalvikvm(19421): VFY: unable to resolve virtual method 768: Landroid/os/PowerManager;.isInteractive ()Z
03-04 16:26:23.549 D/dalvikvm(19421): VFY: replacing opcode 0x6e at 0x000e
03-04 16:26:23.549 I/dalvikvm(19421): Could not find method android.view.Window.getNavigationBarColor, referenced from method org.chromium.base.ApiCompatibilityUtils.setStatusBarColor
03-04 16:26:23.549 W/dalvikvm(19421): VFY: unable to resolve virtual method 1144: Landroid/view/Window;.getNavigationBarColor ()I
03-04 16:26:23.549 D/dalvikvm(19421): VFY: replacing opcode 0x6e at 0x0010
03-04 16:26:23.549 I/dalvikvm(19421): Could not find method android.view.Window.setStatusBarColor, referenced from method org.chromium.base.ApiCompatibilityUtils.setStatusBarColor
03-04 16:26:23.549 W/dalvikvm(19421): VFY: unable to resolve virtual method 1149: Landroid/view/Window;.setStatusBarColor (I)V
03-04 16:26:23.549 D/dalvikvm(19421): VFY: replacing opcode 0x6e at 0x0019
03-04 16:26:23.549 E/dalvikvm(19421): Could not find class 'android.app.ActivityManager$TaskDescription', referenced from method org.chromium.base.ApiCompatibilityUtils.setTaskDescription
03-04 16:26:23.549 W/dalvikvm(19421): VFY: unable to resolve new-instance 11 (Landroid/app/ActivityManager$TaskDescription;) in Lorg/chromium/base/ApiCompatibilityUtils;
03-04 16:26:23.549 D/dalvikvm(19421): VFY: replacing opcode 0x22 at 0x0006
03-04 16:26:23.549 D/dalvikvm(19421): DexOpt: unable to opt direct call 0x001e at 0x08 in Lorg/chromium/base/ApiCompatibilityUtils;.setTaskDescription
03-04 16:26:23.599 I/chromium(19421): [INFO:xwalk_extension_renderer_controller.cc(47)] EXTENSION PROCESS DISABLED.
03-04 16:26:23.649 D/        (19421): droid_create_context : config id = 5 conf->NativeVisualID=1
03-04 16:26:23.649 D/        (19421): Pixel Format : GGL_PIXEL_FORMAT_RGBA_8888
03-04 16:26:23.649 I/        (19421): Requested context : GLES 2.0
03-04 16:26:23.659 D/        (19421): Pixel Format : GGL_PIXEL_FORMAT_RGBA_8888
03-04 16:26:23.659 D/OpenGLRenderer(19421): Enabling debug mode 0
03-04 16:26:23.759 I/ActivityManager(  505): Displayed org.xwalk.webapi_noneservice_tests/.WebapiNoneserviceTestsActivity: +1s90ms
03-04 16:26:23.769 W/IInputConnectionWrapper(16472): showStatusIcon on inactive InputConnection
03-04 16:26:23.769 D/XT9IME  (  728): new subtype :en_US ,keyboard
03-04 16:26:23.769 D/BatteryStatsImpl(  505): noteStopWakeLocked system isFromForeground = false
03-04 16:26:23.779 D/        (19421): Pixel Format : GGL_PIXEL_FORMAT_RGBA_8888
03-04 16:26:23.779 D/        (19421): droid_create_context : config id = 1 conf->NativeVisualID=1
03-04 16:26:23.779 D/        (19421): Pixel Format : GGL_PIXEL_FORMAT_RGBA_8888
03-04 16:26:23.779 I/        (19421): Requested context : GLES 2.0
03-04 16:26:23.789 D/        (19421): Swap interval set to = 1 value
03-04 16:26:23.809 E/TabPersistentStore(16472): Failed to create state folder: /data/data/com.chrome.beta/app_tabs/0
03-04 16:26:23.809 I/WifiHW  (  505): CMD: IFNAME=wlan0 SIGNAL_POLL
03-04 16:26:23.809 D/wpa_supplicant(  694): RX ctrl_iface - hexdump(len=11): 53 49 47 4e 41 4c 5f 50 4f 4c 4c
03-04 16:26:23.809 D/wpa_supplicant(  694): wlan0: Control interface command 'SIGNAL_POLL'
03-04 16:26:23.839 D/wpa_supplicant(  694): nl80211: survey data missing!
03-04 16:26:23.839 I/WifiHW  (  505): REPLY: RSSI=-58
03-04 16:26:23.839 I/WifiHW  (  505): REPLY: LINKSPEED=58
03-04 16:26:23.839 I/WifiHW  (  505): REPLY: NOISE=9999
03-04 16:26:23.839 I/WifiHW  (  505): REPLY: FREQUENCY=2437
03-04 16:26:23.859 D/        (19421): Pixel Format : GGL_PIXEL_FORMAT_RGBA_8888
03-04 16:26:23.869 D/        (19421): droid_create_context : config id = 1 conf->NativeVisualID=1
03-04 16:26:23.869 D/        (19421): Pixel Format : GGL_PIXEL_FORMAT_RGBA_8888
03-04 16:26:23.869 I/        (19421): Requested context : GLES 2.0
03-04 16:26:23.879 W/BindingManager(19421): Cannot call determinedVisibility() - never saw a connection for the pid: 19421
03-04 16:26:24.889 W/BindingManager(19421): Cannot call determinedVisibility() - never saw a connection for the pid: 19421
03-04 16:26:25.209 I/chromium(19421): [INFO:CONSOLE(0)] "Synchronous XMLHttpRequest on the main thread is deprecated because of its detrimental effects to the end user's experience. For more help, check http://xhr.spec.whatwg.org/.", source:  (0)
03-04 16:26:25.269 D/        (19421): Pixel Format : GGL_PIXEL_FORMAT_RGBA_8888
03-04 16:26:25.269 D/        (19421): droid_create_context : config id = 1 conf->NativeVisualID=1
03-04 16:26:25.269 D/        (19421): Pixel Format : GGL_PIXEL_FORMAT_RGBA_8888
03-04 16:26:25.269 I/        (19421): Requested context : GLES 2.0
03-04 16:26:26.839 I/WifiHW  (  505): CMD: IFNAME=wlan0 SIGNAL_POLL
03-04 16:26:26.839 D/wpa_supplicant(  694): RX ctrl_iface - hexdump(len=11): 53 49 47 4e 41 4c 5f 50 4f 4c 4c
03-04 16:26:26.839 D/wpa_supplicant(  694): wlan0: Control interface command 'SIGNAL_POLL'
03-04 16:26:26.849 D/wpa_supplicant(  694): nl80211: survey data missing!
03-04 16:26:26.849 I/WifiHW  (  505): REPLY: RSSI=-61
03-04 16:26:26.849 I/WifiHW  (  505): REPLY: LINKSPEED=52
03-04 16:26:26.849 I/WifiHW  (  505): REPLY: NOISE=9999
03-04 16:26:26.849 I/WifiHW  (  505): REPLY: FREQUENCY=2437
03-04 16:26:27.059 D/BatteryStatsImpl(  505): noteStopWakeLocked system isFromForeground = false
03-04 16:26:29.849 I/WifiHW  (  505): CMD: IFNAME=wlan0 SIGNAL_POLL
03-04 16:26:29.849 D/wpa_supplicant(  694): RX ctrl_iface - hexdump(len=11): 53 49 47 4e 41 4c 5f 50 4f 4c 4c
03-04 16:26:29.849 D/wpa_supplicant(  694): wlan0: Control interface command 'SIGNAL_POLL'
03-04 16:26:29.879 D/wpa_supplicant(  694): nl80211: survey data missing!
03-04 16:26:29.879 I/WifiHW  (  505): REPLY: RSSI=-63
03-04 16:26:29.879 I/WifiHW  (  505): REPLY: LINKSPEED=52
03-04 16:26:29.879 I/WifiHW  (  505): REPLY: NOISE=9999
03-04 16:26:29.879 I/WifiHW  (  505): REPLY: FREQUENCY=2437
03-04 16:26:32.879 I/WifiHW  (  505): CMD: IFNAME=wlan0 SIGNAL_POLL
03-04 16:26:32.879 D/wpa_supplicant(  694): RX ctrl_iface - hexdump(len=11): 53 49 47 4e 41 4c 5f 50 4f 4c 4c
03-04 16:26:32.879 D/wpa_supplicant(  694): wlan0: Control interface command 'SIGNAL_POLL'
03-04 16:26:32.899 D/wpa_supplicant(  694): nl80211: survey data missing!
03-04 16:26:32.899 I/WifiHW  (  505): REPLY: RSSI=-62
03-04 16:26:32.899 I/WifiHW  (  505): REPLY: LINKSPEED=52
03-04 16:26:32.899 I/WifiHW  (  505): REPLY: NOISE=9999
03-04 16:26:32.899 I/WifiHW  (  505): REPLY: FREQUENCY=2437
03-04 16:26:35.899 I/WifiHW  (  505): CMD: IFNAME=wlan0 SIGNAL_POLL
03-04 16:26:35.899 D/wpa_supplicant(  694): RX ctrl_iface - hexdump(len=11): 53 49 47 4e 41 4c 5f 50 4f 4c 4c
03-04 16:26:35.899 D/wpa_supplicant(  694): wlan0: Control interface command 'SIGNAL_POLL'
03-04 16:26:35.919 D/wpa_supplicant(  694): nl80211: survey data missing!
03-04 16:26:35.919 I/WifiHW  (  505): REPLY: RSSI=-60
03-04 16:26:35.919 I/WifiHW  (  505): REPLY: LINKSPEED=52
03-04 16:26:35.919 I/WifiHW  (  505): REPLY: NOISE=9999
03-04 16:26:35.919 I/WifiHW  (  505): REPLY: FREQUENCY=2437
03-04 16:26:38.919 I/WifiHW  (  505): CMD: IFNAME=wlan0 SIGNAL_POLL
03-04 16:26:38.919 D/wpa_supplicant(  694): RX ctrl_iface - hexdump(len=11): 53 49 47 4e 41 4c 5f 50 4f 4c 4c
03-04 16:26:38.919 D/wpa_supplicant(  694): wlan0: Control interface command 'SIGNAL_POLL'
03-04 16:26:38.919 D/wpa_supplicant(  694): nl80211: survey data missing!
03-04 16:26:38.919 I/WifiHW  (  505): REPLY: RSSI=-60
03-04 16:26:38.919 I/WifiHW  (  505): REPLY: LINKSPEED=58
03-04 16:26:38.919 I/WifiHW  (  505): REPLY: NOISE=9999
03-04 16:26:38.919 I/WifiHW  (  505): REPLY: FREQUENCY=2437
03-04 16:26:41.929 I/WifiHW  (  505): CMD: IFNAME=wlan0 SIGNAL_POLL
03-04 16:26:41.929 D/wpa_supplicant(  694): RX ctrl_iface - hexdump(len=11): 53 49 47 4e 41 4c 5f 50 4f 4c 4c
03-04 16:26:41.929 D/wpa_supplicant(  694): wlan0: Control interface command 'SIGNAL_POLL'
03-04 16:26:41.939 D/wpa_supplicant(  694): nl80211: survey data missing!
03-04 16:26:41.939 I/WifiHW  (  505): REPLY: RSSI=-62
03-04 16:26:41.939 I/WifiHW  (  505): REPLY: LINKSPEED=19
03-04 16:26:41.939 I/WifiHW  (  505): REPLY: NOISE=9999
03-04 16:26:41.939 I/WifiHW  (  505): REPLY: FREQUENCY=2437
03-04 16:26:43.759 W/BindingManager(19421): Cannot call determinedVisibility() - never saw a connection for the pid: 19421
03-04 16:26:44.479 W/BindingManager(19421): Cannot call determinedVisibility() - never saw a connection for the pid: 19421
03-04 16:26:44.949 I/WifiHW  (  505): CMD: IFNAME=wlan0 SIGNAL_POLL
03-04 16:26:44.949 D/wpa_supplicant(  694): RX ctrl_iface - hexdump(len=11): 53 49 47 4e 41 4c 5f 50 4f 4c 4c
03-04 16:26:44.949 D/wpa_supplicant(  694): wlan0: Control interface command 'SIGNAL_POLL'
03-04 16:26:44.969 D/wpa_supplicant(  694): nl80211: survey data missing!
03-04 16:26:44.969 I/WifiHW  (  505): REPLY: RSSI=-59
03-04 16:26:44.969 I/WifiHW  (  505): REPLY: LINKSPEED=19
03-04 16:26:44.969 I/WifiHW  (  505): REPLY: NOISE=9999
03-04 16:26:44.969 I/WifiHW  (  505): REPLY: FREQUENCY=2437
03-04 16:26:45.169 W/BindingManager(19421): Cannot call determinedVisibility() - never saw a connection for the pid: 19421
03-04 16:26:45.879 W/BindingManager(19421): Cannot call determinedVisibility() - never saw a connection for the pid: 19421
03-04 16:26:46.549 I/socket  (12304): msgid:3
03-04 16:26:46.549 I/MessageHandler(12304): readMessage nshead, msgId:3 magicNum:fb709394 length:667 version =-29091 logId =32645 reserved = 2
03-04 16:26:46.549 D/PushConnection(12304): ReadThread receive msg :id : 3, version: 0, needReply: false
03-04 16:26:46.549 I/MessageHandler(12304): New MSG: type:1 appid:405384 msgId:6402645801730019491
03-04 16:26:46.549 I/MessageHandler(12304): msgBody :{"error_code":"100","error_msg":"success","data":{"type":2,"pos":1,"time":1425452405,"body":{"msg_id":"1425452405","baidu_uid":"","group_id":1,"msg_type":0,"data":{"description":"\u300c\u767e\u5ea6\u7b11\u62a5\u300d\u7b2c250\u86cb","title":"\u5206\u4eab\u4e00\u4e2a\u62cd\u7167\u663e\u80f8\u5927\u7684\u6280\u5de7~","expire":"28800","level":"2","icon":"http:\/\/m.baidu.com\/static\/searchbox\/baiduboxapp\/images\/cardcenter\/icon\/laugh_push.png","scene_type":1,"url":"http:\/\/r.m.baidu.com\/redirect\/1h2rr","cate_id":1}}}}
03-04 16:26:46.579 D/MessageHandler(12304): >>> Deliver message to client: com.baidu.searchbox
03-04 16:26:46.579 I/SecurityManagerService(  602): SMS received security event: App[START/com.baidu.searchbox]
03-04 16:26:46.589 I/System.out(12304): encode =  1
03-04 16:26:46.589 D/dalvikvm(19994): Process 19994 nice name: com.baidu.searchbox
03-04 16:26:46.589 D/dalvikvm(19994): Extra Options: not specified
03-04 16:26:46.589 I/ActivityManager(  505): Start proc com.baidu.searchbox for broadcast com.baidu.searchbox/.push.PushMsgReceiver: pid=19994 uid=10039 gids={50039, 3003, 1028, 1015}
03-04 16:26:46.609 D/PushConnection(12304): SendThread send msg :id : 0, version: 0, needReply: false
03-04 16:26:46.619 W/BindingManager(19421): Cannot call determinedVisibility() - never saw a connection for the pid: 19421
03-04 16:26:46.779 I/dalvikvm(19994): Total arena pages for JIT: 11
03-04 16:26:46.839 I/socket  (12304): msgid:3
03-04 16:26:46.839 I/MessageHandler(12304): readMessage nshead, msgId:3 magicNum:fb709394 length:686 version =-21441 logId =32645 reserved = 2
03-04 16:26:46.839 D/PushConnection(12304): ReadThread receive msg :id : 3, version: 0, needReply: false
03-04 16:26:46.839 I/MessageHandler(12304): New MSG: type:1 appid:405384 msgId:1280111532077503075
03-04 16:26:46.839 I/MessageHandler(12304): msgBody :{"error_code":"100","error_msg":"success","data":{"type":2,"pos":1,"time":1425438758,"body":{"msg_id":"1425438758","baidu_uid":"","group_id":3,"msg_type":0,"data":{"description":"\u300c\u767e\u5ea6\u98ce\u4e91\u699c\u300d\u571f\u532a\u8ffd\u6740\u5bb6\u9053\u4e2d\u843d","title":"\u5f20\u827a\u8c0b\u663e\u8d6b\u5bb6\u4e16\u66dd\u5149","expire":"43200","level":"2","icon":"http:\/\/m.baidu.com\/static\/searchbox\/baiduboxapp\/images\/cardcenter\/icon\/news_push.png","scene_type":1,"url":"http:\/\/r.m.baidu.com\/redirect\/1g5an","cate_id":3}}}}
03-04 16:26:46.849 D/MessageHandler(12304): >>> Deliver message to client: com.baidu.searchbox
03-04 16:26:46.859 I/System.out(12304): encode =  1
03-04 16:26:46.899 D/PushConnection(12304): SendThread send msg :id : 0, version: 0, needReply: false
03-04 16:26:46.899 D/houdini (19994): [20010] Loading library(version: 4.0.2.44380 RELEASE)... successfully.
03-04 16:26:46.959 V/ActivityManager(  505): Remove bg service from mStartingBackground ,r=ServiceRecord{22056370 u0 com.baidu.searchbox/.push.PushIntentService},r used time=241,left r count=0
03-04 16:26:47.099 I/dalvikvm(19994): Total arena pages for JIT: 12
03-04 16:26:47.099 I/dalvikvm(19994): Total arena pages for JIT: 13
03-04 16:26:47.099 I/dalvikvm(19994): Total arena pages for JIT: 14
03-04 16:26:47.099 I/dalvikvm(19994): Total arena pages for JIT: 15
03-04 16:26:47.109 I/cip_VorbisDec(  182): UMC Decoder plugin created, Media Codecs version: 1.0.2098
03-04 16:26:47.119 I/MediaFocusControl(  505):  AudioFocus  requestAudioFocus() from android.media.AudioManager@225560a0
03-04 16:26:47.129 I/AudioPolicyManagerBase(  182): APM: getOutput
03-04 16:26:47.129 I/AudioPolicyManagerBase(  182): APM: getOutput
03-04 16:26:47.129 I/AudioPolicyManagerBase(  182): APM: getOutput
03-04 16:26:47.129 I/AudioPolicyManagerBase(  182): APM: getOutput
03-04 16:26:47.129 D/AudioPolicyManagerALSA(  182): startOutput() output 2, stream type 5, session 113
03-04 16:26:47.129 D/AudioHardwareALSA(  182): setStreamParameters: key value pair routing=2;stream_flags=2
03-04 16:26:47.129 D/RouteManager(  182): setOutputFlags: output flags = 0x2 (Prev Flags=0x2)
03-04 16:26:47.129 D/RouteManager(  182): setDevices: 0x2
03-04 16:26:47.129 D/RouteManager(  182): setDevices: 0x2
03-04 16:26:47.129 D/RouteManager(  182): setDevices: set device = IHF to output stream
03-04 16:26:47.129 D/RouteManager(  182): setStreamParameters: identical Platform State, do not reconsider routing
03-04 16:26:47.129 I/cip_VorbisDec(  182): UMC Decoder plugin deleted
03-04 16:26:47.139 D/AudioResamplerIA(  182): Create AudioResamplerIA Resampler: Input rate 44100, output rate 48000
03-04 16:26:47.139 D/PROPERTY(  182): get media.dump_output.befconv: 0
03-04 16:26:47.139 D/PROPERTY(  182): get media.dump_output.aftconv: 0
03-04 16:26:47.139 D/RouteManager(  182): startStream: {+++ RECONSIDER ROUTING +++} due to output stream start event
03-04 16:26:47.139 D/RouteManager(  182): reconsiderRouting
03-04 16:26:47.139 D/EVENT_THREAD(  182): void CEventThread::trig(uint16_t): in
03-04 16:26:47.139 D/EVENT_THREAD(  182): void CEventThread::trig(uint16_t): out
03-04 16:26:47.139 D/RouteManager(  182): doReconsiderRouting:       Platform State:
03-04 16:26:47.139 D/RouteManager(  182): doReconsiderRouting:          -Modem Alive = 0 
03-04 16:26:47.139 D/RouteManager(  182): doReconsiderRouting:          -Modem Call Active = 0 
03-04 16:26:47.139 D/RouteManager(  182): doReconsiderRouting:          -Is Shared I2S glitch free=1 
03-04 16:26:47.139 D/RouteManager(  182): doReconsiderRouting:          -Android Telephony Mode = Normal 
03-04 16:26:47.139 D/RouteManager(  182): doReconsiderRouting:          -RTE MGR HW Mode = Normal 
03-04 16:26:47.139 D/RouteManager(  182): doReconsiderRouting:          -BT Enabled = 1 
03-04 16:26:47.139 D/RouteManager(  182): doReconsiderRouting:          -BT NREC = 0 
03-04 16:26:47.139 D/RouteManager(  182): doReconsiderRouting:          -BT Band = NB 
03-04 16:26:47.139 D/RouteManager(  182): doReconsiderRouting:          -Platform output device = IHF 
03-04 16:26:47.139 D/RouteManager(  182): doReconsiderRouting:          -Platform input device = <none> 
03-04 16:26:47.139 D/RouteManager(  182): doReconsiderRouting:          -Platform input source = None 
03-04 16:26:47.139 D/RouteManager(  182): doReconsiderRouting:          -Platform Band type = NB 
03-04 16:26:47.139 D/RouteManager(  182): doReconsiderRouting:          -Platform Has Direct Stream = no 
03-04 16:26:47.139 D/RouteManager(  182): doReconsiderRouting:          -Platform TTY direction = <none> 
03-04 16:26:47.139 D/RouteManager(  182): doReconsiderRouting:          -Platform HAC Mode = Off 
03-04 16:26:47.139 D/RouteManager(  182): doReconsiderRouting:          -Platform Screen State = On 
03-04 16:26:47.139 D/RouteManager(  182): doReconsiderRouting:          -Platform Context Awareness = false 
03-04 16:26:47.139 D/RouteManager(  182): doReconsiderRouting:          -Platform Always Listening = false 
03-04 16:26:47.139 D/RouteManager(  182): doReconsiderRouting:          -Platform FM State = Off 
03-04 16:26:47.139 D/RouteManager(  182): doReconsiderRouting:          -Platform Bypass Non Linear PP State = Off 
03-04 16:26:47.139 D/RouteManager(  182): doReconsiderRouting:          -Platform Bypass Linear PP State = Off 
03-04 16:26:47.139 D/RouteManager(  182): doReconsiderRouting:          -Platform MicMute = Off 
03-04 16:26:47.139 D/RouteManager(  182): doReconsiderRouting:      Route state:
03-04 16:26:47.139 D/RouteManager(  182): doReconsiderRouting:          -Previously Enabled Route in Input = <none>
03-04 16:26:47.139 D/RouteManager(  182): doReconsiderRouting:          -Previously Enabled Route in Output = <none>
03-04 16:26:47.139 D/RouteManager(  182): doReconsiderRouting:          -Selected Route in Input = <none>
03-04 16:26:47.139 D/RouteManager(  182): doReconsiderRouting:          -Selected Route in Output = Media|HwCodecMedia
03-04 16:26:47.139 D/RouteManager(  182): doReconsiderRouting:          -Route that need reconfiguration in Input = <none>
03-04 16:26:47.139 D/RouteManager(  182): doReconsiderRouting:          -Route that need reconfiguration in Output = <none>
03-04 16:26:47.139 D/RouteManager(  182): executeMuteStage: --------------- Routing Stage = Mute ---------------
03-04 16:26:47.139 D/RouteManager(  182): parameter-framework: Selection criterion changed event: Criterion name: RoutageState, current state: Flow
03-04 16:26:47.139 D/RouteManager(  182): parameter-framework: Configuration application request {
03-04 16:26:47.139 D/RouteManager(  182): parameter-framework:     Applying configurations {
03-04 16:26:47.139 D/RouteManager(  182): parameter-framework:     } Applying configurations
03-04 16:26:47.139 D/RouteManager(  182): parameter-framework: } Configuration application request
03-04 16:26:47.139 D/RouteManager(  182): executeDisableStage: --------------- Routing Stage = Disable ---------------
03-04 16:26:47.139 D/RouteManager(  182): parameter-framework: Selection criterion changed event: Criterion name: RoutageState, current state: Path
03-04 16:26:47.139 D/RouteManager(  182): parameter-framework: Configuration application request {
03-04 16:26:47.139 D/RouteManager(  182): parameter-framework:     Applying configurations {
03-04 16:26:47.139 D/RouteManager(  182): parameter-framework:     } Applying configurations
03-04 16:26:47.139 D/RouteManager(  182): parameter-framework: } Configuration application request
03-04 16:26:47.139 D/RouteManager(  182): executeConfigureStage: --------------- Routing Stage = Configure ---------------
03-04 16:26:47.139 D/RouteManager(  182): parameter-framework: Selection criterion changed event: Criterion name: RoutageState, current state: Configure
03-04 16:26:47.139 D/RouteManager(  182): parameter-framework: Selection criterion changed event: Criterion name: OpenedPlaybackRoutes, current state: Media|HwCodecMedia
03-04 16:26:47.139 D/RouteManager(  182): parameter-framework: Configuration application request {
03-04 16:26:47.139 D/RouteManager(  182): parameter-framework:     Applying configurations {
03-04 16:26:47.139 D/RouteManager(  182): parameter-framework:         Applying configuration "Activated" from domain "Routing.Configure.LPE_Mixer.IHF"
03-04 16:26:47.149 D/dalvikvm(  770): GC_CONCURRENT freed 1700K, 17% free 9130K/10872K, paused 1ms+6ms, total 56ms
03-04 16:26:47.159 V/Avrcp   ( 1171): New genId = 131, clearing = 1
03-04 16:26:47.169 D/RouteManager(  182): parameter-framework:     } Applying configurations
03-04 16:26:47.169 D/RouteManager(  182): parameter-framework: } Configuration application request
03-04 16:26:47.169 D/RouteManager(  182): executeEnableStage: --------------- Routing Stage = Enable ---------------
03-04 16:26:47.169 D/RouteManager(  182): parameter-framework: Selection criterion changed event: Criterion name: RoutageState, current state: Path|Configure
03-04 16:26:47.169 D/RouteManager(  182): doEnableRoutes: Routes to be enabled(routed) in Output = Media|HwCodecMedia
03-04 16:26:47.169 D/RouteManager(  182): parameter-framework: Configuration application request {
03-04 16:26:47.169 D/RouteManager(  182): parameter-framework:     Applying configurations {
03-04 16:26:47.169 D/RouteManager(  182): parameter-framework:         Applying configuration "Enable" from domain "Routing.Enable.HWCodec.Playback.IHF"
