03-04 16:33:25.169 D/EVENT_THREAD(  182): void CEventThread::run() Do poll with timeout: -1
03-04 16:33:25.169 D/EVENT_THREAD(  182): void CEventThread::run() POLLIN event on Fd (1)
03-04 16:33:25.169 D/EVENT_THREAD(  182): void CEventThread::run() Do poll with timeout: -1
03-04 16:33:25.169 I/upi_ug31xx(  165): (2121) update_capacity
03-04 16:33:25.169 I/[UPI]   (  165): <UG31/E>[UpiReadCapacity]: V=4002(4002), T=349(351-416), I=-444, C=-5(-5-0)
03-04 16:33:25.169 I/[UPI]   (  165): <UG31/E>[UpiReadCapacity]: (0x0000254a) 2957 (2932) / 3602 (4029) = 82
03-04 16:33:25.169 I/[UPI]   (  165): <UG31/E>[UpiReadCapacity]: (0x0000254a) 2957 (2932) / 3602 (4029) = 82
03-04 16:33:25.169 I/[UPI]   (  165): <UG31/E>[UpiReadCapacity]: (0x0000254a) 2952 (2952) / 3602 (4029) = 82
03-04 16:33:25.169 I/[UPI]   (  165): <UG31/E>[RsocFilterCountTime]: (0x0000254a) Step=2(151650), Full=2(151650), Lock=151650(1800000)
03-04 16:33:25.169 I/[UPI]   (  165): <UG31/E>[UpiReadCapacity]: (0x0000254a) 2952 (2952) / 3602 (4029) = 82 (-444--444)
03-04 16:33:25.169 I/[UPI]   (  165): <UG31/E><BATT> M:normal, P:82(82-82)%, V:4002mV, C:-444mA, T:35.1C(416), S:0x0000254a(000), R:2952mAh, F:3602mAh, Q:663mAh, CC:4, P:30.330(945-0)s, BO:7, 97:615:0-44af-9m:B001-20140514-144301 (16)
03-04 16:33:25.169 I/upi_ug31xx(  165): (2122) backup_data 
03-04 16:33:25.169 V/upi_ug31xx(  165): state->check_backup_count = 3
03-04 16:33:25.239 D/dalvikvm(22231): GC_EXPLICIT freed 595K, 14% free 7659K/8900K, paused 1ms+3ms, total 18ms
03-04 16:33:25.319 D/dalvikvm(22019): GC_CONCURRENT freed 3967K, 39% free 7118K/11492K, paused 0ms+2ms, total 11ms
03-04 16:33:25.389 W/BindingManager(22019): Cannot call determinedVisibility() - never saw a connection for the pid: 22019
03-04 16:33:25.429 D/SendBroadcastHandler(22231): mTimerTask sendMessage CONTACTS_DELETE 
03-04 16:33:25.429 D/SendBroadcastHandler(22231): sendBroadcast delete to voice agent
03-04 16:33:25.429 D/SendBroadcastHandler(22231): (Delete) sendBroadcast mDeleteContacts:4
03-04 16:33:25.429 D/SendBroadcastHandler(22231): (Delete) sendBroadcast mDeleteRawContactsVoice:4
03-04 16:33:25.429 D/SendBroadcastHandler(22231): sendBroadcast CONTACTS_DELETE
03-04 16:33:25.429 D/AsusContactWigdetSync(22245): ready to sync contact id = 4
03-04 16:33:25.429 D/AsusContactWigdetSync(22245): ready to sync widget
03-04 16:33:25.429 D/AsusContactWigdetSync(22245): delete contact_id = 1006
03-04 16:33:25.429 D/AsusContactWigdetSync(22245): delete contact_id = 1007
03-04 16:33:25.429 D/AsusContactWigdetSync(22245): delete contact_id = 1008
03-04 16:33:25.429 D/AsusContactWigdetSync(22245): delete contact_id = 1009
03-04 16:33:25.429 D/AsusContactWigdetSync(22245): sync isdelete = true
03-04 16:33:25.429 D/AsusContactWigdetSync(22302): ready to sync contact id = 4
03-04 16:33:25.429 D/AsusContactWigdetSync(22302): ready to sync widget
03-04 16:33:25.429 D/AsusContactWigdetSync(22302): delete contact_id = 1006
03-04 16:33:25.429 D/AsusContactWigdetSync(22302): delete contact_id = 1007
03-04 16:33:25.429 D/AsusContactWigdetSync(22302): delete contact_id = 1008
03-04 16:33:25.429 D/AsusContactWigdetSync(22302): delete contact_id = 1009
03-04 16:33:25.429 D/AsusContactWigdetSync(22302): sync isdelete = true
03-04 16:33:25.499 I/CalendarProvider2(22282): Sending notification intent: Intent { act=android.intent.action.PROVIDER_CHANGED dat=content://com.android.calendar }
03-04 16:33:25.499 W/ContentResolver(22282): Failed to get type for: content://com.android.calendar (Unknown URL content://com.android.calendar)
03-04 16:33:25.499 D/AlertReceiver(22319): onReceive: a=android.intent.action.PROVIDER_CHANGED Intent { act=android.intent.action.PROVIDER_CHANGED dat=content://com.android.calendar flg=0x10 cmp=com.asus.calendar/com.android.calendar.alerts.AlertReceiver }
03-04 16:33:25.499 D/AlertService(22319): 0 Action = android.intent.action.PROVIDER_CHANGED
03-04 16:33:25.499 D/AlertService(22319): Beginning updateAlertNotification
03-04 16:33:25.499 V/ActivityManager(  505): Remove bg service from mStartingBackground ,r=ServiceRecord{220147e0 u0 com.android.providers.calendar/.EmptyService},r used time=1003,left r count=2
03-04 16:33:25.519 D/AlertService(22319): No fired or scheduled alerts
03-04 16:33:25.529 D/BatteryStatsImpl(  505): noteStopWakeLocked com.asus.calendar isFromForeground = false
03-04 16:33:25.529 V/ActivityManager(  505): Remove bg service from mStartingBackground ,r=ServiceRecord{21fe37c8 u0 com.asus.calendar/com.android.calendar.alerts.AlertService},r used time=28,left r count=2
03-04 16:33:25.769 I/chromium(22019): [INFO:CONSOLE(70)] "WARNING: Message from backend doesn't have data.", source:  (70)
03-04 16:33:25.829 I/WifiHW  (  505): CMD: IFNAME=wlan0 SIGNAL_POLL
03-04 16:33:25.829 D/wpa_supplicant(  694): RX ctrl_iface - hexdump(len=11): 53 49 47 4e 41 4c 5f 50 4f 4c 4c
03-04 16:33:25.829 D/wpa_supplicant(  694): wlan0: Control interface command 'SIGNAL_POLL'
03-04 16:33:25.859 D/wpa_supplicant(  694): nl80211: survey data missing!
03-04 16:33:25.859 I/WifiHW  (  505): REPLY: RSSI=-64
03-04 16:33:25.859 I/WifiHW  (  505): REPLY: LINKSPEED=26
03-04 16:33:25.859 I/WifiHW  (  505): REPLY: NOISE=9999
03-04 16:33:25.859 I/WifiHW  (  505): REPLY: FREQUENCY=2437
03-04 16:33:26.429 D/AsusContactWigdetSync(22245): sync start
03-04 16:33:26.429 D/AsusContactWigdetSync(22245): sync selection = null
03-04 16:33:26.429 D/AsusContactWigdetSync(22245): sync delete selection = contact_id IN ( 1008, 1009, 1007, 1006)
03-04 16:33:26.429 D/AsusContactWigdetSync(22302): sync start
03-04 16:33:26.429 D/AsusContactWigdetSync(22302): sync selection = null
03-04 16:33:26.429 D/AsusContactWigdetSync(22302): sync delete selection = contact_id IN ( 1008, 1009, 1007, 1006)
03-04 16:33:26.429 D/AsusContactWigdetSync(22245): sync stop
03-04 16:33:26.439 V/ActivityManager(  505): Remove bg service from mStartingBackground ,r=ServiceRecord{2200ad68 u0 com.asus.contacts/com.android.contacts.miniwidget.SyncService},r used time=1006,left r count=1
03-04 16:33:26.439 D/AsusContactWigdetSync(22302): sync stop
03-04 16:33:26.439 V/ActivityManager(  505): Remove bg service from mStartingBackground ,r=ServiceRecord{21ff29f0 u0 com.asus.contactswidget/.SyncService},r used time=1013,left r count=0
03-04 16:33:26.459 W/BindingManager(22019): Cannot call determinedVisibility() - never saw a connection for the pid: 22019
03-04 16:33:26.499 D/SendBroadcastHandler(22231): startTimer() SEND_TO_CONTACTS_WIDGET_DELETE 
03-04 16:33:26.919 I/chromium(22019): [INFO:CONSOLE(70)] "WARNING: Message from backend doesn't have data.", source:  (70)
03-04 16:33:26.949 V/ActivityManager(  505): Remove bg service from mStartingBackground ,r=ServiceRecord{21fc5db8 u0 com.android.providers.calendar/.ContactsEventUpdateIntentService},r used time=199,left r count=1
03-04 16:33:27.609 W/BindingManager(22019): Cannot call determinedVisibility() - never saw a connection for the pid: 22019
03-04 16:33:27.819 D/dalvikvm(22019): GC_CONCURRENT freed 4121K, 40% free 6999K/11492K, paused 0ms+2ms, total 12ms
03-04 16:33:27.949 I/CalendarProvider2(22282): Sending notification intent: Intent { act=android.intent.action.PROVIDER_CHANGED dat=content://com.android.calendar }
03-04 16:33:27.949 W/ContentResolver(22282): Failed to get type for: content://com.android.calendar (Unknown URL content://com.android.calendar)
03-04 16:33:27.959 D/AlertReceiver(22319): onReceive: a=android.intent.action.PROVIDER_CHANGED Intent { act=android.intent.action.PROVIDER_CHANGED dat=content://com.android.calendar flg=0x10 cmp=com.asus.calendar/com.android.calendar.alerts.AlertReceiver }
03-04 16:33:27.959 D/AlertService(22319): 0 Action = android.intent.action.PROVIDER_CHANGED
03-04 16:33:27.959 D/AlertService(22319): Beginning updateAlertNotification
03-04 16:33:27.959 V/ActivityManager(  505): Remove bg service from mStartingBackground ,r=ServiceRecord{21fc5528 u0 com.android.providers.calendar/.EmptyService},r used time=1003,left r count=0
03-04 16:33:27.969 D/AlertService(22319): No fired or scheduled alerts
03-04 16:33:27.969 D/SendBroadcastHandler(22231): mTimerTask sendMessage CONTACTS_INSERT 
03-04 16:33:27.969 D/SendBroadcastHandler(22231): (insert) sendBroadcast mInsertRawContacts:4
03-04 16:33:27.969 D/SendBroadcastHandler(22231): (insert) sendBroadcast mInsertName:4
03-04 16:33:27.969 D/SendBroadcastHandler(22231): (insert) sendBroadcast mInsertNameDetail:4
03-04 16:33:27.969 D/SendBroadcastHandler(22231): sendBroadcast insert to voice agent
03-04 16:33:27.969 D/BatteryStatsImpl(  505): noteStopWakeLocked com.asus.calendar isFromForeground = false
03-04 16:33:27.969 V/ActivityManager(  505): Remove bg service from mStartingBackground ,r=ServiceRecord{21f94138 u0 com.asus.calendar/com.android.calendar.alerts.AlertService},r used time=15,left r count=0
03-04 16:33:28.049 I/chromium(22019): [INFO:CONSOLE(70)] "WARNING: Message from backend doesn't have data.", source:  (70)
03-04 16:33:28.149 D/dalvikvm(22231): GC_EXPLICIT freed 606K, 15% free 7645K/8900K, paused 1ms+3ms, total 18ms
03-04 16:33:28.209 D/dalvikvm(  505): GC_EXPLICIT freed 95K, 48% free 19078K/36636K, paused 1ms+4ms, total 42ms
03-04 16:33:28.349 D/SendBroadcastHandler(22231): startTimer() SEND_TO_CONTACTS_INSERT 
03-04 16:33:28.709 W/BindingManager(22019): Cannot call determinedVisibility() - never saw a connection for the pid: 22019
03-04 16:33:28.859 I/WifiHW  (  505): CMD: IFNAME=wlan0 SIGNAL_POLL
03-04 16:33:28.859 D/wpa_supplicant(  694): RX ctrl_iface - hexdump(len=11): 53 49 47 4e 41 4c 5f 50 4f 4c 4c
03-04 16:33:28.859 D/wpa_supplicant(  694): wlan0: Control interface command 'SIGNAL_POLL'
03-04 16:33:28.889 D/wpa_supplicant(  694): nl80211: survey data missing!
03-04 16:33:28.889 I/WifiHW  (  505): REPLY: RSSI=-60
03-04 16:33:28.889 I/WifiHW  (  505): REPLY: LINKSPEED=26
03-04 16:33:28.889 I/WifiHW  (  505): REPLY: NOISE=9999
03-04 16:33:28.889 I/WifiHW  (  505): REPLY: FREQUENCY=2437
03-04 16:33:29.229 I/chromium(22019): [INFO:CONSOLE(70)] "WARNING: Message from backend doesn't have data.", source:  (70)
03-04 16:33:29.489 D/AlarmManager(  505): Triggered Alarm 220b9320 ELAPSED_REALTIME_WAKEUP IntentSender{223d4f70: PendingIntentRecord{22205360 com.android.providers.calendar broadcastIntent}}
03-04 16:33:29.499 D/BatteryStatsImpl(  505): noteStopWakeLocked system isFromForeground = false
03-04 16:33:29.499 D/dalvikvm(22019): GC_CONCURRENT freed 3913K, 39% free 7088K/11492K, paused 1ms+2ms, total 12ms
03-04 16:33:29.499 D/SendBroadcastHandler(22231): mTimerTask sendMessage CONTACTS_DELETE 
03-04 16:33:29.499 D/SendBroadcastHandler(22231): sendBroadcast delete to voice agent
03-04 16:33:29.499 D/SendBroadcastHandler(22231): (Delete) sendBroadcast mDeleteContacts:5
03-04 16:33:29.499 D/SendBroadcastHandler(22231): (Delete) sendBroadcast mDeleteRawContactsVoice:5
03-04 16:33:29.499 D/SendBroadcastHandler(22231): sendBroadcast CONTACTS_DELETE
03-04 16:33:29.499 D/AsusContactWigdetSync(22245): ready to sync contact id = 5
03-04 16:33:29.499 D/AsusContactWigdetSync(22245): ready to sync widget
03-04 16:33:29.509 D/AlarmManager(  505): Removed alarm Alarm{22116008 type 0 com.android.providers.calendar} type:RTC_WAKEUP
03-04 16:33:29.509 D/AlarmManager(  505): Added alarm Alarm{22059fb0 type 0 com.baidu.BaiduMap} type:RTC_WAKEUP when: At 15-3-4 4:41 repeatInterval: 0h:9m:0.0s
03-04 16:33:29.509 D/AlarmManager(  505): Added alarm Alarm{2204c770 type 0 com.baidu.BaiduMap} type:RTC_WAKEUP when: At 15-3-4 4:43 repeatInterval: 0h:9m:0.0s
03-04 16:33:29.509 D/AlarmManager(  505): Added alarm Alarm{22024e28 type 0 android} type:RTC_WAKEUP when: At 15-3-4 5:00 repeatInterval: 0h:30m:0.0s
03-04 16:33:29.519 D/AsusContactWigdetSync(22245): delete contact_id = 1010
03-04 16:33:29.519 D/AsusContactWigdetSync(22245): delete contact_id = 1011
03-04 16:33:29.519 D/AsusContactWigdetSync(22245): delete contact_id = 1012
03-04 16:33:29.519 D/AsusContactWigdetSync(22245): delete contact_id = 1013
03-04 16:33:29.519 D/AsusContactWigdetSync(22245): delete contact_id = 1014
03-04 16:33:29.519 D/AsusContactWigdetSync(22245): sync isdelete = true
03-04 16:33:29.519 D/AsusContactWigdetSync(22302): ready to sync contact id = 5
03-04 16:33:29.519 D/AsusContactWigdetSync(22302): ready to sync widget
03-04 16:33:29.519 D/AsusContactWigdetSync(22302): delete contact_id = 1010
03-04 16:33:29.519 D/AsusContactWigdetSync(22302): delete contact_id = 1011
03-04 16:33:29.519 D/AsusContactWigdetSync(22302): delete contact_id = 1012
03-04 16:33:29.519 D/AsusContactWigdetSync(22302): delete contact_id = 1013
03-04 16:33:29.519 D/AsusContactWigdetSync(22302): delete contact_id = 1014
03-04 16:33:29.519 D/AsusContactWigdetSync(22302): sync isdelete = true
03-04 16:33:29.529 D/BatteryStatsImpl(  505): noteStopWakeLocked com.android.providers.calendar isFromForeground = false
03-04 16:33:29.529 D/AlarmManager(  505): Added alarm Alarm{21f5e6d8 type 0 com.android.providers.calendar} type:RTC_WAKEUP when: At 15-3-5 2:34
03-04 16:33:29.529 V/ActivityManager(  505): Remove bg service from mStartingBackground ,r=ServiceRecord{22589e58 u0 com.android.providers.calendar/.CalendarProviderIntentService},r used time=36,left r count=2
03-04 16:33:29.769 V/ActivityManager(  505): Remove bg service from mStartingBackground ,r=ServiceRecord{22242658 u0 com.android.providers.calendar/.ContactsEventUpdateIntentService},r used time=118,left r count=3
03-04 16:33:29.819 E/Contacts(22019): org.json.JSONException: No value for contactId
03-04 16:33:29.829 I/Choreographer(22019): Skipped 35 frames!  The application may be doing too much work on its main thread.
03-04 16:33:29.829 W/BindingManager(22019): Cannot call determinedVisibility() - never saw a connection for the pid: 22019
03-04 16:33:29.959 D/SendBroadcastHandler(22231): startTimer() SEND_TO_CONTACTS_WIDGET_DELETE 
03-04 16:33:30.089 I/chromium(22019): [INFO:CONSOLE(70)] "WARNING: Message from backend doesn't have data.", source:  (70)
03-04 16:33:30.119 D/dalvikvm(22231): GC_EXPLICIT freed 613K, 14% free 7679K/8900K, paused 1ms+3ms, total 18ms
03-04 16:33:30.429 I/Choreographer(22019): Skipped 35 frames!  The application may be doing too much work on its main thread.
03-04 16:33:30.429 W/BindingManager(22019): Cannot call determinedVisibility() - never saw a connection for the pid: 22019
03-04 16:33:30.429 I/chromium(22019): [INFO:CONSOLE(70)] "WARNING: Message from backend doesn't have data.", source:  (70)
03-04 16:33:30.519 D/AsusContactWigdetSync(22302): sync start
03-04 16:33:30.519 D/AsusContactWigdetSync(22302): sync selection = null
03-04 16:33:30.519 D/AsusContactWigdetSync(22302): sync delete selection = contact_id IN ( 1010, 1011, 1012, 1013, 1014)
03-04 16:33:30.519 D/AsusContactWigdetSync(22302): sync stop
03-04 16:33:30.519 V/ActivityManager(  505): Remove bg service from mStartingBackground ,r=ServiceRecord{223f6680 u0 com.asus.contactswidget/.SyncService},r used time=1003,left r count=2
03-04 16:33:30.529 D/AsusContactWigdetSync(22245): sync start
03-04 16:33:30.529 D/AsusContactWigdetSync(22245): sync selection = null
03-04 16:33:30.529 D/AsusContactWigdetSync(22245): sync delete selection = contact_id IN ( 1010, 1011, 1012, 1013, 1014)
03-04 16:33:30.529 D/AsusContactWigdetSync(22245): sync stop
03-04 16:33:30.529 V/ActivityManager(  505): Remove bg service from mStartingBackground ,r=ServiceRecord{225387b8 u0 com.asus.contacts/com.android.contacts.miniwidget.SyncService},r used time=1028,left r count=1
03-04 16:33:30.769 I/CalendarProvider2(22282): Sending notification intent: Intent { act=android.intent.action.PROVIDER_CHANGED dat=content://com.android.calendar }
03-04 16:33:30.769 W/ContentResolver(22282): Failed to get type for: content://com.android.calendar (Unknown URL content://com.android.calendar)
03-04 16:33:30.769 D/AlertReceiver(22319): onReceive: a=android.intent.action.PROVIDER_CHANGED Intent { act=android.intent.action.PROVIDER_CHANGED dat=content://com.android.calendar flg=0x10 cmp=com.asus.calendar/com.android.calendar.alerts.AlertReceiver }
03-04 16:33:30.769 V/ActivityManager(  505): Remove bg service from mStartingBackground ,r=ServiceRecord{222185a8 u0 com.android.providers.calendar/.EmptyService},r used time=1003,left r count=0
03-04 16:33:30.779 D/AlertService(22319): 0 Action = android.intent.action.PROVIDER_CHANGED
03-04 16:33:30.779 D/AlertService(22319): Beginning updateAlertNotification
03-04 16:33:30.789 D/AlertService(22319): No fired or scheduled alerts
03-04 16:33:30.799 D/BatteryStatsImpl(  505): noteStopWakeLocked com.asus.calendar isFromForeground = false
03-04 16:33:30.799 V/ActivityManager(  505): Remove bg service from mStartingBackground ,r=ServiceRecord{221d44b8 u0 com.asus.calendar/com.android.calendar.alerts.AlertService},r used time=27,left r count=0
03-04 16:33:30.969 D/dalvikvm(22019): GC_CONCURRENT freed 4148K, 40% free 6986K/11492K, paused 0ms+1ms, total 10ms
03-04 16:33:31.119 W/BindingManager(22019): Cannot call determinedVisibility() - never saw a connection for the pid: 22019
03-04 16:33:31.119 I/Choreographer(22019): Skipped 40 frames!  The application may be doing too much work on its main thread.
03-04 16:33:31.359 D/SendBroadcastHandler(22231): mTimerTask sendMessage CONTACTS_INSERT 
03-04 16:33:31.359 D/SendBroadcastHandler(22231): (insert) sendBroadcast mInsertRawContacts:5
03-04 16:33:31.359 D/SendBroadcastHandler(22231): (insert) sendBroadcast mInsertName:5
03-04 16:33:31.359 D/SendBroadcastHandler(22231): (insert) sendBroadcast mInsertNameDetail:5
03-04 16:33:31.359 D/SendBroadcastHandler(22231): sendBroadcast insert to voice agent
03-04 16:33:31.889 I/WifiHW  (  505): CMD: IFNAME=wlan0 SIGNAL_POLL
03-04 16:33:31.889 D/wpa_supplicant(  694): RX ctrl_iface - hexdump(len=11): 53 49 47 4e 41 4c 5f 50 4f 4c 4c
03-04 16:33:31.889 D/wpa_supplicant(  694): wlan0: Control interface command 'SIGNAL_POLL'
03-04 16:33:31.889 D/wpa_supplicant(  694): nl80211: survey data missing!
03-04 16:33:31.889 I/WifiHW  (  505): REPLY: RSSI=-63
03-04 16:33:31.889 I/WifiHW  (  505): REPLY: LINKSPEED=26
03-04 16:33:31.889 I/WifiHW  (  505): REPLY: NOISE=9999
03-04 16:33:31.889 I/WifiHW  (  505): REPLY: FREQUENCY=2437
03-04 16:33:31.989 V/ActivityManager(  505): Remove bg service from mStartingBackground ,r=ServiceRecord{22145100 u0 com.android.providers.calendar/.ContactsEventUpdateIntentService},r used time=29,left r count=1
03-04 16:33:32.229 W/chromium(22019): [WARNING:xwalk_extension_module.cc(203)] Exception when running message listener: app://org.xwalk.webapi_noneservice_tests//opt/webapi-contactsmanager-w3c-tests/contactsmanager/ContactsChangeEvent_added_attribute.html:62:15 TypeError: Cannot read property '0' of undefined
03-04 16:33:32.229 W/chromium(22019):     if (e.added[0]) {
03-04 16:33:32.229 W/chromium(22019): 
03-04 16:33:32.379 W/chromium(22019): [WARNING:xwalk_extension_module.cc(203)] Exception when running message listener: app://org.xwalk.webapi_noneservice_tests//opt/webapi-contactsmanager-w3c-tests/contactsmanager/ContactsChangeEvent_added_attribute.html:62:15 TypeError: Cannot read property '0' of undefined
03-04 16:33:32.379 W/chromium(22019):     if (e.added[0]) {
03-04 16:33:32.379 W/chromium(22019): 
03-04 16:33:32.429 D/SendBroadcastHandler(22231): startTimer() SEND_TO_CONTACTS_INSERT 
03-04 16:33:32.449 I/chromium(22019): [INFO:CONSOLE(70)] "WARNING: Message from backend doesn't have data.", source:  (70)
03-04 16:33:32.599 D/dalvikvm(  505): GC_EXPLICIT freed 70K, 48% free 19087K/36636K, paused 1ms+4ms, total 42ms
03-04 16:33:32.959 D/SendBroadcastHandler(22231): mTimerTask sendMessage CONTACTS_DELETE 
03-04 16:33:32.959 D/SendBroadcastHandler(22231): sendBroadcast delete to voice agent
03-04 16:33:32.959 D/SendBroadcastHandler(22231): (Delete) sendBroadcast mDeleteContacts:3
03-04 16:33:32.959 D/SendBroadcastHandler(22231): (Delete) sendBroadcast mDeleteRawContactsVoice:3
03-04 16:33:32.959 D/SendBroadcastHandler(22231): sendBroadcast CONTACTS_DELETE
03-04 16:33:32.969 D/AsusContactWigdetSync(22245): ready to sync contact id = 3
03-04 16:33:32.969 D/AsusContactWigdetSync(22245): ready to sync widget
03-04 16:33:32.969 D/AsusContactWigdetSync(22245): delete contact_id = 1015
03-04 16:33:32.969 D/AsusContactWigdetSync(22302): ready to sync contact id = 3
03-04 16:33:32.969 D/AsusContactWigdetSync(22302): ready to sync widget
03-04 16:33:32.969 D/AsusContactWigdetSync(22302): delete contact_id = 1015
03-04 16:33:32.969 D/AsusContactWigdetSync(22302): delete contact_id = 1016
03-04 16:33:32.969 D/AsusContactWigdetSync(22302): delete contact_id = 1017
03-04 16:33:32.969 D/AsusContactWigdetSync(22302): sync isdelete = true
03-04 16:33:32.979 D/AsusContactWigdetSync(22245): delete contact_id = 1016
03-04 16:33:32.979 D/AsusContactWigdetSync(22245): delete contact_id = 1017
03-04 16:33:32.979 D/AsusContactWigdetSync(22245): sync isdelete = true
03-04 16:33:32.989 I/CalendarProvider2(22282): Sending notification intent: Intent { act=android.intent.action.PROVIDER_CHANGED dat=content://com.android.calendar }
03-04 16:33:32.989 W/ContentResolver(22282): Failed to get type for: content://com.android.calendar (Unknown URL content://com.android.calendar)
03-04 16:33:32.989 D/AlertReceiver(22319): onReceive: a=android.intent.action.PROVIDER_CHANGED Intent { act=android.intent.action.PROVIDER_CHANGED dat=content://com.android.calendar flg=0x10 cmp=com.asus.calendar/com.android.calendar.alerts.AlertReceiver }
03-04 16:33:32.989 V/ActivityManager(  505): Remove bg service from mStartingBackground ,r=ServiceRecord{221391e8 u0 com.android.providers.calendar/.EmptyService},r used time=1004,left r count=2
03-04 16:33:32.999 D/AlertService(22319): 0 Action = android.intent.action.PROVIDER_CHANGED
03-04 16:33:32.999 D/AlertService(22319): Beginning updateAlertNotification
03-04 16:33:33.009 D/AlertService(22319): No fired or scheduled alerts
03-04 16:33:33.019 D/BatteryStatsImpl(  505): noteStopWakeLocked com.asus.calendar isFromForeground = false
03-04 16:33:33.019 V/ActivityManager(  505): Remove bg service from mStartingBackground ,r=ServiceRecord{2211d0e0 u0 com.asus.calendar/com.android.calendar.alerts.AlertService},r used time=27,left r count=2
03-04 16:33:33.039 D/dalvikvm(22231): GC_EXPLICIT freed 600K, 15% free 7650K/8900K, paused 0ms+3ms, total 17ms
03-04 16:33:33.179 I/Choreographer(22019): Skipped 43 frames!  The application may be doing too much work on its main thread.
03-04 16:33:33.189 W/BindingManager(22019): Cannot call determinedVisibility() - never saw a connection for the pid: 22019
03-04 16:33:33.229 D/SendBroadcastHandler(22231): startTimer() SEND_TO_CONTACTS_WIDGET_DELETE 
03-04 16:33:33.319 W/chromium(22019): [WARNING:xwalk_extension_module.cc(203)] Exception when running message listener: app://org.xwalk.webapi_noneservice_tests//opt/webapi-contactsmanager-w3c-tests/contactsmanager/ContactsChangeEvent_modified_attribute.html:70:18 TypeError: Cannot read property '0' of undefined
03-04 16:33:33.319 W/chromium(22019):     if (e.modified[0]) {
03-04 16:33:33.319 W/chromium(22019): 
03-04 16:33:33.379 D/dalvikvm(22019): GC_CONCURRENT freed 4111K, 40% free 6908K/11492K, paused 0ms+4ms, total 12ms
03-04 16:33:33.639 I/chromium(22019): [INFO:CONSOLE(70)] "WARNING: Message from backend doesn't have data.", source:  (70)
03-04 16:33:33.669 W/chromium(22019): [WARNING:xwalk_extension_module.cc(203)] Exception when running message listener: app://org.xwalk.webapi_noneservice_tests//opt/webapi-contactsmanager-w3c-tests/contactsmanager/ContactsChangeEvent_modified_attribute.html:70:18 TypeError: Cannot read property '0' of undefined
03-04 16:33:33.669 W/chromium(22019):     if (e.modified[0]) {
03-04 16:33:33.669 W/chromium(22019): 
03-04 16:33:33.979 D/AsusContactWigdetSync(22302): sync start
03-04 16:33:33.979 D/AsusContactWigdetSync(22302): sync selection = null
03-04 16:33:33.979 D/AsusContactWigdetSync(22302): sync delete selection = contact_id IN ( 1016, 1017, 1015)
03-04 16:33:33.979 D/AsusContactWigdetSync(22302): sync stop
03-04 16:33:33.979 D/AsusContactWigdetSync(22245): sync start
03-04 16:33:33.979 D/AsusContactWigdetSync(22245): sync selection = null
03-04 16:33:33.979 D/AsusContactWigdetSync(22245): sync delete selection = contact_id IN ( 1016, 1017, 1015)
03-04 16:33:33.979 D/AsusContactWigdetSync(22245): sync stop
03-04 16:33:33.979 V/ActivityManager(  505): Remove bg service from mStartingBackground ,r=ServiceRecord{221253c8 u0 com.asus.contactswidget/.SyncService},r used time=1006,left r count=1
03-04 16:33:33.979 V/ActivityManager(  505): Remove bg service from mStartingBackground ,r=ServiceRecord{221eaea0 u0 com.asus.contacts/com.android.contacts.miniwidget.SyncService},r used time=1010,left r count=0
03-04 16:33:34.069 D/SendBroadcastHandler(22231): startTimer() SEND_TO_CONTACTS_WIDGET_UPDATE 
03-04 16:33:34.239 V/ActivityManager(  505): Remove bg service from mStartingBackground ,r=ServiceRecord{22108b28 u0 com.android.providers.calendar/.ContactsEventUpdateIntentService},r used time=105,left r count=1
03-04 16:33:34.769 D/BatteryStatsImpl(  505): noteStopWakeLocked system isFromForeground = false
03-04 16:33:34.769 D/AlarmManager(  505): Triggered Alarm 21ff2380 ELAPSED_REALTIME_WAKEUP IntentSender{223d4f58: PendingIntentRecord{2254e930 com.android.providers.calendar broadcastIntent}}
03-04 16:33:34.769 D/AlarmManager(  505): Removed alarm Alarm{21f5e6d8 type 0 com.android.providers.calendar} type:RTC_WAKEUP
03-04 16:33:34.779 D/AlarmManager(  505): Added alarm Alarm{21fba1e0 type 0 com.baidu.BaiduMap} type:RTC_WAKEUP when: At 15-3-4 4:41 repeatInterval: 0h:9m:0.0s
03-04 16:33:34.779 D/AlarmManager(  505): Added alarm Alarm{21fae0e0 type 0 com.baidu.BaiduMap} type:RTC_WAKEUP when: At 15-3-4 4:43 repeatInterval: 0h:9m:0.0s
03-04 16:33:34.779 D/AlarmManager(  505): Added alarm Alarm{21f53358 type 0 android} type:RTC_WAKEUP when: At 15-3-4 5:00 repeatInterval: 0h:30m:0.0s
03-04 16:33:34.799 D/BatteryStatsImpl(  505): noteStopWakeLocked com.android.providers.calendar isFromForeground = false
03-04 16:33:34.799 D/AlarmManager(  505): Added alarm Alarm{220d8dc0 type 0 com.android.providers.calendar} type:RTC_WAKEUP when: At 15-3-5 2:34
03-04 16:33:34.799 V/ActivityManager(  505): Remove bg service from mStartingBackground ,r=ServiceRecord{220c5be8 u0 com.android.providers.calendar/.CalendarProviderIntentService},r used time=27,left r count=1
03-04 16:33:34.809 W/BindingManager(22019): Cannot call determinedVisibility() - never saw a connection for the pid: 22019
03-04 16:33:34.809 I/chromium(22019): [INFO:CONSOLE(70)] "WARNING: Message from backend doesn't have data.", source:  (70)
03-04 16:33:34.889 I/WifiHW  (  505): CMD: IFNAME=wlan0 SIGNAL_POLL
03-04 16:33:34.889 D/wpa_supplicant(  694): RX ctrl_iface - hexdump(len=11): 53 49 47 4e 41 4c 5f 50 4f 4c 4c
03-04 16:33:34.889 D/wpa_supplicant(  694): wlan0: Control interface command 'SIGNAL_POLL'
03-04 16:33:34.889 E/Contacts(22019): org.json.JSONException: No value for contactId
03-04 16:33:34.919 D/wpa_supplicant(  694): nl80211: survey data missing!
03-04 16:33:34.919 I/WifiHW  (  505): REPLY: RSSI=-62
03-04 16:33:34.919 I/WifiHW  (  505): REPLY: LINKSPEED=26
03-04 16:33:34.919 I/WifiHW  (  505): REPLY: NOISE=9999
03-04 16:33:34.919 I/WifiHW  (  505): REPLY: FREQUENCY=2437
03-04 16:33:35.039 D/dalvikvm(22019): GC_CONCURRENT freed 4116K, 41% free 6837K/11492K, paused 0ms+2ms, total 10ms
03-04 16:33:35.049 I/Choreographer(22019): Skipped 40 frames!  The application may be doing too much work on its main thread.
03-04 16:33:35.079 D/dalvikvm(22231): GC_EXPLICIT freed 644K, 14% free 7678K/8900K, paused 1ms+3ms, total 19ms
03-04 16:33:35.229 I/CalendarProvider2(22282): Sending notification intent: Intent { act=android.intent.action.PROVIDER_CHANGED dat=content://com.android.calendar }
03-04 16:33:35.229 W/ContentResolver(22282): Failed to get type for: content://com.android.calendar (Unknown URL content://com.android.calendar)
03-04 16:33:35.239 D/AlertReceiver(22319): onReceive: a=android.intent.action.PROVIDER_CHANGED Intent { act=android.intent.action.PROVIDER_CHANGED dat=content://com.android.calendar flg=0x10 cmp=com.asus.calendar/com.android.calendar.alerts.AlertReceiver }
03-04 16:33:35.239 D/AlertService(22319): 0 Action = android.intent.action.PROVIDER_CHANGED
03-04 16:33:35.239 D/AlertService(22319): Beginning updateAlertNotification
03-04 16:33:35.239 V/ActivityManager(  505): Remove bg service from mStartingBackground ,r=ServiceRecord{22100d38 u0 com.android.providers.calendar/.EmptyService},r used time=1003,left r count=0
03-04 16:33:35.249 D/AlertService(22319): No fired or scheduled alerts
03-04 16:33:35.259 D/BatteryStatsImpl(  505): noteStopWakeLocked com.asus.calendar isFromForeground = false
03-04 16:33:35.259 V/ActivityManager(  505): Remove bg service from mStartingBackground ,r=ServiceRecord{220b6708 u0 com.asus.calendar/com.android.calendar.alerts.AlertService},r used time=18,left r count=0
03-04 16:33:35.369 I/chromium(22019): [INFO:CONSOLE(62)] "Uncaught (in promise) ReferenceError: info is not defined", source: app://org.xwalk.webapi_noneservice_tests//opt/webapi-contactsmanager-w3c-tests/contactsmanager/ContactsChangeEvent_removed_attribute.html (62)
03-04 16:33:35.429 D/SendBroadcastHandler(22231): mTimerTask sendMessage CONTACTS_INSERT 
03-04 16:33:35.439 D/SendBroadcastHandler(22231): (insert) sendBroadcast mInsertRawContacts:3
03-04 16:33:35.439 D/SendBroadcastHandler(22231): (insert) sendBroadcast mInsertName:3
03-04 16:33:35.439 D/SendBroadcastHandler(22231): (insert) sendBroadcast mInsertNameDetail:3
03-04 16:33:35.439 D/SendBroadcastHandler(22231): sendBroadcast insert to voice agent
03-04 16:33:35.949 W/ufoGralloc(  170): registerBuffer() handle 0xb9603ee0/65 didn't require registration
03-04 16:33:35.969 D/WindowManager(  505): adjustConfigurationLw, config:{1.0 ?mcc?mnc ?locale ?layoutDir sw600dp w600dp h888dp 213dpi lrg port ?uimode ?night finger -keyb/v/h -nav/v} mLidState:1 mHasDockFeature:false mHasKeyboardFeature:false mHasHallSensorFeature:true config.hardKeyboardHidden:2
03-04 16:33:35.969 I/ActivityManager(  505): [TopPkgCurBat]	NowPkgName[com.chrome.beta]	Battery[82]	TimeTick[1425458015985]	OldPkgName[org.xwalk.webapi_noneservice_tests]
03-04 16:33:36.019 D/        (21086): Pixel Format : GGL_PIXEL_FORMAT_RGBA_8888
03-04 16:33:36.049 W/IInputConnectionWrapper(22019): showStatusIcon on inactive InputConnection
03-04 16:33:36.059 D/XT9IME  (21146): new subtype :en_US ,keyboard
03-04 16:33:36.069 D/        (21181): Pixel Format : GGL_PIXEL_FORMAT_RGBA_8888
03-04 16:33:36.069 D/        (21181): droid_create_context : config id = 1 conf->NativeVisualID=1
03-04 16:33:36.069 D/        (21181): Pixel Format : GGL_PIXEL_FORMAT_RGBA_8888
03-04 16:33:36.069 I/        (21181): Requested context : GLES 2.0
03-04 16:33:36.079 D/        (21181): Swap interval set to = 1 value
03-04 16:33:36.089 D/BatteryStatsImpl(  505): noteStopWakeLocked system isFromForeground = false
03-04 16:33:36.229 D/SendBroadcastHandler(22231): mTimerTask sendMessage CONTACTS_DELETE 
03-04 16:33:36.299 D/AsusContactWigdetSync(22245): ready to sync contact id = 2
03-04 16:33:36.299 D/AsusContactWigdetSync(22245): ready to sync widget
03-04 16:33:36.299 D/SendBroadcastHandler(22231): sendBroadcast delete to voice agent
03-04 16:33:36.299 D/SendBroadcastHandler(22231): (Delete) sendBroadcast mDeleteContacts:2
03-04 16:33:36.299 D/SendBroadcastHandler(22231): (Delete) sendBroadcast mDeleteRawContactsVoice:2
03-04 16:33:36.299 D/SendBroadcastHandler(22231): sendBroadcast CONTACTS_DELETE
03-04 16:33:36.299 D/AsusContactWigdetSync(22245): delete contact_id = 1018
03-04 16:33:36.299 D/AsusContactWigdetSync(22245): delete contact_id = 1019
03-04 16:33:36.299 D/AsusContactWigdetSync(22245): sync isdelete = true
03-04 16:33:36.299 D/AsusContactWigdetSync(22302): ready to sync contact id = 2
03-04 16:33:36.299 D/AsusContactWigdetSync(22302): ready to sync widget
03-04 16:33:36.309 D/        (22019): Surface destroy: ANDROID_NATIVE_WINDOW_MAGIC
03-04 16:33:36.309 D/        (22019): Surface destroy: ANDROID_NATIVE_WINDOW_MAGIC
03-04 16:33:36.319 D/AsusContactWigdetSync(22302): delete contact_id = 1018
03-04 16:33:36.319 D/AsusContactWigdetSync(22302): delete contact_id = 1019
03-04 16:33:36.319 D/AsusContactWigdetSync(22302): sync isdelete = true
03-04 16:33:36.399 V/ActivityManager(  505): Remove bg service from mStartingBackground ,r=ServiceRecord{22096038 u0 com.android.providers.calendar/.ContactsEventUpdateIntentService},r used time=33,left r count=3
03-04 16:33:36.419 D/AndroidRuntime(22763): 
03-04 16:33:36.419 D/AndroidRuntime(22763): >>>>>> AndroidRuntime START com.android.internal.os.RuntimeInit <<<<<<
03-04 16:33:36.419 D/AndroidRuntime(22763): CheckJNI is OFF
03-04 16:33:36.419 I/AndroidRuntime(22763): Kernel Release Version: 3.10.20-gf818079
03-04 16:33:36.429 I/dalvikvm(22763): No library specified. The standard exception handler will be used
03-04 16:33:36.429 I/dalvikvm(22763): 
03-04 16:33:36.429 I/dalvikvm(22763): +++++++++++++ Using PCG. +++++++++++++++++++++
03-04 16:33:36.439 D/dalvikvm(22763): Trying to load lib libjavacore.so 0x0
03-04 16:33:36.439 D/dalvikvm(22763): Added shared lib libjavacore.so 0x0
03-04 16:33:36.439 D/dalvikvm(22763): Trying to load lib libnativehelper.so 0x0
03-04 16:33:36.439 D/dalvikvm(22763): Added shared lib libnativehelper.so 0x0
03-04 16:33:36.439 D/dalvikvm(22763): No JNI_OnLoad found in libnativehelper.so 0x0, skipping init
03-04 16:33:36.449 D/dalvikvm(22763): Extra Options: not specified
03-04 16:33:36.459 D/dalvikvm(22763): Note: class Landroid/app/ActivityManagerNative; has 186 unimplemented (abstract) methods
03-04 16:33:36.529 E/memtrack(22763): Couldn't load memtrack module (No such file or directory)
03-04 16:33:36.529 E/android.os.Debug(22763): failed to load memtrack module: -2
03-04 16:33:36.569 D/AndroidRuntime(22763): Calling main entry com.android.commands.am.Am
03-04 16:33:36.589 I/ActivityManager(  505): Force stopping org.xwalk.webapi_noneservice_tests appid=10394 user=0: from pid 22763
03-04 16:33:36.589 I/ActivityManager(  505): Killing 22019:org.xwalk.webapi_noneservice_tests/u0a394 (adj 1): stop org.xwalk.webapi_noneservice_tests
03-04 16:33:36.609 I/SecurityManagerService(  602): SMS received security event: App[STOP/org.xwalk.webapi_noneservice_tests]
03-04 16:33:36.619 D/AndroidRuntime(22763): Shutting down VM
03-04 16:33:36.619 D/dalvikvm(22763): GC_CONCURRENT freed 112K, 16% free 666K/792K, paused 0ms+0ms, total 1ms
03-04 16:33:36.619 D/dalvikvm(22763): Compiler shutdown in progress - discarding request
03-04 16:33:36.619 D/dalvikvm(22763): Compiler shutdown in progress - discarding request
03-04 16:33:36.619 D/dalvikvm(22763): Compiler shutdown in progress - discarding request
03-04 16:33:36.619 D/dalvikvm(22763): Compiler shutdown in progress - discarding request
03-04 16:33:36.619 D/dalvikvm(22763): Compiler shutdown in progress - discarding request
03-04 16:33:36.619 D/dalvikvm(22763): Compiler shutdown in progress - discarding request
03-04 16:33:36.619 D/dalvikvm(22763): Compiler shutdown in progress - discarding request
03-04 16:33:36.619 D/dalvikvm(22763): Compiler shutdown in progress - discarding request
03-04 16:33:36.619 D/dalvikvm(22763): Compiler shutdown in progress - discarding request
03-04 16:33:36.619 D/dalvikvm(22763): Compiler shutdown in progress - discarding request
03-04 16:33:36.619 D/dalvikvm(22763): Compiler shutdown in progress - discarding request
03-04 16:33:36.619 D/dalvikvm(22763): Compiler shutdown in progress - discarding request
03-04 16:33:36.619 D/dalvikvm(22763): Compiler shutdown in progress - discarding request
03-04 16:33:36.619 D/dalvikvm(22763): Compiler shutdown in progress - discarding request
03-04 16:33:36.619 D/dalvikvm(22763): Compiler shutdown in progress - discarding request
03-04 16:33:36.619 D/dalvikvm(22763): Compiler shutdown in progress - discarding request
03-04 16:33:36.619 D/dalvikvm(22763): Compiler shutdown in progress - discarding request
03-04 16:33:36.619 D/dalvikvm(22763): Compiler shutdown in progress - discarding request
03-04 16:33:36.619 D/dalvikvm(22763): Compiler shutdown in progress - discarding request
03-04 16:33:36.619 D/dalvikvm(22763): Compiler shutdown in progress - discarding request
03-04 16:33:36.619 D/dalvikvm(22763): Compiler shutdown in progress - discarding request
03-04 16:33:36.619 D/dalvikvm(22763): Compiler shutdown in progress - discarding request
03-04 16:33:36.619 D/dalvikvm(22763): Compiler shutdown in progress - discarding request
03-04 16:33:36.619 D/dalvikvm(22763): Compiler shutdown in progress - discarding request
03-04 16:33:36.619 D/dalvikvm(22763): Compiler shutdown in progress - discarding request
03-04 16:33:36.619 D/dalvikvm(22763): Compiler shutdown in progress - discarding request
03-04 16:33:36.619 D/dalvikvm(22763): Compiler shutdown in progress - discarding request
03-04 16:33:36.619 D/dalvikvm(22763): Compiler shutdown in progress - discarding request
03-04 16:33:36.619 D/dalvikvm(22763): Compiler shutdown in progress - discarding request
03-04 16:33:36.619 D/dalvikvm(22763): Compiler shutdown in progress - discarding request
03-04 16:33:36.619 D/dalvikvm(22763): Compiler shutdown in progress - discarding request
03-04 16:33:36.619 D/dalvikvm(22763): Compiler shutdown in progress - discarding request
03-04 16:33:36.619 D/dalvikvm(22763): Compiler shutdown in progress - discarding request
03-04 16:33:36.619 D/dalvikvm(22763): Compiler shutdown in progress - discarding request
03-04 16:33:36.619 D/dalvikvm(22763): Compiler shutdown in progress - discarding request
03-04 16:33:36.619 D/dalvikvm(22763): Compiler shutdown in progress - discarding request
03-04 16:33:36.619 D/dalvikvm(22763): Compiler shutdown in progress - discarding request
03-04 16:33:36.619 D/dalvikvm(22763): Compiler shutdown in progress - discarding request
03-04 16:33:36.619 D/dalvikvm(22763): Compiler shutdown in progress - discarding request
03-04 16:33:36.619 D/dalvikvm(22763): Compiler shutdown in progress - discarding request
03-04 16:33:36.619 D/dalvikvm(22763): Compiler shutdown in progress - discarding request
03-04 16:33:36.619 D/dalvikvm(22763): Compiler shutdown in progress - discarding request
03-04 16:33:36.619 D/dalvikvm(22763): Compiler shutdown in progress - discarding request
03-04 16:33:36.619 D/dalvikvm(22763): Compiler shutdown in progress - discarding request
03-04 16:33:36.679 W/InputDispatcher(  505): channel '21fe2ad0 org.xwalk.webapi_noneservice_tests/org.xwalk.webapi_noneservice_tests.WebapiNoneserviceTestsActivity (server)' ~ Consumer closed input channel or an error occurred.  events=0x9
03-04 16:33:36.679 E/InputDispatcher(  505): channel '21fe2ad0 org.xwalk.webapi_noneservice_tests/org.xwalk.webapi_noneservice_tests.WebapiNoneserviceTestsActivity (server)' ~ Channel is unrecoverably broken and will be disposed!
03-04 16:33:36.679 W/InputDispatcher(  505): Attempted to unregister already unregistered input channel '21fe2ad0 org.xwalk.webapi_noneservice_tests/org.xwalk.webapi_noneservice_tests.WebapiNoneserviceTestsActivity (server)'
03-04 16:33:36.679 I/WindowState(  505): WIN DEATH: Window{21fe2ad0 u0 org.xwalk.webapi_noneservice_tests/org.xwalk.webapi_noneservice_tests.WebapiNoneserviceTestsActivity EXITING}
03-04 16:33:36.679 I/WindowState(  505): WIN DEATH: Window{2201c200 u0 SurfaceView EXITING}
03-04 16:33:36.709 W/SurfaceFlinger(  170): couldn't log to binary event log: overflow.
03-04 16:33:37.069 D/SendBroadcastHandler(22231): mTimerTask sendMessage CONTACTS_UPDATE 
03-04 16:33:37.069 D/AsusContactWigdetSync(22245): ready to sync widget
03-04 16:33:37.069 D/SendBroadcastHandler(22231): sendBroadcast update to voice agent
03-04 16:33:37.069 D/SendBroadcastHandler(22231): (update) sendBroadcast mUpdateRawContacts:0
03-04 16:33:37.069 D/SendBroadcastHandler(22231): (update) sendBroadcast mUpdateContacts:0
03-04 16:33:37.069 D/SendBroadcastHandler(22231): (update) sendBroadcast mUpdateName:1
03-04 16:33:37.069 D/SendBroadcastHandler(22231): (update) sendBroadcast mUpdateNameDetail:1
03-04 16:33:37.069 D/SendBroadcastHandler(22231): sendBroadcast CONTACTS_UPDATE
03-04 16:33:37.069 D/AsusContactWigdetSync(22245): sync isdelete = false
03-04 16:33:37.069 D/AsusContactWigdetSync(22302): ready to sync widget
03-04 16:33:37.069 D/AsusContactWigdetSync(22302): sync isdelete = false
