--------- beginning of /dev/log/main
03-04 16:19:19.039 D/AndroidRuntime(16140): 
03-04 16:19:19.039 D/AndroidRuntime(16140): >>>>>> AndroidRuntime START com.android.internal.os.RuntimeInit <<<<<<
03-04 16:19:19.039 D/AndroidRuntime(16140): CheckJNI is OFF
03-04 16:19:19.039 I/AndroidRuntime(16140): Kernel Release Version: 3.10.20-gf818079
03-04 16:19:19.039 I/dalvikvm(16140): No library specified. The standard exception handler will be used
03-04 16:19:19.039 I/dalvikvm(16140): 
03-04 16:19:19.039 I/dalvikvm(16140): +++++++++++++ Using PCG. +++++++++++++++++++++
03-04 16:19:19.049 D/dalvikvm(16140): Trying to load lib libjavacore.so 0x0
03-04 16:19:19.049 D/dalvikvm(16140): Added shared lib libjavacore.so 0x0
03-04 16:19:19.059 D/dalvikvm(16140): Trying to load lib libnativehelper.so 0x0
03-04 16:19:19.059 D/dalvikvm(16140): Added shared lib libnativehelper.so 0x0
03-04 16:19:19.059 D/dalvikvm(16140): No JNI_OnLoad found in libnativehelper.so 0x0, skipping init
03-04 16:19:19.059 D/dalvikvm(16140): Extra Options: not specified
03-04 16:19:19.069 D/dalvikvm(16140): Note: class Landroid/app/ActivityManagerNative; has 186 unimplemented (abstract) methods
03-04 16:19:19.139 E/memtrack(16140): Couldn't load memtrack module (No such file or directory)
03-04 16:19:19.139 E/android.os.Debug(16140): failed to load memtrack module: -2
03-04 16:19:19.189 D/AndroidRuntime(16140): Calling main entry com.android.commands.am.Am
03-04 16:19:19.219 D/AndroidRuntime(16140): Shutting down VM
03-04 16:19:19.219 D/dalvikvm(16140): GC_CONCURRENT freed 112K, 17% free 634K/760K, paused 1ms+0ms, total 2ms
--------- beginning of /dev/log/system
03-04 16:19:19.219 I/ActivityManager(  505): Force stopping org.xwalk.webapi_noneservice_tests appid=10394 user=0: from pid 16140
03-04 16:19:19.229 D/dalvikvm(16140): Compiler shutdown in progress - discarding request
03-04 16:19:19.229 D/dalvikvm(16140): Compiler shutdown in progress - discarding request
03-04 16:19:19.229 D/dalvikvm(16140): Compiler shutdown in progress - discarding request
03-04 16:19:19.229 D/dalvikvm(16140): Compiler shutdown in progress - discarding request
03-04 16:19:19.229 D/dalvikvm(16140): Compiler shutdown in progress - discarding request
03-04 16:19:19.229 D/dalvikvm(16140): Compiler shutdown in progress - discarding request
03-04 16:19:19.229 D/dalvikvm(16140): Compiler shutdown in progress - discarding request
03-04 16:19:19.229 D/dalvikvm(16140): Compiler shutdown in progress - discarding request
03-04 16:19:19.229 D/dalvikvm(16140): Compiler shutdown in progress - discarding request
03-04 16:19:19.229 D/dalvikvm(16140): Compiler shutdown in progress - discarding request
03-04 16:19:19.229 D/dalvikvm(16140): Compiler shutdown in progress - discarding request
03-04 16:19:19.229 D/dalvikvm(16140): Compiler shutdown in progress - discarding request
03-04 16:19:19.229 D/dalvikvm(16140): Compiler shutdown in progress - discarding request
03-04 16:19:19.229 D/dalvikvm(16140): Compiler shutdown in progress - discarding request
03-04 16:19:19.229 D/dalvikvm(16140): Compiler shutdown in progress - discarding request
03-04 16:19:19.229 D/dalvikvm(16140): Compiler shutdown in progress - discarding request
03-04 16:19:19.229 D/dalvikvm(16140): Compiler shutdown in progress - discarding request
03-04 16:19:19.229 D/dalvikvm(16140): Compiler shutdown in progress - discarding request
03-04 16:19:19.229 D/dalvikvm(16140): Compiler shutdown in progress - discarding request
03-04 16:19:19.229 D/dalvikvm(16140): Compiler shutdown in progress - discarding request
03-04 16:19:19.229 D/dalvikvm(16140): Compiler shutdown in progress - discarding request
03-04 16:19:19.229 D/dalvikvm(16140): Compiler shutdown in progress - discarding request
03-04 16:19:19.229 D/dalvikvm(16140): Compiler shutdown in progress - discarding request
03-04 16:19:19.229 D/dalvikvm(16140): Compiler shutdown in progress - discarding request
03-04 16:19:19.229 D/dalvikvm(16140): Compiler shutdown in progress - discarding request
03-04 16:19:19.229 D/dalvikvm(16140): Compiler shutdown in progress - discarding request
03-04 16:19:19.229 D/dalvikvm(16140): Compiler shutdown in progress - discarding request
03-04 16:19:19.229 D/dalvikvm(16140): Compiler shutdown in progress - discarding request
03-04 16:19:19.229 D/dalvikvm(16140): Compiler shutdown in progress - discarding request
03-04 16:19:19.229 D/dalvikvm(16140): Compiler shutdown in progress - discarding request
03-04 16:19:19.229 D/dalvikvm(16140): Compiler shutdown in progress - discarding request
03-04 16:19:19.229 D/dalvikvm(16140): Compiler shutdown in progress - discarding request
03-04 16:19:19.229 D/dalvikvm(16140): Compiler shutdown in progress - discarding request
03-04 16:19:19.229 D/dalvikvm(16140): Compiler shutdown in progress - discarding request
03-04 16:19:19.229 D/dalvikvm(16140): Compiler shutdown in progress - discarding request
03-04 16:19:19.229 D/dalvikvm(16140): Compiler shutdown in progress - discarding request
03-04 16:19:19.229 D/dalvikvm(16140): Compiler shutdown in progress - discarding request
03-04 16:19:19.229 D/dalvikvm(16140): Compiler shutdown in progress - discarding request
03-04 16:19:19.229 D/dalvikvm(16140): Compiler shutdown in progress - discarding request
03-04 16:19:19.229 D/dalvikvm(16140): Compiler shutdown in progress - discarding request
03-04 16:19:19.229 D/dalvikvm(16140): Compiler shutdown in progress - discarding request
03-04 16:19:19.229 D/dalvikvm(16140): Compiler shutdown in progress - discarding request
03-04 16:19:19.229 D/dalvikvm(16140): Compiler shutdown in progress - discarding request
03-04 16:19:19.229 D/dalvikvm(16140): Compiler shutdown in progress - discarding request
03-04 16:19:19.229 D/dalvikvm(16140): Compiler shutdown in progress - discarding request
03-04 16:19:19.229 D/dalvikvm(16140): Compiler shutdown in progress - discarding request
03-04 16:19:19.229 D/dalvikvm(16140): Compiler shutdown in progress - discarding request
03-04 16:19:19.229 D/dalvikvm(16140): Compiler shutdown in progress - discarding request
03-04 16:19:19.269 I/WifiHW  (  505): CMD: IFNAME=wlan0 SIGNAL_POLL
03-04 16:19:19.269 D/wpa_supplicant(  694): RX ctrl_iface - hexdump(len=11): 53 49 47 4e 41 4c 5f 50 4f 4c 4c
03-04 16:19:19.269 D/wpa_supplicant(  694): wlan0: Control interface command 'SIGNAL_POLL'
03-04 16:19:19.299 D/wpa_supplicant(  694): nl80211: survey data missing!
03-04 16:19:19.299 I/WifiHW  (  505): REPLY: RSSI=-57
03-04 16:19:19.299 I/WifiHW  (  505): REPLY: LINKSPEED=26
03-04 16:19:19.299 I/WifiHW  (  505): REPLY: NOISE=9999
03-04 16:19:19.299 I/WifiHW  (  505): REPLY: FREQUENCY=2437
03-04 16:19:19.849 D/AndroidRuntime(16151): 
03-04 16:19:19.849 D/AndroidRuntime(16151): >>>>>> AndroidRuntime START com.android.internal.os.RuntimeInit <<<<<<
03-04 16:19:19.849 D/AndroidRuntime(16151): CheckJNI is OFF
03-04 16:19:19.859 I/AndroidRuntime(16151): Kernel Release Version: 3.10.20-gf818079
03-04 16:19:19.859 I/dalvikvm(16151): No library specified. The standard exception handler will be used
03-04 16:19:19.859 I/dalvikvm(16151): 
03-04 16:19:19.859 I/dalvikvm(16151): +++++++++++++ Using PCG. +++++++++++++++++++++
03-04 16:19:19.869 D/dalvikvm(16151): Trying to load lib libjavacore.so 0x0
03-04 16:19:19.869 D/dalvikvm(16151): Added shared lib libjavacore.so 0x0
03-04 16:19:19.869 D/dalvikvm(16151): Trying to load lib libnativehelper.so 0x0
03-04 16:19:19.869 D/dalvikvm(16151): Added shared lib libnativehelper.so 0x0
03-04 16:19:19.869 D/dalvikvm(16151): No JNI_OnLoad found in libnativehelper.so 0x0, skipping init
03-04 16:19:19.879 D/dalvikvm(16151): Extra Options: not specified
03-04 16:19:19.889 D/dalvikvm(16151): Note: class Landroid/app/ActivityManagerNative; has 186 unimplemented (abstract) methods
03-04 16:19:19.959 E/memtrack(16151): Couldn't load memtrack module (No such file or directory)
03-04 16:19:19.959 E/android.os.Debug(16151): failed to load memtrack module: -2
03-04 16:19:19.989 D/AndroidRuntime(16151): Calling main entry com.android.commands.am.Am
03-04 16:19:20.019 D/AndroidRuntime(16151): Shutting down VM
03-04 16:19:20.019 I/ActivityManager(  505): START u0 {flg=0x10000000 cmp=org.xwalk.webapi_noneservice_tests/.webapi_noneservice_testsActivity} from pid 16151
03-04 16:19:20.029 D/dalvikvm(16151): GC_CONCURRENT freed 113K, 16% free 674K/800K, paused 0ms+0ms, total 1ms
03-04 16:19:20.029 D/dalvikvm(16151): Compiler shutdown in progress - discarding request
03-04 16:19:20.029 D/dalvikvm(16151): Compiler shutdown in progress - discarding request
03-04 16:19:20.029 D/dalvikvm(16151): Compiler shutdown in progress - discarding request
03-04 16:19:20.029 D/dalvikvm(16151): Compiler shutdown in progress - discarding request
03-04 16:19:20.029 D/dalvikvm(16151): Compiler shutdown in progress - discarding request
03-04 16:19:20.029 D/dalvikvm(16151): Compiler shutdown in progress - discarding request
03-04 16:19:20.029 D/dalvikvm(16151): Compiler shutdown in progress - discarding request
03-04 16:19:20.029 D/dalvikvm(16151): Compiler shutdown in progress - discarding request
03-04 16:19:20.029 D/dalvikvm(16151): Compiler shutdown in progress - discarding request
03-04 16:19:20.029 D/dalvikvm(16151): Compiler shutdown in progress - discarding request
03-04 16:19:20.029 D/dalvikvm(16151): Compiler shutdown in progress - discarding request
03-04 16:19:20.029 D/dalvikvm(16151): Compiler shutdown in progress - discarding request
03-04 16:19:20.029 D/dalvikvm(16151): Compiler shutdown in progress - discarding request
03-04 16:19:20.029 D/dalvikvm(16151): Compiler shutdown in progress - discarding request
03-04 16:19:20.029 D/dalvikvm(16151): Compiler shutdown in progress - discarding request
03-04 16:19:20.029 D/dalvikvm(16151): Compiler shutdown in progress - discarding request
03-04 16:19:20.029 D/dalvikvm(16151): Compiler shutdown in progress - discarding request
03-04 16:19:20.029 D/dalvikvm(16151): Compiler shutdown in progress - discarding request
03-04 16:19:20.029 D/dalvikvm(16151): Compiler shutdown in progress - discarding request
03-04 16:19:20.029 D/dalvikvm(16151): Compiler shutdown in progress - discarding request
03-04 16:19:20.029 D/dalvikvm(16151): Compiler shutdown in progress - discarding request
03-04 16:19:20.029 D/dalvikvm(16151): Compiler shutdown in progress - discarding request
03-04 16:19:20.029 D/dalvikvm(16151): Compiler shutdown in progress - discarding request
03-04 16:19:20.029 D/dalvikvm(16151): Compiler shutdown in progress - discarding request
03-04 16:19:20.029 D/dalvikvm(16151): Compiler shutdown in progress - discarding request
03-04 16:19:20.029 D/dalvikvm(16151): Compiler shutdown in progress - discarding request
03-04 16:19:20.029 D/dalvikvm(16151): Compiler shutdown in progress - discarding request
03-04 16:19:20.029 D/dalvikvm(16151): Compiler shutdown in progress - discarding request
03-04 16:19:20.029 D/dalvikvm(16151): Compiler shutdown in progress - discarding request
03-04 16:19:20.029 D/dalvikvm(16151): Compiler shutdown in progress - discarding request
03-04 16:19:20.029 D/dalvikvm(16151): Compiler shutdown in progress - discarding request
03-04 16:19:20.029 D/dalvikvm(16151): Compiler shutdown in progress - discarding request
03-04 16:19:20.029 D/dalvikvm(16151): Compiler shutdown in progress - discarding request
03-04 16:19:20.029 D/dalvikvm(16151): Compiler shutdown in progress - discarding request
03-04 16:19:20.029 D/dalvikvm(16151): Compiler shutdown in progress - discarding request
03-04 16:19:20.029 D/dalvikvm(16151): Compiler shutdown in progress - discarding request
03-04 16:19:20.029 D/dalvikvm(16151): Compiler shutdown in progress - discarding request
03-04 16:19:20.029 D/dalvikvm(16151): Compiler shutdown in progress - discarding request
03-04 16:19:20.029 D/dalvikvm(16151): Compiler shutdown in progress - discarding request
03-04 16:19:20.029 D/dalvikvm(16151): Compiler shutdown in progress - discarding request
03-04 16:19:20.029 D/dalvikvm(16151): Compiler shutdown in progress - discarding request
03-04 16:19:20.029 D/dalvikvm(16151): Compiler shutdown in progress - discarding request
03-04 16:19:20.029 D/dalvikvm(16151): Compiler shutdown in progress - discarding request
03-04 16:19:20.029 D/dalvikvm(16151): Compiler shutdown in progress - discarding request
03-04 16:19:20.029 D/dalvikvm(16151): Compiler shutdown in progress - discarding request
03-04 16:19:20.029 D/dalvikvm(16151): Compiler shutdown in progress - discarding request
03-04 16:19:20.029 D/dalvikvm(16151): Compiler shutdown in progress - discarding request
03-04 16:19:20.669 D/AndroidRuntime(16162): 
03-04 16:19:20.669 D/AndroidRuntime(16162): >>>>>> AndroidRuntime START com.android.internal.os.RuntimeInit <<<<<<
03-04 16:19:20.669 D/AndroidRuntime(16162): CheckJNI is OFF
03-04 16:19:20.669 I/AndroidRuntime(16162): Kernel Release Version: 3.10.20-gf818079
03-04 16:19:20.669 I/dalvikvm(16162): No library specified. The standard exception handler will be used
03-04 16:19:20.669 I/dalvikvm(16162): 
03-04 16:19:20.669 I/dalvikvm(16162): +++++++++++++ Using PCG. +++++++++++++++++++++
03-04 16:19:20.679 D/dalvikvm(16162): Trying to load lib libjavacore.so 0x0
03-04 16:19:20.679 D/dalvikvm(16162): Added shared lib libjavacore.so 0x0
03-04 16:19:20.679 D/dalvikvm(16162): Trying to load lib libnativehelper.so 0x0
03-04 16:19:20.679 D/dalvikvm(16162): Added shared lib libnativehelper.so 0x0
03-04 16:19:20.679 D/dalvikvm(16162): No JNI_OnLoad found in libnativehelper.so 0x0, skipping init
03-04 16:19:20.689 D/dalvikvm(16162): Extra Options: not specified
03-04 16:19:20.699 D/dalvikvm(16162): Note: class Landroid/app/ActivityManagerNative; has 186 unimplemented (abstract) methods
03-04 16:19:20.769 E/memtrack(16162): Couldn't load memtrack module (No such file or directory)
03-04 16:19:20.769 E/android.os.Debug(16162): failed to load memtrack module: -2
03-04 16:19:20.779 D/AlarmManager(  505): Triggered Alarm 2204a9a8 ELAPSED_REALTIME_WAKEUP IntentSender{221e0228: PendingIntentRecord{225d8018 android broadcastIntent}}
03-04 16:19:20.779 I/WifiHW  (  505): CMD: IFNAME=wlan0 DRIVER BTCOEXMODE 1
03-04 16:19:20.779 D/wpa_supplicant(  694): RX ctrl_iface - hexdump(len=19): 44 52 49 56 45 52 20 42 54 43 4f 45 58 4d 4f 44 45 20 31
03-04 16:19:20.779 D/wpa_supplicant(  694): wlan0: Control interface command 'DRIVER BTCOEXMODE 1'
03-04 16:19:20.779 D/BatteryStatsImpl(  505): noteStopWakeLocked system isFromForeground = false
03-04 16:19:20.819 D/AndroidRuntime(16162): Calling main entry com.android.commands.am.Am
03-04 16:19:20.849 D/AndroidRuntime(16162): Shutting down VM
03-04 16:19:20.849 D/dalvikvm(16162): GC_CONCURRENT freed 117K, 16% free 702K/832K, paused 1ms+0ms, total 1ms
03-04 16:19:20.849 D/dalvikvm(16162): Compiler shutdown in progress - discarding request
03-04 16:19:20.849 D/dalvikvm(16162): Compiler shutdown in progress - discarding request
03-04 16:19:20.849 D/dalvikvm(16162): Compiler shutdown in progress - discarding request
03-04 16:19:20.849 D/dalvikvm(16162): Compiler shutdown in progress - discarding request
03-04 16:19:20.849 D/dalvikvm(16162): Compiler shutdown in progress - discarding request
03-04 16:19:20.849 D/dalvikvm(16162): Compiler shutdown in progress - discarding request
03-04 16:19:20.849 D/dalvikvm(16162): Compiler shutdown in progress - discarding request
03-04 16:19:20.849 D/dalvikvm(16162): Compiler shutdown in progress - discarding request
03-04 16:19:20.849 D/dalvikvm(16162): Compiler shutdown in progress - discarding request
03-04 16:19:20.849 D/dalvikvm(16162): Compiler shutdown in progress - discarding request
03-04 16:19:20.849 D/dalvikvm(16162): Compiler shutdown in progress - discarding request
03-04 16:19:20.849 D/dalvikvm(16162): Compiler shutdown in progress - discarding request
03-04 16:19:20.849 D/dalvikvm(16162): Compiler shutdown in progress - discarding request
03-04 16:19:20.849 D/dalvikvm(16162): Compiler shutdown in progress - discarding request
03-04 16:19:20.849 D/dalvikvm(16162): Compiler shutdown in progress - discarding request
03-04 16:19:20.849 D/dalvikvm(16162): Compiler shutdown in progress - discarding request
03-04 16:19:20.849 D/dalvikvm(16162): Compiler shutdown in progress - discarding request
03-04 16:19:20.849 D/dalvikvm(16162): Compiler shutdown in progress - discarding request
03-04 16:19:20.849 D/dalvikvm(16162): Compiler shutdown in progress - discarding request
03-04 16:19:20.849 D/dalvikvm(16162): Compiler shutdown in progress - discarding request
03-04 16:19:20.849 D/dalvikvm(16162): Compiler shutdown in progress - discarding request
03-04 16:19:20.849 D/dalvikvm(16162): Compiler shutdown in progress - discarding request
03-04 16:19:20.849 D/dalvikvm(16162): Compiler shutdown in progress - discarding request
03-04 16:19:20.849 D/dalvikvm(16162): Compiler shutdown in progress - discarding request
03-04 16:19:20.849 D/dalvikvm(16162): Compiler shutdown in progress - discarding request
03-04 16:19:20.849 D/dalvikvm(16162): Compiler shutdown in progress - discarding request
03-04 16:19:20.849 D/dalvikvm(16162): Compiler shutdown in progress - discarding request
03-04 16:19:20.849 D/dalvikvm(16162): Compiler shutdown in progress - discarding request
03-04 16:19:20.849 D/dalvikvm(16162): Compiler shutdown in progress - discarding request
03-04 16:19:20.849 D/dalvikvm(16162): Compiler shutdown in progress - discarding request
03-04 16:19:20.849 D/dalvikvm(16162): Compiler shutdown in progress - discarding request
03-04 16:19:20.849 D/dalvikvm(16162): Compiler shutdown in progress - discarding request
03-04 16:19:20.849 D/dalvikvm(16162): Compiler shutdown in progress - discarding request
03-04 16:19:20.849 D/dalvikvm(16162): Compiler shutdown in progress - discarding request
03-04 16:19:20.849 D/dalvikvm(16162): Compiler shutdown in progress - discarding request
03-04 16:19:20.849 D/dalvikvm(16162): Compiler shutdown in progress - discarding request
03-04 16:19:20.849 D/dalvikvm(16162): Compiler shutdown in progress - discarding request
03-04 16:19:20.849 D/dalvikvm(16162): Compiler shutdown in progress - discarding request
03-04 16:19:20.849 D/dalvikvm(16162): Compiler shutdown in progress - discarding request
03-04 16:19:20.849 D/dalvikvm(16162): Compiler shutdown in progress - discarding request
03-04 16:19:20.849 D/dalvikvm(16162): Compiler shutdown in progress - discarding request
03-04 16:19:20.849 D/dalvikvm(16162): Compiler shutdown in progress - discarding request
03-04 16:19:20.849 D/dalvikvm(16162): Compiler shutdown in progress - discarding request
03-04 16:19:20.849 D/dalvikvm(16162): Compiler shutdown in progress - discarding request
03-04 16:19:20.849 D/dalvikvm(16162): Compiler shutdown in progress - discarding request
03-04 16:19:20.849 D/dalvikvm(16162): Compiler shutdown in progress - discarding request
03-04 16:19:20.849 D/dalvikvm(16162): Compiler shutdown in progress - discarding request
03-04 16:19:20.849 D/dalvikvm(16162): Compiler shutdown in progress - discarding request
03-04 16:19:20.849 D/dalvikvm(16162): Compiler shutdown in progress - discarding request
03-04 16:19:20.849 I/ActivityManager(  505): START u0 {flg=0x10000000 cmp=org.xwalk.webapi_noneservice_tests/.webapi_noneservice_tests} from pid 16162
03-04 16:19:20.919 D/wpa_supplicant(  694): bcm_wpa_driver_nl80211_driver_cmd OK len = 0, 2
03-04 16:19:20.919 I/WifiHW  (  505): REPLY: OK
03-04 16:19:20.929 I/WifiHW  (  505): CMD: IFNAME=wlan0 SET ps 0
03-04 16:19:20.929 D/wpa_supplicant(  694): RX ctrl_iface - hexdump(len=8): 53 45 54 20 70 73 20 30
03-04 16:19:20.929 D/wpa_supplicant(  694): wlan0: Control interface command 'SET ps 0'
03-04 16:19:20.929 D/wpa_supplicant(  694): CTRL_IFACE SET 'ps'='0'
03-04 16:19:20.929 D/wpa_supplicant(  694): nl80211: set_p2p_powersave (legacy_ps=0 opp_ps=-1 ctwindow=-1)
03-04 16:19:20.929 I/WifiHW  (  505): REPLY: OK
03-04 16:19:20.929 I/WifiHW  (  505): CMD: IFNAME=wlan0 DRIVER WLS_BATCHING GET
03-04 16:19:20.929 D/wpa_supplicant(  694): RX ctrl_iface - hexdump(len=23): 44 52 49 56 45 52 20 57 4c 53 5f 42 41 54 43 48 49 4e 47 20 47 45 54
03-04 16:19:20.939 D/wpa_supplicant(  694): wlan0: Control interface command 'DRIVER WLS_BATCHING GET'
03-04 16:19:20.939 E/wpa_supplicant(  694): bcm_wpa_driver_nl80211_driver_cmd: failed to issue private commands
03-04 16:19:20.939 I/WifiHW  (  505): REPLY: FAIL
03-04 16:19:20.939 E/WifiStateMachine(  505): Unexpected BatchedScanResults :null
03-04 16:19:20.939 I/WifiHW  (  505): CMD: IFNAME=wlan0 DRIVER WLS_BATCHING STOP
03-04 16:19:20.939 D/wpa_supplicant(  694): RX ctrl_iface - hexdump(len=24): 44 52 49 56 45 52 20 57 4c 53 5f 42 41 54 43 48 49 4e 47 20 53 54 4f 50
03-04 16:19:20.939 D/wpa_supplicant(  694): wlan0: Control interface command 'DRIVER WLS_BATCHING STOP'
03-04 16:19:20.939 E/wpa_supplicant(  694): bcm_wpa_driver_nl80211_driver_cmd: failed to issue private commands
03-04 16:19:20.939 I/WifiHW  (  505): REPLY: FAIL
03-04 16:19:21.349 D/BatteryStatsImpl(  505): noteStopWakeLocked system isFromForeground = false
03-04 16:19:21.349 I/WifiHW  (  505): CMD: IFNAME=wlan0 SET ps 1
03-04 16:19:21.349 D/wpa_supplicant(  694): RX ctrl_iface - hexdump(len=8): 53 45 54 20 70 73 20 31
03-04 16:19:21.349 D/wpa_supplicant(  694): wlan0: Control interface command 'SET ps 1'
03-04 16:19:21.349 D/wpa_supplicant(  694): CTRL_IFACE SET 'ps'='1'
03-04 16:19:21.349 D/wpa_supplicant(  694): nl80211: set_p2p_powersave (legacy_ps=1 opp_ps=-1 ctwindow=-1)
03-04 16:19:21.349 I/WifiHW  (  505): REPLY: OK
03-04 16:19:21.349 I/WifiHW  (  505): CMD: IFNAME=wlan0 DRIVER BTCOEXMODE 2
03-04 16:19:21.349 D/wpa_supplicant(  694): RX ctrl_iface - hexdump(len=19): 44 52 49 56 45 52 20 42 54 43 4f 45 58 4d 4f 44 45 20 32
03-04 16:19:21.349 D/wpa_supplicant(  694): wlan0: Control interface command 'DRIVER BTCOEXMODE 2'
03-04 16:19:21.349 D/wpa_supplicant(  694): bcm_wpa_driver_nl80211_driver_cmd OK len = 0, 2
03-04 16:19:21.349 I/WifiHW  (  505): REPLY: OK
03-04 16:19:21.349 D/WifiStateMachine(  505): VerifyingLinkState enter
03-04 16:19:21.349 D/WifiStateMachine(  505): CaptivePortalCheckState enter
03-04 16:19:21.369 D/ConnectivityService(  505): Captive portal check NetworkInfo: type: WIFI[], state: CONNECTING/CAPTIVE_PORTAL_CHECK, reason: (unspecified), extra: "Android", roaming: false, failover: false, isAvailable: true, isConnectedToProvisioningNetwork: false
03-04 16:19:21.369 D/WifiStateMachine(  505): CaptivePortalCheckState CMD_CAPTIVE_CHECK_COMPLETE
03-04 16:19:21.369 D/ConnectivityService(  505): handleCaptivePortalTrackerCheck: call captivePortalCheckComplete ni=NetworkInfo: type: WIFI[], state: CONNECTING/CAPTIVE_PORTAL_CHECK, reason: (unspecified), extra: "Android", roaming: false, failover: false, isAvailable: true, isConnectedToProvisioningNetwork: false
03-04 16:19:21.369 D/ConnectivityService(  505): ConnectivityChange for WIFI: CONNECTED/CONNECTED
03-04 16:19:21.379 E/ConnectivityService(  505): Unexpected mtu value: android.net.wifi.WifiStateTracker@21f61c60
03-04 16:19:21.389 D/ConnectivityService(  505): handleConnectivityChange: address are the same reset per doReset linkProperty[1]: resetMask=0
03-04 16:19:21.389 D/Nat464Xlat(  505): requiresClat: netType=1, hasIPv4Address=true
03-04 16:19:21.439 D/BatteryStatsImpl(  505): noteStopWakeLocked system isFromForeground = false
03-04 16:19:21.439 D/AndroidRuntime(16192): 
03-04 16:19:21.439 D/AndroidRuntime(16192): >>>>>> AndroidRuntime START com.android.internal.os.RuntimeInit <<<<<<
03-04 16:19:21.439 D/AndroidRuntime(16192): CheckJNI is OFF
03-04 16:19:21.439 I/AndroidRuntime(16192): Kernel Release Version: 3.10.20-gf818079
03-04 16:19:21.439 I/dalvikvm(16192): No library specified. The standard exception handler will be used
03-04 16:19:21.449 I/dalvikvm(16192): 
03-04 16:19:21.449 I/dalvikvm(16192): +++++++++++++ Using PCG. +++++++++++++++++++++
03-04 16:19:21.449 D/dalvikvm(16192): Trying to load lib libjavacore.so 0x0
03-04 16:19:21.459 D/dalvikvm(16192): Added shared lib libjavacore.so 0x0
03-04 16:19:21.459 D/dalvikvm(16192): Trying to load lib libnativehelper.so 0x0
03-04 16:19:21.459 D/dalvikvm(16192): Added shared lib libnativehelper.so 0x0
03-04 16:19:21.459 D/dalvikvm(16192): No JNI_OnLoad found in libnativehelper.so 0x0, skipping init
03-04 16:19:21.459 D/dalvikvm(16192): Extra Options: not specified
03-04 16:19:21.469 D/dalvikvm(16192): Note: class Landroid/app/ActivityManagerNative; has 186 unimplemented (abstract) methods
03-04 16:19:21.559 E/memtrack(16192): Couldn't load memtrack module (No such file or directory)
03-04 16:19:21.559 E/android.os.Debug(16192): failed to load memtrack module: -2
03-04 16:19:21.599 D/AndroidRuntime(16192): Calling main entry com.android.commands.am.Am
03-04 16:19:21.639 I/ActivityManager(  505): START u0 {flg=0x10000000 cmp=org.xwalk.webapi_noneservice_tests/.WebapiNoneserviceTestsActivity} from pid 16192
03-04 16:19:21.649 D/AndroidRuntime(16192): Shutting down VM
03-04 16:19:21.649 D/dalvikvm(16192): GC_CONCURRENT freed 114K, 16% free 701K/832K, paused 0ms+1ms, total 1ms
03-04 16:19:21.649 V/WeatherTimeProvider( 1102): widget on Visibility Changed
03-04 16:19:21.659 I/SecurityManagerService(  602): SMS received security event: App[START/org.xwalk.webapi_noneservice_tests]
03-04 16:19:21.659 D/dalvikvm(16192): Compiler shutdown in progress - discarding request
03-04 16:19:21.659 D/dalvikvm(16192): Compiler shutdown in progress - discarding request
03-04 16:19:21.659 D/dalvikvm(16192): Compiler shutdown in progress - discarding request
03-04 16:19:21.659 D/dalvikvm(16192): Compiler shutdown in progress - discarding request
03-04 16:19:21.659 D/dalvikvm(16192): Compiler shutdown in progress - discarding request
03-04 16:19:21.659 D/dalvikvm(16192): Compiler shutdown in progress - discarding request
03-04 16:19:21.659 D/dalvikvm(16192): Compiler shutdown in progress - discarding request
03-04 16:19:21.659 D/dalvikvm(16192): Compiler shutdown in progress - discarding request
03-04 16:19:21.659 D/dalvikvm(16192): Compiler shutdown in progress - discarding request
03-04 16:19:21.659 D/dalvikvm(16192): Compiler shutdown in progress - discarding request
03-04 16:19:21.659 D/dalvikvm(16192): Compiler shutdown in progress - discarding request
03-04 16:19:21.659 D/dalvikvm(16192): Compiler shutdown in progress - discarding request
03-04 16:19:21.659 D/dalvikvm(16192): Compiler shutdown in progress - discarding request
03-04 16:19:21.659 D/dalvikvm(16192): Compiler shutdown in progress - discarding request
03-04 16:19:21.659 D/dalvikvm(16192): Compiler shutdown in progress - discarding request
03-04 16:19:21.659 D/dalvikvm(16192): Compiler shutdown in progress - discarding request
03-04 16:19:21.659 D/dalvikvm(16192): Compiler shutdown in progress - discarding request
03-04 16:19:21.659 D/dalvikvm(16192): Compiler shutdown in progress - discarding request
03-04 16:19:21.659 D/dalvikvm(16192): Compiler shutdown in progress - discarding request
03-04 16:19:21.659 D/dalvikvm(16192): Compiler shutdown in progress - discarding request
03-04 16:19:21.659 D/dalvikvm(16192): Compiler shutdown in progress - discarding request
03-04 16:19:21.659 D/dalvikvm(16192): Compiler shutdown in progress - discarding request
03-04 16:19:21.659 D/dalvikvm(16192): Compiler shutdown in progress - discarding request
03-04 16:19:21.659 D/dalvikvm(16192): Compiler shutdown in progress - discarding request
03-04 16:19:21.659 D/dalvikvm(16192): Compiler shutdown in progress - discarding request
03-04 16:19:21.659 D/dalvikvm(16192): Compiler shutdown in progress - discarding request
03-04 16:19:21.659 D/dalvikvm(16192): Compiler shutdown in progress - discarding request
03-04 16:19:21.659 D/dalvikvm(16192): Compiler shutdown in progress - discarding request
03-04 16:19:21.659 D/dalvikvm(16192): Compiler shutdown in progress - discarding request
03-04 16:19:21.659 D/dalvikvm(16192): Compiler shutdown in progress - discarding request
03-04 16:19:21.659 D/dalvikvm(16192): Compiler shutdown in progress - discarding request
03-04 16:19:21.659 D/dalvikvm(16192): Compiler shutdown in progress - discarding request
03-04 16:19:21.659 D/dalvikvm(16192): Compiler shutdown in progress - discarding request
03-04 16:19:21.659 D/dalvikvm(16192): Compiler shutdown in progress - discarding request
03-04 16:19:21.659 D/dalvikvm(16192): Compiler shutdown in progress - discarding request
03-04 16:19:21.659 D/dalvikvm(16192): Compiler shutdown in progress - discarding request
03-04 16:19:21.659 D/dalvikvm(16192): Compiler shutdown in progress - discarding request
03-04 16:19:21.659 D/dalvikvm(16192): Compiler shutdown in progress - discarding request
03-04 16:19:21.659 D/dalvikvm(16192): Compiler shutdown in progress - discarding request
03-04 16:19:21.659 D/dalvikvm(16192): Compiler shutdown in progress - discarding request
03-04 16:19:21.659 D/dalvikvm(16192): Compiler shutdown in progress - discarding request
03-04 16:19:21.669 D/dalvikvm(16241): Process 16241 nice name: org.xwalk.webapi_noneservice_tests
03-04 16:19:21.669 D/dalvikvm(16241): Extra Options: not specified
03-04 16:19:21.669 I/ActivityManager(  505): Start proc org.xwalk.webapi_noneservice_tests for activity org.xwalk.webapi_noneservice_tests/.WebapiNoneserviceTestsActivity: pid=16241 uid=10394 gids={50394, 3003, 1028, 1015}
03-04 16:19:21.679 D/WindowManager(  505): adjustConfigurationLw, config:{1.0 ?mcc?mnc ?locale ?layoutDir sw600dp w600dp h888dp 213dpi lrg port ?uimode ?night finger -keyb/v/h -nav/v} mLidState:1 mHasDockFeature:false mHasKeyboardFeature:false mHasHallSensorFeature:true config.hardKeyboardHidden:2
03-04 16:19:21.679 I/ActivityManager(  505): [TopPkgCurBat]	NowPkgName[org.xwalk.webapi_noneservice_tests]	Battery[84]	TimeTick[1425457161692]	OldPkgName[com.asus.launcher]
03-04 16:19:21.689 D/        (  696): Surface destroy: ANDROID_NATIVE_WINDOW_MAGIC
03-04 16:19:21.699 D/dalvikvm(16241): Trying to load lib /data/app-lib/org.xwalk.webapi_noneservice_tests-1/libxwalkcore.so 0x43d84850
03-04 16:19:21.709 D/dalvikvm(16241): Added shared lib /data/app-lib/org.xwalk.webapi_noneservice_tests-1/libxwalkcore.so 0x43d84850
03-04 16:19:21.709 I/LibraryLoader(16241): Time to load native libraries: 13 ms (timestamps 4046-4059)
03-04 16:19:21.719 I/LibraryLoader(16241): Expected native library version number "",actual native library version number ""
03-04 16:19:21.739 I/LibraryLoader(16241): Expected native library version number "",actual native library version number ""
03-04 16:19:21.739 I/chromium(16241): [INFO:library_loader_hooks.cc(112)] Chromium logging enabled: level = 0, default verbosity = 0
03-04 16:19:21.749 I/BrowserStartupController(16241): Initializing chromium process, singleProcess=true
03-04 16:19:22.039 D/ImageWallpaper(  571): onVisibilityChanged: mVisible, visible=true, false
03-04 16:19:22.039 D/ImageWallpaper(  571): Visibility changed to visible=false
03-04 16:19:22.039 D/ImageWallpaper(  571): Suppressed drawFrame since redraw is not needed and offsets have not changed.
03-04 16:19:22.149 W/AudioManagerAndroid(16241): Requires BLUETOOTH permission
03-04 16:19:22.149 I/ufoGralloc(16241): Hello, this is UFO GRALLOC/Intel Corporation
03-04 16:19:22.149 D/        (16241): Pixel Format : GGL_PIXEL_FORMAT_RGBA_8888
03-04 16:19:22.149 D/        (16241): droid_create_context : config id = 1 conf->NativeVisualID=1
03-04 16:19:22.149 D/        (16241): Pixel Format : GGL_PIXEL_FORMAT_RGBA_8888
03-04 16:19:22.149 I/        (16241): Requested context : GLES 2.0
03-04 16:19:22.179 W/chromium(16241): [WARNING:proxy_service.cc(899)] PAC support disabled because there is no system implementation
03-04 16:19:22.179 W/dalvikvm(16241): VFY: unable to find class referenced in signature (Landroid/view/inputmethod/CursorAnchorInfo;)
03-04 16:19:22.179 I/dalvikvm(16241): Could not find method android.view.inputmethod.InputMethodManager.updateCursorAnchorInfo, referenced from method org.chromium.content.browser.input.InputMethodManagerWrapper.updateCursorAnchorInfo
03-04 16:19:22.179 W/dalvikvm(16241): VFY: unable to resolve virtual method 1241: Landroid/view/inputmethod/InputMethodManager;.updateCursorAnchorInfo (Landroid/view/View;Landroid/view/inputmethod/CursorAnchorInfo;)V
03-04 16:19:22.179 D/dalvikvm(16241): VFY: replacing opcode 0x6e at 0x000a
03-04 16:19:22.219 E/cutils  (  162): Failed to mkdirat(/Removable/MicroSD): Read-only file system
03-04 16:19:22.219 W/ContextImpl(16241): Failed to ensure directory: /Removable/MicroSD/Android/data/org.xwalk.webapi_noneservice_tests/cache
03-04 16:19:22.219 W/XWalkExtensionManager(16241): Failed to read extensions-config.json
03-04 16:19:22.219 I/dalvikvm(16241): Could not find method android.app.Activity.finishAndRemoveTask, referenced from method org.chromium.base.ApiCompatibilityUtils.finishAndRemoveTask
03-04 16:19:22.219 W/dalvikvm(16241): VFY: unable to resolve virtual method 4: Landroid/app/Activity;.finishAndRemoveTask ()V
03-04 16:19:22.219 D/dalvikvm(16241): VFY: replacing opcode 0x6e at 0x0006
03-04 16:19:22.219 E/chromium(16241): [ERROR:unix_domain_server_socket_posix.cc(106)] Not implemented reached in virtual int net::UnixDomainServerSocket::GetLocalAddress(net::IPEndPoint*) const
03-04 16:19:22.219 I/dalvikvm(16241): Could not find method android.os.PowerManager.isInteractive, referenced from method org.chromium.base.ApiCompatibilityUtils.isInteractive
03-04 16:19:22.219 W/dalvikvm(16241): VFY: unable to resolve virtual method 768: Landroid/os/PowerManager;.isInteractive ()Z
03-04 16:19:22.219 D/dalvikvm(16241): VFY: replacing opcode 0x6e at 0x000e
03-04 16:19:22.219 I/dalvikvm(16241): Could not find method android.view.Window.getNavigationBarColor, referenced from method org.chromium.base.ApiCompatibilityUtils.setStatusBarColor
03-04 16:19:22.219 W/dalvikvm(16241): VFY: unable to resolve virtual method 1144: Landroid/view/Window;.getNavigationBarColor ()I
03-04 16:19:22.219 D/dalvikvm(16241): VFY: replacing opcode 0x6e at 0x0010
03-04 16:19:22.219 I/dalvikvm(16241): Could not find method android.view.Window.setStatusBarColor, referenced from method org.chromium.base.ApiCompatibilityUtils.setStatusBarColor
03-04 16:19:22.219 W/dalvikvm(16241): VFY: unable to resolve virtual method 1149: Landroid/view/Window;.setStatusBarColor (I)V
03-04 16:19:22.219 D/dalvikvm(16241): VFY: replacing opcode 0x6e at 0x0019
03-04 16:19:22.219 E/dalvikvm(16241): Could not find class 'android.app.ActivityManager$TaskDescription', referenced from method org.chromium.base.ApiCompatibilityUtils.setTaskDescription
03-04 16:19:22.219 W/dalvikvm(16241): VFY: unable to resolve new-instance 11 (Landroid/app/ActivityManager$TaskDescription;) in Lorg/chromium/base/ApiCompatibilityUtils;
03-04 16:19:22.219 D/dalvikvm(16241): VFY: replacing opcode 0x22 at 0x0006
03-04 16:19:22.219 D/dalvikvm(16241): DexOpt: unable to opt direct call 0x001e at 0x08 in Lorg/chromium/base/ApiCompatibilityUtils;.setTaskDescription
03-04 16:19:22.219 W/Vold    (  162): Returning OperationFailed - no handler for errno 30
03-04 16:19:22.229 I/chromium(16241): [INFO:xwalk_extension_renderer_controller.cc(47)] EXTENSION PROCESS DISABLED.
03-04 16:19:22.269 D/        (16241): Pixel Format : GGL_PIXEL_FORMAT_RGBA_8888
03-04 16:19:22.269 D/        (16241): droid_create_context : config id = 1 conf->NativeVisualID=1
03-04 16:19:22.269 D/        (16241): Pixel Format : GGL_PIXEL_FORMAT_RGBA_8888
03-04 16:19:22.269 I/        (16241): Requested context : GLES 2.0
03-04 16:19:22.269 D/        (16241): droid_create_context : config id = 5 conf->NativeVisualID=1
03-04 16:19:22.269 D/        (16241): Pixel Format : GGL_PIXEL_FORMAT_RGBA_8888
03-04 16:19:22.269 I/        (16241): Requested context : GLES 2.0
03-04 16:19:22.279 D/        (16241): Pixel Format : GGL_PIXEL_FORMAT_RGBA_8888
03-04 16:19:22.289 D/OpenGLRenderer(16241): Enabling debug mode 0
03-04 16:19:22.299 W/BindingManager(16241): Cannot call determinedVisibility() - never saw a connection for the pid: 16241
03-04 16:19:22.299 I/WifiHW  (  505): CMD: IFNAME=wlan0 SIGNAL_POLL
03-04 16:19:22.299 D/wpa_supplicant(  694): RX ctrl_iface - hexdump(len=11): 53 49 47 4e 41 4c 5f 50 4f 4c 4c
03-04 16:19:22.299 D/wpa_supplicant(  694): wlan0: Control interface command 'SIGNAL_POLL'
03-04 16:19:22.329 D/wpa_supplicant(  694): nl80211: survey data missing!
03-04 16:19:22.329 I/WifiHW  (  505): REPLY: RSSI=-61
03-04 16:19:22.329 I/WifiHW  (  505): REPLY: LINKSPEED=26
03-04 16:19:22.329 I/WifiHW  (  505): REPLY: NOISE=9999
03-04 16:19:22.329 I/WifiHW  (  505): REPLY: FREQUENCY=2437
03-04 16:19:22.339 I/ActivityManager(  505): Displayed org.xwalk.webapi_noneservice_tests/.WebapiNoneserviceTestsActivity: +684ms
03-04 16:19:22.339 D/XT9IME  (  728): new subtype :en_US ,keyboard
03-04 16:19:22.349 D/        (16241): Pixel Format : GGL_PIXEL_FORMAT_RGBA_8888
03-04 16:19:22.349 D/        (16241): droid_create_context : config id = 1 conf->NativeVisualID=1
03-04 16:19:22.349 D/        (16241): Pixel Format : GGL_PIXEL_FORMAT_RGBA_8888
03-04 16:19:22.349 I/        (16241): Requested context : GLES 2.0
03-04 16:19:22.359 D/        (16241): Swap interval set to = 1 value
03-04 16:19:22.369 D/BatteryStatsImpl(  505): noteStopWakeLocked system isFromForeground = false
03-04 16:19:22.379 D/BatteryStatsImpl(  505): noteStopWakeLocked system isFromForeground = false
03-04 16:19:22.379 D/ConnectivityService(  505): NetTransition Wakelock for ConnectedState released by timeout
03-04 16:19:23.279 W/BindingManager(16241): Cannot call determinedVisibility() - never saw a connection for the pid: 16241
03-04 16:19:23.539 I/chromium(16241): [INFO:CONSOLE(0)] "Synchronous XMLHttpRequest on the main thread is deprecated because of its detrimental effects to the end user's experience. For more help, check http://xhr.spec.whatwg.org/.", source:  (0)
03-04 16:19:23.599 D/        (16241): Pixel Format : GGL_PIXEL_FORMAT_RGBA_8888
03-04 16:19:23.599 D/        (16241): droid_create_context : config id = 1 conf->NativeVisualID=1
03-04 16:19:23.599 D/        (16241): Pixel Format : GGL_PIXEL_FORMAT_RGBA_8888
03-04 16:19:23.599 I/        (16241): Requested context : GLES 2.0
03-04 16:19:24.389 D/Tethering(  505): MasterInitialState.processMessage what=3
03-04 16:19:24.399 D/BatteryStatsImpl(  505): noteStopWakeLocked system isFromForeground = false
03-04 16:19:24.409 D/AlarmManager(  505): Added alarm Alarm{22718690 type 0 com.baidu.BaiduMap} type:RTC_WAKEUP when: At 15-3-4 下午4:20 repeatInterval: 0h:10m:0.0s
03-04 16:19:24.409 D/AlarmManager(  505): Added alarm Alarm{21ffc790 type 2 com.wandoujia.phoenix2} type:ELAPSED_REALTIME_WAKEUP when: After 0h:15m:13.0s
03-04 16:19:24.409 D/AlarmManager(  505): Added alarm Alarm{22022430 type 0 android} type:RTC_WAKEUP when: At 15-3-4 下午4:30 repeatInterval: 0h:30m:0.0s
03-04 16:19:24.409 D/AlarmManager(  505): Added alarm Alarm{22237498 type 0 com.asus.cm} type:RTC_WAKEUP when: At 15-3-4 下午4:41
03-04 16:19:24.419 I/SecurityManagerService(  602): SMS received security event: App[START/com.ecareme.asuswebstorage]
03-04 16:19:24.419 D/AlarmManager(  505): Added alarm Alarm{22125b60 type 0 com.wandoujia.phoenix2} type:RTC_WAKEUP when: At 15-3-5 下午3:16
03-04 16:19:24.429 D/dalvikvm(16306): Process 16306 nice name: com.ecareme.asuswebstorage
03-04 16:19:24.429 D/dalvikvm(16306): Extra Options: not specified
03-04 16:19:24.439 I/ActivityManager(  505): Start proc com.ecareme.asuswebstorage for broadcast com.ecareme.asuswebstorage/net.yostore.utility.ConnectionChangeReceiver: pid=16306 uid=10028 gids={50028, 3003, 1028, 1015}
03-04 16:19:24.459 D/BatteryStatsImpl(  505): noteStopWakeLocked system isFromForeground = false
03-04 16:19:24.659 E/ConnectionChange(16306): connect change
03-04 16:19:24.669 I/SecurityManagerService(  602): SMS received security event: App[START/com.wandoujia.phoenix2]
03-04 16:19:24.669 D/dalvikvm(16324): Process 16324 nice name: com.wandoujia.phoenix2
03-04 16:19:24.669 D/dalvikvm(16324): Extra Options: not specified
03-04 16:19:24.679 I/ActivityManager(  505): Start proc com.wandoujia.phoenix2 for broadcast com.wandoujia.phoenix2/com.wandoujia.phoenix4.receiver.ConnectivityChangedReceiver: pid=16324 uid=10029 gids={50029, 3003, 1028, 1015}
03-04 16:19:24.849 D/AlarmManager(  505): Added alarm Alarm{21fcff70 type 0 com.baidu.BaiduMap} type:RTC_WAKEUP when: At 15-3-4 下午4:20 repeatInterval: 0h:10m:0.0s
03-04 16:19:24.849 D/AlarmManager(  505): Added alarm Alarm{2212f600 type 2 com.wandoujia.phoenix2} type:ELAPSED_REALTIME_WAKEUP when: After 0h:15m:13.0s
03-04 16:19:24.849 D/AlarmManager(  505): Added alarm Alarm{22149c48 type 0 android} type:RTC_WAKEUP when: At 15-3-4 下午4:30 repeatInterval: 0h:30m:0.0s
03-04 16:19:24.849 D/AlarmManager(  505): Added alarm Alarm{225f6570 type 0 com.asus.cm} type:RTC_WAKEUP when: At 15-3-4 下午4:41
03-04 16:19:24.859 D/AlarmManager(  505): Added alarm Alarm{2200e0b0 type 0 com.wandoujia.phoenix2} type:RTC_WAKEUP when: At 15-3-5 下午3:16
03-04 16:19:24.869 D/AlarmManager(  505): Removed alarm Alarm{22044588 type 0 com.wandoujia.phoenix2} type:RTC_WAKEUP
03-04 16:19:24.869 D/AlarmManager(  505): Added alarm Alarm{22080aa0 type 0 com.baidu.BaiduMap} type:RTC_WAKEUP when: At 15-3-4 下午4:20 repeatInterval: 0h:10m:0.0s
03-04 16:19:24.879 D/AlarmManager(  505): Added alarm Alarm{220e3e10 type 2 com.wandoujia.phoenix2} type:ELAPSED_REALTIME_WAKEUP when: After 0h:15m:12.0s
03-04 16:19:24.879 D/AlarmManager(  505): Added alarm Alarm{220e3e38 type 0 android} type:RTC_WAKEUP when: At 15-3-4 下午4:30 repeatInterval: 0h:30m:0.0s
03-04 16:19:24.879 D/AlarmManager(  505): Added alarm Alarm{224e0020 type 0 com.asus.cm} type:RTC_WAKEUP when: At 15-3-4 下午4:41
03-04 16:19:24.889 D/AlarmManager(  505): Added alarm Alarm{22414780 type 0 com.wandoujia.phoenix2} type:RTC_WAKEUP when: At 15-3-5 下午3:16
03-04 16:19:24.899 D/AlarmManager(  505): Added alarm Alarm{226c2e58 type 0 com.baidu.BaiduMap} type:RTC_WAKEUP when: At 15-3-4 下午4:20 repeatInterval: 0h:10m:0.0s
03-04 16:19:24.899 D/AlarmManager(  505): Added alarm Alarm{22131558 type 2 com.wandoujia.phoenix2} type:ELAPSED_REALTIME_WAKEUP when: After 0h:15m:12.0s
03-04 16:19:24.899 D/AlarmManager(  505): Added alarm Alarm{221590c0 type 0 android} type:RTC_WAKEUP when: At 15-3-4 下午4:30 repeatInterval: 0h:30m:0.0s
03-04 16:19:24.899 D/AlarmManager(  505): Added alarm Alarm{221487d8 type 0 com.asus.cm} type:RTC_WAKEUP when: At 15-3-4 下午4:41
03-04 16:19:24.909 D/AlarmManager(  505): Added alarm Alarm{224253b8 type 0 com.wandoujia.phoenix2} type:RTC_WAKEUP when: At 15-3-5 下午3:16
03-04 16:19:24.919 D/AlarmManager(  505): Added alarm Alarm{220ebcb0 type 0 com.baidu.BaiduMap} type:RTC_WAKEUP when: At 15-3-4 下午4:20 repeatInterval: 0h:10m:0.0s
03-04 16:19:24.919 D/AlarmManager(  505): Added alarm Alarm{2221fdf0 type 2 com.wandoujia.phoenix2} type:ELAPSED_REALTIME_WAKEUP when: After 0h:15m:12.0s
03-04 16:19:24.919 D/AlarmManager(  505): Added alarm Alarm{2246f8f8 type 0 android} type:RTC_WAKEUP when: At 15-3-4 下午4:30 repeatInterval: 0h:30m:0.0s
03-04 16:19:24.929 D/AlarmManager(  505): Added alarm Alarm{220516a0 type 0 com.asus.cm} type:RTC_WAKEUP when: At 15-3-4 下午4:41
03-04 16:19:24.939 D/AlarmManager(  505): Added alarm Alarm{221574a0 type 0 com.wandoujia.phoenix2} type:RTC_WAKEUP when: At 15-3-5 下午3:16
03-04 16:19:24.989 D/AlarmManager(  505): Added alarm Alarm{226191a8 type 0 com.baidu.BaiduMap} type:RTC_WAKEUP when: At 15-3-4 下午4:20 repeatInterval: 0h:10m:0.0s
03-04 16:19:24.989 D/AlarmManager(  505): Added alarm Alarm{2214ee18 type 2 com.wandoujia.phoenix2} type:ELAPSED_REALTIME_WAKEUP when: After 0h:15m:12.0s
03-04 16:19:24.989 D/AlarmManager(  505): Added alarm Alarm{22225e90 type 0 android} type:RTC_WAKEUP when: At 15-3-4 下午4:30 repeatInterval: 0h:30m:0.0s
03-04 16:19:24.999 D/AlarmManager(  505): Added alarm Alarm{22308ca8 type 0 com.asus.cm} type:RTC_WAKEUP when: At 15-3-4 下午4:41
03-04 16:19:24.999 D/AlarmManager(  505): Added alarm Alarm{2211cd98 type 0 com.wandoujia.phoenix2} type:RTC_WAKEUP when: At 15-3-5 下午3:16
03-04 16:19:25.009 D/AlarmManager(  505): Added alarm Alarm{21ff8570 type 0 com.baidu.BaiduMap} type:RTC_WAKEUP when: At 15-3-4 下午4:20 repeatInterval: 0h:10m:0.0s
03-04 16:19:25.019 D/AlarmManager(  505): Added alarm Alarm{220c1110 type 2 com.wandoujia.phoenix2} type:ELAPSED_REALTIME_WAKEUP when: After 0h:15m:12.0s
03-04 16:19:25.019 D/AlarmManager(  505): Added alarm Alarm{2211b6a0 type 0 android} type:RTC_WAKEUP when: At 15-3-4 下午4:30 repeatInterval: 0h:30m:0.0s
03-04 16:19:25.029 D/AlarmManager(  505): Added alarm Alarm{22554c00 type 0 com.asus.cm} type:RTC_WAKEUP when: At 15-3-4 下午4:41
03-04 16:19:25.039 D/AlarmManager(  505): Added alarm Alarm{2226a318 type 0 com.wandoujia.phoenix2} type:RTC_WAKEUP when: At 15-3-5 下午3:16
03-04 16:19:25.049 D/AlarmManager(  505): Added alarm Alarm{221b8b60 type 0 com.baidu.BaiduMap} type:RTC_WAKEUP when: At 15-3-4 下午4:20 repeatInterval: 0h:10m:0.0s
03-04 16:19:25.049 D/AlarmManager(  505): Added alarm Alarm{22474f98 type 2 com.wandoujia.phoenix2} type:ELAPSED_REALTIME_WAKEUP when: After 0h:15m:12.0s
03-04 16:19:25.059 D/AlarmManager(  505): Added alarm Alarm{225734e8 type 0 android} type:RTC_WAKEUP when: At 15-3-4 下午4:30 repeatInterval: 0h:30m:0.0s
03-04 16:19:25.059 D/AlarmManager(  505): Added alarm Alarm{22199e08 type 0 com.asus.cm} type:RTC_WAKEUP when: At 15-3-4 下午4:41
03-04 16:19:25.069 D/AlarmManager(  505): Added alarm Alarm{21f61fc8 type 0 com.wandoujia.phoenix2} type:RTC_WAKEUP when: At 15-3-5 下午3:16
03-04 16:19:25.179 V/ActivityManager(  505): Remove bg service from mStartingBackground ,r=ServiceRecord{22452d40 u0 com.wandoujia.phoenix2/.services.BackgroundService},r used time=239,left r count=0
03-04 16:19:25.179 I/ActivityManager(  505): Killing 12714:com.asus.photoframe/u0a68 (adj 15): empty #9
03-04 16:19:25.189 I/PushServiceReceiver( 1408): start PushSerevice for ACTION_BOOT_COMPLETED or CONNECTIVITY_ACTION
03-04 16:19:25.189 D/Constants( 1408): start service: com.baidu.android.pushservice.PushService
03-04 16:19:25.189 D/PushService( 1408): onCreate from : com.baidu.searchbox
03-04 16:19:25.189 D/PushSDK ( 1408): Create PushSDK from : com.baidu.searchbox
03-04 16:19:25.189 D/Utility ( 1408): updateServiceInfo2  isForce =false
03-04 16:19:25.189 I/Utility ( 1408): --- isDisableService : true
03-04 16:19:25.189 D/PushSDK ( 1408): onCreate shouldStopSelf
03-04 16:19:25.189 D/PushService( 1408): stopSelf : exitOnDestroy=true --- immediate=true
03-04 16:19:25.189 V/ActivityManager(  505): Remove bg service from mStartingBackground ,r=ServiceRecord{22d92d98 u0 com.baidu.searchbox/com.baidu.android.pushservice.PushService},r used time=2,left r count=0
03-04 16:19:25.199 D/PushService( 1408): -- onStartCommand -- Intent { act=com.baidu.pushservice.action.START cmp=com.baidu.searchbox/com.baidu.android.pushservice.PushService }
03-04 16:19:25.199 D/PushSDK ( 1408): handleOnStart intent action = com.baidu.pushservice.action.START
03-04 16:19:25.199 D/PushService( 1408): stopSelf : exitOnDestroy=true --- immediate=true
03-04 16:19:25.199 I/PushService( 1408): onDestroy
03-04 16:19:25.199 D/PushSDK ( 1408): destory
03-04 16:19:25.199 I/PushServiceReceiver(12304): start PushSerevice for ACTION_BOOT_COMPLETED or CONNECTIVITY_ACTION
03-04 16:19:25.199 D/Constants(12304): start service: com.baidu.android.pushservice.PushService
03-04 16:19:25.209 D/PushService(12304): -- onStartCommand -- Intent { act=com.baidu.pushservice.action.START cmp=com.baidu.BaiduMap/com.baidu.android.pushservice.PushService }
03-04 16:19:25.209 D/PushSDK (12304): handleOnStart intent action = com.baidu.pushservice.action.START
03-04 16:19:25.209 I/PushSDK (12304): -- handleOnStart -- Intent { act=com.baidu.pushservice.action.START cmp=com.baidu.BaiduMap/com.baidu.android.pushservice.PushService }
03-04 16:19:25.209 D/RegistrationService(12304): RegistrationSerice handleIntent : Intent { act=com.baidu.pushservice.action.START cmp=com.baidu.BaiduMap/com.baidu.android.pushservice.PushService }
03-04 16:19:25.209 D/PushSDK (12304): tryConnect networkConnected :true
03-04 16:19:25.209 I/SecurityManagerService(  602): SMS received security event: App[START/com.baidu.BaiduMap]
03-04 16:19:25.219 D/dalvikvm(16384): Process 16384 nice name: com.baidu.BaiduMap
03-04 16:19:25.219 D/dalvikvm(16384): Extra Options: not specified
03-04 16:19:25.239 I/SecurityManagerService(  602): SMS received security event: App[STOP/com.asus.photoframe]
03-04 16:19:25.239 I/ActivityManager(  505): Start proc com.baidu.BaiduMap for broadcast com.baidu.BaiduMap/com.baidu.navi.statistics.LBSRouteStatisticsNetworkListener: pid=16384 uid=10040 gids={50040, 1028, 1015, 3003, 3002, 3001}
03-04 16:19:25.329 I/WifiHW  (  505): CMD: IFNAME=wlan0 SIGNAL_POLL
03-04 16:19:25.329 D/wpa_supplicant(  694): RX ctrl_iface - hexdump(len=11): 53 49 47 4e 41 4c 5f 50 4f 4c 4c
03-04 16:19:25.329 D/wpa_supplicant(  694): wlan0: Control interface command 'SIGNAL_POLL'
03-04 16:19:25.339 D/wpa_supplicant(  694): nl80211: survey data missing!
03-04 16:19:25.339 I/WifiHW  (  505): REPLY: RSSI=-55
03-04 16:19:25.339 I/WifiHW  (  505): REPLY: LINKSPEED=26
03-04 16:19:25.339 I/WifiHW  (  505): REPLY: NOISE=9999
03-04 16:19:25.339 I/WifiHW  (  505): REPLY: FREQUENCY=2437
03-04 16:19:25.339 D/dalvikvm(16324): GC_CONCURRENT freed 1953K, 20% free 7872K/9832K, paused 1ms+2ms, total 24ms
03-04 16:19:25.559 D/Camera_HAL(  182): ATOM_GetCameraInfo
03-04 16:19:25.569 D/CMC->PushUtil(13918): State.CONNECTED
03-04 16:19:25.569 D/CMC->UniqueId(13918): get cached uniqueID
03-04 16:19:25.569 D/CMC->PushService(  587): ============== PushService.onStartCommand() ==============
03-04 16:19:25.569 D/CMC->UniqueId(  587): get cached uniqueID
03-04 16:19:25.569 W/ContextImpl(13918): Calling a method in the system process without a qualified user: android.app.ContextImpl.startService:1547 android.content.ContextWrapper.startService:495 android.content.ContextWrapper.startService:495 com.asus.cm.push.PushUtil.startPushService:27 com.asus.cm.push.PushControlReceiver.onReceive:40 
