03-04 16:27:50.619 I/ActivityManager(  505): Start proc com.android.settings for broadcast com.android.settings/.bluetooth.DockEventReceiver: pid=20638 uid=1000 gids={41000, 3003, 1028, 1015, 3002, 3001, 1023}
03-04 16:27:50.639 I/bt_hci_bdroid(20599): init
03-04 16:27:50.639 I/bt_vendor(20599): init
03-04 16:27:50.639 I/bt_vnd_conf(20599): Attempt to load conf from /system/etc/bluetooth/bt_K011.conf
03-04 16:27:50.639 I/bt_vnd_conf(20599): PCM define 
03-04 16:27:50.639 I/bt_hci_bdroid(20599): bt_hc_worker_thread started
03-04 16:27:50.689 E/JavaBinder(  505): !!! FAILED BINDER TRANSACTION !!!
03-04 16:27:50.689 I/SecurityManagerService(  602): SMS received security event: App[STOP/com.android.bluetooth]
03-04 16:27:50.689 I/SecurityManagerService(  602): SMS received security event: App[START/com.android.bluetooth]
03-04 16:27:50.689 W/ContextImpl(20638): Calling a method in the system process without a qualified user: android.app.ContextImpl.startService:1547 android.content.ContextWrapper.startService:495 android.content.ContextWrapper.startService:495 com.android.settings.bluetooth.DockEventReceiver.beginStartingService:134 com.android.settings.bluetooth.DockEventReceiver.onReceive:115 
03-04 16:27:50.689 W/BroadcastQueue(  505): Exception when sending broadcast to ComponentInfo{com.android.bluetooth/com.android.bluetooth.pbap.BluetoothPbapReceiver}
03-04 16:27:50.689 W/BroadcastQueue(  505): android.os.TransactionTooLargeException
03-04 16:27:50.689 W/BroadcastQueue(  505): 	at android.os.BinderProxy.transact(Native Method)
03-04 16:27:50.689 W/BroadcastQueue(  505): 	at android.app.ApplicationThreadProxy.scheduleReceiver(ApplicationThreadNative.java:821)
03-04 16:27:50.689 W/BroadcastQueue(  505): 	at com.android.server.am.BroadcastQueue.processCurBroadcastLocked(BroadcastQueue.java:241)
03-04 16:27:50.689 W/BroadcastQueue(  505): 	at com.android.server.am.BroadcastQueue.processNextBroadcast(BroadcastQueue.java:931)
03-04 16:27:50.689 W/BroadcastQueue(  505): 	at com.android.server.am.ActivityManagerService.finishReceiver(ActivityManagerService.java:14160)
03-04 16:27:50.689 W/BroadcastQueue(  505): 	at android.app.ActivityManagerNative.onTransact(ActivityManagerNative.java:383)
03-04 16:27:50.689 W/BroadcastQueue(  505): 	at com.android.server.am.ActivityManagerService.onTransact(ActivityManagerService.java:2116)
03-04 16:27:50.689 W/BroadcastQueue(  505): 	at android.os.Binder.execTransact(Binder.java:404)
03-04 16:27:50.689 W/BroadcastQueue(  505): 	at dalvik.system.NativeStart.run(Native Method)
03-04 16:27:50.709 D/dalvikvm(20653): Process 20653 nice name: com.android.bluetooth
03-04 16:27:50.709 D/dalvikvm(20653): Extra Options: not specified
03-04 16:27:50.709 I/ActivityManager(  505): Start proc com.android.bluetooth for broadcast com.android.bluetooth/.pbap.BluetoothPbapReceiver: pid=20653 uid=1002 gids={41002, 3003, 3002, 3001, 1028, 1015, 3005, 1016, 3008}
03-04 16:27:50.719 E/JavaBinder(20638): !!! FAILED BINDER TRANSACTION !!!
03-04 16:27:50.729 D/BluetoothTethering(  505): got CMD_CHANNEL_DISCONNECTED
03-04 16:27:50.729 D/BluetoothManagerService(  505): BluetoothServiceConnection, disconnected: com.android.bluetooth.gatt.GattService
03-04 16:27:50.729 D/BluetoothManagerService(  505): BluetoothServiceConnection, disconnected: com.android.bluetooth.btservice.AdapterService
03-04 16:27:50.729 W/MediaFocusControl(  505): RemoteControl: display android.media.IRemoteControlDisplay$Stub$Proxy@21eb9748 died
03-04 16:27:50.729 D/BluetoothManagerService(  505): Message: 41
03-04 16:27:50.729 E/BluetoothManagerService(  505): MESSAGE_BLUETOOTH_SERVICE_DISCONNECTED: 2
03-04 16:27:50.729 D/BluetoothManagerService(  505): Message: 41
03-04 16:27:50.729 E/BluetoothManagerService(  505): MESSAGE_BLUETOOTH_SERVICE_DISCONNECTED: 1
03-04 16:27:50.729 D/BluetoothManagerService(  505): Calling onBluetoothServiceDown callbacks
03-04 16:27:50.729 D/BluetoothManagerService(  505): Broadcasting onBluetoothServiceDown() to 4 receivers.
03-04 16:27:50.729 D/BluetoothAdapter(  505): onBluetoothServiceDown: android.bluetooth.IBluetooth$Stub$Proxy@221644b8
03-04 16:27:50.729 D/BluetoothAdapter(  571): onBluetoothServiceDown: android.bluetooth.IBluetooth$Stub$Proxy@2243bac8
03-04 16:27:50.729 D/BluetoothAdapter(  760): onBluetoothServiceDown: android.bluetooth.IBluetooth$Stub$Proxy@21f11c68
03-04 16:27:50.729 D/BluetoothAdapter(20638): onBluetoothServiceDown: android.bluetooth.IBluetooth$Stub$Proxy@21eca330
03-04 16:27:50.729 D/BluetoothManagerService(  505): Bluetooth State Change Intent: 12 -> 13
03-04 16:27:50.729 D/BluetoothManagerService(  505): Broadcasting onBluetoothStateChange(false) to 6 receivers.
03-04 16:27:50.729 D/BluetoothHeadset(  760): onBluetoothStateChange: up=false
03-04 16:27:50.729 E/BluetoothHeadset(  760): 
03-04 16:27:50.729 E/BluetoothHeadset(  760): java.lang.IllegalArgumentException: Service not registered: android.bluetooth.BluetoothHeadset$2@21f08798
03-04 16:27:50.729 E/BluetoothHeadset(  760): 	at android.app.LoadedApk.forgetServiceDispatcher(LoadedApk.java:931)
03-04 16:27:50.729 E/BluetoothHeadset(  760): 	at android.app.ContextImpl.unbindService(ContextImpl.java:1663)
03-04 16:27:50.729 E/BluetoothHeadset(  760): 	at android.content.ContextWrapper.unbindService(ContextWrapper.java:530)
03-04 16:27:50.729 E/BluetoothHeadset(  760): 	at android.bluetooth.BluetoothHeadset$1.onBluetoothStateChange(BluetoothHeadset.java:239)
03-04 16:27:50.729 E/BluetoothHeadset(  760): 	at android.bluetooth.IBluetoothStateChangeCallback$Stub.onTransact(IBluetoothStateChangeCallback.java:55)
03-04 16:27:50.729 E/BluetoothHeadset(  760): 	at android.os.Binder.execTransact(Binder.java:404)
03-04 16:27:50.729 E/BluetoothHeadset(  760): 	at dalvik.system.NativeStart.run(Native Method)
03-04 16:27:50.729 D/BluetoothA2dp(  505): onBluetoothStateChange: up=false
03-04 16:27:50.729 E/BluetoothA2dp(  505): 
03-04 16:27:50.729 E/BluetoothA2dp(  505): java.lang.IllegalArgumentException: Service not registered: android.bluetooth.BluetoothA2dp$2@2202ce08
03-04 16:27:50.729 E/BluetoothA2dp(  505): 	at android.app.LoadedApk.forgetServiceDispatcher(LoadedApk.java:931)
03-04 16:27:50.729 E/BluetoothA2dp(  505): 	at android.app.ContextImpl.unbindService(ContextImpl.java:1663)
03-04 16:27:50.729 E/BluetoothA2dp(  505): 	at android.bluetooth.BluetoothA2dp$1.onBluetoothStateChange(BluetoothA2dp.java:121)
03-04 16:27:50.729 E/BluetoothA2dp(  505): 	at com.android.server.BluetoothManagerService.sendBluetoothStateCallback(BluetoothManagerService.java:774)
03-04 16:27:50.729 E/BluetoothA2dp(  505): 	at com.android.server.BluetoothManagerService.bluetoothStateChangeHandler(BluetoothManagerService.java:1491)
03-04 16:27:50.729 E/BluetoothA2dp(  505): 	at com.android.server.BluetoothManagerService.access$3000(BluetoothManagerService.java:60)
03-04 16:27:50.729 E/BluetoothA2dp(  505): 	at com.android.server.BluetoothManagerService$BluetoothHandler.handleMessage(BluetoothManagerService.java:1234)
03-04 16:27:50.729 E/BluetoothA2dp(  505): 	at android.os.Handler.dispatchMessage(Handler.java:102)
03-04 16:27:50.729 E/BluetoothA2dp(  505): 	at android.os.Looper.loop(Looper.java:149)
03-04 16:27:50.729 E/BluetoothA2dp(  505): 	at android.os.HandlerThread.run(HandlerThread.java:61)
03-04 16:27:50.739 E/BluetoothPan(  505): 
03-04 16:27:50.739 E/BluetoothPan(  505): java.lang.IllegalArgumentException: Service not registered: android.bluetooth.BluetoothPan$2@220b9f28
03-04 16:27:50.739 E/BluetoothPan(  505): 	at android.app.LoadedApk.forgetServiceDispatcher(LoadedApk.java:931)
03-04 16:27:50.739 E/BluetoothPan(  505): 	at android.app.ContextImpl.unbindService(ContextImpl.java:1663)
03-04 16:27:50.739 E/BluetoothPan(  505): 	at android.bluetooth.BluetoothPan$1.onBluetoothStateChange(BluetoothPan.java:199)
03-04 16:27:50.739 E/BluetoothPan(  505): 	at com.android.server.BluetoothManagerService.sendBluetoothStateCallback(BluetoothManagerService.java:774)
03-04 16:27:50.739 E/BluetoothPan(  505): 	at com.android.server.BluetoothManagerService.bluetoothStateChangeHandler(BluetoothManagerService.java:1491)
03-04 16:27:50.739 E/BluetoothPan(  505): 	at com.android.server.BluetoothManagerService.access$3000(BluetoothManagerService.java:60)
03-04 16:27:50.739 E/BluetoothPan(  505): 	at com.android.server.BluetoothManagerService$BluetoothHandler.handleMessage(BluetoothManagerService.java:1234)
03-04 16:27:50.739 E/BluetoothPan(  505): 	at android.os.Handler.dispatchMessage(Handler.java:102)
03-04 16:27:50.739 E/BluetoothPan(  505): 	at android.os.Looper.loop(Looper.java:149)
03-04 16:27:50.739 E/BluetoothPan(  505): 	at android.os.HandlerThread.run(HandlerThread.java:61)
03-04 16:27:50.739 D/BluetoothHeadset(  760): onBluetoothStateChange: up=false
03-04 16:27:50.739 E/BluetoothHeadset(  760): 
03-04 16:27:50.739 E/BluetoothHeadset(  760): java.lang.IllegalArgumentException: Service not registered: android.bluetooth.BluetoothHeadset$2@21f03308
03-04 16:27:50.739 E/BluetoothHeadset(  760): 	at android.app.LoadedApk.forgetServiceDispatcher(LoadedApk.java:931)
03-04 16:27:50.739 E/BluetoothHeadset(  760): 	at android.app.ContextImpl.unbindService(ContextImpl.java:1663)
03-04 16:27:50.739 E/BluetoothHeadset(  760): 	at android.content.ContextWrapper.unbindService(ContextWrapper.java:530)
03-04 16:27:50.739 E/BluetoothHeadset(  760): 	at android.content.ContextWrapper.unbindService(ContextWrapper.java:530)
03-04 16:27:50.739 E/BluetoothHeadset(  760): 	at android.bluetooth.BluetoothHeadset$1.onBluetoothStateChange(BluetoothHeadset.java:239)
03-04 16:27:50.739 E/BluetoothHeadset(  760): 	at android.bluetooth.IBluetoothStateChangeCallback$Stub.onTransact(IBluetoothStateChangeCallback.java:55)
03-04 16:27:50.739 E/BluetoothHeadset(  760): 	at android.os.Binder.execTransact(Binder.java:404)
03-04 16:27:50.739 E/BluetoothHeadset(  760): 	at dalvik.system.NativeStart.run(Native Method)
03-04 16:27:50.739 D/BluetoothHeadset(  505): onBluetoothStateChange: up=false
03-04 16:27:50.739 E/BluetoothHeadset(  505): 
03-04 16:27:50.739 E/BluetoothHeadset(  505): java.lang.IllegalArgumentException: Service not registered: android.bluetooth.BluetoothHeadset$2@221d3b90
03-04 16:27:50.739 E/BluetoothHeadset(  505): 	at android.app.LoadedApk.forgetServiceDispatcher(LoadedApk.java:931)
03-04 16:27:50.739 E/BluetoothHeadset(  505): 	at android.app.ContextImpl.unbindService(ContextImpl.java:1663)
03-04 16:27:50.739 E/BluetoothHeadset(  505): 	at android.bluetooth.BluetoothHeadset$1.onBluetoothStateChange(BluetoothHeadset.java:239)
03-04 16:27:50.739 E/BluetoothHeadset(  505): 	at com.android.server.BluetoothManagerService.sendBluetoothStateCallback(BluetoothManagerService.java:774)
03-04 16:27:50.739 E/BluetoothHeadset(  505): 	at com.android.server.BluetoothManagerService.bluetoothStateChangeHandler(BluetoothManagerService.java:1491)
03-04 16:27:50.739 E/BluetoothHeadset(  505): 	at com.android.server.BluetoothManagerService.access$3000(BluetoothManagerService.java:60)
03-04 16:27:50.739 E/BluetoothHeadset(  505): 	at com.android.server.BluetoothManagerService$BluetoothHandler.handleMessage(BluetoothManagerService.java:1234)
03-04 16:27:50.739 E/BluetoothHeadset(  505): 	at android.os.Handler.dispatchMessage(Handler.java:102)
03-04 16:27:50.739 E/BluetoothHeadset(  505): 	at android.os.Looper.loop(Looper.java:149)
03-04 16:27:50.739 E/BluetoothHeadset(  505): 	at android.os.HandlerThread.run(HandlerThread.java:61)
03-04 16:27:50.739 D/BluetoothHeadset(  760): onBluetoothStateChange: up=false
03-04 16:27:50.739 E/BluetoothHeadset(  760): 
03-04 16:27:50.739 E/BluetoothHeadset(  760): java.lang.IllegalArgumentException: Service not registered: android.bluetooth.BluetoothHeadset$2@21f1f1c0
03-04 16:27:50.739 E/BluetoothHeadset(  760): 	at android.app.LoadedApk.forgetServiceDispatcher(LoadedApk.java:931)
03-04 16:27:50.739 E/BluetoothHeadset(  760): 	at android.app.ContextImpl.unbindService(ContextImpl.java:1663)
03-04 16:27:50.739 E/BluetoothHeadset(  760): 	at android.content.ContextWrapper.unbindService(ContextWrapper.java:530)
03-04 16:27:50.739 E/BluetoothHeadset(  760): 	at android.bluetooth.BluetoothHeadset$1.onBluetoothStateChange(BluetoothHeadset.java:239)
03-04 16:27:50.739 E/BluetoothHeadset(  760): 	at android.bluetooth.IBluetoothStateChangeCallback$Stub.onTransact(IBluetoothStateChangeCallback.java:55)
03-04 16:27:50.739 E/BluetoothHeadset(  760): 	at android.os.Binder.execTransact(Binder.java:404)
03-04 16:27:50.739 E/BluetoothHeadset(  760): 	at dalvik.system.NativeStart.run(Native Method)
03-04 16:27:50.739 V/CsmClient(  505): [4] csmStop called
03-04 16:27:50.739 D/BluetoothManagerService(  505): Bluetooth State Change Intent: 13 -> 10
03-04 16:27:50.739 D/AdapterServiceConfig(20653): Adding HeadsetService
03-04 16:27:50.739 D/AdapterServiceConfig(20653): Adding A2dpService
03-04 16:27:50.739 D/AdapterServiceConfig(20653): Adding HidService
03-04 16:27:50.739 D/AdapterServiceConfig(20653): Adding HealthService
03-04 16:27:50.739 D/AdapterServiceConfig(20653): Adding PanService
03-04 16:27:50.739 D/AdapterServiceConfig(20653): Adding GattService
03-04 16:27:50.749 E/BluetoothAdapter(20638): 
03-04 16:27:50.749 E/BluetoothAdapter(20638): android.os.TransactionTooLargeException
03-04 16:27:50.749 E/BluetoothAdapter(20638): 	at android.os.BinderProxy.transact(Native Method)
03-04 16:27:50.749 E/BluetoothAdapter(20638): 	at android.bluetooth.IBluetooth$Stub$Proxy.getState(IBluetooth.java:661)
03-04 16:27:50.749 E/BluetoothAdapter(20638): 	at android.bluetooth.BluetoothAdapter.getState(BluetoothAdapter.java:526)
03-04 16:27:50.749 E/BluetoothAdapter(20638): 	at android.bluetooth.BluetoothAdapter.getUuids(BluetoothAdapter.java:724)
03-04 16:27:50.749 E/BluetoothAdapter(20638): 	at com.android.settings.bluetooth.LocalBluetoothAdapter.getUuids(LocalBluetoothAdapter.java:114)
03-04 16:27:50.749 E/BluetoothAdapter(20638): 	at com.android.settings.bluetooth.LocalBluetoothProfileManager.<init>(LocalBluetoothProfileManager.java:108)
03-04 16:27:50.749 E/BluetoothAdapter(20638): 	at com.android.settings.bluetooth.LocalBluetoothManager.<init>(LocalBluetoothManager.java:80)
03-04 16:27:50.749 E/BluetoothAdapter(20638): 	at com.android.settings.bluetooth.LocalBluetoothManager.getInstance(LocalBluetoothManager.java:59)
03-04 16:27:50.749 E/BluetoothAdapter(20638): 	at com.android.settings.bluetooth.DockService.onCreate(DockService.java:129)
03-04 16:27:50.749 E/BluetoothAdapter(20638): 	at android.app.ActivityThread.handleCreateService(ActivityThread.java:2612)
03-04 16:27:50.749 E/BluetoothAdapter(20638): 	at android.app.ActivityThread.access$1800(ActivityThread.java:138)
03-04 16:27:50.749 E/BluetoothAdapter(20638): 	at android.app.ActivityThread$H.handleMessage(ActivityThread.java:1318)
03-04 16:27:50.749 E/BluetoothAdapter(20638): 	at android.os.Handler.dispatchMessage(Handler.java:102)
03-04 16:27:50.749 E/BluetoothAdapter(20638): 	at android.os.Looper.loop(Looper.java:149)
03-04 16:27:50.749 E/BluetoothAdapter(20638): 	at android.app.ActivityThread.main(ActivityThread.java:5061)
03-04 16:27:50.749 E/BluetoothAdapter(20638): 	at java.lang.reflect.Method.invokeNative(Native Method)
03-04 16:27:50.749 E/BluetoothAdapter(20638): 	at java.lang.reflect.Method.invoke(Method.java:515)
03-04 16:27:50.749 E/BluetoothAdapter(20638): 	at com.android.internal.os.ZygoteInit$MethodAndArgsCaller.run(ZygoteInit.java:788)
03-04 16:27:50.749 E/BluetoothAdapter(20638): 	at com.android.internal.os.ZygoteInit.main(ZygoteInit.java:604)
03-04 16:27:50.749 E/BluetoothAdapter(20638): 	at dalvik.system.NativeStart.main(Native Method)
03-04 16:27:50.749 D/BluetoothAdapter(20638): 569155392: getState() :  mService = null. Returning STATE_OFF
03-04 16:27:50.749 D/BluetoothManagerService(  505): Message: 30
03-04 16:27:50.749 D/BluetoothManagerService(  505): Message: 30
03-04 16:27:50.749 E/BluetoothTethering(  505): attempted to stop reverse tether with nothing tethered
03-04 16:27:50.749 W/ContextImpl(20638): Calling a method in the system process without a qualified user: android.app.ContextImpl.bindService:1611 android.content.ContextWrapper.bindService:518 android.bluetooth.BluetoothInputDevice.doBind:245 android.bluetooth.BluetoothInputDevice.<init>:238 android.bluetooth.BluetoothAdapter.getProfileProxy:1450 
03-04 16:27:50.749 W/ContextImpl(20638): Calling a method in the system process without a qualified user: android.app.ContextImpl.bindService:1611 android.content.ContextWrapper.bindService:518 android.bluetooth.BluetoothPan.doBind:149 android.bluetooth.BluetoothPan.<init>:141 android.bluetooth.BluetoothAdapter.getProfileProxy:1453 
03-04 16:27:50.759 D/LocalBluetoothProfileManager(20638): Adding local MAP profile
03-04 16:27:50.759 D/BluetoothMap(20638): Create BluetoothMap proxy object
03-04 16:27:50.759 D/BluetoothManagerService(  505): Message: 30
03-04 16:27:50.759 E/BluetoothMap(20638): Could not bind to Bluetooth MAP Service with Intent { act=android.bluetooth.IBluetoothMap }
03-04 16:27:50.759 D/BluetoothManagerService(  505): Message: 30
03-04 16:27:50.759 D/LocalBluetoothProfileManager(20638): LocalBluetoothProfileManager construction complete
03-04 16:27:50.759 W/ContextImpl(20638): Calling a method in the system process without a qualified user: android.app.ContextImpl.bindService:1611 android.content.ContextWrapper.bindService:518 android.bluetooth.BluetoothPbap.doBind:164 android.bluetooth.BluetoothPbap.<init>:157 com.android.settings.bluetooth.PbapServerProfile.<init>:68 
03-04 16:27:50.759 V/ActivityManager(  505): Remove bg service from mStartingBackground ,r=ServiceRecord{22714160 u0 com.android.settings/.bluetooth.DockService},r used time=76,left r count=0
03-04 16:27:50.769 D/DockEventReceiver(20638): finishStartingService: stopping service
03-04 16:27:50.769 D/BatteryStatsImpl(  505): noteStopWakeLocked com.android.settings isFromForeground = false
03-04 16:27:50.819 D/BluetoothAdapter(20638): 569155392: getState() :  mService = null. Returning STATE_OFF
03-04 16:27:50.839 E/JavaBinder(  505): !!! FAILED BINDER TRANSACTION !!!
03-04 16:27:50.839 I/SecurityManagerService(  602): SMS received security event: App[STOP/com.android.bluetooth]
03-04 16:27:50.839 I/SecurityManagerService(  602): SMS received security event: App[START/com.android.bluetooth]
03-04 16:27:50.839 W/BroadcastQueue(  505): Exception when sending broadcast to ComponentInfo{com.android.bluetooth/com.android.bluetooth.opp.BluetoothOppReceiver}
03-04 16:27:50.839 W/BroadcastQueue(  505): android.os.TransactionTooLargeException
03-04 16:27:50.839 W/BroadcastQueue(  505): 	at android.os.BinderProxy.transact(Native Method)
03-04 16:27:50.839 W/BroadcastQueue(  505): 	at android.app.ApplicationThreadProxy.scheduleReceiver(ApplicationThreadNative.java:821)
03-04 16:27:50.839 W/BroadcastQueue(  505): 	at com.android.server.am.BroadcastQueue.processCurBroadcastLocked(BroadcastQueue.java:241)
03-04 16:27:50.839 W/BroadcastQueue(  505): 	at com.android.server.am.BroadcastQueue.processNextBroadcast(BroadcastQueue.java:931)
03-04 16:27:50.839 W/BroadcastQueue(  505): 	at com.android.server.am.ActivityManagerService.finishReceiver(ActivityManagerService.java:14160)
03-04 16:27:50.839 W/BroadcastQueue(  505): 	at android.app.ActivityManagerNative.onTransact(ActivityManagerNative.java:383)
03-04 16:27:50.839 W/BroadcastQueue(  505): 	at com.android.server.am.ActivityManagerService.onTransact(ActivityManagerService.java:2116)
03-04 16:27:50.839 W/BroadcastQueue(  505): 	at android.os.Binder.execTransact(Binder.java:404)
03-04 16:27:50.839 W/BroadcastQueue(  505): 	at dalvik.system.NativeStart.run(Native Method)
03-04 16:27:50.849 D/dalvikvm(20667): Process 20667 nice name: com.android.bluetooth
03-04 16:27:50.849 D/dalvikvm(20667): Extra Options: not specified
03-04 16:27:50.849 I/ActivityManager(  505): Start proc com.android.bluetooth for broadcast com.android.bluetooth/.opp.BluetoothOppReceiver: pid=20667 uid=1002 gids={41002, 3003, 3002, 3001, 1028, 1015, 3005, 1016, 3008}
03-04 16:27:50.889 D/BluetoothAdapter(  571): 573823048: getState() :  mService = null. Returning STATE_OFF
03-04 16:27:50.889 D/BluetoothAdapter(  571): 573823048: getState() :  mService = null. Returning STATE_OFF
03-04 16:27:50.919 I/ActivityManager(  505): Process com.android.settings (pid 20638) has died.
03-04 16:27:50.929 D/BluetoothManagerService(  505): Message: 42
03-04 16:27:50.929 D/BluetoothManagerService(  505): MESSAGE_RESTART_BLUETOOTH_SERVICE: Restart IBluetooth service
03-04 16:27:50.929 I/SecurityManagerService(  602): SMS received security event: App[STOP/com.android.settings]
03-04 16:27:50.939 D/AudioHardwareALSA(  182): setParameters
03-04 16:27:50.949 D/AdapterServiceConfig(20667): Adding HeadsetService
03-04 16:27:50.949 D/AdapterServiceConfig(20667): Adding A2dpService
03-04 16:27:50.949 D/AdapterServiceConfig(20667): Adding HidService
03-04 16:27:50.949 D/AdapterServiceConfig(20667): Adding HealthService
03-04 16:27:50.949 D/AdapterServiceConfig(20667): Adding PanService
03-04 16:27:50.949 D/AdapterServiceConfig(20667): Adding GattService
03-04 16:27:50.959 I/SecurityManagerService(  602): SMS received security event: App[START/com.android.settings]
03-04 16:27:50.979 D/dalvikvm(20679): Process 20679 nice name: com.android.settings
03-04 16:27:50.979 D/dalvikvm(20679): Extra Options: not specified
03-04 16:27:50.979 I/ActivityManager(  505): Start proc com.android.settings for broadcast com.android.settings/.bluetooth.DockEventReceiver: pid=20679 uid=1000 gids={41000, 3003, 1028, 1015, 3002, 3001, 1023}
03-04 16:27:51.039 D/EVENT_THREAD(  182): void CEventThread::run() POLLIN event on Fd (1)
03-04 16:27:51.049 D/EVENT_THREAD(  182): void CEventThread::run() Do poll with timeout: -1
03-04 16:27:51.069 D/BluetoothAdapterService(20667): REFCOUNT: CREATED. INSTANCE_COUNT1
03-04 16:27:51.069 D/BluetoothAdapterService(569152992)(20667): onCreate
03-04 16:27:51.099 D/BluetoothAdapterState(20667): make
03-04 16:27:51.109 I/bluedroid(20667): init
03-04 16:27:51.109 I/BluetoothAdapterState(20667): Entering OffState
03-04 16:27:51.109 I/bte_conf(20667): Attempt to load stack conf from /etc/bluetooth/bt_stack.conf
03-04 16:27:51.109 I/bte_conf(20667): Loading BT stack properties conf
03-04 16:27:51.109 D/BTIF_CORE(20667): Version: AMPAK-Android-4.4-GPS-FM-1.0.0 
03-04 16:27:51.109 I/bluedroid(20667): get_profile_interface socket
03-04 16:27:51.109 I/GKI_LINUX(20667): gki_task_entry: gki_task_entry task_id=1 [BTIF] starting
03-04 16:27:51.109 I/BluetoothAdapterProperties(20667): adapterPropertyChangedCallback with type:2 len:6
03-04 16:27:51.109 D/BluetoothAdapterService(569152992)(20667): onBind
03-04 16:27:51.109 D/BluetoothAdapterProperties(20667): Address is:78:24:AF:02:8B:DC
03-04 16:27:51.109 I/BluetoothAdapterProperties(20667): adapterPropertyChangedCallback with type:1 len:4
03-04 16:27:51.109 D/BluetoothManagerService(  505): BluetoothServiceConnection: com.android.bluetooth.btservice.AdapterService
03-04 16:27:51.109 D/BluetoothManagerService(  505): Message: 40
03-04 16:27:51.109 D/BluetoothManagerService(  505): MESSAGE_BLUETOOTH_SERVICE_CONNECTED: 1
03-04 16:27:51.109 D/BluetoothManagerService(  505): Bluetooth Adapter name changed to K011
03-04 16:27:51.109 D/BluetoothAdapterProperties(20667): Name is: K011
03-04 16:27:51.109 D/BluetoothManagerService(  505): Stored Bluetooth name: K011
03-04 16:27:51.109 I/bluedroid(20667): config_hci_snoop_log
03-04 16:27:51.119 D/BluetoothManagerService(  505): Calling onBluetoothServiceUp callbacks
03-04 16:27:51.119 D/BluetoothManagerService(  505): Broadcasting onBluetoothServiceUp() to 4 receivers.
03-04 16:27:51.119 D/BluetoothAdapter(20667): onBluetoothServiceUp: com.android.bluetooth.btservice.AdapterService$AdapterServiceBinder@21eca3d0
03-04 16:27:51.119 D/BluetoothAdapter(  505): onBluetoothServiceUp: android.bluetooth.IBluetooth$Stub$Proxy@22164488
03-04 16:27:51.119 D/BluetoothAdapter(  571): onBluetoothServiceUp: android.bluetooth.IBluetooth$Stub$Proxy@2243ba78
03-04 16:27:51.119 D/BluetoothAdapter(  760): onBluetoothServiceUp: android.bluetooth.IBluetooth$Stub$Proxy@21fa2a88
03-04 16:27:51.119 D/BluetoothAdapterService(569152992)(20667): Enable called with quiet mode status =  false
03-04 16:27:51.119 E/JavaBinder(  505): !!! FAILED BINDER TRANSACTION !!!
03-04 16:27:51.119 D/BluetoothAdapterState(20667): CURRENT_STATE=OFF, MESSAGE = USER_TURN_ON
03-04 16:27:51.119 D/BluetoothAdapterState(20667): REPORT_INFO: CWS_BT_ON
03-04 16:27:51.119 W/BroadcastQueue(  505): Exception when sending broadcast to ComponentInfo{com.android.settings/com.android.settings.widget.SettingsAppWidgetProvider}
03-04 16:27:51.119 W/BroadcastQueue(  505): android.os.TransactionTooLargeException
03-04 16:27:51.119 W/BroadcastQueue(  505): 	at android.os.BinderProxy.transact(Native Method)
03-04 16:27:51.119 W/BroadcastQueue(  505): 	at android.app.ApplicationThreadProxy.scheduleReceiver(ApplicationThreadNative.java:821)
03-04 16:27:51.119 W/BroadcastQueue(  505): 	at com.android.server.am.BroadcastQueue.processCurBroadcastLocked(BroadcastQueue.java:241)
03-04 16:27:51.119 W/BroadcastQueue(  505): 	at com.android.server.am.BroadcastQueue.processNextBroadcast(BroadcastQueue.java:931)
03-04 16:27:51.119 W/BroadcastQueue(  505): 	at com.android.server.am.ActivityManagerService.finishReceiver(ActivityManagerService.java:14160)
03-04 16:27:51.119 W/BroadcastQueue(  505): 	at android.app.ActivityManagerNative.onTransact(ActivityManagerNative.java:383)
03-04 16:27:51.119 W/BroadcastQueue(  505): 	at com.android.server.am.ActivityManagerService.onTransact(ActivityManagerService.java:2116)
03-04 16:27:51.119 W/BroadcastQueue(  505): 	at android.os.Binder.execTransact(Binder.java:404)
03-04 16:27:51.119 W/BroadcastQueue(  505): 	at dalvik.system.NativeStart.run(Native Method)
03-04 16:27:51.129 I/SecurityManagerService(  602): SMS received security event: App[STOP/com.android.settings]
03-04 16:27:51.139 I/SecurityManagerService(  602): SMS received security event: App[START/com.android.settings]
03-04 16:27:51.149 D/dalvikvm(20694): Process 20694 nice name: com.android.settings
03-04 16:27:51.149 D/dalvikvm(20694): Extra Options: not specified
03-04 16:27:51.159 D/BluetoothAdapterProperties(20667): Setting state to 11
03-04 16:27:51.159 I/BluetoothAdapterState(20667): Bluetooth adapter state changed: 10-> 11
03-04 16:27:51.159 D/BluetoothAdapterService(20667): Broadcasting updateAdapterState() to 1 receivers.
03-04 16:27:51.159 D/BluetoothManagerService(  505): onBluetoothStateChange prev=10 new=11
03-04 16:27:51.159 D/BluetoothManagerService(  505): Message: 60
03-04 16:27:51.159 D/BluetoothManagerService(  505): MESSAGE_BLUETOOTH_STATE_CHANGE: prevState = 10, newState=11
03-04 16:27:51.159 D/BluetoothManagerService(  505): Bluetooth State Change Intent: 10 -> 11
03-04 16:27:51.159 D/BluetoothAdapterService(569152992)(20667): getState(): mAdapterProperties: com.android.bluetooth.btservice.AdapterProperties@21eca5d0
03-04 16:27:51.159 D/BluetoothAdapterService(569152992)(20667): processStart()
03-04 16:27:51.159 D/BluetoothAdapterService(569152992)(20667): processStart(): Make Bond State Machine
03-04 16:27:51.159 D/BluetoothBondStateMachine(20667): make
03-04 16:27:51.159 D/BluetoothAdapterService(20667): setAdapterService(): set to: null
03-04 16:27:51.159 I/BluetoothBondStateMachine(20667): StableState(): Entering Off State
03-04 16:27:51.159 W/BluetoothAdapterService(20667): Starting service com.android.bluetooth.hfp.HeadsetService
03-04 16:27:51.159 I/ActivityManager(  505): Start proc com.android.settings for broadcast com.android.settings/.widget.SettingsAppWidgetProvider: pid=20694 uid=1000 gids={41000, 3003, 1028, 1015, 3002, 3001, 1023}
03-04 16:27:51.169 W/BluetoothAdapterService(20667): Starting service com.android.bluetooth.a2dp.A2dpService
03-04 16:27:51.169 D/HeadsetService(20667): Received start request. Starting profile...
03-04 16:27:51.169 W/BluetoothAdapterService(20667): Starting service com.android.bluetooth.hid.HidService
03-04 16:27:51.169 W/BluetoothAdapterService(20667): Starting service com.android.bluetooth.hdp.HealthService
03-04 16:27:51.169 I/BluetoothHeadsetServiceJni(20667): classInitNative: succeeds
03-04 16:27:51.169 W/BluetoothAdapterService(20667): Starting service com.android.bluetooth.pan.PanService
03-04 16:27:51.169 D/HeadsetStateMachine(20667): make
03-04 16:27:51.179 W/BluetoothAdapterService(20667): Starting service com.android.bluetooth.gatt.GattService
03-04 16:27:51.189 D/dalvikvm(  171): GC_EXPLICIT freed 47K, 2% free 5801K/5892K, paused 0ms+1ms, total 43ms
03-04 16:27:51.199 I/BluetoothAdapterState(20667): Entering PendingCommandState State: isTurningOn()=true, isTurningOff()=false
03-04 16:27:51.209 D/dalvikvm(  171): GC_EXPLICIT freed <1K, 2% free 5801K/5892K, paused 1ms+1ms, total 12ms
03-04 16:27:51.219 D/dalvikvm(  171): GC_EXPLICIT freed <1K, 2% free 5801K/5892K, paused 1ms+1ms, total 12ms
03-04 16:27:51.269 I/bluedroid(20667): get_profile_interface handsfree
03-04 16:27:51.269 D/BluetoothAdapterService(20667): getAdapterService(): returning com.android.bluetooth.btservice.AdapterService@21ec95e0
03-04 16:27:51.279 D/A2dpService(20667): Received start request. Starting profile...
03-04 16:27:51.279 I/BluetoothA2dpServiceJni(20667): classInitNative: succeeds
03-04 16:27:51.279 D/A2dpStateMachine(20667): make
03-04 16:27:51.279 I/bluedroid(20667): get_profile_interface a2dp
03-04 16:27:51.279 I/GKI_LINUX(20667): gki_task_entry: gki_task_entry task_id=2 [A2DP-MEDIA] starting
03-04 16:27:51.319 I/BluetoothAvrcpServiceJni(20667): classInitNative: succeeds
03-04 16:27:51.319 V/Avrcp   (20667): make
03-04 16:27:51.319 I/bluedroid(20667): get_profile_interface avrcp
03-04 16:27:51.319 D/A2dpStateMachine(20667): Enter Disconnected: -2
03-04 16:27:51.329 D/BluetoothAdapterService(20667): getAdapterService(): returning com.android.bluetooth.btservice.AdapterService@21ec95e0
03-04 16:27:51.329 I/BluetoothHidServiceJni(20667): classInitNative: succeeds
03-04 16:27:51.329 D/HidService(20667): Received start request. Starting profile...
03-04 16:27:51.339 I/bluedroid(20667): get_profile_interface hidhost
03-04 16:27:51.369 I/ActivityManager(  505): Process com.android.settings (pid 20694) has died.
03-04 16:27:51.379 I/SecurityManagerService(  602): SMS received security event: App[STOP/com.android.settings]
03-04 16:27:51.469 D/BluetoothAdapterService(20667): getAdapterService(): returning com.android.bluetooth.btservice.AdapterService@21ec95e0
03-04 16:27:51.469 I/BluetoothHealthServiceJni(20667): classInitNative: succeeds
03-04 16:27:51.469 D/HealthService(20667): Received start request. Starting profile...
03-04 16:27:51.489 I/bluedroid(20667): get_profile_interface health
03-04 16:27:51.489 D/BluetoothAdapterService(20667): getAdapterService(): returning com.android.bluetooth.btservice.AdapterService@21ec95e0
03-04 16:27:51.489 I/BluetoothPanServiceJni(20667): classInitNative(L112): succeeds
03-04 16:27:51.489 D/PanService(20667): Received start request. Starting profile...
03-04 16:27:51.489 D/BluetoothPanServiceJni(20667): initializeNative(L117): pan
03-04 16:27:51.489 I/bluedroid(20667): get_profile_interface pan
03-04 16:27:51.489 D/BluetoothTethering(  505): got CMD_CHANNEL_HALF_CONNECTED
03-04 16:27:51.489 D/BluetoothAdapterService(20667): getAdapterService(): returning com.android.bluetooth.btservice.AdapterService@21ec95e0
03-04 16:27:51.489 I/BtGatt.JNI(20667): classInitNative(L685): classInitNative: Success!
03-04 16:27:51.499 D/BluetoothManagerService(  505): BluetoothServiceConnection: com.android.bluetooth.gatt.GattService
03-04 16:27:51.499 D/BtGatt.DebugUtils(20667): handleDebugAction() action=null
03-04 16:27:51.499 D/BluetoothManagerService(  505): Message: 40
03-04 16:27:51.499 D/BluetoothManagerService(  505): MESSAGE_BLUETOOTH_SERVICE_CONNECTED: 2
03-04 16:27:51.499 D/BtGatt.GattService(20667): Received start request. Starting profile...
03-04 16:27:51.499 D/BtGatt.GattService(20667): start()
03-04 16:27:51.499 I/bluedroid(20667): get_profile_interface gatt
03-04 16:27:51.499 D/BluetoothAdapterService(20667): getAdapterService(): returning com.android.bluetooth.btservice.AdapterService@21ec95e0
03-04 16:27:51.499 D/HeadsetPhoneState(20667): sendDeviceStateChanged. mService=0 mSignal=0 mRoam=0 mBatteryCharge=4
03-04 16:27:51.499 D/BluetoothAdapterService(569152992)(20667): Message: 1
03-04 16:27:51.499 D/BluetoothAdapterService(569152992)(20667): MESSAGE_PROFILE_SERVICE_STATE_CHANGED
03-04 16:27:51.499 D/BluetoothAdapterService(20667): onProfileServiceStateChange: serviceName=com.android.bluetooth.hfp.HeadsetService, state = 12, doUpdate = true
03-04 16:27:51.499 D/BluetoothAdapterService(20667): Profile still not running:com.android.bluetooth.hdp.HealthService
03-04 16:27:51.499 D/BluetoothAdapterService(569152992)(20667): Message: 1
03-04 16:27:51.499 D/BluetoothAdapterService(569152992)(20667): MESSAGE_PROFILE_SERVICE_STATE_CHANGED
03-04 16:27:51.499 D/BluetoothAdapterService(20667): onProfileServiceStateChange: serviceName=com.android.bluetooth.a2dp.A2dpService, state = 12, doUpdate = true
03-04 16:27:51.499 D/BluetoothAdapterService(20667): Profile still not running:com.android.bluetooth.hdp.HealthService
03-04 16:27:51.499 D/BluetoothAdapterService(569152992)(20667): Message: 1
03-04 16:27:51.499 D/BluetoothAdapterService(569152992)(20667): MESSAGE_PROFILE_SERVICE_STATE_CHANGED
03-04 16:27:51.499 D/BluetoothAdapterService(20667): onProfileServiceStateChange: serviceName=com.android.bluetooth.hid.HidService, state = 12, doUpdate = true
03-04 16:27:51.499 D/BluetoothAdapterService(20667): Profile still not running:com.android.bluetooth.hdp.HealthService
03-04 16:27:51.499 D/BluetoothAdapterService(569152992)(20667): Message: 1
03-04 16:27:51.499 D/BluetoothAdapterService(569152992)(20667): MESSAGE_PROFILE_SERVICE_STATE_CHANGED
03-04 16:27:51.499 D/BluetoothAdapterService(20667): onProfileServiceStateChange: serviceName=com.android.bluetooth.hdp.HealthService, state = 12, doUpdate = true
03-04 16:27:51.499 D/BluetoothAdapterService(20667): Profile still not running:com.android.bluetooth.pan.PanService
03-04 16:27:51.499 D/BluetoothAdapterService(569152992)(20667): Message: 1
03-04 16:27:51.499 D/BluetoothAdapterService(569152992)(20667): MESSAGE_PROFILE_SERVICE_STATE_CHANGED
03-04 16:27:51.499 D/BluetoothAdapterService(20667): onProfileServiceStateChange: serviceName=com.android.bluetooth.pan.PanService, state = 12, doUpdate = true
03-04 16:27:51.509 D/BluetoothAdapterService(20667): Profile still not running:com.android.bluetooth.gatt.GattService
03-04 16:27:51.509 D/BluetoothAdapterService(569152992)(20667): Message: 1
03-04 16:27:51.509 D/BluetoothAdapterService(569152992)(20667): MESSAGE_PROFILE_SERVICE_STATE_CHANGED
03-04 16:27:51.509 D/BluetoothAdapterService(20667): onProfileServiceStateChange: serviceName=com.android.bluetooth.gatt.GattService, state = 12, doUpdate = true
03-04 16:27:51.509 D/BluetoothAdapterService(20667): All profile services started.
03-04 16:27:51.509 D/BluetoothAdapterState(20667): CURRENT_STATE=PENDING, MESSAGE = STARTED, isTurningOn=true, isTurningOff=false
03-04 16:27:51.509 I/bluedroid(20667): enable
03-04 16:27:51.509 I/SecurityManagerService(  602): SMS received security event: App[START/com.android.settings]
03-04 16:27:51.519 D/dalvikvm(20715): Process 20715 nice name: com.android.settings
03-04 16:27:51.519 D/dalvikvm(20715): Extra Options: not specified
03-04 16:27:51.519 I/ActivityManager(  505): Start proc com.android.settings for broadcast com.android.settings/.bluetooth.DockEventReceiver: pid=20715 uid=1000 gids={41000, 3003, 1028, 1015, 3002, 3001, 1023}
03-04 16:27:51.599 D/BluetoothManagerService(  505): BluetoothServiceConnection, disconnected: com.android.bluetooth.btservice.AdapterService
03-04 16:27:51.599 D/BluetoothManagerService(  505): BluetoothServiceConnection, disconnected: com.android.bluetooth.gatt.GattService
03-04 16:27:51.599 D/BluetoothManagerService(  505): Message: 41
03-04 16:27:51.599 E/BluetoothManagerService(  505): MESSAGE_BLUETOOTH_SERVICE_DISCONNECTED: 1
03-04 16:27:51.599 D/BluetoothManagerService(  505): Calling onBluetoothServiceDown callbacks
03-04 16:27:51.599 D/BluetoothManagerService(  505): Broadcasting onBluetoothServiceDown() to 3 receivers.
03-04 16:27:51.599 D/BluetoothAdapter(  505): onBluetoothServiceDown: android.bluetooth.IBluetooth$Stub$Proxy@22164488
03-04 16:27:51.599 D/BluetoothTethering(  505): got CMD_CHANNEL_DISCONNECTED
03-04 16:27:51.599 E/BluetoothTethering(  505): attempted to stop reverse tether with nothing tethered
03-04 16:27:51.599 W/MediaFocusControl(  505): RemoteControl: display android.media.IRemoteControlDisplay$Stub$Proxy@22272cd0 died
03-04 16:27:51.599 D/BluetoothAdapter(  571): onBluetoothServiceDown: android.bluetooth.IBluetooth$Stub$Proxy@2243ba78
03-04 16:27:51.599 D/BluetoothAdapter(  760): onBluetoothServiceDown: android.bluetooth.IBluetooth$Stub$Proxy@21fa2a88
03-04 16:27:51.599 D/BluetoothManagerService(  505): Bluetooth State Change Intent: 12 -> 13
03-04 16:27:51.599 I/SecurityManagerService(  602): SMS received security event: App[STOP/com.android.bluetooth]
03-04 16:27:51.599 D/BluetoothManagerService(  505): Broadcasting onBluetoothStateChange(false) to 6 receivers.
03-04 16:27:51.599 D/BluetoothHeadset(  760): onBluetoothStateChange: up=false
03-04 16:27:51.599 I/ActivityManager(  505): Process com.android.bluetooth (pid 20667) has died.
03-04 16:27:51.609 D/BluetoothAdapter(  571): 573823048: getState() :  mService = null. Returning STATE_OFF
03-04 16:27:51.619 E/BluetoothHeadset(  760): 
03-04 16:27:51.619 E/BluetoothHeadset(  760): java.lang.IllegalArgumentException: Service not registered: android.bluetooth.BluetoothHeadset$2@21f08798
03-04 16:27:51.619 E/BluetoothHeadset(  760): 	at android.app.LoadedApk.forgetServiceDispatcher(LoadedApk.java:931)
03-04 16:27:51.619 E/BluetoothHeadset(  760): 	at android.app.ContextImpl.unbindService(ContextImpl.java:1663)
03-04 16:27:51.619 E/BluetoothHeadset(  760): 	at android.content.ContextWrapper.unbindService(ContextWrapper.java:530)
03-04 16:27:51.619 E/BluetoothHeadset(  760): 	at android.bluetooth.BluetoothHeadset$1.onBluetoothStateChange(BluetoothHeadset.java:239)
03-04 16:27:51.619 E/BluetoothHeadset(  760): 	at android.bluetooth.IBluetoothStateChangeCallback$Stub.onTransact(IBluetoothStateChangeCallback.java:55)
03-04 16:27:51.619 E/BluetoothHeadset(  760): 	at android.os.Binder.execTransact(Binder.java:404)
03-04 16:27:51.619 E/BluetoothHeadset(  760): 	at dalvik.system.NativeStart.run(Native Method)
03-04 16:27:51.619 D/BluetoothA2dp(  505): onBluetoothStateChange: up=false
03-04 16:27:51.659 E/BluetoothA2dp(  505): 
03-04 16:27:51.659 E/BluetoothA2dp(  505): java.lang.IllegalArgumentException: Service not registered: android.bluetooth.BluetoothA2dp$2@2202ce08
03-04 16:27:51.659 E/BluetoothA2dp(  505): 	at android.app.LoadedApk.forgetServiceDispatcher(LoadedApk.java:931)
03-04 16:27:51.659 E/BluetoothA2dp(  505): 	at android.app.ContextImpl.unbindService(ContextImpl.java:1663)
03-04 16:27:51.659 E/BluetoothA2dp(  505): 	at android.bluetooth.BluetoothA2dp$1.onBluetoothStateChange(BluetoothA2dp.java:121)
03-04 16:27:51.659 E/BluetoothA2dp(  505): 	at com.android.server.BluetoothManagerService.sendBluetoothStateCallback(BluetoothManagerService.java:774)
03-04 16:27:51.659 E/BluetoothA2dp(  505): 	at com.android.server.BluetoothManagerService.bluetoothStateChangeHandler(BluetoothManagerService.java:1491)
03-04 16:27:51.659 E/BluetoothA2dp(  505): 	at com.android.server.BluetoothManagerService.access$3000(BluetoothManagerService.java:60)
03-04 16:27:51.659 E/BluetoothA2dp(  505): 	at com.android.server.BluetoothManagerService$BluetoothHandler.handleMessage(BluetoothManagerService.java:1234)
03-04 16:27:51.659 E/BluetoothA2dp(  505): 	at android.os.Handler.dispatchMessage(Handler.java:102)
03-04 16:27:51.659 E/BluetoothA2dp(  505): 	at android.os.Looper.loop(Looper.java:149)
03-04 16:27:51.659 E/BluetoothA2dp(  505): 	at android.os.HandlerThread.run(HandlerThread.java:61)
03-04 16:27:51.659 E/BluetoothPan(  505): 
03-04 16:27:51.659 E/BluetoothPan(  505): java.lang.IllegalArgumentException: Service not registered: android.bluetooth.BluetoothPan$2@220b9f28
03-04 16:27:51.659 E/BluetoothPan(  505): 	at android.app.LoadedApk.forgetServiceDispatcher(LoadedApk.java:931)
03-04 16:27:51.659 E/BluetoothPan(  505): 	at android.app.ContextImpl.unbindService(ContextImpl.java:1663)
03-04 16:27:51.659 E/BluetoothPan(  505): 	at android.bluetooth.BluetoothPan$1.onBluetoothStateChange(BluetoothPan.java:199)
03-04 16:27:51.659 E/BluetoothPan(  505): 	at com.android.server.BluetoothManagerService.sendBluetoothStateCallback(BluetoothManagerService.java:774)
03-04 16:27:51.659 E/BluetoothPan(  505): 	at com.android.server.BluetoothManagerService.bluetoothStateChangeHandler(BluetoothManagerService.java:1491)
03-04 16:27:51.659 E/BluetoothPan(  505): 	at com.android.server.BluetoothManagerService.access$3000(BluetoothManagerService.java:60)
03-04 16:27:51.659 E/BluetoothPan(  505): 	at com.android.server.BluetoothManagerService$BluetoothHandler.handleMessage(BluetoothManagerService.java:1234)
03-04 16:27:51.659 E/BluetoothPan(  505): 	at android.os.Handler.dispatchMessage(Handler.java:102)
03-04 16:27:51.659 E/BluetoothPan(  505): 	at android.os.Looper.loop(Looper.java:149)
03-04 16:27:51.659 E/BluetoothPan(  505): 	at android.os.HandlerThread.run(HandlerThread.java:61)
03-04 16:27:51.659 D/BluetoothHeadset(  760): onBluetoothStateChange: up=false
03-04 16:27:51.659 E/BluetoothHeadset(  760): 
03-04 16:27:51.659 E/BluetoothHeadset(  760): java.lang.IllegalArgumentException: Service not registered: android.bluetooth.BluetoothHeadset$2@21f03308
03-04 16:27:51.659 E/BluetoothHeadset(  760): 	at android.app.LoadedApk.forgetServiceDispatcher(LoadedApk.java:931)
03-04 16:27:51.659 E/BluetoothHeadset(  760): 	at android.app.ContextImpl.unbindService(ContextImpl.java:1663)
03-04 16:27:51.659 E/BluetoothHeadset(  760): 	at android.content.ContextWrapper.unbindService(ContextWrapper.java:530)
03-04 16:27:51.659 E/BluetoothHeadset(  760): 	at android.content.ContextWrapper.unbindService(ContextWrapper.java:530)
03-04 16:27:51.659 E/BluetoothHeadset(  760): 	at android.bluetooth.BluetoothHeadset$1.onBluetoothStateChange(BluetoothHeadset.java:239)
03-04 16:27:51.659 E/BluetoothHeadset(  760): 	at android.bluetooth.IBluetoothStateChangeCallback$Stub.onTransact(IBluetoothStateChangeCallback.java:55)
03-04 16:27:51.659 E/BluetoothHeadset(  760): 	at android.os.Binder.execTransact(Binder.java:404)
03-04 16:27:51.659 E/BluetoothHeadset(  760): 	at dalvik.system.NativeStart.run(Native Method)
03-04 16:27:51.659 D/BluetoothHeadset(  505): onBluetoothStateChange: up=false
03-04 16:27:51.659 E/BluetoothHeadset(  505): 
03-04 16:27:51.659 E/BluetoothHeadset(  505): java.lang.IllegalArgumentException: Service not registered: android.bluetooth.BluetoothHeadset$2@221d3b90
03-04 16:27:51.659 E/BluetoothHeadset(  505): 	at android.app.LoadedApk.forgetServiceDispatcher(LoadedApk.java:931)
03-04 16:27:51.659 E/BluetoothHeadset(  505): 	at android.app.ContextImpl.unbindService(ContextImpl.java:1663)
03-04 16:27:51.659 E/BluetoothHeadset(  505): 	at android.bluetooth.BluetoothHeadset$1.onBluetoothStateChange(BluetoothHeadset.java:239)
03-04 16:27:51.659 E/BluetoothHeadset(  505): 	at com.android.server.BluetoothManagerService.sendBluetoothStateCallback(BluetoothManagerService.java:774)
03-04 16:27:51.659 E/BluetoothHeadset(  505): 	at com.android.server.BluetoothManagerService.bluetoothStateChangeHandler(BluetoothManagerService.java:1491)
03-04 16:27:51.659 E/BluetoothHeadset(  505): 	at com.android.server.BluetoothManagerService.access$3000(BluetoothManagerService.java:60)
03-04 16:27:51.659 E/BluetoothHeadset(  505): 	at com.android.server.BluetoothManagerService$BluetoothHandler.handleMessage(BluetoothManagerService.java:1234)
03-04 16:27:51.659 E/BluetoothHeadset(  505): 	at android.os.Handler.dispatchMessage(Handler.java:102)
03-04 16:27:51.659 E/BluetoothHeadset(  505): 	at android.os.Looper.loop(Looper.java:149)
03-04 16:27:51.659 E/BluetoothHeadset(  505): 	at android.os.HandlerThread.run(HandlerThread.java:61)
03-04 16:27:51.659 D/BluetoothHeadset(  760): onBluetoothStateChange: up=false
03-04 16:27:51.659 E/BluetoothHeadset(  760): 
03-04 16:27:51.659 E/BluetoothHeadset(  760): java.lang.IllegalArgumentException: Service not registered: android.bluetooth.BluetoothHeadset$2@21f1f1c0
03-04 16:27:51.659 E/BluetoothHeadset(  760): 	at android.app.LoadedApk.forgetServiceDispatcher(LoadedApk.java:931)
03-04 16:27:51.659 E/BluetoothHeadset(  760): 	at android.app.ContextImpl.unbindService(ContextImpl.java:1663)
03-04 16:27:51.659 E/BluetoothHeadset(  760): 	at android.content.ContextWrapper.unbindService(ContextWrapper.java:530)
03-04 16:27:51.659 E/BluetoothHeadset(  760): 	at android.bluetooth.BluetoothHeadset$1.onBluetoothStateChange(BluetoothHeadset.java:239)
03-04 16:27:51.659 E/BluetoothHeadset(  760): 	at android.bluetooth.IBluetoothStateChangeCallback$Stub.onTransact(IBluetoothStateChangeCallback.java:55)
03-04 16:27:51.659 E/BluetoothHeadset(  760): 	at android.os.Binder.execTransact(Binder.java:404)
03-04 16:27:51.659 E/BluetoothHeadset(  760): 	at dalvik.system.NativeStart.run(Native Method)
03-04 16:27:51.659 V/CsmClient(  505): [4] csmStop called
03-04 16:27:51.659 D/BluetoothManagerService(  505): Bluetooth State Change Intent: 13 -> 10
03-04 16:27:51.659 D/BluetoothManagerService(  505): Message: 41
03-04 16:27:51.659 E/BluetoothManagerService(  505): MESSAGE_BLUETOOTH_SERVICE_DISCONNECTED: 2
03-04 16:27:51.659 D/BluetoothAdapter(  571): 573823048: getState() :  mService = null. Returning STATE_OFF
03-04 16:27:51.729 D/EVENT_THREAD(  182): void CEventThread::run() POLLIN event on Fd (1)
03-04 16:27:51.729 D/EVENT_THREAD(  182): void CEventThread::run() Do poll with timeout: -1
03-04 16:27:51.729 D/EVENT_THREAD(  182): void CEventThread::run() POLLIN event on Fd (1)
03-04 16:27:51.729 D/EVENT_THREAD(  182): void CEventThread::run() Do poll with timeout: -1
03-04 16:27:51.729 I/upi_ug31xx(  165): (2099) update_capacity
03-04 16:27:51.729 I/[UPI]   (  165): <UG31/E>[UpiReadCapacity]: V=4007(3995), T=345(348-415), I=-616, C=-6(-6-0)
03-04 16:27:51.729 I/[UPI]   (  165): <UG31/E>[UpiReadCapacity]: (0x0000254a) 2994 (2979) / 3602 (4025) = 83
03-04 16:27:51.729 I/[UPI]   (  165): <UG31/E>[UpiReadCapacity]: (0x0000254a) 2994 (2979) / 3602 (4025) = 83
03-04 16:27:51.729 I/[UPI]   (  165): <UG31/E>[UpiReadCapacity]: (0x0000254a) 2988 (2988) / 3602 (4025) = 83
03-04 16:27:51.729 I/[UPI]   (  165): <UG31/E>[RsocFilterCountTime]: (0x0000254a) Step=2(121250), Full=2(121250), Lock=121250(1800000)
03-04 16:27:51.729 I/[UPI]   (  165): <UG31/E>[UpiReadCapacity]: (0x0000254a) 2988 (2988) / 3602 (4025) = 83 (-616--616)
03-04 16:27:51.729 I/[UPI]   (  165): <UG31/E><BATT> M:normal, P:83(83-83)%, V:3990mV, C:-614mA, T:34.8C(415), S:0x0000254a(000), R:2988mAh, F:3602mAh, Q:698mAh, CC:4, P:30.330(910-0)s, BO:7, 97:615:0-44af-9m:B001-20140514-144301 (16)
03-04 16:27:51.729 I/upi_ug31xx(  165): (2100) backup_data 
03-04 16:27:51.729 V/upi_ug31xx(  165): state->check_backup_count = 2
03-04 16:27:51.769 W/ContextImpl(20715): Calling a method in the system process without a qualified user: android.app.ContextImpl.startService:1547 android.content.ContextWrapper.startService:495 android.content.ContextWrapper.startService:495 com.android.settings.bluetooth.DockEventReceiver.beginStartingService:134 com.android.settings.bluetooth.DockEventReceiver.onReceive:115 
03-04 16:27:51.779 I/SecurityManagerService(  602): SMS received security event: App[START/com.android.bluetooth]
03-04 16:27:51.779 D/dalvikvm(20727): Process 20727 nice name: com.android.bluetooth
03-04 16:27:51.779 D/dalvikvm(20727): Extra Options: not specified
03-04 16:27:51.779 I/ActivityManager(  505): Start proc com.android.bluetooth for broadcast com.android.bluetooth/.pbap.BluetoothPbapReceiver: pid=20727 uid=1002 gids={41002, 3003, 3002, 3001, 1028, 1015, 3005, 1016, 3008}
03-04 16:27:51.799 D/BluetoothManagerService(  505): Message: 42
03-04 16:27:51.799 D/BluetoothManagerService(  505): MESSAGE_RESTART_BLUETOOTH_SERVICE: Restart IBluetooth service
03-04 16:27:51.799 D/AudioHardwareALSA(  182): setParameters
03-04 16:27:51.809 D/BluetoothAdapter(20715): 569159112: getState() :  mService = null. Returning STATE_OFF
03-04 16:27:51.809 D/BluetoothManagerService(  505): Message: 30
03-04 16:27:51.809 D/BluetoothManagerService(  505): Message: 30
03-04 16:27:51.809 D/LocalBluetoothProfileManager(20715): Adding local MAP profile
03-04 16:27:51.809 D/BluetoothMap(20715): Create BluetoothMap proxy object
03-04 16:27:51.809 D/BluetoothManagerService(  505): Message: 30
03-04 16:27:51.809 E/BluetoothMap(20715): Could not bind to Bluetooth MAP Service with Intent { act=android.bluetooth.IBluetoothMap }
03-04 16:27:51.809 D/BluetoothManagerService(  505): Message: 30
03-04 16:27:51.809 D/LocalBluetoothProfileManager(20715): LocalBluetoothProfileManager construction complete
03-04 16:27:51.809 W/ContextImpl(20715): Calling a method in the system process without a qualified user: android.app.ContextImpl.bindService:1611 android.content.ContextWrapper.bindService:518 android.bluetooth.BluetoothInputDevice.doBind:245 android.bluetooth.BluetoothInputDevice.<init>:238 android.bluetooth.BluetoothAdapter.getProfileProxy:1450 
03-04 16:27:51.809 W/ContextImpl(20715): Calling a method in the system process without a qualified user: android.app.ContextImpl.bindService:1611 android.content.ContextWrapper.bindService:518 android.bluetooth.BluetoothPan.doBind:149 android.bluetooth.BluetoothPan.<init>:141 android.bluetooth.BluetoothAdapter.getProfileProxy:1453 
