03-04 16:42:54.809 I/ivpg-hwc(24135): Option Default            intel.hwc.extendedmcg(17) = 1        (HWC default)
03-04 16:42:54.809 I/ivpg-hwc(24135): Option Default        intel.hwc.extendedscaling(18) = 2        (HWC default)
03-04 16:42:54.809 I/ivpg-hwc(24135): Option Default       intel.hwc.extendedoverscan(19) = 0        (HWC default)
03-04 16:42:54.809 I/ivpg-hwc(24135): Option Default        intel.hwc.extvsyncmigrate(20) = 1        (HWC default)
03-04 16:42:54.809 I/ivpg-hwc(24135): Option Default         intel.hwc.extfullsuspend(21) = 1        (HWC default)
03-04 16:42:54.809 I/ivpg-hwc(24135): Option Default          intel.hwc.cloneoptimize(23) = 1        (HWC default)
03-04 16:42:54.809 I/ivpg-hwc(24135): Option Default        intel.hwc.clonefavourqual(24) = 1        (HWC default)
03-04 16:42:54.809 I/ivpg-hwc(24135): Option Default         intel.hwc.clonetolerance(25) = 0        (HWC default)
03-04 16:42:54.809 I/ivpg-hwc(24135): Option Default          intel.hwc.syncframework(28) = 1        (HWC default)
03-04 16:42:54.809 I/ivpg-hwc(24135): Option Default             intel.hwc.modechange(32) = 1        (HWC default)
03-04 16:42:54.809 I/ivpg-hwc(24135): Option Default          intel.hwc.dynamicformat(33) = 1        (HWC default)
03-04 16:42:54.809 I/ivpg-hwc(24135): Option Default            intel.hwc.maindisable(34) = 1        (HWC default)
03-04 16:42:54.809 I/ivpg-hwc(24135): Option Default          intel.hwc.protectedcomp(41) = 1        (HWC default)
03-04 16:42:54.809 I/ivpg-hwc(24135): Option Default              intel.hwc.smartcomp(42) = 1        (HWC default)
03-04 16:42:54.809 I/ivpg-hwc(24135): Option Default            intel.hwc.widivppcomp(43) = 1        (HWC default)
03-04 16:42:54.809 I/ivpg-hwc(24135): Option Default          intel.hwc.globalscaling(48) = 9        (HWC default)
03-04 16:42:54.809 I/ivpg-hwc(24135): Option Default       intel.hwc.globalscalingmin(49) = 66       (HWC default)
03-04 16:42:54.809 I/ivpg-hwc(24135): Option Default       intel.hwc.globalscalingmax(50) = 150      (HWC default)
03-04 16:42:54.809 I/ivpg-hwc(24135): Option Default                 intel.hwc.pavpon(51) = 0        (HWC default)
03-04 16:42:54.809 I/ivpg-hwc(24135): Option Default          intel.hwc.pavpsessionid(52) = 0        (HWC default)
03-04 16:42:54.809 I/ivpg-hwc(24135): Option Default           intel.hwc.pavpinstance(53) = 0        (HWC default)
03-04 16:42:54.809 I/ivpg-hwc(24135): Option Default          intel.hwc.pavpcoreready(54) = 0        (HWC default)
03-04 16:42:54.809 I/ivpg-hwc(24135): Option Default       intel.hwc.pavpcoreinstance(55) = 0        (HWC default)
03-04 16:42:54.809 I/ivpg-hwc(24135): Option Default            intel.hwc.idletimeout(64) = 600      (HWC default)
03-04 16:42:54.809 I/ivpg-hwc(24135): Option Default             intel.hwc.idletimein(65) = 400      (HWC default)
03-04 16:42:54.809 I/ivpg-hwc(24135): Option Forced          intel.hwc.idleoverlayopt(66) = 0        (property:intel.hwc.idleoverlayopt)
03-04 16:42:54.809 I/ivpg-hwc(24135): Option Default        intel.hwc.debugdumplayers(80) = 0        (HWC default)
03-04 16:42:54.809 I/ServiceManager(24135): Waiting for service display.intel.mds.shim...
03-04 16:42:54.819 D/gpsd    (24430): main()
03-04 16:42:54.819 D/gpsd    (24430): argv[0] = '/system/bin/glgps'
03-04 16:42:54.819 D/gpsd    (24430): argv[1] = '-c'
03-04 16:42:54.819 D/gpsd    (24430): argv[2] = '/system/etc/gpsconfig.xml'
03-04 16:42:54.839 D/dalvikvm(24138): GC_EXPLICIT freed 88K, 6% free 1707K/1800K, paused 0ms+1ms, total 4ms
03-04 16:42:54.849 D/dalvikvm(24138): GC_EXPLICIT freed 37K, 5% free 1726K/1800K, paused 1ms+0ms, total 4ms
03-04 16:42:54.869 D/dalvikvm(24138): GC_EXPLICIT freed 32K, 3% free 1753K/1800K, paused 0ms+0ms, total 4ms
03-04 16:42:54.879 D/dalvikvm(24138): GC_EXPLICIT freed 21K, 2% free 1820K/1848K, paused 1ms+0ms, total 5ms
03-04 16:42:54.899 D/dalvikvm(24138): GC_EXPLICIT freed 24K, 2% free 1852K/1884K, paused 0ms+0ms, total 4ms
03-04 16:42:54.919 D/dalvikvm(24138): GC_EXPLICIT freed 29K, 2% free 1880K/1916K, paused 0ms+0ms, total 5ms
03-04 16:42:54.969 D/dalvikvm(24138): GC_EXPLICIT freed 501K, 19% free 2278K/2784K, paused 1ms+0ms, total 7ms
03-04 16:42:54.989 D/dalvikvm(24138): GC_EXPLICIT freed 36K, 18% free 2298K/2784K, paused 0ms+0ms, total 7ms
03-04 16:42:54.999 D/dalvikvm(24138): GC_EXPLICIT freed 26K, 17% free 2331K/2784K, paused 0ms+0ms, total 6ms
03-04 16:42:54.999 W/Zygote  (24138): Class not found for preloading: java.lang.UnsafeByteSequence
03-04 16:42:55.009 D/dalvikvm(24138): GC_EXPLICIT freed 36K, 16% free 2353K/2784K, paused 0ms+0ms, total 6ms
03-04 16:42:55.029 D/dalvikvm(24138): GC_EXPLICIT freed 42K, 15% free 2371K/2784K, paused 0ms+0ms, total 7ms
03-04 16:42:55.039 D/dalvikvm(24138): GC_EXPLICIT freed 43K, 15% free 2385K/2784K, paused 0ms+0ms, total 6ms
03-04 16:42:55.099 I/System  (24138): Loaded time zone names for "" in 48ms (46ms in ICU)
03-04 16:42:55.119 I/System  (24138): Loaded time zone names for "en_US" in 28ms (25ms in ICU)
03-04 16:42:55.159 I/System  (24138): Loaded time zone names for "zh_CN" in 30ms (27ms in ICU)
03-04 16:42:55.159 D/dalvikvm(24138): GC_EXPLICIT freed 285K, 11% free 2616K/2920K, paused 1ms+0ms, total 8ms
03-04 16:42:55.169 D/dalvikvm(24138): GC_EXPLICIT freed 15K, 9% free 2680K/2920K, paused 1ms+1ms, total 8ms
03-04 16:42:55.199 D/dalvikvm(24138): GC_EXPLICIT freed 31K, 8% free 2707K/2920K, paused 0ms+0ms, total 8ms
03-04 16:42:55.219 D/dalvikvm(24138): GC_EXPLICIT freed 35K, 7% free 2728K/2920K, paused 0ms+0ms, total 8ms
03-04 16:42:55.229 D/dalvikvm(24138): GC_EXPLICIT freed 33K, 6% free 2750K/2920K, paused 0ms+0ms, total 7ms
03-04 16:42:55.239 D/dalvikvm(24138): GC_EXPLICIT freed 30K, 5% free 2777K/2920K, paused 1ms+0ms, total 8ms
03-04 16:42:55.239 I/Zygote  (24138): ...preloaded 2777 classes in 1705ms.
03-04 16:42:55.409 D/dalvikvm(24138): GC_EXPLICIT freed 18K, 5% free 2779K/2920K, paused 0ms+1ms, total 8ms
03-04 16:42:55.409 I/Zygote  (24138): Preloading resources...
03-04 16:42:55.429 D/dalvikvm(24138): GC_EXPLICIT freed 2K, 3% free 2835K/2920K, paused 1ms+1ms, total 8ms
03-04 16:42:55.449 D/dalvikvm(24138): GC_EXPLICIT freed 2K, 3% free 2889K/2960K, paused 0ms+0ms, total 7ms
03-04 16:42:55.459 D/dalvikvm(24138): GC_EXPLICIT freed 3K, 3% free 2943K/3008K, paused 0ms+1ms, total 8ms
03-04 16:42:55.469 D/dalvikvm(24138): GC_EXPLICIT freed 4K, 2% free 2998K/3048K, paused 0ms+0ms, total 7ms
03-04 16:42:55.489 D/dalvikvm(24138): GC_EXPLICIT freed 4K, 2% free 3045K/3096K, paused 0ms+1ms, total 8ms
03-04 16:42:55.499 D/dalvikvm(24138): GC_EXPLICIT freed 2K, 2% free 3099K/3144K, paused 0ms+1ms, total 8ms
03-04 16:42:55.509 D/dalvikvm(24138): GC_EXPLICIT freed 2K, 2% free 3148K/3192K, paused 1ms+0ms, total 8ms
03-04 16:42:55.529 D/dalvikvm(24138): GC_EXPLICIT freed 3K, 1% free 3199K/3232K, paused 0ms+1ms, total 8ms
03-04 16:42:55.539 D/dalvikvm(24138): GC_EXPLICIT freed 5K, 1% free 3255K/3280K, paused 0ms+0ms, total 8ms
03-04 16:42:55.549 D/dalvikvm(24138): GC_EXPLICIT freed 3K, 1% free 3305K/3328K, paused 1ms+0ms, total 8ms
03-04 16:42:55.569 D/dalvikvm(24138): GC_EXPLICIT freed 3K, 1% free 3355K/3376K, paused 0ms+1ms, total 8ms
03-04 16:42:55.579 D/dalvikvm(24138): GC_EXPLICIT freed 3K, 1% free 3407K/3432K, paused 1ms+0ms, total 9ms
03-04 16:42:55.589 D/dalvikvm(24138): GC_EXPLICIT freed 3K, 1% free 3460K/3484K, paused 0ms+1ms, total 8ms
03-04 16:42:55.609 D/dalvikvm(24138): GC_EXPLICIT freed 6K, 1% free 3562K/3588K, paused 0ms+1ms, total 8ms
03-04 16:42:55.619 D/dalvikvm(24138): GC_EXPLICIT freed 5K, 1% free 3629K/3652K, paused 1ms+1ms, total 9ms
03-04 16:42:55.639 D/dalvikvm(24138): GC_EXPLICIT freed 3K, 1% free 3676K/3700K, paused 1ms+0ms, total 9ms
03-04 16:42:55.659 D/dalvikvm(24138): GC_EXPLICIT freed 5K, 1% free 3724K/3744K, paused 1ms+1ms, total 9ms
03-04 16:42:55.669 D/dalvikvm(24138): GC_EXPLICIT freed 5K, 1% free 3776K/3800K, paused 1ms+1ms, total 9ms
03-04 16:42:55.679 D/dalvikvm(24138): GC_EXPLICIT freed 2K, 1% free 3834K/3864K, paused 0ms+0ms, total 8ms
03-04 16:42:55.709 D/dalvikvm(24138): GC_EXPLICIT freed 1K, 1% free 4370K/4400K, paused 1ms+1ms, total 9ms
03-04 16:42:55.719 D/dalvikvm(24138): GC_EXPLICIT freed 2K, 1% free 4447K/4480K, paused 0ms+1ms, total 8ms
03-04 16:42:55.729 D/dalvikvm(24138): GC_EXPLICIT freed 2K, 1% free 4495K/4520K, paused 1ms+1ms, total 9ms
03-04 16:42:55.749 D/dalvikvm(24138): GC_EXPLICIT freed 3K, 1% free 5037K/5064K, paused 0ms+1ms, total 8ms
03-04 16:42:55.759 D/dalvikvm(24138): GC_EXPLICIT freed 9K, 1% free 5110K/5136K, paused 0ms+1ms, total 8ms
03-04 16:42:55.779 D/dalvikvm(24138): GC_EXPLICIT freed 14K, 1% free 5148K/5176K, paused 0ms+0ms, total 9ms
03-04 16:42:55.789 D/dalvikvm(24138): GC_EXPLICIT freed 8K, 1% free 5198K/5224K, paused 0ms+1ms, total 9ms
03-04 16:42:55.809 D/dalvikvm(24138): GC_EXPLICIT freed 4K, 1% free 5243K/5264K, paused 1ms+1ms, total 9ms
03-04 16:42:55.809 I/ServiceManager(24135): Waiting for service display.intel.mds.shim...
03-04 16:42:55.819 D/dalvikvm(24138): GC_EXPLICIT freed 5K, 1% free 5302K/5324K, paused 1ms+1ms, total 9ms
03-04 16:42:55.839 D/dalvikvm(24138): GC_EXPLICIT freed 3K, 1% free 5354K/5380K, paused 0ms+0ms, total 8ms
03-04 16:42:55.849 D/dalvikvm(24138): GC_EXPLICIT freed 1K, 1% free 5408K/5436K, paused 1ms+0ms, total 9ms
03-04 16:42:55.859 D/dalvikvm(24138): GC_EXPLICIT freed 7K, 1% free 5451K/5476K, paused 1ms+1ms, total 9ms
03-04 16:42:55.869 D/dalvikvm(24138): GC_EXPLICIT freed 2K, 1% free 5502K/5524K, paused 0ms+1ms, total 9ms
03-04 16:42:55.889 D/dalvikvm(24138): GC_EXPLICIT freed 4K, 1% free 5573K/5592K, paused 0ms+1ms, total 9ms
03-04 16:42:55.899 D/dalvikvm(24138): GC_EXPLICIT freed 4K, 1% free 5649K/5672K, paused 1ms+0ms, total 10ms
03-04 16:42:55.909 D/dalvikvm(24138): GC_EXPLICIT freed 2K, 1% free 5727K/5752K, paused 0ms+1ms, total 9ms
03-04 16:42:55.929 D/dalvikvm(24138): GC_EXPLICIT freed 7K, 1% free 5788K/5816K, paused 0ms+1ms, total 9ms
03-04 16:42:55.929 I/Zygote  (24138): ...preloaded 274 resources in 523ms.
03-04 16:42:55.949 I/Zygote  (24138): ...preloaded 31 resources in 15ms.
03-04 16:42:55.949 D/libEGL  (24138): loaded /system/lib/egl/libGLES_intel7.so
03-04 16:42:55.959 D/dalvikvm(24138): GC_EXPLICIT freed 18K, 1% free 5800K/5832K, paused 0ms+1ms, total 9ms
03-04 16:42:55.969 D/dalvikvm(24138): GC_EXPLICIT freed 11K, 1% free 5788K/5832K, paused 0ms+1ms, total 9ms
03-04 16:42:55.979 D/dalvikvm(24138): GC_EXPLICIT freed <1K, 1% free 5788K/5832K, paused 1ms+1ms, total 10ms
03-04 16:42:55.989 I/dalvikvm(24138): System server process 24434 has been created
03-04 16:42:55.989 I/Zygote  (24138): Accepting command socket connections
03-04 16:42:55.989 D/dalvikvm(24434): Process 24434 nice name: (null)
03-04 16:42:55.989 D/dalvikvm(24434): Extra Options: not specified
03-04 16:42:56.039 E/VibratorService(24434): Couldn't load vibrator module (No such file or directory)
03-04 16:42:56.049 D/SensorService(24434): nuSensorService starting...
03-04 16:42:56.049 I/Sensors (24434): [Sensors]sensor_get_class_path 
03-04 16:42:56.049 I/Sensors (24434): [Sensors]buf:/sys/class/input/input0/name 
03-04 16:42:56.049 I/Sensors (24434): [Sensors]buf:/sys/class/input/input1/name 
03-04 16:42:56.049 I/Sensors (24434): [Sensors]buf:/sys/class/input/input2/name 
03-04 16:42:56.049 I/Sensors (24434): [Sensors]buf:/sys/class/input/input3/name 
03-04 16:42:56.049 I/Sensors (24434): [Sensors]buf:/sys/class/input/input4/name 
03-04 16:42:56.049 I/Sensors (24434): [Sensors]buf:/sys/class/input/input5/name 
03-04 16:42:56.049 I/Sensors (24434): [Sensors]buf:/sys/class/input/input6/name 
03-04 16:42:56.049 I/Sensors (24434): [Sensors]buf:/sys/class/input/input7/name 
03-04 16:42:56.049 I/Sensors (24434): [Sensors]buf:/sys/class/input/input8/name 
03-04 16:42:56.049 I/Sensors (24434): [Sensors]buf:/sys/class/input/input9/name 
03-04 16:42:56.049 I/Sensors (24434): [Sensors]class_path:/sys/class/input/input0/name 
03-04 16:42:56.049 I/Sensors (24434): [Sensors]class_path:/sys/class/input/input1/name 
03-04 16:42:56.049 I/Sensors (24434): [Sensors]class_path:/sys/class/input/input2/name 
03-04 16:42:56.049 I/Sensors (24434): [Sensors]class_path:/sys/class/input/input3/name 
03-04 16:42:56.049 I/Sensors (24434): [Sensors]class_path:/sys/class/input/input4/name 
03-04 16:42:56.049 I/Sensors (24434): [Sensors]class_path:/sys/class/input/input5/name 
03-04 16:42:56.049 I/Sensors (24434): [Sensors]class_path:/sys/class/input/input6/name 
03-04 16:42:56.049 I/Sensors (24434): [Sensors]class_path:/sys/class/input/input7/name 
03-04 16:42:56.049 I/Sensors (24434): [Sensors]class_path:/sys/class/input/input8/name 
03-04 16:42:56.049 I/Sensors (24434): [Sensors]class_path:/sys/class/input/input9/name 
03-04 16:42:56.049 I/Sensors (24434): [Sensors]class_path:/sys/class/input/input0/name 
03-04 16:42:56.049 I/Sensors (24434): [Sensors]class_path:/sys/class/input/input1/name 
03-04 16:42:56.049 I/Sensors (24434): [Sensors]class_path:/sys/class/input/input2/name 
03-04 16:42:56.049 I/SystemServer(24434): Entered the Android system server!
03-04 16:42:56.819 I/ServiceManager(24135): Waiting for service display.intel.mds.shim...
03-04 16:42:56.959 D/Sensors (24434): kxtj2.cpp: open file /factory/Gsensor_Calibration.ini failed
03-04 16:42:56.959 I/Sensors (24434): [Sensors]new Kxtj2()! 
03-04 16:42:57.789 I/Sensors (24434): [Sensors]class_path:/sys/class/input/input0/name 
03-04 16:42:57.789 I/Sensors (24434): [Sensors]class_path:/sys/class/input/input1/name 
03-04 16:42:57.789 I/Sensors (24434): [Sensors]class_path:/sys/class/input/input2/name 
03-04 16:42:57.789 I/Sensors (24434): [Sensors]class_path:/sys/class/input/input3/name 
03-04 16:42:57.789 I/Sensors (24434): [Sensors]class_path:/sys/class/input/input4/name 
03-04 16:42:57.789 I/Sensors (24434): [Sensors]class_path:/sys/class/input/input5/name 
03-04 16:42:57.789 I/Sensors (24434): [Sensors]class_path:/sys/class/input/input6/name 
03-04 16:42:57.789 I/Sensors (24434): [Sensors]class_path:/sys/class/input/input7/name 
03-04 16:42:57.789 I/Sensors (24434): [Sensors]class_path:/sys/class/input/input8/name 
03-04 16:42:57.789 I/Sensors (24434): [Sensors]class_path:/sys/class/input/input9/name 
03-04 16:42:57.789 I/Sensors (24434): [Sensors]class_path:/sys/class/input/input0/name 
03-04 16:42:57.789 I/Sensors (24434): [Sensors]class_path:/sys/class/input/input1/name 
03-04 16:42:57.789 I/Sensors (24434): [Sensors]class_path:/sys/class/input/input2/name 
03-04 16:42:57.789 D/Sensors (24434): AkmSensor::setEnable handle=1, enabled=0
03-04 16:42:57.789 D/Sensors (24434): AkmSensor::setEnable handle=2, enabled=0
03-04 16:42:57.789 D/Sensors (24434): kxtj2.cpp: set enable, handle is 2
03-04 16:42:57.789 D/Sensors (24434): kxtj2.cpp: enable set 0
03-04 16:42:57.789 D/Sensors (24434): kxtj2.cpp: mEnabled = 0
03-04 16:42:57.789 D/Sensors (24434): AkmSensor::setEnable handle=3, enabled=0
03-04 16:42:57.789 D/Sensors (24434): kxtj2.cpp: set enable, handle is 3
03-04 16:42:57.789 D/Sensors (24434): kxtj2.cpp: enable set 0
03-04 16:42:57.789 D/Sensors (24434): kxtj2.cpp: mEnabled = 0
03-04 16:42:57.789 D/Sensors (24434): kxtj2.cpp: set enable, handle is 0
03-04 16:42:57.789 D/Sensors (24434): kxtj2.cpp: enable set 0
03-04 16:42:57.789 D/Sensors (24434): kxtj2.cpp: mEnabled = 0
03-04 16:42:57.789 I/Sensors (24434): [Sensors]class_path:/sys/class/input/input0/name 
03-04 16:42:57.789 I/Sensors (24434): [Sensors]class_path:/sys/class/input/input1/name 
03-04 16:42:57.789 I/Sensors (24434): [Sensors]class_path:/sys/class/input/input2/name 
03-04 16:42:57.789 I/Sensors (24434): [Sensors]class_path:/sys/class/input/input3/name 
03-04 16:42:57.789 I/Sensors (24434): [Sensors]class_path:/sys/class/input/input4/name 
03-04 16:42:57.789 I/Sensors (24434): [Sensors]class_path:/sys/class/input/input5/name 
03-04 16:42:57.789 I/Sensors (24434): [Sensors]class_path:/sys/class/input/input6/name 
03-04 16:42:57.789 I/Sensors (24434): [Sensors]class_path:/sys/class/input/input7/name 
03-04 16:42:57.789 I/Sensors (24434): [Sensors]class_path:/sys/class/input/input8/name 
03-04 16:42:57.789 I/Sensors (24434): [Sensors]class_path:/sys/class/input/input9/name 
03-04 16:42:57.789 I/Sensors (24434): [Sensors]class_path:/sys/class/input/input0/name 
03-04 16:42:57.789 I/Sensors (24434): [Sensors]class_path:/sys/class/input/input1/name 
03-04 16:42:57.789 I/Sensors (24434): [Sensors]class_path:/sys/class/input/input2/name 
03-04 16:42:57.789 I/SensorService(24434): AK09911 3-axis Magnetic field sensor
03-04 16:42:57.789 I/SensorService(24434): AKM Orientation sensor
03-04 16:42:57.789 I/SensorService(24434): AKM Rotation vector sensor
03-04 16:42:57.789 I/SensorService(24434): KXTJ2 3-axis Accelerometer
03-04 16:42:57.789 I/Sensors (24434): [Sensors]class_path:/sys/class/input/input0/name 
03-04 16:42:57.789 I/Sensors (24434): [Sensors]class_path:/sys/class/input/input1/name 
03-04 16:42:57.789 I/Sensors (24434): [Sensors]class_path:/sys/class/input/input2/name 
03-04 16:42:57.789 I/Sensors (24434): [Sensors]class_path:/sys/class/input/input3/name 
03-04 16:42:57.789 I/Sensors (24434): [Sensors]class_path:/sys/class/input/input4/name 
03-04 16:42:57.789 I/Sensors (24434): [Sensors]class_path:/sys/class/input/input5/name 
03-04 16:42:57.789 I/Sensors (24434): [Sensors]class_path:/sys/class/input/input6/name 
03-04 16:42:57.789 I/Sensors (24434): [Sensors]class_path:/sys/class/input/input7/name 
03-04 16:42:57.789 I/Sensors (24434): [Sensors]class_path:/sys/class/input/input8/name 
03-04 16:42:57.789 I/Sensors (24434): [Sensors]class_path:/sys/class/input/input9/name 
03-04 16:42:57.789 I/Sensors (24434): [Sensors]class_path:/sys/class/input/input0/name 
03-04 16:42:57.789 I/Sensors (24434): [Sensors]class_path:/sys/class/input/input1/name 
03-04 16:42:57.789 I/Sensors (24434): [Sensors]class_path:/sys/class/input/input2/name 
03-04 16:42:57.789 D/SensorService(24434): Max socket buffer size 1048576
03-04 16:42:57.789 D/SensorService(24434): nuSensorService thread starting...
03-04 16:42:57.819 I/ServiceManager(24135): Waiting for service display.intel.mds.shim...
03-04 16:42:57.849 I/SystemServer(24434): Waiting for installd to be ready.
03-04 16:42:57.849 I/installd(  172): new connection
03-04 16:42:57.849 W/Intel PowerHAL(24434): **Intel Power HAL initialisation**
03-04 16:42:57.849 I/Installer(24434): connecting...
03-04 16:42:57.849 I/SystemServer(24434): Power Manager
03-04 16:42:57.849 I/SystemServer(24434): Activity Manager
03-04 16:42:57.909 I/Kint    (24434): memory 1G mTotalMemMb value:876
03-04 16:42:57.909 I/ActivityManager(24434): Memory class: 96
03-04 16:42:57.989 I/IntentFirewall(24434): Read new rules (A:0 B:0 S:0)
03-04 16:42:58.009 I/SystemServer(24434): Display Manager
03-04 16:42:58.009 I/ServiceManager(24434): Waiting for service SurfaceFlinger...
03-04 16:42:58.009 I/SystemServer(24434): Telephony Registry
03-04 16:42:58.009 I/SystemServer(24434): Scheduling Policy
03-04 16:42:58.559 D/EVENT_THREAD(24369): void CEventThread::run() POLLIN event on Fd (1)
03-04 16:42:58.559 D/EVENT_THREAD(24369): void CEventThread::run() Do poll with timeout: -1
03-04 16:42:58.819 I/ServiceManager(24135): Waiting for service display.intel.mds.shim...
03-04 16:42:59.009 I/ServiceManager(24434): Waiting for service SurfaceFlinger...
03-04 16:42:59.819 I/ivpg-hwc(24135): bool intel::ufo::hwc::MultiDisplayImpl::initMDSClient(): Connected to MDS
03-04 16:42:59.819 W/MultiDisplay(24135): Please check HDMI cable is connected or not
03-04 16:42:59.819 I/ivpg-hwc(24135): composer device opened by VPG HWComposer/Intel Corporation
03-04 16:42:59.819 I/SurfaceFlinger(24135): Using composer version 1.3
03-04 16:42:59.819 I/ivpg-hwc(24135): Created Drm Display for connector 0 [0xb82c9bd0]
03-04 16:42:59.819 D/ivpg-hwc(24135): Drm property scaling_src_size not found
03-04 16:42:59.819 W/ivpg-hwc(24135): Panel fitter source size property not available
03-04 16:42:59.819 D/ivpg-hwc(24135): Setting video mode for Crtc 3, Display (dead), now 800x1280@60Hz
03-04 16:42:59.819 D/skuwa   (24135): Detected device 0F31:13 family 15:9
03-04 16:43:00.009 I/ServiceManager(24434): Waiting for service SurfaceFlinger...
03-04 16:43:00.179 I/ivpg-hwc(24135): Get Display Config: Display 0... ret:0, numConfigs:1
03-04 16:43:00.179 I/ufoGralloc(24135): display width:1920 height:1080 xdpi:188148 ydpi:189023
03-04 16:43:00.179 I/ivpg-hwc(24135): Get Display Config: Display 1 does not exist
03-04 16:43:00.179 W/SurfaceFlinger(24135): no suitable EGLConfig found, trying a simpler query
03-04 16:43:00.179 I/SurfaceFlinger(24135): EGL informations:
03-04 16:43:00.179 I/SurfaceFlinger(24135): vendor    : Android
03-04 16:43:00.179 I/SurfaceFlinger(24135): version   : 1.4 Android META-EGL
03-04 16:43:00.179 I/SurfaceFlinger(24135): extensions: EGL_KHR_get_all_proc_addresses EGL_ANDROID_presentation_time EGL_KHR_image EGL_KHR_image_base EGL_KHR_image_pixmap EGL_KHR_lock_surface EGL_KHR_gl_texture_2D_image EGL_KHR_gl_texture_cubemap_image EGL_KHR_gl_renderbuffer_image EGL_KHR_reusable_sync EGL_KHR_fence_sync EGL_KHR_create_context EGL_EXT_create_context_robustness EGL_ANDROID_image_native_buffer EGL_KHR_wait_sync EGL_ANDROID_recordable 
03-04 16:43:00.179 I/SurfaceFlinger(24135): Client API: OpenGL_ES
03-04 16:43:00.179 I/SurfaceFlinger(24135): EGLSurface: 8-8-8-8, config=0xb81a2780
03-04 16:43:00.179 D/        (24135): droid_create_context : config id = 1 conf->NativeVisualID=1
03-04 16:43:00.179 D/        (24135): Pixel Format : GGL_PIXEL_FORMAT_RGBA_8888
03-04 16:43:00.179 I/        (24135): Requested context : GLES 2.0
03-04 16:43:00.179 D/        (24135): Pixel Format : GGL_PIXEL_FORMAT_RGBA_8888
03-04 16:43:00.179 I/SurfaceFlinger(24135): OpenGL ES informations:
03-04 16:43:00.179 I/SurfaceFlinger(24135): vendor    : Intel
03-04 16:43:00.179 I/SurfaceFlinger(24135): renderer  : Intel(R) HD Graphics for BayTrail
03-04 16:43:00.179 I/SurfaceFlinger(24135): version   : OpenGL ES 2.0 - Build cl245001-15.33-21392
03-04 16:43:00.179 I/SurfaceFlinger(24135): extensions: GL_EXT_blend_minmax GL_EXT_multi_draw_arrays GL_SUN_multi_draw_arrays GL_EXT_texture_filter_anisotropic GL_EXT_texture_compression_s3tc GL_EXT_texture_lod_bias GL_EXT_color_buffer_float GL_EXT_packed_float GL_EXT_texture_rg GL_INTEL_performance_queries GL_EXT_texture_storage GL_OES_EGL_image GL_OES_framebuffer_object GL_OES_depth24 GL_OES_stencil8 GL_OES_packed_depth_stencil GL_OES_rgb8_rgba8 GL_ARM_rgba8 GL_OES_depth_texture GL_EXT_color_buffer_half_float GL_OES_vertex_half_float GL_EXT_shadow_samplers GL_OES_point_sprite GL_OES_blend_subtract GL_OES_blend_func_separate GL_OES_blend_equation_separate GL_OES_standard_derivatives GL_OES_read_format GL_OES_mapbuffer GL_EXT_discard_framebuffer GL_EXT_texture_format_BGRA8888 GL_OES_compressed_paletted_texture GL_OES_EGL_image_external GL_OES_compressed_ETC1_RGB8_texture GL_OES_fixed_point GL_OES_vertex_array_object GL_OES_get_program_binary GL_OES_texture_3D GL_OES_texture_cube_map GL_OES_fbo_render_mipmap GL_OES_texture_float GL_OES_texture_float_li
03-04 16:43:00.179 I/SurfaceFlinger(24135): GL_MAX_TEXTURE_SIZE = 4096
03-04 16:43:00.179 I/SurfaceFlinger(24135): GL_MAX_VIEWPORT_DIMS = 16384
03-04 16:43:00.179 D/        (24135): Pixel Format : GGL_PIXEL_FORMAT_RGBA_8888
03-04 16:43:00.189 D/SurfaceFlinger(24135): Screen acquired, type=0 flinger=0xb818fe60
03-04 16:43:00.219 D/BootAnimation(24464): [BootAnimation] readyToRun() density=1.331250, xdpi=188.147995, ydpi=189.022995
03-04 16:43:00.229 D/libEGL  (24464): loaded /system/lib/egl/libGLES_intel7.so
03-04 16:43:00.229 I/ufoGralloc(24464): Hello, this is UFO GRALLOC/Intel Corporation
03-04 16:43:00.239 D/        (24464): Pixel Format : GGL_PIXEL_FORMAT_RGBA_8888
03-04 16:43:00.239 D/        (24464): droid_create_context : config id = 1 conf->NativeVisualID=1
03-04 16:43:00.239 D/        (24464): Pixel Format : GGL_PIXEL_FORMAT_RGBA_8888
03-04 16:43:00.239 I/        (24464): Requested context : GLES 1.1.
03-04 16:43:00.249 D/SelectAnimation(24464): SelectAnimation::InitQualifier(): this device is K011-tvdpi-sw600-portrait
03-04 16:43:00.249 D/BootAnimation(24464): check folder /data/media/0/.BootAnimation.
03-04 16:43:00.249 D/BootAnimation(24464): check folder /ADF/boot
03-04 16:43:00.249 D/BootAnimation(24464): check folder /system/media
03-04 16:43:00.249 D/SelectAnimation(24464): bootanimation.zip score=0
03-04 16:43:00.249 D/SelectAnimation(24464): bootanimation_forreset.zip score=-16
03-04 16:43:00.249 D/BootAnimation(24464): BootAnimation::getAnimation(): found /system/media/bootanimation.zip
03-04 16:43:01.009 I/DisplayManagerService(24434): Display device added: DisplayDeviceInfo{"": 800 x 1280, 60.000004 fps, density 213, 188.148 x 189.023 dpi, touch INTERNAL, rotation 0, type BUILT_IN, FLAG_DEFAULT_DISPLAY, FLAG_ROTATES_WITH_CONTENT, FLAG_SECURE, FLAG_SUPPORTS_PROTECTED_BUFFERS}
03-04 16:43:01.089 I/SystemServer(24434): Package Manager
03-04 16:43:01.159 W/PackageManager(24434): open directory /sys/bus/i2c/devices/4-0036
03-04 16:43:01.159 W/PackageManager(24434): The board camera is ar0543 + hm2056.
03-04 16:43:01.179 D/dalvikvm(24434): GC_CONCURRENT freed 931K, 13% free 6854K/7804K, paused 0ms+1ms, total 3ms
03-04 16:43:01.199 D/SELinuxMMAC(24434): Couldn't find install policy /data/security/mac_permissions.xml
03-04 16:43:01.199 D/SELinuxMMAC(24434): Using install policy file /system/etc/security/mac_permissions.xml
03-04 16:43:01.299 D/EVENT_THREAD(24369): void CEventThread::run() POLLIN event on Fd (1)
03-04 16:43:01.299 D/EVENT_THREAD(24369): void CEventThread::run() Do poll with timeout: -1
03-04 16:43:01.299 I/upi_ug31xx(  165): (2159) update_capacity
03-04 16:43:01.299 I/[UPI]   (  165): <UG31/E>[UpiReadCapacity]: V=4016(4020), T=314(310-355), I=-34, C=-1(-1-0)
03-04 16:43:01.299 I/[UPI]   (  165): <UG31/E>[UpiReadCapacity]: (0x0000254a) 2916 (2960) / 3602 (4025) = 81
03-04 16:43:01.299 I/[UPI]   (  165): <UG31/E>[UpiReadCapacity]: (0x0000254a) 2916 (2960) / 3602 (4025) = 81
03-04 16:43:01.299 I/[UPI]   (  165): <UG31/E>[UpiReadCapacity]: (0x0000254a) 2915 (2915) / 3602 (4025) = 81
03-04 16:43:01.299 I/[UPI]   (  165): <UG31/E>[RsocFilterCountTime]: (0x0000254a) Step=6(363950), Full=6(363950), Lock=363950(8360470)
03-04 16:43:01.299 I/[UPI]   (  165): <UG31/E>[UpiReadCapacity]: (0x0000254a) 2915 (2915) / 3602 (4025) = 81 (-34--34)
03-04 16:43:01.299 I/[UPI]   (  165): <UG31/E><BATT> M:normal, P:81(81-81)%, V:4021mV, C:-138mA, T:31.0C(355), S:0x0000254a(000), R:2915mAh, F:3602mAh, Q:626mAh, CC:4, P:30.230(982-0)s, BO:7, 97:615:0-44af-9m:B001-20140514-144301 (16)
03-04 16:43:01.299 I/upi_ug31xx(  165): (2160) backup_data 
03-04 16:43:01.299 V/upi_ug31xx(  165): state->check_backup_count = 10
03-04 16:43:01.299 D/EVENT_THREAD(24369): void CEventThread::run() POLLIN event on Fd (1)
03-04 16:43:01.299 D/EVENT_THREAD(24369): void CEventThread::run() Do poll with timeout: -1
03-04 16:43:01.399 D/PackageSettings(24434): com.asus.ephotoburst
03-04 16:43:01.449 D/PackageSettings(24434): com.asus.ephoto
03-04 16:43:01.499 D/PackageSettings(24434): com.asus.calendar
03-04 16:43:01.519 D/PackageSettings(24434): com.asus.camera
03-04 16:43:01.519 W/PackageParser(24434): <manifest> has more than one <application>
03-04 16:43:01.569 D/PackageSettings(24434): com.asus.contacts
03-04 16:43:01.739 D/PackageSettings(24434): com.asus.email
03-04 16:43:01.739 W/PackageParser(24434): No actions in intent filter at /system/priv-app/AsusEmail.apk Binary XML file line #594
03-04 16:43:01.769 D/PackageSettings(24434): com.asus.launcher
03-04 16:43:01.779 D/PackageSettings(24434): com.asus.livedemoservice
03-04 16:43:01.799 D/PackageSettings(24434): com.asus.music
03-04 16:43:01.849 E/PackageParser(24434): Activity com.android.settings.fuelgauge.PowerUsageDetailTop specified invalid parentActivityName Settings$powerstatistics.PowerHistory
03-04 16:43:01.849 W/PackageParser(24434): No actions in intent filter at /system/priv-app/AsusSettings.apk Binary XML file line #1882
03-04 16:43:01.869 D/PackageSettings(24434): com.asus.splendid
03-04 16:43:01.889 D/PackageSettings(24434): com.asus.task
03-04 16:43:01.899 D/PackageSettings(24434): com.asus.service.cloudstorage
03-04 16:43:01.899 D/PackageSettings(24434): com.android.providers.contacts
03-04 16:43:01.909 D/PackageSettings(24434): com.android.providers.downloads
03-04 16:43:01.919 W/PackageParser(24434): No actions in intent filter at /system/priv-app/FileManager2.apk Binary XML file line #90
03-04 16:43:01.919 W/PackageParser(24434): No actions in intent filter at /system/priv-app/FileManager2.apk Binary XML file line #105
03-04 16:43:01.919 D/PackageSettings(24434): com.asus.filemanager
03-04 16:43:01.919 W/PackageParser(24434): No actions in intent filter at /system/priv-app/FileManager2.apk Binary XML file line #120
03-04 16:43:01.949 D/PackageSettings(24434): com.android.providers.media
03-04 16:43:01.959 D/PackageSettings(24434): com.asus.wifip2p.networkgrouping
03-04 16:43:01.969 D/PackageSettings(24434): com.android.providers.settings
03-04 16:43:01.979 D/PackageSettings(24434): com.asus.soundrecorder
03-04 16:43:01.979 W/PackageParser(24434): Unknown element under <application>: intent-filter at /system/priv-app/SoundRecorder.apk Binary XML file line #100
03-04 16:43:02.039 D/PackageSettings(24434): com.asus.amd.fwupgradetool
03-04 16:43:02.049 D/PackageSettings(24434): com.asus.service.AccountAuthenticator
03-04 16:43:02.069 D/PackageSettings(24434): com.asus.browser
03-04 16:43:02.139 D/PackageSettings(24434): com.asus.lock
03-04 16:43:02.189 D/PackageSettings(24434): com.asus.as
03-04 16:43:02.199 D/PackageSettings(24434): com.asus.calculator
03-04 16:43:02.199 D/PackageSettings(24434): com.android.providers.calendar
03-04 16:43:02.209 D/PackageSettings(24434): com.asus.drawres
03-04 16:43:02.209 D/PackageSettings(24434): com.asus.inputdevices
03-04 16:43:02.209 D/PackageSettings(24434): com.asus.LauncherRes
03-04 16:43:02.219 D/PackageSettings(24434): com.asus.livedemo
03-04 16:43:02.229 D/PackageSettings(24434): com.asus.camera.mirror
03-04 16:43:02.229 D/PackageSettings(24434): com.asus.pen.provider
03-04 16:43:02.239 D/PackageSettings(24434): com.asus.setupwizard
03-04 16:43:02.259 D/PackageSettings(24434): com.asus.server.snm
03-04 16:43:02.259 D/PackageSettings(24434): com.asus.splendidcommandagent
03-04 16:43:02.279 D/PackageSettings(24434): com.asus.story
03-04 16:43:02.279 D/xmlCheckExt(24434): <neon>
03-04 16:43:02.279 D/xmlCheckExt(24434):  pkgName = air.eti.uzzu.unalis
03-04 16:43:02.279 D/xmlCheckExt(24434): <arch>
03-04 16:43:02.279 D/xmlCheckExt(24434):  pkgName = com.evy.guessword
03-04 16:43:02.279 D/xmlCheckExt(24434): <arch>
03-04 16:43:02.279 D/xmlCheckExt(24434):  pkgName = com.bpiotor.lot
03-04 16:43:02.279 D/xmlCheckExt(24434): <arch>
03-04 16:43:02.279 D/xmlCheckExt(24434):  pkgName = com.goodstudent.app
03-04 16:43:02.279 D/xmlCheckExt(24434): <arch>
03-04 16:43:02.279 D/xmlCheckExt(24434):  pkgName = com.flyfish.supermario
03-04 16:43:02.279 D/xmlCheckExt(24434): <arch>
03-04 16:43:02.279 D/xmlCheckExt(24434):  pkgName = excel.sgs
03-04 16:43:02.279 D/xmlCheckExt(24434): <arch>
03-04 16:43:02.279 D/xmlCheckExt(24434):  pkgName = com.gamevil.doz.global
03-04 16:43:02.279 D/xmlCheckExt(24434): <arch>
03-04 16:43:02.279 D/xmlCheckExt(24434):  pkgName = com.tblin.HandsetGuardant
03-04 16:43:02.279 D/xmlCheckExt(24434): <arch>
03-04 16:43:02.279 D/xmlCheckExt(24434):  pkgName = com.baoliei.lmotuolijhhe
03-04 16:43:02.279 D/xmlCheckExt(24434): <arch>
03-04 16:43:02.279 D/xmlCheckExt(24434):  pkgName = com.bpiotor.fingerprint
03-04 16:43:02.279 D/xmlCheckExt(24434): <arch>
03-04 16:43:02.279 D/xmlCheckExt(24434):  pkgName = com.philzhu.www.ddz
03-04 16:43:02.279 D/xmlCheckExt(24434): <arch>
03-04 16:43:02.279 D/xmlCheckExt(24434):  pkgName = hh.root
03-04 16:43:02.279 D/xmlCheckExt(24434): <arch>
03-04 16:43:02.279 D/xmlCheckExt(24434):  pkgName = com.rao.love.yy.zjhmuti
03-04 16:43:02.289 D/xmlCheckExt(24434): <arch>
03-04 16:43:02.289 D/xmlCheckExt(24434):  pkgName = com.rao.flyfish.huntfish
03-04 16:43:02.289 D/xmlCheckExt(24434): <arch>
03-04 16:43:02.289 D/xmlCheckExt(24434):  pkgName = com.yucai.escape.tow
03-04 16:43:02.289 D/xmlCheckExt(24434): <white>
03-04 16:43:02.289 D/xmlCheckExt(24434):  pkgName = com.eembc.coremark
03-04 16:43:02.289 D/xmlCheckExt(24434): <neon>
03-04 16:43:02.289 D/xmlCheckExt(24434):  pkgName = air.eti.uzzu.unalis
03-04 16:43:02.289 D/xmlCheckExt(24434): <arch>
03-04 16:43:02.289 D/xmlCheckExt(24434):  pkgName = com.evy.guessword
03-04 16:43:02.289 D/xmlCheckExt(24434): <arch>
03-04 16:43:02.289 D/xmlCheckExt(24434):  pkgName = com.bpiotor.lot
03-04 16:43:02.289 D/xmlCheckExt(24434): <arch>
03-04 16:43:02.289 D/xmlCheckExt(24434):  pkgName = com.goodstudent.app
03-04 16:43:02.289 D/xmlCheckExt(24434): <arch>
03-04 16:43:02.289 D/xmlCheckExt(24434):  pkgName = com.flyfish.supermario
03-04 16:43:02.289 D/xmlCheckExt(24434): <arch>
03-04 16:43:02.289 D/xmlCheckExt(24434):  pkgName = excel.sgs
03-04 16:43:02.289 D/xmlCheckExt(24434): <arch>
03-04 16:43:02.289 D/xmlCheckExt(24434):  pkgName = com.gamevil.doz.global
03-04 16:43:02.289 D/xmlCheckExt(24434): <arch>
03-04 16:43:02.289 D/xmlCheckExt(24434):  pkgName = com.tblin.HandsetGuardant
03-04 16:43:02.289 D/xmlCheckExt(24434): <arch>
03-04 16:43:02.289 D/xmlCheckExt(24434):  pkgName = com.baoliei.lmotuolijhhe
03-04 16:43:02.289 D/xmlCheckExt(24434): <arch>
03-04 16:43:02.289 D/xmlCheckExt(24434):  pkgName = com.bpiotor.fingerprint
03-04 16:43:02.289 D/xmlCheckExt(24434): <arch>
03-04 16:43:02.289 D/xmlCheckExt(24434):  pkgName = com.philzhu.www.ddz
03-04 16:43:02.289 D/xmlCheckExt(24434): <arch>
03-04 16:43:02.289 D/xmlCheckExt(24434):  pkgName = hh.root
03-04 16:43:02.289 D/xmlCheckExt(24434): <arch>
03-04 16:43:02.289 D/xmlCheckExt(24434):  pkgName = com.rao.love.yy.zjhmuti
03-04 16:43:02.289 D/xmlCheckExt(24434): <arch>
03-04 16:43:02.289 D/xmlCheckExt(24434):  pkgName = com.rao.flyfish.huntfish
03-04 16:43:02.289 D/xmlCheckExt(24434): <arch>
03-04 16:43:02.289 D/xmlCheckExt(24434):  pkgName = com.yucai.escape.tow
03-04 16:43:02.289 D/xmlCheckExt(24434): <white>
03-04 16:43:02.289 D/xmlCheckExt(24434):  pkgName = com.eembc.coremark
03-04 16:43:02.289 D/PackageSettings(24434): com.asus.maxxaudio
03-04 16:43:02.289 I/PackageManager(24434): Package installed with second ABI Library: 10037com.asus.story
03-04 16:43:02.289 I/PackageManager(24434): Data written:10037
03-04 16:43:02.289 I/PackageManager(24434): Data written into /data/data/.appwithABI2
03-04 16:43:02.289 I/PackageManager(24434): Data written into /data/.appwithImplicitABI
03-04 16:43:02.299 D/PackageSettings(24434): com.asus.maxxaudio.audiowizard
03-04 16:43:02.309 W/PackageParser(24434): No actions in intent filter at /system/app/Baidu.apk Binary XML file line #919
03-04 16:43:02.309 W/PackageParser(24434): No actions in intent filter at /system/app/Baidu.apk Binary XML file line #944
03-04 16:43:02.389 D/PackageSettings(24434): com.asus.baidusearch
03-04 16:43:02.399 D/PackageSettings(24434): com.asus.Battery
03-04 16:43:02.409 W/PackageParser(24434): No actions in intent filter at /system/app/Bluetooth.apk Binary XML file line #217
03-04 16:43:02.419 D/PackageSettings(24434): com.asus.cm
03-04 16:43:02.429 D/PackageSettings(24434): com.asus.contactswidget
03-04 16:43:02.439 D/PackageSettings(24434): com.asus.ctaprovider
03-04 16:43:02.439 D/PackageSettings(24434): com.asus.DLNA
03-04 16:43:02.449 D/PackageSettings(24434): com.asus.dm
03-04 16:43:02.479 D/PackageSettings(24434): com.asus.deskclock
03-04 16:43:02.519 D/PackageSettings(24434): com.android.providers.downloads.ui
03-04 16:43:02.579 D/PackageSettings(24434): com.asus.keyboard
03-04 16:43:02.589 D/dalvikvm(24434): GC_CONCURRENT freed 1842K, 18% free 9000K/10880K, paused 1ms+2ms, total 10ms
03-04 16:43:02.599 D/PackageSettings(24434): com.asus.lockscreen
03-04 16:43:02.629 D/PackageSettings(24434): com.asus.ia.asusapp
03-04 16:43:02.639 D/xmlCheckExt(24434): <neon>
03-04 16:43:02.639 D/xmlCheckExt(24434):  pkgName = air.eti.uzzu.unalis
03-04 16:43:02.639 D/xmlCheckExt(24434): <arch>
03-04 16:43:02.639 D/xmlCheckExt(24434):  pkgName = com.evy.guessword
03-04 16:43:02.639 D/xmlCheckExt(24434): <arch>
03-04 16:43:02.639 D/xmlCheckExt(24434):  pkgName = com.bpiotor.lot
03-04 16:43:02.639 D/xmlCheckExt(24434): <arch>
03-04 16:43:02.639 D/xmlCheckExt(24434):  pkgName = com.goodstudent.app
03-04 16:43:02.639 D/xmlCheckExt(24434): <arch>
03-04 16:43:02.639 D/xmlCheckExt(24434):  pkgName = com.flyfish.supermario
03-04 16:43:02.639 D/xmlCheckExt(24434): <arch>
03-04 16:43:02.639 D/xmlCheckExt(24434):  pkgName = excel.sgs
03-04 16:43:02.639 D/xmlCheckExt(24434): <arch>
03-04 16:43:02.639 D/xmlCheckExt(24434):  pkgName = com.gamevil.doz.global
03-04 16:43:02.639 D/xmlCheckExt(24434): <arch>
03-04 16:43:02.639 D/xmlCheckExt(24434):  pkgName = com.tblin.HandsetGuardant
03-04 16:43:02.639 D/xmlCheckExt(24434): <arch>
03-04 16:43:02.639 D/xmlCheckExt(24434):  pkgName = com.baoliei.lmotuolijhhe
03-04 16:43:02.639 D/xmlCheckExt(24434): <arch>
03-04 16:43:02.639 D/xmlCheckExt(24434):  pkgName = com.bpiotor.fingerprint
03-04 16:43:02.639 D/xmlCheckExt(24434): <arch>
03-04 16:43:02.639 D/xmlCheckExt(24434):  pkgName = com.philzhu.www.ddz
03-04 16:43:02.639 D/xmlCheckExt(24434): <arch>
03-04 16:43:02.639 D/xmlCheckExt(24434):  pkgName = hh.root
03-04 16:43:02.639 D/xmlCheckExt(24434): <arch>
03-04 16:43:02.639 D/xmlCheckExt(24434):  pkgName = com.rao.love.yy.zjhmuti
03-04 16:43:02.639 D/xmlCheckExt(24434): <arch>
03-04 16:43:02.639 D/xmlCheckExt(24434):  pkgName = com.rao.flyfish.huntfish
03-04 16:43:02.639 D/xmlCheckExt(24434): <arch>
03-04 16:43:02.639 D/xmlCheckExt(24434):  pkgName = com.yucai.escape.tow
03-04 16:43:02.639 D/xmlCheckExt(24434): <white>
03-04 16:43:02.639 D/xmlCheckExt(24434):  pkgName = com.eembc.coremark
03-04 16:43:02.639 D/xmlCheckExt(24434): <neon>
03-04 16:43:02.639 D/xmlCheckExt(24434):  pkgName = air.eti.uzzu.unalis
03-04 16:43:02.639 D/xmlCheckExt(24434): <arch>
03-04 16:43:02.639 D/xmlCheckExt(24434):  pkgName = com.evy.guessword
03-04 16:43:02.639 D/xmlCheckExt(24434): <arch>
03-04 16:43:02.639 D/xmlCheckExt(24434):  pkgName = com.bpiotor.lot
03-04 16:43:02.639 D/xmlCheckExt(24434): <arch>
03-04 16:43:02.639 D/xmlCheckExt(24434):  pkgName = com.goodstudent.app
03-04 16:43:02.639 D/xmlCheckExt(24434): <arch>
03-04 16:43:02.639 D/xmlCheckExt(24434):  pkgName = com.flyfish.supermario
03-04 16:43:02.639 D/xmlCheckExt(24434): <arch>
03-04 16:43:02.639 D/xmlCheckExt(24434):  pkgName = excel.sgs
03-04 16:43:02.639 D/xmlCheckExt(24434): <arch>
03-04 16:43:02.639 D/xmlCheckExt(24434):  pkgName = com.gamevil.doz.global
03-04 16:43:02.639 D/xmlCheckExt(24434): <arch>
03-04 16:43:02.639 D/xmlCheckExt(24434):  pkgName = com.tblin.HandsetGuardant
03-04 16:43:02.639 D/xmlCheckExt(24434): <arch>
03-04 16:43:02.639 D/xmlCheckExt(24434):  pkgName = com.baoliei.lmotuolijhhe
03-04 16:43:02.639 D/xmlCheckExt(24434): <arch>
03-04 16:43:02.639 D/xmlCheckExt(24434):  pkgName = com.bpiotor.fingerprint
03-04 16:43:02.639 D/xmlCheckExt(24434): <arch>
03-04 16:43:02.639 D/xmlCheckExt(24434):  pkgName = com.philzhu.www.ddz
03-04 16:43:02.639 D/xmlCheckExt(24434): <arch>
03-04 16:43:02.639 D/xmlCheckExt(24434):  pkgName = hh.root
03-04 16:43:02.639 D/xmlCheckExt(24434): <arch>
03-04 16:43:02.639 D/xmlCheckExt(24434):  pkgName = com.rao.love.yy.zjhmuti
03-04 16:43:02.639 D/xmlCheckExt(24434): <arch>
03-04 16:43:02.639 D/xmlCheckExt(24434):  pkgName = com.rao.flyfish.huntfish
03-04 16:43:02.639 D/xmlCheckExt(24434): <arch>
03-04 16:43:02.639 D/xmlCheckExt(24434):  pkgName = com.yucai.escape.tow
03-04 16:43:02.639 D/xmlCheckExt(24434): <white>
03-04 16:43:02.639 D/xmlCheckExt(24434):  pkgName = com.eembc.coremark
03-04 16:43:02.639 I/PackageManager(24434): Package installed with second ABI Library: 10061com.asus.ia.asusapp
03-04 16:43:02.639 I/PackageManager(24434): Data written:10061
03-04 16:43:02.639 I/PackageManager(24434): Data written:10037
03-04 16:43:02.639 I/PackageManager(24434): Data written into /data/data/.appwithABI2
03-04 16:43:02.639 I/PackageManager(24434): Data written into /data/.appwithImplicitABI
03-04 16:43:02.649 D/PackageSettings(24434): com.asus.livewallpaper.myframe
03-04 16:43:02.649 D/PackageSettings(24434): com.asus.livewallpaper
03-04 16:43:02.679 W/PackageParser(24434): No actions in intent filter at /system/app/PhotoFrameWidget.apk Binary XML file line #90
03-04 16:43:02.679 D/PackageSettings(24434): com.asus.photoframe
03-04 16:43:02.679 W/PackageParser(24434): No actions in intent filter at /system/app/PhotoFrameWidget.apk Binary XML file line #105
03-04 16:43:02.689 D/PackageSettings(24434): com.asus.playto
03-04 16:43:02.709 D/PackageSettings(24434): com.asus.powerstatistics
03-04 16:43:02.719 D/PackageSettings(24434): com.asus.powersaver
03-04 16:43:02.729 D/PackageSettings(24434): com.asus.quickmemo
03-04 16:43:02.729 W/PackageParser(24434): No actions in intent filter at /system/app/QuickMemo.apk Binary XML file line #56
03-04 16:43:02.739 D/PackageSettings(24434): com.asus.quickmemoservice
03-04 16:43:02.739 D/PackageSettings(24434): com.asus.quicksearch
03-04 16:43:02.759 D/PackageSettings(24434): com.asus.atd.smmitest
03-04 16:43:02.769 D/PackageSettings(24434): com.asus.provider.socialnetwork
03-04 16:43:02.789 W/PackageParser(24434): No actions in intent filter at /system/app/SuperNote.apk Binary XML file line #57
03-04 16:43:02.799 D/PackageSettings(24434): com.asus.supernote
03-04 16:43:02.829 D/PackageSettings(24434): com.asus.taskwidget
03-04 16:43:02.839 D/PackageSettings(24434): com.android.providers.telephony
03-04 16:43:02.839 D/PackageSettings(24434): com.asus.services
03-04 16:43:02.849 D/PackageSettings(24434): com.asus.UpdateLauncher
03-04 16:43:02.849 D/PackageSettings(24434): com.android.providers.userdictionary
03-04 16:43:02.869 W/ResourceType(24434): Failure getting entry for 0x7f020000 (t=1 e=0) in package 0 (error -75)
03-04 16:43:02.879 W/PackageParser(24434): No actions in intent filter at /system/app/WeatherTime.apk Binary XML file line #36
03-04 16:43:02.879 W/PackageParser(24434): No actions in intent filter at /system/app/WeatherTime.apk Binary XML file line #39
03-04 16:43:02.879 W/PackageParser(24434): No actions in intent filter at /system/app/WeatherTime.apk Binary XML file line #47
03-04 16:43:02.879 W/PackageParser(24434): No actions in intent filter at /system/app/WeatherTime.apk Binary XML file line #50
03-04 16:43:02.879 W/PackageParser(24434): No actions in intent filter at /system/app/WeatherTime.apk Binary XML file line #62
03-04 16:43:02.879 W/PackageParser(24434): No actions in intent filter at /system/app/WeatherTime.apk Binary XML file line #69
03-04 16:43:02.879 W/PackageParser(24434): No actions in intent filter at /system/app/WeatherTime.apk Binary XML file line #93
03-04 16:43:02.879 W/PackageParser(24434): No actions in intent filter at /system/app/WeatherTime.apk Binary XML file line #134
03-04 16:43:02.879 W/PackageParser(24434): No actions in intent filter at /system/app/WeatherTime.apk Binary XML file line #137
03-04 16:43:02.879 D/PackageSettings(24434): com.asus.weathertime
03-04 16:43:02.879 W/PackageParser(24434): No actions in intent filter at /system/app/WeatherTime.apk Binary XML file line #157
03-04 16:43:02.899 D/PackageSettings(24434): com.asus.sitd.whatsnext
03-04 16:43:02.909 D/xmlCheckExt(24434): <neon>
03-04 16:43:02.909 D/xmlCheckExt(24434):  pkgName = air.eti.uzzu.unalis
03-04 16:43:02.909 D/xmlCheckExt(24434): <arch>
03-04 16:43:02.909 D/xmlCheckExt(24434):  pkgName = com.evy.guessword
03-04 16:43:02.909 D/xmlCheckExt(24434): <arch>
03-04 16:43:02.909 D/xmlCheckExt(24434):  pkgName = com.bpiotor.lot
03-04 16:43:02.909 D/xmlCheckExt(24434): <arch>
03-04 16:43:02.909 D/xmlCheckExt(24434):  pkgName = com.goodstudent.app
03-04 16:43:02.909 D/xmlCheckExt(24434): <arch>
03-04 16:43:02.909 D/xmlCheckExt(24434):  pkgName = com.flyfish.supermario
03-04 16:43:02.909 D/xmlCheckExt(24434): <arch>
03-04 16:43:02.909 D/xmlCheckExt(24434):  pkgName = excel.sgs
03-04 16:43:02.909 D/xmlCheckExt(24434): <arch>
03-04 16:43:02.909 D/xmlCheckExt(24434):  pkgName = com.gamevil.doz.global
03-04 16:43:02.909 D/xmlCheckExt(24434): <arch>
03-04 16:43:02.909 D/xmlCheckExt(24434):  pkgName = com.tblin.HandsetGuardant
03-04 16:43:02.909 D/xmlCheckExt(24434): <arch>
03-04 16:43:02.909 D/xmlCheckExt(24434):  pkgName = com.baoliei.lmotuolijhhe
03-04 16:43:02.909 D/xmlCheckExt(24434): <arch>
03-04 16:43:02.909 D/xmlCheckExt(24434):  pkgName = com.bpiotor.fingerprint
03-04 16:43:02.909 D/xmlCheckExt(24434): <arch>
03-04 16:43:02.909 D/xmlCheckExt(24434):  pkgName = com.philzhu.www.ddz
03-04 16:43:02.909 D/xmlCheckExt(24434): <arch>
03-04 16:43:02.909 D/xmlCheckExt(24434):  pkgName = hh.root
03-04 16:43:02.909 D/xmlCheckExt(24434): <arch>
03-04 16:43:02.909 D/xmlCheckExt(24434):  pkgName = com.rao.love.yy.zjhmuti
03-04 16:43:02.909 D/xmlCheckExt(24434): <arch>
03-04 16:43:02.909 D/xmlCheckExt(24434):  pkgName = com.rao.flyfish.huntfish
03-04 16:43:02.909 D/xmlCheckExt(24434): <arch>
03-04 16:43:02.909 D/xmlCheckExt(24434):  pkgName = com.yucai.escape.tow
03-04 16:43:02.909 D/xmlCheckExt(24434): <white>
03-04 16:43:02.909 D/xmlCheckExt(24434):  pkgName = com.eembc.coremark
03-04 16:43:02.909 D/xmlCheckExt(24434): <neon>
03-04 16:43:02.909 D/xmlCheckExt(24434):  pkgName = air.eti.uzzu.unalis
03-04 16:43:02.909 D/xmlCheckExt(24434): <arch>
03-04 16:43:02.909 D/xmlCheckExt(24434):  pkgName = com.evy.guessword
03-04 16:43:02.909 D/xmlCheckExt(24434): <arch>
03-04 16:43:02.909 D/xmlCheckExt(24434):  pkgName = com.bpiotor.lot
03-04 16:43:02.909 D/xmlCheckExt(24434): <arch>
03-04 16:43:02.909 D/xmlCheckExt(24434):  pkgName = com.goodstudent.app
03-04 16:43:02.909 D/xmlCheckExt(24434): <arch>
03-04 16:43:02.909 D/xmlCheckExt(24434):  pkgName = com.flyfish.supermario
03-04 16:43:02.909 D/xmlCheckExt(24434): <arch>
03-04 16:43:02.909 D/xmlCheckExt(24434):  pkgName = excel.sgs
03-04 16:43:02.909 D/xmlCheckExt(24434): <arch>
03-04 16:43:02.909 D/xmlCheckExt(24434):  pkgName = com.gamevil.doz.global
03-04 16:43:02.909 D/xmlCheckExt(24434): <arch>
03-04 16:43:02.909 D/xmlCheckExt(24434):  pkgName = com.tblin.HandsetGuardant
03-04 16:43:02.909 D/xmlCheckExt(24434): <arch>
03-04 16:43:02.909 D/xmlCheckExt(24434):  pkgName = com.baoliei.lmotuolijhhe
03-04 16:43:02.909 D/xmlCheckExt(24434): <arch>
03-04 16:43:02.909 D/xmlCheckExt(24434):  pkgName = com.bpiotor.fingerprint
03-04 16:43:02.909 D/xmlCheckExt(24434): <arch>
03-04 16:43:02.909 D/xmlCheckExt(24434):  pkgName = com.philzhu.www.ddz
03-04 16:43:02.909 D/xmlCheckExt(24434): <arch>
03-04 16:43:02.909 D/xmlCheckExt(24434):  pkgName = hh.root
03-04 16:43:02.909 D/xmlCheckExt(24434): <arch>
03-04 16:43:02.909 D/xmlCheckExt(24434):  pkgName = com.rao.love.yy.zjhmuti
03-04 16:43:02.909 D/xmlCheckExt(24434): <arch>
03-04 16:43:02.909 D/xmlCheckExt(24434):  pkgName = com.rao.flyfish.huntfish
03-04 16:43:02.909 D/xmlCheckExt(24434): <arch>
03-04 16:43:02.909 D/xmlCheckExt(24434):  pkgName = com.yucai.escape.tow
03-04 16:43:02.909 D/xmlCheckExt(24434): <white>
03-04 16:43:02.909 D/xmlCheckExt(24434):  pkgName = com.eembc.coremark
03-04 16:43:02.909 I/PackageManager(24434): Package installed with second ABI Library: 10082com.asus.sitd.whatsnext
03-04 16:43:02.909 I/PackageManager(24434): Data written:10082
03-04 16:43:02.909 I/PackageManager(24434): Data written:10061
03-04 16:43:02.909 I/PackageManager(24434): Data written:10037
03-04 16:43:02.909 I/PackageManager(24434): Data written into /data/data/.appwithABI2
03-04 16:43:02.909 I/PackageManager(24434): Data written into /data/.appwithImplicitABI
03-04 16:43:02.919 D/PackageSettings(24434): com.asus.ime
03-04 16:43:02.929 D/PackageManager(24434): No files in app dir /vendor/app
03-04 16:43:03.779 W/PackageManager(24434): Package com.tencent.mm desires unavailable shared library com.google.android.maps; ignoring!
03-04 16:43:03.779 W/PackageManager(24434): Package com.tencent.mm desires unavailable shared library com.sec.android.app.multiwindow; ignoring!
03-04 16:43:03.779 W/PackageManager(24434): Package com.tencent.mm desires unavailable shared library com.here.android; ignoring!
03-04 16:43:04.339 D/xmlCheckExt(24434): <neon>
03-04 16:43:04.339 D/xmlCheckExt(24434):  pkgName = air.eti.uzzu.unalis
03-04 16:43:04.339 D/xmlCheckExt(24434): <arch>
03-04 16:43:04.339 D/xmlCheckExt(24434):  pkgName = com.evy.guessword
03-04 16:43:04.339 D/xmlCheckExt(24434): <arch>
03-04 16:43:04.339 D/xmlCheckExt(24434):  pkgName = com.bpiotor.lot
03-04 16:43:04.339 D/xmlCheckExt(24434): <arch>
03-04 16:43:04.339 D/xmlCheckExt(24434):  pkgName = com.goodstudent.app
03-04 16:43:04.339 D/xmlCheckExt(24434): <arch>
03-04 16:43:04.339 D/xmlCheckExt(24434):  pkgName = com.flyfish.supermario
03-04 16:43:04.339 D/xmlCheckExt(24434): <arch>
03-04 16:43:04.339 D/xmlCheckExt(24434):  pkgName = excel.sgs
03-04 16:43:04.339 D/xmlCheckExt(24434): <arch>
03-04 16:43:04.339 D/xmlCheckExt(24434):  pkgName = com.gamevil.doz.global
03-04 16:43:04.339 D/xmlCheckExt(24434): <arch>
03-04 16:43:04.339 D/xmlCheckExt(24434):  pkgName = com.tblin.HandsetGuardant
03-04 16:43:04.339 D/xmlCheckExt(24434): <arch>
03-04 16:43:04.339 D/xmlCheckExt(24434):  pkgName = com.baoliei.lmotuolijhhe
03-04 16:43:04.339 D/xmlCheckExt(24434): <arch>
03-04 16:43:04.339 D/xmlCheckExt(24434):  pkgName = com.bpiotor.fingerprint
03-04 16:43:04.339 D/xmlCheckExt(24434): <arch>
03-04 16:43:04.339 D/xmlCheckExt(24434):  pkgName = com.philzhu.www.ddz
03-04 16:43:04.339 D/xmlCheckExt(24434): <arch>
03-04 16:43:04.339 D/xmlCheckExt(24434):  pkgName = hh.root
03-04 16:43:04.339 D/xmlCheckExt(24434): <arch>
03-04 16:43:04.349 D/xmlCheckExt(24434):  pkgName = com.rao.love.yy.zjhmuti
03-04 16:43:04.349 D/xmlCheckExt(24434): <arch>
