03-04 16:25:57.799 W/BindingManager(19172): Cannot call determinedVisibility() - never saw a connection for the pid: 19172
03-04 16:25:57.889 I/chromium(19172): [INFO:CONSOLE(9)] "WebSocket connection to 'ws://127.0.0.1/' failed: Error in connection establishment: net::ERR_CONNECTION_REFUSED", source: http://127.0.0.1:8080/opt/tct-websocket-w3c-tests/websocket/w3c/interfaces/WebSocket/url/002.html (9)
03-04 16:25:58.019 I/chromium(19172): [INFO:CONSOLE(9)] "WebSocket connection to 'ws://127.0.0.1/' failed: Error in connection establishment: net::ERR_CONNECTION_REFUSED", source: http://127.0.0.1:8080/opt/tct-websocket-w3c-tests/websocket/w3c/interfaces/WebSocket/url/003.html (9)
03-04 16:25:59.569 I/WifiHW  (  505): CMD: IFNAME=wlan0 SIGNAL_POLL
03-04 16:25:59.569 D/wpa_supplicant(  694): RX ctrl_iface - hexdump(len=11): 53 49 47 4e 41 4c 5f 50 4f 4c 4c
03-04 16:25:59.569 D/wpa_supplicant(  694): wlan0: Control interface command 'SIGNAL_POLL'
03-04 16:25:59.569 D/wpa_supplicant(  694): nl80211: survey data missing!
03-04 16:25:59.569 I/WifiHW  (  505): REPLY: RSSI=-62
03-04 16:25:59.569 I/WifiHW  (  505): REPLY: LINKSPEED=58
03-04 16:25:59.569 I/WifiHW  (  505): REPLY: NOISE=9999
03-04 16:25:59.569 I/WifiHW  (  505): REPLY: FREQUENCY=2437
03-04 16:25:59.729 W/chromium(19172): [WARNING:openssl_ssl_util.cc(152)] Unmapped error reason: 165
03-04 16:25:59.729 E/chromium(19172): [ERROR:ssl_client_socket_openssl.cc(1071)] handshake failed; returned -1, SSL error code 1, net_error -107
03-04 16:25:59.999 D/Clock   (  571): ACTION_TIME_TICK
03-04 16:25:59.999 D/Clock   (  571): update clock:4:26
03-04 16:26:00.019 D/BatteryStatsImpl(  505): noteStopWakeLocked system isFromForeground = false
03-04 16:26:00.159 W/BindingManager(19172): Cannot call determinedVisibility() - never saw a connection for the pid: 19172
03-04 16:26:02.569 I/WifiHW  (  505): CMD: IFNAME=wlan0 SIGNAL_POLL
03-04 16:26:02.569 D/wpa_supplicant(  694): RX ctrl_iface - hexdump(len=11): 53 49 47 4e 41 4c 5f 50 4f 4c 4c
03-04 16:26:02.569 D/wpa_supplicant(  694): wlan0: Control interface command 'SIGNAL_POLL'
03-04 16:26:02.599 D/wpa_supplicant(  694): nl80211: survey data missing!
03-04 16:26:02.599 I/WifiHW  (  505): REPLY: RSSI=-61
03-04 16:26:02.599 I/WifiHW  (  505): REPLY: LINKSPEED=58
03-04 16:26:02.599 I/WifiHW  (  505): REPLY: NOISE=9999
03-04 16:26:02.599 I/WifiHW  (  505): REPLY: FREQUENCY=2437
03-04 16:26:03.319 W/BindingManager(19172): Cannot call determinedVisibility() - never saw a connection for the pid: 19172
03-04 16:26:03.489 I/chromium(19172): [INFO:CONSOLE(11)] "WebSocket connection to 'ws://127.0.0.1/ws/echo' failed: Error in connection establishment: net::ERR_CONNECTION_REFUSED", source: http://127.0.0.1:8080/opt/tct-websocket-w3c-tests/websocket/w3c/017.html (11)
03-04 16:26:03.489 I/chromium(19172): [INFO:CONSOLE(11)] "WebSocket connection to 'wss://127.0.0.1/ws/echo' failed: Error in connection establishment: net::ERR_CONNECTION_REFUSED", source: http://127.0.0.1:8080/opt/tct-websocket-w3c-tests/websocket/w3c/017.html (11)
03-04 16:26:03.489 I/chromium(19172): [INFO:CONSOLE(11)] "WebSocket connection to 'ws://127.0.0.1/ws/echo' failed: Error in connection establishment: net::ERR_CONNECTION_REFUSED", source: http://127.0.0.1:8080/opt/tct-websocket-w3c-tests/websocket/w3c/017.html (11)
03-04 16:26:03.489 I/chromium(19172): [INFO:CONSOLE(11)] "WebSocket connection to 'wss://127.0.0.1/ws/echo' failed: Error in connection establishment: net::ERR_CONNECTION_REFUSED", source: http://127.0.0.1:8080/opt/tct-websocket-w3c-tests/websocket/w3c/017.html (11)
03-04 16:26:04.189 W/BindingManager(19172): Cannot call determinedVisibility() - never saw a connection for the pid: 19172
03-04 16:26:04.849 W/BindingManager(19172): Cannot call determinedVisibility() - never saw a connection for the pid: 19172
03-04 16:26:05.609 I/WifiHW  (  505): CMD: IFNAME=wlan0 SIGNAL_POLL
03-04 16:26:05.609 D/wpa_supplicant(  694): RX ctrl_iface - hexdump(len=11): 53 49 47 4e 41 4c 5f 50 4f 4c 4c
03-04 16:26:05.609 D/wpa_supplicant(  694): wlan0: Control interface command 'SIGNAL_POLL'
03-04 16:26:05.629 D/wpa_supplicant(  694): nl80211: survey data missing!
03-04 16:26:05.629 I/WifiHW  (  505): REPLY: RSSI=-62
03-04 16:26:05.629 I/WifiHW  (  505): REPLY: LINKSPEED=58
03-04 16:26:05.629 I/WifiHW  (  505): REPLY: NOISE=9999
03-04 16:26:05.629 I/WifiHW  (  505): REPLY: FREQUENCY=2437
03-04 16:26:05.639 W/BindingManager(19172): Cannot call determinedVisibility() - never saw a connection for the pid: 19172
03-04 16:26:05.679 I/chromium(19172): [INFO:CONSOLE(0)] "WebSocket is already in CLOSING or CLOSED state.", source: http://127.0.0.1:8080/opt/tct-websocket-w3c-tests/websocket/websocket_WebSocket_bufferedAmount_increase_each_call.html (0)
03-04 16:26:05.679 I/chromium(19172): [INFO:CONSOLE(0)] "WebSocket is already in CLOSING or CLOSED state.", source: http://127.0.0.1:8080/opt/tct-websocket-w3c-tests/websocket/websocket_WebSocket_bufferedAmount_increase_each_call.html (0)
03-04 16:26:05.679 I/chromium(19172): [INFO:CONSOLE(0)] "WebSocket is already in CLOSING or CLOSED state.", source: http://127.0.0.1:8080/opt/tct-websocket-w3c-tests/websocket/websocket_WebSocket_bufferedAmount_increase_each_call.html (0)
03-04 16:26:05.679 I/chromium(19172): [INFO:CONSOLE(0)] "WebSocket is already in CLOSING or CLOSED state.", source: http://127.0.0.1:8080/opt/tct-websocket-w3c-tests/websocket/websocket_WebSocket_bufferedAmount_increase_each_call.html (0)
03-04 16:26:06.319 W/BindingManager(19172): Cannot call determinedVisibility() - never saw a connection for the pid: 19172
03-04 16:26:07.059 W/BindingManager(19172): Cannot call determinedVisibility() - never saw a connection for the pid: 19172
03-04 16:26:08.159 W/ufoGralloc(  170): registerBuffer() handle 0xb9554ee0/74 didn't require registration
03-04 16:26:08.189 D/WindowManager(  505): adjustConfigurationLw, config:{1.0 ?mcc?mnc ?locale ?layoutDir sw600dp w600dp h888dp 213dpi lrg port ?uimode ?night finger -keyb/v/h -nav/v} mLidState:1 mHasDockFeature:false mHasKeyboardFeature:false mHasHallSensorFeature:true config.hardKeyboardHidden:2
03-04 16:26:08.189 I/ActivityManager(  505): [TopPkgCurBat]	NowPkgName[com.chrome.beta]	Battery[83]	TimeTick[1425457568200]	OldPkgName[org.xwalk.webapi_service_tests]
03-04 16:26:08.219 D/        (16472): Pixel Format : GGL_PIXEL_FORMAT_RGBA_8888
03-04 16:26:08.229 W/IInputConnectionWrapper(19172): showStatusIcon on inactive InputConnection
03-04 16:26:08.239 D/        (19028): Pixel Format : GGL_PIXEL_FORMAT_RGBA_8888
03-04 16:26:08.239 D/        (19028): droid_create_context : config id = 1 conf->NativeVisualID=1
03-04 16:26:08.239 D/        (19028): Pixel Format : GGL_PIXEL_FORMAT_RGBA_8888
03-04 16:26:08.239 I/        (19028): Requested context : GLES 2.0
03-04 16:26:08.239 D/XT9IME  (  728): new subtype :en_US ,keyboard
03-04 16:26:08.249 D/        (19028): Swap interval set to = 1 value
03-04 16:26:08.269 D/BatteryStatsImpl(  505): noteStopWakeLocked system isFromForeground = false
03-04 16:26:08.309 D/        (19172): Surface destroy: ANDROID_NATIVE_WINDOW_MAGIC
03-04 16:26:08.319 D/        (19172): Surface destroy: ANDROID_NATIVE_WINDOW_MAGIC
03-04 16:26:08.629 I/WifiHW  (  505): CMD: IFNAME=wlan0 SIGNAL_POLL
03-04 16:26:08.629 D/wpa_supplicant(  694): RX ctrl_iface - hexdump(len=11): 53 49 47 4e 41 4c 5f 50 4f 4c 4c
03-04 16:26:08.629 D/wpa_supplicant(  694): wlan0: Control interface command 'SIGNAL_POLL'
03-04 16:26:08.659 D/wpa_supplicant(  694): nl80211: survey data missing!
03-04 16:26:08.659 I/WifiHW  (  505): REPLY: RSSI=-61
03-04 16:26:08.659 I/WifiHW  (  505): REPLY: LINKSPEED=58
03-04 16:26:08.659 I/WifiHW  (  505): REPLY: NOISE=9999
03-04 16:26:08.659 I/WifiHW  (  505): REPLY: FREQUENCY=2437
03-04 16:26:08.759 D/AndroidRuntime(19341): 
03-04 16:26:08.759 D/AndroidRuntime(19341): >>>>>> AndroidRuntime START com.android.internal.os.RuntimeInit <<<<<<
03-04 16:26:08.759 D/AndroidRuntime(19341): CheckJNI is OFF
03-04 16:26:08.759 I/AndroidRuntime(19341): Kernel Release Version: 3.10.20-gf818079
03-04 16:26:08.759 I/dalvikvm(19341): No library specified. The standard exception handler will be used
03-04 16:26:08.759 I/dalvikvm(19341): 
03-04 16:26:08.759 I/dalvikvm(19341): +++++++++++++ Using PCG. +++++++++++++++++++++
03-04 16:26:08.769 D/dalvikvm(19341): Trying to load lib libjavacore.so 0x0
03-04 16:26:08.769 D/dalvikvm(19341): Added shared lib libjavacore.so 0x0
03-04 16:26:08.769 D/dalvikvm(19341): Trying to load lib libnativehelper.so 0x0
03-04 16:26:08.769 D/dalvikvm(19341): Added shared lib libnativehelper.so 0x0
03-04 16:26:08.769 D/dalvikvm(19341): No JNI_OnLoad found in libnativehelper.so 0x0, skipping init
03-04 16:26:08.779 D/dalvikvm(19341): Extra Options: not specified
03-04 16:26:08.789 D/dalvikvm(19341): Note: class Landroid/app/ActivityManagerNative; has 186 unimplemented (abstract) methods
03-04 16:26:08.869 E/memtrack(19341): Couldn't load memtrack module (No such file or directory)
03-04 16:26:08.869 E/android.os.Debug(19341): failed to load memtrack module: -2
03-04 16:26:08.899 D/AndroidRuntime(19341): Calling main entry com.android.commands.am.Am
03-04 16:26:08.929 I/ActivityManager(  505): Force stopping org.xwalk.webapi_service_tests appid=10401 user=0: from pid 19341
03-04 16:26:08.929 I/ActivityManager(  505): Killing 19172:org.xwalk.webapi_service_tests/u0a401 (adj 1): stop org.xwalk.webapi_service_tests
03-04 16:26:08.939 I/SecurityManagerService(  602): SMS received security event: App[STOP/org.xwalk.webapi_service_tests]
03-04 16:26:08.959 D/AndroidRuntime(19341): Shutting down VM
03-04 16:26:08.969 D/dalvikvm(19341): GC_CONCURRENT freed 112K, 16% free 666K/792K, paused 0ms+0ms, total 1ms
03-04 16:26:08.969 D/dalvikvm(19341): Compiler shutdown in progress - discarding request
03-04 16:26:08.969 D/dalvikvm(19341): Compiler shutdown in progress - discarding request
03-04 16:26:08.969 D/dalvikvm(19341): Compiler shutdown in progress - discarding request
03-04 16:26:08.969 D/dalvikvm(19341): Compiler shutdown in progress - discarding request
03-04 16:26:08.969 D/dalvikvm(19341): Compiler shutdown in progress - discarding request
03-04 16:26:08.969 D/dalvikvm(19341): Compiler shutdown in progress - discarding request
03-04 16:26:08.969 D/dalvikvm(19341): Compiler shutdown in progress - discarding request
03-04 16:26:08.969 D/dalvikvm(19341): Compiler shutdown in progress - discarding request
03-04 16:26:08.969 D/dalvikvm(19341): Compiler shutdown in progress - discarding request
03-04 16:26:08.969 D/dalvikvm(19341): Compiler shutdown in progress - discarding request
03-04 16:26:08.969 D/dalvikvm(19341): Compiler shutdown in progress - discarding request
03-04 16:26:08.969 D/dalvikvm(19341): Compiler shutdown in progress - discarding request
03-04 16:26:08.969 D/dalvikvm(19341): Compiler shutdown in progress - discarding request
03-04 16:26:08.969 D/dalvikvm(19341): Compiler shutdown in progress - discarding request
03-04 16:26:08.969 D/dalvikvm(19341): Compiler shutdown in progress - discarding request
03-04 16:26:08.969 D/dalvikvm(19341): Compiler shutdown in progress - discarding request
03-04 16:26:08.969 D/dalvikvm(19341): Compiler shutdown in progress - discarding request
03-04 16:26:08.969 D/dalvikvm(19341): Compiler shutdown in progress - discarding request
03-04 16:26:08.969 D/dalvikvm(19341): Compiler shutdown in progress - discarding request
03-04 16:26:08.969 D/dalvikvm(19341): Compiler shutdown in progress - discarding request
03-04 16:26:08.969 D/dalvikvm(19341): Compiler shutdown in progress - discarding request
03-04 16:26:08.969 D/dalvikvm(19341): Compiler shutdown in progress - discarding request
03-04 16:26:08.969 D/dalvikvm(19341): Compiler shutdown in progress - discarding request
03-04 16:26:08.969 D/dalvikvm(19341): Compiler shutdown in progress - discarding request
03-04 16:26:08.969 D/dalvikvm(19341): Compiler shutdown in progress - discarding request
03-04 16:26:08.969 D/dalvikvm(19341): Compiler shutdown in progress - discarding request
03-04 16:26:08.969 D/dalvikvm(19341): Compiler shutdown in progress - discarding request
03-04 16:26:08.969 D/dalvikvm(19341): Compiler shutdown in progress - discarding request
03-04 16:26:08.969 D/dalvikvm(19341): Compiler shutdown in progress - discarding request
03-04 16:26:08.969 D/dalvikvm(19341): Compiler shutdown in progress - discarding request
03-04 16:26:08.969 D/dalvikvm(19341): Compiler shutdown in progress - discarding request
03-04 16:26:08.969 D/dalvikvm(19341): Compiler shutdown in progress - discarding request
03-04 16:26:08.969 D/dalvikvm(19341): Compiler shutdown in progress - discarding request
03-04 16:26:09.009 W/InputDispatcher(  505): channel '2207ffc8 org.xwalk.webapi_service_tests/org.xwalk.webapi_service_tests.WebapiServiceTestsActivity (server)' ~ Consumer closed input channel or an error occurred.  events=0x9
03-04 16:26:09.009 E/InputDispatcher(  505): channel '2207ffc8 org.xwalk.webapi_service_tests/org.xwalk.webapi_service_tests.WebapiServiceTestsActivity (server)' ~ Channel is unrecoverably broken and will be disposed!
03-04 16:26:09.009 W/InputDispatcher(  505): Attempted to unregister already unregistered input channel '2207ffc8 org.xwalk.webapi_service_tests/org.xwalk.webapi_service_tests.WebapiServiceTestsActivity (server)'
03-04 16:26:09.009 I/WindowState(  505): WIN DEATH: Window{221487b0 u0 SurfaceView EXITING}
03-04 16:26:09.009 I/WindowState(  505): WIN DEATH: Window{2207ffc8 u0 org.xwalk.webapi_service_tests/org.xwalk.webapi_service_tests.WebapiServiceTestsActivity EXITING}
03-04 16:26:09.019 W/WindowManager(  505): Rebuild removed 8 windows but added 6
03-04 16:26:09.019 W/WindowManager(  505): java.lang.RuntimeException: here
03-04 16:26:09.019 W/WindowManager(  505): 	at com.android.server.wm.WindowManagerService.rebuildAppWindowListLocked(WindowManagerService.java:8144)
03-04 16:26:09.019 W/WindowManager(  505): 	at com.android.server.wm.WindowManagerService.rebuildAppWindowListLocked(WindowManagerService.java:8080)
03-04 16:26:09.019 W/WindowManager(  505): 	at com.android.server.wm.WindowManagerService.handleAnimatingStoppedAndTransitionLocked(WindowManagerService.java:8824)
03-04 16:26:09.019 W/WindowManager(  505): 	at com.android.server.wm.WindowManagerService.performLayoutAndPlaceSurfacesLockedInner(WindowManagerService.java:9345)
03-04 16:26:09.019 W/WindowManager(  505): 	at com.android.server.wm.WindowManagerService.performLayoutAndPlaceSurfacesLockedLoop(WindowManagerService.java:8296)
03-04 16:26:09.019 W/WindowManager(  505): 	at com.android.server.wm.WindowManagerService.performLayoutAndPlaceSurfacesLocked(WindowManagerService.java:8238)
03-04 16:26:09.019 W/WindowManager(  505): 	at com.android.server.wm.WindowManagerService.access$400(WindowManagerService.java:158)
03-04 16:26:09.019 W/WindowManager(  505): 	at com.android.server.wm.WindowManagerService$H.handleMessage(WindowManagerService.java:7272)
03-04 16:26:09.019 W/WindowManager(  505): 	at android.os.Handler.dispatchMessage(Handler.java:102)
03-04 16:26:09.019 W/WindowManager(  505): 	at android.os.Looper.loop(Looper.java:149)
03-04 16:26:09.019 W/WindowManager(  505): 	at android.os.HandlerThread.run(HandlerThread.java:61)
03-04 16:26:09.019 W/WindowManager(  505): This window was lost: Window{221487b0 u0 SurfaceView}
03-04 16:26:09.019 W/WindowManager(  505): mDisplayId=0 mSession=Session{221c2968 19172:u0a10401} mClient=android.os.BinderProxy@22247348
03-04 16:26:09.019 W/WindowManager(  505): mOwnerUid=10401 mShowToOwnerOnly=true package=null appop=NONE
03-04 16:26:09.019 W/WindowManager(  505): mAttrs=WM.LayoutParams{(0,33)(800x1183) gr=#800033 ty=1004 fl=#4218 pfl=0x40 fmt=4}
03-04 16:26:09.019 W/WindowManager(  505): Requested w=800 h=1183 mLayoutSeq=1704
03-04 16:26:09.019 W/WindowManager(  505): mAttachedWindow=Window{2207ffc8 u0 org.xwalk.webapi_service_tests/org.xwalk.webapi_service_tests.WebapiServiceTestsActivity} mLayoutAttached=true
03-04 16:26:09.019 W/WindowManager(  505): mBaseLayer=21000 mSubLayer=-1 mAnimLayer=21035+0=21035 mLastLayer=21035
03-04 16:26:09.019 W/WindowManager(  505): mToken=WindowToken{22611b90 android.os.BinderProxy@223f0078}
03-04 16:26:09.019 W/WindowManager(  505): mRootToken=AppWindowToken{224f1de8 token=Token{221678c8 ActivityRecord{21ee14e0 u0 org.xwalk.webapi_service_tests/.WebapiServiceTestsActivity t50}}}
03-04 16:26:09.019 W/WindowManager(  505): mAppToken=AppWindowToken{224f1de8 token=Token{221678c8 ActivityRecord{21ee14e0 u0 org.xwalk.webapi_service_tests/.WebapiServiceTestsActivity t50}}}
03-04 16:26:09.019 W/WindowManager(  505): mViewVisibility=0x8 mHaveFrame=true mObscured=false
03-04 16:26:09.019 W/WindowManager(  505): mSeq=0 mSystemUiVisibility=0x0
03-04 16:26:09.019 W/WindowManager(  505): mGivenContentInsets=[0,0][0,0] mGivenVisibleInsets=[0,0][0,0]
03-04 16:26:09.019 W/WindowManager(  505): mConfiguration={1.0 ?mcc?mnc zh_CN ldltr sw600dp w600dp h888dp 213dpi lrg port finger -keyb/v/h -nav/h s.13}
03-04 16:26:09.019 W/WindowManager(  505): mHasSurface=true mShownFrame=[200.0,1354.0889][1000.0,2537.0889] isReadyForDisplay()=false
03-04 16:26:09.019 W/WindowManager(  505): mFrame=[0,33][800,1216] last=[0,33][800,1216]
03-04 16:26:09.019 W/WindowManager(  505): mSystemDecorRect=[0,0][800,1183] last=[0,0][800,1183]
03-04 16:26:09.019 W/WindowManager(  505): Frames: containing=[0,0][800,1216] parent=[0,0][800,1216]
03-04 16:26:09.019 W/WindowManager(  505):     display=[-10000,-10000][10000,10000] overscan=[-10000,-10000][10000,10000]
03-04 16:26:09.019 W/WindowManager(  505):     content=[0,33][800,1216] visible=[0,33][800,1216]
03-04 16:26:09.019 W/WindowManager(  505):     decor=[0,33][800,1216]
03-04 16:26:09.019 W/WindowManager(  505): Cur insets: overscan=[0,0][0,0] content=[0,0][0,0] visible=[0,0][0,0]
03-04 16:26:09.019 W/WindowManager(  505): Lst insets: overscan=[0,0][0,0] content=[0,0][0,0] visible=[0,0][0,0]
03-04 16:26:09.019 W/WindowManager(  505): WindowStateAnimator{222300f0 SurfaceView}:
03-04 16:26:09.019 W/WindowManager(  505):   mSurface=Surface(name=SurfaceView)
03-04 16:26:09.019 W/WindowManager(  505):   mDrawState=HAS_DRAWN mLastHidden=true
03-04 16:26:09.019 W/WindowManager(  505):   Surface: shown=false layer=21035 alpha=0.0 rect=(200.0,1354.0889) 800.0 x 1183.0
03-04 16:26:09.019 W/WindowManager(  505):   mShownAlpha=0.0 mAlpha=1.0 mLastAlpha=0.0
03-04 16:26:09.019 W/WindowManager(  505):   mGlobalScale=1.0 mDsDx=0.5 mDtDx=0.0 mDsDy=0.0 mDtDy=0.5
03-04 16:26:09.019 W/WindowManager(  505): mExiting=false mRemoveOnExit=false mDestroying=true mRemoved=false
03-04 16:26:09.019 W/WindowManager(  505): This window was lost: Window{2207ffc8 u0 org.xwalk.webapi_service_tests/org.xwalk.webapi_service_tests.WebapiServiceTestsActivity}
03-04 16:26:09.019 W/WindowManager(  505): mDisplayId=0 mSession=Session{221c2968 19172:u0a10401} mClient=android.os.BinderProxy@223f0078
03-04 16:26:09.019 W/WindowManager(  505): mOwnerUid=10401 mShowToOwnerOnly=true package=org.xwalk.webapi_service_tests appop=NONE
03-04 16:26:09.019 W/WindowManager(  505): mAttrs=WM.LayoutParams{(0,0)(fillxfill) sim=#110 ty=1 fl=#1810100 pfl=0x8 fmt=-3 wanim=0x10302a1}
03-04 16:26:09.019 W/WindowManager(  505): Requested w=800 h=1216 mLayoutSeq=1704
03-04 16:26:09.019 W/WindowManager(  505): mBaseLayer=21000 mSubLayer=0 mAnimLayer=21040+0=21040 mLastLayer=21040
03-04 16:26:09.019 W/WindowManager(  505): mToken=AppWindowToken{224f1de8 token=Token{221678c8 ActivityRecord{21ee14e0 u0 org.xwalk.webapi_service_tests/.WebapiServiceTestsActivity t50}}}
03-04 16:26:09.019 W/WindowManager(  505): mRootToken=AppWindowToken{224f1de8 token=Token{221678c8 ActivityRecord{21ee14e0 u0 org.xwalk.webapi_service_tests/.WebapiServiceTestsActivity t50}}}
03-04 16:26:09.019 W/WindowManager(  505): mAppToken=AppWindowToken{224f1de8 token=Token{221678c8 ActivityRecord{21ee14e0 u0 org.xwalk.webapi_service_tests/.WebapiServiceTestsActivity t50}}}
03-04 16:26:09.019 W/WindowManager(  505): mViewVisibility=0x8 mHaveFrame=true mObscured=false
03-04 16:26:09.019 W/WindowManager(  505): mSeq=0 mSystemUiVisibility=0x0
03-04 16:26:09.019 W/WindowManager(  505): mGivenContentInsets=[0,0][0,0] mGivenVisibleInsets=[0,0][0,0]
03-04 16:26:09.019 W/WindowManager(  505): mConfiguration={1.0 ?mcc?mnc zh_CN ldltr sw600dp w600dp h888dp 213dpi lrg port finger -keyb/v/h -nav/h s.13}
03-04 16:26:09.019 W/WindowManager(  505): mHasSurface=true mShownFrame=[200.0,1337.5889][1000.0,2553.5889] isReadyForDisplay()=false
03-04 16:26:09.019 W/WindowManager(  505): mFrame=[0,0][800,1216] last=[0,0][800,1216]
03-04 16:26:09.019 W/WindowManager(  505): mSystemDecorRect=[0,33][800,1216] last=[0,33][800,1216]
03-04 16:26:09.019 W/WindowManager(  505): Frames: containing=[0,0][800,1216] parent=[0,0][800,1216]
03-04 16:26:09.019 W/WindowManager(  505):     display=[0,0][800,1216] overscan=[0,0][800,1280]
03-04 16:26:09.019 W/WindowManager(  505):     content=[0,33][800,1216] visible=[0,33][800,1216]
03-04 16:26:09.019 W/WindowManager(  505):     decor=[0,33][800,1216]
03-04 16:26:09.019 W/WindowManager(  505): Cur insets: overscan=[0,0][0,0] content=[0,33][0,0] visible=[0,33][0,0]
03-04 16:26:09.019 W/WindowManager(  505): Lst insets: overscan=[0,0][0,0] content=[0,33][0,0] visible=[0,33][0,0]
03-04 16:26:09.019 W/WindowManager(  505): WindowStateAnimator{22242730 org.xwalk.webapi_service_tests/org.xwalk.webapi_service_tests.WebapiServiceTestsActivity}:
03-04 16:26:09.019 W/WindowManager(  505):   mSurface=Surface(name=org.xwalk.webapi_service_tests/org.xwalk.webapi_service_tests.WebapiServiceTestsActivity)
03-04 16:26:09.019 W/WindowManager(  505):   mDrawState=HAS_DRAWN mLastHidden=true
03-04 16:26:09.019 W/WindowManager(  505):   Surface: shown=false layer=21040 alpha=0.0 rect=(200.0,1337.5889) 800.0 x 1216.0
03-04 16:26:09.019 W/WindowManager(  505):   mShownAlpha=0.0 mAlpha=1.0 mLastAlpha=0.0
03-04 16:26:09.019 W/WindowManager(  505):   mGlobalScale=1.0 mDsDx=0.5 mDtDx=0.0 mDsDy=0.0 mDtDy=0.5
03-04 16:26:09.019 W/WindowManager(  505): mExiting=false mRemoveOnExit=false mDestroying=true mRemoved=false
03-04 16:26:09.019 W/WindowManager(  505): Current app token list:
03-04 16:26:09.019 V/WindowManager(  505):   Display 0
03-04 16:26:09.019 V/WindowManager(  505):   #4: Token{221fe7c0 ActivityRecord{22678658 u0 com.chrome.beta/com.google.android.apps.chrome.ChromeTabbedActivity t49}}
03-04 16:26:09.019 V/WindowManager(  505):   #3: Token{222216d8 ActivityRecord{21f00950 u0 com.asus.launcher/com.android.launcher3.Launcher t1}}
03-04 16:26:09.019 V/WindowManager(  505):   #2: Token{22166ad8 ActivityRecord{21fc8758 u0 com.android.settings/.SubSettings t26}}
03-04 16:26:09.019 V/WindowManager(  505):   #1: Token{221b03c8 ActivityRecord{223b52c0 u0 com.android.settings/.Settings t26}}
03-04 16:26:09.019 V/WindowManager(  505):   #0: Token{2217d3e0 ActivityRecord{21f76550 u0 com.intel.tinywebtestservice/.FullscreenActivity t6}}
03-04 16:26:09.019 W/WindowManager(  505): Final window list:
03-04 16:26:09.019 V/WindowManager(  505):   #0: Window{221fffb8 u0 SearchPanel}
03-04 16:26:09.019 V/WindowManager(  505):   #1: Window{22044138 u0 NavigationBar}
03-04 16:26:09.019 V/WindowManager(  505):   #2: Window{22011a50 u0 StatusBar}
03-04 16:26:09.019 V/WindowManager(  505):   #3: Window{2221f680 u0 Keyguard}
03-04 16:26:09.019 V/WindowManager(  505):   #4: Window{221ccc38 u0 KeyguardScrim}
03-04 16:26:09.019 V/WindowManager(  505):   #5: Window{2230b838 u0 InputMethod}
03-04 16:26:09.019 V/WindowManager(  505):   #6: Window{2247f750 u0 com.chrome.beta/com.google.android.apps.chrome.ChromeTabbedActivity}
03-04 16:26:09.019 V/WindowManager(  505):   #7: Window{21ef3750 u0 SurfaceView}
03-04 16:26:09.019 V/WindowManager(  505):   #8: Window{21f61e48 u0 com.asus.launcher/com.android.launcher3.Launcher}
03-04 16:26:09.019 V/WindowManager(  505):   #9: Window{2205ea50 u0 com.android.settings/com.android.settings.SubSettings}
03-04 16:26:09.019 V/WindowManager(  505):   #10: Window{22484370 u0 com.android.settings/com.android.settings.Settings}
03-04 16:26:09.019 V/WindowManager(  505):   #11: Window{221106b8 u0 com.intel.tinywebtestservice/com.intel.tinywebtestservice.FullscreenActivity}
03-04 16:26:09.019 V/WindowManager(  505):   #12: Window{220b3c50 u0 com.android.systemui.ImageWallpaper}
03-04 16:26:09.019 W/SurfaceFlinger(  170): couldn't log to binary event log: overflow.
--------- beginning of /dev/log/main
03-04 16:37:37.789 I/WifiHW  (  505): CMD: IFNAME=wlan0 SIGNAL_POLL
03-04 16:37:37.789 D/wpa_supplicant(  694): RX ctrl_iface - hexdump(len=11): 53 49 47 4e 41 4c 5f 50 4f 4c 4c
03-04 16:37:37.789 D/wpa_supplicant(  694): wlan0: Control interface command 'SIGNAL_POLL'
03-04 16:37:37.789 D/wpa_supplicant(  694): nl80211: survey data missing!
03-04 16:37:37.789 I/WifiHW  (  505): REPLY: RSSI=-51
03-04 16:37:37.789 I/WifiHW  (  505): REPLY: LINKSPEED=26
03-04 16:37:37.789 I/WifiHW  (  505): REPLY: NOISE=9999
03-04 16:37:37.789 I/WifiHW  (  505): REPLY: FREQUENCY=2437
03-04 16:37:37.949 D/AndroidRuntime(23469): 
03-04 16:37:37.949 D/AndroidRuntime(23469): >>>>>> AndroidRuntime START com.android.internal.os.RuntimeInit <<<<<<
03-04 16:37:37.949 D/AndroidRuntime(23469): CheckJNI is OFF
03-04 16:37:37.949 I/AndroidRuntime(23469): Kernel Release Version: 3.10.20-gf818079
03-04 16:37:37.949 I/dalvikvm(23469): No library specified. The standard exception handler will be used
03-04 16:37:37.949 I/dalvikvm(23469): 
03-04 16:37:37.949 I/dalvikvm(23469): +++++++++++++ Using PCG. +++++++++++++++++++++
03-04 16:37:37.959 D/dalvikvm(23469): Trying to load lib libjavacore.so 0x0
03-04 16:37:37.959 D/dalvikvm(23469): Added shared lib libjavacore.so 0x0
03-04 16:37:37.959 D/dalvikvm(23469): Trying to load lib libnativehelper.so 0x0
03-04 16:37:37.959 D/dalvikvm(23469): Added shared lib libnativehelper.so 0x0
03-04 16:37:37.959 D/dalvikvm(23469): No JNI_OnLoad found in libnativehelper.so 0x0, skipping init
03-04 16:37:37.969 D/dalvikvm(23469): Extra Options: not specified
03-04 16:37:37.979 D/dalvikvm(23469): Note: class Landroid/app/ActivityManagerNative; has 186 unimplemented (abstract) methods
03-04 16:37:38.049 E/memtrack(23469): Couldn't load memtrack module (No such file or directory)
03-04 16:37:38.049 E/android.os.Debug(23469): failed to load memtrack module: -2
03-04 16:37:38.079 D/AndroidRuntime(23469): Calling main entry com.android.commands.am.Am
03-04 16:37:38.109 D/AndroidRuntime(23469): Shutting down VM
03-04 16:37:38.109 D/dalvikvm(23469): GC_CONCURRENT freed 108K, 16% free 638K/760K, paused 0ms+0ms, total 1ms
--------- beginning of /dev/log/system
03-04 16:37:38.109 I/ActivityManager(  505): Force stopping org.xwalk.webapi_service_tests appid=10401 user=0: from pid 23469
03-04 16:37:38.119 D/dalvikvm(23469): Compiler shutdown in progress - discarding request
03-04 16:37:38.119 D/dalvikvm(23469): Compiler shutdown in progress - discarding request
03-04 16:37:38.119 D/dalvikvm(23469): Compiler shutdown in progress - discarding request
03-04 16:37:38.119 D/dalvikvm(23469): Compiler shutdown in progress - discarding request
03-04 16:37:38.119 D/dalvikvm(23469): Compiler shutdown in progress - discarding request
03-04 16:37:38.119 D/dalvikvm(23469): Compiler shutdown in progress - discarding request
03-04 16:37:38.119 D/dalvikvm(23469): Compiler shutdown in progress - discarding request
03-04 16:37:38.119 D/dalvikvm(23469): Compiler shutdown in progress - discarding request
03-04 16:37:38.119 D/dalvikvm(23469): Compiler shutdown in progress - discarding request
03-04 16:37:38.119 D/dalvikvm(23469): Compiler shutdown in progress - discarding request
03-04 16:37:38.119 D/dalvikvm(23469): Compiler shutdown in progress - discarding request
03-04 16:37:38.119 D/dalvikvm(23469): Compiler shutdown in progress - discarding request
03-04 16:37:38.119 D/dalvikvm(23469): Compiler shutdown in progress - discarding request
03-04 16:37:38.119 D/dalvikvm(23469): Compiler shutdown in progress - discarding request
03-04 16:37:38.119 D/dalvikvm(23469): Compiler shutdown in progress - discarding request
03-04 16:37:38.119 D/dalvikvm(23469): Compiler shutdown in progress - discarding request
03-04 16:37:38.119 D/dalvikvm(23469): Compiler shutdown in progress - discarding request
03-04 16:37:38.119 D/dalvikvm(23469): Compiler shutdown in progress - discarding request
03-04 16:37:38.119 D/dalvikvm(23469): Compiler shutdown in progress - discarding request
03-04 16:37:38.119 D/dalvikvm(23469): Compiler shutdown in progress - discarding request
03-04 16:37:38.119 D/dalvikvm(23469): Compiler shutdown in progress - discarding request
03-04 16:37:38.119 D/dalvikvm(23469): Compiler shutdown in progress - discarding request
03-04 16:37:38.119 D/dalvikvm(23469): Compiler shutdown in progress - discarding request
03-04 16:37:38.119 D/dalvikvm(23469): Compiler shutdown in progress - discarding request
03-04 16:37:38.119 D/dalvikvm(23469): Compiler shutdown in progress - discarding request
03-04 16:37:38.119 D/dalvikvm(23469): Compiler shutdown in progress - discarding request
03-04 16:37:38.119 D/dalvikvm(23469): Compiler shutdown in progress - discarding request
03-04 16:37:38.119 D/dalvikvm(23469): Compiler shutdown in progress - discarding request
03-04 16:37:38.119 D/dalvikvm(23469): Compiler shutdown in progress - discarding request
03-04 16:37:38.119 D/dalvikvm(23469): Compiler shutdown in progress - discarding request
03-04 16:37:38.119 D/dalvikvm(23469): Compiler shutdown in progress - discarding request
03-04 16:37:38.119 D/dalvikvm(23469): Compiler shutdown in progress - discarding request
03-04 16:37:38.119 D/dalvikvm(23469): Compiler shutdown in progress - discarding request
03-04 16:37:38.119 D/dalvikvm(23469): Compiler shutdown in progress - discarding request
03-04 16:37:38.119 D/dalvikvm(23469): Compiler shutdown in progress - discarding request
03-04 16:37:38.119 D/dalvikvm(23469): Compiler shutdown in progress - discarding request
03-04 16:37:38.119 D/dalvikvm(23469): Compiler shutdown in progress - discarding request
03-04 16:37:38.119 D/dalvikvm(23469): Compiler shutdown in progress - discarding request
03-04 16:37:38.119 D/dalvikvm(23469): Compiler shutdown in progress - discarding request
03-04 16:37:38.119 D/dalvikvm(23469): Compiler shutdown in progress - discarding request
03-04 16:37:38.119 D/dalvikvm(23469): Compiler shutdown in progress - discarding request
03-04 16:37:38.119 D/dalvikvm(23469): Compiler shutdown in progress - discarding request
03-04 16:37:38.119 D/dalvikvm(23469): Compiler shutdown in progress - discarding request
03-04 16:37:38.119 D/dalvikvm(23469): Compiler shutdown in progress - discarding request
03-04 16:37:38.609 D/AndroidRuntime(23480): 
03-04 16:37:38.609 D/AndroidRuntime(23480): >>>>>> AndroidRuntime START com.android.internal.os.RuntimeInit <<<<<<
03-04 16:37:38.609 D/AndroidRuntime(23480): CheckJNI is OFF
03-04 16:37:38.609 I/AndroidRuntime(23480): Kernel Release Version: 3.10.20-gf818079
03-04 16:37:38.609 I/dalvikvm(23480): No library specified. The standard exception handler will be used
03-04 16:37:38.609 I/dalvikvm(23480): 
03-04 16:37:38.609 I/dalvikvm(23480): +++++++++++++ Using PCG. +++++++++++++++++++++
03-04 16:37:38.619 D/dalvikvm(23480): Trying to load lib libjavacore.so 0x0
03-04 16:37:38.619 D/dalvikvm(23480): Added shared lib libjavacore.so 0x0
03-04 16:37:38.619 D/dalvikvm(23480): Trying to load lib libnativehelper.so 0x0
03-04 16:37:38.619 D/dalvikvm(23480): Added shared lib libnativehelper.so 0x0
03-04 16:37:38.619 D/dalvikvm(23480): No JNI_OnLoad found in libnativehelper.so 0x0, skipping init
03-04 16:37:38.629 D/dalvikvm(23480): Extra Options: not specified
03-04 16:37:38.639 D/dalvikvm(23480): Note: class Landroid/app/ActivityManagerNative; has 186 unimplemented (abstract) methods
03-04 16:37:38.709 E/memtrack(23480): Couldn't load memtrack module (No such file or directory)
03-04 16:37:38.709 E/android.os.Debug(23480): failed to load memtrack module: -2
03-04 16:37:38.749 D/AndroidRuntime(23480): Calling main entry com.android.commands.am.Am
03-04 16:37:38.779 D/AndroidRuntime(23480): Shutting down VM
03-04 16:37:38.779 D/dalvikvm(23480): GC_CONCURRENT freed 112K, 16% free 674K/800K, paused 0ms+0ms, total 1ms
03-04 16:37:38.779 I/ActivityManager(  505): START u0 {flg=0x10000000 cmp=org.xwalk.webapi_service_tests/.webapi_service_testsActivity} from pid 23480
03-04 16:37:38.789 D/dalvikvm(23480): Compiler shutdown in progress - discarding request
03-04 16:37:38.789 D/dalvikvm(23480): Compiler shutdown in progress - discarding request
03-04 16:37:38.789 D/dalvikvm(23480): Compiler shutdown in progress - discarding request
03-04 16:37:38.789 D/dalvikvm(23480): Compiler shutdown in progress - discarding request
03-04 16:37:38.789 D/dalvikvm(23480): Compiler shutdown in progress - discarding request
03-04 16:37:38.789 D/dalvikvm(23480): Compiler shutdown in progress - discarding request
03-04 16:37:38.789 D/dalvikvm(23480): Compiler shutdown in progress - discarding request
03-04 16:37:38.789 D/dalvikvm(23480): Compiler shutdown in progress - discarding request
03-04 16:37:38.789 D/dalvikvm(23480): Compiler shutdown in progress - discarding request
03-04 16:37:38.789 D/dalvikvm(23480): Compiler shutdown in progress - discarding request
03-04 16:37:38.789 D/dalvikvm(23480): Compiler shutdown in progress - discarding request
03-04 16:37:38.789 D/dalvikvm(23480): Compiler shutdown in progress - discarding request
03-04 16:37:38.789 D/dalvikvm(23480): Compiler shutdown in progress - discarding request
03-04 16:37:38.789 D/dalvikvm(23480): Compiler shutdown in progress - discarding request
03-04 16:37:38.789 D/dalvikvm(23480): Compiler shutdown in progress - discarding request
03-04 16:37:38.789 D/dalvikvm(23480): Compiler shutdown in progress - discarding request
03-04 16:37:38.789 D/dalvikvm(23480): Compiler shutdown in progress - discarding request
03-04 16:37:38.789 D/dalvikvm(23480): Compiler shutdown in progress - discarding request
03-04 16:37:38.789 D/dalvikvm(23480): Compiler shutdown in progress - discarding request
03-04 16:37:38.789 D/dalvikvm(23480): Compiler shutdown in progress - discarding request
03-04 16:37:38.789 D/dalvikvm(23480): Compiler shutdown in progress - discarding request
03-04 16:37:38.789 D/dalvikvm(23480): Compiler shutdown in progress - discarding request
03-04 16:37:38.789 D/dalvikvm(23480): Compiler shutdown in progress - discarding request
03-04 16:37:38.789 D/dalvikvm(23480): Compiler shutdown in progress - discarding request
03-04 16:37:38.789 D/dalvikvm(23480): Compiler shutdown in progress - discarding request
03-04 16:37:38.789 D/dalvikvm(23480): Compiler shutdown in progress - discarding request
03-04 16:37:38.789 D/dalvikvm(23480): Compiler shutdown in progress - discarding request
03-04 16:37:38.789 D/dalvikvm(23480): Compiler shutdown in progress - discarding request
03-04 16:37:38.789 D/dalvikvm(23480): Compiler shutdown in progress - discarding request
03-04 16:37:38.789 D/dalvikvm(23480): Compiler shutdown in progress - discarding request
03-04 16:37:38.789 D/dalvikvm(23480): Compiler shutdown in progress - discarding request
03-04 16:37:38.789 D/dalvikvm(23480): Compiler shutdown in progress - discarding request
03-04 16:37:38.789 D/dalvikvm(23480): Compiler shutdown in progress - discarding request
03-04 16:37:38.789 D/dalvikvm(23480): Compiler shutdown in progress - discarding request
03-04 16:37:38.789 D/dalvikvm(23480): Compiler shutdown in progress - discarding request
03-04 16:37:38.789 D/dalvikvm(23480): Compiler shutdown in progress - discarding request
03-04 16:37:38.789 D/dalvikvm(23480): Compiler shutdown in progress - discarding request
03-04 16:37:38.789 D/dalvikvm(23480): Compiler shutdown in progress - discarding request
03-04 16:37:38.789 D/dalvikvm(23480): Compiler shutdown in progress - discarding request
03-04 16:37:38.789 D/dalvikvm(23480): Compiler shutdown in progress - discarding request
03-04 16:37:38.789 D/dalvikvm(23480): Compiler shutdown in progress - discarding request
03-04 16:37:38.789 D/dalvikvm(23480): Compiler shutdown in progress - discarding request
03-04 16:37:38.789 D/dalvikvm(23480): Compiler shutdown in progress - discarding request
03-04 16:37:38.789 D/dalvikvm(23480): Compiler shutdown in progress - discarding request
03-04 16:37:38.789 D/dalvikvm(23480): Compiler shutdown in progress - discarding request
03-04 16:37:38.789 D/dalvikvm(23480): Compiler shutdown in progress - discarding request
03-04 16:37:39.389 D/AndroidRuntime(23491): 
03-04 16:37:39.389 D/AndroidRuntime(23491): >>>>>> AndroidRuntime START com.android.internal.os.RuntimeInit <<<<<<
03-04 16:37:39.389 D/AndroidRuntime(23491): CheckJNI is OFF
03-04 16:37:39.389 I/AndroidRuntime(23491): Kernel Release Version: 3.10.20-gf818079
03-04 16:37:39.389 I/dalvikvm(23491): No library specified. The standard exception handler will be used
03-04 16:37:39.389 I/dalvikvm(23491): 
03-04 16:37:39.389 I/dalvikvm(23491): +++++++++++++ Using PCG. +++++++++++++++++++++
03-04 16:37:39.399 D/dalvikvm(23491): Trying to load lib libjavacore.so 0x0
03-04 16:37:39.399 D/dalvikvm(23491): Added shared lib libjavacore.so 0x0
03-04 16:37:39.409 D/dalvikvm(23491): Trying to load lib libnativehelper.so 0x0
03-04 16:37:39.409 D/dalvikvm(23491): Added shared lib libnativehelper.so 0x0
03-04 16:37:39.409 D/dalvikvm(23491): No JNI_OnLoad found in libnativehelper.so 0x0, skipping init
03-04 16:37:39.409 D/dalvikvm(23491): Extra Options: not specified
03-04 16:37:39.419 D/dalvikvm(23491): Note: class Landroid/app/ActivityManagerNative; has 186 unimplemented (abstract) methods
03-04 16:37:39.489 E/memtrack(23491): Couldn't load memtrack module (No such file or directory)
03-04 16:37:39.489 E/android.os.Debug(23491): failed to load memtrack module: -2
03-04 16:37:39.539 D/AndroidRuntime(23491): Calling main entry com.android.commands.am.Am
03-04 16:37:39.579 D/AndroidRuntime(23491): Shutting down VM
03-04 16:37:39.579 D/dalvikvm(23491): GC_CONCURRENT freed 112K, 16% free 674K/800K, paused 0ms+0ms, total 1ms
03-04 16:37:39.579 D/dalvikvm(23491): Compiler shutdown in progress - discarding request
03-04 16:37:39.579 D/dalvikvm(23491): Compiler shutdown in progress - discarding request
03-04 16:37:39.579 D/dalvikvm(23491): Compiler shutdown in progress - discarding request
03-04 16:37:39.579 D/dalvikvm(23491): Compiler shutdown in progress - discarding request
03-04 16:37:39.579 D/dalvikvm(23491): Compiler shutdown in progress - discarding request
03-04 16:37:39.579 D/dalvikvm(23491): Compiler shutdown in progress - discarding request
03-04 16:37:39.579 D/dalvikvm(23491): Compiler shutdown in progress - discarding request
03-04 16:37:39.579 D/dalvikvm(23491): Compiler shutdown in progress - discarding request
03-04 16:37:39.579 D/dalvikvm(23491): Compiler shutdown in progress - discarding request
03-04 16:37:39.579 D/dalvikvm(23491): Compiler shutdown in progress - discarding request
03-04 16:37:39.579 D/dalvikvm(23491): Compiler shutdown in progress - discarding request
03-04 16:37:39.579 D/dalvikvm(23491): Compiler shutdown in progress - discarding request
03-04 16:37:39.579 D/dalvikvm(23491): Compiler shutdown in progress - discarding request
03-04 16:37:39.579 D/dalvikvm(23491): Compiler shutdown in progress - discarding request
03-04 16:37:39.579 D/dalvikvm(23491): Compiler shutdown in progress - discarding request
03-04 16:37:39.579 D/dalvikvm(23491): Compiler shutdown in progress - discarding request
03-04 16:37:39.579 D/dalvikvm(23491): Compiler shutdown in progress - discarding request
03-04 16:37:39.579 D/dalvikvm(23491): Compiler shutdown in progress - discarding request
03-04 16:37:39.579 D/dalvikvm(23491): Compiler shutdown in progress - discarding request
03-04 16:37:39.579 D/dalvikvm(23491): Compiler shutdown in progress - discarding request
03-04 16:37:39.579 D/dalvikvm(23491): Compiler shutdown in progress - discarding request
03-04 16:37:39.579 D/dalvikvm(23491): Compiler shutdown in progress - discarding request
03-04 16:37:39.579 D/dalvikvm(23491): Compiler shutdown in progress - discarding request
03-04 16:37:39.579 D/dalvikvm(23491): Compiler shutdown in progress - discarding request
03-04 16:37:39.579 D/dalvikvm(23491): Compiler shutdown in progress - discarding request
03-04 16:37:39.579 D/dalvikvm(23491): Compiler shutdown in progress - discarding request
03-04 16:37:39.579 D/dalvikvm(23491): Compiler shutdown in progress - discarding request
03-04 16:37:39.579 D/dalvikvm(23491): Compiler shutdown in progress - discarding request
03-04 16:37:39.579 D/dalvikvm(23491): Compiler shutdown in progress - discarding request
03-04 16:37:39.579 D/dalvikvm(23491): Compiler shutdown in progress - discarding request
03-04 16:37:39.579 D/dalvikvm(23491): Compiler shutdown in progress - discarding request
03-04 16:37:39.579 D/dalvikvm(23491): Compiler shutdown in progress - discarding request
03-04 16:37:39.579 D/dalvikvm(23491): Compiler shutdown in progress - discarding request
03-04 16:37:39.579 D/dalvikvm(23491): Compiler shutdown in progress - discarding request
03-04 16:37:39.579 D/dalvikvm(23491): Compiler shutdown in progress - discarding request
03-04 16:37:39.579 D/dalvikvm(23491): Compiler shutdown in progress - discarding request
03-04 16:37:39.579 D/dalvikvm(23491): Compiler shutdown in progress - discarding request
03-04 16:37:39.579 D/dalvikvm(23491): Compiler shutdown in progress - discarding request
03-04 16:37:39.579 D/dalvikvm(23491): Compiler shutdown in progress - discarding request
03-04 16:37:39.579 D/dalvikvm(23491): Compiler shutdown in progress - discarding request
03-04 16:37:39.579 D/dalvikvm(23491): Compiler shutdown in progress - discarding request
03-04 16:37:39.579 D/dalvikvm(23491): Compiler shutdown in progress - discarding request
03-04 16:37:39.579 D/dalvikvm(23491): Compiler shutdown in progress - discarding request
03-04 16:37:39.579 D/dalvikvm(23491): Compiler shutdown in progress - discarding request
03-04 16:37:39.579 D/dalvikvm(23491): Compiler shutdown in progress - discarding request
03-04 16:37:39.579 D/dalvikvm(23491): Compiler shutdown in progress - discarding request
03-04 16:37:39.579 I/ActivityManager(  505): START u0 {flg=0x10000000 cmp=org.xwalk.webapi_service_tests/.webapi_service_tests} from pid 23491
03-04 16:37:40.189 D/AndroidRuntime(23502): 
03-04 16:37:40.189 D/AndroidRuntime(23502): >>>>>> AndroidRuntime START com.android.internal.os.RuntimeInit <<<<<<
03-04 16:37:40.189 D/AndroidRuntime(23502): CheckJNI is OFF
03-04 16:37:40.189 I/AndroidRuntime(23502): Kernel Release Version: 3.10.20-gf818079
03-04 16:37:40.189 I/dalvikvm(23502): No library specified. The standard exception handler will be used
03-04 16:37:40.189 I/dalvikvm(23502): 
03-04 16:37:40.189 I/dalvikvm(23502): +++++++++++++ Using PCG. +++++++++++++++++++++
03-04 16:37:40.199 D/dalvikvm(23502): Trying to load lib libjavacore.so 0x0
03-04 16:37:40.199 D/dalvikvm(23502): Added shared lib libjavacore.so 0x0
03-04 16:37:40.199 D/dalvikvm(23502): Trying to load lib libnativehelper.so 0x0
03-04 16:37:40.199 D/dalvikvm(23502): Added shared lib libnativehelper.so 0x0
03-04 16:37:40.199 D/dalvikvm(23502): No JNI_OnLoad found in libnativehelper.so 0x0, skipping init
03-04 16:37:40.209 D/dalvikvm(23502): Extra Options: not specified
03-04 16:37:40.219 D/dalvikvm(23502): Note: class Landroid/app/ActivityManagerNative; has 186 unimplemented (abstract) methods
03-04 16:37:40.309 E/memtrack(23502): Couldn't load memtrack module (No such file or directory)
03-04 16:37:40.309 E/android.os.Debug(23502): failed to load memtrack module: -2
03-04 16:37:40.349 D/AndroidRuntime(23502): Calling main entry com.android.commands.am.Am
03-04 16:37:40.379 W/ufoGralloc(  170): registerBuffer() handle 0xb94a08f0/4 didn't require registration
03-04 16:37:40.379 I/ActivityManager(  505): START u0 {flg=0x10000000 cmp=org.xwalk.webapi_service_tests/.WebapiServiceTestsActivity} from pid 23502
03-04 16:37:40.389 D/AndroidRuntime(23502): Shutting down VM
03-04 16:37:40.389 D/dalvikvm(23502): GC_CONCURRENT freed 114K, 16% free 701K/832K, paused 0ms+1ms, total 1ms
03-04 16:37:40.399 D/dalvikvm(23502): Compiler shutdown in progress - discarding request
03-04 16:37:40.399 D/dalvikvm(23502): Compiler shutdown in progress - discarding request
03-04 16:37:40.399 D/dalvikvm(23502): Compiler shutdown in progress - discarding request
03-04 16:37:40.399 D/dalvikvm(23502): Compiler shutdown in progress - discarding request
03-04 16:37:40.399 D/dalvikvm(23502): Compiler shutdown in progress - discarding request
03-04 16:37:40.399 D/dalvikvm(23502): Compiler shutdown in progress - discarding request
03-04 16:37:40.399 D/dalvikvm(23502): Compiler shutdown in progress - discarding request
03-04 16:37:40.399 D/dalvikvm(23502): Compiler shutdown in progress - discarding request
03-04 16:37:40.399 D/dalvikvm(23502): Compiler shutdown in progress - discarding request
03-04 16:37:40.399 D/dalvikvm(23502): Compiler shutdown in progress - discarding request
03-04 16:37:40.399 D/dalvikvm(23502): Compiler shutdown in progress - discarding request
03-04 16:37:40.399 D/dalvikvm(23502): Compiler shutdown in progress - discarding request
03-04 16:37:40.399 D/dalvikvm(23502): Compiler shutdown in progress - discarding request
03-04 16:37:40.399 D/dalvikvm(23502): Compiler shutdown in progress - discarding request
03-04 16:37:40.399 D/dalvikvm(23502): Compiler shutdown in progress - discarding request
03-04 16:37:40.399 D/dalvikvm(23502): Compiler shutdown in progress - discarding request
03-04 16:37:40.399 D/dalvikvm(23502): Compiler shutdown in progress - discarding request
03-04 16:37:40.399 D/dalvikvm(23502): Compiler shutdown in progress - discarding request
03-04 16:37:40.399 D/dalvikvm(23502): Compiler shutdown in progress - discarding request
03-04 16:37:40.399 D/dalvikvm(23502): Compiler shutdown in progress - discarding request
03-04 16:37:40.399 D/dalvikvm(23502): Compiler shutdown in progress - discarding request
03-04 16:37:40.399 D/dalvikvm(23502): Compiler shutdown in progress - discarding request
03-04 16:37:40.399 D/dalvikvm(23502): Compiler shutdown in progress - discarding request
03-04 16:37:40.399 D/dalvikvm(23502): Compiler shutdown in progress - discarding request
03-04 16:37:40.399 D/dalvikvm(23502): Compiler shutdown in progress - discarding request
03-04 16:37:40.399 D/dalvikvm(23502): Compiler shutdown in progress - discarding request
03-04 16:37:40.399 D/dalvikvm(23502): Compiler shutdown in progress - discarding request
03-04 16:37:40.399 D/dalvikvm(23502): Compiler shutdown in progress - discarding request
03-04 16:37:40.399 D/dalvikvm(23502): Compiler shutdown in progress - discarding request
03-04 16:37:40.399 D/dalvikvm(23502): Compiler shutdown in progress - discarding request
03-04 16:37:40.399 D/dalvikvm(23502): Compiler shutdown in progress - discarding request
03-04 16:37:40.399 D/dalvikvm(23502): Compiler shutdown in progress - discarding request
03-04 16:37:40.399 D/dalvikvm(23502): Compiler shutdown in progress - discarding request
03-04 16:37:40.399 D/dalvikvm(23502): Compiler shutdown in progress - discarding request
03-04 16:37:40.399 D/dalvikvm(23502): Compiler shutdown in progress - discarding request
03-04 16:37:40.399 D/dalvikvm(23502): Compiler shutdown in progress - discarding request
03-04 16:37:40.399 D/dalvikvm(23502): Compiler shutdown in progress - discarding request
03-04 16:37:40.399 D/dalvikvm(23502): Compiler shutdown in progress - discarding request
03-04 16:37:40.419 I/SecurityManagerService(  602): SMS received security event: App[START/org.xwalk.webapi_service_tests]
03-04 16:37:40.439 D/dalvikvm(23513): Process 23513 nice name: org.xwalk.webapi_service_tests
03-04 16:37:40.439 D/dalvikvm(23513): Extra Options: not specified
03-04 16:37:40.439 I/ActivityManager(  505): Start proc org.xwalk.webapi_service_tests for activity org.xwalk.webapi_service_tests/.WebapiServiceTestsActivity: pid=23513 uid=10401 gids={50401, 3003, 1028, 1015}
03-04 16:37:40.449 D/WindowManager(  505): adjustConfigurationLw, config:{1.0 ?mcc?mnc ?locale ?layoutDir sw600dp w600dp h888dp 213dpi lrg port ?uimode ?night finger -keyb/v/h -nav/v} mLidState:1 mHasDockFeature:false mHasKeyboardFeature:false mHasHallSensorFeature:true config.hardKeyboardHidden:2
03-04 16:37:40.449 I/ActivityManager(  505): [TopPkgCurBat]	NowPkgName[org.xwalk.webapi_service_tests]	Battery[81]	TimeTick[1425458260461]	OldPkgName[com.chrome.beta]
03-04 16:37:40.469 D/dalvikvm(23513): Trying to load lib /data/app-lib/org.xwalk.webapi_service_tests-1/libxwalkcore.so 0x43d814c0
03-04 16:37:40.469 D/dalvikvm(23513): Added shared lib /data/app-lib/org.xwalk.webapi_service_tests-1/libxwalkcore.so 0x43d814c0
03-04 16:37:40.479 I/LibraryLoader(23513): Time to load native libraries: 10 ms (timestamps 2810-2820)
03-04 16:37:40.479 I/LibraryLoader(23513): Expected native library version number "",actual native library version number ""
03-04 16:37:40.479 D/        (21181): Surface destroy: ANDROID_NATIVE_WINDOW_MAGIC
03-04 16:37:40.489 D/        (21086): Surface destroy: ANDROID_NATIVE_WINDOW_MAGIC
03-04 16:37:40.499 I/LibraryLoader(23513): Expected native library version number "",actual native library version number ""
03-04 16:37:40.499 I/chromium(23513): [INFO:library_loader_hooks.cc(112)] Chromium logging enabled: level = 0, default verbosity = 0
03-04 16:37:40.509 I/BrowserStartupController(23513): Initializing chromium process, singleProcess=true
03-04 16:37:40.559 W/AudioManagerAndroid(23513): Requires BLUETOOTH permission
03-04 16:37:40.559 I/ufoGralloc(23513): Hello, this is UFO GRALLOC/Intel Corporation
03-04 16:37:40.569 D/        (23513): Pixel Format : GGL_PIXEL_FORMAT_RGBA_8888
03-04 16:37:40.569 D/        (23513): droid_create_context : config id = 1 conf->NativeVisualID=1
03-04 16:37:40.569 D/        (23513): Pixel Format : GGL_PIXEL_FORMAT_RGBA_8888
