03-04 16:27:48.519 D/BluetoothAdapterService(20455): getAdapterService(): returning com.android.bluetooth.btservice.AdapterService@21ec8ba0
03-04 16:27:48.519 I/BtGatt.JNI(20455): classInitNative(L685): classInitNative: Success!
03-04 16:27:48.529 I/SecurityManagerService(  602): SMS received security event: App[STOP/com.android.settings]
03-04 16:27:48.529 D/BluetoothManagerService(  505): BluetoothServiceConnection: com.android.bluetooth.gatt.GattService
03-04 16:27:48.529 D/BluetoothManagerService(  505): Message: 40
03-04 16:27:48.529 D/BluetoothManagerService(  505): MESSAGE_BLUETOOTH_SERVICE_CONNECTED: 2
03-04 16:27:48.529 D/BtGatt.DebugUtils(20455): handleDebugAction() action=null
03-04 16:27:48.529 D/BtGatt.GattService(20455): Received start request. Starting profile...
03-04 16:27:48.529 D/BtGatt.GattService(20455): start()
03-04 16:27:48.529 I/bluedroid(20455): get_profile_interface gatt
03-04 16:27:48.529 D/BluetoothAdapterService(20455): getAdapterService(): returning com.android.bluetooth.btservice.AdapterService@21ec8ba0
03-04 16:27:48.529 D/BluetoothAdapterService(569150368)(20455): Message: 1
03-04 16:27:48.529 D/BluetoothAdapterService(569150368)(20455): MESSAGE_PROFILE_SERVICE_STATE_CHANGED
03-04 16:27:48.529 D/BluetoothAdapterService(20455): onProfileServiceStateChange: serviceName=com.android.bluetooth.hfp.HeadsetService, state = 12, doUpdate = true
03-04 16:27:48.529 D/BluetoothAdapterService(20455): Profile still not running:com.android.bluetooth.hdp.HealthService
03-04 16:27:48.529 D/BluetoothAdapterService(569150368)(20455): Message: 1
03-04 16:27:48.529 D/BluetoothAdapterService(569150368)(20455): MESSAGE_PROFILE_SERVICE_STATE_CHANGED
03-04 16:27:48.529 D/BluetoothAdapterService(20455): onProfileServiceStateChange: serviceName=com.android.bluetooth.a2dp.A2dpService, state = 12, doUpdate = true
03-04 16:27:48.529 D/BluetoothAdapterService(20455): Profile still not running:com.android.bluetooth.hdp.HealthService
03-04 16:27:48.529 D/BluetoothAdapterService(569150368)(20455): Message: 1
03-04 16:27:48.529 D/BluetoothAdapterService(569150368)(20455): MESSAGE_PROFILE_SERVICE_STATE_CHANGED
03-04 16:27:48.529 D/BluetoothAdapterService(20455): onProfileServiceStateChange: serviceName=com.android.bluetooth.hid.HidService, state = 12, doUpdate = true
03-04 16:27:48.529 D/BluetoothAdapterService(20455): Profile still not running:com.android.bluetooth.hdp.HealthService
03-04 16:27:48.529 D/BluetoothAdapterService(569150368)(20455): Message: 1
03-04 16:27:48.529 D/BluetoothAdapterService(569150368)(20455): MESSAGE_PROFILE_SERVICE_STATE_CHANGED
03-04 16:27:48.529 D/BluetoothAdapterService(20455): onProfileServiceStateChange: serviceName=com.android.bluetooth.hdp.HealthService, state = 12, doUpdate = true
03-04 16:27:48.529 D/BluetoothAdapterService(20455): Profile still not running:com.android.bluetooth.pan.PanService
03-04 16:27:48.529 D/HeadsetPhoneState(20455): sendDeviceStateChanged. mService=0 mSignal=0 mRoam=0 mBatteryCharge=4
03-04 16:27:48.529 D/BluetoothAdapterService(569150368)(20455): Message: 1
03-04 16:27:48.529 D/BluetoothAdapterService(569150368)(20455): MESSAGE_PROFILE_SERVICE_STATE_CHANGED
03-04 16:27:48.529 D/BluetoothAdapterService(20455): onProfileServiceStateChange: serviceName=com.android.bluetooth.pan.PanService, state = 12, doUpdate = true
03-04 16:27:48.529 D/BluetoothAdapterService(20455): Profile still not running:com.android.bluetooth.gatt.GattService
03-04 16:27:48.529 D/BluetoothAdapterService(569150368)(20455): Message: 1
03-04 16:27:48.529 D/BluetoothAdapterService(569150368)(20455): MESSAGE_PROFILE_SERVICE_STATE_CHANGED
03-04 16:27:48.529 D/BluetoothAdapterService(20455): onProfileServiceStateChange: serviceName=com.android.bluetooth.gatt.GattService, state = 12, doUpdate = true
03-04 16:27:48.529 D/BluetoothAdapterService(20455): All profile services started.
03-04 16:27:48.529 D/BluetoothAdapterState(20455): CURRENT_STATE=PENDING, MESSAGE = STARTED, isTurningOn=true, isTurningOff=false
03-04 16:27:48.529 I/bluedroid(20455): enable
03-04 16:27:48.539 I/SecurityManagerService(  602): SMS received security event: App[START/com.android.settings]
03-04 16:27:48.539 I/bt_hci_bdroid(20455): init
03-04 16:27:48.539 I/bt_vendor(20455): init
03-04 16:27:48.539 I/bt_vnd_conf(20455): Attempt to load conf from /system/etc/bluetooth/bt_K011.conf
03-04 16:27:48.539 I/bt_vnd_conf(20455): PCM define 
03-04 16:27:48.539 I/bt_hci_bdroid(20455): bt_hc_worker_thread started
03-04 16:27:48.539 D/dalvikvm(20492): Process 20492 nice name: com.android.settings
03-04 16:27:48.539 D/dalvikvm(20492): Extra Options: not specified
03-04 16:27:48.549 I/ActivityManager(  505): Start proc com.android.settings for broadcast com.android.settings/.widget.SettingsAppWidgetProvider: pid=20492 uid=1000 gids={41000, 3003, 1028, 1015, 3002, 3001, 1023}
03-04 16:27:48.649 W/MediaFocusControl(  505): RemoteControl: display android.media.IRemoteControlDisplay$Stub$Proxy@221dc598 died
03-04 16:27:48.649 D/BluetoothTethering(  505): got CMD_CHANNEL_DISCONNECTED
03-04 16:27:48.649 E/BluetoothTethering(  505): attempted to stop reverse tether with nothing tethered
03-04 16:27:48.649 D/BluetoothManagerService(  505): BluetoothServiceConnection, disconnected: com.android.bluetooth.btservice.AdapterService
03-04 16:27:48.649 D/BluetoothManagerService(  505): BluetoothServiceConnection, disconnected: com.android.bluetooth.gatt.GattService
03-04 16:27:48.649 D/BluetoothManagerService(  505): Message: 41
03-04 16:27:48.649 E/BluetoothManagerService(  505): MESSAGE_BLUETOOTH_SERVICE_DISCONNECTED: 1
03-04 16:27:48.649 D/BluetoothManagerService(  505): Calling onBluetoothServiceDown callbacks
03-04 16:27:48.649 D/BluetoothManagerService(  505): Broadcasting onBluetoothServiceDown() to 3 receivers.
03-04 16:27:48.649 D/BluetoothAdapter(  505): onBluetoothServiceDown: android.bluetooth.IBluetooth$Stub$Proxy@22164498
03-04 16:27:48.649 D/BluetoothAdapter(  571): onBluetoothServiceDown: android.bluetooth.IBluetooth$Stub$Proxy@2243bb08
03-04 16:27:48.649 D/BluetoothAdapter(  760): onBluetoothServiceDown: android.bluetooth.IBluetooth$Stub$Proxy@21fa0288
03-04 16:27:48.649 D/BluetoothManagerService(  505): Bluetooth State Change Intent: 12 -> 13
03-04 16:27:48.649 I/SecurityManagerService(  602): SMS received security event: App[STOP/com.android.bluetooth]
03-04 16:27:48.649 D/BluetoothManagerService(  505): Broadcasting onBluetoothStateChange(false) to 6 receivers.
03-04 16:27:48.649 D/BluetoothHeadset(  760): onBluetoothStateChange: up=false
03-04 16:27:48.649 D/BluetoothAdapter(  571): 573823048: getState() :  mService = null. Returning STATE_OFF
03-04 16:27:48.649 I/ActivityManager(  505): Process com.android.bluetooth (pid 20455) has died.
03-04 16:27:48.659 E/BluetoothHeadset(  760): 
03-04 16:27:48.659 E/BluetoothHeadset(  760): java.lang.IllegalArgumentException: Service not registered: android.bluetooth.BluetoothHeadset$2@21f08798
03-04 16:27:48.659 E/BluetoothHeadset(  760): 	at android.app.LoadedApk.forgetServiceDispatcher(LoadedApk.java:931)
03-04 16:27:48.659 E/BluetoothHeadset(  760): 	at android.app.ContextImpl.unbindService(ContextImpl.java:1663)
03-04 16:27:48.659 E/BluetoothHeadset(  760): 	at android.content.ContextWrapper.unbindService(ContextWrapper.java:530)
03-04 16:27:48.659 E/BluetoothHeadset(  760): 	at android.bluetooth.BluetoothHeadset$1.onBluetoothStateChange(BluetoothHeadset.java:239)
03-04 16:27:48.659 E/BluetoothHeadset(  760): 	at android.bluetooth.IBluetoothStateChangeCallback$Stub.onTransact(IBluetoothStateChangeCallback.java:55)
03-04 16:27:48.659 E/BluetoothHeadset(  760): 	at android.os.Binder.execTransact(Binder.java:404)
03-04 16:27:48.659 E/BluetoothHeadset(  760): 	at dalvik.system.NativeStart.run(Native Method)
03-04 16:27:48.659 D/BluetoothA2dp(  505): onBluetoothStateChange: up=false
03-04 16:27:48.669 E/BluetoothA2dp(  505): 
03-04 16:27:48.669 E/BluetoothA2dp(  505): java.lang.IllegalArgumentException: Service not registered: android.bluetooth.BluetoothA2dp$2@2202ce08
03-04 16:27:48.669 E/BluetoothA2dp(  505): 	at android.app.LoadedApk.forgetServiceDispatcher(LoadedApk.java:931)
03-04 16:27:48.669 E/BluetoothA2dp(  505): 	at android.app.ContextImpl.unbindService(ContextImpl.java:1663)
03-04 16:27:48.669 E/BluetoothA2dp(  505): 	at android.bluetooth.BluetoothA2dp$1.onBluetoothStateChange(BluetoothA2dp.java:121)
03-04 16:27:48.669 E/BluetoothA2dp(  505): 	at com.android.server.BluetoothManagerService.sendBluetoothStateCallback(BluetoothManagerService.java:774)
03-04 16:27:48.669 E/BluetoothA2dp(  505): 	at com.android.server.BluetoothManagerService.bluetoothStateChangeHandler(BluetoothManagerService.java:1491)
03-04 16:27:48.669 E/BluetoothA2dp(  505): 	at com.android.server.BluetoothManagerService.access$3000(BluetoothManagerService.java:60)
03-04 16:27:48.669 E/BluetoothA2dp(  505): 	at com.android.server.BluetoothManagerService$BluetoothHandler.handleMessage(BluetoothManagerService.java:1234)
03-04 16:27:48.669 E/BluetoothA2dp(  505): 	at android.os.Handler.dispatchMessage(Handler.java:102)
03-04 16:27:48.669 E/BluetoothA2dp(  505): 	at android.os.Looper.loop(Looper.java:149)
03-04 16:27:48.669 E/BluetoothA2dp(  505): 	at android.os.HandlerThread.run(HandlerThread.java:61)
03-04 16:27:48.669 E/BluetoothPan(  505): 
03-04 16:27:48.669 E/BluetoothPan(  505): java.lang.IllegalArgumentException: Service not registered: android.bluetooth.BluetoothPan$2@220b9f28
03-04 16:27:48.669 E/BluetoothPan(  505): 	at android.app.LoadedApk.forgetServiceDispatcher(LoadedApk.java:931)
03-04 16:27:48.669 E/BluetoothPan(  505): 	at android.app.ContextImpl.unbindService(ContextImpl.java:1663)
03-04 16:27:48.669 E/BluetoothPan(  505): 	at android.bluetooth.BluetoothPan$1.onBluetoothStateChange(BluetoothPan.java:199)
03-04 16:27:48.669 E/BluetoothPan(  505): 	at com.android.server.BluetoothManagerService.sendBluetoothStateCallback(BluetoothManagerService.java:774)
03-04 16:27:48.669 E/BluetoothPan(  505): 	at com.android.server.BluetoothManagerService.bluetoothStateChangeHandler(BluetoothManagerService.java:1491)
03-04 16:27:48.669 E/BluetoothPan(  505): 	at com.android.server.BluetoothManagerService.access$3000(BluetoothManagerService.java:60)
03-04 16:27:48.669 E/BluetoothPan(  505): 	at com.android.server.BluetoothManagerService$BluetoothHandler.handleMessage(BluetoothManagerService.java:1234)
03-04 16:27:48.669 E/BluetoothPan(  505): 	at android.os.Handler.dispatchMessage(Handler.java:102)
03-04 16:27:48.669 E/BluetoothPan(  505): 	at android.os.Looper.loop(Looper.java:149)
03-04 16:27:48.669 E/BluetoothPan(  505): 	at android.os.HandlerThread.run(HandlerThread.java:61)
03-04 16:27:48.669 D/BluetoothHeadset(  760): onBluetoothStateChange: up=false
03-04 16:27:48.669 E/BluetoothHeadset(  760): 
03-04 16:27:48.669 E/BluetoothHeadset(  760): java.lang.IllegalArgumentException: Service not registered: android.bluetooth.BluetoothHeadset$2@21f03308
03-04 16:27:48.669 E/BluetoothHeadset(  760): 	at android.app.LoadedApk.forgetServiceDispatcher(LoadedApk.java:931)
03-04 16:27:48.669 E/BluetoothHeadset(  760): 	at android.app.ContextImpl.unbindService(ContextImpl.java:1663)
03-04 16:27:48.669 E/BluetoothHeadset(  760): 	at android.content.ContextWrapper.unbindService(ContextWrapper.java:530)
03-04 16:27:48.669 E/BluetoothHeadset(  760): 	at android.content.ContextWrapper.unbindService(ContextWrapper.java:530)
03-04 16:27:48.669 E/BluetoothHeadset(  760): 	at android.bluetooth.BluetoothHeadset$1.onBluetoothStateChange(BluetoothHeadset.java:239)
03-04 16:27:48.669 E/BluetoothHeadset(  760): 	at android.bluetooth.IBluetoothStateChangeCallback$Stub.onTransact(IBluetoothStateChangeCallback.java:55)
03-04 16:27:48.669 E/BluetoothHeadset(  760): 	at android.os.Binder.execTransact(Binder.java:404)
03-04 16:27:48.669 E/BluetoothHeadset(  760): 	at dalvik.system.NativeStart.run(Native Method)
03-04 16:27:48.669 D/BluetoothHeadset(  505): onBluetoothStateChange: up=false
03-04 16:27:48.669 E/BluetoothHeadset(  505): 
03-04 16:27:48.669 E/BluetoothHeadset(  505): java.lang.IllegalArgumentException: Service not registered: android.bluetooth.BluetoothHeadset$2@221d3b90
03-04 16:27:48.669 E/BluetoothHeadset(  505): 	at android.app.LoadedApk.forgetServiceDispatcher(LoadedApk.java:931)
03-04 16:27:48.669 E/BluetoothHeadset(  505): 	at android.app.ContextImpl.unbindService(ContextImpl.java:1663)
03-04 16:27:48.669 E/BluetoothHeadset(  505): 	at android.bluetooth.BluetoothHeadset$1.onBluetoothStateChange(BluetoothHeadset.java:239)
03-04 16:27:48.669 E/BluetoothHeadset(  505): 	at com.android.server.BluetoothManagerService.sendBluetoothStateCallback(BluetoothManagerService.java:774)
03-04 16:27:48.669 E/BluetoothHeadset(  505): 	at com.android.server.BluetoothManagerService.bluetoothStateChangeHandler(BluetoothManagerService.java:1491)
03-04 16:27:48.669 E/BluetoothHeadset(  505): 	at com.android.server.BluetoothManagerService.access$3000(BluetoothManagerService.java:60)
03-04 16:27:48.669 E/BluetoothHeadset(  505): 	at com.android.server.BluetoothManagerService$BluetoothHandler.handleMessage(BluetoothManagerService.java:1234)
03-04 16:27:48.669 E/BluetoothHeadset(  505): 	at android.os.Handler.dispatchMessage(Handler.java:102)
03-04 16:27:48.669 E/BluetoothHeadset(  505): 	at android.os.Looper.loop(Looper.java:149)
03-04 16:27:48.669 E/BluetoothHeadset(  505): 	at android.os.HandlerThread.run(HandlerThread.java:61)
03-04 16:27:48.669 D/BluetoothHeadset(  760): onBluetoothStateChange: up=false
03-04 16:27:48.669 E/BluetoothHeadset(  760): 
03-04 16:27:48.669 E/BluetoothHeadset(  760): java.lang.IllegalArgumentException: Service not registered: android.bluetooth.BluetoothHeadset$2@21f1f1c0
03-04 16:27:48.669 E/BluetoothHeadset(  760): 	at android.app.LoadedApk.forgetServiceDispatcher(LoadedApk.java:931)
03-04 16:27:48.669 E/BluetoothHeadset(  760): 	at android.app.ContextImpl.unbindService(ContextImpl.java:1663)
03-04 16:27:48.669 E/BluetoothHeadset(  760): 	at android.content.ContextWrapper.unbindService(ContextWrapper.java:530)
03-04 16:27:48.669 E/BluetoothHeadset(  760): 	at android.bluetooth.BluetoothHeadset$1.onBluetoothStateChange(BluetoothHeadset.java:239)
03-04 16:27:48.669 E/BluetoothHeadset(  760): 	at android.bluetooth.IBluetoothStateChangeCallback$Stub.onTransact(IBluetoothStateChangeCallback.java:55)
03-04 16:27:48.669 E/BluetoothHeadset(  760): 	at android.os.Binder.execTransact(Binder.java:404)
03-04 16:27:48.669 E/BluetoothHeadset(  760): 	at dalvik.system.NativeStart.run(Native Method)
03-04 16:27:48.669 V/CsmClient(  505): [4] csmStop called
03-04 16:27:48.669 D/BluetoothManagerService(  505): Bluetooth State Change Intent: 13 -> 10
03-04 16:27:48.669 D/BluetoothManagerService(  505): Message: 41
03-04 16:27:48.669 E/BluetoothManagerService(  505): MESSAGE_BLUETOOTH_SERVICE_DISCONNECTED: 2
03-04 16:27:48.669 D/BluetoothAdapter(  571): 573823048: getState() :  mService = null. Returning STATE_OFF
03-04 16:27:48.809 I/SecurityManagerService(  602): SMS received security event: App[START/com.android.bluetooth]
03-04 16:27:48.819 I/ActivityManager(  505): Start proc com.android.bluetooth for broadcast com.android.bluetooth/.opp.BluetoothOppReceiver: pid=20506 uid=1002 gids={41002, 3003, 3002, 3001, 1028, 1015, 3005, 1016, 3008}
03-04 16:27:48.829 D/dalvikvm(20506): Process 20506 nice name: com.android.bluetooth
03-04 16:27:48.829 D/dalvikvm(20506): Extra Options: not specified
03-04 16:27:48.849 D/BluetoothManagerService(  505): Message: 42
03-04 16:27:48.849 D/BluetoothManagerService(  505): MESSAGE_RESTART_BLUETOOTH_SERVICE: Restart IBluetooth service
03-04 16:27:48.849 D/AudioHardwareALSA(  182): setParameters
03-04 16:27:48.899 I/ActivityManager(  505): Process com.android.settings (pid 20492) has died.
03-04 16:27:48.909 I/SecurityManagerService(  602): SMS received security event: App[STOP/com.android.settings]
03-04 16:27:48.939 D/AdapterServiceConfig(20506): Adding HeadsetService
03-04 16:27:48.939 D/AdapterServiceConfig(20506): Adding A2dpService
03-04 16:27:48.939 D/AdapterServiceConfig(20506): Adding HidService
03-04 16:27:48.939 D/dalvikvm(  171): GC_EXPLICIT freed 47K, 2% free 5801K/5892K, paused 1ms+1ms, total 117ms
03-04 16:27:48.939 D/AdapterServiceConfig(20506): Adding HealthService
03-04 16:27:48.939 D/AdapterServiceConfig(20506): Adding PanService
03-04 16:27:48.939 D/AdapterServiceConfig(20506): Adding GattService
03-04 16:27:48.949 D/BluetoothAdapterService(20506): REFCOUNT: CREATED. INSTANCE_COUNT1
03-04 16:27:48.949 D/BluetoothAdapterService(569157816)(20506): onCreate
03-04 16:27:48.949 D/dalvikvm(  171): GC_EXPLICIT freed <1K, 2% free 5801K/5892K, paused 1ms+1ms, total 12ms
03-04 16:27:48.959 I/SecurityManagerService(  602): SMS received security event: App[START/com.android.settings]
03-04 16:27:48.969 D/dalvikvm(  171): GC_EXPLICIT freed <1K, 2% free 5801K/5892K, paused 1ms+1ms, total 12ms
03-04 16:27:48.969 D/dalvikvm(20518): Process 20518 nice name: com.android.settings
03-04 16:27:48.969 D/dalvikvm(20518): Extra Options: not specified
03-04 16:27:48.969 I/ActivityManager(  505): Start proc com.android.settings for broadcast com.android.settings/.bluetooth.DockEventReceiver: pid=20518 uid=1000 gids={41000, 3003, 1028, 1015, 3002, 3001, 1023}
03-04 16:27:48.989 D/BluetoothAdapterState(20506): make
03-04 16:27:48.989 I/bluedroid(20506): init
03-04 16:27:48.989 I/BluetoothAdapterState(20506): Entering OffState
03-04 16:27:48.989 W/ContextImpl(20518): Calling a method in the system process without a qualified user: android.app.ContextImpl.startService:1547 android.content.ContextWrapper.startService:495 android.content.ContextWrapper.startService:495 com.android.settings.bluetooth.DockEventReceiver.beginStartingService:134 com.android.settings.bluetooth.DockEventReceiver.onReceive:115 
03-04 16:27:48.999 I/bte_conf(20506): Attempt to load stack conf from /etc/bluetooth/bt_stack.conf
03-04 16:27:48.999 I/bte_conf(20506): Loading BT stack properties conf
03-04 16:27:48.999 D/BTIF_CORE(20506): Version: AMPAK-Android-4.4-GPS-FM-1.0.0 
03-04 16:27:48.999 I/bluedroid(20506): get_profile_interface socket
03-04 16:27:48.999 I/GKI_LINUX(20506): gki_task_entry: gki_task_entry task_id=1 [BTIF] starting
03-04 16:27:48.999 D/BluetoothAdapterService(569157816)(20506): onBind
03-04 16:27:48.999 D/BluetoothManagerService(  505): BluetoothServiceConnection: com.android.bluetooth.btservice.AdapterService
03-04 16:27:48.999 D/BluetoothManagerService(  505): Message: 40
03-04 16:27:49.009 D/BluetoothManagerService(  505): MESSAGE_BLUETOOTH_SERVICE_CONNECTED: 1
03-04 16:27:49.009 I/bluedroid(20506): config_hci_snoop_log
03-04 16:27:49.009 D/BluetoothManagerService(  505): Calling onBluetoothServiceUp callbacks
03-04 16:27:49.009 D/BluetoothManagerService(  505): Broadcasting onBluetoothServiceUp() to 4 receivers.
03-04 16:27:49.009 D/BluetoothAdapter(  505): onBluetoothServiceUp: android.bluetooth.IBluetooth$Stub$Proxy@22164470
03-04 16:27:49.009 D/BluetoothAdapter(20506): onBluetoothServiceUp: com.android.bluetooth.btservice.AdapterService$AdapterServiceBinder@21ecb460
03-04 16:27:49.009 D/BluetoothAdapter(  571): onBluetoothServiceUp: android.bluetooth.IBluetooth$Stub$Proxy@226b0110
03-04 16:27:49.009 D/BluetoothAdapter(  760): onBluetoothServiceUp: android.bluetooth.IBluetooth$Stub$Proxy@21fa2a90
03-04 16:27:49.009 D/BluetoothAdapterService(569157816)(20506): Enable called with quiet mode status =  false
03-04 16:27:49.009 D/BluetoothAdapterState(20506): CURRENT_STATE=OFF, MESSAGE = USER_TURN_ON
03-04 16:27:49.009 D/BluetoothAdapterState(20506): REPORT_INFO: CWS_BT_ON
03-04 16:27:49.009 D/BluetoothAdapterProperties(20506): Setting state to 11
03-04 16:27:49.009 I/BluetoothAdapterState(20506): Bluetooth adapter state changed: 10-> 11
03-04 16:27:49.009 D/BluetoothAdapterService(20506): Broadcasting updateAdapterState() to 1 receivers.
03-04 16:27:49.009 D/BluetoothManagerService(  505): onBluetoothStateChange prev=10 new=11
03-04 16:27:49.009 D/BluetoothManagerService(  505): Message: 60
03-04 16:27:49.009 D/BluetoothManagerService(  505): MESSAGE_BLUETOOTH_STATE_CHANGE: prevState = 10, newState=11
03-04 16:27:49.009 D/BluetoothManagerService(  505): Bluetooth State Change Intent: 10 -> 11
03-04 16:27:49.019 I/WifiHW  (  505): CMD: IFNAME=wlan0 SIGNAL_POLL
03-04 16:27:49.019 D/BluetoothAdapterService(569157816)(20506): processStart()
03-04 16:27:49.019 D/BluetoothAdapterService(569157816)(20506): processStart(): Make Bond State Machine
03-04 16:27:49.019 D/BluetoothAdapterService(569157816)(20506): getState(): mAdapterProperties: com.android.bluetooth.btservice.AdapterProperties@21ecb660
03-04 16:27:49.019 D/BluetoothBondStateMachine(20506): make
03-04 16:27:49.019 I/BluetoothAdapterProperties(20506): adapterPropertyChangedCallback with type:2 len:6
03-04 16:27:49.019 D/BluetoothAdapterProperties(20506): Address is:78:24:AF:02:8B:DC
03-04 16:27:49.019 I/BluetoothAdapterProperties(20506): adapterPropertyChangedCallback with type:1 len:4
03-04 16:27:49.019 D/BluetoothManagerService(  505): Bluetooth Adapter name changed to K011
03-04 16:27:49.019 D/BluetoothAdapterProperties(20506): Name is: K011
03-04 16:27:49.019 I/BluetoothBondStateMachine(20506): StableState(): Entering Off State
03-04 16:27:49.019 D/BluetoothAdapterService(20506): setAdapterService(): set to: null
03-04 16:27:49.019 W/BluetoothAdapterService(20506): Starting service com.android.bluetooth.hfp.HeadsetService
03-04 16:27:49.019 W/BluetoothAdapterService(20506): Starting service com.android.bluetooth.a2dp.A2dpService
03-04 16:27:49.029 W/BluetoothAdapterService(20506): Starting service com.android.bluetooth.hid.HidService
03-04 16:27:49.029 W/BluetoothAdapterService(20506): Starting service com.android.bluetooth.hdp.HealthService
03-04 16:27:49.029 W/BluetoothAdapterService(20506): Starting service com.android.bluetooth.pan.PanService
03-04 16:27:49.029 D/wpa_supplicant(  694): RX ctrl_iface - hexdump(len=11): 53 49 47 4e 41 4c 5f 50 4f 4c 4c
03-04 16:27:49.029 W/BluetoothAdapterService(20506): Starting service com.android.bluetooth.gatt.GattService
03-04 16:27:49.029 I/BluetoothAdapterState(20506): Entering PendingCommandState State: isTurningOn()=true, isTurningOff()=false
03-04 16:27:49.039 D/BluetoothAdapterService(569157816)(20506): getState(): mAdapterProperties: com.android.bluetooth.btservice.AdapterProperties@21ecb660
03-04 16:27:49.039 D/HeadsetService(20506): Received start request. Starting profile...
03-04 16:27:49.039 I/BluetoothHeadsetServiceJni(20506): classInitNative: succeeds
03-04 16:27:49.039 D/HeadsetStateMachine(20506): make
03-04 16:27:49.049 D/BluetoothAdapterService(569157816)(20506): getState(): mAdapterProperties: com.android.bluetooth.btservice.AdapterProperties@21ecb660
03-04 16:27:49.049 D/BluetoothManagerService(  505): Message: 30
03-04 16:27:49.049 D/BluetoothManagerService(  505): Message: 30
03-04 16:27:49.049 W/ContextImpl(20518): Calling a method in the system process without a qualified user: android.app.ContextImpl.bindService:1611 android.content.ContextWrapper.bindService:518 android.bluetooth.BluetoothInputDevice.doBind:245 android.bluetooth.BluetoothInputDevice.<init>:238 android.bluetooth.BluetoothAdapter.getProfileProxy:1450 
03-04 16:27:49.049 W/ContextImpl(20518): Calling a method in the system process without a qualified user: android.app.ContextImpl.bindService:1611 android.content.ContextWrapper.bindService:518 android.bluetooth.BluetoothPan.doBind:149 android.bluetooth.BluetoothPan.<init>:141 android.bluetooth.BluetoothAdapter.getProfileProxy:1453 
03-04 16:27:49.059 D/LocalBluetoothProfileManager(20518): Adding local MAP profile
03-04 16:27:49.059 D/BluetoothMap(20518): Create BluetoothMap proxy object
03-04 16:27:49.059 D/BluetoothManagerService(  505): Message: 30
03-04 16:27:49.059 E/BluetoothMap(20518): Could not bind to Bluetooth MAP Service with Intent { act=android.bluetooth.IBluetoothMap }
03-04 16:27:49.059 D/wpa_supplicant(  694): wlan0: Control interface command 'SIGNAL_POLL'
03-04 16:27:49.059 D/BluetoothManagerService(  505): Message: 30
03-04 16:27:49.059 D/LocalBluetoothProfileManager(20518): LocalBluetoothProfileManager construction complete
03-04 16:27:49.059 W/ContextImpl(20518): Calling a method in the system process without a qualified user: android.app.ContextImpl.bindService:1611 android.content.ContextWrapper.bindService:518 android.bluetooth.BluetoothPbap.doBind:164 android.bluetooth.BluetoothPbap.<init>:157 com.android.settings.bluetooth.PbapServerProfile.<init>:68 
03-04 16:27:49.089 D/DockEventReceiver(20518): finishStartingService: stopping service
03-04 16:27:49.089 D/BatteryStatsImpl(  505): noteStopWakeLocked com.android.settings isFromForeground = false
03-04 16:27:49.089 V/ActivityManager(  505): Remove bg service from mStartingBackground ,r=ServiceRecord{2264e350 u0 com.android.settings/.bluetooth.DockService},r used time=96,left r count=0
03-04 16:27:49.099 D/wpa_supplicant(  694): nl80211: survey data missing!
03-04 16:27:49.099 D/BluetoothManagerService(  505): Stored Bluetooth name: K011
03-04 16:27:49.109 I/WifiHW  (  505): REPLY: RSSI=-60
03-04 16:27:49.109 I/WifiHW  (  505): REPLY: LINKSPEED=39
03-04 16:27:49.109 I/WifiHW  (  505): REPLY: NOISE=9999
03-04 16:27:49.109 I/WifiHW  (  505): REPLY: FREQUENCY=2437
03-04 16:27:49.139 I/bluedroid(20506): get_profile_interface handsfree
03-04 16:27:49.149 D/BluetoothAdapterService(20506): getAdapterService(): returning com.android.bluetooth.btservice.AdapterService@21eca8b8
03-04 16:27:49.149 D/A2dpService(20506): Received start request. Starting profile...
03-04 16:27:49.149 I/BluetoothA2dpServiceJni(20506): classInitNative: succeeds
03-04 16:27:49.149 D/A2dpStateMachine(20506): make
03-04 16:27:49.149 I/bluedroid(20506): get_profile_interface a2dp
03-04 16:27:49.149 I/GKI_LINUX(20506): gki_task_entry: gki_task_entry task_id=2 [A2DP-MEDIA] starting
03-04 16:27:49.239 I/BluetoothAvrcpServiceJni(20506): classInitNative: succeeds
03-04 16:27:49.239 V/Avrcp   (20506): make
03-04 16:27:49.239 D/A2dpStateMachine(20506): Enter Disconnected: -2
03-04 16:27:49.239 I/bluedroid(20506): get_profile_interface avrcp
03-04 16:27:49.239 D/BluetoothAdapterService(20506): getAdapterService(): returning com.android.bluetooth.btservice.AdapterService@21eca8b8
03-04 16:27:49.239 I/BluetoothHidServiceJni(20506): classInitNative: succeeds
03-04 16:27:49.239 D/HidService(20506): Received start request. Starting profile...
03-04 16:27:49.259 I/bluedroid(20506): get_profile_interface hidhost
03-04 16:27:49.259 D/BluetoothAdapterService(20506): getAdapterService(): returning com.android.bluetooth.btservice.AdapterService@21eca8b8
03-04 16:27:49.259 I/BluetoothHealthServiceJni(20506): classInitNative: succeeds
03-04 16:27:49.259 D/HealthService(20506): Received start request. Starting profile...
03-04 16:27:49.279 I/bluedroid(20506): get_profile_interface health
03-04 16:27:49.279 D/BluetoothAdapterService(20506): getAdapterService(): returning com.android.bluetooth.btservice.AdapterService@21eca8b8
03-04 16:27:49.309 I/BluetoothPanServiceJni(20506): classInitNative(L112): succeeds
03-04 16:27:49.339 D/PanService(20506): Received start request. Starting profile...
03-04 16:27:49.339 D/BluetoothPanServiceJni(20506): initializeNative(L117): pan
03-04 16:27:49.339 I/bluedroid(20506): get_profile_interface pan
03-04 16:27:49.339 D/BluetoothTethering(  505): got CMD_CHANNEL_HALF_CONNECTED
03-04 16:27:49.339 D/BluetoothAdapterService(20506): getAdapterService(): returning com.android.bluetooth.btservice.AdapterService@21eca8b8
03-04 16:27:49.339 I/BtGatt.JNI(20506): classInitNative(L685): classInitNative: Success!
03-04 16:27:49.339 D/BluetoothManagerService(  505): BluetoothServiceConnection: com.android.bluetooth.gatt.GattService
03-04 16:27:49.339 D/BluetoothManagerService(  505): Message: 40
03-04 16:27:49.339 D/BluetoothManagerService(  505): MESSAGE_BLUETOOTH_SERVICE_CONNECTED: 2
03-04 16:27:49.339 D/BtGatt.DebugUtils(20506): handleDebugAction() action=null
03-04 16:27:49.349 D/BtGatt.GattService(20506): Received start request. Starting profile...
03-04 16:27:49.349 D/BtGatt.GattService(20506): start()
03-04 16:27:49.349 I/bluedroid(20506): get_profile_interface gatt
03-04 16:27:49.349 D/BluetoothAdapterService(20506): getAdapterService(): returning com.android.bluetooth.btservice.AdapterService@21eca8b8
03-04 16:27:49.349 D/BluetoothAdapterService(569157816)(20506): Message: 1
03-04 16:27:49.349 D/BluetoothAdapterService(569157816)(20506): MESSAGE_PROFILE_SERVICE_STATE_CHANGED
03-04 16:27:49.349 D/BluetoothAdapterService(20506): onProfileServiceStateChange: serviceName=com.android.bluetooth.hfp.HeadsetService, state = 12, doUpdate = true
03-04 16:27:49.349 D/BluetoothAdapterService(20506): Profile still not running:com.android.bluetooth.hdp.HealthService
03-04 16:27:49.349 D/BluetoothAdapterService(569157816)(20506): Message: 1
03-04 16:27:49.349 D/HeadsetPhoneState(20506): sendDeviceStateChanged. mService=0 mSignal=0 mRoam=0 mBatteryCharge=4
03-04 16:27:49.349 D/BluetoothAdapterService(569157816)(20506): MESSAGE_PROFILE_SERVICE_STATE_CHANGED
03-04 16:27:49.349 D/BluetoothAdapterService(20506): onProfileServiceStateChange: serviceName=com.android.bluetooth.a2dp.A2dpService, state = 12, doUpdate = true
03-04 16:27:49.349 D/BluetoothAdapterService(20506): Profile still not running:com.android.bluetooth.hdp.HealthService
03-04 16:27:49.349 D/BluetoothAdapterService(569157816)(20506): Message: 1
03-04 16:27:49.349 D/BluetoothAdapterService(569157816)(20506): MESSAGE_PROFILE_SERVICE_STATE_CHANGED
03-04 16:27:49.349 D/BluetoothAdapterService(20506): onProfileServiceStateChange: serviceName=com.android.bluetooth.hid.HidService, state = 12, doUpdate = true
03-04 16:27:49.349 D/BluetoothAdapterService(20506): Profile still not running:com.android.bluetooth.hdp.HealthService
03-04 16:27:49.349 D/BluetoothAdapterService(569157816)(20506): Message: 1
03-04 16:27:49.349 D/BluetoothAdapterService(569157816)(20506): MESSAGE_PROFILE_SERVICE_STATE_CHANGED
03-04 16:27:49.349 D/BluetoothAdapterService(20506): onProfileServiceStateChange: serviceName=com.android.bluetooth.hdp.HealthService, state = 12, doUpdate = true
03-04 16:27:49.349 D/BluetoothAdapterService(20506): Profile still not running:com.android.bluetooth.pan.PanService
03-04 16:27:49.349 D/BluetoothInputDevice(20518): Proxy object connected
03-04 16:27:49.349 D/HidProfile(20518): Bluetooth service connected
03-04 16:27:49.349 D/BluetoothAdapterService(569157816)(20506): getState(): mAdapterProperties: com.android.bluetooth.btservice.AdapterProperties@21ecb660
03-04 16:27:49.349 D/BluetoothPan(20518): BluetoothPAN Proxy object connected
03-04 16:27:49.349 D/BluetoothAdapterService(569157816)(20506): Message: 1
03-04 16:27:49.349 D/BluetoothAdapterService(569157816)(20506): MESSAGE_PROFILE_SERVICE_STATE_CHANGED
03-04 16:27:49.349 D/BluetoothAdapterService(20506): onProfileServiceStateChange: serviceName=com.android.bluetooth.pan.PanService, state = 12, doUpdate = true
03-04 16:27:49.349 D/BluetoothAdapterService(20506): Profile still not running:com.android.bluetooth.gatt.GattService
03-04 16:27:49.349 D/BluetoothAdapterService(569157816)(20506): Message: 1
03-04 16:27:49.349 D/BluetoothAdapterService(569157816)(20506): MESSAGE_PROFILE_SERVICE_STATE_CHANGED
03-04 16:27:49.349 D/BluetoothAdapterService(20506): onProfileServiceStateChange: serviceName=com.android.bluetooth.gatt.GattService, state = 12, doUpdate = true
03-04 16:27:49.349 D/BluetoothAdapterService(20506): All profile services started.
03-04 16:27:49.349 D/BluetoothAdapterState(20506): CURRENT_STATE=PENDING, MESSAGE = STARTED, isTurningOn=true, isTurningOff=false
03-04 16:27:49.349 I/bluedroid(20506): enable
03-04 16:27:49.349 D/PanProfile(20518): Bluetooth service connected
03-04 16:27:49.359 I/bt_hci_bdroid(20506): init
03-04 16:27:49.359 I/bt_vendor(20506): init
03-04 16:27:49.359 I/bt_vnd_conf(20506): Attempt to load conf from /system/etc/bluetooth/bt_K011.conf
03-04 16:27:49.359 I/bt_vnd_conf(20506): PCM define 
03-04 16:27:49.359 I/bt_hci_bdroid(20506): bt_hc_worker_thread started
03-04 16:27:49.369 W/ContextImpl(20518): Calling a method in the system process without a qualified user: android.app.ContextImpl.startService:1547 android.content.ContextWrapper.startService:495 android.content.ContextWrapper.startService:495 com.android.settings.bluetooth.DockEventReceiver.beginStartingService:134 com.android.settings.bluetooth.DockEventReceiver.onReceive:115 
03-04 16:27:49.369 D/DockEventReceiver(20518): finishStartingService: stopping service
03-04 16:27:49.369 D/BatteryStatsImpl(  505): noteStopWakeLocked com.android.settings isFromForeground = false
03-04 16:27:49.369 V/ActivityManager(  505): Remove bg service from mStartingBackground ,r=ServiceRecord{225c98f0 u0 com.android.settings/.bluetooth.DockService},r used time=2,left r count=0
03-04 16:27:49.389 E/JavaBinder(20518): !!! FAILED BINDER TRANSACTION !!!
03-04 16:27:49.409 E/BluetoothAdapter(20518): 
03-04 16:27:49.409 E/BluetoothAdapter(20518): android.os.TransactionTooLargeException
03-04 16:27:49.409 E/BluetoothAdapter(20518): 	at android.os.BinderProxy.transact(Native Method)
03-04 16:27:49.409 E/BluetoothAdapter(20518): 	at android.bluetooth.IBluetooth$Stub$Proxy.getState(IBluetooth.java:661)
03-04 16:27:49.409 E/BluetoothAdapter(20518): 	at android.bluetooth.BluetoothAdapter.getState(BluetoothAdapter.java:526)
03-04 16:27:49.409 E/BluetoothAdapter(20518): 	at com.android.settings.bluetooth.LocalBluetoothAdapter.syncBluetoothState(LocalBluetoothAdapter.java:190)
03-04 16:27:49.409 E/BluetoothAdapter(20518): 	at com.android.settings.bluetooth.LocalBluetoothAdapter.getBluetoothState(LocalBluetoothAdapter.java:172)
03-04 16:27:49.409 E/BluetoothAdapter(20518): 	at com.android.settings.widget.SettingsAppWidgetProvider$BluetoothStateTracker.getActualState(SettingsAppWidgetProvider.java:458)
03-04 16:27:49.409 E/BluetoothAdapter(20518): 	at com.android.settings.widget.SettingsAppWidgetProvider$StateTracker.getTriState(SettingsAppWidgetProvider.java:325)
03-04 16:27:49.409 E/BluetoothAdapter(20518): 	at com.android.settings.widget.SettingsAppWidgetProvider$StateTracker.setImageViewResources(SettingsAppWidgetProvider.java:204)
03-04 16:27:49.409 E/BluetoothAdapter(20518): 	at com.android.settings.widget.SettingsAppWidgetProvider.updateButtons(SettingsAppWidgetProvider.java:723)
03-04 16:27:49.409 E/BluetoothAdapter(20518): 	at com.android.settings.widget.SettingsAppWidgetProvider.buildUpdate(SettingsAppWidgetProvider.java:698)
03-04 16:27:49.409 E/BluetoothAdapter(20518): 	at com.android.settings.widget.SettingsAppWidgetProvider.updateWidget(SettingsAppWidgetProvider.java:708)
03-04 16:27:49.409 E/BluetoothAdapter(20518): 	at com.android.settings.widget.SettingsAppWidgetProvider.onReceive(SettingsAppWidgetProvider.java:831)
03-04 16:27:49.409 E/BluetoothAdapter(20518): 	at android.app.ActivityThread.handleReceiver(ActivityThread.java:2459)
03-04 16:27:49.409 E/BluetoothAdapter(20518): 	at android.app.ActivityThread.access$1700(ActivityThread.java:138)
03-04 16:27:49.409 E/BluetoothAdapter(20518): 	at android.app.ActivityThread$H.handleMessage(ActivityThread.java:1312)
03-04 16:27:49.409 E/BluetoothAdapter(20518): 	at android.os.Handler.dispatchMessage(Handler.java:102)
03-04 16:27:49.409 E/BluetoothAdapter(20518): 	at android.os.Looper.loop(Looper.java:149)
03-04 16:27:49.409 E/BluetoothAdapter(20518): 	at android.app.ActivityThread.main(ActivityThread.java:5061)
03-04 16:27:49.409 E/BluetoothAdapter(20518): 	at java.lang.reflect.Method.invokeNative(Native Method)
03-04 16:27:49.409 E/BluetoothAdapter(20518): 	at java.lang.reflect.Method.invoke(Method.java:515)
03-04 16:27:49.409 E/BluetoothAdapter(20518): 	at com.android.internal.os.ZygoteInit$MethodAndArgsCaller.run(ZygoteInit.java:788)
03-04 16:27:49.409 E/BluetoothAdapter(20518): 	at com.android.internal.os.ZygoteInit.main(ZygoteInit.java:604)
03-04 16:27:49.409 E/BluetoothAdapter(20518): 	at dalvik.system.NativeStart.main(Native Method)
03-04 16:27:49.409 D/BluetoothAdapter(20518): 569143104: getState() :  mService = null. Returning STATE_OFF
03-04 16:27:49.409 E/JavaBinder(20518): !!! FAILED BINDER TRANSACTION !!!
03-04 16:27:49.409 E/BluetoothAdapter(20518): 
03-04 16:27:49.409 E/BluetoothAdapter(20518): android.os.TransactionTooLargeException
03-04 16:27:49.409 E/BluetoothAdapter(20518): 	at android.os.BinderProxy.transact(Native Method)
03-04 16:27:49.409 E/BluetoothAdapter(20518): 	at android.bluetooth.IBluetooth$Stub$Proxy.getState(IBluetooth.java:661)
03-04 16:27:49.409 E/BluetoothAdapter(20518): 	at android.bluetooth.BluetoothAdapter.getState(BluetoothAdapter.java:526)
03-04 16:27:49.409 E/BluetoothAdapter(20518): 	at com.android.settings.bluetooth.LocalBluetoothAdapter.syncBluetoothState(LocalBluetoothAdapter.java:192)
03-04 16:27:49.409 E/BluetoothAdapter(20518): 	at com.android.settings.bluetooth.LocalBluetoothAdapter.getBluetoothState(LocalBluetoothAdapter.java:172)
03-04 16:27:49.409 E/BluetoothAdapter(20518): 	at com.android.settings.widget.SettingsAppWidgetProvider$BluetoothStateTracker.getActualState(SettingsAppWidgetProvider.java:458)
03-04 16:27:49.409 E/BluetoothAdapter(20518): 	at com.android.settings.widget.SettingsAppWidgetProvider$StateTracker.getTriState(SettingsAppWidgetProvider.java:325)
03-04 16:27:49.409 E/BluetoothAdapter(20518): 	at com.android.settings.widget.SettingsAppWidgetProvider$StateTracker.setImageViewResources(SettingsAppWidgetProvider.java:204)
03-04 16:27:49.409 E/BluetoothAdapter(20518): 	at com.android.settings.widget.SettingsAppWidgetProvider.updateButtons(SettingsAppWidgetProvider.java:723)
03-04 16:27:49.409 E/BluetoothAdapter(20518): 	at com.android.settings.widget.SettingsAppWidgetProvider.buildUpdate(SettingsAppWidgetProvider.java:698)
03-04 16:27:49.409 E/BluetoothAdapter(20518): 	at com.android.settings.widget.SettingsAppWidgetProvider.updateWidget(SettingsAppWidgetProvider.java:708)
03-04 16:27:49.409 E/BluetoothAdapter(20518): 	at com.android.settings.widget.SettingsAppWidgetProvider.onReceive(SettingsAppWidgetProvider.java:831)
03-04 16:27:49.409 E/BluetoothAdapter(20518): 	at android.app.ActivityThread.handleReceiver(ActivityThread.java:2459)
03-04 16:27:49.409 E/BluetoothAdapter(20518): 	at android.app.ActivityThread.access$1700(ActivityThread.java:138)
03-04 16:27:49.409 E/BluetoothAdapter(20518): 	at android.app.ActivityThread$H.handleMessage(ActivityThread.java:1312)
03-04 16:27:49.409 E/BluetoothAdapter(20518): 	at android.os.Handler.dispatchMessage(Handler.java:102)
03-04 16:27:49.409 E/BluetoothAdapter(20518): 	at android.os.Looper.loop(Looper.java:149)
03-04 16:27:49.409 E/BluetoothAdapter(20518): 	at android.app.ActivityThread.main(ActivityThread.java:5061)
03-04 16:27:49.409 E/BluetoothAdapter(20518): 	at java.lang.reflect.Method.invokeNative(Native Method)
03-04 16:27:49.409 E/BluetoothAdapter(20518): 	at java.lang.reflect.Method.invoke(Method.java:515)
03-04 16:27:49.409 E/BluetoothAdapter(20518): 	at com.android.internal.os.ZygoteInit$MethodAndArgsCaller.run(ZygoteInit.java:788)
03-04 16:27:49.409 E/BluetoothAdapter(20518): 	at com.android.internal.os.ZygoteInit.main(ZygoteInit.java:604)
03-04 16:27:49.409 E/BluetoothAdapter(20518): 	at dalvik.system.NativeStart.main(Native Method)
03-04 16:27:49.409 D/BluetoothAdapter(20518): 569143104: getState() :  mService = null. Returning STATE_OFF
03-04 16:27:49.419 E/JavaBinder(  505): !!! FAILED BINDER TRANSACTION !!!
03-04 16:27:49.439 I/SecurityManagerService(  602): SMS received security event: App[STOP/com.android.bluetooth]
03-04 16:27:49.439 W/BroadcastQueue(  505): Exception when sending broadcast to ComponentInfo{com.android.bluetooth/com.android.bluetooth.opp.BluetoothOppReceiver}
03-04 16:27:49.439 W/BroadcastQueue(  505): android.os.TransactionTooLargeException
03-04 16:27:49.439 W/BroadcastQueue(  505): 	at android.os.BinderProxy.transact(Native Method)
03-04 16:27:49.439 W/BroadcastQueue(  505): 	at android.app.ApplicationThreadProxy.scheduleReceiver(ApplicationThreadNative.java:821)
03-04 16:27:49.439 W/BroadcastQueue(  505): 	at com.android.server.am.BroadcastQueue.processCurBroadcastLocked(BroadcastQueue.java:241)
03-04 16:27:49.439 W/BroadcastQueue(  505): 	at com.android.server.am.BroadcastQueue.processNextBroadcast(BroadcastQueue.java:931)
03-04 16:27:49.439 W/BroadcastQueue(  505): 	at com.android.server.am.ActivityManagerService.finishReceiver(ActivityManagerService.java:14160)
03-04 16:27:49.439 W/BroadcastQueue(  505): 	at android.app.ActivityManagerNative.onTransact(ActivityManagerNative.java:383)
03-04 16:27:49.439 W/BroadcastQueue(  505): 	at com.android.server.am.ActivityManagerService.onTransact(ActivityManagerService.java:2116)
03-04 16:27:49.439 W/BroadcastQueue(  505): 	at android.os.Binder.execTransact(Binder.java:404)
03-04 16:27:49.439 W/BroadcastQueue(  505): 	at dalvik.system.NativeStart.run(Native Method)
03-04 16:27:49.449 I/SecurityManagerService(  602): SMS received security event: App[START/com.android.bluetooth]
03-04 16:27:49.449 D/dalvikvm(20548): Process 20548 nice name: com.android.bluetooth
03-04 16:27:49.449 D/dalvikvm(20548): Extra Options: not specified
03-04 16:27:49.449 I/ActivityManager(  505): Start proc com.android.bluetooth for broadcast com.android.bluetooth/.opp.BluetoothOppReceiver: pid=20548 uid=1002 gids={41002, 3003, 3002, 3001, 1028, 1015, 3005, 1016, 3008}
03-04 16:27:49.459 W/MediaFocusControl(  505): RemoteControl: display android.media.IRemoteControlDisplay$Stub$Proxy@2215f608 died
03-04 16:27:49.459 D/BluetoothManagerService(  505): BluetoothServiceConnection, disconnected: com.android.bluetooth.btservice.AdapterService
03-04 16:27:49.459 D/BluetoothManagerService(  505): BluetoothServiceConnection, disconnected: com.android.bluetooth.gatt.GattService
03-04 16:27:49.459 D/BluetoothManagerService(  505): Message: 41
03-04 16:27:49.459 E/BluetoothManagerService(  505): MESSAGE_BLUETOOTH_SERVICE_DISCONNECTED: 1
03-04 16:27:49.459 D/BluetoothManagerService(  505): Calling onBluetoothServiceDown callbacks
03-04 16:27:49.459 D/BluetoothTethering(  505): got CMD_CHANNEL_DISCONNECTED
03-04 16:27:49.459 D/BluetoothManagerService(  505): Broadcasting onBluetoothServiceDown() to 4 receivers.
03-04 16:27:49.459 D/BluetoothAdapter(  505): onBluetoothServiceDown: android.bluetooth.IBluetooth$Stub$Proxy@22164470
03-04 16:27:49.459 E/BluetoothTethering(  505): attempted to stop reverse tether with nothing tethered
03-04 16:27:49.459 D/BluetoothInputDevice(20518): Proxy object disconnected
03-04 16:27:49.459 D/HidProfile(20518): Bluetooth service disconnected
03-04 16:27:49.459 D/BluetoothPan(20518): BluetoothPAN Proxy object disconnected
03-04 16:27:49.459 D/PanProfile(20518): Bluetooth service disconnected
03-04 16:27:49.459 D/BluetoothAdapter(20518): onBluetoothServiceDown: android.bluetooth.IBluetooth$Stub$Proxy@21ec7330
03-04 16:27:49.459 D/BluetoothAdapter(  571): onBluetoothServiceDown: android.bluetooth.IBluetooth$Stub$Proxy@226b0110
03-04 16:27:49.459 D/BluetoothAdapter(  760): onBluetoothServiceDown: android.bluetooth.IBluetooth$Stub$Proxy@21fa2a90
03-04 16:27:49.459 D/BluetoothManagerService(  505): Bluetooth State Change Intent: 12 -> 13
03-04 16:27:49.459 D/BluetoothManagerService(  505): Broadcasting onBluetoothStateChange(false) to 10 receivers.
03-04 16:27:49.459 D/BluetoothHeadset(  760): onBluetoothStateChange: up=false
03-04 16:27:49.459 E/BluetoothHeadset(  760): 
03-04 16:27:49.459 E/BluetoothHeadset(  760): java.lang.IllegalArgumentException: Service not registered: android.bluetooth.BluetoothHeadset$2@21f08798
03-04 16:27:49.459 E/BluetoothHeadset(  760): 	at android.app.LoadedApk.forgetServiceDispatcher(LoadedApk.java:931)
03-04 16:27:49.459 E/BluetoothHeadset(  760): 	at android.app.ContextImpl.unbindService(ContextImpl.java:1663)
03-04 16:27:49.459 E/BluetoothHeadset(  760): 	at android.content.ContextWrapper.unbindService(ContextWrapper.java:530)
03-04 16:27:49.459 E/BluetoothHeadset(  760): 	at android.bluetooth.BluetoothHeadset$1.onBluetoothStateChange(BluetoothHeadset.java:239)
03-04 16:27:49.459 E/BluetoothHeadset(  760): 	at android.bluetooth.IBluetoothStateChangeCallback$Stub.onTransact(IBluetoothStateChangeCallback.java:55)
03-04 16:27:49.459 E/BluetoothHeadset(  760): 	at android.os.Binder.execTransact(Binder.java:404)
03-04 16:27:49.459 E/BluetoothHeadset(  760): 	at dalvik.system.NativeStart.run(Native Method)
03-04 16:27:49.459 D/BluetoothA2dp(  505): onBluetoothStateChange: up=false
03-04 16:27:49.459 E/BluetoothA2dp(  505): 
03-04 16:27:49.459 E/BluetoothA2dp(  505): java.lang.IllegalArgumentException: Service not registered: android.bluetooth.BluetoothA2dp$2@2202ce08
03-04 16:27:49.459 E/BluetoothA2dp(  505): 	at android.app.LoadedApk.forgetServiceDispatcher(LoadedApk.java:931)
03-04 16:27:49.459 E/BluetoothA2dp(  505): 	at android.app.ContextImpl.unbindService(ContextImpl.java:1663)
03-04 16:27:49.459 E/BluetoothA2dp(  505): 	at android.bluetooth.BluetoothA2dp$1.onBluetoothStateChange(BluetoothA2dp.java:121)
03-04 16:27:49.459 E/BluetoothA2dp(  505): 	at com.android.server.BluetoothManagerService.sendBluetoothStateCallback(BluetoothManagerService.java:774)
03-04 16:27:49.459 E/BluetoothA2dp(  505): 	at com.android.server.BluetoothManagerService.bluetoothStateChangeHandler(BluetoothManagerService.java:1491)
03-04 16:27:49.459 E/BluetoothA2dp(  505): 	at com.android.server.BluetoothManagerService.access$3000(BluetoothManagerService.java:60)
03-04 16:27:49.459 E/BluetoothA2dp(  505): 	at com.android.server.BluetoothManagerService$BluetoothHandler.handleMessage(BluetoothManagerService.java:1234)
03-04 16:27:49.459 E/BluetoothA2dp(  505): 	at android.os.Handler.dispatchMessage(Handler.java:102)
03-04 16:27:49.459 E/BluetoothA2dp(  505): 	at android.os.Looper.loop(Looper.java:149)
03-04 16:27:49.459 E/BluetoothA2dp(  505): 	at android.os.HandlerThread.run(HandlerThread.java:61)
03-04 16:27:49.459 E/BluetoothPan(  505): 
03-04 16:27:49.459 E/BluetoothPan(  505): java.lang.IllegalArgumentException: Service not registered: android.bluetooth.BluetoothPan$2@220b9f28
03-04 16:27:49.459 E/BluetoothPan(  505): 	at android.app.LoadedApk.forgetServiceDispatcher(LoadedApk.java:931)
03-04 16:27:49.459 E/BluetoothPan(  505): 	at android.app.ContextImpl.unbindService(ContextImpl.java:1663)
03-04 16:27:49.459 E/BluetoothPan(  505): 	at android.bluetooth.BluetoothPan$1.onBluetoothStateChange(BluetoothPan.java:199)
03-04 16:27:49.459 E/BluetoothPan(  505): 	at com.android.server.BluetoothManagerService.sendBluetoothStateCallback(BluetoothManagerService.java:774)
03-04 16:27:49.459 E/BluetoothPan(  505): 	at com.android.server.BluetoothManagerService.bluetoothStateChangeHandler(BluetoothManagerService.java:1491)
03-04 16:27:49.459 E/BluetoothPan(  505): 	at com.android.server.BluetoothManagerService.access$3000(BluetoothManagerService.java:60)
03-04 16:27:49.459 E/BluetoothPan(  505): 	at com.android.server.BluetoothManagerService$BluetoothHandler.handleMessage(BluetoothManagerService.java:1234)
03-04 16:27:49.459 E/BluetoothPan(  505): 	at android.os.Handler.dispatchMessage(Handler.java:102)
03-04 16:27:49.459 E/BluetoothPan(  505): 	at android.os.Looper.loop(Looper.java:149)
03-04 16:27:49.459 E/BluetoothPan(  505): 	at android.os.HandlerThread.run(HandlerThread.java:61)
03-04 16:27:49.459 D/BluetoothHeadset(  760): onBluetoothStateChange: up=false
03-04 16:27:49.459 E/BluetoothHeadset(  760): 
03-04 16:27:49.459 E/BluetoothHeadset(  760): java.lang.IllegalArgumentException: Service not registered: android.bluetooth.BluetoothHeadset$2@21f03308
03-04 16:27:49.459 E/BluetoothHeadset(  760): 	at android.app.LoadedApk.forgetServiceDispatcher(LoadedApk.java:931)
03-04 16:27:49.459 E/BluetoothHeadset(  760): 	at android.app.ContextImpl.unbindService(ContextImpl.java:1663)
03-04 16:27:49.459 E/BluetoothHeadset(  760): 	at android.content.ContextWrapper.unbindService(ContextWrapper.java:530)
03-04 16:27:49.459 E/BluetoothHeadset(  760): 	at android.content.ContextWrapper.unbindService(ContextWrapper.java:530)
03-04 16:27:49.459 E/BluetoothHeadset(  760): 	at android.bluetooth.BluetoothHeadset$1.onBluetoothStateChange(BluetoothHeadset.java:239)
03-04 16:27:49.459 E/BluetoothHeadset(  760): 	at android.bluetooth.IBluetoothStateChangeCallback$Stub.onTransact(IBluetoothStateChangeCallback.java:55)
03-04 16:27:49.459 E/BluetoothHeadset(  760): 	at android.os.Binder.execTransact(Binder.java:404)
03-04 16:27:49.459 E/BluetoothHeadset(  760): 	at dalvik.system.NativeStart.run(Native Method)
03-04 16:27:49.459 D/BluetoothPbap(20518): onBluetoothStateChange: up=false
03-04 16:27:49.459 D/BluetoothHeadset(  505): onBluetoothStateChange: up=false
03-04 16:27:49.459 E/BluetoothHeadset(  505): 
03-04 16:27:49.459 E/BluetoothHeadset(  505): java.lang.IllegalArgumentException: Service not registered: android.bluetooth.BluetoothHeadset$2@221d3b90
03-04 16:27:49.459 E/BluetoothHeadset(  505): 	at android.app.LoadedApk.forgetServiceDispatcher(LoadedApk.java:931)
03-04 16:27:49.459 E/BluetoothHeadset(  505): 	at android.app.ContextImpl.unbindService(ContextImpl.java:1663)
03-04 16:27:49.459 E/BluetoothHeadset(  505): 	at android.bluetooth.BluetoothHeadset$1.onBluetoothStateChange(BluetoothHeadset.java:239)
03-04 16:27:49.459 E/BluetoothHeadset(  505): 	at com.android.server.BluetoothManagerService.sendBluetoothStateCallback(BluetoothManagerService.java:774)
03-04 16:27:49.459 E/BluetoothHeadset(  505): 	at com.android.server.BluetoothManagerService.bluetoothStateChangeHandler(BluetoothManagerService.java:1491)
03-04 16:27:49.459 E/BluetoothHeadset(  505): 	at com.android.server.BluetoothManagerService.access$3000(BluetoothManagerService.java:60)
