03-04 17:11:29.850 I/dalvikvm(31201): 
03-04 17:11:29.850 I/dalvikvm(31201): +++++++++++++ Using PCG. +++++++++++++++++++++
03-04 17:11:29.860 D/dalvikvm(31201): Trying to load lib libjavacore.so 0x0
03-04 17:11:29.860 D/dalvikvm(31201): Added shared lib libjavacore.so 0x0
03-04 17:11:29.860 D/dalvikvm(31201): Trying to load lib libnativehelper.so 0x0
03-04 17:11:29.860 D/dalvikvm(31201): Added shared lib libnativehelper.so 0x0
03-04 17:11:29.860 D/dalvikvm(31201): No JNI_OnLoad found in libnativehelper.so 0x0, skipping init
03-04 17:11:29.870 D/dalvikvm(31201): Extra Options: not specified
03-04 17:11:29.890 D/dalvikvm(31201): Note: class Landroid/app/ActivityManagerNative; has 186 unimplemented (abstract) methods
03-04 17:11:29.960 E/memtrack(31201): Couldn't load memtrack module (No such file or directory)
03-04 17:11:29.960 E/android.os.Debug(31201): failed to load memtrack module: -2
03-04 17:11:29.990 D/AndroidRuntime(31201): Calling main entry com.android.commands.am.Am
03-04 17:11:30.020 W/ufoGralloc(24135): registerBuffer() handle 0xb840d420/7 didn't require registration
03-04 17:11:30.020 I/ActivityManager(24434): START u0 {flg=0x10000000 cmp=org.xwalk.webapi_service_tests/.WebapiServiceTestsActivity} from pid 31201
03-04 17:11:30.060 I/dalvikvm(31201): Total arena pages for JIT: 11
03-04 17:11:30.060 I/dalvikvm(31201): Total arena pages for JIT: 12
03-04 17:11:30.060 I/dalvikvm(31201): Total arena pages for JIT: 13
03-04 17:11:30.060 I/dalvikvm(31201): Total arena pages for JIT: 14
03-04 17:11:30.060 I/dalvikvm(31201): Total arena pages for JIT: 15
03-04 17:11:30.080 D/AndroidRuntime(31201): Shutting down VM
03-04 17:11:30.110 D/dalvikvm(31201): GC_CONCURRENT freed 114K, 16% free 701K/832K, paused 0ms+0ms, total 1ms
03-04 17:11:30.120 D/dalvikvm(31201): Compiler shutdown in progress - discarding request
03-04 17:11:30.120 D/dalvikvm(31201): Compiler shutdown in progress - discarding request
03-04 17:11:30.120 D/dalvikvm(31201): Compiler shutdown in progress - discarding request
03-04 17:11:30.120 D/dalvikvm(31201): Compiler shutdown in progress - discarding request
03-04 17:11:30.120 D/dalvikvm(31201): Compiler shutdown in progress - discarding request
03-04 17:11:30.120 D/dalvikvm(31201): Compiler shutdown in progress - discarding request
03-04 17:11:30.120 D/dalvikvm(31201): Compiler shutdown in progress - discarding request
03-04 17:11:30.120 D/dalvikvm(31201): Compiler shutdown in progress - discarding request
03-04 17:11:30.120 D/dalvikvm(31201): Compiler shutdown in progress - discarding request
03-04 17:11:30.120 D/dalvikvm(31201): Compiler shutdown in progress - discarding request
03-04 17:11:30.120 D/dalvikvm(31201): Compiler shutdown in progress - discarding request
03-04 17:11:30.120 D/dalvikvm(31201): Compiler shutdown in progress - discarding request
03-04 17:11:30.120 D/dalvikvm(31201): Compiler shutdown in progress - discarding request
03-04 17:11:30.120 D/dalvikvm(31201): Compiler shutdown in progress - discarding request
03-04 17:11:30.120 D/dalvikvm(31201): Compiler shutdown in progress - discarding request
03-04 17:11:30.120 D/dalvikvm(31201): Compiler shutdown in progress - discarding request
03-04 17:11:30.120 D/dalvikvm(31201): Compiler shutdown in progress - discarding request
03-04 17:11:30.120 D/dalvikvm(31201): Compiler shutdown in progress - discarding request
03-04 17:11:30.120 D/dalvikvm(31201): Compiler shutdown in progress - discarding request
03-04 17:11:30.120 D/dalvikvm(31201): Compiler shutdown in progress - discarding request
03-04 17:11:30.120 D/dalvikvm(31201): Compiler shutdown in progress - discarding request
03-04 17:11:30.120 D/dalvikvm(31201): Compiler shutdown in progress - discarding request
03-04 17:11:30.120 D/dalvikvm(31201): Compiler shutdown in progress - discarding request
03-04 17:11:30.120 D/dalvikvm(31201): Compiler shutdown in progress - discarding request
03-04 17:11:30.120 D/dalvikvm(31201): Compiler shutdown in progress - discarding request
03-04 17:11:30.120 D/dalvikvm(31201): Compiler shutdown in progress - discarding request
03-04 17:11:30.120 D/dalvikvm(31201): Compiler shutdown in progress - discarding request
03-04 17:11:30.130 I/SecurityManagerService(24600): SMS received security event: App[START/org.xwalk.webapi_service_tests]
03-04 17:11:30.130 D/dalvikvm(31212): Process 31212 nice name: org.xwalk.webapi_service_tests
03-04 17:11:30.130 D/dalvikvm(31212): Extra Options: not specified
03-04 17:11:30.130 I/ActivityManager(24434): Start proc org.xwalk.webapi_service_tests for activity org.xwalk.webapi_service_tests/.WebapiServiceTestsActivity: pid=31212 uid=10401 gids={50401, 3003, 1028, 1015}
03-04 17:11:30.140 D/WindowManager(24434): adjustConfigurationLw, config:{1.0 ?mcc?mnc ?locale ?layoutDir sw600dp w600dp h888dp 213dpi lrg port ?uimode ?night finger -keyb/v/h -nav/v} mLidState:1 mHasDockFeature:false mHasKeyboardFeature:false mHasHallSensorFeature:true config.hardKeyboardHidden:2
03-04 17:11:30.140 I/ActivityManager(24434): [TopPkgCurBat]	NowPkgName[org.xwalk.webapi_service_tests]	Battery[77]	TimeTick[1425460290151]	OldPkgName[com.chrome.beta]
03-04 17:11:30.150 D/        (30503): Surface destroy: ANDROID_NATIVE_WINDOW_MAGIC
03-04 17:11:30.190 D/        (30375): Surface destroy: ANDROID_NATIVE_WINDOW_MAGIC
03-04 17:11:30.200 D/dalvikvm(31212): Trying to load lib /data/app-lib/org.xwalk.webapi_service_tests-1/libxwalkcore.so 0x43d87590
03-04 17:11:30.270 D/dalvikvm(31212): Added shared lib /data/app-lib/org.xwalk.webapi_service_tests-1/libxwalkcore.so 0x43d87590
03-04 17:11:30.280 I/LibraryLoader(31212): Time to load native libraries: 84 ms (timestamps 2973-3057)
03-04 17:11:30.280 I/LibraryLoader(31212): Expected native library version number "",actual native library version number ""
03-04 17:11:30.300 I/LibraryLoader(31212): Expected native library version number "",actual native library version number ""
03-04 17:11:30.310 I/chromium(31212): [INFO:library_loader_hooks.cc(112)] Chromium logging enabled: level = 0, default verbosity = 0
03-04 17:11:30.360 I/BrowserStartupController(31212): Initializing chromium process, singleProcess=true
03-04 17:11:30.450 W/AudioManagerAndroid(31212): Requires BLUETOOTH permission
03-04 17:11:30.450 I/ufoGralloc(31212): Hello, this is UFO GRALLOC/Intel Corporation
03-04 17:11:30.460 D/        (31212): Pixel Format : GGL_PIXEL_FORMAT_RGBA_8888
03-04 17:11:30.460 D/        (31212): droid_create_context : config id = 1 conf->NativeVisualID=1
03-04 17:11:30.460 D/        (31212): Pixel Format : GGL_PIXEL_FORMAT_RGBA_8888
03-04 17:11:30.460 I/        (31212): Requested context : GLES 2.0
03-04 17:11:30.510 W/chromium(31212): [WARNING:proxy_service.cc(899)] PAC support disabled because there is no system implementation
03-04 17:11:30.520 W/dalvikvm(31212): VFY: unable to find class referenced in signature (Landroid/view/inputmethod/CursorAnchorInfo;)
03-04 17:11:30.520 I/dalvikvm(31212): Could not find method android.view.inputmethod.InputMethodManager.updateCursorAnchorInfo, referenced from method org.chromium.content.browser.input.InputMethodManagerWrapper.updateCursorAnchorInfo
03-04 17:11:30.520 W/dalvikvm(31212): VFY: unable to resolve virtual method 1241: Landroid/view/inputmethod/InputMethodManager;.updateCursorAnchorInfo (Landroid/view/View;Landroid/view/inputmethod/CursorAnchorInfo;)V
03-04 17:11:30.520 D/dalvikvm(31212): VFY: replacing opcode 0x6e at 0x000a
03-04 17:11:30.590 E/cutils  (  162): Failed to mkdirat(/Removable/MicroSD): Read-only file system
03-04 17:11:30.590 W/ContextImpl(31212): Failed to ensure directory: /Removable/MicroSD/Android/data/org.xwalk.webapi_service_tests/cache
03-04 17:11:30.590 W/XWalkExtensionManager(31212): Failed to read extensions-config.json
03-04 17:11:30.590 E/chromium(31212): [ERROR:unix_domain_server_socket_posix.cc(106)] Not implemented reached in virtual int net::UnixDomainServerSocket::GetLocalAddress(net::IPEndPoint*) const
03-04 17:11:30.590 I/dalvikvm(31212): Could not find method android.app.Activity.finishAndRemoveTask, referenced from method org.chromium.base.ApiCompatibilityUtils.finishAndRemoveTask
03-04 17:11:30.590 W/dalvikvm(31212): VFY: unable to resolve virtual method 4: Landroid/app/Activity;.finishAndRemoveTask ()V
03-04 17:11:30.590 D/dalvikvm(31212): VFY: replacing opcode 0x6e at 0x0006
03-04 17:11:30.590 I/dalvikvm(31212): Could not find method android.os.PowerManager.isInteractive, referenced from method org.chromium.base.ApiCompatibilityUtils.isInteractive
03-04 17:11:30.590 W/dalvikvm(31212): VFY: unable to resolve virtual method 768: Landroid/os/PowerManager;.isInteractive ()Z
03-04 17:11:30.590 D/dalvikvm(31212): VFY: replacing opcode 0x6e at 0x000e
03-04 17:11:30.590 I/dalvikvm(31212): Could not find method android.view.Window.getNavigationBarColor, referenced from method org.chromium.base.ApiCompatibilityUtils.setStatusBarColor
03-04 17:11:30.590 W/dalvikvm(31212): VFY: unable to resolve virtual method 1144: Landroid/view/Window;.getNavigationBarColor ()I
03-04 17:11:30.590 D/dalvikvm(31212): VFY: replacing opcode 0x6e at 0x0010
03-04 17:11:30.590 I/dalvikvm(31212): Could not find method android.view.Window.setStatusBarColor, referenced from method org.chromium.base.ApiCompatibilityUtils.setStatusBarColor
03-04 17:11:30.590 W/Vold    (  162): Returning OperationFailed - no handler for errno 30
03-04 17:11:30.600 W/dalvikvm(31212): VFY: unable to resolve virtual method 1149: Landroid/view/Window;.setStatusBarColor (I)V
03-04 17:11:30.600 D/dalvikvm(31212): VFY: replacing opcode 0x6e at 0x0019
03-04 17:11:30.600 E/dalvikvm(31212): Could not find class 'android.app.ActivityManager$TaskDescription', referenced from method org.chromium.base.ApiCompatibilityUtils.setTaskDescription
03-04 17:11:30.600 W/dalvikvm(31212): VFY: unable to resolve new-instance 11 (Landroid/app/ActivityManager$TaskDescription;) in Lorg/chromium/base/ApiCompatibilityUtils;
03-04 17:11:30.600 D/dalvikvm(31212): VFY: replacing opcode 0x22 at 0x0006
03-04 17:11:30.600 D/dalvikvm(31212): DexOpt: unable to opt direct call 0x001e at 0x08 in Lorg/chromium/base/ApiCompatibilityUtils;.setTaskDescription
03-04 17:11:30.640 I/chromium(31212): [INFO:xwalk_extension_renderer_controller.cc(47)] EXTENSION PROCESS DISABLED.
03-04 17:11:30.690 D/        (31212): droid_create_context : config id = 5 conf->NativeVisualID=1
03-04 17:11:30.690 D/        (31212): Pixel Format : GGL_PIXEL_FORMAT_RGBA_8888
03-04 17:11:30.690 I/        (31212): Requested context : GLES 2.0
03-04 17:11:30.700 D/        (31212): Pixel Format : GGL_PIXEL_FORMAT_RGBA_8888
03-04 17:11:30.700 D/OpenGLRenderer(31212): Enabling debug mode 0
03-04 17:11:30.820 I/ActivityManager(24434): Displayed org.xwalk.webapi_service_tests/.WebapiServiceTestsActivity: +699ms
03-04 17:11:30.830 W/IInputConnectionWrapper(30375): showStatusIcon on inactive InputConnection
03-04 17:11:30.830 D/XT9IME  (30462): new subtype :en_US ,keyboard
03-04 17:11:30.870 D/        (31212): Pixel Format : GGL_PIXEL_FORMAT_RGBA_8888
03-04 17:11:30.870 D/        (31212): droid_create_context : config id = 1 conf->NativeVisualID=1
03-04 17:11:30.870 D/        (31212): Pixel Format : GGL_PIXEL_FORMAT_RGBA_8888
03-04 17:11:30.870 I/        (31212): Requested context : GLES 2.0
03-04 17:11:30.880 D/        (31212): Swap interval set to = 1 value
03-04 17:11:30.900 D/BatteryStatsImpl(24434): noteStopWakeLocked system isFromForeground = false
03-04 17:11:30.930 D/        (31212): Pixel Format : GGL_PIXEL_FORMAT_RGBA_8888
03-04 17:11:30.930 D/        (31212): droid_create_context : config id = 1 conf->NativeVisualID=1
03-04 17:11:30.930 D/        (31212): Pixel Format : GGL_PIXEL_FORMAT_RGBA_8888
03-04 17:11:30.930 I/        (31212): Requested context : GLES 2.0
03-04 17:11:30.950 W/BindingManager(31212): Cannot call determinedVisibility() - never saw a connection for the pid: 31212
03-04 17:11:30.980 E/TabPersistentStore(30375): Failed to create state folder: /data/data/com.chrome.beta/app_tabs/0
03-04 17:11:31.250 D/        (31212): Pixel Format : GGL_PIXEL_FORMAT_RGBA_8888
03-04 17:11:31.250 D/        (31212): droid_create_context : config id = 1 conf->NativeVisualID=1
03-04 17:11:31.250 D/        (31212): Pixel Format : GGL_PIXEL_FORMAT_RGBA_8888
03-04 17:11:31.250 I/        (31212): Requested context : GLES 2.0
03-04 17:11:31.310 I/chromium(31212): [INFO:CONSOLE(0)] "Synchronous XMLHttpRequest on the main thread is deprecated because of its detrimental effects to the end user's experience. For more help, check http://xhr.spec.whatwg.org/.", source:  (0)
03-04 17:11:32.300 I/WifiHW  (24434): CMD: IFNAME=wlan0 SIGNAL_POLL
03-04 17:11:32.300 D/wpa_supplicant(24681): RX ctrl_iface - hexdump(len=11): 53 49 47 4e 41 4c 5f 50 4f 4c 4c
03-04 17:11:32.300 D/wpa_supplicant(24681): wlan0: Control interface command 'SIGNAL_POLL'
03-04 17:11:32.330 D/wpa_supplicant(24681): nl80211: survey data missing!
03-04 17:11:32.330 I/WifiHW  (24434): REPLY: RSSI=-58
03-04 17:11:32.330 I/WifiHW  (24434): REPLY: LINKSPEED=19
03-04 17:11:32.330 I/WifiHW  (24434): REPLY: NOISE=9999
03-04 17:11:32.330 I/WifiHW  (24434): REPLY: FREQUENCY=2437
03-04 17:11:34.200 W/BindingManager(31212): Cannot call determinedVisibility() - never saw a connection for the pid: 31212
03-04 17:11:35.330 I/WifiHW  (24434): CMD: IFNAME=wlan0 SIGNAL_POLL
03-04 17:11:35.330 D/wpa_supplicant(24681): RX ctrl_iface - hexdump(len=11): 53 49 47 4e 41 4c 5f 50 4f 4c 4c
03-04 17:11:35.330 D/wpa_supplicant(24681): wlan0: Control interface command 'SIGNAL_POLL'
03-04 17:11:35.360 D/wpa_supplicant(24681): nl80211: survey data missing!
03-04 17:11:35.360 I/WifiHW  (24434): REPLY: RSSI=-64
03-04 17:11:35.360 I/WifiHW  (24434): REPLY: LINKSPEED=19
03-04 17:11:35.360 I/WifiHW  (24434): REPLY: NOISE=9999
03-04 17:11:35.360 I/WifiHW  (24434): REPLY: FREQUENCY=2437
03-04 17:11:37.890 W/BindingManager(31212): Cannot call determinedVisibility() - never saw a connection for the pid: 31212
03-04 17:11:38.360 I/WifiHW  (24434): CMD: IFNAME=wlan0 SIGNAL_POLL
03-04 17:11:38.360 D/wpa_supplicant(24681): RX ctrl_iface - hexdump(len=11): 53 49 47 4e 41 4c 5f 50 4f 4c 4c
03-04 17:11:38.360 D/wpa_supplicant(24681): wlan0: Control interface command 'SIGNAL_POLL'
03-04 17:11:38.390 D/wpa_supplicant(24681): nl80211: survey data missing!
03-04 17:11:38.390 I/WifiHW  (24434): REPLY: RSSI=-68
03-04 17:11:38.390 I/WifiHW  (24434): REPLY: LINKSPEED=19
03-04 17:11:38.390 I/WifiHW  (24434): REPLY: NOISE=9999
03-04 17:11:38.390 I/WifiHW  (24434): REPLY: FREQUENCY=2437
03-04 17:11:41.070 W/BindingManager(31212): Cannot call determinedVisibility() - never saw a connection for the pid: 31212
03-04 17:11:41.390 I/WifiHW  (24434): CMD: IFNAME=wlan0 SIGNAL_POLL
03-04 17:11:41.390 D/wpa_supplicant(24681): RX ctrl_iface - hexdump(len=11): 53 49 47 4e 41 4c 5f 50 4f 4c 4c
03-04 17:11:41.390 D/wpa_supplicant(24681): wlan0: Control interface command 'SIGNAL_POLL'
03-04 17:11:41.420 D/wpa_supplicant(24681): nl80211: survey data missing!
03-04 17:11:41.420 I/WifiHW  (24434): REPLY: RSSI=-70
03-04 17:11:41.420 I/WifiHW  (24434): REPLY: LINKSPEED=19
03-04 17:11:41.420 I/WifiHW  (24434): REPLY: NOISE=9999
03-04 17:11:41.420 I/WifiHW  (24434): REPLY: FREQUENCY=2437
03-04 17:11:42.100 W/BindingManager(31212): Cannot call determinedVisibility() - never saw a connection for the pid: 31212
03-04 17:11:42.640 W/BindingManager(31212): Cannot call determinedVisibility() - never saw a connection for the pid: 31212
03-04 17:11:44.420 I/WifiHW  (24434): CMD: IFNAME=wlan0 SIGNAL_POLL
03-04 17:11:44.420 D/wpa_supplicant(24681): RX ctrl_iface - hexdump(len=11): 53 49 47 4e 41 4c 5f 50 4f 4c 4c
03-04 17:11:44.420 D/wpa_supplicant(24681): wlan0: Control interface command 'SIGNAL_POLL'
03-04 17:11:44.450 D/wpa_supplicant(24681): nl80211: survey data missing!
03-04 17:11:44.450 I/WifiHW  (24434): REPLY: RSSI=-69
03-04 17:11:44.450 I/WifiHW  (24434): REPLY: LINKSPEED=19
03-04 17:11:44.450 I/WifiHW  (24434): REPLY: NOISE=9999
03-04 17:11:44.450 I/WifiHW  (24434): REPLY: FREQUENCY=2437
03-04 17:11:47.450 I/WifiHW  (24434): CMD: IFNAME=wlan0 SIGNAL_POLL
03-04 17:11:47.450 D/wpa_supplicant(24681): RX ctrl_iface - hexdump(len=11): 53 49 47 4e 41 4c 5f 50 4f 4c 4c
03-04 17:11:47.450 D/wpa_supplicant(24681): wlan0: Control interface command 'SIGNAL_POLL'
03-04 17:11:47.480 D/wpa_supplicant(24681): nl80211: survey data missing!
03-04 17:11:47.480 I/WifiHW  (24434): REPLY: RSSI=-65
03-04 17:11:47.480 I/WifiHW  (24434): REPLY: LINKSPEED=19
03-04 17:11:47.480 I/WifiHW  (24434): REPLY: NOISE=9999
03-04 17:11:47.480 I/WifiHW  (24434): REPLY: FREQUENCY=2437
03-04 17:11:50.480 I/WifiHW  (24434): CMD: IFNAME=wlan0 SIGNAL_POLL
03-04 17:11:50.480 D/wpa_supplicant(24681): RX ctrl_iface - hexdump(len=11): 53 49 47 4e 41 4c 5f 50 4f 4c 4c
03-04 17:11:50.480 D/wpa_supplicant(24681): wlan0: Control interface command 'SIGNAL_POLL'
03-04 17:11:50.510 D/wpa_supplicant(24681): nl80211: survey data missing!
03-04 17:11:50.510 I/WifiHW  (24434): REPLY: RSSI=-67
03-04 17:11:50.510 I/WifiHW  (24434): REPLY: LINKSPEED=19
03-04 17:11:50.510 I/WifiHW  (24434): REPLY: NOISE=9999
03-04 17:11:50.510 I/WifiHW  (24434): REPLY: FREQUENCY=2437
03-04 17:11:53.510 I/WifiHW  (24434): CMD: IFNAME=wlan0 SIGNAL_POLL
03-04 17:11:53.510 D/wpa_supplicant(24681): RX ctrl_iface - hexdump(len=11): 53 49 47 4e 41 4c 5f 50 4f 4c 4c
03-04 17:11:53.510 D/wpa_supplicant(24681): wlan0: Control interface command 'SIGNAL_POLL'
03-04 17:11:53.540 D/wpa_supplicant(24681): nl80211: survey data missing!
03-04 17:11:53.540 I/WifiHW  (24434): REPLY: RSSI=-67
03-04 17:11:53.540 I/WifiHW  (24434): REPLY: LINKSPEED=19
03-04 17:11:53.540 I/WifiHW  (24434): REPLY: NOISE=9999
03-04 17:11:53.540 I/WifiHW  (24434): REPLY: FREQUENCY=2437
03-04 17:11:56.540 I/WifiHW  (24434): CMD: IFNAME=wlan0 SIGNAL_POLL
03-04 17:11:56.540 D/wpa_supplicant(24681): RX ctrl_iface - hexdump(len=11): 53 49 47 4e 41 4c 5f 50 4f 4c 4c
03-04 17:11:56.540 D/wpa_supplicant(24681): wlan0: Control interface command 'SIGNAL_POLL'
03-04 17:11:56.570 D/wpa_supplicant(24681): nl80211: survey data missing!
03-04 17:11:56.570 I/WifiHW  (24434): REPLY: RSSI=-64
03-04 17:11:56.570 I/WifiHW  (24434): REPLY: LINKSPEED=19
03-04 17:11:56.570 I/WifiHW  (24434): REPLY: NOISE=9999
03-04 17:11:56.570 I/WifiHW  (24434): REPLY: FREQUENCY=2437
03-04 17:11:58.330 D/EVENT_THREAD(24369): void CEventThread::run() POLLIN event on Fd (1)
03-04 17:11:58.330 D/EVENT_THREAD(24369): void CEventThread::run() Do poll with timeout: -1
03-04 17:11:58.330 I/upi_ug31xx(  165): (2285) update_capacity
03-04 17:11:58.330 I/[UPI]   (  165): <UG31/E>[UpiReadCapacity]: V=3926(3924), T=326(332-414), I=-580, C=-6(-6-0)
03-04 17:11:58.330 I/[UPI]   (  165): <UG31/E>[UpiReadCapacity]: (0x0000254a) 2790 (2691) / 3602 (4023) = 77
03-04 17:11:58.330 I/[UPI]   (  165): <UG31/E>[UpiReadCapacity]: (0x0000254a) 2790 (2691) / 3602 (4023) = 77
03-04 17:11:58.330 I/[UPI]   (  165): <UG31/E>[UpiReadCapacity]: (0x0000254a) 2784 (2784) / 3602 (4023) = 77
03-04 17:11:58.330 I/[UPI]   (  165): <UG31/E>[RsocFilterCountTime]: (0x0000254a) Step=0(30240), Full=0(30240), Lock=30240(1800000)
03-04 17:11:58.330 I/[UPI]   (  165): <UG31/E>[UpiReadCapacity]: (0x0000254a) 2784 (2784) / 3602 (4023) = 77 (-580--580)
03-04 17:11:58.330 I/[UPI]   (  165): <UG31/E><BATT> M:normal, P:77(77-77)%, V:3924mV, C:-585mA, T:33.2C(414), S:0x0000254a(000), R:2784mAh, F:3602mAh, Q:487mAh, CC:4, P:30.240(1121-0)s, BO:7, 97:615:0-44af-9m:B001-20140514-144301 (16)
03-04 17:11:58.330 D/EVENT_THREAD(24369): void CEventThread::run() POLLIN event on Fd (1)
03-04 17:11:58.330 D/EVENT_THREAD(24369): void CEventThread::run() Do poll with timeout: -1
03-04 17:11:58.330 I/upi_ug31xx(  165): (2286) backup_data write
03-04 17:11:58.330 V/upi_ug31xx(  165): state->check_backup_count = 7
03-04 17:11:58.330 I/[UPI]   (  165): <UG31/E>[upi_lib_backup_data]: Driver backup data not ready.
03-04 17:11:59.570 I/WifiHW  (24434): CMD: IFNAME=wlan0 SIGNAL_POLL
03-04 17:11:59.570 D/wpa_supplicant(24681): RX ctrl_iface - hexdump(len=11): 53 49 47 4e 41 4c 5f 50 4f 4c 4c
03-04 17:11:59.570 D/wpa_supplicant(24681): wlan0: Control interface command 'SIGNAL_POLL'
03-04 17:11:59.600 D/wpa_supplicant(24681): nl80211: survey data missing!
03-04 17:11:59.600 I/WifiHW  (24434): REPLY: RSSI=-60
03-04 17:11:59.600 I/WifiHW  (24434): REPLY: LINKSPEED=19
03-04 17:11:59.600 I/WifiHW  (24434): REPLY: NOISE=9999
03-04 17:11:59.600 I/WifiHW  (24434): REPLY: FREQUENCY=2437
03-04 17:11:59.990 D/Clock   (24505): ACTION_TIME_TICK
03-04 17:11:59.990 D/Clock   (24505): update clock:下午5:12
03-04 17:12:00.000 D/BatteryStatsImpl(24434): noteStopWakeLocked system isFromForeground = false
03-04 17:12:02.600 I/WifiHW  (24434): CMD: IFNAME=wlan0 SIGNAL_POLL
03-04 17:12:02.600 D/wpa_supplicant(24681): RX ctrl_iface - hexdump(len=11): 53 49 47 4e 41 4c 5f 50 4f 4c 4c
03-04 17:12:02.600 D/wpa_supplicant(24681): wlan0: Control interface command 'SIGNAL_POLL'
03-04 17:12:02.630 D/wpa_supplicant(24681): nl80211: survey data missing!
03-04 17:12:02.630 I/WifiHW  (24434): REPLY: RSSI=-60
03-04 17:12:02.630 I/WifiHW  (24434): REPLY: LINKSPEED=19
03-04 17:12:02.630 I/WifiHW  (24434): REPLY: NOISE=9999
03-04 17:12:02.630 I/WifiHW  (24434): REPLY: FREQUENCY=2437
03-04 17:12:03.530 D/AlarmManager(24434): Triggered Alarm 220d5468 ELAPSED_REALTIME_WAKEUP IntentSender{221c1a28: PendingIntentRecord{21ebf818 android broadcastIntent}}
03-04 17:12:03.540 D/BatteryStatsImpl(24434): noteStopWakeLocked system isFromForeground = false
03-04 17:12:03.540 I/WifiHW  (24434): CMD: IFNAME=wlan0 DRIVER BTCOEXMODE 1
03-04 17:12:03.540 D/wpa_supplicant(24681): RX ctrl_iface - hexdump(len=19): 44 52 49 56 45 52 20 42 54 43 4f 45 58 4d 4f 44 45 20 31
03-04 17:12:03.540 D/wpa_supplicant(24681): wlan0: Control interface command 'DRIVER BTCOEXMODE 1'
03-04 17:12:03.650 D/wpa_supplicant(24681): bcm_wpa_driver_nl80211_driver_cmd OK len = 0, 2
03-04 17:12:03.650 I/WifiHW  (24434): REPLY: OK
03-04 17:12:03.650 I/WifiHW  (24434): CMD: IFNAME=wlan0 SET ps 0
03-04 17:12:03.650 D/wpa_supplicant(24681): RX ctrl_iface - hexdump(len=8): 53 45 54 20 70 73 20 30
03-04 17:12:03.650 D/wpa_supplicant(24681): wlan0: Control interface command 'SET ps 0'
03-04 17:12:03.650 D/wpa_supplicant(24681): CTRL_IFACE SET 'ps'='0'
03-04 17:12:03.650 D/wpa_supplicant(24681): nl80211: set_p2p_powersave (legacy_ps=0 opp_ps=-1 ctwindow=-1)
03-04 17:12:03.650 I/WifiHW  (24434): REPLY: OK
03-04 17:12:03.650 I/WifiHW  (24434): CMD: IFNAME=wlan0 DRIVER WLS_BATCHING GET
03-04 17:12:03.650 D/wpa_supplicant(24681): RX ctrl_iface - hexdump(len=23): 44 52 49 56 45 52 20 57 4c 53 5f 42 41 54 43 48 49 4e 47 20 47 45 54
03-04 17:12:03.650 D/wpa_supplicant(24681): wlan0: Control interface command 'DRIVER WLS_BATCHING GET'
03-04 17:12:03.650 E/wpa_supplicant(24681): bcm_wpa_driver_nl80211_driver_cmd: failed to issue private commands
03-04 17:12:03.650 I/WifiHW  (24434): REPLY: FAIL
03-04 17:12:03.650 E/WifiStateMachine(24434): Unexpected BatchedScanResults :null
03-04 17:12:03.650 I/WifiHW  (24434): CMD: IFNAME=wlan0 DRIVER WLS_BATCHING STOP
03-04 17:12:03.650 D/wpa_supplicant(24681): RX ctrl_iface - hexdump(len=24): 44 52 49 56 45 52 20 57 4c 53 5f 42 41 54 43 48 49 4e 47 20 53 54 4f 50
03-04 17:12:03.650 D/wpa_supplicant(24681): wlan0: Control interface command 'DRIVER WLS_BATCHING STOP'
03-04 17:12:03.650 E/wpa_supplicant(24681): bcm_wpa_driver_nl80211_driver_cmd: failed to issue private commands
03-04 17:12:03.650 I/WifiHW  (24434): REPLY: FAIL
03-04 17:12:04.060 D/BatteryStatsImpl(24434): noteStopWakeLocked system isFromForeground = false
03-04 17:12:04.060 I/WifiHW  (24434): CMD: IFNAME=wlan0 SET ps 1
03-04 17:12:04.060 D/wpa_supplicant(24681): RX ctrl_iface - hexdump(len=8): 53 45 54 20 70 73 20 31
03-04 17:12:04.060 D/wpa_supplicant(24681): wlan0: Control interface command 'SET ps 1'
03-04 17:12:04.060 D/wpa_supplicant(24681): CTRL_IFACE SET 'ps'='1'
03-04 17:12:04.060 D/wpa_supplicant(24681): nl80211: set_p2p_powersave (legacy_ps=1 opp_ps=-1 ctwindow=-1)
03-04 17:12:04.060 I/WifiHW  (24434): REPLY: OK
03-04 17:12:04.060 I/WifiHW  (24434): CMD: IFNAME=wlan0 DRIVER BTCOEXMODE 2
03-04 17:12:04.060 D/wpa_supplicant(24681): RX ctrl_iface - hexdump(len=19): 44 52 49 56 45 52 20 42 54 43 4f 45 58 4d 4f 44 45 20 32
03-04 17:12:04.060 D/wpa_supplicant(24681): wlan0: Control interface command 'DRIVER BTCOEXMODE 2'
03-04 17:12:04.060 D/wpa_supplicant(24681): bcm_wpa_driver_nl80211_driver_cmd OK len = 0, 2
03-04 17:12:04.060 I/WifiHW  (24434): REPLY: OK
03-04 17:12:04.060 D/WifiStateMachine(24434): VerifyingLinkState enter
03-04 17:12:04.060 D/WifiStateMachine(24434): CaptivePortalCheckState enter
03-04 17:12:04.070 D/WifiStateMachine(24434): CaptivePortalCheckState CMD_CAPTIVE_CHECK_COMPLETE
03-04 17:12:04.070 D/ConnectivityService(24434): Captive portal check NetworkInfo: type: WIFI[], state: CONNECTING/CAPTIVE_PORTAL_CHECK, reason: (unspecified), extra: "Android", roaming: false, failover: false, isAvailable: true, isConnectedToProvisioningNetwork: false
03-04 17:12:04.070 D/ConnectivityService(24434): handleCaptivePortalTrackerCheck: call captivePortalCheckComplete ni=NetworkInfo: type: WIFI[], state: CONNECTING/CAPTIVE_PORTAL_CHECK, reason: (unspecified), extra: "Android", roaming: false, failover: false, isAvailable: true, isConnectedToProvisioningNetwork: false
03-04 17:12:04.070 D/ConnectivityService(24434): ConnectivityChange for WIFI: CONNECTED/CONNECTED
03-04 17:12:04.070 E/ConnectivityService(24434): Unexpected mtu value: android.net.wifi.WifiStateTracker@21f84ba8
03-04 17:12:04.310 D/ConnectivityService(24434): handleConnectivityChange: address are the same reset per doReset linkProperty[1]: resetMask=0
03-04 17:12:04.310 D/Nat464Xlat(24434): requiresClat: netType=1, hasIPv4Address=true
03-04 17:12:04.320 D/BatteryStatsImpl(24434): noteStopWakeLocked system isFromForeground = false
03-04 17:12:05.070 D/BatteryStatsImpl(24434): noteStopWakeLocked system isFromForeground = false
03-04 17:12:05.070 D/ConnectivityService(24434): NetTransition Wakelock for ConnectedState released by timeout
03-04 17:12:05.630 I/WifiHW  (24434): CMD: IFNAME=wlan0 SIGNAL_POLL
03-04 17:12:05.630 D/wpa_supplicant(24681): RX ctrl_iface - hexdump(len=11): 53 49 47 4e 41 4c 5f 50 4f 4c 4c
03-04 17:12:05.630 D/wpa_supplicant(24681): wlan0: Control interface command 'SIGNAL_POLL'
03-04 17:12:05.660 D/wpa_supplicant(24681): nl80211: survey data missing!
03-04 17:12:05.660 I/WifiHW  (24434): REPLY: RSSI=-58
03-04 17:12:05.660 I/WifiHW  (24434): REPLY: LINKSPEED=19
03-04 17:12:05.660 I/WifiHW  (24434): REPLY: NOISE=9999
03-04 17:12:05.660 I/WifiHW  (24434): REPLY: FREQUENCY=2437
03-04 17:12:07.320 D/Tethering(24434): MasterInitialState.processMessage what=3
03-04 17:12:07.320 D/AlarmManager(24434): Added alarm Alarm{2226a7b8 type 0 com.baidu.BaiduMap} type:RTC_WAKEUP when: At 15-3-4 下午5:12 repeatInterval: 0h:9m:0.0s
03-04 17:12:07.320 D/AlarmManager(24434): Added alarm Alarm{22282330 type 0 android} type:RTC_WAKEUP when: At 15-3-4 下午5:30 repeatInterval: 0h:30m:0.0s
03-04 17:12:07.330 D/BatteryStatsImpl(24434): noteStopWakeLocked system isFromForeground = false
03-04 17:12:07.330 D/AlarmManager(24434): Added alarm Alarm{22106f50 type 0 com.wandoujia.phoenix2} type:RTC_WAKEUP when: At 15-3-5 下午5:34
03-04 17:12:07.340 I/SecurityManagerService(24600): SMS received security event: App[START/com.ecareme.asuswebstorage]
03-04 17:12:07.360 D/dalvikvm(31636): Process 31636 nice name: com.ecareme.asuswebstorage
03-04 17:12:07.360 D/dalvikvm(31636): Extra Options: not specified
03-04 17:12:07.370 I/ActivityManager(24434): Start proc com.ecareme.asuswebstorage for broadcast com.ecareme.asuswebstorage/net.yostore.utility.ConnectionChangeReceiver: pid=31636 uid=10028 gids={50028, 3003, 1028, 1015}
03-04 17:12:07.380 D/dalvikvm(24138): GC_EXPLICIT freed 45K, 2% free 5801K/5892K, paused 0ms+1ms, total 13ms
03-04 17:12:07.400 D/dalvikvm(24138): GC_EXPLICIT freed <1K, 2% free 5801K/5892K, paused 1ms+1ms, total 11ms
03-04 17:12:07.400 D/BatteryStatsImpl(24434): noteStopWakeLocked system isFromForeground = false
03-04 17:12:07.410 D/dalvikvm(24138): GC_EXPLICIT freed <1K, 2% free 5801K/5892K, paused 0ms+1ms, total 11ms
03-04 17:12:07.530 E/ConnectionChange(31636): connect change
03-04 17:12:07.540 I/SecurityManagerService(24600): SMS received security event: App[START/com.wandoujia.phoenix2]
03-04 17:12:07.560 D/dalvikvm(31650): Process 31650 nice name: com.wandoujia.phoenix2
03-04 17:12:07.560 D/dalvikvm(31650): Extra Options: not specified
03-04 17:12:07.560 I/ActivityManager(24434): Start proc com.wandoujia.phoenix2 for broadcast com.wandoujia.phoenix2/com.wandoujia.phoenix4.receiver.ConnectivityChangedReceiver: pid=31650 uid=10029 gids={50029, 3003, 1028, 1015}
03-04 17:12:07.690 D/AlarmManager(24434): Removed alarm Alarm{22106f50 type 0 com.wandoujia.phoenix2} type:RTC_WAKEUP
03-04 17:12:07.700 D/AlarmManager(24434): Added alarm Alarm{21f9dbe0 type 0 com.baidu.BaiduMap} type:RTC_WAKEUP when: At 15-3-4 下午5:12 repeatInterval: 0h:9m:0.0s
03-04 17:12:07.700 D/AlarmManager(24434): Added alarm Alarm{22012998 type 0 android} type:RTC_WAKEUP when: At 15-3-4 下午5:30 repeatInterval: 0h:30m:0.0s
03-04 17:12:07.710 D/AlarmManager(24434): Added alarm Alarm{21ffe7c8 type 0 com.wandoujia.phoenix2} type:RTC_WAKEUP when: At 15-3-5 下午5:52
03-04 17:12:07.710 D/AlarmManager(24434): Added alarm Alarm{221426f0 type 0 com.baidu.BaiduMap} type:RTC_WAKEUP when: At 15-3-4 下午5:12 repeatInterval: 0h:9m:0.0s
03-04 17:12:07.720 D/AlarmManager(24434): Added alarm Alarm{221ddc28 type 0 android} type:RTC_WAKEUP when: At 15-3-4 下午5:30 repeatInterval: 0h:30m:0.0s
03-04 17:12:07.720 D/AlarmManager(24434): Added alarm Alarm{220589f0 type 0 com.wandoujia.phoenix2} type:RTC_WAKEUP when: At 15-3-5 下午5:52
03-04 17:12:07.730 D/AlarmManager(24434): Added alarm Alarm{22157c50 type 0 com.baidu.BaiduMap} type:RTC_WAKEUP when: At 15-3-4 下午5:12 repeatInterval: 0h:9m:0.0s
03-04 17:12:07.740 D/AlarmManager(24434): Added alarm Alarm{221456d8 type 0 android} type:RTC_WAKEUP when: At 15-3-4 下午5:30 repeatInterval: 0h:30m:0.0s
03-04 17:12:07.740 D/AlarmManager(24434): Added alarm Alarm{2204d4e0 type 0 com.wandoujia.phoenix2} type:RTC_WAKEUP when: At 15-3-5 下午5:52
03-04 17:12:07.750 D/AlarmManager(24434): Added alarm Alarm{222824a0 type 0 com.baidu.BaiduMap} type:RTC_WAKEUP when: At 15-3-4 下午5:12 repeatInterval: 0h:9m:0.0s
03-04 17:12:07.760 D/AlarmManager(24434): Added alarm Alarm{2208c9e8 type 0 android} type:RTC_WAKEUP when: At 15-3-4 下午5:30 repeatInterval: 0h:30m:0.0s
03-04 17:12:07.770 D/AlarmManager(24434): Added alarm Alarm{2224f900 type 0 com.wandoujia.phoenix2} type:RTC_WAKEUP when: At 15-3-5 下午5:52
03-04 17:12:07.800 D/AlarmManager(24434): Added alarm Alarm{22157200 type 0 com.baidu.BaiduMap} type:RTC_WAKEUP when: At 15-3-4 下午5:12 repeatInterval: 0h:9m:0.0s
03-04 17:12:07.800 D/AlarmManager(24434): Added alarm Alarm{2202da98 type 0 android} type:RTC_WAKEUP when: At 15-3-4 下午5:30 repeatInterval: 0h:30m:0.0s
03-04 17:12:07.810 D/AlarmManager(24434): Added alarm Alarm{2224e2a8 type 0 com.wandoujia.phoenix2} type:RTC_WAKEUP when: At 15-3-5 下午5:52
03-04 17:12:07.820 D/AlarmManager(24434): Added alarm Alarm{22149b28 type 0 com.baidu.BaiduMap} type:RTC_WAKEUP when: At 15-3-4 下午5:12 repeatInterval: 0h:9m:0.0s
03-04 17:12:07.820 D/AlarmManager(24434): Added alarm Alarm{21f394d0 type 0 android} type:RTC_WAKEUP when: At 15-3-4 下午5:30 repeatInterval: 0h:30m:0.0s
03-04 17:12:07.830 D/AlarmManager(24434): Added alarm Alarm{21fa7518 type 0 com.wandoujia.phoenix2} type:RTC_WAKEUP when: At 15-3-5 下午5:52
03-04 17:12:07.840 D/AlarmManager(24434): Added alarm Alarm{21fa7ef8 type 0 com.baidu.BaiduMap} type:RTC_WAKEUP when: At 15-3-4 下午5:12 repeatInterval: 0h:9m:0.0s
03-04 17:12:07.840 D/AlarmManager(24434): Added alarm Alarm{22158450 type 0 android} type:RTC_WAKEUP when: At 15-3-4 下午5:30 repeatInterval: 0h:30m:0.0s
03-04 17:12:07.850 D/AlarmManager(24434): Added alarm Alarm{21fd35e0 type 0 com.wandoujia.phoenix2} type:RTC_WAKEUP when: At 15-3-5 下午5:52
03-04 17:12:07.980 I/SecurityManagerService(24600): SMS received security event: App[START/com.baidu.searchbox]
03-04 17:12:08.000 D/dalvikvm(31700): Process 31700 nice name: com.baidu.searchbox:bdservice_v1
03-04 17:12:08.000 D/dalvikvm(31700): Extra Options: not specified
03-04 17:12:08.000 I/ActivityManager(24434): Start proc com.baidu.searchbox:bdservice_v1 for broadcast com.baidu.searchbox/com.baidu.android.pushservice.PushServiceReceiver: pid=31700 uid=10039 gids={50039, 3003, 1028, 1015}
03-04 17:12:08.000 V/ActivityManager(24434): Remove bg service from mStartingBackground ,r=ServiceRecord{22246bb0 u0 com.wandoujia.phoenix2/.services.BackgroundService},r used time=254,left r count=0
03-04 17:12:08.030 I/SecurityManagerService(24600): SMS received security event: App[START/com.asus.launcher]
03-04 17:12:08.030 D/dalvikvm(31712): Process 31712 nice name: com.asus.launcher
03-04 17:12:08.030 D/dalvikvm(31712): Extra Options: not specified
03-04 17:12:08.040 I/ActivityManager(24434): Start proc com.asus.launcher for content provider com.asus.launcher/com.android.launcher3.LauncherProvider: pid=31712 uid=10006 gids={50006, 1028, 1015, 3003}
03-04 17:12:08.100 D/LauncherLog(31712): LauncherProvier - getDatabase: launcher.db
03-04 17:12:08.110 D/LauncherLog(31712): LauncherApplication onCteate - screenSize : 3
03-04 17:12:08.110 D/LauncherLog(31712): LauncherModel changeWorkThread - set sWorker : sPADWorkerThread
03-04 17:12:08.110 V/Launcher(31712): LauncherAppState inited
03-04 17:12:08.150 I/PushServiceReceiver(31700): start PushSerevice for ACTION_BOOT_COMPLETED or CONNECTIVITY_ACTION
03-04 17:12:08.160 V/Launcher.Utilities(31712): isPhone= false
03-04 17:12:08.160 D/PushService(31700): onCreate from : com.baidu.searchbox
03-04 17:12:08.160 D/PushSDK (31700): Create PushSDK from : com.baidu.searchbox
03-04 17:12:08.160 D/Utility (31700): updateServiceInfo2  isForce =false
03-04 17:12:08.180 I/Utility (31700): --- isDisableService : true
03-04 17:12:08.180 D/PushSDK (31700): onCreate shouldStopSelf
03-04 17:12:08.180 D/PushService(31700): stopSelf : exitOnDestroy=true --- immediate=true
03-04 17:12:08.190 D/PushService(31700): -- onStartCommand -- Intent { act=com.baidu.pushservice.action.START cmp=com.baidu.searchbox/com.baidu.android.pushservice.PushService }
03-04 17:12:08.190 D/PushSDK (31700): handleOnStart intent action = com.baidu.pushservice.action.START
03-04 17:12:08.190 D/PushService(31700): stopSelf : exitOnDestroy=true --- immediate=true
03-04 17:12:08.190 V/ActivityManager(24434): Remove bg service from mStartingBackground ,r=ServiceRecord{220bae38 u0 com.baidu.searchbox/com.baidu.android.pushservice.PushService},r used time=37,left r count=0
03-04 17:12:08.220 I/PushService(31700): onDestroy
03-04 17:12:08.220 D/PushSDK (31700): destory
03-04 17:12:08.230 I/SecurityManagerService(24600): SMS received security event: App[START/com.baidu.BaiduMap]
03-04 17:12:08.240 D/dalvikvm(31737): Process 31737 nice name: com.baidu.BaiduMap:bdservice_v1
03-04 17:12:08.240 D/dalvikvm(31737): Extra Options: not specified
03-04 17:12:08.240 I/ActivityManager(24434): Start proc com.baidu.BaiduMap:bdservice_v1 for broadcast com.baidu.BaiduMap/com.baidu.android.pushservice.PushServiceReceiver: pid=31737 uid=10040 gids={50040, 1028, 1015, 3003, 3002, 3001}
03-04 17:12:08.250 D/dalvikvm(31650): GC_CONCURRENT freed 1957K, 21% free 7846K/9836K, paused 1ms+3ms, total 15ms
03-04 17:12:08.320 I/PushServiceReceiver(31737): start PushSerevice for ACTION_BOOT_COMPLETED or CONNECTIVITY_ACTION
03-04 17:12:08.330 I/SecurityManagerService(24600): SMS received security event: App[START/com.baidu.BaiduMap]
03-04 17:12:08.340 D/dalvikvm(31750): Process 31750 nice name: com.baidu.BaiduMap
03-04 17:12:08.340 D/dalvikvm(31750): Extra Options: not specified
03-04 17:12:08.340 D/PushService(31737): onCreate from : com.baidu.BaiduMap
03-04 17:12:08.340 D/PushSDK (31737): Create PushSDK from : com.baidu.BaiduMap
03-04 17:12:08.340 D/Utility (31737): updateServiceInfo2  isForce =false
03-04 17:12:08.340 I/ActivityManager(24434): Start proc com.baidu.BaiduMap for broadcast com.baidu.BaiduMap/com.baidu.navi.statistics.LBSRouteStatisticsNetworkListener: pid=31750 uid=10040 gids={50040, 1028, 1015, 3003, 3002, 3001}
03-04 17:12:08.380 I/Utility (31737): --- isDisableService : false
03-04 17:12:08.490 D/AlarmManager(24434): Added alarm Alarm{22254988 type 0 com.baidu.BaiduMap} type:RTC_WAKEUP when: At 15-3-4 下午5:22 repeatInterval: 0h:9m:0.0s
03-04 17:12:08.520 E/dalvikvm(31737): Could not find class 'com.baidu.loctp.str.BDLocManager', referenced from method com.baidu.android.pushservice.b.h.b
03-04 17:12:08.520 W/dalvikvm(31737): VFY: unable to resolve new-instance 3246 (Lcom/baidu/loctp/str/BDLocManager;) in Lcom/baidu/android/pushservice/b/h;
03-04 17:12:08.520 D/dalvikvm(31737): VFY: replacing opcode 0x22 at 0x000c
03-04 17:12:08.520 D/dalvikvm(31737): DexOpt: unable to opt direct call 0x553c at 0x14 in Lcom/baidu/android/pushservice/b/h;.b
03-04 17:12:08.520 I/ClientManager(31737): ClientManager init strApps : com.baidu.searchbox,405384,752242350451325777;com.baidu.BaiduMap,289338,937803159091872232
03-04 17:12:08.520 I/ClientManager(31737): ClientManager init strAppsV2 : com.baidu.searchbox,405384,752242350451325777;com.baidu.BaiduMap,289338,937803159091872232
03-04 17:12:08.520 D/PushService(31737): -- onStartCommand -- Intent { act=com.baidu.pushservice.action.START cmp=com.baidu.BaiduMap/com.baidu.android.pushservice.PushService }
03-04 17:12:08.520 D/PushSDK (31737): handleOnStart intent action = com.baidu.pushservice.action.START
03-04 17:12:08.520 I/PushSDK (31737): -- handleOnStart -- Intent { act=com.baidu.pushservice.action.START cmp=com.baidu.BaiduMap/com.baidu.android.pushservice.PushService }
03-04 17:12:08.520 D/RegistrationService(31737): RegistrationSerice handleIntent : Intent { act=com.baidu.pushservice.action.START cmp=com.baidu.BaiduMap/com.baidu.android.pushservice.PushService }
03-04 17:12:08.530 D/PushSDK (31737): tryConnect networkConnected :true
03-04 17:12:08.540 I/dalvikvm(31700): Total arena pages for JIT: 11
03-04 17:12:08.540 D/Camera_HAL(24369): ATOM_GetCameraInfo
03-04 17:12:08.540 D/Camera_HAL(24369): ATOM_GetCameraInfo
03-04 17:12:08.580 I/SecurityManagerService(24600): SMS received security event: App[START/com.asus.cm]
03-04 17:12:08.590 I/dalvikvm(31650): Total arena pages for JIT: 11
03-04 17:12:08.590 I/dalvikvm(31650): Total arena pages for JIT: 12
03-04 17:12:08.590 I/dalvikvm(31650): Total arena pages for JIT: 13
03-04 17:12:08.590 I/dalvikvm(31650): Total arena pages for JIT: 14
03-04 17:12:08.590 I/dalvikvm(31650): Total arena pages for JIT: 15
03-04 17:12:08.600 D/dalvikvm(31775): Process 31775 nice name: com.asus.cm
03-04 17:12:08.600 D/dalvikvm(31775): Extra Options: not specified
03-04 17:12:08.600 I/dalvikvm(31700): Total arena pages for JIT: 12
03-04 17:12:08.600 I/dalvikvm(31700): Total arena pages for JIT: 13
03-04 17:12:08.600 I/dalvikvm(31700): Total arena pages for JIT: 14
03-04 17:12:08.600 I/dalvikvm(31700): Total arena pages for JIT: 15
03-04 17:12:08.600 I/ActivityManager(24434): Start proc com.asus.cm for broadcast com.asus.cm/.push.PushControlReceiver: pid=31775 uid=1000 gids={41000, 3003, 1028, 1015, 3002, 3001, 1023}
03-04 17:12:08.640 D/CMC->CMConfig(31775): CMConfig.init()
03-04 17:12:08.640 D/CMC->CMConfig(31775): mFumoHandlerName=DefaultFumoHandler
03-04 17:12:08.640 D/CMC->CMConfig(31775): allowShowMoreInfoOnError=false
03-04 17:12:08.640 D/CMC->CMConfig(31775): allowFotaPolling=true
03-04 17:12:08.640 D/CMC->PushUtil(31775): State.CONNECTED
03-04 17:12:08.670 D/CMC->UniqueId(31775): get cached uniqueID
03-04 17:12:08.670 D/CMC->PushService(24587): ============== PushService.onStartCommand() ==============
03-04 17:12:08.670 D/CMC->UniqueId(24587): get cached uniqueID
03-04 17:12:08.670 W/ContextImpl(31775): Calling a method in the system process without a qualified user: android.app.ContextImpl.startService:1547 android.content.ContextWrapper.startService:495 android.content.ContextWrapper.startService:495 com.asus.cm.push.PushUtil.startPushService:27 com.asus.cm.push.PushControlReceiver.onReceive:40 
03-04 17:12:08.680 I/WifiHW  (24434): CMD: IFNAME=wlan0 SIGNAL_POLL
03-04 17:12:08.680 D/wpa_supplicant(24681): RX ctrl_iface - hexdump(len=11): 53 49 47 4e 41 4c 5f 50 4f 4c 4c
03-04 17:12:08.680 D/wpa_supplicant(24681): wlan0: Control interface command 'SIGNAL_POLL'
03-04 17:12:08.680 I/SecurityManagerService(24600): SMS received security event: App[START/com.asus.weathertime]
03-04 17:12:08.680 D/dalvikvm(31792): Process 31792 nice name: com.asus.weathertime:main
03-04 17:12:08.680 D/dalvikvm(31792): Extra Options: not specified
03-04 17:12:08.690 D/wpa_supplicant(24681): nl80211: survey data missing!
03-04 17:12:08.690 I/WifiHW  (24434): REPLY: RSSI=-59
03-04 17:12:08.690 I/WifiHW  (24434): REPLY: LINKSPEED=26
03-04 17:12:08.690 I/WifiHW  (24434): REPLY: NOISE=9999
03-04 17:12:08.690 I/WifiHW  (24434): REPLY: FREQUENCY=2437
03-04 17:12:08.690 I/dalvikvm(31792): Enabling JNI app bug workarounds for target SDK version 13...
03-04 17:12:08.690 I/ActivityManager(24434): Start proc com.asus.weathertime:main for broadcast com.asus.weathertime/.WeatherReceiver: pid=31792 uid=10081 gids={50081, 3003, 1028, 1015}
03-04 17:12:08.730 W/FileUtils(31650): Failed to chmod(/storage/emulated/0/wandoujia/.fileInfo.db): libcore.io.ErrnoException: chmod failed: EPERM (Operation not permitted)
03-04 17:12:08.740 V/WeatherApplication(31792): Application on create
03-04 17:12:08.750 V/WeatherApplication(31792): Update widget current time: 1425460328758
03-04 17:12:08.770 I/WeatherTimeReceiver(31792): Connectivity is changed!
03-04 17:12:08.770 V/WeatherTimeReceiver(31792): Network Type = WIFI
03-04 17:12:08.770 I/WeatherTimeReceiver(31792): Register alarm manager again!
03-04 17:12:08.780 D/AlarmManager(24434): Added alarm Alarm{21f39188 type 0 com.baidu.BaiduMap} type:RTC_WAKEUP when: At 15-3-4 下午5:12 repeatInterval: 0h:9m:0.0s
03-04 17:12:08.780 D/AlarmManager(24434): Added alarm Alarm{21fcb1d0 type 0 com.baidu.BaiduMap} type:RTC_WAKEUP when: At 15-3-4 下午5:22 repeatInterval: 0h:9m:0.0s
03-04 17:12:08.780 D/AlarmManager(24434): Added alarm Alarm{221ba570 type 0 android} type:RTC_WAKEUP when: At 15-3-4 下午5:30 repeatInterval: 0h:30m:0.0s
03-04 17:12:08.790 D/AlarmManager(24434): Added alarm Alarm{220707b8 type 0 com.wandoujia.phoenix2} type:RTC_WAKEUP when: At 15-3-5 下午5:52
03-04 17:12:08.800 I/WeatherTimeReceiver(31792): Alarm manager is canceled successfully!
03-04 17:12:08.860 D/dalvikvm(24434): GC_EXPLICIT freed 1588K, 14% free 14890K/17256K, paused 1ms+7ms, total 58ms
03-04 17:12:08.870 D/AlarmManager(24434): Added alarm Alarm{22278100 type 0 com.baidu.BaiduMap} type:RTC_WAKEUP when: At 15-3-4 下午5:12 repeatInterval: 0h:9m:0.0s
03-04 17:12:08.880 D/AlarmManager(24434): Added alarm Alarm{2226a390 type 0 com.baidu.BaiduMap} type:RTC_WAKEUP when: At 15-3-4 下午5:22 repeatInterval: 0h:9m:0.0s
03-04 17:12:08.890 D/AlarmManager(24434): Added alarm Alarm{22260f70 type 0 android} type:RTC_WAKEUP when: At 15-3-4 下午5:30 repeatInterval: 0h:30m:0.0s
03-04 17:12:08.900 D/AlarmManager(24434): Added alarm Alarm{22149c80 type 0 com.wandoujia.phoenix2} type:RTC_WAKEUP when: At 15-3-5 下午5:52
03-04 17:12:08.910 I/WeatherTimeReceiver(31792): Alarm manager is canceled successfully!
03-04 17:12:08.910 I/WeatherTimeReceiver(31792): registerAlarmManager
03-04 17:12:08.920 V/WeatherTimeReceiver(31792): iWidgetTimeZone = 8;iCurrentTimeZone = 8; equal = true
03-04 17:12:08.920 I/WeatherTimeReceiver(31792): register alarm
03-04 17:12:08.930 I/WeatherTimeReceiver(31792): WidgetID1at contextandroid.app.ReceiverRestrictedContext@21ec9400Set Period14400000
03-04 17:12:08.930 V/WeatherTimeReceiver(31792): iWidgetTimeZone = 8;iCurrentTimeZone = 8; equal = true
03-04 17:12:08.930 I/WeatherTimeReceiver(31792): register alarm
03-04 17:12:08.940 I/WeatherTimeReceiver(31792): WidgetID694at contextandroid.app.ReceiverRestrictedContext@21ec9400Set Period14400000
03-04 17:12:08.940 I/WeatherTimeService(31792): WeatherTimeService start
03-04 17:12:08.950 V/WeatherTimeProvider(31792): Network Type = WIFI
03-04 17:12:08.950 V/WeatherTimeProvider(31792): city id = 66971
03-04 17:12:08.990 D/dalvikvm(24600): GC_CONCURRENT freed 4085K, 42% free 6063K/10292K, paused 7ms+1ms, total 16ms
03-04 17:12:08.990 D/dalvikvm(24600): WAIT_FOR_CONCURRENT_GC blocked 10ms
03-04 17:12:09.010 I/SecurityManagerService(24600): SMS received security event: App[START/com.tencent.mm]
03-04 17:12:09.020 D/dalvikvm(31805): Process 31805 nice name: com.tencent.mm:push
03-04 17:12:09.020 D/dalvikvm(31805): Extra Options: not specified
03-04 17:12:09.020 I/ActivityManager(24434): Start proc com.tencent.mm:push for broadcast com.tencent.mm/.booter.MMReceivers$ConnectionReceiver: pid=31805 uid=10088 gids={50088, 3003, 1028, 1015, 3002, 3001}
03-04 17:12:09.030 D/xmlCheckExt(31805): <neon>
03-04 17:12:09.030 D/xmlCheckExt(31805):  pkgName = air.eti.uzzu.unalis
03-04 17:12:09.030 D/xmlCheckExt(31805): <arch>
03-04 17:12:09.030 D/xmlCheckExt(31805):  pkgName = com.evy.guessword
03-04 17:12:09.030 D/xmlCheckExt(31805): <arch>
03-04 17:12:09.030 D/xmlCheckExt(31805):  pkgName = com.bpiotor.lot
03-04 17:12:09.030 D/xmlCheckExt(31805): <arch>
03-04 17:12:09.030 D/xmlCheckExt(31805):  pkgName = com.goodstudent.app
03-04 17:12:09.030 D/xmlCheckExt(31805): <arch>
03-04 17:12:09.030 D/xmlCheckExt(31805):  pkgName = com.flyfish.supermario
03-04 17:12:09.030 D/xmlCheckExt(31805): <arch>
03-04 17:12:09.030 D/xmlCheckExt(31805):  pkgName = excel.sgs
03-04 17:12:09.030 D/xmlCheckExt(31805): <arch>
03-04 17:12:09.030 D/xmlCheckExt(31805):  pkgName = com.gamevil.doz.global
03-04 17:12:09.030 D/xmlCheckExt(31805): <arch>
03-04 17:12:09.030 D/xmlCheckExt(31805):  pkgName = com.tblin.HandsetGuardant
03-04 17:12:09.030 D/xmlCheckExt(31805): <arch>
03-04 17:12:09.030 D/xmlCheckExt(31805):  pkgName = com.baoliei.lmotuolijhhe
03-04 17:12:09.030 D/xmlCheckExt(31805): <arch>
03-04 17:12:09.030 D/xmlCheckExt(31805):  pkgName = com.bpiotor.fingerprint
03-04 17:12:09.030 D/xmlCheckExt(31805): <arch>
03-04 17:12:09.030 D/xmlCheckExt(31805):  pkgName = com.philzhu.www.ddz
03-04 17:12:09.030 D/xmlCheckExt(31805): <arch>
03-04 17:12:09.030 D/xmlCheckExt(31805):  pkgName = hh.root
03-04 17:12:09.030 D/xmlCheckExt(31805): <arch>
03-04 17:12:09.030 D/xmlCheckExt(31805):  pkgName = com.rao.love.yy.zjhmuti
03-04 17:12:09.030 D/xmlCheckExt(31805): <arch>
03-04 17:12:09.030 D/xmlCheckExt(31805):  pkgName = com.rao.flyfish.huntfish
03-04 17:12:09.030 D/xmlCheckExt(31805): <arch>
03-04 17:12:09.030 D/xmlCheckExt(31805):  pkgName = com.yucai.escape.tow
03-04 17:12:09.030 D/xmlCheckExt(31805): <white>
03-04 17:12:09.030 D/xmlCheckExt(31805):  pkgName = com.eembc.coremark
03-04 17:12:09.030 D/Zygote  (31805): Setting os.arch
03-04 17:12:09.160 D/CMC->NioClient3(24587): addClient: 7824AF028BDD
03-04 17:12:09.220 D/dalvikvm(31805): Trying to load lib /data/app-lib/com.tencent.mm-1/libstlport_shared.so 0x43d96f40
03-04 17:12:09.240 D/houdini (31805): [31805] Loading library(version: 4.0.2.44380 RELEASE)... successfully.
03-04 17:12:09.270 D/dalvikvm(31805): Added shared lib /data/app-lib/com.tencent.mm-1/libstlport_shared.so 0x43d96f40
03-04 17:12:09.270 D/dalvikvm(31805): No JNI_OnLoad found in /data/app-lib/com.tencent.mm-1/libstlport_shared.so 0x43d96f40, skipping init
03-04 17:12:09.280 D/dalvikvm(31805): Trying to load lib /data/app-lib/com.tencent.mm-1/libwechatxlog.so 0x43d96f40
03-04 17:12:09.280 E/ActivityThread(31805): Failed to find provider info for com.tencent.mm.coolassist.debugprovider
03-04 17:12:09.300 D/dalvikvm(31805): Added shared lib /data/app-lib/com.tencent.mm-1/libwechatxlog.so 0x43d96f40
03-04 17:12:09.300 W/MicroMsg.xlogger(31805): JNI_Xlog_onCreate
03-04 17:12:09.350 D/dalvikvm(31805): Trying to load lib /data/app-lib/com.tencent.mm-1/libMMProtocalJni.so 0x43d96f40
03-04 17:12:09.370 D/dalvikvm(31805): Added shared lib /data/app-lib/com.tencent.mm-1/libMMProtocalJni.so 0x43d96f40
03-04 17:12:09.370 D/dalvikvm(31805): No JNI_OnLoad found in /data/app-lib/com.tencent.mm-1/libMMProtocalJni.so 0x43d96f40, skipping init
03-04 17:12:09.470 D/dalvikvm(31805): Trying to load lib /data/app-lib/com.tencent.mm-1/libwechatCrashForJni.so 0x43d96f40
03-04 17:12:09.470 D/dalvikvm(31805): Added shared lib /data/app-lib/com.tencent.mm-1/libwechatCrashForJni.so 0x43d96f40
03-04 17:12:09.470 W/jni crash monitor(31805): JNI_OnLoad
03-04 17:12:09.510 V/WeatherTimeProvider(31792):  Start update widget: 1425460329522
03-04 17:12:09.510 I/WeatherTimeProvider(31792): Start Time-Tick Service
03-04 17:12:09.510 I/WeatherTimeProvider(31792): onUpdate1
03-04 17:12:09.520 V/WeatherTimeProvider(31792):  widgetid = 1
03-04 17:12:09.530 V/WeatherTimeProvider(31792): cityId = 66971; currentLocation = 0
03-04 17:12:09.530 V/WeatherTimeProvider(31792): widgetid = 1
03-04 17:12:09.560 D/dalvikvm(31737): No JNI_OnLoad found in /system/lib/libbdpush_V1_0.so 0x43d80da0, skipping init
03-04 17:12:09.560 V/WeatherTimeProvider(31792): Widget option: minWidth = 384; minHeight = 87
03-04 17:12:09.560 I/WeatherTimeProvider(31792): onUpdate1
03-04 17:12:09.560 V/WeatherTimeProvider(31792):  widgetid = 694
03-04 17:12:09.560 V/WeatherTimeProvider(31792): cityId = null; currentLocation = 0
03-04 17:12:09.560 V/WeatherTimeProvider(31792): widgetid = 694
03-04 17:12:09.570 V/WeatherTimeProvider(31792): Widget option: minWidth = 539; minHeight = 295
03-04 17:12:09.570 V/WeatherTimeProvider(31792):  End update widget: 1425460329587
03-04 17:12:09.580 I/WeatherTimeReceiver(31792): P.UPDATE_WIDGET_PERIOD:Receive, widgetId = 694
03-04 17:12:09.580 V/WeatherTimeCurrentLocation(31792): bIsWiFiEnabled = false; bIsGPSEnabled = true
