03-04 16:16:04.979 I/WifiHW  (  505): REPLY: LINKSPEED=19
03-04 16:16:04.979 I/WifiHW  (  505): REPLY: NOISE=9999
03-04 16:16:04.979 I/WifiHW  (  505): REPLY: FREQUENCY=2437
03-04 16:16:05.239 E/AndroidProtocolHandler(14544): Unable to open asset URL: file:///android_asset/www//opt/tct-audio-html5-tests/audio/w3c/support/mediaelement.js
03-04 16:16:05.459 E/MediaResourceGetter(14544): File does not exist.
03-04 16:16:05.459 E/MediaResourceGetter(14544): Unable to configure metadata extractor
03-04 16:16:05.469 E/chromium(14544): [ERROR:webmediaplayer_android.cc(449)] Not implemented reached in virtual void content::WebMediaPlayerAndroid::setRate(double)
03-04 16:16:05.469 I/MediaFocusControl(  505):  AudioFocus  requestAudioFocus() from android.media.AudioManager@21efe028org.chromium.media.MediaPlayerListener@220362e0
03-04 16:16:05.469 V/Avrcp   ( 1171): New genId = 29, clearing = 1
03-04 16:16:05.479 I/SoftOMXPlugin(  182): Created OMXPlugin : OMX.Intel.mp3.decoder
03-04 16:16:05.479 E/MediaPlayer(14544): Should have subtitle controller already set
03-04 16:16:05.489 I/AudioPolicyManagerBase(  182): APM: getOutput
03-04 16:16:05.489 I/AudioPolicyManagerBase(  182): APM: getOutput
03-04 16:16:05.489 I/AudioPolicyManagerBase(  182): APM: getOutput
03-04 16:16:05.489 I/AudioPolicyManagerBase(  182): APM: getOutput
03-04 16:16:05.489 D/AudioPolicyManagerALSA(  182): startOutput() output 2, stream type 3, session 57
03-04 16:16:05.489 D/AudioHardwareALSA(  182): setStreamParameters: key value pair routing=2;stream_flags=2
03-04 16:16:05.489 D/RouteManager(  182): setOutputFlags: output flags = 0x2 (Prev Flags=0x2)
03-04 16:16:05.489 D/RouteManager(  182): setDevices: 0x2
03-04 16:16:05.489 D/RouteManager(  182): setDevices: 0x2
03-04 16:16:05.489 D/RouteManager(  182): setDevices: set device = IHF to output stream
03-04 16:16:05.489 D/RouteManager(  182): setStreamParameters: identical Platform State, do not reconsider routing
03-04 16:16:05.489 D/MediaPlayer(14544): getMetadata
03-04 16:16:05.499 D/AudioResamplerIA(  182): Create AudioResamplerIA Resampler: Input rate 22050, output rate 48000
03-04 16:16:05.499 D/PROPERTY(  182): get media.dump_output.befconv: 0
03-04 16:16:05.499 D/PROPERTY(  182): get media.dump_output.aftconv: 0
03-04 16:16:05.499 D/RouteManager(  182): startStream: {+++ RECONSIDER ROUTING +++} due to output stream start event
03-04 16:16:05.499 D/RouteManager(  182): reconsiderRouting
03-04 16:16:05.499 D/EVENT_THREAD(  182): void CEventThread::trig(uint16_t): in
03-04 16:16:05.499 D/EVENT_THREAD(  182): void CEventThread::trig(uint16_t): out
03-04 16:16:05.499 D/RouteManager(  182): doReconsiderRouting:       Platform State:
03-04 16:16:05.499 D/RouteManager(  182): doReconsiderRouting:          -Modem Alive = 0 
03-04 16:16:05.499 D/RouteManager(  182): doReconsiderRouting:          -Modem Call Active = 0 
03-04 16:16:05.499 D/RouteManager(  182): doReconsiderRouting:          -Is Shared I2S glitch free=1 
03-04 16:16:05.499 D/RouteManager(  182): doReconsiderRouting:          -Android Telephony Mode = Normal 
03-04 16:16:05.499 D/RouteManager(  182): doReconsiderRouting:          -RTE MGR HW Mode = Normal 
03-04 16:16:05.499 D/RouteManager(  182): doReconsiderRouting:          -BT Enabled = 1 
03-04 16:16:05.499 D/RouteManager(  182): doReconsiderRouting:          -BT NREC = 0 
03-04 16:16:05.499 D/RouteManager(  182): doReconsiderRouting:          -BT Band = NB 
03-04 16:16:05.499 D/RouteManager(  182): doReconsiderRouting:          -Platform output device = IHF 
03-04 16:16:05.499 D/RouteManager(  182): doReconsiderRouting:          -Platform input device = <none> 
03-04 16:16:05.499 D/RouteManager(  182): doReconsiderRouting:          -Platform input source = None 
03-04 16:16:05.499 D/RouteManager(  182): doReconsiderRouting:          -Platform Band type = NB 
03-04 16:16:05.499 D/RouteManager(  182): doReconsiderRouting:          -Platform Has Direct Stream = no 
03-04 16:16:05.499 D/RouteManager(  182): doReconsiderRouting:          -Platform TTY direction = <none> 
03-04 16:16:05.499 D/RouteManager(  182): doReconsiderRouting:          -Platform HAC Mode = Off 
03-04 16:16:05.499 D/RouteManager(  182): doReconsiderRouting:          -Platform Screen State = On 
03-04 16:16:05.499 D/RouteManager(  182): doReconsiderRouting:          -Platform Context Awareness = false 
03-04 16:16:05.499 D/RouteManager(  182): doReconsiderRouting:          -Platform Always Listening = false 
03-04 16:16:05.499 D/RouteManager(  182): doReconsiderRouting:          -Platform FM State = Off 
03-04 16:16:05.499 D/RouteManager(  182): doReconsiderRouting:          -Platform Bypass Non Linear PP State = Off 
03-04 16:16:05.499 D/RouteManager(  182): doReconsiderRouting:          -Platform Bypass Linear PP State = Off 
03-04 16:16:05.499 D/RouteManager(  182): doReconsiderRouting:          -Platform MicMute = Off 
03-04 16:16:05.499 D/RouteManager(  182): doReconsiderRouting:      Route state:
03-04 16:16:05.499 D/RouteManager(  182): doReconsiderRouting:          -Previously Enabled Route in Input = <none>
03-04 16:16:05.499 D/RouteManager(  182): doReconsiderRouting:          -Previously Enabled Route in Output = <none>
03-04 16:16:05.499 D/RouteManager(  182): doReconsiderRouting:          -Selected Route in Input = <none>
03-04 16:16:05.499 D/RouteManager(  182): doReconsiderRouting:          -Selected Route in Output = Media|HwCodecMedia
03-04 16:16:05.499 D/RouteManager(  182): doReconsiderRouting:          -Route that need reconfiguration in Input = <none>
03-04 16:16:05.499 D/RouteManager(  182): doReconsiderRouting:          -Route that need reconfiguration in Output = <none>
03-04 16:16:05.499 D/RouteManager(  182): executeMuteStage: --------------- Routing Stage = Mute ---------------
03-04 16:16:05.499 D/RouteManager(  182): parameter-framework: Selection criterion changed event: Criterion name: RoutageState, current state: Flow
03-04 16:16:05.499 D/RouteManager(  182): parameter-framework: Configuration application request {
03-04 16:16:05.499 D/RouteManager(  182): parameter-framework:     Applying configurations {
03-04 16:16:05.499 D/RouteManager(  182): parameter-framework:     } Applying configurations
03-04 16:16:05.499 D/RouteManager(  182): parameter-framework: } Configuration application request
03-04 16:16:05.499 D/RouteManager(  182): executeDisableStage: --------------- Routing Stage = Disable ---------------
03-04 16:16:05.499 D/RouteManager(  182): parameter-framework: Selection criterion changed event: Criterion name: RoutageState, current state: Path
03-04 16:16:05.499 D/RouteManager(  182): parameter-framework: Configuration application request {
03-04 16:16:05.499 D/RouteManager(  182): parameter-framework:     Applying configurations {
03-04 16:16:05.499 D/RouteManager(  182): parameter-framework:     } Applying configurations
03-04 16:16:05.499 D/RouteManager(  182): parameter-framework: } Configuration application request
03-04 16:16:05.499 D/RouteManager(  182): executeConfigureStage: --------------- Routing Stage = Configure ---------------
03-04 16:16:05.499 D/RouteManager(  182): parameter-framework: Selection criterion changed event: Criterion name: RoutageState, current state: Configure
03-04 16:16:05.499 D/RouteManager(  182): parameter-framework: Selection criterion changed event: Criterion name: OpenedPlaybackRoutes, current state: Media|HwCodecMedia
03-04 16:16:05.499 D/RouteManager(  182): parameter-framework: Configuration application request {
03-04 16:16:05.499 D/RouteManager(  182): parameter-framework:     Applying configurations {
03-04 16:16:05.499 D/RouteManager(  182): parameter-framework:         Applying configuration "Activated" from domain "Routing.Configure.LPE_Mixer.IHF"
03-04 16:16:05.499 D/RouteManager(  182): parameter-framework:     } Applying configurations
03-04 16:16:05.499 D/RouteManager(  182): parameter-framework: } Configuration application request
03-04 16:16:05.499 D/RouteManager(  182): executeEnableStage: --------------- Routing Stage = Enable ---------------
03-04 16:16:05.499 D/RouteManager(  182): parameter-framework: Selection criterion changed event: Criterion name: RoutageState, current state: Path|Configure
03-04 16:16:05.499 D/RouteManager(  182): doEnableRoutes: Routes to be enabled(routed) in Output = Media|HwCodecMedia
03-04 16:16:05.499 D/RouteManager(  182): parameter-framework: Configuration application request {
03-04 16:16:05.499 D/RouteManager(  182): parameter-framework:     Applying configurations {
03-04 16:16:05.499 D/RouteManager(  182): parameter-framework:         Applying configuration "Enable" from domain "Routing.Enable.HWCodec.Playback.IHF"
03-04 16:16:05.499 D/RouteManager(  182): parameter-framework:         Applying configuration "Enable" from domain "Routing.Enable.HWCodec.Playback.Multimedia.IHF"
03-04 16:16:05.499 D/RouteManager(  182): parameter-framework:         Applying configuration "Enable" from domain "Routing.Enable.HWCodec.Playback.Multimedia.Playback"
03-04 16:16:05.509 D/RouteManager(  182): parameter-framework:     } Applying configurations
03-04 16:16:05.509 D/RouteManager(  182): parameter-framework: } Configuration application request
03-04 16:16:05.509 D/RouteManager(  182): doEnableRoutes: Routes to be enabled(routed) in Output = Media|HwCodecMedia
03-04 16:16:05.509 D/RouteManager/StreamRoute(  182): openPcmDevice called for card (baytrailaudio,0)
03-04 16:16:05.509 D/RouteManager/StreamRoute(  182): openPcmDevice		 config=rate(48000), format(0), channels(2))
03-04 16:16:05.509 D/RouteManager/StreamRoute(  182): openPcmDevice		 period_size=1152, period_count=4
03-04 16:16:05.509 D/RouteManager/StreamRoute(  182): openPcmDevice		 startTh=4607, stop Th=4608 silence Th=0
03-04 16:16:05.599 D/ALSAStreamOps(  182): attachRouteL output stream
03-04 16:16:05.599 D/AudioConversion(  182): configure: no convertion required
03-04 16:16:05.599 D/RouteManager(  182): executeUnmuteStage: --------------- Routing Stage = Unmute ---------------
03-04 16:16:05.599 D/RouteManager(  182): parameter-framework: Selection criterion changed event: Criterion name: RoutageState, current state: Flow|Path|Configure
03-04 16:16:05.599 D/RouteManager(  182): parameter-framework: Configuration application request {
03-04 16:16:05.599 D/RouteManager(  182): parameter-framework:     Applying configurations {
03-04 16:16:05.599 D/RouteManager(  182): parameter-framework:     } Applying configurations
03-04 16:16:05.599 D/RouteManager(  182): parameter-framework: } Configuration application request
03-04 16:16:05.599 D/EVENT_THREAD(  182): void CEventThread::run() Do poll with timeout: -1
03-04 16:16:05.599 D/RouteManager(  182): reconsiderRouting: DONE
03-04 16:16:07.989 I/WifiHW  (  505): CMD: IFNAME=wlan0 SIGNAL_POLL
03-04 16:16:07.989 D/wpa_supplicant(  694): RX ctrl_iface - hexdump(len=11): 53 49 47 4e 41 4c 5f 50 4f 4c 4c
03-04 16:16:07.989 D/wpa_supplicant(  694): wlan0: Control interface command 'SIGNAL_POLL'
03-04 16:16:08.009 D/wpa_supplicant(  694): nl80211: survey data missing!
03-04 16:16:08.009 I/WifiHW  (  505): REPLY: RSSI=-62
03-04 16:16:08.019 I/WifiHW  (  505): REPLY: LINKSPEED=19
03-04 16:16:08.019 I/WifiHW  (  505): REPLY: NOISE=9999
03-04 16:16:08.019 I/WifiHW  (  505): REPLY: FREQUENCY=2437
03-04 16:16:10.789 E/AudioSink(  182): received unknown event type: 1 inside CallbackWrapper !
03-04 16:16:11.019 I/WifiHW  (  505): CMD: IFNAME=wlan0 SIGNAL_POLL
03-04 16:16:11.019 D/wpa_supplicant(  694): RX ctrl_iface - hexdump(len=11): 53 49 47 4e 41 4c 5f 50 4f 4c 4c
03-04 16:16:11.019 D/wpa_supplicant(  694): wlan0: Control interface command 'SIGNAL_POLL'
03-04 16:16:11.049 D/wpa_supplicant(  694): nl80211: survey data missing!
03-04 16:16:11.049 I/WifiHW  (  505): REPLY: RSSI=-57
03-04 16:16:11.049 I/WifiHW  (  505): REPLY: LINKSPEED=19
03-04 16:16:11.049 I/WifiHW  (  505): REPLY: NOISE=9999
03-04 16:16:11.049 I/WifiHW  (  505): REPLY: FREQUENCY=2437
03-04 16:16:12.509 D/EVENT_THREAD(  182): void CEventThread::run() POLLIN event on Fd (1)
03-04 16:16:12.509 D/EVENT_THREAD(  182): void CEventThread::run() Do poll with timeout: -1
03-04 16:16:14.059 I/WifiHW  (  505): CMD: IFNAME=wlan0 SIGNAL_POLL
03-04 16:16:14.059 D/wpa_supplicant(  694): RX ctrl_iface - hexdump(len=11): 53 49 47 4e 41 4c 5f 50 4f 4c 4c
03-04 16:16:14.059 D/wpa_supplicant(  694): wlan0: Control interface command 'SIGNAL_POLL'
03-04 16:16:14.089 D/wpa_supplicant(  694): nl80211: survey data missing!
03-04 16:16:14.089 I/WifiHW  (  505): REPLY: RSSI=-57
03-04 16:16:14.089 I/WifiHW  (  505): REPLY: LINKSPEED=19
03-04 16:16:14.089 I/WifiHW  (  505): REPLY: NOISE=9999
03-04 16:16:14.089 I/WifiHW  (  505): REPLY: FREQUENCY=2437
03-04 16:16:14.319 D/EVENT_THREAD(  182): void CEventThread::run() POLLIN event on Fd (1)
03-04 16:16:14.319 D/EVENT_THREAD(  182): void CEventThread::run() Do poll with timeout: -1
03-04 16:16:14.319 D/EVENT_THREAD(  182): void CEventThread::run() POLLIN event on Fd (1)
03-04 16:16:14.319 D/EVENT_THREAD(  182): void CEventThread::run() Do poll with timeout: -1
03-04 16:16:14.319 I/upi_ug31xx(  165): (2053) update_capacity
03-04 16:16:14.319 I/[UPI]   (  165): <UG31/E>[UpiReadCapacity]: V=4041(4040), T=339(341-400), I=-307, C=-5(-5-0)
03-04 16:16:14.319 I/[UPI]   (  165): <UG31/E>[UpiReadCapacity]: (0x0000254a) 3065 (3076) / 3602 (4028) = 85
03-04 16:16:14.319 I/[UPI]   (  165): <UG31/E>[UpiReadCapacity]: (0x0000254a) 3065 (3076) / 3602 (4028) = 85
03-04 16:16:14.319 I/[UPI]   (  165): <UG31/E>[UpiReadCapacity]: (0x0000254a) 3060 (3060) / 3602 (4028) = 85
03-04 16:16:14.319 I/[UPI]   (  165): <UG31/E>[RsocFilterCountTime]: (0x0000254a) Step=4(242570), Full=4(242570), Lock=242570(1800000)
03-04 16:16:14.319 I/[UPI]   (  165): <UG31/E>[UpiReadCapacity]: (0x0000254a) 3060 (3060) / 3602 (4028) = 85 (-307--307)
03-04 16:16:14.319 I/[UPI]   (  165): <UG31/E><BATT> M:normal, P:85(85-85)%, V:4039mV, C:-315mA, T:34.1C(400), S:0x0000254a(000), R:3060mAh, F:3602mAh, Q:770mAh, CC:4, P:30.250(838-0)s, BO:7, 97:615:0-44af-9m:B001-20140514-144301 (16)
03-04 16:16:14.319 I/upi_ug31xx(  165): (2054) backup_data 
03-04 16:16:14.319 V/upi_ug31xx(  165): state->check_backup_count = 6
03-04 16:16:16.579 I/MediaFocusControl(  505):  AudioFocus  abandonAudioFocus() from android.media.AudioManager@21efe028org.chromium.media.MediaPlayerListener@220362e0
03-04 16:16:16.579 V/Avrcp   ( 1171): New genId = 30, clearing = 1
03-04 16:16:16.599 W/BindingManager(14544): Cannot call determinedVisibility() - never saw a connection for the pid: 14544
03-04 16:16:17.099 I/WifiHW  (  505): CMD: IFNAME=wlan0 SIGNAL_POLL
03-04 16:16:17.099 D/wpa_supplicant(  694): RX ctrl_iface - hexdump(len=11): 53 49 47 4e 41 4c 5f 50 4f 4c 4c
03-04 16:16:17.099 D/wpa_supplicant(  694): wlan0: Control interface command 'SIGNAL_POLL'
03-04 16:16:17.129 D/wpa_supplicant(  694): nl80211: survey data missing!
03-04 16:16:17.129 I/WifiHW  (  505): REPLY: RSSI=-57
03-04 16:16:17.129 I/WifiHW  (  505): REPLY: LINKSPEED=19
03-04 16:16:17.129 I/WifiHW  (  505): REPLY: NOISE=9999
03-04 16:16:17.129 I/WifiHW  (  505): REPLY: FREQUENCY=2437
03-04 16:16:17.849 W/BindingManager(14544): Cannot call determinedVisibility() - never saw a connection for the pid: 14544
03-04 16:16:18.719 W/BindingManager(14544): Cannot call determinedVisibility() - never saw a connection for the pid: 14544
03-04 16:16:18.749 E/MediaResourceGetter(14544): File does not exist.
03-04 16:16:18.749 E/MediaResourceGetter(14544): Unable to configure metadata extractor
03-04 16:16:18.759 E/chromium(14544): [ERROR:webmediaplayer_android.cc(449)] Not implemented reached in virtual void content::WebMediaPlayerAndroid::setRate(double)
03-04 16:16:18.759 I/MediaFocusControl(  505):  AudioFocus  requestAudioFocus() from android.media.AudioManager@21efe028org.chromium.media.MediaPlayerListener@22049d50
03-04 16:16:18.759 V/Avrcp   ( 1171): New genId = 31, clearing = 1
03-04 16:16:18.769 I/SoftOMXPlugin(  182): Created OMXPlugin : OMX.Intel.mp3.decoder
03-04 16:16:18.769 E/MediaPlayer(14544): Should have subtitle controller already set
03-04 16:16:18.769 I/AudioPolicyManagerBase(  182): APM: getOutput
03-04 16:16:18.769 I/AudioPolicyManagerBase(  182): APM: getOutput
03-04 16:16:18.769 I/AudioPolicyManagerBase(  182): APM: getOutput
03-04 16:16:18.769 I/AudioPolicyManagerBase(  182): APM: getOutput
03-04 16:16:18.769 D/AudioPolicyManagerALSA(  182): startOutput() output 2, stream type 3, session 58
03-04 16:16:18.779 D/AudioHardwareALSA(  182): setStreamParameters: key value pair routing=2;stream_flags=2
03-04 16:16:18.779 D/RouteManager(  182): setOutputFlags: output flags = 0x2 (Prev Flags=0x2)
03-04 16:16:18.779 D/RouteManager(  182): setDevices: 0x2
03-04 16:16:18.779 D/RouteManager(  182): setDevices: 0x2
03-04 16:16:18.779 D/RouteManager(  182): setDevices: set device = IHF to output stream
03-04 16:16:18.779 D/RouteManager(  182): setStreamParameters: identical Platform State, do not reconsider routing
03-04 16:16:18.779 D/MediaPlayer(14544): getMetadata
03-04 16:16:18.789 D/AudioResamplerIA(  182): Create AudioResamplerIA Resampler: Input rate 22050, output rate 48000
03-04 16:16:19.359 I/MediaFocusControl(  505):  AudioFocus  abandonAudioFocus() from android.media.AudioManager@21efe028org.chromium.media.MediaPlayerListener@22049d50
03-04 16:16:19.359 V/Avrcp   ( 1171): New genId = 32, clearing = 1
03-04 16:16:19.409 W/BindingManager(14544): Cannot call determinedVisibility() - never saw a connection for the pid: 14544
03-04 16:16:19.439 E/MediaResourceGetter(14544): File does not exist.
03-04 16:16:19.439 E/MediaResourceGetter(14544): Unable to configure metadata extractor
03-04 16:16:19.449 E/chromium(14544): [ERROR:webmediaplayer_android.cc(449)] Not implemented reached in virtual void content::WebMediaPlayerAndroid::setRate(double)
03-04 16:16:19.459 I/MediaFocusControl(  505):  AudioFocus  requestAudioFocus() from android.media.AudioManager@21efe028org.chromium.media.MediaPlayerListener@2204c878
03-04 16:16:19.459 V/Avrcp   ( 1171): New genId = 33, clearing = 1
03-04 16:16:19.469 I/SoftOMXPlugin(  182): Created OMXPlugin : OMX.Intel.mp3.decoder
03-04 16:16:19.479 E/MediaPlayer(14544): Should have subtitle controller already set
03-04 16:16:19.479 I/AudioPolicyManagerBase(  182): APM: getOutput
03-04 16:16:19.479 I/AudioPolicyManagerBase(  182): APM: getOutput
03-04 16:16:19.479 I/AudioPolicyManagerBase(  182): APM: getOutput
03-04 16:16:19.479 I/AudioPolicyManagerBase(  182): APM: getOutput
03-04 16:16:19.479 D/AudioPolicyManagerALSA(  182): startOutput() output 2, stream type 3, session 59
03-04 16:16:19.489 D/AudioHardwareALSA(  182): setStreamParameters: key value pair routing=2;stream_flags=2
03-04 16:16:19.489 D/RouteManager(  182): setOutputFlags: output flags = 0x2 (Prev Flags=0x2)
03-04 16:16:19.489 D/RouteManager(  182): setDevices: 0x2
03-04 16:16:19.489 D/RouteManager(  182): setDevices: 0x2
03-04 16:16:19.489 D/RouteManager(  182): setDevices: set device = IHF to output stream
03-04 16:16:19.489 D/RouteManager(  182): setStreamParameters: identical Platform State, do not reconsider routing
03-04 16:16:19.489 D/MediaPlayer(14544): getMetadata
03-04 16:16:19.499 D/AudioResamplerIA(  182): Create AudioResamplerIA Resampler: Input rate 22050, output rate 48000
03-04 16:16:20.029 I/MediaFocusControl(  505):  AudioFocus  abandonAudioFocus() from android.media.AudioManager@21efe028org.chromium.media.MediaPlayerListener@2204c878
03-04 16:16:20.039 V/Avrcp   ( 1171): New genId = 34, clearing = 1
03-04 16:16:20.059 W/BindingManager(14544): Cannot call determinedVisibility() - never saw a connection for the pid: 14544
03-04 16:16:20.099 E/MediaResourceGetter(14544): File does not exist.
03-04 16:16:20.099 E/MediaResourceGetter(14544): Unable to configure metadata extractor
03-04 16:16:20.099 E/chromium(14544): [ERROR:webmediaplayer_android.cc(449)] Not implemented reached in virtual void content::WebMediaPlayerAndroid::setRate(double)
03-04 16:16:20.099 I/MediaFocusControl(  505):  AudioFocus  requestAudioFocus() from android.media.AudioManager@21efe028org.chromium.media.MediaPlayerListener@22050cb0
03-04 16:16:20.109 V/Avrcp   ( 1171): New genId = 35, clearing = 1
03-04 16:16:20.119 I/SoftOMXPlugin(  182): Created OMXPlugin : OMX.Intel.mp3.decoder
03-04 16:16:20.119 E/MediaPlayer(14544): Should have subtitle controller already set
03-04 16:16:20.119 I/AudioPolicyManagerBase(  182): APM: getOutput
03-04 16:16:20.119 I/AudioPolicyManagerBase(  182): APM: getOutput
03-04 16:16:20.119 I/AudioPolicyManagerBase(  182): APM: getOutput
03-04 16:16:20.119 I/AudioPolicyManagerBase(  182): APM: getOutput
03-04 16:16:20.119 D/AudioPolicyManagerALSA(  182): startOutput() output 2, stream type 3, session 60
03-04 16:16:20.129 D/AudioHardwareALSA(  182): setStreamParameters: key value pair routing=2;stream_flags=2
03-04 16:16:20.129 D/RouteManager(  182): setOutputFlags: output flags = 0x2 (Prev Flags=0x2)
03-04 16:16:20.129 D/RouteManager(  182): setDevices: 0x2
03-04 16:16:20.129 D/RouteManager(  182): setDevices: 0x2
03-04 16:16:20.129 D/RouteManager(  182): setDevices: set device = IHF to output stream
03-04 16:16:20.129 D/RouteManager(  182): setStreamParameters: identical Platform State, do not reconsider routing
03-04 16:16:20.129 D/MediaPlayer(14544): getMetadata
03-04 16:16:20.129 I/WifiHW  (  505): CMD: IFNAME=wlan0 SIGNAL_POLL
03-04 16:16:20.129 D/wpa_supplicant(  694): RX ctrl_iface - hexdump(len=11): 53 49 47 4e 41 4c 5f 50 4f 4c 4c
03-04 16:16:20.129 D/wpa_supplicant(  694): wlan0: Control interface command 'SIGNAL_POLL'
03-04 16:16:20.139 D/AudioResamplerIA(  182): Create AudioResamplerIA Resampler: Input rate 22050, output rate 48000
03-04 16:16:20.159 D/wpa_supplicant(  694): nl80211: survey data missing!
03-04 16:16:20.159 I/WifiHW  (  505): REPLY: RSSI=-57
03-04 16:16:20.159 I/WifiHW  (  505): REPLY: LINKSPEED=19
03-04 16:16:20.159 I/WifiHW  (  505): REPLY: NOISE=9999
03-04 16:16:20.159 I/WifiHW  (  505): REPLY: FREQUENCY=2437
03-04 16:16:20.659 I/MediaFocusControl(  505):  AudioFocus  abandonAudioFocus() from android.media.AudioManager@21efe028org.chromium.media.MediaPlayerListener@22050cb0
03-04 16:16:20.659 V/Avrcp   ( 1171): New genId = 36, clearing = 1
03-04 16:16:20.679 W/BindingManager(14544): Cannot call determinedVisibility() - never saw a connection for the pid: 14544
03-04 16:16:20.709 E/MediaResourceGetter(14544): File does not exist.
03-04 16:16:20.709 E/MediaResourceGetter(14544): Unable to configure metadata extractor
03-04 16:16:20.819 E/MediaResourceGetter(14544): File does not exist.
03-04 16:16:20.819 E/MediaResourceGetter(14544): Unable to configure metadata extractor
03-04 16:16:20.829 E/chromium(14544): [ERROR:webmediaplayer_android.cc(449)] Not implemented reached in virtual void content::WebMediaPlayerAndroid::setRate(double)
03-04 16:16:20.829 I/MediaFocusControl(  505):  AudioFocus  requestAudioFocus() from android.media.AudioManager@21efe028org.chromium.media.MediaPlayerListener@2205b728
03-04 16:16:20.839 V/Avrcp   ( 1171): New genId = 37, clearing = 1
03-04 16:16:20.839 I/SoftOMXPlugin(  182): Created OMXPlugin : OMX.Intel.mp3.decoder
03-04 16:16:20.839 E/MediaPlayer(14544): Should have subtitle controller already set
03-04 16:16:20.849 I/AudioPolicyManagerBase(  182): APM: getOutput
03-04 16:16:20.849 I/AudioPolicyManagerBase(  182): APM: getOutput
03-04 16:16:20.849 I/AudioPolicyManagerBase(  182): APM: getOutput
03-04 16:16:20.849 I/AudioPolicyManagerBase(  182): APM: getOutput
03-04 16:16:20.849 D/AudioPolicyManagerALSA(  182): startOutput() output 2, stream type 3, session 61
03-04 16:16:20.859 D/AudioHardwareALSA(  182): setStreamParameters: key value pair routing=2;stream_flags=2
03-04 16:16:20.859 D/RouteManager(  182): setOutputFlags: output flags = 0x2 (Prev Flags=0x2)
03-04 16:16:20.859 D/RouteManager(  182): setDevices: 0x2
03-04 16:16:20.859 D/RouteManager(  182): setDevices: 0x2
03-04 16:16:20.859 D/RouteManager(  182): setDevices: set device = IHF to output stream
03-04 16:16:20.859 D/RouteManager(  182): setStreamParameters: identical Platform State, do not reconsider routing
03-04 16:16:20.859 D/MediaPlayer(14544): getMetadata
03-04 16:16:20.869 D/AudioResamplerIA(  182): Create AudioResamplerIA Resampler: Input rate 22050, output rate 48000
03-04 16:16:21.419 I/MediaFocusControl(  505):  AudioFocus  abandonAudioFocus() from android.media.AudioManager@21efe028org.chromium.media.MediaPlayerListener@2205b728
03-04 16:16:21.419 V/Avrcp   ( 1171): New genId = 38, clearing = 1
03-04 16:16:21.419 D/BatteryStatsImpl(  505): noteStopWakeLocked system isFromForeground = false
03-04 16:16:21.439 W/BindingManager(14544): Cannot call determinedVisibility() - never saw a connection for the pid: 14544
03-04 16:16:21.479 E/MediaResourceGetter(14544): File does not exist.
03-04 16:16:21.479 E/MediaResourceGetter(14544): Unable to configure metadata extractor
03-04 16:16:21.479 E/chromium(14544): [ERROR:webmediaplayer_android.cc(449)] Not implemented reached in virtual void content::WebMediaPlayerAndroid::setRate(double)
03-04 16:16:21.489 I/MediaFocusControl(  505):  AudioFocus  requestAudioFocus() from android.media.AudioManager@21efe028org.chromium.media.MediaPlayerListener@2205fb50
03-04 16:16:21.489 V/Avrcp   ( 1171): New genId = 39, clearing = 1
03-04 16:16:21.499 I/SoftOMXPlugin(  182): Created OMXPlugin : OMX.Intel.mp3.decoder
03-04 16:16:21.499 E/MediaPlayer(14544): Should have subtitle controller already set
03-04 16:16:21.499 I/AudioPolicyManagerBase(  182): APM: getOutput
03-04 16:16:21.499 I/AudioPolicyManagerBase(  182): APM: getOutput
03-04 16:16:21.499 I/AudioPolicyManagerBase(  182): APM: getOutput
03-04 16:16:21.499 I/AudioPolicyManagerBase(  182): APM: getOutput
03-04 16:16:21.499 D/AudioPolicyManagerALSA(  182): startOutput() output 2, stream type 3, session 62
03-04 16:16:21.509 D/AudioHardwareALSA(  182): setStreamParameters: key value pair routing=2;stream_flags=2
03-04 16:16:21.509 D/RouteManager(  182): setOutputFlags: output flags = 0x2 (Prev Flags=0x2)
03-04 16:16:21.509 D/RouteManager(  182): setDevices: 0x2
03-04 16:16:21.509 D/RouteManager(  182): setDevices: 0x2
03-04 16:16:21.509 D/RouteManager(  182): setDevices: set device = IHF to output stream
03-04 16:16:21.509 D/RouteManager(  182): setStreamParameters: identical Platform State, do not reconsider routing
03-04 16:16:21.509 D/MediaPlayer(14544): getMetadata
03-04 16:16:21.509 E/AudioSink(  182): received unknown event type: 1 inside CallbackWrapper !
03-04 16:16:21.519 D/AudioResamplerIA(  182): Create AudioResamplerIA Resampler: Input rate 22050, output rate 48000
03-04 16:16:23.169 I/WifiHW  (  505): CMD: IFNAME=wlan0 SIGNAL_POLL
03-04 16:16:23.169 D/wpa_supplicant(  694): RX ctrl_iface - hexdump(len=11): 53 49 47 4e 41 4c 5f 50 4f 4c 4c
03-04 16:16:23.169 D/wpa_supplicant(  694): wlan0: Control interface command 'SIGNAL_POLL'
03-04 16:16:23.189 D/wpa_supplicant(  694): nl80211: survey data missing!
03-04 16:16:23.189 I/WifiHW  (  505): REPLY: RSSI=-61
03-04 16:16:23.189 I/WifiHW  (  505): REPLY: LINKSPEED=19
03-04 16:16:23.189 I/WifiHW  (  505): REPLY: NOISE=9999
03-04 16:16:23.189 I/WifiHW  (  505): REPLY: FREQUENCY=2437
03-04 16:16:24.589 I/MediaFocusControl(  505):  AudioFocus  abandonAudioFocus() from android.media.AudioManager@21efe028org.chromium.media.MediaPlayerListener@2205fb50
03-04 16:16:24.589 V/Avrcp   ( 1171): New genId = 40, clearing = 1
03-04 16:16:24.639 W/BindingManager(14544): Cannot call determinedVisibility() - never saw a connection for the pid: 14544
03-04 16:16:26.199 I/WifiHW  (  505): CMD: IFNAME=wlan0 SIGNAL_POLL
03-04 16:16:26.199 D/wpa_supplicant(  694): RX ctrl_iface - hexdump(len=11): 53 49 47 4e 41 4c 5f 50 4f 4c 4c
03-04 16:16:26.199 D/wpa_supplicant(  694): wlan0: Control interface command 'SIGNAL_POLL'
03-04 16:16:26.229 D/wpa_supplicant(  694): nl80211: survey data missing!
03-04 16:16:26.229 I/WifiHW  (  505): REPLY: RSSI=-58
03-04 16:16:26.229 I/WifiHW  (  505): REPLY: LINKSPEED=19
03-04 16:16:26.229 I/WifiHW  (  505): REPLY: NOISE=9999
03-04 16:16:26.229 I/WifiHW  (  505): REPLY: FREQUENCY=2437
03-04 16:16:27.579 D/PROPERTY(  182): get media.dump_output.befconv: 0
03-04 16:16:27.579 D/PROPERTY(  182): get media.dump_output.aftconv: 0
03-04 16:16:27.579 D/RouteManager(  182): stopStream: {+++ RECONSIDER ROUTING +++} due to output stream stop event
03-04 16:16:27.579 D/RouteManager(  182): reconsiderRouting
03-04 16:16:27.579 D/EVENT_THREAD(  182): void CEventThread::trig(uint16_t): in
03-04 16:16:27.579 D/EVENT_THREAD(  182): void CEventThread::trig(uint16_t): out
03-04 16:16:27.579 D/RouteManager(  182): doReconsiderRouting:       Platform State:
03-04 16:16:27.579 D/RouteManager(  182): doReconsiderRouting:          -Modem Alive = 0 
03-04 16:16:27.579 D/RouteManager(  182): doReconsiderRouting:          -Modem Call Active = 0 
03-04 16:16:27.579 D/RouteManager(  182): doReconsiderRouting:          -Is Shared I2S glitch free=1 
03-04 16:16:27.579 D/RouteManager(  182): doReconsiderRouting:          -Android Telephony Mode = Normal 
03-04 16:16:27.579 D/RouteManager(  182): doReconsiderRouting:          -RTE MGR HW Mode = Normal 
03-04 16:16:27.579 D/RouteManager(  182): doReconsiderRouting:          -BT Enabled = 1 
03-04 16:16:27.579 D/RouteManager(  182): doReconsiderRouting:          -BT NREC = 0 
03-04 16:16:27.579 D/RouteManager(  182): doReconsiderRouting:          -BT Band = NB 
03-04 16:16:27.579 D/RouteManager(  182): doReconsiderRouting:          -Platform output device = IHF 
03-04 16:16:27.579 D/RouteManager(  182): doReconsiderRouting:          -Platform input device = <none> 
03-04 16:16:27.579 D/RouteManager(  182): doReconsiderRouting:          -Platform input source = None 
03-04 16:16:27.579 D/RouteManager(  182): doReconsiderRouting:          -Platform Band type = NB 
03-04 16:16:27.579 D/RouteManager(  182): doReconsiderRouting:          -Platform Has Direct Stream = no 
03-04 16:16:27.579 D/RouteManager(  182): doReconsiderRouting:          -Platform TTY direction = <none> 
03-04 16:16:27.579 D/RouteManager(  182): doReconsiderRouting:          -Platform HAC Mode = Off 
03-04 16:16:27.579 D/RouteManager(  182): doReconsiderRouting:          -Platform Screen State = On 
03-04 16:16:27.579 D/RouteManager(  182): doReconsiderRouting:          -Platform Context Awareness = false 
03-04 16:16:27.579 D/RouteManager(  182): doReconsiderRouting:          -Platform Always Listening = false 
03-04 16:16:27.579 D/RouteManager(  182): doReconsiderRouting:          -Platform FM State = Off 
03-04 16:16:27.579 D/RouteManager(  182): doReconsiderRouting:          -Platform Bypass Non Linear PP State = Off 
03-04 16:16:27.579 D/RouteManager(  182): doReconsiderRouting:          -Platform Bypass Linear PP State = Off 
03-04 16:16:27.579 D/RouteManager(  182): doReconsiderRouting:          -Platform MicMute = Off 
03-04 16:16:27.579 D/RouteManager(  182): doReconsiderRouting:      Route state:
03-04 16:16:27.579 D/RouteManager(  182): doReconsiderRouting:          -Previously Enabled Route in Input = <none>
03-04 16:16:27.579 D/RouteManager(  182): doReconsiderRouting:          -Previously Enabled Route in Output = Media|HwCodecMedia
03-04 16:16:27.579 D/RouteManager(  182): doReconsiderRouting:          -Selected Route in Input = <none>
03-04 16:16:27.579 D/RouteManager(  182): doReconsiderRouting:          -Selected Route in Output = <none>
03-04 16:16:27.579 D/RouteManager(  182): doReconsiderRouting:          -Route that need reconfiguration in Input = <none>
03-04 16:16:27.579 D/RouteManager(  182): doReconsiderRouting:          -Route that need reconfiguration in Output = <none>
03-04 16:16:27.579 D/RouteManager(  182): executeMuteStage: --------------- Routing Stage = Mute ---------------
03-04 16:16:27.579 D/RouteManager(  182): parameter-framework: Selection criterion changed event: Criterion name: RoutageState, current state: Flow
03-04 16:16:27.579 D/RouteManager(  182): muteRoutes: Expected Routes to be muted in Output = Media|HwCodecMedia
03-04 16:16:27.579 D/RouteManager(  182): parameter-framework: Selection criterion changed event: Criterion name: ClosingPlaybackRoutes, current state: Media|HwCodecMedia
03-04 16:16:27.579 D/RouteManager(  182): parameter-framework: Selection criterion changed event: Criterion name: OpenedPlaybackRoutes, current state: <none>
03-04 16:16:27.579 D/RouteManager(  182): parameter-framework: Configuration application request {
03-04 16:16:27.579 D/RouteManager(  182): parameter-framework:     Applying configurations {
03-04 16:16:27.579 D/RouteManager(  182): parameter-framework:     } Applying configurations
03-04 16:16:27.579 D/RouteManager(  182): parameter-framework: } Configuration application request
03-04 16:16:27.579 D/RouteManager(  182): executeDisableStage: --------------- Routing Stage = Disable ---------------
03-04 16:16:27.579 D/RouteManager(  182): parameter-framework: Selection criterion changed event: Criterion name: RoutageState, current state: Path
03-04 16:16:27.579 D/RouteManager(  182): prepareDisableRoutes: Routes to be disabled(unrouted) in Output = Media|HwCodecMedia
03-04 16:16:27.579 D/ALSAStreamOps(  182): detachRouteL output stream
03-04 16:16:27.579 D/RouteManager/StreamRoute(  182): closePcmDevice called for card (baytrailaudio,0)
03-04 16:16:27.599 D/RouteManager(  182): parameter-framework: Configuration application request {
03-04 16:16:27.599 D/RouteManager(  182): parameter-framework:     Applying configurations {
03-04 16:16:27.599 D/RouteManager(  182): parameter-framework:         Applying configuration "Disable" from domain "Routing.Enable.HWCodec.Playback.IHF"
03-04 16:16:27.599 D/RouteManager(  182): parameter-framework:         Applying configuration "Disable" from domain "Routing.Enable.HWCodec.Playback.Multimedia.IHF"
03-04 16:16:27.599 D/RouteManager(  182): parameter-framework:         Applying configuration "Disable" from domain "Routing.Enable.HWCodec.Playback.Multimedia.Playback"
03-04 16:16:27.609 D/RouteManager(  182): parameter-framework:     } Applying configurations
03-04 16:16:27.609 D/RouteManager(  182): parameter-framework: } Configuration application request
03-04 16:16:27.609 D/RouteManager(  182): executeConfigureStage: --------------- Routing Stage = Configure ---------------
03-04 16:16:27.609 D/RouteManager(  182): parameter-framework: Selection criterion changed event: Criterion name: RoutageState, current state: Configure
03-04 16:16:27.609 D/RouteManager(  182): parameter-framework: Selection criterion changed event: Criterion name: ClosingPlaybackRoutes, current state: <none>
03-04 16:16:27.609 D/RouteManager(  182): parameter-framework: Configuration application request {
03-04 16:16:27.609 D/RouteManager(  182): parameter-framework:     Applying configurations {
03-04 16:16:27.609 D/RouteManager(  182): parameter-framework:         Applying configuration "Deactivated" from domain "Routing.Configure.LPE_Mixer.IHF"
03-04 16:16:27.619 D/RouteManager(  182): parameter-framework:     } Applying configurations
03-04 16:16:27.619 D/RouteManager(  182): parameter-framework: } Configuration application request
03-04 16:16:27.619 D/RouteManager(  182): executeEnableStage: --------------- Routing Stage = Enable ---------------
03-04 16:16:27.619 D/RouteManager(  182): parameter-framework: Selection criterion changed event: Criterion name: RoutageState, current state: Path|Configure
03-04 16:16:27.619 D/RouteManager(  182): parameter-framework: Configuration application request {
03-04 16:16:27.619 D/RouteManager(  182): parameter-framework:     Applying configurations {
03-04 16:16:27.619 D/RouteManager(  182): parameter-framework:     } Applying configurations
03-04 16:16:27.619 D/RouteManager(  182): parameter-framework: } Configuration application request
03-04 16:16:27.619 D/RouteManager(  182): executeUnmuteStage: --------------- Routing Stage = Unmute ---------------
03-04 16:16:27.619 D/RouteManager(  182): parameter-framework: Selection criterion changed event: Criterion name: RoutageState, current state: Flow|Path|Configure
03-04 16:16:27.619 D/RouteManager(  182): parameter-framework: Configuration application request {
03-04 16:16:27.619 D/RouteManager(  182): parameter-framework:     Applying configurations {
03-04 16:16:27.619 D/RouteManager(  182): parameter-framework:     } Applying configurations
03-04 16:16:27.619 D/RouteManager(  182): parameter-framework: } Configuration application request
03-04 16:16:27.619 D/RouteManager(  182): reconsiderRouting: DONE
03-04 16:16:27.619 D/EVENT_THREAD(  182): void CEventThread::run() Do poll with timeout: -1
03-04 16:16:28.579 I/chromium(14544): [INFO:CONSOLE(52)] "Uncaught TypeError: Cannot set property 'defaultPlaybackRate' of undefined", source: app://org.xwalk.webapi_noneservice_tests//opt/tct-audio-html5-tests/audio/audio_defaultPlaybackRate_not_effect_by_controller.html (52)
03-04 16:16:28.589 E/MediaResourceGetter(14544): File does not exist.
03-04 16:16:28.589 E/MediaResourceGetter(14544): Unable to configure metadata extractor
03-04 16:16:29.229 I/WifiHW  (  505): CMD: IFNAME=wlan0 SIGNAL_POLL
03-04 16:16:29.229 D/wpa_supplicant(  694): RX ctrl_iface - hexdump(len=11): 53 49 47 4e 41 4c 5f 50 4f 4c 4c
03-04 16:16:29.229 D/wpa_supplicant(  694): wlan0: Control interface command 'SIGNAL_POLL'
03-04 16:16:29.269 D/wpa_supplicant(  694): nl80211: survey data missing!
03-04 16:16:29.269 I/WifiHW  (  505): REPLY: RSSI=-56
03-04 16:16:29.269 I/WifiHW  (  505): REPLY: LINKSPEED=19
03-04 16:16:29.269 I/WifiHW  (  505): REPLY: NOISE=9999
03-04 16:16:29.269 I/WifiHW  (  505): REPLY: FREQUENCY=2437
03-04 16:16:31.699 W/BindingManager(14544): Cannot call determinedVisibility() - never saw a connection for the pid: 14544
03-04 16:16:31.739 I/chromium(14544): [INFO:CONSOLE(52)] "Uncaught TypeError: Cannot set property 'playbackRate' of undefined", source: app://org.xwalk.webapi_noneservice_tests//opt/tct-audio-html5-tests/audio/audio_playbackRate_not_effect_by_controller.html (52)
03-04 16:16:31.749 E/MediaResourceGetter(14544): File does not exist.
03-04 16:16:31.749 E/MediaResourceGetter(14544): Unable to configure metadata extractor
03-04 16:16:31.759 E/chromium(14544): [ERROR:webmediaplayer_android.cc(449)] Not implemented reached in virtual void content::WebMediaPlayerAndroid::setRate(double)
03-04 16:16:31.759 I/MediaFocusControl(  505):  AudioFocus  requestAudioFocus() from android.media.AudioManager@21efe028org.chromium.media.MediaPlayerListener@220712f0
03-04 16:16:31.759 V/Avrcp   ( 1171): New genId = 41, clearing = 1
03-04 16:16:31.769 D/MediaPlayer(14544): Couldn't open file on client side, trying server side
03-04 16:16:31.769 I/AwesomePlayer(  182): setDataSource_l(URL suppressed)
03-04 16:16:31.779 E/FileSource(  182): Failed to open file 'app://org.xwalk.webapi_noneservice_tests//opt/tct-audio-html5-tests/audio/media/movie_5.ogv'. (No such file or directory)
03-04 16:16:31.779 E/MediaPlayer(14544): error (1, -2147483648)
03-04 16:16:31.779 E/MediaPlayer(14544): Error (1,-2147483648)
03-04 16:16:32.279 I/WifiHW  (  505): CMD: IFNAME=wlan0 SIGNAL_POLL
03-04 16:16:32.279 D/wpa_supplicant(  694): RX ctrl_iface - hexdump(len=11): 53 49 47 4e 41 4c 5f 50 4f 4c 4c
03-04 16:16:32.279 D/wpa_supplicant(  694): wlan0: Control interface command 'SIGNAL_POLL'
03-04 16:16:32.309 D/wpa_supplicant(  694): nl80211: survey data missing!
03-04 16:16:32.309 I/WifiHW  (  505): REPLY: RSSI=-57
03-04 16:16:32.309 I/WifiHW  (  505): REPLY: LINKSPEED=19
03-04 16:16:32.309 I/WifiHW  (  505): REPLY: NOISE=9999
03-04 16:16:32.309 I/WifiHW  (  505): REPLY: FREQUENCY=2437
03-04 16:16:34.849 I/MediaFocusControl(  505):  AudioFocus  abandonAudioFocus() from android.media.AudioManager@21efe028org.chromium.media.MediaPlayerListener@220712f0
03-04 16:16:34.859 V/Avrcp   ( 1171): New genId = 42, clearing = 1
03-04 16:16:34.859 D/BatteryStatsImpl(  505): noteStopWakeLocked system isFromForeground = false
03-04 16:16:34.899 W/BindingManager(14544): Cannot call determinedVisibility() - never saw a connection for the pid: 14544
03-04 16:16:34.929 E/MediaResourceGetter(14544): File does not exist.
03-04 16:16:34.929 E/MediaResourceGetter(14544): Unable to configure metadata extractor
03-04 16:16:35.319 I/WifiHW  (  505): CMD: IFNAME=wlan0 SIGNAL_POLL
03-04 16:16:35.319 D/wpa_supplicant(  694): RX ctrl_iface - hexdump(len=11): 53 49 47 4e 41 4c 5f 50 4f 4c 4c
03-04 16:16:35.319 D/wpa_supplicant(  694): wlan0: Control interface command 'SIGNAL_POLL'
03-04 16:16:35.339 D/wpa_supplicant(  694): nl80211: survey data missing!
03-04 16:16:35.339 I/WifiHW  (  505): REPLY: RSSI=-56
03-04 16:16:35.339 I/WifiHW  (  505): REPLY: LINKSPEED=19
03-04 16:16:35.339 I/WifiHW  (  505): REPLY: NOISE=9999
03-04 16:16:35.339 I/WifiHW  (  505): REPLY: FREQUENCY=2437
03-04 16:16:35.489 E/MediaResourceGetter(14544): File does not exist.
03-04 16:16:35.489 E/MediaResourceGetter(14544): Unable to configure metadata extractor
03-04 16:16:35.619 E/MediaResourceGetter(14544): File does not exist.
03-04 16:16:35.619 E/MediaResourceGetter(14544): Unable to configure metadata extractor
03-04 16:16:35.769 E/MediaResourceGetter(14544): File does not exist.
03-04 16:16:35.769 E/MediaResourceGetter(14544): Unable to configure metadata extractor
03-04 16:16:35.909 E/MediaResourceGetter(14544): File does not exist.
03-04 16:16:35.909 E/MediaResourceGetter(14544): Unable to configure metadata extractor
03-04 16:16:35.919 E/chromium(14544): [ERROR:webmediaplayer_android.cc(449)] Not implemented reached in virtual void content::WebMediaPlayerAndroid::setRate(double)
03-04 16:16:35.919 I/MediaFocusControl(  505):  AudioFocus  requestAudioFocus() from android.media.AudioManager@21efe028org.chromium.media.MediaPlayerListener@2208c708
03-04 16:16:35.919 V/Avrcp   ( 1171): New genId = 43, clearing = 1
03-04 16:16:35.929 D/MediaPlayer(14544): Couldn't open file on client side, trying server side
03-04 16:16:35.929 I/AwesomePlayer(  182): setDataSource_l(URL suppressed)
03-04 16:16:35.929 E/FileSource(  182): Failed to open file 'app://org.xwalk.webapi_noneservice_tests//opt/tct-audio-html5-tests/audio/media/movie_5.ogv'. (No such file or directory)
03-04 16:16:35.929 E/MediaPlayer(14544): error (1, -2147483648)
03-04 16:16:35.929 E/MediaPlayer(14544): Error (1,-2147483648)
03-04 16:16:38.349 I/WifiHW  (  505): CMD: IFNAME=wlan0 SIGNAL_POLL
03-04 16:16:38.349 D/wpa_supplicant(  694): RX ctrl_iface - hexdump(len=11): 53 49 47 4e 41 4c 5f 50 4f 4c 4c
03-04 16:16:38.349 D/wpa_supplicant(  694): wlan0: Control interface command 'SIGNAL_POLL'
03-04 16:16:38.369 D/wpa_supplicant(  694): nl80211: survey data missing!
03-04 16:16:38.369 I/WifiHW  (  505): REPLY: RSSI=-59
03-04 16:16:38.369 I/WifiHW  (  505): REPLY: LINKSPEED=19
03-04 16:16:38.369 I/WifiHW  (  505): REPLY: NOISE=9999
03-04 16:16:38.369 I/WifiHW  (  505): REPLY: FREQUENCY=2437
03-04 16:16:38.999 I/MediaFocusControl(  505):  AudioFocus  abandonAudioFocus() from android.media.AudioManager@21efe028org.chromium.media.MediaPlayerListener@2208c708
03-04 16:16:38.999 V/Avrcp   ( 1171): New genId = 44, clearing = 1
03-04 16:16:38.999 D/BatteryStatsImpl(  505): noteStopWakeLocked system isFromForeground = false
03-04 16:16:39.099 W/BindingManager(14544): Cannot call determinedVisibility() - never saw a connection for the pid: 14544
03-04 16:16:39.139 E/MediaResourceGetter(14544): File does not exist.
03-04 16:16:39.139 E/MediaResourceGetter(14544): Unable to configure metadata extractor
03-04 16:16:39.149 E/chromium(14544): [ERROR:webmediaplayer_android.cc(449)] Not implemented reached in virtual void content::WebMediaPlayerAndroid::setRate(double)
03-04 16:16:39.159 I/MediaFocusControl(  505):  AudioFocus  requestAudioFocus() from android.media.AudioManager@21efe028org.chromium.media.MediaPlayerListener@22090be0
03-04 16:16:39.159 V/Avrcp   ( 1171): New genId = 45, clearing = 1
03-04 16:16:39.199 I/SoftOMXPlugin(  182): Created OMXPlugin : OMX.google.raw.decoder
03-04 16:16:39.199 E/MediaPlayer(14544): Should have subtitle controller already set
03-04 16:16:39.209 I/AudioPolicyManagerBase(  182): APM: getOutput
03-04 16:16:39.209 I/AudioPolicyManagerBase(  182): APM: getOutput
03-04 16:16:39.209 I/AudioPolicyManagerBase(  182): APM: getOutput
03-04 16:16:39.209 I/AudioPolicyManagerBase(  182): APM: getOutput
03-04 16:16:39.209 D/AudioPolicyManagerALSA(  182): startOutput() output 2, stream type 3, session 65
03-04 16:16:39.209 D/AudioHardwareALSA(  182): setStreamParameters: key value pair routing=2;stream_flags=2
03-04 16:16:39.209 D/RouteManager(  182): setOutputFlags: output flags = 0x2 (Prev Flags=0x2)
03-04 16:16:39.209 D/RouteManager(  182): setDevices: 0x2
03-04 16:16:39.209 D/RouteManager(  182): setDevices: 0x2
03-04 16:16:39.209 D/RouteManager(  182): setDevices: set device = IHF to output stream
03-04 16:16:39.209 D/RouteManager(  182): setStreamParameters: identical Platform State, do not reconsider routing
03-04 16:16:39.209 D/MediaPlayer(14544): getMetadata
03-04 16:16:39.219 D/AudioResamplerIA(  182): Create AudioResamplerIA Resampler: Input rate 22050, output rate 48000
03-04 16:16:39.219 D/PROPERTY(  182): get media.dump_output.befconv: 0
03-04 16:16:39.219 D/PROPERTY(  182): get media.dump_output.aftconv: 0
03-04 16:16:39.219 D/RouteManager(  182): startStream: {+++ RECONSIDER ROUTING +++} due to output stream start event
03-04 16:16:39.219 D/RouteManager(  182): reconsiderRouting
03-04 16:16:39.219 D/EVENT_THREAD(  182): void CEventThread::trig(uint16_t): in
03-04 16:16:39.219 D/EVENT_THREAD(  182): void CEventThread::trig(uint16_t): out
03-04 16:16:39.219 D/RouteManager(  182): doReconsiderRouting:       Platform State:
03-04 16:16:39.219 D/RouteManager(  182): doReconsiderRouting:          -Modem Alive = 0 
03-04 16:16:39.219 D/RouteManager(  182): doReconsiderRouting:          -Modem Call Active = 0 
03-04 16:16:39.219 D/RouteManager(  182): doReconsiderRouting:          -Is Shared I2S glitch free=1 
03-04 16:16:39.219 D/RouteManager(  182): doReconsiderRouting:          -Android Telephony Mode = Normal 
03-04 16:16:39.219 D/RouteManager(  182): doReconsiderRouting:          -RTE MGR HW Mode = Normal 
03-04 16:16:39.219 D/RouteManager(  182): doReconsiderRouting:          -BT Enabled = 1 
03-04 16:16:39.219 D/RouteManager(  182): doReconsiderRouting:          -BT NREC = 0 
03-04 16:16:39.219 D/RouteManager(  182): doReconsiderRouting:          -BT Band = NB 
03-04 16:16:39.219 D/RouteManager(  182): doReconsiderRouting:          -Platform output device = IHF 
03-04 16:16:39.219 D/RouteManager(  182): doReconsiderRouting:          -Platform input device = <none> 
03-04 16:16:39.219 D/RouteManager(  182): doReconsiderRouting:          -Platform input source = None 
03-04 16:16:39.219 D/RouteManager(  182): doReconsiderRouting:          -Platform Band type = NB 
03-04 16:16:39.219 D/RouteManager(  182): doReconsiderRouting:          -Platform Has Direct Stream = no 
03-04 16:16:39.219 D/RouteManager(  182): doReconsiderRouting:          -Platform TTY direction = <none> 
03-04 16:16:39.219 D/RouteManager(  182): doReconsiderRouting:          -Platform HAC Mode = Off 
03-04 16:16:39.219 D/RouteManager(  182): doReconsiderRouting:          -Platform Screen State = On 
03-04 16:16:39.219 D/RouteManager(  182): doReconsiderRouting:          -Platform Context Awareness = false 
03-04 16:16:39.219 D/RouteManager(  182): doReconsiderRouting:          -Platform Always Listening = false 
03-04 16:16:39.219 D/RouteManager(  182): doReconsiderRouting:          -Platform FM State = Off 
03-04 16:16:39.219 D/RouteManager(  182): doReconsiderRouting:          -Platform Bypass Non Linear PP State = Off 
03-04 16:16:39.219 D/RouteManager(  182): doReconsiderRouting:          -Platform Bypass Linear PP State = Off 
03-04 16:16:39.219 D/RouteManager(  182): doReconsiderRouting:          -Platform MicMute = Off 
03-04 16:16:39.219 D/RouteManager(  182): doReconsiderRouting:      Route state:
03-04 16:16:39.219 D/RouteManager(  182): doReconsiderRouting:          -Previously Enabled Route in Input = <none>
03-04 16:16:39.219 D/RouteManager(  182): doReconsiderRouting:          -Previously Enabled Route in Output = <none>
03-04 16:16:39.219 D/RouteManager(  182): doReconsiderRouting:          -Selected Route in Input = <none>
03-04 16:16:39.219 D/RouteManager(  182): doReconsiderRouting:          -Selected Route in Output = Media|HwCodecMedia
03-04 16:16:39.219 D/RouteManager(  182): doReconsiderRouting:          -Route that need reconfiguration in Input = <none>
03-04 16:16:39.219 D/RouteManager(  182): doReconsiderRouting:          -Route that need reconfiguration in Output = <none>
03-04 16:16:39.219 D/RouteManager(  182): executeMuteStage: --------------- Routing Stage = Mute ---------------
03-04 16:16:39.219 D/RouteManager(  182): parameter-framework: Selection criterion changed event: Criterion name: RoutageState, current state: Flow
03-04 16:16:39.219 D/RouteManager(  182): parameter-framework: Configuration application request {
03-04 16:16:39.219 D/RouteManager(  182): parameter-framework:     Applying configurations {
03-04 16:16:39.219 D/RouteManager(  182): parameter-framework:     } Applying configurations
03-04 16:16:39.219 D/RouteManager(  182): parameter-framework: } Configuration application request
03-04 16:16:39.219 D/RouteManager(  182): executeDisableStage: --------------- Routing Stage = Disable ---------------
03-04 16:16:39.219 D/RouteManager(  182): parameter-framework: Selection criterion changed event: Criterion name: RoutageState, current state: Path
03-04 16:16:39.219 D/RouteManager(  182): parameter-framework: Configuration application request {
03-04 16:16:39.219 D/RouteManager(  182): parameter-framework:     Applying configurations {
