03-04 16:32:40.789 D/        (22019): droid_create_context : config id = 1 conf->NativeVisualID=1
03-04 16:32:40.789 D/        (22019): Pixel Format : GGL_PIXEL_FORMAT_RGBA_8888
03-04 16:32:40.789 I/        (22019): Requested context : GLES 2.0
03-04 16:32:40.799 D/        (22019): Swap interval set to = 1 value
03-04 16:32:40.799 I/ActivityManager(  505): Displayed org.xwalk.webapi_noneservice_tests/.WebapiNoneserviceTestsActivity: +807ms
03-04 16:32:40.819 D/BatteryStatsImpl(  505): noteStopWakeLocked system isFromForeground = false
03-04 16:32:40.849 E/TabPersistentStore(21086): Failed to create state folder: /data/data/com.chrome.beta/app_tabs/0
03-04 16:32:41.669 W/BindingManager(22019): Cannot call determinedVisibility() - never saw a connection for the pid: 22019
03-04 16:32:41.899 I/chromium(22019): [INFO:CONSOLE(0)] "Synchronous XMLHttpRequest on the main thread is deprecated because of its detrimental effects to the end user's experience. For more help, check http://xhr.spec.whatwg.org/.", source:  (0)
03-04 16:32:41.959 D/        (22019): Pixel Format : GGL_PIXEL_FORMAT_RGBA_8888
03-04 16:32:41.959 D/        (22019): droid_create_context : config id = 1 conf->NativeVisualID=1
03-04 16:32:41.959 D/        (22019): Pixel Format : GGL_PIXEL_FORMAT_RGBA_8888
03-04 16:32:41.959 I/        (22019): Requested context : GLES 2.0
03-04 16:32:43.469 I/WifiHW  (  505): CMD: IFNAME=wlan0 SIGNAL_POLL
03-04 16:32:43.469 D/wpa_supplicant(  694): RX ctrl_iface - hexdump(len=11): 53 49 47 4e 41 4c 5f 50 4f 4c 4c
03-04 16:32:43.469 D/wpa_supplicant(  694): wlan0: Control interface command 'SIGNAL_POLL'
03-04 16:32:43.469 D/wpa_supplicant(  694): nl80211: survey data missing!
03-04 16:32:43.469 I/WifiHW  (  505): REPLY: RSSI=-68
03-04 16:32:43.469 I/WifiHW  (  505): REPLY: LINKSPEED=26
03-04 16:32:43.469 I/WifiHW  (  505): REPLY: NOISE=9999
03-04 16:32:43.469 I/WifiHW  (  505): REPLY: FREQUENCY=2437
03-04 16:32:46.379 I/SecurityManagerService(  602): SMS received security event: App[START/com.android.providers.contacts]
03-04 16:32:46.399 D/dalvikvm(22231): Process 22231 nice name: android.process.acore
03-04 16:32:46.399 D/dalvikvm(22231): Extra Options: not specified
03-04 16:32:46.399 I/ActivityManager(  505): Start proc android.process.acore for content provider com.android.providers.contacts/.ContactsProvider2: pid=22231 uid=10004 gids={50004, 3003, 1028, 1015, 1023}
03-04 16:32:46.469 D/AsusCallerIDProvider(22231): is touchPal installed = false
03-04 16:32:46.479 I/WifiHW  (  505): CMD: IFNAME=wlan0 SIGNAL_POLL
03-04 16:32:46.479 D/wpa_supplicant(  694): RX ctrl_iface - hexdump(len=11): 53 49 47 4e 41 4c 5f 50 4f 4c 4c
03-04 16:32:46.479 D/wpa_supplicant(  694): wlan0: Control interface command 'SIGNAL_POLL'
03-04 16:32:46.489 D/AsusSimContactsManager(22231): Google
03-04 16:32:46.489 D/ContactsProvider:SimCardReceiver(22231): initialSimCardState: mHasIccCard = false mHasIccCard2 = false
03-04 16:32:46.499 D/wpa_supplicant(  694): nl80211: survey data missing!
03-04 16:32:46.499 I/WifiHW  (  505): REPLY: RSSI=-59
03-04 16:32:46.499 I/WifiHW  (  505): REPLY: LINKSPEED=26
03-04 16:32:46.499 I/WifiHW  (  505): REPLY: NOISE=9999
03-04 16:32:46.499 I/WifiHW  (  505): REPLY: FREQUENCY=2437
03-04 16:32:46.669 I/ContactLocale(22231): AddressBook Labels [zh_CN]: [, A, B, C, D, E, F, G, H, I, J, K, L, M, N, O, P, Q, R, S, T, U, V, W, X, Y, Z, , , , , , , , , , , , , , , , , , , , , , , , , , , , , , , , , , , , , , , , , , , , , , , , , , , , , , , , , , , , , , , , , , , , , , , , , , , , , , , , , , , , , , , , , , , , , , , , , , , , , , , , , , , , , , , , , , , , , , , , , , , , , , , , , , , , , , , , , , , , , , , , , , , , , , , , , , , , #, ]
03-04 16:32:46.729 I/SecurityManagerService(  602): SMS received security event: App[START/com.asus.contacts]
03-04 16:32:46.739 D/dalvikvm(22245): Process 22245 nice name: com.asus.contacts
03-04 16:32:46.739 D/dalvikvm(22245): Extra Options: not specified
03-04 16:32:46.739 I/ActivityManager(  505): Start proc com.asus.contacts for broadcast com.asus.contacts/com.android.contacts.activities.DialerDefaultTabReceiver: pid=22245 uid=10004 gids={50004, 3003, 1028, 1015, 1023}
03-04 16:32:46.819 D/BirthdayUpdateThread(22245): new Thread
03-04 16:32:46.819 D/BirthdayUpdateThread(22245): BirthdayUpdateThread start
03-04 16:32:46.819 D/ContactsApplication(22245): onCreate(): Register ACTION_SEND_MISSED_CALL_INFO receiver
03-04 16:32:46.829 D/AccountTypeManager(22245): Registering external account type=com.tencent.mm.account, packageName=com.tencent.mm
03-04 16:32:46.839 D/AsusContactsForegroundFakeService(22245): onCreate()
03-04 16:32:46.839 D/AsusContactsForegroundFakeService(22245): onStartCommand
03-04 16:32:46.839 D/AsusContactsForegroundService(22245): onCreate()
03-04 16:32:46.839 V/ActivityManager(  505): Remove bg service from mStartingBackground ,r=ServiceRecord{226017e8 u0 com.asus.contacts/com.android.contacts.AsusContactsForegroundFakeService},r used time=10,left r count=0
03-04 16:32:46.849 D/AsusContactsForegroundService(22245): onStartCommand
03-04 16:32:46.849 D/AsusContactsForegroundFakeService(22245): onStartCommand
03-04 16:32:46.849 D/AsusContactsForegroundFakeService(22245): stopForeground
03-04 16:32:46.849 D/AsusContactsForegroundFakeService(22245): onDestroy()
03-04 16:32:46.849 V/ActivityManager(  505): Remove bg service from mStartingBackground ,r=ServiceRecord{220f5a48 u0 com.asus.contacts/com.android.contacts.AsusContactsForegroundService},r used time=2,left r count=0
03-04 16:32:46.849 D/AsusProfileAddEmail(22245): No profile, do not need to insert email
03-04 16:32:46.869 I/dalvikvm(22019): Total arena pages for JIT: 11
03-04 16:32:46.869 I/dalvikvm(22019): Total arena pages for JIT: 12
03-04 16:32:46.869 I/dalvikvm(22019): Total arena pages for JIT: 13
03-04 16:32:46.869 I/dalvikvm(22019): Total arena pages for JIT: 14
03-04 16:32:46.869 I/dalvikvm(22019): Total arena pages for JIT: 15
03-04 16:32:46.959 D/SendBroadcastHandler(22231): startTimer() SEND_TO_CONTACTS_INSERT 
03-04 16:32:46.969 D/CountryDetector(  505): The first listener is added
03-04 16:32:47.149 D/dalvikvm(22245): GC_CONCURRENT freed 3531K, 36% free 6313K/9824K, paused 1ms+1ms, total 8ms
03-04 16:32:47.199 D/AccountTypeManager(22245): Registering external account type=com.asus.socialnetwork.account.linkedin, packageName=com.asus.server.snm
03-04 16:32:47.209 D/AccountTypeManager(22245): Registering external account type=com.asus.socialnetwork.account.sinaweibo, packageName=com.asus.server.snm
03-04 16:32:47.209 D/AccountTypeManager(22245): Registering external account type=com.asus.socialnetwork.account.tencentweibo, packageName=com.asus.server.snm
03-04 16:32:47.209 D/ASUS    (22245): accounts Size0
03-04 16:32:47.209 D/AsusTelephonyManager(22245): getDefault
03-04 16:32:47.209 D/AsusTelephonyManager(22245): getDefault
03-04 16:32:47.209 D/AsusTelephonyManager(22245): getDefault
03-04 16:32:47.219 D/AsusTelephonyManager(22245): getDefault
03-04 16:32:47.219 D/AsusTelephonyManager(22245): getDefault
03-04 16:32:47.219 D/AsusTelephonyManager(22245): getDefault
03-04 16:32:47.219 D/AsusPreferenceManager(22245): getUpdateSettingTable: true
03-04 16:32:47.219 D/AsusPreferenceManager(22245): getUpdateSettingTable: true
03-04 16:32:47.219 I/AccountTypeManager(22245): Loaded meta-data for 7 account types, 1 accounts in 389ms(wall) 191ms(cpu)
03-04 16:32:47.219 D/AsusTelephonyManager(22245): getDefault
03-04 16:32:47.219 D/AsusTelephonyManager(22245): getDefault
03-04 16:32:47.219 D/AsusTelephonyManager(22245): getDefault
03-04 16:32:47.219 D/AsusTelephonyManager(22245): getDefault
03-04 16:32:47.219 D/AsusTelephonyManager(22245): getDefault
03-04 16:32:47.219 D/AsusTelephonyManager(22245): getDefault
03-04 16:32:47.219 D/SimCardContactsManager(22245): isSimEditable = false
03-04 16:32:47.219 D/AsusTelephonyManager(22245): getDefault
03-04 16:32:47.219 D/AsusTelephonyManager(22245): getDefault
03-04 16:32:47.219 W/Settings(22245): Setting airplane_mode_on has moved from android.provider.Settings.System to android.provider.Settings.Global, returning read-only value.
03-04 16:32:47.219 D/SimCardContactsManager(22245): (getIccCardState) hasIccCard 1 = false
03-04 16:32:47.219 D/SimCardContactsManager(22245): (getIccCardState) isFlyMode 1 = false
03-04 16:32:47.219 D/SimCardContactsManager(22245): (getIccCardState) SimSerialNumber  1 is null
03-04 16:32:47.219 D/SimCardContactsManager(22245): (getIccCardState) ASUS_ICC_CARD_READY 1 = false
03-04 16:32:47.219 D/AsusTelephonyManager(22245): getDefault
03-04 16:32:47.219 D/SimCardContactsManager(22245): get asushadIccCard1 :false
03-04 16:32:47.219 D/AccountTypeManager(22245): 1 : getIccCardState(false)
03-04 16:32:47.219 D/AsusTelephonyManager(22245): getDefault
03-04 16:32:47.219 D/SimCardContactsManager(22245): get asushadIccCard1 :false
03-04 16:32:47.219 D/DialerDefaultTabReceiver(22245): updateSettingTable
03-04 16:32:47.229 I/dalvikvm(22245): Total arena pages for JIT: 11
03-04 16:32:47.829 D/123     (22245): updateSettingTable: query time = 608
03-04 16:32:47.829 D/DialerDefaultTabReceiver(22245): Account exist: Device/asus.local.phone
03-04 16:32:47.839 D/AsusPreferenceManager(22245): getUpdateSettingTable: true
03-04 16:32:47.839 D/AsusPreferenceManager(22245): setUpdateSettingTable: false
03-04 16:32:47.909 D/SendBroadcastHandler(22231): startTimer() SEND_TO_CONTACTS_WIDGET_DELETE 
03-04 16:32:47.989 I/chromium(22019): [INFO:CONSOLE(70)] "WARNING: Message from backend doesn't have data.", source:  (70)
03-04 16:32:48.509 W/BindingManager(22019): Cannot call determinedVisibility() - never saw a connection for the pid: 22019
03-04 16:32:48.549 I/chromium(22019): [INFO:CONSOLE(70)] "WARNING: Message from backend doesn't have data.", source:  (70)
03-04 16:32:49.159 W/BindingManager(22019): Cannot call determinedVisibility() - never saw a connection for the pid: 22019
03-04 16:32:49.259 I/chromium(22019): [INFO:CONSOLE(70)] "WARNING: Message from backend doesn't have data.", source:  (70)
03-04 16:32:49.499 I/WifiHW  (  505): CMD: IFNAME=wlan0 SIGNAL_POLL
03-04 16:32:49.499 D/wpa_supplicant(  694): RX ctrl_iface - hexdump(len=11): 53 49 47 4e 41 4c 5f 50 4f 4c 4c
03-04 16:32:49.499 D/wpa_supplicant(  694): wlan0: Control interface command 'SIGNAL_POLL'
03-04 16:32:49.529 D/wpa_supplicant(  694): nl80211: survey data missing!
03-04 16:32:49.529 I/WifiHW  (  505): REPLY: RSSI=-56
03-04 16:32:49.529 I/WifiHW  (  505): REPLY: LINKSPEED=26
03-04 16:32:49.529 I/WifiHW  (  505): REPLY: NOISE=9999
03-04 16:32:49.529 I/WifiHW  (  505): REPLY: FREQUENCY=2437
03-04 16:32:49.759 W/BindingManager(22019): Cannot call determinedVisibility() - never saw a connection for the pid: 22019
03-04 16:32:49.859 I/chromium(22019): [INFO:CONSOLE(70)] "WARNING: Message from backend doesn't have data.", source:  (70)
03-04 16:32:49.909 I/SecurityManagerService(  602): SMS received security event: App[START/com.android.providers.calendar]
03-04 16:32:49.919 D/dalvikvm(22282): Process 22282 nice name: com.android.providers.calendar
03-04 16:32:49.919 D/dalvikvm(22282): Extra Options: not specified
03-04 16:32:49.919 I/ActivityManager(  505): Start proc com.android.providers.calendar for broadcast com.android.providers.calendar/.ContactsEventUpdateReceiver: pid=22282 uid=10031 gids={50031, 3003, 1028, 1015}
03-04 16:32:49.959 D/SendBroadcastHandler(22231): mTimerTask sendMessage CONTACTS_INSERT 
03-04 16:32:49.959 D/SendBroadcastHandler(22231): (insert) sendBroadcast mInsertRawContacts:4
03-04 16:32:49.959 D/SendBroadcastHandler(22231): (insert) sendBroadcast mInsertName:4
03-04 16:32:49.959 D/SendBroadcastHandler(22231): (insert) sendBroadcast mInsertNameDetail:4
03-04 16:32:49.959 D/SendBroadcastHandler(22231): sendBroadcast insert to voice agent
03-04 16:32:50.099 V/ActivityManager(  505): Remove bg service from mStartingBackground ,r=ServiceRecord{22589e58 u0 com.android.providers.calendar/.ContactsEventUpdateIntentService},r used time=98,left r count=1
03-04 16:32:50.429 W/BindingManager(22019): Cannot call determinedVisibility() - never saw a connection for the pid: 22019
03-04 16:32:50.539 I/chromium(22019): [INFO:CONSOLE(70)] "WARNING: Message from backend doesn't have data.", source:  (70)
03-04 16:32:50.639 D/dalvikvm(  505): GC_EXPLICIT freed 219K, 48% free 19055K/36636K, paused 1ms+4ms, total 42ms
03-04 16:32:50.649 D/SendBroadcastHandler(22231): startTimer() SEND_TO_CONTACTS_INSERT 
03-04 16:32:50.839 D/dalvikvm(22231): GC_EXPLICIT freed 1161K, 15% free 7465K/8728K, paused 0ms+3ms, total 18ms
03-04 16:32:50.909 D/SendBroadcastHandler(22231): mTimerTask sendMessage CONTACTS_DELETE 
03-04 16:32:50.909 D/SendBroadcastHandler(22231): sendBroadcast delete to voice agent
03-04 16:32:50.909 D/SendBroadcastHandler(22231): (Delete) sendBroadcast mDeleteContacts:4
03-04 16:32:50.909 D/SendBroadcastHandler(22231): (Delete) sendBroadcast mDeleteRawContactsVoice:5
03-04 16:32:50.909 D/SendBroadcastHandler(22231): sendBroadcast CONTACTS_DELETE
03-04 16:32:50.909 D/AsusContactWigdetSync(22245): ready to sync contact id = 4
03-04 16:32:50.909 D/AsusContactWigdetSync(22245): ready to sync widget
03-04 16:32:50.919 I/SecurityManagerService(  602): SMS received security event: App[START/com.asus.contactswidget]
03-04 16:32:50.919 D/AsusContactWigdetSync(22245): delete contact_id = 961
03-04 16:32:50.929 D/AsusContactWigdetSync(22245): delete contact_id = 963
03-04 16:32:50.929 D/AsusContactWigdetSync(22245): delete contact_id = 964
03-04 16:32:50.929 D/AsusContactWigdetSync(22245): delete contact_id = 965
03-04 16:32:50.929 D/AsusContactWigdetSync(22245): sync isdelete = true
03-04 16:32:50.929 D/dalvikvm(22302): Process 22302 nice name: com.asus.contactswidget
03-04 16:32:50.929 D/dalvikvm(22302): Extra Options: not specified
03-04 16:32:50.929 I/ActivityManager(  505): Start proc com.asus.contactswidget for broadcast com.asus.contactswidget/.ContactsWidgetReceiver: pid=22302 uid=10046 gids={50046}
03-04 16:32:50.969 D/AsusContactWigdetSync(22302): ready to sync contact id = 4
03-04 16:32:50.969 D/AsusContactWigdetSync(22302): ready to sync widget
03-04 16:32:50.969 D/AsusContactWigdetSync(22302): delete contact_id = 961
03-04 16:32:50.969 D/AsusContactWigdetSync(22302): delete contact_id = 963
03-04 16:32:50.969 D/AsusContactWigdetSync(22302): delete contact_id = 964
03-04 16:32:50.969 D/AsusContactWigdetSync(22302): delete contact_id = 965
03-04 16:32:50.969 D/AsusContactWigdetSync(22302): sync isdelete = true
03-04 16:32:51.029 W/BindingManager(22019): Cannot call determinedVisibility() - never saw a connection for the pid: 22019
03-04 16:32:51.049 I/CalendarProvider2(22282): Sending countdown intent: Intent { act=asuscalendar.intent.action.COUNTDOWN_CHANGED dat=content://com.android.calendar }
03-04 16:32:51.049 W/ContentResolver(22282): Failed to get type for: content://com.android.calendar (Unknown URL content://com.android.calendar)
03-04 16:32:51.059 I/SecurityManagerService(  602): SMS received security event: App[START/com.asus.calendar]
03-04 16:32:51.069 D/dalvikvm(22319): Process 22319 nice name: com.asus.calendar
03-04 16:32:51.069 D/dalvikvm(22319): Extra Options: not specified
03-04 16:32:51.089 D/dalvikvm(  171): GC_EXPLICIT freed 45K, 2% free 5801K/5892K, paused 1ms+2ms, total 15ms
03-04 16:32:51.089 I/ActivityManager(  505): Start proc com.asus.calendar for broadcast com.asus.calendar/com.asus.countdown.CountdownReceiver: pid=22319 uid=10002 gids={50002, 3003, 1028, 1015, 3002}
03-04 16:32:51.099 I/CalendarProvider2(22282): Sending notification intent: Intent { act=android.intent.action.PROVIDER_CHANGED dat=content://com.android.calendar }
03-04 16:32:51.099 W/ContentResolver(22282): Failed to get type for: content://com.android.calendar (Unknown URL content://com.android.calendar)
03-04 16:32:51.099 D/dalvikvm(  171): GC_EXPLICIT freed <1K, 2% free 5801K/5892K, paused 0ms+1ms, total 12ms
03-04 16:32:51.099 D/SendBroadcastHandler(22231): startTimer() SEND_TO_CONTACTS_WIDGET_DELETE 
03-04 16:32:51.099 V/ActivityManager(  505): Remove bg service from mStartingBackground ,r=ServiceRecord{225387b8 u0 com.android.providers.calendar/.EmptyService},r used time=1047,left r count=2
03-04 16:32:51.109 D/dalvikvm(  171): GC_EXPLICIT freed <1K, 2% free 5801K/5892K, paused 0ms+1ms, total 11ms
03-04 16:32:51.189 D/AlertReceiver(22319): onReceive: a=android.intent.action.PROVIDER_CHANGED Intent { act=android.intent.action.PROVIDER_CHANGED dat=content://com.android.calendar flg=0x10 cmp=com.asus.calendar/com.android.calendar.alerts.AlertReceiver }
03-04 16:32:51.189 V/ActivityManager(  505): Remove bg service from mStartingBackground ,r=ServiceRecord{22465788 u0 com.asus.calendar/com.asus.countdown.CountdownService},r used time=11,left r count=3
03-04 16:32:51.199 D/AlertService(22319): 0 Action = android.intent.action.PROVIDER_CHANGED
03-04 16:32:51.199 D/AlertService(22319): Beginning updateAlertNotification
03-04 16:32:51.199 I/chromium(22019): [INFO:CONSOLE(70)] "WARNING: Message from backend doesn't have data.", source:  (70)
03-04 16:32:51.219 D/AlertService(22319): No fired or scheduled alerts
03-04 16:32:51.229 D/BatteryStatsImpl(  505): noteStopWakeLocked com.asus.calendar isFromForeground = false
03-04 16:32:51.229 V/ActivityManager(  505): Remove bg service from mStartingBackground ,r=ServiceRecord{22452be0 u0 com.asus.calendar/com.android.calendar.alerts.AlertService},r used time=39,left r count=2
03-04 16:32:51.269 D/dalvikvm(22019): GC_CONCURRENT freed 2742K, 29% free 7074K/9828K, paused 1ms+2ms, total 7ms
03-04 16:32:51.739 E/ContactJson(22019): getStringArray(fields): Failed to parse json data: org.json.JSONException: Value givenNames at fields of type java.lang.String cannot be converted to JSONArray
03-04 16:32:51.929 D/AsusContactWigdetSync(22245): sync start
03-04 16:32:51.929 D/AsusContactWigdetSync(22245): sync selection = null
03-04 16:32:51.929 D/AsusContactWigdetSync(22245): sync delete selection = contact_id IN ( 963, 965, 961, 964)
03-04 16:32:51.949 D/AsusContactWigdetSync(22245): sync stop
03-04 16:32:51.949 V/ActivityManager(  505): Remove bg service from mStartingBackground ,r=ServiceRecord{225ed868 u0 com.asus.contacts/com.android.contacts.miniwidget.SyncService},r used time=1034,left r count=1
03-04 16:32:51.969 D/AsusContactWigdetSync(22302): sync start
03-04 16:32:51.969 D/AsusContactWigdetSync(22302): sync selection = null
03-04 16:32:51.969 D/AsusContactWigdetSync(22302): sync delete selection = contact_id IN ( 963, 965, 961, 964)
03-04 16:32:51.979 D/AsusContactWigdetSync(22302): sync stop
03-04 16:32:51.979 V/ActivityManager(  505): Remove bg service from mStartingBackground ,r=ServiceRecord{2248d118 u0 com.asus.contactswidget/.SyncService},r used time=1011,left r count=0
03-04 16:32:52.159 W/BindingManager(22019): Cannot call determinedVisibility() - never saw a connection for the pid: 22019
03-04 16:32:52.329 I/chromium(22019): [INFO:CONSOLE(70)] "WARNING: Message from backend doesn't have data.", source:  (70)
03-04 16:32:52.529 I/WifiHW  (  505): CMD: IFNAME=wlan0 SIGNAL_POLL
03-04 16:32:52.529 D/wpa_supplicant(  694): RX ctrl_iface - hexdump(len=11): 53 49 47 4e 41 4c 5f 50 4f 4c 4c
03-04 16:32:52.529 D/wpa_supplicant(  694): wlan0: Control interface command 'SIGNAL_POLL'
03-04 16:32:52.539 I/dalvikvm(22282): Total arena pages for JIT: 11
03-04 16:32:52.539 I/dalvikvm(22282): Total arena pages for JIT: 12
03-04 16:32:52.539 I/dalvikvm(22282): Total arena pages for JIT: 13
03-04 16:32:52.539 V/ActivityManager(  505): Remove bg service from mStartingBackground ,r=ServiceRecord{22242658 u0 com.android.providers.calendar/.ContactsEventUpdateIntentService},r used time=74,left r count=1
03-04 16:32:52.549 I/dalvikvm(22282): Total arena pages for JIT: 14
03-04 16:32:52.549 I/dalvikvm(22282): Total arena pages for JIT: 15
03-04 16:32:52.549 I/dalvikvm(22282): Total arena pages for JIT: 16
03-04 16:32:52.559 D/wpa_supplicant(  694): nl80211: survey data missing!
03-04 16:32:52.559 I/WifiHW  (  505): REPLY: RSSI=-59
03-04 16:32:52.559 I/WifiHW  (  505): REPLY: LINKSPEED=26
03-04 16:32:52.559 I/WifiHW  (  505): REPLY: NOISE=9999
03-04 16:32:52.559 I/WifiHW  (  505): REPLY: FREQUENCY=2437
03-04 16:32:53.269 W/BindingManager(22019): Cannot call determinedVisibility() - never saw a connection for the pid: 22019
03-04 16:32:53.439 I/chromium(22019): [INFO:CONSOLE(70)] "WARNING: Message from backend doesn't have data.", source:  (70)
03-04 16:32:53.539 I/CalendarProvider2(22282): Sending notification intent: Intent { act=android.intent.action.PROVIDER_CHANGED dat=content://com.android.calendar }
03-04 16:32:53.539 W/ContentResolver(22282): Failed to get type for: content://com.android.calendar (Unknown URL content://com.android.calendar)
03-04 16:32:53.539 D/AlertReceiver(22319): onReceive: a=android.intent.action.PROVIDER_CHANGED Intent { act=android.intent.action.PROVIDER_CHANGED dat=content://com.android.calendar flg=0x10 cmp=com.asus.calendar/com.android.calendar.alerts.AlertReceiver }
03-04 16:32:53.539 V/ActivityManager(  505): Remove bg service from mStartingBackground ,r=ServiceRecord{222185a8 u0 com.android.providers.calendar/.EmptyService},r used time=1002,left r count=0
03-04 16:32:53.549 D/AlertService(22319): 0 Action = android.intent.action.PROVIDER_CHANGED
03-04 16:32:53.549 D/AlertService(22319): Beginning updateAlertNotification
03-04 16:32:53.559 D/AlertService(22319): No fired or scheduled alerts
03-04 16:32:53.569 D/BatteryStatsImpl(  505): noteStopWakeLocked com.asus.calendar isFromForeground = false
03-04 16:32:53.569 V/ActivityManager(  505): Remove bg service from mStartingBackground ,r=ServiceRecord{22218318 u0 com.asus.calendar/com.android.calendar.alerts.AlertService},r used time=28,left r count=0
03-04 16:32:53.649 D/SendBroadcastHandler(22231): mTimerTask sendMessage CONTACTS_INSERT 
03-04 16:32:53.649 D/SendBroadcastHandler(22231): (insert) sendBroadcast mInsertRawContacts:6
03-04 16:32:53.649 D/SendBroadcastHandler(22231): (insert) sendBroadcast mInsertName:6
03-04 16:32:53.649 D/SendBroadcastHandler(22231): (insert) sendBroadcast mInsertNameDetail:6
03-04 16:32:53.649 D/SendBroadcastHandler(22231): sendBroadcast insert to voice agent
03-04 16:32:53.809 D/SendBroadcastHandler(22231): startTimer() SEND_TO_CONTACTS_INSERT 
03-04 16:32:54.069 D/dalvikvm(22231): GC_EXPLICIT freed 911K, 13% free 7715K/8796K, paused 1ms+3ms, total 20ms
03-04 16:32:54.079 D/EVENT_THREAD(  182): void CEventThread::run() POLLIN event on Fd (1)
03-04 16:32:54.079 D/EVENT_THREAD(  182): void CEventThread::run() Do poll with timeout: -1
03-04 16:32:54.109 D/SendBroadcastHandler(22231): mTimerTask sendMessage CONTACTS_DELETE 
03-04 16:32:54.109 D/SendBroadcastHandler(22231): sendBroadcast delete to voice agent
03-04 16:32:54.109 D/SendBroadcastHandler(22231): (Delete) sendBroadcast mDeleteContacts:5
03-04 16:32:54.109 D/SendBroadcastHandler(22231): (Delete) sendBroadcast mDeleteRawContactsVoice:5
03-04 16:32:54.109 D/SendBroadcastHandler(22231): sendBroadcast CONTACTS_DELETE
03-04 16:32:54.109 D/AsusContactWigdetSync(22245): ready to sync contact id = 5
03-04 16:32:54.109 D/AsusContactWigdetSync(22245): ready to sync widget
03-04 16:32:54.109 D/AsusContactWigdetSync(22245): delete contact_id = 966
03-04 16:32:54.109 D/AsusContactWigdetSync(22245): delete contact_id = 967
03-04 16:32:54.109 D/AsusContactWigdetSync(22245): delete contact_id = 968
03-04 16:32:54.109 D/AsusContactWigdetSync(22245): delete contact_id = 969
03-04 16:32:54.109 D/AsusContactWigdetSync(22245): delete contact_id = 970
03-04 16:32:54.109 D/AsusContactWigdetSync(22245): sync isdelete = true
03-04 16:32:54.109 D/AsusContactWigdetSync(22302): ready to sync contact id = 5
03-04 16:32:54.109 D/AsusContactWigdetSync(22302): ready to sync widget
03-04 16:32:54.119 D/AsusContactWigdetSync(22302): delete contact_id = 966
03-04 16:32:54.119 D/AsusContactWigdetSync(22302): delete contact_id = 967
03-04 16:32:54.119 D/AsusContactWigdetSync(22302): delete contact_id = 968
03-04 16:32:54.119 D/AsusContactWigdetSync(22302): delete contact_id = 969
03-04 16:32:54.119 D/AsusContactWigdetSync(22302): delete contact_id = 970
03-04 16:32:54.119 D/AsusContactWigdetSync(22302): sync isdelete = true
03-04 16:32:54.449 W/BindingManager(22019): Cannot call determinedVisibility() - never saw a connection for the pid: 22019
03-04 16:32:54.489 D/SendBroadcastHandler(22231): startTimer() SEND_TO_CONTACTS_WIDGET_DELETE 
03-04 16:32:54.619 I/chromium(22019): [INFO:CONSOLE(70)] "WARNING: Message from backend doesn't have data.", source:  (70)
03-04 16:32:54.849 D/EVENT_THREAD(  182): void CEventThread::run() POLLIN event on Fd (1)
03-04 16:32:54.849 D/EVENT_THREAD(  182): void CEventThread::run() Do poll with timeout: -1
03-04 16:32:54.849 D/EVENT_THREAD(  182): void CEventThread::run() POLLIN event on Fd (1)
03-04 16:32:54.849 D/EVENT_THREAD(  182): void CEventThread::run() Do poll with timeout: -1
03-04 16:32:54.849 I/upi_ug31xx(  165): (2119) update_capacity
03-04 16:32:54.849 I/[UPI]   (  165): <UG31/E>[UpiReadCapacity]: V=4002(4002), T=349(351-417), I=-445, C=-3(-3-0)
03-04 16:32:54.849 I/[UPI]   (  165): <UG31/E>[UpiReadCapacity]: (0x0000254a) 2960 (2934) / 3602 (4029) = 82
03-04 16:32:54.849 I/[UPI]   (  165): <UG31/E>[UpiReadCapacity]: (0x0000254a) 2960 (2934) / 3602 (4029) = 82
03-04 16:32:54.849 I/[UPI]   (  165): <UG31/E>[UpiReadCapacity]: (0x0000254a) 2957 (2957) / 3602 (4029) = 82
03-04 16:32:54.849 I/[UPI]   (  165): <UG31/E>[RsocFilterCountTime]: (0x0000254a) Step=2(121320), Full=2(121320), Lock=121320(1800000)
03-04 16:32:54.849 I/[UPI]   (  165): <UG31/E>[UpiReadCapacity]: (0x0000254a) 2957 (2957) / 3602 (4029) = 82 (-445--445)
03-04 16:32:54.849 I/[UPI]   (  165): <UG31/E><BATT> M:normal, P:82(82-82)%, V:4002mV, C:-482mA, T:35.1C(417), S:0x0000254a(000), R:2957mAh, F:3602mAh, Q:668mAh, CC:4, P:30.290(940-0)s, BO:7, 97:615:0-44af-9m:B001-20140514-144301 (16)
03-04 16:32:54.849 I/upi_ug31xx(  165): (2120) backup_data 
03-04 16:32:54.849 V/upi_ug31xx(  165): state->check_backup_count = 2
03-04 16:32:55.099 D/BatteryStatsImpl(  505): noteStopWakeLocked system isFromForeground = false
03-04 16:32:55.099 D/AlarmManager(  505): Triggered Alarm 220d0820 ELAPSED_REALTIME_WAKEUP IntentSender{225b0bf8: PendingIntentRecord{21f63848 com.android.providers.calendar broadcastIntent}}
03-04 16:32:55.119 D/AsusContactWigdetSync(22302): sync start
03-04 16:32:55.119 D/AsusContactWigdetSync(22302): sync selection = null
03-04 16:32:55.119 D/AsusContactWigdetSync(22245): sync start
03-04 16:32:55.119 D/AsusContactWigdetSync(22245): sync selection = null
03-04 16:32:55.119 D/AsusContactWigdetSync(22302): sync delete selection = contact_id IN ( 970, 969, 968, 967, 966)
03-04 16:32:55.119 D/AsusContactWigdetSync(22245): sync delete selection = contact_id IN ( 970, 969, 968, 967, 966)
03-04 16:32:55.119 D/AsusContactWigdetSync(22302): sync stop
03-04 16:32:55.119 D/AsusContactWigdetSync(22245): sync stop
03-04 16:32:55.119 V/ActivityManager(  505): Remove bg service from mStartingBackground ,r=ServiceRecord{221fd680 u0 com.asus.contactswidget/.SyncService},r used time=1008,left r count=2
03-04 16:32:55.119 V/ActivityManager(  505): Remove bg service from mStartingBackground ,r=ServiceRecord{221feef8 u0 com.asus.contacts/com.android.contacts.miniwidget.SyncService},r used time=1014,left r count=1
03-04 16:32:55.129 D/dalvikvm(  505): GC_EXPLICIT freed 89K, 48% free 19051K/36636K, paused 1ms+4ms, total 46ms
03-04 16:32:55.129 D/AlarmManager(  505): Removed alarm Alarm{21feb130 type 0 com.android.providers.calendar} type:RTC_WAKEUP
03-04 16:32:55.129 D/AlarmManager(  505): Added alarm Alarm{21f71e80 type 0 com.baidu.BaiduMap} type:RTC_WAKEUP when: At 15-3-4 4:32 repeatInterval: 0h:9m:0.0s
03-04 16:32:55.159 D/BatteryStatsImpl(  505): noteStopWakeLocked com.android.providers.calendar isFromForeground = false
03-04 16:32:55.159 D/AlarmManager(  505): Added alarm Alarm{220df240 type 0 com.android.providers.calendar} type:RTC_WAKEUP when: At 15-3-5 2:33
03-04 16:32:55.159 V/ActivityManager(  505): Remove bg service from mStartingBackground ,r=ServiceRecord{221eaea0 u0 com.android.providers.calendar/.CalendarProviderIntentService},r used time=57,left r count=0
03-04 16:32:55.349 D/AlarmManager(  505): Added alarm Alarm{22099e80 type 2 com.android.providers.calendar} type:ELAPSED_REALTIME_WAKEUP when: After 0h:0m:4.0s
03-04 16:32:55.349 V/ActivityManager(  505): Remove bg service from mStartingBackground ,r=ServiceRecord{223f6680 u0 com.android.providers.calendar/.ContactsEventUpdateIntentService},r used time=34,left r count=1
03-04 16:32:55.559 I/WifiHW  (  505): CMD: IFNAME=wlan0 SIGNAL_POLL
03-04 16:32:55.559 D/wpa_supplicant(  694): RX ctrl_iface - hexdump(len=11): 53 49 47 4e 41 4c 5f 50 4f 4c 4c
03-04 16:32:55.559 D/wpa_supplicant(  694): wlan0: Control interface command 'SIGNAL_POLL'
03-04 16:32:55.569 W/BindingManager(22019): Cannot call determinedVisibility() - never saw a connection for the pid: 22019
03-04 16:32:55.589 D/wpa_supplicant(  694): nl80211: survey data missing!
03-04 16:32:55.589 I/WifiHW  (  505): REPLY: RSSI=-63
03-04 16:32:55.589 I/WifiHW  (  505): REPLY: LINKSPEED=26
03-04 16:32:55.589 I/WifiHW  (  505): REPLY: NOISE=9999
03-04 16:32:55.589 I/WifiHW  (  505): REPLY: FREQUENCY=2437
03-04 16:32:55.749 I/chromium(22019): [INFO:CONSOLE(70)] "WARNING: Message from backend doesn't have data.", source:  (70)
03-04 16:32:56.349 I/CalendarProvider2(22282): Sending notification intent: Intent { act=android.intent.action.PROVIDER_CHANGED dat=content://com.android.calendar }
03-04 16:32:56.349 W/ContentResolver(22282): Failed to get type for: content://com.android.calendar (Unknown URL content://com.android.calendar)
03-04 16:32:56.359 D/AlertReceiver(22319): onReceive: a=android.intent.action.PROVIDER_CHANGED Intent { act=android.intent.action.PROVIDER_CHANGED dat=content://com.android.calendar flg=0x10 cmp=com.asus.calendar/com.android.calendar.alerts.AlertReceiver }
03-04 16:32:56.359 V/ActivityManager(  505): Remove bg service from mStartingBackground ,r=ServiceRecord{221d44b8 u0 com.android.providers.calendar/.EmptyService},r used time=1004,left r count=0
03-04 16:32:56.369 D/AlertService(22319): 0 Action = android.intent.action.PROVIDER_CHANGED
03-04 16:32:56.369 D/AlertService(22319): Beginning updateAlertNotification
03-04 16:32:56.379 D/AlertService(22319): No fired or scheduled alerts
03-04 16:32:56.389 D/BatteryStatsImpl(  505): noteStopWakeLocked com.asus.calendar isFromForeground = false
03-04 16:32:56.389 V/ActivityManager(  505): Remove bg service from mStartingBackground ,r=ServiceRecord{221d13c0 u0 com.asus.calendar/com.android.calendar.alerts.AlertService},r used time=24,left r count=0
03-04 16:32:56.689 W/BindingManager(22019): Cannot call determinedVisibility() - never saw a connection for the pid: 22019
03-04 16:32:56.809 D/SendBroadcastHandler(22231): mTimerTask sendMessage CONTACTS_INSERT 
03-04 16:32:56.809 D/SendBroadcastHandler(22231): (insert) sendBroadcast mInsertRawContacts:5
03-04 16:32:56.809 D/SendBroadcastHandler(22231): (insert) sendBroadcast mInsertName:5
03-04 16:32:56.809 D/SendBroadcastHandler(22231): (insert) sendBroadcast mInsertNameDetail:5
03-04 16:32:56.809 D/SendBroadcastHandler(22231): sendBroadcast insert to voice agent
03-04 16:32:56.849 I/chromium(22019): [INFO:CONSOLE(70)] "WARNING: Message from backend doesn't have data.", source:  (70)
03-04 16:32:56.919 D/SendBroadcastHandler(22231): startTimer() SEND_TO_CONTACTS_INSERT 
03-04 16:32:57.089 D/dalvikvm(22019): GC_EXPLICIT freed 2991K, 34% free 7166K/10772K, paused 0ms+2ms, total 19ms
03-04 16:32:57.109 E/Contacts(22019): org.json.JSONException: No value for contactId
03-04 16:32:57.489 D/SendBroadcastHandler(22231): mTimerTask sendMessage CONTACTS_DELETE 
03-04 16:32:57.499 D/SendBroadcastHandler(22231): sendBroadcast delete to voice agent
03-04 16:32:57.499 D/SendBroadcastHandler(22231): (Delete) sendBroadcast mDeleteContacts:6
03-04 16:32:57.499 D/SendBroadcastHandler(22231): (Delete) sendBroadcast mDeleteRawContactsVoice:6
03-04 16:32:57.499 D/SendBroadcastHandler(22231): sendBroadcast CONTACTS_DELETE
03-04 16:32:57.509 D/AsusContactWigdetSync(22245): ready to sync contact id = 6
03-04 16:32:57.509 D/AsusContactWigdetSync(22245): ready to sync widget
03-04 16:32:57.509 D/AsusContactWigdetSync(22245): delete contact_id = 971
03-04 16:32:57.509 D/AsusContactWigdetSync(22245): delete contact_id = 972
03-04 16:32:57.509 D/AsusContactWigdetSync(22245): delete contact_id = 973
03-04 16:32:57.509 D/AsusContactWigdetSync(22245): delete contact_id = 974
03-04 16:32:57.509 D/AsusContactWigdetSync(22245): delete contact_id = 975
03-04 16:32:57.509 D/AsusContactWigdetSync(22245): delete contact_id = 976
03-04 16:32:57.509 D/AsusContactWigdetSync(22245): sync isdelete = true
03-04 16:32:57.519 D/AsusContactWigdetSync(22302): ready to sync contact id = 6
03-04 16:32:57.519 D/AsusContactWigdetSync(22302): ready to sync widget
03-04 16:32:57.519 D/AsusContactWigdetSync(22302): delete contact_id = 971
03-04 16:32:57.519 D/AsusContactWigdetSync(22302): delete contact_id = 972
03-04 16:32:57.519 D/AsusContactWigdetSync(22302): delete contact_id = 973
03-04 16:32:57.519 D/AsusContactWigdetSync(22302): delete contact_id = 974
03-04 16:32:57.519 D/AsusContactWigdetSync(22302): delete contact_id = 975
03-04 16:32:57.519 D/AsusContactWigdetSync(22302): delete contact_id = 976
03-04 16:32:57.519 D/AsusContactWigdetSync(22302): sync isdelete = true
03-04 16:32:57.699 V/ActivityManager(  505): Remove bg service from mStartingBackground ,r=ServiceRecord{22145100 u0 com.android.providers.calendar/.ContactsEventUpdateIntentService},r used time=70,left r count=3
03-04 16:32:58.519 D/AsusContactWigdetSync(22245): sync start
03-04 16:32:58.519 D/AsusContactWigdetSync(22245): sync selection = null
03-04 16:32:58.519 D/AsusContactWigdetSync(22245): sync delete selection = contact_id IN ( 971, 976, 975, 974, 973, 972)
03-04 16:32:58.529 D/AsusContactWigdetSync(22245): sync stop
03-04 16:32:58.529 V/ActivityManager(  505): Remove bg service from mStartingBackground ,r=ServiceRecord{221ce780 u0 com.asus.contacts/com.android.contacts.miniwidget.SyncService},r used time=1021,left r count=2
03-04 16:32:58.539 D/AsusContactWigdetSync(22302): sync start
03-04 16:32:58.539 D/AsusContactWigdetSync(22302): sync selection = null
03-04 16:32:58.539 D/AsusContactWigdetSync(22302): sync delete selection = contact_id IN ( 971, 976, 975, 974, 973, 972)
03-04 16:32:58.539 D/AsusContactWigdetSync(22302): sync stop
03-04 16:32:58.539 V/ActivityManager(  505): Remove bg service from mStartingBackground ,r=ServiceRecord{22155fc8 u0 com.asus.contactswidget/.SyncService},r used time=1022,left r count=1
03-04 16:32:58.589 I/WifiHW  (  505): CMD: IFNAME=wlan0 SIGNAL_POLL
03-04 16:32:58.589 D/wpa_supplicant(  694): RX ctrl_iface - hexdump(len=11): 53 49 47 4e 41 4c 5f 50 4f 4c 4c
03-04 16:32:58.589 D/wpa_supplicant(  694): wlan0: Control interface command 'SIGNAL_POLL'
03-04 16:32:58.619 D/wpa_supplicant(  694): nl80211: survey data missing!
03-04 16:32:58.619 I/WifiHW  (  505): REPLY: RSSI=-57
03-04 16:32:58.619 I/WifiHW  (  505): REPLY: LINKSPEED=26
03-04 16:32:58.619 I/WifiHW  (  505): REPLY: NOISE=9999
03-04 16:32:58.619 I/WifiHW  (  505): REPLY: FREQUENCY=2437
03-04 16:32:58.699 I/CalendarProvider2(22282): Sending notification intent: Intent { act=android.intent.action.PROVIDER_CHANGED dat=content://com.android.calendar }
03-04 16:32:58.699 W/ContentResolver(22282): Failed to get type for: content://com.android.calendar (Unknown URL content://com.android.calendar)
03-04 16:32:58.699 D/AlertReceiver(22319): onReceive: a=android.intent.action.PROVIDER_CHANGED Intent { act=android.intent.action.PROVIDER_CHANGED dat=content://com.android.calendar flg=0x10 cmp=com.asus.calendar/com.android.calendar.alerts.AlertReceiver }
03-04 16:32:58.699 V/ActivityManager(  505): Remove bg service from mStartingBackground ,r=ServiceRecord{221391e8 u0 com.android.providers.calendar/.EmptyService},r used time=1007,left r count=0
03-04 16:32:58.719 D/AlertService(22319): 0 Action = android.intent.action.PROVIDER_CHANGED
03-04 16:32:58.719 D/AlertService(22319): Beginning updateAlertNotification
03-04 16:32:58.739 D/AlertService(22319): No fired or scheduled alerts
03-04 16:32:58.739 V/ActivityManager(  505): Remove bg service from mStartingBackground ,r=ServiceRecord{22133a18 u0 com.asus.calendar/com.android.calendar.alerts.AlertService},r used time=38,left r count=0
03-04 16:32:58.749 D/BatteryStatsImpl(  505): noteStopWakeLocked com.asus.calendar isFromForeground = false
03-04 16:32:59.909 W/BindingManager(22019): Cannot call determinedVisibility() - never saw a connection for the pid: 22019
03-04 16:32:59.919 D/SendBroadcastHandler(22231): mTimerTask sendMessage CONTACTS_INSERT 
03-04 16:32:59.919 D/SendBroadcastHandler(22231): (insert) sendBroadcast mInsertRawContacts:1
03-04 16:32:59.919 D/SendBroadcastHandler(22231): (insert) sendBroadcast mInsertName:1
03-04 16:32:59.919 D/SendBroadcastHandler(22231): (insert) sendBroadcast mInsertNameDetail:1
03-04 16:32:59.919 D/SendBroadcastHandler(22231): sendBroadcast insert to voice agent
03-04 16:32:59.949 D/SendBroadcastHandler(22231): startTimer() SEND_TO_CONTACTS_WIDGET_DELETE 
03-04 16:32:59.989 D/Clock   (  571): ACTION_TIME_TICK
03-04 16:32:59.989 D/Clock   (  571): update clock:4:33
03-04 16:32:59.999 D/BatteryStatsImpl(  505): noteStopWakeLocked system isFromForeground = false
03-04 16:33:00.019 I/chromium(22019): [INFO:CONSOLE(70)] "WARNING: Message from backend doesn't have data.", source:  (70)
03-04 16:33:00.079 D/SendBroadcastHandler(22231): startTimer() SEND_TO_CONTACTS_INSERT 
03-04 16:33:00.349 D/AlarmManager(  505): Added alarm Alarm{21ef3ed8 type 0 com.baidu.BaiduMap} type:RTC_WAKEUP when: At 15-3-4 4:41 repeatInterval: 0h:9m:0.0s
03-04 16:33:00.359 D/AlarmManager(  505): Triggered Alarm 22099e80 ELAPSED_REALTIME_WAKEUP IntentSender{22393918: PendingIntentRecord{221b5a50 com.android.providers.calendar broadcastIntent}}
03-04 16:33:00.359 D/AlarmManager(  505): Triggered Alarm 21f71e80 RTC_WAKEUP IntentSender{22393780: PendingIntentRecord{22300090 com.baidu.BaiduMap startService}}
03-04 16:33:00.369 I/SecurityManagerService(  602): SMS received security event: App[START/com.baidu.BaiduMap]
03-04 16:33:00.379 D/dalvikvm(22384): Process 22384 nice name: com.baidu.BaiduMap:bdservice_v1
03-04 16:33:00.379 D/dalvikvm(22384): Extra Options: not specified
03-04 16:33:00.379 D/BatteryStatsImpl(  505): noteStopWakeLocked system isFromForeground = false
03-04 16:33:00.379 D/BatteryStatsImpl(  505): noteStopWakeLocked system isFromForeground = false
03-04 16:33:00.379 I/ActivityManager(  505): Start proc com.baidu.BaiduMap:bdservice_v1 for service com.baidu.BaiduMap/com.baidu.android.pushservice.PushService: pid=22384 uid=10040 gids={50040, 1028, 1015, 3003, 3002, 3001}
03-04 16:33:00.389 D/BatteryStatsImpl(  505): noteStopWakeLocked system isFromForeground = false
03-04 16:33:00.389 D/AlarmManager(  505): Removed alarm Alarm{220df240 type 0 com.android.providers.calendar} type:RTC_WAKEUP
03-04 16:33:00.399 D/AlarmManager(  505): Added alarm Alarm{21fd30a0 type 0 com.baidu.BaiduMap} type:RTC_WAKEUP when: At 15-3-4 4:41 repeatInterval: 0h:9m:0.0s
03-04 16:33:00.399 D/AlarmManager(  505): Added alarm Alarm{21f9df58 type 0 android} type:RTC_WAKEUP when: At 15-3-4 5:00 repeatInterval: 0h:30m:0.0s
03-04 16:33:00.409 D/BatteryStatsImpl(  505): noteStopWakeLocked com.android.providers.calendar isFromForeground = false
03-04 16:33:00.409 D/AlarmManager(  505): Added alarm Alarm{220bf080 type 0 com.android.providers.calendar} type:RTC_WAKEUP when: At 15-3-5 2:34
03-04 16:33:00.409 V/ActivityManager(  505): Remove bg service from mStartingBackground ,r=ServiceRecord{221253c8 u0 com.android.providers.calendar/.CalendarProviderIntentService},r used time=27,left r count=0
03-04 16:33:00.459 D/PushService(22384): onCreate from : com.baidu.BaiduMap
03-04 16:33:00.469 D/PushSDK (22384): Create PushSDK from : com.baidu.BaiduMap
03-04 16:33:00.469 D/Utility (22384): updateServiceInfo2  isForce =false
03-04 16:33:00.469 I/Utility (22384): --- isDisableService : false
03-04 16:33:00.499 W/BindingManager(22019): Cannot call determinedVisibility() - never saw a connection for the pid: 22019
03-04 16:33:00.519 D/AlarmManager(  505): Added alarm Alarm{21fdb328 type 0 com.baidu.BaiduMap} type:RTC_WAKEUP when: At 15-3-4 4:43 repeatInterval: 0h:9m:0.0s
03-04 16:33:00.529 E/dalvikvm(22384): Could not find class 'com.baidu.loctp.str.BDLocManager', referenced from method com.baidu.android.pushservice.b.h.b
03-04 16:33:00.529 W/dalvikvm(22384): VFY: unable to resolve new-instance 3246 (Lcom/baidu/loctp/str/BDLocManager;) in Lcom/baidu/android/pushservice/b/h;
03-04 16:33:00.529 D/dalvikvm(22384): VFY: replacing opcode 0x22 at 0x000c
03-04 16:33:00.529 D/dalvikvm(22384): DexOpt: unable to opt direct call 0x553c at 0x14 in Lcom/baidu/android/pushservice/b/h;.b
03-04 16:33:00.529 I/ClientManager(22384): ClientManager init strApps : com.baidu.searchbox,405384,752242350451325777;com.baidu.BaiduMap,289338,937803159091872232
03-04 16:33:00.529 I/ClientManager(22384): ClientManager init strAppsV2 : com.baidu.searchbox,405384,752242350451325777;com.baidu.BaiduMap,289338,937803159091872232
03-04 16:33:00.529 D/PushService(22384): -- onStartCommand -- Intent { flg=0x4 cmp=com.baidu.BaiduMap/com.baidu.android.pushservice.PushService (has extras) }
03-04 16:33:00.529 D/PushSDK (22384): handleOnStart intent action = null
03-04 16:33:00.529 I/PushSDK (22384): -- handleOnStart -- Intent { flg=0x4 cmp=com.baidu.BaiduMap/com.baidu.android.pushservice.PushService (has extras) }
03-04 16:33:00.529 D/PushSDK (22384): heartbeat networkConnected :true
03-04 16:33:00.599 I/chromium(22019): [INFO:CONSOLE(70)] "WARNING: Message from backend doesn't have data.", source:  (70)
03-04 16:33:00.799 D/dalvikvm(22231): GC_EXPLICIT freed 864K, 12% free 7872K/8900K, paused 0ms+3ms, total 18ms
03-04 16:33:01.179 W/BindingManager(22019): Cannot call determinedVisibility() - never saw a connection for the pid: 22019
03-04 16:33:01.289 I/chromium(22019): [INFO:CONSOLE(70)] "WARNING: Message from backend doesn't have data.", source:  (70)
03-04 16:33:01.539 D/dalvikvm(22384): No JNI_OnLoad found in /system/lib/libbdpush_V1_0.so 0x43d7dba0, skipping init
03-04 16:33:01.629 I/WifiHW  (  505): CMD: IFNAME=wlan0 SIGNAL_POLL
03-04 16:33:01.629 D/wpa_supplicant(  694): RX ctrl_iface - hexdump(len=11): 53 49 47 4e 41 4c 5f 50 4f 4c 4c
03-04 16:33:01.629 D/wpa_supplicant(  694): wlan0: Control interface command 'SIGNAL_POLL'
03-04 16:33:01.629 D/wpa_supplicant(  694): nl80211: survey data missing!
03-04 16:33:01.629 I/WifiHW  (  505): REPLY: RSSI=-57
03-04 16:33:01.629 I/WifiHW  (  505): REPLY: LINKSPEED=26
03-04 16:33:01.629 I/WifiHW  (  505): REPLY: NOISE=9999
03-04 16:33:01.629 I/WifiHW  (  505): REPLY: FREQUENCY=2437
03-04 16:33:01.699 I/PushConnection(22384): create Socket ok
03-04 16:33:01.739 I/MessageHandler(22384): onSessionOpened, send handshake msg :{"tiny_msghead":1,"channel_token":"184112497699072742431069679591615014533610696832532474422840","tinyheart":1,"period":1800,"connect_version":2,"channel_type":3,"channel_id":"4319983844517837682"}
03-04 16:33:01.739 D/PushConnection(22384): SendThread send msg :id : 0, version: 0, needReply: true
03-04 16:33:01.779 W/BindingManager(22019): Cannot call determinedVisibility() - never saw a connection for the pid: 22019
03-04 16:33:01.879 I/socket  (22384): msgid:1
03-04 16:33:01.879 I/MessageHandler(22384): readMessage nshead, msgId:1 magicNum:fb709394 length:9 version =13880 logId =-805292746 reserved = 2
03-04 16:33:01.879 D/PushConnection(22384): ReadThread receive msg :id : 1, version: 0, needReply: false
03-04 16:33:01.879 I/MessageHandler(22384): handleMessage MSG_ID_HANDSHAKE : {"ret":0}
03-04 16:33:01.879 I/MessageHandler(22384): handleMessage MSG_ID_HANDSHAKE : result = 0
03-04 16:33:01.909 I/chromium(22019): [INFO:CONSOLE(70)] "WARNING: Message from backend doesn't have data.", source:  (70)
03-04 16:33:02.099 V/ActivityManager(  505): Remove bg service from mStartingBackground ,r=ServiceRecord{2211d0e0 u0 com.android.providers.calendar/.ContactsEventUpdateIntentService},r used time=142,left r count=1
03-04 16:33:02.409 W/BindingManager(22019): Cannot call determinedVisibility() - never saw a connection for the pid: 22019
03-04 16:33:02.519 I/chromium(22019): [INFO:CONSOLE(70)] "WARNING: Message from backend doesn't have data.", source:  (70)
03-04 16:33:02.579 D/dalvikvm(  505): GC_EXPLICIT freed 132K, 48% free 19064K/36636K, paused 1ms+4ms, total 42ms
03-04 16:33:02.949 D/SendBroadcastHandler(22231): mTimerTask sendMessage CONTACTS_DELETE 
03-04 16:33:02.949 D/SendBroadcastHandler(22231): sendBroadcast delete to voice agent
03-04 16:33:02.949 D/SendBroadcastHandler(22231): (Delete) sendBroadcast mDeleteContacts:5
03-04 16:33:02.949 D/SendBroadcastHandler(22231): (Delete) sendBroadcast mDeleteRawContactsVoice:5
03-04 16:33:02.949 D/SendBroadcastHandler(22231): sendBroadcast CONTACTS_DELETE
03-04 16:33:02.949 D/AsusContactWigdetSync(22245): ready to sync contact id = 5
03-04 16:33:02.949 D/AsusContactWigdetSync(22245): ready to sync widget
03-04 16:33:02.949 D/AsusContactWigdetSync(22245): delete contact_id = 977
03-04 16:33:02.949 D/AsusContactWigdetSync(22245): delete contact_id = 978
03-04 16:33:02.949 D/AsusContactWigdetSync(22245): delete contact_id = 979
03-04 16:33:02.949 D/AsusContactWigdetSync(22245): delete contact_id = 980
03-04 16:33:02.949 D/AsusContactWigdetSync(22245): delete contact_id = 981
03-04 16:33:02.949 D/AsusContactWigdetSync(22245): sync isdelete = true
03-04 16:33:02.959 D/AsusContactWigdetSync(22302): ready to sync contact id = 5
03-04 16:33:02.959 D/AsusContactWigdetSync(22302): ready to sync widget
03-04 16:33:02.959 D/AsusContactWigdetSync(22302): delete contact_id = 977
03-04 16:33:02.959 D/AsusContactWigdetSync(22302): delete contact_id = 978
03-04 16:33:02.959 D/AsusContactWigdetSync(22302): delete contact_id = 979
03-04 16:33:02.959 D/AsusContactWigdetSync(22302): delete contact_id = 980
03-04 16:33:02.959 D/AsusContactWigdetSync(22302): delete contact_id = 981
03-04 16:33:02.959 D/AsusContactWigdetSync(22302): sync isdelete = true
03-04 16:33:03.029 W/BindingManager(22019): Cannot call determinedVisibility() - never saw a connection for the pid: 22019
03-04 16:33:03.069 D/SendBroadcastHandler(22231): startTimer() SEND_TO_CONTACTS_WIDGET_DELETE 
03-04 16:33:03.079 D/SendBroadcastHandler(22231): mTimerTask sendMessage CONTACTS_INSERT 
03-04 16:33:03.089 D/SendBroadcastHandler(22231): (insert) sendBroadcast mInsertRawContacts:5
03-04 16:33:03.089 D/SendBroadcastHandler(22231): (insert) sendBroadcast mInsertName:5
03-04 16:33:03.089 D/SendBroadcastHandler(22231): (insert) sendBroadcast mInsertNameDetail:5
03-04 16:33:03.089 D/SendBroadcastHandler(22231): sendBroadcast insert to voice agent
03-04 16:33:03.099 I/CalendarProvider2(22282): Sending notification intent: Intent { act=android.intent.action.PROVIDER_CHANGED dat=content://com.android.calendar }
03-04 16:33:03.099 W/ContentResolver(22282): Failed to get type for: content://com.android.calendar (Unknown URL content://com.android.calendar)
03-04 16:33:03.099 D/AlertReceiver(22319): onReceive: a=android.intent.action.PROVIDER_CHANGED Intent { act=android.intent.action.PROVIDER_CHANGED dat=content://com.android.calendar flg=0x10 cmp=com.asus.calendar/com.android.calendar.alerts.AlertReceiver }
03-04 16:33:03.099 D/AlertService(22319): 0 Action = android.intent.action.PROVIDER_CHANGED
03-04 16:33:03.099 D/AlertService(22319): Beginning updateAlertNotification
03-04 16:33:03.099 V/ActivityManager(  505): Remove bg service from mStartingBackground ,r=ServiceRecord{221184d8 u0 com.android.providers.calendar/.EmptyService},r used time=1002,left r count=2
03-04 16:33:03.109 D/AlertService(22319): No fired or scheduled alerts
03-04 16:33:03.119 D/BatteryStatsImpl(  505): noteStopWakeLocked com.asus.calendar isFromForeground = false
03-04 16:33:03.119 V/ActivityManager(  505): Remove bg service from mStartingBackground ,r=ServiceRecord{22022d90 u0 com.asus.calendar/com.android.calendar.alerts.AlertService},r used time=13,left r count=2
03-04 16:33:03.139 I/chromium(22019): [INFO:CONSOLE(70)] "WARNING: Message from backend doesn't have data.", source:  (70)
03-04 16:33:03.199 D/SendBroadcastHandler(22231): startTimer() SEND_TO_CONTACTS_INSERT 
03-04 16:33:03.679 W/BindingManager(22019): Cannot call determinedVisibility() - never saw a connection for the pid: 22019
03-04 16:33:03.799 I/chromium(22019): [INFO:CONSOLE(70)] "WARNING: Message from backend doesn't have data.", source:  (70)
03-04 16:33:03.949 D/AsusContactWigdetSync(22245): sync start
03-04 16:33:03.949 D/AsusContactWigdetSync(22245): sync selection = null
03-04 16:33:03.949 D/AsusContactWigdetSync(22245): sync delete selection = contact_id IN ( 978, 979, 977, 980, 981)
03-04 16:33:03.959 D/AsusContactWigdetSync(22245): sync stop
03-04 16:33:03.959 V/ActivityManager(  505): Remove bg service from mStartingBackground ,r=ServiceRecord{22135a80 u0 com.asus.contacts/com.android.contacts.miniwidget.SyncService},r used time=1002,left r count=1
03-04 16:33:03.969 D/AsusContactWigdetSync(22302): sync start
03-04 16:33:03.969 D/AsusContactWigdetSync(22302): sync selection = null
03-04 16:33:03.969 D/AsusContactWigdetSync(22302): sync delete selection = contact_id IN ( 978, 979, 977, 980, 981)
03-04 16:33:03.969 D/AsusContactWigdetSync(22302): sync stop
03-04 16:33:03.969 V/ActivityManager(  505): Remove bg service from mStartingBackground ,r=ServiceRecord{22053df0 u0 com.asus.contactswidget/.SyncService},r used time=1008,left r count=0
