--------- beginning of /dev/log/main
03-04 16:11:36.549 D/AndroidRuntime(13119): 
03-04 16:11:36.549 D/AndroidRuntime(13119): >>>>>> AndroidRuntime START com.android.internal.os.RuntimeInit <<<<<<
03-04 16:11:36.549 D/AndroidRuntime(13119): CheckJNI is OFF
03-04 16:11:36.549 I/AndroidRuntime(13119): Kernel Release Version: 3.10.20-gf818079
03-04 16:11:36.549 I/dalvikvm(13119): No library specified. The standard exception handler will be used
03-04 16:11:36.569 I/dalvikvm(13119): 
03-04 16:11:36.569 I/dalvikvm(13119): +++++++++++++ Using PCG. +++++++++++++++++++++
03-04 16:11:36.579 D/dalvikvm(13119): Trying to load lib libjavacore.so 0x0
03-04 16:11:36.579 D/dalvikvm(13119): Added shared lib libjavacore.so 0x0
03-04 16:11:36.579 D/dalvikvm(13119): Trying to load lib libnativehelper.so 0x0
03-04 16:11:36.579 D/dalvikvm(13119): Added shared lib libnativehelper.so 0x0
03-04 16:11:36.579 D/dalvikvm(13119): No JNI_OnLoad found in libnativehelper.so 0x0, skipping init
03-04 16:11:36.589 D/dalvikvm(13119): Extra Options: not specified
03-04 16:11:36.609 D/dalvikvm(13119): Note: class Landroid/app/ActivityManagerNative; has 186 unimplemented (abstract) methods
03-04 16:11:36.649 D/EVENT_THREAD(  182): void CEventThread::run() POLLIN event on Fd (1)
03-04 16:11:36.649 D/EVENT_THREAD(  182): void CEventThread::run() Do poll with timeout: -1
03-04 16:11:36.679 E/memtrack(13119): Couldn't load memtrack module (No such file or directory)
03-04 16:11:36.679 E/android.os.Debug(13119): failed to load memtrack module: -2
03-04 16:11:36.709 D/AndroidRuntime(13119): Calling main entry com.android.commands.am.Am
03-04 16:11:36.749 D/AndroidRuntime(13119): Shutting down VM
03-04 16:11:36.749 D/dalvikvm(13119): GC_CONCURRENT freed 112K, 16% free 666K/792K, paused 0ms+0ms, total 1ms
--------- beginning of /dev/log/system
03-04 16:11:36.749 I/ActivityManager(  505): Force stopping org.xwalk.webapi_noneservice_tests appid=10394 user=0: from pid 13119
03-04 16:11:36.759 D/dalvikvm(13119): Compiler shutdown in progress - discarding request
03-04 16:11:36.759 D/dalvikvm(13119): Compiler shutdown in progress - discarding request
03-04 16:11:36.759 D/dalvikvm(13119): Compiler shutdown in progress - discarding request
03-04 16:11:36.759 D/dalvikvm(13119): Compiler shutdown in progress - discarding request
03-04 16:11:36.759 D/dalvikvm(13119): Compiler shutdown in progress - discarding request
03-04 16:11:36.759 D/dalvikvm(13119): Compiler shutdown in progress - discarding request
03-04 16:11:36.759 D/dalvikvm(13119): Compiler shutdown in progress - discarding request
03-04 16:11:36.759 D/dalvikvm(13119): Compiler shutdown in progress - discarding request
03-04 16:11:36.759 D/dalvikvm(13119): Compiler shutdown in progress - discarding request
03-04 16:11:36.759 D/dalvikvm(13119): Compiler shutdown in progress - discarding request
03-04 16:11:36.759 D/dalvikvm(13119): Compiler shutdown in progress - discarding request
03-04 16:11:36.759 D/dalvikvm(13119): Compiler shutdown in progress - discarding request
03-04 16:11:36.759 D/dalvikvm(13119): Compiler shutdown in progress - discarding request
03-04 16:11:36.759 D/dalvikvm(13119): Compiler shutdown in progress - discarding request
03-04 16:11:36.759 D/dalvikvm(13119): Compiler shutdown in progress - discarding request
03-04 16:11:36.759 D/dalvikvm(13119): Compiler shutdown in progress - discarding request
03-04 16:11:36.759 D/dalvikvm(13119): Compiler shutdown in progress - discarding request
03-04 16:11:36.759 D/dalvikvm(13119): Compiler shutdown in progress - discarding request
03-04 16:11:36.759 D/dalvikvm(13119): Compiler shutdown in progress - discarding request
03-04 16:11:36.759 D/dalvikvm(13119): Compiler shutdown in progress - discarding request
03-04 16:11:36.759 D/dalvikvm(13119): Compiler shutdown in progress - discarding request
03-04 16:11:36.759 D/dalvikvm(13119): Compiler shutdown in progress - discarding request
03-04 16:11:36.759 D/dalvikvm(13119): Compiler shutdown in progress - discarding request
03-04 16:11:36.759 D/dalvikvm(13119): Compiler shutdown in progress - discarding request
03-04 16:11:36.759 D/dalvikvm(13119): Compiler shutdown in progress - discarding request
03-04 16:11:36.759 D/dalvikvm(13119): Compiler shutdown in progress - discarding request
03-04 16:11:36.759 D/dalvikvm(13119): Compiler shutdown in progress - discarding request
03-04 16:11:36.759 D/dalvikvm(13119): Compiler shutdown in progress - discarding request
03-04 16:11:36.759 D/dalvikvm(13119): Compiler shutdown in progress - discarding request
03-04 16:11:36.759 D/dalvikvm(13119): Compiler shutdown in progress - discarding request
03-04 16:11:36.759 D/dalvikvm(13119): Compiler shutdown in progress - discarding request
03-04 16:11:36.759 D/dalvikvm(13119): Compiler shutdown in progress - discarding request
03-04 16:11:36.759 D/dalvikvm(13119): Compiler shutdown in progress - discarding request
03-04 16:11:36.759 D/dalvikvm(13119): Compiler shutdown in progress - discarding request
03-04 16:11:36.759 D/dalvikvm(13119): Compiler shutdown in progress - discarding request
03-04 16:11:36.759 D/dalvikvm(13119): Compiler shutdown in progress - discarding request
03-04 16:11:36.759 D/dalvikvm(13119): Compiler shutdown in progress - discarding request
03-04 16:11:36.759 D/dalvikvm(13119): Compiler shutdown in progress - discarding request
03-04 16:11:36.759 D/dalvikvm(13119): Compiler shutdown in progress - discarding request
03-04 16:11:36.759 D/dalvikvm(13119): Compiler shutdown in progress - discarding request
03-04 16:11:36.759 D/dalvikvm(13119): Compiler shutdown in progress - discarding request
03-04 16:11:36.759 D/dalvikvm(13119): Compiler shutdown in progress - discarding request
03-04 16:11:37.289 D/AndroidRuntime(13130): 
03-04 16:11:37.289 D/AndroidRuntime(13130): >>>>>> AndroidRuntime START com.android.internal.os.RuntimeInit <<<<<<
03-04 16:11:37.289 D/AndroidRuntime(13130): CheckJNI is OFF
03-04 16:11:37.289 I/AndroidRuntime(13130): Kernel Release Version: 3.10.20-gf818079
03-04 16:11:37.299 I/dalvikvm(13130): No library specified. The standard exception handler will be used
03-04 16:11:37.299 I/dalvikvm(13130): 
03-04 16:11:37.299 I/dalvikvm(13130): +++++++++++++ Using PCG. +++++++++++++++++++++
03-04 16:11:37.299 D/dalvikvm(13130): Trying to load lib libjavacore.so 0x0
03-04 16:11:37.309 D/dalvikvm(13130): Added shared lib libjavacore.so 0x0
03-04 16:11:37.309 D/dalvikvm(13130): Trying to load lib libnativehelper.so 0x0
03-04 16:11:37.309 D/dalvikvm(13130): Added shared lib libnativehelper.so 0x0
03-04 16:11:37.309 D/dalvikvm(13130): No JNI_OnLoad found in libnativehelper.so 0x0, skipping init
03-04 16:11:37.309 D/dalvikvm(13130): Extra Options: not specified
03-04 16:11:37.319 D/dalvikvm(13130): Note: class Landroid/app/ActivityManagerNative; has 186 unimplemented (abstract) methods
03-04 16:11:37.399 E/memtrack(13130): Couldn't load memtrack module (No such file or directory)
03-04 16:11:37.399 E/android.os.Debug(13130): failed to load memtrack module: -2
03-04 16:11:37.439 D/AndroidRuntime(13130): Calling main entry com.android.commands.am.Am
03-04 16:11:37.469 D/AndroidRuntime(13130): Shutting down VM
03-04 16:11:37.469 D/dalvikvm(13130): GC_CONCURRENT freed 117K, 17% free 670K/800K, paused 0ms+0ms, total 1ms
03-04 16:11:37.469 I/ActivityManager(  505): START u0 {flg=0x10000000 cmp=org.xwalk.webapi_noneservice_tests/.webapi_noneservice_testsActivity} from pid 13130
03-04 16:11:37.479 D/dalvikvm(13130): Compiler shutdown in progress - discarding request
03-04 16:11:37.479 D/dalvikvm(13130): Compiler shutdown in progress - discarding request
03-04 16:11:37.479 D/dalvikvm(13130): Compiler shutdown in progress - discarding request
03-04 16:11:37.479 D/dalvikvm(13130): Compiler shutdown in progress - discarding request
03-04 16:11:37.479 D/dalvikvm(13130): Compiler shutdown in progress - discarding request
03-04 16:11:37.479 D/dalvikvm(13130): Compiler shutdown in progress - discarding request
03-04 16:11:37.479 D/dalvikvm(13130): Compiler shutdown in progress - discarding request
03-04 16:11:37.479 D/dalvikvm(13130): Compiler shutdown in progress - discarding request
03-04 16:11:37.479 D/dalvikvm(13130): Compiler shutdown in progress - discarding request
03-04 16:11:37.479 D/dalvikvm(13130): Compiler shutdown in progress - discarding request
03-04 16:11:37.479 D/dalvikvm(13130): Compiler shutdown in progress - discarding request
03-04 16:11:37.479 D/dalvikvm(13130): Compiler shutdown in progress - discarding request
03-04 16:11:37.479 D/dalvikvm(13130): Compiler shutdown in progress - discarding request
03-04 16:11:37.479 D/dalvikvm(13130): Compiler shutdown in progress - discarding request
03-04 16:11:37.479 D/dalvikvm(13130): Compiler shutdown in progress - discarding request
03-04 16:11:37.479 D/dalvikvm(13130): Compiler shutdown in progress - discarding request
03-04 16:11:37.479 D/dalvikvm(13130): Compiler shutdown in progress - discarding request
03-04 16:11:37.479 D/dalvikvm(13130): Compiler shutdown in progress - discarding request
03-04 16:11:37.479 D/dalvikvm(13130): Compiler shutdown in progress - discarding request
03-04 16:11:37.479 D/dalvikvm(13130): Compiler shutdown in progress - discarding request
03-04 16:11:37.479 D/dalvikvm(13130): Compiler shutdown in progress - discarding request
03-04 16:11:37.479 D/dalvikvm(13130): Compiler shutdown in progress - discarding request
03-04 16:11:37.479 D/dalvikvm(13130): Compiler shutdown in progress - discarding request
03-04 16:11:37.479 D/dalvikvm(13130): Compiler shutdown in progress - discarding request
03-04 16:11:37.479 D/dalvikvm(13130): Compiler shutdown in progress - discarding request
03-04 16:11:37.479 D/dalvikvm(13130): Compiler shutdown in progress - discarding request
03-04 16:11:37.479 D/dalvikvm(13130): Compiler shutdown in progress - discarding request
03-04 16:11:37.479 D/dalvikvm(13130): Compiler shutdown in progress - discarding request
03-04 16:11:37.479 D/dalvikvm(13130): Compiler shutdown in progress - discarding request
03-04 16:11:37.479 D/dalvikvm(13130): Compiler shutdown in progress - discarding request
03-04 16:11:37.479 D/dalvikvm(13130): Compiler shutdown in progress - discarding request
03-04 16:11:37.479 D/dalvikvm(13130): Compiler shutdown in progress - discarding request
03-04 16:11:37.479 D/dalvikvm(13130): Compiler shutdown in progress - discarding request
03-04 16:11:37.479 D/dalvikvm(13130): Compiler shutdown in progress - discarding request
03-04 16:11:37.479 D/dalvikvm(13130): Compiler shutdown in progress - discarding request
03-04 16:11:37.479 D/dalvikvm(13130): Compiler shutdown in progress - discarding request
03-04 16:11:37.479 D/dalvikvm(13130): Compiler shutdown in progress - discarding request
03-04 16:11:37.479 D/dalvikvm(13130): Compiler shutdown in progress - discarding request
03-04 16:11:37.479 D/dalvikvm(13130): Compiler shutdown in progress - discarding request
03-04 16:11:37.479 D/dalvikvm(13130): Compiler shutdown in progress - discarding request
03-04 16:11:37.479 D/dalvikvm(13130): Compiler shutdown in progress - discarding request
03-04 16:11:37.479 D/dalvikvm(13130): Compiler shutdown in progress - discarding request
03-04 16:11:37.479 D/dalvikvm(13130): Compiler shutdown in progress - discarding request
03-04 16:11:37.479 D/dalvikvm(13130): Compiler shutdown in progress - discarding request
03-04 16:11:37.479 D/dalvikvm(13130): Compiler shutdown in progress - discarding request
03-04 16:11:37.889 I/WifiHW  (  505): CMD: IFNAME=wlan0 SIGNAL_POLL
03-04 16:11:37.889 D/wpa_supplicant(  694): RX ctrl_iface - hexdump(len=11): 53 49 47 4e 41 4c 5f 50 4f 4c 4c
03-04 16:11:37.889 D/wpa_supplicant(  694): wlan0: Control interface command 'SIGNAL_POLL'
03-04 16:11:37.919 D/wpa_supplicant(  694): nl80211: survey data missing!
03-04 16:11:37.919 I/WifiHW  (  505): REPLY: RSSI=-60
03-04 16:11:37.919 I/WifiHW  (  505): REPLY: LINKSPEED=26
03-04 16:11:37.919 I/WifiHW  (  505): REPLY: NOISE=9999
03-04 16:11:37.919 I/WifiHW  (  505): REPLY: FREQUENCY=2437
03-04 16:11:38.109 D/AndroidRuntime(13141): 
03-04 16:11:38.109 D/AndroidRuntime(13141): >>>>>> AndroidRuntime START com.android.internal.os.RuntimeInit <<<<<<
03-04 16:11:38.109 D/AndroidRuntime(13141): CheckJNI is OFF
03-04 16:11:38.109 I/AndroidRuntime(13141): Kernel Release Version: 3.10.20-gf818079
03-04 16:11:38.109 I/dalvikvm(13141): No library specified. The standard exception handler will be used
03-04 16:11:38.109 I/dalvikvm(13141): 
03-04 16:11:38.109 I/dalvikvm(13141): +++++++++++++ Using PCG. +++++++++++++++++++++
03-04 16:11:38.119 D/dalvikvm(13141): Trying to load lib libjavacore.so 0x0
03-04 16:11:38.119 D/dalvikvm(13141): Added shared lib libjavacore.so 0x0
03-04 16:11:38.119 D/dalvikvm(13141): Trying to load lib libnativehelper.so 0x0
03-04 16:11:38.119 D/dalvikvm(13141): Added shared lib libnativehelper.so 0x0
03-04 16:11:38.119 D/dalvikvm(13141): No JNI_OnLoad found in libnativehelper.so 0x0, skipping init
03-04 16:11:38.129 D/dalvikvm(13141): Extra Options: not specified
03-04 16:11:38.139 D/dalvikvm(13141): Note: class Landroid/app/ActivityManagerNative; has 186 unimplemented (abstract) methods
03-04 16:11:38.209 E/memtrack(13141): Couldn't load memtrack module (No such file or directory)
03-04 16:11:38.209 E/android.os.Debug(13141): failed to load memtrack module: -2
03-04 16:11:38.249 D/AndroidRuntime(13141): Calling main entry com.android.commands.am.Am
03-04 16:11:38.289 D/AndroidRuntime(13141): Shutting down VM
03-04 16:11:38.289 D/dalvikvm(13141): GC_CONCURRENT freed 113K, 16% free 674K/800K, paused 0ms+0ms, total 1ms
03-04 16:11:38.289 D/dalvikvm(13141): Compiler shutdown in progress - discarding request
03-04 16:11:38.289 D/dalvikvm(13141): Compiler shutdown in progress - discarding request
03-04 16:11:38.289 D/dalvikvm(13141): Compiler shutdown in progress - discarding request
03-04 16:11:38.289 D/dalvikvm(13141): Compiler shutdown in progress - discarding request
03-04 16:11:38.289 D/dalvikvm(13141): Compiler shutdown in progress - discarding request
03-04 16:11:38.289 D/dalvikvm(13141): Compiler shutdown in progress - discarding request
03-04 16:11:38.289 D/dalvikvm(13141): Compiler shutdown in progress - discarding request
03-04 16:11:38.289 D/dalvikvm(13141): Compiler shutdown in progress - discarding request
03-04 16:11:38.289 D/dalvikvm(13141): Compiler shutdown in progress - discarding request
03-04 16:11:38.289 D/dalvikvm(13141): Compiler shutdown in progress - discarding request
03-04 16:11:38.289 D/dalvikvm(13141): Compiler shutdown in progress - discarding request
03-04 16:11:38.289 D/dalvikvm(13141): Compiler shutdown in progress - discarding request
03-04 16:11:38.289 D/dalvikvm(13141): Compiler shutdown in progress - discarding request
03-04 16:11:38.289 D/dalvikvm(13141): Compiler shutdown in progress - discarding request
03-04 16:11:38.289 D/dalvikvm(13141): Compiler shutdown in progress - discarding request
03-04 16:11:38.289 D/dalvikvm(13141): Compiler shutdown in progress - discarding request
03-04 16:11:38.289 D/dalvikvm(13141): Compiler shutdown in progress - discarding request
03-04 16:11:38.289 D/dalvikvm(13141): Compiler shutdown in progress - discarding request
03-04 16:11:38.289 D/dalvikvm(13141): Compiler shutdown in progress - discarding request
03-04 16:11:38.289 D/dalvikvm(13141): Compiler shutdown in progress - discarding request
03-04 16:11:38.289 D/dalvikvm(13141): Compiler shutdown in progress - discarding request
03-04 16:11:38.289 D/dalvikvm(13141): Compiler shutdown in progress - discarding request
03-04 16:11:38.289 D/dalvikvm(13141): Compiler shutdown in progress - discarding request
03-04 16:11:38.289 D/dalvikvm(13141): Compiler shutdown in progress - discarding request
03-04 16:11:38.289 D/dalvikvm(13141): Compiler shutdown in progress - discarding request
03-04 16:11:38.289 D/dalvikvm(13141): Compiler shutdown in progress - discarding request
03-04 16:11:38.289 D/dalvikvm(13141): Compiler shutdown in progress - discarding request
03-04 16:11:38.289 D/dalvikvm(13141): Compiler shutdown in progress - discarding request
03-04 16:11:38.289 D/dalvikvm(13141): Compiler shutdown in progress - discarding request
03-04 16:11:38.289 D/dalvikvm(13141): Compiler shutdown in progress - discarding request
03-04 16:11:38.289 D/dalvikvm(13141): Compiler shutdown in progress - discarding request
03-04 16:11:38.289 D/dalvikvm(13141): Compiler shutdown in progress - discarding request
03-04 16:11:38.289 D/dalvikvm(13141): Compiler shutdown in progress - discarding request
03-04 16:11:38.289 D/dalvikvm(13141): Compiler shutdown in progress - discarding request
03-04 16:11:38.289 D/dalvikvm(13141): Compiler shutdown in progress - discarding request
03-04 16:11:38.289 D/dalvikvm(13141): Compiler shutdown in progress - discarding request
03-04 16:11:38.289 D/dalvikvm(13141): Compiler shutdown in progress - discarding request
03-04 16:11:38.289 D/dalvikvm(13141): Compiler shutdown in progress - discarding request
03-04 16:11:38.289 D/dalvikvm(13141): Compiler shutdown in progress - discarding request
03-04 16:11:38.289 D/dalvikvm(13141): Compiler shutdown in progress - discarding request
03-04 16:11:38.289 D/dalvikvm(13141): Compiler shutdown in progress - discarding request
03-04 16:11:38.289 D/dalvikvm(13141): Compiler shutdown in progress - discarding request
03-04 16:11:38.289 D/dalvikvm(13141): Compiler shutdown in progress - discarding request
03-04 16:11:38.289 D/dalvikvm(13141): Compiler shutdown in progress - discarding request
03-04 16:11:38.289 I/ActivityManager(  505): START u0 {flg=0x10000000 cmp=org.xwalk.webapi_noneservice_tests/.webapi_noneservice_tests} from pid 13141
03-04 16:11:38.889 D/AndroidRuntime(13152): 
03-04 16:11:38.889 D/AndroidRuntime(13152): >>>>>> AndroidRuntime START com.android.internal.os.RuntimeInit <<<<<<
03-04 16:11:38.889 D/AndroidRuntime(13152): CheckJNI is OFF
03-04 16:11:38.889 I/AndroidRuntime(13152): Kernel Release Version: 3.10.20-gf818079
03-04 16:11:38.889 I/dalvikvm(13152): No library specified. The standard exception handler will be used
03-04 16:11:38.899 I/dalvikvm(13152): 
03-04 16:11:38.899 I/dalvikvm(13152): +++++++++++++ Using PCG. +++++++++++++++++++++
03-04 16:11:38.899 D/dalvikvm(13152): Trying to load lib libjavacore.so 0x0
03-04 16:11:38.909 D/dalvikvm(13152): Added shared lib libjavacore.so 0x0
03-04 16:11:38.909 D/dalvikvm(13152): Trying to load lib libnativehelper.so 0x0
03-04 16:11:38.909 D/dalvikvm(13152): Added shared lib libnativehelper.so 0x0
03-04 16:11:38.909 D/dalvikvm(13152): No JNI_OnLoad found in libnativehelper.so 0x0, skipping init
03-04 16:11:38.909 D/dalvikvm(13152): Extra Options: not specified
03-04 16:11:38.919 D/dalvikvm(13152): Note: class Landroid/app/ActivityManagerNative; has 186 unimplemented (abstract) methods
03-04 16:11:38.999 E/memtrack(13152): Couldn't load memtrack module (No such file or directory)
03-04 16:11:38.999 E/android.os.Debug(13152): failed to load memtrack module: -2
03-04 16:11:39.029 D/AndroidRuntime(13152): Calling main entry com.android.commands.am.Am
03-04 16:11:39.069 I/ActivityManager(  505): START u0 {flg=0x10000000 cmp=org.xwalk.webapi_noneservice_tests/.WebapiNoneserviceTestsActivity} from pid 13152
03-04 16:11:39.099 D/AndroidRuntime(13152): Shutting down VM
03-04 16:11:39.099 I/SecurityManagerService(  602): SMS received security event: App[START/org.xwalk.webapi_noneservice_tests]
03-04 16:11:39.099 D/dalvikvm(13152): GC_CONCURRENT freed 114K, 16% free 701K/832K, paused 0ms+1ms, total 1ms
03-04 16:11:39.109 I/dalvikvm(13152): Total arena pages for JIT: 11
03-04 16:11:39.109 I/dalvikvm(13152): Total arena pages for JIT: 12
03-04 16:11:39.109 I/dalvikvm(13152): Total arena pages for JIT: 13
03-04 16:11:39.109 I/dalvikvm(13152): Total arena pages for JIT: 14
03-04 16:11:39.109 I/dalvikvm(13152): Total arena pages for JIT: 15
03-04 16:11:39.109 D/dalvikvm(13164): Process 13164 nice name: org.xwalk.webapi_noneservice_tests
03-04 16:11:39.109 D/dalvikvm(13164): Extra Options: not specified
03-04 16:11:39.109 I/ActivityManager(  505): Start proc org.xwalk.webapi_noneservice_tests for activity org.xwalk.webapi_noneservice_tests/.WebapiNoneserviceTestsActivity: pid=13164 uid=10394 gids={50394, 3003, 1028, 1015}
03-04 16:11:39.129 D/WindowManager(  505): adjustConfigurationLw, config:{1.0 ?mcc?mnc ?locale ?layoutDir sw600dp w600dp h888dp 213dpi lrg port ?uimode ?night finger -keyb/v/h -nav/v} mLidState:1 mHasDockFeature:false mHasKeyboardFeature:false mHasHallSensorFeature:true config.hardKeyboardHidden:2
03-04 16:11:39.129 V/WeatherTimeProvider( 1102): widget on Visibility Changed
03-04 16:11:39.129 I/ActivityManager(  505): [TopPkgCurBat]	NowPkgName[org.xwalk.webapi_noneservice_tests]	Battery[86]	TimeTick[1425456699144]	OldPkgName[com.asus.launcher]
03-04 16:11:39.139 D/dalvikvm(13152): Compiler shutdown in progress - discarding request
03-04 16:11:39.139 D/dalvikvm(13152): Compiler shutdown in progress - discarding request
03-04 16:11:39.139 D/dalvikvm(13152): Compiler shutdown in progress - discarding request
03-04 16:11:39.139 D/dalvikvm(13152): Compiler shutdown in progress - discarding request
03-04 16:11:39.139 D/dalvikvm(13152): Compiler shutdown in progress - discarding request
03-04 16:11:39.139 D/dalvikvm(13152): Compiler shutdown in progress - discarding request
03-04 16:11:39.139 D/dalvikvm(13152): Compiler shutdown in progress - discarding request
03-04 16:11:39.139 D/dalvikvm(13152): Compiler shutdown in progress - discarding request
03-04 16:11:39.139 D/dalvikvm(13152): Compiler shutdown in progress - discarding request
03-04 16:11:39.139 D/dalvikvm(13152): Compiler shutdown in progress - discarding request
03-04 16:11:39.139 D/dalvikvm(13152): Compiler shutdown in progress - discarding request
03-04 16:11:39.139 D/dalvikvm(13152): Compiler shutdown in progress - discarding request
03-04 16:11:39.139 D/dalvikvm(13152): Compiler shutdown in progress - discarding request
03-04 16:11:39.139 D/dalvikvm(13152): Compiler shutdown in progress - discarding request
03-04 16:11:39.139 D/dalvikvm(13152): Compiler shutdown in progress - discarding request
03-04 16:11:39.139 D/dalvikvm(13152): Compiler shutdown in progress - discarding request
03-04 16:11:39.139 D/dalvikvm(13152): Compiler shutdown in progress - discarding request
03-04 16:11:39.139 D/dalvikvm(13152): Compiler shutdown in progress - discarding request
03-04 16:11:39.139 D/dalvikvm(13152): Compiler shutdown in progress - discarding request
03-04 16:11:39.139 D/dalvikvm(13152): Compiler shutdown in progress - discarding request
03-04 16:11:39.139 D/dalvikvm(13152): Compiler shutdown in progress - discarding request
03-04 16:11:39.139 D/dalvikvm(13152): Compiler shutdown in progress - discarding request
03-04 16:11:39.139 D/dalvikvm(13152): Compiler shutdown in progress - discarding request
03-04 16:11:39.139 D/dalvikvm(13152): Compiler shutdown in progress - discarding request
03-04 16:11:39.139 D/dalvikvm(13152): Compiler shutdown in progress - discarding request
03-04 16:11:39.139 D/dalvikvm(13152): Compiler shutdown in progress - discarding request
03-04 16:11:39.139 D/dalvikvm(13152): Compiler shutdown in progress - discarding request
03-04 16:11:39.139 D/dalvikvm(13152): Compiler shutdown in progress - discarding request
03-04 16:11:39.139 D/dalvikvm(13152): Compiler shutdown in progress - discarding request
03-04 16:11:39.139 D/dalvikvm(13152): Compiler shutdown in progress - discarding request
03-04 16:11:39.139 D/dalvikvm(13152): Compiler shutdown in progress - discarding request
03-04 16:11:39.139 D/dalvikvm(13152): Compiler shutdown in progress - discarding request
03-04 16:11:39.159 D/        (  696): Surface destroy: ANDROID_NATIVE_WINDOW_MAGIC
03-04 16:11:39.209 D/dalvikvm(13164): Trying to load lib /data/app-lib/org.xwalk.webapi_noneservice_tests-1/libxwalkcore.so 0x43d87940
03-04 16:11:39.299 D/dalvikvm(13164): Added shared lib /data/app-lib/org.xwalk.webapi_noneservice_tests-1/libxwalkcore.so 0x43d87940
03-04 16:11:39.309 I/LibraryLoader(13164): Time to load native libraries: 102 ms (timestamps 1553-1655)
03-04 16:11:39.309 I/LibraryLoader(13164): Expected native library version number "",actual native library version number ""
03-04 16:11:39.339 I/LibraryLoader(13164): Expected native library version number "",actual native library version number ""
03-04 16:11:39.339 I/chromium(13164): [INFO:library_loader_hooks.cc(112)] Chromium logging enabled: level = 0, default verbosity = 0
03-04 16:11:39.409 I/BrowserStartupController(13164): Initializing chromium process, singleProcess=true
03-04 16:11:39.549 D/ImageWallpaper(  571): onVisibilityChanged: mVisible, visible=true, false
03-04 16:11:39.549 D/ImageWallpaper(  571): Visibility changed to visible=false
03-04 16:11:39.549 D/ImageWallpaper(  571): Suppressed drawFrame since redraw is not needed and offsets have not changed.
03-04 16:11:39.819 I/ResourceExtractor(13164): Extracting resource xwalk.pak
03-04 16:11:39.849 I/ResourceExtractor(13164): Extracting resource icudtl.dat
03-04 16:11:40.009 W/AudioManagerAndroid(13164): Requires BLUETOOTH permission
03-04 16:11:40.029 I/ufoGralloc(13164): Hello, this is UFO GRALLOC/Intel Corporation
03-04 16:11:40.049 D/        (13164): Pixel Format : GGL_PIXEL_FORMAT_RGBA_8888
03-04 16:11:40.049 D/        (13164): droid_create_context : config id = 1 conf->NativeVisualID=1
03-04 16:11:40.049 D/        (13164): Pixel Format : GGL_PIXEL_FORMAT_RGBA_8888
03-04 16:11:40.049 I/        (13164): Requested context : GLES 2.0
03-04 16:11:40.179 W/chromium(13164): [WARNING:proxy_service.cc(899)] PAC support disabled because there is no system implementation
03-04 16:11:40.209 W/dalvikvm(13164): VFY: unable to find class referenced in signature (Landroid/view/inputmethod/CursorAnchorInfo;)
03-04 16:11:40.209 I/dalvikvm(13164): Could not find method android.view.inputmethod.InputMethodManager.updateCursorAnchorInfo, referenced from method org.chromium.content.browser.input.InputMethodManagerWrapper.updateCursorAnchorInfo
03-04 16:11:40.209 W/dalvikvm(13164): VFY: unable to resolve virtual method 1241: Landroid/view/inputmethod/InputMethodManager;.updateCursorAnchorInfo (Landroid/view/View;Landroid/view/inputmethod/CursorAnchorInfo;)V
03-04 16:11:40.209 D/dalvikvm(13164): VFY: replacing opcode 0x6e at 0x000a
03-04 16:11:40.339 E/cutils  (  162): Failed to mkdirat(/Removable/MicroSD): Read-only file system
03-04 16:11:40.339 W/Vold    (  162): Returning OperationFailed - no handler for errno 30
03-04 16:11:40.359 W/ContextImpl(13164): Failed to ensure directory: /Removable/MicroSD/Android/data/org.xwalk.webapi_noneservice_tests/cache
03-04 16:11:40.359 W/XWalkExtensionManager(13164): Failed to read extensions-config.json
03-04 16:11:40.359 E/chromium(13164): [ERROR:unix_domain_server_socket_posix.cc(106)] Not implemented reached in virtual int net::UnixDomainServerSocket::GetLocalAddress(net::IPEndPoint*) const
03-04 16:11:40.359 I/dalvikvm(13164): Could not find method android.app.Activity.finishAndRemoveTask, referenced from method org.chromium.base.ApiCompatibilityUtils.finishAndRemoveTask
03-04 16:11:40.359 W/dalvikvm(13164): VFY: unable to resolve virtual method 4: Landroid/app/Activity;.finishAndRemoveTask ()V
03-04 16:11:40.359 D/dalvikvm(13164): VFY: replacing opcode 0x6e at 0x0006
03-04 16:11:40.359 I/dalvikvm(13164): Could not find method android.os.PowerManager.isInteractive, referenced from method org.chromium.base.ApiCompatibilityUtils.isInteractive
03-04 16:11:40.359 W/dalvikvm(13164): VFY: unable to resolve virtual method 768: Landroid/os/PowerManager;.isInteractive ()Z
03-04 16:11:40.359 D/dalvikvm(13164): VFY: replacing opcode 0x6e at 0x000e
03-04 16:11:40.359 I/dalvikvm(13164): Could not find method android.view.Window.getNavigationBarColor, referenced from method org.chromium.base.ApiCompatibilityUtils.setStatusBarColor
03-04 16:11:40.359 W/dalvikvm(13164): VFY: unable to resolve virtual method 1144: Landroid/view/Window;.getNavigationBarColor ()I
03-04 16:11:40.359 D/dalvikvm(13164): VFY: replacing opcode 0x6e at 0x0010
03-04 16:11:40.359 I/dalvikvm(13164): Could not find method android.view.Window.setStatusBarColor, referenced from method org.chromium.base.ApiCompatibilityUtils.setStatusBarColor
03-04 16:11:40.359 W/dalvikvm(13164): VFY: unable to resolve virtual method 1149: Landroid/view/Window;.setStatusBarColor (I)V
03-04 16:11:40.359 D/dalvikvm(13164): VFY: replacing opcode 0x6e at 0x0019
03-04 16:11:40.359 E/dalvikvm(13164): Could not find class 'android.app.ActivityManager$TaskDescription', referenced from method org.chromium.base.ApiCompatibilityUtils.setTaskDescription
03-04 16:11:40.359 W/dalvikvm(13164): VFY: unable to resolve new-instance 11 (Landroid/app/ActivityManager$TaskDescription;) in Lorg/chromium/base/ApiCompatibilityUtils;
03-04 16:11:40.359 D/dalvikvm(13164): VFY: replacing opcode 0x22 at 0x0006
03-04 16:11:40.359 D/dalvikvm(13164): DexOpt: unable to opt direct call 0x001e at 0x08 in Lorg/chromium/base/ApiCompatibilityUtils;.setTaskDescription
03-04 16:11:40.439 I/chromium(13164): [INFO:xwalk_extension_renderer_controller.cc(47)] EXTENSION PROCESS DISABLED.
03-04 16:11:40.589 D/        (13164): droid_create_context : config id = 5 conf->NativeVisualID=1
03-04 16:11:40.589 D/        (13164): Pixel Format : GGL_PIXEL_FORMAT_RGBA_8888
03-04 16:11:40.589 I/        (13164): Requested context : GLES 2.0
03-04 16:11:40.589 D/        (13164): Pixel Format : GGL_PIXEL_FORMAT_RGBA_8888
03-04 16:11:40.599 D/OpenGLRenderer(13164): Enabling debug mode 0
03-04 16:11:40.679 D/        (13164): Pixel Format : GGL_PIXEL_FORMAT_RGBA_8888
03-04 16:11:40.679 D/        (13164): droid_create_context : config id = 1 conf->NativeVisualID=1
03-04 16:11:40.679 D/        (13164): Pixel Format : GGL_PIXEL_FORMAT_RGBA_8888
03-04 16:11:40.679 I/        (13164): Requested context : GLES 2.0
03-04 16:11:40.769 I/ActivityManager(  505): Displayed org.xwalk.webapi_noneservice_tests/.WebapiNoneserviceTestsActivity: +1s673ms
03-04 16:11:40.779 D/XT9IME  (  728): new subtype :en_US ,keyboard
03-04 16:11:40.789 D/        (13164): Pixel Format : GGL_PIXEL_FORMAT_RGBA_8888
03-04 16:11:40.789 D/        (13164): droid_create_context : config id = 1 conf->NativeVisualID=1
03-04 16:11:40.789 D/        (13164): Pixel Format : GGL_PIXEL_FORMAT_RGBA_8888
03-04 16:11:40.789 I/        (13164): Requested context : GLES 2.0
03-04 16:11:40.799 D/        (13164): Swap interval set to = 1 value
03-04 16:11:40.819 D/BatteryStatsImpl(  505): noteStopWakeLocked system isFromForeground = false
03-04 16:11:40.819 W/BindingManager(13164): Cannot call determinedVisibility() - never saw a connection for the pid: 13164
03-04 16:11:40.929 I/WifiHW  (  505): CMD: IFNAME=wlan0 SIGNAL_POLL
03-04 16:11:40.929 D/wpa_supplicant(  694): RX ctrl_iface - hexdump(len=11): 53 49 47 4e 41 4c 5f 50 4f 4c 4c
03-04 16:11:40.929 D/wpa_supplicant(  694): wlan0: Control interface command 'SIGNAL_POLL'
03-04 16:11:40.959 D/wpa_supplicant(  694): nl80211: survey data missing!
03-04 16:11:40.959 I/WifiHW  (  505): REPLY: RSSI=-63
03-04 16:11:40.959 I/WifiHW  (  505): REPLY: LINKSPEED=26
03-04 16:11:40.959 I/WifiHW  (  505): REPLY: NOISE=9999
03-04 16:11:40.959 I/WifiHW  (  505): REPLY: FREQUENCY=2437
03-04 16:11:41.449 D/EVENT_THREAD(  182): void CEventThread::run() POLLIN event on Fd (1)
03-04 16:11:41.449 D/EVENT_THREAD(  182): void CEventThread::run() Do poll with timeout: -1
03-04 16:11:41.449 I/upi_ug31xx(  165): (2035) update_capacity
03-04 16:11:41.449 I/[UPI]   (  165): <UG31/E>[UpiReadCapacity]: V=4056(4056), T=339(341-397), I=-248, C=-2(-2-0)
03-04 16:11:41.449 I/[UPI]   (  165): <UG31/E>[UpiReadCapacity]: (0x0000254a) 3085 (3145) / 3602 (4028) = 86
03-04 16:11:41.449 I/[UPI]   (  165): <UG31/E>[UpiReadCapacity]: (0x0000254a) 3085 (3145) / 3602 (4028) = 86
03-04 16:11:41.449 I/[UPI]   (  165): <UG31/E>[UpiReadCapacity]: (0x0000254a) 3083 (3083) / 3602 (4028) = 86
03-04 16:11:41.449 I/[UPI]   (  165): <UG31/E>[RsocFilterCountTime]: (0x0000254a) Step=10(606680), Full=10(606680), Lock=606680(1800000)
03-04 16:11:41.449 I/[UPI]   (  165): <UG31/E>[UpiReadCapacity]: (0x0000254a) 3083 (3083) / 3602 (4028) = 86 (-248--248)
03-04 16:11:41.449 I/[UPI]   (  165): <UG31/E><BATT> M:normal, P:86(86-86)%, V:4056mV, C:-246mA, T:34.1C(397), S:0x0000254a(000), R:3083mAh, F:3602mAh, Q:793mAh, CC:4, P:30.330(815-0)s, BO:7, 97:615:0-44af-9m:B001-20140514-144301 (16)
03-04 16:11:41.449 D/EVENT_THREAD(  182): void CEventThread::run() POLLIN event on Fd (1)
03-04 16:11:41.449 D/EVENT_THREAD(  182): void CEventThread::run() Do poll with timeout: -1
03-04 16:11:41.449 I/upi_ug31xx(  165): (2036) backup_data 
03-04 16:11:41.449 V/upi_ug31xx(  165): state->check_backup_count = 18
03-04 16:11:41.849 W/BindingManager(13164): Cannot call determinedVisibility() - never saw a connection for the pid: 13164
03-04 16:11:42.259 I/chromium(13164): [INFO:CONSOLE(0)] "Synchronous XMLHttpRequest on the main thread is deprecated because of its detrimental effects to the end user's experience. For more help, check http://xhr.spec.whatwg.org/.", source:  (0)
03-04 16:11:42.309 D/        (13164): Pixel Format : GGL_PIXEL_FORMAT_RGBA_8888
03-04 16:11:42.309 D/        (13164): droid_create_context : config id = 1 conf->NativeVisualID=1
03-04 16:11:42.309 D/        (13164): Pixel Format : GGL_PIXEL_FORMAT_RGBA_8888
03-04 16:11:42.309 I/        (13164): Requested context : GLES 2.0
03-04 16:11:43.959 I/WifiHW  (  505): CMD: IFNAME=wlan0 SIGNAL_POLL
03-04 16:11:43.959 D/wpa_supplicant(  694): RX ctrl_iface - hexdump(len=11): 53 49 47 4e 41 4c 5f 50 4f 4c 4c
03-04 16:11:43.959 D/wpa_supplicant(  694): wlan0: Control interface command 'SIGNAL_POLL'
03-04 16:11:43.989 D/wpa_supplicant(  694): nl80211: survey data missing!
03-04 16:11:43.989 I/WifiHW  (  505): REPLY: RSSI=-58
03-04 16:11:43.989 I/WifiHW  (  505): REPLY: LINKSPEED=26
03-04 16:11:43.989 I/WifiHW  (  505): REPLY: NOISE=9999
03-04 16:11:43.989 I/WifiHW  (  505): REPLY: FREQUENCY=2437
03-04 16:11:46.989 I/WifiHW  (  505): CMD: IFNAME=wlan0 SIGNAL_POLL
03-04 16:11:46.989 D/wpa_supplicant(  694): RX ctrl_iface - hexdump(len=11): 53 49 47 4e 41 4c 5f 50 4f 4c 4c
03-04 16:11:46.989 D/wpa_supplicant(  694): wlan0: Control interface command 'SIGNAL_POLL'
03-04 16:11:47.019 D/wpa_supplicant(  694): nl80211: survey data missing!
03-04 16:11:47.019 I/WifiHW  (  505): REPLY: RSSI=-64
03-04 16:11:47.019 I/WifiHW  (  505): REPLY: LINKSPEED=26
03-04 16:11:47.019 I/WifiHW  (  505): REPLY: NOISE=9999
03-04 16:11:47.019 I/WifiHW  (  505): REPLY: FREQUENCY=2437
03-04 16:11:47.069 I/dalvikvm(13164): Total arena pages for JIT: 11
03-04 16:11:47.069 I/dalvikvm(13164): Total arena pages for JIT: 12
03-04 16:11:47.069 I/dalvikvm(13164): Total arena pages for JIT: 13
03-04 16:11:47.069 I/dalvikvm(13164): Total arena pages for JIT: 14
03-04 16:11:47.069 I/dalvikvm(13164): Total arena pages for JIT: 15
03-04 16:11:47.109 D/SendBroadcastHandler(12756): startTimer() SEND_TO_CONTACTS_INSERT 
03-04 16:11:47.129 D/CountryDetector(  505): The first listener is added
03-04 16:11:47.409 I/dalvikvm(12756): Total arena pages for JIT: 11
03-04 16:11:47.449 I/dalvikvm(12756): Total arena pages for JIT: 12
03-04 16:11:47.449 I/dalvikvm(12756): Total arena pages for JIT: 13
03-04 16:11:47.449 I/dalvikvm(12756): Total arena pages for JIT: 14
03-04 16:11:47.449 I/dalvikvm(12756): Total arena pages for JIT: 15
03-04 16:11:48.219 D/SendBroadcastHandler(12756): startTimer() SEND_TO_CONTACTS_WIDGET_DELETE 
03-04 16:11:48.279 I/chromium(13164): [INFO:CONSOLE(70)] "WARNING: Message from backend doesn't have data.", source:  (70)
03-04 16:11:48.509 W/BindingManager(13164): Cannot call determinedVisibility() - never saw a connection for the pid: 13164
03-04 16:11:48.549 I/chromium(13164): [INFO:CONSOLE(70)] "WARNING: Message from backend doesn't have data.", source:  (70)
03-04 16:11:49.189 W/BindingManager(13164): Cannot call determinedVisibility() - never saw a connection for the pid: 13164
03-04 16:11:49.329 I/chromium(13164): [INFO:CONSOLE(70)] "WARNING: Message from backend doesn't have data.", source:  (70)
03-04 16:11:49.839 W/BindingManager(13164): Cannot call determinedVisibility() - never saw a connection for the pid: 13164
03-04 16:11:49.949 I/chromium(13164): [INFO:CONSOLE(70)] "WARNING: Message from backend doesn't have data.", source:  (70)
03-04 16:11:50.019 I/WifiHW  (  505): CMD: IFNAME=wlan0 SIGNAL_POLL
03-04 16:11:50.019 D/wpa_supplicant(  694): RX ctrl_iface - hexdump(len=11): 53 49 47 4e 41 4c 5f 50 4f 4c 4c
03-04 16:11:50.019 D/wpa_supplicant(  694): wlan0: Control interface command 'SIGNAL_POLL'
03-04 16:11:50.049 D/wpa_supplicant(  694): nl80211: survey data missing!
03-04 16:11:50.049 I/WifiHW  (  505): REPLY: RSSI=-60
03-04 16:11:50.049 I/WifiHW  (  505): REPLY: LINKSPEED=26
03-04 16:11:50.049 I/WifiHW  (  505): REPLY: NOISE=9999
03-04 16:11:50.049 I/WifiHW  (  505): REPLY: FREQUENCY=2437
03-04 16:11:50.119 D/SendBroadcastHandler(12756): mTimerTask sendMessage CONTACTS_INSERT 
03-04 16:11:50.119 D/SendBroadcastHandler(12756): (insert) sendBroadcast mInsertRawContacts:4
03-04 16:11:50.119 D/SendBroadcastHandler(12756): (insert) sendBroadcast mInsertName:4
03-04 16:11:50.119 D/SendBroadcastHandler(12756): (insert) sendBroadcast mInsertNameDetail:4
03-04 16:11:50.119 D/SendBroadcastHandler(12756): sendBroadcast insert to voice agent
03-04 16:11:50.219 I/SecurityManagerService(  602): SMS received security event: App[START/com.android.providers.calendar]
03-04 16:11:50.229 D/dalvikvm(13392): Process 13392 nice name: com.android.providers.calendar
03-04 16:11:50.229 D/dalvikvm(13392): Extra Options: not specified
03-04 16:11:50.229 I/ActivityManager(  505): Start proc com.android.providers.calendar for broadcast com.android.providers.calendar/.ContactsEventUpdateReceiver: pid=13392 uid=10031 gids={50031, 3003, 1028, 1015}
03-04 16:11:50.259 D/dalvikvm(  171): GC_EXPLICIT freed 45K, 2% free 5801K/5892K, paused 0ms+1ms, total 33ms
03-04 16:11:50.279 D/dalvikvm(  171): GC_EXPLICIT freed <1K, 2% free 5801K/5892K, paused 1ms+1ms, total 13ms
03-04 16:11:50.289 D/dalvikvm(  171): GC_EXPLICIT freed <1K, 2% free 5801K/5892K, paused 0ms+1ms, total 12ms
03-04 16:11:50.389 V/ActivityManager(  505): Remove bg service from mStartingBackground ,r=ServiceRecord{224521c8 u0 com.android.providers.calendar/.ContactsEventUpdateIntentService},r used time=62,left r count=1
03-04 16:11:50.449 W/BindingManager(13164): Cannot call determinedVisibility() - never saw a connection for the pid: 13164
03-04 16:11:50.499 D/dalvikvm(12756): GC_EXPLICIT freed 1246K, 16% free 7523K/8872K, paused 1ms+3ms, total 22ms
03-04 16:11:50.579 I/chromium(13164): [INFO:CONSOLE(70)] "WARNING: Message from backend doesn't have data.", source:  (70)
03-04 16:11:50.639 D/SendBroadcastHandler(12756): startTimer() SEND_TO_CONTACTS_INSERT 
03-04 16:11:51.069 W/BindingManager(13164): Cannot call determinedVisibility() - never saw a connection for the pid: 13164
03-04 16:11:51.169 I/chromium(13164): [INFO:CONSOLE(70)] "WARNING: Message from backend doesn't have data.", source:  (70)
03-04 16:11:51.219 D/dalvikvm(  505): GC_EXPLICIT freed 722K, 49% free 18720K/36636K, paused 1ms+6ms, total 48ms
03-04 16:11:51.219 D/SendBroadcastHandler(12756): mTimerTask sendMessage CONTACTS_DELETE 
03-04 16:11:51.219 D/SendBroadcastHandler(12756): sendBroadcast delete to voice agent
03-04 16:11:51.219 D/SendBroadcastHandler(12756): (Delete) sendBroadcast mDeleteContacts:5
03-04 16:11:51.219 D/SendBroadcastHandler(12756): (Delete) sendBroadcast mDeleteRawContactsVoice:6
03-04 16:11:51.219 D/SendBroadcastHandler(12756): sendBroadcast CONTACTS_DELETE
03-04 16:11:51.239 D/AsusContactWigdetSync( 1008): ready to sync contact id = 5
03-04 16:11:51.239 D/AsusContactWigdetSync( 1008): ready to sync widget
03-04 16:11:51.239 D/AsusContactWigdetSync( 1008): delete contact_id = 902
03-04 16:11:51.239 D/AsusContactWigdetSync( 1008): delete contact_id = 904
03-04 16:11:51.239 D/AsusContactWigdetSync( 1008): delete contact_id = 905
03-04 16:11:51.239 D/AsusContactWigdetSync( 1008): delete contact_id = 906
03-04 16:11:51.239 D/AsusContactWigdetSync( 1008): delete contact_id = 907
03-04 16:11:51.239 D/AsusContactWigdetSync( 1008): sync isdelete = true
03-04 16:11:51.239 I/SecurityManagerService(  602): SMS received security event: App[START/com.asus.contactswidget]
03-04 16:11:51.259 D/dalvikvm(13416): Process 13416 nice name: com.asus.contactswidget
03-04 16:11:51.259 D/dalvikvm(13416): Extra Options: not specified
03-04 16:11:51.259 I/ActivityManager(  505): Start proc com.asus.contactswidget for broadcast com.asus.contactswidget/.ContactsWidgetReceiver: pid=13416 uid=10046 gids={50046}
03-04 16:11:51.289 D/AsusContactWigdetSync(13416): ready to sync contact id = 5
03-04 16:11:51.289 D/AsusContactWigdetSync(13416): ready to sync widget
03-04 16:11:51.289 D/AsusContactWigdetSync(13416): delete contact_id = 902
03-04 16:11:51.299 D/AsusContactWigdetSync(13416): delete contact_id = 904
03-04 16:11:51.299 D/AsusContactWigdetSync(13416): delete contact_id = 905
03-04 16:11:51.299 D/AsusContactWigdetSync(13416): delete contact_id = 906
03-04 16:11:51.299 D/AsusContactWigdetSync(13416): delete contact_id = 907
03-04 16:11:51.299 D/AsusContactWigdetSync(13416): sync isdelete = true
03-04 16:11:51.359 I/CalendarProvider2(13392): Sending countdown intent: Intent { act=asuscalendar.intent.action.COUNTDOWN_CHANGED dat=content://com.android.calendar }
03-04 16:11:51.359 W/ContentResolver(13392): Failed to get type for: content://com.android.calendar (Unknown URL content://com.android.calendar)
03-04 16:11:51.359 I/SecurityManagerService(  602): SMS received security event: App[START/com.asus.calendar]
03-04 16:11:51.379 D/dalvikvm(13429): Process 13429 nice name: com.asus.calendar
03-04 16:11:51.379 D/dalvikvm(13429): Extra Options: not specified
03-04 16:11:51.379 I/ActivityManager(  505): Start proc com.asus.calendar for broadcast com.asus.calendar/com.asus.countdown.CountdownReceiver: pid=13429 uid=10002 gids={50002, 3003, 1028, 1015, 3002}
03-04 16:11:51.389 I/CalendarProvider2(13392): Sending notification intent: Intent { act=android.intent.action.PROVIDER_CHANGED dat=content://com.android.calendar }
03-04 16:11:51.389 W/ContentResolver(13392): Failed to get type for: content://com.android.calendar (Unknown URL content://com.android.calendar)
03-04 16:11:51.389 V/ActivityManager(  505): Remove bg service from mStartingBackground ,r=ServiceRecord{225ee7f8 u0 com.android.providers.calendar/.EmptyService},r used time=1051,left r count=2
03-04 16:11:51.399 I/ActivityManager(  505): Killing 13043:com.asus.lock/1000 (adj 15): empty #9
03-04 16:11:51.439 D/dalvikvm(13164): GC_CONCURRENT freed 2640K, 28% free 7145K/9824K, paused 1ms+2ms, total 7ms
03-04 16:11:51.459 I/SecurityManagerService(  602): SMS received security event: App[STOP/com.asus.lock]
03-04 16:11:51.479 D/AlertReceiver(13429): onReceive: a=android.intent.action.PROVIDER_CHANGED Intent { act=android.intent.action.PROVIDER_CHANGED dat=content://com.android.calendar flg=0x10 cmp=com.asus.calendar/com.android.calendar.alerts.AlertReceiver }
03-04 16:11:51.499 V/ActivityManager(  505): Remove bg service from mStartingBackground ,r=ServiceRecord{226053a8 u0 com.asus.calendar/com.asus.countdown.CountdownService},r used time=30,left r count=3
03-04 16:11:51.509 D/AlertService(13429): 0 Action = android.intent.action.PROVIDER_CHANGED
03-04 16:11:51.509 D/AlertService(13429): Beginning updateAlertNotification
03-04 16:11:51.559 D/AlertService(13429): No fired or scheduled alerts
03-04 16:11:51.569 V/ActivityManager(  505): Remove bg service from mStartingBackground ,r=ServiceRecord{225ed798 u0 com.asus.calendar/com.android.calendar.alerts.AlertService},r used time=86,left r count=2
03-04 16:11:51.579 D/BatteryStatsImpl(  505): noteStopWakeLocked com.asus.calendar isFromForeground = false
03-04 16:11:51.579 I/ActivityManager(  505): Killing 12728:com.android.documentsui/u0a50 (adj 15): empty #9
03-04 16:11:51.579 I/SecurityManagerService(  602): SMS received security event: App[STOP/com.android.documentsui]
03-04 16:11:51.749 E/ContactJson(13164): getStringArray(fields): Failed to parse json data: org.json.JSONException: Value givenNames at fields of type java.lang.String cannot be converted to JSONArray
03-04 16:11:52.239 D/AsusContactWigdetSync( 1008): sync start
03-04 16:11:52.239 D/AsusContactWigdetSync( 1008): sync selection = null
03-04 16:11:52.239 D/AsusContactWigdetSync( 1008): sync delete selection = contact_id IN ( 902, 907, 906, 905, 904)
03-04 16:11:52.239 W/BindingManager(13164): Cannot call determinedVisibility() - never saw a connection for the pid: 13164
03-04 16:11:52.259 D/AsusContactWigdetSync( 1008): sync stop
03-04 16:11:52.259 V/ActivityManager(  505): Remove bg service from mStartingBackground ,r=ServiceRecord{22714160 u0 com.asus.contacts/com.android.contacts.miniwidget.SyncService},r used time=1021,left r count=1
03-04 16:11:52.279 D/SendBroadcastHandler(12756): startTimer() SEND_TO_CONTACTS_WIDGET_DELETE 
03-04 16:11:52.299 D/AsusContactWigdetSync(13416): sync start
03-04 16:11:52.299 D/AsusContactWigdetSync(13416): sync selection = null
03-04 16:11:52.299 D/AsusContactWigdetSync(13416): sync delete selection = contact_id IN ( 902, 907, 906, 905, 904)
03-04 16:11:52.309 D/AsusContactWigdetSync(13416): sync stop
03-04 16:11:52.309 V/ActivityManager(  505): Remove bg service from mStartingBackground ,r=ServiceRecord{22668d90 u0 com.asus.contactswidget/.SyncService},r used time=1013,left r count=0
03-04 16:11:52.309 I/ActivityManager(  505): Killing 12650:com.android.musicfx/u0a17 (adj 15): empty #9
03-04 16:11:52.379 I/SecurityManagerService(  602): SMS received security event: App[STOP/com.android.musicfx]
03-04 16:11:52.439 I/chromium(13164): [INFO:CONSOLE(70)] "WARNING: Message from backend doesn't have data.", source:  (70)
03-04 16:11:52.649 V/ActivityManager(  505): Remove bg service from mStartingBackground ,r=ServiceRecord{2248d118 u0 com.android.providers.calendar/.ContactsEventUpdateIntentService},r used time=128,left r count=1
03-04 16:11:53.049 I/WifiHW  (  505): CMD: IFNAME=wlan0 SIGNAL_POLL
03-04 16:11:53.049 D/wpa_supplicant(  694): RX ctrl_iface - hexdump(len=11): 53 49 47 4e 41 4c 5f 50 4f 4c 4c
03-04 16:11:53.049 D/wpa_supplicant(  694): wlan0: Control interface command 'SIGNAL_POLL'
03-04 16:11:53.079 D/wpa_supplicant(  694): nl80211: survey data missing!
03-04 16:11:53.079 I/WifiHW  (  505): REPLY: RSSI=-64
03-04 16:11:53.079 I/WifiHW  (  505): REPLY: LINKSPEED=26
03-04 16:11:53.079 I/WifiHW  (  505): REPLY: NOISE=9999
03-04 16:11:53.079 I/WifiHW  (  505): REPLY: FREQUENCY=2437
03-04 16:11:53.399 W/BindingManager(13164): Cannot call determinedVisibility() - never saw a connection for the pid: 13164
03-04 16:11:53.589 I/chromium(13164): [INFO:CONSOLE(70)] "WARNING: Message from backend doesn't have data.", source:  (70)
03-04 16:11:53.639 D/SendBroadcastHandler(12756): mTimerTask sendMessage CONTACTS_INSERT 
03-04 16:11:53.639 D/SendBroadcastHandler(12756): (insert) sendBroadcast mInsertRawContacts:5
03-04 16:11:53.639 D/SendBroadcastHandler(12756): (insert) sendBroadcast mInsertName:5
03-04 16:11:53.639 D/SendBroadcastHandler(12756): (insert) sendBroadcast mInsertNameDetail:5
03-04 16:11:53.639 D/SendBroadcastHandler(12756): sendBroadcast insert to voice agent
03-04 16:11:53.649 D/SendBroadcastHandler(12756): startTimer() SEND_TO_CONTACTS_INSERT 
03-04 16:11:53.649 I/CalendarProvider2(13392): Sending notification intent: Intent { act=android.intent.action.PROVIDER_CHANGED dat=content://com.android.calendar }
03-04 16:11:53.649 W/ContentResolver(13392): Failed to get type for: content://com.android.calendar (Unknown URL content://com.android.calendar)
03-04 16:11:53.649 D/AlertReceiver(13429): onReceive: a=android.intent.action.PROVIDER_CHANGED Intent { act=android.intent.action.PROVIDER_CHANGED dat=content://com.android.calendar flg=0x10 cmp=com.asus.calendar/com.android.calendar.alerts.AlertReceiver }
03-04 16:11:53.649 V/ActivityManager(  505): Remove bg service from mStartingBackground ,r=ServiceRecord{22483f88 u0 com.android.providers.calendar/.EmptyService},r used time=1004,left r count=0
03-04 16:11:53.659 D/AlertService(13429): 0 Action = android.intent.action.PROVIDER_CHANGED
03-04 16:11:53.659 D/AlertService(13429): Beginning updateAlertNotification
03-04 16:11:53.669 D/AlertService(13429): No fired or scheduled alerts
03-04 16:11:53.689 D/BatteryStatsImpl(  505): noteStopWakeLocked com.asus.calendar isFromForeground = false
03-04 16:11:53.689 V/ActivityManager(  505): Remove bg service from mStartingBackground ,r=ServiceRecord{223576b0 u0 com.asus.calendar/com.android.calendar.alerts.AlertService},r used time=28,left r count=0
03-04 16:11:54.099 D/dalvikvm(12756): GC_EXPLICIT freed 877K, 13% free 7805K/8872K, paused 0ms+3ms, total 31ms
03-04 16:11:54.509 W/BindingManager(13164): Cannot call determinedVisibility() - never saw a connection for the pid: 13164
03-04 16:11:54.689 I/chromium(13164): [INFO:CONSOLE(70)] "WARNING: Message from backend doesn't have data.", source:  (70)
03-04 16:11:55.279 D/SendBroadcastHandler(12756): mTimerTask sendMessage CONTACTS_DELETE 
03-04 16:11:55.289 D/SendBroadcastHandler(12756): sendBroadcast delete to voice agent
03-04 16:11:55.289 D/SendBroadcastHandler(12756): (Delete) sendBroadcast mDeleteContacts:6
03-04 16:11:55.289 D/AsusContactWigdetSync( 1008): ready to sync contact id = 6
03-04 16:11:55.289 D/AsusContactWigdetSync( 1008): ready to sync widget
03-04 16:11:55.289 D/SendBroadcastHandler(12756): (Delete) sendBroadcast mDeleteRawContactsVoice:6
03-04 16:11:55.289 D/SendBroadcastHandler(12756): sendBroadcast CONTACTS_DELETE
03-04 16:11:55.299 D/AsusContactWigdetSync( 1008): delete contact_id = 908
03-04 16:11:55.299 D/AsusContactWigdetSync(13416): ready to sync contact id = 6
