03-04 16:51:45.040 D/dalvikvm(28019): Compiler shutdown in progress - discarding request
03-04 16:51:45.040 D/dalvikvm(28019): Compiler shutdown in progress - discarding request
03-04 16:51:45.040 D/dalvikvm(28019): Compiler shutdown in progress - discarding request
03-04 16:51:45.040 D/dalvikvm(28019): Compiler shutdown in progress - discarding request
03-04 16:51:45.040 D/dalvikvm(28019): Compiler shutdown in progress - discarding request
03-04 16:51:45.040 D/dalvikvm(28019): Compiler shutdown in progress - discarding request
03-04 16:51:45.040 D/dalvikvm(28019): Compiler shutdown in progress - discarding request
03-04 16:51:45.040 D/dalvikvm(28019): Compiler shutdown in progress - discarding request
03-04 16:51:45.040 D/dalvikvm(28019): Compiler shutdown in progress - discarding request
03-04 16:51:45.040 D/dalvikvm(28019): Compiler shutdown in progress - discarding request
03-04 16:51:45.040 D/dalvikvm(28019): Compiler shutdown in progress - discarding request
03-04 16:51:45.040 D/dalvikvm(28019): Compiler shutdown in progress - discarding request
03-04 16:51:45.040 D/dalvikvm(28019): Compiler shutdown in progress - discarding request
03-04 16:51:45.040 D/dalvikvm(28019): Compiler shutdown in progress - discarding request
03-04 16:51:45.040 D/dalvikvm(28019): Compiler shutdown in progress - discarding request
03-04 16:51:45.040 D/dalvikvm(28019): Compiler shutdown in progress - discarding request
03-04 16:51:45.040 D/dalvikvm(28019): Compiler shutdown in progress - discarding request
03-04 16:51:45.040 D/dalvikvm(28019): Compiler shutdown in progress - discarding request
03-04 16:51:45.040 D/dalvikvm(28019): Compiler shutdown in progress - discarding request
03-04 16:51:45.380 D/BrightnessHandler(24434): com.android.server.power.HardwareHandler@21f0bcd8 setBrightness=10, 1000
03-04 16:51:45.410 D/EVENT_THREAD(24369): void CEventThread::run() POLLIN event on Fd (1)
03-04 16:51:45.410 D/EVENT_THREAD(24369): void CEventThread::run() Do poll with timeout: -1
03-04 16:51:45.460 D/AndroidRuntime(28030): 
03-04 16:51:45.460 D/AndroidRuntime(28030): >>>>>> AndroidRuntime START com.android.internal.os.RuntimeInit <<<<<<
03-04 16:51:45.460 D/AndroidRuntime(28030): CheckJNI is OFF
03-04 16:51:45.460 I/AndroidRuntime(28030): Kernel Release Version: 3.10.20-gf818079
03-04 16:51:45.460 I/dalvikvm(28030): No library specified. The standard exception handler will be used
03-04 16:51:45.470 I/dalvikvm(28030): 
03-04 16:51:45.470 I/dalvikvm(28030): +++++++++++++ Using PCG. +++++++++++++++++++++
03-04 16:51:45.470 D/dalvikvm(28030): Trying to load lib libjavacore.so 0x0
03-04 16:51:45.470 D/dalvikvm(28030): Added shared lib libjavacore.so 0x0
03-04 16:51:45.480 D/dalvikvm(28030): Trying to load lib libnativehelper.so 0x0
03-04 16:51:45.480 D/dalvikvm(28030): Added shared lib libnativehelper.so 0x0
03-04 16:51:45.480 D/dalvikvm(28030): No JNI_OnLoad found in libnativehelper.so 0x0, skipping init
03-04 16:51:45.480 D/dalvikvm(28030): Extra Options: not specified
03-04 16:51:45.490 D/dalvikvm(28030): Note: class Landroid/app/ActivityManagerNative; has 186 unimplemented (abstract) methods
03-04 16:51:45.520 D/PROPERTY(24369): get media.dump_output.befconv: 0
03-04 16:51:45.520 D/PROPERTY(24369): get media.dump_output.aftconv: 0
03-04 16:51:45.520 D/RouteManager(24369): stopStream: {+++ RECONSIDER ROUTING +++} due to output stream stop event
03-04 16:51:45.520 D/RouteManager(24369): reconsiderRouting
03-04 16:51:45.520 D/EVENT_THREAD(24369): void CEventThread::trig(uint16_t): in
03-04 16:51:45.520 D/EVENT_THREAD(24369): void CEventThread::trig(uint16_t): out
03-04 16:51:45.520 D/RouteManager(24369): doReconsiderRouting:       Platform State:
03-04 16:51:45.520 D/RouteManager(24369): doReconsiderRouting:          -Modem Alive = 0 
03-04 16:51:45.520 D/RouteManager(24369): doReconsiderRouting:          -Modem Call Active = 0 
03-04 16:51:45.520 D/RouteManager(24369): doReconsiderRouting:          -Is Shared I2S glitch free=1 
03-04 16:51:45.520 D/RouteManager(24369): doReconsiderRouting:          -Android Telephony Mode = Normal 
03-04 16:51:45.520 D/RouteManager(24369): doReconsiderRouting:          -RTE MGR HW Mode = Normal 
03-04 16:51:45.520 D/RouteManager(24369): doReconsiderRouting:          -BT Enabled = 1 
03-04 16:51:45.520 D/RouteManager(24369): doReconsiderRouting:          -BT NREC = 0 
03-04 16:51:45.520 D/RouteManager(24369): doReconsiderRouting:          -BT Band = NB 
03-04 16:51:45.530 D/RouteManager(24369): doReconsiderRouting:          -Platform output device = IHF 
03-04 16:51:45.530 D/RouteManager(24369): doReconsiderRouting:          -Platform input device = <none> 
03-04 16:51:45.530 D/RouteManager(24369): doReconsiderRouting:          -Platform input source = None 
03-04 16:51:45.530 D/RouteManager(24369): doReconsiderRouting:          -Platform Band type = NB 
03-04 16:51:45.530 D/RouteManager(24369): doReconsiderRouting:          -Platform Has Direct Stream = no 
03-04 16:51:45.530 D/RouteManager(24369): doReconsiderRouting:          -Platform TTY direction = <none> 
03-04 16:51:45.530 D/RouteManager(24369): doReconsiderRouting:          -Platform HAC Mode = Off 
03-04 16:51:45.530 D/RouteManager(24369): doReconsiderRouting:          -Platform Screen State = On 
03-04 16:51:45.530 D/RouteManager(24369): doReconsiderRouting:          -Platform Context Awareness = false 
03-04 16:51:45.530 D/RouteManager(24369): doReconsiderRouting:          -Platform Always Listening = false 
03-04 16:51:45.530 D/RouteManager(24369): doReconsiderRouting:          -Platform FM State = Off 
03-04 16:51:45.530 D/RouteManager(24369): doReconsiderRouting:          -Platform Bypass Non Linear PP State = Off 
03-04 16:51:45.530 D/RouteManager(24369): doReconsiderRouting:          -Platform Bypass Linear PP State = Off 
03-04 16:51:45.530 D/RouteManager(24369): doReconsiderRouting:          -Platform MicMute = Off 
03-04 16:51:45.530 D/RouteManager(24369): doReconsiderRouting:      Route state:
03-04 16:51:45.530 D/RouteManager(24369): doReconsiderRouting:          -Previously Enabled Route in Input = <none>
03-04 16:51:45.530 D/RouteManager(24369): doReconsiderRouting:          -Previously Enabled Route in Output = Media|HwCodecMedia
03-04 16:51:45.530 D/RouteManager(24369): doReconsiderRouting:          -Selected Route in Input = <none>
03-04 16:51:45.530 D/RouteManager(24369): doReconsiderRouting:          -Selected Route in Output = <none>
03-04 16:51:45.530 D/RouteManager(24369): doReconsiderRouting:          -Route that need reconfiguration in Input = <none>
03-04 16:51:45.530 D/RouteManager(24369): doReconsiderRouting:          -Route that need reconfiguration in Output = <none>
03-04 16:51:45.530 D/RouteManager(24369): executeMuteStage: --------------- Routing Stage = Mute ---------------
03-04 16:51:45.530 D/RouteManager(24369): parameter-framework: Selection criterion changed event: Criterion name: RoutageState, current state: Flow
03-04 16:51:45.530 D/RouteManager(24369): muteRoutes: Expected Routes to be muted in Output = Media|HwCodecMedia
03-04 16:51:45.530 D/RouteManager(24369): parameter-framework: Selection criterion changed event: Criterion name: ClosingPlaybackRoutes, current state: Media|HwCodecMedia
03-04 16:51:45.530 D/RouteManager(24369): parameter-framework: Selection criterion changed event: Criterion name: OpenedPlaybackRoutes, current state: <none>
03-04 16:51:45.530 D/RouteManager(24369): parameter-framework: Configuration application request {
03-04 16:51:45.530 D/RouteManager(24369): parameter-framework:     Applying configurations {
03-04 16:51:45.530 D/RouteManager(24369): parameter-framework:     } Applying configurations
03-04 16:51:45.530 D/RouteManager(24369): parameter-framework: } Configuration application request
03-04 16:51:45.530 D/RouteManager(24369): executeDisableStage: --------------- Routing Stage = Disable ---------------
03-04 16:51:45.530 D/RouteManager(24369): parameter-framework: Selection criterion changed event: Criterion name: RoutageState, current state: Path
03-04 16:51:45.530 D/RouteManager(24369): prepareDisableRoutes: Routes to be disabled(unrouted) in Output = Media|HwCodecMedia
03-04 16:51:45.530 D/ALSAStreamOps(24369): detachRouteL output stream
03-04 16:51:45.530 D/RouteManager/StreamRoute(24369): closePcmDevice called for card (baytrailaudio,0)
03-04 16:51:45.550 D/RouteManager(24369): parameter-framework: Configuration application request {
03-04 16:51:45.550 D/RouteManager(24369): parameter-framework:     Applying configurations {
03-04 16:51:45.550 D/RouteManager(24369): parameter-framework:         Applying configuration "Disable" from domain "Routing.Enable.HWCodec.Playback.IHF"
03-04 16:51:45.550 D/RouteManager(24369): parameter-framework:         Applying configuration "Disable" from domain "Routing.Enable.HWCodec.Playback.Multimedia.IHF"
03-04 16:51:45.550 D/RouteManager(24369): parameter-framework:         Applying configuration "Disable" from domain "Routing.Enable.HWCodec.Playback.Multimedia.Playback"
03-04 16:51:45.550 D/RouteManager(24369): parameter-framework:     } Applying configurations
03-04 16:51:45.550 D/RouteManager(24369): parameter-framework: } Configuration application request
03-04 16:51:45.550 D/RouteManager(24369): executeConfigureStage: --------------- Routing Stage = Configure ---------------
03-04 16:51:45.550 D/RouteManager(24369): parameter-framework: Selection criterion changed event: Criterion name: RoutageState, current state: Configure
03-04 16:51:45.550 D/RouteManager(24369): parameter-framework: Selection criterion changed event: Criterion name: ClosingPlaybackRoutes, current state: <none>
03-04 16:51:45.550 D/RouteManager(24369): parameter-framework: Configuration application request {
03-04 16:51:45.550 D/RouteManager(24369): parameter-framework:     Applying configurations {
03-04 16:51:45.550 D/RouteManager(24369): parameter-framework:         Applying configuration "Deactivated" from domain "Routing.Configure.LPE_Mixer.IHF"
03-04 16:51:45.550 D/RouteManager(24369): parameter-framework:     } Applying configurations
03-04 16:51:45.550 D/RouteManager(24369): parameter-framework: } Configuration application request
03-04 16:51:45.550 D/RouteManager(24369): executeEnableStage: --------------- Routing Stage = Enable ---------------
03-04 16:51:45.550 D/RouteManager(24369): parameter-framework: Selection criterion changed event: Criterion name: RoutageState, current state: Path|Configure
03-04 16:51:45.550 D/RouteManager(24369): parameter-framework: Configuration application request {
03-04 16:51:45.550 D/RouteManager(24369): parameter-framework:     Applying configurations {
03-04 16:51:45.550 D/RouteManager(24369): parameter-framework:     } Applying configurations
03-04 16:51:45.550 D/RouteManager(24369): parameter-framework: } Configuration application request
03-04 16:51:45.550 D/RouteManager(24369): executeUnmuteStage: --------------- Routing Stage = Unmute ---------------
03-04 16:51:45.550 D/RouteManager(24369): parameter-framework: Selection criterion changed event: Criterion name: RoutageState, current state: Flow|Path|Configure
03-04 16:51:45.550 D/RouteManager(24369): parameter-framework: Configuration application request {
03-04 16:51:45.550 D/RouteManager(24369): parameter-framework:     Applying configurations {
03-04 16:51:45.550 D/RouteManager(24369): parameter-framework:     } Applying configurations
03-04 16:51:45.550 D/RouteManager(24369): parameter-framework: } Configuration application request
03-04 16:51:45.550 D/EVENT_THREAD(24369): void CEventThread::run() Do poll with timeout: -1
03-04 16:51:45.550 D/RouteManager(24369): reconsiderRouting: DONE
03-04 16:51:45.570 E/memtrack(28030): Couldn't load memtrack module (No such file or directory)
03-04 16:51:45.570 E/android.os.Debug(28030): failed to load memtrack module: -2
03-04 16:51:45.600 D/AndroidRuntime(28030): Calling main entry com.android.commands.am.Am
03-04 16:51:45.630 I/ActivityManager(24434): START u0 {flg=0x10000000 cmp=org.xwalk.webapi_noneservice_tests/.WebapiNoneserviceTestsActivity} from pid 28030
03-04 16:51:45.670 I/dalvikvm(28030): Total arena pages for JIT: 11
03-04 16:51:45.670 I/dalvikvm(28030): Total arena pages for JIT: 12
03-04 16:51:45.670 I/dalvikvm(28030): Total arena pages for JIT: 13
03-04 16:51:45.670 I/dalvikvm(28030): Total arena pages for JIT: 14
03-04 16:51:45.670 I/dalvikvm(28030): Total arena pages for JIT: 15
03-04 16:51:45.940 I/WindowManager(24434): Screenshot max retries 4 of Token{2226c7a0 ActivityRecord{21f5d220 u0 com.asus.launcher/com.android.launcher3.Launcher t1}} appWin=Window{2224d778 u0 com.asus.launcher/com.android.launcher3.Launcher} drawState=4
03-04 16:51:45.940 D/AndroidRuntime(28030): Shutting down VM
03-04 16:51:45.940 D/dalvikvm(28030): GC_CONCURRENT freed 114K, 16% free 701K/832K, paused 0ms+0ms, total 1ms
03-04 16:51:45.940 I/SecurityManagerService(24600): SMS received security event: App[START/org.xwalk.webapi_noneservice_tests]
03-04 16:51:45.940 V/WeatherTimeProvider(27790): widget on Visibility Changed
03-04 16:51:45.940 W/WindowManager(24434): Screenshot failure taking screenshot for (800x1280) to layer 21000
03-04 16:51:45.950 D/dalvikvm(28042): Process 28042 nice name: org.xwalk.webapi_noneservice_tests
03-04 16:51:45.950 D/dalvikvm(28042): Extra Options: not specified
03-04 16:51:45.960 I/ActivityManager(24434): Start proc org.xwalk.webapi_noneservice_tests for activity org.xwalk.webapi_noneservice_tests/.WebapiNoneserviceTestsActivity: pid=28042 uid=10394 gids={50394, 3003, 1028, 1015}
03-04 16:51:45.970 D/dalvikvm(24138): GC_EXPLICIT freed 45K, 2% free 5801K/5892K, paused 0ms+1ms, total 13ms
03-04 16:51:45.970 D/WindowManager(24434): adjustConfigurationLw, config:{1.0 ?mcc?mnc ?locale ?layoutDir sw600dp w600dp h888dp 213dpi lrg port ?uimode ?night finger -keyb/v/h -nav/v} mLidState:1 mHasDockFeature:false mHasKeyboardFeature:false mHasHallSensorFeature:true config.hardKeyboardHidden:2
03-04 16:51:45.970 I/ActivityManager(24434): [TopPkgCurBat]	NowPkgName[org.xwalk.webapi_noneservice_tests]	Battery[80]	TimeTick[1425459105982]	OldPkgName[com.asus.launcher]
03-04 16:51:45.980 D/dalvikvm(24138): GC_EXPLICIT freed <1K, 2% free 5801K/5892K, paused 1ms+1ms, total 12ms
03-04 16:51:45.980 D/        (27274): Pixel Format : GGL_PIXEL_FORMAT_RGBA_8888
03-04 16:51:45.990 D/dalvikvm(24138): GC_EXPLICIT freed <1K, 2% free 5801K/5892K, paused 0ms+1ms, total 12ms
03-04 16:51:45.990 D/        (27274): Surface destroy: ANDROID_NATIVE_WINDOW_MAGIC
03-04 16:51:46.020 D/dalvikvm(28042): Trying to load lib /data/app-lib/org.xwalk.webapi_noneservice_tests-1/libxwalkcore.so 0x43d888f0
03-04 16:51:46.090 D/dalvikvm(28042): Added shared lib /data/app-lib/org.xwalk.webapi_noneservice_tests-1/libxwalkcore.so 0x43d888f0
03-04 16:51:46.100 I/LibraryLoader(28042): Time to load native libraries: 85 ms (timestamps 8792-8877)
03-04 16:51:46.100 I/LibraryLoader(28042): Expected native library version number "",actual native library version number ""
03-04 16:51:46.130 I/LibraryLoader(28042): Expected native library version number "",actual native library version number ""
03-04 16:51:46.130 I/chromium(28042): [INFO:library_loader_hooks.cc(112)] Chromium logging enabled: level = 0, default verbosity = 0
03-04 16:51:46.180 I/BrowserStartupController(28042): Initializing chromium process, singleProcess=true
03-04 16:51:46.580 I/WifiHW  (24434): CMD: IFNAME=wlan0 SIGNAL_POLL
03-04 16:51:46.580 D/wpa_supplicant(24681): RX ctrl_iface - hexdump(len=11): 53 49 47 4e 41 4c 5f 50 4f 4c 4c
03-04 16:51:46.580 D/wpa_supplicant(24681): wlan0: Control interface command 'SIGNAL_POLL'
03-04 16:51:46.610 D/wpa_supplicant(24681): nl80211: survey data missing!
03-04 16:51:46.610 I/WifiHW  (24434): REPLY: RSSI=-65
03-04 16:51:46.610 I/WifiHW  (24434): REPLY: LINKSPEED=39
03-04 16:51:46.610 I/WifiHW  (24434): REPLY: NOISE=9999
03-04 16:51:46.610 I/WifiHW  (24434): REPLY: FREQUENCY=2437
03-04 16:51:46.630 W/AudioManagerAndroid(28042): Requires BLUETOOTH permission
03-04 16:51:46.640 I/ufoGralloc(28042): Hello, this is UFO GRALLOC/Intel Corporation
03-04 16:51:46.650 D/        (28042): Pixel Format : GGL_PIXEL_FORMAT_RGBA_8888
03-04 16:51:46.650 D/        (28042): droid_create_context : config id = 1 conf->NativeVisualID=1
03-04 16:51:46.650 D/        (28042): Pixel Format : GGL_PIXEL_FORMAT_RGBA_8888
03-04 16:51:46.650 I/        (28042): Requested context : GLES 2.0
03-04 16:51:46.690 W/chromium(28042): [WARNING:proxy_service.cc(899)] PAC support disabled because there is no system implementation
03-04 16:51:46.700 W/dalvikvm(28042): VFY: unable to find class referenced in signature (Landroid/view/inputmethod/CursorAnchorInfo;)
03-04 16:51:46.700 I/dalvikvm(28042): Could not find method android.view.inputmethod.InputMethodManager.updateCursorAnchorInfo, referenced from method org.chromium.content.browser.input.InputMethodManagerWrapper.updateCursorAnchorInfo
03-04 16:51:46.700 W/dalvikvm(28042): VFY: unable to resolve virtual method 1241: Landroid/view/inputmethod/InputMethodManager;.updateCursorAnchorInfo (Landroid/view/View;Landroid/view/inputmethod/CursorAnchorInfo;)V
03-04 16:51:46.700 D/dalvikvm(28042): VFY: replacing opcode 0x6e at 0x000a
03-04 16:51:46.750 E/cutils  (  162): Failed to mkdirat(/Removable/MicroSD): Read-only file system
03-04 16:51:46.750 W/ContextImpl(28042): Failed to ensure directory: /Removable/MicroSD/Android/data/org.xwalk.webapi_noneservice_tests/cache
03-04 16:51:46.750 W/XWalkExtensionManager(28042): Failed to read extensions-config.json
03-04 16:51:46.750 E/chromium(28042): [ERROR:unix_domain_server_socket_posix.cc(106)] Not implemented reached in virtual int net::UnixDomainServerSocket::GetLocalAddress(net::IPEndPoint*) const
03-04 16:51:46.750 I/dalvikvm(28042): Could not find method android.app.Activity.finishAndRemoveTask, referenced from method org.chromium.base.ApiCompatibilityUtils.finishAndRemoveTask
03-04 16:51:46.750 W/dalvikvm(28042): VFY: unable to resolve virtual method 4: Landroid/app/Activity;.finishAndRemoveTask ()V
03-04 16:51:46.750 D/dalvikvm(28042): VFY: replacing opcode 0x6e at 0x0006
03-04 16:51:46.750 W/Vold    (  162): Returning OperationFailed - no handler for errno 30
03-04 16:51:46.760 I/dalvikvm(28042): Could not find method android.os.PowerManager.isInteractive, referenced from method org.chromium.base.ApiCompatibilityUtils.isInteractive
03-04 16:51:46.760 W/dalvikvm(28042): VFY: unable to resolve virtual method 768: Landroid/os/PowerManager;.isInteractive ()Z
03-04 16:51:46.760 D/dalvikvm(28042): VFY: replacing opcode 0x6e at 0x000e
03-04 16:51:46.760 I/dalvikvm(28042): Could not find method android.view.Window.getNavigationBarColor, referenced from method org.chromium.base.ApiCompatibilityUtils.setStatusBarColor
03-04 16:51:46.760 W/dalvikvm(28042): VFY: unable to resolve virtual method 1144: Landroid/view/Window;.getNavigationBarColor ()I
03-04 16:51:46.760 D/dalvikvm(28042): VFY: replacing opcode 0x6e at 0x0010
03-04 16:51:46.760 I/dalvikvm(28042): Could not find method android.view.Window.setStatusBarColor, referenced from method org.chromium.base.ApiCompatibilityUtils.setStatusBarColor
03-04 16:51:46.760 W/dalvikvm(28042): VFY: unable to resolve virtual method 1149: Landroid/view/Window;.setStatusBarColor (I)V
03-04 16:51:46.760 D/dalvikvm(28042): VFY: replacing opcode 0x6e at 0x0019
03-04 16:51:46.760 E/dalvikvm(28042): Could not find class 'android.app.ActivityManager$TaskDescription', referenced from method org.chromium.base.ApiCompatibilityUtils.setTaskDescription
03-04 16:51:46.760 W/dalvikvm(28042): VFY: unable to resolve new-instance 11 (Landroid/app/ActivityManager$TaskDescription;) in Lorg/chromium/base/ApiCompatibilityUtils;
03-04 16:51:46.760 D/dalvikvm(28042): VFY: replacing opcode 0x22 at 0x0006
03-04 16:51:46.760 D/dalvikvm(28042): DexOpt: unable to opt direct call 0x001e at 0x08 in Lorg/chromium/base/ApiCompatibilityUtils;.setTaskDescription
03-04 16:51:46.790 I/chromium(28042): [INFO:xwalk_extension_renderer_controller.cc(47)] EXTENSION PROCESS DISABLED.
03-04 16:51:46.830 D/        (28042): droid_create_context : config id = 5 conf->NativeVisualID=1
03-04 16:51:46.830 D/        (28042): Pixel Format : GGL_PIXEL_FORMAT_RGBA_8888
03-04 16:51:46.830 I/        (28042): Requested context : GLES 2.0
03-04 16:51:46.840 D/        (28042): Pixel Format : GGL_PIXEL_FORMAT_RGBA_8888
03-04 16:51:46.840 D/OpenGLRenderer(28042): Enabling debug mode 0
03-04 16:51:46.900 I/ActivityManager(24434): Displayed org.xwalk.webapi_noneservice_tests/.WebapiNoneserviceTestsActivity: +953ms
03-04 16:51:46.900 D/BatteryStatsImpl(24434): noteStopWakeLocked system isFromForeground = false
03-04 16:51:47.000 D/        (28042): Pixel Format : GGL_PIXEL_FORMAT_RGBA_8888
03-04 16:51:47.000 D/        (28042): droid_create_context : config id = 1 conf->NativeVisualID=1
03-04 16:51:47.000 D/        (28042): Pixel Format : GGL_PIXEL_FORMAT_RGBA_8888
03-04 16:51:47.000 I/        (28042): Requested context : GLES 2.0
03-04 16:51:47.010 D/        (28042): Swap interval set to = 1 value
03-04 16:51:47.050 D/        (28042): Pixel Format : GGL_PIXEL_FORMAT_RGBA_8888
03-04 16:51:47.050 D/        (28042): droid_create_context : config id = 1 conf->NativeVisualID=1
03-04 16:51:47.050 D/        (28042): Pixel Format : GGL_PIXEL_FORMAT_RGBA_8888
03-04 16:51:47.050 I/        (28042): Requested context : GLES 2.0
03-04 16:51:47.060 W/BindingManager(28042): Cannot call determinedVisibility() - never saw a connection for the pid: 28042
03-04 16:51:47.380 I/PowerManagerService(24434): Nap time...
03-04 16:51:47.380 I/PowerManagerService(24434): Going to sleep due to screen timeout...
03-04 16:51:47.800 D/SurfaceFlinger(24135): Screen released, type=0 flinger=0xb818fe60
03-04 16:51:47.800 D/EVENT_THREAD(24369): void CEventThread::run() POLLIN event on Fd (1)
03-04 16:51:47.800 D/EVENT_THREAD(24369): void CEventThread::run() Do poll with timeout: -1
03-04 16:51:47.800 I/WindowManager(24434): Screen turning on...
03-04 16:51:47.800 V/KeyguardServiceDelegate(24434): onScreenTurnedOn(showListener = com.android.internal.policy.impl.PhoneWindowManager$22@21f5e850)
03-04 16:51:47.810 I/WifiHW  (24434): CMD: IFNAME=wlan0 SIGNAL_POLL
03-04 16:51:47.810 D/wpa_supplicant(24681): RX ctrl_iface - hexdump(len=11): 53 49 47 4e 41 4c 5f 50 4f 4c 4c
03-04 16:51:47.810 D/wpa_supplicant(24681): wlan0: Control interface command 'SIGNAL_POLL'
03-04 16:51:47.810 D/AudioHardwareALSA(24369): setParameters
03-04 16:51:47.810 D/wpa_supplicant(24681): nl80211: survey data missing!
03-04 16:51:47.810 I/WifiHW  (24434): REPLY: RSSI=-65
03-04 16:51:47.810 I/WifiHW  (24434): REPLY: LINKSPEED=39
03-04 16:51:47.810 I/WifiHW  (24434): REPLY: NOISE=9999
03-04 16:51:47.810 I/WifiHW  (24434): REPLY: FREQUENCY=2437
03-04 16:51:47.830 D/EVENT_THREAD(24369): void CEventThread::run() POLLIN event on Fd (1)
03-04 16:51:47.830 D/EVENT_THREAD(24369): void CEventThread::run() Do poll with timeout: -1
03-04 16:51:47.830 I/upi_ug31xx(  165): (2195) update_capacity
03-04 16:51:47.830 I/[UPI]   (  165): <UG31/E><BATT> M:early_suspend, P:80(80-80)%, V:3966mV, C:-275mA, T:30.7C(364), S:0x0000254a(000), R:2864mAh, F:3602mAh, Q:575mAh, CC:4, P:30.320(1033-0)s, BO:7, 97:615:0-44af-9m:B001-20140514-144301 (16)
03-04 16:51:47.840 V/KeyguardServiceDelegate(24434): **** SHOWN CALLED ****
03-04 16:51:47.840 I/WindowManager(24434): Lock screen displayed!
03-04 16:51:47.880 I/WeatherTimeService(27790): Action is: android.intent.action.SCREEN_ON
03-04 16:51:47.880 V/WeatherTimeService(27790): Screen On current time: 1425459107890
03-04 16:51:47.880 I/WeatherTimeService(27790): Screen on, un refresh widget id count:0
03-04 16:51:47.880 I/WindowManager(24434): Screen turned off...
03-04 16:51:47.880 D/Sensors (24434): kxtj2.cpp: set enable, handle is 0
03-04 16:51:47.880 D/KeyguardViewManager(24505): setWallpaper
03-04 16:51:47.890 V/KeyguardViewManager(24505): getImage isPadMode= true
03-04 16:51:47.890 V/KeyguardViewManager(24505): computeWallpaperBounds() mWallpaperDrawable == null
03-04 16:51:47.890 D/Sensors (24434): kxtj2.cpp: enable set 0
03-04 16:51:47.890 D/Sensors (24434): kxtj2.cpp: mEnabled = 0
03-04 16:51:47.900 I/WifiHW  (24434): CMD: IFNAME=wlan0 DRIVER SETSUSPENDMODE 1
03-04 16:51:47.900 D/wpa_supplicant(24681): RX ctrl_iface - hexdump(len=23): 44 52 49 56 45 52 20 53 45 54 53 55 53 50 45 4e 44 4d 4f 44 45 20 31
03-04 16:51:47.900 D/wpa_supplicant(24681): wlan0: Control interface command 'DRIVER SETSUSPENDMODE 1'
03-04 16:51:47.900 D/wpa_supplicant(24681): bcm_wpa_driver_nl80211_driver_cmd  len = 0, 0
03-04 16:51:47.900 I/WifiHW  (24434): REPLY: OK
03-04 16:51:47.900 D/BatteryStatsImpl(24434): noteStopWakeLocked system isFromForeground = false
03-04 16:51:47.900 V/KeyguardHostView(24505): onDetachedFromWindow = com.android.keyguard.KeyguardHostView{21ed74f0 V.E..... ......ID 0,0-800,1280 #7f0a0029 app:id/keyguard_host_view}
03-04 16:51:47.910 D/AudioHardwareALSA(24369): setParameters
03-04 16:51:47.910 D/RouteManager(24369): doSetParameters: key value pair screen_state=off, {+++ RECONSIDER ROUTING +++} due to External parameter change
03-04 16:51:47.910 D/RouteManager(24369): reconsiderRouting
03-04 16:51:47.910 D/EVENT_THREAD(24369): void CEventThread::trig(uint16_t): in
03-04 16:51:47.910 D/EVENT_THREAD(24369): void CEventThread::trig(uint16_t): out
03-04 16:51:47.910 D/RouteManager(24369): doReconsiderRouting:       Platform Changes:
03-04 16:51:47.910 D/RouteManager(24369): doReconsiderRouting:          -Platform Screen State = Off [has changed]
03-04 16:51:47.910 D/EVENT_THREAD(24369): void CEventThread::run() Do poll with timeout: -1
03-04 16:51:47.910 D/RouteManager(24369): reconsiderRouting: DONE
03-04 16:51:47.910 D/BatteryStatsImpl(24434): noteStopWakeLocked system isFromForeground = false
03-04 16:51:47.910 D/AlarmManager(24434): Added alarm Alarm{2209dae0 type 2 android} type:ELAPSED_REALTIME_WAKEUP when: After 1h:11m:0.0s
03-04 16:51:47.910 V/KeyguardHostView(24505): Initial transport state: 0, pbstate=0
03-04 16:51:47.960 D/MtpDatabase(24523): send update message with false
03-04 16:51:47.970 D/KeyguardHostView(24505): Found a appWidgetId that's not being used by keyguard, deleting id 692
03-04 16:51:47.990 D/AlarmManager(24434): Added alarm Alarm{22102d30 type 0 android} type:RTC_WAKEUP when: At 15-3-4 5:00 repeatInterval: 0h:30m:0.0s
03-04 16:51:47.990 D/AlarmManager(24434): Added alarm Alarm{21fa44b0 type 0 com.wandoujia.phoenix2} type:RTC_WAKEUP when: At 15-3-5 5:34
03-04 16:51:48.020 D/KeyguardHostView(24505): Add What's Next widget
03-04 16:51:48.050 D/EVENT_THREAD(24369): void CEventThread::run() POLLIN event on Fd (1)
03-04 16:51:48.050 D/EVENT_THREAD(24369): void CEventThread::run() Do poll with timeout: -1
03-04 16:51:48.050 D/EVENT_THREAD(24369): void CEventThread::run() POLLIN event on Fd (1)
03-04 16:51:48.050 D/EVENT_THREAD(24369): void CEventThread::run() Do poll with timeout: -1
03-04 16:51:48.050 I/upi_ug31xx(  165): (2196) update_capacity
03-04 16:51:48.050 I/[UPI]   (  165): <UG31/E>[UpiReadCapacity]: V=3979(3993), T=306(308-364), I=-102, C=-1(-1-0)
03-04 16:51:48.050 I/[UPI]   (  165): <UG31/E>[UpiReadCapacity]: (0x0000254a) 2864 (2857) / 3602 (4025) = 80
03-04 16:51:48.050 I/[UPI]   (  165): <UG31/E>[UpiReadCapacity]: (0x0000254a) 2864 (2857) / 3602 (4025) = 80
03-04 16:51:48.050 I/[UPI]   (  165): <UG31/E>[UpiReadCapacity]: (0x0000254a) 2860 (2860) / 3602 (4025) = 79
03-04 16:51:48.050 I/[UPI]   (  165): <UG31/E>[RsocFilterCountTime]: (0x0000254a) Step=5(314950), Full=5(314950), Lock=314950(2786823)
03-04 16:51:48.050 I/[UPI]   (  165): <UG31/E>[UpiReadCapacity]: (0x0000254a) 2860 (2860) / 3602 (4025) = 79 (-102--102)
03-04 16:51:48.050 I/[UPI]   (  165): <UG31/E><BATT> M:normal, P:79(79-79)%, V:3993mV, C:-102mA, T:30.8C(364), S:0x0000254a(001), R:2860mAh, F:3602mAh, Q:574mAh, CC:4, P:11.990(1034-0)s, BO:7, 97:615:0-44af-9m:B001-20140514-144301 (16)
03-04 16:51:48.050 I/upi_ug31xx(  165): (2197) backup_data 
03-04 16:51:48.050 V/upi_ug31xx(  165): state->check_backup_count = 9
03-04 16:51:48.050 V/WeatherTimeProvider(27790):  Start update widget: 1425459108062
03-04 16:51:48.050 I/WeatherTimeProvider(27790): onUpdate1
03-04 16:51:48.050 W/WhatsNext(27856): >>>>>1=660 >>>>>2=271
03-04 16:51:48.050 V/ActivityManager(24434): Remove bg service from mStartingBackground ,r=ServiceRecord{220913b0 u0 com.asus.sitd.whatsnext/.widget.LockScreenWidgetProvider$UpdateService},r used time=39,left r count=4
03-04 16:51:48.060 V/WeatherTimeProvider(27790): insert appWidgetId = 694
03-04 16:51:48.060 I/WeatherTimeContentProvider(27790): Weather.insert: Do nothing now.
03-04 16:51:48.060 I/dalvikvm(27856): Total arena pages for JIT: 11
03-04 16:51:48.060 I/dalvikvm(27856): Total arena pages for JIT: 12
03-04 16:51:48.060 I/dalvikvm(27856): Total arena pages for JIT: 13
03-04 16:51:48.060 I/dalvikvm(27856): Total arena pages for JIT: 14
03-04 16:51:48.070 I/dalvikvm(27856): Total arena pages for JIT: 15
03-04 16:51:48.070 I/dalvikvm(27856): Total arena pages for JIT: 16
03-04 16:51:48.080 W/BackupManagerService(24434): dataChanged but no participant pkg='com.android.providers.settings' uid=10016
03-04 16:51:48.100 V/WeatherTimeProvider(27790):  widgetid = 694
03-04 16:51:48.100 V/WeatherTimeProvider(27790): cityId = null; currentLocation = 0
03-04 16:51:48.100 V/WeatherTimeProvider(27790): widgetid = 694
03-04 16:51:48.120 V/KeyguardHostView(24505): onAttachedToWindow = com.android.keyguard.KeyguardHostView{22c00350 V.E..... ......I. 0,0-0,0 #7f0a0029 app:id/keyguard_host_view}
03-04 16:51:48.120 V/WeatherTimeProvider(27790): Widget option: minWidth = 0; minHeight = 0
03-04 16:51:48.120 V/WeatherTimeProvider(27790):  End update widget: 1425459108133
03-04 16:51:48.130 V/WeatherTimeProvider(27790): minWidth=0minHeight=0
03-04 16:51:48.130 V/WeatherTimeProvider(27790): newSize[0]=3newSize[1]=1
03-04 16:51:48.130 I/WeatherTimeContentProvider(27790): Weather.update: Do nothing now.
03-04 16:51:48.130 I/WeatherTimeProvider(27790): onUpdate1
03-04 16:51:48.140 V/KeyguardHostView(24505): hide transport, gen:2
03-04 16:51:48.140 V/KeyguardHostView(24505): music state changed: 0
03-04 16:51:48.140 V/KeyguardHostView(24505): onAppLockStateChanged forUser=0, monitor=com.android.keyguard.KeyguardUpdateMonitor$7@21ec69d8
03-04 16:51:48.150 V/WeatherTimeProvider(27790):  widgetid = 694
03-04 16:51:48.150 V/WeatherTimeProvider(27790): cityId = null; currentLocation = 0
03-04 16:51:48.150 V/WeatherTimeProvider(27790): widgetid = 694
03-04 16:51:48.160 D/EVENT_THREAD(24369): void CEventThread::run() POLLIN event on Fd (1)
03-04 16:51:48.160 D/EVENT_THREAD(24369): void CEventThread::run() Do poll with timeout: -1
03-04 16:51:48.160 D/PowerManagerService-JNI(24434): Excessive delay in autosuspend_enable() while turning screen off: 338ms
03-04 16:51:48.170 D/ImageWallpaper(24505): onVisibilityChanged: mVisible, visible=true, false
03-04 16:51:48.170 D/ImageWallpaper(24505): Visibility changed to visible=false
03-04 16:51:48.170 D/ImageWallpaper(24505): Suppressed drawFrame since redraw is not needed and offsets have not changed.
03-04 16:51:48.200 V/WeatherTimeProvider(27790): Widget option: minWidth = 539; minHeight = 295
03-04 16:51:48.200 I/WeatherTimeService(27790): Action is: android.intent.action.SCREEN_OFF
03-04 16:51:48.210 V/WeatherTimeService(27790): get intent Screen off
03-04 16:51:48.210 V/WeatherTimeCurrentLocation(27790): Handler is null
03-04 16:51:48.210 I/WeatherTimeReceiver(27790): P.UPDATE_REQUEST:Receive
03-04 16:51:48.210 V/WeatherTimeReceiver(27790): radioChoice = 0
03-04 16:51:48.210 V/WeatherTimeCurrentLocation(27790): bIsWiFiEnabled = false; bIsGPSEnabled = true
03-04 16:51:48.210 V/WeatherTimeCurrentLocation(27790): Auto update current location:LocationManager.GPS_PROVIDER
03-04 16:51:48.210 I/WeatherTimeReceiver(27790): Alarmmanager
03-04 16:51:48.220 I/WeatherTimeReceiver(27790): Alarm manager is canceled successfully!
03-04 16:51:48.220 V/WeatherTimeProvider(27790): minWidth=539minHeight=295
03-04 16:51:48.220 V/WeatherTimeProvider(27790): newSize[0]=1newSize[1]=3
03-04 16:51:48.220 I/WeatherTimeContentProvider(27790): Weather.update: Do nothing now.
03-04 16:51:48.220 W/CsmClient(24434): Calling start while there is no modem.
03-04 16:51:48.230 I/WeatherTimeProvider(27790): onUpdate1
03-04 16:51:48.230 E/GpsLocationProvider(24434): CsmClient.startClient failed in startNavigating() 
03-04 16:51:48.230 E/GpsLocationProvider(24434): com.intel.cws.cwsservicemanager.CsmException: No modem.
03-04 16:51:48.230 E/GpsLocationProvider(24434): 	at com.intel.cws.cwsservicemanagerclient.CsmClient.start(CsmClient.java:244)
03-04 16:51:48.230 E/GpsLocationProvider(24434): 	at com.intel.cws.cwsservicemanagerclient.CsmClient.startAsync(CsmClient.java:314)
03-04 16:51:48.230 E/GpsLocationProvider(24434): 	at com.android.server.location.GpsLocationProvider.startNavigating(GpsLocationProvider.java:1221)
03-04 16:51:48.230 E/GpsLocationProvider(24434): 	at com.android.server.location.GpsLocationProvider.handleSetRequest(GpsLocationProvider.java:1043)
03-04 16:51:48.230 E/GpsLocationProvider(24434): 	at com.android.server.location.GpsLocationProvider.access$2800(GpsLocationProvider.java:110)
03-04 16:51:48.230 E/GpsLocationProvider(24434): 	at com.android.server.location.GpsLocationProvider$ProviderHandler.handleMessage(GpsLocationProvider.java:1942)
03-04 16:51:48.230 E/GpsLocationProvider(24434): 	at android.os.Handler.dispatchMessage(Handler.java:102)
03-04 16:51:48.230 E/GpsLocationProvider(24434): 	at android.os.Looper.loop(Looper.java:149)
03-04 16:51:48.230 E/GpsLocationProvider(24434): 	at android.os.HandlerThread.run(HandlerThread.java:61)
03-04 16:51:48.230 D/BatteryStatsImpl(24434): noteStopWakeLocked system isFromForeground = false
03-04 16:51:48.240 V/WeatherTimeProvider(27790):  widgetid = 694
03-04 16:51:48.240 V/WeatherTimeProvider(27790): cityId = null; currentLocation = 0
03-04 16:51:48.240 V/WeatherTimeProvider(27790): widgetid = 694
03-04 16:51:48.260 D/EVENT_THREAD(24369): void CEventThread::run() POLLIN event on Fd (1)
03-04 16:51:48.260 D/EVENT_THREAD(24369): void CEventThread::run() Do poll with timeout: -1
03-04 16:51:48.270 V/WeatherTimeProvider(27790): Widget option: minWidth = 539; minHeight = 295
03-04 16:51:48.380 D/gpslogd (24430): CALL_SENTRY: GlEngine::OnStart took 123 ms (from26381031 to 26381154) (log=0,0,0), start: 16:51:48.269
03-04 16:51:48.410 D/gpslogd (24430): CALL_SENTRY: marshal_gps_start took 165 ms (from26381015 to 26381180) (log=0,0,0), start: 16:51:48.253
03-04 16:51:48.410 D/gpslogd (24430): CALL_SENTRY: ProcessEvent took 165 ms (from26381015 to 26381180) (log=0,0,0), start: 16:51:48.254
03-04 16:51:48.430 D/Launcher.LauncherProvider(27274): notifyChange
03-04 16:51:48.470 D/HeadsetPhoneState(27336): sendDeviceStateChanged. mService=0 mSignal=0 mRoam=0 mBatteryCharge=3
03-04 16:51:49.050 W/ContextImpl(24587): Calling a method in the system process without a qualified user: android.app.ContextImpl.bindService:1611 android.content.ContextWrapper.bindService:518 com.google.analytics.tracking.android.AnalyticsGmsCoreClient.connect:85 com.google.analytics.tracking.android.GAServiceProxy.connectToService:330 com.google.analytics.tracking.android.GAServiceProxy.access$600:28 
03-04 16:51:49.050 W/GAV3    (24587): Thread[Service Reconnect,5,main]: Service unavailable (code=1), using local store.
03-04 16:51:49.050 W/ActivityManager(24434): Unable to start service Intent { act=com.google.android.gms.analytics.service.START cmp=com.google.android.gms/.analytics.service.AnalyticsService (has extras) } U=0: not found
03-04 16:51:49.120 W/ContextImpl(24587): Calling a method in the system process without a qualified user: android.app.ContextImpl.sendBroadcast:1191 android.content.ContextWrapper.sendBroadcast:366 com.google.analytics.tracking.android.GANetworkReceiver.sendRadioPoweredBroadcast:75 com.google.analytics.tracking.android.SimpleNetworkDispatcher.dispatchHits:146 com.google.analytics.tracking.android.PersistentAnalyticsStore.dispatch:519 
03-04 16:51:52.510 I/ActivityManager(24434): Waited long enough for: ServiceRecord{22050078 u0 com.asus.sitd.whatsnext/com.asus.pkgservice.PkgService}
03-04 16:51:54.150 D/dalvikvm(24711): GC_EXPLICIT freed 23K, 7% free 6314K/6776K, paused 0ms+2ms, total 13ms
03-04 16:51:54.350 I/ActivityManager(24434): Waited long enough for: ServiceRecord{221f9650 u0 com.baidu.searchbox/com.baidu.android.moplus.MoPlusService}
03-04 16:51:55.310 I/ActivityManager(24434): Waited long enough for: ServiceRecord{22211458 u0 com.intel.widi.uibc/.WidiInputService}
03-04 16:51:55.890 I/ActivityManager(24434): Waited long enough for: ServiceRecord{221d8798 u0 com.asus.weathertime/.WeatherTimeService}
03-04 16:51:59.150 D/dalvikvm(24722): GC_EXPLICIT freed 1K, 3% free 5858K/5996K, paused 0ms+1ms, total 13ms
03-04 16:51:59.990 D/AlarmManager(24434): Added alarm Alarm{220fd3c0 type 0 com.baidu.BaiduMap} type:RTC_WAKEUP when: At 15-3-4 4:53 repeatInterval: 0h:9m:0.0s
03-04 16:52:00.000 D/AlarmManager(24434): Added alarm Alarm{2215b9e8 type 0 android} type:RTC_WAKEUP when: At 15-3-4 5:00 repeatInterval: 0h:30m:0.0s
03-04 16:52:00.010 D/AlarmManager(24434): Added alarm Alarm{21fe74e8 type 0 com.wandoujia.phoenix2} type:RTC_WAKEUP when: At 15-3-5 5:34
03-04 16:52:00.010 D/AlarmManager(24434): Added alarm Alarm{221482c8 type 0 com.baidu.BaiduMap} type:RTC_WAKEUP when: At 15-3-4 4:53 repeatInterval: 0h:9m:0.0s
03-04 16:52:00.010 D/AlarmManager(24434): Added alarm Alarm{22145560 type 0 android} type:RTC_WAKEUP when: At 15-3-4 5:00 repeatInterval: 0h:30m:0.0s
03-04 16:52:00.020 D/BatteryStatsImpl(24434): noteStopWakeLocked system isFromForeground = false
03-04 16:52:00.020 D/AlarmManager(24434): Added alarm Alarm{22281270 type 0 com.wandoujia.phoenix2} type:RTC_WAKEUP when: At 15-3-5 5:34
03-04 16:52:00.030 D/Clock   (24505): ACTION_TIME_TICK
03-04 16:52:00.030 D/Clock   (24505): update clock:4:52
03-04 16:52:00.090 D/BatteryStatsImpl(24434): noteStopWakeLocked system isFromForeground = false
03-04 16:52:03.510 D/AndroidRuntime(28102): 
03-04 16:52:03.510 D/AndroidRuntime(28102): >>>>>> AndroidRuntime START com.android.internal.os.RuntimeInit <<<<<<
03-04 16:52:03.520 D/AndroidRuntime(28102): CheckJNI is OFF
03-04 16:52:03.520 I/AndroidRuntime(28102): Kernel Release Version: 3.10.20-gf818079
03-04 16:52:03.520 I/dalvikvm(28102): No library specified. The standard exception handler will be used
03-04 16:52:03.520 I/dalvikvm(28102): 
03-04 16:52:03.520 I/dalvikvm(28102): +++++++++++++ Using PCG. +++++++++++++++++++++
03-04 16:52:03.530 D/dalvikvm(28102): Trying to load lib libjavacore.so 0x0
03-04 16:52:03.530 D/dalvikvm(28102): Added shared lib libjavacore.so 0x0
03-04 16:52:03.530 D/dalvikvm(28102): Trying to load lib libnativehelper.so 0x0
03-04 16:52:03.530 D/dalvikvm(28102): Added shared lib libnativehelper.so 0x0
03-04 16:52:03.530 D/dalvikvm(28102): No JNI_OnLoad found in libnativehelper.so 0x0, skipping init
03-04 16:52:03.530 D/dalvikvm(28102): Extra Options: not specified
03-04 16:52:03.550 D/dalvikvm(28102): Note: class Landroid/app/ActivityManagerNative; has 186 unimplemented (abstract) methods
03-04 16:52:03.620 E/memtrack(28102): Couldn't load memtrack module (No such file or directory)
03-04 16:52:03.620 E/android.os.Debug(28102): failed to load memtrack module: -2
03-04 16:52:03.650 D/AndroidRuntime(28102): Calling main entry com.android.commands.am.Am
03-04 16:52:03.680 I/ActivityManager(24434): Force stopping org.xwalk.webapi_noneservice_tests appid=10394 user=0: from pid 28102
03-04 16:52:03.680 I/ActivityManager(24434): Killing 28042:org.xwalk.webapi_noneservice_tests/u0a394 (adj 0): stop org.xwalk.webapi_noneservice_tests
03-04 16:52:03.680 I/SecurityManagerService(24600): SMS received security event: App[STOP/org.xwalk.webapi_noneservice_tests]
03-04 16:52:03.680 D/AndroidRuntime(28102): Shutting down VM
03-04 16:52:03.680 I/ActivityManager(24434):   Force finishing activity ActivityRecord{220c4600 u0 org.xwalk.webapi_noneservice_tests/.WebapiNoneserviceTestsActivity t8}
03-04 16:52:03.690 D/dalvikvm(28102): GC_CONCURRENT freed 112K, 16% free 666K/792K, paused 0ms+1ms, total 1ms
03-04 16:52:03.690 D/dalvikvm(28102): Compiler shutdown in progress - discarding request
03-04 16:52:03.690 D/dalvikvm(28102): Compiler shutdown in progress - discarding request
03-04 16:52:03.690 D/dalvikvm(28102): Compiler shutdown in progress - discarding request
03-04 16:52:03.690 D/dalvikvm(28102): Compiler shutdown in progress - discarding request
03-04 16:52:03.690 D/dalvikvm(28102): Compiler shutdown in progress - discarding request
03-04 16:52:03.690 D/dalvikvm(28102): Compiler shutdown in progress - discarding request
03-04 16:52:03.690 D/dalvikvm(28102): Compiler shutdown in progress - discarding request
03-04 16:52:03.690 D/dalvikvm(28102): Compiler shutdown in progress - discarding request
03-04 16:52:03.690 D/dalvikvm(28102): Compiler shutdown in progress - discarding request
03-04 16:52:03.690 D/dalvikvm(28102): Compiler shutdown in progress - discarding request
03-04 16:52:03.690 D/dalvikvm(28102): Compiler shutdown in progress - discarding request
03-04 16:52:03.690 D/dalvikvm(28102): Compiler shutdown in progress - discarding request
03-04 16:52:03.690 D/dalvikvm(28102): Compiler shutdown in progress - discarding request
03-04 16:52:03.690 D/dalvikvm(28102): Compiler shutdown in progress - discarding request
03-04 16:52:03.690 D/dalvikvm(28102): Compiler shutdown in progress - discarding request
03-04 16:52:03.690 D/dalvikvm(28102): Compiler shutdown in progress - discarding request
03-04 16:52:03.690 D/dalvikvm(28102): Compiler shutdown in progress - discarding request
03-04 16:52:03.690 D/dalvikvm(28102): Compiler shutdown in progress - discarding request
03-04 16:52:03.690 D/dalvikvm(28102): Compiler shutdown in progress - discarding request
03-04 16:52:03.690 D/dalvikvm(28102): Compiler shutdown in progress - discarding request
03-04 16:52:03.690 D/dalvikvm(28102): Compiler shutdown in progress - discarding request
03-04 16:52:03.690 D/dalvikvm(28102): Compiler shutdown in progress - discarding request
03-04 16:52:03.690 D/dalvikvm(28102): Compiler shutdown in progress - discarding request
03-04 16:52:03.690 D/dalvikvm(28102): Compiler shutdown in progress - discarding request
03-04 16:52:03.690 D/dalvikvm(28102): Compiler shutdown in progress - discarding request
03-04 16:52:03.690 D/dalvikvm(28102): Compiler shutdown in progress - discarding request
03-04 16:52:03.690 D/dalvikvm(28102): Compiler shutdown in progress - discarding request
03-04 16:52:03.690 D/dalvikvm(28102): Compiler shutdown in progress - discarding request
03-04 16:52:03.690 D/dalvikvm(28102): Compiler shutdown in progress - discarding request
03-04 16:52:03.690 D/dalvikvm(28102): Compiler shutdown in progress - discarding request
03-04 16:52:03.690 D/dalvikvm(28102): Compiler shutdown in progress - discarding request
03-04 16:52:03.690 D/dalvikvm(28102): Compiler shutdown in progress - discarding request
03-04 16:52:03.690 D/dalvikvm(28102): Compiler shutdown in progress - discarding request
03-04 16:52:03.690 D/dalvikvm(28102): Compiler shutdown in progress - discarding request
03-04 16:52:03.690 D/dalvikvm(28102): Compiler shutdown in progress - discarding request
03-04 16:52:03.690 D/dalvikvm(28102): Compiler shutdown in progress - discarding request
03-04 16:52:03.690 D/dalvikvm(28102): Compiler shutdown in progress - discarding request
03-04 16:52:03.690 D/dalvikvm(28102): Compiler shutdown in progress - discarding request
03-04 16:52:03.690 D/dalvikvm(28102): Compiler shutdown in progress - discarding request
03-04 16:52:03.690 D/dalvikvm(28102): Compiler shutdown in progress - discarding request
03-04 16:52:03.690 D/dalvikvm(28102): Compiler shutdown in progress - discarding request
03-04 16:52:03.690 D/dalvikvm(28102): Compiler shutdown in progress - discarding request
03-04 16:52:03.690 D/dalvikvm(28102): Compiler shutdown in progress - discarding request
03-04 16:52:03.750 I/WindowState(24434): WIN DEATH: Window{22158178 u0 SurfaceView}
03-04 16:52:03.750 I/WindowState(24434): WIN DEATH: Window{22155ae8 u0 org.xwalk.webapi_noneservice_tests/org.xwalk.webapi_noneservice_tests.WebapiNoneserviceTestsActivity}
03-04 16:52:03.760 W/SurfaceFlinger(24135): couldn't log to binary event log: overflow.
03-04 16:52:04.120 D/AndroidRuntime(28113): 
03-04 16:52:04.120 D/AndroidRuntime(28113): >>>>>> AndroidRuntime START com.android.internal.os.RuntimeInit <<<<<<
03-04 16:52:04.120 D/AndroidRuntime(28113): CheckJNI is OFF
03-04 16:52:04.120 I/AndroidRuntime(28113): Kernel Release Version: 3.10.20-gf818079
03-04 16:52:04.120 I/dalvikvm(28113): No library specified. The standard exception handler will be used
03-04 16:52:04.120 I/dalvikvm(28113): 
03-04 16:52:04.120 I/dalvikvm(28113): +++++++++++++ Using PCG. +++++++++++++++++++++
03-04 16:52:04.130 D/dalvikvm(28113): Trying to load lib libjavacore.so 0x0
03-04 16:52:04.130 D/dalvikvm(28113): Added shared lib libjavacore.so 0x0
03-04 16:52:04.130 D/dalvikvm(28113): Trying to load lib libnativehelper.so 0x0
03-04 16:52:04.130 D/dalvikvm(28113): Added shared lib libnativehelper.so 0x0
03-04 16:52:04.130 D/dalvikvm(28113): No JNI_OnLoad found in libnativehelper.so 0x0, skipping init
03-04 16:52:04.130 D/dalvikvm(28113): Extra Options: not specified
03-04 16:52:04.140 D/dalvikvm(28113): Note: class Landroid/app/ActivityManagerNative; has 186 unimplemented (abstract) methods
03-04 16:52:04.220 E/memtrack(28113): Couldn't load memtrack module (No such file or directory)
03-04 16:52:04.220 E/android.os.Debug(28113): failed to load memtrack module: -2
03-04 16:52:04.250 D/AndroidRuntime(28113): Calling main entry com.android.commands.am.Am
03-04 16:52:04.280 D/AndroidRuntime(28113): Shutting down VM
03-04 16:52:04.280 D/dalvikvm(28113): GC_CONCURRENT freed 117K, 17% free 670K/800K, paused 1ms+0ms, total 1ms
03-04 16:52:04.280 I/ActivityManager(24434): START u0 {flg=0x10000000 cmp=org.xwalk.webapi_noneservice_tests/.webapi_noneservice_testsActivity} from pid 28113
03-04 16:52:04.290 D/dalvikvm(28113): Compiler shutdown in progress - discarding request
03-04 16:52:04.290 D/dalvikvm(28113): Compiler shutdown in progress - discarding request
03-04 16:52:04.290 D/dalvikvm(28113): Compiler shutdown in progress - discarding request
03-04 16:52:04.290 D/dalvikvm(28113): Compiler shutdown in progress - discarding request
03-04 16:52:04.290 D/dalvikvm(28113): Compiler shutdown in progress - discarding request
03-04 16:52:04.290 D/dalvikvm(28113): Compiler shutdown in progress - discarding request
03-04 16:52:04.290 D/dalvikvm(28113): Compiler shutdown in progress - discarding request
03-04 16:52:04.290 D/dalvikvm(28113): Compiler shutdown in progress - discarding request
03-04 16:52:04.290 D/dalvikvm(28113): Compiler shutdown in progress - discarding request
03-04 16:52:04.290 D/dalvikvm(28113): Compiler shutdown in progress - discarding request
03-04 16:52:04.290 D/dalvikvm(28113): Compiler shutdown in progress - discarding request
03-04 16:52:04.290 D/dalvikvm(28113): Compiler shutdown in progress - discarding request
03-04 16:52:04.290 D/dalvikvm(28113): Compiler shutdown in progress - discarding request
03-04 16:52:04.290 D/dalvikvm(28113): Compiler shutdown in progress - discarding request
03-04 16:52:04.290 D/dalvikvm(28113): Compiler shutdown in progress - discarding request
03-04 16:52:04.290 D/dalvikvm(28113): Compiler shutdown in progress - discarding request
03-04 16:52:04.290 D/dalvikvm(28113): Compiler shutdown in progress - discarding request
03-04 16:52:04.290 D/dalvikvm(28113): Compiler shutdown in progress - discarding request
03-04 16:52:04.290 D/dalvikvm(28113): Compiler shutdown in progress - discarding request
03-04 16:52:04.290 D/dalvikvm(28113): Compiler shutdown in progress - discarding request
03-04 16:52:04.290 D/dalvikvm(28113): Compiler shutdown in progress - discarding request
03-04 16:52:04.290 D/dalvikvm(28113): Compiler shutdown in progress - discarding request
03-04 16:52:04.290 D/dalvikvm(28113): Compiler shutdown in progress - discarding request
03-04 16:52:04.290 D/dalvikvm(28113): Compiler shutdown in progress - discarding request
03-04 16:52:04.290 D/dalvikvm(28113): Compiler shutdown in progress - discarding request
03-04 16:52:04.290 D/dalvikvm(28113): Compiler shutdown in progress - discarding request
03-04 16:52:04.290 D/dalvikvm(28113): Compiler shutdown in progress - discarding request
03-04 16:52:04.290 D/dalvikvm(28113): Compiler shutdown in progress - discarding request
03-04 16:52:04.290 D/dalvikvm(28113): Compiler shutdown in progress - discarding request
03-04 16:52:04.290 D/dalvikvm(28113): Compiler shutdown in progress - discarding request
03-04 16:52:04.290 D/dalvikvm(28113): Compiler shutdown in progress - discarding request
03-04 16:52:04.290 D/dalvikvm(28113): Compiler shutdown in progress - discarding request
03-04 16:52:04.290 D/dalvikvm(28113): Compiler shutdown in progress - discarding request
03-04 16:52:04.290 D/dalvikvm(28113): Compiler shutdown in progress - discarding request
03-04 16:52:04.290 D/dalvikvm(28113): Compiler shutdown in progress - discarding request
03-04 16:52:04.290 D/dalvikvm(28113): Compiler shutdown in progress - discarding request
03-04 16:52:04.290 D/dalvikvm(28113): Compiler shutdown in progress - discarding request
03-04 16:52:04.290 D/dalvikvm(28113): Compiler shutdown in progress - discarding request
03-04 16:52:04.290 D/dalvikvm(28113): Compiler shutdown in progress - discarding request
03-04 16:52:04.290 D/dalvikvm(28113): Compiler shutdown in progress - discarding request
03-04 16:52:04.290 D/dalvikvm(28113): Compiler shutdown in progress - discarding request
03-04 16:52:04.290 D/dalvikvm(28113): Compiler shutdown in progress - discarding request
