03-04 16:12:16.289 D/dalvikvm(12756): GC_EXPLICIT freed 767K, 12% free 7829K/8872K, paused 0ms+4ms, total 18ms
03-04 16:12:16.489 D/dalvikvm(13164): GC_CONCURRENT freed 3862K, 35% free 7534K/11512K, paused 1ms+3ms, total 10ms
03-04 16:12:16.529 I/chromium(13164): [INFO:CONSOLE(70)] "WARNING: Message from backend doesn't have data.", source:  (70)
03-04 16:12:16.559 W/chromium(13164): [WARNING:xwalk_extension_module.cc(203)] Exception when running message listener: app://org.xwalk.webapi_noneservice_tests//opt/webapi-contactsmanager-w3c-tests/contactsmanager/ContactsChangeEvent_modified.html:70:18 TypeError: Cannot read property '0' of undefined
03-04 16:12:16.559 W/chromium(13164):     if (e.modified[0]) {
03-04 16:12:16.559 W/chromium(13164): 
03-04 16:12:16.669 D/dalvikvm(  505): GC_EXPLICIT freed 88K, 50% free 18497K/36636K, paused 2ms+3ms, total 56ms
03-04 16:12:16.879 D/SendBroadcastHandler(12756): startTimer() SEND_TO_CONTACTS_WIDGET_UPDATE 
03-04 16:12:17.059 I/Choreographer(13164): Skipped 30 frames!  The application may be doing too much work on its main thread.
03-04 16:12:17.299 I/WifiHW  (  505): CMD: IFNAME=wlan0 SIGNAL_POLL
03-04 16:12:17.299 D/wpa_supplicant(  694): RX ctrl_iface - hexdump(len=11): 53 49 47 4e 41 4c 5f 50 4f 4c 4c
03-04 16:12:17.299 D/wpa_supplicant(  694): wlan0: Control interface command 'SIGNAL_POLL'
03-04 16:12:17.329 D/wpa_supplicant(  694): nl80211: survey data missing!
03-04 16:12:17.329 I/WifiHW  (  505): REPLY: RSSI=-62
03-04 16:12:17.329 I/WifiHW  (  505): REPLY: LINKSPEED=26
03-04 16:12:17.329 I/WifiHW  (  505): REPLY: NOISE=9999
03-04 16:12:17.329 I/WifiHW  (  505): REPLY: FREQUENCY=2437
03-04 16:12:17.499 I/dalvikvm(12756): Total arena pages for JIT: 16
03-04 16:12:17.589 D/BatteryStatsImpl(  505): noteStopWakeLocked system isFromForeground = false
03-04 16:12:17.589 D/AlarmManager(  505): Triggered Alarm 21f864b8 ELAPSED_REALTIME_WAKEUP IntentSender{22197978: PendingIntentRecord{21eb4580 com.android.providers.calendar broadcastIntent}}
03-04 16:12:17.609 D/AlarmManager(  505): Removed alarm Alarm{21fe8fa8 type 0 com.android.providers.calendar} type:RTC_WAKEUP
03-04 16:12:17.619 D/AlarmManager(  505): Added alarm Alarm{220414a8 type 0 com.baidu.BaiduMap} type:RTC_WAKEUP when: At 15-3-4 4:10 repeatInterval: 0h:10m:0.0s
03-04 16:12:17.619 D/AlarmManager(  505): Added alarm Alarm{2202cde0 type 2 com.wandoujia.phoenix2} type:ELAPSED_REALTIME_WAKEUP when: After 0h:22m:20.0s
03-04 16:12:17.619 D/AlarmManager(  505): Added alarm Alarm{2202cc98 type 0 android} type:RTC_WAKEUP when: At 15-3-4 4:30 repeatInterval: 0h:30m:0.0s
03-04 16:12:17.629 D/BatteryStatsImpl(  505): noteStopWakeLocked com.android.providers.calendar isFromForeground = false
03-04 16:12:17.629 D/AlarmManager(  505): Added alarm Alarm{21f65c70 type 0 com.android.providers.calendar} type:RTC_WAKEUP when: At 15-3-5 2:13
03-04 16:12:17.639 V/ActivityManager(  505): Remove bg service from mStartingBackground ,r=ServiceRecord{221fd680 u0 com.android.providers.calendar/.CalendarProviderIntentService},r used time=45,left r count=1
03-04 16:12:17.689 I/Choreographer(13164): Skipped 37 frames!  The application may be doing too much work on its main thread.
03-04 16:12:17.689 W/BindingManager(13164): Cannot call determinedVisibility() - never saw a connection for the pid: 13164
03-04 16:12:17.689 I/chromium(13164): [INFO:CONSOLE(70)] "WARNING: Message from backend doesn't have data.", source:  (70)
03-04 16:12:17.709 E/Contacts(13164): org.json.JSONException: No value for contactId
03-04 16:12:17.709 V/ActivityManager(  505): Remove bg service from mStartingBackground ,r=ServiceRecord{223f6680 u0 com.android.providers.calendar/.ContactsEventUpdateIntentService},r used time=217,left r count=1
03-04 16:12:17.829 D/SendBroadcastHandler(12756): mTimerTask sendMessage CONTACTS_DELETE 
03-04 16:12:17.829 D/SendBroadcastHandler(12756): sendBroadcast delete to voice agent
03-04 16:12:17.829 D/SendBroadcastHandler(12756): (Delete) sendBroadcast mDeleteContacts:5
03-04 16:12:17.829 D/SendBroadcastHandler(12756): (Delete) sendBroadcast mDeleteRawContactsVoice:5
03-04 16:12:17.829 D/SendBroadcastHandler(12756): sendBroadcast CONTACTS_DELETE
03-04 16:12:17.829 D/AsusContactWigdetSync( 1008): ready to sync contact id = 5
03-04 16:12:17.829 D/AsusContactWigdetSync( 1008): ready to sync widget
03-04 16:12:17.829 D/AsusContactWigdetSync( 1008): delete contact_id = 937
03-04 16:12:17.829 D/AsusContactWigdetSync( 1008): delete contact_id = 938
03-04 16:12:17.829 D/AsusContactWigdetSync( 1008): delete contact_id = 939
03-04 16:12:17.829 D/AsusContactWigdetSync( 1008): delete contact_id = 940
03-04 16:12:17.829 D/AsusContactWigdetSync( 1008): delete contact_id = 941
03-04 16:12:17.829 D/AsusContactWigdetSync( 1008): sync isdelete = true
03-04 16:12:17.829 D/AsusContactWigdetSync(13416): ready to sync contact id = 5
03-04 16:12:17.829 D/AsusContactWigdetSync(13416): ready to sync widget
03-04 16:12:17.839 D/AsusContactWigdetSync(13416): delete contact_id = 937
03-04 16:12:17.839 D/AsusContactWigdetSync(13416): delete contact_id = 938
03-04 16:12:17.839 D/AsusContactWigdetSync(13416): delete contact_id = 939
03-04 16:12:17.839 D/AsusContactWigdetSync(13416): delete contact_id = 940
03-04 16:12:17.839 D/AsusContactWigdetSync(13416): delete contact_id = 941
03-04 16:12:17.839 D/AsusContactWigdetSync(13416): sync isdelete = true
03-04 16:12:17.949 D/SendBroadcastHandler(12756): mTimerTask sendMessage CONTACTS_INSERT 
03-04 16:12:17.959 D/SendBroadcastHandler(12756): (insert) sendBroadcast mInsertRawContacts:4
03-04 16:12:17.959 D/SendBroadcastHandler(12756): (insert) sendBroadcast mInsertName:4
03-04 16:12:17.959 D/SendBroadcastHandler(12756): (insert) sendBroadcast mInsertNameDetail:4
03-04 16:12:17.959 D/SendBroadcastHandler(12756): sendBroadcast insert to voice agent
03-04 16:12:17.979 D/SendBroadcastHandler(12756): startTimer() SEND_TO_CONTACTS_INSERT 
03-04 16:12:18.239 D/dalvikvm(12756): GC_EXPLICIT freed 705K, 12% free 7818K/8872K, paused 0ms+3ms, total 17ms
03-04 16:12:18.369 W/BindingManager(13164): Cannot call determinedVisibility() - never saw a connection for the pid: 13164
03-04 16:12:18.369 I/Choreographer(13164): Skipped 39 frames!  The application may be doing too much work on its main thread.
03-04 16:12:18.369 I/chromium(13164): [INFO:CONSOLE(70)] "WARNING: Message from backend doesn't have data.", source:  (70)
03-04 16:12:18.449 D/dalvikvm(13164): GC_CONCURRENT freed 4435K, 39% free 7149K/11640K, paused 1ms+2ms, total 12ms
03-04 16:12:18.709 I/CalendarProvider2(13392): Sending notification intent: Intent { act=android.intent.action.PROVIDER_CHANGED dat=content://com.android.calendar }
03-04 16:12:18.709 W/ContentResolver(13392): Failed to get type for: content://com.android.calendar (Unknown URL content://com.android.calendar)
03-04 16:12:18.709 D/AlertReceiver(13429): onReceive: a=android.intent.action.PROVIDER_CHANGED Intent { act=android.intent.action.PROVIDER_CHANGED dat=content://com.android.calendar flg=0x10 cmp=com.asus.calendar/com.android.calendar.alerts.AlertReceiver }
03-04 16:12:18.719 D/AlertService(13429): 0 Action = android.intent.action.PROVIDER_CHANGED
03-04 16:12:18.719 D/AlertService(13429): Beginning updateAlertNotification
03-04 16:12:18.719 V/ActivityManager(  505): Remove bg service from mStartingBackground ,r=ServiceRecord{22024840 u0 com.android.providers.calendar/.EmptyService},r used time=1011,left r count=2
03-04 16:12:18.729 D/AlertService(13429): No fired or scheduled alerts
03-04 16:12:18.739 D/BatteryStatsImpl(  505): noteStopWakeLocked com.asus.calendar isFromForeground = false
03-04 16:12:18.739 V/ActivityManager(  505): Remove bg service from mStartingBackground ,r=ServiceRecord{22009b88 u0 com.asus.calendar/com.android.calendar.alerts.AlertService},r used time=20,left r count=2
03-04 16:12:18.779 D/SendBroadcastHandler(12756): startTimer() SEND_TO_CONTACTS_WIDGET_DELETE 
03-04 16:12:18.829 D/AsusContactWigdetSync( 1008): sync start
03-04 16:12:18.829 D/AsusContactWigdetSync( 1008): sync selection = null
03-04 16:12:18.829 D/AsusContactWigdetSync( 1008): sync delete selection = contact_id IN ( 941, 940, 937, 939, 938)
03-04 16:12:18.839 D/AsusContactWigdetSync( 1008): sync stop
03-04 16:12:18.839 V/ActivityManager(  505): Remove bg service from mStartingBackground ,r=ServiceRecord{2201d220 u0 com.asus.contacts/com.android.contacts.miniwidget.SyncService},r used time=1004,left r count=1
03-04 16:12:18.839 D/AsusContactWigdetSync(13416): sync start
03-04 16:12:18.839 D/AsusContactWigdetSync(13416): sync selection = null
03-04 16:12:18.839 D/AsusContactWigdetSync(13416): sync delete selection = contact_id IN ( 941, 940, 937, 939, 938)
03-04 16:12:18.839 D/AsusContactWigdetSync(13416): sync stop
03-04 16:12:18.849 V/ActivityManager(  505): Remove bg service from mStartingBackground ,r=ServiceRecord{220145a0 u0 com.asus.contactswidget/.SyncService},r used time=1010,left r count=0
03-04 16:12:18.909 W/BindingManager(13164): Cannot call determinedVisibility() - never saw a connection for the pid: 13164
03-04 16:12:18.919 I/Choreographer(13164): Skipped 32 frames!  The application may be doing too much work on its main thread.
03-04 16:12:18.919 I/chromium(13164): [INFO:CONSOLE(70)] "WARNING: Message from backend doesn't have data.", source:  (70)
03-04 16:12:18.919 I/chromium(13164): [INFO:CONSOLE(70)] "WARNING: Message from backend doesn't have data.", source:  (70)
03-04 16:12:19.309 W/BindingManager(13164): Cannot call determinedVisibility() - never saw a connection for the pid: 13164
03-04 16:12:19.369 I/chromium(13164): [INFO:CONSOLE(70)] "WARNING: Message from backend doesn't have data.", source:  (70)
03-04 16:12:19.879 D/SendBroadcastHandler(12756): mTimerTask sendMessage CONTACTS_UPDATE 
03-04 16:12:19.879 D/SendBroadcastHandler(12756): sendBroadcast update to voice agent
03-04 16:12:19.879 D/SendBroadcastHandler(12756): (update) sendBroadcast mUpdateRawContacts:0
03-04 16:12:19.879 D/SendBroadcastHandler(12756): (update) sendBroadcast mUpdateContacts:0
03-04 16:12:19.879 D/SendBroadcastHandler(12756): (update) sendBroadcast mUpdateName:1
03-04 16:12:19.879 D/SendBroadcastHandler(12756): (update) sendBroadcast mUpdateNameDetail:1
03-04 16:12:19.879 D/SendBroadcastHandler(12756): sendBroadcast CONTACTS_UPDATE
03-04 16:12:19.889 D/AsusContactWigdetSync( 1008): ready to sync widget
03-04 16:12:19.899 D/AsusContactWigdetSync( 1008): sync isdelete = false
03-04 16:12:19.899 D/AsusContactWigdetSync(13416): ready to sync widget
03-04 16:12:19.899 D/AsusContactWigdetSync(13416): sync isdelete = false
03-04 16:12:19.999 D/dalvikvm(13392): GC_EXPLICIT freed 402K, 7% free 6343K/6816K, paused 1ms+6ms, total 22ms
03-04 16:12:20.009 V/ActivityManager(  505): Remove bg service from mStartingBackground ,r=ServiceRecord{21fc5528 u0 com.android.providers.calendar/.ContactsEventUpdateIntentService},r used time=238,left r count=3
03-04 16:12:20.199 D/dalvikvm(  505): GC_EXPLICIT freed 67K, 50% free 18510K/36636K, paused 1ms+4ms, total 43ms
03-04 16:12:20.329 I/WifiHW  (  505): CMD: IFNAME=wlan0 SIGNAL_POLL
03-04 16:12:20.329 D/wpa_supplicant(  694): RX ctrl_iface - hexdump(len=11): 53 49 47 4e 41 4c 5f 50 4f 4c 4c
03-04 16:12:20.329 D/wpa_supplicant(  694): wlan0: Control interface command 'SIGNAL_POLL'
03-04 16:12:20.339 D/dalvikvm(13164): GC_CONCURRENT freed 4349K, 42% free 6849K/11640K, paused 0ms+2ms, total 10ms
03-04 16:12:20.359 D/wpa_supplicant(  694): nl80211: survey data missing!
03-04 16:12:20.359 I/WifiHW  (  505): REPLY: RSSI=-56
03-04 16:12:20.359 I/WifiHW  (  505): REPLY: LINKSPEED=26
03-04 16:12:20.359 I/WifiHW  (  505): REPLY: NOISE=9999
03-04 16:12:20.359 I/WifiHW  (  505): REPLY: FREQUENCY=2437
03-04 16:12:20.499 D/dalvikvm(12756): GC_EXPLICIT freed 661K, 13% free 7753K/8872K, paused 1ms+3ms, total 22ms
03-04 16:12:20.859 I/chromium(13164): [INFO:CONSOLE(70)] "WARNING: Message from backend doesn't have data.", source:  (70)
03-04 16:12:20.859 W/BindingManager(13164): Cannot call determinedVisibility() - never saw a connection for the pid: 13164
03-04 16:12:20.859 I/chromium(13164): [INFO:CONSOLE(70)] "WARNING: Message from backend doesn't have data.", source:  (70)
03-04 16:12:20.899 D/AsusContactWigdetSync( 1008): sync start
03-04 16:12:20.899 D/AsusContactWigdetSync( 1008): sync selection = null
03-04 16:12:20.899 D/AsusContactWigdetSync( 1008): sync stop
03-04 16:12:20.899 D/AsusContactWigdetSync(13416): sync start
03-04 16:12:20.899 D/AsusContactWigdetSync(13416): sync selection = null
03-04 16:12:20.899 D/AsusContactWigdetSync(13416): sync stop
03-04 16:12:20.899 V/ActivityManager(  505): Remove bg service from mStartingBackground ,r=ServiceRecord{21fb85a8 u0 com.asus.contacts/com.android.contacts.miniwidget.SyncService},r used time=1005,left r count=2
03-04 16:12:20.899 V/ActivityManager(  505): Remove bg service from mStartingBackground ,r=ServiceRecord{21f94138 u0 com.asus.contactswidget/.SyncService},r used time=1005,left r count=1
03-04 16:12:20.979 D/SendBroadcastHandler(12756): mTimerTask sendMessage CONTACTS_INSERT 
03-04 16:12:20.979 D/SendBroadcastHandler(12756): (insert) sendBroadcast mInsertRawContacts:5
03-04 16:12:20.979 D/SendBroadcastHandler(12756): (insert) sendBroadcast mInsertName:5
03-04 16:12:20.979 D/SendBroadcastHandler(12756): (insert) sendBroadcast mInsertNameDetail:5
03-04 16:12:20.979 D/SendBroadcastHandler(12756): sendBroadcast insert to voice agent
03-04 16:12:21.009 I/CalendarProvider2(13392): Sending notification intent: Intent { act=android.intent.action.PROVIDER_CHANGED dat=content://com.android.calendar }
03-04 16:12:21.009 W/ContentResolver(13392): Failed to get type for: content://com.android.calendar (Unknown URL content://com.android.calendar)
03-04 16:12:21.009 D/AlertReceiver(13429): onReceive: a=android.intent.action.PROVIDER_CHANGED Intent { act=android.intent.action.PROVIDER_CHANGED dat=content://com.android.calendar flg=0x10 cmp=com.asus.calendar/com.android.calendar.alerts.AlertReceiver }
03-04 16:12:21.009 V/ActivityManager(  505): Remove bg service from mStartingBackground ,r=ServiceRecord{21f2ac08 u0 com.android.providers.calendar/.EmptyService},r used time=1004,left r count=0
03-04 16:12:21.009 D/AlertService(13429): 0 Action = android.intent.action.PROVIDER_CHANGED
03-04 16:12:21.009 D/AlertService(13429): Beginning updateAlertNotification
03-04 16:12:21.019 D/AlertService(13429): No fired or scheduled alerts
03-04 16:12:21.029 D/BatteryStatsImpl(  505): noteStopWakeLocked com.asus.calendar isFromForeground = false
03-04 16:12:21.029 V/ActivityManager(  505): Remove bg service from mStartingBackground ,r=ServiceRecord{21ff29f0 u0 com.asus.calendar/com.android.calendar.alerts.AlertService},r used time=16,left r count=0
03-04 16:12:21.549 W/BindingManager(13164): Cannot call determinedVisibility() - never saw a connection for the pid: 13164
03-04 16:12:21.779 D/SendBroadcastHandler(12756): mTimerTask sendMessage CONTACTS_DELETE 
03-04 16:12:21.779 D/SendBroadcastHandler(12756): sendBroadcast delete to voice agent
03-04 16:12:21.779 D/SendBroadcastHandler(12756): (Delete) sendBroadcast mDeleteContacts:5
03-04 16:12:21.779 D/AsusContactWigdetSync( 1008): ready to sync contact id = 5
03-04 16:12:21.779 D/AsusContactWigdetSync( 1008): ready to sync widget
03-04 16:12:21.779 D/SendBroadcastHandler(12756): (Delete) sendBroadcast mDeleteRawContactsVoice:5
03-04 16:12:21.779 D/SendBroadcastHandler(12756): sendBroadcast CONTACTS_DELETE
03-04 16:12:21.779 D/AsusContactWigdetSync(13416): ready to sync contact id = 5
03-04 16:12:21.789 D/AsusContactWigdetSync( 1008): delete contact_id = 942
03-04 16:12:21.789 D/AsusContactWigdetSync( 1008): delete contact_id = 944
03-04 16:12:21.789 D/AsusContactWigdetSync( 1008): delete contact_id = 943
03-04 16:12:21.789 D/AsusContactWigdetSync( 1008): delete contact_id = 945
03-04 16:12:21.789 D/AsusContactWigdetSync( 1008): delete contact_id = 946
03-04 16:12:21.789 D/AsusContactWigdetSync( 1008): sync isdelete = true
03-04 16:12:21.789 D/AsusContactWigdetSync(13416): ready to sync widget
03-04 16:12:21.789 D/AsusContactWigdetSync(13416): delete contact_id = 942
03-04 16:12:21.789 D/AsusContactWigdetSync(13416): delete contact_id = 944
03-04 16:12:21.789 D/AsusContactWigdetSync(13416): delete contact_id = 943
03-04 16:12:21.789 D/AsusContactWigdetSync(13416): delete contact_id = 945
03-04 16:12:21.789 D/AsusContactWigdetSync(13416): delete contact_id = 946
03-04 16:12:21.789 D/AsusContactWigdetSync(13416): sync isdelete = true
03-04 16:12:21.799 D/SendBroadcastHandler(12756): startTimer() SEND_TO_CONTACTS_INSERT 
03-04 16:12:21.999 D/dalvikvm(13164): GC_CONCURRENT freed 3846K, 40% free 7025K/11640K, paused 1ms+2ms, total 20ms
03-04 16:12:21.999 I/chromium(13164): [INFO:CONSOLE(70)] "WARNING: Message from backend doesn't have data.", source:  (70)
03-04 16:12:22.069 V/ActivityManager(  505): Remove bg service from mStartingBackground ,r=ServiceRecord{221ffd78 u0 com.android.providers.calendar/.ContactsEventUpdateIntentService},r used time=65,left r count=3
03-04 16:12:22.239 I/chromium(13164): [INFO:CONSOLE(70)] "WARNING: Message from backend doesn't have data.", source:  (70)
03-04 16:12:22.409 D/dalvikvm(12756): GC_EXPLICIT freed 665K, 14% free 7701K/8872K, paused 1ms+3ms, total 17ms
03-04 16:12:22.549 I/Choreographer(13164): Skipped 32 frames!  The application may be doing too much work on its main thread.
03-04 16:12:22.599 W/BindingManager(13164): Cannot call determinedVisibility() - never saw a connection for the pid: 13164
03-04 16:12:22.639 D/SendBroadcastHandler(12756): startTimer() SEND_TO_CONTACTS_WIDGET_DELETE 
03-04 16:12:22.699 D/AlarmManager(  505): Triggered Alarm 21f46bb8 ELAPSED_REALTIME_WAKEUP IntentSender{22197978: PendingIntentRecord{225dcc10 com.android.providers.calendar broadcastIntent}}
03-04 16:12:22.709 D/BatteryStatsImpl(  505): noteStopWakeLocked system isFromForeground = false
03-04 16:12:22.709 D/AlarmManager(  505): Removed alarm Alarm{21f65c70 type 0 com.android.providers.calendar} type:RTC_WAKEUP
03-04 16:12:22.719 D/AlarmManager(  505): Added alarm Alarm{22037cd0 type 0 com.baidu.BaiduMap} type:RTC_WAKEUP when: At 15-3-4 4:10 repeatInterval: 0h:10m:0.0s
03-04 16:12:22.719 D/AlarmManager(  505): Added alarm Alarm{21fbb9e0 type 2 com.wandoujia.phoenix2} type:ELAPSED_REALTIME_WAKEUP when: After 0h:22m:15.0s
03-04 16:12:22.719 D/AlarmManager(  505): Added alarm Alarm{21fba4d0 type 0 android} type:RTC_WAKEUP when: At 15-3-4 4:30 repeatInterval: 0h:30m:0.0s
03-04 16:12:22.729 D/BatteryStatsImpl(  505): noteStopWakeLocked com.android.providers.calendar isFromForeground = false
03-04 16:12:22.729 D/AlarmManager(  505): Added alarm Alarm{221ed608 type 0 com.android.providers.calendar} type:RTC_WAKEUP when: At 15-3-5 2:13
03-04 16:12:22.729 V/ActivityManager(  505): Remove bg service from mStartingBackground ,r=ServiceRecord{221ee4a0 u0 com.android.providers.calendar/.CalendarProviderIntentService},r used time=28,left r count=3
03-04 16:12:22.789 D/AsusContactWigdetSync( 1008): sync start
03-04 16:12:22.789 D/AsusContactWigdetSync( 1008): sync selection = null
03-04 16:12:22.789 D/AsusContactWigdetSync( 1008): sync delete selection = contact_id IN ( 943, 942, 944, 945, 946)
03-04 16:12:22.789 D/AsusContactWigdetSync( 1008): sync stop
03-04 16:12:22.789 D/AsusContactWigdetSync(13416): sync start
03-04 16:12:22.789 D/AsusContactWigdetSync(13416): sync selection = null
03-04 16:12:22.789 D/AsusContactWigdetSync(13416): sync delete selection = contact_id IN ( 943, 942, 944, 945, 946)
03-04 16:12:22.789 D/AsusContactWigdetSync(13416): sync stop
03-04 16:12:22.789 V/ActivityManager(  505): Remove bg service from mStartingBackground ,r=ServiceRecord{21f2a948 u0 com.asus.contacts/com.android.contacts.miniwidget.SyncService},r used time=1007,left r count=2
03-04 16:12:22.799 V/ActivityManager(  505): Remove bg service from mStartingBackground ,r=ServiceRecord{21f23280 u0 com.asus.contactswidget/.SyncService},r used time=1005,left r count=1
03-04 16:12:23.059 I/chromium(13164): [INFO:CONSOLE(70)] "WARNING: Message from backend doesn't have data.", source:  (70)
03-04 16:12:23.069 I/CalendarProvider2(13392): Sending notification intent: Intent { act=android.intent.action.PROVIDER_CHANGED dat=content://com.android.calendar }
03-04 16:12:23.069 W/ContentResolver(13392): Failed to get type for: content://com.android.calendar (Unknown URL content://com.android.calendar)
03-04 16:12:23.079 D/AlertReceiver(13429): onReceive: a=android.intent.action.PROVIDER_CHANGED Intent { act=android.intent.action.PROVIDER_CHANGED dat=content://com.android.calendar flg=0x10 cmp=com.asus.calendar/com.android.calendar.alerts.AlertReceiver }
03-04 16:12:23.079 D/AlertService(13429): 0 Action = android.intent.action.PROVIDER_CHANGED
03-04 16:12:23.079 D/AlertService(13429): Beginning updateAlertNotification
03-04 16:12:23.079 V/ActivityManager(  505): Remove bg service from mStartingBackground ,r=ServiceRecord{221feef8 u0 com.android.providers.calendar/.EmptyService},r used time=1003,left r count=0
03-04 16:12:23.099 D/AlertService(13429): No fired or scheduled alerts
03-04 16:12:23.109 D/BatteryStatsImpl(  505): noteStopWakeLocked com.asus.calendar isFromForeground = false
03-04 16:12:23.109 V/ActivityManager(  505): Remove bg service from mStartingBackground ,r=ServiceRecord{22135a80 u0 com.asus.calendar/com.android.calendar.alerts.AlertService},r used time=27,left r count=0
03-04 16:12:23.279 W/BindingManager(13164): Cannot call determinedVisibility() - never saw a connection for the pid: 13164
03-04 16:12:23.359 I/WifiHW  (  505): CMD: IFNAME=wlan0 SIGNAL_POLL
03-04 16:12:23.359 D/wpa_supplicant(  694): RX ctrl_iface - hexdump(len=11): 53 49 47 4e 41 4c 5f 50 4f 4c 4c
03-04 16:12:23.359 D/wpa_supplicant(  694): wlan0: Control interface command 'SIGNAL_POLL'
03-04 16:12:23.389 D/wpa_supplicant(  694): nl80211: survey data missing!
03-04 16:12:23.389 I/WifiHW  (  505): REPLY: RSSI=-62
03-04 16:12:23.389 I/WifiHW  (  505): REPLY: LINKSPEED=26
03-04 16:12:23.389 I/WifiHW  (  505): REPLY: NOISE=9999
03-04 16:12:23.389 I/WifiHW  (  505): REPLY: FREQUENCY=2437
03-04 16:12:23.689 D/dalvikvm(13164): GC_CONCURRENT freed 4041K, 40% free 7024K/11640K, paused 1ms+2ms, total 11ms
03-04 16:12:23.719 D/dalvikvm(  505): GC_EXPLICIT freed 109K, 50% free 18483K/36636K, paused 1ms+4ms, total 46ms
03-04 16:12:23.729 I/chromium(13164): [INFO:CONSOLE(70)] "WARNING: Message from backend doesn't have data.", source:  (70)
03-04 16:12:24.369 W/BindingManager(13164): Cannot call determinedVisibility() - never saw a connection for the pid: 13164
03-04 16:12:24.799 D/SendBroadcastHandler(12756): mTimerTask sendMessage CONTACTS_INSERT 
03-04 16:12:24.799 D/SendBroadcastHandler(12756): (insert) sendBroadcast mInsertRawContacts:4
03-04 16:12:24.799 D/SendBroadcastHandler(12756): (insert) sendBroadcast mInsertName:4
03-04 16:12:24.799 D/SendBroadcastHandler(12756): (insert) sendBroadcast mInsertNameDetail:4
03-04 16:12:24.799 D/SendBroadcastHandler(12756): sendBroadcast insert to voice agent
03-04 16:12:24.829 I/chromium(13164): [INFO:CONSOLE(70)] "WARNING: Message from backend doesn't have data.", source:  (70)
03-04 16:12:24.859 V/ActivityManager(  505): Remove bg service from mStartingBackground ,r=ServiceRecord{2266ea88 u0 com.android.providers.calendar/.ContactsEventUpdateIntentService},r used time=218,left r count=1
03-04 16:12:24.919 D/dalvikvm(12756): GC_EXPLICIT freed 595K, 14% free 7706K/8872K, paused 1ms+3ms, total 19ms
03-04 16:12:25.519 W/BindingManager(13164): Cannot call determinedVisibility() - never saw a connection for the pid: 13164
03-04 16:12:25.639 D/SendBroadcastHandler(12756): mTimerTask sendMessage CONTACTS_DELETE 
03-04 16:12:25.639 D/AsusContactWigdetSync( 1008): ready to sync contact id = 4
03-04 16:12:25.639 D/AsusContactWigdetSync( 1008): ready to sync widget
03-04 16:12:25.639 D/SendBroadcastHandler(12756): sendBroadcast delete to voice agent
03-04 16:12:25.639 D/SendBroadcastHandler(12756): (Delete) sendBroadcast mDeleteContacts:4
03-04 16:12:25.639 D/SendBroadcastHandler(12756): (Delete) sendBroadcast mDeleteRawContactsVoice:4
03-04 16:12:25.639 D/SendBroadcastHandler(12756): sendBroadcast CONTACTS_DELETE
03-04 16:12:25.639 D/AsusContactWigdetSync(13416): ready to sync contact id = 4
03-04 16:12:25.649 D/AsusContactWigdetSync(13416): ready to sync widget
03-04 16:12:25.649 D/AsusContactWigdetSync( 1008): delete contact_id = 947
03-04 16:12:25.649 D/AsusContactWigdetSync( 1008): delete contact_id = 948
03-04 16:12:25.649 D/AsusContactWigdetSync( 1008): delete contact_id = 949
03-04 16:12:25.649 D/AsusContactWigdetSync( 1008): delete contact_id = 950
03-04 16:12:25.649 D/AsusContactWigdetSync( 1008): sync isdelete = true
03-04 16:12:25.649 D/AsusContactWigdetSync(13416): delete contact_id = 947
03-04 16:12:25.649 D/AsusContactWigdetSync(13416): delete contact_id = 948
03-04 16:12:25.649 D/AsusContactWigdetSync(13416): delete contact_id = 949
03-04 16:12:25.649 D/AsusContactWigdetSync(13416): delete contact_id = 950
03-04 16:12:25.649 D/AsusContactWigdetSync(13416): sync isdelete = true
03-04 16:12:25.769 D/SendBroadcastHandler(12756): startTimer() SEND_TO_CONTACTS_INSERT 
03-04 16:12:25.859 I/CalendarProvider2(13392): Sending notification intent: Intent { act=android.intent.action.PROVIDER_CHANGED dat=content://com.android.calendar }
03-04 16:12:25.859 W/ContentResolver(13392): Failed to get type for: content://com.android.calendar (Unknown URL content://com.android.calendar)
03-04 16:12:25.869 D/AlertReceiver(13429): onReceive: a=android.intent.action.PROVIDER_CHANGED Intent { act=android.intent.action.PROVIDER_CHANGED dat=content://com.android.calendar flg=0x10 cmp=com.asus.calendar/com.android.calendar.alerts.AlertReceiver }
03-04 16:12:25.869 D/AlertService(13429): 0 Action = android.intent.action.PROVIDER_CHANGED
03-04 16:12:25.869 D/AlertService(13429): Beginning updateAlertNotification
03-04 16:12:25.869 V/ActivityManager(  505): Remove bg service from mStartingBackground ,r=ServiceRecord{225c98f0 u0 com.android.providers.calendar/.EmptyService},r used time=1004,left r count=2
03-04 16:12:25.879 D/AlertService(13429): No fired or scheduled alerts
03-04 16:12:25.879 D/BatteryStatsImpl(  505): noteStopWakeLocked com.asus.calendar isFromForeground = false
03-04 16:12:25.879 V/ActivityManager(  505): Remove bg service from mStartingBackground ,r=ServiceRecord{2248d118 u0 com.asus.calendar/com.android.calendar.alerts.AlertService},r used time=13,left r count=2
03-04 16:12:25.949 I/chromium(13164): [INFO:CONSOLE(70)] "WARNING: Message from backend doesn't have data.", source:  (70)
03-04 16:12:26.149 D/SendBroadcastHandler(12756): startTimer() SEND_TO_CONTACTS_WIDGET_DELETE 
03-04 16:12:26.169 D/dalvikvm(13164): GC_CONCURRENT freed 4163K, 41% free 6913K/11640K, paused 0ms+3ms, total 13ms
03-04 16:12:26.169 W/BindingManager(13164): Cannot call determinedVisibility() - never saw a connection for the pid: 13164
03-04 16:12:26.389 I/WifiHW  (  505): CMD: IFNAME=wlan0 SIGNAL_POLL
03-04 16:12:26.389 D/wpa_supplicant(  694): RX ctrl_iface - hexdump(len=11): 53 49 47 4e 41 4c 5f 50 4f 4c 4c
03-04 16:12:26.389 D/wpa_supplicant(  694): wlan0: Control interface command 'SIGNAL_POLL'
03-04 16:12:26.419 D/wpa_supplicant(  694): nl80211: survey data missing!
03-04 16:12:26.419 I/WifiHW  (  505): REPLY: RSSI=-58
03-04 16:12:26.419 I/WifiHW  (  505): REPLY: LINKSPEED=26
03-04 16:12:26.419 I/WifiHW  (  505): REPLY: NOISE=9999
03-04 16:12:26.419 I/WifiHW  (  505): REPLY: FREQUENCY=2437
03-04 16:12:26.559 I/chromium(13164): [INFO:CONSOLE(70)] "WARNING: Message from backend doesn't have data.", source:  (70)
03-04 16:12:26.649 D/AsusContactWigdetSync( 1008): sync start
03-04 16:12:26.649 D/AsusContactWigdetSync( 1008): sync selection = null
03-04 16:12:26.649 D/AsusContactWigdetSync( 1008): sync delete selection = contact_id IN ( 948, 949, 950, 947)
03-04 16:12:26.649 D/AsusContactWigdetSync( 1008): sync stop
03-04 16:12:26.649 D/AsusContactWigdetSync(13416): sync start
03-04 16:12:26.649 D/AsusContactWigdetSync(13416): sync selection = null
03-04 16:12:26.649 D/AsusContactWigdetSync(13416): sync delete selection = contact_id IN ( 948, 949, 950, 947)
03-04 16:12:26.649 D/AsusContactWigdetSync(13416): sync stop
03-04 16:12:26.649 V/ActivityManager(  505): Remove bg service from mStartingBackground ,r=ServiceRecord{22573688 u0 com.asus.contacts/com.android.contacts.miniwidget.SyncService},r used time=1004,left r count=1
03-04 16:12:26.649 V/ActivityManager(  505): Remove bg service from mStartingBackground ,r=ServiceRecord{225387b8 u0 com.asus.contactswidget/.SyncService},r used time=1006,left r count=0
03-04 16:12:26.789 W/BindingManager(13164): Cannot call determinedVisibility() - never saw a connection for the pid: 13164
03-04 16:12:27.179 I/chromium(13164): [INFO:CONSOLE(70)] "WARNING: Message from backend doesn't have data.", source:  (70)
03-04 16:12:27.279 D/dalvikvm(12756): GC_EXPLICIT freed 607K, 14% free 7711K/8872K, paused 1ms+3ms, total 19ms
03-04 16:12:27.619 V/ActivityManager(  505): Remove bg service from mStartingBackground ,r=ServiceRecord{223e7700 u0 com.android.providers.calendar/.ContactsEventUpdateIntentService},r used time=53,left r count=1
03-04 16:12:27.689 D/dalvikvm(13164): GC_CONCURRENT freed 3963K, 41% free 6918K/11640K, paused 1ms+2ms, total 10ms
03-04 16:12:27.799 W/BindingManager(13164): Cannot call determinedVisibility() - never saw a connection for the pid: 13164
03-04 16:12:28.019 D/dalvikvm(  505): GC_EXPLICIT freed 56K, 50% free 18490K/36636K, paused 1ms+3ms, total 42ms
03-04 16:12:28.329 I/chromium(13164): [INFO:CONSOLE(70)] "WARNING: Message from backend doesn't have data.", source:  (70)
03-04 16:12:28.619 I/CalendarProvider2(13392): Sending notification intent: Intent { act=android.intent.action.PROVIDER_CHANGED dat=content://com.android.calendar }
03-04 16:12:28.619 W/ContentResolver(13392): Failed to get type for: content://com.android.calendar (Unknown URL content://com.android.calendar)
03-04 16:12:28.629 D/AlertReceiver(13429): onReceive: a=android.intent.action.PROVIDER_CHANGED Intent { act=android.intent.action.PROVIDER_CHANGED dat=content://com.android.calendar flg=0x10 cmp=com.asus.calendar/com.android.calendar.alerts.AlertReceiver }
03-04 16:12:28.629 D/AlertService(13429): 0 Action = android.intent.action.PROVIDER_CHANGED
03-04 16:12:28.629 D/AlertService(13429): Beginning updateAlertNotification
03-04 16:12:28.629 V/ActivityManager(  505): Remove bg service from mStartingBackground ,r=ServiceRecord{223e7658 u0 com.android.providers.calendar/.EmptyService},r used time=1003,left r count=0
03-04 16:12:28.659 D/AlertService(13429): No fired or scheduled alerts
03-04 16:12:28.669 D/BatteryStatsImpl(  505): noteStopWakeLocked com.asus.calendar isFromForeground = false
03-04 16:12:28.669 V/ActivityManager(  505): Remove bg service from mStartingBackground ,r=ServiceRecord{223f6680 u0 com.asus.calendar/com.android.calendar.alerts.AlertService},r used time=41,left r count=0
03-04 16:12:28.769 D/SendBroadcastHandler(12756): mTimerTask sendMessage CONTACTS_INSERT 
03-04 16:12:28.769 D/SendBroadcastHandler(12756): (insert) sendBroadcast mInsertRawContacts:6
03-04 16:12:28.769 D/SendBroadcastHandler(12756): (insert) sendBroadcast mInsertName:6
03-04 16:12:28.769 D/SendBroadcastHandler(12756): (insert) sendBroadcast mInsertNameDetail:6
03-04 16:12:28.769 D/SendBroadcastHandler(12756): sendBroadcast insert to voice agent
03-04 16:12:28.849 E/Contacts(13164): org.json.JSONException: No value for contactId
03-04 16:12:29.069 I/Choreographer(13164): Skipped 44 frames!  The application may be doing too much work on its main thread.
03-04 16:12:29.069 W/BindingManager(13164): Cannot call determinedVisibility() - never saw a connection for the pid: 13164
03-04 16:12:29.149 D/SendBroadcastHandler(12756): mTimerTask sendMessage CONTACTS_DELETE 
03-04 16:12:29.149 D/SendBroadcastHandler(12756): sendBroadcast delete to voice agent
03-04 16:12:29.149 D/SendBroadcastHandler(12756): (Delete) sendBroadcast mDeleteContacts:6
03-04 16:12:29.149 D/SendBroadcastHandler(12756): (Delete) sendBroadcast mDeleteRawContactsVoice:6
03-04 16:12:29.149 D/SendBroadcastHandler(12756): sendBroadcast CONTACTS_DELETE
03-04 16:12:29.159 D/AsusContactWigdetSync( 1008): ready to sync contact id = 6
03-04 16:12:29.159 D/AsusContactWigdetSync( 1008): ready to sync widget
03-04 16:12:29.159 D/AsusContactWigdetSync( 1008): delete contact_id = 951
03-04 16:12:29.159 D/AsusContactWigdetSync( 1008): delete contact_id = 952
03-04 16:12:29.159 D/AsusContactWigdetSync( 1008): delete contact_id = 953
03-04 16:12:29.159 D/AsusContactWigdetSync( 1008): delete contact_id = 954
03-04 16:12:29.159 D/AsusContactWigdetSync( 1008): delete contact_id = 955
03-04 16:12:29.159 D/AsusContactWigdetSync( 1008): delete contact_id = 956
03-04 16:12:29.159 D/AsusContactWigdetSync( 1008): sync isdelete = true
03-04 16:12:29.159 D/AsusContactWigdetSync(13416): ready to sync contact id = 6
03-04 16:12:29.159 D/AsusContactWigdetSync(13416): ready to sync widget
03-04 16:12:29.159 D/AsusContactWigdetSync(13416): delete contact_id = 951
03-04 16:12:29.159 D/AsusContactWigdetSync(13416): delete contact_id = 952
03-04 16:12:29.169 D/AsusContactWigdetSync(13416): delete contact_id = 953
03-04 16:12:29.169 D/AsusContactWigdetSync(13416): delete contact_id = 954
03-04 16:12:29.169 D/AsusContactWigdetSync(13416): delete contact_id = 955
03-04 16:12:29.169 D/AsusContactWigdetSync(13416): delete contact_id = 956
03-04 16:12:29.169 D/AsusContactWigdetSync(13416): sync isdelete = true
03-04 16:12:29.269 D/SendBroadcastHandler(12756): startTimer() SEND_TO_CONTACTS_INSERT 
03-04 16:12:29.419 I/WifiHW  (  505): CMD: IFNAME=wlan0 SIGNAL_POLL
03-04 16:12:29.419 D/wpa_supplicant(  694): RX ctrl_iface - hexdump(len=11): 53 49 47 4e 41 4c 5f 50 4f 4c 4c
03-04 16:12:29.419 D/wpa_supplicant(  694): wlan0: Control interface command 'SIGNAL_POLL'
03-04 16:12:29.439 D/dalvikvm(12756): GC_EXPLICIT freed 613K, 13% free 7743K/8872K, paused 0ms+3ms, total 19ms
03-04 16:12:29.439 I/chromium(13164): [INFO:CONSOLE(70)] "WARNING: Message from backend doesn't have data.", source:  (70)
03-04 16:12:29.449 D/wpa_supplicant(  694): nl80211: survey data missing!
03-04 16:12:29.449 I/WifiHW  (  505): REPLY: RSSI=-59
03-04 16:12:29.449 I/WifiHW  (  505): REPLY: LINKSPEED=26
03-04 16:12:29.449 I/WifiHW  (  505): REPLY: NOISE=9999
03-04 16:12:29.449 I/WifiHW  (  505): REPLY: FREQUENCY=2437
03-04 16:12:29.539 D/dalvikvm(13164): GC_CONCURRENT freed 4024K, 41% free 6931K/11640K, paused 0ms+1ms, total 11ms
03-04 16:12:29.829 W/BindingManager(13164): Cannot call determinedVisibility() - never saw a connection for the pid: 13164
03-04 16:12:29.859 D/AlarmManager(  505): Triggered Alarm 22256b98 ELAPSED_REALTIME_WAKEUP IntentSender{22197528: PendingIntentRecord{225e87c8 com.android.providers.calendar broadcastIntent}}
03-04 16:12:29.869 D/BatteryStatsImpl(  505): noteStopWakeLocked system isFromForeground = false
03-04 16:12:29.889 D/AlarmManager(  505): Removed alarm Alarm{221ed608 type 0 com.android.providers.calendar} type:RTC_WAKEUP
03-04 16:12:29.889 D/AlarmManager(  505): Added alarm Alarm{2202eec8 type 0 com.baidu.BaiduMap} type:RTC_WAKEUP when: At 15-3-4 4:10 repeatInterval: 0h:10m:0.0s
03-04 16:12:29.889 D/AlarmManager(  505): Added alarm Alarm{22017e40 type 2 com.wandoujia.phoenix2} type:ELAPSED_REALTIME_WAKEUP when: After 0h:22m:7.0s
03-04 16:12:29.889 D/AlarmManager(  505): Added alarm Alarm{22016298 type 0 android} type:RTC_WAKEUP when: At 15-3-4 4:30 repeatInterval: 0h:30m:0.0s
03-04 16:12:29.909 D/BatteryStatsImpl(  505): noteStopWakeLocked com.android.providers.calendar isFromForeground = false
03-04 16:12:29.909 D/AlarmManager(  505): Added alarm Alarm{21f9fda8 type 0 com.android.providers.calendar} type:RTC_WAKEUP when: At 15-3-5 2:13
03-04 16:12:29.909 V/ActivityManager(  505): Remove bg service from mStartingBackground ,r=ServiceRecord{22155fc8 u0 com.android.providers.calendar/.CalendarProviderIntentService},r used time=47,left r count=3
03-04 16:12:29.949 V/ActivityManager(  505): Remove bg service from mStartingBackground ,r=ServiceRecord{221fd680 u0 com.android.providers.calendar/.ContactsEventUpdateIntentService},r used time=90,left r count=3
03-04 16:12:30.049 I/Choreographer(13164): Skipped 58 frames!  The application may be doing too much work on its main thread.
03-04 16:12:30.049 I/chromium(13164): [INFO:CONSOLE(70)] "WARNING: Message from backend doesn't have data.", source:  (70)
03-04 16:12:30.159 D/AsusContactWigdetSync( 1008): sync start
03-04 16:12:30.159 D/AsusContactWigdetSync( 1008): sync selection = null
03-04 16:12:30.159 D/AsusContactWigdetSync( 1008): sync delete selection = contact_id IN ( 956, 951, 952, 953, 954, 955)
03-04 16:12:30.159 D/AsusContactWigdetSync( 1008): sync stop
03-04 16:12:30.159 V/ActivityManager(  505): Remove bg service from mStartingBackground ,r=ServiceRecord{222185a8 u0 com.asus.contacts/com.android.contacts.miniwidget.SyncService},r used time=1004,left r count=2
03-04 16:12:30.169 D/AsusContactWigdetSync(13416): sync start
03-04 16:12:30.169 D/AsusContactWigdetSync(13416): sync selection = null
03-04 16:12:30.169 D/AsusContactWigdetSync(13416): sync delete selection = contact_id IN ( 956, 951, 952, 953, 954, 955)
03-04 16:12:30.169 D/AsusContactWigdetSync(13416): sync stop
03-04 16:12:30.179 V/ActivityManager(  505): Remove bg service from mStartingBackground ,r=ServiceRecord{22214358 u0 com.asus.contactswidget/.SyncService},r used time=1015,left r count=1
03-04 16:12:30.319 W/BindingManager(13164): Cannot call determinedVisibility() - never saw a connection for the pid: 13164
03-04 16:12:30.589 I/Choreographer(13164): Skipped 32 frames!  The application may be doing too much work on its main thread.
03-04 16:12:30.949 I/CalendarProvider2(13392): Sending notification intent: Intent { act=android.intent.action.PROVIDER_CHANGED dat=content://com.android.calendar }
03-04 16:12:30.949 W/ContentResolver(13392): Failed to get type for: content://com.android.calendar (Unknown URL content://com.android.calendar)
03-04 16:12:30.949 D/AlertReceiver(13429): onReceive: a=android.intent.action.PROVIDER_CHANGED Intent { act=android.intent.action.PROVIDER_CHANGED dat=content://com.android.calendar flg=0x10 cmp=com.asus.calendar/com.android.calendar.alerts.AlertReceiver }
03-04 16:12:30.949 V/ActivityManager(  505): Remove bg service from mStartingBackground ,r=ServiceRecord{22145100 u0 com.android.providers.calendar/.EmptyService},r used time=1005,left r count=0
03-04 16:12:30.959 D/AlertService(13429): 0 Action = android.intent.action.PROVIDER_CHANGED
03-04 16:12:30.959 D/AlertService(13429): Beginning updateAlertNotification
03-04 16:12:30.969 D/AlertService(13429): No fired or scheduled alerts
03-04 16:12:30.989 D/BatteryStatsImpl(  505): noteStopWakeLocked com.asus.calendar isFromForeground = false
03-04 16:12:30.989 V/ActivityManager(  505): Remove bg service from mStartingBackground ,r=ServiceRecord{22103008 u0 com.asus.calendar/com.android.calendar.alerts.AlertService},r used time=33,left r count=0
03-04 16:12:31.249 D/SendBroadcastHandler(12756): startTimer() SEND_TO_CONTACTS_WIDGET_DELETE 
03-04 16:12:31.339 W/chromium(13164): [WARNING:xwalk_extension_module.cc(203)] Exception when running message listener: app://org.xwalk.webapi_noneservice_tests//opt/webapi-contactsmanager-w3c-tests/contactsmanager/ContactsChangeEvent_added_attribute.html:62:15 TypeError: Cannot read property '0' of undefined
03-04 16:12:31.339 W/chromium(13164):     if (e.added[0]) {
03-04 16:12:31.339 W/chromium(13164): 
03-04 16:12:31.469 W/chromium(13164): [WARNING:xwalk_extension_module.cc(203)] Exception when running message listener: app://org.xwalk.webapi_noneservice_tests//opt/webapi-contactsmanager-w3c-tests/contactsmanager/ContactsChangeEvent_added_attribute.html:62:15 TypeError: Cannot read property '0' of undefined
03-04 16:12:31.469 W/chromium(13164):     if (e.added[0]) {
03-04 16:12:31.469 W/chromium(13164): 
03-04 16:12:31.539 D/dalvikvm(13164): GC_CONCURRENT freed 3896K, 40% free 7022K/11640K, paused 0ms+2ms, total 10ms
03-04 16:12:31.549 I/chromium(13164): [INFO:CONSOLE(70)] "WARNING: Message from backend doesn't have data.", source:  (70)
03-04 16:12:31.989 W/chromium(13164): [WARNING:xwalk_extension_module.cc(203)] Exception when running message listener: app://org.xwalk.webapi_noneservice_tests//opt/webapi-contactsmanager-w3c-tests/contactsmanager/ContactsChangeEvent_modified_attribute.html:70:18 TypeError: Cannot read property '0' of undefined
03-04 16:12:31.989 W/chromium(13164):     if (e.modified[0]) {
03-04 16:12:31.989 W/chromium(13164): 
03-04 16:12:31.999 D/dalvikvm(12756): GC_EXPLICIT freed 643K, 14% free 7654K/8872K, paused 1ms+2ms, total 20ms
03-04 16:12:32.149 W/chromium(13164): [WARNING:xwalk_extension_module.cc(203)] Exception when running message listener: app://org.xwalk.webapi_noneservice_tests//opt/webapi-contactsmanager-w3c-tests/contactsmanager/ContactsChangeEvent_modified_attribute.html:70:18 TypeError: Cannot read property '0' of undefined
03-04 16:12:32.149 W/chromium(13164):     if (e.modified[0]) {
03-04 16:12:32.149 W/chromium(13164): 
03-04 16:12:32.189 D/dalvikvm(  505): GC_EXPLICIT freed 76K, 50% free 18494K/36636K, paused 1ms+4ms, total 42ms
03-04 16:12:32.249 I/Choreographer(13164): Skipped 41 frames!  The application may be doing too much work on its main thread.
03-04 16:12:32.259 W/BindingManager(13164): Cannot call determinedVisibility() - never saw a connection for the pid: 13164
03-04 16:12:32.259 I/chromium(13164): [INFO:CONSOLE(70)] "WARNING: Message from backend doesn't have data.", source:  (70)
03-04 16:12:32.269 D/SendBroadcastHandler(12756): mTimerTask sendMessage CONTACTS_INSERT 
03-04 16:12:32.269 D/SendBroadcastHandler(12756): (insert) sendBroadcast mInsertRawContacts:4
03-04 16:12:32.269 D/SendBroadcastHandler(12756): (insert) sendBroadcast mInsertName:4
03-04 16:12:32.269 D/SendBroadcastHandler(12756): (insert) sendBroadcast mInsertNameDetail:4
03-04 16:12:32.269 D/SendBroadcastHandler(12756): sendBroadcast insert to voice agent
03-04 16:12:32.449 I/WifiHW  (  505): CMD: IFNAME=wlan0 SIGNAL_POLL
03-04 16:12:32.449 D/wpa_supplicant(  694): RX ctrl_iface - hexdump(len=11): 53 49 47 4e 41 4c 5f 50 4f 4c 4c
03-04 16:12:32.449 D/wpa_supplicant(  694): wlan0: Control interface command 'SIGNAL_POLL'
03-04 16:12:32.479 D/wpa_supplicant(  694): nl80211: survey data missing!
03-04 16:12:32.479 I/WifiHW  (  505): REPLY: RSSI=-61
03-04 16:12:32.479 I/WifiHW  (  505): REPLY: LINKSPEED=26
03-04 16:12:32.479 I/WifiHW  (  505): REPLY: NOISE=9999
03-04 16:12:32.479 I/WifiHW  (  505): REPLY: FREQUENCY=2437
03-04 16:12:32.619 D/SendBroadcastHandler(12756): startTimer() SEND_TO_CONTACTS_WIDGET_UPDATE 
03-04 16:12:33.139 I/Choreographer(13164): Skipped 53 frames!  The application may be doing too much work on its main thread.
03-04 16:12:33.229 D/SendBroadcastHandler(12756): startTimer() SEND_TO_CONTACTS_INSERT 
03-04 16:12:33.439 V/ActivityManager(  505): Remove bg service from mStartingBackground ,r=ServiceRecord{221391e8 u0 com.android.providers.calendar/.ContactsEventUpdateIntentService},r used time=192,left r count=1
03-04 16:12:33.449 E/Contacts(13164): org.json.JSONException: No value for contactId
03-04 16:12:33.449 D/dalvikvm(13164): GC_CONCURRENT freed 4010K, 40% free 7057K/11640K, paused 0ms+2ms, total 11ms
03-04 16:12:33.739 W/BindingManager(13164): Cannot call determinedVisibility() - never saw a connection for the pid: 13164
03-04 16:12:33.739 I/chromium(13164): [INFO:CONSOLE(70)] "WARNING: Message from backend doesn't have data.", source:  (70)
03-04 16:12:34.019 I/chromium(13164): [INFO:CONSOLE(62)] "Uncaught (in promise) ReferenceError: info is not defined", source: app://org.xwalk.webapi_noneservice_tests//opt/webapi-contactsmanager-w3c-tests/contactsmanager/ContactsChangeEvent_removed_attribute.html (62)
03-04 16:12:34.019 I/Choreographer(13164): Skipped 51 frames!  The application may be doing too much work on its main thread.
03-04 16:12:34.039 D/dalvikvm(12756): GC_EXPLICIT freed 630K, 14% free 7687K/8872K, paused 0ms+4ms, total 18ms
03-04 16:12:34.249 D/SendBroadcastHandler(12756): mTimerTask sendMessage CONTACTS_DELETE 
03-04 16:12:34.249 D/SendBroadcastHandler(12756): sendBroadcast delete to voice agent
03-04 16:12:34.249 D/SendBroadcastHandler(12756): (Delete) sendBroadcast mDeleteContacts:4
03-04 16:12:34.249 D/SendBroadcastHandler(12756): (Delete) sendBroadcast mDeleteRawContactsVoice:4
03-04 16:12:34.249 D/SendBroadcastHandler(12756): sendBroadcast CONTACTS_DELETE
03-04 16:12:34.249 D/AsusContactWigdetSync( 1008): ready to sync contact id = 4
03-04 16:12:34.249 D/AsusContactWigdetSync( 1008): ready to sync widget
03-04 16:12:34.249 D/AsusContactWigdetSync( 1008): delete contact_id = 957
03-04 16:12:34.249 D/AsusContactWigdetSync(13416): ready to sync contact id = 4
03-04 16:12:34.249 D/AsusContactWigdetSync(13416): ready to sync widget
03-04 16:12:34.249 D/AsusContactWigdetSync( 1008): delete contact_id = 958
03-04 16:12:34.249 D/AsusContactWigdetSync( 1008): delete contact_id = 959
03-04 16:12:34.249 D/AsusContactWigdetSync( 1008): delete contact_id = 960
03-04 16:12:34.249 D/AsusContactWigdetSync( 1008): sync isdelete = true
03-04 16:12:34.259 D/AsusContactWigdetSync(13416): delete contact_id = 957
03-04 16:12:34.259 D/AsusContactWigdetSync(13416): delete contact_id = 958
03-04 16:12:34.259 D/AsusContactWigdetSync(13416): delete contact_id = 959
03-04 16:12:34.259 D/AsusContactWigdetSync(13416): delete contact_id = 960
03-04 16:12:34.259 D/AsusContactWigdetSync(13416): sync isdelete = true
03-04 16:12:34.439 I/CalendarProvider2(13392): Sending notification intent: Intent { act=android.intent.action.PROVIDER_CHANGED dat=content://com.android.calendar }
03-04 16:12:34.439 W/ContentResolver(13392): Failed to get type for: content://com.android.calendar (Unknown URL content://com.android.calendar)
03-04 16:12:34.439 D/AlertReceiver(13429): onReceive: a=android.intent.action.PROVIDER_CHANGED Intent { act=android.intent.action.PROVIDER_CHANGED dat=content://com.android.calendar flg=0x10 cmp=com.asus.calendar/com.android.calendar.alerts.AlertReceiver }
03-04 16:12:34.439 V/ActivityManager(  505): Remove bg service from mStartingBackground ,r=ServiceRecord{22100d38 u0 com.android.providers.calendar/.EmptyService},r used time=1005,left r count=2
03-04 16:12:34.449 D/AlertService(13429): 0 Action = android.intent.action.PROVIDER_CHANGED
03-04 16:12:34.449 D/AlertService(13429): Beginning updateAlertNotification
03-04 16:12:34.449 I/dalvikvm(13392): Total arena pages for JIT: 11
03-04 16:12:34.449 I/dalvikvm(13392): Total arena pages for JIT: 12
03-04 16:12:34.449 I/dalvikvm(13392): Total arena pages for JIT: 13
03-04 16:12:34.449 I/dalvikvm(13392): Total arena pages for JIT: 14
03-04 16:12:34.459 I/dalvikvm(13392): Total arena pages for JIT: 15
03-04 16:12:34.459 I/dalvikvm(13392): Total arena pages for JIT: 16
03-04 16:12:34.459 D/AlertService(13429): No fired or scheduled alerts
03-04 16:12:34.469 D/BatteryStatsImpl(  505): noteStopWakeLocked com.asus.calendar isFromForeground = false
03-04 16:12:34.469 V/ActivityManager(  505): Remove bg service from mStartingBackground ,r=ServiceRecord{220940b0 u0 com.asus.calendar/com.android.calendar.alerts.AlertService},r used time=20,left r count=2
03-04 16:12:34.599 W/ufoGralloc(  170): registerBuffer() handle 0xb9606980/69 didn't require registration
03-04 16:12:34.629 D/WindowManager(  505): adjustConfigurationLw, config:{1.0 ?mcc?mnc ?locale ?layoutDir sw600dp w600dp h888dp 213dpi lrg port ?uimode ?night finger -keyb/v/h -nav/v} mLidState:1 mHasDockFeature:false mHasKeyboardFeature:false mHasHallSensorFeature:true config.hardKeyboardHidden:2
03-04 16:12:34.629 I/ActivityManager(  505): [TopPkgCurBat]	NowPkgName[com.asus.launcher]	Battery[85]	TimeTick[1425456754639]	OldPkgName[org.xwalk.webapi_noneservice_tests]
03-04 16:12:34.669 V/WeatherTimeProvider( 1102): widget on Visibility Changed
03-04 16:12:34.669 D/        (  696): Pixel Format : GGL_PIXEL_FORMAT_RGBA_8888
03-04 16:12:34.679 W/IInputConnectionWrapper(13164): showStatusIcon on inactive InputConnection
03-04 16:12:34.699 D/XT9IME  (  728): new subtype :en_US ,keyboard
03-04 16:12:34.749 D/ImageWallpaper(  571): onVisibilityChanged: mVisible, visible=false, true
03-04 16:12:34.749 D/ImageWallpaper(  571): Visibility changed to visible=true
03-04 16:12:34.749 D/ImageWallpaper(  571): Suppressed drawFrame since redraw is not needed and offsets have not changed.
03-04 16:12:34.749 D/BatteryStatsImpl(  505): noteStopWakeLocked system isFromForeground = false
03-04 16:12:34.789 D/        (13164): Surface destroy: ANDROID_NATIVE_WINDOW_MAGIC
03-04 16:12:34.789 D/        (13164): Surface destroy: ANDROID_NATIVE_WINDOW_MAGIC
03-04 16:12:34.939 D/AlarmManager(  505): Triggered Alarm 21f743b0 ELAPSED_REALTIME_WAKEUP IntentSender{22197978: PendingIntentRecord{223a75d8 com.android.providers.calendar broadcastIntent}}
03-04 16:12:34.949 D/BatteryStatsImpl(  505): noteStopWakeLocked system isFromForeground = false
03-04 16:12:34.959 D/AlarmManager(  505): Removed alarm Alarm{21f9fda8 type 0 com.android.providers.calendar} type:RTC_WAKEUP
03-04 16:12:34.969 D/AlarmManager(  505): Added alarm Alarm{220695e0 type 0 com.baidu.BaiduMap} type:RTC_WAKEUP when: At 15-3-4 4:10 repeatInterval: 0h:10m:0.0s
03-04 16:12:34.979 D/AlarmManager(  505): Added alarm Alarm{22037cd0 type 2 com.wandoujia.phoenix2} type:ELAPSED_REALTIME_WAKEUP when: After 0h:22m:2.0s
03-04 16:12:34.979 D/AlarmManager(  505): Added alarm Alarm{2202fa40 type 0 android} type:RTC_WAKEUP when: At 15-3-4 4:30 repeatInterval: 0h:30m:0.0s
03-04 16:12:34.999 D/AlarmManager(  505): Added alarm Alarm{22301338 type 0 com.android.providers.calendar} type:RTC_WAKEUP when: At 15-3-5 2:13
