03-04 16:37:40.569 I/        (23513): Requested context : GLES 2.0
03-04 16:37:40.589 W/chromium(23513): [WARNING:proxy_service.cc(899)] PAC support disabled because there is no system implementation
03-04 16:37:40.589 W/dalvikvm(23513): VFY: unable to find class referenced in signature (Landroid/view/inputmethod/CursorAnchorInfo;)
03-04 16:37:40.589 I/dalvikvm(23513): Could not find method android.view.inputmethod.InputMethodManager.updateCursorAnchorInfo, referenced from method org.chromium.content.browser.input.InputMethodManagerWrapper.updateCursorAnchorInfo
03-04 16:37:40.589 W/dalvikvm(23513): VFY: unable to resolve virtual method 1241: Landroid/view/inputmethod/InputMethodManager;.updateCursorAnchorInfo (Landroid/view/View;Landroid/view/inputmethod/CursorAnchorInfo;)V
03-04 16:37:40.589 D/dalvikvm(23513): VFY: replacing opcode 0x6e at 0x000a
03-04 16:37:40.629 E/cutils  (  162): Failed to mkdirat(/Removable/MicroSD): Read-only file system
03-04 16:37:40.629 W/Vold    (  162): Returning OperationFailed - no handler for errno 30
03-04 16:37:40.639 W/ContextImpl(23513): Failed to ensure directory: /Removable/MicroSD/Android/data/org.xwalk.webapi_service_tests/cache
03-04 16:37:40.639 W/XWalkExtensionManager(23513): Failed to read extensions-config.json
03-04 16:37:40.639 I/dalvikvm(23513): Could not find method android.app.Activity.finishAndRemoveTask, referenced from method org.chromium.base.ApiCompatibilityUtils.finishAndRemoveTask
03-04 16:37:40.639 W/dalvikvm(23513): VFY: unable to resolve virtual method 4: Landroid/app/Activity;.finishAndRemoveTask ()V
03-04 16:37:40.639 D/dalvikvm(23513): VFY: replacing opcode 0x6e at 0x0006
03-04 16:37:40.639 E/chromium(23513): [ERROR:unix_domain_server_socket_posix.cc(106)] Not implemented reached in virtual int net::UnixDomainServerSocket::GetLocalAddress(net::IPEndPoint*) const
03-04 16:37:40.639 I/dalvikvm(23513): Could not find method android.os.PowerManager.isInteractive, referenced from method org.chromium.base.ApiCompatibilityUtils.isInteractive
03-04 16:37:40.639 W/dalvikvm(23513): VFY: unable to resolve virtual method 768: Landroid/os/PowerManager;.isInteractive ()Z
03-04 16:37:40.639 D/dalvikvm(23513): VFY: replacing opcode 0x6e at 0x000e
03-04 16:37:40.639 I/dalvikvm(23513): Could not find method android.view.Window.getNavigationBarColor, referenced from method org.chromium.base.ApiCompatibilityUtils.setStatusBarColor
03-04 16:37:40.639 W/dalvikvm(23513): VFY: unable to resolve virtual method 1144: Landroid/view/Window;.getNavigationBarColor ()I
03-04 16:37:40.639 D/dalvikvm(23513): VFY: replacing opcode 0x6e at 0x0010
03-04 16:37:40.639 I/dalvikvm(23513): Could not find method android.view.Window.setStatusBarColor, referenced from method org.chromium.base.ApiCompatibilityUtils.setStatusBarColor
03-04 16:37:40.639 W/dalvikvm(23513): VFY: unable to resolve virtual method 1149: Landroid/view/Window;.setStatusBarColor (I)V
03-04 16:37:40.639 D/dalvikvm(23513): VFY: replacing opcode 0x6e at 0x0019
03-04 16:37:40.639 E/dalvikvm(23513): Could not find class 'android.app.ActivityManager$TaskDescription', referenced from method org.chromium.base.ApiCompatibilityUtils.setTaskDescription
03-04 16:37:40.639 W/dalvikvm(23513): VFY: unable to resolve new-instance 11 (Landroid/app/ActivityManager$TaskDescription;) in Lorg/chromium/base/ApiCompatibilityUtils;
03-04 16:37:40.639 D/dalvikvm(23513): VFY: replacing opcode 0x22 at 0x0006
03-04 16:37:40.639 D/dalvikvm(23513): DexOpt: unable to opt direct call 0x001e at 0x08 in Lorg/chromium/base/ApiCompatibilityUtils;.setTaskDescription
03-04 16:37:40.639 I/chromium(23513): [INFO:xwalk_extension_renderer_controller.cc(47)] EXTENSION PROCESS DISABLED.
03-04 16:37:40.689 D/        (23513): Pixel Format : GGL_PIXEL_FORMAT_RGBA_8888
03-04 16:37:40.689 D/        (23513): droid_create_context : config id = 1 conf->NativeVisualID=1
03-04 16:37:40.689 D/        (23513): Pixel Format : GGL_PIXEL_FORMAT_RGBA_8888
03-04 16:37:40.689 I/        (23513): Requested context : GLES 2.0
03-04 16:37:40.709 D/        (23513): droid_create_context : config id = 5 conf->NativeVisualID=1
03-04 16:37:40.709 D/        (23513): Pixel Format : GGL_PIXEL_FORMAT_RGBA_8888
03-04 16:37:40.709 I/        (23513): Requested context : GLES 2.0
03-04 16:37:40.729 D/        (23513): Pixel Format : GGL_PIXEL_FORMAT_RGBA_8888
03-04 16:37:40.729 D/OpenGLRenderer(23513): Enabling debug mode 0
03-04 16:37:40.789 I/WifiHW  (  505): CMD: IFNAME=wlan0 SIGNAL_POLL
03-04 16:37:40.789 D/wpa_supplicant(  694): RX ctrl_iface - hexdump(len=11): 53 49 47 4e 41 4c 5f 50 4f 4c 4c
03-04 16:37:40.789 D/wpa_supplicant(  694): wlan0: Control interface command 'SIGNAL_POLL'
03-04 16:37:40.819 D/wpa_supplicant(  694): nl80211: survey data missing!
03-04 16:37:40.819 I/WifiHW  (  505): REPLY: RSSI=-53
03-04 16:37:40.819 I/WifiHW  (  505): REPLY: LINKSPEED=19
03-04 16:37:40.819 I/WifiHW  (  505): REPLY: NOISE=9999
03-04 16:37:40.819 I/WifiHW  (  505): REPLY: FREQUENCY=2437
03-04 16:37:40.879 W/BindingManager(23513): Cannot call determinedVisibility() - never saw a connection for the pid: 23513
03-04 16:37:40.889 I/ActivityManager(  505): Displayed org.xwalk.webapi_service_tests/.WebapiServiceTestsActivity: +472ms
03-04 16:37:40.899 W/IInputConnectionWrapper(21086): showStatusIcon on inactive InputConnection
03-04 16:37:40.899 D/        (23513): Pixel Format : GGL_PIXEL_FORMAT_RGBA_8888
03-04 16:37:40.899 D/XT9IME  (21146): new subtype :en_US ,keyboard
03-04 16:37:40.899 D/        (23513): droid_create_context : config id = 1 conf->NativeVisualID=1
03-04 16:37:40.899 D/        (23513): Pixel Format : GGL_PIXEL_FORMAT_RGBA_8888
03-04 16:37:40.899 I/        (23513): Requested context : GLES 2.0
03-04 16:37:40.909 D/        (23513): Swap interval set to = 1 value
03-04 16:37:40.949 D/BatteryStatsImpl(  505): noteStopWakeLocked system isFromForeground = false
03-04 16:37:41.009 I/chromium(23513): [INFO:CONSOLE(0)] "Synchronous XMLHttpRequest on the main thread is deprecated because of its detrimental effects to the end user's experience. For more help, check http://xhr.spec.whatwg.org/.", source:  (0)
03-04 16:37:41.069 D/        (23513): Pixel Format : GGL_PIXEL_FORMAT_RGBA_8888
03-04 16:37:41.069 D/        (23513): droid_create_context : config id = 1 conf->NativeVisualID=1
03-04 16:37:41.069 D/        (23513): Pixel Format : GGL_PIXEL_FORMAT_RGBA_8888
03-04 16:37:41.069 I/        (23513): Requested context : GLES 2.0
03-04 16:37:41.219 E/TabPersistentStore(21086): Failed to create state folder: /data/data/com.chrome.beta/app_tabs/0
03-04 16:37:42.889 W/BindingManager(23513): Cannot call determinedVisibility() - never saw a connection for the pid: 23513
03-04 16:37:43.569 W/BindingManager(23513): Cannot call determinedVisibility() - never saw a connection for the pid: 23513
03-04 16:37:43.819 I/WifiHW  (  505): CMD: IFNAME=wlan0 SIGNAL_POLL
03-04 16:37:43.819 D/wpa_supplicant(  694): RX ctrl_iface - hexdump(len=11): 53 49 47 4e 41 4c 5f 50 4f 4c 4c
03-04 16:37:43.819 D/wpa_supplicant(  694): wlan0: Control interface command 'SIGNAL_POLL'
03-04 16:37:43.829 D/wpa_supplicant(  694): nl80211: survey data missing!
03-04 16:37:43.829 I/WifiHW  (  505): REPLY: RSSI=-55
03-04 16:37:43.829 I/WifiHW  (  505): REPLY: LINKSPEED=26
03-04 16:37:43.829 I/WifiHW  (  505): REPLY: NOISE=9999
03-04 16:37:43.829 I/WifiHW  (  505): REPLY: FREQUENCY=2437
03-04 16:37:44.219 W/BindingManager(23513): Cannot call determinedVisibility() - never saw a connection for the pid: 23513
03-04 16:37:44.879 W/BindingManager(23513): Cannot call determinedVisibility() - never saw a connection for the pid: 23513
03-04 16:37:45.519 W/BindingManager(23513): Cannot call determinedVisibility() - never saw a connection for the pid: 23513
03-04 16:37:46.189 W/BindingManager(23513): Cannot call determinedVisibility() - never saw a connection for the pid: 23513
03-04 16:37:46.829 I/WifiHW  (  505): CMD: IFNAME=wlan0 SIGNAL_POLL
03-04 16:37:46.829 D/wpa_supplicant(  694): RX ctrl_iface - hexdump(len=11): 53 49 47 4e 41 4c 5f 50 4f 4c 4c
03-04 16:37:46.829 D/wpa_supplicant(  694): wlan0: Control interface command 'SIGNAL_POLL'
03-04 16:37:46.859 D/wpa_supplicant(  694): nl80211: survey data missing!
03-04 16:37:46.859 I/WifiHW  (  505): REPLY: RSSI=-56
03-04 16:37:46.859 I/WifiHW  (  505): REPLY: LINKSPEED=26
03-04 16:37:46.859 I/WifiHW  (  505): REPLY: NOISE=9999
03-04 16:37:46.859 I/WifiHW  (  505): REPLY: FREQUENCY=2437
03-04 16:37:46.869 W/BindingManager(23513): Cannot call determinedVisibility() - never saw a connection for the pid: 23513
03-04 16:37:47.509 W/BindingManager(23513): Cannot call determinedVisibility() - never saw a connection for the pid: 23513
03-04 16:37:48.149 W/BindingManager(23513): Cannot call determinedVisibility() - never saw a connection for the pid: 23513
03-04 16:37:48.929 W/BindingManager(23513): Cannot call determinedVisibility() - never saw a connection for the pid: 23513
03-04 16:37:49.579 W/BindingManager(23513): Cannot call determinedVisibility() - never saw a connection for the pid: 23513
03-04 16:37:49.859 I/WifiHW  (  505): CMD: IFNAME=wlan0 SIGNAL_POLL
03-04 16:37:49.869 D/wpa_supplicant(  694): RX ctrl_iface - hexdump(len=11): 53 49 47 4e 41 4c 5f 50 4f 4c 4c
03-04 16:37:49.869 D/wpa_supplicant(  694): wlan0: Control interface command 'SIGNAL_POLL'
03-04 16:37:49.889 D/wpa_supplicant(  694): nl80211: survey data missing!
03-04 16:37:49.889 I/WifiHW  (  505): REPLY: RSSI=-53
03-04 16:37:49.889 I/WifiHW  (  505): REPLY: LINKSPEED=26
03-04 16:37:49.889 I/WifiHW  (  505): REPLY: NOISE=9999
03-04 16:37:49.889 I/WifiHW  (  505): REPLY: FREQUENCY=2437
03-04 16:37:50.239 W/BindingManager(23513): Cannot call determinedVisibility() - never saw a connection for the pid: 23513
03-04 16:37:50.469 D/        (23513): Pixel Format : GGL_PIXEL_FORMAT_RGBA_8888
03-04 16:37:52.899 I/WifiHW  (  505): CMD: IFNAME=wlan0 SIGNAL_POLL
03-04 16:37:52.899 D/wpa_supplicant(  694): RX ctrl_iface - hexdump(len=11): 53 49 47 4e 41 4c 5f 50 4f 4c 4c
03-04 16:37:52.899 D/wpa_supplicant(  694): wlan0: Control interface command 'SIGNAL_POLL'
03-04 16:37:52.929 D/wpa_supplicant(  694): nl80211: survey data missing!
03-04 16:37:52.929 I/WifiHW  (  505): REPLY: RSSI=-64
03-04 16:37:52.929 I/WifiHW  (  505): REPLY: LINKSPEED=26
03-04 16:37:52.929 I/WifiHW  (  505): REPLY: NOISE=9999
03-04 16:37:52.929 I/WifiHW  (  505): REPLY: FREQUENCY=2437
03-04 16:37:55.939 I/WifiHW  (  505): CMD: IFNAME=wlan0 SIGNAL_POLL
03-04 16:37:55.939 D/wpa_supplicant(  694): RX ctrl_iface - hexdump(len=11): 53 49 47 4e 41 4c 5f 50 4f 4c 4c
03-04 16:37:55.939 D/wpa_supplicant(  694): wlan0: Control interface command 'SIGNAL_POLL'
03-04 16:37:55.969 D/wpa_supplicant(  694): nl80211: survey data missing!
03-04 16:37:55.969 I/WifiHW  (  505): REPLY: RSSI=-65
03-04 16:37:55.969 I/WifiHW  (  505): REPLY: LINKSPEED=26
03-04 16:37:55.969 I/WifiHW  (  505): REPLY: NOISE=9999
03-04 16:37:55.969 I/WifiHW  (  505): REPLY: FREQUENCY=2437
03-04 16:37:57.819 D/EVENT_THREAD(  182): void CEventThread::run() POLLIN event on Fd (1)
03-04 16:37:57.819 D/EVENT_THREAD(  182): void CEventThread::run() Do poll with timeout: -1
03-04 16:37:58.179 D/EVENT_THREAD(  182): void CEventThread::run() POLLIN event on Fd (1)
03-04 16:37:58.179 D/EVENT_THREAD(  182): void CEventThread::run() Do poll with timeout: -1
03-04 16:37:58.179 D/EVENT_THREAD(  182): void CEventThread::run() POLLIN event on Fd (1)
03-04 16:37:58.179 D/EVENT_THREAD(  182): void CEventThread::run() Do poll with timeout: -1
03-04 16:37:58.189 I/upi_ug31xx(  165): (2139) update_capacity
03-04 16:37:58.189 I/[UPI]   (  165): <UG31/E>[UpiReadCapacity]: V=4000(4005), T=334(331-377), I=-167, C=-1(-1-0)
03-04 16:37:58.189 I/[UPI]   (  165): <UG31/E>[UpiReadCapacity]: (0x0000254a) 2930 (2921) / 3602 (4027) = 81
03-04 16:37:58.189 I/[UPI]   (  165): <UG31/E>[UpiReadCapacity]: (0x0000254a) 2930 (2921) / 3602 (4027) = 81
03-04 16:37:58.189 I/[UPI]   (  165): <UG31/E>[UpiReadCapacity]: (0x0000254a) 2929 (2929) / 3602 (4027) = 81
03-04 16:37:58.189 I/[UPI]   (  165): <UG31/E>[RsocFilterCountTime]: (0x0000254a) Step=1(60710), Full=1(60710), Lock=60710(1800000)
03-04 16:37:58.189 I/[UPI]   (  165): <UG31/E>[UpiReadCapacity]: (0x0000254a) 2929 (2929) / 3602 (4027) = 81 (-167--167)
03-04 16:37:58.189 I/[UPI]   (  165): <UG31/E><BATT> M:normal, P:81(81-81)%, V:4006mV, C:-143mA, T:33.1C(377), S:0x0000254a(000), R:2929mAh, F:3602mAh, Q:640mAh, CC:4, P:30.400(968-0)s, BO:7, 97:615:0-44af-9m:B001-20140514-144301 (16)
03-04 16:37:58.189 I/upi_ug31xx(  165): (2140) backup_data 
03-04 16:37:58.189 V/upi_ug31xx(  165): state->check_backup_count = 21
03-04 16:37:58.989 I/WifiHW  (  505): CMD: IFNAME=wlan0 SIGNAL_POLL
03-04 16:37:58.989 D/wpa_supplicant(  694): RX ctrl_iface - hexdump(len=11): 53 49 47 4e 41 4c 5f 50 4f 4c 4c
03-04 16:37:58.989 D/wpa_supplicant(  694): wlan0: Control interface command 'SIGNAL_POLL'
03-04 16:37:59.009 D/wpa_supplicant(  694): nl80211: survey data missing!
03-04 16:37:59.009 I/WifiHW  (  505): REPLY: RSSI=-67
03-04 16:37:59.009 I/WifiHW  (  505): REPLY: LINKSPEED=26
03-04 16:37:59.009 I/WifiHW  (  505): REPLY: NOISE=9999
03-04 16:37:59.009 I/WifiHW  (  505): REPLY: FREQUENCY=2437
03-04 16:37:59.999 D/Clock   (  571): ACTION_TIME_TICK
03-04 16:37:59.999 D/Clock   (  571): update clock:4:38
03-04 16:38:00.029 D/BatteryStatsImpl(  505): noteStopWakeLocked system isFromForeground = false
03-04 16:38:00.489 W/BindingManager(23513): Cannot call determinedVisibility() - never saw a connection for the pid: 23513
03-04 16:38:00.889 D/BatteryStatsImpl(  505): noteStopWakeLocked system isFromForeground = false
03-04 16:38:01.499 W/BindingManager(23513): Cannot call determinedVisibility() - never saw a connection for the pid: 23513
03-04 16:38:02.019 I/WifiHW  (  505): CMD: IFNAME=wlan0 SIGNAL_POLL
03-04 16:38:02.019 D/wpa_supplicant(  694): RX ctrl_iface - hexdump(len=11): 53 49 47 4e 41 4c 5f 50 4f 4c 4c
03-04 16:38:02.019 D/wpa_supplicant(  694): wlan0: Control interface command 'SIGNAL_POLL'
03-04 16:38:02.049 D/wpa_supplicant(  694): nl80211: survey data missing!
03-04 16:38:02.049 I/WifiHW  (  505): REPLY: RSSI=-62
03-04 16:38:02.049 I/WifiHW  (  505): REPLY: LINKSPEED=26
03-04 16:38:02.049 I/WifiHW  (  505): REPLY: NOISE=9999
03-04 16:38:02.049 I/WifiHW  (  505): REPLY: FREQUENCY=2437
03-04 16:38:02.129 W/BindingManager(23513): Cannot call determinedVisibility() - never saw a connection for the pid: 23513
03-04 16:38:02.809 W/BindingManager(23513): Cannot call determinedVisibility() - never saw a connection for the pid: 23513
03-04 16:38:03.459 W/BindingManager(23513): Cannot call determinedVisibility() - never saw a connection for the pid: 23513
03-04 16:38:04.119 W/BindingManager(23513): Cannot call determinedVisibility() - never saw a connection for the pid: 23513
03-04 16:38:04.779 W/BindingManager(23513): Cannot call determinedVisibility() - never saw a connection for the pid: 23513
03-04 16:38:05.059 I/WifiHW  (  505): CMD: IFNAME=wlan0 SIGNAL_POLL
03-04 16:38:05.059 D/wpa_supplicant(  694): RX ctrl_iface - hexdump(len=11): 53 49 47 4e 41 4c 5f 50 4f 4c 4c
03-04 16:38:05.059 D/wpa_supplicant(  694): wlan0: Control interface command 'SIGNAL_POLL'
03-04 16:38:05.089 D/wpa_supplicant(  694): nl80211: survey data missing!
03-04 16:38:05.089 I/WifiHW  (  505): REPLY: RSSI=-61
03-04 16:38:05.089 I/WifiHW  (  505): REPLY: LINKSPEED=26
03-04 16:38:05.089 I/WifiHW  (  505): REPLY: NOISE=9999
03-04 16:38:05.089 I/WifiHW  (  505): REPLY: FREQUENCY=2437
03-04 16:38:05.449 W/BindingManager(23513): Cannot call determinedVisibility() - never saw a connection for the pid: 23513
03-04 16:38:06.129 W/BindingManager(23513): Cannot call determinedVisibility() - never saw a connection for the pid: 23513
03-04 16:38:06.789 W/BindingManager(23513): Cannot call determinedVisibility() - never saw a connection for the pid: 23513
03-04 16:38:07.459 W/BindingManager(23513): Cannot call determinedVisibility() - never saw a connection for the pid: 23513
03-04 16:38:08.109 I/WifiHW  (  505): CMD: IFNAME=wlan0 SIGNAL_POLL
03-04 16:38:08.109 D/wpa_supplicant(  694): RX ctrl_iface - hexdump(len=11): 53 49 47 4e 41 4c 5f 50 4f 4c 4c
03-04 16:38:08.109 D/wpa_supplicant(  694): wlan0: Control interface command 'SIGNAL_POLL'
03-04 16:38:08.109 D/wpa_supplicant(  694): nl80211: survey data missing!
03-04 16:38:08.109 I/WifiHW  (  505): REPLY: RSSI=-59
03-04 16:38:08.109 I/WifiHW  (  505): REPLY: LINKSPEED=26
03-04 16:38:08.109 I/WifiHW  (  505): REPLY: NOISE=9999
03-04 16:38:08.109 I/WifiHW  (  505): REPLY: FREQUENCY=2437
03-04 16:38:08.249 W/BindingManager(23513): Cannot call determinedVisibility() - never saw a connection for the pid: 23513
03-04 16:38:08.309 D/        (23513): Pixel Format : GGL_PIXEL_FORMAT_RGBA_8888
03-04 16:38:11.129 I/WifiHW  (  505): CMD: IFNAME=wlan0 SIGNAL_POLL
03-04 16:38:11.129 D/wpa_supplicant(  694): RX ctrl_iface - hexdump(len=11): 53 49 47 4e 41 4c 5f 50 4f 4c 4c
03-04 16:38:11.129 D/wpa_supplicant(  694): wlan0: Control interface command 'SIGNAL_POLL'
03-04 16:38:11.149 D/wpa_supplicant(  694): nl80211: survey data missing!
03-04 16:38:11.149 I/WifiHW  (  505): REPLY: RSSI=-60
03-04 16:38:11.149 I/WifiHW  (  505): REPLY: LINKSPEED=26
03-04 16:38:11.149 I/WifiHW  (  505): REPLY: NOISE=9999
03-04 16:38:11.149 I/WifiHW  (  505): REPLY: FREQUENCY=2437
03-04 16:38:14.169 I/WifiHW  (  505): CMD: IFNAME=wlan0 SIGNAL_POLL
03-04 16:38:14.169 D/wpa_supplicant(  694): RX ctrl_iface - hexdump(len=11): 53 49 47 4e 41 4c 5f 50 4f 4c 4c
03-04 16:38:14.169 D/wpa_supplicant(  694): wlan0: Control interface command 'SIGNAL_POLL'
03-04 16:38:14.189 D/wpa_supplicant(  694): nl80211: survey data missing!
03-04 16:38:14.189 I/WifiHW  (  505): REPLY: RSSI=-62
03-04 16:38:14.189 I/WifiHW  (  505): REPLY: LINKSPEED=26
03-04 16:38:14.189 I/WifiHW  (  505): REPLY: NOISE=9999
03-04 16:38:14.189 I/WifiHW  (  505): REPLY: FREQUENCY=2437
03-04 16:38:17.209 I/WifiHW  (  505): CMD: IFNAME=wlan0 SIGNAL_POLL
03-04 16:38:17.209 D/wpa_supplicant(  694): RX ctrl_iface - hexdump(len=11): 53 49 47 4e 41 4c 5f 50 4f 4c 4c
03-04 16:38:17.209 D/wpa_supplicant(  694): wlan0: Control interface command 'SIGNAL_POLL'
03-04 16:38:17.229 D/wpa_supplicant(  694): nl80211: survey data missing!
03-04 16:38:17.229 I/WifiHW  (  505): REPLY: RSSI=-60
03-04 16:38:17.229 I/WifiHW  (  505): REPLY: LINKSPEED=26
03-04 16:38:17.229 I/WifiHW  (  505): REPLY: NOISE=9999
03-04 16:38:17.229 I/WifiHW  (  505): REPLY: FREQUENCY=2437
03-04 16:38:18.439 W/BindingManager(23513): Cannot call determinedVisibility() - never saw a connection for the pid: 23513
03-04 16:38:19.109 W/BindingManager(23513): Cannot call determinedVisibility() - never saw a connection for the pid: 23513
03-04 16:38:19.749 W/BindingManager(23513): Cannot call determinedVisibility() - never saw a connection for the pid: 23513
03-04 16:38:20.239 I/WifiHW  (  505): CMD: IFNAME=wlan0 SIGNAL_POLL
03-04 16:38:20.239 D/wpa_supplicant(  694): RX ctrl_iface - hexdump(len=11): 53 49 47 4e 41 4c 5f 50 4f 4c 4c
03-04 16:38:20.239 D/wpa_supplicant(  694): wlan0: Control interface command 'SIGNAL_POLL'
03-04 16:38:20.269 D/wpa_supplicant(  694): nl80211: survey data missing!
03-04 16:38:20.269 I/WifiHW  (  505): REPLY: RSSI=-61
03-04 16:38:20.269 I/WifiHW  (  505): REPLY: LINKSPEED=26
03-04 16:38:20.269 I/WifiHW  (  505): REPLY: NOISE=9999
03-04 16:38:20.269 I/WifiHW  (  505): REPLY: FREQUENCY=2437
03-04 16:38:20.509 W/BindingManager(23513): Cannot call determinedVisibility() - never saw a connection for the pid: 23513
03-04 16:38:21.199 W/BindingManager(23513): Cannot call determinedVisibility() - never saw a connection for the pid: 23513
03-04 16:38:21.259 D/        (23513): Pixel Format : GGL_PIXEL_FORMAT_RGBA_8888
03-04 16:38:23.279 I/WifiHW  (  505): CMD: IFNAME=wlan0 SIGNAL_POLL
03-04 16:38:23.279 D/wpa_supplicant(  694): RX ctrl_iface - hexdump(len=11): 53 49 47 4e 41 4c 5f 50 4f 4c 4c
03-04 16:38:23.279 D/wpa_supplicant(  694): wlan0: Control interface command 'SIGNAL_POLL'
03-04 16:38:23.309 D/wpa_supplicant(  694): nl80211: survey data missing!
03-04 16:38:23.309 I/WifiHW  (  505): REPLY: RSSI=-52
03-04 16:38:23.309 I/WifiHW  (  505): REPLY: LINKSPEED=26
03-04 16:38:23.309 I/WifiHW  (  505): REPLY: NOISE=9999
03-04 16:38:23.309 I/WifiHW  (  505): REPLY: FREQUENCY=2437
03-04 16:38:26.319 I/WifiHW  (  505): CMD: IFNAME=wlan0 SIGNAL_POLL
03-04 16:38:26.319 D/wpa_supplicant(  694): RX ctrl_iface - hexdump(len=11): 53 49 47 4e 41 4c 5f 50 4f 4c 4c
03-04 16:38:26.319 D/wpa_supplicant(  694): wlan0: Control interface command 'SIGNAL_POLL'
03-04 16:38:26.349 D/wpa_supplicant(  694): nl80211: survey data missing!
03-04 16:38:26.349 I/WifiHW  (  505): REPLY: RSSI=-55
03-04 16:38:26.349 I/WifiHW  (  505): REPLY: LINKSPEED=26
03-04 16:38:26.349 I/WifiHW  (  505): REPLY: NOISE=9999
03-04 16:38:26.349 I/WifiHW  (  505): REPLY: FREQUENCY=2437
03-04 16:38:28.479 D/EVENT_THREAD(  182): void CEventThread::run() POLLIN event on Fd (1)
03-04 16:38:28.479 D/EVENT_THREAD(  182): void CEventThread::run() Do poll with timeout: -1
03-04 16:38:28.479 I/upi_ug31xx(  165): (2141) update_capacity
03-04 16:38:28.479 I/[UPI]   (  165): <UG31/E>[UpiReadCapacity]: V=4002(4008), T=332(329-375), I=-129, C=-2(-2-0)
03-04 16:38:28.479 I/[UPI]   (  165): <UG31/E>[UpiReadCapacity]: (0x0000254a) 2929 (2926) / 3602 (4027) = 81
03-04 16:38:28.479 I/[UPI]   (  165): <UG31/E>[UpiReadCapacity]: (0x0000254a) 2929 (2926) / 3602 (4027) = 81
03-04 16:38:28.479 I/[UPI]   (  165): <UG31/E>[UpiReadCapacity]: (0x0000254a) 2927 (2927) / 3602 (4027) = 81
03-04 16:38:28.479 I/[UPI]   (  165): <UG31/E>[RsocFilterCountTime]: (0x0000254a) Step=1(91110), Full=1(91110), Lock=91110(2203534)
03-04 16:38:28.479 I/[UPI]   (  165): <UG31/E>[UpiReadCapacity]: (0x0000254a) 2927 (2927) / 3602 (4027) = 81 (-129--129)
03-04 16:38:28.479 I/[UPI]   (  165): <UG31/E><BATT> M:normal, P:81(81-81)%, V:4011mV, C:-103mA, T:32.9C(375), S:0x0000254a(000), R:2927mAh, F:3602mAh, Q:638mAh, CC:4, P:30.400(970-0)s, BO:7, 97:615:0-44af-9m:B001-20140514-144301 (16)
03-04 16:38:28.479 D/EVENT_THREAD(  182): void CEventThread::run() POLLIN event on Fd (1)
03-04 16:38:28.479 D/EVENT_THREAD(  182): void CEventThread::run() Do poll with timeout: -1
03-04 16:38:28.479 I/upi_ug31xx(  165): (2142) backup_data 
03-04 16:38:28.479 V/upi_ug31xx(  165): state->check_backup_count = 1
03-04 16:38:29.359 I/WifiHW  (  505): CMD: IFNAME=wlan0 SIGNAL_POLL
03-04 16:38:29.359 D/wpa_supplicant(  694): RX ctrl_iface - hexdump(len=11): 53 49 47 4e 41 4c 5f 50 4f 4c 4c
03-04 16:38:29.359 D/wpa_supplicant(  694): wlan0: Control interface command 'SIGNAL_POLL'
03-04 16:38:29.389 D/wpa_supplicant(  694): nl80211: survey data missing!
03-04 16:38:29.389 I/WifiHW  (  505): REPLY: RSSI=-51
03-04 16:38:29.389 I/WifiHW  (  505): REPLY: LINKSPEED=26
03-04 16:38:29.389 I/WifiHW  (  505): REPLY: NOISE=9999
03-04 16:38:29.389 I/WifiHW  (  505): REPLY: FREQUENCY=2437
03-04 16:38:31.339 W/BindingManager(23513): Cannot call determinedVisibility() - never saw a connection for the pid: 23513
03-04 16:38:31.399 D/        (23513): Pixel Format : GGL_PIXEL_FORMAT_RGBA_8888
03-04 16:38:32.409 I/WifiHW  (  505): CMD: IFNAME=wlan0 SIGNAL_POLL
03-04 16:38:32.409 D/wpa_supplicant(  694): RX ctrl_iface - hexdump(len=11): 53 49 47 4e 41 4c 5f 50 4f 4c 4c
03-04 16:38:32.409 D/wpa_supplicant(  694): wlan0: Control interface command 'SIGNAL_POLL'
03-04 16:38:32.429 D/wpa_supplicant(  694): nl80211: survey data missing!
03-04 16:38:32.429 I/WifiHW  (  505): REPLY: RSSI=-52
03-04 16:38:32.429 I/WifiHW  (  505): REPLY: LINKSPEED=26
03-04 16:38:32.429 I/WifiHW  (  505): REPLY: NOISE=9999
03-04 16:38:32.429 I/WifiHW  (  505): REPLY: FREQUENCY=2437
03-04 16:38:35.439 I/WifiHW  (  505): CMD: IFNAME=wlan0 SIGNAL_POLL
03-04 16:38:35.439 D/wpa_supplicant(  694): RX ctrl_iface - hexdump(len=11): 53 49 47 4e 41 4c 5f 50 4f 4c 4c
03-04 16:38:35.439 D/wpa_supplicant(  694): wlan0: Control interface command 'SIGNAL_POLL'
03-04 16:38:35.469 D/wpa_supplicant(  694): nl80211: survey data missing!
03-04 16:38:35.469 I/WifiHW  (  505): REPLY: RSSI=-51
03-04 16:38:35.469 I/WifiHW  (  505): REPLY: LINKSPEED=26
03-04 16:38:35.469 I/WifiHW  (  505): REPLY: NOISE=9999
03-04 16:38:35.469 I/WifiHW  (  505): REPLY: FREQUENCY=2437
03-04 16:38:38.489 I/WifiHW  (  505): CMD: IFNAME=wlan0 SIGNAL_POLL
03-04 16:38:38.489 D/wpa_supplicant(  694): RX ctrl_iface - hexdump(len=11): 53 49 47 4e 41 4c 5f 50 4f 4c 4c
03-04 16:38:38.489 D/wpa_supplicant(  694): wlan0: Control interface command 'SIGNAL_POLL'
03-04 16:38:38.509 D/wpa_supplicant(  694): nl80211: survey data missing!
03-04 16:38:38.509 I/WifiHW  (  505): REPLY: RSSI=-50
03-04 16:38:38.509 I/WifiHW  (  505): REPLY: LINKSPEED=26
03-04 16:38:38.509 I/WifiHW  (  505): REPLY: NOISE=9999
03-04 16:38:38.509 I/WifiHW  (  505): REPLY: FREQUENCY=2437
03-04 16:38:41.469 W/BindingManager(23513): Cannot call determinedVisibility() - never saw a connection for the pid: 23513
03-04 16:38:41.519 I/WifiHW  (  505): CMD: IFNAME=wlan0 SIGNAL_POLL
03-04 16:38:41.519 D/wpa_supplicant(  694): RX ctrl_iface - hexdump(len=11): 53 49 47 4e 41 4c 5f 50 4f 4c 4c
03-04 16:38:41.519 D/wpa_supplicant(  694): wlan0: Control interface command 'SIGNAL_POLL'
03-04 16:38:41.519 I/dalvikvm(23513): Total arena pages for JIT: 11
03-04 16:38:41.539 D/wpa_supplicant(  694): nl80211: survey data missing!
03-04 16:38:41.539 I/WifiHW  (  505): REPLY: RSSI=-51
03-04 16:38:41.539 I/WifiHW  (  505): REPLY: LINKSPEED=26
03-04 16:38:41.539 I/WifiHW  (  505): REPLY: NOISE=9999
03-04 16:38:41.539 I/WifiHW  (  505): REPLY: FREQUENCY=2437
03-04 16:38:41.539 D/        (23513): Pixel Format : GGL_PIXEL_FORMAT_RGBA_8888
03-04 16:38:44.539 I/WifiHW  (  505): CMD: IFNAME=wlan0 SIGNAL_POLL
03-04 16:38:44.539 D/wpa_supplicant(  694): RX ctrl_iface - hexdump(len=11): 53 49 47 4e 41 4c 5f 50 4f 4c 4c
03-04 16:38:44.539 D/wpa_supplicant(  694): wlan0: Control interface command 'SIGNAL_POLL'
03-04 16:38:44.569 D/wpa_supplicant(  694): nl80211: survey data missing!
03-04 16:38:44.569 I/WifiHW  (  505): REPLY: RSSI=-49
03-04 16:38:44.569 I/WifiHW  (  505): REPLY: LINKSPEED=26
03-04 16:38:44.569 I/WifiHW  (  505): REPLY: NOISE=9999
03-04 16:38:44.569 I/WifiHW  (  505): REPLY: FREQUENCY=2437
03-04 16:38:47.589 I/WifiHW  (  505): CMD: IFNAME=wlan0 SIGNAL_POLL
03-04 16:38:47.589 D/wpa_supplicant(  694): RX ctrl_iface - hexdump(len=11): 53 49 47 4e 41 4c 5f 50 4f 4c 4c
03-04 16:38:47.589 D/wpa_supplicant(  694): wlan0: Control interface command 'SIGNAL_POLL'
03-04 16:38:47.609 D/wpa_supplicant(  694): nl80211: survey data missing!
03-04 16:38:47.609 I/WifiHW  (  505): REPLY: RSSI=-51
03-04 16:38:47.609 I/WifiHW  (  505): REPLY: LINKSPEED=26
03-04 16:38:47.609 I/WifiHW  (  505): REPLY: NOISE=9999
03-04 16:38:47.609 I/WifiHW  (  505): REPLY: FREQUENCY=2437
03-04 16:38:50.619 I/WifiHW  (  505): CMD: IFNAME=wlan0 SIGNAL_POLL
03-04 16:38:50.619 D/wpa_supplicant(  694): RX ctrl_iface - hexdump(len=11): 53 49 47 4e 41 4c 5f 50 4f 4c 4c
03-04 16:38:50.619 D/wpa_supplicant(  694): wlan0: Control interface command 'SIGNAL_POLL'
03-04 16:38:50.649 D/wpa_supplicant(  694): nl80211: survey data missing!
03-04 16:38:50.649 I/WifiHW  (  505): REPLY: RSSI=-50
03-04 16:38:50.649 I/WifiHW  (  505): REPLY: LINKSPEED=26
03-04 16:38:50.649 I/WifiHW  (  505): REPLY: NOISE=9999
03-04 16:38:50.649 I/WifiHW  (  505): REPLY: FREQUENCY=2437
03-04 16:38:51.599 W/BindingManager(23513): Cannot call determinedVisibility() - never saw a connection for the pid: 23513
03-04 16:38:52.359 W/BindingManager(23513): Cannot call determinedVisibility() - never saw a connection for the pid: 23513
03-04 16:38:53.659 I/WifiHW  (  505): CMD: IFNAME=wlan0 SIGNAL_POLL
03-04 16:38:53.659 D/wpa_supplicant(  694): RX ctrl_iface - hexdump(len=11): 53 49 47 4e 41 4c 5f 50 4f 4c 4c
03-04 16:38:53.659 D/wpa_supplicant(  694): wlan0: Control interface command 'SIGNAL_POLL'
03-04 16:38:53.679 D/wpa_supplicant(  694): nl80211: survey data missing!
03-04 16:38:53.679 I/WifiHW  (  505): REPLY: RSSI=-50
03-04 16:38:53.679 I/WifiHW  (  505): REPLY: LINKSPEED=26
03-04 16:38:53.679 I/WifiHW  (  505): REPLY: NOISE=9999
03-04 16:38:53.679 I/WifiHW  (  505): REPLY: FREQUENCY=2437
03-04 16:38:54.479 W/BindingManager(23513): Cannot call determinedVisibility() - never saw a connection for the pid: 23513
03-04 16:38:55.559 W/BindingManager(23513): Cannot call determinedVisibility() - never saw a connection for the pid: 23513
03-04 16:38:56.399 W/BindingManager(23513): Cannot call determinedVisibility() - never saw a connection for the pid: 23513
03-04 16:38:56.679 I/WifiHW  (  505): CMD: IFNAME=wlan0 SIGNAL_POLL
03-04 16:38:56.679 D/wpa_supplicant(  694): RX ctrl_iface - hexdump(len=11): 53 49 47 4e 41 4c 5f 50 4f 4c 4c
03-04 16:38:56.679 D/wpa_supplicant(  694): wlan0: Control interface command 'SIGNAL_POLL'
03-04 16:38:56.709 D/wpa_supplicant(  694): nl80211: survey data missing!
03-04 16:38:56.709 I/WifiHW  (  505): REPLY: RSSI=-48
03-04 16:38:56.709 I/WifiHW  (  505): REPLY: LINKSPEED=26
03-04 16:38:56.709 I/WifiHW  (  505): REPLY: NOISE=9999
03-04 16:38:56.709 I/WifiHW  (  505): REPLY: FREQUENCY=2437
03-04 16:38:57.619 W/BindingManager(23513): Cannot call determinedVisibility() - never saw a connection for the pid: 23513
03-04 16:38:57.919 D/EVENT_THREAD(  182): void CEventThread::run() POLLIN event on Fd (1)
03-04 16:38:57.919 D/EVENT_THREAD(  182): void CEventThread::run() Do poll with timeout: -1
03-04 16:38:58.779 D/EVENT_THREAD(  182): void CEventThread::run() POLLIN event on Fd (1)
03-04 16:38:58.779 D/EVENT_THREAD(  182): void CEventThread::run() Do poll with timeout: -1
03-04 16:38:58.789 D/EVENT_THREAD(  182): void CEventThread::run() POLLIN event on Fd (1)
03-04 16:38:58.789 D/EVENT_THREAD(  182): void CEventThread::run() Do poll with timeout: -1
03-04 16:38:58.789 I/upi_ug31xx(  165): (2143) update_capacity
03-04 16:38:58.789 I/[UPI]   (  165): <UG31/E>[UpiReadCapacity]: V=4003(4007), T=330(326-369), I=-334, C=-1(-1-0)
03-04 16:38:58.789 I/[UPI]   (  165): <UG31/E>[UpiReadCapacity]: (0x0000254a) 2927 (2928) / 3602 (4027) = 81
03-04 16:38:58.789 I/[UPI]   (  165): <UG31/E>[UpiReadCapacity]: (0x0000254a) 2927 (2928) / 3602 (4027) = 81
03-04 16:38:58.789 I/[UPI]   (  165): <UG31/E>[UpiReadCapacity]: (0x0000254a) 2926 (2926) / 3602 (4027) = 81
03-04 16:38:58.789 I/[UPI]   (  165): <UG31/E>[RsocFilterCountTime]: (0x0000254a) Step=2(121410), Full=2(121410), Lock=121410(1800000)
03-04 16:38:58.789 I/[UPI]   (  165): <UG31/E>[UpiReadCapacity]: (0x0000254a) 2926 (2926) / 3602 (4027) = 81 (-334--334)
03-04 16:38:58.789 I/[UPI]   (  165): <UG31/E><BATT> M:normal, P:81(81-81)%, V:4005mV, C:-371mA, T:32.6C(369), S:0x0000254a(000), R:2926mAh, F:3602mAh, Q:637mAh, CC:4, P:30.300(971-0)s, BO:7, 97:615:0-44af-9m:B001-20140514-144301 (16)
03-04 16:38:58.789 I/upi_ug31xx(  165): (2144) backup_data 
03-04 16:38:58.789 V/upi_ug31xx(  165): state->check_backup_count = 2
03-04 16:38:59.159 W/BindingManager(23513): Cannot call determinedVisibility() - never saw a connection for the pid: 23513
03-04 16:38:59.709 I/WifiHW  (  505): CMD: IFNAME=wlan0 SIGNAL_POLL
03-04 16:38:59.709 D/wpa_supplicant(  694): RX ctrl_iface - hexdump(len=11): 53 49 47 4e 41 4c 5f 50 4f 4c 4c
03-04 16:38:59.709 D/wpa_supplicant(  694): wlan0: Control interface command 'SIGNAL_POLL'
03-04 16:38:59.739 D/wpa_supplicant(  694): nl80211: survey data missing!
03-04 16:38:59.739 I/WifiHW  (  505): REPLY: RSSI=-49
03-04 16:38:59.739 I/WifiHW  (  505): REPLY: LINKSPEED=26
03-04 16:38:59.739 I/WifiHW  (  505): REPLY: NOISE=9999
03-04 16:38:59.739 I/WifiHW  (  505): REPLY: FREQUENCY=2437
03-04 16:38:59.999 D/Clock   (  571): ACTION_TIME_TICK
03-04 16:38:59.999 D/Clock   (  571): update clock:4:39
03-04 16:39:00.009 D/BatteryStatsImpl(  505): noteStopWakeLocked system isFromForeground = false
03-04 16:39:00.099 W/BindingManager(23513): Cannot call determinedVisibility() - never saw a connection for the pid: 23513
03-04 16:39:00.739 I/chromium(23513): [INFO:CONSOLE(65)] "WebSocket connection to 'ws://html5labs%20interop.cloudapp.net:8081/echo' failed: Error in connection establishment: net::ERR_NAME_NOT_RESOLVED", source: http://127.0.0.1:8080/opt/tct-websocket-w3c-tests/websocket/w3c/websocket.js (65)
03-04 16:39:01.169 W/chromium(23513): [WARNING:openssl_ssl_util.cc(152)] Unmapped error reason: 165
03-04 16:39:01.169 E/chromium(23513): [ERROR:ssl_client_socket_openssl.cc(1071)] handshake failed; returned -1, SSL error code 1, net_error -107
03-04 16:39:01.179 W/chromium(23513): [WARNING:openssl_ssl_util.cc(152)] Unmapped error reason: 165
03-04 16:39:01.179 E/chromium(23513): [ERROR:ssl_client_socket_openssl.cc(1071)] handshake failed; returned -1, SSL error code 1, net_error -107
03-04 16:39:01.199 W/chromium(23513): [WARNING:openssl_ssl_util.cc(152)] Unmapped error reason: 165
03-04 16:39:01.199 E/chromium(23513): [ERROR:ssl_client_socket_openssl.cc(1071)] handshake failed; returned -1, SSL error code 1, net_error -107
03-04 16:39:01.219 I/chromium(23513): [INFO:CONSOLE(75)] "WebSocket connection to 'wss://localhost:8080/' failed: Error in connection establishment: net::ERR_SSL_PROTOCOL_ERROR", source: http://127.0.0.1:8080/opt/tct-websocket-w3c-tests/websocket/support/websocket.js (75)
03-04 16:39:01.609 D/        (23513): Pixel Format : GGL_PIXEL_FORMAT_RGBA_8888
03-04 16:39:02.759 I/WifiHW  (  505): CMD: IFNAME=wlan0 SIGNAL_POLL
03-04 16:39:02.759 D/wpa_supplicant(  694): RX ctrl_iface - hexdump(len=11): 53 49 47 4e 41 4c 5f 50 4f 4c 4c
03-04 16:39:02.759 D/wpa_supplicant(  694): wlan0: Control interface command 'SIGNAL_POLL'
03-04 16:39:02.779 D/wpa_supplicant(  694): nl80211: survey data missing!
03-04 16:39:02.779 I/WifiHW  (  505): REPLY: RSSI=-49
03-04 16:39:02.779 I/WifiHW  (  505): REPLY: LINKSPEED=26
03-04 16:39:02.779 I/WifiHW  (  505): REPLY: NOISE=9999
03-04 16:39:02.779 I/WifiHW  (  505): REPLY: FREQUENCY=2437
03-04 16:39:05.799 I/WifiHW  (  505): CMD: IFNAME=wlan0 SIGNAL_POLL
03-04 16:39:05.799 D/wpa_supplicant(  694): RX ctrl_iface - hexdump(len=11): 53 49 47 4e 41 4c 5f 50 4f 4c 4c
03-04 16:39:05.799 D/wpa_supplicant(  694): wlan0: Control interface command 'SIGNAL_POLL'
03-04 16:39:05.819 D/wpa_supplicant(  694): nl80211: survey data missing!
03-04 16:39:05.819 I/WifiHW  (  505): REPLY: RSSI=-48
03-04 16:39:05.819 I/WifiHW  (  505): REPLY: LINKSPEED=19
03-04 16:39:05.819 I/WifiHW  (  505): REPLY: NOISE=9999
03-04 16:39:05.819 I/WifiHW  (  505): REPLY: FREQUENCY=2437
03-04 16:39:08.839 I/WifiHW  (  505): CMD: IFNAME=wlan0 SIGNAL_POLL
03-04 16:39:08.839 D/wpa_supplicant(  694): RX ctrl_iface - hexdump(len=11): 53 49 47 4e 41 4c 5f 50 4f 4c 4c
03-04 16:39:08.839 D/wpa_supplicant(  694): wlan0: Control interface command 'SIGNAL_POLL'
03-04 16:39:08.859 D/wpa_supplicant(  694): nl80211: survey data missing!
03-04 16:39:08.859 I/WifiHW  (  505): REPLY: RSSI=-49
03-04 16:39:08.859 I/WifiHW  (  505): REPLY: LINKSPEED=19
03-04 16:39:08.859 I/WifiHW  (  505): REPLY: NOISE=9999
03-04 16:39:08.859 I/WifiHW  (  505): REPLY: FREQUENCY=2437
03-04 16:39:11.869 I/WifiHW  (  505): CMD: IFNAME=wlan0 SIGNAL_POLL
03-04 16:39:11.869 D/wpa_supplicant(  694): RX ctrl_iface - hexdump(len=11): 53 49 47 4e 41 4c 5f 50 4f 4c 4c
03-04 16:39:11.869 D/wpa_supplicant(  694): wlan0: Control interface command 'SIGNAL_POLL'
03-04 16:39:11.899 D/wpa_supplicant(  694): nl80211: survey data missing!
03-04 16:39:11.899 I/WifiHW  (  505): REPLY: RSSI=-49
03-04 16:39:11.899 I/WifiHW  (  505): REPLY: LINKSPEED=19
03-04 16:39:11.899 I/WifiHW  (  505): REPLY: NOISE=9999
03-04 16:39:11.899 I/WifiHW  (  505): REPLY: FREQUENCY=2437
03-04 16:39:11.949 W/BindingManager(23513): Cannot call determinedVisibility() - never saw a connection for the pid: 23513
03-04 16:39:11.999 D/        (23513): Pixel Format : GGL_PIXEL_FORMAT_RGBA_8888
03-04 16:39:14.909 I/WifiHW  (  505): CMD: IFNAME=wlan0 SIGNAL_POLL
03-04 16:39:14.909 D/wpa_supplicant(  694): RX ctrl_iface - hexdump(len=11): 53 49 47 4e 41 4c 5f 50 4f 4c 4c
03-04 16:39:14.909 D/wpa_supplicant(  694): wlan0: Control interface command 'SIGNAL_POLL'
03-04 16:39:14.929 D/wpa_supplicant(  694): nl80211: survey data missing!
03-04 16:39:14.929 I/WifiHW  (  505): REPLY: RSSI=-50
03-04 16:39:14.929 I/WifiHW  (  505): REPLY: LINKSPEED=19
03-04 16:39:14.929 I/WifiHW  (  505): REPLY: NOISE=9999
03-04 16:39:14.929 I/WifiHW  (  505): REPLY: FREQUENCY=2437
03-04 16:39:17.949 I/WifiHW  (  505): CMD: IFNAME=wlan0 SIGNAL_POLL
03-04 16:39:17.949 D/wpa_supplicant(  694): RX ctrl_iface - hexdump(len=11): 53 49 47 4e 41 4c 5f 50 4f 4c 4c
03-04 16:39:17.949 D/wpa_supplicant(  694): wlan0: Control interface command 'SIGNAL_POLL'
03-04 16:39:17.949 D/wpa_supplicant(  694): nl80211: survey data missing!
03-04 16:39:17.949 I/WifiHW  (  505): REPLY: RSSI=-51
03-04 16:39:17.949 I/WifiHW  (  505): REPLY: LINKSPEED=19
03-04 16:39:17.949 I/WifiHW  (  505): REPLY: NOISE=9999
03-04 16:39:17.949 I/WifiHW  (  505): REPLY: FREQUENCY=2437
03-04 16:39:20.959 I/WifiHW  (  505): CMD: IFNAME=wlan0 SIGNAL_POLL
03-04 16:39:20.959 D/wpa_supplicant(  694): RX ctrl_iface - hexdump(len=11): 53 49 47 4e 41 4c 5f 50 4f 4c 4c
03-04 16:39:20.959 D/wpa_supplicant(  694): wlan0: Control interface command 'SIGNAL_POLL'
03-04 16:39:20.979 D/wpa_supplicant(  694): nl80211: survey data missing!
03-04 16:39:20.979 I/WifiHW  (  505): REPLY: RSSI=-60
03-04 16:39:20.979 I/WifiHW  (  505): REPLY: LINKSPEED=19
03-04 16:39:20.979 I/WifiHW  (  505): REPLY: NOISE=9999
03-04 16:39:20.979 I/WifiHW  (  505): REPLY: FREQUENCY=2437
03-04 16:39:22.159 W/BindingManager(23513): Cannot call determinedVisibility() - never saw a connection for the pid: 23513
03-04 16:39:22.219 D/        (23513): Pixel Format : GGL_PIXEL_FORMAT_RGBA_8888
03-04 16:39:23.989 I/WifiHW  (  505): CMD: IFNAME=wlan0 SIGNAL_POLL
03-04 16:39:23.989 D/wpa_supplicant(  694): RX ctrl_iface - hexdump(len=11): 53 49 47 4e 41 4c 5f 50 4f 4c 4c
03-04 16:39:23.989 D/wpa_supplicant(  694): wlan0: Control interface command 'SIGNAL_POLL'
03-04 16:39:24.019 D/wpa_supplicant(  694): nl80211: survey data missing!
03-04 16:39:24.019 I/WifiHW  (  505): REPLY: RSSI=-65
03-04 16:39:24.019 I/WifiHW  (  505): REPLY: LINKSPEED=19
03-04 16:39:24.019 I/WifiHW  (  505): REPLY: NOISE=9999
03-04 16:39:24.019 I/WifiHW  (  505): REPLY: FREQUENCY=2437
03-04 16:39:27.029 I/WifiHW  (  505): CMD: IFNAME=wlan0 SIGNAL_POLL
03-04 16:39:27.029 D/wpa_supplicant(  694): RX ctrl_iface - hexdump(len=11): 53 49 47 4e 41 4c 5f 50 4f 4c 4c
03-04 16:39:27.029 D/wpa_supplicant(  694): wlan0: Control interface command 'SIGNAL_POLL'
03-04 16:39:27.059 D/wpa_supplicant(  694): nl80211: survey data missing!
03-04 16:39:27.059 I/WifiHW  (  505): REPLY: RSSI=-64
03-04 16:39:27.059 I/WifiHW  (  505): REPLY: LINKSPEED=19
03-04 16:39:27.059 I/WifiHW  (  505): REPLY: NOISE=9999
03-04 16:39:27.059 I/WifiHW  (  505): REPLY: FREQUENCY=2437
03-04 16:39:29.129 D/EVENT_THREAD(  182): void CEventThread::run() POLLIN event on Fd (1)
03-04 16:39:29.129 D/EVENT_THREAD(  182): void CEventThread::run() Do poll with timeout: -1
03-04 16:39:29.129 I/upi_ug31xx(  165): (2145) update_capacity
03-04 16:39:29.129 I/[UPI]   (  165): <UG31/E>[UpiReadCapacity]: V=4004(4006), T=328(324-368), I=-215, C=-2(-2-0)
03-04 16:39:29.129 I/[UPI]   (  165): <UG31/E>[UpiReadCapacity]: (0x0000254a) 2926 (2932) / 3602 (4027) = 81
03-04 16:39:29.129 I/[UPI]   (  165): <UG31/E>[UpiReadCapacity]: (0x0000254a) 2926 (2932) / 3602 (4027) = 81
03-04 16:39:29.129 I/[UPI]   (  165): <UG31/E>[UpiReadCapacity]: (0x0000254a) 2924 (2924) / 3602 (4027) = 81
03-04 16:39:29.129 I/[UPI]   (  165): <UG31/E>[RsocFilterCountTime]: (0x0000254a) Step=2(151760), Full=2(151760), Lock=151760(1800000)
03-04 16:39:29.129 I/[UPI]   (  165): <UG31/E>[UpiReadCapacity]: (0x0000254a) 2924 (2924) / 3602 (4027) = 81 (-215--215)
03-04 16:39:29.129 I/[UPI]   (  165): <UG31/E><BATT> M:normal, P:81(81-81)%, V:4005mV, C:-96mA, T:32.4C(368), S:0x0000254a(000), R:2924mAh, F:3602mAh, Q:635mAh, CC:4, P:30.350(973-0)s, BO:7, 97:615:0-44af-9m:B001-20140514-144301 (16)
03-04 16:39:29.189 D/EVENT_THREAD(  182): void CEventThread::run() POLLIN event on Fd (1)
03-04 16:39:29.189 D/EVENT_THREAD(  182): void CEventThread::run() Do poll with timeout: -1
03-04 16:39:29.189 I/upi_ug31xx(  165): (2146) backup_data 
03-04 16:39:29.189 V/upi_ug31xx(  165): state->check_backup_count = 3
03-04 16:39:30.079 I/WifiHW  (  505): CMD: IFNAME=wlan0 SIGNAL_POLL
03-04 16:39:30.079 D/wpa_supplicant(  694): RX ctrl_iface - hexdump(len=11): 53 49 47 4e 41 4c 5f 50 4f 4c 4c
03-04 16:39:30.079 D/wpa_supplicant(  694): wlan0: Control interface command 'SIGNAL_POLL'
03-04 16:39:30.099 D/wpa_supplicant(  694): nl80211: survey data missing!
03-04 16:39:30.099 I/WifiHW  (  505): REPLY: RSSI=-63
03-04 16:39:30.099 I/WifiHW  (  505): REPLY: LINKSPEED=19
03-04 16:39:30.099 I/WifiHW  (  505): REPLY: NOISE=9999
03-04 16:39:30.099 I/WifiHW  (  505): REPLY: FREQUENCY=2437
03-04 16:39:32.289 W/BindingManager(23513): Cannot call determinedVisibility() - never saw a connection for the pid: 23513
03-04 16:39:32.449 D/        (23513): Pixel Format : GGL_PIXEL_FORMAT_RGBA_8888
03-04 16:39:33.109 I/WifiHW  (  505): CMD: IFNAME=wlan0 SIGNAL_POLL
03-04 16:39:33.109 D/wpa_supplicant(  694): RX ctrl_iface - hexdump(len=11): 53 49 47 4e 41 4c 5f 50 4f 4c 4c
03-04 16:39:33.109 D/wpa_supplicant(  694): wlan0: Control interface command 'SIGNAL_POLL'
03-04 16:39:33.139 D/wpa_supplicant(  694): nl80211: survey data missing!
03-04 16:39:33.139 I/WifiHW  (  505): REPLY: RSSI=-67
03-04 16:39:33.139 I/WifiHW  (  505): REPLY: LINKSPEED=19
03-04 16:39:33.139 I/WifiHW  (  505): REPLY: NOISE=9999
03-04 16:39:33.139 I/WifiHW  (  505): REPLY: FREQUENCY=2437
03-04 16:39:36.159 I/WifiHW  (  505): CMD: IFNAME=wlan0 SIGNAL_POLL
03-04 16:39:36.159 D/wpa_supplicant(  694): RX ctrl_iface - hexdump(len=11): 53 49 47 4e 41 4c 5f 50 4f 4c 4c
03-04 16:39:36.159 D/wpa_supplicant(  694): wlan0: Control interface command 'SIGNAL_POLL'
03-04 16:39:36.179 D/wpa_supplicant(  694): nl80211: survey data missing!
03-04 16:39:36.179 I/WifiHW  (  505): REPLY: RSSI=-65
03-04 16:39:36.179 I/WifiHW  (  505): REPLY: LINKSPEED=19
03-04 16:39:36.179 I/WifiHW  (  505): REPLY: NOISE=9999
03-04 16:39:36.179 I/WifiHW  (  505): REPLY: FREQUENCY=2437
03-04 16:39:39.189 I/WifiHW  (  505): CMD: IFNAME=wlan0 SIGNAL_POLL
03-04 16:39:39.189 D/wpa_supplicant(  694): RX ctrl_iface - hexdump(len=11): 53 49 47 4e 41 4c 5f 50 4f 4c 4c
03-04 16:39:39.189 D/wpa_supplicant(  694): wlan0: Control interface command 'SIGNAL_POLL'
03-04 16:39:39.219 D/wpa_supplicant(  694): nl80211: survey data missing!
03-04 16:39:39.219 I/WifiHW  (  505): REPLY: RSSI=-65
03-04 16:39:39.219 I/WifiHW  (  505): REPLY: LINKSPEED=26
03-04 16:39:39.219 I/WifiHW  (  505): REPLY: NOISE=9999
03-04 16:39:39.219 I/WifiHW  (  505): REPLY: FREQUENCY=2437
03-04 16:39:42.239 I/WifiHW  (  505): CMD: IFNAME=wlan0 SIGNAL_POLL
03-04 16:39:42.239 D/wpa_supplicant(  694): RX ctrl_iface - hexdump(len=11): 53 49 47 4e 41 4c 5f 50 4f 4c 4c
03-04 16:39:42.239 D/wpa_supplicant(  694): wlan0: Control interface command 'SIGNAL_POLL'
03-04 16:39:42.259 D/wpa_supplicant(  694): nl80211: survey data missing!
03-04 16:39:42.259 I/WifiHW  (  505): REPLY: RSSI=-63
03-04 16:39:42.259 I/WifiHW  (  505): REPLY: LINKSPEED=26
03-04 16:39:42.259 I/WifiHW  (  505): REPLY: NOISE=9999
03-04 16:39:42.259 I/WifiHW  (  505): REPLY: FREQUENCY=2437
03-04 16:39:42.529 W/BindingManager(23513): Cannot call determinedVisibility() - never saw a connection for the pid: 23513
03-04 16:39:43.199 W/BindingManager(23513): Cannot call determinedVisibility() - never saw a connection for the pid: 23513
03-04 16:39:43.259 D/        (23513): Pixel Format : GGL_PIXEL_FORMAT_RGBA_8888
03-04 16:39:45.269 I/WifiHW  (  505): CMD: IFNAME=wlan0 SIGNAL_POLL
03-04 16:39:45.269 D/wpa_supplicant(  694): RX ctrl_iface - hexdump(len=11): 53 49 47 4e 41 4c 5f 50 4f 4c 4c
03-04 16:39:45.269 D/wpa_supplicant(  694): wlan0: Control interface command 'SIGNAL_POLL'
03-04 16:39:45.299 D/wpa_supplicant(  694): nl80211: survey data missing!
03-04 16:39:45.299 I/WifiHW  (  505): REPLY: RSSI=-63
03-04 16:39:45.299 I/WifiHW  (  505): REPLY: LINKSPEED=26
03-04 16:39:45.299 I/WifiHW  (  505): REPLY: NOISE=9999
03-04 16:39:45.299 I/WifiHW  (  505): REPLY: FREQUENCY=2437
03-04 16:39:48.309 I/WifiHW  (  505): CMD: IFNAME=wlan0 SIGNAL_POLL
03-04 16:39:48.309 D/wpa_supplicant(  694): RX ctrl_iface - hexdump(len=11): 53 49 47 4e 41 4c 5f 50 4f 4c 4c
03-04 16:39:48.309 D/wpa_supplicant(  694): wlan0: Control interface command 'SIGNAL_POLL'
03-04 16:39:48.339 D/wpa_supplicant(  694): nl80211: survey data missing!
03-04 16:39:48.339 I/WifiHW  (  505): REPLY: RSSI=-60
03-04 16:39:48.339 I/WifiHW  (  505): REPLY: LINKSPEED=26
03-04 16:39:48.339 I/WifiHW  (  505): REPLY: NOISE=9999
03-04 16:39:48.339 I/WifiHW  (  505): REPLY: FREQUENCY=2437
03-04 16:39:51.349 I/WifiHW  (  505): CMD: IFNAME=wlan0 SIGNAL_POLL
03-04 16:39:51.349 D/wpa_supplicant(  694): RX ctrl_iface - hexdump(len=11): 53 49 47 4e 41 4c 5f 50 4f 4c 4c
03-04 16:39:51.349 D/wpa_supplicant(  694): wlan0: Control interface command 'SIGNAL_POLL'
03-04 16:39:51.379 D/wpa_supplicant(  694): nl80211: survey data missing!
03-04 16:39:51.379 I/WifiHW  (  505): REPLY: RSSI=-62
03-04 16:39:51.379 I/WifiHW  (  505): REPLY: LINKSPEED=26
03-04 16:39:51.379 I/WifiHW  (  505): REPLY: NOISE=9999
03-04 16:39:51.379 I/WifiHW  (  505): REPLY: FREQUENCY=2437
03-04 16:39:53.359 W/BindingManager(23513): Cannot call determinedVisibility() - never saw a connection for the pid: 23513
03-04 16:39:53.409 D/        (23513): Pixel Format : GGL_PIXEL_FORMAT_RGBA_8888
03-04 16:39:54.389 I/WifiHW  (  505): CMD: IFNAME=wlan0 SIGNAL_POLL
03-04 16:39:54.389 D/wpa_supplicant(  694): RX ctrl_iface - hexdump(len=11): 53 49 47 4e 41 4c 5f 50 4f 4c 4c
03-04 16:39:54.389 D/wpa_supplicant(  694): wlan0: Control interface command 'SIGNAL_POLL'
03-04 16:39:54.419 D/wpa_supplicant(  694): nl80211: survey data missing!
03-04 16:39:54.419 I/WifiHW  (  505): REPLY: RSSI=-60
03-04 16:39:54.419 I/WifiHW  (  505): REPLY: LINKSPEED=19
03-04 16:39:54.419 I/WifiHW  (  505): REPLY: NOISE=9999
03-04 16:39:54.419 I/WifiHW  (  505): REPLY: FREQUENCY=2437
03-04 16:39:57.429 I/WifiHW  (  505): CMD: IFNAME=wlan0 SIGNAL_POLL
03-04 16:39:57.429 D/wpa_supplicant(  694): RX ctrl_iface - hexdump(len=11): 53 49 47 4e 41 4c 5f 50 4f 4c 4c
03-04 16:39:57.429 D/wpa_supplicant(  694): wlan0: Control interface command 'SIGNAL_POLL'
03-04 16:39:57.459 D/wpa_supplicant(  694): nl80211: survey data missing!
03-04 16:39:57.459 I/WifiHW  (  505): REPLY: RSSI=-59
03-04 16:39:57.459 I/WifiHW  (  505): REPLY: LINKSPEED=19
03-04 16:39:57.459 I/WifiHW  (  505): REPLY: NOISE=9999
03-04 16:39:57.459 I/WifiHW  (  505): REPLY: FREQUENCY=2437
03-04 16:39:58.129 D/EVENT_THREAD(  182): void CEventThread::run() POLLIN event on Fd (1)
03-04 16:39:58.129 D/EVENT_THREAD(  182): void CEventThread::run() Do poll with timeout: -1
03-04 16:39:59.529 D/EVENT_THREAD(  182): void CEventThread::run() POLLIN event on Fd (1)
03-04 16:39:59.529 D/EVENT_THREAD(  182): void CEventThread::run() Do poll with timeout: -1
03-04 16:39:59.529 I/upi_ug31xx(  165): (2147) update_capacity
03-04 16:39:59.529 I/[UPI]   (  165): <UG31/E>[UpiReadCapacity]: V=4006(4010), T=326(322-365), I=-120, C=-2(-2-0)
03-04 16:39:59.529 I/[UPI]   (  165): <UG31/E>[UpiReadCapacity]: (0x0000254a) 2924 (2935) / 3602 (4026) = 81
03-04 16:39:59.529 I/[UPI]   (  165): <UG31/E>[UpiReadCapacity]: (0x0000254a) 2924 (2935) / 3602 (4026) = 81
03-04 16:39:59.529 I/[UPI]   (  165): <UG31/E>[UpiReadCapacity]: (0x0000254a) 2922 (2922) / 3602 (4026) = 81
03-04 16:39:59.529 I/[UPI]   (  165): <UG31/E>[RsocFilterCountTime]: (0x0000254a) Step=3(182160), Full=3(182160), Lock=182160(2368800)
03-04 16:39:59.529 I/[UPI]   (  165): <UG31/E>[UpiReadCapacity]: (0x0000254a) 2922 (2922) / 3602 (4026) = 81 (-120--120)
03-04 16:39:59.529 I/[UPI]   (  165): <UG31/E><BATT> M:normal, P:81(81-81)%, V:4011mV, C:-95mA, T:32.2C(365), S:0x0000254a(000), R:2922mAh, F:3602mAh, Q:633mAh, CC:4, P:30.400(975-0)s, BO:7, 97:615:0-44af-9m:B001-20140514-144301 (16)
03-04 16:39:59.529 D/EVENT_THREAD(  182): void CEventThread::run() POLLIN event on Fd (1)
03-04 16:39:59.529 D/EVENT_THREAD(  182): void CEventThread::run() Do poll with timeout: -1
03-04 16:39:59.579 I/upi_ug31xx(  165): (2148) backup_data 
03-04 16:39:59.579 V/upi_ug31xx(  165): state->check_backup_count = 4
03-04 16:39:59.999 D/Clock   (  571): ACTION_TIME_TICK
03-04 16:39:59.999 D/Clock   (  571): update clock:4:40
03-04 16:40:00.019 D/BatteryStatsImpl(  505): noteStopWakeLocked system isFromForeground = false
03-04 16:40:00.469 I/WifiHW  (  505): CMD: IFNAME=wlan0 SIGNAL_POLL
03-04 16:40:00.469 D/wpa_supplicant(  694): RX ctrl_iface - hexdump(len=11): 53 49 47 4e 41 4c 5f 50 4f 4c 4c
03-04 16:40:00.469 D/wpa_supplicant(  694): wlan0: Control interface command 'SIGNAL_POLL'
03-04 16:40:00.499 D/wpa_supplicant(  694): nl80211: survey data missing!
03-04 16:40:00.499 I/WifiHW  (  505): REPLY: RSSI=-58
03-04 16:40:00.499 I/WifiHW  (  505): REPLY: LINKSPEED=26
03-04 16:40:00.499 I/WifiHW  (  505): REPLY: NOISE=9999
03-04 16:40:00.499 I/WifiHW  (  505): REPLY: FREQUENCY=2437
03-04 16:40:03.509 W/BindingManager(23513): Cannot call determinedVisibility() - never saw a connection for the pid: 23513
03-04 16:40:03.509 I/WifiHW  (  505): CMD: IFNAME=wlan0 SIGNAL_POLL
03-04 16:40:03.509 D/wpa_supplicant(  694): RX ctrl_iface - hexdump(len=11): 53 49 47 4e 41 4c 5f 50 4f 4c 4c
03-04 16:40:03.509 D/wpa_supplicant(  694): wlan0: Control interface command 'SIGNAL_POLL'
03-04 16:40:03.539 D/wpa_supplicant(  694): nl80211: survey data missing!
03-04 16:40:03.539 I/WifiHW  (  505): REPLY: RSSI=-59
03-04 16:40:03.539 I/WifiHW  (  505): REPLY: LINKSPEED=26
03-04 16:40:03.539 I/WifiHW  (  505): REPLY: NOISE=9999
