03-04 16:24:49.849 I/[UPI]   (  165): <UG31/E><BATT> M:normal, P:84(84-84)%, V:4018mV, C:-287mA, T:34.5C(408), S:0x0000254a(000), R:3012mAh, F:3602mAh, Q:722mAh, CC:4, P:30.330(886-0)s, BO:7, 97:615:0-44af-9m:B001-20140514-144301 (16)
03-04 16:24:49.849 D/EVENT_THREAD(  182): void CEventThread::run() POLLIN event on Fd (1)
03-04 16:24:49.849 D/EVENT_THREAD(  182): void CEventThread::run() Do poll with timeout: -1
03-04 16:24:49.849 I/upi_ug31xx(  165): (2088) backup_data 
03-04 16:24:49.849 V/upi_ug31xx(  165): state->check_backup_count = 9
03-04 16:24:52.779 I/WifiHW  (  505): CMD: IFNAME=wlan0 SIGNAL_POLL
03-04 16:24:52.779 D/wpa_supplicant(  694): RX ctrl_iface - hexdump(len=11): 53 49 47 4e 41 4c 5f 50 4f 4c 4c
03-04 16:24:52.779 D/wpa_supplicant(  694): wlan0: Control interface command 'SIGNAL_POLL'
03-04 16:24:52.779 D/wpa_supplicant(  694): nl80211: survey data missing!
03-04 16:24:52.779 I/WifiHW  (  505): REPLY: RSSI=-62
03-04 16:24:52.779 I/WifiHW  (  505): REPLY: LINKSPEED=65
03-04 16:24:52.779 I/WifiHW  (  505): REPLY: NOISE=9999
03-04 16:24:52.779 I/WifiHW  (  505): REPLY: FREQUENCY=2437
03-04 16:24:55.789 I/WifiHW  (  505): CMD: IFNAME=wlan0 SIGNAL_POLL
03-04 16:24:55.789 D/wpa_supplicant(  694): RX ctrl_iface - hexdump(len=11): 53 49 47 4e 41 4c 5f 50 4f 4c 4c
03-04 16:24:55.789 D/wpa_supplicant(  694): wlan0: Control interface command 'SIGNAL_POLL'
03-04 16:24:55.829 D/wpa_supplicant(  694): nl80211: survey data missing!
03-04 16:24:55.839 I/WifiHW  (  505): REPLY: RSSI=-66
03-04 16:24:55.839 I/WifiHW  (  505): REPLY: LINKSPEED=65
03-04 16:24:55.839 I/WifiHW  (  505): REPLY: NOISE=9999
03-04 16:24:55.839 I/WifiHW  (  505): REPLY: FREQUENCY=2437
03-04 16:24:58.849 I/WifiHW  (  505): CMD: IFNAME=wlan0 SIGNAL_POLL
03-04 16:24:58.849 D/wpa_supplicant(  694): RX ctrl_iface - hexdump(len=11): 53 49 47 4e 41 4c 5f 50 4f 4c 4c
03-04 16:24:58.849 D/wpa_supplicant(  694): wlan0: Control interface command 'SIGNAL_POLL'
03-04 16:24:58.849 D/wpa_supplicant(  694): nl80211: survey data missing!
03-04 16:24:58.849 I/WifiHW  (  505): REPLY: RSSI=-59
03-04 16:24:58.849 I/WifiHW  (  505): REPLY: LINKSPEED=65
03-04 16:24:58.849 I/WifiHW  (  505): REPLY: NOISE=9999
03-04 16:24:58.849 I/WifiHW  (  505): REPLY: FREQUENCY=2437
03-04 16:24:59.999 D/BatteryStatsImpl(  505): noteStopWakeLocked system isFromForeground = false
03-04 16:25:00.009 D/Clock   (  571): ACTION_TIME_TICK
03-04 16:25:00.019 D/Clock   (  571): update clock:4:25
03-04 16:25:00.049 D/BatteryStatsImpl(  505): noteStopWakeLocked system isFromForeground = false
03-04 16:25:01.869 I/WifiHW  (  505): CMD: IFNAME=wlan0 SIGNAL_POLL
03-04 16:25:01.869 D/wpa_supplicant(  694): RX ctrl_iface - hexdump(len=11): 53 49 47 4e 41 4c 5f 50 4f 4c 4c
03-04 16:25:01.869 D/wpa_supplicant(  694): wlan0: Control interface command 'SIGNAL_POLL'
03-04 16:25:01.889 D/wpa_supplicant(  694): nl80211: survey data missing!
03-04 16:25:01.889 I/WifiHW  (  505): REPLY: RSSI=-59
03-04 16:25:01.889 I/WifiHW  (  505): REPLY: LINKSPEED=65
03-04 16:25:01.889 I/WifiHW  (  505): REPLY: NOISE=9999
03-04 16:25:01.889 I/WifiHW  (  505): REPLY: FREQUENCY=2437
03-04 16:25:04.899 I/WifiHW  (  505): CMD: IFNAME=wlan0 SIGNAL_POLL
03-04 16:25:04.899 D/wpa_supplicant(  694): RX ctrl_iface - hexdump(len=11): 53 49 47 4e 41 4c 5f 50 4f 4c 4c
03-04 16:25:04.899 D/wpa_supplicant(  694): wlan0: Control interface command 'SIGNAL_POLL'
03-04 16:25:04.929 D/wpa_supplicant(  694): nl80211: survey data missing!
03-04 16:25:04.929 I/WifiHW  (  505): REPLY: RSSI=-64
03-04 16:25:04.929 I/WifiHW  (  505): REPLY: LINKSPEED=65
03-04 16:25:04.929 I/WifiHW  (  505): REPLY: NOISE=9999
03-04 16:25:04.929 I/WifiHW  (  505): REPLY: FREQUENCY=2437
03-04 16:25:07.949 I/WifiHW  (  505): CMD: IFNAME=wlan0 SIGNAL_POLL
03-04 16:25:07.949 D/wpa_supplicant(  694): RX ctrl_iface - hexdump(len=11): 53 49 47 4e 41 4c 5f 50 4f 4c 4c
03-04 16:25:07.949 D/wpa_supplicant(  694): wlan0: Control interface command 'SIGNAL_POLL'
03-04 16:25:07.969 D/wpa_supplicant(  694): nl80211: survey data missing!
03-04 16:25:07.969 I/WifiHW  (  505): REPLY: RSSI=-62
03-04 16:25:07.969 I/WifiHW  (  505): REPLY: LINKSPEED=65
03-04 16:25:07.969 I/WifiHW  (  505): REPLY: NOISE=9999
03-04 16:25:07.969 I/WifiHW  (  505): REPLY: FREQUENCY=2437
03-04 16:25:10.979 I/WifiHW  (  505): CMD: IFNAME=wlan0 SIGNAL_POLL
03-04 16:25:10.979 D/wpa_supplicant(  694): RX ctrl_iface - hexdump(len=11): 53 49 47 4e 41 4c 5f 50 4f 4c 4c
03-04 16:25:10.979 D/wpa_supplicant(  694): wlan0: Control interface command 'SIGNAL_POLL'
03-04 16:25:11.009 D/wpa_supplicant(  694): nl80211: survey data missing!
03-04 16:25:11.009 I/WifiHW  (  505): REPLY: RSSI=-62
03-04 16:25:11.009 I/WifiHW  (  505): REPLY: LINKSPEED=65
03-04 16:25:11.009 I/WifiHW  (  505): REPLY: NOISE=9999
03-04 16:25:11.009 I/WifiHW  (  505): REPLY: FREQUENCY=2437
03-04 16:25:14.019 I/WifiHW  (  505): CMD: IFNAME=wlan0 SIGNAL_POLL
03-04 16:25:14.019 D/wpa_supplicant(  694): RX ctrl_iface - hexdump(len=11): 53 49 47 4e 41 4c 5f 50 4f 4c 4c
03-04 16:25:14.019 D/wpa_supplicant(  694): wlan0: Control interface command 'SIGNAL_POLL'
03-04 16:25:14.049 D/wpa_supplicant(  694): nl80211: survey data missing!
03-04 16:25:14.049 I/WifiHW  (  505): REPLY: RSSI=-61
03-04 16:25:14.049 I/WifiHW  (  505): REPLY: LINKSPEED=65
03-04 16:25:14.049 I/WifiHW  (  505): REPLY: NOISE=9999
03-04 16:25:14.049 I/WifiHW  (  505): REPLY: FREQUENCY=2437
03-04 16:25:17.059 I/WifiHW  (  505): CMD: IFNAME=wlan0 SIGNAL_POLL
03-04 16:25:17.059 D/wpa_supplicant(  694): RX ctrl_iface - hexdump(len=11): 53 49 47 4e 41 4c 5f 50 4f 4c 4c
03-04 16:25:17.059 D/wpa_supplicant(  694): wlan0: Control interface command 'SIGNAL_POLL'
03-04 16:25:17.099 D/wpa_supplicant(  694): nl80211: survey data missing!
03-04 16:25:17.099 I/WifiHW  (  505): REPLY: RSSI=-57
03-04 16:25:17.099 I/WifiHW  (  505): REPLY: LINKSPEED=65
03-04 16:25:17.099 I/WifiHW  (  505): REPLY: NOISE=9999
03-04 16:25:17.099 I/WifiHW  (  505): REPLY: FREQUENCY=2437
03-04 16:25:17.199 D/EVENT_THREAD(  182): void CEventThread::run() POLLIN event on Fd (1)
03-04 16:25:17.199 D/EVENT_THREAD(  182): void CEventThread::run() Do poll with timeout: -1
03-04 16:25:20.109 I/WifiHW  (  505): CMD: IFNAME=wlan0 SIGNAL_POLL
03-04 16:25:20.109 D/wpa_supplicant(  694): RX ctrl_iface - hexdump(len=11): 53 49 47 4e 41 4c 5f 50 4f 4c 4c
03-04 16:25:20.109 D/wpa_supplicant(  694): wlan0: Control interface command 'SIGNAL_POLL'
03-04 16:25:20.109 D/wpa_supplicant(  694): nl80211: survey data missing!
03-04 16:25:20.109 I/WifiHW  (  505): REPLY: RSSI=-58
03-04 16:25:20.109 I/WifiHW  (  505): REPLY: LINKSPEED=65
03-04 16:25:20.109 I/WifiHW  (  505): REPLY: NOISE=9999
03-04 16:25:20.109 I/WifiHW  (  505): REPLY: FREQUENCY=2437
03-04 16:25:20.169 D/EVENT_THREAD(  182): void CEventThread::run() POLLIN event on Fd (1)
03-04 16:25:20.169 D/EVENT_THREAD(  182): void CEventThread::run() Do poll with timeout: -1
03-04 16:25:20.169 I/upi_ug31xx(  165): (2089) update_capacity
03-04 16:25:20.169 I/[UPI]   (  165): <UG31/E>[UpiReadCapacity]: V=4018(4018), T=343(345-408), I=-321, C=-3(-3-0)
03-04 16:25:20.169 I/[UPI]   (  165): <UG31/E>[UpiReadCapacity]: (0x0000254a) 3012 (2997) / 3602 (4029) = 84
03-04 16:25:20.169 I/[UPI]   (  165): <UG31/E>[UpiReadCapacity]: (0x0000254a) 3012 (2997) / 3602 (4029) = 84
03-04 16:25:20.169 I/[UPI]   (  165): <UG31/E>[UpiReadCapacity]: (0x0000254a) 3009 (3009) / 3602 (4029) = 84
03-04 16:25:20.169 I/[UPI]   (  165): <UG31/E>[RsocFilterCountTime]: (0x0000254a) Step=6(364090), Full=6(364090), Lock=364090(1800000)
03-04 16:25:20.169 I/[UPI]   (  165): <UG31/E>[UpiReadCapacity]: (0x0000254a) 3009 (3009) / 3602 (4029) = 84 (-321--321)
03-04 16:25:20.169 I/[UPI]   (  165): <UG31/E><BATT> M:normal, P:84(84-84)%, V:4018mV, C:-324mA, T:34.5C(408), S:0x0000254a(000), R:3009mAh, F:3602mAh, Q:719mAh, CC:4, P:30.320(889-0)s, BO:7, 97:615:0-44af-9m:B001-20140514-144301 (16)
03-04 16:25:20.169 D/EVENT_THREAD(  182): void CEventThread::run() POLLIN event on Fd (1)
03-04 16:25:20.169 D/EVENT_THREAD(  182): void CEventThread::run() Do poll with timeout: -1
03-04 16:25:20.219 I/upi_ug31xx(  165): (2090) backup_data 
03-04 16:25:20.219 V/upi_ug31xx(  165): state->check_backup_count = 10
03-04 16:25:23.119 I/WifiHW  (  505): CMD: IFNAME=wlan0 SIGNAL_POLL
03-04 16:25:23.119 D/wpa_supplicant(  694): RX ctrl_iface - hexdump(len=11): 53 49 47 4e 41 4c 5f 50 4f 4c 4c
03-04 16:25:23.119 D/wpa_supplicant(  694): wlan0: Control interface command 'SIGNAL_POLL'
03-04 16:25:23.129 D/wpa_supplicant(  694): nl80211: survey data missing!
03-04 16:25:23.129 I/WifiHW  (  505): REPLY: RSSI=-58
03-04 16:25:23.129 I/WifiHW  (  505): REPLY: LINKSPEED=65
03-04 16:25:23.129 I/WifiHW  (  505): REPLY: NOISE=9999
03-04 16:25:23.129 I/WifiHW  (  505): REPLY: FREQUENCY=2437
03-04 16:25:26.139 I/WifiHW  (  505): CMD: IFNAME=wlan0 SIGNAL_POLL
03-04 16:25:26.139 D/wpa_supplicant(  694): RX ctrl_iface - hexdump(len=11): 53 49 47 4e 41 4c 5f 50 4f 4c 4c
03-04 16:25:26.139 D/wpa_supplicant(  694): wlan0: Control interface command 'SIGNAL_POLL'
03-04 16:25:26.169 D/wpa_supplicant(  694): nl80211: survey data missing!
03-04 16:25:26.169 I/WifiHW  (  505): REPLY: RSSI=-56
03-04 16:25:26.169 I/WifiHW  (  505): REPLY: LINKSPEED=65
03-04 16:25:26.169 I/WifiHW  (  505): REPLY: NOISE=9999
03-04 16:25:26.169 I/WifiHW  (  505): REPLY: FREQUENCY=2437
03-04 16:25:29.189 I/WifiHW  (  505): CMD: IFNAME=wlan0 SIGNAL_POLL
03-04 16:25:29.189 D/wpa_supplicant(  694): RX ctrl_iface - hexdump(len=11): 53 49 47 4e 41 4c 5f 50 4f 4c 4c
03-04 16:25:29.189 D/wpa_supplicant(  694): wlan0: Control interface command 'SIGNAL_POLL'
03-04 16:25:29.189 D/wpa_supplicant(  694): nl80211: survey data missing!
03-04 16:25:29.189 I/WifiHW  (  505): REPLY: RSSI=-57
03-04 16:25:29.189 I/WifiHW  (  505): REPLY: LINKSPEED=65
03-04 16:25:29.189 I/WifiHW  (  505): REPLY: NOISE=9999
03-04 16:25:29.189 I/WifiHW  (  505): REPLY: FREQUENCY=2437
03-04 16:25:32.199 I/WifiHW  (  505): CMD: IFNAME=wlan0 SIGNAL_POLL
03-04 16:25:32.199 D/wpa_supplicant(  694): RX ctrl_iface - hexdump(len=11): 53 49 47 4e 41 4c 5f 50 4f 4c 4c
03-04 16:25:32.199 D/wpa_supplicant(  694): wlan0: Control interface command 'SIGNAL_POLL'
03-04 16:25:32.229 D/wpa_supplicant(  694): nl80211: survey data missing!
03-04 16:25:32.229 I/WifiHW  (  505): REPLY: RSSI=-56
03-04 16:25:32.229 I/WifiHW  (  505): REPLY: LINKSPEED=65
03-04 16:25:32.229 I/WifiHW  (  505): REPLY: NOISE=9999
03-04 16:25:32.229 I/WifiHW  (  505): REPLY: FREQUENCY=2437
03-04 16:25:35.239 I/WifiHW  (  505): CMD: IFNAME=wlan0 SIGNAL_POLL
03-04 16:25:35.239 D/wpa_supplicant(  694): RX ctrl_iface - hexdump(len=11): 53 49 47 4e 41 4c 5f 50 4f 4c 4c
03-04 16:25:35.239 D/wpa_supplicant(  694): wlan0: Control interface command 'SIGNAL_POLL'
03-04 16:25:35.269 D/wpa_supplicant(  694): nl80211: survey data missing!
03-04 16:25:35.269 I/WifiHW  (  505): REPLY: RSSI=-58
03-04 16:25:35.269 I/WifiHW  (  505): REPLY: LINKSPEED=65
03-04 16:25:35.269 I/WifiHW  (  505): REPLY: NOISE=9999
03-04 16:25:35.269 I/WifiHW  (  505): REPLY: FREQUENCY=2437
03-04 16:25:38.289 I/WifiHW  (  505): CMD: IFNAME=wlan0 SIGNAL_POLL
03-04 16:25:38.289 D/wpa_supplicant(  694): RX ctrl_iface - hexdump(len=11): 53 49 47 4e 41 4c 5f 50 4f 4c 4c
03-04 16:25:38.289 D/wpa_supplicant(  694): wlan0: Control interface command 'SIGNAL_POLL'
03-04 16:25:38.309 D/wpa_supplicant(  694): nl80211: survey data missing!
03-04 16:25:38.309 I/WifiHW  (  505): REPLY: RSSI=-60
03-04 16:25:38.309 I/WifiHW  (  505): REPLY: LINKSPEED=65
03-04 16:25:38.309 I/WifiHW  (  505): REPLY: NOISE=9999
03-04 16:25:38.309 I/WifiHW  (  505): REPLY: FREQUENCY=2437
03-04 16:25:41.319 I/WifiHW  (  505): CMD: IFNAME=wlan0 SIGNAL_POLL
03-04 16:25:41.319 D/wpa_supplicant(  694): RX ctrl_iface - hexdump(len=11): 53 49 47 4e 41 4c 5f 50 4f 4c 4c
03-04 16:25:41.319 D/wpa_supplicant(  694): wlan0: Control interface command 'SIGNAL_POLL'
03-04 16:25:41.349 D/wpa_supplicant(  694): nl80211: survey data missing!
03-04 16:25:41.349 I/WifiHW  (  505): REPLY: RSSI=-60
03-04 16:25:41.349 I/WifiHW  (  505): REPLY: LINKSPEED=65
03-04 16:25:41.349 I/WifiHW  (  505): REPLY: NOISE=9999
03-04 16:25:41.349 I/WifiHW  (  505): REPLY: FREQUENCY=2437
03-04 16:25:44.359 I/WifiHW  (  505): CMD: IFNAME=wlan0 SIGNAL_POLL
03-04 16:25:44.359 D/wpa_supplicant(  694): RX ctrl_iface - hexdump(len=11): 53 49 47 4e 41 4c 5f 50 4f 4c 4c
03-04 16:25:44.359 D/wpa_supplicant(  694): wlan0: Control interface command 'SIGNAL_POLL'
03-04 16:25:44.389 D/wpa_supplicant(  694): nl80211: survey data missing!
03-04 16:25:44.389 I/WifiHW  (  505): REPLY: RSSI=-59
03-04 16:25:44.389 I/WifiHW  (  505): REPLY: LINKSPEED=65
03-04 16:25:44.389 I/WifiHW  (  505): REPLY: NOISE=9999
03-04 16:25:44.389 I/WifiHW  (  505): REPLY: FREQUENCY=2437
03-04 16:25:47.399 I/WifiHW  (  505): CMD: IFNAME=wlan0 SIGNAL_POLL
03-04 16:25:47.399 D/wpa_supplicant(  694): RX ctrl_iface - hexdump(len=11): 53 49 47 4e 41 4c 5f 50 4f 4c 4c
03-04 16:25:47.399 D/wpa_supplicant(  694): wlan0: Control interface command 'SIGNAL_POLL'
03-04 16:25:47.429 D/wpa_supplicant(  694): nl80211: survey data missing!
03-04 16:25:47.429 I/WifiHW  (  505): REPLY: RSSI=-63
03-04 16:25:47.429 I/WifiHW  (  505): REPLY: LINKSPEED=65
03-04 16:25:47.429 I/WifiHW  (  505): REPLY: NOISE=9999
03-04 16:25:47.429 I/WifiHW  (  505): REPLY: FREQUENCY=2437
03-04 16:25:50.439 I/WifiHW  (  505): CMD: IFNAME=wlan0 SIGNAL_POLL
03-04 16:25:50.439 D/wpa_supplicant(  694): RX ctrl_iface - hexdump(len=11): 53 49 47 4e 41 4c 5f 50 4f 4c 4c
03-04 16:25:50.439 D/wpa_supplicant(  694): wlan0: Control interface command 'SIGNAL_POLL'
03-04 16:25:50.469 D/wpa_supplicant(  694): nl80211: survey data missing!
03-04 16:25:50.469 I/WifiHW  (  505): REPLY: RSSI=-60
03-04 16:25:50.469 I/WifiHW  (  505): REPLY: LINKSPEED=65
03-04 16:25:50.469 I/WifiHW  (  505): REPLY: NOISE=9999
03-04 16:25:50.469 I/WifiHW  (  505): REPLY: FREQUENCY=2437
03-04 16:25:50.489 D/EVENT_THREAD(  182): void CEventThread::run() POLLIN event on Fd (1)
03-04 16:25:50.489 D/EVENT_THREAD(  182): void CEventThread::run() Do poll with timeout: -1
03-04 16:25:50.489 D/EVENT_THREAD(  182): void CEventThread::run() POLLIN event on Fd (1)
03-04 16:25:50.489 D/EVENT_THREAD(  182): void CEventThread::run() Do poll with timeout: -1
03-04 16:25:50.489 I/upi_ug31xx(  165): (2091) update_capacity
03-04 16:25:50.489 I/[UPI]   (  165): <UG31/E>[UpiReadCapacity]: V=4018(4018), T=343(345-408), I=-303, C=-3(-3-0)
03-04 16:25:50.489 I/[UPI]   (  165): <UG31/E>[UpiReadCapacity]: (0x0000254a) 3009 (2996) / 3602 (4029) = 84
03-04 16:25:50.489 I/[UPI]   (  165): <UG31/E>[UpiReadCapacity]: (0x0000254a) 3009 (2996) / 3602 (4029) = 84
03-04 16:25:50.489 I/[UPI]   (  165): <UG31/E>[UpiReadCapacity]: (0x0000254a) 3006 (3006) / 3602 (4029) = 83
03-04 16:25:50.489 I/[UPI]   (  165): <UG31/E>[RsocFilterCountTime]: (0x0000254a) Step=6(394410), Full=6(394410), Lock=394410(1800000)
03-04 16:25:50.489 I/[UPI]   (  165): <UG31/E>[UpiReadCapacity]: (0x0000254a) 3006 (3006) / 3602 (4029) = 83 (-303--303)
03-04 16:25:50.489 I/[UPI]   (  165): <UG31/E><BATT> M:normal, P:83(83-83)%, V:4018mV, C:-285mA, T:34.5C(408), S:0x0000254a(000), R:3006mAh, F:3602mAh, Q:716mAh, CC:4, P:30.320(892-0)s, BO:7, 97:615:0-44af-9m:B001-20140514-144301 (16)
03-04 16:25:50.489 I/upi_ug31xx(  165): (2092) backup_data 
03-04 16:25:50.489 V/upi_ug31xx(  165): state->check_backup_count = 11
03-04 16:25:50.799 D/EVENT_THREAD(  182): void CEventThread::run() POLLIN event on Fd (1)
03-04 16:25:50.799 D/EVENT_THREAD(  182): void CEventThread::run() Do poll with timeout: -1
03-04 16:25:52.159 D/AndroidRuntime(19128): 
03-04 16:25:52.159 D/AndroidRuntime(19128): >>>>>> AndroidRuntime START com.android.internal.os.RuntimeInit <<<<<<
03-04 16:25:52.159 D/AndroidRuntime(19128): CheckJNI is OFF
03-04 16:25:52.159 I/AndroidRuntime(19128): Kernel Release Version: 3.10.20-gf818079
03-04 16:25:52.159 I/dalvikvm(19128): No library specified. The standard exception handler will be used
03-04 16:25:52.169 I/dalvikvm(19128): 
03-04 16:25:52.169 I/dalvikvm(19128): +++++++++++++ Using PCG. +++++++++++++++++++++
03-04 16:25:52.249 D/dalvikvm(19128): Trying to load lib libjavacore.so 0x0
03-04 16:25:52.249 D/dalvikvm(19128): Added shared lib libjavacore.so 0x0
03-04 16:25:52.259 D/dalvikvm(19128): Trying to load lib libnativehelper.so 0x0
03-04 16:25:52.259 D/dalvikvm(19128): Added shared lib libnativehelper.so 0x0
03-04 16:25:52.259 D/dalvikvm(19128): No JNI_OnLoad found in libnativehelper.so 0x0, skipping init
03-04 16:25:52.269 D/dalvikvm(19128): Extra Options: not specified
03-04 16:25:52.299 D/dalvikvm(19128): Note: class Landroid/app/ActivityManagerNative; has 186 unimplemented (abstract) methods
03-04 16:25:52.399 E/memtrack(19128): Couldn't load memtrack module (No such file or directory)
03-04 16:25:52.399 E/android.os.Debug(19128): failed to load memtrack module: -2
03-04 16:25:52.449 D/AndroidRuntime(19128): Calling main entry com.android.commands.am.Am
03-04 16:25:52.479 I/ActivityManager(  505): Force stopping org.xwalk.webapi_service_tests appid=10401 user=0: from pid 19128
03-04 16:25:52.479 I/SecurityManagerService(  602): SMS received security event: App[STOP/org.xwalk.webapi_service_tests]
03-04 16:25:52.479 D/AndroidRuntime(19128): Shutting down VM
03-04 16:25:52.479 I/ActivityManager(  505): Killing 18139:org.xwalk.webapi_service_tests/u0a401 (adj 7): stop org.xwalk.webapi_service_tests
03-04 16:25:52.479 I/ActivityManager(  505):   Force finishing activity ActivityRecord{22136230 u0 org.xwalk.webapi_service_tests/.WebapiServiceTestsActivity t48}
03-04 16:25:52.489 D/dalvikvm(19128): GC_CONCURRENT freed 112K, 17% free 634K/760K, paused 6ms+1ms, total 7ms
03-04 16:25:52.489 D/dalvikvm(19128): Compiler shutdown in progress - discarding request
03-04 16:25:52.489 D/dalvikvm(19128): Compiler shutdown in progress - discarding request
03-04 16:25:52.489 D/dalvikvm(19128): Compiler shutdown in progress - discarding request
03-04 16:25:52.489 D/dalvikvm(19128): Compiler shutdown in progress - discarding request
03-04 16:25:52.489 D/dalvikvm(19128): Compiler shutdown in progress - discarding request
03-04 16:25:52.489 D/dalvikvm(19128): Compiler shutdown in progress - discarding request
03-04 16:25:52.489 D/dalvikvm(19128): Compiler shutdown in progress - discarding request
03-04 16:25:52.489 D/dalvikvm(19128): Compiler shutdown in progress - discarding request
03-04 16:25:52.489 D/dalvikvm(19128): Compiler shutdown in progress - discarding request
03-04 16:25:52.489 D/dalvikvm(19128): Compiler shutdown in progress - discarding request
03-04 16:25:52.489 D/dalvikvm(19128): Compiler shutdown in progress - discarding request
03-04 16:25:52.489 D/dalvikvm(19128): Compiler shutdown in progress - discarding request
03-04 16:25:52.489 D/dalvikvm(19128): Compiler shutdown in progress - discarding request
03-04 16:25:52.489 D/dalvikvm(19128): Compiler shutdown in progress - discarding request
03-04 16:25:52.489 D/dalvikvm(19128): Compiler shutdown in progress - discarding request
03-04 16:25:52.489 D/dalvikvm(19128): Compiler shutdown in progress - discarding request
03-04 16:25:52.489 D/dalvikvm(19128): Compiler shutdown in progress - discarding request
03-04 16:25:52.489 D/dalvikvm(19128): Compiler shutdown in progress - discarding request
03-04 16:25:52.489 D/dalvikvm(19128): Compiler shutdown in progress - discarding request
03-04 16:25:52.489 D/dalvikvm(19128): Compiler shutdown in progress - discarding request
03-04 16:25:52.489 D/dalvikvm(19128): Compiler shutdown in progress - discarding request
03-04 16:25:52.489 D/dalvikvm(19128): Compiler shutdown in progress - discarding request
03-04 16:25:52.489 D/dalvikvm(19128): Compiler shutdown in progress - discarding request
03-04 16:25:52.489 D/dalvikvm(19128): Compiler shutdown in progress - discarding request
03-04 16:25:52.489 D/dalvikvm(19128): Compiler shutdown in progress - discarding request
03-04 16:25:52.489 D/dalvikvm(19128): Compiler shutdown in progress - discarding request
03-04 16:25:52.489 D/dalvikvm(19128): Compiler shutdown in progress - discarding request
03-04 16:25:52.489 D/dalvikvm(19128): Compiler shutdown in progress - discarding request
03-04 16:25:52.489 D/dalvikvm(19128): Compiler shutdown in progress - discarding request
03-04 16:25:52.489 D/dalvikvm(19128): Compiler shutdown in progress - discarding request
03-04 16:25:52.489 D/dalvikvm(19128): Compiler shutdown in progress - discarding request
03-04 16:25:52.489 D/dalvikvm(19128): Compiler shutdown in progress - discarding request
03-04 16:25:52.489 D/dalvikvm(19128): Compiler shutdown in progress - discarding request
03-04 16:25:52.489 D/dalvikvm(19128): Compiler shutdown in progress - discarding request
03-04 16:25:52.489 D/dalvikvm(19128): Compiler shutdown in progress - discarding request
03-04 16:25:52.489 D/dalvikvm(19128): Compiler shutdown in progress - discarding request
03-04 16:25:52.499 W/InputDispatcher(  505): channel '2214edf0 org.xwalk.webapi_service_tests/org.xwalk.webapi_service_tests.WebapiServiceTestsActivity (server)' ~ Consumer closed input channel or an error occurred.  events=0x9
03-04 16:25:52.499 E/InputDispatcher(  505): channel '2214edf0 org.xwalk.webapi_service_tests/org.xwalk.webapi_service_tests.WebapiServiceTestsActivity (server)' ~ Channel is unrecoverably broken and will be disposed!
03-04 16:25:52.499 W/InputDispatcher(  505): Attempted to unregister already unregistered input channel '2214edf0 org.xwalk.webapi_service_tests/org.xwalk.webapi_service_tests.WebapiServiceTestsActivity (server)'
03-04 16:25:52.499 I/WindowState(  505): WIN DEATH: Window{2214edf0 u0 org.xwalk.webapi_service_tests/org.xwalk.webapi_service_tests.WebapiServiceTestsActivity}
03-04 16:25:52.499 W/WindowManager(  505): Force-removing child win Window{226cb808 u0 SurfaceView} from container Window{2214edf0 u0 org.xwalk.webapi_service_tests/org.xwalk.webapi_service_tests.WebapiServiceTestsActivity}
03-04 16:25:52.509 W/WindowManager(  505): Failed looking up window
03-04 16:25:52.509 W/WindowManager(  505): java.lang.IllegalArgumentException: Requested window android.os.BinderProxy@22359288 does not exist
03-04 16:25:52.509 W/WindowManager(  505): 	at com.android.server.wm.WindowManagerService.windowForClientLocked(WindowManagerService.java:8056)
03-04 16:25:52.509 W/WindowManager(  505): 	at com.android.server.wm.WindowManagerService.windowForClientLocked(WindowManagerService.java:8047)
03-04 16:25:52.509 W/WindowManager(  505): 	at com.android.server.wm.WindowState$DeathRecipient.binderDied(WindowState.java:1087)
03-04 16:25:52.509 W/WindowManager(  505): 	at android.os.BinderProxy.sendDeathNotice(Binder.java:493)
03-04 16:25:52.509 W/WindowManager(  505): 	at dalvik.system.NativeStart.run(Native Method)
03-04 16:25:52.509 I/WindowState(  505): WIN DEATH: null
03-04 16:25:53.149 D/AndroidRuntime(19139): 
03-04 16:25:53.149 D/AndroidRuntime(19139): >>>>>> AndroidRuntime START com.android.internal.os.RuntimeInit <<<<<<
03-04 16:25:53.149 D/AndroidRuntime(19139): CheckJNI is OFF
03-04 16:25:53.149 I/AndroidRuntime(19139): Kernel Release Version: 3.10.20-gf818079
03-04 16:25:53.149 I/dalvikvm(19139): No library specified. The standard exception handler will be used
03-04 16:25:53.149 I/dalvikvm(19139): 
03-04 16:25:53.149 I/dalvikvm(19139): +++++++++++++ Using PCG. +++++++++++++++++++++
03-04 16:25:53.159 D/dalvikvm(19139): Trying to load lib libjavacore.so 0x0
03-04 16:25:53.159 D/dalvikvm(19139): Added shared lib libjavacore.so 0x0
03-04 16:25:53.159 D/dalvikvm(19139): Trying to load lib libnativehelper.so 0x0
03-04 16:25:53.159 D/dalvikvm(19139): Added shared lib libnativehelper.so 0x0
03-04 16:25:53.159 D/dalvikvm(19139): No JNI_OnLoad found in libnativehelper.so 0x0, skipping init
03-04 16:25:53.169 D/dalvikvm(19139): Extra Options: not specified
03-04 16:25:53.179 D/dalvikvm(19139): Note: class Landroid/app/ActivityManagerNative; has 186 unimplemented (abstract) methods
03-04 16:25:53.249 E/memtrack(19139): Couldn't load memtrack module (No such file or directory)
03-04 16:25:53.249 E/android.os.Debug(19139): failed to load memtrack module: -2
03-04 16:25:53.279 D/AndroidRuntime(19139): Calling main entry com.android.commands.am.Am
03-04 16:25:53.309 D/AndroidRuntime(19139): Shutting down VM
03-04 16:25:53.309 I/ActivityManager(  505): START u0 {flg=0x10000000 cmp=org.xwalk.webapi_service_tests/.webapi_service_testsActivity} from pid 19139
03-04 16:25:53.319 D/dalvikvm(19139): GC_CONCURRENT freed 116K, 16% free 702K/832K, paused 0ms+0ms, total 1ms
03-04 16:25:53.319 D/dalvikvm(19139): Compiler shutdown in progress - discarding request
03-04 16:25:53.319 D/dalvikvm(19139): Compiler shutdown in progress - discarding request
03-04 16:25:53.319 D/dalvikvm(19139): Compiler shutdown in progress - discarding request
03-04 16:25:53.319 D/dalvikvm(19139): Compiler shutdown in progress - discarding request
03-04 16:25:53.319 D/dalvikvm(19139): Compiler shutdown in progress - discarding request
03-04 16:25:53.319 D/dalvikvm(19139): Compiler shutdown in progress - discarding request
03-04 16:25:53.319 D/dalvikvm(19139): Compiler shutdown in progress - discarding request
03-04 16:25:53.319 D/dalvikvm(19139): Compiler shutdown in progress - discarding request
03-04 16:25:53.319 D/dalvikvm(19139): Compiler shutdown in progress - discarding request
03-04 16:25:53.319 D/dalvikvm(19139): Compiler shutdown in progress - discarding request
03-04 16:25:53.319 D/dalvikvm(19139): Compiler shutdown in progress - discarding request
03-04 16:25:53.319 D/dalvikvm(19139): Compiler shutdown in progress - discarding request
03-04 16:25:53.319 D/dalvikvm(19139): Compiler shutdown in progress - discarding request
03-04 16:25:53.319 D/dalvikvm(19139): Compiler shutdown in progress - discarding request
03-04 16:25:53.319 D/dalvikvm(19139): Compiler shutdown in progress - discarding request
03-04 16:25:53.319 D/dalvikvm(19139): Compiler shutdown in progress - discarding request
03-04 16:25:53.319 D/dalvikvm(19139): Compiler shutdown in progress - discarding request
03-04 16:25:53.319 D/dalvikvm(19139): Compiler shutdown in progress - discarding request
03-04 16:25:53.319 D/dalvikvm(19139): Compiler shutdown in progress - discarding request
03-04 16:25:53.319 D/dalvikvm(19139): Compiler shutdown in progress - discarding request
03-04 16:25:53.319 D/dalvikvm(19139): Compiler shutdown in progress - discarding request
03-04 16:25:53.319 D/dalvikvm(19139): Compiler shutdown in progress - discarding request
03-04 16:25:53.319 D/dalvikvm(19139): Compiler shutdown in progress - discarding request
03-04 16:25:53.319 D/dalvikvm(19139): Compiler shutdown in progress - discarding request
03-04 16:25:53.319 D/dalvikvm(19139): Compiler shutdown in progress - discarding request
03-04 16:25:53.319 D/dalvikvm(19139): Compiler shutdown in progress - discarding request
03-04 16:25:53.319 D/dalvikvm(19139): Compiler shutdown in progress - discarding request
03-04 16:25:53.319 D/dalvikvm(19139): Compiler shutdown in progress - discarding request
03-04 16:25:53.319 D/dalvikvm(19139): Compiler shutdown in progress - discarding request
03-04 16:25:53.319 D/dalvikvm(19139): Compiler shutdown in progress - discarding request
03-04 16:25:53.319 D/dalvikvm(19139): Compiler shutdown in progress - discarding request
03-04 16:25:53.319 D/dalvikvm(19139): Compiler shutdown in progress - discarding request
03-04 16:25:53.319 D/dalvikvm(19139): Compiler shutdown in progress - discarding request
03-04 16:25:53.319 D/dalvikvm(19139): Compiler shutdown in progress - discarding request
03-04 16:25:53.319 D/dalvikvm(19139): Compiler shutdown in progress - discarding request
03-04 16:25:53.319 D/dalvikvm(19139): Compiler shutdown in progress - discarding request
03-04 16:25:53.319 D/dalvikvm(19139): Compiler shutdown in progress - discarding request
03-04 16:25:53.319 D/dalvikvm(19139): Compiler shutdown in progress - discarding request
03-04 16:25:53.319 D/dalvikvm(19139): Compiler shutdown in progress - discarding request
03-04 16:25:53.319 D/dalvikvm(19139): Compiler shutdown in progress - discarding request
03-04 16:25:53.319 D/dalvikvm(19139): Compiler shutdown in progress - discarding request
03-04 16:25:53.319 D/dalvikvm(19139): Compiler shutdown in progress - discarding request
03-04 16:25:53.319 D/dalvikvm(19139): Compiler shutdown in progress - discarding request
03-04 16:25:53.319 D/dalvikvm(19139): Compiler shutdown in progress - discarding request
03-04 16:25:53.319 D/dalvikvm(19139): Compiler shutdown in progress - discarding request
03-04 16:25:53.489 I/WifiHW  (  505): CMD: IFNAME=wlan0 SIGNAL_POLL
03-04 16:25:53.489 D/wpa_supplicant(  694): RX ctrl_iface - hexdump(len=11): 53 49 47 4e 41 4c 5f 50 4f 4c 4c
03-04 16:25:53.489 D/wpa_supplicant(  694): wlan0: Control interface command 'SIGNAL_POLL'
03-04 16:25:53.509 D/wpa_supplicant(  694): nl80211: survey data missing!
03-04 16:25:53.509 I/WifiHW  (  505): REPLY: RSSI=-61
03-04 16:25:53.509 I/WifiHW  (  505): REPLY: LINKSPEED=65
03-04 16:25:53.509 I/WifiHW  (  505): REPLY: NOISE=9999
03-04 16:25:53.509 I/WifiHW  (  505): REPLY: FREQUENCY=2437
03-04 16:25:53.929 D/AndroidRuntime(19150): 
03-04 16:25:53.929 D/AndroidRuntime(19150): >>>>>> AndroidRuntime START com.android.internal.os.RuntimeInit <<<<<<
03-04 16:25:53.929 D/AndroidRuntime(19150): CheckJNI is OFF
03-04 16:25:53.929 I/AndroidRuntime(19150): Kernel Release Version: 3.10.20-gf818079
03-04 16:25:53.929 I/dalvikvm(19150): No library specified. The standard exception handler will be used
03-04 16:25:53.929 I/dalvikvm(19150): 
03-04 16:25:53.929 I/dalvikvm(19150): +++++++++++++ Using PCG. +++++++++++++++++++++
03-04 16:25:53.939 D/dalvikvm(19150): Trying to load lib libjavacore.so 0x0
03-04 16:25:53.939 D/dalvikvm(19150): Added shared lib libjavacore.so 0x0
03-04 16:25:53.939 D/dalvikvm(19150): Trying to load lib libnativehelper.so 0x0
03-04 16:25:53.939 D/dalvikvm(19150): Added shared lib libnativehelper.so 0x0
03-04 16:25:53.939 D/dalvikvm(19150): No JNI_OnLoad found in libnativehelper.so 0x0, skipping init
03-04 16:25:53.949 D/dalvikvm(19150): Extra Options: not specified
03-04 16:25:53.959 D/dalvikvm(19150): Note: class Landroid/app/ActivityManagerNative; has 186 unimplemented (abstract) methods
03-04 16:25:54.029 E/memtrack(19150): Couldn't load memtrack module (No such file or directory)
03-04 16:25:54.029 E/android.os.Debug(19150): failed to load memtrack module: -2
03-04 16:25:54.069 D/AndroidRuntime(19150): Calling main entry com.android.commands.am.Am
03-04 16:25:54.099 D/AndroidRuntime(19150): Shutting down VM
03-04 16:25:54.099 D/dalvikvm(19150): GC_CONCURRENT freed 116K, 17% free 670K/800K, paused 0ms+0ms, total 1ms
03-04 16:25:54.099 I/ActivityManager(  505): START u0 {flg=0x10000000 cmp=org.xwalk.webapi_service_tests/.webapi_service_tests} from pid 19150
03-04 16:25:54.109 D/dalvikvm(19150): Compiler shutdown in progress - discarding request
03-04 16:25:54.109 D/dalvikvm(19150): Compiler shutdown in progress - discarding request
03-04 16:25:54.109 D/dalvikvm(19150): Compiler shutdown in progress - discarding request
03-04 16:25:54.109 D/dalvikvm(19150): Compiler shutdown in progress - discarding request
03-04 16:25:54.109 D/dalvikvm(19150): Compiler shutdown in progress - discarding request
03-04 16:25:54.109 D/dalvikvm(19150): Compiler shutdown in progress - discarding request
03-04 16:25:54.109 D/dalvikvm(19150): Compiler shutdown in progress - discarding request
03-04 16:25:54.109 D/dalvikvm(19150): Compiler shutdown in progress - discarding request
03-04 16:25:54.109 D/dalvikvm(19150): Compiler shutdown in progress - discarding request
03-04 16:25:54.109 D/dalvikvm(19150): Compiler shutdown in progress - discarding request
03-04 16:25:54.109 D/dalvikvm(19150): Compiler shutdown in progress - discarding request
03-04 16:25:54.109 D/dalvikvm(19150): Compiler shutdown in progress - discarding request
03-04 16:25:54.109 D/dalvikvm(19150): Compiler shutdown in progress - discarding request
03-04 16:25:54.109 D/dalvikvm(19150): Compiler shutdown in progress - discarding request
03-04 16:25:54.109 D/dalvikvm(19150): Compiler shutdown in progress - discarding request
03-04 16:25:54.109 D/dalvikvm(19150): Compiler shutdown in progress - discarding request
03-04 16:25:54.109 D/dalvikvm(19150): Compiler shutdown in progress - discarding request
03-04 16:25:54.109 D/dalvikvm(19150): Compiler shutdown in progress - discarding request
03-04 16:25:54.109 D/dalvikvm(19150): Compiler shutdown in progress - discarding request
03-04 16:25:54.109 D/dalvikvm(19150): Compiler shutdown in progress - discarding request
03-04 16:25:54.109 D/dalvikvm(19150): Compiler shutdown in progress - discarding request
03-04 16:25:54.109 D/dalvikvm(19150): Compiler shutdown in progress - discarding request
03-04 16:25:54.109 D/dalvikvm(19150): Compiler shutdown in progress - discarding request
03-04 16:25:54.109 D/dalvikvm(19150): Compiler shutdown in progress - discarding request
03-04 16:25:54.109 D/dalvikvm(19150): Compiler shutdown in progress - discarding request
03-04 16:25:54.109 D/dalvikvm(19150): Compiler shutdown in progress - discarding request
03-04 16:25:54.109 D/dalvikvm(19150): Compiler shutdown in progress - discarding request
03-04 16:25:54.109 D/dalvikvm(19150): Compiler shutdown in progress - discarding request
03-04 16:25:54.109 D/dalvikvm(19150): Compiler shutdown in progress - discarding request
03-04 16:25:54.109 D/dalvikvm(19150): Compiler shutdown in progress - discarding request
03-04 16:25:54.109 D/dalvikvm(19150): Compiler shutdown in progress - discarding request
03-04 16:25:54.109 D/dalvikvm(19150): Compiler shutdown in progress - discarding request
03-04 16:25:54.109 D/dalvikvm(19150): Compiler shutdown in progress - discarding request
03-04 16:25:54.109 D/dalvikvm(19150): Compiler shutdown in progress - discarding request
03-04 16:25:54.109 D/dalvikvm(19150): Compiler shutdown in progress - discarding request
03-04 16:25:54.109 D/dalvikvm(19150): Compiler shutdown in progress - discarding request
03-04 16:25:54.109 D/dalvikvm(19150): Compiler shutdown in progress - discarding request
03-04 16:25:54.109 D/dalvikvm(19150): Compiler shutdown in progress - discarding request
03-04 16:25:54.109 D/dalvikvm(19150): Compiler shutdown in progress - discarding request
03-04 16:25:54.109 D/dalvikvm(19150): Compiler shutdown in progress - discarding request
03-04 16:25:54.109 D/dalvikvm(19150): Compiler shutdown in progress - discarding request
03-04 16:25:54.109 D/dalvikvm(19150): Compiler shutdown in progress - discarding request
03-04 16:25:54.109 D/dalvikvm(19150): Compiler shutdown in progress - discarding request
03-04 16:25:54.109 D/dalvikvm(19150): Compiler shutdown in progress - discarding request
03-04 16:25:54.109 D/dalvikvm(19150): Compiler shutdown in progress - discarding request
03-04 16:25:54.109 D/dalvikvm(19150): Compiler shutdown in progress - discarding request
03-04 16:25:54.109 D/dalvikvm(19150): Compiler shutdown in progress - discarding request
03-04 16:25:54.779 D/AndroidRuntime(19161): 
03-04 16:25:54.779 D/AndroidRuntime(19161): >>>>>> AndroidRuntime START com.android.internal.os.RuntimeInit <<<<<<
03-04 16:25:54.779 D/AndroidRuntime(19161): CheckJNI is OFF
03-04 16:25:54.779 I/AndroidRuntime(19161): Kernel Release Version: 3.10.20-gf818079
03-04 16:25:54.779 I/dalvikvm(19161): No library specified. The standard exception handler will be used
03-04 16:25:54.779 I/dalvikvm(19161): 
03-04 16:25:54.779 I/dalvikvm(19161): +++++++++++++ Using PCG. +++++++++++++++++++++
03-04 16:25:54.789 D/dalvikvm(19161): Trying to load lib libjavacore.so 0x0
03-04 16:25:54.789 D/dalvikvm(19161): Added shared lib libjavacore.so 0x0
03-04 16:25:54.789 D/dalvikvm(19161): Trying to load lib libnativehelper.so 0x0
03-04 16:25:54.789 D/dalvikvm(19161): Added shared lib libnativehelper.so 0x0
03-04 16:25:54.789 D/dalvikvm(19161): No JNI_OnLoad found in libnativehelper.so 0x0, skipping init
03-04 16:25:54.799 D/dalvikvm(19161): Extra Options: not specified
03-04 16:25:54.809 D/dalvikvm(19161): Note: class Landroid/app/ActivityManagerNative; has 186 unimplemented (abstract) methods
03-04 16:25:54.879 E/memtrack(19161): Couldn't load memtrack module (No such file or directory)
03-04 16:25:54.879 E/android.os.Debug(19161): failed to load memtrack module: -2
03-04 16:25:54.909 D/AndroidRuntime(19161): Calling main entry com.android.commands.am.Am
03-04 16:25:54.939 I/ActivityManager(  505): START u0 {flg=0x10000000 cmp=org.xwalk.webapi_service_tests/.WebapiServiceTestsActivity} from pid 19161
03-04 16:25:54.949 W/ufoGralloc(  170): registerBuffer() handle 0xb95fda70/13 didn't require registration
03-04 16:25:54.949 D/AndroidRuntime(19161): Shutting down VM
03-04 16:25:54.959 D/dalvikvm(19161): GC_CONCURRENT freed 114K, 16% free 701K/832K, paused 0ms+0ms, total 1ms
03-04 16:25:54.969 D/dalvikvm(19161): Compiler shutdown in progress - discarding request
03-04 16:25:54.969 D/dalvikvm(19161): Compiler shutdown in progress - discarding request
03-04 16:25:54.969 D/dalvikvm(19161): Compiler shutdown in progress - discarding request
03-04 16:25:54.969 D/dalvikvm(19161): Compiler shutdown in progress - discarding request
03-04 16:25:54.969 D/dalvikvm(19161): Compiler shutdown in progress - discarding request
03-04 16:25:54.969 D/dalvikvm(19161): Compiler shutdown in progress - discarding request
03-04 16:25:54.969 D/dalvikvm(19161): Compiler shutdown in progress - discarding request
03-04 16:25:54.969 D/dalvikvm(19161): Compiler shutdown in progress - discarding request
03-04 16:25:54.969 D/dalvikvm(19161): Compiler shutdown in progress - discarding request
03-04 16:25:54.969 D/dalvikvm(19161): Compiler shutdown in progress - discarding request
03-04 16:25:54.969 D/dalvikvm(19161): Compiler shutdown in progress - discarding request
03-04 16:25:54.969 D/dalvikvm(19161): Compiler shutdown in progress - discarding request
03-04 16:25:54.969 D/dalvikvm(19161): Compiler shutdown in progress - discarding request
03-04 16:25:54.969 D/dalvikvm(19161): Compiler shutdown in progress - discarding request
03-04 16:25:54.969 D/dalvikvm(19161): Compiler shutdown in progress - discarding request
03-04 16:25:54.969 D/dalvikvm(19161): Compiler shutdown in progress - discarding request
03-04 16:25:54.969 D/dalvikvm(19161): Compiler shutdown in progress - discarding request
03-04 16:25:54.969 D/dalvikvm(19161): Compiler shutdown in progress - discarding request
03-04 16:25:54.969 D/dalvikvm(19161): Compiler shutdown in progress - discarding request
03-04 16:25:54.969 D/dalvikvm(19161): Compiler shutdown in progress - discarding request
03-04 16:25:54.969 D/dalvikvm(19161): Compiler shutdown in progress - discarding request
03-04 16:25:54.969 D/dalvikvm(19161): Compiler shutdown in progress - discarding request
03-04 16:25:54.969 D/dalvikvm(19161): Compiler shutdown in progress - discarding request
03-04 16:25:54.969 D/dalvikvm(19161): Compiler shutdown in progress - discarding request
03-04 16:25:54.969 D/dalvikvm(19161): Compiler shutdown in progress - discarding request
03-04 16:25:54.969 D/dalvikvm(19161): Compiler shutdown in progress - discarding request
03-04 16:25:54.969 D/dalvikvm(19161): Compiler shutdown in progress - discarding request
03-04 16:25:54.969 D/dalvikvm(19161): Compiler shutdown in progress - discarding request
03-04 16:25:54.969 D/dalvikvm(19161): Compiler shutdown in progress - discarding request
03-04 16:25:54.969 D/dalvikvm(19161): Compiler shutdown in progress - discarding request
03-04 16:25:54.969 D/dalvikvm(19161): Compiler shutdown in progress - discarding request
03-04 16:25:54.969 D/dalvikvm(19161): Compiler shutdown in progress - discarding request
03-04 16:25:54.969 D/dalvikvm(19161): Compiler shutdown in progress - discarding request
03-04 16:25:54.969 D/dalvikvm(19161): Compiler shutdown in progress - discarding request
03-04 16:25:54.969 D/dalvikvm(19161): Compiler shutdown in progress - discarding request
03-04 16:25:54.969 D/dalvikvm(19161): Compiler shutdown in progress - discarding request
03-04 16:25:54.969 D/dalvikvm(19161): Compiler shutdown in progress - discarding request
03-04 16:25:54.969 D/dalvikvm(19161): Compiler shutdown in progress - discarding request
03-04 16:25:54.969 D/dalvikvm(19161): Compiler shutdown in progress - discarding request
03-04 16:25:54.969 D/dalvikvm(19161): Compiler shutdown in progress - discarding request
03-04 16:25:54.969 D/dalvikvm(19161): Compiler shutdown in progress - discarding request
03-04 16:25:54.969 D/dalvikvm(19161): Compiler shutdown in progress - discarding request
03-04 16:25:54.999 I/SecurityManagerService(  602): SMS received security event: App[START/org.xwalk.webapi_service_tests]
03-04 16:25:55.009 I/ActivityManager(  505): Start proc org.xwalk.webapi_service_tests for activity org.xwalk.webapi_service_tests/.WebapiServiceTestsActivity: pid=19172 uid=10401 gids={50401, 3003, 1028, 1015}
03-04 16:25:55.019 D/dalvikvm(19172): Process 19172 nice name: org.xwalk.webapi_service_tests
03-04 16:25:55.019 D/dalvikvm(19172): Extra Options: not specified
03-04 16:25:55.019 D/WindowManager(  505): adjustConfigurationLw, config:{1.0 ?mcc?mnc ?locale ?layoutDir sw600dp w600dp h888dp 213dpi lrg port ?uimode ?night finger -keyb/v/h -nav/v} mLidState:1 mHasDockFeature:false mHasKeyboardFeature:false mHasHallSensorFeature:true config.hardKeyboardHidden:2
03-04 16:25:55.029 I/ActivityManager(  505): [TopPkgCurBat]	NowPkgName[org.xwalk.webapi_service_tests]	Battery[83]	TimeTick[1425457555039]	OldPkgName[com.chrome.beta]
03-04 16:25:55.069 D/dalvikvm(19172): Trying to load lib /data/app-lib/org.xwalk.webapi_service_tests-1/libxwalkcore.so 0x43d85450
03-04 16:25:55.089 D/        (19028): Surface destroy: ANDROID_NATIVE_WINDOW_MAGIC
03-04 16:25:55.089 D/dalvikvm(19172): Added shared lib /data/app-lib/org.xwalk.webapi_service_tests-1/libxwalkcore.so 0x43d85450
03-04 16:25:55.089 D/        (16472): Surface destroy: ANDROID_NATIVE_WINDOW_MAGIC
03-04 16:25:55.099 I/LibraryLoader(19172): Time to load native libraries: 30 ms (timestamps 7410-7440)
03-04 16:25:55.099 I/LibraryLoader(19172): Expected native library version number "",actual native library version number ""
03-04 16:25:55.119 I/LibraryLoader(19172): Expected native library version number "",actual native library version number ""
03-04 16:25:55.119 I/chromium(19172): [INFO:library_loader_hooks.cc(112)] Chromium logging enabled: level = 0, default verbosity = 0
03-04 16:25:55.129 I/BrowserStartupController(19172): Initializing chromium process, singleProcess=true
03-04 16:25:55.199 W/AudioManagerAndroid(19172): Requires BLUETOOTH permission
03-04 16:25:55.219 I/ufoGralloc(19172): Hello, this is UFO GRALLOC/Intel Corporation
03-04 16:25:55.219 D/        (19172): Pixel Format : GGL_PIXEL_FORMAT_RGBA_8888
03-04 16:25:55.219 D/        (19172): droid_create_context : config id = 1 conf->NativeVisualID=1
03-04 16:25:55.219 D/        (19172): Pixel Format : GGL_PIXEL_FORMAT_RGBA_8888
03-04 16:25:55.219 I/        (19172): Requested context : GLES 2.0
03-04 16:25:55.249 W/chromium(19172): [WARNING:proxy_service.cc(899)] PAC support disabled because there is no system implementation
03-04 16:25:55.249 W/dalvikvm(19172): VFY: unable to find class referenced in signature (Landroid/view/inputmethod/CursorAnchorInfo;)
03-04 16:25:55.249 I/dalvikvm(19172): Could not find method android.view.inputmethod.InputMethodManager.updateCursorAnchorInfo, referenced from method org.chromium.content.browser.input.InputMethodManagerWrapper.updateCursorAnchorInfo
03-04 16:25:55.249 W/dalvikvm(19172): VFY: unable to resolve virtual method 1241: Landroid/view/inputmethod/InputMethodManager;.updateCursorAnchorInfo (Landroid/view/View;Landroid/view/inputmethod/CursorAnchorInfo;)V
03-04 16:25:55.249 D/dalvikvm(19172): VFY: replacing opcode 0x6e at 0x000a
03-04 16:25:55.319 E/cutils  (  162): Failed to mkdirat(/Removable/MicroSD): Read-only file system
03-04 16:25:55.319 W/ContextImpl(19172): Failed to ensure directory: /Removable/MicroSD/Android/data/org.xwalk.webapi_service_tests/cache
03-04 16:25:55.319 W/XWalkExtensionManager(19172): Failed to read extensions-config.json
03-04 16:25:55.319 E/chromium(19172): [ERROR:unix_domain_server_socket_posix.cc(106)] Not implemented reached in virtual int net::UnixDomainServerSocket::GetLocalAddress(net::IPEndPoint*) const
03-04 16:25:55.319 I/dalvikvm(19172): Could not find method android.app.Activity.finishAndRemoveTask, referenced from method org.chromium.base.ApiCompatibilityUtils.finishAndRemoveTask
03-04 16:25:55.319 W/dalvikvm(19172): VFY: unable to resolve virtual method 4: Landroid/app/Activity;.finishAndRemoveTask ()V
03-04 16:25:55.319 D/dalvikvm(19172): VFY: replacing opcode 0x6e at 0x0006
03-04 16:25:55.319 I/dalvikvm(19172): Could not find method android.os.PowerManager.isInteractive, referenced from method org.chromium.base.ApiCompatibilityUtils.isInteractive
03-04 16:25:55.319 W/dalvikvm(19172): VFY: unable to resolve virtual method 768: Landroid/os/PowerManager;.isInteractive ()Z
03-04 16:25:55.319 D/dalvikvm(19172): VFY: replacing opcode 0x6e at 0x000e
03-04 16:25:55.319 I/dalvikvm(19172): Could not find method android.view.Window.getNavigationBarColor, referenced from method org.chromium.base.ApiCompatibilityUtils.setStatusBarColor
03-04 16:25:55.319 W/dalvikvm(19172): VFY: unable to resolve virtual method 1144: Landroid/view/Window;.getNavigationBarColor ()I
03-04 16:25:55.319 D/dalvikvm(19172): VFY: replacing opcode 0x6e at 0x0010
03-04 16:25:55.319 I/dalvikvm(19172): Could not find method android.view.Window.setStatusBarColor, referenced from method org.chromium.base.ApiCompatibilityUtils.setStatusBarColor
03-04 16:25:55.319 W/dalvikvm(19172): VFY: unable to resolve virtual method 1149: Landroid/view/Window;.setStatusBarColor (I)V
03-04 16:25:55.319 D/dalvikvm(19172): VFY: replacing opcode 0x6e at 0x0019
03-04 16:25:55.319 E/dalvikvm(19172): Could not find class 'android.app.ActivityManager$TaskDescription', referenced from method org.chromium.base.ApiCompatibilityUtils.setTaskDescription
03-04 16:25:55.319 W/dalvikvm(19172): VFY: unable to resolve new-instance 11 (Landroid/app/ActivityManager$TaskDescription;) in Lorg/chromium/base/ApiCompatibilityUtils;
03-04 16:25:55.319 D/dalvikvm(19172): VFY: replacing opcode 0x22 at 0x0006
03-04 16:25:55.319 D/dalvikvm(19172): DexOpt: unable to opt direct call 0x001e at 0x08 in Lorg/chromium/base/ApiCompatibilityUtils;.setTaskDescription
03-04 16:25:55.319 W/Vold    (  162): Returning OperationFailed - no handler for errno 30
03-04 16:25:55.329 I/chromium(19172): [INFO:xwalk_extension_renderer_controller.cc(47)] EXTENSION PROCESS DISABLED.
03-04 16:25:55.379 D/        (19172): Pixel Format : GGL_PIXEL_FORMAT_RGBA_8888
03-04 16:25:55.379 D/        (19172): droid_create_context : config id = 1 conf->NativeVisualID=1
03-04 16:25:55.379 D/        (19172): Pixel Format : GGL_PIXEL_FORMAT_RGBA_8888
03-04 16:25:55.379 I/        (19172): Requested context : GLES 2.0
03-04 16:25:55.389 D/        (19172): droid_create_context : config id = 5 conf->NativeVisualID=1
03-04 16:25:55.389 D/        (19172): Pixel Format : GGL_PIXEL_FORMAT_RGBA_8888
03-04 16:25:55.389 I/        (19172): Requested context : GLES 2.0
03-04 16:25:55.409 D/        (19172): Pixel Format : GGL_PIXEL_FORMAT_RGBA_8888
03-04 16:25:55.409 D/OpenGLRenderer(19172): Enabling debug mode 0
03-04 16:25:55.539 W/BindingManager(19172): Cannot call determinedVisibility() - never saw a connection for the pid: 19172
03-04 16:25:55.559 I/ActivityManager(  505): Displayed org.xwalk.webapi_service_tests/.WebapiServiceTestsActivity: +565ms
03-04 16:25:55.559 W/IInputConnectionWrapper(16472): showStatusIcon on inactive InputConnection
03-04 16:25:55.569 D/XT9IME  (  728): new subtype :en_US ,keyboard
03-04 16:25:55.599 D/        (19172): Pixel Format : GGL_PIXEL_FORMAT_RGBA_8888
03-04 16:25:55.599 D/        (19172): droid_create_context : config id = 1 conf->NativeVisualID=1
03-04 16:25:55.599 D/        (19172): Pixel Format : GGL_PIXEL_FORMAT_RGBA_8888
03-04 16:25:55.599 I/        (19172): Requested context : GLES 2.0
03-04 16:25:55.609 D/        (19172): Swap interval set to = 1 value
03-04 16:25:55.619 D/BatteryStatsImpl(  505): noteStopWakeLocked system isFromForeground = false
03-04 16:25:55.799 E/TabPersistentStore(16472): Failed to create state folder: /data/data/com.chrome.beta/app_tabs/0
03-04 16:25:55.799 I/chromium(19172): [INFO:CONSOLE(0)] "Synchronous XMLHttpRequest on the main thread is deprecated because of its detrimental effects to the end user's experience. For more help, check http://xhr.spec.whatwg.org/.", source:  (0)
03-04 16:25:55.849 D/        (16472): Pixel Format : GGL_PIXEL_FORMAT_RGBA_8888
03-04 16:25:55.879 D/        (19172): Pixel Format : GGL_PIXEL_FORMAT_RGBA_8888
03-04 16:25:55.879 D/        (19172): droid_create_context : config id = 1 conf->NativeVisualID=1
03-04 16:25:55.879 D/        (19172): Pixel Format : GGL_PIXEL_FORMAT_RGBA_8888
03-04 16:25:55.879 I/        (19172): Requested context : GLES 2.0
03-04 16:25:56.519 I/WifiHW  (  505): CMD: IFNAME=wlan0 SIGNAL_POLL
03-04 16:25:56.519 D/wpa_supplicant(  694): RX ctrl_iface - hexdump(len=11): 53 49 47 4e 41 4c 5f 50 4f 4c 4c
03-04 16:25:56.519 D/wpa_supplicant(  694): wlan0: Control interface command 'SIGNAL_POLL'
03-04 16:25:56.559 D/wpa_supplicant(  694): nl80211: survey data missing!
03-04 16:25:56.559 I/WifiHW  (  505): REPLY: RSSI=-64
03-04 16:25:56.559 I/WifiHW  (  505): REPLY: LINKSPEED=65
03-04 16:25:56.559 I/WifiHW  (  505): REPLY: NOISE=9999
03-04 16:25:56.559 I/WifiHW  (  505): REPLY: FREQUENCY=2437
03-04 16:25:57.169 I/chromium(19172): [INFO:CONSOLE(15)] "WebSocket connection to 'ws://127.0.0.1/ws/echo' failed: Error in connection establishment: net::ERR_CONNECTION_REFUSED", source: http://127.0.0.1:8080/opt/tct-websocket-w3c-tests/websocket/w3c/unload-a-document/001-1.html (15)
