03-04 16:13:42.799 I/[UPI]   (  165): <UG31/E><BATT> M:normal, P:85(85-85)%, V:4039mV, C:-296mA, T:34.1C(400), S:0x0000254a(000), R:3071mAh, F:3602mAh, Q:781mAh, CC:4, P:30.290(827-0)s, BO:7, 97:615:0-44af-9m:B001-20140514-144301 (16)
03-04 16:13:42.799 D/EVENT_THREAD(  182): void CEventThread::run() POLLIN event on Fd (1)
03-04 16:13:42.799 D/EVENT_THREAD(  182): void CEventThread::run() Do poll with timeout: -1
03-04 16:13:42.799 I/upi_ug31xx(  165): (2044) backup_data 
03-04 16:13:42.809 V/upi_ug31xx(  165): state->check_backup_count = 1
03-04 16:13:45.189 I/WifiHW  (  505): CMD: IFNAME=wlan0 SIGNAL_POLL
03-04 16:13:45.189 D/wpa_supplicant(  694): RX ctrl_iface - hexdump(len=11): 53 49 47 4e 41 4c 5f 50 4f 4c 4c
03-04 16:13:45.189 D/wpa_supplicant(  694): wlan0: Control interface command 'SIGNAL_POLL'
03-04 16:13:45.219 D/wpa_supplicant(  694): nl80211: survey data missing!
03-04 16:13:45.219 I/WifiHW  (  505): REPLY: RSSI=-65
03-04 16:13:45.219 I/WifiHW  (  505): REPLY: LINKSPEED=39
03-04 16:13:45.219 I/WifiHW  (  505): REPLY: NOISE=9999
03-04 16:13:45.219 I/WifiHW  (  505): REPLY: FREQUENCY=2437
03-04 16:13:48.229 I/WifiHW  (  505): CMD: IFNAME=wlan0 SIGNAL_POLL
03-04 16:13:48.229 D/wpa_supplicant(  694): RX ctrl_iface - hexdump(len=11): 53 49 47 4e 41 4c 5f 50 4f 4c 4c
03-04 16:13:48.229 D/wpa_supplicant(  694): wlan0: Control interface command 'SIGNAL_POLL'
03-04 16:13:48.259 D/wpa_supplicant(  694): nl80211: survey data missing!
03-04 16:13:48.259 I/WifiHW  (  505): REPLY: RSSI=-67
03-04 16:13:48.259 I/WifiHW  (  505): REPLY: LINKSPEED=39
03-04 16:13:48.259 I/WifiHW  (  505): REPLY: NOISE=9999
03-04 16:13:48.259 I/WifiHW  (  505): REPLY: FREQUENCY=2437
03-04 16:13:51.059 W/BindingManager(13944): Cannot call determinedVisibility() - never saw a connection for the pid: 13944
03-04 16:13:51.269 I/WifiHW  (  505): CMD: IFNAME=wlan0 SIGNAL_POLL
03-04 16:13:51.269 D/wpa_supplicant(  694): RX ctrl_iface - hexdump(len=11): 53 49 47 4e 41 4c 5f 50 4f 4c 4c
03-04 16:13:51.269 D/wpa_supplicant(  694): wlan0: Control interface command 'SIGNAL_POLL'
03-04 16:13:51.299 D/wpa_supplicant(  694): nl80211: survey data missing!
03-04 16:13:51.299 I/WifiHW  (  505): REPLY: RSSI=-66
03-04 16:13:51.299 I/WifiHW  (  505): REPLY: LINKSPEED=39
03-04 16:13:51.299 I/WifiHW  (  505): REPLY: NOISE=9999
03-04 16:13:51.299 I/WifiHW  (  505): REPLY: FREQUENCY=2437
03-04 16:13:51.719 I/chromium(13944): [INFO:CONSOLE(1)] "Uncaught SyntaxError: Unexpected token :", source: http://127.0.0.1:8080/opt/webapi-resourcetiming-w3c-tests/resourcetiming/w3c/submission/resources/generate_resource.cgi?types=script&id=1 (1)
03-04 16:13:51.719 I/chromium(13944): [INFO:CONSOLE(1)] "Uncaught SyntaxError: Unexpected token :", source: http://127.0.0.1:8080/opt/webapi-resourcetiming-w3c-tests/resourcetiming/w3c/submission/resources/generate_resource.cgi?types=script&id=2 (1)
03-04 16:13:51.719 I/chromium(13944): [INFO:CONSOLE(1)] "Uncaught SyntaxError: Unexpected token :", source: http://127.0.0.1:8080/opt/webapi-resourcetiming-w3c-tests/resourcetiming/w3c/submission/resources/generate_resource.cgi?types=script&id=3 (1)
03-04 16:13:51.739 I/chromium(13944): [INFO:CONSOLE(1)] "Uncaught SyntaxError: Unexpected token :", source: http://127.0.0.1:8080/opt/webapi-resourcetiming-w3c-tests/resourcetiming/w3c/submission/resources/generate_resource.cgi?types=script&id=5 (1)
03-04 16:13:51.739 I/chromium(13944): [INFO:CONSOLE(1)] "Uncaught SyntaxError: Unexpected token :", source: http://127.0.0.1:8080/opt/webapi-resourcetiming-w3c-tests/resourcetiming/w3c/submission/resources/generate_resource.cgi?types=script&id=4 (1)
03-04 16:13:51.759 I/chromium(13944): [INFO:CONSOLE(1)] "Uncaught SyntaxError: Unexpected token :", source: http://127.0.0.1:8080/opt/webapi-resourcetiming-w3c-tests/resourcetiming/w3c/submission/resources/generate_resource.cgi?types=script&id=6 (1)
03-04 16:13:51.759 I/chromium(13944): [INFO:CONSOLE(1)] "Uncaught SyntaxError: Unexpected token :", source: http://127.0.0.1:8080/opt/webapi-resourcetiming-w3c-tests/resourcetiming/w3c/submission/resources/generate_resource.cgi?types=script&id=7 (1)
03-04 16:13:51.759 I/chromium(13944): [INFO:CONSOLE(1)] "Uncaught SyntaxError: Unexpected token :", source: http://127.0.0.1:8080/opt/webapi-resourcetiming-w3c-tests/resourcetiming/w3c/submission/resources/generate_resource.cgi?types=script&id=9 (1)
03-04 16:13:51.759 I/chromium(13944): [INFO:CONSOLE(1)] "Uncaught SyntaxError: Unexpected token :", source: http://127.0.0.1:8080/opt/webapi-resourcetiming-w3c-tests/resourcetiming/w3c/submission/resources/generate_resource.cgi?types=script&id=8 (1)
03-04 16:13:53.149 W/ufoGralloc(  170): registerBuffer() handle 0xb961c380/110 didn't require registration
03-04 16:13:53.159 D/WindowManager(  505): adjustConfigurationLw, config:{1.0 ?mcc?mnc ?locale ?layoutDir sw600dp w600dp h888dp 213dpi lrg port ?uimode ?night finger -keyb/v/h -nav/v} mLidState:1 mHasDockFeature:false mHasKeyboardFeature:false mHasHallSensorFeature:true config.hardKeyboardHidden:2
03-04 16:13:53.159 I/ActivityManager(  505): [TopPkgCurBat]	NowPkgName[com.asus.launcher]	Battery[85]	TimeTick[1425456833176]	OldPkgName[org.xwalk.webapi_service_tests]
03-04 16:13:53.179 V/WeatherTimeProvider( 1102): widget on Visibility Changed
03-04 16:13:53.189 D/        (  696): Pixel Format : GGL_PIXEL_FORMAT_RGBA_8888
03-04 16:13:53.199 W/IInputConnectionWrapper(13944): showStatusIcon on inactive InputConnection
03-04 16:13:53.199 D/XT9IME  (  728): new subtype :en_US ,keyboard
03-04 16:13:53.229 D/BatteryStatsImpl(  505): noteStopWakeLocked system isFromForeground = false
03-04 16:13:53.229 D/ImageWallpaper(  571): onVisibilityChanged: mVisible, visible=false, true
03-04 16:13:53.229 D/ImageWallpaper(  571): Visibility changed to visible=true
03-04 16:13:53.229 D/ImageWallpaper(  571): Suppressed drawFrame since redraw is not needed and offsets have not changed.
03-04 16:13:53.239 D/dalvikvm(  505): GC_EXPLICIT freed 1532K, 50% free 18529K/36636K, paused 1ms+6ms, total 70ms
03-04 16:13:53.249 D/        (13944): Surface destroy: ANDROID_NATIVE_WINDOW_MAGIC
03-04 16:13:53.269 D/        (13944): Surface destroy: ANDROID_NATIVE_WINDOW_MAGIC
03-04 16:13:53.659 I/ActivityManager(  505): Killing 12687:com.asus.livedemo/u0a34 (adj 15): empty #9
03-04 16:13:53.669 D/        (13944): Pixel Format : GGL_PIXEL_FORMAT_RGBA_8888
03-04 16:13:53.669 W/SurfaceFlinger(  170): couldn't log to binary event log: overflow.
03-04 16:13:53.689 W/ScreenOrientationListener(13944): Removing an inexistent observer!
03-04 16:13:53.719 I/SecurityManagerService(  602): SMS received security event: App[STOP/com.asus.livedemo]
03-04 16:13:53.939 D/AndroidRuntime(14463): 
03-04 16:13:53.939 D/AndroidRuntime(14463): >>>>>> AndroidRuntime START com.android.internal.os.RuntimeInit <<<<<<
03-04 16:13:53.939 D/AndroidRuntime(14463): CheckJNI is OFF
03-04 16:13:53.939 I/AndroidRuntime(14463): Kernel Release Version: 3.10.20-gf818079
03-04 16:13:53.949 I/dalvikvm(14463): No library specified. The standard exception handler will be used
03-04 16:13:53.949 I/dalvikvm(14463): 
03-04 16:13:53.949 I/dalvikvm(14463): +++++++++++++ Using PCG. +++++++++++++++++++++
03-04 16:13:53.959 D/dalvikvm(14463): Trying to load lib libjavacore.so 0x0
03-04 16:13:53.969 D/dalvikvm(14463): Added shared lib libjavacore.so 0x0
03-04 16:13:53.969 D/dalvikvm(14463): Trying to load lib libnativehelper.so 0x0
03-04 16:13:53.969 D/dalvikvm(14463): Added shared lib libnativehelper.so 0x0
03-04 16:13:53.969 D/dalvikvm(14463): No JNI_OnLoad found in libnativehelper.so 0x0, skipping init
03-04 16:13:53.979 D/dalvikvm(14463): Extra Options: not specified
03-04 16:13:53.999 D/dalvikvm(14463): Note: class Landroid/app/ActivityManagerNative; has 186 unimplemented (abstract) methods
03-04 16:13:54.079 E/memtrack(14463): Couldn't load memtrack module (No such file or directory)
03-04 16:13:54.079 E/android.os.Debug(14463): failed to load memtrack module: -2
03-04 16:13:54.109 D/AndroidRuntime(14463): Calling main entry com.android.commands.am.Am
03-04 16:13:54.139 I/ActivityManager(  505): Force stopping org.xwalk.webapi_service_tests appid=10401 user=0: from pid 14463
03-04 16:13:54.139 I/SecurityManagerService(  602): SMS received security event: App[STOP/org.xwalk.webapi_service_tests]
03-04 16:13:54.139 D/AndroidRuntime(14463): Shutting down VM
03-04 16:13:54.139 D/dalvikvm(14463): GC_CONCURRENT freed 108K, 16% free 638K/760K, paused 0ms+0ms, total 1ms
03-04 16:13:54.139 I/ActivityManager(  505): Killing 13944:org.xwalk.webapi_service_tests/u0a401 (adj 9): stop org.xwalk.webapi_service_tests
03-04 16:13:54.149 D/dalvikvm(14463): Compiler shutdown in progress - discarding request
03-04 16:13:54.149 D/dalvikvm(14463): Compiler shutdown in progress - discarding request
03-04 16:13:54.149 D/dalvikvm(14463): Compiler shutdown in progress - discarding request
03-04 16:13:54.149 D/dalvikvm(14463): Compiler shutdown in progress - discarding request
03-04 16:13:54.149 D/dalvikvm(14463): Compiler shutdown in progress - discarding request
03-04 16:13:54.149 D/dalvikvm(14463): Compiler shutdown in progress - discarding request
03-04 16:13:54.149 D/dalvikvm(14463): Compiler shutdown in progress - discarding request
03-04 16:13:54.149 D/dalvikvm(14463): Compiler shutdown in progress - discarding request
03-04 16:13:54.149 D/dalvikvm(14463): Compiler shutdown in progress - discarding request
03-04 16:13:54.149 D/dalvikvm(14463): Compiler shutdown in progress - discarding request
03-04 16:13:54.149 D/dalvikvm(14463): Compiler shutdown in progress - discarding request
03-04 16:13:54.149 D/dalvikvm(14463): Compiler shutdown in progress - discarding request
03-04 16:13:54.149 D/dalvikvm(14463): Compiler shutdown in progress - discarding request
03-04 16:13:54.149 D/dalvikvm(14463): Compiler shutdown in progress - discarding request
03-04 16:13:54.149 D/dalvikvm(14463): Compiler shutdown in progress - discarding request
03-04 16:13:54.149 D/dalvikvm(14463): Compiler shutdown in progress - discarding request
03-04 16:13:54.149 D/dalvikvm(14463): Compiler shutdown in progress - discarding request
03-04 16:13:54.149 D/dalvikvm(14463): Compiler shutdown in progress - discarding request
03-04 16:13:54.149 D/dalvikvm(14463): Compiler shutdown in progress - discarding request
03-04 16:13:54.149 D/dalvikvm(14463): Compiler shutdown in progress - discarding request
03-04 16:13:54.149 D/dalvikvm(14463): Compiler shutdown in progress - discarding request
03-04 16:13:54.149 D/dalvikvm(14463): Compiler shutdown in progress - discarding request
03-04 16:13:54.149 D/dalvikvm(14463): Compiler shutdown in progress - discarding request
03-04 16:13:54.149 D/dalvikvm(14463): Compiler shutdown in progress - discarding request
03-04 16:13:54.149 D/dalvikvm(14463): Compiler shutdown in progress - discarding request
03-04 16:13:54.149 D/dalvikvm(14463): Compiler shutdown in progress - discarding request
03-04 16:13:54.149 D/dalvikvm(14463): Compiler shutdown in progress - discarding request
03-04 16:13:54.149 D/dalvikvm(14463): Compiler shutdown in progress - discarding request
03-04 16:13:54.149 D/dalvikvm(14463): Compiler shutdown in progress - discarding request
03-04 16:13:54.149 D/dalvikvm(14463): Compiler shutdown in progress - discarding request
03-04 16:13:54.149 D/dalvikvm(14463): Compiler shutdown in progress - discarding request
03-04 16:13:54.149 D/dalvikvm(14463): Compiler shutdown in progress - discarding request
03-04 16:13:54.149 D/dalvikvm(14463): Compiler shutdown in progress - discarding request
03-04 16:13:54.149 D/dalvikvm(14463): Compiler shutdown in progress - discarding request
03-04 16:13:54.149 D/dalvikvm(14463): Compiler shutdown in progress - discarding request
03-04 16:13:54.149 D/dalvikvm(14463): Compiler shutdown in progress - discarding request
03-04 16:13:54.149 D/dalvikvm(14463): Compiler shutdown in progress - discarding request
03-04 16:13:54.149 D/dalvikvm(14463): Compiler shutdown in progress - discarding request
03-04 16:13:54.149 D/dalvikvm(14463): Compiler shutdown in progress - discarding request
03-04 16:13:54.149 D/dalvikvm(14463): Compiler shutdown in progress - discarding request
03-04 16:13:54.149 D/dalvikvm(14463): Compiler shutdown in progress - discarding request
03-04 16:13:54.149 D/dalvikvm(14463): Compiler shutdown in progress - discarding request
03-04 16:13:54.149 D/dalvikvm(14463): Compiler shutdown in progress - discarding request
03-04 16:13:54.149 D/dalvikvm(14463): Compiler shutdown in progress - discarding request
03-04 16:13:54.149 D/dalvikvm(14463): Compiler shutdown in progress - discarding request
03-04 16:13:54.299 I/WifiHW  (  505): CMD: IFNAME=wlan0 SIGNAL_POLL
03-04 16:13:54.299 D/wpa_supplicant(  694): RX ctrl_iface - hexdump(len=11): 53 49 47 4e 41 4c 5f 50 4f 4c 4c
03-04 16:13:54.299 D/wpa_supplicant(  694): wlan0: Control interface command 'SIGNAL_POLL'
03-04 16:13:54.339 D/wpa_supplicant(  694): nl80211: survey data missing!
03-04 16:13:54.339 I/WifiHW  (  505): REPLY: RSSI=-66
03-04 16:13:54.339 I/WifiHW  (  505): REPLY: LINKSPEED=39
03-04 16:13:54.339 I/WifiHW  (  505): REPLY: NOISE=9999
03-04 16:13:54.339 I/WifiHW  (  505): REPLY: FREQUENCY=2437
--------- beginning of /dev/log/main
03-04 16:33:46.989 I/WifiHW  (  505): CMD: IFNAME=wlan0 SIGNAL_POLL
03-04 16:33:46.989 D/wpa_supplicant(  694): RX ctrl_iface - hexdump(len=11): 53 49 47 4e 41 4c 5f 50 4f 4c 4c
03-04 16:33:46.989 D/wpa_supplicant(  694): wlan0: Control interface command 'SIGNAL_POLL'
03-04 16:33:47.019 D/wpa_supplicant(  694): nl80211: survey data missing!
03-04 16:33:47.019 I/WifiHW  (  505): REPLY: RSSI=-61
03-04 16:33:47.019 I/WifiHW  (  505): REPLY: LINKSPEED=19
03-04 16:33:47.019 I/WifiHW  (  505): REPLY: NOISE=9999
03-04 16:33:47.019 I/WifiHW  (  505): REPLY: FREQUENCY=2437
03-04 16:33:47.539 D/AndroidRuntime(22806): 
03-04 16:33:47.539 D/AndroidRuntime(22806): >>>>>> AndroidRuntime START com.android.internal.os.RuntimeInit <<<<<<
03-04 16:33:47.539 D/AndroidRuntime(22806): CheckJNI is OFF
03-04 16:33:47.539 I/AndroidRuntime(22806): Kernel Release Version: 3.10.20-gf818079
03-04 16:33:47.539 I/dalvikvm(22806): No library specified. The standard exception handler will be used
03-04 16:33:47.549 I/dalvikvm(22806): 
03-04 16:33:47.549 I/dalvikvm(22806): +++++++++++++ Using PCG. +++++++++++++++++++++
03-04 16:33:47.549 D/dalvikvm(22806): Trying to load lib libjavacore.so 0x0
03-04 16:33:47.559 D/dalvikvm(22806): Added shared lib libjavacore.so 0x0
03-04 16:33:47.559 D/dalvikvm(22806): Trying to load lib libnativehelper.so 0x0
03-04 16:33:47.559 D/dalvikvm(22806): Added shared lib libnativehelper.so 0x0
03-04 16:33:47.559 D/dalvikvm(22806): No JNI_OnLoad found in libnativehelper.so 0x0, skipping init
03-04 16:33:47.559 D/dalvikvm(22806): Extra Options: not specified
03-04 16:33:47.579 D/dalvikvm(22806): Note: class Landroid/app/ActivityManagerNative; has 186 unimplemented (abstract) methods
03-04 16:33:47.649 E/memtrack(22806): Couldn't load memtrack module (No such file or directory)
03-04 16:33:47.649 E/android.os.Debug(22806): failed to load memtrack module: -2
03-04 16:33:47.679 D/AndroidRuntime(22806): Calling main entry com.android.commands.am.Am
03-04 16:33:47.709 D/AndroidRuntime(22806): Shutting down VM
03-04 16:33:47.709 D/dalvikvm(22806): GC_CONCURRENT freed 112K, 16% free 666K/792K, paused 0ms+0ms, total 2ms
03-04 16:33:47.709 D/dalvikvm(22806): Compiler shutdown in progress - discarding request
03-04 16:33:47.709 D/dalvikvm(22806): Compiler shutdown in progress - discarding request
03-04 16:33:47.709 D/dalvikvm(22806): Compiler shutdown in progress - discarding request
03-04 16:33:47.709 D/dalvikvm(22806): Compiler shutdown in progress - discarding request
03-04 16:33:47.709 D/dalvikvm(22806): Compiler shutdown in progress - discarding request
03-04 16:33:47.709 D/dalvikvm(22806): Compiler shutdown in progress - discarding request
03-04 16:33:47.709 D/dalvikvm(22806): Compiler shutdown in progress - discarding request
03-04 16:33:47.709 D/dalvikvm(22806): Compiler shutdown in progress - discarding request
03-04 16:33:47.709 D/dalvikvm(22806): Compiler shutdown in progress - discarding request
03-04 16:33:47.709 D/dalvikvm(22806): Compiler shutdown in progress - discarding request
03-04 16:33:47.709 D/dalvikvm(22806): Compiler shutdown in progress - discarding request
03-04 16:33:47.709 D/dalvikvm(22806): Compiler shutdown in progress - discarding request
03-04 16:33:47.709 D/dalvikvm(22806): Compiler shutdown in progress - discarding request
03-04 16:33:47.709 D/dalvikvm(22806): Compiler shutdown in progress - discarding request
03-04 16:33:47.709 D/dalvikvm(22806): Compiler shutdown in progress - discarding request
03-04 16:33:47.709 D/dalvikvm(22806): Compiler shutdown in progress - discarding request
03-04 16:33:47.709 D/dalvikvm(22806): Compiler shutdown in progress - discarding request
03-04 16:33:47.709 D/dalvikvm(22806): Compiler shutdown in progress - discarding request
03-04 16:33:47.709 D/dalvikvm(22806): Compiler shutdown in progress - discarding request
03-04 16:33:47.709 D/dalvikvm(22806): Compiler shutdown in progress - discarding request
03-04 16:33:47.709 D/dalvikvm(22806): Compiler shutdown in progress - discarding request
03-04 16:33:47.709 D/dalvikvm(22806): Compiler shutdown in progress - discarding request
03-04 16:33:47.709 D/dalvikvm(22806): Compiler shutdown in progress - discarding request
03-04 16:33:47.709 D/dalvikvm(22806): Compiler shutdown in progress - discarding request
03-04 16:33:47.709 D/dalvikvm(22806): Compiler shutdown in progress - discarding request
03-04 16:33:47.709 D/dalvikvm(22806): Compiler shutdown in progress - discarding request
03-04 16:33:47.709 D/dalvikvm(22806): Compiler shutdown in progress - discarding request
03-04 16:33:47.709 D/dalvikvm(22806): Compiler shutdown in progress - discarding request
03-04 16:33:47.709 D/dalvikvm(22806): Compiler shutdown in progress - discarding request
03-04 16:33:47.709 D/dalvikvm(22806): Compiler shutdown in progress - discarding request
03-04 16:33:47.709 D/dalvikvm(22806): Compiler shutdown in progress - discarding request
03-04 16:33:47.709 D/dalvikvm(22806): Compiler shutdown in progress - discarding request
03-04 16:33:47.709 D/dalvikvm(22806): Compiler shutdown in progress - discarding request
03-04 16:33:47.709 D/dalvikvm(22806): Compiler shutdown in progress - discarding request
03-04 16:33:47.709 D/dalvikvm(22806): Compiler shutdown in progress - discarding request
03-04 16:33:47.709 D/dalvikvm(22806): Compiler shutdown in progress - discarding request
03-04 16:33:47.709 D/dalvikvm(22806): Compiler shutdown in progress - discarding request
03-04 16:33:47.709 D/dalvikvm(22806): Compiler shutdown in progress - discarding request
03-04 16:33:47.709 D/dalvikvm(22806): Compiler shutdown in progress - discarding request
03-04 16:33:47.709 D/dalvikvm(22806): Compiler shutdown in progress - discarding request
03-04 16:33:47.709 D/dalvikvm(22806): Compiler shutdown in progress - discarding request
03-04 16:33:47.709 D/dalvikvm(22806): Compiler shutdown in progress - discarding request
03-04 16:33:47.709 D/dalvikvm(22806): Compiler shutdown in progress - discarding request
03-04 16:33:47.709 D/dalvikvm(22806): Compiler shutdown in progress - discarding request
03-04 16:33:47.709 D/dalvikvm(22806): Compiler shutdown in progress - discarding request
03-04 16:33:47.709 D/dalvikvm(22806): Compiler shutdown in progress - discarding request
03-04 16:33:47.709 D/dalvikvm(22806): Compiler shutdown in progress - discarding request
--------- beginning of /dev/log/system
03-04 16:33:47.709 I/ActivityManager(  505): Force stopping org.xwalk.webapi_service_tests appid=10401 user=0: from pid 22806
03-04 16:33:48.329 D/AndroidRuntime(22817): 
03-04 16:33:48.329 D/AndroidRuntime(22817): >>>>>> AndroidRuntime START com.android.internal.os.RuntimeInit <<<<<<
03-04 16:33:48.339 D/AndroidRuntime(22817): CheckJNI is OFF
03-04 16:33:48.339 I/AndroidRuntime(22817): Kernel Release Version: 3.10.20-gf818079
03-04 16:33:48.339 I/dalvikvm(22817): No library specified. The standard exception handler will be used
03-04 16:33:48.339 I/dalvikvm(22817): 
03-04 16:33:48.339 I/dalvikvm(22817): +++++++++++++ Using PCG. +++++++++++++++++++++
03-04 16:33:48.349 D/dalvikvm(22817): Trying to load lib libjavacore.so 0x0
03-04 16:33:48.349 D/dalvikvm(22817): Added shared lib libjavacore.so 0x0
03-04 16:33:48.349 D/dalvikvm(22817): Trying to load lib libnativehelper.so 0x0
03-04 16:33:48.349 D/dalvikvm(22817): Added shared lib libnativehelper.so 0x0
03-04 16:33:48.349 D/dalvikvm(22817): No JNI_OnLoad found in libnativehelper.so 0x0, skipping init
03-04 16:33:48.359 D/dalvikvm(22817): Extra Options: not specified
03-04 16:33:48.369 D/dalvikvm(22817): Note: class Landroid/app/ActivityManagerNative; has 186 unimplemented (abstract) methods
03-04 16:33:48.439 E/memtrack(22817): Couldn't load memtrack module (No such file or directory)
03-04 16:33:48.439 E/android.os.Debug(22817): failed to load memtrack module: -2
03-04 16:33:48.469 D/AndroidRuntime(22817): Calling main entry com.android.commands.am.Am
03-04 16:33:48.499 D/AndroidRuntime(22817): Shutting down VM
03-04 16:33:48.499 I/ActivityManager(  505): START u0 {flg=0x10000000 cmp=org.xwalk.webapi_service_tests/.webapi_service_testsActivity} from pid 22817
03-04 16:33:48.509 D/dalvikvm(22817): GC_CONCURRENT freed 116K, 16% free 702K/832K, paused 1ms+0ms, total 2ms
03-04 16:33:48.509 D/dalvikvm(22817): Compiler shutdown in progress - discarding request
03-04 16:33:48.509 D/dalvikvm(22817): Compiler shutdown in progress - discarding request
03-04 16:33:48.509 D/dalvikvm(22817): Compiler shutdown in progress - discarding request
03-04 16:33:48.509 D/dalvikvm(22817): Compiler shutdown in progress - discarding request
03-04 16:33:48.509 D/dalvikvm(22817): Compiler shutdown in progress - discarding request
03-04 16:33:48.509 D/dalvikvm(22817): Compiler shutdown in progress - discarding request
03-04 16:33:48.509 D/dalvikvm(22817): Compiler shutdown in progress - discarding request
03-04 16:33:48.509 D/dalvikvm(22817): Compiler shutdown in progress - discarding request
03-04 16:33:48.509 D/dalvikvm(22817): Compiler shutdown in progress - discarding request
03-04 16:33:48.509 D/dalvikvm(22817): Compiler shutdown in progress - discarding request
03-04 16:33:48.509 D/dalvikvm(22817): Compiler shutdown in progress - discarding request
03-04 16:33:48.509 D/dalvikvm(22817): Compiler shutdown in progress - discarding request
03-04 16:33:48.509 D/dalvikvm(22817): Compiler shutdown in progress - discarding request
03-04 16:33:48.509 D/dalvikvm(22817): Compiler shutdown in progress - discarding request
03-04 16:33:48.509 D/dalvikvm(22817): Compiler shutdown in progress - discarding request
03-04 16:33:48.509 D/dalvikvm(22817): Compiler shutdown in progress - discarding request
03-04 16:33:48.509 D/dalvikvm(22817): Compiler shutdown in progress - discarding request
03-04 16:33:48.509 D/dalvikvm(22817): Compiler shutdown in progress - discarding request
03-04 16:33:48.509 D/dalvikvm(22817): Compiler shutdown in progress - discarding request
03-04 16:33:48.509 D/dalvikvm(22817): Compiler shutdown in progress - discarding request
03-04 16:33:48.509 D/dalvikvm(22817): Compiler shutdown in progress - discarding request
03-04 16:33:48.509 D/dalvikvm(22817): Compiler shutdown in progress - discarding request
03-04 16:33:48.509 D/dalvikvm(22817): Compiler shutdown in progress - discarding request
03-04 16:33:48.509 D/dalvikvm(22817): Compiler shutdown in progress - discarding request
03-04 16:33:48.509 D/dalvikvm(22817): Compiler shutdown in progress - discarding request
03-04 16:33:48.509 D/dalvikvm(22817): Compiler shutdown in progress - discarding request
03-04 16:33:48.509 D/dalvikvm(22817): Compiler shutdown in progress - discarding request
03-04 16:33:48.509 D/dalvikvm(22817): Compiler shutdown in progress - discarding request
03-04 16:33:48.509 D/dalvikvm(22817): Compiler shutdown in progress - discarding request
03-04 16:33:48.509 D/dalvikvm(22817): Compiler shutdown in progress - discarding request
03-04 16:33:48.509 D/dalvikvm(22817): Compiler shutdown in progress - discarding request
03-04 16:33:48.509 D/dalvikvm(22817): Compiler shutdown in progress - discarding request
03-04 16:33:48.509 D/dalvikvm(22817): Compiler shutdown in progress - discarding request
03-04 16:33:48.509 D/dalvikvm(22817): Compiler shutdown in progress - discarding request
03-04 16:33:48.509 D/dalvikvm(22817): Compiler shutdown in progress - discarding request
03-04 16:33:48.509 D/dalvikvm(22817): Compiler shutdown in progress - discarding request
03-04 16:33:48.509 D/dalvikvm(22817): Compiler shutdown in progress - discarding request
03-04 16:33:48.509 D/dalvikvm(22817): Compiler shutdown in progress - discarding request
03-04 16:33:48.509 D/dalvikvm(22817): Compiler shutdown in progress - discarding request
03-04 16:33:48.509 D/dalvikvm(22817): Compiler shutdown in progress - discarding request
03-04 16:33:48.509 D/dalvikvm(22817): Compiler shutdown in progress - discarding request
03-04 16:33:48.509 D/dalvikvm(22817): Compiler shutdown in progress - discarding request
03-04 16:33:48.509 D/dalvikvm(22817): Compiler shutdown in progress - discarding request
03-04 16:33:48.509 D/dalvikvm(22817): Compiler shutdown in progress - discarding request
03-04 16:33:48.509 D/dalvikvm(22817): Compiler shutdown in progress - discarding request
03-04 16:33:49.139 D/AndroidRuntime(22828): 
03-04 16:33:49.139 D/AndroidRuntime(22828): >>>>>> AndroidRuntime START com.android.internal.os.RuntimeInit <<<<<<
03-04 16:33:49.139 D/AndroidRuntime(22828): CheckJNI is OFF
03-04 16:33:49.139 I/AndroidRuntime(22828): Kernel Release Version: 3.10.20-gf818079
03-04 16:33:49.139 I/dalvikvm(22828): No library specified. The standard exception handler will be used
03-04 16:33:49.139 I/dalvikvm(22828): 
03-04 16:33:49.139 I/dalvikvm(22828): +++++++++++++ Using PCG. +++++++++++++++++++++
03-04 16:33:49.149 D/dalvikvm(22828): Trying to load lib libjavacore.so 0x0
03-04 16:33:49.149 D/dalvikvm(22828): Added shared lib libjavacore.so 0x0
03-04 16:33:49.149 D/dalvikvm(22828): Trying to load lib libnativehelper.so 0x0
03-04 16:33:49.149 D/dalvikvm(22828): Added shared lib libnativehelper.so 0x0
03-04 16:33:49.149 D/dalvikvm(22828): No JNI_OnLoad found in libnativehelper.so 0x0, skipping init
03-04 16:33:49.149 D/dalvikvm(22828): Extra Options: not specified
03-04 16:33:49.169 D/dalvikvm(22828): Note: class Landroid/app/ActivityManagerNative; has 186 unimplemented (abstract) methods
03-04 16:33:49.239 E/memtrack(22828): Couldn't load memtrack module (No such file or directory)
03-04 16:33:49.239 E/android.os.Debug(22828): failed to load memtrack module: -2
03-04 16:33:49.269 D/AndroidRuntime(22828): Calling main entry com.android.commands.am.Am
03-04 16:33:49.299 D/AndroidRuntime(22828): Shutting down VM
03-04 16:33:49.299 D/dalvikvm(22828): GC_CONCURRENT freed 112K, 16% free 674K/800K, paused 0ms+0ms, total 1ms
03-04 16:33:49.299 I/ActivityManager(  505): START u0 {flg=0x10000000 cmp=org.xwalk.webapi_service_tests/.webapi_service_tests} from pid 22828
03-04 16:33:49.309 D/dalvikvm(22828): Compiler shutdown in progress - discarding request
03-04 16:33:49.309 D/dalvikvm(22828): Compiler shutdown in progress - discarding request
03-04 16:33:49.309 D/dalvikvm(22828): Compiler shutdown in progress - discarding request
03-04 16:33:49.309 D/dalvikvm(22828): Compiler shutdown in progress - discarding request
03-04 16:33:49.309 D/dalvikvm(22828): Compiler shutdown in progress - discarding request
03-04 16:33:49.309 D/dalvikvm(22828): Compiler shutdown in progress - discarding request
03-04 16:33:49.309 D/dalvikvm(22828): Compiler shutdown in progress - discarding request
03-04 16:33:49.309 D/dalvikvm(22828): Compiler shutdown in progress - discarding request
03-04 16:33:49.309 D/dalvikvm(22828): Compiler shutdown in progress - discarding request
03-04 16:33:49.309 D/dalvikvm(22828): Compiler shutdown in progress - discarding request
03-04 16:33:49.309 D/dalvikvm(22828): Compiler shutdown in progress - discarding request
03-04 16:33:49.309 D/dalvikvm(22828): Compiler shutdown in progress - discarding request
03-04 16:33:49.309 D/dalvikvm(22828): Compiler shutdown in progress - discarding request
03-04 16:33:49.309 D/dalvikvm(22828): Compiler shutdown in progress - discarding request
03-04 16:33:49.309 D/dalvikvm(22828): Compiler shutdown in progress - discarding request
03-04 16:33:49.309 D/dalvikvm(22828): Compiler shutdown in progress - discarding request
03-04 16:33:49.309 D/dalvikvm(22828): Compiler shutdown in progress - discarding request
03-04 16:33:49.309 D/dalvikvm(22828): Compiler shutdown in progress - discarding request
03-04 16:33:49.309 D/dalvikvm(22828): Compiler shutdown in progress - discarding request
03-04 16:33:49.309 D/dalvikvm(22828): Compiler shutdown in progress - discarding request
03-04 16:33:49.309 D/dalvikvm(22828): Compiler shutdown in progress - discarding request
03-04 16:33:49.309 D/dalvikvm(22828): Compiler shutdown in progress - discarding request
03-04 16:33:49.309 D/dalvikvm(22828): Compiler shutdown in progress - discarding request
03-04 16:33:49.309 D/dalvikvm(22828): Compiler shutdown in progress - discarding request
03-04 16:33:49.309 D/dalvikvm(22828): Compiler shutdown in progress - discarding request
03-04 16:33:49.309 D/dalvikvm(22828): Compiler shutdown in progress - discarding request
03-04 16:33:49.309 D/dalvikvm(22828): Compiler shutdown in progress - discarding request
03-04 16:33:49.309 D/dalvikvm(22828): Compiler shutdown in progress - discarding request
03-04 16:33:49.309 D/dalvikvm(22828): Compiler shutdown in progress - discarding request
03-04 16:33:49.309 D/dalvikvm(22828): Compiler shutdown in progress - discarding request
03-04 16:33:49.309 D/dalvikvm(22828): Compiler shutdown in progress - discarding request
03-04 16:33:49.309 D/dalvikvm(22828): Compiler shutdown in progress - discarding request
03-04 16:33:49.309 D/dalvikvm(22828): Compiler shutdown in progress - discarding request
03-04 16:33:49.309 D/dalvikvm(22828): Compiler shutdown in progress - discarding request
03-04 16:33:49.309 D/dalvikvm(22828): Compiler shutdown in progress - discarding request
03-04 16:33:49.309 D/dalvikvm(22828): Compiler shutdown in progress - discarding request
03-04 16:33:49.309 D/dalvikvm(22828): Compiler shutdown in progress - discarding request
03-04 16:33:49.309 D/dalvikvm(22828): Compiler shutdown in progress - discarding request
03-04 16:33:49.309 D/dalvikvm(22828): Compiler shutdown in progress - discarding request
03-04 16:33:49.309 D/dalvikvm(22828): Compiler shutdown in progress - discarding request
03-04 16:33:49.309 D/dalvikvm(22828): Compiler shutdown in progress - discarding request
03-04 16:33:49.309 D/dalvikvm(22828): Compiler shutdown in progress - discarding request
03-04 16:33:49.309 D/dalvikvm(22828): Compiler shutdown in progress - discarding request
03-04 16:33:49.309 D/dalvikvm(22828): Compiler shutdown in progress - discarding request
03-04 16:33:49.309 D/dalvikvm(22828): Compiler shutdown in progress - discarding request
03-04 16:33:49.309 D/dalvikvm(22828): Compiler shutdown in progress - discarding request
03-04 16:33:49.309 D/dalvikvm(22828): Compiler shutdown in progress - discarding request
03-04 16:33:49.309 D/dalvikvm(22828): Compiler shutdown in progress - discarding request
03-04 16:33:49.949 D/AndroidRuntime(22839): 
03-04 16:33:49.949 D/AndroidRuntime(22839): >>>>>> AndroidRuntime START com.android.internal.os.RuntimeInit <<<<<<
03-04 16:33:49.949 D/AndroidRuntime(22839): CheckJNI is OFF
03-04 16:33:49.949 I/AndroidRuntime(22839): Kernel Release Version: 3.10.20-gf818079
03-04 16:33:49.949 I/dalvikvm(22839): No library specified. The standard exception handler will be used
03-04 16:33:49.959 I/dalvikvm(22839): 
03-04 16:33:49.959 I/dalvikvm(22839): +++++++++++++ Using PCG. +++++++++++++++++++++
03-04 16:33:49.959 D/dalvikvm(22839): Trying to load lib libjavacore.so 0x0
03-04 16:33:49.969 D/dalvikvm(22839): Added shared lib libjavacore.so 0x0
03-04 16:33:49.969 D/dalvikvm(22839): Trying to load lib libnativehelper.so 0x0
03-04 16:33:49.969 D/dalvikvm(22839): Added shared lib libnativehelper.so 0x0
03-04 16:33:49.969 D/dalvikvm(22839): No JNI_OnLoad found in libnativehelper.so 0x0, skipping init
03-04 16:33:49.969 D/dalvikvm(22839): Extra Options: not specified
03-04 16:33:49.979 D/dalvikvm(22839): Note: class Landroid/app/ActivityManagerNative; has 186 unimplemented (abstract) methods
03-04 16:33:50.029 I/WifiHW  (  505): CMD: IFNAME=wlan0 SIGNAL_POLL
03-04 16:33:50.029 D/wpa_supplicant(  694): RX ctrl_iface - hexdump(len=11): 53 49 47 4e 41 4c 5f 50 4f 4c 4c
03-04 16:33:50.029 D/wpa_supplicant(  694): wlan0: Control interface command 'SIGNAL_POLL'
03-04 16:33:50.059 D/wpa_supplicant(  694): nl80211: survey data missing!
03-04 16:33:50.059 I/WifiHW  (  505): REPLY: RSSI=-60
03-04 16:33:50.059 I/WifiHW  (  505): REPLY: LINKSPEED=19
03-04 16:33:50.059 I/WifiHW  (  505): REPLY: NOISE=9999
03-04 16:33:50.059 I/WifiHW  (  505): REPLY: FREQUENCY=2437
03-04 16:33:50.059 E/memtrack(22839): Couldn't load memtrack module (No such file or directory)
03-04 16:33:50.059 E/android.os.Debug(22839): failed to load memtrack module: -2
03-04 16:33:50.099 D/AndroidRuntime(22839): Calling main entry com.android.commands.am.Am
03-04 16:33:50.129 W/ufoGralloc(  170): registerBuffer() handle 0xb95a6520/4 didn't require registration
03-04 16:33:50.129 I/ActivityManager(  505): START u0 {flg=0x10000000 cmp=org.xwalk.webapi_service_tests/.WebapiServiceTestsActivity} from pid 22839
03-04 16:33:50.139 D/AndroidRuntime(22839): Shutting down VM
03-04 16:33:50.139 D/dalvikvm(22839): GC_CONCURRENT freed 114K, 16% free 701K/832K, paused 0ms+1ms, total 1ms
03-04 16:33:50.139 D/dalvikvm(22839): Compiler shutdown in progress - discarding request
03-04 16:33:50.139 D/dalvikvm(22839): Compiler shutdown in progress - discarding request
03-04 16:33:50.139 D/dalvikvm(22839): Compiler shutdown in progress - discarding request
03-04 16:33:50.139 D/dalvikvm(22839): Compiler shutdown in progress - discarding request
03-04 16:33:50.139 D/dalvikvm(22839): Compiler shutdown in progress - discarding request
03-04 16:33:50.139 D/dalvikvm(22839): Compiler shutdown in progress - discarding request
03-04 16:33:50.139 D/dalvikvm(22839): Compiler shutdown in progress - discarding request
03-04 16:33:50.139 D/dalvikvm(22839): Compiler shutdown in progress - discarding request
03-04 16:33:50.139 D/dalvikvm(22839): Compiler shutdown in progress - discarding request
03-04 16:33:50.139 D/dalvikvm(22839): Compiler shutdown in progress - discarding request
03-04 16:33:50.139 D/dalvikvm(22839): Compiler shutdown in progress - discarding request
03-04 16:33:50.139 D/dalvikvm(22839): Compiler shutdown in progress - discarding request
03-04 16:33:50.139 D/dalvikvm(22839): Compiler shutdown in progress - discarding request
03-04 16:33:50.139 D/dalvikvm(22839): Compiler shutdown in progress - discarding request
03-04 16:33:50.139 D/dalvikvm(22839): Compiler shutdown in progress - discarding request
03-04 16:33:50.139 D/dalvikvm(22839): Compiler shutdown in progress - discarding request
03-04 16:33:50.139 D/dalvikvm(22839): Compiler shutdown in progress - discarding request
03-04 16:33:50.139 D/dalvikvm(22839): Compiler shutdown in progress - discarding request
03-04 16:33:50.139 D/dalvikvm(22839): Compiler shutdown in progress - discarding request
03-04 16:33:50.139 D/dalvikvm(22839): Compiler shutdown in progress - discarding request
03-04 16:33:50.139 D/dalvikvm(22839): Compiler shutdown in progress - discarding request
03-04 16:33:50.139 D/dalvikvm(22839): Compiler shutdown in progress - discarding request
03-04 16:33:50.139 D/dalvikvm(22839): Compiler shutdown in progress - discarding request
03-04 16:33:50.139 D/dalvikvm(22839): Compiler shutdown in progress - discarding request
03-04 16:33:50.139 D/dalvikvm(22839): Compiler shutdown in progress - discarding request
03-04 16:33:50.139 D/dalvikvm(22839): Compiler shutdown in progress - discarding request
03-04 16:33:50.139 D/dalvikvm(22839): Compiler shutdown in progress - discarding request
03-04 16:33:50.139 D/dalvikvm(22839): Compiler shutdown in progress - discarding request
03-04 16:33:50.139 D/dalvikvm(22839): Compiler shutdown in progress - discarding request
03-04 16:33:50.139 D/dalvikvm(22839): Compiler shutdown in progress - discarding request
03-04 16:33:50.139 D/dalvikvm(22839): Compiler shutdown in progress - discarding request
03-04 16:33:50.139 D/dalvikvm(22839): Compiler shutdown in progress - discarding request
03-04 16:33:50.139 D/dalvikvm(22839): Compiler shutdown in progress - discarding request
03-04 16:33:50.139 D/dalvikvm(22839): Compiler shutdown in progress - discarding request
03-04 16:33:50.139 D/dalvikvm(22839): Compiler shutdown in progress - discarding request
03-04 16:33:50.139 D/dalvikvm(22839): Compiler shutdown in progress - discarding request
03-04 16:33:50.139 D/dalvikvm(22839): Compiler shutdown in progress - discarding request
03-04 16:33:50.139 D/dalvikvm(22839): Compiler shutdown in progress - discarding request
03-04 16:33:50.139 D/dalvikvm(22839): Compiler shutdown in progress - discarding request
03-04 16:33:50.139 D/dalvikvm(22839): Compiler shutdown in progress - discarding request
03-04 16:33:50.139 D/dalvikvm(22839): Compiler shutdown in progress - discarding request
03-04 16:33:50.139 D/dalvikvm(22839): Compiler shutdown in progress - discarding request
03-04 16:33:50.139 D/dalvikvm(22839): Compiler shutdown in progress - discarding request
03-04 16:33:50.139 D/dalvikvm(22839): Compiler shutdown in progress - discarding request
03-04 16:33:50.169 I/SecurityManagerService(  602): SMS received security event: App[START/org.xwalk.webapi_service_tests]
03-04 16:33:50.189 D/dalvikvm(22850): Process 22850 nice name: org.xwalk.webapi_service_tests
03-04 16:33:50.189 D/dalvikvm(22850): Extra Options: not specified
03-04 16:33:50.189 D/dalvikvm(  505): GC_EXPLICIT freed 901K, 48% free 19363K/36636K, paused 1ms+5ms, total 50ms
03-04 16:33:50.189 I/ActivityManager(  505): Start proc org.xwalk.webapi_service_tests for activity org.xwalk.webapi_service_tests/.WebapiServiceTestsActivity: pid=22850 uid=10401 gids={50401, 3003, 1028, 1015}
03-04 16:33:50.209 D/WindowManager(  505): adjustConfigurationLw, config:{1.0 ?mcc?mnc ?locale ?layoutDir sw600dp w600dp h888dp 213dpi lrg port ?uimode ?night finger -keyb/v/h -nav/v} mLidState:1 mHasDockFeature:false mHasKeyboardFeature:false mHasHallSensorFeature:true config.hardKeyboardHidden:2
03-04 16:33:50.209 I/ActivityManager(  505): [TopPkgCurBat]	NowPkgName[org.xwalk.webapi_service_tests]	Battery[82]	TimeTick[1425458030221]	OldPkgName[com.chrome.beta]
03-04 16:33:50.229 D/        (21181): Surface destroy: ANDROID_NATIVE_WINDOW_MAGIC
03-04 16:33:50.249 D/dalvikvm(22850): Trying to load lib /data/app-lib/org.xwalk.webapi_service_tests-1/libxwalkcore.so 0x43d7f360
03-04 16:33:50.289 D/        (21086): Surface destroy: ANDROID_NATIVE_WINDOW_MAGIC
03-04 16:33:50.319 D/dalvikvm(22850): Added shared lib /data/app-lib/org.xwalk.webapi_service_tests-1/libxwalkcore.so 0x43d7f360
03-04 16:33:50.339 I/LibraryLoader(22850): Time to load native libraries: 91 ms (timestamps 2592-2683)
03-04 16:33:50.339 I/LibraryLoader(22850): Expected native library version number "",actual native library version number ""
03-04 16:33:50.369 I/LibraryLoader(22850): Expected native library version number "",actual native library version number ""
03-04 16:33:50.369 I/chromium(22850): [INFO:library_loader_hooks.cc(112)] Chromium logging enabled: level = 0, default verbosity = 0
03-04 16:33:50.429 I/BrowserStartupController(22850): Initializing chromium process, singleProcess=true
03-04 16:33:50.529 W/AudioManagerAndroid(22850): Requires BLUETOOTH permission
03-04 16:33:50.539 I/ufoGralloc(22850): Hello, this is UFO GRALLOC/Intel Corporation
03-04 16:33:50.539 D/        (22850): Pixel Format : GGL_PIXEL_FORMAT_RGBA_8888
03-04 16:33:50.539 D/        (22850): droid_create_context : config id = 1 conf->NativeVisualID=1
03-04 16:33:50.539 D/        (22850): Pixel Format : GGL_PIXEL_FORMAT_RGBA_8888
03-04 16:33:50.539 I/        (22850): Requested context : GLES 2.0
03-04 16:33:50.589 W/chromium(22850): [WARNING:proxy_service.cc(899)] PAC support disabled because there is no system implementation
03-04 16:33:50.599 W/dalvikvm(22850): VFY: unable to find class referenced in signature (Landroid/view/inputmethod/CursorAnchorInfo;)
03-04 16:33:50.599 I/dalvikvm(22850): Could not find method android.view.inputmethod.InputMethodManager.updateCursorAnchorInfo, referenced from method org.chromium.content.browser.input.InputMethodManagerWrapper.updateCursorAnchorInfo
03-04 16:33:50.599 W/dalvikvm(22850): VFY: unable to resolve virtual method 1241: Landroid/view/inputmethod/InputMethodManager;.updateCursorAnchorInfo (Landroid/view/View;Landroid/view/inputmethod/CursorAnchorInfo;)V
03-04 16:33:50.599 D/dalvikvm(22850): VFY: replacing opcode 0x6e at 0x000a
03-04 16:33:50.669 E/cutils  (  162): Failed to mkdirat(/Removable/MicroSD): Read-only file system
03-04 16:33:50.669 W/ContextImpl(22850): Failed to ensure directory: /Removable/MicroSD/Android/data/org.xwalk.webapi_service_tests/cache
03-04 16:33:50.669 W/XWalkExtensionManager(22850): Failed to read extensions-config.json
03-04 16:33:50.669 E/chromium(22850): [ERROR:unix_domain_server_socket_posix.cc(106)] Not implemented reached in virtual int net::UnixDomainServerSocket::GetLocalAddress(net::IPEndPoint*) const
03-04 16:33:50.669 I/dalvikvm(22850): Could not find method android.app.Activity.finishAndRemoveTask, referenced from method org.chromium.base.ApiCompatibilityUtils.finishAndRemoveTask
03-04 16:33:50.669 W/dalvikvm(22850): VFY: unable to resolve virtual method 4: Landroid/app/Activity;.finishAndRemoveTask ()V
03-04 16:33:50.669 D/dalvikvm(22850): VFY: replacing opcode 0x6e at 0x0006
03-04 16:33:50.669 I/dalvikvm(22850): Could not find method android.os.PowerManager.isInteractive, referenced from method org.chromium.base.ApiCompatibilityUtils.isInteractive
03-04 16:33:50.669 W/dalvikvm(22850): VFY: unable to resolve virtual method 768: Landroid/os/PowerManager;.isInteractive ()Z
03-04 16:33:50.669 D/dalvikvm(22850): VFY: replacing opcode 0x6e at 0x000e
03-04 16:33:50.669 W/Vold    (  162): Returning OperationFailed - no handler for errno 30
03-04 16:33:50.679 I/dalvikvm(22850): Could not find method android.view.Window.getNavigationBarColor, referenced from method org.chromium.base.ApiCompatibilityUtils.setStatusBarColor
03-04 16:33:50.679 W/dalvikvm(22850): VFY: unable to resolve virtual method 1144: Landroid/view/Window;.getNavigationBarColor ()I
03-04 16:33:50.679 D/dalvikvm(22850): VFY: replacing opcode 0x6e at 0x0010
03-04 16:33:50.679 I/dalvikvm(22850): Could not find method android.view.Window.setStatusBarColor, referenced from method org.chromium.base.ApiCompatibilityUtils.setStatusBarColor
03-04 16:33:50.679 W/dalvikvm(22850): VFY: unable to resolve virtual method 1149: Landroid/view/Window;.setStatusBarColor (I)V
03-04 16:33:50.679 D/dalvikvm(22850): VFY: replacing opcode 0x6e at 0x0019
03-04 16:33:50.679 E/dalvikvm(22850): Could not find class 'android.app.ActivityManager$TaskDescription', referenced from method org.chromium.base.ApiCompatibilityUtils.setTaskDescription
03-04 16:33:50.679 W/dalvikvm(22850): VFY: unable to resolve new-instance 11 (Landroid/app/ActivityManager$TaskDescription;) in Lorg/chromium/base/ApiCompatibilityUtils;
03-04 16:33:50.679 D/dalvikvm(22850): VFY: replacing opcode 0x22 at 0x0006
03-04 16:33:50.679 D/dalvikvm(22850): DexOpt: unable to opt direct call 0x001e at 0x08 in Lorg/chromium/base/ApiCompatibilityUtils;.setTaskDescription
03-04 16:33:50.729 I/chromium(22850): [INFO:xwalk_extension_renderer_controller.cc(47)] EXTENSION PROCESS DISABLED.
03-04 16:33:50.829 D/        (22850): droid_create_context : config id = 5 conf->NativeVisualID=1
03-04 16:33:50.829 D/        (22850): Pixel Format : GGL_PIXEL_FORMAT_RGBA_8888
03-04 16:33:50.829 I/        (22850): Requested context : GLES 2.0
03-04 16:33:50.839 D/        (22850): Pixel Format : GGL_PIXEL_FORMAT_RGBA_8888
03-04 16:33:50.849 D/OpenGLRenderer(22850): Enabling debug mode 0
03-04 16:33:50.969 W/IInputConnectionWrapper(21086): showStatusIcon on inactive InputConnection
03-04 16:33:50.969 D/XT9IME  (21146): new subtype :en_US ,keyboard
03-04 16:33:50.979 D/        (22850): Pixel Format : GGL_PIXEL_FORMAT_RGBA_8888
03-04 16:33:50.979 D/        (22850): droid_create_context : config id = 1 conf->NativeVisualID=1
03-04 16:33:50.979 D/        (22850): Pixel Format : GGL_PIXEL_FORMAT_RGBA_8888
03-04 16:33:50.979 I/        (22850): Requested context : GLES 2.0
03-04 16:33:50.979 I/ActivityManager(  505): Displayed org.xwalk.webapi_service_tests/.WebapiServiceTestsActivity: +810ms
03-04 16:33:50.999 D/        (22850): Pixel Format : GGL_PIXEL_FORMAT_RGBA_8888
03-04 16:33:50.999 D/        (22850): droid_create_context : config id = 1 conf->NativeVisualID=1
03-04 16:33:50.999 D/        (22850): Pixel Format : GGL_PIXEL_FORMAT_RGBA_8888
03-04 16:33:50.999 I/        (22850): Requested context : GLES 2.0
03-04 16:33:51.019 D/        (22850): Swap interval set to = 1 value
03-04 16:33:51.039 D/BatteryStatsImpl(  505): noteStopWakeLocked system isFromForeground = false
03-04 16:33:51.059 W/BindingManager(22850): Cannot call determinedVisibility() - never saw a connection for the pid: 22850
03-04 16:33:51.089 E/TabPersistentStore(21086): Failed to create state folder: /data/data/com.chrome.beta/app_tabs/0
03-04 16:33:51.359 I/chromium(22850): [INFO:CONSOLE(0)] "Synchronous XMLHttpRequest on the main thread is deprecated because of its detrimental effects to the end user's experience. For more help, check http://xhr.spec.whatwg.org/.", source:  (0)
03-04 16:33:51.439 D/        (22850): Pixel Format : GGL_PIXEL_FORMAT_RGBA_8888
03-04 16:33:51.439 D/        (22850): droid_create_context : config id = 1 conf->NativeVisualID=1
03-04 16:33:51.439 D/        (22850): Pixel Format : GGL_PIXEL_FORMAT_RGBA_8888
03-04 16:33:51.439 I/        (22850): Requested context : GLES 2.0
03-04 16:33:53.059 I/WifiHW  (  505): CMD: IFNAME=wlan0 SIGNAL_POLL
03-04 16:33:53.059 D/wpa_supplicant(  694): RX ctrl_iface - hexdump(len=11): 53 49 47 4e 41 4c 5f 50 4f 4c 4c
03-04 16:33:53.059 D/wpa_supplicant(  694): wlan0: Control interface command 'SIGNAL_POLL'
03-04 16:33:53.089 D/wpa_supplicant(  694): nl80211: survey data missing!
03-04 16:33:53.089 I/WifiHW  (  505): REPLY: RSSI=-59
03-04 16:33:53.089 I/WifiHW  (  505): REPLY: LINKSPEED=19
03-04 16:33:53.089 I/WifiHW  (  505): REPLY: NOISE=9999
03-04 16:33:53.089 I/WifiHW  (  505): REPLY: FREQUENCY=2437
03-04 16:33:54.259 D/EVENT_THREAD(  182): void CEventThread::run() POLLIN event on Fd (1)
03-04 16:33:54.259 D/EVENT_THREAD(  182): void CEventThread::run() Do poll with timeout: -1
03-04 16:33:54.519 W/BindingManager(22850): Cannot call determinedVisibility() - never saw a connection for the pid: 22850
03-04 16:33:55.429 D/EVENT_THREAD(  182): void CEventThread::run() POLLIN event on Fd (1)
03-04 16:33:55.429 D/EVENT_THREAD(  182): void CEventThread::run() Do poll with timeout: -1
03-04 16:33:55.429 I/upi_ug31xx(  165): (2123) update_capacity
03-04 16:33:55.429 I/[UPI]   (  165): <UG31/E>[UpiReadCapacity]: V=4000(3996), T=349(349-410), I=-499, C=-3(-3-0)
03-04 16:33:55.429 I/[UPI]   (  165): <UG31/E>[UpiReadCapacity]: (0x0000254a) 2952 (2931) / 3602 (4028) = 82
03-04 16:33:55.429 I/[UPI]   (  165): <UG31/E>[UpiReadCapacity]: (0x0000254a) 2952 (2931) / 3602 (4028) = 82
03-04 16:33:55.429 I/[UPI]   (  165): <UG31/E>[UpiReadCapacity]: (0x0000254a) 2949 (2949) / 3602 (4028) = 82
03-04 16:33:55.429 I/[UPI]   (  165): <UG31/E>[RsocFilterCountTime]: (0x0000254a) Step=3(181900), Full=3(181900), Lock=181900(1800000)
03-04 16:33:55.429 I/[UPI]   (  165): <UG31/E>[UpiReadCapacity]: (0x0000254a) 2949 (2949) / 3602 (4028) = 82 (-499--499)
03-04 16:33:55.429 I/[UPI]   (  165): <UG31/E><BATT> M:normal, P:82(82-82)%, V:3995mV, C:-560mA, T:34.9C(410), S:0x0000254a(000), R:2949mAh, F:3602mAh, Q:660mAh, CC:4, P:30.250(948-0)s, BO:7, 97:615:0-44af-9m:B001-20140514-144301 (16)
03-04 16:33:55.429 D/EVENT_THREAD(  182): void CEventThread::run() POLLIN event on Fd (1)
03-04 16:33:55.429 D/EVENT_THREAD(  182): void CEventThread::run() Do poll with timeout: -1
03-04 16:33:55.429 I/upi_ug31xx(  165): (2124) backup_data 
03-04 16:33:55.429 V/upi_ug31xx(  165): state->check_backup_count = 4
03-04 16:33:56.099 I/WifiHW  (  505): CMD: IFNAME=wlan0 SIGNAL_POLL
03-04 16:33:56.099 D/wpa_supplicant(  694): RX ctrl_iface - hexdump(len=11): 53 49 47 4e 41 4c 5f 50 4f 4c 4c
03-04 16:33:56.099 D/wpa_supplicant(  694): wlan0: Control interface command 'SIGNAL_POLL'
03-04 16:33:56.119 D/wpa_supplicant(  694): nl80211: survey data missing!
03-04 16:33:56.119 I/WifiHW  (  505): REPLY: RSSI=-60
03-04 16:33:56.119 I/WifiHW  (  505): REPLY: LINKSPEED=19
03-04 16:33:56.119 I/WifiHW  (  505): REPLY: NOISE=9999
03-04 16:33:56.119 I/WifiHW  (  505): REPLY: FREQUENCY=2437
03-04 16:33:58.339 W/BindingManager(22850): Cannot call determinedVisibility() - never saw a connection for the pid: 22850
03-04 16:33:59.139 I/WifiHW  (  505): CMD: IFNAME=wlan0 SIGNAL_POLL
03-04 16:33:59.139 D/wpa_supplicant(  694): RX ctrl_iface - hexdump(len=11): 53 49 47 4e 41 4c 5f 50 4f 4c 4c
03-04 16:33:59.139 D/wpa_supplicant(  694): wlan0: Control interface command 'SIGNAL_POLL'
03-04 16:33:59.159 D/wpa_supplicant(  694): nl80211: survey data missing!
03-04 16:33:59.159 I/WifiHW  (  505): REPLY: RSSI=-59
03-04 16:33:59.159 I/WifiHW  (  505): REPLY: LINKSPEED=19
03-04 16:33:59.159 I/WifiHW  (  505): REPLY: NOISE=9999
03-04 16:33:59.159 I/WifiHW  (  505): REPLY: FREQUENCY=2437
03-04 16:33:59.989 D/Clock   (  571): ACTION_TIME_TICK
