--------- beginning of /dev/log/main
03-04 16:19:43.219 D/AndroidRuntime(16658): 
03-04 16:19:43.219 D/AndroidRuntime(16658): >>>>>> AndroidRuntime START com.android.internal.os.RuntimeInit <<<<<<
03-04 16:19:43.219 D/AndroidRuntime(16658): CheckJNI is OFF
03-04 16:19:43.219 I/AndroidRuntime(16658): Kernel Release Version: 3.10.20-gf818079
03-04 16:19:43.219 I/dalvikvm(16658): No library specified. The standard exception handler will be used
03-04 16:19:43.219 I/dalvikvm(16658): 
03-04 16:19:43.219 I/dalvikvm(16658): +++++++++++++ Using PCG. +++++++++++++++++++++
03-04 16:19:43.229 D/dalvikvm(16658): Trying to load lib libjavacore.so 0x0
03-04 16:19:43.229 D/dalvikvm(16658): Added shared lib libjavacore.so 0x0
03-04 16:19:43.239 D/dalvikvm(16658): Trying to load lib libnativehelper.so 0x0
03-04 16:19:43.239 D/dalvikvm(16658): Added shared lib libnativehelper.so 0x0
03-04 16:19:43.239 D/dalvikvm(16658): No JNI_OnLoad found in libnativehelper.so 0x0, skipping init
03-04 16:19:43.239 D/dalvikvm(16658): Extra Options: not specified
03-04 16:19:43.249 D/dalvikvm(16658): Note: class Landroid/app/ActivityManagerNative; has 186 unimplemented (abstract) methods
03-04 16:19:43.329 E/memtrack(16658): Couldn't load memtrack module (No such file or directory)
03-04 16:19:43.329 E/android.os.Debug(16658): failed to load memtrack module: -2
03-04 16:19:43.359 D/AndroidRuntime(16658): Calling main entry com.android.commands.am.Am
03-04 16:19:43.379 D/AndroidRuntime(16658): Shutting down VM
--------- beginning of /dev/log/system
03-04 16:19:43.379 I/ActivityManager(  505): Force stopping org.xwalk.webapi_service_tests appid=10401 user=0: from pid 16658
03-04 16:19:43.389 D/dalvikvm(16658): GC_CONCURRENT freed 112K, 16% free 666K/792K, paused 0ms+0ms, total 1ms
03-04 16:19:43.389 D/dalvikvm(16658): Compiler shutdown in progress - discarding request
03-04 16:19:43.389 D/dalvikvm(16658): Compiler shutdown in progress - discarding request
03-04 16:19:43.389 D/dalvikvm(16658): Compiler shutdown in progress - discarding request
03-04 16:19:43.389 D/dalvikvm(16658): Compiler shutdown in progress - discarding request
03-04 16:19:43.389 D/dalvikvm(16658): Compiler shutdown in progress - discarding request
03-04 16:19:43.389 D/dalvikvm(16658): Compiler shutdown in progress - discarding request
03-04 16:19:43.389 D/dalvikvm(16658): Compiler shutdown in progress - discarding request
03-04 16:19:43.389 D/dalvikvm(16658): Compiler shutdown in progress - discarding request
03-04 16:19:43.389 D/dalvikvm(16658): Compiler shutdown in progress - discarding request
03-04 16:19:43.389 D/dalvikvm(16658): Compiler shutdown in progress - discarding request
03-04 16:19:43.389 D/dalvikvm(16658): Compiler shutdown in progress - discarding request
03-04 16:19:43.389 D/dalvikvm(16658): Compiler shutdown in progress - discarding request
03-04 16:19:43.389 D/dalvikvm(16658): Compiler shutdown in progress - discarding request
03-04 16:19:43.389 D/dalvikvm(16658): Compiler shutdown in progress - discarding request
03-04 16:19:43.389 D/dalvikvm(16658): Compiler shutdown in progress - discarding request
03-04 16:19:43.389 D/dalvikvm(16658): Compiler shutdown in progress - discarding request
03-04 16:19:43.389 D/dalvikvm(16658): Compiler shutdown in progress - discarding request
03-04 16:19:43.389 D/dalvikvm(16658): Compiler shutdown in progress - discarding request
03-04 16:19:43.389 D/dalvikvm(16658): Compiler shutdown in progress - discarding request
03-04 16:19:43.389 D/dalvikvm(16658): Compiler shutdown in progress - discarding request
03-04 16:19:43.389 D/dalvikvm(16658): Compiler shutdown in progress - discarding request
03-04 16:19:43.389 D/dalvikvm(16658): Compiler shutdown in progress - discarding request
03-04 16:19:43.389 D/dalvikvm(16658): Compiler shutdown in progress - discarding request
03-04 16:19:43.389 D/dalvikvm(16658): Compiler shutdown in progress - discarding request
03-04 16:19:43.389 D/dalvikvm(16658): Compiler shutdown in progress - discarding request
03-04 16:19:43.389 D/dalvikvm(16658): Compiler shutdown in progress - discarding request
03-04 16:19:43.389 D/dalvikvm(16658): Compiler shutdown in progress - discarding request
03-04 16:19:43.389 D/dalvikvm(16658): Compiler shutdown in progress - discarding request
03-04 16:19:43.389 D/dalvikvm(16658): Compiler shutdown in progress - discarding request
03-04 16:19:43.389 D/dalvikvm(16658): Compiler shutdown in progress - discarding request
03-04 16:19:43.389 D/dalvikvm(16658): Compiler shutdown in progress - discarding request
03-04 16:19:43.389 D/dalvikvm(16658): Compiler shutdown in progress - discarding request
03-04 16:19:43.389 D/dalvikvm(16658): Compiler shutdown in progress - discarding request
03-04 16:19:43.389 D/dalvikvm(16658): Compiler shutdown in progress - discarding request
03-04 16:19:43.389 D/dalvikvm(16658): Compiler shutdown in progress - discarding request
03-04 16:19:43.389 D/dalvikvm(16658): Compiler shutdown in progress - discarding request
03-04 16:19:43.389 D/dalvikvm(16658): Compiler shutdown in progress - discarding request
03-04 16:19:43.389 D/dalvikvm(16658): Compiler shutdown in progress - discarding request
03-04 16:19:43.389 D/dalvikvm(16658): Compiler shutdown in progress - discarding request
03-04 16:19:43.389 D/dalvikvm(16658): Compiler shutdown in progress - discarding request
03-04 16:19:43.389 D/dalvikvm(16658): Compiler shutdown in progress - discarding request
03-04 16:19:43.389 D/dalvikvm(16658): Compiler shutdown in progress - discarding request
03-04 16:19:43.389 D/dalvikvm(16658): Compiler shutdown in progress - discarding request
03-04 16:19:43.389 D/dalvikvm(16658): Compiler shutdown in progress - discarding request
03-04 16:19:43.389 D/dalvikvm(16658): Compiler shutdown in progress - discarding request
03-04 16:19:43.389 D/dalvikvm(16658): Compiler shutdown in progress - discarding request
03-04 16:19:43.389 D/dalvikvm(16658): Compiler shutdown in progress - discarding request
03-04 16:19:43.389 D/dalvikvm(16658): Compiler shutdown in progress - discarding request
03-04 16:19:43.389 D/dalvikvm(16658): Compiler shutdown in progress - discarding request
03-04 16:19:43.389 D/dalvikvm(16658): Compiler shutdown in progress - discarding request
03-04 16:19:43.389 D/dalvikvm(16658): Compiler shutdown in progress - discarding request
03-04 16:19:43.479 I/WifiHW  (  505): CMD: IFNAME=wlan0 SIGNAL_POLL
03-04 16:19:43.479 D/wpa_supplicant(  694): RX ctrl_iface - hexdump(len=11): 53 49 47 4e 41 4c 5f 50 4f 4c 4c
03-04 16:19:43.479 D/wpa_supplicant(  694): wlan0: Control interface command 'SIGNAL_POLL'
03-04 16:19:43.479 D/wpa_supplicant(  694): nl80211: survey data missing!
03-04 16:19:43.479 I/WifiHW  (  505): REPLY: RSSI=-55
03-04 16:19:43.479 I/WifiHW  (  505): REPLY: LINKSPEED=58
03-04 16:19:43.479 I/WifiHW  (  505): REPLY: NOISE=9999
03-04 16:19:43.479 I/WifiHW  (  505): REPLY: FREQUENCY=2437
03-04 16:19:44.029 D/AndroidRuntime(16669): 
03-04 16:19:44.029 D/AndroidRuntime(16669): >>>>>> AndroidRuntime START com.android.internal.os.RuntimeInit <<<<<<
03-04 16:19:44.029 D/AndroidRuntime(16669): CheckJNI is OFF
03-04 16:19:44.029 I/AndroidRuntime(16669): Kernel Release Version: 3.10.20-gf818079
03-04 16:19:44.029 I/dalvikvm(16669): No library specified. The standard exception handler will be used
03-04 16:19:44.039 I/dalvikvm(16669): 
03-04 16:19:44.039 I/dalvikvm(16669): +++++++++++++ Using PCG. +++++++++++++++++++++
03-04 16:19:44.039 D/dalvikvm(16669): Trying to load lib libjavacore.so 0x0
03-04 16:19:44.049 D/dalvikvm(16669): Added shared lib libjavacore.so 0x0
03-04 16:19:44.049 D/dalvikvm(16669): Trying to load lib libnativehelper.so 0x0
03-04 16:19:44.049 D/dalvikvm(16669): Added shared lib libnativehelper.so 0x0
03-04 16:19:44.049 D/dalvikvm(16669): No JNI_OnLoad found in libnativehelper.so 0x0, skipping init
03-04 16:19:44.049 D/dalvikvm(16669): Extra Options: not specified
03-04 16:19:44.069 D/dalvikvm(16669): Note: class Landroid/app/ActivityManagerNative; has 186 unimplemented (abstract) methods
03-04 16:19:44.149 E/memtrack(16669): Couldn't load memtrack module (No such file or directory)
03-04 16:19:44.149 E/android.os.Debug(16669): failed to load memtrack module: -2
03-04 16:19:44.179 D/AndroidRuntime(16669): Calling main entry com.android.commands.am.Am
03-04 16:19:44.209 D/AndroidRuntime(16669): Shutting down VM
03-04 16:19:44.209 I/ActivityManager(  505): START u0 {flg=0x10000000 cmp=org.xwalk.webapi_service_tests/.webapi_service_testsActivity} from pid 16669
03-04 16:19:44.219 D/dalvikvm(16669): GC_CONCURRENT freed 112K, 16% free 674K/800K, paused 0ms+0ms, total 1ms
03-04 16:19:44.219 D/dalvikvm(16669): Compiler shutdown in progress - discarding request
03-04 16:19:44.219 D/dalvikvm(16669): Compiler shutdown in progress - discarding request
03-04 16:19:44.219 D/dalvikvm(16669): Compiler shutdown in progress - discarding request
03-04 16:19:44.219 D/dalvikvm(16669): Compiler shutdown in progress - discarding request
03-04 16:19:44.219 D/dalvikvm(16669): Compiler shutdown in progress - discarding request
03-04 16:19:44.219 D/dalvikvm(16669): Compiler shutdown in progress - discarding request
03-04 16:19:44.219 D/dalvikvm(16669): Compiler shutdown in progress - discarding request
03-04 16:19:44.219 D/dalvikvm(16669): Compiler shutdown in progress - discarding request
03-04 16:19:44.219 D/dalvikvm(16669): Compiler shutdown in progress - discarding request
03-04 16:19:44.219 D/dalvikvm(16669): Compiler shutdown in progress - discarding request
03-04 16:19:44.219 D/dalvikvm(16669): Compiler shutdown in progress - discarding request
03-04 16:19:44.219 D/dalvikvm(16669): Compiler shutdown in progress - discarding request
03-04 16:19:44.219 D/dalvikvm(16669): Compiler shutdown in progress - discarding request
03-04 16:19:44.219 D/dalvikvm(16669): Compiler shutdown in progress - discarding request
03-04 16:19:44.219 D/dalvikvm(16669): Compiler shutdown in progress - discarding request
03-04 16:19:44.219 D/dalvikvm(16669): Compiler shutdown in progress - discarding request
03-04 16:19:44.219 D/dalvikvm(16669): Compiler shutdown in progress - discarding request
03-04 16:19:44.219 D/dalvikvm(16669): Compiler shutdown in progress - discarding request
03-04 16:19:44.219 D/dalvikvm(16669): Compiler shutdown in progress - discarding request
03-04 16:19:44.219 D/dalvikvm(16669): Compiler shutdown in progress - discarding request
03-04 16:19:44.219 D/dalvikvm(16669): Compiler shutdown in progress - discarding request
03-04 16:19:44.219 D/dalvikvm(16669): Compiler shutdown in progress - discarding request
03-04 16:19:44.219 D/dalvikvm(16669): Compiler shutdown in progress - discarding request
03-04 16:19:44.219 D/dalvikvm(16669): Compiler shutdown in progress - discarding request
03-04 16:19:44.219 D/dalvikvm(16669): Compiler shutdown in progress - discarding request
03-04 16:19:44.219 D/dalvikvm(16669): Compiler shutdown in progress - discarding request
03-04 16:19:44.219 D/dalvikvm(16669): Compiler shutdown in progress - discarding request
03-04 16:19:44.219 D/dalvikvm(16669): Compiler shutdown in progress - discarding request
03-04 16:19:44.219 D/dalvikvm(16669): Compiler shutdown in progress - discarding request
03-04 16:19:44.219 D/dalvikvm(16669): Compiler shutdown in progress - discarding request
03-04 16:19:44.219 D/dalvikvm(16669): Compiler shutdown in progress - discarding request
03-04 16:19:44.219 D/dalvikvm(16669): Compiler shutdown in progress - discarding request
03-04 16:19:44.219 D/dalvikvm(16669): Compiler shutdown in progress - discarding request
03-04 16:19:44.219 D/dalvikvm(16669): Compiler shutdown in progress - discarding request
03-04 16:19:44.219 D/dalvikvm(16669): Compiler shutdown in progress - discarding request
03-04 16:19:44.219 D/dalvikvm(16669): Compiler shutdown in progress - discarding request
03-04 16:19:44.219 D/dalvikvm(16669): Compiler shutdown in progress - discarding request
03-04 16:19:44.219 D/dalvikvm(16669): Compiler shutdown in progress - discarding request
03-04 16:19:44.219 D/dalvikvm(16669): Compiler shutdown in progress - discarding request
03-04 16:19:44.219 D/dalvikvm(16669): Compiler shutdown in progress - discarding request
03-04 16:19:44.219 D/dalvikvm(16669): Compiler shutdown in progress - discarding request
03-04 16:19:44.219 D/dalvikvm(16669): Compiler shutdown in progress - discarding request
03-04 16:19:44.219 D/dalvikvm(16669): Compiler shutdown in progress - discarding request
03-04 16:19:44.219 D/dalvikvm(16669): Compiler shutdown in progress - discarding request
03-04 16:19:44.219 D/dalvikvm(16669): Compiler shutdown in progress - discarding request
03-04 16:19:44.799 D/AndroidRuntime(16680): 
03-04 16:19:44.799 D/AndroidRuntime(16680): >>>>>> AndroidRuntime START com.android.internal.os.RuntimeInit <<<<<<
03-04 16:19:44.799 D/AndroidRuntime(16680): CheckJNI is OFF
03-04 16:19:44.799 I/AndroidRuntime(16680): Kernel Release Version: 3.10.20-gf818079
03-04 16:19:44.799 I/dalvikvm(16680): No library specified. The standard exception handler will be used
03-04 16:19:44.799 I/dalvikvm(16680): 
03-04 16:19:44.799 I/dalvikvm(16680): +++++++++++++ Using PCG. +++++++++++++++++++++
03-04 16:19:44.809 D/dalvikvm(16680): Trying to load lib libjavacore.so 0x0
03-04 16:19:44.809 D/dalvikvm(16680): Added shared lib libjavacore.so 0x0
03-04 16:19:44.809 D/dalvikvm(16680): Trying to load lib libnativehelper.so 0x0
03-04 16:19:44.809 D/dalvikvm(16680): Added shared lib libnativehelper.so 0x0
03-04 16:19:44.809 D/dalvikvm(16680): No JNI_OnLoad found in libnativehelper.so 0x0, skipping init
03-04 16:19:44.819 D/dalvikvm(16680): Extra Options: not specified
03-04 16:19:44.829 D/dalvikvm(16680): Note: class Landroid/app/ActivityManagerNative; has 186 unimplemented (abstract) methods
03-04 16:19:44.899 E/memtrack(16680): Couldn't load memtrack module (No such file or directory)
03-04 16:19:44.899 E/android.os.Debug(16680): failed to load memtrack module: -2
03-04 16:19:44.929 D/AndroidRuntime(16680): Calling main entry com.android.commands.am.Am
03-04 16:19:44.969 D/AndroidRuntime(16680): Shutting down VM
03-04 16:19:44.969 D/dalvikvm(16680): GC_CONCURRENT freed 116K, 17% free 670K/800K, paused 0ms+1ms, total 1ms
03-04 16:19:44.969 I/ActivityManager(  505): START u0 {flg=0x10000000 cmp=org.xwalk.webapi_service_tests/.webapi_service_tests} from pid 16680
03-04 16:19:44.979 D/dalvikvm(16680): Compiler shutdown in progress - discarding request
03-04 16:19:44.979 D/dalvikvm(16680): Compiler shutdown in progress - discarding request
03-04 16:19:44.979 D/dalvikvm(16680): Compiler shutdown in progress - discarding request
03-04 16:19:44.979 D/dalvikvm(16680): Compiler shutdown in progress - discarding request
03-04 16:19:44.979 D/dalvikvm(16680): Compiler shutdown in progress - discarding request
03-04 16:19:44.979 D/dalvikvm(16680): Compiler shutdown in progress - discarding request
03-04 16:19:44.979 D/dalvikvm(16680): Compiler shutdown in progress - discarding request
03-04 16:19:44.979 D/dalvikvm(16680): Compiler shutdown in progress - discarding request
03-04 16:19:44.979 D/dalvikvm(16680): Compiler shutdown in progress - discarding request
03-04 16:19:44.979 D/dalvikvm(16680): Compiler shutdown in progress - discarding request
03-04 16:19:44.979 D/dalvikvm(16680): Compiler shutdown in progress - discarding request
03-04 16:19:44.979 D/dalvikvm(16680): Compiler shutdown in progress - discarding request
03-04 16:19:44.979 D/dalvikvm(16680): Compiler shutdown in progress - discarding request
03-04 16:19:44.979 D/dalvikvm(16680): Compiler shutdown in progress - discarding request
03-04 16:19:44.979 D/dalvikvm(16680): Compiler shutdown in progress - discarding request
03-04 16:19:44.979 D/dalvikvm(16680): Compiler shutdown in progress - discarding request
03-04 16:19:44.979 D/dalvikvm(16680): Compiler shutdown in progress - discarding request
03-04 16:19:44.979 D/dalvikvm(16680): Compiler shutdown in progress - discarding request
03-04 16:19:44.979 D/dalvikvm(16680): Compiler shutdown in progress - discarding request
03-04 16:19:44.979 D/dalvikvm(16680): Compiler shutdown in progress - discarding request
03-04 16:19:44.979 D/dalvikvm(16680): Compiler shutdown in progress - discarding request
03-04 16:19:44.979 D/dalvikvm(16680): Compiler shutdown in progress - discarding request
03-04 16:19:44.979 D/dalvikvm(16680): Compiler shutdown in progress - discarding request
03-04 16:19:44.979 D/dalvikvm(16680): Compiler shutdown in progress - discarding request
03-04 16:19:44.979 D/dalvikvm(16680): Compiler shutdown in progress - discarding request
03-04 16:19:44.979 D/dalvikvm(16680): Compiler shutdown in progress - discarding request
03-04 16:19:44.979 D/dalvikvm(16680): Compiler shutdown in progress - discarding request
03-04 16:19:44.979 D/dalvikvm(16680): Compiler shutdown in progress - discarding request
03-04 16:19:44.979 D/dalvikvm(16680): Compiler shutdown in progress - discarding request
03-04 16:19:44.979 D/dalvikvm(16680): Compiler shutdown in progress - discarding request
03-04 16:19:44.979 D/dalvikvm(16680): Compiler shutdown in progress - discarding request
03-04 16:19:44.979 D/dalvikvm(16680): Compiler shutdown in progress - discarding request
03-04 16:19:44.979 D/dalvikvm(16680): Compiler shutdown in progress - discarding request
03-04 16:19:44.979 D/dalvikvm(16680): Compiler shutdown in progress - discarding request
03-04 16:19:44.979 D/dalvikvm(16680): Compiler shutdown in progress - discarding request
03-04 16:19:44.979 D/dalvikvm(16680): Compiler shutdown in progress - discarding request
03-04 16:19:44.979 D/dalvikvm(16680): Compiler shutdown in progress - discarding request
03-04 16:19:44.979 D/dalvikvm(16680): Compiler shutdown in progress - discarding request
03-04 16:19:44.979 D/dalvikvm(16680): Compiler shutdown in progress - discarding request
03-04 16:19:44.979 D/dalvikvm(16680): Compiler shutdown in progress - discarding request
03-04 16:19:44.979 D/dalvikvm(16680): Compiler shutdown in progress - discarding request
03-04 16:19:44.979 D/dalvikvm(16680): Compiler shutdown in progress - discarding request
03-04 16:19:44.979 D/dalvikvm(16680): Compiler shutdown in progress - discarding request
03-04 16:19:44.979 D/dalvikvm(16680): Compiler shutdown in progress - discarding request
03-04 16:19:44.979 D/dalvikvm(16680): Compiler shutdown in progress - discarding request
03-04 16:19:44.979 D/dalvikvm(16680): Compiler shutdown in progress - discarding request
03-04 16:19:44.979 D/dalvikvm(16680): Compiler shutdown in progress - discarding request
03-04 16:19:45.609 D/AndroidRuntime(16691): 
03-04 16:19:45.609 D/AndroidRuntime(16691): >>>>>> AndroidRuntime START com.android.internal.os.RuntimeInit <<<<<<
03-04 16:19:45.609 D/AndroidRuntime(16691): CheckJNI is OFF
03-04 16:19:45.609 I/AndroidRuntime(16691): Kernel Release Version: 3.10.20-gf818079
03-04 16:19:45.609 I/dalvikvm(16691): No library specified. The standard exception handler will be used
03-04 16:19:45.609 I/dalvikvm(16691): 
03-04 16:19:45.609 I/dalvikvm(16691): +++++++++++++ Using PCG. +++++++++++++++++++++
03-04 16:19:45.619 D/dalvikvm(16691): Trying to load lib libjavacore.so 0x0
03-04 16:19:45.619 D/dalvikvm(16691): Added shared lib libjavacore.so 0x0
03-04 16:19:45.619 D/dalvikvm(16691): Trying to load lib libnativehelper.so 0x0
03-04 16:19:45.619 D/dalvikvm(16691): Added shared lib libnativehelper.so 0x0
03-04 16:19:45.619 D/dalvikvm(16691): No JNI_OnLoad found in libnativehelper.so 0x0, skipping init
03-04 16:19:45.629 D/dalvikvm(16691): Extra Options: not specified
03-04 16:19:45.639 D/dalvikvm(16691): Note: class Landroid/app/ActivityManagerNative; has 186 unimplemented (abstract) methods
03-04 16:19:45.709 E/memtrack(16691): Couldn't load memtrack module (No such file or directory)
03-04 16:19:45.709 E/android.os.Debug(16691): failed to load memtrack module: -2
03-04 16:19:45.749 D/AndroidRuntime(16691): Calling main entry com.android.commands.am.Am
03-04 16:19:45.779 D/AndroidRuntime(16691): Shutting down VM
03-04 16:19:45.779 V/WeatherTimeProvider( 1102): widget on Visibility Changed
03-04 16:19:45.779 I/SecurityManagerService(  602): SMS received security event: App[START/org.xwalk.webapi_service_tests]
03-04 16:19:45.779 I/ActivityManager(  505): START u0 {flg=0x10000000 cmp=org.xwalk.webapi_service_tests/.WebapiServiceTestsActivity} from pid 16691
03-04 16:19:45.789 D/dalvikvm(16691): GC_CONCURRENT freed 114K, 16% free 701K/832K, paused 0ms+0ms, total 1ms
03-04 16:19:45.789 D/dalvikvm(16691): Compiler shutdown in progress - discarding request
03-04 16:19:45.789 D/dalvikvm(16691): Compiler shutdown in progress - discarding request
03-04 16:19:45.789 D/dalvikvm(16691): Compiler shutdown in progress - discarding request
03-04 16:19:45.789 D/dalvikvm(16691): Compiler shutdown in progress - discarding request
03-04 16:19:45.789 D/dalvikvm(16691): Compiler shutdown in progress - discarding request
03-04 16:19:45.789 D/dalvikvm(16691): Compiler shutdown in progress - discarding request
03-04 16:19:45.789 D/dalvikvm(16691): Compiler shutdown in progress - discarding request
03-04 16:19:45.789 D/dalvikvm(16691): Compiler shutdown in progress - discarding request
03-04 16:19:45.789 D/dalvikvm(16691): Compiler shutdown in progress - discarding request
03-04 16:19:45.789 D/dalvikvm(16691): Compiler shutdown in progress - discarding request
03-04 16:19:45.789 D/dalvikvm(16691): Compiler shutdown in progress - discarding request
03-04 16:19:45.789 D/dalvikvm(16691): Compiler shutdown in progress - discarding request
03-04 16:19:45.789 D/dalvikvm(16691): Compiler shutdown in progress - discarding request
03-04 16:19:45.789 D/dalvikvm(16691): Compiler shutdown in progress - discarding request
03-04 16:19:45.789 D/dalvikvm(16691): Compiler shutdown in progress - discarding request
03-04 16:19:45.789 D/dalvikvm(16691): Compiler shutdown in progress - discarding request
03-04 16:19:45.789 D/dalvikvm(16691): Compiler shutdown in progress - discarding request
03-04 16:19:45.789 D/dalvikvm(16691): Compiler shutdown in progress - discarding request
03-04 16:19:45.789 D/dalvikvm(16691): Compiler shutdown in progress - discarding request
03-04 16:19:45.789 D/dalvikvm(16691): Compiler shutdown in progress - discarding request
03-04 16:19:45.789 D/dalvikvm(16691): Compiler shutdown in progress - discarding request
03-04 16:19:45.789 D/dalvikvm(16691): Compiler shutdown in progress - discarding request
03-04 16:19:45.789 D/dalvikvm(16691): Compiler shutdown in progress - discarding request
03-04 16:19:45.789 D/dalvikvm(16691): Compiler shutdown in progress - discarding request
03-04 16:19:45.789 D/dalvikvm(16691): Compiler shutdown in progress - discarding request
03-04 16:19:45.789 D/dalvikvm(16691): Compiler shutdown in progress - discarding request
03-04 16:19:45.789 D/dalvikvm(16691): Compiler shutdown in progress - discarding request
03-04 16:19:45.789 D/dalvikvm(16691): Compiler shutdown in progress - discarding request
03-04 16:19:45.789 D/dalvikvm(16691): Compiler shutdown in progress - discarding request
03-04 16:19:45.789 D/dalvikvm(16691): Compiler shutdown in progress - discarding request
03-04 16:19:45.789 D/dalvikvm(16691): Compiler shutdown in progress - discarding request
03-04 16:19:45.789 D/dalvikvm(16691): Compiler shutdown in progress - discarding request
03-04 16:19:45.789 D/dalvikvm(16691): Compiler shutdown in progress - discarding request
03-04 16:19:45.789 D/dalvikvm(16691): Compiler shutdown in progress - discarding request
03-04 16:19:45.789 D/dalvikvm(16691): Compiler shutdown in progress - discarding request
03-04 16:19:45.789 D/dalvikvm(16691): Compiler shutdown in progress - discarding request
03-04 16:19:45.789 D/dalvikvm(16691): Compiler shutdown in progress - discarding request
03-04 16:19:45.789 D/dalvikvm(16691): Compiler shutdown in progress - discarding request
03-04 16:19:45.789 D/dalvikvm(16691): Compiler shutdown in progress - discarding request
03-04 16:19:45.789 D/dalvikvm(16691): Compiler shutdown in progress - discarding request
03-04 16:19:45.789 D/dalvikvm(16691): Compiler shutdown in progress - discarding request
03-04 16:19:45.789 D/dalvikvm(16691): Compiler shutdown in progress - discarding request
03-04 16:19:45.789 D/dalvikvm(16691): Compiler shutdown in progress - discarding request
03-04 16:19:45.789 D/dalvikvm(16691): Compiler shutdown in progress - discarding request
03-04 16:19:45.789 D/dalvikvm(16691): Compiler shutdown in progress - discarding request
03-04 16:19:45.789 D/dalvikvm(16702): Process 16702 nice name: org.xwalk.webapi_service_tests
03-04 16:19:45.789 D/dalvikvm(16702): Extra Options: not specified
03-04 16:19:45.789 I/ActivityManager(  505): Start proc org.xwalk.webapi_service_tests for activity org.xwalk.webapi_service_tests/.WebapiServiceTestsActivity: pid=16702 uid=10401 gids={50401, 3003, 1028, 1015}
03-04 16:19:45.809 D/WindowManager(  505): adjustConfigurationLw, config:{1.0 ?mcc?mnc ?locale ?layoutDir sw600dp w600dp h888dp 213dpi lrg port ?uimode ?night finger -keyb/v/h -nav/v} mLidState:1 mHasDockFeature:false mHasKeyboardFeature:false mHasHallSensorFeature:true config.hardKeyboardHidden:2
03-04 16:19:45.809 I/ActivityManager(  505): [TopPkgCurBat]	NowPkgName[org.xwalk.webapi_service_tests]	Battery[84]	TimeTick[1425457185828]	OldPkgName[com.asus.launcher]
03-04 16:19:45.829 D/        (  696): Surface destroy: ANDROID_NATIVE_WINDOW_MAGIC
03-04 16:19:45.839 D/dalvikvm(16702): Trying to load lib /data/app-lib/org.xwalk.webapi_service_tests-1/libxwalkcore.so 0x43d7f1e0
03-04 16:19:45.879 D/dalvikvm(16702): Added shared lib /data/app-lib/org.xwalk.webapi_service_tests-1/libxwalkcore.so 0x43d7f1e0
03-04 16:19:45.889 I/LibraryLoader(16702): Time to load native libraries: 49 ms (timestamps 8182-8231)
03-04 16:19:45.889 I/LibraryLoader(16702): Expected native library version number "",actual native library version number ""
03-04 16:19:45.919 I/LibraryLoader(16702): Expected native library version number "",actual native library version number ""
03-04 16:19:45.919 I/chromium(16702): [INFO:library_loader_hooks.cc(112)] Chromium logging enabled: level = 0, default verbosity = 0
03-04 16:19:45.929 I/BrowserStartupController(16702): Initializing chromium process, singleProcess=true
03-04 16:19:45.999 W/AudioManagerAndroid(16702): Requires BLUETOOTH permission
03-04 16:19:46.009 I/ufoGralloc(16702): Hello, this is UFO GRALLOC/Intel Corporation
03-04 16:19:46.009 D/        (16702): Pixel Format : GGL_PIXEL_FORMAT_RGBA_8888
03-04 16:19:46.009 D/        (16702): droid_create_context : config id = 1 conf->NativeVisualID=1
03-04 16:19:46.009 D/        (16702): Pixel Format : GGL_PIXEL_FORMAT_RGBA_8888
03-04 16:19:46.009 I/        (16702): Requested context : GLES 2.0
03-04 16:19:46.039 W/chromium(16702): [WARNING:proxy_service.cc(899)] PAC support disabled because there is no system implementation
03-04 16:19:46.039 W/dalvikvm(16702): VFY: unable to find class referenced in signature (Landroid/view/inputmethod/CursorAnchorInfo;)
03-04 16:19:46.039 I/dalvikvm(16702): Could not find method android.view.inputmethod.InputMethodManager.updateCursorAnchorInfo, referenced from method org.chromium.content.browser.input.InputMethodManagerWrapper.updateCursorAnchorInfo
03-04 16:19:46.039 W/dalvikvm(16702): VFY: unable to resolve virtual method 1241: Landroid/view/inputmethod/InputMethodManager;.updateCursorAnchorInfo (Landroid/view/View;Landroid/view/inputmethod/CursorAnchorInfo;)V
03-04 16:19:46.039 D/dalvikvm(16702): VFY: replacing opcode 0x6e at 0x000a
03-04 16:19:46.079 E/cutils  (  162): Failed to mkdirat(/Removable/MicroSD): Read-only file system
03-04 16:19:46.079 W/ContextImpl(16702): Failed to ensure directory: /Removable/MicroSD/Android/data/org.xwalk.webapi_service_tests/cache
03-04 16:19:46.079 W/Vold    (  162): Returning OperationFailed - no handler for errno 30
03-04 16:19:46.089 W/XWalkExtensionManager(16702): Failed to read extensions-config.json
03-04 16:19:46.089 E/chromium(16702): [ERROR:unix_domain_server_socket_posix.cc(106)] Not implemented reached in virtual int net::UnixDomainServerSocket::GetLocalAddress(net::IPEndPoint*) const
03-04 16:19:46.089 I/dalvikvm(16702): Could not find method android.app.Activity.finishAndRemoveTask, referenced from method org.chromium.base.ApiCompatibilityUtils.finishAndRemoveTask
03-04 16:19:46.089 W/dalvikvm(16702): VFY: unable to resolve virtual method 4: Landroid/app/Activity;.finishAndRemoveTask ()V
03-04 16:19:46.089 D/dalvikvm(16702): VFY: replacing opcode 0x6e at 0x0006
03-04 16:19:46.089 I/dalvikvm(16702): Could not find method android.os.PowerManager.isInteractive, referenced from method org.chromium.base.ApiCompatibilityUtils.isInteractive
03-04 16:19:46.089 W/dalvikvm(16702): VFY: unable to resolve virtual method 768: Landroid/os/PowerManager;.isInteractive ()Z
03-04 16:19:46.089 D/dalvikvm(16702): VFY: replacing opcode 0x6e at 0x000e
03-04 16:19:46.089 I/dalvikvm(16702): Could not find method android.view.Window.getNavigationBarColor, referenced from method org.chromium.base.ApiCompatibilityUtils.setStatusBarColor
03-04 16:19:46.089 W/dalvikvm(16702): VFY: unable to resolve virtual method 1144: Landroid/view/Window;.getNavigationBarColor ()I
03-04 16:19:46.089 D/dalvikvm(16702): VFY: replacing opcode 0x6e at 0x0010
03-04 16:19:46.089 I/dalvikvm(16702): Could not find method android.view.Window.setStatusBarColor, referenced from method org.chromium.base.ApiCompatibilityUtils.setStatusBarColor
03-04 16:19:46.089 W/dalvikvm(16702): VFY: unable to resolve virtual method 1149: Landroid/view/Window;.setStatusBarColor (I)V
03-04 16:19:46.089 D/dalvikvm(16702): VFY: replacing opcode 0x6e at 0x0019
03-04 16:19:46.089 E/dalvikvm(16702): Could not find class 'android.app.ActivityManager$TaskDescription', referenced from method org.chromium.base.ApiCompatibilityUtils.setTaskDescription
03-04 16:19:46.089 W/dalvikvm(16702): VFY: unable to resolve new-instance 11 (Landroid/app/ActivityManager$TaskDescription;) in Lorg/chromium/base/ApiCompatibilityUtils;
03-04 16:19:46.089 D/dalvikvm(16702): VFY: replacing opcode 0x22 at 0x0006
03-04 16:19:46.089 D/dalvikvm(16702): DexOpt: unable to opt direct call 0x001e at 0x08 in Lorg/chromium/base/ApiCompatibilityUtils;.setTaskDescription
03-04 16:19:46.089 I/chromium(16702): [INFO:xwalk_extension_renderer_controller.cc(47)] EXTENSION PROCESS DISABLED.
03-04 16:19:46.119 D/        (16702): droid_create_context : config id = 5 conf->NativeVisualID=1
03-04 16:19:46.119 D/        (16702): Pixel Format : GGL_PIXEL_FORMAT_RGBA_8888
03-04 16:19:46.119 I/        (16702): Requested context : GLES 2.0
03-04 16:19:46.129 D/        (16702): Pixel Format : GGL_PIXEL_FORMAT_RGBA_8888
03-04 16:19:46.129 D/OpenGLRenderer(16702): Enabling debug mode 0
03-04 16:19:46.139 D/        (16702): Pixel Format : GGL_PIXEL_FORMAT_RGBA_8888
03-04 16:19:46.139 D/        (16702): droid_create_context : config id = 1 conf->NativeVisualID=1
03-04 16:19:46.139 D/        (16702): Pixel Format : GGL_PIXEL_FORMAT_RGBA_8888
03-04 16:19:46.139 I/        (16702): Requested context : GLES 2.0
03-04 16:19:46.149 D/ImageWallpaper(  571): onVisibilityChanged: mVisible, visible=true, false
03-04 16:19:46.149 D/ImageWallpaper(  571): Visibility changed to visible=false
03-04 16:19:46.149 D/ImageWallpaper(  571): Suppressed drawFrame since redraw is not needed and offsets have not changed.
03-04 16:19:46.209 I/ActivityManager(  505): Displayed org.xwalk.webapi_service_tests/.WebapiServiceTestsActivity: +433ms
03-04 16:19:46.219 W/BindingManager(16702): Cannot call determinedVisibility() - never saw a connection for the pid: 16702
03-04 16:19:46.219 D/XT9IME  (  728): new subtype :en_US ,keyboard
03-04 16:19:46.229 D/        (16702): Pixel Format : GGL_PIXEL_FORMAT_RGBA_8888
03-04 16:19:46.229 D/        (16702): droid_create_context : config id = 1 conf->NativeVisualID=1
03-04 16:19:46.229 D/        (16702): Pixel Format : GGL_PIXEL_FORMAT_RGBA_8888
03-04 16:19:46.229 I/        (16702): Requested context : GLES 2.0
03-04 16:19:46.239 D/        (16702): Swap interval set to = 1 value
03-04 16:19:46.249 D/BatteryStatsImpl(  505): noteStopWakeLocked system isFromForeground = false
03-04 16:19:46.359 D/EVENT_THREAD(  182): void CEventThread::run() POLLIN event on Fd (1)
03-04 16:19:46.359 D/EVENT_THREAD(  182): void CEventThread::run() Do poll with timeout: -1
03-04 16:19:46.359 D/EVENT_THREAD(  182): void CEventThread::run() POLLIN event on Fd (1)
03-04 16:19:46.359 D/EVENT_THREAD(  182): void CEventThread::run() Do poll with timeout: -1
03-04 16:19:46.359 I/upi_ug31xx(  165): (2067) update_capacity
03-04 16:19:46.359 I/[UPI]   (  165): <UG31/E>[UpiReadCapacity]: V=4028(4028), T=340(340-405), I=-421, C=-3(-3-0)
03-04 16:19:46.359 I/[UPI]   (  165): <UG31/E>[UpiReadCapacity]: (0x0000254a) 3043 (3035) / 3602 (4028) = 84
03-04 16:19:46.359 I/[UPI]   (  165): <UG31/E>[UpiReadCapacity]: (0x0000254a) 3043 (3035) / 3602 (4028) = 84
03-04 16:19:46.359 I/[UPI]   (  165): <UG31/E>[UpiReadCapacity]: (0x0000254a) 3040 (3040) / 3602 (4028) = 84
03-04 16:19:46.359 I/[UPI]   (  165): <UG31/E>[RsocFilterCountTime]: (0x0000254a) Step=0(30280), Full=0(30280), Lock=30280(1800000)
03-04 16:19:46.359 I/[UPI]   (  165): <UG31/E>[UpiReadCapacity]: (0x0000254a) 3040 (3040) / 3602 (4028) = 84 (-421--421)
03-04 16:19:46.359 I/[UPI]   (  165): <UG31/E><BATT> M:normal, P:84(84-84)%, V:4029mV, C:-620mA, T:34.0C(405), S:0x0000254a(000), R:3040mAh, F:3602mAh, Q:750mAh, CC:4, P:30.280(858-0)s, BO:7, 97:615:0-44af-9m:B001-20140514-144301 (16)
03-04 16:19:46.359 I/upi_ug31xx(  165): (2068) backup_data write
03-04 16:19:46.359 V/upi_ug31xx(  165): state->check_backup_count = 13
03-04 16:19:46.359 I/[UPI]   (  165): <UG31/E>[upi_lib_backup_data]: Driver backup data not ready.
03-04 16:19:46.419 D/        (16702): Pixel Format : GGL_PIXEL_FORMAT_RGBA_8888
03-04 16:19:46.419 D/        (16702): droid_create_context : config id = 1 conf->NativeVisualID=1
03-04 16:19:46.419 D/        (16702): Pixel Format : GGL_PIXEL_FORMAT_RGBA_8888
03-04 16:19:46.419 I/        (16702): Requested context : GLES 2.0
03-04 16:19:46.479 I/chromium(16702): [INFO:CONSOLE(0)] "Synchronous XMLHttpRequest on the main thread is deprecated because of its detrimental effects to the end user's experience. For more help, check http://xhr.spec.whatwg.org/.", source:  (0)
03-04 16:19:46.489 I/WifiHW  (  505): CMD: IFNAME=wlan0 SIGNAL_POLL
03-04 16:19:46.489 D/wpa_supplicant(  694): RX ctrl_iface - hexdump(len=11): 53 49 47 4e 41 4c 5f 50 4f 4c 4c
03-04 16:19:46.489 D/wpa_supplicant(  694): wlan0: Control interface command 'SIGNAL_POLL'
03-04 16:19:46.499 D/wpa_supplicant(  694): nl80211: survey data missing!
03-04 16:19:46.499 I/WifiHW  (  505): REPLY: RSSI=-55
03-04 16:19:46.499 I/WifiHW  (  505): REPLY: LINKSPEED=58
03-04 16:19:46.499 I/WifiHW  (  505): REPLY: NOISE=9999
03-04 16:19:46.499 I/WifiHW  (  505): REPLY: FREQUENCY=2437
03-04 16:19:48.219 W/BindingManager(16702): Cannot call determinedVisibility() - never saw a connection for the pid: 16702
03-04 16:19:49.289 W/BindingManager(16702): Cannot call determinedVisibility() - never saw a connection for the pid: 16702
03-04 16:19:49.499 I/WifiHW  (  505): CMD: IFNAME=wlan0 SIGNAL_POLL
03-04 16:19:49.499 D/wpa_supplicant(  694): RX ctrl_iface - hexdump(len=11): 53 49 47 4e 41 4c 5f 50 4f 4c 4c
03-04 16:19:49.499 D/wpa_supplicant(  694): wlan0: Control interface command 'SIGNAL_POLL'
03-04 16:19:49.529 D/wpa_supplicant(  694): nl80211: survey data missing!
03-04 16:19:49.529 I/WifiHW  (  505): REPLY: RSSI=-55
03-04 16:19:49.529 I/WifiHW  (  505): REPLY: LINKSPEED=58
03-04 16:19:49.529 I/WifiHW  (  505): REPLY: NOISE=9999
03-04 16:19:49.529 I/WifiHW  (  505): REPLY: FREQUENCY=2437
03-04 16:19:51.069 W/BindingManager(16702): Cannot call determinedVisibility() - never saw a connection for the pid: 16702
03-04 16:19:51.819 W/BindingManager(16702): Cannot call determinedVisibility() - never saw a connection for the pid: 16702
03-04 16:19:52.529 I/WifiHW  (  505): CMD: IFNAME=wlan0 SIGNAL_POLL
03-04 16:19:52.529 D/wpa_supplicant(  694): RX ctrl_iface - hexdump(len=11): 53 49 47 4e 41 4c 5f 50 4f 4c 4c
03-04 16:19:52.529 D/wpa_supplicant(  694): wlan0: Control interface command 'SIGNAL_POLL'
03-04 16:19:52.559 D/wpa_supplicant(  694): nl80211: survey data missing!
03-04 16:19:52.559 I/WifiHW  (  505): REPLY: RSSI=-59
03-04 16:19:52.559 I/WifiHW  (  505): REPLY: LINKSPEED=58
03-04 16:19:52.559 I/WifiHW  (  505): REPLY: NOISE=9999
03-04 16:19:52.559 I/WifiHW  (  505): REPLY: FREQUENCY=2437
03-04 16:19:52.769 W/BindingManager(16702): Cannot call determinedVisibility() - never saw a connection for the pid: 16702
03-04 16:19:53.979 W/BindingManager(16702): Cannot call determinedVisibility() - never saw a connection for the pid: 16702
03-04 16:19:54.159 W/BindingManager(16702): Cannot call determinedVisibility() - never saw a connection for the pid: 16702
03-04 16:19:54.159 W/BindingManager(16702): Cannot call determinedVisibility() - never saw a connection for the pid: 16702
03-04 16:19:54.169 W/BindingManager(16702): Cannot call determinedVisibility() - never saw a connection for the pid: 16702
03-04 16:19:54.219 W/BindingManager(16702): Cannot call determinedVisibility() - never saw a connection for the pid: 16702
03-04 16:19:54.279 W/BindingManager(16702): Cannot call determinedVisibility() - never saw a connection for the pid: 16702
03-04 16:19:54.349 W/BindingManager(16702): Cannot call determinedVisibility() - never saw a connection for the pid: 16702
03-04 16:19:54.359 W/BindingManager(16702): Cannot call determinedVisibility() - never saw a connection for the pid: 16702
03-04 16:19:54.399 W/BindingManager(16702): Cannot call determinedVisibility() - never saw a connection for the pid: 16702
03-04 16:19:54.459 W/BindingManager(16702): Cannot call determinedVisibility() - never saw a connection for the pid: 16702
03-04 16:19:54.459 W/BindingManager(16702): Cannot call determinedVisibility() - never saw a connection for the pid: 16702
03-04 16:19:54.459 W/BindingManager(16702): Cannot call determinedVisibility() - never saw a connection for the pid: 16702
03-04 16:19:54.519 W/BindingManager(16702): Cannot call determinedVisibility() - never saw a connection for the pid: 16702
03-04 16:19:54.579 W/BindingManager(16702): Cannot call determinedVisibility() - never saw a connection for the pid: 16702
03-04 16:19:54.639 W/BindingManager(16702): Cannot call determinedVisibility() - never saw a connection for the pid: 16702
03-04 16:19:54.649 W/BindingManager(16702): Cannot call determinedVisibility() - never saw a connection for the pid: 16702
03-04 16:19:54.689 W/BindingManager(16702): Cannot call determinedVisibility() - never saw a connection for the pid: 16702
03-04 16:19:54.699 W/BindingManager(16702): Cannot call determinedVisibility() - never saw a connection for the pid: 16702
03-04 16:19:54.749 W/BindingManager(16702): Cannot call determinedVisibility() - never saw a connection for the pid: 16702
03-04 16:19:54.759 W/BindingManager(16702): Cannot call determinedVisibility() - never saw a connection for the pid: 16702
03-04 16:19:55.579 I/WifiHW  (  505): CMD: IFNAME=wlan0 SIGNAL_POLL
03-04 16:19:55.579 D/wpa_supplicant(  694): RX ctrl_iface - hexdump(len=11): 53 49 47 4e 41 4c 5f 50 4f 4c 4c
03-04 16:19:55.579 D/wpa_supplicant(  694): wlan0: Control interface command 'SIGNAL_POLL'
03-04 16:19:55.599 D/wpa_supplicant(  694): nl80211: survey data missing!
03-04 16:19:55.599 I/WifiHW  (  505): REPLY: RSSI=-58
03-04 16:19:55.599 I/WifiHW  (  505): REPLY: LINKSPEED=58
03-04 16:19:55.599 I/WifiHW  (  505): REPLY: NOISE=9999
03-04 16:19:55.599 I/WifiHW  (  505): REPLY: FREQUENCY=2437
03-04 16:19:57.269 W/BindingManager(16702): Cannot call determinedVisibility() - never saw a connection for the pid: 16702
03-04 16:19:57.499 W/BindingManager(16702): Cannot call determinedVisibility() - never saw a connection for the pid: 16702
03-04 16:19:57.679 W/BindingManager(16702): Cannot call determinedVisibility() - never saw a connection for the pid: 16702
03-04 16:19:57.689 W/BindingManager(16702): Cannot call determinedVisibility() - never saw a connection for the pid: 16702
03-04 16:19:57.699 W/BindingManager(16702): Cannot call determinedVisibility() - never saw a connection for the pid: 16702
03-04 16:19:57.759 W/BindingManager(16702): Cannot call determinedVisibility() - never saw a connection for the pid: 16702
03-04 16:19:57.819 W/BindingManager(16702): Cannot call determinedVisibility() - never saw a connection for the pid: 16702
03-04 16:19:57.899 W/BindingManager(16702): Cannot call determinedVisibility() - never saw a connection for the pid: 16702
03-04 16:19:57.949 W/BindingManager(16702): Cannot call determinedVisibility() - never saw a connection for the pid: 16702
03-04 16:19:58.119 W/BindingManager(16702): Cannot call determinedVisibility() - never saw a connection for the pid: 16702
03-04 16:19:58.159 W/BindingManager(16702): Cannot call determinedVisibility() - never saw a connection for the pid: 16702
03-04 16:19:58.399 D/dalvikvm(16324): GC_CONCURRENT freed 3233K, 27% free 9303K/12656K, paused 0ms+2ms, total 10ms
03-04 16:19:58.609 I/WifiHW  (  505): CMD: IFNAME=wlan0 SIGNAL_POLL
03-04 16:19:58.609 D/wpa_supplicant(  694): RX ctrl_iface - hexdump(len=11): 53 49 47 4e 41 4c 5f 50 4f 4c 4c
03-04 16:19:58.609 D/wpa_supplicant(  694): wlan0: Control interface command 'SIGNAL_POLL'
03-04 16:19:58.639 D/wpa_supplicant(  694): nl80211: survey data missing!
03-04 16:19:58.639 I/WifiHW  (  505): REPLY: RSSI=-60
03-04 16:19:58.639 I/WifiHW  (  505): REPLY: LINKSPEED=58
03-04 16:19:58.639 I/WifiHW  (  505): REPLY: NOISE=9999
03-04 16:19:58.639 I/WifiHW  (  505): REPLY: FREQUENCY=2437
03-04 16:19:59.989 D/Clock   (  571): ACTION_TIME_TICK
03-04 16:19:59.989 D/Clock   (  571): update clock:下午4:20
03-04 16:20:00.009 D/BatteryStatsImpl(  505): noteStopWakeLocked system isFromForeground = false
03-04 16:20:00.189 W/BindingManager(16702): Cannot call determinedVisibility() - never saw a connection for the pid: 16702
03-04 16:20:00.519 W/BindingManager(16702): Cannot call determinedVisibility() - never saw a connection for the pid: 16702
03-04 16:20:00.629 W/BindingManager(16702): Cannot call determinedVisibility() - never saw a connection for the pid: 16702
03-04 16:20:00.739 W/BindingManager(16702): Cannot call determinedVisibility() - never saw a connection for the pid: 16702
03-04 16:20:00.849 W/BindingManager(16702): Cannot call determinedVisibility() - never saw a connection for the pid: 16702
03-04 16:20:01.649 I/WifiHW  (  505): CMD: IFNAME=wlan0 SIGNAL_POLL
03-04 16:20:01.649 D/wpa_supplicant(  694): RX ctrl_iface - hexdump(len=11): 53 49 47 4e 41 4c 5f 50 4f 4c 4c
03-04 16:20:01.649 D/wpa_supplicant(  694): wlan0: Control interface command 'SIGNAL_POLL'
03-04 16:20:01.659 D/wpa_supplicant(  694): nl80211: survey data missing!
03-04 16:20:01.659 I/WifiHW  (  505): REPLY: RSSI=-59
03-04 16:20:01.659 I/WifiHW  (  505): REPLY: LINKSPEED=58
03-04 16:20:01.659 I/WifiHW  (  505): REPLY: NOISE=9999
03-04 16:20:01.659 I/WifiHW  (  505): REPLY: FREQUENCY=2437
03-04 16:20:02.999 W/ufoGralloc(  170): registerBuffer() handle 0xb9554980/79 didn't require registration
03-04 16:20:03.019 D/WindowManager(  505): adjustConfigurationLw, config:{1.0 ?mcc?mnc ?locale ?layoutDir sw600dp w600dp h888dp 213dpi lrg port ?uimode ?night finger -keyb/v/h -nav/v} mLidState:1 mHasDockFeature:false mHasKeyboardFeature:false mHasHallSensorFeature:true config.hardKeyboardHidden:2
03-04 16:20:03.019 I/ActivityManager(  505): [TopPkgCurBat]	NowPkgName[com.asus.launcher]	Battery[84]	TimeTick[1425457203033]	OldPkgName[org.xwalk.webapi_service_tests]
03-04 16:20:03.049 V/WeatherTimeProvider( 1102): widget on Visibility Changed
03-04 16:20:03.059 D/        (  696): Pixel Format : GGL_PIXEL_FORMAT_RGBA_8888
03-04 16:20:03.069 W/IInputConnectionWrapper(16702): showStatusIcon on inactive InputConnection
03-04 16:20:03.069 D/XT9IME  (  728): new subtype :en_US ,keyboard
03-04 16:20:03.109 D/ImageWallpaper(  571): onVisibilityChanged: mVisible, visible=false, true
03-04 16:20:03.109 D/ImageWallpaper(  571): Visibility changed to visible=true
03-04 16:20:03.109 D/ImageWallpaper(  571): Suppressed drawFrame since redraw is not needed and offsets have not changed.
03-04 16:20:03.109 D/BatteryStatsImpl(  505): noteStopWakeLocked system isFromForeground = false
03-04 16:20:03.149 D/        (16702): Surface destroy: ANDROID_NATIVE_WINDOW_MAGIC
03-04 16:20:03.149 D/        (16702): Surface destroy: ANDROID_NATIVE_WINDOW_MAGIC
03-04 16:20:03.529 D/        (16702): Pixel Format : GGL_PIXEL_FORMAT_RGBA_8888
03-04 16:20:03.529 I/ActivityManager(  505): Killing 13416:com.asus.contactswidget/u0a46 (adj 15): empty #9
03-04 16:20:03.539 W/SurfaceFlinger(  170): couldn't log to binary event log: overflow.
03-04 16:20:03.549 I/SecurityManagerService(  602): SMS received security event: App[STOP/com.asus.contactswidget]
03-04 16:20:03.569 W/ScreenOrientationListener(16702): Removing an inexistent observer!
03-04 16:20:04.459 D/AndroidRuntime(17020): 
03-04 16:20:04.459 D/AndroidRuntime(17020): >>>>>> AndroidRuntime START com.android.internal.os.RuntimeInit <<<<<<
03-04 16:20:04.459 D/AndroidRuntime(17020): CheckJNI is OFF
03-04 16:20:04.459 I/AndroidRuntime(17020): Kernel Release Version: 3.10.20-gf818079
03-04 16:20:04.469 I/dalvikvm(17020): No library specified. The standard exception handler will be used
03-04 16:20:04.479 I/dalvikvm(17020): 
03-04 16:20:04.479 I/dalvikvm(17020): +++++++++++++ Using PCG. +++++++++++++++++++++
03-04 16:20:04.489 D/dalvikvm(17020): Trying to load lib libjavacore.so 0x0
03-04 16:20:04.499 D/dalvikvm(17020): Added shared lib libjavacore.so 0x0
03-04 16:20:04.499 D/dalvikvm(17020): Trying to load lib libnativehelper.so 0x0
03-04 16:20:04.499 D/dalvikvm(17020): Added shared lib libnativehelper.so 0x0
03-04 16:20:04.499 D/dalvikvm(17020): No JNI_OnLoad found in libnativehelper.so 0x0, skipping init
03-04 16:20:04.499 D/dalvikvm(17020): Extra Options: not specified
03-04 16:20:04.519 D/dalvikvm(17020): Note: class Landroid/app/ActivityManagerNative; has 186 unimplemented (abstract) methods
03-04 16:20:04.599 E/memtrack(17020): Couldn't load memtrack module (No such file or directory)
03-04 16:20:04.599 E/android.os.Debug(17020): failed to load memtrack module: -2
03-04 16:20:04.629 D/AndroidRuntime(17020): Calling main entry com.android.commands.am.Am
03-04 16:20:04.659 I/ActivityManager(  505): Force stopping org.xwalk.webapi_service_tests appid=10401 user=0: from pid 17020
03-04 16:20:04.659 I/WifiHW  (  505): CMD: IFNAME=wlan0 SIGNAL_POLL
03-04 16:20:04.659 I/ActivityManager(  505): Killing 16702:org.xwalk.webapi_service_tests/u0a401 (adj 9): stop org.xwalk.webapi_service_tests
03-04 16:20:04.669 D/wpa_supplicant(  694): RX ctrl_iface - hexdump(len=11): 53 49 47 4e 41 4c 5f 50 4f 4c 4c
03-04 16:20:04.669 D/wpa_supplicant(  694): wlan0: Control interface command 'SIGNAL_POLL'
03-04 16:20:04.669 I/SecurityManagerService(  602): SMS received security event: App[STOP/org.xwalk.webapi_service_tests]
03-04 16:20:04.669 D/AndroidRuntime(17020): Shutting down VM
03-04 16:20:04.679 D/dalvikvm(17020): GC_CONCURRENT freed 108K, 16% free 638K/760K, paused 0ms+0ms, total 1ms
03-04 16:20:04.679 D/dalvikvm(17020): Compiler shutdown in progress - discarding request
03-04 16:20:04.679 D/dalvikvm(17020): Compiler shutdown in progress - discarding request
03-04 16:20:04.679 D/dalvikvm(17020): Compiler shutdown in progress - discarding request
03-04 16:20:04.679 D/dalvikvm(17020): Compiler shutdown in progress - discarding request
03-04 16:20:04.679 D/dalvikvm(17020): Compiler shutdown in progress - discarding request
03-04 16:20:04.679 D/dalvikvm(17020): Compiler shutdown in progress - discarding request
03-04 16:20:04.679 D/dalvikvm(17020): Compiler shutdown in progress - discarding request
03-04 16:20:04.679 D/dalvikvm(17020): Compiler shutdown in progress - discarding request
03-04 16:20:04.679 D/dalvikvm(17020): Compiler shutdown in progress - discarding request
03-04 16:20:04.679 D/dalvikvm(17020): Compiler shutdown in progress - discarding request
03-04 16:20:04.679 D/dalvikvm(17020): Compiler shutdown in progress - discarding request
03-04 16:20:04.679 D/dalvikvm(17020): Compiler shutdown in progress - discarding request
03-04 16:20:04.679 D/dalvikvm(17020): Compiler shutdown in progress - discarding request
03-04 16:20:04.679 D/dalvikvm(17020): Compiler shutdown in progress - discarding request
03-04 16:20:04.679 D/dalvikvm(17020): Compiler shutdown in progress - discarding request
03-04 16:20:04.679 D/dalvikvm(17020): Compiler shutdown in progress - discarding request
03-04 16:20:04.679 D/dalvikvm(17020): Compiler shutdown in progress - discarding request
03-04 16:20:04.679 D/dalvikvm(17020): Compiler shutdown in progress - discarding request
03-04 16:20:04.679 D/dalvikvm(17020): Compiler shutdown in progress - discarding request
03-04 16:20:04.679 D/dalvikvm(17020): Compiler shutdown in progress - discarding request
03-04 16:20:04.679 D/dalvikvm(17020): Compiler shutdown in progress - discarding request
03-04 16:20:04.679 D/dalvikvm(17020): Compiler shutdown in progress - discarding request
03-04 16:20:04.679 D/dalvikvm(17020): Compiler shutdown in progress - discarding request
03-04 16:20:04.679 D/dalvikvm(17020): Compiler shutdown in progress - discarding request
03-04 16:20:04.679 D/dalvikvm(17020): Compiler shutdown in progress - discarding request
03-04 16:20:04.679 D/dalvikvm(17020): Compiler shutdown in progress - discarding request
03-04 16:20:04.679 D/dalvikvm(17020): Compiler shutdown in progress - discarding request
03-04 16:20:04.679 D/dalvikvm(17020): Compiler shutdown in progress - discarding request
03-04 16:20:04.679 D/dalvikvm(17020): Compiler shutdown in progress - discarding request
03-04 16:20:04.679 D/dalvikvm(17020): Compiler shutdown in progress - discarding request
