03-04 16:16:39.219 D/RouteManager(  182): parameter-framework:     } Applying configurations
03-04 16:16:39.219 D/RouteManager(  182): parameter-framework: } Configuration application request
03-04 16:16:39.219 D/RouteManager(  182): executeConfigureStage: --------------- Routing Stage = Configure ---------------
03-04 16:16:39.219 D/RouteManager(  182): parameter-framework: Selection criterion changed event: Criterion name: RoutageState, current state: Configure
03-04 16:16:39.219 D/RouteManager(  182): parameter-framework: Selection criterion changed event: Criterion name: OpenedPlaybackRoutes, current state: Media|HwCodecMedia
03-04 16:16:39.219 D/RouteManager(  182): parameter-framework: Configuration application request {
03-04 16:16:39.219 D/RouteManager(  182): parameter-framework:     Applying configurations {
03-04 16:16:39.219 D/RouteManager(  182): parameter-framework:         Applying configuration "Activated" from domain "Routing.Configure.LPE_Mixer.IHF"
03-04 16:16:39.249 D/RouteManager(  182): parameter-framework:     } Applying configurations
03-04 16:16:39.249 D/RouteManager(  182): parameter-framework: } Configuration application request
03-04 16:16:39.249 D/RouteManager(  182): executeEnableStage: --------------- Routing Stage = Enable ---------------
03-04 16:16:39.249 D/RouteManager(  182): parameter-framework: Selection criterion changed event: Criterion name: RoutageState, current state: Path|Configure
03-04 16:16:39.249 D/RouteManager(  182): doEnableRoutes: Routes to be enabled(routed) in Output = Media|HwCodecMedia
03-04 16:16:39.249 D/RouteManager(  182): parameter-framework: Configuration application request {
03-04 16:16:39.249 D/RouteManager(  182): parameter-framework:     Applying configurations {
03-04 16:16:39.249 D/RouteManager(  182): parameter-framework:         Applying configuration "Enable" from domain "Routing.Enable.HWCodec.Playback.IHF"
03-04 16:16:39.249 D/RouteManager(  182): parameter-framework:         Applying configuration "Enable" from domain "Routing.Enable.HWCodec.Playback.Multimedia.IHF"
03-04 16:16:39.249 D/RouteManager(  182): parameter-framework:         Applying configuration "Enable" from domain "Routing.Enable.HWCodec.Playback.Multimedia.Playback"
03-04 16:16:39.269 D/RouteManager(  182): parameter-framework:     } Applying configurations
03-04 16:16:39.269 D/RouteManager(  182): parameter-framework: } Configuration application request
03-04 16:16:39.269 D/RouteManager(  182): doEnableRoutes: Routes to be enabled(routed) in Output = Media|HwCodecMedia
03-04 16:16:39.269 D/RouteManager/StreamRoute(  182): openPcmDevice called for card (baytrailaudio,0)
03-04 16:16:39.269 D/RouteManager/StreamRoute(  182): openPcmDevice		 config=rate(48000), format(0), channels(2))
03-04 16:16:39.269 D/RouteManager/StreamRoute(  182): openPcmDevice		 period_size=1152, period_count=4
03-04 16:16:39.269 D/RouteManager/StreamRoute(  182): openPcmDevice		 startTh=4607, stop Th=4608 silence Th=0
03-04 16:16:39.369 D/ALSAStreamOps(  182): attachRouteL output stream
03-04 16:16:39.369 D/AudioConversion(  182): configure: no convertion required
03-04 16:16:39.369 D/RouteManager(  182): executeUnmuteStage: --------------- Routing Stage = Unmute ---------------
03-04 16:16:39.369 D/RouteManager(  182): parameter-framework: Selection criterion changed event: Criterion name: RoutageState, current state: Flow|Path|Configure
03-04 16:16:39.369 D/RouteManager(  182): parameter-framework: Configuration application request {
03-04 16:16:39.369 D/RouteManager(  182): parameter-framework:     Applying configurations {
03-04 16:16:39.369 D/RouteManager(  182): parameter-framework:     } Applying configurations
03-04 16:16:39.369 D/RouteManager(  182): parameter-framework: } Configuration application request
03-04 16:16:39.369 D/EVENT_THREAD(  182): void CEventThread::run() Do poll with timeout: -1
03-04 16:16:39.369 D/RouteManager(  182): reconsiderRouting: DONE
03-04 16:16:41.379 I/WifiHW  (  505): CMD: IFNAME=wlan0 SIGNAL_POLL
03-04 16:16:41.379 D/wpa_supplicant(  694): RX ctrl_iface - hexdump(len=11): 53 49 47 4e 41 4c 5f 50 4f 4c 4c
03-04 16:16:41.379 D/wpa_supplicant(  694): wlan0: Control interface command 'SIGNAL_POLL'
03-04 16:16:41.409 D/wpa_supplicant(  694): nl80211: survey data missing!
03-04 16:16:41.409 I/WifiHW  (  505): REPLY: RSSI=-56
03-04 16:16:41.409 I/WifiHW  (  505): REPLY: LINKSPEED=19
03-04 16:16:41.409 I/WifiHW  (  505): REPLY: NOISE=9999
03-04 16:16:41.409 I/WifiHW  (  505): REPLY: FREQUENCY=2437
03-04 16:16:42.279 I/MediaFocusControl(  505):  AudioFocus  abandonAudioFocus() from android.media.AudioManager@21efe028org.chromium.media.MediaPlayerListener@22090be0
03-04 16:16:42.279 V/Avrcp   ( 1171): New genId = 46, clearing = 1
03-04 16:16:42.319 W/BindingManager(14544): Cannot call determinedVisibility() - never saw a connection for the pid: 14544
03-04 16:16:42.359 E/MediaResourceGetter(14544): File does not exist.
03-04 16:16:42.359 E/MediaResourceGetter(14544): Unable to configure metadata extractor
03-04 16:16:42.369 E/chromium(14544): [ERROR:webmediaplayer_android.cc(449)] Not implemented reached in virtual void content::WebMediaPlayerAndroid::setRate(double)
03-04 16:16:42.369 I/MediaFocusControl(  505):  AudioFocus  requestAudioFocus() from android.media.AudioManager@21efe028org.chromium.media.MediaPlayerListener@22095458
03-04 16:16:42.369 V/Avrcp   ( 1171): New genId = 47, clearing = 1
03-04 16:16:42.369 D/MediaPlayer(14544): Couldn't open file on client side, trying server side
03-04 16:16:42.369 I/AwesomePlayer(  182): setDataSource_l(URL suppressed)
03-04 16:16:42.369 E/FileSource(  182): Failed to open file 'app://org.xwalk.webapi_noneservice_tests//opt/tct-audio-html5-tests/audio/media/movie_5.webm'. (No such file or directory)
03-04 16:16:42.369 E/MediaPlayer(14544): error (1, -2147483648)
03-04 16:16:42.379 E/MediaPlayer(14544): Error (1,-2147483648)
03-04 16:16:44.419 I/WifiHW  (  505): CMD: IFNAME=wlan0 SIGNAL_POLL
03-04 16:16:44.419 D/wpa_supplicant(  694): RX ctrl_iface - hexdump(len=11): 53 49 47 4e 41 4c 5f 50 4f 4c 4c
03-04 16:16:44.419 D/wpa_supplicant(  694): wlan0: Control interface command 'SIGNAL_POLL'
03-04 16:16:44.449 D/wpa_supplicant(  694): nl80211: survey data missing!
03-04 16:16:44.449 I/WifiHW  (  505): REPLY: RSSI=-58
03-04 16:16:44.449 I/WifiHW  (  505): REPLY: LINKSPEED=19
03-04 16:16:44.449 I/WifiHW  (  505): REPLY: NOISE=9999
03-04 16:16:44.449 I/WifiHW  (  505): REPLY: FREQUENCY=2437
03-04 16:16:44.639 D/EVENT_THREAD(  182): void CEventThread::run() POLLIN event on Fd (1)
03-04 16:16:44.639 D/EVENT_THREAD(  182): void CEventThread::run() Do poll with timeout: -1
03-04 16:16:44.649 I/upi_ug31xx(  165): (2055) update_capacity
03-04 16:16:44.649 I/[UPI]   (  165): <UG31/E>[UpiReadCapacity]: V=4040(4039), T=339(341-400), I=-312, C=-3(-3-0)
03-04 16:16:44.649 I/[UPI]   (  165): <UG31/E>[UpiReadCapacity]: (0x0000254a) 3060 (3073) / 3602 (4028) = 85
03-04 16:16:44.649 I/[UPI]   (  165): <UG31/E>[UpiReadCapacity]: (0x0000254a) 3060 (3073) / 3602 (4028) = 85
03-04 16:16:44.649 I/[UPI]   (  165): <UG31/E>[UpiReadCapacity]: (0x0000254a) 3057 (3057) / 3602 (4028) = 85
03-04 16:16:44.649 I/[UPI]   (  165): <UG31/E>[RsocFilterCountTime]: (0x0000254a) Step=4(272910), Full=4(272910), Lock=272910(1800000)
03-04 16:16:44.649 I/[UPI]   (  165): <UG31/E>[UpiReadCapacity]: (0x0000254a) 3057 (3057) / 3602 (4028) = 85 (-312--312)
03-04 16:16:44.649 I/[UPI]   (  165): <UG31/E><BATT> M:normal, P:85(85-85)%, V:4039mV, C:-317mA, T:34.1C(400), S:0x0000254a(000), R:3057mAh, F:3602mAh, Q:767mAh, CC:4, P:30.340(841-0)s, BO:7, 97:615:0-44af-9m:B001-20140514-144301 (16)
03-04 16:16:44.649 D/EVENT_THREAD(  182): void CEventThread::run() POLLIN event on Fd (1)
03-04 16:16:44.649 D/EVENT_THREAD(  182): void CEventThread::run() Do poll with timeout: -1
03-04 16:16:44.649 I/upi_ug31xx(  165): (2056) backup_data 
03-04 16:16:44.649 V/upi_ug31xx(  165): state->check_backup_count = 7
03-04 16:16:45.269 D/PROPERTY(  182): get media.dump_output.befconv: 0
03-04 16:16:45.269 D/PROPERTY(  182): get media.dump_output.aftconv: 0
03-04 16:16:45.269 D/RouteManager(  182): stopStream: {+++ RECONSIDER ROUTING +++} due to output stream stop event
03-04 16:16:45.269 D/RouteManager(  182): reconsiderRouting
03-04 16:16:45.269 D/EVENT_THREAD(  182): void CEventThread::trig(uint16_t): in
03-04 16:16:45.269 D/EVENT_THREAD(  182): void CEventThread::trig(uint16_t): out
03-04 16:16:45.269 D/RouteManager(  182): doReconsiderRouting:       Platform State:
03-04 16:16:45.269 D/RouteManager(  182): doReconsiderRouting:          -Modem Alive = 0 
03-04 16:16:45.269 D/RouteManager(  182): doReconsiderRouting:          -Modem Call Active = 0 
03-04 16:16:45.269 D/RouteManager(  182): doReconsiderRouting:          -Is Shared I2S glitch free=1 
03-04 16:16:45.269 D/RouteManager(  182): doReconsiderRouting:          -Android Telephony Mode = Normal 
03-04 16:16:45.269 D/RouteManager(  182): doReconsiderRouting:          -RTE MGR HW Mode = Normal 
03-04 16:16:45.269 D/RouteManager(  182): doReconsiderRouting:          -BT Enabled = 1 
03-04 16:16:45.269 D/RouteManager(  182): doReconsiderRouting:          -BT NREC = 0 
03-04 16:16:45.269 D/RouteManager(  182): doReconsiderRouting:          -BT Band = NB 
03-04 16:16:45.269 D/RouteManager(  182): doReconsiderRouting:          -Platform output device = IHF 
03-04 16:16:45.269 D/RouteManager(  182): doReconsiderRouting:          -Platform input device = <none> 
03-04 16:16:45.269 D/RouteManager(  182): doReconsiderRouting:          -Platform input source = None 
03-04 16:16:45.269 D/RouteManager(  182): doReconsiderRouting:          -Platform Band type = NB 
03-04 16:16:45.269 D/RouteManager(  182): doReconsiderRouting:          -Platform Has Direct Stream = no 
03-04 16:16:45.269 D/RouteManager(  182): doReconsiderRouting:          -Platform TTY direction = <none> 
03-04 16:16:45.269 D/RouteManager(  182): doReconsiderRouting:          -Platform HAC Mode = Off 
03-04 16:16:45.269 D/RouteManager(  182): doReconsiderRouting:          -Platform Screen State = On 
03-04 16:16:45.269 D/RouteManager(  182): doReconsiderRouting:          -Platform Context Awareness = false 
03-04 16:16:45.269 D/RouteManager(  182): doReconsiderRouting:          -Platform Always Listening = false 
03-04 16:16:45.269 D/RouteManager(  182): doReconsiderRouting:          -Platform FM State = Off 
03-04 16:16:45.269 D/RouteManager(  182): doReconsiderRouting:          -Platform Bypass Non Linear PP State = Off 
03-04 16:16:45.269 D/RouteManager(  182): doReconsiderRouting:          -Platform Bypass Linear PP State = Off 
03-04 16:16:45.269 D/RouteManager(  182): doReconsiderRouting:          -Platform MicMute = Off 
03-04 16:16:45.269 D/RouteManager(  182): doReconsiderRouting:      Route state:
03-04 16:16:45.269 D/RouteManager(  182): doReconsiderRouting:          -Previously Enabled Route in Input = <none>
03-04 16:16:45.269 D/RouteManager(  182): doReconsiderRouting:          -Previously Enabled Route in Output = Media|HwCodecMedia
03-04 16:16:45.269 D/RouteManager(  182): doReconsiderRouting:          -Selected Route in Input = <none>
03-04 16:16:45.269 D/RouteManager(  182): doReconsiderRouting:          -Selected Route in Output = <none>
03-04 16:16:45.269 D/RouteManager(  182): doReconsiderRouting:          -Route that need reconfiguration in Input = <none>
03-04 16:16:45.269 D/RouteManager(  182): doReconsiderRouting:          -Route that need reconfiguration in Output = <none>
03-04 16:16:45.269 D/RouteManager(  182): executeMuteStage: --------------- Routing Stage = Mute ---------------
03-04 16:16:45.269 D/RouteManager(  182): parameter-framework: Selection criterion changed event: Criterion name: RoutageState, current state: Flow
03-04 16:16:45.269 D/RouteManager(  182): muteRoutes: Expected Routes to be muted in Output = Media|HwCodecMedia
03-04 16:16:45.269 D/RouteManager(  182): parameter-framework: Selection criterion changed event: Criterion name: ClosingPlaybackRoutes, current state: Media|HwCodecMedia
03-04 16:16:45.269 D/RouteManager(  182): parameter-framework: Selection criterion changed event: Criterion name: OpenedPlaybackRoutes, current state: <none>
03-04 16:16:45.269 D/RouteManager(  182): parameter-framework: Configuration application request {
03-04 16:16:45.269 D/RouteManager(  182): parameter-framework:     Applying configurations {
03-04 16:16:45.269 D/RouteManager(  182): parameter-framework:     } Applying configurations
03-04 16:16:45.269 D/RouteManager(  182): parameter-framework: } Configuration application request
03-04 16:16:45.269 D/RouteManager(  182): executeDisableStage: --------------- Routing Stage = Disable ---------------
03-04 16:16:45.269 D/RouteManager(  182): parameter-framework: Selection criterion changed event: Criterion name: RoutageState, current state: Path
03-04 16:16:45.269 D/RouteManager(  182): prepareDisableRoutes: Routes to be disabled(unrouted) in Output = Media|HwCodecMedia
03-04 16:16:45.269 D/ALSAStreamOps(  182): detachRouteL output stream
03-04 16:16:45.269 D/RouteManager/StreamRoute(  182): closePcmDevice called for card (baytrailaudio,0)
03-04 16:16:45.299 D/RouteManager(  182): parameter-framework: Configuration application request {
03-04 16:16:45.299 D/RouteManager(  182): parameter-framework:     Applying configurations {
03-04 16:16:45.299 D/RouteManager(  182): parameter-framework:         Applying configuration "Disable" from domain "Routing.Enable.HWCodec.Playback.IHF"
03-04 16:16:45.299 D/RouteManager(  182): parameter-framework:         Applying configuration "Disable" from domain "Routing.Enable.HWCodec.Playback.Multimedia.IHF"
03-04 16:16:45.299 D/RouteManager(  182): parameter-framework:         Applying configuration "Disable" from domain "Routing.Enable.HWCodec.Playback.Multimedia.Playback"
03-04 16:16:45.319 D/RouteManager(  182): parameter-framework:     } Applying configurations
03-04 16:16:45.319 D/RouteManager(  182): parameter-framework: } Configuration application request
03-04 16:16:45.319 D/RouteManager(  182): executeConfigureStage: --------------- Routing Stage = Configure ---------------
03-04 16:16:45.319 D/RouteManager(  182): parameter-framework: Selection criterion changed event: Criterion name: RoutageState, current state: Configure
03-04 16:16:45.319 D/RouteManager(  182): parameter-framework: Selection criterion changed event: Criterion name: ClosingPlaybackRoutes, current state: <none>
03-04 16:16:45.319 D/RouteManager(  182): parameter-framework: Configuration application request {
03-04 16:16:45.319 D/RouteManager(  182): parameter-framework:     Applying configurations {
03-04 16:16:45.319 D/RouteManager(  182): parameter-framework:         Applying configuration "Deactivated" from domain "Routing.Configure.LPE_Mixer.IHF"
03-04 16:16:45.319 D/RouteManager(  182): parameter-framework:     } Applying configurations
03-04 16:16:45.319 D/RouteManager(  182): parameter-framework: } Configuration application request
03-04 16:16:45.319 D/RouteManager(  182): executeEnableStage: --------------- Routing Stage = Enable ---------------
03-04 16:16:45.319 D/RouteManager(  182): parameter-framework: Selection criterion changed event: Criterion name: RoutageState, current state: Path|Configure
03-04 16:16:45.319 D/RouteManager(  182): parameter-framework: Configuration application request {
03-04 16:16:45.319 D/RouteManager(  182): parameter-framework:     Applying configurations {
03-04 16:16:45.319 D/RouteManager(  182): parameter-framework:     } Applying configurations
03-04 16:16:45.319 D/RouteManager(  182): parameter-framework: } Configuration application request
03-04 16:16:45.319 D/RouteManager(  182): executeUnmuteStage: --------------- Routing Stage = Unmute ---------------
03-04 16:16:45.319 D/RouteManager(  182): parameter-framework: Selection criterion changed event: Criterion name: RoutageState, current state: Flow|Path|Configure
03-04 16:16:45.319 D/RouteManager(  182): parameter-framework: Configuration application request {
03-04 16:16:45.319 D/RouteManager(  182): parameter-framework:     Applying configurations {
03-04 16:16:45.319 D/RouteManager(  182): parameter-framework:     } Applying configurations
03-04 16:16:45.319 D/RouteManager(  182): parameter-framework: } Configuration application request
03-04 16:16:45.319 D/RouteManager(  182): reconsiderRouting: DONE
03-04 16:16:45.319 D/EVENT_THREAD(  182): void CEventThread::run() Do poll with timeout: -1
03-04 16:16:45.469 I/MediaFocusControl(  505):  AudioFocus  abandonAudioFocus() from android.media.AudioManager@21efe028org.chromium.media.MediaPlayerListener@22095458
03-04 16:16:45.469 V/Avrcp   ( 1171): New genId = 48, clearing = 1
03-04 16:16:45.479 D/BatteryStatsImpl(  505): noteStopWakeLocked system isFromForeground = false
03-04 16:16:45.499 W/BindingManager(14544): Cannot call determinedVisibility() - never saw a connection for the pid: 14544
03-04 16:16:45.529 E/MediaResourceGetter(14544): File does not exist.
03-04 16:16:45.529 E/MediaResourceGetter(14544): Unable to configure metadata extractor
03-04 16:16:45.549 E/chromium(14544): [ERROR:webmediaplayer_android.cc(449)] Not implemented reached in virtual void content::WebMediaPlayerAndroid::setRate(double)
03-04 16:16:45.549 I/MediaFocusControl(  505):  AudioFocus  requestAudioFocus() from android.media.AudioManager@21efe028org.chromium.media.MediaPlayerListener@2209b9c0
03-04 16:16:45.549 V/Avrcp   ( 1171): New genId = 49, clearing = 1
03-04 16:16:45.549 E/chromium(14544): [ERROR:webmediaplayer_android.cc(449)] Not implemented reached in virtual void content::WebMediaPlayerAndroid::setRate(double)
03-04 16:16:45.549 D/MediaPlayer(14544): Couldn't open file on client side, trying server side
03-04 16:16:45.549 I/AwesomePlayer(  182): setDataSource_l(URL suppressed)
03-04 16:16:45.559 E/FileSource(  182): Failed to open file 'app://org.xwalk.webapi_noneservice_tests//opt/tct-audio-html5-tests/audio/media/movie_5.ogv'. (No such file or directory)
03-04 16:16:45.559 E/MediaPlayer(14544): error (1, -2147483648)
03-04 16:16:45.559 E/MediaPlayer(14544): Error (1,-2147483648)
03-04 16:16:47.209 D/NetworkLocation(  743): Thread-41:BaiduNetMan : net_type=3
03-04 16:16:47.459 I/WifiHW  (  505): CMD: IFNAME=wlan0 SIGNAL_POLL
03-04 16:16:47.459 D/wpa_supplicant(  694): RX ctrl_iface - hexdump(len=11): 53 49 47 4e 41 4c 5f 50 4f 4c 4c
03-04 16:16:47.459 D/wpa_supplicant(  694): wlan0: Control interface command 'SIGNAL_POLL'
03-04 16:16:47.459 D/wpa_supplicant(  694): nl80211: survey data missing!
03-04 16:16:47.459 I/WifiHW  (  505): REPLY: RSSI=-55
03-04 16:16:47.459 I/WifiHW  (  505): REPLY: LINKSPEED=19
03-04 16:16:47.459 I/WifiHW  (  505): REPLY: NOISE=9999
03-04 16:16:47.459 I/WifiHW  (  505): REPLY: FREQUENCY=2437
03-04 16:16:47.609 I/NLP     (  743): result:[rego successful]
03-04 16:16:48.639 I/MediaFocusControl(  505):  AudioFocus  abandonAudioFocus() from android.media.AudioManager@21efe028org.chromium.media.MediaPlayerListener@2209b9c0
03-04 16:16:48.639 V/Avrcp   ( 1171): New genId = 50, clearing = 1
03-04 16:16:48.659 D/BatteryStatsImpl(  505): noteStopWakeLocked system isFromForeground = false
03-04 16:16:48.679 W/BindingManager(14544): Cannot call determinedVisibility() - never saw a connection for the pid: 14544
03-04 16:16:48.709 E/MediaResourceGetter(14544): File does not exist.
03-04 16:16:48.709 E/MediaResourceGetter(14544): Unable to configure metadata extractor
03-04 16:16:48.719 E/chromium(14544): [ERROR:webmediaplayer_android.cc(449)] Not implemented reached in virtual void content::WebMediaPlayerAndroid::setRate(double)
03-04 16:16:48.719 I/MediaFocusControl(  505):  AudioFocus  requestAudioFocus() from android.media.AudioManager@21efe028org.chromium.media.MediaPlayerListener@220a0410
03-04 16:16:48.719 V/Avrcp   ( 1171): New genId = 51, clearing = 1
03-04 16:16:48.729 E/chromium(14544): [ERROR:webmediaplayer_android.cc(449)] Not implemented reached in virtual void content::WebMediaPlayerAndroid::setRate(double)
03-04 16:16:48.729 I/SoftOMXPlugin(  182): Created OMXPlugin : OMX.google.raw.decoder
03-04 16:16:48.729 E/MediaPlayer(14544): Should have subtitle controller already set
03-04 16:16:48.729 I/AudioPolicyManagerBase(  182): APM: getOutput
03-04 16:16:48.729 I/AudioPolicyManagerBase(  182): APM: getOutput
03-04 16:16:48.729 I/AudioPolicyManagerBase(  182): APM: getOutput
03-04 16:16:48.729 I/AudioPolicyManagerBase(  182): APM: getOutput
03-04 16:16:48.729 D/AudioPolicyManagerALSA(  182): startOutput() output 2, stream type 3, session 68
03-04 16:16:48.739 D/AudioHardwareALSA(  182): setStreamParameters: key value pair routing=2;stream_flags=2
03-04 16:16:48.739 D/RouteManager(  182): setOutputFlags: output flags = 0x2 (Prev Flags=0x2)
03-04 16:16:48.739 D/RouteManager(  182): setDevices: 0x2
03-04 16:16:48.739 D/RouteManager(  182): setDevices: 0x2
03-04 16:16:48.739 D/RouteManager(  182): setDevices: set device = IHF to output stream
03-04 16:16:48.739 D/RouteManager(  182): setStreamParameters: identical Platform State, do not reconsider routing
03-04 16:16:48.739 D/MediaPlayer(14544): getMetadata
03-04 16:16:48.749 D/AudioResamplerIA(  182): Create AudioResamplerIA Resampler: Input rate 22050, output rate 48000
03-04 16:16:48.749 D/PROPERTY(  182): get media.dump_output.befconv: 0
03-04 16:16:48.749 D/PROPERTY(  182): get media.dump_output.aftconv: 0
03-04 16:16:48.749 D/RouteManager(  182): startStream: {+++ RECONSIDER ROUTING +++} due to output stream start event
03-04 16:16:48.749 D/RouteManager(  182): reconsiderRouting
03-04 16:16:48.749 D/EVENT_THREAD(  182): void CEventThread::trig(uint16_t): in
03-04 16:16:48.749 D/EVENT_THREAD(  182): void CEventThread::trig(uint16_t): out
03-04 16:16:48.749 D/RouteManager(  182): doReconsiderRouting:       Platform State:
03-04 16:16:48.749 D/RouteManager(  182): doReconsiderRouting:          -Modem Alive = 0 
03-04 16:16:48.749 D/RouteManager(  182): doReconsiderRouting:          -Modem Call Active = 0 
03-04 16:16:48.749 D/RouteManager(  182): doReconsiderRouting:          -Is Shared I2S glitch free=1 
03-04 16:16:48.749 D/RouteManager(  182): doReconsiderRouting:          -Android Telephony Mode = Normal 
03-04 16:16:48.749 D/RouteManager(  182): doReconsiderRouting:          -RTE MGR HW Mode = Normal 
03-04 16:16:48.749 D/RouteManager(  182): doReconsiderRouting:          -BT Enabled = 1 
03-04 16:16:48.749 D/RouteManager(  182): doReconsiderRouting:          -BT NREC = 0 
03-04 16:16:48.749 D/RouteManager(  182): doReconsiderRouting:          -BT Band = NB 
03-04 16:16:48.749 D/RouteManager(  182): doReconsiderRouting:          -Platform output device = IHF 
03-04 16:16:48.749 D/RouteManager(  182): doReconsiderRouting:          -Platform input device = <none> 
03-04 16:16:48.749 D/RouteManager(  182): doReconsiderRouting:          -Platform input source = None 
03-04 16:16:48.749 D/RouteManager(  182): doReconsiderRouting:          -Platform Band type = NB 
03-04 16:16:48.749 D/RouteManager(  182): doReconsiderRouting:          -Platform Has Direct Stream = no 
03-04 16:16:48.749 D/RouteManager(  182): doReconsiderRouting:          -Platform TTY direction = <none> 
03-04 16:16:48.749 D/RouteManager(  182): doReconsiderRouting:          -Platform HAC Mode = Off 
03-04 16:16:48.749 D/RouteManager(  182): doReconsiderRouting:          -Platform Screen State = On 
03-04 16:16:48.749 D/RouteManager(  182): doReconsiderRouting:          -Platform Context Awareness = false 
03-04 16:16:48.749 D/RouteManager(  182): doReconsiderRouting:          -Platform Always Listening = false 
03-04 16:16:48.749 D/RouteManager(  182): doReconsiderRouting:          -Platform FM State = Off 
03-04 16:16:48.749 D/RouteManager(  182): doReconsiderRouting:          -Platform Bypass Non Linear PP State = Off 
03-04 16:16:48.749 D/RouteManager(  182): doReconsiderRouting:          -Platform Bypass Linear PP State = Off 
03-04 16:16:48.749 D/RouteManager(  182): doReconsiderRouting:          -Platform MicMute = Off 
03-04 16:16:48.749 D/RouteManager(  182): doReconsiderRouting:      Route state:
03-04 16:16:48.749 D/RouteManager(  182): doReconsiderRouting:          -Previously Enabled Route in Input = <none>
03-04 16:16:48.749 D/RouteManager(  182): doReconsiderRouting:          -Previously Enabled Route in Output = <none>
03-04 16:16:48.749 D/RouteManager(  182): doReconsiderRouting:          -Selected Route in Input = <none>
03-04 16:16:48.749 D/RouteManager(  182): doReconsiderRouting:          -Selected Route in Output = Media|HwCodecMedia
03-04 16:16:48.749 D/RouteManager(  182): doReconsiderRouting:          -Route that need reconfiguration in Input = <none>
03-04 16:16:48.749 D/RouteManager(  182): doReconsiderRouting:          -Route that need reconfiguration in Output = <none>
03-04 16:16:48.749 D/RouteManager(  182): executeMuteStage: --------------- Routing Stage = Mute ---------------
03-04 16:16:48.749 D/RouteManager(  182): parameter-framework: Selection criterion changed event: Criterion name: RoutageState, current state: Flow
03-04 16:16:48.749 D/RouteManager(  182): parameter-framework: Configuration application request {
03-04 16:16:48.749 D/RouteManager(  182): parameter-framework:     Applying configurations {
03-04 16:16:48.749 D/RouteManager(  182): parameter-framework:     } Applying configurations
03-04 16:16:48.749 D/RouteManager(  182): parameter-framework: } Configuration application request
03-04 16:16:48.749 D/RouteManager(  182): executeDisableStage: --------------- Routing Stage = Disable ---------------
03-04 16:16:48.749 D/RouteManager(  182): parameter-framework: Selection criterion changed event: Criterion name: RoutageState, current state: Path
03-04 16:16:48.749 D/RouteManager(  182): parameter-framework: Configuration application request {
03-04 16:16:48.749 D/RouteManager(  182): parameter-framework:     Applying configurations {
03-04 16:16:48.749 D/RouteManager(  182): parameter-framework:     } Applying configurations
03-04 16:16:48.749 D/RouteManager(  182): parameter-framework: } Configuration application request
03-04 16:16:48.749 D/RouteManager(  182): executeConfigureStage: --------------- Routing Stage = Configure ---------------
03-04 16:16:48.749 D/RouteManager(  182): parameter-framework: Selection criterion changed event: Criterion name: RoutageState, current state: Configure
03-04 16:16:48.749 D/RouteManager(  182): parameter-framework: Selection criterion changed event: Criterion name: OpenedPlaybackRoutes, current state: Media|HwCodecMedia
03-04 16:16:48.749 D/RouteManager(  182): parameter-framework: Configuration application request {
03-04 16:16:48.749 D/RouteManager(  182): parameter-framework:     Applying configurations {
03-04 16:16:48.749 D/RouteManager(  182): parameter-framework:         Applying configuration "Activated" from domain "Routing.Configure.LPE_Mixer.IHF"
03-04 16:16:48.779 D/RouteManager(  182): parameter-framework:     } Applying configurations
03-04 16:16:48.779 D/RouteManager(  182): parameter-framework: } Configuration application request
03-04 16:16:48.779 D/RouteManager(  182): executeEnableStage: --------------- Routing Stage = Enable ---------------
03-04 16:16:48.779 D/RouteManager(  182): parameter-framework: Selection criterion changed event: Criterion name: RoutageState, current state: Path|Configure
03-04 16:16:48.779 D/RouteManager(  182): doEnableRoutes: Routes to be enabled(routed) in Output = Media|HwCodecMedia
03-04 16:16:48.779 D/RouteManager(  182): parameter-framework: Configuration application request {
03-04 16:16:48.779 D/RouteManager(  182): parameter-framework:     Applying configurations {
03-04 16:16:48.779 D/RouteManager(  182): parameter-framework:         Applying configuration "Enable" from domain "Routing.Enable.HWCodec.Playback.IHF"
03-04 16:16:48.779 D/RouteManager(  182): parameter-framework:         Applying configuration "Enable" from domain "Routing.Enable.HWCodec.Playback.Multimedia.IHF"
03-04 16:16:48.779 D/RouteManager(  182): parameter-framework:         Applying configuration "Enable" from domain "Routing.Enable.HWCodec.Playback.Multimedia.Playback"
03-04 16:16:48.789 D/RouteManager(  182): parameter-framework:     } Applying configurations
03-04 16:16:48.789 D/RouteManager(  182): parameter-framework: } Configuration application request
03-04 16:16:48.789 D/RouteManager(  182): doEnableRoutes: Routes to be enabled(routed) in Output = Media|HwCodecMedia
03-04 16:16:48.789 D/RouteManager/StreamRoute(  182): openPcmDevice called for card (baytrailaudio,0)
03-04 16:16:48.789 D/RouteManager/StreamRoute(  182): openPcmDevice		 config=rate(48000), format(0), channels(2))
03-04 16:16:48.789 D/RouteManager/StreamRoute(  182): openPcmDevice		 period_size=1152, period_count=4
03-04 16:16:48.789 D/RouteManager/StreamRoute(  182): openPcmDevice		 startTh=4607, stop Th=4608 silence Th=0
03-04 16:16:48.869 D/ALSAStreamOps(  182): attachRouteL output stream
03-04 16:16:48.869 D/AudioConversion(  182): configure: no convertion required
03-04 16:16:48.869 D/RouteManager(  182): executeUnmuteStage: --------------- Routing Stage = Unmute ---------------
03-04 16:16:48.869 D/RouteManager(  182): parameter-framework: Selection criterion changed event: Criterion name: RoutageState, current state: Flow|Path|Configure
03-04 16:16:48.869 D/RouteManager(  182): parameter-framework: Configuration application request {
03-04 16:16:48.869 D/RouteManager(  182): parameter-framework:     Applying configurations {
03-04 16:16:48.869 D/RouteManager(  182): parameter-framework:     } Applying configurations
03-04 16:16:48.869 D/RouteManager(  182): parameter-framework: } Configuration application request
03-04 16:16:48.869 D/EVENT_THREAD(  182): void CEventThread::run() Do poll with timeout: -1
03-04 16:16:48.869 D/RouteManager(  182): reconsiderRouting: DONE
03-04 16:16:50.469 I/WifiHW  (  505): CMD: IFNAME=wlan0 SIGNAL_POLL
03-04 16:16:50.469 D/wpa_supplicant(  694): RX ctrl_iface - hexdump(len=11): 53 49 47 4e 41 4c 5f 50 4f 4c 4c
03-04 16:16:50.469 D/wpa_supplicant(  694): wlan0: Control interface command 'SIGNAL_POLL'
03-04 16:16:50.489 D/wpa_supplicant(  694): nl80211: survey data missing!
03-04 16:16:50.489 I/WifiHW  (  505): REPLY: RSSI=-54
03-04 16:16:50.489 I/WifiHW  (  505): REPLY: LINKSPEED=26
03-04 16:16:50.489 I/WifiHW  (  505): REPLY: NOISE=9999
03-04 16:16:50.489 I/WifiHW  (  505): REPLY: FREQUENCY=2437
03-04 16:16:51.789 D/dalvikvm(14544): GC_CONCURRENT freed 2915K, 31% free 6857K/9820K, paused 1ms+3ms, total 8ms
03-04 16:16:51.789 I/MediaFocusControl(  505):  AudioFocus  abandonAudioFocus() from android.media.AudioManager@21efe028org.chromium.media.MediaPlayerListener@220a0410
03-04 16:16:51.789 V/Avrcp   ( 1171): New genId = 52, clearing = 1
03-04 16:16:51.829 W/BindingManager(14544): Cannot call determinedVisibility() - never saw a connection for the pid: 14544
03-04 16:16:51.869 E/MediaResourceGetter(14544): File does not exist.
03-04 16:16:51.869 E/MediaResourceGetter(14544): Unable to configure metadata extractor
03-04 16:16:51.879 E/chromium(14544): [ERROR:webmediaplayer_android.cc(449)] Not implemented reached in virtual void content::WebMediaPlayerAndroid::setRate(double)
03-04 16:16:51.879 I/MediaFocusControl(  505):  AudioFocus  requestAudioFocus() from android.media.AudioManager@21efe028org.chromium.media.MediaPlayerListener@21ef59f0
03-04 16:16:51.879 V/Avrcp   ( 1171): New genId = 53, clearing = 1
03-04 16:16:51.889 D/MediaPlayer(14544): Couldn't open file on client side, trying server side
03-04 16:16:51.889 I/AwesomePlayer(  182): setDataSource_l(URL suppressed)
03-04 16:16:51.889 E/FileSource(  182): Failed to open file 'app://org.xwalk.webapi_noneservice_tests//opt/tct-audio-html5-tests/audio/media/movie_5.webm'. (No such file or directory)
03-04 16:16:51.889 E/MediaPlayer(14544): error (1, -2147483648)
03-04 16:16:51.889 E/chromium(14544): [ERROR:webmediaplayer_android.cc(449)] Not implemented reached in virtual void content::WebMediaPlayerAndroid::setRate(double)
03-04 16:16:51.899 E/MediaPlayer(14544): Error (1,-2147483648)
03-04 16:16:53.499 I/WifiHW  (  505): CMD: IFNAME=wlan0 SIGNAL_POLL
03-04 16:16:53.499 D/wpa_supplicant(  694): RX ctrl_iface - hexdump(len=11): 53 49 47 4e 41 4c 5f 50 4f 4c 4c
03-04 16:16:53.499 D/wpa_supplicant(  694): wlan0: Control interface command 'SIGNAL_POLL'
03-04 16:16:53.529 D/wpa_supplicant(  694): nl80211: survey data missing!
03-04 16:16:53.529 I/WifiHW  (  505): REPLY: RSSI=-57
03-04 16:16:53.529 I/WifiHW  (  505): REPLY: LINKSPEED=26
03-04 16:16:53.529 I/WifiHW  (  505): REPLY: NOISE=9999
03-04 16:16:53.529 I/WifiHW  (  505): REPLY: FREQUENCY=2437
03-04 16:16:54.779 D/PROPERTY(  182): get media.dump_output.befconv: 0
03-04 16:16:54.779 D/PROPERTY(  182): get media.dump_output.aftconv: 0
03-04 16:16:54.779 D/RouteManager(  182): stopStream: {+++ RECONSIDER ROUTING +++} due to output stream stop event
03-04 16:16:54.779 D/RouteManager(  182): reconsiderRouting
03-04 16:16:54.779 D/EVENT_THREAD(  182): void CEventThread::trig(uint16_t): in
03-04 16:16:54.779 D/EVENT_THREAD(  182): void CEventThread::trig(uint16_t): out
03-04 16:16:54.779 D/RouteManager(  182): doReconsiderRouting:       Platform State:
03-04 16:16:54.779 D/RouteManager(  182): doReconsiderRouting:          -Modem Alive = 0 
03-04 16:16:54.779 D/RouteManager(  182): doReconsiderRouting:          -Modem Call Active = 0 
03-04 16:16:54.779 D/RouteManager(  182): doReconsiderRouting:          -Is Shared I2S glitch free=1 
03-04 16:16:54.779 D/RouteManager(  182): doReconsiderRouting:          -Android Telephony Mode = Normal 
03-04 16:16:54.779 D/RouteManager(  182): doReconsiderRouting:          -RTE MGR HW Mode = Normal 
03-04 16:16:54.779 D/RouteManager(  182): doReconsiderRouting:          -BT Enabled = 1 
03-04 16:16:54.779 D/RouteManager(  182): doReconsiderRouting:          -BT NREC = 0 
03-04 16:16:54.779 D/RouteManager(  182): doReconsiderRouting:          -BT Band = NB 
03-04 16:16:54.779 D/RouteManager(  182): doReconsiderRouting:          -Platform output device = IHF 
03-04 16:16:54.779 D/RouteManager(  182): doReconsiderRouting:          -Platform input device = <none> 
03-04 16:16:54.779 D/RouteManager(  182): doReconsiderRouting:          -Platform input source = None 
03-04 16:16:54.779 D/RouteManager(  182): doReconsiderRouting:          -Platform Band type = NB 
03-04 16:16:54.779 D/RouteManager(  182): doReconsiderRouting:          -Platform Has Direct Stream = no 
03-04 16:16:54.779 D/RouteManager(  182): doReconsiderRouting:          -Platform TTY direction = <none> 
03-04 16:16:54.779 D/RouteManager(  182): doReconsiderRouting:          -Platform HAC Mode = Off 
03-04 16:16:54.779 D/RouteManager(  182): doReconsiderRouting:          -Platform Screen State = On 
03-04 16:16:54.779 D/RouteManager(  182): doReconsiderRouting:          -Platform Context Awareness = false 
03-04 16:16:54.779 D/RouteManager(  182): doReconsiderRouting:          -Platform Always Listening = false 
03-04 16:16:54.779 D/RouteManager(  182): doReconsiderRouting:          -Platform FM State = Off 
03-04 16:16:54.779 D/RouteManager(  182): doReconsiderRouting:          -Platform Bypass Non Linear PP State = Off 
03-04 16:16:54.779 D/RouteManager(  182): doReconsiderRouting:          -Platform Bypass Linear PP State = Off 
03-04 16:16:54.779 D/RouteManager(  182): doReconsiderRouting:          -Platform MicMute = Off 
03-04 16:16:54.779 D/RouteManager(  182): doReconsiderRouting:      Route state:
03-04 16:16:54.779 D/RouteManager(  182): doReconsiderRouting:          -Previously Enabled Route in Input = <none>
03-04 16:16:54.779 D/RouteManager(  182): doReconsiderRouting:          -Previously Enabled Route in Output = Media|HwCodecMedia
03-04 16:16:54.779 D/RouteManager(  182): doReconsiderRouting:          -Selected Route in Input = <none>
03-04 16:16:54.779 D/RouteManager(  182): doReconsiderRouting:          -Selected Route in Output = <none>
03-04 16:16:54.779 D/RouteManager(  182): doReconsiderRouting:          -Route that need reconfiguration in Input = <none>
03-04 16:16:54.779 D/RouteManager(  182): doReconsiderRouting:          -Route that need reconfiguration in Output = <none>
03-04 16:16:54.779 D/RouteManager(  182): executeMuteStage: --------------- Routing Stage = Mute ---------------
03-04 16:16:54.779 D/RouteManager(  182): parameter-framework: Selection criterion changed event: Criterion name: RoutageState, current state: Flow
03-04 16:16:54.779 D/RouteManager(  182): muteRoutes: Expected Routes to be muted in Output = Media|HwCodecMedia
03-04 16:16:54.779 D/RouteManager(  182): parameter-framework: Selection criterion changed event: Criterion name: ClosingPlaybackRoutes, current state: Media|HwCodecMedia
03-04 16:16:54.779 D/RouteManager(  182): parameter-framework: Selection criterion changed event: Criterion name: OpenedPlaybackRoutes, current state: <none>
03-04 16:16:54.779 D/RouteManager(  182): parameter-framework: Configuration application request {
03-04 16:16:54.779 D/RouteManager(  182): parameter-framework:     Applying configurations {
03-04 16:16:54.779 D/RouteManager(  182): parameter-framework:     } Applying configurations
03-04 16:16:54.779 D/RouteManager(  182): parameter-framework: } Configuration application request
03-04 16:16:54.779 D/RouteManager(  182): executeDisableStage: --------------- Routing Stage = Disable ---------------
03-04 16:16:54.779 D/RouteManager(  182): parameter-framework: Selection criterion changed event: Criterion name: RoutageState, current state: Path
03-04 16:16:54.779 D/RouteManager(  182): prepareDisableRoutes: Routes to be disabled(unrouted) in Output = Media|HwCodecMedia
03-04 16:16:54.779 D/ALSAStreamOps(  182): detachRouteL output stream
03-04 16:16:54.779 D/RouteManager/StreamRoute(  182): closePcmDevice called for card (baytrailaudio,0)
03-04 16:16:54.809 D/RouteManager(  182): parameter-framework: Configuration application request {
03-04 16:16:54.809 D/RouteManager(  182): parameter-framework:     Applying configurations {
03-04 16:16:54.809 D/RouteManager(  182): parameter-framework:         Applying configuration "Disable" from domain "Routing.Enable.HWCodec.Playback.IHF"
03-04 16:16:54.809 D/RouteManager(  182): parameter-framework:         Applying configuration "Disable" from domain "Routing.Enable.HWCodec.Playback.Multimedia.IHF"
03-04 16:16:54.809 D/RouteManager(  182): parameter-framework:         Applying configuration "Disable" from domain "Routing.Enable.HWCodec.Playback.Multimedia.Playback"
03-04 16:16:54.819 D/RouteManager(  182): parameter-framework:     } Applying configurations
03-04 16:16:54.819 D/RouteManager(  182): parameter-framework: } Configuration application request
03-04 16:16:54.819 D/RouteManager(  182): executeConfigureStage: --------------- Routing Stage = Configure ---------------
03-04 16:16:54.819 D/RouteManager(  182): parameter-framework: Selection criterion changed event: Criterion name: RoutageState, current state: Configure
03-04 16:16:54.819 D/RouteManager(  182): parameter-framework: Selection criterion changed event: Criterion name: ClosingPlaybackRoutes, current state: <none>
03-04 16:16:54.819 D/RouteManager(  182): parameter-framework: Configuration application request {
03-04 16:16:54.819 D/RouteManager(  182): parameter-framework:     Applying configurations {
03-04 16:16:54.819 D/RouteManager(  182): parameter-framework:         Applying configuration "Deactivated" from domain "Routing.Configure.LPE_Mixer.IHF"
03-04 16:16:54.829 D/RouteManager(  182): parameter-framework:     } Applying configurations
03-04 16:16:54.829 D/RouteManager(  182): parameter-framework: } Configuration application request
03-04 16:16:54.829 D/RouteManager(  182): executeEnableStage: --------------- Routing Stage = Enable ---------------
03-04 16:16:54.829 D/RouteManager(  182): parameter-framework: Selection criterion changed event: Criterion name: RoutageState, current state: Path|Configure
03-04 16:16:54.829 D/RouteManager(  182): parameter-framework: Configuration application request {
03-04 16:16:54.829 D/RouteManager(  182): parameter-framework:     Applying configurations {
03-04 16:16:54.829 D/RouteManager(  182): parameter-framework:     } Applying configurations
03-04 16:16:54.829 D/RouteManager(  182): parameter-framework: } Configuration application request
03-04 16:16:54.829 D/RouteManager(  182): executeUnmuteStage: --------------- Routing Stage = Unmute ---------------
03-04 16:16:54.829 D/RouteManager(  182): parameter-framework: Selection criterion changed event: Criterion name: RoutageState, current state: Flow|Path|Configure
03-04 16:16:54.829 D/RouteManager(  182): parameter-framework: Configuration application request {
03-04 16:16:54.829 D/RouteManager(  182): parameter-framework:     Applying configurations {
03-04 16:16:54.829 D/RouteManager(  182): parameter-framework:     } Applying configurations
03-04 16:16:54.829 D/RouteManager(  182): parameter-framework: } Configuration application request
03-04 16:16:54.829 D/RouteManager(  182): reconsiderRouting: DONE
03-04 16:16:54.829 D/EVENT_THREAD(  182): void CEventThread::run() Do poll with timeout: -1
03-04 16:16:54.949 I/MediaFocusControl(  505):  AudioFocus  abandonAudioFocus() from android.media.AudioManager@21efe028org.chromium.media.MediaPlayerListener@21ef59f0
03-04 16:16:54.949 V/Avrcp   ( 1171): New genId = 54, clearing = 1
03-04 16:16:54.969 D/BatteryStatsImpl(  505): noteStopWakeLocked system isFromForeground = false
03-04 16:16:54.979 W/BindingManager(14544): Cannot call determinedVisibility() - never saw a connection for the pid: 14544
03-04 16:16:55.019 E/MediaResourceGetter(14544): File does not exist.
03-04 16:16:55.019 E/MediaResourceGetter(14544): Unable to configure metadata extractor
03-04 16:16:55.639 W/BindingManager(14544): Cannot call determinedVisibility() - never saw a connection for the pid: 14544
03-04 16:16:55.679 E/MediaResourceGetter(14544): File does not exist.
03-04 16:16:55.679 E/MediaResourceGetter(14544): Unable to configure metadata extractor
03-04 16:16:56.339 W/BindingManager(14544): Cannot call determinedVisibility() - never saw a connection for the pid: 14544
03-04 16:16:56.379 E/MediaResourceGetter(14544): File does not exist.
03-04 16:16:56.379 E/MediaResourceGetter(14544): Unable to configure metadata extractor
03-04 16:16:56.539 I/WifiHW  (  505): CMD: IFNAME=wlan0 SIGNAL_POLL
03-04 16:16:56.539 D/wpa_supplicant(  694): RX ctrl_iface - hexdump(len=11): 53 49 47 4e 41 4c 5f 50 4f 4c 4c
03-04 16:16:56.539 D/wpa_supplicant(  694): wlan0: Control interface command 'SIGNAL_POLL'
03-04 16:16:56.569 D/wpa_supplicant(  694): nl80211: survey data missing!
03-04 16:16:56.569 I/WifiHW  (  505): REPLY: RSSI=-53
03-04 16:16:56.569 I/WifiHW  (  505): REPLY: LINKSPEED=26
03-04 16:16:56.569 I/WifiHW  (  505): REPLY: NOISE=9999
03-04 16:16:56.569 I/WifiHW  (  505): REPLY: FREQUENCY=2437
03-04 16:16:56.979 W/BindingManager(14544): Cannot call determinedVisibility() - never saw a connection for the pid: 14544
03-04 16:16:57.019 E/MediaResourceGetter(14544): File does not exist.
03-04 16:16:57.019 E/MediaResourceGetter(14544): Unable to configure metadata extractor
03-04 16:16:57.039 E/chromium(14544): [ERROR:webmediaplayer_android.cc(449)] Not implemented reached in virtual void content::WebMediaPlayerAndroid::setRate(double)
03-04 16:16:57.039 I/MediaFocusControl(  505):  AudioFocus  requestAudioFocus() from android.media.AudioManager@21efe028org.chromium.media.MediaPlayerListener@21f3ce78
03-04 16:16:57.039 V/Avrcp   ( 1171): New genId = 55, clearing = 1
03-04 16:16:57.039 D/MediaPlayer(14544): Couldn't open file on client side, trying server side
03-04 16:16:57.039 I/AwesomePlayer(  182): setDataSource_l(URL suppressed)
03-04 16:16:57.049 E/FileSource(  182): Failed to open file 'app://org.xwalk.webapi_noneservice_tests//opt/tct-audio-html5-tests/audio/media/movie_5.ogv'. (No such file or directory)
03-04 16:16:57.049 E/MediaPlayer(14544): error (1, -2147483648)
03-04 16:16:57.059 E/MediaPlayer(14544): Error (1,-2147483648)
03-04 16:16:57.629 I/MediaFocusControl(  505):  AudioFocus  abandonAudioFocus() from android.media.AudioManager@21efe028org.chromium.media.MediaPlayerListener@21f3ce78
03-04 16:16:57.629 V/Avrcp   ( 1171): New genId = 56, clearing = 1
03-04 16:16:57.659 W/BindingManager(14544): Cannot call determinedVisibility() - never saw a connection for the pid: 14544
03-04 16:16:57.699 E/MediaResourceGetter(14544): File does not exist.
03-04 16:16:57.699 E/MediaResourceGetter(14544): Unable to configure metadata extractor
03-04 16:16:57.709 E/chromium(14544): [ERROR:webmediaplayer_android.cc(449)] Not implemented reached in virtual void content::WebMediaPlayerAndroid::setRate(double)
03-04 16:16:57.709 I/MediaFocusControl(  505):  AudioFocus  requestAudioFocus() from android.media.AudioManager@21efe028org.chromium.media.MediaPlayerListener@21ec0210
03-04 16:16:57.709 V/Avrcp   ( 1171): New genId = 57, clearing = 1
03-04 16:16:57.729 I/SoftOMXPlugin(  182): Created OMXPlugin : OMX.google.raw.decoder
03-04 16:16:57.729 E/MediaPlayer(14544): Should have subtitle controller already set
03-04 16:16:57.729 D/MediaPlayer(14544): getMetadata
03-04 16:16:58.319 I/MediaFocusControl(  505):  AudioFocus  abandonAudioFocus() from android.media.AudioManager@21efe028org.chromium.media.MediaPlayerListener@21ec0210
03-04 16:16:58.319 V/Avrcp   ( 1171): New genId = 58, clearing = 1
03-04 16:16:58.349 W/BindingManager(14544): Cannot call determinedVisibility() - never saw a connection for the pid: 14544
03-04 16:16:58.389 E/MediaResourceGetter(14544): File does not exist.
03-04 16:16:58.389 E/MediaResourceGetter(14544): Unable to configure metadata extractor
03-04 16:16:58.399 E/chromium(14544): [ERROR:webmediaplayer_android.cc(449)] Not implemented reached in virtual void content::WebMediaPlayerAndroid::setRate(double)
03-04 16:16:58.409 I/MediaFocusControl(  505):  AudioFocus  requestAudioFocus() from android.media.AudioManager@21efe028org.chromium.media.MediaPlayerListener@21ec8db0
03-04 16:16:58.409 V/Avrcp   ( 1171): New genId = 59, clearing = 1
03-04 16:16:58.409 D/MediaPlayer(14544): Couldn't open file on client side, trying server side
03-04 16:16:58.409 I/AwesomePlayer(  182): setDataSource_l(URL suppressed)
03-04 16:16:58.409 E/FileSource(  182): Failed to open file 'app://org.xwalk.webapi_noneservice_tests//opt/tct-audio-html5-tests/audio/media/movie_5.webm'. (No such file or directory)
03-04 16:16:58.409 E/MediaPlayer(14544): error (1, -2147483648)
03-04 16:16:58.419 E/MediaPlayer(14544): Error (1,-2147483648)
03-04 16:16:58.429 D/BatteryStatsImpl(  505): noteStopWakeLocked system isFromForeground = false
03-04 16:16:58.979 I/MediaFocusControl(  505):  AudioFocus  abandonAudioFocus() from android.media.AudioManager@21efe028org.chromium.media.MediaPlayerListener@21ec8db0
03-04 16:16:58.999 V/Avrcp   ( 1171): New genId = 60, clearing = 1
03-04 16:16:59.019 W/BindingManager(14544): Cannot call determinedVisibility() - never saw a connection for the pid: 14544
03-04 16:16:59.049 E/MediaResourceGetter(14544): File does not exist.
03-04 16:16:59.049 E/MediaResourceGetter(14544): Unable to configure metadata extractor
03-04 16:16:59.059 E/chromium(14544): [ERROR:webmediaplayer_android.cc(449)] Not implemented reached in virtual void content::WebMediaPlayerAndroid::setRate(double)
03-04 16:16:59.059 I/MediaFocusControl(  505):  AudioFocus  requestAudioFocus() from android.media.AudioManager@21efe028org.chromium.media.MediaPlayerListener@21ed5578
03-04 16:16:59.059 V/Avrcp   ( 1171): New genId = 61, clearing = 1
03-04 16:16:59.079 D/AudioHardwareALSA(  182): setParameters
03-04 16:16:59.079 W/RouteManager(  182): doSetParameters: Unhandled argument.
03-04 16:16:59.089 I/SoftOMXPlugin(  182): Created OMXPlugin : OMX.Intel.aac.decoder
03-04 16:16:59.099 E/MediaPlayer(14544): Should have subtitle controller already set
03-04 16:16:59.119 I/AudioPolicyManagerBase(  182): APM: getOutput
03-04 16:16:59.119 I/AudioPolicyManagerBase(  182): APM: getOutput
03-04 16:16:59.119 I/AudioPolicyManagerBase(  182): APM: getOutput
03-04 16:16:59.119 I/AudioPolicyManagerBase(  182): APM: getOutput
03-04 16:16:59.119 D/AudioPolicyManagerALSA(  182): startOutput() output 2, stream type 3, session 73
03-04 16:16:59.119 D/AudioHardwareALSA(  182): setStreamParameters: key value pair routing=2;stream_flags=2
03-04 16:16:59.119 D/RouteManager(  182): setOutputFlags: output flags = 0x2 (Prev Flags=0x2)
03-04 16:16:59.119 D/RouteManager(  182): setDevices: 0x2
03-04 16:16:59.119 D/RouteManager(  182): setDevices: 0x2
03-04 16:16:59.119 D/RouteManager(  182): setDevices: set device = IHF to output stream
03-04 16:16:59.119 D/RouteManager(  182): setStreamParameters: identical Platform State, do not reconsider routing
03-04 16:16:59.119 D/MediaPlayer(14544): getMetadata
03-04 16:16:59.129 D/AudioResamplerIA(  182): Create AudioResamplerIA Resampler: Input rate 22050, output rate 48000
03-04 16:16:59.139 D/PROPERTY(  182): get media.dump_output.befconv: 0
03-04 16:16:59.139 D/PROPERTY(  182): get media.dump_output.aftconv: 0
03-04 16:16:59.139 D/RouteManager(  182): startStream: {+++ RECONSIDER ROUTING +++} due to output stream start event
03-04 16:16:59.139 D/RouteManager(  182): reconsiderRouting
03-04 16:16:59.139 D/EVENT_THREAD(  182): void CEventThread::trig(uint16_t): in
03-04 16:16:59.139 D/EVENT_THREAD(  182): void CEventThread::trig(uint16_t): out
03-04 16:16:59.139 D/RouteManager(  182): doReconsiderRouting:       Platform State:
03-04 16:16:59.139 D/RouteManager(  182): doReconsiderRouting:          -Modem Alive = 0 
03-04 16:16:59.139 D/RouteManager(  182): doReconsiderRouting:          -Modem Call Active = 0 
03-04 16:16:59.139 D/RouteManager(  182): doReconsiderRouting:          -Is Shared I2S glitch free=1 
