03-04 16:27:39.419 D/BluetoothHeadset(  760): Proxy object connected
03-04 16:27:39.419 D/HeadsetService(20104): Received start request. Starting profile...
03-04 16:27:39.419 I/BluetoothHeadsetServiceJni(20104): classInitNative: succeeds
03-04 16:27:39.419 W/BluetoothAdapterService(20104): Starting service com.android.bluetooth.pan.PanService
03-04 16:27:39.419 D/HeadsetStateMachine(20104): make
03-04 16:27:39.429 W/BluetoothAdapterService(20104): Starting service com.android.bluetooth.gatt.GattService
03-04 16:27:39.429 I/BluetoothAdapterState(20104): Entering PendingCommandState State: isTurningOn()=true, isTurningOff()=false
03-04 16:27:39.639 I/ActivityManager(  505): Process com.android.settings (pid 20120) has died.
03-04 16:27:39.649 I/SecurityManagerService(  602): SMS received security event: App[STOP/com.android.settings]
03-04 16:27:39.659 I/bluedroid(20104): get_profile_interface handsfree
03-04 16:27:39.659 D/BluetoothAdapterService(20104): getAdapterService(): returning com.android.bluetooth.btservice.AdapterService@21ec9ed8
03-04 16:27:39.659 D/BluetoothA2dp(  505): Proxy object connected
03-04 16:27:39.659 D/A2dpService(20104): Received start request. Starting profile...
03-04 16:27:39.659 I/BluetoothA2dpServiceJni(20104): classInitNative: succeeds
03-04 16:27:39.659 D/BluetoothAdapterService(569155288)(20104): getState(): mAdapterProperties: com.android.bluetooth.btservice.AdapterProperties@21ecac80
03-04 16:27:39.659 D/A2dpStateMachine(20104): make
03-04 16:27:39.659 I/bluedroid(20104): get_profile_interface a2dp
03-04 16:27:39.659 I/GKI_LINUX(20104): gki_task_entry: gki_task_entry task_id=2 [A2DP-MEDIA] starting
03-04 16:27:39.689 I/BluetoothAvrcpServiceJni(20104): classInitNative: succeeds
03-04 16:27:39.689 V/Avrcp   (20104): make
03-04 16:27:39.689 D/A2dpStateMachine(20104): Enter Disconnected: -2
03-04 16:27:39.689 I/bluedroid(20104): get_profile_interface avrcp
03-04 16:27:39.699 D/BluetoothAdapterService(20104): getAdapterService(): returning com.android.bluetooth.btservice.AdapterService@21ec9ed8
03-04 16:27:39.699 I/BluetoothHidServiceJni(20104): classInitNative: succeeds
03-04 16:27:39.709 D/HidService(20104): Received start request. Starting profile...
03-04 16:27:39.719 I/bluedroid(20104): get_profile_interface hidhost
03-04 16:27:39.719 D/BluetoothAdapterService(20104): getAdapterService(): returning com.android.bluetooth.btservice.AdapterService@21ec9ed8
03-04 16:27:39.719 I/BluetoothHealthServiceJni(20104): classInitNative: succeeds
03-04 16:27:39.729 D/HealthService(20104): Received start request. Starting profile...
03-04 16:27:39.739 I/bluedroid(20104): get_profile_interface health
03-04 16:27:39.739 D/BluetoothAdapterService(20104): getAdapterService(): returning com.android.bluetooth.btservice.AdapterService@21ec9ed8
03-04 16:27:39.739 I/BluetoothPanServiceJni(20104): classInitNative(L112): succeeds
03-04 16:27:39.749 D/BluetoothPan(  505): BluetoothPAN Proxy object connected
03-04 16:27:39.749 D/PanService(20104): Received start request. Starting profile...
03-04 16:27:39.749 D/BluetoothPanServiceJni(20104): initializeNative(L117): pan
03-04 16:27:39.749 I/bluedroid(20104): get_profile_interface pan
03-04 16:27:39.759 D/BluetoothTethering(  505): got CMD_CHANNEL_HALF_CONNECTED
03-04 16:27:39.759 D/BluetoothAdapterService(20104): getAdapterService(): returning com.android.bluetooth.btservice.AdapterService@21ec9ed8
03-04 16:27:39.759 I/BtGatt.JNI(20104): classInitNative(L685): classInitNative: Success!
03-04 16:27:39.759 D/BtGatt.DebugUtils(20104): handleDebugAction() action=null
03-04 16:27:39.759 D/BluetoothManagerService(  505): BluetoothServiceConnection: com.android.bluetooth.gatt.GattService
03-04 16:27:39.759 D/BtGatt.GattService(20104): Received start request. Starting profile...
03-04 16:27:39.759 D/BluetoothManagerService(  505): Message: 40
03-04 16:27:39.759 D/BtGatt.GattService(20104): start()
03-04 16:27:39.759 D/BluetoothManagerService(  505): MESSAGE_BLUETOOTH_SERVICE_CONNECTED: 2
03-04 16:27:39.759 I/bluedroid(20104): get_profile_interface gatt
03-04 16:27:39.759 D/BluetoothAdapterService(20104): getAdapterService(): returning com.android.bluetooth.btservice.AdapterService@21ec9ed8
03-04 16:27:39.759 D/BluetoothAdapterService(569155288)(20104): Message: 1
03-04 16:27:39.759 D/BluetoothAdapterService(569155288)(20104): MESSAGE_PROFILE_SERVICE_STATE_CHANGED
03-04 16:27:39.759 D/BluetoothAdapterService(20104): onProfileServiceStateChange: serviceName=com.android.bluetooth.hfp.HeadsetService, state = 12, doUpdate = true
03-04 16:27:39.759 D/BluetoothAdapterService(20104): Profile still not running:com.android.bluetooth.hdp.HealthService
03-04 16:27:39.769 D/HeadsetPhoneState(20104): sendDeviceStateChanged. mService=0 mSignal=0 mRoam=0 mBatteryCharge=4
03-04 16:27:39.769 D/BluetoothAdapterService(569155288)(20104): Message: 1
03-04 16:27:39.769 D/BluetoothAdapterService(569155288)(20104): MESSAGE_PROFILE_SERVICE_STATE_CHANGED
03-04 16:27:39.769 D/BluetoothAdapterService(20104): onProfileServiceStateChange: serviceName=com.android.bluetooth.a2dp.A2dpService, state = 12, doUpdate = true
03-04 16:27:39.769 D/BluetoothAdapterService(20104): Profile still not running:com.android.bluetooth.hdp.HealthService
03-04 16:27:39.769 D/BluetoothAdapterService(569155288)(20104): Message: 1
03-04 16:27:39.769 D/BluetoothAdapterService(569155288)(20104): MESSAGE_PROFILE_SERVICE_STATE_CHANGED
03-04 16:27:39.769 D/BluetoothAdapterService(20104): onProfileServiceStateChange: serviceName=com.android.bluetooth.hid.HidService, state = 12, doUpdate = true
03-04 16:27:39.769 D/BluetoothAdapterService(20104): Profile still not running:com.android.bluetooth.hdp.HealthService
03-04 16:27:39.769 D/BluetoothAdapterService(569155288)(20104): Message: 1
03-04 16:27:39.769 D/BluetoothAdapterService(569155288)(20104): MESSAGE_PROFILE_SERVICE_STATE_CHANGED
03-04 16:27:39.769 D/BluetoothAdapterService(20104): onProfileServiceStateChange: serviceName=com.android.bluetooth.hdp.HealthService, state = 12, doUpdate = true
03-04 16:27:39.769 D/BluetoothAdapterService(20104): Profile still not running:com.android.bluetooth.pan.PanService
03-04 16:27:39.769 D/BluetoothAdapterService(569155288)(20104): Message: 1
03-04 16:27:39.769 D/BluetoothAdapterService(569155288)(20104): MESSAGE_PROFILE_SERVICE_STATE_CHANGED
03-04 16:27:39.769 D/BluetoothAdapterService(20104): onProfileServiceStateChange: serviceName=com.android.bluetooth.pan.PanService, state = 12, doUpdate = true
03-04 16:27:39.769 D/BluetoothAdapterService(20104): Profile still not running:com.android.bluetooth.gatt.GattService
03-04 16:27:39.769 D/BluetoothAdapterService(569155288)(20104): Message: 1
03-04 16:27:39.769 D/BluetoothAdapterService(569155288)(20104): MESSAGE_PROFILE_SERVICE_STATE_CHANGED
03-04 16:27:39.769 D/BluetoothAdapterService(20104): onProfileServiceStateChange: serviceName=com.android.bluetooth.gatt.GattService, state = 12, doUpdate = true
03-04 16:27:39.769 D/BluetoothAdapterService(20104): All profile services started.
03-04 16:27:39.769 D/BluetoothAdapterState(20104): CURRENT_STATE=PENDING, MESSAGE = STARTED, isTurningOn=true, isTurningOff=false
03-04 16:27:39.769 I/bluedroid(20104): enable
03-04 16:27:39.779 I/bt_hci_bdroid(20104): init
03-04 16:27:39.789 I/bt_vendor(20104): init
03-04 16:27:39.789 I/bt_vnd_conf(20104): Attempt to load conf from /system/etc/bluetooth/bt_K011.conf
03-04 16:27:39.789 I/bt_vnd_conf(20104): PCM define 
03-04 16:27:39.789 D/EVENT_THREAD(  182): void CEventThread::run() POLLIN event on Fd (1)
03-04 16:27:39.789 D/EVENT_THREAD(  182): void CEventThread::run() Do poll with timeout: -1
03-04 16:27:39.799 I/bt_hci_bdroid(20104): bt_hc_worker_thread started
03-04 16:27:39.799 I/SecurityManagerService(  602): SMS received security event: App[START/com.android.settings]
03-04 16:27:39.819 D/dalvikvm(  602): GC_CONCURRENT freed 3966K, 42% free 6156K/10572K, paused 2ms+1ms, total 17ms
03-04 16:27:39.839 D/dalvikvm(20141): Process 20141 nice name: com.android.settings
03-04 16:27:39.839 D/dalvikvm(20141): Extra Options: not specified
03-04 16:27:39.849 I/ActivityManager(  505): Start proc com.android.settings for broadcast com.android.settings/.widget.SettingsAppWidgetProvider: pid=20141 uid=1000 gids={41000, 3003, 1028, 1015, 3002, 3001, 1023}
03-04 16:27:40.019 D/BluetoothHeadset(  760): Proxy object disconnected
03-04 16:27:40.019 D/BluetoothManagerService(  505): BluetoothServiceConnection, disconnected: com.android.bluetooth.btservice.AdapterService
03-04 16:27:40.019 D/BluetoothManagerService(  505): Message: 41
03-04 16:27:40.019 E/BluetoothManagerService(  505): MESSAGE_BLUETOOTH_SERVICE_DISCONNECTED: 1
03-04 16:27:40.019 D/BluetoothManagerService(  505): Calling onBluetoothServiceDown callbacks
03-04 16:27:40.019 D/BluetoothManagerService(  505): Broadcasting onBluetoothServiceDown() to 3 receivers.
03-04 16:27:40.019 D/BluetoothAdapter(  505): onBluetoothServiceDown: android.bluetooth.IBluetooth$Stub$Proxy@22164490
03-04 16:27:40.019 D/BluetoothTethering(  505): got CMD_CHANNEL_DISCONNECTED
03-04 16:27:40.019 E/BluetoothTethering(  505): attempted to stop reverse tether with nothing tethered
03-04 16:27:40.019 D/BluetoothHeadset(  505): Proxy object disconnected
03-04 16:27:40.019 D/BluetoothA2dp(  505): Proxy object disconnected
03-04 16:27:40.019 D/BluetoothPan(  505): BluetoothPAN Proxy object disconnected
03-04 16:27:40.019 W/MediaFocusControl(  505): RemoteControl: display android.media.IRemoteControlDisplay$Stub$Proxy@221502c8 died
03-04 16:27:40.019 D/BluetoothManagerService(  505): BluetoothServiceConnection, disconnected: com.android.bluetooth.gatt.GattService
03-04 16:27:40.019 D/BluetoothAdapter(  571): onBluetoothServiceDown: android.bluetooth.IBluetooth$Stub$Proxy@2243bb60
03-04 16:27:40.019 D/BluetoothAdapter(  760): onBluetoothServiceDown: android.bluetooth.IBluetooth$Stub$Proxy@21eeea08
03-04 16:27:40.019 D/BluetoothManagerService(  505): Bluetooth State Change Intent: 12 -> 13
03-04 16:27:40.019 D/BluetoothHeadset(  760): Proxy object disconnected
03-04 16:27:40.019 D/BluetoothHeadset(  760): Proxy object disconnected
03-04 16:27:40.019 I/SecurityManagerService(  602): SMS received security event: App[STOP/com.android.bluetooth]
03-04 16:27:40.019 D/BluetoothManagerService(  505): Broadcasting onBluetoothStateChange(false) to 6 receivers.
03-04 16:27:40.019 D/BluetoothAdapter(  571): 573823048: getState() :  mService = null. Returning STATE_OFF
03-04 16:27:40.019 D/BluetoothHeadset(  760): onBluetoothStateChange: up=false
03-04 16:27:40.019 D/BluetoothA2dp(  505): onBluetoothStateChange: up=false
03-04 16:27:40.019 D/BluetoothHeadset(  760): onBluetoothStateChange: up=false
03-04 16:27:40.019 D/BluetoothHeadset(  505): onBluetoothStateChange: up=false
03-04 16:27:40.019 D/BluetoothHeadset(  760): onBluetoothStateChange: up=false
03-04 16:27:40.019 I/ActivityManager(  505): Process com.android.bluetooth (pid 20104) has died.
03-04 16:27:40.039 V/CsmClient(  505): [4] csmStop called
03-04 16:27:40.039 D/BluetoothManagerService(  505): Bluetooth State Change Intent: 13 -> 10
03-04 16:27:40.039 D/BluetoothManagerService(  505): Message: 41
03-04 16:27:40.039 E/BluetoothManagerService(  505): MESSAGE_BLUETOOTH_SERVICE_DISCONNECTED: 2
03-04 16:27:40.049 D/BluetoothAdapter(  571): 573823048: getState() :  mService = null. Returning STATE_OFF
03-04 16:27:40.219 D/BluetoothManagerService(  505): Message: 42
03-04 16:27:40.219 D/BluetoothManagerService(  505): MESSAGE_RESTART_BLUETOOTH_SERVICE: Restart IBluetooth service
03-04 16:27:40.219 I/SecurityManagerService(  602): SMS received security event: App[START/com.android.bluetooth]
03-04 16:27:40.229 I/ActivityManager(  505): Start proc com.android.bluetooth for service com.android.bluetooth/.btservice.AdapterService: pid=20153 uid=1002 gids={41002, 3003, 3002, 3001, 1028, 1015, 3005, 1016, 3008}
03-04 16:27:40.239 D/AudioHardwareALSA(  182): setParameters
03-04 16:27:40.239 D/dalvikvm(20153): Process 20153 nice name: com.android.bluetooth
03-04 16:27:40.239 D/dalvikvm(20153): Extra Options: not specified
03-04 16:27:41.249 D/AdapterServiceConfig(20153): Adding HeadsetService
03-04 16:27:41.249 D/AdapterServiceConfig(20153): Adding A2dpService
03-04 16:27:41.249 D/AdapterServiceConfig(20153): Adding HidService
03-04 16:27:41.249 D/AdapterServiceConfig(20153): Adding HealthService
03-04 16:27:41.249 D/AdapterServiceConfig(20153): Adding PanService
03-04 16:27:41.249 D/AdapterServiceConfig(20153): Adding GattService
03-04 16:27:41.279 D/BluetoothAdapterService(20153): REFCOUNT: CREATED. INSTANCE_COUNT1
03-04 16:27:41.279 D/BluetoothAdapterService(569139472)(20153): onCreate
03-04 16:27:41.279 I/ActivityManager(  505): Process com.android.settings (pid 20141) has died.
03-04 16:27:41.289 I/SecurityManagerService(  602): SMS received security event: App[STOP/com.android.settings]
03-04 16:27:41.289 D/BluetoothAdapterState(20153): make
03-04 16:27:41.289 I/bluedroid(20153): init
03-04 16:27:41.289 I/BluetoothAdapterState(20153): Entering OffState
03-04 16:27:41.309 I/bte_conf(20153): Attempt to load stack conf from /etc/bluetooth/bt_stack.conf
03-04 16:27:41.309 I/bte_conf(20153): Loading BT stack properties conf
03-04 16:27:41.309 D/BTIF_CORE(20153): Version: AMPAK-Android-4.4-GPS-FM-1.0.0 
03-04 16:27:41.309 I/bluedroid(20153): get_profile_interface socket
03-04 16:27:41.309 I/GKI_LINUX(20153): gki_task_entry: gki_task_entry task_id=1 [BTIF] starting
03-04 16:27:41.309 I/BluetoothAdapterProperties(20153): adapterPropertyChangedCallback with type:2 len:6
03-04 16:27:41.309 D/BluetoothAdapterService(569139472)(20153): onBind
03-04 16:27:41.309 D/BluetoothManagerService(  505): BluetoothServiceConnection: com.android.bluetooth.btservice.AdapterService
03-04 16:27:41.309 D/BluetoothManagerService(  505): Message: 40
03-04 16:27:41.309 D/BluetoothManagerService(  505): MESSAGE_BLUETOOTH_SERVICE_CONNECTED: 1
03-04 16:27:41.309 I/bluedroid(20153): config_hci_snoop_log
03-04 16:27:41.309 D/BluetoothManagerService(  505): Calling onBluetoothServiceUp callbacks
03-04 16:27:41.319 D/BluetoothManagerService(  505): Broadcasting onBluetoothServiceUp() to 4 receivers.
03-04 16:27:41.319 D/BluetoothAdapter(20153): onBluetoothServiceUp: com.android.bluetooth.btservice.AdapterService$AdapterServiceBinder@21ec6cb8
03-04 16:27:41.319 D/BluetoothAdapter(  505): onBluetoothServiceUp: android.bluetooth.IBluetooth$Stub$Proxy@22164458
03-04 16:27:41.319 D/BluetoothAdapter(  571): onBluetoothServiceUp: android.bluetooth.IBluetooth$Stub$Proxy@21eed9e0
03-04 16:27:41.319 D/BluetoothAdapter(  760): onBluetoothServiceUp: android.bluetooth.IBluetooth$Stub$Proxy@21f11c88
03-04 16:27:41.319 D/BluetoothAdapterService(569139472)(20153): Enable called with quiet mode status =  false
03-04 16:27:41.319 D/BluetoothAdapterState(20153): CURRENT_STATE=OFF, MESSAGE = USER_TURN_ON
03-04 16:27:41.319 D/BluetoothAdapterState(20153): REPORT_INFO: CWS_BT_ON
03-04 16:27:41.329 I/SecurityManagerService(  602): SMS received security event: App[START/com.android.settings]
03-04 16:27:41.329 D/BluetoothAdapterProperties(20153): Address is:78:24:AF:02:8B:DC
03-04 16:27:41.329 I/BluetoothAdapterProperties(20153): adapterPropertyChangedCallback with type:1 len:4
03-04 16:27:41.389 D/dalvikvm(20171): Process 20171 nice name: com.android.settings
03-04 16:27:41.389 D/dalvikvm(20171): Extra Options: not specified
03-04 16:27:41.399 I/ActivityManager(  505): Start proc com.android.settings for broadcast com.android.settings/.bluetooth.DockEventReceiver: pid=20171 uid=1000 gids={41000, 3003, 1028, 1015, 3002, 3001, 1023}
03-04 16:27:41.479 D/BluetoothAdapterProperties(20153): Name is: K011
03-04 16:27:41.489 D/BluetoothAdapterProperties(20153): Setting state to 11
03-04 16:27:41.489 I/BluetoothAdapterState(20153): Bluetooth adapter state changed: 10-> 11
03-04 16:27:41.489 D/BluetoothAdapterService(20153): Broadcasting updateAdapterState() to 1 receivers.
03-04 16:27:41.489 D/BluetoothManagerService(  505): Bluetooth Adapter name changed to K011
03-04 16:27:41.489 D/BluetoothManagerService(  505): onBluetoothStateChange prev=10 new=11
03-04 16:27:41.489 D/BluetoothManagerService(  505): Message: 60
03-04 16:27:41.489 D/BluetoothManagerService(  505): MESSAGE_BLUETOOTH_STATE_CHANGE: prevState = 10, newState=11
03-04 16:27:41.489 D/BluetoothAdapterService(569139472)(20153): processStart()
03-04 16:27:41.489 D/BluetoothAdapterService(569139472)(20153): processStart(): Make Bond State Machine
03-04 16:27:41.489 D/BluetoothBondStateMachine(20153): make
03-04 16:27:41.489 D/BluetoothManagerService(  505): Bluetooth State Change Intent: 10 -> 11
03-04 16:27:41.489 D/BluetoothAdapterService(569139472)(20153): getState(): mAdapterProperties: com.android.bluetooth.btservice.AdapterProperties@21ec6eb8
03-04 16:27:41.489 D/BluetoothAdapterService(20153): setAdapterService(): set to: null
03-04 16:27:41.489 I/BluetoothBondStateMachine(20153): StableState(): Entering Off State
03-04 16:27:41.489 W/BluetoothAdapterService(20153): Starting service com.android.bluetooth.hfp.HeadsetService
03-04 16:27:41.499 W/BluetoothAdapterService(20153): Starting service com.android.bluetooth.a2dp.A2dpService
03-04 16:27:41.499 W/BluetoothAdapterService(20153): Starting service com.android.bluetooth.hid.HidService
03-04 16:27:41.499 W/BluetoothAdapterService(20153): Starting service com.android.bluetooth.hdp.HealthService
03-04 16:27:41.499 W/BluetoothAdapterService(20153): Starting service com.android.bluetooth.pan.PanService
03-04 16:27:41.499 W/BluetoothAdapterService(20153): Starting service com.android.bluetooth.gatt.GattService
03-04 16:27:41.509 D/HeadsetService(20153): Received start request. Starting profile...
03-04 16:27:41.519 I/BluetoothHeadsetServiceJni(20153): classInitNative: succeeds
03-04 16:27:41.519 D/HeadsetStateMachine(20153): make
03-04 16:27:41.529 D/BluetoothManagerService(  505): Stored Bluetooth name: K011
03-04 16:27:41.589 I/BluetoothAdapterState(20153): Entering PendingCommandState State: isTurningOn()=true, isTurningOff()=false
03-04 16:27:41.929 I/bluedroid(20153): get_profile_interface handsfree
03-04 16:27:41.959 D/BluetoothAdapterService(20153): getAdapterService(): returning com.android.bluetooth.btservice.AdapterService@21ec6110
03-04 16:27:41.959 D/A2dpService(20153): Received start request. Starting profile...
03-04 16:27:41.979 I/BluetoothA2dpServiceJni(20153): classInitNative: succeeds
03-04 16:27:41.979 D/A2dpStateMachine(20153): make
03-04 16:27:41.979 I/bluedroid(20153): get_profile_interface a2dp
03-04 16:27:42.079 I/GKI_LINUX(20153): gki_task_entry: gki_task_entry task_id=2 [A2DP-MEDIA] starting
03-04 16:27:42.359 D/A2dpStateMachine(20153): Enter Disconnected: -2
03-04 16:27:42.359 I/BluetoothAvrcpServiceJni(20153): classInitNative: succeeds
03-04 16:27:42.359 V/Avrcp   (20153): make
03-04 16:27:42.359 I/bluedroid(20153): get_profile_interface avrcp
03-04 16:27:42.369 D/BluetoothAdapterService(20153): getAdapterService(): returning com.android.bluetooth.btservice.AdapterService@21ec6110
03-04 16:27:42.409 I/BluetoothHidServiceJni(20153): classInitNative: succeeds
03-04 16:27:42.719 I/WifiHW  (  505): CMD: IFNAME=wlan0 SIGNAL_POLL
03-04 16:27:42.779 D/HidService(20153): Received start request. Starting profile...
03-04 16:27:42.799 I/bluedroid(20153): get_profile_interface hidhost
03-04 16:27:42.819 D/BluetoothAdapterService(20153): getAdapterService(): returning com.android.bluetooth.btservice.AdapterService@21ec6110
03-04 16:27:42.839 I/BluetoothHealthServiceJni(20153): classInitNative: succeeds
03-04 16:27:42.869 D/wpa_supplicant(  694): RX ctrl_iface - hexdump(len=11): 53 49 47 4e 41 4c 5f 50 4f 4c 4c
03-04 16:27:42.869 D/wpa_supplicant(  694): wlan0: Control interface command 'SIGNAL_POLL'
03-04 16:27:42.929 D/HealthService(20153): Received start request. Starting profile...
03-04 16:27:42.939 D/wpa_supplicant(  694): nl80211: survey data missing!
03-04 16:27:42.939 I/WifiHW  (  505): REPLY: RSSI=-60
03-04 16:27:42.939 I/WifiHW  (  505): REPLY: LINKSPEED=39
03-04 16:27:42.939 I/WifiHW  (  505): REPLY: NOISE=9999
03-04 16:27:42.939 I/WifiHW  (  505): REPLY: FREQUENCY=2437
03-04 16:27:42.949 I/bluedroid(20153): get_profile_interface health
03-04 16:27:42.949 D/BluetoothAdapterService(20153): getAdapterService(): returning com.android.bluetooth.btservice.AdapterService@21ec6110
03-04 16:27:42.959 I/BluetoothPanServiceJni(20153): classInitNative(L112): succeeds
03-04 16:27:42.979 D/PanService(20153): Received start request. Starting profile...
03-04 16:27:42.999 D/BluetoothPanServiceJni(20153): initializeNative(L117): pan
03-04 16:27:42.999 I/bluedroid(20153): get_profile_interface pan
03-04 16:27:43.059 D/BluetoothTethering(  505): got CMD_CHANNEL_HALF_CONNECTED
03-04 16:27:43.059 D/BluetoothAdapterService(20153): getAdapterService(): returning com.android.bluetooth.btservice.AdapterService@21ec6110
03-04 16:27:43.069 I/BtGatt.JNI(20153): classInitNative(L685): classInitNative: Success!
03-04 16:27:43.149 D/BluetoothManagerService(  505): BluetoothServiceConnection: com.android.bluetooth.gatt.GattService
03-04 16:27:43.149 D/BluetoothManagerService(  505): Message: 40
03-04 16:27:43.149 D/BluetoothManagerService(  505): MESSAGE_BLUETOOTH_SERVICE_CONNECTED: 2
03-04 16:27:43.149 D/BtGatt.DebugUtils(20153): handleDebugAction() action=null
03-04 16:27:43.149 D/BtGatt.GattService(20153): Received start request. Starting profile...
03-04 16:27:43.149 D/BtGatt.GattService(20153): start()
03-04 16:27:43.149 I/bluedroid(20153): get_profile_interface gatt
03-04 16:27:43.149 D/BluetoothAdapterService(20153): getAdapterService(): returning com.android.bluetooth.btservice.AdapterService@21ec6110
03-04 16:27:43.209 D/BluetoothTethering(  505): got CMD_CHANNEL_DISCONNECTED
03-04 16:27:43.209 E/BluetoothTethering(  505): attempted to stop reverse tether with nothing tethered
03-04 16:27:43.209 D/BluetoothManagerService(  505): BluetoothServiceConnection, disconnected: com.android.bluetooth.btservice.AdapterService
03-04 16:27:43.209 D/BluetoothManagerService(  505): BluetoothServiceConnection, disconnected: com.android.bluetooth.gatt.GattService
03-04 16:27:43.209 D/BluetoothManagerService(  505): Message: 41
03-04 16:27:43.209 E/BluetoothManagerService(  505): MESSAGE_BLUETOOTH_SERVICE_DISCONNECTED: 1
03-04 16:27:43.209 D/BluetoothManagerService(  505): Calling onBluetoothServiceDown callbacks
03-04 16:27:43.209 D/BluetoothManagerService(  505): Broadcasting onBluetoothServiceDown() to 4 receivers.
03-04 16:27:43.209 W/MediaFocusControl(  505): RemoteControl: display android.media.IRemoteControlDisplay$Stub$Proxy@221ae4f0 died
03-04 16:27:43.219 I/ActivityManager(  505): Process com.android.bluetooth (pid 20153) has died.
03-04 16:27:43.249 W/ContextImpl(20171): Calling a method in the system process without a qualified user: android.app.ContextImpl.startService:1547 android.content.ContextWrapper.startService:495 android.content.ContextWrapper.startService:495 com.android.settings.bluetooth.DockEventReceiver.beginStartingService:134 com.android.settings.bluetooth.DockEventReceiver.onReceive:115 
03-04 16:27:43.279 I/SecurityManagerService(  602): SMS received security event: App[STOP/com.android.bluetooth]
03-04 16:27:43.289 E/BluetoothManagerService(  505): Unable to call onBluetoothServiceDown() on callback #0
03-04 16:27:43.289 E/BluetoothManagerService(  505): android.os.DeadObjectException
03-04 16:27:43.289 E/BluetoothManagerService(  505): 	at android.os.BinderProxy.transact(Native Method)
03-04 16:27:43.289 E/BluetoothManagerService(  505): 	at android.bluetooth.IBluetoothManagerCallback$Stub$Proxy.onBluetoothServiceDown(IBluetoothManagerCallback.java:105)
03-04 16:27:43.289 E/BluetoothManagerService(  505): 	at com.android.server.BluetoothManagerService.sendBluetoothServiceDownCallback(BluetoothManagerService.java:810)
03-04 16:27:43.289 E/BluetoothManagerService(  505): 	at com.android.server.BluetoothManagerService.access$3300(BluetoothManagerService.java:60)
03-04 16:27:43.289 E/BluetoothManagerService(  505): 	at com.android.server.BluetoothManagerService$BluetoothHandler.handleMessage(BluetoothManagerService.java:1223)
03-04 16:27:43.289 E/BluetoothManagerService(  505): 	at android.os.Handler.dispatchMessage(Handler.java:102)
03-04 16:27:43.289 E/BluetoothManagerService(  505): 	at android.os.Looper.loop(Looper.java:149)
03-04 16:27:43.289 E/BluetoothManagerService(  505): 	at android.os.HandlerThread.run(HandlerThread.java:61)
03-04 16:27:43.289 D/BluetoothAdapter(  505): onBluetoothServiceDown: android.bluetooth.IBluetooth$Stub$Proxy@22164458
03-04 16:27:43.289 D/BluetoothAdapter(  571): onBluetoothServiceDown: android.bluetooth.IBluetooth$Stub$Proxy@21eed9e0
03-04 16:27:43.289 D/BluetoothAdapter(  760): onBluetoothServiceDown: android.bluetooth.IBluetooth$Stub$Proxy@21f11c88
03-04 16:27:43.289 D/BluetoothManagerService(  505): Bluetooth State Change Intent: 12 -> 13
03-04 16:27:43.289 D/BluetoothManagerService(  505): Broadcasting onBluetoothStateChange(false) to 6 receivers.
03-04 16:27:43.289 D/BluetoothHeadset(  760): onBluetoothStateChange: up=false
03-04 16:27:43.289 D/BluetoothAdapter(  571): 573823048: getState() :  mService = null. Returning STATE_OFF
03-04 16:27:43.299 I/SecurityManagerService(  602): SMS received security event: App[START/com.android.bluetooth]
03-04 16:27:43.349 I/ActivityManager(  505): Start proc com.android.bluetooth for broadcast com.android.bluetooth/.pbap.BluetoothPbapReceiver: pid=20194 uid=1002 gids={41002, 3003, 3002, 3001, 1028, 1015, 3005, 1016, 3008}
03-04 16:27:43.379 E/BluetoothHeadset(  760): 
03-04 16:27:43.379 E/BluetoothHeadset(  760): java.lang.IllegalArgumentException: Service not registered: android.bluetooth.BluetoothHeadset$2@21f08798
03-04 16:27:43.379 E/BluetoothHeadset(  760): 	at android.app.LoadedApk.forgetServiceDispatcher(LoadedApk.java:931)
03-04 16:27:43.379 E/BluetoothHeadset(  760): 	at android.app.ContextImpl.unbindService(ContextImpl.java:1663)
03-04 16:27:43.379 E/BluetoothHeadset(  760): 	at android.content.ContextWrapper.unbindService(ContextWrapper.java:530)
03-04 16:27:43.379 E/BluetoothHeadset(  760): 	at android.bluetooth.BluetoothHeadset$1.onBluetoothStateChange(BluetoothHeadset.java:239)
03-04 16:27:43.379 E/BluetoothHeadset(  760): 	at android.bluetooth.IBluetoothStateChangeCallback$Stub.onTransact(IBluetoothStateChangeCallback.java:55)
03-04 16:27:43.379 E/BluetoothHeadset(  760): 	at android.os.Binder.execTransact(Binder.java:404)
03-04 16:27:43.379 E/BluetoothHeadset(  760): 	at dalvik.system.NativeStart.run(Native Method)
03-04 16:27:43.379 D/BluetoothA2dp(  505): onBluetoothStateChange: up=false
03-04 16:27:43.379 E/BluetoothA2dp(  505): 
03-04 16:27:43.379 E/BluetoothA2dp(  505): java.lang.IllegalArgumentException: Service not registered: android.bluetooth.BluetoothA2dp$2@2202ce08
03-04 16:27:43.379 E/BluetoothA2dp(  505): 	at android.app.LoadedApk.forgetServiceDispatcher(LoadedApk.java:931)
03-04 16:27:43.379 E/BluetoothA2dp(  505): 	at android.app.ContextImpl.unbindService(ContextImpl.java:1663)
03-04 16:27:43.379 E/BluetoothA2dp(  505): 	at android.bluetooth.BluetoothA2dp$1.onBluetoothStateChange(BluetoothA2dp.java:121)
03-04 16:27:43.379 E/BluetoothA2dp(  505): 	at com.android.server.BluetoothManagerService.sendBluetoothStateCallback(BluetoothManagerService.java:774)
03-04 16:27:43.379 E/BluetoothA2dp(  505): 	at com.android.server.BluetoothManagerService.bluetoothStateChangeHandler(BluetoothManagerService.java:1491)
03-04 16:27:43.379 E/BluetoothA2dp(  505): 	at com.android.server.BluetoothManagerService.access$3000(BluetoothManagerService.java:60)
03-04 16:27:43.379 E/BluetoothA2dp(  505): 	at com.android.server.BluetoothManagerService$BluetoothHandler.handleMessage(BluetoothManagerService.java:1234)
03-04 16:27:43.379 E/BluetoothA2dp(  505): 	at android.os.Handler.dispatchMessage(Handler.java:102)
03-04 16:27:43.379 E/BluetoothA2dp(  505): 	at android.os.Looper.loop(Looper.java:149)
03-04 16:27:43.379 E/BluetoothA2dp(  505): 	at android.os.HandlerThread.run(HandlerThread.java:61)
03-04 16:27:43.379 E/BluetoothPan(  505): 
03-04 16:27:43.379 E/BluetoothPan(  505): java.lang.IllegalArgumentException: Service not registered: android.bluetooth.BluetoothPan$2@220b9f28
03-04 16:27:43.379 E/BluetoothPan(  505): 	at android.app.LoadedApk.forgetServiceDispatcher(LoadedApk.java:931)
03-04 16:27:43.379 E/BluetoothPan(  505): 	at android.app.ContextImpl.unbindService(ContextImpl.java:1663)
03-04 16:27:43.379 E/BluetoothPan(  505): 	at android.bluetooth.BluetoothPan$1.onBluetoothStateChange(BluetoothPan.java:199)
03-04 16:27:43.379 E/BluetoothPan(  505): 	at com.android.server.BluetoothManagerService.sendBluetoothStateCallback(BluetoothManagerService.java:774)
03-04 16:27:43.379 E/BluetoothPan(  505): 	at com.android.server.BluetoothManagerService.bluetoothStateChangeHandler(BluetoothManagerService.java:1491)
03-04 16:27:43.379 E/BluetoothPan(  505): 	at com.android.server.BluetoothManagerService.access$3000(BluetoothManagerService.java:60)
03-04 16:27:43.379 E/BluetoothPan(  505): 	at com.android.server.BluetoothManagerService$BluetoothHandler.handleMessage(BluetoothManagerService.java:1234)
03-04 16:27:43.379 E/BluetoothPan(  505): 	at android.os.Handler.dispatchMessage(Handler.java:102)
03-04 16:27:43.379 E/BluetoothPan(  505): 	at android.os.Looper.loop(Looper.java:149)
03-04 16:27:43.379 E/BluetoothPan(  505): 	at android.os.HandlerThread.run(HandlerThread.java:61)
03-04 16:27:43.379 D/BluetoothHeadset(  760): onBluetoothStateChange: up=false
03-04 16:27:43.379 E/BluetoothHeadset(  760): 
03-04 16:27:43.379 E/BluetoothHeadset(  760): java.lang.IllegalArgumentException: Service not registered: android.bluetooth.BluetoothHeadset$2@21f03308
03-04 16:27:43.379 E/BluetoothHeadset(  760): 	at android.app.LoadedApk.forgetServiceDispatcher(LoadedApk.java:931)
03-04 16:27:43.379 E/BluetoothHeadset(  760): 	at android.app.ContextImpl.unbindService(ContextImpl.java:1663)
03-04 16:27:43.379 E/BluetoothHeadset(  760): 	at android.content.ContextWrapper.unbindService(ContextWrapper.java:530)
03-04 16:27:43.379 E/BluetoothHeadset(  760): 	at android.content.ContextWrapper.unbindService(ContextWrapper.java:530)
03-04 16:27:43.379 E/BluetoothHeadset(  760): 	at android.bluetooth.BluetoothHeadset$1.onBluetoothStateChange(BluetoothHeadset.java:239)
03-04 16:27:43.379 E/BluetoothHeadset(  760): 	at android.bluetooth.IBluetoothStateChangeCallback$Stub.onTransact(IBluetoothStateChangeCallback.java:55)
03-04 16:27:43.379 E/BluetoothHeadset(  760): 	at android.os.Binder.execTransact(Binder.java:404)
03-04 16:27:43.379 E/BluetoothHeadset(  760): 	at dalvik.system.NativeStart.run(Native Method)
03-04 16:27:43.379 D/BluetoothHeadset(  505): onBluetoothStateChange: up=false
03-04 16:27:43.379 E/BluetoothHeadset(  505): 
03-04 16:27:43.379 E/BluetoothHeadset(  505): java.lang.IllegalArgumentException: Service not registered: android.bluetooth.BluetoothHeadset$2@221d3b90
03-04 16:27:43.379 E/BluetoothHeadset(  505): 	at android.app.LoadedApk.forgetServiceDispatcher(LoadedApk.java:931)
03-04 16:27:43.379 E/BluetoothHeadset(  505): 	at android.app.ContextImpl.unbindService(ContextImpl.java:1663)
03-04 16:27:43.379 E/BluetoothHeadset(  505): 	at android.bluetooth.BluetoothHeadset$1.onBluetoothStateChange(BluetoothHeadset.java:239)
03-04 16:27:43.379 E/BluetoothHeadset(  505): 	at com.android.server.BluetoothManagerService.sendBluetoothStateCallback(BluetoothManagerService.java:774)
03-04 16:27:43.379 E/BluetoothHeadset(  505): 	at com.android.server.BluetoothManagerService.bluetoothStateChangeHandler(BluetoothManagerService.java:1491)
03-04 16:27:43.379 E/BluetoothHeadset(  505): 	at com.android.server.BluetoothManagerService.access$3000(BluetoothManagerService.java:60)
03-04 16:27:43.379 E/BluetoothHeadset(  505): 	at com.android.server.BluetoothManagerService$BluetoothHandler.handleMessage(BluetoothManagerService.java:1234)
03-04 16:27:43.379 E/BluetoothHeadset(  505): 	at android.os.Handler.dispatchMessage(Handler.java:102)
03-04 16:27:43.379 E/BluetoothHeadset(  505): 	at android.os.Looper.loop(Looper.java:149)
03-04 16:27:43.379 E/BluetoothHeadset(  505): 	at android.os.HandlerThread.run(HandlerThread.java:61)
03-04 16:27:43.379 D/BluetoothHeadset(  760): onBluetoothStateChange: up=false
03-04 16:27:43.389 E/BluetoothHeadset(  760): 
03-04 16:27:43.389 E/BluetoothHeadset(  760): java.lang.IllegalArgumentException: Service not registered: android.bluetooth.BluetoothHeadset$2@21f1f1c0
03-04 16:27:43.389 E/BluetoothHeadset(  760): 	at android.app.LoadedApk.forgetServiceDispatcher(LoadedApk.java:931)
03-04 16:27:43.389 E/BluetoothHeadset(  760): 	at android.app.ContextImpl.unbindService(ContextImpl.java:1663)
03-04 16:27:43.389 E/BluetoothHeadset(  760): 	at android.content.ContextWrapper.unbindService(ContextWrapper.java:530)
03-04 16:27:43.389 E/BluetoothHeadset(  760): 	at android.bluetooth.BluetoothHeadset$1.onBluetoothStateChange(BluetoothHeadset.java:239)
03-04 16:27:43.389 E/BluetoothHeadset(  760): 	at android.bluetooth.IBluetoothStateChangeCallback$Stub.onTransact(IBluetoothStateChangeCallback.java:55)
03-04 16:27:43.389 E/BluetoothHeadset(  760): 	at android.os.Binder.execTransact(Binder.java:404)
03-04 16:27:43.389 E/BluetoothHeadset(  760): 	at dalvik.system.NativeStart.run(Native Method)
03-04 16:27:43.389 V/CsmClient(  505): [4] csmStop called
03-04 16:27:43.389 D/BluetoothManagerService(  505): Bluetooth State Change Intent: 13 -> 10
03-04 16:27:43.389 D/dalvikvm(20194): Process 20194 nice name: com.android.bluetooth
03-04 16:27:43.389 D/dalvikvm(20194): Extra Options: not specified
03-04 16:27:43.389 D/BluetoothManagerService(  505): Message: 41
03-04 16:27:43.389 E/BluetoothManagerService(  505): MESSAGE_BLUETOOTH_SERVICE_DISCONNECTED: 2
03-04 16:27:43.389 D/BluetoothAdapter(  571): 573823048: getState() :  mService = null. Returning STATE_OFF
03-04 16:27:43.409 D/BluetoothManagerService(  505): Message: 42
03-04 16:27:43.409 D/BluetoothManagerService(  505): MESSAGE_RESTART_BLUETOOTH_SERVICE: Restart IBluetooth service
03-04 16:27:43.429 D/AudioHardwareALSA(  182): setParameters
03-04 16:27:43.499 D/BluetoothAdapter(20171): 569149416: getState() :  mService = null. Returning STATE_OFF
03-04 16:27:43.509 D/BluetoothManagerService(  505): Message: 30
03-04 16:27:43.509 W/ContextImpl(20171): Calling a method in the system process without a qualified user: android.app.ContextImpl.bindService:1611 android.content.ContextWrapper.bindService:518 android.bluetooth.BluetoothInputDevice.doBind:245 android.bluetooth.BluetoothInputDevice.<init>:238 android.bluetooth.BluetoothAdapter.getProfileProxy:1450 
03-04 16:27:43.519 D/BluetoothManagerService(  505): Message: 30
03-04 16:27:43.519 D/LocalBluetoothProfileManager(20171): Adding local MAP profile
03-04 16:27:43.519 D/BluetoothMap(20171): Create BluetoothMap proxy object
03-04 16:27:43.519 D/BluetoothManagerService(  505): Message: 30
03-04 16:27:43.519 W/ContextImpl(20171): Calling a method in the system process without a qualified user: android.app.ContextImpl.bindService:1611 android.content.ContextWrapper.bindService:518 android.bluetooth.BluetoothPan.doBind:149 android.bluetooth.BluetoothPan.<init>:141 android.bluetooth.BluetoothAdapter.getProfileProxy:1453 
03-04 16:27:43.529 E/BluetoothMap(20171): Could not bind to Bluetooth MAP Service with Intent { act=android.bluetooth.IBluetoothMap }
03-04 16:27:43.529 D/BluetoothManagerService(  505): Message: 30
03-04 16:27:43.529 D/LocalBluetoothProfileManager(20171): LocalBluetoothProfileManager construction complete
03-04 16:27:43.529 W/ContextImpl(20171): Calling a method in the system process without a qualified user: android.app.ContextImpl.bindService:1611 android.content.ContextWrapper.bindService:518 android.bluetooth.BluetoothPbap.doBind:164 android.bluetooth.BluetoothPbap.<init>:157 com.android.settings.bluetooth.PbapServerProfile.<init>:68 
03-04 16:27:43.579 D/AdapterServiceConfig(20194): Adding HeadsetService
03-04 16:27:43.579 D/AdapterServiceConfig(20194): Adding A2dpService
03-04 16:27:43.579 D/AdapterServiceConfig(20194): Adding HidService
03-04 16:27:43.579 D/AdapterServiceConfig(20194): Adding HealthService
03-04 16:27:43.579 D/AdapterServiceConfig(20194): Adding PanService
03-04 16:27:43.579 D/AdapterServiceConfig(20194): Adding GattService
03-04 16:27:43.599 D/BluetoothAdapterService(20194): REFCOUNT: CREATED. INSTANCE_COUNT1
03-04 16:27:43.599 D/BluetoothAdapterService(569143720)(20194): onCreate
03-04 16:27:43.599 D/BluetoothAdapterState(20194): make
03-04 16:27:43.619 I/bluedroid(20194): init
03-04 16:27:43.619 I/BluetoothAdapterState(20194): Entering OffState
03-04 16:27:43.629 I/bte_conf(20194): Attempt to load stack conf from /etc/bluetooth/bt_stack.conf
03-04 16:27:43.629 I/bte_conf(20194): Loading BT stack properties conf
03-04 16:27:43.629 D/BTIF_CORE(20194): Version: AMPAK-Android-4.4-GPS-FM-1.0.0 
03-04 16:27:43.629 I/bluedroid(20194): get_profile_interface socket
03-04 16:27:43.629 I/GKI_LINUX(20194): gki_task_entry: gki_task_entry task_id=1 [BTIF] starting
03-04 16:27:43.639 I/BluetoothAdapterProperties(20194): adapterPropertyChangedCallback with type:2 len:6
03-04 16:27:43.639 D/BluetoothAdapterService(569143720)(20194): onBind
03-04 16:27:43.639 D/BluetoothManagerService(  505): BluetoothServiceConnection: com.android.bluetooth.btservice.AdapterService
03-04 16:27:43.639 D/BluetoothManagerService(  505): Message: 40
03-04 16:27:43.639 D/BluetoothManagerService(  505): MESSAGE_BLUETOOTH_SERVICE_CONNECTED: 1
03-04 16:27:43.639 I/bluedroid(20194): config_hci_snoop_log
03-04 16:27:43.639 D/BluetoothManagerService(  505): Calling onBluetoothServiceUp callbacks
03-04 16:27:43.639 D/BluetoothManagerService(  505): Broadcasting onBluetoothServiceUp() to 5 receivers.
03-04 16:27:43.639 D/BluetoothAdapter(  505): onBluetoothServiceUp: android.bluetooth.IBluetooth$Stub$Proxy@22164448
03-04 16:27:43.639 D/BluetoothAdapter(20171): onBluetoothServiceUp: android.bluetooth.IBluetooth$Stub$Proxy@21edbd60
03-04 16:27:43.639 D/BluetoothAdapter(20194): onBluetoothServiceUp: com.android.bluetooth.btservice.AdapterService$AdapterServiceBinder@21ec7d50
03-04 16:27:43.639 D/BluetoothAdapter(  571): onBluetoothServiceUp: android.bluetooth.IBluetooth$Stub$Proxy@2243bb40
03-04 16:27:43.639 D/BluetoothAdapter(  760): onBluetoothServiceUp: android.bluetooth.IBluetooth$Stub$Proxy@21f11c78
03-04 16:27:43.639 D/BluetoothAdapterService(569143720)(20194): Enable called with quiet mode status =  false
03-04 16:27:43.639 D/BluetoothAdapterState(20194): CURRENT_STATE=OFF, MESSAGE = USER_TURN_ON
03-04 16:27:43.639 D/BluetoothAdapterState(20194): REPORT_INFO: CWS_BT_ON
03-04 16:27:43.639 D/BluetoothAdapterProperties(20194): Address is:78:24:AF:02:8B:DC
03-04 16:27:43.639 I/BluetoothAdapterProperties(20194): adapterPropertyChangedCallback with type:1 len:4
03-04 16:27:43.639 D/BluetoothAdapterProperties(20194): Name is: K011
03-04 16:27:43.639 D/BluetoothManagerService(  505): Bluetooth Adapter name changed to K011
03-04 16:27:43.649 D/BluetoothAdapterProperties(20194): Setting state to 11
03-04 16:27:43.649 I/BluetoothAdapterState(20194): Bluetooth adapter state changed: 10-> 11
03-04 16:27:43.649 D/BluetoothAdapterService(20194): Broadcasting updateAdapterState() to 1 receivers.
03-04 16:27:43.649 D/BluetoothManagerService(  505): onBluetoothStateChange prev=10 new=11
03-04 16:27:43.649 D/BluetoothManagerService(  505): Message: 60
03-04 16:27:43.649 D/BluetoothAdapterService(569143720)(20194): processStart()
03-04 16:27:43.649 D/BluetoothManagerService(  505): MESSAGE_BLUETOOTH_STATE_CHANGE: prevState = 10, newState=11
03-04 16:27:43.649 D/BluetoothManagerService(  505): Bluetooth State Change Intent: 10 -> 11
03-04 16:27:43.649 D/BluetoothAdapterService(569143720)(20194): processStart(): Make Bond State Machine
03-04 16:27:43.649 D/BluetoothBondStateMachine(20194): make
03-04 16:27:43.649 D/BluetoothAdapterService(20194): setAdapterService(): set to: null
03-04 16:27:43.649 I/BluetoothBondStateMachine(20194): StableState(): Entering Off State
03-04 16:27:43.669 D/BluetoothManagerService(  505): Stored Bluetooth name: K011
03-04 16:27:43.709 D/DockEventReceiver(20171): finishStartingService: stopping service
03-04 16:27:43.709 V/ActivityManager(  505): Remove bg service from mStartingBackground ,r=ServiceRecord{22589e58 u0 com.android.settings/.bluetooth.DockService},r used time=422,left r count=0
03-04 16:27:43.719 D/BatteryStatsImpl(  505): noteStopWakeLocked com.android.settings isFromForeground = false
03-04 16:27:43.749 W/BluetoothAdapterService(20194): Starting service com.android.bluetooth.hfp.HeadsetService
03-04 16:27:43.749 W/BluetoothAdapterService(20194): Starting service com.android.bluetooth.a2dp.A2dpService
03-04 16:27:43.749 D/BluetoothAdapterService(569143720)(20194): getState(): mAdapterProperties: com.android.bluetooth.btservice.AdapterProperties@21ec7f50
03-04 16:27:43.759 W/BluetoothAdapterService(20194): Starting service com.android.bluetooth.hid.HidService
03-04 16:27:43.759 W/BluetoothAdapterService(20194): Starting service com.android.bluetooth.hdp.HealthService
03-04 16:27:43.759 W/BluetoothAdapterService(20194): Starting service com.android.bluetooth.pan.PanService
03-04 16:27:43.759 W/BluetoothAdapterService(20194): Starting service com.android.bluetooth.gatt.GattService
03-04 16:27:43.759 I/BluetoothAdapterState(20194): Entering PendingCommandState State: isTurningOn()=true, isTurningOff()=false
03-04 16:27:43.809 D/BluetoothAdapterService(569143720)(20194): getState(): mAdapterProperties: com.android.bluetooth.btservice.AdapterProperties@21ec7f50
03-04 16:27:43.849 D/HeadsetService(20194): Received start request. Starting profile...
03-04 16:27:43.849 I/BluetoothHeadsetServiceJni(20194): classInitNative: succeeds
03-04 16:27:43.849 D/HeadsetStateMachine(20194): make
03-04 16:27:43.899 I/bluedroid(20194): get_profile_interface handsfree
03-04 16:27:43.899 D/BluetoothAdapterService(20194): getAdapterService(): returning com.android.bluetooth.btservice.AdapterService@21ec71a8
03-04 16:27:43.899 D/A2dpService(20194): Received start request. Starting profile...
03-04 16:27:43.909 I/BluetoothA2dpServiceJni(20194): classInitNative: succeeds
03-04 16:27:43.909 D/A2dpStateMachine(20194): make
03-04 16:27:43.909 I/bluedroid(20194): get_profile_interface a2dp
03-04 16:27:43.969 D/BluetoothPbap(20171): Proxy object connected
03-04 16:27:43.969 D/PbapServerProfile(20171): Bluetooth service connected
03-04 16:27:43.969 D/BluetoothPbap(20171): Proxy object disconnected
03-04 16:27:43.969 D/PbapServerProfile(20171): Bluetooth service disconnected
03-04 16:27:43.979 I/GKI_LINUX(20194): gki_task_entry: gki_task_entry task_id=2 [A2DP-MEDIA] starting
03-04 16:27:43.999 I/BluetoothAvrcpServiceJni(20194): classInitNative: succeeds
03-04 16:27:43.999 D/A2dpStateMachine(20194): Enter Disconnected: -2
03-04 16:27:43.999 V/Avrcp   (20194): make
03-04 16:27:44.009 I/bluedroid(20194): get_profile_interface avrcp
03-04 16:27:44.019 D/BluetoothAdapterService(20194): getAdapterService(): returning com.android.bluetooth.btservice.AdapterService@21ec71a8
03-04 16:27:44.019 I/BluetoothHidServiceJni(20194): classInitNative: succeeds
03-04 16:27:44.039 I/ActivityManager(  505): Process com.android.settings (pid 20171) has died.
03-04 16:27:44.059 I/SecurityManagerService(  602): SMS received security event: App[STOP/com.android.settings]
03-04 16:27:44.059 D/HidService(20194): Received start request. Starting profile...
03-04 16:27:44.069 I/bluedroid(20194): get_profile_interface hidhost
03-04 16:27:44.069 D/BluetoothAdapterService(20194): getAdapterService(): returning com.android.bluetooth.btservice.AdapterService@21ec71a8
03-04 16:27:44.069 I/BluetoothHealthServiceJni(20194): classInitNative: succeeds
03-04 16:27:44.079 D/HealthService(20194): Received start request. Starting profile...
03-04 16:27:44.139 I/bluedroid(20194): get_profile_interface health
03-04 16:27:44.139 D/BluetoothAdapterService(20194): getAdapterService(): returning com.android.bluetooth.btservice.AdapterService@21ec71a8
03-04 16:27:44.139 I/BluetoothPanServiceJni(20194): classInitNative(L112): succeeds
03-04 16:27:44.139 D/PanService(20194): Received start request. Starting profile...
03-04 16:27:44.139 D/BluetoothPanServiceJni(20194): initializeNative(L117): pan
03-04 16:27:44.139 I/bluedroid(20194): get_profile_interface pan
03-04 16:27:44.149 D/BluetoothTethering(  505): got CMD_CHANNEL_HALF_CONNECTED
03-04 16:27:44.149 D/BluetoothAdapterService(20194): getAdapterService(): returning com.android.bluetooth.btservice.AdapterService@21ec71a8
03-04 16:27:44.149 I/BtGatt.JNI(20194): classInitNative(L685): classInitNative: Success!
03-04 16:27:44.149 D/BluetoothManagerService(  505): BluetoothServiceConnection: com.android.bluetooth.gatt.GattService
03-04 16:27:44.149 D/BluetoothManagerService(  505): Message: 40
03-04 16:27:44.149 D/BluetoothManagerService(  505): MESSAGE_BLUETOOTH_SERVICE_CONNECTED: 2
03-04 16:27:44.149 D/BtGatt.DebugUtils(20194): handleDebugAction() action=null
03-04 16:27:44.149 D/BtGatt.GattService(20194): Received start request. Starting profile...
03-04 16:27:44.149 D/BtGatt.GattService(20194): start()
03-04 16:27:44.149 I/bluedroid(20194): get_profile_interface gatt
03-04 16:27:44.149 D/BluetoothAdapterService(20194): getAdapterService(): returning com.android.bluetooth.btservice.AdapterService@21ec71a8
03-04 16:27:44.159 D/BluetoothAdapterService(569143720)(20194): Message: 1
03-04 16:27:44.159 D/BluetoothAdapterService(569143720)(20194): MESSAGE_PROFILE_SERVICE_STATE_CHANGED
03-04 16:27:44.159 D/BluetoothAdapterService(20194): onProfileServiceStateChange: serviceName=com.android.bluetooth.hfp.HeadsetService, state = 12, doUpdate = true
03-04 16:27:44.159 D/HeadsetPhoneState(20194): sendDeviceStateChanged. mService=0 mSignal=0 mRoam=0 mBatteryCharge=4
03-04 16:27:44.159 D/BluetoothAdapterService(20194): Profile still not running:com.android.bluetooth.hdp.HealthService
03-04 16:27:44.159 D/BluetoothAdapterService(569143720)(20194): Message: 1
03-04 16:27:44.159 D/BluetoothAdapterService(569143720)(20194): MESSAGE_PROFILE_SERVICE_STATE_CHANGED
03-04 16:27:44.159 D/BluetoothAdapterService(20194): onProfileServiceStateChange: serviceName=com.android.bluetooth.a2dp.A2dpService, state = 12, doUpdate = true
03-04 16:27:44.159 D/BluetoothAdapterService(20194): Profile still not running:com.android.bluetooth.hdp.HealthService
03-04 16:27:44.159 D/BluetoothAdapterService(569143720)(20194): Message: 1
03-04 16:27:44.159 D/BluetoothAdapterService(569143720)(20194): MESSAGE_PROFILE_SERVICE_STATE_CHANGED
03-04 16:27:44.159 D/BluetoothAdapterService(20194): onProfileServiceStateChange: serviceName=com.android.bluetooth.hid.HidService, state = 12, doUpdate = true
03-04 16:27:44.159 D/BluetoothAdapterService(20194): Profile still not running:com.android.bluetooth.hdp.HealthService
03-04 16:27:44.159 D/BluetoothAdapterService(569143720)(20194): Message: 1
03-04 16:27:44.159 D/BluetoothAdapterService(569143720)(20194): MESSAGE_PROFILE_SERVICE_STATE_CHANGED
03-04 16:27:44.159 D/BluetoothAdapterService(20194): onProfileServiceStateChange: serviceName=com.android.bluetooth.hdp.HealthService, state = 12, doUpdate = true
03-04 16:27:44.159 D/BluetoothAdapterService(20194): Profile still not running:com.android.bluetooth.pan.PanService
03-04 16:27:44.159 D/BluetoothAdapterService(569143720)(20194): Message: 1
03-04 16:27:44.159 D/BluetoothAdapterService(569143720)(20194): MESSAGE_PROFILE_SERVICE_STATE_CHANGED
03-04 16:27:44.159 D/BluetoothAdapterService(20194): onProfileServiceStateChange: serviceName=com.android.bluetooth.pan.PanService, state = 12, doUpdate = true
03-04 16:27:44.159 D/BluetoothAdapterService(20194): Profile still not running:com.android.bluetooth.gatt.GattService
03-04 16:27:44.159 D/BluetoothAdapterService(569143720)(20194): Message: 1
03-04 16:27:44.159 D/BluetoothAdapterService(569143720)(20194): MESSAGE_PROFILE_SERVICE_STATE_CHANGED
03-04 16:27:44.159 D/BluetoothAdapterService(20194): onProfileServiceStateChange: serviceName=com.android.bluetooth.gatt.GattService, state = 12, doUpdate = true
03-04 16:27:44.159 D/BluetoothAdapterService(20194): All profile services started.
03-04 16:27:44.159 D/BluetoothAdapterState(20194): CURRENT_STATE=PENDING, MESSAGE = STARTED, isTurningOn=true, isTurningOff=false
03-04 16:27:44.159 I/bluedroid(20194): enable
03-04 16:27:44.159 I/bt_hci_bdroid(20194): init
03-04 16:27:44.169 I/SecurityManagerService(  602): SMS received security event: App[START/com.android.settings]
03-04 16:27:44.179 D/dalvikvm(20225): Process 20225 nice name: com.android.settings
03-04 16:27:44.179 D/dalvikvm(20225): Extra Options: not specified
03-04 16:27:44.179 I/ActivityManager(  505): Start proc com.android.settings for broadcast com.android.settings/.bluetooth.DockEventReceiver: pid=20225 uid=1000 gids={41000, 3003, 1028, 1015, 3002, 3001, 1023}
03-04 16:27:44.189 I/bt_vendor(20194): init
03-04 16:27:44.189 I/bt_vnd_conf(20194): Attempt to load conf from /system/etc/bluetooth/bt_K011.conf
03-04 16:27:44.189 I/bt_vnd_conf(20194): PCM define 
03-04 16:27:44.189 I/bt_hci_bdroid(20194): bt_hc_worker_thread started
03-04 16:27:44.239 D/BluetoothManagerService(  505): BluetoothServiceConnection, disconnected: com.android.bluetooth.btservice.AdapterService
03-04 16:27:44.239 D/BluetoothManagerService(  505): Message: 41
03-04 16:27:44.239 E/BluetoothManagerService(  505): MESSAGE_BLUETOOTH_SERVICE_DISCONNECTED: 1
03-04 16:27:44.239 D/BluetoothManagerService(  505): Calling onBluetoothServiceDown callbacks
03-04 16:27:44.239 D/BluetoothManagerService(  505): Broadcasting onBluetoothServiceDown() to 3 receivers.
03-04 16:27:44.239 D/BluetoothAdapter(  505): onBluetoothServiceDown: android.bluetooth.IBluetooth$Stub$Proxy@22164448
