03-04 16:18:59.479 D/RouteManager(  182): parameter-framework: Selection criterion changed event: Criterion name: RoutageState, current state: Path|Configure
03-04 16:18:59.479 D/RouteManager(  182): parameter-framework: Configuration application request {
03-04 16:18:59.479 D/RouteManager(  182): parameter-framework:     Applying configurations {
03-04 16:18:59.479 D/RouteManager(  182): parameter-framework:     } Applying configurations
03-04 16:18:59.479 D/RouteManager(  182): parameter-framework: } Configuration application request
03-04 16:18:59.479 D/RouteManager(  182): executeUnmuteStage: --------------- Routing Stage = Unmute ---------------
03-04 16:18:59.479 D/RouteManager(  182): parameter-framework: Selection criterion changed event: Criterion name: RoutageState, current state: Flow|Path|Configure
03-04 16:18:59.479 D/RouteManager(  182): parameter-framework: Configuration application request {
03-04 16:18:59.479 D/RouteManager(  182): parameter-framework:     Applying configurations {
03-04 16:18:59.479 D/RouteManager(  182): parameter-framework:     } Applying configurations
03-04 16:18:59.479 D/RouteManager(  182): parameter-framework: } Configuration application request
03-04 16:18:59.479 D/EVENT_THREAD(  182): void CEventThread::run() Do poll with timeout: -1
03-04 16:18:59.479 D/RouteManager(  182): reconsiderRouting: DONE
03-04 16:18:59.659 W/BindingManager(15796): Cannot call determinedVisibility() - never saw a connection for the pid: 15796
03-04 16:18:59.689 I/chromium(15796): [INFO:CONSOLE(52)] "Uncaught TypeError: Cannot use 'in' operator to search for 'playbackState' in undefined", source: app://org.xwalk.webapi_noneservice_tests//opt/tct-audio-html5-tests/audio/audio_MediaController_playbackState_playing.html (52)
03-04 16:18:59.699 E/MediaResourceGetter(15796): File does not exist.
03-04 16:18:59.699 E/MediaResourceGetter(15796): Unable to configure metadata extractor
03-04 16:18:59.709 E/chromium(15796): [ERROR:webmediaplayer_android.cc(449)] Not implemented reached in virtual void content::WebMediaPlayerAndroid::setRate(double)
03-04 16:18:59.709 I/MediaFocusControl(  505):  AudioFocus  requestAudioFocus() from android.media.AudioManager@21efe838org.chromium.media.MediaPlayerListener@22007768
03-04 16:18:59.709 V/Avrcp   ( 1171): New genId = 129, clearing = 1
03-04 16:18:59.709 D/MediaPlayer(15796): Couldn't open file on client side, trying server side
03-04 16:18:59.709 I/AwesomePlayer(  182): setDataSource_l(URL suppressed)
03-04 16:18:59.709 E/FileSource(  182): Failed to open file 'app://org.xwalk.webapi_noneservice_tests//opt/tct-audio-html5-tests/audio/media/movie_5.ogv'. (No such file or directory)
03-04 16:18:59.709 E/MediaPlayer(15796): error (1, -2147483648)
03-04 16:18:59.729 E/MediaPlayer(15796): Error (1,-2147483648)
03-04 16:18:59.999 D/Clock   (  571): ACTION_TIME_TICK
03-04 16:18:59.999 D/Clock   (  571): update clock:4:19
03-04 16:19:00.029 D/BatteryStatsImpl(  505): noteStopWakeLocked system isFromForeground = false
03-04 16:19:01.039 I/WifiHW  (  505): CMD: IFNAME=wlan0 SIGNAL_POLL
03-04 16:19:01.039 D/wpa_supplicant(  694): RX ctrl_iface - hexdump(len=11): 53 49 47 4e 41 4c 5f 50 4f 4c 4c
03-04 16:19:01.039 D/wpa_supplicant(  694): wlan0: Control interface command 'SIGNAL_POLL'
03-04 16:19:01.069 D/wpa_supplicant(  694): nl80211: survey data missing!
03-04 16:19:01.069 I/WifiHW  (  505): REPLY: RSSI=-59
03-04 16:19:01.069 I/WifiHW  (  505): REPLY: LINKSPEED=26
03-04 16:19:01.069 I/WifiHW  (  505): REPLY: NOISE=9999
03-04 16:19:01.069 I/WifiHW  (  505): REPLY: FREQUENCY=2437
03-04 16:19:02.799 I/MediaFocusControl(  505):  AudioFocus  abandonAudioFocus() from android.media.AudioManager@21efe838org.chromium.media.MediaPlayerListener@22007768
03-04 16:19:02.799 V/Avrcp   ( 1171): New genId = 130, clearing = 1
03-04 16:19:02.809 D/BatteryStatsImpl(  505): noteStopWakeLocked system isFromForeground = false
03-04 16:19:02.839 W/BindingManager(15796): Cannot call determinedVisibility() - never saw a connection for the pid: 15796
03-04 16:19:03.129 I/chromium(15796): [INFO:CONSOLE(52)] "Uncaught TypeError: Cannot use 'in' operator to search for 'unpause' in undefined", source: app://org.xwalk.webapi_noneservice_tests//opt/tct-audio-html5-tests/audio/audio_MediaController_unpause_base.html (52)
03-04 16:19:03.159 E/MediaResourceGetter(15796): File does not exist.
03-04 16:19:03.159 E/MediaResourceGetter(15796): Unable to configure metadata extractor
03-04 16:19:04.079 I/WifiHW  (  505): CMD: IFNAME=wlan0 SIGNAL_POLL
03-04 16:19:04.079 D/wpa_supplicant(  694): RX ctrl_iface - hexdump(len=11): 53 49 47 4e 41 4c 5f 50 4f 4c 4c
03-04 16:19:04.079 D/wpa_supplicant(  694): wlan0: Control interface command 'SIGNAL_POLL'
03-04 16:19:04.109 D/wpa_supplicant(  694): nl80211: survey data missing!
03-04 16:19:04.109 I/WifiHW  (  505): REPLY: RSSI=-59
03-04 16:19:04.109 I/WifiHW  (  505): REPLY: LINKSPEED=26
03-04 16:19:04.109 I/WifiHW  (  505): REPLY: NOISE=9999
03-04 16:19:04.109 I/WifiHW  (  505): REPLY: FREQUENCY=2437
03-04 16:19:06.299 W/BindingManager(15796): Cannot call determinedVisibility() - never saw a connection for the pid: 15796
03-04 16:19:07.129 I/WifiHW  (  505): CMD: IFNAME=wlan0 SIGNAL_POLL
03-04 16:19:07.129 D/wpa_supplicant(  694): RX ctrl_iface - hexdump(len=11): 53 49 47 4e 41 4c 5f 50 4f 4c 4c
03-04 16:19:07.129 D/wpa_supplicant(  694): wlan0: Control interface command 'SIGNAL_POLL'
03-04 16:19:07.149 D/wpa_supplicant(  694): nl80211: survey data missing!
03-04 16:19:07.149 I/WifiHW  (  505): REPLY: RSSI=-61
03-04 16:19:07.149 I/WifiHW  (  505): REPLY: LINKSPEED=26
03-04 16:19:07.149 I/WifiHW  (  505): REPLY: NOISE=9999
03-04 16:19:07.149 I/WifiHW  (  505): REPLY: FREQUENCY=2437
03-04 16:19:07.409 W/ufoGralloc(  170): registerBuffer() handle 0xb961c6c0/57 didn't require registration
03-04 16:19:07.429 D/WindowManager(  505): adjustConfigurationLw, config:{1.0 ?mcc?mnc ?locale ?layoutDir sw600dp w600dp h888dp 213dpi lrg port ?uimode ?night finger -keyb/v/h -nav/v} mLidState:1 mHasDockFeature:false mHasKeyboardFeature:false mHasHallSensorFeature:true config.hardKeyboardHidden:2
03-04 16:19:07.439 I/ActivityManager(  505): [TopPkgCurBat]	NowPkgName[com.asus.launcher]	Battery[85]	TimeTick[1425457147448]	OldPkgName[org.xwalk.webapi_noneservice_tests]
03-04 16:19:07.449 V/WeatherTimeProvider( 1102): widget on Visibility Changed
03-04 16:19:07.459 D/        (  696): Pixel Format : GGL_PIXEL_FORMAT_RGBA_8888
03-04 16:19:07.459 W/IInputConnectionWrapper(15796): showStatusIcon on inactive InputConnection
03-04 16:19:07.469 D/XT9IME  (  728): new subtype :en_US ,keyboard
03-04 16:19:07.489 D/ImageWallpaper(  571): onVisibilityChanged: mVisible, visible=false, true
03-04 16:19:07.489 D/ImageWallpaper(  571): Visibility changed to visible=true
03-04 16:19:07.489 D/ImageWallpaper(  571): Suppressed drawFrame since redraw is not needed and offsets have not changed.
03-04 16:19:07.489 D/BatteryStatsImpl(  505): noteStopWakeLocked system isFromForeground = false
03-04 16:19:07.509 D/        (15796): Surface destroy: ANDROID_NATIVE_WINDOW_MAGIC
03-04 16:19:07.509 D/        (15796): Surface destroy: ANDROID_NATIVE_WINDOW_MAGIC
03-04 16:19:07.839 D/AndroidRuntime(16105): 
03-04 16:19:07.839 D/AndroidRuntime(16105): >>>>>> AndroidRuntime START com.android.internal.os.RuntimeInit <<<<<<
03-04 16:19:07.839 D/AndroidRuntime(16105): CheckJNI is OFF
03-04 16:19:07.839 I/AndroidRuntime(16105): Kernel Release Version: 3.10.20-gf818079
03-04 16:19:07.849 I/dalvikvm(16105): No library specified. The standard exception handler will be used
03-04 16:19:07.849 I/dalvikvm(16105): 
03-04 16:19:07.849 I/dalvikvm(16105): +++++++++++++ Using PCG. +++++++++++++++++++++
03-04 16:19:07.859 D/dalvikvm(16105): Trying to load lib libjavacore.so 0x0
03-04 16:19:07.859 D/dalvikvm(16105): Added shared lib libjavacore.so 0x0
03-04 16:19:07.859 D/dalvikvm(16105): Trying to load lib libnativehelper.so 0x0
03-04 16:19:07.859 D/dalvikvm(16105): Added shared lib libnativehelper.so 0x0
03-04 16:19:07.859 D/dalvikvm(16105): No JNI_OnLoad found in libnativehelper.so 0x0, skipping init
03-04 16:19:07.859 D/dalvikvm(16105): Extra Options: not specified
03-04 16:19:07.879 D/dalvikvm(16105): Note: class Landroid/app/ActivityManagerNative; has 186 unimplemented (abstract) methods
03-04 16:19:07.909 D/        (15796): Pixel Format : GGL_PIXEL_FORMAT_RGBA_8888
03-04 16:19:07.919 W/ScreenOrientationListener(15796): Removing an inexistent observer!
03-04 16:19:07.919 W/SurfaceFlinger(  170): couldn't log to binary event log: overflow.
03-04 16:19:07.949 E/memtrack(16105): Couldn't load memtrack module (No such file or directory)
03-04 16:19:07.949 E/android.os.Debug(16105): failed to load memtrack module: -2
03-04 16:19:07.989 D/AndroidRuntime(16105): Calling main entry com.android.commands.am.Am
03-04 16:19:08.009 I/ActivityManager(  505): Force stopping org.xwalk.webapi_noneservice_tests appid=10394 user=0: from pid 16105
03-04 16:19:08.009 I/SecurityManagerService(  602): SMS received security event: App[STOP/org.xwalk.webapi_noneservice_tests]
03-04 16:19:08.009 D/AndroidRuntime(16105): Shutting down VM
03-04 16:19:08.009 D/dalvikvm(16105): GC_CONCURRENT freed 112K, 16% free 666K/792K, paused 1ms+0ms, total 2ms
03-04 16:19:08.009 I/ActivityManager(  505): Killing 15796:org.xwalk.webapi_noneservice_tests/u0a394 (adj 9): stop org.xwalk.webapi_noneservice_tests
03-04 16:19:08.019 D/dalvikvm(16105): Compiler shutdown in progress - discarding request
03-04 16:19:08.019 D/dalvikvm(16105): Compiler shutdown in progress - discarding request
03-04 16:19:08.019 D/dalvikvm(16105): Compiler shutdown in progress - discarding request
03-04 16:19:08.019 D/dalvikvm(16105): Compiler shutdown in progress - discarding request
03-04 16:19:08.019 D/dalvikvm(16105): Compiler shutdown in progress - discarding request
03-04 16:19:08.019 D/dalvikvm(16105): Compiler shutdown in progress - discarding request
03-04 16:19:08.019 D/dalvikvm(16105): Compiler shutdown in progress - discarding request
03-04 16:19:08.019 D/dalvikvm(16105): Compiler shutdown in progress - discarding request
03-04 16:19:08.019 D/dalvikvm(16105): Compiler shutdown in progress - discarding request
03-04 16:19:08.019 D/dalvikvm(16105): Compiler shutdown in progress - discarding request
03-04 16:19:08.019 D/dalvikvm(16105): Compiler shutdown in progress - discarding request
03-04 16:19:08.019 D/dalvikvm(16105): Compiler shutdown in progress - discarding request
03-04 16:19:08.019 D/dalvikvm(16105): Compiler shutdown in progress - discarding request
03-04 16:19:08.019 D/dalvikvm(16105): Compiler shutdown in progress - discarding request
03-04 16:19:08.019 D/dalvikvm(16105): Compiler shutdown in progress - discarding request
03-04 16:19:08.019 D/dalvikvm(16105): Compiler shutdown in progress - discarding request
03-04 16:19:08.019 D/dalvikvm(16105): Compiler shutdown in progress - discarding request
03-04 16:19:08.019 D/dalvikvm(16105): Compiler shutdown in progress - discarding request
03-04 16:19:08.019 D/dalvikvm(16105): Compiler shutdown in progress - discarding request
03-04 16:19:08.019 D/dalvikvm(16105): Compiler shutdown in progress - discarding request
03-04 16:19:08.019 D/dalvikvm(16105): Compiler shutdown in progress - discarding request
03-04 16:19:08.019 D/dalvikvm(16105): Compiler shutdown in progress - discarding request
03-04 16:19:08.019 D/dalvikvm(16105): Compiler shutdown in progress - discarding request
03-04 16:19:08.019 D/dalvikvm(16105): Compiler shutdown in progress - discarding request
03-04 16:19:08.019 D/dalvikvm(16105): Compiler shutdown in progress - discarding request
03-04 16:19:08.019 D/dalvikvm(16105): Compiler shutdown in progress - discarding request
03-04 16:19:08.019 D/dalvikvm(16105): Compiler shutdown in progress - discarding request
03-04 16:19:08.019 D/dalvikvm(16105): Compiler shutdown in progress - discarding request
03-04 16:19:08.019 D/dalvikvm(16105): Compiler shutdown in progress - discarding request
03-04 16:19:08.019 D/dalvikvm(16105): Compiler shutdown in progress - discarding request
03-04 16:19:08.019 D/dalvikvm(16105): Compiler shutdown in progress - discarding request
03-04 16:19:08.019 D/dalvikvm(16105): Compiler shutdown in progress - discarding request
03-04 16:19:08.019 D/dalvikvm(16105): Compiler shutdown in progress - discarding request
03-04 16:19:08.019 D/dalvikvm(16105): Compiler shutdown in progress - discarding request
03-04 16:19:08.019 D/dalvikvm(16105): Compiler shutdown in progress - discarding request
03-04 16:19:08.019 D/dalvikvm(16105): Compiler shutdown in progress - discarding request
03-04 16:19:08.019 D/dalvikvm(16105): Compiler shutdown in progress - discarding request
03-04 16:19:08.019 D/dalvikvm(16105): Compiler shutdown in progress - discarding request
03-04 16:19:08.019 D/dalvikvm(16105): Compiler shutdown in progress - discarding request
03-04 16:19:08.019 D/dalvikvm(16105): Compiler shutdown in progress - discarding request
03-04 16:19:08.019 D/dalvikvm(16105): Compiler shutdown in progress - discarding request
03-04 16:19:08.019 D/dalvikvm(16105): Compiler shutdown in progress - discarding request
03-04 16:19:08.019 D/dalvikvm(16105): Compiler shutdown in progress - discarding request
03-04 16:19:08.019 D/dalvikvm(16105): Compiler shutdown in progress - discarding request
03-04 16:19:08.019 D/dalvikvm(16105): Compiler shutdown in progress - discarding request
