03-04 16:17:32.109 I/MediaFocusControl(  505):  AudioFocus  requestAudioFocus() from android.media.AudioManager@21efe028org.chromium.media.MediaPlayerListener@21fa5560
03-04 16:17:32.109 V/Avrcp   ( 1171): New genId = 87, clearing = 1
03-04 16:17:32.109 D/MediaPlayer(14544): Couldn't open file on client side, trying server side
03-04 16:17:32.119 I/AwesomePlayer(  182): setDataSource_l(URL suppressed)
03-04 16:17:32.119 E/FileSource(  182): Failed to open file 'app://org.xwalk.webapi_noneservice_tests//opt/tct-audio-html5-tests/audio/media/movie_5.ogv'. (No such file or directory)
03-04 16:17:32.119 E/MediaPlayer(14544): error (1, -2147483648)
03-04 16:17:32.119 E/MediaPlayer(14544): Error (1,-2147483648)
03-04 16:17:32.999 I/WifiHW  (  505): CMD: IFNAME=wlan0 SIGNAL_POLL
03-04 16:17:32.999 D/wpa_supplicant(  694): RX ctrl_iface - hexdump(len=11): 53 49 47 4e 41 4c 5f 50 4f 4c 4c
03-04 16:17:32.999 D/wpa_supplicant(  694): wlan0: Control interface command 'SIGNAL_POLL'
03-04 16:17:33.019 D/wpa_supplicant(  694): nl80211: survey data missing!
03-04 16:17:33.019 I/WifiHW  (  505): REPLY: RSSI=-62
03-04 16:17:33.019 I/WifiHW  (  505): REPLY: LINKSPEED=26
03-04 16:17:33.019 I/WifiHW  (  505): REPLY: NOISE=9999
03-04 16:17:33.019 I/WifiHW  (  505): REPLY: FREQUENCY=2437
03-04 16:17:35.209 I/MediaFocusControl(  505):  AudioFocus  abandonAudioFocus() from android.media.AudioManager@21efe028org.chromium.media.MediaPlayerListener@21fa5560
03-04 16:17:35.209 V/Avrcp   ( 1171): New genId = 88, clearing = 1
03-04 16:17:35.229 D/BatteryStatsImpl(  505): noteStopWakeLocked system isFromForeground = false
03-04 16:17:35.259 W/BindingManager(14544): Cannot call determinedVisibility() - never saw a connection for the pid: 14544
03-04 16:17:35.299 I/chromium(14544): [INFO:CONSOLE(53)] "Uncaught TypeError: Cannot read property 'addEventListener' of undefined", source: app://org.xwalk.webapi_noneservice_tests//opt/tct-audio-html5-tests/audio/audio_MediaController_oncanplay_event.html (53)
03-04 16:17:35.309 E/MediaResourceGetter(14544): File does not exist.
03-04 16:17:35.309 E/MediaResourceGetter(14544): Unable to configure metadata extractor
03-04 16:17:35.309 E/chromium(14544): [ERROR:webmediaplayer_android.cc(449)] Not implemented reached in virtual void content::WebMediaPlayerAndroid::setRate(double)
03-04 16:17:35.309 I/MediaFocusControl(  505):  AudioFocus  requestAudioFocus() from android.media.AudioManager@21efe028org.chromium.media.MediaPlayerListener@2204e3e8
03-04 16:17:35.309 V/Avrcp   ( 1171): New genId = 89, clearing = 1
03-04 16:17:35.319 D/MediaPlayer(14544): Couldn't open file on client side, trying server side
03-04 16:17:35.319 I/AwesomePlayer(  182): setDataSource_l(URL suppressed)
03-04 16:17:35.319 E/FileSource(  182): Failed to open file 'app://org.xwalk.webapi_noneservice_tests//opt/tct-audio-html5-tests/audio/media/movie_5.ogv'. (No such file or directory)
03-04 16:17:35.319 E/MediaPlayer(14544): error (1, -2147483648)
03-04 16:17:35.339 E/MediaPlayer(14544): Error (1,-2147483648)
03-04 16:17:36.029 I/WifiHW  (  505): CMD: IFNAME=wlan0 SIGNAL_POLL
03-04 16:17:36.029 D/wpa_supplicant(  694): RX ctrl_iface - hexdump(len=11): 53 49 47 4e 41 4c 5f 50 4f 4c 4c
03-04 16:17:36.029 D/wpa_supplicant(  694): wlan0: Control interface command 'SIGNAL_POLL'
03-04 16:17:36.059 D/wpa_supplicant(  694): nl80211: survey data missing!
03-04 16:17:36.059 I/WifiHW  (  505): REPLY: RSSI=-59
03-04 16:17:36.059 I/WifiHW  (  505): REPLY: LINKSPEED=26
03-04 16:17:36.059 I/WifiHW  (  505): REPLY: NOISE=9999
03-04 16:17:36.059 I/WifiHW  (  505): REPLY: FREQUENCY=2437
03-04 16:17:38.409 I/MediaFocusControl(  505):  AudioFocus  abandonAudioFocus() from android.media.AudioManager@21efe028org.chromium.media.MediaPlayerListener@2204e3e8
03-04 16:17:38.419 V/Avrcp   ( 1171): New genId = 90, clearing = 1
03-04 16:17:38.429 D/BatteryStatsImpl(  505): noteStopWakeLocked system isFromForeground = false
03-04 16:17:38.459 W/BindingManager(14544): Cannot call determinedVisibility() - never saw a connection for the pid: 14544
03-04 16:17:38.969 I/chromium(14544): [INFO:CONSOLE(53)] "Uncaught TypeError: Cannot read property 'addEventListener' of undefined", source: app://org.xwalk.webapi_noneservice_tests//opt/tct-audio-html5-tests/audio/audio_MediaController_onemptied_event.html (53)
03-04 16:17:38.989 E/MediaResourceGetter(14544): File does not exist.
03-04 16:17:38.989 E/MediaResourceGetter(14544): Unable to configure metadata extractor
03-04 16:17:38.999 E/chromium(14544): [ERROR:webmediaplayer_android.cc(449)] Not implemented reached in virtual void content::WebMediaPlayerAndroid::setRate(double)
03-04 16:17:38.999 I/MediaFocusControl(  505):  AudioFocus  requestAudioFocus() from android.media.AudioManager@21efe028org.chromium.media.MediaPlayerListener@21faefe0
03-04 16:17:38.999 V/Avrcp   ( 1171): New genId = 91, clearing = 1
03-04 16:17:38.999 D/MediaPlayer(14544): Couldn't open file on client side, trying server side
03-04 16:17:38.999 I/AwesomePlayer(  182): setDataSource_l(URL suppressed)
03-04 16:17:38.999 E/FileSource(  182): Failed to open file 'app://org.xwalk.webapi_noneservice_tests//opt/tct-audio-html5-tests/audio/media/movie_5.ogv'. (No such file or directory)
03-04 16:17:38.999 E/MediaPlayer(14544): error (1, -2147483648)
03-04 16:17:39.009 E/MediaPlayer(14544): Error (1,-2147483648)
03-04 16:17:39.069 I/WifiHW  (  505): CMD: IFNAME=wlan0 SIGNAL_POLL
03-04 16:17:39.069 D/wpa_supplicant(  694): RX ctrl_iface - hexdump(len=11): 53 49 47 4e 41 4c 5f 50 4f 4c 4c
03-04 16:17:39.069 D/wpa_supplicant(  694): wlan0: Control interface command 'SIGNAL_POLL'
03-04 16:17:39.099 D/wpa_supplicant(  694): nl80211: survey data missing!
03-04 16:17:39.099 I/WifiHW  (  505): REPLY: RSSI=-63
03-04 16:17:39.099 I/WifiHW  (  505): REPLY: LINKSPEED=26
03-04 16:17:39.099 I/WifiHW  (  505): REPLY: NOISE=9999
03-04 16:17:39.099 I/WifiHW  (  505): REPLY: FREQUENCY=2437
03-04 16:17:42.109 I/WifiHW  (  505): CMD: IFNAME=wlan0 SIGNAL_POLL
03-04 16:17:42.109 D/wpa_supplicant(  694): RX ctrl_iface - hexdump(len=11): 53 49 47 4e 41 4c 5f 50 4f 4c 4c
03-04 16:17:42.109 D/wpa_supplicant(  694): wlan0: Control interface command 'SIGNAL_POLL'
03-04 16:17:42.129 D/wpa_supplicant(  694): nl80211: survey data missing!
03-04 16:17:42.129 I/WifiHW  (  505): REPLY: RSSI=-62
03-04 16:17:42.129 I/WifiHW  (  505): REPLY: LINKSPEED=26
03-04 16:17:42.129 I/WifiHW  (  505): REPLY: NOISE=9999
03-04 16:17:42.129 I/WifiHW  (  505): REPLY: FREQUENCY=2437
03-04 16:17:45.139 I/WifiHW  (  505): CMD: IFNAME=wlan0 SIGNAL_POLL
03-04 16:17:45.139 D/wpa_supplicant(  694): RX ctrl_iface - hexdump(len=11): 53 49 47 4e 41 4c 5f 50 4f 4c 4c
03-04 16:17:45.139 D/wpa_supplicant(  694): wlan0: Control interface command 'SIGNAL_POLL'
03-04 16:17:45.169 D/wpa_supplicant(  694): nl80211: survey data missing!
03-04 16:17:45.169 I/WifiHW  (  505): REPLY: RSSI=-68
03-04 16:17:45.169 I/WifiHW  (  505): REPLY: LINKSPEED=26
03-04 16:17:45.169 I/WifiHW  (  505): REPLY: NOISE=9999
03-04 16:17:45.169 I/WifiHW  (  505): REPLY: FREQUENCY=2437
03-04 16:17:45.289 D/EVENT_THREAD(  182): void CEventThread::run() POLLIN event on Fd (1)
03-04 16:17:45.289 D/EVENT_THREAD(  182): void CEventThread::run() Do poll with timeout: -1
03-04 16:17:45.289 I/upi_ug31xx(  165): (2059) update_capacity
03-04 16:17:45.289 I/[UPI]   (  165): <UG31/E>[UpiReadCapacity]: V=4033(4029), T=341(343-402), I=-349, C=-3(-3-0)
03-04 16:17:45.289 I/[UPI]   (  165): <UG31/E>[UpiReadCapacity]: (0x0000254a) 3054 (3052) / 3602 (4028) = 85
03-04 16:17:45.289 I/[UPI]   (  165): <UG31/E>[UpiReadCapacity]: (0x0000254a) 3054 (3052) / 3602 (4028) = 85
03-04 16:17:45.289 I/[UPI]   (  165): <UG31/E>[UpiReadCapacity]: (0x0000254a) 3051 (3051) / 3602 (4028) = 85
03-04 16:17:45.289 I/[UPI]   (  165): <UG31/E>[RsocFilterCountTime]: (0x0000254a) Step=5(333550), Full=5(333550), Lock=333550(1800000)
03-04 16:17:45.289 I/[UPI]   (  165): <UG31/E>[UpiReadCapacity]: (0x0000254a) 3051 (3051) / 3602 (4028) = 85 (-349--349)
03-04 16:17:45.289 I/[UPI]   (  165): <UG31/E><BATT> M:normal, P:85(85-85)%, V:4028mV, C:-285mA, T:34.3C(402), S:0x0000254a(000), R:3051mAh, F:3602mAh, Q:761mAh, CC:4, P:30.320(847-0)s, BO:7, 97:615:0-44af-9m:B001-20140514-144301 (16)
03-04 16:17:45.289 D/EVENT_THREAD(  182): void CEventThread::run() POLLIN event on Fd (1)
03-04 16:17:45.289 D/EVENT_THREAD(  182): void CEventThread::run() Do poll with timeout: -1
03-04 16:17:45.289 I/upi_ug31xx(  165): (2060) backup_data 
03-04 16:17:45.289 V/upi_ug31xx(  165): state->check_backup_count = 9
03-04 16:17:48.189 I/WifiHW  (  505): CMD: IFNAME=wlan0 SIGNAL_POLL
03-04 16:17:48.189 D/wpa_supplicant(  694): RX ctrl_iface - hexdump(len=11): 53 49 47 4e 41 4c 5f 50 4f 4c 4c
03-04 16:17:48.189 D/wpa_supplicant(  694): wlan0: Control interface command 'SIGNAL_POLL'
03-04 16:17:48.209 D/wpa_supplicant(  694): nl80211: survey data missing!
03-04 16:17:48.209 I/WifiHW  (  505): REPLY: RSSI=-61
03-04 16:17:48.209 I/WifiHW  (  505): REPLY: LINKSPEED=26
03-04 16:17:48.209 I/WifiHW  (  505): REPLY: NOISE=9999
03-04 16:17:48.209 I/WifiHW  (  505): REPLY: FREQUENCY=2437
03-04 16:17:51.109 I/MediaFocusControl(  505):  AudioFocus  abandonAudioFocus() from android.media.AudioManager@21efe028org.chromium.media.MediaPlayerListener@21faefe0
03-04 16:17:51.109 V/Avrcp   ( 1171): New genId = 92, clearing = 1
03-04 16:17:51.129 D/BatteryStatsImpl(  505): noteStopWakeLocked system isFromForeground = false
03-04 16:17:51.149 W/BindingManager(14544): Cannot call determinedVisibility() - never saw a connection for the pid: 14544
03-04 16:17:51.179 I/chromium(14544): [INFO:CONSOLE(53)] "Uncaught TypeError: Cannot read property 'addEventListener' of undefined", source: app://org.xwalk.webapi_noneservice_tests//opt/tct-audio-html5-tests/audio/audio_MediaController_onloadeddata_event.html (53)
03-04 16:17:51.189 E/MediaResourceGetter(14544): File does not exist.
03-04 16:17:51.189 E/MediaResourceGetter(14544): Unable to configure metadata extractor
03-04 16:17:51.199 E/chromium(14544): [ERROR:webmediaplayer_android.cc(449)] Not implemented reached in virtual void content::WebMediaPlayerAndroid::setRate(double)
03-04 16:17:51.199 I/MediaFocusControl(  505):  AudioFocus  requestAudioFocus() from android.media.AudioManager@21efe028org.chromium.media.MediaPlayerListener@2204ff90
03-04 16:17:51.199 V/Avrcp   ( 1171): New genId = 93, clearing = 1
03-04 16:17:51.199 D/MediaPlayer(14544): Couldn't open file on client side, trying server side
03-04 16:17:51.199 I/AwesomePlayer(  182): setDataSource_l(URL suppressed)
03-04 16:17:51.199 E/FileSource(  182): Failed to open file 'app://org.xwalk.webapi_noneservice_tests//opt/tct-audio-html5-tests/audio/media/movie_5.ogv'. (No such file or directory)
03-04 16:17:51.199 E/MediaPlayer(14544): error (1, -2147483648)
03-04 16:17:51.209 E/MediaPlayer(14544): Error (1,-2147483648)
03-04 16:17:51.219 I/WifiHW  (  505): CMD: IFNAME=wlan0 SIGNAL_POLL
03-04 16:17:51.219 D/wpa_supplicant(  694): RX ctrl_iface - hexdump(len=11): 53 49 47 4e 41 4c 5f 50 4f 4c 4c
03-04 16:17:51.219 D/wpa_supplicant(  694): wlan0: Control interface command 'SIGNAL_POLL'
03-04 16:17:51.259 D/wpa_supplicant(  694): nl80211: survey data missing!
03-04 16:17:51.259 I/WifiHW  (  505): REPLY: RSSI=-66
03-04 16:17:51.259 I/WifiHW  (  505): REPLY: LINKSPEED=26
03-04 16:17:51.259 I/WifiHW  (  505): REPLY: NOISE=9999
03-04 16:17:51.259 I/WifiHW  (  505): REPLY: FREQUENCY=2437
03-04 16:17:54.259 I/WifiHW  (  505): CMD: IFNAME=wlan0 SIGNAL_POLL
03-04 16:17:54.259 D/wpa_supplicant(  694): RX ctrl_iface - hexdump(len=11): 53 49 47 4e 41 4c 5f 50 4f 4c 4c
03-04 16:17:54.259 D/wpa_supplicant(  694): wlan0: Control interface command 'SIGNAL_POLL'
03-04 16:17:54.289 I/MediaFocusControl(  505):  AudioFocus  abandonAudioFocus() from android.media.AudioManager@21efe028org.chromium.media.MediaPlayerListener@2204ff90
03-04 16:17:54.289 V/Avrcp   ( 1171): New genId = 94, clearing = 1
03-04 16:17:54.289 D/wpa_supplicant(  694): nl80211: survey data missing!
03-04 16:17:54.289 I/WifiHW  (  505): REPLY: RSSI=-66
03-04 16:17:54.289 I/WifiHW  (  505): REPLY: LINKSPEED=26
03-04 16:17:54.289 I/WifiHW  (  505): REPLY: NOISE=9999
03-04 16:17:54.289 I/WifiHW  (  505): REPLY: FREQUENCY=2437
03-04 16:17:54.299 D/BatteryStatsImpl(  505): noteStopWakeLocked system isFromForeground = false
03-04 16:17:54.329 W/BindingManager(14544): Cannot call determinedVisibility() - never saw a connection for the pid: 14544
03-04 16:17:54.369 I/chromium(14544): [INFO:CONSOLE(53)] "Uncaught TypeError: Cannot read property 'addEventListener' of undefined", source: app://org.xwalk.webapi_noneservice_tests//opt/tct-audio-html5-tests/audio/audio_MediaController_onloadedmetadata_event.html (53)
03-04 16:17:54.379 E/MediaResourceGetter(14544): File does not exist.
03-04 16:17:54.379 E/MediaResourceGetter(14544): Unable to configure metadata extractor
03-04 16:17:54.389 E/chromium(14544): [ERROR:webmediaplayer_android.cc(449)] Not implemented reached in virtual void content::WebMediaPlayerAndroid::setRate(double)
03-04 16:17:54.389 I/MediaFocusControl(  505):  AudioFocus  requestAudioFocus() from android.media.AudioManager@21efe028org.chromium.media.MediaPlayerListener@2205b210
03-04 16:17:54.389 V/Avrcp   ( 1171): New genId = 95, clearing = 1
03-04 16:17:54.389 D/MediaPlayer(14544): Couldn't open file on client side, trying server side
03-04 16:17:54.389 I/AwesomePlayer(  182): setDataSource_l(URL suppressed)
03-04 16:17:54.389 E/FileSource(  182): Failed to open file 'app://org.xwalk.webapi_noneservice_tests//opt/tct-audio-html5-tests/audio/media/movie_5.ogv'. (No such file or directory)
03-04 16:17:54.399 E/MediaPlayer(14544): error (1, -2147483648)
03-04 16:17:54.399 E/MediaPlayer(14544): Error (1,-2147483648)
03-04 16:17:57.299 I/WifiHW  (  505): CMD: IFNAME=wlan0 SIGNAL_POLL
03-04 16:17:57.299 D/wpa_supplicant(  694): RX ctrl_iface - hexdump(len=11): 53 49 47 4e 41 4c 5f 50 4f 4c 4c
03-04 16:17:57.299 D/wpa_supplicant(  694): wlan0: Control interface command 'SIGNAL_POLL'
03-04 16:17:57.329 D/wpa_supplicant(  694): nl80211: survey data missing!
03-04 16:17:57.329 I/WifiHW  (  505): REPLY: RSSI=-63
03-04 16:17:57.329 I/WifiHW  (  505): REPLY: LINKSPEED=26
03-04 16:17:57.329 I/WifiHW  (  505): REPLY: NOISE=9999
03-04 16:17:57.329 I/WifiHW  (  505): REPLY: FREQUENCY=2437
03-04 16:17:57.489 I/MediaFocusControl(  505):  AudioFocus  abandonAudioFocus() from android.media.AudioManager@21efe028org.chromium.media.MediaPlayerListener@2205b210
03-04 16:17:57.489 V/Avrcp   ( 1171): New genId = 96, clearing = 1
03-04 16:17:57.509 D/BatteryStatsImpl(  505): noteStopWakeLocked system isFromForeground = false
03-04 16:17:57.529 W/BindingManager(14544): Cannot call determinedVisibility() - never saw a connection for the pid: 14544
03-04 16:17:57.909 I/chromium(14544): [INFO:CONSOLE(53)] "Uncaught TypeError: Cannot read property 'addEventListener' of undefined", source: app://org.xwalk.webapi_noneservice_tests//opt/tct-audio-html5-tests/audio/audio_MediaController_onpause_event.html (53)
03-04 16:17:57.939 E/MediaResourceGetter(14544): File does not exist.
03-04 16:17:57.939 E/MediaResourceGetter(14544): Unable to configure metadata extractor
03-04 16:17:57.949 E/chromium(14544): [ERROR:webmediaplayer_android.cc(449)] Not implemented reached in virtual void content::WebMediaPlayerAndroid::setRate(double)
03-04 16:17:57.949 I/MediaFocusControl(  505):  AudioFocus  requestAudioFocus() from android.media.AudioManager@21efe028org.chromium.media.MediaPlayerListener@2201e240
03-04 16:17:57.949 D/MediaPlayer(14544): Couldn't open file on client side, trying server side
03-04 16:17:57.949 I/AwesomePlayer(  182): setDataSource_l(URL suppressed)
03-04 16:17:57.949 V/Avrcp   ( 1171): New genId = 97, clearing = 1
03-04 16:17:57.949 E/FileSource(  182): Failed to open file 'app://org.xwalk.webapi_noneservice_tests//opt/tct-audio-html5-tests/audio/media/movie_5.ogv'. (No such file or directory)
03-04 16:17:57.949 E/MediaPlayer(14544): error (1, -2147483648)
03-04 16:17:57.959 E/MediaPlayer(14544): Error (1,-2147483648)
03-04 16:17:59.999 D/Clock   (  571): ACTION_TIME_TICK
03-04 16:17:59.999 D/Clock   (  571): update clock:4:18
03-04 16:18:00.019 D/BatteryStatsImpl(  505): noteStopWakeLocked system isFromForeground = false
03-04 16:18:00.339 I/WifiHW  (  505): CMD: IFNAME=wlan0 SIGNAL_POLL
03-04 16:18:00.339 D/wpa_supplicant(  694): RX ctrl_iface - hexdump(len=11): 53 49 47 4e 41 4c 5f 50 4f 4c 4c
03-04 16:18:00.339 D/wpa_supplicant(  694): wlan0: Control interface command 'SIGNAL_POLL'
03-04 16:18:00.369 D/wpa_supplicant(  694): nl80211: survey data missing!
03-04 16:18:00.369 I/WifiHW  (  505): REPLY: RSSI=-68
03-04 16:18:00.369 I/WifiHW  (  505): REPLY: LINKSPEED=26
03-04 16:18:00.369 I/WifiHW  (  505): REPLY: NOISE=9999
03-04 16:18:00.369 I/WifiHW  (  505): REPLY: FREQUENCY=2437
03-04 16:18:01.029 I/MediaFocusControl(  505):  AudioFocus  abandonAudioFocus() from android.media.AudioManager@21efe028org.chromium.media.MediaPlayerListener@2201e240
03-04 16:18:01.029 V/Avrcp   ( 1171): New genId = 98, clearing = 1
03-04 16:18:01.049 D/BatteryStatsImpl(  505): noteStopWakeLocked system isFromForeground = false
03-04 16:18:01.069 W/BindingManager(14544): Cannot call determinedVisibility() - never saw a connection for the pid: 14544
03-04 16:18:01.359 E/MediaResourceGetter(14544): File does not exist.
03-04 16:18:01.359 E/MediaResourceGetter(14544): Unable to configure metadata extractor
03-04 16:18:01.589 I/chromium(14544): [INFO:CONSOLE(53)] "Uncaught TypeError: Cannot read property 'addEventListener' of undefined", source: app://org.xwalk.webapi_noneservice_tests//opt/tct-audio-html5-tests/audio/audio_MediaController_onplaying_event.html (53)
03-04 16:18:01.619 E/MediaResourceGetter(14544): File does not exist.
03-04 16:18:01.619 E/MediaResourceGetter(14544): Unable to configure metadata extractor
03-04 16:18:01.629 E/chromium(14544): [ERROR:webmediaplayer_android.cc(449)] Not implemented reached in virtual void content::WebMediaPlayerAndroid::setRate(double)
03-04 16:18:01.629 I/MediaFocusControl(  505):  AudioFocus  requestAudioFocus() from android.media.AudioManager@21efe028org.chromium.media.MediaPlayerListener@21fed378
03-04 16:18:01.629 V/Avrcp   ( 1171): New genId = 99, clearing = 1
03-04 16:18:01.629 D/MediaPlayer(14544): Couldn't open file on client side, trying server side
03-04 16:18:01.629 I/AwesomePlayer(  182): setDataSource_l(URL suppressed)
03-04 16:18:01.629 E/FileSource(  182): Failed to open file 'app://org.xwalk.webapi_noneservice_tests//opt/tct-audio-html5-tests/audio/media/movie_5.ogv'. (No such file or directory)
03-04 16:18:01.629 E/MediaPlayer(14544): error (1, -2147483648)
03-04 16:18:01.629 E/MediaPlayer(14544): Error (1,-2147483648)
03-04 16:18:03.379 I/WifiHW  (  505): CMD: IFNAME=wlan0 SIGNAL_POLL
03-04 16:18:03.379 D/wpa_supplicant(  694): RX ctrl_iface - hexdump(len=11): 53 49 47 4e 41 4c 5f 50 4f 4c 4c
03-04 16:18:03.379 D/wpa_supplicant(  694): wlan0: Control interface command 'SIGNAL_POLL'
03-04 16:18:03.409 D/wpa_supplicant(  694): nl80211: survey data missing!
03-04 16:18:03.409 I/WifiHW  (  505): REPLY: RSSI=-65
03-04 16:18:03.409 I/WifiHW  (  505): REPLY: LINKSPEED=26
03-04 16:18:03.409 I/WifiHW  (  505): REPLY: NOISE=9999
03-04 16:18:03.409 I/WifiHW  (  505): REPLY: FREQUENCY=2437
03-04 16:18:04.719 I/MediaFocusControl(  505):  AudioFocus  abandonAudioFocus() from android.media.AudioManager@21efe028org.chromium.media.MediaPlayerListener@21fed378
03-04 16:18:04.719 V/Avrcp   ( 1171): New genId = 100, clearing = 1
03-04 16:18:04.729 D/BatteryStatsImpl(  505): noteStopWakeLocked system isFromForeground = false
03-04 16:18:04.759 W/BindingManager(14544): Cannot call determinedVisibility() - never saw a connection for the pid: 14544
03-04 16:18:04.789 I/chromium(14544): [INFO:CONSOLE(53)] "Uncaught TypeError: Cannot read property 'addEventListener' of undefined", source: app://org.xwalk.webapi_noneservice_tests//opt/tct-audio-html5-tests/audio/audio_MediaController_onplay_event.html (53)
03-04 16:18:04.799 E/MediaResourceGetter(14544): File does not exist.
03-04 16:18:04.799 E/MediaResourceGetter(14544): Unable to configure metadata extractor
03-04 16:18:04.799 E/chromium(14544): [ERROR:webmediaplayer_android.cc(449)] Not implemented reached in virtual void content::WebMediaPlayerAndroid::setRate(double)
03-04 16:18:04.799 I/MediaFocusControl(  505):  AudioFocus  requestAudioFocus() from android.media.AudioManager@21efe028org.chromium.media.MediaPlayerListener@2203f6b0
03-04 16:18:04.799 D/MediaPlayer(14544): Couldn't open file on client side, trying server side
03-04 16:18:04.809 I/AwesomePlayer(  182): setDataSource_l(URL suppressed)
03-04 16:18:04.809 V/Avrcp   ( 1171): New genId = 101, clearing = 1
03-04 16:18:04.809 E/FileSource(  182): Failed to open file 'app://org.xwalk.webapi_noneservice_tests//opt/tct-audio-html5-tests/audio/media/movie_5.ogv'. (No such file or directory)
03-04 16:18:04.809 E/MediaPlayer(14544): error (1, -2147483648)
03-04 16:18:04.829 E/MediaPlayer(14544): Error (1,-2147483648)
03-04 16:18:06.419 I/WifiHW  (  505): CMD: IFNAME=wlan0 SIGNAL_POLL
03-04 16:18:06.419 D/wpa_supplicant(  694): RX ctrl_iface - hexdump(len=11): 53 49 47 4e 41 4c 5f 50 4f 4c 4c
03-04 16:18:06.419 D/wpa_supplicant(  694): wlan0: Control interface command 'SIGNAL_POLL'
03-04 16:18:06.439 D/wpa_supplicant(  694): nl80211: survey data missing!
03-04 16:18:06.439 I/WifiHW  (  505): REPLY: RSSI=-69
03-04 16:18:06.439 I/WifiHW  (  505): REPLY: LINKSPEED=26
03-04 16:18:06.439 I/WifiHW  (  505): REPLY: NOISE=9999
03-04 16:18:06.439 I/WifiHW  (  505): REPLY: FREQUENCY=2437
03-04 16:18:07.899 I/MediaFocusControl(  505):  AudioFocus  abandonAudioFocus() from android.media.AudioManager@21efe028org.chromium.media.MediaPlayerListener@2203f6b0
03-04 16:18:07.899 V/Avrcp   ( 1171): New genId = 102, clearing = 1
03-04 16:18:07.909 D/BatteryStatsImpl(  505): noteStopWakeLocked system isFromForeground = false
03-04 16:18:07.929 W/BindingManager(14544): Cannot call determinedVisibility() - never saw a connection for the pid: 14544
03-04 16:18:08.089 I/chromium(14544): [INFO:CONSOLE(52)] "Uncaught TypeError: Cannot set property 'playbackRate' of undefined", source: app://org.xwalk.webapi_noneservice_tests//opt/tct-audio-html5-tests/audio/audio_MediaController_onratechange_event.html (52)
03-04 16:18:08.099 E/MediaResourceGetter(14544): File does not exist.
03-04 16:18:08.099 E/MediaResourceGetter(14544): Unable to configure metadata extractor
03-04 16:18:08.109 E/chromium(14544): [ERROR:webmediaplayer_android.cc(449)] Not implemented reached in virtual void content::WebMediaPlayerAndroid::setRate(double)
03-04 16:18:08.109 I/MediaFocusControl(  505):  AudioFocus  requestAudioFocus() from android.media.AudioManager@21efe028org.chromium.media.MediaPlayerListener@21fce180
03-04 16:18:08.109 V/Avrcp   ( 1171): New genId = 103, clearing = 1
03-04 16:18:08.109 D/MediaPlayer(14544): Couldn't open file on client side, trying server side
03-04 16:18:08.119 I/AwesomePlayer(  182): setDataSource_l(URL suppressed)
03-04 16:18:08.119 E/FileSource(  182): Failed to open file 'app://org.xwalk.webapi_noneservice_tests//opt/tct-audio-html5-tests/audio/media/movie_5.ogv'. (No such file or directory)
03-04 16:18:08.119 E/MediaPlayer(14544): error (1, -2147483648)
03-04 16:18:08.119 E/MediaPlayer(14544): Error (1,-2147483648)
03-04 16:18:09.449 I/WifiHW  (  505): CMD: IFNAME=wlan0 SIGNAL_POLL
03-04 16:18:09.449 D/wpa_supplicant(  694): RX ctrl_iface - hexdump(len=11): 53 49 47 4e 41 4c 5f 50 4f 4c 4c
03-04 16:18:09.449 D/wpa_supplicant(  694): wlan0: Control interface command 'SIGNAL_POLL'
03-04 16:18:09.479 D/wpa_supplicant(  694): nl80211: survey data missing!
03-04 16:18:09.479 I/WifiHW  (  505): REPLY: RSSI=-64
03-04 16:18:09.479 I/WifiHW  (  505): REPLY: LINKSPEED=26
03-04 16:18:09.479 I/WifiHW  (  505): REPLY: NOISE=9999
03-04 16:18:09.479 I/WifiHW  (  505): REPLY: FREQUENCY=2437
03-04 16:18:11.229 I/MediaFocusControl(  505):  AudioFocus  abandonAudioFocus() from android.media.AudioManager@21efe028org.chromium.media.MediaPlayerListener@21fce180
03-04 16:18:11.229 V/Avrcp   ( 1171): New genId = 104, clearing = 1
03-04 16:18:11.239 D/BatteryStatsImpl(  505): noteStopWakeLocked system isFromForeground = false
03-04 16:18:11.289 W/BindingManager(14544): Cannot call determinedVisibility() - never saw a connection for the pid: 14544
03-04 16:18:11.739 I/chromium(14544): [INFO:CONSOLE(52)] "Uncaught TypeError: Cannot set property 'volume' of undefined", source: app://org.xwalk.webapi_noneservice_tests//opt/tct-audio-html5-tests/audio/audio_MediaController_onvolumechange_event.html (52)
03-04 16:18:11.749 E/MediaResourceGetter(14544): File does not exist.
03-04 16:18:11.749 E/MediaResourceGetter(14544): Unable to configure metadata extractor
03-04 16:18:11.759 E/chromium(14544): [ERROR:webmediaplayer_android.cc(449)] Not implemented reached in virtual void content::WebMediaPlayerAndroid::setRate(double)
03-04 16:18:11.759 I/MediaFocusControl(  505):  AudioFocus  requestAudioFocus() from android.media.AudioManager@21efe028org.chromium.media.MediaPlayerListener@21fa9610
03-04 16:18:11.759 D/MediaPlayer(14544): Couldn't open file on client side, trying server side
03-04 16:18:11.759 V/Avrcp   ( 1171): New genId = 105, clearing = 1
03-04 16:18:11.759 I/AwesomePlayer(  182): setDataSource_l(URL suppressed)
03-04 16:18:11.759 E/FileSource(  182): Failed to open file 'app://org.xwalk.webapi_noneservice_tests//opt/tct-audio-html5-tests/audio/media/movie_5.ogv'. (No such file or directory)
03-04 16:18:11.759 E/MediaPlayer(14544): error (1, -2147483648)
03-04 16:18:11.779 E/MediaPlayer(14544): Error (1,-2147483648)
03-04 16:18:12.489 I/WifiHW  (  505): CMD: IFNAME=wlan0 SIGNAL_POLL
03-04 16:18:12.489 D/wpa_supplicant(  694): RX ctrl_iface - hexdump(len=11): 53 49 47 4e 41 4c 5f 50 4f 4c 4c
03-04 16:18:12.489 D/wpa_supplicant(  694): wlan0: Control interface command 'SIGNAL_POLL'
03-04 16:18:12.519 D/wpa_supplicant(  694): nl80211: survey data missing!
03-04 16:18:12.519 I/WifiHW  (  505): REPLY: RSSI=-63
03-04 16:18:12.519 I/WifiHW  (  505): REPLY: LINKSPEED=26
03-04 16:18:12.519 I/WifiHW  (  505): REPLY: NOISE=9999
03-04 16:18:12.519 I/WifiHW  (  505): REPLY: FREQUENCY=2437
03-04 16:18:12.829 D/EVENT_THREAD(  182): void CEventThread::run() POLLIN event on Fd (1)
03-04 16:18:12.829 D/EVENT_THREAD(  182): void CEventThread::run() Do poll with timeout: -1
03-04 16:18:14.889 I/MediaFocusControl(  505):  AudioFocus  abandonAudioFocus() from android.media.AudioManager@21efe028org.chromium.media.MediaPlayerListener@21fa9610
03-04 16:18:14.889 V/Avrcp   ( 1171): New genId = 106, clearing = 1
03-04 16:18:14.899 D/BatteryStatsImpl(  505): noteStopWakeLocked system isFromForeground = false
03-04 16:18:14.919 W/BindingManager(14544): Cannot call determinedVisibility() - never saw a connection for the pid: 14544
03-04 16:18:15.089 I/chromium(14544): [INFO:CONSOLE(53)] "Uncaught TypeError: Cannot read property 'addEventListener' of undefined", source: app://org.xwalk.webapi_noneservice_tests//opt/tct-audio-html5-tests/audio/audio_MediaController_onwaiting_event.html (53)
03-04 16:18:15.099 E/MediaResourceGetter(14544): File does not exist.
03-04 16:18:15.099 E/MediaResourceGetter(14544): Unable to configure metadata extractor
03-04 16:18:15.109 E/chromium(14544): [ERROR:webmediaplayer_android.cc(449)] Not implemented reached in virtual void content::WebMediaPlayerAndroid::setRate(double)
03-04 16:18:15.109 I/MediaFocusControl(  505):  AudioFocus  requestAudioFocus() from android.media.AudioManager@21efe028org.chromium.media.MediaPlayerListener@21fd89d8
03-04 16:18:15.109 V/Avrcp   ( 1171): New genId = 107, clearing = 1
03-04 16:18:15.139 E/wrs-omxil-core(  182): OMX_GetHandle(): exit failure, OMX.Intel.hw_vd.h264 not found
03-04 16:18:15.149 I/libva   (  182): VA-API version 0.34.0
03-04 16:18:15.149 I/libva   (  182): va_getDriverName() returns 0
03-04 16:18:15.149 I/libva   (  182): Trying to open /system/lib/i965_drv_video.so
03-04 16:18:15.159 I/libva   (  182): Found init function __vaDriverInit_0_32
03-04 16:18:15.169 I/libva   (  182): va_openDriver() returns 0
03-04 16:18:15.189 I/OMXCodec(  182): [OMX.Intel.hw_vd.h264] AVC profile = 66 (Baseline), level = 30
03-04 16:18:15.189 I/OMXCodec(  182): [OMX.Intel.hw_vd.h264] video dimensions are 320 x 240
03-04 16:18:15.189 I/OMXCodec(  182): [OMX.Intel.hw_vd.h264] Crop rect is 320 x 240 @ (0, 0)
03-04 16:18:15.189 D/AudioHardwareALSA(  182): setParameters
03-04 16:18:15.189 W/RouteManager(  182): doSetParameters: Unhandled argument.
03-04 16:18:15.189 I/SoftOMXPlugin(  182): Created OMXPlugin : OMX.Intel.aac.decoder
03-04 16:18:15.189 E/wrs-omxil-core(  182): OMX_GetHandle(): exit failure, OMX.Intel.hw_vd.h264 not found
03-04 16:18:15.189 I/libva   (  182): VA-API version 0.34.0
03-04 16:18:15.189 I/libva   (  182): va_getDriverName() returns 0
03-04 16:18:15.189 I/libva   (  182): Trying to open /system/lib/i965_drv_video.so
03-04 16:18:15.189 I/libva   (  182): Found init function __vaDriverInit_0_32
03-04 16:18:15.199 I/libva   (  182): va_openDriver() returns 0
03-04 16:18:15.199 I/OMXCodec(  182): [OMX.Intel.hw_vd.h264] AVC profile = 66 (Baseline), level = 30
03-04 16:18:15.199 I/OMXCodec(  182): [OMX.Intel.hw_vd.h264] video dimensions are 320 x 240
03-04 16:18:15.199 I/OMXCodec(  182): [OMX.Intel.hw_vd.h264] Crop rect is 320 x 240 @ (0, 0)
03-04 16:18:15.209 E/MediaPlayer(14544): Should have subtitle controller already set
03-04 16:18:15.209 D/MediaPlayer(14544): getMetadata
03-04 16:18:15.239 I/OMXCodec(  182): [OMX.Intel.hw_vd.h264] video dimensions are 320 x 256
03-04 16:18:15.239 I/OMXCodec(  182): [OMX.Intel.hw_vd.h264] Crop rect is 320 x 240 @ (0, 0)
03-04 16:18:15.269 D/MOS     (  182): mm:Mos_InitInterface_Linux called
03-04 16:18:15.279 I/MOS     (  182): Init Gmm Cache Policy
03-04 16:18:15.279 D/MOS     (  182): Cache Policy is enabled for media driver on other 
03-04 16:18:15.279 D/MOS     (  182): Cache Policy is enabled for media driver on other 
03-04 16:18:15.279 D/MOS     (  182): Cache Policy is enabled for media driver on other 
03-04 16:18:15.279 D/MOS     (  182): Cache Policy is enabled for media driver on other 
03-04 16:18:15.279 D/MOS     (  182): Cache Policy is enabled for media driver on other 
03-04 16:18:15.279 D/MOS     (  182): Cache Policy is enabled for media driver on other 
03-04 16:18:15.279 D/MOS     (  182): Cache Policy is enabled for media driver on other 
03-04 16:18:15.279 D/MOS     (  182): Cache Policy is enabled for media driver on other 
03-04 16:18:15.279 D/MOS     (  182): Cache Policy is enabled for media driver on other 
03-04 16:18:15.279 D/MOS     (  182): Cache Policy is enabled for media driver on other 
03-04 16:18:15.279 D/MOS     (  182): Cache Policy is enabled for media driver on other 
03-04 16:18:15.279 D/MOS     (  182): Cache Policy is enabled for media driver on other 
03-04 16:18:15.279 D/MOS     (  182): Cache Policy is enabled for media driver on other 
03-04 16:18:15.279 D/MOS     (  182): Cache Policy is enabled for media driver on other 
03-04 16:18:15.279 D/MOS     (  182): Cache Policy is enabled for media driver on other 
03-04 16:18:15.279 D/MOS     (  182): Cache Policy is enabled for media driver on other 
03-04 16:18:15.279 D/MOS     (  182): Cache Policy is enabled for media driver on other 
03-04 16:18:15.279 D/MOS     (  182): Cache Policy is enabled for media driver on other 
03-04 16:18:15.279 D/MOS     (  182): Cache Policy is enabled for media driver on other 
03-04 16:18:15.279 D/MOS     (  182): Cache Policy is enabled for media driver on other 
03-04 16:18:15.279 D/MOS     (  182): Cache Policy is enabled for media driver on other 
03-04 16:18:15.279 D/MOS     (  182): Cache Policy is enabled for media driver on other 
03-04 16:18:15.279 D/MOS     (  182): Cache Policy is enabled for media driver on other 
03-04 16:18:15.279 D/MOS     (  182): Cache Policy is enabled for media driver on other 
03-04 16:18:15.319 I/AudioPolicyManagerBase(  182): APM: getOutput
03-04 16:18:15.319 I/AudioPolicyManagerBase(  182): APM: getOutput
03-04 16:18:15.319 I/AudioPolicyManagerBase(  182): APM: getOutput
03-04 16:18:15.319 I/AudioPolicyManagerBase(  182): APM: getOutput
03-04 16:18:15.319 D/AudioPolicyManagerALSA(  182): startOutput() output 2, stream type 3, session 96
03-04 16:18:15.319 D/AudioHardwareALSA(  182): setStreamParameters: key value pair routing=2;stream_flags=2
03-04 16:18:15.319 D/RouteManager(  182): setOutputFlags: output flags = 0x2 (Prev Flags=0x2)
03-04 16:18:15.319 D/RouteManager(  182): setDevices: 0x2
03-04 16:18:15.319 D/RouteManager(  182): setDevices: 0x2
03-04 16:18:15.319 D/RouteManager(  182): setDevices: set device = IHF to output stream
03-04 16:18:15.319 D/RouteManager(  182): setStreamParameters: identical Platform State, do not reconsider routing
03-04 16:18:15.319 W/MediaPlayer(14544): info/warning (3, 0)
03-04 16:18:15.329 D/AudioResamplerIA(  182): Create AudioResamplerIA Resampler: Input rate 22050, output rate 48000
03-04 16:18:15.329 D/PROPERTY(  182): get media.dump_output.befconv: 0
03-04 16:18:15.329 D/PROPERTY(  182): get media.dump_output.aftconv: 0
03-04 16:18:15.329 D/RouteManager(  182): startStream: {+++ RECONSIDER ROUTING +++} due to output stream start event
03-04 16:18:15.329 D/RouteManager(  182): reconsiderRouting
03-04 16:18:15.329 D/EVENT_THREAD(  182): void CEventThread::trig(uint16_t): in
03-04 16:18:15.329 D/EVENT_THREAD(  182): void CEventThread::trig(uint16_t): out
03-04 16:18:15.329 D/RouteManager(  182): doReconsiderRouting:       Platform State:
03-04 16:18:15.329 D/RouteManager(  182): doReconsiderRouting:          -Modem Alive = 0 
03-04 16:18:15.329 D/RouteManager(  182): doReconsiderRouting:          -Modem Call Active = 0 
03-04 16:18:15.329 D/RouteManager(  182): doReconsiderRouting:          -Is Shared I2S glitch free=1 
03-04 16:18:15.329 D/RouteManager(  182): doReconsiderRouting:          -Android Telephony Mode = Normal 
03-04 16:18:15.329 D/RouteManager(  182): doReconsiderRouting:          -RTE MGR HW Mode = Normal 
03-04 16:18:15.329 D/RouteManager(  182): doReconsiderRouting:          -BT Enabled = 1 
03-04 16:18:15.329 D/RouteManager(  182): doReconsiderRouting:          -BT NREC = 0 
03-04 16:18:15.329 D/RouteManager(  182): doReconsiderRouting:          -BT Band = NB 
03-04 16:18:15.329 D/RouteManager(  182): doReconsiderRouting:          -Platform output device = IHF 
03-04 16:18:15.329 D/RouteManager(  182): doReconsiderRouting:          -Platform input device = <none> 
03-04 16:18:15.329 D/RouteManager(  182): doReconsiderRouting:          -Platform input source = None 
03-04 16:18:15.329 D/RouteManager(  182): doReconsiderRouting:          -Platform Band type = NB 
03-04 16:18:15.329 D/RouteManager(  182): doReconsiderRouting:          -Platform Has Direct Stream = no 
03-04 16:18:15.329 D/RouteManager(  182): doReconsiderRouting:          -Platform TTY direction = <none> 
03-04 16:18:15.329 D/RouteManager(  182): doReconsiderRouting:          -Platform HAC Mode = Off 
03-04 16:18:15.329 D/RouteManager(  182): doReconsiderRouting:          -Platform Screen State = On 
03-04 16:18:15.329 D/RouteManager(  182): doReconsiderRouting:          -Platform Context Awareness = false 
03-04 16:18:15.329 D/RouteManager(  182): doReconsiderRouting:          -Platform Always Listening = false 
03-04 16:18:15.329 D/RouteManager(  182): doReconsiderRouting:          -Platform FM State = Off 
03-04 16:18:15.329 D/RouteManager(  182): doReconsiderRouting:          -Platform Bypass Non Linear PP State = Off 
03-04 16:18:15.329 D/RouteManager(  182): doReconsiderRouting:          -Platform Bypass Linear PP State = Off 
03-04 16:18:15.329 D/RouteManager(  182): doReconsiderRouting:          -Platform MicMute = Off 
03-04 16:18:15.329 D/RouteManager(  182): doReconsiderRouting:      Route state:
03-04 16:18:15.329 D/RouteManager(  182): doReconsiderRouting:          -Previously Enabled Route in Input = <none>
03-04 16:18:15.329 D/RouteManager(  182): doReconsiderRouting:          -Previously Enabled Route in Output = <none>
03-04 16:18:15.329 D/RouteManager(  182): doReconsiderRouting:          -Selected Route in Input = <none>
03-04 16:18:15.329 D/RouteManager(  182): doReconsiderRouting:          -Selected Route in Output = Media|HwCodecMedia
03-04 16:18:15.329 D/RouteManager(  182): doReconsiderRouting:          -Route that need reconfiguration in Input = <none>
03-04 16:18:15.329 D/RouteManager(  182): doReconsiderRouting:          -Route that need reconfiguration in Output = <none>
03-04 16:18:15.329 D/RouteManager(  182): executeMuteStage: --------------- Routing Stage = Mute ---------------
03-04 16:18:15.329 D/RouteManager(  182): parameter-framework: Selection criterion changed event: Criterion name: RoutageState, current state: Flow
03-04 16:18:15.329 D/RouteManager(  182): parameter-framework: Configuration application request {
03-04 16:18:15.329 D/RouteManager(  182): parameter-framework:     Applying configurations {
03-04 16:18:15.329 D/RouteManager(  182): parameter-framework:     } Applying configurations
03-04 16:18:15.329 D/RouteManager(  182): parameter-framework: } Configuration application request
03-04 16:18:15.329 D/RouteManager(  182): executeDisableStage: --------------- Routing Stage = Disable ---------------
03-04 16:18:15.329 D/RouteManager(  182): parameter-framework: Selection criterion changed event: Criterion name: RoutageState, current state: Path
03-04 16:18:15.329 D/RouteManager(  182): parameter-framework: Configuration application request {
03-04 16:18:15.329 D/RouteManager(  182): parameter-framework:     Applying configurations {
03-04 16:18:15.329 D/RouteManager(  182): parameter-framework:     } Applying configurations
03-04 16:18:15.329 D/RouteManager(  182): parameter-framework: } Configuration application request
03-04 16:18:15.329 D/RouteManager(  182): executeConfigureStage: --------------- Routing Stage = Configure ---------------
03-04 16:18:15.329 D/RouteManager(  182): parameter-framework: Selection criterion changed event: Criterion name: RoutageState, current state: Configure
03-04 16:18:15.329 D/RouteManager(  182): parameter-framework: Selection criterion changed event: Criterion name: OpenedPlaybackRoutes, current state: Media|HwCodecMedia
03-04 16:18:15.329 D/RouteManager(  182): parameter-framework: Configuration application request {
03-04 16:18:15.329 D/RouteManager(  182): parameter-framework:     Applying configurations {
03-04 16:18:15.329 D/RouteManager(  182): parameter-framework:         Applying configuration "Activated" from domain "Routing.Configure.LPE_Mixer.IHF"
03-04 16:18:15.359 D/RouteManager(  182): parameter-framework:     } Applying configurations
03-04 16:18:15.359 D/RouteManager(  182): parameter-framework: } Configuration application request
03-04 16:18:15.359 D/RouteManager(  182): executeEnableStage: --------------- Routing Stage = Enable ---------------
03-04 16:18:15.359 D/RouteManager(  182): parameter-framework: Selection criterion changed event: Criterion name: RoutageState, current state: Path|Configure
03-04 16:18:15.359 D/RouteManager(  182): doEnableRoutes: Routes to be enabled(routed) in Output = Media|HwCodecMedia
03-04 16:18:15.359 D/RouteManager(  182): parameter-framework: Configuration application request {
03-04 16:18:15.359 D/RouteManager(  182): parameter-framework:     Applying configurations {
03-04 16:18:15.359 D/RouteManager(  182): parameter-framework:         Applying configuration "Enable" from domain "Routing.Enable.HWCodec.Playback.IHF"
03-04 16:18:15.359 D/RouteManager(  182): parameter-framework:         Applying configuration "Enable" from domain "Routing.Enable.HWCodec.Playback.Multimedia.IHF"
03-04 16:18:15.359 D/RouteManager(  182): parameter-framework:         Applying configuration "Enable" from domain "Routing.Enable.HWCodec.Playback.Multimedia.Playback"
03-04 16:18:15.369 D/RouteManager(  182): parameter-framework:     } Applying configurations
03-04 16:18:15.369 D/RouteManager(  182): parameter-framework: } Configuration application request
03-04 16:18:15.369 D/RouteManager(  182): doEnableRoutes: Routes to be enabled(routed) in Output = Media|HwCodecMedia
03-04 16:18:15.369 D/RouteManager/StreamRoute(  182): openPcmDevice called for card (baytrailaudio,0)
03-04 16:18:15.369 D/RouteManager/StreamRoute(  182): openPcmDevice		 config=rate(48000), format(0), channels(2))
03-04 16:18:15.369 D/RouteManager/StreamRoute(  182): openPcmDevice		 period_size=1152, period_count=4
03-04 16:18:15.369 D/RouteManager/StreamRoute(  182): openPcmDevice		 startTh=4607, stop Th=4608 silence Th=0
03-04 16:18:15.459 D/ALSAStreamOps(  182): attachRouteL output stream
03-04 16:18:15.459 D/AudioConversion(  182): configure: no convertion required
03-04 16:18:15.459 D/RouteManager(  182): executeUnmuteStage: --------------- Routing Stage = Unmute ---------------
03-04 16:18:15.459 D/RouteManager(  182): parameter-framework: Selection criterion changed event: Criterion name: RoutageState, current state: Flow|Path|Configure
03-04 16:18:15.459 D/RouteManager(  182): parameter-framework: Configuration application request {
03-04 16:18:15.459 D/RouteManager(  182): parameter-framework:     Applying configurations {
03-04 16:18:15.459 D/RouteManager(  182): parameter-framework:     } Applying configurations
03-04 16:18:15.459 D/RouteManager(  182): parameter-framework: } Configuration application request
03-04 16:18:15.459 D/RouteManager(  182): reconsiderRouting: DONE
03-04 16:18:15.459 D/EVENT_THREAD(  182): void CEventThread::run() Do poll with timeout: -1
03-04 16:18:15.529 I/WifiHW  (  505): CMD: IFNAME=wlan0 SIGNAL_POLL
03-04 16:18:15.529 D/wpa_supplicant(  694): RX ctrl_iface - hexdump(len=11): 53 49 47 4e 41 4c 5f 50 4f 4c 4c
03-04 16:18:15.529 D/wpa_supplicant(  694): wlan0: Control interface command 'SIGNAL_POLL'
03-04 16:18:15.559 D/wpa_supplicant(  694): nl80211: survey data missing!
03-04 16:18:15.559 I/WifiHW  (  505): REPLY: RSSI=-66
03-04 16:18:15.559 I/WifiHW  (  505): REPLY: LINKSPEED=26
03-04 16:18:15.559 I/WifiHW  (  505): REPLY: NOISE=9999
03-04 16:18:15.559 I/WifiHW  (  505): REPLY: FREQUENCY=2437
03-04 16:18:15.569 D/EVENT_THREAD(  182): void CEventThread::run() POLLIN event on Fd (1)
03-04 16:18:15.569 D/EVENT_THREAD(  182): void CEventThread::run() Do poll with timeout: -1
03-04 16:18:15.569 D/EVENT_THREAD(  182): void CEventThread::run() POLLIN event on Fd (1)
03-04 16:18:15.569 D/EVENT_THREAD(  182): void CEventThread::run() Do poll with timeout: -1
03-04 16:18:15.569 I/upi_ug31xx(  165): (2061) update_capacity
03-04 16:18:15.569 I/[UPI]   (  165): <UG31/E>[UpiReadCapacity]: V=4031(4028), T=341(343-402), I=-398, C=-2(-2-0)
03-04 16:18:15.569 I/[UPI]   (  165): <UG31/E>[UpiReadCapacity]: (0x0000254a) 3051 (3046) / 3602 (4028) = 85
03-04 16:18:15.569 I/[UPI]   (  165): <UG31/E>[UpiReadCapacity]: (0x0000254a) 3051 (3046) / 3602 (4028) = 85
03-04 16:18:15.569 I/[UPI]   (  165): <UG31/E>[UpiReadCapacity]: (0x0000254a) 3049 (3049) / 3602 (4028) = 85
03-04 16:18:15.569 I/[UPI]   (  165): <UG31/E>[RsocFilterCountTime]: (0x0000254a) Step=6(363840), Full=6(363840), Lock=363840(1800000)
03-04 16:18:15.569 I/[UPI]   (  165): <UG31/E>[UpiReadCapacity]: (0x0000254a) 3049 (3049) / 3602 (4028) = 85 (-398--398)
03-04 16:18:15.569 I/[UPI]   (  165): <UG31/E><BATT> M:normal, P:85(85-85)%, V:4028mV, C:-472mA, T:34.3C(402), S:0x0000254a(000), R:3049mAh, F:3602mAh, Q:759mAh, CC:4, P:30.290(849-0)s, BO:7, 97:615:0-44af-9m:B001-20140514-144301 (16)
03-04 16:18:15.569 I/upi_ug31xx(  165): (2062) backup_data 
03-04 16:18:15.569 V/upi_ug31xx(  165): state->check_backup_count = 10
03-04 16:18:18.199 W/TimedEventQueue(  182): Event 52 was not found in the queue, already cancelled?
03-04 16:18:18.209 E/wrs-omxil-core(  182): OMX_GetHandle(): exit failure, OMX.Intel.hw_vd.h264 not found
03-04 16:18:18.209 I/libva   (  182): VA-API version 0.34.0
03-04 16:18:18.209 I/libva   (  182): va_getDriverName() returns 0
03-04 16:18:18.209 I/libva   (  182): Trying to open /system/lib/i965_drv_video.so
03-04 16:18:18.209 I/libva   (  182): Found init function __vaDriverInit_0_32
03-04 16:18:18.209 I/libva   (  182): va_openDriver() returns 0
03-04 16:18:18.219 I/OMXCodec(  182): [OMX.Intel.hw_vd.h264] AVC profile = 66 (Baseline), level = 30
03-04 16:18:18.219 I/OMXCodec(  182): [OMX.Intel.hw_vd.h264] video dimensions are 320 x 240
03-04 16:18:18.219 I/OMXCodec(  182): [OMX.Intel.hw_vd.h264] Crop rect is 320 x 240 @ (0, 0)
03-04 16:18:18.219 W/TimedEventQueue(  182): Event 77 was not found in the queue, already cancelled?
03-04 16:18:18.219 W/AudioFlinger(  182): session id 96 not found for pid 14544
03-04 16:18:18.219 I/MediaFocusControl(  505):  AudioFocus  abandonAudioFocus() from android.media.AudioManager@21efe028org.chromium.media.MediaPlayerListener@21fd89d8
03-04 16:18:18.229 V/Avrcp   ( 1171): New genId = 108, clearing = 1
03-04 16:18:18.229 W/MediaPlayer(14544): mediaplayer went away with unhandled events
03-04 16:18:18.229 W/BindingManager(14544): Cannot call determinedVisibility() - never saw a connection for the pid: 14544
03-04 16:18:18.239 D/BatteryStatsImpl(  505): noteStopWakeLocked system isFromForeground = false
03-04 16:18:18.559 I/WifiHW  (  505): CMD: IFNAME=wlan0 SIGNAL_POLL
03-04 16:18:18.559 D/wpa_supplicant(  694): RX ctrl_iface - hexdump(len=11): 53 49 47 4e 41 4c 5f 50 4f 4c 4c
03-04 16:18:18.559 D/wpa_supplicant(  694): wlan0: Control interface command 'SIGNAL_POLL'
03-04 16:18:18.589 D/wpa_supplicant(  694): nl80211: survey data missing!
03-04 16:18:18.589 I/WifiHW  (  505): REPLY: RSSI=-60
03-04 16:18:18.589 I/WifiHW  (  505): REPLY: LINKSPEED=26
03-04 16:18:18.589 I/WifiHW  (  505): REPLY: NOISE=9999
03-04 16:18:18.589 I/WifiHW  (  505): REPLY: FREQUENCY=2437
03-04 16:18:20.489 D/AndroidRuntime(15752): 
03-04 16:18:20.489 D/AndroidRuntime(15752): >>>>>> AndroidRuntime START com.android.internal.os.RuntimeInit <<<<<<
03-04 16:18:20.489 D/AndroidRuntime(15752): CheckJNI is OFF
03-04 16:18:20.489 I/AndroidRuntime(15752): Kernel Release Version: 3.10.20-gf818079
03-04 16:18:20.489 I/dalvikvm(15752): No library specified. The standard exception handler will be used
03-04 16:18:20.489 I/dalvikvm(15752): 
03-04 16:18:20.489 I/dalvikvm(15752): +++++++++++++ Using PCG. +++++++++++++++++++++
03-04 16:18:20.499 D/dalvikvm(15752): Trying to load lib libjavacore.so 0x0
03-04 16:18:20.499 D/dalvikvm(15752): Added shared lib libjavacore.so 0x0
03-04 16:18:20.499 D/dalvikvm(15752): Trying to load lib libnativehelper.so 0x0
03-04 16:18:20.499 D/dalvikvm(15752): Added shared lib libnativehelper.so 0x0
03-04 16:18:20.499 D/dalvikvm(15752): No JNI_OnLoad found in libnativehelper.so 0x0, skipping init
03-04 16:18:20.509 D/dalvikvm(15752): Extra Options: not specified
03-04 16:18:20.539 D/dalvikvm(15752): Note: class Landroid/app/ActivityManagerNative; has 186 unimplemented (abstract) methods
03-04 16:18:20.589 W/ufoGralloc(  170): registerBuffer() handle 0xb95538e0/74 didn't require registration
03-04 16:18:20.609 D/WindowManager(  505): adjustConfigurationLw, config:{1.0 ?mcc?mnc ?locale ?layoutDir sw600dp w600dp h888dp 213dpi lrg port ?uimode ?night finger -keyb/v/h -nav/v} mLidState:1 mHasDockFeature:false mHasKeyboardFeature:false mHasHallSensorFeature:true config.hardKeyboardHidden:2
03-04 16:18:20.609 I/ActivityManager(  505): [TopPkgCurBat]	NowPkgName[com.asus.launcher]	Battery[85]	TimeTick[1425457100625]	OldPkgName[org.xwalk.webapi_noneservice_tests]
03-04 16:18:20.619 V/WeatherTimeProvider( 1102): widget on Visibility Changed
03-04 16:18:20.619 E/memtrack(15752): Couldn't load memtrack module (No such file or directory)
03-04 16:18:20.619 E/android.os.Debug(15752): failed to load memtrack module: -2
03-04 16:18:20.629 D/        (  696): Pixel Format : GGL_PIXEL_FORMAT_RGBA_8888
03-04 16:18:20.629 W/IInputConnectionWrapper(14544): showStatusIcon on inactive InputConnection
03-04 16:18:20.639 D/XT9IME  (  728): new subtype :en_US ,keyboard
03-04 16:18:20.659 D/BatteryStatsImpl(  505): noteStopWakeLocked system isFromForeground = false
03-04 16:18:20.659 D/ImageWallpaper(  571): onVisibilityChanged: mVisible, visible=false, true
03-04 16:18:20.659 D/ImageWallpaper(  571): Visibility changed to visible=true
03-04 16:18:20.669 D/ImageWallpaper(  571): Suppressed drawFrame since redraw is not needed and offsets have not changed.
03-04 16:18:20.679 D/AndroidRuntime(15752): Calling main entry com.android.commands.am.Am
03-04 16:18:20.689 D/        (14544): Surface destroy: ANDROID_NATIVE_WINDOW_MAGIC
03-04 16:18:20.689 D/        (14544): Surface destroy: ANDROID_NATIVE_WINDOW_MAGIC
03-04 16:18:20.709 I/ActivityManager(  505): Force stopping org.xwalk.webapi_noneservice_tests appid=10394 user=0: from pid 15752
03-04 16:18:20.709 I/ActivityManager(  505): Killing 14544:org.xwalk.webapi_noneservice_tests/u0a394 (adj 1): stop org.xwalk.webapi_noneservice_tests
03-04 16:18:20.719 I/SecurityManagerService(  602): SMS received security event: App[STOP/org.xwalk.webapi_noneservice_tests]
03-04 16:18:20.739 D/AndroidRuntime(15752): Shutting down VM
03-04 16:18:20.739 D/dalvikvm(15752): GC_CONCURRENT freed 112K, 16% free 666K/792K, paused 0ms+0ms, total 1ms
03-04 16:18:20.749 D/dalvikvm(15752): Compiler shutdown in progress - discarding request
03-04 16:18:20.749 D/dalvikvm(15752): Compiler shutdown in progress - discarding request
03-04 16:18:20.749 D/dalvikvm(15752): Compiler shutdown in progress - discarding request
03-04 16:18:20.749 D/dalvikvm(15752): Compiler shutdown in progress - discarding request
03-04 16:18:20.749 D/dalvikvm(15752): Compiler shutdown in progress - discarding request
03-04 16:18:20.749 D/dalvikvm(15752): Compiler shutdown in progress - discarding request
