02-11 18:30:26.216 E/AndroidRuntime(24796): 	at org.xwalk.core.ReflectionHelper.handleException(ReflectionHelper.java:237)
02-11 18:30:26.216 E/AndroidRuntime(24796): 	at org.xwalk.core.ReflectionHelper.init(ReflectionHelper.java:132)
02-11 18:30:26.216 E/AndroidRuntime(24796): 	at org.xwalk.core.ReflectionHelper.loadClass(ReflectionHelper.java:199)
02-11 18:30:26.216 E/AndroidRuntime(24796): 	at org.xwalk.core.XWalkPreferences.setValue(XWalkPreferences.java:112)
02-11 18:30:26.216 E/AndroidRuntime(24796): 	at org.apache.cordova.CordovaWebView.<clinit>(CordovaWebView.java:897)
02-11 18:30:26.216 E/AndroidRuntime(24796): 	... 16 more
02-11 18:30:26.216 E/AndroidRuntime(24796): Caused by: java.lang.RuntimeException: Use SharedXWalkView if you want to support shared mode
02-11 18:30:26.216 E/AndroidRuntime(24796): 	... 21 more
02-11 18:30:26.216 W/ActivityManager(  774):   Force finishing activity org.xwalk.webapi_noneservice_tests/.webapi_noneservice_tests
02-11 18:30:26.276 W/ActivityManager(  774):   Force finishing activity com.google.android.youtube/com.google.android.apps.youtube.app.StartupPromoActivity
02-11 18:30:26.776 W/ActivityManager(  774): Activity pause timeout for ActivityRecord{6628b3c0 u0 org.xwalk.webapi_noneservice_tests/.webapi_noneservice_tests t34 f}
02-11 18:30:27.786 I/Process (24796): Sending signal. PID: 24796 SIG: 9
02-11 18:30:27.796 I/ActivityManager(  774): Process org.xwalk.webapi_noneservice_tests (pid 24796) has died.
02-11 18:30:27.846 W/InputMethodManagerService(  774): Starting input on non-focused client com.android.internal.view.IInputMethodClient$Stub$Proxy@65ae7d18 (uid=10556 pid=1316)
02-11 18:30:28.056 V/QcrilMsgTunnelSocket( 2732): After reading offset = 0 remaining = 4 countRead = 4
02-11 18:30:28.056 D/QcrilMsgTunnelSocket( 2732): messageLength extracted from first 4 inputStream reads = 29
02-11 18:30:28.056 V/QcrilMsgTunnelSocket( 2732): offset = 0 remaining = 29 countRead = 0
02-11 18:30:28.056 V/QcrilMsgTunnelSocket( 2732): offset = 0 remaining = 29 countRead = 29
02-11 18:30:28.056 D/QcrilMsgTunnelSocket( 2732): readRilMessage: Buffer = [B@65591ba0 HexData = [0100000004040000110000005155414c434f4d4def0308000100000003]
02-11 18:30:28.056 V/QcrilMsgTunnelSocket( 2732): Read packet: 29 bytes. Data Available = 32 Position = 0
02-11 18:30:28.056 D/QcrilMsgTunnelSocket( 2732): processResponse. message type = 1. Data Available = 28
02-11 18:30:28.056 D/QcrilMsgTunnelSocket( 2732): ByteArray from parcel = 5155414c434f4d4def0308000100000003
02-11 18:30:28.056 D/QcrilMsgTunnelSocket( 2732): Received RIL_UNSOL_OEM_HOOK_RAW message
02-11 18:30:28.056 D/QcrilMsgTunnelSocket( 2732): Oem ID in RIL_UNSOL_OEM_HOOK_RAW is QUALCOMM
02-11 18:30:28.056 D/QcrilMsgTunnelSocket( 2732): OEM ID check Passed
02-11 18:30:28.056 D/QcrilMsgTunnelSocket( 2732): Response ID in RIL_UNSOL_OEM_HOOK_RAW is 525295
02-11 18:30:28.056 D/QcrilMsgTunnelSocket( 2732): Response ID 525295is not served in this process.
02-11 18:30:28.056 D/QcrilMsgTunnelSocket( 2732): To broadcast an Intent via the notifier to external apps
02-11 18:30:28.056 V/QcrilMsgTunnelSocket( 2732): Before reading offset = 0 remaining = 4 countRead = 0
02-11 18:30:28.056 D/QcrilMsgTunnelIfaceManager( 2732): handleMessage what=0
02-11 18:30:28.056 D/QcrilMsgTunnelIfaceManager( 2732): Broadcasting intent ACTION_UNSOL_RESPONSE_OEM_HOOK_RAW
02-11 18:30:28.356 D/AndroidRuntime(24828): 
02-11 18:30:28.356 D/AndroidRuntime(24828): >>>>>> AndroidRuntime START com.android.internal.os.RuntimeInit <<<<<<
02-11 18:30:28.366 D/AndroidRuntime(24828): CheckJNI is OFF
02-11 18:30:28.366 E/art     (24828): Unrecognized option -XX:mainThreadStackSize=24K
02-11 18:30:28.366 W/art     (24828): Ignoring unknown -Xgc option: precise
02-11 18:30:28.396 W/art     (24828): Failed to find ELF magic in /system/framework/am.odex: dey
02-11 18:30:28.436 W/art     (24828): JNI RegisterNativeMethods: attempt to register 0 native methods for android.content.res.Configuration
02-11 18:30:28.436 D/AndroidRuntime(24828): Calling main entry com.android.commands.am.Am
02-11 18:30:28.446 D/AndroidRuntime(24828): Shutting down VM
02-11 18:30:28.446 I/ActivityManager(  774): START u0 {flg=0x10000000 cmp=com.kingroot.kinguser/.activitys.SuNotifyActivity} from pid 24828
02-11 18:30:28.566 V/QcrilMsgTunnelSocket( 2732): After reading offset = 0 remaining = 4 countRead = 4
02-11 18:30:28.566 D/QcrilMsgTunnelSocket( 2732): messageLength extracted from first 4 inputStream reads = 29
02-11 18:30:28.566 V/QcrilMsgTunnelSocket( 2732): offset = 0 remaining = 29 countRead = 0
02-11 18:30:28.566 V/QcrilMsgTunnelSocket( 2732): offset = 0 remaining = 29 countRead = 29
02-11 18:30:28.566 D/QcrilMsgTunnelSocket( 2732): readRilMessage: Buffer = [B@65591ba0 HexData = [0100000004040000110000005155414c434f4d4def0308000100000003]
02-11 18:30:28.566 V/QcrilMsgTunnelSocket( 2732): Read packet: 29 bytes. Data Available = 32 Position = 0
02-11 18:30:28.566 D/QcrilMsgTunnelSocket( 2732): processResponse. message type = 1. Data Available = 28
02-11 18:30:28.566 D/QcrilMsgTunnelSocket( 2732): ByteArray from parcel = 5155414c434f4d4def0308000100000003
02-11 18:30:28.566 D/QcrilMsgTunnelSocket( 2732): Received RIL_UNSOL_OEM_HOOK_RAW message
02-11 18:30:28.566 D/QcrilMsgTunnelSocket( 2732): Oem ID in RIL_UNSOL_OEM_HOOK_RAW is QUALCOMM
02-11 18:30:28.566 D/QcrilMsgTunnelSocket( 2732): OEM ID check Passed
02-11 18:30:28.566 D/QcrilMsgTunnelSocket( 2732): Response ID in RIL_UNSOL_OEM_HOOK_RAW is 525295
02-11 18:30:28.566 D/QcrilMsgTunnelSocket( 2732): Response ID 525295is not served in this process.
02-11 18:30:28.566 D/QcrilMsgTunnelSocket( 2732): To broadcast an Intent via the notifier to external apps
02-11 18:30:28.566 V/QcrilMsgTunnelSocket( 2732): Before reading offset = 0 remaining = 4 countRead = 0
02-11 18:30:28.566 D/QcrilMsgTunnelIfaceManager( 2732): handleMessage what=0
02-11 18:30:28.566 D/QcrilMsgTunnelIfaceManager( 2732): Broadcasting intent ACTION_UNSOL_RESPONSE_OEM_HOOK_RAW
02-11 18:30:28.896 V/QcrilMsgTunnelSocket( 2732): After reading offset = 0 remaining = 4 countRead = 4
02-11 18:30:28.896 D/QcrilMsgTunnelSocket( 2732): messageLength extracted from first 4 inputStream reads = 29
02-11 18:30:28.896 V/QcrilMsgTunnelSocket( 2732): offset = 0 remaining = 29 countRead = 0
02-11 18:30:28.896 V/QcrilMsgTunnelSocket( 2732): offset = 0 remaining = 29 countRead = 29
02-11 18:30:28.896 D/QcrilMsgTunnelSocket( 2732): readRilMessage: Buffer = [B@65591ba0 HexData = [0100000004040000110000005155414c434f4d4def0308000100000003]
02-11 18:30:28.896 V/QcrilMsgTunnelSocket( 2732): Read packet: 29 bytes. Data Available = 32 Position = 0
02-11 18:30:28.896 D/QcrilMsgTunnelSocket( 2732): processResponse. message type = 1. Data Available = 28
02-11 18:30:28.896 D/QcrilMsgTunnelSocket( 2732): ByteArray from parcel = 5155414c434f4d4def0308000100000003
02-11 18:30:28.896 D/QcrilMsgTunnelSocket( 2732): Received RIL_UNSOL_OEM_HOOK_RAW message
02-11 18:30:28.896 D/QcrilMsgTunnelSocket( 2732): Oem ID in RIL_UNSOL_OEM_HOOK_RAW is QUALCOMM
02-11 18:30:28.896 D/QcrilMsgTunnelSocket( 2732): OEM ID check Passed
02-11 18:30:28.896 D/QcrilMsgTunnelSocket( 2732): Response ID in RIL_UNSOL_OEM_HOOK_RAW is 525295
02-11 18:30:28.896 D/QcrilMsgTunnelSocket( 2732): Response ID 525295is not served in this process.
02-11 18:30:28.896 D/QcrilMsgTunnelSocket( 2732): To broadcast an Intent via the notifier to external apps
02-11 18:30:28.896 V/QcrilMsgTunnelSocket( 2732): Before reading offset = 0 remaining = 4 countRead = 0
02-11 18:30:28.896 D/QcrilMsgTunnelIfaceManager( 2732): handleMessage what=0
02-11 18:30:28.896 D/QcrilMsgTunnelIfaceManager( 2732): Broadcasting intent ACTION_UNSOL_RESPONSE_OEM_HOOK_RAW
02-11 18:30:28.916 D/AlarmManagerService(  774): Kernel timezone updated to -480 minutes west of GMT
02-11 18:30:28.916 D/MobileDataStateTracker(  774): default: Broadcast received: android.intent.action.ANY_DATA_STATE apnType=default
02-11 18:30:28.916 D/MobileDataStateTracker(  774): default: Received state=CONNECTED, old=CONNECTED, reason=(unspecified)
02-11 18:30:29.776 D/AndroidRuntime(24858): 
02-11 18:30:29.776 D/AndroidRuntime(24858): >>>>>> AndroidRuntime START com.android.internal.os.RuntimeInit <<<<<<
02-11 18:30:29.776 D/AndroidRuntime(24858): CheckJNI is OFF
02-11 18:30:29.776 E/art     (24858): Unrecognized option -XX:mainThreadStackSize=24K
02-11 18:30:29.776 W/art     (24858): Ignoring unknown -Xgc option: precise
02-11 18:30:29.806 W/art     (24858): Failed to find ELF magic in /system/framework/am.odex: dey
02-11 18:30:29.846 W/art     (24858): JNI RegisterNativeMethods: attempt to register 0 native methods for android.content.res.Configuration
02-11 18:30:29.856 D/AndroidRuntime(24858): Calling main entry com.android.commands.am.Am
02-11 18:30:29.856 D/AndroidRuntime(24858): Shutting down VM
02-11 18:30:29.856 I/ActivityManager(  774): Force stopping org.xwalk.webapi_noneservice_tests appid=10645 user=0: from pid 24858
--------- beginning of /dev/log/main
02-11 18:32:07.296 D/AndroidRuntime( 3483): 
02-11 18:32:07.296 D/AndroidRuntime( 3483): >>>>>> AndroidRuntime START com.android.internal.os.RuntimeInit <<<<<<
02-11 18:32:07.296 D/AndroidRuntime( 3483): CheckJNI is OFF
02-11 18:32:07.306 E/art     ( 3483): Unrecognized option -XX:mainThreadStackSize=24K
02-11 18:32:07.306 W/art     ( 3483): Ignoring unknown -Xgc option: precise
02-11 18:32:07.336 W/art     ( 3483): Failed to find ELF magic in /system/framework/am.odex: dey
02-11 18:32:07.346 I/art     ( 3441): GcCauseBackground sticky partial concurrent mark sweep GC freed 26035(2014KB) AllocSpace objects, 15(408KB) LOS objects, 10% free, 17MB/19MB, paused 5.361ms total 40.244ms
02-11 18:32:07.356 D/BluetoothManagerService(  774): Message: 20
02-11 18:32:07.356 D/BluetoothManagerService(  774): Added callback: android.bluetooth.IBluetoothManagerCallback$Stub$Proxy@65bdfbb0:true
02-11 18:32:07.366 D/BluetoothAdapter( 3441): 1701752808: getState() :  mService = null. Returning STATE_OFF
--------- beginning of /dev/log/system
02-11 18:32:07.366 I/ActivityManager(  774): Killing 2298:com.google.android.gm/u0a41 (adj 15): empty #17
02-11 18:32:07.376 D/GCM     ( 1296): GcmService start Intent { act=com.google.android.checkin.CHECKIN_COMPLETE flg=0x10 cmp=com.google.android.gms/.gcm.GcmService (has extras) } com.google.android.checkin.CHECKIN_COMPLETE
02-11 18:32:07.376 D/BluetoothAdapter( 3441): 1701752808: getState() :  mService = null. Returning STATE_OFF
02-11 18:32:07.396 I/ActivityManager(  774): Start proc com.google.android.music:main for broadcast com.google.android.music/.store.MediaStoreImportService$Receiver: pid=3502 uid=10058 gids={50058, 3003, 1028, 1015}
02-11 18:32:07.406 W/art     ( 3483): JNI RegisterNativeMethods: attempt to register 0 native methods for android.content.res.Configuration
02-11 18:32:07.416 D/AndroidRuntime( 3483): Calling main entry com.android.commands.am.Am
02-11 18:32:07.416 D/AndroidRuntime( 3483): Shutting down VM
02-11 18:32:07.416 I/ActivityManager(  774): START u0 {flg=0x10000000 cmp=com.kingroot.kinguser/.activitys.SuNotifyActivity} from pid 3483
02-11 18:32:07.576 I/MusicStore( 3502): Database version: 72
02-11 18:32:07.606 W/ContextImpl( 3502): Implicit intents with startService are not safe: Intent { act=com.google.android.music.PREFERENCE_SERVICE } android.content.ContextWrapper.bindService:517 com.google.android.music.utils.SafeServiceConnection$ServiceConnectionImp.bindService:98 com.google.android.music.utils.SafeServiceConnection.bindService:259 
02-11 18:32:07.626 W/ContextImpl( 3502): Implicit intents with startService are not safe: Intent { act=com.google.android.music.NETWORK_MONITOR_SERVICE } android.content.ContextWrapper.bindService:517 com.google.android.music.utils.SafeServiceConnection$ServiceConnectionImp.bindService:98 com.google.android.music.utils.SafeServiceConnection.bindService:259 
02-11 18:32:07.696 I/MediaRouter( 3502): Found default route: MediaRouter.RouteInfo{ uniqueId=android:DEFAULT_ROUTE, name=Phone, description=null, enabled=true, connecting=false, playbackType=0, playbackStream=3, volumeHandling=1, volume=6, volumeMax=15, presentationDisplayId=-1, extras=null, providerPackageName=android }
02-11 18:32:07.726 I/ActivityManager(  774): Killing 2439:com.lge.SprintHiddenMenu/1000 (adj 15): empty #17
02-11 18:32:07.746 I/ActivityManager(  774): Delay finish: com.google.android.music/.store.MediaStoreImportService$Receiver
02-11 18:32:07.746 I/ActivityManager(  774): Resuming delayed broadcast
02-11 18:32:07.776 I/ActivityManager(  774): Start proc com.google.android.calendar for broadcast com.google.android.calendar/com.android.calendar.alerts.AlertReceiver: pid=3536 uid=10028 gids={50028, 3003}
02-11 18:32:07.796 W/art     ( 3536): Failed to find ELF magic in /system/app/CalendarGoogle.odex: dey
02-11 18:32:07.816 D/AlertReceiver( 3536): onReceive: a=android.intent.action.PROVIDER_CHANGED Intent { act=android.intent.action.PROVIDER_CHANGED dat=content://com.android.calendar flg=0x10 cmp=com.google.android.calendar/com.android.calendar.alerts.AlertReceiver }
02-11 18:32:07.826 D/AlertService( 3536): 0 Action = android.intent.action.PROVIDER_CHANGED
02-11 18:32:07.826 I/ActivityManager(  774): Delay finish: com.google.android.calendar/com.android.calendar.alerts.AlertReceiver
02-11 18:32:08.506 D/AndroidRuntime( 3560): 
02-11 18:32:08.506 D/AndroidRuntime( 3560): >>>>>> AndroidRuntime START com.android.internal.os.RuntimeInit <<<<<<
02-11 18:32:08.506 D/AndroidRuntime( 3560): CheckJNI is OFF
02-11 18:32:08.506 E/art     ( 3560): Unrecognized option -XX:mainThreadStackSize=24K
02-11 18:32:08.506 W/art     ( 3560): Ignoring unknown -Xgc option: precise
02-11 18:32:08.546 W/art     ( 3560): Failed to find ELF magic in /system/framework/am.odex: dey
02-11 18:32:08.596 W/art     ( 3560): JNI RegisterNativeMethods: attempt to register 0 native methods for android.content.res.Configuration
02-11 18:32:08.596 D/AndroidRuntime( 3560): Calling main entry com.android.commands.am.Am
02-11 18:32:08.606 D/AndroidRuntime( 3560): Shutting down VM
02-11 18:32:08.606 I/ActivityManager(  774): Force stopping org.xwalk.webapi_noneservice_tests appid=10645 user=0: from pid 3560
02-11 18:32:08.826 I/GLSUser ( 1296): [GLSUser]  extracting token using key:Auth
02-11 18:32:08.826 W/GLSActivity( 1296): gms.StatusHelper Status from wire: BadAuthentication status: BAD_AUTHENTICATION
02-11 18:32:08.826 I/GLSUser ( 1296): GLS error: BadAuthentication wojiuainm111111@gmail.com androidsecure
02-11 18:32:08.826 V/GLSActivity( 1296): AuthDelegateWrapperCreated with selected intent: Intent { cmp=com.google.android.gms/.auth.DefaultAuthDelegateService }
02-11 18:32:08.906 I/GLSActivity( 1296): Use browser flow? false
02-11 18:32:09.016 E/qcom_sensors_hal(  774): hal_process_report_ind: Bad item quality: 11 
02-11 18:32:09.106 D/AndroidRuntime( 3574): 
02-11 18:32:09.106 D/AndroidRuntime( 3574): >>>>>> AndroidRuntime START com.android.internal.os.RuntimeInit <<<<<<
02-11 18:32:09.106 D/AndroidRuntime( 3574): CheckJNI is OFF
02-11 18:32:09.106 E/art     ( 3574): Unrecognized option -XX:mainThreadStackSize=24K
02-11 18:32:09.106 W/art     ( 3574): Ignoring unknown -Xgc option: precise
02-11 18:32:09.146 W/art     ( 3574): Failed to find ELF magic in /system/framework/am.odex: dey
02-11 18:32:09.196 W/art     ( 3574): JNI RegisterNativeMethods: attempt to register 0 native methods for android.content.res.Configuration
02-11 18:32:09.206 D/AndroidRuntime( 3574): Calling main entry com.android.commands.am.Am
02-11 18:32:09.206 I/ActivityManager(  774): START u0 {flg=0x10000000 cmp=org.xwalk.webapi_noneservice_tests/.webapi_noneservice_testsActivity} from pid 3574
02-11 18:32:09.216 D/AndroidRuntime( 3574): Shutting down VM
02-11 18:32:09.326 D/ConnectivityService(  774): [CheckMp] isMobileOk: HttpURLConnection Exceptionjava.net.SocketTimeoutException: failed to connect to /74.125.235.231 (port 80) after 5000ms
02-11 18:32:09.726 D/AndroidRuntime( 3589): 
02-11 18:32:09.726 D/AndroidRuntime( 3589): >>>>>> AndroidRuntime START com.android.internal.os.RuntimeInit <<<<<<
02-11 18:32:09.736 D/AndroidRuntime( 3589): CheckJNI is OFF
02-11 18:32:09.736 E/art     ( 3589): Unrecognized option -XX:mainThreadStackSize=24K
02-11 18:32:09.736 W/art     ( 3589): Ignoring unknown -Xgc option: precise
02-11 18:32:09.806 I/ActivityManager(  774): Waited long enough for: ServiceRecord{65ea8330 u0 sh.lilith.dgame.s91/com.igexin.sdk.PushService}
02-11 18:32:09.806 I/ActivityManager(  774): Resuming delayed broadcast
02-11 18:32:09.816 W/art     ( 3589): Failed to find ELF magic in /system/framework/am.odex: dey
02-11 18:32:09.896 I/ActivityManager(  774): START u0 {flg=0x54840000 cmp=com.android.stk/.StkDialogActivity (has extras)} from pid 1095
02-11 18:32:09.926 W/art     ( 3589): JNI RegisterNativeMethods: attempt to register 0 native methods for android.content.res.Configuration
02-11 18:32:09.936 D/AndroidRuntime( 3589): Calling main entry com.android.commands.am.Am
02-11 18:32:09.946 I/ActivityManager(  774): START u0 {flg=0x10000000 cmp=org.xwalk.webapi_noneservice_tests/.webapi_noneservice_tests} from pid 3589
02-11 18:32:09.956 D/AndroidRuntime( 3589): Shutting down VM
02-11 18:32:09.986 D/AndroidRuntime( 3594): 
02-11 18:32:09.986 D/AndroidRuntime( 3594): >>>>>> AndroidRuntime START com.android.internal.os.RuntimeInit <<<<<<
02-11 18:32:09.996 D/AndroidRuntime( 3594): CheckJNI is OFF
02-11 18:32:09.996 E/art     ( 3594): Unrecognized option -XX:mainThreadStackSize=24K
02-11 18:32:09.996 W/art     ( 3594): Ignoring unknown -Xgc option: precise
02-11 18:32:09.996 W/art     (  183): Could not get current activity
02-11 18:32:10.006 I/ActivityManager(  774): Start proc org.xwalk.webapi_noneservice_tests for activity org.xwalk.webapi_noneservice_tests/.webapi_noneservice_tests: pid=3628 uid=10645 gids={50645, 3003, 1028, 1015}
02-11 18:32:10.026 W/art     ( 3594): Failed to find ELF magic in /system/framework/am.odex: dey
02-11 18:32:10.036 I/ActivityManager(  774): Start proc com.google.android.deskclock for broadcast com.google.android.deskclock/com.android.alarmclock.DigitalAppWidgetProvider: pid=3656 uid=10033 gids={50033, 1028}
02-11 18:32:10.046 I/Adreno-EGL( 1095): <qeglDrvAPI_eglInitialize:320>: EGL 1.4 QUALCOMM Build: I0404c4692afb8623f95c43aeb6d5e13ed4b30ddbDate: 11/06/13
02-11 18:32:10.076 D/OpenGLRenderer( 1095): Enabling debug mode 0
02-11 18:32:10.076 W/art     ( 3594): JNI RegisterNativeMethods: attempt to register 0 native methods for android.content.res.Configuration
02-11 18:32:10.086 D/AndroidRuntime( 3594): Calling main entry com.android.commands.am.Am
02-11 18:32:10.096 I/ActivityManager(  774): START u0 {flg=0x10000000 cmp=com.kingroot.kinguser/.activitys.SuNotifyActivity} from pid 3594
02-11 18:32:10.096 D/AndroidRuntime( 3594): Shutting down VM
02-11 18:32:10.096 W/art     ( 3656): Failed to find ELF magic in /system/app/DeskClockGoogle.odex: dey
02-11 18:32:10.146 D/MobileDataStateTracker(  774): default: setPolicyDataEnable(enabled=true)
02-11 18:32:10.146 I/ActivityManager(  774): Delay finish: com.android.providers.calendar/.CalendarProviderBroadcastReceiver
02-11 18:32:10.166 I/ActivityManager(  774): Resuming delayed broadcast
02-11 18:32:10.206 I/CordovaLog( 3628): Changing log level to DEBUG(3)
02-11 18:32:10.206 D/CordovaActivity( 3628): CordovaActivity.init()
02-11 18:32:10.216 I/ActivityManager(  774): Start proc com.google.android.gallery3d for broadcast com.google.android.gallery3d/com.google.android.picasasync.ConnectivityReceiver: pid=3681 uid=10039 gids={50039, 3003, 1028, 1015}
02-11 18:32:10.256 W/art     ( 3681): Failed to find ELF magic in /system/framework/com.google.android.media.effects.odex: dey
02-11 18:32:10.256 W/art     ( 3681): Failed to find ELF magic in /system/app/GalleryGoogle.odex: dey
02-11 18:32:10.256 W/System.err( 3628): java.lang.RuntimeException: Use SharedXWalkView if you want to support shared mode
02-11 18:32:10.256 W/System.err( 3628): 	at org.xwalk.core.ReflectionHelper.handleException(ReflectionHelper.java:237)
02-11 18:32:10.256 W/System.err( 3628): 	at org.xwalk.core.ReflectionHelper.init(ReflectionHelper.java:132)
02-11 18:32:10.266 W/System.err( 3628): 	at org.xwalk.core.ReflectionHelper.loadClass(ReflectionHelper.java:199)
02-11 18:32:10.266 W/System.err( 3628): 	at org.xwalk.core.XWalkPreferences.setValue(XWalkPreferences.java:112)
02-11 18:32:10.266 W/System.err( 3628): 	at org.apache.cordova.CordovaWebView.<clinit>(CordovaWebView.java:897)
02-11 18:32:10.266 W/System.err( 3628): 	at org.apache.cordova.CordovaActivity.makeWebView(CordovaActivity.java:340)
02-11 18:32:10.266 W/System.err( 3628): 	at org.apache.cordova.CordovaActivity.init(CordovaActivity.java:376)
02-11 18:32:10.266 W/System.err( 3628): 	at org.apache.cordova.CordovaActivity.init(CordovaActivity.java:368)
02-11 18:32:10.266 W/System.err( 3628): 	at org.xwalk.webapi_noneservice_tests.webapi_noneservice_tests.onCreate(webapi_noneservice_tests.java:31)
02-11 18:32:10.266 W/System.err( 3628): 	at android.app.Activity.performCreate(Activity.java:5231)
02-11 18:32:10.266 W/System.err( 3628): 	at android.app.Instrumentation.callActivityOnCreate(Instrumentation.java:1087)
02-11 18:32:10.266 W/System.err( 3628): 	at android.app.ActivityThread.performLaunchActivity(ActivityThread.java:2148)
02-11 18:32:10.266 W/System.err( 3628): 	at android.app.ActivityThread.handleLaunchActivity(ActivityThread.java:2233)
02-11 18:32:10.266 W/System.err( 3628): 	at android.app.ActivityThread.access$800(ActivityThread.java:135)
02-11 18:32:10.266 W/System.err( 3628): 	at android.app.ActivityThread$H.handleMessage(ActivityThread.java:1196)
02-11 18:32:10.266 W/System.err( 3628): 	at android.os.Handler.dispatchMessage(Handler.java:102)
02-11 18:32:10.266 W/System.err( 3628): 	at android.os.Looper.loop(Looper.java:136)
02-11 18:32:10.266 W/System.err( 3628): 	at android.app.ActivityThread.main(ActivityThread.java:5001)
02-11 18:32:10.266 W/System.err( 3628): 	at java.lang.reflect.Method.invoke(Native Method)
02-11 18:32:10.266 W/System.err( 3628): 	at com.android.internal.os.ZygoteInit$MethodAndArgsCaller.run(ZygoteInit.java:785)
02-11 18:32:10.266 W/System.err( 3628): 	at com.android.internal.os.ZygoteInit.main(ZygoteInit.java:601)
02-11 18:32:10.266 D/AndroidRuntime( 3628): Shutting down VM
02-11 18:32:10.266 E/AndroidRuntime( 3628): FATAL EXCEPTION: main
02-11 18:32:10.266 E/AndroidRuntime( 3628): Process: org.xwalk.webapi_noneservice_tests, PID: 3628
02-11 18:32:10.266 E/AndroidRuntime( 3628): java.lang.ExceptionInInitializerError
02-11 18:32:10.266 E/AndroidRuntime( 3628): 	at org.apache.cordova.CordovaActivity.makeWebView(CordovaActivity.java:340)
02-11 18:32:10.266 E/AndroidRuntime( 3628): 	at org.apache.cordova.CordovaActivity.init(CordovaActivity.java:376)
02-11 18:32:10.266 E/AndroidRuntime( 3628): 	at org.apache.cordova.CordovaActivity.init(CordovaActivity.java:368)
02-11 18:32:10.266 E/AndroidRuntime( 3628): 	at org.xwalk.webapi_noneservice_tests.webapi_noneservice_tests.onCreate(webapi_noneservice_tests.java:31)
02-11 18:32:10.266 E/AndroidRuntime( 3628): 	at android.app.Activity.performCreate(Activity.java:5231)
02-11 18:32:10.266 E/AndroidRuntime( 3628): 	at android.app.Instrumentation.callActivityOnCreate(Instrumentation.java:1087)
02-11 18:32:10.266 E/AndroidRuntime( 3628): 	at android.app.ActivityThread.performLaunchActivity(ActivityThread.java:2148)
02-11 18:32:10.266 E/AndroidRuntime( 3628): 	at android.app.ActivityThread.handleLaunchActivity(ActivityThread.java:2233)
02-11 18:32:10.266 E/AndroidRuntime( 3628): 	at android.app.ActivityThread.access$800(ActivityThread.java:135)
02-11 18:32:10.266 E/AndroidRuntime( 3628): 	at android.app.ActivityThread$H.handleMessage(ActivityThread.java:1196)
02-11 18:32:10.266 E/AndroidRuntime( 3628): 	at android.os.Handler.dispatchMessage(Handler.java:102)
02-11 18:32:10.266 E/AndroidRuntime( 3628): 	at android.os.Looper.loop(Looper.java:136)
02-11 18:32:10.266 E/AndroidRuntime( 3628): 	at android.app.ActivityThread.main(ActivityThread.java:5001)
02-11 18:32:10.266 E/AndroidRuntime( 3628): 	at java.lang.reflect.Method.invoke(Native Method)
02-11 18:32:10.266 E/AndroidRuntime( 3628): 	at com.android.internal.os.ZygoteInit$MethodAndArgsCaller.run(ZygoteInit.java:785)
02-11 18:32:10.266 E/AndroidRuntime( 3628): 	at com.android.internal.os.ZygoteInit.main(ZygoteInit.java:601)
02-11 18:32:10.266 E/AndroidRuntime( 3628): Caused by: java.lang.RuntimeException: java.lang.RuntimeException: Use SharedXWalkView if you want to support shared mode
02-11 18:32:10.266 E/AndroidRuntime( 3628): 	at org.xwalk.core.ReflectionHelper.handleException(ReflectionHelper.java:233)
02-11 18:32:10.266 E/AndroidRuntime( 3628): 	at org.xwalk.core.ReflectionHelper.handleException(ReflectionHelper.java:237)
02-11 18:32:10.266 E/AndroidRuntime( 3628): 	at org.xwalk.core.ReflectionHelper.init(ReflectionHelper.java:132)
02-11 18:32:10.266 E/AndroidRuntime( 3628): 	at org.xwalk.core.ReflectionHelper.loadClass(ReflectionHelper.java:199)
02-11 18:32:10.266 E/AndroidRuntime( 3628): 	at org.xwalk.core.XWalkPreferences.setValue(XWalkPreferences.java:112)
02-11 18:32:10.266 E/AndroidRuntime( 3628): 	at org.apache.cordova.CordovaWebView.<clinit>(CordovaWebView.java:897)
02-11 18:32:10.266 E/AndroidRuntime( 3628): 	... 16 more
02-11 18:32:10.266 E/AndroidRuntime( 3628): Caused by: java.lang.RuntimeException: Use SharedXWalkView if you want to support shared mode
02-11 18:32:10.266 E/AndroidRuntime( 3628): 	... 21 more
02-11 18:32:10.276 W/ActivityManager(  774):   Force finishing activity org.xwalk.webapi_noneservice_tests/.webapi_noneservice_tests
02-11 18:32:10.296 W/ActivityManager(  774):   Force finishing activity com.android.stk/.StkDialogActivity
02-11 18:32:10.616 I/ActivityManager(  774): Start proc com.android.chrome for broadcast com.android.chrome/com.google.android.apps.chrome.precache.PrecacheServiceLauncher: pid=3710 uid=10031 gids={50031, 3003, 1028, 1015}
02-11 18:32:10.626 I/ActivityManager(  774): Killing 2618:sina.mobile.tianqitong/u0a198 (adj 15): empty #17
02-11 18:32:10.636 D/UploadsManager( 3681):    wifiOnlyPhoto changed to true
02-11 18:32:10.636 D/UploadsManager( 3681):    wifiOnlyVideo changed to true
02-11 18:32:10.636 D/UploadsManager( 3681):    syncOnBattery changed to true
02-11 18:32:10.646 D/PicasaSync( 3681): sync account database
02-11 18:32:10.746 D/PicasaSync( 3681): accounts in DB=1
02-11 18:32:10.746 D/PicasaSyncManager( 3681): background data: true
02-11 18:32:10.776 D/PicasaSyncManager( 3681): reject PrefetchAlbumCover (*************************) because master auto sync is off
02-11 18:32:10.776 D/PicasaSyncManager( 3681): reject PrefetchScreenNail (*************************) because master auto sync is off
02-11 18:32:10.776 D/PicasaSyncManager( 3681): battery info: true
02-11 18:32:10.786 D/PicasaSyncManager( 3681): reject PrefetchAlbumCover (*************************) because master auto sync is off
02-11 18:32:10.786 D/PicasaSyncManager( 3681): reject PrefetchScreenNail (*************************) because master auto sync is off
02-11 18:32:10.796 W/ActivityManager(  774): Activity pause timeout for ActivityRecord{65c0a670 u0 org.xwalk.webapi_noneservice_tests/.webapi_noneservice_tests t4 f}
02-11 18:32:10.806 I/ActivityManager(  774): Start proc com.google.android.apps.plus for broadcast com.google.android.apps.plus/.service.ConnectivityReceiver: pid=3731 uid=10063 gids={50063, 3003, 3002, 1028, 1015}
02-11 18:32:10.806 I/ActivityManager(  774): Killing 2706:com.jiongji.andriod.card/u0a162 (adj 15): empty #17
02-11 18:32:10.816 I/ActivityManager(  774): Killing 2741:com.youku.phone/u0a210 (adj 15): empty #17
02-11 18:32:10.856 W/art     ( 3731): Failed to find ELF magic in /system/framework/com.google.android.maps.odex: dey
02-11 18:32:11.506 I/ActivityManager(  774): Waited long enough for: ServiceRecord{65f95c30 u0 com.kingroot.RushRoot/.KrService}
02-11 18:32:11.516 I/SystemUpdateService( 1192): receiver: Intent { act=android.net.conn.CONNECTIVITY_CHANGE flg=0x4000010 cmp=com.google.android.gms/.update.SystemUpdateService$ActiveReceiver (has extras) }
02-11 18:32:11.526 D/SystemUpdateService( 1192): onCreate
02-11 18:32:11.526 D/SystemUpdateService( 1192): onStartCommand: intent: Intent { cmp=com.google.android.gms/.update.SystemUpdateService (has extras) }
02-11 18:32:11.526 I/SystemUpdateService( 1192): active receiver: enabled
02-11 18:32:11.536 I/SystemUpdateService( 1192): showing system update notification
02-11 18:32:11.546 D/GCM     ( 1296): GcmService start Intent { act=android.net.conn.CONNECTIVITY_CHANGE flg=0x4000010 cmp=com.google.android.gms/.gcm.GcmService (has extras) } android.net.conn.CONNECTIVITY_CHANGE
02-11 18:32:11.586 V/SystemUpdateService( 1192): retry (wakeup: false) in 3599945 ms
02-11 18:32:11.586 I/iu.Environment( 1192): update battery state; isPlugged? true*
02-11 18:32:11.616 D/NetworkLogImpl( 1192): Loaded NetworkSpeedPredictor
02-11 18:32:11.616 I/iu.Environment( 1192): update connectivity state; isNetworkMetered? true*, isRoaming? false, isBackgroundDataAllowed? true*
02-11 18:32:11.616 I/iu.Environment( 1192): update connectivity state; isNetworkMetered? true, isRoaming? false, isBackgroundDataAllowed? true
02-11 18:32:11.626 D/SystemUpdateService( 1192): onDestroy
02-11 18:32:11.656 I/ActivityManager(  774): Start proc sina.mobile.tianqitong for broadcast sina.mobile.tianqitong/.appwidget.TQTReciever: pid=3773 uid=10198 gids={50198, 3003, 1028, 1015}
02-11 18:32:11.656 I/art     ( 3773): Turning on JNI app bug workarounds for target SDK version 10...
02-11 18:32:11.666 I/GLSActivity( 1296): [ad] getting account id
02-11 18:32:11.666 I/GLSUser ( 1296): [p] Fetched account id for wojiuainm111111@gmail.com : 101450765229161194207
02-11 18:32:11.976 W/ContextImpl( 3773): Implicit intents with startService are not safe: Intent { act=sina.mobile.tianqitong.action.startservice.update_widget_clock } android.content.ContextWrapper.startService:494 android.content.ContextWrapper.startService:494 sina.mobile.tianqitong.appwidget.TQTReciever.onReceive:42 
02-11 18:32:11.986 W/Settings( 3773): Setting airplane_mode_on has moved from android.provider.Settings.System to android.provider.Settings.Global, returning read-only value.
02-11 18:32:11.986 W/Settings( 3773): Setting airplane_mode_on has moved from android.provider.Settings.System to android.provider.Settings.Global, returning read-only value.
02-11 18:32:12.006 E/DatabaseUtils( 1095): Writing exception to parcel
02-11 18:32:12.006 E/DatabaseUtils( 1095): java.lang.SecurityException: No permission to write APN settings: Neither user 10198 nor current process has android.permission.WRITE_APN_SETTINGS.
02-11 18:32:12.006 E/DatabaseUtils( 1095): 	at android.app.ContextImpl.enforce(ContextImpl.java:1693)
02-11 18:32:12.006 E/DatabaseUtils( 1095): 	at android.app.ContextImpl.enforceCallingOrSelfPermission(ContextImpl.java:1722)
02-11 18:32:12.006 E/DatabaseUtils( 1095): 	at com.android.providers.telephony.TelephonyProvider.checkPermission(TelephonyProvider.java:735)
02-11 18:32:12.006 E/DatabaseUtils( 1095): 	at com.android.providers.telephony.TelephonyProvider.query(TelephonyProvider.java:462)
02-11 18:32:12.006 E/DatabaseUtils( 1095): 	at android.content.ContentProvider.query(ContentProvider.java:857)
02-11 18:32:12.006 E/DatabaseUtils( 1095): 	at android.content.ContentProvider$Transport.query(ContentProvider.java:200)
02-11 18:32:12.006 E/DatabaseUtils( 1095): 	at android.content.ContentProviderNative.onTransact(ContentProviderNative.java:112)
02-11 18:32:12.006 E/DatabaseUtils( 1095): 	at android.os.Binder.execTransact(Binder.java:404)
02-11 18:32:12.036 W/art     (  183): Could not get current activity
02-11 18:32:12.046 I/ActivityManager(  774): Start proc com.youku.phone for broadcast com.youku.phone/com.youku.pushsdk.receiver.YoukuMyPushServiceReceiver: pid=3818 uid=10210 gids={50210, 3003, 1028, 1015}
02-11 18:32:12.186 W/linker  ( 3818): libluajava.so has text relocations. This is wasting memory and is a security risk. Please fix.
02-11 18:32:12.356 W/ImageLoader( 3818): diskCache() and diskCacheFileNameGenerator() calls overlap each other
02-11 18:32:12.416 D/ConnectivityService(  774): requestRouteToHostAddress ok=true
02-11 18:32:12.416 D/ConnectivityService(  774): [CheckMp] isMobileOk: wait to establish route to hostAddr=clients3.google.com/74.125.235.233
02-11 18:32:12.426 W/Settings( 3773): Setting airplane_mode_on has moved from android.provider.Settings.System to android.provider.Settings.Global, returning read-only value.
02-11 18:32:12.436 W/ContextImpl( 3818): Implicit intents with startService are not safe: Intent { act=com.youku.pushsdk.pushservice.START_PUSH_SERVICE (has extras) } android.content.ContextWrapper.startService:494 com.youku.pushsdk.control.PushManager.startWork:50 com.youku.phone.Youku.onCreate:251 
02-11 18:32:12.446 W/ContextImpl( 3818): Implicit intents with startService are not safe: Intent { act=com.youku.pushsdk.pushservice.ACTION_NET_CHANGE (has extras) } android.content.ContextWrapper.startService:494 android.content.ContextWrapper.startService:494 com.youku.pushsdk.receiver.YoukuMyPushServiceReceiver.onReceive:48 
02-11 18:32:12.456 I/ActivityManager(  774): Killing 2931:com.google.android.partnersetup/u0a11 (adj 15): empty #17
02-11 18:32:12.466 D/MSF.C.NetConnInfoCenter( 1564): [E]currentAPN:null. received networkInfo: CONNECTED :NetworkInfo: type: mobile[HSPA+], state: CONNECTED/CONNECTED, reason: connected, extra: 3gnet, roaming: false, failover: false, isAvailable: true, isConnectedToProvisioningNetwork: false. extra NetworkInfo: NetworkInfo: type: mobile[HSPA+], state: CONNECTED/CONNECTED, reason: connected, extra: 3gnet, roaming: false, failover: false, isAvailable: true, isConnectedToProvisioningNetwork: false
02-11 18:32:12.476 D/MSF.C.NetConnInfoCenter( 1564): [E]netchange NONE to MOBILE
02-11 18:32:12.476 D/WifiDetector( 1564): [E]WIFI detect onWifiDisconnected!
02-11 18:32:12.536 I/ActivityManager(  774): Start proc com.sankuai.meituan for broadcast com.sankuai.meituan/.notify.NetworkChangeReceiver: pid=3865 uid=10075 gids={50075, 3003, 1028, 1015}
02-11 18:32:12.566 D/AndroidRuntime( 3854): 
02-11 18:32:12.566 D/AndroidRuntime( 3854): >>>>>> AndroidRuntime START com.android.internal.os.RuntimeInit <<<<<<
02-11 18:32:12.566 D/AndroidRuntime( 3854): CheckJNI is OFF
02-11 18:32:12.566 E/art     ( 3854): Unrecognized option -XX:mainThreadStackSize=24K
02-11 18:32:12.566 W/art     ( 3854): Ignoring unknown -Xgc option: precise
02-11 18:32:12.606 W/art     ( 3854): Failed to find ELF magic in /system/framework/am.odex: dey
02-11 18:32:12.606 I/RootJni ( 3895): su: permission denied
02-11 18:32:12.656 W/art     ( 3854): JNI RegisterNativeMethods: attempt to register 0 native methods for android.content.res.Configuration
02-11 18:32:12.656 I/MultiDex( 3865): VM with version 2.0.0 does not have multidex support
02-11 18:32:12.656 I/MultiDex( 3865): install
02-11 18:32:12.656 I/MultiDex( 3865): MultiDexExtractor.load(/data/app/com.sankuai.meituan-1.apk, false)
02-11 18:32:12.666 D/AndroidRuntime( 3854): Calling main entry com.android.commands.am.Am
02-11 18:32:12.666 D/AndroidRuntime( 3854): Shutting down VM
02-11 18:32:12.666 I/MultiDex( 3865): loading existing secondary dex files
02-11 18:32:12.666 I/MultiDex( 3865): load found 1 secondary dex files
02-11 18:32:12.666 I/ActivityManager(  774): START u0 {flg=0x10000000 cmp=com.kingroot.kinguser/.activitys.SuNotifyActivity} from pid 3854
02-11 18:32:12.676 I/MultiDex( 3865): install done
02-11 18:32:12.836 D/AlertService( 3536): Beginning updateAlertNotification
02-11 18:32:12.846 D/AlertService( 3536): No fired or scheduled alerts
02-11 18:32:12.856 D/AlertService( 3536): Scheduling next alarm with AlarmScheduler. sEventReminderReceived: null
02-11 18:32:12.866 D/AlarmScheduler( 3536): No events found starting within 1 week.
02-11 18:32:12.866 I/ActivityManager(  774): Killing 2354:android.process.acore/u0a3 (adj 15): empty #17
02-11 18:32:13.356 W/nalizableReferenceQueue( 3865): Could not load Finalizer in its own class loader. Loading Finalizer in the current class loader instead. As a result, you will not be able to garbage collect this class loader. To support reclaiming this class loader, either resolve the underlying issue, or move Google Collections to your system class path.
02-11 18:32:13.356 W/nalizableReferenceQueue( 3865): java.io.FileNotFoundException: com/google/inject/internal/util/$Finalizer.class
02-11 18:32:13.356 W/nalizableReferenceQueue( 3865): 	at com.google.inject.internal.util.$FinalizableReferenceQueue$DecoupledLoader.getBaseUrl(FinalizableReferenceQueue.java:269)
02-11 18:32:13.356 W/nalizableReferenceQueue( 3865): 	at com.google.inject.internal.util.$FinalizableReferenceQueue$DecoupledLoader.loadFinalizer(FinalizableReferenceQueue.java:253)
02-11 18:32:13.356 W/nalizableReferenceQueue( 3865): 	at com.google.inject.internal.util.$FinalizableReferenceQueue.loadFinalizer(FinalizableReferenceQueue.java:175)
02-11 18:32:13.356 W/nalizableReferenceQueue( 3865): 	at com.google.inject.internal.util.$FinalizableReferenceQueue.<clinit>(FinalizableReferenceQueue.java:100)
02-11 18:32:13.356 W/nalizableReferenceQueue( 3865): 	at com.google.inject.internal.util.$MapMaker$QueueHolder.<clinit>(MapMaker.java:787)
02-11 18:32:13.356 W/nalizableReferenceQueue( 3865): 	at com.google.inject.internal.util.$MapMaker$WeakEntry.<init>(MapMaker.java:946)
02-11 18:32:13.356 W/nalizableReferenceQueue( 3865): 	at com.google.inject.internal.util.$MapMaker$Strength$1.newEntry(MapMaker.java:312)
02-11 18:32:13.356 W/nalizableReferenceQueue( 3865): 	at com.google.inject.internal.util.$MapMaker$StrategyImpl.newEntry(MapMaker.java:498)
02-11 18:32:13.356 W/nalizableReferenceQueue( 3865): 	at com.google.inject.internal.util.$MapMaker$StrategyImpl.newEntry(MapMaker.java:419)
02-11 18:32:13.356 W/nalizableReferenceQueue( 3865): 	at com.google.inject.internal.util.$CustomConcurrentHashMap$ComputingImpl.get(CustomConcurrentHashMap.java:2029)
02-11 18:32:13.356 W/nalizableReferenceQueue( 3865): 	at com.google.inject.internal.Annotations$AnnotationChecker.hasAnnotations(Annotations.java:116)
02-11 18:32:13.356 W/nalizableReferenceQueue( 3865): 	at com.google.inject.internal.Annotations.isBindingAnnotation(Annotations.java:180)
02-11 18:32:13.356 W/nalizableReferenceQueue( 3865): 	at com.google.inject.Key.ensureIsBindingAnnotation(Key.java:366)
02-11 18:32:13.356 W/nalizableReferenceQueue( 3865): 	at com.google.inject.Key.strategyFor(Key.java:338)
02-11 18:32:13.356 W/nalizableReferenceQueue( 3865): 	at com.google.inject.Key.get(Key.java:272)
02-11 18:32:13.356 W/nalizableReferenceQueue( 3865): 	at com.google.inject.internal.AbstractBindingBuilder.annotatedWithInternal(AbstractBindingBuilder.java:82)
02-11 18:32:13.356 W/nalizableReferenceQueue( 3865): 	at com.google.inject.internal.ConstantBindingBuilderImpl.annotatedWith(ConstantBindingBuilderImpl.java:49)
02-11 18:32:13.356 W/nalizableReferenceQueue( 3865): 	at roboguice.config.DefaultRoboModule.configure(DefaultRoboModule.java:117)
02-11 18:32:13.356 W/nalizableReferenceQueue( 3865): 	at com.google.inject.AbstractModule.configure(AbstractModule.java:59)
02-11 18:32:13.356 W/nalizableReferenceQueue( 3865): 	at com.google.inject.spi.Elements$RecordingBinder.install(Elements.java:223)
02-11 18:32:13.356 W/nalizableReferenceQueue( 3865): 	at com.google.inject.spi.Elements.getElements(Elements.java:101)
02-11 18:32:13.356 W/nalizableReferenceQueue( 3865): 	at com.google.inject.spi.Elements.getElements(Elements.java:78)
02-11 18:32:13.356 W/nalizableReferenceQueue( 3865): 	at roboguice.RoboGuice.setBaseApplicationInjector(RoboGuice.java:83)
02-11 18:32:13.356 W/nalizableReferenceQueue( 3865): 	at roboguice.RoboGuice.setBaseApplicationInjector(RoboGuice.java:139)
02-11 18:32:13.356 W/nalizableReferenceQueue( 3865): 	at roboguice.RoboGuice.getBaseApplicationInjector(RoboGuice.java:59)
02-11 18:32:13.356 W/nalizableReferenceQueue( 3865): 	at roboguice.RoboGuice.getInjector(RoboGuice.java:149)
02-11 18:32:13.356 W/nalizableReferenceQueue( 3865): 	at com.sankuai.meituan.InitAppDelegator.initFingerprint(InitAppDelegator.java:351)
02-11 18:32:13.356 W/nalizableReferenceQueue( 3865): 	at com.sankuai.meituan.InitAppDelegator.onCreate(InitAppDelegator.java:93)
02-11 18:32:13.356 W/nalizableReferenceQueue( 3865): 	at com.sankuai.meituan.MeituanApplication.onCreate(MeituanApplication.java:19)
02-11 18:32:13.356 W/nalizableReferenceQueue( 3865): 	at android.app.Instrumentation.callApplicationOnCreate(Instrumentation.java:1007)
02-11 18:32:13.356 W/nalizableReferenceQueue( 3865): 	at android.app.ActivityThread.handleBindApplication(ActivityThread.java:4328)
02-11 18:32:13.356 W/nalizableReferenceQueue( 3865): 	at android.app.ActivityThread.access$1500(ActivityThread.java:135)
02-11 18:32:13.356 W/nalizableReferenceQueue( 3865): 	at android.app.ActivityThread$H.handleMessage(ActivityThread.java:1256)
02-11 18:32:13.356 W/nalizableReferenceQueue( 3865): 	at android.os.Handler.dispatchMessage(Handler.java:102)
02-11 18:32:13.356 W/nalizableReferenceQueue( 3865): 	at android.os.Looper.loop(Looper.java:136)
02-11 18:32:13.356 W/nalizableReferenceQueue( 3865): 	at android.app.ActivityThread.main(ActivityThread.java:5001)
02-11 18:32:13.356 W/nalizableReferenceQueue( 3865): 	at java.lang.reflect.Method.invoke(Native Method)
02-11 18:32:13.356 W/nalizableReferenceQueue( 3865): 	at com.android.internal.os.ZygoteInit$MethodAndArgsCaller.run(ZygoteInit.java:785)
02-11 18:32:13.356 W/nalizableReferenceQueue( 3865): 	at com.android.internal.os.ZygoteInit.main(ZygoteInit.java:601)
02-11 18:32:14.406 I/art     ( 3865): Heap trim of managed (duration=6.336355ms, advised=2MB) and native (duration=1.025520ms, advised=0B) heaps. Managed heap utilization of 42%.
02-11 18:32:14.616 W/ContextImpl( 3773): Implicit intents with startService are not safe: Intent { act=sina.push.action.service.null (has extras) } android.content.ContextWrapper.startService:494 android.content.ContextWrapper.startService:494 com.sina.push.b.d$1.run:37 
02-11 18:32:14.616 W/ActivityManager(  774): Unable to start service Intent { act=sina.push.action.service.null (has extras) } U=0: not found
02-11 18:32:14.726 E/ThermalEngine(  195): TM Id 'SKIN_THERMAL_management_1' Sensor 'xo_therm_pu2' - alarm raised 3 at 44.0 degC
02-11 18:32:14.726 E/ThermalEngine(  195): ACTION: LCD - Setting max LCD brightness to 178
02-11 18:32:15.196 D/AndroidRuntime( 3930): 
02-11 18:32:15.196 D/AndroidRuntime( 3930): >>>>>> AndroidRuntime START com.android.internal.os.RuntimeInit <<<<<<
02-11 18:32:15.206 D/AndroidRuntime( 3930): CheckJNI is OFF
02-11 18:32:15.206 E/art     ( 3930): Unrecognized option -XX:mainThreadStackSize=24K
02-11 18:32:15.206 W/art     ( 3930): Ignoring unknown -Xgc option: precise
02-11 18:32:15.246 W/art     ( 3930): Failed to find ELF magic in /system/framework/am.odex: dey
02-11 18:32:15.316 W/art     ( 3930): JNI RegisterNativeMethods: attempt to register 0 native methods for android.content.res.Configuration
02-11 18:32:15.336 D/AndroidRuntime( 3930): Calling main entry com.android.commands.am.Am
02-11 18:32:15.336 D/AndroidRuntime( 3930): Shutting down VM
02-11 18:32:15.336 I/ActivityManager(  774): START u0 {flg=0x10000000 cmp=com.kingroot.kinguser/.activitys.SuNotifyActivity} from pid 3930
02-11 18:32:15.426 D/ConnectivityService(  774): [CheckMp] isMobileOk: newUrl=http://74.125.235.233/generate_204
02-11 18:32:15.606 I/GAV2    ( 3681): Thread[GAThread,5,main]: No campaign data found.
02-11 18:32:16.346 I/InputReader(  774): Reconfiguring input devices.  changes=0x00000010
02-11 18:32:16.366 I/PackageManager(  774):   Action: "android.intent.action.SENDTO"
02-11 18:32:16.366 I/PackageManager(  774):   Category: "android.intent.category.DEFAULT"
02-11 18:32:16.366 I/PackageManager(  774):   Scheme: "sms"
02-11 18:32:16.366 I/PackageManager(  774): Adding preferred activity ComponentInfo{com.google.android.talk/com.google.android.apps.babel.phone.BabelHomeActivity} for user 0 :
02-11 18:32:16.406 I/PackageManager(  774):   Action: "android.intent.action.SENDTO"
02-11 18:32:16.406 I/PackageManager(  774):   Category: "android.intent.category.DEFAULT"
02-11 18:32:16.406 I/PackageManager(  774):   Scheme: "smsto"
02-11 18:32:16.406 I/PackageManager(  774): Adding preferred activity ComponentInfo{com.google.android.talk/com.google.android.apps.babel.phone.BabelHomeActivity} for user 0 :
02-11 18:32:16.436 I/PackageManager(  774):   Action: "android.intent.action.SENDTO"
02-11 18:32:16.436 I/PackageManager(  774):   Category: "android.intent.category.DEFAULT"
02-11 18:32:16.436 I/PackageManager(  774): Adding preferred activity ComponentInfo{com.google.android.talk/com.google.android.apps.babel.phone.BabelHomeActivity} for user 0 :
02-11 18:32:16.446 I/PackageManager(  774):   Scheme: "mms"
02-11 18:32:16.446 D/Launcher.Model( 1155): shortcutWasRestored is false for com.android.stk/com.android.stk.StkLauncherActivity
02-11 18:32:16.446 I/Launcher( 1155): Deferring update until onResume
02-11 18:32:16.476 I/PackageManager(  774):   Action: "android.intent.action.SENDTO"
02-11 18:32:16.476 I/PackageManager(  774):   Category: "android.intent.category.DEFAULT"
02-11 18:32:16.476 I/PackageManager(  774):   Scheme: "mmsto"
02-11 18:32:16.476 I/PackageManager(  774): Adding preferred activity ComponentInfo{com.google.android.talk/com.google.android.apps.babel.phone.BabelHomeActivity} for user 0 :
02-11 18:32:16.516 I/art     ( 3865): Heap trim of managed (duration=8.855989ms, advised=1920KB) and native (duration=923.282us, advised=0B) heaps. Managed heap utilization of 44%.
02-11 18:32:16.516 I/PackageManager(  774):   Action: "android.intent.action.SENDTO"
02-11 18:32:16.516 I/PackageManager(  774):   Category: "android.intent.category.DEFAULT"
02-11 18:32:16.516 I/PackageManager(  774):   Scheme: "sms"
02-11 18:32:16.516 I/PackageManager(  774): Adding preferred activity ComponentInfo{com.google.android.talk/com.google.android.apps.babel.phone.BabelHomeActivity} for user 0 :
02-11 18:32:16.546 I/Launcher( 1155): Deferring update until onResume
02-11 18:32:16.546 I/PackageManager(  774):   Action: "android.intent.action.SENDTO"
02-11 18:32:16.546 I/PackageManager(  774):   Category: "android.intent.category.DEFAULT"
02-11 18:32:16.546 I/PackageManager(  774):   Scheme: "smsto"
02-11 18:32:16.546 I/PackageManager(  774): Adding preferred activity ComponentInfo{com.google.android.talk/com.google.android.apps.babel.phone.BabelHomeActivity} for user 0 :
02-11 18:32:16.576 I/PackageManager(  774):   Action: "android.intent.action.SENDTO"
02-11 18:32:16.576 I/PackageManager(  774):   Category: "android.intent.category.DEFAULT"
02-11 18:32:16.576 I/PackageManager(  774):   Scheme: "mms"
02-11 18:32:16.576 I/PackageManager(  774): Adding preferred activity ComponentInfo{com.google.android.talk/com.google.android.apps.babel.phone.BabelHomeActivity} for user 0 :
02-11 18:32:16.576 D//Ln.java:218( 3865): main Configuring Logging, minimum log level is INFO
02-11 18:32:16.606 I/PackageManager(  774):   Action: "android.intent.action.SENDTO"
02-11 18:32:16.606 I/PackageManager(  774):   Category: "android.intent.category.DEFAULT"
02-11 18:32:16.606 I/PackageManager(  774):   Scheme: "mmsto"
02-11 18:32:16.606 I/PackageManager(  774): Adding preferred activity ComponentInfo{com.google.android.talk/com.google.android.apps.babel.phone.BabelHomeActivity} for user 0 :
02-11 18:32:17.346 W/Settings( 3865): Setting airplane_mode_on has moved from android.provider.Settings.System to android.provider.Settings.Global, returning read-only value.
02-11 18:32:17.426 D/locate  ( 3865): addListener. active 0 passive 1
02-11 18:32:17.836 D/AndroidRuntime( 3996): 
02-11 18:32:17.836 D/AndroidRuntime( 3996): >>>>>> AndroidRuntime START com.android.internal.os.RuntimeInit <<<<<<
02-11 18:32:17.846 D/AndroidRuntime( 3996): CheckJNI is OFF
02-11 18:32:17.846 E/art     ( 3996): Unrecognized option -XX:mainThreadStackSize=24K
02-11 18:32:17.846 W/art     ( 3996): Ignoring unknown -Xgc option: precise
02-11 18:32:17.896 W/art     ( 3996): Failed to find ELF magic in /system/framework/am.odex: dey
02-11 18:32:17.956 D/log     ( 3865): insert log db id: 9 code: 20000091 action: submit_network_status result: 3G info: 
02-11 18:32:17.966 W/art     ( 3996): JNI RegisterNativeMethods: attempt to register 0 native methods for android.content.res.Configuration
02-11 18:32:17.976 D/AndroidRuntime( 3996): Calling main entry com.android.commands.am.Am
02-11 18:32:17.986 D/AndroidRuntime( 3996): Shutting down VM
02-11 18:32:18.096 D/log     ( 3865): insert log db id: 10 code: 20000019 action: similar_app_installed result: [{"baidu":0},{"e":0},{"tao":0}] info: 
02-11 18:32:18.136 I/SystemUpdateService( 1192): receiver: Intent { act=android.net.conn.CONNECTIVITY_CHANGE flg=0x4000010 cmp=com.google.android.gms/.update.SystemUpdateService$ActiveReceiver (has extras) }
02-11 18:32:18.136 D/SystemUpdateService( 1192): onCreate
02-11 18:32:18.136 D/SystemUpdateService( 1192): onStartCommand: intent: Intent { cmp=com.google.android.gms/.update.SystemUpdateService (has extras) }
02-11 18:32:18.146 I/SystemUpdateService( 1192): active receiver: enabled
02-11 18:32:18.146 D/GCM     ( 1296): GcmService start Intent { act=android.net.conn.CONNECTIVITY_CHANGE flg=0x4000010 cmp=com.google.android.gms/.gcm.GcmService (has extras) } android.net.conn.CONNECTIVITY_CHANGE
02-11 18:32:18.156 I/SystemUpdateService( 1192): showing system update notification
02-11 18:32:18.156 I/iu.Environment( 1192): update connectivity state; isNetworkMetered? true, isRoaming? false, isBackgroundDataAllowed? true
