02-12 13:32:55.420 D/wpa_supplicant(  651): wlan0: 2: f8:d1:11:e7:99:e8 ssid='videotest' wpa_ie_len=22 rsn_ie_len=20 caps=0x531 level=-49 wps
02-12 13:32:55.420 D/wpa_supplicant(  651): wlan0:    skip - disabled
02-12 13:32:55.420 D/wpa_supplicant(  651): wlan0: 3: 98:fc:11:81:35:fb ssid='E2000E' wpa_ie_len=0 rsn_ie_len=20 caps=0x411 level=-57 wps
02-12 13:32:55.420 D/wpa_supplicant(  651): wlan0:    skip - disabled
02-12 13:32:55.420 D/wpa_supplicant(  651): wlan0: 4: cc:34:29:2b:26:4c ssid='cws-test' wpa_ie_len=0 rsn_ie_len=20 caps=0x431 level=-58 wps
02-12 13:32:55.420 D/wpa_supplicant(  651): wlan0:    skip - disabled
02-12 13:32:55.420 D/wpa_supplicant(  651): wlan0: 5: cc:34:29:2c:fb:ec ssid='linksys' wpa_ie_len=22 rsn_ie_len=20 caps=0x431 level=-59 wps
02-12 13:32:55.420 D/wpa_supplicant(  651): wlan0:    skip - disabled
02-12 13:32:55.420 D/wpa_supplicant(  651): wlan0: 6: 6c:8b:2f:e8:38:24 ssid='ZTE_AP_6703' wpa_ie_len=0 rsn_ie_len=20 caps=0x511 level=-59
02-12 13:32:55.420 D/wpa_supplicant(  651): wlan0:    skip - disabled
02-12 13:32:55.420 D/wpa_supplicant(  651): wlan0: 7: b0:48:7a:20:66:6a ssid='TP-LINK_20666A' wpa_ie_len=22 rsn_ie_len=20 caps=0x431 level=-62 wps
02-12 13:32:55.420 D/wpa_supplicant(  651): wlan0:    skip - disabled
02-12 13:32:55.420 D/wpa_supplicant(  651): wlan0: 8: 44:94:fc:3d:da:38 ssid='6300' wpa_ie_len=0 rsn_ie_len=20 caps=0x411 level=-64 wps
02-12 13:32:55.420 D/wpa_supplicant(  651): wlan0:    skip - disabled
02-12 13:32:55.420 D/wpa_supplicant(  651): wlan0: 9: 10:c3:7b:d2:e5:e0 ssid='ASUS_RT-AC66U-2.4G' wpa_ie_len=0 rsn_ie_len=20 caps=0x411 level=-64 wps
02-12 13:32:55.420 D/wpa_supplicant(  651): wlan0:    skip - disabled
02-12 13:32:55.420 D/wpa_supplicant(  651): wlan0: 10: e4:d3:32:c0:cf:a4 ssid='fast' wpa_ie_len=0 rsn_ie_len=20 caps=0x411 level=-64
02-12 13:32:55.420 D/wpa_supplicant(  651): wlan0:    skip - disabled
02-12 13:32:55.420 D/wpa_supplicant(  651): wlan0: 11: c0:cb:38:7f:c9:09 ssid='360WiFi-7908' wpa_ie_len=0 rsn_ie_len=20 caps=0x511 level=-71
02-12 13:32:55.420 D/wpa_supplicant(  651): wlan0:    skip - disabled
02-12 13:32:55.420 D/wpa_supplicant(  651): wlan0: 12: 14:d6:4d:28:ef:c8 ssid='dlink' wpa_ie_len=0 rsn_ie_len=20 caps=0x31 level=-71 wps
02-12 13:32:55.420 D/wpa_supplicant(  651): wlan0:    skip - disabled
02-12 13:32:55.420 D/wpa_supplicant(  651): wlan0: 13: 00:0f:e2:0f:9f:c1 ssid='321_WAN' wpa_ie_len=28 rsn_ie_len=24 caps=0x411 level=-72
02-12 13:32:55.420 D/wpa_supplicant(  651): wlan0:    skip - disabled
02-12 13:32:55.420 D/wpa_supplicant(  651): wlan0: 14: 80:1f:02:43:fb:e8 ssid='Edimax AP' wpa_ie_len=0 rsn_ie_len=20 caps=0x411 level=-73
02-12 13:32:55.420 D/wpa_supplicant(  651): wlan0:    skip - disabled
02-12 13:32:55.420 D/wpa_supplicant(  651): wlan0: 15: cc:b2:55:e2:84:70 ssid='DLINK_APK' wpa_ie_len=22 rsn_ie_len=20 caps=0x411 level=-73
02-12 13:32:55.420 D/wpa_supplicant(  651): wlan0:    skip - disabled
02-12 13:32:55.420 D/wpa_supplicant(  651): wlan0: 16: 50:bd:5f:4b:29:92 ssid='Internet-2' wpa_ie_len=0 rsn_ie_len=0 caps=0x421 level=-67
02-12 13:32:55.420 D/wpa_supplicant(  651): wlan0:    skip - disabled
02-12 13:32:55.420 D/wpa_supplicant(  651): wlan0: No suitable network found
02-12 13:32:55.420 D/wpa_supplicant(  651): wlan0: Setting scan request: 40 sec 0 usec
02-12 13:32:55.420 D/wpa_supplicant(  651): wlan0: Checking for other virtual interfaces sharing same radio (phy0) in event_scan_results
02-12 13:32:55.420 D/wpa_supplicant(  651): p2p-dev-wlan0: Updating scan results from sibling
02-12 13:32:55.420 D/wpa_supplicant(  651): nl80211: Received scan results (17 BSSes)
02-12 13:32:55.420 D/wpa_supplicant(  651): nl80211: Survey data missing
02-12 13:32:55.420 D/wpa_supplicant(  651): p2p-dev-wlan0: BSS: Start scan result update 497
02-12 13:32:55.420 D/wpa_supplicant(  651): BSS: No P2P IE - skipping BSS c8:d7:19:60:62:f2 update for P2P interface
02-12 13:32:55.420 D/wpa_supplicant(  651): BSS: No P2P IE - skipping BSS 6c:8b:2f:e9:d1:da update for P2P interface
02-12 13:32:55.420 D/wpa_supplicant(  651): BSS: No P2P IE - skipping BSS f8:d1:11:e7:99:e8 update for P2P interface
02-12 13:32:55.420 D/wpa_supplicant(  651): BSS: No P2P IE - skipping BSS 98:fc:11:81:35:fb update for P2P interface
02-12 13:32:55.420 D/wpa_supplicant(  651): BSS: No P2P IE - skipping BSS cc:34:29:2b:26:4c update for P2P interface
02-12 13:32:55.420 D/wpa_supplicant(  651): BSS: No P2P IE - skipping BSS cc:34:29:2c:fb:ec update for P2P interface
02-12 13:32:55.420 D/wpa_supplicant(  651): BSS: No P2P IE - skipping BSS 6c:8b:2f:e8:38:24 update for P2P interface
02-12 13:32:55.420 D/wpa_supplicant(  651): BSS: No P2P IE - skipping BSS b0:48:7a:20:66:6a update for P2P interface
02-12 13:32:55.420 D/wpa_supplicant(  651): BSS: No P2P IE - skipping BSS 44:94:fc:3d:da:38 update for P2P interface
02-12 13:32:55.420 D/wpa_supplicant(  651): BSS: No P2P IE - skipping BSS 10:c3:7b:d2:e5:e0 update for P2P interface
02-12 13:32:55.420 D/wpa_supplicant(  651): BSS: No P2P IE - skipping BSS e4:d3:32:c0:cf:a4 update for P2P interface
02-12 13:32:55.420 D/wpa_supplicant(  651): BSS: No P2P IE - skipping BSS c0:cb:38:7f:c9:09 update for P2P interface
02-12 13:32:55.420 D/wpa_supplicant(  651): BSS: No P2P IE - skipping BSS 14:d6:4d:28:ef:c8 update for P2P interface
02-12 13:32:55.420 D/wpa_supplicant(  651): BSS: No P2P IE - skipping BSS 00:0f:e2:0f:9f:c1 update for P2P interface
02-12 13:32:55.420 D/wpa_supplicant(  651): BSS: No P2P IE - skipping BSS 80:1f:02:43:fb:e8 update for P2P interface
02-12 13:32:55.420 D/wpa_supplicant(  651): BSS: No P2P IE - skipping BSS cc:b2:55:e2:84:70 update for P2P interface
02-12 13:32:55.420 D/wpa_supplicant(  651): BSS: No P2P IE - skipping BSS 50:bd:5f:4b:29:92 update for P2P interface
02-12 13:32:55.420 D/wpa_supplicant(  651): BSS: last_scan_res_used=0/32 last_scan_full=0
02-12 13:32:55.420 D/wpa_supplicant(  651): p2p-dev-wlan0: New scan results available
02-12 13:32:55.420 D/wpa_supplicant(  651): CTRL_IFACE monitor send - hexdump(len=39): 2f 64 61 74 61 2f 6d 69 73 63 2f 77 69 66 69 2f 73 6f 63 6b 65 74 73 2f 77 70 61 5f 63 74 72 6c ...
02-12 13:32:55.420 D/wpa_supplicant(  651): WPS: AP[0] 10:c3:7b:d2:e5:e0 type=0 tries=0 last_attempt=-1 sec ago blacklist=0
02-12 13:32:55.420 D/wpa_supplicant(  651): WPS: AP[1] b0:48:7a:20:66:6a type=0 tries=0 last_attempt=-1 sec ago blacklist=0
02-12 13:32:55.420 D/wpa_supplicant(  651): WPS: AP[2] f8:d1:11:e7:99:e8 type=0 tries=0 last_attempt=-1 sec ago blacklist=0
02-12 13:32:55.420 D/wpa_supplicant(  651): WPS: AP[3] 44:94:fc:3d:da:38 type=0 tries=0 last_attempt=-1 sec ago blacklist=0
02-12 13:32:55.420 D/wpa_supplicant(  651): WPS: AP[4] cc:34:29:2c:fb:ec type=0 tries=0 last_attempt=-1 sec ago blacklist=0
02-12 13:32:55.420 D/wpa_supplicant(  651): WPS: AP[5] c8:d7:19:60:62:f2 type=0 tries=0 last_attempt=-1 sec ago blacklist=0
02-12 13:32:55.420 D/wpa_supplicant(  651): WPS: AP[6] cc:34:29:2b:26:4c type=0 tries=0 last_attempt=-1 sec ago blacklist=0
02-12 13:32:55.420 D/wpa_supplicant(  651): WPS: AP[7] 98:fc:11:81:35:fb type=0 tries=0 last_attempt=-1 sec ago blacklist=0
02-12 13:32:55.420 D/wpa_supplicant(  651): WPS: AP[8] 14:d6:4d:28:ef:c8 type=0 tries=0 last_attempt=-1 sec ago blacklist=0
02-12 13:32:55.420 D/wpa_supplicant(  651): WPS: AP[9] b0:48:7a:51:ff:cc type=0 tries=0 last_attempt=-1 sec ago blacklist=0
02-12 13:32:55.420 D/wpa_supplicant(  651): WPS: AP[10] 7a:ff:57:00:13:56 type=0 tries=0 last_attempt=-1 sec ago blacklist=0
02-12 13:32:55.420 D/wpa_supplicant(  651): WPS: AP[11] c0:a0:bb:20:3b:84 type=0 tries=0 last_attempt=-1 sec ago blacklist=0
02-12 13:32:55.420 D/wpa_supplicant(  651): WPS: AP[12] c0:c1:c0:76:81:3c type=0 tries=0 last_attempt=-1 sec ago blacklist=0
02-12 13:32:55.420 D/wpa_supplicant(  651): WPS: AP[13] 5e:f3:70:0c:91:9a type=0 tries=0 last_attempt=-1 sec ago blacklist=0
02-12 13:32:55.420 D/wpa_supplicant(  651): WPS: AP[14] 02:09:4c:42:36:90 type=0 tries=0 last_attempt=-1 sec ago blacklist=0
02-12 13:32:55.420 D/wpa_supplicant(  651): WPS: AP[15] e4:d3:32:36:2e:54 type=0 tries=0 last_attempt=-1 sec ago blacklist=0
02-12 13:32:55.420 D/wpa_supplicant(  651): WPS: AP[16] 6c:8b:2f:e9:d1:da type=0 tries=0 last_attempt=-1 sec ago blacklist=0
02-12 13:32:55.420 D/wpa_supplicant(  651): WPS: AP[17] 9c:21:6a:0d:eb:72 type=0 tries=0 last_attempt=-1 sec ago blacklist=0
02-12 13:32:55.420 D/wpa_supplicant(  651): p2p-dev-wlan0: No suitable network found
02-12 13:32:55.430 D/wpa_supplicant(  651): p2p-dev-wlan0: Short-circuit new scan request since there are no enabled networks
02-12 13:32:55.430 D/wpa_supplicant(  651): p2p-dev-wlan0: State: INACTIVE -> INACTIVE
02-12 13:32:55.430 I/WifiHW  (  504): EVENT: IFNAME=p2p-dev-wlan0 CTRL-EVENT-SCAN-RESULTS 
02-12 13:32:55.430 D/wpa_supplicant(  651): wlan0: P2P: Station mode scan operation not pending anymore (sta_scan_pending=0 p2p_cb_on_scan_complete=0)
02-12 13:32:55.430 D/wpa_supplicant(  651): RX ctrl_iface - hexdump(len=25): 42 53 53 20 52 41 4e 47 45 3d 30 2d 20 4d 41 53 4b 3d 30 78 32 31 39 38 37
02-12 13:32:55.430 D/wpa_supplicant(  651): wlan0: Control interface command 'BSS RANGE=0- MASK=0x21987'
02-12 13:32:55.430 I/WifiHW  (  504): REPLY: id=328
02-12 13:32:55.430 I/WifiHW  (  504): REPLY: bssid=c8:d7:19:60:62:f2
02-12 13:32:55.430 I/WifiHW  (  504): REPLY: freq=2437
02-12 13:32:55.430 I/WifiHW  (  504): REPLY: level=-42
02-12 13:32:55.430 I/WifiHW  (  504): REPLY: tsf=0000074311604425
02-12 13:32:55.430 I/WifiHW  (  504): REPLY: flags=[WPA2-EAP-CCMP-preauth][ESS]
02-12 13:32:55.430 I/WifiHW  (  504): REPLY: ssid=E3000-2.4G
02-12 13:32:55.430 I/WifiHW  (  504): REPLY: ====
02-12 13:32:55.430 I/WifiHW  (  504): REPLY: id=329
02-12 13:32:55.430 I/WifiHW  (  504): REPLY: bssid=10:c3:7b:d2:e5:e0
02-12 13:32:55.430 I/WifiHW  (  504): REPLY: freq=2462
02-12 13:32:55.430 I/WifiHW  (  504): REPLY: level=-64
02-12 13:32:55.430 I/WifiHW  (  504): REPLY: tsf=0000074311604482
02-12 13:32:55.430 I/WifiHW  (  504): REPLY: flags=[WPA2-PSK-CCMP][WPS][ESS]
02-12 13:32:55.430 I/WifiHW  (  504): REPLY: ssid=ASUS_RT-AC66U-2.4G
02-12 13:32:55.430 I/WifiHW  (  504): REPLY: ====
02-12 13:32:55.430 I/WifiHW  (  504): REPLY: id=332
02-12 13:32:55.430 I/WifiHW  (  504): REPLY: bssid=44:94:fc:3d:da:38
02-12 13:32:55.430 I/WifiHW  (  504): REPLY: freq=2462
02-12 13:32:55.430 I/WifiHW  (  504): REPLY: level=-64
02-12 13:32:55.430 I/WifiHW  (  504): REPLY: tsf=0000074311604490
02-12 13:32:55.430 I/WifiHW  (  504): REPLY: flags=[WPA2-PSK-CCMP][WPS][ESS]
02-12 13:32:55.430 I/WifiHW  (  504): REPLY: ssid=6300
02-12 13:32:55.430 I/WifiHW  (  504): REPLY: ====
02-12 13:32:55.430 I/WifiHW  (  504): REPLY: id=337
02-12 13:32:55.430 I/WifiHW  (  504): REPLY: bssid=cc:34:29:2b:26:4c
02-12 13:32:55.430 I/WifiHW  (  504): REPLY: freq=2462
02-12 13:32:55.430 I/WifiHW  (  504): REPLY: level=-58
02-12 13:32:55.430 I/WifiHW  (  504): REPLY: tsf=0000074311604473
02-12 13:32:55.430 I/WifiHW  (  504): REPLY: flags=[WPA2-PSK-CCMP][WPS][ESS]
02-12 13:32:55.430 I/WifiHW  (  504): REPLY: ssid=cws-test
02-12 13:32:55.430 I/WifiHW  (  504): REPLY: ====
02-12 13:32:55.430 I/WifiHW  (  504): REPLY: id=345
02-12 13:32:55.430 I/WifiHW  (  504): REPLY: bssid=f8:d1:11:e7:99:e8
02-12 13:32:55.430 I/WifiHW  (  504): REPLY: freq=2437
02-12 13:32:55.430 I/WifiHW  (  504): REPLY: level=-49
02-12 13:32:55.430 I/WifiHW  (  504): REPLY: tsf=0000074311604417
02-12 13:32:55.430 I/WifiHW  (  504): REPLY: flags=[WPA-PSK-CCMP][WPA2-PSK-CCMP][WPS][ESS]
02-12 13:32:55.430 I/WifiHW  (  504): REPLY: ssid=videotest
02-12 13:32:55.430 I/WifiHW  (  504): REPLY: ====
02-12 13:32:55.430 I/WifiHW  (  504): REPLY: id=491
02-12 13:32:55.430 I/WifiHW  (  504): REPLY: bssid=cc:34:29:2c:fb:ec
02-12 13:32:55.430 I/WifiHW  (  504): REPLY: freq=2412
02-12 13:32:55.430 I/WifiHW  (  504): REPLY: level=-59
02-12 13:32:55.430 I/WifiHW  (  504): REPLY: tsf=0000074311604370
02-12 13:32:55.430 I/WifiHW  (  504): REPLY: flags=[WPA-PSK-CCMP][WPA2-PSK-CCMP][WPS][ESS]
02-12 13:32:55.430 I/WifiHW  (  504): REPLY: ssid=linksys
02-12 13:32:55.430 I/WifiHW  (  504): REPLY: ====
02-12 13:32:55.430 I/WifiHW  (  504): REPLY: id=743
02-12 13:32:55.430 I/WifiHW  (  504): REPLY: bssid=6c:8b:2f:e9:d1:da
02-12 13:32:55.430 I/WifiHW  (  504): REPLY: freq=2437
02-12 13:32:55.430 I/WifiHW  (  504): REPLY: level=-43
02-12 13:32:55.430 I/WifiHW  (  504): REPLY: tsf=0000074311604400
02-12 13:32:55.430 I/WifiHW  (  504): REPLY: flags=[WPA2-PSK-CCMP][WPS][ESS]
02-12 13:32:55.430 I/WifiHW  (  504): REPLY: ssid=ZTE_AP_1640
02-12 13:32:55.430 I/WifiHW  (  504): REPLY: ====
02-12 13:32:55.430 I/WifiHW  (  504): REPLY: id=783
02-12 13:32:55.430 I/WifiHW  (  504): REPLY: bssid=b0:48:7a:20:66:6a
02-12 13:32:55.430 I/WifiHW  (  504): REPLY: freq=2427
02-12 13:32:55.430 I/WifiHW  (  504): REPLY: level=-62
02-12 13:32:55.430 I/WifiHW  (  504): REPLY: tsf=0000074311604390
02-12 13:32:55.430 I/WifiHW  (  504): REPLY: flags=[WPA-PSK-CCMP][WPA2-PSK-CCMP][WPS][ESS]
02-12 13:32:55.430 I/WifiHW  (  504): REPLY: ssid=TP-LINK_20666A
02-12 13:32:55.430 I/WifiHW  (  504): REPLY: ====
02-12 13:32:55.430 I/WifiHW  (  504): REPLY: id=1032
02-12 13:32:55.430 I/WifiHW  (  504): REPLY: bssid=00:0f:e2:0f:9f:c1
02-12 13:32:55.430 I/WifiHW  (  504): REPLY: freq=2462
02-12 13:32:55.430 I/WifiHW  (  504): REPLY: level=-72
02-12 13:32:55.430 I/WifiHW  (  504): REPLY: tsf=0000074311604499
02-12 13:32:55.430 I/WifiHW  (  504): REPLY: flags=[WPA-PSK-CCMP+TKIP][WPA2-PSK-CCMP+TKIP][ESS]
02-12 13:32:55.430 I/WifiHW  (  504): REPLY: ssid=321_WAN
02-12 13:32:55.430 I/WifiHW  (  504): REPLY: ====
02-12 13:32:55.430 I/WifiHW  (  504): REPLY: id=1091
02-12 13:32:55.430 I/WifiHW  (  504): REPLY: bssid=98:fc:11:81:35:fb
02-12 13:32:55.430 I/WifiHW  (  504): REPLY: freq=2412
02-12 13:32:55.430 I/WifiHW  (  504): REPLY: level=-57
02-12 13:32:55.430 I/WifiHW  (  504): REPLY: tsf=0000074311604352
02-12 13:32:55.430 I/WifiHW  (  504): REPLY: flags=[WPA2-PSK-CCMP][WPS][ESS]
02-12 13:32:55.430 I/WifiHW  (  504): REPLY: ssid=E2000E
02-12 13:32:55.430 I/WifiHW  (  504): REPLY: ====
02-12 13:32:55.430 I/WifiHW  (  504): REPLY: id=1117
02-12 13:32:55.430 I/WifiHW  (  504): REPLY: bssid=80:1f:02:43:fb:e8
02-12 13:32:55.430 I/WifiHW  (  504): REPLY: freq=2412
02-12 13:32:55.430 I/WifiHW  (  504): REPLY: level=-73
02-12 13:32:55.430 I/WifiHW  (  504): REPLY: tsf=0000074311604362
02-12 13:32:55.430 I/WifiHW  (  504): REPLY: flags=[WPA2-PSK-CCMP-preauth][ESS]
02-12 13:32:55.430 I/WifiHW  (  504): REPLY: ssid=Edimax AP
02-12 13:32:55.430 I/WifiHW  (  504): REPLY: ====
02-12 13:32:55.430 I/WifiHW  (  504): REPLY: id=1123
02-12 13:32:55.430 I/WifiHW  (  504): REPLY: bssid=e4:d3:32:c0:cf:a4
02-12 13:32:55.430 I/WifiHW  (  504): REPLY: freq=2437
02-12 13:32:55.430 I/WifiHW  (  504): REPLY: level=-64
02-12 13:32:55.430 I/WifiHW  (  504): REPLY: tsf=0000074311604434
02-12 13:32:55.430 I/WifiHW  (  504): REPLY: flags=[WPA2-PSK-CCMP][ESS]
02-12 13:32:55.430 I/WifiHW  (  504): REPLY: ssid=fast
02-12 13:32:55.430 I/WifiHW  (  504): REPLY: ====
02-12 13:32:55.430 I/WifiHW  (  504): REPLY: id=1140
02-12 13:32:55.430 I/WifiHW  (  504): REPLY: bssid=6c:8b:2f:e8:38:24
02-12 13:32:55.430 I/WifiHW  (  504): REPLY: freq=2437
02-12 13:32:55.430 I/WifiHW  (  504): REPLY: level=-59
02-12 13:32:55.430 I/WifiHW  (  504): REPLY: tsf=0000074311604380
02-12 13:32:55.430 I/WifiHW  (  504): REPLY: flags=[WPA2-PSK-CCMP][ESS]
02-12 13:32:55.430 I/WifiHW  (  504): REPLY: ssid=ZTE_AP_6703
02-12 13:32:55.430 I/WifiHW  (  504): REPLY: ====
02-12 13:32:55.430 I/WifiHW  (  504): REPLY: id=1146
02-12 13:32:55.430 I/WifiHW  (  504): REPLY: bssid=c0:c1:c0:76:81:3c
02-12 13:32:55.430 I/WifiHW  (  504): REPLY: freq=2437
02-12 13:32:55.430 I/WifiHW  (  504): REPLY: level=-53
02-12 13:32:55.430 I/WifiHW  (  504): REPLY: tsf=0000074270403970
02-12 13:32:55.430 I/WifiHW  (  504): REPLY: flags=[WPA2-PSK-CCMP][WPS][ESS]
02-12 13:32:55.430 I/WifiHW  (  504): REPLY: ssid=E2000
02-12 13:32:55.430 I/WifiHW  (  504): REPLY: ====
02-12 13:32:55.430 I/WifiHW  (  504): REPLY: id=1148
02-12 13:32:55.430 I/WifiHW  (  504): REPLY: bssid=14:d6:4d:28:ef:c8
02-12 13:32:55.430 I/WifiHW  (  504): REPLY: freq=2437
02-12 13:32:55.430 I/WifiHW  (  504): REPLY: level=-71
02-12 13:32:55.430 I/WifiHW  (  504): REPLY: tsf=0000074311604408
02-12 13:32:55.430 I/WifiHW  (  504): REPLY: flags=[WPA2-PSK-CCMP][WPS][ESS]
02-12 13:32:55.430 I/WifiHW  (  504): REPLY: ssid=dlink
02-12 13:32:55.430 I/WifiHW  (  504): REPLY: ====
02-12 13:32:55.430 I/WifiHW  (  504): REPLY: id=1149
02-12 13:32:55.430 I/WifiHW  (  504): REPLY: bssid=c0:cb:38:7f:c9:09
02-12 13:32:55.430 I/WifiHW  (  504): REPLY: freq=2437
02-12 13:32:55.430 I/WifiHW  (  504): REPLY: level=-71
02-12 13:32:55.430 I/WifiHW  (  504): REPLY: tsf=0000074311604455
02-12 13:32:55.430 I/WifiHW  (  504): REPLY: flags=[WPA2-PSK-CCMP][ESS]
02-12 13:32:55.430 I/WifiHW  (  504): REPLY: ssid=360WiFi-7908
02-12 13:32:55.430 I/WifiHW  (  504): REPLY: ====
02-12 13:32:55.430 I/WifiHW  (  504): REPLY: id=1150
02-12 13:32:55.430 I/WifiHW  (  504): REPLY: bssid=02:1a:11:fa:9e:f1
02-12 13:32:55.430 I/WifiHW  (  504): REPLY: freq=2437
02-12 13:32:55.430 I/WifiHW  (  504): REPLY: level=-76
02-12 13:32:55.430 I/WifiHW  (  504): REPLY: tsf=0000074270404013
02-12 13:32:55.430 I/WifiHW  (  504): REPLY: flags=[WPA2-PSK-CCMP][ESS]
02-12 13:32:55.430 I/WifiHW  (  504): REPLY: ssid=love U forever
02-12 13:32:55.430 I/WifiHW  (  504): REPLY: ====
02-12 13:32:55.430 I/WifiHW  (  504): REPLY: id=1151
02-12 13:32:55.430 I/WifiHW  (  504): REPLY: bssid=1c:65:9d:e8:79:44
02-12 13:32:55.430 I/WifiHW  (  504): REPLY: freq=2437
02-12 13:32:55.430 I/WifiHW  (  504): REPLY: level=-76
02-12 13:32:55.430 I/WifiHW  (  504): REPLY: tsf=0000074270404022
02-12 13:32:55.430 I/WifiHW  (  504): REPLY: flags=[WPA2-PSK-CCMP][ESS]
02-12 13:32:55.430 I/WifiHW  (  504): REPLY: ssid=WiFi
02-12 13:32:55.430 I/WifiHW  (  504): REPLY: ====
02-12 13:32:55.430 I/WifiHW  (  504): REPLY: id=1152
02-12 13:32:55.430 I/WifiHW  (  504): REPLY: bssid=8c:be:be:01:00:49
02-12 13:32:55.430 I/WifiHW  (  504): REPLY: freq=2412
02-12 13:32:55.430 I/WifiHW  (  504): REPLY: level=-78
02-12 13:32:55.430 I/WifiHW  (  504): REPLY: tsf=0000074270403927
02-12 13:32:55.430 I/WifiHW  (  504): REPLY: flags=[WPA2-PSK-CCMP][ESS]
02-12 13:32:55.430 I/WifiHW  (  504): REPLY: ssid=mw
02-12 13:32:55.430 I/WifiHW  (  504): REPLY: ====
02-12 13:32:55.430 I/WifiHW  (  504): REPLY: id=1153
02-12 13:32:55.430 I/WifiHW  (  504): REPLY: bssid=00:25:86:5c:5e:30
02-12 13:32:55.430 I/WifiHW  (  504): REPLY: freq=2437
02-12 13:32:55.430 I/WifiHW  (  504): REPLY: level=-79
02-12 13:32:55.430 I/WifiHW  (  504): REPLY: tsf=0000074270404048
02-12 13:32:55.430 I/WifiHW  (  504): REPLY: flags=[ESS]
02-12 13:32:55.430 I/WifiHW  (  504): REPLY: ssid=internet
02-12 13:32:55.430 I/WifiHW  (  504): REPLY: ====
02-12 13:32:55.430 I/WifiHW  (  504): REPLY: id=1154
02-12 13:32:55.430 I/WifiHW  (  504): REPLY: bssid=cc:b2:55:e2:84:70
02-12 13:32:55.430 I/WifiHW  (  504): REPLY: freq=2447
02-12 13:32:55.430 I/WifiHW  (  504): REPLY: level=-73
02-12 13:32:55.430 I/WifiHW  (  504): REPLY: tsf=0000074311604464
02-12 13:32:55.430 I/WifiHW  (  504): REPLY: flags=[WPA-PSK-TKIP][WPA2-PSK-TKIP][ESS]
02-12 13:32:55.430 I/WifiHW  (  504): REPLY: ssid=DLINK_APK
02-12 13:32:55.430 I/WifiHW  (  504): REPLY: ====
02-12 13:32:55.430 I/WifiHW  (  504): REPLY: id=1155
02-12 13:32:55.430 I/WifiHW  (  504): REPLY: bssid=50:bd:5f:4b:29:92
02-12 13:32:55.430 I/WifiHW  (  504): REPLY: freq=2437
02-12 13:32:55.430 I/WifiHW  (  504): REPLY: level=-67
02-12 13:32:55.430 I/WifiHW  (  504): REPLY: tsf=0000074311604446
02-12 13:32:55.430 I/WifiHW  (  504): REPLY: flags=[ESS]
02-12 13:32:55.430 I/WifiHW  (  504): REPLY: ssid=Internet-2
02-12 13:32:55.430 I/WifiHW  (  504): REPLY: ####
02-12 13:32:55.770 W/BindingManager(30109): Cannot call determinedVisibility() - never saw a connection for the pid: 30109
02-12 13:32:56.430 W/BindingManager(30109): Cannot call determinedVisibility() - never saw a connection for the pid: 30109
02-12 13:32:57.110 W/BindingManager(30109): Cannot call determinedVisibility() - never saw a connection for the pid: 30109
02-12 13:32:57.760 W/BindingManager(30109): Cannot call determinedVisibility() - never saw a connection for the pid: 30109
02-12 13:32:58.370 F/libc    (30109): Fatal signal 11 (SIGSEGV) at 0x000000d0 (code=1), thread 30152 (HTMLParserThrea)
02-12 13:32:58.370 W/BindingManager(30109): Cannot call determinedVisibility() - never saw a connection for the pid: 30109
02-12 13:32:58.480 I/DEBUG   (  170): *** *** *** *** *** *** *** *** *** *** *** *** *** *** *** ***
02-12 13:32:58.480 I/DEBUG   (  170): Build fingerprint: 'asus/CN_K011/K011:4.4.2/KOT49H/CN_user_3.0.23.150_20140626:user/release-keys'
02-12 13:32:58.480 I/DEBUG   (  170): Revision: '0'
02-12 13:32:58.480 I/DEBUG   (  170): pid: 30109, tid: 30152, name: HTMLParserThrea  >>> org.xwalk.webapi_noneservice_tests <<<
02-12 13:32:58.480 I/DEBUG   (  170): signal 11 (SIGSEGV), code 1 (SEGV_MAPERR), fault addr 000000d0
02-12 13:32:59.240 I/DEBUG   (  170): 
02-12 13:32:59.240 I/DEBUG   (  170): backtrace:
02-12 13:32:59.240 I/DEBUG   (  170):     #00  pc 00e4e3c9  /data/app-lib/org.xwalk.webapi_noneservice_tests-1/libxwalkcore.so
02-12 13:32:59.240 I/DEBUG   (  170): 
02-12 13:32:59.240 I/DEBUG   (  170): stack:
02-12 13:32:59.240 I/DEBUG   (  170):          69f7d680  35465874  
02-12 13:32:59.240 I/DEBUG   (  170):          69f7d684  35465828  
02-12 13:32:59.240 I/DEBUG   (  170):          69f7d688  00000006  
02-12 13:32:59.240 I/DEBUG   (  170):          69f7d68c  00000005  
02-12 13:32:59.240 I/DEBUG   (  170):          69f7d690  66d5c010  [anon:libc_malloc]
02-12 13:32:59.240 I/DEBUG   (  170):          69f7d694  63a9a72d  /data/app-lib/org.xwalk.webapi_noneservice_tests-1/libxwalkcore.so
02-12 13:32:59.240 I/DEBUG   (  170):          69f7d698  6aab7f50  [anon:libc_malloc]
02-12 13:32:59.240 I/DEBUG   (  170):          69f7d69c  00000000  
02-12 13:32:59.240 I/DEBUG   (  170):          69f7d6a0  ffffffff  
02-12 13:32:59.240 I/DEBUG   (  170):          69f7d6a4  64124f40  /data/app-lib/org.xwalk.webapi_noneservice_tests-1/libxwalkcore.so
02-12 13:32:59.240 I/DEBUG   (  170):          69f7d6a8  642f3769  /data/app-lib/org.xwalk.webapi_noneservice_tests-1/libxwalkcore.so
02-12 13:32:59.240 I/DEBUG   (  170):          69f7d6ac  65490a78  /data/app-lib/org.xwalk.webapi_noneservice_tests-1/libxwalkcore.so
02-12 13:32:59.240 I/DEBUG   (  170):          69f7d6b0  35504000  
02-12 13:32:59.240 I/DEBUG   (  170):          69f7d6b4  63a977ac  /data/app-lib/org.xwalk.webapi_noneservice_tests-1/libxwalkcore.so
02-12 13:32:59.240 I/DEBUG   (  170):          69f7d6b8  65490a78  /data/app-lib/org.xwalk.webapi_noneservice_tests-1/libxwalkcore.so
02-12 13:32:59.240 I/DEBUG   (  170):          69f7d6bc  63a9a354  /data/app-lib/org.xwalk.webapi_noneservice_tests-1/libxwalkcore.so
02-12 13:32:59.240 I/DEBUG   (  170):     #00  69f7d6c0  65490a78  /data/app-lib/org.xwalk.webapi_noneservice_tests-1/libxwalkcore.so
02-12 13:32:59.240 I/DEBUG   (  170):          69f7d6c4  00000070  
02-12 13:32:59.240 I/DEBUG   (  170):          69f7d6c8  356200f0  
02-12 13:32:59.240 I/DEBUG   (  170):          69f7d6cc  642e5334  /data/app-lib/org.xwalk.webapi_noneservice_tests-1/libxwalkcore.so
02-12 13:32:59.240 I/DEBUG   (  170):          69f7d6d0  00000070  
02-12 13:32:59.240 I/DEBUG   (  170):          69f7d6d4  35465804  
02-12 13:32:59.240 I/DEBUG   (  170):          69f7d6d8  35458190  
02-12 13:32:59.240 I/DEBUG   (  170):          69f7d6dc  64309edf  /data/app-lib/org.xwalk.webapi_noneservice_tests-1/libxwalkcore.so
02-12 13:32:59.240 I/DEBUG   (  170):          69f7d6e0  3546591c  
02-12 13:32:59.240 I/DEBUG   (  170):          69f7d6e4  00000020  
02-12 13:32:59.240 I/DEBUG   (  170):          69f7d6e8  00000000  
02-12 13:32:59.240 I/DEBUG   (  170):          69f7d6ec  35460020  
02-12 13:32:59.240 I/DEBUG   (  170):          69f7d6f0  6785003c  
02-12 13:32:59.240 I/DEBUG   (  170):          69f7d6f4  63a977ac  /data/app-lib/org.xwalk.webapi_noneservice_tests-1/libxwalkcore.so
02-12 13:32:59.240 I/DEBUG   (  170):          69f7d6f8  642e526c  /data/app-lib/org.xwalk.webapi_noneservice_tests-1/libxwalkcore.so
02-12 13:32:59.240 I/DEBUG   (  170):          69f7d6fc  65490a78  /data/app-lib/org.xwalk.webapi_noneservice_tests-1/libxwalkcore.so
02-12 13:32:59.380 I/BootReceiver(  504): Copying /data/tombstones/tombstone_08 to DropBox (SYSTEM_TOMBSTONE)
02-12 13:32:59.380 W/ActivityManager(  504):   Force finishing activity org.xwalk.webapi_noneservice_tests/.webapi_noneservice_tests
02-12 13:32:59.390 W/ufoGralloc(  171): registerBuffer() handle 0xb8bfb1b0/36 didn't require registration
02-12 13:32:59.440 I/WindowState(  504): WIN DEATH: Window{21f74398 u0 org.xwalk.webapi_noneservice_tests/org.xwalk.webapi_noneservice_tests.webapi_noneservice_tests}
02-12 13:32:59.440 I/SecurityManagerService(  621): SMS received security event: App[STOP/org.xwalk.webapi_noneservice_tests]
02-12 13:32:59.440 D/WindowManager(  504): adjustConfigurationLw, config:{1.0 ?mcc?mnc ?locale ?layoutDir sw600dp w600dp h888dp 213dpi lrg port ?uimode ?night finger -keyb/v/h -nav/v} mLidState:1 mHasDockFeature:false mHasKeyboardFeature:false mHasHallSensorFeature:true config.hardKeyboardHidden:2
02-12 13:32:59.440 I/ActivityManager(  504): Process org.xwalk.webapi_noneservice_tests (pid 30109) has died.
02-12 13:32:59.440 I/ActivityManager(  504): [TopPkgCurBat]	NowPkgName[com.asus.launcher]	Battery[79]	TimeTick[1423719179457]	OldPkgName[org.xwalk.webapi_noneservice_tests]
02-12 13:32:59.470 D/Zygote  (  172): Process 30109 terminated by signal (11)
02-12 13:32:59.480 D/        (  675): Pixel Format : GGL_PIXEL_FORMAT_RGBA_8888
02-12 13:32:59.510 D/BatteryStatsImpl(  504): noteStopWakeLocked system isFromForeground = false
02-12 13:32:59.510 D/ImageWallpaper(  566): onVisibilityChanged: mVisible, visible=false, true
02-12 13:32:59.510 D/ImageWallpaper(  566): Visibility changed to visible=true
02-12 13:32:59.510 D/ImageWallpaper(  566): Suppressed drawFrame since redraw is not needed and offsets have not changed.
02-12 13:32:59.520 V/WeatherTimeProvider( 1511): widget on Visibility Changed
02-12 13:32:59.530 W/SurfaceFlinger(  171): couldn't log to binary event log: overflow.
02-12 13:33:00.000 D/Clock   (  566): ACTION_TIME_TICK
02-12 13:33:00.000 D/Clock   (  566): update clock:1:33
02-12 13:33:00.040 D/BatteryStatsImpl(  504): noteStopWakeLocked system isFromForeground = false
02-12 13:33:20.510 D/EVENT_THREAD(  183): void CEventThread::run() POLLIN event on Fd (1)
02-12 13:33:20.510 D/EVENT_THREAD(  183): void CEventThread::run() Do poll with timeout: -1
02-12 13:33:20.510 I/upi_ug31xx(  166): (5711) update_capacity
02-12 13:33:20.510 I/[UPI]   (  166): <UG31/E>[UpiReadCapacity]: V=4006(4006), T=328(331-384), I=-122, C=-2(-2-0)
02-12 13:33:20.510 I/[UPI]   (  166): <UG31/E>[UpiReadCapacity]: (0x1002254a) 3093 (2934) / 3926 (4027) = 79
02-12 13:33:20.510 I/[UPI]   (  166): <UG31/E>[UpiReadCapacity]: (0x1002254a) 3093 (2934) / 3926 (4027) = 79
02-12 13:33:20.510 I/[UPI]   (  166): <UG31/E>[UpiReadCapacity]: (0x1002254a) 3091 (3091) / 3926 (4027) = 79
02-12 13:33:20.510 I/[UPI]   (  166): <UG31/E>[RsocFilterCountTime]: (0x1002254a) Step=10(638380), Full=10(638380), Lock=638380(2329967)
02-12 13:33:20.510 I/[UPI]   (  166): <UG31/E>[UpiReadCapacity]: (0x1002254a) 3091 (3091) / 3926 (4027) = 79 (-122--122)
02-12 13:33:20.510 I/[UPI]   (  166): <UG31/E><BATT> M:normal, P:79(79-79)%, V:4006mV, C:-105mA, T:33.1C(384), S:0x1002254a(000), R:3091mAh, F:3926mAh, Q:-364mAh, CC:3, P:30.380(973-0)s, BO:7, 97:615:0-44af-9m:B001-20140514-144301 (16)
02-12 13:33:20.510 D/EVENT_THREAD(  183): void CEventThread::run() POLLIN event on Fd (1)
02-12 13:33:20.510 D/EVENT_THREAD(  183): void CEventThread::run() Do poll with timeout: -1
02-12 13:33:20.510 I/upi_ug31xx(  166): (5712) backup_data 
02-12 13:33:20.510 V/upi_ug31xx(  166): state->check_backup_count = 19
02-12 13:33:35.440 D/wpa_supplicant(  651): wlan0: Starting AP scan for wildcard SSID
02-12 13:33:35.440 D/wpa_supplicant(  651): WPS: Building WPS IE for Probe Request
02-12 13:33:35.440 D/wpa_supplicant(  651): WPS:  * Version (hardcoded 0x10)
02-12 13:33:35.440 D/wpa_supplicant(  651): WPS:  * Request Type
02-12 13:33:35.440 D/wpa_supplicant(  651): WPS:  * Config Methods (4288)
02-12 13:33:35.440 D/wpa_supplicant(  651): WPS:  * UUID-E
02-12 13:33:35.440 D/wpa_supplicant(  651): WPS:  * Primary Device Type
02-12 13:33:35.440 D/wpa_supplicant(  651): WPS:  * RF Bands (1)
02-12 13:33:35.440 D/wpa_supplicant(  651): WPS:  * Association State
02-12 13:33:35.440 D/wpa_supplicant(  651): WPS:  * Configuration Error (0)
02-12 13:33:35.440 D/wpa_supplicant(  651): WPS:  * Device Password ID (0)
02-12 13:33:35.440 D/wpa_supplicant(  651): WPS:  * Manufacturer
02-12 13:33:35.440 D/wpa_supplicant(  651): WPS:  * Model Name
02-12 13:33:35.440 D/wpa_supplicant(  651): WPS:  * Model Number
02-12 13:33:35.440 D/wpa_supplicant(  651): WPS:  * Device Name
02-12 13:33:35.440 D/wpa_supplicant(  651): WPS:  * Version2 (0x20)
02-12 13:33:35.440 D/wpa_supplicant(  651): P2P: * P2P IE header
02-12 13:33:35.440 D/wpa_supplicant(  651): P2P: * Capability dev=25 group=00
02-12 13:33:35.440 D/wpa_supplicant(  651): P2P: * Listen Channel: Regulatory Class 81 Channel 11
02-12 13:33:35.440 D/wpa_supplicant(  651): wlan0: nl80211: scan request
02-12 13:33:35.500 D/wpa_supplicant(  651): Scan requested (ret=0) - scan timeout 30 seconds
02-12 13:33:35.500 D/wpa_supplicant(  651): nl80211: Drv Event 33 (NL80211_CMD_TRIGGER_SCAN) received for wlan0
02-12 13:33:35.500 D/wpa_supplicant(  651): wlan0: nl80211: Scan trigger
02-12 13:33:36.630 D/wpa_supplicant(  651): nl80211: Drv Event 34 (NL80211_CMD_NEW_SCAN_RESULTS) received for wlan0
02-12 13:33:36.630 D/wpa_supplicant(  651): wlan0: nl80211: New scan results available
02-12 13:33:36.630 D/wpa_supplicant(  651): wlan0: Event SCAN_RESULTS (3) received
02-12 13:33:36.630 D/wpa_supplicant(  651): nl80211: Received scan results (16 BSSes)
02-12 13:33:36.630 D/wpa_supplicant(  651): nl80211: Survey data missing
02-12 13:33:36.630 D/wpa_supplicant(  651): wlan0: BSS: Start scan result update 505
02-12 13:33:36.630 D/wpa_supplicant(  651): wlan0: BSS: Add new id 1156 BSSID c0:a0:bb:20:3b:84 SSID 'dlink-3B84'
02-12 13:33:36.630 D/wpa_supplicant(  651): CTRL_IFACE monitor send - hexdump(len=39): 2f 64 61 74 61 2f 6d 69 73 63 2f 77 69 66 69 2f 73 6f 63 6b 65 74 73 2f 77 70 61 5f 63 74 72 6c ...
02-12 13:33:36.630 I/WifiHW  (  504): EVENT: IFNAME=wlan0 CTRL-EVENT-BSS-ADDED 1156 c0:a0:bb:20:3b:84
02-12 13:33:36.630 D/wpa_supplicant(  651): wlan0: BSS: Remove id 1150 BSSID 02:1a:11:fa:9e:f1 SSID 'love U forever' due to no match in scan
02-12 13:33:36.630 D/wpa_supplicant(  651): CTRL_IFACE monitor send - hexdump(len=39): 2f 64 61 74 61 2f 6d 69 73 63 2f 77 69 66 69 2f 73 6f 63 6b 65 74 73 2f 77 70 61 5f 63 74 72 6c ...
02-12 13:33:36.630 I/WifiHW  (  504): EVENT: IFNAME=wlan0 CTRL-EVENT-BSS-REMOVED 1150 02:1a:11:fa:9e:f1
02-12 13:33:36.630 D/wpa_supplicant(  651): wlan0: BSS: Remove id 1151 BSSID 1c:65:9d:e8:79:44 SSID 'WiFi' due to no match in scan
02-12 13:33:36.630 D/wpa_supplicant(  651): CTRL_IFACE monitor send - hexdump(len=39): 2f 64 61 74 61 2f 6d 69 73 63 2f 77 69 66 69 2f 73 6f 63 6b 65 74 73 2f 77 70 61 5f 63 74 72 6c ...
02-12 13:33:36.630 I/WifiHW  (  504): EVENT: IFNAME=wlan0 CTRL-EVENT-BSS-REMOVED 1151 1c:65:9d:e8:79:44
02-12 13:33:36.630 D/wpa_supplicant(  651): wlan0: BSS: Remove id 1153 BSSID 00:25:86:5c:5e:30 SSID 'internet' due to no match in scan
02-12 13:33:36.630 D/wpa_supplicant(  651): CTRL_IFACE monitor send - hexdump(len=39): 2f 64 61 74 61 2f 6d 69 73 63 2f 77 69 66 69 2f 73 6f 63 6b 65 74 73 2f 77 70 61 5f 63 74 72 6c ...
02-12 13:33:36.630 I/WifiHW  (  504): EVENT: IFNAME=wlan0 CTRL-EVENT-BSS-REMOVED 1153 00:25:86:5c:5e:30
02-12 13:33:36.630 D/wpa_supplicant(  651): BSS: last_scan_res_used=16/32 last_scan_full=0
02-12 13:33:36.630 D/wpa_supplicant(  651): wlan0: New scan results available
02-12 13:33:36.630 D/wpa_supplicant(  651): CTRL_IFACE monitor send - hexdump(len=39): 2f 64 61 74 61 2f 6d 69 73 63 2f 77 69 66 69 2f 73 6f 63 6b 65 74 73 2f 77 70 61 5f 63 74 72 6c ...
02-12 13:33:36.630 I/WifiHW  (  504): EVENT: IFNAME=wlan0 CTRL-EVENT-SCAN-RESULTS 
02-12 13:33:36.630 I/WifiHW  (  504): CMD: IFNAME=wlan0 BSS RANGE=0- MASK=0x21987
02-12 13:33:36.630 D/wpa_supplicant(  651): CTRL_IFACE monitor send - hexdump(len=39): 2f 64 61 74 61 2f 6d 69 73 63 2f 77 69 66 69 2f 73 6f 63 6b 65 74 73 2f 77 70 61 5f 63 74 72 6c ...
02-12 13:33:36.630 I/WifiHW  (  504): EVENT: IFNAME=wlan0 WPS-AP-AVAILABLE 
02-12 13:33:36.630 D/wpa_supplicant(  651): Authorize channel 1
02-12 13:33:36.630 D/wpa_supplicant(  651): Authorize channel 2
02-12 13:33:36.630 D/wpa_supplicant(  651): Authorize channel 3
02-12 13:33:36.630 D/wpa_supplicant(  651): Authorize channel 4
02-12 13:33:36.630 D/wpa_supplicant(  651): Authorize channel 5
02-12 13:33:36.630 D/wpa_supplicant(  651): Authorize channel 6
02-12 13:33:36.630 D/wpa_supplicant(  651): Authorize channel 7
02-12 13:33:36.630 D/wpa_supplicant(  651): Authorize channel 8
02-12 13:33:36.630 D/wpa_supplicant(  651): Authorize channel 9
02-12 13:33:36.630 D/wpa_supplicant(  651): Authorize channel 10
02-12 13:33:36.630 D/wpa_supplicant(  651): Authorize channel 11
02-12 13:33:36.630 D/wpa_supplicant(  651): Authorize channel 12
02-12 13:33:36.630 D/wpa_supplicant(  651): Authorize channel 13
02-12 13:33:36.630 D/wpa_supplicant(  651): Authorize channel 1
02-12 13:33:36.630 D/wpa_supplicant(  651): Authorize channel 2
02-12 13:33:36.630 D/wpa_supplicant(  651): Authorize channel 3
02-12 13:33:36.630 D/wpa_supplicant(  651): Authorize channel 4
02-12 13:33:36.630 D/wpa_supplicant(  651): Authorize channel 5
02-12 13:33:36.630 D/wpa_supplicant(  651): Authorize channel 6
02-12 13:33:36.630 D/wpa_supplicant(  651): Authorize channel 7
02-12 13:33:36.630 D/wpa_supplicant(  651): Authorize channel 8
02-12 13:33:36.630 D/wpa_supplicant(  651): Authorize channel 9
02-12 13:33:36.630 D/wpa_supplicant(  651): Authorize channel 10
02-12 13:33:36.630 D/wpa_supplicant(  651): Authorize channel 11
02-12 13:33:36.630 D/wpa_supplicant(  651): Authorize channel 12
02-12 13:33:36.630 D/wpa_supplicant(  651): Authorize channel 13
02-12 13:33:36.630 D/wpa_supplicant(  651): Add access point on channel 6
02-12 13:33:36.630 D/wpa_supplicant(  651): Add access point on channel 11
02-12 13:33:36.630 D/wpa_supplicant(  651): Add access point on channel 11
02-12 13:33:36.630 D/wpa_supplicant(  651): Add access point on channel 11
02-12 13:33:36.630 D/wpa_supplicant(  651): Add access point on channel 6
02-12 13:33:36.630 D/wpa_supplicant(  651): Add access point on channel 1
02-12 13:33:36.630 D/wpa_supplicant(  651): Add access point on channel 6
02-12 13:33:36.630 D/wpa_supplicant(  651): Add access point on channel 4
02-12 13:33:36.630 D/wpa_supplicant(  651): Add access point on channel 11
02-12 13:33:36.630 D/wpa_supplicant(  651): Add access point on channel 1
02-12 13:33:36.630 D/wpa_supplicant(  651): Add access point on channel 1
02-12 13:33:36.630 D/wpa_supplicant(  651): Add access point on channel 6
02-12 13:33:36.630 D/wpa_supplicant(  651): Add access point on channel 6
02-12 13:33:36.630 D/wpa_supplicant(  651): Add access point on channel 6
02-12 13:33:36.630 D/wpa_supplicant(  651): Add access point on channel 6
02-12 13:33:36.630 D/wpa_supplicant(  651): Add access point on channel 6
02-12 13:33:36.630 D/wpa_supplicant(  651): Add access point on channel 1
02-12 13:33:36.630 D/wpa_supplicant(  651): Add access point on channel 8
02-12 13:33:36.630 D/wpa_supplicant(  651): Add access point on channel 6
02-12 13:33:36.630 D/wpa_supplicant(  651): Add access point on channel 2
02-12 13:33:36.630 D/wpa_supplicant(  651): Best Operating channel is = 11
02-12 13:33:36.630 D/wpa_supplicant(  651): WPS: AP[0] f8:d1:11:e7:99:e8 type=0 tries=0 last_attempt=-1 sec ago blacklist=0
02-12 13:33:36.630 D/wpa_supplicant(  651): WPS: AP[1] 10:c3:7b:d2:e5:e0 type=0 tries=0 last_attempt=-1 sec ago blacklist=0
02-12 13:33:36.630 D/wpa_supplicant(  651): WPS: AP[2] b0:48:7a:20:66:6a type=0 tries=0 last_attempt=-1 sec ago blacklist=0
02-12 13:33:36.630 D/wpa_supplicant(  651): WPS: AP[3] cc:34:29:2b:26:4c type=0 tries=0 last_attempt=-1 sec ago blacklist=0
02-12 13:33:36.630 D/wpa_supplicant(  651): WPS: AP[4] cc:34:29:2c:fb:ec type=0 tries=0 last_attempt=-1 sec ago blacklist=0
02-12 13:33:36.630 D/wpa_supplicant(  651): WPS: AP[5] 44:94:fc:3d:da:38 type=0 tries=0 last_attempt=-1 sec ago blacklist=0
02-12 13:33:36.630 D/wpa_supplicant(  651): WPS: AP[6] c0:c1:c0:76:81:3c type=0 tries=0 last_attempt=-1 sec ago blacklist=0
02-12 13:33:36.630 D/wpa_supplicant(  651): WPS: AP[7] 98:fc:11:81:35:fb type=0 tries=0 last_attempt=-1 sec ago blacklist=0
02-12 13:33:36.630 D/wpa_supplicant(  651): WPS: AP[8] b0:48:7a:51:ff:cc type=0 tries=0 last_attempt=-1 sec ago blacklist=0
02-12 13:33:36.630 D/wpa_supplicant(  651): WPS: AP[9] 14:d6:4d:28:ef:c8 type=0 tries=0 last_attempt=-1 sec ago blacklist=0
02-12 13:33:36.630 D/wpa_supplicant(  651): WPS: AP[10] 7a:ff:57:00:13:56 type=0 tries=0 last_attempt=-1 sec ago blacklist=0
02-12 13:33:36.630 D/wpa_supplicant(  651): WPS: AP[11] c8:d7:19:60:62:f2 type=0 tries=0 last_attempt=-1 sec ago blacklist=0
02-12 13:33:36.630 D/wpa_supplicant(  651): WPS: AP[12] c0:a0:bb:20:3b:84 type=0 tries=0 last_attempt=-1 sec ago blacklist=0
02-12 13:33:36.630 D/wpa_supplicant(  651): WPS: AP[13] 5e:f3:70:0c:91:9a type=0 tries=0 last_attempt=-1 sec ago blacklist=0
02-12 13:33:36.630 D/wpa_supplicant(  651): WPS: AP[14] 02:09:4c:42:36:90 type=0 tries=0 last_attempt=-1 sec ago blacklist=0
02-12 13:33:36.630 D/wpa_supplicant(  651): WPS: AP[15] e4:d3:32:36:2e:54 type=0 tries=0 last_attempt=-1 sec ago blacklist=0
02-12 13:33:36.630 D/wpa_supplicant(  651): WPS: AP[16] 6c:8b:2f:e9:d1:da type=0 tries=0 last_attempt=-1 sec ago blacklist=0
02-12 13:33:36.630 D/wpa_supplicant(  651): WPS: AP[17] 9c:21:6a:0d:eb:72 type=0 tries=0 last_attempt=-1 sec ago blacklist=0
02-12 13:33:36.630 D/wpa_supplicant(  651): wlan0: Selecting BSS from priority group 17
02-12 13:33:36.630 D/wpa_supplicant(  651): wlan0: 0: c8:d7:19:60:62:f2 ssid='E3000-2.4G' wpa_ie_len=0 rsn_ie_len=20 caps=0x411 level=-42
02-12 13:33:36.630 D/wpa_supplicant(  651): wlan0:    skip - SSID mismatch
02-12 13:33:36.630 D/wpa_supplicant(  651): wlan0: 1: 6c:8b:2f:e9:d1:da ssid='ZTE_AP_1640' wpa_ie_len=0 rsn_ie_len=20 caps=0x511 level=-44 wps
02-12 13:33:36.630 D/wpa_supplicant(  651): wlan0:    skip - SSID mismatch
02-12 13:33:36.630 D/wpa_supplicant(  651): wlan0: 2: 6c:8b:2f:e8:38:24 ssid='ZTE_AP_6703' wpa_ie_len=0 rsn_ie_len=20 caps=0x511 level=-49
02-12 13:33:36.630 D/wpa_supplicant(  651): wlan0:    skip - SSID mismatch
02-12 13:33:36.630 D/wpa_supplicant(  651): wlan0: 3: f8:d1:11:e7:99:e8 ssid='videotest' wpa_ie_len=22 rsn_ie_len=20 caps=0x531 level=-50 wps
02-12 13:33:36.630 D/wpa_supplicant(  651): wlan0:    skip - SSID mismatch
02-12 13:33:36.630 D/wpa_supplicant(  651): wlan0: 4: cc:34:29:2c:fb:ec ssid='linksys' wpa_ie_len=22 rsn_ie_len=20 caps=0x431 level=-59 wps
02-12 13:33:36.630 D/wpa_supplicant(  651): wlan0:    skip - SSID mismatch
02-12 13:33:36.630 D/wpa_supplicant(  651): wlan0: 5: 98:fc:11:81:35:fb ssid='E2000E' wpa_ie_len=0 rsn_ie_len=20 caps=0x411 level=-59 wps
02-12 13:33:36.630 D/wpa_supplicant(  651): wlan0:    skip - SSID mismatch
02-12 13:33:36.630 D/wpa_supplicant(  651): wlan0: 6: c0:c1:c0:76:81:3c ssid='E2000' wpa_ie_len=0 rsn_ie_len=20 caps=0x411 level=-60 wps
02-12 13:33:36.630 D/wpa_supplicant(  651): wlan0:    skip - SSID mismatch
02-12 13:33:36.630 D/wpa_supplicant(  651): wlan0: 7: e4:d3:32:c0:cf:a4 ssid='fast' wpa_ie_len=0 rsn_ie_len=20 caps=0x411 level=-60
02-12 13:33:36.630 D/wpa_supplicant(  651): wlan0:    skip - SSID mismatch
02-12 13:33:36.630 D/wpa_supplicant(  651): wlan0: 8: cc:34:29:2b:26:4c ssid='cws-test' wpa_ie_len=0 rsn_ie_len=20 caps=0x431 level=-60 wps
02-12 13:33:36.630 D/wpa_supplicant(  651): wlan0:    skip - SSID mismatch
02-12 13:33:36.630 D/wpa_supplicant(  651): wlan0: 9: 44:94:fc:3d:da:38 ssid='6300' wpa_ie_len=0 rsn_ie_len=20 caps=0x411 level=-62 wps
02-12 13:33:36.630 D/wpa_supplicant(  651): wlan0:    skip - SSID mismatch
02-12 13:33:36.630 D/wpa_supplicant(  651): wlan0: 10: 10:c3:7b:d2:e5:e0 ssid='ASUS_RT-AC66U-2.4G' wpa_ie_len=0 rsn_ie_len=20 caps=0x411 level=-63 wps
02-12 13:33:36.630 D/wpa_supplicant(  651): wlan0:    skip - SSID mismatch
02-12 13:33:36.630 D/wpa_supplicant(  651): wlan0: 11: b0:48:7a:20:66:6a ssid='TP-LINK_20666A' wpa_ie_len=22 rsn_ie_len=20 caps=0x431 level=-63 wps
02-12 13:33:36.630 D/wpa_supplicant(  651): wlan0:    skip - SSID mismatch
02-12 13:33:36.630 D/wpa_supplicant(  651): wlan0: 12: 80:1f:02:43:fb:e8 ssid='Edimax AP' wpa_ie_len=0 rsn_ie_len=20 caps=0x411 level=-70
02-12 13:33:36.630 D/wpa_supplicant(  651): wlan0:    skip - SSID mismatch
02-12 13:33:36.630 D/wpa_supplicant(  651): wlan0: 13: c0:a0:bb:20:3b:84 ssid='dlink-3B84' wpa_ie_len=26 rsn_ie_len=24 caps=0x411 level=-76 wps
02-12 13:33:36.630 D/wpa_supplicant(  651): wlan0:    skip - SSID mismatch
02-12 13:33:36.630 D/wpa_supplicant(  651): wlan0: 14: 8c:be:be:01:00:49 ssid='mw' wpa_ie_len=0 rsn_ie_len=20 caps=0x431 level=-77
02-12 13:33:36.630 D/wpa_supplicant(  651): wlan0:    skip - SSID mismatch
02-12 13:33:36.630 D/wpa_supplicant(  651): wlan0: 15: 00:0f:e2:0f:9f:c1 ssid='321_WAN' wpa_ie_len=28 rsn_ie_len=24 caps=0x411 level=-77
02-12 13:33:36.630 D/wpa_supplicant(  651): wlan0:    skip - SSID mismatch
02-12 13:33:36.630 D/wpa_supplicant(  651): wlan0: Selecting BSS from priority group 15
02-12 13:33:36.630 D/wpa_supplicant(  651): wlan0: 0: c8:d7:19:60:62:f2 ssid='E3000-2.4G' wpa_ie_len=0 rsn_ie_len=20 caps=0x411 level=-42
02-12 13:33:36.630 D/wpa_supplicant(  651): wlan0:    skip - SSID mismatch
02-12 13:33:36.630 D/wpa_supplicant(  651): wlan0: 1: 6c:8b:2f:e9:d1:da ssid='ZTE_AP_1640' wpa_ie_len=0 rsn_ie_len=20 caps=0x511 level=-44 wps
02-12 13:33:36.630 D/wpa_supplicant(  651): wlan0:    skip - SSID mismatch
02-12 13:33:36.630 D/wpa_supplicant(  651): wlan0: 2: 6c:8b:2f:e8:38:24 ssid='ZTE_AP_6703' wpa_ie_len=0 rsn_ie_len=20 caps=0x511 level=-49
02-12 13:33:36.630 D/wpa_supplicant(  651): wlan0:    skip - SSID mismatch
02-12 13:33:36.630 D/wpa_supplicant(  651): wlan0: 3: f8:d1:11:e7:99:e8 ssid='videotest' wpa_ie_len=22 rsn_ie_len=20 caps=0x531 level=-50 wps
02-12 13:33:36.630 D/wpa_supplicant(  651): wlan0:    skip - SSID mismatch
02-12 13:33:36.630 D/wpa_supplicant(  651): wlan0: 4: cc:34:29:2c:fb:ec ssid='linksys' wpa_ie_len=22 rsn_ie_len=20 caps=0x431 level=-59 wps
02-12 13:33:36.630 D/wpa_supplicant(  651): wlan0:    skip - SSID mismatch
02-12 13:33:36.630 D/wpa_supplicant(  651): wlan0: 5: 98:fc:11:81:35:fb ssid='E2000E' wpa_ie_len=0 rsn_ie_len=20 caps=0x411 level=-59 wps
02-12 13:33:36.630 D/wpa_supplicant(  651): wlan0:    skip - SSID mismatch
02-12 13:33:36.630 D/wpa_supplicant(  651): wlan0: 6: c0:c1:c0:76:81:3c ssid='E2000' wpa_ie_len=0 rsn_ie_len=20 caps=0x411 level=-60 wps
02-12 13:33:36.630 D/wpa_supplicant(  651): wlan0:    skip - SSID mismatch
02-12 13:33:36.630 D/wpa_supplicant(  651): wlan0: 7: e4:d3:32:c0:cf:a4 ssid='fast' wpa_ie_len=0 rsn_ie_len=20 caps=0x411 level=-60
02-12 13:33:36.630 D/wpa_supplicant(  651): wlan0:    skip - SSID mismatch
02-12 13:33:36.630 D/wpa_supplicant(  651): wlan0: 8: cc:34:29:2b:26:4c ssid='cws-test' wpa_ie_len=0 rsn_ie_len=20 caps=0x431 level=-60 wps
02-12 13:33:36.630 D/wpa_supplicant(  651): wlan0:    skip - SSID mismatch
02-12 13:33:36.630 D/wpa_supplicant(  651): wlan0: 9: 44:94:fc:3d:da:38 ssid='6300' wpa_ie_len=0 rsn_ie_len=20 caps=0x411 level=-62 wps
02-12 13:33:36.630 D/wpa_supplicant(  651): wlan0:    skip - SSID mismatch
02-12 13:33:36.630 D/wpa_supplicant(  651): wlan0: 10: 10:c3:7b:d2:e5:e0 ssid='ASUS_RT-AC66U-2.4G' wpa_ie_len=0 rsn_ie_len=20 caps=0x411 level=-63 wps
02-12 13:33:36.630 D/wpa_supplicant(  651): wlan0:    skip - SSID mismatch
02-12 13:33:36.630 D/wpa_supplicant(  651): wlan0: 11: b0:48:7a:20:66:6a ssid='TP-LINK_20666A' wpa_ie_len=22 rsn_ie_len=20 caps=0x431 level=-63 wps
02-12 13:33:36.630 D/wpa_supplicant(  651): wlan0:    skip - SSID mismatch
02-12 13:33:36.630 D/wpa_supplicant(  651): wlan0: 12: 80:1f:02:43:fb:e8 ssid='Edimax AP' wpa_ie_len=0 rsn_ie_len=20 caps=0x411 level=-70
02-12 13:33:36.630 D/wpa_supplicant(  651): wlan0:    skip - SSID mismatch
02-12 13:33:36.630 D/wpa_supplicant(  651): wlan0: 13: c0:a0:bb:20:3b:84 ssid='dlink-3B84' wpa_ie_len=26 rsn_ie_len=24 caps=0x411 level=-76 wps
02-12 13:33:36.630 D/wpa_supplicant(  651): wlan0:    skip - SSID mismatch
02-12 13:33:36.630 D/wpa_supplicant(  651): wlan0: 14: 8c:be:be:01:00:49 ssid='mw' wpa_ie_len=0 rsn_ie_len=20 caps=0x431 level=-77
02-12 13:33:36.630 D/wpa_supplicant(  651): wlan0:    skip - SSID mismatch
02-12 13:33:36.630 D/wpa_supplicant(  651): wlan0: 15: 00:0f:e2:0f:9f:c1 ssid='321_WAN' wpa_ie_len=28 rsn_ie_len=24 caps=0x411 level=-77
02-12 13:33:36.630 D/wpa_supplicant(  651): wlan0:    skip - SSID mismatch
02-12 13:33:36.630 D/wpa_supplicant(  651): wlan0: Selecting BSS from priority group 4
02-12 13:33:36.630 D/wpa_supplicant(  651): wlan0: 0: c8:d7:19:60:62:f2 ssid='E3000-2.4G' wpa_ie_len=0 rsn_ie_len=20 caps=0x411 level=-42
02-12 13:33:36.630 D/wpa_supplicant(  651): wlan0:    skip - disabled
02-12 13:33:36.630 D/wpa_supplicant(  651): wlan0: 1: 6c:8b:2f:e9:d1:da ssid='ZTE_AP_1640' wpa_ie_len=0 rsn_ie_len=20 caps=0x511 level=-44 wps
02-12 13:33:36.630 D/wpa_supplicant(  651): wlan0:    skip - disabled
02-12 13:33:36.630 D/wpa_supplicant(  651): wlan0: 2: 6c:8b:2f:e8:38:24 ssid='ZTE_AP_6703' wpa_ie_len=0 rsn_ie_len=20 caps=0x511 level=-49
02-12 13:33:36.630 D/wpa_supplicant(  651): wlan0:    skip - disabled
02-12 13:33:36.630 D/wpa_supplicant(  651): wlan0: 3: f8:d1:11:e7:99:e8 ssid='videotest' wpa_ie_len=22 rsn_ie_len=20 caps=0x531 level=-50 wps
02-12 13:33:36.630 D/wpa_supplicant(  651): wlan0:    skip - disabled
02-12 13:33:36.630 D/wpa_supplicant(  651): wlan0: 4: cc:34:29:2c:fb:ec ssid='linksys' wpa_ie_len=22 rsn_ie_len=20 caps=0x431 level=-59 wps
02-12 13:33:36.630 D/wpa_supplicant(  651): wlan0:    skip - disabled
02-12 13:33:36.630 D/wpa_supplicant(  651): wlan0: 5: 98:fc:11:81:35:fb ssid='E2000E' wpa_ie_len=0 rsn_ie_len=20 caps=0x411 level=-59 wps
02-12 13:33:36.630 D/wpa_supplicant(  651): wlan0:    skip - disabled
02-12 13:33:36.630 D/wpa_supplicant(  651): wlan0: 6: c0:c1:c0:76:81:3c ssid='E2000' wpa_ie_len=0 rsn_ie_len=20 caps=0x411 level=-60 wps
02-12 13:33:36.630 D/wpa_supplicant(  651): wlan0:    skip - disabled
02-12 13:33:36.630 D/wpa_supplicant(  651): wlan0: 7: e4:d3:32:c0:cf:a4 ssid='fast' wpa_ie_len=0 rsn_ie_len=20 caps=0x411 level=-60
02-12 13:33:36.630 D/wpa_supplicant(  651): wlan0:    skip - disabled
02-12 13:33:36.630 D/wpa_supplicant(  651): wlan0: 8: cc:34:29:2b:26:4c ssid='cws-test' wpa_ie_len=0 rsn_ie_len=20 caps=0x431 level=-60 wps
02-12 13:33:36.630 D/wpa_supplicant(  651): wlan0:    skip - disabled
02-12 13:33:36.630 D/wpa_supplicant(  651): wlan0: 9: 44:94:fc:3d:da:38 ssid='6300' wpa_ie_len=0 rsn_ie_len=20 caps=0x411 level=-62 wps
02-12 13:33:36.630 D/wpa_supplicant(  651): wlan0:    skip - disabled
02-12 13:33:36.630 D/wpa_supplicant(  651): wlan0: 10: 10:c3:7b:d2:e5:e0 ssid='ASUS_RT-AC66U-2.4G' wpa_ie_len=0 rsn_ie_len=20 caps=0x411 level=-63 wps
02-12 13:33:36.630 D/wpa_supplicant(  651): wlan0:    skip - disabled
02-12 13:33:36.630 D/wpa_supplicant(  651): wlan0: 11: b0:48:7a:20:66:6a ssid='TP-LINK_20666A' wpa_ie_len=22 rsn_ie_len=20 caps=0x431 level=-63 wps
02-12 13:33:36.630 D/wpa_supplicant(  651): wlan0:    skip - disabled
02-12 13:33:36.630 D/wpa_supplicant(  651): wlan0: 12: 80:1f:02:43:fb:e8 ssid='Edimax AP' wpa_ie_len=0 rsn_ie_len=20 caps=0x411 level=-70
02-12 13:33:36.630 D/wpa_supplicant(  651): wlan0:    skip - disabled
02-12 13:33:36.630 D/wpa_supplicant(  651): wlan0: 13: c0:a0:bb:20:3b:84 ssid='dlink-3B84' wpa_ie_len=26 rsn_ie_len=24 caps=0x411 level=-76 wps
02-12 13:33:36.630 D/wpa_supplicant(  651): wlan0:    skip - disabled
02-12 13:33:36.630 D/wpa_supplicant(  651): wlan0: 14: 8c:be:be:01:00:49 ssid='mw' wpa_ie_len=0 rsn_ie_len=20 caps=0x431 level=-77
02-12 13:33:36.630 D/wpa_supplicant(  651): wlan0:    skip - disabled
02-12 13:33:36.630 D/wpa_supplicant(  651): wlan0: 15: 00:0f:e2:0f:9f:c1 ssid='321_WAN' wpa_ie_len=28 rsn_ie_len=24 caps=0x411 level=-77
02-12 13:33:36.630 D/wpa_supplicant(  651): wlan0:    skip - disabled
02-12 13:33:36.630 D/wpa_supplicant(  651): wlan0: No suitable network found
02-12 13:33:36.630 D/wpa_supplicant(  651): wlan0: Setting scan request: 40 sec 0 usec
02-12 13:33:36.630 D/wpa_supplicant(  651): wlan0: Checking for other virtual interfaces sharing same radio (phy0) in event_scan_results
02-12 13:33:36.630 D/wpa_supplicant(  651): p2p-dev-wlan0: Updating scan results from sibling
02-12 13:33:36.640 D/wpa_supplicant(  651): nl80211: Received scan results (16 BSSes)
02-12 13:33:36.640 D/wpa_supplicant(  651): nl80211: Survey data missing
02-12 13:33:36.640 D/wpa_supplicant(  651): p2p-dev-wlan0: BSS: Start scan result update 498
02-12 13:33:36.640 D/wpa_supplicant(  651): BSS: No P2P IE - skipping BSS c8:d7:19:60:62:f2 update for P2P interface
02-12 13:33:36.640 D/wpa_supplicant(  651): BSS: No P2P IE - skipping BSS 6c:8b:2f:e9:d1:da update for P2P interface
02-12 13:33:36.640 D/wpa_supplicant(  651): BSS: No P2P IE - skipping BSS 6c:8b:2f:e8:38:24 update for P2P interface
02-12 13:33:36.640 D/wpa_supplicant(  651): BSS: No P2P IE - skipping BSS f8:d1:11:e7:99:e8 update for P2P interface
