--------- beginning of /dev/log/main
02-12 13:32:42.420 D/AndroidRuntime(30075): 
02-12 13:32:42.420 D/AndroidRuntime(30075): >>>>>> AndroidRuntime START com.android.internal.os.RuntimeInit <<<<<<
02-12 13:32:42.420 D/AndroidRuntime(30075): CheckJNI is OFF
02-12 13:32:42.420 I/AndroidRuntime(30075): Kernel Release Version: 3.10.20-gf818079
02-12 13:32:42.420 I/dalvikvm(30075): No library specified. The standard exception handler will be used
02-12 13:32:42.420 I/dalvikvm(30075): 
02-12 13:32:42.420 I/dalvikvm(30075): +++++++++++++ Using PCG. +++++++++++++++++++++
02-12 13:32:42.430 D/dalvikvm(30075): Trying to load lib libjavacore.so 0x0
02-12 13:32:42.430 D/dalvikvm(30075): Added shared lib libjavacore.so 0x0
02-12 13:32:42.430 D/dalvikvm(30075): Trying to load lib libnativehelper.so 0x0
02-12 13:32:42.430 D/dalvikvm(30075): Added shared lib libnativehelper.so 0x0
02-12 13:32:42.430 D/dalvikvm(30075): No JNI_OnLoad found in libnativehelper.so 0x0, skipping init
02-12 13:32:42.430 D/dalvikvm(30075): Extra Options: not specified
02-12 13:32:42.440 D/dalvikvm(30075): Note: class Landroid/app/ActivityManagerNative; has 186 unimplemented (abstract) methods
02-12 13:32:42.510 E/memtrack(30075): Couldn't load memtrack module (No such file or directory)
02-12 13:32:42.510 E/android.os.Debug(30075): failed to load memtrack module: -2
02-12 13:32:42.540 D/AndroidRuntime(30075): Calling main entry com.android.commands.am.Am
02-12 13:32:42.570 D/AndroidRuntime(30075): Shutting down VM
02-12 13:32:42.570 D/dalvikvm(30075): GC_CONCURRENT freed 112K, 16% free 666K/792K, paused 0ms+0ms, total 1ms
02-12 13:32:42.570 D/dalvikvm(30075): Compiler shutdown in progress - discarding request
02-12 13:32:42.570 D/dalvikvm(30075): Compiler shutdown in progress - discarding request
02-12 13:32:42.570 D/dalvikvm(30075): Compiler shutdown in progress - discarding request
02-12 13:32:42.570 D/dalvikvm(30075): Compiler shutdown in progress - discarding request
02-12 13:32:42.570 D/dalvikvm(30075): Compiler shutdown in progress - discarding request
02-12 13:32:42.570 D/dalvikvm(30075): Compiler shutdown in progress - discarding request
02-12 13:32:42.570 D/dalvikvm(30075): Compiler shutdown in progress - discarding request
02-12 13:32:42.570 D/dalvikvm(30075): Compiler shutdown in progress - discarding request
02-12 13:32:42.570 D/dalvikvm(30075): Compiler shutdown in progress - discarding request
02-12 13:32:42.570 D/dalvikvm(30075): Compiler shutdown in progress - discarding request
02-12 13:32:42.570 D/dalvikvm(30075): Compiler shutdown in progress - discarding request
02-12 13:32:42.570 D/dalvikvm(30075): Compiler shutdown in progress - discarding request
02-12 13:32:42.570 D/dalvikvm(30075): Compiler shutdown in progress - discarding request
02-12 13:32:42.570 D/dalvikvm(30075): Compiler shutdown in progress - discarding request
02-12 13:32:42.570 D/dalvikvm(30075): Compiler shutdown in progress - discarding request
02-12 13:32:42.570 D/dalvikvm(30075): Compiler shutdown in progress - discarding request
02-12 13:32:42.570 D/dalvikvm(30075): Compiler shutdown in progress - discarding request
02-12 13:32:42.570 D/dalvikvm(30075): Compiler shutdown in progress - discarding request
02-12 13:32:42.570 D/dalvikvm(30075): Compiler shutdown in progress - discarding request
02-12 13:32:42.570 D/dalvikvm(30075): Compiler shutdown in progress - discarding request
02-12 13:32:42.570 D/dalvikvm(30075): Compiler shutdown in progress - discarding request
02-12 13:32:42.570 D/dalvikvm(30075): Compiler shutdown in progress - discarding request
02-12 13:32:42.570 D/dalvikvm(30075): Compiler shutdown in progress - discarding request
02-12 13:32:42.570 D/dalvikvm(30075): Compiler shutdown in progress - discarding request
02-12 13:32:42.570 D/dalvikvm(30075): Compiler shutdown in progress - discarding request
02-12 13:32:42.570 D/dalvikvm(30075): Compiler shutdown in progress - discarding request
02-12 13:32:42.570 D/dalvikvm(30075): Compiler shutdown in progress - discarding request
02-12 13:32:42.570 D/dalvikvm(30075): Compiler shutdown in progress - discarding request
02-12 13:32:42.570 D/dalvikvm(30075): Compiler shutdown in progress - discarding request
02-12 13:32:42.570 D/dalvikvm(30075): Compiler shutdown in progress - discarding request
02-12 13:32:42.570 D/dalvikvm(30075): Compiler shutdown in progress - discarding request
02-12 13:32:42.570 D/dalvikvm(30075): Compiler shutdown in progress - discarding request
02-12 13:32:42.570 D/dalvikvm(30075): Compiler shutdown in progress - discarding request
02-12 13:32:42.570 D/dalvikvm(30075): Compiler shutdown in progress - discarding request
02-12 13:32:42.570 D/dalvikvm(30075): Compiler shutdown in progress - discarding request
02-12 13:32:42.570 D/dalvikvm(30075): Compiler shutdown in progress - discarding request
02-12 13:32:42.570 D/dalvikvm(30075): Compiler shutdown in progress - discarding request
02-12 13:32:42.570 D/dalvikvm(30075): Compiler shutdown in progress - discarding request
02-12 13:32:42.570 D/dalvikvm(30075): Compiler shutdown in progress - discarding request
02-12 13:32:42.570 D/dalvikvm(30075): Compiler shutdown in progress - discarding request
02-12 13:32:42.570 D/dalvikvm(30075): Compiler shutdown in progress - discarding request
02-12 13:32:42.570 D/dalvikvm(30075): Compiler shutdown in progress - discarding request
02-12 13:32:42.570 D/dalvikvm(30075): Compiler shutdown in progress - discarding request
02-12 13:32:42.570 D/dalvikvm(30075): Compiler shutdown in progress - discarding request
02-12 13:32:42.570 D/dalvikvm(30075): Compiler shutdown in progress - discarding request
--------- beginning of /dev/log/system
02-12 13:32:42.570 I/ActivityManager(  504): Force stopping org.xwalk.webapi_noneservice_tests appid=10259 user=0: from pid 30075
02-12 13:32:43.210 D/AndroidRuntime(30086): 
02-12 13:32:43.210 D/AndroidRuntime(30086): >>>>>> AndroidRuntime START com.android.internal.os.RuntimeInit <<<<<<
02-12 13:32:43.210 D/AndroidRuntime(30086): CheckJNI is OFF
02-12 13:32:43.210 I/AndroidRuntime(30086): Kernel Release Version: 3.10.20-gf818079
02-12 13:32:43.210 I/dalvikvm(30086): No library specified. The standard exception handler will be used
02-12 13:32:43.210 I/dalvikvm(30086): 
02-12 13:32:43.210 I/dalvikvm(30086): +++++++++++++ Using PCG. +++++++++++++++++++++
02-12 13:32:43.220 D/dalvikvm(30086): Trying to load lib libjavacore.so 0x0
02-12 13:32:43.220 D/dalvikvm(30086): Added shared lib libjavacore.so 0x0
02-12 13:32:43.220 D/dalvikvm(30086): Trying to load lib libnativehelper.so 0x0
02-12 13:32:43.220 D/dalvikvm(30086): Added shared lib libnativehelper.so 0x0
02-12 13:32:43.220 D/dalvikvm(30086): No JNI_OnLoad found in libnativehelper.so 0x0, skipping init
02-12 13:32:43.230 D/dalvikvm(30086): Extra Options: not specified
02-12 13:32:43.240 D/dalvikvm(30086): Note: class Landroid/app/ActivityManagerNative; has 186 unimplemented (abstract) methods
02-12 13:32:43.310 E/memtrack(30086): Couldn't load memtrack module (No such file or directory)
02-12 13:32:43.310 E/android.os.Debug(30086): failed to load memtrack module: -2
02-12 13:32:43.340 D/AndroidRuntime(30086): Calling main entry com.android.commands.am.Am
02-12 13:32:43.370 I/ActivityManager(  504): START u0 {flg=0x10000000 cmp=org.xwalk.webapi_noneservice_tests/.webapi_noneservice_testsActivity} from pid 30086
02-12 13:32:43.380 D/AndroidRuntime(30086): Shutting down VM
02-12 13:32:43.380 D/dalvikvm(30086): GC_CONCURRENT freed 117K, 16% free 702K/832K, paused 0ms+1ms, total 1ms
02-12 13:32:43.380 D/dalvikvm(30086): Compiler shutdown in progress - discarding request
02-12 13:32:43.380 D/dalvikvm(30086): Compiler shutdown in progress - discarding request
02-12 13:32:43.380 D/dalvikvm(30086): Compiler shutdown in progress - discarding request
02-12 13:32:43.380 D/dalvikvm(30086): Compiler shutdown in progress - discarding request
02-12 13:32:43.380 D/dalvikvm(30086): Compiler shutdown in progress - discarding request
02-12 13:32:43.380 D/dalvikvm(30086): Compiler shutdown in progress - discarding request
02-12 13:32:43.380 D/dalvikvm(30086): Compiler shutdown in progress - discarding request
02-12 13:32:43.380 D/dalvikvm(30086): Compiler shutdown in progress - discarding request
02-12 13:32:43.380 D/dalvikvm(30086): Compiler shutdown in progress - discarding request
02-12 13:32:43.380 D/dalvikvm(30086): Compiler shutdown in progress - discarding request
02-12 13:32:43.380 D/dalvikvm(30086): Compiler shutdown in progress - discarding request
02-12 13:32:43.380 D/dalvikvm(30086): Compiler shutdown in progress - discarding request
02-12 13:32:43.380 D/dalvikvm(30086): Compiler shutdown in progress - discarding request
02-12 13:32:43.380 D/dalvikvm(30086): Compiler shutdown in progress - discarding request
02-12 13:32:43.380 D/dalvikvm(30086): Compiler shutdown in progress - discarding request
02-12 13:32:43.380 D/dalvikvm(30086): Compiler shutdown in progress - discarding request
02-12 13:32:43.380 D/dalvikvm(30086): Compiler shutdown in progress - discarding request
02-12 13:32:43.380 D/dalvikvm(30086): Compiler shutdown in progress - discarding request
02-12 13:32:43.380 D/dalvikvm(30086): Compiler shutdown in progress - discarding request
02-12 13:32:43.380 D/dalvikvm(30086): Compiler shutdown in progress - discarding request
02-12 13:32:43.380 D/dalvikvm(30086): Compiler shutdown in progress - discarding request
02-12 13:32:43.380 D/dalvikvm(30086): Compiler shutdown in progress - discarding request
02-12 13:32:43.380 D/dalvikvm(30086): Compiler shutdown in progress - discarding request
02-12 13:32:43.380 D/dalvikvm(30086): Compiler shutdown in progress - discarding request
02-12 13:32:43.380 D/dalvikvm(30086): Compiler shutdown in progress - discarding request
02-12 13:32:43.380 D/dalvikvm(30086): Compiler shutdown in progress - discarding request
02-12 13:32:43.380 D/dalvikvm(30086): Compiler shutdown in progress - discarding request
02-12 13:32:43.380 D/dalvikvm(30086): Compiler shutdown in progress - discarding request
02-12 13:32:43.380 D/dalvikvm(30086): Compiler shutdown in progress - discarding request
02-12 13:32:43.380 D/dalvikvm(30086): Compiler shutdown in progress - discarding request
02-12 13:32:43.380 D/dalvikvm(30086): Compiler shutdown in progress - discarding request
02-12 13:32:43.380 D/dalvikvm(30086): Compiler shutdown in progress - discarding request
02-12 13:32:43.380 D/dalvikvm(30086): Compiler shutdown in progress - discarding request
02-12 13:32:43.380 D/dalvikvm(30086): Compiler shutdown in progress - discarding request
02-12 13:32:43.380 D/dalvikvm(30086): Compiler shutdown in progress - discarding request
02-12 13:32:43.380 D/dalvikvm(30086): Compiler shutdown in progress - discarding request
02-12 13:32:43.380 D/dalvikvm(30086): Compiler shutdown in progress - discarding request
02-12 13:32:43.380 D/dalvikvm(30086): Compiler shutdown in progress - discarding request
02-12 13:32:43.380 D/dalvikvm(30086): Compiler shutdown in progress - discarding request
02-12 13:32:43.380 D/dalvikvm(30086): Compiler shutdown in progress - discarding request
02-12 13:32:43.380 D/dalvikvm(30086): Compiler shutdown in progress - discarding request
02-12 13:32:43.380 D/dalvikvm(30086): Compiler shutdown in progress - discarding request
02-12 13:32:43.380 D/dalvikvm(30086): Compiler shutdown in progress - discarding request
02-12 13:32:43.380 D/dalvikvm(30086): Compiler shutdown in progress - discarding request
02-12 13:32:43.380 D/dalvikvm(30086): Compiler shutdown in progress - discarding request
02-12 13:32:43.960 D/EVENT_THREAD(  183): void CEventThread::run() POLLIN event on Fd (1)
02-12 13:32:43.960 D/EVENT_THREAD(  183): void CEventThread::run() Do poll with timeout: -1
02-12 13:32:44.000 D/AndroidRuntime(30097): 
02-12 13:32:44.000 D/AndroidRuntime(30097): >>>>>> AndroidRuntime START com.android.internal.os.RuntimeInit <<<<<<
02-12 13:32:44.000 D/AndroidRuntime(30097): CheckJNI is OFF
02-12 13:32:44.000 I/AndroidRuntime(30097): Kernel Release Version: 3.10.20-gf818079
02-12 13:32:44.000 I/dalvikvm(30097): No library specified. The standard exception handler will be used
02-12 13:32:44.010 I/dalvikvm(30097): 
02-12 13:32:44.010 I/dalvikvm(30097): +++++++++++++ Using PCG. +++++++++++++++++++++
02-12 13:32:44.010 D/dalvikvm(30097): Trying to load lib libjavacore.so 0x0
02-12 13:32:44.020 D/dalvikvm(30097): Added shared lib libjavacore.so 0x0
02-12 13:32:44.020 D/dalvikvm(30097): Trying to load lib libnativehelper.so 0x0
02-12 13:32:44.020 D/dalvikvm(30097): Added shared lib libnativehelper.so 0x0
02-12 13:32:44.020 D/dalvikvm(30097): No JNI_OnLoad found in libnativehelper.so 0x0, skipping init
02-12 13:32:44.020 D/dalvikvm(30097): Extra Options: not specified
02-12 13:32:44.030 D/dalvikvm(30097): Note: class Landroid/app/ActivityManagerNative; has 186 unimplemented (abstract) methods
02-12 13:32:44.120 E/memtrack(30097): Couldn't load memtrack module (No such file or directory)
02-12 13:32:44.120 E/android.os.Debug(30097): failed to load memtrack module: -2
02-12 13:32:44.160 D/AndroidRuntime(30097): Calling main entry com.android.commands.am.Am
02-12 13:32:44.190 I/ActivityManager(  504): START u0 {flg=0x10000000 cmp=org.xwalk.webapi_noneservice_tests/.webapi_noneservice_tests} from pid 30097
02-12 13:32:44.200 D/AndroidRuntime(30097): Shutting down VM
02-12 13:32:44.200 V/WeatherTimeProvider( 1511): widget on Visibility Changed
02-12 13:32:44.200 I/SecurityManagerService(  621): SMS received security event: App[START/org.xwalk.webapi_noneservice_tests]
02-12 13:32:44.210 D/dalvikvm(30109): Late-enabling CheckJNI
02-12 13:32:44.210 D/dalvikvm(30109): Try to disable coredump for pid 30109
02-12 13:32:44.210 D/dalvikvm(30109): Process 30109 nice name: org.xwalk.webapi_noneservice_tests
02-12 13:32:44.210 D/dalvikvm(30097): GC_CONCURRENT freed 114K, 16% free 701K/832K, paused 0ms+0ms, total 1ms
02-12 13:32:44.210 D/dalvikvm(30109): Extra Options: not specified
02-12 13:32:44.210 I/ActivityManager(  504): Start proc org.xwalk.webapi_noneservice_tests for activity org.xwalk.webapi_noneservice_tests/.webapi_noneservice_tests: pid=30109 uid=10259 gids={50259, 3003, 1028, 1015}
02-12 13:32:44.220 D/dalvikvm(30097): Compiler shutdown in progress - discarding request
02-12 13:32:44.220 D/dalvikvm(30097): Compiler shutdown in progress - discarding request
02-12 13:32:44.220 D/dalvikvm(30097): Compiler shutdown in progress - discarding request
02-12 13:32:44.220 D/dalvikvm(30097): Compiler shutdown in progress - discarding request
02-12 13:32:44.220 D/dalvikvm(30097): Compiler shutdown in progress - discarding request
02-12 13:32:44.220 D/dalvikvm(30097): Compiler shutdown in progress - discarding request
02-12 13:32:44.220 D/dalvikvm(30097): Compiler shutdown in progress - discarding request
02-12 13:32:44.220 D/dalvikvm(30097): Compiler shutdown in progress - discarding request
02-12 13:32:44.220 D/dalvikvm(30097): Compiler shutdown in progress - discarding request
02-12 13:32:44.220 D/dalvikvm(30097): Compiler shutdown in progress - discarding request
02-12 13:32:44.220 D/dalvikvm(30097): Compiler shutdown in progress - discarding request
02-12 13:32:44.220 D/dalvikvm(30097): Compiler shutdown in progress - discarding request
02-12 13:32:44.220 D/dalvikvm(30097): Compiler shutdown in progress - discarding request
02-12 13:32:44.220 D/dalvikvm(30097): Compiler shutdown in progress - discarding request
02-12 13:32:44.220 D/dalvikvm(30097): Compiler shutdown in progress - discarding request
02-12 13:32:44.220 D/dalvikvm(30097): Compiler shutdown in progress - discarding request
02-12 13:32:44.220 D/dalvikvm(30097): Compiler shutdown in progress - discarding request
02-12 13:32:44.220 D/dalvikvm(30097): Compiler shutdown in progress - discarding request
02-12 13:32:44.220 D/dalvikvm(30097): Compiler shutdown in progress - discarding request
02-12 13:32:44.220 D/dalvikvm(30097): Compiler shutdown in progress - discarding request
02-12 13:32:44.220 D/dalvikvm(30097): Compiler shutdown in progress - discarding request
02-12 13:32:44.220 D/dalvikvm(30097): Compiler shutdown in progress - discarding request
02-12 13:32:44.220 D/dalvikvm(30097): Compiler shutdown in progress - discarding request
02-12 13:32:44.220 D/dalvikvm(30097): Compiler shutdown in progress - discarding request
02-12 13:32:44.220 D/dalvikvm(30097): Compiler shutdown in progress - discarding request
02-12 13:32:44.220 D/dalvikvm(30097): Compiler shutdown in progress - discarding request
02-12 13:32:44.220 D/dalvikvm(30097): Compiler shutdown in progress - discarding request
02-12 13:32:44.220 D/dalvikvm(30097): Compiler shutdown in progress - discarding request
02-12 13:32:44.220 D/dalvikvm(30097): Compiler shutdown in progress - discarding request
02-12 13:32:44.220 D/dalvikvm(30097): Compiler shutdown in progress - discarding request
02-12 13:32:44.220 D/dalvikvm(30097): Compiler shutdown in progress - discarding request
02-12 13:32:44.220 D/dalvikvm(30097): Compiler shutdown in progress - discarding request
02-12 13:32:44.220 D/dalvikvm(30097): Compiler shutdown in progress - discarding request
02-12 13:32:44.220 D/dalvikvm(30097): Compiler shutdown in progress - discarding request
02-12 13:32:44.220 D/dalvikvm(30097): Compiler shutdown in progress - discarding request
02-12 13:32:44.220 D/dalvikvm(30097): Compiler shutdown in progress - discarding request
02-12 13:32:44.220 D/dalvikvm(30097): Compiler shutdown in progress - discarding request
02-12 13:32:44.220 D/dalvikvm(30097): Compiler shutdown in progress - discarding request
02-12 13:32:44.220 D/dalvikvm(30097): Compiler shutdown in progress - discarding request
02-12 13:32:44.220 D/dalvikvm(30097): Compiler shutdown in progress - discarding request
02-12 13:32:44.220 D/dalvikvm(30097): Compiler shutdown in progress - discarding request
02-12 13:32:44.220 D/dalvikvm(30097): Compiler shutdown in progress - discarding request
02-12 13:32:44.220 D/dalvikvm(30097): Compiler shutdown in progress - discarding request
02-12 13:32:44.220 D/dalvikvm(30097): Compiler shutdown in progress - discarding request
02-12 13:32:44.220 D/WindowManager(  504): adjustConfigurationLw, config:{1.0 ?mcc?mnc ?locale ?layoutDir sw600dp w600dp h888dp 213dpi lrg port ?uimode ?night finger -keyb/v/h -nav/v} mLidState:1 mHasDockFeature:false mHasKeyboardFeature:false mHasHallSensorFeature:true config.hardKeyboardHidden:2
02-12 13:32:44.230 I/ActivityManager(  504): [TopPkgCurBat]	NowPkgName[org.xwalk.webapi_noneservice_tests]	Battery[79]	TimeTick[1423719164241]	OldPkgName[com.asus.launcher]
02-12 13:32:44.250 D/        (  675): Surface destroy: ANDROID_NATIVE_WINDOW_MAGIC
02-12 13:32:44.260 I/CordovaLog(30109): Changing log level to DEBUG(3)
02-12 13:32:44.260 D/CordovaActivity(30109): CordovaActivity.init()
02-12 13:32:44.270 D/dalvikvm(30109): Trying to load lib /data/app-lib/org.xwalk.webapi_noneservice_tests-1/libxwalkcore.so 0x43d84e30
02-12 13:32:44.270 D/dalvikvm(30109): Added shared lib /data/app-lib/org.xwalk.webapi_noneservice_tests-1/libxwalkcore.so 0x43d84e30
02-12 13:32:44.280 I/LibraryLoader(30109): Time to load native libraries: 12 ms (timestamps 750-762)
02-12 13:32:44.280 I/LibraryLoader(30109): Expected native library version number "",actual native library version number ""
02-12 13:32:44.300 I/LibraryLoader(30109): Expected native library version number "",actual native library version number ""
02-12 13:32:44.300 I/chromium(30109): [INFO:library_loader_hooks.cc(112)] Chromium logging enabled: level = 0, default verbosity = 0
02-12 13:32:44.310 I/BrowserStartupController(30109): Initializing chromium process, singleProcess=true
02-12 13:32:44.590 D/ImageWallpaper(  566): onVisibilityChanged: mVisible, visible=true, false
02-12 13:32:44.590 D/ImageWallpaper(  566): Visibility changed to visible=false
02-12 13:32:44.590 D/ImageWallpaper(  566): Suppressed drawFrame since redraw is not needed and offsets have not changed.
02-12 13:32:44.700 W/chromium(30109): [WARNING:dns_config_service_posix.cc(293)] Failed to read DnsConfig.
02-12 13:32:44.700 W/AudioManagerAndroid(30109): Requires BLUETOOTH permission
02-12 13:32:44.700 I/ufoGralloc(30109): Hello, this is UFO GRALLOC/Intel Corporation
02-12 13:32:44.710 D/        (30109): Pixel Format : GGL_PIXEL_FORMAT_RGBA_8888
02-12 13:32:44.710 D/        (30109): droid_create_context : config id = 1 conf->NativeVisualID=1
02-12 13:32:44.710 D/        (30109): Pixel Format : GGL_PIXEL_FORMAT_RGBA_8888
02-12 13:32:44.710 I/        (30109): Requested context : GLES 2.0
02-12 13:32:44.730 W/chromium(30109): [WARNING:proxy_service.cc(899)] PAC support disabled because there is no system implementation
02-12 13:32:44.730 W/dalvikvm(30109): VFY: unable to find class referenced in signature (Landroid/view/inputmethod/CursorAnchorInfo;)
02-12 13:32:44.730 I/dalvikvm(30109): Could not find method android.view.inputmethod.InputMethodManager.updateCursorAnchorInfo, referenced from method org.chromium.content.browser.input.InputMethodManagerWrapper.updateCursorAnchorInfo
02-12 13:32:44.730 W/dalvikvm(30109): VFY: unable to resolve virtual method 1368: Landroid/view/inputmethod/InputMethodManager;.updateCursorAnchorInfo (Landroid/view/View;Landroid/view/inputmethod/CursorAnchorInfo;)V
02-12 13:32:44.730 D/dalvikvm(30109): VFY: replacing opcode 0x6e at 0x000a
02-12 13:32:44.780 E/cutils  (  163): Failed to mkdirat(/Removable/MicroSD): Read-only file system
02-12 13:32:44.780 W/ContextImpl(30109): Failed to ensure directory: /Removable/MicroSD/Android/data/org.xwalk.webapi_noneservice_tests/cache
02-12 13:32:44.780 W/Vold    (  163): Returning OperationFailed - no handler for errno 30
02-12 13:32:44.790 D/CordovaActivity(30109): CordovaActivity.createViews()
02-12 13:32:44.790 E/chromium(30109): [ERROR:unix_domain_server_socket_posix.cc(106)] Not implemented reached in virtual int net::UnixDomainServerSocket::GetLocalAddress(net::IPEndPoint*) const
02-12 13:32:44.790 D/CordovaWebView(30109): >>> loadUrl(file:///android_asset/www/index.html)
02-12 13:32:44.790 D/PluginManager(30109): init()
02-12 13:32:44.800 E/cutils  (  163): Failed to mkdirat(/Removable/MicroSD): Read-only file system
02-12 13:32:44.800 W/ContextImpl(30109): Failed to ensure directory: /Removable/MicroSD/Android/data/org.xwalk.webapi_noneservice_tests/files
02-12 13:32:44.800 E/cutils  (  163): Failed to mkdirat(/Removable/MicroSD): Read-only file system
02-12 13:32:44.800 W/ContextImpl(30109): Failed to ensure directory: /Removable/MicroSD/Android/data/org.xwalk.webapi_noneservice_tests/cache
02-12 13:32:44.800 D/CordovaWebView(30109): >>> loadUrlNow()
02-12 13:32:44.800 I/dalvikvm(30109): Could not find method android.app.Activity.finishAndRemoveTask, referenced from method org.chromium.base.ApiCompatibilityUtils.finishAndRemoveTask
02-12 13:32:44.800 W/dalvikvm(30109): VFY: unable to resolve virtual method 6: Landroid/app/Activity;.finishAndRemoveTask ()V
02-12 13:32:44.800 D/dalvikvm(30109): VFY: replacing opcode 0x6e at 0x0006
02-12 13:32:44.800 I/dalvikvm(30109): Could not find method android.os.PowerManager.isInteractive, referenced from method org.chromium.base.ApiCompatibilityUtils.isInteractive
02-12 13:32:44.800 W/dalvikvm(30109): VFY: unable to resolve virtual method 874: Landroid/os/PowerManager;.isInteractive ()Z
02-12 13:32:44.800 D/dalvikvm(30109): VFY: replacing opcode 0x6e at 0x000e
02-12 13:32:44.800 I/dalvikvm(30109): Could not find method android.view.Window.getNavigationBarColor, referenced from method org.chromium.base.ApiCompatibilityUtils.setStatusBarColor
02-12 13:32:44.800 W/dalvikvm(30109): VFY: unable to resolve virtual method 1268: Landroid/view/Window;.getNavigationBarColor ()I
02-12 13:32:44.800 D/dalvikvm(30109): VFY: replacing opcode 0x6e at 0x0010
02-12 13:32:44.800 I/dalvikvm(30109): Could not find method android.view.Window.setStatusBarColor, referenced from method org.chromium.base.ApiCompatibilityUtils.setStatusBarColor
02-12 13:32:44.800 W/dalvikvm(30109): VFY: unable to resolve virtual method 1274: Landroid/view/Window;.setStatusBarColor (I)V
02-12 13:32:44.800 D/dalvikvm(30109): VFY: replacing opcode 0x6e at 0x0019
02-12 13:32:44.800 E/dalvikvm(30109): Could not find class 'android.app.ActivityManager$TaskDescription', referenced from method org.chromium.base.ApiCompatibilityUtils.setTaskDescription
02-12 13:32:44.800 W/dalvikvm(30109): VFY: unable to resolve new-instance 13 (Landroid/app/ActivityManager$TaskDescription;) in Lorg/chromium/base/ApiCompatibilityUtils;
02-12 13:32:44.800 D/dalvikvm(30109): VFY: replacing opcode 0x22 at 0x0006
02-12 13:32:44.800 D/dalvikvm(30109): DexOpt: unable to opt direct call 0x002f at 0x08 in Lorg/chromium/base/ApiCompatibilityUtils;.setTaskDescription
02-12 13:32:44.800 I/chromium(30109): [INFO:xwalk_extension_renderer_controller.cc(47)] EXTENSION PROCESS DISABLED.
02-12 13:32:44.800 W/Vold    (  163): Returning OperationFailed - no handler for errno 30
02-12 13:32:44.800 W/Vold    (  163): Returning OperationFailed - no handler for errno 30
02-12 13:32:44.810 D/CordovaActivity(30109): Resuming the App
02-12 13:32:44.820 D/SoftKeyboardDetect(30109): Ignore this event
02-12 13:32:44.840 D/        (30109): droid_create_context : config id = 5 conf->NativeVisualID=1
02-12 13:32:44.840 D/        (30109): Pixel Format : GGL_PIXEL_FORMAT_RGBA_8888
02-12 13:32:44.840 I/        (30109): Requested context : GLES 2.0
02-12 13:32:44.840 D/        (30109): Pixel Format : GGL_PIXEL_FORMAT_RGBA_8888
02-12 13:32:44.840 D/        (30109): droid_create_context : config id = 1 conf->NativeVisualID=1
02-12 13:32:44.840 D/        (30109): Pixel Format : GGL_PIXEL_FORMAT_RGBA_8888
02-12 13:32:44.840 I/        (30109): Requested context : GLES 2.0
02-12 13:32:44.850 D/        (30109): Pixel Format : GGL_PIXEL_FORMAT_RGBA_8888
02-12 13:32:44.850 D/OpenGLRenderer(30109): Enabling debug mode 0
02-12 13:32:44.870 D/SoftKeyboardDetect(30109): Ignore this event
02-12 13:32:44.870 D/XT9IME  (  722): new subtype :zh_CN ,pinyin
02-12 13:32:44.900 D/CordovaActivity(30109): onMessage(onPageStarted,file:///android_asset/www/index.html)
02-12 13:32:44.900 W/BindingManager(30109): Cannot call determinedVisibility() - never saw a connection for the pid: 30109
02-12 13:32:44.900 D/CordovaActivity(30109): onMessage(onPageFinished,file:///android_asset/www/index.html)
02-12 13:32:44.900 I/ActivityManager(  504): Displayed org.xwalk.webapi_noneservice_tests/.webapi_noneservice_tests: +700ms
02-12 13:32:44.900 D/BatteryStatsImpl(  504): noteStopWakeLocked system isFromForeground = false
02-12 13:32:45.910 D/CordovaActivity(30109): onMessage(onPageStarted,file:///android_asset/www/index_real.html?testprefix=./)
02-12 13:32:45.940 W/BindingManager(30109): Cannot call determinedVisibility() - never saw a connection for the pid: 30109
02-12 13:32:46.130 I/chromium(30109): [INFO:CONSOLE(0)] "Synchronous XMLHttpRequest on the main thread is deprecated because of its detrimental effects to the end user's experience. For more help, check http://xhr.spec.whatwg.org/.", source:  (0)
02-12 13:32:46.250 D/CordovaActivity(30109): onMessage(onPageFinished,file:///android_asset/www/index_real.html?testprefix=./)
02-12 13:32:46.900 D/CordovaActivity(30109): onMessage(spinner,stop)
02-12 13:32:46.940 D/        (30109): Pixel Format : GGL_PIXEL_FORMAT_RGBA_8888
02-12 13:32:46.940 D/        (30109): droid_create_context : config id = 1 conf->NativeVisualID=1
02-12 13:32:46.940 D/        (30109): Pixel Format : GGL_PIXEL_FORMAT_RGBA_8888
02-12 13:32:46.940 I/        (30109): Requested context : GLES 2.0
02-12 13:32:46.950 D/        (30109): Swap interval set to = 1 value
02-12 13:32:47.010 D/        (30109): Pixel Format : GGL_PIXEL_FORMAT_RGBA_8888
02-12 13:32:47.010 D/        (30109): droid_create_context : config id = 1 conf->NativeVisualID=1
02-12 13:32:47.010 D/        (30109): Pixel Format : GGL_PIXEL_FORMAT_RGBA_8888
02-12 13:32:47.010 I/        (30109): Requested context : GLES 2.0
02-12 13:32:48.000 W/BindingManager(30109): Cannot call determinedVisibility() - never saw a connection for the pid: 30109
02-12 13:32:48.250 D/CordovaActivity(30109): onMessage(spinner,stop)
02-12 13:32:48.680 W/BindingManager(30109): Cannot call determinedVisibility() - never saw a connection for the pid: 30109
02-12 13:32:49.390 W/BindingManager(30109): Cannot call determinedVisibility() - never saw a connection for the pid: 30109
02-12 13:32:49.980 W/BindingManager(30109): Cannot call determinedVisibility() - never saw a connection for the pid: 30109
02-12 13:32:50.090 D/EVENT_THREAD(  183): void CEventThread::run() POLLIN event on Fd (1)
02-12 13:32:50.090 D/EVENT_THREAD(  183): void CEventThread::run() Do poll with timeout: -1
02-12 13:32:50.090 D/EVENT_THREAD(  183): void CEventThread::run() POLLIN event on Fd (1)
02-12 13:32:50.090 D/EVENT_THREAD(  183): void CEventThread::run() Do poll with timeout: -1
02-12 13:32:50.090 I/upi_ug31xx(  166): (5709) update_capacity
02-12 13:32:50.090 I/[UPI]   (  166): <UG31/E>[UpiReadCapacity]: V=4006(4006), T=327(331-384), I=-139, C=-3(-3-0)
02-12 13:32:50.090 I/[UPI]   (  166): <UG31/E>[UpiReadCapacity]: (0x1002254a) 3096 (2935) / 3926 (4027) = 79
02-12 13:32:50.090 I/[UPI]   (  166): <UG31/E>[UpiReadCapacity]: (0x1002254a) 3096 (2935) / 3926 (4027) = 79
02-12 13:32:50.090 I/[UPI]   (  166): <UG31/E>[UpiReadCapacity]: (0x1002254a) 3093 (3093) / 3926 (4027) = 79
02-12 13:32:50.090 I/[UPI]   (  166): <UG31/E>[RsocFilterCountTime]: (0x1002254a) Step=10(608000), Full=10(608000), Lock=608000(2045007)
02-12 13:32:50.090 I/[UPI]   (  166): <UG31/E>[UpiReadCapacity]: (0x1002254a) 3093 (3093) / 3926 (4027) = 79 (-139--139)
02-12 13:32:50.090 I/[UPI]   (  166): <UG31/E><BATT> M:normal, P:79(79-79)%, V:4006mV, C:-118mA, T:33.1C(384), S:0x1002254a(000), R:3093mAh, F:3926mAh, Q:-362mAh, CC:3, P:30.370(971-0)s, BO:7, 97:615:0-44af-9m:B001-20140514-144301 (16)
02-12 13:32:50.090 I/upi_ug31xx(  166): (5710) backup_data 
02-12 13:32:50.090 V/upi_ug31xx(  166): state->check_backup_count = 18
02-12 13:32:50.630 W/BindingManager(30109): Cannot call determinedVisibility() - never saw a connection for the pid: 30109
02-12 13:32:51.280 W/BindingManager(30109): Cannot call determinedVisibility() - never saw a connection for the pid: 30109
02-12 13:32:51.910 W/BindingManager(30109): Cannot call determinedVisibility() - never saw a connection for the pid: 30109
02-12 13:32:52.560 W/BindingManager(30109): Cannot call determinedVisibility() - never saw a connection for the pid: 30109
02-12 13:32:53.200 W/BindingManager(30109): Cannot call determinedVisibility() - never saw a connection for the pid: 30109
02-12 13:32:53.850 W/BindingManager(30109): Cannot call determinedVisibility() - never saw a connection for the pid: 30109
02-12 13:32:54.220 D/wpa_supplicant(  651): wlan0: Starting AP scan for wildcard SSID
02-12 13:32:54.220 D/wpa_supplicant(  651): WPS: Building WPS IE for Probe Request
02-12 13:32:54.220 D/wpa_supplicant(  651): WPS:  * Version (hardcoded 0x10)
02-12 13:32:54.220 D/wpa_supplicant(  651): WPS:  * Request Type
02-12 13:32:54.220 D/wpa_supplicant(  651): WPS:  * Config Methods (4288)
02-12 13:32:54.220 D/wpa_supplicant(  651): WPS:  * UUID-E
02-12 13:32:54.220 D/wpa_supplicant(  651): WPS:  * Primary Device Type
02-12 13:32:54.220 D/wpa_supplicant(  651): WPS:  * RF Bands (1)
02-12 13:32:54.220 D/wpa_supplicant(  651): WPS:  * Association State
02-12 13:32:54.220 D/wpa_supplicant(  651): WPS:  * Configuration Error (0)
02-12 13:32:54.220 D/wpa_supplicant(  651): WPS:  * Device Password ID (0)
02-12 13:32:54.220 D/wpa_supplicant(  651): WPS:  * Manufacturer
02-12 13:32:54.220 D/wpa_supplicant(  651): WPS:  * Model Name
02-12 13:32:54.220 D/wpa_supplicant(  651): WPS:  * Model Number
02-12 13:32:54.220 D/wpa_supplicant(  651): WPS:  * Device Name
02-12 13:32:54.220 D/wpa_supplicant(  651): WPS:  * Version2 (0x20)
02-12 13:32:54.220 D/wpa_supplicant(  651): P2P: * P2P IE header
02-12 13:32:54.220 D/wpa_supplicant(  651): P2P: * Capability dev=25 group=00
02-12 13:32:54.220 D/wpa_supplicant(  651): P2P: * Listen Channel: Regulatory Class 81 Channel 11
02-12 13:32:54.220 D/wpa_supplicant(  651): wlan0: nl80211: scan request
02-12 13:32:54.290 D/wpa_supplicant(  651): Scan requested (ret=0) - scan timeout 30 seconds
02-12 13:32:54.290 D/wpa_supplicant(  651): nl80211: Drv Event 33 (NL80211_CMD_TRIGGER_SCAN) received for wlan0
02-12 13:32:54.290 D/wpa_supplicant(  651): wlan0: nl80211: Scan trigger
02-12 13:32:54.510 W/BindingManager(30109): Cannot call determinedVisibility() - never saw a connection for the pid: 30109
02-12 13:32:55.140 W/BindingManager(30109): Cannot call determinedVisibility() - never saw a connection for the pid: 30109
02-12 13:32:55.420 D/wpa_supplicant(  651): RTM_NEWLINK: operstate=0 ifi_flags=0x11003 ([UP][LOWER_UP])
02-12 13:32:55.420 D/wpa_supplicant(  651): RTM_NEWLINK, IFLA_IFNAME: Interface 'wlan0' added
02-12 13:32:55.420 D/wpa_supplicant(  651): nl80211: if_removed already cleared - ignore event
02-12 13:32:55.420 D/wpa_supplicant(  651): nl80211: Drv Event 34 (NL80211_CMD_NEW_SCAN_RESULTS) received for wlan0
02-12 13:32:55.420 D/wpa_supplicant(  651): wlan0: nl80211: New scan results available
02-12 13:32:55.420 D/wpa_supplicant(  651): wlan0: Event SCAN_RESULTS (3) received
02-12 13:32:55.420 D/wpa_supplicant(  651): nl80211: Received scan results (17 BSSes)
02-12 13:32:55.420 D/wpa_supplicant(  651): nl80211: Survey data missing
02-12 13:32:55.420 D/wpa_supplicant(  651): wlan0: BSS: Start scan result update 504
02-12 13:32:55.420 D/wpa_supplicant(  651): wlan0: BSS: Add new id 1154 BSSID cc:b2:55:e2:84:70 SSID 'DLINK_APK'
02-12 13:32:55.420 D/wpa_supplicant(  651): CTRL_IFACE monitor send - hexdump(len=39): 2f 64 61 74 61 2f 6d 69 73 63 2f 77 69 66 69 2f 73 6f 63 6b 65 74 73 2f 77 70 61 5f 63 74 72 6c ...
02-12 13:32:55.420 D/wpa_supplicant(  651): wlan0: BSS: Add new id 1155 BSSID 50:bd:5f:4b:29:92 SSID 'Internet-2'
02-12 13:32:55.420 D/wpa_supplicant(  651): CTRL_IFACE monitor send - hexdump(len=39): 2f 64 61 74 61 2f 6d 69 73 63 2f 77 69 66 69 2f 73 6f 63 6b 65 74 73 2f 77 70 61 5f 63 74 72 6c ...
02-12 13:32:55.420 D/wpa_supplicant(  651): wlan0: BSS: Remove id 1142 BSSID 02:1a:11:f3:5e:4a SSID 'Andy' due to no match in scan
02-12 13:32:55.420 D/wpa_supplicant(  651): CTRL_IFACE monitor send - hexdump(len=39): 2f 64 61 74 61 2f 6d 69 73 63 2f 77 69 66 69 2f 73 6f 63 6b 65 74 73 2f 77 70 61 5f 63 74 72 6c ...
02-12 13:32:55.420 D/wpa_supplicant(  651): wlan0: BSS: Remove id 1143 BSSID c0:a0:bb:20:3b:84 SSID 'dlink-3B84' due to no match in scan
02-12 13:32:55.420 D/wpa_supplicant(  651): CTRL_IFACE monitor send - hexdump(len=39): 2f 64 61 74 61 2f 6d 69 73 63 2f 77 69 66 69 2f 73 6f 63 6b 65 74 73 2f 77 70 61 5f 63 74 72 6c ...
02-12 13:32:55.420 D/wpa_supplicant(  651): wlan0: BSS: Remove id 1147 BSSID 22:48:9a:ac:31:5b SSID 'dean1' due to no match in scan
02-12 13:32:55.420 D/wpa_supplicant(  651): CTRL_IFACE monitor send - hexdump(len=39): 2f 64 61 74 61 2f 6d 69 73 63 2f 77 69 66 69 2f 73 6f 63 6b 65 74 73 2f 77 70 61 5f 63 74 72 6c ...
02-12 13:32:55.420 D/wpa_supplicant(  651): BSS: last_scan_res_used=17/32 last_scan_full=0
02-12 13:32:55.420 D/wpa_supplicant(  651): wlan0: New scan results available
02-12 13:32:55.420 D/wpa_supplicant(  651): CTRL_IFACE monitor send - hexdump(len=39): 2f 64 61 74 61 2f 6d 69 73 63 2f 77 69 66 69 2f 73 6f 63 6b 65 74 73 2f 77 70 61 5f 63 74 72 6c ...
02-12 13:32:55.420 D/wpa_supplicant(  651): CTRL_IFACE monitor send - hexdump(len=39): 2f 64 61 74 61 2f 6d 69 73 63 2f 77 69 66 69 2f 73 6f 63 6b 65 74 73 2f 77 70 61 5f 63 74 72 6c ...
02-12 13:32:55.420 D/wpa_supplicant(  651): Authorize channel 1
02-12 13:32:55.420 D/wpa_supplicant(  651): Authorize channel 2
02-12 13:32:55.420 D/wpa_supplicant(  651): Authorize channel 3
02-12 13:32:55.420 D/wpa_supplicant(  651): Authorize channel 4
02-12 13:32:55.420 D/wpa_supplicant(  651): Authorize channel 5
02-12 13:32:55.420 D/wpa_supplicant(  651): Authorize channel 6
02-12 13:32:55.420 D/wpa_supplicant(  651): Authorize channel 7
02-12 13:32:55.420 D/wpa_supplicant(  651): Authorize channel 8
02-12 13:32:55.420 D/wpa_supplicant(  651): Authorize channel 9
02-12 13:32:55.420 D/wpa_supplicant(  651): Authorize channel 10
02-12 13:32:55.420 D/wpa_supplicant(  651): Authorize channel 11
02-12 13:32:55.420 D/wpa_supplicant(  651): Authorize channel 12
02-12 13:32:55.420 D/wpa_supplicant(  651): Authorize channel 13
02-12 13:32:55.420 D/wpa_supplicant(  651): Authorize channel 1
02-12 13:32:55.420 D/wpa_supplicant(  651): Authorize channel 2
02-12 13:32:55.420 D/wpa_supplicant(  651): Authorize channel 3
02-12 13:32:55.420 D/wpa_supplicant(  651): Authorize channel 4
02-12 13:32:55.420 D/wpa_supplicant(  651): Authorize channel 5
02-12 13:32:55.420 D/wpa_supplicant(  651): Authorize channel 6
02-12 13:32:55.420 D/wpa_supplicant(  651): Authorize channel 7
02-12 13:32:55.420 D/wpa_supplicant(  651): Authorize channel 8
02-12 13:32:55.420 D/wpa_supplicant(  651): Authorize channel 9
02-12 13:32:55.420 D/wpa_supplicant(  651): Authorize channel 10
02-12 13:32:55.420 D/wpa_supplicant(  651): Authorize channel 11
02-12 13:32:55.420 D/wpa_supplicant(  651): Authorize channel 12
02-12 13:32:55.420 D/wpa_supplicant(  651): Authorize channel 13
02-12 13:32:55.420 D/wpa_supplicant(  651): Add access point on channel 6
02-12 13:32:55.420 D/wpa_supplicant(  651): Add access point on channel 11
02-12 13:32:55.420 D/wpa_supplicant(  651): Add access point on channel 11
02-12 13:32:55.420 D/wpa_supplicant(  651): Add access point on channel 11
02-12 13:32:55.420 D/wpa_supplicant(  651): Add access point on channel 6
02-12 13:32:55.420 D/wpa_supplicant(  651): Add access point on channel 1
02-12 13:32:55.420 D/wpa_supplicant(  651): Add access point on channel 6
02-12 13:32:55.420 D/wpa_supplicant(  651): Add access point on channel 4
02-12 13:32:55.420 D/wpa_supplicant(  651): Add access point on channel 11
02-12 13:32:55.420 D/wpa_supplicant(  651): Add access point on channel 1
02-12 13:32:55.420 D/wpa_supplicant(  651): Add access point on channel 1
02-12 13:32:55.420 D/wpa_supplicant(  651): Add access point on channel 6
02-12 13:32:55.420 D/wpa_supplicant(  651): Add access point on channel 6
02-12 13:32:55.420 D/wpa_supplicant(  651): Add access point on channel 6
02-12 13:32:55.420 D/wpa_supplicant(  651): Add access point on channel 6
02-12 13:32:55.420 D/wpa_supplicant(  651): Add access point on channel 6
02-12 13:32:55.420 D/wpa_supplicant(  651): Add access point on channel 6
02-12 13:32:55.420 D/wpa_supplicant(  651): Add access point on channel 6
02-12 13:32:55.420 D/wpa_supplicant(  651): Add access point on channel 1
02-12 13:32:55.420 D/wpa_supplicant(  651): Add access point on channel 6
02-12 13:32:55.420 D/wpa_supplicant(  651): Add access point on channel 8
02-12 13:32:55.420 D/wpa_supplicant(  651): Add access point on channel 6
02-12 13:32:55.420 D/wpa_supplicant(  651): Best Operating channel is = 1
02-12 13:32:55.420 D/wpa_supplicant(  651): WPS: AP[0] f8:d1:11:e7:99:e8 type=0 tries=0 last_attempt=-1 sec ago blacklist=0
02-12 13:32:55.420 D/wpa_supplicant(  651): WPS: AP[1] 10:c3:7b:d2:e5:e0 type=0 tries=0 last_attempt=-1 sec ago blacklist=0
02-12 13:32:55.420 D/wpa_supplicant(  651): WPS: AP[2] b0:48:7a:20:66:6a type=0 tries=0 last_attempt=-1 sec ago blacklist=0
02-12 13:32:55.420 D/wpa_supplicant(  651): WPS: AP[3] cc:34:29:2b:26:4c type=0 tries=0 last_attempt=-1 sec ago blacklist=0
02-12 13:32:55.420 D/wpa_supplicant(  651): WPS: AP[4] cc:34:29:2c:fb:ec type=0 tries=0 last_attempt=-1 sec ago blacklist=0
02-12 13:32:55.420 D/wpa_supplicant(  651): WPS: AP[5] 44:94:fc:3d:da:38 type=0 tries=0 last_attempt=-1 sec ago blacklist=0
02-12 13:32:55.420 D/wpa_supplicant(  651): WPS: AP[6] c0:c1:c0:76:81:3c type=0 tries=0 last_attempt=-1 sec ago blacklist=0
02-12 13:32:55.420 D/wpa_supplicant(  651): WPS: AP[7] 98:fc:11:81:35:fb type=0 tries=0 last_attempt=-1 sec ago blacklist=0
02-12 13:32:55.420 D/wpa_supplicant(  651): WPS: AP[8] b0:48:7a:51:ff:cc type=0 tries=0 last_attempt=-1 sec ago blacklist=0
02-12 13:32:55.420 D/wpa_supplicant(  651): WPS: AP[9] 14:d6:4d:28:ef:c8 type=0 tries=0 last_attempt=-1 sec ago blacklist=0
02-12 13:32:55.420 D/wpa_supplicant(  651): WPS: AP[10] 7a:ff:57:00:13:56 type=0 tries=0 last_attempt=-1 sec ago blacklist=0
02-12 13:32:55.420 D/wpa_supplicant(  651): WPS: AP[11] c8:d7:19:60:62:f2 type=0 tries=0 last_attempt=-1 sec ago blacklist=0
02-12 13:32:55.420 D/wpa_supplicant(  651): WPS: AP[12] c0:a0:bb:20:3b:84 type=0 tries=0 last_attempt=-1 sec ago blacklist=0
02-12 13:32:55.420 D/wpa_supplicant(  651): WPS: AP[13] 5e:f3:70:0c:91:9a type=0 tries=0 last_attempt=-1 sec ago blacklist=0
02-12 13:32:55.420 D/wpa_supplicant(  651): WPS: AP[14] 02:09:4c:42:36:90 type=0 tries=0 last_attempt=-1 sec ago blacklist=0
02-12 13:32:55.420 D/wpa_supplicant(  651): WPS: AP[15] e4:d3:32:36:2e:54 type=0 tries=0 last_attempt=-1 sec ago blacklist=0
02-12 13:32:55.420 D/wpa_supplicant(  651): WPS: AP[16] 6c:8b:2f:e9:d1:da type=0 tries=0 last_attempt=-1 sec ago blacklist=0
02-12 13:32:55.420 D/wpa_supplicant(  651): WPS: AP[17] 9c:21:6a:0d:eb:72 type=0 tries=0 last_attempt=-1 sec ago blacklist=0
02-12 13:32:55.420 I/WifiHW  (  504): EVENT: IFNAME=wlan0 CTRL-EVENT-BSS-ADDED 1154 cc:b2:55:e2:84:70
02-12 13:32:55.420 I/WifiHW  (  504): EVENT: IFNAME=wlan0 CTRL-EVENT-BSS-ADDED 1155 50:bd:5f:4b:29:92
02-12 13:32:55.420 I/WifiHW  (  504): EVENT: IFNAME=wlan0 CTRL-EVENT-BSS-REMOVED 1142 02:1a:11:f3:5e:4a
02-12 13:32:55.420 I/WifiHW  (  504): EVENT: IFNAME=wlan0 CTRL-EVENT-BSS-REMOVED 1143 c0:a0:bb:20:3b:84
02-12 13:32:55.420 I/WifiHW  (  504): EVENT: IFNAME=wlan0 CTRL-EVENT-BSS-REMOVED 1147 22:48:9a:ac:31:5b
02-12 13:32:55.420 I/WifiHW  (  504): EVENT: IFNAME=wlan0 CTRL-EVENT-SCAN-RESULTS 
02-12 13:32:55.420 I/WifiHW  (  504): EVENT: IFNAME=wlan0 WPS-AP-AVAILABLE 
02-12 13:32:55.420 D/wpa_supplicant(  651): wlan0: Selecting BSS from priority group 17
02-12 13:32:55.420 D/wpa_supplicant(  651): wlan0: 0: c8:d7:19:60:62:f2 ssid='E3000-2.4G' wpa_ie_len=0 rsn_ie_len=20 caps=0x411 level=-42
02-12 13:32:55.420 D/wpa_supplicant(  651): wlan0:    skip - SSID mismatch
02-12 13:32:55.420 D/wpa_supplicant(  651): wlan0: 1: 6c:8b:2f:e9:d1:da ssid='ZTE_AP_1640' wpa_ie_len=0 rsn_ie_len=20 caps=0x511 level=-43 wps
02-12 13:32:55.420 D/wpa_supplicant(  651): wlan0:    skip - SSID mismatch
02-12 13:32:55.420 D/wpa_supplicant(  651): wlan0: 2: f8:d1:11:e7:99:e8 ssid='videotest' wpa_ie_len=22 rsn_ie_len=20 caps=0x531 level=-49 wps
02-12 13:32:55.420 D/wpa_supplicant(  651): wlan0:    skip - SSID mismatch
02-12 13:32:55.420 D/wpa_supplicant(  651): wlan0: 3: 98:fc:11:81:35:fb ssid='E2000E' wpa_ie_len=0 rsn_ie_len=20 caps=0x411 level=-57 wps
02-12 13:32:55.420 D/wpa_supplicant(  651): wlan0:    skip - SSID mismatch
02-12 13:32:55.420 D/wpa_supplicant(  651): wlan0: 4: cc:34:29:2b:26:4c ssid='cws-test' wpa_ie_len=0 rsn_ie_len=20 caps=0x431 level=-58 wps
02-12 13:32:55.420 D/wpa_supplicant(  651): wlan0:    skip - SSID mismatch
02-12 13:32:55.420 D/wpa_supplicant(  651): wlan0: 5: cc:34:29:2c:fb:ec ssid='linksys' wpa_ie_len=22 rsn_ie_len=20 caps=0x431 level=-59 wps
02-12 13:32:55.420 D/wpa_supplicant(  651): wlan0:    skip - SSID mismatch
02-12 13:32:55.420 D/wpa_supplicant(  651): wlan0: 6: 6c:8b:2f:e8:38:24 ssid='ZTE_AP_6703' wpa_ie_len=0 rsn_ie_len=20 caps=0x511 level=-59
02-12 13:32:55.420 D/wpa_supplicant(  651): wlan0:    skip - SSID mismatch
02-12 13:32:55.420 D/wpa_supplicant(  651): wlan0: 7: b0:48:7a:20:66:6a ssid='TP-LINK_20666A' wpa_ie_len=22 rsn_ie_len=20 caps=0x431 level=-62 wps
02-12 13:32:55.420 D/wpa_supplicant(  651): wlan0:    skip - SSID mismatch
02-12 13:32:55.420 D/wpa_supplicant(  651): wlan0: 8: 44:94:fc:3d:da:38 ssid='6300' wpa_ie_len=0 rsn_ie_len=20 caps=0x411 level=-64 wps
02-12 13:32:55.420 D/wpa_supplicant(  651): wlan0:    skip - SSID mismatch
02-12 13:32:55.420 D/wpa_supplicant(  651): wlan0: 9: 10:c3:7b:d2:e5:e0 ssid='ASUS_RT-AC66U-2.4G' wpa_ie_len=0 rsn_ie_len=20 caps=0x411 level=-64 wps
02-12 13:32:55.420 D/wpa_supplicant(  651): wlan0:    skip - SSID mismatch
02-12 13:32:55.420 D/wpa_supplicant(  651): wlan0: 10: e4:d3:32:c0:cf:a4 ssid='fast' wpa_ie_len=0 rsn_ie_len=20 caps=0x411 level=-64
02-12 13:32:55.420 D/wpa_supplicant(  651): wlan0:    skip - SSID mismatch
02-12 13:32:55.420 D/wpa_supplicant(  651): wlan0: 11: c0:cb:38:7f:c9:09 ssid='360WiFi-7908' wpa_ie_len=0 rsn_ie_len=20 caps=0x511 level=-71
02-12 13:32:55.420 D/wpa_supplicant(  651): wlan0:    skip - SSID mismatch
02-12 13:32:55.420 D/wpa_supplicant(  651): wlan0: 12: 14:d6:4d:28:ef:c8 ssid='dlink' wpa_ie_len=0 rsn_ie_len=20 caps=0x31 level=-71 wps
02-12 13:32:55.420 D/wpa_supplicant(  651): wlan0:    skip - SSID mismatch
02-12 13:32:55.420 D/wpa_supplicant(  651): wlan0: 13: 00:0f:e2:0f:9f:c1 ssid='321_WAN' wpa_ie_len=28 rsn_ie_len=24 caps=0x411 level=-72
02-12 13:32:55.420 D/wpa_supplicant(  651): wlan0:    skip - SSID mismatch
02-12 13:32:55.420 D/wpa_supplicant(  651): wlan0: 14: 80:1f:02:43:fb:e8 ssid='Edimax AP' wpa_ie_len=0 rsn_ie_len=20 caps=0x411 level=-73
02-12 13:32:55.420 D/wpa_supplicant(  651): wlan0:    skip - SSID mismatch
02-12 13:32:55.420 I/WifiHW  (  504): CMD: IFNAME=wlan0 BSS RANGE=0- MASK=0x21987
02-12 13:32:55.420 D/wpa_supplicant(  651): wlan0: 15: cc:b2:55:e2:84:70 ssid='DLINK_APK' wpa_ie_len=22 rsn_ie_len=20 caps=0x411 level=-73
02-12 13:32:55.420 D/wpa_supplicant(  651): wlan0:    skip - SSID mismatch
02-12 13:32:55.420 D/wpa_supplicant(  651): wlan0: 16: 50:bd:5f:4b:29:92 ssid='Internet-2' wpa_ie_len=0 rsn_ie_len=0 caps=0x421 level=-67
02-12 13:32:55.420 D/wpa_supplicant(  651): wlan0:    skip - SSID mismatch
02-12 13:32:55.420 D/wpa_supplicant(  651): wlan0: Selecting BSS from priority group 15
02-12 13:32:55.420 D/wpa_supplicant(  651): wlan0: 0: c8:d7:19:60:62:f2 ssid='E3000-2.4G' wpa_ie_len=0 rsn_ie_len=20 caps=0x411 level=-42
02-12 13:32:55.420 D/wpa_supplicant(  651): wlan0:    skip - SSID mismatch
02-12 13:32:55.420 D/wpa_supplicant(  651): wlan0: 1: 6c:8b:2f:e9:d1:da ssid='ZTE_AP_1640' wpa_ie_len=0 rsn_ie_len=20 caps=0x511 level=-43 wps
02-12 13:32:55.420 D/wpa_supplicant(  651): wlan0:    skip - SSID mismatch
02-12 13:32:55.420 D/wpa_supplicant(  651): wlan0: 2: f8:d1:11:e7:99:e8 ssid='videotest' wpa_ie_len=22 rsn_ie_len=20 caps=0x531 level=-49 wps
02-12 13:32:55.420 D/wpa_supplicant(  651): wlan0:    skip - SSID mismatch
02-12 13:32:55.420 D/wpa_supplicant(  651): wlan0: 3: 98:fc:11:81:35:fb ssid='E2000E' wpa_ie_len=0 rsn_ie_len=20 caps=0x411 level=-57 wps
02-12 13:32:55.420 D/wpa_supplicant(  651): wlan0:    skip - SSID mismatch
02-12 13:32:55.420 D/wpa_supplicant(  651): wlan0: 4: cc:34:29:2b:26:4c ssid='cws-test' wpa_ie_len=0 rsn_ie_len=20 caps=0x431 level=-58 wps
02-12 13:32:55.420 D/wpa_supplicant(  651): wlan0:    skip - SSID mismatch
02-12 13:32:55.420 D/wpa_supplicant(  651): wlan0: 5: cc:34:29:2c:fb:ec ssid='linksys' wpa_ie_len=22 rsn_ie_len=20 caps=0x431 level=-59 wps
02-12 13:32:55.420 D/wpa_supplicant(  651): wlan0:    skip - SSID mismatch
02-12 13:32:55.420 D/wpa_supplicant(  651): wlan0: 6: 6c:8b:2f:e8:38:24 ssid='ZTE_AP_6703' wpa_ie_len=0 rsn_ie_len=20 caps=0x511 level=-59
02-12 13:32:55.420 D/wpa_supplicant(  651): wlan0:    skip - SSID mismatch
02-12 13:32:55.420 D/wpa_supplicant(  651): wlan0: 7: b0:48:7a:20:66:6a ssid='TP-LINK_20666A' wpa_ie_len=22 rsn_ie_len=20 caps=0x431 level=-62 wps
02-12 13:32:55.420 D/wpa_supplicant(  651): wlan0:    skip - SSID mismatch
02-12 13:32:55.420 D/wpa_supplicant(  651): wlan0: 8: 44:94:fc:3d:da:38 ssid='6300' wpa_ie_len=0 rsn_ie_len=20 caps=0x411 level=-64 wps
02-12 13:32:55.420 D/wpa_supplicant(  651): wlan0:    skip - SSID mismatch
02-12 13:32:55.420 D/wpa_supplicant(  651): wlan0: 9: 10:c3:7b:d2:e5:e0 ssid='ASUS_RT-AC66U-2.4G' wpa_ie_len=0 rsn_ie_len=20 caps=0x411 level=-64 wps
02-12 13:32:55.420 D/wpa_supplicant(  651): wlan0:    skip - SSID mismatch
02-12 13:32:55.420 D/wpa_supplicant(  651): wlan0: 10: e4:d3:32:c0:cf:a4 ssid='fast' wpa_ie_len=0 rsn_ie_len=20 caps=0x411 level=-64
02-12 13:32:55.420 D/wpa_supplicant(  651): wlan0:    skip - SSID mismatch
02-12 13:32:55.420 D/wpa_supplicant(  651): wlan0: 11: c0:cb:38:7f:c9:09 ssid='360WiFi-7908' wpa_ie_len=0 rsn_ie_len=20 caps=0x511 level=-71
02-12 13:32:55.420 D/wpa_supplicant(  651): wlan0:    skip - SSID mismatch
02-12 13:32:55.420 D/wpa_supplicant(  651): wlan0: 12: 14:d6:4d:28:ef:c8 ssid='dlink' wpa_ie_len=0 rsn_ie_len=20 caps=0x31 level=-71 wps
02-12 13:32:55.420 D/wpa_supplicant(  651): wlan0:    skip - SSID mismatch
02-12 13:32:55.420 D/wpa_supplicant(  651): wlan0: 13: 00:0f:e2:0f:9f:c1 ssid='321_WAN' wpa_ie_len=28 rsn_ie_len=24 caps=0x411 level=-72
02-12 13:32:55.420 D/wpa_supplicant(  651): wlan0:    skip - SSID mismatch
02-12 13:32:55.420 D/wpa_supplicant(  651): wlan0: 14: 80:1f:02:43:fb:e8 ssid='Edimax AP' wpa_ie_len=0 rsn_ie_len=20 caps=0x411 level=-73
02-12 13:32:55.420 D/wpa_supplicant(  651): wlan0:    skip - SSID mismatch
02-12 13:32:55.420 D/wpa_supplicant(  651): wlan0: 15: cc:b2:55:e2:84:70 ssid='DLINK_APK' wpa_ie_len=22 rsn_ie_len=20 caps=0x411 level=-73
02-12 13:32:55.420 D/wpa_supplicant(  651): wlan0:    skip - SSID mismatch
02-12 13:32:55.420 D/wpa_supplicant(  651): wlan0: 16: 50:bd:5f:4b:29:92 ssid='Internet-2' wpa_ie_len=0 rsn_ie_len=0 caps=0x421 level=-67
02-12 13:32:55.420 D/wpa_supplicant(  651): wlan0:    skip - SSID mismatch
02-12 13:32:55.420 D/wpa_supplicant(  651): wlan0: Selecting BSS from priority group 4
02-12 13:32:55.420 D/wpa_supplicant(  651): wlan0: 0: c8:d7:19:60:62:f2 ssid='E3000-2.4G' wpa_ie_len=0 rsn_ie_len=20 caps=0x411 level=-42
02-12 13:32:55.420 D/wpa_supplicant(  651): wlan0:    skip - disabled
02-12 13:32:55.420 D/wpa_supplicant(  651): wlan0: 1: 6c:8b:2f:e9:d1:da ssid='ZTE_AP_1640' wpa_ie_len=0 rsn_ie_len=20 caps=0x511 level=-43 wps
02-12 13:32:55.420 D/wpa_supplicant(  651): wlan0:    skip - disabled
