02-12 13:41:39.610 I/dalvikvm(30664): No library specified. The standard exception handler will be used
02-12 13:41:39.610 I/dalvikvm(30664): 
02-12 13:41:39.610 I/dalvikvm(30664): +++++++++++++ Using PCG. +++++++++++++++++++++
02-12 13:41:39.620 D/dalvikvm(30664): Trying to load lib libjavacore.so 0x0
02-12 13:41:39.620 D/dalvikvm(30664): Added shared lib libjavacore.so 0x0
02-12 13:41:39.620 D/dalvikvm(30664): Trying to load lib libnativehelper.so 0x0
02-12 13:41:39.620 D/dalvikvm(30664): Added shared lib libnativehelper.so 0x0
02-12 13:41:39.620 D/dalvikvm(30664): No JNI_OnLoad found in libnativehelper.so 0x0, skipping init
02-12 13:41:39.630 D/dalvikvm(30664): Extra Options: not specified
02-12 13:41:39.640 D/dalvikvm(30664): Note: class Landroid/app/ActivityManagerNative; has 186 unimplemented (abstract) methods
02-12 13:41:39.710 E/memtrack(30664): Couldn't load memtrack module (No such file or directory)
02-12 13:41:39.710 E/android.os.Debug(30664): failed to load memtrack module: -2
02-12 13:41:39.750 D/AndroidRuntime(30664): Calling main entry com.android.commands.am.Am
02-12 13:41:39.780 D/AndroidRuntime(30664): Shutting down VM
02-12 13:41:39.780 I/ActivityManager(  504): START u0 {flg=0x10000000 cmp=org.xwalk.webapi_noneservice_tests/.webapi_noneservice_testsActivity} from pid 30664
02-12 13:41:39.790 D/dalvikvm(30664): GC_CONCURRENT freed 117K, 16% free 702K/832K, paused 0ms+0ms, total 1ms
02-12 13:41:39.790 D/dalvikvm(30664): Compiler shutdown in progress - discarding request
02-12 13:41:39.790 D/dalvikvm(30664): Compiler shutdown in progress - discarding request
02-12 13:41:39.790 D/dalvikvm(30664): Compiler shutdown in progress - discarding request
02-12 13:41:39.790 D/dalvikvm(30664): Compiler shutdown in progress - discarding request
02-12 13:41:39.790 D/dalvikvm(30664): Compiler shutdown in progress - discarding request
02-12 13:41:39.790 D/dalvikvm(30664): Compiler shutdown in progress - discarding request
02-12 13:41:39.790 D/dalvikvm(30664): Compiler shutdown in progress - discarding request
02-12 13:41:39.790 D/dalvikvm(30664): Compiler shutdown in progress - discarding request
02-12 13:41:39.790 D/dalvikvm(30664): Compiler shutdown in progress - discarding request
02-12 13:41:39.790 D/dalvikvm(30664): Compiler shutdown in progress - discarding request
02-12 13:41:39.790 D/dalvikvm(30664): Compiler shutdown in progress - discarding request
02-12 13:41:39.790 D/dalvikvm(30664): Compiler shutdown in progress - discarding request
02-12 13:41:39.790 D/dalvikvm(30664): Compiler shutdown in progress - discarding request
02-12 13:41:39.790 D/dalvikvm(30664): Compiler shutdown in progress - discarding request
02-12 13:41:39.790 D/dalvikvm(30664): Compiler shutdown in progress - discarding request
02-12 13:41:39.790 D/dalvikvm(30664): Compiler shutdown in progress - discarding request
02-12 13:41:39.790 D/dalvikvm(30664): Compiler shutdown in progress - discarding request
02-12 13:41:39.790 D/dalvikvm(30664): Compiler shutdown in progress - discarding request
02-12 13:41:39.790 D/dalvikvm(30664): Compiler shutdown in progress - discarding request
02-12 13:41:39.790 D/dalvikvm(30664): Compiler shutdown in progress - discarding request
02-12 13:41:39.790 D/dalvikvm(30664): Compiler shutdown in progress - discarding request
02-12 13:41:39.790 D/dalvikvm(30664): Compiler shutdown in progress - discarding request
02-12 13:41:39.790 D/dalvikvm(30664): Compiler shutdown in progress - discarding request
02-12 13:41:39.790 D/dalvikvm(30664): Compiler shutdown in progress - discarding request
02-12 13:41:39.790 D/dalvikvm(30664): Compiler shutdown in progress - discarding request
02-12 13:41:39.790 D/dalvikvm(30664): Compiler shutdown in progress - discarding request
02-12 13:41:39.790 D/dalvikvm(30664): Compiler shutdown in progress - discarding request
02-12 13:41:39.790 D/dalvikvm(30664): Compiler shutdown in progress - discarding request
02-12 13:41:39.790 D/dalvikvm(30664): Compiler shutdown in progress - discarding request
02-12 13:41:39.790 D/dalvikvm(30664): Compiler shutdown in progress - discarding request
02-12 13:41:39.790 D/dalvikvm(30664): Compiler shutdown in progress - discarding request
02-12 13:41:39.790 D/dalvikvm(30664): Compiler shutdown in progress - discarding request
02-12 13:41:39.790 D/dalvikvm(30664): Compiler shutdown in progress - discarding request
02-12 13:41:39.790 D/dalvikvm(30664): Compiler shutdown in progress - discarding request
02-12 13:41:39.790 D/dalvikvm(30664): Compiler shutdown in progress - discarding request
02-12 13:41:39.790 D/dalvikvm(30664): Compiler shutdown in progress - discarding request
02-12 13:41:39.790 D/dalvikvm(30664): Compiler shutdown in progress - discarding request
02-12 13:41:39.790 D/dalvikvm(30664): Compiler shutdown in progress - discarding request
02-12 13:41:39.790 D/dalvikvm(30664): Compiler shutdown in progress - discarding request
02-12 13:41:39.790 D/dalvikvm(30664): Compiler shutdown in progress - discarding request
02-12 13:41:39.790 D/dalvikvm(30664): Compiler shutdown in progress - discarding request
02-12 13:41:39.790 D/dalvikvm(30664): Compiler shutdown in progress - discarding request
02-12 13:41:39.790 D/dalvikvm(30664): Compiler shutdown in progress - discarding request
02-12 13:41:39.790 D/dalvikvm(30664): Compiler shutdown in progress - discarding request
02-12 13:41:39.790 D/dalvikvm(30664): Compiler shutdown in progress - discarding request
02-12 13:41:39.790 D/dalvikvm(30664): Compiler shutdown in progress - discarding request
02-12 13:41:39.790 D/dalvikvm(30664): Compiler shutdown in progress - discarding request
02-12 13:41:39.790 D/dalvikvm(30664): Compiler shutdown in progress - discarding request
02-12 13:41:39.790 D/dalvikvm(30664): Compiler shutdown in progress - discarding request
02-12 13:41:39.790 D/dalvikvm(30664): Compiler shutdown in progress - discarding request
02-12 13:41:39.790 D/dalvikvm(30664): Compiler shutdown in progress - discarding request
02-12 13:41:39.790 D/dalvikvm(30664): Compiler shutdown in progress - discarding request
02-12 13:41:39.790 D/dalvikvm(30664): Compiler shutdown in progress - discarding request
02-12 13:41:39.790 D/dalvikvm(30664): Compiler shutdown in progress - discarding request
02-12 13:41:40.420 D/AndroidRuntime(30675): 
02-12 13:41:40.420 D/AndroidRuntime(30675): >>>>>> AndroidRuntime START com.android.internal.os.RuntimeInit <<<<<<
02-12 13:41:40.420 D/AndroidRuntime(30675): CheckJNI is OFF
02-12 13:41:40.420 I/AndroidRuntime(30675): Kernel Release Version: 3.10.20-gf818079
02-12 13:41:40.420 I/dalvikvm(30675): No library specified. The standard exception handler will be used
02-12 13:41:40.420 I/dalvikvm(30675): 
02-12 13:41:40.420 I/dalvikvm(30675): +++++++++++++ Using PCG. +++++++++++++++++++++
02-12 13:41:40.430 D/dalvikvm(30675): Trying to load lib libjavacore.so 0x0
02-12 13:41:40.430 D/dalvikvm(30675): Added shared lib libjavacore.so 0x0
02-12 13:41:40.430 D/dalvikvm(30675): Trying to load lib libnativehelper.so 0x0
02-12 13:41:40.430 D/dalvikvm(30675): Added shared lib libnativehelper.so 0x0
02-12 13:41:40.430 D/dalvikvm(30675): No JNI_OnLoad found in libnativehelper.so 0x0, skipping init
02-12 13:41:40.440 D/dalvikvm(30675): Extra Options: not specified
02-12 13:41:40.460 D/dalvikvm(30675): Note: class Landroid/app/ActivityManagerNative; has 186 unimplemented (abstract) methods
02-12 13:41:40.530 E/memtrack(30675): Couldn't load memtrack module (No such file or directory)
02-12 13:41:40.530 E/android.os.Debug(30675): failed to load memtrack module: -2
02-12 13:41:40.560 D/AndroidRuntime(30675): Calling main entry com.android.commands.am.Am
02-12 13:41:40.590 I/ActivityManager(  504): START u0 {flg=0x10000000 cmp=org.xwalk.webapi_noneservice_tests/.webapi_noneservice_tests} from pid 30675
02-12 13:41:40.600 I/SecurityManagerService(  621): SMS received security event: App[START/org.xwalk.webapi_noneservice_tests]
02-12 13:41:40.600 D/AndroidRuntime(30675): Shutting down VM
02-12 13:41:40.600 D/dalvikvm(30686): Late-enabling CheckJNI
02-12 13:41:40.600 D/dalvikvm(30686): Try to disable coredump for pid 30686
02-12 13:41:40.600 D/dalvikvm(30686): Process 30686 nice name: org.xwalk.webapi_noneservice_tests
02-12 13:41:40.600 D/dalvikvm(30686): Extra Options: not specified
02-12 13:41:40.610 D/dalvikvm(30675): GC_CONCURRENT freed 114K, 16% free 701K/832K, paused 0ms+0ms, total 1ms
02-12 13:41:40.610 D/dalvikvm(30675): Compiler shutdown in progress - discarding request
02-12 13:41:40.610 D/dalvikvm(30675): Compiler shutdown in progress - discarding request
02-12 13:41:40.610 D/dalvikvm(30675): Compiler shutdown in progress - discarding request
02-12 13:41:40.610 D/dalvikvm(30675): Compiler shutdown in progress - discarding request
02-12 13:41:40.610 D/dalvikvm(30675): Compiler shutdown in progress - discarding request
02-12 13:41:40.610 D/dalvikvm(30675): Compiler shutdown in progress - discarding request
02-12 13:41:40.610 D/dalvikvm(30675): Compiler shutdown in progress - discarding request
02-12 13:41:40.610 D/dalvikvm(30675): Compiler shutdown in progress - discarding request
02-12 13:41:40.610 D/dalvikvm(30675): Compiler shutdown in progress - discarding request
02-12 13:41:40.610 D/dalvikvm(30675): Compiler shutdown in progress - discarding request
02-12 13:41:40.610 D/dalvikvm(30675): Compiler shutdown in progress - discarding request
02-12 13:41:40.610 D/dalvikvm(30675): Compiler shutdown in progress - discarding request
02-12 13:41:40.610 D/dalvikvm(30675): Compiler shutdown in progress - discarding request
02-12 13:41:40.610 D/dalvikvm(30675): Compiler shutdown in progress - discarding request
02-12 13:41:40.610 D/dalvikvm(30675): Compiler shutdown in progress - discarding request
02-12 13:41:40.610 D/dalvikvm(30675): Compiler shutdown in progress - discarding request
02-12 13:41:40.610 D/dalvikvm(30675): Compiler shutdown in progress - discarding request
02-12 13:41:40.610 D/dalvikvm(30675): Compiler shutdown in progress - discarding request
02-12 13:41:40.610 D/dalvikvm(30675): Compiler shutdown in progress - discarding request
02-12 13:41:40.610 D/dalvikvm(30675): Compiler shutdown in progress - discarding request
02-12 13:41:40.610 D/dalvikvm(30675): Compiler shutdown in progress - discarding request
02-12 13:41:40.610 D/dalvikvm(30675): Compiler shutdown in progress - discarding request
02-12 13:41:40.610 D/dalvikvm(30675): Compiler shutdown in progress - discarding request
02-12 13:41:40.610 D/dalvikvm(30675): Compiler shutdown in progress - discarding request
02-12 13:41:40.610 D/dalvikvm(30675): Compiler shutdown in progress - discarding request
02-12 13:41:40.610 D/dalvikvm(30675): Compiler shutdown in progress - discarding request
02-12 13:41:40.610 D/dalvikvm(30675): Compiler shutdown in progress - discarding request
02-12 13:41:40.610 D/dalvikvm(30675): Compiler shutdown in progress - discarding request
02-12 13:41:40.610 D/dalvikvm(30675): Compiler shutdown in progress - discarding request
02-12 13:41:40.610 D/dalvikvm(30675): Compiler shutdown in progress - discarding request
02-12 13:41:40.610 D/dalvikvm(30675): Compiler shutdown in progress - discarding request
02-12 13:41:40.610 D/dalvikvm(30675): Compiler shutdown in progress - discarding request
02-12 13:41:40.610 D/dalvikvm(30675): Compiler shutdown in progress - discarding request
02-12 13:41:40.610 D/dalvikvm(30675): Compiler shutdown in progress - discarding request
02-12 13:41:40.610 D/dalvikvm(30675): Compiler shutdown in progress - discarding request
02-12 13:41:40.610 D/dalvikvm(30675): Compiler shutdown in progress - discarding request
02-12 13:41:40.610 D/dalvikvm(30675): Compiler shutdown in progress - discarding request
02-12 13:41:40.610 D/dalvikvm(30675): Compiler shutdown in progress - discarding request
02-12 13:41:40.610 D/dalvikvm(30675): Compiler shutdown in progress - discarding request
02-12 13:41:40.610 D/dalvikvm(30675): Compiler shutdown in progress - discarding request
02-12 13:41:40.610 D/dalvikvm(30675): Compiler shutdown in progress - discarding request
02-12 13:41:40.610 D/dalvikvm(30675): Compiler shutdown in progress - discarding request
02-12 13:41:40.610 D/dalvikvm(30675): Compiler shutdown in progress - discarding request
02-12 13:41:40.610 D/dalvikvm(30675): Compiler shutdown in progress - discarding request
02-12 13:41:40.610 D/dalvikvm(30675): Compiler shutdown in progress - discarding request
02-12 13:41:40.610 D/dalvikvm(30675): Compiler shutdown in progress - discarding request
02-12 13:41:40.610 I/ActivityManager(  504): Start proc org.xwalk.webapi_noneservice_tests for activity org.xwalk.webapi_noneservice_tests/.webapi_noneservice_tests: pid=30686 uid=10259 gids={50259, 3003, 1028, 1015}
02-12 13:41:40.620 V/WeatherTimeProvider( 1511): widget on Visibility Changed
02-12 13:41:40.620 D/WindowManager(  504): adjustConfigurationLw, config:{1.0 ?mcc?mnc ?locale ?layoutDir sw600dp w600dp h888dp 213dpi lrg port ?uimode ?night finger -keyb/v/h -nav/v} mLidState:1 mHasDockFeature:false mHasKeyboardFeature:false mHasHallSensorFeature:true config.hardKeyboardHidden:2
02-12 13:41:40.630 I/ActivityManager(  504): [TopPkgCurBat]	NowPkgName[org.xwalk.webapi_noneservice_tests]	Battery[78]	TimeTick[1423719700641]	OldPkgName[com.asus.launcher]
02-12 13:41:40.640 D/        (  675): Surface destroy: ANDROID_NATIVE_WINDOW_MAGIC
02-12 13:41:40.650 I/CordovaLog(30686): Changing log level to DEBUG(3)
02-12 13:41:40.650 D/CordovaActivity(30686): CordovaActivity.init()
02-12 13:41:40.660 D/dalvikvm(30686): Trying to load lib /data/app-lib/org.xwalk.webapi_noneservice_tests-1/libxwalkcore.so 0x43d88610
02-12 13:41:40.660 D/dalvikvm(30686): Added shared lib /data/app-lib/org.xwalk.webapi_noneservice_tests-1/libxwalkcore.so 0x43d88610
02-12 13:41:40.670 I/LibraryLoader(30686): Time to load native libraries: 10 ms (timestamps 7141-7151)
02-12 13:41:40.670 I/LibraryLoader(30686): Expected native library version number "",actual native library version number ""
02-12 13:41:40.680 I/LibraryLoader(30686): Expected native library version number "",actual native library version number ""
02-12 13:41:40.680 I/chromium(30686): [INFO:library_loader_hooks.cc(112)] Chromium logging enabled: level = 0, default verbosity = 0
02-12 13:41:40.690 I/BrowserStartupController(30686): Initializing chromium process, singleProcess=true
02-12 13:41:40.980 D/ImageWallpaper(  566): onVisibilityChanged: mVisible, visible=true, false
02-12 13:41:40.980 D/ImageWallpaper(  566): Visibility changed to visible=false
02-12 13:41:40.980 D/ImageWallpaper(  566): Suppressed drawFrame since redraw is not needed and offsets have not changed.
02-12 13:41:41.100 W/chromium(30686): [WARNING:dns_config_service_posix.cc(293)] Failed to read DnsConfig.
02-12 13:41:41.100 W/AudioManagerAndroid(30686): Requires BLUETOOTH permission
02-12 13:41:41.110 I/ufoGralloc(30686): Hello, this is UFO GRALLOC/Intel Corporation
02-12 13:41:41.110 D/        (30686): Pixel Format : GGL_PIXEL_FORMAT_RGBA_8888
02-12 13:41:41.110 D/        (30686): droid_create_context : config id = 1 conf->NativeVisualID=1
02-12 13:41:41.110 D/        (30686): Pixel Format : GGL_PIXEL_FORMAT_RGBA_8888
02-12 13:41:41.110 I/        (30686): Requested context : GLES 2.0
02-12 13:41:41.140 W/chromium(30686): [WARNING:proxy_service.cc(899)] PAC support disabled because there is no system implementation
02-12 13:41:41.140 W/dalvikvm(30686): VFY: unable to find class referenced in signature (Landroid/view/inputmethod/CursorAnchorInfo;)
02-12 13:41:41.140 I/dalvikvm(30686): Could not find method android.view.inputmethod.InputMethodManager.updateCursorAnchorInfo, referenced from method org.chromium.content.browser.input.InputMethodManagerWrapper.updateCursorAnchorInfo
02-12 13:41:41.140 W/dalvikvm(30686): VFY: unable to resolve virtual method 1368: Landroid/view/inputmethod/InputMethodManager;.updateCursorAnchorInfo (Landroid/view/View;Landroid/view/inputmethod/CursorAnchorInfo;)V
02-12 13:41:41.140 D/dalvikvm(30686): VFY: replacing opcode 0x6e at 0x000a
02-12 13:41:41.190 E/cutils  (  163): Failed to mkdirat(/Removable/MicroSD): Read-only file system
02-12 13:41:41.190 W/ContextImpl(30686): Failed to ensure directory: /Removable/MicroSD/Android/data/org.xwalk.webapi_noneservice_tests/cache
02-12 13:41:41.190 D/CordovaActivity(30686): CordovaActivity.createViews()
02-12 13:41:41.190 E/chromium(30686): [ERROR:unix_domain_server_socket_posix.cc(106)] Not implemented reached in virtual int net::UnixDomainServerSocket::GetLocalAddress(net::IPEndPoint*) const
02-12 13:41:41.190 D/CordovaWebView(30686): >>> loadUrl(file:///android_asset/www/index.html)
02-12 13:41:41.190 D/PluginManager(30686): init()
02-12 13:41:41.190 W/Vold    (  163): Returning OperationFailed - no handler for errno 30
02-12 13:41:41.200 E/cutils  (  163): Failed to mkdirat(/Removable/MicroSD): Read-only file system
02-12 13:41:41.200 W/ContextImpl(30686): Failed to ensure directory: /Removable/MicroSD/Android/data/org.xwalk.webapi_noneservice_tests/files
02-12 13:41:41.200 E/cutils  (  163): Failed to mkdirat(/Removable/MicroSD): Read-only file system
02-12 13:41:41.200 W/ContextImpl(30686): Failed to ensure directory: /Removable/MicroSD/Android/data/org.xwalk.webapi_noneservice_tests/cache
02-12 13:41:41.200 D/CordovaWebView(30686): >>> loadUrlNow()
02-12 13:41:41.200 I/dalvikvm(30686): Could not find method android.app.Activity.finishAndRemoveTask, referenced from method org.chromium.base.ApiCompatibilityUtils.finishAndRemoveTask
02-12 13:41:41.200 W/dalvikvm(30686): VFY: unable to resolve virtual method 6: Landroid/app/Activity;.finishAndRemoveTask ()V
02-12 13:41:41.200 D/dalvikvm(30686): VFY: replacing opcode 0x6e at 0x0006
02-12 13:41:41.200 I/dalvikvm(30686): Could not find method android.os.PowerManager.isInteractive, referenced from method org.chromium.base.ApiCompatibilityUtils.isInteractive
02-12 13:41:41.200 W/dalvikvm(30686): VFY: unable to resolve virtual method 874: Landroid/os/PowerManager;.isInteractive ()Z
02-12 13:41:41.200 D/dalvikvm(30686): VFY: replacing opcode 0x6e at 0x000e
02-12 13:41:41.200 W/Vold    (  163): Returning OperationFailed - no handler for errno 30
02-12 13:41:41.200 W/Vold    (  163): Returning OperationFailed - no handler for errno 30
02-12 13:41:41.210 I/dalvikvm(30686): Could not find method android.view.Window.getNavigationBarColor, referenced from method org.chromium.base.ApiCompatibilityUtils.setStatusBarColor
02-12 13:41:41.210 W/dalvikvm(30686): VFY: unable to resolve virtual method 1268: Landroid/view/Window;.getNavigationBarColor ()I
02-12 13:41:41.210 D/dalvikvm(30686): VFY: replacing opcode 0x6e at 0x0010
02-12 13:41:41.210 I/dalvikvm(30686): Could not find method android.view.Window.setStatusBarColor, referenced from method org.chromium.base.ApiCompatibilityUtils.setStatusBarColor
02-12 13:41:41.210 W/dalvikvm(30686): VFY: unable to resolve virtual method 1274: Landroid/view/Window;.setStatusBarColor (I)V
02-12 13:41:41.210 D/dalvikvm(30686): VFY: replacing opcode 0x6e at 0x0019
02-12 13:41:41.210 E/dalvikvm(30686): Could not find class 'android.app.ActivityManager$TaskDescription', referenced from method org.chromium.base.ApiCompatibilityUtils.setTaskDescription
02-12 13:41:41.210 W/dalvikvm(30686): VFY: unable to resolve new-instance 13 (Landroid/app/ActivityManager$TaskDescription;) in Lorg/chromium/base/ApiCompatibilityUtils;
02-12 13:41:41.210 D/dalvikvm(30686): VFY: replacing opcode 0x22 at 0x0006
02-12 13:41:41.210 D/dalvikvm(30686): DexOpt: unable to opt direct call 0x002f at 0x08 in Lorg/chromium/base/ApiCompatibilityUtils;.setTaskDescription
02-12 13:41:41.210 I/chromium(30686): [INFO:xwalk_extension_renderer_controller.cc(47)] EXTENSION PROCESS DISABLED.
02-12 13:41:41.210 D/CordovaActivity(30686): Resuming the App
02-12 13:41:41.240 D/SoftKeyboardDetect(30686): Ignore this event
02-12 13:41:41.240 D/        (30686): Pixel Format : GGL_PIXEL_FORMAT_RGBA_8888
02-12 13:41:41.240 D/        (30686): droid_create_context : config id = 1 conf->NativeVisualID=1
02-12 13:41:41.240 D/        (30686): Pixel Format : GGL_PIXEL_FORMAT_RGBA_8888
02-12 13:41:41.240 I/        (30686): Requested context : GLES 2.0
02-12 13:41:41.260 D/        (30686): droid_create_context : config id = 5 conf->NativeVisualID=1
02-12 13:41:41.260 D/        (30686): Pixel Format : GGL_PIXEL_FORMAT_RGBA_8888
02-12 13:41:41.260 I/        (30686): Requested context : GLES 2.0
02-12 13:41:41.270 D/        (30686): Pixel Format : GGL_PIXEL_FORMAT_RGBA_8888
02-12 13:41:41.270 D/OpenGLRenderer(30686): Enabling debug mode 0
02-12 13:41:41.280 D/CordovaActivity(30686): onMessage(onPageStarted,file:///android_asset/www/index.html)
02-12 13:41:41.280 W/BindingManager(30686): Cannot call determinedVisibility() - never saw a connection for the pid: 30686
02-12 13:41:41.280 D/SoftKeyboardDetect(30686): Ignore this event
02-12 13:41:41.290 D/XT9IME  (  722): new subtype :zh_CN ,pinyin
02-12 13:41:41.310 D/CordovaActivity(30686): onMessage(onPageFinished,file:///android_asset/www/index.html)
02-12 13:41:41.310 D/BatteryStatsImpl(  504): noteStopWakeLocked system isFromForeground = false
02-12 13:41:41.320 I/ActivityManager(  504): Displayed org.xwalk.webapi_noneservice_tests/.webapi_noneservice_tests: +720ms
02-12 13:41:42.310 D/CordovaActivity(30686): onMessage(onPageStarted,file:///android_asset/www/index_real.html?testprefix=./)
02-12 13:41:42.340 W/BindingManager(30686): Cannot call determinedVisibility() - never saw a connection for the pid: 30686
02-12 13:41:42.560 I/chromium(30686): [INFO:CONSOLE(0)] "Synchronous XMLHttpRequest on the main thread is deprecated because of its detrimental effects to the end user's experience. For more help, check http://xhr.spec.whatwg.org/.", source:  (0)
02-12 13:41:42.610 D/CordovaActivity(30686): onMessage(onPageFinished,file:///android_asset/www/index_real.html?testprefix=./)
02-12 13:41:43.320 D/CordovaActivity(30686): onMessage(spinner,stop)
02-12 13:41:43.350 D/        (30686): Pixel Format : GGL_PIXEL_FORMAT_RGBA_8888
02-12 13:41:43.350 D/        (30686): droid_create_context : config id = 1 conf->NativeVisualID=1
02-12 13:41:43.350 D/        (30686): Pixel Format : GGL_PIXEL_FORMAT_RGBA_8888
02-12 13:41:43.350 I/        (30686): Requested context : GLES 2.0
02-12 13:41:43.370 D/        (30686): Swap interval set to = 1 value
02-12 13:41:43.440 D/        (30686): Pixel Format : GGL_PIXEL_FORMAT_RGBA_8888
02-12 13:41:43.440 D/        (30686): droid_create_context : config id = 1 conf->NativeVisualID=1
02-12 13:41:43.440 D/        (30686): Pixel Format : GGL_PIXEL_FORMAT_RGBA_8888
02-12 13:41:43.440 I/        (30686): Requested context : GLES 2.0
02-12 13:41:44.350 W/BindingManager(30686): Cannot call determinedVisibility() - never saw a connection for the pid: 30686
02-12 13:41:44.620 D/CordovaActivity(30686): onMessage(spinner,stop)
02-12 13:41:45.010 W/BindingManager(30686): Cannot call determinedVisibility() - never saw a connection for the pid: 30686
02-12 13:41:45.700 W/BindingManager(30686): Cannot call determinedVisibility() - never saw a connection for the pid: 30686
02-12 13:41:46.340 W/BindingManager(30686): Cannot call determinedVisibility() - never saw a connection for the pid: 30686
02-12 13:41:46.970 W/BindingManager(30686): Cannot call determinedVisibility() - never saw a connection for the pid: 30686
02-12 13:41:47.630 W/BindingManager(30686): Cannot call determinedVisibility() - never saw a connection for the pid: 30686
02-12 13:41:48.290 W/BindingManager(30686): Cannot call determinedVisibility() - never saw a connection for the pid: 30686
02-12 13:41:48.910 W/BindingManager(30686): Cannot call determinedVisibility() - never saw a connection for the pid: 30686
02-12 13:41:49.560 W/BindingManager(30686): Cannot call determinedVisibility() - never saw a connection for the pid: 30686
02-12 13:41:49.880 D/wpa_supplicant(  651): wlan0: Starting AP scan for wildcard SSID
02-12 13:41:49.880 D/wpa_supplicant(  651): WPS: Building WPS IE for Probe Request
02-12 13:41:49.880 D/wpa_supplicant(  651): WPS:  * Version (hardcoded 0x10)
02-12 13:41:49.880 D/wpa_supplicant(  651): WPS:  * Request Type
02-12 13:41:49.880 D/wpa_supplicant(  651): WPS:  * Config Methods (4288)
02-12 13:41:49.880 D/wpa_supplicant(  651): WPS:  * UUID-E
02-12 13:41:49.880 D/wpa_supplicant(  651): WPS:  * Primary Device Type
02-12 13:41:49.880 D/wpa_supplicant(  651): WPS:  * RF Bands (1)
02-12 13:41:49.880 D/wpa_supplicant(  651): WPS:  * Association State
02-12 13:41:49.880 D/wpa_supplicant(  651): WPS:  * Configuration Error (0)
02-12 13:41:49.880 D/wpa_supplicant(  651): WPS:  * Device Password ID (0)
02-12 13:41:49.880 D/wpa_supplicant(  651): WPS:  * Manufacturer
02-12 13:41:49.880 D/wpa_supplicant(  651): WPS:  * Model Name
02-12 13:41:49.880 D/wpa_supplicant(  651): WPS:  * Model Number
02-12 13:41:49.880 D/wpa_supplicant(  651): WPS:  * Device Name
02-12 13:41:49.880 D/wpa_supplicant(  651): WPS:  * Version2 (0x20)
02-12 13:41:49.880 D/wpa_supplicant(  651): P2P: * P2P IE header
02-12 13:41:49.880 D/wpa_supplicant(  651): P2P: * Capability dev=25 group=00
02-12 13:41:49.880 D/wpa_supplicant(  651): P2P: * Listen Channel: Regulatory Class 81 Channel 11
02-12 13:41:49.880 D/wpa_supplicant(  651): wlan0: nl80211: scan request
02-12 13:41:49.940 D/wpa_supplicant(  651): Scan requested (ret=0) - scan timeout 30 seconds
02-12 13:41:49.940 D/wpa_supplicant(  651): nl80211: Drv Event 33 (NL80211_CMD_TRIGGER_SCAN) received for wlan0
02-12 13:41:49.940 D/wpa_supplicant(  651): wlan0: nl80211: Scan trigger
02-12 13:41:50.180 W/BindingManager(30686): Cannot call determinedVisibility() - never saw a connection for the pid: 30686
02-12 13:41:50.770 W/BindingManager(30686): Cannot call determinedVisibility() - never saw a connection for the pid: 30686
02-12 13:41:51.060 D/wpa_supplicant(  651): nl80211: Drv Event 34 (NL80211_CMD_NEW_SCAN_RESULTS) received for wlan0
02-12 13:41:51.060 D/wpa_supplicant(  651): wlan0: nl80211: New scan results available
02-12 13:41:51.060 D/wpa_supplicant(  651): wlan0: Event SCAN_RESULTS (3) received
02-12 13:41:51.060 D/wpa_supplicant(  651): nl80211: Received scan results (15 BSSes)
02-12 13:41:51.060 D/wpa_supplicant(  651): nl80211: Survey data missing
02-12 13:41:51.060 D/wpa_supplicant(  651): wlan0: BSS: Start scan result update 517
02-12 13:41:51.060 D/wpa_supplicant(  651): wlan0: BSS: Add new id 1188 BSSID 74:e5:43:24:f4:5b SSID 'Dttest'
02-12 13:41:51.060 D/wpa_supplicant(  651): CTRL_IFACE monitor send - hexdump(len=39): 2f 64 61 74 61 2f 6d 69 73 63 2f 77 69 66 69 2f 73 6f 63 6b 65 74 73 2f 77 70 61 5f 63 74 72 6c ...
02-12 13:41:51.060 D/wpa_supplicant(  651): wlan0: BSS: Add new id 1189 BSSID c0:a0:bb:20:3b:84 SSID 'dlink-3B84'
02-12 13:41:51.060 D/wpa_supplicant(  651): CTRL_IFACE monitor send - hexdump(len=39): 2f 64 61 74 61 2f 6d 69 73 63 2f 77 69 66 69 2f 73 6f 63 6b 65 74 73 2f 77 70 61 5f 63 74 72 6c ...
02-12 13:41:51.060 D/wpa_supplicant(  651): wlan0: BSS: Remove id 1179 BSSID c0:cb:38:7f:c9:09 SSID '360WiFi-7908' due to no match in scan
02-12 13:41:51.060 D/wpa_supplicant(  651): CTRL_IFACE monitor send - hexdump(len=39): 2f 64 61 74 61 2f 6d 69 73 63 2f 77 69 66 69 2f 73 6f 63 6b 65 74 73 2f 77 70 61 5f 63 74 72 6c ...
02-12 13:41:51.060 D/wpa_supplicant(  651): wlan0: BSS: Remove id 1172 BSSID b0:48:7a:51:ff:cc SSID 'Neusoft TP' due to no match in scan
02-12 13:41:51.060 D/wpa_supplicant(  651): CTRL_IFACE monitor send - hexdump(len=39): 2f 64 61 74 61 2f 6d 69 73 63 2f 77 69 66 69 2f 73 6f 63 6b 65 74 73 2f 77 70 61 5f 63 74 72 6c ...
02-12 13:41:51.060 D/wpa_supplicant(  651): wlan0: BSS: Remove id 1181 BSSID 02:09:4c:bc:de:9a SSID 'DIRECT-' due to no match in scan
02-12 13:41:51.060 D/wpa_supplicant(  651): CTRL_IFACE monitor send - hexdump(len=39): 2f 64 61 74 61 2f 6d 69 73 63 2f 77 69 66 69 2f 73 6f 63 6b 65 74 73 2f 77 70 61 5f 63 74 72 6c ...
02-12 13:41:51.060 D/wpa_supplicant(  651): BSS: last_scan_res_used=15/32 last_scan_full=0
02-12 13:41:51.060 D/wpa_supplicant(  651): wlan0: New scan results available
02-12 13:41:51.060 D/wpa_supplicant(  651): CTRL_IFACE monitor send - hexdump(len=39): 2f 64 61 74 61 2f 6d 69 73 63 2f 77 69 66 69 2f 73 6f 63 6b 65 74 73 2f 77 70 61 5f 63 74 72 6c ...
02-12 13:41:51.060 D/wpa_supplicant(  651): CTRL_IFACE monitor send - hexdump(len=39): 2f 64 61 74 61 2f 6d 69 73 63 2f 77 69 66 69 2f 73 6f 63 6b 65 74 73 2f 77 70 61 5f 63 74 72 6c ...
02-12 13:41:51.060 D/wpa_supplicant(  651): Authorize channel 1
02-12 13:41:51.060 D/wpa_supplicant(  651): Authorize channel 2
02-12 13:41:51.060 D/wpa_supplicant(  651): Authorize channel 3
02-12 13:41:51.060 D/wpa_supplicant(  651): Authorize channel 4
02-12 13:41:51.060 D/wpa_supplicant(  651): Authorize channel 5
02-12 13:41:51.060 D/wpa_supplicant(  651): Authorize channel 6
02-12 13:41:51.060 D/wpa_supplicant(  651): Authorize channel 7
02-12 13:41:51.060 D/wpa_supplicant(  651): Authorize channel 8
02-12 13:41:51.060 D/wpa_supplicant(  651): Authorize channel 9
02-12 13:41:51.060 D/wpa_supplicant(  651): Authorize channel 10
02-12 13:41:51.060 D/wpa_supplicant(  651): Authorize channel 11
02-12 13:41:51.060 D/wpa_supplicant(  651): Authorize channel 12
02-12 13:41:51.060 D/wpa_supplicant(  651): Authorize channel 13
02-12 13:41:51.060 D/wpa_supplicant(  651): Authorize channel 1
02-12 13:41:51.060 D/wpa_supplicant(  651): Authorize channel 2
02-12 13:41:51.060 D/wpa_supplicant(  651): Authorize channel 3
02-12 13:41:51.060 D/wpa_supplicant(  651): Authorize channel 4
02-12 13:41:51.060 D/wpa_supplicant(  651): Authorize channel 5
02-12 13:41:51.060 D/wpa_supplicant(  651): Authorize channel 6
02-12 13:41:51.060 D/wpa_supplicant(  651): Authorize channel 7
02-12 13:41:51.060 D/wpa_supplicant(  651): Authorize channel 8
02-12 13:41:51.060 D/wpa_supplicant(  651): Authorize channel 9
02-12 13:41:51.060 D/wpa_supplicant(  651): Authorize channel 10
02-12 13:41:51.060 D/wpa_supplicant(  651): Authorize channel 11
02-12 13:41:51.060 D/wpa_supplicant(  651): Authorize channel 12
02-12 13:41:51.060 D/wpa_supplicant(  651): Authorize channel 13
02-12 13:41:51.060 D/wpa_supplicant(  651): Add access point on channel 6
02-12 13:41:51.060 D/wpa_supplicant(  651): Add access point on channel 11
02-12 13:41:51.060 D/wpa_supplicant(  651): Add access point on channel 11
02-12 13:41:51.060 D/wpa_supplicant(  651): Add access point on channel 11
02-12 13:41:51.060 D/wpa_supplicant(  651): Add access point on channel 6
02-12 13:41:51.060 D/wpa_supplicant(  651): Add access point on channel 1
02-12 13:41:51.060 D/wpa_supplicant(  651): Add access point on channel 6
02-12 13:41:51.060 D/wpa_supplicant(  651): Add access point on channel 11
02-12 13:41:51.060 D/wpa_supplicant(  651): Add access point on channel 1
02-12 13:41:51.060 D/wpa_supplicant(  651): Add access point on channel 1
02-12 13:41:51.060 D/wpa_supplicant(  651): Add access point on channel 6
02-12 13:41:51.060 D/wpa_supplicant(  651): Add access point on channel 6
02-12 13:41:51.060 D/wpa_supplicant(  651): Add access point on channel 6
02-12 13:41:51.060 D/wpa_supplicant(  651): Add access point on channel 1
02-12 13:41:51.060 D/wpa_supplicant(  651): Add access point on channel 6
02-12 13:41:51.060 D/wpa_supplicant(  651): Add access point on channel 4
02-12 13:41:51.060 D/wpa_supplicant(  651): Add access point on channel 6
02-12 13:41:51.060 D/wpa_supplicant(  651): Add access point on channel 6
02-12 13:41:51.060 D/wpa_supplicant(  651): Add access point on channel 6
02-12 13:41:51.060 D/wpa_supplicant(  651): Add access point on channel 6
02-12 13:41:51.060 D/wpa_supplicant(  651): Add access point on channel 1
02-12 13:41:51.060 D/wpa_supplicant(  651): Add access point on channel 6
02-12 13:41:51.060 D/wpa_supplicant(  651): Add access point on channel 1
02-12 13:41:51.060 D/wpa_supplicant(  651): Add access point on channel 1
02-12 13:41:51.060 D/wpa_supplicant(  651): Add access point on channel 2
02-12 13:41:51.060 D/wpa_supplicant(  651): Best Operating channel is = 11
02-12 13:41:51.060 D/wpa_supplicant(  651): WPS: AP[0] f8:d1:11:e7:99:e8 type=0 tries=0 last_attempt=-1 sec ago blacklist=0
02-12 13:41:51.060 D/wpa_supplicant(  651): WPS: AP[1] 10:c3:7b:d2:e5:e0 type=0 tries=0 last_attempt=-1 sec ago blacklist=0
02-12 13:41:51.060 D/wpa_supplicant(  651): WPS: AP[2] b0:48:7a:20:66:6a type=0 tries=0 last_attempt=-1 sec ago blacklist=0
02-12 13:41:51.060 D/wpa_supplicant(  651): WPS: AP[3] cc:34:29:2b:26:4c type=0 tries=0 last_attempt=-1 sec ago blacklist=0
02-12 13:41:51.060 D/wpa_supplicant(  651): WPS: AP[4] cc:34:29:2c:fb:ec type=0 tries=0 last_attempt=-1 sec ago blacklist=0
02-12 13:41:51.060 D/wpa_supplicant(  651): WPS: AP[5] 44:94:fc:3d:da:38 type=0 tries=0 last_attempt=-1 sec ago blacklist=0
02-12 13:41:51.060 D/wpa_supplicant(  651): WPS: AP[6] c0:c1:c0:76:81:3c type=0 tries=0 last_attempt=-1 sec ago blacklist=0
02-12 13:41:51.060 D/wpa_supplicant(  651): WPS: AP[7] 98:fc:11:81:35:fb type=0 tries=0 last_attempt=-1 sec ago blacklist=0
02-12 13:41:51.060 D/wpa_supplicant(  651): WPS: AP[8] b0:48:7a:51:ff:cc type=0 tries=0 last_attempt=-1 sec ago blacklist=0
02-12 13:41:51.060 D/wpa_supplicant(  651): WPS: AP[9] 14:d6:4d:28:ef:c8 type=0 tries=0 last_attempt=-1 sec ago blacklist=0
02-12 13:41:51.060 D/wpa_supplicant(  651): WPS: AP[10] 7a:ff:57:00:13:56 type=0 tries=0 last_attempt=-1 sec ago blacklist=0
02-12 13:41:51.060 D/wpa_supplicant(  651): WPS: AP[11] c8:d7:19:60:62:f2 type=0 tries=0 last_attempt=-1 sec ago blacklist=0
02-12 13:41:51.060 D/wpa_supplicant(  651): WPS: AP[12] c0:a0:bb:20:3b:84 type=0 tries=0 last_attempt=-1 sec ago blacklist=0
02-12 13:41:51.060 D/wpa_supplicant(  651): WPS: AP[13] 5e:f3:70:0c:91:9a type=0 tries=0 last_attempt=-1 sec ago blacklist=0
02-12 13:41:51.060 D/wpa_supplicant(  651): WPS: AP[14] 02:09:4c:42:36:90 type=0 tries=0 last_attempt=-1 sec ago blacklist=0
02-12 13:41:51.060 D/wpa_supplicant(  651): WPS: AP[15] e4:d3:32:36:2e:54 type=0 tries=0 last_attempt=-1 sec ago blacklist=0
02-12 13:41:51.060 D/wpa_supplicant(  651): WPS: AP[16] 6c:8b:2f:e9:d1:da type=0 tries=0 last_attempt=-1 sec ago blacklist=0
02-12 13:41:51.060 D/wpa_supplicant(  651): WPS: AP[17] 9c:21:6a:0d:eb:72 type=0 tries=0 last_attempt=-1 sec ago blacklist=0
02-12 13:41:51.060 D/wpa_supplicant(  651): wlan0: Selecting BSS from priority group 17
02-12 13:41:51.060 D/wpa_supplicant(  651): wlan0: 0: 6c:8b:2f:e9:d1:da ssid='ZTE_AP_1640' wpa_ie_len=0 rsn_ie_len=20 caps=0x511 level=-41 wps
02-12 13:41:51.060 D/wpa_supplicant(  651): wlan0:    skip - SSID mismatch
02-12 13:41:51.060 D/wpa_supplicant(  651): wlan0: 1: 6c:8b:2f:e8:38:24 ssid='ZTE_AP_6703' wpa_ie_len=0 rsn_ie_len=20 caps=0x511 level=-46
02-12 13:41:51.060 D/wpa_supplicant(  651): wlan0:    skip - SSID mismatch
02-12 13:41:51.060 D/wpa_supplicant(  651): wlan0: 2: f8:d1:11:e7:99:e8 ssid='videotest' wpa_ie_len=22 rsn_ie_len=20 caps=0x531 level=-48 wps
02-12 13:41:51.060 D/wpa_supplicant(  651): wlan0:    skip - SSID mismatch
02-12 13:41:51.060 D/wpa_supplicant(  651): wlan0: 3: c8:d7:19:60:62:f2 ssid='E3000-2.4G' wpa_ie_len=0 rsn_ie_len=20 caps=0x411 level=-52
02-12 13:41:51.060 D/wpa_supplicant(  651): wlan0:    skip - SSID mismatch
02-12 13:41:51.060 D/wpa_supplicant(  651): wlan0: 4: cc:34:29:2b:26:4c ssid='cws-test' wpa_ie_len=0 rsn_ie_len=20 caps=0x431 level=-54 wps
02-12 13:41:51.060 D/wpa_supplicant(  651): wlan0:    skip - SSID mismatch
02-12 13:41:51.060 D/wpa_supplicant(  651): wlan0: 5: 98:fc:11:81:35:fb ssid='E2000E' wpa_ie_len=0 rsn_ie_len=20 caps=0x411 level=-59 wps
02-12 13:41:51.060 D/wpa_supplicant(  651): wlan0:    skip - SSID mismatch
02-12 13:41:51.060 D/wpa_supplicant(  651): wlan0: 6: b0:48:7a:20:66:6a ssid='TP-LINK_20666A' wpa_ie_len=22 rsn_ie_len=20 caps=0x431 level=-62 wps
02-12 13:41:51.060 D/wpa_supplicant(  651): wlan0:    skip - SSID mismatch
02-12 13:41:51.060 D/wpa_supplicant(  651): wlan0: 7: 10:c3:7b:d2:e5:e0 ssid='ASUS_RT-AC66U-2.4G' wpa_ie_len=0 rsn_ie_len=20 caps=0x411 level=-64 wps
02-12 13:41:51.060 D/wpa_supplicant(  651): wlan0:    skip - SSID mismatch
02-12 13:41:51.060 D/wpa_supplicant(  651): wlan0: 8: 44:94:fc:3d:da:38 ssid='6300' wpa_ie_len=0 rsn_ie_len=20 caps=0x411 level=-66 wps
02-12 13:41:51.060 D/wpa_supplicant(  651): wlan0:    skip - SSID mismatch
02-12 13:41:51.060 D/wpa_supplicant(  651): wlan0: 9: 14:d6:4d:28:ef:c8 ssid='dlink' wpa_ie_len=0 rsn_ie_len=20 caps=0x31 level=-66 wps
02-12 13:41:51.060 D/wpa_supplicant(  651): wlan0:    skip - SSID mismatch
02-12 13:41:51.060 D/wpa_supplicant(  651): wlan0: 10: cc:34:29:2c:fb:ec ssid='linksys' wpa_ie_len=22 rsn_ie_len=20 caps=0x431 level=-66 wps
02-12 13:41:51.060 D/wpa_supplicant(  651): wlan0:    skip - SSID mismatch
02-12 13:41:51.060 D/wpa_supplicant(  651): wlan0: 11: 8c:be:be:01:00:49 ssid='mw' wpa_ie_len=0 rsn_ie_len=20 caps=0x431 level=-72
02-12 13:41:51.060 D/wpa_supplicant(  651): wlan0:    skip - SSID mismatch
02-12 13:41:51.060 D/wpa_supplicant(  651): wlan0: 12: 74:e5:43:24:f4:5b ssid='Dttest' wpa_ie_len=0 rsn_ie_len=20 caps=0x31 level=-76
02-12 13:41:51.060 D/wpa_supplicant(  651): wlan0:    skip - SSID mismatch
02-12 13:41:51.060 D/wpa_supplicant(  651): wlan0: 13: c0:a0:bb:20:3b:84 ssid='dlink-3B84' wpa_ie_len=26 rsn_ie_len=24 caps=0x411 level=-76 wps
02-12 13:41:51.060 D/wpa_supplicant(  651): wlan0:    skip - SSID mismatch
02-12 13:41:51.060 D/wpa_supplicant(  651): wlan0: 14: e4:d3:32:dd:18:62 ssid='Internet' wpa_ie_len=0 rsn_ie_len=0 caps=0x21 level=-69
02-12 13:41:51.060 D/wpa_supplicant(  651): wlan0:    skip - SSID mismatch
02-12 13:41:51.060 D/wpa_supplicant(  651): wlan0: Selecting BSS from priority group 15
02-12 13:41:51.060 D/wpa_supplicant(  651): wlan0: 0: 6c:8b:2f:e9:d1:da ssid='ZTE_AP_1640' wpa_ie_len=0 rsn_ie_len=20 caps=0x511 level=-41 wps
02-12 13:41:51.060 D/wpa_supplicant(  651): wlan0:    skip - SSID mismatch
02-12 13:41:51.060 D/wpa_supplicant(  651): wlan0: 1: 6c:8b:2f:e8:38:24 ssid='ZTE_AP_6703' wpa_ie_len=0 rsn_ie_len=20 caps=0x511 level=-46
02-12 13:41:51.060 D/wpa_supplicant(  651): wlan0:    skip - SSID mismatch
02-12 13:41:51.060 D/wpa_supplicant(  651): wlan0: 2: f8:d1:11:e7:99:e8 ssid='videotest' wpa_ie_len=22 rsn_ie_len=20 caps=0x531 level=-48 wps
02-12 13:41:51.060 D/wpa_supplicant(  651): wlan0:    skip - SSID mismatch
02-12 13:41:51.060 D/wpa_supplicant(  651): wlan0: 3: c8:d7:19:60:62:f2 ssid='E3000-2.4G' wpa_ie_len=0 rsn_ie_len=20 caps=0x411 level=-52
02-12 13:41:51.060 D/wpa_supplicant(  651): wlan0:    skip - SSID mismatch
02-12 13:41:51.060 D/wpa_supplicant(  651): wlan0: 4: cc:34:29:2b:26:4c ssid='cws-test' wpa_ie_len=0 rsn_ie_len=20 caps=0x431 level=-54 wps
02-12 13:41:51.060 D/wpa_supplicant(  651): wlan0:    skip - SSID mismatch
02-12 13:41:51.060 D/wpa_supplicant(  651): wlan0: 5: 98:fc:11:81:35:fb ssid='E2000E' wpa_ie_len=0 rsn_ie_len=20 caps=0x411 level=-59 wps
02-12 13:41:51.060 D/wpa_supplicant(  651): wlan0:    skip - SSID mismatch
02-12 13:41:51.060 D/wpa_supplicant(  651): wlan0: 6: b0:48:7a:20:66:6a ssid='TP-LINK_20666A' wpa_ie_len=22 rsn_ie_len=20 caps=0x431 level=-62 wps
02-12 13:41:51.060 D/wpa_supplicant(  651): wlan0:    skip - SSID mismatch
02-12 13:41:51.060 D/wpa_supplicant(  651): wlan0: 7: 10:c3:7b:d2:e5:e0 ssid='ASUS_RT-AC66U-2.4G' wpa_ie_len=0 rsn_ie_len=20 caps=0x411 level=-64 wps
02-12 13:41:51.060 D/wpa_supplicant(  651): wlan0:    skip - SSID mismatch
02-12 13:41:51.060 D/wpa_supplicant(  651): wlan0: 8: 44:94:fc:3d:da:38 ssid='6300' wpa_ie_len=0 rsn_ie_len=20 caps=0x411 level=-66 wps
02-12 13:41:51.060 D/wpa_supplicant(  651): wlan0:    skip - SSID mismatch
02-12 13:41:51.060 D/wpa_supplicant(  651): wlan0: 9: 14:d6:4d:28:ef:c8 ssid='dlink' wpa_ie_len=0 rsn_ie_len=20 caps=0x31 level=-66 wps
02-12 13:41:51.060 D/wpa_supplicant(  651): wlan0:    skip - SSID mismatch
02-12 13:41:51.060 D/wpa_supplicant(  651): wlan0: 10: cc:34:29:2c:fb:ec ssid='linksys' wpa_ie_len=22 rsn_ie_len=20 caps=0x431 level=-66 wps
02-12 13:41:51.060 D/wpa_supplicant(  651): wlan0:    skip - SSID mismatch
02-12 13:41:51.060 D/wpa_supplicant(  651): wlan0: 11: 8c:be:be:01:00:49 ssid='mw' wpa_ie_len=0 rsn_ie_len=20 caps=0x431 level=-72
02-12 13:41:51.060 D/wpa_supplicant(  651): wlan0:    skip - SSID mismatch
02-12 13:41:51.060 D/wpa_supplicant(  651): wlan0: 12: 74:e5:43:24:f4:5b ssid='Dttest' wpa_ie_len=0 rsn_ie_len=20 caps=0x31 level=-76
02-12 13:41:51.060 D/wpa_supplicant(  651): wlan0:    skip - SSID mismatch
02-12 13:41:51.060 D/wpa_supplicant(  651): wlan0: 13: c0:a0:bb:20:3b:84 ssid='dlink-3B84' wpa_ie_len=26 rsn_ie_len=24 caps=0x411 level=-76 wps
02-12 13:41:51.060 D/wpa_supplicant(  651): wlan0:    skip - SSID mismatch
02-12 13:41:51.060 D/wpa_supplicant(  651): wlan0: 14: e4:d3:32:dd:18:62 ssid='Internet' wpa_ie_len=0 rsn_ie_len=0 caps=0x21 level=-69
02-12 13:41:51.060 D/wpa_supplicant(  651): wlan0:    skip - SSID mismatch
02-12 13:41:51.060 I/WifiHW  (  504): EVENT: IFNAME=wlan0 CTRL-EVENT-BSS-ADDED 1188 74:e5:43:24:f4:5b
02-12 13:41:51.060 I/WifiHW  (  504): EVENT: IFNAME=wlan0 CTRL-EVENT-BSS-ADDED 1189 c0:a0:bb:20:3b:84
02-12 13:41:51.060 I/WifiHW  (  504): EVENT: IFNAME=wlan0 CTRL-EVENT-BSS-REMOVED 1179 c0:cb:38:7f:c9:09
02-12 13:41:51.060 I/WifiHW  (  504): EVENT: IFNAME=wlan0 CTRL-EVENT-BSS-REMOVED 1172 b0:48:7a:51:ff:cc
02-12 13:41:51.060 I/WifiHW  (  504): EVENT: IFNAME=wlan0 CTRL-EVENT-BSS-REMOVED 1181 02:09:4c:bc:de:9a
02-12 13:41:51.060 I/WifiHW  (  504): EVENT: IFNAME=wlan0 CTRL-EVENT-SCAN-RESULTS 
02-12 13:41:51.060 D/wpa_supplicant(  651): wlan0: Selecting BSS from priority group 4
02-12 13:41:51.070 D/wpa_supplicant(  651): wlan0: 0: 6c:8b:2f:e9:d1:da ssid='ZTE_AP_1640' wpa_ie_len=0 rsn_ie_len=20 caps=0x511 level=-41 wps
02-12 13:41:51.070 D/wpa_supplicant(  651): wlan0:    skip - disabled
02-12 13:41:51.070 D/wpa_supplicant(  651): wlan0: 1: 6c:8b:2f:e8:38:24 ssid='ZTE_AP_6703' wpa_ie_len=0 rsn_ie_len=20 caps=0x511 level=-46
02-12 13:41:51.070 D/wpa_supplicant(  651): wlan0:    skip - disabled
02-12 13:41:51.070 D/wpa_supplicant(  651): wlan0: 2: f8:d1:11:e7:99:e8 ssid='videotest' wpa_ie_len=22 rsn_ie_len=20 caps=0x531 level=-48 wps
02-12 13:41:51.070 D/wpa_supplicant(  651): wlan0:    skip - disabled
02-12 13:41:51.070 D/wpa_supplicant(  651): wlan0: 3: c8:d7:19:60:62:f2 ssid='E3000-2.4G' wpa_ie_len=0 rsn_ie_len=20 caps=0x411 level=-52
02-12 13:41:51.070 D/wpa_supplicant(  651): wlan0:    skip - disabled
02-12 13:41:51.070 D/wpa_supplicant(  651): wlan0: 4: cc:34:29:2b:26:4c ssid='cws-test' wpa_ie_len=0 rsn_ie_len=20 caps=0x431 level=-54 wps
02-12 13:41:51.070 D/wpa_supplicant(  651): wlan0:    skip - disabled
02-12 13:41:51.070 D/wpa_supplicant(  651): wlan0: 5: 98:fc:11:81:35:fb ssid='E2000E' wpa_ie_len=0 rsn_ie_len=20 caps=0x411 level=-59 wps
02-12 13:41:51.070 D/wpa_supplicant(  651): wlan0:    skip - disabled
02-12 13:41:51.070 D/wpa_supplicant(  651): wlan0: 6: b0:48:7a:20:66:6a ssid='TP-LINK_20666A' wpa_ie_len=22 rsn_ie_len=20 caps=0x431 level=-62 wps
02-12 13:41:51.070 D/wpa_supplicant(  651): wlan0:    skip - disabled
02-12 13:41:51.070 D/wpa_supplicant(  651): wlan0: 7: 10:c3:7b:d2:e5:e0 ssid='ASUS_RT-AC66U-2.4G' wpa_ie_len=0 rsn_ie_len=20 caps=0x411 level=-64 wps
02-12 13:41:51.070 D/wpa_supplicant(  651): wlan0:    skip - disabled
02-12 13:41:51.070 D/wpa_supplicant(  651): wlan0: 8: 44:94:fc:3d:da:38 ssid='6300' wpa_ie_len=0 rsn_ie_len=20 caps=0x411 level=-66 wps
02-12 13:41:51.070 D/wpa_supplicant(  651): wlan0:    skip - disabled
02-12 13:41:51.070 D/wpa_supplicant(  651): wlan0: 9: 14:d6:4d:28:ef:c8 ssid='dlink' wpa_ie_len=0 rsn_ie_len=20 caps=0x31 level=-66 wps
02-12 13:41:51.070 D/wpa_supplicant(  651): wlan0:    skip - disabled
02-12 13:41:51.070 D/wpa_supplicant(  651): wlan0: 10: cc:34:29:2c:fb:ec ssid='linksys' wpa_ie_len=22 rsn_ie_len=20 caps=0x431 level=-66 wps
02-12 13:41:51.070 D/wpa_supplicant(  651): wlan0:    skip - disabled
02-12 13:41:51.070 D/wpa_supplicant(  651): wlan0: 11: 8c:be:be:01:00:49 ssid='mw' wpa_ie_len=0 rsn_ie_len=20 caps=0x431 level=-72
02-12 13:41:51.070 D/wpa_supplicant(  651): wlan0:    skip - disabled
02-12 13:41:51.070 D/wpa_supplicant(  651): wlan0: 12: 74:e5:43:24:f4:5b ssid='Dttest' wpa_ie_len=0 rsn_ie_len=20 caps=0x31 level=-76
02-12 13:41:51.070 D/wpa_supplicant(  651): wlan0:    skip - disabled
02-12 13:41:51.070 D/wpa_supplicant(  651): wlan0: 13: c0:a0:bb:20:3b:84 ssid='dlink-3B84' wpa_ie_len=26 rsn_ie_len=24 caps=0x411 level=-76 wps
02-12 13:41:51.070 D/wpa_supplicant(  651): wlan0:    skip - disabled
02-12 13:41:51.070 D/wpa_supplicant(  651): wlan0: 14: e4:d3:32:dd:18:62 ssid='Internet' wpa_ie_len=0 rsn_ie_len=0 caps=0x21 level=-69
02-12 13:41:51.070 D/wpa_supplicant(  651): wlan0:    skip - disabled
02-12 13:41:51.070 D/wpa_supplicant(  651): wlan0: No suitable network found
02-12 13:41:51.070 D/wpa_supplicant(  651): wlan0: Setting scan request: 40 sec 0 usec
02-12 13:41:51.070 D/wpa_supplicant(  651): wlan0: Checking for other virtual interfaces sharing same radio (phy0) in event_scan_results
02-12 13:41:51.070 D/wpa_supplicant(  651): p2p-dev-wlan0: Updating scan results from sibling
02-12 13:41:51.070 D/wpa_supplicant(  651): nl80211: Received scan results (15 BSSes)
02-12 13:41:51.070 D/wpa_supplicant(  651): nl80211: Survey data missing
02-12 13:41:51.070 D/wpa_supplicant(  651): p2p-dev-wlan0: BSS: Start scan result update 510
02-12 13:41:51.070 D/wpa_supplicant(  651): BSS: No P2P IE - skipping BSS 6c:8b:2f:e9:d1:da update for P2P interface
02-12 13:41:51.070 D/wpa_supplicant(  651): BSS: No P2P IE - skipping BSS 6c:8b:2f:e8:38:24 update for P2P interface
02-12 13:41:51.070 D/wpa_supplicant(  651): BSS: No P2P IE - skipping BSS f8:d1:11:e7:99:e8 update for P2P interface
02-12 13:41:51.070 D/wpa_supplicant(  651): BSS: No P2P IE - skipping BSS c8:d7:19:60:62:f2 update for P2P interface
02-12 13:41:51.070 D/wpa_supplicant(  651): BSS: No P2P IE - skipping BSS cc:34:29:2b:26:4c update for P2P interface
02-12 13:41:51.070 D/wpa_supplicant(  651): BSS: No P2P IE - skipping BSS 98:fc:11:81:35:fb update for P2P interface
02-12 13:41:51.070 D/wpa_supplicant(  651): BSS: No P2P IE - skipping BSS b0:48:7a:20:66:6a update for P2P interface
02-12 13:41:51.070 D/wpa_supplicant(  651): BSS: No P2P IE - skipping BSS 10:c3:7b:d2:e5:e0 update for P2P interface
02-12 13:41:51.070 D/wpa_supplicant(  651): BSS: No P2P IE - skipping BSS 44:94:fc:3d:da:38 update for P2P interface
02-12 13:41:51.070 D/wpa_supplicant(  651): BSS: No P2P IE - skipping BSS 14:d6:4d:28:ef:c8 update for P2P interface
02-12 13:41:51.070 D/wpa_supplicant(  651): BSS: No P2P IE - skipping BSS cc:34:29:2c:fb:ec update for P2P interface
02-12 13:41:51.070 D/wpa_supplicant(  651): BSS: No P2P IE - skipping BSS 8c:be:be:01:00:49 update for P2P interface
02-12 13:41:51.070 D/wpa_supplicant(  651): BSS: No P2P IE - skipping BSS 74:e5:43:24:f4:5b update for P2P interface
02-12 13:41:51.070 D/wpa_supplicant(  651): BSS: No P2P IE - skipping BSS c0:a0:bb:20:3b:84 update for P2P interface
02-12 13:41:51.070 D/wpa_supplicant(  651): BSS: No P2P IE - skipping BSS e4:d3:32:dd:18:62 update for P2P interface
02-12 13:41:51.070 D/wpa_supplicant(  651): BSS: last_scan_res_used=0/32 last_scan_full=0
02-12 13:41:51.070 D/wpa_supplicant(  651): p2p-dev-wlan0: New scan results available
02-12 13:41:51.070 D/wpa_supplicant(  651): CTRL_IFACE monitor send - hexdump(len=39): 2f 64 61 74 61 2f 6d 69 73 63 2f 77 69 66 69 2f 73 6f 63 6b 65 74 73 2f 77 70 61 5f 63 74 72 6c ...
02-12 13:41:51.070 D/wpa_supplicant(  651): WPS: AP[0] 10:c3:7b:d2:e5:e0 type=0 tries=0 last_attempt=-1 sec ago blacklist=0
02-12 13:41:51.070 D/wpa_supplicant(  651): WPS: AP[1] b0:48:7a:20:66:6a type=0 tries=0 last_attempt=-1 sec ago blacklist=0
02-12 13:41:51.070 D/wpa_supplicant(  651): WPS: AP[2] f8:d1:11:e7:99:e8 type=0 tries=0 last_attempt=-1 sec ago blacklist=0
02-12 13:41:51.070 D/wpa_supplicant(  651): WPS: AP[3] 44:94:fc:3d:da:38 type=0 tries=0 last_attempt=-1 sec ago blacklist=0
02-12 13:41:51.070 D/wpa_supplicant(  651): WPS: AP[4] cc:34:29:2c:fb:ec type=0 tries=0 last_attempt=-1 sec ago blacklist=0
02-12 13:41:51.070 D/wpa_supplicant(  651): WPS: AP[5] c8:d7:19:60:62:f2 type=0 tries=0 last_attempt=-1 sec ago blacklist=0
02-12 13:41:51.070 D/wpa_supplicant(  651): WPS: AP[6] cc:34:29:2b:26:4c type=0 tries=0 last_attempt=-1 sec ago blacklist=0
02-12 13:41:51.070 I/WifiHW  (  504): EVENT: IFNAME=wlan0 WPS-AP-AVAILABLE 
02-12 13:41:51.070 I/WifiHW  (  504): EVENT: IFNAME=p2p-dev-wlan0 CTRL-EVENT-SCAN-RESULTS 
02-12 13:41:51.070 I/WifiHW  (  504): CMD: IFNAME=wlan0 BSS RANGE=0- MASK=0x21987
02-12 13:41:51.070 D/wpa_supplicant(  651): WPS: AP[7] 98:fc:11:81:35:fb type=0 tries=0 last_attempt=-1 sec ago blacklist=0
02-12 13:41:51.070 D/wpa_supplicant(  651): WPS: AP[8] 14:d6:4d:28:ef:c8 type=0 tries=0 last_attempt=-1 sec ago blacklist=0
02-12 13:41:51.070 D/wpa_supplicant(  651): WPS: AP[9] b0:48:7a:51:ff:cc type=0 tries=0 last_attempt=-1 sec ago blacklist=0
02-12 13:41:51.070 D/wpa_supplicant(  651): WPS: AP[10] 7a:ff:57:00:13:56 type=0 tries=0 last_attempt=-1 sec ago blacklist=0
02-12 13:41:51.070 D/wpa_supplicant(  651): WPS: AP[11] c0:a0:bb:20:3b:84 type=0 tries=0 last_attempt=-1 sec ago blacklist=0
02-12 13:41:51.070 D/wpa_supplicant(  651): WPS: AP[12] c0:c1:c0:76:81:3c type=0 tries=0 last_attempt=-1 sec ago blacklist=0
02-12 13:41:51.070 D/wpa_supplicant(  651): WPS: AP[13] 5e:f3:70:0c:91:9a type=0 tries=0 last_attempt=-1 sec ago blacklist=0
02-12 13:41:51.070 D/wpa_supplicant(  651): WPS: AP[14] 02:09:4c:42:36:90 type=0 tries=0 last_attempt=-1 sec ago blacklist=0
02-12 13:41:51.070 D/wpa_supplicant(  651): WPS: AP[15] e4:d3:32:36:2e:54 type=0 tries=0 last_attempt=-1 sec ago blacklist=0
02-12 13:41:51.070 D/wpa_supplicant(  651): WPS: AP[16] 6c:8b:2f:e9:d1:da type=0 tries=0 last_attempt=-1 sec ago blacklist=0
02-12 13:41:51.070 D/wpa_supplicant(  651): WPS: AP[17] 9c:21:6a:0d:eb:72 type=0 tries=0 last_attempt=-1 sec ago blacklist=0
