02-12 10:28:53.490 D/wpa_supplicant(  651): WPS: AP[1] 10:c3:7b:d2:e5:e0 type=0 tries=0 last_attempt=-1 sec ago blacklist=0
02-12 10:28:53.490 D/wpa_supplicant(  651): WPS: AP[2] b0:48:7a:20:66:6a type=0 tries=0 last_attempt=-1 sec ago blacklist=0
02-12 10:28:53.490 D/wpa_supplicant(  651): WPS: AP[3] cc:34:29:2b:26:4c type=0 tries=0 last_attempt=-1 sec ago blacklist=0
02-12 10:28:53.490 D/wpa_supplicant(  651): WPS: AP[4] cc:34:29:2c:fb:ec type=0 tries=0 last_attempt=-1 sec ago blacklist=0
02-12 10:28:53.490 D/wpa_supplicant(  651): WPS: AP[5] 44:94:fc:3d:da:38 type=0 tries=0 last_attempt=-1 sec ago blacklist=0
02-12 10:28:53.490 D/wpa_supplicant(  651): WPS: AP[6] c0:c1:c0:76:81:3c type=0 tries=0 last_attempt=-1 sec ago blacklist=0
02-12 10:28:53.490 D/wpa_supplicant(  651): WPS: AP[7] 98:fc:11:81:35:fb type=0 tries=0 last_attempt=-1 sec ago blacklist=0
02-12 10:28:53.490 D/wpa_supplicant(  651): WPS: AP[8] b0:48:7a:51:ff:cc type=0 tries=0 last_attempt=-1 sec ago blacklist=0
02-12 10:28:53.490 D/wpa_supplicant(  651): WPS: AP[9] 14:d6:4d:28:ef:c8 type=0 tries=0 last_attempt=-1 sec ago blacklist=0
02-12 10:28:53.490 D/wpa_supplicant(  651): WPS: AP[10] 7a:ff:57:00:13:56 type=0 tries=0 last_attempt=-1 sec ago blacklist=0
02-12 10:28:53.490 D/wpa_supplicant(  651): WPS: AP[11] c8:d7:19:60:62:f2 type=0 tries=0 last_attempt=-1 sec ago blacklist=0
02-12 10:28:53.490 D/wpa_supplicant(  651): WPS: AP[12] c0:a0:bb:20:3b:84 type=0 tries=0 last_attempt=-1 sec ago blacklist=0
02-12 10:28:53.490 D/wpa_supplicant(  651): WPS: AP[13] 5e:f3:70:0c:91:9a type=0 tries=0 last_attempt=-1 sec ago blacklist=0
02-12 10:28:53.490 D/wpa_supplicant(  651): WPS: AP[14] 02:09:4c:42:36:90 type=0 tries=0 last_attempt=-1 sec ago blacklist=0
02-12 10:28:53.490 D/wpa_supplicant(  651): wlan0: Selecting BSS from priority group 17
02-12 10:28:53.490 D/wpa_supplicant(  651): wlan0: 0: 6c:8b:2f:e9:d1:da ssid='ZTE_AP_1640' wpa_ie_len=0 rsn_ie_len=20 caps=0x511 level=-42
02-12 10:28:53.490 D/wpa_supplicant(  651): wlan0:    skip - SSID mismatch
02-12 10:28:53.490 D/wpa_supplicant(  651): wlan0: 1: c8:d7:19:60:62:f2 ssid='E3000-2.4G' wpa_ie_len=0 rsn_ie_len=20 caps=0x411 level=-47
02-12 10:28:53.490 D/wpa_supplicant(  651): wlan0:    skip - SSID mismatch
02-12 10:28:53.490 D/wpa_supplicant(  651): wlan0: 2: f8:d1:11:e7:99:e8 ssid='videotest' wpa_ie_len=22 rsn_ie_len=20 caps=0x531 level=-49 wps
02-12 10:28:53.490 D/wpa_supplicant(  651): wlan0:    skip - SSID mismatch
02-12 10:28:53.490 D/wpa_supplicant(  651): wlan0: 3: 10:c3:7b:d2:e5:e0 ssid='ASUS_RT-AC66U-2.4G' wpa_ie_len=0 rsn_ie_len=20 caps=0x411 level=-52 wps
02-12 10:28:53.490 D/wpa_supplicant(  651): wlan0:    skip - SSID mismatch
02-12 10:28:53.490 D/wpa_supplicant(  651): wlan0: 4: 44:94:fc:3d:da:38 ssid='6300' wpa_ie_len=0 rsn_ie_len=20 caps=0x411 level=-56 wps
02-12 10:28:53.490 D/wpa_supplicant(  651): wlan0:    skip - SSID mismatch
02-12 10:28:53.490 D/wpa_supplicant(  651): wlan0: 5: c0:c1:c0:76:81:3c ssid='E2000' wpa_ie_len=0 rsn_ie_len=20 caps=0x411 level=-57 wps
02-12 10:28:53.490 D/wpa_supplicant(  651): wlan0:    skip - SSID mismatch
02-12 10:28:53.490 D/wpa_supplicant(  651): wlan0: 6: 02:1a:11:fd:45:ed ssid='Android' wpa_ie_len=0 rsn_ie_len=20 caps=0x511 level=-57
02-12 10:28:53.490 D/wpa_supplicant(  651): wlan0:    skip - SSID mismatch
02-12 10:28:53.490 D/wpa_supplicant(  651): wlan0: 7: cc:34:29:2b:26:4c ssid='cws-test' wpa_ie_len=0 rsn_ie_len=20 caps=0x431 level=-59 wps
02-12 10:28:53.490 D/wpa_supplicant(  651): wlan0:    skip - SSID mismatch
02-12 10:28:53.490 D/wpa_supplicant(  651): wlan0: 8: 98:fc:11:81:35:fb ssid='E2000E' wpa_ie_len=0 rsn_ie_len=20 caps=0x411 level=-59 wps
02-12 10:28:53.490 D/wpa_supplicant(  651): wlan0:    skip - SSID mismatch
02-12 10:28:53.490 D/wpa_supplicant(  651): wlan0: 9: b0:48:7a:20:66:6a ssid='TP-LINK_20666A' wpa_ie_len=22 rsn_ie_len=20 caps=0x431 level=-63 wps
02-12 10:28:53.490 D/wpa_supplicant(  651): wlan0:    skip - SSID mismatch
02-12 10:28:53.490 D/wpa_supplicant(  651): wlan0: 10: 22:48:9a:ac:31:7f ssid='WiFi874' wpa_ie_len=0 rsn_ie_len=20 caps=0x31 level=-64
02-12 10:28:53.490 D/wpa_supplicant(  651): wlan0:    skip - SSID mismatch
02-12 10:28:53.490 D/wpa_supplicant(  651): wlan0: 11: 80:1f:02:43:fb:e8 ssid='Edimax AP' wpa_ie_len=0 rsn_ie_len=20 caps=0x411 level=-66
02-12 10:28:53.490 D/wpa_supplicant(  651): wlan0:    skip - SSID mismatch
02-12 10:28:53.490 D/wpa_supplicant(  651): wlan0: 12: cc:34:29:2c:fb:ec ssid='linksys' wpa_ie_len=22 rsn_ie_len=20 caps=0x431 level=-67 wps
02-12 10:28:53.490 D/wpa_supplicant(  651): wlan0:    skip - SSID mismatch
02-12 10:28:53.490 D/wpa_supplicant(  651): wlan0: 13: 5e:f3:70:0c:91:9a ssid='DIRECT-pl-Android_7f71' wpa_ie_len=0 rsn_ie_len=20 caps=0x411 level=-68 wps
02-12 10:28:53.490 D/wpa_supplicant(  651): wlan0:    skip - SSID mismatch
02-12 10:28:53.490 D/wpa_supplicant(  651): wlan0: 14: 74:e5:43:24:f4:5b ssid='Dttest' wpa_ie_len=0 rsn_ie_len=20 caps=0x31 level=-68
02-12 10:28:53.490 D/wpa_supplicant(  651): wlan0:    skip - SSID mismatch
02-12 10:28:53.490 D/wpa_supplicant(  651): wlan0: 15: e4:d3:32:c0:cf:a4 ssid='fast' wpa_ie_len=0 rsn_ie_len=20 caps=0x411 level=-71
02-12 10:28:53.490 D/wpa_supplicant(  651): wlan0:    skip - SSID mismatch
02-12 10:28:53.490 D/wpa_supplicant(  651): wlan0: 16: c0:cb:38:7f:c9:09 ssid='360WiFi-7908' wpa_ie_len=0 rsn_ie_len=20 caps=0x511 level=-72
02-12 10:28:53.490 D/wpa_supplicant(  651): wlan0:    skip - SSID mismatch
02-12 10:28:53.490 D/wpa_supplicant(  651): wlan0: 17: 1c:65:9d:e8:79:44 ssid='WiFi' wpa_ie_len=0 rsn_ie_len=20 caps=0x511 level=-78
02-12 10:28:53.490 D/wpa_supplicant(  651): wlan0:    skip - SSID mismatch
02-12 10:28:53.490 D/wpa_supplicant(  651): wlan0: 18: 00:0f:e2:0f:9f:c1 ssid='321_WAN' wpa_ie_len=28 rsn_ie_len=24 caps=0x411 level=-79
02-12 10:28:53.490 D/wpa_supplicant(  651): wlan0:    skip - SSID mismatch
02-12 10:28:53.490 D/wpa_supplicant(  651): wlan0: 19: 50:bd:5f:4b:29:92 ssid='Internet-2' wpa_ie_len=0 rsn_ie_len=0 caps=0x421 level=-63
02-12 10:28:53.490 D/wpa_supplicant(  651): wlan0:    skip - SSID mismatch
02-12 10:28:53.490 D/wpa_supplicant(  651): wlan0: 20: 00:25:86:5c:5e:30 ssid='internet' wpa_ie_len=0 rsn_ie_len=0 caps=0x421 level=-83
02-12 10:28:53.490 D/wpa_supplicant(  651): wlan0:    skip - SSID mismatch
02-12 10:28:53.490 D/wpa_supplicant(  651): wlan0: Selecting BSS from priority group 15
02-12 10:28:53.490 D/wpa_supplicant(  651): wlan0: 0: 6c:8b:2f:e9:d1:da ssid='ZTE_AP_1640' wpa_ie_len=0 rsn_ie_len=20 caps=0x511 level=-42
02-12 10:28:53.490 D/wpa_supplicant(  651): wlan0:    skip - SSID mismatch
02-12 10:28:53.490 D/wpa_supplicant(  651): wlan0: 1: c8:d7:19:60:62:f2 ssid='E3000-2.4G' wpa_ie_len=0 rsn_ie_len=20 caps=0x411 level=-47
02-12 10:28:53.490 D/wpa_supplicant(  651): wlan0:    skip - SSID mismatch
02-12 10:28:53.490 D/wpa_supplicant(  651): wlan0: 2: f8:d1:11:e7:99:e8 ssid='videotest' wpa_ie_len=22 rsn_ie_len=20 caps=0x531 level=-49 wps
02-12 10:28:53.490 D/wpa_supplicant(  651): wlan0:    skip - SSID mismatch
02-12 10:28:53.490 D/wpa_supplicant(  651): wlan0: 3: 10:c3:7b:d2:e5:e0 ssid='ASUS_RT-AC66U-2.4G' wpa_ie_len=0 rsn_ie_len=20 caps=0x411 level=-52 wps
02-12 10:28:53.490 D/wpa_supplicant(  651): wlan0:    skip - SSID mismatch
02-12 10:28:53.490 D/wpa_supplicant(  651): wlan0: 4: 44:94:fc:3d:da:38 ssid='6300' wpa_ie_len=0 rsn_ie_len=20 caps=0x411 level=-56 wps
02-12 10:28:53.490 D/wpa_supplicant(  651): wlan0:    skip - SSID mismatch
02-12 10:28:53.490 D/wpa_supplicant(  651): wlan0: 5: c0:c1:c0:76:81:3c ssid='E2000' wpa_ie_len=0 rsn_ie_len=20 caps=0x411 level=-57 wps
02-12 10:28:53.490 D/wpa_supplicant(  651): wlan0:    skip - SSID mismatch
02-12 10:28:53.490 D/wpa_supplicant(  651): wlan0: 6: 02:1a:11:fd:45:ed ssid='Android' wpa_ie_len=0 rsn_ie_len=20 caps=0x511 level=-57
02-12 10:28:53.490 D/wpa_supplicant(  651): wlan0:    skip - SSID mismatch
02-12 10:28:53.490 D/wpa_supplicant(  651): wlan0: 7: cc:34:29:2b:26:4c ssid='cws-test' wpa_ie_len=0 rsn_ie_len=20 caps=0x431 level=-59 wps
02-12 10:28:53.490 D/wpa_supplicant(  651): wlan0:    skip - SSID mismatch
02-12 10:28:53.490 D/wpa_supplicant(  651): wlan0: 8: 98:fc:11:81:35:fb ssid='E2000E' wpa_ie_len=0 rsn_ie_len=20 caps=0x411 level=-59 wps
02-12 10:28:53.490 D/wpa_supplicant(  651): wlan0:    skip - SSID mismatch
02-12 10:28:53.490 D/wpa_supplicant(  651): wlan0: 9: b0:48:7a:20:66:6a ssid='TP-LINK_20666A' wpa_ie_len=22 rsn_ie_len=20 caps=0x431 level=-63 wps
02-12 10:28:53.490 D/wpa_supplicant(  651): wlan0:    skip - SSID mismatch
02-12 10:28:53.490 D/wpa_supplicant(  651): wlan0: 10: 22:48:9a:ac:31:7f ssid='WiFi874' wpa_ie_len=0 rsn_ie_len=20 caps=0x31 level=-64
02-12 10:28:53.490 D/wpa_supplicant(  651): wlan0:    skip - SSID mismatch
02-12 10:28:53.490 D/wpa_supplicant(  651): wlan0: 11: 80:1f:02:43:fb:e8 ssid='Edimax AP' wpa_ie_len=0 rsn_ie_len=20 caps=0x411 level=-66
02-12 10:28:53.490 D/wpa_supplicant(  651): wlan0:    skip - SSID mismatch
02-12 10:28:53.490 D/wpa_supplicant(  651): wlan0: 12: cc:34:29:2c:fb:ec ssid='linksys' wpa_ie_len=22 rsn_ie_len=20 caps=0x431 level=-67 wps
02-12 10:28:53.490 D/wpa_supplicant(  651): wlan0:    skip - SSID mismatch
02-12 10:28:53.490 D/wpa_supplicant(  651): wlan0: 13: 5e:f3:70:0c:91:9a ssid='DIRECT-pl-Android_7f71' wpa_ie_len=0 rsn_ie_len=20 caps=0x411 level=-68 wps
02-12 10:28:53.490 D/wpa_supplicant(  651): wlan0:    skip - SSID mismatch
02-12 10:28:53.490 D/wpa_supplicant(  651): wlan0: 14: 74:e5:43:24:f4:5b ssid='Dttest' wpa_ie_len=0 rsn_ie_len=20 caps=0x31 level=-68
02-12 10:28:53.490 D/wpa_supplicant(  651): wlan0:    skip - SSID mismatch
02-12 10:28:53.490 D/wpa_supplicant(  651): wlan0: 15: e4:d3:32:c0:cf:a4 ssid='fast' wpa_ie_len=0 rsn_ie_len=20 caps=0x411 level=-71
02-12 10:28:53.490 D/wpa_supplicant(  651): wlan0:    skip - SSID mismatch
02-12 10:28:53.490 D/wpa_supplicant(  651): wlan0: 16: c0:cb:38:7f:c9:09 ssid='360WiFi-7908' wpa_ie_len=0 rsn_ie_len=20 caps=0x511 level=-72
02-12 10:28:53.490 D/wpa_supplicant(  651): wlan0:    skip - SSID mismatch
02-12 10:28:53.490 D/wpa_supplicant(  651): wlan0: 17: 1c:65:9d:e8:79:44 ssid='WiFi' wpa_ie_len=0 rsn_ie_len=20 caps=0x511 level=-78
02-12 10:28:53.490 D/wpa_supplicant(  651): wlan0:    skip - SSID mismatch
02-12 10:28:53.490 D/wpa_supplicant(  651): wlan0: 18: 00:0f:e2:0f:9f:c1 ssid='321_WAN' wpa_ie_len=28 rsn_ie_len=24 caps=0x411 level=-79
02-12 10:28:53.490 D/wpa_supplicant(  651): wlan0:    skip - SSID mismatch
02-12 10:28:53.490 D/wpa_supplicant(  651): wlan0: 19: 50:bd:5f:4b:29:92 ssid='Internet-2' wpa_ie_len=0 rsn_ie_len=0 caps=0x421 level=-63
02-12 10:28:53.490 D/wpa_supplicant(  651): wlan0:    skip - SSID mismatch
02-12 10:28:53.490 D/wpa_supplicant(  651): wlan0: 20: 00:25:86:5c:5e:30 ssid='internet' wpa_ie_len=0 rsn_ie_len=0 caps=0x421 level=-83
02-12 10:28:53.490 D/wpa_supplicant(  651): wlan0:    skip - SSID mismatch
02-12 10:28:53.490 D/wpa_supplicant(  651): wlan0: Selecting BSS from priority group 4
02-12 10:28:53.490 D/wpa_supplicant(  651): wlan0: 0: 6c:8b:2f:e9:d1:da ssid='ZTE_AP_1640' wpa_ie_len=0 rsn_ie_len=20 caps=0x511 level=-42
02-12 10:28:53.490 D/wpa_supplicant(  651): wlan0:    skip - disabled
02-12 10:28:53.490 D/wpa_supplicant(  651): wlan0: 1: c8:d7:19:60:62:f2 ssid='E3000-2.4G' wpa_ie_len=0 rsn_ie_len=20 caps=0x411 level=-47
02-12 10:28:53.490 D/wpa_supplicant(  651): wlan0:    skip - disabled
02-12 10:28:53.490 D/wpa_supplicant(  651): wlan0: 2: f8:d1:11:e7:99:e8 ssid='videotest' wpa_ie_len=22 rsn_ie_len=20 caps=0x531 level=-49 wps
02-12 10:28:53.490 D/wpa_supplicant(  651): wlan0:    skip - disabled
02-12 10:28:53.490 D/wpa_supplicant(  651): wlan0: 3: 10:c3:7b:d2:e5:e0 ssid='ASUS_RT-AC66U-2.4G' wpa_ie_len=0 rsn_ie_len=20 caps=0x411 level=-52 wps
02-12 10:28:53.490 D/wpa_supplicant(  651): wlan0:    skip - disabled
02-12 10:28:53.490 D/wpa_supplicant(  651): wlan0: 4: 44:94:fc:3d:da:38 ssid='6300' wpa_ie_len=0 rsn_ie_len=20 caps=0x411 level=-56 wps
02-12 10:28:53.490 D/wpa_supplicant(  651): wlan0:    skip - disabled
02-12 10:28:53.490 D/wpa_supplicant(  651): wlan0: 5: c0:c1:c0:76:81:3c ssid='E2000' wpa_ie_len=0 rsn_ie_len=20 caps=0x411 level=-57 wps
02-12 10:28:53.490 D/wpa_supplicant(  651): wlan0:    skip - disabled
02-12 10:28:53.490 D/wpa_supplicant(  651): wlan0: 6: 02:1a:11:fd:45:ed ssid='Android' wpa_ie_len=0 rsn_ie_len=20 caps=0x511 level=-57
02-12 10:28:53.490 D/wpa_supplicant(  651): wlan0:    skip - disabled
02-12 10:28:53.490 D/wpa_supplicant(  651): wlan0: 7: cc:34:29:2b:26:4c ssid='cws-test' wpa_ie_len=0 rsn_ie_len=20 caps=0x431 level=-59 wps
02-12 10:28:53.490 D/wpa_supplicant(  651): wlan0:    skip - disabled
02-12 10:28:53.490 D/wpa_supplicant(  651): wlan0: 8: 98:fc:11:81:35:fb ssid='E2000E' wpa_ie_len=0 rsn_ie_len=20 caps=0x411 level=-59 wps
02-12 10:28:53.490 D/wpa_supplicant(  651): wlan0:    skip - disabled
02-12 10:28:53.490 D/wpa_supplicant(  651): wlan0: 9: b0:48:7a:20:66:6a ssid='TP-LINK_20666A' wpa_ie_len=22 rsn_ie_len=20 caps=0x431 level=-63 wps
02-12 10:28:53.490 D/wpa_supplicant(  651): wlan0:    skip - disabled
02-12 10:28:53.490 D/wpa_supplicant(  651): wlan0: 10: 22:48:9a:ac:31:7f ssid='WiFi874' wpa_ie_len=0 rsn_ie_len=20 caps=0x31 level=-64
02-12 10:28:53.490 D/wpa_supplicant(  651): wlan0:    skip - disabled
02-12 10:28:53.490 D/wpa_supplicant(  651): wlan0: 11: 80:1f:02:43:fb:e8 ssid='Edimax AP' wpa_ie_len=0 rsn_ie_len=20 caps=0x411 level=-66
02-12 10:28:53.490 D/wpa_supplicant(  651): wlan0:    skip - disabled
02-12 10:28:53.490 D/wpa_supplicant(  651): wlan0: 12: cc:34:29:2c:fb:ec ssid='linksys' wpa_ie_len=22 rsn_ie_len=20 caps=0x431 level=-67 wps
02-12 10:28:53.490 D/wpa_supplicant(  651): wlan0:    skip - disabled
02-12 10:28:53.490 D/wpa_supplicant(  651): wlan0: 13: 5e:f3:70:0c:91:9a ssid='DIRECT-pl-Android_7f71' wpa_ie_len=0 rsn_ie_len=20 caps=0x411 level=-68 wps
02-12 10:28:53.490 D/wpa_supplicant(  651): wlan0:    skip - disabled
02-12 10:28:53.490 D/wpa_supplicant(  651): wlan0: 14: 74:e5:43:24:f4:5b ssid='Dttest' wpa_ie_len=0 rsn_ie_len=20 caps=0x31 level=-68
02-12 10:28:53.490 D/wpa_supplicant(  651): wlan0:    skip - disabled
02-12 10:28:53.490 D/wpa_supplicant(  651): wlan0: 15: e4:d3:32:c0:cf:a4 ssid='fast' wpa_ie_len=0 rsn_ie_len=20 caps=0x411 level=-71
02-12 10:28:53.490 D/wpa_supplicant(  651): wlan0:    skip - disabled
02-12 10:28:53.490 D/wpa_supplicant(  651): wlan0: 16: c0:cb:38:7f:c9:09 ssid='360WiFi-7908' wpa_ie_len=0 rsn_ie_len=20 caps=0x511 level=-72
02-12 10:28:53.490 D/wpa_supplicant(  651): wlan0:    skip - disabled
02-12 10:28:53.490 D/wpa_supplicant(  651): wlan0: 17: 1c:65:9d:e8:79:44 ssid='WiFi' wpa_ie_len=0 rsn_ie_len=20 caps=0x511 level=-78
02-12 10:28:53.490 D/wpa_supplicant(  651): wlan0:    skip - disabled
02-12 10:28:53.490 D/wpa_supplicant(  651): wlan0: 18: 00:0f:e2:0f:9f:c1 ssid='321_WAN' wpa_ie_len=28 rsn_ie_len=24 caps=0x411 level=-79
02-12 10:28:53.490 D/wpa_supplicant(  651): wlan0:    skip - disabled
02-12 10:28:53.490 D/wpa_supplicant(  651): wlan0: 19: 50:bd:5f:4b:29:92 ssid='Internet-2' wpa_ie_len=0 rsn_ie_len=0 caps=0x421 level=-63
02-12 10:28:53.490 D/wpa_supplicant(  651): wlan0:    skip - disabled
02-12 10:28:53.490 D/wpa_supplicant(  651): wlan0: 20: 00:25:86:5c:5e:30 ssid='internet' wpa_ie_len=0 rsn_ie_len=0 caps=0x421 level=-83
02-12 10:28:53.490 D/wpa_supplicant(  651): wlan0:    skip - disabled
02-12 10:28:53.490 D/wpa_supplicant(  651): wlan0: No suitable network found
02-12 10:28:53.490 D/wpa_supplicant(  651): wlan0: Setting scan request: 40 sec 0 usec
02-12 10:28:53.490 D/wpa_supplicant(  651): wlan0: Checking for other virtual interfaces sharing same radio (phy0) in event_scan_results
02-12 10:28:53.490 D/wpa_supplicant(  651): p2p-dev-wlan0: Updating scan results from sibling
02-12 10:28:53.490 D/wpa_supplicant(  651): nl80211: Received scan results (21 BSSes)
02-12 10:28:53.490 D/wpa_supplicant(  651): nl80211: Survey data missing
02-12 10:28:53.490 D/wpa_supplicant(  651): p2p-dev-wlan0: BSS: Start scan result update 229
02-12 10:28:53.490 D/wpa_supplicant(  651): BSS: No P2P IE - skipping BSS 6c:8b:2f:e9:d1:da update for P2P interface
02-12 10:28:53.490 D/wpa_supplicant(  651): BSS: No P2P IE - skipping BSS c8:d7:19:60:62:f2 update for P2P interface
02-12 10:28:53.490 D/wpa_supplicant(  651): BSS: No P2P IE - skipping BSS f8:d1:11:e7:99:e8 update for P2P interface
02-12 10:28:53.490 D/wpa_supplicant(  651): BSS: No P2P IE - skipping BSS 10:c3:7b:d2:e5:e0 update for P2P interface
02-12 10:28:53.490 D/wpa_supplicant(  651): BSS: No P2P IE - skipping BSS 44:94:fc:3d:da:38 update for P2P interface
02-12 10:28:53.490 D/wpa_supplicant(  651): BSS: No P2P IE - skipping BSS c0:c1:c0:76:81:3c update for P2P interface
02-12 10:28:53.490 D/wpa_supplicant(  651): BSS: No P2P IE - skipping BSS 02:1a:11:fd:45:ed update for P2P interface
02-12 10:28:53.490 D/wpa_supplicant(  651): BSS: No P2P IE - skipping BSS cc:34:29:2b:26:4c update for P2P interface
02-12 10:28:53.490 D/wpa_supplicant(  651): BSS: No P2P IE - skipping BSS 98:fc:11:81:35:fb update for P2P interface
02-12 10:28:53.490 D/wpa_supplicant(  651): BSS: No P2P IE - skipping BSS b0:48:7a:20:66:6a update for P2P interface
02-12 10:28:53.490 D/wpa_supplicant(  651): BSS: No P2P IE - skipping BSS 22:48:9a:ac:31:7f update for P2P interface
02-12 10:28:53.490 D/wpa_supplicant(  651): BSS: No P2P IE - skipping BSS 80:1f:02:43:fb:e8 update for P2P interface
02-12 10:28:53.490 D/wpa_supplicant(  651): BSS: No P2P IE - skipping BSS cc:34:29:2c:fb:ec update for P2P interface
02-12 10:28:53.490 D/wpa_supplicant(  651): BSS: No P2P IE - skipping BSS 74:e5:43:24:f4:5b update for P2P interface
02-12 10:28:53.490 D/wpa_supplicant(  651): BSS: No P2P IE - skipping BSS e4:d3:32:c0:cf:a4 update for P2P interface
02-12 10:28:53.490 D/wpa_supplicant(  651): BSS: No P2P IE - skipping BSS c0:cb:38:7f:c9:09 update for P2P interface
02-12 10:28:53.490 D/wpa_supplicant(  651): BSS: No P2P IE - skipping BSS 1c:65:9d:e8:79:44 update for P2P interface
02-12 10:28:53.490 D/wpa_supplicant(  651): BSS: No P2P IE - skipping BSS 00:0f:e2:0f:9f:c1 update for P2P interface
02-12 10:28:53.490 D/wpa_supplicant(  651): BSS: No P2P IE - skipping BSS 50:bd:5f:4b:29:92 update for P2P interface
02-12 10:28:53.490 D/wpa_supplicant(  651): BSS: No P2P IE - skipping BSS 00:25:86:5c:5e:30 update for P2P interface
02-12 10:28:53.490 D/wpa_supplicant(  651): BSS: last_scan_res_used=1/32 last_scan_full=0
02-12 10:28:53.490 D/wpa_supplicant(  651): p2p-dev-wlan0: New scan results available
02-12 10:28:53.490 D/wpa_supplicant(  651): CTRL_IFACE monitor send - hexdump(len=39): 2f 64 61 74 61 2f 6d 69 73 63 2f 77 69 66 69 2f 73 6f 63 6b 65 74 73 2f 77 70 61 5f 63 74 72 6c ...
02-12 10:28:53.490 D/wpa_supplicant(  651): CTRL_IFACE monitor send - hexdump(len=39): 2f 64 61 74 61 2f 6d 69 73 63 2f 77 69 66 69 2f 73 6f 63 6b 65 74 73 2f 77 70 61 5f 63 74 72 6c ...
02-12 10:28:53.490 D/wpa_supplicant(  651): WPS: AP[0] 10:c3:7b:d2:e5:e0 type=0 tries=0 last_attempt=-1 sec ago blacklist=0
02-12 10:28:53.490 D/wpa_supplicant(  651): WPS: AP[1] b0:48:7a:20:66:6a type=0 tries=0 last_attempt=-1 sec ago blacklist=0
02-12 10:28:53.490 D/wpa_supplicant(  651): WPS: AP[2] f8:d1:11:e7:99:e8 type=0 tries=0 last_attempt=-1 sec ago blacklist=0
02-12 10:28:53.490 D/wpa_supplicant(  651): WPS: AP[3] 44:94:fc:3d:da:38 type=0 tries=0 last_attempt=-1 sec ago blacklist=0
02-12 10:28:53.500 I/WifiHW  (  504): EVENT: IFNAME=wlan0 CTRL-EVENT-BSS-ADDED 566 00:25:86:5c:5e:30
02-12 10:28:53.500 I/WifiHW  (  504): EVENT: IFNAME=wlan0 CTRL-EVENT-BSS-REMOVED 558 6c:8b:2f:e8:38:24
02-12 10:28:53.500 I/WifiHW  (  504): EVENT: IFNAME=wlan0 CTRL-EVENT-BSS-REMOVED 537 8c:be:be:01:00:49
02-12 10:28:53.500 I/WifiHW  (  504): EVENT: IFNAME=wlan0 CTRL-EVENT-SCAN-RESULTS 
02-12 10:28:53.500 I/WifiHW  (  504): EVENT: IFNAME=wlan0 WPS-AP-AVAILABLE 
02-12 10:28:53.500 I/WifiHW  (  504): EVENT: IFNAME=p2p-dev-wlan0 CTRL-EVENT-SCAN-RESULTS 
02-12 10:28:53.500 I/WifiHW  (  504): EVENT: IFNAME=p2p-dev-wlan0 WPS-AP-AVAILABLE 
02-12 10:28:53.500 I/WifiHW  (  504): CMD: IFNAME=wlan0 BSS RANGE=0- MASK=0x21987
02-12 10:28:53.500 D/wpa_supplicant(  651): WPS: AP[4] cc:34:29:2c:fb:ec type=0 tries=0 last_attempt=-1 sec ago blacklist=0
02-12 10:28:53.500 D/wpa_supplicant(  651): WPS: AP[5] c8:d7:19:60:62:f2 type=0 tries=0 last_attempt=-1 sec ago blacklist=0
02-12 10:28:53.510 D/wpa_supplicant(  651): WPS: AP[6] cc:34:29:2b:26:4c type=0 tries=0 last_attempt=-1 sec ago blacklist=0
02-12 10:28:53.510 D/wpa_supplicant(  651): WPS: AP[7] 98:fc:11:81:35:fb type=0 tries=0 last_attempt=-1 sec ago blacklist=0
02-12 10:28:53.510 D/wpa_supplicant(  651): WPS: AP[8] 14:d6:4d:28:ef:c8 type=0 tries=0 last_attempt=-1 sec ago blacklist=0
02-12 10:28:53.510 D/wpa_supplicant(  651): WPS: AP[9] b0:48:7a:51:ff:cc type=0 tries=0 last_attempt=-1 sec ago blacklist=0
02-12 10:28:53.510 D/wpa_supplicant(  651): WPS: AP[10] 7a:ff:57:00:13:56 type=0 tries=0 last_attempt=-1 sec ago blacklist=0
02-12 10:28:53.510 D/wpa_supplicant(  651): WPS: AP[11] c0:a0:bb:20:3b:84 type=0 tries=0 last_attempt=-1 sec ago blacklist=0
02-12 10:28:53.510 D/wpa_supplicant(  651): WPS: AP[12] c0:c1:c0:76:81:3c type=0 tries=0 last_attempt=-1 sec ago blacklist=0
02-12 10:28:53.510 D/wpa_supplicant(  651): WPS: AP[13] 5e:f3:70:0c:91:9a type=0 tries=0 last_attempt=-1 sec ago blacklist=0
02-12 10:28:53.510 D/wpa_supplicant(  651): WPS: AP[14] 02:09:4c:42:36:90 type=0 tries=0 last_attempt=-1 sec ago blacklist=0
02-12 10:28:53.510 D/wpa_supplicant(  651): p2p-dev-wlan0: No suitable network found
02-12 10:28:53.510 D/wpa_supplicant(  651): p2p-dev-wlan0: Short-circuit new scan request since there are no enabled networks
02-12 10:28:53.510 D/wpa_supplicant(  651): p2p-dev-wlan0: State: INACTIVE -> INACTIVE
02-12 10:28:53.510 D/wpa_supplicant(  651): wlan0: P2P: Station mode scan operation not pending anymore (sta_scan_pending=0 p2p_cb_on_scan_complete=0)
02-12 10:28:53.510 D/wpa_supplicant(  651): RX ctrl_iface - hexdump(len=25): 42 53 53 20 52 41 4e 47 45 3d 30 2d 20 4d 41 53 4b 3d 30 78 32 31 39 38 37
02-12 10:28:53.510 D/wpa_supplicant(  651): wlan0: Control interface command 'BSS RANGE=0- MASK=0x21987'
02-12 10:28:53.510 D/wpa_supplicant(  651): RTM_NEWLINK: operstate=0 ifi_flags=0x11003 ([UP][LOWER_UP])
02-12 10:28:53.510 D/wpa_supplicant(  651): RTM_NEWLINK, IFLA_IFNAME: Interface 'wlan0' added
02-12 10:28:53.510 I/WifiHW  (  504): REPLY: id=328
02-12 10:28:53.510 I/WifiHW  (  504): REPLY: bssid=c8:d7:19:60:62:f2
02-12 10:28:53.510 I/WifiHW  (  504): REPLY: freq=2437
02-12 10:28:53.510 I/WifiHW  (  504): REPLY: level=-47
02-12 10:28:53.510 I/WifiHW  (  504): REPLY: tsf=0000063269683405
02-12 10:28:53.510 I/WifiHW  (  504): REPLY: flags=[WPA2-EAP-CCMP-preauth][ESS]
02-12 10:28:53.510 I/WifiHW  (  504): REPLY: ssid=E3000-2.4G
02-12 10:28:53.510 I/WifiHW  (  504): REPLY: ====
02-12 10:28:53.510 I/WifiHW  (  504): REPLY: id=329
02-12 10:28:53.510 I/WifiHW  (  504): REPLY: bssid=10:c3:7b:d2:e5:e0
02-12 10:28:53.510 I/WifiHW  (  504): REPLY: freq=2462
02-12 10:28:53.510 I/WifiHW  (  504): REPLY: level=-52
02-12 10:28:53.510 I/WifiHW  (  504): REPLY: tsf=0000063269683481
02-12 10:28:53.510 I/WifiHW  (  504): REPLY: flags=[WPA2-PSK-CCMP][WPS][ESS]
02-12 10:28:53.510 I/WifiHW  (  504): REPLY: ssid=ASUS_RT-AC66U-2.4G
02-12 10:28:53.510 I/WifiHW  (  504): REPLY: ====
02-12 10:28:53.510 I/WifiHW  (  504): REPLY: id=331
02-12 10:28:53.510 I/WifiHW  (  504): REPLY: bssid=b0:48:7a:20:66:6a
02-12 10:28:53.510 I/WifiHW  (  504): REPLY: freq=2427
02-12 10:28:53.510 I/WifiHW  (  504): REPLY: level=-63
02-12 10:28:53.510 I/WifiHW  (  504): REPLY: tsf=0000063269683395
02-12 10:28:53.510 I/WifiHW  (  504): REPLY: flags=[WPA-PSK-CCMP][WPA2-PSK-CCMP][WPS][ESS]
02-12 10:28:53.510 I/WifiHW  (  504): REPLY: ssid=TP-LINK_20666A
02-12 10:28:53.510 I/WifiHW  (  504): REPLY: ====
02-12 10:28:53.510 I/WifiHW  (  504): REPLY: id=332
02-12 10:28:53.510 I/WifiHW  (  504): REPLY: bssid=44:94:fc:3d:da:38
02-12 10:28:53.510 I/WifiHW  (  504): REPLY: freq=2462
02-12 10:28:53.510 I/WifiHW  (  504): REPLY: level=-56
02-12 10:28:53.510 I/WifiHW  (  504): REPLY: tsf=0000063269683472
02-12 10:28:53.510 I/WifiHW  (  504): REPLY: flags=[WPA2-PSK-CCMP][WPS][ESS]
02-12 10:28:53.510 I/WifiHW  (  504): REPLY: ssid=6300
02-12 10:28:53.510 D/wpa_supplicant(  651): nl80211: if_removed already cleared - ignore event
02-12 10:28:53.510 I/WifiHW  (  504): REPLY: ====
02-12 10:28:53.510 I/WifiHW  (  504): REPLY: id=333
02-12 10:28:53.510 I/WifiHW  (  504): REPLY: bssid=c0:c1:c0:76:81:3c
02-12 10:28:53.510 I/WifiHW  (  504): REPLY: freq=2437
02-12 10:28:53.510 I/WifiHW  (  504): REPLY: level=-57
02-12 10:28:53.510 I/WifiHW  (  504): REPLY: tsf=0000063269683421
02-12 10:28:53.510 I/WifiHW  (  504): REPLY: flags=[WPA2-PSK-CCMP][WPS][ESS]
02-12 10:28:53.510 I/WifiHW  (  504): REPLY: ssid=E2000
02-12 10:28:53.510 I/WifiHW  (  504): REPLY: ====
02-12 10:28:53.510 I/WifiHW  (  504): REPLY: id=334
02-12 10:28:53.510 I/WifiHW  (  504): REPLY: bssid=98:fc:11:81:35:fb
02-12 10:28:53.510 I/WifiHW  (  504): REPLY: freq=2412
02-12 10:28:53.510 I/WifiHW  (  504): REPLY: level=-59
02-12 10:28:53.510 I/WifiHW  (  504): REPLY: tsf=0000063269683319
02-12 10:28:53.510 I/WifiHW  (  504): REPLY: flags=[WPA2-PSK-CCMP][WPS][ESS]
02-12 10:28:53.510 I/WifiHW  (  504): REPLY: ssid=E2000E
02-12 10:28:53.510 I/WifiHW  (  504): REPLY: ====
02-12 10:28:53.510 I/WifiHW  (  504): REPLY: id=337
02-12 10:28:53.510 I/WifiHW  (  504): REPLY: bssid=cc:34:29:2b:26:4c
02-12 10:28:53.510 I/WifiHW  (  504): REPLY: freq=2462
02-12 10:28:53.510 I/WifiHW  (  504): REPLY: level=-59
02-12 10:28:53.510 I/WifiHW  (  504): REPLY: tsf=0000063269683463
02-12 10:28:53.510 I/WifiHW  (  504): REPLY: flags=[WPA2-PSK-CCMP][WPS][ESS]
02-12 10:28:53.510 I/WifiHW  (  504): REPLY: ssid=cws-test
02-12 10:28:53.510 I/WifiHW  (  504): REPLY: ====
02-12 10:28:53.510 I/WifiHW  (  504): REPLY: id=345
02-12 10:28:53.510 I/WifiHW  (  504): REPLY: bssid=f8:d1:11:e7:99:e8
02-12 10:28:53.510 I/WifiHW  (  504): REPLY: freq=2437
02-12 10:28:53.510 I/WifiHW  (  504): REPLY: level=-49
02-12 10:28:53.510 I/WifiHW  (  504): REPLY: tsf=0000063269683366
02-12 10:28:53.510 I/WifiHW  (  504): REPLY: flags=[WPA-PSK-CCMP][WPA2-PSK-CCMP][WPS][ESS]
02-12 10:28:53.510 I/WifiHW  (  504): REPLY: ssid=videotest
02-12 10:28:53.510 I/WifiHW  (  504): REPLY: ====
02-12 10:28:53.510 I/WifiHW  (  504): REPLY: id=405
02-12 10:28:53.510 I/WifiHW  (  504): REPLY: bssid=02:1a:11:fd:45:ed
02-12 10:28:53.510 I/WifiHW  (  504): REPLY: freq=2437
02-12 10:28:53.510 I/WifiHW  (  504): REPLY: level=-57
02-12 10:28:53.510 I/WifiHW  (  504): REPLY: tsf=0000063269683413
02-12 10:28:53.510 I/WifiHW  (  504): REPLY: flags=[WPA2-PSK-CCMP][ESS]
02-12 10:28:53.510 I/WifiHW  (  504): REPLY: ssid=Android
02-12 10:28:53.510 I/WifiHW  (  504): REPLY: ====
02-12 10:28:53.510 I/WifiHW  (  504): REPLY: id=421
02-12 10:28:53.510 I/WifiHW  (  504): REPLY: bssid=80:1f:02:43:fb:e8
02-12 10:28:53.510 I/WifiHW  (  504): REPLY: freq=2412
02-12 10:28:53.510 I/WifiHW  (  504): REPLY: level=-66
02-12 10:28:53.510 I/WifiHW  (  504): REPLY: tsf=0000063269683327
02-12 10:28:53.510 I/WifiHW  (  504): REPLY: flags=[WPA2-PSK-CCMP-preauth][ESS]
02-12 10:28:53.510 I/WifiHW  (  504): REPLY: ssid=Edimax AP
02-12 10:28:53.510 I/WifiHW  (  504): REPLY: ====
02-12 10:28:53.510 I/WifiHW  (  504): REPLY: id=491
02-12 10:28:53.510 I/WifiHW  (  504): REPLY: bssid=cc:34:29:2c:fb:ec
02-12 10:28:53.510 I/WifiHW  (  504): REPLY: freq=2412
02-12 10:28:53.510 I/WifiHW  (  504): REPLY: level=-67
02-12 10:28:53.510 I/WifiHW  (  504): REPLY: tsf=0000063269683336
02-12 10:28:53.510 I/WifiHW  (  504): REPLY: flags=[WPA-PSK-CCMP][WPA2-PSK-CCMP][WPS][ESS]
02-12 10:28:53.510 I/WifiHW  (  504): REPLY: ssid=linksys
02-12 10:28:53.510 I/WifiHW  (  504): REPLY: ====
02-12 10:28:53.510 I/WifiHW  (  504): REPLY: id=520
02-12 10:28:53.510 I/WifiHW  (  504): REPLY: bssid=5e:f3:70:0c:91:9a
02-12 10:28:53.510 I/WifiHW  (  504): REPLY: freq=2462
02-12 10:28:53.510 I/WifiHW  (  504): REPLY: level=-68
02-12 10:28:53.510 I/WifiHW  (  504): REPLY: tsf=0000063269683490
02-12 10:28:53.510 I/WifiHW  (  504): REPLY: flags=[WPA2-PSK-CCMP][WPS][ESS][P2P]
02-12 10:28:53.510 I/WifiHW  (  504): REPLY: ssid=DIRECT-pl-Android_7f71
02-12 10:28:53.510 I/WifiHW  (  504): REPLY: ====
02-12 10:28:53.510 I/WifiHW  (  504): REPLY: id=525
02-12 10:28:53.510 I/WifiHW  (  504): REPLY: bssid=74:e5:43:24:f4:5b
02-12 10:28:53.510 I/WifiHW  (  504): REPLY: freq=2412
02-12 10:28:53.510 I/WifiHW  (  504): REPLY: level=-68
02-12 10:28:53.510 I/WifiHW  (  504): REPLY: tsf=0000063269683344
02-12 10:28:53.510 I/WifiHW  (  504): REPLY: flags=[WPA2-PSK-CCMP][ESS]
02-12 10:28:53.510 I/WifiHW  (  504): REPLY: ssid=Dttest
02-12 10:28:53.510 I/WifiHW  (  504): REPLY: ====
02-12 10:28:53.510 I/WifiHW  (  504): REPLY: id=531
02-12 10:28:53.510 I/WifiHW  (  504): REPLY: bssid=b0:48:7a:51:ff:cc
02-12 10:28:53.510 I/WifiHW  (  504): REPLY: freq=2452
02-12 10:28:53.510 I/WifiHW  (  504): REPLY: level=-72
02-12 10:28:53.510 I/WifiHW  (  504): REPLY: tsf=0000063228468059
02-12 10:28:53.510 I/WifiHW  (  504): REPLY: flags=[WPA-PSK-CCMP][WPA2-PSK-CCMP][ESS]
02-12 10:28:53.510 I/WifiHW  (  504): REPLY: ssid=Neusoft TP
02-12 10:28:53.510 I/WifiHW  (  504): REPLY: ====
02-12 10:28:53.510 I/WifiHW  (  504): REPLY: id=535
02-12 10:28:53.510 I/WifiHW  (  504): REPLY: bssid=50:bd:5f:4b:29:92
02-12 10:28:53.510 I/WifiHW  (  504): REPLY: freq=2437
02-12 10:28:53.510 I/WifiHW  (  504): REPLY: level=-63
02-12 10:28:53.510 I/WifiHW  (  504): REPLY: tsf=0000063269683438
02-12 10:28:53.510 I/WifiHW  (  504): REPLY: flags=[ESS]
02-12 10:28:53.510 I/WifiHW  (  504): REPLY: ssid=Internet-2
02-12 10:28:53.510 I/WifiHW  (  504): REPLY: ====
02-12 10:28:53.510 I/WifiHW  (  504): REPLY: id=542
02-12 10:28:53.510 I/WifiHW  (  504): REPLY: bssid=e4:d3:32:c0:cf:a4
02-12 10:28:53.510 I/WifiHW  (  504): REPLY: freq=2437
02-12 10:28:53.510 I/WifiHW  (  504): REPLY: level=-71
02-12 10:28:53.510 I/WifiHW  (  504): REPLY: tsf=0000063269683387
02-12 10:28:53.510 I/WifiHW  (  504): REPLY: flags=[WPA2-PSK-CCMP][ESS]
02-12 10:28:53.510 I/WifiHW  (  504): REPLY: ssid=fast
02-12 10:28:53.510 I/WifiHW  (  504): REPLY: ====
02-12 10:28:53.510 I/WifiHW  (  504): REPLY: id=550
02-12 10:28:53.510 I/WifiHW  (  504): REPLY: bssid=00:0f:e2:0f:9f:c1
02-12 10:28:53.510 I/WifiHW  (  504): REPLY: freq=2462
02-12 10:28:53.510 I/WifiHW  (  504): REPLY: level=-79
02-12 10:28:53.510 I/WifiHW  (  504): REPLY: tsf=0000063269683503
02-12 10:28:53.510 I/WifiHW  (  504): REPLY: flags=[WPA-PSK-CCMP+TKIP][WPA2-PSK-CCMP+TKIP][ESS]
02-12 10:28:53.510 I/WifiHW  (  504): REPLY: ssid=321_WAN
02-12 10:28:53.510 I/WifiHW  (  504): REPLY: ====
02-12 10:28:53.510 I/WifiHW  (  504): REPLY: id=557
02-12 10:28:53.510 I/WifiHW  (  504): REPLY: bssid=6c:8b:2f:e9:d1:da
02-12 10:28:53.510 I/WifiHW  (  504): REPLY: freq=2437
02-12 10:28:53.510 I/WifiHW  (  504): REPLY: level=-42
02-12 10:28:53.510 I/WifiHW  (  504): REPLY: tsf=0000063269683357
02-12 10:28:53.510 I/WifiHW  (  504): REPLY: flags=[WPA2-PSK-CCMP][ESS]
02-12 10:28:53.510 I/WifiHW  (  504): REPLY: ssid=ZTE_AP_1640
02-12 10:28:53.510 I/WifiHW  (  504): REPLY: ====
02-12 10:28:53.510 I/WifiHW  (  504): REPLY: id=559
02-12 10:28:53.510 I/WifiHW  (  504): REPLY: bssid=22:48:9a:ac:31:7f
02-12 10:28:53.510 I/WifiHW  (  504): REPLY: freq=2437
02-12 10:28:53.510 I/WifiHW  (  504): REPLY: level=-64
02-12 10:28:53.510 I/WifiHW  (  504): REPLY: tsf=0000063269683429
02-12 10:28:53.510 I/WifiHW  (  504): REPLY: flags=[WPA2-PSK-CCMP][ESS]
02-12 10:28:53.510 I/WifiHW  (  504): REPLY: ssid=WiFi874
02-12 10:28:53.510 I/WifiHW  (  504): REPLY: ====
02-12 10:28:53.510 I/WifiHW  (  504): REPLY: id=560
02-12 10:28:53.510 I/WifiHW  (  504): REPLY: bssid=02:09:4c:1d:84:8e
02-12 10:28:53.510 I/WifiHW  (  504): REPLY: freq=2412
02-12 10:28:53.510 I/WifiHW  (  504): REPLY: level=-72
02-12 10:28:53.510 I/WifiHW  (  504): REPLY: tsf=0000063228468070
02-12 10:28:53.510 I/WifiHW  (  504): REPLY: flags=[WEP]
02-12 10:28:53.510 I/WifiHW  (  504): REPLY: ssid=DIRECT-
02-12 10:28:53.510 I/WifiHW  (  504): REPLY: ====
02-12 10:28:53.510 I/WifiHW  (  504): REPLY: id=561
02-12 10:28:53.510 I/WifiHW  (  504): REPLY: bssid=c0:a0:bb:20:3b:84
02-12 10:28:53.510 I/WifiHW  (  504): REPLY: freq=2417
02-12 10:28:53.510 I/WifiHW  (  504): REPLY: level=-74
02-12 10:28:53.510 I/WifiHW  (  504): REPLY: tsf=0000063228468015
02-12 10:28:53.510 I/WifiHW  (  504): REPLY: flags=[WPA-PSK-CCMP+TKIP][WPA2-PSK-CCMP+TKIP][WPS][ESS]
02-12 10:28:53.510 I/WifiHW  (  504): REPLY: ssid=dlink-3B84
02-12 10:28:53.510 I/WifiHW  (  504): REPLY: ====
02-12 10:28:53.510 I/WifiHW  (  504): REPLY: id=562
02-12 10:28:53.510 I/WifiHW  (  504): REPLY: bssid=c0:cb:38:7f:c9:09
02-12 10:28:53.510 I/WifiHW  (  504): REPLY: freq=2437
02-12 10:28:53.510 I/WifiHW  (  504): REPLY: level=-72
02-12 10:28:53.510 I/WifiHW  (  504): REPLY: tsf=0000063269683446
02-12 10:28:53.510 I/WifiHW  (  504): REPLY: flags=[WPA2-PSK-CCMP][ESS]
02-12 10:28:53.510 I/WifiHW  (  504): REPLY: ssid=360WiFi-7908
02-12 10:28:53.510 I/WifiHW  (  504): REPLY: ====
02-12 10:28:53.510 I/WifiHW  (  504): REPLY: id=563
02-12 10:28:53.510 I/WifiHW  (  504): REPLY: bssid=14:d6:4d:28:ef:c8
02-12 10:28:53.510 I/WifiHW  (  504): REPLY: freq=2437
02-12 10:28:53.510 I/WifiHW  (  504): REPLY: level=-73
02-12 10:28:53.510 I/WifiHW  (  504): REPLY: tsf=0000063228468048
02-12 10:28:53.510 I/WifiHW  (  504): REPLY: flags=[WPA2-PSK-CCMP][WPS][ESS]
02-12 10:28:53.510 I/WifiHW  (  504): REPLY: ssid=dlink
02-12 10:28:53.510 I/WifiHW  (  504): REPLY: ====
02-12 10:28:53.510 I/WifiHW  (  504): REPLY: id=564
02-12 10:28:53.510 I/WifiHW  (  504): REPLY: bssid=1c:65:9d:e8:79:44
02-12 10:28:53.510 I/WifiHW  (  504): REPLY: freq=2437
02-12 10:28:53.510 I/WifiHW  (  504): REPLY: level=-78
02-12 10:28:53.510 I/WifiHW  (  504): REPLY: tsf=0000063269683375
02-12 10:28:53.510 I/WifiHW  (  504): REPLY: flags=[WPA2-PSK-CCMP][ESS]
02-12 10:28:53.510 I/WifiHW  (  504): REPLY: ssid=WiFi
02-12 10:28:53.510 I/WifiHW  (  504): REPLY: ====
02-12 10:28:53.510 I/WifiHW  (  504): REPLY: id=565
02-12 10:28:53.510 I/WifiHW  (  504): REPLY: bssid=02:1a:11:fa:9e:f1
02-12 10:28:53.510 I/WifiHW  (  504): REPLY: freq=2437
02-12 10:28:53.510 I/WifiHW  (  504): REPLY: level=-75
02-12 10:28:53.510 I/WifiHW  (  504): REPLY: tsf=0000063228468028
02-12 10:28:53.510 I/WifiHW  (  504): REPLY: flags=[WPA2-PSK-CCMP][ESS]
02-12 10:28:53.510 I/WifiHW  (  504): REPLY: ssid=love U forever
02-12 10:28:53.510 I/WifiHW  (  504): REPLY: ====
02-12 10:28:53.510 I/WifiHW  (  504): REPLY: id=566
02-12 10:28:53.510 I/WifiHW  (  504): REPLY: bssid=00:25:86:5c:5e:30
02-12 10:28:53.510 I/WifiHW  (  504): REPLY: freq=2437
02-12 10:28:53.510 I/WifiHW  (  504): REPLY: level=-83
02-12 10:28:53.510 I/WifiHW  (  504): REPLY: tsf=0000063269683455
02-12 10:28:53.510 I/WifiHW  (  504): REPLY: flags=[ESS]
02-12 10:28:53.510 I/WifiHW  (  504): REPLY: ssid=internet
02-12 10:28:53.510 I/WifiHW  (  504): REPLY: ####
02-12 10:28:55.010 D/EVENT_THREAD(  183): void CEventThread::run() POLLIN event on Fd (1)
02-12 10:28:55.010 D/EVENT_THREAD(  183): void CEventThread::run() Do poll with timeout: -1
02-12 10:28:55.910 E/AndroidProtocolHandler(21056): Unable to open asset URL: file:///android_asset/www//opt/tct-webstorage-w3c-tests/webstorage/Storage_setItem_exist.html
02-12 10:28:55.910 W/BindingManager(21056): Cannot call determinedVisibility() - never saw a connection for the pid: 21056
02-12 10:28:55.950 W/BindingManager(21056): Cannot call determinedVisibility() - never saw a connection for the pid: 21056
02-12 10:28:57.940 D/EVENT_THREAD(  183): void CEventThread::run() POLLIN event on Fd (1)
02-12 10:28:57.940 D/EVENT_THREAD(  183): void CEventThread::run() Do poll with timeout: -1
02-12 10:28:57.940 I/upi_ug31xx(  166): (4976) update_capacity
02-12 10:28:57.940 I/[UPI]   (  166): <UG31/E>[UpiReadCapacity]: V=4192(4190), T=347(349-408), I=-306, C=-3(-3-0)
02-12 10:28:57.940 I/[UPI]   (  166): <UG31/E>[UpiReadCapacity]: (0x10822d5a) 3841 (3711) / 3926 (4029) = 98
02-12 10:28:57.940 I/[UPI]   (  166): <UG31/E>[UpiReadCapacity]: (0x10822d5a) 3841 (3711) / 3926 (4029) = 98
02-12 10:28:57.940 I/[UPI]   (  166): <UG31/E>[UpiReadCapacity]: (0x10822d5a) 3838 (3838) / 3926 (4029) = 98
02-12 10:28:57.940 I/[UPI]   (  166): <UG31/E>[RsocFilterCountTime]: (0x10822d5a) Step=6(364010), Full=3(364010), Lock=364010(1800000)
02-12 10:28:57.940 I/[UPI]   (  166): <UG31/E>[UpiReadCapacity]: (0x10822d5a) 3838 (3838) / 3926 (4029) = 98 (-306--306)
02-12 10:28:57.940 I/[UPI]   (  166): <UG31/E><BATT> M:normal, P:98(98-98)%, V:4187mV, C:-302mA, T:34.9C(408), S:0x10822d5a(100), R:3838mAh, F:3926mAh, Q:385mAh, CC:3, P:30.310(225-0)s, BO:7, 97:615:0-44af-9m:B001-20140514-144301 (16)
02-12 10:28:57.940 D/EVENT_THREAD(  183): void CEventThread::run() POLLIN event on Fd (1)
02-12 10:28:57.940 D/EVENT_THREAD(  183): void CEventThread::run() Do poll with timeout: -1
02-12 10:28:57.990 I/upi_ug31xx(  166): (4977) backup_data 
02-12 10:28:57.990 V/upi_ug31xx(  166): state->check_backup_count = 10
02-12 10:28:59.040 E/AndroidProtocolHandler(21056): Unable to open asset URL: file:///android_asset/www//opt/tct-webstorage-w3c-tests/webstorage/Storage_setItem_key_null.html
02-12 10:28:59.050 W/BindingManager(21056): Cannot call determinedVisibility() - never saw a connection for the pid: 21056
02-12 10:28:59.080 W/BindingManager(21056): Cannot call determinedVisibility() - never saw a connection for the pid: 21056
02-12 10:29:00.000 D/Clock   (  566): ACTION_TIME_TICK
02-12 10:29:00.000 D/Clock   (  566): update clock:10:29
02-12 10:29:00.040 D/BatteryStatsImpl(  504): noteStopWakeLocked system isFromForeground = false
02-12 10:29:02.180 E/AndroidProtocolHandler(21056): Unable to open asset URL: file:///android_asset/www//opt/tct-webstorage-w3c-tests/webstorage/Storage_setItem_key_null_value_null.html
02-12 10:29:02.180 W/BindingManager(21056): Cannot call determinedVisibility() - never saw a connection for the pid: 21056
02-12 10:29:02.220 W/BindingManager(21056): Cannot call determinedVisibility() - never saw a connection for the pid: 21056
02-12 10:29:05.320 E/AndroidProtocolHandler(21056): Unable to open asset URL: file:///android_asset/www//opt/tct-webstorage-w3c-tests/webstorage/Storage_setItem_key_undefined.html
02-12 10:29:05.320 W/BindingManager(21056): Cannot call determinedVisibility() - never saw a connection for the pid: 21056
02-12 10:29:05.350 W/BindingManager(21056): Cannot call determinedVisibility() - never saw a connection for the pid: 21056
02-12 10:29:08.440 E/AndroidProtocolHandler(21056): Unable to open asset URL: file:///android_asset/www//opt/tct-webstorage-w3c-tests/webstorage/Storage_setItem_no_argument.html
02-12 10:29:08.440 W/BindingManager(21056): Cannot call determinedVisibility() - never saw a connection for the pid: 21056
02-12 10:29:08.470 W/BindingManager(21056): Cannot call determinedVisibility() - never saw a connection for the pid: 21056
02-12 10:29:11.570 E/AndroidProtocolHandler(21056): Unable to open asset URL: file:///android_asset/www//opt/tct-webstorage-w3c-tests/webstorage/Storage_setItem_update_value.html
02-12 10:29:11.570 W/BindingManager(21056): Cannot call determinedVisibility() - never saw a connection for the pid: 21056
02-12 10:29:11.600 W/BindingManager(21056): Cannot call determinedVisibility() - never saw a connection for the pid: 21056
02-12 10:29:14.680 E/AndroidProtocolHandler(21056): Unable to open asset URL: file:///android_asset/www//opt/tct-webstorage-w3c-tests/webstorage/Storage_setItem_value_null.html
02-12 10:29:14.680 W/BindingManager(21056): Cannot call determinedVisibility() - never saw a connection for the pid: 21056
02-12 10:29:14.700 W/BindingManager(21056): Cannot call determinedVisibility() - never saw a connection for the pid: 21056
02-12 10:29:17.770 E/AndroidProtocolHandler(21056): Unable to open asset URL: file:///android_asset/www//opt/tct-webstorage-w3c-tests/webstorage/Storage_setItem_value_same.html
02-12 10:29:17.780 W/BindingManager(21056): Cannot call determinedVisibility() - never saw a connection for the pid: 21056
02-12 10:29:17.810 W/BindingManager(21056): Cannot call determinedVisibility() - never saw a connection for the pid: 21056
02-12 10:29:20.920 E/AndroidProtocolHandler(21056): Unable to open asset URL: file:///android_asset/www//opt/tct-webstorage-w3c-tests/webstorage/window_localStorage_setItem_base.html
02-12 10:29:20.930 W/BindingManager(21056): Cannot call determinedVisibility() - never saw a connection for the pid: 21056
02-12 10:29:20.960 W/BindingManager(21056): Cannot call determinedVisibility() - never saw a connection for the pid: 21056
02-12 10:29:24.040 D/BatteryStatsImpl(  504): noteStopWakeLocked system isFromForeground = false
02-12 10:29:24.050 E/AndroidProtocolHandler(21056): Unable to open asset URL: file:///android_asset/www//opt/tct-webstorage-w3c-tests/webstorage/window_localStorage_setItem_exist.html
02-12 10:29:24.060 W/BindingManager(21056): Cannot call determinedVisibility() - never saw a connection for the pid: 21056
02-12 10:29:24.070 W/BindingManager(21056): Cannot call determinedVisibility() - never saw a connection for the pid: 21056
02-12 10:29:27.160 E/AndroidProtocolHandler(21056): Unable to open asset URL: file:///android_asset/www//opt/tct-webstorage-w3c-tests/webstorage/window_localStorage_setItem_empty_string.html
02-12 10:29:27.170 W/BindingManager(21056): Cannot call determinedVisibility() - never saw a connection for the pid: 21056
02-12 10:29:27.200 W/BindingManager(21056): Cannot call determinedVisibility() - never saw a connection for the pid: 21056
02-12 10:29:28.260 D/EVENT_THREAD(  183): void CEventThread::run() POLLIN event on Fd (1)
02-12 10:29:28.260 D/EVENT_THREAD(  183): void CEventThread::run() Do poll with timeout: -1
02-12 10:29:28.260 I/upi_ug31xx(  166): (4978) update_capacity
02-12 10:29:28.260 I/[UPI]   (  166): <UG31/E>[UpiReadCapacity]: V=4190(4188), T=348(351-408), I=-303, C=-2(-2-0)
02-12 10:29:28.260 I/[UPI]   (  166): <UG31/E>[UpiReadCapacity]: (0x10822d5a) 3838 (3707) / 3926 (4029) = 98
02-12 10:29:28.260 I/[UPI]   (  166): <UG31/E>[UpiReadCapacity]: (0x10822d5a) 3838 (3707) / 3926 (4029) = 98
02-12 10:29:28.260 I/[UPI]   (  166): <UG31/E>[UpiReadCapacity]: (0x10822d5a) 3836 (3836) / 3926 (4029) = 98
02-12 10:29:28.260 I/[UPI]   (  166): <UG31/E>[RsocFilterCountTime]: (0x10822d5a) Step=6(394330), Full=3(394330), Lock=394330(1800000)
02-12 10:29:28.260 I/[UPI]   (  166): <UG31/E>[UpiReadCapacity]: (0x10822d5a) 3836 (3836) / 3926 (4029) = 98 (-303--303)
02-12 10:29:28.260 I/[UPI]   (  166): <UG31/E><BATT> M:normal, P:98(98-98)%, V:4187mV, C:-300mA, T:35.1C(408), S:0x10822d5a(100), R:3836mAh, F:3926mAh, Q:383mAh, CC:3, P:30.320(227-0)s, BO:7, 97:615:0-44af-9m:B001-20140514-144301 (16)
02-12 10:29:28.260 D/EVENT_THREAD(  183): void CEventThread::run() POLLIN event on Fd (1)
02-12 10:29:28.260 D/EVENT_THREAD(  183): void CEventThread::run() Do poll with timeout: -1
02-12 10:29:28.270 I/upi_ug31xx(  166): (4979) backup_data 
02-12 10:29:28.270 V/upi_ug31xx(  166): state->check_backup_count = 11
02-12 10:29:30.280 E/AndroidProtocolHandler(21056): Unable to open asset URL: file:///android_asset/www//opt/tct-webstorage-w3c-tests/webstorage/window_localStorage_setItem_no_argument.html
02-12 10:29:30.290 W/BindingManager(21056): Cannot call determinedVisibility() - never saw a connection for the pid: 21056
02-12 10:29:30.320 W/BindingManager(21056): Cannot call determinedVisibility() - never saw a connection for the pid: 21056
02-12 10:29:33.420 E/AndroidProtocolHandler(21056): Unable to open asset URL: file:///android_asset/www//opt/tct-webstorage-w3c-tests/webstorage/window_localStorage_setItem_no_value.html
02-12 10:29:33.420 W/BindingManager(21056): Cannot call determinedVisibility() - never saw a connection for the pid: 21056
02-12 10:29:33.430 W/BindingManager(21056): Cannot call determinedVisibility() - never saw a connection for the pid: 21056
02-12 10:29:33.510 D/wpa_supplicant(  651): wlan0: Starting AP scan for wildcard SSID
02-12 10:29:33.510 D/wpa_supplicant(  651): WPS: Building WPS IE for Probe Request
02-12 10:29:33.510 D/wpa_supplicant(  651): WPS:  * Version (hardcoded 0x10)
02-12 10:29:33.510 D/wpa_supplicant(  651): WPS:  * Request Type
02-12 10:29:33.510 D/wpa_supplicant(  651): WPS:  * Config Methods (4288)
02-12 10:29:33.510 D/wpa_supplicant(  651): WPS:  * UUID-E
02-12 10:29:33.510 D/wpa_supplicant(  651): WPS:  * Primary Device Type
02-12 10:29:33.510 D/wpa_supplicant(  651): WPS:  * RF Bands (1)
02-12 10:29:33.510 D/wpa_supplicant(  651): WPS:  * Association State
02-12 10:29:33.510 D/wpa_supplicant(  651): WPS:  * Configuration Error (0)
02-12 10:29:33.510 D/wpa_supplicant(  651): WPS:  * Device Password ID (0)
02-12 10:29:33.510 D/wpa_supplicant(  651): WPS:  * Manufacturer
02-12 10:29:33.510 D/wpa_supplicant(  651): WPS:  * Model Name
02-12 10:29:33.510 D/wpa_supplicant(  651): WPS:  * Model Number
02-12 10:29:33.510 D/wpa_supplicant(  651): WPS:  * Device Name
02-12 10:29:33.510 D/wpa_supplicant(  651): WPS:  * Version2 (0x20)
02-12 10:29:33.510 D/wpa_supplicant(  651): P2P: * P2P IE header
02-12 10:29:33.510 D/wpa_supplicant(  651): P2P: * Capability dev=25 group=00
02-12 10:29:33.510 D/wpa_supplicant(  651): P2P: * Listen Channel: Regulatory Class 81 Channel 11
02-12 10:29:33.510 D/wpa_supplicant(  651): wlan0: nl80211: scan request
02-12 10:29:33.560 D/wpa_supplicant(  651): Scan requested (ret=0) - scan timeout 30 seconds
02-12 10:29:33.560 D/wpa_supplicant(  651): nl80211: Drv Event 33 (NL80211_CMD_TRIGGER_SCAN) received for wlan0
02-12 10:29:33.560 D/wpa_supplicant(  651): wlan0: nl80211: Scan trigger
02-12 10:29:34.680 D/wpa_supplicant(  651): RTM_NEWLINK: operstate=0 ifi_flags=0x11003 ([UP][LOWER_UP])
02-12 10:29:34.680 D/wpa_supplicant(  651): RTM_NEWLINK, IFLA_IFNAME: Interface 'wlan0' added
02-12 10:29:34.680 D/wpa_supplicant(  651): nl80211: if_removed already cleared - ignore event
02-12 10:29:34.680 D/wpa_supplicant(  651): nl80211: Drv Event 34 (NL80211_CMD_NEW_SCAN_RESULTS) received for wlan0
02-12 10:29:34.680 D/wpa_supplicant(  651): wlan0: nl80211: New scan results available
02-12 10:29:34.680 D/wpa_supplicant(  651): wlan0: Event SCAN_RESULTS (3) received
02-12 10:29:34.680 D/wpa_supplicant(  651): nl80211: Received scan results (26 BSSes)
02-12 10:29:34.680 D/wpa_supplicant(  651): nl80211: Survey data missing
02-12 10:29:34.690 D/wpa_supplicant(  651): wlan0: BSS: Start scan result update 237
02-12 10:29:34.690 D/wpa_supplicant(  651): wlan0: BSS: Add new id 567 BSSID 8c:be:be:01:00:49 SSID 'mw'
02-12 10:29:34.690 D/wpa_supplicant(  651): CTRL_IFACE monitor send - hexdump(len=39): 2f 64 61 74 61 2f 6d 69 73 63 2f 77 69 66 69 2f 73 6f 63 6b 65 74 73 2f 77 70 61 5f 63 74 72 6c ...
02-12 10:29:34.690 D/wpa_supplicant(  651): wlan0: BSS: Add new id 568 BSSID 02:09:4c:74:b1:e3 SSID 'DIRECT-'
02-12 10:29:34.690 D/wpa_supplicant(  651): CTRL_IFACE monitor send - hexdump(len=39): 2f 64 61 74 61 2f 6d 69 73 63 2f 77 69 66 69 2f 73 6f 63 6b 65 74 73 2f 77 70 61 5f 63 74 72 6c ...
02-12 10:29:34.690 D/wpa_supplicant(  651): wlan0: BSS: Add new id 569 BSSID e4:d3:32:dd:18:62 SSID 'Internet'
02-12 10:29:34.690 D/wpa_supplicant(  651): CTRL_IFACE monitor send - hexdump(len=39): 2f 64 61 74 61 2f 6d 69 73 63 2f 77 69 66 69 2f 73 6f 63 6b 65 74 73 2f 77 70 61 5f 63 74 72 6c ...
02-12 10:29:34.690 D/wpa_supplicant(  651): wlan0: BSS: Remove id 531 BSSID b0:48:7a:51:ff:cc SSID 'Neusoft TP' due to no match in scan
02-12 10:29:34.690 D/wpa_supplicant(  651): CTRL_IFACE monitor send - hexdump(len=39): 2f 64 61 74 61 2f 6d 69 73 63 2f 77 69 66 69 2f 73 6f 63 6b 65 74 73 2f 77 70 61 5f 63 74 72 6c ...
02-12 10:29:34.690 D/wpa_supplicant(  651): wlan0: BSS: Remove id 565 BSSID 02:1a:11:fa:9e:f1 SSID 'love U forever' due to no match in scan
02-12 10:29:34.690 D/wpa_supplicant(  651): CTRL_IFACE monitor send - hexdump(len=39): 2f 64 61 74 61 2f 6d 69 73 63 2f 77 69 66 69 2f 73 6f 63 6b 65 74 73 2f 77 70 61 5f 63 74 72 6c ...
02-12 10:29:34.690 D/wpa_supplicant(  651): BSS: last_scan_res_used=26/32 last_scan_full=0
02-12 10:29:34.690 D/wpa_supplicant(  651): wlan0: New scan results available
02-12 10:29:34.690 D/wpa_supplicant(  651): CTRL_IFACE monitor send - hexdump(len=39): 2f 64 61 74 61 2f 6d 69 73 63 2f 77 69 66 69 2f 73 6f 63 6b 65 74 73 2f 77 70 61 5f 63 74 72 6c ...
02-12 10:29:34.690 D/wpa_supplicant(  651): CTRL_IFACE monitor send - hexdump(len=39): 2f 64 61 74 61 2f 6d 69 73 63 2f 77 69 66 69 2f 73 6f 63 6b 65 74 73 2f 77 70 61 5f 63 74 72 6c ...
02-12 10:29:34.690 D/wpa_supplicant(  651): Authorize channel 1
02-12 10:29:34.690 D/wpa_supplicant(  651): Authorize channel 2
02-12 10:29:34.690 D/wpa_supplicant(  651): Authorize channel 3
02-12 10:29:34.690 D/wpa_supplicant(  651): Authorize channel 4
02-12 10:29:34.690 D/wpa_supplicant(  651): Authorize channel 5
02-12 10:29:34.690 D/wpa_supplicant(  651): Authorize channel 6
02-12 10:29:34.690 D/wpa_supplicant(  651): Authorize channel 7
02-12 10:29:34.690 D/wpa_supplicant(  651): Authorize channel 8
02-12 10:29:34.690 D/wpa_supplicant(  651): Authorize channel 9
02-12 10:29:34.690 D/wpa_supplicant(  651): Authorize channel 10
02-12 10:29:34.690 D/wpa_supplicant(  651): Authorize channel 11
02-12 10:29:34.690 D/wpa_supplicant(  651): Authorize channel 12
02-12 10:29:34.690 D/wpa_supplicant(  651): Authorize channel 13
02-12 10:29:34.690 D/wpa_supplicant(  651): Authorize channel 1
02-12 10:29:34.690 D/wpa_supplicant(  651): Authorize channel 2
02-12 10:29:34.690 D/wpa_supplicant(  651): Authorize channel 3
02-12 10:29:34.690 D/wpa_supplicant(  651): Authorize channel 4
02-12 10:29:34.690 D/wpa_supplicant(  651): Authorize channel 5
02-12 10:29:34.690 D/wpa_supplicant(  651): Authorize channel 6
