02-11 18:32:18.166 W/ContextImpl( 3773): Implicit intents with startService are not safe: Intent { act=sina.mobile.tianqitong.action.startservice.update_widget_clock } android.content.ContextWrapper.startService:494 android.content.ContextWrapper.startService:494 sina.mobile.tianqitong.appwidget.TQTReciever.onReceive:42 
02-11 18:32:18.176 E/DatabaseUtils( 1095): Writing exception to parcel
02-11 18:32:18.176 E/DatabaseUtils( 1095): java.lang.SecurityException: No permission to write APN settings: Neither user 10198 nor current process has android.permission.WRITE_APN_SETTINGS.
02-11 18:32:18.176 E/DatabaseUtils( 1095): 	at android.app.ContextImpl.enforce(ContextImpl.java:1693)
02-11 18:32:18.176 E/DatabaseUtils( 1095): 	at android.app.ContextImpl.enforceCallingOrSelfPermission(ContextImpl.java:1722)
02-11 18:32:18.176 E/DatabaseUtils( 1095): 	at com.android.providers.telephony.TelephonyProvider.checkPermission(TelephonyProvider.java:735)
02-11 18:32:18.176 E/DatabaseUtils( 1095): 	at com.android.providers.telephony.TelephonyProvider.query(TelephonyProvider.java:462)
02-11 18:32:18.176 E/DatabaseUtils( 1095): 	at android.content.ContentProvider.query(ContentProvider.java:857)
02-11 18:32:18.176 E/DatabaseUtils( 1095): 	at android.content.ContentProvider$Transport.query(ContentProvider.java:200)
02-11 18:32:18.176 E/DatabaseUtils( 1095): 	at android.content.ContentProviderNative.onTransact(ContentProviderNative.java:112)
02-11 18:32:18.176 E/DatabaseUtils( 1095): 	at android.os.Binder.execTransact(Binder.java:404)
02-11 18:32:18.186 W/ContextImpl( 3818): Implicit intents with startService are not safe: Intent { act=com.youku.pushsdk.pushservice.ACTION_NET_CHANGE (has extras) } android.content.ContextWrapper.startService:494 android.content.ContextWrapper.startService:494 com.youku.pushsdk.receiver.YoukuMyPushServiceReceiver.onReceive:48 
02-11 18:32:18.206 D/MSF.C.NetConnInfoCenter( 1564): [E]currentAPN:3gnet. received networkInfo: CONNECTED :NetworkInfo: type: mobile[HSPA+], state: CONNECTED/CONNECTED, reason: connected, extra: 3gnet, roaming: false, failover: false, isAvailable: true, isConnectedToProvisioningNetwork: false. extra NetworkInfo: NetworkInfo: type: mobile_hipri[HSPA+], state: CONNECTED/CONNECTED, reason: dataEnabled, extra: 3gnet, roaming: false, failover: false, isAvailable: true, isConnectedToProvisioningNetwork: false
02-11 18:32:18.236 V/SystemUpdateService( 1192): retry (wakeup: false) in 3599930 ms
02-11 18:32:18.236 D/SystemUpdateService( 1192): onDestroy
02-11 18:32:18.286 W/art     (  183): Could not get current activity
02-11 18:32:18.296 I/ActivityManager(  774): Start proc com.google.android.email for broadcast com.google.android.email/com.android.email.provider.WidgetProvider: pid=4036 uid=10036 gids={50036, 3003, 1028, 1015}
02-11 18:32:18.346 W/art     ( 4036): Failed to find ELF magic in /system/app/EmailGoogle.odex: dey
02-11 18:32:18.386 I/rmt_storage(  178): rmt_storage_connect_cb: clnt_h=0x7 conn_h=0xb8d40160
02-11 18:32:18.386 I/rmt_storage(  178): rmt_storage_rw_iovec_cb: /boot/modem_fs1: clnt_h=0x1: req_h=0xb msg_id=3: R/W request received
02-11 18:32:18.386 I/rmt_storage(  178): wakelock acquired: 1, error no: 2
02-11 18:32:18.386 I/rmt_storage(  178): rmt_storage_client_thread: /boot/modem_fs1: clnt_h=0x1 Unblock worker thread (th_id: -1194066224)
02-11 18:32:18.436 D/ActivityThread( 4036): Loading provider com.google.android.email.provider;com.google.android.email.notifier: com.android.email.provider.EmailProvider
02-11 18:32:18.486 I/rmt_storage(  178): rmt_storage_client_thread: /boot/modem_fs1: clnt_h=0x1: req_h=0xb msg_id=3: Bytes written = 1572864
02-11 18:32:18.486 I/rmt_storage(  178): rmt_storage_client_thread: /boot/modem_fs1: clnt_h=0x1: req_h=0xb msg_id=3: Send response: res=0 err=0
02-11 18:32:18.486 I/rmt_storage(  178): rmt_storage_client_thread: /boot/modem_fs1: clnt_h=0x1 About to block rmt_storage client thread (th_id: -1194066224) wakelock released: 1, error no: 0
02-11 18:32:18.486 I/rmt_storage(  178): 
02-11 18:32:18.486 I/rmt_storage(  178): rmt_storage_disconnect_cb: clnt_h=0x0x7 conn_h=0x0xb8d40160
02-11 18:32:18.516 D/ActivityThread( 4036): Loading provider com.google.android.email.provider;com.google.android.email.notifier: com.android.email.provider.EmailProvider
02-11 18:32:18.516 D/ActivityThread( 4036): Loading provider com.google.android.email.provider;com.google.android.email.notifier: com.android.email.provider.EmailProvider
02-11 18:32:18.586 I/ActivityManager(  774): Start proc com.google.android.gm for broadcast com.google.android.gm/.MailIntentReceiver: pid=4069 uid=10041 gids={50041, 3003, 1028, 1015}
02-11 18:32:18.586 I/ActivityManager(  774): Killing 2409:com.google.android.keep/u0a52 (adj 15): empty #17
02-11 18:32:18.606 W/ActivityManager(  774): Unable to start service Intent { cmp=com.google.android.email/com.android.email.service.AttachmentDownloadService } U=0: not found
02-11 18:32:18.616 I/Email   ( 4036): Observing account changes for notifications
02-11 18:32:18.636 W/art     ( 4069): Failed to find ELF magic in /system/app/Gmail2.odex: dey
02-11 18:32:18.646 W/ActivityManager(  774): Unable to start service Intent { cmp=com.google.android.email/com.android.email.service.AttachmentDownloadService } U=0: not found
02-11 18:32:18.656 W/ActivityManager(  774): Unable to start service Intent { cmp=com.google.android.email/com.android.email.service.AttachmentDownloadService } U=0: not found
02-11 18:32:18.656 W/ActivityManager(  774): Unable to start service Intent { cmp=com.google.android.email/com.android.email.service.AttachmentDownloadService } U=0: not found
02-11 18:32:18.696 D/ActivityThread( 4069): Loading provider com.android.gmail.ui: com.google.android.gm.provider.GmailProvider
02-11 18:32:18.856 W/GAV2    ( 4069): Thread[main,5,main]: Need to call initialize() and be in fallback mode to start dispatch.
02-11 18:32:18.886 I/ActivityManager(  774): Delay finish: com.google.android.gm/.MailIntentReceiver
02-11 18:32:18.916 I/ActivityManager(  774): Resuming delayed broadcast
02-11 18:32:18.926 I/ActivityManager(  774): Delay finish: com.google.android.talk/com.google.android.apps.babel.realtimechat.RealTimeChatService$AlarmReceiver
02-11 18:32:19.016 I/Gmail   ( 4069): calculateUnknownSyncRationalesAndPurgeInBackground: exiting (labelMap not synced
02-11 18:32:19.026 I/Gmail   ( 4069): calculateUnknownSyncRationalesAndPurgeInBackground: exiting (labelMap not synced
02-11 18:32:19.046 I/ActivityManager(  774): Resuming delayed broadcast
02-11 18:32:19.046 I/ActivityManager(  774): Delay finish: com.google.android.talk/com.google.android.apps.babel.realtimechat.RealTimeChatService$AlarmReceiver
02-11 18:32:19.066 E/Gmail.LabelManager( 4069): Unable to get label ^i for account wojiuainm111111@gmail.com
02-11 18:32:19.066 E/Gmail   ( 4069): Couldn't find label: ^i
02-11 18:32:19.076 I/ActivityManager(  774): Resuming delayed broadcast
02-11 18:32:19.096 E/Gmail.LabelManager( 4069): Unable to get label ^i for account wojiuainm111111@gmail.com
02-11 18:32:19.096 E/Gmail   ( 4069): Couldn't find label: ^i
02-11 18:32:19.176 I/ActivityManager(  774): Killing 3502:com.google.android.music:main/u0a58 (adj 15): empty #17
02-11 18:32:19.186 F/ActivityManager(  774): Service ServiceRecord{65c0abb0 u0 com.google.android.music/.net.NetworkMonitor} in process ProcessRecord{6601d4d8 3502:com.google.android.music:main/u0a58} not same as in map: null
02-11 18:32:19.226 F/ActivityManager(  774): Service ServiceRecord{65c09938 u0 com.google.android.music/.preferences.MusicPreferenceService$MusicPreferenceServiceBinder} in process ProcessRecord{6601d4d8 3502:com.google.android.music:main/u0a58} not same as in map: null
02-11 18:32:19.306 W/ContextImpl( 3773): Implicit intents with startService are not safe: Intent { act=com.sina.push.tqt.ACTION_SWITCH_CHANNEL (has extras) } android.content.ContextWrapper.startService:494 android.content.ContextWrapper.startService:494 com.sina.tianqitong.service.receiver.PushReceiver.onReceive:36 
02-11 18:32:19.316 I/ActivityManager(  774): Delay finish: sina.mobile.tianqitong/com.sina.tianqitong.service.receiver.PushReceiver
02-11 18:32:19.316 E/ActivityThread( 1192): Failed to find provider info for downloads
02-11 18:32:19.326 W/ContextImpl( 3773): Implicit intents with startService are not safe: Intent { act=sina.push.action.service.1003 (has extras) } android.content.ContextWrapper.startService:494 com.sina.push.c.a:231 com.sina.push.c.a:79 
02-11 18:32:19.326 I/ActivityManager(  774): Resuming delayed broadcast
02-11 18:32:19.346 I/ActivityManager(  774): Start proc android.process.acore for broadcast com.android.providers.contacts/.PackageIntentReceiver: pid=4132 uid=10003 gids={50003, 3003, 1028, 1015}
02-11 18:32:19.396 W/art     ( 4132): Failed to find ELF magic in /system/priv-app/ContactsProvider.odex: dey
02-11 18:32:19.436 W/art     ( 4132): Failed to find ELF magic in /system/app/UserDictionaryProvider.odex: dey
02-11 18:32:19.456 E/ActivityThread( 1192): Failed to find provider info for downloads
02-11 18:32:19.456 E/ActivityThread( 1192): Failed to find provider info for downloads
02-11 18:32:19.506 I/ActivityManager(  774): Killing 3441:com.tencent.mm/u0a160 (adj 15): empty #17
02-11 18:32:19.536 I/Icing.InternalIcingCorporaProvider( 2898): Updating corpora: A: com.android.stk, C: MAYBE
02-11 18:32:19.536 I/ActivityManager(  774): Delay finish: com.google.android.googlequicksearchbox/com.google.android.search.core.summons.icing.InternalIcingCorporaProvider$CorporaChangedReceiver
02-11 18:32:19.616 I/ContactLocale( 4132): AddressBook Labels [en_US]: [, A, B, C, D, E, F, G, H, I, J, K, L, M, N, O, P, Q, R, S, T, U, V, W, X, Y, Z, , , , , , , , , , , , , , , , , , , , , , , , , , , , , , , , , , , , , , , , , , , , , , , , , , , , , , , , , , , , , , , , , , , , , , , , , , , , , , , , , , , , , , , , , , , , , , , , , , , , , , , , , , , , , , , , , , , , , , , , , , , , , , , , , , , , , , , , , , , , , , , , , , , , , , , , , , , , , , , , , , , , , , , , , , , , , , , , , , , , , , #, ]
02-11 18:32:19.786 W/ContextImpl( 3773): Implicit intents with startService are not safe: Intent { act=sina.push.action.service.null (has extras) } android.content.ContextWrapper.startService:494 android.content.ContextWrapper.startService:494 com.sina.push.b.d$1.run:37 
02-11 18:32:19.786 W/ActivityManager(  774): Unable to start service Intent { act=sina.push.action.service.null (has extras) } U=0: not found
02-11 18:32:19.946 I/Icing.InternalIcingCorporaProvider( 2898): UpdateCorporaTask done [took 409 ms] updated apps [took 409 ms] 
02-11 18:32:19.946 I/ActivityManager(  774): Resuming delayed broadcast
02-11 18:32:19.956 W/Launcher( 1155): setApplicationContext called twice! old=com.google.android.velvet.VelvetApplication@6561dcd0 new=com.google.android.velvet.VelvetApplication@6561dcd0
02-11 18:32:19.956 E/WindowManager(  774): Starting window AppWindowToken{660692f8 token=Token{65dfb260 ActivityRecord{65c0a670 u0 org.xwalk.webapi_noneservice_tests/.webapi_noneservice_tests t4}}} timed out
02-11 18:32:19.966 I/ActivityManager(  774): Delay finish: com.google.android.apps.plus/.service.PackagesMediaMonitor
02-11 18:32:19.976 I/ActivityManager(  774): Resuming delayed broadcast
02-11 18:32:19.986 D/PackageBroadcastService( 1192): Received broadcast action=android.intent.action.PACKAGE_CHANGED and uri=com.android.stk
02-11 18:32:19.996 I/Kids    ( 1192): [CommonUtils] disabled. skipping.
02-11 18:32:20.006 W/ContextImpl( 3773): Implicit intents with startService are not safe: Intent { act=sina.mobile.tianqitong.action.startservice.update_widget_clock } android.content.ContextWrapper.startService:494 android.content.ContextWrapper.startService:494 sina.mobile.tianqitong.appwidget.TQTReciever.onReceive:42 
02-11 18:32:20.046 I/PeopleContactsSync( 1192): CP2 sync disabled
02-11 18:32:20.046 I/ActivityManager(  774): Start proc com.estrongs.android.pop for broadcast com.estrongs.android.pop/.app.StartServiceReceiver: pid=4168 uid=10199 gids={50199, 3003, 3002, 3001, 1028, 1015}
02-11 18:32:20.186 E/ObjectHelper( 4168): Can't find method:setCompatibilityInfo
02-11 18:32:20.246 D/am      ( 4168): Refresh storage info done.21
02-11 18:32:20.366 I/ActivityManager(  774): Killing 3536:com.google.android.calendar/u0a28 (adj 15): empty #17
02-11 18:32:20.396 I/ActivityManager(  774): Delay finish: com.google.android.talk/com.google.android.apps.babel.realtimechat.RealTimeChatService$AlarmReceiver
02-11 18:32:20.396 I/ActivityManager(  774): Resuming delayed broadcast
02-11 18:32:20.426 W/art     (  183): Could not get current activity
02-11 18:32:20.446 D/ConnectivityService(  774): [CheckMp] isMobileOk: HttpURLConnection Exceptionjava.net.SocketTimeoutException: failed to connect to /74.125.235.233 (port 80) after 5000ms
02-11 18:32:20.456 I/ActivityManager(  774): Start proc com.google.android.calendar for broadcast com.google.android.calendar/com.android.calendar.alerts.AlertReceiver: pid=4192 uid=10028 gids={50028, 3003}
02-11 18:32:20.586 W/art     ( 4192): Failed to find ELF magic in /system/app/CalendarGoogle.odex: dey
02-11 18:32:20.616 D/AlertReceiver( 4192): onReceive: a=android.intent.action.PROVIDER_CHANGED Intent { act=android.intent.action.PROVIDER_CHANGED dat=content://com.android.calendar flg=0x10 cmp=com.google.android.calendar/com.android.calendar.alerts.AlertReceiver }
02-11 18:32:20.616 I/ActivityManager(  774): Delay finish: com.google.android.calendar/com.android.calendar.alerts.AlertReceiver
02-11 18:32:20.626 D/AlertService( 4192): 0 Action = android.intent.action.PROVIDER_CHANGED
02-11 18:32:20.826 W/ActivityManager(  774): Activity destroy timeout for ActivityRecord{65c0a670 u0 org.xwalk.webapi_noneservice_tests/.webapi_noneservice_tests t4 f}
02-11 18:32:20.956 I/Icing   ( 1192): Indexing C54E6662F6A781ED5E6E537162AD7310D26D391A from com.google.android.googlequicksearchbox
02-11 18:32:20.996 D/Icing   ( 1192): Loaded CLD2 Version V2.0 - 20140131
02-11 18:32:21.066 I/art     ( 1192): Heap trim of managed (duration=4.877656ms, advised=444KB) and native (duration=2.328542ms, advised=0B) heaps. Managed heap utilization of 69%.
02-11 18:32:21.106 I/Icing   ( 1192): Indexing done C54E6662F6A781ED5E6E537162AD7310D26D391A
02-11 18:32:21.506 V/QcrilMsgTunnelSocket( 2457): After reading offset = 0 remaining = 4 countRead = 4
02-11 18:32:21.506 D/QcrilMsgTunnelSocket( 2457): messageLength extracted from first 4 inputStream reads = 29
02-11 18:32:21.506 V/QcrilMsgTunnelSocket( 2457): offset = 0 remaining = 29 countRead = 0
02-11 18:32:21.506 V/QcrilMsgTunnelSocket( 2457): offset = 0 remaining = 29 countRead = 29
02-11 18:32:21.516 D/QcrilMsgTunnelSocket( 2457): readRilMessage: Buffer = [B@65583b50 HexData = [0100000004040000110000005155414c434f4d4def0308000100000003]
02-11 18:32:21.516 V/QcrilMsgTunnelSocket( 2457): Read packet: 29 bytes. Data Available = 32 Position = 0
02-11 18:32:21.516 D/QcrilMsgTunnelSocket( 2457): processResponse. message type = 1. Data Available = 28
02-11 18:32:21.516 D/QcrilMsgTunnelSocket( 2457): ByteArray from parcel = 5155414c434f4d4def0308000100000003
02-11 18:32:21.516 D/QcrilMsgTunnelSocket( 2457): Received RIL_UNSOL_OEM_HOOK_RAW message
02-11 18:32:21.516 D/QcrilMsgTunnelSocket( 2457): Oem ID in RIL_UNSOL_OEM_HOOK_RAW is QUALCOMM
02-11 18:32:21.516 D/QcrilMsgTunnelSocket( 2457): OEM ID check Passed
02-11 18:32:21.516 D/QcrilMsgTunnelSocket( 2457): Response ID in RIL_UNSOL_OEM_HOOK_RAW is 525295
02-11 18:32:21.526 D/QcrilMsgTunnelSocket( 2457): Response ID 525295is not served in this process.
02-11 18:32:21.526 D/QcrilMsgTunnelSocket( 2457): To broadcast an Intent via the notifier to external apps
02-11 18:32:21.526 V/QcrilMsgTunnelSocket( 2457): Before reading offset = 0 remaining = 4 countRead = 0
02-11 18:32:21.526 V/QcrilMsgTunnelSocket( 2457): After reading offset = 0 remaining = 4 countRead = 4
02-11 18:32:21.526 D/QcrilMsgTunnelIfaceManager( 2457): handleMessage what=0
02-11 18:32:21.526 D/QcrilMsgTunnelIfaceManager( 2457): Broadcasting intent ACTION_UNSOL_RESPONSE_OEM_HOOK_RAW
02-11 18:32:21.526 D/QcrilMsgTunnelSocket( 2457): messageLength extracted from first 4 inputStream reads = 29
02-11 18:32:21.526 V/QcrilMsgTunnelSocket( 2457): offset = 0 remaining = 29 countRead = 0
02-11 18:32:21.526 V/QcrilMsgTunnelSocket( 2457): offset = 0 remaining = 29 countRead = 29
02-11 18:32:21.526 D/QcrilMsgTunnelSocket( 2457): readRilMessage: Buffer = [B@65583b50 HexData = [0100000004040000110000005155414c434f4d4def0308000100000003]
02-11 18:32:21.526 V/QcrilMsgTunnelSocket( 2457): Read packet: 29 bytes. Data Available = 32 Position = 0
02-11 18:32:21.526 D/QcrilMsgTunnelSocket( 2457): processResponse. message type = 1. Data Available = 28
02-11 18:32:21.526 D/QcrilMsgTunnelSocket( 2457): ByteArray from parcel = 5155414c434f4d4def0308000100000003
02-11 18:32:21.526 D/QcrilMsgTunnelSocket( 2457): Received RIL_UNSOL_OEM_HOOK_RAW message
02-11 18:32:21.526 D/QcrilMsgTunnelSocket( 2457): Oem ID in RIL_UNSOL_OEM_HOOK_RAW is QUALCOMM
02-11 18:32:21.526 D/QcrilMsgTunnelSocket( 2457): OEM ID check Passed
02-11 18:32:21.526 D/QcrilMsgTunnelSocket( 2457): Response ID in RIL_UNSOL_OEM_HOOK_RAW is 525295
02-11 18:32:21.526 D/QcrilMsgTunnelSocket( 2457): Response ID 525295is not served in this process.
02-11 18:32:21.536 D/QcrilMsgTunnelSocket( 2457): To broadcast an Intent via the notifier to external apps
02-11 18:32:21.536 D/QcrilMsgTunnelIfaceManager( 2457): handleMessage what=0
02-11 18:32:21.536 D/QcrilMsgTunnelIfaceManager( 2457): Broadcasting intent ACTION_UNSOL_RESPONSE_OEM_HOOK_RAW
02-11 18:32:21.536 V/QcrilMsgTunnelSocket( 2457): Before reading offset = 0 remaining = 4 countRead = 0
02-11 18:32:21.536 D/AlarmManagerService(  774): Kernel timezone updated to -480 minutes west of GMT
02-11 18:32:21.546 D/MobileDataStateTracker(  774): hipri: Broadcast received: android.intent.action.ANY_DATA_STATE apnType=hipri
02-11 18:32:21.556 D/MobileDataStateTracker(  774): hipri: Received state=CONNECTED, old=CONNECTED, reason=(unspecified)
02-11 18:32:21.556 D/MobileDataStateTracker(  774): default: Broadcast received: android.intent.action.ANY_DATA_STATE apnType=default
02-11 18:32:21.556 D/MobileDataStateTracker(  774): default: Received state=CONNECTED, old=CONNECTED, reason=(unspecified)
02-11 18:32:22.716 V/QcrilMsgTunnelSocket( 2457): After reading offset = 0 remaining = 4 countRead = 4
02-11 18:32:22.726 D/QcrilMsgTunnelSocket( 2457): messageLength extracted from first 4 inputStream reads = 29
02-11 18:32:22.726 V/QcrilMsgTunnelSocket( 2457): offset = 0 remaining = 29 countRead = 0
02-11 18:32:22.726 V/QcrilMsgTunnelSocket( 2457): offset = 0 remaining = 29 countRead = 29
02-11 18:32:22.726 D/QcrilMsgTunnelSocket( 2457): readRilMessage: Buffer = [B@65583b50 HexData = [0100000004040000110000005155414c434f4d4def0308000100000003]
02-11 18:32:22.726 V/QcrilMsgTunnelSocket( 2457): Read packet: 29 bytes. Data Available = 32 Position = 0
02-11 18:32:22.726 D/QcrilMsgTunnelSocket( 2457): processResponse. message type = 1. Data Available = 28
02-11 18:32:22.726 D/QcrilMsgTunnelSocket( 2457): ByteArray from parcel = 5155414c434f4d4def0308000100000003
02-11 18:32:22.726 D/QcrilMsgTunnelSocket( 2457): Received RIL_UNSOL_OEM_HOOK_RAW message
02-11 18:32:22.726 D/QcrilMsgTunnelSocket( 2457): Oem ID in RIL_UNSOL_OEM_HOOK_RAW is QUALCOMM
02-11 18:32:22.726 D/QcrilMsgTunnelSocket( 2457): OEM ID check Passed
02-11 18:32:22.726 D/QcrilMsgTunnelSocket( 2457): Response ID in RIL_UNSOL_OEM_HOOK_RAW is 525295
02-11 18:32:22.726 D/QcrilMsgTunnelSocket( 2457): Response ID 525295is not served in this process.
02-11 18:32:22.726 D/QcrilMsgTunnelSocket( 2457): To broadcast an Intent via the notifier to external apps
02-11 18:32:22.726 V/QcrilMsgTunnelSocket( 2457): Before reading offset = 0 remaining = 4 countRead = 0
02-11 18:32:22.726 D/QcrilMsgTunnelIfaceManager( 2457): handleMessage what=0
02-11 18:32:22.736 D/QcrilMsgTunnelIfaceManager( 2457): Broadcasting intent ACTION_UNSOL_RESPONSE_OEM_HOOK_RAW
02-11 18:32:23.086 V/QcrilMsgTunnelSocket( 2457): After reading offset = 0 remaining = 4 countRead = 4
02-11 18:32:23.126 D/AlarmManagerService(  774): Kernel timezone updated to -480 minutes west of GMT
02-11 18:32:23.136 D/MobileDataStateTracker(  774): hipri: Broadcast received: android.intent.action.ANY_DATA_STATE apnType=hipri
02-11 18:32:23.136 D/MobileDataStateTracker(  774): hipri: Received state=CONNECTED, old=CONNECTED, reason=(unspecified)
02-11 18:32:23.166 D/MobileDataStateTracker(  774): default: Broadcast received: android.intent.action.ANY_DATA_STATE apnType=default
02-11 18:32:23.166 D/QcrilMsgTunnelSocket( 2457): messageLength extracted from first 4 inputStream reads = 29
02-11 18:32:23.166 V/QcrilMsgTunnelSocket( 2457): offset = 0 remaining = 29 countRead = 0
02-11 18:32:23.166 V/QcrilMsgTunnelSocket( 2457): offset = 0 remaining = 29 countRead = 29
02-11 18:32:23.166 D/QcrilMsgTunnelSocket( 2457): readRilMessage: Buffer = [B@65583b50 HexData = [0100000004040000110000005155414c434f4d4def0308000100000003]
02-11 18:32:23.166 V/QcrilMsgTunnelSocket( 2457): Read packet: 29 bytes. Data Available = 32 Position = 0
02-11 18:32:23.166 D/QcrilMsgTunnelSocket( 2457): processResponse. message type = 1. Data Available = 28
02-11 18:32:23.166 D/QcrilMsgTunnelSocket( 2457): ByteArray from parcel = 5155414c434f4d4def0308000100000003
02-11 18:32:23.166 D/QcrilMsgTunnelSocket( 2457): Received RIL_UNSOL_OEM_HOOK_RAW message
02-11 18:32:23.166 D/QcrilMsgTunnelSocket( 2457): Oem ID in RIL_UNSOL_OEM_HOOK_RAW is QUALCOMM
02-11 18:32:23.166 D/QcrilMsgTunnelSocket( 2457): OEM ID check Passed
02-11 18:32:23.166 D/QcrilMsgTunnelSocket( 2457): Response ID in RIL_UNSOL_OEM_HOOK_RAW is 525295
02-11 18:32:23.166 D/QcrilMsgTunnelSocket( 2457): Response ID 525295is not served in this process.
02-11 18:32:23.166 D/QcrilMsgTunnelSocket( 2457): To broadcast an Intent via the notifier to external apps
02-11 18:32:23.166 V/QcrilMsgTunnelSocket( 2457): Before reading offset = 0 remaining = 4 countRead = 0
02-11 18:32:23.166 D/QcrilMsgTunnelIfaceManager( 2457): handleMessage what=0
02-11 18:32:23.166 D/QcrilMsgTunnelIfaceManager( 2457): Broadcasting intent ACTION_UNSOL_RESPONSE_OEM_HOOK_RAW
02-11 18:32:23.166 D/MobileDataStateTracker(  774): default: Received state=CONNECTED, old=CONNECTED, reason=(unspecified)
02-11 18:32:23.456 D/ConnectivityService(  774): [CheckMp] isMobileOk: too many loops tried - giving up
02-11 18:32:23.456 D/ConnectivityService(  774): [CheckMp] isMobileOk: X loops|timed out result=3
02-11 18:32:23.456 D/ConnectivityService(  774): [CheckMp] isMobileOk: F stop hipri
02-11 18:32:23.456 D/MobileDataStateTracker(  774): default: setEnableFailFastMobileData(enabled=0)
02-11 18:32:23.466 D/ConnectivityService(  774): stopUsingNetworkFeature: teardown net 0: enableHIPRI
02-11 18:32:23.476 D/MobileDataStateTracker(  774): hipri: Broadcast received: android.intent.action.ANY_DATA_STATE apnType=hipri
02-11 18:32:23.476 D/MobileDataStateTracker(  774): hipri: Received state=DISCONNECTED, old=CONNECTED, reason=dataDisabled
02-11 18:32:23.476 D/MobileDataStateTracker(  774): hipri: setDetailed state, old =CONNECTED and new state=DISCONNECTED
02-11 18:32:23.476 D/ConnectivityService(  774): ConnectivityChange for mobile_hipri: DISCONNECTED/DISCONNECTED
02-11 18:32:23.576 D/Nat464Xlat(  774): requiresClat: netType=5, hasIPv4Address=true
02-11 18:32:23.586 D/MobileDataStateTracker(  774): default: setPolicyDataEnable(enabled=true)
02-11 18:32:23.756 D/MobileDataStateTracker(  774): default: setPolicyDataEnable(enabled=true)
02-11 18:32:23.766 W/ContextImpl( 3865): Implicit intents with startService are not safe: Intent { act=com.sankuai.mtmp.service.start } android.content.ContextWrapper.startService:494 com.sankuai.mtmp.i.a:67 com.sankuai.meituan.m.run:110 
02-11 18:32:23.866 I/GAV2    ( 4069): Thread[GAThread,5,main]: No campaign data found.
02-11 18:32:23.926 D/MobileDataStateTracker(  774): default: setPolicyDataEnable(enabled=true)
02-11 18:32:23.946 D/MobileDataStateTracker(  774): default: setPolicyDataEnable(enabled=true)
02-11 18:32:24.446 I/art     (  774): Heap trim of managed (duration=15.025052ms, advised=6MB) and native (duration=2.922657ms, advised=796KB) heaps. Managed heap utilization of 59%.
02-11 18:32:25.636 D/AlertService( 4192): Beginning updateAlertNotification
02-11 18:32:25.656 D/AlertService( 4192): No fired or scheduled alerts
02-11 18:32:25.666 D/AlertService( 4192): Scheduling next alarm with AlarmScheduler. sEventReminderReceived: null
02-11 18:32:25.676 D/AlarmScheduler( 4192): No events found starting within 1 week.
02-11 18:32:25.676 I/ActivityManager(  774): Resuming delayed broadcast
02-11 18:32:25.706 D/GetuiSdkDemo( 3087): onReceive() action=10008
02-11 18:32:25.706 I/ActivityManager(  774): Killing 3656:com.google.android.deskclock/u0a33 (adj 15): empty #17
02-11 18:32:25.716 D/GetuiSdkDemo( 3087): onReceive() action=10007
02-11 18:32:25.726 I/ActivityManager(  774): Delay finish: sh.lilith.dgame.s91/com.igexin.getuiext.service.PayloadReceiver
02-11 18:32:26.586 D/Tethering(  774): MasterInitialState.processMessage what=3
02-11 18:32:26.586 D/CaptivePortalTracker(  774): NoActiveNetworkState{ when=-3ms what=1 obj=NetworkInfo: type: mobile_hipri[HSPA+], state: DISCONNECTED/DISCONNECTED, reason: dataDisabled, extra: 3gnet, roaming: false, failover: false, isAvailable: true, isConnectedToProvisioningNetwork: false target=com.android.internal.util.StateMachine$SmHandler }
02-11 18:32:26.586 D/CaptivePortalTracker(  774): NoActiveNetworkState not a wifi connectivity change, ignore
02-11 18:32:26.596 W/System.err( 3231): java.io.FileNotFoundException: /data/data/com.kingroot.RushRoot/app_slog/kr_statics: open failed: ENOENT (No such file or directory)
02-11 18:32:26.596 W/System.err( 3231): 	at libcore.io.IoBridge.open(IoBridge.java:409)
02-11 18:32:26.596 W/System.err( 3231): 	at java.io.FileInputStream.<init>(FileInputStream.java:78)
02-11 18:32:26.596 W/System.err( 3231): 	at java.io.FileReader.<init>(FileReader.java:42)
02-11 18:32:26.596 W/System.err( 3231): 	at com.kingroot.kinguser.statics.a.b(SourceFile:420)
02-11 18:32:26.596 W/System.err( 3231): 	at com.kingroot.kinguser.statics.a.b(SourceFile:41)
02-11 18:32:26.596 W/System.err( 3231): 	at com.kingroot.kinguser.statics.c.run(SourceFile:380)
02-11 18:32:26.596 W/System.err( 3231): 	at android.os.Handler.handleCallback(Handler.java:733)
02-11 18:32:26.596 W/System.err( 3231): 	at android.os.Handler.dispatchMessage(Handler.java:95)
02-11 18:32:26.596 W/System.err( 3231): 	at android.os.Looper.loop(Looper.java:136)
02-11 18:32:26.596 W/System.err( 3231): 	at android.os.HandlerThread.run(HandlerThread.java:61)
02-11 18:32:26.596 W/System.err( 3231): Caused by: libcore.io.ErrnoException: open failed: ENOENT (No such file or directory)
02-11 18:32:26.596 W/System.err( 3231): 	at libcore.io.Posix.open(Native Method)
02-11 18:32:26.596 W/System.err( 3231): 	at libcore.io.BlockGuardOs.open(BlockGuardOs.java:110)
02-11 18:32:26.596 W/System.err( 3231): 	at libcore.io.IoBridge.open(IoBridge.java:393)
02-11 18:32:26.596 W/System.err( 3231): 	... 9 more
02-11 18:32:26.606 D/Tethering(  774): MasterInitialState.processMessage what=3
02-11 18:32:26.616 D/CaptivePortalTracker(  774): NoActiveNetworkState{ when=0 what=1 obj=NetworkInfo: type: mobile[HSPA+], state: CONNECTED/CONNECTED, reason: connected, extra: 3gnet, roaming: false, failover: false, isAvailable: true, isConnectedToProvisioningNetwork: false target=com.android.internal.util.StateMachine$SmHandler }
02-11 18:32:26.616 D/CaptivePortalTracker(  774): NoActiveNetworkState not a wifi connectivity change, ignore
02-11 18:32:26.656 I/art     (  774): Heap trim of managed (duration=16.612656ms, advised=5MB) and native (duration=2.240625ms, advised=796KB) heaps. Managed heap utilization of 59%.
02-11 18:32:26.666 W/System.err( 3231): java.io.FileNotFoundException: /data/data/com.kingroot.RushRoot/app_slog/kr_statics: open failed: ENOENT (No such file or directory)
02-11 18:32:26.666 W/System.err( 3231): 	at libcore.io.IoBridge.open(IoBridge.java:409)
02-11 18:32:26.666 W/System.err( 3231): 	at java.io.FileInputStream.<init>(FileInputStream.java:78)
02-11 18:32:26.666 W/System.err( 3231): 	at java.io.FileReader.<init>(FileReader.java:42)
02-11 18:32:26.666 W/System.err( 3231): 	at com.kingroot.kinguser.statics.a.b(SourceFile:420)
02-11 18:32:26.666 W/System.err( 3231): 	at com.kingroot.kinguser.statics.a.b(SourceFile:41)
02-11 18:32:26.666 W/System.err( 3231): 	at com.kingroot.kinguser.statics.c.run(SourceFile:380)
02-11 18:32:26.666 W/System.err( 3231): 	at android.os.Handler.handleCallback(Handler.java:733)
02-11 18:32:26.666 W/System.err( 3231): 	at android.os.Handler.dispatchMessage(Handler.java:95)
02-11 18:32:26.666 W/System.err( 3231): 	at android.os.Looper.loop(Looper.java:136)
02-11 18:32:26.666 W/System.err( 3231): 	at android.os.HandlerThread.run(HandlerThread.java:61)
02-11 18:32:26.666 W/System.err( 3231): Caused by: libcore.io.ErrnoException: open failed: ENOENT (No such file or directory)
02-11 18:32:26.666 W/System.err( 3231): 	at libcore.io.Posix.open(Native Method)
02-11 18:32:26.666 W/System.err( 3231): 	at libcore.io.BlockGuardOs.open(BlockGuardOs.java:110)
02-11 18:32:26.666 W/System.err( 3231): 	at libcore.io.IoBridge.open(IoBridge.java:393)
02-11 18:32:26.666 W/System.err( 3231): 	... 9 more
02-11 18:32:26.676 E/DatabaseUtils( 1095): Writing exception to parcel
02-11 18:32:26.676 E/DatabaseUtils( 1095): java.lang.SecurityException: No permission to write APN settings: Neither user 10198 nor current process has android.permission.WRITE_APN_SETTINGS.
02-11 18:32:26.676 E/DatabaseUtils( 1095): 	at android.app.ContextImpl.enforce(ContextImpl.java:1693)
02-11 18:32:26.676 E/DatabaseUtils( 1095): 	at android.app.ContextImpl.enforceCallingOrSelfPermission(ContextImpl.java:1722)
02-11 18:32:26.676 E/DatabaseUtils( 1095): 	at com.android.providers.telephony.TelephonyProvider.checkPermission(TelephonyProvider.java:735)
02-11 18:32:26.676 E/DatabaseUtils( 1095): 	at com.android.providers.telephony.TelephonyProvider.query(TelephonyProvider.java:462)
02-11 18:32:26.676 E/DatabaseUtils( 1095): 	at android.content.ContentProvider.query(ContentProvider.java:857)
02-11 18:32:26.676 E/DatabaseUtils( 1095): 	at android.content.ContentProvider$Transport.query(ContentProvider.java:200)
02-11 18:32:26.676 E/DatabaseUtils( 1095): 	at android.content.ContentProviderNative.onTransact(ContentProviderNative.java:112)
02-11 18:32:26.676 E/DatabaseUtils( 1095): 	at android.os.Binder.execTransact(Binder.java:404)
02-11 18:32:26.686 E/DatabaseUtils( 1095): Writing exception to parcel
02-11 18:32:26.686 E/DatabaseUtils( 1095): java.lang.SecurityException: No permission to write APN settings: Neither user 10198 nor current process has android.permission.WRITE_APN_SETTINGS.
02-11 18:32:26.686 E/DatabaseUtils( 1095): 	at android.app.ContextImpl.enforce(ContextImpl.java:1693)
02-11 18:32:26.686 E/DatabaseUtils( 1095): 	at android.app.ContextImpl.enforceCallingOrSelfPermission(ContextImpl.java:1722)
02-11 18:32:26.686 E/DatabaseUtils( 1095): 	at com.android.providers.telephony.TelephonyProvider.checkPermission(TelephonyProvider.java:735)
02-11 18:32:26.686 E/DatabaseUtils( 1095): 	at com.android.providers.telephony.TelephonyProvider.query(TelephonyProvider.java:462)
02-11 18:32:26.686 E/DatabaseUtils( 1095): 	at android.content.ContentProvider.query(ContentProvider.java:857)
02-11 18:32:26.686 E/DatabaseUtils( 1095): 	at android.content.ContentProvider$Transport.query(ContentProvider.java:200)
02-11 18:32:26.686 E/DatabaseUtils( 1095): 	at android.content.ContentProviderNative.onTransact(ContentProviderNative.java:112)
02-11 18:32:26.686 E/DatabaseUtils( 1095): 	at android.os.Binder.execTransact(Binder.java:404)
02-11 18:32:26.976 I/ActivityManager(  774): Waited long enough for: ServiceRecord{65bfa128 u0 sina.mobile.tianqitong/com.sina.tianqitong.service.TQTService}
02-11 18:32:26.976 D/GetuiSdkDemo( 3087): onReceive() action=10002
02-11 18:32:26.976 I/pushMessage( 3087): get client id: f9f898559e59fa7de3551b4556b23c66
02-11 18:32:26.976 I/ActivityManager(  774): Resuming delayed broadcast
02-11 18:32:26.986 I/ActivityManager(  774): Delay finish: com.android.providers.calendar/.CalendarProviderBroadcastReceiver
02-11 18:32:26.996 I/ActivityManager(  774): Resuming delayed broadcast
02-11 18:32:26.996 D/ConnectivityService(  774): Sampling interval elapsed, updating statistics ..
02-11 18:32:27.006 D/        (  774): Setting time of day to sec=1423650747
02-11 18:32:27.457 W/        (  774): Unable to set rtc to 1423650747: Invalid argument
02-11 18:32:27.457 D/ConnectivityService(  774): Done.
02-11 18:32:27.457 D/ConnectivityService(  774): Setting timer for 720seconds
02-11 18:32:27.467 W/art     (  183): Could not get current activity
02-11 18:32:27.477 I/ActivityManager(  774): Start proc com.google.android.music:main for broadcast com.google.android.music/.store.MediaStoreImportService$Receiver: pid=4389 uid=10058 gids={50058, 3003, 1028, 1015}
02-11 18:32:27.597 E/qcom_sensors_hal(  774): hal_process_report_ind: Bad item quality: 11 
02-11 18:32:27.677 I/MusicStore( 4389): Database version: 72
02-11 18:32:27.707 W/ContextImpl( 4389): Implicit intents with startService are not safe: Intent { act=com.google.android.music.PREFERENCE_SERVICE } android.content.ContextWrapper.bindService:517 com.google.android.music.utils.SafeServiceConnection$ServiceConnectionImp.bindService:98 com.google.android.music.utils.SafeServiceConnection.bindService:259 
02-11 18:32:27.737 W/ContextImpl( 4389): Implicit intents with startService are not safe: Intent { act=com.google.android.music.NETWORK_MONITOR_SERVICE } android.content.ContextWrapper.bindService:517 com.google.android.music.utils.SafeServiceConnection$ServiceConnectionImp.bindService:98 com.google.android.music.utils.SafeServiceConnection.bindService:259 
02-11 18:32:27.807 I/MediaRouter( 4389): Found default route: MediaRouter.RouteInfo{ uniqueId=android:DEFAULT_ROUTE, name=Phone, description=null, enabled=true, connecting=false, playbackType=0, playbackStream=3, volumeHandling=1, volume=6, volumeMax=15, presentationDisplayId=-1, extras=null, providerPackageName=android }
02-11 18:32:27.837 I/ActivityManager(  774): Delay finish: com.google.android.music/.store.MediaStoreImportService$Receiver
02-11 18:32:28.037 I/art     ( 1044): Heap trim of managed (duration=3.376042ms, advised=436KB) and native (duration=1.609948ms, advised=4MB) heaps. Managed heap utilization of 8%.
02-11 18:32:28.147 I/MediaStoreImporter( 4389): Update: incremental Added music: 0 Updated music: 0 Deleted music: 0 Created playlists: 0 Updated playlists: 0 Deleted playlists: 0 Inserted playlist items: 0 Deleted playlist items: 0 Removed orphaned playlist items: 0
02-11 18:32:28.147 I/ActivityManager(  774): Resuming delayed broadcast
02-11 18:32:28.187 I/ActivityManager(  774): Start proc com.tencent.mm for broadcast com.tencent.mm/.booter.MountReceiver: pid=4433 uid=10160 gids={50160, 3003, 1028, 1015, 3002, 3001}
02-11 18:32:28.237 W/art     ( 4433): Failed to find ELF magic in /system/framework/com.google.android.maps.odex: dey
02-11 18:32:28.457 E/ActivityThread( 4433): Failed to find provider info for com.tencent.mm.coolassist.debugprovider
02-11 18:32:28.467 W/MicroMsg.xlogger( 4433): JNI_Xlog_onCreate
02-11 18:32:28.527 W/jni crash monitor( 4433): JNI_OnLoad
02-11 18:32:28.637 W/ProcessCpuTracker(  774): Skipping unknown process pid 4464
02-11 18:32:28.647 W/linker  ( 4433): libwechatsight_v7a.so has text relocations. This is wasting memory and is a security risk. Please fix.
02-11 18:32:28.717 E/qcom_sensors_hal(  774): hal_process_report_ind: Bad item quality: 11 
02-11 18:32:28.927 D/ConnectivityService(  774): [CheckMp] isMobileOk: X result=3
02-11 18:32:28.927 D/ConnectivityService(  774): [CheckMp] onPostExecute: result=3
02-11 18:32:28.927 D/ConnectivityService(  774): CheckMp.onComplete: result=3
02-11 18:32:28.927 D/ConnectivityService(  774): CheckMp.onComplete: ignore, connected or no connection
02-11 18:32:29.127 I/ActivityManager(  774): Killing 3628:org.xwalk.webapi_noneservice_tests/u0a645 (adj 15): empty #17
02-11 18:32:29.147 V/PhoneStatusBar(  945): setLightsOn(true)
02-11 18:32:29.147 W/InputMethodManagerService(  774): Window already focused, ignoring focus gain of: com.android.internal.view.IInputMethodClient$Stub$Proxy@65ff2818 attribute=null, token = android.os.BinderProxy@65e46888
02-11 18:32:29.157 I/ActivityManager(  774): Delay finish: com.google.android.music/.leanback.AutoCacheSchedulingService$EnablingReceiver
02-11 18:32:29.177 W/ContextImpl( 4389): Implicit intents with startService are not safe: Intent { act=com.google.android.music.NETWORK_MONITOR_SERVICE } android.content.ContextWrapper.bindService:517 com.google.android.music.utils.SafeServiceConnection$ServiceConnectionImp.bindService:98 com.google.android.music.utils.SafeServiceConnection.bindService:259 
02-11 18:32:29.187 I/MusicLeanback( 4389): Conditions not met for autocaching.
02-11 18:32:29.187 I/MusicLeanback( 4389): Stop autocaching.
02-11 18:32:29.187 I/ActivityManager(  774): Resuming delayed broadcast
02-11 18:32:29.197 W/ContextImpl( 4389): Implicit intents with startService are not safe: Intent { act=com.google.android.music.NETWORK_MONITOR_SERVICE } android.content.ContextWrapper.bindService:517 com.google.android.music.utils.SafeServiceConnection$ServiceConnectionImp.bindService:98 com.google.android.music.utils.SafeServiceConnection.bindService:259 
02-11 18:32:29.197 I/ActivityManager(  774): Delay finish: com.google.android.googlequicksearchbox/com.google.android.search.core.summons.icing.InternalIcingCorporaProvider$CorporaChangedReceiver
02-11 18:32:29.207 I/Icing.InternalIcingCorporaProvider( 2898): Updating corpora: A: com.android.stk, C: MAYBE
02-11 18:32:29.207 D/CacheService( 4389): onCreate
02-11 18:32:29.227 D/CacheService( 4389): onBind
02-11 18:32:29.227 I/ActivityManager(  774): Killing 2839:com.youku.phone:accelerater/u0a210 (adj 15): empty #17
02-11 18:32:29.237 D/CacheService( 4389): onDestroy
02-11 18:32:29.247 W/ActivityManager(  774): Scheduling restart of crashed service com.youku.phone/com.youku.service.acc.AcceleraterService in 1000ms
02-11 18:32:29.287 I/art     ( 2898): Heap trim of managed (duration=3.112969ms, advised=12KB) and native (duration=4.660781ms, advised=0B) heaps. Managed heap utilization of 74%.
02-11 18:32:29.397 I/art     (  774): Heap trim of managed (duration=16.110417ms, advised=5MB) and native (duration=2.179531ms, advised=800KB) heaps. Managed heap utilization of 58%.
02-11 18:32:29.427 I/Icing.InternalIcingCorporaProvider( 2898): UpdateCorporaTask done [took 218 ms] updated apps [took 218 ms] 
02-11 18:32:29.427 W/Launcher( 1155): setApplicationContext called twice! old=com.google.android.velvet.VelvetApplication@6561dcd0 new=com.google.android.velvet.VelvetApplication@6561dcd0
02-11 18:32:29.427 I/ActivityManager(  774): Resuming delayed broadcast
02-11 18:32:29.427 I/ActivityManager(  774): Delay finish: com.google.android.apps.plus/.service.PackagesMediaMonitor
02-11 18:32:29.437 I/ActivityManager(  774): Resuming delayed broadcast
02-11 18:32:29.437 D/PackageBroadcastService( 1192): Received broadcast action=android.intent.action.PACKAGE_CHANGED and uri=com.android.stk
02-11 18:32:29.447 I/PeopleContactsSync( 1192): CP2 sync disabled
02-11 18:32:29.457 I/ActivityManager(  774): Delay finish: com.google.android.gm/.MailIntentReceiver
02-11 18:32:29.457 I/ActivityManager(  774): Resuming delayed broadcast
02-11 18:32:29.467 W/ContextImpl( 3773): Implicit intents with startService are not safe: Intent { act=com.sina.push.tqt.ACTION_SWITCH_CHANNEL (has extras) } android.content.ContextWrapper.startService:494 android.content.ContextWrapper.startService:494 com.sina.tianqitong.service.receiver.PushReceiver.onReceive:36 
02-11 18:32:29.467 I/ActivityManager(  774): Delay finish: sina.mobile.tianqitong/com.sina.tianqitong.service.receiver.PushReceiver
02-11 18:32:29.467 I/ActivityManager(  774): Resuming delayed broadcast
02-11 18:32:29.517 I/SystemUpdateService( 1192): receiver: Intent { act=android.net.conn.CONNECTIVITY_CHANGE flg=0x4000010 cmp=com.google.android.gms/.update.SystemUpdateService$ActiveReceiver (has extras) }
02-11 18:32:29.517 D/SystemUpdateService( 1192): onCreate
02-11 18:32:29.517 D/SystemUpdateService( 1192): onStartCommand: intent: Intent { cmp=com.google.android.gms/.update.SystemUpdateService (has extras) }
02-11 18:32:29.527 I/SystemUpdateService( 1192): active receiver: enabled
02-11 18:32:29.527 D/GCM     ( 1296): GcmService start Intent { act=android.net.conn.CONNECTIVITY_CHANGE flg=0x4000010 cmp=com.google.android.gms/.gcm.GcmService (has extras) } android.net.conn.CONNECTIVITY_CHANGE
02-11 18:32:29.537 I/SystemUpdateService( 1192): showing system update notification
02-11 18:32:29.537 I/iu.Environment( 1192): update connectivity state; isNetworkMetered? true, isRoaming? false, isBackgroundDataAllowed? true
02-11 18:32:29.547 W/ContextImpl( 3773): Implicit intents with startService are not safe: Intent { act=sina.mobile.tianqitong.action.startservice.update_widget_clock } android.content.ContextWrapper.startService:494 android.content.ContextWrapper.startService:494 sina.mobile.tianqitong.appwidget.TQTReciever.onReceive:42 
02-11 18:32:29.547 V/SystemUpdateService( 1192): retry (wakeup: false) in 3599978 ms
02-11 18:32:29.547 D/SystemUpdateService( 1192): onDestroy
02-11 18:32:29.567 E/DatabaseUtils( 1095): Writing exception to parcel
02-11 18:32:29.567 E/DatabaseUtils( 1095): java.lang.SecurityException: No permission to write APN settings: Neither user 10198 nor current process has android.permission.WRITE_APN_SETTINGS.
02-11 18:32:29.567 E/DatabaseUtils( 1095): 	at android.app.ContextImpl.enforce(ContextImpl.java:1693)
02-11 18:32:29.567 E/DatabaseUtils( 1095): 	at android.app.ContextImpl.enforceCallingOrSelfPermission(ContextImpl.java:1722)
02-11 18:32:29.567 E/DatabaseUtils( 1095): 	at com.android.providers.telephony.TelephonyProvider.checkPermission(TelephonyProvider.java:735)
02-11 18:32:29.567 E/DatabaseUtils( 1095): 	at com.android.providers.telephony.TelephonyProvider.query(TelephonyProvider.java:462)
02-11 18:32:29.567 E/DatabaseUtils( 1095): 	at android.content.ContentProvider.query(ContentProvider.java:857)
02-11 18:32:29.567 E/DatabaseUtils( 1095): 	at android.content.ContentProvider$Transport.query(ContentProvider.java:200)
02-11 18:32:29.567 E/DatabaseUtils( 1095): 	at android.content.ContentProviderNative.onTransact(ContentProviderNative.java:112)
02-11 18:32:29.567 E/DatabaseUtils( 1095): 	at android.os.Binder.execTransact(Binder.java:404)
02-11 18:32:29.567 W/ContextImpl( 3818): Implicit intents with startService are not safe: Intent { act=com.youku.pushsdk.pushservice.ACTION_NET_CHANGE (has extras) } android.content.ContextWrapper.startService:494 android.content.ContextWrapper.startService:494 com.youku.pushsdk.receiver.YoukuMyPushServiceReceiver.onReceive:48 
02-11 18:32:29.577 D/MSF.C.NetConnInfoCenter( 1564): [E]currentAPN:3gnet. received networkInfo: CONNECTED :NetworkInfo: type: mobile[HSPA+], state: CONNECTED/CONNECTED, reason: connected, extra: 3gnet, roaming: false, failover: false, isAvailable: true, isConnectedToProvisioningNetwork: false. extra NetworkInfo: NetworkInfo: type: mobile_hipri[HSPA+], state: DISCONNECTED/DISCONNECTED, reason: dataDisabled, extra: 3gnet, roaming: false, failover: false, isAvailable: true, isConnectedToProvisioningNetwork: false
02-11 18:32:29.637 I/SystemUpdateService( 1192): receiver: Intent { act=android.net.conn.CONNECTIVITY_CHANGE flg=0x4000010 cmp=com.google.android.gms/.update.SystemUpdateService$ActiveReceiver (has extras) }
02-11 18:32:29.647 D/SystemUpdateService( 1192): onCreate
02-11 18:32:29.647 D/SystemUpdateService( 1192): onStartCommand: intent: Intent { cmp=com.google.android.gms/.update.SystemUpdateService (has extras) }
02-11 18:32:29.657 I/SystemUpdateService( 1192): active receiver: enabled
02-11 18:32:29.657 D/GCM     ( 1296): GcmService start Intent { act=android.net.conn.CONNECTIVITY_CHANGE flg=0x4000010 cmp=com.google.android.gms/.gcm.GcmService (has extras) } android.net.conn.CONNECTIVITY_CHANGE
02-11 18:32:29.677 I/iu.Environment( 1192): update connectivity state; isNetworkMetered? true, isRoaming? false, isBackgroundDataAllowed? true
02-11 18:32:29.677 I/SystemUpdateService( 1192): showing system update notification
02-11 18:32:29.677 W/ContextImpl( 3773): Implicit intents with startService are not safe: Intent { act=sina.mobile.tianqitong.action.startservice.update_widget_clock } android.content.ContextWrapper.startService:494 android.content.ContextWrapper.startService:494 sina.mobile.tianqitong.appwidget.TQTReciever.onReceive:42 
02-11 18:32:29.697 E/DatabaseUtils( 1095): Writing exception to parcel
02-11 18:32:29.697 E/DatabaseUtils( 1095): java.lang.SecurityException: No permission to write APN settings: Neither user 10198 nor current process has android.permission.WRITE_APN_SETTINGS.
02-11 18:32:29.697 E/DatabaseUtils( 1095): 	at android.app.ContextImpl.enforce(ContextImpl.java:1693)
02-11 18:32:29.697 E/DatabaseUtils( 1095): 	at android.app.ContextImpl.enforceCallingOrSelfPermission(ContextImpl.java:1722)
02-11 18:32:29.697 E/DatabaseUtils( 1095): 	at com.android.providers.telephony.TelephonyProvider.checkPermission(TelephonyProvider.java:735)
02-11 18:32:29.697 E/DatabaseUtils( 1095): 	at com.android.providers.telephony.TelephonyProvider.query(TelephonyProvider.java:462)
02-11 18:32:29.697 E/DatabaseUtils( 1095): 	at android.content.ContentProvider.query(ContentProvider.java:857)
02-11 18:32:29.697 E/DatabaseUtils( 1095): 	at android.content.ContentProvider$Transport.query(ContentProvider.java:200)
02-11 18:32:29.697 E/DatabaseUtils( 1095): 	at android.content.ContentProviderNative.onTransact(ContentProviderNative.java:112)
02-11 18:32:29.697 E/DatabaseUtils( 1095): 	at android.os.Binder.execTransact(Binder.java:404)
02-11 18:32:29.697 W/ContextImpl( 3818): Implicit intents with startService are not safe: Intent { act=com.youku.pushsdk.pushservice.ACTION_NET_CHANGE (has extras) } android.content.ContextWrapper.startService:494 android.content.ContextWrapper.startService:494 com.youku.pushsdk.receiver.YoukuMyPushServiceReceiver.onReceive:48 
02-11 18:32:29.707 V/SystemUpdateService( 1192): retry (wakeup: false) in 3599959 ms
02-11 18:32:29.707 D/SystemUpdateService( 1192): onDestroy
02-11 18:32:29.707 D/MSF.C.NetConnInfoCenter( 1564): [E]currentAPN:3gnet. received networkInfo: CONNECTED :NetworkInfo: type: mobile[HSPA+], state: CONNECTED/CONNECTED, reason: connected, extra: 3gnet, roaming: false, failover: false, isAvailable: true, isConnectedToProvisioningNetwork: false. extra NetworkInfo: NetworkInfo: type: mobile[HSPA+], state: CONNECTED/CONNECTED, reason: connected, extra: 3gnet, roaming: false, failover: false, isAvailable: true, isConnectedToProvisioningNetwork: false
02-11 18:32:29.777 W/art     (  183): Could not get current activity
02-11 18:32:29.787 I/ActivityManager(  774): Start proc com.google.android.deskclock for broadcast com.google.android.deskclock/com.android.deskclock.AlarmInitReceiver: pid=4524 uid=10033 gids={50033, 1028}
02-11 18:32:29.847 W/art     ( 4524): Failed to find ELF magic in /system/app/DeskClockGoogle.odex: dey
02-11 18:32:29.867 V/AlarmClock( 4524): AlarmInitReceiver android.intent.action.TIME_SET
02-11 18:32:29.867 D/ConnectivityService(  774): handleInetConditionHoldEnd: net=0, condition=0, published condition=0
02-11 18:32:29.917 I/AlarmClock( 4524): Displaying next alarm time: ''
02-11 18:32:29.917 V/AlarmClock( 4524): AlarmInitReceiver finished
02-11 18:32:29.947 I/ActivityManager(  774): Start proc com.google.android.keep for broadcast com.google.android.keep/.notification.AlertReceiver: pid=4544 uid=10052 gids={50052, 3003, 1028, 1015}
02-11 18:32:29.947 I/ActivityManager(  774): Killing 4168:com.estrongs.android.pop/u0a199 (adj 15): empty #17
02-11 18:32:29.967 F/ActivityManager(  774): Service ServiceRecord{66079ef8 u0 com.estrongs.android.pop/com.estrongs.android.ui.notification.ESTaskService} in process ProcessRecord{65caae08 4168:com.estrongs.android.pop/u0a199} not same as in map: null
02-11 18:32:29.977 W/ContextImpl( 2681): Implicit intents with startService are not safe: Intent { act=sina.push.action.service.1003 (has extras) } android.content.ContextWrapper.startService:494 com.sina.push.b.d$1.run:37 android.os.Handler.handleCallback:733 
02-11 18:32:29.977 W/ContextImpl( 2681): Implicit intents with startService are not safe: Intent { act=sina.push.action.service.1003 (has extras) } android.content.ContextWrapper.startService:494 com.sina.push.b.d$1.run:37 android.os.Handler.handleCallback:733 
02-11 18:32:29.997 W/art     ( 4544): Failed to find ELF magic in /system/app/Keep.odex: dey
02-11 18:32:30.157 D/AndroidRuntime( 4522): 
02-11 18:32:30.157 D/AndroidRuntime( 4522): >>>>>> AndroidRuntime START com.android.internal.os.RuntimeInit <<<<<<
02-11 18:32:30.157 D/AndroidRuntime( 4522): CheckJNI is OFF
02-11 18:32:30.167 E/art     ( 4522): Unrecognized option -XX:mainThreadStackSize=24K
02-11 18:32:30.167 W/art     ( 4522): Ignoring unknown -Xgc option: precise
02-11 18:32:30.207 I/ActivityManager(  774): Start proc com.qualcomm.timeservice for broadcast com.qualcomm.timeservice/.TimeServiceBroadcastReceiver: pid=4564 uid=10068 gids={50068}
02-11 18:32:30.217 W/art     ( 4522): Failed to find ELF magic in /system/framework/am.odex: dey
02-11 18:32:30.257 W/art     ( 4564): Failed to find ELF magic in /system/app/TimeService.odex: dey
02-11 18:32:30.267 D/TimeService( 4564): Receivedandroid.intent.action.TIME_SET intent. Current Time is 1423650750277
