02-12 10:47:26.010 D/wpa_supplicant(  651): WPS: AP[8] b0:48:7a:51:ff:cc type=0 tries=0 last_attempt=-1 sec ago blacklist=0
02-12 10:47:26.010 D/wpa_supplicant(  651): WPS: AP[9] 14:d6:4d:28:ef:c8 type=0 tries=0 last_attempt=-1 sec ago blacklist=0
02-12 10:47:26.010 D/wpa_supplicant(  651): WPS: AP[10] 7a:ff:57:00:13:56 type=0 tries=0 last_attempt=-1 sec ago blacklist=0
02-12 10:47:26.010 D/wpa_supplicant(  651): WPS: AP[11] c8:d7:19:60:62:f2 type=0 tries=0 last_attempt=-1 sec ago blacklist=0
02-12 10:47:26.010 D/wpa_supplicant(  651): WPS: AP[12] c0:a0:bb:20:3b:84 type=0 tries=0 last_attempt=-1 sec ago blacklist=0
02-12 10:47:26.010 D/wpa_supplicant(  651): WPS: AP[13] 5e:f3:70:0c:91:9a type=0 tries=0 last_attempt=-1 sec ago blacklist=0
02-12 10:47:26.010 D/wpa_supplicant(  651): WPS: AP[14] 02:09:4c:42:36:90 type=0 tries=0 last_attempt=-1 sec ago blacklist=0
02-12 10:47:26.010 D/wpa_supplicant(  651): WPS: AP[15] e4:d3:32:36:2e:54 type=0 tries=0 last_attempt=-1 sec ago blacklist=0
02-12 10:47:26.010 D/wpa_supplicant(  651): wlan0: Selecting BSS from priority group 17
02-12 10:47:26.010 D/wpa_supplicant(  651): wlan0: 0: 6c:8b:2f:e9:d1:da ssid='ZTE_AP_1640' wpa_ie_len=0 rsn_ie_len=20 caps=0x511 level=-43
02-12 10:47:26.010 D/wpa_supplicant(  651): wlan0:    skip - SSID mismatch
02-12 10:47:26.010 D/wpa_supplicant(  651): wlan0: 1: f8:d1:11:e7:99:e8 ssid='videotest' wpa_ie_len=22 rsn_ie_len=20 caps=0x531 level=-47 wps
02-12 10:47:26.010 D/wpa_supplicant(  651): wlan0:    skip - SSID mismatch
02-12 10:47:26.010 D/wpa_supplicant(  651): wlan0: 2: c8:d7:19:60:62:f2 ssid='E3000-2.4G' wpa_ie_len=0 rsn_ie_len=20 caps=0x411 level=-47
02-12 10:47:26.010 D/wpa_supplicant(  651): wlan0:    skip - SSID mismatch
02-12 10:47:26.010 D/wpa_supplicant(  651): wlan0: 3: 10:c3:7b:d2:e5:e0 ssid='ASUS_RT-AC66U-2.4G' wpa_ie_len=0 rsn_ie_len=20 caps=0x411 level=-55 wps
02-12 10:47:26.010 D/wpa_supplicant(  651): wlan0:    skip - SSID mismatch
02-12 10:47:26.010 D/wpa_supplicant(  651): wlan0: 4: 44:94:fc:3d:da:38 ssid='6300' wpa_ie_len=0 rsn_ie_len=20 caps=0x411 level=-58 wps
02-12 10:47:26.010 D/wpa_supplicant(  651): wlan0:    skip - SSID mismatch
02-12 10:47:26.010 D/wpa_supplicant(  651): wlan0: 5: cc:34:29:2b:26:4c ssid='cws-test' wpa_ie_len=0 rsn_ie_len=20 caps=0x431 level=-58 wps
02-12 10:47:26.010 D/wpa_supplicant(  651): wlan0:    skip - SSID mismatch
02-12 10:47:26.010 D/wpa_supplicant(  651): wlan0: 6: c0:c1:c0:76:81:3c ssid='E2000' wpa_ie_len=0 rsn_ie_len=20 caps=0x411 level=-59 wps
02-12 10:47:26.010 D/wpa_supplicant(  651): wlan0:    skip - SSID mismatch
02-12 10:47:26.010 D/wpa_supplicant(  651): wlan0: 7: 02:1a:11:fd:45:ed ssid='Android' wpa_ie_len=0 rsn_ie_len=20 caps=0x511 level=-60
02-12 10:47:26.010 D/wpa_supplicant(  651): wlan0:    skip - SSID mismatch
02-12 10:47:26.010 D/wpa_supplicant(  651): wlan0: 8: b0:48:7a:20:66:6a ssid='TP-LINK_20666A' wpa_ie_len=22 rsn_ie_len=20 caps=0x431 level=-62 wps
02-12 10:47:26.010 D/wpa_supplicant(  651): wlan0:    skip - SSID mismatch
02-12 10:47:26.010 D/wpa_supplicant(  651): wlan0: 9: 98:fc:11:81:35:fb ssid='E2000E' wpa_ie_len=0 rsn_ie_len=20 caps=0x411 level=-65 wps
02-12 10:47:26.010 D/wpa_supplicant(  651): wlan0:    skip - SSID mismatch
02-12 10:47:26.010 D/wpa_supplicant(  651): wlan0: 10: 02:1a:11:fa:9e:f1 ssid='love U forever' wpa_ie_len=0 rsn_ie_len=20 caps=0x431 level=-66
02-12 10:47:26.010 D/wpa_supplicant(  651): wlan0:    skip - SSID mismatch
02-12 10:47:26.010 D/wpa_supplicant(  651): wlan0: 11: b0:48:7a:51:ff:cc ssid='Neusoft TP' wpa_ie_len=22 rsn_ie_len=20 caps=0x431 level=-66 wps
02-12 10:47:26.010 D/wpa_supplicant(  651): wlan0:    skip - SSID mismatch
02-12 10:47:26.010 D/wpa_supplicant(  651): wlan0: 12: cc:34:29:2c:fb:ec ssid='linksys' wpa_ie_len=22 rsn_ie_len=20 caps=0x431 level=-68 wps
02-12 10:47:26.010 D/wpa_supplicant(  651): wlan0:    skip - SSID mismatch
02-12 10:47:26.010 D/wpa_supplicant(  651): wlan0: 13: 14:d6:4d:28:ef:c8 ssid='dlink' wpa_ie_len=0 rsn_ie_len=20 caps=0x431 level=-68 wps
02-12 10:47:26.010 D/wpa_supplicant(  651): wlan0:    skip - SSID mismatch
02-12 10:47:26.010 D/wpa_supplicant(  651): wlan0: 14: 6c:8b:2f:e8:38:24 ssid='ZTE_AP_6703' wpa_ie_len=0 rsn_ie_len=20 caps=0x511 level=-71
02-12 10:47:26.010 D/wpa_supplicant(  651): wlan0:    skip - SSID mismatch
02-12 10:47:26.010 D/wpa_supplicant(  651): wlan0: 15: 80:1f:02:43:fb:e8 ssid='Edimax AP' wpa_ie_len=0 rsn_ie_len=20 caps=0x411 level=-71
02-12 10:47:26.010 D/wpa_supplicant(  651): wlan0:    skip - SSID mismatch
02-12 10:47:26.010 D/wpa_supplicant(  651): wlan0: 16: 8c:be:be:01:00:49 ssid='mw' wpa_ie_len=0 rsn_ie_len=20 caps=0x431 level=-71
02-12 10:47:26.010 D/wpa_supplicant(  651): wlan0:    skip - SSID mismatch
02-12 10:47:26.010 D/wpa_supplicant(  651): wlan0: 17: 74:e5:43:24:f4:5b ssid='Dttest' wpa_ie_len=0 rsn_ie_len=20 caps=0x31 level=-80
02-12 10:47:26.010 D/wpa_supplicant(  651): wlan0:    skip - SSID mismatch
02-12 10:47:26.010 D/wpa_supplicant(  651): wlan0: 18: 50:bd:5f:4b:29:92 ssid='Internet-2' wpa_ie_len=0 rsn_ie_len=0 caps=0x421 level=-63
02-12 10:47:26.010 D/wpa_supplicant(  651): wlan0:    skip - SSID mismatch
02-12 10:47:26.010 D/wpa_supplicant(  651): wlan0: 19: e4:d3:32:dd:18:62 ssid='Internet' wpa_ie_len=0 rsn_ie_len=0 caps=0x421 level=-65
02-12 10:47:26.010 D/wpa_supplicant(  651): wlan0:    skip - SSID mismatch
02-12 10:47:26.010 D/wpa_supplicant(  651): wlan0: Selecting BSS from priority group 15
02-12 10:47:26.010 D/wpa_supplicant(  651): wlan0: 0: 6c:8b:2f:e9:d1:da ssid='ZTE_AP_1640' wpa_ie_len=0 rsn_ie_len=20 caps=0x511 level=-43
02-12 10:47:26.010 D/wpa_supplicant(  651): wlan0:    skip - SSID mismatch
02-12 10:47:26.010 D/wpa_supplicant(  651): wlan0: 1: f8:d1:11:e7:99:e8 ssid='videotest' wpa_ie_len=22 rsn_ie_len=20 caps=0x531 level=-47 wps
02-12 10:47:26.010 D/wpa_supplicant(  651): wlan0:    skip - SSID mismatch
02-12 10:47:26.010 D/wpa_supplicant(  651): wlan0: 2: c8:d7:19:60:62:f2 ssid='E3000-2.4G' wpa_ie_len=0 rsn_ie_len=20 caps=0x411 level=-47
02-12 10:47:26.010 D/wpa_supplicant(  651): wlan0:    skip - SSID mismatch
02-12 10:47:26.010 D/wpa_supplicant(  651): wlan0: 3: 10:c3:7b:d2:e5:e0 ssid='ASUS_RT-AC66U-2.4G' wpa_ie_len=0 rsn_ie_len=20 caps=0x411 level=-55 wps
02-12 10:47:26.010 D/wpa_supplicant(  651): wlan0:    skip - SSID mismatch
02-12 10:47:26.010 D/wpa_supplicant(  651): wlan0: 4: 44:94:fc:3d:da:38 ssid='6300' wpa_ie_len=0 rsn_ie_len=20 caps=0x411 level=-58 wps
02-12 10:47:26.020 D/wpa_supplicant(  651): wlan0:    skip - SSID mismatch
02-12 10:47:26.020 D/wpa_supplicant(  651): wlan0: 5: cc:34:29:2b:26:4c ssid='cws-test' wpa_ie_len=0 rsn_ie_len=20 caps=0x431 level=-58 wps
02-12 10:47:26.020 D/wpa_supplicant(  651): wlan0:    skip - SSID mismatch
02-12 10:47:26.020 D/wpa_supplicant(  651): wlan0: 6: c0:c1:c0:76:81:3c ssid='E2000' wpa_ie_len=0 rsn_ie_len=20 caps=0x411 level=-59 wps
02-12 10:47:26.020 D/wpa_supplicant(  651): wlan0:    skip - SSID mismatch
02-12 10:47:26.020 D/wpa_supplicant(  651): wlan0: 7: 02:1a:11:fd:45:ed ssid='Android' wpa_ie_len=0 rsn_ie_len=20 caps=0x511 level=-60
02-12 10:47:26.020 D/wpa_supplicant(  651): wlan0:    skip - SSID mismatch
02-12 10:47:26.020 D/wpa_supplicant(  651): wlan0: 8: b0:48:7a:20:66:6a ssid='TP-LINK_20666A' wpa_ie_len=22 rsn_ie_len=20 caps=0x431 level=-62 wps
02-12 10:47:26.020 D/wpa_supplicant(  651): wlan0:    skip - SSID mismatch
02-12 10:47:26.020 D/wpa_supplicant(  651): wlan0: 9: 98:fc:11:81:35:fb ssid='E2000E' wpa_ie_len=0 rsn_ie_len=20 caps=0x411 level=-65 wps
02-12 10:47:26.020 D/wpa_supplicant(  651): wlan0:    skip - SSID mismatch
02-12 10:47:26.020 D/wpa_supplicant(  651): wlan0: 10: 02:1a:11:fa:9e:f1 ssid='love U forever' wpa_ie_len=0 rsn_ie_len=20 caps=0x431 level=-66
02-12 10:47:26.020 D/wpa_supplicant(  651): wlan0:    skip - SSID mismatch
02-12 10:47:26.020 D/wpa_supplicant(  651): wlan0: 11: b0:48:7a:51:ff:cc ssid='Neusoft TP' wpa_ie_len=22 rsn_ie_len=20 caps=0x431 level=-66 wps
02-12 10:47:26.020 D/wpa_supplicant(  651): wlan0:    skip - SSID mismatch
02-12 10:47:26.020 D/wpa_supplicant(  651): wlan0: 12: cc:34:29:2c:fb:ec ssid='linksys' wpa_ie_len=22 rsn_ie_len=20 caps=0x431 level=-68 wps
02-12 10:47:26.020 D/wpa_supplicant(  651): wlan0:    skip - SSID mismatch
02-12 10:47:26.020 D/wpa_supplicant(  651): wlan0: 13: 14:d6:4d:28:ef:c8 ssid='dlink' wpa_ie_len=0 rsn_ie_len=20 caps=0x431 level=-68 wps
02-12 10:47:26.020 D/wpa_supplicant(  651): wlan0:    skip - SSID mismatch
02-12 10:47:26.020 D/wpa_supplicant(  651): wlan0: 14: 6c:8b:2f:e8:38:24 ssid='ZTE_AP_6703' wpa_ie_len=0 rsn_ie_len=20 caps=0x511 level=-71
02-12 10:47:26.020 D/wpa_supplicant(  651): wlan0:    skip - SSID mismatch
02-12 10:47:26.020 D/wpa_supplicant(  651): wlan0: 15: 80:1f:02:43:fb:e8 ssid='Edimax AP' wpa_ie_len=0 rsn_ie_len=20 caps=0x411 level=-71
02-12 10:47:26.020 D/wpa_supplicant(  651): wlan0:    skip - SSID mismatch
02-12 10:47:26.020 D/wpa_supplicant(  651): wlan0: 16: 8c:be:be:01:00:49 ssid='mw' wpa_ie_len=0 rsn_ie_len=20 caps=0x431 level=-71
02-12 10:47:26.020 D/wpa_supplicant(  651): wlan0:    skip - SSID mismatch
02-12 10:47:26.020 D/wpa_supplicant(  651): wlan0: 17: 74:e5:43:24:f4:5b ssid='Dttest' wpa_ie_len=0 rsn_ie_len=20 caps=0x31 level=-80
02-12 10:47:26.020 D/wpa_supplicant(  651): wlan0:    skip - SSID mismatch
02-12 10:47:26.020 D/wpa_supplicant(  651): wlan0: 18: 50:bd:5f:4b:29:92 ssid='Internet-2' wpa_ie_len=0 rsn_ie_len=0 caps=0x421 level=-63
02-12 10:47:26.020 D/wpa_supplicant(  651): wlan0:    skip - SSID mismatch
02-12 10:47:26.020 D/wpa_supplicant(  651): wlan0: 19: e4:d3:32:dd:18:62 ssid='Internet' wpa_ie_len=0 rsn_ie_len=0 caps=0x421 level=-65
02-12 10:47:26.020 D/wpa_supplicant(  651): wlan0:    skip - SSID mismatch
02-12 10:47:26.020 D/wpa_supplicant(  651): wlan0: Selecting BSS from priority group 4
02-12 10:47:26.020 D/wpa_supplicant(  651): wlan0: 0: 6c:8b:2f:e9:d1:da ssid='ZTE_AP_1640' wpa_ie_len=0 rsn_ie_len=20 caps=0x511 level=-43
02-12 10:47:26.020 D/wpa_supplicant(  651): wlan0:    skip - disabled
02-12 10:47:26.020 D/wpa_supplicant(  651): wlan0: 1: f8:d1:11:e7:99:e8 ssid='videotest' wpa_ie_len=22 rsn_ie_len=20 caps=0x531 level=-47 wps
02-12 10:47:26.020 D/wpa_supplicant(  651): wlan0:    skip - disabled
02-12 10:47:26.020 D/wpa_supplicant(  651): wlan0: 2: c8:d7:19:60:62:f2 ssid='E3000-2.4G' wpa_ie_len=0 rsn_ie_len=20 caps=0x411 level=-47
02-12 10:47:26.020 D/wpa_supplicant(  651): wlan0:    skip - disabled
02-12 10:47:26.020 D/wpa_supplicant(  651): wlan0: 3: 10:c3:7b:d2:e5:e0 ssid='ASUS_RT-AC66U-2.4G' wpa_ie_len=0 rsn_ie_len=20 caps=0x411 level=-55 wps
02-12 10:47:26.020 D/wpa_supplicant(  651): wlan0:    skip - disabled
02-12 10:47:26.020 D/wpa_supplicant(  651): wlan0: 4: 44:94:fc:3d:da:38 ssid='6300' wpa_ie_len=0 rsn_ie_len=20 caps=0x411 level=-58 wps
02-12 10:47:26.020 D/wpa_supplicant(  651): wlan0:    skip - disabled
02-12 10:47:26.020 D/wpa_supplicant(  651): wlan0: 5: cc:34:29:2b:26:4c ssid='cws-test' wpa_ie_len=0 rsn_ie_len=20 caps=0x431 level=-58 wps
02-12 10:47:26.020 D/wpa_supplicant(  651): wlan0:    skip - disabled
02-12 10:47:26.020 D/wpa_supplicant(  651): wlan0: 6: c0:c1:c0:76:81:3c ssid='E2000' wpa_ie_len=0 rsn_ie_len=20 caps=0x411 level=-59 wps
02-12 10:47:26.020 D/wpa_supplicant(  651): wlan0:    skip - disabled
02-12 10:47:26.020 D/wpa_supplicant(  651): wlan0: 7: 02:1a:11:fd:45:ed ssid='Android' wpa_ie_len=0 rsn_ie_len=20 caps=0x511 level=-60
02-12 10:47:26.020 D/wpa_supplicant(  651): wlan0:    skip - disabled
02-12 10:47:26.020 D/wpa_supplicant(  651): wlan0: 8: b0:48:7a:20:66:6a ssid='TP-LINK_20666A' wpa_ie_len=22 rsn_ie_len=20 caps=0x431 level=-62 wps
02-12 10:47:26.020 D/wpa_supplicant(  651): wlan0:    skip - disabled
02-12 10:47:26.020 D/wpa_supplicant(  651): wlan0: 9: 98:fc:11:81:35:fb ssid='E2000E' wpa_ie_len=0 rsn_ie_len=20 caps=0x411 level=-65 wps
02-12 10:47:26.020 D/wpa_supplicant(  651): wlan0:    skip - disabled
02-12 10:47:26.020 D/wpa_supplicant(  651): wlan0: 10: 02:1a:11:fa:9e:f1 ssid='love U forever' wpa_ie_len=0 rsn_ie_len=20 caps=0x431 level=-66
02-12 10:47:26.020 D/wpa_supplicant(  651): wlan0:    skip - disabled
02-12 10:47:26.020 D/wpa_supplicant(  651): wlan0: 11: b0:48:7a:51:ff:cc ssid='Neusoft TP' wpa_ie_len=22 rsn_ie_len=20 caps=0x431 level=-66 wps
02-12 10:47:26.020 D/wpa_supplicant(  651): wlan0:    skip - disabled
02-12 10:47:26.020 D/wpa_supplicant(  651): wlan0: 12: cc:34:29:2c:fb:ec ssid='linksys' wpa_ie_len=22 rsn_ie_len=20 caps=0x431 level=-68 wps
02-12 10:47:26.020 D/wpa_supplicant(  651): wlan0:    skip - disabled
02-12 10:47:26.020 D/wpa_supplicant(  651): wlan0: 13: 14:d6:4d:28:ef:c8 ssid='dlink' wpa_ie_len=0 rsn_ie_len=20 caps=0x431 level=-68 wps
02-12 10:47:26.020 D/wpa_supplicant(  651): wlan0:    skip - disabled
02-12 10:47:26.020 D/wpa_supplicant(  651): wlan0: 14: 6c:8b:2f:e8:38:24 ssid='ZTE_AP_6703' wpa_ie_len=0 rsn_ie_len=20 caps=0x511 level=-71
02-12 10:47:26.020 D/wpa_supplicant(  651): wlan0:    skip - disabled
02-12 10:47:26.020 D/wpa_supplicant(  651): wlan0: 15: 80:1f:02:43:fb:e8 ssid='Edimax AP' wpa_ie_len=0 rsn_ie_len=20 caps=0x411 level=-71
02-12 10:47:26.020 D/wpa_supplicant(  651): wlan0:    skip - disabled
02-12 10:47:26.020 D/wpa_supplicant(  651): wlan0: 16: 8c:be:be:01:00:49 ssid='mw' wpa_ie_len=0 rsn_ie_len=20 caps=0x431 level=-71
02-12 10:47:26.020 D/wpa_supplicant(  651): wlan0:    skip - disabled
02-12 10:47:26.020 D/wpa_supplicant(  651): wlan0: 17: 74:e5:43:24:f4:5b ssid='Dttest' wpa_ie_len=0 rsn_ie_len=20 caps=0x31 level=-80
02-12 10:47:26.020 D/wpa_supplicant(  651): wlan0:    skip - disabled
02-12 10:47:26.020 D/wpa_supplicant(  651): wlan0: 18: 50:bd:5f:4b:29:92 ssid='Internet-2' wpa_ie_len=0 rsn_ie_len=0 caps=0x421 level=-63
02-12 10:47:26.020 D/wpa_supplicant(  651): wlan0:    skip - disabled
02-12 10:47:26.020 D/wpa_supplicant(  651): wlan0: 19: e4:d3:32:dd:18:62 ssid='Internet' wpa_ie_len=0 rsn_ie_len=0 caps=0x421 level=-65
02-12 10:47:26.020 D/wpa_supplicant(  651): wlan0:    skip - disabled
02-12 10:47:26.020 D/wpa_supplicant(  651): wlan0: No suitable network found
02-12 10:47:26.020 D/wpa_supplicant(  651): wlan0: Setting scan request: 40 sec 0 usec
02-12 10:47:26.020 D/wpa_supplicant(  651): wlan0: Checking for other virtual interfaces sharing same radio (phy0) in event_scan_results
02-12 10:47:26.020 D/wpa_supplicant(  651): p2p-dev-wlan0: Updating scan results from sibling
02-12 10:47:26.020 D/wpa_supplicant(  651): nl80211: Received scan results (20 BSSes)
02-12 10:47:26.020 D/wpa_supplicant(  651): nl80211: Survey data missing
02-12 10:47:26.020 D/wpa_supplicant(  651): p2p-dev-wlan0: BSS: Start scan result update 256
02-12 10:47:26.020 D/wpa_supplicant(  651): BSS: No P2P IE - skipping BSS 6c:8b:2f:e9:d1:da update for P2P interface
02-12 10:47:26.020 D/wpa_supplicant(  651): BSS: No P2P IE - skipping BSS f8:d1:11:e7:99:e8 update for P2P interface
02-12 10:47:26.020 D/wpa_supplicant(  651): BSS: No P2P IE - skipping BSS c8:d7:19:60:62:f2 update for P2P interface
02-12 10:47:26.020 D/wpa_supplicant(  651): BSS: No P2P IE - skipping BSS 10:c3:7b:d2:e5:e0 update for P2P interface
02-12 10:47:26.020 D/wpa_supplicant(  651): BSS: No P2P IE - skipping BSS 44:94:fc:3d:da:38 update for P2P interface
02-12 10:47:26.020 D/wpa_supplicant(  651): BSS: No P2P IE - skipping BSS cc:34:29:2b:26:4c update for P2P interface
02-12 10:47:26.020 D/wpa_supplicant(  651): BSS: No P2P IE - skipping BSS c0:c1:c0:76:81:3c update for P2P interface
02-12 10:47:26.020 D/wpa_supplicant(  651): BSS: No P2P IE - skipping BSS 02:1a:11:fd:45:ed update for P2P interface
02-12 10:47:26.020 D/wpa_supplicant(  651): BSS: No P2P IE - skipping BSS b0:48:7a:20:66:6a update for P2P interface
02-12 10:47:26.020 D/wpa_supplicant(  651): BSS: No P2P IE - skipping BSS 98:fc:11:81:35:fb update for P2P interface
02-12 10:47:26.020 D/wpa_supplicant(  651): BSS: No P2P IE - skipping BSS 02:1a:11:fa:9e:f1 update for P2P interface
02-12 10:47:26.020 D/wpa_supplicant(  651): BSS: No P2P IE - skipping BSS b0:48:7a:51:ff:cc update for P2P interface
02-12 10:47:26.020 D/wpa_supplicant(  651): BSS: No P2P IE - skipping BSS cc:34:29:2c:fb:ec update for P2P interface
02-12 10:47:26.020 D/wpa_supplicant(  651): BSS: No P2P IE - skipping BSS 14:d6:4d:28:ef:c8 update for P2P interface
02-12 10:47:26.020 D/wpa_supplicant(  651): BSS: No P2P IE - skipping BSS 6c:8b:2f:e8:38:24 update for P2P interface
02-12 10:47:26.020 D/wpa_supplicant(  651): BSS: No P2P IE - skipping BSS 80:1f:02:43:fb:e8 update for P2P interface
02-12 10:47:26.020 D/wpa_supplicant(  651): BSS: No P2P IE - skipping BSS 8c:be:be:01:00:49 update for P2P interface
02-12 10:47:26.020 D/wpa_supplicant(  651): BSS: No P2P IE - skipping BSS 74:e5:43:24:f4:5b update for P2P interface
02-12 10:47:26.020 D/wpa_supplicant(  651): BSS: No P2P IE - skipping BSS 50:bd:5f:4b:29:92 update for P2P interface
02-12 10:47:26.020 D/wpa_supplicant(  651): BSS: No P2P IE - skipping BSS e4:d3:32:dd:18:62 update for P2P interface
02-12 10:47:26.020 D/wpa_supplicant(  651): BSS: last_scan_res_used=0/32 last_scan_full=0
02-12 10:47:26.020 D/wpa_supplicant(  651): p2p-dev-wlan0: New scan results available
02-12 10:47:26.020 D/wpa_supplicant(  651): CTRL_IFACE monitor send - hexdump(len=39): 2f 64 61 74 61 2f 6d 69 73 63 2f 77 69 66 69 2f 73 6f 63 6b 65 74 73 2f 77 70 61 5f 63 74 72 6c ...
02-12 10:47:26.020 D/wpa_supplicant(  651): WPS: AP[0] 10:c3:7b:d2:e5:e0 type=0 tries=0 last_attempt=-1 sec ago blacklist=0
02-12 10:47:26.020 I/WifiHW  (  504): EVENT: IFNAME=p2p-dev-wlan0 CTRL-EVENT-SCAN-RESULTS 
02-12 10:47:26.020 D/wpa_supplicant(  651): WPS: AP[1] b0:48:7a:20:66:6a type=0 tries=0 last_attempt=-1 sec ago blacklist=0
02-12 10:47:26.020 D/wpa_supplicant(  651): WPS: AP[2] f8:d1:11:e7:99:e8 type=0 tries=0 last_attempt=-1 sec ago blacklist=0
02-12 10:47:26.020 D/wpa_supplicant(  651): WPS: AP[3] 44:94:fc:3d:da:38 type=0 tries=0 last_attempt=-1 sec ago blacklist=0
02-12 10:47:26.020 D/wpa_supplicant(  651): WPS: AP[4] cc:34:29:2c:fb:ec type=0 tries=0 last_attempt=-1 sec ago blacklist=0
02-12 10:47:26.020 D/wpa_supplicant(  651): WPS: AP[5] c8:d7:19:60:62:f2 type=0 tries=0 last_attempt=-1 sec ago blacklist=0
02-12 10:47:26.020 D/wpa_supplicant(  651): WPS: AP[6] cc:34:29:2b:26:4c type=0 tries=0 last_attempt=-1 sec ago blacklist=0
02-12 10:47:26.020 D/wpa_supplicant(  651): WPS: AP[7] 98:fc:11:81:35:fb type=0 tries=0 last_attempt=-1 sec ago blacklist=0
02-12 10:47:26.020 D/wpa_supplicant(  651): WPS: AP[8] 14:d6:4d:28:ef:c8 type=0 tries=0 last_attempt=-1 sec ago blacklist=0
02-12 10:47:26.020 D/wpa_supplicant(  651): WPS: AP[9] b0:48:7a:51:ff:cc type=0 tries=0 last_attempt=-1 sec ago blacklist=0
02-12 10:47:26.020 D/wpa_supplicant(  651): WPS: AP[10] 7a:ff:57:00:13:56 type=0 tries=0 last_attempt=-1 sec ago blacklist=0
02-12 10:47:26.020 D/wpa_supplicant(  651): WPS: AP[11] c0:a0:bb:20:3b:84 type=0 tries=0 last_attempt=-1 sec ago blacklist=0
02-12 10:47:26.020 D/wpa_supplicant(  651): WPS: AP[12] c0:c1:c0:76:81:3c type=0 tries=0 last_attempt=-1 sec ago blacklist=0
02-12 10:47:26.020 D/wpa_supplicant(  651): WPS: AP[13] 5e:f3:70:0c:91:9a type=0 tries=0 last_attempt=-1 sec ago blacklist=0
02-12 10:47:26.020 D/wpa_supplicant(  651): WPS: AP[14] 02:09:4c:42:36:90 type=0 tries=0 last_attempt=-1 sec ago blacklist=0
02-12 10:47:26.020 D/wpa_supplicant(  651): WPS: AP[15] e4:d3:32:36:2e:54 type=0 tries=0 last_attempt=-1 sec ago blacklist=0
02-12 10:47:26.020 D/wpa_supplicant(  651): p2p-dev-wlan0: No suitable network found
02-12 10:47:26.020 D/wpa_supplicant(  651): p2p-dev-wlan0: Short-circuit new scan request since there are no enabled networks
02-12 10:47:26.020 D/wpa_supplicant(  651): p2p-dev-wlan0: State: INACTIVE -> INACTIVE
02-12 10:47:26.020 D/wpa_supplicant(  651): wlan0: P2P: Station mode scan operation not pending anymore (sta_scan_pending=0 p2p_cb_on_scan_complete=0)
02-12 10:47:26.020 D/wpa_supplicant(  651): RX ctrl_iface - hexdump(len=25): 42 53 53 20 52 41 4e 47 45 3d 30 2d 20 4d 41 53 4b 3d 30 78 32 31 39 38 37
02-12 10:47:26.020 D/wpa_supplicant(  651): wlan0: Control interface command 'BSS RANGE=0- MASK=0x21987'
02-12 10:47:26.020 I/WifiHW  (  504): REPLY: id=328
02-12 10:47:26.020 I/WifiHW  (  504): REPLY: bssid=c8:d7:19:60:62:f2
02-12 10:47:26.020 I/WifiHW  (  504): REPLY: freq=2437
02-12 10:47:26.020 I/WifiHW  (  504): REPLY: level=-47
02-12 10:47:26.020 I/WifiHW  (  504): REPLY: tsf=0000064382202977
02-12 10:47:26.020 I/WifiHW  (  504): REPLY: flags=[WPA2-EAP-CCMP-preauth][ESS]
02-12 10:47:26.020 I/WifiHW  (  504): REPLY: ssid=E3000-2.4G
02-12 10:47:26.020 I/WifiHW  (  504): REPLY: ====
02-12 10:47:26.020 I/WifiHW  (  504): REPLY: id=329
02-12 10:47:26.020 I/WifiHW  (  504): REPLY: bssid=10:c3:7b:d2:e5:e0
02-12 10:47:26.020 I/WifiHW  (  504): REPLY: freq=2462
02-12 10:47:26.020 I/WifiHW  (  504): REPLY: level=-55
02-12 10:47:26.020 I/WifiHW  (  504): REPLY: tsf=0000064382203017
02-12 10:47:26.020 I/WifiHW  (  504): REPLY: flags=[WPA2-PSK-CCMP][WPS][ESS]
02-12 10:47:26.020 I/WifiHW  (  504): REPLY: ssid=ASUS_RT-AC66U-2.4G
02-12 10:47:26.020 I/WifiHW  (  504): REPLY: ====
02-12 10:47:26.020 I/WifiHW  (  504): REPLY: id=331
02-12 10:47:26.020 I/WifiHW  (  504): REPLY: bssid=b0:48:7a:20:66:6a
02-12 10:47:26.020 I/WifiHW  (  504): REPLY: freq=2427
02-12 10:47:26.020 I/WifiHW  (  504): REPLY: level=-62
02-12 10:47:26.020 I/WifiHW  (  504): REPLY: tsf=0000064382202886
02-12 10:47:26.020 I/WifiHW  (  504): REPLY: flags=[WPA-PSK-CCMP][WPA2-PSK-CCMP][WPS][ESS]
02-12 10:47:26.020 I/WifiHW  (  504): REPLY: ssid=TP-LINK_20666A
02-12 10:47:26.020 I/WifiHW  (  504): REPLY: ====
02-12 10:47:26.020 I/WifiHW  (  504): REPLY: id=332
02-12 10:47:26.030 I/WifiHW  (  504): REPLY: bssid=44:94:fc:3d:da:38
02-12 10:47:26.030 I/WifiHW  (  504): REPLY: freq=2462
02-12 10:47:26.030 I/WifiHW  (  504): REPLY: level=-58
02-12 10:47:26.030 I/WifiHW  (  504): REPLY: tsf=0000064382202986
02-12 10:47:26.030 I/WifiHW  (  504): REPLY: flags=[WPA2-PSK-CCMP][WPS][ESS]
02-12 10:47:26.030 I/WifiHW  (  504): REPLY: ssid=6300
02-12 10:47:26.030 I/WifiHW  (  504): REPLY: ====
02-12 10:47:26.030 I/WifiHW  (  504): REPLY: id=333
02-12 10:47:26.030 I/WifiHW  (  504): REPLY: bssid=c0:c1:c0:76:81:3c
02-12 10:47:26.030 I/WifiHW  (  504): REPLY: freq=2437
02-12 10:47:26.030 I/WifiHW  (  504): REPLY: level=-59
02-12 10:47:26.030 I/WifiHW  (  504): REPLY: tsf=0000064382202926
02-12 10:47:26.030 I/WifiHW  (  504): REPLY: flags=[WPA2-PSK-CCMP][WPS][ESS]
02-12 10:47:26.030 I/WifiHW  (  504): REPLY: ssid=E2000
02-12 10:47:26.030 I/WifiHW  (  504): REPLY: ====
02-12 10:47:26.030 I/WifiHW  (  504): REPLY: id=334
02-12 10:47:26.030 I/WifiHW  (  504): REPLY: bssid=98:fc:11:81:35:fb
02-12 10:47:26.030 I/WifiHW  (  504): REPLY: freq=2412
02-12 10:47:26.030 I/WifiHW  (  504): REPLY: level=-65
02-12 10:47:26.030 I/WifiHW  (  504): REPLY: tsf=0000064382202848
02-12 10:47:26.030 I/WifiHW  (  504): REPLY: flags=[WPA2-PSK-CCMP][WPS][ESS]
02-12 10:47:26.030 I/WifiHW  (  504): REPLY: ssid=E2000E
02-12 10:47:26.030 I/WifiHW  (  504): REPLY: ====
02-12 10:47:26.030 I/WifiHW  (  504): REPLY: id=337
02-12 10:47:26.030 I/WifiHW  (  504): REPLY: bssid=cc:34:29:2b:26:4c
02-12 10:47:26.030 I/WifiHW  (  504): REPLY: freq=2462
02-12 10:47:26.030 I/WifiHW  (  504): REPLY: level=-58
02-12 10:47:26.030 I/WifiHW  (  504): REPLY: tsf=0000064382202996
02-12 10:47:26.030 I/WifiHW  (  504): REPLY: flags=[WPA2-PSK-CCMP][WPS][ESS]
02-12 10:47:26.030 I/WifiHW  (  504): REPLY: ssid=cws-test
02-12 10:47:26.030 I/WifiHW  (  504): REPLY: ====
02-12 10:47:26.030 I/WifiHW  (  504): REPLY: id=345
02-12 10:47:26.030 I/WifiHW  (  504): REPLY: bssid=f8:d1:11:e7:99:e8
02-12 10:47:26.030 I/WifiHW  (  504): REPLY: freq=2437
02-12 10:47:26.030 I/WifiHW  (  504): REPLY: level=-47
02-12 10:47:26.030 I/WifiHW  (  504): REPLY: tsf=0000064382202960
02-12 10:47:26.030 I/WifiHW  (  504): REPLY: flags=[WPA-PSK-CCMP][WPA2-PSK-CCMP][WPS][ESS]
02-12 10:47:26.030 I/WifiHW  (  504): REPLY: ssid=videotest
02-12 10:47:26.030 I/WifiHW  (  504): REPLY: ====
02-12 10:47:26.030 I/WifiHW  (  504): REPLY: id=405
02-12 10:47:26.030 I/WifiHW  (  504): REPLY: bssid=02:1a:11:fd:45:ed
02-12 10:47:26.030 I/WifiHW  (  504): REPLY: freq=2437
02-12 10:47:26.030 I/WifiHW  (  504): REPLY: level=-60
02-12 10:47:26.030 I/WifiHW  (  504): REPLY: tsf=0000064382202951
02-12 10:47:26.030 I/WifiHW  (  504): REPLY: flags=[WPA2-PSK-CCMP][ESS]
02-12 10:47:26.030 I/WifiHW  (  504): REPLY: ssid=Android
02-12 10:47:26.030 I/WifiHW  (  504): REPLY: ====
02-12 10:47:26.030 I/WifiHW  (  504): REPLY: id=421
02-12 10:47:26.030 I/WifiHW  (  504): REPLY: bssid=80:1f:02:43:fb:e8
02-12 10:47:26.030 I/WifiHW  (  504): REPLY: freq=2412
02-12 10:47:26.030 I/WifiHW  (  504): REPLY: level=-71
02-12 10:47:26.030 I/WifiHW  (  504): REPLY: tsf=0000064382202865
02-12 10:47:26.030 I/WifiHW  (  504): REPLY: flags=[WPA2-PSK-CCMP-preauth][ESS]
02-12 10:47:26.030 I/WifiHW  (  504): REPLY: ssid=Edimax AP
02-12 10:47:26.030 I/WifiHW  (  504): REPLY: ====
02-12 10:47:26.030 I/WifiHW  (  504): REPLY: id=491
02-12 10:47:26.030 I/WifiHW  (  504): REPLY: bssid=cc:34:29:2c:fb:ec
02-12 10:47:26.030 I/WifiHW  (  504): REPLY: freq=2412
02-12 10:47:26.030 I/WifiHW  (  504): REPLY: level=-68
02-12 10:47:26.030 I/WifiHW  (  504): REPLY: tsf=0000064382202857
02-12 10:47:26.030 I/WifiHW  (  504): REPLY: flags=[WPA-PSK-CCMP][WPA2-PSK-CCMP][WPS][ESS]
02-12 10:47:26.030 I/WifiHW  (  504): REPLY: ssid=linksys
02-12 10:47:26.030 I/WifiHW  (  504): REPLY: ====
02-12 10:47:26.030 I/WifiHW  (  504): REPLY: id=525
02-12 10:47:26.030 I/WifiHW  (  504): REPLY: bssid=74:e5:43:24:f4:5b
02-12 10:47:26.030 I/WifiHW  (  504): REPLY: freq=2412
02-12 10:47:26.030 I/WifiHW  (  504): REPLY: level=-80
02-12 10:47:26.030 I/WifiHW  (  504): REPLY: tsf=0000064382202839
02-12 10:47:26.030 I/WifiHW  (  504): REPLY: flags=[WPA2-PSK-CCMP][ESS]
02-12 10:47:26.030 I/WifiHW  (  504): REPLY: ssid=Dttest
02-12 10:47:26.030 I/WifiHW  (  504): REPLY: ====
02-12 10:47:26.030 D/wpa_supplicant(  651): RTM_NEWLINK: operstate=0 ifi_flags=0x11003 ([UP][LOWER_UP])
02-12 10:47:26.030 I/WifiHW  (  504): REPLY: id=535
02-12 10:47:26.030 I/WifiHW  (  504): REPLY: bssid=50:bd:5f:4b:29:92
02-12 10:47:26.030 I/WifiHW  (  504): REPLY: freq=2437
02-12 10:47:26.030 I/WifiHW  (  504): REPLY: level=-63
02-12 10:47:26.030 I/WifiHW  (  504): REPLY: tsf=0000064382202905
02-12 10:47:26.030 I/WifiHW  (  504): REPLY: flags=[ESS]
02-12 10:47:26.030 I/WifiHW  (  504): REPLY: ssid=Internet-2
02-12 10:47:26.030 I/WifiHW  (  504): REPLY: ====
02-12 10:47:26.030 I/WifiHW  (  504): REPLY: id=550
02-12 10:47:26.030 I/WifiHW  (  504): REPLY: bssid=00:0f:e2:0f:9f:c1
02-12 10:47:26.030 I/WifiHW  (  504): REPLY: freq=2462
02-12 10:47:26.030 I/WifiHW  (  504): REPLY: level=-75
02-12 10:47:26.030 I/WifiHW  (  504): REPLY: tsf=0000064341004331
02-12 10:47:26.030 I/WifiHW  (  504): REPLY: flags=[WPA-PSK-CCMP+TKIP][WPA2-PSK-CCMP+TKIP][ESS]
02-12 10:47:26.030 I/WifiHW  (  504): REPLY: ssid=321_WAN
02-12 10:47:26.030 I/WifiHW  (  504): REPLY: ====
02-12 10:47:26.030 I/WifiHW  (  504): REPLY: id=557
02-12 10:47:26.030 I/WifiHW  (  504): REPLY: bssid=6c:8b:2f:e9:d1:da
02-12 10:47:26.030 I/WifiHW  (  504): REPLY: freq=2437
02-12 10:47:26.030 I/WifiHW  (  504): REPLY: level=-43
02-12 10:47:26.030 I/WifiHW  (  504): REPLY: tsf=0000064382202913
02-12 10:47:26.030 I/WifiHW  (  504): REPLY: flags=[WPA2-PSK-CCMP][ESS]
02-12 10:47:26.030 I/WifiHW  (  504): REPLY: ssid=ZTE_AP_1640
02-12 10:47:26.030 I/WifiHW  (  504): REPLY: ====
02-12 10:47:26.030 I/WifiHW  (  504): REPLY: id=567
02-12 10:47:26.030 I/WifiHW  (  504): REPLY: bssid=8c:be:be:01:00:49
02-12 10:47:26.030 I/WifiHW  (  504): REPLY: freq=2412
02-12 10:47:26.030 I/WifiHW  (  504): REPLY: level=-71
02-12 10:47:26.030 I/WifiHW  (  504): REPLY: tsf=0000064382202872
02-12 10:47:26.030 I/WifiHW  (  504): REPLY: flags=[WPA2-PSK-CCMP][ESS]
02-12 10:47:26.030 I/WifiHW  (  504): REPLY: ssid=mw
02-12 10:47:26.030 I/WifiHW  (  504): REPLY: ====
02-12 10:47:26.030 I/WifiHW  (  504): REPLY: id=570
02-12 10:47:26.030 I/WifiHW  (  504): REPLY: bssid=6c:8b:2f:e8:38:24
02-12 10:47:26.030 I/WifiHW  (  504): REPLY: freq=2437
02-12 10:47:26.030 I/WifiHW  (  504): REPLY: level=-71
02-12 10:47:26.030 I/WifiHW  (  504): REPLY: tsf=0000064382202934
02-12 10:47:26.030 I/WifiHW  (  504): REPLY: flags=[WPA2-PSK-CCMP][ESS]
02-12 10:47:26.030 I/WifiHW  (  504): REPLY: ssid=ZTE_AP_6703
02-12 10:47:26.030 I/WifiHW  (  504): REPLY: ====
02-12 10:47:26.030 I/WifiHW  (  504): REPLY: id=572
02-12 10:47:26.030 I/WifiHW  (  504): REPLY: bssid=b0:48:7a:51:ff:cc
02-12 10:47:26.030 I/WifiHW  (  504): REPLY: freq=2452
02-12 10:47:26.030 I/WifiHW  (  504): REPLY: level=-66
02-12 10:47:26.030 I/WifiHW  (  504): REPLY: tsf=0000064382203009
02-12 10:47:26.030 I/WifiHW  (  504): REPLY: flags=[WPA-PSK-CCMP][WPA2-PSK-CCMP][WPS][ESS]
02-12 10:47:26.030 I/WifiHW  (  504): REPLY: ssid=Neusoft TP
02-12 10:47:26.030 I/WifiHW  (  504): REPLY: ====
02-12 10:47:26.030 I/WifiHW  (  504): REPLY: id=590
02-12 10:47:26.030 I/WifiHW  (  504): REPLY: bssid=c0:cb:38:7f:c9:09
02-12 10:47:26.030 I/WifiHW  (  504): REPLY: freq=2437
02-12 10:47:26.030 I/WifiHW  (  504): REPLY: level=-80
02-12 10:47:26.030 I/WifiHW  (  504): REPLY: tsf=0000064341004249
02-12 10:47:26.030 I/WifiHW  (  504): REPLY: flags=[WPA2-PSK-CCMP][ESS]
02-12 10:47:26.030 I/WifiHW  (  504): REPLY: ssid=360WiFi-7908
02-12 10:47:26.030 I/WifiHW  (  504): REPLY: ====
02-12 10:47:26.030 I/WifiHW  (  504): REPLY: id=595
02-12 10:47:26.030 I/WifiHW  (  504): REPLY: bssid=e4:d3:32:c0:cf:a4
02-12 10:47:26.030 I/WifiHW  (  504): REPLY: freq=2437
02-12 10:47:26.030 I/WifiHW  (  504): REPLY: level=-69
02-12 10:47:26.030 I/WifiHW  (  504): REPLY: tsf=0000064341004236
02-12 10:47:26.030 I/WifiHW  (  504): REPLY: flags=[WPA2-PSK-CCMP][ESS]
02-12 10:47:26.030 I/WifiHW  (  504): REPLY: ssid=fast
02-12 10:47:26.030 I/WifiHW  (  504): REPLY: ====
02-12 10:47:26.030 I/WifiHW  (  504): REPLY: id=606
02-12 10:47:26.030 I/WifiHW  (  504): REPLY: bssid=e4:d3:32:dd:18:62
02-12 10:47:26.030 I/WifiHW  (  504): REPLY: freq=2437
02-12 10:47:26.030 I/WifiHW  (  504): REPLY: level=-65
02-12 10:47:26.030 I/WifiHW  (  504): REPLY: tsf=0000064382202896
02-12 10:47:26.030 I/WifiHW  (  504): REPLY: flags=[ESS]
02-12 10:47:26.030 I/WifiHW  (  504): REPLY: ssid=Internet
02-12 10:47:26.030 I/WifiHW  (  504): REPLY: ====
02-12 10:47:26.030 I/WifiHW  (  504): REPLY: id=611
02-12 10:47:26.030 I/WifiHW  (  504): REPLY: bssid=1c:65:9d:e8:79:44
02-12 10:47:26.030 I/WifiHW  (  504): REPLY: freq=2437
02-12 10:47:26.030 I/WifiHW  (  504): REPLY: level=-75
02-12 10:47:26.030 I/WifiHW  (  504): REPLY: tsf=0000064341004287
02-12 10:47:26.030 I/WifiHW  (  504): REPLY: flags=[WPA2-PSK-CCMP][ESS]
02-12 10:47:26.030 I/WifiHW  (  504): REPLY: ssid=WiFi
02-12 10:47:26.030 I/WifiHW  (  504): REPLY: ====
02-12 10:47:26.030 I/WifiHW  (  504): REPLY: id=615
02-12 10:47:26.030 I/WifiHW  (  504): REPLY: bssid=14:d6:4d:28:ef:c8
02-12 10:47:26.030 I/WifiHW  (  504): REPLY: freq=2437
02-12 10:47:26.030 I/WifiHW  (  504): REPLY: level=-68
02-12 10:47:26.030 I/WifiHW  (  504): REPLY: tsf=0000064382202968
02-12 10:47:26.030 I/WifiHW  (  504): REPLY: flags=[WPA2-PSK-CCMP][WPS][ESS]
02-12 10:47:26.030 I/WifiHW  (  504): REPLY: ssid=dlink
02-12 10:47:26.030 I/WifiHW  (  504): REPLY: ====
02-12 10:47:26.030 I/WifiHW  (  504): REPLY: id=617
02-12 10:47:26.030 I/WifiHW  (  504): REPLY: bssid=22:48:9a:ac:31:7f
02-12 10:47:26.030 I/WifiHW  (  504): REPLY: freq=2437
02-12 10:47:26.030 I/WifiHW  (  504): REPLY: level=-67
02-12 10:47:26.030 I/WifiHW  (  504): REPLY: tsf=0000064341004270
02-12 10:47:26.030 I/WifiHW  (  504): REPLY: flags=[WPA2-PSK-CCMP][ESS]
02-12 10:47:26.030 I/WifiHW  (  504): REPLY: ssid=WiFi874
02-12 10:47:26.030 I/WifiHW  (  504): REPLY: ====
02-12 10:47:26.030 I/WifiHW  (  504): REPLY: id=622
02-12 10:47:26.030 I/WifiHW  (  504): REPLY: bssid=02:1a:11:fa:9e:f1
02-12 10:47:26.030 I/WifiHW  (  504): REPLY: freq=2437
02-12 10:47:26.030 I/WifiHW  (  504): REPLY: level=-66
02-12 10:47:26.030 I/WifiHW  (  504): REPLY: tsf=0000064382202943
02-12 10:47:26.030 I/WifiHW  (  504): REPLY: flags=[WPA2-PSK-CCMP][ESS]
02-12 10:47:26.030 I/WifiHW  (  504): REPLY: ssid=love U forever
02-12 10:47:26.030 I/WifiHW  (  504): REPLY: ####
02-12 10:47:26.040 D/wpa_supplicant(  651): RTM_NEWLINK, IFLA_IFNAME: Interface 'wlan0' added
02-12 10:47:26.040 D/wpa_supplicant(  651): nl80211: if_removed already cleared - ignore event
02-12 10:47:26.190 W/BindingManager(22170): Cannot call determinedVisibility() - never saw a connection for the pid: 22170
02-12 10:47:26.830 W/BindingManager(22170): Cannot call determinedVisibility() - never saw a connection for the pid: 22170
02-12 10:47:27.500 W/BindingManager(22170): Cannot call determinedVisibility() - never saw a connection for the pid: 22170
02-12 10:47:28.180 W/BindingManager(22170): Cannot call determinedVisibility() - never saw a connection for the pid: 22170
02-12 10:47:28.950 W/BindingManager(22170): Cannot call determinedVisibility() - never saw a connection for the pid: 22170
02-12 10:47:29.630 W/BindingManager(22170): Cannot call determinedVisibility() - never saw a connection for the pid: 22170
02-12 10:47:29.640 I/chromium(22170): [INFO:CONSOLE(46)] "Uncaught ReferenceError: SharedWorker is not defined", source: file:///android_asset/www//opt/tct-workers-w3c-tests/workers/SharedWorkerGlobalScope_name.html (46)
02-12 10:47:32.770 W/BindingManager(22170): Cannot call determinedVisibility() - never saw a connection for the pid: 22170
02-12 10:47:33.400 W/BindingManager(22170): Cannot call determinedVisibility() - never saw a connection for the pid: 22170
02-12 10:47:33.430 I/chromium(22170): [INFO:CONSOLE(46)] "Uncaught ReferenceError: SharedWorker is not defined", source: file:///android_asset/www//opt/tct-workers-w3c-tests/workers/SharedWorkerGlobalScope_onconnect.html (46)
02-12 10:47:36.540 W/BindingManager(22170): Cannot call determinedVisibility() - never saw a connection for the pid: 22170
02-12 10:47:37.150 W/BindingManager(22170): Cannot call determinedVisibility() - never saw a connection for the pid: 22170
02-12 10:47:37.170 I/chromium(22170): [INFO:CONSOLE(68)] "PASS: Exception thrown when creating SharedWorker with different URLs but same name: ReferenceError: SharedWorker is not defined", source: file:///android_asset/www//opt/tct-workers-w3c-tests/workers/SharedWorkerShared_name_except.html (68)
02-12 10:47:37.920 W/BindingManager(22170): Cannot call determinedVisibility() - never saw a connection for the pid: 22170
02-12 10:47:38.610 W/BindingManager(22170): Cannot call determinedVisibility() - never saw a connection for the pid: 22170
02-12 10:47:38.640 I/chromium(22170): [INFO:CONSOLE(58)] "Uncaught ReferenceError: SharedWorker is not defined", source: file:///android_asset/www//opt/tct-workers-w3c-tests/workers/SharedWorkerShared_simultaneously.html (58)
02-12 10:47:40.420 D/EVENT_THREAD(  183): void CEventThread::run() POLLIN event on Fd (1)
02-12 10:47:40.420 D/EVENT_THREAD(  183): void CEventThread::run() Do poll with timeout: -1
02-12 10:47:40.430 D/EVENT_THREAD(  183): void CEventThread::run() POLLIN event on Fd (1)
02-12 10:47:40.430 D/EVENT_THREAD(  183): void CEventThread::run() Do poll with timeout: -1
02-12 10:47:40.430 I/upi_ug31xx(  166): (5050) update_capacity
02-12 10:47:40.430 I/[UPI]   (  166): <UG31/E>[UpiReadCapacity]: V=4185(4181), T=345(347-397), I=-282, C=-3(-3-0)
02-12 10:47:40.430 I/[UPI]   (  166): <UG31/E>[UpiReadCapacity]: (0x10822d5a) 3779 (3664) / 3926 (4029) = 96
02-12 10:47:40.430 I/[UPI]   (  166): <UG31/E>[UpiReadCapacity]: (0x10822d5a) 3779 (3664) / 3926 (4029) = 96
02-12 10:47:40.430 I/[UPI]   (  166): <UG31/E>[UpiReadCapacity]: (0x10822d5a) 3776 (3776) / 3926 (4029) = 96
02-12 10:47:40.430 I/[UPI]   (  166): <UG31/E>[RsocFilterCountTime]: (0x10822d5a) Step=3(212780), Full=1(212780), Lock=212780(1800000)
02-12 10:47:40.430 I/[UPI]   (  166): <UG31/E>[UpiReadCapacity]: (0x10822d5a) 3776 (3776) / 3926 (4029) = 96 (-282--282)
02-12 10:47:40.430 I/[UPI]   (  166): <UG31/E><BATT> M:normal, P:96(96-96)%, V:4181mV, C:-276mA, T:34.7C(397), S:0x10822d5a(100), R:3776mAh, F:3926mAh, Q:323mAh, CC:3, P:30.400(287-0)s, BO:7, 97:615:0-44af-9m:B001-20140514-144301 (16)
02-12 10:47:40.430 I/upi_ug31xx(  166): (5051) backup_data 
02-12 10:47:40.430 V/upi_ug31xx(  166): state->check_backup_count = 5
02-12 10:47:41.760 W/BindingManager(22170): Cannot call determinedVisibility() - never saw a connection for the pid: 22170
02-12 10:47:42.430 W/BindingManager(22170): Cannot call determinedVisibility() - never saw a connection for the pid: 22170
02-12 10:47:42.460 I/chromium(22170): [INFO:CONSOLE(56)] "Uncaught ReferenceError: SharedWorker is not defined", source: file:///android_asset/www//opt/tct-workers-w3c-tests/workers/SharedWorkerException.html (56)
02-12 10:47:45.600 W/BindingManager(22170): Cannot call determinedVisibility() - never saw a connection for the pid: 22170
02-12 10:47:46.220 W/BindingManager(22170): Cannot call determinedVisibility() - never saw a connection for the pid: 22170
02-12 10:47:46.240 I/chromium(22170): [INFO:CONSOLE(57)] "Uncaught ReferenceError: SharedWorker is not defined", source: file:///android_asset/www//opt/tct-workers-w3c-tests/workers/SharedWorkerScriptError.html (57)
02-12 10:47:49.380 W/BindingManager(22170): Cannot call determinedVisibility() - never saw a connection for the pid: 22170
02-12 10:47:50.030 W/BindingManager(22170): Cannot call determinedVisibility() - never saw a connection for the pid: 22170
02-12 10:47:50.140 E/AndroidProtocolHandler(22170): Unable to open asset URL: file:///android_asset/www//opt/tct-workers-w3c-tests/workers/w3c/support/NonExistentFile.js
02-12 10:47:50.710 W/BindingManager(22170): Cannot call determinedVisibility() - never saw a connection for the pid: 22170
02-12 10:47:50.730 I/chromium(22170): [INFO:CONSOLE(59)] "Uncaught ReferenceError: SharedWorker is not defined", source: file:///android_asset/www//opt/tct-workers-w3c-tests/workers/SharedWorkerShared_loaded.html (59)
02-12 10:47:53.870 W/BindingManager(22170): Cannot call determinedVisibility() - never saw a connection for the pid: 22170
02-12 10:47:54.520 W/BindingManager(22170): Cannot call determinedVisibility() - never saw a connection for the pid: 22170
02-12 10:47:55.210 W/BindingManager(22170): Cannot call determinedVisibility() - never saw a connection for the pid: 22170
02-12 10:47:56.850 W/ufoGralloc(  171): registerBuffer() handle 0xb8b94300/52 didn't require registration
02-12 10:47:56.880 D/CordovaActivity(22170): Paused the application!
02-12 10:47:56.880 D/CordovaWebView(22170): Handle the pause
02-12 10:47:56.880 D/WindowManager(  504): adjustConfigurationLw, config:{1.0 ?mcc?mnc ?locale ?layoutDir sw600dp w600dp h888dp 213dpi lrg port ?uimode ?night finger -keyb/v/h -nav/v} mLidState:1 mHasDockFeature:false mHasKeyboardFeature:false mHasHallSensorFeature:true config.hardKeyboardHidden:2
02-12 10:47:56.880 I/ActivityManager(  504): [TopPkgCurBat]	NowPkgName[com.asus.launcher]	Battery[96]	TimeTick[1423709276894]	OldPkgName[org.xwalk.webapi_noneservice_tests]
02-12 10:47:56.880 I/chromium(22170): [INFO:CONSOLE(1)] "exception firing pause event from native", source:  (1)
02-12 10:47:56.890 V/WeatherTimeProvider( 1511): widget on Visibility Changed
02-12 10:47:56.910 D/dalvikvm(  504): GC_CONCURRENT freed 3827K, 48% free 17663K/33920K, paused 4ms+7ms, total 52ms
02-12 10:47:56.930 I/        (  675): EGL reinitialize
02-12 10:47:56.930 D/        (  675): droid_create_context : config id = 5 conf->NativeVisualID=1
02-12 10:47:56.930 D/        (  675): Pixel Format : GGL_PIXEL_FORMAT_RGBA_8888
02-12 10:47:56.930 I/        (  675): Requested context : GLES 2.0
02-12 10:47:56.950 D/        (  675): Pixel Format : GGL_PIXEL_FORMAT_RGBA_8888
02-12 10:47:56.960 W/IInputConnectionWrapper(22170): showStatusIcon on inactive InputConnection
02-12 10:47:56.970 D/XT9IME  (  722): new subtype :zh_CN ,pinyin
02-12 10:47:57.010 V/RenderScript(  675): Application requested CPU execution
02-12 10:47:57.010 V/RenderScript(  675): 0x63345ea0 Launching thread(s), CPUs 4
02-12 10:47:57.010 D/RenderScript(  675): Load RS driver 'libRSDriver.so' successfully.
02-12 10:47:57.050 D/ImageWallpaper(  566): onVisibilityChanged: mVisible, visible=false, true
02-12 10:47:57.050 D/ImageWallpaper(  566): Visibility changed to visible=true
02-12 10:47:57.050 D/BatteryStatsImpl(  504): noteStopWakeLocked system isFromForeground = false
02-12 10:47:57.060 D/ImageWallpaper(  566): Suppressed drawFrame since redraw is not needed and offsets have not changed.
02-12 10:47:57.080 D/        (22170): Surface destroy: ANDROID_NATIVE_WINDOW_MAGIC
02-12 10:47:57.080 D/        (22170): Surface destroy: ANDROID_NATIVE_WINDOW_MAGIC
02-12 10:47:57.470 W/SurfaceFlinger(  171): couldn't log to binary event log: overflow.
02-12 10:47:57.470 D/        (22170): Pixel Format : GGL_PIXEL_FORMAT_RGBA_8888
02-12 10:47:57.490 D/CordovaActivity(22170): CordovaActivity.onDestroy()
02-12 10:47:57.490 D/CordovaWebView(22170): >>> loadUrlNow()
02-12 10:47:57.490 W/ScreenOrientationListener(22170): Removing an inexistent observer!
02-12 10:47:57.540 D/AndroidRuntime(22651): 
02-12 10:47:57.540 D/AndroidRuntime(22651): >>>>>> AndroidRuntime START com.android.internal.os.RuntimeInit <<<<<<
02-12 10:47:57.540 D/AndroidRuntime(22651): CheckJNI is OFF
02-12 10:47:57.540 I/AndroidRuntime(22651): Kernel Release Version: 3.10.20-gf818079
02-12 10:47:57.540 I/dalvikvm(22651): No library specified. The standard exception handler will be used
02-12 10:47:57.540 I/dalvikvm(22651): 
02-12 10:47:57.540 I/dalvikvm(22651): +++++++++++++ Using PCG. +++++++++++++++++++++
02-12 10:47:57.550 D/dalvikvm(22651): Trying to load lib libjavacore.so 0x0
02-12 10:47:57.550 D/dalvikvm(22651): Added shared lib libjavacore.so 0x0
02-12 10:47:57.550 D/dalvikvm(22651): Trying to load lib libnativehelper.so 0x0
02-12 10:47:57.550 D/dalvikvm(22651): Added shared lib libnativehelper.so 0x0
02-12 10:47:57.550 D/dalvikvm(22651): No JNI_OnLoad found in libnativehelper.so 0x0, skipping init
02-12 10:47:57.560 D/dalvikvm(22651): Extra Options: not specified
02-12 10:47:57.570 D/dalvikvm(22651): Note: class Landroid/app/ActivityManagerNative; has 186 unimplemented (abstract) methods
02-12 10:47:57.640 E/memtrack(22651): Couldn't load memtrack module (No such file or directory)
02-12 10:47:57.640 E/android.os.Debug(22651): failed to load memtrack module: -2
02-12 10:47:57.680 D/AndroidRuntime(22651): Calling main entry com.android.commands.am.Am
02-12 10:47:57.700 I/ActivityManager(  504): Force stopping org.xwalk.webapi_noneservice_tests appid=10259 user=0: from pid 22651
02-12 10:47:57.700 I/SecurityManagerService(  621): SMS received security event: App[STOP/org.xwalk.webapi_noneservice_tests]
02-12 10:47:57.700 D/        (  675): Pixel Format : GGL_PIXEL_FORMAT_RGBA_8888
02-12 10:47:57.700 I/ActivityManager(  504): Killing 22170:org.xwalk.webapi_noneservice_tests/u0a259 (adj 9): stop org.xwalk.webapi_noneservice_tests
02-12 10:47:57.710 D/AndroidRuntime(22651): Shutting down VM
02-12 10:47:57.710 D/dalvikvm(22651): GC_CONCURRENT freed 112K, 16% free 666K/792K, paused 0ms+0ms, total 1ms
02-12 10:47:57.720 D/dalvikvm(22651): Compiler shutdown in progress - discarding request
02-12 10:47:57.720 D/dalvikvm(22651): Compiler shutdown in progress - discarding request
02-12 10:47:57.720 D/dalvikvm(22651): Compiler shutdown in progress - discarding request
02-12 10:47:57.720 D/dalvikvm(22651): Compiler shutdown in progress - discarding request
02-12 10:47:57.720 D/dalvikvm(22651): Compiler shutdown in progress - discarding request
02-12 10:47:57.720 D/dalvikvm(22651): Compiler shutdown in progress - discarding request
02-12 10:47:57.720 D/dalvikvm(22651): Compiler shutdown in progress - discarding request
02-12 10:47:57.720 D/dalvikvm(22651): Compiler shutdown in progress - discarding request
02-12 10:47:57.720 D/dalvikvm(22651): Compiler shutdown in progress - discarding request
02-12 10:47:57.720 D/dalvikvm(22651): Compiler shutdown in progress - discarding request
02-12 10:47:57.720 D/dalvikvm(22651): Compiler shutdown in progress - discarding request
02-12 10:47:57.720 D/dalvikvm(22651): Compiler shutdown in progress - discarding request
02-12 10:47:57.720 D/dalvikvm(22651): Compiler shutdown in progress - discarding request
02-12 10:47:57.720 D/dalvikvm(22651): Compiler shutdown in progress - discarding request
02-12 10:47:57.720 D/dalvikvm(22651): Compiler shutdown in progress - discarding request
02-12 10:47:57.720 D/dalvikvm(22651): Compiler shutdown in progress - discarding request
02-12 10:47:57.720 D/dalvikvm(22651): Compiler shutdown in progress - discarding request
02-12 10:47:57.720 D/dalvikvm(22651): Compiler shutdown in progress - discarding request
02-12 10:47:57.720 D/dalvikvm(22651): Compiler shutdown in progress - discarding request
02-12 10:47:57.720 D/dalvikvm(22651): Compiler shutdown in progress - discarding request
02-12 10:47:57.720 D/dalvikvm(22651): Compiler shutdown in progress - discarding request
02-12 10:47:57.720 D/dalvikvm(22651): Compiler shutdown in progress - discarding request
02-12 10:47:57.720 D/dalvikvm(22651): Compiler shutdown in progress - discarding request
02-12 10:47:57.720 D/dalvikvm(22651): Compiler shutdown in progress - discarding request
02-12 10:47:57.720 D/dalvikvm(22651): Compiler shutdown in progress - discarding request
02-12 10:47:57.720 D/dalvikvm(22651): Compiler shutdown in progress - discarding request
02-12 10:47:57.720 D/dalvikvm(22651): Compiler shutdown in progress - discarding request
02-12 10:47:57.720 D/dalvikvm(22651): Compiler shutdown in progress - discarding request
02-12 10:47:57.720 D/dalvikvm(22651): Compiler shutdown in progress - discarding request
02-12 10:47:57.720 D/dalvikvm(22651): Compiler shutdown in progress - discarding request
02-12 10:47:57.720 D/dalvikvm(22651): Compiler shutdown in progress - discarding request
02-12 10:47:57.720 D/dalvikvm(22651): Compiler shutdown in progress - discarding request
02-12 10:47:57.720 D/dalvikvm(22651): Compiler shutdown in progress - discarding request
02-12 10:47:57.720 D/dalvikvm(22651): Compiler shutdown in progress - discarding request
02-12 10:47:57.720 D/dalvikvm(22651): Compiler shutdown in progress - discarding request
02-12 10:47:57.720 D/dalvikvm(22651): Compiler shutdown in progress - discarding request
02-12 10:47:57.720 D/dalvikvm(22651): Compiler shutdown in progress - discarding request
02-12 10:47:57.720 D/dalvikvm(22651): Compiler shutdown in progress - discarding request
02-12 10:47:57.720 D/dalvikvm(22651): Compiler shutdown in progress - discarding request
02-12 10:47:57.720 D/dalvikvm(22651): Compiler shutdown in progress - discarding request
02-12 10:47:57.720 D/dalvikvm(22651): Compiler shutdown in progress - discarding request
02-12 10:47:57.720 D/dalvikvm(22651): Compiler shutdown in progress - discarding request
02-12 10:47:57.720 D/dalvikvm(22651): Compiler shutdown in progress - discarding request
02-12 10:47:57.720 D/dalvikvm(22651): Compiler shutdown in progress - discarding request
