02-12 10:57:44.050 D/wpa_supplicant(  651): wlan0: 11: 80:1f:02:43:fb:e8 ssid='Edimax AP' wpa_ie_len=0 rsn_ie_len=20 caps=0x411 level=-69
02-12 10:57:44.050 D/wpa_supplicant(  651): wlan0:    skip - disabled
02-12 10:57:44.050 D/wpa_supplicant(  651): wlan0: 12: 02:1a:11:fa:9e:f1 ssid='love U forever' wpa_ie_len=0 rsn_ie_len=20 caps=0x431 level=-71
02-12 10:57:44.050 D/wpa_supplicant(  651): wlan0:    skip - disabled
02-12 10:57:44.050 D/wpa_supplicant(  651): wlan0: 13: 22:48:9a:ac:31:7f ssid='WiFi874' wpa_ie_len=0 rsn_ie_len=20 caps=0x431 level=-72
02-12 10:57:44.050 D/wpa_supplicant(  651): wlan0:    skip - disabled
02-12 10:57:44.050 D/wpa_supplicant(  651): wlan0: 14: 74:e5:43:24:f4:5b ssid='Dttest' wpa_ie_len=0 rsn_ie_len=20 caps=0x31 level=-74
02-12 10:57:44.050 D/wpa_supplicant(  651): wlan0:    skip - disabled
02-12 10:57:44.050 D/wpa_supplicant(  651): wlan0: 15: 8c:be:be:01:00:49 ssid='mw' wpa_ie_len=0 rsn_ie_len=20 caps=0x431 level=-75
02-12 10:57:44.050 D/wpa_supplicant(  651): wlan0:    skip - disabled
02-12 10:57:44.050 D/wpa_supplicant(  651): wlan0: 16: 00:0f:e2:0f:9f:c1 ssid='321_WAN' wpa_ie_len=28 rsn_ie_len=24 caps=0x411 level=-77
02-12 10:57:44.050 D/wpa_supplicant(  651): wlan0:    skip - disabled
02-12 10:57:44.050 D/wpa_supplicant(  651): wlan0: 17: 14:d6:4d:28:ef:c8 ssid='dlink' wpa_ie_len=0 rsn_ie_len=20 caps=0x431 level=-77 wps
02-12 10:57:44.050 D/wpa_supplicant(  651): wlan0:    skip - disabled
02-12 10:57:44.050 D/wpa_supplicant(  651): wlan0: 18: 50:bd:5f:4b:29:92 ssid='Internet-2' wpa_ie_len=0 rsn_ie_len=0 caps=0x421 level=-68
02-12 10:57:44.050 D/wpa_supplicant(  651): wlan0:    skip - disabled
02-12 10:57:44.050 D/wpa_supplicant(  651): wlan0: 19: e4:d3:32:dd:18:62 ssid='Internet' wpa_ie_len=0 rsn_ie_len=0 caps=0x421 level=-70
02-12 10:57:44.050 D/wpa_supplicant(  651): wlan0:    skip - disabled
02-12 10:57:44.050 D/wpa_supplicant(  651): wlan0: No suitable network found
02-12 10:57:44.050 D/wpa_supplicant(  651): wlan0: Setting scan request: 40 sec 0 usec
02-12 10:57:44.050 D/wpa_supplicant(  651): wlan0: Checking for other virtual interfaces sharing same radio (phy0) in event_scan_results
02-12 10:57:44.050 D/wpa_supplicant(  651): p2p-dev-wlan0: Updating scan results from sibling
02-12 10:57:44.050 D/wpa_supplicant(  651): nl80211: Received scan results (20 BSSes)
02-12 10:57:44.050 D/wpa_supplicant(  651): nl80211: Survey data missing
02-12 10:57:44.050 D/wpa_supplicant(  651): p2p-dev-wlan0: BSS: Start scan result update 271
02-12 10:57:44.050 D/wpa_supplicant(  651): BSS: No P2P IE - skipping BSS 6c:8b:2f:e9:d1:da update for P2P interface
02-12 10:57:44.050 D/wpa_supplicant(  651): BSS: No P2P IE - skipping BSS f8:d1:11:e7:99:e8 update for P2P interface
02-12 10:57:44.050 D/wpa_supplicant(  651): BSS: No P2P IE - skipping BSS c8:d7:19:60:62:f2 update for P2P interface
02-12 10:57:44.050 D/wpa_supplicant(  651): BSS: No P2P IE - skipping BSS 02:1a:11:fd:45:ed update for P2P interface
02-12 10:57:44.050 D/wpa_supplicant(  651): BSS: No P2P IE - skipping BSS 10:c3:7b:d2:e5:e0 update for P2P interface
02-12 10:57:44.050 D/wpa_supplicant(  651): BSS: No P2P IE - skipping BSS cc:34:29:2b:26:4c update for P2P interface
02-12 10:57:44.050 D/wpa_supplicant(  651): BSS: No P2P IE - skipping BSS c0:c1:c0:76:81:3c update for P2P interface
02-12 10:57:44.050 D/wpa_supplicant(  651): BSS: No P2P IE - skipping BSS b0:48:7a:20:66:6a update for P2P interface
02-12 10:57:44.050 D/wpa_supplicant(  651): BSS: No P2P IE - skipping BSS 44:94:fc:3d:da:38 update for P2P interface
02-12 10:57:44.050 D/wpa_supplicant(  651): BSS: No P2P IE - skipping BSS 98:fc:11:81:35:fb update for P2P interface
02-12 10:57:44.050 D/wpa_supplicant(  651): BSS: No P2P IE - skipping BSS b0:48:7a:51:ff:cc update for P2P interface
02-12 10:57:44.050 D/wpa_supplicant(  651): BSS: No P2P IE - skipping BSS 80:1f:02:43:fb:e8 update for P2P interface
02-12 10:57:44.050 D/wpa_supplicant(  651): BSS: No P2P IE - skipping BSS 02:1a:11:fa:9e:f1 update for P2P interface
02-12 10:57:44.050 D/wpa_supplicant(  651): BSS: No P2P IE - skipping BSS 22:48:9a:ac:31:7f update for P2P interface
02-12 10:57:44.050 D/wpa_supplicant(  651): BSS: No P2P IE - skipping BSS 74:e5:43:24:f4:5b update for P2P interface
02-12 10:57:44.050 D/wpa_supplicant(  651): BSS: No P2P IE - skipping BSS 8c:be:be:01:00:49 update for P2P interface
02-12 10:57:44.050 D/wpa_supplicant(  651): BSS: No P2P IE - skipping BSS 00:0f:e2:0f:9f:c1 update for P2P interface
02-12 10:57:44.050 D/wpa_supplicant(  651): BSS: No P2P IE - skipping BSS 14:d6:4d:28:ef:c8 update for P2P interface
02-12 10:57:44.050 D/wpa_supplicant(  651): BSS: No P2P IE - skipping BSS 50:bd:5f:4b:29:92 update for P2P interface
02-12 10:57:44.050 D/wpa_supplicant(  651): BSS: No P2P IE - skipping BSS e4:d3:32:dd:18:62 update for P2P interface
02-12 10:57:44.050 D/wpa_supplicant(  651): BSS: last_scan_res_used=0/32 last_scan_full=0
02-12 10:57:44.050 D/wpa_supplicant(  651): p2p-dev-wlan0: New scan results available
02-12 10:57:44.050 D/wpa_supplicant(  651): CTRL_IFACE monitor send - hexdump(len=39): 2f 64 61 74 61 2f 6d 69 73 63 2f 77 69 66 69 2f 73 6f 63 6b 65 74 73 2f 77 70 61 5f 63 74 72 6c ...
02-12 10:57:44.050 D/wpa_supplicant(  651): WPS: AP[0] 10:c3:7b:d2:e5:e0 type=0 tries=0 last_attempt=-1 sec ago blacklist=0
02-12 10:57:44.050 D/wpa_supplicant(  651): WPS: AP[1] b0:48:7a:20:66:6a type=0 tries=0 last_attempt=-1 sec ago blacklist=0
02-12 10:57:44.050 D/wpa_supplicant(  651): WPS: AP[2] f8:d1:11:e7:99:e8 type=0 tries=0 last_attempt=-1 sec ago blacklist=0
02-12 10:57:44.050 D/wpa_supplicant(  651): WPS: AP[3] 44:94:fc:3d:da:38 type=0 tries=0 last_attempt=-1 sec ago blacklist=0
02-12 10:57:44.050 D/wpa_supplicant(  651): WPS: AP[4] cc:34:29:2c:fb:ec type=0 tries=0 last_attempt=-1 sec ago blacklist=0
02-12 10:57:44.060 D/wpa_supplicant(  651): WPS: AP[5] c8:d7:19:60:62:f2 type=0 tries=0 last_attempt=-1 sec ago blacklist=0
02-12 10:57:44.060 D/wpa_supplicant(  651): WPS: AP[6] cc:34:29:2b:26:4c type=0 tries=0 last_attempt=-1 sec ago blacklist=0
02-12 10:57:44.060 D/wpa_supplicant(  651): WPS: AP[7] 98:fc:11:81:35:fb type=0 tries=0 last_attempt=-1 sec ago blacklist=0
02-12 10:57:44.060 D/wpa_supplicant(  651): WPS: AP[8] 14:d6:4d:28:ef:c8 type=0 tries=0 last_attempt=-1 sec ago blacklist=0
02-12 10:57:44.060 D/wpa_supplicant(  651): WPS: AP[9] b0:48:7a:51:ff:cc type=0 tries=0 last_attempt=-1 sec ago blacklist=0
02-12 10:57:44.060 D/wpa_supplicant(  651): WPS: AP[10] 7a:ff:57:00:13:56 type=0 tries=0 last_attempt=-1 sec ago blacklist=0
02-12 10:57:44.060 D/wpa_supplicant(  651): WPS: AP[11] c0:a0:bb:20:3b:84 type=0 tries=0 last_attempt=-1 sec ago blacklist=0
02-12 10:57:44.060 D/wpa_supplicant(  651): WPS: AP[12] c0:c1:c0:76:81:3c type=0 tries=0 last_attempt=-1 sec ago blacklist=0
02-12 10:57:44.060 D/wpa_supplicant(  651): WPS: AP[13] 5e:f3:70:0c:91:9a type=0 tries=0 last_attempt=-1 sec ago blacklist=0
02-12 10:57:44.060 D/wpa_supplicant(  651): WPS: AP[14] 02:09:4c:42:36:90 type=0 tries=0 last_attempt=-1 sec ago blacklist=0
02-12 10:57:44.060 D/wpa_supplicant(  651): WPS: AP[15] e4:d3:32:36:2e:54 type=0 tries=0 last_attempt=-1 sec ago blacklist=0
02-12 10:57:44.060 D/wpa_supplicant(  651): p2p-dev-wlan0: No suitable network found
02-12 10:57:44.060 D/wpa_supplicant(  651): p2p-dev-wlan0: Short-circuit new scan request since there are no enabled networks
02-12 10:57:44.060 D/wpa_supplicant(  651): p2p-dev-wlan0: State: INACTIVE -> INACTIVE
02-12 10:57:44.060 D/wpa_supplicant(  651): wlan0: P2P: Station mode scan operation not pending anymore (sta_scan_pending=0 p2p_cb_on_scan_complete=0)
02-12 10:57:44.060 D/wpa_supplicant(  651): RX ctrl_iface - hexdump(len=25): 42 53 53 20 52 41 4e 47 45 3d 30 2d 20 4d 41 53 4b 3d 30 78 32 31 39 38 37
02-12 10:57:44.060 D/wpa_supplicant(  651): wlan0: Control interface command 'BSS RANGE=0- MASK=0x21987'
02-12 10:57:44.060 D/wpa_supplicant(  651): RTM_NEWLINK: operstate=0 ifi_flags=0x11003 ([UP][LOWER_UP])
02-12 10:57:44.060 D/wpa_supplicant(  651): RTM_NEWLINK, IFLA_IFNAME: Interface 'wlan0' added
02-12 10:57:44.060 D/wpa_supplicant(  651): nl80211: if_removed already cleared - ignore event
02-12 10:57:44.060 I/WifiHW  (  504): REPLY: id=328
02-12 10:57:44.060 I/WifiHW  (  504): REPLY: bssid=c8:d7:19:60:62:f2
02-12 10:57:44.060 I/WifiHW  (  504): REPLY: freq=2437
02-12 10:57:44.060 I/WifiHW  (  504): REPLY: level=-55
02-12 10:57:44.060 I/WifiHW  (  504): REPLY: tsf=0000065000248711
02-12 10:57:44.060 I/WifiHW  (  504): REPLY: flags=[WPA2-EAP-CCMP-preauth][ESS]
02-12 10:57:44.060 I/WifiHW  (  504): REPLY: ssid=E3000-2.4G
02-12 10:57:44.060 I/WifiHW  (  504): REPLY: ====
02-12 10:57:44.060 I/WifiHW  (  504): REPLY: id=329
02-12 10:57:44.060 I/WifiHW  (  504): REPLY: bssid=10:c3:7b:d2:e5:e0
02-12 10:57:44.060 I/WifiHW  (  504): REPLY: freq=2462
02-12 10:57:44.060 I/WifiHW  (  504): REPLY: level=-57
02-12 10:57:44.060 I/WifiHW  (  504): REPLY: tsf=0000065000248732
02-12 10:57:44.060 I/WifiHW  (  504): REPLY: flags=[WPA2-PSK-CCMP][WPS][ESS]
02-12 10:57:44.060 I/WifiHW  (  504): REPLY: ssid=ASUS_RT-AC66U-2.4G
02-12 10:57:44.060 I/WifiHW  (  504): REPLY: ====
02-12 10:57:44.060 I/WifiHW  (  504): REPLY: id=331
02-12 10:57:44.060 I/WifiHW  (  504): REPLY: bssid=b0:48:7a:20:66:6a
02-12 10:57:44.060 I/WifiHW  (  504): REPLY: freq=2427
02-12 10:57:44.060 I/WifiHW  (  504): REPLY: level=-63
02-12 10:57:44.060 I/WifiHW  (  504): REPLY: tsf=0000065000248693
02-12 10:57:44.060 I/WifiHW  (  504): REPLY: flags=[WPA-PSK-CCMP][WPA2-PSK-CCMP][WPS][ESS]
02-12 10:57:44.060 I/WifiHW  (  504): REPLY: ssid=TP-LINK_20666A
02-12 10:57:44.060 I/WifiHW  (  504): REPLY: ====
02-12 10:57:44.060 I/WifiHW  (  504): REPLY: id=332
02-12 10:57:44.060 I/WifiHW  (  504): REPLY: bssid=44:94:fc:3d:da:38
02-12 10:57:44.060 I/WifiHW  (  504): REPLY: freq=2462
02-12 10:57:44.060 I/WifiHW  (  504): REPLY: level=-64
02-12 10:57:44.060 I/WifiHW  (  504): REPLY: tsf=0000065000248724
02-12 10:57:44.060 I/WifiHW  (  504): EVENT: IFNAME=p2p-dev-wlan0 CTRL-EVENT-SCAN-RESULTS 
02-12 10:57:44.060 I/WifiHW  (  504): REPLY: flags=[WPA2-PSK-CCMP][WPS][ESS]
02-12 10:57:44.060 I/WifiHW  (  504): REPLY: ssid=6300
02-12 10:57:44.060 I/WifiHW  (  504): REPLY: ====
02-12 10:57:44.060 I/WifiHW  (  504): REPLY: id=333
02-12 10:57:44.060 I/WifiHW  (  504): REPLY: bssid=c0:c1:c0:76:81:3c
02-12 10:57:44.060 I/WifiHW  (  504): REPLY: freq=2437
02-12 10:57:44.060 I/WifiHW  (  504): REPLY: level=-60
02-12 10:57:44.060 I/WifiHW  (  504): REPLY: tsf=0000065000248709
02-12 10:57:44.060 I/WifiHW  (  504): REPLY: flags=[WPA2-PSK-CCMP][WPS][ESS]
02-12 10:57:44.060 I/WifiHW  (  504): REPLY: ssid=E2000
02-12 10:57:44.060 I/WifiHW  (  504): REPLY: ====
02-12 10:57:44.060 I/WifiHW  (  504): REPLY: id=334
02-12 10:57:44.060 I/WifiHW  (  504): REPLY: bssid=98:fc:11:81:35:fb
02-12 10:57:44.060 I/WifiHW  (  504): REPLY: freq=2412
02-12 10:57:44.060 I/WifiHW  (  504): REPLY: level=-65
02-12 10:57:44.060 I/WifiHW  (  504): REPLY: tsf=0000065000248683
02-12 10:57:44.060 I/WifiHW  (  504): REPLY: flags=[WPA2-PSK-CCMP][WPS][ESS]
02-12 10:57:44.060 I/WifiHW  (  504): REPLY: ssid=E2000E
02-12 10:57:44.060 I/WifiHW  (  504): REPLY: ====
02-12 10:57:44.060 I/WifiHW  (  504): REPLY: id=337
02-12 10:57:44.060 I/WifiHW  (  504): REPLY: bssid=cc:34:29:2b:26:4c
02-12 10:57:44.060 I/WifiHW  (  504): REPLY: freq=2462
02-12 10:57:44.060 I/WifiHW  (  504): REPLY: level=-60
02-12 10:57:44.060 I/WifiHW  (  504): REPLY: tsf=0000065000248727
02-12 10:57:44.060 I/WifiHW  (  504): REPLY: flags=[WPA2-PSK-CCMP][WPS][ESS]
02-12 10:57:44.060 I/WifiHW  (  504): REPLY: ssid=cws-test
02-12 10:57:44.060 I/WifiHW  (  504): REPLY: ====
02-12 10:57:44.060 I/WifiHW  (  504): REPLY: id=345
02-12 10:57:44.060 I/WifiHW  (  504): REPLY: bssid=f8:d1:11:e7:99:e8
02-12 10:57:44.060 I/WifiHW  (  504): REPLY: freq=2437
02-12 10:57:44.060 I/WifiHW  (  504): REPLY: level=-47
02-12 10:57:44.060 I/WifiHW  (  504): REPLY: tsf=0000065000248701
02-12 10:57:44.060 I/WifiHW  (  504): REPLY: flags=[WPA-PSK-CCMP][WPA2-PSK-CCMP][WPS][ESS]
02-12 10:57:44.060 I/WifiHW  (  504): REPLY: ssid=videotest
02-12 10:57:44.060 I/WifiHW  (  504): REPLY: ====
02-12 10:57:44.060 I/WifiHW  (  504): REPLY: id=405
02-12 10:57:44.060 I/WifiHW  (  504): REPLY: bssid=02:1a:11:fd:45:ed
02-12 10:57:44.060 I/WifiHW  (  504): REPLY: freq=2437
02-12 10:57:44.060 I/WifiHW  (  504): REPLY: level=-55
02-12 10:57:44.060 I/WifiHW  (  504): REPLY: tsf=0000065000248696
02-12 10:57:44.060 I/WifiHW  (  504): REPLY: flags=[WPA2-PSK-CCMP][ESS]
02-12 10:57:44.060 I/WifiHW  (  504): REPLY: ssid=Android
02-12 10:57:44.060 I/WifiHW  (  504): REPLY: ====
02-12 10:57:44.060 I/WifiHW  (  504): REPLY: id=491
02-12 10:57:44.060 I/WifiHW  (  504): REPLY: bssid=cc:34:29:2c:fb:ec
02-12 10:57:44.060 I/WifiHW  (  504): REPLY: freq=2412
02-12 10:57:44.060 I/WifiHW  (  504): REPLY: level=-75
02-12 10:57:44.060 I/WifiHW  (  504): REPLY: tsf=0000064959047012
02-12 10:57:44.060 I/WifiHW  (  504): REPLY: flags=[WPA-PSK-CCMP][WPA2-PSK-CCMP][WPS][ESS]
02-12 10:57:44.060 I/WifiHW  (  504): REPLY: ssid=linksys
02-12 10:57:44.060 I/WifiHW  (  504): REPLY: ====
02-12 10:57:44.060 I/WifiHW  (  504): REPLY: id=535
02-12 10:57:44.060 I/WifiHW  (  504): REPLY: bssid=50:bd:5f:4b:29:92
02-12 10:57:44.060 I/WifiHW  (  504): REPLY: freq=2437
02-12 10:57:44.060 I/WifiHW  (  504): REPLY: level=-68
02-12 10:57:44.060 I/WifiHW  (  504): REPLY: tsf=0000065000248706
02-12 10:57:44.060 I/WifiHW  (  504): REPLY: flags=[ESS]
02-12 10:57:44.060 I/WifiHW  (  504): REPLY: ssid=Internet-2
02-12 10:57:44.060 I/WifiHW  (  504): REPLY: ====
02-12 10:57:44.060 I/WifiHW  (  504): REPLY: id=550
02-12 10:57:44.060 I/WifiHW  (  504): REPLY: bssid=00:0f:e2:0f:9f:c1
02-12 10:57:44.060 I/WifiHW  (  504): REPLY: freq=2462
02-12 10:57:44.060 I/WifiHW  (  504): REPLY: level=-77
02-12 10:57:44.060 I/WifiHW  (  504): REPLY: tsf=0000065000248729
02-12 10:57:44.060 I/WifiHW  (  504): REPLY: flags=[WPA-PSK-CCMP+TKIP][WPA2-PSK-CCMP+TKIP][ESS]
02-12 10:57:44.060 I/WifiHW  (  504): REPLY: ssid=321_WAN
02-12 10:57:44.060 I/WifiHW  (  504): REPLY: ====
02-12 10:57:44.060 I/WifiHW  (  504): REPLY: id=557
02-12 10:57:44.060 I/WifiHW  (  504): REPLY: bssid=6c:8b:2f:e9:d1:da
02-12 10:57:44.060 I/WifiHW  (  504): REPLY: freq=2437
02-12 10:57:44.060 I/WifiHW  (  504): REPLY: level=-46
02-12 10:57:44.060 I/WifiHW  (  504): REPLY: tsf=0000065000248698
02-12 10:57:44.060 I/WifiHW  (  504): REPLY: flags=[WPA2-PSK-CCMP][ESS]
02-12 10:57:44.060 I/WifiHW  (  504): REPLY: ssid=ZTE_AP_1640
02-12 10:57:44.060 I/WifiHW  (  504): REPLY: ====
02-12 10:57:44.060 I/WifiHW  (  504): REPLY: id=567
02-12 10:57:44.060 I/WifiHW  (  504): REPLY: bssid=8c:be:be:01:00:49
02-12 10:57:44.060 I/WifiHW  (  504): REPLY: freq=2412
02-12 10:57:44.060 I/WifiHW  (  504): REPLY: level=-75
02-12 10:57:44.060 I/WifiHW  (  504): REPLY: tsf=0000065000248691
02-12 10:57:44.060 I/WifiHW  (  504): REPLY: flags=[WPA2-PSK-CCMP][ESS]
02-12 10:57:44.060 I/WifiHW  (  504): REPLY: ssid=mw
02-12 10:57:44.060 I/WifiHW  (  504): REPLY: ====
02-12 10:57:44.060 I/WifiHW  (  504): REPLY: id=570
02-12 10:57:44.060 I/WifiHW  (  504): REPLY: bssid=6c:8b:2f:e8:38:24
02-12 10:57:44.060 I/WifiHW  (  504): REPLY: freq=2437
02-12 10:57:44.060 I/WifiHW  (  504): REPLY: level=-66
02-12 10:57:44.060 I/WifiHW  (  504): REPLY: tsf=0000064959047132
02-12 10:57:44.060 I/WifiHW  (  504): REPLY: flags=[WPA2-PSK-CCMP][ESS]
02-12 10:57:44.060 I/WifiHW  (  504): REPLY: ssid=ZTE_AP_6703
02-12 10:57:44.060 I/WifiHW  (  504): REPLY: ====
02-12 10:57:44.060 I/WifiHW  (  504): REPLY: id=572
02-12 10:57:44.060 I/WifiHW  (  504): REPLY: bssid=b0:48:7a:51:ff:cc
02-12 10:57:44.060 I/WifiHW  (  504): REPLY: freq=2452
02-12 10:57:44.060 I/WifiHW  (  504): REPLY: level=-65
02-12 10:57:44.060 I/WifiHW  (  504): REPLY: tsf=0000065000248721
02-12 10:57:44.060 I/WifiHW  (  504): REPLY: flags=[WPA-PSK-CCMP][WPA2-PSK-CCMP][WPS][ESS]
02-12 10:57:44.060 I/WifiHW  (  504): REPLY: ssid=Neusoft TP
02-12 10:57:44.060 I/WifiHW  (  504): REPLY: ====
02-12 10:57:44.060 I/WifiHW  (  504): REPLY: id=606
02-12 10:57:44.060 I/WifiHW  (  504): REPLY: bssid=e4:d3:32:dd:18:62
02-12 10:57:44.060 I/WifiHW  (  504): REPLY: freq=2437
02-12 10:57:44.060 I/WifiHW  (  504): REPLY: level=-70
02-12 10:57:44.060 I/WifiHW  (  504): REPLY: tsf=0000065000248719
02-12 10:57:44.060 I/WifiHW  (  504): REPLY: flags=[ESS]
02-12 10:57:44.060 I/WifiHW  (  504): REPLY: ssid=Internet
02-12 10:57:44.060 I/WifiHW  (  504): REPLY: ====
02-12 10:57:44.060 I/WifiHW  (  504): REPLY: id=617
02-12 10:57:44.060 I/WifiHW  (  504): REPLY: bssid=22:48:9a:ac:31:7f
02-12 10:57:44.060 I/WifiHW  (  504): REPLY: freq=2437
02-12 10:57:44.060 I/WifiHW  (  504): REPLY: level=-72
02-12 10:57:44.060 I/WifiHW  (  504): REPLY: tsf=0000065000248703
02-12 10:57:44.060 I/WifiHW  (  504): REPLY: flags=[WPA2-PSK-CCMP][ESS]
02-12 10:57:44.060 I/WifiHW  (  504): REPLY: ssid=WiFi874
02-12 10:57:44.060 I/WifiHW  (  504): REPLY: ====
02-12 10:57:44.060 I/WifiHW  (  504): REPLY: id=632
02-12 10:57:44.060 I/WifiHW  (  504): REPLY: bssid=74:e5:43:24:f4:5b
02-12 10:57:44.060 I/WifiHW  (  504): REPLY: freq=2412
02-12 10:57:44.060 I/WifiHW  (  504): REPLY: level=-74
02-12 10:57:44.060 I/WifiHW  (  504): REPLY: tsf=0000065000248688
02-12 10:57:44.060 I/WifiHW  (  504): REPLY: flags=[WPA2-PSK-CCMP][ESS]
02-12 10:57:44.060 I/WifiHW  (  504): REPLY: ssid=Dttest
02-12 10:57:44.060 I/WifiHW  (  504): REPLY: ====
02-12 10:57:44.060 I/WifiHW  (  504): REPLY: id=643
02-12 10:57:44.060 I/WifiHW  (  504): REPLY: bssid=02:1a:11:fa:9e:f1
02-12 10:57:44.060 I/WifiHW  (  504): REPLY: freq=2437
02-12 10:57:44.060 I/WifiHW  (  504): REPLY: level=-71
02-12 10:57:44.060 I/WifiHW  (  504): REPLY: tsf=0000065000248714
02-12 10:57:44.060 I/WifiHW  (  504): REPLY: flags=[WPA2-PSK-CCMP][ESS]
02-12 10:57:44.060 I/WifiHW  (  504): REPLY: ssid=love U forever
02-12 10:57:44.060 I/WifiHW  (  504): REPLY: ====
02-12 10:57:44.060 I/WifiHW  (  504): REPLY: id=644
02-12 10:57:44.060 I/WifiHW  (  504): REPLY: bssid=02:09:4c:42:36:90
02-12 10:57:44.060 I/WifiHW  (  504): REPLY: freq=2412
02-12 10:57:44.060 I/WifiHW  (  504): REPLY: level=-68
02-12 10:57:44.060 I/WifiHW  (  504): REPLY: tsf=0000064959047188
02-12 10:57:44.060 I/WifiHW  (  504): REPLY: flags=[WEP]
02-12 10:57:44.060 I/WifiHW  (  504): REPLY: ssid=DIRECT-
02-12 10:57:44.060 I/WifiHW  (  504): REPLY: ====
02-12 10:57:44.060 I/WifiHW  (  504): REPLY: id=647
02-12 10:57:44.060 I/WifiHW  (  504): REPLY: bssid=80:1f:02:43:fb:e8
02-12 10:57:44.060 I/WifiHW  (  504): REPLY: freq=2412
02-12 10:57:44.060 I/WifiHW  (  504): REPLY: level=-69
02-12 10:57:44.060 I/WifiHW  (  504): REPLY: tsf=0000065000248685
02-12 10:57:44.060 I/WifiHW  (  504): REPLY: flags=[WPA2-PSK-CCMP-preauth][ESS]
02-12 10:57:44.060 I/WifiHW  (  504): REPLY: ssid=Edimax AP
02-12 10:57:44.060 I/WifiHW  (  504): REPLY: ====
02-12 10:57:44.060 I/WifiHW  (  504): REPLY: id=649
02-12 10:57:44.060 I/WifiHW  (  504): REPLY: bssid=74:de:2b:0d:bb:c1
02-12 10:57:44.060 I/WifiHW  (  504): REPLY: freq=2437
02-12 10:57:44.060 I/WifiHW  (  504): REPLY: level=-84
02-12 10:57:44.060 I/WifiHW  (  504): REPLY: tsf=0000064959047099
02-12 10:57:44.060 I/WifiHW  (  504): REPLY: flags=[WPA2-PSK-CCMP][ESS]
02-12 10:57:44.060 I/WifiHW  (  504): REPLY: ssid=Slowly
02-12 10:57:44.060 I/WifiHW  (  504): REPLY: ====
02-12 10:57:44.060 I/WifiHW  (  504): REPLY: id=650
02-12 10:57:44.060 I/WifiHW  (  504): REPLY: bssid=14:d6:4d:28:ef:c8
02-12 10:57:44.060 I/WifiHW  (  504): REPLY: freq=2437
02-12 10:57:44.060 I/WifiHW  (  504): REPLY: level=-77
02-12 10:57:44.060 I/WifiHW  (  504): REPLY: tsf=0000065000248716
02-12 10:57:44.060 I/WifiHW  (  504): REPLY: flags=[WPA2-PSK-CCMP][WPS][ESS]
02-12 10:57:44.060 I/WifiHW  (  504): REPLY: ssid=dlink
02-12 10:57:44.060 I/WifiHW  (  504): REPLY: ####
02-12 10:57:44.720 I/SecurityManagerService(  621): SMS received security event: App[START/com.android.providers.contacts]
02-12 10:57:44.730 D/dalvikvm(25278): Process 25278 nice name: android.process.acore
02-12 10:57:44.730 D/dalvikvm(25278): Extra Options: not specified
02-12 10:57:44.730 I/ActivityManager(  504): Start proc android.process.acore for content provider com.android.providers.contacts/.ContactsProvider2: pid=25278 uid=10004 gids={50004, 3003, 1028, 1015, 1023}
02-12 10:57:44.780 D/AsusCallerIDProvider(25278): is touchPal installed = false
02-12 10:57:44.800 D/AsusSimContactsManager(25278): Google
02-12 10:57:44.810 D/ContactsProvider:SimCardReceiver(25278): initialSimCardState: mHasIccCard = false mHasIccCard2 = false
02-12 10:57:44.990 I/ContactLocale(25278): AddressBook Labels [zh_CN]: [, A, B, C, D, E, F, G, H, I, J, K, L, M, N, O, P, Q, R, S, T, U, V, W, X, Y, Z, , , , , , , , , , , , , , , , , , , , , , , , , , , , , , , , , , , , , , , , , , , , , , , , , , , , , , , , , , , , , , , , , , , , , , , , , , , , , , , , , , , , , , , , , , , , , , , , , , , , , , , , , , , , , , , , , , , , , , , , , , , , , , , , , , , , , , , , , , , , , , , , , , , , , , , , , , , , #, ]
02-12 10:57:45.080 D/AsusTelephonyManager( 1000): getDefault
02-12 10:57:45.080 D/AsusTelephonyManager( 1000): getDefault
02-12 10:57:45.080 D/AsusTelephonyManager( 1000): getDefault
02-12 10:57:45.080 D/AsusProfileAddEmail( 1000): No profile, do not need to insert email
02-12 10:57:45.080 D/AsusTelephonyManager( 1000): getDefault
02-12 10:57:45.080 D/AsusTelephonyManager( 1000): getDefault
02-12 10:57:45.080 D/AsusTelephonyManager( 1000): getDefault
02-12 10:57:45.080 D/SimCardContactsManager( 1000): isSimEditable = false
02-12 10:57:45.080 D/AsusTelephonyManager( 1000): getDefault
02-12 10:57:45.080 D/AsusTelephonyManager( 1000): getDefault
02-12 10:57:45.080 W/Settings( 1000): Setting airplane_mode_on has moved from android.provider.Settings.System to android.provider.Settings.Global, returning read-only value.
02-12 10:57:45.080 D/SimCardContactsManager( 1000): (getIccCardState) hasIccCard 1 = false
02-12 10:57:45.080 D/SimCardContactsManager( 1000): (getIccCardState) isFlyMode 1 = false
02-12 10:57:45.080 D/SimCardContactsManager( 1000): (getIccCardState) SimSerialNumber  1 is null
02-12 10:57:45.080 D/SimCardContactsManager( 1000): (getIccCardState) ASUS_ICC_CARD_READY 1 = false
02-12 10:57:45.080 D/AsusTelephonyManager( 1000): getDefault
02-12 10:57:45.080 D/SimCardContactsManager( 1000): get asushadIccCard1 :false
02-12 10:57:45.080 D/AccountTypeManager( 1000): 1 : getIccCardState(false)
02-12 10:57:45.080 D/AsusTelephonyManager( 1000): getDefault
02-12 10:57:45.080 D/SimCardContactsManager( 1000): get asushadIccCard1 :false
02-12 10:57:45.080 D/DialerDefaultTabReceiver( 1000): updateSettingTable
02-12 10:57:45.100 I/dalvikvm(25058): Total arena pages for JIT: 11
02-12 10:57:45.100 I/dalvikvm(25058): Total arena pages for JIT: 12
02-12 10:57:45.100 I/dalvikvm(25058): Total arena pages for JIT: 13
02-12 10:57:45.100 I/dalvikvm(25058): Total arena pages for JIT: 14
02-12 10:57:45.100 I/dalvikvm(25058): Total arena pages for JIT: 15
02-12 10:57:45.110 D/SendBroadcastHandler(25278): startTimer() SEND_TO_CONTACTS_INSERT 
02-12 10:57:45.120 D/CountryDetector(  504): The first listener is added
02-12 10:57:45.900 D/123     ( 1000): updateSettingTable: query time = 819
02-12 10:57:45.900 D/DialerDefaultTabReceiver( 1000): Account exist: Device/asus.local.phone
02-12 10:57:45.910 D/AsusPreferenceManager( 1000): getUpdateSettingTable: false
02-12 10:57:45.910 D/AsusPreferenceManager( 1000): getUpdateSettingTable: false
02-12 10:57:45.930 D/SendBroadcastHandler(25278): startTimer() SEND_TO_CONTACTS_WIDGET_DELETE 
02-12 10:57:46.030 I/chromium(25058): [INFO:CONSOLE(70)] "WARNING: Message from backend doesn't have data.", source:  (70)
02-12 10:57:46.370 W/BindingManager(25058): Cannot call determinedVisibility() - never saw a connection for the pid: 25058
02-12 10:57:46.410 I/chromium(25058): [INFO:CONSOLE(70)] "WARNING: Message from backend doesn't have data.", source:  (70)
02-12 10:57:46.580 D/dalvikvm(  504): GC_EXPLICIT freed 2162K, 48% free 17026K/32464K, paused 1ms+5ms, total 44ms
02-12 10:57:47.020 W/BindingManager(25058): Cannot call determinedVisibility() - never saw a connection for the pid: 25058
02-12 10:57:47.130 I/chromium(25058): [INFO:CONSOLE(70)] "WARNING: Message from backend doesn't have data.", source:  (70)
02-12 10:57:47.660 W/BindingManager(25058): Cannot call determinedVisibility() - never saw a connection for the pid: 25058
02-12 10:57:47.760 I/chromium(25058): [INFO:CONSOLE(70)] "WARNING: Message from backend doesn't have data.", source:  (70)
02-12 10:57:47.930 I/SecurityManagerService(  621): SMS received security event: App[START/com.android.providers.calendar]
02-12 10:57:47.940 D/dalvikvm(25310): Process 25310 nice name: com.android.providers.calendar
02-12 10:57:47.940 D/dalvikvm(25310): Extra Options: not specified
02-12 10:57:47.940 I/ActivityManager(  504): Start proc com.android.providers.calendar for broadcast com.android.providers.calendar/.ContactsEventUpdateReceiver: pid=25310 uid=10031 gids={50031, 3003, 1028, 1015}
02-12 10:57:48.040 V/ActivityManager(  504): Remove bg service from mStartingBackground ,r=ServiceRecord{22bac990 u0 com.android.providers.calendar/.ContactsEventUpdateIntentService},r used time=35,left r count=1
02-12 10:57:48.050 D/EVENT_THREAD(  183): void CEventThread::run() POLLIN event on Fd (1)
02-12 10:57:48.050 D/EVENT_THREAD(  183): void CEventThread::run() Do poll with timeout: -1
02-12 10:57:48.050 D/EVENT_THREAD(  183): void CEventThread::run() POLLIN event on Fd (1)
02-12 10:57:48.050 D/EVENT_THREAD(  183): void CEventThread::run() Do poll with timeout: -1
02-12 10:57:48.050 I/upi_ug31xx(  166): (5090) update_capacity
02-12 10:57:48.050 I/[UPI]   (  166): <UG31/E>[UpiReadCapacity]: V=4173(4175), T=343(344-399), I=-234, C=-1(-1-0)
02-12 10:57:48.050 I/[UPI]   (  166): <UG31/E>[UpiReadCapacity]: (0x10822d5a) 3744 (3626) / 3926 (4028) = 95
02-12 10:57:48.050 I/[UPI]   (  166): <UG31/E>[UpiReadCapacity]: (0x10822d5a) 3744 (3626) / 3926 (4028) = 95
02-12 10:57:48.050 I/[UPI]   (  166): <UG31/E>[UpiReadCapacity]: (0x10822d5a) 3743 (3743) / 3926 (4028) = 95
02-12 10:57:48.050 I/[UPI]   (  166): <UG31/E>[RsocFilterCountTime]: (0x10822d5a) Step=2(121280), Full=1(121280), Lock=121280(1800000)
02-12 10:57:48.050 I/[UPI]   (  166): <UG31/E>[UpiReadCapacity]: (0x10822d5a) 3743 (3743) / 3926 (4028) = 95 (-234--234)
02-12 10:57:48.050 I/[UPI]   (  166): <UG31/E><BATT> M:normal, P:95(95-95)%, V:4176mV, C:-359mA, T:34.4C(399), S:0x10822d5a(100), R:3743mAh, F:3926mAh, Q:290mAh, CC:3, P:30.270(320-0)s, BO:7, 97:615:0-44af-9m:B001-20140514-144301 (16)
02-12 10:57:48.050 I/upi_ug31xx(  166): (5091) backup_data 
02-12 10:57:48.050 V/upi_ug31xx(  166): state->check_backup_count = 3
02-12 10:57:48.110 D/SendBroadcastHandler(25278): mTimerTask sendMessage CONTACTS_INSERT 
02-12 10:57:48.110 D/SendBroadcastHandler(25278): (insert) sendBroadcast mInsertRawContacts:4
02-12 10:57:48.110 D/SendBroadcastHandler(25278): (insert) sendBroadcast mInsertName:4
02-12 10:57:48.110 D/SendBroadcastHandler(25278): (insert) sendBroadcast mInsertNameDetail:4
02-12 10:57:48.110 D/SendBroadcastHandler(25278): sendBroadcast insert to voice agent
02-12 10:57:48.260 W/BindingManager(25058): Cannot call determinedVisibility() - never saw a connection for the pid: 25058
02-12 10:57:48.390 I/chromium(25058): [INFO:CONSOLE(70)] "WARNING: Message from backend doesn't have data.", source:  (70)
02-12 10:57:48.420 D/SendBroadcastHandler(25278): startTimer() SEND_TO_CONTACTS_INSERT 
02-12 10:57:48.610 D/dalvikvm(25278): GC_EXPLICIT freed 1179K, 15% free 7491K/8760K, paused 0ms+3ms, total 18ms
02-12 10:57:48.880 W/BindingManager(25058): Cannot call determinedVisibility() - never saw a connection for the pid: 25058
02-12 10:57:48.930 D/SendBroadcastHandler(25278): mTimerTask sendMessage CONTACTS_DELETE 
02-12 10:57:48.930 D/SendBroadcastHandler(25278): sendBroadcast delete to voice agent
02-12 10:57:48.930 D/SendBroadcastHandler(25278): (Delete) sendBroadcast mDeleteContacts:5
02-12 10:57:48.930 D/SendBroadcastHandler(25278): (Delete) sendBroadcast mDeleteRawContactsVoice:6
02-12 10:57:48.930 D/SendBroadcastHandler(25278): sendBroadcast CONTACTS_DELETE
02-12 10:57:48.950 D/AsusContactWigdetSync( 1000): ready to sync contact id = 5
02-12 10:57:48.950 D/AsusContactWigdetSync( 1000): ready to sync widget
02-12 10:57:48.950 I/SecurityManagerService(  621): SMS received security event: App[START/com.asus.contactswidget]
02-12 10:57:48.950 D/AsusContactWigdetSync( 1000): delete contact_id = 187
02-12 10:57:48.950 D/AsusContactWigdetSync( 1000): delete contact_id = 189
02-12 10:57:48.950 D/AsusContactWigdetSync( 1000): delete contact_id = 190
02-12 10:57:48.950 D/AsusContactWigdetSync( 1000): delete contact_id = 191
02-12 10:57:48.950 D/AsusContactWigdetSync( 1000): delete contact_id = 192
02-12 10:57:48.950 D/AsusContactWigdetSync( 1000): sync isdelete = true
02-12 10:57:48.960 D/dalvikvm(25334): Process 25334 nice name: com.asus.contactswidget
02-12 10:57:48.960 D/dalvikvm(25334): Extra Options: not specified
02-12 10:57:48.960 I/ActivityManager(  504): Start proc com.asus.contactswidget for broadcast com.asus.contactswidget/.ContactsWidgetReceiver: pid=25334 uid=10046 gids={50046}
02-12 10:57:48.970 D/dalvikvm(  172): GC_EXPLICIT freed 47K, 2% free 5801K/5892K, paused 1ms+1ms, total 14ms
02-12 10:57:48.980 D/dalvikvm(  172): GC_EXPLICIT freed <1K, 2% free 5801K/5892K, paused 1ms+1ms, total 12ms
02-12 10:57:48.980 I/chromium(25058): [INFO:CONSOLE(70)] "WARNING: Message from backend doesn't have data.", source:  (70)
02-12 10:57:48.990 D/AsusContactWigdetSync(25334): ready to sync contact id = 5
02-12 10:57:48.990 D/AsusContactWigdetSync(25334): ready to sync widget
02-12 10:57:48.990 D/AsusContactWigdetSync(25334): delete contact_id = 187
02-12 10:57:48.990 D/AsusContactWigdetSync(25334): delete contact_id = 189
02-12 10:57:48.990 D/AsusContactWigdetSync(25334): delete contact_id = 190
02-12 10:57:48.990 D/AsusContactWigdetSync(25334): delete contact_id = 191
02-12 10:57:48.990 D/AsusContactWigdetSync(25334): delete contact_id = 192
02-12 10:57:48.990 D/dalvikvm(  172): GC_EXPLICIT freed <1K, 2% free 5801K/5892K, paused 0ms+1ms, total 12ms
02-12 10:57:48.990 D/AsusContactWigdetSync(25334): sync isdelete = true
02-12 10:57:49.040 I/CalendarProvider2(25310): Sending countdown intent: Intent { act=asuscalendar.intent.action.COUNTDOWN_CHANGED dat=content://com.android.calendar }
02-12 10:57:49.040 W/ContentResolver(25310): Failed to get type for: content://com.android.calendar (Unknown URL content://com.android.calendar)
02-12 10:57:49.040 I/SecurityManagerService(  621): SMS received security event: App[START/com.asus.calendar]
02-12 10:57:49.040 D/dalvikvm(25347): Process 25347 nice name: com.asus.calendar
02-12 10:57:49.040 D/dalvikvm(25347): Extra Options: not specified
02-12 10:57:49.040 I/CalendarProvider2(25310): Sending notification intent: Intent { act=android.intent.action.PROVIDER_CHANGED dat=content://com.android.calendar }
02-12 10:57:49.040 W/ContentResolver(25310): Failed to get type for: content://com.android.calendar (Unknown URL content://com.android.calendar)
02-12 10:57:49.040 I/ActivityManager(  504): Start proc com.asus.calendar for broadcast com.asus.calendar/com.asus.countdown.CountdownReceiver: pid=25347 uid=10002 gids={50002, 3003, 1028, 1015, 3002}
02-12 10:57:49.050 V/ActivityManager(  504): Remove bg service from mStartingBackground ,r=ServiceRecord{225ebaf0 u0 com.android.providers.calendar/.EmptyService},r used time=1020,left r count=2
02-12 10:57:49.120 D/AlertReceiver(25347): onReceive: a=android.intent.action.PROVIDER_CHANGED Intent { act=android.intent.action.PROVIDER_CHANGED dat=content://com.android.calendar flg=0x10 cmp=com.asus.calendar/com.android.calendar.alerts.AlertReceiver }
02-12 10:57:49.140 V/ActivityManager(  504): Remove bg service from mStartingBackground ,r=ServiceRecord{22276b00 u0 com.asus.calendar/com.asus.countdown.CountdownService},r used time=17,left r count=3
02-12 10:57:49.140 D/AlertService(25347): 0 Action = android.intent.action.PROVIDER_CHANGED
02-12 10:57:49.140 D/AlertService(25347): Beginning updateAlertNotification
02-12 10:57:49.160 D/AlertService(25347): No fired or scheduled alerts
02-12 10:57:49.160 I/ActivityManager(  504): Killing 11618:com.asus.photoframe/u0a68 (adj 15): empty for 2583s
02-12 10:57:49.180 D/BatteryStatsImpl(  504): noteStopWakeLocked com.asus.calendar isFromForeground = false
02-12 10:57:49.180 V/ActivityManager(  504): Remove bg service from mStartingBackground ,r=ServiceRecord{22260f98 u0 com.asus.calendar/com.android.calendar.alerts.AlertService},r used time=58,left r count=2
02-12 10:57:49.200 I/ActivityManager(  504): Killing 13887:com.android.defcontainer/u0a12 (adj 15): empty for 2575s
02-12 10:57:49.220 I/SecurityManagerService(  621): SMS received security event: App[STOP/com.asus.photoframe]
02-12 10:57:49.240 I/SecurityManagerService(  621): SMS received security event: App[STOP/com.android.defcontainer]
02-12 10:57:49.330 E/ContactJson(25058): getStringArray(fields): Failed to parse json data: org.json.JSONException: Value givenNames at fields of type java.lang.String cannot be converted to JSONArray
02-12 10:57:49.510 W/BindingManager(25058): Cannot call determinedVisibility() - never saw a connection for the pid: 25058
02-12 10:57:49.550 D/SendBroadcastHandler(25278): startTimer() SEND_TO_CONTACTS_WIDGET_DELETE 
02-12 10:57:49.670 I/chromium(25058): [INFO:CONSOLE(70)] "WARNING: Message from backend doesn't have data.", source:  (70)
02-12 10:57:49.720 D/dalvikvm(25058): GC_EXPLICIT freed 1791K, 21% free 7226K/9148K, paused 0ms+3ms, total 18ms
02-12 10:57:49.950 D/AsusContactWigdetSync( 1000): sync start
02-12 10:57:49.950 D/AsusContactWigdetSync( 1000): sync selection = null
02-12 10:57:49.950 D/AsusContactWigdetSync( 1000): sync delete selection = contact_id IN ( 187, 190, 192, 191, 189)
02-12 10:57:49.960 D/AsusContactWigdetSync( 1000): sync stop
02-12 10:57:49.960 V/ActivityManager(  504): Remove bg service from mStartingBackground ,r=ServiceRecord{22553870 u0 com.asus.contacts/com.android.contacts.miniwidget.SyncService},r used time=1012,left r count=1
02-12 10:57:49.990 D/AsusContactWigdetSync(25334): sync start
02-12 10:57:49.990 D/AsusContactWigdetSync(25334): sync selection = null
02-12 10:57:49.990 D/AsusContactWigdetSync(25334): sync delete selection = contact_id IN ( 187, 190, 192, 191, 189)
02-12 10:57:50.000 D/AsusContactWigdetSync(25334): sync stop
02-12 10:57:50.000 V/ActivityManager(  504): Remove bg service from mStartingBackground ,r=ServiceRecord{222fd258 u0 com.asus.contactswidget/.SyncService},r used time=1015,left r count=0
02-12 10:57:50.080 D/dalvikvm(  504): GC_EXPLICIT freed 289K, 49% free 16840K/32464K, paused 1ms+3ms, total 40ms
02-12 10:57:50.370 V/ActivityManager(  504): Remove bg service from mStartingBackground ,r=ServiceRecord{2224ad20 u0 com.android.providers.calendar/.ContactsEventUpdateIntentService},r used time=52,left r count=1
02-12 10:57:50.670 W/BindingManager(25058): Cannot call determinedVisibility() - never saw a connection for the pid: 25058
02-12 10:57:50.840 I/chromium(25058): [INFO:CONSOLE(70)] "WARNING: Message from backend doesn't have data.", source:  (70)
02-12 10:57:51.230 D/dalvikvm(25278): GC_EXPLICIT freed 879K, 12% free 7772K/8820K, paused 0ms+3ms, total 18ms
02-12 10:57:51.380 I/CalendarProvider2(25310): Sending notification intent: Intent { act=android.intent.action.PROVIDER_CHANGED dat=content://com.android.calendar }
02-12 10:57:51.380 W/ContentResolver(25310): Failed to get type for: content://com.android.calendar (Unknown URL content://com.android.calendar)
02-12 10:57:51.380 D/AlertReceiver(25347): onReceive: a=android.intent.action.PROVIDER_CHANGED Intent { act=android.intent.action.PROVIDER_CHANGED dat=content://com.android.calendar flg=0x10 cmp=com.asus.calendar/com.android.calendar.alerts.AlertReceiver }
02-12 10:57:51.380 D/AlertService(25347): 0 Action = android.intent.action.PROVIDER_CHANGED
02-12 10:57:51.380 D/AlertService(25347): Beginning updateAlertNotification
02-12 10:57:51.380 V/ActivityManager(  504): Remove bg service from mStartingBackground ,r=ServiceRecord{22245b78 u0 com.android.providers.calendar/.EmptyService},r used time=1005,left r count=0
02-12 10:57:51.390 D/AlertService(25347): No fired or scheduled alerts
02-12 10:57:51.410 D/BatteryStatsImpl(  504): noteStopWakeLocked com.asus.calendar isFromForeground = false
02-12 10:57:51.410 V/ActivityManager(  504): Remove bg service from mStartingBackground ,r=ServiceRecord{221e1100 u0 com.asus.calendar/com.android.calendar.alerts.AlertService},r used time=35,left r count=0
02-12 10:57:51.420 D/SendBroadcastHandler(25278): mTimerTask sendMessage CONTACTS_INSERT 
02-12 10:57:51.420 D/SendBroadcastHandler(25278): (insert) sendBroadcast mInsertRawContacts:7
02-12 10:57:51.420 D/SendBroadcastHandler(25278): (insert) sendBroadcast mInsertName:7
02-12 10:57:51.420 D/SendBroadcastHandler(25278): (insert) sendBroadcast mInsertNameDetail:7
02-12 10:57:51.420 D/SendBroadcastHandler(25278): sendBroadcast insert to voice agent
02-12 10:57:51.790 W/BindingManager(25058): Cannot call determinedVisibility() - never saw a connection for the pid: 25058
02-12 10:57:51.970 I/chromium(25058): [INFO:CONSOLE(70)] "WARNING: Message from backend doesn't have data.", source:  (70)
02-12 10:57:52.000 D/SendBroadcastHandler(25278): startTimer() SEND_TO_CONTACTS_INSERT 
02-12 10:57:52.560 D/SendBroadcastHandler(25278): mTimerTask sendMessage CONTACTS_DELETE 
02-12 10:57:52.560 D/AsusContactWigdetSync( 1000): ready to sync contact id = 6
02-12 10:57:52.560 D/AsusContactWigdetSync( 1000): ready to sync widget
02-12 10:57:52.560 D/SendBroadcastHandler(25278): sendBroadcast delete to voice agent
02-12 10:57:52.560 D/SendBroadcastHandler(25278): (Delete) sendBroadcast mDeleteContacts:6
02-12 10:57:52.560 D/SendBroadcastHandler(25278): (Delete) sendBroadcast mDeleteRawContactsVoice:6
02-12 10:57:52.560 D/SendBroadcastHandler(25278): sendBroadcast CONTACTS_DELETE
02-12 10:57:52.560 D/AsusContactWigdetSync(25334): ready to sync contact id = 6
02-12 10:57:52.560 D/AsusContactWigdetSync( 1000): delete contact_id = 193
02-12 10:57:52.560 D/AsusContactWigdetSync(25334): ready to sync widget
02-12 10:57:52.560 D/AsusContactWigdetSync( 1000): delete contact_id = 194
02-12 10:57:52.560 D/AsusContactWigdetSync( 1000): delete contact_id = 195
02-12 10:57:52.560 D/AsusContactWigdetSync( 1000): delete contact_id = 196
02-12 10:57:52.560 D/AsusContactWigdetSync( 1000): delete contact_id = 197
02-12 10:57:52.560 D/AsusContactWigdetSync( 1000): delete contact_id = 198
02-12 10:57:52.560 D/AsusContactWigdetSync( 1000): sync isdelete = true
02-12 10:57:52.570 D/AsusContactWigdetSync(25334): delete contact_id = 193
02-12 10:57:52.570 D/AsusContactWigdetSync(25334): delete contact_id = 194
02-12 10:57:52.570 D/AsusContactWigdetSync(25334): delete contact_id = 195
02-12 10:57:52.570 D/AsusContactWigdetSync(25334): delete contact_id = 196
02-12 10:57:52.570 D/AsusContactWigdetSync(25334): delete contact_id = 197
02-12 10:57:52.570 D/AsusContactWigdetSync(25334): delete contact_id = 198
02-12 10:57:52.570 D/AsusContactWigdetSync(25334): sync isdelete = true
02-12 10:57:52.770 V/ActivityManager(  504): Remove bg service from mStartingBackground ,r=ServiceRecord{221cae98 u0 com.android.providers.calendar/.ContactsEventUpdateIntentService},r used time=58,left r count=3
02-12 10:57:52.970 W/BindingManager(25058): Cannot call determinedVisibility() - never saw a connection for the pid: 25058
02-12 10:57:53.030 D/SendBroadcastHandler(25278): startTimer() SEND_TO_CONTACTS_WIDGET_DELETE 
02-12 10:57:53.040 D/BatteryStatsImpl(  504): noteStopWakeLocked system isFromForeground = false
02-12 10:57:53.040 D/AlarmManager(  504): Triggered Alarm 221c74b8 ELAPSED_REALTIME_WAKEUP IntentSender{223083a8: PendingIntentRecord{222e9c98 com.android.providers.calendar broadcastIntent}}
02-12 10:57:53.050 D/AlarmManager(  504): Removed alarm Alarm{2277d7a8 type 0 com.android.providers.calendar} type:RTC_WAKEUP
02-12 10:57:53.050 D/AlarmManager(  504): Added alarm Alarm{220a1e00 type 0 android} type:RTC_WAKEUP when: At 15-2-12 11:00 repeatInterval: 0h:30m:0.0s
02-12 10:57:53.060 D/AlarmManager(  504): Added alarm Alarm{22075aa0 type 0 com.wandoujia.phoenix2} type:RTC_WAKEUP when: At 15-2-13 3:56
02-12 10:57:53.070 D/BatteryStatsImpl(  504): noteStopWakeLocked com.android.providers.calendar isFromForeground = false
02-12 10:57:53.070 D/AlarmManager(  504): Added alarm Alarm{22058340 type 0 com.android.providers.calendar} type:RTC_WAKEUP when: At 15-2-13 8:58
02-12 10:57:53.070 V/ActivityManager(  504): Remove bg service from mStartingBackground ,r=ServiceRecord{22123088 u0 com.android.providers.calendar/.CalendarProviderIntentService},r used time=25,left r count=3
02-12 10:57:53.180 I/chromium(25058): [INFO:CONSOLE(70)] "WARNING: Message from backend doesn't have data.", source:  (70)
02-12 10:57:53.570 D/AsusContactWigdetSync(25334): sync start
02-12 10:57:53.570 D/AsusContactWigdetSync( 1000): sync start
02-12 10:57:53.570 D/AsusContactWigdetSync( 1000): sync selection = null
02-12 10:57:53.570 D/AsusContactWigdetSync( 1000): sync delete selection = contact_id IN ( 197, 196, 198, 193, 195, 194)
02-12 10:57:53.570 D/AsusContactWigdetSync(25334): sync selection = null
02-12 10:57:53.570 D/AsusContactWigdetSync(25334): sync delete selection = contact_id IN ( 197, 196, 198, 193, 195, 194)
02-12 10:57:53.570 D/AsusContactWigdetSync(25334): sync stop
02-12 10:57:53.580 D/AsusContactWigdetSync( 1000): sync stop
02-12 10:57:53.580 V/ActivityManager(  504): Remove bg service from mStartingBackground ,r=ServiceRecord{221d3d48 u0 com.asus.contactswidget/.SyncService},r used time=1011,left r count=2
02-12 10:57:53.580 V/ActivityManager(  504): Remove bg service from mStartingBackground ,r=ServiceRecord{221dfbb8 u0 com.asus.contacts/com.android.contacts.miniwidget.SyncService},r used time=1020,left r count=1
02-12 10:57:53.780 I/CalendarProvider2(25310): Sending notification intent: Intent { act=android.intent.action.PROVIDER_CHANGED dat=content://com.android.calendar }
02-12 10:57:53.780 W/ContentResolver(25310): Failed to get type for: content://com.android.calendar (Unknown URL content://com.android.calendar)
02-12 10:57:53.780 D/AlertReceiver(25347): onReceive: a=android.intent.action.PROVIDER_CHANGED Intent { act=android.intent.action.PROVIDER_CHANGED dat=content://com.android.calendar flg=0x10 cmp=com.asus.calendar/com.android.calendar.alerts.AlertReceiver }
02-12 10:57:53.780 V/ActivityManager(  504): Remove bg service from mStartingBackground ,r=ServiceRecord{22136020 u0 com.android.providers.calendar/.EmptyService},r used time=1006,left r count=0
02-12 10:57:53.780 D/AlertService(25347): 0 Action = android.intent.action.PROVIDER_CHANGED
02-12 10:57:53.780 D/AlertService(25347): Beginning updateAlertNotification
02-12 10:57:53.800 D/AlertService(25347): No fired or scheduled alerts
02-12 10:57:53.830 D/BatteryStatsImpl(  504): noteStopWakeLocked com.asus.calendar isFromForeground = false
02-12 10:57:53.830 V/ActivityManager(  504): Remove bg service from mStartingBackground ,r=ServiceRecord{22039798 u0 com.asus.calendar/com.android.calendar.alerts.AlertService},r used time=47,left r count=0
02-12 10:57:54.150 W/BindingManager(25058): Cannot call determinedVisibility() - never saw a connection for the pid: 25058
02-12 10:57:54.340 I/chromium(25058): [INFO:CONSOLE(70)] "WARNING: Message from backend doesn't have data.", source:  (70)
02-12 10:57:54.510 E/Contacts(25058): org.json.JSONException: No value for contactId
02-12 10:57:55.010 D/SendBroadcastHandler(25278): mTimerTask sendMessage CONTACTS_INSERT 
02-12 10:57:55.010 D/SendBroadcastHandler(25278): (insert) sendBroadcast mInsertRawContacts:5
02-12 10:57:55.010 D/SendBroadcastHandler(25278): (insert) sendBroadcast mInsertName:5
02-12 10:57:55.010 D/SendBroadcastHandler(25278): (insert) sendBroadcast mInsertNameDetail:5
02-12 10:57:55.010 D/SendBroadcastHandler(25278): sendBroadcast insert to voice agent
02-12 10:57:55.080 D/AlarmManager(  504): Added alarm Alarm{220738c0 type 2 com.android.providers.calendar} type:ELAPSED_REALTIME_WAKEUP when: After 0h:0m:4.0s
02-12 10:57:55.090 V/ActivityManager(  504): Remove bg service from mStartingBackground ,r=ServiceRecord{21f62668 u0 com.android.providers.calendar/.ContactsEventUpdateIntentService},r used time=46,left r count=1
02-12 10:57:56.040 D/SendBroadcastHandler(25278): mTimerTask sendMessage CONTACTS_DELETE 
02-12 10:57:56.040 D/SendBroadcastHandler(25278): sendBroadcast delete to voice agent
02-12 10:57:56.040 D/SendBroadcastHandler(25278): (Delete) sendBroadcast mDeleteContacts:4
02-12 10:57:56.040 D/AsusContactWigdetSync( 1000): ready to sync contact id = 4
02-12 10:57:56.040 D/SendBroadcastHandler(25278): (Delete) sendBroadcast mDeleteRawContactsVoice:4
02-12 10:57:56.040 D/AsusContactWigdetSync( 1000): ready to sync widget
02-12 10:57:56.040 D/SendBroadcastHandler(25278): sendBroadcast CONTACTS_DELETE
02-12 10:57:56.050 D/AsusContactWigdetSync( 1000): delete contact_id = 199
02-12 10:57:56.050 D/AsusContactWigdetSync( 1000): delete contact_id = 200
02-12 10:57:56.050 D/AsusContactWigdetSync( 1000): delete contact_id = 201
02-12 10:57:56.050 D/AsusContactWigdetSync( 1000): delete contact_id = 202
02-12 10:57:56.050 D/AsusContactWigdetSync( 1000): sync isdelete = true
02-12 10:57:56.050 D/AsusContactWigdetSync(25334): ready to sync contact id = 4
02-12 10:57:56.050 D/AsusContactWigdetSync(25334): ready to sync widget
02-12 10:57:56.060 D/AsusContactWigdetSync(25334): delete contact_id = 199
02-12 10:57:56.060 D/AsusContactWigdetSync(25334): delete contact_id = 200
02-12 10:57:56.060 D/AsusContactWigdetSync(25334): delete contact_id = 201
02-12 10:57:56.060 D/AsusContactWigdetSync(25334): delete contact_id = 202
02-12 10:57:56.060 D/AsusContactWigdetSync(25334): sync isdelete = true
02-12 10:57:56.100 I/CalendarProvider2(25310): Sending notification intent: Intent { act=android.intent.action.PROVIDER_CHANGED dat=content://com.android.calendar }
02-12 10:57:56.100 W/ContentResolver(25310): Failed to get type for: content://com.android.calendar (Unknown URL content://com.android.calendar)
02-12 10:57:56.100 D/AlertReceiver(25347): onReceive: a=android.intent.action.PROVIDER_CHANGED Intent { act=android.intent.action.PROVIDER_CHANGED dat=content://com.android.calendar flg=0x10 cmp=com.asus.calendar/com.android.calendar.alerts.AlertReceiver }
02-12 10:57:56.100 V/ActivityManager(  504): Remove bg service from mStartingBackground ,r=ServiceRecord{21f3e798 u0 com.android.providers.calendar/.EmptyService},r used time=1004,left r count=2
02-12 10:57:56.100 D/AlertService(25347): 0 Action = android.intent.action.PROVIDER_CHANGED
02-12 10:57:56.100 D/AlertService(25347): Beginning updateAlertNotification
02-12 10:57:56.110 D/AlertService(25347): No fired or scheduled alerts
02-12 10:57:56.120 D/BatteryStatsImpl(  504): noteStopWakeLocked com.asus.calendar isFromForeground = false
02-12 10:57:56.120 V/ActivityManager(  504): Remove bg service from mStartingBackground ,r=ServiceRecord{22225868 u0 com.asus.calendar/com.android.calendar.alerts.AlertService},r used time=23,left r count=2
02-12 10:57:57.060 D/AsusContactWigdetSync( 1000): sync start
02-12 10:57:57.060 D/AsusContactWigdetSync( 1000): sync selection = null
02-12 10:57:57.060 D/AsusContactWigdetSync( 1000): sync delete selection = contact_id IN ( 199, 201, 200, 202)
02-12 10:57:57.060 D/AsusContactWigdetSync( 1000): sync stop
02-12 10:57:57.060 V/ActivityManager(  504): Remove bg service from mStartingBackground ,r=ServiceRecord{21ef0578 u0 com.asus.contacts/com.android.contacts.miniwidget.SyncService},r used time=1017,left r count=1
02-12 10:57:57.080 D/AsusContactWigdetSync(25334): sync start
02-12 10:57:57.080 D/AsusContactWigdetSync(25334): sync selection = null
02-12 10:57:57.080 D/AsusContactWigdetSync(25334): sync delete selection = contact_id IN ( 199, 201, 200, 202)
02-12 10:57:57.080 D/AsusContactWigdetSync(25334): sync stop
02-12 10:57:57.080 V/ActivityManager(  504): Remove bg service from mStartingBackground ,r=ServiceRecord{222452d8 u0 com.asus.contactswidget/.SyncService},r used time=1013,left r count=0
02-12 10:57:57.330 W/BindingManager(25058): Cannot call determinedVisibility() - never saw a connection for the pid: 25058
02-12 10:57:57.430 D/dalvikvm(  504): GC_EXPLICIT freed 83K, 49% free 16853K/32464K, paused 2ms+4ms, total 59ms
02-12 10:57:57.440 D/SendBroadcastHandler(25278): startTimer() SEND_TO_CONTACTS_WIDGET_DELETE 
02-12 10:57:57.510 I/chromium(25058): [INFO:CONSOLE(70)] "WARNING: Message from backend doesn't have data.", source:  (70)
02-12 10:57:57.540 D/SendBroadcastHandler(25278): startTimer() SEND_TO_CONTACTS_INSERT 
02-12 10:57:58.000 W/BindingManager(25058): Cannot call determinedVisibility() - never saw a connection for the pid: 25058
02-12 10:57:58.120 I/chromium(25058): [INFO:CONSOLE(70)] "WARNING: Message from backend doesn't have data.", source:  (70)
02-12 10:57:58.270 D/dalvikvm(25278): GC_EXPLICIT freed 872K, 12% free 7885K/8928K, paused 0ms+3ms, total 17ms
02-12 10:57:58.660 W/BindingManager(25058): Cannot call determinedVisibility() - never saw a connection for the pid: 25058
02-12 10:57:58.700 D/dalvikvm(25058): GC_EXPLICIT freed 886K, 21% free 7261K/9148K, paused 1ms+3ms, total 19ms
02-12 10:57:58.780 I/chromium(25058): [INFO:CONSOLE(70)] "WARNING: Message from backend doesn't have data.", source:  (70)
02-12 10:57:59.320 W/BindingManager(25058): Cannot call determinedVisibility() - never saw a connection for the pid: 25058
02-12 10:57:59.460 I/chromium(25058): [INFO:CONSOLE(70)] "WARNING: Message from backend doesn't have data.", source:  (70)
