02-12 13:36:21.450 I/WifiHW  (  504): REPLY: flags=[WPA2-PSK-CCMP-preauth][ESS]
02-12 13:36:21.450 I/WifiHW  (  504): REPLY: ssid=Edimax AP
02-12 13:36:21.450 I/WifiHW  (  504): REPLY: ====
02-12 13:36:21.450 I/WifiHW  (  504): REPLY: id=1123
02-12 13:36:21.450 I/WifiHW  (  504): REPLY: bssid=e4:d3:32:c0:cf:a4
02-12 13:36:21.450 I/WifiHW  (  504): REPLY: freq=2437
02-12 13:36:21.450 I/WifiHW  (  504): REPLY: level=-65
02-12 13:36:21.450 I/WifiHW  (  504): REPLY: tsf=0000074517624959
02-12 13:36:21.450 I/WifiHW  (  504): REPLY: flags=[WPA2-PSK-CCMP][ESS]
02-12 13:36:21.450 I/WifiHW  (  504): REPLY: ssid=fast
02-12 13:36:21.450 I/WifiHW  (  504): REPLY: ====
02-12 13:36:21.450 I/WifiHW  (  504): REPLY: id=1140
02-12 13:36:21.450 I/WifiHW  (  504): REPLY: bssid=6c:8b:2f:e8:38:24
02-12 13:36:21.450 I/WifiHW  (  504): REPLY: freq=2437
02-12 13:36:21.450 I/WifiHW  (  504): REPLY: level=-56
02-12 13:36:21.450 I/WifiHW  (  504): REPLY: tsf=0000074517624897
02-12 13:36:21.450 I/WifiHW  (  504): REPLY: flags=[WPA2-PSK-CCMP][ESS]
02-12 13:36:21.450 I/WifiHW  (  504): REPLY: ssid=ZTE_AP_6703
02-12 13:36:21.450 I/WifiHW  (  504): REPLY: ====
02-12 13:36:21.450 I/WifiHW  (  504): REPLY: id=1146
02-12 13:36:21.450 I/WifiHW  (  504): REPLY: bssid=c0:c1:c0:76:81:3c
02-12 13:36:21.450 I/WifiHW  (  504): REPLY: freq=2437
02-12 13:36:21.450 I/WifiHW  (  504): REPLY: level=-59
02-12 13:36:21.450 I/WifiHW  (  504): REPLY: tsf=0000074476432184
02-12 13:36:21.450 I/WifiHW  (  504): REPLY: flags=[WPA2-PSK-CCMP][WPS][ESS]
02-12 13:36:21.450 I/WifiHW  (  504): REPLY: ssid=E2000
02-12 13:36:21.450 I/WifiHW  (  504): REPLY: ====
02-12 13:36:21.450 I/WifiHW  (  504): REPLY: id=1155
02-12 13:36:21.450 I/WifiHW  (  504): REPLY: bssid=50:bd:5f:4b:29:92
02-12 13:36:21.450 I/WifiHW  (  504): REPLY: freq=2437
02-12 13:36:21.450 I/WifiHW  (  504): REPLY: level=-70
02-12 13:36:21.450 I/WifiHW  (  504): REPLY: tsf=0000074517624950
02-12 13:36:21.450 I/WifiHW  (  504): REPLY: flags=[ESS]
02-12 13:36:21.450 I/WifiHW  (  504): REPLY: ssid=Internet-2
02-12 13:36:21.450 I/WifiHW  (  504): REPLY: ====
02-12 13:36:21.450 I/WifiHW  (  504): REPLY: id=1161
02-12 13:36:21.450 I/WifiHW  (  504): REPLY: bssid=c0:a0:bb:20:3b:84
02-12 13:36:21.450 I/WifiHW  (  504): REPLY: freq=2417
02-12 13:36:21.460 I/WifiHW  (  504): REPLY: level=-75
02-12 13:36:21.460 I/WifiHW  (  504): REPLY: tsf=0000074517624889
02-12 13:36:21.460 I/WifiHW  (  504): REPLY: flags=[WPA-PSK-CCMP+TKIP][WPA2-PSK-CCMP+TKIP][WPS][ESS]
02-12 13:36:21.460 I/WifiHW  (  504): REPLY: ssid=dlink-3B84
02-12 13:36:21.460 I/WifiHW  (  504): REPLY: ====
02-12 13:36:21.460 I/WifiHW  (  504): REPLY: id=1162
02-12 13:36:21.460 I/WifiHW  (  504): REPLY: bssid=14:d6:4d:28:ef:c8
02-12 13:36:21.460 I/WifiHW  (  504): REPLY: freq=2437
02-12 13:36:21.460 I/WifiHW  (  504): REPLY: level=-68
02-12 13:36:21.460 I/WifiHW  (  504): REPLY: tsf=0000074517624941
02-12 13:36:21.460 I/WifiHW  (  504): REPLY: flags=[WPA2-PSK-CCMP][WPS][ESS]
02-12 13:36:21.460 I/WifiHW  (  504): REPLY: ssid=dlink
02-12 13:36:21.460 I/WifiHW  (  504): REPLY: ####
02-12 13:36:22.740 D/EVENT_THREAD(  183): void CEventThread::run() POLLIN event on Fd (1)
02-12 13:36:22.740 D/EVENT_THREAD(  183): void CEventThread::run() Do poll with timeout: -1
02-12 13:36:22.750 D/EVENT_THREAD(  183): void CEventThread::run() POLLIN event on Fd (1)
02-12 13:36:22.750 D/EVENT_THREAD(  183): void CEventThread::run() Do poll with timeout: -1
02-12 13:36:22.750 I/upi_ug31xx(  166): (5723) update_capacity
02-12 13:36:22.750 I/[UPI]   (  166): <UG31/E>[UpiReadCapacity]: V=4003(4005), T=329(331-385), I=-92, C=0(0-0)
02-12 13:36:22.750 I/[UPI]   (  166): <UG31/E>[UpiReadCapacity]: (0x1002254a) 3087 (2925) / 3926 (4027) = 79
02-12 13:36:22.750 I/[UPI]   (  166): <UG31/E>[UpiReadCapacity]: (0x1002254a) 3087 (2925) / 3926 (4027) = 79
02-12 13:36:22.750 I/[UPI]   (  166): <UG31/E>[UpiReadCapacity]: (0x1002254a) 3087 (3087) / 3926 (4027) = 79
02-12 13:36:22.750 I/[UPI]   (  166): <UG31/E>[RsocFilterCountTime]: (0x1002254a) Step=13(820640), Full=13(820640), Lock=820640(3089739)
02-12 13:36:22.750 I/[UPI]   (  166): <UG31/E>[UpiReadCapacity]: (0x1002254a) 3087 (3087) / 3926 (4027) = 79 (-92--92)
02-12 13:36:22.750 I/[UPI]   (  166): <UG31/E><BATT> M:normal, P:79(79-79)%, V:4006mV, C:-84mA, T:33.1C(385), S:0x1002254a(000), R:3087mAh, F:3926mAh, Q:-368mAh, CC:3, P:30.320(977-0)s, BO:7, 97:615:0-44af-9m:B001-20140514-144301 (16)
02-12 13:36:22.750 I/upi_ug31xx(  166): (5724) backup_data 
02-12 13:36:22.750 V/upi_ug31xx(  166): state->check_backup_count = 3
02-12 13:36:26.230 D/AndroidRuntime(30441): 
02-12 13:36:26.230 D/AndroidRuntime(30441): >>>>>> AndroidRuntime START com.android.internal.os.RuntimeInit <<<<<<
02-12 13:36:26.230 D/AndroidRuntime(30441): CheckJNI is OFF
02-12 13:36:26.230 I/AndroidRuntime(30441): Kernel Release Version: 3.10.20-gf818079
02-12 13:36:26.240 I/dalvikvm(30441): No library specified. The standard exception handler will be used
02-12 13:36:26.240 I/dalvikvm(30441): 
02-12 13:36:26.240 I/dalvikvm(30441): +++++++++++++ Using PCG. +++++++++++++++++++++
02-12 13:36:26.250 D/dalvikvm(30441): Trying to load lib libjavacore.so 0x0
02-12 13:36:26.250 D/dalvikvm(30441): Added shared lib libjavacore.so 0x0
02-12 13:36:26.250 D/dalvikvm(30441): Trying to load lib libnativehelper.so 0x0
02-12 13:36:26.250 D/dalvikvm(30441): Added shared lib libnativehelper.so 0x0
02-12 13:36:26.250 D/dalvikvm(30441): No JNI_OnLoad found in libnativehelper.so 0x0, skipping init
02-12 13:36:26.260 D/dalvikvm(30441): Extra Options: not specified
02-12 13:36:26.260 D/dalvikvm(30441): Note: class Landroid/app/ActivityManagerNative; has 186 unimplemented (abstract) methods
02-12 13:36:26.340 E/memtrack(30441): Couldn't load memtrack module (No such file or directory)
02-12 13:36:26.340 E/android.os.Debug(30441): failed to load memtrack module: -2
02-12 13:36:26.370 D/AndroidRuntime(30441): Calling main entry com.android.commands.am.Am
02-12 13:36:26.410 D/AndroidRuntime(30441): Shutting down VM
02-12 13:36:26.410 D/dalvikvm(30441): GC_CONCURRENT freed 108K, 16% free 638K/760K, paused 0ms+0ms, total 1ms
02-12 13:36:26.410 D/dalvikvm(30441): Compiler shutdown in progress - discarding request
02-12 13:36:26.410 D/dalvikvm(30441): Compiler shutdown in progress - discarding request
02-12 13:36:26.410 D/dalvikvm(30441): Compiler shutdown in progress - discarding request
02-12 13:36:26.410 D/dalvikvm(30441): Compiler shutdown in progress - discarding request
02-12 13:36:26.410 D/dalvikvm(30441): Compiler shutdown in progress - discarding request
02-12 13:36:26.410 D/dalvikvm(30441): Compiler shutdown in progress - discarding request
02-12 13:36:26.410 D/dalvikvm(30441): Compiler shutdown in progress - discarding request
02-12 13:36:26.410 D/dalvikvm(30441): Compiler shutdown in progress - discarding request
02-12 13:36:26.410 D/dalvikvm(30441): Compiler shutdown in progress - discarding request
02-12 13:36:26.410 D/dalvikvm(30441): Compiler shutdown in progress - discarding request
02-12 13:36:26.410 D/dalvikvm(30441): Compiler shutdown in progress - discarding request
02-12 13:36:26.410 D/dalvikvm(30441): Compiler shutdown in progress - discarding request
02-12 13:36:26.410 D/dalvikvm(30441): Compiler shutdown in progress - discarding request
02-12 13:36:26.410 D/dalvikvm(30441): Compiler shutdown in progress - discarding request
02-12 13:36:26.410 D/dalvikvm(30441): Compiler shutdown in progress - discarding request
02-12 13:36:26.410 D/dalvikvm(30441): Compiler shutdown in progress - discarding request
02-12 13:36:26.410 D/dalvikvm(30441): Compiler shutdown in progress - discarding request
02-12 13:36:26.410 D/dalvikvm(30441): Compiler shutdown in progress - discarding request
02-12 13:36:26.410 D/dalvikvm(30441): Compiler shutdown in progress - discarding request
02-12 13:36:26.410 D/dalvikvm(30441): Compiler shutdown in progress - discarding request
02-12 13:36:26.410 D/dalvikvm(30441): Compiler shutdown in progress - discarding request
02-12 13:36:26.410 D/dalvikvm(30441): Compiler shutdown in progress - discarding request
02-12 13:36:26.410 D/dalvikvm(30441): Compiler shutdown in progress - discarding request
02-12 13:36:26.410 D/dalvikvm(30441): Compiler shutdown in progress - discarding request
02-12 13:36:26.410 D/dalvikvm(30441): Compiler shutdown in progress - discarding request
02-12 13:36:26.410 D/dalvikvm(30441): Compiler shutdown in progress - discarding request
02-12 13:36:26.410 D/dalvikvm(30441): Compiler shutdown in progress - discarding request
02-12 13:36:26.410 D/dalvikvm(30441): Compiler shutdown in progress - discarding request
02-12 13:36:26.410 D/dalvikvm(30441): Compiler shutdown in progress - discarding request
02-12 13:36:26.410 D/dalvikvm(30441): Compiler shutdown in progress - discarding request
02-12 13:36:26.410 D/dalvikvm(30441): Compiler shutdown in progress - discarding request
02-12 13:36:26.410 D/dalvikvm(30441): Compiler shutdown in progress - discarding request
02-12 13:36:26.410 D/dalvikvm(30441): Compiler shutdown in progress - discarding request
02-12 13:36:26.410 D/dalvikvm(30441): Compiler shutdown in progress - discarding request
02-12 13:36:26.410 D/dalvikvm(30441): Compiler shutdown in progress - discarding request
02-12 13:36:26.410 D/dalvikvm(30441): Compiler shutdown in progress - discarding request
02-12 13:36:26.410 D/dalvikvm(30441): Compiler shutdown in progress - discarding request
02-12 13:36:26.410 D/dalvikvm(30441): Compiler shutdown in progress - discarding request
02-12 13:36:26.410 D/dalvikvm(30441): Compiler shutdown in progress - discarding request
02-12 13:36:26.410 D/dalvikvm(30441): Compiler shutdown in progress - discarding request
02-12 13:36:26.410 D/dalvikvm(30441): Compiler shutdown in progress - discarding request
02-12 13:36:26.410 D/dalvikvm(30441): Compiler shutdown in progress - discarding request
02-12 13:36:26.410 D/dalvikvm(30441): Compiler shutdown in progress - discarding request
02-12 13:36:26.410 I/ActivityManager(  504): Force stopping org.xwalk.webapi_noneservice_tests appid=10259 user=0: from pid 30441
02-12 13:36:27.070 D/AndroidRuntime(30452): 
02-12 13:36:27.070 D/AndroidRuntime(30452): >>>>>> AndroidRuntime START com.android.internal.os.RuntimeInit <<<<<<
02-12 13:36:27.070 D/AndroidRuntime(30452): CheckJNI is OFF
02-12 13:36:27.070 I/AndroidRuntime(30452): Kernel Release Version: 3.10.20-gf818079
02-12 13:36:27.070 I/dalvikvm(30452): No library specified. The standard exception handler will be used
02-12 13:36:27.070 I/dalvikvm(30452): 
02-12 13:36:27.070 I/dalvikvm(30452): +++++++++++++ Using PCG. +++++++++++++++++++++
02-12 13:36:27.080 D/dalvikvm(30452): Trying to load lib libjavacore.so 0x0
02-12 13:36:27.080 D/dalvikvm(30452): Added shared lib libjavacore.so 0x0
02-12 13:36:27.080 D/dalvikvm(30452): Trying to load lib libnativehelper.so 0x0
02-12 13:36:27.080 D/dalvikvm(30452): Added shared lib libnativehelper.so 0x0
02-12 13:36:27.080 D/dalvikvm(30452): No JNI_OnLoad found in libnativehelper.so 0x0, skipping init
02-12 13:36:27.090 D/dalvikvm(30452): Extra Options: not specified
02-12 13:36:27.100 D/dalvikvm(30452): Note: class Landroid/app/ActivityManagerNative; has 186 unimplemented (abstract) methods
02-12 13:36:27.170 E/memtrack(30452): Couldn't load memtrack module (No such file or directory)
02-12 13:36:27.170 E/android.os.Debug(30452): failed to load memtrack module: -2
02-12 13:36:27.200 D/AndroidRuntime(30452): Calling main entry com.android.commands.am.Am
02-12 13:36:27.230 D/AndroidRuntime(30452): Shutting down VM
02-12 13:36:27.230 D/dalvikvm(30452): GC_CONCURRENT freed 117K, 17% free 670K/800K, paused 0ms+0ms, total 1ms
02-12 13:36:27.230 I/ActivityManager(  504): START u0 {flg=0x10000000 cmp=org.xwalk.webapi_noneservice_tests/.webapi_noneservice_testsActivity} from pid 30452
02-12 13:36:27.240 D/dalvikvm(30452): Compiler shutdown in progress - discarding request
02-12 13:36:27.240 D/dalvikvm(30452): Compiler shutdown in progress - discarding request
02-12 13:36:27.240 D/dalvikvm(30452): Compiler shutdown in progress - discarding request
02-12 13:36:27.240 D/dalvikvm(30452): Compiler shutdown in progress - discarding request
02-12 13:36:27.240 D/dalvikvm(30452): Compiler shutdown in progress - discarding request
02-12 13:36:27.240 D/dalvikvm(30452): Compiler shutdown in progress - discarding request
02-12 13:36:27.240 D/dalvikvm(30452): Compiler shutdown in progress - discarding request
02-12 13:36:27.240 D/dalvikvm(30452): Compiler shutdown in progress - discarding request
02-12 13:36:27.240 D/dalvikvm(30452): Compiler shutdown in progress - discarding request
02-12 13:36:27.240 D/dalvikvm(30452): Compiler shutdown in progress - discarding request
02-12 13:36:27.240 D/dalvikvm(30452): Compiler shutdown in progress - discarding request
02-12 13:36:27.240 D/dalvikvm(30452): Compiler shutdown in progress - discarding request
02-12 13:36:27.240 D/dalvikvm(30452): Compiler shutdown in progress - discarding request
02-12 13:36:27.240 D/dalvikvm(30452): Compiler shutdown in progress - discarding request
02-12 13:36:27.240 D/dalvikvm(30452): Compiler shutdown in progress - discarding request
02-12 13:36:27.240 D/dalvikvm(30452): Compiler shutdown in progress - discarding request
02-12 13:36:27.240 D/dalvikvm(30452): Compiler shutdown in progress - discarding request
02-12 13:36:27.240 D/dalvikvm(30452): Compiler shutdown in progress - discarding request
02-12 13:36:27.240 D/dalvikvm(30452): Compiler shutdown in progress - discarding request
02-12 13:36:27.240 D/dalvikvm(30452): Compiler shutdown in progress - discarding request
02-12 13:36:27.240 D/dalvikvm(30452): Compiler shutdown in progress - discarding request
02-12 13:36:27.240 D/dalvikvm(30452): Compiler shutdown in progress - discarding request
02-12 13:36:27.240 D/dalvikvm(30452): Compiler shutdown in progress - discarding request
02-12 13:36:27.240 D/dalvikvm(30452): Compiler shutdown in progress - discarding request
02-12 13:36:27.240 D/dalvikvm(30452): Compiler shutdown in progress - discarding request
02-12 13:36:27.240 D/dalvikvm(30452): Compiler shutdown in progress - discarding request
02-12 13:36:27.240 D/dalvikvm(30452): Compiler shutdown in progress - discarding request
02-12 13:36:27.240 D/dalvikvm(30452): Compiler shutdown in progress - discarding request
02-12 13:36:27.240 D/dalvikvm(30452): Compiler shutdown in progress - discarding request
02-12 13:36:27.240 D/dalvikvm(30452): Compiler shutdown in progress - discarding request
02-12 13:36:27.240 D/dalvikvm(30452): Compiler shutdown in progress - discarding request
02-12 13:36:27.240 D/dalvikvm(30452): Compiler shutdown in progress - discarding request
02-12 13:36:27.240 D/dalvikvm(30452): Compiler shutdown in progress - discarding request
02-12 13:36:27.240 D/dalvikvm(30452): Compiler shutdown in progress - discarding request
02-12 13:36:27.240 D/dalvikvm(30452): Compiler shutdown in progress - discarding request
02-12 13:36:27.240 D/dalvikvm(30452): Compiler shutdown in progress - discarding request
02-12 13:36:27.240 D/dalvikvm(30452): Compiler shutdown in progress - discarding request
02-12 13:36:27.240 D/dalvikvm(30452): Compiler shutdown in progress - discarding request
02-12 13:36:27.240 D/dalvikvm(30452): Compiler shutdown in progress - discarding request
02-12 13:36:27.240 D/dalvikvm(30452): Compiler shutdown in progress - discarding request
02-12 13:36:27.240 D/dalvikvm(30452): Compiler shutdown in progress - discarding request
02-12 13:36:27.240 D/dalvikvm(30452): Compiler shutdown in progress - discarding request
02-12 13:36:27.240 D/dalvikvm(30452): Compiler shutdown in progress - discarding request
02-12 13:36:27.240 D/dalvikvm(30452): Compiler shutdown in progress - discarding request
02-12 13:36:27.240 D/dalvikvm(30452): Compiler shutdown in progress - discarding request
02-12 13:36:27.240 D/dalvikvm(30452): Compiler shutdown in progress - discarding request
02-12 13:36:27.840 D/AndroidRuntime(30463): 
02-12 13:36:27.840 D/AndroidRuntime(30463): >>>>>> AndroidRuntime START com.android.internal.os.RuntimeInit <<<<<<
02-12 13:36:27.840 D/AndroidRuntime(30463): CheckJNI is OFF
02-12 13:36:27.840 I/AndroidRuntime(30463): Kernel Release Version: 3.10.20-gf818079
02-12 13:36:27.840 I/dalvikvm(30463): No library specified. The standard exception handler will be used
02-12 13:36:27.850 I/dalvikvm(30463): 
02-12 13:36:27.850 I/dalvikvm(30463): +++++++++++++ Using PCG. +++++++++++++++++++++
02-12 13:36:27.850 D/dalvikvm(30463): Trying to load lib libjavacore.so 0x0
02-12 13:36:27.860 D/dalvikvm(30463): Added shared lib libjavacore.so 0x0
02-12 13:36:27.860 D/dalvikvm(30463): Trying to load lib libnativehelper.so 0x0
02-12 13:36:27.860 D/dalvikvm(30463): Added shared lib libnativehelper.so 0x0
02-12 13:36:27.860 D/dalvikvm(30463): No JNI_OnLoad found in libnativehelper.so 0x0, skipping init
02-12 13:36:27.860 D/dalvikvm(30463): Extra Options: not specified
02-12 13:36:27.880 D/dalvikvm(30463): Note: class Landroid/app/ActivityManagerNative; has 186 unimplemented (abstract) methods
02-12 13:36:27.950 E/memtrack(30463): Couldn't load memtrack module (No such file or directory)
02-12 13:36:27.950 E/android.os.Debug(30463): failed to load memtrack module: -2
02-12 13:36:27.980 D/AndroidRuntime(30463): Calling main entry com.android.commands.am.Am
02-12 13:36:28.010 I/ActivityManager(  504): START u0 {flg=0x10000000 cmp=org.xwalk.webapi_noneservice_tests/.webapi_noneservice_tests} from pid 30463
02-12 13:36:28.020 D/AndroidRuntime(30463): Shutting down VM
02-12 13:36:28.020 V/WeatherTimeProvider( 1511): widget on Visibility Changed
02-12 13:36:28.020 I/SecurityManagerService(  621): SMS received security event: App[START/org.xwalk.webapi_noneservice_tests]
02-12 13:36:28.020 D/dalvikvm(30463): GC_CONCURRENT freed 114K, 16% free 701K/832K, paused 1ms+0ms, total 2ms
02-12 13:36:28.020 I/ActivityManager(  504): Start proc org.xwalk.webapi_noneservice_tests for activity org.xwalk.webapi_noneservice_tests/.webapi_noneservice_tests: pid=30474 uid=10259 gids={50259, 3003, 1028, 1015}
02-12 13:36:28.030 D/dalvikvm(30463): Compiler shutdown in progress - discarding request
02-12 13:36:28.030 D/dalvikvm(30463): Compiler shutdown in progress - discarding request
02-12 13:36:28.030 D/dalvikvm(30463): Compiler shutdown in progress - discarding request
02-12 13:36:28.030 D/dalvikvm(30463): Compiler shutdown in progress - discarding request
02-12 13:36:28.030 D/dalvikvm(30463): Compiler shutdown in progress - discarding request
02-12 13:36:28.030 D/dalvikvm(30463): Compiler shutdown in progress - discarding request
02-12 13:36:28.030 D/dalvikvm(30463): Compiler shutdown in progress - discarding request
02-12 13:36:28.030 D/dalvikvm(30463): Compiler shutdown in progress - discarding request
02-12 13:36:28.030 D/dalvikvm(30463): Compiler shutdown in progress - discarding request
02-12 13:36:28.030 D/dalvikvm(30463): Compiler shutdown in progress - discarding request
02-12 13:36:28.030 D/dalvikvm(30463): Compiler shutdown in progress - discarding request
02-12 13:36:28.030 D/dalvikvm(30463): Compiler shutdown in progress - discarding request
02-12 13:36:28.030 D/dalvikvm(30463): Compiler shutdown in progress - discarding request
02-12 13:36:28.030 D/dalvikvm(30463): Compiler shutdown in progress - discarding request
02-12 13:36:28.030 D/dalvikvm(30463): Compiler shutdown in progress - discarding request
02-12 13:36:28.030 D/dalvikvm(30463): Compiler shutdown in progress - discarding request
02-12 13:36:28.030 D/dalvikvm(30463): Compiler shutdown in progress - discarding request
02-12 13:36:28.030 D/dalvikvm(30463): Compiler shutdown in progress - discarding request
02-12 13:36:28.030 D/dalvikvm(30463): Compiler shutdown in progress - discarding request
02-12 13:36:28.030 D/dalvikvm(30463): Compiler shutdown in progress - discarding request
02-12 13:36:28.030 D/dalvikvm(30463): Compiler shutdown in progress - discarding request
02-12 13:36:28.030 D/dalvikvm(30463): Compiler shutdown in progress - discarding request
02-12 13:36:28.030 D/dalvikvm(30463): Compiler shutdown in progress - discarding request
02-12 13:36:28.030 D/dalvikvm(30463): Compiler shutdown in progress - discarding request
02-12 13:36:28.030 D/dalvikvm(30463): Compiler shutdown in progress - discarding request
02-12 13:36:28.030 D/dalvikvm(30463): Compiler shutdown in progress - discarding request
02-12 13:36:28.030 D/dalvikvm(30463): Compiler shutdown in progress - discarding request
02-12 13:36:28.030 D/dalvikvm(30463): Compiler shutdown in progress - discarding request
02-12 13:36:28.030 D/dalvikvm(30463): Compiler shutdown in progress - discarding request
02-12 13:36:28.030 D/dalvikvm(30463): Compiler shutdown in progress - discarding request
02-12 13:36:28.030 D/dalvikvm(30463): Compiler shutdown in progress - discarding request
02-12 13:36:28.030 D/dalvikvm(30463): Compiler shutdown in progress - discarding request
02-12 13:36:28.030 D/dalvikvm(30463): Compiler shutdown in progress - discarding request
02-12 13:36:28.030 D/dalvikvm(30463): Compiler shutdown in progress - discarding request
02-12 13:36:28.030 D/dalvikvm(30463): Compiler shutdown in progress - discarding request
02-12 13:36:28.030 D/dalvikvm(30463): Compiler shutdown in progress - discarding request
02-12 13:36:28.030 D/dalvikvm(30463): Compiler shutdown in progress - discarding request
02-12 13:36:28.030 D/dalvikvm(30463): Compiler shutdown in progress - discarding request
02-12 13:36:28.030 D/dalvikvm(30463): Compiler shutdown in progress - discarding request
02-12 13:36:28.030 D/dalvikvm(30463): Compiler shutdown in progress - discarding request
02-12 13:36:28.030 D/dalvikvm(30463): Compiler shutdown in progress - discarding request
02-12 13:36:28.030 D/dalvikvm(30463): Compiler shutdown in progress - discarding request
02-12 13:36:28.030 D/dalvikvm(30463): Compiler shutdown in progress - discarding request
02-12 13:36:28.030 D/dalvikvm(30463): Compiler shutdown in progress - discarding request
02-12 13:36:28.030 D/dalvikvm(30463): Compiler shutdown in progress - discarding request
02-12 13:36:28.030 D/dalvikvm(30463): Compiler shutdown in progress - discarding request
02-12 13:36:28.030 D/dalvikvm(30463): Compiler shutdown in progress - discarding request
02-12 13:36:28.030 D/dalvikvm(30474): Late-enabling CheckJNI
02-12 13:36:28.030 D/dalvikvm(30474): Try to disable coredump for pid 30474
02-12 13:36:28.030 D/dalvikvm(30474): Process 30474 nice name: org.xwalk.webapi_noneservice_tests
02-12 13:36:28.030 D/dalvikvm(30474): Extra Options: not specified
02-12 13:36:28.050 D/WindowManager(  504): adjustConfigurationLw, config:{1.0 ?mcc?mnc ?locale ?layoutDir sw600dp w600dp h888dp 213dpi lrg port ?uimode ?night finger -keyb/v/h -nav/v} mLidState:1 mHasDockFeature:false mHasKeyboardFeature:false mHasHallSensorFeature:true config.hardKeyboardHidden:2
02-12 13:36:28.060 I/ActivityManager(  504): [TopPkgCurBat]	NowPkgName[org.xwalk.webapi_noneservice_tests]	Battery[79]	TimeTick[1423719388079]	OldPkgName[com.asus.launcher]
02-12 13:36:28.080 D/        (  675): Surface destroy: ANDROID_NATIVE_WINDOW_MAGIC
02-12 13:36:28.090 I/CordovaLog(30474): Changing log level to DEBUG(3)
02-12 13:36:28.090 D/CordovaActivity(30474): CordovaActivity.init()
02-12 13:36:28.100 D/dalvikvm(30474): Trying to load lib /data/app-lib/org.xwalk.webapi_noneservice_tests-1/libxwalkcore.so 0x43d8f370
02-12 13:36:28.110 D/dalvikvm(30474): Added shared lib /data/app-lib/org.xwalk.webapi_noneservice_tests-1/libxwalkcore.so 0x43d8f370
02-12 13:36:28.110 I/LibraryLoader(30474): Time to load native libraries: 12 ms (timestamps 4582-4594)
02-12 13:36:28.110 I/LibraryLoader(30474): Expected native library version number "",actual native library version number ""
02-12 13:36:28.130 I/LibraryLoader(30474): Expected native library version number "",actual native library version number ""
02-12 13:36:28.130 I/chromium(30474): [INFO:library_loader_hooks.cc(112)] Chromium logging enabled: level = 0, default verbosity = 0
02-12 13:36:28.140 I/BrowserStartupController(30474): Initializing chromium process, singleProcess=true
02-12 13:36:28.410 D/ImageWallpaper(  566): onVisibilityChanged: mVisible, visible=true, false
02-12 13:36:28.410 D/ImageWallpaper(  566): Visibility changed to visible=false
02-12 13:36:28.410 D/ImageWallpaper(  566): Suppressed drawFrame since redraw is not needed and offsets have not changed.
02-12 13:36:28.530 W/chromium(30474): [WARNING:dns_config_service_posix.cc(293)] Failed to read DnsConfig.
02-12 13:36:28.530 W/AudioManagerAndroid(30474): Requires BLUETOOTH permission
02-12 13:36:28.530 I/ufoGralloc(30474): Hello, this is UFO GRALLOC/Intel Corporation
02-12 13:36:28.530 D/        (30474): Pixel Format : GGL_PIXEL_FORMAT_RGBA_8888
02-12 13:36:28.530 D/        (30474): droid_create_context : config id = 1 conf->NativeVisualID=1
02-12 13:36:28.530 D/        (30474): Pixel Format : GGL_PIXEL_FORMAT_RGBA_8888
02-12 13:36:28.530 I/        (30474): Requested context : GLES 2.0
02-12 13:36:28.560 W/chromium(30474): [WARNING:proxy_service.cc(899)] PAC support disabled because there is no system implementation
02-12 13:36:28.560 W/dalvikvm(30474): VFY: unable to find class referenced in signature (Landroid/view/inputmethod/CursorAnchorInfo;)
02-12 13:36:28.560 I/dalvikvm(30474): Could not find method android.view.inputmethod.InputMethodManager.updateCursorAnchorInfo, referenced from method org.chromium.content.browser.input.InputMethodManagerWrapper.updateCursorAnchorInfo
02-12 13:36:28.560 W/dalvikvm(30474): VFY: unable to resolve virtual method 1368: Landroid/view/inputmethod/InputMethodManager;.updateCursorAnchorInfo (Landroid/view/View;Landroid/view/inputmethod/CursorAnchorInfo;)V
02-12 13:36:28.560 D/dalvikvm(30474): VFY: replacing opcode 0x6e at 0x000a
02-12 13:36:28.610 E/cutils  (  163): Failed to mkdirat(/Removable/MicroSD): Read-only file system
02-12 13:36:28.610 W/ContextImpl(30474): Failed to ensure directory: /Removable/MicroSD/Android/data/org.xwalk.webapi_noneservice_tests/cache
02-12 13:36:28.610 W/Vold    (  163): Returning OperationFailed - no handler for errno 30
02-12 13:36:28.620 D/CordovaActivity(30474): CordovaActivity.createViews()
02-12 13:36:28.620 E/chromium(30474): [ERROR:unix_domain_server_socket_posix.cc(106)] Not implemented reached in virtual int net::UnixDomainServerSocket::GetLocalAddress(net::IPEndPoint*) const
02-12 13:36:28.620 D/CordovaWebView(30474): >>> loadUrl(file:///android_asset/www/index.html)
02-12 13:36:28.620 D/PluginManager(30474): init()
02-12 13:36:28.620 E/cutils  (  163): Failed to mkdirat(/Removable/MicroSD): Read-only file system
02-12 13:36:28.620 W/ContextImpl(30474): Failed to ensure directory: /Removable/MicroSD/Android/data/org.xwalk.webapi_noneservice_tests/files
02-12 13:36:28.620 W/Vold    (  163): Returning OperationFailed - no handler for errno 30
02-12 13:36:28.630 E/cutils  (  163): Failed to mkdirat(/Removable/MicroSD): Read-only file system
02-12 13:36:28.630 W/ContextImpl(30474): Failed to ensure directory: /Removable/MicroSD/Android/data/org.xwalk.webapi_noneservice_tests/cache
02-12 13:36:28.630 D/CordovaWebView(30474): >>> loadUrlNow()
02-12 13:36:28.630 I/dalvikvm(30474): Could not find method android.app.Activity.finishAndRemoveTask, referenced from method org.chromium.base.ApiCompatibilityUtils.finishAndRemoveTask
02-12 13:36:28.630 W/dalvikvm(30474): VFY: unable to resolve virtual method 6: Landroid/app/Activity;.finishAndRemoveTask ()V
02-12 13:36:28.630 D/dalvikvm(30474): VFY: replacing opcode 0x6e at 0x0006
02-12 13:36:28.630 I/dalvikvm(30474): Could not find method android.os.PowerManager.isInteractive, referenced from method org.chromium.base.ApiCompatibilityUtils.isInteractive
02-12 13:36:28.630 W/dalvikvm(30474): VFY: unable to resolve virtual method 874: Landroid/os/PowerManager;.isInteractive ()Z
02-12 13:36:28.630 D/dalvikvm(30474): VFY: replacing opcode 0x6e at 0x000e
02-12 13:36:28.630 I/dalvikvm(30474): Could not find method android.view.Window.getNavigationBarColor, referenced from method org.chromium.base.ApiCompatibilityUtils.setStatusBarColor
02-12 13:36:28.630 W/dalvikvm(30474): VFY: unable to resolve virtual method 1268: Landroid/view/Window;.getNavigationBarColor ()I
02-12 13:36:28.630 D/dalvikvm(30474): VFY: replacing opcode 0x6e at 0x0010
02-12 13:36:28.630 I/dalvikvm(30474): Could not find method android.view.Window.setStatusBarColor, referenced from method org.chromium.base.ApiCompatibilityUtils.setStatusBarColor
02-12 13:36:28.630 W/dalvikvm(30474): VFY: unable to resolve virtual method 1274: Landroid/view/Window;.setStatusBarColor (I)V
02-12 13:36:28.630 D/dalvikvm(30474): VFY: replacing opcode 0x6e at 0x0019
02-12 13:36:28.630 E/dalvikvm(30474): Could not find class 'android.app.ActivityManager$TaskDescription', referenced from method org.chromium.base.ApiCompatibilityUtils.setTaskDescription
02-12 13:36:28.630 W/dalvikvm(30474): VFY: unable to resolve new-instance 13 (Landroid/app/ActivityManager$TaskDescription;) in Lorg/chromium/base/ApiCompatibilityUtils;
02-12 13:36:28.630 D/dalvikvm(30474): VFY: replacing opcode 0x22 at 0x0006
02-12 13:36:28.630 D/dalvikvm(30474): DexOpt: unable to opt direct call 0x002f at 0x08 in Lorg/chromium/base/ApiCompatibilityUtils;.setTaskDescription
02-12 13:36:28.630 W/Vold    (  163): Returning OperationFailed - no handler for errno 30
02-12 13:36:28.640 I/chromium(30474): [INFO:xwalk_extension_renderer_controller.cc(47)] EXTENSION PROCESS DISABLED.
02-12 13:36:28.640 D/CordovaActivity(30474): Resuming the App
02-12 13:36:28.650 D/SoftKeyboardDetect(30474): Ignore this event
02-12 13:36:28.680 D/        (30474): droid_create_context : config id = 5 conf->NativeVisualID=1
02-12 13:36:28.680 D/        (30474): Pixel Format : GGL_PIXEL_FORMAT_RGBA_8888
02-12 13:36:28.680 I/        (30474): Requested context : GLES 2.0
02-12 13:36:28.680 D/        (30474): Pixel Format : GGL_PIXEL_FORMAT_RGBA_8888
02-12 13:36:28.680 D/        (30474): droid_create_context : config id = 1 conf->NativeVisualID=1
02-12 13:36:28.680 D/        (30474): Pixel Format : GGL_PIXEL_FORMAT_RGBA_8888
02-12 13:36:28.680 I/        (30474): Requested context : GLES 2.0
02-12 13:36:28.690 D/        (30474): Pixel Format : GGL_PIXEL_FORMAT_RGBA_8888
02-12 13:36:28.690 D/OpenGLRenderer(30474): Enabling debug mode 0
02-12 13:36:28.700 W/BindingManager(30474): Cannot call determinedVisibility() - never saw a connection for the pid: 30474
02-12 13:36:28.700 D/SoftKeyboardDetect(30474): Ignore this event
02-12 13:36:28.730 D/CordovaActivity(30474): onMessage(onPageStarted,file:///android_asset/www/index.html)
02-12 13:36:28.730 D/BatteryStatsImpl(  504): noteStopWakeLocked system isFromForeground = false
02-12 13:36:28.730 D/CordovaActivity(30474): onMessage(onPageFinished,file:///android_asset/www/index.html)
02-12 13:36:28.740 I/ActivityManager(  504): Displayed org.xwalk.webapi_noneservice_tests/.webapi_noneservice_tests: +719ms
02-12 13:36:29.740 D/CordovaActivity(30474): onMessage(onPageStarted,file:///android_asset/www/index_real.html?testprefix=./)
02-12 13:36:29.780 W/BindingManager(30474): Cannot call determinedVisibility() - never saw a connection for the pid: 30474
02-12 13:36:30.000 I/chromium(30474): [INFO:CONSOLE(0)] "Synchronous XMLHttpRequest on the main thread is deprecated because of its detrimental effects to the end user's experience. For more help, check http://xhr.spec.whatwg.org/.", source:  (0)
02-12 13:36:30.060 D/CordovaActivity(30474): onMessage(onPageFinished,file:///android_asset/www/index_real.html?testprefix=./)
02-12 13:36:30.750 D/CordovaActivity(30474): onMessage(spinner,stop)
02-12 13:36:30.760 D/        (30474): Pixel Format : GGL_PIXEL_FORMAT_RGBA_8888
02-12 13:36:30.760 D/        (30474): droid_create_context : config id = 1 conf->NativeVisualID=1
02-12 13:36:30.760 D/        (30474): Pixel Format : GGL_PIXEL_FORMAT_RGBA_8888
02-12 13:36:30.760 I/        (30474): Requested context : GLES 2.0
02-12 13:36:30.780 D/        (30474): Swap interval set to = 1 value
02-12 13:36:30.840 D/        (30474): Pixel Format : GGL_PIXEL_FORMAT_RGBA_8888
02-12 13:36:30.840 D/        (30474): droid_create_context : config id = 1 conf->NativeVisualID=1
02-12 13:36:30.840 D/        (30474): Pixel Format : GGL_PIXEL_FORMAT_RGBA_8888
02-12 13:36:30.840 I/        (30474): Requested context : GLES 2.0
02-12 13:36:31.780 W/BindingManager(30474): Cannot call determinedVisibility() - never saw a connection for the pid: 30474
02-12 13:36:32.060 D/CordovaActivity(30474): onMessage(spinner,stop)
02-12 13:36:32.650 W/BindingManager(30474): Cannot call determinedVisibility() - never saw a connection for the pid: 30474
02-12 13:36:33.240 W/BindingManager(30474): Cannot call determinedVisibility() - never saw a connection for the pid: 30474
02-12 13:36:33.960 W/BindingManager(30474): Cannot call determinedVisibility() - never saw a connection for the pid: 30474
02-12 13:36:34.600 W/BindingManager(30474): Cannot call determinedVisibility() - never saw a connection for the pid: 30474
02-12 13:36:35.230 W/BindingManager(30474): Cannot call determinedVisibility() - never saw a connection for the pid: 30474
02-12 13:36:35.880 W/BindingManager(30474): Cannot call determinedVisibility() - never saw a connection for the pid: 30474
02-12 13:36:35.930 I/chromium(30474): [INFO:CONSOLE(0)] "FileError is deprecated. Please use the 'name' or 'message' attributes of DOMError rather than 'code'.", source:  (0)
02-12 13:36:36.480 W/BindingManager(30474): Cannot call determinedVisibility() - never saw a connection for the pid: 30474
02-12 13:36:37.130 W/BindingManager(30474): Cannot call determinedVisibility() - never saw a connection for the pid: 30474
02-12 13:36:37.740 W/BindingManager(30474): Cannot call determinedVisibility() - never saw a connection for the pid: 30474
02-12 13:36:38.390 W/BindingManager(30474): Cannot call determinedVisibility() - never saw a connection for the pid: 30474
02-12 13:36:39.040 W/BindingManager(30474): Cannot call determinedVisibility() - never saw a connection for the pid: 30474
02-12 13:36:39.660 W/BindingManager(30474): Cannot call determinedVisibility() - never saw a connection for the pid: 30474
02-12 13:36:40.280 W/BindingManager(30474): Cannot call determinedVisibility() - never saw a connection for the pid: 30474
02-12 13:36:40.930 W/BindingManager(30474): Cannot call determinedVisibility() - never saw a connection for the pid: 30474
02-12 13:36:41.580 W/BindingManager(30474): Cannot call determinedVisibility() - never saw a connection for the pid: 30474
02-12 13:36:42.230 W/BindingManager(30474): Cannot call determinedVisibility() - never saw a connection for the pid: 30474
02-12 13:36:42.890 W/BindingManager(30474): Cannot call determinedVisibility() - never saw a connection for the pid: 30474
02-12 13:36:43.500 W/BindingManager(30474): Cannot call determinedVisibility() - never saw a connection for the pid: 30474
02-12 13:36:44.140 W/BindingManager(30474): Cannot call determinedVisibility() - never saw a connection for the pid: 30474
02-12 13:36:44.640 D/EVENT_THREAD(  183): void CEventThread::run() POLLIN event on Fd (1)
02-12 13:36:44.640 D/EVENT_THREAD(  183): void CEventThread::run() Do poll with timeout: -1
02-12 13:36:44.740 W/BindingManager(30474): Cannot call determinedVisibility() - never saw a connection for the pid: 30474
02-12 13:36:45.350 W/BindingManager(30474): Cannot call determinedVisibility() - never saw a connection for the pid: 30474
02-12 13:36:46.020 W/BindingManager(30474): Cannot call determinedVisibility() - never saw a connection for the pid: 30474
02-12 13:36:46.650 W/BindingManager(30474): Cannot call determinedVisibility() - never saw a connection for the pid: 30474
02-12 13:36:48.330 W/ufoGralloc(  171): registerBuffer() handle 0xb8c78070/43 didn't require registration
02-12 13:36:48.360 D/CordovaActivity(30474): Paused the application!
02-12 13:36:48.360 D/CordovaWebView(30474): Handle the pause
02-12 13:36:48.360 D/WindowManager(  504): adjustConfigurationLw, config:{1.0 ?mcc?mnc ?locale ?layoutDir sw600dp w600dp h888dp 213dpi lrg port ?uimode ?night finger -keyb/v/h -nav/v} mLidState:1 mHasDockFeature:false mHasKeyboardFeature:false mHasHallSensorFeature:true config.hardKeyboardHidden:2
02-12 13:36:48.360 I/ActivityManager(  504): [TopPkgCurBat]	NowPkgName[com.asus.launcher]	Battery[79]	TimeTick[1423719408377]	OldPkgName[org.xwalk.webapi_noneservice_tests]
02-12 13:36:48.380 I/chromium(30474): [INFO:CONSOLE(1)] "exception firing pause event from native", source:  (1)
02-12 13:36:48.390 V/WeatherTimeProvider( 1511): widget on Visibility Changed
02-12 13:36:48.410 D/        (  675): Pixel Format : GGL_PIXEL_FORMAT_RGBA_8888
02-12 13:36:48.440 D/ImageWallpaper(  566): onVisibilityChanged: mVisible, visible=false, true
02-12 13:36:48.440 D/ImageWallpaper(  566): Visibility changed to visible=true
02-12 13:36:48.440 D/BatteryStatsImpl(  504): noteStopWakeLocked system isFromForeground = false
02-12 13:36:48.450 D/ImageWallpaper(  566): Suppressed drawFrame since redraw is not needed and offsets have not changed.
02-12 13:36:48.460 D/        (30474): Surface destroy: ANDROID_NATIVE_WINDOW_MAGIC
02-12 13:36:48.460 D/        (30474): Surface destroy: ANDROID_NATIVE_WINDOW_MAGIC
02-12 13:36:48.630 D/AndroidRuntime(30623): 
02-12 13:36:48.630 D/AndroidRuntime(30623): >>>>>> AndroidRuntime START com.android.internal.os.RuntimeInit <<<<<<
02-12 13:36:48.630 D/AndroidRuntime(30623): CheckJNI is OFF
02-12 13:36:48.630 I/AndroidRuntime(30623): Kernel Release Version: 3.10.20-gf818079
02-12 13:36:48.630 I/dalvikvm(30623): No library specified. The standard exception handler will be used
02-12 13:36:48.640 I/dalvikvm(30623): 
02-12 13:36:48.640 I/dalvikvm(30623): +++++++++++++ Using PCG. +++++++++++++++++++++
02-12 13:36:48.650 D/dalvikvm(30623): Trying to load lib libjavacore.so 0x0
02-12 13:36:48.650 D/dalvikvm(30623): Added shared lib libjavacore.so 0x0
02-12 13:36:48.650 D/dalvikvm(30623): Trying to load lib libnativehelper.so 0x0
02-12 13:36:48.650 D/dalvikvm(30623): Added shared lib libnativehelper.so 0x0
02-12 13:36:48.650 D/dalvikvm(30623): No JNI_OnLoad found in libnativehelper.so 0x0, skipping init
02-12 13:36:48.660 D/dalvikvm(30623): Extra Options: not specified
02-12 13:36:48.670 D/dalvikvm(30623): Note: class Landroid/app/ActivityManagerNative; has 186 unimplemented (abstract) methods
02-12 13:36:48.740 E/memtrack(30623): Couldn't load memtrack module (No such file or directory)
02-12 13:36:48.750 E/android.os.Debug(30623): failed to load memtrack module: -2
02-12 13:36:48.790 D/AndroidRuntime(30623): Calling main entry com.android.commands.am.Am
02-12 13:36:48.810 I/ActivityManager(  504): Force stopping org.xwalk.webapi_noneservice_tests appid=10259 user=0: from pid 30623
02-12 13:36:48.810 I/SecurityManagerService(  621): SMS received security event: App[STOP/org.xwalk.webapi_noneservice_tests]
02-12 13:36:48.810 D/AndroidRuntime(30623): Shutting down VM
02-12 13:36:48.810 I/ActivityManager(  504): Killing 30474:org.xwalk.webapi_noneservice_tests/u0a259 (adj 1): stop org.xwalk.webapi_noneservice_tests
02-12 13:36:48.820 D/dalvikvm(30623): GC_CONCURRENT freed 112K, 16% free 666K/792K, paused 1ms+0ms, total 2ms
02-12 13:36:48.820 D/dalvikvm(30623): Compiler shutdown in progress - discarding request
02-12 13:36:48.820 D/dalvikvm(30623): Compiler shutdown in progress - discarding request
02-12 13:36:48.820 D/dalvikvm(30623): Compiler shutdown in progress - discarding request
02-12 13:36:48.820 D/dalvikvm(30623): Compiler shutdown in progress - discarding request
02-12 13:36:48.820 D/dalvikvm(30623): Compiler shutdown in progress - discarding request
02-12 13:36:48.820 D/dalvikvm(30623): Compiler shutdown in progress - discarding request
02-12 13:36:48.820 D/dalvikvm(30623): Compiler shutdown in progress - discarding request
02-12 13:36:48.820 D/dalvikvm(30623): Compiler shutdown in progress - discarding request
02-12 13:36:48.820 D/dalvikvm(30623): Compiler shutdown in progress - discarding request
02-12 13:36:48.820 D/dalvikvm(30623): Compiler shutdown in progress - discarding request
02-12 13:36:48.820 D/dalvikvm(30623): Compiler shutdown in progress - discarding request
02-12 13:36:48.820 D/dalvikvm(30623): Compiler shutdown in progress - discarding request
02-12 13:36:48.820 D/dalvikvm(30623): Compiler shutdown in progress - discarding request
02-12 13:36:48.820 D/dalvikvm(30623): Compiler shutdown in progress - discarding request
02-12 13:36:48.820 D/dalvikvm(30623): Compiler shutdown in progress - discarding request
02-12 13:36:48.820 D/dalvikvm(30623): Compiler shutdown in progress - discarding request
02-12 13:36:48.820 D/dalvikvm(30623): Compiler shutdown in progress - discarding request
02-12 13:36:48.820 D/dalvikvm(30623): Compiler shutdown in progress - discarding request
02-12 13:36:48.820 D/dalvikvm(30623): Compiler shutdown in progress - discarding request
02-12 13:36:48.820 D/dalvikvm(30623): Compiler shutdown in progress - discarding request
02-12 13:36:48.820 D/dalvikvm(30623): Compiler shutdown in progress - discarding request
02-12 13:36:48.820 D/dalvikvm(30623): Compiler shutdown in progress - discarding request
02-12 13:36:48.820 D/dalvikvm(30623): Compiler shutdown in progress - discarding request
02-12 13:36:48.820 D/dalvikvm(30623): Compiler shutdown in progress - discarding request
02-12 13:36:48.820 D/dalvikvm(30623): Compiler shutdown in progress - discarding request
02-12 13:36:48.820 D/dalvikvm(30623): Compiler shutdown in progress - discarding request
02-12 13:36:48.820 D/dalvikvm(30623): Compiler shutdown in progress - discarding request
02-12 13:36:48.820 D/dalvikvm(30623): Compiler shutdown in progress - discarding request
02-12 13:36:48.820 D/dalvikvm(30623): Compiler shutdown in progress - discarding request
02-12 13:36:48.820 D/dalvikvm(30623): Compiler shutdown in progress - discarding request
02-12 13:36:48.820 D/dalvikvm(30623): Compiler shutdown in progress - discarding request
02-12 13:36:48.820 D/dalvikvm(30623): Compiler shutdown in progress - discarding request
02-12 13:36:48.820 D/dalvikvm(30623): Compiler shutdown in progress - discarding request
02-12 13:36:48.820 D/dalvikvm(30623): Compiler shutdown in progress - discarding request
02-12 13:36:48.820 D/dalvikvm(30623): Compiler shutdown in progress - discarding request
02-12 13:36:48.820 D/dalvikvm(30623): Compiler shutdown in progress - discarding request
02-12 13:36:48.820 D/dalvikvm(30623): Compiler shutdown in progress - discarding request
02-12 13:36:48.820 D/dalvikvm(30623): Compiler shutdown in progress - discarding request
02-12 13:36:48.820 D/dalvikvm(30623): Compiler shutdown in progress - discarding request
02-12 13:36:48.820 D/dalvikvm(30623): Compiler shutdown in progress - discarding request
02-12 13:36:48.820 D/dalvikvm(30623): Compiler shutdown in progress - discarding request
02-12 13:36:48.820 D/dalvikvm(30623): Compiler shutdown in progress - discarding request
02-12 13:36:48.820 D/dalvikvm(30623): Compiler shutdown in progress - discarding request
02-12 13:36:48.820 D/dalvikvm(30623): Compiler shutdown in progress - discarding request
02-12 13:36:48.820 D/dalvikvm(30623): Compiler shutdown in progress - discarding request
02-12 13:36:48.850 E/JavaBinder(  504): !!! FAILED BINDER TRANSACTION !!!
02-12 13:36:48.870 W/SurfaceFlinger(  171): couldn't log to binary event log: overflow.
02-12 13:36:48.890 I/WindowState(  504): WIN DEATH: Window{222ee1b8 u0 org.xwalk.webapi_noneservice_tests/org.xwalk.webapi_noneservice_tests.webapi_noneservice_tests}
--------- beginning of /dev/log/main
02-12 13:41:38.820 D/AndroidRuntime(30653): 
02-12 13:41:38.820 D/AndroidRuntime(30653): >>>>>> AndroidRuntime START com.android.internal.os.RuntimeInit <<<<<<
02-12 13:41:38.820 D/AndroidRuntime(30653): CheckJNI is OFF
02-12 13:41:38.820 I/AndroidRuntime(30653): Kernel Release Version: 3.10.20-gf818079
02-12 13:41:38.820 I/dalvikvm(30653): No library specified. The standard exception handler will be used
02-12 13:41:38.820 I/dalvikvm(30653): 
02-12 13:41:38.820 I/dalvikvm(30653): +++++++++++++ Using PCG. +++++++++++++++++++++
02-12 13:41:38.820 D/dalvikvm(30653): Trying to load lib libjavacore.so 0x0
02-12 13:41:38.820 D/dalvikvm(30653): Added shared lib libjavacore.so 0x0
02-12 13:41:38.830 D/dalvikvm(30653): Trying to load lib libnativehelper.so 0x0
02-12 13:41:38.830 D/dalvikvm(30653): Added shared lib libnativehelper.so 0x0
02-12 13:41:38.830 D/dalvikvm(30653): No JNI_OnLoad found in libnativehelper.so 0x0, skipping init
02-12 13:41:38.830 D/dalvikvm(30653): Extra Options: not specified
02-12 13:41:38.840 D/dalvikvm(30653): Note: class Landroid/app/ActivityManagerNative; has 186 unimplemented (abstract) methods
02-12 13:41:38.920 E/memtrack(30653): Couldn't load memtrack module (No such file or directory)
02-12 13:41:38.920 E/android.os.Debug(30653): failed to load memtrack module: -2
02-12 13:41:38.950 D/AndroidRuntime(30653): Calling main entry com.android.commands.am.Am
--------- beginning of /dev/log/system
02-12 13:41:38.970 I/ActivityManager(  504): Force stopping org.xwalk.webapi_noneservice_tests appid=10259 user=0: from pid 30653
02-12 13:41:38.980 D/AndroidRuntime(30653): Shutting down VM
02-12 13:41:38.980 D/dalvikvm(30653): GC_CONCURRENT freed 112K, 16% free 666K/792K, paused 0ms+0ms, total 1ms
02-12 13:41:38.980 D/dalvikvm(30653): Compiler shutdown in progress - discarding request
02-12 13:41:38.980 D/dalvikvm(30653): Compiler shutdown in progress - discarding request
02-12 13:41:38.980 D/dalvikvm(30653): Compiler shutdown in progress - discarding request
02-12 13:41:38.980 D/dalvikvm(30653): Compiler shutdown in progress - discarding request
02-12 13:41:38.980 D/dalvikvm(30653): Compiler shutdown in progress - discarding request
02-12 13:41:38.980 D/dalvikvm(30653): Compiler shutdown in progress - discarding request
02-12 13:41:38.980 D/dalvikvm(30653): Compiler shutdown in progress - discarding request
02-12 13:41:38.980 D/dalvikvm(30653): Compiler shutdown in progress - discarding request
02-12 13:41:38.980 D/dalvikvm(30653): Compiler shutdown in progress - discarding request
02-12 13:41:38.980 D/dalvikvm(30653): Compiler shutdown in progress - discarding request
02-12 13:41:38.980 D/dalvikvm(30653): Compiler shutdown in progress - discarding request
02-12 13:41:38.980 D/dalvikvm(30653): Compiler shutdown in progress - discarding request
02-12 13:41:38.980 D/dalvikvm(30653): Compiler shutdown in progress - discarding request
02-12 13:41:38.980 D/dalvikvm(30653): Compiler shutdown in progress - discarding request
02-12 13:41:38.980 D/dalvikvm(30653): Compiler shutdown in progress - discarding request
02-12 13:41:38.980 D/dalvikvm(30653): Compiler shutdown in progress - discarding request
02-12 13:41:38.980 D/dalvikvm(30653): Compiler shutdown in progress - discarding request
02-12 13:41:38.980 D/dalvikvm(30653): Compiler shutdown in progress - discarding request
02-12 13:41:38.980 D/dalvikvm(30653): Compiler shutdown in progress - discarding request
02-12 13:41:38.980 D/dalvikvm(30653): Compiler shutdown in progress - discarding request
02-12 13:41:38.980 D/dalvikvm(30653): Compiler shutdown in progress - discarding request
02-12 13:41:38.980 D/dalvikvm(30653): Compiler shutdown in progress - discarding request
02-12 13:41:38.980 D/dalvikvm(30653): Compiler shutdown in progress - discarding request
02-12 13:41:38.980 D/dalvikvm(30653): Compiler shutdown in progress - discarding request
02-12 13:41:38.980 D/dalvikvm(30653): Compiler shutdown in progress - discarding request
02-12 13:41:38.980 D/dalvikvm(30653): Compiler shutdown in progress - discarding request
02-12 13:41:38.980 D/dalvikvm(30653): Compiler shutdown in progress - discarding request
02-12 13:41:38.980 D/dalvikvm(30653): Compiler shutdown in progress - discarding request
02-12 13:41:38.980 D/dalvikvm(30653): Compiler shutdown in progress - discarding request
02-12 13:41:38.980 D/dalvikvm(30653): Compiler shutdown in progress - discarding request
02-12 13:41:38.980 D/dalvikvm(30653): Compiler shutdown in progress - discarding request
02-12 13:41:38.980 D/dalvikvm(30653): Compiler shutdown in progress - discarding request
02-12 13:41:38.980 D/dalvikvm(30653): Compiler shutdown in progress - discarding request
02-12 13:41:38.980 D/dalvikvm(30653): Compiler shutdown in progress - discarding request
02-12 13:41:38.980 D/dalvikvm(30653): Compiler shutdown in progress - discarding request
02-12 13:41:38.980 D/dalvikvm(30653): Compiler shutdown in progress - discarding request
02-12 13:41:38.980 D/dalvikvm(30653): Compiler shutdown in progress - discarding request
02-12 13:41:38.980 D/dalvikvm(30653): Compiler shutdown in progress - discarding request
02-12 13:41:38.980 D/dalvikvm(30653): Compiler shutdown in progress - discarding request
02-12 13:41:38.980 D/dalvikvm(30653): Compiler shutdown in progress - discarding request
02-12 13:41:38.980 D/dalvikvm(30653): Compiler shutdown in progress - discarding request
02-12 13:41:38.980 D/dalvikvm(30653): Compiler shutdown in progress - discarding request
02-12 13:41:38.980 D/dalvikvm(30653): Compiler shutdown in progress - discarding request
02-12 13:41:38.980 D/dalvikvm(30653): Compiler shutdown in progress - discarding request
02-12 13:41:38.980 D/dalvikvm(30653): Compiler shutdown in progress - discarding request
02-12 13:41:38.980 D/dalvikvm(30653): Compiler shutdown in progress - discarding request
02-12 13:41:38.980 D/dalvikvm(30653): Compiler shutdown in progress - discarding request
02-12 13:41:38.980 D/dalvikvm(30653): Compiler shutdown in progress - discarding request
02-12 13:41:39.610 D/AndroidRuntime(30664): 
02-12 13:41:39.610 D/AndroidRuntime(30664): >>>>>> AndroidRuntime START com.android.internal.os.RuntimeInit <<<<<<
02-12 13:41:39.610 D/AndroidRuntime(30664): CheckJNI is OFF
02-12 13:41:39.610 I/AndroidRuntime(30664): Kernel Release Version: 3.10.20-gf818079
