02-12 10:05:00.910 D/wpa_supplicant(  651): wlan0: 14: 74:e5:43:24:f4:5b ssid='Dttest' wpa_ie_len=0 rsn_ie_len=20 caps=0x31 level=-75
02-12 10:05:00.910 D/wpa_supplicant(  651): wlan0:    skip - SSID mismatch
02-12 10:05:00.910 D/wpa_supplicant(  651): wlan0: 15: 1c:65:9d:e8:79:44 ssid='WiFi' wpa_ie_len=0 rsn_ie_len=20 caps=0x511 level=-78
02-12 10:05:00.910 D/wpa_supplicant(  651): wlan0:    skip - SSID mismatch
02-12 10:05:00.910 D/wpa_supplicant(  651): wlan0: 16: f4:b7:e2:2b:41:b7 ssid='cmscc' wpa_ie_len=0 rsn_ie_len=20 caps=0x31 level=-78
02-12 10:05:00.910 D/wpa_supplicant(  651): wlan0:    skip - SSID mismatch
02-12 10:05:00.910 D/wpa_supplicant(  651): wlan0: 17: cc:34:29:2c:fb:ec ssid='linksys' wpa_ie_len=22 rsn_ie_len=20 caps=0x431 level=-93 wps
02-12 10:05:00.910 D/wpa_supplicant(  651): wlan0:    skip - SSID mismatch
02-12 10:05:00.910 D/wpa_supplicant(  651): wlan0: 18: 02:09:4c:bc:de:9a ssid='DIRECT-' wpa_ie_len=0 rsn_ie_len=0 caps=0x410 level=-81
02-12 10:05:00.910 D/wpa_supplicant(  651): wlan0:    skip - SSID mismatch
02-12 10:05:00.910 D/wpa_supplicant(  651): wlan0: 19: 50:bd:5f:4b:29:92 ssid='Internet-2' wpa_ie_len=0 rsn_ie_len=0 caps=0x421 level=-64
02-12 10:05:00.910 D/wpa_supplicant(  651): wlan0:    skip - SSID mismatch
02-12 10:05:00.910 D/wpa_supplicant(  651): wlan0: 20: e4:d3:32:dd:18:62 ssid='Internet' wpa_ie_len=0 rsn_ie_len=0 caps=0x421 level=-69
02-12 10:05:00.910 D/wpa_supplicant(  651): wlan0:    skip - SSID mismatch
02-12 10:05:00.910 D/wpa_supplicant(  651): wlan0: Selecting BSS from priority group 15
02-12 10:05:00.910 D/wpa_supplicant(  651): wlan0: 0: f8:d1:11:e7:99:e8 ssid='videotest' wpa_ie_len=22 rsn_ie_len=20 caps=0x531 level=-47 wps
02-12 10:05:00.910 D/wpa_supplicant(  651): wlan0:    skip - SSID mismatch
02-12 10:05:00.910 D/wpa_supplicant(  651): wlan0: 1: 6c:8b:2f:e9:d1:da ssid='ZTE_AP_1640' wpa_ie_len=0 rsn_ie_len=20 caps=0x511 level=-47
02-12 10:05:00.910 D/wpa_supplicant(  651): wlan0:    skip - SSID mismatch
02-12 10:05:00.910 D/wpa_supplicant(  651): wlan0: 2: c8:d7:19:60:62:f2 ssid='E3000-2.4G' wpa_ie_len=0 rsn_ie_len=20 caps=0x411 level=-51
02-12 10:05:00.910 D/wpa_supplicant(  651): wlan0:    skip - SSID mismatch
02-12 10:05:00.910 D/wpa_supplicant(  651): wlan0: 3: 10:c3:7b:d2:e5:e0 ssid='ASUS_RT-AC66U-2.4G' wpa_ie_len=0 rsn_ie_len=20 caps=0x411 level=-53 wps
02-12 10:05:00.910 D/wpa_supplicant(  651): wlan0:    skip - SSID mismatch
02-12 10:05:00.910 D/wpa_supplicant(  651): wlan0: 4: 44:94:fc:3d:da:38 ssid='6300' wpa_ie_len=0 rsn_ie_len=20 caps=0x411 level=-55 wps
02-12 10:05:00.910 D/wpa_supplicant(  651): wlan0:    skip - SSID mismatch
02-12 10:05:00.910 D/wpa_supplicant(  651): wlan0: 5: c0:c1:c0:76:81:3c ssid='E2000' wpa_ie_len=0 rsn_ie_len=20 caps=0x411 level=-57 wps
02-12 10:05:00.910 D/wpa_supplicant(  651): wlan0:    skip - SSID mismatch
02-12 10:05:00.910 D/wpa_supplicant(  651): wlan0: 6: 02:1a:11:fd:45:ed ssid='Android' wpa_ie_len=0 rsn_ie_len=20 caps=0x511 level=-58
02-12 10:05:00.910 D/wpa_supplicant(  651): wlan0:    skip - SSID mismatch
02-12 10:05:00.910 D/wpa_supplicant(  651): wlan0: 7: cc:34:29:2b:26:4c ssid='cws-test' wpa_ie_len=0 rsn_ie_len=20 caps=0x431 level=-60 wps
02-12 10:05:00.910 D/wpa_supplicant(  651): wlan0:    skip - SSID mismatch
02-12 10:05:00.910 D/wpa_supplicant(  651): wlan0: 8: b0:48:7a:20:66:6a ssid='TP-LINK_20666A' wpa_ie_len=22 rsn_ie_len=20 caps=0x431 level=-63 wps
02-12 10:05:00.910 D/wpa_supplicant(  651): wlan0:    skip - SSID mismatch
02-12 10:05:00.910 D/wpa_supplicant(  651): wlan0: 9: b0:48:7a:51:ff:cc ssid='Neusoft TP' wpa_ie_len=22 rsn_ie_len=20 caps=0x431 level=-67 wps
02-12 10:05:00.910 D/wpa_supplicant(  651): wlan0:    skip - SSID mismatch
02-12 10:05:00.910 D/wpa_supplicant(  651): wlan0: 10: 80:1f:02:43:fb:e8 ssid='Edimax AP' wpa_ie_len=0 rsn_ie_len=20 caps=0x411 level=-71
02-12 10:05:00.910 D/wpa_supplicant(  651): wlan0:    skip - SSID mismatch
02-12 10:05:00.910 D/wpa_supplicant(  651): wlan0: 11: c0:a0:bb:20:3b:84 ssid='dlink-3B84' wpa_ie_len=26 rsn_ie_len=24 caps=0x411 level=-72 wps
02-12 10:05:00.910 D/wpa_supplicant(  651): wlan0:    skip - SSID mismatch
02-12 10:05:00.910 D/wpa_supplicant(  651): wlan0: 12: 5e:f3:70:0c:91:9a ssid='DIRECT-pl-Android_7f71' wpa_ie_len=0 rsn_ie_len=20 caps=0x411 level=-74 wps
02-12 10:05:00.910 D/wpa_supplicant(  651): wlan0:    skip - SSID mismatch
02-12 10:05:00.910 D/wpa_supplicant(  651): wlan0: 13: e4:d3:32:c0:cf:a4 ssid='fast' wpa_ie_len=0 rsn_ie_len=20 caps=0x411 level=-74
02-12 10:05:00.910 D/wpa_supplicant(  651): wlan0:    skip - SSID mismatch
02-12 10:05:00.910 D/wpa_supplicant(  651): wlan0: 14: 74:e5:43:24:f4:5b ssid='Dttest' wpa_ie_len=0 rsn_ie_len=20 caps=0x31 level=-75
02-12 10:05:00.910 D/wpa_supplicant(  651): wlan0:    skip - SSID mismatch
02-12 10:05:00.910 D/wpa_supplicant(  651): wlan0: 15: 1c:65:9d:e8:79:44 ssid='WiFi' wpa_ie_len=0 rsn_ie_len=20 caps=0x511 level=-78
02-12 10:05:00.910 D/wpa_supplicant(  651): wlan0:    skip - SSID mismatch
02-12 10:05:00.910 D/wpa_supplicant(  651): wlan0: 16: f4:b7:e2:2b:41:b7 ssid='cmscc' wpa_ie_len=0 rsn_ie_len=20 caps=0x31 level=-78
02-12 10:05:00.910 D/wpa_supplicant(  651): wlan0:    skip - SSID mismatch
02-12 10:05:00.910 D/wpa_supplicant(  651): wlan0: 17: cc:34:29:2c:fb:ec ssid='linksys' wpa_ie_len=22 rsn_ie_len=20 caps=0x431 level=-93 wps
02-12 10:05:00.910 D/wpa_supplicant(  651): wlan0:    skip - SSID mismatch
02-12 10:05:00.910 D/wpa_supplicant(  651): wlan0: 18: 02:09:4c:bc:de:9a ssid='DIRECT-' wpa_ie_len=0 rsn_ie_len=0 caps=0x410 level=-81
02-12 10:05:00.910 D/wpa_supplicant(  651): wlan0:    skip - SSID mismatch
02-12 10:05:00.910 D/wpa_supplicant(  651): wlan0: 19: 50:bd:5f:4b:29:92 ssid='Internet-2' wpa_ie_len=0 rsn_ie_len=0 caps=0x421 level=-64
02-12 10:05:00.910 D/wpa_supplicant(  651): wlan0:    skip - SSID mismatch
02-12 10:05:00.910 D/wpa_supplicant(  651): wlan0: 20: e4:d3:32:dd:18:62 ssid='Internet' wpa_ie_len=0 rsn_ie_len=0 caps=0x421 level=-69
02-12 10:05:00.910 D/wpa_supplicant(  651): wlan0:    skip - SSID mismatch
02-12 10:05:00.910 D/wpa_supplicant(  651): wlan0: Selecting BSS from priority group 4
02-12 10:05:00.910 D/wpa_supplicant(  651): wlan0: 0: f8:d1:11:e7:99:e8 ssid='videotest' wpa_ie_len=22 rsn_ie_len=20 caps=0x531 level=-47 wps
02-12 10:05:00.910 D/wpa_supplicant(  651): wlan0:    skip - SSID mismatch
02-12 10:05:00.910 D/wpa_supplicant(  651): wlan0: 1: 6c:8b:2f:e9:d1:da ssid='ZTE_AP_1640' wpa_ie_len=0 rsn_ie_len=20 caps=0x511 level=-47
02-12 10:05:00.910 D/wpa_supplicant(  651): wlan0:    skip - SSID mismatch
02-12 10:05:00.910 D/wpa_supplicant(  651): wlan0: 2: c8:d7:19:60:62:f2 ssid='E3000-2.4G' wpa_ie_len=0 rsn_ie_len=20 caps=0x411 level=-51
02-12 10:05:00.910 D/wpa_supplicant(  651): wlan0:    skip - SSID mismatch
02-12 10:05:00.910 D/wpa_supplicant(  651): wlan0: 3: 10:c3:7b:d2:e5:e0 ssid='ASUS_RT-AC66U-2.4G' wpa_ie_len=0 rsn_ie_len=20 caps=0x411 level=-53 wps
02-12 10:05:00.910 D/wpa_supplicant(  651): wlan0:    skip - SSID mismatch
02-12 10:05:00.910 D/wpa_supplicant(  651): wlan0: 4: 44:94:fc:3d:da:38 ssid='6300' wpa_ie_len=0 rsn_ie_len=20 caps=0x411 level=-55 wps
02-12 10:05:00.910 D/wpa_supplicant(  651): wlan0:    skip - SSID mismatch
02-12 10:05:00.910 D/wpa_supplicant(  651): wlan0: 5: c0:c1:c0:76:81:3c ssid='E2000' wpa_ie_len=0 rsn_ie_len=20 caps=0x411 level=-57 wps
02-12 10:05:00.910 D/wpa_supplicant(  651): wlan0:    skip - SSID mismatch
02-12 10:05:00.910 D/wpa_supplicant(  651): wlan0: 6: 02:1a:11:fd:45:ed ssid='Android' wpa_ie_len=0 rsn_ie_len=20 caps=0x511 level=-58
02-12 10:05:00.910 D/wpa_supplicant(  651): wlan0:    skip - SSID mismatch
02-12 10:05:00.910 D/wpa_supplicant(  651): wlan0: 7: cc:34:29:2b:26:4c ssid='cws-test' wpa_ie_len=0 rsn_ie_len=20 caps=0x431 level=-60 wps
02-12 10:05:00.910 D/wpa_supplicant(  651): wlan0:    skip - SSID mismatch
02-12 10:05:00.910 D/wpa_supplicant(  651): wlan0: 8: b0:48:7a:20:66:6a ssid='TP-LINK_20666A' wpa_ie_len=22 rsn_ie_len=20 caps=0x431 level=-63 wps
02-12 10:05:00.910 D/wpa_supplicant(  651): wlan0:    skip - SSID mismatch
02-12 10:05:00.910 D/wpa_supplicant(  651): wlan0: 9: b0:48:7a:51:ff:cc ssid='Neusoft TP' wpa_ie_len=22 rsn_ie_len=20 caps=0x431 level=-67 wps
02-12 10:05:00.910 D/wpa_supplicant(  651): wlan0:    skip - SSID mismatch
02-12 10:05:00.910 D/wpa_supplicant(  651): wlan0: 10: 80:1f:02:43:fb:e8 ssid='Edimax AP' wpa_ie_len=0 rsn_ie_len=20 caps=0x411 level=-71
02-12 10:05:00.910 D/wpa_supplicant(  651): wlan0:    skip - SSID mismatch
02-12 10:05:00.910 D/wpa_supplicant(  651): wlan0: 11: c0:a0:bb:20:3b:84 ssid='dlink-3B84' wpa_ie_len=26 rsn_ie_len=24 caps=0x411 level=-72 wps
02-12 10:05:00.910 D/wpa_supplicant(  651): wlan0:    skip - SSID mismatch
02-12 10:05:00.910 D/wpa_supplicant(  651): wlan0: 12: 5e:f3:70:0c:91:9a ssid='DIRECT-pl-Android_7f71' wpa_ie_len=0 rsn_ie_len=20 caps=0x411 level=-74 wps
02-12 10:05:00.910 D/wpa_supplicant(  651): wlan0:    skip - SSID mismatch
02-12 10:05:00.910 D/wpa_supplicant(  651): wlan0: 13: e4:d3:32:c0:cf:a4 ssid='fast' wpa_ie_len=0 rsn_ie_len=20 caps=0x411 level=-74
02-12 10:05:00.910 D/wpa_supplicant(  651): wlan0:    skip - SSID mismatch
02-12 10:05:00.910 D/wpa_supplicant(  651): wlan0: 14: 74:e5:43:24:f4:5b ssid='Dttest' wpa_ie_len=0 rsn_ie_len=20 caps=0x31 level=-75
02-12 10:05:00.910 D/wpa_supplicant(  651): wlan0:    skip - SSID mismatch
02-12 10:05:00.910 D/wpa_supplicant(  651): wlan0: 15: 1c:65:9d:e8:79:44 ssid='WiFi' wpa_ie_len=0 rsn_ie_len=20 caps=0x511 level=-78
02-12 10:05:00.910 D/wpa_supplicant(  651): wlan0:    skip - SSID mismatch
02-12 10:05:00.910 D/wpa_supplicant(  651): wlan0: 16: f4:b7:e2:2b:41:b7 ssid='cmscc' wpa_ie_len=0 rsn_ie_len=20 caps=0x31 level=-78
02-12 10:05:00.910 D/wpa_supplicant(  651): wlan0:    skip - SSID mismatch
02-12 10:05:00.910 D/wpa_supplicant(  651): wlan0: 17: cc:34:29:2c:fb:ec ssid='linksys' wpa_ie_len=22 rsn_ie_len=20 caps=0x431 level=-93 wps
02-12 10:05:00.910 D/wpa_supplicant(  651): wlan0:    skip - SSID mismatch
02-12 10:05:00.910 D/wpa_supplicant(  651): wlan0: 18: 02:09:4c:bc:de:9a ssid='DIRECT-' wpa_ie_len=0 rsn_ie_len=0 caps=0x410 level=-81
02-12 10:05:00.910 D/wpa_supplicant(  651): wlan0:    skip - SSID mismatch
02-12 10:05:00.910 D/wpa_supplicant(  651): wlan0: 19: 50:bd:5f:4b:29:92 ssid='Internet-2' wpa_ie_len=0 rsn_ie_len=0 caps=0x421 level=-64
02-12 10:05:00.910 D/wpa_supplicant(  651): wlan0:    skip - SSID mismatch
02-12 10:05:00.910 D/wpa_supplicant(  651): wlan0: 20: e4:d3:32:dd:18:62 ssid='Internet' wpa_ie_len=0 rsn_ie_len=0 caps=0x421 level=-69
02-12 10:05:00.910 D/wpa_supplicant(  651): wlan0:    skip - SSID mismatch
02-12 10:05:00.910 D/wpa_supplicant(  651): wlan0: No suitable network found
02-12 10:05:00.910 D/wpa_supplicant(  651): wlan0: Setting scan request: 40 sec 0 usec
02-12 10:05:00.910 D/wpa_supplicant(  651): wlan0: Checking for other virtual interfaces sharing same radio (phy0) in event_scan_results
02-12 10:05:00.910 D/wpa_supplicant(  651): p2p-dev-wlan0: Updating scan results from sibling
02-12 10:05:00.910 D/wpa_supplicant(  651): nl80211: Received scan results (21 BSSes)
02-12 10:05:00.910 I/WifiHW  (  504): EVENT: IFNAME=wlan0 WPS-AP-AVAILABLE 
02-12 10:05:00.910 D/wpa_supplicant(  651): nl80211: Survey data missing
02-12 10:05:00.910 D/wpa_supplicant(  651): p2p-dev-wlan0: BSS: Start scan result update 195
02-12 10:05:00.910 D/wpa_supplicant(  651): BSS: No P2P IE - skipping BSS f8:d1:11:e7:99:e8 update for P2P interface
02-12 10:05:00.910 D/wpa_supplicant(  651): BSS: No P2P IE - skipping BSS 6c:8b:2f:e9:d1:da update for P2P interface
02-12 10:05:00.910 D/wpa_supplicant(  651): BSS: No P2P IE - skipping BSS c8:d7:19:60:62:f2 update for P2P interface
02-12 10:05:00.910 D/wpa_supplicant(  651): BSS: No P2P IE - skipping BSS 10:c3:7b:d2:e5:e0 update for P2P interface
02-12 10:05:00.910 D/wpa_supplicant(  651): BSS: No P2P IE - skipping BSS 44:94:fc:3d:da:38 update for P2P interface
02-12 10:05:00.910 D/wpa_supplicant(  651): BSS: No P2P IE - skipping BSS c0:c1:c0:76:81:3c update for P2P interface
02-12 10:05:00.910 D/wpa_supplicant(  651): BSS: No P2P IE - skipping BSS 02:1a:11:fd:45:ed update for P2P interface
02-12 10:05:00.910 D/wpa_supplicant(  651): BSS: No P2P IE - skipping BSS cc:34:29:2b:26:4c update for P2P interface
02-12 10:05:00.910 D/wpa_supplicant(  651): BSS: No P2P IE - skipping BSS b0:48:7a:20:66:6a update for P2P interface
02-12 10:05:00.910 D/wpa_supplicant(  651): BSS: No P2P IE - skipping BSS b0:48:7a:51:ff:cc update for P2P interface
02-12 10:05:00.910 D/wpa_supplicant(  651): BSS: No P2P IE - skipping BSS 80:1f:02:43:fb:e8 update for P2P interface
02-12 10:05:00.910 D/wpa_supplicant(  651): BSS: No P2P IE - skipping BSS c0:a0:bb:20:3b:84 update for P2P interface
02-12 10:05:00.910 D/wpa_supplicant(  651): BSS: No P2P IE - skipping BSS e4:d3:32:c0:cf:a4 update for P2P interface
02-12 10:05:00.910 D/wpa_supplicant(  651): BSS: No P2P IE - skipping BSS 74:e5:43:24:f4:5b update for P2P interface
02-12 10:05:00.910 D/wpa_supplicant(  651): BSS: No P2P IE - skipping BSS 1c:65:9d:e8:79:44 update for P2P interface
02-12 10:05:00.910 D/wpa_supplicant(  651): BSS: No P2P IE - skipping BSS f4:b7:e2:2b:41:b7 update for P2P interface
02-12 10:05:00.910 D/wpa_supplicant(  651): BSS: No P2P IE - skipping BSS cc:34:29:2c:fb:ec update for P2P interface
02-12 10:05:00.910 D/wpa_supplicant(  651): BSS: No P2P IE - skipping BSS 02:09:4c:bc:de:9a update for P2P interface
02-12 10:05:00.910 D/wpa_supplicant(  651): BSS: No P2P IE - skipping BSS 50:bd:5f:4b:29:92 update for P2P interface
02-12 10:05:00.910 D/wpa_supplicant(  651): BSS: No P2P IE - skipping BSS e4:d3:32:dd:18:62 update for P2P interface
02-12 10:05:00.910 D/wpa_supplicant(  651): BSS: last_scan_res_used=1/32 last_scan_full=0
02-12 10:05:00.910 D/wpa_supplicant(  651): p2p-dev-wlan0: New scan results available
02-12 10:05:00.910 D/wpa_supplicant(  651): CTRL_IFACE monitor send - hexdump(len=39): 2f 64 61 74 61 2f 6d 69 73 63 2f 77 69 66 69 2f 73 6f 63 6b 65 74 73 2f 77 70 61 5f 63 74 72 6c ...
02-12 10:05:00.910 D/wpa_supplicant(  651): CTRL_IFACE monitor send - hexdump(len=39): 2f 64 61 74 61 2f 6d 69 73 63 2f 77 69 66 69 2f 73 6f 63 6b 65 74 73 2f 77 70 61 5f 63 74 72 6c ...
02-12 10:05:00.910 I/WifiHW  (  504): CMD: IFNAME=wlan0 BSS RANGE=0- MASK=0x21987
02-12 10:05:00.910 D/wpa_supplicant(  651): WPS: AP[0] 10:c3:7b:d2:e5:e0 type=0 tries=0 last_attempt=-1 sec ago blacklist=0
02-12 10:05:00.910 D/wpa_supplicant(  651): WPS: AP[1] b0:48:7a:20:66:6a type=0 tries=0 last_attempt=-1 sec ago blacklist=0
02-12 10:05:00.910 D/wpa_supplicant(  651): WPS: AP[2] f8:d1:11:e7:99:e8 type=0 tries=0 last_attempt=-1 sec ago blacklist=0
02-12 10:05:00.910 D/wpa_supplicant(  651): WPS: AP[3] 44:94:fc:3d:da:38 type=0 tries=0 last_attempt=-1 sec ago blacklist=0
02-12 10:05:00.910 D/wpa_supplicant(  651): WPS: AP[4] cc:34:29:2c:fb:ec type=0 tries=0 last_attempt=-1 sec ago blacklist=0
02-12 10:05:00.910 D/wpa_supplicant(  651): WPS: AP[5] c8:d7:19:60:62:f2 type=0 tries=0 last_attempt=-1 sec ago blacklist=0
02-12 10:05:00.910 D/wpa_supplicant(  651): WPS: AP[6] cc:34:29:2b:26:4c type=0 tries=0 last_attempt=-1 sec ago blacklist=0
02-12 10:05:00.910 D/wpa_supplicant(  651): WPS: AP[7] 98:fc:11:81:35:fb type=0 tries=0 last_attempt=-1 sec ago blacklist=0
02-12 10:05:00.910 D/wpa_supplicant(  651): WPS: AP[8] 14:d6:4d:28:ef:c8 type=0 tries=0 last_attempt=-1 sec ago blacklist=0
02-12 10:05:00.910 D/wpa_supplicant(  651): WPS: AP[9] b0:48:7a:51:ff:cc type=0 tries=0 last_attempt=-1 sec ago blacklist=0
02-12 10:05:00.910 D/wpa_supplicant(  651): WPS: AP[10] 7a:ff:57:00:13:56 type=0 tries=0 last_attempt=-1 sec ago blacklist=0
02-12 10:05:00.910 D/wpa_supplicant(  651): WPS: AP[11] c0:a0:bb:20:3b:84 type=0 tries=0 last_attempt=-1 sec ago blacklist=0
02-12 10:05:00.910 D/wpa_supplicant(  651): WPS: AP[12] c0:c1:c0:76:81:3c type=0 tries=0 last_attempt=-1 sec ago blacklist=0
02-12 10:05:00.910 D/wpa_supplicant(  651): WPS: AP[13] 5e:f3:70:0c:91:9a type=0 tries=0 last_attempt=-1 sec ago blacklist=0
02-12 10:05:00.910 D/wpa_supplicant(  651): WPS: AP[14] 02:09:4c:42:36:90 type=0 tries=0 last_attempt=-1 sec ago blacklist=0
02-12 10:05:00.910 D/wpa_supplicant(  651): p2p-dev-wlan0: No suitable network found
02-12 10:05:00.910 D/wpa_supplicant(  651): p2p-dev-wlan0: Short-circuit new scan request since there are no enabled networks
02-12 10:05:00.910 D/wpa_supplicant(  651): p2p-dev-wlan0: State: INACTIVE -> INACTIVE
02-12 10:05:00.910 D/wpa_supplicant(  651): wlan0: P2P: Station mode scan operation not pending anymore (sta_scan_pending=0 p2p_cb_on_scan_complete=0)
02-12 10:05:00.910 D/wpa_supplicant(  651): RX ctrl_iface - hexdump(len=25): 42 53 53 20 52 41 4e 47 45 3d 30 2d 20 4d 41 53 4b 3d 30 78 32 31 39 38 37
02-12 10:05:00.910 D/wpa_supplicant(  651): wlan0: Control interface command 'BSS RANGE=0- MASK=0x21987'
02-12 10:05:00.910 D/wpa_supplicant(  651): RTM_NEWLINK: operstate=0 ifi_flags=0x11003 ([UP][LOWER_UP])
02-12 10:05:00.910 D/wpa_supplicant(  651): RTM_NEWLINK, IFLA_IFNAME: Interface 'wlan0' added
02-12 10:05:00.910 D/wpa_supplicant(  651): nl80211: if_removed already cleared - ignore event
02-12 10:05:00.910 I/WifiHW  (  504): REPLY: id=328
02-12 10:05:00.910 I/WifiHW  (  504): REPLY: bssid=c8:d7:19:60:62:f2
02-12 10:05:00.910 I/WifiHW  (  504): REPLY: freq=2437
02-12 10:05:00.910 I/WifiHW  (  504): REPLY: level=-51
02-12 10:05:00.910 I/WifiHW  (  504): REPLY: tsf=0000061837103891
02-12 10:05:00.910 I/WifiHW  (  504): REPLY: flags=[WPA2-EAP-CCMP-preauth][ESS]
02-12 10:05:00.910 I/WifiHW  (  504): REPLY: ssid=E3000-2.4G
02-12 10:05:00.910 I/WifiHW  (  504): REPLY: ====
02-12 10:05:00.910 I/WifiHW  (  504): REPLY: id=329
02-12 10:05:00.910 I/WifiHW  (  504): REPLY: bssid=10:c3:7b:d2:e5:e0
02-12 10:05:00.910 I/WifiHW  (  504): REPLY: freq=2462
02-12 10:05:00.910 I/WifiHW  (  504): REPLY: level=-53
02-12 10:05:00.910 I/WifiHW  (  504): REPLY: tsf=0000061837103934
02-12 10:05:00.910 I/WifiHW  (  504): REPLY: flags=[WPA2-PSK-CCMP][WPS][ESS]
02-12 10:05:00.910 I/WifiHW  (  504): REPLY: ssid=ASUS_RT-AC66U-2.4G
02-12 10:05:00.910 I/WifiHW  (  504): REPLY: ====
02-12 10:05:00.910 I/WifiHW  (  504): REPLY: id=331
02-12 10:05:00.910 I/WifiHW  (  504): REPLY: bssid=b0:48:7a:20:66:6a
02-12 10:05:00.910 I/WifiHW  (  504): REPLY: freq=2427
02-12 10:05:00.910 I/WifiHW  (  504): REPLY: level=-63
02-12 10:05:00.910 I/WifiHW  (  504): REPLY: tsf=0000061837103894
02-12 10:05:00.910 I/WifiHW  (  504): REPLY: flags=[WPA-PSK-CCMP][WPA2-PSK-CCMP][WPS][ESS]
02-12 10:05:00.910 I/WifiHW  (  504): REPLY: ssid=TP-LINK_20666A
02-12 10:05:00.910 I/WifiHW  (  504): REPLY: ====
02-12 10:05:00.910 I/WifiHW  (  504): REPLY: id=332
02-12 10:05:00.910 I/WifiHW  (  504): REPLY: bssid=44:94:fc:3d:da:38
02-12 10:05:00.910 I/WifiHW  (  504): REPLY: freq=2462
02-12 10:05:00.910 I/WifiHW  (  504): REPLY: level=-55
02-12 10:05:00.910 I/WifiHW  (  504): REPLY: tsf=0000061837103931
02-12 10:05:00.910 I/WifiHW  (  504): REPLY: flags=[WPA2-PSK-CCMP][WPS][ESS]
02-12 10:05:00.910 I/WifiHW  (  504): REPLY: ssid=6300
02-12 10:05:00.910 I/WifiHW  (  504): REPLY: ====
02-12 10:05:00.910 I/WifiHW  (  504): REPLY: id=333
02-12 10:05:00.910 I/WifiHW  (  504): REPLY: bssid=c0:c1:c0:76:81:3c
02-12 10:05:00.910 I/WifiHW  (  504): REPLY: freq=2437
02-12 10:05:00.910 I/WifiHW  (  504): REPLY: level=-57
02-12 10:05:00.910 I/WifiHW  (  504): REPLY: tsf=0000061837103901
02-12 10:05:00.910 I/WifiHW  (  504): REPLY: flags=[WPA2-PSK-CCMP][WPS][ESS]
02-12 10:05:00.910 I/WifiHW  (  504): REPLY: ssid=E2000
02-12 10:05:00.910 I/WifiHW  (  504): REPLY: ====
02-12 10:05:00.910 I/WifiHW  (  504): REPLY: id=334
02-12 10:05:00.910 I/WifiHW  (  504): REPLY: bssid=98:fc:11:81:35:fb
02-12 10:05:00.910 I/WifiHW  (  504): REPLY: freq=2412
02-12 10:05:00.910 I/WifiHW  (  504): REPLY: level=-63
02-12 10:05:00.910 I/WifiHW  (  504): REPLY: tsf=0000061795900930
02-12 10:05:00.910 I/WifiHW  (  504): REPLY: flags=[WPA2-PSK-CCMP][WPS][ESS]
02-12 10:05:00.910 I/WifiHW  (  504): REPLY: ssid=E2000E
02-12 10:05:00.910 I/WifiHW  (  504): REPLY: ====
02-12 10:05:00.910 I/WifiHW  (  504): REPLY: id=335
02-12 10:05:00.910 I/WifiHW  (  504): REPLY: bssid=cc:34:29:2c:fb:ec
02-12 10:05:00.910 I/WifiHW  (  504): REPLY: freq=2412
02-12 10:05:00.910 I/WifiHW  (  504): REPLY: level=-93
02-12 10:05:00.910 I/WifiHW  (  504): REPLY: tsf=0000061837103876
02-12 10:05:00.910 I/WifiHW  (  504): REPLY: flags=[WPA-PSK-CCMP][WPA2-PSK-CCMP][WPS][ESS]
02-12 10:05:00.910 I/WifiHW  (  504): REPLY: ssid=linksys
02-12 10:05:00.910 I/WifiHW  (  504): REPLY: ====
02-12 10:05:00.910 I/WifiHW  (  504): REPLY: id=337
02-12 10:05:00.910 I/WifiHW  (  504): REPLY: bssid=cc:34:29:2b:26:4c
02-12 10:05:00.910 I/WifiHW  (  504): REPLY: freq=2462
02-12 10:05:00.910 I/WifiHW  (  504): REPLY: level=-60
02-12 10:05:00.910 I/WifiHW  (  504): REPLY: tsf=0000061837103929
02-12 10:05:00.910 I/WifiHW  (  504): REPLY: flags=[WPA2-PSK-CCMP][WPS][ESS]
02-12 10:05:00.910 I/WifiHW  (  504): REPLY: ssid=cws-test
02-12 10:05:00.910 I/WifiHW  (  504): REPLY: ====
02-12 10:05:00.910 I/WifiHW  (  504): REPLY: id=345
02-12 10:05:00.910 I/WifiHW  (  504): REPLY: bssid=f8:d1:11:e7:99:e8
02-12 10:05:00.910 I/WifiHW  (  504): REPLY: freq=2437
02-12 10:05:00.910 I/WifiHW  (  504): REPLY: level=-47
02-12 10:05:00.910 I/WifiHW  (  504): REPLY: tsf=0000061837103916
02-12 10:05:00.910 I/WifiHW  (  504): REPLY: flags=[WPA-PSK-CCMP][WPA2-PSK-CCMP][WPS][ESS]
02-12 10:05:00.910 I/WifiHW  (  504): REPLY: ssid=videotest
02-12 10:05:00.910 I/WifiHW  (  504): REPLY: ====
02-12 10:05:00.910 I/WifiHW  (  504): REPLY: id=358
02-12 10:05:00.910 I/WifiHW  (  504): REPLY: bssid=6c:8b:2f:e9:d1:da
02-12 10:05:00.910 I/WifiHW  (  504): REPLY: freq=2437
02-12 10:05:00.910 I/WifiHW  (  504): REPLY: level=-47
02-12 10:05:00.910 I/WifiHW  (  504): REPLY: tsf=0000061837103904
02-12 10:05:00.910 I/WifiHW  (  504): REPLY: flags=[WPA2-PSK-CCMP][ESS]
02-12 10:05:00.910 I/WifiHW  (  504): REPLY: ssid=ZTE_AP_1640
02-12 10:05:00.910 I/WifiHW  (  504): REPLY: ====
02-12 10:05:00.910 I/WifiHW  (  504): REPLY: id=405
02-12 10:05:00.910 I/WifiHW  (  504): REPLY: bssid=02:1a:11:fd:45:ed
02-12 10:05:00.910 I/WifiHW  (  504): EVENT: IFNAME=p2p-dev-wlan0 CTRL-EVENT-SCAN-RESULTS 
02-12 10:05:00.910 I/WifiHW  (  504): REPLY: freq=2437
02-12 10:05:00.910 I/WifiHW  (  504): REPLY: level=-58
02-12 10:05:00.910 I/WifiHW  (  504): REPLY: tsf=0000061837103898
02-12 10:05:00.910 I/WifiHW  (  504): REPLY: flags=[WPA2-PSK-CCMP][ESS]
02-12 10:05:00.910 I/WifiHW  (  504): REPLY: ssid=Android
02-12 10:05:00.910 I/WifiHW  (  504): REPLY: ====
02-12 10:05:00.910 I/WifiHW  (  504): REPLY: id=421
02-12 10:05:00.910 I/WifiHW  (  504): REPLY: bssid=80:1f:02:43:fb:e8
02-12 10:05:00.910 I/WifiHW  (  504): REPLY: freq=2412
02-12 10:05:00.910 I/WifiHW  (  504): REPLY: level=-71
02-12 10:05:00.910 I/WifiHW  (  504): REPLY: tsf=0000061837103885
02-12 10:05:00.910 I/WifiHW  (  504): REPLY: flags=[WPA2-PSK-CCMP-preauth][ESS]
02-12 10:05:00.910 I/WifiHW  (  504): REPLY: ssid=Edimax AP
02-12 10:05:00.910 I/WifiHW  (  504): REPLY: ====
02-12 10:05:00.910 I/WifiHW  (  504): REPLY: id=427
02-12 10:05:00.910 I/WifiHW  (  504): REPLY: bssid=50:bd:5f:4b:29:92
02-12 10:05:00.910 I/WifiHW  (  504): REPLY: freq=2437
02-12 10:05:00.910 I/WifiHW  (  504): REPLY: level=-64
02-12 10:05:00.910 I/WifiHW  (  504): EVENT: IFNAME=p2p-dev-wlan0 WPS-AP-AVAILABLE 
02-12 10:05:00.910 I/WifiHW  (  504): REPLY: tsf=0000061837103921
02-12 10:05:00.910 I/WifiHW  (  504): REPLY: flags=[ESS]
02-12 10:05:00.910 I/WifiHW  (  504): REPLY: ssid=Internet-2
02-12 10:05:00.910 I/WifiHW  (  504): REPLY: ====
02-12 10:05:00.910 I/WifiHW  (  504): REPLY: id=431
02-12 10:05:00.910 I/WifiHW  (  504): REPLY: bssid=e4:d3:32:c0:cf:a4
02-12 10:05:00.910 I/WifiHW  (  504): REPLY: freq=2437
02-12 10:05:00.910 I/WifiHW  (  504): REPLY: level=-74
02-12 10:05:00.910 I/WifiHW  (  504): REPLY: tsf=0000061837103913
02-12 10:05:00.910 I/WifiHW  (  504): REPLY: flags=[WPA2-PSK-CCMP][ESS]
02-12 10:05:00.910 I/WifiHW  (  504): REPLY: ssid=fast
02-12 10:05:00.910 I/WifiHW  (  504): REPLY: ====
02-12 10:05:00.910 I/WifiHW  (  504): REPLY: id=445
02-12 10:05:00.910 I/WifiHW  (  504): REPLY: bssid=02:1a:11:fa:9e:f1
02-12 10:05:00.910 I/WifiHW  (  504): REPLY: freq=2437
02-12 10:05:00.910 I/WifiHW  (  504): REPLY: level=-72
02-12 10:05:00.910 I/WifiHW  (  504): REPLY: tsf=0000061795901033
02-12 10:05:00.910 I/WifiHW  (  504): REPLY: flags=[WPA2-PSK-CCMP][ESS]
02-12 10:05:00.910 I/WifiHW  (  504): REPLY: ssid=love U forever
02-12 10:05:00.910 I/WifiHW  (  504): REPLY: ====
02-12 10:05:00.910 I/WifiHW  (  504): REPLY: id=455
02-12 10:05:00.910 I/WifiHW  (  504): REPLY: bssid=c0:cb:38:7f:c9:09
02-12 10:05:00.910 I/WifiHW  (  504): REPLY: freq=2437
02-12 10:05:00.910 I/WifiHW  (  504): REPLY: level=-70
02-12 10:05:00.910 I/WifiHW  (  504): REPLY: tsf=0000061795901041
02-12 10:05:00.910 I/WifiHW  (  504): REPLY: flags=[WPA2-PSK-CCMP][ESS]
02-12 10:05:00.910 I/WifiHW  (  504): REPLY: ssid=360WiFi-7908
02-12 10:05:00.910 I/WifiHW  (  504): REPLY: ====
02-12 10:05:00.910 I/WifiHW  (  504): REPLY: id=456
02-12 10:05:00.910 I/WifiHW  (  504): REPLY: bssid=5e:f3:70:0c:91:9a
02-12 10:05:00.910 I/WifiHW  (  504): REPLY: freq=2462
02-12 10:05:00.910 I/WifiHW  (  504): REPLY: level=-74
02-12 10:05:00.910 I/WifiHW  (  504): REPLY: tsf=0000061837103936
02-12 10:05:00.910 I/WifiHW  (  504): REPLY: flags=[WPA2-PSK-CCMP][WPS][ESS][P2P]
02-12 10:05:00.910 I/WifiHW  (  504): REPLY: ssid=DIRECT-pl-Android_7f71
02-12 10:05:00.910 I/WifiHW  (  504): REPLY: ====
02-12 10:05:00.910 I/WifiHW  (  504): REPLY: id=466
02-12 10:05:00.910 I/WifiHW  (  504): REPLY: bssid=c0:a0:bb:20:3b:84
02-12 10:05:00.910 I/WifiHW  (  504): REPLY: freq=2417
02-12 10:05:00.910 I/WifiHW  (  504): REPLY: level=-72
02-12 10:05:00.910 I/WifiHW  (  504): REPLY: tsf=0000061837103888
02-12 10:05:00.910 I/WifiHW  (  504): REPLY: flags=[WPA-PSK-CCMP+TKIP][WPA2-PSK-CCMP+TKIP][WPS][ESS]
02-12 10:05:00.910 I/WifiHW  (  504): REPLY: ssid=dlink-3B84
02-12 10:05:00.910 I/WifiHW  (  504): REPLY: ====
02-12 10:05:00.910 I/WifiHW  (  504): REPLY: id=468
02-12 10:05:00.920 W/BindingManager(11727): Cannot call determinedVisibility() - never saw a connection for the pid: 11727
02-12 10:05:00.920 I/WifiHW  (  504): REPLY: bssid=b0:48:7a:51:ff:cc
02-12 10:05:00.920 I/WifiHW  (  504): REPLY: freq=2452
02-12 10:05:00.920 I/WifiHW  (  504): REPLY: level=-67
02-12 10:05:00.920 I/WifiHW  (  504): REPLY: tsf=0000061837103926
02-12 10:05:00.920 I/WifiHW  (  504): REPLY: flags=[WPA-PSK-CCMP][WPA2-PSK-CCMP][WPS][ESS]
02-12 10:05:00.920 I/WifiHW  (  504): REPLY: ssid=Neusoft TP
02-12 10:05:00.920 I/WifiHW  (  504): REPLY: ====
02-12 10:05:00.920 I/WifiHW  (  504): REPLY: id=469
02-12 10:05:00.920 I/WifiHW  (  504): REPLY: bssid=74:e5:43:24:f4:5b
02-12 10:05:00.920 I/WifiHW  (  504): REPLY: freq=2412
02-12 10:05:00.920 I/WifiHW  (  504): REPLY: level=-75
02-12 10:05:00.920 I/WifiHW  (  504): REPLY: tsf=0000061837103882
02-12 10:05:00.920 I/WifiHW  (  504): REPLY: flags=[WPA2-PSK-CCMP][ESS]
02-12 10:05:00.920 I/WifiHW  (  504): REPLY: ssid=Dttest
02-12 10:05:00.920 I/WifiHW  (  504): REPLY: ====
02-12 10:05:00.920 I/WifiHW  (  504): REPLY: id=470
02-12 10:05:00.920 I/WifiHW  (  504): REPLY: bssid=1c:65:9d:e8:79:44
02-12 10:05:00.920 I/WifiHW  (  504): REPLY: freq=2437
02-12 10:05:00.920 I/WifiHW  (  504): REPLY: level=-78
02-12 10:05:00.920 I/WifiHW  (  504): REPLY: tsf=0000061837103906
02-12 10:05:00.920 I/WifiHW  (  504): REPLY: flags=[WPA2-PSK-CCMP][ESS]
02-12 10:05:00.920 I/WifiHW  (  504): REPLY: ssid=WiFi
02-12 10:05:00.920 I/WifiHW  (  504): REPLY: ====
02-12 10:05:00.920 I/WifiHW  (  504): REPLY: id=471
02-12 10:05:00.920 I/WifiHW  (  504): REPLY: bssid=f4:b7:e2:2b:41:b7
02-12 10:05:00.920 I/WifiHW  (  504): REPLY: freq=2437
02-12 10:05:00.920 I/WifiHW  (  504): REPLY: level=-78
02-12 10:05:00.920 I/WifiHW  (  504): REPLY: tsf=0000061837103924
02-12 10:05:00.920 I/WifiHW  (  504): REPLY: flags=[WPA2-PSK-CCMP][ESS]
02-12 10:05:00.920 I/WifiHW  (  504): REPLY: ssid=cmscc
02-12 10:05:00.920 I/WifiHW  (  504): REPLY: ====
02-12 10:05:00.920 I/WifiHW  (  504): REPLY: id=472
02-12 10:05:00.920 I/WifiHW  (  504): REPLY: bssid=02:09:4c:bc:de:9a
02-12 10:05:00.920 I/WifiHW  (  504): REPLY: freq=2412
02-12 10:05:00.920 I/WifiHW  (  504): REPLY: level=-81
02-12 10:05:00.920 I/WifiHW  (  504): REPLY: tsf=0000061837103879
02-12 10:05:00.920 I/WifiHW  (  504): REPLY: flags=[WEP]
02-12 10:05:00.920 I/WifiHW  (  504): REPLY: ssid=DIRECT-
02-12 10:05:00.920 I/WifiHW  (  504): REPLY: ====
02-12 10:05:00.920 I/WifiHW  (  504): REPLY: id=473
02-12 10:05:00.920 I/WifiHW  (  504): REPLY: bssid=e4:d3:32:dd:18:62
02-12 10:05:00.920 I/WifiHW  (  504): REPLY: freq=2437
02-12 10:05:00.920 I/WifiHW  (  504): REPLY: level=-69
02-12 10:05:00.920 I/WifiHW  (  504): REPLY: tsf=0000061837103919
02-12 10:05:00.920 I/WifiHW  (  504): REPLY: flags=[ESS]
02-12 10:05:00.920 I/WifiHW  (  504): REPLY: ssid=Internet
02-12 10:05:00.920 I/WifiHW  (  504): REPLY: ####
02-12 10:05:01.530 W/BindingManager(11727): Cannot call determinedVisibility() - never saw a connection for the pid: 11727
02-12 10:05:02.170 W/BindingManager(11727): Cannot call determinedVisibility() - never saw a connection for the pid: 11727
02-12 10:05:02.900 W/BindingManager(11727): Cannot call determinedVisibility() - never saw a connection for the pid: 11727
02-12 10:05:03.540 W/BindingManager(11727): Cannot call determinedVisibility() - never saw a connection for the pid: 11727
02-12 10:05:04.140 W/BindingManager(11727): Cannot call determinedVisibility() - never saw a connection for the pid: 11727
02-12 10:05:04.790 W/BindingManager(11727): Cannot call determinedVisibility() - never saw a connection for the pid: 11727
02-12 10:05:05.420 W/BindingManager(11727): Cannot call determinedVisibility() - never saw a connection for the pid: 11727
02-12 10:05:06.070 W/BindingManager(11727): Cannot call determinedVisibility() - never saw a connection for the pid: 11727
02-12 10:05:06.710 W/BindingManager(11727): Cannot call determinedVisibility() - never saw a connection for the pid: 11727
02-12 10:05:07.350 W/BindingManager(11727): Cannot call determinedVisibility() - never saw a connection for the pid: 11727
02-12 10:05:07.980 W/BindingManager(11727): Cannot call determinedVisibility() - never saw a connection for the pid: 11727
02-12 10:05:08.660 W/BindingManager(11727): Cannot call determinedVisibility() - never saw a connection for the pid: 11727
02-12 10:05:09.300 W/BindingManager(11727): Cannot call determinedVisibility() - never saw a connection for the pid: 11727
02-12 10:05:09.950 W/BindingManager(11727): Cannot call determinedVisibility() - never saw a connection for the pid: 11727
02-12 10:05:10.620 W/BindingManager(11727): Cannot call determinedVisibility() - never saw a connection for the pid: 11727
02-12 10:05:11.270 W/BindingManager(11727): Cannot call determinedVisibility() - never saw a connection for the pid: 11727
02-12 10:05:11.900 W/BindingManager(11727): Cannot call determinedVisibility() - never saw a connection for the pid: 11727
02-12 10:05:12.570 W/BindingManager(11727): Cannot call determinedVisibility() - never saw a connection for the pid: 11727
02-12 10:05:12.890 D/EVENT_THREAD(  183): void CEventThread::run() POLLIN event on Fd (1)
02-12 10:05:12.890 D/EVENT_THREAD(  183): void CEventThread::run() Do poll with timeout: -1
02-12 10:05:12.890 D/EVENT_THREAD(  183): void CEventThread::run() POLLIN event on Fd (1)
02-12 10:05:12.890 D/EVENT_THREAD(  183): void CEventThread::run() Do poll with timeout: -1
02-12 10:05:12.890 I/upi_ug31xx(  166): (4882) update_capacity
02-12 10:05:12.890 I/[UPI]   (  166): <UG31/E>[UpiReadCapacity]: V=4243(4243), T=322(325-380), I=-274, C=-3(-3-0)
02-12 10:05:12.890 I/[UPI]   (  166): <UG31/E>[UpiReadCapacity]: (0x10820d5a) 3907 (3885) / 3926 (4027) = 100
02-12 10:05:12.890 I/[UPI]   (  166): <UG31/E>[UpiReadCapacity]: (0x10820d5a) 3907 (3885) / 3926 (4027) = 100
02-12 10:05:12.890 I/[UPI]   (  166): <UG31/E>[UpiReadCapacity]: (0x10820d5a) 3904 (3904) / 3926 (4027) = 99
02-12 10:05:12.890 I/[UPI]   (  166): <UG31/E>[RsocFilterCountTime]: (0x10820d5a) Step=0(30330), Full=16(2003030), Lock=30330(1800000)
02-12 10:05:12.890 I/[UPI]   (  166): <UG31/E>[UpiReadCapacity]: (0x10820d5a) 3907 (3904) / 3926 (4027) = 100 (-274--274)
02-12 10:05:12.890 I/[UPI]   (  166): <UG31/E><BATT> M:normal, P:100(100-99)%, V:4241mV, C:-330mA, T:32.5C(380), S:0x10820d5a(100), R:3907mAh, F:3926mAh, Q:510mAh, CC:3, P:30.330(100-0)s, BO:7, 97:615:0-44af-9m:B001-20140514-144301 (16)
02-12 10:05:12.900 I/upi_ug31xx(  166): (4883) backup_data 
02-12 10:05:12.900 V/upi_ug31xx(  166): state->check_backup_count = 3
02-12 10:05:13.210 W/BindingManager(11727): Cannot call determinedVisibility() - never saw a connection for the pid: 11727
02-12 10:05:13.860 W/BindingManager(11727): Cannot call determinedVisibility() - never saw a connection for the pid: 11727
02-12 10:05:14.510 W/BindingManager(11727): Cannot call determinedVisibility() - never saw a connection for the pid: 11727
02-12 10:05:15.120 W/BindingManager(11727): Cannot call determinedVisibility() - never saw a connection for the pid: 11727
02-12 10:05:15.740 W/BindingManager(11727): Cannot call determinedVisibility() - never saw a connection for the pid: 11727
02-12 10:05:16.400 W/BindingManager(11727): Cannot call determinedVisibility() - never saw a connection for the pid: 11727
02-12 10:05:17.050 W/BindingManager(11727): Cannot call determinedVisibility() - never saw a connection for the pid: 11727
02-12 10:05:17.720 W/BindingManager(11727): Cannot call determinedVisibility() - never saw a connection for the pid: 11727
02-12 10:05:18.370 W/BindingManager(11727): Cannot call determinedVisibility() - never saw a connection for the pid: 11727
02-12 10:05:19.020 W/BindingManager(11727): Cannot call determinedVisibility() - never saw a connection for the pid: 11727
02-12 10:05:19.660 W/BindingManager(11727): Cannot call determinedVisibility() - never saw a connection for the pid: 11727
02-12 10:05:20.320 W/BindingManager(11727): Cannot call determinedVisibility() - never saw a connection for the pid: 11727
02-12 10:05:20.930 W/BindingManager(11727): Cannot call determinedVisibility() - never saw a connection for the pid: 11727
02-12 10:05:20.950 D/EVENT_THREAD(  183): void CEventThread::run() POLLIN event on Fd (1)
02-12 10:05:20.950 D/EVENT_THREAD(  183): void CEventThread::run() Do poll with timeout: -1
02-12 10:05:21.570 W/BindingManager(11727): Cannot call determinedVisibility() - never saw a connection for the pid: 11727
02-12 10:05:22.220 W/BindingManager(11727): Cannot call determinedVisibility() - never saw a connection for the pid: 11727
02-12 10:05:22.880 W/BindingManager(11727): Cannot call determinedVisibility() - never saw a connection for the pid: 11727
02-12 10:05:23.540 W/BindingManager(11727): Cannot call determinedVisibility() - never saw a connection for the pid: 11727
02-12 10:05:24.170 W/BindingManager(11727): Cannot call determinedVisibility() - never saw a connection for the pid: 11727
02-12 10:05:24.790 W/BindingManager(11727): Cannot call determinedVisibility() - never saw a connection for the pid: 11727
02-12 10:05:25.430 W/BindingManager(11727): Cannot call determinedVisibility() - never saw a connection for the pid: 11727
02-12 10:05:26.050 W/BindingManager(11727): Cannot call determinedVisibility() - never saw a connection for the pid: 11727
02-12 10:05:26.690 W/BindingManager(11727): Cannot call determinedVisibility() - never saw a connection for the pid: 11727
02-12 10:05:27.360 W/BindingManager(11727): Cannot call determinedVisibility() - never saw a connection for the pid: 11727
02-12 10:05:28.000 W/BindingManager(11727): Cannot call determinedVisibility() - never saw a connection for the pid: 11727
02-12 10:05:28.650 W/BindingManager(11727): Cannot call determinedVisibility() - never saw a connection for the pid: 11727
02-12 10:05:29.300 W/BindingManager(11727): Cannot call determinedVisibility() - never saw a connection for the pid: 11727
02-12 10:05:29.930 W/BindingManager(11727): Cannot call determinedVisibility() - never saw a connection for the pid: 11727
02-12 10:05:30.580 W/BindingManager(11727): Cannot call determinedVisibility() - never saw a connection for the pid: 11727
02-12 10:05:31.240 W/BindingManager(11727): Cannot call determinedVisibility() - never saw a connection for the pid: 11727
02-12 10:05:31.870 W/BindingManager(11727): Cannot call determinedVisibility() - never saw a connection for the pid: 11727
02-12 10:05:32.520 W/BindingManager(11727): Cannot call determinedVisibility() - never saw a connection for the pid: 11727
02-12 10:05:33.170 W/BindingManager(11727): Cannot call determinedVisibility() - never saw a connection for the pid: 11727
02-12 10:05:33.770 W/BindingManager(11727): Cannot call determinedVisibility() - never saw a connection for the pid: 11727
02-12 10:05:34.430 W/BindingManager(11727): Cannot call determinedVisibility() - never saw a connection for the pid: 11727
02-12 10:05:35.060 W/BindingManager(11727): Cannot call determinedVisibility() - never saw a connection for the pid: 11727
02-12 10:05:35.670 W/BindingManager(11727): Cannot call determinedVisibility() - never saw a connection for the pid: 11727
02-12 10:05:36.300 W/BindingManager(11727): Cannot call determinedVisibility() - never saw a connection for the pid: 11727
02-12 10:05:36.940 D/dalvikvm(11727): GC_CONCURRENT freed 2371K, 25% free 7396K/9828K, paused 3ms+6ms, total 20ms
02-12 10:05:36.950 W/BindingManager(11727): Cannot call determinedVisibility() - never saw a connection for the pid: 11727
02-12 10:05:37.580 W/BindingManager(11727): Cannot call determinedVisibility() - never saw a connection for the pid: 11727
02-12 10:05:38.240 W/BindingManager(11727): Cannot call determinedVisibility() - never saw a connection for the pid: 11727
02-12 10:05:38.840 W/BindingManager(11727): Cannot call determinedVisibility() - never saw a connection for the pid: 11727
02-12 10:05:39.480 W/BindingManager(11727): Cannot call determinedVisibility() - never saw a connection for the pid: 11727
02-12 10:05:40.110 W/BindingManager(11727): Cannot call determinedVisibility() - never saw a connection for the pid: 11727
02-12 10:05:40.740 W/BindingManager(11727): Cannot call determinedVisibility() - never saw a connection for the pid: 11727
02-12 10:05:40.920 D/wpa_supplicant(  651): wlan0: Starting AP scan for wildcard SSID
02-12 10:05:40.920 D/wpa_supplicant(  651): WPS: Building WPS IE for Probe Request
02-12 10:05:40.920 D/wpa_supplicant(  651): WPS:  * Version (hardcoded 0x10)
02-12 10:05:40.920 D/wpa_supplicant(  651): WPS:  * Request Type
02-12 10:05:40.920 D/wpa_supplicant(  651): WPS:  * Config Methods (4288)
02-12 10:05:40.920 D/wpa_supplicant(  651): WPS:  * UUID-E
02-12 10:05:40.920 D/wpa_supplicant(  651): WPS:  * Primary Device Type
02-12 10:05:40.920 D/wpa_supplicant(  651): WPS:  * RF Bands (1)
02-12 10:05:40.920 D/wpa_supplicant(  651): WPS:  * Association State
02-12 10:05:40.920 D/wpa_supplicant(  651): WPS:  * Configuration Error (0)
02-12 10:05:40.920 D/wpa_supplicant(  651): WPS:  * Device Password ID (0)
02-12 10:05:40.920 D/wpa_supplicant(  651): WPS:  * Manufacturer
02-12 10:05:40.920 D/wpa_supplicant(  651): WPS:  * Model Name
02-12 10:05:40.920 D/wpa_supplicant(  651): WPS:  * Model Number
02-12 10:05:40.920 D/wpa_supplicant(  651): WPS:  * Device Name
02-12 10:05:40.920 D/wpa_supplicant(  651): WPS:  * Version2 (0x20)
02-12 10:05:40.920 D/wpa_supplicant(  651): P2P: * P2P IE header
02-12 10:05:40.920 D/wpa_supplicant(  651): P2P: * Capability dev=25 group=00
02-12 10:05:40.920 D/wpa_supplicant(  651): P2P: * Listen Channel: Regulatory Class 81 Channel 11
02-12 10:05:40.920 D/wpa_supplicant(  651): wlan0: nl80211: scan request
02-12 10:05:40.990 D/wpa_supplicant(  651): Scan requested (ret=0) - scan timeout 30 seconds
02-12 10:05:40.990 D/wpa_supplicant(  651): nl80211: Drv Event 33 (NL80211_CMD_TRIGGER_SCAN) received for wlan0
02-12 10:05:40.990 D/wpa_supplicant(  651): wlan0: nl80211: Scan trigger
02-12 10:05:41.400 W/BindingManager(11727): Cannot call determinedVisibility() - never saw a connection for the pid: 11727
02-12 10:05:42.060 W/BindingManager(11727): Cannot call determinedVisibility() - never saw a connection for the pid: 11727
02-12 10:05:42.110 D/wpa_supplicant(  651): nl80211: Drv Event 34 (NL80211_CMD_NEW_SCAN_RESULTS) received for wlan0
02-12 10:05:42.110 D/wpa_supplicant(  651): wlan0: nl80211: New scan results available
02-12 10:05:42.110 D/wpa_supplicant(  651): wlan0: Event SCAN_RESULTS (3) received
02-12 10:05:42.110 D/wpa_supplicant(  651): nl80211: Received scan results (22 BSSes)
02-12 10:05:42.110 D/wpa_supplicant(  651): nl80211: Survey data missing
02-12 10:05:42.110 D/wpa_supplicant(  651): wlan0: BSS: Start scan result update 201
02-12 10:05:42.110 D/wpa_supplicant(  651): wlan0: BSS: Add new id 474 BSSID 6c:8b:2f:e8:38:24 SSID 'ZTE_AP_6703'
02-12 10:05:42.110 D/wpa_supplicant(  651): CTRL_IFACE monitor send - hexdump(len=39): 2f 64 61 74 61 2f 6d 69 73 63 2f 77 69 66 69 2f 73 6f 63 6b 65 74 73 2f 77 70 61 5f 63 74 72 6c ...
02-12 10:05:42.110 D/wpa_supplicant(  651): wlan0: BSS: Add new id 475 BSSID 22:48:9a:ac:31:7f SSID 'WiFi874'
02-12 10:05:42.110 D/wpa_supplicant(  651): CTRL_IFACE monitor send - hexdump(len=39): 2f 64 61 74 61 2f 6d 69 73 63 2f 77 69 66 69 2f 73 6f 63 6b 65 74 73 2f 77 70 61 5f 63 74 72 6c ...
02-12 10:05:42.110 D/wpa_supplicant(  651): wlan0: BSS: Add new id 476 BSSID 14:d6:4d:28:ef:c8 SSID 'dlink'
02-12 10:05:42.110 D/wpa_supplicant(  651): CTRL_IFACE monitor send - hexdump(len=39): 2f 64 61 74 61 2f 6d 69 73 63 2f 77 69 66 69 2f 73 6f 63 6b 65 74 73 2f 77 70 61 5f 63 74 72 6c ...
02-12 10:05:42.110 D/wpa_supplicant(  651): wlan0: BSS: Remove id 445 BSSID 02:1a:11:fa:9e:f1 SSID 'love U forever' due to no match in scan
02-12 10:05:42.110 D/wpa_supplicant(  651): CTRL_IFACE monitor send - hexdump(len=39): 2f 64 61 74 61 2f 6d 69 73 63 2f 77 69 66 69 2f 73 6f 63 6b 65 74 73 2f 77 70 61 5f 63 74 72 6c ...
02-12 10:05:42.110 D/wpa_supplicant(  651): BSS: last_scan_res_used=22/32 last_scan_full=0
02-12 10:05:42.110 D/wpa_supplicant(  651): wlan0: New scan results available
02-12 10:05:42.110 D/wpa_supplicant(  651): CTRL_IFACE monitor send - hexdump(len=39): 2f 64 61 74 61 2f 6d 69 73 63 2f 77 69 66 69 2f 73 6f 63 6b 65 74 73 2f 77 70 61 5f 63 74 72 6c ...
02-12 10:05:42.110 D/wpa_supplicant(  651): CTRL_IFACE monitor send - hexdump(len=39): 2f 64 61 74 61 2f 6d 69 73 63 2f 77 69 66 69 2f 73 6f 63 6b 65 74 73 2f 77 70 61 5f 63 74 72 6c ...
02-12 10:05:42.110 D/wpa_supplicant(  651): Authorize channel 1
02-12 10:05:42.110 D/wpa_supplicant(  651): Authorize channel 2
02-12 10:05:42.110 D/wpa_supplicant(  651): Authorize channel 3
02-12 10:05:42.110 D/wpa_supplicant(  651): Authorize channel 4
02-12 10:05:42.110 D/wpa_supplicant(  651): Authorize channel 5
02-12 10:05:42.110 D/wpa_supplicant(  651): Authorize channel 6
02-12 10:05:42.110 D/wpa_supplicant(  651): Authorize channel 7
02-12 10:05:42.110 D/wpa_supplicant(  651): Authorize channel 8
02-12 10:05:42.110 D/wpa_supplicant(  651): Authorize channel 9
02-12 10:05:42.110 D/wpa_supplicant(  651): Authorize channel 10
02-12 10:05:42.110 D/wpa_supplicant(  651): Authorize channel 11
02-12 10:05:42.110 D/wpa_supplicant(  651): Authorize channel 12
02-12 10:05:42.110 D/wpa_supplicant(  651): Authorize channel 13
02-12 10:05:42.110 D/wpa_supplicant(  651): Authorize channel 1
02-12 10:05:42.110 D/wpa_supplicant(  651): Authorize channel 2
02-12 10:05:42.110 D/wpa_supplicant(  651): Authorize channel 3
02-12 10:05:42.110 D/wpa_supplicant(  651): Authorize channel 4
02-12 10:05:42.110 D/wpa_supplicant(  651): Authorize channel 5
02-12 10:05:42.110 D/wpa_supplicant(  651): Authorize channel 6
02-12 10:05:42.110 D/wpa_supplicant(  651): Authorize channel 7
02-12 10:05:42.110 D/wpa_supplicant(  651): Authorize channel 8
02-12 10:05:42.110 D/wpa_supplicant(  651): Authorize channel 9
02-12 10:05:42.110 D/wpa_supplicant(  651): Authorize channel 10
02-12 10:05:42.110 D/wpa_supplicant(  651): Authorize channel 11
02-12 10:05:42.110 D/wpa_supplicant(  651): Authorize channel 12
02-12 10:05:42.110 D/wpa_supplicant(  651): Authorize channel 13
02-12 10:05:42.110 D/wpa_supplicant(  651): Add access point on channel 6
02-12 10:05:42.110 D/wpa_supplicant(  651): Add access point on channel 11
02-12 10:05:42.110 D/wpa_supplicant(  651): Add access point on channel 4
02-12 10:05:42.110 D/wpa_supplicant(  651): Add access point on channel 11
02-12 10:05:42.110 D/wpa_supplicant(  651): Add access point on channel 6
02-12 10:05:42.110 D/wpa_supplicant(  651): Add access point on channel 1
02-12 10:05:42.110 D/wpa_supplicant(  651): Add access point on channel 1
02-12 10:05:42.110 D/wpa_supplicant(  651): Add access point on channel 11
02-12 10:05:42.110 D/wpa_supplicant(  651): Add access point on channel 6
02-12 10:05:42.110 D/wpa_supplicant(  651): Add access point on channel 6
02-12 10:05:42.110 D/wpa_supplicant(  651): Add access point on channel 6
02-12 10:05:42.110 D/wpa_supplicant(  651): Add access point on channel 1
02-12 10:05:42.110 D/wpa_supplicant(  651): Add access point on channel 6
02-12 10:05:42.110 D/wpa_supplicant(  651): Add access point on channel 6
02-12 10:05:42.110 D/wpa_supplicant(  651): Add access point on channel 6
02-12 10:05:42.110 D/wpa_supplicant(  651): Add access point on channel 11
02-12 10:05:42.110 D/wpa_supplicant(  651): Add access point on channel 2
02-12 10:05:42.110 D/wpa_supplicant(  651): Add access point on channel 9
02-12 10:05:42.110 D/wpa_supplicant(  651): Add access point on channel 1
02-12 10:05:42.110 D/wpa_supplicant(  651): Add access point on channel 6
02-12 10:05:42.110 D/wpa_supplicant(  651): Add access point on channel 6
02-12 10:05:42.110 D/wpa_supplicant(  651): Add access point on channel 1
02-12 10:05:42.110 D/wpa_supplicant(  651): Add access point on channel 6
02-12 10:05:42.110 D/wpa_supplicant(  651): Add access point on channel 6
02-12 10:05:42.110 D/wpa_supplicant(  651): Add access point on channel 6
02-12 10:05:42.110 D/wpa_supplicant(  651): Add access point on channel 6
02-12 10:05:42.110 D/wpa_supplicant(  651): Best Operating channel is = 11
02-12 10:05:42.110 D/wpa_supplicant(  651): WPS: AP[0] f8:d1:11:e7:99:e8 type=0 tries=0 last_attempt=-1 sec ago blacklist=0
02-12 10:05:42.110 D/wpa_supplicant(  651): WPS: AP[1] 10:c3:7b:d2:e5:e0 type=0 tries=0 last_attempt=-1 sec ago blacklist=0
02-12 10:05:42.110 D/wpa_supplicant(  651): WPS: AP[2] b0:48:7a:20:66:6a type=0 tries=0 last_attempt=-1 sec ago blacklist=0
02-12 10:05:42.110 D/wpa_supplicant(  651): WPS: AP[3] cc:34:29:2b:26:4c type=0 tries=0 last_attempt=-1 sec ago blacklist=0
02-12 10:05:42.110 D/wpa_supplicant(  651): WPS: AP[4] cc:34:29:2c:fb:ec type=0 tries=0 last_attempt=-1 sec ago blacklist=0
02-12 10:05:42.110 D/wpa_supplicant(  651): WPS: AP[5] 44:94:fc:3d:da:38 type=0 tries=0 last_attempt=-1 sec ago blacklist=0
02-12 10:05:42.110 D/wpa_supplicant(  651): WPS: AP[6] c0:c1:c0:76:81:3c type=0 tries=0 last_attempt=-1 sec ago blacklist=0
02-12 10:05:42.110 D/wpa_supplicant(  651): WPS: AP[7] 98:fc:11:81:35:fb type=0 tries=0 last_attempt=-1 sec ago blacklist=0
02-12 10:05:42.110 D/wpa_supplicant(  651): WPS: AP[8] b0:48:7a:51:ff:cc type=0 tries=0 last_attempt=-1 sec ago blacklist=0
02-12 10:05:42.110 D/wpa_supplicant(  651): WPS: AP[9] 14:d6:4d:28:ef:c8 type=0 tries=0 last_attempt=-1 sec ago blacklist=0
02-12 10:05:42.110 D/wpa_supplicant(  651): WPS: AP[10] 7a:ff:57:00:13:56 type=0 tries=0 last_attempt=-1 sec ago blacklist=0
02-12 10:05:42.110 D/wpa_supplicant(  651): WPS: AP[11] c8:d7:19:60:62:f2 type=0 tries=0 last_attempt=-1 sec ago blacklist=0
02-12 10:05:42.110 D/wpa_supplicant(  651): WPS: AP[12] c0:a0:bb:20:3b:84 type=0 tries=0 last_attempt=-1 sec ago blacklist=0
02-12 10:05:42.110 D/wpa_supplicant(  651): WPS: AP[13] 5e:f3:70:0c:91:9a type=0 tries=0 last_attempt=-1 sec ago blacklist=0
02-12 10:05:42.110 D/wpa_supplicant(  651): WPS: AP[14] 02:09:4c:42:36:90 type=0 tries=0 last_attempt=-1 sec ago blacklist=0
02-12 10:05:42.110 D/wpa_supplicant(  651): wlan0: Selecting BSS from priority group 17
02-12 10:05:42.110 D/wpa_supplicant(  651): wlan0: 0: 6c:8b:2f:e9:d1:da ssid='ZTE_AP_1640' wpa_ie_len=0 rsn_ie_len=20 caps=0x511 level=-44
02-12 10:05:42.110 D/wpa_supplicant(  651): wlan0:    skip - SSID mismatch
02-12 10:05:42.110 D/wpa_supplicant(  651): wlan0: 1: f8:d1:11:e7:99:e8 ssid='videotest' wpa_ie_len=22 rsn_ie_len=20 caps=0x531 level=-47 wps
02-12 10:05:42.110 D/wpa_supplicant(  651): wlan0:    skip - SSID mismatch
02-12 10:05:42.110 D/wpa_supplicant(  651): wlan0: 2: 6c:8b:2f:e8:38:24 ssid='ZTE_AP_6703' wpa_ie_len=0 rsn_ie_len=20 caps=0x511 level=-52
02-12 10:05:42.110 D/wpa_supplicant(  651): wlan0:    skip - SSID mismatch
02-12 10:05:42.110 D/wpa_supplicant(  651): wlan0: 3: 10:c3:7b:d2:e5:e0 ssid='ASUS_RT-AC66U-2.4G' wpa_ie_len=0 rsn_ie_len=20 caps=0x411 level=-52 wps
02-12 10:05:42.110 D/wpa_supplicant(  651): wlan0:    skip - SSID mismatch
02-12 10:05:42.110 D/wpa_supplicant(  651): wlan0: 4: c8:d7:19:60:62:f2 ssid='E3000-2.4G' wpa_ie_len=0 rsn_ie_len=20 caps=0x411 level=-53
02-12 10:05:42.110 D/wpa_supplicant(  651): wlan0:    skip - SSID mismatch
02-12 10:05:42.110 D/wpa_supplicant(  651): wlan0: 5: 44:94:fc:3d:da:38 ssid='6300' wpa_ie_len=0 rsn_ie_len=20 caps=0x411 level=-55 wps
02-12 10:05:42.110 D/wpa_supplicant(  651): wlan0:    skip - SSID mismatch
02-12 10:05:42.110 D/wpa_supplicant(  651): wlan0: 6: b0:48:7a:20:66:6a ssid='TP-LINK_20666A' wpa_ie_len=22 rsn_ie_len=20 caps=0x431 level=-56 wps
02-12 10:05:42.110 D/wpa_supplicant(  651): wlan0:    skip - SSID mismatch
