02-12 10:57:59.480 V/ActivityManager(  504): Remove bg service from mStartingBackground ,r=ServiceRecord{22224e48 u0 com.android.providers.calendar/.ContactsEventUpdateIntentService},r used time=45,left r count=1
02-12 10:57:59.990 D/Clock   (  566): ACTION_TIME_TICK
02-12 10:57:59.990 D/Clock   (  566): update clock:10:58
02-12 10:58:00.020 D/BatteryStatsImpl(  504): noteStopWakeLocked system isFromForeground = false
02-12 10:58:00.030 W/BindingManager(25058): Cannot call determinedVisibility() - never saw a connection for the pid: 25058
02-12 10:58:00.080 D/AlarmManager(  504): Triggered Alarm 220738c0 ELAPSED_REALTIME_WAKEUP IntentSender{223082d0: PendingIntentRecord{2242a220 com.android.providers.calendar broadcastIntent}}
02-12 10:58:00.100 D/BatteryStatsImpl(  504): noteStopWakeLocked system isFromForeground = false
02-12 10:58:00.100 D/AlarmManager(  504): Removed alarm Alarm{22058340 type 0 com.android.providers.calendar} type:RTC_WAKEUP
02-12 10:58:00.110 D/AlarmManager(  504): Added alarm Alarm{2206e740 type 0 android} type:RTC_WAKEUP when: At 15-2-12 11:00 repeatInterval: 0h:30m:0.0s
02-12 10:58:00.110 D/AlarmManager(  504): Added alarm Alarm{21fd7fd0 type 0 com.wandoujia.phoenix2} type:RTC_WAKEUP when: At 15-2-13 3:56
02-12 10:58:00.120 D/BatteryStatsImpl(  504): noteStopWakeLocked com.android.providers.calendar isFromForeground = false
02-12 10:58:00.120 D/AlarmManager(  504): Added alarm Alarm{21f90c68 type 0 com.android.providers.calendar} type:RTC_WAKEUP when: At 15-2-13 8:59
02-12 10:58:00.120 V/ActivityManager(  504): Remove bg service from mStartingBackground ,r=ServiceRecord{22214280 u0 com.android.providers.calendar/.CalendarProviderIntentService},r used time=25,left r count=1
02-12 10:58:00.170 I/chromium(25058): [INFO:CONSOLE(70)] "WARNING: Message from backend doesn't have data.", source:  (70)
02-12 10:58:00.450 D/SendBroadcastHandler(25278): mTimerTask sendMessage CONTACTS_DELETE 
02-12 10:58:00.450 D/AsusContactWigdetSync( 1000): ready to sync contact id = 5
02-12 10:58:00.450 D/AsusContactWigdetSync( 1000): ready to sync widget
02-12 10:58:00.450 D/AsusContactWigdetSync( 1000): delete contact_id = 203
02-12 10:58:00.450 D/SendBroadcastHandler(25278): sendBroadcast delete to voice agent
02-12 10:58:00.450 D/SendBroadcastHandler(25278): (Delete) sendBroadcast mDeleteContacts:5
02-12 10:58:00.450 D/SendBroadcastHandler(25278): (Delete) sendBroadcast mDeleteRawContactsVoice:5
02-12 10:58:00.450 D/SendBroadcastHandler(25278): sendBroadcast CONTACTS_DELETE
02-12 10:58:00.450 D/AsusContactWigdetSync( 1000): delete contact_id = 204
02-12 10:58:00.450 D/AsusContactWigdetSync( 1000): delete contact_id = 205
02-12 10:58:00.450 D/AsusContactWigdetSync( 1000): delete contact_id = 206
02-12 10:58:00.450 D/AsusContactWigdetSync( 1000): delete contact_id = 207
02-12 10:58:00.450 D/AsusContactWigdetSync( 1000): sync isdelete = true
02-12 10:58:00.450 D/AsusContactWigdetSync(25334): ready to sync contact id = 5
02-12 10:58:00.450 D/AsusContactWigdetSync(25334): ready to sync widget
02-12 10:58:00.450 D/AsusContactWigdetSync(25334): delete contact_id = 203
02-12 10:58:00.450 D/AsusContactWigdetSync(25334): delete contact_id = 204
02-12 10:58:00.450 D/AsusContactWigdetSync(25334): delete contact_id = 205
02-12 10:58:00.450 D/AsusContactWigdetSync(25334): delete contact_id = 206
02-12 10:58:00.450 D/AsusContactWigdetSync(25334): delete contact_id = 207
02-12 10:58:00.450 D/AsusContactWigdetSync(25334): sync isdelete = true
02-12 10:58:00.490 I/CalendarProvider2(25310): Sending notification intent: Intent { act=android.intent.action.PROVIDER_CHANGED dat=content://com.android.calendar }
02-12 10:58:00.490 W/ContentResolver(25310): Failed to get type for: content://com.android.calendar (Unknown URL content://com.android.calendar)
02-12 10:58:00.500 D/AlertReceiver(25347): onReceive: a=android.intent.action.PROVIDER_CHANGED Intent { act=android.intent.action.PROVIDER_CHANGED dat=content://com.android.calendar flg=0x10 cmp=com.asus.calendar/com.android.calendar.alerts.AlertReceiver }
02-12 10:58:00.500 V/ActivityManager(  504): Remove bg service from mStartingBackground ,r=ServiceRecord{220615e0 u0 com.android.providers.calendar/.EmptyService},r used time=1005,left r count=2
02-12 10:58:00.510 D/AlertService(25347): 0 Action = android.intent.action.PROVIDER_CHANGED
02-12 10:58:00.510 D/AlertService(25347): Beginning updateAlertNotification
02-12 10:58:00.510 D/AlertService(25347): No fired or scheduled alerts
02-12 10:58:00.520 D/BatteryStatsImpl(  504): noteStopWakeLocked com.asus.calendar isFromForeground = false
02-12 10:58:00.520 V/ActivityManager(  504): Remove bg service from mStartingBackground ,r=ServiceRecord{221e16c8 u0 com.asus.calendar/com.android.calendar.alerts.AlertService},r used time=30,left r count=2
02-12 10:58:00.550 D/SendBroadcastHandler(25278): mTimerTask sendMessage CONTACTS_INSERT 
02-12 10:58:00.550 D/SendBroadcastHandler(25278): (insert) sendBroadcast mInsertRawContacts:5
02-12 10:58:00.550 D/SendBroadcastHandler(25278): (insert) sendBroadcast mInsertName:5
02-12 10:58:00.550 D/SendBroadcastHandler(25278): (insert) sendBroadcast mInsertNameDetail:5
02-12 10:58:00.550 D/SendBroadcastHandler(25278): sendBroadcast insert to voice agent
02-12 10:58:00.650 W/BindingManager(25058): Cannot call determinedVisibility() - never saw a connection for the pid: 25058
02-12 10:58:00.700 D/SendBroadcastHandler(25278): startTimer() SEND_TO_CONTACTS_WIDGET_DELETE 
02-12 10:58:00.770 I/chromium(25058): [INFO:CONSOLE(70)] "WARNING: Message from backend doesn't have data.", source:  (70)
02-12 10:58:00.800 D/SendBroadcastHandler(25278): startTimer() SEND_TO_CONTACTS_INSERT 
02-12 10:58:01.260 W/BindingManager(25058): Cannot call determinedVisibility() - never saw a connection for the pid: 25058
02-12 10:58:01.360 I/chromium(25058): [INFO:CONSOLE(70)] "WARNING: Message from backend doesn't have data.", source:  (70)
02-12 10:58:01.450 D/AsusContactWigdetSync( 1000): sync start
02-12 10:58:01.450 D/AsusContactWigdetSync( 1000): sync selection = null
02-12 10:58:01.450 D/AsusContactWigdetSync( 1000): sync delete selection = contact_id IN ( 205, 204, 207, 206, 203)
02-12 10:58:01.450 D/AsusContactWigdetSync( 1000): sync stop
02-12 10:58:01.450 D/AsusContactWigdetSync(25334): sync start
02-12 10:58:01.450 D/AsusContactWigdetSync(25334): sync selection = null
02-12 10:58:01.450 D/AsusContactWigdetSync(25334): sync delete selection = contact_id IN ( 205, 204, 207, 206, 203)
02-12 10:58:01.450 D/AsusContactWigdetSync(25334): sync stop
02-12 10:58:01.450 V/ActivityManager(  504): Remove bg service from mStartingBackground ,r=ServiceRecord{22209288 u0 com.asus.contacts/com.android.contacts.miniwidget.SyncService},r used time=1005,left r count=1
02-12 10:58:01.450 V/ActivityManager(  504): Remove bg service from mStartingBackground ,r=ServiceRecord{221f9658 u0 com.asus.contactswidget/.SyncService},r used time=1004,left r count=0
02-12 10:58:01.920 W/BindingManager(25058): Cannot call determinedVisibility() - never saw a connection for the pid: 25058
02-12 10:58:02.030 I/chromium(25058): [INFO:CONSOLE(70)] "WARNING: Message from backend doesn't have data.", source:  (70)
02-12 10:58:02.190 V/ActivityManager(  504): Remove bg service from mStartingBackground ,r=ServiceRecord{221c7d38 u0 com.android.providers.calendar/.ContactsEventUpdateIntentService},r used time=100,left r count=1
02-12 10:58:02.600 W/BindingManager(25058): Cannot call determinedVisibility() - never saw a connection for the pid: 25058
02-12 10:58:02.720 I/chromium(25058): [INFO:CONSOLE(70)] "WARNING: Message from backend doesn't have data.", source:  (70)
02-12 10:58:02.960 D/dalvikvm(25278): GC_EXPLICIT freed 829K, 12% free 7894K/8928K, paused 0ms+3ms, total 18ms
02-12 10:58:02.980 E/Contacts(25058): org.json.JSONException: No value for contactId
02-12 10:58:03.190 I/CalendarProvider2(25310): Sending notification intent: Intent { act=android.intent.action.PROVIDER_CHANGED dat=content://com.android.calendar }
02-12 10:58:03.190 W/ContentResolver(25310): Failed to get type for: content://com.android.calendar (Unknown URL content://com.android.calendar)
02-12 10:58:03.190 D/AlertReceiver(25347): onReceive: a=android.intent.action.PROVIDER_CHANGED Intent { act=android.intent.action.PROVIDER_CHANGED dat=content://com.android.calendar flg=0x10 cmp=com.asus.calendar/com.android.calendar.alerts.AlertReceiver }
02-12 10:58:03.190 V/ActivityManager(  504): Remove bg service from mStartingBackground ,r=ServiceRecord{221c72a0 u0 com.android.providers.calendar/.EmptyService},r used time=1007,left r count=0
02-12 10:58:03.200 D/AlertService(25347): 0 Action = android.intent.action.PROVIDER_CHANGED
02-12 10:58:03.200 D/AlertService(25347): Beginning updateAlertNotification
02-12 10:58:03.240 D/AlertService(25347): No fired or scheduled alerts
02-12 10:58:03.240 D/BatteryStatsImpl(  504): noteStopWakeLocked com.asus.calendar isFromForeground = false
02-12 10:58:03.240 V/ActivityManager(  504): Remove bg service from mStartingBackground ,r=ServiceRecord{221c5bf8 u0 com.asus.calendar/com.android.calendar.alerts.AlertService},r used time=43,left r count=0
02-12 10:58:03.710 D/SendBroadcastHandler(25278): mTimerTask sendMessage CONTACTS_DELETE 
02-12 10:58:03.710 D/AsusContactWigdetSync( 1000): ready to sync contact id = 4
02-12 10:58:03.710 D/AsusContactWigdetSync( 1000): ready to sync widget
02-12 10:58:03.710 D/AsusContactWigdetSync( 1000): delete contact_id = 208
02-12 10:58:03.710 D/AsusContactWigdetSync( 1000): delete contact_id = 209
02-12 10:58:03.710 D/AsusContactWigdetSync( 1000): delete contact_id = 210
02-12 10:58:03.710 D/AsusContactWigdetSync( 1000): delete contact_id = 211
02-12 10:58:03.710 D/AsusContactWigdetSync( 1000): sync isdelete = true
02-12 10:58:03.710 D/AsusContactWigdetSync(25334): ready to sync contact id = 4
02-12 10:58:03.710 D/AsusContactWigdetSync(25334): ready to sync widget
02-12 10:58:03.720 D/AsusContactWigdetSync(25334): delete contact_id = 208
02-12 10:58:03.720 D/AsusContactWigdetSync(25334): delete contact_id = 209
02-12 10:58:03.720 D/AsusContactWigdetSync(25334): delete contact_id = 210
02-12 10:58:03.720 D/AsusContactWigdetSync(25334): delete contact_id = 211
02-12 10:58:03.720 D/AsusContactWigdetSync(25334): sync isdelete = true
02-12 10:58:03.720 D/SendBroadcastHandler(25278): sendBroadcast delete to voice agent
02-12 10:58:03.720 D/SendBroadcastHandler(25278): (Delete) sendBroadcast mDeleteContacts:4
02-12 10:58:03.720 D/SendBroadcastHandler(25278): (Delete) sendBroadcast mDeleteRawContactsVoice:4
02-12 10:58:03.730 D/SendBroadcastHandler(25278): sendBroadcast CONTACTS_DELETE
02-12 10:58:03.810 D/SendBroadcastHandler(25278): mTimerTask sendMessage CONTACTS_INSERT 
02-12 10:58:03.810 D/SendBroadcastHandler(25278): (insert) sendBroadcast mInsertRawContacts:4
02-12 10:58:03.810 D/SendBroadcastHandler(25278): (insert) sendBroadcast mInsertName:4
02-12 10:58:03.810 D/SendBroadcastHandler(25278): (insert) sendBroadcast mInsertNameDetail:4
02-12 10:58:03.810 D/SendBroadcastHandler(25278): sendBroadcast insert to voice agent
02-12 10:58:04.720 D/dalvikvm(  504): GC_EXPLICIT freed 90K, 49% free 16855K/32464K, paused 2ms+4ms, total 49ms
02-12 10:58:04.730 D/AsusContactWigdetSync(25334): sync start
02-12 10:58:04.730 D/AsusContactWigdetSync(25334): sync selection = null
02-12 10:58:04.730 D/AsusContactWigdetSync(25334): sync delete selection = contact_id IN ( 208, 209, 210, 211)
02-12 10:58:04.730 D/AsusContactWigdetSync( 1000): sync start
02-12 10:58:04.730 D/AsusContactWigdetSync( 1000): sync selection = null
02-12 10:58:04.730 D/AsusContactWigdetSync( 1000): sync delete selection = contact_id IN ( 208, 209, 210, 211)
02-12 10:58:04.730 D/AsusContactWigdetSync(25334): sync stop
02-12 10:58:04.730 D/AsusContactWigdetSync( 1000): sync stop
02-12 10:58:04.730 V/ActivityManager(  504): Remove bg service from mStartingBackground ,r=ServiceRecord{22163628 u0 com.asus.contactswidget/.SyncService},r used time=1018,left r count=2
02-12 10:58:04.730 V/ActivityManager(  504): Remove bg service from mStartingBackground ,r=ServiceRecord{2216a7a0 u0 com.asus.contacts/com.android.contacts.miniwidget.SyncService},r used time=1027,left r count=1
02-12 10:58:04.750 V/ActivityManager(  504): Remove bg service from mStartingBackground ,r=ServiceRecord{22159050 u0 com.android.providers.calendar/.ContactsEventUpdateIntentService},r used time=90,left r count=1
02-12 10:58:05.750 I/CalendarProvider2(25310): Sending notification intent: Intent { act=android.intent.action.PROVIDER_CHANGED dat=content://com.android.calendar }
02-12 10:58:05.750 W/ContentResolver(25310): Failed to get type for: content://com.android.calendar (Unknown URL content://com.android.calendar)
02-12 10:58:05.760 D/AlertReceiver(25347): onReceive: a=android.intent.action.PROVIDER_CHANGED Intent { act=android.intent.action.PROVIDER_CHANGED dat=content://com.android.calendar flg=0x10 cmp=com.asus.calendar/com.android.calendar.alerts.AlertReceiver }
02-12 10:58:05.760 V/ActivityManager(  504): Remove bg service from mStartingBackground ,r=ServiceRecord{22156528 u0 com.android.providers.calendar/.EmptyService},r used time=1012,left r count=0
02-12 10:58:05.760 D/AlertService(25347): 0 Action = android.intent.action.PROVIDER_CHANGED
02-12 10:58:05.760 D/AlertService(25347): Beginning updateAlertNotification
02-12 10:58:05.770 D/AlertService(25347): No fired or scheduled alerts
02-12 10:58:05.780 D/BatteryStatsImpl(  504): noteStopWakeLocked com.asus.calendar isFromForeground = false
02-12 10:58:05.780 V/ActivityManager(  504): Remove bg service from mStartingBackground ,r=ServiceRecord{2212a8a8 u0 com.asus.calendar/com.android.calendar.alerts.AlertService},r used time=17,left r count=0
02-12 10:58:05.790 W/BindingManager(25058): Cannot call determinedVisibility() - never saw a connection for the pid: 25058
02-12 10:58:05.830 D/SendBroadcastHandler(25278): startTimer() SEND_TO_CONTACTS_WIDGET_DELETE 
02-12 10:58:05.900 I/chromium(25058): [INFO:CONSOLE(70)] "WARNING: Message from backend doesn't have data.", source:  (70)
02-12 10:58:05.930 D/SendBroadcastHandler(25278): startTimer() SEND_TO_CONTACTS_INSERT 
02-12 10:58:06.410 W/BindingManager(25058): Cannot call determinedVisibility() - never saw a connection for the pid: 25058
02-12 10:58:06.520 I/chromium(25058): [INFO:CONSOLE(70)] "WARNING: Message from backend doesn't have data.", source:  (70)
02-12 10:58:07.070 W/BindingManager(25058): Cannot call determinedVisibility() - never saw a connection for the pid: 25058
02-12 10:58:07.180 I/chromium(25058): [INFO:CONSOLE(70)] "WARNING: Message from backend doesn't have data.", source:  (70)
02-12 10:58:07.180 D/AlarmManager(  504): Triggered Alarm 21fe0db8 ELAPSED_REALTIME_WAKEUP IntentSender{22308390: PendingIntentRecord{21ebfbc0 com.android.providers.calendar broadcastIntent}}
02-12 10:58:07.190 D/BatteryStatsImpl(  504): noteStopWakeLocked system isFromForeground = false
02-12 10:58:07.190 D/AlarmManager(  504): Removed alarm Alarm{21f90c68 type 0 com.android.providers.calendar} type:RTC_WAKEUP
02-12 10:58:07.200 D/AlarmManager(  504): Added alarm Alarm{2209ab00 type 0 android} type:RTC_WAKEUP when: At 15-2-12 11:00 repeatInterval: 0h:30m:0.0s
02-12 10:58:07.210 D/AlarmManager(  504): Added alarm Alarm{22073ed0 type 0 com.wandoujia.phoenix2} type:RTC_WAKEUP when: At 15-2-13 3:56
02-12 10:58:07.220 D/AlarmManager(  504): Added alarm Alarm{22024d28 type 0 com.android.providers.calendar} type:RTC_WAKEUP when: At 15-2-13 8:59
02-12 10:58:07.220 D/BatteryStatsImpl(  504): noteStopWakeLocked com.android.providers.calendar isFromForeground = false
02-12 10:58:07.220 V/ActivityManager(  504): Remove bg service from mStartingBackground ,r=ServiceRecord{220fe6f8 u0 com.android.providers.calendar/.CalendarProviderIntentService},r used time=36,left r count=0
02-12 10:58:07.740 W/BindingManager(25058): Cannot call determinedVisibility() - never saw a connection for the pid: 25058
02-12 10:58:07.850 I/chromium(25058): [INFO:CONSOLE(70)] "WARNING: Message from backend doesn't have data.", source:  (70)
02-12 10:58:07.870 V/ActivityManager(  504): Remove bg service from mStartingBackground ,r=ServiceRecord{220cae78 u0 com.android.providers.calendar/.ContactsEventUpdateIntentService},r used time=34,left r count=1
02-12 10:58:07.900 I/        (25278): len(name) > MAX_NAME_SIZE, shorten it
02-12 10:58:08.390 W/BindingManager(25058): Cannot call determinedVisibility() - never saw a connection for the pid: 25058
02-12 10:58:08.500 I/chromium(25058): [INFO:CONSOLE(70)] "WARNING: Message from backend doesn't have data.", source:  (70)
02-12 10:58:08.690 D/dalvikvm(25058): GC_EXPLICIT freed 1006K, 21% free 7276K/9148K, paused 0ms+2ms, total 16ms
02-12 10:58:08.840 D/SendBroadcastHandler(25278): mTimerTask sendMessage CONTACTS_DELETE 
02-12 10:58:08.840 D/AsusContactWigdetSync( 1000): ready to sync contact id = 5
02-12 10:58:08.840 D/AsusContactWigdetSync( 1000): ready to sync widget
02-12 10:58:08.840 D/SendBroadcastHandler(25278): sendBroadcast delete to voice agent
02-12 10:58:08.840 D/SendBroadcastHandler(25278): (Delete) sendBroadcast mDeleteContacts:5
02-12 10:58:08.840 D/SendBroadcastHandler(25278): (Delete) sendBroadcast mDeleteRawContactsVoice:5
02-12 10:58:08.840 D/SendBroadcastHandler(25278): sendBroadcast CONTACTS_DELETE
02-12 10:58:08.840 D/AsusContactWigdetSync( 1000): delete contact_id = 212
02-12 10:58:08.840 D/AsusContactWigdetSync( 1000): delete contact_id = 213
02-12 10:58:08.840 D/AsusContactWigdetSync( 1000): delete contact_id = 214
02-12 10:58:08.840 D/AsusContactWigdetSync( 1000): delete contact_id = 215
02-12 10:58:08.840 D/AsusContactWigdetSync( 1000): delete contact_id = 216
02-12 10:58:08.840 D/AsusContactWigdetSync( 1000): sync isdelete = true
02-12 10:58:08.840 D/AsusContactWigdetSync(25334): ready to sync contact id = 5
02-12 10:58:08.840 D/AsusContactWigdetSync(25334): ready to sync widget
02-12 10:58:08.850 D/AsusContactWigdetSync(25334): delete contact_id = 212
02-12 10:58:08.850 D/AsusContactWigdetSync(25334): delete contact_id = 213
02-12 10:58:08.850 D/AsusContactWigdetSync(25334): delete contact_id = 214
02-12 10:58:08.850 D/AsusContactWigdetSync(25334): delete contact_id = 215
02-12 10:58:08.850 D/AsusContactWigdetSync(25334): delete contact_id = 216
02-12 10:58:08.850 D/AsusContactWigdetSync(25334): sync isdelete = true
02-12 10:58:08.870 I/CalendarProvider2(25310): Sending notification intent: Intent { act=android.intent.action.PROVIDER_CHANGED dat=content://com.android.calendar }
02-12 10:58:08.870 W/ContentResolver(25310): Failed to get type for: content://com.android.calendar (Unknown URL content://com.android.calendar)
02-12 10:58:08.870 D/AlertReceiver(25347): onReceive: a=android.intent.action.PROVIDER_CHANGED Intent { act=android.intent.action.PROVIDER_CHANGED dat=content://com.android.calendar flg=0x10 cmp=com.asus.calendar/com.android.calendar.alerts.AlertReceiver }
02-12 10:58:08.870 V/ActivityManager(  504): Remove bg service from mStartingBackground ,r=ServiceRecord{220a2928 u0 com.android.providers.calendar/.EmptyService},r used time=1006,left r count=2
02-12 10:58:08.880 D/AlertService(25347): 0 Action = android.intent.action.PROVIDER_CHANGED
02-12 10:58:08.880 D/AlertService(25347): Beginning updateAlertNotification
02-12 10:58:08.890 D/AlertService(25347): No fired or scheduled alerts
02-12 10:58:08.900 D/BatteryStatsImpl(  504): noteStopWakeLocked com.asus.calendar isFromForeground = false
02-12 10:58:08.900 V/ActivityManager(  504): Remove bg service from mStartingBackground ,r=ServiceRecord{22091bb0 u0 com.asus.calendar/com.android.calendar.alerts.AlertService},r used time=25,left r count=2
02-12 10:58:08.940 D/SendBroadcastHandler(25278): mTimerTask sendMessage CONTACTS_INSERT 
02-12 10:58:08.940 D/SendBroadcastHandler(25278): (insert) sendBroadcast mInsertRawContacts:5
02-12 10:58:08.940 D/SendBroadcastHandler(25278): (insert) sendBroadcast mInsertName:5
02-12 10:58:08.940 D/SendBroadcastHandler(25278): (insert) sendBroadcast mInsertNameDetail:5
02-12 10:58:08.940 D/SendBroadcastHandler(25278): sendBroadcast insert to voice agent
02-12 10:58:09.010 W/BindingManager(25058): Cannot call determinedVisibility() - never saw a connection for the pid: 25058
02-12 10:58:09.050 D/SendBroadcastHandler(25278): startTimer() SEND_TO_CONTACTS_WIDGET_DELETE 
02-12 10:58:09.120 I/chromium(25058): [INFO:CONSOLE(70)] "WARNING: Message from backend doesn't have data.", source:  (70)
02-12 10:58:09.150 D/SendBroadcastHandler(25278): startTimer() SEND_TO_CONTACTS_INSERT 
02-12 10:58:09.670 W/BindingManager(25058): Cannot call determinedVisibility() - never saw a connection for the pid: 25058
02-12 10:58:09.780 I/chromium(25058): [INFO:CONSOLE(70)] "WARNING: Message from backend doesn't have data.", source:  (70)
02-12 10:58:09.850 D/AsusContactWigdetSync( 1000): sync start
02-12 10:58:09.850 D/AsusContactWigdetSync( 1000): sync selection = null
02-12 10:58:09.850 D/AsusContactWigdetSync( 1000): sync delete selection = contact_id IN ( 212, 213, 214, 215, 216)
02-12 10:58:09.850 D/AsusContactWigdetSync( 1000): sync stop
02-12 10:58:09.850 D/AsusContactWigdetSync(25334): sync start
02-12 10:58:09.850 D/AsusContactWigdetSync(25334): sync selection = null
02-12 10:58:09.850 D/AsusContactWigdetSync(25334): sync delete selection = contact_id IN ( 212, 213, 214, 215, 216)
02-12 10:58:09.850 V/ActivityManager(  504): Remove bg service from mStartingBackground ,r=ServiceRecord{220a1580 u0 com.asus.contacts/com.android.contacts.miniwidget.SyncService},r used time=1013,left r count=1
02-12 10:58:09.860 D/AsusContactWigdetSync(25334): sync stop
02-12 10:58:09.860 V/ActivityManager(  504): Remove bg service from mStartingBackground ,r=ServiceRecord{2209fe68 u0 com.asus.contactswidget/.SyncService},r used time=1008,left r count=0
02-12 10:58:10.040 D/EVENT_THREAD(  183): void CEventThread::run() POLLIN event on Fd (1)
02-12 10:58:10.040 D/EVENT_THREAD(  183): void CEventThread::run() Do poll with timeout: -1
02-12 10:58:10.310 W/BindingManager(25058): Cannot call determinedVisibility() - never saw a connection for the pid: 25058
02-12 10:58:10.430 I/chromium(25058): [INFO:CONSOLE(70)] "WARNING: Message from backend doesn't have data.", source:  (70)
02-12 10:58:10.460 D/dalvikvm(25278): GC_EXPLICIT freed 832K, 12% free 7870K/8928K, paused 1ms+3ms, total 19ms
02-12 10:58:10.480 V/ActivityManager(  504): Remove bg service from mStartingBackground ,r=ServiceRecord{22091228 u0 com.android.providers.calendar/.ContactsEventUpdateIntentService},r used time=40,left r count=1
02-12 10:58:10.920 W/BindingManager(25058): Cannot call determinedVisibility() - never saw a connection for the pid: 25058
02-12 10:58:11.040 I/chromium(25058): [INFO:CONSOLE(70)] "WARNING: Message from backend doesn't have data.", source:  (70)
02-12 10:58:11.480 I/CalendarProvider2(25310): Sending notification intent: Intent { act=android.intent.action.PROVIDER_CHANGED dat=content://com.android.calendar }
02-12 10:58:11.480 W/ContentResolver(25310): Failed to get type for: content://com.android.calendar (Unknown URL content://com.android.calendar)
02-12 10:58:11.480 D/AlertReceiver(25347): onReceive: a=android.intent.action.PROVIDER_CHANGED Intent { act=android.intent.action.PROVIDER_CHANGED dat=content://com.android.calendar flg=0x10 cmp=com.asus.calendar/com.android.calendar.alerts.AlertReceiver }
02-12 10:58:11.480 V/ActivityManager(  504): Remove bg service from mStartingBackground ,r=ServiceRecord{22090df0 u0 com.android.providers.calendar/.EmptyService},r used time=1007,left r count=0
02-12 10:58:11.490 D/AlertService(25347): 0 Action = android.intent.action.PROVIDER_CHANGED
02-12 10:58:11.490 D/AlertService(25347): Beginning updateAlertNotification
02-12 10:58:11.510 D/AlertService(25347): No fired or scheduled alerts
02-12 10:58:11.530 D/BatteryStatsImpl(  504): noteStopWakeLocked com.asus.calendar isFromForeground = false
02-12 10:58:11.530 V/ActivityManager(  504): Remove bg service from mStartingBackground ,r=ServiceRecord{220905d8 u0 com.asus.calendar/com.android.calendar.alerts.AlertService},r used time=40,left r count=0
02-12 10:58:11.550 W/BindingManager(25058): Cannot call determinedVisibility() - never saw a connection for the pid: 25058
02-12 10:58:11.660 I/chromium(25058): [INFO:CONSOLE(70)] "WARNING: Message from backend doesn't have data.", source:  (70)
02-12 10:58:11.700 D/dalvikvm(  504): GC_EXPLICIT freed 90K, 49% free 16860K/32464K, paused 2ms+4ms, total 42ms
02-12 10:58:12.060 D/SendBroadcastHandler(25278): mTimerTask sendMessage CONTACTS_DELETE 
02-12 10:58:12.060 D/SendBroadcastHandler(25278): sendBroadcast delete to voice agent
02-12 10:58:12.060 D/SendBroadcastHandler(25278): (Delete) sendBroadcast mDeleteContacts:5
02-12 10:58:12.060 D/SendBroadcastHandler(25278): (Delete) sendBroadcast mDeleteRawContactsVoice:5
02-12 10:58:12.060 D/SendBroadcastHandler(25278): sendBroadcast CONTACTS_DELETE
02-12 10:58:12.060 D/AsusContactWigdetSync( 1000): ready to sync contact id = 5
02-12 10:58:12.060 D/AsusContactWigdetSync( 1000): ready to sync widget
02-12 10:58:12.060 D/AsusContactWigdetSync( 1000): delete contact_id = 217
02-12 10:58:12.060 D/AsusContactWigdetSync( 1000): delete contact_id = 218
02-12 10:58:12.060 D/AsusContactWigdetSync( 1000): delete contact_id = 219
02-12 10:58:12.060 D/AsusContactWigdetSync( 1000): delete contact_id = 220
02-12 10:58:12.060 D/AsusContactWigdetSync( 1000): delete contact_id = 221
02-12 10:58:12.060 D/AsusContactWigdetSync( 1000): sync isdelete = true
02-12 10:58:12.060 D/AsusContactWigdetSync(25334): ready to sync contact id = 5
02-12 10:58:12.070 D/AsusContactWigdetSync(25334): ready to sync widget
02-12 10:58:12.070 D/AsusContactWigdetSync(25334): delete contact_id = 217
02-12 10:58:12.070 D/AsusContactWigdetSync(25334): delete contact_id = 218
02-12 10:58:12.070 D/AsusContactWigdetSync(25334): delete contact_id = 219
02-12 10:58:12.070 D/AsusContactWigdetSync(25334): delete contact_id = 220
02-12 10:58:12.070 D/AsusContactWigdetSync(25334): delete contact_id = 221
02-12 10:58:12.070 D/AsusContactWigdetSync(25334): sync isdelete = true
02-12 10:58:12.150 D/SendBroadcastHandler(25278): mTimerTask sendMessage CONTACTS_INSERT 
02-12 10:58:12.150 D/SendBroadcastHandler(25278): (insert) sendBroadcast mInsertRawContacts:5
02-12 10:58:12.150 D/SendBroadcastHandler(25278): (insert) sendBroadcast mInsertName:5
02-12 10:58:12.150 D/SendBroadcastHandler(25278): (insert) sendBroadcast mInsertNameDetail:5
02-12 10:58:12.150 D/SendBroadcastHandler(25278): sendBroadcast insert to voice agent
02-12 10:58:12.170 W/BindingManager(25058): Cannot call determinedVisibility() - never saw a connection for the pid: 25058
02-12 10:58:12.200 D/SendBroadcastHandler(25278): startTimer() SEND_TO_CONTACTS_WIDGET_DELETE 
02-12 10:58:12.270 I/chromium(25058): [INFO:CONSOLE(70)] "WARNING: Message from backend doesn't have data.", source:  (70)
02-12 10:58:12.310 D/SendBroadcastHandler(25278): startTimer() SEND_TO_CONTACTS_INSERT 
02-12 10:58:12.840 W/BindingManager(25058): Cannot call determinedVisibility() - never saw a connection for the pid: 25058
02-12 10:58:12.870 D/AlarmManager(  504): Triggered Alarm 21ff75d0 ELAPSED_REALTIME_WAKEUP IntentSender{223083d8: PendingIntentRecord{21ebfde0 com.android.providers.calendar broadcastIntent}}
02-12 10:58:12.870 D/BatteryStatsImpl(  504): noteStopWakeLocked system isFromForeground = false
02-12 10:58:12.880 D/AlarmManager(  504): Removed alarm Alarm{22024d28 type 0 com.android.providers.calendar} type:RTC_WAKEUP
02-12 10:58:12.880 D/AlarmManager(  504): Added alarm Alarm{22077f48 type 0 android} type:RTC_WAKEUP when: At 15-2-12 11:00 repeatInterval: 0h:30m:0.0s
02-12 10:58:12.900 D/AlarmManager(  504): Added alarm Alarm{22019738 type 0 com.wandoujia.phoenix2} type:RTC_WAKEUP when: At 15-2-13 3:56
02-12 10:58:12.900 D/BatteryStatsImpl(  504): noteStopWakeLocked com.android.providers.calendar isFromForeground = false
02-12 10:58:12.900 D/AlarmManager(  504): Added alarm Alarm{21ff85f8 type 0 com.android.providers.calendar} type:RTC_WAKEUP when: At 15-2-13 8:59
02-12 10:58:12.900 V/ActivityManager(  504): Remove bg service from mStartingBackground ,r=ServiceRecord{2208c238 u0 com.android.providers.calendar/.CalendarProviderIntentService},r used time=34,left r count=2
02-12 10:58:12.960 I/chromium(25058): [INFO:CONSOLE(70)] "WARNING: Message from backend doesn't have data.", source:  (70)
02-12 10:58:13.010 V/ActivityManager(  504): Remove bg service from mStartingBackground ,r=ServiceRecord{22089748 u0 com.android.providers.calendar/.ContactsEventUpdateIntentService},r used time=32,left r count=3
02-12 10:58:13.060 D/AsusContactWigdetSync( 1000): sync start
02-12 10:58:13.060 D/AsusContactWigdetSync( 1000): sync selection = null
02-12 10:58:13.060 D/AsusContactWigdetSync( 1000): sync delete selection = contact_id IN ( 220, 221, 217, 218, 219)
02-12 10:58:13.060 D/AsusContactWigdetSync( 1000): sync stop
02-12 10:58:13.070 V/ActivityManager(  504): Remove bg service from mStartingBackground ,r=ServiceRecord{221e0f48 u0 com.asus.contacts/com.android.contacts.miniwidget.SyncService},r used time=1005,left r count=2
02-12 10:58:13.070 D/AsusContactWigdetSync(25334): sync start
02-12 10:58:13.070 D/AsusContactWigdetSync(25334): sync selection = null
02-12 10:58:13.070 D/AsusContactWigdetSync(25334): sync delete selection = contact_id IN ( 220, 221, 217, 218, 219)
02-12 10:58:13.080 D/AsusContactWigdetSync(25334): sync stop
02-12 10:58:13.080 V/ActivityManager(  504): Remove bg service from mStartingBackground ,r=ServiceRecord{22091650 u0 com.asus.contactswidget/.SyncService},r used time=1008,left r count=1
02-12 10:58:13.520 W/BindingManager(25058): Cannot call determinedVisibility() - never saw a connection for the pid: 25058
02-12 10:58:13.650 W/chromium(25058): [WARNING:xwalk_extension_module.cc(203)] Exception when running message listener: file:///android_asset/www//opt/webapi-contactsmanager-w3c-tests/contactsmanager/ContactsChangeEvent_modified.html:70:18 TypeError: Cannot read property '0' of undefined
02-12 10:58:13.650 W/chromium(25058):     if (e.modified[0]) {
02-12 10:58:13.650 W/chromium(25058): 
02-12 10:58:13.830 I/chromium(25058): [INFO:CONSOLE(70)] "WARNING: Message from backend doesn't have data.", source:  (70)
02-12 10:58:13.870 D/dalvikvm(25278): GC_EXPLICIT freed 762K, 13% free 7784K/8928K, paused 1ms+3ms, total 18ms
02-12 10:58:13.870 W/chromium(25058): [WARNING:xwalk_extension_module.cc(203)] Exception when running message listener: file:///android_asset/www//opt/webapi-contactsmanager-w3c-tests/contactsmanager/ContactsChangeEvent_modified.html:70:18 TypeError: Cannot read property '0' of undefined
02-12 10:58:13.870 W/chromium(25058):     if (e.modified[0]) {
02-12 10:58:13.870 W/chromium(25058): 
02-12 10:58:14.010 I/CalendarProvider2(25310): Sending notification intent: Intent { act=android.intent.action.PROVIDER_CHANGED dat=content://com.android.calendar }
02-12 10:58:14.010 W/ContentResolver(25310): Failed to get type for: content://com.android.calendar (Unknown URL content://com.android.calendar)
02-12 10:58:14.010 D/AlertReceiver(25347): onReceive: a=android.intent.action.PROVIDER_CHANGED Intent { act=android.intent.action.PROVIDER_CHANGED dat=content://com.android.calendar flg=0x10 cmp=com.asus.calendar/com.android.calendar.alerts.AlertReceiver }
02-12 10:58:14.010 V/ActivityManager(  504): Remove bg service from mStartingBackground ,r=ServiceRecord{2207bb20 u0 com.android.providers.calendar/.EmptyService},r used time=1003,left r count=0
02-12 10:58:14.020 D/AlertService(25347): 0 Action = android.intent.action.PROVIDER_CHANGED
02-12 10:58:14.020 D/AlertService(25347): Beginning updateAlertNotification
02-12 10:58:14.040 D/AlertService(25347): No fired or scheduled alerts
02-12 10:58:14.040 D/SendBroadcastHandler(25278): startTimer() SEND_TO_CONTACTS_WIDGET_UPDATE 
02-12 10:58:14.060 D/BatteryStatsImpl(  504): noteStopWakeLocked com.asus.calendar isFromForeground = false
02-12 10:58:14.060 V/ActivityManager(  504): Remove bg service from mStartingBackground ,r=ServiceRecord{2206cd98 u0 com.asus.calendar/com.android.calendar.alerts.AlertService},r used time=47,left r count=0
02-12 10:58:14.350 D/dalvikvm(25058): GC_EXPLICIT freed 1473K, 21% free 7303K/9148K, paused 0ms+4ms, total 24ms
02-12 10:58:14.660 W/BindingManager(25058): Cannot call determinedVisibility() - never saw a connection for the pid: 25058
02-12 10:58:14.950 I/chromium(25058): [INFO:CONSOLE(70)] "WARNING: Message from backend doesn't have data.", source:  (70)
02-12 10:58:14.950 E/Contacts(25058): org.json.JSONException: No value for contactId
02-12 10:58:15.040 I/chromium(25058): [INFO:CONSOLE(60)] "Uncaught (in promise) ReferenceError: info is not defined", source: file:///android_asset/www//opt/webapi-contactsmanager-w3c-tests/contactsmanager/ContactsChangeEvent_removed.html (60)
02-12 10:58:15.210 D/SendBroadcastHandler(25278): mTimerTask sendMessage CONTACTS_DELETE 
02-12 10:58:15.210 D/SendBroadcastHandler(25278): sendBroadcast delete to voice agent
02-12 10:58:15.210 D/SendBroadcastHandler(25278): (Delete) sendBroadcast mDeleteContacts:4
02-12 10:58:15.210 D/SendBroadcastHandler(25278): (Delete) sendBroadcast mDeleteRawContactsVoice:4
02-12 10:58:15.210 D/SendBroadcastHandler(25278): sendBroadcast CONTACTS_DELETE
02-12 10:58:15.220 D/AsusContactWigdetSync( 1000): ready to sync contact id = 4
02-12 10:58:15.220 D/AsusContactWigdetSync( 1000): ready to sync widget
02-12 10:58:15.220 D/AsusContactWigdetSync( 1000): delete contact_id = 222
02-12 10:58:15.230 D/AsusContactWigdetSync( 1000): delete contact_id = 223
02-12 10:58:15.230 D/AsusContactWigdetSync( 1000): delete contact_id = 224
02-12 10:58:15.230 D/AsusContactWigdetSync( 1000): delete contact_id = 225
02-12 10:58:15.230 D/AsusContactWigdetSync( 1000): sync isdelete = true
02-12 10:58:15.230 D/AsusContactWigdetSync(25334): ready to sync contact id = 4
02-12 10:58:15.230 D/AsusContactWigdetSync(25334): ready to sync widget
02-12 10:58:15.240 D/AsusContactWigdetSync(25334): delete contact_id = 222
02-12 10:58:15.240 D/AsusContactWigdetSync(25334): delete contact_id = 223
02-12 10:58:15.240 D/AsusContactWigdetSync(25334): delete contact_id = 224
02-12 10:58:15.240 D/AsusContactWigdetSync(25334): delete contact_id = 225
02-12 10:58:15.240 D/AsusContactWigdetSync(25334): sync isdelete = true
02-12 10:58:15.280 W/BindingManager(25058): Cannot call determinedVisibility() - never saw a connection for the pid: 25058
02-12 10:58:15.310 D/SendBroadcastHandler(25278): mTimerTask sendMessage CONTACTS_INSERT 
02-12 10:58:15.310 D/SendBroadcastHandler(25278): (insert) sendBroadcast mInsertRawContacts:4
02-12 10:58:15.310 D/SendBroadcastHandler(25278): (insert) sendBroadcast mInsertName:4
02-12 10:58:15.310 D/SendBroadcastHandler(25278): (insert) sendBroadcast mInsertNameDetail:4
02-12 10:58:15.310 D/SendBroadcastHandler(25278): sendBroadcast insert to voice agent
02-12 10:58:15.310 I/dalvikvm(25278): Total arena pages for JIT: 11
02-12 10:58:15.310 I/dalvikvm(25278): Total arena pages for JIT: 12
02-12 10:58:15.320 I/dalvikvm(25278): Total arena pages for JIT: 13
02-12 10:58:15.320 I/dalvikvm(25278): Total arena pages for JIT: 14
02-12 10:58:15.320 I/dalvikvm(25278): Total arena pages for JIT: 15
02-12 10:58:15.320 I/dalvikvm(25278): Total arena pages for JIT: 16
02-12 10:58:15.320 D/SendBroadcastHandler(25278): startTimer() SEND_TO_CONTACTS_WIDGET_DELETE 
02-12 10:58:15.450 D/dalvikvm(  504): GC_EXPLICIT freed 71K, 49% free 16863K/32464K, paused 2ms+4ms, total 50ms
02-12 10:58:15.490 D/SendBroadcastHandler(25278): startTimer() SEND_TO_CONTACTS_INSERT 
02-12 10:58:15.650 D/dalvikvm(25278): GC_EXPLICIT freed 755K, 14% free 7716K/8928K, paused 1ms+3ms, total 18ms
02-12 10:58:15.650 I/chromium(25058): [INFO:CONSOLE(70)] "WARNING: Message from backend doesn't have data.", source:  (70)
02-12 10:58:15.670 V/ActivityManager(  504): Remove bg service from mStartingBackground ,r=ServiceRecord{22077a78 u0 com.android.providers.calendar/.ContactsEventUpdateIntentService},r used time=90,left r count=3
02-12 10:58:15.900 W/BindingManager(25058): Cannot call determinedVisibility() - never saw a connection for the pid: 25058
02-12 10:58:16.240 D/AsusContactWigdetSync(25334): sync start
02-12 10:58:16.240 D/AsusContactWigdetSync(25334): sync selection = null
02-12 10:58:16.240 D/AsusContactWigdetSync(25334): sync delete selection = contact_id IN ( 222, 223, 225, 224)
02-12 10:58:16.240 D/AsusContactWigdetSync( 1000): sync start
02-12 10:58:16.240 D/AsusContactWigdetSync( 1000): sync selection = null
02-12 10:58:16.240 D/AsusContactWigdetSync( 1000): sync delete selection = contact_id IN ( 222, 223, 225, 224)
02-12 10:58:16.240 D/AsusContactWigdetSync(25334): sync stop
02-12 10:58:16.250 D/AsusContactWigdetSync( 1000): sync stop
02-12 10:58:16.250 V/ActivityManager(  504): Remove bg service from mStartingBackground ,r=ServiceRecord{22052f18 u0 com.asus.contactswidget/.SyncService},r used time=1015,left r count=2
02-12 10:58:16.250 V/ActivityManager(  504): Remove bg service from mStartingBackground ,r=ServiceRecord{22063860 u0 com.asus.contacts/com.android.contacts.miniwidget.SyncService},r used time=1024,left r count=1
02-12 10:58:16.500 I/chromium(25058): [INFO:CONSOLE(70)] "WARNING: Message from backend doesn't have data.", source:  (70)
02-12 10:58:16.500 I/chromium(25058): [INFO:CONSOLE(70)] "WARNING: Message from backend doesn't have data.", source:  (70)
02-12 10:58:16.680 I/CalendarProvider2(25310): Sending notification intent: Intent { act=android.intent.action.PROVIDER_CHANGED dat=content://com.android.calendar }
02-12 10:58:16.680 W/ContentResolver(25310): Failed to get type for: content://com.android.calendar (Unknown URL content://com.android.calendar)
02-12 10:58:16.680 D/AlertReceiver(25347): onReceive: a=android.intent.action.PROVIDER_CHANGED Intent { act=android.intent.action.PROVIDER_CHANGED dat=content://com.android.calendar flg=0x10 cmp=com.asus.calendar/com.android.calendar.alerts.AlertReceiver }
02-12 10:58:16.680 V/ActivityManager(  504): Remove bg service from mStartingBackground ,r=ServiceRecord{22048d78 u0 com.android.providers.calendar/.EmptyService},r used time=1010,left r count=0
02-12 10:58:16.680 D/AlertService(25347): 0 Action = android.intent.action.PROVIDER_CHANGED
02-12 10:58:16.680 D/AlertService(25347): Beginning updateAlertNotification
02-12 10:58:16.700 D/AlertService(25347): No fired or scheduled alerts
02-12 10:58:16.720 D/BatteryStatsImpl(  504): noteStopWakeLocked com.asus.calendar isFromForeground = false
02-12 10:58:16.720 V/ActivityManager(  504): Remove bg service from mStartingBackground ,r=ServiceRecord{2203a998 u0 com.asus.calendar/com.android.calendar.alerts.AlertService},r used time=44,left r count=0
02-12 10:58:17.000 W/BindingManager(25058): Cannot call determinedVisibility() - never saw a connection for the pid: 25058
02-12 10:58:17.030 I/chromium(25058): [INFO:CONSOLE(70)] "WARNING: Message from backend doesn't have data.", source:  (70)
02-12 10:58:17.050 D/SendBroadcastHandler(25278): mTimerTask sendMessage CONTACTS_UPDATE 
02-12 10:58:17.050 D/AsusContactWigdetSync( 1000): ready to sync widget
02-12 10:58:17.050 D/SendBroadcastHandler(25278): sendBroadcast update to voice agent
02-12 10:58:17.050 D/SendBroadcastHandler(25278): (update) sendBroadcast mUpdateRawContacts:0
02-12 10:58:17.050 D/SendBroadcastHandler(25278): (update) sendBroadcast mUpdateContacts:0
02-12 10:58:17.050 D/SendBroadcastHandler(25278): (update) sendBroadcast mUpdateName:1
02-12 10:58:17.050 D/SendBroadcastHandler(25278): (update) sendBroadcast mUpdateNameDetail:1
02-12 10:58:17.050 D/SendBroadcastHandler(25278): sendBroadcast CONTACTS_UPDATE
02-12 10:58:17.050 D/AsusContactWigdetSync( 1000): sync isdelete = false
02-12 10:58:17.050 D/AsusContactWigdetSync(25334): ready to sync widget
02-12 10:58:17.050 D/AsusContactWigdetSync(25334): sync isdelete = false
02-12 10:58:17.790 I/chromium(25058): [INFO:CONSOLE(70)] "WARNING: Message from backend doesn't have data.", source:  (70)
02-12 10:58:18.010 D/AlarmManager(  504): Triggered Alarm 21fe0d18 ELAPSED_REALTIME_WAKEUP IntentSender{223083d8: PendingIntentRecord{21ebfea0 com.android.providers.calendar broadcastIntent}}
02-12 10:58:18.030 D/BatteryStatsImpl(  504): noteStopWakeLocked system isFromForeground = false
02-12 10:58:18.030 D/AlarmManager(  504): Removed alarm Alarm{21ff85f8 type 0 com.android.providers.calendar} type:RTC_WAKEUP
02-12 10:58:18.040 D/AlarmManager(  504): Added alarm Alarm{21f3e680 type 0 android} type:RTC_WAKEUP when: At 15-2-12 11:00 repeatInterval: 0h:30m:0.0s
02-12 10:58:18.050 D/AsusContactWigdetSync( 1000): sync start
02-12 10:58:18.050 D/AsusContactWigdetSync( 1000): sync selection = null
02-12 10:58:18.050 D/AsusContactWigdetSync( 1000): sync stop
02-12 10:58:18.050 V/ActivityManager(  504): Remove bg service from mStartingBackground ,r=ServiceRecord{22032870 u0 com.asus.contacts/com.android.contacts.miniwidget.SyncService},r used time=1003,left r count=2
02-12 10:58:18.070 D/AsusContactWigdetSync(25334): sync start
02-12 10:58:18.070 D/AsusContactWigdetSync(25334): sync selection = null
02-12 10:58:18.070 D/AsusContactWigdetSync(25334): sync stop
02-12 10:58:18.070 V/ActivityManager(  504): Remove bg service from mStartingBackground ,r=ServiceRecord{22029028 u0 com.asus.contactswidget/.SyncService},r used time=1006,left r count=1
02-12 10:58:18.070 D/AlarmManager(  504): Added alarm Alarm{21fb7410 type 0 com.wandoujia.phoenix2} type:RTC_WAKEUP when: At 15-2-13 3:56
02-12 10:58:18.070 D/BatteryStatsImpl(  504): noteStopWakeLocked com.android.providers.calendar isFromForeground = false
02-12 10:58:18.070 D/AlarmManager(  504): Added alarm Alarm{21f8d7a0 type 0 com.android.providers.calendar} type:RTC_WAKEUP when: At 15-2-13 8:59
02-12 10:58:18.080 V/ActivityManager(  504): Remove bg service from mStartingBackground ,r=ServiceRecord{2200dbc8 u0 com.android.providers.calendar/.CalendarProviderIntentService},r used time=60,left r count=0
02-12 10:58:18.140 W/BindingManager(25058): Cannot call determinedVisibility() - never saw a connection for the pid: 25058
02-12 10:58:18.180 I/chromium(25058): [INFO:CONSOLE(70)] "WARNING: Message from backend doesn't have data.", source:  (70)
02-12 10:58:18.320 D/dalvikvm(25278): GC_EXPLICIT freed 642K, 14% free 7707K/8928K, paused 0ms+3ms, total 24ms
02-12 10:58:18.330 D/SendBroadcastHandler(25278): mTimerTask sendMessage CONTACTS_DELETE 
02-12 10:58:18.330 D/SendBroadcastHandler(25278): sendBroadcast delete to voice agent
02-12 10:58:18.330 D/SendBroadcastHandler(25278): (Delete) sendBroadcast mDeleteContacts:4
02-12 10:58:18.330 D/SendBroadcastHandler(25278): (Delete) sendBroadcast mDeleteRawContactsVoice:4
02-12 10:58:18.330 D/SendBroadcastHandler(25278): sendBroadcast CONTACTS_DELETE
02-12 10:58:18.330 D/AsusContactWigdetSync( 1000): ready to sync contact id = 4
02-12 10:58:18.330 D/AsusContactWigdetSync( 1000): ready to sync widget
02-12 10:58:18.340 D/AsusContactWigdetSync(25334): ready to sync contact id = 4
02-12 10:58:18.340 D/AsusContactWigdetSync( 1000): delete contact_id = 226
02-12 10:58:18.340 D/AsusContactWigdetSync(25334): ready to sync widget
02-12 10:58:18.340 D/AsusContactWigdetSync( 1000): delete contact_id = 227
02-12 10:58:18.340 D/AsusContactWigdetSync( 1000): delete contact_id = 229
02-12 10:58:18.340 D/AsusContactWigdetSync( 1000): delete contact_id = 228
02-12 10:58:18.340 D/AsusContactWigdetSync( 1000): sync isdelete = true
02-12 10:58:18.340 D/AsusContactWigdetSync(25334): delete contact_id = 226
02-12 10:58:18.340 D/AsusContactWigdetSync(25334): delete contact_id = 227
02-12 10:58:18.340 D/AsusContactWigdetSync(25334): delete contact_id = 229
02-12 10:58:18.340 D/AsusContactWigdetSync(25334): delete contact_id = 228
02-12 10:58:18.340 D/AsusContactWigdetSync(25334): sync isdelete = true
02-12 10:58:18.380 D/EVENT_THREAD(  183): void CEventThread::run() POLLIN event on Fd (1)
02-12 10:58:18.380 D/EVENT_THREAD(  183): void CEventThread::run() Do poll with timeout: -1
02-12 10:58:18.380 D/EVENT_THREAD(  183): void CEventThread::run() POLLIN event on Fd (1)
02-12 10:58:18.380 D/EVENT_THREAD(  183): void CEventThread::run() Do poll with timeout: -1
02-12 10:58:18.380 I/upi_ug31xx(  166): (5092) update_capacity
02-12 10:58:18.380 I/[UPI]   (  166): <UG31/E>[UpiReadCapacity]: V=4171(4168), T=344(346-399), I=-385, C=-4(-4-0)
02-12 10:58:18.380 I/[UPI]   (  166): <UG31/E>[UpiReadCapacity]: (0x10822d5a) 3743 (3619) / 3926 (4029) = 95
02-12 10:58:18.380 I/[UPI]   (  166): <UG31/E>[UpiReadCapacity]: (0x10822d5a) 3743 (3619) / 3926 (4029) = 95
02-12 10:58:18.380 I/[UPI]   (  166): <UG31/E>[UpiReadCapacity]: (0x10822d5a) 3739 (3739) / 3926 (4029) = 95
02-12 10:58:18.380 I/[UPI]   (  166): <UG31/E>[RsocFilterCountTime]: (0x10822d5a) Step=2(151610), Full=1(151610), Lock=151610(1800000)
02-12 10:58:18.380 I/[UPI]   (  166): <UG31/E>[UpiReadCapacity]: (0x10822d5a) 3739 (3739) / 3926 (4029) = 95 (-385--385)
02-12 10:58:18.380 I/[UPI]   (  166): <UG31/E><BATT> M:normal, P:95(95-95)%, V:4165mV, C:-458mA, T:34.6C(399), S:0x10822d5a(100), R:3739mAh, F:3926mAh, Q:286mAh, CC:3, P:30.330(324-0)s, BO:7, 97:615:0-44af-9m:B001-20140514-144301 (16)
02-12 10:58:18.390 I/upi_ug31xx(  166): (5093) backup_data 
02-12 10:58:18.390 V/upi_ug31xx(  166): state->check_backup_count = 4
02-12 10:58:18.420 D/dalvikvm(25310): GC_EXPLICIT freed 406K, 8% free 6342K/6856K, paused 1ms+2ms, total 19ms
02-12 10:58:18.430 V/ActivityManager(  504): Remove bg service from mStartingBackground ,r=ServiceRecord{21fc8678 u0 com.android.providers.calendar/.ContactsEventUpdateIntentService},r used time=68,left r count=3
02-12 10:58:18.490 D/SendBroadcastHandler(25278): mTimerTask sendMessage CONTACTS_INSERT 
02-12 10:58:18.490 D/SendBroadcastHandler(25278): (insert) sendBroadcast mInsertRawContacts:5
02-12 10:58:18.490 D/SendBroadcastHandler(25278): (insert) sendBroadcast mInsertName:5
02-12 10:58:18.490 D/SendBroadcastHandler(25278): (insert) sendBroadcast mInsertNameDetail:5
02-12 10:58:18.490 D/SendBroadcastHandler(25278): sendBroadcast insert to voice agent
02-12 10:58:18.610 D/dalvikvm(25058): GC_EXPLICIT freed 2340K, 26% free 7261K/9740K, paused 1ms+3ms, total 21ms
02-12 10:58:18.760 W/BindingManager(25058): Cannot call determinedVisibility() - never saw a connection for the pid: 25058
02-12 10:58:18.800 D/SendBroadcastHandler(25278): startTimer() SEND_TO_CONTACTS_WIDGET_DELETE 
02-12 10:58:18.940 D/dalvikvm(  504): GC_EXPLICIT freed 65K, 49% free 16877K/32464K, paused 1ms+4ms, total 42ms
02-12 10:58:18.990 D/SendBroadcastHandler(25278): startTimer() SEND_TO_CONTACTS_INSERT 
02-12 10:58:19.120 I/chromium(25058): [INFO:CONSOLE(70)] "WARNING: Message from backend doesn't have data.", source:  (70)
02-12 10:58:19.340 D/AsusContactWigdetSync( 1000): sync start
02-12 10:58:19.340 D/AsusContactWigdetSync( 1000): sync selection = null
02-12 10:58:19.340 D/AsusContactWigdetSync( 1000): sync delete selection = contact_id IN ( 229, 228, 227, 226)
02-12 10:58:19.340 D/AsusContactWigdetSync( 1000): sync stop
02-12 10:58:19.340 V/ActivityManager(  504): Remove bg service from mStartingBackground ,r=ServiceRecord{21fdd410 u0 com.asus.contacts/com.android.contacts.miniwidget.SyncService},r used time=1004,left r count=2
02-12 10:58:19.350 D/AsusContactWigdetSync(25334): sync start
02-12 10:58:19.350 D/AsusContactWigdetSync(25334): sync selection = null
02-12 10:58:19.350 D/AsusContactWigdetSync(25334): sync delete selection = contact_id IN ( 229, 228, 227, 226)
02-12 10:58:19.350 D/AsusContactWigdetSync(25334): sync stop
02-12 10:58:19.350 V/ActivityManager(  504): Remove bg service from mStartingBackground ,r=ServiceRecord{21fca658 u0 com.asus.contactswidget/.SyncService},r used time=1010,left r count=1
02-12 10:58:19.360 I/chromium(25058): [INFO:CONSOLE(70)] "WARNING: Message from backend doesn't have data.", source:  (70)
02-12 10:58:19.370 W/BindingManager(25058): Cannot call determinedVisibility() - never saw a connection for the pid: 25058
02-12 10:58:19.430 I/CalendarProvider2(25310): Sending notification intent: Intent { act=android.intent.action.PROVIDER_CHANGED dat=content://com.android.calendar }
02-12 10:58:19.430 W/ContentResolver(25310): Failed to get type for: content://com.android.calendar (Unknown URL content://com.android.calendar)
02-12 10:58:19.430 D/AlertReceiver(25347): onReceive: a=android.intent.action.PROVIDER_CHANGED Intent { act=android.intent.action.PROVIDER_CHANGED dat=content://com.android.calendar flg=0x10 cmp=com.asus.calendar/com.android.calendar.alerts.AlertReceiver }
02-12 10:58:19.430 V/ActivityManager(  504): Remove bg service from mStartingBackground ,r=ServiceRecord{21f92478 u0 com.android.providers.calendar/.EmptyService},r used time=1009,left r count=0
02-12 10:58:19.440 D/AlertService(25347): 0 Action = android.intent.action.PROVIDER_CHANGED
02-12 10:58:19.440 D/AlertService(25347): Beginning updateAlertNotification
02-12 10:58:19.450 D/AlertService(25347): No fired or scheduled alerts
02-12 10:58:19.450 D/BatteryStatsImpl(  504): noteStopWakeLocked com.asus.calendar isFromForeground = false
02-12 10:58:19.450 I/dalvikvm(  504): ++++++++++++++++++++++++++++++++++++++++++++
02-12 10:58:19.450 I/dalvikvm(  504): JIT_INFO: ME Issues while compiling trace  Lcom/android/server/pm/PackageManagerService;getApplicationInfo, offset 9
02-12 10:58:19.450 I/dalvikvm(  504): 	Jit code cache is full.
02-12 10:58:19.450 V/ActivityManager(  504): Remove bg service from mStartingBackground ,r=ServiceRecord{21ff82e8 u0 com.asus.calendar/com.android.calendar.alerts.AlertService},r used time=14,left r count=0
02-12 10:58:19.520 D/dalvikvm(25278): GC_EXPLICIT freed 671K, 15% free 7656K/8928K, paused 0ms+3ms, total 18ms
