02-12 10:15:49.980 D/dalvikvm(14830): Compiler shutdown in progress - discarding request
02-12 10:15:49.980 D/dalvikvm(14830): Compiler shutdown in progress - discarding request
02-12 10:15:49.980 D/dalvikvm(14830): Compiler shutdown in progress - discarding request
02-12 10:15:49.980 D/dalvikvm(14830): Compiler shutdown in progress - discarding request
--------- beginning of /dev/log/system
02-12 10:15:49.980 I/ActivityManager(  504): Force stopping org.xwalk.webapi_service_tests appid=10266 user=0: from pid 14830
02-12 10:15:49.990 D/dalvikvm(14830): Compiler shutdown in progress - discarding request
02-12 10:15:49.990 D/dalvikvm(14830): Compiler shutdown in progress - discarding request
02-12 10:15:49.990 D/dalvikvm(14830): Compiler shutdown in progress - discarding request
02-12 10:15:49.990 D/dalvikvm(14830): Compiler shutdown in progress - discarding request
02-12 10:15:49.990 D/dalvikvm(14830): Compiler shutdown in progress - discarding request
02-12 10:15:49.990 D/dalvikvm(14830): Compiler shutdown in progress - discarding request
02-12 10:15:49.990 D/dalvikvm(14830): Compiler shutdown in progress - discarding request
02-12 10:15:49.990 D/dalvikvm(14830): Compiler shutdown in progress - discarding request
02-12 10:15:49.990 D/dalvikvm(14830): Compiler shutdown in progress - discarding request
02-12 10:15:49.990 D/dalvikvm(14830): Compiler shutdown in progress - discarding request
02-12 10:15:49.990 D/dalvikvm(14830): Compiler shutdown in progress - discarding request
02-12 10:15:49.990 D/dalvikvm(14830): Compiler shutdown in progress - discarding request
02-12 10:15:49.990 D/dalvikvm(14830): Compiler shutdown in progress - discarding request
02-12 10:15:49.990 D/dalvikvm(14830): Compiler shutdown in progress - discarding request
02-12 10:15:49.990 D/dalvikvm(14830): Compiler shutdown in progress - discarding request
02-12 10:15:50.610 D/AndroidRuntime(14841): 
02-12 10:15:50.610 D/AndroidRuntime(14841): >>>>>> AndroidRuntime START com.android.internal.os.RuntimeInit <<<<<<
02-12 10:15:50.610 D/AndroidRuntime(14841): CheckJNI is OFF
02-12 10:15:50.610 D/AndroidRuntime(14841): 
02-12 10:15:50.610 D/AndroidRuntime(14841): >>>>>> AndroidRuntime START com.android.internal.os.RuntimeInit <<<<<<
02-12 10:15:50.610 D/AndroidRuntime(14841): CheckJNI is OFF
02-12 10:15:50.610 I/AndroidRuntime(14841): Kernel Release Version: 3.10.20-gf818079
02-12 10:15:50.610 I/AndroidRuntime(14841): Kernel Release Version: 3.10.20-gf818079
02-12 10:15:50.610 I/dalvikvm(14841): No library specified. The standard exception handler will be used
02-12 10:15:50.610 I/dalvikvm(14841): No library specified. The standard exception handler will be used
02-12 10:15:50.620 I/dalvikvm(14841): 
02-12 10:15:50.620 I/dalvikvm(14841): +++++++++++++ Using PCG. +++++++++++++++++++++
02-12 10:15:50.620 I/dalvikvm(14841): 
02-12 10:15:50.620 I/dalvikvm(14841): +++++++++++++ Using PCG. +++++++++++++++++++++
02-12 10:15:50.620 D/dalvikvm(14841): Trying to load lib libjavacore.so 0x0
02-12 10:15:50.620 D/dalvikvm(14841): Trying to load lib libjavacore.so 0x0
02-12 10:15:50.630 D/dalvikvm(14841): Added shared lib libjavacore.so 0x0
02-12 10:15:50.630 D/dalvikvm(14841): Added shared lib libjavacore.so 0x0
02-12 10:15:50.630 D/dalvikvm(14841): Trying to load lib libnativehelper.so 0x0
02-12 10:15:50.630 D/dalvikvm(14841): Added shared lib libnativehelper.so 0x0
02-12 10:15:50.630 D/dalvikvm(14841): Trying to load lib libnativehelper.so 0x0
02-12 10:15:50.630 D/dalvikvm(14841): Added shared lib libnativehelper.so 0x0
02-12 10:15:50.630 D/dalvikvm(14841): No JNI_OnLoad found in libnativehelper.so 0x0, skipping init
02-12 10:15:50.630 D/dalvikvm(14841): No JNI_OnLoad found in libnativehelper.so 0x0, skipping init
02-12 10:15:50.640 D/dalvikvm(14841): Extra Options: not specified
02-12 10:15:50.640 D/dalvikvm(14841): Extra Options: not specified
02-12 10:15:50.650 D/dalvikvm(14841): Note: class Landroid/app/ActivityManagerNative; has 186 unimplemented (abstract) methods
02-12 10:15:50.650 D/dalvikvm(14841): Note: class Landroid/app/ActivityManagerNative; has 186 unimplemented (abstract) methods
02-12 10:15:50.680 D/wpa_supplicant(  651): nl80211: Drv Event 34 (NL80211_CMD_NEW_SCAN_RESULTS) received for wlan0
02-12 10:15:50.680 D/wpa_supplicant(  651): wlan0: nl80211: New scan results available
02-12 10:15:50.680 D/wpa_supplicant(  651): wlan0: Event SCAN_RESULTS (3) received
02-12 10:15:50.680 D/wpa_supplicant(  651): nl80211: Received scan results (19 BSSes)
02-12 10:15:50.680 D/wpa_supplicant(  651): nl80211: Survey data missing
02-12 10:15:50.680 D/wpa_supplicant(  651): wlan0: BSS: Start scan result update 217
02-12 10:15:50.680 D/wpa_supplicant(  651): wlan0: BSS: Add new id 519 BSSID 6c:8b:2f:e8:38:24 SSID 'ZTE_AP_6703'
02-12 10:15:50.680 D/wpa_supplicant(  651): CTRL_IFACE monitor send - hexdump(len=39): 2f 64 61 74 61 2f 6d 69 73 63 2f 77 69 66 69 2f 73 6f 63 6b 65 74 73 2f 77 70 61 5f 63 74 72 6c ...
02-12 10:15:50.680 D/wpa_supplicant(  651): wlan0: BSS: Add new id 520 BSSID 5e:f3:70:0c:91:9a SSID 'DIRECT-pl-Android_7f71'
02-12 10:15:50.680 D/wpa_supplicant(  651): CTRL_IFACE monitor send - hexdump(len=39): 2f 64 61 74 61 2f 6d 69 73 63 2f 77 69 66 69 2f 73 6f 63 6b 65 74 73 2f 77 70 61 5f 63 74 72 6c ...
02-12 10:15:50.680 I/WifiHW  (  504): EVENT: IFNAME=wlan0 CTRL-EVENT-BSS-ADDED 519 6c:8b:2f:e8:38:24
02-12 10:15:50.680 D/wpa_supplicant(  651): wlan0: BSS: Add new id 521 BSSID 14:d6:4d:28:ef:c8 SSID 'dlink'
02-12 10:15:50.680 D/wpa_supplicant(  651): CTRL_IFACE monitor send - hexdump(len=39): 2f 64 61 74 61 2f 6d 69 73 63 2f 77 69 66 69 2f 73 6f 63 6b 65 74 73 2f 77 70 61 5f 63 74 72 6c ...
02-12 10:15:50.680 D/wpa_supplicant(  651): wlan0: BSS: Remove id 505 BSSID cc:b2:55:e2:84:70 SSID 'DLINK_APK' due to no match in scan
02-12 10:15:50.680 D/wpa_supplicant(  651): nl80211: Drv Event 34 (NL80211_CMD_NEW_SCAN_RESULTS) received for wlan0
02-12 10:15:50.680 D/wpa_supplicant(  651): wlan0: nl80211: New scan results available
02-12 10:15:50.680 D/wpa_supplicant(  651): wlan0: Event SCAN_RESULTS (3) received
02-12 10:15:50.680 D/wpa_supplicant(  651): nl80211: Received scan results (19 BSSes)
02-12 10:15:50.680 D/wpa_supplicant(  651): nl80211: Survey data missing
02-12 10:15:50.680 D/wpa_supplicant(  651): wlan0: BSS: Start scan result update 217
02-12 10:15:50.680 D/wpa_supplicant(  651): wlan0: BSS: Add new id 519 BSSID 6c:8b:2f:e8:38:24 SSID 'ZTE_AP_6703'
02-12 10:15:50.680 D/wpa_supplicant(  651): CTRL_IFACE monitor send - hexdump(len=39): 2f 64 61 74 61 2f 6d 69 73 63 2f 77 69 66 69 2f 73 6f 63 6b 65 74 73 2f 77 70 61 5f 63 74 72 6c ...
02-12 10:15:50.680 D/wpa_supplicant(  651): wlan0: BSS: Add new id 520 BSSID 5e:f3:70:0c:91:9a SSID 'DIRECT-pl-Android_7f71'
02-12 10:15:50.680 D/wpa_supplicant(  651): CTRL_IFACE monitor send - hexdump(len=39): 2f 64 61 74 61 2f 6d 69 73 63 2f 77 69 66 69 2f 73 6f 63 6b 65 74 73 2f 77 70 61 5f 63 74 72 6c ...
02-12 10:15:50.680 I/WifiHW  (  504): EVENT: IFNAME=wlan0 CTRL-EVENT-BSS-ADDED 519 6c:8b:2f:e8:38:24
02-12 10:15:50.680 D/wpa_supplicant(  651): wlan0: BSS: Add new id 521 BSSID 14:d6:4d:28:ef:c8 SSID 'dlink'
02-12 10:15:50.680 D/wpa_supplicant(  651): CTRL_IFACE monitor send - hexdump(len=39): 2f 64 61 74 61 2f 6d 69 73 63 2f 77 69 66 69 2f 73 6f 63 6b 65 74 73 2f 77 70 61 5f 63 74 72 6c ...
02-12 10:15:50.680 D/wpa_supplicant(  651): wlan0: BSS: Remove id 505 BSSID cc:b2:55:e2:84:70 SSID 'DLINK_APK' due to no match in scan
02-12 10:15:50.680 I/WifiHW  (  504): EVENT: IFNAME=wlan0 CTRL-EVENT-BSS-ADDED 520 5e:f3:70:0c:91:9a
02-12 10:15:50.680 D/wpa_supplicant(  651): CTRL_IFACE monitor send - hexdump(len=39): 2f 64 61 74 61 2f 6d 69 73 63 2f 77 69 66 69 2f 73 6f 63 6b 65 74 73 2f 77 70 61 5f 63 74 72 6c ...
02-12 10:15:50.680 I/WifiHW  (  504): EVENT: IFNAME=wlan0 CTRL-EVENT-BSS-ADDED 521 14:d6:4d:28:ef:c8
02-12 10:15:50.680 D/wpa_supplicant(  651): wlan0: BSS: Remove id 516 BSSID 1c:65:9d:e8:79:44 SSID 'WiFi' due to no match in scan
02-12 10:15:50.690 D/wpa_supplicant(  651): CTRL_IFACE monitor send - hexdump(len=39): 2f 64 61 74 61 2f 6d 69 73 63 2f 77 69 66 69 2f 73 6f 63 6b 65 74 73 2f 77 70 61 5f 63 74 72 6c ...
02-12 10:15:50.690 D/wpa_supplicant(  651): wlan0: BSS: Remove id 507 BSSID 00:0f:e2:0f:9f:c1 SSID '321_WAN' due to no match in scan
02-12 10:15:50.690 D/wpa_supplicant(  651): CTRL_IFACE monitor send - hexdump(len=39): 2f 64 61 74 61 2f 6d 69 73 63 2f 77 69 66 69 2f 73 6f 63 6b 65 74 73 2f 77 70 61 5f 63 74 72 6c ...
02-12 10:15:50.690 I/WifiHW  (  504): EVENT: IFNAME=wlan0 CTRL-EVENT-BSS-REMOVED 505 cc:b2:55:e2:84:70
02-12 10:15:50.690 D/wpa_supplicant(  651): BSS: last_scan_res_used=19/32 last_scan_full=0
02-12 10:15:50.690 D/wpa_supplicant(  651): wlan0: New scan results available
02-12 10:15:50.690 D/wpa_supplicant(  651): CTRL_IFACE monitor send - hexdump(len=39): 2f 64 61 74 61 2f 6d 69 73 63 2f 77 69 66 69 2f 73 6f 63 6b 65 74 73 2f 77 70 61 5f 63 74 72 6c ...
02-12 10:15:50.690 I/WifiHW  (  504): EVENT: IFNAME=wlan0 CTRL-EVENT-BSS-REMOVED 516 1c:65:9d:e8:79:44
02-12 10:15:50.690 D/wpa_supplicant(  651): CTRL_IFACE monitor send - hexdump(len=39): 2f 64 61 74 61 2f 6d 69 73 63 2f 77 69 66 69 2f 73 6f 63 6b 65 74 73 2f 77 70 61 5f 63 74 72 6c ...
02-12 10:15:50.690 I/WifiHW  (  504): EVENT: IFNAME=wlan0 CTRL-EVENT-BSS-REMOVED 507 00:0f:e2:0f:9f:c1
02-12 10:15:50.690 D/wpa_supplicant(  651): Authorize channel 1
02-12 10:15:50.690 D/wpa_supplicant(  651): Authorize channel 2
02-12 10:15:50.690 D/wpa_supplicant(  651): Authorize channel 3
02-12 10:15:50.690 D/wpa_supplicant(  651): Authorize channel 4
02-12 10:15:50.690 D/wpa_supplicant(  651): Authorize channel 5
02-12 10:15:50.690 D/wpa_supplicant(  651): Authorize channel 6
02-12 10:15:50.690 D/wpa_supplicant(  651): Authorize channel 7
02-12 10:15:50.690 D/wpa_supplicant(  651): Authorize channel02-12 10:15:50.680 I/WifiHW  (  504): EVENT: IFNAME=wlan0 CTRL-EVENT-BSS-ADDED 520 5e:f3:70:0c:91:9a
02-12 10:15:50.680 D/wpa_supplicant(  651): CTRL_IFACE monitor send - hexdump(len=39): 2f 64 61 74 61 2f 6d 69 73 63 2f 77 69 66 69 2f 73 6f 63 6b 65 74 73 2f 77 70 61 5f 63 74 72 6c ...
02-12 10:15:50.680 I/WifiHW  (  504): EVENT: IFNAME=wlan0 CTRL-EVENT-BSS-ADDED 521 14:d6:4d:28:ef:c8
02-12 10:15:50.680 D/wpa_supplicant(  651): wlan0: BSS: Remove id 516 BSSID 1c:65:9d:e8:79:44 SSID 'WiFi' due to no match in scan
02-12 10:15:50.690 D/wpa_supplicant(  651): CTRL_IFACE monitor send - hexdump(len=39): 2f 64 61 74 61 2f 6d 69 73 63 2f 77 69 66 69 2f 73 6f 63 6b 65 74 73 2f 77 70 61 5f 63 74 72 6c ...
02-12 10:15:50.690 D/wpa_supplicant(  651): wlan0: BSS: Remove id 507 BSSID 00:0f:e2:0f:9f:c1 SSID '321_WAN' due to no match in scan
02-12 10:15:50.690 D/wpa_supplicant(  651): CTRL_IFACE monitor send - hexdump(len=39): 2f 64 61 74 61 2f 6d 69 73 63 2f 77 69 66 69 2f 73 6f 63 6b 65 74 73 2f 77 70 61 5f 63 74 72 6c ...
02-12 10:15:50.690 I/WifiHW  (  504): EVENT: IFNAME=wlan0 CTRL-EVENT-BSS-REMOVED 505 cc:b2:55:e2:84:70
02-12 10:15:50.690 D/wpa_supplicant(  651): BSS: last_scan_res_used=19/32 last_scan_full=0
02-12 10:15:50.690 D/wpa_supplicant(  651): wlan0: New scan results available
02-12 10:15:50.690 D/wpa_supplicant(  651): CTRL_IFACE monitor send - hexdump(len=39): 2f 64 61 74 61 2f 6d 69 73 63 2f 77 69 66 69 2f 73 6f 63 6b 65 74 73 2f 77 70 61 5f 63 74 72 6c ...
02-12 10:15:50.690 I/WifiHW  (  504): EVENT: IFNAME=wlan0 CTRL-EVENT-BSS-REMOVED 516 1c:65:9d:e8:79:44
02-12 10:15:50.690 D/wpa_supplicant(  651): CTRL_IFACE monitor send - hexdump(len=39): 2f 64 61 74 61 2f 6d 69 73 63 2f 77 69 66 69 2f 73 6f 63 6b 65 74 73 2f 77 70 61 5f 63 74 72 6c ...
02-12 10:15:50.690 I/WifiHW  (  504): EVENT: IFNAME=wlan0 CTRL-EVENT-BSS-REMOVED 507 00:0f:e2:0f:9f:c1
02-12 10:15:50.690 D/wpa_supplicant(  651): Authorize channel 1
02-12 10:15:50.690 D/wpa_supplicant(  651): Authorize channel 2
02-12 10:15:50.690 D/wpa_supplicant(  651): Authorize channel 3
02-12 10:15:50.690 D/wpa_supplicant(  651): Authorize channel 4
02-12 10:15:50.690 D/wpa_supplicant(  651): Authorize channel 5
02-12 10:15:50.690 D/wpa_supplicant(  651): Authorize channel 6
02-12 10:15:50.690 D/wpa_supplicant(  651): Authorize channel 7
02-12 10:15:50.690 D/wpa_supplicant(  651): Authorize channel 8
02-12 10:15:50.690 D/wpa_supplicant(  651): Authorize channel 9
02-12 10:15:50.690 D/wpa_supplicant(  651): Authorize channel 10
02-12 10:15:50.690 D/wpa_supplicant(  651): Authorize channel 11
02-12 10:15:50.690 D/wpa_supplicant(  651): Authorize channel 12
02-12 10:15:50.690 D/wpa_supplicant(  651): Authorize channel 13
02-12 10:15:50.690 I/WifiHW  (  504): EVENT: IFNAME=wlan0 CTRL-EVENT-SCAN-RESULTS 
02-12 10:15:50.690 I/WifiHW  (  504): EVENT: IFNAME=wlan0 WPS-AP-AVAILABLE 
02-12 10:15:50.690 D/wpa_supplicant(  651): Authorize channel 1
02-12 10:15:50.690 D/wpa_supplicant(  651): Authorize channel 2
02-12 10:15:50.690 D/wpa_supplicant(  651): Authorize channel 3
02-12 10:15:50.690 D/wpa_supplicant(  651): Authorize channel 4
02-12 10:15:50.690 D/wpa_supplicant(  651): Authorize channel 5
02-12 10:15:50.690 D/wpa_supplicant(  651): Authorize channel 6
02-12 10:15:50.690 D/wpa_supplicant(  651): Authorize channel 7
02-12 10:15:50.690 D/wpa_supplicant(  651): Authorize channel 8
02-12 10:15:50.690 D/wpa_supplicant(  651): Authorize channel 9
02-12 10:15:50.690 D/wpa_supplicant(  651): Authorize channel 10
02-12 10:15:50.690 D/wpa_supplicant(  651): Authorize channel 11
02-12 10:15:50.690 D/wpa_supplicant(  651): Authorize channel 12
02-12 10:15:50.690 D/wpa_supplicant(  651): Authorize channel 13
02-12 10:15:50.690 D/wpa_supplicant(  651): Add access point on channel 6
02-12 10:15:50.690 D/wpa_supplicant(  651): Add access point on channel 11
02-12 10:15:50.690 D/wpa_supplicant(  651): Add access point on channel 4
02-12 10:15:50.690 D/wpa_supplicant(  651): Add access point on channel 11
02-12 10:15:50.690 D/wpa_supplicant(  651): 8
02-12 10:15:50.690 D/wpa_supplicant(  651): Authorize channel 9
02-12 10:15:50.690 D/wpa_supplicant(  651): Authorize channel 10
02-12 10:15:50.690 D/wpa_supplicant(  651): Authorize channel 11
02-12 10:15:50.690 D/wpa_supplicant(  651): Authorize channel 12
02-12 10:15:50.690 D/wpa_supplicant(  651): Authorize channel 13
02-12 10:15:50.690 I/WifiHW  (  504): EVENT: IFNAME=wlan0 CTRL-EVENT-SCAN-RESULTS 
02-12 10:15:50.690 I/WifiHW  (  504): EVENT: IFNAME=wlan0 WPS-AP-AVAILABLE 
02-12 10:15:50.690 D/wpa_supplicant(  651): Authorize channel 1
02-12 10:15:50.690 D/wpa_supplicant(  651): Authorize channel 2
02-12 10:15:50.690 D/wpa_supplicant(  651): Authorize channel 3
02-12 10:15:50.690 D/wpa_supplicant(  651): Authorize channel 4
02-12 10:15:50.690 D/wpa_supplicant(  651): Authorize channel 5
02-12 10:15:50.690 D/wpa_supplicant(  651): Authorize channel 6
02-12 10:15:50.690 D/wpa_supplicant(  651): Authorize channel 7
02-12 10:15:50.690 D/wpa_supplicant(  651): Authorize channel 8
02-12 10:15:50.690 D/wpa_supplicant(  651): Authorize channel 9
02-12 10:15:50.690 D/wpa_supplicant(  651): Authorize channel 10
02-12 10:15:50.690 D/wpa_supplicant(  651): Authorize channel 11
02-12 10:15:50.690 D/wpa_supplicant(  651): Authorize channel 12
02-12 10:15:50.690 D/wpa_supplicant(  651): Authorize channel 13
02-12 10:15:50.690 D/wpa_supplicant(  651): Add access point on channel 6
02-12 10:15:50.690 D/wpa_supplicant(  651): Add access point on channel 11
02-12 10:15:50.690 D/wpa_supplicant(  651): Add access point on channel 4
02-12 10:15:50.690 D/wpa_supplicant(  651): Add access point on channel 11
02-12 10:15:50.690 D/wpa_supplicant(  651): Add access point on channel 6
02-12 10:15:50.690 D/wpa_supplicant(  651): Add access point on channel 1
02-12 10:15:50.690 D/wpa_supplicant(  651): Add access point on channel 11
02-12 10:15:50.690 D/wpa_supplicant(  651): Add access point on channel 6
02-12 10:15:50.690 D/wpa_supplicant(  651): Add access point on channel 6
02-12 10:15:50.690 D/wpa_supplicant(  651): Add access point on channel 6
02-12 10:15:50.690 D/wpa_supplicant(  651): Add access point on channel 1
02-12 10:15:50.690 D/wpa_supplicant(  651): Add access point on channel 6
02-12 10:15:50.690 D/wpa_supplicant(  651): Add access point on channel 1
02-12 10:15:50.690 D/wpa_supplicant(  651): Add access point on channel 6
02-12 10:15:50.690 D/wpa_supplicant(  651): Add access point on channel 6
02-12 10:15:50.690 D/wpa_supplicant(  651): Add access point on channel 9
02-12 10:15:50.690 D/wpa_supplicant(  651): Add access point on channel 6
02-12 10:15:50.690 D/wpa_supplicant(  651): Add access point on channel 6
02-12 10:15:50.690 D/wpa_supplicant(  651): Add access point on channel 6
02-12 10:15:50.690 D/wpa_supplicant(  651): Add access point on channel 1
02-12 10:15:50.690 D/wpa_supplicant(  651): Add access point on channel 6
02-12 10:15:50.690 D/wpa_supplicant(  651): Add access point on channel 11
02-12 10:15:50.690 D/wpa_supplicant(  651): Add access point on channel 6
02-12 10:15:50.690 D/wpa_supplicant(  651): Best Operating channel is = 1
02-12 10:15:50.690 D/wpa_supplicant(  651): WPS: AP[0] f8:d1:11:e7:99:e8 type=0 tries=0 last_attempt=-1 sec ago blacklist=0
02-12 10:15:50.690 D/wpa_supplicant(  651): WPS: AP[1] 10:c3:7b:d2:e5:e0 type=0 tries=0 last_attempt=-1 sec ago blacklist=0
02-12 10:15:50.690 D/wpa_supplicant(  651): WPS: AP[2] b0:48:7a:20:66:6a type=0 tries=0 last_attempt=-1 sec ago blacklist=0
02-12 10:15:50.690 D/wpa_supplicant(  651): WPS: AP[3] cc:34:29:2b:26:4c type=0 tries=0 last_attempt=-1 sec ago blacklist=0
02-12 10:15:50.690 D/wpa_supplicant(  651): WPS: AP[4] cc:34:29:2c:fb:ec type=0 tries=0 last_attempt=-1 sec ago blacklist=0
02-12 10:15:50.690 D/wpa_supplicant(  651): WPS: AP[5] 44:94:fc:3d:da:38 type=0 tries=0 last_attempt=-1 sec ago blacklist=0
02-12 10:15:50.690 D/wpa_supplicant(  651): WPS: AP[6] c0:c1:c0:76:81:3c type=0 tries=0 last_attempt=-1 sec ago blacklist=0
02-12 10:15:50.690 D/wpa_supplicant(  651): WPS: AP[7] 98:fc:11:81:35:fb type=0 tries=0 last_attempt=-1 sec ago blacklist=0
02-12 10:15:50.690 D/wpa_supplicant(  651): WPS: AP[8] b0:48:7a:51:ff:cc type=0 tries=0 last_attempt=-1 sec ago blacklist=0
02-12 10:15:50.690 D/wpa_supplicant(  651): WPS: AP[9] 14:d6:4d:28:ef:c8 type=0 tries=0 last_attempt=-1 sec ago blacklist=0
02-12 10:15:50.690 D/wpa_supplicant(  651): WPS: AP[10] 7a:ff:57:00:13:56 type=0 tries=0 last_attempt=-1 sec ago blacklist=0
02-12 10:15:50.690 D/wpa_supplicant(  651): WPS: AP[11] c8:d7:19:60:62:f2 type=0 tries=0 last_attempt=-1 sec ago blacklist=0
02-12 10:15:50.690 D/wpa_supplicant(  651): WPS: AP[12] c0:a0:bb:20:3b:84 type=0 tries=0 last_attempt=-1 sec ago blacklist=0
02-12 10:15:50.690 D/wpa_supplicant(  651): WPS: AP[13] 5e:f3:70:0c:91:9a type=0 tries=0 last_attempt=-1 sec ago blacklist=0
02-12 10:15:50.690 D/wpa_supplicant(  651): WPS: AP[14] 02:09:4c:42:36:90 type=0 tries=0 last_attempt=-1 sec ago blacklist=0
02-12 10:15:50.690 D/wpa_supplicant(  651): wlan0: Selecting BSS from priority group 17
02-12 10:15:50.690 D/wpa_supplicant(  651): wlan0: 0: 6c:8b:2f:e9:d1:da ssid='ZTE_AP_1640' wpa_ie_len=0 rsn_ie_len=20 caps=0x511 level=-45
02-12 10:15:50.690 D/wpa_supplicant(  651): wlan0:    skip - SSID mismatch
02-12 10:15:50.690 D/wpa_supplicant(  651): wlan0: 1: f8:d1:11:e7:99:e8 ssid='videotest' wpa_ie_len=22 rsn_ie_len=20 caps=0x531 level=-50 wps
02-12 10:15:50.690 D/wpa_supplicant(  651): wlan0:    skip - SSID mismatch
02-12 10:15:50.690 D/wpa_supplicant(  651): wlan0: 2: 44:94:fc:3d:da:38 ssid='6300' wpa_ie_len=0 rsn_ie_len=20 caps=0x411 level=-55 wps
02-12 10:15:50.690 D/wpa_supplicant(  651): wlan0:    skip - SSID mismatch
02-12 10:15:50.690 D/wpa_supplicant(  651): wlan0: 3: c8:d7:19:60:62:f2 ssid='E3000-2.4G' wpa_ie_len=0 rsn_ie_len=20 caps=0x411 level=-56
02-12 10:15:50.690 D/wpa_supplicant(  651): wlan0:    skip - SSID mismatch
02-12 10:15:50.690 D/wpa_supplicant(  651): wlan0: 4: cc:34:29:2c:fb:ec ssid='linksys' wpa_ie_len=22 rsn_ie_len=20 caps=0x431 level=-58 wps
02-12 10:15:50.690 D/wpa_supplicant(  651): wlan0:    skip - SSID mismatch
02-12 10:15:50.690 D/wpa_supplicant(  651): wlan0: 5: 02:1a:11:fd:45:ed ssid='Android' wpa_ie_len=0 rsn_ie_len=20 caps=0x511 level=-61
02-12 10:15:50.690 D/wpa_supplicant(  651): wlan0:    skip - SSID mismatch
02-12 10:15:50.690 D/wpa_supplicant(  651): wlan0: 6: cc:34:29:2b:26:4c ssid='cws-test' wpa_ie_len=0 rsn_ie_len=20 caps=0x431 level=-61 wps
02-12 10:15:50.690 D/wpa_supplicant(  651): wlan0:    skip - SSID mismatch
02-12 10:15:50.690 D/wpa_supplicant(  651): wlan0: 7: 10:c3:7b:d2:e5:e0 ssid='ASUS_RT-AC66U-2.4G' wpa_ie_len=0 rsn_ie_len=20 caps=0x411 level=-61 wps
02-12 10:15:50.690 D/wpa_supplicant(  651): wlan0:    skip - SSID mismatch
02-12 10:15:50.690 D/wpa_supplicant(  651): wlan0: 8: 6c:8b:2f:e8:38:24 ssid='ZTE_AP_6703' wpa_ie_len=0 rsn_ie_len=20 caps=0x511 level=-62
02-12 10:15:50.690 D/wpa_supplicant(  651): wlan0:    skip - SSID mismatch
02-12 10:15:50.690 D/wpa_supplicant(  651): wlan0: 9: 98:fc:11:81:35:fb ssid='E2000E' wpa_ie_len=0 rsn_ie_len=20 caps=0x411 level=-63 wps
02-12 10:15:50.690 D/wpa_supplicant(  651): wlan0:    skip - SSID mismatch
02-12 10:15:50.690 D/wpa_supplicant(  651): wlan0: 10: 5e:f3:70:0c:91:9a ssid='DIRECT-pl-Android_7f71' wpa_ie_len=0 rsn_ie_len=20 caps=0x411 level=-66 wps
02-12 10:15:50.690 D/wpa_supplicant(  651): wlan0:    skip - SSID mismatch
02-12 10:15:50.690 D/wpa_supplicant(  651): wlan0: 11: 80:1f:02:43:fb:e8 ssid='Edimax AP' wpa_ie_len=0 rsn_ie_len=20 caps=0x411 level=-67
02-12 10:15:50.690 D/wpa_supplicant(  651): wlan0:    skip - SSID mismatch
02-12 10:15:50.690 D/wpa_supplicant(  651): wlan0: 12: 02:1a:11:fa:9e:f1 ssid='love U forever' wpa_ie_len=0 rsn_ie_len=20 caps=0x431 level=-67
02-12 10:15:50.690 D/wpa_supplicant(  651): wlan0:    skip - SSID mismatch
02-12 10:15:50.690 D/wpa_supplicant(  651): wlan0: 13: b0:48:7a:51:ff:cc ssid='Neusoft TP' wpa_ie_len=22 rsn_ie_len=20 caps=0x431 level=-68 wps
02-12 10:15:50.690 D/wpa_supplicant(  651): wlan0:    skip - SSID mismatch
02-12 10:15:50.690 D/wpa_supplicant(  651): wlan0: 14: b0:48:7a:20:66:6a ssid='TP-LINK_20666A' wpa_ie_len=22 rsn_ie_len=20 caps=0x431 level=-69 wps
02-12 10:15:50.690 D/wpa_supplicant(  651): wlan0:    skip - SSID mismatch
02-12 10:15:50.690 D/wpa_supplicant(  651): wlan0: 15: e4:d3:32:c0:cf:a4 ssid='fast' wpa_ie_len=0 rsn_ie_len=20 caps=0x411 level=-72
02-12 10:15:50.690 D/wpa_supplicant(  651): wlan0:    skip - SSID mismatch
02-12 10:15:50.690 D/wpa_supplicant(  651): wlan0: 16: c0:c1:c0:76:81:3c ssid='E2000' wpa_ie_len=0 rsn_ie_len=20 caps=0x411 level=-73 wps
02-12 10:15:50.690 D/wpa_supplicant(  651): wlan0:    skip - SSID mismatch
02-12 10:15:50.690 D/wpa_supplicant(  651): wlan0: 17: 14:d6:4d:28:ef:c8 ssid='dlink' wpa_ie_len=0 rsn_ie_len=20 caps=0x31 level=-78 wps
02-12 10:15:50.690 D/wpa_supplicant(  651): wlan0:    skip - SSID mismatch
02-12 10:15:50.690 D/wpa_supplicant(  651): wlan0: 18: 50:bd:5f:4b:29:92 ssid='Internet-2' wpa_ie_len=0 rsn_ie_len=0 caps=0x421 level=-61
02-12 10:15:50.690 D/wpa_supplicant(  651): wlan0:    skip - SSID mismatch
02-12 10:15:50.690 D/wpa_supplicant(  651): wlan0: Selecting BSS from priority group 15
02-12 10:15:50.690 D/wpa_supplicant(  651): wlan0: 0: 6c:8b:2f:e9:d1:da ssid='ZTE_AP_1640' wpa_ie_len=0 rsn_ie_len=20 caps=0x511 level=-45
02-12 10:15:50.690 D/wpa_supplicant(  651): wlan0:    skip - SSID mismatch
02-12 10:15:50.690 D/wpa_supplicant(  651): wlan0: 1: f8:d1:11:e7:99:e8 ssid='videotest' wpa_ie_len=22 rsn_ie_len=20 caps=0x531 level=-50 wps
02-12 10:15:50.690 D/wpa_supplicant(  651): wlan0:    skip - SSID mismatch
02-12 10:15:50.690 D/wpa_supplicant(  651): wlan0: 2: 44:94:fc:3d:da:38 ssid='6300' wpa_ie_len=0 rsn_ie_len=20 caps=0x411 level=-55 wps
02-12 10:15:50.690 D/wpa_supplicant(  651): wlan0:    skip - SSID mismatch
02-12 10:15:50.690 D/wpa_supplicant(  651): wlan0: 3: c8:d7:19:60:62:f2 ssid='E3000-2.4G' wpa_ie_len=0 rsn_ie_len=20 caps=0x411 level=-56
02-12 10:15:50.690 D/wpa_supplicant(  651): wlan0:    skip - SSID mismatch
02-12 10:15:50.690 D/wpa_supplicant(  651): wlan0: 4: cc:34:29:2c:fb:ec ssid='linksys' wpa_ie_len=22 rsn_ie_len=20 caps=0x431 level=-58 wps
02-12 10:15:50.690 D/wpa_supplicant(  651): wlan0:    skip - SSID mismatch
02-12 10:15:50.690 D/wpa_supplicant(  651): wlan0: 5: 02:1a:11:fd:45:ed ssid='Android' wpa_ie_len=0 rsn_ie_len=20 caps=0x511 level=-61
02-12 10:15:50.690 D/wpa_supplicant(  651): wlan0:    skip - SSID mismatch
02-12 10:15:50.690 D/wpa_supplicant(  651): wlan0: 6: cc:34:29:2b:26:4c ssid='cws-test' wpa_ie_len=0 rsn_ie_len=20 caps=0x431 level=-61 wps
02-12 10:15:50.690 D/wpa_supplicant(  651): wlan0:    skip - SSID mismatch
02-12 10:15:50.690 D/wpa_supplicant(  651): wlan0: 7: 10:c3:7b:d2:e5:e0 ssid='ASUS_RT-AC66U-2.4G' wpa_ie_len=0 rsn_ie_len=20 caps=0x411 level=-61 wps
02-12 10:15:50.690 D/wpa_supplicant(  651): wlan0:    skip - SSID mismatch
02-12 10:15:50.690 D/wpa_supplicant(  651): wlan0: 8: 6c:8b:2f:e8:38:24 ssid='ZTE_AP_6703' wpa_ie_len=0 rsn_ie_len=20 caps=0x511 level=-62
02-12 10:15:50.690 D/wpa_supplicant(  651): wlan0:    skip - SSID mismatch
02-12 10:15:50.690 D/wpa_supplicant(  651): wlan0: 9: 98:fc:11:81:35:fb ssid='E2000E' wpa_ie_len=0 rsn_ie_len=20 caps=0x411 level=-63 wps
02-12 10:15:50.690 D/wpa_supplicant(  651): wlan0:    skip - SSID mismatch
02-12 10:15:50.690 D/wpa_supplicant(  651): wlan0: 10: 5e:f3:70:0c:91:9a ssid='DIRECT-pl-Android_7f71' wpa_ie_len=0 rsn_ie_len=20 caps=0x411 level=-66 wps
02-12 10:15:50.690 D/wpa_supplicant(  651): wlan0:    skip - SSID mismatch
02-12 10:15:50.690 D/wpa_supplicant(  651): wlan0: 11: 80:1f:02:43:fb:e8 ssid='Edimax AP' wpa_ie_len=0 rsn_ie_len=20 caps=0x411 level=-67
02-12 10:15:50.690 D/wpa_supplicant(  651): wlan0:    skip - SSID mismatch
02-12 10:15:50.690 D/wpa_supplicant(  651): wlan0: 12: 02:1a:11:fa:9e:f1 ssid='love U forever' wpa_ie_len=0 rsn_ie_len=20 caps=0x431 level=-67
02-12 10:15:50.690 D/wpa_supplicant(  651): wlan0:    skip - SSID mismatch
02-12 10:15:50.690 D/wpa_supplicant(  651): wlan0: 13: b0:48:7a:51:ff:cc ssid='Neusoft TP' wpa_ie_len=22 rsn_ie_len=20 caps=0x431 level=-68 wps
02-12 10:15:50.690 D/wpa_supplicant(  651): wlan0:    skip - SSID mismatch
02-12 10:15:50.690 D/wpa_supplicant(  651): wlan0: 14: b0:48:7a:20:66:6a ssid='TP-LINK_20666A' wpa_ie_len=22 rsn_ie_len=20 caps=0x431 level=-69 wps
02-12 10:15:50.690 D/wpa_supplicant(  651): wlan0:    skip - SSID mismatch
02-12 10:15:50.690 D/wpa_supplicant(  651): wlan0: 15: e4:d3:32:c0:cf:a4 ssid='fast' wpa_ie_len=0 rsn_ie_len=20 caps=0x411 level=-72
02-12 10:15:50.690 D/wpa_supplicant(  651): wlan0:    skip - SSID mismatch
02-12 10:15:50.690 D/wpa_supplicant(  651): wlan0: 16: c0:c1:c0:76:81:3c ssid='E2000' wpa_ie_len=0 rsn_ie_len=20 caps=0x411 level=-73 wps
02-12 10:15:50.690 D/wpa_supplicant(  651): wlan0:    skip - SSID mismatch
02-12 10:15:50.690 D/wpa_supplicant(  651): wlan0: 17: 14:d6:4d:28:ef:c8 ssid='dlink' wpa_ie_len=0 rsn_ie_len=20 caps=0x31 level=-78 wps
02-12 10:15:50.690 D/wpa_supplicant(  651): wlan0:    skip - SSID mismatch
02-12 10:15:50.690 D/wpa_supplicant(  651): wlan0: 18: 50:bd:5f:4b:29:92 ssid='Internet-2' wpa_ie_len=0 rsn_ie_len=0 caps=0x421 level=-61
02-12 10:15:50.690 D/wpa_supplicant(  651): wlan0:    skip - SSID mismatch
02-12 10:15:50.690 D/wpa_supplicant(  651): wlan0: Selecting BSS from priority group 4
02-12 10:15:50.690 D/wpa_supplicant(  651): wlan0: 0: 6c:8b:2f:e9:d1:da ssid='ZTE_AP_1640' wpa_ie_len=0 rsn_ie_len=20 caps=0x511 level=-45
02-12 10:15:50.690 D/wpa_supplicant(  651): wlan0:    skip - disabled
02-12 10:15:50.690 D/wpa_supplicant(  651): wlan0: 1: f8:d1:11:e7:99:e8 ssid='videotest' wpa_ie_len=22 rsn_ie_len=20 caps=0x531 level=-50 wps
02-12 10:15:50.690 D/wpa_supplicant(  651): wlan0:    skip - disabled
02-12 10:15:50.690 D/wpa_supplicant(  651): wlan0: 2: 44:94:fc:3d:da:38 ssid='6300' wpa_ie_len=0 rsn_ie_len=20 caps=0x411 level=-55 wps
02-12 10:15:50.690 D/wpa_supplicant(  651): wlan0:    skip - disabled
02-12 10:15:50.690 D/wpa_supplicant(  651): wlan0: 3: c8:d7:19:60:62:f2 ssid='E3000-2.4G' wpa_ie_len=0 rsn_ie_len=20 caps=0x411 level=-56
02-12 10:15:50.690 D/wpa_supplicant(  651): wlan0:    skip - disabled
02-12 10:15:50.690 D/wpa_supplicant(  651): wlan0: 4: cc:34:29:2c:fb:ec ssid='linksys' wpa_ie_len=22 rsn_ie_len=20 caps=0x431 level=-58 wps
02-12 10:15:50.690 D/wpa_supplicant(  651): wlan0:    skip - disabled
02-12 10:15:50.690 D/wpa_supplicant(  651): wlan0: 5: 02:1a:11:fd:45:ed ssid='Android' wpa_ie_len=0 rsn_ie_len=20 caps=0x511 level=-61
02-12 10:15:50.690 D/wpa_supplicant(  651): wlan0:    skip - disabled
02-12 10:15:50.690 D/wpa_supplicant(  651): wlan0: 6: cc:34:29:2b:26:4c ssid='cws-test' wpa_ie_len=0 rsn_ie_len=20 caps=0x431 level=-61 wps
02-12 10:15:50.690 D/wpa_supplicant(  651): wlan0:    skip - disabled
02-12 10:15:50.690 D/wpa_supplicant(  651): wlan0: 7: 10:c3:7b:d2:e5:e0 ssid='ASUS_RT-AC66U-2.4G' wpa_ie_len=0 rsn_ie_len=20 caps=0x411 level=-61 wps
02-12 10:15:50.690 D/wpa_supplicant(  651): wlan0:    skip - disabled
02-12 10:15:50.690 D/wpa_supplicant(  651): wlan0: 8: 6c:8b:2f:e8:38:24 ssid='ZTE_AP_6703' wpa_ie_len=0 rsn_ie_len=20 caps=0x511 level=-62
02-12 10:15:50.690 D/wpa_supplicant(  651): wlan0:    skip - disabled
02-12 10:15:50.690 D/wpa_supplicant(  651): wlan0: 9: 98:fc:11:81:35:fb ssid='E2000E' wpa_ie_len=0 rsn_ie_len=20 caps=0x411 level=-63 wps
02-12 10:15:50.690 D/wpa_supplicant(  651): wlan0:    skip - disabled
02-12 10:15:50.690 D/wpa_supplicant(  651): wlan0: 10: 5e:f3:70:0c:91:9a ssid='DIRECT-pl-Android_7f71' wpa_ie_len=0 rsn_ie_len=20 caps=0x411 level=-66 wps
02-12 10:15:50.690 D/wpa_supplicant(  651): wlan0:    skip - disabled
02-12 10:15:50.690 D/wpa_supplicant(  651): wlan0: 11: 80:1f:02:43:fb:e8 ssid='Edimax AP' wpa_ie_len=0 rsn_ie_len=20 caps=0x411 level=-67
02-12 10:15:50.690 D/wpa_supplicant(  651): wlan0:    skip - disabled
02-12 10:15:50.690 D/wpa_supplicant(  651): wlan0: 12: 02:1a:11:fa:9e:f1 ssid='love U forever' wpa_ie_len=0 rsn_ie_len=20 caps=0x431 level=-67
02-12 10:15:50.690 D/wpa_supplicant(  651): wlan0:    skip - disabled
02-12 10:15:50.690 D/wpa_supplicant(  651): wlan0: 13: b0:48:7a:51:ff:cc ssid='Neusoft TP' wpa_ie_len=22 rsn_ie_len=20 caps=0x431 level=-68 wps
02-12 10:15:50.690 D/wpa_supplicant(  651): wlan0:    skip - disabled
02-12 10:15:50.690 D/wpa_supplicant(  651): wlan0: 14: b0:48:7a:20:66:6a ssid='TP-LINK_20666A' wpa_ie_len=22 rsn_ie_len=20 caps=0x431 level=-69 wps
02-12 10:15:50.690 D/wpa_supplicant(  651): wlan0:    skip - disabled
02-12 10:15:50.690 D/wpa_supplicant(  651): wlan0: 15: e4:d3:32:c0:cf:a4 ssid='fast' wpa_ie_len=0 rsn_ie_len=20 caps=0x411 level=-72
02-12 10:15:50.690 D/wpa_supplicant(  651): wlan0:    skip - disabled
02-12 10:15:50.690 D/wpa_supplicant(  651): wlan0: 16: c0:c1:c0:76:81:3c ssid='E2000' wpa_ie_len=0 rsn_ie_len=20 caps=0x411 level=-73 wps
02-12 10:15:50.690 D/wpa_supplicant(  651): wlan0:    skip - disabled
02-12 10:15:50.690 D/wpa_supplicant(  651): wlan0: 17: 14:d6:4d:28:ef:c8 ssid='dlink' wpa_ie_len=0 rsn_ie_len=20 caps=0x31 level=-78 wps
02-12 10:15:50.690 D/wpa_supplicant(  651): wlan0:    skip - disabled
02-12 10:15:50.690 D/wpa_supplicant(  651): wlan0: 18: 50:bd:5f:4b:29:92 ssid='Internet-2' wpa_ie_len=0 rsn_ie_len=0 caps=0x421 level=-61
02-12 10:15:50.690 D/wpa_supplicant(  651): wlan0:    skip - disabled
02-12 10:15:50.690 D/wpa_supplicant(  651): wlan0: No suitable network found
02-12 10:15:50.690 D/wpa_supplicant(  651): wlan0: Setting scan request: 40 sec 0 usec
02-12 10:15:50.690 D/wpa_supplicant(  651): wlan0: Checking for other virtual interfaces sharing same radio (phy0) in event_scan_results
02-12 10:15:50.690 D/wpa_supplicant(  651): p2p-dev-wlan0: Updating scan results from sibling
02-12 10:15:50.690 D/wpa_supplicant(  651): nl80211: Received scan results (19 BSSes)
02-12 10:15:50.690 D/wpa_supplicant(  651): nl80211: Survey data missing
02-12 10:15:50.690 D/wpa_supplicant(  651): p2p-dev-wlan0: BSS: Start scan result update 210
02-12 10:15:50.690 D/wpa_supplicant(  651): BSS: No P2P IE - skipping BSS 6c:8b:2f:e9:d1:da update for P2P interface
02-12 10:15:50.690 D/wpa_supplicant(  651): BSS: No P2P IE - skipping BSS f8:d1:11:e7:99:e8 update for P2P interface
02-12 10:15:50.690 D/wpa_supplicant(  651): BSS: No P2P IE - skipping BSS 44:94:fc:3d:da:38 update for P2P interface
02-12 10:15:50.690 D/wpa_supplicant(  651): BSS: No P2P IE - skipping BSS c8:d7:19:60:62:f2 update for P2P interface
02-12 10:15:50.690 D/wpa_supplicant(  651): BSS: No P2P IE - skipping BSS cc:34:29:2c:fb:ec update for P2P interface
02-12 10:15:50.690 D/wpa_supplicant(  651): BSS: No P2P IE - skipping BSS 02:1a:11:fd:45:ed update for P2P interface
02-12 10:15:50.690 D/wpa_supplicant(  651): BSS: No P2P IE - skipping BSS cc:34:29:2b:26:4c update for P2P interface
02-12 10:15:50.690 D/wpa_supplicant(  651): BSS: No P2P IE - skipping BSS 10:c3:7b:d2:e5:e0 update for P2P interface
02-12 10:15:50.690 D/wpa_supplicant(  651): BSS: No P2P IE - skipping BSS 6c:8b:2f:e8:38:24 update for P2P interface
02-12 10:15:50.690 D/wpa_supplicant(  651): BSS: No P2P IE - skipping BSS 98:fc:11:81:35:fb update for P2P interface
02-12 10:15:50.690 D/wpa_supplicant(  651): p2p-dev-wlan0: BSS: Add new id 19 BSSID 5e:f3:70:0c:91:9a SSID 'DIRECT-pl-Android_7f71'
02-12 10:15:50.690 D/wpa_supplicant(  651): CTRL_IFACE monitor send - hexdump(len=39): 2f 64 61 74 61 2f 6d 69 73 63 2f 77 69 66 69 2f 73 6f 63 6b 65 74 73 2f 77 70 61 5f 63 74 72 6c ...
02-12 10:15:50.690 I/WifiHW  (  504): EVENT: IFNAME=p2p-dev-wlan0 CTRL-EVENT-BSS-ADDED 19 5e:f3:70:0c:91:9a
02-12 10:15:50.690 D/wpa_supplicant(  651): BSS: No P2P IE - skipping BSS 80:1f:02:43:fb:e8 update for P2P interface
02-12 10:15:50.690 D/wpa_supplicant(  651): BSS: No P2P IE - skipping BSS 02:1a:11:fa:9e:f1 update for P2P interface
02-12 10:15:50.690 D/wpa_supplicant(  651): BSS: No P2P IE - skipping BSS b0:48:7a:51:ff:cc update for P2P interface
02-12 10:15:50.690 D/wpa_supplicant(  651): BSS: No P2P IE - skipping BSS b0:48:7a:20:66:6a update for P2P interface
02-12 10:15:50.690 D/wpa_supplicant(  651): BSS: No P2P IE - skipping BSS e4:d3:32:c0:cf:a4 update for P2P interface
02-12 10:15:50.690 D/wpa_supplicant(  651): BSS: No P2P IE - skipping BSS c0:c1:c0:76:81:3c update for P2P interface
02-12 10:15:50.690 D/wpa_supplicant(  651): BSS: No P2P IE - skipping BSS 14:d6:4d:28:ef:c8 update for P2P interface
 Add access point on channel 6
02-12 10:15:50.690 D/wpa_supplicant(  651): Add access point on channel 1
02-12 10:15:50.690 D/wpa_supplicant(  651): Add access point on channel 11
02-12 10:15:50.690 D/wpa_supplicant(  651): Add access point on channel 6
02-12 10:15:50.690 D/wpa_supplicant(  651): Add access point on channel 6
02-12 10:15:50.690 D/wpa_supplicant(  651): Add access point on channel 6
02-12 10:15:50.690 D/wpa_supplicant(  651): Add access point on channel 1
02-12 10:15:50.690 D/wpa_supplicant(  651): Add access point on channel 6
02-12 10:15:50.690 D/wpa_supplicant(  651): Add access point on channel 1
02-12 10:15:50.690 D/wpa_supplicant(  651): Add access point on channel 6
02-12 10:15:50.690 D/wpa_supplicant(  651): Add access point on channel 6
02-12 10:15:50.690 D/wpa_supplicant(  651): Add access point on channel 9
02-12 10:15:50.690 D/wpa_supplicant(  651): Add access point on channel 6
02-12 10:15:50.690 D/wpa_supplicant(  651): Add access point on channel 6
02-12 10:15:50.690 D/wpa_supplicant(  651): Add access point on channel 6
02-12 10:15:50.690 D/wpa_supplicant(  651): Add access point on channel 1
02-12 10:15:50.690 D/wpa_supplicant(  651): Add access point on channel 6
02-12 10:15:50.690 D/wpa_supplicant(  651): Add access point on channel 11
02-12 10:15:50.690 D/wpa_supplicant(  651): Add access point on channel 6
02-12 10:15:50.690 D/wpa_supplicant(  651): Best Operating channel is = 1
02-12 10:15:50.690 D/wpa_supplicant(  651): WPS: AP[0] f8:d1:11:e7:99:e8 type=0 tries=0 last_attempt=-1 sec ago blacklist=0
02-12 10:15:50.690 D/wpa_supplicant(  651): WPS: AP[1] 10:c3:7b:d2:e5:e0 type=0 tries=0 last_attempt=-1 sec ago blacklist=0
02-12 10:15:50.690 D/wpa_supplicant(  651): WPS: AP[2] b0:48:7a:20:66:6a type=0 tries=0 last_attempt=-1 sec ago blacklist=0
02-12 10:15:50.690 D/wpa_supplicant(  651): WPS: AP[3] cc:34:29:2b:26:4c type=0 tries=0 last_attempt=-1 sec ago blacklist=0
02-12 10:15:50.690 D/wpa_supplicant(  651): WPS: AP[4] cc:34:29:2c:fb:ec type=0 tries=0 last_attempt=-1 sec ago blacklist=0
02-12 10:15:50.690 D/wpa_supplicant(  651): WPS: AP[5] 44:94:fc:3d:da:38 type=0 tries=0 last_attempt=-1 sec ago blacklist=0
02-12 10:15:50.690 D/wpa_supplicant(  651): WPS: AP[6] c0:c1:c0:76:81:3c type=0 tries=0 last_attempt=-1 sec ago blacklist=0
02-12 10:15:50.690 D/wpa_supplicant(  651): WPS: AP[7] 98:fc:11:81:35:fb type=0 tries=0 last_attempt=-1 sec ago blacklist=0
02-12 10:15:50.690 D/wpa_supplicant(  651): WPS: AP[8] b0:48:7a:51:ff:cc type=0 tries=0 last_attempt=-1 sec ago blacklist=0
02-12 10:15:50.690 D/wpa_supplicant(  651): WPS: AP[9] 14:d6:4d:28:ef:c8 type=0 tries=0 last_attempt=-1 sec ago blacklist=0
02-12 10:15:50.690 D/wpa_supplicant(  651): WPS: AP[10] 7a:ff:57:00:13:56 type=0 tries=0 last_attempt=-1 sec ago blacklist=0
02-12 10:15:50.690 D/wpa_supplicant(  651): WPS: AP[11] c8:d7:19:60:62:f2 type=0 tries=0 last_attempt=-1 sec ago blacklist=0
02-12 10:15:50.690 D/wpa_supplicant(  651): WPS: AP[12] c0:a0:bb:20:3b:84 type=0 tries=0 last_attempt=-1 sec ago blacklist=0
02-12 10:15:50.690 D/wpa_supplicant(  651): WPS: AP[13] 5e:f3:70:0c:91:9a type=0 tries=0 last_attempt=-1 sec ago blacklist=0
02-12 10:15:50.690 D/wpa_supplicant(  651): WPS: AP[14] 02:09:4c:42:36:90 type=0 tries=0 last_attempt=-1 sec ago blacklist=0
02-12 10:15:50.690 D/wpa_supplicant(  651): wlan0: Selecting BSS from priority group 17
02-12 10:15:50.690 D/wpa_supplicant(  651): wlan0: 0: 6c:8b:2f:e9:d1:da ssid='ZTE_AP_1640' wpa_ie_len=0 rsn_ie_len=20 caps=0x511 level=-45
02-12 10:15:50.690 D/wpa_supplicant(  651): wlan0:    skip - SSID mismatch
02-12 10:15:50.690 D/wpa_supplicant(  651): wlan0: 1: f8:d1:11:e7:99:e8 ssid='videotest' wpa_ie_len=22 rsn_ie_len=20 caps=0x531 level=-50 wps
02-12 10:15:50.690 D/wpa_supplicant(  651): wlan0:    skip - SSID mismatch
02-12 10:15:50.690 D/wpa_supplicant(  651): wlan0: 2: 44:94:fc:3d:da:38 ssid='6300' wpa_ie_len=0 rsn_ie_len=20 caps=0x411 level=-55 wps
02-12 10:15:50.690 D/wpa_supplicant(  651): wlan0:    skip - SSID mismatch
02-12 10:15:50.690 D/wpa_supplicant(  651): wlan0: 3: c8:d7:19:60:62:f2 ssid='E3000-2.4G' wpa_ie_len=0 rsn_ie_len=20 caps=0x411 level=-56
02-12 10:15:50.690 D/wpa_supplicant(  651): wlan0:    skip - SSID mismatch
02-12 10:15:50.690 D/wpa_supplicant(  651): wlan0: 4: cc:34:29:2c:fb:ec ssid='linksys' wpa_ie_len=22 rsn_ie_len=20 caps=0x431 level=-58 wps
02-12 10:15:50.690 D/wpa_supplicant(  651): wlan0:    skip - SSID mismatch
02-12 10:15:50.690 D/wpa_supplicant(  651): wlan0: 5: 02:1a:11:fd:45:ed ssid='Android' wpa_ie_len=0 rsn_ie_len=20 caps=0x511 level=-61
02-12 10:15:50.690 D/wpa_supplicant(  651): wlan0:    skip - SSID mismatch
02-12 10:15:50.690 D/wpa_supplicant(  651): wlan0: 6: cc:34:29:2b:26:4c ssid='cws-test' wpa_ie_len=0 rsn_ie_len=20 caps=0x431 level=-61 wps
02-12 10:15:50.690 D/wpa_supplicant(  651): wlan0:    skip - SSID mismatch
02-12 10:15:50.690 D/wpa_supplicant(  651): wlan0: 7: 10:c3:7b:d2:e5:e0 ssid='ASUS_RT-AC66U-2.4G' wpa_ie_len=0 rsn_ie_len=20 caps=0x411 level=-61 wps
02-12 10:15:50.690 D/wpa_supplicant(  651): wlan0:    skip - SSID mismatch
02-12 10:15:50.690 D/wpa_supplicant(  651): wlan0: 8: 6c:8b:2f:e8:38:24 ssid='ZTE_AP_6703' wpa_ie_len=0 rsn_ie_len=20 caps=0x511 level=-62
02-12 10:15:50.690 D/wpa_supplicant(  651): wlan0:    skip - SSID mismatch
02-12 10:15:50.690 D/wpa_supplicant(  651): wlan0: 9: 98:fc:11:81:35:fb ssid='E2000E' wpa_ie_len=0 rsn_ie_len=20 caps=0x411 level=-63 wps
02-12 10:15:50.690 D/wpa_supplicant(  651): wlan0:    skip - SSID mismatch
02-12 10:15:50.690 D/wpa_supplicant(  651): wlan0: 10: 5e:f3:70:0c:91:9a ssid='DIRECT-pl-Android_7f71' wpa_ie_len=0 rsn_ie_len=20 caps=0x411 level=-66 wps
02-12 10:15:50.690 D/wpa_supplicant(  651): wlan0:    skip - SSID mismatch
02-12 10:15:50.690 D/wpa_supplicant(  651): wlan0: 11: 80:1f:02:43:fb:e8 ssid='Edimax AP' wpa_ie_len=0 rsn_ie_len=20 caps=0x411 level=-67
02-12 10:15:50.690 D/wpa_supplicant(  651): wlan0:    skip - SSID mismatch
02-12 10:15:50.690 D/wpa_supplicant(  651): wlan0: 12: 02:1a:11:fa:9e:f1 ssid='love U forever' wpa_ie_len=0 rsn_ie_len=20 caps=0x431 level=-67
02-12 10:15:50.690 D/wpa_supplicant(  651): wlan0:    skip - SSID mismatch
02-12 10:15:50.690 D/wpa_supplicant(  651): wlan0: 13: b0:48:7a:51:ff:cc ssid='Neusoft TP' wpa_ie_len=22 rsn_ie_len=20 caps=0x431 level=-68 wps
02-12 10:15:50.690 D/wpa_supplicant(  651): wlan0:    skip - SSID mismatch
02-12 10:15:50.690 D/wpa_supplicant(  651): wlan0: 14: b0:48:7a:20:66:6a ssid='TP-LINK_20666A' wpa_ie_len=22 rsn_ie_len=20 caps=0x431 level=-69 wps
02-12 10:15:50.690 D/wpa_supplicant(  651): wlan0:    skip - SSID mismatch
02-12 10:15:50.690 D/wpa_supplicant(  651): wlan0: 15: e4:d3:32:c0:cf:a4 ssid='fast' wpa_ie_len=0 rsn_ie_len=20 caps=0x411 level=-72
02-12 10:15:50.690 D/wpa_supplicant(  651): wlan0:    skip - SSID mismatch
02-12 10:15:50.690 D/wpa_supplicant(  651): wlan0: 16: c0:c1:c0:76:81:3c ssid='E2000' wpa_ie_len=0 rsn_ie_len=20 caps=0x411 level=-73 wps
02-12 10:15:50.690 D/wpa_supplicant(  651): wlan0:    skip - SSID mismatch
02-12 10:15:50.690 D/wpa_supplicant(  651): wlan0: 17: 14:d6:4d:28:ef:c8 ssid='dlink' wpa_ie_len=0 rsn_ie_len=20 caps=0x31 level=-78 wps
02-12 10:15:50.690 D/wpa_supplicant(  651): wlan0:    skip - SSID mismatch
02-12 10:15:50.690 D/wpa_supplicant(  651): wlan0: 18: 50:bd:5f:4b:29:92 ssid='Internet-2' wpa_ie_len=0 rsn_ie_len=0 caps=0x421 level=-61
02-12 10:15:50.690 D/wpa_supplicant(  651): wlan0:    skip - SSID mismatch
02-12 10:15:50.690 D/wpa_supplicant(  651): wlan0: Selecting BSS from priority group 15
02-12 10:15:50.690 D/wpa_supplicant(  651): wlan0: 0: 6c:8b:2f:e9:d1:da ssid='ZTE_AP_1640' wpa_ie_len=0 rsn_ie_len=20 caps=0x511 level=-45
02-12 10:15:50.690 D/wpa_supplicant(  651): wlan0:    skip - SSID mismatch
02-12 10:15:50.690 D/wpa_supplicant(  651): wlan0: 1: f8:d1:11:e7:99:e8 ssid='videotest' wpa_ie_len=22 rsn_ie_len=20 caps=0x531 level=-50 wps
02-12 10:15:50.690 D/wpa_supplicant(  651): wlan0:    skip - SSID mismatch
02-12 10:15:50.690 D/wpa_supplicant(  651): wlan0: 2: 44:94:fc:3d:da:38 ssid='6300' wpa_ie_len=0 rsn_ie_len=20 caps=0x411 level=-55 wps
02-12 10:15:50.690 D/wpa_supplicant(  651): wlan0:    skip - SSID mismatch
02-12 10:15:50.690 D/wpa_supplicant(  651): wlan0: 3: c8:d7:19:60:62:f2 ssid='E3000-2.4G' wpa_ie_len=0 rsn_ie_len=20 caps=0x411 level=-56
02-12 10:15:50.690 D/wpa_supplicant(  651): wlan0:    skip - SSID mismatch
02-12 10:15:50.690 D/wpa_supplicant(  651): wlan0: 4: cc:34:29:2c:fb:ec ssid='linksys' wpa_ie_len=22 rsn_ie_len=20 caps=0x431 level=-58 wps
02-12 10:15:50.690 D/wpa_supplicant(  651): wlan0:    skip - SSID mismatch
02-12 10:15:50.690 D/wpa_supplicant(  651): wlan0: 5: 02:1a:11:fd:45:ed ssid='Android' wpa_ie_len=0 rsn_ie_len=20 caps=0x511 level=-61
02-12 10:15:50.690 D/wpa_supplicant(  651): wlan0:    skip - SSID mismatch
02-12 10:15:50.690 D/wpa_supplicant(  651): wlan0: 6: cc:34:29:2b:26:4c ssid='cws-test' wpa_ie_len=0 rsn_ie_len=20 caps=0x431 level=-61 wps
02-12 10:15:50.690 D/wpa_supplicant(  651): wlan0:    skip - SSID mismatch
02-12 10:15:50.690 D/wpa_supplicant(  651): wlan0: 7: 10:c3:7b:d2:e5:e0 ssid='ASUS_RT-AC66U-2.4G' wpa_ie_len=0 rsn_ie_len=20 caps=0x411 level=-61 wps
02-12 10:15:50.690 D/wpa_supplicant(  651): wlan0:    skip - SSID mismatch
02-12 10:15:50.690 D/wpa_supplicant(  651): wlan0: 8: 6c:8b:2f:e8:38:24 ssid='ZTE_AP_6703' wpa_ie_len=0 rsn_ie_len=20 caps=0x511 level=-62
02-12 10:15:50.690 D/wpa_supplicant(  651): wlan0:    skip - SSID mismatch
02-12 10:15:50.690 D/wpa_supplicant(  651): wlan0: 9: 98:fc:11:81:35:fb ssid='E2000E' wpa_ie_len=0 rsn_ie_len=20 caps=0x411 level=-63 wps
02-12 10:15:50.690 D/wpa_supplicant(  651): wlan0:    skip - SSID mismatch
02-12 10:15:50.690 D/wpa_supplicant(  651): wlan0: 10: 5e:f3:70:0c:91:9a ssid='DIRECT-pl-Android_7f71' wpa_ie_len=0 rsn_ie_len=20 caps=0x411 level=-66 wps
02-12 10:15:50.690 D/wpa_supplicant(  651): wlan0:    skip - SSID mismatch
02-12 10:15:50.690 D/wpa_supplicant(  651): wlan0: 11: 80:1f:02:43:fb:e8 ssid='Edimax AP' wpa_ie_len=0 rsn_ie_len=20 caps=0x411 level=-67
02-12 10:15:50.690 D/wpa_supplicant(  651): wlan0:    skip - SSID mismatch
02-12 10:15:50.690 D/wpa_supplicant(  651): wlan0: 12: 02:1a:11:fa:9e:f1 ssid='love U forever' wpa_ie_len=0 rsn_ie_len=20 caps=0x431 level=-67
02-12 10:15:50.690 D/wpa_supplicant(  651): wlan0:    skip - SSID mismatch
02-12 10:15:50.690 D/wpa_supplicant(  651): wlan0: 13: b0:48:7a:51:ff:cc ssid='Neusoft TP' wpa_ie_len=22 rsn_ie_len=20 caps=0x431 level=-68 wps
02-12 10:15:50.690 D/wpa_supplicant(  651): wlan0:    skip - SSID mismatch
02-12 10:15:50.690 D/wpa_supplicant(  651): wlan0: 14: b0:48:7a:20:66:6a ssid='TP-LINK_20666A' wpa_ie_len=22 rsn_ie_len=20 caps=0x431 level=-69 wps
02-12 10:15:50.690 D/wpa_supplicant(  651): wlan0:    skip - SSID mismatch
02-12 10:15:50.690 D/wpa_supplicant(  651): wlan0: 15: e4:d3:32:c0:cf:a4 ssid='fast' wpa_ie_len=0 rsn_ie_len=20 caps=0x411 level=-72
02-12 10:15:50.690 D/wpa_supplicant(  651): wlan0:    skip - SSID mismatch
02-12 10:15:50.690 D/wpa_supplicant(  651): wlan0: 16: c0:c1:c0:76:81:3c ssid='E2000' wpa_ie_len=0 rsn_ie_len=20 caps=0x411 level=-73 wps
02-12 10:15:50.690 D/wpa_supplicant(  651): wlan0:    skip - SSID mismatch
02-12 10:15:50.690 D/wpa_supplicant(  651): wlan0: 17: 14:d6:4d:28:ef:c8 ssid='dlink' wpa_ie_len=0 rsn_ie_len=20 caps=0x31 level=-78 wps
02-12 10:15:50.690 D/wpa_supplicant(  651): wlan0:    skip - SSID mismatch
02-12 10:15:50.690 D/wpa_supplicant(  651): wlan0: 18: 50:bd:5f:4b:29:92 ssid='Internet-2' wpa_ie_len=0 rsn_ie_len=0 caps=0x421 level=-61
02-12 10:15:50.690 D/wpa_supplicant(  651): wlan0:    skip - SSID mismatch
02-12 10:15:50.690 D/wpa_supplicant(  651): wlan0: Selecting BSS from priority group 4
02-12 10:15:50.690 D/wpa_supplicant(  651): wlan0: 0: 6c:8b:2f:e9:d1:da ssid='ZTE_AP_1640' wpa_ie_len=0 rsn_ie_len=20 caps=0x511 level=-45
02-12 10:15:50.690 D/wpa_supplicant(  651): wlan0:    skip - disabled
02-12 10:15:50.690 D/wpa_supplicant(  651): wlan0: 1: f8:d1:11:e7:99:e8 ssid='videotest' wpa_ie_len=22 rsn_ie_len=20 caps=0x531 level=-50 wps
02-12 10:15:50.690 D/wpa_supplicant(  651): wlan0:    skip - disabled
02-12 10:15:50.690 D/wpa_supplicant(  651): wlan0: 2: 44:94:fc:3d:da:38 ssid='6300' wpa_ie_len=0 rsn_ie_len=20 caps=0x411 level=-55 wps
02-12 10:15:50.690 D/wpa_supplicant(  651): wlan0:    skip - disabled
02-12 10:15:50.690 D/wpa_supplicant(  651): wlan0: 3: c8:d7:19:60:62:f2 ssid='E3000-2.4G' wpa_ie_len=0 rsn_ie_len=20 caps=0x411 level=-56
02-12 10:15:50.690 D/wpa_supplicant(  651): wlan0:    skip - disabled
02-12 10:15:50.690 D/wpa_supplicant(  651): wlan0: 4: cc:34:29:2c:fb:ec ssid='linksys' wpa_ie_len=22 rsn_ie_len=20 caps=0x431 level=-58 wps
02-12 10:15:50.690 D/wpa_supplicant(  651): wlan0:    skip - disabled
02-12 10:15:50.690 D/wpa_supplicant(  651): wlan0: 5: 02:1a:11:fd:45:ed ssid='Android' wpa_ie_len=0 rsn_ie_len=20 caps=0x511 level=-61
02-12 10:15:50.690 D/wpa_supplicant(  651): wlan0:    skip - disabled
02-12 10:15:50.690 D/wpa_supplicant(  651): wlan0: 6: cc:34:29:2b:26:4c ssid='cws-test' wpa_ie_len=0 rsn_ie_len=20 caps=0x431 level=-61 wps
02-12 10:15:50.690 D/wpa_supplicant(  651): wlan0:    skip - disabled
02-12 10:15:50.690 D/wpa_supplicant(  651): wlan0: 7: 10:c3:7b:d2:e5:e0 ssid='ASUS_RT-AC66U-2.4G' wpa_ie_len=0 rsn_ie_len=20 caps=0x411 level=-61 wps
02-12 10:15:50.690 D/wpa_supplicant(  651): wlan0:    skip - disabled
02-12 10:15:50.690 D/wpa_supplicant(  651): wlan0: 8: 6c:8b:2f:e8:38:24 ssid='ZTE_AP_6703' wpa_ie_len=0 rsn_ie_len=20 caps=0x511 level=-62
02-12 10:15:50.690 D/wpa_supplicant(  651): wlan0:    skip - disabled
02-12 10:15:50.690 D/wpa_supplicant(  651): wlan0: 9: 98:fc:11:81:35:fb ssid='E2000E' wpa_ie_len=0 rsn_ie_len=20 caps=0x411 level=-63 wps
02-12 10:15:50.690 D/wpa_supplicant(  651): wlan0:    skip - disabled
02-12 10:15:50.690 D/wpa_supplicant(  651): wlan0: 10: 5e:f3:70:0c:91:9a ssid='DIRECT-pl-Android_7f71' wpa_ie_len=0 rsn_ie_len=20 caps=0x411 level=-66 wps
02-12 10:15:50.690 D/wpa_supplicant(  651): wlan0:    skip - disabled
02-12 10:15:50.690 D/wpa_supplicant(  651): wlan0: 11: 80:1f:02:43:fb:e8 ssid='Edimax AP' wpa_ie_len=0 rsn_ie_len=20 caps=0x411 level=-67
02-12 10:15:50.690 D/wpa_supplicant(  651): wlan0:    skip - disabled
02-12 10:15:50.690 D/wpa_supplicant(  651): wlan0: 12: 02:1a:11:fa:9e:f1 ssid='love U forever' wpa_ie_len=0 rsn_ie_len=20 caps=0x431 level=-67
02-12 10:15:50.690 D/wpa_supplicant(  651): wlan0:    skip - disabled
02-12 10:15:50.690 D/wpa_supplicant(  651): wlan0: 13: b0:48:7a:51:ff:cc ssid='Neusoft TP' wpa_ie_len=22 rsn_ie_len=20 caps=0x431 level=-68 wps
02-12 10:15:50.690 D/wpa_supplicant(  651): wlan0:    skip - disabled
02-12 10:15:50.690 D/wpa_supplicant(  651): wlan0: 14: b0:48:7a:20:66:6a ssid='TP-LINK_20666A' wpa_ie_len=22 rsn_ie_len=20 caps=0x431 level=-69 wps
02-12 10:15:50.690 D/wpa_supplicant(  651): wlan0:    skip - disabled
02-12 10:15:50.690 D/wpa_supplicant(  651): wlan0: 15: e4:d3:32:c0:cf:a4 ssid='fast' wpa_ie_len=0 rsn_ie_len=20 caps=0x411 level=-72
02-12 10:15:50.690 D/wpa_supplicant(  651): wlan0:    skip - disabled
02-12 10:15:50.690 D/wpa_supplicant(  651): wlan0: 16: c0:c1:c0:76:81:3c ssid='E2000' wpa_ie_len=0 rsn_ie_len=20 caps=0x411 level=-73 wps
02-12 10:15:50.690 D/wpa_supplicant(  651): wlan0:    skip - disabled
02-12 10:15:50.690 D/wpa_supplicant(  651): wlan0: 17: 14:d6:4d:28:ef:c8 ssid='dlink' wpa_ie_len=0 rsn_ie_len=20 caps=0x31 level=-78 wps
02-12 10:15:50.690 D/wpa_supplicant(  651): wlan0:    skip - disabled
