02-12 10:58:19.660 I/chromium(25058): [INFO:CONSOLE(70)] "WARNING: Message from backend doesn't have data.", source:  (70)
02-12 10:58:20.040 W/BindingManager(25058): Cannot call determinedVisibility() - never saw a connection for the pid: 25058
02-12 10:58:20.320 I/chromium(25058): [INFO:CONSOLE(70)] "WARNING: Message from backend doesn't have data.", source:  (70)
02-12 10:58:20.700 W/BindingManager(25058): Cannot call determinedVisibility() - never saw a connection for the pid: 25058
02-12 10:58:20.850 V/ActivityManager(  504): Remove bg service from mStartingBackground ,r=ServiceRecord{21f6fbc0 u0 com.android.providers.calendar/.ContactsEventUpdateIntentService},r used time=46,left r count=1
02-12 10:58:21.010 I/chromium(25058): [INFO:CONSOLE(70)] "WARNING: Message from backend doesn't have data.", source:  (70)
02-12 10:58:21.340 W/BindingManager(25058): Cannot call determinedVisibility() - never saw a connection for the pid: 25058
02-12 10:58:21.500 D/dalvikvm(25278): GC_EXPLICIT freed 607K, 14% free 7698K/8928K, paused 0ms+3ms, total 17ms
02-12 10:58:21.630 I/chromium(25058): [INFO:CONSOLE(70)] "WARNING: Message from backend doesn't have data.", source:  (70)
02-12 10:58:21.800 D/SendBroadcastHandler(25278): mTimerTask sendMessage CONTACTS_DELETE 
02-12 10:58:21.800 D/SendBroadcastHandler(25278): sendBroadcast delete to voice agent
02-12 10:58:21.800 D/AsusContactWigdetSync( 1000): ready to sync contact id = 6
02-12 10:58:21.800 D/AsusContactWigdetSync( 1000): ready to sync widget
02-12 10:58:21.800 D/SendBroadcastHandler(25278): (Delete) sendBroadcast mDeleteContacts:6
02-12 10:58:21.800 D/SendBroadcastHandler(25278): (Delete) sendBroadcast mDeleteRawContactsVoice:6
02-12 10:58:21.800 D/SendBroadcastHandler(25278): sendBroadcast CONTACTS_DELETE
02-12 10:58:21.800 D/AsusContactWigdetSync(25334): ready to sync contact id = 6
02-12 10:58:21.800 D/AsusContactWigdetSync(25334): ready to sync widget
02-12 10:58:21.810 D/AsusContactWigdetSync(25334): delete contact_id = 230
02-12 10:58:21.810 D/AsusContactWigdetSync(25334): delete contact_id = 231
02-12 10:58:21.810 D/AsusContactWigdetSync(25334): delete contact_id = 232
02-12 10:58:21.810 D/AsusContactWigdetSync(25334): delete contact_id = 233
02-12 10:58:21.810 D/AsusContactWigdetSync(25334): delete contact_id = 234
02-12 10:58:21.810 D/AsusContactWigdetSync(25334): delete contact_id = 235
02-12 10:58:21.810 D/AsusContactWigdetSync(25334): sync isdelete = true
02-12 10:58:21.810 D/AsusContactWigdetSync( 1000): delete contact_id = 230
02-12 10:58:21.810 D/AsusContactWigdetSync( 1000): delete contact_id = 231
02-12 10:58:21.810 D/AsusContactWigdetSync( 1000): delete contact_id = 232
02-12 10:58:21.810 D/AsusContactWigdetSync( 1000): delete contact_id = 233
02-12 10:58:21.810 D/AsusContactWigdetSync( 1000): delete contact_id = 234
02-12 10:58:21.810 D/AsusContactWigdetSync( 1000): delete contact_id = 235
02-12 10:58:21.810 D/AsusContactWigdetSync( 1000): sync isdelete = true
02-12 10:58:21.810 D/dalvikvm( 1000): GC_CONCURRENT freed 4179K, 41% free 6430K/10804K, paused 1ms+3ms, total 11ms
02-12 10:58:21.850 I/CalendarProvider2(25310): Sending notification intent: Intent { act=android.intent.action.PROVIDER_CHANGED dat=content://com.android.calendar }
02-12 10:58:21.850 W/ContentResolver(25310): Failed to get type for: content://com.android.calendar (Unknown URL content://com.android.calendar)
02-12 10:58:21.850 D/AlertReceiver(25347): onReceive: a=android.intent.action.PROVIDER_CHANGED Intent { act=android.intent.action.PROVIDER_CHANGED dat=content://com.android.calendar flg=0x10 cmp=com.asus.calendar/com.android.calendar.alerts.AlertReceiver }
02-12 10:58:21.850 D/AlertService(25347): 0 Action = android.intent.action.PROVIDER_CHANGED
02-12 10:58:21.850 D/AlertService(25347): Beginning updateAlertNotification
02-12 10:58:21.850 V/ActivityManager(  504): Remove bg service from mStartingBackground ,r=ServiceRecord{21f57588 u0 com.android.providers.calendar/.EmptyService},r used time=1003,left r count=2
02-12 10:58:21.860 D/AlertService(25347): No fired or scheduled alerts
02-12 10:58:21.870 D/BatteryStatsImpl(  504): noteStopWakeLocked com.asus.calendar isFromForeground = false
02-12 10:58:21.870 V/ActivityManager(  504): Remove bg service from mStartingBackground ,r=ServiceRecord{21f2c088 u0 com.asus.calendar/com.android.calendar.alerts.AlertService},r used time=21,left r count=2
02-12 10:58:21.930 W/BindingManager(25058): Cannot call determinedVisibility() - never saw a connection for the pid: 25058
02-12 10:58:21.990 D/SendBroadcastHandler(25278): mTimerTask sendMessage CONTACTS_INSERT 
02-12 10:58:22.010 D/dalvikvm(  504): JIT code cache reset in 0 ms (1048560 bytes 3/0)
02-12 10:58:22.010 D/dalvikvm(  504): GC_EXPLICIT freed 94K, 49% free 16847K/32464K, paused 2ms+4ms, total 47ms
02-12 10:58:22.010 D/SendBroadcastHandler(25278): (insert) sendBroadcast mInsertRawContacts:5
02-12 10:58:22.010 D/SendBroadcastHandler(25278): (insert) sendBroadcast mInsertName:5
02-12 10:58:22.010 D/SendBroadcastHandler(25278): (insert) sendBroadcast mInsertNameDetail:5
02-12 10:58:22.010 D/SendBroadcastHandler(25278): sendBroadcast insert to voice agent
02-12 10:58:22.020 D/SendBroadcastHandler(25278): startTimer() SEND_TO_CONTACTS_WIDGET_DELETE 
02-12 10:58:22.140 D/SendBroadcastHandler(25278): startTimer() SEND_TO_CONTACTS_INSERT 
02-12 10:58:22.250 I/chromium(25058): [INFO:CONSOLE(70)] "WARNING: Message from backend doesn't have data.", source:  (70)
02-12 10:58:22.280 D/dalvikvm(25058): GC_EXPLICIT freed 2632K, 28% free 7254K/10004K, paused 0ms+3ms, total 21ms
02-12 10:58:22.610 W/BindingManager(25058): Cannot call determinedVisibility() - never saw a connection for the pid: 25058
02-12 10:58:22.810 D/AsusContactWigdetSync( 1000): sync start
02-12 10:58:22.810 D/AsusContactWigdetSync( 1000): sync selection = null
02-12 10:58:22.810 D/AsusContactWigdetSync( 1000): sync delete selection = contact_id IN ( 231, 230, 235, 234, 233, 232)
02-12 10:58:22.820 D/AsusContactWigdetSync( 1000): sync stop
02-12 10:58:22.820 D/AsusContactWigdetSync(25334): sync start
02-12 10:58:22.820 D/AsusContactWigdetSync(25334): sync selection = null
02-12 10:58:22.820 D/AsusContactWigdetSync(25334): sync delete selection = contact_id IN ( 231, 230, 235, 234, 233, 232)
02-12 10:58:22.820 D/AsusContactWigdetSync(25334): sync stop
02-12 10:58:22.820 V/ActivityManager(  504): Remove bg service from mStartingBackground ,r=ServiceRecord{21f510c0 u0 com.asus.contacts/com.android.contacts.miniwidget.SyncService},r used time=1014,left r count=1
02-12 10:58:22.820 V/ActivityManager(  504): Remove bg service from mStartingBackground ,r=ServiceRecord{21f324a8 u0 com.asus.contactswidget/.SyncService},r used time=1013,left r count=0
02-12 10:58:22.870 I/chromium(25058): [INFO:CONSOLE(70)] "WARNING: Message from backend doesn't have data.", source:  (70)
02-12 10:58:23.100 D/dalvikvm(25278): GC_EXPLICIT freed 615K, 15% free 7672K/8928K, paused 1ms+4ms, total 18ms
02-12 10:58:23.220 W/BindingManager(25058): Cannot call determinedVisibility() - never saw a connection for the pid: 25058
02-12 10:58:23.420 D/AlarmManager(  504): Triggered Alarm 22078a78 ELAPSED_REALTIME_WAKEUP IntentSender{22308468: PendingIntentRecord{225d6710 com.android.providers.calendar broadcastIntent}}
02-12 10:58:23.430 D/BatteryStatsImpl(  504): noteStopWakeLocked system isFromForeground = false
02-12 10:58:23.430 I/dalvikvm(25310): Total arena pages for JIT: 11
02-12 10:58:23.430 I/dalvikvm(25310): Total arena pages for JIT: 12
02-12 10:58:23.440 I/dalvikvm(25310): Total arena pages for JIT: 13
02-12 10:58:23.450 I/dalvikvm(25310): Total arena pages for JIT: 14
02-12 10:58:23.450 I/dalvikvm(25310): Total arena pages for JIT: 15
02-12 10:58:23.450 I/dalvikvm(25310): Total arena pages for JIT: 16
02-12 10:58:23.460 D/AlarmManager(  504): Removed alarm Alarm{21f8d7a0 type 0 com.android.providers.calendar} type:RTC_WAKEUP
02-12 10:58:23.460 D/AlarmManager(  504): Added alarm Alarm{22091da8 type 0 android} type:RTC_WAKEUP when: At 15-2-12 11:00 repeatInterval: 0h:30m:0.0s
02-12 10:58:23.470 D/AlarmManager(  504): Added alarm Alarm{2206d8b8 type 0 com.wandoujia.phoenix2} type:RTC_WAKEUP when: At 15-2-13 3:56
02-12 10:58:23.480 D/BatteryStatsImpl(  504): noteStopWakeLocked com.android.providers.calendar isFromForeground = false
02-12 10:58:23.480 D/AlarmManager(  504): Added alarm Alarm{2203c058 type 0 com.android.providers.calendar} type:RTC_WAKEUP when: At 15-2-13 8:59
02-12 10:58:23.480 V/ActivityManager(  504): Remove bg service from mStartingBackground ,r=ServiceRecord{22245b78 u0 com.android.providers.calendar/.CalendarProviderIntentService},r used time=54,left r count=1
02-12 10:58:23.480 V/ActivityManager(  504): Remove bg service from mStartingBackground ,r=ServiceRecord{2224ad20 u0 com.android.providers.calendar/.ContactsEventUpdateIntentService},r used time=100,left r count=1
02-12 10:58:23.600 I/chromium(25058): [INFO:CONSOLE(70)] "WARNING: Message from backend doesn't have data.", source:  (70)
02-12 10:58:23.720 I/chromium(25058): [INFO:CONSOLE(70)] "WARNING: Message from backend doesn't have data.", source:  (70)
02-12 10:58:24.030 W/BindingManager(25058): Cannot call determinedVisibility() - never saw a connection for the pid: 25058
02-12 10:58:24.030 I/chromium(25058): [INFO:CONSOLE(70)] "WARNING: Message from backend doesn't have data.", source:  (70)
02-12 10:58:24.050 E/Contacts(25058): org.json.JSONException: No value for contactId
02-12 10:58:24.060 D/wpa_supplicant(  651): wlan0: Starting AP scan for wildcard SSID
02-12 10:58:24.060 D/wpa_supplicant(  651): WPS: Building WPS IE for Probe Request
02-12 10:58:24.060 D/wpa_supplicant(  651): WPS:  * Version (hardcoded 0x10)
02-12 10:58:24.060 D/wpa_supplicant(  651): WPS:  * Request Type
02-12 10:58:24.060 D/wpa_supplicant(  651): WPS:  * Config Methods (4288)
02-12 10:58:24.060 D/wpa_supplicant(  651): WPS:  * UUID-E
02-12 10:58:24.060 D/wpa_supplicant(  651): WPS:  * Primary Device Type
02-12 10:58:24.060 D/wpa_supplicant(  651): WPS:  * RF Bands (1)
02-12 10:58:24.060 D/wpa_supplicant(  651): WPS:  * Association State
02-12 10:58:24.060 D/wpa_supplicant(  651): WPS:  * Configuration Error (0)
02-12 10:58:24.060 D/wpa_supplicant(  651): WPS:  * Device Password ID (0)
02-12 10:58:24.060 D/wpa_supplicant(  651): WPS:  * Manufacturer
02-12 10:58:24.060 D/wpa_supplicant(  651): WPS:  * Model Name
02-12 10:58:24.060 D/wpa_supplicant(  651): WPS:  * Model Number
02-12 10:58:24.060 D/wpa_supplicant(  651): WPS:  * Device Name
02-12 10:58:24.060 D/wpa_supplicant(  651): WPS:  * Version2 (0x20)
02-12 10:58:24.060 D/wpa_supplicant(  651): P2P: * P2P IE header
02-12 10:58:24.060 D/wpa_supplicant(  651): P2P: * Capability dev=25 group=00
02-12 10:58:24.060 D/wpa_supplicant(  651): P2P: * Listen Channel: Regulatory Class 81 Channel 11
02-12 10:58:24.060 D/wpa_supplicant(  651): wlan0: nl80211: scan request
02-12 10:58:24.110 D/wpa_supplicant(  651): Scan requested (ret=0) - scan timeout 30 seconds
02-12 10:58:24.110 D/wpa_supplicant(  651): nl80211: Drv Event 33 (NL80211_CMD_TRIGGER_SCAN) received for wlan0
02-12 10:58:24.110 D/wpa_supplicant(  651): wlan0: nl80211: Scan trigger
02-12 10:58:24.470 W/BindingManager(25058): Cannot call determinedVisibility() - never saw a connection for the pid: 25058
02-12 10:58:24.480 I/CalendarProvider2(25310): Sending notification intent: Intent { act=android.intent.action.PROVIDER_CHANGED dat=content://com.android.calendar }
02-12 10:58:24.480 W/ContentResolver(25310): Failed to get type for: content://com.android.calendar (Unknown URL content://com.android.calendar)
02-12 10:58:24.490 D/AlertReceiver(25347): onReceive: a=android.intent.action.PROVIDER_CHANGED Intent { act=android.intent.action.PROVIDER_CHANGED dat=content://com.android.calendar flg=0x10 cmp=com.asus.calendar/com.android.calendar.alerts.AlertReceiver }
02-12 10:58:24.490 V/ActivityManager(  504): Remove bg service from mStartingBackground ,r=ServiceRecord{22224e48 u0 com.android.providers.calendar/.EmptyService},r used time=1005,left r count=0
02-12 10:58:24.490 D/AlertService(25347): 0 Action = android.intent.action.PROVIDER_CHANGED
02-12 10:58:24.490 D/AlertService(25347): Beginning updateAlertNotification
02-12 10:58:24.520 D/AlertService(25347): No fired or scheduled alerts
02-12 10:58:24.530 D/BatteryStatsImpl(  504): noteStopWakeLocked com.asus.calendar isFromForeground = false
02-12 10:58:24.530 V/ActivityManager(  504): Remove bg service from mStartingBackground ,r=ServiceRecord{22214280 u0 com.asus.calendar/com.android.calendar.alerts.AlertService},r used time=40,left r count=0
02-12 10:58:24.730 D/dalvikvm(25278): GC_EXPLICIT freed 606K, 15% free 7676K/8928K, paused 1ms+3ms, total 18ms
02-12 10:58:24.750 D/dalvikvm(  504): GC_EXPLICIT freed 75K, 49% free 16841K/32464K, paused 2ms+5ms, total 45ms
02-12 10:58:24.790 I/chromium(25058): [INFO:CONSOLE(70)] "WARNING: Message from backend doesn't have data.", source:  (70)
02-12 10:58:25.020 D/SendBroadcastHandler(25278): mTimerTask sendMessage CONTACTS_DELETE 
02-12 10:58:25.020 D/AsusContactWigdetSync( 1000): ready to sync contact id = 6
02-12 10:58:25.020 D/SendBroadcastHandler(25278): sendBroadcast delete to voice agent
02-12 10:58:25.020 D/SendBroadcastHandler(25278): (Delete) sendBroadcast mDeleteContacts:6
02-12 10:58:25.020 D/SendBroadcastHandler(25278): (Delete) sendBroadcast mDeleteRawContactsVoice:6
02-12 10:58:25.020 D/SendBroadcastHandler(25278): sendBroadcast CONTACTS_DELETE
02-12 10:58:25.030 D/AsusContactWigdetSync( 1000): ready to sync widget
02-12 10:58:25.030 D/AsusContactWigdetSync(25334): ready to sync contact id = 6
02-12 10:58:25.030 D/AsusContactWigdetSync(25334): ready to sync widget
02-12 10:58:25.030 D/AsusContactWigdetSync( 1000): delete contact_id = 236
02-12 10:58:25.040 D/AsusContactWigdetSync( 1000): delete contact_id = 237
02-12 10:58:25.040 D/AsusContactWigdetSync( 1000): delete contact_id = 238
02-12 10:58:25.040 D/AsusContactWigdetSync( 1000): delete contact_id = 239
02-12 10:58:25.040 D/AsusContactWigdetSync( 1000): delete contact_id = 240
02-12 10:58:25.040 D/AsusContactWigdetSync( 1000): delete contact_id = 241
02-12 10:58:25.040 D/AsusContactWigdetSync( 1000): sync isdelete = true
02-12 10:58:25.040 D/AsusContactWigdetSync(25334): delete contact_id = 236
02-12 10:58:25.040 D/AsusContactWigdetSync(25334): delete contact_id = 237
02-12 10:58:25.040 D/AsusContactWigdetSync(25334): delete contact_id = 238
02-12 10:58:25.040 D/AsusContactWigdetSync(25334): delete contact_id = 239
02-12 10:58:25.040 D/AsusContactWigdetSync(25334): delete contact_id = 240
02-12 10:58:25.040 D/AsusContactWigdetSync(25334): delete contact_id = 241
02-12 10:58:25.040 D/AsusContactWigdetSync(25334): sync isdelete = true
02-12 10:58:25.070 W/BindingManager(25058): Cannot call determinedVisibility() - never saw a connection for the pid: 25058
02-12 10:58:25.140 D/SendBroadcastHandler(25278): mTimerTask sendMessage CONTACTS_INSERT 
02-12 10:58:25.140 D/SendBroadcastHandler(25278): (insert) sendBroadcast mInsertRawContacts:7
02-12 10:58:25.140 D/SendBroadcastHandler(25278): (insert) sendBroadcast mInsertName:7
02-12 10:58:25.140 D/SendBroadcastHandler(25278): (insert) sendBroadcast mInsertNameDetail:7
02-12 10:58:25.140 D/SendBroadcastHandler(25278): sendBroadcast insert to voice agent
02-12 10:58:25.230 D/wpa_supplicant(  651): nl80211: Drv Event 34 (NL80211_CMD_NEW_SCAN_RESULTS) received for wlan0
02-12 10:58:25.230 D/wpa_supplicant(  651): wlan0: nl80211: New scan results available
02-12 10:58:25.230 D/wpa_supplicant(  651): wlan0: Event SCAN_RESULTS (3) received
02-12 10:58:25.230 D/wpa_supplicant(  651): nl80211: Received scan results (25 BSSes)
02-12 10:58:25.230 D/wpa_supplicant(  651): nl80211: Survey data missing
02-12 10:58:25.230 D/wpa_supplicant(  651): wlan0: BSS: Start scan result update 279
02-12 10:58:25.230 D/wpa_supplicant(  651): wlan0: BSS: Add new id 651 BSSID 1c:65:9d:e8:79:44 SSID 'WiFi'
02-12 10:58:25.230 D/wpa_supplicant(  651): CTRL_IFACE monitor send - hexdump(len=39): 2f 64 61 74 61 2f 6d 69 73 63 2f 77 69 66 69 2f 73 6f 63 6b 65 74 73 2f 77 70 61 5f 63 74 72 6c ...
02-12 10:58:25.230 D/wpa_supplicant(  651): wlan0: BSS: Add new id 652 BSSID c0:cb:38:7f:c9:09 SSID '360WiFi-7908'
02-12 10:58:25.230 D/wpa_supplicant(  651): CTRL_IFACE monitor send - hexdump(len=39): 2f 64 61 74 61 2f 6d 69 73 63 2f 77 69 66 69 2f 73 6f 63 6b 65 74 73 2f 77 70 61 5f 63 74 72 6c ...
02-12 10:58:25.230 D/wpa_supplicant(  651): wlan0: BSS: Add new id 653 BSSID e4:d3:32:c0:cf:a4 SSID 'fast'
02-12 10:58:25.230 D/wpa_supplicant(  651): CTRL_IFACE monitor send - hexdump(len=39): 2f 64 61 74 61 2f 6d 69 73 63 2f 77 69 66 69 2f 73 6f 63 6b 65 74 73 2f 77 70 61 5f 63 74 72 6c ...
02-12 10:58:25.230 D/wpa_supplicant(  651): wlan0: BSS: Add new id 654 BSSID 22:48:9a:ac:31:83 SSID 'PC-ADAS'
02-12 10:58:25.230 D/wpa_supplicant(  651): CTRL_IFACE monitor send - hexdump(len=39): 2f 64 61 74 61 2f 6d 69 73 63 2f 77 69 66 69 2f 73 6f 63 6b 65 74 73 2f 77 70 61 5f 63 74 72 6c ...
02-12 10:58:25.230 D/wpa_supplicant(  651): wlan0: BSS: Add new id 655 BSSID 02:09:4c:36:65:27 SSID 'DIRECT-'
02-12 10:58:25.230 D/wpa_supplicant(  651): CTRL_IFACE monitor send - hexdump(len=39): 2f 64 61 74 61 2f 6d 69 73 63 2f 77 69 66 69 2f 73 6f 63 6b 65 74 73 2f 77 70 61 5f 63 74 72 6c ...
02-12 10:58:25.230 D/wpa_supplicant(  651): wlan0: BSS: Add new id 656 BSSID e4:d3:32:36:2e:54 SSID 'MERCURY_362E54'
02-12 10:58:25.230 D/wpa_supplicant(  651): CTRL_IFACE monitor send - hexdump(len=39): 2f 64 61 74 61 2f 6d 69 73 63 2f 77 69 66 69 2f 73 6f 63 6b 65 74 73 2f 77 70 61 5f 63 74 72 6c ...
02-12 10:58:25.230 D/wpa_supplicant(  651): wlan0: BSS: Remove id 649 BSSID 74:de:2b:0d:bb:c1 SSID 'Slowly' due to no match in scan
02-12 10:58:25.230 D/wpa_supplicant(  651): CTRL_IFACE monitor send - hexdump(len=39): 2f 64 61 74 61 2f 6d 69 73 63 2f 77 69 66 69 2f 73 6f 63 6b 65 74 73 2f 77 70 61 5f 63 74 72 6c ...
02-12 10:58:25.230 D/wpa_supplicant(  651): wlan0: BSS: Remove id 644 BSSID 02:09:4c:42:36:90 SSID 'DIRECT-' due to no match in scan
02-12 10:58:25.230 D/wpa_supplicant(  651): CTRL_IFACE monitor send - hexdump(len=39): 2f 64 61 74 61 2f 6d 69 73 63 2f 77 69 66 69 2f 73 6f 63 6b 65 74 73 2f 77 70 61 5f 63 74 72 6c ...
02-12 10:58:25.230 D/wpa_supplicant(  651): BSS: last_scan_res_used=25/32 last_scan_full=0
02-12 10:58:25.230 D/wpa_supplicant(  651): wlan0: New scan results available
02-12 10:58:25.230 D/wpa_supplicant(  651): CTRL_IFACE monitor send - hexdump(len=39): 2f 64 61 74 61 2f 6d 69 73 63 2f 77 69 66 69 2f 73 6f 63 6b 65 74 73 2f 77 70 61 5f 63 74 72 6c ...
02-12 10:58:25.230 D/wpa_supplicant(  651): CTRL_IFACE monitor send - hexdump(len=39): 2f 64 61 74 61 2f 6d 69 73 63 2f 77 69 66 69 2f 73 6f 63 6b 65 74 73 2f 77 70 61 5f 63 74 72 6c ...
02-12 10:58:25.230 D/wpa_supplicant(  651): Authorize channel 1
02-12 10:58:25.230 D/wpa_supplicant(  651): Authorize channel 2
02-12 10:58:25.230 D/wpa_supplicant(  651): Authorize channel 3
02-12 10:58:25.230 D/wpa_supplicant(  651): Authorize channel 4
02-12 10:58:25.230 D/wpa_supplicant(  651): Authorize channel 5
02-12 10:58:25.230 D/wpa_supplicant(  651): Authorize channel 6
02-12 10:58:25.230 D/wpa_supplicant(  651): Authorize channel 7
02-12 10:58:25.230 D/wpa_supplicant(  651): Authorize channel 8
02-12 10:58:25.230 D/wpa_supplicant(  651): Authorize channel 9
02-12 10:58:25.230 D/wpa_supplicant(  651): Authorize channel 10
02-12 10:58:25.230 D/wpa_supplicant(  651): Authorize channel 11
02-12 10:58:25.230 D/wpa_supplicant(  651): Authorize channel 12
02-12 10:58:25.230 D/wpa_supplicant(  651): Authorize channel 13
02-12 10:58:25.230 D/wpa_supplicant(  651): Authorize channel 1
02-12 10:58:25.230 D/wpa_supplicant(  651): Authorize channel 2
02-12 10:58:25.230 D/wpa_supplicant(  651): Authorize channel 3
02-12 10:58:25.230 D/wpa_supplicant(  651): Authorize channel 4
02-12 10:58:25.230 D/wpa_supplicant(  651): Authorize channel 5
02-12 10:58:25.230 D/wpa_supplicant(  651): Authorize channel 6
02-12 10:58:25.230 D/wpa_supplicant(  651): Authorize channel 7
02-12 10:58:25.230 D/wpa_supplicant(  651): Authorize channel 8
02-12 10:58:25.230 D/wpa_supplicant(  651): Authorize channel 9
02-12 10:58:25.230 D/wpa_supplicant(  651): Authorize channel 10
02-12 10:58:25.230 D/wpa_supplicant(  651): Authorize channel 11
02-12 10:58:25.230 D/wpa_supplicant(  651): Authorize channel 12
02-12 10:58:25.230 D/wpa_supplicant(  651): Authorize channel 13
02-12 10:58:25.230 D/wpa_supplicant(  651): Add access point on channel 6
02-12 10:58:25.230 D/wpa_supplicant(  651): Add access point on channel 11
02-12 10:58:25.230 D/wpa_supplicant(  651): Add access point on channel 4
02-12 10:58:25.230 D/wpa_supplicant(  651): Add access point on channel 11
02-12 10:58:25.230 D/wpa_supplicant(  651): Add access point on channel 6
02-12 10:58:25.230 D/wpa_supplicant(  651): Add access point on channel 1
02-12 10:58:25.230 D/wpa_supplicant(  651): Add access point on channel 11
02-12 10:58:25.230 D/wpa_supplicant(  651): Add access point on channel 6
02-12 10:58:25.230 D/wpa_supplicant(  651): Add access point on channel 6
02-12 10:58:25.230 D/wpa_supplicant(  651): Add access point on channel 1
02-12 10:58:25.230 D/wpa_supplicant(  651): Add access point on channel 6
02-12 10:58:25.230 D/wpa_supplicant(  651): Add access point on channel 11
02-12 10:58:25.230 D/wpa_supplicant(  651): Add access point on channel 6
02-12 10:58:25.230 D/wpa_supplicant(  651): Add access point on channel 1
02-12 10:58:25.230 D/wpa_supplicant(  651): Add access point on channel 6
02-12 10:58:25.230 D/wpa_supplicant(  651): Add access point on channel 9
02-12 10:58:25.230 D/wpa_supplicant(  651): Add access point on channel 6
02-12 10:58:25.230 D/wpa_supplicant(  651): Add access point on channel 6
02-12 10:58:25.230 D/wpa_supplicant(  651): Add access point on channel 1
02-12 10:58:25.230 D/wpa_supplicant(  651): Add access point on channel 6
02-12 10:58:25.230 D/wpa_supplicant(  651): Add access point on channel 1
02-12 10:58:25.230 D/wpa_supplicant(  651): Add access point on channel 6
02-12 10:58:25.230 D/wpa_supplicant(  651): Add access point on channel 6
02-12 10:58:25.230 D/wpa_supplicant(  651): Add access point on channel 6
02-12 10:58:25.230 D/wpa_supplicant(  651): Add access point on channel 6
02-12 10:58:25.230 I/WifiHW  (  504): EVENT: IFNAME=wlan0 CTRL-EVENT-BSS-ADDED 651 1c:65:9d:e8:79:44
02-12 10:58:25.230 I/WifiHW  (  504): EVENT: IFNAME=wlan0 CTRL-EVENT-BSS-ADDED 652 c0:cb:38:7f:c9:09
02-12 10:58:25.230 I/WifiHW  (  504): EVENT: IFNAME=wlan0 CTRL-EVENT-BSS-ADDED 653 e4:d3:32:c0:cf:a4
02-12 10:58:25.230 I/WifiHW  (  504): EVENT: IFNAME=wlan0 CTRL-EVENT-BSS-ADDED 654 22:48:9a:ac:31:83
02-12 10:58:25.230 I/WifiHW  (  504): EVENT: IFNAME=wlan0 CTRL-EVENT-BSS-ADDED 655 02:09:4c:36:65:27
02-12 10:58:25.230 I/WifiHW  (  504): EVENT: IFNAME=wlan0 CTRL-EVENT-BSS-ADDED 656 e4:d3:32:36:2e:54
02-12 10:58:25.230 I/WifiHW  (  504): EVENT: IFNAME=wlan0 CTRL-EVENT-BSS-REMOVED 649 74:de:2b:0d:bb:c1
02-12 10:58:25.230 I/WifiHW  (  504): EVENT: IFNAME=wlan0 CTRL-EVENT-BSS-REMOVED 644 02:09:4c:42:36:90
02-12 10:58:25.230 I/WifiHW  (  504): EVENT: IFNAME=wlan0 CTRL-EVENT-SCAN-RESULTS 
02-12 10:58:25.230 I/WifiHW  (  504): EVENT: IFNAME=wlan0 WPS-AP-AVAILABLE 
02-12 10:58:25.230 D/wpa_supplicant(  651): Add access point on channel 6
02-12 10:58:25.240 D/wpa_supplicant(  651): Add access point on channel 1
02-12 10:58:25.240 D/wpa_supplicant(  651): Add access point on channel 1
02-12 10:58:25.240 D/wpa_supplicant(  651): Best Operating channel is = 11
02-12 10:58:25.240 D/wpa_supplicant(  651): WPS: AP[0] f8:d1:11:e7:99:e8 type=0 tries=0 last_attempt=-1 sec ago blacklist=0
02-12 10:58:25.240 D/wpa_supplicant(  651): WPS: AP[1] 10:c3:7b:d2:e5:e0 type=0 tries=0 last_attempt=-1 sec ago blacklist=0
02-12 10:58:25.240 D/wpa_supplicant(  651): WPS: AP[2] b0:48:7a:20:66:6a type=0 tries=0 last_attempt=-1 sec ago blacklist=0
02-12 10:58:25.240 D/wpa_supplicant(  651): WPS: AP[3] cc:34:29:2b:26:4c type=0 tries=0 last_attempt=-1 sec ago blacklist=0
02-12 10:58:25.240 D/wpa_supplicant(  651): WPS: AP[4] cc:34:29:2c:fb:ec type=0 tries=0 last_attempt=-1 sec ago blacklist=0
02-12 10:58:25.240 D/wpa_supplicant(  651): WPS: AP[5] 44:94:fc:3d:da:38 type=0 tries=0 last_attempt=-1 sec ago blacklist=0
02-12 10:58:25.240 D/wpa_supplicant(  651): WPS: AP[6] c0:c1:c0:76:81:3c type=0 tries=0 last_attempt=-1 sec ago blacklist=0
02-12 10:58:25.240 D/wpa_supplicant(  651): WPS: AP[7] 98:fc:11:81:35:fb type=0 tries=0 last_attempt=-1 sec ago blacklist=0
02-12 10:58:25.240 D/wpa_supplicant(  651): WPS: AP[8] b0:48:7a:51:ff:cc type=0 tries=0 last_attempt=-1 sec ago blacklist=0
02-12 10:58:25.240 D/wpa_supplicant(  651): WPS: AP[9] 14:d6:4d:28:ef:c8 type=0 tries=0 last_attempt=-1 sec ago blacklist=0
02-12 10:58:25.240 D/wpa_supplicant(  651): WPS: AP[10] 7a:ff:57:00:13:56 type=0 tries=0 last_attempt=-1 sec ago blacklist=0
02-12 10:58:25.240 D/wpa_supplicant(  651): WPS: AP[11] c8:d7:19:60:62:f2 type=0 tries=0 last_attempt=-1 sec ago blacklist=0
02-12 10:58:25.240 D/wpa_supplicant(  651): WPS: AP[12] c0:a0:bb:20:3b:84 type=0 tries=0 last_attempt=-1 sec ago blacklist=0
02-12 10:58:25.240 I/WifiHW  (  504): CMD: IFNAME=wlan0 BSS RANGE=0- MASK=0x21987
02-12 10:58:25.240 D/wpa_supplicant(  651): WPS: AP[13] 5e:f3:70:0c:91:9a type=0 tries=0 last_attempt=-1 sec ago blacklist=0
02-12 10:58:25.240 D/wpa_supplicant(  651): WPS: AP[14] 02:09:4c:42:36:90 type=0 tries=0 last_attempt=-1 sec ago blacklist=0
02-12 10:58:25.240 D/wpa_supplicant(  651): WPS: AP[15] e4:d3:32:36:2e:54 type=0 tries=0 last_attempt=-1 sec ago blacklist=0
02-12 10:58:25.240 D/wpa_supplicant(  651): wlan0: Selecting BSS from priority group 17
02-12 10:58:25.240 D/wpa_supplicant(  651): wlan0: 0: c8:d7:19:60:62:f2 ssid='E3000-2.4G' wpa_ie_len=0 rsn_ie_len=20 caps=0x411 level=-46
02-12 10:58:25.240 D/wpa_supplicant(  651): wlan0:    skip - SSID mismatch
02-12 10:58:25.240 D/wpa_supplicant(  651): wlan0: 1: f8:d1:11:e7:99:e8 ssid='videotest' wpa_ie_len=22 rsn_ie_len=20 caps=0x531 level=-46 wps
02-12 10:58:25.240 D/wpa_supplicant(  651): wlan0:    skip - SSID mismatch
02-12 10:58:25.240 D/wpa_supplicant(  651): wlan0: 2: 6c:8b:2f:e9:d1:da ssid='ZTE_AP_1640' wpa_ie_len=0 rsn_ie_len=20 caps=0x511 level=-49
02-12 10:58:25.240 D/wpa_supplicant(  651): wlan0:    skip - SSID mismatch
02-12 10:58:25.240 D/wpa_supplicant(  651): wlan0: 3: 10:c3:7b:d2:e5:e0 ssid='ASUS_RT-AC66U-2.4G' wpa_ie_len=0 rsn_ie_len=20 caps=0x411 level=-56 wps
02-12 10:58:25.240 D/wpa_supplicant(  651): wlan0:    skip - SSID mismatch
02-12 10:58:25.240 D/wpa_supplicant(  651): wlan0: 4: cc:34:29:2b:26:4c ssid='cws-test' wpa_ie_len=0 rsn_ie_len=20 caps=0x431 level=-58 wps
02-12 10:58:25.240 D/wpa_supplicant(  651): wlan0:    skip - SSID mismatch
02-12 10:58:25.240 D/wpa_supplicant(  651): wlan0: 5: 02:1a:11:fd:45:ed ssid='Android' wpa_ie_len=0 rsn_ie_len=20 caps=0x511 level=-59
02-12 10:58:25.240 D/wpa_supplicant(  651): wlan0:    skip - SSID mismatch
02-12 10:58:25.240 D/wpa_supplicant(  651): wlan0: 6: c0:c1:c0:76:81:3c ssid='E2000' wpa_ie_len=0 rsn_ie_len=20 caps=0x411 level=-59 wps
02-12 10:58:25.240 D/wpa_supplicant(  651): wlan0:    skip - SSID mismatch
02-12 10:58:25.240 D/wpa_supplicant(  651): wlan0: 7: 6c:8b:2f:e8:38:24 ssid='ZTE_AP_6703' wpa_ie_len=0 rsn_ie_len=20 caps=0x511 level=-61
02-12 10:58:25.240 D/wpa_supplicant(  651): wlan0:    skip - SSID mismatch
02-12 10:58:25.240 D/wpa_supplicant(  651): wlan0: 8: b0:48:7a:20:66:6a ssid='TP-LINK_20666A' wpa_ie_len=22 rsn_ie_len=20 caps=0x431 level=-63 wps
02-12 10:58:25.240 D/wpa_supplicant(  651): wlan0:    skip - SSID mismatch
02-12 10:58:25.240 D/wpa_supplicant(  651): wlan0: 9: 98:fc:11:81:35:fb ssid='E2000E' wpa_ie_len=0 rsn_ie_len=20 caps=0x411 level=-65 wps
02-12 10:58:25.240 D/wpa_supplicant(  651): wlan0:    skip - SSID mismatch
02-12 10:58:25.240 D/wpa_supplicant(  651): wlan0: 10: cc:34:29:2c:fb:ec ssid='linksys' wpa_ie_len=22 rsn_ie_len=20 caps=0x431 level=-65 wps
02-12 10:58:25.240 D/wpa_supplicant(  651): wlan0:    skip - SSID mismatch
02-12 10:58:25.240 D/wpa_supplicant(  651): wlan0: 11: b0:48:7a:51:ff:cc ssid='Neusoft TP' wpa_ie_len=22 rsn_ie_len=20 caps=0x431 level=-66 wps
02-12 10:58:25.240 D/wpa_supplicant(  651): wlan0:    skip - SSID mismatch
02-12 10:58:25.240 D/wpa_supplicant(  651): wlan0: 12: 44:94:fc:3d:da:38 ssid='6300' wpa_ie_len=0 rsn_ie_len=20 caps=0x411 level=-67 wps
02-12 10:58:25.240 D/wpa_supplicant(  651): wlan0:    skip - SSID mismatch
02-12 10:58:25.240 D/wpa_supplicant(  651): wlan0: 13: 80:1f:02:43:fb:e8 ssid='Edimax AP' wpa_ie_len=0 rsn_ie_len=20 caps=0x411 level=-69
02-12 10:58:25.240 D/wpa_supplicant(  651): wlan0:    skip - SSID mismatch
02-12 10:58:25.240 D/wpa_supplicant(  651): wlan0: 14: 1c:65:9d:e8:79:44 ssid='WiFi' wpa_ie_len=0 rsn_ie_len=20 caps=0x511 level=-70
02-12 10:58:25.240 D/wpa_supplicant(  651): wlan0:    skip - SSID mismatch
02-12 10:58:25.240 D/wpa_supplicant(  651): wlan0: 15: 02:1a:11:fa:9e:f1 ssid='love U forever' wpa_ie_len=0 rsn_ie_len=20 caps=0x431 level=-71
02-12 10:58:25.240 D/wpa_supplicant(  651): wlan0:    skip - SSID mismatch
02-12 10:58:25.240 D/wpa_supplicant(  651): wlan0: 16: 74:e5:43:24:f4:5b ssid='Dttest' wpa_ie_len=0 rsn_ie_len=20 caps=0x31 level=-72
02-12 10:58:25.240 D/wpa_supplicant(  651): wlan0:    skip - SSID mismatch
02-12 10:58:25.240 D/wpa_supplicant(  651): wlan0: 17: 00:0f:e2:0f:9f:c1 ssid='321_WAN' wpa_ie_len=28 rsn_ie_len=24 caps=0x411 level=-76
02-12 10:58:25.240 D/wpa_supplicant(  651): wlan0:    skip - SSID mismatch
02-12 10:58:25.240 D/wpa_supplicant(  651): wlan0: 18: c0:cb:38:7f:c9:09 ssid='360WiFi-7908' wpa_ie_len=0 rsn_ie_len=20 caps=0x511 level=-76
02-12 10:58:25.240 D/wpa_supplicant(  651): wlan0:    skip - SSID mismatch
02-12 10:58:25.240 D/wpa_supplicant(  651): wlan0: 19: e4:d3:32:c0:cf:a4 ssid='fast' wpa_ie_len=0 rsn_ie_len=20 caps=0x411 level=-77
02-12 10:58:25.240 D/wpa_supplicant(  651): wlan0:    skip - SSID mismatch
02-12 10:58:25.240 D/wpa_supplicant(  651): wlan0: 20: 22:48:9a:ac:31:83 ssid='PC-ADAS' wpa_ie_len=0 rsn_ie_len=20 caps=0x431 level=-77
02-12 10:58:25.240 D/wpa_supplicant(  651): wlan0:    skip - SSID mismatch
02-12 10:58:25.240 D/wpa_supplicant(  651): wlan0: 21: 14:d6:4d:28:ef:c8 ssid='dlink' wpa_ie_len=0 rsn_ie_len=20 caps=0x431 level=-78 wps
02-12 10:58:25.240 D/wpa_supplicant(  651): wlan0:    skip - SSID mismatch
02-12 10:58:25.240 D/wpa_supplicant(  651): wlan0: 22: 22:48:9a:ac:31:7f ssid='WiFi874' wpa_ie_len=0 rsn_ie_len=20 caps=0x431 level=-83
02-12 10:58:25.240 D/wpa_supplicant(  651): wlan0:    skip - SSID mismatch
02-12 10:58:25.240 D/wpa_supplicant(  651): wlan0: 23: 02:09:4c:36:65:27 ssid='DIRECT-' wpa_ie_len=0 rsn_ie_len=0 caps=0x410 level=-79
02-12 10:58:25.240 D/wpa_supplicant(  651): wlan0:    skip - SSID mismatch
02-12 10:58:25.240 D/wpa_supplicant(  651): wlan0: 24: e4:d3:32:36:2e:54 ssid='MERCURY_362E54' wpa_ie_len=0 rsn_ie_len=0 caps=0x401 level=-87 wps
02-12 10:58:25.240 D/wpa_supplicant(  651): wlan0:    skip - SSID mismatch
02-12 10:58:25.240 D/wpa_supplicant(  651): wlan0: Selecting BSS from priority group 15
02-12 10:58:25.240 D/wpa_supplicant(  651): wlan0: 0: c8:d7:19:60:62:f2 ssid='E3000-2.4G' wpa_ie_len=0 rsn_ie_len=20 caps=0x411 level=-46
02-12 10:58:25.240 D/wpa_supplicant(  651): wlan0:    skip - SSID mismatch
02-12 10:58:25.240 D/wpa_supplicant(  651): wlan0: 1: f8:d1:11:e7:99:e8 ssid='videotest' wpa_ie_len=22 rsn_ie_len=20 caps=0x531 level=-46 wps
02-12 10:58:25.240 D/wpa_supplicant(  651): wlan0:    skip - SSID mismatch
02-12 10:58:25.240 D/wpa_supplicant(  651): wlan0: 2: 6c:8b:2f:e9:d1:da ssid='ZTE_AP_1640' wpa_ie_len=0 rsn_ie_len=20 caps=0x511 level=-49
02-12 10:58:25.240 D/wpa_supplicant(  651): wlan0:    skip - SSID mismatch
02-12 10:58:25.240 D/wpa_supplicant(  651): wlan0: 3: 10:c3:7b:d2:e5:e0 ssid='ASUS_RT-AC66U-2.4G' wpa_ie_len=0 rsn_ie_len=20 caps=0x411 level=-56 wps
02-12 10:58:25.240 D/wpa_supplicant(  651): wlan0:    skip - SSID mismatch
02-12 10:58:25.240 D/wpa_supplicant(  651): wlan0: 4: cc:34:29:2b:26:4c ssid='cws-test' wpa_ie_len=0 rsn_ie_len=20 caps=0x431 level=-58 wps
02-12 10:58:25.240 D/wpa_supplicant(  651): wlan0:    skip - SSID mismatch
02-12 10:58:25.240 D/wpa_supplicant(  651): wlan0: 5: 02:1a:11:fd:45:ed ssid='Android' wpa_ie_len=0 rsn_ie_len=20 caps=0x511 level=-59
02-12 10:58:25.240 D/wpa_supplicant(  651): wlan0:    skip - SSID mismatch
02-12 10:58:25.240 D/wpa_supplicant(  651): wlan0: 6: c0:c1:c0:76:81:3c ssid='E2000' wpa_ie_len=0 rsn_ie_len=20 caps=0x411 level=-59 wps
02-12 10:58:25.240 D/wpa_supplicant(  651): wlan0:    skip - SSID mismatch
02-12 10:58:25.240 D/wpa_supplicant(  651): wlan0: 7: 6c:8b:2f:e8:38:24 ssid='ZTE_AP_6703' wpa_ie_len=0 rsn_ie_len=20 caps=0x511 level=-61
02-12 10:58:25.240 D/wpa_supplicant(  651): wlan0:    skip - SSID mismatch
02-12 10:58:25.240 D/wpa_supplicant(  651): wlan0: 8: b0:48:7a:20:66:6a ssid='TP-LINK_20666A' wpa_ie_len=22 rsn_ie_len=20 caps=0x431 level=-63 wps
02-12 10:58:25.240 D/wpa_supplicant(  651): wlan0:    skip - SSID mismatch
02-12 10:58:25.240 D/wpa_supplicant(  651): wlan0: 9: 98:fc:11:81:35:fb ssid='E2000E' wpa_ie_len=0 rsn_ie_len=20 caps=0x411 level=-65 wps
02-12 10:58:25.240 D/wpa_supplicant(  651): wlan0:    skip - SSID mismatch
02-12 10:58:25.240 D/wpa_supplicant(  651): wlan0: 10: cc:34:29:2c:fb:ec ssid='linksys' wpa_ie_len=22 rsn_ie_len=20 caps=0x431 level=-65 wps
02-12 10:58:25.240 D/wpa_supplicant(  651): wlan0:    skip - SSID mismatch
02-12 10:58:25.240 D/wpa_supplicant(  651): wlan0: 11: b0:48:7a:51:ff:cc ssid='Neusoft TP' wpa_ie_len=22 rsn_ie_len=20 caps=0x431 level=-66 wps
02-12 10:58:25.240 D/wpa_supplicant(  651): wlan0:    skip - SSID mismatch
02-12 10:58:25.240 D/wpa_supplicant(  651): wlan0: 12: 44:94:fc:3d:da:38 ssid='6300' wpa_ie_len=0 rsn_ie_len=20 caps=0x411 level=-67 wps
02-12 10:58:25.240 D/wpa_supplicant(  651): wlan0:    skip - SSID mismatch
02-12 10:58:25.240 D/wpa_supplicant(  651): wlan0: 13: 80:1f:02:43:fb:e8 ssid='Edimax AP' wpa_ie_len=0 rsn_ie_len=20 caps=0x411 level=-69
02-12 10:58:25.240 D/wpa_supplicant(  651): wlan0:    skip - SSID mismatch
02-12 10:58:25.240 D/wpa_supplicant(  651): wlan0: 14: 1c:65:9d:e8:79:44 ssid='WiFi' wpa_ie_len=0 rsn_ie_len=20 caps=0x511 level=-70
02-12 10:58:25.240 D/wpa_supplicant(  651): wlan0:    skip - SSID mismatch
02-12 10:58:25.240 D/wpa_supplicant(  651): wlan0: 15: 02:1a:11:fa:9e:f1 ssid='love U forever' wpa_ie_len=0 rsn_ie_len=20 caps=0x431 level=-71
02-12 10:58:25.240 D/wpa_supplicant(  651): wlan0:    skip - SSID mismatch
02-12 10:58:25.240 D/wpa_supplicant(  651): wlan0: 16: 74:e5:43:24:f4:5b ssid='Dttest' wpa_ie_len=0 rsn_ie_len=20 caps=0x31 level=-72
02-12 10:58:25.240 D/wpa_supplicant(  651): wlan0:    skip - SSID mismatch
02-12 10:58:25.240 D/wpa_supplicant(  651): wlan0: 17: 00:0f:e2:0f:9f:c1 ssid='321_WAN' wpa_ie_len=28 rsn_ie_len=24 caps=0x411 level=-76
02-12 10:58:25.240 D/wpa_supplicant(  651): wlan0:    skip - SSID mismatch
02-12 10:58:25.240 D/wpa_supplicant(  651): wlan0: 18: c0:cb:38:7f:c9:09 ssid='360WiFi-7908' wpa_ie_len=0 rsn_ie_len=20 caps=0x511 level=-76
02-12 10:58:25.240 D/wpa_supplicant(  651): wlan0:    skip - SSID mismatch
02-12 10:58:25.240 D/wpa_supplicant(  651): wlan0: 19: e4:d3:32:c0:cf:a4 ssid='fast' wpa_ie_len=0 rsn_ie_len=20 caps=0x411 level=-77
02-12 10:58:25.240 D/wpa_supplicant(  651): wlan0:    skip - SSID mismatch
02-12 10:58:25.240 D/wpa_supplicant(  651): wlan0: 20: 22:48:9a:ac:31:83 ssid='PC-ADAS' wpa_ie_len=0 rsn_ie_len=20 caps=0x431 level=-77
02-12 10:58:25.240 D/wpa_supplicant(  651): wlan0:    skip - SSID mismatch
02-12 10:58:25.240 D/wpa_supplicant(  651): wlan0: 21: 14:d6:4d:28:ef:c8 ssid='dlink' wpa_ie_len=0 rsn_ie_len=20 caps=0x431 level=-78 wps
02-12 10:58:25.240 D/wpa_supplicant(  651): wlan0:    skip - SSID mismatch
02-12 10:58:25.240 D/wpa_supplicant(  651): wlan0: 22: 22:48:9a:ac:31:7f ssid='WiFi874' wpa_ie_len=0 rsn_ie_len=20 caps=0x431 level=-83
02-12 10:58:25.240 D/wpa_supplicant(  651): wlan0:    skip - SSID mismatch
02-12 10:58:25.240 D/wpa_supplicant(  651): wlan0: 23: 02:09:4c:36:65:27 ssid='DIRECT-' wpa_ie_len=0 rsn_ie_len=0 caps=0x410 level=-79
02-12 10:58:25.240 D/wpa_supplicant(  651): wlan0:    skip - SSID mismatch
02-12 10:58:25.240 D/wpa_supplicant(  651): wlan0: 24: e4:d3:32:36:2e:54 ssid='MERCURY_362E54' wpa_ie_len=0 rsn_ie_len=0 caps=0x401 level=-87 wps
02-12 10:58:25.240 D/wpa_supplicant(  651): wlan0:    skip - no WPA/RSN proto match
02-12 10:58:25.240 D/wpa_supplicant(  651): wlan0: Selecting BSS from priority group 4
02-12 10:58:25.240 D/wpa_supplicant(  651): wlan0: 0: c8:d7:19:60:62:f2 ssid='E3000-2.4G' wpa_ie_len=0 rsn_ie_len=20 caps=0x411 level=-46
02-12 10:58:25.240 D/wpa_supplicant(  651): wlan0:    skip - disabled
02-12 10:58:25.240 D/wpa_supplicant(  651): wlan0: 1: f8:d1:11:e7:99:e8 ssid='videotest' wpa_ie_len=22 rsn_ie_len=20 caps=0x531 level=-46 wps
02-12 10:58:25.240 D/wpa_supplicant(  651): wlan0:    skip - disabled
02-12 10:58:25.240 D/wpa_supplicant(  651): wlan0: 2: 6c:8b:2f:e9:d1:da ssid='ZTE_AP_1640' wpa_ie_len=0 rsn_ie_len=20 caps=0x511 level=-49
02-12 10:58:25.240 D/wpa_supplicant(  651): wlan0:    skip - disabled
02-12 10:58:25.240 D/wpa_supplicant(  651): wlan0: 3: 10:c3:7b:d2:e5:e0 ssid='ASUS_RT-AC66U-2.4G' wpa_ie_len=0 rsn_ie_len=20 caps=0x411 level=-56 wps
02-12 10:58:25.240 D/wpa_supplicant(  651): wlan0:    skip - disabled
02-12 10:58:25.240 D/wpa_supplicant(  651): wlan0: 4: cc:34:29:2b:26:4c ssid='cws-test' wpa_ie_len=0 rsn_ie_len=20 caps=0x431 level=-58 wps
02-12 10:58:25.240 D/wpa_supplicant(  651): wlan0:    skip - disabled
02-12 10:58:25.240 D/wpa_supplicant(  651): wlan0: 5: 02:1a:11:fd:45:ed ssid='Android' wpa_ie_len=0 rsn_ie_len=20 caps=0x511 level=-59
02-12 10:58:25.240 D/wpa_supplicant(  651): wlan0:    skip - disabled
02-12 10:58:25.240 D/wpa_supplicant(  651): wlan0: 6: c0:c1:c0:76:81:3c ssid='E2000' wpa_ie_len=0 rsn_ie_len=20 caps=0x411 level=-59 wps
02-12 10:58:25.240 D/wpa_supplicant(  651): wlan0:    skip - disabled
02-12 10:58:25.240 D/wpa_supplicant(  651): wlan0: 7: 6c:8b:2f:e8:38:24 ssid='ZTE_AP_6703' wpa_ie_len=0 rsn_ie_len=20 caps=0x511 level=-61
02-12 10:58:25.240 D/wpa_supplicant(  651): wlan0:    skip - disabled
02-12 10:58:25.240 D/wpa_supplicant(  651): wlan0: 8: b0:48:7a:20:66:6a ssid='TP-LINK_20666A' wpa_ie_len=22 rsn_ie_len=20 caps=0x431 level=-63 wps
02-12 10:58:25.240 D/wpa_supplicant(  651): wlan0:    skip - disabled
02-12 10:58:25.240 D/wpa_supplicant(  651): wlan0: 9: 98:fc:11:81:35:fb ssid='E2000E' wpa_ie_len=0 rsn_ie_len=20 caps=0x411 level=-65 wps
02-12 10:58:25.240 D/wpa_supplicant(  651): wlan0:    skip - disabled
02-12 10:58:25.240 D/wpa_supplicant(  651): wlan0: 10: cc:34:29:2c:fb:ec ssid='linksys' wpa_ie_len=22 rsn_ie_len=20 caps=0x431 level=-65 wps
02-12 10:58:25.240 D/wpa_supplicant(  651): wlan0:    skip - disabled
02-12 10:58:25.240 D/wpa_supplicant(  651): wlan0: 11: b0:48:7a:51:ff:cc ssid='Neusoft TP' wpa_ie_len=22 rsn_ie_len=20 caps=0x431 level=-66 wps
02-12 10:58:25.240 D/wpa_supplicant(  651): wlan0:    skip - disabled
02-12 10:58:25.240 D/wpa_supplicant(  651): wlan0: 12: 44:94:fc:3d:da:38 ssid='6300' wpa_ie_len=0 rsn_ie_len=20 caps=0x411 level=-67 wps
02-12 10:58:25.240 D/wpa_supplicant(  651): wlan0:    skip - disabled
02-12 10:58:25.240 D/wpa_supplicant(  651): wlan0: 13: 80:1f:02:43:fb:e8 ssid='Edimax AP' wpa_ie_len=0 rsn_ie_len=20 caps=0x411 level=-69
02-12 10:58:25.240 D/wpa_supplicant(  651): wlan0:    skip - disabled
02-12 10:58:25.240 D/wpa_supplicant(  651): wlan0: 14: 1c:65:9d:e8:79:44 ssid='WiFi' wpa_ie_len=0 rsn_ie_len=20 caps=0x511 level=-70
02-12 10:58:25.240 D/wpa_supplicant(  651): wlan0:    skip - disabled
02-12 10:58:25.240 D/wpa_supplicant(  651): wlan0: 15: 02:1a:11:fa:9e:f1 ssid='love U forever' wpa_ie_len=0 rsn_ie_len=20 caps=0x431 level=-71
02-12 10:58:25.240 D/wpa_supplicant(  651): wlan0:    skip - disabled
02-12 10:58:25.240 D/wpa_supplicant(  651): wlan0: 16: 74:e5:43:24:f4:5b ssid='Dttest' wpa_ie_len=0 rsn_ie_len=20 caps=0x31 level=-72
02-12 10:58:25.240 D/wpa_supplicant(  651): wlan0:    skip - disabled
02-12 10:58:25.240 D/wpa_supplicant(  651): wlan0: 17: 00:0f:e2:0f:9f:c1 ssid='321_WAN' wpa_ie_len=28 rsn_ie_len=24 caps=0x411 level=-76
02-12 10:58:25.240 D/wpa_supplicant(  651): wlan0:    skip - disabled
02-12 10:58:25.240 D/wpa_supplicant(  651): wlan0: 18: c0:cb:38:7f:c9:09 ssid='360WiFi-7908' wpa_ie_len=0 rsn_ie_len=20 caps=0x511 level=-76
02-12 10:58:25.240 D/wpa_supplicant(  651): wlan0:    skip - disabled
02-12 10:58:25.240 D/wpa_supplicant(  651): wlan0: 19: e4:d3:32:c0:cf:a4 ssid='fast' wpa_ie_len=0 rsn_ie_len=20 caps=0x411 level=-77
02-12 10:58:25.240 D/wpa_supplicant(  651): wlan0:    skip - disabled
02-12 10:58:25.240 D/wpa_supplicant(  651): wlan0: 20: 22:48:9a:ac:31:83 ssid='PC-ADAS' wpa_ie_len=0 rsn_ie_len=20 caps=0x431 level=-77
02-12 10:58:25.240 D/wpa_supplicant(  651): wlan0:    skip - disabled
02-12 10:58:25.240 D/wpa_supplicant(  651): wlan0: 21: 14:d6:4d:28:ef:c8 ssid='dlink' wpa_ie_len=0 rsn_ie_len=20 caps=0x431 level=-78 wps
02-12 10:58:25.240 D/wpa_supplicant(  651): wlan0:    skip - disabled
02-12 10:58:25.240 D/wpa_supplicant(  651): wlan0: 22: 22:48:9a:ac:31:7f ssid='WiFi874' wpa_ie_len=0 rsn_ie_len=20 caps=0x431 level=-83
02-12 10:58:25.240 D/wpa_supplicant(  651): wlan0:    skip - disabled
02-12 10:58:25.240 D/wpa_supplicant(  651): wlan0: 23: 02:09:4c:36:65:27 ssid='DIRECT-' wpa_ie_len=0 rsn_ie_len=0 caps=0x410 level=-79
02-12 10:58:25.240 D/wpa_supplicant(  651): wlan0:    skip - disabled
02-12 10:58:25.240 D/wpa_supplicant(  651): wlan0: 24: e4:d3:32:36:2e:54 ssid='MERCURY_362E54' wpa_ie_len=0 rsn_ie_len=0 caps=0x401 level=-87 wps
02-12 10:58:25.240 D/wpa_supplicant(  651): wlan0:    skip - disabled
02-12 10:58:25.240 D/wpa_supplicant(  651): wlan0: No suitable network found
02-12 10:58:25.240 D/wpa_supplicant(  651): wlan0: Setting scan request: 40 sec 0 usec
02-12 10:58:25.240 D/wpa_supplicant(  651): wlan0: Checking for other virtual interfaces sharing same radio (phy0) in event_scan_results
02-12 10:58:25.240 D/wpa_supplicant(  651): p2p-dev-wlan0: Updating scan results from sibling
02-12 10:58:25.240 D/wpa_supplicant(  651): nl80211: Received scan results (25 BSSes)
02-12 10:58:25.240 D/wpa_supplicant(  651): nl80211: Survey data missing
02-12 10:58:25.240 D/wpa_supplicant(  651): p2p-dev-wlan0: BSS: Start scan result update 272
02-12 10:58:25.240 D/wpa_supplicant(  651): BSS: No P2P IE - skipping BSS c8:d7:19:60:62:f2 update for P2P interface
02-12 10:58:25.240 D/wpa_supplicant(  651): BSS: No P2P IE - skipping BSS f8:d1:11:e7:99:e8 update for P2P interface
02-12 10:58:25.240 D/wpa_supplicant(  651): BSS: No P2P IE - skipping BSS 6c:8b:2f:e9:d1:da update for P2P interface
02-12 10:58:25.240 D/wpa_supplicant(  651): BSS: No P2P IE - skipping BSS 10:c3:7b:d2:e5:e0 update for P2P interface
02-12 10:58:25.240 D/wpa_supplicant(  651): BSS: No P2P IE - skipping BSS cc:34:29:2b:26:4c update for P2P interface
02-12 10:58:25.240 D/wpa_supplicant(  651): BSS: No P2P IE - skipping BSS 02:1a:11:fd:45:ed update for P2P interface
02-12 10:58:25.240 D/wpa_supplicant(  651): BSS: No P2P IE - skipping BSS c0:c1:c0:76:81:3c update for P2P interface
02-12 10:58:25.240 D/wpa_supplicant(  651): BSS: No P2P IE - skipping BSS 6c:8b:2f:e8:38:24 update for P2P interface
02-12 10:58:25.240 D/wpa_supplicant(  651): BSS: No P2P IE - skipping BSS b0:48:7a:20:66:6a update for P2P interface
02-12 10:58:25.240 D/wpa_supplicant(  651): BSS: No P2P IE - skipping BSS 98:fc:11:81:35:fb update for P2P interface
02-12 10:58:25.240 D/wpa_supplicant(  651): BSS: No P2P IE - skipping BSS cc:34:29:2c:fb:ec update for P2P interface
02-12 10:58:25.240 D/wpa_supplicant(  651): BSS: No P2P IE - skipping BSS b0:48:7a:51:ff:cc update for P2P interface
02-12 10:58:25.240 D/wpa_supplicant(  651): BSS: No P2P IE - skipping BSS 44:94:fc:3d:da:38 update for P2P interface
02-12 10:58:25.240 D/wpa_supplicant(  651): BSS: No P2P IE - skipping BSS 80:1f:02:43:fb:e8 update for P2P interface
02-12 10:58:25.240 D/wpa_supplicant(  651): BSS: No P2P IE - skipping BSS 1c:65:9d:e8:79:44 update for P2P interface
02-12 10:58:25.240 D/wpa_supplicant(  651): BSS: No P2P IE - skipping BSS 02:1a:11:fa:9e:f1 update for P2P interface
02-12 10:58:25.240 D/wpa_supplicant(  651): BSS: No P2P IE - skipping BSS 74:e5:43:24:f4:5b update for P2P interface
02-12 10:58:25.240 D/wpa_supplicant(  651): BSS: No P2P IE - skipping BSS 00:0f:e2:0f:9f:c1 update for P2P interface
02-12 10:58:25.240 D/wpa_supplicant(  651): BSS: No P2P IE - skipping BSS c0:cb:38:7f:c9:09 update for P2P interface
02-12 10:58:25.240 D/wpa_supplicant(  651): BSS: No P2P IE - skipping BSS e4:d3:32:c0:cf:a4 update for P2P interface
02-12 10:58:25.240 D/wpa_supplicant(  651): BSS: No P2P IE - skipping BSS 22:48:9a:ac:31:83 update for P2P interface
02-12 10:58:25.240 D/wpa_supplicant(  651): BSS: No P2P IE - skipping BSS 14:d6:4d:28:ef:c8 update for P2P interface
02-12 10:58:25.240 D/wpa_supplicant(  651): BSS: No P2P IE - skipping BSS 22:48:9a:ac:31:7f update for P2P interface
02-12 10:58:25.240 D/wpa_supplicant(  651): BSS: No P2P IE - skipping BSS 02:09:4c:36:65:27 update for P2P interface
02-12 10:58:25.240 D/wpa_supplicant(  651): BSS: No P2P IE - skipping BSS e4:d3:32:36:2e:54 update for P2P interface
02-12 10:58:25.240 D/wpa_supplicant(  651): BSS: last_scan_res_used=0/32 last_scan_full=0
02-12 10:58:25.240 D/wpa_supplicant(  651): p2p-dev-wlan0: New scan results available
02-12 10:58:25.240 D/wpa_supplicant(  651): CTRL_IFACE monitor send - hexdump(len=39): 2f 64 61 74 61 2f 6d 69 73 63 2f 77 69 66 69 2f 73 6f 63 6b 65 74 73 2f 77 70 61 5f 63 74 72 6c ...
02-12 10:58:25.240 D/wpa_supplicant(  651): WPS: AP[0] 10:c3:7b:d2:e5:e0 type=0 tries=0 last_attempt=-1 sec ago blacklist=0
02-12 10:58:25.240 D/wpa_supplicant(  651): WPS: AP[1] b0:48:7a:20:66:6a type=0 tries=0 last_attempt=-1 sec ago blacklist=0
02-12 10:58:25.240 D/wpa_supplicant(  651): WPS: AP[2] f8:d1:11:e7:99:e8 type=0 tries=0 last_attempt=-1 sec ago blacklist=0
02-12 10:58:25.240 D/wpa_supplicant(  651): WPS: AP[3] 44:94:fc:3d:da:38 type=0 tries=0 last_attempt=-1 sec ago blacklist=0
02-12 10:58:25.240 D/wpa_supplicant(  651): WPS: AP[4] cc:34:29:2c:fb:ec type=0 tries=0 last_attempt=-1 sec ago blacklist=0
02-12 10:58:25.240 D/wpa_supplicant(  651): WPS: AP[5] c8:d7:19:60:62:f2 type=0 tries=0 last_attempt=-1 sec ago blacklist=0
02-12 10:58:25.240 D/wpa_supplicant(  651): WPS: AP[6] cc:34:29:2b:26:4c type=0 tries=0 last_attempt=-1 sec ago blacklist=0
02-12 10:58:25.240 D/wpa_supplicant(  651): WPS: AP[7] 98:fc:11:81:35:fb type=0 tries=0 last_attempt=-1 sec ago blacklist=0
02-12 10:58:25.240 D/wpa_supplicant(  651): WPS: AP[8] 14:d6:4d:28:ef:c8 type=0 tries=0 last_attempt=-1 sec ago blacklist=0
02-12 10:58:25.240 D/wpa_supplicant(  651): WPS: AP[9] b0:48:7a:51:ff:cc type=0 tries=0 last_attempt=-1 sec ago blacklist=0
02-12 10:58:25.240 D/wpa_supplicant(  651): WPS: AP[10] 7a:ff:57:00:13:56 type=0 tries=0 last_attempt=-1 sec ago blacklist=0
02-12 10:58:25.240 D/wpa_supplicant(  651): WPS: AP[11] c0:a0:bb:20:3b:84 type=0 tries=0 last_attempt=-1 sec ago blacklist=0
02-12 10:58:25.240 D/wpa_supplicant(  651): WPS: AP[12] c0:c1:c0:76:81:3c type=0 tries=0 last_attempt=-1 sec ago blacklist=0
02-12 10:58:25.240 D/wpa_supplicant(  651): WPS: AP[13] 5e:f3:70:0c:91:9a type=0 tries=0 last_attempt=-1 sec ago blacklist=0
02-12 10:58:25.240 D/wpa_supplicant(  651): WPS: AP[14] 02:09:4c:42:36:90 type=0 tries=0 last_attempt=-1 sec ago blacklist=0
02-12 10:58:25.240 D/wpa_supplicant(  651): WPS: AP[15] e4:d3:32:36:2e:54 type=0 tries=0 last_attempt=-1 sec ago blacklist=0
02-12 10:58:25.240 D/wpa_supplicant(  651): p2p-dev-wlan0: No suitable network found
02-12 10:58:25.240 D/wpa_supplicant(  651): p2p-dev-wlan0: Short-circuit new scan request since there are no enabled networks
02-12 10:58:25.240 D/wpa_supplicant(  651): p2p-dev-wlan0: State: INACTIVE -> INACTIVE
02-12 10:58:25.240 D/wpa_supplicant(  651): wlan0: P2P: Station mode scan operation not pending anymore (sta_scan_pending=0 p2p_cb_on_scan_complete=0)
02-12 10:58:25.240 D/wpa_supplicant(  651): RX ctrl_iface - hexdump(len=25): 42 53 53 20 52 41 4e 47 45 3d 30 2d 20 4d 41 53 4b 3d 30 78 32 31 39 38 37
02-12 10:58:25.240 D/wpa_supplicant(  651): wlan0: Control interface command 'BSS RANGE=0- MASK=0x21987'
02-12 10:58:25.240 I/WifiHW  (  504): EVENT: IFNAME=p2p-dev-wlan0 CTRL-EVENT-SCAN-RESULTS 
02-12 10:58:25.240 D/wpa_supplicant(  651): RTM_NEWLINK: operstate=0 ifi_flags=0x11003 ([UP][LOWER_UP])
02-12 10:58:25.240 D/wpa_supplicant(  651): RTM_NEWLINK, IFLA_IFNAME: Interface 'wlan0' added
02-12 10:58:25.240 D/wpa_supplicant(  651): nl80211: if_removed already cleared - ignore event
02-12 10:58:25.240 I/WifiHW  (  504): REPLY: id=328
02-12 10:58:25.240 I/WifiHW  (  504): REPLY: bssid=c8:d7:19:60:62:f2
02-12 10:58:25.240 I/WifiHW  (  504): REPLY: freq=2437
02-12 10:58:25.240 I/WifiHW  (  504): REPLY: level=-46
02-12 10:58:25.240 I/WifiHW  (  504): REPLY: tsf=0000065041430234
02-12 10:58:25.240 I/WifiHW  (  504): REPLY: flags=[WPA2-EAP-CCMP-preauth][ESS]
02-12 10:58:25.240 I/WifiHW  (  504): REPLY: ssid=E3000-2.4G
02-12 10:58:25.240 I/WifiHW  (  504): REPLY: ====
02-12 10:58:25.240 I/WifiHW  (  504): REPLY: id=329
02-12 10:58:25.240 I/WifiHW  (  504): REPLY: bssid=10:c3:7b:d2:e5:e0
02-12 10:58:25.240 I/WifiHW  (  504): REPLY: freq=2462
02-12 10:58:25.240 I/WifiHW  (  504): REPLY: level=-56
02-12 10:58:25.240 I/WifiHW  (  504): REPLY: tsf=0000065041430252
02-12 10:58:25.240 I/WifiHW  (  504): REPLY: flags=[WPA2-PSK-CCMP][WPS][ESS]
02-12 10:58:25.240 I/WifiHW  (  504): REPLY: ssid=ASUS_RT-AC66U-2.4G
02-12 10:58:25.240 I/WifiHW  (  504): REPLY: ====
02-12 10:58:25.240 I/WifiHW  (  504): REPLY: id=331
