02-12 10:29:34.690 D/wpa_supplicant(  651): Authorize channel 7
02-12 10:29:34.690 D/wpa_supplicant(  651): Authorize channel 8
02-12 10:29:34.690 D/wpa_supplicant(  651): Authorize channel 9
02-12 10:29:34.690 D/wpa_supplicant(  651): Authorize channel 10
02-12 10:29:34.690 D/wpa_supplicant(  651): Authorize channel 11
02-12 10:29:34.690 D/wpa_supplicant(  651): Authorize channel 12
02-12 10:29:34.690 D/wpa_supplicant(  651): Authorize channel 13
02-12 10:29:34.690 D/wpa_supplicant(  651): Add access point on channel 6
02-12 10:29:34.690 D/wpa_supplicant(  651): Add access point on channel 11
02-12 10:29:34.690 D/wpa_supplicant(  651): Add access point on channel 4
02-12 10:29:34.690 D/wpa_supplicant(  651): Add access point on channel 11
02-12 10:29:34.690 D/wpa_supplicant(  651): Add access point on channel 6
02-12 10:29:34.690 D/wpa_supplicant(  651): Add access point on channel 1
02-12 10:29:34.690 D/wpa_supplicant(  651): Add access point on channel 11
02-12 10:29:34.690 D/wpa_supplicant(  651): Add access point on channel 6
02-12 10:29:34.690 D/wpa_supplicant(  651): Add access point on channel 6
02-12 10:29:34.690 D/wpa_supplicant(  651): Add access point on channel 1
02-12 10:29:34.690 D/wpa_supplicant(  651): Add access point on channel 1
02-12 10:29:34.690 D/wpa_supplicant(  651): Add access point on channel 11
02-12 10:29:34.690 D/wpa_supplicant(  651): Add access point on channel 1
02-12 10:29:34.690 D/wpa_supplicant(  651): Add access point on channel 6
02-12 10:29:34.690 D/wpa_supplicant(  651): Add access point on channel 6
02-12 10:29:34.690 D/wpa_supplicant(  651): Add access point on channel 11
02-12 10:29:34.690 D/wpa_supplicant(  651): Add access point on channel 6
02-12 10:29:34.690 D/wpa_supplicant(  651): Add access point on channel 6
02-12 10:29:34.690 D/wpa_supplicant(  651): Add access point on channel 1
02-12 10:29:34.690 D/wpa_supplicant(  651): Add access point on channel 2
02-12 10:29:34.690 D/wpa_supplicant(  651): Add access point on channel 6
02-12 10:29:34.690 D/wpa_supplicant(  651): Add access point on channel 6
02-12 10:29:34.690 D/wpa_supplicant(  651): Add access point on channel 6
02-12 10:29:34.690 D/wpa_supplicant(  651): Add access point on channel 6
02-12 10:29:34.690 D/wpa_supplicant(  651): Add access point on channel 1
02-12 10:29:34.690 D/wpa_supplicant(  651): Add access point on channel 1
02-12 10:29:34.690 D/wpa_supplicant(  651): Add access point on channel 6
02-12 10:29:34.690 D/wpa_supplicant(  651): Best Operating channel is = 11
02-12 10:29:34.690 D/wpa_supplicant(  651): WPS: AP[0] f8:d1:11:e7:99:e8 type=0 tries=0 last_attempt=-1 sec ago blacklist=0
02-12 10:29:34.690 D/wpa_supplicant(  651): WPS: AP[1] 10:c3:7b:d2:e5:e0 type=0 tries=0 last_attempt=-1 sec ago blacklist=0
02-12 10:29:34.690 D/wpa_supplicant(  651): WPS: AP[2] b0:48:7a:20:66:6a type=0 tries=0 last_attempt=-1 sec ago blacklist=0
02-12 10:29:34.690 D/wpa_supplicant(  651): WPS: AP[3] cc:34:29:2b:26:4c type=0 tries=0 last_attempt=-1 sec ago blacklist=0
02-12 10:29:34.690 D/wpa_supplicant(  651): WPS: AP[4] cc:34:29:2c:fb:ec type=0 tries=0 last_attempt=-1 sec ago blacklist=0
02-12 10:29:34.690 D/wpa_supplicant(  651): WPS: AP[5] 44:94:fc:3d:da:38 type=0 tries=0 last_attempt=-1 sec ago blacklist=0
02-12 10:29:34.690 D/wpa_supplicant(  651): WPS: AP[6] c0:c1:c0:76:81:3c type=0 tries=0 last_attempt=-1 sec ago blacklist=0
02-12 10:29:34.690 D/wpa_supplicant(  651): WPS: AP[7] 98:fc:11:81:35:fb type=0 tries=0 last_attempt=-1 sec ago blacklist=0
02-12 10:29:34.690 D/wpa_supplicant(  651): WPS: AP[8] b0:48:7a:51:ff:cc type=0 tries=0 last_attempt=-1 sec ago blacklist=0
02-12 10:29:34.690 D/wpa_supplicant(  651): WPS: AP[9] 14:d6:4d:28:ef:c8 type=0 tries=0 last_attempt=-1 sec ago blacklist=0
02-12 10:29:34.690 D/wpa_supplicant(  651): WPS: AP[10] 7a:ff:57:00:13:56 type=0 tries=0 last_attempt=-1 sec ago blacklist=0
02-12 10:29:34.690 D/wpa_supplicant(  651): WPS: AP[11] c8:d7:19:60:62:f2 type=0 tries=0 last_attempt=-1 sec ago blacklist=0
02-12 10:29:34.690 D/wpa_supplicant(  651): WPS: AP[12] c0:a0:bb:20:3b:84 type=0 tries=0 last_attempt=-1 sec ago blacklist=0
02-12 10:29:34.690 D/wpa_supplicant(  651): WPS: AP[13] 5e:f3:70:0c:91:9a type=0 tries=0 last_attempt=-1 sec ago blacklist=0
02-12 10:29:34.690 D/wpa_supplicant(  651): WPS: AP[14] 02:09:4c:42:36:90 type=0 tries=0 last_attempt=-1 sec ago blacklist=0
02-12 10:29:34.690 D/wpa_supplicant(  651): wlan0: Selecting BSS from priority group 17
02-12 10:29:34.690 D/wpa_supplicant(  651): wlan0: 0: 6c:8b:2f:e9:d1:da ssid='ZTE_AP_1640' wpa_ie_len=0 rsn_ie_len=20 caps=0x511 level=-43
02-12 10:29:34.690 D/wpa_supplicant(  651): wlan0:    skip - SSID mismatch
02-12 10:29:34.690 D/wpa_supplicant(  651): wlan0: 1: f8:d1:11:e7:99:e8 ssid='videotest' wpa_ie_len=22 rsn_ie_len=20 caps=0x531 level=-49 wps
02-12 10:29:34.690 D/wpa_supplicant(  651): wlan0:    skip - SSID mismatch
02-12 10:29:34.690 D/wpa_supplicant(  651): wlan0: 2: 10:c3:7b:d2:e5:e0 ssid='ASUS_RT-AC66U-2.4G' wpa_ie_len=0 rsn_ie_len=20 caps=0x411 level=-51 wps
02-12 10:29:34.690 D/wpa_supplicant(  651): wlan0:    skip - SSID mismatch
02-12 10:29:34.690 D/wpa_supplicant(  651): wlan0: 3: 98:fc:11:81:35:fb ssid='E2000E' wpa_ie_len=0 rsn_ie_len=20 caps=0x411 level=-58 wps
02-12 10:29:34.690 D/wpa_supplicant(  651): wlan0:    skip - SSID mismatch
02-12 10:29:34.690 D/wpa_supplicant(  651): wlan0: 4: cc:34:29:2b:26:4c ssid='cws-test' wpa_ie_len=0 rsn_ie_len=20 caps=0x431 level=-58 wps
02-12 10:29:34.690 D/wpa_supplicant(  651): wlan0:    skip - SSID mismatch
02-12 10:29:34.690 D/wpa_supplicant(  651): wlan0: 5: 44:94:fc:3d:da:38 ssid='6300' wpa_ie_len=0 rsn_ie_len=20 caps=0x411 level=-59 wps
02-12 10:29:34.690 D/wpa_supplicant(  651): wlan0:    skip - SSID mismatch
02-12 10:29:34.690 D/wpa_supplicant(  651): wlan0: 6: 02:1a:11:fd:45:ed ssid='Android' wpa_ie_len=0 rsn_ie_len=20 caps=0x511 level=-60
02-12 10:29:34.690 D/wpa_supplicant(  651): wlan0:    skip - SSID mismatch
02-12 10:29:34.690 D/wpa_supplicant(  651): wlan0: 7: c8:d7:19:60:62:f2 ssid='E3000-2.4G' wpa_ie_len=0 rsn_ie_len=20 caps=0x411 level=-62
02-12 10:29:34.690 D/wpa_supplicant(  651): wlan0:    skip - SSID mismatch
02-12 10:29:34.690 D/wpa_supplicant(  651): wlan0: 8: b0:48:7a:20:66:6a ssid='TP-LINK_20666A' wpa_ie_len=22 rsn_ie_len=20 caps=0x431 level=-63 wps
02-12 10:29:34.690 D/wpa_supplicant(  651): wlan0:    skip - SSID mismatch
02-12 10:29:34.690 D/wpa_supplicant(  651): wlan0: 9: cc:34:29:2c:fb:ec ssid='linksys' wpa_ie_len=22 rsn_ie_len=20 caps=0x431 level=-63 wps
02-12 10:29:34.690 D/wpa_supplicant(  651): wlan0:    skip - SSID mismatch
02-12 10:29:34.690 D/wpa_supplicant(  651): wlan0: 10: 80:1f:02:43:fb:e8 ssid='Edimax AP' wpa_ie_len=0 rsn_ie_len=20 caps=0x411 level=-63
02-12 10:29:34.690 D/wpa_supplicant(  651): wlan0:    skip - SSID mismatch
02-12 10:29:34.690 D/wpa_supplicant(  651): wlan0: 11: c0:c1:c0:76:81:3c ssid='E2000' wpa_ie_len=0 rsn_ie_len=20 caps=0x411 level=-66 wps
02-12 10:29:34.690 D/wpa_supplicant(  651): wlan0:    skip - SSID mismatch
02-12 10:29:34.690 D/wpa_supplicant(  651): wlan0: 12: 22:48:9a:ac:31:7f ssid='WiFi874' wpa_ie_len=0 rsn_ie_len=20 caps=0x431 level=-67
02-12 10:29:34.690 D/wpa_supplicant(  651): wlan0:    skip - SSID mismatch
02-12 10:29:34.690 D/wpa_supplicant(  651): wlan0: 13: e4:d3:32:c0:cf:a4 ssid='fast' wpa_ie_len=0 rsn_ie_len=20 caps=0x411 level=-68
02-12 10:29:34.690 D/wpa_supplicant(  651): wlan0:    skip - SSID mismatch
02-12 10:29:34.690 D/wpa_supplicant(  651): wlan0: 14: 74:e5:43:24:f4:5b ssid='Dttest' wpa_ie_len=0 rsn_ie_len=20 caps=0x31 level=-69
02-12 10:29:34.690 D/wpa_supplicant(  651): wlan0:    skip - SSID mismatch
02-12 10:29:34.690 D/wpa_supplicant(  651): wlan0: 15: 5e:f3:70:0c:91:9a ssid='DIRECT-pl-Android_7f71' wpa_ie_len=0 rsn_ie_len=20 caps=0x411 level=-70 wps
02-12 10:29:34.690 D/wpa_supplicant(  651): wlan0:    skip - SSID mismatch
02-12 10:29:34.690 D/wpa_supplicant(  651): wlan0: 16: 1c:65:9d:e8:79:44 ssid='WiFi' wpa_ie_len=0 rsn_ie_len=20 caps=0x511 level=-70
02-12 10:29:34.690 D/wpa_supplicant(  651): wlan0:    skip - SSID mismatch
02-12 10:29:34.690 D/wpa_supplicant(  651): wlan0: 17: c0:cb:38:7f:c9:09 ssid='360WiFi-7908' wpa_ie_len=0 rsn_ie_len=20 caps=0x511 level=-73
02-12 10:29:34.690 D/wpa_supplicant(  651): wlan0:    skip - SSID mismatch
02-12 10:29:34.690 D/wpa_supplicant(  651): wlan0: 18: 14:d6:4d:28:ef:c8 ssid='dlink' wpa_ie_len=0 rsn_ie_len=20 caps=0x431 level=-74 wps
02-12 10:29:34.690 D/wpa_supplicant(  651): wlan0:    skip - SSID mismatch
02-12 10:29:34.690 D/wpa_supplicant(  651): wlan0: 19: 8c:be:be:01:00:49 ssid='mw' wpa_ie_len=0 rsn_ie_len=20 caps=0x431 level=-75
02-12 10:29:34.690 D/wpa_supplicant(  651): wlan0:    skip - SSID mismatch
02-12 10:29:34.690 D/wpa_supplicant(  651): wlan0: 20: c0:a0:bb:20:3b:84 ssid='dlink-3B84' wpa_ie_len=26 rsn_ie_len=24 caps=0x411 level=-78 wps
02-12 10:29:34.690 D/wpa_supplicant(  651): wlan0:    skip - SSID mismatch
02-12 10:29:34.690 D/wpa_supplicant(  651): wlan0: 21: 00:0f:e2:0f:9f:c1 ssid='321_WAN' wpa_ie_len=28 rsn_ie_len=24 caps=0x411 level=-81
02-12 10:29:34.690 D/wpa_supplicant(  651): wlan0:    skip - SSID mismatch
02-12 10:29:34.690 D/wpa_supplicant(  651): wlan0: 22: 02:09:4c:1d:84:8e ssid='DIRECT-' wpa_ie_len=0 rsn_ie_len=0 caps=0x410 level=-71
02-12 10:29:34.690 D/wpa_supplicant(  651): wlan0:    skip - SSID mismatch
02-12 10:29:34.690 D/wpa_supplicant(  651): wlan0: 23: 02:09:4c:74:b1:e3 ssid='DIRECT-' wpa_ie_len=0 rsn_ie_len=0 caps=0x410 level=-75
02-12 10:29:34.690 D/wpa_supplicant(  651): wlan0:    skip - SSID mismatch
02-12 10:29:34.690 D/wpa_supplicant(  651): wlan0: 24: 50:bd:5f:4b:29:92 ssid='Internet-2' wpa_ie_len=0 rsn_ie_len=0 caps=0x421 level=-62
02-12 10:29:34.690 D/wpa_supplicant(  651): wlan0:    skip - SSID mismatch
02-12 10:29:34.690 D/wpa_supplicant(  651): wlan0: 25: e4:d3:32:dd:18:62 ssid='Internet' wpa_ie_len=0 rsn_ie_len=0 caps=0x421 level=-71
02-12 10:29:34.690 D/wpa_supplicant(  651): wlan0:    skip - SSID mismatch
02-12 10:29:34.690 D/wpa_supplicant(  651): wlan0: Selecting BSS from priority group 15
02-12 10:29:34.690 D/wpa_supplicant(  651): wlan0: 0: 6c:8b:2f:e9:d1:da ssid='ZTE_AP_1640' wpa_ie_len=0 rsn_ie_len=20 caps=0x511 level=-43
02-12 10:29:34.690 D/wpa_supplicant(  651): wlan0:    skip - SSID mismatch
02-12 10:29:34.690 D/wpa_supplicant(  651): wlan0: 1: f8:d1:11:e7:99:e8 ssid='videotest' wpa_ie_len=22 rsn_ie_len=20 caps=0x531 level=-49 wps
02-12 10:29:34.690 D/wpa_supplicant(  651): wlan0:    skip - SSID mismatch
02-12 10:29:34.690 D/wpa_supplicant(  651): wlan0: 2: 10:c3:7b:d2:e5:e0 ssid='ASUS_RT-AC66U-2.4G' wpa_ie_len=0 rsn_ie_len=20 caps=0x411 level=-51 wps
02-12 10:29:34.690 D/wpa_supplicant(  651): wlan0:    skip - SSID mismatch
02-12 10:29:34.690 D/wpa_supplicant(  651): wlan0: 3: 98:fc:11:81:35:fb ssid='E2000E' wpa_ie_len=0 rsn_ie_len=20 caps=0x411 level=-58 wps
02-12 10:29:34.690 D/wpa_supplicant(  651): wlan0:    skip - SSID mismatch
02-12 10:29:34.690 D/wpa_supplicant(  651): wlan0: 4: cc:34:29:2b:26:4c ssid='cws-test' wpa_ie_len=0 rsn_ie_len=20 caps=0x431 level=-58 wps
02-12 10:29:34.690 D/wpa_supplicant(  651): wlan0:    skip - SSID mismatch
02-12 10:29:34.690 D/wpa_supplicant(  651): wlan0: 5: 44:94:fc:3d:da:38 ssid='6300' wpa_ie_len=0 rsn_ie_len=20 caps=0x411 level=-59 wps
02-12 10:29:34.690 D/wpa_supplicant(  651): wlan0:    skip - SSID mismatch
02-12 10:29:34.690 D/wpa_supplicant(  651): wlan0: 6: 02:1a:11:fd:45:ed ssid='Android' wpa_ie_len=0 rsn_ie_len=20 caps=0x511 level=-60
02-12 10:29:34.690 D/wpa_supplicant(  651): wlan0:    skip - SSID mismatch
02-12 10:29:34.690 D/wpa_supplicant(  651): wlan0: 7: c8:d7:19:60:62:f2 ssid='E3000-2.4G' wpa_ie_len=0 rsn_ie_len=20 caps=0x411 level=-62
02-12 10:29:34.690 D/wpa_supplicant(  651): wlan0:    skip - SSID mismatch
02-12 10:29:34.690 D/wpa_supplicant(  651): wlan0: 8: b0:48:7a:20:66:6a ssid='TP-LINK_20666A' wpa_ie_len=22 rsn_ie_len=20 caps=0x431 level=-63 wps
02-12 10:29:34.690 D/wpa_supplicant(  651): wlan0:    skip - SSID mismatch
02-12 10:29:34.690 D/wpa_supplicant(  651): wlan0: 9: cc:34:29:2c:fb:ec ssid='linksys' wpa_ie_len=22 rsn_ie_len=20 caps=0x431 level=-63 wps
02-12 10:29:34.690 D/wpa_supplicant(  651): wlan0:    skip - SSID mismatch
02-12 10:29:34.690 D/wpa_supplicant(  651): wlan0: 10: 80:1f:02:43:fb:e8 ssid='Edimax AP' wpa_ie_len=0 rsn_ie_len=20 caps=0x411 level=-63
02-12 10:29:34.690 D/wpa_supplicant(  651): wlan0:    skip - SSID mismatch
02-12 10:29:34.690 D/wpa_supplicant(  651): wlan0: 11: c0:c1:c0:76:81:3c ssid='E2000' wpa_ie_len=0 rsn_ie_len=20 caps=0x411 level=-66 wps
02-12 10:29:34.690 D/wpa_supplicant(  651): wlan0:    skip - SSID mismatch
02-12 10:29:34.690 D/wpa_supplicant(  651): wlan0: 12: 22:48:9a:ac:31:7f ssid='WiFi874' wpa_ie_len=0 rsn_ie_len=20 caps=0x431 level=-67
02-12 10:29:34.690 D/wpa_supplicant(  651): wlan0:    skip - SSID mismatch
02-12 10:29:34.690 D/wpa_supplicant(  651): wlan0: 13: e4:d3:32:c0:cf:a4 ssid='fast' wpa_ie_len=0 rsn_ie_len=20 caps=0x411 level=-68
02-12 10:29:34.690 D/wpa_supplicant(  651): wlan0:    skip - SSID mismatch
02-12 10:29:34.690 D/wpa_supplicant(  651): wlan0: 14: 74:e5:43:24:f4:5b ssid='Dttest' wpa_ie_len=0 rsn_ie_len=20 caps=0x31 level=-69
02-12 10:29:34.690 D/wpa_supplicant(  651): wlan0:    skip - SSID mismatch
02-12 10:29:34.690 D/wpa_supplicant(  651): wlan0: 15: 5e:f3:70:0c:91:9a ssid='DIRECT-pl-Android_7f71' wpa_ie_len=0 rsn_ie_len=20 caps=0x411 level=-70 wps
02-12 10:29:34.690 D/wpa_supplicant(  651): wlan0:    skip - SSID mismatch
02-12 10:29:34.690 D/wpa_supplicant(  651): wlan0: 16: 1c:65:9d:e8:79:44 ssid='WiFi' wpa_ie_len=0 rsn_ie_len=20 caps=0x511 level=-70
02-12 10:29:34.690 D/wpa_supplicant(  651): wlan0:    skip - SSID mismatch
02-12 10:29:34.690 D/wpa_supplicant(  651): wlan0: 17: c0:cb:38:7f:c9:09 ssid='360WiFi-7908' wpa_ie_len=0 rsn_ie_len=20 caps=0x511 level=-73
02-12 10:29:34.690 D/wpa_supplicant(  651): wlan0:    skip - SSID mismatch
02-12 10:29:34.690 D/wpa_supplicant(  651): wlan0: 18: 14:d6:4d:28:ef:c8 ssid='dlink' wpa_ie_len=0 rsn_ie_len=20 caps=0x431 level=-74 wps
02-12 10:29:34.690 D/wpa_supplicant(  651): wlan0:    skip - SSID mismatch
02-12 10:29:34.690 D/wpa_supplicant(  651): wlan0: 19: 8c:be:be:01:00:49 ssid='mw' wpa_ie_len=0 rsn_ie_len=20 caps=0x431 level=-75
02-12 10:29:34.690 D/wpa_supplicant(  651): wlan0:    skip - SSID mismatch
02-12 10:29:34.690 D/wpa_supplicant(  651): wlan0: 20: c0:a0:bb:20:3b:84 ssid='dlink-3B84' wpa_ie_len=26 rsn_ie_len=24 caps=0x411 level=-78 wps
02-12 10:29:34.690 D/wpa_supplicant(  651): wlan0:    skip - SSID mismatch
02-12 10:29:34.690 D/wpa_supplicant(  651): wlan0: 21: 00:0f:e2:0f:9f:c1 ssid='321_WAN' wpa_ie_len=28 rsn_ie_len=24 caps=0x411 level=-81
02-12 10:29:34.690 D/wpa_supplicant(  651): wlan0:    skip - SSID mismatch
02-12 10:29:34.690 D/wpa_supplicant(  651): wlan0: 22: 02:09:4c:1d:84:8e ssid='DIRECT-' wpa_ie_len=0 rsn_ie_len=0 caps=0x410 level=-71
02-12 10:29:34.690 D/wpa_supplicant(  651): wlan0:    skip - SSID mismatch
02-12 10:29:34.690 D/wpa_supplicant(  651): wlan0: 23: 02:09:4c:74:b1:e3 ssid='DIRECT-' wpa_ie_len=0 rsn_ie_len=0 caps=0x410 level=-75
02-12 10:29:34.690 D/wpa_supplicant(  651): wlan0:    skip - SSID mismatch
02-12 10:29:34.690 D/wpa_supplicant(  651): wlan0: 24: 50:bd:5f:4b:29:92 ssid='Internet-2' wpa_ie_len=0 rsn_ie_len=0 caps=0x421 level=-62
02-12 10:29:34.690 D/wpa_supplicant(  651): wlan0:    skip - SSID mismatch
02-12 10:29:34.690 D/wpa_supplicant(  651): wlan0: 25: e4:d3:32:dd:18:62 ssid='Internet' wpa_ie_len=0 rsn_ie_len=0 caps=0x421 level=-71
02-12 10:29:34.690 D/wpa_supplicant(  651): wlan0:    skip - SSID mismatch
02-12 10:29:34.690 D/wpa_supplicant(  651): wlan0: Selecting BSS from priority group 4
02-12 10:29:34.690 D/wpa_supplicant(  651): wlan0: 0: 6c:8b:2f:e9:d1:da ssid='ZTE_AP_1640' wpa_ie_len=0 rsn_ie_len=20 caps=0x511 level=-43
02-12 10:29:34.690 D/wpa_supplicant(  651): wlan0:    skip - disabled
02-12 10:29:34.690 D/wpa_supplicant(  651): wlan0: 1: f8:d1:11:e7:99:e8 ssid='videotest' wpa_ie_len=22 rsn_ie_len=20 caps=0x531 level=-49 wps
02-12 10:29:34.690 D/wpa_supplicant(  651): wlan0:    skip - disabled
02-12 10:29:34.690 D/wpa_supplicant(  651): wlan0: 2: 10:c3:7b:d2:e5:e0 ssid='ASUS_RT-AC66U-2.4G' wpa_ie_len=0 rsn_ie_len=20 caps=0x411 level=-51 wps
02-12 10:29:34.690 D/wpa_supplicant(  651): wlan0:    skip - disabled
02-12 10:29:34.690 D/wpa_supplicant(  651): wlan0: 3: 98:fc:11:81:35:fb ssid='E2000E' wpa_ie_len=0 rsn_ie_len=20 caps=0x411 level=-58 wps
02-12 10:29:34.690 D/wpa_supplicant(  651): wlan0:    skip - disabled
02-12 10:29:34.690 D/wpa_supplicant(  651): wlan0: 4: cc:34:29:2b:26:4c ssid='cws-test' wpa_ie_len=0 rsn_ie_len=20 caps=0x431 level=-58 wps
02-12 10:29:34.690 D/wpa_supplicant(  651): wlan0:    skip - disabled
02-12 10:29:34.690 D/wpa_supplicant(  651): wlan0: 5: 44:94:fc:3d:da:38 ssid='6300' wpa_ie_len=0 rsn_ie_len=20 caps=0x411 level=-59 wps
02-12 10:29:34.690 D/wpa_supplicant(  651): wlan0:    skip - disabled
02-12 10:29:34.690 D/wpa_supplicant(  651): wlan0: 6: 02:1a:11:fd:45:ed ssid='Android' wpa_ie_len=0 rsn_ie_len=20 caps=0x511 level=-60
02-12 10:29:34.690 D/wpa_supplicant(  651): wlan0:    skip - disabled
02-12 10:29:34.690 D/wpa_supplicant(  651): wlan0: 7: c8:d7:19:60:62:f2 ssid='E3000-2.4G' wpa_ie_len=0 rsn_ie_len=20 caps=0x411 level=-62
02-12 10:29:34.690 D/wpa_supplicant(  651): wlan0:    skip - disabled
02-12 10:29:34.690 D/wpa_supplicant(  651): wlan0: 8: b0:48:7a:20:66:6a ssid='TP-LINK_20666A' wpa_ie_len=22 rsn_ie_len=20 caps=0x431 level=-63 wps
02-12 10:29:34.690 D/wpa_supplicant(  651): wlan0:    skip - disabled
02-12 10:29:34.690 D/wpa_supplicant(  651): wlan0: 9: cc:34:29:2c:fb:ec ssid='linksys' wpa_ie_len=22 rsn_ie_len=20 caps=0x431 level=-63 wps
02-12 10:29:34.690 D/wpa_supplicant(  651): wlan0:    skip - disabled
02-12 10:29:34.690 D/wpa_supplicant(  651): wlan0: 10: 80:1f:02:43:fb:e8 ssid='Edimax AP' wpa_ie_len=0 rsn_ie_len=20 caps=0x411 level=-63
02-12 10:29:34.690 D/wpa_supplicant(  651): wlan0:    skip - disabled
02-12 10:29:34.690 D/wpa_supplicant(  651): wlan0: 11: c0:c1:c0:76:81:3c ssid='E2000' wpa_ie_len=0 rsn_ie_len=20 caps=0x411 level=-66 wps
02-12 10:29:34.690 D/wpa_supplicant(  651): wlan0:    skip - disabled
02-12 10:29:34.690 I/WifiHW  (  504): EVENT: IFNAME=wlan0 CTRL-EVENT-BSS-ADDED 567 8c:be:be:01:00:49
02-12 10:29:34.690 I/WifiHW  (  504): EVENT: IFNAME=wlan0 CTRL-EVENT-BSS-ADDED 568 02:09:4c:74:b1:e3
02-12 10:29:34.690 I/WifiHW  (  504): EVENT: IFNAME=wlan0 CTRL-EVENT-BSS-ADDED 569 e4:d3:32:dd:18:62
02-12 10:29:34.690 I/WifiHW  (  504): EVENT: IFNAME=wlan0 CTRL-EVENT-BSS-REMOVED 531 b0:48:7a:51:ff:cc
02-12 10:29:34.690 I/WifiHW  (  504): EVENT: IFNAME=wlan0 CTRL-EVENT-BSS-REMOVED 565 02:1a:11:fa:9e:f1
02-12 10:29:34.690 I/WifiHW  (  504): EVENT: IFNAME=wlan0 CTRL-EVENT-SCAN-RESULTS 
02-12 10:29:34.690 I/WifiHW  (  504): EVENT: IFNAME=wlan0 WPS-AP-AVAILABLE 
02-12 10:29:34.690 I/WifiHW  (  504): CMD: IFNAME=wlan0 BSS RANGE=0- MASK=0x21987
02-12 10:29:34.690 D/wpa_supplicant(  651): wlan0: 12: 22:48:9a:ac:31:7f ssid='WiFi874' wpa_ie_len=0 rsn_ie_len=20 caps=0x431 level=-67
02-12 10:29:34.690 D/wpa_supplicant(  651): wlan0:    skip - disabled
02-12 10:29:34.690 D/wpa_supplicant(  651): wlan0: 13: e4:d3:32:c0:cf:a4 ssid='fast' wpa_ie_len=0 rsn_ie_len=20 caps=0x411 level=-68
02-12 10:29:34.690 D/wpa_supplicant(  651): wlan0:    skip - disabled
02-12 10:29:34.690 D/wpa_supplicant(  651): wlan0: 14: 74:e5:43:24:f4:5b ssid='Dttest' wpa_ie_len=0 rsn_ie_len=20 caps=0x31 level=-69
02-12 10:29:34.690 D/wpa_supplicant(  651): wlan0:    skip - disabled
02-12 10:29:34.690 D/wpa_supplicant(  651): wlan0: 15: 5e:f3:70:0c:91:9a ssid='DIRECT-pl-Android_7f71' wpa_ie_len=0 rsn_ie_len=20 caps=0x411 level=-70 wps
02-12 10:29:34.690 D/wpa_supplicant(  651): wlan0:    skip - disabled
02-12 10:29:34.690 D/wpa_supplicant(  651): wlan0: 16: 1c:65:9d:e8:79:44 ssid='WiFi' wpa_ie_len=0 rsn_ie_len=20 caps=0x511 level=-70
02-12 10:29:34.690 D/wpa_supplicant(  651): wlan0:    skip - disabled
02-12 10:29:34.690 D/wpa_supplicant(  651): wlan0: 17: c0:cb:38:7f:c9:09 ssid='360WiFi-7908' wpa_ie_len=0 rsn_ie_len=20 caps=0x511 level=-73
02-12 10:29:34.690 D/wpa_supplicant(  651): wlan0:    skip - disabled
02-12 10:29:34.690 D/wpa_supplicant(  651): wlan0: 18: 14:d6:4d:28:ef:c8 ssid='dlink' wpa_ie_len=0 rsn_ie_len=20 caps=0x431 level=-74 wps
02-12 10:29:34.690 D/wpa_supplicant(  651): wlan0:    skip - disabled
02-12 10:29:34.690 D/wpa_supplicant(  651): wlan0: 19: 8c:be:be:01:00:49 ssid='mw' wpa_ie_len=0 rsn_ie_len=20 caps=0x431 level=-75
02-12 10:29:34.690 D/wpa_supplicant(  651): wlan0:    skip - disabled
02-12 10:29:34.690 D/wpa_supplicant(  651): wlan0: 20: c0:a0:bb:20:3b:84 ssid='dlink-3B84' wpa_ie_len=26 rsn_ie_len=24 caps=0x411 level=-78 wps
02-12 10:29:34.690 D/wpa_supplicant(  651): wlan0:    skip - disabled
02-12 10:29:34.690 D/wpa_supplicant(  651): wlan0: 21: 00:0f:e2:0f:9f:c1 ssid='321_WAN' wpa_ie_len=28 rsn_ie_len=24 caps=0x411 level=-81
02-12 10:29:34.690 D/wpa_supplicant(  651): wlan0:    skip - disabled
02-12 10:29:34.690 D/wpa_supplicant(  651): wlan0: 22: 02:09:4c:1d:84:8e ssid='DIRECT-' wpa_ie_len=0 rsn_ie_len=0 caps=0x410 level=-71
02-12 10:29:34.690 D/wpa_supplicant(  651): wlan0:    skip - disabled
02-12 10:29:34.690 D/wpa_supplicant(  651): wlan0: 23: 02:09:4c:74:b1:e3 ssid='DIRECT-' wpa_ie_len=0 rsn_ie_len=0 caps=0x410 level=-75
02-12 10:29:34.690 D/wpa_supplicant(  651): wlan0:    skip - disabled
02-12 10:29:34.690 D/wpa_supplicant(  651): wlan0: 24: 50:bd:5f:4b:29:92 ssid='Internet-2' wpa_ie_len=0 rsn_ie_len=0 caps=0x421 level=-62
02-12 10:29:34.690 D/wpa_supplicant(  651): wlan0:    skip - disabled
02-12 10:29:34.690 D/wpa_supplicant(  651): wlan0: 25: e4:d3:32:dd:18:62 ssid='Internet' wpa_ie_len=0 rsn_ie_len=0 caps=0x421 level=-71
02-12 10:29:34.690 D/wpa_supplicant(  651): wlan0:    skip - disabled
02-12 10:29:34.690 D/wpa_supplicant(  651): wlan0: No suitable network found
02-12 10:29:34.690 D/wpa_supplicant(  651): wlan0: Setting scan request: 40 sec 0 usec
02-12 10:29:34.690 D/wpa_supplicant(  651): wlan0: Checking for other virtual interfaces sharing same radio (phy0) in event_scan_results
02-12 10:29:34.690 D/wpa_supplicant(  651): p2p-dev-wlan0: Updating scan results from sibling
02-12 10:29:34.690 D/wpa_supplicant(  651): nl80211: Received scan results (26 BSSes)
02-12 10:29:34.690 D/wpa_supplicant(  651): nl80211: Survey data missing
02-12 10:29:34.690 D/wpa_supplicant(  651): p2p-dev-wlan0: BSS: Start scan result update 230
02-12 10:29:34.690 D/wpa_supplicant(  651): BSS: No P2P IE - skipping BSS 6c:8b:2f:e9:d1:da update for P2P interface
02-12 10:29:34.700 D/wpa_supplicant(  651): BSS: No P2P IE - skipping BSS f8:d1:11:e7:99:e8 update for P2P interface
02-12 10:29:34.700 D/wpa_supplicant(  651): BSS: No P2P IE - skipping BSS 10:c3:7b:d2:e5:e0 update for P2P interface
02-12 10:29:34.700 D/wpa_supplicant(  651): BSS: No P2P IE - skipping BSS 98:fc:11:81:35:fb update for P2P interface
02-12 10:29:34.700 D/wpa_supplicant(  651): BSS: No P2P IE - skipping BSS cc:34:29:2b:26:4c update for P2P interface
02-12 10:29:34.700 D/wpa_supplicant(  651): BSS: No P2P IE - skipping BSS 44:94:fc:3d:da:38 update for P2P interface
02-12 10:29:34.700 D/wpa_supplicant(  651): BSS: No P2P IE - skipping BSS 02:1a:11:fd:45:ed update for P2P interface
02-12 10:29:34.700 D/wpa_supplicant(  651): BSS: No P2P IE - skipping BSS c8:d7:19:60:62:f2 update for P2P interface
02-12 10:29:34.700 D/wpa_supplicant(  651): BSS: No P2P IE - skipping BSS b0:48:7a:20:66:6a update for P2P interface
02-12 10:29:34.700 D/wpa_supplicant(  651): BSS: No P2P IE - skipping BSS cc:34:29:2c:fb:ec update for P2P interface
02-12 10:29:34.700 D/wpa_supplicant(  651): BSS: No P2P IE - skipping BSS 80:1f:02:43:fb:e8 update for P2P interface
02-12 10:29:34.700 D/wpa_supplicant(  651): BSS: No P2P IE - skipping BSS c0:c1:c0:76:81:3c update for P2P interface
02-12 10:29:34.700 D/wpa_supplicant(  651): BSS: No P2P IE - skipping BSS 22:48:9a:ac:31:7f update for P2P interface
02-12 10:29:34.700 D/wpa_supplicant(  651): BSS: No P2P IE - skipping BSS e4:d3:32:c0:cf:a4 update for P2P interface
02-12 10:29:34.700 D/wpa_supplicant(  651): BSS: No P2P IE - skipping BSS 74:e5:43:24:f4:5b update for P2P interface
02-12 10:29:34.700 D/wpa_supplicant(  651): BSS: No P2P IE - skipping BSS 1c:65:9d:e8:79:44 update for P2P interface
02-12 10:29:34.700 D/wpa_supplicant(  651): BSS: No P2P IE - skipping BSS c0:cb:38:7f:c9:09 update for P2P interface
02-12 10:29:34.700 D/wpa_supplicant(  651): BSS: No P2P IE - skipping BSS 14:d6:4d:28:ef:c8 update for P2P interface
02-12 10:29:34.700 D/wpa_supplicant(  651): BSS: No P2P IE - skipping BSS 8c:be:be:01:00:49 update for P2P interface
02-12 10:29:34.700 D/wpa_supplicant(  651): BSS: No P2P IE - skipping BSS c0:a0:bb:20:3b:84 update for P2P interface
02-12 10:29:34.700 D/wpa_supplicant(  651): BSS: No P2P IE - skipping BSS 00:0f:e2:0f:9f:c1 update for P2P interface
02-12 10:29:34.700 D/wpa_supplicant(  651): BSS: No P2P IE - skipping BSS 02:09:4c:1d:84:8e update for P2P interface
02-12 10:29:34.700 D/wpa_supplicant(  651): BSS: No P2P IE - skipping BSS 02:09:4c:74:b1:e3 update for P2P interface
02-12 10:29:34.700 D/wpa_supplicant(  651): BSS: No P2P IE - skipping BSS 50:bd:5f:4b:29:92 update for P2P interface
02-12 10:29:34.700 D/wpa_supplicant(  651): BSS: No P2P IE - skipping BSS e4:d3:32:dd:18:62 update for P2P interface
02-12 10:29:34.700 D/wpa_supplicant(  651): BSS: last_scan_res_used=1/32 last_scan_full=0
02-12 10:29:34.700 D/wpa_supplicant(  651): p2p-dev-wlan0: New scan results available
02-12 10:29:34.700 D/wpa_supplicant(  651): CTRL_IFACE monitor send - hexdump(len=39): 2f 64 61 74 61 2f 6d 69 73 63 2f 77 69 66 69 2f 73 6f 63 6b 65 74 73 2f 77 70 61 5f 63 74 72 6c ...
02-12 10:29:34.700 I/WifiHW  (  504): EVENT: IFNAME=p2p-dev-wlan0 CTRL-EVENT-SCAN-RESULTS 
02-12 10:29:34.700 D/wpa_supplicant(  651): CTRL_IFACE monitor send - hexdump(len=39): 2f 64 61 74 61 2f 6d 69 73 63 2f 77 69 66 69 2f 73 6f 63 6b 65 74 73 2f 77 70 61 5f 63 74 72 6c ...
02-12 10:29:34.700 I/WifiHW  (  504): EVENT: IFNAME=p2p-dev-wlan0 WPS-AP-AVAILABLE 
02-12 10:29:34.700 D/wpa_supplicant(  651): WPS: AP[0] 10:c3:7b:d2:e5:e0 type=0 tries=0 last_attempt=-1 sec ago blacklist=0
02-12 10:29:34.700 D/wpa_supplicant(  651): WPS: AP[1] b0:48:7a:20:66:6a type=0 tries=0 last_attempt=-1 sec ago blacklist=0
02-12 10:29:34.700 D/wpa_supplicant(  651): WPS: AP[2] f8:d1:11:e7:99:e8 type=0 tries=0 last_attempt=-1 sec ago blacklist=0
02-12 10:29:34.700 D/wpa_supplicant(  651): WPS: AP[3] 44:94:fc:3d:da:38 type=0 tries=0 last_attempt=-1 sec ago blacklist=0
02-12 10:29:34.700 D/wpa_supplicant(  651): WPS: AP[4] cc:34:29:2c:fb:ec type=0 tries=0 last_attempt=-1 sec ago blacklist=0
02-12 10:29:34.700 D/wpa_supplicant(  651): WPS: AP[5] c8:d7:19:60:62:f2 type=0 tries=0 last_attempt=-1 sec ago blacklist=0
02-12 10:29:34.700 D/wpa_supplicant(  651): WPS: AP[6] cc:34:29:2b:26:4c type=0 tries=0 last_attempt=-1 sec ago blacklist=0
02-12 10:29:34.700 D/wpa_supplicant(  651): WPS: AP[7] 98:fc:11:81:35:fb type=0 tries=0 last_attempt=-1 sec ago blacklist=0
02-12 10:29:34.700 D/wpa_supplicant(  651): WPS: AP[8] 14:d6:4d:28:ef:c8 type=0 tries=0 last_attempt=-1 sec ago blacklist=0
02-12 10:29:34.700 D/wpa_supplicant(  651): WPS: AP[9] b0:48:7a:51:ff:cc type=0 tries=0 last_attempt=-1 sec ago blacklist=0
02-12 10:29:34.700 D/wpa_supplicant(  651): WPS: AP[10] 7a:ff:57:00:13:56 type=0 tries=0 last_attempt=-1 sec ago blacklist=0
02-12 10:29:34.700 D/wpa_supplicant(  651): WPS: AP[11] c0:a0:bb:20:3b:84 type=0 tries=0 last_attempt=-1 sec ago blacklist=0
02-12 10:29:34.700 D/wpa_supplicant(  651): WPS: AP[12] c0:c1:c0:76:81:3c type=0 tries=0 last_attempt=-1 sec ago blacklist=0
02-12 10:29:34.700 D/wpa_supplicant(  651): WPS: AP[13] 5e:f3:70:0c:91:9a type=0 tries=0 last_attempt=-1 sec ago blacklist=0
02-12 10:29:34.700 D/wpa_supplicant(  651): WPS: AP[14] 02:09:4c:42:36:90 type=0 tries=0 last_attempt=-1 sec ago blacklist=0
02-12 10:29:34.700 D/wpa_supplicant(  651): p2p-dev-wlan0: No suitable network found
02-12 10:29:34.700 D/wpa_supplicant(  651): p2p-dev-wlan0: Short-circuit new scan request since there are no enabled networks
02-12 10:29:34.700 D/wpa_supplicant(  651): p2p-dev-wlan0: State: INACTIVE -> INACTIVE
02-12 10:29:34.700 D/wpa_supplicant(  651): wlan0: P2P: Station mode scan operation not pending anymore (sta_scan_pending=0 p2p_cb_on_scan_complete=0)
02-12 10:29:34.700 D/wpa_supplicant(  651): RX ctrl_iface - hexdump(len=25): 42 53 53 20 52 41 4e 47 45 3d 30 2d 20 4d 41 53 4b 3d 30 78 32 31 39 38 37
02-12 10:29:34.700 D/wpa_supplicant(  651): wlan0: Control interface command 'BSS RANGE=0- MASK=0x21987'
02-12 10:29:34.700 I/WifiHW  (  504): REPLY: id=328
02-12 10:29:34.700 I/WifiHW  (  504): REPLY: bssid=c8:d7:19:60:62:f2
02-12 10:29:34.700 I/WifiHW  (  504): REPLY: freq=2437
02-12 10:29:34.700 I/WifiHW  (  504): REPLY: level=-62
02-12 10:29:34.700 I/WifiHW  (  504): REPLY: tsf=0000063310877425
02-12 10:29:34.700 I/WifiHW  (  504): REPLY: flags=[WPA2-EAP-CCMP-preauth][ESS]
02-12 10:29:34.700 I/WifiHW  (  504): REPLY: ssid=E3000-2.4G
02-12 10:29:34.700 I/WifiHW  (  504): REPLY: ====
02-12 10:29:34.700 I/WifiHW  (  504): REPLY: id=329
02-12 10:29:34.700 I/WifiHW  (  504): REPLY: bssid=10:c3:7b:d2:e5:e0
02-12 10:29:34.700 I/WifiHW  (  504): REPLY: freq=2462
02-12 10:29:34.700 I/WifiHW  (  504): REPLY: level=-51
02-12 10:29:34.700 I/WifiHW  (  504): REPLY: tsf=0000063310877544
02-12 10:29:34.700 I/WifiHW  (  504): REPLY: flags=[WPA2-PSK-CCMP][WPS][ESS]
02-12 10:29:34.700 I/WifiHW  (  504): REPLY: ssid=ASUS_RT-AC66U-2.4G
02-12 10:29:34.700 I/WifiHW  (  504): REPLY: ====
02-12 10:29:34.700 I/WifiHW  (  504): REPLY: id=331
02-12 10:29:34.700 I/WifiHW  (  504): REPLY: bssid=b0:48:7a:20:66:6a
02-12 10:29:34.700 I/WifiHW  (  504): REPLY: freq=2427
02-12 10:29:34.700 I/WifiHW  (  504): REPLY: level=-63
02-12 10:29:34.700 I/WifiHW  (  504): REPLY: tsf=0000063310877363
02-12 10:29:34.700 I/WifiHW  (  504): REPLY: flags=[WPA-PSK-CCMP][WPA2-PSK-CCMP][WPS][ESS]
02-12 10:29:34.700 I/WifiHW  (  504): REPLY: ssid=TP-LINK_20666A
02-12 10:29:34.700 I/WifiHW  (  504): REPLY: ====
02-12 10:29:34.700 I/WifiHW  (  504): REPLY: id=332
02-12 10:29:34.700 I/WifiHW  (  504): REPLY: bssid=44:94:fc:3d:da:38
02-12 10:29:34.700 I/WifiHW  (  504): REPLY: freq=2462
02-12 10:29:34.700 I/WifiHW  (  504): REPLY: level=-59
02-12 10:29:34.700 I/WifiHW  (  504): REPLY: tsf=0000063310877517
02-12 10:29:34.700 I/WifiHW  (  504): REPLY: flags=[WPA2-PSK-CCMP][WPS][ESS]
02-12 10:29:34.700 I/WifiHW  (  504): REPLY: ssid=6300
02-12 10:29:34.700 I/WifiHW  (  504): REPLY: ====
02-12 10:29:34.700 I/WifiHW  (  504): REPLY: id=333
02-12 10:29:34.700 I/WifiHW  (  504): REPLY: bssid=c0:c1:c0:76:81:3c
02-12 10:29:34.700 I/WifiHW  (  504): REPLY: freq=2437
02-12 10:29:34.700 I/WifiHW  (  504): REPLY: level=-66
02-12 10:29:34.700 I/WifiHW  (  504): REPLY: tsf=0000063310877443
02-12 10:29:34.700 I/WifiHW  (  504): REPLY: flags=[WPA2-PSK-CCMP][WPS][ESS]
02-12 10:29:34.700 I/WifiHW  (  504): REPLY: ssid=E2000
02-12 10:29:34.700 I/WifiHW  (  504): REPLY: ====
02-12 10:29:34.700 I/WifiHW  (  504): REPLY: id=334
02-12 10:29:34.700 I/WifiHW  (  504): REPLY: bssid=98:fc:11:81:35:fb
02-12 10:29:34.700 I/WifiHW  (  504): REPLY: freq=2412
02-12 10:29:34.700 I/WifiHW  (  504): REPLY: level=-58
02-12 10:29:34.700 I/WifiHW  (  504): REPLY: tsf=0000063310877329
02-12 10:29:34.700 I/WifiHW  (  504): REPLY: flags=[WPA2-PSK-CCMP][WPS][ESS]
02-12 10:29:34.700 I/WifiHW  (  504): REPLY: ssid=E2000E
02-12 10:29:34.700 I/WifiHW  (  504): REPLY: ====
02-12 10:29:34.700 I/WifiHW  (  504): REPLY: id=337
02-12 10:29:34.700 I/WifiHW  (  504): REPLY: bssid=cc:34:29:2b:26:4c
02-12 10:29:34.700 I/WifiHW  (  504): REPLY: freq=2462
02-12 10:29:34.700 I/WifiHW  (  504): REPLY: level=-58
02-12 10:29:34.700 I/WifiHW  (  504): REPLY: tsf=0000063310877499
02-12 10:29:34.700 I/WifiHW  (  504): REPLY: flags=[WPA2-PSK-CCMP][WPS][ESS]
02-12 10:29:34.700 I/WifiHW  (  504): REPLY: ssid=cws-test
02-12 10:29:34.700 I/WifiHW  (  504): REPLY: ====
02-12 10:29:34.700 I/WifiHW  (  504): REPLY: id=345
02-12 10:29:34.700 I/WifiHW  (  504): REPLY: bssid=f8:d1:11:e7:99:e8
02-12 10:29:34.700 I/WifiHW  (  504): REPLY: freq=2437
02-12 10:29:34.700 I/WifiHW  (  504): REPLY: level=-49
02-12 10:29:34.700 I/WifiHW  (  504): REPLY: tsf=0000063310877399
02-12 10:29:34.700 I/WifiHW  (  504): REPLY: flags=[WPA-PSK-CCMP][WPA2-PSK-CCMP][WPS][ESS]
02-12 10:29:34.700 I/WifiHW  (  504): REPLY: ssid=videotest
02-12 10:29:34.700 I/WifiHW  (  504): REPLY: ====
02-12 10:29:34.700 I/WifiHW  (  504): REPLY: id=405
02-12 10:29:34.700 I/WifiHW  (  504): REPLY: bssid=02:1a:11:fd:45:ed
02-12 10:29:34.700 I/WifiHW  (  504): REPLY: freq=2437
02-12 10:29:34.700 I/WifiHW  (  504): REPLY: level=-60
02-12 10:29:34.700 I/WifiHW  (  504): REPLY: tsf=0000063310877391
02-12 10:29:34.700 I/WifiHW  (  504): REPLY: flags=[WPA2-PSK-CCMP][ESS]
02-12 10:29:34.700 I/WifiHW  (  504): REPLY: ssid=Android
02-12 10:29:34.700 I/WifiHW  (  504): REPLY: ====
02-12 10:29:34.700 I/WifiHW  (  504): REPLY: id=421
02-12 10:29:34.700 I/WifiHW  (  504): REPLY: bssid=80:1f:02:43:fb:e8
02-12 10:29:34.700 I/WifiHW  (  504): REPLY: freq=2412
02-12 10:29:34.700 I/WifiHW  (  504): REPLY: level=-63
02-12 10:29:34.700 I/WifiHW  (  504): REPLY: tsf=0000063310877320
02-12 10:29:34.700 I/WifiHW  (  504): REPLY: flags=[WPA2-PSK-CCMP-preauth][ESS]
02-12 10:29:34.700 I/WifiHW  (  504): REPLY: ssid=Edimax AP
02-12 10:29:34.700 I/WifiHW  (  504): REPLY: ====
02-12 10:29:34.700 I/WifiHW  (  504): REPLY: id=491
02-12 10:29:34.700 I/WifiHW  (  504): REPLY: bssid=cc:34:29:2c:fb:ec
02-12 10:29:34.700 I/WifiHW  (  504): REPLY: freq=2412
02-12 10:29:34.700 I/WifiHW  (  504): REPLY: level=-63
02-12 10:29:34.700 I/WifiHW  (  504): REPLY: tsf=0000063310877354
02-12 10:29:34.700 I/WifiHW  (  504): REPLY: flags=[WPA-PSK-CCMP][WPA2-PSK-CCMP][WPS][ESS]
02-12 10:29:34.700 I/WifiHW  (  504): REPLY: ssid=linksys
02-12 10:29:34.700 I/WifiHW  (  504): REPLY: ====
02-12 10:29:34.700 I/WifiHW  (  504): REPLY: id=520
02-12 10:29:34.700 I/WifiHW  (  504): REPLY: bssid=5e:f3:70:0c:91:9a
02-12 10:29:34.700 I/WifiHW  (  504): REPLY: freq=2462
02-12 10:29:34.700 I/WifiHW  (  504): REPLY: level=-70
02-12 10:29:34.700 I/WifiHW  (  504): REPLY: tsf=0000063310877526
02-12 10:29:34.700 I/WifiHW  (  504): REPLY: flags=[WPA2-PSK-CCMP][WPS][ESS][P2P]
02-12 10:29:34.700 I/WifiHW  (  504): REPLY: ssid=DIRECT-pl-Android_7f71
02-12 10:29:34.700 I/WifiHW  (  504): REPLY: ====
02-12 10:29:34.700 I/WifiHW  (  504): REPLY: id=525
02-12 10:29:34.700 I/WifiHW  (  504): REPLY: bssid=74:e5:43:24:f4:5b
02-12 10:29:34.700 I/WifiHW  (  504): REPLY: freq=2412
02-12 10:29:34.700 I/WifiHW  (  504): REPLY: level=-69
02-12 10:29:34.700 I/WifiHW  (  504): REPLY: tsf=0000063310877338
02-12 10:29:34.700 I/WifiHW  (  504): REPLY: flags=[WPA2-PSK-CCMP][ESS]
02-12 10:29:34.700 I/WifiHW  (  504): REPLY: ssid=Dttest
02-12 10:29:34.700 I/WifiHW  (  504): REPLY: ====
02-12 10:29:34.700 I/WifiHW  (  504): REPLY: id=535
02-12 10:29:34.700 I/WifiHW  (  504): REPLY: bssid=50:bd:5f:4b:29:92
02-12 10:29:34.700 I/WifiHW  (  504): REPLY: freq=2437
02-12 10:29:34.700 I/WifiHW  (  504): REPLY: level=-62
02-12 10:29:34.700 I/WifiHW  (  504): REPLY: tsf=0000063310877417
02-12 10:29:34.700 I/WifiHW  (  504): REPLY: flags=[ESS]
02-12 10:29:34.700 I/WifiHW  (  504): REPLY: ssid=Internet-2
02-12 10:29:34.700 I/WifiHW  (  504): REPLY: ====
02-12 10:29:34.700 I/WifiHW  (  504): REPLY: id=542
02-12 10:29:34.700 I/WifiHW  (  504): REPLY: bssid=e4:d3:32:c0:cf:a4
02-12 10:29:34.700 I/WifiHW  (  504): REPLY: freq=2437
02-12 10:29:34.700 I/WifiHW  (  504): REPLY: level=-68
02-12 10:29:34.700 I/WifiHW  (  504): REPLY: tsf=0000063310877470
02-12 10:29:34.700 I/WifiHW  (  504): REPLY: flags=[WPA2-PSK-CCMP][ESS]
02-12 10:29:34.700 I/WifiHW  (  504): REPLY: ssid=fast
02-12 10:29:34.700 I/WifiHW  (  504): REPLY: ====
02-12 10:29:34.700 I/WifiHW  (  504): REPLY: id=550
02-12 10:29:34.700 I/WifiHW  (  504): REPLY: bssid=00:0f:e2:0f:9f:c1
02-12 10:29:34.700 I/WifiHW  (  504): REPLY: freq=2462
02-12 10:29:34.700 I/WifiHW  (  504): REPLY: level=-81
02-12 10:29:34.700 I/WifiHW  (  504): REPLY: tsf=0000063310877508
02-12 10:29:34.700 I/WifiHW  (  504): REPLY: flags=[WPA-PSK-CCMP+TKIP][WPA2-PSK-CCMP+TKIP][ESS]
02-12 10:29:34.700 I/WifiHW  (  504): REPLY: ssid=321_WAN
02-12 10:29:34.700 I/WifiHW  (  504): REPLY: ====
02-12 10:29:34.700 I/WifiHW  (  504): REPLY: id=557
02-12 10:29:34.700 I/WifiHW  (  504): REPLY: bssid=6c:8b:2f:e9:d1:da
02-12 10:29:34.700 I/WifiHW  (  504): REPLY: freq=2437
02-12 10:29:34.700 I/WifiHW  (  504): REPLY: level=-43
02-12 10:29:34.700 I/WifiHW  (  504): REPLY: tsf=0000063310877382
02-12 10:29:34.700 I/WifiHW  (  504): REPLY: flags=[WPA2-PSK-CCMP][ESS]
02-12 10:29:34.700 I/WifiHW  (  504): REPLY: ssid=ZTE_AP_1640
02-12 10:29:34.700 I/WifiHW  (  504): REPLY: ====
02-12 10:29:34.700 I/WifiHW  (  504): REPLY: id=559
02-12 10:29:34.700 I/WifiHW  (  504): REPLY: bssid=22:48:9a:ac:31:7f
02-12 10:29:34.700 I/WifiHW  (  504): REPLY: freq=2437
02-12 10:29:34.700 I/WifiHW  (  504): REPLY: level=-67
02-12 10:29:34.700 I/WifiHW  (  504): REPLY: tsf=0000063310877452
02-12 10:29:34.700 I/WifiHW  (  504): REPLY: flags=[WPA2-PSK-CCMP][ESS]
02-12 10:29:34.700 I/WifiHW  (  504): REPLY: ssid=WiFi874
02-12 10:29:34.700 I/WifiHW  (  504): REPLY: ====
02-12 10:29:34.700 I/WifiHW  (  504): REPLY: id=560
02-12 10:29:34.700 I/WifiHW  (  504): REPLY: bssid=02:09:4c:1d:84:8e
02-12 10:29:34.700 I/WifiHW  (  504): REPLY: freq=2412
02-12 10:29:34.700 I/WifiHW  (  504): REPLY: level=-71
02-12 10:29:34.700 I/WifiHW  (  504): REPLY: tsf=0000063310877535
02-12 10:29:34.700 I/WifiHW  (  504): REPLY: flags=[WEP]
02-12 10:29:34.700 I/WifiHW  (  504): REPLY: ssid=DIRECT-
02-12 10:29:34.700 I/WifiHW  (  504): REPLY: ====
02-12 10:29:34.700 I/WifiHW  (  504): REPLY: id=561
02-12 10:29:34.700 I/WifiHW  (  504): REPLY: bssid=c0:a0:bb:20:3b:84
02-12 10:29:34.700 I/WifiHW  (  504): REPLY: freq=2417
02-12 10:29:34.700 I/WifiHW  (  504): REPLY: level=-78
02-12 10:29:34.700 I/WifiHW  (  504): REPLY: tsf=0000063310877372
02-12 10:29:34.700 I/WifiHW  (  504): REPLY: flags=[WPA-PSK-CCMP+TKIP][WPA2-PSK-CCMP+TKIP][WPS][ESS]
02-12 10:29:34.700 I/WifiHW  (  504): REPLY: ssid=dlink-3B84
02-12 10:29:34.700 I/WifiHW  (  504): REPLY: ====
02-12 10:29:34.700 I/WifiHW  (  504): REPLY: id=562
02-12 10:29:34.700 I/WifiHW  (  504): REPLY: bssid=c0:cb:38:7f:c9:09
02-12 10:29:34.700 I/WifiHW  (  504): REPLY: freq=2437
02-12 10:29:34.700 I/WifiHW  (  504): REPLY: level=-73
02-12 10:29:34.700 I/WifiHW  (  504): REPLY: tsf=0000063310877479
02-12 10:29:34.700 I/WifiHW  (  504): REPLY: flags=[WPA2-PSK-CCMP][ESS]
02-12 10:29:34.700 I/WifiHW  (  504): REPLY: ssid=360WiFi-7908
02-12 10:29:34.700 I/WifiHW  (  504): REPLY: ====
02-12 10:29:34.700 I/WifiHW  (  504): REPLY: id=563
02-12 10:29:34.700 I/WifiHW  (  504): REPLY: bssid=14:d6:4d:28:ef:c8
02-12 10:29:34.700 I/WifiHW  (  504): REPLY: freq=2437
02-12 10:29:34.700 I/WifiHW  (  504): REPLY: level=-74
02-12 10:29:34.700 I/WifiHW  (  504): REPLY: tsf=0000063310877491
02-12 10:29:34.700 I/WifiHW  (  504): REPLY: flags=[WPA2-PSK-CCMP][WPS][ESS]
02-12 10:29:34.700 I/WifiHW  (  504): REPLY: ssid=dlink
02-12 10:29:34.700 I/WifiHW  (  504): REPLY: ====
02-12 10:29:34.700 I/WifiHW  (  504): REPLY: id=564
02-12 10:29:34.700 I/WifiHW  (  504): REPLY: bssid=1c:65:9d:e8:79:44
02-12 10:29:34.700 I/WifiHW  (  504): REPLY: freq=2437
02-12 10:29:34.700 I/WifiHW  (  504): REPLY: level=-70
02-12 10:29:34.700 I/WifiHW  (  504): REPLY: tsf=0000063310877434
02-12 10:29:34.700 I/WifiHW  (  504): REPLY: flags=[WPA2-PSK-CCMP][ESS]
02-12 10:29:34.700 I/WifiHW  (  504): REPLY: ssid=WiFi
02-12 10:29:34.700 I/WifiHW  (  504): REPLY: ====
02-12 10:29:34.700 I/WifiHW  (  504): REPLY: id=566
02-12 10:29:34.700 I/WifiHW  (  504): REPLY: bssid=00:25:86:5c:5e:30
02-12 10:29:34.700 I/WifiHW  (  504): REPLY: freq=2437
02-12 10:29:34.700 I/WifiHW  (  504): REPLY: level=-83
02-12 10:29:34.700 I/WifiHW  (  504): REPLY: tsf=0000063269683455
02-12 10:29:34.700 I/WifiHW  (  504): REPLY: flags=[ESS]
02-12 10:29:34.700 I/WifiHW  (  504): REPLY: ssid=internet
02-12 10:29:34.700 I/WifiHW  (  504): REPLY: ====
02-12 10:29:34.700 I/WifiHW  (  504): REPLY: id=567
02-12 10:29:34.700 I/WifiHW  (  504): REPLY: bssid=8c:be:be:01:00:49
02-12 10:29:34.700 I/WifiHW  (  504): REPLY: freq=2412
02-12 10:29:34.700 I/WifiHW  (  504): REPLY: level=-75
02-12 10:29:34.700 I/WifiHW  (  504): REPLY: tsf=0000063310877346
02-12 10:29:34.700 I/WifiHW  (  504): REPLY: flags=[WPA2-PSK-CCMP][ESS]
02-12 10:29:34.700 I/WifiHW  (  504): REPLY: ssid=mw
02-12 10:29:34.700 I/WifiHW  (  504): REPLY: ====
02-12 10:29:34.700 I/WifiHW  (  504): REPLY: id=568
02-12 10:29:34.700 I/WifiHW  (  504): REPLY: bssid=02:09:4c:74:b1:e3
02-12 10:29:34.700 I/WifiHW  (  504): REPLY: freq=2412
02-12 10:29:34.700 I/WifiHW  (  504): REPLY: level=-75
02-12 10:29:34.700 I/WifiHW  (  504): REPLY: tsf=0000063310877460
02-12 10:29:34.700 I/WifiHW  (  504): REPLY: flags=[WEP]
02-12 10:29:34.700 I/WifiHW  (  504): REPLY: ssid=DIRECT-
02-12 10:29:34.700 I/WifiHW  (  504): REPLY: ====
02-12 10:29:34.700 I/WifiHW  (  504): REPLY: id=569
02-12 10:29:34.700 I/WifiHW  (  504): REPLY: bssid=e4:d3:32:dd:18:62
02-12 10:29:34.700 I/WifiHW  (  504): REPLY: freq=2437
02-12 10:29:34.700 I/WifiHW  (  504): REPLY: level=-71
02-12 10:29:34.700 I/WifiHW  (  504): REPLY: tsf=0000063310877408
02-12 10:29:34.700 I/WifiHW  (  504): REPLY: flags=[ESS]
02-12 10:29:34.700 I/WifiHW  (  504): REPLY: ssid=Internet
02-12 10:29:34.700 I/WifiHW  (  504): REPLY: ####
02-12 10:29:36.520 E/AndroidProtocolHandler(21056): Unable to open asset URL: file:///android_asset/www//opt/tct-webstorage-w3c-tests/webstorage/window_localStorage_setItem_null.html
02-12 10:29:36.530 W/BindingManager(21056): Cannot call determinedVisibility() - never saw a connection for the pid: 21056
02-12 10:29:36.550 W/BindingManager(21056): Cannot call determinedVisibility() - never saw a connection for the pid: 21056
02-12 10:29:39.630 E/AndroidProtocolHandler(21056): Unable to open asset URL: file:///android_asset/www//opt/tct-webstorage-w3c-tests/webstorage/window_localStorage_setItem_undefined.html
02-12 10:29:39.630 W/BindingManager(21056): Cannot call determinedVisibility() - never saw a connection for the pid: 21056
02-12 10:29:39.660 W/BindingManager(21056): Cannot call determinedVisibility() - never saw a connection for the pid: 21056
02-12 10:29:42.760 E/AndroidProtocolHandler(21056): Unable to open asset URL: file:///android_asset/www//opt/tct-webstorage-w3c-tests/webstorage/window_localStorage_setItem_update_value.html
02-12 10:29:42.760 W/BindingManager(21056): Cannot call determinedVisibility() - never saw a connection for the pid: 21056
02-12 10:29:42.790 W/BindingManager(21056): Cannot call determinedVisibility() - never saw a connection for the pid: 21056
02-12 10:29:45.880 E/AndroidProtocolHandler(21056): Unable to open asset URL: file:///android_asset/www//opt/tct-webstorage-w3c-tests/webstorage/window_localStorage_set_value_with_enumerate_way.html
02-12 10:29:45.890 W/BindingManager(21056): Cannot call determinedVisibility() - never saw a connection for the pid: 21056
02-12 10:29:45.930 W/BindingManager(21056): Cannot call determinedVisibility() - never saw a connection for the pid: 21056
02-12 10:29:49.040 E/AndroidProtocolHandler(21056): Unable to open asset URL: file:///android_asset/www//opt/tct-webstorage-w3c-tests/webstorage/window_sessionStorage_setItem_exist.html
02-12 10:29:49.050 W/BindingManager(21056): Cannot call determinedVisibility() - never saw a connection for the pid: 21056
02-12 10:29:49.070 W/BindingManager(21056): Cannot call determinedVisibility() - never saw a connection for the pid: 21056
02-12 10:29:52.160 E/AndroidProtocolHandler(21056): Unable to open asset URL: file:///android_asset/www//opt/tct-webstorage-w3c-tests/webstorage/window_sessionStorage_setItem_base.html
02-12 10:29:52.160 W/BindingManager(21056): Cannot call determinedVisibility() - never saw a connection for the pid: 21056
02-12 10:29:52.170 W/BindingManager(21056): Cannot call determinedVisibility() - never saw a connection for the pid: 21056
02-12 10:29:55.190 D/EVENT_THREAD(  183): void CEventThread::run() POLLIN event on Fd (1)
02-12 10:29:55.190 D/EVENT_THREAD(  183): void CEventThread::run() Do poll with timeout: -1
02-12 10:29:55.280 E/AndroidProtocolHandler(21056): Unable to open asset URL: file:///android_asset/www//opt/tct-webstorage-w3c-tests/webstorage/window_sessionStorage_setItem_empty_string.html
02-12 10:29:55.290 W/BindingManager(21056): Cannot call determinedVisibility() - never saw a connection for the pid: 21056
02-12 10:29:55.320 W/BindingManager(21056): Cannot call determinedVisibility() - never saw a connection for the pid: 21056
02-12 10:29:58.400 E/AndroidProtocolHandler(21056): Unable to open asset URL: file:///android_asset/www//opt/tct-webstorage-w3c-tests/webstorage/window_sessionStorage_setItem_no_argument.html
02-12 10:29:58.420 W/BindingManager(21056): Cannot call determinedVisibility() - never saw a connection for the pid: 21056
02-12 10:29:58.440 W/BindingManager(21056): Cannot call determinedVisibility() - never saw a connection for the pid: 21056
02-12 10:29:58.570 D/EVENT_THREAD(  183): void CEventThread::run() POLLIN event on Fd (1)
02-12 10:29:58.570 D/EVENT_THREAD(  183): void CEventThread::run() Do poll with timeout: -1
02-12 10:29:58.570 D/EVENT_THREAD(  183): void CEventThread::run() POLLIN event on Fd (1)
02-12 10:29:58.570 D/EVENT_THREAD(  183): void CEventThread::run() Do poll with timeout: -1
02-12 10:29:58.580 I/upi_ug31xx(  166): (4980) update_capacity
02-12 10:29:58.580 I/[UPI]   (  166): <UG31/E>[UpiReadCapacity]: V=4189(4187), T=349(353-408), I=-297, C=-3(-3-0)
02-12 10:29:58.580 I/[UPI]   (  166): <UG31/E>[UpiReadCapacity]: (0x10822d5a) 3836 (3704) / 3926 (4029) = 98
02-12 10:29:58.580 I/[UPI]   (  166): <UG31/E>[UpiReadCapacity]: (0x10822d5a) 3836 (3704) / 3926 (4029) = 98
02-12 10:29:58.580 I/[UPI]   (  166): <UG31/E>[UpiReadCapacity]: (0x10822d5a) 3833 (3833) / 3926 (4029) = 98
02-12 10:29:58.580 I/[UPI]   (  166): <UG31/E>[RsocFilterCountTime]: (0x10822d5a) Step=7(424640), Full=3(424640), Lock=424640(1800000)
02-12 10:29:58.580 I/[UPI]   (  166): <UG31/E>[UpiReadCapacity]: (0x10822d5a) 3833 (3833) / 3926 (4029) = 98 (-297--297)
02-12 10:29:58.580 I/[UPI]   (  166): <UG31/E><BATT> M:normal, P:98(98-98)%, V:4187mV, C:-296mA, T:35.3C(408), S:0x10822d5a(100), R:3833mAh, F:3926mAh, Q:380mAh, CC:3, P:30.310(230-0)s, BO:7, 97:615:0-44af-9m:B001-20140514-144301 (16)
02-12 10:29:58.580 I/upi_ug31xx(  166): (4981) backup_data 
02-12 10:29:58.580 V/upi_ug31xx(  166): state->check_backup_count = 12
02-12 10:30:00.000 D/Clock   (  566): ACTION_TIME_TICK
02-12 10:30:00.000 D/Clock   (  566): update clock:10:30
02-12 10:30:00.030 D/BatteryStatsImpl(  504): noteStopWakeLocked system isFromForeground = false
02-12 10:30:01.540 E/AndroidProtocolHandler(21056): Unable to open asset URL: file:///android_asset/www//opt/tct-webstorage-w3c-tests/webstorage/window_sessionStorage_setItem_no_value.html
02-12 10:30:01.540 W/BindingManager(21056): Cannot call determinedVisibility() - never saw a connection for the pid: 21056
02-12 10:30:01.560 W/BindingManager(21056): Cannot call determinedVisibility() - never saw a connection for the pid: 21056
02-12 10:30:04.650 E/AndroidProtocolHandler(21056): Unable to open asset URL: file:///android_asset/www//opt/tct-webstorage-w3c-tests/webstorage/window_sessionStorage_setItem_null.html
02-12 10:30:04.660 W/BindingManager(21056): Cannot call determinedVisibility() - never saw a connection for the pid: 21056
02-12 10:30:04.690 W/BindingManager(21056): Cannot call determinedVisibility() - never saw a connection for the pid: 21056
02-12 10:30:07.770 E/AndroidProtocolHandler(21056): Unable to open asset URL: file:///android_asset/www//opt/tct-webstorage-w3c-tests/webstorage/window_sessionStorage_setItem_undefined.html
02-12 10:30:07.780 W/BindingManager(21056): Cannot call determinedVisibility() - never saw a connection for the pid: 21056
02-12 10:30:07.830 W/BindingManager(21056): Cannot call determinedVisibility() - never saw a connection for the pid: 21056
02-12 10:30:10.910 E/AndroidProtocolHandler(21056): Unable to open asset URL: file:///android_asset/www//opt/tct-webstorage-w3c-tests/webstorage/window_sessionStorage_setItem_update_value.html
02-12 10:30:10.920 W/BindingManager(21056): Cannot call determinedVisibility() - never saw a connection for the pid: 21056
02-12 10:30:10.950 W/BindingManager(21056): Cannot call determinedVisibility() - never saw a connection for the pid: 21056
02-12 10:30:14.030 E/AndroidProtocolHandler(21056): Unable to open asset URL: file:///android_asset/www//opt/tct-webstorage-w3c-tests/webstorage/window_sessionStorage_set_value_with_enumerate_way.html
02-12 10:30:14.030 W/BindingManager(21056): Cannot call determinedVisibility() - never saw a connection for the pid: 21056
02-12 10:30:14.070 W/BindingManager(21056): Cannot call determinedVisibility() - never saw a connection for the pid: 21056
02-12 10:30:14.700 D/wpa_supplicant(  651): wlan0: Starting AP scan for wildcard SSID
02-12 10:30:14.700 D/wpa_supplicant(  651): WPS: Building WPS IE for Probe Request
02-12 10:30:14.700 D/wpa_supplicant(  651): WPS:  * Version (hardcoded 0x10)
02-12 10:30:14.700 D/wpa_supplicant(  651): WPS:  * Request Type
02-12 10:30:14.700 D/wpa_supplicant(  651): WPS:  * Config Methods (4288)
02-12 10:30:14.700 D/wpa_supplicant(  651): WPS:  * UUID-E
02-12 10:30:14.700 D/wpa_supplicant(  651): WPS:  * Primary Device Type
02-12 10:30:14.700 D/wpa_supplicant(  651): WPS:  * RF Bands (1)
