02-11 18:32:30.267 D/        ( 4564): TimeServiceNative: User Time to be set is 1423650750277
02-11 18:32:30.267 D/QC-time-services( 4564): Lib:time_genoff_operation: pargs->base = 2
02-11 18:32:30.267 D/QC-time-services( 4564): Lib:time_genoff_operation: pargs->operation = 0
02-11 18:32:30.267 D/QC-time-services( 4564): Lib:time_genoff_operation: pargs->ts_val = 1423650750277
02-11 18:32:30.267 D/QC-time-services(  199): Daemon: Connection accepted:time_genoff
02-11 18:32:30.267 D/QC-time-services( 4564): Lib:time_genoff_operation: Send to server  passed!!
02-11 18:32:30.267 D/QC-time-services(  199): Daemon:Received base = 2, unit = 1, operation = 0,value = 1423650750277
02-11 18:32:30.267 D/QC-time-services(  199): Daemon:genoff_opr: Base = 2, val = 1423650750277, operation = 0
02-11 18:32:30.267 D/QC-time-services(  199): Daemon:rtc_get: Time read from RTC -- MM/DD/YY HH:MM:SS5/11/70 7:59:48
02-11 18:32:30.267 D/QC-time-services(  199): Daemon:Value read from RTC seconds = 13939188000
02-11 18:32:30.267 D/QC-time-services(  199): Daemon:new time 1423650750277 
02-11 18:32:30.267 D/QC-time-services(  199): Daemon: delta 1409711562277 genoff 1409711562277 
02-11 18:32:30.267 D/QC-time-services(  199): Daemon:genoff_persistent_update: Writing genoff = 1409711562277 to memory
02-11 18:32:30.267 D/QC-time-services(  199): Daemon:Opening File: /data/system/time/ats_2
02-11 18:32:30.267 D/QC-time-services(  199): Daemon:time_persistent_memory_opr:Genoff write operation 
02-11 18:32:30.277 I/ActivityManager(  774): Start proc com.youku.phone:accelerater for service com.youku.phone/com.youku.service.acc.AcceleraterService: pid=4593 uid=10210 gids={50210, 3003, 1028, 1015}
02-11 18:32:30.277 D/QC-time-services(  199): Updating the TOD offset
02-11 18:32:30.277 D/QC-time-services(  199): Daemon:genoff_persistent_update: Writing genoff = 1409711562277 to memory
02-11 18:32:30.277 D/QC-time-services(  199): Daemon:Opening File: /data/system/time/ats_1
02-11 18:32:30.277 D/QC-time-services(  199): Daemon:time_persistent_memory_opr:Genoff write operation 
02-11 18:32:30.277 I/ActivityManager(  774): Killing 3162:com.android.providers.calendar/u0a1 (adj 15): empty #17
02-11 18:32:30.287 D/QC-time-services(  199): Daemon:Update to modem bit set
02-11 18:32:30.287 D/QC-time-services(  199): Daemon:genoff_send_modem: Sending data to MODEM !
02-11 18:32:30.287 D/QC-time-services(  199): Daemon: Base = 2, Value being sent to MODEM = 1107685950277
02-11 18:32:30.287 E/QC-time-services( 4564): Receive Passed == base = 2, unit = 1, operation = 0, result = 0
02-11 18:32:30.287 D/QC-time-services(  199): Daemon:tod_update_ind_cb: Got Update from modem msg_id 40
02-11 18:32:30.287 D/QC-time-services(  199): Daemon: Time-services: Waiting to acceptconnection
02-11 18:32:30.287 W/art     ( 4522): JNI RegisterNativeMethods: attempt to register 0 native methods for android.content.res.Configuration
02-11 18:32:30.287 I/ActivityManager(  774): Killing 4433:com.tencent.mm/u0a160 (adj 15): empty #17
02-11 18:32:30.297 D/AndroidRuntime( 4522): Calling main entry com.android.commands.am.Am
02-11 18:32:30.307 D/AndroidRuntime( 4522): Shutting down VM
02-11 18:32:30.307 I/ActivityManager(  774): Force stopping org.xwalk.webapi_noneservice_tests appid=10645 user=0: from pid 4522
02-11 18:32:30.307 W/ContextImpl( 3773): Implicit intents with startService are not safe: Intent { act=sina.mobile.tianqitong.action.startservice.update_widget_clock } android.content.ContextWrapper.startService:494 android.content.ContextWrapper.startService:494 sina.mobile.tianqitong.appwidget.TQTReciever.onReceive:49 
02-11 18:32:30.317 I/CheckinService( 1192): active receiver: disabled
02-11 18:32:30.387 D/GCM     ( 1296): GcmService start Intent { act=com.google.android.checkin.CHECKIN_COMPLETE flg=0x10 cmp=com.google.android.gms/.gcm.GcmService (has extras) } com.google.android.checkin.CHECKIN_COMPLETE
02-11 18:32:30.427 I/Icing   ( 1192): Indexing C54E6662F6A781ED5E6E537162AD7310D26D391A from com.google.android.googlequicksearchbox
02-11 18:32:30.447 W/linker  ( 4593): libluajava.so has text relocations. This is wasting memory and is a security risk. Please fix.
02-11 18:32:30.487 I/Icing   ( 1192): Indexing done C54E6662F6A781ED5E6E537162AD7310D26D391A
02-11 18:32:30.547 I/ActivityManager(  774): Killing 4389:com.google.android.music:main/u0a58 (adj 15): empty #17
02-11 18:32:30.557 F/ActivityManager(  774): Service ServiceRecord{6667cbf0 u0 com.google.android.music/.net.NetworkMonitor} in process ProcessRecord{661d51f8 4389:com.google.android.music:main/u0a58} not same as in map: null
02-11 18:32:30.567 F/ActivityManager(  774): Service ServiceRecord{66638cc0 u0 com.google.android.music/.preferences.MusicPreferenceService$MusicPreferenceServiceBinder} in process ProcessRecord{661d51f8 4389:com.google.android.music:main/u0a58} not same as in map: null
02-11 18:32:30.877 D/AndroidRuntime( 4630): 
02-11 18:32:30.877 D/AndroidRuntime( 4630): >>>>>> AndroidRuntime START com.android.internal.os.RuntimeInit <<<<<<
02-11 18:32:30.877 D/AndroidRuntime( 4630): CheckJNI is OFF
02-11 18:32:30.877 E/art     ( 4630): Unrecognized option -XX:mainThreadStackSize=24K
02-11 18:32:30.877 W/art     ( 4630): Ignoring unknown -Xgc option: precise
02-11 18:32:30.947 W/art     ( 4630): Failed to find ELF magic in /system/framework/am.odex: dey
02-11 18:32:31.007 W/art     ( 4630): JNI RegisterNativeMethods: attempt to register 0 native methods for android.content.res.Configuration
02-11 18:32:31.027 D/AndroidRuntime( 4630): Calling main entry com.android.commands.am.Am
02-11 18:32:31.027 D/AndroidRuntime( 4630): Shutting down VM
02-11 18:32:31.027 I/ActivityManager(  774): START u0 {flg=0x10000000 cmp=org.xwalk.webapi_noneservice_tests/.webapi_noneservice_testsActivity} from pid 4630
02-11 18:32:31.586 W/ContextImpl( 3773): Implicit intents with startService are not safe: Intent { act=sina.push.action.service.null (has extras) } android.content.ContextWrapper.startService:494 android.content.ContextWrapper.startService:494 com.sina.push.b.d$1.run:37 
02-11 18:32:31.586 W/ActivityManager(  774): Unable to start service Intent { act=sina.push.action.service.null (has extras) } U=0: not found
02-11 18:32:31.646 W/ContextImpl( 3773): Implicit intents with startService are not safe: Intent { act=sina.push.action.service.null (has extras) } android.content.ContextWrapper.startService:494 android.content.ContextWrapper.startService:494 com.sina.push.b.d$1.run:37 
02-11 18:32:31.646 W/ActivityManager(  774): Unable to start service Intent { act=sina.push.action.service.null (has extras) } U=0: not found
02-11 18:32:31.746 D/AndroidRuntime( 4647): 
02-11 18:32:31.746 D/AndroidRuntime( 4647): >>>>>> AndroidRuntime START com.android.internal.os.RuntimeInit <<<<<<
02-11 18:32:31.756 D/AndroidRuntime( 4647): CheckJNI is OFF
02-11 18:32:31.756 E/art     ( 4647): Unrecognized option -XX:mainThreadStackSize=24K
02-11 18:32:31.756 W/art     ( 4647): Ignoring unknown -Xgc option: precise
02-11 18:32:31.806 W/art     ( 4647): Failed to find ELF magic in /system/framework/am.odex: dey
02-11 18:32:31.876 W/art     ( 4647): JNI RegisterNativeMethods: attempt to register 0 native methods for android.content.res.Configuration
02-11 18:32:31.896 D/AndroidRuntime( 4647): Calling main entry com.android.commands.am.Am
02-11 18:32:31.896 I/ActivityManager(  774): START u0 {flg=0x10000000 cmp=org.xwalk.webapi_noneservice_tests/.webapi_noneservice_tests} from pid 4647
02-11 18:32:31.956 W/art     (  183): Could not get current activity
02-11 18:32:31.986 I/ActivityManager(  774): Start proc org.xwalk.webapi_noneservice_tests for activity org.xwalk.webapi_noneservice_tests/.webapi_noneservice_tests: pid=4665 uid=10645 gids={50645, 3003, 1028, 1015}
02-11 18:32:31.996 D/AndroidRuntime( 4647): Shutting down VM
02-11 18:32:32.176 I/CordovaLog( 4665): Changing log level to DEBUG(3)
02-11 18:32:32.176 D/CordovaActivity( 4665): CordovaActivity.init()
02-11 18:32:32.226 W/System.err( 4665): java.lang.RuntimeException: Use SharedXWalkView if you want to support shared mode
02-11 18:32:32.236 W/System.err( 4665): 	at org.xwalk.core.ReflectionHelper.handleException(ReflectionHelper.java:237)
02-11 18:32:32.236 W/System.err( 4665): 	at org.xwalk.core.ReflectionHelper.init(ReflectionHelper.java:132)
02-11 18:32:32.236 W/System.err( 4665): 	at org.xwalk.core.ReflectionHelper.loadClass(ReflectionHelper.java:199)
02-11 18:32:32.236 W/System.err( 4665): 	at org.xwalk.core.XWalkPreferences.setValue(XWalkPreferences.java:112)
02-11 18:32:32.236 W/System.err( 4665): 	at org.apache.cordova.CordovaWebView.<clinit>(CordovaWebView.java:897)
02-11 18:32:32.236 W/System.err( 4665): 	at org.apache.cordova.CordovaActivity.makeWebView(CordovaActivity.java:340)
02-11 18:32:32.236 W/System.err( 4665): 	at org.apache.cordova.CordovaActivity.init(CordovaActivity.java:376)
02-11 18:32:32.236 W/System.err( 4665): 	at org.apache.cordova.CordovaActivity.init(CordovaActivity.java:368)
02-11 18:32:32.236 W/System.err( 4665): 	at org.xwalk.webapi_noneservice_tests.webapi_noneservice_tests.onCreate(webapi_noneservice_tests.java:31)
02-11 18:32:32.236 W/System.err( 4665): 	at android.app.Activity.performCreate(Activity.java:5231)
02-11 18:32:32.236 W/System.err( 4665): 	at android.app.Instrumentation.callActivityOnCreate(Instrumentation.java:1087)
02-11 18:32:32.236 W/System.err( 4665): 	at android.app.ActivityThread.performLaunchActivity(ActivityThread.java:2148)
02-11 18:32:32.236 W/System.err( 4665): 	at android.app.ActivityThread.handleLaunchActivity(ActivityThread.java:2233)
02-11 18:32:32.236 W/System.err( 4665): 	at android.app.ActivityThread.access$800(ActivityThread.java:135)
02-11 18:32:32.236 W/System.err( 4665): 	at android.app.ActivityThread$H.handleMessage(ActivityThread.java:1196)
02-11 18:32:32.236 W/System.err( 4665): 	at android.os.Handler.dispatchMessage(Handler.java:102)
02-11 18:32:32.236 W/System.err( 4665): 	at android.os.Looper.loop(Looper.java:136)
02-11 18:32:32.236 W/System.err( 4665): 	at android.app.ActivityThread.main(ActivityThread.java:5001)
02-11 18:32:32.236 W/System.err( 4665): 	at java.lang.reflect.Method.invoke(Native Method)
02-11 18:32:32.236 W/System.err( 4665): 	at com.android.internal.os.ZygoteInit$MethodAndArgsCaller.run(ZygoteInit.java:785)
02-11 18:32:32.236 W/System.err( 4665): 	at com.android.internal.os.ZygoteInit.main(ZygoteInit.java:601)
02-11 18:32:32.236 D/AndroidRuntime( 4665): Shutting down VM
02-11 18:32:32.246 E/AndroidRuntime( 4665): FATAL EXCEPTION: main
02-11 18:32:32.246 E/AndroidRuntime( 4665): Process: org.xwalk.webapi_noneservice_tests, PID: 4665
02-11 18:32:32.246 E/AndroidRuntime( 4665): java.lang.ExceptionInInitializerError
02-11 18:32:32.246 E/AndroidRuntime( 4665): 	at org.apache.cordova.CordovaActivity.makeWebView(CordovaActivity.java:340)
02-11 18:32:32.246 E/AndroidRuntime( 4665): 	at org.apache.cordova.CordovaActivity.init(CordovaActivity.java:376)
02-11 18:32:32.246 E/AndroidRuntime( 4665): 	at org.apache.cordova.CordovaActivity.init(CordovaActivity.java:368)
02-11 18:32:32.246 E/AndroidRuntime( 4665): 	at org.xwalk.webapi_noneservice_tests.webapi_noneservice_tests.onCreate(webapi_noneservice_tests.java:31)
02-11 18:32:32.246 E/AndroidRuntime( 4665): 	at android.app.Activity.performCreate(Activity.java:5231)
02-11 18:32:32.246 E/AndroidRuntime( 4665): 	at android.app.Instrumentation.callActivityOnCreate(Instrumentation.java:1087)
02-11 18:32:32.246 E/AndroidRuntime( 4665): 	at android.app.ActivityThread.performLaunchActivity(ActivityThread.java:2148)
02-11 18:32:32.246 E/AndroidRuntime( 4665): 	at android.app.ActivityThread.handleLaunchActivity(ActivityThread.java:2233)
02-11 18:32:32.246 E/AndroidRuntime( 4665): 	at android.app.ActivityThread.access$800(ActivityThread.java:135)
02-11 18:32:32.246 E/AndroidRuntime( 4665): 	at android.app.ActivityThread$H.handleMessage(ActivityThread.java:1196)
02-11 18:32:32.246 E/AndroidRuntime( 4665): 	at android.os.Handler.dispatchMessage(Handler.java:102)
02-11 18:32:32.246 E/AndroidRuntime( 4665): 	at android.os.Looper.loop(Looper.java:136)
02-11 18:32:32.246 E/AndroidRuntime( 4665): 	at android.app.ActivityThread.main(ActivityThread.java:5001)
02-11 18:32:32.246 E/AndroidRuntime( 4665): 	at java.lang.reflect.Method.invoke(Native Method)
02-11 18:32:32.246 E/AndroidRuntime( 4665): 	at com.android.internal.os.ZygoteInit$MethodAndArgsCaller.run(ZygoteInit.java:785)
02-11 18:32:32.246 E/AndroidRuntime( 4665): 	at com.android.internal.os.ZygoteInit.main(ZygoteInit.java:601)
02-11 18:32:32.246 E/AndroidRuntime( 4665): Caused by: java.lang.RuntimeException: java.lang.RuntimeException: Use SharedXWalkView if you want to support shared mode
02-11 18:32:32.246 E/AndroidRuntime( 4665): 	at org.xwalk.core.ReflectionHelper.handleException(ReflectionHelper.java:233)
02-11 18:32:32.246 E/AndroidRuntime( 4665): 	at org.xwalk.core.ReflectionHelper.handleException(ReflectionHelper.java:237)
02-11 18:32:32.246 E/AndroidRuntime( 4665): 	at org.xwalk.core.ReflectionHelper.init(ReflectionHelper.java:132)
02-11 18:32:32.246 E/AndroidRuntime( 4665): 	at org.xwalk.core.ReflectionHelper.loadClass(ReflectionHelper.java:199)
02-11 18:32:32.246 E/AndroidRuntime( 4665): 	at org.xwalk.core.XWalkPreferences.setValue(XWalkPreferences.java:112)
02-11 18:32:32.246 E/AndroidRuntime( 4665): 	at org.apache.cordova.CordovaWebView.<clinit>(CordovaWebView.java:897)
02-11 18:32:32.246 E/AndroidRuntime( 4665): 	... 16 more
02-11 18:32:32.246 E/AndroidRuntime( 4665): Caused by: java.lang.RuntimeException: Use SharedXWalkView if you want to support shared mode
02-11 18:32:32.246 E/AndroidRuntime( 4665): 	... 21 more
02-11 18:32:32.246 W/ActivityManager(  774):   Force finishing activity org.xwalk.webapi_noneservice_tests/.webapi_noneservice_tests
02-11 18:32:32.266 W/ActivityManager(  774):   Force finishing activity testkit.stub/.TestkitStub
02-11 18:32:32.526 I/ActivityManager(  774): Start proc com.android.providers.calendar for broadcast com.android.providers.calendar/.CalendarProviderBroadcastReceiver: pid=4708 uid=10001 gids={50001, 3003, 1028, 1015}
02-11 18:32:32.586 W/art     ( 4708): Failed to find ELF magic in /system/framework/android.test.runner.odex: dey
02-11 18:32:32.586 W/art     ( 4708): Failed to find ELF magic in /system/priv-app/CalendarProvider.odex: dey
02-11 18:32:32.666 I/CalendarProvider2( 4708): Created com.android.providers.calendar.CalendarAlarmManager@655a2a20(com.android.providers.calendar.CalendarProvider2@65593450)
02-11 18:32:32.686 I/ActivityManager(  774): Delay finish: com.android.providers.calendar/.CalendarProviderBroadcastReceiver
02-11 18:32:32.766 D/Launcher.Workspace( 1155): 11683562 - removeExtraEmptyScreen()
02-11 18:32:32.766 D/Launcher.Workspace( 1155): 11683562 - convertFinalScreenToEmptyScreenIfNecessary()
02-11 18:32:32.766 D/Launcher.Model( 1155): 11683562 - updateWorkspaceScreenOrder()
02-11 18:32:32.766 D/Launcher.Model( 1155): 11683562 -   screens: -201
02-11 18:32:32.766 W/ActivityManager(  774): Activity pause timeout for ActivityRecord{65cb0a48 u0 org.xwalk.webapi_noneservice_tests/.webapi_noneservice_tests t5 f}
02-11 18:32:32.776 D/Launcher.Workspace( 1155): 11683562 -   extra empty screen: -201
02-11 18:32:32.806 E/AppsCustomizePagedView( 1155): Widget ComponentInfo{sina.mobile.tianqitong/sina.mobile.tianqitong.appwidget.Widget5x1Provider} can not fit on this device (1170, 216)
02-11 18:32:32.806 E/AppsCustomizePagedView( 1155): Widget ComponentInfo{sina.mobile.tianqitong/sina.mobile.tianqitong.appwidget.Widget5x2Provider} can not fit on this device (1170, 438)
02-11 18:32:32.826 I/ActivityManager(  774): Killing 4132:android.process.acore/u0a3 (adj 15): empty #17
02-11 18:32:32.826 I/ActivityManager(  774): Killing 4036:com.google.android.email/u0a36 (adj 15): empty #17
02-11 18:32:33.556 I/ActivityManager(  774): Waited long enough for: ServiceRecord{65fa9fe8 u0 com.sankuai.meituan/com.sankuai.mtmp.service.MtmpService}
02-11 18:32:33.556 I/ActivityManager(  774): Resuming delayed broadcast
02-11 18:32:33.696 I/CalendarProvider2( 4708): Sending notification intent: Intent { act=android.intent.action.PROVIDER_CHANGED dat=content://com.android.calendar }
02-11 18:32:33.726 W/ContentResolver( 4708): Failed to get type for: content://com.android.calendar (Unknown URL content://com.android.calendar)
02-11 18:32:33.756 D/AlertReceiver( 4192): onReceive: a=android.intent.action.PROVIDER_CHANGED Intent { act=android.intent.action.PROVIDER_CHANGED dat=content://com.android.calendar flg=0x10 cmp=com.google.android.calendar/com.android.calendar.alerts.AlertReceiver }
02-11 18:32:33.776 D/AlertService( 4192): 0 Action = android.intent.action.PROVIDER_CHANGED
02-11 18:32:34.026 I/Process ( 4665): Sending signal. PID: 4665 SIG: 9
02-11 18:32:34.036 W/Sidekick_LocationOracleImpl( 2898): Best location was null
02-11 18:32:34.066 I/MicroHotwordRecognitionRunner( 2898): Starting hotword detection.
02-11 18:32:34.076 D/audio_hw_primary(  185): select_devices: out_snd_device(0: ) in_snd_device(35: voice-rec-mic)
02-11 18:32:34.076 D/        (  185): Failed to fetch the lookup information of the device 0000003E 
02-11 18:32:34.076 E/ACDB-LOADER(  185): Error: ACDB AudProc vol returned = -19
02-11 18:32:34.106 I/ActivityManager(  774): Process org.xwalk.webapi_noneservice_tests (pid 4665) has died.
02-11 18:32:34.166 I/SearchController( 2898): #onHotwordDetectorStarted
02-11 18:32:34.196 W/Search.LoginHelper( 2898): User recoverable exception for scope: oauth2:https://www.googleapis.com/auth/googlenow
02-11 18:32:34.196 E/Velvet.VelvetNetworkClient( 2898): Failed to get auth token
02-11 18:32:34.936 E/qcom_sensors_hal(  774): hal_process_report_ind: Bad item quality: 11 
02-11 18:32:35.976 D/AndroidRuntime( 4779): 
02-11 18:32:35.976 D/AndroidRuntime( 4779): >>>>>> AndroidRuntime START com.android.internal.os.RuntimeInit <<<<<<
02-11 18:32:35.976 D/AndroidRuntime( 4779): CheckJNI is OFF
02-11 18:32:35.976 E/art     ( 4779): Unrecognized option -XX:mainThreadStackSize=24K
02-11 18:32:35.986 W/art     ( 4779): Ignoring unknown -Xgc option: precise
02-11 18:32:36.006 E/qcom_sensors_hal(  774): hal_process_report_ind: Bad item quality: 11 
02-11 18:32:36.036 W/art     ( 4779): Failed to find ELF magic in /system/framework/am.odex: dey
02-11 18:32:36.096 W/art     ( 4779): JNI RegisterNativeMethods: attempt to register 0 native methods for android.content.res.Configuration
02-11 18:32:36.116 D/AndroidRuntime( 4779): Calling main entry com.android.commands.am.Am
02-11 18:32:36.116 D/AndroidRuntime( 4779): Shutting down VM
02-11 18:32:36.116 I/ActivityManager(  774): Force stopping org.xwalk.webapi_noneservice_tests appid=10645 user=0: from pid 4779
