02-12 10:53:11.940 I/dalvikvm(23758): +++++++++++++ Using PCG. +++++++++++++++++++++
02-12 10:53:11.950 D/dalvikvm(23758): Trying to load lib libjavacore.so 0x0
02-12 10:53:11.950 D/dalvikvm(23758): Added shared lib libjavacore.so 0x0
02-12 10:53:11.950 D/dalvikvm(23758): Trying to load lib libnativehelper.so 0x0
02-12 10:53:11.950 D/dalvikvm(23758): Added shared lib libnativehelper.so 0x0
02-12 10:53:11.950 D/dalvikvm(23758): No JNI_OnLoad found in libnativehelper.so 0x0, skipping init
02-12 10:53:11.960 D/dalvikvm(23758): Extra Options: not specified
02-12 10:53:11.970 D/dalvikvm(23758): Note: class Landroid/app/ActivityManagerNative; has 186 unimplemented (abstract) methods
02-12 10:53:12.040 E/memtrack(23758): Couldn't load memtrack module (No such file or directory)
02-12 10:53:12.040 E/android.os.Debug(23758): failed to load memtrack module: -2
02-12 10:53:12.080 D/AndroidRuntime(23758): Calling main entry com.android.commands.am.Am
02-12 10:53:12.100 D/AndroidRuntime(23758): Shutting down VM
02-12 10:53:12.100 D/dalvikvm(23758): GC_CONCURRENT freed 108K, 16% free 638K/760K, paused 1ms+0ms, total 2ms
--------- beginning of /dev/log/system
02-12 10:53:12.100 I/ActivityManager(  504): Force stopping org.xwalk.webapi_service_tests appid=10266 user=0: from pid 23758
02-12 10:53:12.110 D/dalvikvm(23758): Compiler shutdown in progress - discarding request
02-12 10:53:12.110 D/dalvikvm(23758): Compiler shutdown in progress - discarding request
02-12 10:53:12.110 D/dalvikvm(23758): Compiler shutdown in progress - discarding request
02-12 10:53:12.110 D/dalvikvm(23758): Compiler shutdown in progress - discarding request
02-12 10:53:12.110 D/dalvikvm(23758): Compiler shutdown in progress - discarding request
02-12 10:53:12.110 D/dalvikvm(23758): Compiler shutdown in progress - discarding request
02-12 10:53:12.110 D/dalvikvm(23758): Compiler shutdown in progress - discarding request
02-12 10:53:12.110 D/dalvikvm(23758): Compiler shutdown in progress - discarding request
02-12 10:53:12.110 D/dalvikvm(23758): Compiler shutdown in progress - discarding request
02-12 10:53:12.110 D/dalvikvm(23758): Compiler shutdown in progress - discarding request
02-12 10:53:12.110 D/dalvikvm(23758): Compiler shutdown in progress - discarding request
02-12 10:53:12.110 D/dalvikvm(23758): Compiler shutdown in progress - discarding request
02-12 10:53:12.110 D/dalvikvm(23758): Compiler shutdown in progress - discarding request
02-12 10:53:12.110 D/dalvikvm(23758): Compiler shutdown in progress - discarding request
02-12 10:53:12.110 D/dalvikvm(23758): Compiler shutdown in progress - discarding request
02-12 10:53:12.110 D/dalvikvm(23758): Compiler shutdown in progress - discarding request
02-12 10:53:12.110 D/dalvikvm(23758): Compiler shutdown in progress - discarding request
02-12 10:53:12.110 D/dalvikvm(23758): Compiler shutdown in progress - discarding request
02-12 10:53:12.110 D/dalvikvm(23758): Compiler shutdown in progress - discarding request
02-12 10:53:12.110 D/dalvikvm(23758): Compiler shutdown in progress - discarding request
02-12 10:53:12.110 D/dalvikvm(23758): Compiler shutdown in progress - discarding request
02-12 10:53:12.110 D/dalvikvm(23758): Compiler shutdown in progress - discarding request
02-12 10:53:12.110 D/dalvikvm(23758): Compiler shutdown in progress - discarding request
02-12 10:53:12.110 D/dalvikvm(23758): Compiler shutdown in progress - discarding request
02-12 10:53:12.110 D/dalvikvm(23758): Compiler shutdown in progress - discarding request
02-12 10:53:12.110 D/dalvikvm(23758): Compiler shutdown in progress - discarding request
02-12 10:53:12.110 D/dalvikvm(23758): Compiler shutdown in progress - discarding request
02-12 10:53:12.110 D/dalvikvm(23758): Compiler shutdown in progress - discarding request
02-12 10:53:12.110 D/dalvikvm(23758): Compiler shutdown in progress - discarding request
02-12 10:53:12.110 D/dalvikvm(23758): Compiler shutdown in progress - discarding request
02-12 10:53:12.110 D/dalvikvm(23758): Compiler shutdown in progress - discarding request
02-12 10:53:12.110 D/dalvikvm(23758): Compiler shutdown in progress - discarding request
02-12 10:53:12.110 D/dalvikvm(23758): Compiler shutdown in progress - discarding request
02-12 10:53:12.110 D/dalvikvm(23758): Compiler shutdown in progress - discarding request
02-12 10:53:12.110 D/dalvikvm(23758): Compiler shutdown in progress - discarding request
02-12 10:53:12.110 D/dalvikvm(23758): Compiler shutdown in progress - discarding request
02-12 10:53:12.110 D/dalvikvm(23758): Compiler shutdown in progress - discarding request
02-12 10:53:12.110 D/dalvikvm(23758): Compiler shutdown in progress - discarding request
02-12 10:53:12.110 D/dalvikvm(23758): Compiler shutdown in progress - discarding request
02-12 10:53:12.110 D/dalvikvm(23758): Compiler shutdown in progress - discarding request
02-12 10:53:12.110 D/dalvikvm(23758): Compiler shutdown in progress - discarding request
02-12 10:53:12.110 D/dalvikvm(23758): Compiler shutdown in progress - discarding request
02-12 10:53:12.110 D/dalvikvm(23758): Compiler shutdown in progress - discarding request
02-12 10:53:12.110 D/dalvikvm(23758): Compiler shutdown in progress - discarding request
02-12 10:53:12.110 D/dalvikvm(23758): Compiler shutdown in progress - discarding request
02-12 10:53:12.110 D/dalvikvm(23758): Compiler shutdown in progress - discarding request
02-12 10:53:12.720 D/AndroidRuntime(23769): 
02-12 10:53:12.720 D/AndroidRuntime(23769): >>>>>> AndroidRuntime START com.android.internal.os.RuntimeInit <<<<<<
02-12 10:53:12.720 D/AndroidRuntime(23769): CheckJNI is OFF
02-12 10:53:12.720 I/AndroidRuntime(23769): Kernel Release Version: 3.10.20-gf818079
02-12 10:53:12.720 I/dalvikvm(23769): No library specified. The standard exception handler will be used
02-12 10:53:12.730 I/dalvikvm(23769): 
02-12 10:53:12.730 I/dalvikvm(23769): +++++++++++++ Using PCG. +++++++++++++++++++++
02-12 10:53:12.730 D/dalvikvm(23769): Trying to load lib libjavacore.so 0x0
02-12 10:53:12.740 D/dalvikvm(23769): Added shared lib libjavacore.so 0x0
02-12 10:53:12.740 D/dalvikvm(23769): Trying to load lib libnativehelper.so 0x0
02-12 10:53:12.740 D/dalvikvm(23769): Added shared lib libnativehelper.so 0x0
02-12 10:53:12.740 D/dalvikvm(23769): No JNI_OnLoad found in libnativehelper.so 0x0, skipping init
02-12 10:53:12.740 D/dalvikvm(23769): Extra Options: not specified
02-12 10:53:12.760 D/dalvikvm(23769): Note: class Landroid/app/ActivityManagerNative; has 186 unimplemented (abstract) methods
02-12 10:53:12.830 E/memtrack(23769): Couldn't load memtrack module (No such file or directory)
02-12 10:53:12.830 E/android.os.Debug(23769): failed to load memtrack module: -2
02-12 10:53:12.860 D/AndroidRuntime(23769): Calling main entry com.android.commands.am.Am
02-12 10:53:12.900 D/AndroidRuntime(23769): Shutting down VM
02-12 10:53:12.900 D/dalvikvm(23769): GC_CONCURRENT freed 112K, 16% free 674K/800K, paused 0ms+1ms, total 2ms
02-12 10:53:12.900 D/dalvikvm(23769): Compiler shutdown in progress - discarding request
02-12 10:53:12.900 D/dalvikvm(23769): Compiler shutdown in progress - discarding request
02-12 10:53:12.900 D/dalvikvm(23769): Compiler shutdown in progress - discarding request
02-12 10:53:12.900 D/dalvikvm(23769): Compiler shutdown in progress - discarding request
02-12 10:53:12.900 D/dalvikvm(23769): Compiler shutdown in progress - discarding request
02-12 10:53:12.900 D/dalvikvm(23769): Compiler shutdown in progress - discarding request
02-12 10:53:12.900 D/dalvikvm(23769): Compiler shutdown in progress - discarding request
02-12 10:53:12.900 D/dalvikvm(23769): Compiler shutdown in progress - discarding request
02-12 10:53:12.900 D/dalvikvm(23769): Compiler shutdown in progress - discarding request
02-12 10:53:12.900 D/dalvikvm(23769): Compiler shutdown in progress - discarding request
02-12 10:53:12.900 D/dalvikvm(23769): Compiler shutdown in progress - discarding request
02-12 10:53:12.900 D/dalvikvm(23769): Compiler shutdown in progress - discarding request
02-12 10:53:12.900 D/dalvikvm(23769): Compiler shutdown in progress - discarding request
02-12 10:53:12.900 D/dalvikvm(23769): Compiler shutdown in progress - discarding request
02-12 10:53:12.900 D/dalvikvm(23769): Compiler shutdown in progress - discarding request
02-12 10:53:12.900 D/dalvikvm(23769): Compiler shutdown in progress - discarding request
02-12 10:53:12.900 D/dalvikvm(23769): Compiler shutdown in progress - discarding request
02-12 10:53:12.900 D/dalvikvm(23769): Compiler shutdown in progress - discarding request
02-12 10:53:12.900 D/dalvikvm(23769): Compiler shutdown in progress - discarding request
02-12 10:53:12.900 D/dalvikvm(23769): Compiler shutdown in progress - discarding request
02-12 10:53:12.900 D/dalvikvm(23769): Compiler shutdown in progress - discarding request
02-12 10:53:12.900 D/dalvikvm(23769): Compiler shutdown in progress - discarding request
02-12 10:53:12.900 D/dalvikvm(23769): Compiler shutdown in progress - discarding request
02-12 10:53:12.900 D/dalvikvm(23769): Compiler shutdown in progress - discarding request
02-12 10:53:12.900 D/dalvikvm(23769): Compiler shutdown in progress - discarding request
02-12 10:53:12.900 D/dalvikvm(23769): Compiler shutdown in progress - discarding request
02-12 10:53:12.900 D/dalvikvm(23769): Compiler shutdown in progress - discarding request
02-12 10:53:12.900 D/dalvikvm(23769): Compiler shutdown in progress - discarding request
02-12 10:53:12.900 D/dalvikvm(23769): Compiler shutdown in progress - discarding request
02-12 10:53:12.900 D/dalvikvm(23769): Compiler shutdown in progress - discarding request
02-12 10:53:12.900 D/dalvikvm(23769): Compiler shutdown in progress - discarding request
02-12 10:53:12.900 D/dalvikvm(23769): Compiler shutdown in progress - discarding request
02-12 10:53:12.900 D/dalvikvm(23769): Compiler shutdown in progress - discarding request
02-12 10:53:12.900 D/dalvikvm(23769): Compiler shutdown in progress - discarding request
02-12 10:53:12.900 D/dalvikvm(23769): Compiler shutdown in progress - discarding request
02-12 10:53:12.900 D/dalvikvm(23769): Compiler shutdown in progress - discarding request
02-12 10:53:12.900 D/dalvikvm(23769): Compiler shutdown in progress - discarding request
02-12 10:53:12.900 D/dalvikvm(23769): Compiler shutdown in progress - discarding request
02-12 10:53:12.900 D/dalvikvm(23769): Compiler shutdown in progress - discarding request
02-12 10:53:12.900 D/dalvikvm(23769): Compiler shutdown in progress - discarding request
02-12 10:53:12.900 D/dalvikvm(23769): Compiler shutdown in progress - discarding request
02-12 10:53:12.900 D/dalvikvm(23769): Compiler shutdown in progress - discarding request
02-12 10:53:12.900 D/dalvikvm(23769): Compiler shutdown in progress - discarding request
02-12 10:53:12.900 D/dalvikvm(23769): Compiler shutdown in progress - discarding request
02-12 10:53:12.900 D/dalvikvm(23769): Compiler shutdown in progress - discarding request
02-12 10:53:12.900 D/dalvikvm(23769): Compiler shutdown in progress - discarding request
02-12 10:53:12.900 D/dalvikvm(23769): Compiler shutdown in progress - discarding request
02-12 10:53:12.900 D/dalvikvm(23769): Compiler shutdown in progress - discarding request
02-12 10:53:12.900 I/ActivityManager(  504): START u0 {flg=0x10000000 cmp=org.xwalk.webapi_service_tests/.webapi_service_testsActivity} from pid 23769
02-12 10:53:13.530 D/AndroidRuntime(23780): 
02-12 10:53:13.530 D/AndroidRuntime(23780): >>>>>> AndroidRuntime START com.android.internal.os.RuntimeInit <<<<<<
02-12 10:53:13.530 D/AndroidRuntime(23780): CheckJNI is OFF
02-12 10:53:13.530 I/AndroidRuntime(23780): Kernel Release Version: 3.10.20-gf818079
02-12 10:53:13.530 I/dalvikvm(23780): No library specified. The standard exception handler will be used
02-12 10:53:13.540 I/dalvikvm(23780): 
02-12 10:53:13.540 I/dalvikvm(23780): +++++++++++++ Using PCG. +++++++++++++++++++++
02-12 10:53:13.540 D/dalvikvm(23780): Trying to load lib libjavacore.so 0x0
02-12 10:53:13.550 D/dalvikvm(23780): Added shared lib libjavacore.so 0x0
02-12 10:53:13.550 D/dalvikvm(23780): Trying to load lib libnativehelper.so 0x0
02-12 10:53:13.550 D/dalvikvm(23780): Added shared lib libnativehelper.so 0x0
02-12 10:53:13.550 D/dalvikvm(23780): No JNI_OnLoad found in libnativehelper.so 0x0, skipping init
02-12 10:53:13.550 D/dalvikvm(23780): Extra Options: not specified
02-12 10:53:13.570 D/dalvikvm(23780): Note: class Landroid/app/ActivityManagerNative; has 186 unimplemented (abstract) methods
02-12 10:53:13.640 E/memtrack(23780): Couldn't load memtrack module (No such file or directory)
02-12 10:53:13.640 E/android.os.Debug(23780): failed to load memtrack module: -2
02-12 10:53:13.670 D/AndroidRuntime(23780): Calling main entry com.android.commands.am.Am
02-12 10:53:13.710 D/AndroidRuntime(23780): Shutting down VM
02-12 10:53:13.710 V/WeatherTimeProvider( 1511): widget on Visibility Changed
02-12 10:53:13.710 D/dalvikvm(23780): GC_CONCURRENT freed 114K, 16% free 701K/832K, paused 0ms+0ms, total 1ms
02-12 10:53:13.710 I/SecurityManagerService(  621): SMS received security event: App[START/org.xwalk.webapi_service_tests]
02-12 10:53:13.710 I/ActivityManager(  504): START u0 {flg=0x10000000 cmp=org.xwalk.webapi_service_tests/.webapi_service_tests} from pid 23780
02-12 10:53:13.720 D/dalvikvm(23780): Compiler shutdown in progress - discarding request
02-12 10:53:13.720 D/dalvikvm(23780): Compiler shutdown in progress - discarding request
02-12 10:53:13.720 D/dalvikvm(23780): Compiler shutdown in progress - discarding request
02-12 10:53:13.720 D/dalvikvm(23780): Compiler shutdown in progress - discarding request
02-12 10:53:13.720 D/dalvikvm(23780): Compiler shutdown in progress - discarding request
02-12 10:53:13.720 D/dalvikvm(23780): Compiler shutdown in progress - discarding request
02-12 10:53:13.720 D/dalvikvm(23780): Compiler shutdown in progress - discarding request
02-12 10:53:13.720 D/dalvikvm(23780): Compiler shutdown in progress - discarding request
02-12 10:53:13.720 D/dalvikvm(23780): Compiler shutdown in progress - discarding request
02-12 10:53:13.720 D/dalvikvm(23780): Compiler shutdown in progress - discarding request
02-12 10:53:13.720 D/dalvikvm(23780): Compiler shutdown in progress - discarding request
02-12 10:53:13.720 D/dalvikvm(23780): Compiler shutdown in progress - discarding request
02-12 10:53:13.720 D/dalvikvm(23780): Compiler shutdown in progress - discarding request
02-12 10:53:13.720 D/dalvikvm(23780): Compiler shutdown in progress - discarding request
02-12 10:53:13.720 D/dalvikvm(23780): Compiler shutdown in progress - discarding request
02-12 10:53:13.720 D/dalvikvm(23780): Compiler shutdown in progress - discarding request
02-12 10:53:13.720 D/dalvikvm(23780): Compiler shutdown in progress - discarding request
02-12 10:53:13.720 D/dalvikvm(23780): Compiler shutdown in progress - discarding request
02-12 10:53:13.720 D/dalvikvm(23780): Compiler shutdown in progress - discarding request
02-12 10:53:13.720 D/dalvikvm(23780): Compiler shutdown in progress - discarding request
02-12 10:53:13.720 D/dalvikvm(23780): Compiler shutdown in progress - discarding request
02-12 10:53:13.720 D/dalvikvm(23780): Compiler shutdown in progress - discarding request
02-12 10:53:13.720 D/dalvikvm(23780): Compiler shutdown in progress - discarding request
02-12 10:53:13.720 D/dalvikvm(23780): Compiler shutdown in progress - discarding request
02-12 10:53:13.720 D/dalvikvm(23780): Compiler shutdown in progress - discarding request
02-12 10:53:13.720 D/dalvikvm(23780): Compiler shutdown in progress - discarding request
02-12 10:53:13.720 D/dalvikvm(23780): Compiler shutdown in progress - discarding request
02-12 10:53:13.720 D/dalvikvm(23780): Compiler shutdown in progress - discarding request
02-12 10:53:13.720 D/dalvikvm(23780): Compiler shutdown in progress - discarding request
02-12 10:53:13.720 D/dalvikvm(23780): Compiler shutdown in progress - discarding request
02-12 10:53:13.720 D/dalvikvm(23780): Compiler shutdown in progress - discarding request
02-12 10:53:13.720 D/dalvikvm(23780): Compiler shutdown in progress - discarding request
02-12 10:53:13.720 D/dalvikvm(23780): Compiler shutdown in progress - discarding request
02-12 10:53:13.720 D/dalvikvm(23780): Compiler shutdown in progress - discarding request
02-12 10:53:13.720 D/dalvikvm(23791): Late-enabling CheckJNI
02-12 10:53:13.720 D/dalvikvm(23780): Compiler shutdown in progress - discarding request
02-12 10:53:13.720 D/dalvikvm(23791): Try to disable coredump for pid 23791
02-12 10:53:13.720 D/dalvikvm(23780): Compiler shutdown in progress - discarding request
02-12 10:53:13.720 D/dalvikvm(23780): Compiler shutdown in progress - discarding request
02-12 10:53:13.720 D/dalvikvm(23791): Process 23791 nice name: org.xwalk.webapi_service_tests
02-12 10:53:13.720 D/dalvikvm(23791): Extra Options: not specified
02-12 10:53:13.720 D/dalvikvm(23780): Compiler shutdown in progress - discarding request
02-12 10:53:13.720 D/dalvikvm(23780): Compiler shutdown in progress - discarding request
02-12 10:53:13.720 D/dalvikvm(23780): Compiler shutdown in progress - discarding request
02-12 10:53:13.720 D/dalvikvm(23780): Compiler shutdown in progress - discarding request
02-12 10:53:13.720 D/dalvikvm(23780): Compiler shutdown in progress - discarding request
02-12 10:53:13.720 D/dalvikvm(23780): Compiler shutdown in progress - discarding request
02-12 10:53:13.720 D/dalvikvm(23780): Compiler shutdown in progress - discarding request
02-12 10:53:13.720 I/ActivityManager(  504): Start proc org.xwalk.webapi_service_tests for activity org.xwalk.webapi_service_tests/.webapi_service_tests: pid=23791 uid=10266 gids={50266, 3003, 1028, 1015}
02-12 10:53:13.730 D/WindowManager(  504): adjustConfigurationLw, config:{1.0 ?mcc?mnc ?locale ?layoutDir sw600dp w600dp h888dp 213dpi lrg port ?uimode ?night finger -keyb/v/h -nav/v} mLidState:1 mHasDockFeature:false mHasKeyboardFeature:false mHasHallSensorFeature:true config.hardKeyboardHidden:2
02-12 10:53:13.730 I/ActivityManager(  504): [TopPkgCurBat]	NowPkgName[org.xwalk.webapi_service_tests]	Battery[96]	TimeTick[1423709593750]	OldPkgName[com.asus.launcher]
02-12 10:53:13.750 D/        (  675): Surface destroy: ANDROID_NATIVE_WINDOW_MAGIC
02-12 10:53:13.760 D/        (  675): Pixel Format : GGL_PIXEL_FORMAT_RGBA_8888
02-12 10:53:13.760 E/rsC++   (  675): RS Message thread exiting.
02-12 10:53:13.770 I/CordovaLog(23791): Changing log level to DEBUG(3)
02-12 10:53:13.770 D/CordovaActivity(23791): CordovaActivity.init()
02-12 10:53:13.770 D/dalvikvm(23791): Trying to load lib /data/app-lib/org.xwalk.webapi_service_tests-1/libxwalkcore.so 0x43d83990
02-12 10:53:13.780 D/dalvikvm(23791): Added shared lib /data/app-lib/org.xwalk.webapi_service_tests-1/libxwalkcore.so 0x43d83990
02-12 10:53:13.780 I/LibraryLoader(23791): Time to load native libraries: 11 ms (timestamps 255-266)
02-12 10:53:13.780 I/LibraryLoader(23791): Expected native library version number "",actual native library version number ""
02-12 10:53:13.800 I/LibraryLoader(23791): Expected native library version number "",actual native library version number ""
02-12 10:53:13.810 I/chromium(23791): [INFO:library_loader_hooks.cc(112)] Chromium logging enabled: level = 0, default verbosity = 0
02-12 10:53:13.810 D/dalvikvm(  504): GC_EXPLICIT freed 4089K, 48% free 17166K/32464K, paused 1ms+7ms, total 56ms
02-12 10:53:13.810 I/BrowserStartupController(23791): Initializing chromium process, singleProcess=true
02-12 10:53:13.860 W/chromium(23791): [WARNING:dns_config_service_posix.cc(293)] Failed to read DnsConfig.
02-12 10:53:13.860 W/AudioManagerAndroid(23791): Requires BLUETOOTH permission
02-12 10:53:13.870 I/ufoGralloc(23791): Hello, this is UFO GRALLOC/Intel Corporation
02-12 10:53:13.870 D/        (23791): Pixel Format : GGL_PIXEL_FORMAT_RGBA_8888
02-12 10:53:13.870 D/        (23791): droid_create_context : config id = 1 conf->NativeVisualID=1
02-12 10:53:13.870 D/        (23791): Pixel Format : GGL_PIXEL_FORMAT_RGBA_8888
02-12 10:53:13.870 I/        (23791): Requested context : GLES 2.0
02-12 10:53:13.900 W/chromium(23791): [WARNING:proxy_service.cc(899)] PAC support disabled because there is no system implementation
02-12 10:53:13.900 W/dalvikvm(23791): VFY: unable to find class referenced in signature (Landroid/view/inputmethod/CursorAnchorInfo;)
02-12 10:53:13.900 I/dalvikvm(23791): Could not find method android.view.inputmethod.InputMethodManager.updateCursorAnchorInfo, referenced from method org.chromium.content.browser.input.InputMethodManagerWrapper.updateCursorAnchorInfo
02-12 10:53:13.900 W/dalvikvm(23791): VFY: unable to resolve virtual method 1368: Landroid/view/inputmethod/InputMethodManager;.updateCursorAnchorInfo (Landroid/view/View;Landroid/view/inputmethod/CursorAnchorInfo;)V
02-12 10:53:13.900 D/dalvikvm(23791): VFY: replacing opcode 0x6e at 0x000a
02-12 10:53:13.960 E/cutils  (  163): Failed to mkdirat(/Removable/MicroSD): Read-only file system
02-12 10:53:13.960 W/ContextImpl(23791): Failed to ensure directory: /Removable/MicroSD/Android/data/org.xwalk.webapi_service_tests/cache
02-12 10:53:13.960 W/Vold    (  163): Returning OperationFailed - no handler for errno 30
02-12 10:53:13.960 D/CordovaActivity(23791): CordovaActivity.createViews()
02-12 10:53:13.960 E/chromium(23791): [ERROR:unix_domain_server_socket_posix.cc(106)] Not implemented reached in virtual int net::UnixDomainServerSocket::GetLocalAddress(net::IPEndPoint*) const
02-12 10:53:13.970 D/CordovaWebView(23791): >>> loadUrl(file:///android_asset/www/index.html)
02-12 10:53:13.970 D/PluginManager(23791): init()
02-12 10:53:13.970 E/cutils  (  163): Failed to mkdirat(/Removable/MicroSD): Read-only file system
02-12 10:53:13.970 W/ContextImpl(23791): Failed to ensure directory: /Removable/MicroSD/Android/data/org.xwalk.webapi_service_tests/files
02-12 10:53:13.970 E/cutils  (  163): Failed to mkdirat(/Removable/MicroSD): Read-only file system
02-12 10:53:13.970 W/ContextImpl(23791): Failed to ensure directory: /Removable/MicroSD/Android/data/org.xwalk.webapi_service_tests/cache
02-12 10:53:13.970 D/CordovaWebView(23791): >>> loadUrlNow()
02-12 10:53:13.970 I/dalvikvm(23791): Could not find method android.app.Activity.finishAndRemoveTask, referenced from method org.chromium.base.ApiCompatibilityUtils.finishAndRemoveTask
02-12 10:53:13.970 W/dalvikvm(23791): VFY: unable to resolve virtual method 6: Landroid/app/Activity;.finishAndRemoveTask ()V
02-12 10:53:13.970 D/dalvikvm(23791): VFY: replacing opcode 0x6e at 0x0006
02-12 10:53:13.970 W/Vold    (  163): Returning OperationFailed - no handler for errno 30
02-12 10:53:13.970 W/Vold    (  163): Returning OperationFailed - no handler for errno 30
02-12 10:53:13.980 I/dalvikvm(23791): Could not find method android.os.PowerManager.isInteractive, referenced from method org.chromium.base.ApiCompatibilityUtils.isInteractive
02-12 10:53:13.980 W/dalvikvm(23791): VFY: unable to resolve virtual method 874: Landroid/os/PowerManager;.isInteractive ()Z
02-12 10:53:13.980 D/dalvikvm(23791): VFY: replacing opcode 0x6e at 0x000e
02-12 10:53:13.980 I/dalvikvm(23791): Could not find method android.view.Window.getNavigationBarColor, referenced from method org.chromium.base.ApiCompatibilityUtils.setStatusBarColor
02-12 10:53:13.980 W/dalvikvm(23791): VFY: unable to resolve virtual method 1268: Landroid/view/Window;.getNavigationBarColor ()I
02-12 10:53:13.980 D/dalvikvm(23791): VFY: replacing opcode 0x6e at 0x0010
02-12 10:53:13.980 I/dalvikvm(23791): Could not find method android.view.Window.setStatusBarColor, referenced from method org.chromium.base.ApiCompatibilityUtils.setStatusBarColor
02-12 10:53:13.980 W/dalvikvm(23791): VFY: unable to resolve virtual method 1274: Landroid/view/Window;.setStatusBarColor (I)V
02-12 10:53:13.980 D/dalvikvm(23791): VFY: replacing opcode 0x6e at 0x0019
02-12 10:53:13.980 E/dalvikvm(23791): Could not find class 'android.app.ActivityManager$TaskDescription', referenced from method org.chromium.base.ApiCompatibilityUtils.setTaskDescription
02-12 10:53:13.980 W/dalvikvm(23791): VFY: unable to resolve new-instance 13 (Landroid/app/ActivityManager$TaskDescription;) in Lorg/chromium/base/ApiCompatibilityUtils;
02-12 10:53:13.980 D/dalvikvm(23791): VFY: replacing opcode 0x22 at 0x0006
02-12 10:53:13.980 D/dalvikvm(23791): DexOpt: unable to opt direct call 0x002f at 0x08 in Lorg/chromium/base/ApiCompatibilityUtils;.setTaskDescription
02-12 10:53:13.980 I/chromium(23791): [INFO:xwalk_extension_renderer_controller.cc(47)] EXTENSION PROCESS DISABLED.
02-12 10:53:13.990 D/CordovaActivity(23791): Resuming the App
02-12 10:53:14.000 D/SoftKeyboardDetect(23791): Ignore this event
02-12 10:53:14.000 D/        (23791): droid_create_context : config id = 5 conf->NativeVisualID=1
02-12 10:53:14.000 D/        (23791): Pixel Format : GGL_PIXEL_FORMAT_RGBA_8888
02-12 10:53:14.000 I/        (23791): Requested context : GLES 2.0
02-12 10:53:14.010 D/        (23791): Pixel Format : GGL_PIXEL_FORMAT_RGBA_8888
02-12 10:53:14.020 D/OpenGLRenderer(23791): Enabling debug mode 0
02-12 10:53:14.020 D/        (23791): Pixel Format : GGL_PIXEL_FORMAT_RGBA_8888
02-12 10:53:14.020 D/        (23791): droid_create_context : config id = 1 conf->NativeVisualID=1
02-12 10:53:14.020 D/        (23791): Pixel Format : GGL_PIXEL_FORMAT_RGBA_8888
02-12 10:53:14.020 I/        (23791): Requested context : GLES 2.0
02-12 10:53:14.030 D/XT9IME  (  722): new subtype :zh_CN ,pinyin
02-12 10:53:14.030 D/SoftKeyboardDetect(23791): Ignore this event
02-12 10:53:14.080 D/ImageWallpaper(  566): onVisibilityChanged: mVisible, visible=true, false
02-12 10:53:14.080 D/ImageWallpaper(  566): Visibility changed to visible=false
02-12 10:53:14.080 D/ImageWallpaper(  566): Suppressed drawFrame since redraw is not needed and offsets have not changed.
02-12 10:53:14.090 D/CordovaActivity(23791): onMessage(onPageStarted,file:///android_asset/www/index.html)
02-12 10:53:14.090 W/BindingManager(23791): Cannot call determinedVisibility() - never saw a connection for the pid: 23791
02-12 10:53:14.090 D/BatteryStatsImpl(  504): noteStopWakeLocked system isFromForeground = false
02-12 10:53:14.100 I/ActivityManager(  504): Displayed org.xwalk.webapi_service_tests/.webapi_service_tests: +387ms
02-12 10:53:14.110 D/CordovaActivity(23791): onMessage(onPageFinished,file:///android_asset/www/index.html)
02-12 10:53:14.790 D/EVENT_THREAD(  183): void CEventThread::run() POLLIN event on Fd (1)
02-12 10:53:14.790 D/EVENT_THREAD(  183): void CEventThread::run() Do poll with timeout: -1
02-12 10:53:14.790 I/upi_ug31xx(  166): (5072) update_capacity
02-12 10:53:14.790 I/[UPI]   (  166): <UG31/E>[UpiReadCapacity]: V=4183(4182), T=344(344-396), I=-446, C=-3(-3-0)
02-12 10:53:14.790 I/[UPI]   (  166): <UG31/E>[UpiReadCapacity]: (0x10822d5a) 3764 (3653) / 3926 (4028) = 96
02-12 10:53:14.790 I/[UPI]   (  166): <UG31/E>[UpiReadCapacity]: (0x10822d5a) 3764 (3653) / 3926 (4028) = 96
02-12 10:53:14.790 I/[UPI]   (  166): <UG31/E>[UpiReadCapacity]: (0x10822d5a) 3761 (3761) / 3926 (4028) = 96
02-12 10:53:14.790 I/[UPI]   (  166): <UG31/E>[RsocFilterCountTime]: (0x10822d5a) Step=9(547160), Full=4(547160), Lock=547160(1800000)
02-12 10:53:14.790 I/[UPI]   (  166): <UG31/E>[UpiReadCapacity]: (0x10822d5a) 3761 (3761) / 3926 (4028) = 96 (-446--446)
02-12 10:53:14.790 I/[UPI]   (  166): <UG31/E><BATT> M:normal, P:96(96-96)%, V:4181mV, C:-622mA, T:34.4C(396), S:0x10822d5a(100), R:3761mAh, F:3926mAh, Q:308mAh, CC:3, P:30.410(302-0)s, BO:7, 97:615:0-44af-9m:B001-20140514-144301 (16)
02-12 10:53:14.790 D/EVENT_THREAD(  183): void CEventThread::run() POLLIN event on Fd (1)
02-12 10:53:14.790 D/EVENT_THREAD(  183): void CEventThread::run() Do poll with timeout: -1
02-12 10:53:14.840 I/upi_ug31xx(  166): (5073) backup_data 
02-12 10:53:14.840 V/upi_ug31xx(  166): state->check_backup_count = 16
02-12 10:53:15.120 D/CordovaActivity(23791): onMessage(onPageStarted,http://127.0.0.1:8080/index.html)
02-12 10:53:15.200 W/BindingManager(23791): Cannot call determinedVisibility() - never saw a connection for the pid: 23791
02-12 10:53:15.390 I/chromium(23791): [INFO:CONSOLE(0)] "Synchronous XMLHttpRequest on the main thread is deprecated because of its detrimental effects to the end user's experience. For more help, check http://xhr.spec.whatwg.org/.", source:  (0)
02-12 10:53:15.450 D/CordovaActivity(23791): onMessage(onPageFinished,http://127.0.0.1:8080/index.html)
02-12 10:53:16.120 D/CordovaActivity(23791): onMessage(spinner,stop)
02-12 10:53:16.140 D/        (23791): Pixel Format : GGL_PIXEL_FORMAT_RGBA_8888
02-12 10:53:16.140 D/        (23791): droid_create_context : config id = 1 conf->NativeVisualID=1
02-12 10:53:16.140 D/        (23791): Pixel Format : GGL_PIXEL_FORMAT_RGBA_8888
02-12 10:53:16.140 I/        (23791): Requested context : GLES 2.0
02-12 10:53:16.170 D/        (23791): Swap interval set to = 1 value
02-12 10:53:16.240 D/        (23791): Pixel Format : GGL_PIXEL_FORMAT_RGBA_8888
02-12 10:53:16.240 D/        (23791): droid_create_context : config id = 1 conf->NativeVisualID=1
02-12 10:53:16.240 D/        (23791): Pixel Format : GGL_PIXEL_FORMAT_RGBA_8888
02-12 10:53:16.240 I/        (23791): Requested context : GLES 2.0
02-12 10:53:16.610 I/chromium(23791): [INFO:CONSOLE(0)] "Setting 'XMLHttpRequest.withCredentials' for synchronous requests is deprecated.", source:  (0)
02-12 10:53:17.450 D/CordovaActivity(23791): onMessage(spinner,stop)
02-12 10:53:17.470 W/BindingManager(23791): Cannot call determinedVisibility() - never saw a connection for the pid: 23791
02-12 10:53:18.230 W/BindingManager(23791): Cannot call determinedVisibility() - never saw a connection for the pid: 23791
02-12 10:53:18.910 W/BindingManager(23791): Cannot call determinedVisibility() - never saw a connection for the pid: 23791
02-12 10:53:19.600 W/BindingManager(23791): Cannot call determinedVisibility() - never saw a connection for the pid: 23791
02-12 10:53:20.280 W/BindingManager(23791): Cannot call determinedVisibility() - never saw a connection for the pid: 23791
02-12 10:53:20.940 W/BindingManager(23791): Cannot call determinedVisibility() - never saw a connection for the pid: 23791
02-12 10:53:21.600 W/BindingManager(23791): Cannot call determinedVisibility() - never saw a connection for the pid: 23791
02-12 10:53:23.450 I/chromium(23791): [INFO:CONSOLE(75)] "Uncaught SecurityError: Blocked a frame with origin "http://127.0.0.1:8080" from accessing a frame with origin "http://127.0.0.1:8080". The frame requesting access set "document.domain" to "127.0.0.1", but the frame being accessed did not. Both must set "document.domain" to the same value to allow access.", source: http://127.0.0.1:8080/opt/tct-xmlhttprequest-w3c-tests/resources/testharness.js (75)
02-12 10:53:23.460 I/chromium(23791): [INFO:CONSOLE(835)] "Uncaught SecurityError: Blocked a frame with origin "http://127.0.0.1:8080" from accessing a frame with origin "http://127.0.0.1:8080". The frame being accessed set "document.domain" to "127.0.0.1", but the frame requesting access did not. Both must set "document.domain" to the same value to allow access.", source: http://127.0.0.1:8080/testrunner.js (835)
02-12 10:53:33.440 I/chromium(23791): [INFO:CONSOLE(75)] "Uncaught SecurityError: Blocked a frame with origin "http://127.0.0.1:8080" from accessing a frame with origin "http://127.0.0.1:8080". The frame requesting access set "document.domain" to "127.0.0.1", but the frame being accessed did not. Both must set "document.domain" to the same value to allow access.", source: http://127.0.0.1:8080/opt/tct-xmlhttprequest-w3c-tests/resources/testharness.js (75)
02-12 10:53:35.630 D/wpa_supplicant(  651): wlan0: Starting AP scan for wildcard SSID
02-12 10:53:35.630 D/wpa_supplicant(  651): WPS: Building WPS IE for Probe Request
02-12 10:53:35.630 D/wpa_supplicant(  651): WPS:  * Version (hardcoded 0x10)
02-12 10:53:35.630 D/wpa_supplicant(  651): WPS:  * Request Type
02-12 10:53:35.630 D/wpa_supplicant(  651): WPS:  * Config Methods (4288)
02-12 10:53:35.630 D/wpa_supplicant(  651): WPS:  * UUID-E
02-12 10:53:35.630 D/wpa_supplicant(  651): WPS:  * Primary Device Type
02-12 10:53:35.630 D/wpa_supplicant(  651): WPS:  * RF Bands (1)
02-12 10:53:35.630 D/wpa_supplicant(  651): WPS:  * Association State
02-12 10:53:35.630 D/wpa_supplicant(  651): WPS:  * Configuration Error (0)
02-12 10:53:35.630 D/wpa_supplicant(  651): WPS:  * Device Password ID (0)
02-12 10:53:35.630 D/wpa_supplicant(  651): WPS:  * Manufacturer
02-12 10:53:35.630 D/wpa_supplicant(  651): WPS:  * Model Name
02-12 10:53:35.640 D/wpa_supplicant(  651): WPS:  * Model Number
02-12 10:53:35.640 D/wpa_supplicant(  651): WPS:  * Device Name
02-12 10:53:35.640 D/wpa_supplicant(  651): WPS:  * Version2 (0x20)
02-12 10:53:35.640 D/wpa_supplicant(  651): P2P: * P2P IE header
02-12 10:53:35.640 D/wpa_supplicant(  651): P2P: * Capability dev=25 group=00
02-12 10:53:35.640 D/wpa_supplicant(  651): P2P: * Listen Channel: Regulatory Class 81 Channel 11
02-12 10:53:35.640 D/wpa_supplicant(  651): wlan0: nl80211: scan request
02-12 10:53:35.690 D/wpa_supplicant(  651): Scan requested (ret=0) - scan timeout 30 seconds
02-12 10:53:35.690 D/wpa_supplicant(  651): nl80211: Drv Event 33 (NL80211_CMD_TRIGGER_SCAN) received for wlan0
02-12 10:53:35.690 D/wpa_supplicant(  651): wlan0: nl80211: Scan trigger
02-12 10:53:36.810 D/wpa_supplicant(  651): nl80211: Drv Event 34 (NL80211_CMD_NEW_SCAN_RESULTS) received for wlan0
02-12 10:53:36.810 D/wpa_supplicant(  651): wlan0: nl80211: New scan results available
02-12 10:53:36.810 D/wpa_supplicant(  651): wlan0: Event SCAN_RESULTS (3) received
02-12 10:53:36.810 D/wpa_supplicant(  651): nl80211: Received scan results (25 BSSes)
02-12 10:53:36.810 D/wpa_supplicant(  651): nl80211: Survey data missing
02-12 10:53:36.810 D/wpa_supplicant(  651): wlan0: BSS: Start scan result update 272
02-12 10:53:36.810 D/wpa_supplicant(  651): wlan0: BSS: Add new id 639 BSSID 1c:65:9d:e8:79:44 SSID 'WiFi'
02-12 10:53:36.810 D/wpa_supplicant(  651): CTRL_IFACE monitor send - hexdump(len=39): 2f 64 61 74 61 2f 6d 69 73 63 2f 77 69 66 69 2f 73 6f 63 6b 65 74 73 2f 77 70 61 5f 63 74 72 6c ...
02-12 10:53:36.810 I/WifiHW  (  504): EVENT: IFNAME=wlan0 CTRL-EVENT-BSS-ADDED 639 1c:65:9d:e8:79:44
02-12 10:53:36.810 D/wpa_supplicant(  651): wlan0: BSS: Add new id 640 BSSID f4:b7:e2:2b:41:b7 SSID 'cmscc'
02-12 10:53:36.810 D/wpa_supplicant(  651): CTRL_IFACE monitor send - hexdump(len=39): 2f 64 61 74 61 2f 6d 69 73 63 2f 77 69 66 69 2f 73 6f 63 6b 65 74 73 2f 77 70 61 5f 63 74 72 6c ...
02-12 10:53:36.810 I/WifiHW  (  504): EVENT: IFNAME=wlan0 CTRL-EVENT-BSS-ADDED 640 f4:b7:e2:2b:41:b7
02-12 10:53:36.810 D/wpa_supplicant(  651): wlan0: BSS: Add new id 641 BSSID 00:25:86:5c:5e:30 SSID 'internet'
02-12 10:53:36.810 D/wpa_supplicant(  651): CTRL_IFACE monitor send - hexdump(len=39): 2f 64 61 74 61 2f 6d 69 73 63 2f 77 69 66 69 2f 73 6f 63 6b 65 74 73 2f 77 70 61 5f 63 74 72 6c ...
02-12 10:53:36.810 I/WifiHW  (  504): EVENT: IFNAME=wlan0 CTRL-EVENT-BSS-ADDED 641 00:25:86:5c:5e:30
02-12 10:53:36.810 D/wpa_supplicant(  651): wlan0: BSS: Remove id 624 BSSID e4:d3:32:c0:cf:a4 SSID 'fast' due to no match in scan
02-12 10:53:36.810 D/wpa_supplicant(  651): CTRL_IFACE monitor send - hexdump(len=39): 2f 64 61 74 61 2f 6d 69 73 63 2f 77 69 66 69 2f 73 6f 63 6b 65 74 73 2f 77 70 61 5f 63 74 72 6c ...
02-12 10:53:36.810 I/WifiHW  (  504): EVENT: IFNAME=wlan0 CTRL-EVENT-BSS-REMOVED 624 e4:d3:32:c0:cf:a4
02-12 10:53:36.810 D/wpa_supplicant(  651): wlan0: BSS: Remove id 635 BSSID e4:d3:32:36:2e:54 SSID 'MERCURY_362E54' due to no match in scan
02-12 10:53:36.810 D/wpa_supplicant(  651): CTRL_IFACE monitor send - hexdump(len=39): 2f 64 61 74 61 2f 6d 69 73 63 2f 77 69 66 69 2f 73 6f 63 6b 65 74 73 2f 77 70 61 5f 63 74 72 6c ...
02-12 10:53:36.810 I/WifiHW  (  504): EVENT: IFNAME=wlan0 CTRL-EVENT-BSS-REMOVED 635 e4:d3:32:36:2e:54
02-12 10:53:36.810 D/wpa_supplicant(  651): BSS: last_scan_res_used=25/32 last_scan_full=0
02-12 10:53:36.810 D/wpa_supplicant(  651): wlan0: New scan results available
02-12 10:53:36.810 D/wpa_supplicant(  651): CTRL_IFACE monitor send - hexdump(len=39): 2f 64 61 74 61 2f 6d 69 73 63 2f 77 69 66 69 2f 73 6f 63 6b 65 74 73 2f 77 70 61 5f 63 74 72 6c ...
02-12 10:53:36.810 D/wpa_supplicant(  651): CTRL_IFACE monitor send - hexdump(len=39): 2f 64 61 74 61 2f 6d 69 73 63 2f 77 69 66 69 2f 73 6f 63 6b 65 74 73 2f 77 70 61 5f 63 74 72 6c ...
02-12 10:53:36.810 I/WifiHW  (  504): EVENT: IFNAME=wlan0 CTRL-EVENT-SCAN-RESULTS 
02-12 10:53:36.810 I/WifiHW  (  504): EVENT: IFNAME=wlan0 WPS-AP-AVAILABLE 
02-12 10:53:36.810 D/wpa_supplicant(  651): Authorize channel 1
02-12 10:53:36.810 I/WifiHW  (  504): CMD: IFNAME=wlan0 BSS RANGE=0- MASK=0x21987
02-12 10:53:36.810 D/wpa_supplicant(  651): Authorize channel 2
02-12 10:53:36.810 D/wpa_supplicant(  651): Authorize channel 3
02-12 10:53:36.810 D/wpa_supplicant(  651): Authorize channel 4
02-12 10:53:36.810 D/wpa_supplicant(  651): Authorize channel 5
02-12 10:53:36.810 D/wpa_supplicant(  651): Authorize channel 6
02-12 10:53:36.810 D/wpa_supplicant(  651): Authorize channel 7
02-12 10:53:36.810 D/wpa_supplicant(  651): Authorize channel 8
02-12 10:53:36.810 D/wpa_supplicant(  651): Authorize channel 9
02-12 10:53:36.810 D/wpa_supplicant(  651): Authorize channel 10
02-12 10:53:36.810 D/wpa_supplicant(  651): Authorize channel 11
02-12 10:53:36.810 D/wpa_supplicant(  651): Authorize channel 12
02-12 10:53:36.810 D/wpa_supplicant(  651): Authorize channel 13
02-12 10:53:36.810 D/wpa_supplicant(  651): Authorize channel 1
02-12 10:53:36.810 D/wpa_supplicant(  651): Authorize channel 2
02-12 10:53:36.810 D/wpa_supplicant(  651): Authorize channel 3
02-12 10:53:36.810 D/wpa_supplicant(  651): Authorize channel 4
02-12 10:53:36.810 D/wpa_supplicant(  651): Authorize channel 5
02-12 10:53:36.810 D/wpa_supplicant(  651): Authorize channel 6
02-12 10:53:36.810 D/wpa_supplicant(  651): Authorize channel 7
02-12 10:53:36.810 D/wpa_supplicant(  651): Authorize channel 8
02-12 10:53:36.810 D/wpa_supplicant(  651): Authorize channel 9
02-12 10:53:36.810 D/wpa_supplicant(  651): Authorize channel 10
02-12 10:53:36.810 D/wpa_supplicant(  651): Authorize channel 11
02-12 10:53:36.810 D/wpa_supplicant(  651): Authorize channel 12
02-12 10:53:36.810 D/wpa_supplicant(  651): Authorize channel 13
02-12 10:53:36.810 D/wpa_supplicant(  651): Add access point on channel 6
02-12 10:53:36.810 D/wpa_supplicant(  651): Add access point on channel 11
02-12 10:53:36.810 D/wpa_supplicant(  651): Add access point on channel 4
02-12 10:53:36.810 D/wpa_supplicant(  651): Add access point on channel 11
02-12 10:53:36.810 D/wpa_supplicant(  651): Add access point on channel 6
02-12 10:53:36.810 D/wpa_supplicant(  651): Add access point on channel 1
02-12 10:53:36.810 D/wpa_supplicant(  651): Add access point on channel 11
02-12 10:53:36.810 D/wpa_supplicant(  651): Add access point on channel 6
02-12 10:53:36.810 D/wpa_supplicant(  651): Add access point on channel 6
02-12 10:53:36.810 D/wpa_supplicant(  651): Add access point on channel 1
02-12 10:53:36.810 D/wpa_supplicant(  651): Add access point on channel 1
02-12 10:53:36.810 D/wpa_supplicant(  651): Add access point on channel 6
02-12 10:53:36.810 D/wpa_supplicant(  651): Add access point on channel 11
02-12 10:53:36.810 D/wpa_supplicant(  651): Add access point on channel 6
02-12 10:53:36.810 D/wpa_supplicant(  651): Add access point on channel 1
02-12 10:53:36.810 D/wpa_supplicant(  651): Add access point on channel 6
02-12 10:53:36.810 D/wpa_supplicant(  651): Add access point on channel 9
02-12 10:53:36.810 D/wpa_supplicant(  651): Add access point on channel 6
02-12 10:53:36.810 D/wpa_supplicant(  651): Add access point on channel 6
02-12 10:53:36.810 D/wpa_supplicant(  651): Add access point on channel 8
02-12 10:53:36.810 D/wpa_supplicant(  651): Add access point on channel 1
02-12 10:53:36.810 D/wpa_supplicant(  651): Add access point on channel 6
02-12 10:53:36.810 D/wpa_supplicant(  651): Add access point on channel 6
02-12 10:53:36.810 D/wpa_supplicant(  651): Add access point on channel 2
02-12 10:53:36.810 D/wpa_supplicant(  651): Add access point on channel 1
02-12 10:53:36.810 D/wpa_supplicant(  651): Add access point on channel 6
02-12 10:53:36.810 D/wpa_supplicant(  651): Add access point on channel 6
02-12 10:53:36.810 D/wpa_supplicant(  651): Add access point on channel 6
02-12 10:53:36.810 D/wpa_supplicant(  651): Best Operating channel is = 11
02-12 10:53:36.830 D/wpa_supplicant(  651): WPS: AP[0] f8:d1:11:e7:99:e8 type=0 tries=0 last_attempt=-1 sec ago blacklist=0
02-12 10:53:36.830 D/wpa_supplicant(  651): WPS: AP[1] 10:c3:7b:d2:e5:e0 type=0 tries=0 last_attempt=-1 sec ago blacklist=0
02-12 10:53:36.830 D/wpa_supplicant(  651): WPS: AP[2] b0:48:7a:20:66:6a type=0 tries=0 last_attempt=-1 sec ago blacklist=0
02-12 10:53:36.830 D/wpa_supplicant(  651): WPS: AP[3] cc:34:29:2b:26:4c type=0 tries=0 last_attempt=-1 sec ago blacklist=0
02-12 10:53:36.830 D/wpa_supplicant(  651): WPS: AP[4] cc:34:29:2c:fb:ec type=0 tries=0 last_attempt=-1 sec ago blacklist=0
02-12 10:53:36.830 D/wpa_supplicant(  651): WPS: AP[5] 44:94:fc:3d:da:38 type=0 tries=0 last_attempt=-1 sec ago blacklist=0
02-12 10:53:36.830 D/wpa_supplicant(  651): WPS: AP[6] c0:c1:c0:76:81:3c type=0 tries=0 last_attempt=-1 sec ago blacklist=0
02-12 10:53:36.830 D/wpa_supplicant(  651): WPS: AP[7] 98:fc:11:81:35:fb type=0 tries=0 last_attempt=-1 sec ago blacklist=0
02-12 10:53:36.830 D/wpa_supplicant(  651): WPS: AP[8] b0:48:7a:51:ff:cc type=0 tries=0 last_attempt=-1 sec ago blacklist=0
02-12 10:53:36.830 D/wpa_supplicant(  651): WPS: AP[9] 14:d6:4d:28:ef:c8 type=0 tries=0 last_attempt=-1 sec ago blacklist=0
02-12 10:53:36.830 D/wpa_supplicant(  651): WPS: AP[10] 7a:ff:57:00:13:56 type=0 tries=0 last_attempt=-1 sec ago blacklist=0
02-12 10:53:36.830 D/wpa_supplicant(  651): WPS: AP[11] c8:d7:19:60:62:f2 type=0 tries=0 last_attempt=-1 sec ago blacklist=0
02-12 10:53:36.830 D/wpa_supplicant(  651): WPS: AP[12] c0:a0:bb:20:3b:84 type=0 tries=0 last_attempt=-1 sec ago blacklist=0
02-12 10:53:36.830 D/wpa_supplicant(  651): WPS: AP[13] 5e:f3:70:0c:91:9a type=0 tries=0 last_attempt=-1 sec ago blacklist=0
02-12 10:53:36.830 D/wpa_supplicant(  651): WPS: AP[14] 02:09:4c:42:36:90 type=0 tries=0 last_attempt=-1 sec ago blacklist=0
02-12 10:53:36.830 D/wpa_supplicant(  651): WPS: AP[15] e4:d3:32:36:2e:54 type=0 tries=0 last_attempt=-1 sec ago blacklist=0
02-12 10:53:36.830 D/wpa_supplicant(  651): wlan0: Selecting BSS from priority group 17
02-12 10:53:36.830 D/wpa_supplicant(  651): wlan0: 0: 6c:8b:2f:e9:d1:da ssid='ZTE_AP_1640' wpa_ie_len=0 rsn_ie_len=20 caps=0x511 level=-46
02-12 10:53:36.830 D/wpa_supplicant(  651): wlan0:    skip - SSID mismatch
02-12 10:53:36.830 D/wpa_supplicant(  651): wlan0: 1: c8:d7:19:60:62:f2 ssid='E3000-2.4G' wpa_ie_len=0 rsn_ie_len=20 caps=0x411 level=-46
02-12 10:53:36.830 D/wpa_supplicant(  651): wlan0:    skip - SSID mismatch
02-12 10:53:36.830 D/wpa_supplicant(  651): wlan0: 2: f8:d1:11:e7:99:e8 ssid='videotest' wpa_ie_len=22 rsn_ie_len=20 caps=0x531 level=-48 wps
02-12 10:53:36.830 D/wpa_supplicant(  651): wlan0:    skip - SSID mismatch
02-12 10:53:36.830 D/wpa_supplicant(  651): wlan0: 3: 6c:8b:2f:e8:38:24 ssid='ZTE_AP_6703' wpa_ie_len=0 rsn_ie_len=20 caps=0x511 level=-56
02-12 10:53:36.830 D/wpa_supplicant(  651): wlan0:    skip - SSID mismatch
02-12 10:53:36.830 D/wpa_supplicant(  651): wlan0: 4: 10:c3:7b:d2:e5:e0 ssid='ASUS_RT-AC66U-2.4G' wpa_ie_len=0 rsn_ie_len=20 caps=0x411 level=-57 wps
02-12 10:53:36.830 D/wpa_supplicant(  651): wlan0:    skip - SSID mismatch
02-12 10:53:36.830 D/wpa_supplicant(  651): wlan0: 5: cc:34:29:2b:26:4c ssid='cws-test' wpa_ie_len=0 rsn_ie_len=20 caps=0x431 level=-58 wps
02-12 10:53:36.830 D/wpa_supplicant(  651): wlan0:    skip - SSID mismatch
02-12 10:53:36.830 D/wpa_supplicant(  651): wlan0: 6: 02:1a:11:fd:45:ed ssid='Android' wpa_ie_len=0 rsn_ie_len=20 caps=0x511 level=-59
02-12 10:53:36.830 D/wpa_supplicant(  651): wlan0:    skip - SSID mismatch
02-12 10:53:36.830 D/wpa_supplicant(  651): wlan0: 7: b0:48:7a:20:66:6a ssid='TP-LINK_20666A' wpa_ie_len=22 rsn_ie_len=20 caps=0x431 level=-62 wps
02-12 10:53:36.830 D/wpa_supplicant(  651): wlan0:    skip - SSID mismatch
02-12 10:53:36.830 D/wpa_supplicant(  651): wlan0: 8: 44:94:fc:3d:da:38 ssid='6300' wpa_ie_len=0 rsn_ie_len=20 caps=0x411 level=-66 wps
02-12 10:53:36.830 D/wpa_supplicant(  651): wlan0:    skip - SSID mismatch
02-12 10:53:36.830 D/wpa_supplicant(  651): wlan0: 9: b0:48:7a:51:ff:cc ssid='Neusoft TP' wpa_ie_len=22 rsn_ie_len=20 caps=0x431 level=-66 wps
02-12 10:53:36.830 D/wpa_supplicant(  651): wlan0:    skip - SSID mismatch
02-12 10:53:36.830 D/wpa_supplicant(  651): wlan0: 10: cc:34:29:2c:fb:ec ssid='linksys' wpa_ie_len=22 rsn_ie_len=20 caps=0x431 level=-67 wps
02-12 10:53:36.830 D/wpa_supplicant(  651): wlan0:    skip - SSID mismatch
02-12 10:53:36.830 D/wpa_supplicant(  651): wlan0: 11: 22:48:9a:ac:31:7f ssid='WiFi874' wpa_ie_len=0 rsn_ie_len=20 caps=0x431 level=-67
02-12 10:53:36.830 D/wpa_supplicant(  651): wlan0:    skip - SSID mismatch
02-12 10:53:36.830 D/wpa_supplicant(  651): wlan0: 12: 98:fc:11:81:35:fb ssid='E2000E' wpa_ie_len=0 rsn_ie_len=20 caps=0x411 level=-68 wps
02-12 10:53:36.830 D/wpa_supplicant(  651): wlan0:    skip - SSID mismatch
02-12 10:53:36.830 D/wpa_supplicant(  651): wlan0: 13: 80:1f:02:43:fb:e8 ssid='Edimax AP' wpa_ie_len=0 rsn_ie_len=20 caps=0x411 level=-69
02-12 10:53:36.830 D/wpa_supplicant(  651): wlan0:    skip - SSID mismatch
02-12 10:53:36.830 D/wpa_supplicant(  651): wlan0: 14: 1c:65:9d:e8:79:44 ssid='WiFi' wpa_ie_len=0 rsn_ie_len=20 caps=0x511 level=-71
02-12 10:53:36.830 D/wpa_supplicant(  651): wlan0:    skip - SSID mismatch
02-12 10:53:36.830 D/wpa_supplicant(  651): wlan0: 15: 8c:be:be:01:00:49 ssid='mw' wpa_ie_len=0 rsn_ie_len=20 caps=0x431 level=-73
02-12 10:53:36.830 D/wpa_supplicant(  651): wlan0:    skip - SSID mismatch
02-12 10:53:36.830 D/wpa_supplicant(  651): wlan0: 16: c0:cb:38:7f:c9:09 ssid='360WiFi-7908' wpa_ie_len=0 rsn_ie_len=20 caps=0x511 level=-76
02-12 10:53:36.830 D/wpa_supplicant(  651): wlan0:    skip - SSID mismatch
02-12 10:53:36.830 D/wpa_supplicant(  651): wlan0: 17: 74:e5:43:24:f4:5b ssid='Dttest' wpa_ie_len=0 rsn_ie_len=20 caps=0x31 level=-77
02-12 10:53:36.830 D/wpa_supplicant(  651): wlan0:    skip - SSID mismatch
02-12 10:53:36.830 D/wpa_supplicant(  651): wlan0: 18: 14:d6:4d:28:ef:c8 ssid='dlink' wpa_ie_len=0 rsn_ie_len=20 caps=0x431 level=-77 wps
02-12 10:53:36.830 D/wpa_supplicant(  651): wlan0:    skip - SSID mismatch
02-12 10:53:36.830 D/wpa_supplicant(  651): wlan0: 19: cc:b2:55:e2:84:70 ssid='DLINK_APK' wpa_ie_len=22 rsn_ie_len=20 caps=0x411 level=-78
02-12 10:53:36.830 D/wpa_supplicant(  651): wlan0:    skip - SSID mismatch
02-12 10:53:36.830 D/wpa_supplicant(  651): wlan0: 20: 00:0f:e2:0f:9f:c1 ssid='321_WAN' wpa_ie_len=28 rsn_ie_len=24 caps=0x411 level=-79
02-12 10:53:36.830 D/wpa_supplicant(  651): wlan0:    skip - SSID mismatch
02-12 10:53:36.830 D/wpa_supplicant(  651): wlan0: 21: f4:b7:e2:2b:41:b7 ssid='cmscc' wpa_ie_len=0 rsn_ie_len=20 caps=0x31 level=-84
02-12 10:53:36.830 D/wpa_supplicant(  651): wlan0:    skip - SSID mismatch
02-12 10:53:36.830 D/wpa_supplicant(  651): wlan0: 22: 50:bd:5f:4b:29:92 ssid='Internet-2' wpa_ie_len=0 rsn_ie_len=0 caps=0x421 level=-66
02-12 10:53:36.830 D/wpa_supplicant(  651): wlan0:    skip - SSID mismatch
02-12 10:53:36.830 D/wpa_supplicant(  651): wlan0: 23: e4:d3:32:dd:18:62 ssid='Internet' wpa_ie_len=0 rsn_ie_len=0 caps=0x421 level=-66
02-12 10:53:36.830 D/wpa_supplicant(  651): wlan0:    skip - SSID mismatch
02-12 10:53:36.830 D/wpa_supplicant(  651): wlan0: 24: 00:25:86:5c:5e:30 ssid='internet' wpa_ie_len=0 rsn_ie_len=0 caps=0x421 level=-82
02-12 10:53:36.830 D/wpa_supplicant(  651): wlan0:    skip - SSID mismatch
02-12 10:53:36.830 D/wpa_supplicant(  651): wlan0: Selecting BSS from priority group 15
02-12 10:53:36.830 D/wpa_supplicant(  651): wlan0: 0: 6c:8b:2f:e9:d1:da ssid='ZTE_AP_1640' wpa_ie_len=0 rsn_ie_len=20 caps=0x511 level=-46
02-12 10:53:36.830 D/wpa_supplicant(  651): wlan0:    skip - SSID mismatch
02-12 10:53:36.830 D/wpa_supplicant(  651): wlan0: 1: c8:d7:19:60:62:f2 ssid='E3000-2.4G' wpa_ie_len=0 rsn_ie_len=20 caps=0x411 level=-46
02-12 10:53:36.830 D/wpa_supplicant(  651): wlan0:    skip - SSID mismatch
02-12 10:53:36.830 D/wpa_supplicant(  651): wlan0: 2: f8:d1:11:e7:99:e8 ssid='videotest' wpa_ie_len=22 rsn_ie_len=20 caps=0x531 level=-48 wps
02-12 10:53:36.830 D/wpa_supplicant(  651): wlan0:    skip - SSID mismatch
02-12 10:53:36.830 D/wpa_supplicant(  651): wlan0: 3: 6c:8b:2f:e8:38:24 ssid='ZTE_AP_6703' wpa_ie_len=0 rsn_ie_len=20 caps=0x511 level=-56
02-12 10:53:36.830 D/wpa_supplicant(  651): wlan0:    skip - SSID mismatch
02-12 10:53:36.830 D/wpa_supplicant(  651): wlan0: 4: 10:c3:7b:d2:e5:e0 ssid='ASUS_RT-AC66U-2.4G' wpa_ie_len=0 rsn_ie_len=20 caps=0x411 level=-57 wps
02-12 10:53:36.830 D/wpa_supplicant(  651): wlan0:    skip - SSID mismatch
02-12 10:53:36.830 D/wpa_supplicant(  651): wlan0: 5: cc:34:29:2b:26:4c ssid='cws-test' wpa_ie_len=0 rsn_ie_len=20 caps=0x431 level=-58 wps
02-12 10:53:36.830 D/wpa_supplicant(  651): wlan0:    skip - SSID mismatch
02-12 10:53:36.830 D/wpa_supplicant(  651): wlan0: 6: 02:1a:11:fd:45:ed ssid='Android' wpa_ie_len=0 rsn_ie_len=20 caps=0x511 level=-59
02-12 10:53:36.830 D/wpa_supplicant(  651): wlan0:    skip - SSID mismatch
02-12 10:53:36.830 D/wpa_supplicant(  651): wlan0: 7: b0:48:7a:20:66:6a ssid='TP-LINK_20666A' wpa_ie_len=22 rsn_ie_len=20 caps=0x431 level=-62 wps
02-12 10:53:36.830 D/wpa_supplicant(  651): wlan0:    skip - SSID mismatch
02-12 10:53:36.830 D/wpa_supplicant(  651): wlan0: 8: 44:94:fc:3d:da:38 ssid='6300' wpa_ie_len=0 rsn_ie_len=20 caps=0x411 level=-66 wps
