02-12 10:59:51.130 D/dalvikvm(25809): Compiler shutdown in progress - discarding request
02-12 10:59:51.130 D/dalvikvm(25809): Compiler shutdown in progress - discarding request
02-12 10:59:51.130 D/dalvikvm(25809): Compiler shutdown in progress - discarding request
02-12 10:59:51.130 D/dalvikvm(25809): Compiler shutdown in progress - discarding request
02-12 10:59:51.130 D/dalvikvm(25809): Compiler shutdown in progress - discarding request
02-12 10:59:51.130 D/dalvikvm(25809): Compiler shutdown in progress - discarding request
02-12 10:59:51.130 D/dalvikvm(25809): Compiler shutdown in progress - discarding request
02-12 10:59:51.130 D/dalvikvm(25809): Compiler shutdown in progress - discarding request
02-12 10:59:51.130 D/dalvikvm(25809): Compiler shutdown in progress - discarding request
02-12 10:59:51.130 D/dalvikvm(25809): Compiler shutdown in progress - discarding request
02-12 10:59:51.130 D/dalvikvm(25809): Compiler shutdown in progress - discarding request
02-12 10:59:51.130 D/dalvikvm(25809): Compiler shutdown in progress - discarding request
02-12 10:59:51.130 D/dalvikvm(25809): Compiler shutdown in progress - discarding request
02-12 10:59:51.130 D/dalvikvm(25809): Compiler shutdown in progress - discarding request
02-12 10:59:51.130 D/dalvikvm(25809): Compiler shutdown in progress - discarding request
02-12 10:59:51.130 D/dalvikvm(25809): Compiler shutdown in progress - discarding request
02-12 10:59:51.130 D/dalvikvm(25809): Compiler shutdown in progress - discarding request
02-12 10:59:51.130 D/dalvikvm(25809): Compiler shutdown in progress - discarding request
02-12 10:59:51.130 D/dalvikvm(25809): Compiler shutdown in progress - discarding request
02-12 10:59:51.130 D/dalvikvm(25809): Compiler shutdown in progress - discarding request
02-12 10:59:51.130 D/dalvikvm(25809): Compiler shutdown in progress - discarding request
02-12 10:59:51.130 D/dalvikvm(25809): Compiler shutdown in progress - discarding request
02-12 10:59:51.130 D/dalvikvm(25809): Compiler shutdown in progress - discarding request
02-12 10:59:51.130 D/dalvikvm(25809): Compiler shutdown in progress - discarding request
02-12 10:59:51.140 D/WindowManager(  504): adjustConfigurationLw, config:{1.0 ?mcc?mnc ?locale ?layoutDir sw600dp w600dp h888dp 213dpi lrg port ?uimode ?night finger -keyb/v/h -nav/v} mLidState:1 mHasDockFeature:false mHasKeyboardFeature:false mHasHallSensorFeature:true config.hardKeyboardHidden:2
02-12 10:59:51.140 I/ActivityManager(  504): [TopPkgCurBat]	NowPkgName[org.xwalk.webapi_noneservice_tests]	Battery[95]	TimeTick[1423709991156]	OldPkgName[com.asus.launcher]
02-12 10:59:51.150 D/        (  675): Surface destroy: ANDROID_NATIVE_WINDOW_MAGIC
02-12 10:59:51.160 D/        (  675): Pixel Format : GGL_PIXEL_FORMAT_RGBA_8888
02-12 10:59:51.170 I/CordovaLog(25820): Changing log level to DEBUG(3)
02-12 10:59:51.170 D/CordovaActivity(25820): CordovaActivity.init()
02-12 10:59:51.180 D/dalvikvm(25820): Trying to load lib /data/app-lib/org.xwalk.webapi_noneservice_tests-1/libxwalkcore.so 0x43d7f570
02-12 10:59:51.180 D/dalvikvm(25820): Added shared lib /data/app-lib/org.xwalk.webapi_noneservice_tests-1/libxwalkcore.so 0x43d7f570
02-12 10:59:51.190 I/LibraryLoader(25820): Time to load native libraries: 11 ms (timestamps 7661-7672)
02-12 10:59:51.190 I/LibraryLoader(25820): Expected native library version number "",actual native library version number ""
02-12 10:59:51.210 I/LibraryLoader(25820): Expected native library version number "",actual native library version number ""
02-12 10:59:51.210 I/chromium(25820): [INFO:library_loader_hooks.cc(112)] Chromium logging enabled: level = 0, default verbosity = 0
02-12 10:59:51.220 I/BrowserStartupController(25820): Initializing chromium process, singleProcess=true
02-12 10:59:51.510 D/ImageWallpaper(  566): onVisibilityChanged: mVisible, visible=true, false
02-12 10:59:51.510 D/ImageWallpaper(  566): Visibility changed to visible=false
02-12 10:59:51.510 D/ImageWallpaper(  566): Suppressed drawFrame since redraw is not needed and offsets have not changed.
02-12 10:59:51.600 W/chromium(25820): [WARNING:dns_config_service_posix.cc(293)] Failed to read DnsConfig.
02-12 10:59:51.610 W/AudioManagerAndroid(25820): Requires BLUETOOTH permission
02-12 10:59:51.610 I/ufoGralloc(25820): Hello, this is UFO GRALLOC/Intel Corporation
02-12 10:59:51.610 D/        (25820): Pixel Format : GGL_PIXEL_FORMAT_RGBA_8888
02-12 10:59:51.610 D/        (25820): droid_create_context : config id = 1 conf->NativeVisualID=1
02-12 10:59:51.610 D/        (25820): Pixel Format : GGL_PIXEL_FORMAT_RGBA_8888
02-12 10:59:51.610 I/        (25820): Requested context : GLES 2.0
02-12 10:59:51.640 W/chromium(25820): [WARNING:proxy_service.cc(899)] PAC support disabled because there is no system implementation
02-12 10:59:51.640 W/dalvikvm(25820): VFY: unable to find class referenced in signature (Landroid/view/inputmethod/CursorAnchorInfo;)
02-12 10:59:51.640 I/dalvikvm(25820): Could not find method android.view.inputmethod.InputMethodManager.updateCursorAnchorInfo, referenced from method org.chromium.content.browser.input.InputMethodManagerWrapper.updateCursorAnchorInfo
02-12 10:59:51.640 W/dalvikvm(25820): VFY: unable to resolve virtual method 1368: Landroid/view/inputmethod/InputMethodManager;.updateCursorAnchorInfo (Landroid/view/View;Landroid/view/inputmethod/CursorAnchorInfo;)V
02-12 10:59:51.640 D/dalvikvm(25820): VFY: replacing opcode 0x6e at 0x000a
02-12 10:59:51.700 E/cutils  (  163): Failed to mkdirat(/Removable/MicroSD): Read-only file system
02-12 10:59:51.700 W/ContextImpl(25820): Failed to ensure directory: /Removable/MicroSD/Android/data/org.xwalk.webapi_noneservice_tests/cache
02-12 10:59:51.700 W/Vold    (  163): Returning OperationFailed - no handler for errno 30
02-12 10:59:51.700 D/CordovaActivity(25820): CordovaActivity.createViews()
02-12 10:59:51.700 E/chromium(25820): [ERROR:unix_domain_server_socket_posix.cc(106)] Not implemented reached in virtual int net::UnixDomainServerSocket::GetLocalAddress(net::IPEndPoint*) const
02-12 10:59:51.710 D/CordovaWebView(25820): >>> loadUrl(file:///android_asset/www/index.html)
02-12 10:59:51.710 D/PluginManager(25820): init()
02-12 10:59:51.710 E/cutils  (  163): Failed to mkdirat(/Removable/MicroSD): Read-only file system
02-12 10:59:51.710 W/ContextImpl(25820): Failed to ensure directory: /Removable/MicroSD/Android/data/org.xwalk.webapi_noneservice_tests/files
02-12 10:59:51.710 W/Vold    (  163): Returning OperationFailed - no handler for errno 30
02-12 10:59:51.720 E/cutils  (  163): Failed to mkdirat(/Removable/MicroSD): Read-only file system
02-12 10:59:51.720 W/ContextImpl(25820): Failed to ensure directory: /Removable/MicroSD/Android/data/org.xwalk.webapi_noneservice_tests/cache
02-12 10:59:51.720 D/CordovaWebView(25820): >>> loadUrlNow()
02-12 10:59:51.720 I/dalvikvm(25820): Could not find method android.app.Activity.finishAndRemoveTask, referenced from method org.chromium.base.ApiCompatibilityUtils.finishAndRemoveTask
02-12 10:59:51.720 W/dalvikvm(25820): VFY: unable to resolve virtual method 6: Landroid/app/Activity;.finishAndRemoveTask ()V
02-12 10:59:51.720 D/dalvikvm(25820): VFY: replacing opcode 0x6e at 0x0006
02-12 10:59:51.720 I/dalvikvm(25820): Could not find method android.os.PowerManager.isInteractive, referenced from method org.chromium.base.ApiCompatibilityUtils.isInteractive
02-12 10:59:51.720 W/dalvikvm(25820): VFY: unable to resolve virtual method 874: Landroid/os/PowerManager;.isInteractive ()Z
02-12 10:59:51.720 D/dalvikvm(25820): VFY: replacing opcode 0x6e at 0x000e
02-12 10:59:51.720 I/dalvikvm(25820): Could not find method android.view.Window.getNavigationBarColor, referenced from method org.chromium.base.ApiCompatibilityUtils.setStatusBarColor
02-12 10:59:51.720 W/dalvikvm(25820): VFY: unable to resolve virtual method 1268: Landroid/view/Window;.getNavigationBarColor ()I
02-12 10:59:51.720 D/dalvikvm(25820): VFY: replacing opcode 0x6e at 0x0010
02-12 10:59:51.720 I/dalvikvm(25820): Could not find method android.view.Window.setStatusBarColor, referenced from method org.chromium.base.ApiCompatibilityUtils.setStatusBarColor
02-12 10:59:51.720 W/dalvikvm(25820): VFY: unable to resolve virtual method 1274: Landroid/view/Window;.setStatusBarColor (I)V
02-12 10:59:51.720 D/dalvikvm(25820): VFY: replacing opcode 0x6e at 0x0019
02-12 10:59:51.720 E/dalvikvm(25820): Could not find class 'android.app.ActivityManager$TaskDescription', referenced from method org.chromium.base.ApiCompatibilityUtils.setTaskDescription
02-12 10:59:51.720 W/dalvikvm(25820): VFY: unable to resolve new-instance 13 (Landroid/app/ActivityManager$TaskDescription;) in Lorg/chromium/base/ApiCompatibilityUtils;
02-12 10:59:51.720 D/dalvikvm(25820): VFY: replacing opcode 0x22 at 0x0006
02-12 10:59:51.720 D/dalvikvm(25820): DexOpt: unable to opt direct call 0x002f at 0x08 in Lorg/chromium/base/ApiCompatibilityUtils;.setTaskDescription
02-12 10:59:51.720 I/chromium(25820): [INFO:xwalk_extension_renderer_controller.cc(47)] EXTENSION PROCESS DISABLED.
02-12 10:59:51.720 W/Vold    (  163): Returning OperationFailed - no handler for errno 30
02-12 10:59:51.730 D/CordovaActivity(25820): Resuming the App
02-12 10:59:51.750 D/SoftKeyboardDetect(25820): Ignore this event
02-12 10:59:51.760 D/        (25820): Pixel Format : GGL_PIXEL_FORMAT_RGBA_8888
02-12 10:59:51.760 D/        (25820): droid_create_context : config id = 1 conf->NativeVisualID=1
02-12 10:59:51.760 D/        (25820): Pixel Format : GGL_PIXEL_FORMAT_RGBA_8888
02-12 10:59:51.760 I/        (25820): Requested context : GLES 2.0
02-12 10:59:51.770 D/        (25820): droid_create_context : config id = 5 conf->NativeVisualID=1
02-12 10:59:51.770 D/        (25820): Pixel Format : GGL_PIXEL_FORMAT_RGBA_8888
02-12 10:59:51.770 I/        (25820): Requested context : GLES 2.0
02-12 10:59:51.790 D/        (25820): Pixel Format : GGL_PIXEL_FORMAT_RGBA_8888
02-12 10:59:51.790 D/OpenGLRenderer(25820): Enabling debug mode 0
02-12 10:59:51.790 D/CordovaActivity(25820): onMessage(onPageStarted,file:///android_asset/www/index.html)
02-12 10:59:51.790 W/BindingManager(25820): Cannot call determinedVisibility() - never saw a connection for the pid: 25820
02-12 10:59:51.800 D/SoftKeyboardDetect(25820): Ignore this event
02-12 10:59:51.800 D/XT9IME  (  722): new subtype :zh_CN ,pinyin
02-12 10:59:51.820 D/BatteryStatsImpl(  504): noteStopWakeLocked system isFromForeground = false
02-12 10:59:51.830 I/ActivityManager(  504): Displayed org.xwalk.webapi_noneservice_tests/.webapi_noneservice_tests: +721ms
02-12 10:59:51.830 D/CordovaActivity(25820): onMessage(onPageFinished,file:///android_asset/www/index.html)
02-12 10:59:52.840 D/CordovaActivity(25820): onMessage(onPageStarted,file:///android_asset/www/index_real.html?testprefix=./)
02-12 10:59:52.900 W/BindingManager(25820): Cannot call determinedVisibility() - never saw a connection for the pid: 25820
02-12 10:59:53.120 I/chromium(25820): [INFO:CONSOLE(0)] "Synchronous XMLHttpRequest on the main thread is deprecated because of its detrimental effects to the end user's experience. For more help, check http://xhr.spec.whatwg.org/.", source:  (0)
02-12 10:59:53.170 D/CordovaActivity(25820): onMessage(onPageFinished,file:///android_asset/www/index_real.html?testprefix=./)
02-12 10:59:53.840 D/CordovaActivity(25820): onMessage(spinner,stop)
02-12 10:59:53.870 D/        (25820): Pixel Format : GGL_PIXEL_FORMAT_RGBA_8888
02-12 10:59:53.870 D/        (25820): droid_create_context : config id = 1 conf->NativeVisualID=1
02-12 10:59:53.870 D/        (25820): Pixel Format : GGL_PIXEL_FORMAT_RGBA_8888
02-12 10:59:53.870 I/        (25820): Requested context : GLES 2.0
02-12 10:59:53.900 D/        (25820): Swap interval set to = 1 value
02-12 10:59:53.910 D/        (25820): Pixel Format : GGL_PIXEL_FORMAT_RGBA_8888
02-12 10:59:53.910 D/        (25820): droid_create_context : config id = 1 conf->NativeVisualID=1
02-12 10:59:53.910 D/        (25820): Pixel Format : GGL_PIXEL_FORMAT_RGBA_8888
02-12 10:59:53.910 I/        (25820): Requested context : GLES 2.0
02-12 10:59:55.170 D/CordovaActivity(25820): onMessage(spinner,stop)
02-12 10:59:57.710 D/dalvikvm(25278): GC_EXPLICIT freed 640K, 15% free 7630K/8928K, paused 1ms+3ms, total 22ms
02-12 10:59:57.740 D/SendBroadcastHandler(25278): startTimer() SEND_TO_CONTACTS_INSERT 
02-12 10:59:57.770 I/dalvikvm(25820): Total arena pages for JIT: 11
02-12 10:59:57.770 I/dalvikvm(25820): Total arena pages for JIT: 12
02-12 10:59:57.770 I/dalvikvm(25820): Total arena pages for JIT: 13
02-12 10:59:57.770 I/dalvikvm(25820): Total arena pages for JIT: 14
02-12 10:59:57.770 I/dalvikvm(25820): Total arena pages for JIT: 15
02-12 10:59:57.890 D/SendBroadcastHandler(25278): startTimer() SEND_TO_CONTACTS_WIDGET_DELETE 
02-12 10:59:57.960 I/chromium(25820): [INFO:CONSOLE(70)] "WARNING: Message from backend doesn't have data.", source:  (70)
02-12 10:59:58.300 W/BindingManager(25820): Cannot call determinedVisibility() - never saw a connection for the pid: 25820
02-12 10:59:58.350 I/chromium(25820): [INFO:CONSOLE(70)] "WARNING: Message from backend doesn't have data.", source:  (70)
02-12 10:59:58.950 W/BindingManager(25820): Cannot call determinedVisibility() - never saw a connection for the pid: 25820
02-12 10:59:59.060 I/chromium(25820): [INFO:CONSOLE(70)] "WARNING: Message from backend doesn't have data.", source:  (70)
02-12 10:59:59.630 W/BindingManager(25820): Cannot call determinedVisibility() - never saw a connection for the pid: 25820
02-12 10:59:59.730 I/chromium(25820): [INFO:CONSOLE(70)] "WARNING: Message from backend doesn't have data.", source:  (70)
02-12 10:59:59.930 D/AlarmManager(  504): Added alarm Alarm{21f81150 type 2 com.android.providers.calendar} type:ELAPSED_REALTIME_WAKEUP when: After 0h:0m:4.0s
02-12 10:59:59.940 V/ActivityManager(  504): Remove bg service from mStartingBackground ,r=ServiceRecord{2220bf30 u0 com.android.providers.calendar/.ContactsEventUpdateIntentService},r used time=39,left r count=1
02-12 10:59:59.990 D/Clock   (  566): ACTION_TIME_TICK
02-12 10:59:59.990 D/Clock   (  566): update clock:11:00
02-12 11:00:00.020 D/BatteryStatsImpl(  504): noteStopWakeLocked system isFromForeground = false
02-12 11:00:00.280 W/BindingManager(25820): Cannot call determinedVisibility() - never saw a connection for the pid: 25820
02-12 11:00:00.370 D/dalvikvm(  504): GC_EXPLICIT freed 1031K, 49% free 16879K/32464K, paused 1ms+4ms, total 53ms
02-12 11:00:00.450 I/chromium(25820): [INFO:CONSOLE(70)] "WARNING: Message from backend doesn't have data.", source:  (70)
02-12 11:00:00.740 D/SendBroadcastHandler(25278): mTimerTask sendMessage CONTACTS_INSERT 
02-12 11:00:00.740 D/SendBroadcastHandler(25278): (insert) sendBroadcast mInsertRawContacts:5
02-12 11:00:00.740 D/SendBroadcastHandler(25278): (insert) sendBroadcast mInsertName:5
02-12 11:00:00.740 D/SendBroadcastHandler(25278): (insert) sendBroadcast mInsertNameDetail:5
02-12 11:00:00.740 D/SendBroadcastHandler(25278): sendBroadcast insert to voice agent
02-12 11:00:00.890 D/SendBroadcastHandler(25278): mTimerTask sendMessage CONTACTS_DELETE 
02-12 11:00:00.900 D/SendBroadcastHandler(25278): sendBroadcast delete to voice agent
02-12 11:00:00.900 D/SendBroadcastHandler(25278): (Delete) sendBroadcast mDeleteContacts:4
02-12 11:00:00.900 D/SendBroadcastHandler(25278): (Delete) sendBroadcast mDeleteRawContactsVoice:5
02-12 11:00:00.900 D/SendBroadcastHandler(25278): sendBroadcast CONTACTS_DELETE
02-12 11:00:00.900 D/AsusContactWigdetSync( 1000): ready to sync contact id = 4
02-12 11:00:00.900 D/AsusContactWigdetSync( 1000): ready to sync widget
02-12 11:00:00.900 D/AsusContactWigdetSync( 1000): delete contact_id = 246
02-12 11:00:00.900 D/AsusContactWigdetSync(25334): ready to sync contact id = 4
02-12 11:00:00.900 D/AsusContactWigdetSync(25334): ready to sync widget
02-12 11:00:00.900 D/AsusContactWigdetSync( 1000): delete contact_id = 248
02-12 11:00:00.900 D/AsusContactWigdetSync( 1000): delete contact_id = 249
02-12 11:00:00.900 D/AsusContactWigdetSync( 1000): delete contact_id = 250
02-12 11:00:00.900 D/AsusContactWigdetSync( 1000): sync isdelete = true
02-12 11:00:00.900 D/AsusContactWigdetSync(25334): delete contact_id = 246
02-12 11:00:00.900 D/AsusContactWigdetSync(25334): delete contact_id = 248
02-12 11:00:00.900 D/AsusContactWigdetSync(25334): delete contact_id = 249
02-12 11:00:00.900 D/AsusContactWigdetSync(25334): delete contact_id = 250
02-12 11:00:00.900 D/AsusContactWigdetSync(25334): sync isdelete = true
02-12 11:00:00.910 W/BindingManager(25820): Cannot call determinedVisibility() - never saw a connection for the pid: 25820
02-12 11:00:00.930 I/CalendarProvider2(25310): Sending notification intent: Intent { act=android.intent.action.PROVIDER_CHANGED dat=content://com.android.calendar }
02-12 11:00:00.930 W/ContentResolver(25310): Failed to get type for: content://com.android.calendar (Unknown URL content://com.android.calendar)
02-12 11:00:00.930 D/AlertReceiver(25347): onReceive: a=android.intent.action.PROVIDER_CHANGED Intent { act=android.intent.action.PROVIDER_CHANGED dat=content://com.android.calendar flg=0x10 cmp=com.asus.calendar/com.android.calendar.alerts.AlertReceiver }
02-12 11:00:00.930 V/ActivityManager(  504): Remove bg service from mStartingBackground ,r=ServiceRecord{21fd6b00 u0 com.android.providers.calendar/.EmptyService},r used time=1005,left r count=2
02-12 11:00:00.940 D/AlertService(25347): 0 Action = android.intent.action.PROVIDER_CHANGED
02-12 11:00:00.940 D/AlertService(25347): Beginning updateAlertNotification
02-12 11:00:00.950 D/AlertService(25347): No fired or scheduled alerts
02-12 11:00:00.960 D/SendBroadcastHandler(25278): startTimer() SEND_TO_CONTACTS_WIDGET_DELETE 
02-12 11:00:00.970 D/BatteryStatsImpl(  504): noteStopWakeLocked com.asus.calendar isFromForeground = false
02-12 11:00:00.970 V/ActivityManager(  504): Remove bg service from mStartingBackground ,r=ServiceRecord{220fe6f8 u0 com.asus.calendar/com.android.calendar.alerts.AlertService},r used time=31,left r count=2
02-12 11:00:01.020 I/chromium(25820): [INFO:CONSOLE(70)] "WARNING: Message from backend doesn't have data.", source:  (70)
02-12 11:00:01.050 D/SendBroadcastHandler(25278): startTimer() SEND_TO_CONTACTS_INSERT 
02-12 11:00:01.200 D/dalvikvm(25278): GC_EXPLICIT freed 951K, 13% free 7872K/8988K, paused 0ms+3ms, total 17ms
02-12 11:00:01.380 E/ContactJson(25820): getStringArray(fields): Failed to parse json data: org.json.JSONException: Value givenNames at fields of type java.lang.String cannot be converted to JSONArray
02-12 11:00:01.550 W/BindingManager(25820): Cannot call determinedVisibility() - never saw a connection for the pid: 25820
02-12 11:00:01.730 I/chromium(25820): [INFO:CONSOLE(70)] "WARNING: Message from backend doesn't have data.", source:  (70)
02-12 11:00:01.760 D/dalvikvm(25820): GC_EXPLICIT freed 1918K, 23% free 7177K/9248K, paused 1ms+2ms, total 19ms
02-12 11:00:01.900 D/AsusContactWigdetSync( 1000): sync start
02-12 11:00:01.900 D/AsusContactWigdetSync( 1000): sync selection = null
02-12 11:00:01.900 D/AsusContactWigdetSync( 1000): sync delete selection = contact_id IN ( 246, 250, 248, 249)
02-12 11:00:01.900 D/AsusContactWigdetSync( 1000): sync stop
02-12 11:00:01.900 D/AsusContactWigdetSync(25334): sync start
02-12 11:00:01.900 D/AsusContactWigdetSync(25334): sync selection = null
02-12 11:00:01.900 D/AsusContactWigdetSync(25334): sync delete selection = contact_id IN ( 246, 250, 248, 249)
02-12 11:00:01.900 D/AsusContactWigdetSync(25334): sync stop
02-12 11:00:01.900 V/ActivityManager(  504): Remove bg service from mStartingBackground ,r=ServiceRecord{221c7d38 u0 com.asus.contacts/com.android.contacts.miniwidget.SyncService},r used time=1003,left r count=1
02-12 11:00:01.910 V/ActivityManager(  504): Remove bg service from mStartingBackground ,r=ServiceRecord{22156528 u0 com.asus.contactswidget/.SyncService},r used time=1006,left r count=0
02-12 11:00:02.430 V/ActivityManager(  504): Remove bg service from mStartingBackground ,r=ServiceRecord{22091228 u0 com.android.providers.calendar/.ContactsEventUpdateIntentService},r used time=45,left r count=1
02-12 11:00:02.710 W/BindingManager(25820): Cannot call determinedVisibility() - never saw a connection for the pid: 25820
02-12 11:00:02.860 I/chromium(25820): [INFO:CONSOLE(70)] "WARNING: Message from backend doesn't have data.", source:  (70)
02-12 11:00:03.330 W/BindingManager(25820): Cannot call determinedVisibility() - never saw a connection for the pid: 25820
02-12 11:00:03.430 I/CalendarProvider2(25310): Sending notification intent: Intent { act=android.intent.action.PROVIDER_CHANGED dat=content://com.android.calendar }
02-12 11:00:03.430 W/ContentResolver(25310): Failed to get type for: content://com.android.calendar (Unknown URL content://com.android.calendar)
02-12 11:00:03.430 D/AlertReceiver(25347): onReceive: a=android.intent.action.PROVIDER_CHANGED Intent { act=android.intent.action.PROVIDER_CHANGED dat=content://com.android.calendar flg=0x10 cmp=com.asus.calendar/com.android.calendar.alerts.AlertReceiver }
02-12 11:00:03.430 D/AlertService(25347): 0 Action = android.intent.action.PROVIDER_CHANGED
02-12 11:00:03.430 D/AlertService(25347): Beginning updateAlertNotification
02-12 11:00:03.430 V/ActivityManager(  504): Remove bg service from mStartingBackground ,r=ServiceRecord{22090df0 u0 com.android.providers.calendar/.EmptyService},r used time=1004,left r count=0
02-12 11:00:03.450 D/AlertService(25347): No fired or scheduled alerts
02-12 11:00:03.450 D/BatteryStatsImpl(  504): noteStopWakeLocked com.asus.calendar isFromForeground = false
02-12 11:00:03.450 V/ActivityManager(  504): Remove bg service from mStartingBackground ,r=ServiceRecord{2208c238 u0 com.asus.calendar/com.android.calendar.alerts.AlertService},r used time=20,left r count=0
02-12 11:00:03.490 I/chromium(25820): [INFO:CONSOLE(70)] "WARNING: Message from backend doesn't have data.", source:  (70)
02-12 11:00:03.850 D/dalvikvm(25278): GC_EXPLICIT freed 892K, 13% free 7880K/8988K, paused 0ms+3ms, total 18ms
02-12 11:00:03.960 D/SendBroadcastHandler(25278): mTimerTask sendMessage CONTACTS_DELETE 
02-12 11:00:03.960 D/SendBroadcastHandler(25278): sendBroadcast delete to voice agent
02-12 11:00:03.960 D/SendBroadcastHandler(25278): (Delete) sendBroadcast mDeleteContacts:7
02-12 11:00:03.960 D/SendBroadcastHandler(25278): (Delete) sendBroadcast mDeleteRawContactsVoice:7
02-12 11:00:03.960 D/SendBroadcastHandler(25278): sendBroadcast CONTACTS_DELETE
02-12 11:00:03.960 D/AsusContactWigdetSync( 1000): ready to sync contact id = 7
02-12 11:00:03.960 D/AsusContactWigdetSync( 1000): ready to sync widget
02-12 11:00:03.970 D/AsusContactWigdetSync( 1000): delete contact_id = 251
02-12 11:00:03.970 D/AsusContactWigdetSync( 1000): delete contact_id = 252
02-12 11:00:03.970 D/AsusContactWigdetSync( 1000): delete contact_id = 253
02-12 11:00:03.970 D/AsusContactWigdetSync( 1000): delete contact_id = 254
02-12 11:00:03.970 D/AsusContactWigdetSync( 1000): delete contact_id = 255
02-12 11:00:03.970 D/AsusContactWigdetSync( 1000): delete contact_id = 256
02-12 11:00:03.970 D/AsusContactWigdetSync( 1000): delete contact_id = 257
02-12 11:00:03.970 D/AsusContactWigdetSync(25334): ready to sync contact id = 7
02-12 11:00:03.970 D/AsusContactWigdetSync(25334): ready to sync widget
02-12 11:00:03.970 D/AsusContactWigdetSync( 1000): sync isdelete = true
02-12 11:00:03.980 D/AsusContactWigdetSync(25334): delete contact_id = 251
02-12 11:00:03.980 D/AsusContactWigdetSync(25334): delete contact_id = 252
02-12 11:00:03.980 D/AsusContactWigdetSync(25334): delete contact_id = 253
02-12 11:00:03.980 D/AsusContactWigdetSync(25334): delete contact_id = 254
02-12 11:00:03.980 D/AsusContactWigdetSync(25334): delete contact_id = 255
02-12 11:00:03.980 D/AsusContactWigdetSync(25334): delete contact_id = 256
02-12 11:00:03.980 D/AsusContactWigdetSync(25334): delete contact_id = 257
02-12 11:00:03.980 D/AsusContactWigdetSync(25334): sync isdelete = true
02-12 11:00:04.060 D/SendBroadcastHandler(25278): mTimerTask sendMessage CONTACTS_INSERT 
02-12 11:00:04.060 D/SendBroadcastHandler(25278): (insert) sendBroadcast mInsertRawContacts:8
02-12 11:00:04.060 D/SendBroadcastHandler(25278): (insert) sendBroadcast mInsertName:8
02-12 11:00:04.060 D/SendBroadcastHandler(25278): (insert) sendBroadcast mInsertNameDetail:8
02-12 11:00:04.060 D/SendBroadcastHandler(25278): sendBroadcast insert to voice agent
02-12 11:00:04.470 W/BindingManager(25820): Cannot call determinedVisibility() - never saw a connection for the pid: 25820
02-12 11:00:04.510 D/SendBroadcastHandler(25278): startTimer() SEND_TO_CONTACTS_WIDGET_DELETE 
02-12 11:00:04.650 I/chromium(25820): [INFO:CONSOLE(70)] "WARNING: Message from backend doesn't have data.", source:  (70)
02-12 11:00:04.700 D/dalvikvm(  504): GC_EXPLICIT freed 127K, 49% free 16851K/32464K, paused 2ms+3ms, total 41ms
02-12 11:00:04.720 D/SendBroadcastHandler(25278): startTimer() SEND_TO_CONTACTS_INSERT 
02-12 11:00:04.850 V/ActivityManager(  504): Remove bg service from mStartingBackground ,r=ServiceRecord{220a2928 u0 com.android.providers.calendar/.ContactsEventUpdateIntentService},r used time=84,left r count=3
02-12 11:00:04.930 D/BatteryStatsImpl(  504): noteStopWakeLocked system isFromForeground = false
02-12 11:00:04.930 D/AlarmManager(  504): Triggered Alarm 21f81150 ELAPSED_REALTIME_WAKEUP IntentSender{225d7788: PendingIntentRecord{222e9a78 com.android.providers.calendar broadcastIntent}}
02-12 11:00:04.940 D/AlarmManager(  504): Removed alarm Alarm{220635b0 type 0 com.android.providers.calendar} type:RTC_WAKEUP
02-12 11:00:04.940 D/AlarmManager(  504): Added alarm Alarm{220c6c58 type 0 android} type:RTC_WAKEUP when: At 15-2-12 11:00 repeatInterval: 0h:30m:0.0s
02-12 11:00:04.950 D/AlarmManager(  504): Added alarm Alarm{220a1a00 type 0 com.wandoujia.phoenix2} type:RTC_WAKEUP when: At 15-2-13 3:56
02-12 11:00:04.950 D/BatteryStatsImpl(  504): noteStopWakeLocked com.android.providers.calendar isFromForeground = false
02-12 11:00:04.950 D/AlarmManager(  504): Added alarm Alarm{22077150 type 0 com.android.providers.calendar} type:RTC_WAKEUP when: At 15-2-13 9:01
02-12 11:00:04.950 V/ActivityManager(  504): Remove bg service from mStartingBackground ,r=ServiceRecord{21f3e798 u0 com.android.providers.calendar/.CalendarProviderIntentService},r used time=22,left r count=3
02-12 11:00:04.970 D/AsusContactWigdetSync( 1000): sync start
02-12 11:00:04.970 D/AsusContactWigdetSync( 1000): sync selection = null
02-12 11:00:04.970 D/AsusContactWigdetSync( 1000): sync delete selection = contact_id IN ( 254, 255, 256, 252, 257, 253, 251)
02-12 11:00:04.970 D/AsusContactWigdetSync( 1000): sync stop
02-12 11:00:04.980 V/ActivityManager(  504): Remove bg service from mStartingBackground ,r=ServiceRecord{22089748 u0 com.asus.contacts/com.android.contacts.miniwidget.SyncService},r used time=1011,left r count=2
02-12 11:00:04.980 D/AsusContactWigdetSync(25334): sync start
02-12 11:00:04.980 D/AsusContactWigdetSync(25334): sync selection = null
02-12 11:00:04.980 D/AsusContactWigdetSync(25334): sync delete selection = contact_id IN ( 254, 255, 256, 252, 257, 253, 251)
02-12 11:00:04.980 D/AsusContactWigdetSync(25334): sync stop
02-12 11:00:04.980 V/ActivityManager(  504): Remove bg service from mStartingBackground ,r=ServiceRecord{2207bb20 u0 com.asus.contactswidget/.SyncService},r used time=1012,left r count=1
02-12 11:00:05.630 W/BindingManager(25820): Cannot call determinedVisibility() - never saw a connection for the pid: 25820
02-12 11:00:05.790 I/chromium(25820): [INFO:CONSOLE(70)] "WARNING: Message from backend doesn't have data.", source:  (70)
02-12 11:00:05.850 I/CalendarProvider2(25310): Sending notification intent: Intent { act=android.intent.action.PROVIDER_CHANGED dat=content://com.android.calendar }
02-12 11:00:05.850 W/ContentResolver(25310): Failed to get type for: content://com.android.calendar (Unknown URL content://com.android.calendar)
02-12 11:00:05.850 D/AlertReceiver(25347): onReceive: a=android.intent.action.PROVIDER_CHANGED Intent { act=android.intent.action.PROVIDER_CHANGED dat=content://com.android.calendar flg=0x10 cmp=com.asus.calendar/com.android.calendar.alerts.AlertReceiver }
02-12 11:00:05.850 V/ActivityManager(  504): Remove bg service from mStartingBackground ,r=ServiceRecord{220615e0 u0 com.android.providers.calendar/.EmptyService},r used time=1005,left r count=0
02-12 11:00:05.860 D/AlertService(25347): 0 Action = android.intent.action.PROVIDER_CHANGED
02-12 11:00:05.860 D/AlertService(25347): Beginning updateAlertNotification
02-12 11:00:05.870 D/AlertService(25347): No fired or scheduled alerts
02-12 11:00:05.870 D/BatteryStatsImpl(  504): noteStopWakeLocked com.asus.calendar isFromForeground = false
02-12 11:00:05.870 V/ActivityManager(  504): Remove bg service from mStartingBackground ,r=ServiceRecord{22077a78 u0 com.asus.calendar/com.android.calendar.alerts.AlertService},r used time=18,left r count=0
02-12 11:00:05.950 E/Contacts(25820): org.json.JSONException: No value for contactId
02-12 11:00:07.520 D/SendBroadcastHandler(25278): mTimerTask sendMessage CONTACTS_DELETE 
02-12 11:00:07.520 D/SendBroadcastHandler(25278): sendBroadcast delete to voice agent
02-12 11:00:07.520 D/SendBroadcastHandler(25278): (Delete) sendBroadcast mDeleteContacts:4
02-12 11:00:07.520 D/SendBroadcastHandler(25278): (Delete) sendBroadcast mDeleteRawContactsVoice:4
02-12 11:00:07.520 D/SendBroadcastHandler(25278): sendBroadcast CONTACTS_DELETE
02-12 11:00:07.520 D/AsusContactWigdetSync( 1000): ready to sync contact id = 4
02-12 11:00:07.520 D/AsusContactWigdetSync( 1000): ready to sync widget
02-12 11:00:07.520 D/AsusContactWigdetSync( 1000): delete contact_id = 258
02-12 11:00:07.520 D/AsusContactWigdetSync( 1000): delete contact_id = 259
02-12 11:00:07.520 D/AsusContactWigdetSync( 1000): delete contact_id = 260
02-12 11:00:07.520 D/AsusContactWigdetSync( 1000): delete contact_id = 261
02-12 11:00:07.520 D/AsusContactWigdetSync( 1000): sync isdelete = true
02-12 11:00:07.530 D/AsusContactWigdetSync(25334): ready to sync contact id = 4
02-12 11:00:07.530 D/AsusContactWigdetSync(25334): ready to sync widget
02-12 11:00:07.530 D/AsusContactWigdetSync(25334): delete contact_id = 258
02-12 11:00:07.530 D/AsusContactWigdetSync(25334): delete contact_id = 259
02-12 11:00:07.530 D/AsusContactWigdetSync(25334): delete contact_id = 260
02-12 11:00:07.540 D/AsusContactWigdetSync(25334): delete contact_id = 261
02-12 11:00:07.540 D/AsusContactWigdetSync(25334): sync isdelete = true
02-12 11:00:07.720 D/SendBroadcastHandler(25278): mTimerTask sendMessage CONTACTS_INSERT 
02-12 11:00:07.720 D/SendBroadcastHandler(25278): (insert) sendBroadcast mInsertRawContacts:3
02-12 11:00:07.720 D/SendBroadcastHandler(25278): (insert) sendBroadcast mInsertName:3
02-12 11:00:07.720 D/SendBroadcastHandler(25278): (insert) sendBroadcast mInsertNameDetail:3
02-12 11:00:07.720 D/SendBroadcastHandler(25278): sendBroadcast insert to voice agent
02-12 11:00:07.730 V/ActivityManager(  504): Remove bg service from mStartingBackground ,r=ServiceRecord{21f62668 u0 com.android.providers.calendar/.ContactsEventUpdateIntentService},r used time=45,left r count=3
02-12 11:00:08.550 D/AsusContactWigdetSync(25334): sync start
02-12 11:00:08.550 D/AsusContactWigdetSync( 1000): sync start
02-12 11:00:08.550 D/AsusContactWigdetSync( 1000): sync selection = null
02-12 11:00:08.550 D/AsusContactWigdetSync( 1000): sync delete selection = contact_id IN ( 258, 259, 260, 261)
02-12 11:00:08.550 D/AsusContactWigdetSync(25334): sync selection = null
02-12 11:00:08.550 D/AsusContactWigdetSync(25334): sync delete selection = contact_id IN ( 258, 259, 260, 261)
02-12 11:00:08.550 D/AsusContactWigdetSync( 1000): sync stop
02-12 11:00:08.560 D/AsusContactWigdetSync(25334): sync stop
02-12 11:00:08.560 V/ActivityManager(  504): Remove bg service from mStartingBackground ,r=ServiceRecord{22048d78 u0 com.asus.contacts/com.android.contacts.miniwidget.SyncService},r used time=1024,left r count=2
02-12 11:00:08.560 V/ActivityManager(  504): Remove bg service from mStartingBackground ,r=ServiceRecord{2200dbc8 u0 com.asus.contactswidget/.SyncService},r used time=1017,left r count=1
02-12 11:00:08.730 I/CalendarProvider2(25310): Sending notification intent: Intent { act=android.intent.action.PROVIDER_CHANGED dat=content://com.android.calendar }
02-12 11:00:08.730 W/ContentResolver(25310): Failed to get type for: content://com.android.calendar (Unknown URL content://com.android.calendar)
02-12 11:00:08.740 D/AlertReceiver(25347): onReceive: a=android.intent.action.PROVIDER_CHANGED Intent { act=android.intent.action.PROVIDER_CHANGED dat=content://com.android.calendar flg=0x10 cmp=com.asus.calendar/com.android.calendar.alerts.AlertReceiver }
02-12 11:00:08.740 D/AlertService(25347): 0 Action = android.intent.action.PROVIDER_CHANGED
02-12 11:00:08.740 D/AlertService(25347): Beginning updateAlertNotification
02-12 11:00:08.740 V/ActivityManager(  504): Remove bg service from mStartingBackground ,r=ServiceRecord{21f062a8 u0 com.android.providers.calendar/.EmptyService},r used time=1007,left r count=0
02-12 11:00:08.750 D/AlertService(25347): No fired or scheduled alerts
02-12 11:00:08.760 I/dalvikvm(25347): Total arena pages for JIT: 11
02-12 11:00:08.760 I/dalvikvm(25347): Total arena pages for JIT: 12
02-12 11:00:08.760 I/dalvikvm(25347): Total arena pages for JIT: 13
02-12 11:00:08.760 I/dalvikvm(25347): Total arena pages for JIT: 14
02-12 11:00:08.760 I/dalvikvm(25347): Total arena pages for JIT: 15
02-12 11:00:08.760 I/dalvikvm(25347): Total arena pages for JIT: 16
02-12 11:00:08.770 D/BatteryStatsImpl(  504): noteStopWakeLocked com.asus.calendar isFromForeground = false
02-12 11:00:08.770 V/ActivityManager(  504): Remove bg service from mStartingBackground ,r=ServiceRecord{21f57678 u0 com.asus.calendar/com.android.calendar.alerts.AlertService},r used time=33,left r count=0
02-12 11:00:08.780 W/BindingManager(25820): Cannot call determinedVisibility() - never saw a connection for the pid: 25820
02-12 11:00:08.830 D/SendBroadcastHandler(25278): startTimer() SEND_TO_CONTACTS_WIDGET_DELETE 
02-12 11:00:08.930 I/chromium(25820): [INFO:CONSOLE(70)] "WARNING: Message from backend doesn't have data.", source:  (70)
02-12 11:00:08.950 D/SendBroadcastHandler(25278): startTimer() SEND_TO_CONTACTS_INSERT 
02-12 11:00:09.440 W/BindingManager(25820): Cannot call determinedVisibility() - never saw a connection for the pid: 25820
02-12 11:00:09.570 I/chromium(25820): [INFO:CONSOLE(70)] "WARNING: Message from backend doesn't have data.", source:  (70)
02-12 11:00:10.120 W/BindingManager(25820): Cannot call determinedVisibility() - never saw a connection for the pid: 25820
02-12 11:00:10.240 I/chromium(25820): [INFO:CONSOLE(70)] "WARNING: Message from backend doesn't have data.", source:  (70)
02-12 11:00:10.350 D/EVENT_THREAD(  183): void CEventThread::run() POLLIN event on Fd (1)
02-12 11:00:10.350 D/EVENT_THREAD(  183): void CEventThread::run() Do poll with timeout: -1
02-12 11:00:10.400 D/dalvikvm(25820): GC_EXPLICIT freed 1042K, 22% free 7305K/9248K, paused 0ms+3ms, total 18ms
02-12 11:00:10.800 W/BindingManager(25820): Cannot call determinedVisibility() - never saw a connection for the pid: 25820
02-12 11:00:10.910 I/chromium(25820): [INFO:CONSOLE(70)] "WARNING: Message from backend doesn't have data.", source:  (70)
02-12 11:00:10.930 D/dalvikvm(25278): GC_EXPLICIT freed 848K, 13% free 7886K/8988K, paused 1ms+4ms, total 24ms
02-12 11:00:10.950 V/ActivityManager(  504): Remove bg service from mStartingBackground ,r=ServiceRecord{21f57a58 u0 com.android.providers.calendar/.ContactsEventUpdateIntentService},r used time=116,left r count=1
02-12 11:00:11.450 W/BindingManager(25820): Cannot call determinedVisibility() - never saw a connection for the pid: 25820
02-12 11:00:11.590 I/chromium(25820): [INFO:CONSOLE(70)] "WARNING: Message from backend doesn't have data.", source:  (70)
02-12 11:00:11.840 D/SendBroadcastHandler(25278): mTimerTask sendMessage CONTACTS_DELETE 
02-12 11:00:11.840 D/SendBroadcastHandler(25278): sendBroadcast delete to voice agent
02-12 11:00:11.840 D/SendBroadcastHandler(25278): (Delete) sendBroadcast mDeleteContacts:5
02-12 11:00:11.840 D/SendBroadcastHandler(25278): (Delete) sendBroadcast mDeleteRawContactsVoice:5
02-12 11:00:11.840 D/AsusContactWigdetSync( 1000): ready to sync contact id = 5
02-12 11:00:11.840 D/AsusContactWigdetSync( 1000): ready to sync widget
02-12 11:00:11.840 D/SendBroadcastHandler(25278): sendBroadcast CONTACTS_DELETE
02-12 11:00:11.840 D/AsusContactWigdetSync( 1000): delete contact_id = 262
02-12 11:00:11.840 D/AsusContactWigdetSync( 1000): delete contact_id = 263
02-12 11:00:11.840 D/AsusContactWigdetSync( 1000): delete contact_id = 264
02-12 11:00:11.840 D/AsusContactWigdetSync( 1000): delete contact_id = 265
02-12 11:00:11.840 D/AsusContactWigdetSync( 1000): delete contact_id = 266
02-12 11:00:11.840 D/AsusContactWigdetSync( 1000): sync isdelete = true
02-12 11:00:11.840 D/AsusContactWigdetSync(25334): ready to sync contact id = 5
02-12 11:00:11.840 D/AsusContactWigdetSync(25334): ready to sync widget
02-12 11:00:11.840 D/AsusContactWigdetSync(25334): delete contact_id = 262
02-12 11:00:11.840 D/AsusContactWigdetSync(25334): delete contact_id = 263
02-12 11:00:11.840 D/AsusContactWigdetSync(25334): delete contact_id = 264
02-12 11:00:11.840 D/AsusContactWigdetSync(25334): delete contact_id = 265
02-12 11:00:11.840 D/AsusContactWigdetSync(25334): delete contact_id = 266
02-12 11:00:11.840 D/AsusContactWigdetSync(25334): sync isdelete = true
02-12 11:00:11.960 I/CalendarProvider2(25310): Sending notification intent: Intent { act=android.intent.action.PROVIDER_CHANGED dat=content://com.android.calendar }
02-12 11:00:11.960 W/ContentResolver(25310): Failed to get type for: content://com.android.calendar (Unknown URL content://com.android.calendar)
02-12 11:00:11.960 D/SendBroadcastHandler(25278): mTimerTask sendMessage CONTACTS_INSERT 
02-12 11:00:11.960 D/AlertReceiver(25347): onReceive: a=android.intent.action.PROVIDER_CHANGED Intent { act=android.intent.action.PROVIDER_CHANGED dat=content://com.android.calendar flg=0x10 cmp=com.asus.calendar/com.android.calendar.alerts.AlertReceiver }
02-12 11:00:11.960 D/SendBroadcastHandler(25278): (insert) sendBroadcast mInsertRawContacts:5
02-12 11:00:11.960 D/SendBroadcastHandler(25278): (insert) sendBroadcast mInsertName:5
02-12 11:00:11.960 D/SendBroadcastHandler(25278): (insert) sendBroadcast mInsertNameDetail:5
02-12 11:00:11.960 D/SendBroadcastHandler(25278): sendBroadcast insert to voice agent
02-12 11:00:11.960 V/ActivityManager(  504): Remove bg service from mStartingBackground ,r=ServiceRecord{22141e08 u0 com.android.providers.calendar/.EmptyService},r used time=1008,left r count=2
02-12 11:00:11.960 D/AlertService(25347): 0 Action = android.intent.action.PROVIDER_CHANGED
02-12 11:00:11.960 D/AlertService(25347): Beginning updateAlertNotification
02-12 11:00:11.990 D/AlertService(25347): No fired or scheduled alerts
02-12 11:00:12.000 D/BatteryStatsImpl(  504): noteStopWakeLocked com.asus.calendar isFromForeground = false
02-12 11:00:12.000 V/ActivityManager(  504): Remove bg service from mStartingBackground ,r=ServiceRecord{21f9d5d8 u0 com.asus.calendar/com.android.calendar.alerts.AlertService},r used time=40,left r count=2
02-12 11:00:12.070 W/BindingManager(25820): Cannot call determinedVisibility() - never saw a connection for the pid: 25820
02-12 11:00:12.100 D/SendBroadcastHandler(25278): startTimer() SEND_TO_CONTACTS_WIDGET_DELETE 
02-12 11:00:12.210 I/chromium(25820): [INFO:CONSOLE(70)] "WARNING: Message from backend doesn't have data.", source:  (70)
02-12 11:00:12.250 D/SendBroadcastHandler(25278): startTimer() SEND_TO_CONTACTS_INSERT 
02-12 11:00:12.400 D/dalvikvm(  504): GC_EXPLICIT freed 86K, 49% free 16869K/32464K, paused 1ms+3ms, total 42ms
02-12 11:00:12.740 D/AlarmManager(  504): Triggered Alarm 21fbb878 ELAPSED_REALTIME_WAKEUP IntentSender{225d77b8: PendingIntentRecord{223b3c40 com.android.providers.calendar broadcastIntent}}
02-12 11:00:12.740 D/BatteryStatsImpl(  504): noteStopWakeLocked system isFromForeground = false
02-12 11:00:12.740 W/BindingManager(25820): Cannot call determinedVisibility() - never saw a connection for the pid: 25820
02-12 11:00:12.740 D/AlarmManager(  504): Removed alarm Alarm{22077150 type 0 com.android.providers.calendar} type:RTC_WAKEUP
02-12 11:00:12.760 D/AlarmManager(  504): Added alarm Alarm{220754c8 type 0 com.wandoujia.phoenix2} type:RTC_WAKEUP when: At 15-2-13 3:56
02-12 11:00:12.760 D/BatteryStatsImpl(  504): noteStopWakeLocked com.android.providers.calendar isFromForeground = false
02-12 11:00:12.760 D/AlarmManager(  504): Added alarm Alarm{220660a0 type 0 com.android.providers.calendar} type:RTC_WAKEUP when: At 15-2-13 9:01
02-12 11:00:12.760 V/ActivityManager(  504): Remove bg service from mStartingBackground ,r=ServiceRecord{21f026f8 u0 com.android.providers.calendar/.CalendarProviderIntentService},r used time=32,left r count=2
02-12 11:00:12.840 D/AsusContactWigdetSync( 1000): sync start
02-12 11:00:12.840 D/AsusContactWigdetSync( 1000): sync selection = null
02-12 11:00:12.840 D/AsusContactWigdetSync( 1000): sync delete selection = contact_id IN ( 266, 264, 265, 262, 263)
02-12 11:00:12.840 D/AsusContactWigdetSync(25334): sync start
02-12 11:00:12.840 D/AsusContactWigdetSync(25334): sync selection = null
02-12 11:00:12.840 D/AsusContactWigdetSync(25334): sync delete selection = contact_id IN ( 266, 264, 265, 262, 263)
02-12 11:00:12.840 D/AsusContactWigdetSync( 1000): sync stop
02-12 11:00:12.840 D/AsusContactWigdetSync(25334): sync stop
02-12 11:00:12.840 V/ActivityManager(  504): Remove bg service from mStartingBackground ,r=ServiceRecord{2227ec48 u0 com.asus.contacts/com.android.contacts.miniwidget.SyncService},r used time=1006,left r count=1
02-12 11:00:12.840 V/ActivityManager(  504): Remove bg service from mStartingBackground ,r=ServiceRecord{21f61f98 u0 com.asus.contactswidget/.SyncService},r used time=1004,left r count=0
02-12 11:00:12.850 I/chromium(25820): [INFO:CONSOLE(70)] "WARNING: Message from backend doesn't have data.", source:  (70)
02-12 11:00:12.890 V/ActivityManager(  504): Remove bg service from mStartingBackground ,r=ServiceRecord{21f9fd70 u0 com.android.providers.calendar/.ContactsEventUpdateIntentService},r used time=41,left r count=1
02-12 11:00:13.380 W/BindingManager(25820): Cannot call determinedVisibility() - never saw a connection for the pid: 25820
02-12 11:00:13.500 I/chromium(25820): [INFO:CONSOLE(70)] "WARNING: Message from backend doesn't have data.", source:  (70)
02-12 11:00:13.900 I/CalendarProvider2(25310): Sending notification intent: Intent { act=android.intent.action.PROVIDER_CHANGED dat=content://com.android.calendar }
02-12 11:00:13.900 W/ContentResolver(25310): Failed to get type for: content://com.android.calendar (Unknown URL content://com.android.calendar)
02-12 11:00:13.900 D/AlertReceiver(25347): onReceive: a=android.intent.action.PROVIDER_CHANGED Intent { act=android.intent.action.PROVIDER_CHANGED dat=content://com.android.calendar flg=0x10 cmp=com.asus.calendar/com.android.calendar.alerts.AlertReceiver }
02-12 11:00:13.900 V/ActivityManager(  504): Remove bg service from mStartingBackground ,r=ServiceRecord{21fad0f0 u0 com.android.providers.calendar/.EmptyService},r used time=1007,left r count=0
02-12 11:00:13.900 D/AlertService(25347): 0 Action = android.intent.action.PROVIDER_CHANGED
02-12 11:00:13.900 D/AlertService(25347): Beginning updateAlertNotification
02-12 11:00:13.920 D/AlertService(25347): No fired or scheduled alerts
02-12 11:00:13.940 D/BatteryStatsImpl(  504): noteStopWakeLocked com.asus.calendar isFromForeground = false
02-12 11:00:13.940 V/ActivityManager(  504): Remove bg service from mStartingBackground ,r=ServiceRecord{21fc90d8 u0 com.asus.calendar/com.android.calendar.alerts.AlertService},r used time=36,left r count=0
02-12 11:00:13.980 W/BindingManager(25820): Cannot call determinedVisibility() - never saw a connection for the pid: 25820
02-12 11:00:14.090 I/chromium(25820): [INFO:CONSOLE(70)] "WARNING: Message from backend doesn't have data.", source:  (70)
02-12 11:00:14.340 E/Contacts(25820): org.json.JSONException: No value for contactId
02-12 11:00:15.110 D/SendBroadcastHandler(25278): mTimerTask sendMessage CONTACTS_DELETE 
02-12 11:00:15.110 D/SendBroadcastHandler(25278): sendBroadcast delete to voice agent
02-12 11:00:15.110 D/SendBroadcastHandler(25278): (Delete) sendBroadcast mDeleteContacts:4
02-12 11:00:15.110 D/SendBroadcastHandler(25278): (Delete) sendBroadcast mDeleteRawContactsVoice:4
02-12 11:00:15.110 D/SendBroadcastHandler(25278): sendBroadcast CONTACTS_DELETE
02-12 11:00:15.110 D/AsusContactWigdetSync( 1000): ready to sync contact id = 4
02-12 11:00:15.110 D/AsusContactWigdetSync( 1000): ready to sync widget
02-12 11:00:15.110 D/AsusContactWigdetSync( 1000): delete contact_id = 267
02-12 11:00:15.110 D/AsusContactWigdetSync( 1000): delete contact_id = 268
02-12 11:00:15.110 D/AsusContactWigdetSync( 1000): delete contact_id = 269
02-12 11:00:15.110 D/AsusContactWigdetSync( 1000): delete contact_id = 270
02-12 11:00:15.110 D/AsusContactWigdetSync( 1000): sync isdelete = true
02-12 11:00:15.120 D/AsusContactWigdetSync(25334): ready to sync contact id = 4
02-12 11:00:15.120 D/AsusContactWigdetSync(25334): ready to sync widget
02-12 11:00:15.140 D/AsusContactWigdetSync(25334): delete contact_id = 267
02-12 11:00:15.140 D/AsusContactWigdetSync(25334): delete contact_id = 268
02-12 11:00:15.140 D/AsusContactWigdetSync(25334): delete contact_id = 269
02-12 11:00:15.140 D/AsusContactWigdetSync(25334): delete contact_id = 270
02-12 11:00:15.140 D/AsusContactWigdetSync(25334): sync isdelete = true
02-12 11:00:15.260 D/SendBroadcastHandler(25278): mTimerTask sendMessage CONTACTS_INSERT 
02-12 11:00:15.260 D/SendBroadcastHandler(25278): (insert) sendBroadcast mInsertRawContacts:4
02-12 11:00:15.260 D/SendBroadcastHandler(25278): (insert) sendBroadcast mInsertName:4
02-12 11:00:15.260 D/SendBroadcastHandler(25278): (insert) sendBroadcast mInsertNameDetail:4
02-12 11:00:15.260 D/SendBroadcastHandler(25278): sendBroadcast insert to voice agent
02-12 11:00:15.490 V/ActivityManager(  504): Remove bg service from mStartingBackground ,r=ServiceRecord{21ed75a0 u0 com.android.providers.calendar/.ContactsEventUpdateIntentService},r used time=51,left r count=3
02-12 11:00:16.130 D/AsusContactWigdetSync( 1000): sync start
02-12 11:00:16.130 D/AsusContactWigdetSync( 1000): sync selection = null
02-12 11:00:16.130 D/AsusContactWigdetSync( 1000): sync delete selection = contact_id IN ( 267, 270, 268, 269)
02-12 11:00:16.130 D/AsusContactWigdetSync( 1000): sync stop
02-12 11:00:16.130 V/ActivityManager(  504): Remove bg service from mStartingBackground ,r=ServiceRecord{21fca470 u0 com.asus.contacts/com.android.contacts.miniwidget.SyncService},r used time=1005,left r count=2
02-12 11:00:16.150 D/AsusContactWigdetSync(25334): sync start
02-12 11:00:16.150 D/AsusContactWigdetSync(25334): sync selection = null
02-12 11:00:16.150 D/AsusContactWigdetSync(25334): sync delete selection = contact_id IN ( 267, 270, 268, 269)
02-12 11:00:16.150 D/AsusContactWigdetSync(25334): sync stop
02-12 11:00:16.150 V/ActivityManager(  504): Remove bg service from mStartingBackground ,r=ServiceRecord{22000010 u0 com.asus.contactswidget/.SyncService},r used time=1020,left r count=1
02-12 11:00:16.500 I/CalendarProvider2(25310): Sending notification intent: Intent { act=android.intent.action.PROVIDER_CHANGED dat=content://com.android.calendar }
02-12 11:00:16.500 W/ContentResolver(25310): Failed to get type for: content://com.android.calendar (Unknown URL content://com.android.calendar)
02-12 11:00:16.500 D/AlertReceiver(25347): onReceive: a=android.intent.action.PROVIDER_CHANGED Intent { act=android.intent.action.PROVIDER_CHANGED dat=content://com.android.calendar flg=0x10 cmp=com.asus.calendar/com.android.calendar.alerts.AlertReceiver }
02-12 11:00:16.500 V/ActivityManager(  504): Remove bg service from mStartingBackground ,r=ServiceRecord{21f2dd60 u0 com.android.providers.calendar/.EmptyService},r used time=1007,left r count=0
02-12 11:00:16.510 D/AlertService(25347): 0 Action = android.intent.action.PROVIDER_CHANGED
02-12 11:00:16.510 D/AlertService(25347): Beginning updateAlertNotification
02-12 11:00:16.530 D/AlertService(25347): No fired or scheduled alerts
02-12 11:00:16.530 D/BatteryStatsImpl(  504): noteStopWakeLocked com.asus.calendar isFromForeground = false
02-12 11:00:16.530 V/ActivityManager(  504): Remove bg service from mStartingBackground ,r=ServiceRecord{22030ab0 u0 com.asus.calendar/com.android.calendar.alerts.AlertService},r used time=31,left r count=0
02-12 11:00:17.190 W/BindingManager(25820): Cannot call determinedVisibility() - never saw a connection for the pid: 25820
02-12 11:00:17.240 D/SendBroadcastHandler(25278): startTimer() SEND_TO_CONTACTS_WIDGET_DELETE 
02-12 11:00:17.300 I/chromium(25820): [INFO:CONSOLE(70)] "WARNING: Message from backend doesn't have data.", source:  (70)
02-12 11:00:17.340 D/SendBroadcastHandler(25278): startTimer() SEND_TO_CONTACTS_INSERT 
02-12 11:00:17.810 W/BindingManager(25820): Cannot call determinedVisibility() - never saw a connection for the pid: 25820
02-12 11:00:17.880 D/AlarmManager(  504): Triggered Alarm 21fe2510 ELAPSED_REALTIME_WAKEUP IntentSender{225d7458: PendingIntentRecord{22303378 com.android.providers.calendar broadcastIntent}}
02-12 11:00:17.890 D/BatteryStatsImpl(  504): noteStopWakeLocked system isFromForeground = false
02-12 11:00:17.890 D/AlarmManager(  504): Removed alarm Alarm{220660a0 type 0 com.android.providers.calendar} type:RTC_WAKEUP
