02-12 10:16:14.270 D/        (15216): droid_create_context : config id = 1 conf->NativeVisualID=1
02-12 10:16:14.270 D/        (15216): Pixel Format : GGL_PIXEL_FORMAT_RGBA_8888
02-12 10:16:14.270 I/        (15216): Requested context : GLES 2.0
02-12 10:16:14.300 W/chromium(15216): [WARNING:proxy_service.cc(899)] PAC support disabled because there is no system implementation
02-12 10:16:14.300 W/dalvikvm(15216): VFY: unable to find class referenced in signature (Landroid/view/inputmethod/CursorAnchorInfo;)
02-12 10:16:14.300 I/dalvikvm(15216): Could not find method android.view.inputmethod.InputMethodManager.updateCursorAnchorInfo, referenced from method org.chromium.content.browser.input.InputMethodManagerWrapper.updateCursorAnchorInfo
02-12 10:16:14.300 W/dalvikvm(15216): VFY: unable to resolve virtual method 1368: Landroid/view/inputmethod/InputMethodManager;.updateCursorAnchorInfo (Landroid/view/View;Landroid/view/inputmethod/CursorAnchorInfo;)V
02-12 10:16:14.300 D/dalvikvm(15216): VFY: replacing opcode 0x6e at 0x000a
02-12 10:16:14.350 E/cutils  (  163): Failed to mkdirat(/Removable/MicroSD): Read-only file system
02-12 10:16:14.350 W/ContextImpl(15216): Failed to ensure directory: /Removable/MicroSD/Android/data/org.xwalk.webapi_service_tests/cache
02-12 10:16:14.350 W/Vold    (  163): Returning OperationFailed - no handler for errno 30
02-12 10:16:14.360 D/CordovaActivity(15216): CordovaActivity.createViews()
02-12 10:16:14.360 E/chromium(15216): [ERROR:unix_domain_server_socket_posix.cc(106)] Not implemented reached in virtual int net::UnixDomainServerSocket::GetLocalAddress(net::IPEndPoint*) const
02-12 10:16:14.360 D/CordovaWebView(15216): >>> loadUrl(file:///android_asset/www/index.html)
02-12 10:16:14.360 D/PluginManager(15216): init()
02-12 10:16:14.360 E/cutils  (  163): Failed to mkdirat(/Removable/MicroSD): Read-only file system
02-12 10:16:14.360 W/Vold    (  163): Returning OperationFailed - no handler for errno 30
02-12 10:16:14.370 W/ContextImpl(15216): Failed to ensure directory: /Removable/MicroSD/Android/data/org.xwalk.webapi_service_tests/files
02-12 10:16:14.370 E/cutils  (  163): Failed to mkdirat(/Removable/MicroSD): Read-only file system
02-12 10:16:14.370 W/ContextImpl(15216): Failed to ensure directory: /Removable/MicroSD/Android/data/org.xwalk.webapi_service_tests/cache
02-12 10:16:14.370 D/CordovaWebView(15216): >>> loadUrlNow()
02-12 10:16:14.370 I/dalvikvm(15216): Could not find method android.app.Activity.finishAndRemoveTask, referenced from method org.chromium.base.ApiCompatibilityUtils.finishAndRemoveTask
02-12 10:16:14.370 W/dalvikvm(15216): VFY: unable to resolve virtual method 6: Landroid/app/Activity;.finishAndRemoveTask ()V
02-12 10:16:14.370 D/dalvikvm(15216): VFY: replacing opcode 0x6e at 0x0006
02-12 10:16:14.370 I/dalvikvm(15216): Could not find method android.os.PowerManager.isInteractive, referenced from method org.chromium.base.ApiCompatibilityUtils.isInteractive
02-12 10:16:14.370 W/dalvikvm(15216): VFY: unable to resolve virtual method 874: Landroid/os/PowerManager;.isInteractive ()Z
02-12 10:16:14.370 D/dalvikvm(15216): VFY: replacing opcode 0x6e at 0x000e
02-12 10:16:14.370 I/dalvikvm(15216): Could not find method android.view.Window.getNavigationBarColor, referenced from method org.chromium.base.ApiCompatibilityUtils.setStatusBarColor
02-12 10:16:14.370 W/dalvikvm(15216): VFY: unable to resolve virtual method 1268: Landroid/view/Window;.getNavigationBarColor ()I
02-12 10:16:14.370 D/dalvikvm(15216): VFY: replacing opcode 0x6e at 0x0010
02-12 10:16:14.370 I/dalvikvm(15216): Could not find method android.view.Window.setStatusBarColor, referenced from method org.chromium.base.ApiCompatibilityUtils.setStatusBarColor
02-12 10:16:14.370 W/dalvikvm(15216): VFY: unable to resolve virtual method 1274: Landroid/view/Window;.setStatusBarColor (I)V
02-12 10:16:14.370 D/dalvikvm(15216): VFY: replacing opcode 0x6e at 0x0019
02-12 10:16:14.370 E/dalvikvm(15216): Could not find class 'android.app.ActivityManager$TaskDescription', referenced from method org.chromium.base.ApiCompatibilityUtils.setTaskDescription
02-12 10:16:14.370 W/dalvikvm(15216): VFY: unable to resolve new-instance 13 (Landroid/app/ActivityManager$TaskDescription;) in Lorg/chromium/base/ApiCompatibilityUtils;
02-12 10:16:14.370 D/dalvikvm(15216): VFY: replacing opcode 0x22 at 0x0006
02-12 10:16:14.370 D/dalvikvm(15216): DexOpt: unable to opt direct call 0x002f at 0x08 in Lorg/chromium/base/ApiCompatibilityUtils;.setTaskDescription
02-12 10:16:14.370 I/chromium(15216): [INFO:xwalk_extension_renderer_controller.cc(47)] EXTENSION PROCESS DISABLED.
02-12 10:16:14.370 W/Vold    (  163): Returning OperationFailed - no handler for errno 30
02-12 10:16:14.380 D/CordovaActivity(15216): Resuming the App
02-12 10:16:14.400 D/SoftKeyboardDetect(15216): Ignore this event
02-12 10:16:14.400 D/        (15216): droid_create_context : config id = 5 conf->NativeVisualID=1
02-12 10:16:14.400 D/        (15216): Pixel Format : GGL_PIXEL_FORMAT_RGBA_8888
02-12 10:16:14.400 I/        (15216): Requested context : GLES 2.0
02-12 10:16:14.410 D/        (15216): Pixel Format : GGL_PIXEL_FORMAT_RGBA_8888
02-12 10:16:14.410 D/OpenGLRenderer(15216): Enabling debug mode 0
02-12 10:16:14.420 D/        (15216): Pixel Format : GGL_PIXEL_FORMAT_RGBA_8888
02-12 10:16:14.420 D/        (15216): droid_create_context : config id = 1 conf->NativeVisualID=1
02-12 10:16:14.420 D/        (15216): Pixel Format : GGL_PIXEL_FORMAT_RGBA_8888
02-12 10:16:14.420 I/        (15216): Requested context : GLES 2.0
02-12 10:16:14.430 D/SoftKeyboardDetect(15216): Ignore this event
02-12 10:16:14.430 D/XT9IME  (  722): new subtype :zh_CN ,pinyin
02-12 10:16:14.470 D/CordovaActivity(15216): onMessage(onPageStarted,file:///android_asset/www/index.html)
02-12 10:16:14.470 W/BindingManager(15216): Cannot call determinedVisibility() - never saw a connection for the pid: 15216
02-12 10:16:14.470 D/BatteryStatsImpl(  504): noteStopWakeLocked system isFromForeground = false
02-12 10:16:14.480 D/ImageWallpaper(  566): onVisibilityChanged: mVisible, visible=true, false
02-12 10:16:14.480 D/ImageWallpaper(  566): Visibility changed to visible=false
02-12 10:16:14.480 D/ImageWallpaper(  566): Suppressed drawFrame since redraw is not needed and offsets have not changed.
02-12 10:16:14.480 I/ActivityManager(  504): Displayed org.xwalk.webapi_service_tests/.webapi_service_tests: +362ms
02-12 10:16:14.510 D/CordovaActivity(15216): onMessage(onPageFinished,file:///android_asset/www/index.html)
02-12 10:16:15.520 D/CordovaActivity(15216): onMessage(onPageStarted,http://127.0.0.1:8080/index.html)
02-12 10:16:15.610 W/BindingManager(15216): Cannot call determinedVisibility() - never saw a connection for the pid: 15216
02-12 10:16:15.810 I/chromium(15216): [INFO:CONSOLE(0)] "Synchronous XMLHttpRequest on the main thread is deprecated because of its detrimental effects to the end user's experience. For more help, check http://xhr.spec.whatwg.org/.", source:  (0)
02-12 10:16:15.860 D/CordovaActivity(15216): onMessage(onPageFinished,http://127.0.0.1:8080/index.html)
02-12 10:16:16.520 D/CordovaActivity(15216): onMessage(spinner,stop)
02-12 10:16:16.560 D/        (15216): Pixel Format : GGL_PIXEL_FORMAT_RGBA_8888
02-12 10:16:16.560 D/        (15216): droid_create_context : config id = 1 conf->NativeVisualID=1
02-12 10:16:16.560 D/        (15216): Pixel Format : GGL_PIXEL_FORMAT_RGBA_8888
02-12 10:16:16.560 I/        (15216): Requested context : GLES 2.0
02-12 10:16:16.630 D/        (15216): Pixel Format : GGL_PIXEL_FORMAT_RGBA_8888
02-12 10:16:16.630 D/        (15216): droid_create_context : config id = 1 conf->NativeVisualID=1
02-12 10:16:16.630 D/        (15216): Pixel Format : GGL_PIXEL_FORMAT_RGBA_8888
02-12 10:16:16.630 I/        (15216): Requested context : GLES 2.0
02-12 10:16:16.640 D/        (15216): Swap interval set to = 1 value
02-12 10:16:16.990 D/        (15216): droid_create_context : config id = 1 conf->NativeVisualID=1
02-12 10:16:16.990 D/        (15216): Pixel Format : GGL_PIXEL_FORMAT_RGBA_8888
02-12 10:16:16.990 I/        (15216): Requested context : GLES 2.0
02-12 10:16:17.250 D/        (15216): droid_create_context : config id = 1 conf->NativeVisualID=1
02-12 10:16:17.250 D/        (15216): Pixel Format : GGL_PIXEL_FORMAT_RGBA_8888
02-12 10:16:17.250 I/        (15216): Requested context : GLES 2.0
02-12 10:16:17.470 D/        (15216): droid_create_context : config id = 1 conf->NativeVisualID=1
02-12 10:16:17.470 D/        (15216): Pixel Format : GGL_PIXEL_FORMAT_RGBA_8888
02-12 10:16:17.470 I/        (15216): Requested context : GLES 2.0
02-12 10:16:17.640 D/        (15216): droid_create_context : config id = 1 conf->NativeVisualID=1
02-12 10:16:17.640 D/        (15216): Pixel Format : GGL_PIXEL_FORMAT_RGBA_8888
02-12 10:16:17.640 I/        (15216): Requested context : GLES 2.0
02-12 10:16:17.810 D/        (15216): droid_create_context : config id = 1 conf->NativeVisualID=1
02-12 10:16:17.810 D/        (15216): Pixel Format : GGL_PIXEL_FORMAT_RGBA_8888
02-12 10:16:17.810 I/        (15216): Requested context : GLES 2.0
02-12 10:16:17.860 D/CordovaActivity(15216): onMessage(spinner,stop)
02-12 10:16:17.980 D/        (15216): droid_create_context : config id = 1 conf->NativeVisualID=1
02-12 10:16:17.980 D/        (15216): Pixel Format : GGL_PIXEL_FORMAT_RGBA_8888
02-12 10:16:17.980 I/        (15216): Requested context : GLES 2.0
02-12 10:16:18.150 D/        (15216): droid_create_context : config id = 1 conf->NativeVisualID=1
02-12 10:16:18.150 D/        (15216): Pixel Format : GGL_PIXEL_FORMAT_RGBA_8888
02-12 10:16:18.150 I/        (15216): Requested context : GLES 2.0
02-12 10:16:18.310 D/        (15216): droid_create_context : config id = 1 conf->NativeVisualID=1
02-12 10:16:18.310 D/        (15216): Pixel Format : GGL_PIXEL_FORMAT_RGBA_8888
02-12 10:16:18.310 I/        (15216): Requested context : GLES 2.0
02-12 10:16:18.490 D/        (15216): droid_create_context : config id = 1 conf->NativeVisualID=1
02-12 10:16:18.490 D/        (15216): Pixel Format : GGL_PIXEL_FORMAT_RGBA_8888
02-12 10:16:18.490 I/        (15216): Requested context : GLES 2.0
02-12 10:16:18.650 D/        (15216): droid_create_context : config id = 1 conf->NativeVisualID=1
02-12 10:16:18.650 D/        (15216): Pixel Format : GGL_PIXEL_FORMAT_RGBA_8888
02-12 10:16:18.650 I/        (15216): Requested context : GLES 2.0
02-12 10:16:18.820 D/        (15216): droid_create_context : config id = 1 conf->NativeVisualID=1
02-12 10:16:18.820 D/        (15216): Pixel Format : GGL_PIXEL_FORMAT_RGBA_8888
02-12 10:16:18.820 I/        (15216): Requested context : GLES 2.0
02-12 10:16:18.970 D/        (15216): droid_create_context : config id = 1 conf->NativeVisualID=1
02-12 10:16:18.970 D/        (15216): Pixel Format : GGL_PIXEL_FORMAT_RGBA_8888
02-12 10:16:18.970 I/        (15216): Requested context : GLES 2.0
02-12 10:16:19.140 D/        (15216): droid_create_context : config id = 1 conf->NativeVisualID=1
02-12 10:16:19.140 D/        (15216): Pixel Format : GGL_PIXEL_FORMAT_RGBA_8888
02-12 10:16:19.140 I/        (15216): Requested context : GLES 2.0
02-12 10:16:19.310 D/        (15216): droid_create_context : config id = 1 conf->NativeVisualID=1
02-12 10:16:19.310 D/        (15216): Pixel Format : GGL_PIXEL_FORMAT_RGBA_8888
02-12 10:16:19.310 I/        (15216): Requested context : GLES 2.0
02-12 10:16:19.380 D/BatteryStatsImpl(  504): noteStopWakeLocked system isFromForeground = false
02-12 10:16:19.500 D/        (15216): droid_create_context : config id = 1 conf->NativeVisualID=1
02-12 10:16:19.500 D/        (15216): Pixel Format : GGL_PIXEL_FORMAT_RGBA_8888
02-12 10:16:19.500 I/        (15216): Requested context : GLES 2.0
02-12 10:16:19.660 D/        (15216): droid_create_context : config id = 1 conf->NativeVisualID=1
02-12 10:16:19.660 D/        (15216): Pixel Format : GGL_PIXEL_FORMAT_RGBA_8888
02-12 10:16:19.660 I/        (15216): Requested context : GLES 2.0
02-12 10:16:19.830 D/        (15216): droid_create_context : config id = 1 conf->NativeVisualID=1
02-12 10:16:19.830 D/        (15216): Pixel Format : GGL_PIXEL_FORMAT_RGBA_8888
02-12 10:16:19.830 I/        (15216): Requested context : GLES 2.0
02-12 10:16:19.980 D/EVENT_THREAD(  183): void CEventThread::run() POLLIN event on Fd (1)
02-12 10:16:19.980 D/EVENT_THREAD(  183): void CEventThread::run() Do poll with timeout: -1
02-12 10:16:19.980 D/EVENT_THREAD(  183): void CEventThread::run() POLLIN event on Fd (1)
02-12 10:16:19.980 D/EVENT_THREAD(  183): void CEventThread::run() Do poll with timeout: -1
02-12 10:16:19.980 I/upi_ug31xx(  166): (4926) update_capacity
02-12 10:16:19.980 I/[UPI]   (  166): <UG31/E>[UpiReadCapacity]: V=4226(4226), T=334(337-391), I=-313, C=-4(-4-0)
02-12 10:16:19.980 I/[UPI]   (  166): <UG31/E>[UpiReadCapacity]: (0x10820d5a) 3907 (3841) / 3926 (4028) = 100
02-12 10:16:19.980 I/[UPI]   (  166): <UG31/E>[UpiReadCapacity]: (0x10820d5a) 3907 (3841) / 3926 (4028) = 100
02-12 10:16:19.980 I/[UPI]   (  166): <UG31/E>[UpiReadCapacity]: (0x10820d5a) 3903 (3903) / 3926 (4028) = 99
02-12 10:16:19.980 I/[UPI]   (  166): <UG31/E>[RsocFilterCountTime]: (0x10820d5a) Step=0(30300), Full=22(2670130), Lock=30300(1800000)
02-12 10:16:19.980 I/[UPI]   (  166): <UG31/E>[UpiReadCapacity]: (0x10820d5a) 3907 (3903) / 3926 (4028) = 100 (-313--313)
02-12 10:16:19.980 I/[UPI]   (  166): <UG31/E><BATT> M:normal, P:100(100-99)%, V:4225mV, C:-356mA, T:33.7C(391), S:0x10820d5a(100), R:3907mAh, F:3926mAh, Q:466mAh, CC:3, P:30.300(144-0)s, BO:7, 97:615:0-44af-9m:B001-20140514-144301 (16)
02-12 10:16:19.980 I/upi_ug31xx(  166): (4927) backup_data 
02-12 10:16:19.980 V/upi_ug31xx(  166): state->check_backup_count = 3
02-12 10:16:20.000 D/        (15216): droid_create_context : config id = 1 conf->NativeVisualID=1
02-12 10:16:20.000 D/        (15216): Pixel Format : GGL_PIXEL_FORMAT_RGBA_8888
02-12 10:16:20.000 I/        (15216): Requested context : GLES 2.0
02-12 10:16:20.170 D/        (15216): droid_create_context : config id = 1 conf->NativeVisualID=1
02-12 10:16:20.170 D/        (15216): Pixel Format : GGL_PIXEL_FORMAT_RGBA_8888
02-12 10:16:20.170 I/        (15216): Requested context : GLES 2.0
02-12 10:16:20.340 D/        (15216): droid_create_context : config id = 1 conf->NativeVisualID=1
02-12 10:16:20.340 D/        (15216): Pixel Format : GGL_PIXEL_FORMAT_RGBA_8888
02-12 10:16:20.340 I/        (15216): Requested context : GLES 2.0
02-12 10:16:20.510 D/        (15216): droid_create_context : config id = 1 conf->NativeVisualID=1
02-12 10:16:20.510 D/        (15216): Pixel Format : GGL_PIXEL_FORMAT_RGBA_8888
02-12 10:16:20.510 I/        (15216): Requested context : GLES 2.0
02-12 10:16:20.670 D/        (15216): droid_create_context : config id = 1 conf->NativeVisualID=1
02-12 10:16:20.670 D/        (15216): Pixel Format : GGL_PIXEL_FORMAT_RGBA_8888
02-12 10:16:20.670 I/        (15216): Requested context : GLES 2.0
02-12 10:16:20.830 D/        (15216): droid_create_context : config id = 1 conf->NativeVisualID=1
02-12 10:16:20.830 D/        (15216): Pixel Format : GGL_PIXEL_FORMAT_RGBA_8888
02-12 10:16:20.830 I/        (15216): Requested context : GLES 2.0
02-12 10:16:20.990 D/        (15216): droid_create_context : config id = 1 conf->NativeVisualID=1
02-12 10:16:20.990 D/        (15216): Pixel Format : GGL_PIXEL_FORMAT_RGBA_8888
02-12 10:16:20.990 I/        (15216): Requested context : GLES 2.0
02-12 10:16:21.160 D/        (15216): droid_create_context : config id = 1 conf->NativeVisualID=1
02-12 10:16:21.160 D/        (15216): Pixel Format : GGL_PIXEL_FORMAT_RGBA_8888
02-12 10:16:21.160 I/        (15216): Requested context : GLES 2.0
02-12 10:16:21.320 D/        (15216): droid_create_context : config id = 1 conf->NativeVisualID=1
02-12 10:16:21.320 D/        (15216): Pixel Format : GGL_PIXEL_FORMAT_RGBA_8888
02-12 10:16:21.320 I/        (15216): Requested context : GLES 2.0
02-12 10:16:21.480 D/        (15216): droid_create_context : config id = 1 conf->NativeVisualID=1
02-12 10:16:21.480 D/        (15216): Pixel Format : GGL_PIXEL_FORMAT_RGBA_8888
02-12 10:16:21.480 I/        (15216): Requested context : GLES 2.0
02-12 10:16:21.650 D/        (15216): droid_create_context : config id = 1 conf->NativeVisualID=1
02-12 10:16:21.650 D/        (15216): Pixel Format : GGL_PIXEL_FORMAT_RGBA_8888
02-12 10:16:21.650 I/        (15216): Requested context : GLES 2.0
02-12 10:16:21.820 D/        (15216): droid_create_context : config id = 1 conf->NativeVisualID=1
02-12 10:16:21.820 D/        (15216): Pixel Format : GGL_PIXEL_FORMAT_RGBA_8888
02-12 10:16:21.820 I/        (15216): Requested context : GLES 2.0
02-12 10:16:21.970 D/        (15216): droid_create_context : config id = 1 conf->NativeVisualID=1
02-12 10:16:21.970 D/        (15216): Pixel Format : GGL_PIXEL_FORMAT_RGBA_8888
02-12 10:16:21.970 I/        (15216): Requested context : GLES 2.0
02-12 10:16:22.130 D/        (15216): droid_create_context : config id = 1 conf->NativeVisualID=1
02-12 10:16:22.130 D/        (15216): Pixel Format : GGL_PIXEL_FORMAT_RGBA_8888
02-12 10:16:22.130 I/        (15216): Requested context : GLES 2.0
02-12 10:16:22.290 D/        (15216): droid_create_context : config id = 1 conf->NativeVisualID=1
02-12 10:16:22.290 D/        (15216): Pixel Format : GGL_PIXEL_FORMAT_RGBA_8888
02-12 10:16:22.290 I/        (15216): Requested context : GLES 2.0
02-12 10:16:22.440 D/        (15216): droid_create_context : config id = 1 conf->NativeVisualID=1
02-12 10:16:22.440 D/        (15216): Pixel Format : GGL_PIXEL_FORMAT_RGBA_8888
02-12 10:16:22.440 I/        (15216): Requested context : GLES 2.0
02-12 10:16:22.600 D/        (15216): droid_create_context : config id = 1 conf->NativeVisualID=1
02-12 10:16:22.600 D/        (15216): Pixel Format : GGL_PIXEL_FORMAT_RGBA_8888
02-12 10:16:22.600 I/        (15216): Requested context : GLES 2.0
02-12 10:16:22.670 D/EVENT_THREAD(  183): void CEventThread::run() POLLIN event on Fd (1)
02-12 10:16:22.670 D/EVENT_THREAD(  183): void CEventThread::run() Do poll with timeout: -1
02-12 10:16:22.760 D/        (15216): droid_create_context : config id = 1 conf->NativeVisualID=1
02-12 10:16:22.760 D/        (15216): Pixel Format : GGL_PIXEL_FORMAT_RGBA_8888
02-12 10:16:22.760 I/        (15216): Requested context : GLES 2.0
02-12 10:16:22.930 D/        (15216): droid_create_context : config id = 1 conf->NativeVisualID=1
02-12 10:16:22.930 D/        (15216): Pixel Format : GGL_PIXEL_FORMAT_RGBA_8888
02-12 10:16:22.930 I/        (15216): Requested context : GLES 2.0
02-12 10:16:23.100 D/        (15216): droid_create_context : config id = 1 conf->NativeVisualID=1
02-12 10:16:23.100 D/        (15216): Pixel Format : GGL_PIXEL_FORMAT_RGBA_8888
02-12 10:16:23.100 I/        (15216): Requested context : GLES 2.0
02-12 10:16:23.260 D/        (15216): droid_create_context : config id = 1 conf->NativeVisualID=1
02-12 10:16:23.260 D/        (15216): Pixel Format : GGL_PIXEL_FORMAT_RGBA_8888
02-12 10:16:23.260 I/        (15216): Requested context : GLES 2.0
02-12 10:16:23.420 D/        (15216): droid_create_context : config id = 1 conf->NativeVisualID=1
02-12 10:16:23.420 D/        (15216): Pixel Format : GGL_PIXEL_FORMAT_RGBA_8888
02-12 10:16:23.420 I/        (15216): Requested context : GLES 2.0
02-12 10:16:23.590 D/        (15216): droid_create_context : config id = 1 conf->NativeVisualID=1
02-12 10:16:23.590 D/        (15216): Pixel Format : GGL_PIXEL_FORMAT_RGBA_8888
02-12 10:16:23.590 I/        (15216): Requested context : GLES 2.0
02-12 10:16:23.750 D/        (15216): droid_create_context : config id = 1 conf->NativeVisualID=1
02-12 10:16:23.750 D/        (15216): Pixel Format : GGL_PIXEL_FORMAT_RGBA_8888
02-12 10:16:23.750 I/        (15216): Requested context : GLES 2.0
02-12 10:16:23.910 D/        (15216): droid_create_context : config id = 1 conf->NativeVisualID=1
02-12 10:16:23.910 D/        (15216): Pixel Format : GGL_PIXEL_FORMAT_RGBA_8888
02-12 10:16:23.910 I/        (15216): Requested context : GLES 2.0
02-12 10:16:24.070 D/        (15216): droid_create_context : config id = 1 conf->NativeVisualID=1
02-12 10:16:24.070 D/        (15216): Pixel Format : GGL_PIXEL_FORMAT_RGBA_8888
02-12 10:16:24.070 I/        (15216): Requested context : GLES 2.0
02-12 10:16:24.230 D/        (15216): droid_create_context : config id = 1 conf->NativeVisualID=1
02-12 10:16:24.230 D/        (15216): Pixel Format : GGL_PIXEL_FORMAT_RGBA_8888
02-12 10:16:24.230 I/        (15216): Requested context : GLES 2.0
02-12 10:16:24.390 D/        (15216): droid_create_context : config id = 1 conf->NativeVisualID=1
02-12 10:16:24.390 D/        (15216): Pixel Format : GGL_PIXEL_FORMAT_RGBA_8888
02-12 10:16:24.390 I/        (15216): Requested context : GLES 2.0
02-12 10:16:24.550 D/        (15216): droid_create_context : config id = 1 conf->NativeVisualID=1
02-12 10:16:24.550 D/        (15216): Pixel Format : GGL_PIXEL_FORMAT_RGBA_8888
02-12 10:16:24.550 I/        (15216): Requested context : GLES 2.0
02-12 10:16:24.710 D/        (15216): droid_create_context : config id = 1 conf->NativeVisualID=1
02-12 10:16:24.710 D/        (15216): Pixel Format : GGL_PIXEL_FORMAT_RGBA_8888
02-12 10:16:24.710 I/        (15216): Requested context : GLES 2.0
02-12 10:16:24.870 D/        (15216): droid_create_context : config id = 1 conf->NativeVisualID=1
02-12 10:16:24.870 D/        (15216): Pixel Format : GGL_PIXEL_FORMAT_RGBA_8888
02-12 10:16:24.870 I/        (15216): Requested context : GLES 2.0
02-12 10:16:25.030 D/        (15216): droid_create_context : config id = 1 conf->NativeVisualID=1
02-12 10:16:25.030 D/        (15216): Pixel Format : GGL_PIXEL_FORMAT_RGBA_8888
02-12 10:16:25.030 I/        (15216): Requested context : GLES 2.0
02-12 10:16:25.200 D/        (15216): droid_create_context : config id = 1 conf->NativeVisualID=1
02-12 10:16:25.200 D/        (15216): Pixel Format : GGL_PIXEL_FORMAT_RGBA_8888
02-12 10:16:25.200 I/        (15216): Requested context : GLES 2.0
02-12 10:16:25.360 D/        (15216): droid_create_context : config id = 1 conf->NativeVisualID=1
02-12 10:16:25.360 D/        (15216): Pixel Format : GGL_PIXEL_FORMAT_RGBA_8888
02-12 10:16:25.360 I/        (15216): Requested context : GLES 2.0
02-12 10:16:25.510 D/        (15216): droid_create_context : config id = 1 conf->NativeVisualID=1
02-12 10:16:25.510 D/        (15216): Pixel Format : GGL_PIXEL_FORMAT_RGBA_8888
02-12 10:16:25.510 I/        (15216): Requested context : GLES 2.0
02-12 10:16:25.680 D/        (15216): droid_create_context : config id = 1 conf->NativeVisualID=1
02-12 10:16:25.680 D/        (15216): Pixel Format : GGL_PIXEL_FORMAT_RGBA_8888
02-12 10:16:25.680 I/        (15216): Requested context : GLES 2.0
02-12 10:16:25.850 D/        (15216): droid_create_context : config id = 1 conf->NativeVisualID=1
02-12 10:16:25.850 D/        (15216): Pixel Format : GGL_PIXEL_FORMAT_RGBA_8888
02-12 10:16:25.850 I/        (15216): Requested context : GLES 2.0
02-12 10:16:26.010 D/        (15216): droid_create_context : config id = 1 conf->NativeVisualID=1
02-12 10:16:26.010 D/        (15216): Pixel Format : GGL_PIXEL_FORMAT_RGBA_8888
02-12 10:16:26.010 I/        (15216): Requested context : GLES 2.0
02-12 10:16:26.160 D/        (15216): droid_create_context : config id = 1 conf->NativeVisualID=1
02-12 10:16:26.160 D/        (15216): Pixel Format : GGL_PIXEL_FORMAT_RGBA_8888
02-12 10:16:26.160 I/        (15216): Requested context : GLES 2.0
02-12 10:16:26.330 D/        (15216): droid_create_context : config id = 1 conf->NativeVisualID=1
02-12 10:16:26.330 D/        (15216): Pixel Format : GGL_PIXEL_FORMAT_RGBA_8888
02-12 10:16:26.330 I/        (15216): Requested context : GLES 2.0
02-12 10:16:26.480 D/        (15216): droid_create_context : config id = 1 conf->NativeVisualID=1
02-12 10:16:26.480 D/        (15216): Pixel Format : GGL_PIXEL_FORMAT_RGBA_8888
02-12 10:16:26.480 I/        (15216): Requested context : GLES 2.0
02-12 10:16:26.630 D/        (15216): droid_create_context : config id = 1 conf->NativeVisualID=1
02-12 10:16:26.630 D/        (15216): Pixel Format : GGL_PIXEL_FORMAT_RGBA_8888
02-12 10:16:26.630 I/        (15216): Requested context : GLES 2.0
02-12 10:16:26.800 D/        (15216): droid_create_context : config id = 1 conf->NativeVisualID=1
02-12 10:16:26.800 D/        (15216): Pixel Format : GGL_PIXEL_FORMAT_RGBA_8888
02-12 10:16:26.800 I/        (15216): Requested context : GLES 2.0
02-12 10:16:26.970 D/        (15216): droid_create_context : config id = 1 conf->NativeVisualID=1
02-12 10:16:26.970 D/        (15216): Pixel Format : GGL_PIXEL_FORMAT_RGBA_8888
02-12 10:16:26.970 I/        (15216): Requested context : GLES 2.0
02-12 10:16:27.130 D/        (15216): droid_create_context : config id = 1 conf->NativeVisualID=1
02-12 10:16:27.130 D/        (15216): Pixel Format : GGL_PIXEL_FORMAT_RGBA_8888
02-12 10:16:27.130 I/        (15216): Requested context : GLES 2.0
02-12 10:16:27.300 D/        (15216): droid_create_context : config id = 1 conf->NativeVisualID=1
02-12 10:16:27.300 D/        (15216): Pixel Format : GGL_PIXEL_FORMAT_RGBA_8888
02-12 10:16:27.300 I/        (15216): Requested context : GLES 2.0
02-12 10:16:27.500 D/        (15216): droid_create_context : config id = 1 conf->NativeVisualID=1
02-12 10:16:27.500 D/        (15216): Pixel Format : GGL_PIXEL_FORMAT_RGBA_8888
02-12 10:16:27.500 I/        (15216): Requested context : GLES 2.0
02-12 10:16:27.680 D/        (15216): droid_create_context : config id = 1 conf->NativeVisualID=1
02-12 10:16:27.680 D/        (15216): Pixel Format : GGL_PIXEL_FORMAT_RGBA_8888
02-12 10:16:27.680 I/        (15216): Requested context : GLES 2.0
02-12 10:16:27.850 D/        (15216): droid_create_context : config id = 1 conf->NativeVisualID=1
02-12 10:16:27.850 D/        (15216): Pixel Format : GGL_PIXEL_FORMAT_RGBA_8888
02-12 10:16:27.850 I/        (15216): Requested context : GLES 2.0
02-12 10:16:28.210 D/        (15216): droid_create_context : config id = 1 conf->NativeVisualID=1
02-12 10:16:28.210 D/        (15216): Pixel Format : GGL_PIXEL_FORMAT_RGBA_8888
02-12 10:16:28.210 I/        (15216): Requested context : GLES 2.0
02-12 10:16:28.400 D/        (15216): droid_create_context : config id = 1 conf->NativeVisualID=1
02-12 10:16:28.400 D/        (15216): Pixel Format : GGL_PIXEL_FORMAT_RGBA_8888
02-12 10:16:28.400 I/        (15216): Requested context : GLES 2.0
02-12 10:16:28.570 D/        (15216): droid_create_context : config id = 1 conf->NativeVisualID=1
02-12 10:16:28.570 D/        (15216): Pixel Format : GGL_PIXEL_FORMAT_RGBA_8888
02-12 10:16:28.570 I/        (15216): Requested context : GLES 2.0
02-12 10:16:28.750 D/        (15216): droid_create_context : config id = 1 conf->NativeVisualID=1
02-12 10:16:28.750 D/        (15216): Pixel Format : GGL_PIXEL_FORMAT_RGBA_8888
02-12 10:16:28.750 I/        (15216): Requested context : GLES 2.0
02-12 10:16:28.910 D/        (15216): droid_create_context : config id = 1 conf->NativeVisualID=1
02-12 10:16:28.910 D/        (15216): Pixel Format : GGL_PIXEL_FORMAT_RGBA_8888
02-12 10:16:28.910 I/        (15216): Requested context : GLES 2.0
02-12 10:16:29.090 D/        (15216): droid_create_context : config id = 1 conf->NativeVisualID=1
02-12 10:16:29.090 D/        (15216): Pixel Format : GGL_PIXEL_FORMAT_RGBA_8888
02-12 10:16:29.090 I/        (15216): Requested context : GLES 2.0
02-12 10:16:29.280 D/        (15216): droid_create_context : config id = 1 conf->NativeVisualID=1
02-12 10:16:29.280 D/        (15216): Pixel Format : GGL_PIXEL_FORMAT_RGBA_8888
02-12 10:16:29.280 I/        (15216): Requested context : GLES 2.0
02-12 10:16:29.500 D/        (15216): droid_create_context : config id = 1 conf->NativeVisualID=1
02-12 10:16:29.500 D/        (15216): Pixel Format : GGL_PIXEL_FORMAT_RGBA_8888
02-12 10:16:29.500 I/        (15216): Requested context : GLES 2.0
02-12 10:16:29.680 D/        (15216): droid_create_context : config id = 1 conf->NativeVisualID=1
02-12 10:16:29.680 D/        (15216): Pixel Format : GGL_PIXEL_FORMAT_RGBA_8888
02-12 10:16:29.680 I/        (15216): Requested context : GLES 2.0
02-12 10:16:29.840 D/        (15216): droid_create_context : config id = 1 conf->NativeVisualID=1
02-12 10:16:29.840 D/        (15216): Pixel Format : GGL_PIXEL_FORMAT_RGBA_8888
02-12 10:16:29.840 I/        (15216): Requested context : GLES 2.0
02-12 10:16:30.020 D/        (15216): droid_create_context : config id = 1 conf->NativeVisualID=1
02-12 10:16:30.020 D/        (15216): Pixel Format : GGL_PIXEL_FORMAT_RGBA_8888
02-12 10:16:30.020 I/        (15216): Requested context : GLES 2.0
02-12 10:16:30.160 D/        (15216): droid_create_context : config id = 1 conf->NativeVisualID=1
02-12 10:16:30.160 D/        (15216): Pixel Format : GGL_PIXEL_FORMAT_RGBA_8888
02-12 10:16:30.160 I/        (15216): Requested context : GLES 2.0
02-12 10:16:30.330 D/        (15216): droid_create_context : config id = 1 conf->NativeVisualID=1
02-12 10:16:30.330 D/        (15216): Pixel Format : GGL_PIXEL_FORMAT_RGBA_8888
02-12 10:16:30.330 I/        (15216): Requested context : GLES 2.0
02-12 10:16:30.500 D/        (15216): droid_create_context : config id = 1 conf->NativeVisualID=1
02-12 10:16:30.500 D/        (15216): Pixel Format : GGL_PIXEL_FORMAT_RGBA_8888
02-12 10:16:30.500 I/        (15216): Requested context : GLES 2.0
02-12 10:16:30.670 D/        (15216): droid_create_context : config id = 1 conf->NativeVisualID=1
02-12 10:16:30.670 D/        (15216): Pixel Format : GGL_PIXEL_FORMAT_RGBA_8888
02-12 10:16:30.670 I/        (15216): Requested context : GLES 2.0
02-12 10:16:30.700 D/wpa_supplicant(  651): wlan0: Starting AP scan for wildcard SSID
02-12 10:16:30.700 D/wpa_supplicant(  651): WPS: Building WPS IE for Probe Request
02-12 10:16:30.700 D/wpa_supplicant(  651): WPS:  * Version (hardcoded 0x10)
02-12 10:16:30.700 D/wpa_supplicant(  651): WPS:  * Request Type
02-12 10:16:30.700 D/wpa_supplicant(  651): WPS:  * Config Methods (4288)
02-12 10:16:30.700 D/wpa_supplicant(  651): WPS:  * UUID-E
02-12 10:16:30.700 D/wpa_supplicant(  651): WPS:  * Primary Device Type
02-12 10:16:30.700 D/wpa_supplicant(  651): WPS:  * RF Bands (1)
02-12 10:16:30.700 D/wpa_supplicant(  651): WPS:  * Association State
02-12 10:16:30.700 D/wpa_supplicant(  651): WPS:  * Configuration Error (0)
02-12 10:16:30.700 D/wpa_supplicant(  651): WPS:  * Device Password ID (0)
02-12 10:16:30.700 D/wpa_supplicant(  651): WPS:  * Manufacturer
02-12 10:16:30.700 D/wpa_supplicant(  651): WPS:  * Model Name
02-12 10:16:30.700 D/wpa_supplicant(  651): WPS:  * Model Number
02-12 10:16:30.700 D/wpa_supplicant(  651): WPS:  * Device Name
02-12 10:16:30.700 D/wpa_supplicant(  651): WPS:  * Version2 (0x20)
02-12 10:16:30.700 D/wpa_supplicant(  651): P2P: * P2P IE header
02-12 10:16:30.700 D/wpa_supplicant(  651): P2P: * Capability dev=25 group=00
02-12 10:16:30.700 D/wpa_supplicant(  651): P2P: * Listen Channel: Regulatory Class 81 Channel 11
02-12 10:16:30.700 D/wpa_supplicant(  651): wlan0: nl80211: scan request
02-12 10:16:30.760 D/wpa_supplicant(  651): Scan requested (ret=0) - scan timeout 30 seconds
02-12 10:16:30.760 D/wpa_supplicant(  651): nl80211: Drv Event 33 (NL80211_CMD_TRIGGER_SCAN) received for wlan0
02-12 10:16:30.760 D/wpa_supplicant(  651): wlan0: nl80211: Scan trigger
02-12 10:16:30.830 D/        (15216): droid_create_context : config id = 1 conf->NativeVisualID=1
02-12 10:16:30.830 D/        (15216): Pixel Format : GGL_PIXEL_FORMAT_RGBA_8888
02-12 10:16:30.830 I/        (15216): Requested context : GLES 2.0
02-12 10:16:31.000 D/        (15216): droid_create_context : config id = 1 conf->NativeVisualID=1
02-12 10:16:31.000 D/        (15216): Pixel Format : GGL_PIXEL_FORMAT_RGBA_8888
02-12 10:16:31.000 I/        (15216): Requested context : GLES 2.0
02-12 10:16:31.160 D/        (15216): droid_create_context : config id = 1 conf->NativeVisualID=1
02-12 10:16:31.160 D/        (15216): Pixel Format : GGL_PIXEL_FORMAT_RGBA_8888
02-12 10:16:31.160 I/        (15216): Requested context : GLES 2.0
02-12 10:16:31.310 D/        (15216): droid_create_context : config id = 1 conf->NativeVisualID=1
02-12 10:16:31.310 D/        (15216): Pixel Format : GGL_PIXEL_FORMAT_RGBA_8888
02-12 10:16:31.310 I/        (15216): Requested context : GLES 2.0
02-12 10:16:31.480 D/        (15216): droid_create_context : config id = 1 conf->NativeVisualID=1
02-12 10:16:31.480 D/        (15216): Pixel Format : GGL_PIXEL_FORMAT_RGBA_8888
02-12 10:16:31.480 I/        (15216): Requested context : GLES 2.0
02-12 10:16:31.630 D/        (15216): droid_create_context : config id = 1 conf->NativeVisualID=1
02-12 10:16:31.630 D/        (15216): Pixel Format : GGL_PIXEL_FORMAT_RGBA_8888
02-12 10:16:31.630 I/        (15216): Requested context : GLES 2.0
02-12 10:16:31.800 D/        (15216): droid_create_context : config id = 1 conf->NativeVisualID=1
02-12 10:16:31.800 D/        (15216): Pixel Format : GGL_PIXEL_FORMAT_RGBA_8888
02-12 10:16:31.800 I/        (15216): Requested context : GLES 2.0
02-12 10:16:31.870 D/wpa_supplicant(  651): nl80211: Drv Event 34 (NL80211_CMD_NEW_SCAN_RESULTS) received for wlan0
02-12 10:16:31.870 D/wpa_supplicant(  651): wlan0: nl80211: New scan results available
02-12 10:16:31.870 D/wpa_supplicant(  651): wlan0: Event SCAN_RESULTS (3) received
02-12 10:16:31.870 D/wpa_supplicant(  651): nl80211: Received scan results (19 BSSes)
02-12 10:16:31.870 D/wpa_supplicant(  651): nl80211: Survey data missing
02-12 10:16:31.870 D/wpa_supplicant(  651): wlan0: BSS: Start scan result update 218
02-12 10:16:31.870 D/wpa_supplicant(  651): wlan0: BSS: Add new id 522 BSSID 00:0f:e2:0f:9f:c1 SSID '321_WAN'
02-12 10:16:31.870 D/wpa_supplicant(  651): CTRL_IFACE monitor send - hexdump(len=39): 2f 64 61 74 61 2f 6d 69 73 63 2f 77 69 66 69 2f 73 6f 63 6b 65 74 73 2f 77 70 61 5f 63 74 72 6c ...
02-12 10:16:31.870 D/wpa_supplicant(  651): wlan0: BSS: Add new id 523 BSSID 02:09:4c:bc:de:9a SSID 'DIRECT-'
02-12 10:16:31.870 D/wpa_supplicant(  651): CTRL_IFACE monitor send - hexdump(len=39): 2f 64 61 74 61 2f 6d 69 73 63 2f 77 69 66 69 2f 73 6f 63 6b 65 74 73 2f 77 70 61 5f 63 74 72 6c ...
02-12 10:16:31.870 D/wpa_supplicant(  651): wlan0: BSS: Remove id 517 BSSID c0:cb:38:7f:c9:09 SSID '360WiFi-7908' due to no match in scan
02-12 10:16:31.870 D/wpa_supplicant(  651): CTRL_IFACE monitor send - hexdump(len=39): 2f 64 61 74 61 2f 6d 69 73 63 2f 77 69 66 69 2f 73 6f 63 6b 65 74 73 2f 77 70 61 5f 63 74 72 6c ...
02-12 10:16:31.870 D/wpa_supplicant(  651): wlan0: BSS: Remove id 514 BSSID 22:48:9a:ac:31:7f SSID 'WiFi874' due to no match in scan
02-12 10:16:31.870 D/wpa_supplicant(  651): CTRL_IFACE monitor send - hexdump(len=39): 2f 64 61 74 61 2f 6d 69 73 63 2f 77 69 66 69 2f 73 6f 63 6b 65 74 73 2f 77 70 61 5f 63 74 72 6c ...
02-12 10:16:31.870 D/wpa_supplicant(  651): wlan0: BSS: Remove id 518 BSSID 02:09:4c:74:b1:e3 SSID 'DIRECT-' due to no match in scan
02-12 10:16:31.870 D/wpa_supplicant(  651): CTRL_IFACE monitor send - hexdump(len=39): 2f 64 61 74 61 2f 6d 69 73 63 2f 77 69 66 69 2f 73 6f 63 6b 65 74 73 2f 77 70 61 5f 63 74 72 6c ...
02-12 10:16:31.870 D/wpa_supplicant(  651): BSS: last_scan_res_used=19/32 last_scan_full=0
02-12 10:16:31.870 D/wpa_supplicant(  651): wlan0: New scan results available
02-12 10:16:31.870 D/wpa_supplicant(  651): CTRL_IFACE monitor send - hexdump(len=39): 2f 64 61 74 61 2f 6d 69 73 63 2f 77 69 66 69 2f 73 6f 63 6b 65 74 73 2f 77 70 61 5f 63 74 72 6c ...
02-12 10:16:31.870 D/wpa_supplicant(  651): CTRL_IFACE monitor send - hexdump(len=39): 2f 64 61 74 61 2f 6d 69 73 63 2f 77 69 66 69 2f 73 6f 63 6b 65 74 73 2f 77 70 61 5f 63 74 72 6c ...
02-12 10:16:31.870 D/wpa_supplicant(  651): Authorize channel 1
02-12 10:16:31.870 D/wpa_supplicant(  651): Authorize channel 2
02-12 10:16:31.870 D/wpa_supplicant(  651): Authorize channel 3
02-12 10:16:31.870 D/wpa_supplicant(  651): Authorize channel 4
02-12 10:16:31.870 D/wpa_supplicant(  651): Authorize channel 5
02-12 10:16:31.870 D/wpa_supplicant(  651): Authorize channel 6
02-12 10:16:31.870 D/wpa_supplicant(  651): Authorize channel 7
02-12 10:16:31.870 D/wpa_supplicant(  651): Authorize channel 8
02-12 10:16:31.870 D/wpa_supplicant(  651): Authorize channel 9
02-12 10:16:31.870 D/wpa_supplicant(  651): Authorize channel 10
02-12 10:16:31.870 D/wpa_supplicant(  651): Authorize channel 11
02-12 10:16:31.870 D/wpa_supplicant(  651): Authorize channel 12
02-12 10:16:31.870 D/wpa_supplicant(  651): Authorize channel 13
02-12 10:16:31.870 D/wpa_supplicant(  651): Authorize channel 1
02-12 10:16:31.870 D/wpa_supplicant(  651): Authorize channel 2
02-12 10:16:31.870 D/wpa_supplicant(  651): Authorize channel 3
02-12 10:16:31.870 D/wpa_supplicant(  651): Authorize channel 4
02-12 10:16:31.870 D/wpa_supplicant(  651): Authorize channel 5
02-12 10:16:31.870 D/wpa_supplicant(  651): Authorize channel 6
02-12 10:16:31.870 D/wpa_supplicant(  651): Authorize channel 7
02-12 10:16:31.870 D/wpa_supplicant(  651): Authorize channel 8
02-12 10:16:31.870 D/wpa_supplicant(  651): Authorize channel 9
02-12 10:16:31.870 D/wpa_supplicant(  651): Authorize channel 10
02-12 10:16:31.870 D/wpa_supplicant(  651): Authorize channel 11
02-12 10:16:31.870 D/wpa_supplicant(  651): Authorize channel 12
02-12 10:16:31.870 D/wpa_supplicant(  651): Authorize channel 13
02-12 10:16:31.870 D/wpa_supplicant(  651): Add access point on channel 6
02-12 10:16:31.870 D/wpa_supplicant(  651): Add access point on channel 11
02-12 10:16:31.870 D/wpa_supplicant(  651): Add access point on channel 4
02-12 10:16:31.870 D/wpa_supplicant(  651): Add access point on channel 11
02-12 10:16:31.870 D/wpa_supplicant(  651): Add access point on channel 6
02-12 10:16:31.870 D/wpa_supplicant(  651): Add access point on channel 1
02-12 10:16:31.870 D/wpa_supplicant(  651): Add access point on channel 11
02-12 10:16:31.870 D/wpa_supplicant(  651): Add access point on channel 6
02-12 10:16:31.870 D/wpa_supplicant(  651): Add access point on channel 6
02-12 10:16:31.870 D/wpa_supplicant(  651): Add access point on channel 6
02-12 10:16:31.880 D/wpa_supplicant(  651): Add access point on channel 1
02-12 10:16:31.880 D/wpa_supplicant(  651): Add access point on channel 6
02-12 10:16:31.880 D/wpa_supplicant(  651): Add access point on channel 1
02-12 10:16:31.880 D/wpa_supplicant(  651): Add access point on channel 6
02-12 10:16:31.880 D/wpa_supplicant(  651): Add access point on channel 6
02-12 10:16:31.880 D/wpa_supplicant(  651): Add access point on channel 9
02-12 10:16:31.880 D/wpa_supplicant(  651): Add access point on channel 6
02-12 10:16:31.880 D/wpa_supplicant(  651): Add access point on channel 6
02-12 10:16:31.880 D/wpa_supplicant(  651): Add access point on channel 11
02-12 10:16:31.880 D/wpa_supplicant(  651): Add access point on channel 6
02-12 10:16:31.880 D/wpa_supplicant(  651): Add access point on channel 11
02-12 10:16:31.880 D/wpa_supplicant(  651): Add access point on channel 1
02-12 10:16:31.880 D/wpa_supplicant(  651): Best Operating channel is = 1
02-12 10:16:31.880 D/wpa_supplicant(  651): WPS: AP[0] f8:d1:11:e7:99:e8 type=0 tries=0 last_attempt=-1 sec ago blacklist=0
02-12 10:16:31.880 D/wpa_supplicant(  651): WPS: AP[1] 10:c3:7b:d2:e5:e0 type=0 tries=0 last_attempt=-1 sec ago blacklist=0
02-12 10:16:31.880 D/wpa_supplicant(  651): WPS: AP[2] b0:48:7a:20:66:6a type=0 tries=0 last_attempt=-1 sec ago blacklist=0
02-12 10:16:31.880 D/wpa_supplicant(  651): WPS: AP[3] cc:34:29:2b:26:4c type=0 tries=0 last_attempt=-1 sec ago blacklist=0
02-12 10:16:31.880 D/wpa_supplicant(  651): WPS: AP[4] cc:34:29:2c:fb:ec type=0 tries=0 last_attempt=-1 sec ago blacklist=0
02-12 10:16:31.880 D/wpa_supplicant(  651): WPS: AP[5] 44:94:fc:3d:da:38 type=0 tries=0 last_attempt=-1 sec ago blacklist=0
02-12 10:16:31.880 D/wpa_supplicant(  651): WPS: AP[6] c0:c1:c0:76:81:3c type=0 tries=0 last_attempt=-1 sec ago blacklist=0
02-12 10:16:31.880 D/wpa_supplicant(  651): WPS: AP[7] 98:fc:11:81:35:fb type=0 tries=0 last_attempt=-1 sec ago blacklist=0
02-12 10:16:31.880 D/wpa_supplicant(  651): WPS: AP[8] b0:48:7a:51:ff:cc type=0 tries=0 last_attempt=-1 sec ago blacklist=0
02-12 10:16:31.880 D/wpa_supplicant(  651): WPS: AP[9] 14:d6:4d:28:ef:c8 type=0 tries=0 last_attempt=-1 sec ago blacklist=0
02-12 10:16:31.880 D/wpa_supplicant(  651): WPS: AP[10] 7a:ff:57:00:13:56 type=0 tries=0 last_attempt=-1 sec ago blacklist=0
02-12 10:16:31.880 D/wpa_supplicant(  651): WPS: AP[11] c8:d7:19:60:62:f2 type=0 tries=0 last_attempt=-1 sec ago blacklist=0
02-12 10:16:31.880 D/wpa_supplicant(  651): WPS: AP[12] c0:a0:bb:20:3b:84 type=0 tries=0 last_attempt=-1 sec ago blacklist=0
02-12 10:16:31.880 D/wpa_supplicant(  651): WPS: AP[13] 5e:f3:70:0c:91:9a type=0 tries=0 last_attempt=-1 sec ago blacklist=0
02-12 10:16:31.880 D/wpa_supplicant(  651): WPS: AP[14] 02:09:4c:42:36:90 type=0 tries=0 last_attempt=-1 sec ago blacklist=0
02-12 10:16:31.880 D/wpa_supplicant(  651): wlan0: Selecting BSS from priority group 17
02-12 10:16:31.880 D/wpa_supplicant(  651): wlan0: 0: 6c:8b:2f:e9:d1:da ssid='ZTE_AP_1640' wpa_ie_len=0 rsn_ie_len=20 caps=0x511 level=-45
02-12 10:16:31.880 D/wpa_supplicant(  651): wlan0:    skip - SSID mismatch
02-12 10:16:31.880 D/wpa_supplicant(  651): wlan0: 1: 10:c3:7b:d2:e5:e0 ssid='ASUS_RT-AC66U-2.4G' wpa_ie_len=0 rsn_ie_len=20 caps=0x411 level=-52 wps
02-12 10:16:31.880 D/wpa_supplicant(  651): wlan0:    skip - SSID mismatch
02-12 10:16:31.880 D/wpa_supplicant(  651): wlan0: 2: f8:d1:11:e7:99:e8 ssid='videotest' wpa_ie_len=22 rsn_ie_len=20 caps=0x531 level=-53 wps
02-12 10:16:31.880 D/wpa_supplicant(  651): wlan0:    skip - SSID mismatch
02-12 10:16:31.880 D/wpa_supplicant(  651): wlan0: 3: 44:94:fc:3d:da:38 ssid='6300' wpa_ie_len=0 rsn_ie_len=20 caps=0x411 level=-55 wps
02-12 10:16:31.880 D/wpa_supplicant(  651): wlan0:    skip - SSID mismatch
02-12 10:16:31.880 D/wpa_supplicant(  651): wlan0: 4: 02:1a:11:fd:45:ed ssid='Android' wpa_ie_len=0 rsn_ie_len=20 caps=0x511 level=-56
02-12 10:16:31.880 D/wpa_supplicant(  651): wlan0:    skip - SSID mismatch
02-12 10:16:31.880 D/wpa_supplicant(  651): wlan0: 5: cc:34:29:2b:26:4c ssid='cws-test' wpa_ie_len=0 rsn_ie_len=20 caps=0x431 level=-59 wps
02-12 10:16:31.880 D/wpa_supplicant(  651): wlan0:    skip - SSID mismatch
02-12 10:16:31.880 D/wpa_supplicant(  651): wlan0: 6: 6c:8b:2f:e8:38:24 ssid='ZTE_AP_6703' wpa_ie_len=0 rsn_ie_len=20 caps=0x511 level=-61
02-12 10:16:31.880 D/wpa_supplicant(  651): wlan0:    skip - SSID mismatch
02-12 10:16:31.880 D/wpa_supplicant(  651): wlan0: 7: 98:fc:11:81:35:fb ssid='E2000E' wpa_ie_len=0 rsn_ie_len=20 caps=0x411 level=-63 wps
02-12 10:16:31.880 D/wpa_supplicant(  651): wlan0:    skip - SSID mismatch
02-12 10:16:31.880 D/wpa_supplicant(  651): wlan0: 8: cc:34:29:2c:fb:ec ssid='linksys' wpa_ie_len=22 rsn_ie_len=20 caps=0x431 level=-65 wps
02-12 10:16:31.880 D/wpa_supplicant(  651): wlan0:    skip - SSID mismatch
02-12 10:16:31.880 D/wpa_supplicant(  651): wlan0: 9: c8:d7:19:60:62:f2 ssid='E3000-2.4G' wpa_ie_len=0 rsn_ie_len=20 caps=0x411 level=-66
02-12 10:16:31.880 D/wpa_supplicant(  651): wlan0:    skip - SSID mismatch
02-12 10:16:31.880 D/wpa_supplicant(  651): wlan0: 10: e4:d3:32:c0:cf:a4 ssid='fast' wpa_ie_len=0 rsn_ie_len=20 caps=0x411 level=-67
02-12 10:16:31.880 D/wpa_supplicant(  651): wlan0:    skip - SSID mismatch
02-12 10:16:31.880 D/wpa_supplicant(  651): wlan0: 11: b0:48:7a:20:66:6a ssid='TP-LINK_20666A' wpa_ie_len=22 rsn_ie_len=20 caps=0x431 level=-67 wps
02-12 10:16:31.880 D/wpa_supplicant(  651): wlan0:    skip - SSID mismatch
02-12 10:16:31.880 D/wpa_supplicant(  651): wlan0: 12: 80:1f:02:43:fb:e8 ssid='Edimax AP' wpa_ie_len=0 rsn_ie_len=20 caps=0x411 level=-68
02-12 10:16:31.880 D/wpa_supplicant(  651): wlan0:    skip - SSID mismatch
02-12 10:16:31.880 D/wpa_supplicant(  651): wlan0: 13: 02:1a:11:fa:9e:f1 ssid='love U forever' wpa_ie_len=0 rsn_ie_len=20 caps=0x431 level=-69
02-12 10:16:31.880 D/wpa_supplicant(  651): wlan0:    skip - SSID mismatch
02-12 10:16:31.880 D/wpa_supplicant(  651): wlan0: 14: 5e:f3:70:0c:91:9a ssid='DIRECT-pl-Android_7f71' wpa_ie_len=0 rsn_ie_len=20 caps=0x411 level=-71 wps
02-12 10:16:31.880 D/wpa_supplicant(  651): wlan0:    skip - SSID mismatch
02-12 10:16:31.880 D/wpa_supplicant(  651): wlan0: 15: 00:0f:e2:0f:9f:c1 ssid='321_WAN' wpa_ie_len=28 rsn_ie_len=24 caps=0x411 level=-75
02-12 10:16:31.880 D/wpa_supplicant(  651): wlan0:    skip - SSID mismatch
02-12 10:16:31.880 D/wpa_supplicant(  651): wlan0: 16: 02:09:4c:bc:de:9a ssid='DIRECT-' wpa_ie_len=0 rsn_ie_len=0 caps=0x410 level=-82
02-12 10:16:31.880 D/wpa_supplicant(  651): wlan0:    skip - SSID mismatch
02-12 10:16:31.880 D/wpa_supplicant(  651): wlan0: 17: 50:bd:5f:4b:29:92 ssid='Internet-2' wpa_ie_len=0 rsn_ie_len=0 caps=0x421 level=-64
02-12 10:16:31.880 D/wpa_supplicant(  651): wlan0:    skip - SSID mismatch
02-12 10:16:31.880 D/wpa_supplicant(  651): wlan0: 18: e4:d3: