02-12 10:15:03.420 D/RouteManager(  183): parameter-framework:         Applying configuration "Deactivated" from domain "Routing.Configure.LPE_Mixer.IHF"
02-12 10:15:03.420 D/RouteManager(  183): parameter-framework:     } Applying configurations
02-12 10:15:03.420 D/RouteManager(  183): parameter-framework: } Configuration application request
02-12 10:15:03.420 D/RouteManager(  183): executeEnableStage: --------------- Routing Stage = Enable ---------------
02-12 10:15:03.420 D/RouteManager(  183): parameter-framework: Selection criterion changed event: Criterion name: RoutageState, current state: Path|Configure
02-12 10:15:03.420 D/RouteManager(  183): parameter-framework: Configuration application request {
02-12 10:15:03.420 D/RouteManager(  183): parameter-framework:     Applying configurations {
02-12 10:15:03.420 D/RouteManager(  183): parameter-framework:     } Applying configurations
02-12 10:15:03.420 D/RouteManager(  183): parameter-framework: } Configuration application request
02-12 10:15:03.420 D/RouteManager(  183): executeUnmuteStage: --------------- Routing Stage = Unmute ---------------
02-12 10:15:03.420 D/RouteManager(  183): parameter-framework: Selection criterion changed event: Criterion name: RoutageState, current state: Flow|Path|Configure
02-12 10:15:03.420 D/RouteManager(  183): parameter-framework: Configuration application request {
02-12 10:15:03.420 D/RouteManager(  183): parameter-framework:     Applying configurations {
02-12 10:15:03.420 D/RouteManager(  183): parameter-framework:     } Applying configurations
02-12 10:15:03.420 D/RouteManager(  183): parameter-framework: } Configuration application request
02-12 10:15:03.420 D/EVENT_THREAD(  183): void CEventThread::run() Do poll with timeout: -1
02-12 10:15:03.420 D/RouteManager(  183): reconsiderRouting: DONE
02-12 10:15:03.620 I/chromium(14159): [INFO:CONSOLE(0)] "Synchronous XMLHttpRequest on the main thread is deprecated because of its detrimental effects to the end user's experience. For more help, check http://xhr.spec.whatwg.org/.", source:  (0)
02-12 10:15:03.680 D/CordovaActivity(14159): onMessage(onPageFinished,http://127.0.0.1:8080/index.html)
02-12 10:15:04.040 D/CordovaActivity(14159): onMessage(spinner,stop)
02-12 10:15:04.060 D/        (14159): Pixel Format : GGL_PIXEL_FORMAT_RGBA_8888
02-12 10:15:04.060 D/        (14159): droid_create_context : config id = 1 conf->NativeVisualID=1
02-12 10:15:04.060 D/        (14159): Pixel Format : GGL_PIXEL_FORMAT_RGBA_8888
02-12 10:15:04.060 I/        (14159): Requested context : GLES 2.0
02-12 10:15:04.100 D/        (14159): Swap interval set to = 1 value
02-12 10:15:04.150 D/        (14159): Pixel Format : GGL_PIXEL_FORMAT_RGBA_8888
02-12 10:15:04.150 D/        (14159): droid_create_context : config id = 1 conf->NativeVisualID=1
02-12 10:15:04.150 D/        (14159): Pixel Format : GGL_PIXEL_FORMAT_RGBA_8888
02-12 10:15:04.150 I/        (14159): Requested context : GLES 2.0
02-12 10:15:04.820 D/        (14159): droid_create_context : config id = 1 conf->NativeVisualID=1
02-12 10:15:04.820 D/        (14159): Pixel Format : GGL_PIXEL_FORMAT_RGBA_8888
02-12 10:15:04.820 I/        (14159): Requested context : GLES 2.0
02-12 10:15:04.870 D/        (14159): droid_create_context : config id = 1 conf->NativeVisualID=1
02-12 10:15:04.870 D/        (14159): Pixel Format : GGL_PIXEL_FORMAT_RGBA_8888
02-12 10:15:04.870 I/        (14159): Requested context : GLES 2.0
02-12 10:15:05.070 D/        (14159): droid_create_context : config id = 1 conf->NativeVisualID=1
02-12 10:15:05.070 D/        (14159): Pixel Format : GGL_PIXEL_FORMAT_RGBA_8888
02-12 10:15:05.070 I/        (14159): Requested context : GLES 2.0
02-12 10:15:05.110 D/        (14159): droid_create_context : config id = 1 conf->NativeVisualID=1
02-12 10:15:05.110 D/        (14159): Pixel Format : GGL_PIXEL_FORMAT_RGBA_8888
02-12 10:15:05.110 I/        (14159): Requested context : GLES 2.0
02-12 10:15:05.670 D/CordovaActivity(14159): onMessage(spinner,stop)
02-12 10:15:06.330 W/ufoGralloc(  171): registerBuffer() handle 0xb8b942a0/36 didn't require registration
02-12 10:15:06.350 D/CordovaActivity(14159): Paused the application!
02-12 10:15:06.350 D/CordovaWebView(14159): Handle the pause
02-12 10:15:06.350 D/WindowManager(  504): adjustConfigurationLw, config:{1.0 ?mcc?mnc ?locale ?layoutDir sw600dp w600dp h888dp 213dpi lrg port ?uimode ?night finger -keyb/v/h -nav/v} mLidState:1 mHasDockFeature:false mHasKeyboardFeature:false mHasHallSensorFeature:true config.hardKeyboardHidden:2
02-12 10:15:06.360 I/ActivityManager(  504): [TopPkgCurBat]	NowPkgName[com.asus.launcher]	Battery[100]	TimeTick[1423707306371]	OldPkgName[org.xwalk.webapi_service_tests]
02-12 10:15:06.360 V/WeatherTimeProvider( 1511): widget on Visibility Changed
02-12 10:15:06.370 I/chromium(14159): [INFO:CONSOLE(1)] "exception firing pause event from native", source:  (1)
02-12 10:15:06.370 D/        (  675): Pixel Format : GGL_PIXEL_FORMAT_RGBA_8888
02-12 10:15:06.380 W/IInputConnectionWrapper(14159): showStatusIcon on inactive InputConnection
02-12 10:15:06.380 D/XT9IME  (  722): new subtype :zh_CN ,pinyin
02-12 10:15:06.380 D/XT9IME  (  722): new subtype :zh_CN ,pinyin
02-12 10:15:06.410 D/BatteryStatsImpl(  504): noteStopWakeLocked system isFromForeground = false
02-12 10:15:06.410 D/ImageWallpaper(  566): onVisibilityChanged: mVisible, visible=false, true
02-12 10:15:06.410 D/ImageWallpaper(  566): Visibility changed to visible=true
02-12 10:15:06.410 D/ImageWallpaper(  566): Suppressed drawFrame since redraw is not needed and offsets have not changed.
02-12 10:15:06.440 D/        (14159): Surface destroy: ANDROID_NATIVE_WINDOW_MAGIC
02-12 10:15:06.440 D/        (14159): Surface destroy: ANDROID_NATIVE_WINDOW_MAGIC
02-12 10:15:06.820 D/        (14159): Pixel Format : GGL_PIXEL_FORMAT_RGBA_8888
02-12 10:15:06.820 I/ActivityManager(  504): Killing 11296:com.android.musicfx/u0a17 (adj 15): empty #9
02-12 10:15:06.830 D/CordovaActivity(14159): CordovaActivity.onDestroy()
02-12 10:15:06.830 D/CordovaWebView(14159): >>> loadUrlNow()
02-12 10:15:06.830 W/ScreenOrientationListener(14159): Removing an inexistent observer!
02-12 10:15:06.900 I/SecurityManagerService(  621): SMS received security event: App[STOP/com.android.musicfx]
02-12 10:15:06.900 D/dalvikvm(  675): GC_FOR_ALLOC freed 282K, 31% free 11244K/16240K, paused 6ms, total 6ms
02-12 10:15:07.800 D/AndroidRuntime(14226): 
02-12 10:15:07.800 D/AndroidRuntime(14226): >>>>>> AndroidRuntime START com.android.internal.os.RuntimeInit <<<<<<
02-12 10:15:07.810 D/AndroidRuntime(14226): CheckJNI is OFF
02-12 10:15:07.810 I/AndroidRuntime(14226): Kernel Release Version: 3.10.20-gf818079
02-12 10:15:07.810 I/dalvikvm(14226): No library specified. The standard exception handler will be used
02-12 10:15:07.820 I/dalvikvm(14226): 
02-12 10:15:07.820 I/dalvikvm(14226): +++++++++++++ Using PCG. +++++++++++++++++++++
02-12 10:15:07.830 D/dalvikvm(14226): Trying to load lib libjavacore.so 0x0
02-12 10:15:07.830 D/dalvikvm(14226): Added shared lib libjavacore.so 0x0
02-12 10:15:07.840 D/dalvikvm(14226): Trying to load lib libnativehelper.so 0x0
02-12 10:15:07.840 D/dalvikvm(14226): Added shared lib libnativehelper.so 0x0
02-12 10:15:07.840 D/dalvikvm(14226): No JNI_OnLoad found in libnativehelper.so 0x0, skipping init
02-12 10:15:07.840 D/dalvikvm(14226): Extra Options: not specified
02-12 10:15:07.860 D/dalvikvm(14226): Note: class Landroid/app/ActivityManagerNative; has 186 unimplemented (abstract) methods
02-12 10:15:07.950 E/memtrack(14226): Couldn't load memtrack module (No such file or directory)
02-12 10:15:07.950 E/android.os.Debug(14226): failed to load memtrack module: -2
02-12 10:15:07.980 D/AndroidRuntime(14226): Calling main entry com.android.commands.am.Am
02-12 10:15:08.010 I/ActivityManager(  504): Force stopping org.xwalk.webapi_service_tests appid=10266 user=0: from pid 14226
02-12 10:15:08.010 I/SecurityManagerService(  621): SMS received security event: App[STOP/org.xwalk.webapi_service_tests]
02-12 10:15:08.010 D/AndroidRuntime(14226): Shutting down VM
02-12 10:15:08.010 I/ActivityManager(  504): Killing 14159:org.xwalk.webapi_service_tests/u0a266 (adj 9): stop org.xwalk.webapi_service_tests
02-12 10:15:08.020 D/dalvikvm(14226): GC_CONCURRENT freed 108K, 16% free 638K/760K, paused 0ms+0ms, total 1ms
02-12 10:15:08.030 D/dalvikvm(14226): Compiler shutdown in progress - discarding request
02-12 10:15:08.030 D/dalvikvm(14226): Compiler shutdown in progress - discarding request
02-12 10:15:08.030 D/dalvikvm(14226): Compiler shutdown in progress - discarding request
02-12 10:15:08.030 D/dalvikvm(14226): Compiler shutdown in progress - discarding request
02-12 10:15:08.030 D/dalvikvm(14226): Compiler shutdown in progress - discarding request
02-12 10:15:08.030 D/dalvikvm(14226): Compiler shutdown in progress - discarding request
02-12 10:15:08.030 D/dalvikvm(14226): Compiler shutdown in progress - discarding request
02-12 10:15:08.030 D/dalvikvm(14226): Compiler shutdown in progress - discarding request
02-12 10:15:08.030 D/dalvikvm(14226): Compiler shutdown in progress - discarding request
02-12 10:15:08.030 D/dalvikvm(14226): Compiler shutdown in progress - discarding request
02-12 10:15:08.030 D/dalvikvm(14226): Compiler shutdown in progress - discarding request
02-12 10:15:08.030 D/dalvikvm(14226): Compiler shutdown in progress - discarding request
02-12 10:15:08.030 D/dalvikvm(14226): Compiler shutdown in progress - discarding request
02-12 10:15:08.030 D/dalvikvm(14226): Compiler shutdown in progress - discarding request
02-12 10:15:08.030 D/dalvikvm(14226): Compiler shutdown in progress - discarding request
02-12 10:15:08.030 D/dalvikvm(14226): Compiler shutdown in progress - discarding request
02-12 10:15:08.030 D/dalvikvm(14226): Compiler shutdown in progress - discarding request
02-12 10:15:08.030 D/dalvikvm(14226): Compiler shutdown in progress - discarding request
02-12 10:15:08.030 D/dalvikvm(14226): Compiler shutdown in progress - discarding request
02-12 10:15:08.030 D/dalvikvm(14226): Compiler shutdown in progress - discarding request
02-12 10:15:08.030 D/dalvikvm(14226): Compiler shutdown in progress - discarding request
02-12 10:15:08.030 D/dalvikvm(14226): Compiler shutdown in progress - discarding request
02-12 10:15:08.030 D/dalvikvm(14226): Compiler shutdown in progress - discarding request
02-12 10:15:08.030 D/dalvikvm(14226): Compiler shutdown in progress - discarding request
02-12 10:15:08.030 D/dalvikvm(14226): Compiler shutdown in progress - discarding request
02-12 10:15:08.030 D/dalvikvm(14226): Compiler shutdown in progress - discarding request
02-12 10:15:08.030 D/dalvikvm(14226): Compiler shutdown in progress - discarding request
02-12 10:15:08.030 D/dalvikvm(14226): Compiler shutdown in progress - discarding request
02-12 10:15:08.030 D/dalvikvm(14226): Compiler shutdown in progress - discarding request
02-12 10:15:08.030 D/dalvikvm(14226): Compiler shutdown in progress - discarding request
02-12 10:15:08.030 D/dalvikvm(14226): Compiler shutdown in progress - discarding request
02-12 10:15:08.030 D/dalvikvm(14226): Compiler shutdown in progress - discarding request
02-12 10:15:08.030 D/dalvikvm(14226): Compiler shutdown in progress - discarding request
02-12 10:15:08.030 D/dalvikvm(14226): Compiler shutdown in progress - discarding request
02-12 10:15:08.030 D/dalvikvm(14226): Compiler shutdown in progress - discarding request
02-12 10:15:08.030 D/dalvikvm(14226): Compiler shutdown in progress - discarding request
02-12 10:15:08.030 D/dalvikvm(14226): Compiler shutdown in progress - discarding request
02-12 10:15:08.030 D/dalvikvm(14226): Compiler shutdown in progress - discarding request
02-12 10:15:08.030 D/dalvikvm(14226): Compiler shutdown in progress - discarding request
02-12 10:15:08.030 D/dalvikvm(14226): Compiler shutdown in progress - discarding request
02-12 10:15:08.030 D/dalvikvm(14226): Compiler shutdown in progress - discarding request
02-12 10:15:08.030 D/dalvikvm(14226): Compiler shutdown in progress - discarding request
02-12 10:15:08.030 D/dalvikvm(14226): Compiler shutdown in progress - discarding request
02-12 10:15:08.300 D/wpa_supplicant(  651): wlan0: Starting AP scan for wildcard SSID
02-12 10:15:08.300 D/wpa_supplicant(  651): WPS: Building WPS IE for Probe Request
02-12 10:15:08.300 D/wpa_supplicant(  651): WPS:  * Version (hardcoded 0x10)
02-12 10:15:08.300 D/wpa_supplicant(  651): WPS:  * Request Type
02-12 10:15:08.300 D/wpa_supplicant(  651): WPS:  * Config Methods (4288)
02-12 10:15:08.300 D/wpa_supplicant(  651): WPS:  * UUID-E
02-12 10:15:08.300 D/wpa_supplicant(  651): WPS:  * Primary Device Type
02-12 10:15:08.300 D/wpa_supplicant(  651): WPS:  * RF Bands (1)
02-12 10:15:08.300 D/wpa_supplicant(  651): WPS:  * Association State
02-12 10:15:08.300 D/wpa_supplicant(  651): WPS:  * Configuration Error (0)
02-12 10:15:08.300 D/wpa_supplicant(  651): WPS:  * Device Password ID (0)
02-12 10:15:08.300 D/wpa_supplicant(  651): WPS:  * Manufacturer
02-12 10:15:08.300 D/wpa_supplicant(  651): WPS:  * Model Name
02-12 10:15:08.300 D/wpa_supplicant(  651): WPS:  * Model Number
02-12 10:15:08.300 D/wpa_supplicant(  651): WPS:  * Device Name
02-12 10:15:08.300 D/wpa_supplicant(  651): WPS:  * Version2 (0x20)
02-12 10:15:08.300 D/wpa_supplicant(  651): P2P: * P2P IE header
02-12 10:15:08.300 D/wpa_supplicant(  651): P2P: * Capability dev=25 group=00
02-12 10:15:08.300 D/wpa_supplicant(  651): P2P: * Listen Channel: Regulatory Class 81 Channel 11
02-12 10:15:08.300 D/wpa_supplicant(  651): wlan0: nl80211: scan request
02-12 10:15:08.360 D/wpa_supplicant(  651): Scan requested (ret=0) - scan timeout 30 seconds
02-12 10:15:08.360 D/wpa_supplicant(  651): nl80211: Drv Event 33 (NL80211_CMD_TRIGGER_SCAN) received for wlan0
02-12 10:15:08.360 D/wpa_supplicant(  651): wlan0: nl80211: Scan trigger
--------- beginning of /dev/log/main
02-12 10:15:09.490 D/wpa_supplicant(  651): RTM_NEWLINK: operstate=0 ifi_flags=0x11003 ([UP][LOWER_UP])
02-12 10:15:09.490 D/wpa_supplicant(  651): RTM_NEWLINK, IFLA_IFNAME: Interface 'wlan0' added
02-12 10:15:09.490 D/wpa_supplicant(  651): nl80211: if_removed already cleared - ignore event
02-12 10:15:09.490 D/wpa_supplicant(  651): nl80211: Drv Event 34 (NL80211_CMD_NEW_SCAN_RESULTS) received for wlan0
02-12 10:15:09.490 D/wpa_supplicant(  651): wlan0: nl80211: New scan results available
02-12 10:15:09.490 D/wpa_supplicant(  651): wlan0: Event SCAN_RESULTS (3) received
02-12 10:15:09.490 D/wpa_supplicant(  651): nl80211: Received scan results (20 BSSes)
02-12 10:15:09.490 D/wpa_supplicant(  651): nl80211: Survey data missing
02-12 10:15:09.490 D/wpa_supplicant(  651): wlan0: BSS: Start scan result update 216
02-12 10:15:09.490 D/wpa_supplicant(  651): wlan0: BSS: Add new id 518 BSSID 02:09:4c:74:b1:e3 SSID 'DIRECT-'
02-12 10:15:09.490 D/wpa_supplicant(  651): CTRL_IFACE monitor send - hexdump(len=39): 2f 64 61 74 61 2f 6d 69 73 63 2f 77 69 66 69 2f 73 6f 63 6b 65 74 73 2f 77 70 61 5f 63 74 72 6c ...
02-12 10:15:09.490 I/WifiHW  (  504): EVENT: IFNAME=wlan0 CTRL-EVENT-BSS-ADDED 518 02:09:4c:74:b1:e3
02-12 10:15:09.490 D/wpa_supplicant(  651): wlan0: BSS: Remove id 486 BSSID 6c:8b:2f:e8:38:24 SSID 'ZTE_AP_6703' due to no match in scan
02-12 10:15:09.490 D/wpa_supplicant(  651): CTRL_IFACE monitor send - hexdump(len=39): 2f 64 61 74 61 2f 6d 69 73 63 2f 77 69 66 69 2f 73 6f 63 6b 65 74 73 2f 77 70 61 5f 63 74 72 6c ...
02-12 10:15:09.490 I/WifiHW  (  504): EVENT: IFNAME=wlan0 CTRL-EVENT-BSS-REMOVED 486 6c:8b:2f:e8:38:24
02-12 10:15:09.490 D/wpa_supplicant(  651): wlan0: BSS: Remove id 489 BSSID 74:e5:43:24:f4:5b SSID 'Dttest' due to no match in scan
02-12 10:15:09.490 D/wpa_supplicant(  651): CTRL_IFACE monitor send - hexdump(len=39): 2f 64 61 74 61 2f 6d 69 73 63 2f 77 69 66 69 2f 73 6f 63 6b 65 74 73 2f 77 70 61 5f 63 74 72 6c ...
02-12 10:15:09.490 I/WifiHW  (  504): EVENT: IFNAME=wlan0 CTRL-EVENT-BSS-REMOVED 489 74:e5:43:24:f4:5b
02-12 10:15:09.490 D/wpa_supplicant(  651): wlan0: BSS: Remove id 515 BSSID 14:d6:4d:28:ef:c8 SSID 'dlink' due to no match in scan
02-12 10:15:09.490 D/wpa_supplicant(  651): CTRL_IFACE monitor send - hexdump(len=39): 2f 64 61 74 61 2f 6d 69 73 63 2f 77 69 66 69 2f 73 6f 63 6b 65 74 73 2f 77 70 61 5f 63 74 72 6c ...
02-12 10:15:09.490 I/WifiHW  (  504): EVENT: IFNAME=wlan0 CTRL-EVENT-BSS-REMOVED 515 14:d6:4d:28:ef:c8
02-12 10:15:09.490 D/wpa_supplicant(  651): BSS: last_scan_res_used=20/32 last_scan_full=0
02-12 10:15:09.490 D/wpa_supplicant(  651): wlan0: New scan results available
02-12 10:15:09.490 D/wpa_supplicant(  651): CTRL_IFACE monitor send - hexdump(len=39): 2f 64 61 74 61 2f 6d 69 73 63 2f 77 69 66 69 2f 73 6f 63 6b 65 74 73 2f 77 70 61 5f 63 74 72 6c ...
02-12 10:15:09.490 D/wpa_supplicant(  651): CTRL_IFACE monitor send - hexdump(len=39): 2f 64 61 74 61 2f 6d 69 73 63 2f 77 69 66 69 2f 73 6f 63 6b 65 74 73 2f 77 70 61 5f 63 74 72 6c ...
02-12 10:15:09.490 D/wpa_supplicant(  651): Authorize channel 1
02-12 10:15:09.490 D/wpa_supplicant(  651): Authorize channel 2
02-12 10:15:09.490 D/wpa_supplicant(  651): Authorize channel 3
02-12 10:15:09.490 D/wpa_supplicant(  651): Authorize channel 4
02-12 10:15:09.490 D/wpa_supplicant(  651): Authorize channel 5
02-12 10:15:09.490 D/wpa_supplicant(  651): Authorize channel 6
02-12 10:15:09.490 D/wpa_supplicant(  651): Authorize channel 7
02-12 10:15:09.490 D/wpa_supplicant(  651): Authorize channel 8
02-12 10:15:09.490 D/wpa_supplicant(  651): Authorize channel 9
02-12 10:15:09.490 D/wpa_supplicant(  651): Authorize channel 10
02-12 10:15:09.490 D/wpa_supplicant(  651): Authorize channel 11
02-12 10:15:09.490 D/wpa_supplicant(  651): Authorize channel 12
02-12 10:15:09.490 D/wpa_supplicant(  651): Authorize channel 13
02-12 10:15:09.490 D/wpa_supplicant(  651): Authorize channel 1
02-12 10:15:09.490 D/wpa_supplicant(  651): Authorize channel 2
02-12 10:15:09.490 D/wpa_supplicant(  651): Authorize channel 3
02-12 10:15:09.490 D/wpa_supplicant(  651): Authorize channel 4
02-12 10:15:09.490 D/wpa_supplicant(  651): Authorize channel 5
02-12 10:15:09.490 D/wpa_supplicant(  651): Authorize channel 6
02-12 10:15:09.490 D/wpa_supplicant(  651): Authorize channel 7
02-12 10:15:09.490 D/wpa_supplicant(  651): Authorize channel 8
02-12 10:15:09.490 D/wpa_supplicant(  651): Authorize channel 9
02-12 10:15:09.490 D/wpa_supplicant(  651): Authorize channel 10
02-12 10:15:09.490 D/wpa_supplicant(  651): Authorize channel 11
02-12 10:15:09.490 D/wpa_supplicant(  651): Authorize channel 12
02-12 10:15:09.490 D/wpa_supplicant(  651): Authorize channel 13
02-12 10:15:09.490 D/wpa_supplicant(  651): Add access point on channel 6
02-12 10:15:09.490 D/wpa_supplicant(  651): Add access point on channel 11
02-12 10:15:09.490 D/wpa_supplicant(  651): Add access point on channel 4
02-12 10:15:09.490 D/wpa_supplicant(  651): Add access point on channel 11
02-12 10:15:09.490 D/wpa_supplicant(  651): Add access point on channel 6
02-12 10:15:09.490 D/wpa_supplicant(  651): Add access point on channel 1
02-12 10:15:09.490 D/wpa_supplicant(  651): Add access point on channel 11
02-12 10:15:09.490 D/wpa_supplicant(  651): Add access point on channel 6
02-12 10:15:09.490 D/wpa_supplicant(  651): Add access point on channel 6
02-12 10:15:09.490 D/wpa_supplicant(  651): Add access point on channel 6
02-12 10:15:09.490 D/wpa_supplicant(  651): Add access point on channel 1
02-12 10:15:09.490 D/wpa_supplicant(  651): Add access point on channel 6
02-12 10:15:09.490 D/wpa_supplicant(  651): Add access point on channel 1
02-12 10:15:09.490 D/wpa_supplicant(  651): Add access point on channel 6
02-12 10:15:09.490 D/wpa_supplicant(  651): Add access point on channel 6
02-12 10:15:09.490 D/wpa_supplicant(  651): Add access point on channel 9
02-12 10:15:09.490 D/wpa_supplicant(  651): Add access point on channel 8
02-12 10:15:09.490 D/wpa_supplicant(  651): Add access point on channel 11
02-12 10:15:09.490 D/wpa_supplicant(  651): Add access point on channel 6
02-12 10:15:09.490 D/wpa_supplicant(  651): Add access point on channel 6
02-12 10:15:09.490 D/wpa_supplicant(  651): Add access point on channel 6
02-12 10:15:09.490 D/wpa_supplicant(  651): Add access point on channel 6
02-12 10:15:09.490 D/wpa_supplicant(  651): Add access point on channel 1
02-12 10:15:09.490 D/wpa_supplicant(  651): Best Operating channel is = 1
02-12 10:15:09.490 D/wpa_supplicant(  651): WPS: AP[0] f8:d1:11:e7:99:e8 type=0 tries=0 last_attempt=-1 sec ago blacklist=0
02-12 10:15:09.490 D/wpa_supplicant(  651): WPS: AP[1] 10:c3:7b:d2:e5:e0 type=0 tries=0 last_attempt=-1 sec ago blacklist=0
02-12 10:15:09.490 D/wpa_supplicant(  651): WPS: AP[2] b0:48:7a:20:66:6a type=0 tries=0 last_attempt=-1 sec ago blacklist=0
02-12 10:15:09.490 D/wpa_supplicant(  651): WPS: AP[3] cc:34:29:2b:26:4c type=0 tries=0 last_attempt=-1 sec ago blacklist=0
02-12 10:15:09.490 D/wpa_supplicant(  651): WPS: AP[4] cc:34:29:2c:fb:ec type=0 tries=0 last_attempt=-1 sec ago blacklist=0
02-12 10:15:09.490 D/wpa_supplicant(  651): WPS: AP[5] 44:94:fc:3d:da:38 type=0 tries=0 last_attempt=-1 sec ago blacklist=0
02-12 10:15:09.490 D/wpa_supplicant(  651): WPS: AP[6] c0:c1:c0:76:81:3c type=0 tries=0 last_attempt=-1 sec ago blacklist=0
02-12 10:15:09.490 D/wpa_supplicant(  651): WPS: AP[7] 98:fc:11:81:35:fb type=0 tries=0 last_attempt=-1 sec ago blacklist=0
02-12 10:15:09.490 D/wpa_supplicant(  651): WPS: AP[8] b0:48:7a:51:ff:cc type=0 tries=0 last_attempt=-1 sec ago blacklist=0
02-12 10:15:09.490 D/wpa_supplicant(  651): WPS: AP[9] 14:d6:4d:28:ef:c8 type=0 tries=0 last_attempt=-1 sec ago blacklist=0
02-12 10:15:09.490 D/wpa_supplicant(  651): WPS: AP[10] 7a:ff:57:00:13:56 type=0 tries=0 last_attempt=-1 sec ago blacklist=0
02-12 10:15:09.490 D/wpa_supplicant(  651): WPS: AP[11] c8:d7:19:60:62:f2 type=0 tries=0 last_attempt=-1 sec ago blacklist=0
02-12 10:15:09.490 D/wpa_supplicant(  651): WPS: AP[12] c0:a0:bb:20:3b:84 type=0 tries=0 last_attempt=-1 sec ago blacklist=0
02-12 10:15:09.490 D/wpa_supplicant(  651): WPS: AP[13] 5e:f3:70:0c:91:9a type=0 tries=0 last_attempt=-1 sec ago blacklist=0
02-12 10:15:09.490 D/wpa_supplicant(  651): WPS: AP[14] 02:09:4c:42:36:90 type=0 tries=0 last_attempt=-1 sec ago blacklist=0
02-12 10:15:09.490 D/wpa_supplicant(  651): wlan0: Selecting BSS from priority group 17
02-12 10:15:09.490 D/wpa_supplicant(  651): wlan0: 0: 6c:8b:2f:e9:d1:da ssid='ZTE_AP_1640' wpa_ie_len=0 rsn_ie_len=20 caps=0x511 level=-45
02-12 10:15:09.490 D/wpa_supplicant(  651): wlan0:    skip - SSID mismatch
02-12 10:15:09.490 D/wpa_supplicant(  651): wlan0: 1: c8:d7:19:60:62:f2 ssid='E3000-2.4G' wpa_ie_len=0 rsn_ie_len=20 caps=0x411 level=-49
02-12 10:15:09.490 D/wpa_supplicant(  651): wlan0:    skip - SSID mismatch
02-12 10:15:09.490 D/wpa_supplicant(  651): wlan0: 2: 10:c3:7b:d2:e5:e0 ssid='ASUS_RT-AC66U-2.4G' wpa_ie_len=0 rsn_ie_len=20 caps=0x411 level=-52 wps
02-12 10:15:09.490 D/wpa_supplicant(  651): wlan0:    skip - SSID mismatch
02-12 10:15:09.490 D/wpa_supplicant(  651): wlan0: 3: 44:94:fc:3d:da:38 ssid='6300' wpa_ie_len=0 rsn_ie_len=20 caps=0x411 level=-57 wps
02-12 10:15:09.490 D/wpa_supplicant(  651): wlan0:    skip - SSID mismatch
02-12 10:15:09.490 D/wpa_supplicant(  651): wlan0: 4: f8:d1:11:e7:99:e8 ssid='videotest' wpa_ie_len=22 rsn_ie_len=20 caps=0x531 level=-57 wps
02-12 10:15:09.490 D/wpa_supplicant(  651): wlan0:    skip - SSID mismatch
02-12 10:15:09.490 D/wpa_supplicant(  651): wlan0: 5: 02:1a:11:fd:45:ed ssid='Android' wpa_ie_len=0 rsn_ie_len=20 caps=0x511 level=-61
02-12 10:15:09.490 D/wpa_supplicant(  651): wlan0:    skip - SSID mismatch
02-12 10:15:09.490 D/wpa_supplicant(  651): wlan0: 6: b0:48:7a:20:66:6a ssid='TP-LINK_20666A' wpa_ie_len=22 rsn_ie_len=20 caps=0x431 level=-62 wps
02-12 10:15:09.490 D/wpa_supplicant(  651): wlan0:    skip - SSID mismatch
02-12 10:15:09.490 D/wpa_supplicant(  651): wlan0: 7: c0:c1:c0:76:81:3c ssid='E2000' wpa_ie_len=0 rsn_ie_len=20 caps=0x411 level=-62 wps
02-12 10:15:09.490 D/wpa_supplicant(  651): wlan0:    skip - SSID mismatch
02-12 10:15:09.490 D/wpa_supplicant(  651): wlan0: 8: 02:1a:11:fa:9e:f1 ssid='love U forever' wpa_ie_len=0 rsn_ie_len=20 caps=0x431 level=-63
02-12 10:15:09.490 D/wpa_supplicant(  651): wlan0:    skip - SSID mismatch
02-12 10:15:09.490 D/wpa_supplicant(  651): wlan0: 9: cc:34:29:2b:26:4c ssid='cws-test' wpa_ie_len=0 rsn_ie_len=20 caps=0x431 level=-67 wps
02-12 10:15:09.490 D/wpa_supplicant(  651): wlan0:    skip - SSID mismatch
02-12 10:15:09.490 D/wpa_supplicant(  651): wlan0: 10: c0:cb:38:7f:c9:09 ssid='360WiFi-7908' wpa_ie_len=0 rsn_ie_len=20 caps=0x511 level=-67
02-12 10:15:09.490 D/wpa_supplicant(  651): wlan0:    skip - SSID mismatch
02-12 10:15:09.490 D/wpa_supplicant(  651): wlan0: 11: cc:34:29:2c:fb:ec ssid='linksys' wpa_ie_len=22 rsn_ie_len=20 caps=0x431 level=-69 wps
02-12 10:15:09.490 D/wpa_supplicant(  651): wlan0:    skip - SSID mismatch
02-12 10:15:09.490 D/wpa_supplicant(  651): wlan0: 12: e4:d3:32:c0:cf:a4 ssid='fast' wpa_ie_len=0 rsn_ie_len=20 caps=0x411 level=-69
02-12 10:15:09.490 D/wpa_supplicant(  651): wlan0:    skip - SSID mismatch
02-12 10:15:09.490 D/wpa_supplicant(  651): wlan0: 13: b0:48:7a:51:ff:cc ssid='Neusoft TP' wpa_ie_len=22 rsn_ie_len=20 caps=0x431 level=-71
02-12 10:15:09.490 D/wpa_supplicant(  651): wlan0:    skip - SSID mismatch
02-12 10:15:09.490 D/wpa_supplicant(  651): wlan0: 14: 98:fc:11:81:35:fb ssid='E2000E' wpa_ie_len=0 rsn_ie_len=20 caps=0x411 level=-71 wps
02-12 10:15:09.490 D/wpa_supplicant(  651): wlan0:    skip - SSID mismatch
02-12 10:15:09.490 D/wpa_supplicant(  651): wlan0: 15: 22:48:9a:ac:31:7f ssid='WiFi874' wpa_ie_len=0 rsn_ie_len=20 caps=0x431 level=-73
02-12 10:15:09.490 D/wpa_supplicant(  651): wlan0:    skip - SSID mismatch
02-12 10:15:09.490 D/wpa_supplicant(  651): wlan0: 16: 80:1f:02:43:fb:e8 ssid='Edimax AP' wpa_ie_len=0 rsn_ie_len=20 caps=0x411 level=-74
02-12 10:15:09.490 D/wpa_supplicant(  651): wlan0:    skip - SSID mismatch
02-12 10:15:09.490 D/wpa_supplicant(  651): wlan0: 17: 02:09:4c:74:b1:e3 ssid='DIRECT-' wpa_ie_len=0 rsn_ie_len=0 caps=0x410 level=-72
02-12 10:15:09.490 D/wpa_supplicant(  651): wlan0:    skip - SSID mismatch
02-12 10:15:09.490 D/wpa_supplicant(  651): wlan0: 18: 50:bd:5f:4b:29:92 ssid='Internet-2' wpa_ie_len=0 rsn_ie_len=0 caps=0x421 level=-61
02-12 10:15:09.490 D/wpa_supplicant(  651): wlan0:    skip - SSID mismatch
02-12 10:15:09.490 D/wpa_supplicant(  651): wlan0: 19: e4:d3:32:dd:18:62 ssid='Internet' wpa_ie_len=0 rsn_ie_len=0 caps=0x421 level=-67
02-12 10:15:09.490 D/wpa_supplicant(  651): wlan0:    skip - SSID mismatch
02-12 10:15:09.490 D/wpa_supplicant(  651): wlan0: Selecting BSS from priority group 15
02-12 10:15:09.490 D/wpa_supplicant(  651): wlan0: 0: 6c:8b:2f:e9:d1:da ssid='ZTE_AP_1640' wpa_ie_len=0 rsn_ie_len=20 caps=0x511 level=-45
02-12 10:15:09.490 D/wpa_supplicant(  651): wlan0:    skip - SSID mismatch
02-12 10:15:09.490 D/wpa_supplicant(  651): wlan0: 1: c8:d7:19:60:62:f2 ssid='E3000-2.4G' wpa_ie_len=0 rsn_ie_len=20 caps=0x411 level=-49
02-12 10:15:09.490 D/wpa_supplicant(  651): wlan0:    skip - SSID mismatch
02-12 10:15:09.490 D/wpa_supplicant(  651): wlan0: 2: 10:c3:7b:d2:e5:e0 ssid='ASUS_RT-AC66U-2.4G' wpa_ie_len=0 rsn_ie_len=20 caps=0x411 level=-52 wps
02-12 10:15:09.490 D/wpa_supplicant(  651): wlan0:    skip - SSID mismatch
02-12 10:15:09.490 D/wpa_supplicant(  651): wlan0: 3: 44:94:fc:3d:da:38 ssid='6300' wpa_ie_len=0 rsn_ie_len=20 caps=0x411 level=-57 wps
02-12 10:15:09.490 D/wpa_supplicant(  651): wlan0:    skip - SSID mismatch
02-12 10:15:09.490 D/wpa_supplicant(  651): wlan0: 4: f8:d1:11:e7:99:e8 ssid='videotest' wpa_ie_len=22 rsn_ie_len=20 caps=0x531 level=-57 wps
02-12 10:15:09.490 D/wpa_supplicant(  651): wlan0:    skip - SSID mismatch
02-12 10:15:09.490 D/wpa_supplicant(  651): wlan0: 5: 02:1a:11:fd:45:ed ssid='Android' wpa_ie_len=0 rsn_ie_len=20 caps=0x511 level=-61
02-12 10:15:09.490 D/wpa_supplicant(  651): wlan0:    skip - SSID mismatch
02-12 10:15:09.490 D/wpa_supplicant(  651): wlan0: 6: b0:48:7a:20:66:6a ssid='TP-LINK_20666A' wpa_ie_len=22 rsn_ie_len=20 caps=0x431 level=-62 wps
02-12 10:15:09.490 D/wpa_supplicant(  651): wlan0:    skip - SSID mismatch
02-12 10:15:09.490 D/wpa_supplicant(  651): wlan0: 7: c0:c1:c0:76:81:3c ssid='E2000' wpa_ie_len=0 rsn_ie_len=20 caps=0x411 level=-62 wps
02-12 10:15:09.490 D/wpa_supplicant(  651): wlan0:    skip - SSID mismatch
02-12 10:15:09.490 D/wpa_supplicant(  651): wlan0: 8: 02:1a:11:fa:9e:f1 ssid='love U forever' wpa_ie_len=0 rsn_ie_len=20 caps=0x431 level=-63
02-12 10:15:09.490 D/wpa_supplicant(  651): wlan0:    skip - SSID mismatch
02-12 10:15:09.490 D/wpa_supplicant(  651): wlan0: 9: cc:34:29:2b:26:4c ssid='cws-test' wpa_ie_len=0 rsn_ie_len=20 caps=0x431 level=-67 wps
02-12 10:15:09.490 D/wpa_supplicant(  651): wlan0:    skip - SSID mismatch
02-12 10:15:09.490 D/wpa_supplicant(  651): wlan0: 10: c0:cb:38:7f:c9:09 ssid='360WiFi-7908' wpa_ie_len=0 rsn_ie_len=20 caps=0x511 level=-67
02-12 10:15:09.490 D/wpa_supplicant(  651): wlan0:    skip - SSID mismatch
02-12 10:15:09.490 D/wpa_supplicant(  651): wlan0: 11: cc:34:29:2c:fb:ec ssid='linksys' wpa_ie_len=22 rsn_ie_len=20 caps=0x431 level=-69 wps
02-12 10:15:09.490 D/wpa_supplicant(  651): wlan0:    skip - SSID mismatch
02-12 10:15:09.490 D/wpa_supplicant(  651): wlan0: 12: e4:d3:32:c0:cf:a4 ssid='fast' wpa_ie_len=0 rsn_ie_len=20 caps=0x411 level=-69
02-12 10:15:09.490 I/WifiHW  (  504): EVENT: IFNAME=wlan0 CTRL-EVENT-SCAN-RESULTS 
02-12 10:15:09.500 I/WifiHW  (  504): EVENT: IFNAME=wlan0 WPS-AP-AVAILABLE 
02-12 10:15:09.500 D/wpa_supplicant(  651): wlan0:    skip - SSID mismatch
02-12 10:15:09.500 D/wpa_supplicant(  651): wlan0: 13: b0:48:7a:51:ff:cc ssid='Neusoft TP' wpa_ie_len=22 rsn_ie_len=20 caps=0x431 level=-71
02-12 10:15:09.500 D/wpa_supplicant(  651): wlan0:    skip - SSID mismatch
02-12 10:15:09.500 D/wpa_supplicant(  651): wlan0: 14: 98:fc:11:81:35:fb ssid='E2000E' wpa_ie_len=0 rsn_ie_len=20 caps=0x411 level=-71 wps
02-12 10:15:09.500 D/wpa_supplicant(  651): wlan0:    skip - SSID mismatch
02-12 10:15:09.500 D/wpa_supplicant(  651): wlan0: 15: 22:48:9a:ac:31:7f ssid='WiFi874' wpa_ie_len=0 rsn_ie_len=20 caps=0x431 level=-73
02-12 10:15:09.500 D/wpa_supplicant(  651): wlan0:    skip - SSID mismatch
02-12 10:15:09.500 D/wpa_supplicant(  651): wlan0: 16: 80:1f:02:43:fb:e8 ssid='Edimax AP' wpa_ie_len=0 rsn_ie_len=20 caps=0x411 level=-74
02-12 10:15:09.500 D/wpa_supplicant(  651): wlan0:    skip - SSID mismatch
02-12 10:15:09.500 D/wpa_supplicant(  651): wlan0: 17: 02:09:4c:74:b1:e3 ssid='DIRECT-' wpa_ie_len=0 rsn_ie_len=0 caps=0x410 level=-72
02-12 10:15:09.500 I/WifiHW  (  504): CMD: IFNAME=wlan0 BSS RANGE=0- MASK=0x21987
02-12 10:15:09.500 D/wpa_supplicant(  651): wlan0:    skip - SSID mismatch
02-12 10:15:09.500 D/wpa_supplicant(  651): wlan0: 18: 50:bd:5f:4b:29:92 ssid='Internet-2' wpa_ie_len=0 rsn_ie_len=0 caps=0x421 level=-61
02-12 10:15:09.500 D/wpa_supplicant(  651): wlan0:    skip - SSID mismatch
02-12 10:15:09.500 D/wpa_supplicant(  651): wlan0: 19: e4:d3:32:dd:18:62 ssid='Internet' wpa_ie_len=0 rsn_ie_len=0 caps=0x421 level=-67
02-12 10:15:09.500 D/wpa_supplicant(  651): wlan0:    skip - SSID mismatch
02-12 10:15:09.500 D/wpa_supplicant(  651): wlan0: Selecting BSS from priority group 4
02-12 10:15:09.500 D/wpa_supplicant(  651): wlan0: 0: 6c:8b:2f:e9:d1:da ssid='ZTE_AP_1640' wpa_ie_len=0 rsn_ie_len=20 caps=0x511 level=-45
02-12 10:15:09.500 D/wpa_supplicant(  651): wlan0:    skip - disabled
02-12 10:15:09.500 D/wpa_supplicant(  651): wlan0: 1: c8:d7:19:60:62:f2 ssid='E3000-2.4G' wpa_ie_len=0 rsn_ie_len=20 caps=0x411 level=-49
02-12 10:15:09.500 D/wpa_supplicant(  651): wlan0:    skip - disabled
02-12 10:15:09.500 D/wpa_supplicant(  651): wlan0: 2: 10:c3:7b:d2:e5:e0 ssid='ASUS_RT-AC66U-2.4G' wpa_ie_len=0 rsn_ie_len=20 caps=0x411 level=-52 wps
02-12 10:15:09.500 D/wpa_supplicant(  651): wlan0:    skip - disabled
02-12 10:15:09.500 D/wpa_supplicant(  651): wlan0: 3: 44:94:fc:3d:da:38 ssid='6300' wpa_ie_len=0 rsn_ie_len=20 caps=0x411 level=-57 wps
02-12 10:15:09.500 D/wpa_supplicant(  651): wlan0:    skip - disabled
02-12 10:15:09.500 D/wpa_supplicant(  651): wlan0: 4: f8:d1:11:e7:99:e8 ssid='videotest' wpa_ie_len=22 rsn_ie_len=20 caps=0x531 level=-57 wps
02-12 10:15:09.500 D/wpa_supplicant(  651): wlan0:    skip - disabled
02-12 10:15:09.500 D/wpa_supplicant(  651): wlan0: 5: 02:1a:11:fd:45:ed ssid='Android' wpa_ie_len=0 rsn_ie_len=20 caps=0x511 level=-61
02-12 10:15:09.500 D/wpa_supplicant(  651): wlan0:    skip - disabled
02-12 10:15:09.500 D/wpa_supplicant(  651): wlan0: 6: b0:48:7a:20:66:6a ssid='TP-LINK_20666A' wpa_ie_len=22 rsn_ie_len=20 caps=0x431 level=-62 wps
02-12 10:15:09.500 D/wpa_supplicant(  651): wlan0:    skip - disabled
02-12 10:15:09.500 D/wpa_supplicant(  651): wlan0: 7: c0:c1:c0:76:81:3c ssid='E2000' wpa_ie_len=0 rsn_ie_len=20 caps=0x411 level=-62 wps
02-12 10:15:09.500 D/wpa_supplicant(  651): wlan0:    skip - disabled
02-12 10:15:09.500 D/wpa_supplicant(  651): wlan0: 8: 02:1a:11:fa:9e:f1 ssid='love U forever' wpa_ie_len=0 rsn_ie_len=20 caps=0x431 level=-63
02-12 10:15:09.500 D/wpa_supplicant(  651): wlan0:    skip - disabled
02-12 10:15:09.500 D/wpa_supplicant(  651): wlan0: 9: cc:34:29:2b:26:4c ssid='cws-test' wpa_ie_len=0 rsn_ie_len=20 caps=0x431 level=-67 wps
02-12 10:15:09.500 D/wpa_supplicant(  651): wlan0:    skip - disabled
02-12 10:15:09.500 D/wpa_supplicant(  651): wlan0: 10: c0:cb:38:7f:c9:09 ssid='360WiFi-7908' wpa_ie_len=0 rsn_ie_len=20 caps=0x511 level=-67
02-12 10:15:09.500 D/wpa_supplicant(  651): wlan0:    skip - disabled
02-12 10:15:09.500 D/wpa_supplicant(  651): wlan0: 11: cc:34:29:2c:fb:ec ssid='linksys' wpa_ie_len=22 rsn_ie_len=20 caps=0x431 level=-69 wps
02-12 10:15:09.500 D/wpa_supplicant(  651): wlan0:    skip - disabled
02-12 10:15:09.500 D/wpa_supplicant(  651): wlan0: 12: e4:d3:32:c0:cf:a4 ssid='fast' wpa_ie_len=0 rsn_ie_len=20 caps=0x411 level=-69
02-12 10:15:09.500 D/wpa_supplicant(  651): wlan0:    skip - disabled
02-12 10:15:09.500 D/wpa_supplicant(  651): wlan0: 13: b0:48:7a:51:ff:cc ssid='Neusoft TP' wpa_ie_len=22 rsn_ie_len=20 caps=0x431 level=-71
02-12 10:15:09.500 D/wpa_supplicant(  651): wlan0:    skip - disabled
02-12 10:15:09.500 D/wpa_supplicant(  651): wlan0: 14: 98:fc:11:81:35:fb ssid='E2000E' wpa_ie_len=0 rsn_ie_len=20 caps=0x411 level=-71 wps
02-12 10:15:09.500 D/wpa_supplicant(  651): wlan0:    skip - disabled
02-12 10:15:09.500 D/wpa_supplicant(  651): wlan0: 15: 22:48:9a:ac:31:7f ssid='WiFi874' wpa_ie_len=0 rsn_ie_len=20 caps=0x431 level=-73
02-12 10:15:09.500 D/wpa_supplicant(  651): wlan0:    skip - disabled
02-12 10:15:09.500 D/wpa_supplicant(  651): wlan0: 16: 80:1f:02:43:fb:e8 ssid='Edimax AP' wpa_ie_len=0 rsn_ie_len=20 caps=0x411 level=-74
02-12 10:15:09.500 D/wpa_supplicant(  651): wlan0:    skip - disabled
02-12 10:15:09.500 D/wpa_supplicant(  651): wlan0: 17: 02:09:4c:74:b1:e3 ssid='DIRECT-' wpa_ie_len=0 rsn_ie_len=0 caps=0x410 level=-72
02-12 10:15:09.500 D/wpa_supplicant(  651): wlan0:    skip - disabled
02-12 10:15:09.500 D/wpa_supplicant(  651): wlan0: 18: 50:bd:5f:4b:29:92 ssid='Internet-2' wpa_ie_len=0 rsn_ie_len=0 caps=0x421 level=-61
02-12 10:15:09.500 D/wpa_supplicant(  651): wlan0:    skip - disabled
02-12 10:15:09.500 D/wpa_supplicant(  651): wlan0: 19: e4:d3:32:dd:18:62 ssid='Internet' wpa_ie_len=0 rsn_ie_len=0 caps=0x421 level=-67
02-12 10:15:09.500 D/wpa_supplicant(  651): wlan0:    skip - disabled
02-12 10:15:09.500 D/wpa_supplicant(  651): wlan0: No suitable network found
02-12 10:15:09.500 D/wpa_supplicant(  651): wlan0: Setting scan request: 40 sec 0 usec
02-12 10:15:09.500 D/wpa_supplicant(  651): wlan0: Checking for other virtual interfaces sharing same radio (phy0) in event_scan_results
02-12 10:15:09.500 D/wpa_supplicant(  651): p2p-dev-wlan0: Updating scan results from sibling
02-12 10:15:09.500 D/wpa_supplicant(  651): nl80211: Received scan results (20 BSSes)
02-12 10:15:09.500 D/wpa_supplicant(  651): nl80211: Survey data missing
02-12 10:15:09.500 D/wpa_supplicant(  651): p2p-dev-wlan0: BSS: Start scan result update 209
02-12 10:15:09.500 D/wpa_supplicant(  651): BSS: No P2P IE - skipping BSS 6c:8b:2f:e9:d1:da update for P2P interface
02-12 10:15:09.500 D/wpa_supplicant(  651): BSS: No P2P IE - skipping BSS c8:d7:19:60:62:f2 update for P2P interface
02-12 10:15:09.500 D/wpa_supplicant(  651): BSS: No P2P IE - skipping BSS 10:c3:7b:d2:e5:e0 update for P2P interface
02-12 10:15:09.500 D/wpa_supplicant(  651): BSS: No P2P IE - skipping BSS 44:94:fc:3d:da:38 update for P2P interface
02-12 10:15:09.500 D/wpa_supplicant(  651): BSS: No P2P IE - skipping BSS f8:d1:11:e7:99:e8 update for P2P interface
02-12 10:15:09.500 D/wpa_supplicant(  651): BSS: No P2P IE - skipping BSS 02:1a:11:fd:45:ed update for P2P interface
02-12 10:15:09.500 D/wpa_supplicant(  651): BSS: No P2P IE - skipping BSS b0:48:7a:20:66:6a update for P2P interface
02-12 10:15:09.500 D/wpa_supplicant(  651): BSS: No P2P IE - skipping BSS c0:c1:c0:76:81:3c update for P2P interface
02-12 10:15:09.500 D/wpa_supplicant(  651): BSS: No P2P IE - skipping BSS 02:1a:11:fa:9e:f1 update for P2P interface
02-12 10:15:09.500 D/wpa_supplicant(  651): BSS: No P2P IE - skipping BSS cc:34:29:2b:26:4c update for P2P interface
02-12 10:15:09.500 D/wpa_supplicant(  651): BSS: No P2P IE - skipping BSS c0:cb:38:7f:c9:09 update for P2P interface
02-12 10:15:09.500 D/wpa_supplicant(  651): BSS: No P2P IE - skipping BSS cc:34:29:2c:fb:ec update for P2P interface
02-12 10:15:09.500 D/wpa_supplicant(  651): BSS: No P2P IE - skipping BSS e4:d3:32:c0:cf:a4 update for P2P interface
02-12 10:15:09.500 D/wpa_supplicant(  651): BSS: No P2P IE - skipping BSS b0:48:7a:51:ff:cc update for P2P interface
02-12 10:15:09.500 D/wpa_supplicant(  651): BSS: No P2P IE - skipping BSS 98:fc:11:81:35:fb update for P2P interface
02-12 10:15:09.500 D/wpa_supplicant(  651): BSS: No P2P IE - skipping BSS 22:48:9a:ac:31:7f update for P2P interface
02-12 10:15:09.500 D/wpa_supplicant(  651): BSS: No P2P IE - skipping BSS 80:1f:02:43:fb:e8 update for P2P interface
02-12 10:15:09.500 D/wpa_supplicant(  651): BSS: No P2P IE - skipping BSS 02:09:4c:74:b1:e3 update for P2P interface
02-12 10:15:09.500 D/wpa_supplicant(  651): BSS: No P2P IE - skipping BSS 50:bd:5f:4b:29:92 update for P2P interface
02-12 10:15:09.500 D/wpa_supplicant(  651): BSS: No P2P IE - skipping BSS e4:d3:32:dd:18:62 update for P2P interface
02-12 10:15:09.500 D/wpa_supplicant(  651): BSS: last_scan_res_used=0/32 last_scan_full=0
02-12 10:15:09.500 D/wpa_supplicant(  651): p2p-dev-wlan0: New scan results available
02-12 10:15:09.500 D/wpa_supplicant(  651): CTRL_IFACE monitor send - hexdump(len=39): 2f 64 61 74 61 2f 6d 69 73 63 2f 77 69 66 69 2f 73 6f 63 6b 65 74 73 2f 77 70 61 5f 63 74 72 6c ...
02-12 10:15:09.500 I/WifiHW  (  504): EVENT: IFNAME=p2p-dev-wlan0 CTRL-EVENT-SCAN-RESULTS 
02-12 10:15:09.500 D/wpa_supplicant(  651): WPS: AP[0] 10:c3:7b:d2:e5:e0 type=0 tries=0 last_attempt=-1 sec ago blacklist=0
02-12 10:15:09.500 D/wpa_supplicant(  651): WPS: AP[1] b0:48:7a:20:66:6a type=0 tries=0 last_attempt=-1 sec ago blacklist=0
02-12 10:15:09.500 D/wpa_supplicant(  651): WPS: AP[2] f8:d1:11:e7:99:e8 type=0 tries=0 last_attempt=-1 sec ago blacklist=0
02-12 10:15:09.500 D/wpa_supplicant(  651): WPS: AP[3] 44:94:fc:3d:da:38 type=0 tries=0 last_attempt=-1 sec ago blacklist=0
02-12 10:15:09.500 D/wpa_supplicant(  651): WPS: AP[4] cc:34:29:2c:fb:ec type=0 tries=0 last_attempt=-1 sec ago blacklist=0
02-12 10:15:09.500 D/wpa_supplicant(  651): WPS: AP[5] c8:d7:19:60:62:f2 type=0 tries=0 last_attempt=-1 sec ago blacklist=0
02-12 10:15:09.500 D/wpa_supplicant(  651): WPS: AP[6] cc:34:29:2b:26:4c type=0 tries=0 last_attempt=-1 sec ago blacklist=0
02-12 10:15:09.500 D/wpa_supplicant(  651): WPS: AP[7] 98:fc:11:81:35:fb type=0 tries=0 last_attempt=-1 sec ago blacklist=0
02-12 10:15:09.500 D/wpa_supplicant(  651): WPS: AP[8] 14:d6:4d:28:ef:c8 type=0 tries=0 last_attempt=-1 sec ago blacklist=0
02-12 10:15:09.500 D/wpa_supplicant(  651): WPS: AP[9] b0:48:7a:51:ff:cc type=0 tries=0 last_attempt=-1 sec ago blacklist=0
02-12 10:15:09.500 D/wpa_supplicant(  651): WPS: AP[10] 7a:ff:57:00:13:56 type=0 tries=0 last_attempt=-1 sec ago blacklist=0
02-12 10:15:09.500 D/wpa_supplicant(  651): WPS: AP[11] c0:a0:bb:20:3b:84 type=0 tries=0 last_attempt=-1 sec ago blacklist=0
02-12 10:15:09.500 D/wpa_supplicant(  651): WPS: AP[12] c0:c1:c0:76:81:3c type=0 tries=0 last_attempt=-1 sec ago blacklist=0
02-12 10:15:09.500 D/wpa_supplicant(  651): WPS: AP[13] 5e:f3:70:0c:91:9a type=0 tries=0 last_attempt=-1 sec ago blacklist=0
02-12 10:15:09.500 D/wpa_supplicant(  651): WPS: AP[14] 02:09:4c:42:36:90 type=0 tries=0 last_attempt=-1 sec ago blacklist=0
02-12 10:15:09.500 D/wpa_supplicant(  651): p2p-dev-wlan0: No suitable network found
02-12 10:15:09.500 D/wpa_supplicant(  651): p2p-dev-wlan0: Short-circuit new scan request since there are no enabled networks
02-12 10:15:09.500 D/wpa_supplicant(  651): p2p-dev-wlan0: State: INACTIVE -> INACTIVE
02-12 10:15:09.500 D/wpa_supplicant(  651): wlan0: P2P: Station mode scan operation not pending anymore (sta_scan_pending=0 p2p_cb_on_scan_complete=0)
02-12 10:15:09.500 D/wpa_supplicant(  651): RX ctrl_iface - hexdump(len=25): 42 53 53 20 52 41 4e 47 45 3d 30 2d 20 4d 41 53 4b 3d 30 78 32 31 39 38 37
02-12 10:15:09.500 D/wpa_supplicant(  651): wlan0: Control interface command 'BSS RANGE=0- MASK=0x21987'
02-12 10:15:09.500 I/WifiHW  (  504): REPLY: id=328
02-12 10:15:09.500 I/WifiHW  (  504): REPLY: bssid=c8:d7:19:60:62:f2
02-12 10:15:09.500 I/WifiHW  (  504): REPLY: freq=2437
02-12 10:15:09.500 I/WifiHW  (  504): REPLY: level=-49
02-12 10:15:09.500 I/WifiHW  (  504): REPLY: tsf=0000062445674696
02-12 10:15:09.500 I/WifiHW  (  504): REPLY: flags=[WPA2-EAP-CCMP-preauth][ESS]
02-12 10:15:09.500 I/WifiHW  (  504): REPLY: ssid=E3000-2.4G
02-12 10:15:09.500 I/WifiHW  (  504): REPLY: ====
02-12 10:15:09.500 I/WifiHW  (  504): REPLY: id=329
02-12 10:15:09.500 I/WifiHW  (  504): REPLY: bssid=10:c3:7b:d2:e5:e0
02-12 10:15:09.500 I/WifiHW  (  504): REPLY: freq=2462
02-12 10:15:09.500 I/WifiHW  (  504): REPLY: level=-52
02-12 10:15:09.500 I/WifiHW  (  504): REPLY: tsf=0000062445674806
02-12 10:15:09.500 I/WifiHW  (  504): REPLY: flags=[WPA2-PSK-CCMP][WPS][ESS]
02-12 10:15:09.500 I/WifiHW  (  504): REPLY: ssid=ASUS_RT-AC66U-2.4G
02-12 10:15:09.500 I/WifiHW  (  504): REPLY: ====
02-12 10:15:09.500 I/WifiHW  (  504): REPLY: id=331
02-12 10:15:09.500 I/WifiHW  (  504): REPLY: bssid=b0:48:7a:20:66:6a
02-12 10:15:09.500 I/WifiHW  (  504): REPLY: freq=2427
02-12 10:15:09.500 I/WifiHW  (  504): REPLY: level=-62
02-12 10:15:09.500 I/WifiHW  (  504): REPLY: tsf=0000062445674662
02-12 10:15:09.500 I/WifiHW  (  504): REPLY: flags=[WPA-PSK-CCMP][WPA2-PSK-CCMP][WPS][ESS]
02-12 10:15:09.500 I/WifiHW  (  504): REPLY: ssid=TP-LINK_20666A
02-12 10:15:09.500 I/WifiHW  (  504): REPLY: ====
02-12 10:15:09.500 I/WifiHW  (  504): REPLY: id=332
02-12 10:15:09.500 I/WifiHW  (  504): REPLY: bssid=44:94:fc:3d:da:38
02-12 10:15:09.500 I/WifiHW  (  504): REPLY: freq=2462
02-12 10:15:09.500 I/WifiHW  (  504): REPLY: level=-57
02-12 10:15:09.500 I/WifiHW  (  504): REPLY: tsf=0000062445674785
02-12 10:15:09.500 I/WifiHW  (  504): REPLY: flags=[WPA2-PSK-CCMP][WPS][ESS]
02-12 10:15:09.500 I/WifiHW  (  504): REPLY: ssid=6300
02-12 10:15:09.500 I/WifiHW  (  504): REPLY: ====
02-12 10:15:09.500 I/WifiHW  (  504): REPLY: id=333
02-12 10:15:09.500 I/WifiHW  (  504): REPLY: bssid=c0:c1:c0:76:81:3c
02-12 10:15:09.500 I/WifiHW  (  504): REPLY: freq=2437
02-12 10:15:09.500 I/WifiHW  (  504): REPLY: level=-62
02-12 10:15:09.500 I/WifiHW  (  504): REPLY: tsf=0000062445674731
02-12 10:15:09.500 I/WifiHW  (  504): REPLY: flags=[WPA2-PSK-CCMP][WPS][ESS]
02-12 10:15:09.500 I/WifiHW  (  504): REPLY: ssid=E2000
02-12 10:15:09.500 I/WifiHW  (  504): REPLY: ====
02-12 10:15:09.500 I/WifiHW  (  504): REPLY: id=334
02-12 10:15:09.500 I/WifiHW  (  504): REPLY: bssid=98:fc:11:81:35:fb
02-12 10:15:09.500 I/WifiHW  (  504): REPLY: freq=2412
02-12 10:15:09.500 I/WifiHW  (  504): REPLY: level=-71
02-12 10:15:09.500 I/WifiHW  (  504): REPLY: tsf=0000062445674643
02-12 10:15:09.500 I/WifiHW  (  504): REPLY: flags=[WPA2-PSK-CCMP][WPS][ESS]
02-12 10:15:09.500 I/WifiHW  (  504): REPLY: ssid=E2000E
02-12 10:15:09.500 I/WifiHW  (  504): REPLY: ====
02-12 10:15:09.500 I/WifiHW  (  504): REPLY: id=337
02-12 10:15:09.500 I/WifiHW  (  504): REPLY: bssid=cc:34:29:2b:26:4c
02-12 10:15:09.500 I/WifiHW  (  504): REPLY: freq=2462
02-12 10:15:09.500 I/WifiHW  (  504): REPLY: level=-67
02-12 10:15:09.500 I/WifiHW  (  504): REPLY: tsf=0000062445674798
02-12 10:15:09.500 I/WifiHW  (  504): REPLY: flags=[WPA2-PSK-CCMP][WPS][ESS]
02-12 10:15:09.500 I/WifiHW  (  504): REPLY: ssid=cws-test
02-12 10:15:09.500 I/WifiHW  (  504): REPLY: ====
02-12 10:15:09.500 I/WifiHW  (  504): REPLY: id=345
02-12 10:15:09.500 I/WifiHW  (  504): REPLY: bssid=f8:d1:11:e7:99:e8
02-12 10:15:09.500 I/WifiHW  (  504): REPLY: freq=2437
02-12 10:15:09.500 I/WifiHW  (  504): REPLY: level=-57
02-12 10:15:09.500 I/WifiHW  (  504): REPLY: tsf=0000062445674679
02-12 10:15:09.500 I/WifiHW  (  504): REPLY: flags=[WPA-PSK-CCMP][WPA2-PSK-CCMP][WPS][ESS]
02-12 10:15:09.500 I/WifiHW  (  504): REPLY: ssid=videotest
02-12 10:15:09.500 I/WifiHW  (  504): REPLY: ====
02-12 10:15:09.500 I/WifiHW  (  504): REPLY: id=358
02-12 10:15:09.500 I/WifiHW  (  504): REPLY: bssid=6c:8b:2f:e9:d1:da
02-12 10:15:09.500 I/WifiHW  (  504): REPLY: freq=2437
02-12 10:15:09.500 I/WifiHW  (  504): REPLY: level=-45
02-12 10:15:09.500 I/WifiHW  (  504): REPLY: tsf=0000062445674671
02-12 10:15:09.500 I/WifiHW  (  504): REPLY: flags=[WPA2-PSK-CCMP][ESS]
02-12 10:15:09.500 I/WifiHW  (  504): REPLY: ssid=ZTE_AP_1640
02-12 10:15:09.500 I/WifiHW  (  504): REPLY: ====
02-12 10:15:09.500 I/WifiHW  (  504): REPLY: id=405
02-12 10:15:09.500 I/WifiHW  (  504): REPLY: bssid=02:1a:11:fd:45:ed
02-12 10:15:09.500 I/WifiHW  (  504): REPLY: freq=2437
02-12 10:15:09.500 I/WifiHW  (  504): REPLY: level=-61
02-12 10:15:09.500 I/WifiHW  (  504): REPLY: tsf=0000062445674687
02-12 10:15:09.500 I/WifiHW  (  504): REPLY: flags=[WPA2-PSK-CCMP][ESS]
02-12 10:15:09.500 I/WifiHW  (  504): REPLY: ssid=Android
02-12 10:15:09.500 I/WifiHW  (  504): REPLY: ====
02-12 10:15:09.500 I/WifiHW  (  504): REPLY: id=421
02-12 10:15:09.500 I/WifiHW  (  504): REPLY: bssid=80:1f:02:43:fb:e8
02-12 10:15:09.500 I/WifiHW  (  504): REPLY: freq=2412
02-12 10:15:09.500 I/WifiHW  (  504): REPLY: level=-74
02-12 10:15:09.500 I/WifiHW  (  504): REPLY: tsf=0000062445674631
02-12 10:15:09.500 I/WifiHW  (  504): REPLY: flags=[WPA2-PSK-CCMP-preauth][ESS]
02-12 10:15:09.500 I/WifiHW  (  504): REPLY: ssid=Edimax AP
02-12 10:15:09.500 I/WifiHW  (  504): REPLY: ====
02-12 10:15:09.500 I/WifiHW  (  504): REPLY: id=427
02-12 10:15:09.500 I/WifiHW  (  504): REPLY: bssid=50:bd:5f:4b:29:92
02-12 10:15:09.500 I/WifiHW  (  504): REPLY: freq=2437
02-12 10:15:09.500 I/WifiHW  (  504): REPLY: level=-61
02-12 10:15:09.500 I/WifiHW  (  504): REPLY: tsf=0000062445674722
02-12 10:15:09.500 I/WifiHW  (  504): REPLY: flags=[ESS]
02-12 10:15:09.500 I/WifiHW  (  504): REPLY: ssid=Internet-2
02-12 10:15:09.500 I/WifiHW  (  504): REPLY: ====
02-12 10:15:09.500 I/WifiHW  (  504): REPLY: id=491
02-12 10:15:09.500 I/WifiHW  (  504): REPLY: bssid=cc:34:29:2c:fb:ec
02-12 10:15:09.500 I/WifiHW  (  504): REPLY: freq=2412
02-12 10:15:09.500 I/WifiHW  (  504): REPLY: level=-69
02-12 10:15:09.500 I/WifiHW  (  504): REPLY: tsf=0000062445674653
02-12 10:15:09.500 I/WifiHW  (  504): REPLY: flags=[WPA-PSK-CCMP][WPA2-PSK-CCMP][WPS][ESS]
02-12 10:15:09.500 I/WifiHW  (  504): REPLY: ssid=linksys
02-12 10:15:09.500 I/WifiHW  (  504): REPLY: ====
02-12 10:15:09.500 I/WifiHW  (  504): REPLY: id=492
02-12 10:15:09.500 I/WifiHW  (  504): REPLY: bssid=02:1a:11:fa:9e:f1
02-12 10:15:09.500 I/WifiHW  (  504): REPLY: freq=2437
02-12 10:15:09.500 I/WifiHW  (  504): REPLY: level=-63
02-12 10:15:09.500 I/WifiHW  (  504): REPLY: tsf=0000062445674740
02-12 10:15:09.500 I/WifiHW  (  504): REPLY: flags=[WPA2-PSK-CCMP][ESS]
02-12 10:15:09.500 I/WifiHW  (  504): REPLY: ssid=love U forever
02-12 10:15:09.500 I/WifiHW  (  504): REPLY: ====
02-12 10:15:09.500 I/WifiHW  (  504): REPLY: id=501
02-12 10:15:09.500 I/WifiHW  (  504): REPLY: bssid=e4:d3:32:dd:18:62
02-12 10:15:09.500 I/WifiHW  (  504): REPLY: freq=2437
02-12 10:15:09.500 I/WifiHW  (  504): REPLY: level=-67
02-12 10:15:09.500 I/WifiHW  (  504): REPLY: tsf=0000062445674750
02-12 10:15:09.500 I/WifiHW  (  504): REPLY: flags=[ESS]
02-12 10:15:09.500 I/WifiHW  (  504): REPLY: ssid=Internet
02-12 10:15:09.500 I/WifiHW  (  504): REPLY: ====
02-12 10:15:09.500 I/WifiHW  (  504): REPLY: id=502
02-12 10:15:09.500 I/WifiHW  (  504): REPLY: bssid=b0:48:7a:51:ff:cc
02-12 10:15:09.500 I/WifiHW  (  504): REPLY: freq=2452
02-12 10:15:09.500 I/WifiHW  (  504): REPLY: level=-71
02-12 10:15:09.500 I/WifiHW  (  504): REPLY: tsf=0000062445674776
02-12 10:15:09.500 I/WifiHW  (  504): REPLY: flags=[WPA-PSK-CCMP][WPA2-PSK-CCMP][ESS]
02-12 10:15:09.500 I/WifiHW  (  504): REPLY: ssid=Neusoft TP
02-12 10:15:09.500 I/WifiHW  (  504): REPLY: ====
02-12 10:15:09.500 I/WifiHW  (  504): REPLY: id=505
02-12 10:15:09.500 I/WifiHW  (  504): REPLY: bssid=cc:b2:55:e2:84:70
02-12 10:15:09.500 I/WifiHW  (  504): REPLY: freq=2447
02-12 10:15:09.500 I/WifiHW  (  504): REPLY: level=-70
02-12 10:15:09.500 I/WifiHW  (  504): REPLY: tsf=0000062404470532
02-12 10:15:09.500 I/WifiHW  (  504): REPLY: flags=[WPA-PSK-TKIP][WPA2-PSK-TKIP][ESS]
02-12 10:15:09.500 I/WifiHW  (  504): REPLY: ssid=DLINK_APK
02-12 10:15:09.500 I/WifiHW  (  504): REPLY: ====
02-12 10:15:09.500 I/WifiHW  (  504): REPLY: id=507
02-12 10:15:09.500 I/WifiHW  (  504): REPLY: bssid=00:0f:e2:0f:9f:c1
02-12 10:15:09.500 I/WifiHW  (  504): REPLY: freq=2462
