02-12 10:55:05.680 D/dalvikvm(24327): Try to disable coredump for pid 24327
02-12 10:55:05.680 D/dalvikvm(24327): Process 24327 nice name: org.xwalk.webapi_service_tests
02-12 10:55:05.680 D/dalvikvm(24327): Extra Options: not specified
02-12 10:55:05.680 I/ActivityManager(  504): Start proc org.xwalk.webapi_service_tests for activity org.xwalk.webapi_service_tests/.webapi_service_tests: pid=24327 uid=10266 gids={50266, 3003, 1028, 1015}
02-12 10:55:05.700 D/WindowManager(  504): adjustConfigurationLw, config:{1.0 ?mcc?mnc ?locale ?layoutDir sw600dp w600dp h888dp 213dpi lrg port ?uimode ?night finger -keyb/v/h -nav/v} mLidState:1 mHasDockFeature:false mHasKeyboardFeature:false mHasHallSensorFeature:true config.hardKeyboardHidden:2
02-12 10:55:05.700 I/ActivityManager(  504): [TopPkgCurBat]	NowPkgName[org.xwalk.webapi_service_tests]	Battery[96]	TimeTick[1423709705716]	OldPkgName[com.asus.launcher]
02-12 10:55:05.720 D/        (  675): Surface destroy: ANDROID_NATIVE_WINDOW_MAGIC
02-12 10:55:05.720 D/        (  675): Pixel Format : GGL_PIXEL_FORMAT_RGBA_8888
02-12 10:55:05.720 I/CordovaLog(24327): Changing log level to DEBUG(3)
02-12 10:55:05.720 D/CordovaActivity(24327): CordovaActivity.init()
02-12 10:55:05.720 E/rsC++   (  675): RS Message thread exiting.
02-12 10:55:05.730 D/dalvikvm(24327): Trying to load lib /data/app-lib/org.xwalk.webapi_service_tests-1/libxwalkcore.so 0x43d84b70
02-12 10:55:05.740 D/dalvikvm(24327): Added shared lib /data/app-lib/org.xwalk.webapi_service_tests-1/libxwalkcore.so 0x43d84b70
02-12 10:55:05.740 I/LibraryLoader(24327): Time to load native libraries: 13 ms (timestamps 2210-2223)
02-12 10:55:05.740 I/LibraryLoader(24327): Expected native library version number "",actual native library version number ""
02-12 10:55:05.760 I/LibraryLoader(24327): Expected native library version number "",actual native library version number ""
02-12 10:55:05.760 I/chromium(24327): [INFO:library_loader_hooks.cc(112)] Chromium logging enabled: level = 0, default verbosity = 0
02-12 10:55:05.770 I/BrowserStartupController(24327): Initializing chromium process, singleProcess=true
02-12 10:55:05.820 W/chromium(24327): [WARNING:dns_config_service_posix.cc(293)] Failed to read DnsConfig.
02-12 10:55:05.830 W/AudioManagerAndroid(24327): Requires BLUETOOTH permission
02-12 10:55:05.830 I/ufoGralloc(24327): Hello, this is UFO GRALLOC/Intel Corporation
02-12 10:55:05.840 D/        (24327): Pixel Format : GGL_PIXEL_FORMAT_RGBA_8888
02-12 10:55:05.840 D/        (24327): droid_create_context : config id = 1 conf->NativeVisualID=1
02-12 10:55:05.840 D/        (24327): Pixel Format : GGL_PIXEL_FORMAT_RGBA_8888
02-12 10:55:05.840 I/        (24327): Requested context : GLES 2.0
02-12 10:55:05.870 W/chromium(24327): [WARNING:proxy_service.cc(899)] PAC support disabled because there is no system implementation
02-12 10:55:05.870 W/dalvikvm(24327): VFY: unable to find class referenced in signature (Landroid/view/inputmethod/CursorAnchorInfo;)
02-12 10:55:05.870 I/dalvikvm(24327): Could not find method android.view.inputmethod.InputMethodManager.updateCursorAnchorInfo, referenced from method org.chromium.content.browser.input.InputMethodManagerWrapper.updateCursorAnchorInfo
02-12 10:55:05.870 W/dalvikvm(24327): VFY: unable to resolve virtual method 1368: Landroid/view/inputmethod/InputMethodManager;.updateCursorAnchorInfo (Landroid/view/View;Landroid/view/inputmethod/CursorAnchorInfo;)V
02-12 10:55:05.870 D/dalvikvm(24327): VFY: replacing opcode 0x6e at 0x000a
02-12 10:55:05.920 E/cutils  (  163): Failed to mkdirat(/Removable/MicroSD): Read-only file system
02-12 10:55:05.920 W/ContextImpl(24327): Failed to ensure directory: /Removable/MicroSD/Android/data/org.xwalk.webapi_service_tests/cache
02-12 10:55:05.920 W/Vold    (  163): Returning OperationFailed - no handler for errno 30
02-12 10:55:05.930 D/CordovaActivity(24327): CordovaActivity.createViews()
02-12 10:55:05.930 D/CordovaWebView(24327): >>> loadUrl(file:///android_asset/www/index.html)
02-12 10:55:05.930 D/PluginManager(24327): init()
02-12 10:55:05.930 E/chromium(24327): [ERROR:unix_domain_server_socket_posix.cc(106)] Not implemented reached in virtual int net::UnixDomainServerSocket::GetLocalAddress(net::IPEndPoint*) const
02-12 10:55:05.930 E/cutils  (  163): Failed to mkdirat(/Removable/MicroSD): Read-only file system
02-12 10:55:05.930 W/Vold    (  163): Returning OperationFailed - no handler for errno 30
02-12 10:55:05.940 W/ContextImpl(24327): Failed to ensure directory: /Removable/MicroSD/Android/data/org.xwalk.webapi_service_tests/files
02-12 10:55:05.940 E/cutils  (  163): Failed to mkdirat(/Removable/MicroSD): Read-only file system
02-12 10:55:05.940 W/ContextImpl(24327): Failed to ensure directory: /Removable/MicroSD/Android/data/org.xwalk.webapi_service_tests/cache
02-12 10:55:05.940 D/CordovaWebView(24327): >>> loadUrlNow()
02-12 10:55:05.940 I/dalvikvm(24327): Could not find method android.app.Activity.finishAndRemoveTask, referenced from method org.chromium.base.ApiCompatibilityUtils.finishAndRemoveTask
02-12 10:55:05.940 W/dalvikvm(24327): VFY: unable to resolve virtual method 6: Landroid/app/Activity;.finishAndRemoveTask ()V
02-12 10:55:05.940 D/dalvikvm(24327): VFY: replacing opcode 0x6e at 0x0006
02-12 10:55:05.940 I/dalvikvm(24327): Could not find method android.os.PowerManager.isInteractive, referenced from method org.chromium.base.ApiCompatibilityUtils.isInteractive
02-12 10:55:05.940 W/dalvikvm(24327): VFY: unable to resolve virtual method 874: Landroid/os/PowerManager;.isInteractive ()Z
02-12 10:55:05.940 D/dalvikvm(24327): VFY: replacing opcode 0x6e at 0x000e
02-12 10:55:05.940 I/dalvikvm(24327): Could not find method android.view.Window.getNavigationBarColor, referenced from method org.chromium.base.ApiCompatibilityUtils.setStatusBarColor
02-12 10:55:05.940 W/dalvikvm(24327): VFY: unable to resolve virtual method 1268: Landroid/view/Window;.getNavigationBarColor ()I
02-12 10:55:05.940 D/dalvikvm(24327): VFY: replacing opcode 0x6e at 0x0010
02-12 10:55:05.940 I/dalvikvm(24327): Could not find method android.view.Window.setStatusBarColor, referenced from method org.chromium.base.ApiCompatibilityUtils.setStatusBarColor
02-12 10:55:05.940 W/dalvikvm(24327): VFY: unable to resolve virtual method 1274: Landroid/view/Window;.setStatusBarColor (I)V
02-12 10:55:05.940 D/dalvikvm(24327): VFY: replacing opcode 0x6e at 0x0019
02-12 10:55:05.940 E/dalvikvm(24327): Could not find class 'android.app.ActivityManager$TaskDescription', referenced from method org.chromium.base.ApiCompatibilityUtils.setTaskDescription
02-12 10:55:05.940 W/dalvikvm(24327): VFY: unable to resolve new-instance 13 (Landroid/app/ActivityManager$TaskDescription;) in Lorg/chromium/base/ApiCompatibilityUtils;
02-12 10:55:05.940 D/dalvikvm(24327): VFY: replacing opcode 0x22 at 0x0006
02-12 10:55:05.940 D/dalvikvm(24327): DexOpt: unable to opt direct call 0x002f at 0x08 in Lorg/chromium/base/ApiCompatibilityUtils;.setTaskDescription
02-12 10:55:05.940 W/Vold    (  163): Returning OperationFailed - no handler for errno 30
02-12 10:55:05.950 I/chromium(24327): [INFO:xwalk_extension_renderer_controller.cc(47)] EXTENSION PROCESS DISABLED.
02-12 10:55:05.960 D/CordovaActivity(24327): Resuming the App
02-12 10:55:05.970 D/SoftKeyboardDetect(24327): Ignore this event
02-12 10:55:05.970 D/        (24327): droid_create_context : config id = 5 conf->NativeVisualID=1
02-12 10:55:05.970 D/        (24327): Pixel Format : GGL_PIXEL_FORMAT_RGBA_8888
02-12 10:55:05.970 I/        (24327): Requested context : GLES 2.0
02-12 10:55:05.980 D/        (24327): Pixel Format : GGL_PIXEL_FORMAT_RGBA_8888
02-12 10:55:05.980 D/OpenGLRenderer(24327): Enabling debug mode 0
02-12 10:55:06.000 D/        (24327): Pixel Format : GGL_PIXEL_FORMAT_RGBA_8888
02-12 10:55:06.000 D/        (24327): droid_create_context : config id = 1 conf->NativeVisualID=1
02-12 10:55:06.000 D/        (24327): Pixel Format : GGL_PIXEL_FORMAT_RGBA_8888
02-12 10:55:06.000 I/        (24327): Requested context : GLES 2.0
02-12 10:55:06.000 D/SoftKeyboardDetect(24327): Ignore this event
02-12 10:55:06.000 D/XT9IME  (  722): new subtype :zh_CN ,pinyin
02-12 10:55:06.030 D/ImageWallpaper(  566): onVisibilityChanged: mVisible, visible=true, false
02-12 10:55:06.030 D/ImageWallpaper(  566): Visibility changed to visible=false
02-12 10:55:06.030 D/ImageWallpaper(  566): Suppressed drawFrame since redraw is not needed and offsets have not changed.
02-12 10:55:06.050 D/CordovaActivity(24327): onMessage(onPageStarted,file:///android_asset/www/index.html)
02-12 10:55:06.050 W/BindingManager(24327): Cannot call determinedVisibility() - never saw a connection for the pid: 24327
02-12 10:55:06.050 D/BatteryStatsImpl(  504): noteStopWakeLocked system isFromForeground = false
02-12 10:55:06.060 I/ActivityManager(  504): Displayed org.xwalk.webapi_service_tests/.webapi_service_tests: +404ms
02-12 10:55:06.080 D/CordovaActivity(24327): onMessage(onPageFinished,file:///android_asset/www/index.html)
02-12 10:55:07.090 D/CordovaActivity(24327): onMessage(onPageStarted,http://127.0.0.1:8080/index.html)
02-12 10:55:07.220 W/BindingManager(24327): Cannot call determinedVisibility() - never saw a connection for the pid: 24327
02-12 10:55:07.420 I/chromium(24327): [INFO:CONSOLE(0)] "Synchronous XMLHttpRequest on the main thread is deprecated because of its detrimental effects to the end user's experience. For more help, check http://xhr.spec.whatwg.org/.", source:  (0)
02-12 10:55:07.470 D/CordovaActivity(24327): onMessage(onPageFinished,http://127.0.0.1:8080/index.html)
02-12 10:55:08.090 D/CordovaActivity(24327): onMessage(spinner,stop)
02-12 10:55:08.100 D/        (24327): Pixel Format : GGL_PIXEL_FORMAT_RGBA_8888
02-12 10:55:08.100 D/        (24327): droid_create_context : config id = 1 conf->NativeVisualID=1
02-12 10:55:08.100 D/        (24327): Pixel Format : GGL_PIXEL_FORMAT_RGBA_8888
02-12 10:55:08.100 I/        (24327): Requested context : GLES 2.0
02-12 10:55:08.140 D/        (24327): Swap interval set to = 1 value
02-12 10:55:08.210 D/        (24327): Pixel Format : GGL_PIXEL_FORMAT_RGBA_8888
02-12 10:55:08.210 D/        (24327): droid_create_context : config id = 1 conf->NativeVisualID=1
02-12 10:55:08.210 D/        (24327): Pixel Format : GGL_PIXEL_FORMAT_RGBA_8888
02-12 10:55:08.210 I/        (24327): Requested context : GLES 2.0
02-12 10:55:08.660 I/chromium(24327): [INFO:CONSOLE(0)] "XMLHttpRequest cannot load http://127.0.0.1:8080/opt/tct-xmlhttprequest-w3c-tests/xmlhttprequest/w3c/resources/redirect.cgi?location=mailto:someone@example.org&code=302. The request was redirected to a URL ('mailto:someone@example.org') which has a disallowed scheme for cross-origin requests.", source: http://127.0.0.1:8080/opt/tct-xmlhttprequest-w3c-tests/xmlhttprequest/w3c/send-redirect-bogus.htm (0)
02-12 10:55:08.670 I/chromium(24327): [INFO:CONSOLE(0)] "XMLHttpRequest cannot load http://127.0.0.1:8080/opt/tct-xmlhttprequest-w3c-tests/xmlhttprequest/w3c/resources/redirect.cgi?location=foobar:someone@example.org&code=303. The request was redirected to a URL ('foobar:someone@example.org') which has a disallowed scheme for cross-origin requests.", source: http://127.0.0.1:8080/opt/tct-xmlhttprequest-w3c-tests/xmlhttprequest/w3c/send-redirect-bogus.htm (0)
02-12 10:55:09.480 D/CordovaActivity(24327): onMessage(spinner,stop)
02-12 10:55:09.480 W/BindingManager(24327): Cannot call determinedVisibility() - never saw a connection for the pid: 24327
02-12 10:55:09.550 D/EVENT_THREAD(  183): void CEventThread::run() POLLIN event on Fd (1)
02-12 10:55:09.550 D/EVENT_THREAD(  183): void CEventThread::run() Do poll with timeout: -1
02-12 10:55:10.220 W/BindingManager(24327): Cannot call determinedVisibility() - never saw a connection for the pid: 24327
02-12 10:55:11.040 W/BindingManager(24327): Cannot call determinedVisibility() - never saw a connection for the pid: 24327
02-12 10:55:11.670 F/libc    (24590): Fatal signal 13 (SIGPIPE) at 0x0000600e (code=0), thread 24590 (inspect-headers)
02-12 10:55:11.740 I/DEBUG   (  170): *** *** *** *** *** *** *** *** *** *** *** *** *** *** *** ***
02-12 10:55:11.740 I/DEBUG   (  170): Build fingerprint: 'asus/CN_K011/K011:4.4.2/KOT49H/CN_user_3.0.23.150_20140626:user/release-keys'
02-12 10:55:11.740 I/DEBUG   (  170): Revision: '0'
02-12 10:55:11.740 I/DEBUG   (  170): pid: 24590, tid: 24590, name: inspect-headers  >>> /system/bin/sh <<<
02-12 10:55:11.740 I/DEBUG   (  170): signal 13 (SIGPIPE), code -6 (SI_TKILL), fault addr --------
02-12 10:55:11.740 I/DEBUG   (  170):     eax ffffffe0  ebx 00000001  ecx 40f8dc14  edx 0000000f
02-12 10:55:11.740 I/DEBUG   (  170):     esi 0000000f  edi 40f8dc14
02-12 10:55:11.740 I/DEBUG   (  170):     xcs 00000073  xds 0000007b  xes 0000007b  xfs 00000000  xss 0000007b
02-12 10:55:11.740 I/DEBUG   (  170):     eip 400e2e66  ebp 00000001  esp bfb95cf0  flags 00000246
02-12 10:55:11.740 I/DEBUG   (  170): 
02-12 10:55:11.740 I/DEBUG   (  170): backtrace:
02-12 10:55:11.740 I/DEBUG   (  170):     #00  pc 00048e66  /system/lib/libc.so (write+22)
02-12 10:55:11.740 I/DEBUG   (  170): 
02-12 10:55:11.740 I/DEBUG   (  170): stack:
02-12 10:55:11.740 I/DEBUG   (  170):          bfb95cb0  00000001  
02-12 10:55:11.740 I/DEBUG   (  170):          bfb95cb4  00b96230  
02-12 10:55:11.740 I/DEBUG   (  170):          bfb95cb8  40f8d810  [heap]
02-12 10:55:11.740 I/DEBUG   (  170):          bfb95cbc  4005fea8  /system/bin/mksh
02-12 10:55:11.740 I/DEBUG   (  170):          bfb95cc0  00000094  
02-12 10:55:11.740 I/DEBUG   (  170):          bfb95cc4  40f8d6b4  [heap]
02-12 10:55:11.740 I/DEBUG   (  170):          bfb95cc8  00000000  
02-12 10:55:11.740 I/DEBUG   (  170):          bfb95ccc  400026bd  /system/bin/mksh (aresize+93)
02-12 10:55:11.740 I/DEBUG   (  170):          bfb95cd0  00000098  
02-12 10:55:11.740 I/DEBUG   (  170):          bfb95cd4  00000098  
02-12 10:55:11.740 I/DEBUG   (  170):          bfb95cd8  00000000  
02-12 10:55:11.740 I/DEBUG   (  170):          bfb95cdc  400025f5  /system/bin/mksh (aresize2+117)
02-12 10:55:11.740 I/DEBUG   (  170):          bfb95ce0  00000024  
02-12 10:55:11.740 I/DEBUG   (  170):          bfb95ce4  00000024  
02-12 10:55:11.740 I/DEBUG   (  170):          bfb95ce8  40002669  /system/bin/mksh (aresize+9)
02-12 10:55:11.740 I/DEBUG   (  170):          bfb95cec  4005fea8  /system/bin/mksh
02-12 10:55:11.740 I/DEBUG   (  170):     #00  bfb95cf0  40f8db60  [heap]
02-12 10:55:11.740 I/DEBUG   (  170):          bfb95cf4  00000000  
02-12 10:55:11.740 I/DEBUG   (  170):          bfb95cf8  4005fea8  /system/bin/mksh
02-12 10:55:11.740 I/DEBUG   (  170):          bfb95cfc  40020c3b  /system/bin/mksh (c_print+971)
02-12 10:55:11.740 I/DEBUG   (  170):          bfb95d00  00000001  
02-12 10:55:11.740 I/DEBUG   (  170):          bfb95d04  40f8dc14  [heap]
02-12 10:55:11.740 I/DEBUG   (  170):          bfb95d08  0000000f  
02-12 10:55:11.740 I/DEBUG   (  170):          bfb95d0c  4003aec6  /system/bin/mksh (ktinit+134)
02-12 10:55:11.740 I/DEBUG   (  170):          bfb95d10  40f8d884  [heap]
02-12 10:55:11.740 I/DEBUG   (  170):          bfb95d14  00000000  
02-12 10:55:11.740 I/DEBUG   (  170):          bfb95d18  00000020  
02-12 10:55:11.740 I/DEBUG   (  170):          bfb95d1c  40f8db74  [heap]
02-12 10:55:11.740 I/DEBUG   (  170):          bfb95d20  00000003  
02-12 10:55:11.740 I/DEBUG   (  170):          bfb95d24  40f8db60  [heap]
02-12 10:55:11.740 I/DEBUG   (  170):          bfb95d28  00000001  
02-12 10:55:11.740 I/DEBUG   (  170):          bfb95d2c  4001e420  /system/bin/mksh (s_put)
02-12 10:55:11.750 W/NativeCrashListener(  504): Couldn't find ProcessRecord for pid 24590
02-12 10:55:11.750 I/BootReceiver(  504): Copying /data/tombstones/tombstone_07 to DropBox (SYSTEM_TOMBSTONE)
02-12 10:55:12.060 I/chromium(24327): [INFO:CONSOLE(0)] "Refused to set unsafe header "Accept-Charset"", source: http://127.0.0.1:8080/opt/tct-xmlhttprequest-w3c-tests/xmlhttprequest/w3c/setrequestheader-header-forbidden.htm (0)
02-12 10:55:12.060 I/chromium(24327): [INFO:CONSOLE(0)] "Refused to set unsafe header "Accept-Encoding"", source: http://127.0.0.1:8080/opt/tct-xmlhttprequest-w3c-tests/xmlhttprequest/w3c/setrequestheader-header-forbidden.htm (0)
02-12 10:55:12.060 I/chromium(24327): [INFO:CONSOLE(0)] "Refused to set unsafe header "Connection"", source: http://127.0.0.1:8080/opt/tct-xmlhttprequest-w3c-tests/xmlhttprequest/w3c/setrequestheader-header-forbidden.htm (0)
02-12 10:55:12.060 I/chromium(24327): [INFO:CONSOLE(0)] "Refused to set unsafe header "Content-Length"", source: http://127.0.0.1:8080/opt/tct-xmlhttprequest-w3c-tests/xmlhttprequest/w3c/setrequestheader-header-forbidden.htm (0)
02-12 10:55:12.060 I/chromium(24327): [INFO:CONSOLE(0)] "Refused to set unsafe header "Cookie"", source: http://127.0.0.1:8080/opt/tct-xmlhttprequest-w3c-tests/xmlhttprequest/w3c/setrequestheader-header-forbidden.htm (0)
02-12 10:55:12.060 I/chromium(24327): [INFO:CONSOLE(0)] "Refused to set unsafe header "Cookie2"", source: http://127.0.0.1:8080/opt/tct-xmlhttprequest-w3c-tests/xmlhttprequest/w3c/setrequestheader-header-forbidden.htm (0)
02-12 10:55:12.060 I/chromium(24327): [INFO:CONSOLE(0)] "Refused to set unsafe header "Date"", source: http://127.0.0.1:8080/opt/tct-xmlhttprequest-w3c-tests/xmlhttprequest/w3c/setrequestheader-header-forbidden.htm (0)
02-12 10:55:12.060 I/chromium(24327): [INFO:CONSOLE(0)] "Refused to set unsafe header "DNT"", source: http://127.0.0.1:8080/opt/tct-xmlhttprequest-w3c-tests/xmlhttprequest/w3c/setrequestheader-header-forbidden.htm (0)
02-12 10:55:12.060 I/chromium(24327): [INFO:CONSOLE(0)] "Refused to set unsafe header "Expect"", source: http://127.0.0.1:8080/opt/tct-xmlhttprequest-w3c-tests/xmlhttprequest/w3c/setrequestheader-header-forbidden.htm (0)
02-12 10:55:12.060 I/chromium(24327): [INFO:CONSOLE(0)] "Refused to set unsafe header "Host"", source: http://127.0.0.1:8080/opt/tct-xmlhttprequest-w3c-tests/xmlhttprequest/w3c/setrequestheader-header-forbidden.htm (0)
02-12 10:55:12.060 I/chromium(24327): [INFO:CONSOLE(0)] "Refused to set unsafe header "Keep-Alive"", source: http://127.0.0.1:8080/opt/tct-xmlhttprequest-w3c-tests/xmlhttprequest/w3c/setrequestheader-header-forbidden.htm (0)
02-12 10:55:12.060 I/chromium(24327): [INFO:CONSOLE(0)] "Refused to set unsafe header "Referer"", source: http://127.0.0.1:8080/opt/tct-xmlhttprequest-w3c-tests/xmlhttprequest/w3c/setrequestheader-header-forbidden.htm (0)
02-12 10:55:12.060 I/chromium(24327): [INFO:CONSOLE(0)] "Refused to set unsafe header "TE"", source: http://127.0.0.1:8080/opt/tct-xmlhttprequest-w3c-tests/xmlhttprequest/w3c/setrequestheader-header-forbidden.htm (0)
02-12 10:55:12.060 I/chromium(24327): [INFO:CONSOLE(0)] "Refused to set unsafe header "Trailer"", source: http://127.0.0.1:8080/opt/tct-xmlhttprequest-w3c-tests/xmlhttprequest/w3c/setrequestheader-header-forbidden.htm (0)
02-12 10:55:12.060 I/chromium(24327): [INFO:CONSOLE(0)] "Refused to set unsafe header "Transfer-Encoding"", source: http://127.0.0.1:8080/opt/tct-xmlhttprequest-w3c-tests/xmlhttprequest/w3c/setrequestheader-header-forbidden.htm (0)
02-12 10:55:12.060 I/chromium(24327): [INFO:CONSOLE(0)] "Refused to set unsafe header "Upgrade"", source: http://127.0.0.1:8080/opt/tct-xmlhttprequest-w3c-tests/xmlhttprequest/w3c/setrequestheader-header-forbidden.htm (0)
02-12 10:55:12.060 I/chromium(24327): [INFO:CONSOLE(0)] "Refused to set unsafe header "User-Agent"", source: http://127.0.0.1:8080/opt/tct-xmlhttprequest-w3c-tests/xmlhttprequest/w3c/setrequestheader-header-forbidden.htm (0)
02-12 10:55:12.060 I/chromium(24327): [INFO:CONSOLE(0)] "Refused to set unsafe header "Via"", source: http://127.0.0.1:8080/opt/tct-xmlhttprequest-w3c-tests/xmlhttprequest/w3c/setrequestheader-header-forbidden.htm (0)
02-12 10:55:12.060 I/chromium(24327): [INFO:CONSOLE(0)] "Refused to set unsafe header "Proxy-"", source: http://127.0.0.1:8080/opt/tct-xmlhttprequest-w3c-tests/xmlhttprequest/w3c/setrequestheader-header-forbidden.htm (0)
02-12 10:55:12.060 I/chromium(24327): [INFO:CONSOLE(0)] "Refused to set unsafe header "Proxy-Authorization"", source: http://127.0.0.1:8080/opt/tct-xmlhttprequest-w3c-tests/xmlhttprequest/w3c/setrequestheader-header-forbidden.htm (0)
02-12 10:55:12.060 I/chromium(24327): [INFO:CONSOLE(0)] "Refused to set unsafe header "Sec-"", source: http://127.0.0.1:8080/opt/tct-xmlhttprequest-w3c-tests/xmlhttprequest/w3c/setrequestheader-header-forbidden.htm (0)
02-12 10:55:12.060 I/chromium(24327): [INFO:CONSOLE(0)] "Refused to set unsafe header "Sec-X"", source: http://127.0.0.1:8080/opt/tct-xmlhttprequest-w3c-tests/xmlhttprequest/w3c/setrequestheader-header-forbidden.htm (0)
02-12 10:55:12.880 W/BindingManager(24327): Cannot call determinedVisibility() - never saw a connection for the pid: 24327
02-12 10:55:13.830 W/BindingManager(24327): Cannot call determinedVisibility() - never saw a connection for the pid: 24327
02-12 10:55:14.440 W/BindingManager(24327): Cannot call determinedVisibility() - never saw a connection for the pid: 24327
02-12 10:55:15.090 W/BindingManager(24327): Cannot call determinedVisibility() - never saw a connection for the pid: 24327
02-12 10:55:15.740 W/BindingManager(24327): Cannot call determinedVisibility() - never saw a connection for the pid: 24327
02-12 10:55:16.470 D/EVENT_THREAD(  183): void CEventThread::run() POLLIN event on Fd (1)
02-12 10:55:16.470 D/EVENT_THREAD(  183): void CEventThread::run() Do poll with timeout: -1
02-12 10:55:16.470 D/EVENT_THREAD(  183): void CEventThread::run() POLLIN event on Fd (1)
02-12 10:55:16.470 D/EVENT_THREAD(  183): void CEventThread::run() Do poll with timeout: -1
02-12 10:55:16.470 I/upi_ug31xx(  166): (5080) update_capacity
02-12 10:55:16.470 I/[UPI]   (  166): <UG31/E>[UpiReadCapacity]: V=4175(4171), T=343(343-398), I=-472, C=-3(-3-0)
02-12 10:55:16.470 I/[UPI]   (  166): <UG31/E>[UpiReadCapacity]: (0x10822d5a) 3754 (3634) / 3926 (4028) = 96
02-12 10:55:16.470 I/[UPI]   (  166): <UG31/E>[UpiReadCapacity]: (0x10822d5a) 3754 (3634) / 3926 (4028) = 96
02-12 10:55:16.470 I/[UPI]   (  166): <UG31/E>[UpiReadCapacity]: (0x10822d5a) 3751 (3751) / 3926 (4028) = 96
02-12 10:55:16.470 I/[UPI]   (  166): <UG31/E>[RsocFilterCountTime]: (0x10822d5a) Step=11(668850), Full=5(668850), Lock=668850(1800000)
02-12 10:55:16.470 I/[UPI]   (  166): <UG31/E>[UpiReadCapacity]: (0x10822d5a) 3751 (3751) / 3926 (4028) = 96 (-472--472)
02-12 10:55:16.470 I/[UPI]   (  166): <UG31/E><BATT> M:normal, P:96(96-96)%, V:4171mV, C:-679mA, T:34.3C(398), S:0x10822d5a(100), R:3751mAh, F:3926mAh, Q:298mAh, CC:3, P:30.460(312-0)s, BO:7, 97:615:0-44af-9m:B001-20140514-144301 (16)
02-12 10:55:16.470 I/upi_ug31xx(  166): (5081) backup_data 
02-12 10:55:16.470 V/upi_ug31xx(  166): state->check_backup_count = 20
02-12 10:55:16.490 W/BindingManager(24327): Cannot call determinedVisibility() - never saw a connection for the pid: 24327
02-12 10:55:17.170 W/BindingManager(24327): Cannot call determinedVisibility() - never saw a connection for the pid: 24327
02-12 10:55:17.830 W/BindingManager(24327): Cannot call determinedVisibility() - never saw a connection for the pid: 24327
02-12 10:55:19.480 W/BindingManager(24327): Cannot call determinedVisibility() - never saw a connection for the pid: 24327
02-12 10:55:23.550 W/BindingManager(24327): Cannot call determinedVisibility() - never saw a connection for the pid: 24327
02-12 10:55:25.900 W/BindingManager(24327): Cannot call determinedVisibility() - never saw a connection for the pid: 24327
02-12 10:55:26.580 W/BindingManager(24327): Cannot call determinedVisibility() - never saw a connection for the pid: 24327
02-12 10:55:28.720 W/BindingManager(24327): Cannot call determinedVisibility() - never saw a connection for the pid: 24327
02-12 10:55:29.700 W/BindingManager(24327): Cannot call determinedVisibility() - never saw a connection for the pid: 24327
02-12 10:55:30.920 W/BindingManager(24327): Cannot call determinedVisibility() - never saw a connection for the pid: 24327
02-12 10:55:33.070 W/BindingManager(24327): Cannot call determinedVisibility() - never saw a connection for the pid: 24327
02-12 10:55:35.340 W/BindingManager(24327): Cannot call determinedVisibility() - never saw a connection for the pid: 24327
02-12 10:55:37.710 W/BindingManager(24327): Cannot call determinedVisibility() - never saw a connection for the pid: 24327
02-12 10:55:38.720 W/BindingManager(24327): Cannot call determinedVisibility() - never saw a connection for the pid: 24327
02-12 10:55:39.260 D/wpa_supplicant(  651): wlan0: Starting AP scan for wildcard SSID
02-12 10:55:39.260 D/wpa_supplicant(  651): WPS: Building WPS IE for Probe Request
02-12 10:55:39.260 D/wpa_supplicant(  651): WPS:  * Version (hardcoded 0x10)
02-12 10:55:39.260 D/wpa_supplicant(  651): WPS:  * Request Type
02-12 10:55:39.260 D/wpa_supplicant(  651): WPS:  * Config Methods (4288)
02-12 10:55:39.260 D/wpa_supplicant(  651): WPS:  * UUID-E
02-12 10:55:39.260 D/wpa_supplicant(  651): WPS:  * Primary Device Type
02-12 10:55:39.260 D/wpa_supplicant(  651): WPS:  * RF Bands (1)
02-12 10:55:39.260 D/wpa_supplicant(  651): WPS:  * Association State
02-12 10:55:39.260 D/wpa_supplicant(  651): WPS:  * Configuration Error (0)
02-12 10:55:39.260 D/wpa_supplicant(  651): WPS:  * Device Password ID (0)
02-12 10:55:39.260 D/wpa_supplicant(  651): WPS:  * Manufacturer
02-12 10:55:39.260 D/wpa_supplicant(  651): WPS:  * Model Name
02-12 10:55:39.260 D/wpa_supplicant(  651): WPS:  * Model Number
02-12 10:55:39.260 D/wpa_supplicant(  651): WPS:  * Device Name
02-12 10:55:39.260 D/wpa_supplicant(  651): WPS:  * Version2 (0x20)
02-12 10:55:39.260 D/wpa_supplicant(  651): P2P: * P2P IE header
02-12 10:55:39.260 D/wpa_supplicant(  651): P2P: * Capability dev=25 group=00
02-12 10:55:39.260 D/wpa_supplicant(  651): P2P: * Listen Channel: Regulatory Class 81 Channel 11
02-12 10:55:39.260 D/wpa_supplicant(  651): wlan0: nl80211: scan request
02-12 10:55:39.320 D/wpa_supplicant(  651): Scan requested (ret=0) - scan timeout 30 seconds
02-12 10:55:39.320 D/wpa_supplicant(  651): nl80211: Drv Event 33 (NL80211_CMD_TRIGGER_SCAN) received for wlan0
02-12 10:55:39.320 D/wpa_supplicant(  651): wlan0: nl80211: Scan trigger
02-12 10:55:39.390 W/BindingManager(24327): Cannot call determinedVisibility() - never saw a connection for the pid: 24327
02-12 10:55:40.440 D/wpa_supplicant(  651): nl80211: Drv Event 34 (NL80211_CMD_NEW_SCAN_RESULTS) received for wlan0
02-12 10:55:40.440 D/wpa_supplicant(  651): wlan0: nl80211: New scan results available
02-12 10:55:40.440 D/wpa_supplicant(  651): wlan0: Event SCAN_RESULTS (3) received
02-12 10:55:40.440 D/wpa_supplicant(  651): nl80211: Received scan results (23 BSSes)
02-12 10:55:40.440 D/wpa_supplicant(  651): nl80211: Survey data missing
02-12 10:55:40.440 D/wpa_supplicant(  651): wlan0: BSS: Start scan result update 275
02-12 10:55:40.440 D/wpa_supplicant(  651): wlan0: BSS: Add new id 647 BSSID 80:1f:02:43:fb:e8 SSID 'Edimax AP'
02-12 10:55:40.440 D/wpa_supplicant(  651): CTRL_IFACE monitor send - hexdump(len=39): 2f 64 61 74 61 2f 6d 69 73 63 2f 77 69 66 69 2f 73 6f 63 6b 65 74 73 2f 77 70 61 5f 63 74 72 6c ...
02-12 10:55:40.440 D/wpa_supplicant(  651): wlan0: BSS: Add new id 648 BSSID c0:cb:38:7f:c9:09 SSID '360WiFi-7908'
02-12 10:55:40.440 D/wpa_supplicant(  651): CTRL_IFACE monitor send - hexdump(len=39): 2f 64 61 74 61 2f 6d 69 73 63 2f 77 69 66 69 2f 73 6f 63 6b 65 74 73 2f 77 70 61 5f 63 74 72 6c ...
02-12 10:55:40.440 D/wpa_supplicant(  651): BSS: last_scan_res_used=23/32 last_scan_full=0
02-12 10:55:40.440 D/wpa_supplicant(  651): wlan0: New scan results available
02-12 10:55:40.440 D/wpa_supplicant(  651): CTRL_IFACE monitor send - hexdump(len=39): 2f 64 61 74 61 2f 6d 69 73 63 2f 77 69 66 69 2f 73 6f 63 6b 65 74 73 2f 77 70 61 5f 63 74 72 6c ...
02-12 10:55:40.440 D/wpa_supplicant(  651): CTRL_IFACE monitor send - hexdump(len=39): 2f 64 61 74 61 2f 6d 69 73 63 2f 77 69 66 69 2f 73 6f 63 6b 65 74 73 2f 77 70 61 5f 63 74 72 6c ...
02-12 10:55:40.440 D/wpa_supplicant(  651): Authorize channel 1
02-12 10:55:40.440 D/wpa_supplicant(  651): Authorize channel 2
02-12 10:55:40.440 D/wpa_supplicant(  651): Authorize channel 3
02-12 10:55:40.440 D/wpa_supplicant(  651): Authorize channel 4
02-12 10:55:40.440 D/wpa_supplicant(  651): Authorize channel 5
02-12 10:55:40.440 D/wpa_supplicant(  651): Authorize channel 6
02-12 10:55:40.440 D/wpa_supplicant(  651): Authorize channel 7
02-12 10:55:40.440 D/wpa_supplicant(  651): Authorize channel 8
02-12 10:55:40.440 D/wpa_supplicant(  651): Authorize channel 9
02-12 10:55:40.440 D/wpa_supplicant(  651): Authorize channel 10
02-12 10:55:40.440 D/wpa_supplicant(  651): Authorize channel 11
02-12 10:55:40.440 D/wpa_supplicant(  651): Authorize channel 12
02-12 10:55:40.440 D/wpa_supplicant(  651): Authorize channel 13
02-12 10:55:40.440 D/wpa_supplicant(  651): Authorize channel 1
02-12 10:55:40.440 D/wpa_supplicant(  651): Authorize channel 2
02-12 10:55:40.440 D/wpa_supplicant(  651): Authorize channel 3
02-12 10:55:40.440 D/wpa_supplicant(  651): Authorize channel 4
02-12 10:55:40.440 D/wpa_supplicant(  651): Authorize channel 5
02-12 10:55:40.440 D/wpa_supplicant(  651): Authorize channel 6
02-12 10:55:40.440 D/wpa_supplicant(  651): Authorize channel 7
02-12 10:55:40.440 D/wpa_supplicant(  651): Authorize channel 8
02-12 10:55:40.440 D/wpa_supplicant(  651): Authorize channel 9
02-12 10:55:40.440 D/wpa_supplicant(  651): Authorize channel 10
02-12 10:55:40.440 D/wpa_supplicant(  651): Authorize channel 11
02-12 10:55:40.440 I/WifiHW  (  504): EVENT: IFNAME=wlan0 CTRL-EVENT-BSS-ADDED 647 80:1f:02:43:fb:e8
02-12 10:55:40.440 D/wpa_supplicant(  651): Authorize channel 12
02-12 10:55:40.440 D/wpa_supplicant(  651): Authorize channel 13
02-12 10:55:40.440 D/wpa_supplicant(  651): Add access point on channel 6
02-12 10:55:40.440 D/wpa_supplicant(  651): Add access point on channel 11
02-12 10:55:40.440 D/wpa_supplicant(  651): Add access point on channel 4
02-12 10:55:40.440 D/wpa_supplicant(  651): Add access point on channel 11
02-12 10:55:40.440 D/wpa_supplicant(  651): Add access point on channel 6
02-12 10:55:40.440 D/wpa_supplicant(  651): Add access point on channel 1
02-12 10:55:40.440 D/wpa_supplicant(  651): Add access point on channel 11
02-12 10:55:40.440 D/wpa_supplicant(  651): Add access point on channel 6
02-12 10:55:40.440 D/wpa_supplicant(  651): Add access point on channel 6
02-12 10:55:40.440 D/wpa_supplicant(  651): Add access point on channel 1
02-12 10:55:40.440 D/wpa_supplicant(  651): Add access point on channel 6
02-12 10:55:40.440 D/wpa_supplicant(  651): Add access point on channel 11
02-12 10:55:40.440 D/wpa_supplicant(  651): Add access point on channel 6
02-12 10:55:40.440 D/wpa_supplicant(  651): Add access point on channel 1
02-12 10:55:40.440 D/wpa_supplicant(  651): Add access point on channel 6
02-12 10:55:40.440 D/wpa_supplicant(  651): Add access point on channel 9
02-12 10:55:40.440 D/wpa_supplicant(  651): Add access point on channel 6
02-12 10:55:40.440 I/WifiHW  (  504): EVENT: IFNAME=wlan0 CTRL-EVENT-BSS-ADDED 648 c0:cb:38:7f:c9:09
02-12 10:55:40.440 D/wpa_supplicant(  651): Add access point on channel 6
02-12 10:55:40.440 D/wpa_supplicant(  651): Add access point on channel 8
02-12 10:55:40.440 D/wpa_supplicant(  651): Add access point on channel 1
02-12 10:55:40.440 D/wpa_supplicant(  651): Add access point on channel 6
02-12 10:55:40.440 D/wpa_supplicant(  651): Add access point on channel 6
02-12 10:55:40.440 D/wpa_supplicant(  651): Add access point on channel 6
02-12 10:55:40.440 D/wpa_supplicant(  651): Add access point on channel 6
02-12 10:55:40.440 D/wpa_supplicant(  651): Add access point on channel 1
02-12 10:55:40.440 D/wpa_supplicant(  651): Add access point on channel 1
02-12 10:55:40.440 D/wpa_supplicant(  651): Add access point on channel 1
02-12 10:55:40.440 D/wpa_supplicant(  651): Add access point on channel 1
02-12 10:55:40.440 D/wpa_supplicant(  651): Add access point on channel 6
02-12 10:55:40.440 D/wpa_supplicant(  651): Best Operating channel is = 11
02-12 10:55:40.440 D/wpa_supplicant(  651): WPS: AP[0] f8:d1:11:e7:99:e8 type=0 tries=0 last_attempt=-1 sec ago blacklist=0
02-12 10:55:40.440 D/wpa_supplicant(  651): WPS: AP[1] 10:c3:7b:d2:e5:e0 type=0 tries=0 last_attempt=-1 sec ago blacklist=0
02-12 10:55:40.440 D/wpa_supplicant(  651): WPS: AP[2] b0:48:7a:20:66:6a type=0 tries=0 last_attempt=-1 sec ago blacklist=0
02-12 10:55:40.440 D/wpa_supplicant(  651): WPS: AP[3] cc:34:29:2b:26:4c type=0 tries=0 last_attempt=-1 sec ago blacklist=0
02-12 10:55:40.440 D/wpa_supplicant(  651): WPS: AP[4] cc:34:29:2c:fb:ec type=0 tries=0 last_attempt=-1 sec ago blacklist=0
02-12 10:55:40.440 D/wpa_supplicant(  651): WPS: AP[5] 44:94:fc:3d:da:38 type=0 tries=0 last_attempt=-1 sec ago blacklist=0
02-12 10:55:40.440 D/wpa_supplicant(  651): WPS: AP[6] c0:c1:c0:76:81:3c type=0 tries=0 last_attempt=-1 sec ago blacklist=0
02-12 10:55:40.440 D/wpa_supplicant(  651): WPS: AP[7] 98:fc:11:81:35:fb type=0 tries=0 last_attempt=-1 sec ago blacklist=0
02-12 10:55:40.440 I/WifiHW  (  504): EVENT: IFNAME=wlan0 CTRL-EVENT-SCAN-RESULTS 
02-12 10:55:40.440 D/wpa_supplicant(  651): WPS: AP[8] b0:48:7a:51:ff:cc type=0 tries=0 last_attempt=-1 sec ago blacklist=0
02-12 10:55:40.440 D/wpa_supplicant(  651): WPS: AP[9] 14:d6:4d:28:ef:c8 type=0 tries=0 last_attempt=-1 sec ago blacklist=0
02-12 10:55:40.440 D/wpa_supplicant(  651): WPS: AP[10] 7a:ff:57:00:13:56 type=0 tries=0 last_attempt=-1 sec ago blacklist=0
02-12 10:55:40.440 D/wpa_supplicant(  651): WPS: AP[11] c8:d7:19:60:62:f2 type=0 tries=0 last_attempt=-1 sec ago blacklist=0
02-12 10:55:40.440 D/wpa_supplicant(  651): WPS: AP[12] c0:a0:bb:20:3b:84 type=0 tries=0 last_attempt=-1 sec ago blacklist=0
02-12 10:55:40.440 D/wpa_supplicant(  651): WPS: AP[13] 5e:f3:70:0c:91:9a type=0 tries=0 last_attempt=-1 sec ago blacklist=0
02-12 10:55:40.440 D/wpa_supplicant(  651): WPS: AP[14] 02:09:4c:42:36:90 type=0 tries=0 last_attempt=-1 sec ago blacklist=0
02-12 10:55:40.440 D/wpa_supplicant(  651): WPS: AP[15] e4:d3:32:36:2e:54 type=0 tries=0 last_attempt=-1 sec ago blacklist=0
02-12 10:55:40.440 D/wpa_supplicant(  651): wlan0: Selecting BSS from priority group 17
02-12 10:55:40.440 D/wpa_supplicant(  651): wlan0: 0: 6c:8b:2f:e9:d1:da ssid='ZTE_AP_1640' wpa_ie_len=0 rsn_ie_len=20 caps=0x511 level=-46
02-12 10:55:40.440 I/WifiHW  (  504): EVENT: IFNAME=wlan0 WPS-AP-AVAILABLE 
02-12 10:55:40.440 D/wpa_supplicant(  651): wlan0:    skip - SSID mismatch
02-12 10:55:40.440 D/wpa_supplicant(  651): wlan0: 1: f8:d1:11:e7:99:e8 ssid='videotest' wpa_ie_len=22 rsn_ie_len=20 caps=0x531 level=-48 wps
02-12 10:55:40.440 D/wpa_supplicant(  651): wlan0:    skip - SSID mismatch
02-12 10:55:40.440 D/wpa_supplicant(  651): wlan0: 2: 10:c3:7b:d2:e5:e0 ssid='ASUS_RT-AC66U-2.4G' wpa_ie_len=0 rsn_ie_len=20 caps=0x411 level=-55 wps
02-12 10:55:40.440 D/wpa_supplicant(  651): wlan0:    skip - SSID mismatch
02-12 10:55:40.440 D/wpa_supplicant(  651): wlan0: 3: 02:1a:11:fd:45:ed ssid='Android' wpa_ie_len=0 rsn_ie_len=20 caps=0x511 level=-58
02-12 10:55:40.440 D/wpa_supplicant(  651): wlan0:    skip - SSID mismatch
02-12 10:55:40.440 D/wpa_supplicant(  651): wlan0: 4: 6c:8b:2f:e8:38:24 ssid='ZTE_AP_6703' wpa_ie_len=0 rsn_ie_len=20 caps=0x511 level=-59
02-12 10:55:40.440 D/wpa_supplicant(  651): wlan0:    skip - SSID mismatch
02-12 10:55:40.440 I/WifiHW  (  504): CMD: IFNAME=wlan0 BSS RANGE=0- MASK=0x21987
02-12 10:55:40.440 D/wpa_supplicant(  651): wlan0: 5: c0:c1:c0:76:81:3c ssid='E2000' wpa_ie_len=0 rsn_ie_len=20 caps=0x411 level=-61 wps
02-12 10:55:40.440 D/wpa_supplicant(  651): wlan0:    skip - SSID mismatch
02-12 10:55:40.440 D/wpa_supplicant(  651): wlan0: 6: cc:34:29:2b:26:4c ssid='cws-test' wpa_ie_len=0 rsn_ie_len=20 caps=0x431 level=-61 wps
02-12 10:55:40.440 D/wpa_supplicant(  651): wlan0:    skip - SSID mismatch
02-12 10:55:40.440 D/wpa_supplicant(  651): wlan0: 7: b0:48:7a:20:66:6a ssid='TP-LINK_20666A' wpa_ie_len=22 rsn_ie_len=20 caps=0x431 level=-62 wps
02-12 10:55:40.440 D/wpa_supplicant(  651): wlan0:    skip - SSID mismatch
02-12 10:55:40.440 D/wpa_supplicant(  651): wlan0: 8: 44:94:fc:3d:da:38 ssid='6300' wpa_ie_len=0 rsn_ie_len=20 caps=0x411 level=-63 wps
02-12 10:55:40.440 D/wpa_supplicant(  651): wlan0:    skip - SSID mismatch
02-12 10:55:40.440 D/wpa_supplicant(  651): wlan0: 9: 80:1f:02:43:fb:e8 ssid='Edimax AP' wpa_ie_len=0 rsn_ie_len=20 caps=0x411 level=-65
02-12 10:55:40.440 D/wpa_supplicant(  651): wlan0:    skip - SSID mismatch
02-12 10:55:40.440 D/wpa_supplicant(  651): wlan0: 10: b0:48:7a:51:ff:cc ssid='Neusoft TP' wpa_ie_len=22 rsn_ie_len=20 caps=0x431 level=-66 wps
02-12 10:55:40.440 D/wpa_supplicant(  651): wlan0:    skip - SSID mismatch
02-12 10:55:40.440 D/wpa_supplicant(  651): wlan0: 11: cc:34:29:2c:fb:ec ssid='linksys' wpa_ie_len=22 rsn_ie_len=20 caps=0x431 level=-67 wps
02-12 10:55:40.440 D/wpa_supplicant(  651): wlan0:    skip - SSID mismatch
02-12 10:55:40.440 D/wpa_supplicant(  651): wlan0: 12: 98:fc:11:81:35:fb ssid='E2000E' wpa_ie_len=0 rsn_ie_len=20 caps=0x411 level=-68 wps
02-12 10:55:40.440 D/wpa_supplicant(  651): wlan0:    skip - SSID mismatch
02-12 10:55:40.440 D/wpa_supplicant(  651): wlan0: 13: 22:48:9a:ac:31:7f ssid='WiFi874' wpa_ie_len=0 rsn_ie_len=20 caps=0x431 level=-70
02-12 10:55:40.440 D/wpa_supplicant(  651): wlan0:    skip - SSID mismatch
02-12 10:55:40.440 D/wpa_supplicant(  651): wlan0: 14: 1c:65:9d:e8:79:44 ssid='WiFi' wpa_ie_len=0 rsn_ie_len=20 caps=0x511 level=-71
02-12 10:55:40.440 D/wpa_supplicant(  651): wlan0:    skip - SSID mismatch
02-12 10:55:40.440 D/wpa_supplicant(  651): wlan0: 15: 8c:be:be:01:00:49 ssid='mw' wpa_ie_len=0 rsn_ie_len=20 caps=0x431 level=-73
02-12 10:55:40.440 D/wpa_supplicant(  651): wlan0:    skip - SSID mismatch
02-12 10:55:40.440 D/wpa_supplicant(  651): wlan0: 16: 02:1a:11:fa:9e:f1 ssid='love U forever' wpa_ie_len=0 rsn_ie_len=20 caps=0x431 level=-75
02-12 10:55:40.440 D/wpa_supplicant(  651): wlan0:    skip - SSID mismatch
02-12 10:55:40.440 D/wpa_supplicant(  651): wlan0: 17: 74:e5:43:24:f4:5b ssid='Dttest' wpa_ie_len=0 rsn_ie_len=20 caps=0x31 level=-75
02-12 10:55:40.440 D/wpa_supplicant(  651): wlan0:    skip - SSID mismatch
02-12 10:55:40.440 D/wpa_supplicant(  651): wlan0: 18: 00:0f:e2:0f:9f:c1 ssid='321_WAN' wpa_ie_len=28 rsn_ie_len=24 caps=0x411 level=-78
02-12 10:55:40.440 D/wpa_supplicant(  651): wlan0:    skip - SSID mismatch
02-12 10:55:40.440 D/wpa_supplicant(  651): wlan0: 19: c0:cb:38:7f:c9:09 ssid='360WiFi-7908' wpa_ie_len=0 rsn_ie_len=20 caps=0x511 level=-78
02-12 10:55:40.440 D/wpa_supplicant(  651): wlan0:    skip - SSID mismatch
02-12 10:55:40.440 D/wpa_supplicant(  651): wlan0: 20: 02:09:4c:42:36:90 ssid='DIRECT-' wpa_ie_len=0 rsn_ie_len=0 caps=0x410 level=-74
02-12 10:55:40.440 D/wpa_supplicant(  651): wlan0:    skip - SSID mismatch
02-12 10:55:40.440 D/wpa_supplicant(  651): wlan0: 21: 50:bd:5f:4b:29:92 ssid='Internet-2' wpa_ie_len=0 rsn_ie_len=0 caps=0x421 level=-63
02-12 10:55:40.440 D/wpa_supplicant(  651): wlan0:    skip - SSID mismatch
02-12 10:55:40.440 D/wpa_supplicant(  651): wlan0: 22: e4:d3:32:dd:18:62 ssid='Internet' wpa_ie_len=0 rsn_ie_len=0 caps=0x421 level=-69
02-12 10:55:40.440 D/wpa_supplicant(  651): wlan0:    skip - SSID mismatch
02-12 10:55:40.440 D/wpa_supplicant(  651): wlan0: Selecting BSS from priority group 15
02-12 10:55:40.440 D/wpa_supplicant(  651): wlan0: 0: 6c:8b:2f:e9:d1:da ssid='ZTE_AP_1640' wpa_ie_len=0 rsn_ie_len=20 caps=0x511 level=-46
02-12 10:55:40.440 D/wpa_supplicant(  651): wlan0:    skip - SSID mismatch
02-12 10:55:40.440 D/wpa_supplicant(  651): wlan0: 1: f8:d1:11:e7:99:e8 ssid='videotest' wpa_ie_len=22 rsn_ie_len=20 caps=0x531 level=-48 wps
02-12 10:55:40.440 D/wpa_supplicant(  651): wlan0:    skip - SSID mismatch
02-12 10:55:40.440 D/wpa_supplicant(  651): wlan0: 2: 10:c3:7b:d2:e5:e0 ssid='ASUS_RT-AC66U-2.4G' wpa_ie_len=0 rsn_ie_len=20 caps=0x411 level=-55 wps
02-12 10:55:40.440 D/wpa_supplicant(  651): wlan0:    skip - SSID mismatch
02-12 10:55:40.440 D/wpa_supplicant(  651): wlan0: 3: 02:1a:11:fd:45:ed ssid='Android' wpa_ie_len=0 rsn_ie_len=20 caps=0x511 level=-58
02-12 10:55:40.440 D/wpa_supplicant(  651): wlan0:    skip - SSID mismatch
02-12 10:55:40.440 D/wpa_supplicant(  651): wlan0: 4: 6c:8b:2f:e8:38:24 ssid='ZTE_AP_6703' wpa_ie_len=0 rsn_ie_len=20 caps=0x511 level=-59
02-12 10:55:40.440 D/wpa_supplicant(  651): wlan0:    skip - SSID mismatch
02-12 10:55:40.440 D/wpa_supplicant(  651): wlan0: 5: c0:c1:c0:76:81:3c ssid='E2000' wpa_ie_len=0 rsn_ie_len=20 caps=0x411 level=-61 wps
02-12 10:55:40.440 D/wpa_supplicant(  651): wlan0:    skip - SSID mismatch
02-12 10:55:40.440 D/wpa_supplicant(  651): wlan0: 6: cc:34:29:2b:26:4c ssid='cws-test' wpa_ie_len=0 rsn_ie_len=20 caps=0x431 level=-61 wps
02-12 10:55:40.440 D/wpa_supplicant(  651): wlan0:    skip - SSID mismatch
02-12 10:55:40.440 D/wpa_supplicant(  651): wlan0: 7: b0:48:7a:20:66:6a ssid='TP-LINK_20666A' wpa_ie_len=22 rsn_ie_len=20 caps=0x431 level=-62 wps
02-12 10:55:40.440 D/wpa_supplicant(  651): wlan0:    skip - SSID mismatch
02-12 10:55:40.440 D/wpa_supplicant(  651): wlan0: 8: 44:94:fc:3d:da:38 ssid='6300' wpa_ie_len=0 rsn_ie_len=20 caps=0x411 level=-63 wps
02-12 10:55:40.440 D/wpa_supplicant(  651): wlan0:    skip - SSID mismatch
02-12 10:55:40.450 D/wpa_supplicant(  651): wlan0: 9: 80:1f:02:43:fb:e8 ssid='Edimax AP' wpa_ie_len=0 rsn_ie_len=20 caps=0x411 level=-65
02-12 10:55:40.450 D/wpa_supplicant(  651): wlan0:    skip - SSID mismatch
02-12 10:55:40.450 D/wpa_supplicant(  651): wlan0: 10: b0:48:7a:51:ff:cc ssid='Neusoft TP' wpa_ie_len=22 rsn_ie_len=20 caps=0x431 level=-66 wps
02-12 10:55:40.450 D/wpa_supplicant(  651): wlan0:    skip - SSID mismatch
02-12 10:55:40.450 D/wpa_supplicant(  651): wlan0: 11: cc:34:29:2c:fb:ec ssid='linksys' wpa_ie_len=22 rsn_ie_len=20 caps=0x431 level=-67 wps
02-12 10:55:40.450 D/wpa_supplicant(  651): wlan0:    skip - SSID mismatch
02-12 10:55:40.450 D/wpa_supplicant(  651): wlan0: 12: 98:fc:11:81:35:fb ssid='E2000E' wpa_ie_len=0 rsn_ie_len=20 caps=0x411 level=-68 wps
02-12 10:55:40.450 D/wpa_supplicant(  651): wlan0:    skip - SSID mismatch
02-12 10:55:40.450 D/wpa_supplicant(  651): wlan0: 13: 22:48:9a:ac:31:7f ssid='WiFi874' wpa_ie_len=0 rsn_ie_len=20 caps=0x431 level=-70
02-12 10:55:40.450 D/wpa_supplicant(  651): wlan0:    skip - SSID mismatch
02-12 10:55:40.450 D/wpa_supplicant(  651): wlan0: 14: 1c:65:9d:e8:79:44 ssid='WiFi' wpa_ie_len=0 rsn_ie_len=20 caps=0x511 level=-71
02-12 10:55:40.450 D/wpa_supplicant(  651): wlan0:    skip - SSID mismatch
02-12 10:55:40.450 D/wpa_supplicant(  651): wlan0: 15: 8c:be:be:01:00:49 ssid='mw' wpa_ie_len=0 rsn_ie_len=20 caps=0x431 level=-73
02-12 10:55:40.450 D/wpa_supplicant(  651): wlan0:    skip - SSID mismatch
02-12 10:55:40.450 D/wpa_supplicant(  651): wlan0: 16: 02:1a:11:fa:9e:f1 ssid='love U forever' wpa_ie_len=0 rsn_ie_len=20 caps=0x431 level=-75
02-12 10:55:40.450 D/wpa_supplicant(  651): wlan0:    skip - SSID mismatch
02-12 10:55:40.450 D/wpa_supplicant(  651): wlan0: 17: 74:e5:43:24:f4:5b ssid='Dttest' wpa_ie_len=0 rsn_ie_len=20 caps=0x31 level=-75
02-12 10:55:40.450 D/wpa_supplicant(  651): wlan0:    skip - SSID mismatch
02-12 10:55:40.450 D/wpa_supplicant(  651): wlan0: 18: 00:0f:e2:0f:9f:c1 ssid='321_WAN' wpa_ie_len=28 rsn_ie_len=24 caps=0x411 level=-78
02-12 10:55:40.450 D/wpa_supplicant(  651): wlan0:    skip - SSID mismatch
02-12 10:55:40.450 D/wpa_supplicant(  651): wlan0: 19: c0:cb:38:7f:c9:09 ssid='360WiFi-7908' wpa_ie_len=0 rsn_ie_len=20 caps=0x511 level=-78
02-12 10:55:40.450 D/wpa_supplicant(  651): wlan0:    skip - SSID mismatch
02-12 10:55:40.450 D/wpa_supplicant(  651): wlan0: 20: 02:09:4c:42:36:90 ssid='DIRECT-' wpa_ie_len=0 rsn_ie_len=0 caps=0x410 level=-74
02-12 10:55:40.450 D/wpa_supplicant(  651): wlan0:    skip - SSID mismatch
02-12 10:55:40.450 D/wpa_supplicant(  651): wlan0: 21: 50:bd:5f:4b:29:92 ssid='Internet-2' wpa_ie_len=0 rsn_ie_len=0 caps=0x421 level=-63
02-12 10:55:40.450 D/wpa_supplicant(  651): wlan0:    skip - SSID mismatch
02-12 10:55:40.450 D/wpa_supplicant(  651): wlan0: 22: e4:d3:32:dd:18:62 ssid='Internet' wpa_ie_len=0 rsn_ie_len=0 caps=0x421 level=-69
02-12 10:55:40.450 D/wpa_supplicant(  651): wlan0:    skip - SSID mismatch
02-12 10:55:40.450 D/wpa_supplicant(  651): wlan0: Selecting BSS from priority group 4
02-12 10:55:40.450 D/wpa_supplicant(  651): wlan0: 0: 6c:8b:2f:e9:d1:da ssid='ZTE_AP_1640' wpa_ie_len=0 rsn_ie_len=20 caps=0x511 level=-46
02-12 10:55:40.450 D/wpa_supplicant(  651): wlan0:    skip - disabled
02-12 10:55:40.450 D/wpa_supplicant(  651): wlan0: 1: f8:d1:11:e7:99:e8 ssid='videotest' wpa_ie_len=22 rsn_ie_len=20 caps=0x531 level=-48 wps
02-12 10:55:40.450 D/wpa_supplicant(  651): wlan0:    skip - disabled
02-12 10:55:40.450 D/wpa_supplicant(  651): wlan0: 2: 10:c3:7b:d2:e5:e0 ssid='ASUS_RT-AC66U-2.4G' wpa_ie_len=0 rsn_ie_len=20 caps=0x411 level=-55 wps
02-12 10:55:40.450 D/wpa_supplicant(  651): wlan0:    skip - disabled
02-12 10:55:40.450 D/wpa_supplicant(  651): wlan0: 3: 02:1a:11:fd:45:ed ssid='Android' wpa_ie_len=0 rsn_ie_len=20 caps=0x511 level=-58
02-12 10:55:40.450 D/wpa_supplicant(  651): wlan0:    skip - disabled
02-12 10:55:40.450 D/wpa_supplicant(  651): wlan0: 4: 6c:8b:2f:e8:38:24 ssid='ZTE_AP_6703' wpa_ie_len=0 rsn_ie_len=20 caps=0x511 level=-59
02-12 10:55:40.450 D/wpa_supplicant(  651): wlan0:    skip - disabled
02-12 10:55:40.450 D/wpa_supplicant(  651): wlan0: 5: c0:c1:c0:76:81:3c ssid='E2000' wpa_ie_len=0 rsn_ie_len=20 caps=0x411 level=-61 wps
02-12 10:55:40.450 D/wpa_supplicant(  651): wlan0:    skip - disabled
02-12 10:55:40.450 D/wpa_supplicant(  651): wlan0: 6: cc:34:29:2b:26:4c ssid='cws-test' wpa_ie_len=0 rsn_ie_len=20 caps=0x431 level=-61 wps
02-12 10:55:40.450 D/wpa_supplicant(  651): wlan0:    skip - disabled
02-12 10:55:40.450 D/wpa_supplicant(  651): wlan0: 7: b0:48:7a:20:66:6a ssid='TP-LINK_20666A' wpa_ie_len=22 rsn_ie_len=20 caps=0x431 level=-62 wps
02-12 10:55:40.450 D/wpa_supplicant(  651): wlan0:    skip - disabled
02-12 10:55:40.450 D/wpa_supplicant(  651): wlan0: 8: 44:94:fc:3d:da:38 ssid='6300' wpa_ie_len=0 rsn_ie_len=20 caps=0x411 level=-63 wps
02-12 10:55:40.450 D/wpa_supplicant(  651): wlan0:    skip - disabled
02-12 10:55:40.450 D/wpa_supplicant(  651): wlan0: 9: 80:1f:02:43:fb:e8 ssid='Edimax AP' wpa_ie_len=0 rsn_ie_len=20 caps=0x411 level=-65
02-12 10:55:40.450 D/wpa_supplicant(  651): wlan0:    skip - disabled
02-12 10:55:40.450 D/wpa_supplicant(  651): wlan0: 10: b0:48:7a:51:ff:cc ssid='Neusoft TP' wpa_ie_len=22 rsn_ie_len=20 caps=0x431 level=-66 wps
02-12 10:55:40.450 D/wpa_supplicant(  651): wlan0:    skip - disabled
02-12 10:55:40.450 D/wpa_supplicant(  651): wlan0: 11: cc:34:29:2c:fb:ec ssid='linksys' wpa_ie_len=22 rsn_ie_len=20 caps=0x431 level=-67 wps
02-12 10:55:40.450 D/wpa_supplicant(  651): wlan0:    skip - disabled
02-12 10:55:40.450 D/wpa_supplicant(  651): wlan0: 12: 98:fc:11:81:35:fb ssid='E2000E' wpa_ie_len=0 rsn_ie_len=20 caps=0x411 level=-68 wps
02-12 10:55:40.450 D/wpa_supplicant(  651): wlan0:    skip - disabled
02-12 10:55:40.450 D/wpa_supplicant(  651): wlan0: 13: 22:48:9a:ac:31:7f ssid='WiFi874' wpa_ie_len=0 rsn_ie_len=20 caps=0x431 level=-70
02-12 10:55:40.450 D/wpa_supplicant(  651): wlan0:    skip - disabled
02-12 10:55:40.450 D/wpa_supplicant(  651): wlan0: 14: 1c:65:9d:e8:79:44 ssid='WiFi' wpa_ie_len=0 rsn_ie_len=20 caps=0x511 level=-71
02-12 10:55:40.450 D/wpa_supplicant(  651): wlan0:    skip - disabled
02-12 10:55:40.450 D/wpa_supplicant(  651): wlan0: 15: 8c:be:be:01:00:49 ssid='mw' wpa_ie_len=0 rsn_ie_len=20 caps=0x431 level=-73
02-12 10:55:40.450 D/wpa_supplicant(  651): wlan0:    skip - disabled
02-12 10:55:40.450 D/wpa_supplicant(  651): wlan0: 16: 02:1a:11:fa:9e:f1 ssid='love U forever' wpa_ie_len=0 rsn_ie_len=20 caps=0x431 level=-75
02-12 10:55:40.450 D/wpa_supplicant(  651): wlan0:    skip - disabled
02-12 10:55:40.450 D/wpa_supplicant(  651): wlan0: 17: 74:e5:43:24:f4:5b ssid='Dttest' wpa_ie_len=0 rsn_ie_len=20 caps=0x31 level=-75
02-12 10:55:40.450 D/wpa_supplicant(  651): wlan0:    skip - disabled
02-12 10:55:40.450 D/wpa_supplicant(  651): wlan0: 18: 00:0f:e2:0f:9f:c1 ssid='321_WAN' wpa_ie_len=28 rsn_ie_len=24 caps=0x411 level=-78
02-12 10:55:40.450 D/wpa_supplicant(  651): wlan0:    skip - disabled
02-12 10:55:40.450 D/wpa_supplicant(  651): wlan0: 19: c0:cb:38:7f:c9:09 ssid='360WiFi-7908' wpa_ie_len=0 rsn_ie_len=20 caps=0x511 level=-78
02-12 10:55:40.450 D/wpa_supplicant(  651): wlan0:    skip - disabled
02-12 10:55:40.450 D/wpa_supplicant(  651): wlan0: 20: 02:09:4c:42:36:90 ssid='DIRECT-' wpa_ie_len=0 rsn_ie_len=0 caps=0x410 level=-74
02-12 10:55:40.450 D/wpa_supplicant(  651): wlan0:    skip - disabled
02-12 10:55:40.450 D/wpa_supplicant(  651): wlan0: 21: 50:bd:5f:4b:29:92 ssid='Internet-2' wpa_ie_len=0 rsn_ie_len=0 caps=0x421 level=-63
02-12 10:55:40.450 D/wpa_supplicant(  651): wlan0:    skip - disabled
02-12 10:55:40.450 D/wpa_supplicant(  651): wlan0: 22: e4:d3:32:dd:18:62 ssid='Internet' wpa_ie_len=0 rsn_ie_len=0 caps=0x421 level=-69
02-12 10:55:40.450 D/wpa_supplicant(  651): wlan0:    skip - disabled
02-12 10:55:40.450 D/wpa_supplicant(  651): wlan0: No suitable network found
02-12 10:55:40.450 D/wpa_supplicant(  651): wlan0: Setting scan request: 40 sec 0 usec
02-12 10:55:40.450 D/wpa_supplicant(  651): wlan0: Checking for other virtual interfaces sharing same radio (phy0) in event_scan_results
02-12 10:55:40.450 D/wpa_supplicant(  651): p2p-dev-wlan0: Updating scan results from sibling
02-12 10:55:40.460 D/wpa_supplicant(  651): nl80211: Received scan results (23 BSSes)
02-12 10:55:40.460 D/wpa_supplicant(  651): nl80211: Survey data missing
02-12 10:55:40.460 D/wpa_supplicant(  651): p2p-dev-wlan0: BSS: Start scan result update 268
