02-12 10:54:59.230 D/wpa_supplicant(  651): wlan0: 4: c8:d7:19:60:62:f2 ssid='E3000-2.4G' wpa_ie_len=0 rsn_ie_len=20 caps=0x411 level=-62
02-12 10:54:59.230 D/wpa_supplicant(  651): wlan0:    skip - SSID mismatch
02-12 10:54:59.230 D/wpa_supplicant(  651): wlan0: 5: 02:1a:11:fd:45:ed ssid='Android' wpa_ie_len=0 rsn_ie_len=20 caps=0x511 level=-63
02-12 10:54:59.230 D/wpa_supplicant(  651): wlan0:    skip - SSID mismatch
02-12 10:54:59.230 D/wpa_supplicant(  651): wlan0: 6: 44:94:fc:3d:da:38 ssid='6300' wpa_ie_len=0 rsn_ie_len=20 caps=0x411 level=-64 wps
02-12 10:54:59.230 D/wpa_supplicant(  651): wlan0:    skip - SSID mismatch
02-12 10:54:59.230 D/wpa_supplicant(  651): wlan0: 7: b0:48:7a:20:66:6a ssid='TP-LINK_20666A' wpa_ie_len=22 rsn_ie_len=20 caps=0x431 level=-67 wps
02-12 10:54:59.240 D/wpa_supplicant(  651): wlan0:    skip - SSID mismatch
02-12 10:54:59.240 D/wpa_supplicant(  651): wlan0: 8: e4:d3:32:c0:cf:a4 ssid='fast' wpa_ie_len=0 rsn_ie_len=20 caps=0x411 level=-67
02-12 10:54:59.240 D/wpa_supplicant(  651): wlan0:    skip - SSID mismatch
02-12 10:54:59.240 D/wpa_supplicant(  651): wlan0: 9: 6c:8b:2f:e8:38:24 ssid='ZTE_AP_6703' wpa_ie_len=0 rsn_ie_len=20 caps=0x511 level=-67
02-12 10:54:59.240 D/wpa_supplicant(  651): wlan0:    skip - SSID mismatch
02-12 10:54:59.240 D/wpa_supplicant(  651): wlan0: 10: b0:48:7a:51:ff:cc ssid='Neusoft TP' wpa_ie_len=22 rsn_ie_len=20 caps=0x431 level=-68 wps
02-12 10:54:59.240 D/wpa_supplicant(  651): wlan0:    skip - SSID mismatch
02-12 10:54:59.240 D/wpa_supplicant(  651): wlan0: 11: cc:34:29:2c:fb:ec ssid='linksys' wpa_ie_len=22 rsn_ie_len=20 caps=0x431 level=-70 wps
02-12 10:54:59.240 D/wpa_supplicant(  651): wlan0:    skip - SSID mismatch
02-12 10:54:59.240 D/wpa_supplicant(  651): wlan0: 12: cc:b2:55:e2:84:70 ssid='DLINK_APK' wpa_ie_len=22 rsn_ie_len=20 caps=0x411 level=-70
02-12 10:54:59.240 D/wpa_supplicant(  651): wlan0:    skip - SSID mismatch
02-12 10:54:59.240 D/wpa_supplicant(  651): wlan0: 13: 98:fc:11:81:35:fb ssid='E2000E' wpa_ie_len=0 rsn_ie_len=20 caps=0x411 level=-70 wps
02-12 10:54:59.240 D/wpa_supplicant(  651): wlan0:    skip - SSID mismatch
02-12 10:54:59.240 D/wpa_supplicant(  651): wlan0: 14: 14:d6:4d:28:ef:c8 ssid='dlink' wpa_ie_len=0 rsn_ie_len=20 caps=0x431 level=-73 wps
02-12 10:54:59.240 D/wpa_supplicant(  651): wlan0:    skip - SSID mismatch
02-12 10:54:59.240 D/wpa_supplicant(  651): wlan0: 15: 02:1a:11:fa:9e:f1 ssid='love U forever' wpa_ie_len=0 rsn_ie_len=20 caps=0x431 level=-75
02-12 10:54:59.240 D/wpa_supplicant(  651): wlan0:    skip - SSID mismatch
02-12 10:54:59.240 D/wpa_supplicant(  651): wlan0: 16: 00:0f:e2:0f:9f:c1 ssid='321_WAN' wpa_ie_len=28 rsn_ie_len=24 caps=0x411 level=-76
02-12 10:54:59.240 D/wpa_supplicant(  651): wlan0:    skip - SSID mismatch
02-12 10:54:59.240 D/wpa_supplicant(  651): wlan0: 17: 74:e5:43:24:f4:5b ssid='Dttest' wpa_ie_len=0 rsn_ie_len=20 caps=0x31 level=-76
02-12 10:54:59.240 D/wpa_supplicant(  651): wlan0:    skip - SSID mismatch
02-12 10:54:59.240 D/wpa_supplicant(  651): wlan0: 18: 02:09:4c:42:36:90 ssid='DIRECT-' wpa_ie_len=0 rsn_ie_len=0 caps=0x410 level=-66
02-12 10:54:59.240 D/wpa_supplicant(  651): wlan0:    skip - SSID mismatch
02-12 10:54:59.240 D/wpa_supplicant(  651): wlan0: 19: 02:09:4c:00:b2:61 ssid='DIRECT-' wpa_ie_len=0 rsn_ie_len=0 caps=0x410 level=-66
02-12 10:54:59.240 D/wpa_supplicant(  651): wlan0:    skip - SSID mismatch
02-12 10:54:59.240 D/wpa_supplicant(  651): wlan0: 20: 50:bd:5f:4b:29:92 ssid='Internet-2' wpa_ie_len=0 rsn_ie_len=0 caps=0x421 level=-62
02-12 10:54:59.240 D/wpa_supplicant(  651): wlan0:    skip - SSID mismatch
02-12 10:54:59.240 D/wpa_supplicant(  651): wlan0: 21: e4:d3:32:dd:18:62 ssid='Internet' wpa_ie_len=0 rsn_ie_len=0 caps=0x421 level=-66
02-12 10:54:59.240 D/wpa_supplicant(  651): wlan0:    skip - SSID mismatch
02-12 10:54:59.240 D/wpa_supplicant(  651): wlan0: 22: e4:d3:32:36:2e:54 ssid='MERCURY_362E54' wpa_ie_len=0 rsn_ie_len=0 caps=0x401 level=-88 wps
02-12 10:54:59.240 D/wpa_supplicant(  651): wlan0:    skip - no WPA/RSN proto match
02-12 10:54:59.240 D/wpa_supplicant(  651): wlan0: Selecting BSS from priority group 4
02-12 10:54:59.240 D/wpa_supplicant(  651): wlan0: 0: f8:d1:11:e7:99:e8 ssid='videotest' wpa_ie_len=22 rsn_ie_len=20 caps=0x531 level=-49 wps
02-12 10:54:59.240 D/wpa_supplicant(  651): wlan0:    skip - disabled
02-12 10:54:59.240 D/wpa_supplicant(  651): wlan0: 1: 6c:8b:2f:e9:d1:da ssid='ZTE_AP_1640' wpa_ie_len=0 rsn_ie_len=20 caps=0x511 level=-53
02-12 10:54:59.240 D/wpa_supplicant(  651): wlan0:    skip - disabled
02-12 10:54:59.240 D/wpa_supplicant(  651): wlan0: 2: 10:c3:7b:d2:e5:e0 ssid='ASUS_RT-AC66U-2.4G' wpa_ie_len=0 rsn_ie_len=20 caps=0x411 level=-57 wps
02-12 10:54:59.240 D/wpa_supplicant(  651): wlan0:    skip - disabled
02-12 10:54:59.240 D/wpa_supplicant(  651): wlan0: 3: cc:34:29:2b:26:4c ssid='cws-test' wpa_ie_len=0 rsn_ie_len=20 caps=0x431 level=-60 wps
02-12 10:54:59.240 D/wpa_supplicant(  651): wlan0:    skip - disabled
02-12 10:54:59.240 D/wpa_supplicant(  651): wlan0: 4: c8:d7:19:60:62:f2 ssid='E3000-2.4G' wpa_ie_len=0 rsn_ie_len=20 caps=0x411 level=-62
02-12 10:54:59.240 D/wpa_supplicant(  651): wlan0:    skip - disabled
02-12 10:54:59.240 D/wpa_supplicant(  651): wlan0: 5: 02:1a:11:fd:45:ed ssid='Android' wpa_ie_len=0 rsn_ie_len=20 caps=0x511 level=-63
02-12 10:54:59.240 D/wpa_supplicant(  651): wlan0:    skip - disabled
02-12 10:54:59.240 D/wpa_supplicant(  651): wlan0: 6: 44:94:fc:3d:da:38 ssid='6300' wpa_ie_len=0 rsn_ie_len=20 caps=0x411 level=-64 wps
02-12 10:54:59.240 D/wpa_supplicant(  651): wlan0:    skip - disabled
02-12 10:54:59.240 D/wpa_supplicant(  651): wlan0: 7: b0:48:7a:20:66:6a ssid='TP-LINK_20666A' wpa_ie_len=22 rsn_ie_len=20 caps=0x431 level=-67 wps
02-12 10:54:59.240 D/wpa_supplicant(  651): wlan0:    skip - disabled
02-12 10:54:59.240 D/wpa_supplicant(  651): wlan0: 8: e4:d3:32:c0:cf:a4 ssid='fast' wpa_ie_len=0 rsn_ie_len=20 caps=0x411 level=-67
02-12 10:54:59.240 D/wpa_supplicant(  651): wlan0:    skip - disabled
02-12 10:54:59.240 D/wpa_supplicant(  651): wlan0: 9: 6c:8b:2f:e8:38:24 ssid='ZTE_AP_6703' wpa_ie_len=0 rsn_ie_len=20 caps=0x511 level=-67
02-12 10:54:59.240 D/wpa_supplicant(  651): wlan0:    skip - disabled
02-12 10:54:59.240 D/wpa_supplicant(  651): wlan0: 10: b0:48:7a:51:ff:cc ssid='Neusoft TP' wpa_ie_len=22 rsn_ie_len=20 caps=0x431 level=-68 wps
02-12 10:54:59.240 D/wpa_supplicant(  651): wlan0:    skip - disabled
02-12 10:54:59.240 D/wpa_supplicant(  651): wlan0: 11: cc:34:29:2c:fb:ec ssid='linksys' wpa_ie_len=22 rsn_ie_len=20 caps=0x431 level=-70 wps
02-12 10:54:59.240 D/wpa_supplicant(  651): wlan0:    skip - disabled
02-12 10:54:59.240 D/wpa_supplicant(  651): wlan0: 12: cc:b2:55:e2:84:70 ssid='DLINK_APK' wpa_ie_len=22 rsn_ie_len=20 caps=0x411 level=-70
02-12 10:54:59.240 D/wpa_supplicant(  651): wlan0:    skip - disabled
02-12 10:54:59.240 D/wpa_supplicant(  651): wlan0: 13: 98:fc:11:81:35:fb ssid='E2000E' wpa_ie_len=0 rsn_ie_len=20 caps=0x411 level=-70 wps
02-12 10:54:59.240 D/wpa_supplicant(  651): wlan0:    skip - disabled
02-12 10:54:59.240 D/wpa_supplicant(  651): wlan0: 14: 14:d6:4d:28:ef:c8 ssid='dlink' wpa_ie_len=0 rsn_ie_len=20 caps=0x431 level=-73 wps
02-12 10:54:59.240 D/wpa_supplicant(  651): wlan0:    skip - disabled
02-12 10:54:59.240 D/wpa_supplicant(  651): wlan0: 15: 02:1a:11:fa:9e:f1 ssid='love U forever' wpa_ie_len=0 rsn_ie_len=20 caps=0x431 level=-75
02-12 10:54:59.240 D/wpa_supplicant(  651): wlan0:    skip - disabled
02-12 10:54:59.240 D/wpa_supplicant(  651): wlan0: 16: 00:0f:e2:0f:9f:c1 ssid='321_WAN' wpa_ie_len=28 rsn_ie_len=24 caps=0x411 level=-76
02-12 10:54:59.240 D/wpa_supplicant(  651): wlan0:    skip - disabled
02-12 10:54:59.240 D/wpa_supplicant(  651): wlan0: 17: 74:e5:43:24:f4:5b ssid='Dttest' wpa_ie_len=0 rsn_ie_len=20 caps=0x31 level=-76
02-12 10:54:59.240 D/wpa_supplicant(  651): wlan0:    skip - disabled
02-12 10:54:59.240 D/wpa_supplicant(  651): wlan0: 18: 02:09:4c:42:36:90 ssid='DIRECT-' wpa_ie_len=0 rsn_ie_len=0 caps=0x410 level=-66
02-12 10:54:59.240 D/wpa_supplicant(  651): wlan0:    skip - disabled
02-12 10:54:59.240 D/wpa_supplicant(  651): wlan0: 19: 02:09:4c:00:b2:61 ssid='DIRECT-' wpa_ie_len=0 rsn_ie_len=0 caps=0x410 level=-66
02-12 10:54:59.240 D/wpa_supplicant(  651): wlan0:    skip - disabled
02-12 10:54:59.240 D/wpa_supplicant(  651): wlan0: 20: 50:bd:5f:4b:29:92 ssid='Internet-2' wpa_ie_len=0 rsn_ie_len=0 caps=0x421 level=-62
02-12 10:54:59.240 D/wpa_supplicant(  651): wlan0:    skip - disabled
02-12 10:54:59.240 D/wpa_supplicant(  651): wlan0: 21: e4:d3:32:dd:18:62 ssid='Internet' wpa_ie_len=0 rsn_ie_len=0 caps=0x421 level=-66
02-12 10:54:59.240 D/wpa_supplicant(  651): wlan0:    skip - disabled
02-12 10:54:59.250 D/wpa_supplicant(  651): wlan0: 22: e4:d3:32:36:2e:54 ssid='MERCURY_362E54' wpa_ie_len=0 rsn_ie_len=0 caps=0x401 level=-88 wps
02-12 10:54:59.250 D/wpa_supplicant(  651): wlan0:    skip - disabled
02-12 10:54:59.250 D/wpa_supplicant(  651): wlan0: No suitable network found
02-12 10:54:59.250 D/wpa_supplicant(  651): wlan0: Setting scan request: 40 sec 0 usec
02-12 10:54:59.250 D/wpa_supplicant(  651): wlan0: Checking for other virtual interfaces sharing same radio (phy0) in event_scan_results
02-12 10:54:59.250 D/wpa_supplicant(  651): p2p-dev-wlan0: Updating scan results from sibling
02-12 10:54:59.250 D/wpa_supplicant(  651): nl80211: Received scan results (23 BSSes)
02-12 10:54:59.250 D/wpa_supplicant(  651): nl80211: Survey data missing
02-12 10:54:59.250 D/wpa_supplicant(  651): p2p-dev-wlan0: BSS: Start scan result update 267
02-12 10:54:59.250 D/wpa_supplicant(  651): BSS: No P2P IE - skipping BSS f8:d1:11:e7:99:e8 update for P2P interface
02-12 10:54:59.250 D/wpa_supplicant(  651): BSS: No P2P IE - skipping BSS 6c:8b:2f:e9:d1:da update for P2P interface
02-12 10:54:59.250 D/wpa_supplicant(  651): BSS: No P2P IE - skipping BSS 10:c3:7b:d2:e5:e0 update for P2P interface
02-12 10:54:59.250 D/wpa_supplicant(  651): BSS: No P2P IE - skipping BSS cc:34:29:2b:26:4c update for P2P interface
02-12 10:54:59.250 D/wpa_supplicant(  651): BSS: No P2P IE - skipping BSS c8:d7:19:60:62:f2 update for P2P interface
02-12 10:54:59.250 D/wpa_supplicant(  651): BSS: No P2P IE - skipping BSS 02:1a:11:fd:45:ed update for P2P interface
02-12 10:54:59.250 D/wpa_supplicant(  651): BSS: No P2P IE - skipping BSS 44:94:fc:3d:da:38 update for P2P interface
02-12 10:54:59.250 D/wpa_supplicant(  651): BSS: No P2P IE - skipping BSS b0:48:7a:20:66:6a update for P2P interface
02-12 10:54:59.250 D/wpa_supplicant(  651): BSS: No P2P IE - skipping BSS e4:d3:32:c0:cf:a4 update for P2P interface
02-12 10:54:59.250 D/wpa_supplicant(  651): BSS: No P2P IE - skipping BSS 6c:8b:2f:e8:38:24 update for P2P interface
02-12 10:54:59.250 D/wpa_supplicant(  651): BSS: No P2P IE - skipping BSS b0:48:7a:51:ff:cc update for P2P interface
02-12 10:54:59.250 D/wpa_supplicant(  651): BSS: No P2P IE - skipping BSS cc:34:29:2c:fb:ec update for P2P interface
02-12 10:54:59.250 D/wpa_supplicant(  651): BSS: No P2P IE - skipping BSS cc:b2:55:e2:84:70 update for P2P interface
02-12 10:54:59.250 D/wpa_supplicant(  651): BSS: No P2P IE - skipping BSS 98:fc:11:81:35:fb update for P2P interface
02-12 10:54:59.250 D/wpa_supplicant(  651): BSS: No P2P IE - skipping BSS 14:d6:4d:28:ef:c8 update for P2P interface
02-12 10:54:59.250 D/wpa_supplicant(  651): BSS: No P2P IE - skipping BSS 02:1a:11:fa:9e:f1 update for P2P interface
02-12 10:54:59.250 D/wpa_supplicant(  651): BSS: No P2P IE - skipping BSS 00:0f:e2:0f:9f:c1 update for P2P interface
02-12 10:54:59.250 D/wpa_supplicant(  651): BSS: No P2P IE - skipping BSS 74:e5:43:24:f4:5b update for P2P interface
02-12 10:54:59.250 D/wpa_supplicant(  651): BSS: No P2P IE - skipping BSS 02:09:4c:42:36:90 update for P2P interface
02-12 10:54:59.250 D/wpa_supplicant(  651): BSS: No P2P IE - skipping BSS 02:09:4c:00:b2:61 update for P2P interface
02-12 10:54:59.250 D/wpa_supplicant(  651): BSS: No P2P IE - skipping BSS 50:bd:5f:4b:29:92 update for P2P interface
02-12 10:54:59.250 D/wpa_supplicant(  651): BSS: No P2P IE - skipping BSS e4:d3:32:dd:18:62 update for P2P interface
02-12 10:54:59.250 D/wpa_supplicant(  651): BSS: No P2P IE - skipping BSS e4:d3:32:36:2e:54 update for P2P interface
02-12 10:54:59.250 D/wpa_supplicant(  651): BSS: last_scan_res_used=0/32 last_scan_full=0
02-12 10:54:59.250 D/wpa_supplicant(  651): p2p-dev-wlan0: New scan results available
02-12 10:54:59.250 D/wpa_supplicant(  651): CTRL_IFACE monitor send - hexdump(len=39): 2f 64 61 74 61 2f 6d 69 73 63 2f 77 69 66 69 2f 73 6f 63 6b 65 74 73 2f 77 70 61 5f 63 74 72 6c ...
02-12 10:54:59.250 I/WifiHW  (  504): EVENT: IFNAME=p2p-dev-wlan0 CTRL-EVENT-SCAN-RESULTS 
02-12 10:54:59.250 D/wpa_supplicant(  651): WPS: AP[0] 10:c3:7b:d2:e5:e0 type=0 tries=0 last_attempt=-1 sec ago blacklist=0
02-12 10:54:59.250 D/wpa_supplicant(  651): WPS: AP[1] b0:48:7a:20:66:6a type=0 tries=0 last_attempt=-1 sec ago blacklist=0
02-12 10:54:59.250 D/wpa_supplicant(  651): WPS: AP[2] f8:d1:11:e7:99:e8 type=0 tries=0 last_attempt=-1 sec ago blacklist=0
02-12 10:54:59.250 D/wpa_supplicant(  651): WPS: AP[3] 44:94:fc:3d:da:38 type=0 tries=0 last_attempt=-1 sec ago blacklist=0
02-12 10:54:59.250 D/wpa_supplicant(  651): WPS: AP[4] cc:34:29:2c:fb:ec type=0 tries=0 last_attempt=-1 sec ago blacklist=0
02-12 10:54:59.250 D/wpa_supplicant(  651): WPS: AP[5] c8:d7:19:60:62:f2 type=0 tries=0 last_attempt=-1 sec ago blacklist=0
02-12 10:54:59.250 D/wpa_supplicant(  651): WPS: AP[6] cc:34:29:2b:26:4c type=0 tries=0 last_attempt=-1 sec ago blacklist=0
02-12 10:54:59.250 D/wpa_supplicant(  651): WPS: AP[7] 98:fc:11:81:35:fb type=0 tries=0 last_attempt=-1 sec ago blacklist=0
02-12 10:54:59.250 D/wpa_supplicant(  651): WPS: AP[8] 14:d6:4d:28:ef:c8 type=0 tries=0 last_attempt=-1 sec ago blacklist=0
02-12 10:54:59.250 D/wpa_supplicant(  651): WPS: AP[9] b0:48:7a:51:ff:cc type=0 tries=0 last_attempt=-1 sec ago blacklist=0
02-12 10:54:59.250 D/wpa_supplicant(  651): WPS: AP[10] 7a:ff:57:00:13:56 type=0 tries=0 last_attempt=-1 sec ago blacklist=0
02-12 10:54:59.250 D/wpa_supplicant(  651): WPS: AP[11] c0:a0:bb:20:3b:84 type=0 tries=0 last_attempt=-1 sec ago blacklist=0
02-12 10:54:59.250 D/wpa_supplicant(  651): WPS: AP[12] c0:c1:c0:76:81:3c type=0 tries=0 last_attempt=-1 sec ago blacklist=0
02-12 10:54:59.250 D/wpa_supplicant(  651): WPS: AP[13] 5e:f3:70:0c:91:9a type=0 tries=0 last_attempt=-1 sec ago blacklist=0
02-12 10:54:59.250 D/wpa_supplicant(  651): WPS: AP[14] 02:09:4c:42:36:90 type=0 tries=0 last_attempt=-1 sec ago blacklist=0
02-12 10:54:59.250 D/wpa_supplicant(  651): WPS: AP[15] e4:d3:32:36:2e:54 type=0 tries=0 last_attempt=-1 sec ago blacklist=0
02-12 10:54:59.250 D/wpa_supplicant(  651): p2p-dev-wlan0: No suitable network found
02-12 10:54:59.250 D/wpa_supplicant(  651): p2p-dev-wlan0: Short-circuit new scan request since there are no enabled networks
02-12 10:54:59.250 D/wpa_supplicant(  651): p2p-dev-wlan0: State: INACTIVE -> INACTIVE
02-12 10:54:59.250 D/wpa_supplicant(  651): wlan0: P2P: Station mode scan operation not pending anymore (sta_scan_pending=0 p2p_cb_on_scan_complete=0)
02-12 10:54:59.250 D/wpa_supplicant(  651): RX ctrl_iface - hexdump(len=25): 42 53 53 20 52 41 4e 47 45 3d 30 2d 20 4d 41 53 4b 3d 30 78 32 31 39 38 37
02-12 10:54:59.250 D/wpa_supplicant(  651): wlan0: Control interface command 'BSS RANGE=0- MASK=0x21987'
02-12 10:54:59.250 I/WifiHW  (  504): REPLY: id=328
02-12 10:54:59.250 I/WifiHW  (  504): REPLY: bssid=c8:d7:19:60:62:f2
02-12 10:54:59.250 I/WifiHW  (  504): REPLY: freq=2437
02-12 10:54:59.250 I/WifiHW  (  504): REPLY: level=-62
02-12 10:54:59.250 I/WifiHW  (  504): REPLY: tsf=0000064835418539
02-12 10:54:59.250 I/WifiHW  (  504): REPLY: flags=[WPA2-EAP-CCMP-preauth][ESS]
02-12 10:54:59.250 I/WifiHW  (  504): REPLY: ssid=E3000-2.4G
02-12 10:54:59.250 I/WifiHW  (  504): REPLY: ====
02-12 10:54:59.250 I/WifiHW  (  504): REPLY: id=329
02-12 10:54:59.250 I/WifiHW  (  504): REPLY: bssid=10:c3:7b:d2:e5:e0
02-12 10:54:59.250 I/WifiHW  (  504): REPLY: freq=2462
02-12 10:54:59.250 I/WifiHW  (  504): REPLY: level=-57
02-12 10:54:59.250 I/WifiHW  (  504): REPLY: tsf=0000064835418608
02-12 10:54:59.250 I/WifiHW  (  504): REPLY: flags=[WPA2-PSK-CCMP][WPS][ESS]
02-12 10:54:59.250 I/WifiHW  (  504): REPLY: ssid=ASUS_RT-AC66U-2.4G
02-12 10:54:59.250 I/WifiHW  (  504): REPLY: ====
02-12 10:54:59.250 I/WifiHW  (  504): REPLY: id=331
02-12 10:54:59.250 I/WifiHW  (  504): REPLY: bssid=b0:48:7a:20:66:6a
02-12 10:54:59.250 I/WifiHW  (  504): REPLY: freq=2427
02-12 10:54:59.250 I/WifiHW  (  504): REPLY: level=-67
02-12 10:54:59.250 I/WifiHW  (  504): REPLY: tsf=0000064835418487
02-12 10:54:59.250 I/WifiHW  (  504): REPLY: flags=[WPA-PSK-CCMP][WPA2-PSK-CCMP][WPS][ESS]
02-12 10:54:59.250 I/WifiHW  (  504): REPLY: ssid=TP-LINK_20666A
02-12 10:54:59.250 I/WifiHW  (  504): REPLY: ====
02-12 10:54:59.250 I/WifiHW  (  504): REPLY: id=332
02-12 10:54:59.250 I/WifiHW  (  504): REPLY: bssid=44:94:fc:3d:da:38
02-12 10:54:59.250 I/WifiHW  (  504): REPLY: freq=2462
02-12 10:54:59.250 I/WifiHW  (  504): REPLY: level=-64
02-12 10:54:59.250 I/WifiHW  (  504): REPLY: tsf=0000064835418617
02-12 10:54:59.250 I/WifiHW  (  504): REPLY: flags=[WPA2-PSK-CCMP][WPS][ESS]
02-12 10:54:59.250 I/WifiHW  (  504): REPLY: ssid=6300
02-12 10:54:59.250 I/WifiHW  (  504): REPLY: ====
02-12 10:54:59.250 I/WifiHW  (  504): REPLY: id=333
02-12 10:54:59.250 I/WifiHW  (  504): REPLY: bssid=c0:c1:c0:76:81:3c
02-12 10:54:59.250 I/WifiHW  (  504): REPLY: freq=2437
02-12 10:54:59.250 I/WifiHW  (  504): REPLY: level=-60
02-12 10:54:59.250 I/WifiHW  (  504): REPLY: tsf=0000064794204392
02-12 10:54:59.250 I/WifiHW  (  504): REPLY: flags=[WPA2-PSK-CCMP][WPS][ESS]
02-12 10:54:59.250 I/WifiHW  (  504): REPLY: ssid=E2000
02-12 10:54:59.250 I/WifiHW  (  504): REPLY: ====
02-12 10:54:59.250 I/WifiHW  (  504): REPLY: id=334
02-12 10:54:59.250 I/WifiHW  (  504): REPLY: bssid=98:fc:11:81:35:fb
02-12 10:54:59.250 I/WifiHW  (  504): REPLY: freq=2412
02-12 10:54:59.250 I/WifiHW  (  504): REPLY: level=-70
02-12 10:54:59.250 I/WifiHW  (  504): REPLY: tsf=0000064835418462
02-12 10:54:59.250 I/WifiHW  (  504): REPLY: flags=[WPA2-PSK-CCMP][WPS][ESS]
02-12 10:54:59.250 I/WifiHW  (  504): REPLY: ssid=E2000E
02-12 10:54:59.250 I/WifiHW  (  504): REPLY: ====
02-12 10:54:59.250 I/WifiHW  (  504): REPLY: id=337
02-12 10:54:59.250 I/WifiHW  (  504): REPLY: bssid=cc:34:29:2b:26:4c
02-12 10:54:59.250 I/WifiHW  (  504): REPLY: freq=2462
02-12 10:54:59.250 I/WifiHW  (  504): REPLY: level=-60
02-12 10:54:59.250 I/WifiHW  (  504): REPLY: tsf=0000064835418642
02-12 10:54:59.250 I/WifiHW  (  504): REPLY: flags=[WPA2-PSK-CCMP][WPS][ESS]
02-12 10:54:59.250 I/WifiHW  (  504): REPLY: ssid=cws-test
02-12 10:54:59.250 I/WifiHW  (  504): REPLY: ====
02-12 10:54:59.250 I/WifiHW  (  504): REPLY: id=345
02-12 10:54:59.250 I/WifiHW  (  504): REPLY: bssid=f8:d1:11:e7:99:e8
02-12 10:54:59.250 I/WifiHW  (  504): REPLY: freq=2437
02-12 10:54:59.250 I/WifiHW  (  504): REPLY: level=-49
02-12 10:54:59.250 I/WifiHW  (  504): REPLY: tsf=0000064835418505
02-12 10:54:59.250 I/WifiHW  (  504): REPLY: flags=[WPA-PSK-CCMP][WPA2-PSK-CCMP][WPS][ESS]
02-12 10:54:59.250 I/WifiHW  (  504): REPLY: ssid=videotest
02-12 10:54:59.250 I/WifiHW  (  504): REPLY: ====
02-12 10:54:59.250 I/WifiHW  (  504): REPLY: id=405
02-12 10:54:59.250 I/WifiHW  (  504): REPLY: bssid=02:1a:11:fd:45:ed
02-12 10:54:59.250 I/WifiHW  (  504): REPLY: freq=2437
02-12 10:54:59.250 I/WifiHW  (  504): REPLY: level=-63
02-12 10:54:59.250 I/WifiHW  (  504): REPLY: tsf=0000064835418548
02-12 10:54:59.250 I/WifiHW  (  504): REPLY: flags=[WPA2-PSK-CCMP][ESS]
02-12 10:54:59.250 I/WifiHW  (  504): REPLY: ssid=Android
02-12 10:54:59.250 I/WifiHW  (  504): REPLY: ====
02-12 10:54:59.250 I/WifiHW  (  504): REPLY: id=491
02-12 10:54:59.250 I/WifiHW  (  504): REPLY: bssid=cc:34:29:2c:fb:ec
02-12 10:54:59.250 I/WifiHW  (  504): REPLY: freq=2412
02-12 10:54:59.250 I/WifiHW  (  504): REPLY: level=-70
02-12 10:54:59.250 I/WifiHW  (  504): REPLY: tsf=0000064835418479
02-12 10:54:59.250 I/WifiHW  (  504): REPLY: flags=[WPA-PSK-CCMP][WPA2-PSK-CCMP][WPS][ESS]
02-12 10:54:59.250 I/WifiHW  (  504): REPLY: ssid=linksys
02-12 10:54:59.250 I/WifiHW  (  504): REPLY: ====
02-12 10:54:59.250 I/WifiHW  (  504): REPLY: id=535
02-12 10:54:59.250 I/WifiHW  (  504): REPLY: bssid=50:bd:5f:4b:29:92
02-12 10:54:59.250 I/WifiHW  (  504): REPLY: freq=2437
02-12 10:54:59.250 I/WifiHW  (  504): REPLY: level=-62
02-12 10:54:59.250 I/WifiHW  (  504): REPLY: tsf=0000064835418564
02-12 10:54:59.250 I/WifiHW  (  504): REPLY: flags=[ESS]
02-12 10:54:59.250 I/WifiHW  (  504): REPLY: ssid=Internet-2
02-12 10:54:59.250 I/WifiHW  (  504): REPLY: ====
02-12 10:54:59.250 I/WifiHW  (  504): REPLY: id=550
02-12 10:54:59.250 I/WifiHW  (  504): REPLY: bssid=00:0f:e2:0f:9f:c1
02-12 10:54:59.250 I/WifiHW  (  504): REPLY: freq=2462
02-12 10:54:59.250 I/WifiHW  (  504): REPLY: level=-76
02-12 10:54:59.250 I/WifiHW  (  504): REPLY: tsf=0000064835418634
02-12 10:54:59.250 I/WifiHW  (  504): REPLY: flags=[WPA-PSK-CCMP+TKIP][WPA2-PSK-CCMP+TKIP][ESS]
02-12 10:54:59.250 I/WifiHW  (  504): REPLY: ssid=321_WAN
02-12 10:54:59.250 I/WifiHW  (  504): REPLY: ====
02-12 10:54:59.250 I/WifiHW  (  504): REPLY: id=557
02-12 10:54:59.250 I/WifiHW  (  504): REPLY: bssid=6c:8b:2f:e9:d1:da
02-12 10:54:59.250 I/WifiHW  (  504): REPLY: freq=2437
02-12 10:54:59.250 I/WifiHW  (  504): REPLY: level=-53
02-12 10:54:59.250 I/WifiHW  (  504): REPLY: tsf=0000064835418515
02-12 10:54:59.250 I/WifiHW  (  504): REPLY: flags=[WPA2-PSK-CCMP][ESS]
02-12 10:54:59.250 I/WifiHW  (  504): REPLY: ssid=ZTE_AP_1640
02-12 10:54:59.250 I/WifiHW  (  504): REPLY: ====
02-12 10:54:59.250 I/WifiHW  (  504): REPLY: id=567
02-12 10:54:59.250 I/WifiHW  (  504): REPLY: bssid=8c:be:be:01:00:49
02-12 10:54:59.250 I/WifiHW  (  504): REPLY: freq=2412
02-12 10:54:59.250 I/WifiHW  (  504): REPLY: level=-71
02-12 10:54:59.250 I/WifiHW  (  504): REPLY: tsf=0000064794204293
02-12 10:54:59.250 I/WifiHW  (  504): REPLY: flags=[WPA2-PSK-CCMP][ESS]
02-12 10:54:59.250 I/WifiHW  (  504): REPLY: ssid=mw
02-12 10:54:59.250 I/WifiHW  (  504): REPLY: ====
02-12 10:54:59.250 I/WifiHW  (  504): REPLY: id=570
02-12 10:54:59.250 I/WifiHW  (  504): REPLY: bssid=6c:8b:2f:e8:38:24
02-12 10:54:59.250 I/WifiHW  (  504): REPLY: freq=2437
02-12 10:54:59.250 I/WifiHW  (  504): REPLY: level=-67
02-12 10:54:59.250 I/WifiHW  (  504): REPLY: tsf=0000064835418523
02-12 10:54:59.250 I/WifiHW  (  504): REPLY: flags=[WPA2-PSK-CCMP][ESS]
02-12 10:54:59.250 I/WifiHW  (  504): REPLY: ssid=ZTE_AP_6703
02-12 10:54:59.250 I/WifiHW  (  504): REPLY: ====
02-12 10:54:59.250 I/WifiHW  (  504): REPLY: id=572
02-12 10:54:59.250 I/WifiHW  (  504): REPLY: bssid=b0:48:7a:51:ff:cc
02-12 10:54:59.250 I/WifiHW  (  504): REPLY: freq=2452
02-12 10:54:59.250 I/WifiHW  (  504): REPLY: level=-68
02-12 10:54:59.250 I/WifiHW  (  504): REPLY: tsf=0000064835418598
02-12 10:54:59.250 I/WifiHW  (  504): REPLY: flags=[WPA-PSK-CCMP][WPA2-PSK-CCMP][WPS][ESS]
02-12 10:54:59.250 I/WifiHW  (  504): REPLY: ssid=Neusoft TP
02-12 10:54:59.250 I/WifiHW  (  504): REPLY: ====
02-12 10:54:59.250 I/WifiHW  (  504): REPLY: id=606
02-12 10:54:59.250 I/WifiHW  (  504): REPLY: bssid=e4:d3:32:dd:18:62
02-12 10:54:59.250 I/WifiHW  (  504): REPLY: freq=2437
02-12 10:54:59.250 I/WifiHW  (  504): REPLY: level=-66
02-12 10:54:59.250 I/WifiHW  (  504): REPLY: tsf=0000064835418531
02-12 10:54:59.250 I/WifiHW  (  504): REPLY: flags=[ESS]
02-12 10:54:59.250 I/WifiHW  (  504): REPLY: ssid=Internet
02-12 10:54:59.250 I/WifiHW  (  504): REPLY: ====
02-12 10:54:59.250 I/WifiHW  (  504): REPLY: id=617
02-12 10:54:59.250 I/WifiHW  (  504): REPLY: bssid=22:48:9a:ac:31:7f
02-12 10:54:59.250 I/WifiHW  (  504): REPLY: freq=2437
02-12 10:54:59.250 I/WifiHW  (  504): REPLY: level=-74
02-12 10:54:59.250 I/WifiHW  (  504): REPLY: tsf=0000064794204345
02-12 10:54:59.250 I/WifiHW  (  504): REPLY: flags=[WPA2-PSK-CCMP][ESS]
02-12 10:54:59.250 I/WifiHW  (  504): REPLY: ssid=WiFi874
02-12 10:54:59.250 I/WifiHW  (  504): REPLY: ====
02-12 10:54:59.250 I/WifiHW  (  504): REPLY: id=623
02-12 10:54:59.250 I/WifiHW  (  504): REPLY: bssid=cc:b2:55:e2:84:70
02-12 10:54:59.250 I/WifiHW  (  504): REPLY: freq=2447
02-12 10:54:59.250 I/WifiHW  (  504): REPLY: level=-70
02-12 10:54:59.250 I/WifiHW  (  504): REPLY: tsf=0000064835418588
02-12 10:54:59.250 I/WifiHW  (  504): REPLY: flags=[WPA-PSK-TKIP][WPA2-PSK-TKIP][ESS]
02-12 10:54:59.250 I/WifiHW  (  504): REPLY: ssid=DLINK_APK
02-12 10:54:59.250 I/WifiHW  (  504): REPLY: ====
02-12 10:54:59.250 I/WifiHW  (  504): REPLY: id=632
02-12 10:54:59.250 I/WifiHW  (  504): REPLY: bssid=74:e5:43:24:f4:5b
02-12 10:54:59.250 I/WifiHW  (  504): REPLY: freq=2412
02-12 10:54:59.250 I/WifiHW  (  504): REPLY: level=-76
02-12 10:54:59.250 I/WifiHW  (  504): REPLY: tsf=0000064835418453
02-12 10:54:59.250 I/WifiHW  (  504): REPLY: flags=[WPA2-PSK-CCMP][ESS]
02-12 10:54:59.250 I/WifiHW  (  504): REPLY: ssid=Dttest
02-12 10:54:59.250 I/WifiHW  (  504): REPLY: ====
02-12 10:54:59.250 I/WifiHW  (  504): REPLY: id=636
02-12 10:54:59.250 I/WifiHW  (  504): REPLY: bssid=14:d6:4d:28:ef:c8
02-12 10:54:59.250 I/WifiHW  (  504): REPLY: freq=2437
02-12 10:54:59.250 I/WifiHW  (  504): REPLY: level=-73
02-12 10:54:59.260 I/WifiHW  (  504): REPLY: tsf=0000064835418573
02-12 10:54:59.260 I/WifiHW  (  504): REPLY: flags=[WPA2-PSK-CCMP][WPS][ESS]
02-12 10:54:59.260 I/WifiHW  (  504): REPLY: ssid=dlink
02-12 10:54:59.260 I/WifiHW  (  504): REPLY: ====
02-12 10:54:59.260 I/WifiHW  (  504): REPLY: id=639
02-12 10:54:59.260 I/WifiHW  (  504): REPLY: bssid=1c:65:9d:e8:79:44
02-12 10:54:59.260 I/WifiHW  (  504): REPLY: freq=2437
02-12 10:54:59.260 I/WifiHW  (  504): REPLY: level=-70
02-12 10:54:59.260 I/WifiHW  (  504): REPLY: tsf=0000064794204426
02-12 10:54:59.260 I/WifiHW  (  504): REPLY: flags=[WPA2-PSK-CCMP][ESS]
02-12 10:54:59.260 I/WifiHW  (  504): REPLY: ssid=WiFi
02-12 10:54:59.260 I/WifiHW  (  504): REPLY: ====
02-12 10:54:59.260 I/WifiHW  (  504): REPLY: id=642
02-12 10:54:59.260 I/WifiHW  (  504): REPLY: bssid=e4:d3:32:c0:cf:a4
02-12 10:54:59.260 I/WifiHW  (  504): REPLY: freq=2437
02-12 10:54:59.260 I/WifiHW  (  504): REPLY: level=-67
02-12 10:54:59.260 I/WifiHW  (  504): REPLY: tsf=0000064835418556
02-12 10:54:59.260 I/WifiHW  (  504): REPLY: flags=[WPA2-PSK-CCMP][ESS]
02-12 10:54:59.260 I/WifiHW  (  504): REPLY: ssid=fast
02-12 10:54:59.260 I/WifiHW  (  504): REPLY: ====
02-12 10:54:59.260 I/WifiHW  (  504): REPLY: id=643
02-12 10:54:59.260 I/WifiHW  (  504): REPLY: bssid=02:1a:11:fa:9e:f1
02-12 10:54:59.260 I/WifiHW  (  504): REPLY: freq=2437
02-12 10:54:59.260 I/WifiHW  (  504): REPLY: level=-75
02-12 10:54:59.260 I/WifiHW  (  504): REPLY: tsf=0000064835418496
02-12 10:54:59.260 I/WifiHW  (  504): REPLY: flags=[WPA2-PSK-CCMP][ESS]
02-12 10:54:59.260 I/WifiHW  (  504): REPLY: ssid=love U forever
02-12 10:54:59.260 I/WifiHW  (  504): REPLY: ====
02-12 10:54:59.260 I/WifiHW  (  504): REPLY: id=644
02-12 10:54:59.260 I/WifiHW  (  504): REPLY: bssid=02:09:4c:42:36:90
02-12 10:54:59.260 I/WifiHW  (  504): REPLY: freq=2412
02-12 10:54:59.260 I/WifiHW  (  504): REPLY: level=-66
02-12 10:54:59.260 I/WifiHW  (  504): REPLY: tsf=0000064835418625
02-12 10:54:59.260 I/WifiHW  (  504): REPLY: flags=[WEP]
02-12 10:54:59.260 I/WifiHW  (  504): REPLY: ssid=DIRECT-
02-12 10:54:59.260 I/WifiHW  (  504): REPLY: ====
02-12 10:54:59.260 I/WifiHW  (  504): REPLY: id=645
02-12 10:54:59.260 I/WifiHW  (  504): REPLY: bssid=02:09:4c:00:b2:61
02-12 10:54:59.260 I/WifiHW  (  504): REPLY: freq=2412
02-12 10:54:59.260 I/WifiHW  (  504): REPLY: level=-66
02-12 10:54:59.260 I/WifiHW  (  504): REPLY: tsf=0000064835418444
02-12 10:54:59.260 I/WifiHW  (  504): REPLY: flags=[WEP]
02-12 10:54:59.260 I/WifiHW  (  504): REPLY: ssid=DIRECT-
02-12 10:54:59.260 I/WifiHW  (  504): REPLY: ====
02-12 10:54:59.260 I/WifiHW  (  504): REPLY: id=646
02-12 10:54:59.260 I/WifiHW  (  504): REPLY: bssid=e4:d3:32:36:2e:54
02-12 10:54:59.260 I/WifiHW  (  504): REPLY: freq=2412
02-12 10:54:59.260 I/WifiHW  (  504): REPLY: level=-88
02-12 10:54:59.260 I/WifiHW  (  504): REPLY: tsf=0000064835418471
02-12 10:54:59.260 I/WifiHW  (  504): REPLY: flags=[WPS][ESS]
02-12 10:54:59.260 I/WifiHW  (  504): REPLY: ssid=MERCURY_362E54
02-12 10:54:59.260 I/WifiHW  (  504): REPLY: ####
02-12 10:54:59.990 D/AlarmManager(  504): Triggered Alarm 222e45a0 ELAPSED_REALTIME_WAKEUP IntentSender{223ed430: PendingIntentRecord{21f72348 android broadcastIntent}}
02-12 10:55:00.010 D/ConnectivityService(  504): Sampling interval elapsed, updating statistics ..
02-12 10:55:00.010 D/ConnectivityService(  504): Done.
02-12 10:55:00.010 D/Clock   (  566): ACTION_TIME_TICK
02-12 10:55:00.010 D/Clock   (  566): update clock:10:55
02-12 10:55:00.010 D/ConnectivityService(  504): Setting timer for 720seconds
02-12 10:55:00.010 D/AlarmManager(  504): Added alarm Alarm{220698f0 type 2 android} type:ELAPSED_REALTIME_WAKEUP when: After 0h:11m:59.0s
02-12 10:55:00.040 D/BatteryStatsImpl(  504): noteStopWakeLocked system isFromForeground = false
02-12 10:55:00.040 D/BatteryStatsImpl(  504): noteStopWakeLocked system isFromForeground = false
02-12 10:55:03.840 D/AndroidRuntime(24290): 
02-12 10:55:03.840 D/AndroidRuntime(24290): >>>>>> AndroidRuntime START com.android.internal.os.RuntimeInit <<<<<<
02-12 10:55:03.840 D/AndroidRuntime(24290): CheckJNI is OFF
02-12 10:55:03.840 I/AndroidRuntime(24290): Kernel Release Version: 3.10.20-gf818079
02-12 10:55:03.850 I/dalvikvm(24290): No library specified. The standard exception handler will be used
02-12 10:55:03.850 I/dalvikvm(24290): 
02-12 10:55:03.850 I/dalvikvm(24290): +++++++++++++ Using PCG. +++++++++++++++++++++
02-12 10:55:03.860 D/dalvikvm(24290): Trying to load lib libjavacore.so 0x0
02-12 10:55:03.860 D/dalvikvm(24290): Added shared lib libjavacore.so 0x0
02-12 10:55:03.860 D/dalvikvm(24290): Trying to load lib libnativehelper.so 0x0
02-12 10:55:03.860 D/dalvikvm(24290): Added shared lib libnativehelper.so 0x0
02-12 10:55:03.860 D/dalvikvm(24290): No JNI_OnLoad found in libnativehelper.so 0x0, skipping init
02-12 10:55:03.860 D/dalvikvm(24290): Extra Options: not specified
02-12 10:55:03.880 D/dalvikvm(24290): Note: class Landroid/app/ActivityManagerNative; has 186 unimplemented (abstract) methods
02-12 10:55:03.950 E/memtrack(24290): Couldn't load memtrack module (No such file or directory)
02-12 10:55:03.950 E/android.os.Debug(24290): failed to load memtrack module: -2
02-12 10:55:03.980 D/AndroidRuntime(24290): Calling main entry com.android.commands.am.Am
02-12 10:55:04.010 I/ActivityManager(  504): Force stopping org.xwalk.webapi_service_tests appid=10266 user=0: from pid 24290
02-12 10:55:04.010 I/ActivityManager(  504): Killing 23791:org.xwalk.webapi_service_tests/u0a266 (adj 0): stop org.xwalk.webapi_service_tests
02-12 10:55:04.010 W/ActivityManager(  504): Force removing ActivityRecord{22037998 u0 org.xwalk.webapi_service_tests/.webapi_service_tests t65}: app died, no saved state
02-12 10:55:04.030 I/SecurityManagerService(  621): SMS received security event: App[STOP/org.xwalk.webapi_service_tests]
02-12 10:55:04.030 D/WindowManager(  504): adjustConfigurationLw, config:{1.0 ?mcc?mnc ?locale ?layoutDir sw600dp w600dp h888dp 213dpi lrg port ?uimode ?night finger -keyb/v/h -nav/v} mLidState:1 mHasDockFeature:false mHasKeyboardFeature:false mHasHallSensorFeature:true config.hardKeyboardHidden:2
02-12 10:55:04.030 D/AndroidRuntime(24290): Shutting down VM
02-12 10:55:04.030 D/dalvikvm(24290): GC_CONCURRENT freed 112K, 16% free 666K/792K, paused 0ms+0ms, total 1ms
02-12 10:55:04.030 I/ActivityManager(  504): [TopPkgCurBat]	NowPkgName[com.asus.launcher]	Battery[96]	TimeTick[1423709704044]	OldPkgName[org.xwalk.webapi_service_tests]
02-12 10:55:04.040 D/dalvikvm(24290): Compiler shutdown in progress - discarding request
02-12 10:55:04.040 D/dalvikvm(24290): Compiler shutdown in progress - discarding request
02-12 10:55:04.040 D/dalvikvm(24290): Compiler shutdown in progress - discarding request
02-12 10:55:04.040 D/dalvikvm(24290): Compiler shutdown in progress - discarding request
02-12 10:55:04.040 D/dalvikvm(24290): Compiler shutdown in progress - discarding request
02-12 10:55:04.040 D/dalvikvm(24290): Compiler shutdown in progress - discarding request
02-12 10:55:04.040 D/dalvikvm(24290): Compiler shutdown in progress - discarding request
02-12 10:55:04.040 D/dalvikvm(24290): Compiler shutdown in progress - discarding request
02-12 10:55:04.040 D/dalvikvm(24290): Compiler shutdown in progress - discarding request
02-12 10:55:04.040 D/dalvikvm(24290): Compiler shutdown in progress - discarding request
02-12 10:55:04.040 D/dalvikvm(24290): Compiler shutdown in progress - discarding request
02-12 10:55:04.040 D/dalvikvm(24290): Compiler shutdown in progress - discarding request
02-12 10:55:04.040 D/dalvikvm(24290): Compiler shutdown in progress - discarding request
02-12 10:55:04.040 D/dalvikvm(24290): Compiler shutdown in progress - discarding request
02-12 10:55:04.040 D/dalvikvm(24290): Compiler shutdown in progress - discarding request
02-12 10:55:04.040 D/dalvikvm(24290): Compiler shutdown in progress - discarding request
02-12 10:55:04.040 D/dalvikvm(24290): Compiler shutdown in progress - discarding request
02-12 10:55:04.040 D/dalvikvm(24290): Compiler shutdown in progress - discarding request
02-12 10:55:04.040 D/dalvikvm(24290): Compiler shutdown in progress - discarding request
02-12 10:55:04.040 D/dalvikvm(24290): Compiler shutdown in progress - discarding request
02-12 10:55:04.040 D/dalvikvm(24290): Compiler shutdown in progress - discarding request
02-12 10:55:04.040 D/dalvikvm(24290): Compiler shutdown in progress - discarding request
02-12 10:55:04.040 D/dalvikvm(24290): Compiler shutdown in progress - discarding request
02-12 10:55:04.040 D/dalvikvm(24290): Compiler shutdown in progress - discarding request
02-12 10:55:04.040 D/dalvikvm(24290): Compiler shutdown in progress - discarding request
02-12 10:55:04.040 D/dalvikvm(24290): Compiler shutdown in progress - discarding request
02-12 10:55:04.040 D/dalvikvm(24290): Compiler shutdown in progress - discarding request
02-12 10:55:04.040 D/dalvikvm(24290): Compiler shutdown in progress - discarding request
02-12 10:55:04.040 D/dalvikvm(24290): Compiler shutdown in progress - discarding request
02-12 10:55:04.040 D/dalvikvm(24290): Compiler shutdown in progress - discarding request
02-12 10:55:04.040 D/dalvikvm(24290): Compiler shutdown in progress - discarding request
02-12 10:55:04.040 D/dalvikvm(24290): Compiler shutdown in progress - discarding request
02-12 10:55:04.040 D/dalvikvm(24290): Compiler shutdown in progress - discarding request
02-12 10:55:04.040 D/dalvikvm(24290): Compiler shutdown in progress - discarding request
02-12 10:55:04.040 D/dalvikvm(24290): Compiler shutdown in progress - discarding request
02-12 10:55:04.040 D/dalvikvm(24290): Compiler shutdown in progress - discarding request
02-12 10:55:04.040 D/dalvikvm(24290): Compiler shutdown in progress - discarding request
02-12 10:55:04.040 D/dalvikvm(24290): Compiler shutdown in progress - discarding request
02-12 10:55:04.040 D/dalvikvm(24290): Compiler shutdown in progress - discarding request
02-12 10:55:04.040 D/dalvikvm(24290): Compiler shutdown in progress - discarding request
02-12 10:55:04.040 D/dalvikvm(24290): Compiler shutdown in progress - discarding request
02-12 10:55:04.040 D/dalvikvm(24290): Compiler shutdown in progress - discarding request
02-12 10:55:04.050 V/WeatherTimeProvider( 1511): widget on Visibility Changed
02-12 10:55:04.090 I/        (  675): EGL reinitialize
02-12 10:55:04.090 D/        (  675): droid_create_context : config id = 5 conf->NativeVisualID=1
02-12 10:55:04.090 D/        (  675): Pixel Format : GGL_PIXEL_FORMAT_RGBA_8888
02-12 10:55:04.090 I/        (  675): Requested context : GLES 2.0
02-12 10:55:04.110 I/WindowState(  504): WIN DEATH: Window{21edf6e8 u0 org.xwalk.webapi_service_tests/org.xwalk.webapi_service_tests.webapi_service_tests}
02-12 10:55:04.110 D/        (  675): Pixel Format : GGL_PIXEL_FORMAT_RGBA_8888
02-12 10:55:04.140 W/InputMethodManagerService(  504): Got RemoteException sending setActive(false) notification to pid 23791 uid 10266
02-12 10:55:04.150 W/Binder  (  722): Caught a RuntimeException from the binder stub implementation.
02-12 10:55:04.150 W/Binder  (  722): java.lang.NullPointerException
02-12 10:55:04.150 W/Binder  (  722): 	at android.inputmethodservice.IInputMethodWrapper.setSessionEnabled(IInputMethodWrapper.java:280)
02-12 10:55:04.150 W/Binder  (  722): 	at com.android.internal.view.IInputMethod$Stub.onTransact(IInputMethod.java:129)
02-12 10:55:04.150 W/Binder  (  722): 	at android.os.Binder.execTransact(Binder.java:404)
02-12 10:55:04.150 W/Binder  (  722): 	at dalvik.system.NativeStart.run(Native Method)
02-12 10:55:04.160 D/XT9IME  (  722): new subtype :zh_CN ,pinyin
02-12 10:55:04.170 V/RenderScript(  675): Application requested CPU execution
02-12 10:55:04.170 V/RenderScript(  675): 0x64d02fb0 Launching thread(s), CPUs 4
02-12 10:55:04.170 D/RenderScript(  675): Load RS driver 'libRSDriver.so' successfully.
02-12 10:55:04.240 D/ImageWallpaper(  566): onVisibilityChanged: mVisible, visible=false, true
02-12 10:55:04.240 D/ImageWallpaper(  566): Visibility changed to visible=true
02-12 10:55:04.240 D/ImageWallpaper(  566): Suppressed drawFrame since redraw is not needed and offsets have not changed.
02-12 10:55:04.640 D/AndroidRuntime(24305): 
02-12 10:55:04.640 D/AndroidRuntime(24305): >>>>>> AndroidRuntime START com.android.internal.os.RuntimeInit <<<<<<
02-12 10:55:04.640 D/AndroidRuntime(24305): CheckJNI is OFF
02-12 10:55:04.640 I/AndroidRuntime(24305): Kernel Release Version: 3.10.20-gf818079
02-12 10:55:04.640 I/dalvikvm(24305): No library specified. The standard exception handler will be used
02-12 10:55:04.640 I/dalvikvm(24305): 
02-12 10:55:04.640 I/dalvikvm(24305): +++++++++++++ Using PCG. +++++++++++++++++++++
02-12 10:55:04.640 D/dalvikvm(24305): Trying to load lib libjavacore.so 0x0
02-12 10:55:04.640 D/dalvikvm(24305): Added shared lib libjavacore.so 0x0
02-12 10:55:04.640 D/dalvikvm(24305): Trying to load lib libnativehelper.so 0x0
02-12 10:55:04.640 D/dalvikvm(24305): Added shared lib libnativehelper.so 0x0
02-12 10:55:04.640 D/dalvikvm(24305): No JNI_OnLoad found in libnativehelper.so 0x0, skipping init
02-12 10:55:04.650 D/dalvikvm(24305): Extra Options: not specified
02-12 10:55:04.660 D/dalvikvm(24305): Note: class Landroid/app/ActivityManagerNative; has 186 unimplemented (abstract) methods
02-12 10:55:04.740 E/memtrack(24305): Couldn't load memtrack module (No such file or directory)
02-12 10:55:04.740 E/android.os.Debug(24305): failed to load memtrack module: -2
02-12 10:55:04.770 D/AndroidRuntime(24305): Calling main entry com.android.commands.am.Am
02-12 10:55:04.800 D/AndroidRuntime(24305): Shutting down VM
02-12 10:55:04.800 D/dalvikvm(24305): GC_CONCURRENT freed 116K, 16% free 702K/832K, paused 0ms+0ms, total 1ms
02-12 10:55:04.800 D/dalvikvm(24305): Compiler shutdown in progress - discarding request
02-12 10:55:04.800 D/dalvikvm(24305): Compiler shutdown in progress - discarding request
02-12 10:55:04.800 D/dalvikvm(24305): Compiler shutdown in progress - discarding request
02-12 10:55:04.800 D/dalvikvm(24305): Compiler shutdown in progress - discarding request
02-12 10:55:04.800 D/dalvikvm(24305): Compiler shutdown in progress - discarding request
02-12 10:55:04.800 D/dalvikvm(24305): Compiler shutdown in progress - discarding request
02-12 10:55:04.800 D/dalvikvm(24305): Compiler shutdown in progress - discarding request
02-12 10:55:04.800 D/dalvikvm(24305): Compiler shutdown in progress - discarding request
02-12 10:55:04.800 D/dalvikvm(24305): Compiler shutdown in progress - discarding request
02-12 10:55:04.800 D/dalvikvm(24305): Compiler shutdown in progress - discarding request
02-12 10:55:04.800 D/dalvikvm(24305): Compiler shutdown in progress - discarding request
02-12 10:55:04.800 D/dalvikvm(24305): Compiler shutdown in progress - discarding request
02-12 10:55:04.800 D/dalvikvm(24305): Compiler shutdown in progress - discarding request
02-12 10:55:04.800 D/dalvikvm(24305): Compiler shutdown in progress - discarding request
02-12 10:55:04.800 D/dalvikvm(24305): Compiler shutdown in progress - discarding request
02-12 10:55:04.800 D/dalvikvm(24305): Compiler shutdown in progress - discarding request
02-12 10:55:04.800 D/dalvikvm(24305): Compiler shutdown in progress - discarding request
02-12 10:55:04.800 D/dalvikvm(24305): Compiler shutdown in progress - discarding request
02-12 10:55:04.800 D/dalvikvm(24305): Compiler shutdown in progress - discarding request
02-12 10:55:04.800 D/dalvikvm(24305): Compiler shutdown in progress - discarding request
02-12 10:55:04.800 D/dalvikvm(24305): Compiler shutdown in progress - discarding request
02-12 10:55:04.800 D/dalvikvm(24305): Compiler shutdown in progress - discarding request
02-12 10:55:04.800 D/dalvikvm(24305): Compiler shutdown in progress - discarding request
02-12 10:55:04.800 D/dalvikvm(24305): Compiler shutdown in progress - discarding request
02-12 10:55:04.800 D/dalvikvm(24305): Compiler shutdown in progress - discarding request
02-12 10:55:04.800 D/dalvikvm(24305): Compiler shutdown in progress - discarding request
02-12 10:55:04.800 D/dalvikvm(24305): Compiler shutdown in progress - discarding request
02-12 10:55:04.800 D/dalvikvm(24305): Compiler shutdown in progress - discarding request
02-12 10:55:04.800 D/dalvikvm(24305): Compiler shutdown in progress - discarding request
02-12 10:55:04.800 D/dalvikvm(24305): Compiler shutdown in progress - discarding request
02-12 10:55:04.800 D/dalvikvm(24305): Compiler shutdown in progress - discarding request
02-12 10:55:04.800 D/dalvikvm(24305): Compiler shutdown in progress - discarding request
02-12 10:55:04.800 D/dalvikvm(24305): Compiler shutdown in progress - discarding request
02-12 10:55:04.800 D/dalvikvm(24305): Compiler shutdown in progress - discarding request
02-12 10:55:04.800 D/dalvikvm(24305): Compiler shutdown in progress - discarding request
02-12 10:55:04.800 D/dalvikvm(24305): Compiler shutdown in progress - discarding request
02-12 10:55:04.800 D/dalvikvm(24305): Compiler shutdown in progress - discarding request
02-12 10:55:04.800 D/dalvikvm(24305): Compiler shutdown in progress - discarding request
02-12 10:55:04.800 D/dalvikvm(24305): Compiler shutdown in progress - discarding request
02-12 10:55:04.800 D/dalvikvm(24305): Compiler shutdown in progress - discarding request
02-12 10:55:04.800 D/dalvikvm(24305): Compiler shutdown in progress - discarding request
02-12 10:55:04.800 D/dalvikvm(24305): Compiler shutdown in progress - discarding request
02-12 10:55:04.800 D/dalvikvm(24305): Compiler shutdown in progress - discarding request
02-12 10:55:04.800 D/dalvikvm(24305): Compiler shutdown in progress - discarding request
02-12 10:55:04.800 D/dalvikvm(24305): Compiler shutdown in progress - discarding request
02-12 10:55:04.800 D/dalvikvm(24305): Compiler shutdown in progress - discarding request
02-12 10:55:04.800 D/dalvikvm(24305): Compiler shutdown in progress - discarding request
02-12 10:55:04.800 D/dalvikvm(24305): Compiler shutdown in progress - discarding request
02-12 10:55:04.800 D/dalvikvm(24305): Compiler shutdown in progress - discarding request
02-12 10:55:04.800 D/dalvikvm(24305): Compiler shutdown in progress - discarding request
02-12 10:55:04.800 D/dalvikvm(24305): Compiler shutdown in progress - discarding request
02-12 10:55:04.800 D/dalvikvm(24305): Compiler shutdown in progress - discarding request
02-12 10:55:04.800 I/ActivityManager(  504): START u0 {flg=0x10000000 cmp=org.xwalk.webapi_service_tests/.webapi_service_testsActivity} from pid 24305
02-12 10:55:05.480 D/AndroidRuntime(24316): 
02-12 10:55:05.480 D/AndroidRuntime(24316): >>>>>> AndroidRuntime START com.android.internal.os.RuntimeInit <<<<<<
02-12 10:55:05.480 D/AndroidRuntime(24316): CheckJNI is OFF
02-12 10:55:05.480 I/AndroidRuntime(24316): Kernel Release Version: 3.10.20-gf818079
02-12 10:55:05.480 I/dalvikvm(24316): No library specified. The standard exception handler will be used
02-12 10:55:05.480 I/dalvikvm(24316): 
02-12 10:55:05.480 I/dalvikvm(24316): +++++++++++++ Using PCG. +++++++++++++++++++++
02-12 10:55:05.490 D/dalvikvm(24316): Trying to load lib libjavacore.so 0x0
02-12 10:55:05.490 D/dalvikvm(24316): Added shared lib libjavacore.so 0x0
02-12 10:55:05.490 D/dalvikvm(24316): Trying to load lib libnativehelper.so 0x0
02-12 10:55:05.490 D/dalvikvm(24316): Added shared lib libnativehelper.so 0x0
02-12 10:55:05.490 D/dalvikvm(24316): No JNI_OnLoad found in libnativehelper.so 0x0, skipping init
02-12 10:55:05.490 D/dalvikvm(24316): Extra Options: not specified
02-12 10:55:05.510 D/dalvikvm(24316): Note: class Landroid/app/ActivityManagerNative; has 186 unimplemented (abstract) methods
02-12 10:55:05.580 E/memtrack(24316): Couldn't load memtrack module (No such file or directory)
02-12 10:55:05.580 E/android.os.Debug(24316): failed to load memtrack module: -2
02-12 10:55:05.620 D/AndroidRuntime(24316): Calling main entry com.android.commands.am.Am
02-12 10:55:05.650 I/ActivityManager(  504): START u0 {flg=0x10000000 cmp=org.xwalk.webapi_service_tests/.webapi_service_tests} from pid 24316
02-12 10:55:05.660 D/AndroidRuntime(24316): Shutting down VM
02-12 10:55:05.660 V/WeatherTimeProvider( 1511): widget on Visibility Changed
02-12 10:55:05.660 D/dalvikvm(24316): GC_CONCURRENT freed 114K, 16% free 701K/832K, paused 0ms+0ms, total 1ms
02-12 10:55:05.660 I/SecurityManagerService(  621): SMS received security event: App[START/org.xwalk.webapi_service_tests]
02-12 10:55:05.660 D/dalvikvm(24316): Compiler shutdown in progress - discarding request
02-12 10:55:05.660 D/dalvikvm(24316): Compiler shutdown in progress - discarding request
02-12 10:55:05.660 D/dalvikvm(24316): Compiler shutdown in progress - discarding request
02-12 10:55:05.660 D/dalvikvm(24316): Compiler shutdown in progress - discarding request
02-12 10:55:05.660 D/dalvikvm(24316): Compiler shutdown in progress - discarding request
02-12 10:55:05.660 D/dalvikvm(24316): Compiler shutdown in progress - discarding request
02-12 10:55:05.660 D/dalvikvm(24316): Compiler shutdown in progress - discarding request
02-12 10:55:05.660 D/dalvikvm(24316): Compiler shutdown in progress - discarding request
02-12 10:55:05.660 D/dalvikvm(24316): Compiler shutdown in progress - discarding request
02-12 10:55:05.660 D/dalvikvm(24316): Compiler shutdown in progress - discarding request
02-12 10:55:05.660 D/dalvikvm(24316): Compiler shutdown in progress - discarding request
02-12 10:55:05.660 D/dalvikvm(24316): Compiler shutdown in progress - discarding request
02-12 10:55:05.660 D/dalvikvm(24316): Compiler shutdown in progress - discarding request
02-12 10:55:05.660 D/dalvikvm(24316): Compiler shutdown in progress - discarding request
02-12 10:55:05.660 D/dalvikvm(24316): Compiler shutdown in progress - discarding request
02-12 10:55:05.660 D/dalvikvm(24316): Compiler shutdown in progress - discarding request
02-12 10:55:05.660 D/dalvikvm(24316): Compiler shutdown in progress - discarding request
02-12 10:55:05.660 D/dalvikvm(24316): Compiler shutdown in progress - discarding request
02-12 10:55:05.660 D/dalvikvm(24316): Compiler shutdown in progress - discarding request
02-12 10:55:05.660 D/dalvikvm(24316): Compiler shutdown in progress - discarding request
02-12 10:55:05.660 D/dalvikvm(24316): Compiler shutdown in progress - discarding request
02-12 10:55:05.660 D/dalvikvm(24316): Compiler shutdown in progress - discarding request
02-12 10:55:05.660 D/dalvikvm(24316): Compiler shutdown in progress - discarding request
02-12 10:55:05.660 D/dalvikvm(24316): Compiler shutdown in progress - discarding request
02-12 10:55:05.660 D/dalvikvm(24316): Compiler shutdown in progress - discarding request
02-12 10:55:05.660 D/dalvikvm(24316): Compiler shutdown in progress - discarding request
02-12 10:55:05.660 D/dalvikvm(24316): Compiler shutdown in progress - discarding request
02-12 10:55:05.660 D/dalvikvm(24316): Compiler shutdown in progress - discarding request
02-12 10:55:05.660 D/dalvikvm(24316): Compiler shutdown in progress - discarding request
02-12 10:55:05.660 D/dalvikvm(24316): Compiler shutdown in progress - discarding request
02-12 10:55:05.660 D/dalvikvm(24316): Compiler shutdown in progress - discarding request
02-12 10:55:05.660 D/dalvikvm(24316): Compiler shutdown in progress - discarding request
02-12 10:55:05.660 D/dalvikvm(24316): Compiler shutdown in progress - discarding request
02-12 10:55:05.660 D/dalvikvm(24316): Compiler shutdown in progress - discarding request
02-12 10:55:05.660 D/dalvikvm(24316): Compiler shutdown in progress - discarding request
02-12 10:55:05.660 D/dalvikvm(24316): Compiler shutdown in progress - discarding request
02-12 10:55:05.660 D/dalvikvm(24316): Compiler shutdown in progress - discarding request
02-12 10:55:05.660 D/dalvikvm(24316): Compiler shutdown in progress - discarding request
02-12 10:55:05.660 D/dalvikvm(24316): Compiler shutdown in progress - discarding request
02-12 10:55:05.660 D/dalvikvm(24316): Compiler shutdown in progress - discarding request
02-12 10:55:05.660 D/dalvikvm(24316): Compiler shutdown in progress - discarding request
02-12 10:55:05.660 D/dalvikvm(24316): Compiler shutdown in progress - discarding request
02-12 10:55:05.660 D/dalvikvm(24316): Compiler shutdown in progress - discarding request
02-12 10:55:05.660 D/dalvikvm(24316): Compiler shutdown in progress - discarding request
02-12 10:55:05.660 D/dalvikvm(24316): Compiler shutdown in progress - discarding request
02-12 10:55:05.680 D/dalvikvm(24327): Late-enabling CheckJNI
