--------- beginning of /dev/log/main
02-12 10:45:45.430 D/AndroidRuntime(22137): 
02-12 10:45:45.430 D/AndroidRuntime(22137): >>>>>> AndroidRuntime START com.android.internal.os.RuntimeInit <<<<<<
02-12 10:45:45.430 D/AndroidRuntime(22137): CheckJNI is OFF
02-12 10:45:45.430 I/AndroidRuntime(22137): Kernel Release Version: 3.10.20-gf818079
02-12 10:45:45.430 I/dalvikvm(22137): No library specified. The standard exception handler will be used
02-12 10:45:45.430 I/dalvikvm(22137): 
02-12 10:45:45.430 I/dalvikvm(22137): +++++++++++++ Using PCG. +++++++++++++++++++++
02-12 10:45:45.440 D/dalvikvm(22137): Trying to load lib libjavacore.so 0x0
02-12 10:45:45.440 D/dalvikvm(22137): Added shared lib libjavacore.so 0x0
02-12 10:45:45.440 D/dalvikvm(22137): Trying to load lib libnativehelper.so 0x0
02-12 10:45:45.440 D/dalvikvm(22137): Added shared lib libnativehelper.so 0x0
02-12 10:45:45.440 D/dalvikvm(22137): No JNI_OnLoad found in libnativehelper.so 0x0, skipping init
02-12 10:45:45.440 D/dalvikvm(22137): Extra Options: not specified
02-12 10:45:45.450 D/dalvikvm(22137): Note: class Landroid/app/ActivityManagerNative; has 186 unimplemented (abstract) methods
02-12 10:45:45.530 E/memtrack(22137): Couldn't load memtrack module (No such file or directory)
02-12 10:45:45.530 E/android.os.Debug(22137): failed to load memtrack module: -2
02-12 10:45:45.560 D/AndroidRuntime(22137): Calling main entry com.android.commands.am.Am
--------- beginning of /dev/log/system
02-12 10:45:45.580 I/ActivityManager(  504): Force stopping org.xwalk.webapi_noneservice_tests appid=10259 user=0: from pid 22137
02-12 10:45:45.590 D/AndroidRuntime(22137): Shutting down VM
02-12 10:45:45.600 D/dalvikvm(22137): GC_CONCURRENT freed 112K, 16% free 666K/792K, paused 0ms+1ms, total 1ms
02-12 10:45:45.600 D/dalvikvm(22137): Compiler shutdown in progress - discarding request
02-12 10:45:45.600 D/dalvikvm(22137): Compiler shutdown in progress - discarding request
02-12 10:45:45.600 D/dalvikvm(22137): Compiler shutdown in progress - discarding request
02-12 10:45:45.600 D/dalvikvm(22137): Compiler shutdown in progress - discarding request
02-12 10:45:45.600 D/dalvikvm(22137): Compiler shutdown in progress - discarding request
02-12 10:45:45.600 D/dalvikvm(22137): Compiler shutdown in progress - discarding request
02-12 10:45:45.600 D/dalvikvm(22137): Compiler shutdown in progress - discarding request
02-12 10:45:45.600 D/dalvikvm(22137): Compiler shutdown in progress - discarding request
02-12 10:45:45.600 D/dalvikvm(22137): Compiler shutdown in progress - discarding request
02-12 10:45:45.600 D/dalvikvm(22137): Compiler shutdown in progress - discarding request
02-12 10:45:45.600 D/dalvikvm(22137): Compiler shutdown in progress - discarding request
02-12 10:45:45.600 D/dalvikvm(22137): Compiler shutdown in progress - discarding request
02-12 10:45:45.600 D/dalvikvm(22137): Compiler shutdown in progress - discarding request
02-12 10:45:45.600 D/dalvikvm(22137): Compiler shutdown in progress - discarding request
02-12 10:45:45.600 D/dalvikvm(22137): Compiler shutdown in progress - discarding request
02-12 10:45:45.600 D/dalvikvm(22137): Compiler shutdown in progress - discarding request
02-12 10:45:45.600 D/dalvikvm(22137): Compiler shutdown in progress - discarding request
02-12 10:45:45.600 D/dalvikvm(22137): Compiler shutdown in progress - discarding request
02-12 10:45:45.600 D/dalvikvm(22137): Compiler shutdown in progress - discarding request
02-12 10:45:45.600 D/dalvikvm(22137): Compiler shutdown in progress - discarding request
02-12 10:45:45.600 D/dalvikvm(22137): Compiler shutdown in progress - discarding request
02-12 10:45:45.600 D/dalvikvm(22137): Compiler shutdown in progress - discarding request
02-12 10:45:45.600 D/dalvikvm(22137): Compiler shutdown in progress - discarding request
02-12 10:45:45.600 D/dalvikvm(22137): Compiler shutdown in progress - discarding request
02-12 10:45:45.600 D/dalvikvm(22137): Compiler shutdown in progress - discarding request
02-12 10:45:45.600 D/dalvikvm(22137): Compiler shutdown in progress - discarding request
02-12 10:45:45.600 D/dalvikvm(22137): Compiler shutdown in progress - discarding request
02-12 10:45:45.600 D/dalvikvm(22137): Compiler shutdown in progress - discarding request
02-12 10:45:45.600 D/dalvikvm(22137): Compiler shutdown in progress - discarding request
02-12 10:45:45.600 D/dalvikvm(22137): Compiler shutdown in progress - discarding request
02-12 10:45:45.600 D/dalvikvm(22137): Compiler shutdown in progress - discarding request
02-12 10:45:45.600 D/dalvikvm(22137): Compiler shutdown in progress - discarding request
02-12 10:45:45.600 D/dalvikvm(22137): Compiler shutdown in progress - discarding request
02-12 10:45:45.600 D/dalvikvm(22137): Compiler shutdown in progress - discarding request
02-12 10:45:45.600 D/dalvikvm(22137): Compiler shutdown in progress - discarding request
02-12 10:45:45.600 D/dalvikvm(22137): Compiler shutdown in progress - discarding request
02-12 10:45:45.600 D/dalvikvm(22137): Compiler shutdown in progress - discarding request
02-12 10:45:45.600 D/dalvikvm(22137): Compiler shutdown in progress - discarding request
02-12 10:45:45.600 D/dalvikvm(22137): Compiler shutdown in progress - discarding request
02-12 10:45:45.600 D/dalvikvm(22137): Compiler shutdown in progress - discarding request
02-12 10:45:45.600 D/dalvikvm(22137): Compiler shutdown in progress - discarding request
02-12 10:45:45.600 D/dalvikvm(22137): Compiler shutdown in progress - discarding request
02-12 10:45:45.600 D/dalvikvm(22137): Compiler shutdown in progress - discarding request
02-12 10:45:46.220 D/AndroidRuntime(22148): 
02-12 10:45:46.220 D/AndroidRuntime(22148): >>>>>> AndroidRuntime START com.android.internal.os.RuntimeInit <<<<<<
02-12 10:45:46.220 D/AndroidRuntime(22148): CheckJNI is OFF
02-12 10:45:46.220 I/AndroidRuntime(22148): Kernel Release Version: 3.10.20-gf818079
02-12 10:45:46.220 I/dalvikvm(22148): No library specified. The standard exception handler will be used
02-12 10:45:46.220 I/dalvikvm(22148): 
02-12 10:45:46.220 I/dalvikvm(22148): +++++++++++++ Using PCG. +++++++++++++++++++++
02-12 10:45:46.240 D/dalvikvm(22148): Trying to load lib libjavacore.so 0x0
02-12 10:45:46.240 D/dalvikvm(22148): Added shared lib libjavacore.so 0x0
02-12 10:45:46.240 D/dalvikvm(22148): Trying to load lib libnativehelper.so 0x0
02-12 10:45:46.240 D/dalvikvm(22148): Added shared lib libnativehelper.so 0x0
02-12 10:45:46.240 D/dalvikvm(22148): No JNI_OnLoad found in libnativehelper.so 0x0, skipping init
02-12 10:45:46.240 D/dalvikvm(22148): Extra Options: not specified
02-12 10:45:46.260 D/dalvikvm(22148): Note: class Landroid/app/ActivityManagerNative; has 186 unimplemented (abstract) methods
02-12 10:45:46.330 E/memtrack(22148): Couldn't load memtrack module (No such file or directory)
02-12 10:45:46.330 E/android.os.Debug(22148): failed to load memtrack module: -2
02-12 10:45:46.370 D/AndroidRuntime(22148): Calling main entry com.android.commands.am.Am
02-12 10:45:46.400 D/AndroidRuntime(22148): Shutting down VM
02-12 10:45:46.400 I/ActivityManager(  504): START u0 {flg=0x10000000 cmp=org.xwalk.webapi_noneservice_tests/.webapi_noneservice_testsActivity} from pid 22148
02-12 10:45:46.410 D/dalvikvm(22148): GC_CONCURRENT freed 113K, 16% free 674K/800K, paused 0ms+0ms, total 1ms
02-12 10:45:46.410 D/dalvikvm(22148): Compiler shutdown in progress - discarding request
02-12 10:45:46.410 D/dalvikvm(22148): Compiler shutdown in progress - discarding request
02-12 10:45:46.410 D/dalvikvm(22148): Compiler shutdown in progress - discarding request
02-12 10:45:46.410 D/dalvikvm(22148): Compiler shutdown in progress - discarding request
02-12 10:45:46.410 D/dalvikvm(22148): Compiler shutdown in progress - discarding request
02-12 10:45:46.410 D/dalvikvm(22148): Compiler shutdown in progress - discarding request
02-12 10:45:46.410 D/dalvikvm(22148): Compiler shutdown in progress - discarding request
02-12 10:45:46.410 D/dalvikvm(22148): Compiler shutdown in progress - discarding request
02-12 10:45:46.410 D/dalvikvm(22148): Compiler shutdown in progress - discarding request
02-12 10:45:46.410 D/dalvikvm(22148): Compiler shutdown in progress - discarding request
02-12 10:45:46.410 D/dalvikvm(22148): Compiler shutdown in progress - discarding request
02-12 10:45:46.410 D/dalvikvm(22148): Compiler shutdown in progress - discarding request
02-12 10:45:46.410 D/dalvikvm(22148): Compiler shutdown in progress - discarding request
02-12 10:45:46.410 D/dalvikvm(22148): Compiler shutdown in progress - discarding request
02-12 10:45:46.410 D/dalvikvm(22148): Compiler shutdown in progress - discarding request
02-12 10:45:46.410 D/dalvikvm(22148): Compiler shutdown in progress - discarding request
02-12 10:45:46.410 D/dalvikvm(22148): Compiler shutdown in progress - discarding request
02-12 10:45:46.410 D/dalvikvm(22148): Compiler shutdown in progress - discarding request
02-12 10:45:46.410 D/dalvikvm(22148): Compiler shutdown in progress - discarding request
02-12 10:45:46.410 D/dalvikvm(22148): Compiler shutdown in progress - discarding request
02-12 10:45:46.410 D/dalvikvm(22148): Compiler shutdown in progress - discarding request
02-12 10:45:46.410 D/dalvikvm(22148): Compiler shutdown in progress - discarding request
02-12 10:45:46.410 D/dalvikvm(22148): Compiler shutdown in progress - discarding request
02-12 10:45:46.410 D/dalvikvm(22148): Compiler shutdown in progress - discarding request
02-12 10:45:46.410 D/dalvikvm(22148): Compiler shutdown in progress - discarding request
02-12 10:45:46.410 D/dalvikvm(22148): Compiler shutdown in progress - discarding request
02-12 10:45:46.410 D/dalvikvm(22148): Compiler shutdown in progress - discarding request
02-12 10:45:46.410 D/dalvikvm(22148): Compiler shutdown in progress - discarding request
02-12 10:45:46.410 D/dalvikvm(22148): Compiler shutdown in progress - discarding request
02-12 10:45:46.410 D/dalvikvm(22148): Compiler shutdown in progress - discarding request
02-12 10:45:46.410 D/dalvikvm(22148): Compiler shutdown in progress - discarding request
02-12 10:45:46.410 D/dalvikvm(22148): Compiler shutdown in progress - discarding request
02-12 10:45:46.410 D/dalvikvm(22148): Compiler shutdown in progress - discarding request
02-12 10:45:46.410 D/dalvikvm(22148): Compiler shutdown in progress - discarding request
02-12 10:45:46.410 D/dalvikvm(22148): Compiler shutdown in progress - discarding request
02-12 10:45:46.410 D/dalvikvm(22148): Compiler shutdown in progress - discarding request
02-12 10:45:46.410 D/dalvikvm(22148): Compiler shutdown in progress - discarding request
02-12 10:45:46.410 D/dalvikvm(22148): Compiler shutdown in progress - discarding request
02-12 10:45:46.410 D/dalvikvm(22148): Compiler shutdown in progress - discarding request
02-12 10:45:46.410 D/dalvikvm(22148): Compiler shutdown in progress - discarding request
02-12 10:45:46.410 D/dalvikvm(22148): Compiler shutdown in progress - discarding request
02-12 10:45:46.410 D/dalvikvm(22148): Compiler shutdown in progress - discarding request
02-12 10:45:46.410 D/dalvikvm(22148): Compiler shutdown in progress - discarding request
02-12 10:45:46.410 D/dalvikvm(22148): Compiler shutdown in progress - discarding request
02-12 10:45:46.410 D/dalvikvm(22148): Compiler shutdown in progress - discarding request
02-12 10:45:46.410 D/dalvikvm(22148): Compiler shutdown in progress - discarding request
02-12 10:45:46.410 D/dalvikvm(22148): Compiler shutdown in progress - discarding request
02-12 10:45:46.410 D/dalvikvm(22148): Compiler shutdown in progress - discarding request
02-12 10:45:46.410 D/dalvikvm(22148): Compiler shutdown in progress - discarding request
02-12 10:45:47.020 D/AndroidRuntime(22159): 
02-12 10:45:47.020 D/AndroidRuntime(22159): >>>>>> AndroidRuntime START com.android.internal.os.RuntimeInit <<<<<<
02-12 10:45:47.020 D/AndroidRuntime(22159): CheckJNI is OFF
02-12 10:45:47.020 I/AndroidRuntime(22159): Kernel Release Version: 3.10.20-gf818079
02-12 10:45:47.020 I/dalvikvm(22159): No library specified. The standard exception handler will be used
02-12 10:45:47.020 I/dalvikvm(22159): 
02-12 10:45:47.020 I/dalvikvm(22159): +++++++++++++ Using PCG. +++++++++++++++++++++
02-12 10:45:47.030 D/dalvikvm(22159): Trying to load lib libjavacore.so 0x0
02-12 10:45:47.030 D/dalvikvm(22159): Added shared lib libjavacore.so 0x0
02-12 10:45:47.030 D/dalvikvm(22159): Trying to load lib libnativehelper.so 0x0
02-12 10:45:47.030 D/dalvikvm(22159): Added shared lib libnativehelper.so 0x0
02-12 10:45:47.030 D/dalvikvm(22159): No JNI_OnLoad found in libnativehelper.so 0x0, skipping init
02-12 10:45:47.040 D/dalvikvm(22159): Extra Options: not specified
02-12 10:45:47.050 D/dalvikvm(22159): Note: class Landroid/app/ActivityManagerNative; has 186 unimplemented (abstract) methods
02-12 10:45:47.140 E/memtrack(22159): Couldn't load memtrack module (No such file or directory)
02-12 10:45:47.140 E/android.os.Debug(22159): failed to load memtrack module: -2
02-12 10:45:47.160 D/AndroidRuntime(22159): Calling main entry com.android.commands.am.Am
02-12 10:45:47.190 I/ActivityManager(  504): START u0 {flg=0x10000000 cmp=org.xwalk.webapi_noneservice_tests/.webapi_noneservice_tests} from pid 22159
02-12 10:45:47.200 D/AndroidRuntime(22159): Shutting down VM
02-12 10:45:47.200 I/SecurityManagerService(  621): SMS received security event: App[START/org.xwalk.webapi_noneservice_tests]
02-12 10:45:47.200 D/dalvikvm(22159): GC_CONCURRENT freed 114K, 16% free 701K/832K, paused 0ms+0ms, total 1ms
02-12 10:45:47.200 D/dalvikvm(22159): Compiler shutdown in progress - discarding request
02-12 10:45:47.200 D/dalvikvm(22159): Compiler shutdown in progress - discarding request
02-12 10:45:47.200 D/dalvikvm(22159): Compiler shutdown in progress - discarding request
02-12 10:45:47.200 D/dalvikvm(22159): Compiler shutdown in progress - discarding request
02-12 10:45:47.200 D/dalvikvm(22159): Compiler shutdown in progress - discarding request
02-12 10:45:47.200 D/dalvikvm(22159): Compiler shutdown in progress - discarding request
02-12 10:45:47.200 D/dalvikvm(22159): Compiler shutdown in progress - discarding request
02-12 10:45:47.200 D/dalvikvm(22159): Compiler shutdown in progress - discarding request
02-12 10:45:47.200 D/dalvikvm(22159): Compiler shutdown in progress - discarding request
02-12 10:45:47.200 D/dalvikvm(22159): Compiler shutdown in progress - discarding request
02-12 10:45:47.200 D/dalvikvm(22159): Compiler shutdown in progress - discarding request
02-12 10:45:47.200 D/dalvikvm(22159): Compiler shutdown in progress - discarding request
02-12 10:45:47.200 D/dalvikvm(22159): Compiler shutdown in progress - discarding request
02-12 10:45:47.200 D/dalvikvm(22159): Compiler shutdown in progress - discarding request
02-12 10:45:47.200 D/dalvikvm(22159): Compiler shutdown in progress - discarding request
02-12 10:45:47.200 D/dalvikvm(22159): Compiler shutdown in progress - discarding request
02-12 10:45:47.200 D/dalvikvm(22159): Compiler shutdown in progress - discarding request
02-12 10:45:47.200 D/dalvikvm(22159): Compiler shutdown in progress - discarding request
02-12 10:45:47.200 D/dalvikvm(22159): Compiler shutdown in progress - discarding request
02-12 10:45:47.200 D/dalvikvm(22159): Compiler shutdown in progress - discarding request
02-12 10:45:47.200 D/dalvikvm(22159): Compiler shutdown in progress - discarding request
02-12 10:45:47.200 D/dalvikvm(22159): Compiler shutdown in progress - discarding request
02-12 10:45:47.200 D/dalvikvm(22159): Compiler shutdown in progress - discarding request
02-12 10:45:47.200 D/dalvikvm(22159): Compiler shutdown in progress - discarding request
02-12 10:45:47.200 D/dalvikvm(22159): Compiler shutdown in progress - discarding request
02-12 10:45:47.200 D/dalvikvm(22159): Compiler shutdown in progress - discarding request
02-12 10:45:47.200 D/dalvikvm(22159): Compiler shutdown in progress - discarding request
02-12 10:45:47.200 D/dalvikvm(22159): Compiler shutdown in progress - discarding request
02-12 10:45:47.200 D/dalvikvm(22159): Compiler shutdown in progress - discarding request
02-12 10:45:47.200 D/dalvikvm(22159): Compiler shutdown in progress - discarding request
02-12 10:45:47.200 D/dalvikvm(22159): Compiler shutdown in progress - discarding request
02-12 10:45:47.200 D/dalvikvm(22159): Compiler shutdown in progress - discarding request
02-12 10:45:47.200 D/dalvikvm(22159): Compiler shutdown in progress - discarding request
02-12 10:45:47.200 D/dalvikvm(22159): Compiler shutdown in progress - discarding request
02-12 10:45:47.200 D/dalvikvm(22159): Compiler shutdown in progress - discarding request
02-12 10:45:47.200 D/dalvikvm(22159): Compiler shutdown in progress - discarding request
02-12 10:45:47.200 D/dalvikvm(22159): Compiler shutdown in progress - discarding request
02-12 10:45:47.200 D/dalvikvm(22159): Compiler shutdown in progress - discarding request
02-12 10:45:47.200 D/dalvikvm(22159): Compiler shutdown in progress - discarding request
02-12 10:45:47.200 D/dalvikvm(22159): Compiler shutdown in progress - discarding request
02-12 10:45:47.200 D/dalvikvm(22159): Compiler shutdown in progress - discarding request
02-12 10:45:47.200 D/dalvikvm(22159): Compiler shutdown in progress - discarding request
02-12 10:45:47.200 D/dalvikvm(22159): Compiler shutdown in progress - discarding request
02-12 10:45:47.200 D/dalvikvm(22170): Late-enabling CheckJNI
02-12 10:45:47.200 D/dalvikvm(22170): Try to disable coredump for pid 22170
02-12 10:45:47.200 D/dalvikvm(22170): Process 22170 nice name: org.xwalk.webapi_noneservice_tests
02-12 10:45:47.200 D/dalvikvm(22170): Extra Options: not specified
02-12 10:45:47.210 I/ActivityManager(  504): Start proc org.xwalk.webapi_noneservice_tests for activity org.xwalk.webapi_noneservice_tests/.webapi_noneservice_tests: pid=22170 uid=10259 gids={50259, 3003, 1028, 1015}
02-12 10:45:47.220 V/WeatherTimeProvider( 1511): widget on Visibility Changed
02-12 10:45:47.230 D/WindowManager(  504): adjustConfigurationLw, config:{1.0 ?mcc?mnc ?locale ?layoutDir sw600dp w600dp h888dp 213dpi lrg port ?uimode ?night finger -keyb/v/h -nav/v} mLidState:1 mHasDockFeature:false mHasKeyboardFeature:false mHasHallSensorFeature:true config.hardKeyboardHidden:2
02-12 10:45:47.230 I/ActivityManager(  504): [TopPkgCurBat]	NowPkgName[org.xwalk.webapi_noneservice_tests]	Battery[96]	TimeTick[1423709147247]	OldPkgName[com.asus.launcher]
02-12 10:45:47.240 D/        (  675): Surface destroy: ANDROID_NATIVE_WINDOW_MAGIC
02-12 10:45:47.260 D/        (  675): Pixel Format : GGL_PIXEL_FORMAT_RGBA_8888
02-12 10:45:47.260 E/rsC++   (  675): RS Message thread exiting.
02-12 10:45:47.270 I/CordovaLog(22170): Changing log level to DEBUG(3)
02-12 10:45:47.270 D/CordovaActivity(22170): CordovaActivity.init()
02-12 10:45:47.280 D/dalvikvm(22170): Trying to load lib /data/app-lib/org.xwalk.webapi_noneservice_tests-1/libxwalkcore.so 0x43d7f5f0
02-12 10:45:47.280 D/dalvikvm(22170): Added shared lib /data/app-lib/org.xwalk.webapi_noneservice_tests-1/libxwalkcore.so 0x43d7f5f0
02-12 10:45:47.290 I/LibraryLoader(22170): Time to load native libraries: 13 ms (timestamps 3760-3773)
02-12 10:45:47.290 I/LibraryLoader(22170): Expected native library version number "",actual native library version number ""
02-12 10:45:47.310 I/LibraryLoader(22170): Expected native library version number "",actual native library version number ""
02-12 10:45:47.310 I/chromium(22170): [INFO:library_loader_hooks.cc(112)] Chromium logging enabled: level = 0, default verbosity = 0
02-12 10:45:47.320 I/BrowserStartupController(22170): Initializing chromium process, singleProcess=true
02-12 10:45:47.590 D/ImageWallpaper(  566): onVisibilityChanged: mVisible, visible=true, false
02-12 10:45:47.590 D/ImageWallpaper(  566): Visibility changed to visible=false
02-12 10:45:47.590 D/ImageWallpaper(  566): Suppressed drawFrame since redraw is not needed and offsets have not changed.
02-12 10:45:47.700 W/chromium(22170): [WARNING:dns_config_service_posix.cc(293)] Failed to read DnsConfig.
02-12 10:45:47.700 W/AudioManagerAndroid(22170): Requires BLUETOOTH permission
02-12 10:45:47.710 I/ufoGralloc(22170): Hello, this is UFO GRALLOC/Intel Corporation
02-12 10:45:47.710 D/        (22170): Pixel Format : GGL_PIXEL_FORMAT_RGBA_8888
02-12 10:45:47.710 D/        (22170): droid_create_context : config id = 1 conf->NativeVisualID=1
02-12 10:45:47.710 D/        (22170): Pixel Format : GGL_PIXEL_FORMAT_RGBA_8888
02-12 10:45:47.710 I/        (22170): Requested context : GLES 2.0
02-12 10:45:47.740 W/chromium(22170): [WARNING:proxy_service.cc(899)] PAC support disabled because there is no system implementation
02-12 10:45:47.750 W/dalvikvm(22170): VFY: unable to find class referenced in signature (Landroid/view/inputmethod/CursorAnchorInfo;)
02-12 10:45:47.750 I/dalvikvm(22170): Could not find method android.view.inputmethod.InputMethodManager.updateCursorAnchorInfo, referenced from method org.chromium.content.browser.input.InputMethodManagerWrapper.updateCursorAnchorInfo
02-12 10:45:47.750 W/dalvikvm(22170): VFY: unable to resolve virtual method 1368: Landroid/view/inputmethod/InputMethodManager;.updateCursorAnchorInfo (Landroid/view/View;Landroid/view/inputmethod/CursorAnchorInfo;)V
02-12 10:45:47.750 D/dalvikvm(22170): VFY: replacing opcode 0x6e at 0x000a
02-12 10:45:47.800 E/cutils  (  163): Failed to mkdirat(/Removable/MicroSD): Read-only file system
02-12 10:45:47.800 W/ContextImpl(22170): Failed to ensure directory: /Removable/MicroSD/Android/data/org.xwalk.webapi_noneservice_tests/cache
02-12 10:45:47.800 W/Vold    (  163): Returning OperationFailed - no handler for errno 30
02-12 10:45:47.800 D/CordovaActivity(22170): CordovaActivity.createViews()
02-12 10:45:47.800 E/chromium(22170): [ERROR:unix_domain_server_socket_posix.cc(106)] Not implemented reached in virtual int net::UnixDomainServerSocket::GetLocalAddress(net::IPEndPoint*) const
02-12 10:45:47.810 D/CordovaWebView(22170): >>> loadUrl(file:///android_asset/www/index.html)
02-12 10:45:47.810 D/PluginManager(22170): init()
02-12 10:45:47.810 E/cutils  (  163): Failed to mkdirat(/Removable/MicroSD): Read-only file system
02-12 10:45:47.810 W/ContextImpl(22170): Failed to ensure directory: /Removable/MicroSD/Android/data/org.xwalk.webapi_noneservice_tests/files
02-12 10:45:47.810 E/cutils  (  163): Failed to mkdirat(/Removable/MicroSD): Read-only file system
02-12 10:45:47.810 W/ContextImpl(22170): Failed to ensure directory: /Removable/MicroSD/Android/data/org.xwalk.webapi_noneservice_tests/cache
02-12 10:45:47.810 D/CordovaWebView(22170): >>> loadUrlNow()
02-12 10:45:47.810 I/dalvikvm(22170): Could not find method android.app.Activity.finishAndRemoveTask, referenced from method org.chromium.base.ApiCompatibilityUtils.finishAndRemoveTask
02-12 10:45:47.810 W/dalvikvm(22170): VFY: unable to resolve virtual method 6: Landroid/app/Activity;.finishAndRemoveTask ()V
02-12 10:45:47.810 D/dalvikvm(22170): VFY: replacing opcode 0x6e at 0x0006
02-12 10:45:47.810 I/dalvikvm(22170): Could not find method android.os.PowerManager.isInteractive, referenced from method org.chromium.base.ApiCompatibilityUtils.isInteractive
02-12 10:45:47.810 W/dalvikvm(22170): VFY: unable to resolve virtual method 874: Landroid/os/PowerManager;.isInteractive ()Z
02-12 10:45:47.810 D/dalvikvm(22170): VFY: replacing opcode 0x6e at 0x000e
02-12 10:45:47.810 W/Vold    (  163): Returning OperationFailed - no handler for errno 30
02-12 10:45:47.810 W/Vold    (  163): Returning OperationFailed - no handler for errno 30
02-12 10:45:47.820 I/dalvikvm(22170): Could not find method android.view.Window.getNavigationBarColor, referenced from method org.chromium.base.ApiCompatibilityUtils.setStatusBarColor
02-12 10:45:47.820 W/dalvikvm(22170): VFY: unable to resolve virtual method 1268: Landroid/view/Window;.getNavigationBarColor ()I
02-12 10:45:47.820 D/dalvikvm(22170): VFY: replacing opcode 0x6e at 0x0010
02-12 10:45:47.820 I/dalvikvm(22170): Could not find method android.view.Window.setStatusBarColor, referenced from method org.chromium.base.ApiCompatibilityUtils.setStatusBarColor
02-12 10:45:47.820 W/dalvikvm(22170): VFY: unable to resolve virtual method 1274: Landroid/view/Window;.setStatusBarColor (I)V
02-12 10:45:47.820 D/dalvikvm(22170): VFY: replacing opcode 0x6e at 0x0019
02-12 10:45:47.820 E/dalvikvm(22170): Could not find class 'android.app.ActivityManager$TaskDescription', referenced from method org.chromium.base.ApiCompatibilityUtils.setTaskDescription
02-12 10:45:47.820 W/dalvikvm(22170): VFY: unable to resolve new-instance 13 (Landroid/app/ActivityManager$TaskDescription;) in Lorg/chromium/base/ApiCompatibilityUtils;
02-12 10:45:47.820 D/dalvikvm(22170): VFY: replacing opcode 0x22 at 0x0006
02-12 10:45:47.820 D/dalvikvm(22170): DexOpt: unable to opt direct call 0x002f at 0x08 in Lorg/chromium/base/ApiCompatibilityUtils;.setTaskDescription
02-12 10:45:47.820 I/chromium(22170): [INFO:xwalk_extension_renderer_controller.cc(47)] EXTENSION PROCESS DISABLED.
02-12 10:45:47.820 D/CordovaActivity(22170): Resuming the App
02-12 10:45:47.830 D/SoftKeyboardDetect(22170): Ignore this event
02-12 10:45:47.850 D/        (22170): droid_create_context : config id = 5 conf->NativeVisualID=1
02-12 10:45:47.850 D/        (22170): Pixel Format : GGL_PIXEL_FORMAT_RGBA_8888
02-12 10:45:47.850 I/        (22170): Requested context : GLES 2.0
02-12 10:45:47.860 D/        (22170): Pixel Format : GGL_PIXEL_FORMAT_RGBA_8888
02-12 10:45:47.860 D/OpenGLRenderer(22170): Enabling debug mode 0
02-12 10:45:47.860 D/        (22170): Pixel Format : GGL_PIXEL_FORMAT_RGBA_8888
02-12 10:45:47.860 D/        (22170): droid_create_context : config id = 1 conf->NativeVisualID=1
02-12 10:45:47.860 D/        (22170): Pixel Format : GGL_PIXEL_FORMAT_RGBA_8888
02-12 10:45:47.860 I/        (22170): Requested context : GLES 2.0
02-12 10:45:47.890 D/SoftKeyboardDetect(22170): Ignore this event
02-12 10:45:47.890 D/XT9IME  (  722): new subtype :zh_CN ,pinyin
02-12 10:45:47.930 D/CordovaActivity(22170): onMessage(onPageStarted,file:///android_asset/www/index.html)
02-12 10:45:47.930 W/BindingManager(22170): Cannot call determinedVisibility() - never saw a connection for the pid: 22170
02-12 10:45:47.930 D/BatteryStatsImpl(  504): noteStopWakeLocked system isFromForeground = false
02-12 10:45:47.930 I/ActivityManager(  504): Displayed org.xwalk.webapi_noneservice_tests/.webapi_noneservice_tests: +735ms
02-12 10:45:47.980 D/CordovaActivity(22170): onMessage(onPageFinished,file:///android_asset/www/index.html)
02-12 10:45:48.990 D/CordovaActivity(22170): onMessage(onPageStarted,file:///android_asset/www/index_real.html?testprefix=./)
02-12 10:45:49.050 W/BindingManager(22170): Cannot call determinedVisibility() - never saw a connection for the pid: 22170
02-12 10:45:49.260 I/chromium(22170): [INFO:CONSOLE(0)] "Synchronous XMLHttpRequest on the main thread is deprecated because of its detrimental effects to the end user's experience. For more help, check http://xhr.spec.whatwg.org/.", source:  (0)
02-12 10:45:49.320 D/CordovaActivity(22170): onMessage(onPageFinished,file:///android_asset/www/index_real.html?testprefix=./)
02-12 10:45:49.990 D/CordovaActivity(22170): onMessage(spinner,stop)
02-12 10:45:50.010 D/        (22170): Pixel Format : GGL_PIXEL_FORMAT_RGBA_8888
02-12 10:45:50.010 D/        (22170): droid_create_context : config id = 1 conf->NativeVisualID=1
02-12 10:45:50.010 D/        (22170): Pixel Format : GGL_PIXEL_FORMAT_RGBA_8888
02-12 10:45:50.010 I/        (22170): Requested context : GLES 2.0
02-12 10:45:50.030 D/        (22170): Swap interval set to = 1 value
02-12 10:45:50.120 D/        (22170): Pixel Format : GGL_PIXEL_FORMAT_RGBA_8888
02-12 10:45:50.120 D/        (22170): droid_create_context : config id = 1 conf->NativeVisualID=1
02-12 10:45:50.120 D/        (22170): Pixel Format : GGL_PIXEL_FORMAT_RGBA_8888
02-12 10:45:50.120 I/        (22170): Requested context : GLES 2.0
02-12 10:45:50.460 I/chromium(22170): [INFO:CONSOLE(46)] "Uncaught ReferenceError: SharedWorker is not defined", source: file:///android_asset/www//opt/tct-workers-w3c-tests/workers/SharedWorkerNavigator_platform.html (46)
02-12 10:45:51.330 D/CordovaActivity(22170): onMessage(spinner,stop)
02-12 10:45:53.560 W/BindingManager(22170): Cannot call determinedVisibility() - never saw a connection for the pid: 22170
02-12 10:45:53.610 I/chromium(22170): [INFO:CONSOLE(48)] "Uncaught ReferenceError: SharedWorker is not defined", source: file:///android_asset/www//opt/tct-workers-w3c-tests/workers/WebWorker_WorkerLocation_pathname_decompose.html (48)
02-12 10:45:56.730 W/BindingManager(22170): Cannot call determinedVisibility() - never saw a connection for the pid: 22170
02-12 10:45:57.350 W/BindingManager(22170): Cannot call determinedVisibility() - never saw a connection for the pid: 22170
02-12 10:45:58.030 W/BindingManager(22170): Cannot call determinedVisibility() - never saw a connection for the pid: 22170
02-12 10:45:58.680 W/BindingManager(22170): Cannot call determinedVisibility() - never saw a connection for the pid: 22170
02-12 10:45:59.330 W/BindingManager(22170): Cannot call determinedVisibility() - never saw a connection for the pid: 22170
02-12 10:45:59.420 E/AndroidProtocolHandler(22170): Unable to open asset URL: file:///android_asset/www//opt/tct-workers-w3c-tests/icon.png
02-12 10:45:59.990 D/Clock   (  566): ACTION_TIME_TICK
02-12 10:45:59.990 D/Clock   (  566): update clock:上午10:46
02-12 10:46:00.000 W/BindingManager(22170): Cannot call determinedVisibility() - never saw a connection for the pid: 22170
02-12 10:46:00.000 D/BatteryStatsImpl(  504): noteStopWakeLocked system isFromForeground = false
02-12 10:46:00.840 W/BindingManager(22170): Cannot call determinedVisibility() - never saw a connection for the pid: 22170
02-12 10:46:00.870 I/chromium(22170): [INFO:CONSOLE(47)] "Uncaught ReferenceError: SharedWorker is not defined", source: file:///android_asset/www//opt/tct-workers-w3c-tests/workers/SharedWorkerLocation_search.html (47)
02-12 10:46:02.410 D/wpa_supplicant(  651): wlan0: Starting AP scan for wildcard SSID
02-12 10:46:02.410 D/wpa_supplicant(  651): WPS: Building WPS IE for Probe Request
02-12 10:46:02.410 D/wpa_supplicant(  651): WPS:  * Version (hardcoded 0x10)
02-12 10:46:02.410 D/wpa_supplicant(  651): WPS:  * Request Type
02-12 10:46:02.410 D/wpa_supplicant(  651): WPS:  * Config Methods (4288)
02-12 10:46:02.410 D/wpa_supplicant(  651): WPS:  * UUID-E
02-12 10:46:02.410 D/wpa_supplicant(  651): WPS:  * Primary Device Type
02-12 10:46:02.410 D/wpa_supplicant(  651): WPS:  * RF Bands (1)
02-12 10:46:02.410 D/wpa_supplicant(  651): WPS:  * Association State
02-12 10:46:02.410 D/wpa_supplicant(  651): WPS:  * Configuration Error (0)
02-12 10:46:02.410 D/wpa_supplicant(  651): WPS:  * Device Password ID (0)
02-12 10:46:02.410 D/wpa_supplicant(  651): WPS:  * Manufacturer
02-12 10:46:02.410 D/wpa_supplicant(  651): WPS:  * Model Name
02-12 10:46:02.410 D/wpa_supplicant(  651): WPS:  * Model Number
02-12 10:46:02.410 D/wpa_supplicant(  651): WPS:  * Device Name
02-12 10:46:02.410 D/wpa_supplicant(  651): WPS:  * Version2 (0x20)
02-12 10:46:02.410 D/wpa_supplicant(  651): P2P: * P2P IE header
02-12 10:46:02.410 D/wpa_supplicant(  651): P2P: * Capability dev=25 group=00
02-12 10:46:02.410 D/wpa_supplicant(  651): P2P: * Listen Channel: Regulatory Class 81 Channel 11
02-12 10:46:02.410 D/wpa_supplicant(  651): wlan0: nl80211: scan request
02-12 10:46:02.480 D/wpa_supplicant(  651): Scan requested (ret=0) - scan timeout 30 seconds
02-12 10:46:02.480 D/wpa_supplicant(  651): nl80211: Drv Event 33 (NL80211_CMD_TRIGGER_SCAN) received for wlan0
02-12 10:46:02.480 D/wpa_supplicant(  651): wlan0: nl80211: Scan trigger
02-12 10:46:03.590 D/wpa_supplicant(  651): nl80211: Drv Event 34 (NL80211_CMD_NEW_SCAN_RESULTS) received for wlan0
02-12 10:46:03.590 D/wpa_supplicant(  651): wlan0: nl80211: New scan results available
02-12 10:46:03.590 D/wpa_supplicant(  651): wlan0: Event SCAN_RESULTS (3) received
02-12 10:46:03.590 D/wpa_supplicant(  651): nl80211: Received scan results (26 BSSes)
02-12 10:46:03.590 D/wpa_supplicant(  651): nl80211: Survey data missing
02-12 10:46:03.590 D/wpa_supplicant(  651): wlan0: BSS: Start scan result update 261
02-12 10:46:03.590 D/wpa_supplicant(  651): wlan0: BSS: Add new id 620 BSSID c0:a0:bb:20:3b:84 SSID 'dlink-3B84'
02-12 10:46:03.590 D/wpa_supplicant(  651): CTRL_IFACE monitor send - hexdump(len=39): 2f 64 61 74 61 2f 6d 69 73 63 2f 77 69 66 69 2f 73 6f 63 6b 65 74 73 2f 77 70 61 5f 63 74 72 6c ...
02-12 10:46:03.590 D/wpa_supplicant(  651): wlan0: BSS: Add new id 621 BSSID 18:dc:56:b2:b6:3d SSID 'AP_7620L-B63D'
02-12 10:46:03.590 D/wpa_supplicant(  651): CTRL_IFACE monitor send - hexdump(len=39): 2f 64 61 74 61 2f 6d 69 73 63 2f 77 69 66 69 2f 73 6f 63 6b 65 74 73 2f 77 70 61 5f 63 74 72 6c ...
02-12 10:46:03.590 I/WifiHW  (  504): EVENT: IFNAME=wlan0 CTRL-EVENT-BSS-ADDED 620 c0:a0:bb:20:3b:84
02-12 10:46:03.590 D/wpa_supplicant(  651): wlan0: BSS: Remove id 614 BSSID 02:1a:11:fa:9e:f1 SSID 'love U forever' due to no match in scan
02-12 10:46:03.590 D/wpa_supplicant(  651): CTRL_IFACE monitor send - hexdump(len=39): 2f 64 61 74 61 2f 6d 69 73 63 2f 77 69 66 69 2f 73 6f 63 6b 65 74 73 2f 77 70 61 5f 63 74 72 6c ...
02-12 10:46:03.590 I/WifiHW  (  504): EVENT: IFNAME=wlan0 CTRL-EVENT-BSS-ADDED 621 18:dc:56:b2:b6:3d
02-12 10:46:03.590 D/wpa_supplicant(  651): wlan0: BSS: Remove id 612 BSSID 00:25:86:5c:5e:30 SSID 'internet' due to no match in scan
02-12 10:46:03.590 D/wpa_supplicant(  651): CTRL_IFACE monitor send - hexdump(len=39): 2f 64 61 74 61 2f 6d 69 73 63 2f 77 69 66 69 2f 73 6f 63 6b 65 74 73 2f 77 70 61 5f 63 74 72 6c ...
02-12 10:46:03.590 D/wpa_supplicant(  651): BSS: last_scan_res_used=26/32 last_scan_full=0
02-12 10:46:03.590 D/wpa_supplicant(  651): wlan0: New scan results available
02-12 10:46:03.590 D/wpa_supplicant(  651): CTRL_IFACE monitor send - hexdump(len=39): 2f 64 61 74 61 2f 6d 69 73 63 2f 77 69 66 69 2f 73 6f 63 6b 65 74 73 2f 77 70 61 5f 63 74 72 6c ...
02-12 10:46:03.590 I/WifiHW  (  504): EVENT: IFNAME=wlan0 CTRL-EVENT-BSS-REMOVED 614 02:1a:11:fa:9e:f1
02-12 10:46:03.590 I/WifiHW  (  504): EVENT: IFNAME=wlan0 CTRL-EVENT-BSS-REMOVED 612 00:25:86:5c:5e:30
02-12 10:46:03.590 D/wpa_supplicant(  651): CTRL_IFACE monitor send - hexdump(len=39): 2f 64 61 74 61 2f 6d 69 73 63 2f 77 69 66 69 2f 73 6f 63 6b 65 74 73 2f 77 70 61 5f 63 74 72 6c ...
02-12 10:46:03.590 I/WifiHW  (  504): EVENT: IFNAME=wlan0 CTRL-EVENT-SCAN-RESULTS 
02-12 10:46:03.590 D/wpa_supplicant(  651): Authorize channel 1
02-12 10:46:03.590 D/wpa_supplicant(  651): Authorize channel 2
02-12 10:46:03.590 D/wpa_supplicant(  651): Authorize channel 3
02-12 10:46:03.590 D/wpa_supplicant(  651): Authorize channel 4
02-12 10:46:03.590 D/wpa_supplicant(  651): Authorize channel 5
02-12 10:46:03.590 D/wpa_supplicant(  651): Authorize channel 6
02-12 10:46:03.590 D/wpa_supplicant(  651): Authorize channel 7
02-12 10:46:03.590 D/wpa_supplicant(  651): Authorize channel 8
02-12 10:46:03.590 D/wpa_supplicant(  651): Authorize channel 9
02-12 10:46:03.590 D/wpa_supplicant(  651): Authorize channel 10
02-12 10:46:03.590 D/wpa_supplicant(  651): Authorize channel 11
02-12 10:46:03.590 D/wpa_supplicant(  651): Authorize channel 12
02-12 10:46:03.590 D/wpa_supplicant(  651): Authorize channel 13
02-12 10:46:03.590 D/wpa_supplicant(  651): Authorize channel 1
02-12 10:46:03.590 D/wpa_supplicant(  651): Authorize channel 2
02-12 10:46:03.590 D/wpa_supplicant(  651): Authorize channel 3
02-12 10:46:03.590 D/wpa_supplicant(  651): Authorize channel 4
02-12 10:46:03.590 I/WifiHW  (  504): EVENT: IFNAME=wlan0 WPS-AP-AVAILABLE 
02-12 10:46:03.590 D/wpa_supplicant(  651): Authorize channel 5
02-12 10:46:03.600 I/WifiHW  (  504): CMD: IFNAME=wlan0 BSS RANGE=0- MASK=0x21987
02-12 10:46:03.600 D/wpa_supplicant(  651): Authorize channel 6
02-12 10:46:03.600 D/wpa_supplicant(  651): Authorize channel 7
02-12 10:46:03.600 D/wpa_supplicant(  651): Authorize channel 8
02-12 10:46:03.600 D/wpa_supplicant(  651): Authorize channel 9
02-12 10:46:03.600 D/wpa_supplicant(  651): Authorize channel 10
02-12 10:46:03.600 D/wpa_supplicant(  651): Authorize channel 11
02-12 10:46:03.600 D/wpa_supplicant(  651): Authorize channel 12
02-12 10:46:03.600 D/wpa_supplicant(  651): Authorize channel 13
02-12 10:46:03.600 D/wpa_supplicant(  651): Add access point on channel 6
02-12 10:46:03.600 D/wpa_supplicant(  651): Add access point on channel 11
02-12 10:46:03.600 D/wpa_supplicant(  651): Add access point on channel 4
02-12 10:46:03.600 D/wpa_supplicant(  651): Add access point on channel 11
02-12 10:46:03.600 D/wpa_supplicant(  651): Add access point on channel 6
02-12 10:46:03.600 D/wpa_supplicant(  651): Add access point on channel 1
02-12 10:46:03.600 D/wpa_supplicant(  651): Add access point on channel 11
02-12 10:46:03.600 D/wpa_supplicant(  651): Add access point on channel 6
02-12 10:46:03.600 D/wpa_supplicant(  651): Add access point on channel 6
02-12 10:46:03.600 D/wpa_supplicant(  651): Add access point on channel 1
02-12 10:46:03.600 D/wpa_supplicant(  651): Add access point on channel 1
02-12 10:46:03.600 D/wpa_supplicant(  651): Add access point on channel 1
02-12 10:46:03.600 D/wpa_supplicant(  651): Add access point on channel 6
02-12 10:46:03.600 D/wpa_supplicant(  651): Add access point on channel 11
02-12 10:46:03.600 D/wpa_supplicant(  651): Add access point on channel 6
02-12 10:46:03.600 D/wpa_supplicant(  651): Add access point on channel 1
02-12 10:46:03.600 D/wpa_supplicant(  651): Add access point on channel 6
02-12 10:46:03.600 D/wpa_supplicant(  651): Add access point on channel 9
02-12 10:46:03.600 D/wpa_supplicant(  651): Add access point on channel 6
02-12 10:46:03.600 D/wpa_supplicant(  651): Add access point on channel 6
02-12 10:46:03.600 D/wpa_supplicant(  651): Add access point on channel 6
02-12 10:46:03.600 D/wpa_supplicant(  651): Add access point on channel 8
02-12 10:46:03.600 D/wpa_supplicant(  651): Add access point on channel 6
02-12 10:46:03.600 D/wpa_supplicant(  651): Add access point on channel 6
02-12 10:46:03.600 D/wpa_supplicant(  651): Add access point on channel 1
02-12 10:46:03.600 D/wpa_supplicant(  651): Add access point on channel 6
02-12 10:46:03.600 D/wpa_supplicant(  651): Add access point on channel 6
02-12 10:46:03.600 D/wpa_supplicant(  651): Add access point on channel 1
02-12 10:46:03.600 D/wpa_supplicant(  651): Add access point on channel 2
02-12 10:46:03.600 D/wpa_supplicant(  651): Add access point on channel 6
02-12 10:46:03.600 D/wpa_supplicant(  651): Best Operating channel is = 11
02-12 10:46:03.600 D/wpa_supplicant(  651): WPS: AP[0] f8:d1:11:e7:99:e8 type=0 tries=0 last_attempt=-1 sec ago blacklist=0
02-12 10:46:03.600 D/wpa_supplicant(  651): WPS: AP[1] 10:c3:7b:d2:e5:e0 type=0 tries=0 last_attempt=-1 sec ago blacklist=0
02-12 10:46:03.600 D/wpa_supplicant(  651): WPS: AP[2] b0:48:7a:20:66:6a type=0 tries=0 last_attempt=-1 sec ago blacklist=0
02-12 10:46:03.600 D/wpa_supplicant(  651): WPS: AP[3] cc:34:29:2b:26:4c type=0 tries=0 last_attempt=-1 sec ago blacklist=0
02-12 10:46:03.600 D/wpa_supplicant(  651): WPS: AP[4] cc:34:29:2c:fb:ec type=0 tries=0 last_attempt=-1 sec ago blacklist=0
02-12 10:46:03.600 D/wpa_supplicant(  651): WPS: AP[5] 44:94:fc:3d:da:38 type=0 tries=0 last_attempt=-1 sec ago blacklist=0
02-12 10:46:03.600 D/wpa_supplicant(  651): WPS: AP[6] c0:c1:c0:76:81:3c type=0 tries=0 last_attempt=-1 sec ago blacklist=0
02-12 10:46:03.600 D/wpa_supplicant(  651): WPS: AP[7] 98:fc:11:81:35:fb type=0 tries=0 last_attempt=-1 sec ago blacklist=0
02-12 10:46:03.600 D/wpa_supplicant(  651): WPS: AP[8] b0:48:7a:51:ff:cc type=0 tries=0 last_attempt=-1 sec ago blacklist=0
02-12 10:46:03.600 D/wpa_supplicant(  651): WPS: AP[9] 14:d6:4d:28:ef:c8 type=0 tries=0 last_attempt=-1 sec ago blacklist=0
02-12 10:46:03.600 D/wpa_supplicant(  651): WPS: AP[10] 7a:ff:57:00:13:56 type=0 tries=0 last_attempt=-1 sec ago blacklist=0
02-12 10:46:03.600 D/wpa_supplicant(  651): WPS: AP[11] c8:d7:19:60:62:f2 type=0 tries=0 last_attempt=-1 sec ago blacklist=0
02-12 10:46:03.600 D/wpa_supplicant(  651): WPS: AP[12] c0:a0:bb:20:3b:84 type=0 tries=0 last_attempt=-1 sec ago blacklist=0
02-12 10:46:03.600 D/wpa_supplicant(  651): WPS: AP[13] 5e:f3:70:0c:91:9a type=0 tries=0 last_attempt=-1 sec ago blacklist=0
02-12 10:46:03.600 D/wpa_supplicant(  651): WPS: AP[14] 02:09:4c:42:36:90 type=0 tries=0 last_attempt=-1 sec ago blacklist=0
02-12 10:46:03.600 D/wpa_supplicant(  651): WPS: AP[15] e4:d3:32:36:2e:54 type=0 tries=0 last_attempt=-1 sec ago blacklist=0
02-12 10:46:03.600 D/wpa_supplicant(  651): wlan0: Selecting BSS from priority group 17
02-12 10:46:03.600 D/wpa_supplicant(  651): wlan0: 0: 6c:8b:2f:e9:d1:da ssid='ZTE_AP_1640' wpa_ie_len=0 rsn_ie_len=20 caps=0x511 level=-44
02-12 10:46:03.600 D/wpa_supplicant(  651): wlan0:    skip - SSID mismatch
02-12 10:46:03.600 D/wpa_supplicant(  651): wlan0: 1: f8:d1:11:e7:99:e8 ssid='videotest' wpa_ie_len=22 rsn_ie_len=20 caps=0x531 level=-49 wps
02-12 10:46:03.600 D/wpa_supplicant(  651): wlan0:    skip - SSID mismatch
02-12 10:46:03.600 D/wpa_supplicant(  651): wlan0: 2: c8:d7:19:60:62:f2 ssid='E3000-2.4G' wpa_ie_len=0 rsn_ie_len=20 caps=0x411 level=-54
02-12 10:46:03.600 D/wpa_supplicant(  651): wlan0:    skip - SSID mismatch
02-12 10:46:03.600 D/wpa_supplicant(  651): wlan0: 3: 10:c3:7b:d2:e5:e0 ssid='ASUS_RT-AC66U-2.4G' wpa_ie_len=0 rsn_ie_len=20 caps=0x411 level=-55 wps
02-12 10:46:03.600 D/wpa_supplicant(  651): wlan0:    skip - SSID mismatch
02-12 10:46:03.600 D/wpa_supplicant(  651): wlan0: 4: 02:1a:11:fd:45:ed ssid='Android' wpa_ie_len=0 rsn_ie_len=20 caps=0x511 level=-61
02-12 10:46:03.600 D/wpa_supplicant(  651): wlan0:    skip - SSID mismatch
02-12 10:46:03.600 D/wpa_supplicant(  651): wlan0: 5: cc:34:29:2b:26:4c ssid='cws-test' wpa_ie_len=0 rsn_ie_len=20 caps=0x431 level=-62 wps
02-12 10:46:03.620 D/wpa_supplicant(  651): wlan0:    skip - SSID mismatch
02-12 10:46:03.620 D/wpa_supplicant(  651): wlan0: 6: 44:94:fc:3d:da:38 ssid='6300' wpa_ie_len=0 rsn_ie_len=20 caps=0x411 level=-63 wps
02-12 10:46:03.620 D/wpa_supplicant(  651): wlan0:    skip - SSID mismatch
02-12 10:46:03.620 D/wpa_supplicant(  651): wlan0: 7: c0:c1:c0:76:81:3c ssid='E2000' wpa_ie_len=0 rsn_ie_len=20 caps=0x411 level=-63 wps
02-12 10:46:03.620 D/wpa_supplicant(  651): wlan0:    skip - SSID mismatch
02-12 10:46:03.620 D/wpa_supplicant(  651): wlan0: 8: 6c:8b:2f:e8:38:24 ssid='ZTE_AP_6703' wpa_ie_len=0 rsn_ie_len=20 caps=0x511 level=-63
02-12 10:46:03.620 D/wpa_supplicant(  651): wlan0:    skip - SSID mismatch
02-12 10:46:03.620 D/wpa_supplicant(  651): wlan0: 9: b0:48:7a:20:66:6a ssid='TP-LINK_20666A' wpa_ie_len=22 rsn_ie_len=20 caps=0x431 level=-64 wps
02-12 10:46:03.620 D/wpa_supplicant(  651): wlan0:    skip - SSID mismatch
02-12 10:46:03.620 D/wpa_supplicant(  651): wlan0: 10: 98:fc:11:81:35:fb ssid='E2000E' wpa_ie_len=0 rsn_ie_len=20 caps=0x411 level=-66 wps
02-12 10:46:03.620 D/wpa_supplicant(  651): wlan0:    skip - SSID mismatch
02-12 10:46:03.620 D/wpa_supplicant(  651): wlan0: 11: 22:48:9a:ac:31:7f ssid='WiFi874' wpa_ie_len=0 rsn_ie_len=20 caps=0x431 level=-66
02-12 10:46:03.620 D/wpa_supplicant(  651): wlan0:    skip - SSID mismatch
02-12 10:46:03.620 D/wpa_supplicant(  651): wlan0: 12: b0:48:7a:51:ff:cc ssid='Neusoft TP' wpa_ie_len=22 rsn_ie_len=20 caps=0x431 level=-66 wps
02-12 10:46:03.620 D/wpa_supplicant(  651): wlan0:    skip - SSID mismatch
02-12 10:46:03.620 D/wpa_supplicant(  651): wlan0: 13: cc:34:29:2c:fb:ec ssid='linksys' wpa_ie_len=22 rsn_ie_len=20 caps=0x431 level=-68 wps
02-12 10:46:03.620 D/wpa_supplicant(  651): wlan0:    skip - SSID mismatch
02-12 10:46:03.620 D/wpa_supplicant(  651): wlan0: 14: 80:1f:02:43:fb:e8 ssid='Edimax AP' wpa_ie_len=0 rsn_ie_len=20 caps=0x411 level=-68
02-12 10:46:03.620 D/wpa_supplicant(  651): wlan0:    skip - SSID mismatch
02-12 10:46:03.620 D/wpa_supplicant(  651): wlan0: 15: 8c:be:be:01:00:49 ssid='mw' wpa_ie_len=0 rsn_ie_len=20 caps=0x431 level=-69
02-12 10:46:03.620 D/wpa_supplicant(  651): wlan0:    skip - SSID mismatch
02-12 10:46:03.620 D/wpa_supplicant(  651): wlan0: 16: 00:0f:e2:0f:9f:c1 ssid='321_WAN' wpa_ie_len=28 rsn_ie_len=24 caps=0x411 level=-74
02-12 10:46:03.620 D/wpa_supplicant(  651): wlan0:    skip - SSID mismatch
02-12 10:46:03.620 D/wpa_supplicant(  651): wlan0: 17: 74:e5:43:24:f4:5b ssid='Dttest' wpa_ie_len=0 rsn_ie_len=20 caps=0x31 level=-75
02-12 10:46:03.620 D/wpa_supplicant(  651): wlan0:    skip - SSID mismatch
02-12 10:46:03.620 D/wpa_supplicant(  651): wlan0: 18: 1c:65:9d:e8:79:44 ssid='WiFi' wpa_ie_len=0 rsn_ie_len=20 caps=0x511 level=-76
02-12 10:46:03.620 D/wpa_supplicant(  651): wlan0:    skip - SSID mismatch
02-12 10:46:03.620 D/wpa_supplicant(  651): wlan0: 19: 14:d6:4d:28:ef:c8 ssid='dlink' wpa_ie_len=0 rsn_ie_len=20 caps=0x431 level=-78 wps
02-12 10:46:03.620 D/wpa_supplicant(  651): wlan0:    skip - SSID mismatch
02-12 10:46:03.620 D/wpa_supplicant(  651): wlan0: 20: c0:cb:38:7f:c9:09 ssid='360WiFi-7908' wpa_ie_len=0 rsn_ie_len=20 caps=0x511 level=-78
02-12 10:46:03.620 D/wpa_supplicant(  651): wlan0:    skip - SSID mismatch
02-12 10:46:03.620 D/wpa_supplicant(  651): wlan0: 21: c0:a0:bb:20:3b:84 ssid='dlink-3B84' wpa_ie_len=26 rsn_ie_len=24 caps=0x411 level=-79 wps
02-12 10:46:03.620 D/wpa_supplicant(  651): wlan0:    skip - SSID mismatch
02-12 10:46:03.620 D/wpa_supplicant(  651): wlan0: 22: 18:dc:56:b2:b6:3d ssid='AP_7620L-B63D' wpa_ie_len=0 rsn_ie_len=20 caps=0x431 level=-84
02-12 10:46:03.620 D/wpa_supplicant(  651): wlan0:    skip - SSID mismatch
02-12 10:46:03.620 D/wpa_supplicant(  651): wlan0: 23: 50:bd:5f:4b:29:92 ssid='Internet-2' wpa_ie_len=0 rsn_ie_len=0 caps=0x421 level=-64
02-12 10:46:03.620 D/wpa_supplicant(  651): wlan0:    skip - SSID mismatch
02-12 10:46:03.620 D/wpa_supplicant(  651): wlan0: 24: e4:d3:32:dd:18:62 ssid='Internet' wpa_ie_len=0 rsn_ie_len=0 caps=0x421 level=-67
02-12 10:46:03.620 D/wpa_supplicant(  651): wlan0:    skip - SSID mismatch
02-12 10:46:03.620 D/wpa_supplicant(  651): wlan0: 25: e4:d3:32:36:2e:54 ssid='MERCURY_362E54' wpa_ie_len=0 rsn_ie_len=0 caps=0x401 level=-88 wps
02-12 10:46:03.620 D/wpa_supplicant(  651): wlan0:    skip - SSID mismatch
02-12 10:46:03.620 D/wpa_supplicant(  651): wlan0: Selecting BSS from priority group 15
02-12 10:46:03.620 D/wpa_supplicant(  651): wlan0: 0: 6c:8b:2f:e9:d1:da ssid='ZTE_AP_1640' wpa_ie_len=0 rsn_ie_len=20 caps=0x511 level=-44
02-12 10:46:03.620 D/wpa_supplicant(  651): wlan0:    skip - SSID mismatch
02-12 10:46:03.620 D/wpa_supplicant(  651): wlan0: 1: f8:d1:11:e7:99:e8 ssid='videotest' wpa_ie_len=22 rsn_ie_len=20 caps=0x531 level=-49 wps
02-12 10:46:03.620 D/wpa_supplicant(  651): wlan0:    skip - SSID mismatch
02-12 10:46:03.620 D/wpa_supplicant(  651): wlan0: 2: c8:d7:19:60:62:f2 ssid='E3000-2.4G' wpa_ie_len=0 rsn_ie_len=20 caps=0x411 level=-54
02-12 10:46:03.620 D/wpa_supplicant(  651): wlan0:    skip - SSID mismatch
02-12 10:46:03.620 D/wpa_supplicant(  651): wlan0: 3: 10:c3:7b:d2:e5:e0 ssid='ASUS_RT-AC66U-2.4G' wpa_ie_len=0 rsn_ie_len=20 caps=0x411 level=-55 wps
02-12 10:46:03.620 D/wpa_supplicant(  651): wlan0:    skip - SSID mismatch
02-12 10:46:03.620 D/wpa_supplicant(  651): wlan0: 4: 02:1a:11:fd:45:ed ssid='Android' wpa_ie_len=0 rsn_ie_len=20 caps=0x511 level=-61
02-12 10:46:03.620 D/wpa_supplicant(  651): wlan0:    skip - SSID mismatch
02-12 10:46:03.620 D/wpa_supplicant(  651): wlan0: 5: cc:34:29:2b:26:4c ssid='cws-test' wpa_ie_len=0 rsn_ie_len=20 caps=0x431 level=-62 wps
02-12 10:46:03.620 D/wpa_supplicant(  651): wlan0:    skip - SSID mismatch
02-12 10:46:03.620 D/wpa_supplicant(  651): wlan0: 6: 44:94:fc:3d:da:38 ssid='6300' wpa_ie_len=0 rsn_ie_len=20 caps=0x411 level=-63 wps
02-12 10:46:03.620 D/wpa_supplicant(  651): wlan0:    skip - SSID mismatch
02-12 10:46:03.620 D/wpa_supplicant(  651): wlan0: 7: c0:c1:c0:76:81:3c ssid='E2000' wpa_ie_len=0 rsn_ie_len=20 caps=0x411 level=-63 wps
02-12 10:46:03.620 D/wpa_supplicant(  651): wlan0:    skip - SSID mismatch
02-12 10:46:03.620 D/wpa_supplicant(  651): wlan0: 8: 6c:8b:2f:e8:38:24 ssid='ZTE_AP_6703' wpa_ie_len=0 rsn_ie_len=20 caps=0x511 level=-63
02-12 10:46:03.620 D/wpa_supplicant(  651): wlan0:    skip - SSID mismatch
02-12 10:46:03.620 D/wpa_supplicant(  651): wlan0: 9: b0:48:7a:20:66:6a ssid='TP-LINK_20666A' wpa_ie_len=22 rsn_ie_len=20 caps=0x431 level=-64 wps
02-12 10:46:03.620 D/wpa_supplicant(  651): wlan0:    skip - SSID mismatch
02-12 10:46:03.620 D/wpa_supplicant(  651): wlan0: 10: 98:fc:11:81:35:fb ssid='E2000E' wpa_ie_len=0 rsn_ie_len=20 caps=0x411 level=-66 wps
02-12 10:46:03.620 D/wpa_supplicant(  651): wlan0:    skip - SSID mismatch
02-12 10:46:03.620 D/wpa_supplicant(  651): wlan0: 11: 22:48:9a:ac:31:7f ssid='WiFi874' wpa_ie_len=0 rsn_ie_len=20 caps=0x431 level=-66
02-12 10:46:03.620 D/wpa_supplicant(  651): wlan0:    skip - SSID mismatch
02-12 10:46:03.620 D/wpa_supplicant(  651): wlan0: 12: b0:48:7a:51:ff:cc ssid='Neusoft TP' wpa_ie_len=22 rsn_ie_len=20 caps=0x431 level=-66 wps
02-12 10:46:03.620 D/wpa_supplicant(  651): wlan0:    skip - SSID mismatch
02-12 10:46:03.620 D/wpa_supplicant(  651): wlan0: 13: cc:34:29:2c:fb:ec ssid='linksys' wpa_ie_len=22 rsn_ie_len=20 caps=0x431 level=-68 wps
02-12 10:46:03.620 D/wpa_supplicant(  651): wlan0:    skip - SSID mismatch
02-12 10:46:03.620 D/wpa_supplicant(  651): wlan0: 14: 80:1f:02:43:fb:e8 ssid='Edimax AP' wpa_ie_len=0 rsn_ie_len=20 caps=0x411 level=-68
02-12 10:46:03.620 D/wpa_supplicant(  651): wlan0:    skip - SSID mismatch
02-12 10:46:03.620 D/wpa_supplicant(  651): wlan0: 15: 8c:be:be:01:00:49 ssid='mw' wpa_ie_len=0 rsn_ie_len=20 caps=0x431 level=-69
02-12 10:46:03.620 D/wpa_supplicant(  651): wlan0:    skip - SSID mismatch
