02-12 10:26:49.860 D/wpa_supplicant(  651): wlan0: 12: e4:d3:32:c0:cf:a4 ssid='fast' wpa_ie_len=0 rsn_ie_len=20 caps=0x411 level=-66
02-12 10:26:49.860 D/wpa_supplicant(  651): wlan0:    skip - SSID mismatch
02-12 10:26:49.860 D/wpa_supplicant(  651): wlan0: 13: 22:48:9a:ac:31:7f ssid='WiFi874' wpa_ie_len=0 rsn_ie_len=20 caps=0x431 level=-66
02-12 10:26:49.860 D/wpa_supplicant(  651): wlan0:    skip - SSID mismatch
02-12 10:26:49.860 D/wpa_supplicant(  651): wlan0: 14: 80:1f:02:43:fb:e8 ssid='Edimax AP' wpa_ie_len=0 rsn_ie_len=20 caps=0x411 level=-67
02-12 10:26:49.860 D/wpa_supplicant(  651): wlan0:    skip - SSID mismatch
02-12 10:26:49.860 D/wpa_supplicant(  651): wlan0: 15: b0:48:7a:51:ff:cc ssid='Neusoft TP' wpa_ie_len=22 rsn_ie_len=20 caps=0x431 level=-69 wps
02-12 10:26:49.860 D/wpa_supplicant(  651): wlan0:    skip - SSID mismatch
02-12 10:26:49.860 D/wpa_supplicant(  651): wlan0: 16: 5e:f3:70:0c:91:9a ssid='DIRECT-pl-Android_7f71' wpa_ie_len=0 rsn_ie_len=20 caps=0x411 level=-71 wps
02-12 10:26:49.860 D/wpa_supplicant(  651): wlan0:    skip - SSID mismatch
02-12 10:26:49.860 D/wpa_supplicant(  651): wlan0: 17: 8c:be:be:01:00:49 ssid='mw' wpa_ie_len=0 rsn_ie_len=20 caps=0x431 level=-74
02-12 10:26:49.860 D/wpa_supplicant(  651): wlan0:    skip - SSID mismatch
02-12 10:26:49.860 D/wpa_supplicant(  651): wlan0: 18: 74:e5:43:24:f4:5b ssid='Dttest' wpa_ie_len=0 rsn_ie_len=20 caps=0x31 level=-77
02-12 10:26:49.860 D/wpa_supplicant(  651): wlan0:    skip - SSID mismatch
02-12 10:26:49.860 D/wpa_supplicant(  651): wlan0: 19: c0:a0:bb:20:3b:84 ssid='dlink-3B84' wpa_ie_len=26 rsn_ie_len=24 caps=0x411 level=-79 wps
02-12 10:26:49.860 D/wpa_supplicant(  651): wlan0:    skip - SSID mismatch
02-12 10:26:49.860 D/wpa_supplicant(  651): wlan0: 20: 00:0f:e2:0f:9f:c1 ssid='321_WAN' wpa_ie_len=28 rsn_ie_len=24 caps=0x411 level=-83
02-12 10:26:49.860 D/wpa_supplicant(  651): wlan0:    skip - SSID mismatch
02-12 10:26:49.860 D/wpa_supplicant(  651): wlan0: 21: 02:09:4c:1d:84:8e ssid='DIRECT-' wpa_ie_len=0 rsn_ie_len=0 caps=0x410 level=-71
02-12 10:26:49.860 D/wpa_supplicant(  651): wlan0:    skip - SSID mismatch
02-12 10:26:49.860 D/wpa_supplicant(  651): wlan0: 22: 50:bd:5f:4b:29:92 ssid='Internet-2' wpa_ie_len=0 rsn_ie_len=0 caps=0x421 level=-64
02-12 10:26:49.860 D/wpa_supplicant(  651): wlan0:    skip - SSID mismatch
02-12 10:26:49.860 D/wpa_supplicant(  651): wlan0: 23: e4:d3:32:dd:18:62 ssid='Internet' wpa_ie_len=0 rsn_ie_len=0 caps=0x421 level=-68
02-12 10:26:49.860 D/wpa_supplicant(  651): wlan0:    skip - SSID mismatch
02-12 10:26:49.860 D/wpa_supplicant(  651): wlan0: Selecting BSS from priority group 15
02-12 10:26:49.860 D/wpa_supplicant(  651): wlan0: 0: 6c:8b:2f:e9:d1:da ssid='ZTE_AP_1640' wpa_ie_len=0 rsn_ie_len=20 caps=0x511 level=-42
02-12 10:26:49.860 D/wpa_supplicant(  651): wlan0:    skip - SSID mismatch
02-12 10:26:49.860 D/wpa_supplicant(  651): wlan0: 1: c8:d7:19:60:62:f2 ssid='E3000-2.4G' wpa_ie_len=0 rsn_ie_len=20 caps=0x411 level=-45
02-12 10:26:49.860 D/wpa_supplicant(  651): wlan0:    skip - SSID mismatch
02-12 10:26:49.860 D/wpa_supplicant(  651): wlan0: 2: f8:d1:11:e7:99:e8 ssid='videotest' wpa_ie_len=22 rsn_ie_len=20 caps=0x531 level=-48 wps
02-12 10:26:49.860 D/wpa_supplicant(  651): wlan0:    skip - SSID mismatch
02-12 10:26:49.860 D/wpa_supplicant(  651): wlan0: 3: 10:c3:7b:d2:e5:e0 ssid='ASUS_RT-AC66U-2.4G' wpa_ie_len=0 rsn_ie_len=20 caps=0x411 level=-51 wps
02-12 10:26:49.860 D/wpa_supplicant(  651): wlan0:    skip - SSID mismatch
02-12 10:26:49.860 D/wpa_supplicant(  651): wlan0: 4: 6c:8b:2f:e8:38:24 ssid='ZTE_AP_6703' wpa_ie_len=0 rsn_ie_len=20 caps=0x511 level=-58
02-12 10:26:49.860 D/wpa_supplicant(  651): wlan0:    skip - SSID mismatch
02-12 10:26:49.860 D/wpa_supplicant(  651): wlan0: 5: c0:c1:c0:76:81:3c ssid='E2000' wpa_ie_len=0 rsn_ie_len=20 caps=0x411 level=-58 wps
02-12 10:26:49.860 D/wpa_supplicant(  651): wlan0:    skip - SSID mismatch
02-12 10:26:49.860 D/wpa_supplicant(  651): wlan0: 6: 44:94:fc:3d:da:38 ssid='6300' wpa_ie_len=0 rsn_ie_len=20 caps=0x411 level=-59 wps
02-12 10:26:49.860 D/wpa_supplicant(  651): wlan0:    skip - SSID mismatch
02-12 10:26:49.860 D/wpa_supplicant(  651): wlan0: 7: 02:1a:11:fd:45:ed ssid='Android' wpa_ie_len=0 rsn_ie_len=20 caps=0x511 level=-60
02-12 10:26:49.860 D/wpa_supplicant(  651): wlan0:    skip - SSID mismatch
02-12 10:26:49.860 D/wpa_supplicant(  651): wlan0: 8: 98:fc:11:81:35:fb ssid='E2000E' wpa_ie_len=0 rsn_ie_len=20 caps=0x411 level=-60 wps
02-12 10:26:49.860 D/wpa_supplicant(  651): wlan0:    skip - SSID mismatch
02-12 10:26:49.860 D/wpa_supplicant(  651): wlan0: 9: cc:34:29:2c:fb:ec ssid='linksys' wpa_ie_len=22 rsn_ie_len=20 caps=0x431 level=-61 wps
02-12 10:26:49.860 D/wpa_supplicant(  651): wlan0:    skip - SSID mismatch
02-12 10:26:49.860 D/wpa_supplicant(  651): wlan0: 10: cc:34:29:2b:26:4c ssid='cws-test' wpa_ie_len=0 rsn_ie_len=20 caps=0x431 level=-61 wps
02-12 10:26:49.860 D/wpa_supplicant(  651): wlan0:    skip - SSID mismatch
02-12 10:26:49.860 D/wpa_supplicant(  651): wlan0: 11: b0:48:7a:20:66:6a ssid='TP-LINK_20666A' wpa_ie_len=22 rsn_ie_len=20 caps=0x431 level=-65 wps
02-12 10:26:49.860 D/wpa_supplicant(  651): wlan0:    skip - SSID mismatch
02-12 10:26:49.860 D/wpa_supplicant(  651): wlan0: 12: e4:d3:32:c0:cf:a4 ssid='fast' wpa_ie_len=0 rsn_ie_len=20 caps=0x411 level=-66
02-12 10:26:49.860 D/wpa_supplicant(  651): wlan0:    skip - SSID mismatch
02-12 10:26:49.860 D/wpa_supplicant(  651): wlan0: 13: 22:48:9a:ac:31:7f ssid='WiFi874' wpa_ie_len=0 rsn_ie_len=20 caps=0x431 level=-66
02-12 10:26:49.860 D/wpa_supplicant(  651): wlan0:    skip - SSID mismatch
02-12 10:26:49.860 D/wpa_supplicant(  651): wlan0: 14: 80:1f:02:43:fb:e8 ssid='Edimax AP' wpa_ie_len=0 rsn_ie_len=20 caps=0x411 level=-67
02-12 10:26:49.860 D/wpa_supplicant(  651): wlan0:    skip - SSID mismatch
02-12 10:26:49.860 D/wpa_supplicant(  651): wlan0: 15: b0:48:7a:51:ff:cc ssid='Neusoft TP' wpa_ie_len=22 rsn_ie_len=20 caps=0x431 level=-69 wps
02-12 10:26:49.860 D/wpa_supplicant(  651): wlan0:    skip - SSID mismatch
02-12 10:26:49.860 D/wpa_supplicant(  651): wlan0: 16: 5e:f3:70:0c:91:9a ssid='DIRECT-pl-Android_7f71' wpa_ie_len=0 rsn_ie_len=20 caps=0x411 level=-71 wps
02-12 10:26:49.860 D/wpa_supplicant(  651): wlan0:    skip - SSID mismatch
02-12 10:26:49.860 D/wpa_supplicant(  651): wlan0: 17: 8c:be:be:01:00:49 ssid='mw' wpa_ie_len=0 rsn_ie_len=20 caps=0x431 level=-74
02-12 10:26:49.860 D/wpa_supplicant(  651): wlan0:    skip - SSID mismatch
02-12 10:26:49.860 D/wpa_supplicant(  651): wlan0: 18: 74:e5:43:24:f4:5b ssid='Dttest' wpa_ie_len=0 rsn_ie_len=20 caps=0x31 level=-77
02-12 10:26:49.860 D/wpa_supplicant(  651): wlan0:    skip - SSID mismatch
02-12 10:26:49.860 D/wpa_supplicant(  651): wlan0: 19: c0:a0:bb:20:3b:84 ssid='dlink-3B84' wpa_ie_len=26 rsn_ie_len=24 caps=0x411 level=-79 wps
02-12 10:26:49.860 D/wpa_supplicant(  651): wlan0:    skip - SSID mismatch
02-12 10:26:49.860 D/wpa_supplicant(  651): wlan0: 20: 00:0f:e2:0f:9f:c1 ssid='321_WAN' wpa_ie_len=28 rsn_ie_len=24 caps=0x411 level=-83
02-12 10:26:49.860 D/wpa_supplicant(  651): wlan0:    skip - SSID mismatch
02-12 10:26:49.860 D/wpa_supplicant(  651): wlan0: 21: 02:09:4c:1d:84:8e ssid='DIRECT-' wpa_ie_len=0 rsn_ie_len=0 caps=0x410 level=-71
02-12 10:26:49.860 D/wpa_supplicant(  651): wlan0:    skip - SSID mismatch
02-12 10:26:49.860 D/wpa_supplicant(  651): wlan0: 22: 50:bd:5f:4b:29:92 ssid='Internet-2' wpa_ie_len=0 rsn_ie_len=0 caps=0x421 level=-64
02-12 10:26:49.860 D/wpa_supplicant(  651): wlan0:    skip - SSID mismatch
02-12 10:26:49.860 D/wpa_supplicant(  651): wlan0: 23: e4:d3:32:dd:18:62 ssid='Internet' wpa_ie_len=0 rsn_ie_len=0 caps=0x421 level=-68
02-12 10:26:49.860 D/wpa_supplicant(  651): wlan0:    skip - SSID mismatch
02-12 10:26:49.860 D/wpa_supplicant(  651): wlan0: Selecting BSS from priority group 4
02-12 10:26:49.860 D/wpa_supplicant(  651): wlan0: 0: 6c:8b:2f:e9:d1:da ssid='ZTE_AP_1640' wpa_ie_len=0 rsn_ie_len=20 caps=0x511 level=-42
02-12 10:26:49.860 D/wpa_supplicant(  651): wlan0:    skip - disabled
02-12 10:26:49.860 D/wpa_supplicant(  651): wlan0: 1: c8:d7:19:60:62:f2 ssid='E3000-2.4G' wpa_ie_len=0 rsn_ie_len=20 caps=0x411 level=-45
02-12 10:26:49.860 D/wpa_supplicant(  651): wlan0:    skip - disabled
02-12 10:26:49.860 D/wpa_supplicant(  651): wlan0: 2: f8:d1:11:e7:99:e8 ssid='videotest' wpa_ie_len=22 rsn_ie_len=20 caps=0x531 level=-48 wps
02-12 10:26:49.860 D/wpa_supplicant(  651): wlan0:    skip - disabled
02-12 10:26:49.860 D/wpa_supplicant(  651): wlan0: 3: 10:c3:7b:d2:e5:e0 ssid='ASUS_RT-AC66U-2.4G' wpa_ie_len=0 rsn_ie_len=20 caps=0x411 level=-51 wps
02-12 10:26:49.860 D/wpa_supplicant(  651): wlan0:    skip - disabled
02-12 10:26:49.860 D/wpa_supplicant(  651): wlan0: 4: 6c:8b:2f:e8:38:24 ssid='ZTE_AP_6703' wpa_ie_len=0 rsn_ie_len=20 caps=0x511 level=-58
02-12 10:26:49.860 D/wpa_supplicant(  651): wlan0:    skip - disabled
02-12 10:26:49.860 D/wpa_supplicant(  651): wlan0: 5: c0:c1:c0:76:81:3c ssid='E2000' wpa_ie_len=0 rsn_ie_len=20 caps=0x411 level=-58 wps
02-12 10:26:49.860 D/wpa_supplicant(  651): wlan0:    skip - disabled
02-12 10:26:49.860 D/wpa_supplicant(  651): wlan0: 6: 44:94:fc:3d:da:38 ssid='6300' wpa_ie_len=0 rsn_ie_len=20 caps=0x411 level=-59 wps
02-12 10:26:49.860 D/wpa_supplicant(  651): wlan0:    skip - disabled
02-12 10:26:49.860 D/wpa_supplicant(  651): wlan0: 7: 02:1a:11:fd:45:ed ssid='Android' wpa_ie_len=0 rsn_ie_len=20 caps=0x511 level=-60
02-12 10:26:49.860 D/wpa_supplicant(  651): wlan0:    skip - disabled
02-12 10:26:49.860 D/wpa_supplicant(  651): wlan0: 8: 98:fc:11:81:35:fb ssid='E2000E' wpa_ie_len=0 rsn_ie_len=20 caps=0x411 level=-60 wps
02-12 10:26:49.860 D/wpa_supplicant(  651): wlan0:    skip - disabled
02-12 10:26:49.860 D/wpa_supplicant(  651): wlan0: 9: cc:34:29:2c:fb:ec ssid='linksys' wpa_ie_len=22 rsn_ie_len=20 caps=0x431 level=-61 wps
02-12 10:26:49.860 D/wpa_supplicant(  651): wlan0:    skip - disabled
02-12 10:26:49.860 D/wpa_supplicant(  651): wlan0: 10: cc:34:29:2b:26:4c ssid='cws-test' wpa_ie_len=0 rsn_ie_len=20 caps=0x431 level=-61 wps
02-12 10:26:49.860 D/wpa_supplicant(  651): wlan0:    skip - disabled
02-12 10:26:49.860 D/wpa_supplicant(  651): wlan0: 11: b0:48:7a:20:66:6a ssid='TP-LINK_20666A' wpa_ie_len=22 rsn_ie_len=20 caps=0x431 level=-65 wps
02-12 10:26:49.860 D/wpa_supplicant(  651): wlan0:    skip - disabled
02-12 10:26:49.860 D/wpa_supplicant(  651): wlan0: 12: e4:d3:32:c0:cf:a4 ssid='fast' wpa_ie_len=0 rsn_ie_len=20 caps=0x411 level=-66
02-12 10:26:49.860 D/wpa_supplicant(  651): wlan0:    skip - disabled
02-12 10:26:49.860 D/wpa_supplicant(  651): wlan0: 13: 22:48:9a:ac:31:7f ssid='WiFi874' wpa_ie_len=0 rsn_ie_len=20 caps=0x431 level=-66
02-12 10:26:49.860 D/wpa_supplicant(  651): wlan0:    skip - disabled
02-12 10:26:49.860 D/wpa_supplicant(  651): wlan0: 14: 80:1f:02:43:fb:e8 ssid='Edimax AP' wpa_ie_len=0 rsn_ie_len=20 caps=0x411 level=-67
02-12 10:26:49.860 D/wpa_supplicant(  651): wlan0:    skip - disabled
02-12 10:26:49.860 D/wpa_supplicant(  651): wlan0: 15: b0:48:7a:51:ff:cc ssid='Neusoft TP' wpa_ie_len=22 rsn_ie_len=20 caps=0x431 level=-69 wps
02-12 10:26:49.860 D/wpa_supplicant(  651): wlan0:    skip - disabled
02-12 10:26:49.860 D/wpa_supplicant(  651): wlan0: 16: 5e:f3:70:0c:91:9a ssid='DIRECT-pl-Android_7f71' wpa_ie_len=0 rsn_ie_len=20 caps=0x411 level=-71 wps
02-12 10:26:49.860 D/wpa_supplicant(  651): wlan0:    skip - disabled
02-12 10:26:49.870 D/wpa_supplicant(  651): wlan0: 17: 8c:be:be:01:00:49 ssid='mw' wpa_ie_len=0 rsn_ie_len=20 caps=0x431 level=-74
02-12 10:26:49.870 D/wpa_supplicant(  651): wlan0:    skip - disabled
02-12 10:26:49.870 D/wpa_supplicant(  651): wlan0: 18: 74:e5:43:24:f4:5b ssid='Dttest' wpa_ie_len=0 rsn_ie_len=20 caps=0x31 level=-77
02-12 10:26:49.870 D/wpa_supplicant(  651): wlan0:    skip - disabled
02-12 10:26:49.870 D/wpa_supplicant(  651): wlan0: 19: c0:a0:bb:20:3b:84 ssid='dlink-3B84' wpa_ie_len=26 rsn_ie_len=24 caps=0x411 level=-79 wps
02-12 10:26:49.870 D/wpa_supplicant(  651): wlan0:    skip - disabled
02-12 10:26:49.870 D/wpa_supplicant(  651): wlan0: 20: 00:0f:e2:0f:9f:c1 ssid='321_WAN' wpa_ie_len=28 rsn_ie_len=24 caps=0x411 level=-83
02-12 10:26:49.870 D/wpa_supplicant(  651): wlan0:    skip - disabled
02-12 10:26:49.870 D/wpa_supplicant(  651): wlan0: 21: 02:09:4c:1d:84:8e ssid='DIRECT-' wpa_ie_len=0 rsn_ie_len=0 caps=0x410 level=-71
02-12 10:26:49.870 D/wpa_supplicant(  651): wlan0:    skip - disabled
02-12 10:26:49.870 D/wpa_supplicant(  651): wlan0: 22: 50:bd:5f:4b:29:92 ssid='Internet-2' wpa_ie_len=0 rsn_ie_len=0 caps=0x421 level=-64
02-12 10:26:49.870 D/wpa_supplicant(  651): wlan0:    skip - disabled
02-12 10:26:49.870 D/wpa_supplicant(  651): wlan0: 23: e4:d3:32:dd:18:62 ssid='Internet' wpa_ie_len=0 rsn_ie_len=0 caps=0x421 level=-68
02-12 10:26:49.870 D/wpa_supplicant(  651): wlan0:    skip - disabled
02-12 10:26:49.870 D/wpa_supplicant(  651): wlan0: No suitable network found
02-12 10:26:49.870 D/wpa_supplicant(  651): wlan0: Setting scan request: 40 sec 0 usec
02-12 10:26:49.870 D/wpa_supplicant(  651): wlan0: Checking for other virtual interfaces sharing same radio (phy0) in event_scan_results
02-12 10:26:49.870 D/wpa_supplicant(  651): p2p-dev-wlan0: Updating scan results from sibling
02-12 10:26:49.870 D/wpa_supplicant(  651): nl80211: Received scan results (24 BSSes)
02-12 10:26:49.870 D/wpa_supplicant(  651): nl80211: Survey data missing
02-12 10:26:49.870 D/wpa_supplicant(  651): p2p-dev-wlan0: BSS: Start scan result update 226
02-12 10:26:49.870 D/wpa_supplicant(  651): BSS: No P2P IE - skipping BSS 6c:8b:2f:e9:d1:da update for P2P interface
02-12 10:26:49.870 D/wpa_supplicant(  651): BSS: No P2P IE - skipping BSS c8:d7:19:60:62:f2 update for P2P interface
02-12 10:26:49.870 D/wpa_supplicant(  651): BSS: No P2P IE - skipping BSS f8:d1:11:e7:99:e8 update for P2P interface
02-12 10:26:49.870 D/wpa_supplicant(  651): BSS: No P2P IE - skipping BSS 10:c3:7b:d2:e5:e0 update for P2P interface
02-12 10:26:49.870 D/wpa_supplicant(  651): BSS: No P2P IE - skipping BSS 6c:8b:2f:e8:38:24 update for P2P interface
02-12 10:26:49.870 D/wpa_supplicant(  651): BSS: No P2P IE - skipping BSS c0:c1:c0:76:81:3c update for P2P interface
02-12 10:26:49.870 D/wpa_supplicant(  651): BSS: No P2P IE - skipping BSS 44:94:fc:3d:da:38 update for P2P interface
02-12 10:26:49.870 D/wpa_supplicant(  651): BSS: No P2P IE - skipping BSS 02:1a:11:fd:45:ed update for P2P interface
02-12 10:26:49.870 D/wpa_supplicant(  651): BSS: No P2P IE - skipping BSS 98:fc:11:81:35:fb update for P2P interface
02-12 10:26:49.870 D/wpa_supplicant(  651): BSS: No P2P IE - skipping BSS cc:34:29:2c:fb:ec update for P2P interface
02-12 10:26:49.870 D/wpa_supplicant(  651): BSS: No P2P IE - skipping BSS cc:34:29:2b:26:4c update for P2P interface
02-12 10:26:49.870 D/wpa_supplicant(  651): BSS: No P2P IE - skipping BSS b0:48:7a:20:66:6a update for P2P interface
02-12 10:26:49.870 D/wpa_supplicant(  651): BSS: No P2P IE - skipping BSS e4:d3:32:c0:cf:a4 update for P2P interface
02-12 10:26:49.870 D/wpa_supplicant(  651): BSS: No P2P IE - skipping BSS 22:48:9a:ac:31:7f update for P2P interface
02-12 10:26:49.870 D/wpa_supplicant(  651): BSS: No P2P IE - skipping BSS 80:1f:02:43:fb:e8 update for P2P interface
02-12 10:26:49.870 D/wpa_supplicant(  651): BSS: No P2P IE - skipping BSS b0:48:7a:51:ff:cc update for P2P interface
02-12 10:26:49.870 D/wpa_supplicant(  651): BSS: No P2P IE - skipping BSS 8c:be:be:01:00:49 update for P2P interface
02-12 10:26:49.870 D/wpa_supplicant(  651): BSS: No P2P IE - skipping BSS 74:e5:43:24:f4:5b update for P2P interface
02-12 10:26:49.870 D/wpa_supplicant(  651): BSS: No P2P IE - skipping BSS c0:a0:bb:20:3b:84 update for P2P interface
02-12 10:26:49.870 D/wpa_supplicant(  651): BSS: No P2P IE - skipping BSS 00:0f:e2:0f:9f:c1 update for P2P interface
02-12 10:26:49.870 D/wpa_supplicant(  651): BSS: No P2P IE - skipping BSS 02:09:4c:1d:84:8e update for P2P interface
02-12 10:26:49.870 D/wpa_supplicant(  651): BSS: No P2P IE - skipping BSS 50:bd:5f:4b:29:92 update for P2P interface
02-12 10:26:49.870 D/wpa_supplicant(  651): BSS: No P2P IE - skipping BSS e4:d3:32:dd:18:62 update for P2P interface
02-12 10:26:49.870 D/wpa_supplicant(  651): BSS: last_scan_res_used=1/32 last_scan_full=0
02-12 10:26:49.870 D/wpa_supplicant(  651): p2p-dev-wlan0: New scan results available
02-12 10:26:49.870 D/wpa_supplicant(  651): CTRL_IFACE monitor send - hexdump(len=39): 2f 64 61 74 61 2f 6d 69 73 63 2f 77 69 66 69 2f 73 6f 63 6b 65 74 73 2f 77 70 61 5f 63 74 72 6c ...
02-12 10:26:49.870 I/WifiHW  (  504): EVENT: IFNAME=p2p-dev-wlan0 CTRL-EVENT-SCAN-RESULTS 
02-12 10:26:49.870 D/wpa_supplicant(  651): CTRL_IFACE monitor send - hexdump(len=39): 2f 64 61 74 61 2f 6d 69 73 63 2f 77 69 66 69 2f 73 6f 63 6b 65 74 73 2f 77 70 61 5f 63 74 72 6c ...
02-12 10:26:49.870 I/WifiHW  (  504): EVENT: IFNAME=p2p-dev-wlan0 WPS-AP-AVAILABLE 
02-12 10:26:49.870 D/wpa_supplicant(  651): WPS: AP[0] 10:c3:7b:d2:e5:e0 type=0 tries=0 last_attempt=-1 sec ago blacklist=0
02-12 10:26:49.870 D/wpa_supplicant(  651): WPS: AP[1] b0:48:7a:20:66:6a type=0 tries=0 last_attempt=-1 sec ago blacklist=0
02-12 10:26:49.870 D/wpa_supplicant(  651): WPS: AP[2] f8:d1:11:e7:99:e8 type=0 tries=0 last_attempt=-1 sec ago blacklist=0
02-12 10:26:49.870 D/wpa_supplicant(  651): WPS: AP[3] 44:94:fc:3d:da:38 type=0 tries=0 last_attempt=-1 sec ago blacklist=0
02-12 10:26:49.870 D/wpa_supplicant(  651): WPS: AP[4] cc:34:29:2c:fb:ec type=0 tries=0 last_attempt=-1 sec ago blacklist=0
02-12 10:26:49.870 D/wpa_supplicant(  651): WPS: AP[5] c8:d7:19:60:62:f2 type=0 tries=0 last_attempt=-1 sec ago blacklist=0
02-12 10:26:49.870 D/wpa_supplicant(  651): WPS: AP[6] cc:34:29:2b:26:4c type=0 tries=0 last_attempt=-1 sec ago blacklist=0
02-12 10:26:49.870 D/wpa_supplicant(  651): WPS: AP[7] 98:fc:11:81:35:fb type=0 tries=0 last_attempt=-1 sec ago blacklist=0
02-12 10:26:49.870 D/wpa_supplicant(  651): WPS: AP[8] 14:d6:4d:28:ef:c8 type=0 tries=0 last_attempt=-1 sec ago blacklist=0
02-12 10:26:49.870 D/wpa_supplicant(  651): WPS: AP[9] b0:48:7a:51:ff:cc type=0 tries=0 last_attempt=-1 sec ago blacklist=0
02-12 10:26:49.870 D/wpa_supplicant(  651): WPS: AP[10] 7a:ff:57:00:13:56 type=0 tries=0 last_attempt=-1 sec ago blacklist=0
02-12 10:26:49.870 D/wpa_supplicant(  651): WPS: AP[11] c0:a0:bb:20:3b:84 type=0 tries=0 last_attempt=-1 sec ago blacklist=0
02-12 10:26:49.870 D/wpa_supplicant(  651): WPS: AP[12] c0:c1:c0:76:81:3c type=0 tries=0 last_attempt=-1 sec ago blacklist=0
02-12 10:26:49.870 D/wpa_supplicant(  651): WPS: AP[13] 5e:f3:70:0c:91:9a type=0 tries=0 last_attempt=-1 sec ago blacklist=0
02-12 10:26:49.870 D/wpa_supplicant(  651): WPS: AP[14] 02:09:4c:42:36:90 type=0 tries=0 last_attempt=-1 sec ago blacklist=0
02-12 10:26:49.870 D/wpa_supplicant(  651): p2p-dev-wlan0: No suitable network found
02-12 10:26:49.870 D/wpa_supplicant(  651): p2p-dev-wlan0: Short-circuit new scan request since there are no enabled networks
02-12 10:26:49.870 D/wpa_supplicant(  651): p2p-dev-wlan0: State: INACTIVE -> INACTIVE
02-12 10:26:49.870 D/wpa_supplicant(  651): wlan0: P2P: Station mode scan operation not pending anymore (sta_scan_pending=0 p2p_cb_on_scan_complete=0)
02-12 10:26:49.870 D/wpa_supplicant(  651): RX ctrl_iface - hexdump(len=25): 42 53 53 20 52 41 4e 47 45 3d 30 2d 20 4d 41 53 4b 3d 30 78 32 31 39 38 37
02-12 10:26:49.870 D/wpa_supplicant(  651): wlan0: Control interface command 'BSS RANGE=0- MASK=0x21987'
02-12 10:26:49.880 I/WifiHW  (  504): REPLY: id=328
02-12 10:26:49.880 I/WifiHW  (  504): REPLY: bssid=c8:d7:19:60:62:f2
02-12 10:26:49.880 I/WifiHW  (  504): REPLY: freq=2437
02-12 10:26:49.880 I/WifiHW  (  504): REPLY: level=-45
02-12 10:26:49.880 I/WifiHW  (  504): REPLY: tsf=0000063146038750
02-12 10:26:49.880 I/WifiHW  (  504): REPLY: flags=[WPA2-EAP-CCMP-preauth][ESS]
02-12 10:26:49.880 I/WifiHW  (  504): REPLY: ssid=E3000-2.4G
02-12 10:26:49.880 I/WifiHW  (  504): REPLY: ====
02-12 10:26:49.880 I/WifiHW  (  504): REPLY: id=329
02-12 10:26:49.880 I/WifiHW  (  504): REPLY: bssid=10:c3:7b:d2:e5:e0
02-12 10:26:49.880 I/WifiHW  (  504): REPLY: freq=2462
02-12 10:26:49.880 I/WifiHW  (  504): REPLY: level=-51
02-12 10:26:49.880 I/WifiHW  (  504): REPLY: tsf=0000063146038874
02-12 10:26:49.880 I/WifiHW  (  504): REPLY: flags=[WPA2-PSK-CCMP][WPS][ESS]
02-12 10:26:49.880 I/WifiHW  (  504): REPLY: ssid=ASUS_RT-AC66U-2.4G
02-12 10:26:49.880 I/WifiHW  (  504): REPLY: ====
02-12 10:26:49.880 I/WifiHW  (  504): REPLY: id=331
02-12 10:26:49.880 I/WifiHW  (  504): REPLY: bssid=b0:48:7a:20:66:6a
02-12 10:26:49.880 I/WifiHW  (  504): REPLY: freq=2427
02-12 10:26:49.880 I/WifiHW  (  504): REPLY: level=-65
02-12 10:26:49.880 I/WifiHW  (  504): REPLY: tsf=0000063146038732
02-12 10:26:49.880 I/WifiHW  (  504): REPLY: flags=[WPA-PSK-CCMP][WPA2-PSK-CCMP][WPS][ESS]
02-12 10:26:49.880 I/WifiHW  (  504): REPLY: ssid=TP-LINK_20666A
02-12 10:26:49.880 I/WifiHW  (  504): REPLY: ====
02-12 10:26:49.880 I/WifiHW  (  504): REPLY: id=332
02-12 10:26:49.880 I/WifiHW  (  504): REPLY: bssid=44:94:fc:3d:da:38
02-12 10:26:49.880 I/WifiHW  (  504): REPLY: freq=2462
02-12 10:26:49.880 I/WifiHW  (  504): REPLY: level=-59
02-12 10:26:49.880 I/WifiHW  (  504): REPLY: tsf=0000063146038819
02-12 10:26:49.880 I/WifiHW  (  504): REPLY: flags=[WPA2-PSK-CCMP][WPS][ESS]
02-12 10:26:49.880 I/WifiHW  (  504): REPLY: ssid=6300
02-12 10:26:49.880 I/WifiHW  (  504): REPLY: ====
02-12 10:26:49.880 I/WifiHW  (  504): REPLY: id=333
02-12 10:26:49.880 I/WifiHW  (  504): REPLY: bssid=c0:c1:c0:76:81:3c
02-12 10:26:49.880 I/WifiHW  (  504): REPLY: freq=2437
02-12 10:26:49.880 I/WifiHW  (  504): REPLY: level=-58
02-12 10:26:49.880 I/WifiHW  (  504): REPLY: tsf=0000063146038801
02-12 10:26:49.880 I/WifiHW  (  504): REPLY: flags=[WPA2-PSK-CCMP][WPS][ESS]
02-12 10:26:49.880 I/WifiHW  (  504): REPLY: ssid=E2000
02-12 10:26:49.880 I/WifiHW  (  504): REPLY: ====
02-12 10:26:49.880 I/WifiHW  (  504): REPLY: id=334
02-12 10:26:49.880 I/WifiHW  (  504): REPLY: bssid=98:fc:11:81:35:fb
02-12 10:26:49.880 I/WifiHW  (  504): REPLY: freq=2412
02-12 10:26:49.880 I/WifiHW  (  504): REPLY: level=-60
02-12 10:26:49.880 I/WifiHW  (  504): REPLY: tsf=0000063146038667
02-12 10:26:49.880 I/WifiHW  (  504): REPLY: flags=[WPA2-PSK-CCMP][WPS][ESS]
02-12 10:26:49.880 I/WifiHW  (  504): REPLY: ssid=E2000E
02-12 10:26:49.880 I/WifiHW  (  504): REPLY: ====
02-12 10:26:49.880 I/WifiHW  (  504): REPLY: id=337
02-12 10:26:49.880 I/WifiHW  (  504): REPLY: bssid=cc:34:29:2b:26:4c
02-12 10:26:49.880 I/WifiHW  (  504): REPLY: freq=2462
02-12 10:26:49.880 I/WifiHW  (  504): REPLY: level=-61
02-12 10:26:49.880 I/WifiHW  (  504): REPLY: tsf=0000063146038829
02-12 10:26:49.880 I/WifiHW  (  504): REPLY: flags=[WPA2-PSK-CCMP][WPS][ESS]
02-12 10:26:49.880 I/WifiHW  (  504): REPLY: ssid=cws-test
02-12 10:26:49.880 I/WifiHW  (  504): REPLY: ====
02-12 10:26:49.880 I/WifiHW  (  504): REPLY: id=345
02-12 10:26:49.880 I/WifiHW  (  504): REPLY: bssid=f8:d1:11:e7:99:e8
02-12 10:26:49.880 I/WifiHW  (  504): REPLY: freq=2437
02-12 10:26:49.880 I/WifiHW  (  504): REPLY: level=-48
02-12 10:26:49.880 I/WifiHW  (  504): REPLY: tsf=0000063146038767
02-12 10:26:49.880 I/WifiHW  (  504): REPLY: flags=[WPA-PSK-CCMP][WPA2-PSK-CCMP][WPS][ESS]
02-12 10:26:49.880 I/WifiHW  (  504): REPLY: ssid=videotest
02-12 10:26:49.880 I/WifiHW  (  504): REPLY: ====
02-12 10:26:49.880 I/WifiHW  (  504): REPLY: id=405
02-12 10:26:49.880 I/WifiHW  (  504): REPLY: bssid=02:1a:11:fd:45:ed
02-12 10:26:49.880 I/WifiHW  (  504): REPLY: freq=2437
02-12 10:26:49.880 I/WifiHW  (  504): REPLY: level=-60
02-12 10:26:49.880 I/WifiHW  (  504): REPLY: tsf=0000063146038784
02-12 10:26:49.880 I/WifiHW  (  504): REPLY: flags=[WPA2-PSK-CCMP][ESS]
02-12 10:26:49.880 I/WifiHW  (  504): REPLY: ssid=Android
02-12 10:26:49.880 I/WifiHW  (  504): REPLY: ====
02-12 10:26:49.880 I/WifiHW  (  504): REPLY: id=421
02-12 10:26:49.880 I/WifiHW  (  504): REPLY: bssid=80:1f:02:43:fb:e8
02-12 10:26:49.880 I/WifiHW  (  504): REPLY: freq=2412
02-12 10:26:49.880 I/WifiHW  (  504): REPLY: level=-67
02-12 10:26:49.880 I/WifiHW  (  504): REPLY: tsf=0000063146038689
02-12 10:26:49.880 I/WifiHW  (  504): REPLY: flags=[WPA2-PSK-CCMP-preauth][ESS]
02-12 10:26:49.880 I/WifiHW  (  504): REPLY: ssid=Edimax AP
02-12 10:26:49.880 I/WifiHW  (  504): REPLY: ====
02-12 10:26:49.880 I/WifiHW  (  504): REPLY: id=491
02-12 10:26:49.880 I/WifiHW  (  504): REPLY: bssid=cc:34:29:2c:fb:ec
02-12 10:26:49.880 I/WifiHW  (  504): REPLY: freq=2412
02-12 10:26:49.880 I/WifiHW  (  504): REPLY: level=-61
02-12 10:26:49.880 I/WifiHW  (  504): REPLY: tsf=0000063146038676
02-12 10:26:49.880 I/WifiHW  (  504): REPLY: flags=[WPA-PSK-CCMP][WPA2-PSK-CCMP][WPS][ESS]
02-12 10:26:49.880 I/WifiHW  (  504): REPLY: ssid=linksys
02-12 10:26:49.880 I/WifiHW  (  504): REPLY: ====
02-12 10:26:49.880 I/WifiHW  (  504): REPLY: id=501
02-12 10:26:49.880 I/WifiHW  (  504): REPLY: bssid=e4:d3:32:dd:18:62
02-12 10:26:49.880 I/WifiHW  (  504): REPLY: freq=2437
02-12 10:26:49.880 I/WifiHW  (  504): REPLY: level=-68
02-12 10:26:49.880 I/WifiHW  (  504): REPLY: tsf=0000063146038792
02-12 10:26:49.880 I/WifiHW  (  504): REPLY: flags=[ESS]
02-12 10:26:49.880 I/WifiHW  (  504): REPLY: ssid=Internet
02-12 10:26:49.880 I/WifiHW  (  504): REPLY: ====
02-12 10:26:49.880 I/WifiHW  (  504): REPLY: id=520
02-12 10:26:49.880 I/WifiHW  (  504): REPLY: bssid=5e:f3:70:0c:91:9a
02-12 10:26:49.880 I/WifiHW  (  504): REPLY: freq=2462
02-12 10:26:49.880 I/WifiHW  (  504): REPLY: level=-71
02-12 10:26:49.880 I/WifiHW  (  504): REPLY: tsf=0000063146038847
02-12 10:26:49.880 I/WifiHW  (  504): REPLY: flags=[WPA2-PSK-CCMP][WPS][ESS][P2P]
02-12 10:26:49.880 I/WifiHW  (  504): REPLY: ssid=DIRECT-pl-Android_7f71
02-12 10:26:49.880 I/WifiHW  (  504): REPLY: ====
02-12 10:26:49.880 I/WifiHW  (  504): REPLY: id=525
02-12 10:26:49.880 I/WifiHW  (  504): REPLY: bssid=74:e5:43:24:f4:5b
02-12 10:26:49.880 I/WifiHW  (  504): REPLY: freq=2412
02-12 10:26:49.880 I/WifiHW  (  504): REPLY: level=-77
02-12 10:26:49.880 I/WifiHW  (  504): REPLY: tsf=0000063146038706
02-12 10:26:49.880 I/WifiHW  (  504): REPLY: flags=[WPA2-PSK-CCMP][ESS]
02-12 10:26:49.880 I/WifiHW  (  504): REPLY: ssid=Dttest
02-12 10:26:49.880 I/WifiHW  (  504): REPLY: ====
02-12 10:26:49.880 I/WifiHW  (  504): REPLY: id=531
02-12 10:26:49.880 I/WifiHW  (  504): REPLY: bssid=b0:48:7a:51:ff:cc
02-12 10:26:49.880 I/WifiHW  (  504): REPLY: freq=2452
02-12 10:26:49.880 I/WifiHW  (  504): REPLY: level=-69
02-12 10:26:49.880 I/WifiHW  (  504): REPLY: tsf=0000063146038837
02-12 10:26:49.880 I/WifiHW  (  504): REPLY: flags=[WPA-PSK-CCMP][WPA2-PSK-CCMP][WPS][ESS]
02-12 10:26:49.880 I/WifiHW  (  504): REPLY: ssid=Neusoft TP
02-12 10:26:49.880 I/WifiHW  (  504): REPLY: ====
02-12 10:26:49.880 I/WifiHW  (  504): REPLY: id=535
02-12 10:26:49.880 I/WifiHW  (  504): REPLY: bssid=50:bd:5f:4b:29:92
02-12 10:26:49.880 I/WifiHW  (  504): REPLY: freq=2437
02-12 10:26:49.880 I/WifiHW  (  504): REPLY: level=-64
02-12 10:26:49.880 I/WifiHW  (  504): REPLY: tsf=0000063146038740
02-12 10:26:49.880 I/WifiHW  (  504): REPLY: flags=[ESS]
02-12 10:26:49.880 I/WifiHW  (  504): REPLY: ssid=Internet-2
02-12 10:26:49.880 I/WifiHW  (  504): REPLY: ====
02-12 10:26:49.880 I/WifiHW  (  504): REPLY: id=537
02-12 10:26:49.880 I/WifiHW  (  504): REPLY: bssid=8c:be:be:01:00:49
02-12 10:26:49.880 I/WifiHW  (  504): REPLY: freq=2412
02-12 10:26:49.880 I/WifiHW  (  504): REPLY: level=-74
02-12 10:26:49.880 I/WifiHW  (  504): REPLY: tsf=0000063146038698
02-12 10:26:49.880 I/WifiHW  (  504): REPLY: flags=[WPA2-PSK-CCMP][ESS]
02-12 10:26:49.880 I/WifiHW  (  504): REPLY: ssid=mw
02-12 10:26:49.880 I/WifiHW  (  504): REPLY: ====
02-12 10:26:49.880 I/WifiHW  (  504): REPLY: id=542
02-12 10:26:49.880 I/WifiHW  (  504): REPLY: bssid=e4:d3:32:c0:cf:a4
02-12 10:26:49.880 I/WifiHW  (  504): REPLY: freq=2437
02-12 10:26:49.880 I/WifiHW  (  504): REPLY: level=-66
02-12 10:26:49.880 I/WifiHW  (  504): REPLY: tsf=0000063146038811
02-12 10:26:49.880 I/WifiHW  (  504): REPLY: flags=[WPA2-PSK-CCMP][ESS]
02-12 10:26:49.880 I/WifiHW  (  504): REPLY: ssid=fast
02-12 10:26:49.880 I/WifiHW  (  504): REPLY: ====
02-12 10:26:49.880 I/WifiHW  (  504): REPLY: id=550
02-12 10:26:49.880 I/WifiHW  (  504): REPLY: bssid=00:0f:e2:0f:9f:c1
02-12 10:26:49.880 I/WifiHW  (  504): REPLY: freq=2462
02-12 10:26:49.880 I/WifiHW  (  504): REPLY: level=-83
02-12 10:26:49.880 I/WifiHW  (  504): REPLY: tsf=0000063146038856
02-12 10:26:49.880 I/WifiHW  (  504): REPLY: flags=[WPA-PSK-CCMP+TKIP][WPA2-PSK-CCMP+TKIP][ESS]
02-12 10:26:49.880 I/WifiHW  (  504): REPLY: ssid=321_WAN
02-12 10:26:49.880 I/WifiHW  (  504): REPLY: ====
02-12 10:26:49.880 I/WifiHW  (  504): REPLY: id=556
02-12 10:26:49.880 I/WifiHW  (  504): REPLY: bssid=02:09:4c:bc:de:9a
02-12 10:26:49.880 I/WifiHW  (  504): REPLY: freq=2412
02-12 10:26:49.880 I/WifiHW  (  504): REPLY: level=-89
02-12 10:26:49.880 I/WifiHW  (  504): REPLY: tsf=0000063104823625
02-12 10:26:49.880 I/WifiHW  (  504): REPLY: flags=[WEP]
02-12 10:26:49.880 I/WifiHW  (  504): REPLY: ssid=DIRECT-
02-12 10:26:49.880 I/WifiHW  (  504): REPLY: ====
02-12 10:26:49.880 I/WifiHW  (  504): REPLY: id=557
02-12 10:26:49.880 I/WifiHW  (  504): REPLY: bssid=6c:8b:2f:e9:d1:da
02-12 10:26:49.880 I/WifiHW  (  504): REPLY: freq=2437
02-12 10:26:49.880 I/WifiHW  (  504): REPLY: level=-42
02-12 10:26:49.880 I/WifiHW  (  504): REPLY: tsf=0000063146038723
02-12 10:26:49.880 I/WifiHW  (  504): REPLY: flags=[WPA2-PSK-CCMP][ESS]
02-12 10:26:49.880 I/WifiHW  (  504): REPLY: ssid=ZTE_AP_1640
02-12 10:26:49.880 I/WifiHW  (  504): REPLY: ====
02-12 10:26:49.880 I/WifiHW  (  504): REPLY: id=558
02-12 10:26:49.880 I/WifiHW  (  504): REPLY: bssid=6c:8b:2f:e8:38:24
02-12 10:26:49.880 I/WifiHW  (  504): REPLY: freq=2437
02-12 10:26:49.880 I/WifiHW  (  504): REPLY: level=-58
02-12 10:26:49.880 I/WifiHW  (  504): REPLY: tsf=0000063146038776
02-12 10:26:49.880 I/WifiHW  (  504): REPLY: flags=[WPA2-PSK-CCMP][ESS]
02-12 10:26:49.880 I/WifiHW  (  504): REPLY: ssid=ZTE_AP_6703
02-12 10:26:49.880 I/WifiHW  (  504): REPLY: ====
02-12 10:26:49.880 I/WifiHW  (  504): REPLY: id=559
02-12 10:26:49.880 I/WifiHW  (  504): REPLY: bssid=22:48:9a:ac:31:7f
02-12 10:26:49.880 I/WifiHW  (  504): REPLY: freq=2437
02-12 10:26:49.880 I/WifiHW  (  504): REPLY: level=-66
02-12 10:26:49.880 I/WifiHW  (  504): REPLY: tsf=0000063146038759
02-12 10:26:49.880 I/WifiHW  (  504): REPLY: flags=[WPA2-PSK-CCMP][ESS]
02-12 10:26:49.880 I/WifiHW  (  504): REPLY: ssid=WiFi874
02-12 10:26:49.880 I/WifiHW  (  504): REPLY: ====
02-12 10:26:49.880 I/WifiHW  (  504): REPLY: id=560
02-12 10:26:49.880 I/WifiHW  (  504): REPLY: bssid=02:09:4c:1d:84:8e
02-12 10:26:49.880 I/WifiHW  (  504): REPLY: freq=2412
02-12 10:26:49.880 I/WifiHW  (  504): REPLY: level=-71
02-12 10:26:49.880 I/WifiHW  (  504): REPLY: tsf=0000063146038864
02-12 10:26:49.880 I/WifiHW  (  504): REPLY: flags=[WEP]
02-12 10:26:49.880 I/WifiHW  (  504): REPLY: ssid=DIRECT-
02-12 10:26:49.880 I/WifiHW  (  504): REPLY: ====
02-12 10:26:49.880 I/WifiHW  (  504): REPLY: id=561
02-12 10:26:49.880 I/WifiHW  (  504): REPLY: bssid=c0:a0:bb:20:3b:84
02-12 10:26:49.880 I/WifiHW  (  504): REPLY: freq=2417
02-12 10:26:49.880 I/WifiHW  (  504): REPLY: level=-79
02-12 10:26:49.880 I/WifiHW  (  504): REPLY: tsf=0000063146038715
02-12 10:26:49.880 I/WifiHW  (  504): REPLY: flags=[WPA-PSK-CCMP+TKIP][WPA2-PSK-CCMP+TKIP][WPS][ESS]
02-12 10:26:49.880 I/WifiHW  (  504): REPLY: ssid=dlink-3B84
02-12 10:26:49.880 I/WifiHW  (  504): REPLY: ####
02-12 10:26:51.090 E/AndroidProtocolHandler(21056): Unable to open asset URL: file:///android_asset/www//opt/tct-webstorage-w3c-tests/webstorage/Storage_key_index_undefined.html
02-12 10:26:51.110 W/BindingManager(21056): Cannot call determinedVisibility() - never saw a connection for the pid: 21056
02-12 10:26:51.120 W/BindingManager(21056): Cannot call determinedVisibility() - never saw a connection for the pid: 21056
02-12 10:26:54.190 E/AndroidProtocolHandler(21056): Unable to open asset URL: file:///android_asset/www//opt/tct-webstorage-w3c-tests/webstorage/Storage_key_index_zero.html
02-12 10:26:54.200 W/BindingManager(21056): Cannot call determinedVisibility() - never saw a connection for the pid: 21056
02-12 10:26:54.210 W/BindingManager(21056): Cannot call determinedVisibility() - never saw a connection for the pid: 21056
02-12 10:26:54.700 D/EVENT_THREAD(  183): void CEventThread::run() POLLIN event on Fd (1)
02-12 10:26:54.700 D/EVENT_THREAD(  183): void CEventThread::run() Do poll with timeout: -1
02-12 10:26:56.660 D/EVENT_THREAD(  183): void CEventThread::run() POLLIN event on Fd (1)
02-12 10:26:56.660 D/EVENT_THREAD(  183): void CEventThread::run() Do poll with timeout: -1
02-12 10:26:56.660 I/upi_ug31xx(  166): (4968) update_capacity
02-12 10:26:56.660 I/[UPI]   (  166): <UG31/E>[UpiReadCapacity]: V=4193(4193), T=347(349-409), I=-304, C=-3(-3-0)
02-12 10:26:56.660 I/[UPI]   (  166): <UG31/E>[UpiReadCapacity]: (0x10822d5a) 3851 (3718) / 3926 (4029) = 98
02-12 10:26:56.660 I/[UPI]   (  166): <UG31/E>[UpiReadCapacity]: (0x10822d5a) 3851 (3718) / 3926 (4029) = 98
02-12 10:26:56.660 I/[UPI]   (  166): <UG31/E>[UpiReadCapacity]: (0x10822d5a) 3848 (3848) / 3926 (4029) = 98
02-12 10:26:56.660 I/[UPI]   (  166): <UG31/E>[RsocFilterCountTime]: (0x10822d5a) Step=4(242730), Full=2(242730), Lock=242730(1800000)
02-12 10:26:56.660 I/[UPI]   (  166): <UG31/E>[UpiReadCapacity]: (0x10822d5a) 3848 (3848) / 3926 (4029) = 98 (-304--304)
02-12 10:26:56.660 I/[UPI]   (  166): <UG31/E><BATT> M:normal, P:98(98-98)%, V:4193mV, C:-299mA, T:34.9C(409), S:0x10822d5a(100), R:3848mAh, F:3926mAh, Q:395mAh, CC:3, P:30.330(215-0)s, BO:7, 97:615:0-44af-9m:B001-20140514-144301 (16)
02-12 10:26:56.670 D/EVENT_THREAD(  183): void CEventThread::run() POLLIN event on Fd (1)
02-12 10:26:56.670 D/EVENT_THREAD(  183): void CEventThread::run() Do poll with timeout: -1
02-12 10:26:56.670 I/upi_ug31xx(  166): (4969) backup_data 
02-12 10:26:56.670 V/upi_ug31xx(  166): state->check_backup_count = 6
02-12 10:26:57.290 E/AndroidProtocolHandler(21056): Unable to open asset URL: file:///android_asset/www//opt/tct-webstorage-w3c-tests/webstorage/storage_key_invalid_parameter.html
02-12 10:26:57.300 W/BindingManager(21056): Cannot call determinedVisibility() - never saw a connection for the pid: 21056
02-12 10:26:57.320 W/BindingManager(21056): Cannot call determinedVisibility() - never saw a connection for the pid: 21056
02-12 10:27:00.000 D/Clock   (  566): ACTION_TIME_TICK
02-12 10:27:00.010 D/Clock   (  566): update clock:10:27
02-12 10:27:00.040 D/BatteryStatsImpl(  504): noteStopWakeLocked system isFromForeground = false
02-12 10:27:00.390 E/AndroidProtocolHandler(21056): Unable to open asset URL: file:///android_asset/www//opt/tct-webstorage-w3c-tests/webstorage/Storage_key_no_argument.html
02-12 10:27:00.390 W/BindingManager(21056): Cannot call determinedVisibility() - never saw a connection for the pid: 21056
02-12 10:27:00.410 W/BindingManager(21056): Cannot call determinedVisibility() - never saw a connection for the pid: 21056
02-12 10:27:03.500 E/AndroidProtocolHandler(21056): Unable to open asset URL: file:///android_asset/www//opt/tct-webstorage-w3c-tests/webstorage/Storage_key_undefined.html
02-12 10:27:03.510 W/BindingManager(21056): Cannot call determinedVisibility() - never saw a connection for the pid: 21056
02-12 10:27:03.550 W/BindingManager(21056): Cannot call determinedVisibility() - never saw a connection for the pid: 21056
02-12 10:27:06.640 E/AndroidProtocolHandler(21056): Unable to open asset URL: file:///android_asset/www//opt/tct-webstorage-w3c-tests/webstorage/window_localStorage_key_zero.html
02-12 10:27:06.650 W/BindingManager(21056): Cannot call determinedVisibility() - never saw a connection for the pid: 21056
02-12 10:27:06.680 W/BindingManager(21056): Cannot call determinedVisibility() - never saw a connection for the pid: 21056
02-12 10:27:09.780 E/AndroidProtocolHandler(21056): Unable to open asset URL: file:///android_asset/www//opt/tct-webstorage-w3c-tests/webstorage/window_sessionStorage_key_zero.html
02-12 10:27:09.790 W/BindingManager(21056): Cannot call determinedVisibility() - never saw a connection for the pid: 21056
02-12 10:27:09.830 W/BindingManager(21056): Cannot call determinedVisibility() - never saw a connection for the pid: 21056
02-12 10:27:12.900 E/AndroidProtocolHandler(21056): Unable to open asset URL: file:///android_asset/www//opt/tct-webstorage-w3c-tests/webstorage/Storage_length_exist.html
02-12 10:27:12.910 W/BindingManager(21056): Cannot call determinedVisibility() - never saw a connection for the pid: 21056
02-12 10:27:12.930 W/BindingManager(21056): Cannot call determinedVisibility() - never saw a connection for the pid: 21056
02-12 10:27:16.020 E/AndroidProtocolHandler(21056): Unable to open asset URL: file:///android_asset/www//opt/tct-webstorage-w3c-tests/webstorage/Storage_length_normal_value.html
02-12 10:27:16.030 W/BindingManager(21056): Cannot call determinedVisibility() - never saw a connection for the pid: 21056
02-12 10:27:16.050 W/BindingManager(21056): Cannot call determinedVisibility() - never saw a connection for the pid: 21056
02-12 10:27:19.120 E/AndroidProtocolHandler(21056): Unable to open asset URL: file:///android_asset/www//opt/tct-webstorage-w3c-tests/webstorage/Storage_length_readonly.html
02-12 10:27:19.120 W/BindingManager(21056): Cannot call determinedVisibility() - never saw a connection for the pid: 21056
02-12 10:27:19.140 W/BindingManager(21056): Cannot call determinedVisibility() - never saw a connection for the pid: 21056
02-12 10:27:22.240 E/AndroidProtocolHandler(21056): Unable to open asset URL: file:///android_asset/www//opt/tct-webstorage-w3c-tests/webstorage/Storage_length_type.html
02-12 10:27:22.240 W/BindingManager(21056): Cannot call determinedVisibility() - never saw a connection for the pid: 21056
02-12 10:27:22.260 W/BindingManager(21056): Cannot call determinedVisibility() - never saw a connection for the pid: 21056
02-12 10:27:25.360 E/AndroidProtocolHandler(21056): Unable to open asset URL: file:///android_asset/www//opt/tct-webstorage-w3c-tests/webstorage/Storage_length_zero.html
02-12 10:27:25.360 W/BindingManager(21056): Cannot call determinedVisibility() - never saw a connection for the pid: 21056
02-12 10:27:25.380 W/BindingManager(21056): Cannot call determinedVisibility() - never saw a connection for the pid: 21056
02-12 10:27:26.990 D/EVENT_THREAD(  183): void CEventThread::run() POLLIN event on Fd (1)
02-12 10:27:26.990 D/EVENT_THREAD(  183): void CEventThread::run() Do poll with timeout: -1
02-12 10:27:26.990 I/upi_ug31xx(  166): (4970) update_capacity
02-12 10:27:26.990 I/[UPI]   (  166): <UG31/E>[UpiReadCapacity]: V=4193(4193), T=347(349-409), I=-300, C=-2(-2-0)
02-12 10:27:26.990 I/[UPI]   (  166): <UG31/E>[UpiReadCapacity]: (0x10822d5a) 3848 (3717) / 3926 (4029) = 98
02-12 10:27:26.990 I/[UPI]   (  166): <UG31/E>[UpiReadCapacity]: (0x10822d5a) 3848 (3717) / 3926 (4029) = 98
02-12 10:27:26.990 I/[UPI]   (  166): <UG31/E>[UpiReadCapacity]: (0x10822d5a) 3846 (3846) / 3926 (4029) = 98
02-12 10:27:26.990 I/[UPI]   (  166): <UG31/E>[RsocFilterCountTime]: (0x10822d5a) Step=4(273060), Full=2(273060), Lock=273060(1800000)
02-12 10:27:26.990 I/[UPI]   (  166): <UG31/E>[UpiReadCapacity]: (0x10822d5a) 3846 (3846) / 3926 (4029) = 98 (-300--300)
02-12 10:27:26.990 I/[UPI]   (  166): <UG31/E><BATT> M:normal, P:98(98-98)%, V:4193mV, C:-296mA, T:34.9C(409), S:0x10822d5a(100), R:3846mAh, F:3926mAh, Q:393mAh, CC:3, P:30.330(217-0)s, BO:7, 97:615:0-44af-9m:B001-20140514-144301 (16)
02-12 10:27:26.990 D/EVENT_THREAD(  183): void CEventThread::run() POLLIN event on Fd (1)
02-12 10:27:26.990 D/EVENT_THREAD(  183): void CEventThread::run() Do poll with timeout: -1
02-12 10:27:26.990 I/upi_ug31xx(  166): (4971) backup_data 
02-12 10:27:26.990 V/upi_ug31xx(  166): state->check_backup_count = 7
02-12 10:27:28.470 E/AndroidProtocolHandler(21056): Unable to open asset URL: file:///android_asset/www//opt/tct-webstorage-w3c-tests/webstorage/window_localStorage_length_exist.html
02-12 10:27:28.470 W/BindingManager(21056): Cannot call determinedVisibility() - never saw a connection for the pid: 21056
02-12 10:27:28.510 W/BindingManager(21056): Cannot call determinedVisibility() - never saw a connection for the pid: 21056
02-12 10:27:29.880 D/wpa_supplicant(  651): wlan0: Starting AP scan for wildcard SSID
02-12 10:27:29.880 D/wpa_supplicant(  651): WPS: Building WPS IE for Probe Request
02-12 10:27:29.880 D/wpa_supplicant(  651): WPS:  * Version (hardcoded 0x10)
02-12 10:27:29.880 D/wpa_supplicant(  651): WPS:  * Request Type
02-12 10:27:29.880 D/wpa_supplicant(  651): WPS:  * Config Methods (4288)
02-12 10:27:29.880 D/wpa_supplicant(  651): WPS:  * UUID-E
02-12 10:27:29.880 D/wpa_supplicant(  651): WPS:  * Primary Device Type
02-12 10:27:29.880 D/wpa_supplicant(  651): WPS:  * RF Bands (1)
02-12 10:27:29.880 D/wpa_supplicant(  651): WPS:  * Association State
02-12 10:27:29.880 D/wpa_supplicant(  651): WPS:  * Configuration Error (0)
02-12 10:27:29.880 D/wpa_supplicant(  651): WPS:  * Device Password ID (0)
02-12 10:27:29.880 D/wpa_supplicant(  651): WPS:  * Manufacturer
02-12 10:27:29.880 D/wpa_supplicant(  651): WPS:  * Model Name
02-12 10:27:29.880 D/wpa_supplicant(  651): WPS:  * Model Number
02-12 10:27:29.880 D/wpa_supplicant(  651): WPS:  * Device Name
02-12 10:27:29.880 D/wpa_supplicant(  651): WPS:  * Version2 (0x20)
02-12 10:27:29.880 D/wpa_supplicant(  651): P2P: * P2P IE header
02-12 10:27:29.880 D/wpa_supplicant(  651): P2P: * Capability dev=25 group=00
02-12 10:27:29.880 D/wpa_supplicant(  651): P2P: * Listen Channel: Regulatory Class 81 Channel 11
02-12 10:27:29.880 D/wpa_supplicant(  651): wlan0: nl80211: scan request
02-12 10:27:29.940 D/wpa_supplicant(  651): Scan requested (ret=0) - scan timeout 30 seconds
02-12 10:27:29.940 D/wpa_supplicant(  651): nl80211: Drv Event 33 (NL80211_CMD_TRIGGER_SCAN) received for wlan0
02-12 10:27:29.940 D/wpa_supplicant(  651): wlan0: nl80211: Scan trigger
02-12 10:27:31.060 D/wpa_supplicant(  651): nl80211: Drv Event 34 (NL80211_CMD_NEW_SCAN_RESULTS) received for wlan0
02-12 10:27:31.060 D/wpa_supplicant(  651): wlan0: nl80211: New scan results available
02-12 10:27:31.060 D/wpa_supplicant(  651): wlan0: Event SCAN_RESULTS (3) received
02-12 10:27:31.060 D/wpa_supplicant(  651): nl80211: Received scan results (23 BSSes)
02-12 10:27:31.060 D/wpa_supplicant(  651): nl80211: Survey data missing
02-12 10:27:31.060 D/wpa_supplicant(  651): wlan0: BSS: Start scan result update 234
02-12 10:27:31.060 D/wpa_supplicant(  651): wlan0: BSS: Add new id 562 BSSID c0:cb:38:7f:c9:09 SSID '360WiFi-7908'
02-12 10:27:31.060 D/wpa_supplicant(  651): CTRL_IFACE monitor send - hexdump(len=39): 2f 64 61 74 61 2f 6d 69 73 63 2f 77 69 66 69 2f 73 6f 63 6b 65 74 73 2f 77 70 61 5f 63 74 72 6c ...
02-12 10:27:31.060 D/wpa_supplicant(  651): wlan0: BSS: Add new id 563 BSSID 14:d6:4d:28:ef:c8 SSID 'dlink'
02-12 10:27:31.060 D/wpa_supplicant(  651): CTRL_IFACE monitor send - hexdump(len=39): 2f 64 61 74 61 2f 6d 69 73 63 2f 77 69 66 69 2f 73 6f 63 6b 65 74 73 2f 77 70 61 5f 63 74 72 6c ...
02-12 10:27:31.060 D/wpa_supplicant(  651): wlan0: BSS: Add new id 564 BSSID 1c:65:9d:e8:79:44 SSID 'WiFi'
02-12 10:27:31.060 D/wpa_supplicant(  651): CTRL_IFACE monitor send - hexdump(len=39): 2f 64 61 74 61 2f 6d 69 73 63 2f 77 69 66 69 2f 73 6f 63 6b 65 74 73 2f 77 70 61 5f 63 74 72 6c ...
02-12 10:27:31.060 D/wpa_supplicant(  651): wlan0: BSS: Add new id 565 BSSID 02:1a:11:fa:9e:f1 SSID 'love U forever'
02-12 10:27:31.060 D/wpa_supplicant(  651): CTRL_IFACE monitor send - hexdump(len=39): 2f 64 61 74 61 2f 6d 69 73 63 2f 77 69 66 69 2f 73 6f 63 6b 65 74 73 2f 77 70 61 5f 63 74 72 6c ...
02-12 10:27:31.060 D/wpa_supplicant(  651): wlan0: BSS: Remove id 556 BSSID 02:09:4c:bc:de:9a SSID 'DIRECT-' due to no match in scan
02-12 10:27:31.060 I/WifiHW  (  504): EVENT: IFNAME=wlan0 CTRL-EVENT-BSS-ADDED 562 c0:cb:38:7f:c9:09
02-12 10:27:31.060 D/wpa_supplicant(  651): CTRL_IFACE monitor send - hexdump(len=39): 2f 64 61 74 61 2f 6d 69 73 63 2f 77 69 66 69 2f 73 6f 63 6b 65 74 73 2f 77 70 61 5f 63 74 72 6c ...
02-12 10:27:31.060 D/wpa_supplicant(  651): BSS: last_scan_res_used=23/32 last_scan_full=0
02-12 10:27:31.060 D/wpa_supplicant(  651): wlan0: New scan results available
02-12 10:27:31.060 I/WifiHW  (  504): EVENT: IFNAME=wlan0 CTRL-EVENT-BSS-ADDED 563 14:d6:4d:28:ef:c8
02-12 10:27:31.060 D/wpa_supplicant(  651): CTRL_IFACE monitor send - hexdump(len=39): 2f 64 61 74 61 2f 6d 69 73 63 2f 77 69 66 69 2f 73 6f 63 6b 65 74 73 2f 77 70 61 5f 63 74 72 6c ...
02-12 10:27:31.060 I/WifiHW  (  504): EVENT: IFNAME=wlan0 CTRL-EVENT-BSS-ADDED 564 1c:65:9d:e8:79:44
02-12 10:27:31.060 D/wpa_supplicant(  651): CTRL_IFACE monitor send - hexdump(len=39): 2f 64 61 74 61 2f 6d 69 73 63 2f 77 69 66 69 2f 73 6f 63 6b 65 74 73 2f 77 70 61 5f 63 74 72 6c ...
02-12 10:27:31.060 D/wpa_supplicant(  651): Authorize channel 1
02-12 10:27:31.060 D/wpa_supplicant(  651): Authorize channel 2
02-12 10:27:31.060 D/wpa_supplicant(  651): Authorize channel 3
02-12 10:27:31.060 D/wpa_supplicant(  651): Authorize channel 4
02-12 10:27:31.060 D/wpa_supplicant(  651): Authorize channel 5
02-12 10:27:31.060 D/wpa_supplicant(  651): Authorize channel 6
02-12 10:27:31.060 I/WifiHW  (  504): EVENT: IFNAME=wlan0 CTRL-EVENT-BSS-ADDED 565 02:1a:11:fa:9e:f1
02-12 10:27:31.060 D/wpa_supplicant(  651): Authorize channel 7
02-12 10:27:31.060 D/wpa_supplicant(  651): Authorize channel 8
02-12 10:27:31.060 D/wpa_supplicant(  651): Authorize channel 9
02-12 10:27:31.060 D/wpa_supplicant(  651): Authorize channel 10
02-12 10:27:31.060 D/wpa_supplicant(  651): Authorize channel 11
02-12 10:27:31.060 D/wpa_supplicant(  651): Authorize channel 12
02-12 10:27:31.060 D/wpa_supplicant(  651): Authorize channel 13
02-12 10:27:31.060 D/wpa_supplicant(  651): Authorize channel 1
02-12 10:27:31.060 D/wpa_supplicant(  651): Authorize channel 2
02-12 10:27:31.060 D/wpa_supplicant(  651): Authorize channel 3
02-12 10:27:31.060 D/wpa_supplicant(  651): Authorize channel 4
02-12 10:27:31.060 I/WifiHW  (  504): EVENT: IFNAME=wlan0 CTRL-EVENT-BSS-REMOVED 556 02:09:4c:bc:de:9a
02-12 10:27:31.060 I/WifiHW  (  504): EVENT: IFNAME=wlan0 CTRL-EVENT-SCAN-RESULTS 
02-12 10:27:31.060 I/WifiHW  (  504): EVENT: IFNAME=wlan0 WPS-AP-AVAILABLE 
02-12 10:27:31.060 D/wpa_supplicant(  651): Authorize channel 5
02-12 10:27:31.060 D/wpa_supplicant(  651): Authorize channel 6
02-12 10:27:31.060 D/wpa_supplicant(  651): Authorize channel 7
02-12 10:27:31.060 D/wpa_supplicant(  651): Authorize channel 8
02-12 10:27:31.060 D/wpa_supplicant(  651): Authorize channel 9
02-12 10:27:31.060 D/wpa_supplicant(  651): Authorize channel 10
02-12 10:27:31.060 D/wpa_supplicant(  651): Authorize channel 11
02-12 10:27:31.060 D/wpa_supplicant(  651): Authorize channel 12
02-12 10:27:31.060 D/wpa_supplicant(  651): Authorize channel 13
02-12 10:27:31.060 D/wpa_supplicant(  651): Add access point on channel 6
02-12 10:27:31.060 D/wpa_supplicant(  651): Add access point on channel 11
02-12 10:27:31.060 I/WifiHW  (  504): CMD: IFNAME=wlan0 BSS RANGE=0- MASK=0x21987
02-12 10:27:31.060 D/wpa_supplicant(  651): Add access point on channel 4
02-12 10:27:31.060 D/wpa_supplicant(  651): Add access point on channel 11
02-12 10:27:31.060 D/wpa_supplicant(  651): Add access point on channel 6
02-12 10:27:31.060 D/wpa_supplicant(  651): Add access point on channel 1
02-12 10:27:31.060 D/wpa_supplicant(  651): Add access point on channel 11
02-12 10:27:31.060 D/wpa_supplicant(  651): Add access point on channel 6
02-12 10:27:31.060 D/wpa_supplicant(  651): Add access point on channel 6
02-12 10:27:31.060 D/wpa_supplicant(  651): Add access point on channel 1
02-12 10:27:31.060 D/wpa_supplicant(  651): Add access point on channel 1
02-12 10:27:31.060 D/wpa_supplicant(  651): Add access point on channel 6
02-12 10:27:31.060 D/wpa_supplicant(  651): Add access point on channel 11
02-12 10:27:31.060 D/wpa_supplicant(  651): Add access point on channel 1
02-12 10:27:31.060 D/wpa_supplicant(  651): Add access point on channel 9
02-12 10:27:31.060 D/wpa_supplicant(  651): Add access point on channel 6
02-12 10:27:31.060 D/wpa_supplicant(  651): Add access point on channel 1
02-12 10:27:31.060 D/wpa_supplicant(  651): Add access point on channel 6
02-12 10:27:31.060 D/wpa_supplicant(  651): Add access point on channel 11
02-12 10:27:31.060 D/wpa_supplicant(  651): Add access point on channel 6
02-12 10:27:31.060 D/wpa_supplicant(  651): Add access point on channel 6
02-12 10:27:31.060 D/wpa_supplicant(  651): Add access point on channel 6
02-12 10:27:31.060 D/wpa_supplicant(  651): Add access point on channel 1
02-12 10:27:31.060 D/wpa_supplicant(  651): Add access point on channel 2
02-12 10:27:31.060 D/wpa_supplicant(  651): Add access point on channel 6
02-12 10:27:31.060 D/wpa_supplicant(  651): Add access point on channel 6
02-12 10:27:31.060 D/wpa_supplicant(  651): Add access point on channel 6
02-12 10:27:31.060 D/wpa_supplicant(  651): Add access point on channel 6
02-12 10:27:31.060 D/wpa_supplicant(  651): Best Operating channel is = 11
02-12 10:27:31.060 D/wpa_supplicant(  651): WPS: AP[0] f8:d1:11:e7:99:e8 type=0 tries=0 last_attempt=-1 sec ago blacklist=0
02-12 10:27:31.060 D/wpa_supplicant(  651): WPS: AP[1] 10:c3:7b:d2:e5:e0 type=0 tries=0 last_attempt=-1 sec ago blacklist=0
02-12 10:27:31.060 D/wpa_supplicant(  651): WPS: AP[2] b0:48:7a:20:66:6a type=0 tries=0 last_attempt=-1 sec ago blacklist=0
02-12 10:27:31.060 D/wpa_supplicant(  651): WPS: AP[3] cc:34:29:2b:26:4c type=0 tries=0 last_attempt=-1 sec ago blacklist=0
02-12 10:27:31.060 D/wpa_supplicant(  651): WPS: AP[4] cc:34:29:2c:fb:ec type=0 tries=0 last_attempt=-1 sec ago blacklist=0
