02-12 10:15:31.010 I/BrowserStartupController(14527): Initializing chromium process, singleProcess=true
02-12 10:15:31.070 W/chromium(14527): [WARNING:dns_config_service_posix.cc(293)] Failed to read DnsConfig.
02-12 10:15:31.070 W/AudioManagerAndroid(14527): Requires BLUETOOTH permission
02-12 10:15:31.070 I/ufoGralloc(14527): Hello, this is UFO GRALLOC/Intel Corporation
02-12 10:15:31.080 D/        (14527): Pixel Format : GGL_PIXEL_FORMAT_RGBA_8888
02-12 10:15:31.080 D/        (14527): droid_create_context : config id = 1 conf->NativeVisualID=1
02-12 10:15:31.080 D/        (14527): Pixel Format : GGL_PIXEL_FORMAT_RGBA_8888
02-12 10:15:31.080 I/        (14527): Requested context : GLES 2.0
02-12 10:15:31.100 W/chromium(14527): [WARNING:proxy_service.cc(899)] PAC support disabled because there is no system implementation
02-12 10:15:31.110 W/dalvikvm(14527): VFY: unable to find class referenced in signature (Landroid/view/inputmethod/CursorAnchorInfo;)
02-12 10:15:31.110 I/dalvikvm(14527): Could not find method android.view.inputmethod.InputMethodManager.updateCursorAnchorInfo, referenced from method org.chromium.content.browser.input.InputMethodManagerWrapper.updateCursorAnchorInfo
02-12 10:15:31.110 W/dalvikvm(14527): VFY: unable to resolve virtual method 1368: Landroid/view/inputmethod/InputMethodManager;.updateCursorAnchorInfo (Landroid/view/View;Landroid/view/inputmethod/CursorAnchorInfo;)V
02-12 10:15:31.110 D/dalvikvm(14527): VFY: replacing opcode 0x6e at 0x000a
02-12 10:15:31.150 E/cutils  (  163): Failed to mkdirat(/Removable/MicroSD): Read-only file system
02-12 10:15:31.150 W/ContextImpl(14527): Failed to ensure directory: /Removable/MicroSD/Android/data/org.xwalk.webapi_service_tests/cache
02-12 10:15:31.150 W/Vold    (  163): Returning OperationFailed - no handler for errno 30
02-12 10:15:31.160 D/CordovaActivity(14527): CordovaActivity.createViews()
02-12 10:15:31.160 E/chromium(14527): [ERROR:unix_domain_server_socket_posix.cc(106)] Not implemented reached in virtual int net::UnixDomainServerSocket::GetLocalAddress(net::IPEndPoint*) const
02-12 10:15:31.160 D/CordovaWebView(14527): >>> loadUrl(file:///android_asset/www/index.html)
02-12 10:15:31.160 D/PluginManager(14527): init()
02-12 10:15:31.170 E/cutils  (  163): Failed to mkdirat(/Removable/MicroSD): Read-only file system
02-12 10:15:31.170 W/ContextImpl(14527): Failed to ensure directory: /Removable/MicroSD/Android/data/org.xwalk.webapi_service_tests/files
02-12 10:15:31.170 E/cutils  (  163): Failed to mkdirat(/Removable/MicroSD): Read-only file system
02-12 10:15:31.170 W/ContextImpl(14527): Failed to ensure directory: /Removable/MicroSD/Android/data/org.xwalk.webapi_service_tests/cache
02-12 10:15:31.170 D/CordovaWebView(14527): >>> loadUrlNow()
02-12 10:15:31.170 I/dalvikvm(14527): Could not find method android.app.Activity.finishAndRemoveTask, referenced from method org.chromium.base.ApiCompatibilityUtils.finishAndRemoveTask
02-12 10:15:31.170 W/dalvikvm(14527): VFY: unable to resolve virtual method 6: Landroid/app/Activity;.finishAndRemoveTask ()V
02-12 10:15:31.170 D/dalvikvm(14527): VFY: replacing opcode 0x6e at 0x0006
02-12 10:15:31.170 I/dalvikvm(14527): Could not find method android.os.PowerManager.isInteractive, referenced from method org.chromium.base.ApiCompatibilityUtils.isInteractive
02-12 10:15:31.170 W/dalvikvm(14527): VFY: unable to resolve virtual method 874: Landroid/os/PowerManager;.isInteractive ()Z
02-12 10:15:31.170 D/dalvikvm(14527): VFY: replacing opcode 0x6e at 0x000e
02-12 10:15:31.170 I/dalvikvm(14527): Could not find method android.view.Window.getNavigationBarColor, referenced from method org.chromium.base.ApiCompatibilityUtils.setStatusBarColor
02-12 10:15:31.170 W/dalvikvm(14527): VFY: unable to resolve virtual method 1268: Landroid/view/Window;.getNavigationBarColor ()I
02-12 10:15:31.170 D/dalvikvm(14527): VFY: replacing opcode 0x6e at 0x0010
02-12 10:15:31.170 I/dalvikvm(14527): Could not find method android.view.Window.setStatusBarColor, referenced from method org.chromium.base.ApiCompatibilityUtils.setStatusBarColor
02-12 10:15:31.170 W/dalvikvm(14527): VFY: unable to resolve virtual method 1274: Landroid/view/Window;.setStatusBarColor (I)V
02-12 10:15:31.170 D/dalvikvm(14527): VFY: replacing opcode 0x6e at 0x0019
02-12 10:15:31.170 E/dalvikvm(14527): Could not find class 'android.app.ActivityManager$TaskDescription', referenced from method org.chromium.base.ApiCompatibilityUtils.setTaskDescription
02-12 10:15:31.170 W/dalvikvm(14527): VFY: unable to resolve new-instance 13 (Landroid/app/ActivityManager$TaskDescription;) in Lorg/chromium/base/ApiCompatibilityUtils;
02-12 10:15:31.170 D/dalvikvm(14527): VFY: replacing opcode 0x22 at 0x0006
02-12 10:15:31.170 D/dalvikvm(14527): DexOpt: unable to opt direct call 0x002f at 0x08 in Lorg/chromium/base/ApiCompatibilityUtils;.setTaskDescription
02-12 10:15:31.170 W/Vold    (  163): Returning OperationFailed - no handler for errno 30
02-12 10:15:31.170 W/Vold    (  163): Returning OperationFailed - no handler for errno 30
02-12 10:15:31.180 I/chromium(14527): [INFO:xwalk_extension_renderer_controller.cc(47)] EXTENSION PROCESS DISABLED.
02-12 10:15:31.180 D/CordovaActivity(14527): Resuming the App
02-12 10:15:31.200 D/SoftKeyboardDetect(14527): Ignore this event
02-12 10:15:31.200 D/        (14527): droid_create_context : config id = 5 conf->NativeVisualID=1
02-12 10:15:31.200 D/        (14527): Pixel Format : GGL_PIXEL_FORMAT_RGBA_8888
02-12 10:15:31.200 I/        (14527): Requested context : GLES 2.0
02-12 10:15:31.210 D/        (14527): Pixel Format : GGL_PIXEL_FORMAT_RGBA_8888
02-12 10:15:31.210 D/OpenGLRenderer(14527): Enabling debug mode 0
02-12 10:15:31.220 D/        (14527): Pixel Format : GGL_PIXEL_FORMAT_RGBA_8888
02-12 10:15:31.220 D/        (14527): droid_create_context : config id = 1 conf->NativeVisualID=1
02-12 10:15:31.220 D/        (14527): Pixel Format : GGL_PIXEL_FORMAT_RGBA_8888
02-12 10:15:31.220 I/        (14527): Requested context : GLES 2.0
02-12 10:15:31.230 D/SoftKeyboardDetect(14527): Ignore this event
02-12 10:15:31.230 D/XT9IME  (  722): new subtype :zh_CN ,pinyin
02-12 10:15:31.270 D/CordovaActivity(14527): onMessage(onPageStarted,file:///android_asset/www/index.html)
02-12 10:15:31.270 W/BindingManager(14527): Cannot call determinedVisibility() - never saw a connection for the pid: 14527
02-12 10:15:31.280 I/ActivityManager(  504): Displayed org.xwalk.webapi_service_tests/.webapi_service_tests: +354ms
02-12 10:15:31.280 D/BatteryStatsImpl(  504): noteStopWakeLocked system isFromForeground = false
02-12 10:15:31.320 D/ImageWallpaper(  566): onVisibilityChanged: mVisible, visible=true, false
02-12 10:15:31.320 D/ImageWallpaper(  566): Visibility changed to visible=false
02-12 10:15:31.320 D/ImageWallpaper(  566): Suppressed drawFrame since redraw is not needed and offsets have not changed.
02-12 10:15:31.320 D/CordovaActivity(14527): onMessage(onPageFinished,file:///android_asset/www/index.html)
02-12 10:15:32.330 D/CordovaActivity(14527): onMessage(onPageStarted,http://127.0.0.1:8080/index.html)
02-12 10:15:32.420 W/BindingManager(14527): Cannot call determinedVisibility() - never saw a connection for the pid: 14527
02-12 10:15:32.610 I/chromium(14527): [INFO:CONSOLE(0)] "Synchronous XMLHttpRequest on the main thread is deprecated because of its detrimental effects to the end user's experience. For more help, check http://xhr.spec.whatwg.org/.", source:  (0)
02-12 10:15:32.670 D/CordovaActivity(14527): onMessage(onPageFinished,http://127.0.0.1:8080/index.html)
02-12 10:15:33.330 D/CordovaActivity(14527): onMessage(spinner,stop)
02-12 10:15:33.360 D/        (14527): Pixel Format : GGL_PIXEL_FORMAT_RGBA_8888
02-12 10:15:33.360 D/        (14527): droid_create_context : config id = 1 conf->NativeVisualID=1
02-12 10:15:33.360 D/        (14527): Pixel Format : GGL_PIXEL_FORMAT_RGBA_8888
02-12 10:15:33.360 I/        (14527): Requested context : GLES 2.0
02-12 10:15:33.400 D/        (14527): Pixel Format : GGL_PIXEL_FORMAT_RGBA_8888
02-12 10:15:33.400 D/        (14527): droid_create_context : config id = 1 conf->NativeVisualID=1
02-12 10:15:33.400 D/        (14527): Pixel Format : GGL_PIXEL_FORMAT_RGBA_8888
02-12 10:15:33.400 I/        (14527): Requested context : GLES 2.0
02-12 10:15:33.430 D/        (14527): Swap interval set to = 1 value
02-12 10:15:33.840 D/        (14527): droid_create_context : config id = 1 conf->NativeVisualID=1
02-12 10:15:33.840 D/        (14527): Pixel Format : GGL_PIXEL_FORMAT_RGBA_8888
02-12 10:15:33.840 I/        (14527): Requested context : GLES 2.0
02-12 10:15:33.880 D/        (14527): droid_create_context : config id = 1 conf->NativeVisualID=1
02-12 10:15:33.880 D/        (14527): Pixel Format : GGL_PIXEL_FORMAT_RGBA_8888
02-12 10:15:33.880 I/        (14527): Requested context : GLES 2.0
02-12 10:15:34.130 D/        (14527): droid_create_context : config id = 1 conf->NativeVisualID=1
02-12 10:15:34.130 D/        (14527): Pixel Format : GGL_PIXEL_FORMAT_RGBA_8888
02-12 10:15:34.130 I/        (14527): Requested context : GLES 2.0
02-12 10:15:34.340 D/        (14527): droid_create_context : config id = 1 conf->NativeVisualID=1
02-12 10:15:34.340 D/        (14527): Pixel Format : GGL_PIXEL_FORMAT_RGBA_8888
02-12 10:15:34.340 I/        (14527): Requested context : GLES 2.0
02-12 10:15:34.540 D/        (14527): droid_create_context : config id = 1 conf->NativeVisualID=1
02-12 10:15:34.540 D/        (14527): Pixel Format : GGL_PIXEL_FORMAT_RGBA_8888
02-12 10:15:34.540 I/        (14527): Requested context : GLES 2.0
02-12 10:15:34.660 D/CordovaActivity(14527): onMessage(spinner,stop)
02-12 10:15:34.710 D/        (14527): droid_create_context : config id = 1 conf->NativeVisualID=1
02-12 10:15:34.710 D/        (14527): Pixel Format : GGL_PIXEL_FORMAT_RGBA_8888
02-12 10:15:34.710 I/        (14527): Requested context : GLES 2.0
02-12 10:15:34.880 D/        (14527): droid_create_context : config id = 1 conf->NativeVisualID=1
02-12 10:15:34.880 D/        (14527): Pixel Format : GGL_PIXEL_FORMAT_RGBA_8888
02-12 10:15:34.880 I/        (14527): Requested context : GLES 2.0
02-12 10:15:35.040 D/        (14527): droid_create_context : config id = 1 conf->NativeVisualID=1
02-12 10:15:35.040 D/        (14527): Pixel Format : GGL_PIXEL_FORMAT_RGBA_8888
02-12 10:15:35.040 I/        (14527): Requested context : GLES 2.0
02-12 10:15:35.200 D/        (14527): droid_create_context : config id = 1 conf->NativeVisualID=1
02-12 10:15:35.200 D/        (14527): Pixel Format : GGL_PIXEL_FORMAT_RGBA_8888
02-12 10:15:35.200 I/        (14527): Requested context : GLES 2.0
02-12 10:15:35.380 D/        (14527): droid_create_context : config id = 1 conf->NativeVisualID=1
02-12 10:15:35.380 D/        (14527): Pixel Format : GGL_PIXEL_FORMAT_RGBA_8888
02-12 10:15:35.380 I/        (14527): Requested context : GLES 2.0
02-12 10:15:35.550 D/        (14527): droid_create_context : config id = 1 conf->NativeVisualID=1
02-12 10:15:35.550 D/        (14527): Pixel Format : GGL_PIXEL_FORMAT_RGBA_8888
02-12 10:15:35.550 I/        (14527): Requested context : GLES 2.0
02-12 10:15:35.730 D/        (14527): droid_create_context : config id = 1 conf->NativeVisualID=1
02-12 10:15:35.730 D/        (14527): Pixel Format : GGL_PIXEL_FORMAT_RGBA_8888
02-12 10:15:35.730 I/        (14527): Requested context : GLES 2.0
02-12 10:15:35.880 D/        (14527): droid_create_context : config id = 1 conf->NativeVisualID=1
02-12 10:15:35.880 D/        (14527): Pixel Format : GGL_PIXEL_FORMAT_RGBA_8888
02-12 10:15:35.880 I/        (14527): Requested context : GLES 2.0
02-12 10:15:36.040 D/        (14527): droid_create_context : config id = 1 conf->NativeVisualID=1
02-12 10:15:36.040 D/        (14527): Pixel Format : GGL_PIXEL_FORMAT_RGBA_8888
02-12 10:15:36.040 I/        (14527): Requested context : GLES 2.0
02-12 10:15:36.240 D/        (14527): droid_create_context : config id = 1 conf->NativeVisualID=1
02-12 10:15:36.240 D/        (14527): Pixel Format : GGL_PIXEL_FORMAT_RGBA_8888
02-12 10:15:36.240 I/        (14527): Requested context : GLES 2.0
02-12 10:15:36.400 D/        (14527): droid_create_context : config id = 1 conf->NativeVisualID=1
02-12 10:15:36.400 D/        (14527): Pixel Format : GGL_PIXEL_FORMAT_RGBA_8888
02-12 10:15:36.400 I/        (14527): Requested context : GLES 2.0
02-12 10:15:36.570 D/        (14527): droid_create_context : config id = 1 conf->NativeVisualID=1
02-12 10:15:36.570 D/        (14527): Pixel Format : GGL_PIXEL_FORMAT_RGBA_8888
02-12 10:15:36.570 I/        (14527): Requested context : GLES 2.0
02-12 10:15:36.750 D/        (14527): droid_create_context : config id = 1 conf->NativeVisualID=1
02-12 10:15:36.750 D/        (14527): Pixel Format : GGL_PIXEL_FORMAT_RGBA_8888
02-12 10:15:36.750 I/        (14527): Requested context : GLES 2.0
02-12 10:15:36.900 D/        (14527): droid_create_context : config id = 1 conf->NativeVisualID=1
02-12 10:15:36.900 D/        (14527): Pixel Format : GGL_PIXEL_FORMAT_RGBA_8888
02-12 10:15:36.900 I/        (14527): Requested context : GLES 2.0
02-12 10:15:37.060 D/        (14527): droid_create_context : config id = 1 conf->NativeVisualID=1
02-12 10:15:37.060 D/        (14527): Pixel Format : GGL_PIXEL_FORMAT_RGBA_8888
02-12 10:15:37.060 I/        (14527): Requested context : GLES 2.0
02-12 10:15:37.230 D/        (14527): droid_create_context : config id = 1 conf->NativeVisualID=1
02-12 10:15:37.230 D/        (14527): Pixel Format : GGL_PIXEL_FORMAT_RGBA_8888
02-12 10:15:37.230 I/        (14527): Requested context : GLES 2.0
02-12 10:15:37.400 D/        (14527): droid_create_context : config id = 1 conf->NativeVisualID=1
02-12 10:15:37.400 D/        (14527): Pixel Format : GGL_PIXEL_FORMAT_RGBA_8888
02-12 10:15:37.400 I/        (14527): Requested context : GLES 2.0
02-12 10:15:37.560 D/        (14527): droid_create_context : config id = 1 conf->NativeVisualID=1
02-12 10:15:37.560 D/        (14527): Pixel Format : GGL_PIXEL_FORMAT_RGBA_8888
02-12 10:15:37.560 I/        (14527): Requested context : GLES 2.0
02-12 10:15:37.710 D/        (14527): droid_create_context : config id = 1 conf->NativeVisualID=1
02-12 10:15:37.710 D/        (14527): Pixel Format : GGL_PIXEL_FORMAT_RGBA_8888
02-12 10:15:37.710 I/        (14527): Requested context : GLES 2.0
02-12 10:15:37.870 D/        (14527): droid_create_context : config id = 1 conf->NativeVisualID=1
02-12 10:15:37.870 D/        (14527): Pixel Format : GGL_PIXEL_FORMAT_RGBA_8888
02-12 10:15:37.870 I/        (14527): Requested context : GLES 2.0
02-12 10:15:38.030 D/        (14527): droid_create_context : config id = 1 conf->NativeVisualID=1
02-12 10:15:38.030 D/        (14527): Pixel Format : GGL_PIXEL_FORMAT_RGBA_8888
02-12 10:15:38.030 I/        (14527): Requested context : GLES 2.0
02-12 10:15:38.190 D/        (14527): droid_create_context : config id = 1 conf->NativeVisualID=1
02-12 10:15:38.190 D/        (14527): Pixel Format : GGL_PIXEL_FORMAT_RGBA_8888
02-12 10:15:38.190 I/        (14527): Requested context : GLES 2.0
02-12 10:15:38.370 D/        (14527): droid_create_context : config id = 1 conf->NativeVisualID=1
02-12 10:15:38.370 D/        (14527): Pixel Format : GGL_PIXEL_FORMAT_RGBA_8888
02-12 10:15:38.370 I/        (14527): Requested context : GLES 2.0
02-12 10:15:38.520 D/        (14527): droid_create_context : config id = 1 conf->NativeVisualID=1
02-12 10:15:38.520 D/        (14527): Pixel Format : GGL_PIXEL_FORMAT_RGBA_8888
02-12 10:15:38.520 I/        (14527): Requested context : GLES 2.0
02-12 10:15:38.690 D/        (14527): droid_create_context : config id = 1 conf->NativeVisualID=1
02-12 10:15:38.690 D/        (14527): Pixel Format : GGL_PIXEL_FORMAT_RGBA_8888
02-12 10:15:38.690 I/        (14527): Requested context : GLES 2.0
02-12 10:15:38.910 D/        (14527): droid_create_context : config id = 1 conf->NativeVisualID=1
02-12 10:15:38.910 D/        (14527): Pixel Format : GGL_PIXEL_FORMAT_RGBA_8888
02-12 10:15:38.910 I/        (14527): Requested context : GLES 2.0
02-12 10:15:39.100 D/        (14527): droid_create_context : config id = 1 conf->NativeVisualID=1
02-12 10:15:39.100 D/        (14527): Pixel Format : GGL_PIXEL_FORMAT_RGBA_8888
02-12 10:15:39.100 I/        (14527): Requested context : GLES 2.0
02-12 10:15:39.280 D/        (14527): droid_create_context : config id = 1 conf->NativeVisualID=1
02-12 10:15:39.280 D/        (14527): Pixel Format : GGL_PIXEL_FORMAT_RGBA_8888
02-12 10:15:39.280 I/        (14527): Requested context : GLES 2.0
02-12 10:15:39.460 D/        (14527): droid_create_context : config id = 1 conf->NativeVisualID=1
02-12 10:15:39.460 D/        (14527): Pixel Format : GGL_PIXEL_FORMAT_RGBA_8888
02-12 10:15:39.460 I/        (14527): Requested context : GLES 2.0
02-12 10:15:39.640 D/        (14527): droid_create_context : config id = 1 conf->NativeVisualID=1
02-12 10:15:39.640 D/        (14527): Pixel Format : GGL_PIXEL_FORMAT_RGBA_8888
02-12 10:15:39.640 I/        (14527): Requested context : GLES 2.0
02-12 10:15:39.800 D/        (14527): droid_create_context : config id = 1 conf->NativeVisualID=1
02-12 10:15:39.800 D/        (14527): Pixel Format : GGL_PIXEL_FORMAT_RGBA_8888
02-12 10:15:39.800 I/        (14527): Requested context : GLES 2.0
02-12 10:15:39.980 D/        (14527): droid_create_context : config id = 1 conf->NativeVisualID=1
02-12 10:15:39.980 D/        (14527): Pixel Format : GGL_PIXEL_FORMAT_RGBA_8888
02-12 10:15:39.980 I/        (14527): Requested context : GLES 2.0
02-12 10:15:40.130 D/        (14527): droid_create_context : config id = 1 conf->NativeVisualID=1
02-12 10:15:40.130 D/        (14527): Pixel Format : GGL_PIXEL_FORMAT_RGBA_8888
02-12 10:15:40.130 I/        (14527): Requested context : GLES 2.0
02-12 10:15:40.300 D/        (14527): droid_create_context : config id = 1 conf->NativeVisualID=1
02-12 10:15:40.300 D/        (14527): Pixel Format : GGL_PIXEL_FORMAT_RGBA_8888
02-12 10:15:40.300 I/        (14527): Requested context : GLES 2.0
02-12 10:15:40.450 D/        (14527): droid_create_context : config id = 1 conf->NativeVisualID=1
02-12 10:15:40.450 D/        (14527): Pixel Format : GGL_PIXEL_FORMAT_RGBA_8888
02-12 10:15:40.450 I/        (14527): Requested context : GLES 2.0
02-12 10:15:40.610 D/        (14527): droid_create_context : config id = 1 conf->NativeVisualID=1
02-12 10:15:40.610 D/        (14527): Pixel Format : GGL_PIXEL_FORMAT_RGBA_8888
02-12 10:15:40.610 I/        (14527): Requested context : GLES 2.0
02-12 10:15:40.650 D/BatteryStatsImpl(  504): noteStopWakeLocked system isFromForeground = false
02-12 10:15:40.780 D/        (14527): droid_create_context : config id = 1 conf->NativeVisualID=1
02-12 10:15:40.780 D/        (14527): Pixel Format : GGL_PIXEL_FORMAT_RGBA_8888
02-12 10:15:40.780 I/        (14527): Requested context : GLES 2.0
02-12 10:15:40.970 D/        (14527): droid_create_context : config id = 1 conf->NativeVisualID=1
02-12 10:15:40.970 D/        (14527): Pixel Format : GGL_PIXEL_FORMAT_RGBA_8888
02-12 10:15:40.970 I/        (14527): Requested context : GLES 2.0
02-12 10:15:41.130 D/        (14527): droid_create_context : config id = 1 conf->NativeVisualID=1
02-12 10:15:41.130 D/        (14527): Pixel Format : GGL_PIXEL_FORMAT_RGBA_8888
02-12 10:15:41.130 I/        (14527): Requested context : GLES 2.0
02-12 10:15:41.300 D/        (14527): droid_create_context : config id = 1 conf->NativeVisualID=1
02-12 10:15:41.300 D/        (14527): Pixel Format : GGL_PIXEL_FORMAT_RGBA_8888
02-12 10:15:41.300 I/        (14527): Requested context : GLES 2.0
02-12 10:15:41.480 D/        (14527): droid_create_context : config id = 1 conf->NativeVisualID=1
02-12 10:15:41.480 D/        (14527): Pixel Format : GGL_PIXEL_FORMAT_RGBA_8888
02-12 10:15:41.480 I/        (14527): Requested context : GLES 2.0
02-12 10:15:41.640 D/        (14527): droid_create_context : config id = 1 conf->NativeVisualID=1
02-12 10:15:41.640 D/        (14527): Pixel Format : GGL_PIXEL_FORMAT_RGBA_8888
02-12 10:15:41.640 I/        (14527): Requested context : GLES 2.0
02-12 10:15:41.800 D/        (14527): droid_create_context : config id = 1 conf->NativeVisualID=1
02-12 10:15:41.800 D/        (14527): Pixel Format : GGL_PIXEL_FORMAT_RGBA_8888
02-12 10:15:41.800 I/        (14527): Requested context : GLES 2.0
02-12 10:15:41.960 D/        (14527): droid_create_context : config id = 1 conf->NativeVisualID=1
02-12 10:15:41.960 D/        (14527): Pixel Format : GGL_PIXEL_FORMAT_RGBA_8888
02-12 10:15:41.960 I/        (14527): Requested context : GLES 2.0
02-12 10:15:42.110 D/        (14527): droid_create_context : config id = 1 conf->NativeVisualID=1
02-12 10:15:42.110 D/        (14527): Pixel Format : GGL_PIXEL_FORMAT_RGBA_8888
02-12 10:15:42.110 I/        (14527): Requested context : GLES 2.0
02-12 10:15:42.260 D/        (14527): droid_create_context : config id = 1 conf->NativeVisualID=1
02-12 10:15:42.260 D/        (14527): Pixel Format : GGL_PIXEL_FORMAT_RGBA_8888
02-12 10:15:42.260 I/        (14527): Requested context : GLES 2.0
02-12 10:15:42.430 D/        (14527): droid_create_context : config id = 1 conf->NativeVisualID=1
02-12 10:15:42.430 D/        (14527): Pixel Format : GGL_PIXEL_FORMAT_RGBA_8888
02-12 10:15:42.430 I/        (14527): Requested context : GLES 2.0
02-12 10:15:42.610 D/        (14527): droid_create_context : config id = 1 conf->NativeVisualID=1
02-12 10:15:42.610 D/        (14527): Pixel Format : GGL_PIXEL_FORMAT_RGBA_8888
02-12 10:15:42.610 I/        (14527): Requested context : GLES 2.0
02-12 10:15:42.770 D/        (14527): droid_create_context : config id = 1 conf->NativeVisualID=1
02-12 10:15:42.770 D/        (14527): Pixel Format : GGL_PIXEL_FORMAT_RGBA_8888
02-12 10:15:42.770 I/        (14527): Requested context : GLES 2.0
02-12 10:15:42.940 D/        (14527): droid_create_context : config id = 1 conf->NativeVisualID=1
02-12 10:15:42.940 D/        (14527): Pixel Format : GGL_PIXEL_FORMAT_RGBA_8888
02-12 10:15:42.940 I/        (14527): Requested context : GLES 2.0
02-12 10:15:43.090 D/        (14527): droid_create_context : config id = 1 conf->NativeVisualID=1
02-12 10:15:43.090 D/        (14527): Pixel Format : GGL_PIXEL_FORMAT_RGBA_8888
02-12 10:15:43.090 I/        (14527): Requested context : GLES 2.0
02-12 10:15:43.250 D/        (14527): droid_create_context : config id = 1 conf->NativeVisualID=1
02-12 10:15:43.250 D/        (14527): Pixel Format : GGL_PIXEL_FORMAT_RGBA_8888
02-12 10:15:43.250 I/        (14527): Requested context : GLES 2.0
02-12 10:15:43.410 D/        (14527): droid_create_context : config id = 1 conf->NativeVisualID=1
02-12 10:15:43.410 D/        (14527): Pixel Format : GGL_PIXEL_FORMAT_RGBA_8888
02-12 10:15:43.410 I/        (14527): Requested context : GLES 2.0
02-12 10:15:43.570 D/        (14527): droid_create_context : config id = 1 conf->NativeVisualID=1
02-12 10:15:43.570 D/        (14527): Pixel Format : GGL_PIXEL_FORMAT_RGBA_8888
02-12 10:15:43.570 I/        (14527): Requested context : GLES 2.0
02-12 10:15:43.730 D/        (14527): droid_create_context : config id = 1 conf->NativeVisualID=1
02-12 10:15:43.730 D/        (14527): Pixel Format : GGL_PIXEL_FORMAT_RGBA_8888
02-12 10:15:43.730 I/        (14527): Requested context : GLES 2.0
02-12 10:15:43.910 D/        (14527): droid_create_context : config id = 1 conf->NativeVisualID=1
02-12 10:15:43.910 D/        (14527): Pixel Format : GGL_PIXEL_FORMAT_RGBA_8888
02-12 10:15:43.910 I/        (14527): Requested context : GLES 2.0
02-12 10:15:44.060 D/        (14527): droid_create_context : config id = 1 conf->NativeVisualID=1
02-12 10:15:44.060 D/        (14527): Pixel Format : GGL_PIXEL_FORMAT_RGBA_8888
02-12 10:15:44.060 I/        (14527): Requested context : GLES 2.0
02-12 10:15:44.230 D/        (14527): droid_create_context : config id = 1 conf->NativeVisualID=1
02-12 10:15:44.230 D/        (14527): Pixel Format : GGL_PIXEL_FORMAT_RGBA_8888
02-12 10:15:44.230 I/        (14527): Requested context : GLES 2.0
02-12 10:15:44.410 D/        (14527): droid_create_context : config id = 1 conf->NativeVisualID=1
02-12 10:15:44.410 D/        (14527): Pixel Format : GGL_PIXEL_FORMAT_RGBA_8888
02-12 10:15:44.410 I/        (14527): Requested context : GLES 2.0
02-12 10:15:44.600 D/        (14527): droid_create_context : config id = 1 conf->NativeVisualID=1
02-12 10:15:44.600 D/        (14527): Pixel Format : GGL_PIXEL_FORMAT_RGBA_8888
02-12 10:15:44.600 I/        (14527): Requested context : GLES 2.0
02-12 10:15:44.800 D/        (14527): droid_create_context : config id = 1 conf->NativeVisualID=1
02-12 10:15:44.800 D/        (14527): Pixel Format : GGL_PIXEL_FORMAT_RGBA_8888
02-12 10:15:44.800 I/        (14527): Requested context : GLES 2.0
02-12 10:15:45.170 D/        (14527): droid_create_context : config id = 1 conf->NativeVisualID=1
02-12 10:15:45.170 D/        (14527): Pixel Format : GGL_PIXEL_FORMAT_RGBA_8888
02-12 10:15:45.170 I/        (14527): Requested context : GLES 2.0
02-12 10:15:45.360 D/        (14527): droid_create_context : config id = 1 conf->NativeVisualID=1
02-12 10:15:45.360 D/        (14527): Pixel Format : GGL_PIXEL_FORMAT_RGBA_8888
02-12 10:15:45.360 I/        (14527): Requested context : GLES 2.0
02-12 10:15:45.520 D/        (14527): droid_create_context : config id = 1 conf->NativeVisualID=1
02-12 10:15:45.520 D/        (14527): Pixel Format : GGL_PIXEL_FORMAT_RGBA_8888
02-12 10:15:45.520 I/        (14527): Requested context : GLES 2.0
02-12 10:15:45.690 D/        (14527): droid_create_context : config id = 1 conf->NativeVisualID=1
02-12 10:15:45.690 D/        (14527): Pixel Format : GGL_PIXEL_FORMAT_RGBA_8888
02-12 10:15:45.690 I/        (14527): Requested context : GLES 2.0
02-12 10:15:45.850 D/        (14527): droid_create_context : config id = 1 conf->NativeVisualID=1
02-12 10:15:45.850 D/        (14527): Pixel Format : GGL_PIXEL_FORMAT_RGBA_8888
02-12 10:15:45.850 I/        (14527): Requested context : GLES 2.0
02-12 10:15:46.970 W/ufoGralloc(  171): registerBuffer() handle 0xb8b94370/58 didn't require registration
02-12 10:15:46.990 D/CordovaActivity(14527): Paused the application!
02-12 10:15:46.990 D/CordovaWebView(14527): Handle the pause
02-12 10:15:46.990 D/WindowManager(  504): adjustConfigurationLw, config:{1.0 ?mcc?mnc ?locale ?layoutDir sw600dp w600dp h888dp 213dpi lrg port ?uimode ?night finger -keyb/v/h -nav/v} mLidState:1 mHasDockFeature:false mHasKeyboardFeature:false mHasHallSensorFeature:true config.hardKeyboardHidden:2
02-12 10:15:47.000 I/chromium(14527): [INFO:CONSOLE(1)] "exception firing pause event from native", source:  (1)
02-12 10:15:47.000 I/ActivityManager(  504): [TopPkgCurBat]	NowPkgName[com.asus.launcher]	Battery[100]	TimeTick[1423707347007]	OldPkgName[org.xwalk.webapi_service_tests]
02-12 10:15:47.020 V/WeatherTimeProvider( 1511): widget on Visibility Changed
02-12 10:15:47.020 D/        (  675): Pixel Format : GGL_PIXEL_FORMAT_RGBA_8888
02-12 10:15:47.030 W/IInputConnectionWrapper(14527): showStatusIcon on inactive InputConnection
02-12 10:15:47.040 D/XT9IME  (  722): new subtype :zh_CN ,pinyin
02-12 10:15:47.070 D/ImageWallpaper(  566): onVisibilityChanged: mVisible, visible=false, true
02-12 10:15:47.070 D/ImageWallpaper(  566): Visibility changed to visible=true
02-12 10:15:47.070 D/BatteryStatsImpl(  504): noteStopWakeLocked system isFromForeground = false
02-12 10:15:47.070 D/ImageWallpaper(  566): Suppressed drawFrame since redraw is not needed and offsets have not changed.
02-12 10:15:47.090 D/        (14527): Surface destroy: ANDROID_NATIVE_WINDOW_MAGIC
02-12 10:15:47.090 D/        (14527): Surface destroy: ANDROID_NATIVE_WINDOW_MAGIC
02-12 10:15:47.270 D/AndroidRuntime(14806): 
02-12 10:15:47.270 D/AndroidRuntime(14806): >>>>>> AndroidRuntime START com.android.internal.os.RuntimeInit <<<<<<
02-12 10:15:47.270 D/AndroidRuntime(14806): CheckJNI is OFF
02-12 10:15:47.270 I/AndroidRuntime(14806): Kernel Release Version: 3.10.20-gf818079
02-12 10:15:47.270 I/dalvikvm(14806): No library specified. The standard exception handler will be used
02-12 10:15:47.290 I/dalvikvm(14806): 
02-12 10:15:47.290 I/dalvikvm(14806): +++++++++++++ Using PCG. +++++++++++++++++++++
02-12 10:15:47.290 D/dalvikvm(14806): Trying to load lib libjavacore.so 0x0
02-12 10:15:47.290 D/dalvikvm(14806): Added shared lib libjavacore.so 0x0
02-12 10:15:47.300 D/dalvikvm(14806): Trying to load lib libnativehelper.so 0x0
02-12 10:15:47.300 D/dalvikvm(14806): Added shared lib libnativehelper.so 0x0
02-12 10:15:47.300 D/dalvikvm(14806): No JNI_OnLoad found in libnativehelper.so 0x0, skipping init
02-12 10:15:47.300 D/dalvikvm(14806): Extra Options: not specified
02-12 10:15:47.320 D/dalvikvm(14806): Note: class Landroid/app/ActivityManagerNative; has 186 unimplemented (abstract) methods
02-12 10:15:47.400 E/memtrack(14806): Couldn't load memtrack module (No such file or directory)
02-12 10:15:47.400 E/android.os.Debug(14806): failed to load memtrack module: -2
02-12 10:15:47.450 D/AndroidRuntime(14806): Calling main entry com.android.commands.am.Am
02-12 10:15:47.470 I/ActivityManager(  504): Force stopping org.xwalk.webapi_service_tests appid=10266 user=0: from pid 14806
02-12 10:15:47.470 I/SecurityManagerService(  621): SMS received security event: App[STOP/org.xwalk.webapi_service_tests]
02-12 10:15:47.470 D/AndroidRuntime(14806): Shutting down VM
02-12 10:15:47.470 I/ActivityManager(  504): Killing 14527:org.xwalk.webapi_service_tests/u0a266 (adj 1): stop org.xwalk.webapi_service_tests
02-12 10:15:47.480 D/dalvikvm(14806): GC_CONCURRENT freed 112K, 16% free 666K/792K, paused 0ms+0ms, total 1ms
02-12 10:15:47.480 D/dalvikvm(14806): Compiler shutdown in progress - discarding request
02-12 10:15:47.480 D/dalvikvm(14806): Compiler shutdown in progress - discarding request
02-12 10:15:47.480 D/dalvikvm(14806): Compiler shutdown in progress - discarding request
02-12 10:15:47.480 D/dalvikvm(14806): Compiler shutdown in progress - discarding request
02-12 10:15:47.480 D/dalvikvm(14806): Compiler shutdown in progress - discarding request
02-12 10:15:47.480 D/dalvikvm(14806): Compiler shutdown in progress - discarding request
02-12 10:15:47.480 D/dalvikvm(14806): Compiler shutdown in progress - discarding request
02-12 10:15:47.480 D/dalvikvm(14806): Compiler shutdown in progress - discarding request
02-12 10:15:47.480 D/dalvikvm(14806): Compiler shutdown in progress - discarding request
02-12 10:15:47.480 D/dalvikvm(14806): Compiler shutdown in progress - discarding request
02-12 10:15:47.480 D/dalvikvm(14806): Compiler shutdown in progress - discarding request
02-12 10:15:47.480 D/dalvikvm(14806): Compiler shutdown in progress - discarding request
02-12 10:15:47.480 D/dalvikvm(14806): Compiler shutdown in progress - discarding request
02-12 10:15:47.480 D/dalvikvm(14806): Compiler shutdown in progress - discarding request
02-12 10:15:47.480 D/dalvikvm(14806): Compiler shutdown in progress - discarding request
02-12 10:15:47.480 D/dalvikvm(14806): Compiler shutdown in progress - discarding request
02-12 10:15:47.480 D/dalvikvm(14806): Compiler shutdown in progress - discarding request
02-12 10:15:47.480 D/dalvikvm(14806): Compiler shutdown in progress - discarding request
02-12 10:15:47.480 D/dalvikvm(14806): Compiler shutdown in progress - discarding request
02-12 10:15:47.480 D/dalvikvm(14806): Compiler shutdown in progress - discarding request
02-12 10:15:47.480 D/dalvikvm(14806): Compiler shutdown in progress - discarding request
02-12 10:15:47.480 D/dalvikvm(14806): Compiler shutdown in progress - discarding request
02-12 10:15:47.480 D/dalvikvm(14806): Compiler shutdown in progress - discarding request
02-12 10:15:47.480 D/dalvikvm(14806): Compiler shutdown in progress - discarding request
02-12 10:15:47.480 D/dalvikvm(14806): Compiler shutdown in progress - discarding request
02-12 10:15:47.480 D/dalvikvm(14806): Compiler shutdown in progress - discarding request
02-12 10:15:47.480 D/dalvikvm(14806): Compiler shutdown in progress - discarding request
02-12 10:15:47.480 D/dalvikvm(14806): Compiler shutdown in progress - discarding request
02-12 10:15:47.480 D/dalvikvm(14806): Compiler shutdown in progress - discarding request
02-12 10:15:47.480 D/dalvikvm(14806): Compiler shutdown in progress - discarding request
02-12 10:15:47.480 D/dalvikvm(14806): Compiler shutdown in progress - discarding request
02-12 10:15:47.480 D/dalvikvm(14806): Compiler shutdown in progress - discarding request
02-12 10:15:47.480 D/dalvikvm(14806): Compiler shutdown in progress - discarding request
02-12 10:15:47.480 D/dalvikvm(14806): Compiler shutdown in progress - discarding request
02-12 10:15:47.480 D/dalvikvm(14806): Compiler shutdown in progress - discarding request
02-12 10:15:47.480 D/dalvikvm(14806): Compiler shutdown in progress - discarding request
02-12 10:15:47.480 D/dalvikvm(14806): Compiler shutdown in progress - discarding request
02-12 10:15:47.480 D/dalvikvm(14806): Compiler shutdown in progress - discarding request
02-12 10:15:47.480 D/dalvikvm(14806): Compiler shutdown in progress - discarding request
02-12 10:15:47.480 D/dalvikvm(14806): Compiler shutdown in progress - discarding request
02-12 10:15:47.480 D/dalvikvm(14806): Compiler shutdown in progress - discarding request
02-12 10:15:47.480 D/dalvikvm(14806): Compiler shutdown in progress - discarding request
02-12 10:15:47.480 D/dalvikvm(14806): Compiler shutdown in progress - discarding request
02-12 10:15:47.590 I/WindowState(  504): WIN DEATH: Window{220733a0 u0 org.xwalk.webapi_service_tests/org.xwalk.webapi_service_tests.webapi_service_tests}
02-12 10:15:49.500 D/wpa_supplicant(  651): wlan0: Starting AP scan for wildcard SSID
02-12 10:15:49.500 D/wpa_supplicant(  651): WPS: Building WPS IE for Probe Request
02-12 10:15:49.500 D/wpa_supplicant(  651): WPS:  * Version (hardcoded 0x10)
02-12 10:15:49.500 D/wpa_supplicant(  651): WPS:  * Request Type
02-12 10:15:49.500 D/wpa_supplicant(  651): WPS:  * Config Methods (4288)
02-12 10:15:49.500 D/wpa_supplicant(  651): WPS:  * UUID-E
02-12 10:15:49.500 D/wpa_supplicant(  651): WPS:  * Primary Device Type
02-12 10:15:49.500 D/wpa_supplicant(  651): WPS:  * RF Bands (1)
02-12 10:15:49.500 D/wpa_supplicant(  651): WPS:  * Association State
02-12 10:15:49.500 D/wpa_supplicant(  651): WPS:  * Configuration Error (0)
02-12 10:15:49.500 D/wpa_supplicant(  651): WPS:  * Device Password ID (0)
02-12 10:15:49.500 D/wpa_supplicant(  651): WPS:  * Manufacturer
02-12 10:15:49.500 D/wpa_supplicant(  651): WPS:  * Model Name
02-12 10:15:49.500 D/wpa_supplicant(  651): WPS:  * Model Number
02-12 10:15:49.500 D/wpa_supplicant(  651): WPS:  * Device Name
02-12 10:15:49.500 D/wpa_supplicant(  651): WPS:  * Version2 (0x20)
02-12 10:15:49.500 D/wpa_supplicant(  651): P2P: * P2P IE header
02-12 10:15:49.500 D/wpa_supplicant(  651): P2P: * Capability dev=25 group=00
02-12 10:15:49.500 D/wpa_supplicant(  651): P2P: * Listen Channel: Regulatory Class 81 Channel 11
--------- beginning of /dev/log/main
02-12 10:15:49.500 D/wpa_supplicant(  651): wlan0: Starting AP scan for wildcard SSID
02-12 10:15:49.500 D/wpa_supplicant(  651): WPS: Building WPS IE for Probe Request
02-12 10:15:49.500 D/wpa_supplicant(  651): WPS:  * Version (hardcoded 0x10)
02-12 10:15:49.500 D/wpa_supplicant(  651): WPS:  * Request Type
02-12 10:15:49.500 D/wpa_supplicant(  651): WPS:  * Config Methods (4288)
02-12 10:15:49.500 D/wpa_supplicant(  651): WPS:  * UUID-E
02-12 10:15:49.500 D/wpa_supplicant(  651): WPS:  * Primary Device Type
02-12 10:15:49.500 D/wpa_supplicant(  651): WPS:  * RF Bands (1)
02-12 10:15:49.500 D/wpa_supplicant(  651): WPS:  * Association State
02-12 10:15:49.500 D/wpa_supplicant(  651): WPS:  * Configuration Error (0)
02-12 10:15:49.500 D/wpa_supplicant(  651): WPS:  * Device Password ID (0)
02-12 10:15:49.500 D/wpa_supplicant(  651): WPS:  * Manufacturer
02-12 10:15:49.500 D/wpa_supplicant(  651): WPS:  * Model Name
02-12 10:15:49.500 D/wpa_supplicant(  651): WPS:  * Model Number
02-12 10:15:49.500 D/wpa_supplicant(  651): WPS:  * Device Name
02-12 10:15:49.500 D/wpa_supplicant(  651): WPS:  * Version2 (0x20)
02-12 10:15:49.500 D/wpa_supplicant(  651): P2P: * P2P IE header
02-12 10:15:49.500 D/wpa_supplicant(  651): P2P: * Capability dev=25 group=00
02-12 10:15:49.500 D/wpa_supplicant(  651): P2P: * Listen Channel: Regulatory Class 81 Channel 11
02-12 10:15:49.500 D/wpa_supplicant(  651): wlan0: nl80211: scan request
02-12 10:15:49.500 D/wpa_supplicant(  651): wlan0: nl80211: scan request
02-12 10:15:49.570 D/wpa_supplicant(  651): Scan requested (ret=0) - scan timeout 30 seconds
02-12 10:15:49.570 D/wpa_supplicant(  651): nl80211: Drv Event 33 (NL80211_CMD_TRIGGER_SCAN) received for wlan0
02-12 10:15:49.570 D/wpa_supplicant(  651): Scan requested (ret=0) - scan timeout 30 seconds
02-12 10:15:49.570 D/wpa_supplicant(  651): nl80211: Drv Event 33 (NL80211_CMD_TRIGGER_SCAN) received for wlan0
02-12 10:15:49.570 D/wpa_supplicant(  651): wlan0: nl80211: Scan trigger
02-12 10:15:49.570 D/wpa_supplicant(  651): wlan0: nl80211: Scan trigger
02-12 10:15:49.690 D/EVENT_THREAD(  183): void CEventThread::run() POLLIN event on Fd (1)
02-12 10:15:49.690 D/EVENT_THREAD(  183): void CEventThread::run() POLLIN event on Fd (1)
02-12 10:15:49.690 D/EVENT_THREAD(  183): void CEventThread::run() Do poll with timeout: -1
02-12 10:15:49.690 I/upi_ug31xx(  166): (4924) update_capacity
02-12 10:15:49.690 I/[UPI]   (  166): <UG31/E>[UpiReadCapacity]: V=4227(4227), T=333(336-390), I=-271, C=-2(-2-0)
02-12 10:15:49.690 I/[UPI]   (  166): <UG31/E>[UpiReadCapacity]: (0x10820d5a) 3907 (3844) / 3926 (4028) = 100
02-12 10:15:49.690 I/[UPI]   (  166): <UG31/E>[UpiReadCapacity]: (0x10820d5a) 3907 (3844) / 3926 (4028) = 100
02-12 10:15:49.690 I/[UPI]   (  166): <UG31/E>[UpiReadCapacity]: (0x10820d5a) 3905 (3905) / 3926 (4028) = 99
02-12 10:15:49.690 I/[UPI]   (  166): <UG31/E>[RsocFilterCountTime]: (0x10820d5a) Step=0(30300), Full=21(2639830), Lock=30300(1800000)
02-12 10:15:49.690 I/[UPI]   (  166): <UG31/E>[UpiReadCapacity]: (0x10820d5a) 3907 (3905) / 3926 (4028) = 100 (-271--271)
02-12 10:15:49.690 I/[UPI]   (  166): <UG31/E><BATT> M:normal, P:100(100-99)%, V:4225mV, C:-239mA, T:33.6C(390), S:0x10820d5a(100), R:3907mAh, F:3926mAh, Q:470mAh, CC:3, P:30.300(140-0)s, BO:7, 97:615:0-44af-9m:B001-20140514-144301 (16)
02-12 10:15:49.690 D/EVENT_THREAD(  183): void CEventThread::run() POLLIN event on Fd (1)
02-12 10:15:49.690 D/EVENT_THREAD(  183): void CEventThread::run() Do poll with timeout: -1
02-12 10:15:49.690 I/upi_ug31xx(  166): (4924) update_capacity
02-12 10:15:49.690 I/[UPI]   (  166): <UG31/E>[UpiReadCapacity]: V=4227(4227), T=333(336-390), I=-271, C=-2(-2-0)
02-12 10:15:49.690 I/[UPI]   (  166): <UG31/E>[UpiReadCapacity]: (0x10820d5a) 3907 (3844) / 3926 (4028) = 100
02-12 10:15:49.690 I/[UPI]   (  166): <UG31/E>[UpiReadCapacity]: (0x10820d5a) 3907 (3844) / 3926 (4028) = 100
02-12 10:15:49.690 I/[UPI]   (  166): <UG31/E>[UpiReadCapacity]: (0x10820d5a) 3905 (3905) / 3926 (4028) = 99
02-12 10:15:49.690 I/[UPI]   (  166): <UG31/E>[RsocFilterCountTime]: (0x10820d5a) Step=0(30300), Full=21(2639830), Lock=30300(1800000)
02-12 10:15:49.690 I/[UPI]   (  166): <UG31/E>[UpiReadCapacity]: (0x10820d5a) 3907 (3905) / 3926 (4028) = 100 (-271--271)
02-12 10:15:49.690 I/[UPI]   (  166): <UG31/E><BATT> M:normal, P:100(100-99)%, V:4225mV, C:-239mA, T:33.6C(390), S:0x10820d5a(100), R:3907mAh, F:3926mAh, Q:470mAh, CC:3, P:30.300(140-0)s, BO:7, 97:615:0-44af-9m:B001-20140514-144301 (16)
02-12 10:15:49.690 D/EVENT_THREAD(  183): void CEventThread::run() POLLIN event on Fd (1)
02-12 10:15:49.690 D/EVENT_THREAD(  183): void CEventThread::run() Do poll with timeout: -1
02-12 10:15:49.690 D/EVENT_THREAD(  183): void CEventThread::run() Do poll with timeout: -1
02-12 10:15:49.690 I/upi_ug31xx(  166): (4925) backup_data 
02-12 10:15:49.690 I/upi_ug31xx(  166): (4925) backup_data 
02-12 10:15:49.690 V/upi_ug31xx(  166): state->check_backup_count = 2
02-12 10:15:49.690 V/upi_ug31xx(  166): state->check_backup_count = 2
02-12 10:15:49.800 D/AndroidRuntime(14830): 
02-12 10:15:49.800 D/AndroidRuntime(14830): >>>>>> AndroidRuntime START com.android.internal.os.RuntimeInit <<<<<<
02-12 10:15:49.800 D/AndroidRuntime(14830): CheckJNI is OFF
02-12 10:15:49.800 D/AndroidRuntime(14830): 
02-12 10:15:49.800 D/AndroidRuntime(14830): >>>>>> AndroidRuntime START com.android.internal.os.RuntimeInit <<<<<<
02-12 10:15:49.800 D/AndroidRuntime(14830): CheckJNI is OFF
02-12 10:15:49.800 I/AndroidRuntime(14830): Kernel Release Version: 3.10.20-gf818079
02-12 10:15:49.800 I/AndroidRuntime(14830): Kernel Release Version: 3.10.20-gf818079
02-12 10:15:49.800 I/dalvikvm(14830): No library specified. The standard exception handler will be used
02-12 10:15:49.800 I/dalvikvm(14830): No library specified. The standard exception handler will be used
02-12 10:15:49.800 I/dalvikvm(14830): 
02-12 10:15:49.800 I/dalvikvm(14830): +++++++++++++ Using PCG. +++++++++++++++++++++
02-12 10:15:49.800 I/dalvikvm(14830): 
02-12 10:15:49.800 I/dalvikvm(14830): +++++++++++++ Using PCG. +++++++++++++++++++++
02-12 10:15:49.810 D/dalvikvm(14830): Trying to load lib libjavacore.so 0x0
02-12 10:15:49.810 D/dalvikvm(14830): Trying to load lib libjavacore.so 0x0
02-12 10:15:49.810 D/dalvikvm(14830): Added shared lib libjavacore.so 0x0
02-12 10:15:49.810 D/dalvikvm(14830): Trying to load lib libnativehelper.so 0x0
02-12 10:15:49.810 D/dalvikvm(14830): Added shared lib libnativehelper.so 0x0
02-12 10:15:49.810 D/dalvikvm(14830): Added shared lib libjavacore.so 0x0
02-12 10:15:49.810 D/dalvikvm(14830): Trying to load lib libnativehelper.so 0x0
02-12 10:15:49.810 D/dalvikvm(14830): Added shared lib libnativehelper.so 0x0
02-12 10:15:49.810 D/dalvikvm(14830): No JNI_OnLoad found in libnativehelper.so 0x0, skipping init
02-12 10:15:49.810 D/dalvikvm(14830): No JNI_OnLoad found in libnativehelper.so 0x0, skipping init
02-12 10:15:49.820 D/dalvikvm(14830): Extra Options: not specified
02-12 10:15:49.820 D/dalvikvm(14830): Extra Options: not specified
02-12 10:15:49.830 D/dalvikvm(14830): Note: class Landroid/app/ActivityManagerNative; has 186 unimplemented (abstract) methods
02-12 10:15:49.830 D/dalvikvm(14830): Note: class Landroid/app/ActivityManagerNative; has 186 unimplemented (abstract) methods
02-12 10:15:49.910 E/memtrack(14830): Couldn't load memtrack module (No such file or directory)
02-12 10:15:49.910 E/memtrack(14830): Couldn't load memtrack module (No such file or directory)
02-12 10:15:49.910 E/android.os.Debug(14830): failed to load memtrack module: -2
02-12 10:15:49.910 E/android.os.Debug(14830): failed to load memtrack module: -2
02-12 10:15:49.940 D/AndroidRuntime(14830): Calling main entry com.android.commands.am.Am
02-12 10:15:49.940 D/AndroidRuntime(14830): Calling main entry com.android.commands.am.Am
02-12 10:15:49.980 D/AndroidRuntime(14830): Shutting down VM
02-12 10:15:49.980 D/AndroidRuntime(14830): Shutting down VM
02-12 10:15:49.980 D/dalvikvm(14830): GC_CONCURRENT freed 112K, 16% free 666K/792K, paused 1ms+0ms, total 1ms
02-12 10:15:49.980 D/dalvikvm(14830): GC_CONCURRENT freed 112K, 16% free 666K/792K, paused 1ms+0ms, total 1ms
02-12 10:15:49.980 D/dalvikvm(14830): Compiler shutdown in progress - discarding request
02-12 10:15:49.980 D/dalvikvm(14830): Compiler shutdown in progress - discarding request
02-12 10:15:49.980 D/dalvikvm(14830): Compiler shutdown in progress - discarding request
02-12 10:15:49.980 D/dalvikvm(14830): Compiler shutdown in progress - discarding request
02-12 10:15:49.980 D/dalvikvm(14830): Compiler shutdown in progress - discarding request
02-12 10:15:49.980 D/dalvikvm(14830): Compiler shutdown in progress - discarding request
02-12 10:15:49.980 D/dalvikvm(14830): Compiler shutdown in progress - discarding request
02-12 10:15:49.980 D/dalvikvm(14830): Compiler shutdown in progress - discarding request
02-12 10:15:49.980 D/dalvikvm(14830): Compiler shutdown in progress - discarding request
02-12 10:15:49.980 D/dalvikvm(14830): Compiler shutdown in progress - discarding request
02-12 10:15:49.980 D/dalvikvm(14830): Compiler shutdown in progress - discarding request
02-12 10:15:49.980 D/dalvikvm(14830): Compiler shutdown in progress - discarding request
02-12 10:15:49.980 D/dalvikvm(14830): Compiler shutdown in progress - discarding request
02-12 10:15:49.980 D/dalvikvm(14830): Compiler shutdown in progress - discarding request
02-12 10:15:49.980 D/dalvikvm(14830): Compiler shutdown in progress - discarding request
02-12 10:15:49.980 D/dalvikvm(14830): Compiler shutdown in progress - discarding request
02-12 10:15:49.980 D/dalvikvm(14830): Compiler shutdown in progress - discarding request
02-12 10:15:49.980 D/dalvikvm(14830): Compiler shutdown in progress - discarding request
02-12 10:15:49.980 D/dalvikvm(14830): Compiler shutdown in progress - discarding request
02-12 10:15:49.980 D/dalvikvm(14830): Compiler shutdown in progress - discarding request
02-12 10:15:49.980 D/dalvikvm(14830): Compiler shutdown in progress - discarding request
02-12 10:15:49.980 D/dalvikvm(14830): Compiler shutdown in progress - discarding request
02-12 10:15:49.980 D/dalvikvm(14830): Compiler shutdown in progress - discarding request
02-12 10:15:49.980 D/dalvikvm(14830): Compiler shutdown in progress - discarding request
02-12 10:15:49.980 D/dalvikvm(14830): Compiler shutdown in progress - discarding request
02-12 10:15:49.980 D/dalvikvm(14830): Compiler shutdown in progress - discarding request
02-12 10:15:49.980 D/dalvikvm(14830): Compiler shutdown in progress - discarding request
02-12 10:15:49.980 D/dalvikvm(14830): Compiler shutdown in progress - discarding request
02-12 10:15:49.980 D/dalvikvm(14830): Compiler shutdown in progress - discarding request
02-12 10:15:49.980 D/dalvikvm(14830): Compiler shutdown in progress - discarding request
02-12 10:15:49.980 D/dalvikvm(14830): Compiler shutdown in progress - discarding request
02-12 10:15:49.980 D/dalvikvm(14830): Compiler shutdown in progress - discarding request
02-12 10:15:49.980 D/dalvikvm(14830): Compiler shutdown in progress - discarding request
02-12 10:15:49.980 D/dalvikvm(14830): Compiler shutdown in progress - discarding request
02-12 10:15:49.980 D/dalvikvm(14830): Compiler shutdown in progress - discarding request
02-12 10:15:49.980 D/dalvikvm(14830): Compiler shutdown in progress - discarding request
02-12 10:15:49.980 D/dalvikvm(14830): Compiler shutdown in progress - discarding request
02-12 10:15:49.980 D/dalvikvm(14830): Compiler shutdown in progress - discarding request
02-12 10:15:49.980 D/dalvikvm(14830): Compiler shutdown in progress - discarding request
02-12 10:15:49.980 D/dalvikvm(14830): Compiler shutdown in progress - discarding request
02-12 10:15:49.980 D/dalvikvm(14830): Compiler shutdown in progress - discarding request
02-12 10:15:49.980 D/dalvikvm(14830): Compiler shutdown in progress - discarding request
02-12 10:15:49.980 D/dalvikvm(14830): Compiler shutdown in progress - discarding request
02-12 10:15:49.980 D/dalvikvm(14830): Compiler shutdown in progress - discarding request
02-12 10:15:49.980 D/dalvikvm(14830): Compiler shutdown in progress - discarding request
02-12 10:15:49.980 D/dalvikvm(14830): Compiler shutdown in progress - discarding request
02-12 10:15:49.980 D/dalvikvm(14830): Compiler shutdown in progress - discarding request
02-12 10:15:49.980 D/dalvikvm(14830): Compiler shutdown in progress - discarding request
02-12 10:15:49.980 I/ActivityManager(  504): Force stopping org.xwalk.webapi_service_tests appid=10266 user=0: from pid 14830
02-12 10:15:49.990 D/dalvikvm(14830): Compiler shutdown in progress - discarding request
02-12 10:15:49.990 D/dalvikvm(14830): Compiler shutdown in progress - discarding request
02-12 10:15:49.990 D/dalvikvm(14830): Compiler shutdown in progress - discarding request
02-12 10:15:49.990 D/dalvikvm(14830): Compiler shutdown in progress - discarding request
02-12 10:15:49.990 D/dalvikvm(14830): Compiler shutdown in progress - discarding request
02-12 10:15:49.990 D/dalvikvm(14830): Compiler shutdown in progress - discarding request
02-12 10:15:49.990 D/dalvikvm(14830): Compiler shutdown in progress - discarding request
02-12 10:15:49.990 D/dalvikvm(14830): Compiler shutdown in progress - discarding request
02-12 10:15:49.990 D/dalvikvm(14830): Compiler shutdown in progress - discarding request
02-12 10:15:49.990 D/dalvikvm(14830): Compiler shutdown in progress - discarding request
02-12 10:15:49.990 D/dalvikvm(14830): Compiler shutdown in progress - discarding request
02-12 10:15:49.990 D/dalvikvm(14830): Compiler shutdown in progress - discarding request
02-12 10:15:49.990 D/dalvikvm(14830): Compiler shutdown in progress - discarding request
02-12 10:15:49.990 D/dalvikvm(14830): Compiler shutdown in progress - discarding request
02-12 10:15:49.990 D/dalvikvm(14830): Compiler shutdown in progress - discarding request
02-12 10:15:49.980 D/dalvikvm(14830): Compiler shutdown in progress - discarding request
02-12 10:15:49.980 D/dalvikvm(14830): Compiler shutdown in progress - discarding request
02-12 10:15:49.980 D/dalvikvm(14830): Compiler shutdown in progress - discarding request
02-12 10:15:49.980 D/dalvikvm(14830): Compiler shutdown in progress - discarding request
02-12 10:15:49.980 D/dalvikvm(14830): Compiler shutdown in progress - discarding request
02-12 10:15:49.980 D/dalvikvm(14830): Compiler shutdown in progress - discarding request
02-12 10:15:49.980 D/dalvikvm(14830): Compiler shutdown in progress - discarding request
02-12 10:15:49.980 D/dalvikvm(14830): Compiler shutdown in progress - discarding request
02-12 10:15:49.980 D/dalvikvm(14830): Compiler shutdown in progress - discarding request
02-12 10:15:49.980 D/dalvikvm(14830): Compiler shutdown in progress - discarding request
02-12 10:15:49.980 D/dalvikvm(14830): Compiler shutdown in progress - discarding request
02-12 10:15:49.980 D/dalvikvm(14830): Compiler shutdown in progress - discarding request
