02-27 14:19:15.552 D/EVENT_THREAD(  186): void CEventThread::run() Do poll with timeout: -1
02-27 14:19:16.402 I/WifiHW  (  505): CMD: IFNAME=wlan0 SIGNAL_POLL
02-27 14:19:16.402 D/wpa_supplicant(  711): RX ctrl_iface - hexdump(len=11): 53 49 47 4e 41 4c 5f 50 4f 4c 4c
02-27 14:19:16.402 D/wpa_supplicant(  711): wlan0: Control interface command 'SIGNAL_POLL'
02-27 14:19:16.422 D/wpa_supplicant(  711): nl80211: survey data missing!
02-27 14:19:16.422 I/WifiHW  (  505): REPLY: RSSI=-53
02-27 14:19:16.422 I/WifiHW  (  505): REPLY: LINKSPEED=58
02-27 14:19:16.422 I/WifiHW  (  505): REPLY: NOISE=9999
02-27 14:19:16.422 I/WifiHW  (  505): REPLY: FREQUENCY=2437
02-27 14:19:19.092 D/AndroidRuntime(13212): 
02-27 14:19:19.092 D/AndroidRuntime(13212): >>>>>> AndroidRuntime START com.android.internal.os.RuntimeInit <<<<<<
02-27 14:19:19.092 D/AndroidRuntime(13212): CheckJNI is OFF
02-27 14:19:19.092 I/AndroidRuntime(13212): Kernel Release Version: 3.10.20-gf818079
02-27 14:19:19.092 I/dalvikvm(13212): No library specified. The standard exception handler will be used
02-27 14:19:19.112 I/dalvikvm(13212): 
02-27 14:19:19.112 I/dalvikvm(13212): +++++++++++++ Using PCG. +++++++++++++++++++++
02-27 14:19:19.112 D/dalvikvm(13212): Trying to load lib libjavacore.so 0x0
02-27 14:19:19.122 D/dalvikvm(13212): Added shared lib libjavacore.so 0x0
02-27 14:19:19.122 D/dalvikvm(13212): Trying to load lib libnativehelper.so 0x0
02-27 14:19:19.122 D/dalvikvm(13212): Added shared lib libnativehelper.so 0x0
02-27 14:19:19.122 D/dalvikvm(13212): No JNI_OnLoad found in libnativehelper.so 0x0, skipping init
02-27 14:19:19.132 D/dalvikvm(13212): Extra Options: not specified
02-27 14:19:19.152 D/dalvikvm(13212): Note: class Landroid/app/ActivityManagerNative; has 186 unimplemented (abstract) methods
02-27 14:19:19.242 E/memtrack(13212): Couldn't load memtrack module (No such file or directory)
02-27 14:19:19.242 E/android.os.Debug(13212): failed to load memtrack module: -2
02-27 14:19:19.282 D/AndroidRuntime(13212): Calling main entry com.android.commands.am.Am
02-27 14:19:19.312 I/ActivityManager(  505): Force stopping org.xwalk.webapi_service_tests appid=10093 user=0: from pid 13212
02-27 14:19:19.312 I/SecurityManagerService(  600): SMS received security event: App[STOP/org.xwalk.webapi_service_tests]
02-27 14:19:19.312 I/ActivityManager(  505): Killing 12310:org.xwalk.webapi_service_tests/u0a93 (adj 9): stop org.xwalk.webapi_service_tests
02-27 14:19:19.312 I/ActivityManager(  505):   Force finishing activity ActivityRecord{221c7340 u0 org.xwalk.webapi_service_tests/.WebapiServiceTestsActivity t41}
02-27 14:19:19.312 D/AndroidRuntime(13212): Shutting down VM
02-27 14:19:19.322 D/dalvikvm(13212): GC_CONCURRENT freed 112K, 16% free 666K/792K, paused 0ms+0ms, total 1ms
02-27 14:19:19.322 D/dalvikvm(13212): Compiler shutdown in progress - discarding request
02-27 14:19:19.322 D/dalvikvm(13212): Compiler shutdown in progress - discarding request
02-27 14:19:19.322 D/dalvikvm(13212): Compiler shutdown in progress - discarding request
02-27 14:19:19.322 D/dalvikvm(13212): Compiler shutdown in progress - discarding request
02-27 14:19:19.322 D/dalvikvm(13212): Compiler shutdown in progress - discarding request
02-27 14:19:19.322 D/dalvikvm(13212): Compiler shutdown in progress - discarding request
02-27 14:19:19.322 D/dalvikvm(13212): Compiler shutdown in progress - discarding request
02-27 14:19:19.322 D/dalvikvm(13212): Compiler shutdown in progress - discarding request
02-27 14:19:19.322 D/dalvikvm(13212): Compiler shutdown in progress - discarding request
02-27 14:19:19.322 D/dalvikvm(13212): Compiler shutdown in progress - discarding request
02-27 14:19:19.322 D/dalvikvm(13212): Compiler shutdown in progress - discarding request
02-27 14:19:19.322 D/dalvikvm(13212): Compiler shutdown in progress - discarding request
02-27 14:19:19.322 D/dalvikvm(13212): Compiler shutdown in progress - discarding request
02-27 14:19:19.322 D/dalvikvm(13212): Compiler shutdown in progress - discarding request
02-27 14:19:19.322 D/dalvikvm(13212): Compiler shutdown in progress - discarding request
02-27 14:19:19.322 D/dalvikvm(13212): Compiler shutdown in progress - discarding request
02-27 14:19:19.322 D/dalvikvm(13212): Compiler shutdown in progress - discarding request
02-27 14:19:19.322 D/dalvikvm(13212): Compiler shutdown in progress - discarding request
02-27 14:19:19.322 D/dalvikvm(13212): Compiler shutdown in progress - discarding request
02-27 14:19:19.322 D/dalvikvm(13212): Compiler shutdown in progress - discarding request
02-27 14:19:19.322 D/dalvikvm(13212): Compiler shutdown in progress - discarding request
02-27 14:19:19.322 D/dalvikvm(13212): Compiler shutdown in progress - discarding request
02-27 14:19:19.322 D/dalvikvm(13212): Compiler shutdown in progress - discarding request
02-27 14:19:19.322 D/dalvikvm(13212): Compiler shutdown in progress - discarding request
02-27 14:19:19.322 D/dalvikvm(13212): Compiler shutdown in progress - discarding request
02-27 14:19:19.322 D/dalvikvm(13212): Compiler shutdown in progress - discarding request
02-27 14:19:19.322 D/dalvikvm(13212): Compiler shutdown in progress - discarding request
02-27 14:19:19.322 D/dalvikvm(13212): Compiler shutdown in progress - discarding request
02-27 14:19:19.322 D/dalvikvm(13212): Compiler shutdown in progress - discarding request
02-27 14:19:19.322 D/dalvikvm(13212): Compiler shutdown in progress - discarding request
02-27 14:19:19.322 D/dalvikvm(13212): Compiler shutdown in progress - discarding request
02-27 14:19:19.322 D/dalvikvm(13212): Compiler shutdown in progress - discarding request
02-27 14:19:19.322 D/dalvikvm(13212): Compiler shutdown in progress - discarding request
02-27 14:19:19.322 D/dalvikvm(13212): Compiler shutdown in progress - discarding request
02-27 14:19:19.322 D/dalvikvm(13212): Compiler shutdown in progress - discarding request
02-27 14:19:19.322 D/dalvikvm(13212): Compiler shutdown in progress - discarding request
02-27 14:19:19.322 D/dalvikvm(13212): Compiler shutdown in progress - discarding request
02-27 14:19:19.322 D/dalvikvm(13212): Compiler shutdown in progress - discarding request
02-27 14:19:19.322 D/dalvikvm(13212): Compiler shutdown in progress - discarding request
02-27 14:19:19.322 D/dalvikvm(13212): Compiler shutdown in progress - discarding request
02-27 14:19:19.322 D/dalvikvm(13212): Compiler shutdown in progress - discarding request
02-27 14:19:19.322 D/dalvikvm(13212): Compiler shutdown in progress - discarding request
02-27 14:19:19.422 I/WindowState(  505): WIN DEATH: Window{21f424e0 u0 org.xwalk.webapi_service_tests/org.xwalk.webapi_service_tests.WebapiServiceTestsActivity}
02-27 14:19:19.422 D/EVENT_THREAD(  186): void CEventThread::run() POLLIN event on Fd (1)
02-27 14:19:19.422 D/EVENT_THREAD(  186): void CEventThread::run() Do poll with timeout: -1
02-27 14:19:19.422 D/EVENT_THREAD(  186): void CEventThread::run() POLLIN event on Fd (1)
02-27 14:19:19.422 D/EVENT_THREAD(  186): void CEventThread::run() Do poll with timeout: -1
02-27 14:19:19.422 I/upi_ug31xx(  166): (378) update_capacity
02-27 14:19:19.422 I/[UPI]   (  166): <UG31/E>[UpiReadCapacity]: V=3745(3747), T=336(336-392), I=-308, C=-3(-3-0)
02-27 14:19:19.422 I/[UPI]   (  166): <UG31/E>[UpiReadCapacity]: (0x0001254a) 1323 (1223) / 3822 (4028) = 35
02-27 14:19:19.422 I/[UPI]   (  166): <UG31/E>[UpiReadCapacity]: (0x0001254a) 1323 (1223) / 3822 (4028) = 35
02-27 14:19:19.422 I/[UPI]   (  166): <UG31/E>[UpiReadCapacity]: (0x0001254a) 1320 (1320) / 3822 (4028) = 35
02-27 14:19:19.422 I/[UPI]   (  166): <UG31/E>[RsocFilterCountTime]: (0x0001254a) Step=7(425270), Full=7(425270), Lock=425270(1845818)
02-27 14:19:19.422 I/[UPI]   (  166): <UG31/E>[UpiReadCapacity]: (0x0001254a) 1320 (1320) / 3822 (4028) = 35 (-308--308)
02-27 14:19:19.422 I/[UPI]   (  166): <UG31/E><BATT> M:normal, P:35(35-35)%, V:3748mV, C:-379mA, T:33.6C(392), S:0x0001254a(000), R:1320mAh, F:3822mAh, Q:-709mAh, CC:3, P:30.340(708-0)s, BO:7, 97:615:0-44af-9m:B001-20140514-144301 (16)
02-27 14:19:19.422 I/upi_ug31xx(  166): (379) backup_data 
02-27 14:19:19.422 V/upi_ug31xx(  166): state->check_backup_count = 12
02-27 14:19:19.422 W/WindowManager(  505): Force-removing child win Window{21fa4628 u0 SurfaceView} from container Window{21f424e0 u0 org.xwalk.webapi_service_tests/org.xwalk.webapi_service_tests.WebapiServiceTestsActivity}
02-27 14:19:19.432 I/WifiHW  (  505): CMD: IFNAME=wlan0 SIGNAL_POLL
02-27 14:19:19.432 D/wpa_supplicant(  711): RX ctrl_iface - hexdump(len=11): 53 49 47 4e 41 4c 5f 50 4f 4c 4c
02-27 14:19:19.432 D/wpa_supplicant(  711): wlan0: Control interface command 'SIGNAL_POLL'
02-27 14:19:19.452 D/wpa_supplicant(  711): nl80211: survey data missing!
02-27 14:19:19.452 I/WifiHW  (  505): REPLY: RSSI=-58
02-27 14:19:19.452 I/WifiHW  (  505): REPLY: LINKSPEED=58
02-27 14:19:19.452 I/WifiHW  (  505): REPLY: NOISE=9999
02-27 14:19:19.452 I/WifiHW  (  505): REPLY: FREQUENCY=2437
02-27 14:19:19.452 W/WindowManager(  505): Failed looking up window
02-27 14:19:19.452 W/WindowManager(  505): java.lang.IllegalArgumentException: Requested window android.os.BinderProxy@221fc068 does not exist
02-27 14:19:19.452 W/WindowManager(  505): 	at com.android.server.wm.WindowManagerService.windowForClientLocked(WindowManagerService.java:8056)
02-27 14:19:19.452 W/WindowManager(  505): 	at com.android.server.wm.WindowManagerService.windowForClientLocked(WindowManagerService.java:8047)
02-27 14:19:19.452 W/WindowManager(  505): 	at com.android.server.wm.WindowState$DeathRecipient.binderDied(WindowState.java:1087)
02-27 14:19:19.452 W/WindowManager(  505): 	at android.os.BinderProxy.sendDeathNotice(Binder.java:493)
02-27 14:19:19.452 W/WindowManager(  505): 	at dalvik.system.NativeStart.run(Native Method)
02-27 14:19:19.452 I/WindowState(  505): WIN DEATH: null
02-27 14:19:19.862 D/AndroidRuntime(13223): 
02-27 14:19:19.862 D/AndroidRuntime(13223): >>>>>> AndroidRuntime START com.android.internal.os.RuntimeInit <<<<<<
02-27 14:19:19.862 D/AndroidRuntime(13223): CheckJNI is OFF
02-27 14:19:19.862 I/AndroidRuntime(13223): Kernel Release Version: 3.10.20-gf818079
02-27 14:19:19.862 I/dalvikvm(13223): No library specified. The standard exception handler will be used
02-27 14:19:19.862 I/dalvikvm(13223): 
02-27 14:19:19.862 I/dalvikvm(13223): +++++++++++++ Using PCG. +++++++++++++++++++++
02-27 14:19:19.872 D/dalvikvm(13223): Trying to load lib libjavacore.so 0x0
02-27 14:19:19.872 D/dalvikvm(13223): Added shared lib libjavacore.so 0x0
02-27 14:19:19.872 D/dalvikvm(13223): Trying to load lib libnativehelper.so 0x0
02-27 14:19:19.872 D/dalvikvm(13223): Added shared lib libnativehelper.so 0x0
02-27 14:19:19.872 D/dalvikvm(13223): No JNI_OnLoad found in libnativehelper.so 0x0, skipping init
02-27 14:19:19.882 D/dalvikvm(13223): Extra Options: not specified
02-27 14:19:19.892 D/dalvikvm(13223): Note: class Landroid/app/ActivityManagerNative; has 186 unimplemented (abstract) methods
02-27 14:19:19.962 E/memtrack(13223): Couldn't load memtrack module (No such file or directory)
02-27 14:19:19.962 E/android.os.Debug(13223): failed to load memtrack module: -2
02-27 14:19:20.002 D/AndroidRuntime(13223): Calling main entry com.android.commands.am.Am
02-27 14:19:20.032 D/AndroidRuntime(13223): Shutting down VM
02-27 14:19:20.032 D/dalvikvm(13223): GC_CONCURRENT freed 116K, 16% free 702K/832K, paused 1ms+1ms, total 2ms
02-27 14:19:20.032 I/ActivityManager(  505): START u0 {flg=0x10000000 cmp=org.xwalk.webapi_service_tests/.webapi_service_testsActivity} from pid 13223
02-27 14:19:20.042 D/dalvikvm(13223): Compiler shutdown in progress - discarding request
02-27 14:19:20.042 D/dalvikvm(13223): Compiler shutdown in progress - discarding request
02-27 14:19:20.042 D/dalvikvm(13223): Compiler shutdown in progress - discarding request
02-27 14:19:20.042 D/dalvikvm(13223): Compiler shutdown in progress - discarding request
02-27 14:19:20.042 D/dalvikvm(13223): Compiler shutdown in progress - discarding request
02-27 14:19:20.042 D/dalvikvm(13223): Compiler shutdown in progress - discarding request
02-27 14:19:20.042 D/dalvikvm(13223): Compiler shutdown in progress - discarding request
02-27 14:19:20.042 D/dalvikvm(13223): Compiler shutdown in progress - discarding request
02-27 14:19:20.042 D/dalvikvm(13223): Compiler shutdown in progress - discarding request
02-27 14:19:20.042 D/dalvikvm(13223): Compiler shutdown in progress - discarding request
02-27 14:19:20.042 D/dalvikvm(13223): Compiler shutdown in progress - discarding request
02-27 14:19:20.042 D/dalvikvm(13223): Compiler shutdown in progress - discarding request
02-27 14:19:20.042 D/dalvikvm(13223): Compiler shutdown in progress - discarding request
02-27 14:19:20.042 D/dalvikvm(13223): Compiler shutdown in progress - discarding request
02-27 14:19:20.042 D/dalvikvm(13223): Compiler shutdown in progress - discarding request
02-27 14:19:20.042 D/dalvikvm(13223): Compiler shutdown in progress - discarding request
02-27 14:19:20.042 D/dalvikvm(13223): Compiler shutdown in progress - discarding request
02-27 14:19:20.042 D/dalvikvm(13223): Compiler shutdown in progress - discarding request
02-27 14:19:20.042 D/dalvikvm(13223): Compiler shutdown in progress - discarding request
02-27 14:19:20.042 D/dalvikvm(13223): Compiler shutdown in progress - discarding request
02-27 14:19:20.042 D/dalvikvm(13223): Compiler shutdown in progress - discarding request
02-27 14:19:20.042 D/dalvikvm(13223): Compiler shutdown in progress - discarding request
02-27 14:19:20.042 D/dalvikvm(13223): Compiler shutdown in progress - discarding request
02-27 14:19:20.042 D/dalvikvm(13223): Compiler shutdown in progress - discarding request
02-27 14:19:20.042 D/dalvikvm(13223): Compiler shutdown in progress - discarding request
02-27 14:19:20.042 D/dalvikvm(13223): Compiler shutdown in progress - discarding request
02-27 14:19:20.042 D/dalvikvm(13223): Compiler shutdown in progress - discarding request
02-27 14:19:20.042 D/dalvikvm(13223): Compiler shutdown in progress - discarding request
02-27 14:19:20.042 D/dalvikvm(13223): Compiler shutdown in progress - discarding request
02-27 14:19:20.042 D/dalvikvm(13223): Compiler shutdown in progress - discarding request
02-27 14:19:20.042 D/dalvikvm(13223): Compiler shutdown in progress - discarding request
02-27 14:19:20.042 D/dalvikvm(13223): Compiler shutdown in progress - discarding request
02-27 14:19:20.042 D/dalvikvm(13223): Compiler shutdown in progress - discarding request
02-27 14:19:20.042 D/dalvikvm(13223): Compiler shutdown in progress - discarding request
02-27 14:19:20.042 D/dalvikvm(13223): Compiler shutdown in progress - discarding request
02-27 14:19:20.042 D/dalvikvm(13223): Compiler shutdown in progress - discarding request
02-27 14:19:20.042 D/dalvikvm(13223): Compiler shutdown in progress - discarding request
02-27 14:19:20.042 D/dalvikvm(13223): Compiler shutdown in progress - discarding request
02-27 14:19:20.042 D/dalvikvm(13223): Compiler shutdown in progress - discarding request
02-27 14:19:20.042 D/dalvikvm(13223): Compiler shutdown in progress - discarding request
02-27 14:19:20.042 D/dalvikvm(13223): Compiler shutdown in progress - discarding request
02-27 14:19:20.042 D/dalvikvm(13223): Compiler shutdown in progress - discarding request
02-27 14:19:20.042 D/dalvikvm(13223): Compiler shutdown in progress - discarding request
02-27 14:19:20.042 D/dalvikvm(13223): Compiler shutdown in progress - discarding request
02-27 14:19:20.042 D/dalvikvm(13223): Compiler shutdown in progress - discarding request
02-27 14:19:20.702 D/AndroidRuntime(13234): 
02-27 14:19:20.702 D/AndroidRuntime(13234): >>>>>> AndroidRuntime START com.android.internal.os.RuntimeInit <<<<<<
02-27 14:19:20.702 D/AndroidRuntime(13234): CheckJNI is OFF
02-27 14:19:20.702 I/AndroidRuntime(13234): Kernel Release Version: 3.10.20-gf818079
02-27 14:19:20.702 I/dalvikvm(13234): No library specified. The standard exception handler will be used
02-27 14:19:20.702 I/dalvikvm(13234): 
02-27 14:19:20.702 I/dalvikvm(13234): +++++++++++++ Using PCG. +++++++++++++++++++++
02-27 14:19:20.712 D/dalvikvm(13234): Trying to load lib libjavacore.so 0x0
02-27 14:19:20.712 D/dalvikvm(13234): Added shared lib libjavacore.so 0x0
02-27 14:19:20.712 D/dalvikvm(13234): Trying to load lib libnativehelper.so 0x0
02-27 14:19:20.712 D/dalvikvm(13234): Added shared lib libnativehelper.so 0x0
02-27 14:19:20.712 D/dalvikvm(13234): No JNI_OnLoad found in libnativehelper.so 0x0, skipping init
02-27 14:19:20.722 D/dalvikvm(13234): Extra Options: not specified
02-27 14:19:20.722 D/dalvikvm(13234): Note: class Landroid/app/ActivityManagerNative; has 186 unimplemented (abstract) methods
02-27 14:19:20.802 E/memtrack(13234): Couldn't load memtrack module (No such file or directory)
02-27 14:19:20.802 E/android.os.Debug(13234): failed to load memtrack module: -2
02-27 14:19:20.842 D/AndroidRuntime(13234): Calling main entry com.android.commands.am.Am
02-27 14:19:20.872 D/AndroidRuntime(13234): Shutting down VM
02-27 14:19:20.872 D/dalvikvm(13234): GC_CONCURRENT freed 116K, 16% free 702K/832K, paused 0ms+0ms, total 2ms
02-27 14:19:20.872 D/dalvikvm(13234): Compiler shutdown in progress - discarding request
02-27 14:19:20.872 D/dalvikvm(13234): Compiler shutdown in progress - discarding request
02-27 14:19:20.872 D/dalvikvm(13234): Compiler shutdown in progress - discarding request
02-27 14:19:20.872 D/dalvikvm(13234): Compiler shutdown in progress - discarding request
02-27 14:19:20.872 D/dalvikvm(13234): Compiler shutdown in progress - discarding request
02-27 14:19:20.872 D/dalvikvm(13234): Compiler shutdown in progress - discarding request
02-27 14:19:20.872 D/dalvikvm(13234): Compiler shutdown in progress - discarding request
02-27 14:19:20.872 D/dalvikvm(13234): Compiler shutdown in progress - discarding request
02-27 14:19:20.872 D/dalvikvm(13234): Compiler shutdown in progress - discarding request
02-27 14:19:20.872 D/dalvikvm(13234): Compiler shutdown in progress - discarding request
02-27 14:19:20.872 D/dalvikvm(13234): Compiler shutdown in progress - discarding request
02-27 14:19:20.872 D/dalvikvm(13234): Compiler shutdown in progress - discarding request
02-27 14:19:20.872 D/dalvikvm(13234): Compiler shutdown in progress - discarding request
02-27 14:19:20.872 D/dalvikvm(13234): Compiler shutdown in progress - discarding request
02-27 14:19:20.872 D/dalvikvm(13234): Compiler shutdown in progress - discarding request
02-27 14:19:20.872 D/dalvikvm(13234): Compiler shutdown in progress - discarding request
02-27 14:19:20.872 D/dalvikvm(13234): Compiler shutdown in progress - discarding request
02-27 14:19:20.872 D/dalvikvm(13234): Compiler shutdown in progress - discarding request
02-27 14:19:20.872 D/dalvikvm(13234): Compiler shutdown in progress - discarding request
02-27 14:19:20.872 D/dalvikvm(13234): Compiler shutdown in progress - discarding request
02-27 14:19:20.872 D/dalvikvm(13234): Compiler shutdown in progress - discarding request
02-27 14:19:20.872 D/dalvikvm(13234): Compiler shutdown in progress - discarding request
02-27 14:19:20.872 D/dalvikvm(13234): Compiler shutdown in progress - discarding request
02-27 14:19:20.872 D/dalvikvm(13234): Compiler shutdown in progress - discarding request
02-27 14:19:20.872 D/dalvikvm(13234): Compiler shutdown in progress - discarding request
02-27 14:19:20.872 D/dalvikvm(13234): Compiler shutdown in progress - discarding request
02-27 14:19:20.872 D/dalvikvm(13234): Compiler shutdown in progress - discarding request
02-27 14:19:20.872 D/dalvikvm(13234): Compiler shutdown in progress - discarding request
02-27 14:19:20.872 D/dalvikvm(13234): Compiler shutdown in progress - discarding request
02-27 14:19:20.872 D/dalvikvm(13234): Compiler shutdown in progress - discarding request
02-27 14:19:20.872 D/dalvikvm(13234): Compiler shutdown in progress - discarding request
02-27 14:19:20.872 D/dalvikvm(13234): Compiler shutdown in progress - discarding request
02-27 14:19:20.872 D/dalvikvm(13234): Compiler shutdown in progress - discarding request
02-27 14:19:20.872 D/dalvikvm(13234): Compiler shutdown in progress - discarding request
02-27 14:19:20.872 D/dalvikvm(13234): Compiler shutdown in progress - discarding request
02-27 14:19:20.872 D/dalvikvm(13234): Compiler shutdown in progress - discarding request
02-27 14:19:20.872 D/dalvikvm(13234): Compiler shutdown in progress - discarding request
02-27 14:19:20.872 D/dalvikvm(13234): Compiler shutdown in progress - discarding request
02-27 14:19:20.872 D/dalvikvm(13234): Compiler shutdown in progress - discarding request
02-27 14:19:20.872 D/dalvikvm(13234): Compiler shutdown in progress - discarding request
02-27 14:19:20.872 D/dalvikvm(13234): Compiler shutdown in progress - discarding request
02-27 14:19:20.872 D/dalvikvm(13234): Compiler shutdown in progress - discarding request
02-27 14:19:20.872 D/dalvikvm(13234): Compiler shutdown in progress - discarding request
02-27 14:19:20.872 D/dalvikvm(13234): Compiler shutdown in progress - discarding request
02-27 14:19:20.872 D/dalvikvm(13234): Compiler shutdown in progress - discarding request
02-27 14:19:20.872 I/ActivityManager(  505): START u0 {flg=0x10000000 cmp=org.xwalk.webapi_service_tests/.webapi_service_tests} from pid 13234
02-27 14:19:21.472 D/AndroidRuntime(13245): 
02-27 14:19:21.472 D/AndroidRuntime(13245): >>>>>> AndroidRuntime START com.android.internal.os.RuntimeInit <<<<<<
02-27 14:19:21.472 D/AndroidRuntime(13245): CheckJNI is OFF
02-27 14:19:21.472 I/AndroidRuntime(13245): Kernel Release Version: 3.10.20-gf818079
02-27 14:19:21.472 I/dalvikvm(13245): No library specified. The standard exception handler will be used
02-27 14:19:21.472 I/dalvikvm(13245): 
02-27 14:19:21.472 I/dalvikvm(13245): +++++++++++++ Using PCG. +++++++++++++++++++++
02-27 14:19:21.482 D/dalvikvm(13245): Trying to load lib libjavacore.so 0x0
02-27 14:19:21.482 D/dalvikvm(13245): Added shared lib libjavacore.so 0x0
02-27 14:19:21.482 D/dalvikvm(13245): Trying to load lib libnativehelper.so 0x0
02-27 14:19:21.482 D/dalvikvm(13245): Added shared lib libnativehelper.so 0x0
02-27 14:19:21.482 D/dalvikvm(13245): No JNI_OnLoad found in libnativehelper.so 0x0, skipping init
02-27 14:19:21.492 D/dalvikvm(13245): Extra Options: not specified
02-27 14:19:21.502 D/dalvikvm(13245): Note: class Landroid/app/ActivityManagerNative; has 186 unimplemented (abstract) methods
02-27 14:19:21.572 E/memtrack(13245): Couldn't load memtrack module (No such file or directory)
02-27 14:19:21.572 E/android.os.Debug(13245): failed to load memtrack module: -2
02-27 14:19:21.602 D/AndroidRuntime(13245): Calling main entry com.android.commands.am.Am
02-27 14:19:21.632 I/ActivityManager(  505): START u0 {flg=0x10000000 cmp=org.xwalk.webapi_service_tests/.WebapiServiceTestsActivity} from pid 13245
02-27 14:19:21.642 D/AndroidRuntime(13245): Shutting down VM
02-27 14:19:21.642 I/SecurityManagerService(  600): SMS received security event: App[START/org.xwalk.webapi_service_tests]
02-27 14:19:21.642 V/WeatherTimeProvider( 1093): widget on Visibility Changed
02-27 14:19:21.642 D/dalvikvm(13245): GC_CONCURRENT freed 114K, 16% free 701K/832K, paused 1ms+0ms, total 2ms
02-27 14:19:21.652 D/dalvikvm(13245): Compiler shutdown in progress - discarding request
02-27 14:19:21.652 D/dalvikvm(13245): Compiler shutdown in progress - discarding request
02-27 14:19:21.652 D/dalvikvm(13245): Compiler shutdown in progress - discarding request
02-27 14:19:21.652 D/dalvikvm(13245): Compiler shutdown in progress - discarding request
02-27 14:19:21.652 D/dalvikvm(13245): Compiler shutdown in progress - discarding request
02-27 14:19:21.652 D/dalvikvm(13245): Compiler shutdown in progress - discarding request
02-27 14:19:21.652 D/dalvikvm(13245): Compiler shutdown in progress - discarding request
02-27 14:19:21.652 D/dalvikvm(13245): Compiler shutdown in progress - discarding request
02-27 14:19:21.652 D/dalvikvm(13245): Compiler shutdown in progress - discarding request
02-27 14:19:21.652 D/dalvikvm(13245): Compiler shutdown in progress - discarding request
02-27 14:19:21.652 D/dalvikvm(13245): Compiler shutdown in progress - discarding request
02-27 14:19:21.652 D/dalvikvm(13245): Compiler shutdown in progress - discarding request
02-27 14:19:21.652 D/dalvikvm(13245): Compiler shutdown in progress - discarding request
02-27 14:19:21.652 D/dalvikvm(13245): Compiler shutdown in progress - discarding request
02-27 14:19:21.652 D/dalvikvm(13245): Compiler shutdown in progress - discarding request
02-27 14:19:21.652 D/dalvikvm(13245): Compiler shutdown in progress - discarding request
02-27 14:19:21.652 D/dalvikvm(13245): Compiler shutdown in progress - discarding request
02-27 14:19:21.652 D/dalvikvm(13245): Compiler shutdown in progress - discarding request
02-27 14:19:21.652 D/dalvikvm(13245): Compiler shutdown in progress - discarding request
02-27 14:19:21.652 D/dalvikvm(13245): Compiler shutdown in progress - discarding request
02-27 14:19:21.652 D/dalvikvm(13245): Compiler shutdown in progress - discarding request
02-27 14:19:21.652 D/dalvikvm(13245): Compiler shutdown in progress - discarding request
02-27 14:19:21.652 D/dalvikvm(13245): Compiler shutdown in progress - discarding request
02-27 14:19:21.652 D/dalvikvm(13245): Compiler shutdown in progress - discarding request
02-27 14:19:21.652 D/dalvikvm(13245): Compiler shutdown in progress - discarding request
02-27 14:19:21.652 D/dalvikvm(13245): Compiler shutdown in progress - discarding request
02-27 14:19:21.652 D/dalvikvm(13245): Compiler shutdown in progress - discarding request
02-27 14:19:21.652 D/dalvikvm(13245): Compiler shutdown in progress - discarding request
02-27 14:19:21.652 D/dalvikvm(13245): Compiler shutdown in progress - discarding request
02-27 14:19:21.652 D/dalvikvm(13245): Compiler shutdown in progress - discarding request
02-27 14:19:21.652 D/dalvikvm(13245): Compiler shutdown in progress - discarding request
02-27 14:19:21.652 D/dalvikvm(13245): Compiler shutdown in progress - discarding request
02-27 14:19:21.652 D/dalvikvm(13245): Compiler shutdown in progress - discarding request
02-27 14:19:21.652 D/dalvikvm(13245): Compiler shutdown in progress - discarding request
02-27 14:19:21.652 D/dalvikvm(13245): Compiler shutdown in progress - discarding request
02-27 14:19:21.652 D/dalvikvm(13245): Compiler shutdown in progress - discarding request
02-27 14:19:21.652 D/dalvikvm(13245): Compiler shutdown in progress - discarding request
02-27 14:19:21.652 D/dalvikvm(13245): Compiler shutdown in progress - discarding request
02-27 14:19:21.652 D/dalvikvm(13245): Compiler shutdown in progress - discarding request
02-27 14:19:21.652 D/dalvikvm(13245): Compiler shutdown in progress - discarding request
02-27 14:19:21.652 D/dalvikvm(13245): Compiler shutdown in progress - discarding request
02-27 14:19:21.652 D/dalvikvm(13245): Compiler shutdown in progress - discarding request
02-27 14:19:21.652 D/dalvikvm(13245): Compiler shutdown in progress - discarding request
02-27 14:19:21.652 D/dalvikvm(13245): Compiler shutdown in progress - discarding request
02-27 14:19:21.652 D/dalvikvm(13245): Compiler shutdown in progress - discarding request
02-27 14:19:21.652 D/dalvikvm(13245): Compiler shutdown in progress - discarding request
02-27 14:19:21.652 D/dalvikvm(13245): Compiler shutdown in progress - discarding request
02-27 14:19:21.652 D/dalvikvm(13245): Compiler shutdown in progress - discarding request
02-27 14:19:21.652 D/dalvikvm(13245): Compiler shutdown in progress - discarding request
02-27 14:19:21.652 D/dalvikvm(13245): Compiler shutdown in progress - discarding request
02-27 14:19:21.662 D/dalvikvm(13256): Process 13256 nice name: org.xwalk.webapi_service_tests
02-27 14:19:21.662 D/dalvikvm(13256): Extra Options: not specified
02-27 14:19:21.662 I/ActivityManager(  505): Start proc org.xwalk.webapi_service_tests for activity org.xwalk.webapi_service_tests/.WebapiServiceTestsActivity: pid=13256 uid=10093 gids={50093, 3003, 1028, 1015}
02-27 14:19:21.672 D/WindowManager(  505): adjustConfigurationLw, config:{1.0 ?mcc?mnc ?locale ?layoutDir sw600dp w961dp h528dp 213dpi lrg land ?uimode ?night finger -keyb/v/h -nav/v} mLidState:1 mHasDockFeature:false mHasKeyboardFeature:false mHasHallSensorFeature:true config.hardKeyboardHidden:2
02-27 14:19:21.672 I/ActivityManager(  505): [TopPkgCurBat]	NowPkgName[org.xwalk.webapi_service_tests]	Battery[35]	TimeTick[1425017961685]	OldPkgName[com.asus.launcher]
02-27 14:19:21.682 D/        (  674): Surface destroy: ANDROID_NATIVE_WINDOW_MAGIC
02-27 14:19:21.692 D/dalvikvm(13256): Trying to load lib /data/app-lib/org.xwalk.webapi_service_tests-1/libxwalkcore.so 0x43d80150
02-27 14:19:21.712 D/dalvikvm(13256): Added shared lib /data/app-lib/org.xwalk.webapi_service_tests-1/libxwalkcore.so 0x43d80150
02-27 14:19:21.712 I/LibraryLoader(13256): Time to load native libraries: 22 ms (timestamps 7954-7976)
02-27 14:19:21.712 I/LibraryLoader(13256): Expected native library version number "",actual native library version number ""
02-27 14:19:21.742 I/LibraryLoader(13256): Expected native library version number "",actual native library version number ""
02-27 14:19:21.742 I/chromium(13256): [INFO:library_loader_hooks.cc(112)] Chromium logging enabled: level = 0, default verbosity = 0
02-27 14:19:21.752 I/BrowserStartupController(13256): Initializing chromium process, singleProcess=true
02-27 14:19:21.802 W/AudioManagerAndroid(13256): Requires BLUETOOTH permission
02-27 14:19:21.802 I/ufoGralloc(13256): Hello, this is UFO GRALLOC/Intel Corporation
02-27 14:19:21.812 D/        (13256): Pixel Format : GGL_PIXEL_FORMAT_RGBA_8888
02-27 14:19:21.812 D/        (13256): droid_create_context : config id = 1 conf->NativeVisualID=1
02-27 14:19:21.812 D/        (13256): Pixel Format : GGL_PIXEL_FORMAT_RGBA_8888
02-27 14:19:21.812 I/        (13256): Requested context : GLES 2.0
02-27 14:19:21.832 W/chromium(13256): [WARNING:proxy_service.cc(899)] PAC support disabled because there is no system implementation
02-27 14:19:21.842 W/dalvikvm(13256): VFY: unable to find class referenced in signature (Landroid/view/inputmethod/CursorAnchorInfo;)
02-27 14:19:21.842 I/dalvikvm(13256): Could not find method android.view.inputmethod.InputMethodManager.updateCursorAnchorInfo, referenced from method org.chromium.content.browser.input.InputMethodManagerWrapper.updateCursorAnchorInfo
02-27 14:19:21.842 W/dalvikvm(13256): VFY: unable to resolve virtual method 1241: Landroid/view/inputmethod/InputMethodManager;.updateCursorAnchorInfo (Landroid/view/View;Landroid/view/inputmethod/CursorAnchorInfo;)V
02-27 14:19:21.842 D/dalvikvm(13256): VFY: replacing opcode 0x6e at 0x000a
02-27 14:19:21.882 E/cutils  (  163): Failed to mkdirat(/Removable/MicroSD): Read-only file system
02-27 14:19:21.882 W/ContextImpl(13256): Failed to ensure directory: /Removable/MicroSD/Android/data/org.xwalk.webapi_service_tests/cache
02-27 14:19:21.882 W/XWalkExtensionManager(13256): Failed to read extensions-config.json
02-27 14:19:21.882 E/chromium(13256): [ERROR:unix_domain_server_socket_posix.cc(106)] Not implemented reached in virtual int net::UnixDomainServerSocket::GetLocalAddress(net::IPEndPoint*) const
02-27 14:19:21.882 W/Vold    (  163): Returning OperationFailed - no handler for errno 30
02-27 14:19:21.892 I/dalvikvm(13256): Could not find method android.app.Activity.finishAndRemoveTask, referenced from method org.chromium.base.ApiCompatibilityUtils.finishAndRemoveTask
02-27 14:19:21.892 W/dalvikvm(13256): VFY: unable to resolve virtual method 4: Landroid/app/Activity;.finishAndRemoveTask ()V
02-27 14:19:21.892 D/dalvikvm(13256): VFY: replacing opcode 0x6e at 0x0006
02-27 14:19:21.892 I/dalvikvm(13256): Could not find method android.os.PowerManager.isInteractive, referenced from method org.chromium.base.ApiCompatibilityUtils.isInteractive
02-27 14:19:21.892 W/dalvikvm(13256): VFY: unable to resolve virtual method 768: Landroid/os/PowerManager;.isInteractive ()Z
02-27 14:19:21.892 D/dalvikvm(13256): VFY: replacing opcode 0x6e at 0x000e
02-27 14:19:21.892 I/dalvikvm(13256): Could not find method android.view.Window.getNavigationBarColor, referenced from method org.chromium.base.ApiCompatibilityUtils.setStatusBarColor
02-27 14:19:21.892 W/dalvikvm(13256): VFY: unable to resolve virtual method 1144: Landroid/view/Window;.getNavigationBarColor ()I
02-27 14:19:21.892 D/dalvikvm(13256): VFY: replacing opcode 0x6e at 0x0010
02-27 14:19:21.892 I/dalvikvm(13256): Could not find method android.view.Window.setStatusBarColor, referenced from method org.chromium.base.ApiCompatibilityUtils.setStatusBarColor
02-27 14:19:21.892 W/dalvikvm(13256): VFY: unable to resolve virtual method 1149: Landroid/view/Window;.setStatusBarColor (I)V
02-27 14:19:21.892 D/dalvikvm(13256): VFY: replacing opcode 0x6e at 0x0019
02-27 14:19:21.892 E/dalvikvm(13256): Could not find class 'android.app.ActivityManager$TaskDescription', referenced from method org.chromium.base.ApiCompatibilityUtils.setTaskDescription
02-27 14:19:21.892 W/dalvikvm(13256): VFY: unable to resolve new-instance 11 (Landroid/app/ActivityManager$TaskDescription;) in Lorg/chromium/base/ApiCompatibilityUtils;
02-27 14:19:21.892 D/dalvikvm(13256): VFY: replacing opcode 0x22 at 0x0006
02-27 14:19:21.892 D/dalvikvm(13256): DexOpt: unable to opt direct call 0x001e at 0x08 in Lorg/chromium/base/ApiCompatibilityUtils;.setTaskDescription
02-27 14:19:21.892 I/chromium(13256): [INFO:xwalk_extension_renderer_controller.cc(47)] EXTENSION PROCESS DISABLED.
02-27 14:19:21.932 D/        (13256): Pixel Format : GGL_PIXEL_FORMAT_RGBA_8888
02-27 14:19:21.932 D/        (13256): droid_create_context : config id = 1 conf->NativeVisualID=1
02-27 14:19:21.932 D/        (13256): Pixel Format : GGL_PIXEL_FORMAT_RGBA_8888
02-27 14:19:21.932 I/        (13256): Requested context : GLES 2.0
02-27 14:19:21.952 D/        (13256): droid_create_context : config id = 5 conf->NativeVisualID=1
02-27 14:19:21.952 D/        (13256): Pixel Format : GGL_PIXEL_FORMAT_RGBA_8888
02-27 14:19:21.952 I/        (13256): Requested context : GLES 2.0
02-27 14:19:21.962 D/        (13256): Pixel Format : GGL_PIXEL_FORMAT_RGBA_8888
02-27 14:19:21.972 D/OpenGLRenderer(13256): Enabling debug mode 0
02-27 14:19:22.022 D/ImageWallpaper(  569): onVisibilityChanged: mVisible, visible=true, false
02-27 14:19:22.022 D/ImageWallpaper(  569): Visibility changed to visible=false
02-27 14:19:22.022 D/ImageWallpaper(  569): Suppressed drawFrame since redraw is not needed and offsets have not changed.
02-27 14:19:22.042 W/BindingManager(13256): Cannot call determinedVisibility() - never saw a connection for the pid: 13256
02-27 14:19:22.042 D/        (13256): Pixel Format : GGL_PIXEL_FORMAT_RGBA_8888
02-27 14:19:22.042 D/        (13256): droid_create_context : config id = 1 conf->NativeVisualID=1
02-27 14:19:22.042 D/        (13256): Pixel Format : GGL_PIXEL_FORMAT_RGBA_8888
02-27 14:19:22.042 I/        (13256): Requested context : GLES 2.0
02-27 14:19:22.052 D/XT9IME  (  725): new subtype :zh_CN ,pinyin
02-27 14:19:22.052 I/ActivityManager(  505): Displayed org.xwalk.webapi_service_tests/.WebapiServiceTestsActivity: +411ms (total +1m44s664ms)
02-27 14:19:22.062 D/        (13256): Swap interval set to = 1 value
02-27 14:19:22.072 D/BatteryStatsImpl(  505): noteStopWakeLocked system isFromForeground = false
02-27 14:19:22.242 I/chromium(13256): [INFO:CONSOLE(0)] "Synchronous XMLHttpRequest on the main thread is deprecated because of its detrimental effects to the end user's experience. For more help, check http://xhr.spec.whatwg.org/.", source:  (0)
02-27 14:19:22.312 D/        (13256): Pixel Format : GGL_PIXEL_FORMAT_RGBA_8888
02-27 14:19:22.312 D/        (13256): droid_create_context : config id = 1 conf->NativeVisualID=1
02-27 14:19:22.312 D/        (13256): Pixel Format : GGL_PIXEL_FORMAT_RGBA_8888
02-27 14:19:22.312 I/        (13256): Requested context : GLES 2.0
02-27 14:19:22.462 I/WifiHW  (  505): CMD: IFNAME=wlan0 SIGNAL_POLL
02-27 14:19:22.462 D/wpa_supplicant(  711): RX ctrl_iface - hexdump(len=11): 53 49 47 4e 41 4c 5f 50 4f 4c 4c
02-27 14:19:22.462 D/wpa_supplicant(  711): wlan0: Control interface command 'SIGNAL_POLL'
02-27 14:19:22.482 D/wpa_supplicant(  711): nl80211: survey data missing!
02-27 14:19:22.482 I/WifiHW  (  505): REPLY: RSSI=-53
02-27 14:19:22.482 I/WifiHW  (  505): REPLY: LINKSPEED=58
02-27 14:19:22.482 I/WifiHW  (  505): REPLY: NOISE=9999
02-27 14:19:22.482 I/WifiHW  (  505): REPLY: FREQUENCY=2437
02-27 14:19:23.552 I/chromium(13256): [INFO:CONSOLE(15)] "WebSocket connection to 'ws://127.0.0.1/ws/echo' failed: Error in connection establishment: net::ERR_CONNECTION_REFUSED", source: http://127.0.0.1:8080/opt/tct-websocket-w3c-tests/websocket/w3c/unload-a-document/001-1.html (15)
02-27 14:19:24.172 W/BindingManager(13256): Cannot call determinedVisibility() - never saw a connection for the pid: 13256
02-27 14:19:24.272 I/chromium(13256): [INFO:CONSOLE(9)] "WebSocket connection to 'ws://127.0.0.1/' failed: Error in connection establishment: net::ERR_CONNECTION_REFUSED", source: http://127.0.0.1:8080/opt/tct-websocket-w3c-tests/websocket/w3c/interfaces/WebSocket/url/002.html (9)
02-27 14:19:24.382 I/chromium(13256): [INFO:CONSOLE(9)] "WebSocket connection to 'ws://127.0.0.1/' failed: Error in connection establishment: net::ERR_CONNECTION_REFUSED", source: http://127.0.0.1:8080/opt/tct-websocket-w3c-tests/websocket/w3c/interfaces/WebSocket/url/003.html (9)
02-27 14:19:24.922 I/chromium(13256): [INFO:CONSOLE(9)] "WebSocket connection to 'ws://foo%20bar.com/' failed: Error in connection establishment: net::ERR_NAME_NOT_RESOLVED", source: http://127.0.0.1:8080/opt/tct-websocket-w3c-tests/websocket/w3c/002.html (9)
02-27 14:19:24.922 I/chromium(13256): [INFO:CONSOLE(10)] "WebSocket connection to 'wss://foo%20bar.com/' failed: Error in connection establishment: net::ERR_NAME_NOT_RESOLVED", source: http://127.0.0.1:8080/opt/tct-websocket-w3c-tests/websocket/w3c/002.html (10)
02-27 14:19:25.492 I/WifiHW  (  505): CMD: IFNAME=wlan0 SIGNAL_POLL
02-27 14:19:25.492 D/wpa_supplicant(  711): RX ctrl_iface - hexdump(len=11): 53 49 47 4e 41 4c 5f 50 4f 4c 4c
02-27 14:19:25.492 D/wpa_supplicant(  711): wlan0: Control interface command 'SIGNAL_POLL'
02-27 14:19:25.512 D/wpa_supplicant(  711): nl80211: survey data missing!
02-27 14:19:25.512 I/WifiHW  (  505): REPLY: RSSI=-54
02-27 14:19:25.512 I/WifiHW  (  505): REPLY: LINKSPEED=58
02-27 14:19:25.512 I/WifiHW  (  505): REPLY: NOISE=9999
02-27 14:19:25.512 I/WifiHW  (  505): REPLY: FREQUENCY=2437
02-27 14:19:26.082 W/chromium(13256): [WARNING:openssl_ssl_util.cc(152)] Unmapped error reason: 165
02-27 14:19:26.082 E/chromium(13256): [ERROR:ssl_client_socket_openssl.cc(1071)] handshake failed; returned -1, SSL error code 1, net_error -107
02-27 14:19:26.512 W/BindingManager(13256): Cannot call determinedVisibility() - never saw a connection for the pid: 13256
02-27 14:19:28.522 I/WifiHW  (  505): CMD: IFNAME=wlan0 SIGNAL_POLL
02-27 14:19:28.522 D/wpa_supplicant(  711): RX ctrl_iface - hexdump(len=11): 53 49 47 4e 41 4c 5f 50 4f 4c 4c
02-27 14:19:28.522 D/wpa_supplicant(  711): wlan0: Control interface command 'SIGNAL_POLL'
02-27 14:19:28.542 D/wpa_supplicant(  711): nl80211: survey data missing!
02-27 14:19:28.542 I/WifiHW  (  505): REPLY: RSSI=-59
02-27 14:19:28.542 I/WifiHW  (  505): REPLY: LINKSPEED=58
02-27 14:19:28.542 I/WifiHW  (  505): REPLY: NOISE=9999
02-27 14:19:28.542 I/WifiHW  (  505): REPLY: FREQUENCY=2437
02-27 14:19:29.672 W/BindingManager(13256): Cannot call determinedVisibility() - never saw a connection for the pid: 13256
02-27 14:19:29.852 I/chromium(13256): [INFO:CONSOLE(11)] "WebSocket connection to 'ws://127.0.0.1/ws/echo' failed: Error in connection establishment: net::ERR_CONNECTION_REFUSED", source: http://127.0.0.1:8080/opt/tct-websocket-w3c-tests/websocket/w3c/017.html (11)
02-27 14:19:29.852 I/chromium(13256): [INFO:CONSOLE(11)] "WebSocket connection to 'ws://127.0.0.1/ws/echo' failed: Error in connection establishment: net::ERR_CONNECTION_REFUSED", source: http://127.0.0.1:8080/opt/tct-websocket-w3c-tests/websocket/w3c/017.html (11)
02-27 14:19:29.862 I/chromium(13256): [INFO:CONSOLE(11)] "WebSocket connection to 'wss://127.0.0.1/ws/echo' failed: Error in connection establishment: net::ERR_CONNECTION_REFUSED", source: http://127.0.0.1:8080/opt/tct-websocket-w3c-tests/websocket/w3c/017.html (11)
02-27 14:19:29.862 I/chromium(13256): [INFO:CONSOLE(11)] "WebSocket connection to 'wss://127.0.0.1/ws/echo' failed: Error in connection establishment: net::ERR_CONNECTION_REFUSED", source: http://127.0.0.1:8080/opt/tct-websocket-w3c-tests/websocket/w3c/017.html (11)
02-27 14:19:30.542 W/BindingManager(13256): Cannot call determinedVisibility() - never saw a connection for the pid: 13256
02-27 14:19:31.202 W/BindingManager(13256): Cannot call determinedVisibility() - never saw a connection for the pid: 13256
02-27 14:19:31.552 I/WifiHW  (  505): CMD: IFNAME=wlan0 SIGNAL_POLL
02-27 14:19:31.552 D/wpa_supplicant(  711): RX ctrl_iface - hexdump(len=11): 53 49 47 4e 41 4c 5f 50 4f 4c 4c
02-27 14:19:31.552 D/wpa_supplicant(  711): wlan0: Control interface command 'SIGNAL_POLL'
02-27 14:19:31.582 D/wpa_supplicant(  711): nl80211: survey data missing!
02-27 14:19:31.582 I/WifiHW  (  505): REPLY: RSSI=-56
02-27 14:19:31.582 I/WifiHW  (  505): REPLY: LINKSPEED=58
02-27 14:19:31.582 I/WifiHW  (  505): REPLY: NOISE=9999
02-27 14:19:31.582 I/WifiHW  (  505): REPLY: FREQUENCY=2437
02-27 14:19:32.002 W/BindingManager(13256): Cannot call determinedVisibility() - never saw a connection for the pid: 13256
02-27 14:19:32.042 I/chromium(13256): [INFO:CONSOLE(0)] "WebSocket is already in CLOSING or CLOSED state.", source: http://127.0.0.1:8080/opt/tct-websocket-w3c-tests/websocket/websocket_WebSocket_bufferedAmount_increase_each_call.html (0)
02-27 14:19:32.042 I/chromium(13256): [INFO:CONSOLE(0)] "WebSocket is already in CLOSING or CLOSED state.", source: http://127.0.0.1:8080/opt/tct-websocket-w3c-tests/websocket/websocket_WebSocket_bufferedAmount_increase_each_call.html (0)
02-27 14:19:32.042 I/chromium(13256): [INFO:CONSOLE(0)] "WebSocket is already in CLOSING or CLOSED state.", source: http://127.0.0.1:8080/opt/tct-websocket-w3c-tests/websocket/websocket_WebSocket_bufferedAmount_increase_each_call.html (0)
02-27 14:19:32.042 I/chromium(13256): [INFO:CONSOLE(0)] "WebSocket is already in CLOSING or CLOSED state.", source: http://127.0.0.1:8080/opt/tct-websocket-w3c-tests/websocket/websocket_WebSocket_bufferedAmount_increase_each_call.html (0)
02-27 14:19:32.652 W/BindingManager(13256): Cannot call determinedVisibility() - never saw a connection for the pid: 13256
02-27 14:19:33.392 W/BindingManager(13256): Cannot call determinedVisibility() - never saw a connection for the pid: 13256
02-27 14:19:34.492 W/ufoGralloc(  171): registerBuffer() handle 0xb8f9e180/72 didn't require registration
02-27 14:19:34.522 D/WindowManager(  505): adjustConfigurationLw, config:{1.0 ?mcc?mnc ?locale ?layoutDir sw600dp w961dp h528dp 213dpi lrg land ?uimode ?night finger -keyb/v/h -nav/v} mLidState:1 mHasDockFeature:false mHasKeyboardFeature:false mHasHallSensorFeature:true config.hardKeyboardHidden:2
02-27 14:19:34.522 I/ActivityManager(  505): [TopPkgCurBat]	NowPkgName[com.asus.launcher]	Battery[35]	TimeTick[1425017974532]	OldPkgName[org.xwalk.webapi_service_tests]
02-27 14:19:34.542 V/WeatherTimeProvider( 1093): widget on Visibility Changed
02-27 14:19:34.552 D/        (  674): Pixel Format : GGL_PIXEL_FORMAT_RGBA_8888
02-27 14:19:34.552 W/IInputConnectionWrapper(13256): showStatusIcon on inactive InputConnection
02-27 14:19:34.562 D/XT9IME  (  725): new subtype :zh_CN ,pinyin
02-27 14:19:34.582 D/BatteryStatsImpl(  505): noteStopWakeLocked system isFromForeground = false
02-27 14:19:34.582 D/ImageWallpaper(  569): onVisibilityChanged: mVisible, visible=false, true
02-27 14:19:34.582 D/ImageWallpaper(  569): Visibility changed to visible=true
02-27 14:19:34.582 D/ImageWallpaper(  569): Suppressed drawFrame since redraw is not needed and offsets have not changed.
02-27 14:19:34.592 I/WifiHW  (  505): CMD: IFNAME=wlan0 SIGNAL_POLL
02-27 14:19:34.592 D/wpa_supplicant(  711): RX ctrl_iface - hexdump(len=11): 53 49 47 4e 41 4c 5f 50 4f 4c 4c
02-27 14:19:34.592 D/wpa_supplicant(  711): wlan0: Control interface command 'SIGNAL_POLL'
02-27 14:19:34.602 D/        (13256): Surface destroy: ANDROID_NATIVE_WINDOW_MAGIC
02-27 14:19:34.602 D/        (13256): Surface destroy: ANDROID_NATIVE_WINDOW_MAGIC
02-27 14:19:34.612 D/wpa_supplicant(  711): nl80211: survey data missing!
02-27 14:19:34.612 I/WifiHW  (  505): REPLY: RSSI=-54
02-27 14:19:34.612 I/WifiHW  (  505): REPLY: LINKSPEED=58
02-27 14:19:34.612 I/WifiHW  (  505): REPLY: NOISE=9999
02-27 14:19:34.612 I/WifiHW  (  505): REPLY: FREQUENCY=2437
02-27 14:19:35.012 D/        (13256): Pixel Format : GGL_PIXEL_FORMAT_RGBA_8888
02-27 14:19:35.012 W/SurfaceFlinger(  171): couldn't log to binary event log: overflow.
02-27 14:19:35.032 W/ScreenOrientationListener(13256): Removing an inexistent observer!
02-27 14:19:36.162 D/AndroidRuntime(13428): 
02-27 14:19:36.162 D/AndroidRuntime(13428): >>>>>> AndroidRuntime START com.android.internal.os.RuntimeInit <<<<<<
02-27 14:19:36.162 D/AndroidRuntime(13428): CheckJNI is OFF
02-27 14:19:36.162 I/AndroidRuntime(13428): Kernel Release Version: 3.10.20-gf818079
02-27 14:19:36.162 I/dalvikvm(13428): No library specified. The standard exception handler will be used
02-27 14:19:36.162 I/dalvikvm(13428): 
02-27 14:19:36.162 I/dalvikvm(13428): +++++++++++++ Using PCG. +++++++++++++++++++++
02-27 14:19:36.172 D/dalvikvm(13428): Trying to load lib libjavacore.so 0x0
02-27 14:19:36.172 D/dalvikvm(13428): Added shared lib libjavacore.so 0x0
02-27 14:19:36.182 D/dalvikvm(13428): Trying to load lib libnativehelper.so 0x0
02-27 14:19:36.182 D/dalvikvm(13428): Added shared lib libnativehelper.so 0x0
02-27 14:19:36.182 D/dalvikvm(13428): No JNI_OnLoad found in libnativehelper.so 0x0, skipping init
02-27 14:19:36.182 D/dalvikvm(13428): Extra Options: not specified
02-27 14:19:36.192 D/dalvikvm(13428): Note: class Landroid/app/ActivityManagerNative; has 186 unimplemented (abstract) methods
02-27 14:19:36.272 E/memtrack(13428): Couldn't load memtrack module (No such file or directory)
02-27 14:19:36.272 E/android.os.Debug(13428): failed to load memtrack module: -2
02-27 14:19:36.302 D/AndroidRuntime(13428): Calling main entry com.android.commands.am.Am
02-27 14:19:36.322 I/ActivityManager(  505): Force stopping org.xwalk.webapi_service_tests appid=10093 user=0: from pid 13428
02-27 14:19:36.322 I/SecurityManagerService(  600): SMS received security event: App[STOP/org.xwalk.webapi_service_tests]
02-27 14:19:36.322 D/AndroidRuntime(13428): Shutting down VM
02-27 14:19:36.322 I/ActivityManager(  505): Killing 13256:org.xwalk.webapi_service_tests/u0a93 (adj 9): stop org.xwalk.webapi_service_tests
02-27 14:19:36.332 D/dalvikvm(13428): GC_CONCURRENT freed 112K, 17% free 634K/760K, paused 0ms+0ms, total 1ms
02-27 14:19:36.332 D/dalvikvm(13428): Compiler shutdown in progress - discarding request
02-27 14:19:36.332 D/dalvikvm(13428): Compiler shutdown in progress - discarding request
02-27 14:19:36.332 D/dalvikvm(13428): Compiler shutdown in progress - discarding request
02-27 14:19:36.332 D/dalvikvm(13428): Compiler shutdown in progress - discarding request
02-27 14:19:36.332 D/dalvikvm(13428): Compiler shutdown in progress - discarding request
02-27 14:19:36.332 D/dalvikvm(13428): Compiler shutdown in progress - discarding request
02-27 14:19:36.332 D/dalvikvm(13428): Compiler shutdown in progress - discarding request
02-27 14:19:36.332 D/dalvikvm(13428): Compiler shutdown in progress - discarding request
02-27 14:19:36.332 D/dalvikvm(13428): Compiler shutdown in progress - discarding request
02-27 14:19:36.332 D/dalvikvm(13428): Compiler shutdown in progress - discarding request
02-27 14:19:36.332 D/dalvikvm(13428): Compiler shutdown in progress - discarding request
02-27 14:19:36.332 D/dalvikvm(13428): Compiler shutdown in progress - discarding request
02-27 14:19:36.332 D/dalvikvm(13428): Compiler shutdown in progress - discarding request
02-27 14:19:36.332 D/dalvikvm(13428): Compiler shutdown in progress - discarding request
02-27 14:19:36.332 D/dalvikvm(13428): Compiler shutdown in progress - discarding request
02-27 14:19:36.332 D/dalvikvm(13428): Compiler shutdown in progress - discarding request
02-27 14:19:36.332 D/dalvikvm(13428): Compiler shutdown in progress - discarding request
02-27 14:19:36.332 D/dalvikvm(13428): Compiler shutdown in progress - discarding request
02-27 14:19:36.332 D/dalvikvm(13428): Compiler shutdown in progress - discarding request
02-27 14:19:36.332 D/dalvikvm(13428): Compiler shutdown in progress - discarding request
02-27 14:19:36.332 D/dalvikvm(13428): Compiler shutdown in progress - discarding request
02-27 14:19:36.332 D/dalvikvm(13428): Compiler shutdown in progress - discarding request
02-27 14:19:36.332 D/dalvikvm(13428): Compiler shutdown in progress - discarding request
02-27 14:19:36.332 D/dalvikvm(13428): Compiler shutdown in progress - discarding request
02-27 14:19:36.332 D/dalvikvm(13428): Compiler shutdown in progress - discarding request
02-27 14:19:36.332 D/dalvikvm(13428): Compiler shutdown in progress - discarding request
02-27 14:19:36.332 D/dalvikvm(13428): Compiler shutdown in progress - discarding request
02-27 14:19:36.332 D/dalvikvm(13428): Compiler shutdown in progress - discarding request
02-27 14:19:36.332 D/dalvikvm(13428): Compiler shutdown in progress - discarding request
02-27 14:19:36.332 D/dalvikvm(13428): Compiler shutdown in progress - discarding request
02-27 14:19:36.332 D/dalvikvm(13428): Compiler shutdown in progress - discarding request
02-27 14:19:36.332 D/dalvikvm(13428): Compiler shutdown in progress - discarding request
