02-27 16:41:50.416 W/InputMethodManagerService(  505): 	at com.android.server.ServerThread.initAndLoop(SystemServer.java:1245)
02-27 16:41:50.416 W/InputMethodManagerService(  505): 	at com.android.server.SystemServer.main(SystemServer.java:1349)
02-27 16:41:50.416 W/InputMethodManagerService(  505): 	at java.lang.reflect.Method.invokeNative(Native Method)
02-27 16:41:50.416 W/InputMethodManagerService(  505): 	at java.lang.reflect.Method.invoke(Method.java:515)
02-27 16:41:50.416 W/InputMethodManagerService(  505): 	at com.android.internal.os.ZygoteInit$MethodAndArgsCaller.run(ZygoteInit.java:788)
02-27 16:41:50.416 W/InputMethodManagerService(  505): 	at com.android.internal.os.ZygoteInit.main(ZygoteInit.java:604)
02-27 16:41:50.416 W/InputMethodManagerService(  505): 	at dalvik.system.NativeStart.main(Native Method)
02-27 16:41:50.566 D/EVENT_THREAD(  186): void CEventThread::run() POLLIN event on Fd (1)
02-27 16:41:50.566 D/EVENT_THREAD(  186): void CEventThread::run() Do poll with timeout: -1
02-27 16:41:50.756 D/WindowManager(  505): adjustConfigurationLw, config:{1.0 ?mcc?mnc ?locale ?layoutDir sw600dp w600dp h888dp 213dpi lrg port ?uimode ?night finger -keyb/v/h -nav/v} mLidState:1 mHasDockFeature:false mHasKeyboardFeature:false mHasHallSensorFeature:true config.hardKeyboardHidden:2
02-27 16:41:50.756 W/InputMethodManagerService(  505): Starting input on non-focused client com.android.internal.view.IInputMethodClient$Stub$Proxy@22c39e08 (uid=10085 pid=26409)
02-27 16:41:50.786 I/ActivityManager(  505): [TopPkgCurBat]	NowPkgName[com.asus.launcher]	Battery[19]	TimeTick[1425026510799]	OldPkgName[org.xwalk.webapi_noneservice_tests]
02-27 16:41:51.566 D/AndroidRuntime(26578): 
02-27 16:41:51.566 D/AndroidRuntime(26578): >>>>>> AndroidRuntime START com.android.internal.os.RuntimeInit <<<<<<
02-27 16:41:51.566 D/AndroidRuntime(26578): CheckJNI is OFF
02-27 16:41:51.566 I/AndroidRuntime(26578): Kernel Release Version: 3.10.20-gf818079
02-27 16:41:51.566 I/dalvikvm(26578): No library specified. The standard exception handler will be used
02-27 16:41:51.586 I/dalvikvm(26578): 
02-27 16:41:51.586 I/dalvikvm(26578): +++++++++++++ Using PCG. +++++++++++++++++++++
02-27 16:41:51.686 D/dalvikvm(26578): Trying to load lib libjavacore.so 0x0
02-27 16:41:51.706 D/dalvikvm(26578): Added shared lib libjavacore.so 0x0
02-27 16:41:51.786 D/dalvikvm(26578): Trying to load lib libnativehelper.so 0x0
02-27 16:41:51.786 D/dalvikvm(26578): Added shared lib libnativehelper.so 0x0
02-27 16:41:51.786 D/dalvikvm(26578): No JNI_OnLoad found in libnativehelper.so 0x0, skipping init
02-27 16:41:51.846 D/dalvikvm(26578): Extra Options: not specified
02-27 16:41:51.946 D/dalvikvm(26578): Note: class Landroid/app/ActivityManagerNative; has 186 unimplemented (abstract) methods
02-27 16:41:52.006 D/LauncherLog(26580): LauncherProvier - getDatabase: launcher.db
02-27 16:41:52.066 D/LauncherLog(26580): LauncherApplication onCteate - screenSize : 3
02-27 16:41:52.136 D/LauncherLog(26580): LauncherModel changeWorkThread - set sWorker : sPADWorkerThread
02-27 16:41:52.156 V/Launcher(26580): LauncherAppState inited
02-27 16:41:52.436 V/Launcher.Utilities(26580): isPhone= false
02-27 16:41:52.496 E/memtrack(26578): Couldn't load memtrack module (No such file or directory)
02-27 16:41:52.496 E/android.os.Debug(26578): failed to load memtrack module: -2
02-27 16:41:52.736 I/dalvikvm(26578): Total arena pages for JIT: 11
02-27 16:41:52.736 D/AndroidRuntime(26578): Calling main entry com.android.commands.am.Am
02-27 16:41:52.736 I/dalvikvm(26578): Total arena pages for JIT: 12
02-27 16:41:52.736 I/dalvikvm(26578): Total arena pages for JIT: 13
02-27 16:41:52.736 I/dalvikvm(26578): Total arena pages for JIT: 14
02-27 16:41:52.736 I/dalvikvm(26578): Total arena pages for JIT: 15
02-27 16:41:52.836 I/ActivityManager(  505): Force stopping org.xwalk.webapi_noneservice_tests appid=10085 user=0: from pid 26578
02-27 16:41:52.836 I/ActivityManager(  505): Killing 26409:org.xwalk.webapi_noneservice_tests/u0a85 (adj 1): stop org.xwalk.webapi_noneservice_tests
02-27 16:41:52.866 I/SecurityManagerService(  600): SMS received security event: App[STOP/org.xwalk.webapi_noneservice_tests]
02-27 16:41:52.876 D/AndroidRuntime(26578): Shutting down VM
02-27 16:41:52.896 D/dalvikvm(26578): GC_CONCURRENT freed 112K, 16% free 666K/792K, paused 0ms+0ms, total 27ms
02-27 16:41:52.906 D/dalvikvm(26578): Compiler shutdown in progress - discarding request
02-27 16:41:52.906 D/dalvikvm(26578): Compiler shutdown in progress - discarding request
02-27 16:41:52.906 D/dalvikvm(26578): Compiler shutdown in progress - discarding request
02-27 16:41:52.906 D/dalvikvm(26578): Compiler shutdown in progress - discarding request
02-27 16:41:52.906 D/dalvikvm(26578): Compiler shutdown in progress - discarding request
02-27 16:41:52.906 D/dalvikvm(26578): Compiler shutdown in progress - discarding request
02-27 16:41:52.906 D/dalvikvm(26578): Compiler shutdown in progress - discarding request
02-27 16:41:52.906 D/dalvikvm(26578): Compiler shutdown in progress - discarding request
02-27 16:41:52.906 D/dalvikvm(26578): Compiler shutdown in progress - discarding request
02-27 16:41:52.906 D/dalvikvm(26578): Compiler shutdown in progress - discarding request
02-27 16:41:52.916 I/WindowState(  505): WIN DEATH: Window{2210d380 u0 org.xwalk.webapi_noneservice_tests/org.xwalk.webapi_noneservice_tests.WebapiNoneserviceTestsActivity}
02-27 16:41:52.916 I/WindowState(  505): WIN DEATH: Window{22118d70 u0 SurfaceView}
02-27 16:41:52.966 D/LauncherLog(26580): Launcher onCreate - smallestSize.x : 800 , smallestSize.y : 703 , largestSize.x : 1280 , largestSize.y : 1183
02-27 16:41:52.966 D/LauncherLog(26580): Launcher onCreate - realSize.x : 800 , realSize.y : 1280 ,  dm.widthPixels : 800 , dm.heightPixels : 1216
02-27 16:41:52.966 D/LauncherLog(26580): Launcher onCreate - ScreenDensity : 1.3312501 , ScreenDensityDpi : 213
02-27 16:41:53.016 W/Launcher(26580): setApplicationContext called twice! old=com.android.launcher3.LauncherApplication@21ec25c0 new=com.android.launcher3.LauncherApplication@21ec25c0
02-27 16:41:53.026 V/Launcher.Utilities(26580): isPhone= false
02-27 16:41:53.076 I/WifiHW  (  505): CMD: IFNAME=wlan0 SIGNAL_POLL
02-27 16:41:53.086 D/wpa_supplicant(  711): RX ctrl_iface - hexdump(len=11): 53 49 47 4e 41 4c 5f 50 4f 4c 4c
02-27 16:41:53.086 D/wpa_supplicant(  711): wlan0: Control interface command 'SIGNAL_POLL'
02-27 16:41:53.116 D/wpa_supplicant(  711): nl80211: survey data missing!
02-27 16:41:53.116 I/WifiHW  (  505): REPLY: RSSI=-60
02-27 16:41:53.116 I/WifiHW  (  505): REPLY: LINKSPEED=39
02-27 16:41:53.116 I/WifiHW  (  505): REPLY: NOISE=9999
02-27 16:41:53.116 I/WifiHW  (  505): REPLY: FREQUENCY=2437
02-27 16:41:53.136 V/WallpaperService(  505): setDimensionHints
02-27 16:41:53.246 E/AppsCustomizePagedView(26580): Widget ComponentInfo{com.asus.contacts/com.android.contacts.miniwidget.ContactsWidget} has invalid dimensions (0, 0)
02-27 16:41:53.246 E/AppsCustomizePagedView(26580): Widget ComponentInfo{com.asus.calendar/com.android.calendar.widget2.CalendarAppWidgetPadProvider} has invalid dimensions (0, 0)
02-27 16:41:53.256 D/LauncherLog(26580): loadDefaultFavoritesIfNecessary : false , EMPTY_DATABASE_CREATED , frome launcher.db
02-27 16:41:53.256 D/WindowManager(  505): adjustConfigurationLw, config:{1.0 ?mcc?mnc ?locale ?layoutDir sw600dp w600dp h888dp 213dpi lrg port ?uimode ?night finger -keyb/v/h -nav/v} mLidState:1 mHasDockFeature:false mHasKeyboardFeature:false mHasHallSensorFeature:true config.hardKeyboardHidden:2
02-27 16:41:53.256 D/LauncherLog(26580): LauncherModel loadWorkspace - loadedOldDb : false
--------- beginning of /dev/log/main
02-27 16:41:54.896 D/dalvikvm(26580): GC_CONCURRENT freed 2460K, 21% free 9555K/12060K, paused 1ms+2ms, total 6ms
02-27 16:41:54.926 D/Launcher(26580): bindAppsUpdated start
02-27 16:41:54.936 D/Launcher(26580): bindAppsUpdated finished
02-27 16:41:56.126 I/WifiHW  (  505): CMD: IFNAME=wlan0 SIGNAL_POLL
02-27 16:41:56.126 D/wpa_supplicant(  711): RX ctrl_iface - hexdump(len=11): 53 49 47 4e 41 4c 5f 50 4f 4c 4c
02-27 16:41:56.126 D/wpa_supplicant(  711): wlan0: Control interface command 'SIGNAL_POLL'
02-27 16:41:56.156 D/wpa_supplicant(  711): nl80211: survey data missing!
02-27 16:41:56.156 I/WifiHW  (  505): REPLY: RSSI=-52
02-27 16:41:56.156 I/WifiHW  (  505): REPLY: LINKSPEED=39
02-27 16:41:56.156 I/WifiHW  (  505): REPLY: NOISE=9999
02-27 16:41:56.156 I/WifiHW  (  505): REPLY: FREQUENCY=2437
02-27 16:41:56.336 D/AndroidRuntime(26644): 
02-27 16:41:56.336 D/AndroidRuntime(26644): >>>>>> AndroidRuntime START com.android.internal.os.RuntimeInit <<<<<<
02-27 16:41:56.336 D/AndroidRuntime(26644): CheckJNI is OFF
02-27 16:41:56.336 I/AndroidRuntime(26644): Kernel Release Version: 3.10.20-gf818079
02-27 16:41:56.336 I/dalvikvm(26644): No library specified. The standard exception handler will be used
02-27 16:41:56.356 I/dalvikvm(26644): 
02-27 16:41:56.356 I/dalvikvm(26644): +++++++++++++ Using PCG. +++++++++++++++++++++
02-27 16:41:56.416 D/dalvikvm(26644): Trying to load lib libjavacore.so 0x0
02-27 16:41:56.416 D/dalvikvm(26644): Added shared lib libjavacore.so 0x0
02-27 16:41:56.426 D/dalvikvm(26644): Trying to load lib libnativehelper.so 0x0
02-27 16:41:56.426 D/dalvikvm(26644): Added shared lib libnativehelper.so 0x0
02-27 16:41:56.426 D/dalvikvm(26644): No JNI_OnLoad found in libnativehelper.so 0x0, skipping init
02-27 16:41:56.436 D/dalvikvm(26644): Extra Options: not specified
02-27 16:41:56.446 D/dalvikvm(26644): Note: class Landroid/app/ActivityManagerNative; has 186 unimplemented (abstract) methods
02-27 16:41:56.526 E/memtrack(26644): Couldn't load memtrack module (No such file or directory)
02-27 16:41:56.526 E/android.os.Debug(26644): failed to load memtrack module: -2
02-27 16:41:56.556 D/AndroidRuntime(26644): Calling main entry com.android.commands.am.Am
02-27 16:41:56.586 D/AndroidRuntime(26644): Shutting down VM
02-27 16:41:56.586 D/dalvikvm(26644): GC_CONCURRENT freed 112K, 16% free 666K/792K, paused 0ms+0ms, total 1ms
02-27 16:41:56.586 D/dalvikvm(26644): Compiler shutdown in progress - discarding request
02-27 16:41:56.586 D/dalvikvm(26644): Compiler shutdown in progress - discarding request
02-27 16:41:56.586 D/dalvikvm(26644): Compiler shutdown in progress - discarding request
02-27 16:41:56.586 D/dalvikvm(26644): Compiler shutdown in progress - discarding request
02-27 16:41:56.586 D/dalvikvm(26644): Compiler shutdown in progress - discarding request
02-27 16:41:56.586 D/dalvikvm(26644): Compiler shutdown in progress - discarding request
02-27 16:41:56.586 D/dalvikvm(26644): Compiler shutdown in progress - discarding request
02-27 16:41:56.586 D/dalvikvm(26644): Compiler shutdown in progress - discarding request
02-27 16:41:56.586 D/dalvikvm(26644): Compiler shutdown in progress - discarding request
02-27 16:41:56.586 D/dalvikvm(26644): Compiler shutdown in progress - discarding request
02-27 16:41:56.586 D/dalvikvm(26644): Compiler shutdown in progress - discarding request
02-27 16:41:56.586 D/dalvikvm(26644): Compiler shutdown in progress - discarding request
02-27 16:41:56.586 D/dalvikvm(26644): Compiler shutdown in progress - discarding request
02-27 16:41:56.586 D/dalvikvm(26644): Compiler shutdown in progress - discarding request
02-27 16:41:56.586 D/dalvikvm(26644): Compiler shutdown in progress - discarding request
02-27 16:41:56.586 D/dalvikvm(26644): Compiler shutdown in progress - discarding request
02-27 16:41:56.586 D/dalvikvm(26644): Compiler shutdown in progress - discarding request
02-27 16:41:56.586 D/dalvikvm(26644): Compiler shutdown in progress - discarding request
02-27 16:41:56.586 D/dalvikvm(26644): Compiler shutdown in progress - discarding request
02-27 16:41:56.586 D/dalvikvm(26644): Compiler shutdown in progress - discarding request
02-27 16:41:56.586 D/dalvikvm(26644): Compiler shutdown in progress - discarding request
02-27 16:41:56.586 D/dalvikvm(26644): Compiler shutdown in progress - discarding request
02-27 16:41:56.586 D/dalvikvm(26644): Compiler shutdown in progress - discarding request
02-27 16:41:56.586 D/dalvikvm(26644): Compiler shutdown in progress - discarding request
02-27 16:41:56.586 D/dalvikvm(26644): Compiler shutdown in progress - discarding request
02-27 16:41:56.586 D/dalvikvm(26644): Compiler shutdown in progress - discarding request
02-27 16:41:56.586 D/dalvikvm(26644): Compiler shutdown in progress - discarding request
02-27 16:41:56.586 D/dalvikvm(26644): Compiler shutdown in progress - discarding request
02-27 16:41:56.586 D/dalvikvm(26644): Compiler shutdown in progress - discarding request
02-27 16:41:56.586 D/dalvikvm(26644): Compiler shutdown in progress - discarding request
02-27 16:41:56.586 D/dalvikvm(26644): Compiler shutdown in progress - discarding request
02-27 16:41:56.586 D/dalvikvm(26644): Compiler shutdown in progress - discarding request
02-27 16:41:56.586 D/dalvikvm(26644): Compiler shutdown in progress - discarding request
02-27 16:41:56.586 D/dalvikvm(26644): Compiler shutdown in progress - discarding request
02-27 16:41:56.586 D/dalvikvm(26644): Compiler shutdown in progress - discarding request
02-27 16:41:56.586 D/dalvikvm(26644): Compiler shutdown in progress - discarding request
02-27 16:41:56.586 D/dalvikvm(26644): Compiler shutdown in progress - discarding request
02-27 16:41:56.586 D/dalvikvm(26644): Compiler shutdown in progress - discarding request
02-27 16:41:56.586 D/dalvikvm(26644): Compiler shutdown in progress - discarding request
02-27 16:41:56.586 D/dalvikvm(26644): Compiler shutdown in progress - discarding request
02-27 16:41:56.586 D/dalvikvm(26644): Compiler shutdown in progress - discarding request
02-27 16:41:56.586 D/dalvikvm(26644): Compiler shutdown in progress - discarding request
02-27 16:41:56.586 D/dalvikvm(26644): Compiler shutdown in progress - discarding request
02-27 16:41:56.586 D/dalvikvm(26644): Compiler shutdown in progress - discarding request
02-27 16:41:56.586 D/dalvikvm(26644): Compiler shutdown in progress - discarding request
--------- beginning of /dev/log/system
02-27 16:41:56.586 I/ActivityManager(  505): Force stopping org.xwalk.webapi_noneservice_tests appid=10085 user=0: from pid 26644
02-27 16:41:57.176 D/AndroidRuntime(26655): 
02-27 16:41:57.176 D/AndroidRuntime(26655): >>>>>> AndroidRuntime START com.android.internal.os.RuntimeInit <<<<<<
02-27 16:41:57.176 D/AndroidRuntime(26655): CheckJNI is OFF
02-27 16:41:57.176 I/AndroidRuntime(26655): Kernel Release Version: 3.10.20-gf818079
02-27 16:41:57.176 I/dalvikvm(26655): No library specified. The standard exception handler will be used
02-27 16:41:57.176 I/dalvikvm(26655): 
02-27 16:41:57.176 I/dalvikvm(26655): +++++++++++++ Using PCG. +++++++++++++++++++++
02-27 16:41:57.186 D/dalvikvm(26655): Trying to load lib libjavacore.so 0x0
02-27 16:41:57.186 D/dalvikvm(26655): Added shared lib libjavacore.so 0x0
02-27 16:41:57.186 D/dalvikvm(26655): Trying to load lib libnativehelper.so 0x0
02-27 16:41:57.186 D/dalvikvm(26655): Added shared lib libnativehelper.so 0x0
02-27 16:41:57.186 D/dalvikvm(26655): No JNI_OnLoad found in libnativehelper.so 0x0, skipping init
02-27 16:41:57.196 D/dalvikvm(26655): Extra Options: not specified
02-27 16:41:57.206 D/dalvikvm(26655): Note: class Landroid/app/ActivityManagerNative; has 186 unimplemented (abstract) methods
02-27 16:41:57.276 E/memtrack(26655): Couldn't load memtrack module (No such file or directory)
02-27 16:41:57.276 E/android.os.Debug(26655): failed to load memtrack module: -2
02-27 16:41:57.306 D/AndroidRuntime(26655): Calling main entry com.android.commands.am.Am
02-27 16:41:57.336 D/AndroidRuntime(26655): Shutting down VM
02-27 16:41:57.336 D/dalvikvm(26655): GC_CONCURRENT freed 117K, 16% free 702K/832K, paused 0ms+0ms, total 1ms
02-27 16:41:57.336 D/dalvikvm(26655): Compiler shutdown in progress - discarding request
02-27 16:41:57.336 D/dalvikvm(26655): Compiler shutdown in progress - discarding request
02-27 16:41:57.336 D/dalvikvm(26655): Compiler shutdown in progress - discarding request
02-27 16:41:57.336 D/dalvikvm(26655): Compiler shutdown in progress - discarding request
02-27 16:41:57.336 D/dalvikvm(26655): Compiler shutdown in progress - discarding request
02-27 16:41:57.336 D/dalvikvm(26655): Compiler shutdown in progress - discarding request
02-27 16:41:57.336 D/dalvikvm(26655): Compiler shutdown in progress - discarding request
02-27 16:41:57.336 D/dalvikvm(26655): Compiler shutdown in progress - discarding request
02-27 16:41:57.336 D/dalvikvm(26655): Compiler shutdown in progress - discarding request
02-27 16:41:57.336 D/dalvikvm(26655): Compiler shutdown in progress - discarding request
02-27 16:41:57.336 D/dalvikvm(26655): Compiler shutdown in progress - discarding request
02-27 16:41:57.336 D/dalvikvm(26655): Compiler shutdown in progress - discarding request
02-27 16:41:57.336 D/dalvikvm(26655): Compiler shutdown in progress - discarding request
02-27 16:41:57.336 D/dalvikvm(26655): Compiler shutdown in progress - discarding request
02-27 16:41:57.336 D/dalvikvm(26655): Compiler shutdown in progress - discarding request
02-27 16:41:57.336 D/dalvikvm(26655): Compiler shutdown in progress - discarding request
02-27 16:41:57.336 D/dalvikvm(26655): Compiler shutdown in progress - discarding request
02-27 16:41:57.336 D/dalvikvm(26655): Compiler shutdown in progress - discarding request
02-27 16:41:57.336 D/dalvikvm(26655): Compiler shutdown in progress - discarding request
02-27 16:41:57.336 D/dalvikvm(26655): Compiler shutdown in progress - discarding request
02-27 16:41:57.336 D/dalvikvm(26655): Compiler shutdown in progress - discarding request
02-27 16:41:57.336 D/dalvikvm(26655): Compiler shutdown in progress - discarding request
02-27 16:41:57.336 D/dalvikvm(26655): Compiler shutdown in progress - discarding request
02-27 16:41:57.336 D/dalvikvm(26655): Compiler shutdown in progress - discarding request
02-27 16:41:57.336 D/dalvikvm(26655): Compiler shutdown in progress - discarding request
02-27 16:41:57.336 D/dalvikvm(26655): Compiler shutdown in progress - discarding request
02-27 16:41:57.336 D/dalvikvm(26655): Compiler shutdown in progress - discarding request
02-27 16:41:57.336 D/dalvikvm(26655): Compiler shutdown in progress - discarding request
02-27 16:41:57.336 D/dalvikvm(26655): Compiler shutdown in progress - discarding request
02-27 16:41:57.336 D/dalvikvm(26655): Compiler shutdown in progress - discarding request
02-27 16:41:57.336 D/dalvikvm(26655): Compiler shutdown in progress - discarding request
02-27 16:41:57.336 D/dalvikvm(26655): Compiler shutdown in progress - discarding request
02-27 16:41:57.336 D/dalvikvm(26655): Compiler shutdown in progress - discarding request
02-27 16:41:57.336 D/dalvikvm(26655): Compiler shutdown in progress - discarding request
02-27 16:41:57.336 D/dalvikvm(26655): Compiler shutdown in progress - discarding request
02-27 16:41:57.336 D/dalvikvm(26655): Compiler shutdown in progress - discarding request
02-27 16:41:57.336 D/dalvikvm(26655): Compiler shutdown in progress - discarding request
02-27 16:41:57.336 D/dalvikvm(26655): Compiler shutdown in progress - discarding request
02-27 16:41:57.336 D/dalvikvm(26655): Compiler shutdown in progress - discarding request
02-27 16:41:57.336 D/dalvikvm(26655): Compiler shutdown in progress - discarding request
02-27 16:41:57.336 D/dalvikvm(26655): Compiler shutdown in progress - discarding request
02-27 16:41:57.336 D/dalvikvm(26655): Compiler shutdown in progress - discarding request
02-27 16:41:57.336 D/dalvikvm(26655): Compiler shutdown in progress - discarding request
02-27 16:41:57.336 D/dalvikvm(26655): Compiler shutdown in progress - discarding request
02-27 16:41:57.336 D/dalvikvm(26655): Compiler shutdown in progress - discarding request
02-27 16:41:57.336 D/dalvikvm(26655): Compiler shutdown in progress - discarding request
02-27 16:41:57.336 D/dalvikvm(26655): Compiler shutdown in progress - discarding request
02-27 16:41:57.336 D/dalvikvm(26655): Compiler shutdown in progress - discarding request
02-27 16:41:57.336 I/ActivityManager(  505): START u0 {flg=0x10000000 cmp=org.xwalk.webapi_noneservice_tests/.webapi_noneservice_testsActivity} from pid 26655
02-27 16:41:57.776 D/AndroidRuntime(26666): 
02-27 16:41:57.776 D/AndroidRuntime(26666): >>>>>> AndroidRuntime START com.android.internal.os.RuntimeInit <<<<<<
02-27 16:41:57.776 D/AndroidRuntime(26666): CheckJNI is OFF
02-27 16:41:57.776 I/AndroidRuntime(26666): Kernel Release Version: 3.10.20-gf818079
02-27 16:41:57.776 I/dalvikvm(26666): No library specified. The standard exception handler will be used
02-27 16:41:57.776 I/dalvikvm(26666): 
02-27 16:41:57.776 I/dalvikvm(26666): +++++++++++++ Using PCG. +++++++++++++++++++++
02-27 16:41:57.786 D/dalvikvm(26666): Trying to load lib libjavacore.so 0x0
02-27 16:41:57.786 D/dalvikvm(26666): Added shared lib libjavacore.so 0x0
02-27 16:41:57.786 D/dalvikvm(26666): Trying to load lib libnativehelper.so 0x0
02-27 16:41:57.786 D/dalvikvm(26666): Added shared lib libnativehelper.so 0x0
02-27 16:41:57.786 D/dalvikvm(26666): No JNI_OnLoad found in libnativehelper.so 0x0, skipping init
02-27 16:41:57.796 D/dalvikvm(26666): Extra Options: not specified
02-27 16:41:57.806 D/dalvikvm(26666): Note: class Landroid/app/ActivityManagerNative; has 186 unimplemented (abstract) methods
02-27 16:41:57.876 E/memtrack(26666): Couldn't load memtrack module (No such file or directory)
02-27 16:41:57.876 E/android.os.Debug(26666): failed to load memtrack module: -2
02-27 16:41:57.906 D/AndroidRuntime(26666): Calling main entry com.android.commands.am.Am
02-27 16:41:57.936 D/AndroidRuntime(26666): Shutting down VM
02-27 16:41:57.936 D/dalvikvm(26666): GC_CONCURRENT freed 117K, 16% free 702K/832K, paused 0ms+0ms, total 1ms
02-27 16:41:57.936 I/ActivityManager(  505): START u0 {flg=0x10000000 cmp=org.xwalk.webapi_noneservice_tests/.webapi_noneservice_tests} from pid 26666
02-27 16:41:57.946 D/dalvikvm(26666): Compiler shutdown in progress - discarding request
02-27 16:41:57.946 D/dalvikvm(26666): Compiler shutdown in progress - discarding request
02-27 16:41:57.946 D/dalvikvm(26666): Compiler shutdown in progress - discarding request
02-27 16:41:57.946 D/dalvikvm(26666): Compiler shutdown in progress - discarding request
02-27 16:41:57.946 D/dalvikvm(26666): Compiler shutdown in progress - discarding request
02-27 16:41:57.946 D/dalvikvm(26666): Compiler shutdown in progress - discarding request
02-27 16:41:57.946 D/dalvikvm(26666): Compiler shutdown in progress - discarding request
02-27 16:41:57.946 D/dalvikvm(26666): Compiler shutdown in progress - discarding request
02-27 16:41:57.946 D/dalvikvm(26666): Compiler shutdown in progress - discarding request
02-27 16:41:57.946 D/dalvikvm(26666): Compiler shutdown in progress - discarding request
02-27 16:41:57.946 D/dalvikvm(26666): Compiler shutdown in progress - discarding request
02-27 16:41:57.946 D/dalvikvm(26666): Compiler shutdown in progress - discarding request
02-27 16:41:57.946 D/dalvikvm(26666): Compiler shutdown in progress - discarding request
02-27 16:41:57.946 D/dalvikvm(26666): Compiler shutdown in progress - discarding request
02-27 16:41:57.946 D/dalvikvm(26666): Compiler shutdown in progress - discarding request
02-27 16:41:57.946 D/dalvikvm(26666): Compiler shutdown in progress - discarding request
02-27 16:41:57.946 D/dalvikvm(26666): Compiler shutdown in progress - discarding request
02-27 16:41:57.946 D/dalvikvm(26666): Compiler shutdown in progress - discarding request
02-27 16:41:57.946 D/dalvikvm(26666): Compiler shutdown in progress - discarding request
02-27 16:41:57.946 D/dalvikvm(26666): Compiler shutdown in progress - discarding request
02-27 16:41:57.946 D/dalvikvm(26666): Compiler shutdown in progress - discarding request
02-27 16:41:57.946 D/dalvikvm(26666): Compiler shutdown in progress - discarding request
02-27 16:41:57.946 D/dalvikvm(26666): Compiler shutdown in progress - discarding request
02-27 16:41:57.946 D/dalvikvm(26666): Compiler shutdown in progress - discarding request
02-27 16:41:57.946 D/dalvikvm(26666): Compiler shutdown in progress - discarding request
02-27 16:41:57.946 D/dalvikvm(26666): Compiler shutdown in progress - discarding request
02-27 16:41:57.946 D/dalvikvm(26666): Compiler shutdown in progress - discarding request
02-27 16:41:57.946 D/dalvikvm(26666): Compiler shutdown in progress - discarding request
02-27 16:41:57.946 D/dalvikvm(26666): Compiler shutdown in progress - discarding request
02-27 16:41:57.946 D/dalvikvm(26666): Compiler shutdown in progress - discarding request
02-27 16:41:57.946 D/dalvikvm(26666): Compiler shutdown in progress - discarding request
02-27 16:41:57.946 D/dalvikvm(26666): Compiler shutdown in progress - discarding request
02-27 16:41:57.946 D/dalvikvm(26666): Compiler shutdown in progress - discarding request
02-27 16:41:57.946 D/dalvikvm(26666): Compiler shutdown in progress - discarding request
02-27 16:41:57.946 D/dalvikvm(26666): Compiler shutdown in progress - discarding request
02-27 16:41:57.946 D/dalvikvm(26666): Compiler shutdown in progress - discarding request
02-27 16:41:57.946 D/dalvikvm(26666): Compiler shutdown in progress - discarding request
02-27 16:41:57.946 D/dalvikvm(26666): Compiler shutdown in progress - discarding request
02-27 16:41:57.946 D/dalvikvm(26666): Compiler shutdown in progress - discarding request
02-27 16:41:57.946 D/dalvikvm(26666): Compiler shutdown in progress - discarding request
02-27 16:41:57.946 D/dalvikvm(26666): Compiler shutdown in progress - discarding request
02-27 16:41:57.946 D/dalvikvm(26666): Compiler shutdown in progress - discarding request
02-27 16:41:57.946 D/dalvikvm(26666): Compiler shutdown in progress - discarding request
02-27 16:41:57.946 D/dalvikvm(26666): Compiler shutdown in progress - discarding request
02-27 16:41:57.946 D/dalvikvm(26666): Compiler shutdown in progress - discarding request
02-27 16:41:57.946 D/dalvikvm(26666): Compiler shutdown in progress - discarding request
02-27 16:41:58.376 D/AndroidRuntime(26677): 
02-27 16:41:58.376 D/AndroidRuntime(26677): >>>>>> AndroidRuntime START com.android.internal.os.RuntimeInit <<<<<<
02-27 16:41:58.376 D/AndroidRuntime(26677): CheckJNI is OFF
02-27 16:41:58.376 I/AndroidRuntime(26677): Kernel Release Version: 3.10.20-gf818079
02-27 16:41:58.376 I/dalvikvm(26677): No library specified. The standard exception handler will be used
02-27 16:41:58.376 I/dalvikvm(26677): 
02-27 16:41:58.376 I/dalvikvm(26677): +++++++++++++ Using PCG. +++++++++++++++++++++
02-27 16:41:58.386 D/dalvikvm(26677): Trying to load lib libjavacore.so 0x0
02-27 16:41:58.396 D/dalvikvm(26677): Added shared lib libjavacore.so 0x0
02-27 16:41:58.396 D/dalvikvm(26677): Trying to load lib libnativehelper.so 0x0
02-27 16:41:58.396 D/dalvikvm(26677): Added shared lib libnativehelper.so 0x0
02-27 16:41:58.396 D/dalvikvm(26677): No JNI_OnLoad found in libnativehelper.so 0x0, skipping init
02-27 16:41:58.396 D/dalvikvm(26677): Extra Options: not specified
02-27 16:41:58.406 D/dalvikvm(26677): Note: class Landroid/app/ActivityManagerNative; has 186 unimplemented (abstract) methods
02-27 16:41:58.476 E/memtrack(26677): Couldn't load memtrack module (No such file or directory)
02-27 16:41:58.476 E/android.os.Debug(26677): failed to load memtrack module: -2
02-27 16:41:58.516 D/AndroidRuntime(26677): Calling main entry com.android.commands.am.Am
02-27 16:41:58.546 I/SecurityManagerService(  600): SMS received security event: App[START/org.xwalk.webapi_noneservice_tests]
02-27 16:41:58.546 D/AndroidRuntime(26677): Shutting down VM
02-27 16:41:58.546 D/dalvikvm(26677): GC_CONCURRENT freed 114K, 16% free 701K/832K, paused 0ms+0ms, total 1ms
02-27 16:41:58.546 I/ActivityManager(  505): START u0 {flg=0x10000000 cmp=org.xwalk.webapi_noneservice_tests/.WebapiNoneserviceTestsActivity} from pid 26677
02-27 16:41:58.556 D/dalvikvm(26688): Process 26688 nice name: org.xwalk.webapi_noneservice_tests
02-27 16:41:58.556 D/dalvikvm(26688): Extra Options: not specified
02-27 16:41:58.556 D/dalvikvm(26677): Compiler shutdown in progress - discarding request
02-27 16:41:58.556 D/dalvikvm(26677): Compiler shutdown in progress - discarding request
02-27 16:41:58.556 D/dalvikvm(26677): Compiler shutdown in progress - discarding request
02-27 16:41:58.556 D/dalvikvm(26677): Compiler shutdown in progress - discarding request
02-27 16:41:58.556 D/dalvikvm(26677): Compiler shutdown in progress - discarding request
02-27 16:41:58.556 D/dalvikvm(26677): Compiler shutdown in progress - discarding request
02-27 16:41:58.556 D/dalvikvm(26677): Compiler shutdown in progress - discarding request
02-27 16:41:58.556 D/dalvikvm(26677): Compiler shutdown in progress - discarding request
02-27 16:41:58.556 D/dalvikvm(26677): Compiler shutdown in progress - discarding request
02-27 16:41:58.556 D/dalvikvm(26677): Compiler shutdown in progress - discarding request
02-27 16:41:58.556 D/dalvikvm(26677): Compiler shutdown in progress - discarding request
02-27 16:41:58.556 D/dalvikvm(26677): Compiler shutdown in progress - discarding request
02-27 16:41:58.556 D/dalvikvm(26677): Compiler shutdown in progress - discarding request
02-27 16:41:58.556 D/dalvikvm(26677): Compiler shutdown in progress - discarding request
02-27 16:41:58.556 D/dalvikvm(26677): Compiler shutdown in progress - discarding request
02-27 16:41:58.556 D/dalvikvm(26677): Compiler shutdown in progress - discarding request
02-27 16:41:58.556 D/dalvikvm(26677): Compiler shutdown in progress - discarding request
02-27 16:41:58.556 D/dalvikvm(26677): Compiler shutdown in progress - discarding request
02-27 16:41:58.556 D/dalvikvm(26677): Compiler shutdown in progress - discarding request
02-27 16:41:58.556 D/dalvikvm(26677): Compiler shutdown in progress - discarding request
02-27 16:41:58.556 D/dalvikvm(26677): Compiler shutdown in progress - discarding request
02-27 16:41:58.556 D/dalvikvm(26677): Compiler shutdown in progress - discarding request
02-27 16:41:58.556 D/dalvikvm(26677): Compiler shutdown in progress - discarding request
02-27 16:41:58.556 D/dalvikvm(26677): Compiler shutdown in progress - discarding request
02-27 16:41:58.556 D/dalvikvm(26677): Compiler shutdown in progress - discarding request
02-27 16:41:58.556 D/dalvikvm(26677): Compiler shutdown in progress - discarding request
02-27 16:41:58.556 D/dalvikvm(26677): Compiler shutdown in progress - discarding request
02-27 16:41:58.556 D/dalvikvm(26677): Compiler shutdown in progress - discarding request
02-27 16:41:58.556 D/dalvikvm(26677): Compiler shutdown in progress - discarding request
02-27 16:41:58.556 D/dalvikvm(26677): Compiler shutdown in progress - discarding request
02-27 16:41:58.556 D/dalvikvm(26677): Compiler shutdown in progress - discarding request
02-27 16:41:58.556 D/dalvikvm(26677): Compiler shutdown in progress - discarding request
02-27 16:41:58.556 D/dalvikvm(26677): Compiler shutdown in progress - discarding request
02-27 16:41:58.556 D/dalvikvm(26677): Compiler shutdown in progress - discarding request
02-27 16:41:58.556 D/dalvikvm(26677): Compiler shutdown in progress - discarding request
02-27 16:41:58.556 D/dalvikvm(26677): Compiler shutdown in progress - discarding request
02-27 16:41:58.556 D/dalvikvm(26677): Compiler shutdown in progress - discarding request
02-27 16:41:58.556 D/dalvikvm(26677): Compiler shutdown in progress - discarding request
02-27 16:41:58.556 D/dalvikvm(26677): Compiler shutdown in progress - discarding request
02-27 16:41:58.556 D/dalvikvm(26677): Compiler shutdown in progress - discarding request
02-27 16:41:58.556 D/dalvikvm(26677): Compiler shutdown in progress - discarding request
02-27 16:41:58.556 D/dalvikvm(26677): Compiler shutdown in progress - discarding request
02-27 16:41:58.556 D/dalvikvm(26677): Compiler shutdown in progress - discarding request
02-27 16:41:58.556 D/dalvikvm(26677): Compiler shutdown in progress - discarding request
02-27 16:41:58.556 I/ActivityManager(  505): Start proc org.xwalk.webapi_noneservice_tests for activity org.xwalk.webapi_noneservice_tests/.WebapiNoneserviceTestsActivity: pid=26688 uid=10085 gids={50085, 3003, 1028, 1015}
02-27 16:41:58.566 D/WindowManager(  505): adjustConfigurationLw, config:{1.0 ?mcc?mnc ?locale ?layoutDir sw600dp w600dp h888dp 213dpi lrg port ?uimode ?night finger -keyb/v/h -nav/v} mLidState:1 mHasDockFeature:false mHasKeyboardFeature:false mHasHallSensorFeature:true config.hardKeyboardHidden:2
02-27 16:41:58.576 I/ActivityManager(  505): [TopPkgCurBat]	NowPkgName[org.xwalk.webapi_noneservice_tests]	Battery[19]	TimeTick[1425026518586]	OldPkgName[com.asus.launcher]
02-27 16:41:58.576 D/        (26580): Surface destroy: ANDROID_NATIVE_WINDOW_MAGIC
02-27 16:41:58.586 D/        (26580): Pixel Format : GGL_PIXEL_FORMAT_RGBA_8888
02-27 16:41:58.586 E/rsC++   (26580): RS Message thread exiting.
02-27 16:41:58.626 D/dalvikvm(26688): Trying to load lib /data/app-lib/org.xwalk.webapi_noneservice_tests-1/libxwalkcore.so 0x43d845d0
02-27 16:41:58.696 D/dalvikvm(26688): Added shared lib /data/app-lib/org.xwalk.webapi_noneservice_tests-1/libxwalkcore.so 0x43d845d0
02-27 16:41:58.706 I/LibraryLoader(26688): Time to load native libraries: 78 ms (timestamps 7668-7746)
02-27 16:41:58.706 I/LibraryLoader(26688): Expected native library version number "",actual native library version number ""
02-27 16:41:58.736 I/LibraryLoader(26688): Expected native library version number "",actual native library version number ""
02-27 16:41:58.736 I/chromium(26688): [INFO:library_loader_hooks.cc(112)] Chromium logging enabled: level = 0, default verbosity = 0
02-27 16:41:58.796 I/BrowserStartupController(26688): Initializing chromium process, singleProcess=true
02-27 16:41:58.926 D/ImageWallpaper(  569): onVisibilityChanged: mVisible, visible=true, false
02-27 16:41:58.926 D/ImageWallpaper(  569): Visibility changed to visible=false
02-27 16:41:58.926 D/ImageWallpaper(  569): Suppressed drawFrame since redraw is not needed and offsets have not changed.
02-27 16:41:59.156 I/WifiHW  (  505): CMD: IFNAME=wlan0 SIGNAL_POLL
02-27 16:41:59.156 D/wpa_supplicant(  711): RX ctrl_iface - hexdump(len=11): 53 49 47 4e 41 4c 5f 50 4f 4c 4c
02-27 16:41:59.156 D/wpa_supplicant(  711): wlan0: Control interface command 'SIGNAL_POLL'
02-27 16:41:59.186 D/wpa_supplicant(  711): nl80211: survey data missing!
02-27 16:41:59.186 I/WifiHW  (  505): REPLY: RSSI=-54
02-27 16:41:59.186 I/WifiHW  (  505): REPLY: LINKSPEED=39
02-27 16:41:59.186 I/WifiHW  (  505): REPLY: NOISE=9999
02-27 16:41:59.186 I/WifiHW  (  505): REPLY: FREQUENCY=2437
02-27 16:41:59.266 W/AudioManagerAndroid(26688): Requires BLUETOOTH permission
02-27 16:41:59.286 I/ufoGralloc(26688): Hello, this is UFO GRALLOC/Intel Corporation
02-27 16:41:59.296 D/        (26688): Pixel Format : GGL_PIXEL_FORMAT_RGBA_8888
02-27 16:41:59.296 D/        (26688): droid_create_context : config id = 1 conf->NativeVisualID=1
02-27 16:41:59.296 D/        (26688): Pixel Format : GGL_PIXEL_FORMAT_RGBA_8888
02-27 16:41:59.296 I/        (26688): Requested context : GLES 2.0
02-27 16:41:59.336 W/chromium(26688): [WARNING:proxy_service.cc(899)] PAC support disabled because there is no system implementation
02-27 16:41:59.346 W/dalvikvm(26688): VFY: unable to find class referenced in signature (Landroid/view/inputmethod/CursorAnchorInfo;)
02-27 16:41:59.346 I/dalvikvm(26688): Could not find method android.view.inputmethod.InputMethodManager.updateCursorAnchorInfo, referenced from method org.chromium.content.browser.input.InputMethodManagerWrapper.updateCursorAnchorInfo
02-27 16:41:59.346 W/dalvikvm(26688): VFY: unable to resolve virtual method 1241: Landroid/view/inputmethod/InputMethodManager;.updateCursorAnchorInfo (Landroid/view/View;Landroid/view/inputmethod/CursorAnchorInfo;)V
02-27 16:41:59.346 D/dalvikvm(26688): VFY: replacing opcode 0x6e at 0x000a
02-27 16:41:59.426 E/cutils  (  163): Failed to mkdirat(/Removable/MicroSD): Read-only file system
02-27 16:41:59.426 W/ContextImpl(26688): Failed to ensure directory: /Removable/MicroSD/Android/data/org.xwalk.webapi_noneservice_tests/cache
02-27 16:41:59.426 W/XWalkExtensionManager(26688): Failed to read extensions-config.json
02-27 16:41:59.426 E/chromium(26688): [ERROR:unix_domain_server_socket_posix.cc(106)] Not implemented reached in virtual int net::UnixDomainServerSocket::GetLocalAddress(net::IPEndPoint*) const
02-27 16:41:59.426 I/dalvikvm(26688): Could not find method android.app.Activity.finishAndRemoveTask, referenced from method org.chromium.base.ApiCompatibilityUtils.finishAndRemoveTask
02-27 16:41:59.426 W/dalvikvm(26688): VFY: unable to resolve virtual method 4: Landroid/app/Activity;.finishAndRemoveTask ()V
02-27 16:41:59.426 D/dalvikvm(26688): VFY: replacing opcode 0x6e at 0x0006
02-27 16:41:59.426 W/Vold    (  163): Returning OperationFailed - no handler for errno 30
02-27 16:41:59.436 I/dalvikvm(26688): Could not find method android.os.PowerManager.isInteractive, referenced from method org.chromium.base.ApiCompatibilityUtils.isInteractive
02-27 16:41:59.436 W/dalvikvm(26688): VFY: unable to resolve virtual method 768: Landroid/os/PowerManager;.isInteractive ()Z
02-27 16:41:59.436 D/dalvikvm(26688): VFY: replacing opcode 0x6e at 0x000e
02-27 16:41:59.436 I/dalvikvm(26688): Could not find method android.view.Window.getNavigationBarColor, referenced from method org.chromium.base.ApiCompatibilityUtils.setStatusBarColor
02-27 16:41:59.436 W/dalvikvm(26688): VFY: unable to resolve virtual method 1144: Landroid/view/Window;.getNavigationBarColor ()I
02-27 16:41:59.436 D/dalvikvm(26688): VFY: replacing opcode 0x6e at 0x0010
02-27 16:41:59.436 I/dalvikvm(26688): Could not find method android.view.Window.setStatusBarColor, referenced from method org.chromium.base.ApiCompatibilityUtils.setStatusBarColor
02-27 16:41:59.436 W/dalvikvm(26688): VFY: unable to resolve virtual method 1149: Landroid/view/Window;.setStatusBarColor (I)V
02-27 16:41:59.436 D/dalvikvm(26688): VFY: replacing opcode 0x6e at 0x0019
02-27 16:41:59.436 E/dalvikvm(26688): Could not find class 'android.app.ActivityManager$TaskDescription', referenced from method org.chromium.base.ApiCompatibilityUtils.setTaskDescription
02-27 16:41:59.436 W/dalvikvm(26688): VFY: unable to resolve new-instance 11 (Landroid/app/ActivityManager$TaskDescription;) in Lorg/chromium/base/ApiCompatibilityUtils;
02-27 16:41:59.436 D/dalvikvm(26688): VFY: replacing opcode 0x22 at 0x0006
02-27 16:41:59.436 D/dalvikvm(26688): DexOpt: unable to opt direct call 0x001e at 0x08 in Lorg/chromium/base/ApiCompatibilityUtils;.setTaskDescription
02-27 16:41:59.486 I/chromium(26688): [INFO:xwalk_extension_renderer_controller.cc(47)] EXTENSION PROCESS DISABLED.
02-27 16:41:59.516 D/        (26688): droid_create_context : config id = 5 conf->NativeVisualID=1
02-27 16:41:59.516 D/        (26688): Pixel Format : GGL_PIXEL_FORMAT_RGBA_8888
02-27 16:41:59.516 I/        (26688): Requested context : GLES 2.0
02-27 16:41:59.526 D/        (26688): Pixel Format : GGL_PIXEL_FORMAT_RGBA_8888
02-27 16:41:59.526 D/OpenGLRenderer(26688): Enabling debug mode 0
02-27 16:41:59.586 I/SecurityManagerService(  600): SMS received security event: App[START/com.asus.ime]
02-27 16:41:59.596 D/dalvikvm(26723): Process 26723 nice name: com.asus.ime
02-27 16:41:59.596 D/dalvikvm(26723): Extra Options: not specified
02-27 16:41:59.596 I/ActivityManager(  505): Start proc com.asus.ime for service com.asus.ime/.IME: pid=26723 uid=10083 gids={50083, 3003}
02-27 16:41:59.596 I/ActivityManager(  505): Displayed org.xwalk.webapi_noneservice_tests/.WebapiNoneserviceTestsActivity: +1s55ms
02-27 16:41:59.596 V/InputMethodManagerService(  505): Adding window token: android.os.Binder@2224acf0
02-27 16:41:59.606 D/BatteryStatsImpl(  505): noteStopWakeLocked system isFromForeground = false
02-27 16:41:59.616 D/        (26688): Pixel Format : GGL_PIXEL_FORMAT_RGBA_8888
02-27 16:41:59.616 D/        (26688): droid_create_context : config id = 1 conf->NativeVisualID=1
02-27 16:41:59.616 D/        (26688): Pixel Format : GGL_PIXEL_FORMAT_RGBA_8888
02-27 16:41:59.616 I/        (26688): Requested context : GLES 2.0
02-27 16:41:59.626 D/        (26688): Swap interval set to = 1 value
02-27 16:41:59.766 D/        (26688): Pixel Format : GGL_PIXEL_FORMAT_RGBA_8888
02-27 16:41:59.766 D/        (26688): droid_create_context : config id = 1 conf->NativeVisualID=1
02-27 16:41:59.766 D/        (26688): Pixel Format : GGL_PIXEL_FORMAT_RGBA_8888
02-27 16:41:59.766 I/        (26688): Requested context : GLES 2.0
02-27 16:41:59.786 W/BindingManager(26688): Cannot call determinedVisibility() - never saw a connection for the pid: 26688
02-27 16:41:59.856 D/XT9IME  (26723): [Unbundle] ro.config.hasemoji=YES
02-27 16:41:59.856 D/XT9IME  (26723): [Unbundle] ro.config.hwrlib=T9_*
02-27 16:41:59.856 D/XT9IME  (26723): [Unbundle] Number of Emoji subtypes = 1
02-27 16:41:59.856 D/XT9IME  (26723): [Unbundle] Number of Handwriting subtypes = 6
02-27 16:41:59.856 D/XT9IME  (26723): [Unbundle] Number of burmeseSubTypeCount subtypes = 1
02-27 16:41:59.886 D/XT9IME  (26723): IME onCreate put pkg = org.xwalk.usecase_webapi_xwalk_tests subtype = 
02-27 16:41:59.886 I/XT9IME  (26723): sDeviceTotalRAM = 918667264
02-27 16:41:59.886 D/XT9IME  (26723): new subtype :zh_CN ,pinyin
02-27 16:41:59.986 I/SecurityManagerService(  600): SMS received security event: App[START/com.asus.sitd.whatsnext]
02-27 16:41:59.996 D/dalvikvm(26745): Process 26745 nice name: com.asus.sitd.whatsnext
02-27 16:41:59.996 D/dalvikvm(26745): Extra Options: not specified
02-27 16:42:00.006 D/BatteryStatsImpl(  505): noteStopWakeLocked system isFromForeground = false
02-27 16:42:00.006 I/ActivityManager(  505): Start proc com.asus.sitd.whatsnext for service com.asus.sitd.whatsnext/.service.WhatsNextService: pid=26745 uid=10082 gids={50082, 3003, 1028, 1015}
02-27 16:42:00.016 D/xmlCheckExt(26745): <neon>
02-27 16:42:00.016 D/xmlCheckExt(26745):  pkgName = air.eti.uzzu.unalis
02-27 16:42:00.016 D/xmlCheckExt(26745): <arch>
02-27 16:42:00.016 D/xmlCheckExt(26745):  pkgName = com.evy.guessword
02-27 16:42:00.016 D/xmlCheckExt(26745): <arch>
02-27 16:42:00.016 D/xmlCheckExt(26745):  pkgName = com.bpiotor.lot
02-27 16:42:00.016 D/xmlCheckExt(26745): <arch>
02-27 16:42:00.016 D/xmlCheckExt(26745):  pkgName = com.goodstudent.app
02-27 16:42:00.016 D/xmlCheckExt(26745): <arch>
02-27 16:42:00.016 D/xmlCheckExt(26745):  pkgName = com.flyfish.supermario
02-27 16:42:00.016 D/xmlCheckExt(26745): <arch>
02-27 16:42:00.016 D/xmlCheckExt(26745):  pkgName = excel.sgs
02-27 16:42:00.016 D/xmlCheckExt(26745): <arch>
02-27 16:42:00.016 D/xmlCheckExt(26745):  pkgName = com.gamevil.doz.global
02-27 16:42:00.016 D/xmlCheckExt(26745): <arch>
02-27 16:42:00.016 D/xmlCheckExt(26745):  pkgName = com.tblin.HandsetGuardant
02-27 16:42:00.016 D/xmlCheckExt(26745): <arch>
02-27 16:42:00.016 D/xmlCheckExt(26745):  pkgName = com.baoliei.lmotuolijhhe
02-27 16:42:00.016 D/xmlCheckExt(26745): <arch>
02-27 16:42:00.016 D/xmlCheckExt(26745):  pkgName = com.bpiotor.fingerprint
02-27 16:42:00.016 D/xmlCheckExt(26745): <arch>
02-27 16:42:00.016 D/xmlCheckExt(26745):  pkgName = com.philzhu.www.ddz
02-27 16:42:00.016 D/xmlCheckExt(26745): <arch>
02-27 16:42:00.016 D/xmlCheckExt(26745):  pkgName = hh.root
02-27 16:42:00.016 D/xmlCheckExt(26745): <arch>
02-27 16:42:00.016 D/xmlCheckExt(26745):  pkgName = com.rao.love.yy.zjhmuti
02-27 16:42:00.016 D/xmlCheckExt(26745): <arch>
02-27 16:42:00.016 D/xmlCheckExt(26745):  pkgName = com.rao.flyfish.huntfish
02-27 16:42:00.016 D/xmlCheckExt(26745): <arch>
02-27 16:42:00.016 D/xmlCheckExt(26745):  pkgName = com.yucai.escape.tow
02-27 16:42:00.016 D/xmlCheckExt(26745): <white>
02-27 16:42:00.016 D/xmlCheckExt(26745):  pkgName = com.eembc.coremark
02-27 16:42:00.016 D/Zygote  (26745): Setting os.arch
02-27 16:42:00.016 I/dalvikvm(26745): Enabling JNI app bug workarounds for target SDK version 13...
02-27 16:42:00.016 D/Clock   (  569): ACTION_TIME_TICK
02-27 16:42:00.016 D/Clock   (  569): update clock:4:42
02-27 16:42:00.036 D/BatteryStatsImpl(  505): noteStopWakeLocked system isFromForeground = false
02-27 16:42:00.066 E/dalvikvm(26745): Could not find class 'org.joda.time.tz.ZoneInfoProvider', referenced from method org.joda.time.DateTimeZone.getDefaultProvider
02-27 16:42:00.066 W/dalvikvm(26745): VFY: unable to resolve new-instance 2988 (Lorg/joda/time/tz/ZoneInfoProvider;) in Lorg/joda/time/DateTimeZone;
02-27 16:42:00.066 D/dalvikvm(26745): VFY: replacing opcode 0x22 at 0x0016
02-27 16:42:00.066 D/dalvikvm(26745): DexOpt: unable to opt direct call 0x52e8 at 0x1a in Lorg/joda/time/DateTimeZone;.getDefaultProvider
02-27 16:42:00.086 D/WhatsNext(26745): >> WhatsNext enable: false
02-27 16:42:00.116 V/ActivityManager(  505): Remove bg service from mStartingBackground ,r=ServiceRecord{2242c550 u0 com.asus.sitd.whatsnext/.widget.WhatsNextWidgetProvider$UpdateService},r used time=18,left r count=2
02-27 16:42:00.116 V/ActivityManager(  505): Remove bg service from mStartingBackground ,r=ServiceRecord{2242c720 u0 com.asus.sitd.whatsnext/.widget.LockScreenWidgetProvider$UpdateService},r used time=18,left r count=1
02-27 16:42:00.586 D/EVENT_THREAD(  186): void CEventThread::run() POLLIN event on Fd (1)
02-27 16:42:00.586 D/EVENT_THREAD(  186): void CEventThread::run() Do poll with timeout: -1
02-27 16:42:00.796 W/BindingManager(26688): Cannot call determinedVisibility() - never saw a connection for the pid: 26688
02-27 16:42:01.156 I/chromium(26688): [INFO:CONSOLE(0)] "Synchronous XMLHttpRequest on the main thread is deprecated because of its detrimental effects to the end user's experience. For more help, check http://xhr.spec.whatwg.org/.", source:  (0)
02-27 16:42:01.216 D/        (26688): Pixel Format : GGL_PIXEL_FORMAT_RGBA_8888
02-27 16:42:01.216 D/        (26688): droid_create_context : config id = 1 conf->NativeVisualID=1
02-27 16:42:01.216 D/        (26688): Pixel Format : GGL_PIXEL_FORMAT_RGBA_8888
02-27 16:42:01.216 I/        (26688): Requested context : GLES 2.0
02-27 16:42:02.186 I/WifiHW  (  505): CMD: IFNAME=wlan0 SIGNAL_POLL
02-27 16:42:02.186 D/wpa_supplicant(  711): RX ctrl_iface - hexdump(len=11): 53 49 47 4e 41 4c 5f 50 4f 4c 4c
02-27 16:42:02.186 D/wpa_supplicant(  711): wlan0: Control interface command 'SIGNAL_POLL'
02-27 16:42:02.216 D/wpa_supplicant(  711): nl80211: survey data missing!
02-27 16:42:02.216 I/WifiHW  (  505): REPLY: RSSI=-53
02-27 16:42:02.216 I/WifiHW  (  505): REPLY: LINKSPEED=39
02-27 16:42:02.216 I/WifiHW  (  505): REPLY: NOISE=9999
02-27 16:42:02.216 I/WifiHW  (  505): REPLY: FREQUENCY=2437
02-27 16:42:02.236 E/AndroidProtocolHandler(26688): Unable to open asset URL: file:///android_asset/www//opt/tct-webstorage-w3c-tests/bddrunner%20w3c-webstorage-app/testscripts/Storage_example_insurance_on_trip.feature
02-27 16:42:02.236 W/BindingManager(26688): Cannot call determinedVisibility() - never saw a connection for the pid: 26688
02-27 16:42:02.296 I/chromium(26688): [INFO:CONSOLE(835)] "Uncaught SecurityError: Blocked a frame with origin "app://org.xwalk.webapi_noneservice_tests" from accessing a frame with origin "null".  The frame requesting access has a protocol of "app", the frame being accessed has a protocol of "data". Protocols must match.
02-27 16:42:02.296 I/chromium(26688): ", source: app://org.xwalk.webapi_noneservice_tests/testrunner.js (835)
02-27 16:42:04.536 D/EVENT_THREAD(  186): void CEventThread::run() POLLIN event on Fd (1)
02-27 16:42:04.536 D/EVENT_THREAD(  186): void CEventThread::run() Do poll with timeout: -1
02-27 16:42:04.536 D/EVENT_THREAD(  186): void CEventThread::run() POLLIN event on Fd (1)
02-27 16:42:04.536 D/EVENT_THREAD(  186): void CEventThread::run() Do poll with timeout: -1
02-27 16:42:04.536 I/upi_ug31xx(  166): (984) update_capacity
02-27 16:42:04.536 I/[UPI]   (  166): <UG31/E>[UpiReadCapacity]: V=3651(3655), T=326(328-390), I=-458, C=-3(-3-0)
02-27 16:42:04.536 I/[UPI]   (  166): <UG31/E>[UpiReadCapacity]: (0x0001254a) 710 (496) / 3822 (4024) = 19
02-27 16:42:04.536 I/[UPI]   (  166): <UG31/E>[UpiReadCapacity]: (0x0001254a) 710 (496) / 3822 (4024) = 19
02-27 16:42:04.536 I/[UPI]   (  166): <UG31/E>[UpiReadCapacity]: (0x0001254a) 706 (706) / 3822 (4024) = 18
02-27 16:42:04.536 I/[UPI]   (  166): <UG31/E>[RsocFilterCountTime]: (0x0001254a) Step=3(194530), Full=3(194530), Lock=194530(1800000)
02-27 16:42:04.536 I/[UPI]   (  166): <UG31/E>[UpiReadCapacity]: (0x0001254a) 706 (706) / 3822 (4024) = 18 (-458--458)
02-27 16:42:04.536 I/[UPI]   (  166): <UG31/E><BATT> M:normal, P:18(18-18)%, V:3658mV, C:-381mA, T:32.8C(390), S:0x0001254a(000), R:706mAh, F:3822mAh, Q:-1272mAh, CC:3, P:10.250(1271-0)s, BO:7, 97:615:0-44af-9m:B001-20140514-144301 (16)
02-27 16:42:04.536 I/upi_ug31xx(  166): (985) backup_data 
02-27 16:42:04.536 V/upi_ug31xx(  166): state->check_backup_count = 15
02-27 16:42:04.786 D/EVENT_THREAD(  186): void CEventThread::run() POLLIN event on Fd (1)
02-27 16:42:04.786 D/EVENT_THREAD(  186): void CEventThread::run() Do poll with timeout: -1
02-27 16:42:05.216 I/WifiHW  (  505): CMD: IFNAME=wlan0 SIGNAL_POLL
02-27 16:42:05.216 D/wpa_supplicant(  711): RX ctrl_iface - hexdump(len=11): 53 49 47 4e 41 4c 5f 50 4f 4c 4c
02-27 16:42:05.216 D/wpa_supplicant(  711): wlan0: Control interface command 'SIGNAL_POLL'
02-27 16:42:05.246 D/wpa_supplicant(  711): nl80211: survey data missing!
02-27 16:42:05.246 I/WifiHW  (  505): REPLY: RSSI=-49
02-27 16:42:05.246 I/WifiHW  (  505): REPLY: LINKSPEED=39
02-27 16:42:05.246 I/WifiHW  (  505): REPLY: NOISE=9999
02-27 16:42:05.246 I/WifiHW  (  505): REPLY: FREQUENCY=2437
02-27 16:42:08.246 I/WifiHW  (  505): CMD: IFNAME=wlan0 SIGNAL_POLL
02-27 16:42:08.246 D/wpa_supplicant(  711): RX ctrl_iface - hexdump(len=11): 53 49 47 4e 41 4c 5f 50 4f 4c 4c
