02-27 12:01:35.350 W/chromium(15171): [WARNING:xwalk_extension_module.cc(203)] Exception when running message listener: undefined:231:20 ReferenceError: g_promises is not defined
02-27 12:01:35.350 W/chromium(15171):     if (_isFunction(g_promises[msgObj.asyncCallId].resolve)) {
02-27 12:01:35.350 W/chromium(15171): 
02-27 12:01:35.350 V/MmsProvider(  807): Query uri=content://mms, match=0
02-27 12:01:35.360 W/chromium(15171): [WARNING:xwalk_extension_module.cc(203)] Exception when running message listener: undefined:231:20 ReferenceError: g_promises is not defined
02-27 12:01:35.360 W/chromium(15171):     if (_isFunction(g_promises[msgObj.asyncCallId].resolve)) {
02-27 12:01:35.360 W/chromium(15171): 
02-27 12:01:35.360 V/MmsProvider(  807): Query uri=content://mms, match=0
02-27 12:01:35.370 W/chromium(15171): [WARNING:xwalk_extension_module.cc(203)] Exception when running message listener: undefined:231:20 ReferenceError: g_promises is not defined
02-27 12:01:35.370 W/chromium(15171):     if (_isFunction(g_promises[msgObj.asyncCallId].resolve)) {
02-27 12:01:35.370 W/chromium(15171): 
02-27 12:01:35.370 V/MmsProvider(  807): Query uri=content://mms, match=0
02-27 12:01:35.380 W/chromium(15171): [WARNING:xwalk_extension_module.cc(203)] Exception when running message listener: undefined:231:20 ReferenceError: g_promises is not defined
02-27 12:01:35.380 W/chromium(15171):     if (_isFunction(g_promises[msgObj.asyncCallId].resolve)) {
02-27 12:01:35.380 W/chromium(15171): 
02-27 12:01:35.380 V/MmsProvider(  807): Query uri=content://mms, match=0
02-27 12:01:35.390 W/chromium(15171): [WARNING:xwalk_extension_module.cc(203)] Exception when running message listener: undefined:231:20 ReferenceError: g_promises is not defined
02-27 12:01:35.390 W/chromium(15171):     if (_isFunction(g_promises[msgObj.asyncCallId].resolve)) {
02-27 12:01:35.390 W/chromium(15171): 
02-27 12:01:35.390 V/MmsProvider(  807): Query uri=content://mms, match=0
02-27 12:01:35.390 W/chromium(15171): [WARNING:xwalk_extension_module.cc(203)] Exception when running message listener: undefined:231:20 ReferenceError: g_promises is not defined
02-27 12:01:35.390 W/chromium(15171):     if (_isFunction(g_promises[msgObj.asyncCallId].resolve)) {
02-27 12:01:35.390 W/chromium(15171): 
02-27 12:01:35.400 V/MmsProvider(  807): Query uri=content://mms, match=0
02-27 12:01:35.400 W/chromium(15171): [WARNING:xwalk_extension_module.cc(203)] Exception when running message listener: undefined:231:20 ReferenceError: g_promises is not defined
02-27 12:01:35.400 W/chromium(15171):     if (_isFunction(g_promises[msgObj.asyncCallId].resolve)) {
02-27 12:01:35.400 W/chromium(15171): 
02-27 12:01:35.400 V/MmsProvider(  807): Query uri=content://mms, match=0
02-27 12:01:35.400 W/chromium(15171): [WARNING:xwalk_extension_module.cc(203)] Exception when running message listener: undefined:231:20 ReferenceError: g_promises is not defined
02-27 12:01:35.400 W/chromium(15171):     if (_isFunction(g_promises[msgObj.asyncCallId].resolve)) {
02-27 12:01:35.400 W/chromium(15171): 
02-27 12:01:35.410 V/MmsProvider(  807): Query uri=content://mms, match=0
02-27 12:01:35.410 W/chromium(15171): [WARNING:xwalk_extension_module.cc(203)] Exception when running message listener: undefined:231:20 ReferenceError: g_promises is not defined
02-27 12:01:35.410 W/chromium(15171):     if (_isFunction(g_promises[msgObj.asyncCallId].resolve)) {
02-27 12:01:35.410 W/chromium(15171): 
02-27 12:01:35.410 V/MmsProvider(  807): Query uri=content://mms, match=0
02-27 12:01:35.420 W/chromium(15171): [WARNING:xwalk_extension_module.cc(203)] Exception when running message listener: undefined:231:20 ReferenceError: g_promises is not defined
02-27 12:01:35.420 W/chromium(15171):     if (_isFunction(g_promises[msgObj.asyncCallId].resolve)) {
02-27 12:01:35.420 W/chromium(15171): 
02-27 12:01:35.420 V/MmsProvider(  807): Query uri=content://mms, match=0
02-27 12:01:35.420 W/chromium(15171): [WARNING:xwalk_extension_module.cc(203)] Exception when running message listener: undefined:231:20 ReferenceError: g_promises is not defined
02-27 12:01:35.420 W/chromium(15171):     if (_isFunction(g_promises[msgObj.asyncCallId].resolve)) {
02-27 12:01:35.420 W/chromium(15171): 
02-27 12:01:36.760 I/WifiHW  (  515): CMD: IFNAME=wlan0 SIGNAL_POLL
02-27 12:01:36.760 D/wpa_supplicant(  628): RX ctrl_iface - hexdump(len=11): 53 49 47 4e 41 4c 5f 50 4f 4c 4c
02-27 12:01:36.760 D/wpa_supplicant(  628): wlan0: Control interface command 'SIGNAL_POLL'
02-27 12:01:36.790 D/wpa_supplicant(  628): nl80211: survey data missing!
02-27 12:01:36.790 I/WifiHW  (  515): REPLY: RSSI=-56
02-27 12:01:36.790 I/WifiHW  (  515): REPLY: LINKSPEED=65
02-27 12:01:36.790 I/WifiHW  (  515): REPLY: NOISE=9999
02-27 12:01:36.790 I/WifiHW  (  515): REPLY: FREQUENCY=2462
02-27 12:01:38.010 W/BindingManager(15171): Cannot call determinedVisibility() - never saw a connection for the pid: 15171
02-27 12:01:38.180 W/chromium(15171): [WARNING:xwalk_extension_module.cc(203)] Exception when running message listener: undefined:246:20 ReferenceError: g_promises is not defined
02-27 12:01:38.180 W/chromium(15171):     if (_isFunction(g_promises[msgObj.asyncCallId].resolve)) {
02-27 12:01:38.180 W/chromium(15171): 
02-27 12:01:38.180 W/chromium(15171): [WARNING:xwalk_extension_module.cc(203)] Exception when running message listener: undefined:246:20 ReferenceError: g_promises is not defined
02-27 12:01:38.180 W/chromium(15171):     if (_isFunction(g_promises[msgObj.asyncCallId].resolve)) {
02-27 12:01:38.180 W/chromium(15171): 
02-27 12:01:38.180 W/chromium(15171): [WARNING:xwalk_extension_module.cc(203)] Exception when running message listener: undefined:246:20 ReferenceError: g_promises is not defined
02-27 12:01:38.180 W/chromium(15171):     if (_isFunction(g_promises[msgObj.asyncCallId].resolve)) {
02-27 12:01:38.180 W/chromium(15171): 
02-27 12:01:38.180 W/chromium(15171): [WARNING:xwalk_extension_module.cc(203)] Exception when running message listener: undefined:246:20 ReferenceError: g_promises is not defined
02-27 12:01:38.180 W/chromium(15171):     if (_isFunction(g_promises[msgObj.asyncCallId].resolve)) {
02-27 12:01:38.180 W/chromium(15171): 
02-27 12:01:39.830 I/WifiHW  (  515): CMD: IFNAME=wlan0 SIGNAL_POLL
02-27 12:01:39.830 D/wpa_supplicant(  628): RX ctrl_iface - hexdump(len=11): 53 49 47 4e 41 4c 5f 50 4f 4c 4c
02-27 12:01:39.830 D/wpa_supplicant(  628): wlan0: Control interface command 'SIGNAL_POLL'
02-27 12:01:39.860 D/wpa_supplicant(  628): nl80211: survey data missing!
02-27 12:01:39.860 I/WifiHW  (  515): REPLY: RSSI=-56
02-27 12:01:39.860 I/WifiHW  (  515): REPLY: LINKSPEED=65
02-27 12:01:39.860 I/WifiHW  (  515): REPLY: NOISE=9999
02-27 12:01:39.860 I/WifiHW  (  515): REPLY: FREQUENCY=2462
02-27 12:01:40.280 W/BindingManager(15171): Cannot call determinedVisibility() - never saw a connection for the pid: 15171
02-27 12:01:40.310 E/MessagingSmsManager(15171): No Sim Card
02-27 12:01:40.360 W/chromium(15171): [WARNING:xwalk_extension_module.cc(203)] Exception when running message listener: undefined:242:20 ReferenceError: g_promises is not defined
02-27 12:01:40.360 W/chromium(15171):     if (_isFunction(g_promises[msgObj.asyncCallId].reject)) {
02-27 12:01:40.360 W/chromium(15171): 
02-27 12:01:40.380 D/MmsSmsProvider(  807): getSingleAddressId: insert new canonical_address for xxxxxx, _id=11
02-27 12:01:40.380 D/MmsSmsProvider(  807): getThreadId: create new thread_id for recipients xxxxxxxx
02-27 12:01:40.380 D/MmsSmsProvider(  807): insertThread: created new thread_id 11 for recipientIds xxxxxxx
02-27 12:01:40.430 D/SmsProvider(  807): Add address=13813926794
02-27 12:01:40.440 D/SmsProvider(  807): insert content://sms/1 succeeded
02-27 12:01:40.890 W/BindingManager(15171): Cannot call determinedVisibility() - never saw a connection for the pid: 15171
02-27 12:01:40.910 E/MessagingSmsManager(15171): No Sim Card
02-27 12:01:40.930 W/chromium(15171): [WARNING:xwalk_extension_module.cc(203)] Exception when running message listener: undefined:242:20 ReferenceError: g_promises is not defined
02-27 12:01:40.930 W/chromium(15171):     if (_isFunction(g_promises[msgObj.asyncCallId].reject)) {
02-27 12:01:40.930 W/chromium(15171): 
02-27 12:01:40.950 D/MmsSmsProvider(  807): getSingleAddressId: insert new canonical_address for xxxxxx, _id=12
02-27 12:01:40.960 D/MmsSmsProvider(  807): getThreadId: create new thread_id for recipients xxxxxxxx
02-27 12:01:40.960 D/MmsSmsProvider(  807): insertThread: created new thread_id 12 for recipientIds xxxxxxx
02-27 12:01:41.010 D/SmsProvider(  807): Add address=5556
02-27 12:01:41.020 D/SmsProvider(  807): insert content://sms/2 succeeded
02-27 12:01:42.870 I/WifiHW  (  515): CMD: IFNAME=wlan0 SIGNAL_POLL
02-27 12:01:42.870 D/wpa_supplicant(  628): RX ctrl_iface - hexdump(len=11): 53 49 47 4e 41 4c 5f 50 4f 4c 4c
02-27 12:01:42.870 D/wpa_supplicant(  628): wlan0: Control interface command 'SIGNAL_POLL'
02-27 12:01:42.900 D/wpa_supplicant(  628): nl80211: survey data missing!
02-27 12:01:42.900 I/WifiHW  (  515): REPLY: RSSI=-56
02-27 12:01:42.900 I/WifiHW  (  515): REPLY: LINKSPEED=65
02-27 12:01:42.900 I/WifiHW  (  515): REPLY: NOISE=9999
02-27 12:01:42.900 I/WifiHW  (  515): REPLY: FREQUENCY=2462
02-27 12:01:44.060 W/BindingManager(15171): Cannot call determinedVisibility() - never saw a connection for the pid: 15171
02-27 12:01:44.080 E/MessagingSmsManager(15171): No Sim Card
02-27 12:01:44.100 W/chromium(15171): [WARNING:xwalk_extension_module.cc(203)] Exception when running message listener: undefined:242:20 ReferenceError: g_promises is not defined
02-27 12:01:44.100 W/chromium(15171):     if (_isFunction(g_promises[msgObj.asyncCallId].reject)) {
02-27 12:01:44.100 W/chromium(15171): 
02-27 12:01:44.160 D/SmsProvider(  807): Add address=5556
02-27 12:01:44.170 D/SmsProvider(  807): insert content://sms/3 succeeded
02-27 12:01:45.910 I/WifiHW  (  515): CMD: IFNAME=wlan0 SIGNAL_POLL
02-27 12:01:45.910 D/wpa_supplicant(  628): RX ctrl_iface - hexdump(len=11): 53 49 47 4e 41 4c 5f 50 4f 4c 4c
02-27 12:01:45.910 D/wpa_supplicant(  628): wlan0: Control interface command 'SIGNAL_POLL'
02-27 12:01:45.940 D/wpa_supplicant(  628): nl80211: survey data missing!
02-27 12:01:45.940 I/WifiHW  (  515): REPLY: RSSI=-55
02-27 12:01:45.940 I/WifiHW  (  515): REPLY: LINKSPEED=65
02-27 12:01:45.940 I/WifiHW  (  515): REPLY: NOISE=9999
02-27 12:01:45.940 I/WifiHW  (  515): REPLY: FREQUENCY=2462
02-27 12:01:47.230 W/BindingManager(15171): Cannot call determinedVisibility() - never saw a connection for the pid: 15171
02-27 12:01:47.250 E/MessagingSmsManager(15171): No Sim Card
02-27 12:01:47.270 W/chromium(15171): [WARNING:xwalk_extension_module.cc(203)] Exception when running message listener: undefined:242:20 ReferenceError: g_promises is not defined
02-27 12:01:47.270 W/chromium(15171):     if (_isFunction(g_promises[msgObj.asyncCallId].reject)) {
02-27 12:01:47.270 W/chromium(15171): 
02-27 12:01:47.330 D/SmsProvider(  807): Add address=5556
02-27 12:01:47.350 D/SmsProvider(  807): insert content://sms/4 succeeded
02-27 12:01:47.840 W/BindingManager(15171): Cannot call determinedVisibility() - never saw a connection for the pid: 15171
02-27 12:01:47.870 E/MessagingSmsManager(15171): No Sim Card
02-27 12:01:47.880 W/chromium(15171): [WARNING:xwalk_extension_module.cc(203)] Exception when running message listener: undefined:242:20 ReferenceError: g_promises is not defined
02-27 12:01:47.880 W/chromium(15171):     if (_isFunction(g_promises[msgObj.asyncCallId].reject)) {
02-27 12:01:47.880 W/chromium(15171): 
02-27 12:01:47.940 D/SmsProvider(  807): Add address=5556
02-27 12:01:47.960 D/SmsProvider(  807): insert content://sms/5 succeeded
02-27 12:01:48.950 I/WifiHW  (  515): CMD: IFNAME=wlan0 SIGNAL_POLL
02-27 12:01:48.950 D/wpa_supplicant(  628): RX ctrl_iface - hexdump(len=11): 53 49 47 4e 41 4c 5f 50 4f 4c 4c
02-27 12:01:48.950 D/wpa_supplicant(  628): wlan0: Control interface command 'SIGNAL_POLL'
02-27 12:01:48.980 D/wpa_supplicant(  628): nl80211: survey data missing!
02-27 12:01:48.980 I/WifiHW  (  515): REPLY: RSSI=-56
02-27 12:01:48.980 I/WifiHW  (  515): REPLY: LINKSPEED=65
02-27 12:01:48.980 I/WifiHW  (  515): REPLY: NOISE=9999
02-27 12:01:48.980 I/WifiHW  (  515): REPLY: FREQUENCY=2462
02-27 12:01:49.480 W/System.err( 1438): java.net.ConnectException: failed to connect to /127.0.0.1 (port 1235): connect failed: ECONNREFUSED (Connection refused)
02-27 12:01:49.480 W/System.err( 1438): 	at libcore.io.IoBridge.connect(IoBridge.java:114)
02-27 12:01:49.480 W/System.err( 1438): 	at java.net.PlainSocketImpl.connect(PlainSocketImpl.java:192)
02-27 12:01:49.480 W/System.err( 1438): 	at java.net.PlainSocketImpl.connect(PlainSocketImpl.java:172)
02-27 12:01:49.480 W/System.err( 1438): 	at java.net.Socket.startupSocket(Socket.java:567)
02-27 12:01:49.490 W/System.err( 1438): 	at java.net.Socket.<init>(Socket.java:226)
02-27 12:01:49.490 W/System.err( 1438): 	at com.baiyi_mobile.easyroot.hookengine.comm.d.a(Unknown Source)
02-27 12:01:49.490 W/System.err( 1438): 	at com.baiyi_mobile.easyroot.hookengine.b.b.a(Unknown Source)
02-27 12:01:49.490 W/System.err( 1438): 	at com.baiyi_mobile.easyroot.hookengine.b.b.b(Unknown Source)
02-27 12:01:49.490 W/System.err( 1438): 	at com.baiyi_mobile.easyroot.hookengine.PermissionPromptService.b(Unknown Source)
02-27 12:01:49.490 W/System.err( 1438): 	at com.baiyi_mobile.easyroot.hookengine.b.run(Unknown Source)
02-27 12:01:49.490 W/System.err( 1438): Caused by: libcore.io.ErrnoException: connect failed: ECONNREFUSED (Connection refused)
02-27 12:01:49.490 W/System.err( 1438): 	at libcore.io.Posix.connect(Native Method)
02-27 12:01:49.490 W/System.err( 1438): 	at libcore.io.BlockGuardOs.connect(BlockGuardOs.java:85)
02-27 12:01:49.490 W/System.err( 1438): 	at libcore.io.IoBridge.connectErrno(IoBridge.java:127)
02-27 12:01:49.490 W/System.err( 1438): 	at libcore.io.IoBridge.connect(IoBridge.java:112)
02-27 12:01:49.490 W/System.err( 1438): 	... 9 more
02-27 12:01:49.490 W/System.err( 1438): java.net.ConnectException: failed to connect to /127.0.0.1 (port 1235): connect failed: ECONNREFUSED (Connection refused)
02-27 12:01:49.490 W/System.err( 1438): 	at libcore.io.IoBridge.connect(IoBridge.java:114)
02-27 12:01:49.490 W/System.err( 1438): 	at java.net.PlainSocketImpl.connect(PlainSocketImpl.java:192)
02-27 12:01:49.490 W/System.err( 1438): 	at java.net.PlainSocketImpl.connect(PlainSocketImpl.java:172)
02-27 12:01:49.490 W/System.err( 1438): 	at java.net.Socket.startupSocket(Socket.java:567)
02-27 12:01:49.500 W/System.err( 1438): 	at java.net.Socket.<init>(Socket.java:226)
02-27 12:01:49.500 W/System.err( 1438): 	at com.baiyi_mobile.easyroot.hookengine.comm.d.a(Unknown Source)
02-27 12:01:49.500 W/System.err( 1438): 	at com.baiyi_mobile.easyroot.hookengine.b.b.a(Unknown Source)
02-27 12:01:49.500 W/System.err( 1438): 	at com.baiyi_mobile.easyroot.hookengine.b.b.c(Unknown Source)
02-27 12:01:49.500 W/System.err( 1438): 	at com.baiyi_mobile.easyroot.hookengine.PermissionPromptService.b(Unknown Source)
02-27 12:01:49.500 W/System.err( 1438): 	at com.baiyi_mobile.easyroot.hookengine.b.run(Unknown Source)
02-27 12:01:49.500 W/System.err( 1438): Caused by: libcore.io.ErrnoException: connect failed: ECONNREFUSED (Connection refused)
02-27 12:01:49.500 W/System.err( 1438): 	at libcore.io.Posix.connect(Native Method)
02-27 12:01:49.500 W/System.err( 1438): 	at libcore.io.BlockGuardOs.connect(BlockGuardOs.java:85)
02-27 12:01:49.500 W/System.err( 1438): 	at libcore.io.IoBridge.connectErrno(IoBridge.java:127)
02-27 12:01:49.500 W/System.err( 1438): 	at libcore.io.IoBridge.connect(IoBridge.java:112)
02-27 12:01:49.500 W/System.err( 1438): 	... 9 more
02-27 12:01:49.500 D/BSS     ( 1438): not loadedtry rehook
02-27 12:01:51.000 W/BindingManager(15171): Cannot call determinedVisibility() - never saw a connection for the pid: 15171
02-27 12:01:51.030 E/MessagingSmsManager(15171): No Sim Card
02-27 12:01:51.040 W/chromium(15171): [WARNING:xwalk_extension_module.cc(203)] Exception when running message listener: undefined:242:20 ReferenceError: g_promises is not defined
02-27 12:01:51.040 W/chromium(15171):     if (_isFunction(g_promises[msgObj.asyncCallId].reject)) {
02-27 12:01:51.040 W/chromium(15171): 
02-27 12:01:51.110 D/SmsProvider(  807): Add address=5556
02-27 12:01:51.120 D/SmsProvider(  807): insert content://sms/6 succeeded
02-27 12:01:51.990 I/WifiHW  (  515): CMD: IFNAME=wlan0 SIGNAL_POLL
02-27 12:01:51.990 D/wpa_supplicant(  628): RX ctrl_iface - hexdump(len=11): 53 49 47 4e 41 4c 5f 50 4f 4c 4c
02-27 12:01:51.990 D/wpa_supplicant(  628): wlan0: Control interface command 'SIGNAL_POLL'
02-27 12:01:52.000 D/wpa_supplicant(  628): nl80211: survey data missing!
02-27 12:01:52.000 I/WifiHW  (  515): REPLY: RSSI=-56
02-27 12:01:52.000 I/WifiHW  (  515): REPLY: LINKSPEED=65
02-27 12:01:52.000 I/WifiHW  (  515): REPLY: NOISE=9999
02-27 12:01:52.000 I/WifiHW  (  515): REPLY: FREQUENCY=2462
02-27 12:01:54.170 W/BindingManager(15171): Cannot call determinedVisibility() - never saw a connection for the pid: 15171
02-27 12:01:54.290 I/dalvikvm(15171): Total arena pages for JIT: 12
02-27 12:01:54.290 I/dalvikvm(15171): Total arena pages for JIT: 13
02-27 12:01:54.290 I/dalvikvm(15171): Total arena pages for JIT: 14
02-27 12:01:54.290 I/dalvikvm(15171): Total arena pages for JIT: 15
02-27 12:01:54.300 W/chromium(15171): [WARNING:xwalk_extension_module.cc(203)] Exception when running message listener: undefined:246:20 ReferenceError: g_promises is not defined
02-27 12:01:54.300 W/chromium(15171):     if (_isFunction(g_promises[msgObj.asyncCallId].resolve)) {
02-27 12:01:54.300 W/chromium(15171): 
02-27 12:01:54.300 W/chromium(15171): [WARNING:xwalk_extension_module.cc(203)] Exception when running message listener: undefined:246:20 ReferenceError: g_promises is not defined
02-27 12:01:54.300 W/chromium(15171):     if (_isFunction(g_promises[msgObj.asyncCallId].resolve)) {
02-27 12:01:54.300 W/chromium(15171): 
02-27 12:01:54.300 W/chromium(15171): [WARNING:xwalk_extension_module.cc(203)] Exception when running message listener: undefined:246:20 ReferenceError: g_promises is not defined
02-27 12:01:54.300 W/chromium(15171):     if (_isFunction(g_promises[msgObj.asyncCallId].resolve)) {
02-27 12:01:54.300 W/chromium(15171): 
02-27 12:01:54.300 W/chromium(15171): [WARNING:xwalk_extension_module.cc(203)] Exception when running message listener: undefined:246:20 ReferenceError: g_promises is not defined
02-27 12:01:54.300 W/chromium(15171):     if (_isFunction(g_promises[msgObj.asyncCallId].resolve)) {
02-27 12:01:54.300 W/chromium(15171): 
02-27 12:01:55.010 I/WifiHW  (  515): CMD: IFNAME=wlan0 SIGNAL_POLL
02-27 12:01:55.010 D/wpa_supplicant(  628): RX ctrl_iface - hexdump(len=11): 53 49 47 4e 41 4c 5f 50 4f 4c 4c
02-27 12:01:55.010 D/wpa_supplicant(  628): wlan0: Control interface command 'SIGNAL_POLL'
02-27 12:01:55.030 D/wpa_supplicant(  628): nl80211: survey data missing!
02-27 12:01:55.030 I/WifiHW  (  515): REPLY: RSSI=-55
02-27 12:01:55.030 I/WifiHW  (  515): REPLY: LINKSPEED=65
02-27 12:01:55.030 I/WifiHW  (  515): REPLY: NOISE=9999
02-27 12:01:55.030 I/WifiHW  (  515): REPLY: FREQUENCY=2462
02-27 12:01:56.440 W/BindingManager(15171): Cannot call determinedVisibility() - never saw a connection for the pid: 15171
02-27 12:01:56.460 E/MessagingSmsManager(15171): No Sim Card
02-27 12:01:56.470 W/chromium(15171): [WARNING:xwalk_extension_module.cc(203)] Exception when running message listener: undefined:242:20 ReferenceError: g_promises is not defined
02-27 12:01:56.470 W/chromium(15171):     if (_isFunction(g_promises[msgObj.asyncCallId].reject)) {
02-27 12:01:56.470 W/chromium(15171): 
02-27 12:01:56.520 D/MmsSmsProvider(  807): getSingleAddressId: insert new canonical_address for xxxxxx, _id=13
02-27 12:01:56.520 D/MmsSmsProvider(  807): getThreadId: create new thread_id for recipients xxxxxxxx
02-27 12:01:56.520 D/MmsSmsProvider(  807): insertThread: created new thread_id 13 for recipientIds xxxxxxx
02-27 12:01:56.570 D/SmsProvider(  807): Add address=5556
02-27 12:01:56.580 D/SmsProvider(  807): insert content://sms/1 succeeded
02-27 12:01:58.040 I/WifiHW  (  515): CMD: IFNAME=wlan0 SIGNAL_POLL
02-27 12:01:58.040 D/wpa_supplicant(  628): RX ctrl_iface - hexdump(len=11): 53 49 47 4e 41 4c 5f 50 4f 4c 4c
02-27 12:01:58.040 D/wpa_supplicant(  628): wlan0: Control interface command 'SIGNAL_POLL'
02-27 12:01:58.070 D/wpa_supplicant(  628): nl80211: survey data missing!
02-27 12:01:58.070 I/WifiHW  (  515): REPLY: RSSI=-55
02-27 12:01:58.070 I/WifiHW  (  515): REPLY: LINKSPEED=65
02-27 12:01:58.070 I/WifiHW  (  515): REPLY: NOISE=9999
02-27 12:01:58.070 I/WifiHW  (  515): REPLY: FREQUENCY=2462
02-27 12:01:59.620 W/BindingManager(15171): Cannot call determinedVisibility() - never saw a connection for the pid: 15171
02-27 12:01:59.740 W/chromium(15171): [WARNING:xwalk_extension_module.cc(203)] Exception when running message listener: undefined:246:20 ReferenceError: g_promises is not defined
02-27 12:01:59.740 W/chromium(15171):     if (_isFunction(g_promises[msgObj.asyncCallId].resolve)) {
02-27 12:01:59.740 W/chromium(15171): 
02-27 12:01:59.740 W/chromium(15171): [WARNING:xwalk_extension_module.cc(203)] Exception when running message listener: undefined:246:20 ReferenceError: g_promises is not defined
02-27 12:01:59.740 W/chromium(15171):     if (_isFunction(g_promises[msgObj.asyncCallId].resolve)) {
02-27 12:01:59.740 W/chromium(15171): 
02-27 12:01:59.740 W/chromium(15171): [WARNING:xwalk_extension_module.cc(203)] Exception when running message listener: undefined:246:20 ReferenceError: g_promises is not defined
02-27 12:01:59.740 W/chromium(15171):     if (_isFunction(g_promises[msgObj.asyncCallId].resolve)) {
02-27 12:01:59.740 W/chromium(15171): 
02-27 12:01:59.740 W/chromium(15171): [WARNING:xwalk_extension_module.cc(203)] Exception when running message listener: undefined:246:20 ReferenceError: g_promises is not defined
02-27 12:01:59.740 W/chromium(15171):     if (_isFunction(g_promises[msgObj.asyncCallId].resolve)) {
02-27 12:01:59.740 W/chromium(15171): 
02-27 12:02:00.000 D/Clock   (  580): ACTION_TIME_TICK
02-27 12:02:00.000 D/Clock   (  580): update clock:12:02
02-27 12:02:00.040 D/BatteryStatsImpl(  515): noteStopWakeLocked system isFromForeground = false
02-27 12:02:00.940 D/EVENT_THREAD(  188): void CEventThread::run() POLLIN event on Fd (1)
02-27 12:02:00.940 D/EVENT_THREAD(  188): void CEventThread::run() Do poll with timeout: -1
02-27 12:02:01.090 I/WifiHW  (  515): CMD: IFNAME=wlan0 SIGNAL_POLL
02-27 12:02:01.090 D/wpa_supplicant(  628): RX ctrl_iface - hexdump(len=11): 53 49 47 4e 41 4c 5f 50 4f 4c 4c
02-27 12:02:01.090 D/wpa_supplicant(  628): wlan0: Control interface command 'SIGNAL_POLL'
02-27 12:02:01.110 D/wpa_supplicant(  628): nl80211: survey data missing!
02-27 12:02:01.110 I/WifiHW  (  515): REPLY: RSSI=-55
02-27 12:02:01.110 I/WifiHW  (  515): REPLY: LINKSPEED=65
02-27 12:02:01.110 I/WifiHW  (  515): REPLY: NOISE=9999
02-27 12:02:01.110 I/WifiHW  (  515): REPLY: FREQUENCY=2462
02-27 12:02:01.810 W/BindingManager(15171): Cannot call determinedVisibility() - never saw a connection for the pid: 15171
02-27 12:02:01.840 E/MessagingSmsManager(15171): No Sim Card
02-27 12:02:01.860 W/chromium(15171): [WARNING:xwalk_extension_module.cc(203)] Exception when running message listener: undefined:242:20 ReferenceError: g_promises is not defined
02-27 12:02:01.860 W/chromium(15171):     if (_isFunction(g_promises[msgObj.asyncCallId].reject)) {
02-27 12:02:01.860 W/chromium(15171): 
02-27 12:02:01.870 D/MmsSmsProvider(  807): getSingleAddressId: insert new canonical_address for xxxxxx, _id=14
02-27 12:02:01.870 D/MmsSmsProvider(  807): getThreadId: create new thread_id for recipients xxxxxxxx
02-27 12:02:01.870 D/MmsSmsProvider(  807): insertThread: created new thread_id 14 for recipientIds xxxxxxx
02-27 12:02:01.880 W/chromium(15171): [WARNING:xwalk_extension_module.cc(203)] Exception when running message listener: undefined:231:20 ReferenceError: g_promises is not defined
02-27 12:02:01.880 W/chromium(15171):     if (_isFunction(g_promises[msgObj.asyncCallId].resolve)) {
02-27 12:02:01.880 W/chromium(15171): 
02-27 12:02:01.890 W/chromium(15171): [WARNING:xwalk_extension_module.cc(203)] Exception when running message listener: undefined:231:20 ReferenceError: g_promises is not defined
02-27 12:02:01.890 W/chromium(15171):     if (_isFunction(g_promises[msgObj.asyncCallId].resolve)) {
02-27 12:02:01.890 W/chromium(15171): 
02-27 12:02:01.890 W/chromium(15171): [WARNING:xwalk_extension_module.cc(203)] Exception when running message listener: undefined:231:20 ReferenceError: g_promises is not defined
02-27 12:02:01.890 W/chromium(15171):     if (_isFunction(g_promises[msgObj.asyncCallId].resolve)) {
02-27 12:02:01.890 W/chromium(15171): 
02-27 12:02:01.900 W/chromium(15171): [WARNING:xwalk_extension_module.cc(203)] Exception when running message listener: undefined:231:20 ReferenceError: g_promises is not defined
02-27 12:02:01.900 W/chromium(15171):     if (_isFunction(g_promises[msgObj.asyncCallId].resolve)) {
02-27 12:02:01.900 W/chromium(15171): 
02-27 12:02:01.900 D/dalvikvm(  807): GC_EXPLICIT freed 832K, 13% free 6675K/7668K, paused 0ms+2ms, total 21ms
02-27 12:02:01.910 W/chromium(15171): [WARNING:xwalk_extension_module.cc(203)] Exception when running message listener: undefined:231:20 ReferenceError: g_promises is not defined
02-27 12:02:01.910 W/chromium(15171):     if (_isFunction(g_promises[msgObj.asyncCallId].resolve)) {
02-27 12:02:01.910 W/chromium(15171): 
02-27 12:02:01.950 D/SmsProvider(  807): Add address=5556
02-27 12:02:01.950 W/chromium(15171): [WARNING:xwalk_extension_module.cc(203)] Exception when running message listener: undefined:231:20 ReferenceError: g_promises is not defined
02-27 12:02:01.950 W/chromium(15171):     if (_isFunction(g_promises[msgObj.asyncCallId].resolve)) {
02-27 12:02:01.950 W/chromium(15171): 
02-27 12:02:01.970 D/SmsProvider(  807): insert content://sms/1 succeeded
02-27 12:02:01.970 W/chromium(15171): [WARNING:xwalk_extension_module.cc(203)] Exception when running message listener: undefined:231:20 ReferenceError: g_promises is not defined
02-27 12:02:01.970 W/chromium(15171):     if (_isFunction(g_promises[msgObj.asyncCallId].resolve)) {
02-27 12:02:01.970 W/chromium(15171): 
02-27 12:02:01.980 W/chromium(15171): [WARNING:xwalk_extension_module.cc(203)] Exception when running message listener: undefined:231:20 ReferenceError: g_promises is not defined
02-27 12:02:01.980 W/chromium(15171):     if (_isFunction(g_promises[msgObj.asyncCallId].resolve)) {
02-27 12:02:01.980 W/chromium(15171): 
02-27 12:02:02.000 W/chromium(15171): [WARNING:xwalk_extension_module.cc(203)] Exception when running message listener: undefined:231:20 ReferenceError: g_promises is not defined
02-27 12:02:02.000 W/chromium(15171):     if (_isFunction(g_promises[msgObj.asyncCallId].resolve)) {
02-27 12:02:02.000 W/chromium(15171): 
02-27 12:02:02.010 W/chromium(15171): [WARNING:xwalk_extension_module.cc(203)] Exception when running message listener: undefined:231:20 ReferenceError: g_promises is not defined
02-27 12:02:02.010 W/chromium(15171):     if (_isFunction(g_promises[msgObj.asyncCallId].resolve)) {
02-27 12:02:02.010 W/chromium(15171): 
02-27 12:02:02.010 W/chromium(15171): [WARNING:xwalk_extension_module.cc(203)] Exception when running message listener: undefined:231:20 ReferenceError: g_promises is not defined
02-27 12:02:02.010 W/chromium(15171):     if (_isFunction(g_promises[msgObj.asyncCallId].resolve)) {
02-27 12:02:02.010 W/chromium(15171): 
02-27 12:02:02.020 W/chromium(15171): [WARNING:xwalk_extension_module.cc(203)] Exception when running message listener: undefined:231:20 ReferenceError: g_promises is not defined
02-27 12:02:02.020 W/chromium(15171):     if (_isFunction(g_promises[msgObj.asyncCallId].resolve)) {
02-27 12:02:02.020 W/chromium(15171): 
02-27 12:02:02.030 W/chromium(15171): [WARNING:xwalk_extension_module.cc(203)] Exception when running message listener: undefined:231:20 ReferenceError: g_promises is not defined
02-27 12:02:02.030 W/chromium(15171):     if (_isFunction(g_promises[msgObj.asyncCallId].resolve)) {
02-27 12:02:02.030 W/chromium(15171): 
02-27 12:02:02.030 W/chromium(15171): [WARNING:xwalk_extension_module.cc(203)] Exception when running message listener: undefined:231:20 ReferenceError: g_promises is not defined
02-27 12:02:02.030 W/chromium(15171):     if (_isFunction(g_promises[msgObj.asyncCallId].resolve)) {
02-27 12:02:02.030 W/chromium(15171): 
02-27 12:02:02.040 W/chromium(15171): [WARNING:xwalk_extension_module.cc(203)] Exception when running message listener: undefined:231:20 ReferenceError: g_promises is not defined
02-27 12:02:02.040 W/chromium(15171):     if (_isFunction(g_promises[msgObj.asyncCallId].resolve)) {
02-27 12:02:02.040 W/chromium(15171): 
02-27 12:02:02.490 D/AlarmManager(  515): Triggered Alarm 21fa79e8 RTC_WAKEUP IntentSender{224c8dc8: PendingIntentRecord{221d33f8 com.tianmashikong.qmqj.qihoo360 broadcastIntent}}
02-27 12:02:02.500 D/BatteryStatsImpl(  515): noteStopWakeLocked system isFromForeground = false
02-27 12:02:02.530 D/BatteryStatsImpl(  515): noteStopWakeLocked system isFromForeground = false
02-27 12:02:02.570 D/BatteryStatsImpl(  515): noteStopWakeLocked com.tianmashikong.qmqj.qihoo360:pushservice isFromForeground = false
02-27 12:02:02.570 D/BatteryStatsImpl(  515): noteStopWakeLocked com.tianmashikong.qmqj.qihoo360:pushservice isFromForeground = false
02-27 12:02:02.570 D/BatteryStatsImpl(  515): noteStopWakeLocked com.tianmashikong.qmqj.qihoo360:pushservice isFromForeground = false
02-27 12:02:02.570 D/BatteryStatsImpl(  515): noteStopWakeLocked com.tianmashikong.qmqj.qihoo360:pushservice isFromForeground = false
02-27 12:02:02.810 D/EVENT_THREAD(  188): void CEventThread::run() POLLIN event on Fd (1)
02-27 12:02:02.810 D/EVENT_THREAD(  188): void CEventThread::run() Do poll with timeout: -1
02-27 12:02:02.820 I/upi_ug31xx(  167): (858) update_capacity
02-27 12:02:02.820 I/[UPI]   (  167): <UG31/E>[UpiReadCapacity]: V=3803(3801), T=309(311-361), I=-151, C=-1(-1-0)
02-27 12:02:02.820 I/[UPI]   (  167): <UG31/E>[UpiReadCapacity]: (0x0221254a) 1292 (1747) / 3159 (3708) = 41
02-27 12:02:02.820 I/[UPI]   (  167): <UG31/E>[UpiReadCapacity]: (0x0221254a) 1292 (1747) / 3159 (3708) = 41
02-27 12:02:02.820 I/[UPI]   (  167): <UG31/E>[UpiReadCapacity]: (0x0221254a) 1292 (1292) / 3159 (3708) = 41
02-27 12:02:02.820 I/[UPI]   (  167): <UG31/E>[RsocFilterCountTime]: (0x0221254a) Step=6(370914), Full=6(370914), Lock=370914(2823735)
02-27 12:02:02.820 I/[UPI]   (  167): <UG31/E>[UpiReadCapacity]: (0x0221254a) 1292 (1292) / 3159 (3708) = 41 (-151--151)
02-27 12:02:02.820 I/[UPI]   (  167): <UG31/E><BATT> M:normal, P:41(41-41)%, V:3802mV, C:-143mA, T:31.1C(361), S:0x0221254a(000), R:1292mAh, F:3159mAh, Q:-1265mAh, CC:12, P:30.300(1229-0)s, BO:5, 97:615:0-44af-9m:B001-20140514-144301 (16)
02-27 12:02:02.820 D/EVENT_THREAD(  188): void CEventThread::run() POLLIN event on Fd (1)
02-27 12:02:02.820 D/EVENT_THREAD(  188): void CEventThread::run() Do poll with timeout: -1
02-27 12:02:02.870 I/upi_ug31xx(  167): (859) backup_data 
02-27 12:02:02.870 V/upi_ug31xx(  167): state->check_backup_count = 12
02-27 12:02:03.170 D/EVENT_THREAD(  188): void CEventThread::run() POLLIN event on Fd (1)
02-27 12:02:03.170 D/EVENT_THREAD(  188): void CEventThread::run() Do poll with timeout: -1
02-27 12:02:03.170 I/upi_ug31xx(  167): (860) backup_bo check
02-27 12:02:04.110 I/WifiHW  (  515): CMD: IFNAME=wlan0 SIGNAL_POLL
02-27 12:02:04.120 D/wpa_supplicant(  628): RX ctrl_iface - hexdump(len=11): 53 49 47 4e 41 4c 5f 50 4f 4c 4c
02-27 12:02:04.120 D/wpa_supplicant(  628): wlan0: Control interface command 'SIGNAL_POLL'
02-27 12:02:04.140 D/wpa_supplicant(  628): nl80211: survey data missing!
02-27 12:02:04.140 I/WifiHW  (  515): REPLY: RSSI=-56
02-27 12:02:04.140 I/WifiHW  (  515): REPLY: LINKSPEED=65
02-27 12:02:04.140 I/WifiHW  (  515): REPLY: NOISE=9999
02-27 12:02:04.140 I/WifiHW  (  515): REPLY: FREQUENCY=2462
02-27 12:02:04.480 D/BatteryStatsImpl(  515): noteStopWakeLocked com.tianmashikong.qmqj.qihoo360:pushservice isFromForeground = false
02-27 12:02:04.490 D/BatteryStatsImpl(  515): noteStopWakeLocked com.tianmashikong.qmqj.qihoo360:pushservice isFromForeground = false
02-27 12:02:04.490 D/BatteryStatsImpl(  515): noteStopWakeLocked system isFromForeground = false
02-27 12:02:04.490 D/AlarmManager(  515): Triggered Alarm 21f608f8 RTC_WAKEUP IntentSender{224c8c00: PendingIntentRecord{222b1d18 com.tianmashikong.qmqj.qihoo360 broadcastIntent}}
02-27 12:02:04.510 W/BindingManager(15171): Cannot call determinedVisibility() - never saw a connection for the pid: 15171
02-27 12:02:04.550 E/MessagingSmsManager(15171): No Sim Card
02-27 12:02:04.550 W/System.err(15171): org.json.JSONException: No value for phone
02-27 12:02:04.550 W/System.err(15171): 	at org.json.JSONObject.get(JSONObject.java:355)
02-27 12:02:04.550 W/System.err(15171): 	at org.json.JSONObject.getString(JSONObject.java:515)
02-27 12:02:04.550 W/System.err(15171): 	at org.xwalk.core.internal.extension.api.messaging.MessagingSmsManager.onSmsSend(MessagingSmsManager.java:82)
02-27 12:02:04.550 W/System.err(15171): 	at org.xwalk.core.internal.extension.api.messaging.Messaging$1.runCommand(Messaging.java:45)
02-27 12:02:04.550 W/System.err(15171): 	at org.xwalk.core.internal.extension.api.messaging.Messaging.onMessage(Messaging.java:121)
02-27 12:02:04.550 W/System.err(15171): 	at dalvik.system.NativeStart.run(Native Method)
02-27 12:02:04.550 E/MessagingSmsManager(15171): No Sim Card
02-27 12:02:04.550 W/System.err(15171): org.json.JSONException: No value for message
02-27 12:02:04.550 W/System.err(15171): 	at org.json.JSONObject.get(JSONObject.java:355)
02-27 12:02:04.550 W/System.err(15171): 	at org.json.JSONObject.getString(JSONObject.java:515)
02-27 12:02:04.550 W/System.err(15171): 	at org.xwalk.core.internal.extension.api.messaging.MessagingSmsManager.onSmsSend(MessagingSmsManager.java:83)
02-27 12:02:04.550 W/System.err(15171): 	at org.xwalk.core.internal.extension.api.messaging.Messaging$1.runCommand(Messaging.java:45)
02-27 12:02:04.550 W/System.err(15171): 	at org.xwalk.core.internal.extension.api.messaging.Messaging.onMessage(Messaging.java:121)
02-27 12:02:04.550 W/System.err(15171): 	at dalvik.system.NativeStart.run(Native Method)
02-27 12:02:04.550 W/System.err(15171): org.json.JSONException: No value for text
02-27 12:02:04.550 W/System.err(15171): 	at org.json.JSONObject.get(JSONObject.java:355)
02-27 12:02:04.550 W/System.err(15171): 	at org.json.JSONObject.getString(JSONObject.java:515)
02-27 12:02:04.550 W/System.err(15171): 	at org.xwalk.core.internal.extension.api.messaging.MessagingSmsManager.onSmsSegmentInfo(MessagingSmsManager.java:164)
02-27 12:02:04.550 W/System.err(15171): 	at org.xwalk.core.internal.extension.api.messaging.Messaging$3.runCommand(Messaging.java:55)
02-27 12:02:04.550 W/System.err(15171): 	at org.xwalk.core.internal.extension.api.messaging.Messaging.onMessage(Messaging.java:121)
02-27 12:02:04.550 W/System.err(15171): 	at dalvik.system.NativeStart.run(Native Method)
02-27 12:02:04.560 W/System.err(15171): org.json.JSONException: No value for conversationID
02-27 12:02:04.560 W/System.err(15171): 	at org.json.JSONObject.get(JSONObject.java:355)
02-27 12:02:04.560 W/System.err(15171): 	at org.json.JSONObject.getString(JSONObject.java:515)
02-27 12:02:04.560 W/System.err(15171): 	at org.xwalk.core.internal.extension.api.messaging.MessagingManager.operation(MessagingManager.java:177)
02-27 12:02:04.560 W/System.err(15171): 	at org.xwalk.core.internal.extension.api.messaging.MessagingManager.onMsgMarkConversationRead(MessagingManager.java:66)
02-27 12:02:04.560 W/System.err(15171): 	at org.xwalk.core.internal.extension.api.messaging.Messaging$9.runCommand(Messaging.java:85)
02-27 12:02:04.560 W/System.err(15171): 	at org.xwalk.core.internal.extension.api.messaging.Messaging.onMessage(Messaging.java:121)
02-27 12:02:04.560 W/System.err(15171): 	at dalvik.system.NativeStart.run(Native Method)
02-27 12:02:04.570 W/System.err(15171): org.json.JSONException: No value for conversationID
02-27 12:02:04.570 W/System.err(15171): 	at org.json.JSONObject.get(JSONObject.java:355)
02-27 12:02:04.570 W/System.err(15171): 	at org.json.JSONObject.getString(JSONObject.java:515)
02-27 12:02:04.570 W/System.err(15171): 	at org.xwalk.core.internal.extension.api.messaging.MessagingManager.operation(MessagingManager.java:177)
02-27 12:02:04.570 W/System.err(15171): 	at org.xwalk.core.internal.extension.api.messaging.MessagingManager.onMsgDeleteConversation(MessagingManager.java:58)
02-27 12:02:04.570 W/System.err(15171): 	at org.xwalk.core.internal.extension.api.messaging.Messaging$7.runCommand(Messaging.java:75)
02-27 12:02:04.570 W/System.err(15171): 	at org.xwalk.core.internal.extension.api.messaging.Messaging.onMessage(Messaging.java:121)
02-27 12:02:04.570 W/System.err(15171): 	at dalvik.system.NativeStart.run(Native Method)
02-27 12:02:04.570 W/System.err(15171): java.lang.NullPointerException
02-27 12:02:04.570 W/System.err(15171): 	at org.xwalk.core.internal.extension.api.messaging.MessagingHelpers.buildSqlFilterOptionString(MessagingHelpers.java:104)
02-27 12:02:04.570 W/System.err(15171): 	at org.xwalk.core.internal.extension.api.messaging.MessagingManager.queryMessage(MessagingManager.java:119)
02-27 12:02:04.570 W/System.err(15171): 	at org.xwalk.core.internal.extension.api.messaging.MessagingManager.onMsgFindMessages(MessagingManager.java:46)
02-27 12:02:04.570 W/System.err(15171): 	at org.xwalk.core.internal.extension.api.messaging.Messaging$4.runCommand(Messaging.java:60)
02-27 12:02:04.570 W/System.err(15171): 	at org.xwalk.core.internal.extension.api.messaging.Messaging.onMessage(Messaging.java:121)
02-27 12:02:04.570 W/System.err(15171): 	at dalvik.system.NativeStart.run(Native Method)
02-27 12:02:04.570 W/System.err(15171): org.json.JSONException: No value for conversationID
02-27 12:02:04.570 W/System.err(15171): 	at org.json.JSONObject.get(JSONObject.java:355)
02-27 12:02:04.570 W/System.err(15171): 	at org.json.JSONObject.getString(JSONObject.java:515)
02-27 12:02:04.570 W/System.err(15171): 	at org.xwalk.core.internal.extension.api.messaging.MessagingManager.operation(MessagingManager.java:177)
02-27 12:02:04.570 W/System.err(15171): 	at org.xwalk.core.internal.extension.api.messaging.MessagingManager.onMsgMarkMessageRead(MessagingManager.java:62)
02-27 12:02:04.570 W/System.err(15171): 	at org.xwalk.core.internal.extension.api.messaging.Messaging$8.runCommand(Messaging.java:80)
02-27 12:02:04.570 W/System.err(15171): 	at org.xwalk.core.internal.extension.api.messaging.Messaging.onMessage(Messaging.java:121)
02-27 12:02:04.570 W/System.err(15171): 	at dalvik.system.NativeStart.run(Native Method)
02-27 12:02:04.570 W/System.err(15171): org.json.JSONException: No value for type
02-27 12:02:04.570 W/System.err(15171): 	at org.json.JSONObject.get(JSONObject.java:355)
02-27 12:02:04.570 W/System.err(15171): 	at org.json.JSONObject.getString(JSONObject.java:515)
02-27 12:02:04.570 W/System.err(15171): 	at org.xwalk.core.internal.extension.api.messaging.MessagingManager.queryMessage(MessagingManager.java:97)
02-27 12:02:04.570 W/System.err(15171): 	at org.xwalk.core.internal.extension.api.messaging.MessagingManager.onMsgGetMessage(MessagingManager.java:50)
02-27 12:02:04.570 W/System.err(15171): 	at org.xwalk.core.internal.extension.api.messaging.Messaging$5.runCommand(Messaging.java:65)
02-27 12:02:04.570 W/System.err(15171): 	at org.xwalk.core.internal.extension.api.messaging.Messaging.onMessage(Messaging.java:121)
02-27 12:02:04.570 W/System.err(15171): 	at dalvik.system.NativeStart.run(Native Method)
02-27 12:02:04.570 W/System.err(15171): org.json.JSONException: No value for conversationID
02-27 12:02:04.570 W/System.err(15171): 	at org.json.JSONObject.get(JSONObject.java:355)
02-27 12:02:04.570 W/System.err(15171): 	at org.json.JSONObject.getString(JSONObject.java:515)
02-27 12:02:04.570 W/System.err(15171): 	at org.xwalk.core.internal.extension.api.messaging.MessagingManager.operation(MessagingManager.java:177)
02-27 12:02:04.570 W/System.err(15171): 	at org.xwalk.core.internal.extension.api.messaging.MessagingManager.onMsgDeleteMessage(MessagingManager.java:54)
02-27 12:02:04.570 W/System.err(15171): 	at org.xwalk.core.internal.extension.api.messaging.Messaging$6.runCommand(Messaging.java:70)
02-27 12:02:04.570 W/System.err(15171): 	at org.xwalk.core.internal.extension.api.messaging.Messaging.onMessage(Messaging.java:121)
02-27 12:02:04.570 W/System.err(15171): 	at dalvik.system.NativeStart.run(Native Method)
02-27 12:02:04.570 E/MessagingSmsManager(15171): No Sim Card
02-27 12:02:04.580 W/chromium(15171): [WARNING:xwalk_extension_module.cc(203)] Exception when running message listener: undefined:242:20 ReferenceError: g_promises is not defined
02-27 12:02:04.580 W/chromium(15171):     if (_isFunction(g_promises[msgObj.asyncCallId].reject)) {
02-27 12:02:04.580 W/chromium(15171): 
02-27 12:02:04.630 D/MmsSmsProvider(  807): getSingleAddressId: insert new canonical_address for xxxxxx, _id=15
02-27 12:02:04.630 D/MmsSmsProvider(  807): getThreadId: create new thread_id for recipients xxxxxxxx
02-27 12:02:04.630 D/MmsSmsProvider(  807): insertThread: created new thread_id 15 for recipientIds xxxxxxx
02-27 12:02:04.690 D/dalvikvm(  515): GC_EXPLICIT freed 492K, 49% free 19337K/37668K, paused 1ms+4ms, total 46ms
02-27 12:02:04.750 D/SmsProvider(  807): Add address=13813926794
02-27 12:02:04.770 D/SmsProvider(  807): insert content://sms/2 succeeded
02-27 12:02:07.140 I/WifiHW  (  515): CMD: IFNAME=wlan0 SIGNAL_POLL
02-27 12:02:07.140 D/wpa_supplicant(  628): RX ctrl_iface - hexdump(len=11): 53 49 47 4e 41 4c 5f 50 4f 4c 4c
02-27 12:02:07.140 D/wpa_supplicant(  628): wlan0: Control interface command 'SIGNAL_POLL'
02-27 12:02:07.170 D/wpa_supplicant(  628): nl80211: survey data missing!
02-27 12:02:07.170 I/WifiHW  (  515): REPLY: RSSI=-54
02-27 12:02:07.170 I/WifiHW  (  515): REPLY: LINKSPEED=65
02-27 12:02:07.170 I/WifiHW  (  515): REPLY: NOISE=9999
02-27 12:02:07.170 I/WifiHW  (  515): REPLY: FREQUENCY=2462
02-27 12:02:09.230 W/BindingManager(15171): Cannot call determinedVisibility() - never saw a connection for the pid: 15171
02-27 12:02:10.180 I/WifiHW  (  515): CMD: IFNAME=wlan0 SIGNAL_POLL
02-27 12:02:10.180 D/wpa_supplicant(  628): RX ctrl_iface - hexdump(len=11): 53 49 47 4e 41 4c 5f 50 4f 4c 4c
02-27 12:02:10.180 D/wpa_supplicant(  628): wlan0: Control interface command 'SIGNAL_POLL'
02-27 12:02:10.200 D/wpa_supplicant(  628): nl80211: survey data missing!
02-27 12:02:10.200 I/WifiHW  (  515): REPLY: RSSI=-55
02-27 12:02:10.200 I/WifiHW  (  515): REPLY: LINKSPEED=65
02-27 12:02:10.200 I/WifiHW  (  515): REPLY: NOISE=9999
02-27 12:02:10.200 I/WifiHW  (  515): REPLY: FREQUENCY=2462
02-27 12:02:10.930 W/chromium(15171): [WARNING:xwalk_extension_module.cc(203)] Exception when running message listener: undefined:231:20 ReferenceError: g_promises is not defined
02-27 12:02:10.930 W/chromium(15171):     if (_isFunction(g_promises[msgObj.asyncCallId].resolve)) {
02-27 12:02:10.930 W/chromium(15171): 
02-27 12:02:10.930 W/chromium(15171): [WARNING:xwalk_extension_module.cc(203)] Exception when running message listener: undefined:231:20 ReferenceError: g_promises is not defined
02-27 12:02:10.930 W/chromium(15171):     if (_isFunction(g_promises[msgObj.asyncCallId].resolve)) {
02-27 12:02:10.930 W/chromium(15171): 
02-27 12:02:10.930 W/chromium(15171): [WARNING:xwalk_extension_module.cc(203)] Exception when running message listener: undefined:231:20 ReferenceError: g_promises is not defined
02-27 12:02:10.930 W/chromium(15171):     if (_isFunction(g_promises[msgObj.asyncCallId].resolve)) {
02-27 12:02:10.930 W/chromium(15171): 
02-27 12:02:10.940 W/chromium(15171): [WARNING:xwalk_extension_module.cc(203)] Exception when running message listener: undefined:231:20 ReferenceError: g_promises is not defined
02-27 12:02:10.940 W/chromium(15171):     if (_isFunction(g_promises[msgObj.asyncCallId].resolve)) {
02-27 12:02:10.940 W/chromium(15171): 
02-27 12:02:10.940 W/chromium(15171): [WARNING:xwalk_extension_module.cc(203)] Exception when running message listener: undefined:231:20 ReferenceError: g_promises is not defined
02-27 12:02:10.940 W/chromium(15171):     if (_isFunction(g_promises[msgObj.asyncCallId].resolve)) {
02-27 12:02:10.940 W/chromium(15171): 
02-27 12:02:10.950 W/chromium(15171): [WARNING:xwalk_extension_module.cc(203)] Exception when running message listener: undefined:231:20 ReferenceError: g_promises is not defined
02-27 12:02:10.950 W/chromium(15171):     if (_isFunction(g_promises[msgObj.asyncCallId].resolve)) {
02-27 12:02:10.950 W/chromium(15171): 
02-27 12:02:10.960 W/chromium(15171): [WARNING:xwalk_extension_module.cc(203)] Exception when running message listener: undefined:231:20 ReferenceError: g_promises is not defined
02-27 12:02:10.960 W/chromium(15171):     if (_isFunction(g_promises[msgObj.asyncCallId].resolve)) {
02-27 12:02:10.960 W/chromium(15171): 
02-27 12:02:10.960 W/chromium(15171): [WARNING:xwalk_extension_module.cc(203)] Exception when running message listener: undefined:231:20 ReferenceError: g_promises is not defined
02-27 12:02:10.960 W/chromium(15171):     if (_isFunction(g_promises[msgObj.asyncCallId].resolve)) {
02-27 12:02:10.960 W/chromium(15171): 
02-27 12:02:10.970 W/chromium(15171): [WARNING:xwalk_extension_module.cc(203)] Exception when running message listener: undefined:231:20 ReferenceError: g_promises is not defined
02-27 12:02:10.970 W/chromium(15171):     if (_isFunction(g_promises[msgObj.asyncCallId].resolve)) {
02-27 12:02:10.970 W/chromium(15171): 
02-27 12:02:10.980 W/chromium(15171): [WARNING:xwalk_extension_module.cc(203)] Exception when running message listener: undefined:231:20 ReferenceError: g_promises is not defined
02-27 12:02:10.980 W/chromium(15171):     if (_isFunction(g_promises[msgObj.asyncCallId].resolve)) {
02-27 12:02:10.980 W/chromium(15171): 
02-27 12:02:10.990 D/dalvikvm(15171): GC_EXPLICIT freed 2033K, 24% free 7077K/9280K, paused 0ms+2ms, total 17ms
02-27 12:02:11.010 W/chromium(15171): [WARNING:xwalk_extension_module.cc(203)] Exception when running message listener: undefined:231:20 ReferenceError: g_promises is not defined
02-27 12:02:11.010 W/chromium(15171):     if (_isFunction(g_promises[msgObj.asyncCallId].resolve)) {
02-27 12:02:11.010 W/chromium(15171): 
02-27 12:02:11.010 W/chromium(15171): [WARNING:xwalk_extension_module.cc(203)] Exception when running message listener: undefined:231:20 ReferenceError: g_promises is not defined
02-27 12:02:11.010 W/chromium(15171):     if (_isFunction(g_promises[msgObj.asyncCallId].resolve)) {
02-27 12:02:11.010 W/chromium(15171): 
02-27 12:02:13.200 I/WifiHW  (  515): CMD: IFNAME=wlan0 SIGNAL_POLL
02-27 12:02:13.200 D/wpa_supplicant(  628): RX ctrl_iface - hexdump(len=11): 53 49 47 4e 41 4c 5f 50 4f 4c 4c
02-27 12:02:13.200 D/wpa_supplicant(  628): wlan0: Control interface command 'SIGNAL_POLL'
02-27 12:02:13.230 D/wpa_supplicant(  628): nl80211: survey data missing!
02-27 12:02:13.230 I/WifiHW  (  515): REPLY: RSSI=-56
02-27 12:02:13.230 I/WifiHW  (  515): REPLY: LINKSPEED=65
02-27 12:02:13.230 I/WifiHW  (  515): REPLY: NOISE=9999
02-27 12:02:13.230 I/WifiHW  (  515): REPLY: FREQUENCY=2462
02-27 12:02:13.450 W/BindingManager(15171): Cannot call determinedVisibility() - never saw a connection for the pid: 15171
02-27 12:02:13.480 V/MmsProvider(  807): Query uri=content://mms, match=0
02-27 12:02:13.490 V/MmsProvider(  807): Query uri=content://mms, match=0
02-27 12:02:13.490 V/MmsProvider(  807): Query uri=content://mms, match=0
02-27 12:02:13.500 W/chromium(15171): [WARNING:xwalk_extension_module.cc(203)] Exception when running message listener: undefined:231:20 ReferenceError: g_promises is not defined
02-27 12:02:13.500 W/chromium(15171):     if (_isFunction(g_promises[msgObj.asyncCallId].resolve)) {
02-27 12:02:13.500 W/chromium(15171): 
02-27 12:02:13.500 W/chromium(15171): [WARNING:xwalk_extension_module.cc(203)] Exception when running message listener: undefined:231:20 ReferenceError: g_promises is not defined
02-27 12:02:13.500 W/chromium(15171):     if (_isFunction(g_promises[msgObj.asyncCallId].resolve)) {
02-27 12:02:13.500 W/chromium(15171): 
02-27 12:02:13.500 W/chromium(15171): [WARNING:xwalk_extension_module.cc(203)] Exception when running message listener: undefined:231:20 ReferenceError: g_promises is not defined
02-27 12:02:13.500 W/chromium(15171):     if (_isFunction(g_promises[msgObj.asyncCallId].resolve)) {
02-27 12:02:13.500 W/chromium(15171): 
02-27 12:02:13.500 V/MmsProvider(  807): Query uri=content://mms, match=0
02-27 12:02:13.500 W/chromium(15171): [WARNING:xwalk_extension_module.cc(203)] Exception when running message listener: undefined:231:20 ReferenceError: g_promises is not defined
02-27 12:02:13.500 W/chromium(15171):     if (_isFunction(g_promises[msgObj.asyncCallId].resolve)) {
02-27 12:02:13.500 W/chromium(15171): 
02-27 12:02:13.510 V/MmsProvider(  807): Query uri=content://mms, match=0
02-27 12:02:13.510 W/chromium(15171): [WARNING:xwalk_extension_module.cc(203)] Exception when running message listener: undefined:231:20 ReferenceError: g_promises is not defined
02-27 12:02:13.510 W/chromium(15171):     if (_isFunction(g_promises[msgObj.asyncCallId].resolve)) {
02-27 12:02:13.510 W/chromium(15171): 
02-27 12:02:13.510 V/MmsProvider(  807): Query uri=content://mms, match=0
02-27 12:02:13.520 W/chromium(15171): [WARNING:xwalk_extension_module.cc(203)] Exception when running message listener: undefined:231:20 ReferenceError: g_promises is not defined
