02-27 12:01:00.580 D/AsusContactWigdetSync(14662): delete contact_id = 163
02-27 12:01:00.580 D/AsusContactWigdetSync(14662): delete contact_id = 164
02-27 12:01:00.580 D/AsusContactWigdetSync(14662): delete contact_id = 165
02-27 12:01:00.580 D/AsusContactWigdetSync(14662): delete contact_id = 166
02-27 12:01:00.580 D/AsusContactWigdetSync(14662): delete contact_id = 167
02-27 12:01:00.580 D/AsusContactWigdetSync(14662): sync isdelete = true
02-27 12:01:00.690 D/dalvikvm(14605): GC_EXPLICIT freed 613K, 14% free 7690K/8924K, paused 1ms+3ms, total 17ms
02-27 12:01:00.690 D/SendBroadcastHandler(14605): mTimerTask sendMessage CONTACTS_INSERT 
02-27 12:01:00.700 D/SendBroadcastHandler(14605): (insert) sendBroadcast mInsertRawContacts:6
02-27 12:01:00.700 D/SendBroadcastHandler(14605): (insert) sendBroadcast mInsertName:6
02-27 12:01:00.700 D/SendBroadcastHandler(14605): (insert) sendBroadcast mInsertNameDetail:6
02-27 12:01:00.700 D/SendBroadcastHandler(14605): sendBroadcast insert to voice agent
02-27 12:01:00.720 D/EVENT_THREAD(  188): void CEventThread::run() POLLIN event on Fd (1)
02-27 12:01:00.720 D/EVENT_THREAD(  188): void CEventThread::run() Do poll with timeout: -1
02-27 12:01:00.890 I/chromium(14392): [INFO:CONSOLE(70)] "WARNING: Message from backend doesn't have data.", source:  (70)
02-27 12:01:00.930 D/SendBroadcastHandler(14605): startTimer() SEND_TO_CONTACTS_INSERT 
02-27 12:01:01.140 W/BindingManager(14392): Cannot call determinedVisibility() - never saw a connection for the pid: 14392
02-27 12:01:01.340 D/dalvikvm(  515): GC_EXPLICIT freed 97K, 49% free 19311K/37668K, paused 1ms+4ms, total 49ms
02-27 12:01:01.370 V/ActivityManager(  515): Remove bg service from mStartingBackground ,r=ServiceRecord{221a4d40 u0 com.android.providers.calendar/.ContactsEventUpdateIntentService},r used time=78,left r count=3
02-27 12:01:01.580 D/AsusContactWigdetSync( 1102): sync start
02-27 12:01:01.580 D/AsusContactWigdetSync( 1102): sync selection = null
02-27 12:01:01.580 D/AsusContactWigdetSync(14662): sync start
02-27 12:01:01.580 D/AsusContactWigdetSync(14662): sync selection = null
02-27 12:01:01.580 D/AsusContactWigdetSync( 1102): sync delete selection = contact_id IN ( 163, 162, 167, 166, 165, 164)
02-27 12:01:01.580 D/AsusContactWigdetSync(14662): sync delete selection = contact_id IN ( 163, 162, 167, 166, 165, 164)
02-27 12:01:01.580 D/AsusContactWigdetSync( 1102): sync stop
02-27 12:01:01.580 D/AsusContactWigdetSync(14662): sync stop
02-27 12:01:01.580 V/ActivityManager(  515): Remove bg service from mStartingBackground ,r=ServiceRecord{221ac128 u0 com.asus.contacts/com.android.contacts.miniwidget.SyncService},r used time=1007,left r count=2
02-27 12:01:01.580 V/ActivityManager(  515): Remove bg service from mStartingBackground ,r=ServiceRecord{221a97b8 u0 com.asus.contactswidget/.SyncService},r used time=1005,left r count=1
02-27 12:01:02.160 D/EVENT_THREAD(  188): void CEventThread::run() POLLIN event on Fd (1)
02-27 12:01:02.160 D/EVENT_THREAD(  188): void CEventThread::run() Do poll with timeout: -1
02-27 12:01:02.160 D/EVENT_THREAD(  188): void CEventThread::run() POLLIN event on Fd (1)
02-27 12:01:02.160 D/EVENT_THREAD(  188): void CEventThread::run() Do poll with timeout: -1
02-27 12:01:02.160 I/upi_ug31xx(  167): (852) update_capacity
02-27 12:01:02.160 I/[UPI]   (  167): <UG31/E>[UpiReadCapacity]: V=3809(3799), T=308(308-360), I=-363, C=-4(-4-0)
02-27 12:01:02.160 I/[UPI]   (  167): <UG31/E>[UpiReadCapacity]: (0x0221254a) 1292 (1776) / 3159 (3708) = 41
02-27 12:01:02.160 I/[UPI]   (  167): <UG31/E>[UpiReadCapacity]: (0x0221254a) 1292 (1776) / 3159 (3708) = 41
02-27 12:01:02.160 I/[UPI]   (  167): <UG31/E>[UpiReadCapacity]: (0x0221254a) 1292 (1292) / 3159 (3708) = 41
02-27 12:01:02.160 I/[UPI]   (  167): <UG31/E>[RsocFilterCountTime]: (0x0221254a) Step=5(310264), Full=5(310264), Lock=310264(1800000)
02-27 12:01:02.160 I/[UPI]   (  167): <UG31/E>[UpiReadCapacity]: (0x0221254a) 1292 (1292) / 3159 (3708) = 41 (-363--363)
02-27 12:01:02.160 I/[UPI]   (  167): <UG31/E><BATT> M:normal, P:41(41-41)%, V:3797mV, C:-380mA, T:30.8C(360), S:0x0221254a(000), R:1292mAh, F:3159mAh, Q:-1263mAh, CC:12, P:30.300(1227-0)s, BO:5, 97:615:0-44af-9m:B001-20140514-144301 (16)
02-27 12:01:02.160 I/upi_ug31xx(  167): (853) backup_data 
02-27 12:01:02.160 V/upi_ug31xx(  167): state->check_backup_count = 10
02-27 12:01:02.370 I/CalendarProvider2(14638): Sending notification intent: Intent { act=android.intent.action.PROVIDER_CHANGED dat=content://com.android.calendar }
02-27 12:01:02.370 W/ContentResolver(14638): Failed to get type for: content://com.android.calendar (Unknown URL content://com.android.calendar)
02-27 12:01:02.370 D/AlertReceiver(14675): onReceive: a=android.intent.action.PROVIDER_CHANGED Intent { act=android.intent.action.PROVIDER_CHANGED dat=content://com.android.calendar flg=0x10 cmp=com.asus.calendar/com.android.calendar.alerts.AlertReceiver }
02-27 12:01:02.380 D/AlertService(14675): 0 Action = android.intent.action.PROVIDER_CHANGED
02-27 12:01:02.380 D/AlertService(14675): Beginning updateAlertNotification
02-27 12:01:02.380 V/ActivityManager(  515): Remove bg service from mStartingBackground ,r=ServiceRecord{22324d40 u0 com.android.providers.calendar/.EmptyService},r used time=1005,left r count=0
02-27 12:01:02.400 D/AlertService(14675): No fired or scheduled alerts
02-27 12:01:02.400 D/BatteryStatsImpl(  515): noteStopWakeLocked com.asus.calendar isFromForeground = false
02-27 12:01:02.400 V/ActivityManager(  515): Remove bg service from mStartingBackground ,r=ServiceRecord{220f5338 u0 com.asus.calendar/com.android.calendar.alerts.AlertService},r used time=26,left r count=0
02-27 12:01:02.510 D/EVENT_THREAD(  188): void CEventThread::run() POLLIN event on Fd (1)
02-27 12:01:02.510 I/upi_ug31xx(  167): (854) backup_bo check
02-27 12:01:02.510 D/EVENT_THREAD(  188): void CEventThread::run() Do poll with timeout: -1
02-27 12:01:03.050 D/SendBroadcastHandler(14605): startTimer() SEND_TO_CONTACTS_WIDGET_DELETE 
02-27 12:01:03.160 W/chromium(14392): [WARNING:xwalk_extension_module.cc(203)] Exception when running message listener: app://org.xwalk.webapi_noneservice_tests//opt/webapi-contactsmanager-w3c-tests/contactsmanager/ContactsChangeEvent_added_attribute.html:62:15 TypeError: Cannot read property '0' of undefined
02-27 12:01:03.160 W/chromium(14392):     if (e.added[0]) {
02-27 12:01:03.160 W/chromium(14392): 
02-27 12:01:03.240 W/chromium(14392): [WARNING:xwalk_extension_module.cc(203)] Exception when running message listener: app://org.xwalk.webapi_noneservice_tests//opt/webapi-contactsmanager-w3c-tests/contactsmanager/ContactsChangeEvent_added_attribute.html:62:15 TypeError: Cannot read property '0' of undefined
02-27 12:01:03.240 W/chromium(14392):     if (e.added[0]) {
02-27 12:01:03.240 W/chromium(14392): 
02-27 12:01:03.380 I/chromium(14392): [INFO:CONSOLE(70)] "WARNING: Message from backend doesn't have data.", source:  (70)
02-27 12:01:03.390 D/dalvikvm(14392): GC_EXPLICIT freed 1853K, 22% free 7110K/9088K, paused 0ms+3ms, total 20ms
02-27 12:01:03.450 I/WifiHW  (  515): CMD: IFNAME=wlan0 SIGNAL_POLL
02-27 12:01:03.450 D/wpa_supplicant(  628): RX ctrl_iface - hexdump(len=11): 53 49 47 4e 41 4c 5f 50 4f 4c 4c
02-27 12:01:03.450 D/wpa_supplicant(  628): wlan0: Control interface command 'SIGNAL_POLL'
02-27 12:01:03.480 D/wpa_supplicant(  628): nl80211: survey data missing!
02-27 12:01:03.480 I/WifiHW  (  515): REPLY: RSSI=-50
02-27 12:01:03.480 I/WifiHW  (  515): REPLY: LINKSPEED=65
02-27 12:01:03.480 I/WifiHW  (  515): REPLY: NOISE=9999
02-27 12:01:03.480 I/WifiHW  (  515): REPLY: FREQUENCY=2462
02-27 12:01:03.670 W/BindingManager(14392): Cannot call determinedVisibility() - never saw a connection for the pid: 14392
02-27 12:01:03.830 W/chromium(14392): [WARNING:xwalk_extension_module.cc(203)] Exception when running message listener: app://org.xwalk.webapi_noneservice_tests//opt/webapi-contactsmanager-w3c-tests/contactsmanager/ContactsChangeEvent_modified_attribute.html:70:18 TypeError: Cannot read property '0' of undefined
02-27 12:01:03.830 W/chromium(14392):     if (e.modified[0]) {
02-27 12:01:03.830 W/chromium(14392): 
02-27 12:01:03.930 D/SendBroadcastHandler(14605): mTimerTask sendMessage CONTACTS_INSERT 
02-27 12:01:03.930 D/SendBroadcastHandler(14605): (insert) sendBroadcast mInsertRawContacts:3
02-27 12:01:03.930 D/SendBroadcastHandler(14605): (insert) sendBroadcast mInsertName:3
02-27 12:01:03.930 D/SendBroadcastHandler(14605): (insert) sendBroadcast mInsertNameDetail:3
02-27 12:01:03.930 D/SendBroadcastHandler(14605): sendBroadcast insert to voice agent
02-27 12:01:03.990 D/dalvikvm(14605): GC_EXPLICIT freed 619K, 14% free 7707K/8924K, paused 1ms+3ms, total 18ms
02-27 12:01:04.010 I/chromium(14392): [INFO:CONSOLE(70)] "WARNING: Message from backend doesn't have data.", source:  (70)
02-27 12:01:04.020 W/chromium(14392): [WARNING:xwalk_extension_module.cc(203)] Exception when running message listener: app://org.xwalk.webapi_noneservice_tests//opt/webapi-contactsmanager-w3c-tests/contactsmanager/ContactsChangeEvent_modified_attribute.html:70:18 TypeError: Cannot read property '0' of undefined
02-27 12:01:04.020 W/chromium(14392):     if (e.modified[0]) {
02-27 12:01:04.020 W/chromium(14392): 
02-27 12:01:04.210 D/SendBroadcastHandler(14605): startTimer() SEND_TO_CONTACTS_WIDGET_UPDATE 
02-27 12:01:04.820 W/BindingManager(14392): Cannot call determinedVisibility() - never saw a connection for the pid: 14392
02-27 12:01:05.010 D/SendBroadcastHandler(14605): startTimer() SEND_TO_CONTACTS_INSERT 
02-27 12:01:05.180 I/chromium(14392): [INFO:CONSOLE(70)] "WARNING: Message from backend doesn't have data.", source:  (70)
02-27 12:01:05.190 E/Contacts(14392): org.json.JSONException: No value for contactId
02-27 12:01:05.190 V/ActivityManager(  515): Remove bg service from mStartingBackground ,r=ServiceRecord{220e78d8 u0 com.android.providers.calendar/.ContactsEventUpdateIntentService},r used time=133,left r count=1
02-27 12:01:05.250 I/chromium(14392): [INFO:CONSOLE(62)] "Uncaught (in promise) ReferenceError: info is not defined", source: app://org.xwalk.webapi_noneservice_tests//opt/webapi-contactsmanager-w3c-tests/contactsmanager/ContactsChangeEvent_removed_attribute.html (62)
02-27 12:01:06.050 D/SendBroadcastHandler(14605): mTimerTask sendMessage CONTACTS_DELETE 
02-27 12:01:06.060 D/AsusContactWigdetSync( 1102): ready to sync contact id = 4
02-27 12:01:06.060 D/AsusContactWigdetSync( 1102): ready to sync widget
02-27 12:01:06.060 D/SendBroadcastHandler(14605): sendBroadcast delete to voice agent
02-27 12:01:06.060 D/SendBroadcastHandler(14605): (Delete) sendBroadcast mDeleteContacts:4
02-27 12:01:06.060 D/SendBroadcastHandler(14605): (Delete) sendBroadcast mDeleteRawContactsVoice:4
02-27 12:01:06.060 D/SendBroadcastHandler(14605): sendBroadcast CONTACTS_DELETE
02-27 12:01:06.070 D/AsusContactWigdetSync( 1102): delete contact_id = 168
02-27 12:01:06.070 D/AsusContactWigdetSync( 1102): delete contact_id = 169
02-27 12:01:06.070 D/AsusContactWigdetSync( 1102): delete contact_id = 170
02-27 12:01:06.070 D/AsusContactWigdetSync( 1102): delete contact_id = 171
02-27 12:01:06.070 D/AsusContactWigdetSync( 1102): sync isdelete = true
02-27 12:01:06.070 D/AsusContactWigdetSync(14662): ready to sync contact id = 4
02-27 12:01:06.070 D/AsusContactWigdetSync(14662): ready to sync widget
02-27 12:01:06.080 D/AsusContactWigdetSync(14662): delete contact_id = 168
02-27 12:01:06.080 D/AsusContactWigdetSync(14662): delete contact_id = 169
02-27 12:01:06.080 D/AsusContactWigdetSync(14662): delete contact_id = 170
02-27 12:01:06.080 D/AsusContactWigdetSync(14662): delete contact_id = 171
02-27 12:01:06.080 D/AsusContactWigdetSync(14662): sync isdelete = true
02-27 12:01:06.190 I/CalendarProvider2(14638): Sending notification intent: Intent { act=android.intent.action.PROVIDER_CHANGED dat=content://com.android.calendar }
02-27 12:01:06.190 W/ContentResolver(14638): Failed to get type for: content://com.android.calendar (Unknown URL content://com.android.calendar)
02-27 12:01:06.200 D/AlertReceiver(14675): onReceive: a=android.intent.action.PROVIDER_CHANGED Intent { act=android.intent.action.PROVIDER_CHANGED dat=content://com.android.calendar flg=0x10 cmp=com.asus.calendar/com.android.calendar.alerts.AlertReceiver }
02-27 12:01:06.200 V/ActivityManager(  515): Remove bg service from mStartingBackground ,r=ServiceRecord{220e10f0 u0 com.android.providers.calendar/.EmptyService},r used time=1009,left r count=2
02-27 12:01:06.210 D/AlertService(14675): 0 Action = android.intent.action.PROVIDER_CHANGED
02-27 12:01:06.210 D/AlertService(14675): Beginning updateAlertNotification
02-27 12:01:06.220 D/AlertService(14675): No fired or scheduled alerts
02-27 12:01:06.220 D/BatteryStatsImpl(  515): noteStopWakeLocked com.asus.calendar isFromForeground = false
02-27 12:01:06.220 V/ActivityManager(  515): Remove bg service from mStartingBackground ,r=ServiceRecord{21fcdbb8 u0 com.asus.calendar/com.android.calendar.alerts.AlertService},r used time=24,left r count=2
02-27 12:01:06.370 D/AlarmManager(  515): Triggered Alarm 22563f70 ELAPSED_REALTIME_WAKEUP IntentSender{224c9308: PendingIntentRecord{222f0058 com.android.providers.calendar broadcastIntent}}
02-27 12:01:06.380 D/BatteryStatsImpl(  515): noteStopWakeLocked system isFromForeground = false
02-27 12:01:06.390 D/AlarmManager(  515): Removed alarm Alarm{21fa7a10 type 0 com.android.providers.calendar} type:RTC_WAKEUP
02-27 12:01:06.400 D/AlarmManager(  515): Added alarm Alarm{21fa79e8 type 0 com.tianmashikong.qmqj.qihoo360} type:RTC_WAKEUP when: At 15-2-27 下午12:02
02-27 12:01:06.410 D/AlarmManager(  515): Added alarm Alarm{21f174e8 type 0 com.baidu.appsearch} type:RTC_WAKEUP when: At 15-2-27 下午12:02 repeatInterval: 0h:10m:0.0s
02-27 12:01:06.410 D/AlarmManager(  515): Added alarm Alarm{221a59e8 type 0 com.mgyapp.android} type:RTC_WAKEUP when: At 15-2-27 下午12:03 repeatInterval: 0h:5m:0.0s
02-27 12:01:06.410 D/AlarmManager(  515): Added alarm Alarm{22134af8 type 0 com.mgyapp.android} type:RTC_WAKEUP when: At 15-2-27 下午12:03 repeatInterval: 0h:5m:0.0s
02-27 12:01:06.410 D/AlarmManager(  515): Added alarm Alarm{220ae090 type 0 android} type:RTC_WAKEUP when: At 15-2-27 下午12:30 repeatInterval: 0h:30m:0.0s
02-27 12:01:06.410 D/AlarmManager(  515): Added alarm Alarm{22084450 type 0 com.asus.cm} type:RTC_WAKEUP when: At 15-2-27 下午12:34
02-27 12:01:06.420 D/AlarmManager(  515): Added alarm Alarm{22073478 type 0 com.shuame.sprite} type:RTC_WAKEUP when: At 15-2-27 下午12:42 repeatInterval: 3h:0m:0.0s
02-27 12:01:06.420 D/AlarmManager(  515): Added alarm Alarm{22056508 type 0 com.shuame.sprite} type:RTC_WAKEUP when: At 15-2-27 下午12:43 repeatInterval: 3h:0m:0.0s
02-27 12:01:06.420 D/AlarmManager(  515): Added alarm Alarm{22023390 type 0 com.shuame.sprite} type:RTC_WAKEUP when: At 15-2-27 下午12:43 repeatInterval: 3h:0m:0.0s
02-27 12:01:06.420 D/AlarmManager(  515): Added alarm Alarm{21fdcf50 type 0 com.shuame.sprite} type:RTC_WAKEUP when: At 15-2-27 下午1:43 repeatInterval: 4h:0m:0.0s
02-27 12:01:06.420 D/AlarmManager(  515): Added alarm Alarm{21f76660 type 0 com.shuame.sprite} type:RTC_WAKEUP when: At 15-2-27 下午1:43 repeatInterval: 4h:0m:0.0s
02-27 12:01:06.430 D/AlarmManager(  515): Added alarm Alarm{220daac0 type 0 com.shuame.sprite} type:RTC_WAKEUP when: At 15-2-27 下午2:32 repeatInterval: 24h:0m:0.0s
02-27 12:01:06.440 D/AlarmManager(  515): Added alarm Alarm{21fdecc0 type 0 com.wandoujia.phoenix2} type:RTC_WAKEUP when: At 15-2-28 下午6:38
02-27 12:01:06.450 D/BatteryStatsImpl(  515): noteStopWakeLocked com.android.providers.calendar isFromForeground = false
02-27 12:01:06.450 D/AlarmManager(  515): Added alarm Alarm{22030258 type 0 com.android.providers.calendar} type:RTC_WAKEUP when: At 15-2-28 上午10:02
02-27 12:01:06.450 V/ActivityManager(  515): Remove bg service from mStartingBackground ,r=ServiceRecord{21fa3f38 u0 com.android.providers.calendar/.CalendarProviderIntentService},r used time=73,left r count=2
02-27 12:01:06.480 I/WifiHW  (  515): CMD: IFNAME=wlan0 SIGNAL_POLL
02-27 12:01:06.480 D/wpa_supplicant(  628): RX ctrl_iface - hexdump(len=11): 53 49 47 4e 41 4c 5f 50 4f 4c 4c
02-27 12:01:06.480 D/wpa_supplicant(  628): wlan0: Control interface command 'SIGNAL_POLL'
02-27 12:01:06.490 W/ufoGralloc(  172): registerBuffer() handle 0xb8859910/63 didn't require registration
02-27 12:01:06.500 D/WindowManager(  515): adjustConfigurationLw, config:{1.0 ?mcc?mnc ?locale ?layoutDir sw600dp w600dp h888dp 213dpi lrg port ?uimode ?night finger -keyb/v/h -nav/v} mLidState:1 mHasDockFeature:false mHasKeyboardFeature:false mHasHallSensorFeature:true config.hardKeyboardHidden:2
02-27 12:01:06.500 I/ActivityManager(  515): [TopPkgCurBat]	NowPkgName[com.asus.launcher]	Battery[41]	TimeTick[1425009666509]	OldPkgName[org.xwalk.webapi_noneservice_tests]
02-27 12:01:06.510 D/wpa_supplicant(  628): nl80211: survey data missing!
02-27 12:01:06.510 I/WifiHW  (  515): REPLY: RSSI=-50
02-27 12:01:06.510 I/WifiHW  (  515): REPLY: LINKSPEED=65
02-27 12:01:06.510 I/WifiHW  (  515): REPLY: NOISE=9999
02-27 12:01:06.510 I/WifiHW  (  515): REPLY: FREQUENCY=2462
02-27 12:01:06.510 V/WeatherTimeProvider( 1355): widget on Visibility Changed
02-27 12:01:06.530 D/        (  859): Pixel Format : GGL_PIXEL_FORMAT_RGBA_8888
02-27 12:01:06.530 W/IInputConnectionWrapper(14392): showStatusIcon on inactive InputConnection
02-27 12:01:06.540 D/XT9IME  (  777): new subtype :en_US ,keyboard
02-27 12:01:06.570 D/ImageWallpaper(  580): onOffsetsChanged: xOffset=0.0, yOffset=0.0, xOffsetStep=0.0, yOffsetStep=0.0, xPixels=0, yPixels=0
02-27 12:01:06.570 D/BatteryStatsImpl(  515): noteStopWakeLocked system isFromForeground = false
02-27 12:01:06.580 D/ImageWallpaper(  580): Suppressed drawFrame since redraw is not needed and offsets have not changed.
02-27 12:01:06.580 D/ImageWallpaper(  580): onVisibilityChanged: mVisible, visible=false, true
02-27 12:01:06.580 D/ImageWallpaper(  580): Visibility changed to visible=true
02-27 12:01:06.580 D/ImageWallpaper(  580): Suppressed drawFrame since redraw is not needed and offsets have not changed.
02-27 12:01:06.600 D/        (14392): Surface destroy: ANDROID_NATIVE_WINDOW_MAGIC
02-27 12:01:06.610 D/        (14392): Surface destroy: ANDROID_NATIVE_WINDOW_MAGIC
02-27 12:01:07.000 D/        (14392): Pixel Format : GGL_PIXEL_FORMAT_RGBA_8888
02-27 12:01:07.000 W/SurfaceFlinger(  172): couldn't log to binary event log: overflow.
02-27 12:01:07.020 I/dalvikvm(14392): Total arena pages for JIT: 16
02-27 12:01:07.050 W/ScreenOrientationListener(14392): Removing an inexistent observer!
02-27 12:01:07.070 D/AsusContactWigdetSync( 1102): sync start
02-27 12:01:07.070 D/AsusContactWigdetSync( 1102): sync selection = null
02-27 12:01:07.070 D/AsusContactWigdetSync( 1102): sync delete selection = contact_id IN ( 171, 170, 169, 168)
02-27 12:01:07.070 D/AsusContactWigdetSync( 1102): sync stop
02-27 12:01:07.070 V/ActivityManager(  515): Remove bg service from mStartingBackground ,r=ServiceRecord{22083ca8 u0 com.asus.contacts/com.android.contacts.miniwidget.SyncService},r used time=1007,left r count=1
02-27 12:01:07.080 D/AsusContactWigdetSync(14662): sync start
02-27 12:01:07.080 D/AsusContactWigdetSync(14662): sync selection = null
02-27 12:01:07.080 D/AsusContactWigdetSync(14662): sync delete selection = contact_id IN ( 171, 170, 169, 168)
02-27 12:01:07.120 D/dalvikvm(  515): GC_EXPLICIT freed 601K, 49% free 19315K/37668K, paused 1ms+4ms, total 49ms
02-27 12:01:07.120 D/AsusContactWigdetSync(14662): sync stop
02-27 12:01:07.130 V/ActivityManager(  515): Remove bg service from mStartingBackground ,r=ServiceRecord{220690f8 u0 com.asus.contactswidget/.SyncService},r used time=1052,left r count=0
02-27 12:01:07.130 I/ActivityManager(  515): Killing 6221:com.android.musicfx/u0a17 (adj 15): empty #9
02-27 12:01:07.170 I/SecurityManagerService(  687): SMS received security event: App[STOP/com.android.musicfx]
02-27 12:01:07.210 D/SendBroadcastHandler(14605): mTimerTask sendMessage CONTACTS_UPDATE 
02-27 12:01:07.220 D/AsusContactWigdetSync( 1102): ready to sync widget
02-27 12:01:07.220 D/SendBroadcastHandler(14605): sendBroadcast update to voice agent
02-27 12:01:07.220 D/SendBroadcastHandler(14605): (update) sendBroadcast mUpdateRawContacts:0
02-27 12:01:07.220 D/SendBroadcastHandler(14605): (update) sendBroadcast mUpdateContacts:0
02-27 12:01:07.220 D/SendBroadcastHandler(14605): (update) sendBroadcast mUpdateName:1
02-27 12:01:07.220 D/SendBroadcastHandler(14605): (update) sendBroadcast mUpdateNameDetail:1
02-27 12:01:07.220 D/SendBroadcastHandler(14605): sendBroadcast CONTACTS_UPDATE
02-27 12:01:07.220 D/AsusContactWigdetSync( 1102): sync isdelete = false
02-27 12:01:07.220 D/AsusContactWigdetSync(14662): ready to sync widget
02-27 12:01:07.230 D/AsusContactWigdetSync(14662): sync isdelete = false
02-27 12:01:08.010 D/SendBroadcastHandler(14605): mTimerTask sendMessage CONTACTS_INSERT 
02-27 12:01:08.020 D/SendBroadcastHandler(14605): (insert) sendBroadcast mInsertRawContacts:1
02-27 12:01:08.020 D/SendBroadcastHandler(14605): (insert) sendBroadcast mInsertName:1
02-27 12:01:08.020 D/SendBroadcastHandler(14605): (insert) sendBroadcast mInsertNameDetail:1
02-27 12:01:08.020 D/SendBroadcastHandler(14605): sendBroadcast insert to voice agent
02-27 12:01:08.020 D/AndroidRuntime(15090): 
02-27 12:01:08.020 D/AndroidRuntime(15090): >>>>>> AndroidRuntime START com.android.internal.os.RuntimeInit <<<<<<
02-27 12:01:08.020 D/AndroidRuntime(15090): CheckJNI is OFF
02-27 12:01:08.020 I/AndroidRuntime(15090): Kernel Release Version: 3.10.20-g19cc1a3
02-27 12:01:08.020 I/dalvikvm(15090): No library specified. The standard exception handler will be used
02-27 12:01:08.060 I/dalvikvm(15090): 
02-27 12:01:08.060 I/dalvikvm(15090): +++++++++++++ Using PCG. +++++++++++++++++++++
02-27 12:01:08.070 D/dalvikvm(15090): Trying to load lib libjavacore.so 0x0
02-27 12:01:08.070 D/dalvikvm(15090): Added shared lib libjavacore.so 0x0
02-27 12:01:08.080 D/dalvikvm(15090): Trying to load lib libnativehelper.so 0x0
02-27 12:01:08.080 D/dalvikvm(15090): Added shared lib libnativehelper.so 0x0
02-27 12:01:08.080 D/dalvikvm(15090): No JNI_OnLoad found in libnativehelper.so 0x0, skipping init
02-27 12:01:08.080 D/dalvikvm(15090): Extra Options: not specified
02-27 12:01:08.110 D/dalvikvm(15090): Note: class Landroid/app/ActivityManagerNative; has 186 unimplemented (abstract) methods
02-27 12:01:08.190 E/memtrack(15090): Couldn't load memtrack module (No such file or directory)
02-27 12:01:08.190 E/android.os.Debug(15090): failed to load memtrack module: -2
02-27 12:01:08.230 D/AsusContactWigdetSync( 1102): sync start
02-27 12:01:08.230 D/AsusContactWigdetSync( 1102): sync selection = null
02-27 12:01:08.230 D/AsusContactWigdetSync( 1102): sync stop
02-27 12:01:08.230 D/AsusContactWigdetSync(14662): sync start
02-27 12:01:08.230 D/AsusContactWigdetSync(14662): sync selection = null
02-27 12:01:08.230 D/AsusContactWigdetSync(14662): sync stop
02-27 12:01:08.230 V/ActivityManager(  515): Remove bg service from mStartingBackground ,r=ServiceRecord{21f734d8 u0 com.asus.contacts/com.android.contacts.miniwidget.SyncService},r used time=1010,left r count=1
02-27 12:01:08.230 V/ActivityManager(  515): Remove bg service from mStartingBackground ,r=ServiceRecord{21f0cae8 u0 com.asus.contactswidget/.SyncService},r used time=1005,left r count=0
02-27 12:01:08.270 D/AndroidRuntime(15090): Calling main entry com.android.commands.am.Am
02-27 12:01:08.290 I/ActivityManager(  515): Force stopping org.xwalk.webapi_noneservice_tests appid=11748 user=0: from pid 15090
02-27 12:01:08.290 I/SecurityManagerService(  687): SMS received security event: App[STOP/org.xwalk.webapi_noneservice_tests]
02-27 12:01:08.290 I/ActivityManager(  515): Killing 14392:org.xwalk.webapi_noneservice_tests/u0a1748 (adj 11): stop org.xwalk.webapi_noneservice_tests
02-27 12:01:08.300 D/AndroidRuntime(15090): Shutting down VM
02-27 12:01:08.300 D/dalvikvm(15090): GC_CONCURRENT freed 112K, 16% free 666K/792K, paused 1ms+1ms, total 2ms
02-27 12:01:08.300 D/dalvikvm(15090): Compiler shutdown in progress - discarding request
02-27 12:01:08.300 D/dalvikvm(15090): Compiler shutdown in progress - discarding request
02-27 12:01:08.300 D/dalvikvm(15090): Compiler shutdown in progress - discarding request
02-27 12:01:08.300 D/dalvikvm(15090): Compiler shutdown in progress - discarding request
02-27 12:01:08.300 D/dalvikvm(15090): Compiler shutdown in progress - discarding request
02-27 12:01:08.300 D/dalvikvm(15090): Compiler shutdown in progress - discarding request
02-27 12:01:08.300 D/dalvikvm(15090): Compiler shutdown in progress - discarding request
02-27 12:01:08.300 D/dalvikvm(15090): Compiler shutdown in progress - discarding request
02-27 12:01:08.300 D/dalvikvm(15090): Compiler shutdown in progress - discarding request
02-27 12:01:08.300 D/dalvikvm(15090): Compiler shutdown in progress - discarding request
02-27 12:01:08.300 D/dalvikvm(15090): Compiler shutdown in progress - discarding request
02-27 12:01:08.300 D/dalvikvm(15090): Compiler shutdown in progress - discarding request
02-27 12:01:08.300 D/dalvikvm(15090): Compiler shutdown in progress - discarding request
02-27 12:01:08.300 D/dalvikvm(15090): Compiler shutdown in progress - discarding request
02-27 12:01:08.300 D/dalvikvm(15090): Compiler shutdown in progress - discarding request
02-27 12:01:08.300 D/dalvikvm(15090): Compiler shutdown in progress - discarding request
02-27 12:01:08.300 D/dalvikvm(15090): Compiler shutdown in progress - discarding request
02-27 12:01:08.300 D/dalvikvm(15090): Compiler shutdown in progress - discarding request
02-27 12:01:08.300 D/dalvikvm(15090): Compiler shutdown in progress - discarding request
02-27 12:01:08.300 D/dalvikvm(15090): Compiler shutdown in progress - discarding request
02-27 12:01:08.300 D/dalvikvm(15090): Compiler shutdown in progress - discarding request
02-27 12:01:08.300 D/dalvikvm(15090): Compiler shutdown in progress - discarding request
02-27 12:01:08.300 D/dalvikvm(15090): Compiler shutdown in progress - discarding request
02-27 12:01:08.300 D/dalvikvm(15090): Compiler shutdown in progress - discarding request
02-27 12:01:08.300 D/dalvikvm(15090): Compiler shutdown in progress - discarding request
02-27 12:01:08.300 D/dalvikvm(15090): Compiler shutdown in progress - discarding request
02-27 12:01:08.300 D/dalvikvm(15090): Compiler shutdown in progress - discarding request
02-27 12:01:08.300 D/dalvikvm(15090): Compiler shutdown in progress - discarding request
02-27 12:01:08.300 D/dalvikvm(15090): Compiler shutdown in progress - discarding request
02-27 12:01:08.300 D/dalvikvm(15090): Compiler shutdown in progress - discarding request
02-27 12:01:08.300 D/dalvikvm(15090): Compiler shutdown in progress - discarding request
02-27 12:01:08.300 D/dalvikvm(15090): Compiler shutdown in progress - discarding request
02-27 12:01:08.300 D/dalvikvm(15090): Compiler shutdown in progress - discarding request
02-27 12:01:08.820 D/AndroidRuntime(15101): 
02-27 12:01:08.820 D/AndroidRuntime(15101): >>>>>> AndroidRuntime START com.android.internal.os.RuntimeInit <<<<<<
02-27 12:01:08.820 D/AndroidRuntime(15101): CheckJNI is OFF
02-27 12:01:08.820 I/AndroidRuntime(15101): Kernel Release Version: 3.10.20-g19cc1a3
02-27 12:01:08.820 I/dalvikvm(15101): No library specified. The standard exception handler will be used
02-27 12:01:08.830 I/dalvikvm(15101): 
02-27 12:01:08.830 I/dalvikvm(15101): +++++++++++++ Using PCG. +++++++++++++++++++++
02-27 12:01:08.840 D/dalvikvm(15101): Trying to load lib libjavacore.so 0x0
02-27 12:01:08.840 D/dalvikvm(15101): Added shared lib libjavacore.so 0x0
02-27 12:01:08.840 D/dalvikvm(15101): Trying to load lib libnativehelper.so 0x0
02-27 12:01:08.840 D/dalvikvm(15101): Added shared lib libnativehelper.so 0x0
02-27 12:01:08.840 D/dalvikvm(15101): No JNI_OnLoad found in libnativehelper.so 0x0, skipping init
02-27 12:01:08.850 D/dalvikvm(15101): Extra Options: not specified
02-27 12:01:08.860 D/dalvikvm(15101): Note: class Landroid/app/ActivityManagerNative; has 186 unimplemented (abstract) methods
02-27 12:01:08.930 E/memtrack(15101): Couldn't load memtrack module (No such file or directory)
02-27 12:01:08.930 E/android.os.Debug(15101): failed to load memtrack module: -2
02-27 12:01:08.960 D/AndroidRuntime(15101): Calling main entry com.android.commands.am.Am
02-27 12:01:08.990 D/AndroidRuntime(15101): Shutting down VM
02-27 12:01:08.990 D/dalvikvm(15101): GC_CONCURRENT freed 112K, 17% free 634K/760K, paused 0ms+0ms, total 1ms
02-27 12:01:08.990 D/dalvikvm(15101): Compiler shutdown in progress - discarding request
02-27 12:01:08.990 D/dalvikvm(15101): Compiler shutdown in progress - discarding request
02-27 12:01:08.990 D/dalvikvm(15101): Compiler shutdown in progress - discarding request
02-27 12:01:08.990 D/dalvikvm(15101): Compiler shutdown in progress - discarding request
02-27 12:01:08.990 D/dalvikvm(15101): Compiler shutdown in progress - discarding request
02-27 12:01:08.990 D/dalvikvm(15101): Compiler shutdown in progress - discarding request
02-27 12:01:08.990 D/dalvikvm(15101): Compiler shutdown in progress - discarding request
02-27 12:01:08.990 D/dalvikvm(15101): Compiler shutdown in progress - discarding request
02-27 12:01:08.990 D/dalvikvm(15101): Compiler shutdown in progress - discarding request
02-27 12:01:08.990 D/dalvikvm(15101): Compiler shutdown in progress - discarding request
02-27 12:01:08.990 D/dalvikvm(15101): Compiler shutdown in progress - discarding request
02-27 12:01:08.990 D/dalvikvm(15101): Compiler shutdown in progress - discarding request
02-27 12:01:08.990 D/dalvikvm(15101): Compiler shutdown in progress - discarding request
02-27 12:01:08.990 D/dalvikvm(15101): Compiler shutdown in progress - discarding request
02-27 12:01:08.990 D/dalvikvm(15101): Compiler shutdown in progress - discarding request
02-27 12:01:08.990 D/dalvikvm(15101): Compiler shutdown in progress - discarding request
02-27 12:01:08.990 D/dalvikvm(15101): Compiler shutdown in progress - discarding request
02-27 12:01:08.990 D/dalvikvm(15101): Compiler shutdown in progress - discarding request
02-27 12:01:08.990 D/dalvikvm(15101): Compiler shutdown in progress - discarding request
02-27 12:01:08.990 D/dalvikvm(15101): Compiler shutdown in progress - discarding request
02-27 12:01:08.990 D/dalvikvm(15101): Compiler shutdown in progress - discarding request
02-27 12:01:08.990 D/dalvikvm(15101): Compiler shutdown in progress - discarding request
02-27 12:01:08.990 D/dalvikvm(15101): Compiler shutdown in progress - discarding request
02-27 12:01:08.990 D/dalvikvm(15101): Compiler shutdown in progress - discarding request
02-27 12:01:08.990 D/dalvikvm(15101): Compiler shutdown in progress - discarding request
02-27 12:01:08.990 D/dalvikvm(15101): Compiler shutdown in progress - discarding request
02-27 12:01:08.990 D/dalvikvm(15101): Compiler shutdown in progress - discarding request
02-27 12:01:08.990 D/dalvikvm(15101): Compiler shutdown in progress - discarding request
02-27 12:01:08.990 D/dalvikvm(15101): Compiler shutdown in progress - discarding request
02-27 12:01:08.990 D/dalvikvm(15101): Compiler shutdown in progress - discarding request
02-27 12:01:08.990 D/dalvikvm(15101): Compiler shutdown in progress - discarding request
02-27 12:01:08.990 D/dalvikvm(15101): Compiler shutdown in progress - discarding request
02-27 12:01:08.990 D/dalvikvm(15101): Compiler shutdown in progress - discarding request
02-27 12:01:08.990 D/dalvikvm(15101): Compiler shutdown in progress - discarding request
02-27 12:01:08.990 D/dalvikvm(15101): Compiler shutdown in progress - discarding request
02-27 12:01:08.990 D/dalvikvm(15101): Compiler shutdown in progress - discarding request
02-27 12:01:08.990 D/dalvikvm(15101): Compiler shutdown in progress - discarding request
02-27 12:01:08.990 D/dalvikvm(15101): Compiler shutdown in progress - discarding request
02-27 12:01:08.990 D/dalvikvm(15101): Compiler shutdown in progress - discarding request
02-27 12:01:08.990 D/dalvikvm(15101): Compiler shutdown in progress - discarding request
02-27 12:01:08.990 D/dalvikvm(15101): Compiler shutdown in progress - discarding request
02-27 12:01:08.990 D/dalvikvm(15101): Compiler shutdown in progress - discarding request
02-27 12:01:08.990 D/dalvikvm(15101): Compiler shutdown in progress - discarding request
02-27 12:01:08.990 D/dalvikvm(15101): Compiler shutdown in progress - discarding request
02-27 12:01:08.990 D/dalvikvm(15101): Compiler shutdown in progress - discarding request
02-27 12:01:08.990 I/ActivityManager(  515): Force stopping testkit.stub appid=11756 user=0: from pid 15101
