02-27 14:16:25.932 D/RouteManager(  186): doReconsiderRouting:          -Platform input device = <none> 
02-27 14:16:25.932 D/RouteManager(  186): doReconsiderRouting:          -Platform input source = None 
02-27 14:16:25.932 D/RouteManager(  186): doReconsiderRouting:          -Platform Band type = NB 
02-27 14:16:25.932 D/RouteManager(  186): doReconsiderRouting:          -Platform Has Direct Stream = no 
02-27 14:16:25.932 D/RouteManager(  186): doReconsiderRouting:          -Platform TTY direction = <none> 
02-27 14:16:25.932 D/RouteManager(  186): doReconsiderRouting:          -Platform HAC Mode = Off 
02-27 14:16:25.932 D/RouteManager(  186): doReconsiderRouting:          -Platform Screen State = On 
02-27 14:16:25.932 D/RouteManager(  186): doReconsiderRouting:          -Platform Context Awareness = false 
02-27 14:16:25.932 D/RouteManager(  186): doReconsiderRouting:          -Platform Always Listening = false 
02-27 14:16:25.932 D/RouteManager(  186): doReconsiderRouting:          -Platform FM State = Off 
02-27 14:16:25.932 D/RouteManager(  186): doReconsiderRouting:          -Platform Bypass Non Linear PP State = Off 
02-27 14:16:25.932 D/RouteManager(  186): doReconsiderRouting:          -Platform Bypass Linear PP State = Off 
02-27 14:16:25.932 D/RouteManager(  186): doReconsiderRouting:          -Platform MicMute = Off 
02-27 14:16:25.932 D/RouteManager(  186): doReconsiderRouting:      Route state:
02-27 14:16:25.932 D/RouteManager(  186): doReconsiderRouting:          -Previously Enabled Route in Input = <none>
02-27 14:16:25.932 D/RouteManager(  186): doReconsiderRouting:          -Previously Enabled Route in Output = Media|HwCodecMedia
02-27 14:16:25.932 D/RouteManager(  186): doReconsiderRouting:          -Selected Route in Input = <none>
02-27 14:16:25.932 D/RouteManager(  186): doReconsiderRouting:          -Selected Route in Output = <none>
02-27 14:16:25.932 D/RouteManager(  186): doReconsiderRouting:          -Route that need reconfiguration in Input = <none>
02-27 14:16:25.932 D/RouteManager(  186): doReconsiderRouting:          -Route that need reconfiguration in Output = <none>
02-27 14:16:25.932 D/RouteManager(  186): executeMuteStage: --------------- Routing Stage = Mute ---------------
02-27 14:16:25.932 D/RouteManager(  186): parameter-framework: Selection criterion changed event: Criterion name: RoutageState, current state: Flow
02-27 14:16:25.932 D/RouteManager(  186): muteRoutes: Expected Routes to be muted in Output = Media|HwCodecMedia
02-27 14:16:25.932 D/RouteManager(  186): parameter-framework: Selection criterion changed event: Criterion name: ClosingPlaybackRoutes, current state: Media|HwCodecMedia
02-27 14:16:25.932 D/RouteManager(  186): parameter-framework: Selection criterion changed event: Criterion name: OpenedPlaybackRoutes, current state: <none>
02-27 14:16:25.932 D/RouteManager(  186): parameter-framework: Configuration application request {
02-27 14:16:25.932 D/RouteManager(  186): parameter-framework:     Applying configurations {
02-27 14:16:25.932 D/RouteManager(  186): parameter-framework:     } Applying configurations
02-27 14:16:25.932 D/RouteManager(  186): parameter-framework: } Configuration application request
02-27 14:16:25.932 D/RouteManager(  186): executeDisableStage: --------------- Routing Stage = Disable ---------------
02-27 14:16:25.932 D/RouteManager(  186): parameter-framework: Selection criterion changed event: Criterion name: RoutageState, current state: Path
02-27 14:16:25.932 D/RouteManager(  186): prepareDisableRoutes: Routes to be disabled(unrouted) in Output = Media|HwCodecMedia
02-27 14:16:25.932 D/ALSAStreamOps(  186): detachRouteL output stream
02-27 14:16:25.932 D/RouteManager/StreamRoute(  186): closePcmDevice called for card (baytrailaudio,0)
02-27 14:16:25.972 D/RouteManager(  186): parameter-framework: Configuration application request {
02-27 14:16:25.972 D/RouteManager(  186): parameter-framework:     Applying configurations {
02-27 14:16:25.972 D/RouteManager(  186): parameter-framework:         Applying configuration "Disable" from domain "Routing.Enable.HWCodec.Playback.IHF"
02-27 14:16:25.972 D/RouteManager(  186): parameter-framework:         Applying configuration "Disable" from domain "Routing.Enable.HWCodec.Playback.Multimedia.IHF"
02-27 14:16:25.972 D/RouteManager(  186): parameter-framework:         Applying configuration "Disable" from domain "Routing.Enable.HWCodec.Playback.Multimedia.Playback"
02-27 14:16:25.982 D/RouteManager(  186): parameter-framework:     } Applying configurations
02-27 14:16:25.982 D/RouteManager(  186): parameter-framework: } Configuration application request
02-27 14:16:25.982 D/RouteManager(  186): executeConfigureStage: --------------- Routing Stage = Configure ---------------
02-27 14:16:25.982 D/RouteManager(  186): parameter-framework: Selection criterion changed event: Criterion name: RoutageState, current state: Configure
02-27 14:16:25.982 D/RouteManager(  186): parameter-framework: Selection criterion changed event: Criterion name: ClosingPlaybackRoutes, current state: <none>
02-27 14:16:25.982 D/RouteManager(  186): parameter-framework: Configuration application request {
02-27 14:16:25.982 D/RouteManager(  186): parameter-framework:     Applying configurations {
02-27 14:16:25.982 D/RouteManager(  186): parameter-framework:         Applying configuration "Deactivated" from domain "Routing.Configure.LPE_Mixer.IHF"
02-27 14:16:25.992 D/RouteManager(  186): parameter-framework:     } Applying configurations
02-27 14:16:25.992 D/RouteManager(  186): parameter-framework: } Configuration application request
02-27 14:16:25.992 D/RouteManager(  186): executeEnableStage: --------------- Routing Stage = Enable ---------------
02-27 14:16:25.992 D/RouteManager(  186): parameter-framework: Selection criterion changed event: Criterion name: RoutageState, current state: Path|Configure
02-27 14:16:25.992 D/RouteManager(  186): parameter-framework: Configuration application request {
02-27 14:16:25.992 D/RouteManager(  186): parameter-framework:     Applying configurations {
02-27 14:16:25.992 D/RouteManager(  186): parameter-framework:     } Applying configurations
02-27 14:16:25.992 D/RouteManager(  186): parameter-framework: } Configuration application request
02-27 14:16:25.992 D/RouteManager(  186): executeUnmuteStage: --------------- Routing Stage = Unmute ---------------
02-27 14:16:25.992 D/RouteManager(  186): parameter-framework: Selection criterion changed event: Criterion name: RoutageState, current state: Flow|Path|Configure
02-27 14:16:25.992 D/RouteManager(  186): parameter-framework: Configuration application request {
02-27 14:16:25.992 D/RouteManager(  186): parameter-framework:     Applying configurations {
02-27 14:16:25.992 D/RouteManager(  186): parameter-framework:     } Applying configurations
02-27 14:16:25.992 D/RouteManager(  186): parameter-framework: } Configuration application request
02-27 14:16:25.992 D/EVENT_THREAD(  186): void CEventThread::run() Do poll with timeout: -1
02-27 14:16:25.992 D/RouteManager(  186): reconsiderRouting: DONE
02-27 14:16:26.632 I/WifiHW  (  505): CMD: IFNAME=wlan0 SIGNAL_POLL
02-27 14:16:26.632 D/wpa_supplicant(  711): RX ctrl_iface - hexdump(len=11): 53 49 47 4e 41 4c 5f 50 4f 4c 4c
02-27 14:16:26.632 D/wpa_supplicant(  711): wlan0: Control interface command 'SIGNAL_POLL'
02-27 14:16:26.672 D/wpa_supplicant(  711): nl80211: survey data missing!
02-27 14:16:26.672 I/WifiHW  (  505): REPLY: RSSI=-53
02-27 14:16:26.672 I/WifiHW  (  505): REPLY: LINKSPEED=52
02-27 14:16:26.672 I/WifiHW  (  505): REPLY: NOISE=9999
02-27 14:16:26.672 I/WifiHW  (  505): REPLY: FREQUENCY=2437
02-27 14:16:28.782 W/BindingManager(12310): Cannot call determinedVisibility() - never saw a connection for the pid: 12310
02-27 14:16:29.682 I/WifiHW  (  505): CMD: IFNAME=wlan0 SIGNAL_POLL
02-27 14:16:29.682 D/wpa_supplicant(  711): RX ctrl_iface - hexdump(len=11): 53 49 47 4e 41 4c 5f 50 4f 4c 4c
02-27 14:16:29.682 D/wpa_supplicant(  711): wlan0: Control interface command 'SIGNAL_POLL'
02-27 14:16:29.702 D/wpa_supplicant(  711): nl80211: survey data missing!
02-27 14:16:29.702 I/WifiHW  (  505): REPLY: RSSI=-57
02-27 14:16:29.702 I/WifiHW  (  505): REPLY: LINKSPEED=52
02-27 14:16:29.702 I/WifiHW  (  505): REPLY: NOISE=9999
02-27 14:16:29.702 I/WifiHW  (  505): REPLY: FREQUENCY=2437
02-27 14:16:29.792 W/BindingManager(12310): Cannot call determinedVisibility() - never saw a connection for the pid: 12310
02-27 14:16:30.432 W/BindingManager(12310): Cannot call determinedVisibility() - never saw a connection for the pid: 12310
02-27 14:16:31.102 W/BindingManager(12310): Cannot call determinedVisibility() - never saw a connection for the pid: 12310
02-27 14:16:31.762 W/BindingManager(12310): Cannot call determinedVisibility() - never saw a connection for the pid: 12310
02-27 14:16:32.452 W/BindingManager(12310): Cannot call determinedVisibility() - never saw a connection for the pid: 12310
02-27 14:16:32.712 I/WifiHW  (  505): CMD: IFNAME=wlan0 SIGNAL_POLL
02-27 14:16:32.712 D/wpa_supplicant(  711): RX ctrl_iface - hexdump(len=11): 53 49 47 4e 41 4c 5f 50 4f 4c 4c
02-27 14:16:32.712 D/wpa_supplicant(  711): wlan0: Control interface command 'SIGNAL_POLL'
02-27 14:16:32.722 D/wpa_supplicant(  711): nl80211: survey data missing!
02-27 14:16:32.722 I/WifiHW  (  505): REPLY: RSSI=-56
02-27 14:16:32.722 I/WifiHW  (  505): REPLY: LINKSPEED=52
02-27 14:16:32.722 I/WifiHW  (  505): REPLY: NOISE=9999
02-27 14:16:32.722 I/WifiHW  (  505): REPLY: FREQUENCY=2437
02-27 14:16:33.132 W/BindingManager(12310): Cannot call determinedVisibility() - never saw a connection for the pid: 12310
02-27 14:16:33.802 W/BindingManager(12310): Cannot call determinedVisibility() - never saw a connection for the pid: 12310
02-27 14:16:34.472 W/BindingManager(12310): Cannot call determinedVisibility() - never saw a connection for the pid: 12310
02-27 14:16:35.132 W/BindingManager(12310): Cannot call determinedVisibility() - never saw a connection for the pid: 12310
02-27 14:16:35.722 I/WifiHW  (  505): CMD: IFNAME=wlan0 SIGNAL_POLL
02-27 14:16:35.722 D/wpa_supplicant(  711): RX ctrl_iface - hexdump(len=11): 53 49 47 4e 41 4c 5f 50 4f 4c 4c
02-27 14:16:35.722 D/wpa_supplicant(  711): wlan0: Control interface command 'SIGNAL_POLL'
02-27 14:16:35.742 D/wpa_supplicant(  711): nl80211: survey data missing!
02-27 14:16:35.742 I/WifiHW  (  505): REPLY: RSSI=-56
02-27 14:16:35.742 I/WifiHW  (  505): REPLY: LINKSPEED=52
02-27 14:16:35.742 I/WifiHW  (  505): REPLY: NOISE=9999
02-27 14:16:35.742 I/WifiHW  (  505): REPLY: FREQUENCY=2437
02-27 14:16:35.762 W/BindingManager(12310): Cannot call determinedVisibility() - never saw a connection for the pid: 12310
02-27 14:16:36.522 W/BindingManager(12310): Cannot call determinedVisibility() - never saw a connection for the pid: 12310
02-27 14:16:37.192 W/BindingManager(12310): Cannot call determinedVisibility() - never saw a connection for the pid: 12310
02-27 14:16:37.852 W/BindingManager(12310): Cannot call determinedVisibility() - never saw a connection for the pid: 12310
02-27 14:16:38.502 W/BindingManager(12310): Cannot call determinedVisibility() - never saw a connection for the pid: 12310
02-27 14:16:38.742 I/WifiHW  (  505): CMD: IFNAME=wlan0 SIGNAL_POLL
02-27 14:16:38.742 D/wpa_supplicant(  711): RX ctrl_iface - hexdump(len=11): 53 49 47 4e 41 4c 5f 50 4f 4c 4c
02-27 14:16:38.742 D/wpa_supplicant(  711): wlan0: Control interface command 'SIGNAL_POLL'
02-27 14:16:38.762 D/wpa_supplicant(  711): nl80211: survey data missing!
02-27 14:16:38.762 I/WifiHW  (  505): REPLY: RSSI=-62
02-27 14:16:38.762 I/WifiHW  (  505): REPLY: LINKSPEED=52
02-27 14:16:38.762 I/WifiHW  (  505): REPLY: NOISE=9999
02-27 14:16:38.762 I/WifiHW  (  505): REPLY: FREQUENCY=2437
02-27 14:16:39.302 W/BindingManager(12310): Cannot call determinedVisibility() - never saw a connection for the pid: 12310
02-27 14:16:39.982 W/BindingManager(12310): Cannot call determinedVisibility() - never saw a connection for the pid: 12310
02-27 14:16:40.642 W/BindingManager(12310): Cannot call determinedVisibility() - never saw a connection for the pid: 12310
02-27 14:16:41.312 W/BindingManager(12310): Cannot call determinedVisibility() - never saw a connection for the pid: 12310
02-27 14:16:41.762 I/WifiHW  (  505): CMD: IFNAME=wlan0 SIGNAL_POLL
02-27 14:16:41.762 D/wpa_supplicant(  711): RX ctrl_iface - hexdump(len=11): 53 49 47 4e 41 4c 5f 50 4f 4c 4c
02-27 14:16:41.762 D/wpa_supplicant(  711): wlan0: Control interface command 'SIGNAL_POLL'
02-27 14:16:41.792 D/wpa_supplicant(  711): nl80211: survey data missing!
02-27 14:16:41.792 I/WifiHW  (  505): REPLY: RSSI=-60
02-27 14:16:41.792 I/WifiHW  (  505): REPLY: LINKSPEED=52
02-27 14:16:41.792 I/WifiHW  (  505): REPLY: NOISE=9999
02-27 14:16:41.792 I/WifiHW  (  505): REPLY: FREQUENCY=2437
02-27 14:16:41.932 W/BindingManager(12310): Cannot call determinedVisibility() - never saw a connection for the pid: 12310
02-27 14:16:42.662 W/BindingManager(12310): Cannot call determinedVisibility() - never saw a connection for the pid: 12310
02-27 14:16:44.692 W/BindingManager(12310): Cannot call determinedVisibility() - never saw a connection for the pid: 12310
02-27 14:16:44.802 I/WifiHW  (  505): CMD: IFNAME=wlan0 SIGNAL_POLL
02-27 14:16:44.802 D/wpa_supplicant(  711): RX ctrl_iface - hexdump(len=11): 53 49 47 4e 41 4c 5f 50 4f 4c 4c
02-27 14:16:44.802 D/wpa_supplicant(  711): wlan0: Control interface command 'SIGNAL_POLL'
02-27 14:16:44.832 D/wpa_supplicant(  711): nl80211: survey data missing!
02-27 14:16:44.832 I/WifiHW  (  505): REPLY: RSSI=-66
02-27 14:16:44.832 I/WifiHW  (  505): REPLY: LINKSPEED=52
02-27 14:16:44.832 I/WifiHW  (  505): REPLY: NOISE=9999
02-27 14:16:44.832 I/WifiHW  (  505): REPLY: FREQUENCY=2437
02-27 14:16:45.122 D/EVENT_THREAD(  186): void CEventThread::run() POLLIN event on Fd (1)
02-27 14:16:45.122 D/EVENT_THREAD(  186): void CEventThread::run() Do poll with timeout: -1
02-27 14:16:45.772 W/BindingManager(12310): Cannot call determinedVisibility() - never saw a connection for the pid: 12310
02-27 14:16:46.642 W/BindingManager(12310): Cannot call determinedVisibility() - never saw a connection for the pid: 12310
02-27 14:16:47.542 D/EVENT_THREAD(  186): void CEventThread::run() POLLIN event on Fd (1)
02-27 14:16:47.542 D/EVENT_THREAD(  186): void CEventThread::run() Do poll with timeout: -1
02-27 14:16:47.542 I/upi_ug31xx(  166): (368) update_capacity
02-27 14:16:47.542 I/[UPI]   (  166): <UG31/E>[UpiReadCapacity]: V=3747(3741), T=333(336-391), I=-577, C=-2(-2-0)
02-27 14:16:47.542 I/[UPI]   (  166): <UG31/E>[UpiReadCapacity]: (0x0001254a) 1335 (1244) / 3822 (4028) = 35
02-27 14:16:47.542 I/[UPI]   (  166): <UG31/E>[UpiReadCapacity]: (0x0001254a) 1335 (1244) / 3822 (4028) = 35
02-27 14:16:47.542 I/[UPI]   (  166): <UG31/E>[UpiReadCapacity]: (0x0001254a) 1333 (1333) / 3822 (4028) = 35
02-27 14:16:47.542 I/[UPI]   (  166): <UG31/E>[RsocFilterCountTime]: (0x0001254a) Step=4(273380), Full=4(273380), Lock=273380(1800000)
02-27 14:16:47.542 I/[UPI]   (  166): <UG31/E>[UpiReadCapacity]: (0x0001254a) 1333 (1333) / 3822 (4028) = 35 (-577--577)
02-27 14:16:47.542 I/[UPI]   (  166): <UG31/E><BATT> M:normal, P:35(35-35)%, V:3737mV, C:-622mA, T:33.6C(391), S:0x0001254a(000), R:1333mAh, F:3822mAh, Q:-697mAh, CC:3, P:30.310(696-0)s, BO:7, 97:615:0-44af-9m:B001-20140514-144301 (16)
02-27 14:16:47.602 D/EVENT_THREAD(  186): void CEventThread::run() POLLIN event on Fd (1)
02-27 14:16:47.602 D/EVENT_THREAD(  186): void CEventThread::run() Do poll with timeout: -1
02-27 14:16:47.602 I/upi_ug31xx(  166): (369) backup_data 
02-27 14:16:47.602 V/upi_ug31xx(  166): state->check_backup_count = 7
02-27 14:16:47.832 W/BindingManager(12310): Cannot call determinedVisibility() - never saw a connection for the pid: 12310
02-27 14:16:47.832 I/WifiHW  (  505): CMD: IFNAME=wlan0 SIGNAL_POLL
02-27 14:16:47.832 D/wpa_supplicant(  711): RX ctrl_iface - hexdump(len=11): 53 49 47 4e 41 4c 5f 50 4f 4c 4c
02-27 14:16:47.832 D/wpa_supplicant(  711): wlan0: Control interface command 'SIGNAL_POLL'
02-27 14:16:47.842 D/wpa_supplicant(  711): nl80211: survey data missing!
02-27 14:16:47.842 I/WifiHW  (  505): REPLY: RSSI=-62
02-27 14:16:47.842 I/WifiHW  (  505): REPLY: LINKSPEED=52
02-27 14:16:47.842 I/WifiHW  (  505): REPLY: NOISE=9999
02-27 14:16:47.842 I/WifiHW  (  505): REPLY: FREQUENCY=2437
02-27 14:16:49.382 W/BindingManager(12310): Cannot call determinedVisibility() - never saw a connection for the pid: 12310
02-27 14:16:50.342 W/BindingManager(12310): Cannot call determinedVisibility() - never saw a connection for the pid: 12310
02-27 14:16:50.842 I/WifiHW  (  505): CMD: IFNAME=wlan0 SIGNAL_POLL
02-27 14:16:50.842 D/wpa_supplicant(  711): RX ctrl_iface - hexdump(len=11): 53 49 47 4e 41 4c 5f 50 4f 4c 4c
02-27 14:16:50.842 D/wpa_supplicant(  711): wlan0: Control interface command 'SIGNAL_POLL'
02-27 14:16:50.872 D/wpa_supplicant(  711): nl80211: survey data missing!
02-27 14:16:50.872 I/WifiHW  (  505): REPLY: RSSI=-61
02-27 14:16:50.872 I/WifiHW  (  505): REPLY: LINKSPEED=52
02-27 14:16:50.872 I/WifiHW  (  505): REPLY: NOISE=9999
02-27 14:16:50.872 I/WifiHW  (  505): REPLY: FREQUENCY=2437
02-27 14:16:50.982 I/chromium(12310): [INFO:CONSOLE(65)] "WebSocket connection to 'ws://html5labs%20interop.cloudapp.net:8081/echo' failed: Error in connection establishment: net::ERR_NAME_NOT_RESOLVED", source: http://127.0.0.1:8080/opt/tct-websocket-w3c-tests/websocket/w3c/websocket.js (65)
02-27 14:16:51.502 W/chromium(12310): [WARNING:openssl_ssl_util.cc(152)] Unmapped error reason: 165
02-27 14:16:51.502 E/chromium(12310): [ERROR:ssl_client_socket_openssl.cc(1071)] handshake failed; returned -1, SSL error code 1, net_error -107
02-27 14:16:51.502 W/chromium(12310): [WARNING:openssl_ssl_util.cc(152)] Unmapped error reason: 165
02-27 14:16:51.502 E/chromium(12310): [ERROR:ssl_client_socket_openssl.cc(1071)] handshake failed; returned -1, SSL error code 1, net_error -107
02-27 14:16:51.512 W/chromium(12310): [WARNING:openssl_ssl_util.cc(152)] Unmapped error reason: 165
02-27 14:16:51.512 E/chromium(12310): [ERROR:ssl_client_socket_openssl.cc(1071)] handshake failed; returned -1, SSL error code 1, net_error -107
02-27 14:16:51.582 I/chromium(12310): [INFO:CONSOLE(75)] "WebSocket connection to 'wss://localhost:8080/' failed: Error in connection establishment: net::ERR_SSL_PROTOCOL_ERROR", source: http://127.0.0.1:8080/opt/tct-websocket-w3c-tests/websocket/support/websocket.js (75)
02-27 14:16:52.752 W/BindingManager(12310): Cannot call determinedVisibility() - never saw a connection for the pid: 12310
02-27 14:16:53.402 W/BindingManager(12310): Cannot call determinedVisibility() - never saw a connection for the pid: 12310
02-27 14:16:53.882 I/WifiHW  (  505): CMD: IFNAME=wlan0 SIGNAL_POLL
02-27 14:16:53.882 D/wpa_supplicant(  711): RX ctrl_iface - hexdump(len=11): 53 49 47 4e 41 4c 5f 50 4f 4c 4c
02-27 14:16:53.882 D/wpa_supplicant(  711): wlan0: Control interface command 'SIGNAL_POLL'
02-27 14:16:53.902 D/wpa_supplicant(  711): nl80211: survey data missing!
02-27 14:16:53.902 I/WifiHW  (  505): REPLY: RSSI=-55
02-27 14:16:53.902 I/WifiHW  (  505): REPLY: LINKSPEED=52
02-27 14:16:53.902 I/WifiHW  (  505): REPLY: NOISE=9999
02-27 14:16:53.902 I/WifiHW  (  505): REPLY: FREQUENCY=2437
02-27 14:16:54.002 W/BindingManager(12310): Cannot call determinedVisibility() - never saw a connection for the pid: 12310
02-27 14:16:54.322 D/BatteryStatsImpl(  505): noteStopWakeLocked system isFromForeground = false
02-27 14:16:54.762 W/BindingManager(12310): Cannot call determinedVisibility() - never saw a connection for the pid: 12310
02-27 14:16:55.412 W/BindingManager(12310): Cannot call determinedVisibility() - never saw a connection for the pid: 12310
02-27 14:16:56.062 W/BindingManager(12310): Cannot call determinedVisibility() - never saw a connection for the pid: 12310
02-27 14:16:56.722 W/BindingManager(12310): Cannot call determinedVisibility() - never saw a connection for the pid: 12310
02-27 14:16:56.912 I/WifiHW  (  505): CMD: IFNAME=wlan0 SIGNAL_POLL
02-27 14:16:56.912 D/wpa_supplicant(  711): RX ctrl_iface - hexdump(len=11): 53 49 47 4e 41 4c 5f 50 4f 4c 4c
02-27 14:16:56.912 D/wpa_supplicant(  711): wlan0: Control interface command 'SIGNAL_POLL'
02-27 14:16:56.952 D/wpa_supplicant(  711): nl80211: survey data missing!
02-27 14:16:56.952 I/WifiHW  (  505): REPLY: RSSI=-55
02-27 14:16:56.952 I/WifiHW  (  505): REPLY: LINKSPEED=39
02-27 14:16:56.952 I/WifiHW  (  505): REPLY: NOISE=9999
02-27 14:16:56.952 I/WifiHW  (  505): REPLY: FREQUENCY=2437
02-27 14:16:57.352 W/BindingManager(12310): Cannot call determinedVisibility() - never saw a connection for the pid: 12310
02-27 14:16:58.012 W/BindingManager(12310): Cannot call determinedVisibility() - never saw a connection for the pid: 12310
02-27 14:16:58.682 W/BindingManager(12310): Cannot call determinedVisibility() - never saw a connection for the pid: 12310
02-27 14:16:59.352 W/BindingManager(12310): Cannot call determinedVisibility() - never saw a connection for the pid: 12310
02-27 14:16:59.952 I/WifiHW  (  505): CMD: IFNAME=wlan0 SIGNAL_POLL
02-27 14:16:59.952 D/wpa_supplicant(  711): RX ctrl_iface - hexdump(len=11): 53 49 47 4e 41 4c 5f 50 4f 4c 4c
02-27 14:16:59.952 D/wpa_supplicant(  711): wlan0: Control interface command 'SIGNAL_POLL'
02-27 14:16:59.982 D/wpa_supplicant(  711): nl80211: survey data missing!
02-27 14:16:59.982 I/WifiHW  (  505): REPLY: RSSI=-57
02-27 14:16:59.982 I/WifiHW  (  505): REPLY: LINKSPEED=39
02-27 14:16:59.982 I/WifiHW  (  505): REPLY: NOISE=9999
02-27 14:16:59.982 I/WifiHW  (  505): REPLY: FREQUENCY=2437
02-27 14:17:00.012 D/Clock   (  569): ACTION_TIME_TICK
02-27 14:17:00.012 D/Clock   (  569): update clock:2:17
02-27 14:17:00.022 D/BatteryStatsImpl(  505): noteStopWakeLocked system isFromForeground = false
02-27 14:17:00.022 W/BindingManager(12310): Cannot call determinedVisibility() - never saw a connection for the pid: 12310
02-27 14:17:00.672 W/BindingManager(12310): Cannot call determinedVisibility() - never saw a connection for the pid: 12310
02-27 14:17:00.692 I/chromium(12310): [INFO:CONSOLE(0)] "WebSocket connection to 'ws://127.0.0.1:8081/echo' failed: WebSocket is closed before the connection is established.", source: http://127.0.0.1:8080/opt/tct-websocket-w3c-tests/websocket/w3c/Create-valid-url-protocol-empty.htm (0)
02-27 14:17:01.442 W/BindingManager(12310): Cannot call determinedVisibility() - never saw a connection for the pid: 12310
02-27 14:17:02.072 W/BindingManager(12310): Cannot call determinedVisibility() - never saw a connection for the pid: 12310
02-27 14:17:02.742 W/BindingManager(12310): Cannot call determinedVisibility() - never saw a connection for the pid: 12310
02-27 14:17:02.982 I/WifiHW  (  505): CMD: IFNAME=wlan0 SIGNAL_POLL
02-27 14:17:02.982 D/wpa_supplicant(  711): RX ctrl_iface - hexdump(len=11): 53 49 47 4e 41 4c 5f 50 4f 4c 4c
02-27 14:17:02.982 D/wpa_supplicant(  711): wlan0: Control interface command 'SIGNAL_POLL'
02-27 14:17:03.012 D/wpa_supplicant(  711): nl80211: survey data missing!
02-27 14:17:03.012 I/WifiHW  (  505): REPLY: RSSI=-54
02-27 14:17:03.012 I/WifiHW  (  505): REPLY: LINKSPEED=39
02-27 14:17:03.012 I/WifiHW  (  505): REPLY: NOISE=9999
02-27 14:17:03.012 I/WifiHW  (  505): REPLY: FREQUENCY=2437
02-27 14:17:03.402 W/BindingManager(12310): Cannot call determinedVisibility() - never saw a connection for the pid: 12310
02-27 14:17:04.062 W/BindingManager(12310): Cannot call determinedVisibility() - never saw a connection for the pid: 12310
02-27 14:17:04.732 W/BindingManager(12310): Cannot call determinedVisibility() - never saw a connection for the pid: 12310
02-27 14:17:05.362 W/BindingManager(12310): Cannot call determinedVisibility() - never saw a connection for the pid: 12310
02-27 14:17:05.982 W/BindingManager(12310): Cannot call determinedVisibility() - never saw a connection for the pid: 12310
02-27 14:17:06.022 I/WifiHW  (  505): CMD: IFNAME=wlan0 SIGNAL_POLL
02-27 14:17:06.022 D/wpa_supplicant(  711): RX ctrl_iface - hexdump(len=11): 53 49 47 4e 41 4c 5f 50 4f 4c 4c
02-27 14:17:06.022 D/wpa_supplicant(  711): wlan0: Control interface command 'SIGNAL_POLL'
02-27 14:17:06.042 D/wpa_supplicant(  711): nl80211: survey data missing!
02-27 14:17:06.042 I/WifiHW  (  505): REPLY: RSSI=-58
02-27 14:17:06.042 I/WifiHW  (  505): REPLY: LINKSPEED=39
02-27 14:17:06.042 I/WifiHW  (  505): REPLY: NOISE=9999
02-27 14:17:06.042 I/WifiHW  (  505): REPLY: FREQUENCY=2437
02-27 14:17:06.662 W/BindingManager(12310): Cannot call determinedVisibility() - never saw a connection for the pid: 12310
02-27 14:17:07.352 W/BindingManager(12310): Cannot call determinedVisibility() - never saw a connection for the pid: 12310
02-27 14:17:07.992 W/BindingManager(12310): Cannot call determinedVisibility() - never saw a connection for the pid: 12310
02-27 14:17:08.632 W/BindingManager(12310): Cannot call determinedVisibility() - never saw a connection for the pid: 12310
02-27 14:17:09.042 I/WifiHW  (  505): CMD: IFNAME=wlan0 SIGNAL_POLL
02-27 14:17:09.042 D/wpa_supplicant(  711): RX ctrl_iface - hexdump(len=11): 53 49 47 4e 41 4c 5f 50 4f 4c 4c
02-27 14:17:09.042 D/wpa_supplicant(  711): wlan0: Control interface command 'SIGNAL_POLL'
02-27 14:17:09.072 D/wpa_supplicant(  711): nl80211: survey data missing!
02-27 14:17:09.072 I/WifiHW  (  505): REPLY: RSSI=-54
02-27 14:17:09.072 I/WifiHW  (  505): REPLY: LINKSPEED=39
02-27 14:17:09.072 I/WifiHW  (  505): REPLY: NOISE=9999
02-27 14:17:09.072 I/WifiHW  (  505): REPLY: FREQUENCY=2437
02-27 14:17:09.312 W/BindingManager(12310): Cannot call determinedVisibility() - never saw a connection for the pid: 12310
02-27 14:17:09.972 W/BindingManager(12310): Cannot call determinedVisibility() - never saw a connection for the pid: 12310
02-27 14:17:10.602 W/BindingManager(12310): Cannot call determinedVisibility() - never saw a connection for the pid: 12310
02-27 14:17:10.622 I/chromium(12310): [INFO:CONSOLE(0)] "WebSocket connection to 'wss://html5labs-interop.cloudapp.net/echo' failed: WebSocket is closed before the connection is established.", source: http://127.0.0.1:8080/opt/tct-websocket-w3c-tests/websocket/w3c/Create-Secure-verify-url-set-default-port.htm (0)
02-27 14:17:10.792 I/chromium(12310): [INFO:CONSOLE(14)] "WebSocket connection to 'wss://127.0.0.1:8444/echo' failed: Error in connection establishment: net::ERR_CONNECTION_REFUSED", source: http://127.0.0.1:8080/opt/tct-websocket-w3c-tests/websocket/w3c/Create-Secure-verify-url-set-non-default-port.htm (14)
02-27 14:17:10.862 I/chromium(12310): [INFO:CONSOLE(0)] "WebSocket connection to 'ws://html5labs-interop.cloudapp.net/echo' failed: WebSocket is closed before the connection is established.", source: http://127.0.0.1:8080/opt/tct-websocket-w3c-tests/websocket/w3c/Create-verify-url-set-default-port.htm (0)
02-27 14:17:11.712 W/BindingManager(12310): Cannot call determinedVisibility() - never saw a connection for the pid: 12310
02-27 14:17:12.082 I/WifiHW  (  505): CMD: IFNAME=wlan0 SIGNAL_POLL
02-27 14:17:12.082 D/wpa_supplicant(  711): RX ctrl_iface - hexdump(len=11): 53 49 47 4e 41 4c 5f 50 4f 4c 4c
02-27 14:17:12.082 D/wpa_supplicant(  711): wlan0: Control interface command 'SIGNAL_POLL'
02-27 14:17:12.092 D/wpa_supplicant(  711): nl80211: survey data missing!
02-27 14:17:12.092 I/WifiHW  (  505): REPLY: RSSI=-56
02-27 14:17:12.092 I/WifiHW  (  505): REPLY: LINKSPEED=52
02-27 14:17:12.092 I/WifiHW  (  505): REPLY: NOISE=9999
02-27 14:17:12.092 I/WifiHW  (  505): REPLY: FREQUENCY=2437
02-27 14:17:12.362 W/BindingManager(12310): Cannot call determinedVisibility() - never saw a connection for the pid: 12310
02-27 14:17:13.032 W/BindingManager(12310): Cannot call determinedVisibility() - never saw a connection for the pid: 12310
02-27 14:17:13.662 W/BindingManager(12310): Cannot call determinedVisibility() - never saw a connection for the pid: 12310
02-27 14:17:14.342 W/BindingManager(12310): Cannot call determinedVisibility() - never saw a connection for the pid: 12310
02-27 14:17:14.982 W/BindingManager(12310): Cannot call determinedVisibility() - never saw a connection for the pid: 12310
02-27 14:17:15.102 I/WifiHW  (  505): CMD: IFNAME=wlan0 SIGNAL_POLL
02-27 14:17:15.102 D/wpa_supplicant(  711): RX ctrl_iface - hexdump(len=11): 53 49 47 4e 41 4c 5f 50 4f 4c 4c
02-27 14:17:15.102 D/wpa_supplicant(  711): wlan0: Control interface command 'SIGNAL_POLL'
02-27 14:17:15.122 D/wpa_supplicant(  711): nl80211: survey data missing!
02-27 14:17:15.122 I/WifiHW  (  505): REPLY: RSSI=-59
02-27 14:17:15.122 I/WifiHW  (  505): REPLY: LINKSPEED=52
02-27 14:17:15.122 I/WifiHW  (  505): REPLY: NOISE=9999
02-27 14:17:15.122 I/WifiHW  (  505): REPLY: FREQUENCY=2437
02-27 14:17:15.202 D/EVENT_THREAD(  186): void CEventThread::run() POLLIN event on Fd (1)
02-27 14:17:15.202 D/EVENT_THREAD(  186): void CEventThread::run() Do poll with timeout: -1
02-27 14:17:15.672 W/BindingManager(12310): Cannot call determinedVisibility() - never saw a connection for the pid: 12310
02-27 14:17:16.352 W/BindingManager(12310): Cannot call determinedVisibility() - never saw a connection for the pid: 12310
02-27 14:17:17.012 W/BindingManager(12310): Cannot call determinedVisibility() - never saw a connection for the pid: 12310
02-27 14:17:17.662 W/BindingManager(12310): Cannot call determinedVisibility() - never saw a connection for the pid: 12310
02-27 14:17:17.892 D/EVENT_THREAD(  186): void CEventThread::run() POLLIN event on Fd (1)
02-27 14:17:17.892 D/EVENT_THREAD(  186): void CEventThread::run() Do poll with timeout: -1
02-27 14:17:17.892 I/upi_ug31xx(  166): (370) update_capacity
02-27 14:17:17.892 I/[UPI]   (  166): <UG31/E>[UpiReadCapacity]: V=3744(3740), T=335(339-392), I=-329, C=-4(-4-0)
02-27 14:17:17.892 I/[UPI]   (  166): <UG31/E>[UpiReadCapacity]: (0x0001254a) 1333 (1213) / 3822 (4028) = 35
02-27 14:17:17.892 I/[UPI]   (  166): <UG31/E>[UpiReadCapacity]: (0x0001254a) 1333 (1213) / 3822 (4028) = 35
02-27 14:17:17.892 I/[UPI]   (  166): <UG31/E>[UpiReadCapacity]: (0x0001254a) 1328 (1328) / 3822 (4028) = 35
02-27 14:17:17.892 I/[UPI]   (  166): <UG31/E>[RsocFilterCountTime]: (0x0001254a) Step=5(303740), Full=5(303740), Lock=303740(1800000)
02-27 14:17:17.892 I/[UPI]   (  166): <UG31/E>[UpiReadCapacity]: (0x0001254a) 1328 (1328) / 3822 (4028) = 35 (-329--329)
02-27 14:17:17.892 I/[UPI]   (  166): <UG31/E><BATT> M:normal, P:35(35-35)%, V:3740mV, C:-197mA, T:33.9C(392), S:0x0001254a(000), R:1328mAh, F:3822mAh, Q:-701mAh, CC:3, P:30.360(700-0)s, BO:7, 97:615:0-44af-9m:B001-20140514-144301 (16)
02-27 14:17:17.892 D/EVENT_THREAD(  186): void CEventThread::run() POLLIN event on Fd (1)
02-27 14:17:17.892 D/EVENT_THREAD(  186): void CEventThread::run() Do poll with timeout: -1
02-27 14:17:17.942 I/upi_ug31xx(  166): (371) backup_data 
02-27 14:17:17.942 V/upi_ug31xx(  166): state->check_backup_count = 8
02-27 14:17:18.122 I/WifiHW  (  505): CMD: IFNAME=wlan0 SIGNAL_POLL
02-27 14:17:18.122 D/wpa_supplicant(  711): RX ctrl_iface - hexdump(len=11): 53 49 47 4e 41 4c 5f 50 4f 4c 4c
02-27 14:17:18.122 D/wpa_supplicant(  711): wlan0: Control interface command 'SIGNAL_POLL'
02-27 14:17:18.142 D/wpa_supplicant(  711): nl80211: survey data missing!
02-27 14:17:18.142 I/WifiHW  (  505): REPLY: RSSI=-57
02-27 14:17:18.142 I/WifiHW  (  505): REPLY: LINKSPEED=52
02-27 14:17:18.142 I/WifiHW  (  505): REPLY: NOISE=9999
02-27 14:17:18.142 I/WifiHW  (  505): REPLY: FREQUENCY=2437
02-27 14:17:18.342 W/BindingManager(12310): Cannot call determinedVisibility() - never saw a connection for the pid: 12310
02-27 14:17:18.972 W/BindingManager(12310): Cannot call determinedVisibility() - never saw a connection for the pid: 12310
02-27 14:17:19.682 W/BindingManager(12310): Cannot call determinedVisibility() - never saw a connection for the pid: 12310
02-27 14:17:20.382 W/BindingManager(12310): Cannot call determinedVisibility() - never saw a connection for the pid: 12310
02-27 14:17:21.042 W/BindingManager(12310): Cannot call determinedVisibility() - never saw a connection for the pid: 12310
02-27 14:17:21.152 I/WifiHW  (  505): CMD: IFNAME=wlan0 SIGNAL_POLL
02-27 14:17:21.152 D/wpa_supplicant(  711): RX ctrl_iface - hexdump(len=11): 53 49 47 4e 41 4c 5f 50 4f 4c 4c
02-27 14:17:21.152 D/wpa_supplicant(  711): wlan0: Control interface command 'SIGNAL_POLL'
02-27 14:17:21.182 D/wpa_supplicant(  711): nl80211: survey data missing!
02-27 14:17:21.182 I/WifiHW  (  505): REPLY: RSSI=-60
02-27 14:17:21.182 I/WifiHW  (  505): REPLY: LINKSPEED=52
02-27 14:17:21.182 I/WifiHW  (  505): REPLY: NOISE=9999
02-27 14:17:21.182 I/WifiHW  (  505): REPLY: FREQUENCY=2437
02-27 14:17:21.702 W/BindingManager(12310): Cannot call determinedVisibility() - never saw a connection for the pid: 12310
02-27 14:17:22.342 W/BindingManager(12310): Cannot call determinedVisibility() - never saw a connection for the pid: 12310
02-27 14:17:23.002 W/BindingManager(12310): Cannot call determinedVisibility() - never saw a connection for the pid: 12310
02-27 14:17:23.682 W/BindingManager(12310): Cannot call determinedVisibility() - never saw a connection for the pid: 12310
02-27 14:17:24.182 I/WifiHW  (  505): CMD: IFNAME=wlan0 SIGNAL_POLL
02-27 14:17:24.182 D/wpa_supplicant(  711): RX ctrl_iface - hexdump(len=11): 53 49 47 4e 41 4c 5f 50 4f 4c 4c
02-27 14:17:24.182 D/wpa_supplicant(  711): wlan0: Control interface command 'SIGNAL_POLL'
02-27 14:17:24.212 D/wpa_supplicant(  711): nl80211: survey data missing!
02-27 14:17:24.212 I/WifiHW  (  505): REPLY: RSSI=-56
02-27 14:17:24.212 I/WifiHW  (  505): REPLY: LINKSPEED=52
02-27 14:17:24.212 I/WifiHW  (  505): REPLY: NOISE=9999
02-27 14:17:24.212 I/WifiHW  (  505): REPLY: FREQUENCY=2437
02-27 14:17:24.352 W/BindingManager(12310): Cannot call determinedVisibility() - never saw a connection for the pid: 12310
02-27 14:17:24.992 W/BindingManager(12310): Cannot call determinedVisibility() - never saw a connection for the pid: 12310
02-27 14:17:25.662 W/BindingManager(12310): Cannot call determinedVisibility() - never saw a connection for the pid: 12310
02-27 14:17:25.722 D/BatteryStatsImpl(  505): noteStopWakeLocked system isFromForeground = false
02-27 14:17:25.902 I/chromium(12310): [INFO:CONSOLE(0)] "WebSocket connection to 'ws://127.0.0.1:8081/ws/echo' failed: WebSocket is closed before the connection is established.", source: http://127.0.0.1:8080/opt/tct-websocket-w3c-tests/websocket/w3c/interfaces/WebSocket/bufferedAmount/004.html (0)
02-27 14:17:26.032 I/chromium(12310): [INFO:CONSOLE(0)] "WebSocket connection to 'ws://127.0.0.1:8081/' failed: WebSocket is closed before the connection is established.", source: http://127.0.0.1:8080/opt/tct-websocket-w3c-tests/websocket/w3c/interfaces/WebSocket/close/001.html (0)
02-27 14:17:26.242 I/chromium(12310): [INFO:CONSOLE(0)] "WebSocket connection to 'ws://127.0.0.1:8081/' failed: WebSocket is closed before the connection is established.", source: http://127.0.0.1:8080/opt/tct-websocket-w3c-tests/websocket/w3c/interfaces/WebSocket/close/003.html (0)
02-27 14:17:26.862 W/BindingManager(12310): Cannot call determinedVisibility() - never saw a connection for the pid: 12310
02-27 14:17:26.882 I/chromium(12310): [INFO:CONSOLE(0)] "WebSocket connection to 'ws://127.0.0.1:8081/' failed: WebSocket is closed before the connection is established.", source: http://127.0.0.1:8080/opt/tct-websocket-w3c-tests/websocket/w3c/interfaces/WebSocket/close/004.html (0)
02-27 14:17:27.212 I/WifiHW  (  505): CMD: IFNAME=wlan0 SIGNAL_POLL
02-27 14:17:27.222 D/wpa_supplicant(  711): RX ctrl_iface - hexdump(len=11): 53 49 47 4e 41 4c 5f 50 4f 4c 4c
02-27 14:17:27.222 D/wpa_supplicant(  711): wlan0: Control interface command 'SIGNAL_POLL'
02-27 14:17:27.242 D/wpa_supplicant(  711): nl80211: survey data missing!
02-27 14:17:27.242 I/WifiHW  (  505): REPLY: RSSI=-58
02-27 14:17:27.242 I/WifiHW  (  505): REPLY: LINKSPEED=52
02-27 14:17:27.242 I/WifiHW  (  505): REPLY: NOISE=9999
02-27 14:17:27.242 I/WifiHW  (  505): REPLY: FREQUENCY=2437
02-27 14:17:29.232 W/BindingManager(12310): Cannot call determinedVisibility() - never saw a connection for the pid: 12310
02-27 14:17:30.242 I/WifiHW  (  505): CMD: IFNAME=wlan0 SIGNAL_POLL
02-27 14:17:30.242 D/wpa_supplicant(  711): RX ctrl_iface - hexdump(len=11): 53 49 47 4e 41 4c 5f 50 4f 4c 4c
02-27 14:17:30.242 D/wpa_supplicant(  711): wlan0: Control interface command 'SIGNAL_POLL'
02-27 14:17:30.262 D/wpa_supplicant(  711): nl80211: survey data missing!
02-27 14:17:30.262 I/WifiHW  (  505): REPLY: RSSI=-57
02-27 14:17:30.262 I/WifiHW  (  505): REPLY: LINKSPEED=52
02-27 14:17:30.262 I/WifiHW  (  505): REPLY: NOISE=9999
02-27 14:17:30.262 I/WifiHW  (  505): REPLY: FREQUENCY=2437
02-27 14:17:30.622 I/chromium(12310): [INFO:CONSOLE(11)] "WebSocket connection to 'ws://127.0.0.1/' failed: Error in connection establishment: net::ERR_CONNECTION_REFUSED", source: http://127.0.0.1:8080/opt/tct-websocket-w3c-tests/websocket/w3c/interfaces/WebSocket/events/010.html (11)
02-27 14:17:30.622 I/chromium(12310): [INFO:CONSOLE(11)] "WebSocket connection to 'ws://127.0.0.1/' failed: Error in connection establishment: net::ERR_CONNECTION_REFUSED", source: http://127.0.0.1:8080/opt/tct-websocket-w3c-tests/websocket/w3c/interfaces/WebSocket/events/010.html (11)
02-27 14:17:30.622 I/chromium(12310): [INFO:CONSOLE(11)] "WebSocket connection to 'ws://127.0.0.1/' failed: Error in connection establishment: net::ERR_CONNECTION_REFUSED", source: http://127.0.0.1:8080/opt/tct-websocket-w3c-tests/websocket/w3c/interfaces/WebSocket/events/010.html (11)
02-27 14:17:30.622 I/chromium(12310): [INFO:CONSOLE(11)] "WebSocket connection to 'ws://127.0.0.1/' failed: Error in connection establishment: net::ERR_CONNECTION_REFUSED", source: http://127.0.0.1:8080/opt/tct-websocket-w3c-tests/websocket/w3c/interfaces/WebSocket/events/010.html (11)
02-27 14:17:30.842 I/chromium(12310): [INFO:CONSOLE(11)] "WebSocket connection to 'ws://127.0.0.1/' failed: Error in connection establishment: net::ERR_CONNECTION_REFUSED", source: http://127.0.0.1:8080/opt/tct-websocket-w3c-tests/websocket/w3c/interfaces/WebSocket/events/011.html (11)
02-27 14:17:30.842 I/chromium(12310): [INFO:CONSOLE(11)] "WebSocket connection to 'ws://127.0.0.1/' failed: Error in connection establishment: net::ERR_CONNECTION_REFUSED", source: http://127.0.0.1:8080/opt/tct-websocket-w3c-tests/websocket/w3c/interfaces/WebSocket/events/011.html (11)
02-27 14:17:30.842 I/chromium(12310): [INFO:CONSOLE(11)] "WebSocket connection to 'ws://127.0.0.1/' failed: Error in connection establishment: net::ERR_CONNECTION_REFUSED", source: http://127.0.0.1:8080/opt/tct-websocket-w3c-tests/websocket/w3c/interfaces/WebSocket/events/011.html (11)
02-27 14:17:30.842 I/chromium(12310): [INFO:CONSOLE(11)] "WebSocket connection to 'ws://127.0.0.1/' failed: Error in connection establishment: net::ERR_CONNECTION_REFUSED", source: http://127.0.0.1:8080/opt/tct-websocket-w3c-tests/websocket/w3c/interfaces/WebSocket/events/011.html (11)
02-27 14:17:31.082 I/chromium(12310): [INFO:CONSOLE(11)] "WebSocket connection to 'ws://127.0.0.1/' failed: Error in connection establishment: net::ERR_CONNECTION_REFUSED", source: http://127.0.0.1:8080/opt/tct-websocket-w3c-tests/websocket/w3c/interfaces/WebSocket/events/012.html (11)
02-27 14:17:31.082 I/chromium(12310): [INFO:CONSOLE(11)] "WebSocket connection to 'ws://127.0.0.1/' failed: Error in connection establishment: net::ERR_CONNECTION_REFUSED", source: http://127.0.0.1:8080/opt/tct-websocket-w3c-tests/websocket/w3c/interfaces/WebSocket/events/012.html (11)
02-27 14:17:31.082 I/chromium(12310): [INFO:CONSOLE(11)] "WebSocket connection to 'ws://127.0.0.1/' failed: Error in connection establishment: net::ERR_CONNECTION_REFUSED", source: http://127.0.0.1:8080/opt/tct-websocket-w3c-tests/websocket/w3c/interfaces/WebSocket/events/012.html (11)
02-27 14:17:31.092 I/chromium(12310): [INFO:CONSOLE(11)] "WebSocket connection to 'ws://127.0.0.1/' failed: Error in connection establishment: net::ERR_CONNECTION_REFUSED", source: http://127.0.0.1:8080/opt/tct-websocket-w3c-tests/websocket/w3c/interfaces/WebSocket/events/012.html (11)
02-27 14:17:31.172 E/CMC->TaskConnection(  586): execute TaskConnection but get IOException: failed to connect to mdmnotify1.asus.com/103.10.4.158 (port 9000): connect failed: ETIMEDOUT (Connection timed out)
02-27 14:17:31.172 E/CMC->NioClient3(  586): NioClient thread get exception e: execute TaskConnection but get IOException
02-27 14:17:31.182 D/CMC->PushService(  586): ============== PushService.onDestroy() ==============
02-27 14:17:31.182 D/CMC->PushUtil(  586): State.CONNECTED
02-27 14:17:31.182 D/CMC->PushControlReceiver(  586): set retry
02-27 14:17:31.182 W/ContextImpl(  586): Calling a method in the system process without a qualified user: android.app.ContextImpl.stopService:1553 android.content.ContextWrapper.stopService:500 com.asus.cm.push.PushUtil.stopPushService:33 com.asus.cm.push.NioClient3.run:120 <bottom of call stack> 
02-27 14:17:31.192 D/CMC->UniqueId(  586): get cached uniqueID
02-27 14:17:31.192 D/CMC->UniqueId(  586): get cached uniqueID
02-27 14:17:31.192 D/AlarmManager(  505): Added alarm Alarm{21f5bb10 type 0 com.asus.cm} type:RTC_WAKEUP when: At 15-2-27 2:37
02-27 14:17:31.302 I/chromium(12310): [INFO:CONSOLE(11)] "WebSocket connection to 'ws://127.0.0.1/' failed: Error in connection establishment: net::ERR_CONNECTION_REFUSED", source: http://127.0.0.1:8080/opt/tct-websocket-w3c-tests/websocket/w3c/interfaces/WebSocket/events/014.html (11)
02-27 14:17:31.302 I/chromium(12310): [INFO:CONSOLE(11)] "WebSocket connection to 'ws://127.0.0.1/' failed: Error in connection establishment: net::ERR_CONNECTION_REFUSED", source: http://127.0.0.1:8080/opt/tct-websocket-w3c-tests/websocket/w3c/interfaces/WebSocket/events/014.html (11)
02-27 14:17:31.302 I/chromium(12310): [INFO:CONSOLE(11)] "WebSocket connection to 'ws://127.0.0.1/' failed: Error in connection establishment: net::ERR_CONNECTION_REFUSED", source: http://127.0.0.1:8080/opt/tct-websocket-w3c-tests/websocket/w3c/interfaces/WebSocket/events/014.html (11)
02-27 14:17:31.302 I/chromium(12310): [INFO:CONSOLE(11)] "WebSocket connection to 'ws://127.0.0.1/' failed: Error in connection establishment: net::ERR_CONNECTION_REFUSED", source: http://127.0.0.1:8080/opt/tct-websocket-w3c-tests/websocket/w3c/interfaces/WebSocket/events/014.html (11)
02-27 14:17:32.002 W/BindingManager(12310): Cannot call determinedVisibility() - never saw a connection for the pid: 12310
02-27 14:17:32.602 W/BindingManager(12310): Cannot call determinedVisibility() - never saw a connection for the pid: 12310
02-27 14:17:33.262 I/WifiHW  (  505): CMD: IFNAME=wlan0 SIGNAL_POLL
02-27 14:17:33.262 D/wpa_supplicant(  711): RX ctrl_iface - hexdump(len=11): 53 49 47 4e 41 4c 5f 50 4f 4c 4c
02-27 14:17:33.262 D/wpa_supplicant(  711): wlan0: Control interface command 'SIGNAL_POLL'
02-27 14:17:33.262 W/BindingManager(12310): Cannot call determinedVisibility() - never saw a connection for the pid: 12310
02-27 14:17:33.282 I/chromium(12310): [INFO:CONSOLE(0)] "WebSocket connection to 'ws://127.0.0.1:8081/ws/echo' failed: WebSocket is closed before the connection is established.", source: http://127.0.0.1:8080/opt/tct-websocket-w3c-tests/websocket/w3c/interfaces/WebSocket/events/019.html (0)
02-27 14:17:33.292 D/wpa_supplicant(  711): nl80211: survey data missing!
02-27 14:17:33.292 I/WifiHW  (  505): REPLY: RSSI=-58
02-27 14:17:33.292 I/WifiHW  (  505): REPLY: LINKSPEED=52
02-27 14:17:33.292 I/WifiHW  (  505): REPLY: NOISE=9999
02-27 14:17:33.292 I/WifiHW  (  505): REPLY: FREQUENCY=2437
02-27 14:17:33.292 I/chromium(12310): [INFO:CONSOLE(0)] "WebSocket connection to 'ws://127.0.0.1:8081/ws/echo' failed: WebSocket is closed before the connection is established.", source: http://127.0.0.1:8080/opt/tct-websocket-w3c-tests/websocket/w3c/interfaces/WebSocket/events/019.html (0)
02-27 14:17:33.292 I/chromium(12310): [INFO:CONSOLE(0)] "WebSocket connection to 'ws://127.0.0.1:8081/ws/echo' failed: WebSocket is closed before the connection is established.", source: http://127.0.0.1:8080/opt/tct-websocket-w3c-tests/websocket/w3c/interfaces/WebSocket/events/019.html (0)
02-27 14:17:33.292 I/chromium(12310): [INFO:CONSOLE(0)] "WebSocket connection to 'ws://127.0.0.1:8081/ws/echo' failed: WebSocket is closed before the connection is established.", source: http://127.0.0.1:8080/opt/tct-websocket-w3c-tests/websocket/w3c/interfaces/WebSocket/events/019.html (0)
02-27 14:17:33.532 I/chromium(12310): [INFO:CONSOLE(10)] "WebSocket connection to 'ws://127.0.0.1/' failed: Error in connection establishment: net::ERR_CONNECTION_REFUSED", source: http://127.0.0.1:8080/opt/tct-websocket-w3c-tests/websocket/w3c/interfaces/WebSocket/extensions/001.html (10)
02-27 14:17:33.642 I/chromium(12310): [INFO:CONSOLE(10)] "WebSocket connection to 'ws://127.0.0.1/' failed: Error in connection establishment: net::ERR_CONNECTION_REFUSED", source: http://127.0.0.1:8080/opt/tct-websocket-w3c-tests/websocket/w3c/interfaces/WebSocket/protocol/001.html (10)
02-27 14:17:33.732 I/chromium(12310): [INFO:CONSOLE(9)] "WebSocket connection to 'ws://127.0.0.1/' failed: Error in connection establishment: net::ERR_CONNECTION_REFUSED", source: http://127.0.0.1:8080/opt/tct-websocket-w3c-tests/websocket/w3c/interfaces/WebSocket/readyState/001.html (9)
02-27 14:17:33.832 I/chromium(12310): [INFO:CONSOLE(9)] "WebSocket connection to 'ws://127.0.0.1/' failed: Error in connection establishment: net::ERR_CONNECTION_REFUSED", source: http://127.0.0.1:8080/opt/tct-websocket-w3c-tests/websocket/w3c/interfaces/WebSocket/readyState/002.html (9)
02-27 14:17:34.552 W/BindingManager(12310): Cannot call determinedVisibility() - never saw a connection for the pid: 12310
02-27 14:17:35.282 W/BindingManager(12310): Cannot call determinedVisibility() - never saw a connection for the pid: 12310
02-27 14:17:35.992 W/BindingManager(12310): Cannot call determinedVisibility() - never saw a connection for the pid: 12310
02-27 14:17:36.082 I/chromium(12310): [INFO:CONSOLE(9)] "WebSocket connection to 'ws://127.0.0.1/' failed: Error in connection establishment: net::ERR_CONNECTION_REFUSED", source: http://127.0.0.1:8080/opt/tct-websocket-w3c-tests/websocket/w3c/interfaces/WebSocket/send/001.html (9)
02-27 14:17:36.172 I/chromium(12310): [INFO:CONSOLE(9)] "WebSocket connection to 'ws://127.0.0.1/' failed: Error in connection establishment: net::ERR_CONNECTION_REFUSED", source: http://127.0.0.1:8080/opt/tct-websocket-w3c-tests/websocket/w3c/interfaces/WebSocket/send/002.html (9)
02-27 14:17:36.292 I/chromium(12310): [INFO:CONSOLE(9)] "WebSocket connection to 'ws://127.0.0.1/' failed: Error in connection establishment: net::ERR_CONNECTION_REFUSED", source: http://127.0.0.1:8080/opt/tct-websocket-w3c-tests/websocket/w3c/interfaces/WebSocket/send/003.html (9)
02-27 14:17:36.292 I/WifiHW  (  505): CMD: IFNAME=wlan0 SIGNAL_POLL
02-27 14:17:36.292 D/wpa_supplicant(  711): RX ctrl_iface - hexdump(len=11): 53 49 47 4e 41 4c 5f 50 4f 4c 4c
02-27 14:17:36.292 D/wpa_supplicant(  711): wlan0: Control interface command 'SIGNAL_POLL'
02-27 14:17:36.322 D/wpa_supplicant(  711): nl80211: survey data missing!
02-27 14:17:36.322 I/WifiHW  (  505): REPLY: RSSI=-62
02-27 14:17:36.322 I/WifiHW  (  505): REPLY: LINKSPEED=52
02-27 14:17:36.322 I/WifiHW  (  505): REPLY: NOISE=9999
02-27 14:17:36.322 I/WifiHW  (  505): REPLY: FREQUENCY=2437
02-27 14:17:36.512 I/chromium(12310): [INFO:CONSOLE(10)] "WebSocket connection to 'ws://127.0.0.1/' failed: Error in connection establishment: net::ERR_CONNECTION_REFUSED", source: http://127.0.0.1:8080/opt/tct-websocket-w3c-tests/websocket/w3c/interfaces/WebSocket/send/004.html (10)
02-27 14:17:36.512 I/chromium(12310): [INFO:CONSOLE(15)] "WebSocket connection to 'ws://127.0.0.1/' failed: Error in connection establishment: net::ERR_CONNECTION_REFUSED", source: http://127.0.0.1:8080/opt/tct-websocket-w3c-tests/websocket/w3c/interfaces/WebSocket/send/004.html (15)
02-27 14:17:36.512 I/chromium(12310): [INFO:CONSOLE(20)] "WebSocket connection to 'ws://127.0.0.1/' failed: Error in connection establishment: net::ERR_CONNECTION_REFUSED", source: http://127.0.0.1:8080/opt/tct-websocket-w3c-tests/websocket/w3c/interfaces/WebSocket/send/004.html (20)
02-27 14:17:37.322 W/BindingManager(12310): Cannot call determinedVisibility() - never saw a connection for the pid: 12310
02-27 14:17:37.362 V/ContextImpl(12310): ----- packageName = com.chrome.beta is NOT LOCKED -----
02-27 14:17:37.382 I/ActivityManager(  505): START u0 {act=android.intent.action.VIEW dat=http://127.0.0.1:8080/opt/tct-websocket-w3c-tests/websocket/w3c/unload-a-document/001-1.html cmp=com.chrome.beta/com.google.android.apps.chrome.Main} from pid 12310
02-27 14:17:37.392 D/WindowManager(  505): adjustConfigurationLw, config:{1.0 ?mcc?mnc ?locale ?layoutDir sw600dp w961dp h528dp 213dpi lrg land ?uimode ?night finger -keyb/v/h -nav/v} mLidState:1 mHasDockFeature:false mHasKeyboardFeature:false mHasHallSensorFeature:true config.hardKeyboardHidden:2
02-27 14:17:37.392 I/ActivityManager(  505): [TopPkgCurBat]	NowPkgName[com.chrome.beta]	Battery[35]	TimeTick[1425017857402]	OldPkgName[org.xwalk.webapi_service_tests]
02-27 14:17:37.402 V/ContextImpl( 6870): ----- packageName = com.chrome.beta is NOT LOCKED -----
02-27 14:17:37.402 I/ActivityManager(  505): START u0 {act=android.intent.action.VIEW dat=http://127.0.0.1:8080/opt/tct-websocket-w3c-tests/websocket/w3c/unload-a-document/001-1.html flg=0x14000000 cmp=com.chrome.beta/com.google.android.apps.chrome.ChromeTabbedActivity} from pid 6870
