--------- beginning of /dev/log/main
02-27 14:26:03.332 I/WifiHW  (  505): CMD: IFNAME=wlan0 SIGNAL_POLL
02-27 14:26:03.332 D/wpa_supplicant(  711): RX ctrl_iface - hexdump(len=11): 53 49 47 4e 41 4c 5f 50 4f 4c 4c
02-27 14:26:03.332 D/wpa_supplicant(  711): wlan0: Control interface command 'SIGNAL_POLL'
02-27 14:26:03.362 D/wpa_supplicant(  711): nl80211: survey data missing!
02-27 14:26:03.362 I/WifiHW  (  505): REPLY: RSSI=-63
02-27 14:26:03.362 I/WifiHW  (  505): REPLY: LINKSPEED=65
02-27 14:26:03.362 I/WifiHW  (  505): REPLY: NOISE=9999
02-27 14:26:03.362 I/WifiHW  (  505): REPLY: FREQUENCY=2437
02-27 14:26:04.242 D/AndroidRuntime(14674): 
02-27 14:26:04.242 D/AndroidRuntime(14674): >>>>>> AndroidRuntime START com.android.internal.os.RuntimeInit <<<<<<
02-27 14:26:04.242 D/AndroidRuntime(14674): CheckJNI is OFF
02-27 14:26:04.242 I/AndroidRuntime(14674): Kernel Release Version: 3.10.20-gf818079
02-27 14:26:04.242 I/dalvikvm(14674): No library specified. The standard exception handler will be used
02-27 14:26:04.242 I/dalvikvm(14674): 
02-27 14:26:04.242 I/dalvikvm(14674): +++++++++++++ Using PCG. +++++++++++++++++++++
02-27 14:26:04.252 D/dalvikvm(14674): Trying to load lib libjavacore.so 0x0
02-27 14:26:04.252 D/dalvikvm(14674): Added shared lib libjavacore.so 0x0
02-27 14:26:04.252 D/dalvikvm(14674): Trying to load lib libnativehelper.so 0x0
02-27 14:26:04.252 D/dalvikvm(14674): Added shared lib libnativehelper.so 0x0
02-27 14:26:04.252 D/dalvikvm(14674): No JNI_OnLoad found in libnativehelper.so 0x0, skipping init
02-27 14:26:04.262 D/dalvikvm(14674): Extra Options: not specified
02-27 14:26:04.272 D/dalvikvm(14674): Note: class Landroid/app/ActivityManagerNative; has 186 unimplemented (abstract) methods
02-27 14:26:04.342 E/memtrack(14674): Couldn't load memtrack module (No such file or directory)
02-27 14:26:04.342 E/android.os.Debug(14674): failed to load memtrack module: -2
02-27 14:26:04.372 D/AndroidRuntime(14674): Calling main entry com.android.commands.am.Am
02-27 14:26:04.402 D/AndroidRuntime(14674): Shutting down VM
02-27 14:26:04.402 D/dalvikvm(14674): GC_CONCURRENT freed 112K, 16% free 666K/792K, paused 0ms+1ms, total 1ms
02-27 14:26:04.402 D/dalvikvm(14674): Compiler shutdown in progress - discarding request
02-27 14:26:04.402 D/dalvikvm(14674): Compiler shutdown in progress - discarding request
02-27 14:26:04.402 D/dalvikvm(14674): Compiler shutdown in progress - discarding request
02-27 14:26:04.402 D/dalvikvm(14674): Compiler shutdown in progress - discarding request
02-27 14:26:04.402 D/dalvikvm(14674): Compiler shutdown in progress - discarding request
02-27 14:26:04.402 D/dalvikvm(14674): Compiler shutdown in progress - discarding request
02-27 14:26:04.402 D/dalvikvm(14674): Compiler shutdown in progress - discarding request
02-27 14:26:04.402 D/dalvikvm(14674): Compiler shutdown in progress - discarding request
02-27 14:26:04.402 D/dalvikvm(14674): Compiler shutdown in progress - discarding request
02-27 14:26:04.402 D/dalvikvm(14674): Compiler shutdown in progress - discarding request
02-27 14:26:04.402 D/dalvikvm(14674): Compiler shutdown in progress - discarding request
02-27 14:26:04.402 D/dalvikvm(14674): Compiler shutdown in progress - discarding request
02-27 14:26:04.402 D/dalvikvm(14674): Compiler shutdown in progress - discarding request
02-27 14:26:04.402 D/dalvikvm(14674): Compiler shutdown in progress - discarding request
02-27 14:26:04.402 D/dalvikvm(14674): Compiler shutdown in progress - discarding request
02-27 14:26:04.402 D/dalvikvm(14674): Compiler shutdown in progress - discarding request
02-27 14:26:04.402 D/dalvikvm(14674): Compiler shutdown in progress - discarding request
02-27 14:26:04.402 D/dalvikvm(14674): Compiler shutdown in progress - discarding request
02-27 14:26:04.402 D/dalvikvm(14674): Compiler shutdown in progress - discarding request
02-27 14:26:04.402 D/dalvikvm(14674): Compiler shutdown in progress - discarding request
02-27 14:26:04.402 D/dalvikvm(14674): Compiler shutdown in progress - discarding request
02-27 14:26:04.402 D/dalvikvm(14674): Compiler shutdown in progress - discarding request
02-27 14:26:04.402 D/dalvikvm(14674): Compiler shutdown in progress - discarding request
02-27 14:26:04.402 D/dalvikvm(14674): Compiler shutdown in progress - discarding request
02-27 14:26:04.402 D/dalvikvm(14674): Compiler shutdown in progress - discarding request
02-27 14:26:04.402 D/dalvikvm(14674): Compiler shutdown in progress - discarding request
02-27 14:26:04.402 D/dalvikvm(14674): Compiler shutdown in progress - discarding request
02-27 14:26:04.402 D/dalvikvm(14674): Compiler shutdown in progress - discarding request
02-27 14:26:04.402 D/dalvikvm(14674): Compiler shutdown in progress - discarding request
02-27 14:26:04.402 D/dalvikvm(14674): Compiler shutdown in progress - discarding request
02-27 14:26:04.402 D/dalvikvm(14674): Compiler shutdown in progress - discarding request
02-27 14:26:04.402 D/dalvikvm(14674): Compiler shutdown in progress - discarding request
02-27 14:26:04.402 D/dalvikvm(14674): Compiler shutdown in progress - discarding request
02-27 14:26:04.402 D/dalvikvm(14674): Compiler shutdown in progress - discarding request
02-27 14:26:04.402 D/dalvikvm(14674): Compiler shutdown in progress - discarding request
02-27 14:26:04.402 D/dalvikvm(14674): Compiler shutdown in progress - discarding request
02-27 14:26:04.402 D/dalvikvm(14674): Compiler shutdown in progress - discarding request
02-27 14:26:04.402 D/dalvikvm(14674): Compiler shutdown in progress - discarding request
02-27 14:26:04.402 D/dalvikvm(14674): Compiler shutdown in progress - discarding request
02-27 14:26:04.402 D/dalvikvm(14674): Compiler shutdown in progress - discarding request
02-27 14:26:04.402 D/dalvikvm(14674): Compiler shutdown in progress - discarding request
02-27 14:26:04.402 D/dalvikvm(14674): Compiler shutdown in progress - discarding request
02-27 14:26:04.402 D/dalvikvm(14674): Compiler shutdown in progress - discarding request
02-27 14:26:04.402 D/dalvikvm(14674): Compiler shutdown in progress - discarding request
02-27 14:26:04.402 D/dalvikvm(14674): Compiler shutdown in progress - discarding request
--------- beginning of /dev/log/system
02-27 14:26:04.402 I/ActivityManager(  505): Force stopping org.xwalk.webapi_noneservice_tests appid=10085 user=0: from pid 14674
02-27 14:26:05.042 D/AndroidRuntime(14685): 
02-27 14:26:05.042 D/AndroidRuntime(14685): >>>>>> AndroidRuntime START com.android.internal.os.RuntimeInit <<<<<<
02-27 14:26:05.042 D/AndroidRuntime(14685): CheckJNI is OFF
02-27 14:26:05.042 I/AndroidRuntime(14685): Kernel Release Version: 3.10.20-gf818079
02-27 14:26:05.042 I/dalvikvm(14685): No library specified. The standard exception handler will be used
02-27 14:26:05.042 I/dalvikvm(14685): 
02-27 14:26:05.042 I/dalvikvm(14685): +++++++++++++ Using PCG. +++++++++++++++++++++
02-27 14:26:05.052 D/dalvikvm(14685): Trying to load lib libjavacore.so 0x0
02-27 14:26:05.052 D/dalvikvm(14685): Added shared lib libjavacore.so 0x0
02-27 14:26:05.052 D/dalvikvm(14685): Trying to load lib libnativehelper.so 0x0
02-27 14:26:05.052 D/dalvikvm(14685): Added shared lib libnativehelper.so 0x0
02-27 14:26:05.052 D/dalvikvm(14685): No JNI_OnLoad found in libnativehelper.so 0x0, skipping init
02-27 14:26:05.062 D/dalvikvm(14685): Extra Options: not specified
02-27 14:26:05.072 D/dalvikvm(14685): Note: class Landroid/app/ActivityManagerNative; has 186 unimplemented (abstract) methods
02-27 14:26:05.142 E/memtrack(14685): Couldn't load memtrack module (No such file or directory)
02-27 14:26:05.142 E/android.os.Debug(14685): failed to load memtrack module: -2
02-27 14:26:05.182 D/AndroidRuntime(14685): Calling main entry com.android.commands.am.Am
02-27 14:26:05.212 D/AndroidRuntime(14685): Shutting down VM
02-27 14:26:05.212 D/dalvikvm(14685): GC_CONCURRENT freed 117K, 17% free 670K/800K, paused 0ms+0ms, total 1ms
02-27 14:26:05.212 I/ActivityManager(  505): START u0 {flg=0x10000000 cmp=org.xwalk.webapi_noneservice_tests/.webapi_noneservice_testsActivity} from pid 14685
02-27 14:26:05.222 D/dalvikvm(14685): Compiler shutdown in progress - discarding request
02-27 14:26:05.222 D/dalvikvm(14685): Compiler shutdown in progress - discarding request
02-27 14:26:05.222 D/dalvikvm(14685): Compiler shutdown in progress - discarding request
02-27 14:26:05.222 D/dalvikvm(14685): Compiler shutdown in progress - discarding request
02-27 14:26:05.222 D/dalvikvm(14685): Compiler shutdown in progress - discarding request
02-27 14:26:05.222 D/dalvikvm(14685): Compiler shutdown in progress - discarding request
02-27 14:26:05.222 D/dalvikvm(14685): Compiler shutdown in progress - discarding request
02-27 14:26:05.222 D/dalvikvm(14685): Compiler shutdown in progress - discarding request
02-27 14:26:05.222 D/dalvikvm(14685): Compiler shutdown in progress - discarding request
02-27 14:26:05.222 D/dalvikvm(14685): Compiler shutdown in progress - discarding request
02-27 14:26:05.222 D/dalvikvm(14685): Compiler shutdown in progress - discarding request
02-27 14:26:05.222 D/dalvikvm(14685): Compiler shutdown in progress - discarding request
02-27 14:26:05.222 D/dalvikvm(14685): Compiler shutdown in progress - discarding request
02-27 14:26:05.222 D/dalvikvm(14685): Compiler shutdown in progress - discarding request
02-27 14:26:05.222 D/dalvikvm(14685): Compiler shutdown in progress - discarding request
02-27 14:26:05.222 D/dalvikvm(14685): Compiler shutdown in progress - discarding request
02-27 14:26:05.222 D/dalvikvm(14685): Compiler shutdown in progress - discarding request
02-27 14:26:05.222 D/dalvikvm(14685): Compiler shutdown in progress - discarding request
02-27 14:26:05.222 D/dalvikvm(14685): Compiler shutdown in progress - discarding request
02-27 14:26:05.222 D/dalvikvm(14685): Compiler shutdown in progress - discarding request
02-27 14:26:05.222 D/dalvikvm(14685): Compiler shutdown in progress - discarding request
02-27 14:26:05.222 D/dalvikvm(14685): Compiler shutdown in progress - discarding request
02-27 14:26:05.222 D/dalvikvm(14685): Compiler shutdown in progress - discarding request
02-27 14:26:05.222 D/dalvikvm(14685): Compiler shutdown in progress - discarding request
02-27 14:26:05.222 D/dalvikvm(14685): Compiler shutdown in progress - discarding request
02-27 14:26:05.222 D/dalvikvm(14685): Compiler shutdown in progress - discarding request
02-27 14:26:05.222 D/dalvikvm(14685): Compiler shutdown in progress - discarding request
02-27 14:26:05.222 D/dalvikvm(14685): Compiler shutdown in progress - discarding request
02-27 14:26:05.222 D/dalvikvm(14685): Compiler shutdown in progress - discarding request
02-27 14:26:05.222 D/dalvikvm(14685): Compiler shutdown in progress - discarding request
02-27 14:26:05.222 D/dalvikvm(14685): Compiler shutdown in progress - discarding request
02-27 14:26:05.222 D/dalvikvm(14685): Compiler shutdown in progress - discarding request
02-27 14:26:05.222 D/dalvikvm(14685): Compiler shutdown in progress - discarding request
02-27 14:26:05.222 D/dalvikvm(14685): Compiler shutdown in progress - discarding request
02-27 14:26:05.222 D/dalvikvm(14685): Compiler shutdown in progress - discarding request
02-27 14:26:05.222 D/dalvikvm(14685): Compiler shutdown in progress - discarding request
02-27 14:26:05.222 D/dalvikvm(14685): Compiler shutdown in progress - discarding request
02-27 14:26:05.222 D/dalvikvm(14685): Compiler shutdown in progress - discarding request
02-27 14:26:05.222 D/dalvikvm(14685): Compiler shutdown in progress - discarding request
02-27 14:26:05.222 D/dalvikvm(14685): Compiler shutdown in progress - discarding request
02-27 14:26:05.222 D/dalvikvm(14685): Compiler shutdown in progress - discarding request
02-27 14:26:05.222 D/dalvikvm(14685): Compiler shutdown in progress - discarding request
02-27 14:26:05.222 D/dalvikvm(14685): Compiler shutdown in progress - discarding request
02-27 14:26:05.222 D/dalvikvm(14685): Compiler shutdown in progress - discarding request
02-27 14:26:05.222 D/dalvikvm(14685): Compiler shutdown in progress - discarding request
02-27 14:26:05.222 D/dalvikvm(14685): Compiler shutdown in progress - discarding request
02-27 14:26:05.852 D/AndroidRuntime(14696): 
02-27 14:26:05.852 D/AndroidRuntime(14696): >>>>>> AndroidRuntime START com.android.internal.os.RuntimeInit <<<<<<
02-27 14:26:05.852 D/AndroidRuntime(14696): CheckJNI is OFF
02-27 14:26:05.852 I/AndroidRuntime(14696): Kernel Release Version: 3.10.20-gf818079
02-27 14:26:05.852 I/dalvikvm(14696): No library specified. The standard exception handler will be used
02-27 14:26:05.862 I/dalvikvm(14696): 
02-27 14:26:05.862 I/dalvikvm(14696): +++++++++++++ Using PCG. +++++++++++++++++++++
02-27 14:26:05.872 D/dalvikvm(14696): Trying to load lib libjavacore.so 0x0
02-27 14:26:05.872 D/dalvikvm(14696): Added shared lib libjavacore.so 0x0
02-27 14:26:05.872 D/dalvikvm(14696): Trying to load lib libnativehelper.so 0x0
02-27 14:26:05.872 D/dalvikvm(14696): Added shared lib libnativehelper.so 0x0
02-27 14:26:05.872 D/dalvikvm(14696): No JNI_OnLoad found in libnativehelper.so 0x0, skipping init
02-27 14:26:05.882 D/dalvikvm(14696): Extra Options: not specified
02-27 14:26:05.892 D/dalvikvm(14696): Note: class Landroid/app/ActivityManagerNative; has 186 unimplemented (abstract) methods
02-27 14:26:05.962 E/memtrack(14696): Couldn't load memtrack module (No such file or directory)
02-27 14:26:05.962 E/android.os.Debug(14696): failed to load memtrack module: -2
02-27 14:26:06.002 D/AndroidRuntime(14696): Calling main entry com.android.commands.am.Am
02-27 14:26:06.032 D/AndroidRuntime(14696): Shutting down VM
02-27 14:26:06.032 I/ActivityManager(  505): START u0 {flg=0x10000000 cmp=org.xwalk.webapi_noneservice_tests/.webapi_noneservice_tests} from pid 14696
02-27 14:26:06.042 D/dalvikvm(14696): GC_CONCURRENT freed 113K, 16% free 674K/800K, paused 1ms+0ms, total 2ms
02-27 14:26:06.052 D/dalvikvm(14696): Compiler shutdown in progress - discarding request
02-27 14:26:06.052 D/dalvikvm(14696): Compiler shutdown in progress - discarding request
02-27 14:26:06.052 D/dalvikvm(14696): Compiler shutdown in progress - discarding request
02-27 14:26:06.052 D/dalvikvm(14696): Compiler shutdown in progress - discarding request
02-27 14:26:06.052 D/dalvikvm(14696): Compiler shutdown in progress - discarding request
02-27 14:26:06.052 D/dalvikvm(14696): Compiler shutdown in progress - discarding request
02-27 14:26:06.052 D/dalvikvm(14696): Compiler shutdown in progress - discarding request
02-27 14:26:06.052 D/dalvikvm(14696): Compiler shutdown in progress - discarding request
02-27 14:26:06.052 D/dalvikvm(14696): Compiler shutdown in progress - discarding request
02-27 14:26:06.052 D/dalvikvm(14696): Compiler shutdown in progress - discarding request
02-27 14:26:06.052 D/dalvikvm(14696): Compiler shutdown in progress - discarding request
02-27 14:26:06.052 D/dalvikvm(14696): Compiler shutdown in progress - discarding request
02-27 14:26:06.052 D/dalvikvm(14696): Compiler shutdown in progress - discarding request
02-27 14:26:06.052 D/dalvikvm(14696): Compiler shutdown in progress - discarding request
02-27 14:26:06.052 D/dalvikvm(14696): Compiler shutdown in progress - discarding request
02-27 14:26:06.052 D/dalvikvm(14696): Compiler shutdown in progress - discarding request
02-27 14:26:06.052 D/dalvikvm(14696): Compiler shutdown in progress - discarding request
02-27 14:26:06.052 D/dalvikvm(14696): Compiler shutdown in progress - discarding request
02-27 14:26:06.052 D/dalvikvm(14696): Compiler shutdown in progress - discarding request
02-27 14:26:06.052 D/dalvikvm(14696): Compiler shutdown in progress - discarding request
02-27 14:26:06.052 D/dalvikvm(14696): Compiler shutdown in progress - discarding request
02-27 14:26:06.052 D/dalvikvm(14696): Compiler shutdown in progress - discarding request
02-27 14:26:06.052 D/dalvikvm(14696): Compiler shutdown in progress - discarding request
02-27 14:26:06.052 D/dalvikvm(14696): Compiler shutdown in progress - discarding request
02-27 14:26:06.052 D/dalvikvm(14696): Compiler shutdown in progress - discarding request
02-27 14:26:06.052 D/dalvikvm(14696): Compiler shutdown in progress - discarding request
02-27 14:26:06.052 D/dalvikvm(14696): Compiler shutdown in progress - discarding request
02-27 14:26:06.052 D/dalvikvm(14696): Compiler shutdown in progress - discarding request
02-27 14:26:06.052 D/dalvikvm(14696): Compiler shutdown in progress - discarding request
02-27 14:26:06.052 D/dalvikvm(14696): Compiler shutdown in progress - discarding request
02-27 14:26:06.052 D/dalvikvm(14696): Compiler shutdown in progress - discarding request
02-27 14:26:06.052 D/dalvikvm(14696): Compiler shutdown in progress - discarding request
02-27 14:26:06.052 D/dalvikvm(14696): Compiler shutdown in progress - discarding request
02-27 14:26:06.052 D/dalvikvm(14696): Compiler shutdown in progress - discarding request
02-27 14:26:06.052 D/dalvikvm(14696): Compiler shutdown in progress - discarding request
02-27 14:26:06.052 D/dalvikvm(14696): Compiler shutdown in progress - discarding request
02-27 14:26:06.052 D/dalvikvm(14696): Compiler shutdown in progress - discarding request
02-27 14:26:06.052 D/dalvikvm(14696): Compiler shutdown in progress - discarding request
02-27 14:26:06.052 D/dalvikvm(14696): Compiler shutdown in progress - discarding request
02-27 14:26:06.372 I/WifiHW  (  505): CMD: IFNAME=wlan0 SIGNAL_POLL
02-27 14:26:06.372 D/wpa_supplicant(  711): RX ctrl_iface - hexdump(len=11): 53 49 47 4e 41 4c 5f 50 4f 4c 4c
02-27 14:26:06.372 D/wpa_supplicant(  711): wlan0: Control interface command 'SIGNAL_POLL'
02-27 14:26:06.402 D/wpa_supplicant(  711): nl80211: survey data missing!
02-27 14:26:06.402 I/WifiHW  (  505): REPLY: RSSI=-62
02-27 14:26:06.402 I/WifiHW  (  505): REPLY: LINKSPEED=65
02-27 14:26:06.402 I/WifiHW  (  505): REPLY: NOISE=9999
02-27 14:26:06.402 I/WifiHW  (  505): REPLY: FREQUENCY=2437
02-27 14:26:06.672 D/AndroidRuntime(14707): 
02-27 14:26:06.672 D/AndroidRuntime(14707): >>>>>> AndroidRuntime START com.android.internal.os.RuntimeInit <<<<<<
02-27 14:26:06.672 D/AndroidRuntime(14707): CheckJNI is OFF
02-27 14:26:06.672 I/AndroidRuntime(14707): Kernel Release Version: 3.10.20-gf818079
02-27 14:26:06.672 I/dalvikvm(14707): No library specified. The standard exception handler will be used
02-27 14:26:06.672 I/dalvikvm(14707): 
02-27 14:26:06.672 I/dalvikvm(14707): +++++++++++++ Using PCG. +++++++++++++++++++++
02-27 14:26:06.682 D/dalvikvm(14707): Trying to load lib libjavacore.so 0x0
02-27 14:26:06.682 D/dalvikvm(14707): Added shared lib libjavacore.so 0x0
02-27 14:26:06.682 D/dalvikvm(14707): Trying to load lib libnativehelper.so 0x0
02-27 14:26:06.682 D/dalvikvm(14707): Added shared lib libnativehelper.so 0x0
02-27 14:26:06.682 D/dalvikvm(14707): No JNI_OnLoad found in libnativehelper.so 0x0, skipping init
02-27 14:26:06.692 D/dalvikvm(14707): Extra Options: not specified
02-27 14:26:06.702 D/dalvikvm(14707): Note: class Landroid/app/ActivityManagerNative; has 186 unimplemented (abstract) methods
02-27 14:26:06.772 E/memtrack(14707): Couldn't load memtrack module (No such file or directory)
02-27 14:26:06.772 E/android.os.Debug(14707): failed to load memtrack module: -2
02-27 14:26:06.802 D/AndroidRuntime(14707): Calling main entry com.android.commands.am.Am
02-27 14:26:06.832 I/ActivityManager(  505): START u0 {flg=0x10000000 cmp=org.xwalk.webapi_noneservice_tests/.WebapiNoneserviceTestsActivity} from pid 14707
02-27 14:26:06.842 D/AndroidRuntime(14707): Shutting down VM
02-27 14:26:06.842 V/WeatherTimeProvider( 1093): widget on Visibility Changed
02-27 14:26:06.842 D/dalvikvm(14707): GC_CONCURRENT freed 114K, 17% free 669K/800K, paused 0ms+0ms, total 1ms
02-27 14:26:06.852 I/SecurityManagerService(  600): SMS received security event: App[START/org.xwalk.webapi_noneservice_tests]
02-27 14:26:06.852 D/dalvikvm(14707): Compiler shutdown in progress - discarding request
02-27 14:26:06.852 D/dalvikvm(14707): Compiler shutdown in progress - discarding request
02-27 14:26:06.852 D/dalvikvm(14707): Compiler shutdown in progress - discarding request
02-27 14:26:06.852 D/dalvikvm(14707): Compiler shutdown in progress - discarding request
02-27 14:26:06.852 D/dalvikvm(14707): Compiler shutdown in progress - discarding request
02-27 14:26:06.852 D/dalvikvm(14707): Compiler shutdown in progress - discarding request
02-27 14:26:06.852 D/dalvikvm(14707): Compiler shutdown in progress - discarding request
02-27 14:26:06.852 D/dalvikvm(14707): Compiler shutdown in progress - discarding request
02-27 14:26:06.852 D/dalvikvm(14707): Compiler shutdown in progress - discarding request
02-27 14:26:06.852 D/dalvikvm(14707): Compiler shutdown in progress - discarding request
02-27 14:26:06.852 D/dalvikvm(14707): Compiler shutdown in progress - discarding request
02-27 14:26:06.852 D/dalvikvm(14707): Compiler shutdown in progress - discarding request
02-27 14:26:06.852 D/dalvikvm(14707): Compiler shutdown in progress - discarding request
02-27 14:26:06.852 D/dalvikvm(14707): Compiler shutdown in progress - discarding request
02-27 14:26:06.852 D/dalvikvm(14707): Compiler shutdown in progress - discarding request
02-27 14:26:06.852 D/dalvikvm(14707): Compiler shutdown in progress - discarding request
02-27 14:26:06.852 D/dalvikvm(14707): Compiler shutdown in progress - discarding request
02-27 14:26:06.852 D/dalvikvm(14707): Compiler shutdown in progress - discarding request
02-27 14:26:06.852 D/dalvikvm(14707): Compiler shutdown in progress - discarding request
02-27 14:26:06.852 D/dalvikvm(14707): Compiler shutdown in progress - discarding request
02-27 14:26:06.852 D/dalvikvm(14707): Compiler shutdown in progress - discarding request
02-27 14:26:06.852 D/dalvikvm(14707): Compiler shutdown in progress - discarding request
02-27 14:26:06.852 D/dalvikvm(14707): Compiler shutdown in progress - discarding request
02-27 14:26:06.852 D/dalvikvm(14707): Compiler shutdown in progress - discarding request
02-27 14:26:06.852 D/dalvikvm(14707): Compiler shutdown in progress - discarding request
02-27 14:26:06.852 D/dalvikvm(14707): Compiler shutdown in progress - discarding request
02-27 14:26:06.852 D/dalvikvm(14707): Compiler shutdown in progress - discarding request
02-27 14:26:06.852 D/dalvikvm(14707): Compiler shutdown in progress - discarding request
02-27 14:26:06.852 D/dalvikvm(14707): Compiler shutdown in progress - discarding request
02-27 14:26:06.852 D/dalvikvm(14707): Compiler shutdown in progress - discarding request
02-27 14:26:06.852 D/dalvikvm(14707): Compiler shutdown in progress - discarding request
02-27 14:26:06.852 D/dalvikvm(14707): Compiler shutdown in progress - discarding request
02-27 14:26:06.852 D/dalvikvm(14707): Compiler shutdown in progress - discarding request
02-27 14:26:06.852 D/dalvikvm(14707): Compiler shutdown in progress - discarding request
02-27 14:26:06.852 D/dalvikvm(14707): Compiler shutdown in progress - discarding request
02-27 14:26:06.852 D/dalvikvm(14707): Compiler shutdown in progress - discarding request
02-27 14:26:06.852 D/dalvikvm(14707): Compiler shutdown in progress - discarding request
02-27 14:26:06.852 D/dalvikvm(14707): Compiler shutdown in progress - discarding request
02-27 14:26:06.852 D/dalvikvm(14707): Compiler shutdown in progress - discarding request
02-27 14:26:06.852 D/dalvikvm(14707): Compiler shutdown in progress - discarding request
02-27 14:26:06.852 D/dalvikvm(14707): Compiler shutdown in progress - discarding request
02-27 14:26:06.852 D/dalvikvm(14707): Compiler shutdown in progress - discarding request
02-27 14:26:06.852 D/dalvikvm(14707): Compiler shutdown in progress - discarding request
02-27 14:26:06.852 D/dalvikvm(14707): Compiler shutdown in progress - discarding request
02-27 14:26:06.852 D/dalvikvm(14707): Compiler shutdown in progress - discarding request
02-27 14:26:06.852 D/dalvikvm(14719): Process 14719 nice name: org.xwalk.webapi_noneservice_tests
02-27 14:26:06.852 D/dalvikvm(14719): Extra Options: not specified
02-27 14:26:06.862 I/ActivityManager(  505): Start proc org.xwalk.webapi_noneservice_tests for activity org.xwalk.webapi_noneservice_tests/.WebapiNoneserviceTestsActivity: pid=14719 uid=10085 gids={50085, 3003, 1028, 1015}
02-27 14:26:06.872 D/WindowManager(  505): adjustConfigurationLw, config:{1.0 ?mcc?mnc ?locale ?layoutDir sw600dp w961dp h528dp 213dpi lrg land ?uimode ?night finger -keyb/v/h -nav/v} mLidState:1 mHasDockFeature:false mHasKeyboardFeature:false mHasHallSensorFeature:true config.hardKeyboardHidden:2
02-27 14:26:06.872 I/ActivityManager(  505): [TopPkgCurBat]	NowPkgName[org.xwalk.webapi_noneservice_tests]	Battery[34]	TimeTick[1425018366884]	OldPkgName[com.asus.launcher]
02-27 14:26:06.882 D/        (  674): Surface destroy: ANDROID_NATIVE_WINDOW_MAGIC
02-27 14:26:06.932 D/dalvikvm(14719): Trying to load lib /data/app-lib/org.xwalk.webapi_noneservice_tests-1/libxwalkcore.so 0x43d83530
02-27 14:26:07.012 D/dalvikvm(14719): Added shared lib /data/app-lib/org.xwalk.webapi_noneservice_tests-1/libxwalkcore.so 0x43d83530
02-27 14:26:07.022 I/LibraryLoader(14719): Time to load native libraries: 91 ms (timestamps 3193-3284)
02-27 14:26:07.022 I/LibraryLoader(14719): Expected native library version number "",actual native library version number ""
02-27 14:26:07.052 I/LibraryLoader(14719): Expected native library version number "",actual native library version number ""
02-27 14:26:07.052 I/chromium(14719): [INFO:library_loader_hooks.cc(112)] Chromium logging enabled: level = 0, default verbosity = 0
02-27 14:26:07.112 I/BrowserStartupController(14719): Initializing chromium process, singleProcess=true
02-27 14:26:07.222 D/ImageWallpaper(  569): onVisibilityChanged: mVisible, visible=true, false
02-27 14:26:07.222 D/ImageWallpaper(  569): Visibility changed to visible=false
02-27 14:26:07.222 D/ImageWallpaper(  569): Suppressed drawFrame since redraw is not needed and offsets have not changed.
02-27 14:26:07.562 W/AudioManagerAndroid(14719): Requires BLUETOOTH permission
02-27 14:26:07.562 I/ufoGralloc(14719): Hello, this is UFO GRALLOC/Intel Corporation
02-27 14:26:07.572 D/        (14719): Pixel Format : GGL_PIXEL_FORMAT_RGBA_8888
02-27 14:26:07.572 D/        (14719): droid_create_context : config id = 1 conf->NativeVisualID=1
02-27 14:26:07.572 D/        (14719): Pixel Format : GGL_PIXEL_FORMAT_RGBA_8888
02-27 14:26:07.572 I/        (14719): Requested context : GLES 2.0
02-27 14:26:07.632 W/chromium(14719): [WARNING:proxy_service.cc(899)] PAC support disabled because there is no system implementation
02-27 14:26:07.632 W/dalvikvm(14719): VFY: unable to find class referenced in signature (Landroid/view/inputmethod/CursorAnchorInfo;)
02-27 14:26:07.632 I/dalvikvm(14719): Could not find method android.view.inputmethod.InputMethodManager.updateCursorAnchorInfo, referenced from method org.chromium.content.browser.input.InputMethodManagerWrapper.updateCursorAnchorInfo
02-27 14:26:07.632 W/dalvikvm(14719): VFY: unable to resolve virtual method 1241: Landroid/view/inputmethod/InputMethodManager;.updateCursorAnchorInfo (Landroid/view/View;Landroid/view/inputmethod/CursorAnchorInfo;)V
02-27 14:26:07.632 D/dalvikvm(14719): VFY: replacing opcode 0x6e at 0x000a
02-27 14:26:07.682 E/cutils  (  163): Failed to mkdirat(/Removable/MicroSD): Read-only file system
02-27 14:26:07.682 W/ContextImpl(14719): Failed to ensure directory: /Removable/MicroSD/Android/data/org.xwalk.webapi_noneservice_tests/cache
02-27 14:26:07.682 W/XWalkExtensionManager(14719): Failed to read extensions-config.json
02-27 14:26:07.682 E/chromium(14719): [ERROR:unix_domain_server_socket_posix.cc(106)] Not implemented reached in virtual int net::UnixDomainServerSocket::GetLocalAddress(net::IPEndPoint*) const
02-27 14:26:07.682 W/Vold    (  163): Returning OperationFailed - no handler for errno 30
02-27 14:26:07.692 I/dalvikvm(14719): Could not find method android.app.Activity.finishAndRemoveTask, referenced from method org.chromium.base.ApiCompatibilityUtils.finishAndRemoveTask
02-27 14:26:07.692 W/dalvikvm(14719): VFY: unable to resolve virtual method 4: Landroid/app/Activity;.finishAndRemoveTask ()V
02-27 14:26:07.692 D/dalvikvm(14719): VFY: replacing opcode 0x6e at 0x0006
02-27 14:26:07.692 I/dalvikvm(14719): Could not find method android.os.PowerManager.isInteractive, referenced from method org.chromium.base.ApiCompatibilityUtils.isInteractive
02-27 14:26:07.692 W/dalvikvm(14719): VFY: unable to resolve virtual method 768: Landroid/os/PowerManager;.isInteractive ()Z
02-27 14:26:07.692 D/dalvikvm(14719): VFY: replacing opcode 0x6e at 0x000e
02-27 14:26:07.692 I/dalvikvm(14719): Could not find method android.view.Window.getNavigationBarColor, referenced from method org.chromium.base.ApiCompatibilityUtils.setStatusBarColor
02-27 14:26:07.692 W/dalvikvm(14719): VFY: unable to resolve virtual method 1144: Landroid/view/Window;.getNavigationBarColor ()I
02-27 14:26:07.692 D/dalvikvm(14719): VFY: replacing opcode 0x6e at 0x0010
02-27 14:26:07.692 I/dalvikvm(14719): Could not find method android.view.Window.setStatusBarColor, referenced from method org.chromium.base.ApiCompatibilityUtils.setStatusBarColor
02-27 14:26:07.692 W/dalvikvm(14719): VFY: unable to resolve virtual method 1149: Landroid/view/Window;.setStatusBarColor (I)V
02-27 14:26:07.692 D/dalvikvm(14719): VFY: replacing opcode 0x6e at 0x0019
02-27 14:26:07.692 E/dalvikvm(14719): Could not find class 'android.app.ActivityManager$TaskDescription', referenced from method org.chromium.base.ApiCompatibilityUtils.setTaskDescription
02-27 14:26:07.692 W/dalvikvm(14719): VFY: unable to resolve new-instance 11 (Landroid/app/ActivityManager$TaskDescription;) in Lorg/chromium/base/ApiCompatibilityUtils;
02-27 14:26:07.692 D/dalvikvm(14719): VFY: replacing opcode 0x22 at 0x0006
02-27 14:26:07.692 D/dalvikvm(14719): DexOpt: unable to opt direct call 0x001e at 0x08 in Lorg/chromium/base/ApiCompatibilityUtils;.setTaskDescription
02-27 14:26:07.772 I/chromium(14719): [INFO:xwalk_extension_renderer_controller.cc(47)] EXTENSION PROCESS DISABLED.
02-27 14:26:07.822 D/        (14719): droid_create_context : config id = 5 conf->NativeVisualID=1
02-27 14:26:07.822 D/        (14719): Pixel Format : GGL_PIXEL_FORMAT_RGBA_8888
02-27 14:26:07.822 I/        (14719): Requested context : GLES 2.0
02-27 14:26:07.832 D/        (14719): Pixel Format : GGL_PIXEL_FORMAT_RGBA_8888
02-27 14:26:07.832 D/OpenGLRenderer(14719): Enabling debug mode 0
02-27 14:26:07.962 D/XT9IME  (  725): new subtype :zh_CN ,pinyin
02-27 14:26:07.972 I/ActivityManager(  505): Displayed org.xwalk.webapi_noneservice_tests/.WebapiNoneserviceTestsActivity: +1s126ms
02-27 14:26:07.982 D/BatteryStatsImpl(  505): noteStopWakeLocked system isFromForeground = false
02-27 14:26:08.002 D/        (14719): Pixel Format : GGL_PIXEL_FORMAT_RGBA_8888
02-27 14:26:08.002 D/        (14719): droid_create_context : config id = 1 conf->NativeVisualID=1
02-27 14:26:08.002 D/        (14719): Pixel Format : GGL_PIXEL_FORMAT_RGBA_8888
02-27 14:26:08.002 I/        (14719): Requested context : GLES 2.0
02-27 14:26:08.012 D/        (14719): Swap interval set to = 1 value
02-27 14:26:08.042 W/BindingManager(14719): Cannot call determinedVisibility() - never saw a connection for the pid: 14719
02-27 14:26:08.052 D/        (14719): Pixel Format : GGL_PIXEL_FORMAT_RGBA_8888
02-27 14:26:08.052 D/        (14719): droid_create_context : config id = 1 conf->NativeVisualID=1
02-27 14:26:08.052 D/        (14719): Pixel Format : GGL_PIXEL_FORMAT_RGBA_8888
02-27 14:26:08.052 I/        (14719): Requested context : GLES 2.0
02-27 14:26:09.062 W/BindingManager(14719): Cannot call determinedVisibility() - never saw a connection for the pid: 14719
02-27 14:26:09.382 I/chromium(14719): [INFO:CONSOLE(0)] "Synchronous XMLHttpRequest on the main thread is deprecated because of its detrimental effects to the end user's experience. For more help, check http://xhr.spec.whatwg.org/.", source:  (0)
02-27 14:26:09.412 I/WifiHW  (  505): CMD: IFNAME=wlan0 SIGNAL_POLL
02-27 14:26:09.412 D/wpa_supplicant(  711): RX ctrl_iface - hexdump(len=11): 53 49 47 4e 41 4c 5f 50 4f 4c 4c
02-27 14:26:09.412 D/wpa_supplicant(  711): wlan0: Control interface command 'SIGNAL_POLL'
02-27 14:26:09.422 D/wpa_supplicant(  711): nl80211: survey data missing!
02-27 14:26:09.422 I/WifiHW  (  505): REPLY: RSSI=-66
02-27 14:26:09.422 I/WifiHW  (  505): REPLY: LINKSPEED=65
02-27 14:26:09.422 I/WifiHW  (  505): REPLY: NOISE=9999
02-27 14:26:09.422 I/WifiHW  (  505): REPLY: FREQUENCY=2437
02-27 14:26:09.442 D/        (14719): Pixel Format : GGL_PIXEL_FORMAT_RGBA_8888
02-27 14:26:09.442 D/        (14719): droid_create_context : config id = 1 conf->NativeVisualID=1
02-27 14:26:09.442 D/        (14719): Pixel Format : GGL_PIXEL_FORMAT_RGBA_8888
02-27 14:26:09.442 I/        (14719): Requested context : GLES 2.0
02-27 14:26:11.612 D/        (14719): droid_create_context : config id = 1 conf->NativeVisualID=1
02-27 14:26:11.612 D/        (14719): Pixel Format : GGL_PIXEL_FORMAT_RGBA_8888
02-27 14:26:11.612 I/        (14719): Requested context : GLES 2.0
02-27 14:26:11.642 E/AndroidProtocolHandler(14719): Unable to open asset URL: file:///android_asset/www//opt/tct-video-html5-tests/video/w3c/foo
02-27 14:26:11.792 E/MediaResourceGetter(14719): File does not exist.
02-27 14:26:11.792 E/MediaResourceGetter(14719): Unable to configure metadata extractor
02-27 14:26:11.792 E/chromium(14719): [ERROR:webmediaplayer_android.cc(449)] Not implemented reached in virtual void content::WebMediaPlayerAndroid::setRate(double)
02-27 14:26:11.812 I/MediaFocusControl(  505):  AudioFocus  requestAudioFocus() from android.media.AudioManager@21efe888org.chromium.media.MediaPlayerListener@21f9c7d0
02-27 14:26:11.852 V/Avrcp   ( 1543): New genId = 149, clearing = 1
02-27 14:26:11.932 E/wrs-omxil-core(  186): OMX_GetHandle(): exit failure, OMX.Intel.hw_vd.h264 not found
02-27 14:26:11.952 I/libva   (  186): VA-API version 0.34.0
02-27 14:26:11.952 I/libva   (  186): va_getDriverName() returns 0
02-27 14:26:11.952 I/libva   (  186): Trying to open /system/lib/i965_drv_video.so
02-27 14:26:11.962 I/libva   (  186): Found init function __vaDriverInit_0_32
02-27 14:26:11.972 I/libva   (  186): va_openDriver() returns 0
02-27 14:26:11.992 I/OMXCodec(  186): [OMX.Intel.hw_vd.h264] AVC profile = 66 (Baseline), level = 30
02-27 14:26:11.992 I/OMXCodec(  186): [OMX.Intel.hw_vd.h264] video dimensions are 320 x 240
02-27 14:26:11.992 I/OMXCodec(  186): [OMX.Intel.hw_vd.h264] Crop rect is 320 x 240 @ (0, 0)
02-27 14:26:11.992 D/AudioHardwareALSA(  186): setParameters
02-27 14:26:12.002 W/RouteManager(  186): doSetParameters: Unhandled argument.
02-27 14:26:12.012 I/SoftOMXPlugin(  186): Created OMXPlugin : OMX.Intel.aac.decoder
02-27 14:26:12.022 E/wrs-omxil-core(  186): OMX_GetHandle(): exit failure, OMX.Intel.hw_vd.h264 not found
02-27 14:26:12.022 I/libva   (  186): VA-API version 0.34.0
02-27 14:26:12.022 I/libva   (  186): va_getDriverName() returns 0
02-27 14:26:12.022 I/libva   (  186): Trying to open /system/lib/i965_drv_video.so
02-27 14:26:12.022 I/libva   (  186): Found init function __vaDriverInit_0_32
02-27 14:26:12.022 I/libva   (  186): va_openDriver() returns 0
02-27 14:26:12.022 I/OMXCodec(  186): [OMX.Intel.hw_vd.h264] AVC profile = 66 (Baseline), level = 30
02-27 14:26:12.022 I/OMXCodec(  186): [OMX.Intel.hw_vd.h264] video dimensions are 320 x 240
02-27 14:26:12.022 I/OMXCodec(  186): [OMX.Intel.hw_vd.h264] Crop rect is 320 x 240 @ (0, 0)
02-27 14:26:12.032 E/MediaPlayer(14719): Should have subtitle controller already set
02-27 14:26:12.032 D/MediaPlayer(14719): getMetadata
02-27 14:26:12.392 E/wrs-omxil-core(  186): OMX_GetHandle(): exit failure, OMX.Intel.hw_vd.h264 not found
02-27 14:26:12.392 I/libva   (  186): VA-API version 0.34.0
02-27 14:26:12.392 I/libva   (  186): va_getDriverName() returns 0
02-27 14:26:12.392 I/libva   (  186): Trying to open /system/lib/i965_drv_video.so
02-27 14:26:12.402 I/libva   (  186): Found init function __vaDriverInit_0_32
02-27 14:26:12.402 I/libva   (  186): va_openDriver() returns 0
02-27 14:26:12.402 I/OMXCodec(  186): [OMX.Intel.hw_vd.h264] AVC profile = 66 (Baseline), level = 30
02-27 14:26:12.402 I/OMXCodec(  186): [OMX.Intel.hw_vd.h264] video dimensions are 320 x 240
02-27 14:26:12.402 I/OMXCodec(  186): [OMX.Intel.hw_vd.h264] Crop rect is 320 x 240 @ (0, 0)
02-27 14:26:12.402 I/MediaFocusControl(  505):  AudioFocus  abandonAudioFocus() from android.media.AudioManager@21efe888org.chromium.media.MediaPlayerListener@21f9c7d0
02-27 14:26:12.412 V/Avrcp   ( 1543): New genId = 150, clearing = 1
02-27 14:26:12.422 W/BindingManager(14719): Cannot call determinedVisibility() - never saw a connection for the pid: 14719
02-27 14:26:12.432 I/WifiHW  (  505): CMD: IFNAME=wlan0 SIGNAL_POLL
02-27 14:26:12.432 D/wpa_supplicant(  711): RX ctrl_iface - hexdump(len=11): 53 49 47 4e 41 4c 5f 50 4f 4c 4c
02-27 14:26:12.432 D/wpa_supplicant(  711): wlan0: Control interface command 'SIGNAL_POLL'
02-27 14:26:12.452 D/wpa_supplicant(  711): nl80211: survey data missing!
02-27 14:26:12.452 I/WifiHW  (  505): REPLY: RSSI=-60
02-27 14:26:12.452 I/WifiHW  (  505): REPLY: LINKSPEED=65
02-27 14:26:12.452 I/WifiHW  (  505): REPLY: NOISE=9999
02-27 14:26:12.452 I/WifiHW  (  505): REPLY: FREQUENCY=2437
02-27 14:26:14.402 E/MediaResourceGetter(14719): File does not exist.
02-27 14:26:14.402 E/MediaResourceGetter(14719): Unable to configure metadata extractor
02-27 14:26:14.412 E/chromium(14719): [ERROR:webmediaplayer_android.cc(449)] Not implemented reached in virtual void content::WebMediaPlayerAndroid::setRate(double)
02-27 14:26:14.412 I/MediaFocusControl(  505):  AudioFocus  requestAudioFocus() from android.media.AudioManager@21efe888org.chromium.media.MediaPlayerListener@21fc19c0
02-27 14:26:14.412 V/Avrcp   ( 1543): New genId = 151, clearing = 1
02-27 14:26:14.452 E/wrs-omxil-core(  186): OMX_GetHandle(): exit failure, OMX.Intel.hw_vd.h264 not found
02-27 14:26:14.452 I/libva   (  186): VA-API version 0.34.0
02-27 14:26:14.452 I/libva   (  186): va_getDriverName() returns 0
02-27 14:26:14.452 I/libva   (  186): Trying to open /system/lib/i965_drv_video.so
02-27 14:26:14.452 I/libva   (  186): Found init function __vaDriverInit_0_32
02-27 14:26:14.452 I/libva   (  186): va_openDriver() returns 0
02-27 14:26:14.452 I/OMXCodec(  186): [OMX.Intel.hw_vd.h264] AVC profile = 66 (Baseline), level = 30
02-27 14:26:14.452 I/OMXCodec(  186): [OMX.Intel.hw_vd.h264] video dimensions are 320 x 240
02-27 14:26:14.452 I/OMXCodec(  186): [OMX.Intel.hw_vd.h264] Crop rect is 320 x 240 @ (0, 0)
02-27 14:26:14.452 D/AudioHardwareALSA(  186): setParameters
02-27 14:26:14.452 W/RouteManager(  186): doSetParameters: Unhandled argument.
02-27 14:26:14.452 I/SoftOMXPlugin(  186): Created OMXPlugin : OMX.Intel.aac.decoder
02-27 14:26:14.452 E/wrs-omxil-core(  186): OMX_GetHandle(): exit failure, OMX.Intel.hw_vd.h264 not found
02-27 14:26:14.462 I/libva   (  186): VA-API version 0.34.0
02-27 14:26:14.462 I/libva   (  186): va_getDriverName() returns 0
02-27 14:26:14.462 I/libva   (  186): Trying to open /system/lib/i965_drv_video.so
02-27 14:26:14.462 I/libva   (  186): Found init function __vaDriverInit_0_32
02-27 14:26:14.462 I/libva   (  186): va_openDriver() returns 0
02-27 14:26:14.462 I/OMXCodec(  186): [OMX.Intel.hw_vd.h264] AVC profile = 66 (Baseline), level = 30
02-27 14:26:14.462 I/OMXCodec(  186): [OMX.Intel.hw_vd.h264] video dimensions are 320 x 240
02-27 14:26:14.462 I/OMXCodec(  186): [OMX.Intel.hw_vd.h264] Crop rect is 320 x 240 @ (0, 0)
02-27 14:26:14.482 E/MediaPlayer(14719): Should have subtitle controller already set
02-27 14:26:14.482 D/MediaPlayer(14719): getMetadata
02-27 14:26:15.002 E/wrs-omxil-core(  186): OMX_GetHandle(): exit failure, OMX.Intel.hw_vd.h264 not found
02-27 14:26:15.012 I/libva   (  186): VA-API version 0.34.0
02-27 14:26:15.012 I/libva   (  186): va_getDriverName() returns 0
02-27 14:26:15.012 I/libva   (  186): Trying to open /system/lib/i965_drv_video.so
02-27 14:26:15.012 I/libva   (  186): Found init function __vaDriverInit_0_32
02-27 14:26:15.012 I/libva   (  186): va_openDriver() returns 0
02-27 14:26:15.022 I/OMXCodec(  186): [OMX.Intel.hw_vd.h264] AVC profile = 66 (Baseline), level = 30
02-27 14:26:15.022 I/OMXCodec(  186): [OMX.Intel.hw_vd.h264] video dimensions are 320 x 240
02-27 14:26:15.022 I/OMXCodec(  186): [OMX.Intel.hw_vd.h264] Crop rect is 320 x 240 @ (0, 0)
02-27 14:26:15.022 I/MediaFocusControl(  505):  AudioFocus  abandonAudioFocus() from android.media.AudioManager@21efe888org.chromium.media.MediaPlayerListener@21fc19c0
02-27 14:26:15.032 V/Avrcp   ( 1543): New genId = 152, clearing = 1
02-27 14:26:15.062 W/BindingManager(14719): Cannot call determinedVisibility() - never saw a connection for the pid: 14719
02-27 14:26:15.122 E/AndroidProtocolHandler(14719): Unable to open asset URL: file:///android_asset/www//opt/tct-video-html5-tests/video/w3c/
02-27 14:26:15.122 E/AndroidProtocolHandler(14719): Unable to open asset URL: file:///android_asset/www//opt/tct-video-html5-tests/video/w3c/
02-27 14:26:15.142 E/AndroidProtocolHandler(14719): Unable to open asset URL: file:///android_asset/www//opt/tct-video-html5-tests/video/w3c/
02-27 14:26:15.142 E/AndroidProtocolHandler(14719): Unable to open asset URL: file:///android_asset/www//opt/tct-video-html5-tests/video/w3c/
02-27 14:26:15.452 I/WifiHW  (  505): CMD: IFNAME=wlan0 SIGNAL_POLL
02-27 14:26:15.452 D/wpa_supplicant(  711): RX ctrl_iface - hexdump(len=11): 53 49 47 4e 41 4c 5f 50 4f 4c 4c
02-27 14:26:15.452 D/wpa_supplicant(  711): wlan0: Control interface command 'SIGNAL_POLL'
02-27 14:26:15.482 D/wpa_supplicant(  711): nl80211: survey data missing!
02-27 14:26:15.482 I/WifiHW  (  505): REPLY: RSSI=-58
02-27 14:26:15.482 I/WifiHW  (  505): REPLY: LINKSPEED=65
02-27 14:26:15.482 I/WifiHW  (  505): REPLY: NOISE=9999
02-27 14:26:15.482 I/WifiHW  (  505): REPLY: FREQUENCY=2437
02-27 14:26:15.752 W/BindingManager(14719): Cannot call determinedVisibility() - never saw a connection for the pid: 14719
02-27 14:26:15.792 E/MediaResourceGetter(14719): File does not exist.
02-27 14:26:15.792 E/MediaResourceGetter(14719): Unable to configure metadata extractor
02-27 14:26:16.922 W/BindingManager(14719): Cannot call determinedVisibility() - never saw a connection for the pid: 14719
02-27 14:26:16.962 E/AndroidProtocolHandler(14719): Unable to open asset URL: file:///android_asset/www//opt/tct-video-html5-tests/video/w3c/
02-27 14:26:16.972 E/AndroidProtocolHandler(14719): Unable to open asset URL: file:///android_asset/www//opt/tct-video-html5-tests/video/w3c/
02-27 14:26:16.982 E/AndroidProtocolHandler(14719): Unable to open asset URL: file:///android_asset/www//opt/tct-video-html5-tests/video/w3c/
02-27 14:26:16.982 E/AndroidProtocolHandler(14719): Unable to open asset URL: file:///android_asset/www//opt/tct-video-html5-tests/video/w3c/
02-27 14:26:17.182 E/MediaResourceGetter(14719): File does not exist.
02-27 14:26:17.182 E/MediaResourceGetter(14719): Unable to configure metadata extractor
02-27 14:26:17.192 E/chromium(14719): [ERROR:webmediaplayer_android.cc(449)] Not implemented reached in virtual void content::WebMediaPlayerAndroid::setRate(double)
02-27 14:26:17.192 I/MediaFocusControl(  505):  AudioFocus  requestAudioFocus() from android.media.AudioManager@21efe888org.chromium.media.MediaPlayerListener@21fd2f30
02-27 14:26:17.192 V/Avrcp   ( 1543): New genId = 153, clearing = 1
02-27 14:26:17.222 E/wrs-omxil-core(  186): OMX_GetHandle(): exit failure, OMX.Intel.hw_vd.h264 not found
02-27 14:26:17.222 I/libva   (  186): VA-API version 0.34.0
02-27 14:26:17.222 I/libva   (  186): va_getDriverName() returns 0
02-27 14:26:17.222 I/libva   (  186): Trying to open /system/lib/i965_drv_video.so
02-27 14:26:17.222 I/libva   (  186): Found init function __vaDriverInit_0_32
02-27 14:26:17.222 I/libva   (  186): va_openDriver() returns 0
02-27 14:26:17.222 I/OMXCodec(  186): [OMX.Intel.hw_vd.h264] AVC profile = 66 (Baseline), level = 30
02-27 14:26:17.222 I/OMXCodec(  186): [OMX.Intel.hw_vd.h264] video dimensions are 320 x 240
02-27 14:26:17.222 I/OMXCodec(  186): [OMX.Intel.hw_vd.h264] Crop rect is 320 x 240 @ (0, 0)
02-27 14:26:17.222 D/AudioHardwareALSA(  186): setParameters
02-27 14:26:17.222 W/RouteManager(  186): doSetParameters: Unhandled argument.
02-27 14:26:17.232 I/SoftOMXPlugin(  186): Created OMXPlugin : OMX.Intel.aac.decoder
02-27 14:26:17.232 E/wrs-omxil-core(  186): OMX_GetHandle(): exit failure, OMX.Intel.hw_vd.h264 not found
02-27 14:26:17.232 I/libva   (  186): VA-API version 0.34.0
02-27 14:26:17.232 I/libva   (  186): va_getDriverName() returns 0
02-27 14:26:17.232 I/libva   (  186): Trying to open /system/lib/i965_drv_video.so
02-27 14:26:17.232 I/libva   (  186): Found init function __vaDriverInit_0_32
02-27 14:26:17.232 I/libva   (  186): va_openDriver() returns 0
02-27 14:26:17.232 I/OMXCodec(  186): [OMX.Intel.hw_vd.h264] AVC profile = 66 (Baseline), level = 30
02-27 14:26:17.232 I/OMXCodec(  186): [OMX.Intel.hw_vd.h264] video dimensions are 320 x 240
02-27 14:26:17.232 I/OMXCodec(  186): [OMX.Intel.hw_vd.h264] Crop rect is 320 x 240 @ (0, 0)
02-27 14:26:17.242 E/MediaPlayer(14719): Should have subtitle controller already set
02-27 14:26:17.252 D/MediaPlayer(14719): getMetadata
02-27 14:26:17.782 E/wrs-omxil-core(  186): OMX_GetHandle(): exit failure, OMX.Intel.hw_vd.h264 not found
02-27 14:26:17.782 I/libva   (  186): VA-API version 0.34.0
02-27 14:26:17.782 I/libva   (  186): va_getDriverName() returns 0
02-27 14:26:17.782 I/libva   (  186): Trying to open /system/lib/i965_drv_video.so
02-27 14:26:17.792 I/libva   (  186): Found init function __vaDriverInit_0_32
02-27 14:26:17.792 I/libva   (  186): va_openDriver() returns 0
02-27 14:26:17.792 I/OMXCodec(  186): [OMX.Intel.hw_vd.h264] AVC profile = 66 (Baseline), level = 30
02-27 14:26:17.792 I/OMXCodec(  186): [OMX.Intel.hw_vd.h264] video dimensions are 320 x 240
02-27 14:26:17.792 I/OMXCodec(  186): [OMX.Intel.hw_vd.h264] Crop rect is 320 x 240 @ (0, 0)
02-27 14:26:17.802 I/MediaFocusControl(  505):  AudioFocus  abandonAudioFocus() from android.media.AudioManager@21efe888org.chromium.media.MediaPlayerListener@21fd2f30
02-27 14:26:17.802 V/Avrcp   ( 1543): New genId = 154, clearing = 1
02-27 14:26:17.802 W/BindingManager(14719): Cannot call determinedVisibility() - never saw a connection for the pid: 14719
02-27 14:26:17.842 E/MediaResourceGetter(14719): File does not exist.
02-27 14:26:17.842 E/MediaResourceGetter(14719): Unable to configure metadata extractor
02-27 14:26:17.852 E/chromium(14719): [ERROR:webmediaplayer_android.cc(449)] Not implemented reached in virtual void content::WebMediaPlayerAndroid::setRate(double)
02-27 14:26:17.852 I/MediaFocusControl(  505):  AudioFocus  requestAudioFocus() from android.media.AudioManager@21efe888org.chromium.media.MediaPlayerListener@21fd76b8
02-27 14:26:17.852 V/Avrcp   ( 1543): New genId = 155, clearing = 1
02-27 14:26:17.882 E/wrs-omxil-core(  186): OMX_GetHandle(): exit failure, OMX.Intel.hw_vd.h264 not found
02-27 14:26:17.882 I/libva   (  186): VA-API version 0.34.0
02-27 14:26:17.882 I/libva   (  186): va_getDriverName() returns 0
02-27 14:26:17.882 I/libva   (  186): Trying to open /system/lib/i965_drv_video.so
02-27 14:26:17.882 I/libva   (  186): Found init function __vaDriverInit_0_32
02-27 14:26:17.882 I/libva   (  186): va_openDriver() returns 0
02-27 14:26:17.882 I/OMXCodec(  186): [OMX.Intel.hw_vd.h264] AVC profile = 66 (Baseline), level = 30
02-27 14:26:17.882 I/OMXCodec(  186): [OMX.Intel.hw_vd.h264] video dimensions are 320 x 240
02-27 14:26:17.882 I/OMXCodec(  186): [OMX.Intel.hw_vd.h264] Crop rect is 320 x 240 @ (0, 0)
02-27 14:26:17.882 D/AudioHardwareALSA(  186): setParameters
02-27 14:26:17.882 W/RouteManager(  186): doSetParameters: Unhandled argument.
02-27 14:26:17.892 I/SoftOMXPlugin(  186): Created OMXPlugin : OMX.Intel.aac.decoder
02-27 14:26:17.892 E/wrs-omxil-core(  186): OMX_GetHandle(): exit failure, OMX.Intel.hw_vd.h264 not found
02-27 14:26:17.892 I/libva   (  186): VA-API version 0.34.0
02-27 14:26:17.892 I/libva   (  186): va_getDriverName() returns 0
02-27 14:26:17.892 I/libva   (  186): Trying to open /system/lib/i965_drv_video.so
02-27 14:26:17.892 I/libva   (  186): Found init function __vaDriverInit_0_32
02-27 14:26:17.892 I/libva   (  186): va_openDriver() returns 0
02-27 14:26:17.892 I/OMXCodec(  186): [OMX.Intel.hw_vd.h264] AVC profile = 66 (Baseline), level = 30
02-27 14:26:17.892 I/OMXCodec(  186): [OMX.Intel.hw_vd.h264] video dimensions are 320 x 240
02-27 14:26:17.892 I/OMXCodec(  186): [OMX.Intel.hw_vd.h264] Crop rect is 320 x 240 @ (0, 0)
02-27 14:26:17.912 E/MediaPlayer(14719): Should have subtitle controller already set
02-27 14:26:17.912 D/MediaPlayer(14719): getMetadata
02-27 14:26:18.442 E/wrs-omxil-core(  186): OMX_GetHandle(): exit failure, OMX.Intel.hw_vd.h264 not found
02-27 14:26:18.452 I/libva   (  186): VA-API version 0.34.0
02-27 14:26:18.452 I/libva   (  186): va_getDriverName() returns 0
02-27 14:26:18.452 I/libva   (  186): Trying to open /system/lib/i965_drv_video.so
02-27 14:26:18.452 I/libva   (  186): Found init function __vaDriverInit_0_32
02-27 14:26:18.452 I/libva   (  186): va_openDriver() returns 0
02-27 14:26:18.452 I/OMXCodec(  186): [OMX.Intel.hw_vd.h264] AVC profile = 66 (Baseline), level = 30
02-27 14:26:18.452 I/OMXCodec(  186): [OMX.Intel.hw_vd.h264] video dimensions are 320 x 240
02-27 14:26:18.452 I/OMXCodec(  186): [OMX.Intel.hw_vd.h264] Crop rect is 320 x 240 @ (0, 0)
02-27 14:26:18.462 I/MediaFocusControl(  505):  AudioFocus  abandonAudioFocus() from android.media.AudioManager@21efe888org.chromium.media.MediaPlayerListener@21fd76b8
02-27 14:26:18.462 V/Avrcp   ( 1543): New genId = 156, clearing = 1
02-27 14:26:18.492 I/WifiHW  (  505): CMD: IFNAME=wlan0 SIGNAL_POLL
