02-27 16:42:08.246 D/wpa_supplicant(  711): wlan0: Control interface command 'SIGNAL_POLL'
02-27 16:42:08.276 D/wpa_supplicant(  711): nl80211: survey data missing!
02-27 16:42:08.276 I/WifiHW  (  505): REPLY: RSSI=-46
02-27 16:42:08.276 I/WifiHW  (  505): REPLY: LINKSPEED=39
02-27 16:42:08.276 I/WifiHW  (  505): REPLY: NOISE=9999
02-27 16:42:08.276 I/WifiHW  (  505): REPLY: FREQUENCY=2437
02-27 16:42:09.326 I/ActivityManager(  505): Waited long enough for: ServiceRecord{221def28 u0 com.asus.weathertime/.WeatherTimeService}
02-27 16:42:11.276 I/WifiHW  (  505): CMD: IFNAME=wlan0 SIGNAL_POLL
02-27 16:42:11.276 D/wpa_supplicant(  711): RX ctrl_iface - hexdump(len=11): 53 49 47 4e 41 4c 5f 50 4f 4c 4c
02-27 16:42:11.276 D/wpa_supplicant(  711): wlan0: Control interface command 'SIGNAL_POLL'
02-27 16:42:11.306 D/wpa_supplicant(  711): nl80211: survey data missing!
02-27 16:42:11.306 I/WifiHW  (  505): REPLY: RSSI=-42
02-27 16:42:11.306 I/WifiHW  (  505): REPLY: LINKSPEED=39
02-27 16:42:11.306 I/WifiHW  (  505): REPLY: NOISE=9999
02-27 16:42:11.306 I/WifiHW  (  505): REPLY: FREQUENCY=2437
02-27 16:42:14.306 I/WifiHW  (  505): CMD: IFNAME=wlan0 SIGNAL_POLL
02-27 16:42:14.306 D/wpa_supplicant(  711): RX ctrl_iface - hexdump(len=11): 53 49 47 4e 41 4c 5f 50 4f 4c 4c
02-27 16:42:14.306 D/wpa_supplicant(  711): wlan0: Control interface command 'SIGNAL_POLL'
02-27 16:42:14.336 D/wpa_supplicant(  711): nl80211: survey data missing!
02-27 16:42:14.336 I/WifiHW  (  505): REPLY: RSSI=-43
02-27 16:42:14.336 I/WifiHW  (  505): REPLY: LINKSPEED=39
02-27 16:42:14.336 I/WifiHW  (  505): REPLY: NOISE=9999
02-27 16:42:14.336 I/WifiHW  (  505): REPLY: FREQUENCY=2437
02-27 16:42:14.996 D/EVENT_THREAD(  186): void CEventThread::run() POLLIN event on Fd (1)
02-27 16:42:14.996 D/EVENT_THREAD(  186): void CEventThread::run() Do poll with timeout: -1
02-27 16:42:14.996 D/EVENT_THREAD(  186): void CEventThread::run() POLLIN event on Fd (1)
02-27 16:42:14.996 D/EVENT_THREAD(  186): void CEventThread::run() Do poll with timeout: -1
02-27 16:42:14.996 I/upi_ug31xx(  166): (986) update_capacity
02-27 16:42:14.996 I/[UPI]   (  166): <UG31/E>[UpiReadCapacity]: V=3654(3660), T=326(328-391), I=-407, C=-2(-2-0)
02-27 16:42:14.996 I/[UPI]   (  166): <UG31/E>[UpiReadCapacity]: (0x0001254a) 706 (496) / 3822 (4026) = 18
02-27 16:42:14.996 I/[UPI]   (  166): <UG31/E>[UpiReadCapacity]: (0x0001254a) 706 (496) / 3822 (4026) = 18
02-27 16:42:14.996 I/[UPI]   (  166): <UG31/E>[UpiReadCapacity]: (0x0001254a) 704 (704) / 3822 (4026) = 18
02-27 16:42:14.996 I/[UPI]   (  166): <UG31/E>[RsocFilterCountTime]: (0x0001254a) Step=0(10300), Full=0(10300), Lock=10300(1800000)
02-27 16:42:14.996 I/[UPI]   (  166): <UG31/E>[UpiReadCapacity]: (0x0001254a) 704 (704) / 3822 (4026) = 18 (-407--407)
02-27 16:42:14.996 I/[UPI]   (  166): <UG31/E><BATT> M:normal, P:18(18-18)%, V:3661mV, C:-418mA, T:32.8C(391), S:0x0001254a(000), R:704mAh, F:3822mAh, Q:-1274mAh, CC:3, P:10.300(1273-0)s, BO:7, 97:615:0-44af-9m:B001-20140514-144301 (16)
02-27 16:42:14.996 I/upi_ug31xx(  166): (987) backup_data write
02-27 16:42:14.996 V/upi_ug31xx(  166): state->check_backup_count = 16
02-27 16:42:15.006 D/EVENT_THREAD(  186): void CEventThread::run() POLLIN event on Fd (1)
02-27 16:42:15.006 D/EVENT_THREAD(  186): void CEventThread::run() Do poll with timeout: -1
02-27 16:42:15.016 I/[UPI]   (  166): <UG31/E>[upi_lib_backup_data]: Driver backup data not ready.
02-27 16:42:17.336 I/WifiHW  (  505): CMD: IFNAME=wlan0 SIGNAL_POLL
02-27 16:42:17.336 D/wpa_supplicant(  711): RX ctrl_iface - hexdump(len=11): 53 49 47 4e 41 4c 5f 50 4f 4c 4c
02-27 16:42:17.336 D/wpa_supplicant(  711): wlan0: Control interface command 'SIGNAL_POLL'
02-27 16:42:17.366 D/wpa_supplicant(  711): nl80211: survey data missing!
02-27 16:42:17.366 I/WifiHW  (  505): REPLY: RSSI=-44
02-27 16:42:17.366 I/WifiHW  (  505): REPLY: LINKSPEED=39
02-27 16:42:17.366 I/WifiHW  (  505): REPLY: NOISE=9999
02-27 16:42:17.366 I/WifiHW  (  505): REPLY: FREQUENCY=2437
02-27 16:42:20.366 I/WifiHW  (  505): CMD: IFNAME=wlan0 SIGNAL_POLL
02-27 16:42:20.366 D/wpa_supplicant(  711): RX ctrl_iface - hexdump(len=11): 53 49 47 4e 41 4c 5f 50 4f 4c 4c
02-27 16:42:20.366 D/wpa_supplicant(  711): wlan0: Control interface command 'SIGNAL_POLL'
02-27 16:42:20.396 D/wpa_supplicant(  711): nl80211: survey data missing!
02-27 16:42:20.396 I/WifiHW  (  505): REPLY: RSSI=-52
02-27 16:42:20.396 I/WifiHW  (  505): REPLY: LINKSPEED=39
02-27 16:42:20.396 I/WifiHW  (  505): REPLY: NOISE=9999
02-27 16:42:20.396 I/WifiHW  (  505): REPLY: FREQUENCY=2437
02-27 16:42:23.396 I/WifiHW  (  505): CMD: IFNAME=wlan0 SIGNAL_POLL
02-27 16:42:23.396 D/wpa_supplicant(  711): RX ctrl_iface - hexdump(len=11): 53 49 47 4e 41 4c 5f 50 4f 4c 4c
02-27 16:42:23.396 D/wpa_supplicant(  711): wlan0: Control interface command 'SIGNAL_POLL'
02-27 16:42:23.426 D/wpa_supplicant(  711): nl80211: survey data missing!
02-27 16:42:23.426 I/WifiHW  (  505): REPLY: RSSI=-45
02-27 16:42:23.426 I/WifiHW  (  505): REPLY: LINKSPEED=39
02-27 16:42:23.426 I/WifiHW  (  505): REPLY: NOISE=9999
02-27 16:42:23.426 I/WifiHW  (  505): REPLY: FREQUENCY=2437
02-27 16:42:24.816 D/EVENT_THREAD(  186): void CEventThread::run() POLLIN event on Fd (1)
02-27 16:42:24.816 D/EVENT_THREAD(  186): void CEventThread::run() Do poll with timeout: -1
02-27 16:42:25.386 D/EVENT_THREAD(  186): void CEventThread::run() POLLIN event on Fd (1)
02-27 16:42:25.386 D/EVENT_THREAD(  186): void CEventThread::run() Do poll with timeout: -1
02-27 16:42:25.386 I/upi_ug31xx(  166): (988) update_capacity
02-27 16:42:25.386 I/[UPI]   (  166): <UG31/E>[UpiReadCapacity]: V=3656(3662), T=326(328-392), I=-416, C=0(0-0)
02-27 16:42:25.386 I/[UPI]   (  166): <UG31/E>[UpiReadCapacity]: (0x0001254a) 704 (495) / 3822 (4027) = 18
02-27 16:42:25.386 I/[UPI]   (  166): <UG31/E>[UpiReadCapacity]: (0x0001254a) 704 (495) / 3822 (4027) = 18
02-27 16:42:25.386 I/[UPI]   (  166): <UG31/E>[UpiReadCapacity]: (0x0001254a) 704 (704) / 3822 (4027) = 18
02-27 16:42:25.386 I/[UPI]   (  166): <UG31/E>[RsocFilterCountTime]: (0x0001254a) Step=0(20860), Full=0(20860), Lock=20860(1800000)
02-27 16:42:25.386 I/[UPI]   (  166): <UG31/E>[UpiReadCapacity]: (0x0001254a) 704 (704) / 3822 (4027) = 18 (-416--416)
02-27 16:42:25.386 I/[UPI]   (  166): <UG31/E><BATT> M:normal, P:18(18-18)%, V:3663mV, C:-437mA, T:32.8C(392), S:0x0001254a(000), R:704mAh, F:3822mAh, Q:-1274mAh, CC:3, P:10.560(1273-0)s, BO:7, 97:615:0-44af-9m:B001-20140514-144301 (16)
02-27 16:42:25.386 D/EVENT_THREAD(  186): void CEventThread::run() POLLIN event on Fd (1)
02-27 16:42:25.386 D/EVENT_THREAD(  186): void CEventThread::run() Do poll with timeout: -1
02-27 16:42:25.386 I/upi_ug31xx(  166): (989) backup_data 
02-27 16:42:25.386 V/upi_ug31xx(  166): state->check_backup_count = 21
02-27 16:42:26.426 I/WifiHW  (  505): CMD: IFNAME=wlan0 SIGNAL_POLL
02-27 16:42:26.426 D/wpa_supplicant(  711): RX ctrl_iface - hexdump(len=11): 53 49 47 4e 41 4c 5f 50 4f 4c 4c
02-27 16:42:26.426 D/wpa_supplicant(  711): wlan0: Control interface command 'SIGNAL_POLL'
02-27 16:42:26.446 D/wpa_supplicant(  711): nl80211: survey data missing!
02-27 16:42:26.446 I/WifiHW  (  505): REPLY: RSSI=-44
02-27 16:42:26.446 I/WifiHW  (  505): REPLY: LINKSPEED=39
02-27 16:42:26.446 I/WifiHW  (  505): REPLY: NOISE=9999
02-27 16:42:26.446 I/WifiHW  (  505): REPLY: FREQUENCY=2437
02-27 16:42:29.446 I/WifiHW  (  505): CMD: IFNAME=wlan0 SIGNAL_POLL
02-27 16:42:29.446 D/wpa_supplicant(  711): RX ctrl_iface - hexdump(len=11): 53 49 47 4e 41 4c 5f 50 4f 4c 4c
02-27 16:42:29.446 D/wpa_supplicant(  711): wlan0: Control interface command 'SIGNAL_POLL'
02-27 16:42:29.476 D/wpa_supplicant(  711): nl80211: survey data missing!
02-27 16:42:29.476 I/WifiHW  (  505): REPLY: RSSI=-47
02-27 16:42:29.476 I/WifiHW  (  505): REPLY: LINKSPEED=39
02-27 16:42:29.476 I/WifiHW  (  505): REPLY: NOISE=9999
02-27 16:42:29.476 I/WifiHW  (  505): REPLY: FREQUENCY=2437
02-27 16:42:32.476 I/WifiHW  (  505): CMD: IFNAME=wlan0 SIGNAL_POLL
02-27 16:42:32.476 D/wpa_supplicant(  711): RX ctrl_iface - hexdump(len=11): 53 49 47 4e 41 4c 5f 50 4f 4c 4c
02-27 16:42:32.476 D/wpa_supplicant(  711): wlan0: Control interface command 'SIGNAL_POLL'
02-27 16:42:32.506 D/wpa_supplicant(  711): nl80211: survey data missing!
02-27 16:42:32.506 I/WifiHW  (  505): REPLY: RSSI=-45
02-27 16:42:32.506 I/WifiHW  (  505): REPLY: LINKSPEED=39
02-27 16:42:32.506 I/WifiHW  (  505): REPLY: NOISE=9999
02-27 16:42:32.506 I/WifiHW  (  505): REPLY: FREQUENCY=2437
02-27 16:42:34.836 D/EVENT_THREAD(  186): void CEventThread::run() POLLIN event on Fd (1)
02-27 16:42:34.836 D/EVENT_THREAD(  186): void CEventThread::run() Do poll with timeout: -1
02-27 16:42:35.506 I/WifiHW  (  505): CMD: IFNAME=wlan0 SIGNAL_POLL
02-27 16:42:35.506 D/wpa_supplicant(  711): RX ctrl_iface - hexdump(len=11): 53 49 47 4e 41 4c 5f 50 4f 4c 4c
02-27 16:42:35.506 D/wpa_supplicant(  711): wlan0: Control interface command 'SIGNAL_POLL'
02-27 16:42:35.536 D/wpa_supplicant(  711): nl80211: survey data missing!
02-27 16:42:35.536 I/WifiHW  (  505): REPLY: RSSI=-49
02-27 16:42:35.536 I/WifiHW  (  505): REPLY: LINKSPEED=39
02-27 16:42:35.536 I/WifiHW  (  505): REPLY: NOISE=9999
02-27 16:42:35.536 I/WifiHW  (  505): REPLY: FREQUENCY=2437
02-27 16:42:35.676 D/EVENT_THREAD(  186): void CEventThread::run() POLLIN event on Fd (1)
02-27 16:42:35.676 D/EVENT_THREAD(  186): void CEventThread::run() Do poll with timeout: -1
02-27 16:42:35.676 I/upi_ug31xx(  166): (990) update_capacity
02-27 16:42:35.676 I/[UPI]   (  166): <UG31/E>[UpiReadCapacity]: V=3659(3665), T=326(328-392), I=-382, C=-2(-2-0)
02-27 16:42:35.676 I/[UPI]   (  166): <UG31/E>[UpiReadCapacity]: (0x0001254a) 704 (511) / 3822 (4027) = 18
02-27 16:42:35.676 I/[UPI]   (  166): <UG31/E>[UpiReadCapacity]: (0x0001254a) 704 (511) / 3822 (4027) = 18
02-27 16:42:35.676 I/[UPI]   (  166): <UG31/E>[UpiReadCapacity]: (0x0001254a) 701 (701) / 3822 (4027) = 18
02-27 16:42:35.676 I/[UPI]   (  166): <UG31/E>[RsocFilterCountTime]: (0x0001254a) Step=0(31160), Full=0(31160), Lock=31160(1860314)
02-27 16:42:35.676 I/[UPI]   (  166): <UG31/E>[UpiReadCapacity]: (0x0001254a) 701 (701) / 3822 (4027) = 18 (-382--382)
02-27 16:42:35.676 I/[UPI]   (  166): <UG31/E><BATT> M:normal, P:18(18-18)%, V:3666mV, C:-370mA, T:32.8C(392), S:0x0001254a(000), R:701mAh, F:3822mAh, Q:-1276mAh, CC:3, P:10.300(1275-0)s, BO:7, 97:615:0-44af-9m:B001-20140514-144301 (16)
02-27 16:42:35.676 D/EVENT_THREAD(  186): void CEventThread::run() POLLIN event on Fd (1)
02-27 16:42:35.676 D/EVENT_THREAD(  186): void CEventThread::run() Do poll with timeout: -1
02-27 16:42:35.676 I/upi_ug31xx(  166): (991) backup_data 
02-27 16:42:35.676 V/upi_ug31xx(  166): state->check_backup_count = 1
02-27 16:42:38.536 I/WifiHW  (  505): CMD: IFNAME=wlan0 SIGNAL_POLL
02-27 16:42:38.536 D/wpa_supplicant(  711): RX ctrl_iface - hexdump(len=11): 53 49 47 4e 41 4c 5f 50 4f 4c 4c
02-27 16:42:38.536 D/wpa_supplicant(  711): wlan0: Control interface command 'SIGNAL_POLL'
02-27 16:42:38.566 D/wpa_supplicant(  711): nl80211: survey data missing!
02-27 16:42:38.566 I/WifiHW  (  505): REPLY: RSSI=-44
02-27 16:42:38.566 I/WifiHW  (  505): REPLY: LINKSPEED=39
02-27 16:42:38.566 I/WifiHW  (  505): REPLY: NOISE=9999
02-27 16:42:38.566 I/WifiHW  (  505): REPLY: FREQUENCY=2437
02-27 16:42:41.566 I/WifiHW  (  505): CMD: IFNAME=wlan0 SIGNAL_POLL
02-27 16:42:41.566 D/wpa_supplicant(  711): RX ctrl_iface - hexdump(len=11): 53 49 47 4e 41 4c 5f 50 4f 4c 4c
02-27 16:42:41.566 D/wpa_supplicant(  711): wlan0: Control interface command 'SIGNAL_POLL'
02-27 16:42:41.596 D/wpa_supplicant(  711): nl80211: survey data missing!
02-27 16:42:41.596 I/WifiHW  (  505): REPLY: RSSI=-44
02-27 16:42:41.596 I/WifiHW  (  505): REPLY: LINKSPEED=39
02-27 16:42:41.596 I/WifiHW  (  505): REPLY: NOISE=9999
02-27 16:42:41.596 I/WifiHW  (  505): REPLY: FREQUENCY=2437
02-27 16:42:44.596 I/WifiHW  (  505): CMD: IFNAME=wlan0 SIGNAL_POLL
02-27 16:42:44.596 D/wpa_supplicant(  711): RX ctrl_iface - hexdump(len=11): 53 49 47 4e 41 4c 5f 50 4f 4c 4c
02-27 16:42:44.596 D/wpa_supplicant(  711): wlan0: Control interface command 'SIGNAL_POLL'
02-27 16:42:44.626 D/wpa_supplicant(  711): nl80211: survey data missing!
02-27 16:42:44.626 I/WifiHW  (  505): REPLY: RSSI=-45
02-27 16:42:44.626 I/WifiHW  (  505): REPLY: LINKSPEED=39
02-27 16:42:44.626 I/WifiHW  (  505): REPLY: NOISE=9999
02-27 16:42:44.626 I/WifiHW  (  505): REPLY: FREQUENCY=2437
02-27 16:42:44.846 D/EVENT_THREAD(  186): void CEventThread::run() POLLIN event on Fd (1)
02-27 16:42:44.846 D/EVENT_THREAD(  186): void CEventThread::run() Do poll with timeout: -1
02-27 16:42:46.006 D/EVENT_THREAD(  186): void CEventThread::run() POLLIN event on Fd (1)
02-27 16:42:46.006 D/EVENT_THREAD(  186): void CEventThread::run() Do poll with timeout: -1
02-27 16:42:46.006 I/upi_ug31xx(  166): (992) update_capacity
02-27 16:42:46.006 I/[UPI]   (  166): <UG31/E>[UpiReadCapacity]: V=3661(3665), T=326(328-392), I=-385, C=0(0-0)
02-27 16:42:46.006 I/[UPI]   (  166): <UG31/E>[UpiReadCapacity]: (0x0001254a) 701 (521) / 3822 (4027) = 18
02-27 16:42:46.006 I/[UPI]   (  166): <UG31/E>[UpiReadCapacity]: (0x0001254a) 701 (521) / 3822 (4027) = 18
02-27 16:42:46.006 I/[UPI]   (  166): <UG31/E>[UpiReadCapacity]: (0x0001254a) 701 (701) / 3822 (4027) = 18
02-27 16:42:46.006 I/[UPI]   (  166): <UG31/E>[RsocFilterCountTime]: (0x0001254a) Step=0(41490), Full=0(41490), Lock=41490(1845818)
02-27 16:42:46.006 I/[UPI]   (  166): <UG31/E>[UpiReadCapacity]: (0x0001254a) 701 (701) / 3822 (4027) = 18 (-385--385)
02-27 16:42:46.006 I/[UPI]   (  166): <UG31/E><BATT> M:normal, P:18(18-18)%, V:3666mV, C:-370mA, T:32.8C(392), S:0x0001254a(000), R:701mAh, F:3822mAh, Q:-1276mAh, CC:3, P:10.330(1275-0)s, BO:7, 97:615:0-44af-9m:B001-20140514-144301 (16)
02-27 16:42:46.006 D/EVENT_THREAD(  186): void CEventThread::run() POLLIN event on Fd (1)
02-27 16:42:46.006 D/EVENT_THREAD(  186): void CEventThread::run() Do poll with timeout: -1
02-27 16:42:46.006 I/upi_ug31xx(  166): (993) backup_data 
02-27 16:42:46.006 V/upi_ug31xx(  166): state->check_backup_count = 2
02-27 16:42:47.626 I/WifiHW  (  505): CMD: IFNAME=wlan0 SIGNAL_POLL
02-27 16:42:47.626 D/wpa_supplicant(  711): RX ctrl_iface - hexdump(len=11): 53 49 47 4e 41 4c 5f 50 4f 4c 4c
02-27 16:42:47.626 D/wpa_supplicant(  711): wlan0: Control interface command 'SIGNAL_POLL'
02-27 16:42:47.656 D/wpa_supplicant(  711): nl80211: survey data missing!
02-27 16:42:47.656 I/WifiHW  (  505): REPLY: RSSI=-46
02-27 16:42:47.656 I/WifiHW  (  505): REPLY: LINKSPEED=39
02-27 16:42:47.656 I/WifiHW  (  505): REPLY: NOISE=9999
02-27 16:42:47.656 I/WifiHW  (  505): REPLY: FREQUENCY=2437
02-27 16:42:50.656 I/WifiHW  (  505): CMD: IFNAME=wlan0 SIGNAL_POLL
02-27 16:42:50.656 D/wpa_supplicant(  711): RX ctrl_iface - hexdump(len=11): 53 49 47 4e 41 4c 5f 50 4f 4c 4c
02-27 16:42:50.656 D/wpa_supplicant(  711): wlan0: Control interface command 'SIGNAL_POLL'
02-27 16:42:50.686 D/wpa_supplicant(  711): nl80211: survey data missing!
02-27 16:42:50.686 I/WifiHW  (  505): REPLY: RSSI=-53
02-27 16:42:50.686 I/WifiHW  (  505): REPLY: LINKSPEED=39
02-27 16:42:50.686 I/WifiHW  (  505): REPLY: NOISE=9999
02-27 16:42:50.686 I/WifiHW  (  505): REPLY: FREQUENCY=2437
02-27 16:42:53.686 I/WifiHW  (  505): CMD: IFNAME=wlan0 SIGNAL_POLL
02-27 16:42:53.686 D/wpa_supplicant(  711): RX ctrl_iface - hexdump(len=11): 53 49 47 4e 41 4c 5f 50 4f 4c 4c
02-27 16:42:53.686 D/wpa_supplicant(  711): wlan0: Control interface command 'SIGNAL_POLL'
02-27 16:42:53.716 D/wpa_supplicant(  711): nl80211: survey data missing!
02-27 16:42:53.716 I/WifiHW  (  505): REPLY: RSSI=-51
02-27 16:42:53.716 I/WifiHW  (  505): REPLY: LINKSPEED=39
02-27 16:42:53.716 I/WifiHW  (  505): REPLY: NOISE=9999
02-27 16:42:53.716 I/WifiHW  (  505): REPLY: FREQUENCY=2437
02-27 16:42:54.876 D/EVENT_THREAD(  186): void CEventThread::run() POLLIN event on Fd (1)
02-27 16:42:54.876 D/EVENT_THREAD(  186): void CEventThread::run() Do poll with timeout: -1
02-27 16:42:56.356 D/EVENT_THREAD(  186): void CEventThread::run() POLLIN event on Fd (1)
02-27 16:42:56.356 D/EVENT_THREAD(  186): void CEventThread::run() Do poll with timeout: -1
02-27 16:42:56.356 I/upi_ug31xx(  166): (994) update_capacity
02-27 16:42:56.356 I/[UPI]   (  166): <UG31/E>[UpiReadCapacity]: V=3662(3665), T=326(328-393), I=-379, C=-1(-1-0)
02-27 16:42:56.356 I/[UPI]   (  166): <UG31/E>[UpiReadCapacity]: (0x0001254a) 701 (526) / 3822 (4027) = 18
02-27 16:42:56.356 I/[UPI]   (  166): <UG31/E>[UpiReadCapacity]: (0x0001254a) 701 (526) / 3822 (4027) = 18
02-27 16:42:56.356 I/[UPI]   (  166): <UG31/E>[UpiReadCapacity]: (0x0001254a) 700 (700) / 3822 (4027) = 18
02-27 16:42:56.356 I/[UPI]   (  166): <UG31/E>[RsocFilterCountTime]: (0x0001254a) Step=0(51820), Full=0(51820), Lock=51820(1875039)
02-27 16:42:56.356 I/[UPI]   (  166): <UG31/E>[UpiReadCapacity]: (0x0001254a) 700 (700) / 3822 (4027) = 18 (-379--379)
02-27 16:42:56.356 I/[UPI]   (  166): <UG31/E><BATT> M:normal, P:18(18-18)%, V:3666mV, C:-371mA, T:32.8C(393), S:0x0001254a(000), R:700mAh, F:3822mAh, Q:-1277mAh, CC:3, P:10.330(1276-0)s, BO:7, 97:615:0-44af-9m:B001-20140514-144301 (16)
02-27 16:42:56.356 D/EVENT_THREAD(  186): void CEventThread::run() POLLIN event on Fd (1)
02-27 16:42:56.356 D/EVENT_THREAD(  186): void CEventThread::run() Do poll with timeout: -1
02-27 16:42:56.356 I/upi_ug31xx(  166): (995) backup_data 
02-27 16:42:56.356 V/upi_ug31xx(  166): state->check_backup_count = 3
02-27 16:42:56.716 I/WifiHW  (  505): CMD: IFNAME=wlan0 SIGNAL_POLL
02-27 16:42:56.716 D/wpa_supplicant(  711): RX ctrl_iface - hexdump(len=11): 53 49 47 4e 41 4c 5f 50 4f 4c 4c
02-27 16:42:56.716 D/wpa_supplicant(  711): wlan0: Control interface command 'SIGNAL_POLL'
02-27 16:42:56.746 D/wpa_supplicant(  711): nl80211: survey data missing!
02-27 16:42:56.746 I/WifiHW  (  505): REPLY: RSSI=-51
02-27 16:42:56.746 I/WifiHW  (  505): REPLY: LINKSPEED=39
02-27 16:42:56.746 I/WifiHW  (  505): REPLY: NOISE=9999
02-27 16:42:56.746 I/WifiHW  (  505): REPLY: FREQUENCY=2437
02-27 16:42:59.746 I/WifiHW  (  505): CMD: IFNAME=wlan0 SIGNAL_POLL
02-27 16:42:59.746 D/wpa_supplicant(  711): RX ctrl_iface - hexdump(len=11): 53 49 47 4e 41 4c 5f 50 4f 4c 4c
02-27 16:42:59.746 D/wpa_supplicant(  711): wlan0: Control interface command 'SIGNAL_POLL'
02-27 16:42:59.776 D/wpa_supplicant(  711): nl80211: survey data missing!
02-27 16:42:59.776 I/WifiHW  (  505): REPLY: RSSI=-51
02-27 16:42:59.776 I/WifiHW  (  505): REPLY: LINKSPEED=39
02-27 16:42:59.776 I/WifiHW  (  505): REPLY: NOISE=9999
02-27 16:42:59.776 I/WifiHW  (  505): REPLY: FREQUENCY=2437
02-27 16:42:59.986 D/BatteryStatsImpl(  505): noteStopWakeLocked system isFromForeground = false
02-27 16:42:59.996 D/AlarmManager(  505): Added alarm Alarm{221492e8 type 2 com.baidu.searchbox} type:ELAPSED_REALTIME_WAKEUP when: After 0h:5m:33.0s repeatInterval: 0h:20m:0.0s
02-27 16:42:59.996 D/AlarmManager(  505): Added alarm Alarm{224c99a8 type 0 android} type:RTC_WAKEUP when: At 15-2-27 5:00 repeatInterval: 0h:30m:0.0s
02-27 16:43:00.006 D/Clock   (  569): ACTION_TIME_TICK
02-27 16:43:00.006 D/Clock   (  569): update clock:4:43
02-27 16:43:00.026 D/BatteryStatsImpl(  505): noteStopWakeLocked system isFromForeground = false
02-27 16:43:02.776 I/WifiHW  (  505): CMD: IFNAME=wlan0 SIGNAL_POLL
02-27 16:43:02.776 D/wpa_supplicant(  711): RX ctrl_iface - hexdump(len=11): 53 49 47 4e 41 4c 5f 50 4f 4c 4c
02-27 16:43:02.776 D/wpa_supplicant(  711): wlan0: Control interface command 'SIGNAL_POLL'
02-27 16:43:02.796 D/wpa_supplicant(  711): nl80211: survey data missing!
02-27 16:43:02.796 I/WifiHW  (  505): REPLY: RSSI=-53
02-27 16:43:02.796 I/WifiHW  (  505): REPLY: LINKSPEED=39
02-27 16:43:02.796 I/WifiHW  (  505): REPLY: NOISE=9999
02-27 16:43:02.796 I/WifiHW  (  505): REPLY: FREQUENCY=2437
02-27 16:43:04.896 D/EVENT_THREAD(  186): void CEventThread::run() POLLIN event on Fd (1)
02-27 16:43:04.896 D/EVENT_THREAD(  186): void CEventThread::run() Do poll with timeout: -1
02-27 16:43:05.796 I/WifiHW  (  505): CMD: IFNAME=wlan0 SIGNAL_POLL
02-27 16:43:05.806 D/wpa_supplicant(  711): RX ctrl_iface - hexdump(len=11): 53 49 47 4e 41 4c 5f 50 4f 4c 4c
02-27 16:43:05.806 D/wpa_supplicant(  711): wlan0: Control interface command 'SIGNAL_POLL'
02-27 16:43:05.826 D/wpa_supplicant(  711): nl80211: survey data missing!
02-27 16:43:05.826 I/WifiHW  (  505): REPLY: RSSI=-53
02-27 16:43:05.826 I/WifiHW  (  505): REPLY: LINKSPEED=39
02-27 16:43:05.826 I/WifiHW  (  505): REPLY: NOISE=9999
02-27 16:43:05.826 I/WifiHW  (  505): REPLY: FREQUENCY=2437
02-27 16:43:06.686 D/EVENT_THREAD(  186): void CEventThread::run() POLLIN event on Fd (1)
02-27 16:43:06.686 D/EVENT_THREAD(  186): void CEventThread::run() Do poll with timeout: -1
02-27 16:43:06.686 I/upi_ug31xx(  166): (996) update_capacity
02-27 16:43:06.686 I/[UPI]   (  166): <UG31/E>[UpiReadCapacity]: V=3663(3665), T=326(328-393), I=-378, C=1(0-1)
02-27 16:43:06.686 I/[UPI]   (  166): <UG31/E>[UpiReadCapacity]: (0x0001254a) 700 (531) / 3822 (4027) = 18
02-27 16:43:06.686 I/[UPI]   (  166): <UG31/E>[UpiReadCapacity]: (0x0001254a) 700 (531) / 3822 (4027) = 18
02-27 16:43:06.686 I/[UPI]   (  166): <UG31/E>[UpiReadCapacity]: (0x0001254a) 700 (700) / 3822 (4027) = 18
02-27 16:43:06.686 I/[UPI]   (  166): <UG31/E>[RsocFilterCountTime]: (0x0001254a) Step=1(62160), Full=1(62160), Lock=62160(1880000)
02-27 16:43:06.686 I/[UPI]   (  166): <UG31/E>[UpiReadCapacity]: (0x0001254a) 700 (700) / 3822 (4027) = 18 (-378--378)
02-27 16:43:06.686 I/[UPI]   (  166): <UG31/E><BATT> M:normal, P:18(18-18)%, V:3666mV, C:-369mA, T:32.8C(393), S:0x0001254a(000), R:700mAh, F:3822mAh, Q:-1276mAh, CC:3, P:10.340(1275-1)s, BO:7, 97:615:0-44af-9m:B001-20140514-144301 (16)
02-27 16:43:06.686 D/EVENT_THREAD(  186): void CEventThread::run() POLLIN event on Fd (1)
02-27 16:43:06.686 D/EVENT_THREAD(  186): void CEventThread::run() Do poll with timeout: -1
02-27 16:43:06.686 I/upi_ug31xx(  166): (997) backup_data 
02-27 16:43:06.686 V/upi_ug31xx(  166): state->check_backup_count = 4
02-27 16:43:08.826 I/WifiHW  (  505): CMD: IFNAME=wlan0 SIGNAL_POLL
02-27 16:43:08.826 D/wpa_supplicant(  711): RX ctrl_iface - hexdump(len=11): 53 49 47 4e 41 4c 5f 50 4f 4c 4c
02-27 16:43:08.826 D/wpa_supplicant(  711): wlan0: Control interface command 'SIGNAL_POLL'
02-27 16:43:08.856 D/wpa_supplicant(  711): nl80211: survey data missing!
02-27 16:43:08.856 I/WifiHW  (  505): REPLY: RSSI=-50
02-27 16:43:08.856 I/WifiHW  (  505): REPLY: LINKSPEED=39
02-27 16:43:08.856 I/WifiHW  (  505): REPLY: NOISE=9999
02-27 16:43:08.856 I/WifiHW  (  505): REPLY: FREQUENCY=2437
02-27 16:43:11.856 I/WifiHW  (  505): CMD: IFNAME=wlan0 SIGNAL_POLL
02-27 16:43:11.856 D/wpa_supplicant(  711): RX ctrl_iface - hexdump(len=11): 53 49 47 4e 41 4c 5f 50 4f 4c 4c
02-27 16:43:11.856 D/wpa_supplicant(  711): wlan0: Control interface command 'SIGNAL_POLL'
02-27 16:43:11.886 D/wpa_supplicant(  711): nl80211: survey data missing!
02-27 16:43:11.886 I/WifiHW  (  505): REPLY: RSSI=-53
02-27 16:43:11.886 I/WifiHW  (  505): REPLY: LINKSPEED=39
02-27 16:43:11.886 I/WifiHW  (  505): REPLY: NOISE=9999
02-27 16:43:11.886 I/WifiHW  (  505): REPLY: FREQUENCY=2437
02-27 16:43:14.886 I/WifiHW  (  505): CMD: IFNAME=wlan0 SIGNAL_POLL
02-27 16:43:14.886 D/wpa_supplicant(  711): RX ctrl_iface - hexdump(len=11): 53 49 47 4e 41 4c 5f 50 4f 4c 4c
02-27 16:43:14.886 D/wpa_supplicant(  711): wlan0: Control interface command 'SIGNAL_POLL'
02-27 16:43:14.916 D/wpa_supplicant(  711): nl80211: survey data missing!
02-27 16:43:14.916 I/WifiHW  (  505): REPLY: RSSI=-53
02-27 16:43:14.916 I/WifiHW  (  505): REPLY: LINKSPEED=39
02-27 16:43:14.916 I/WifiHW  (  505): REPLY: NOISE=9999
02-27 16:43:14.916 I/WifiHW  (  505): REPLY: FREQUENCY=2437
02-27 16:43:14.926 D/EVENT_THREAD(  186): void CEventThread::run() POLLIN event on Fd (1)
02-27 16:43:14.926 D/EVENT_THREAD(  186): void CEventThread::run() Do poll with timeout: -1
02-27 16:43:17.026 D/EVENT_THREAD(  186): void CEventThread::run() POLLIN event on Fd (1)
02-27 16:43:17.026 D/EVENT_THREAD(  186): void CEventThread::run() Do poll with timeout: -1
02-27 16:43:17.026 I/upi_ug31xx(  166): (998) update_capacity
02-27 16:43:17.026 I/[UPI]   (  166): <UG31/E>[UpiReadCapacity]: V=3663(3665), T=327(329-394), I=-384, C=0(0-1)
02-27 16:43:17.026 I/[UPI]   (  166): <UG31/E>[UpiReadCapacity]: (0x0001254a) 700 (531) / 3822 (4027) = 18
02-27 16:43:17.026 I/[UPI]   (  166): <UG31/E>[UpiReadCapacity]: (0x0001254a) 700 (531) / 3822 (4027) = 18
02-27 16:43:17.026 I/[UPI]   (  166): <UG31/E>[UpiReadCapacity]: (0x0001254a) 700 (700) / 3822 (4027) = 18
02-27 16:43:17.026 I/[UPI]   (  166): <UG31/E>[RsocFilterCountTime]: (0x0001254a) Step=1(72500), Full=1(72500), Lock=72500(1850625)
02-27 16:43:17.026 I/[UPI]   (  166): <UG31/E>[UpiReadCapacity]: (0x0001254a) 700 (700) / 3822 (4027) = 18 (-384--384)
02-27 16:43:17.026 I/[UPI]   (  166): <UG31/E><BATT> M:normal, P:18(18-18)%, V:3666mV, C:-373mA, T:32.9C(394), S:0x0001254a(000), R:700mAh, F:3822mAh, Q:-1276mAh, CC:3, P:10.340(1275-1)s, BO:7, 97:615:0-44af-9m:B001-20140514-144301 (16)
02-27 16:43:17.026 D/EVENT_THREAD(  186): void CEventThread::run() POLLIN event on Fd (1)
02-27 16:43:17.026 D/EVENT_THREAD(  186): void CEventThread::run() Do poll with timeout: -1
02-27 16:43:17.026 I/upi_ug31xx(  166): (999) backup_data 
02-27 16:43:17.026 V/upi_ug31xx(  166): state->check_backup_count = 5
02-27 16:43:17.916 I/WifiHW  (  505): CMD: IFNAME=wlan0 SIGNAL_POLL
02-27 16:43:17.916 D/wpa_supplicant(  711): RX ctrl_iface - hexdump(len=11): 53 49 47 4e 41 4c 5f 50 4f 4c 4c
02-27 16:43:17.916 D/wpa_supplicant(  711): wlan0: Control interface command 'SIGNAL_POLL'
02-27 16:43:17.946 D/wpa_supplicant(  711): nl80211: survey data missing!
02-27 16:43:17.946 I/WifiHW  (  505): REPLY: RSSI=-53
02-27 16:43:17.946 I/WifiHW  (  505): REPLY: LINKSPEED=39
02-27 16:43:17.946 I/WifiHW  (  505): REPLY: NOISE=9999
02-27 16:43:17.946 I/WifiHW  (  505): REPLY: FREQUENCY=2437
02-27 16:43:20.946 I/WifiHW  (  505): CMD: IFNAME=wlan0 SIGNAL_POLL
02-27 16:43:20.946 D/wpa_supplicant(  711): RX ctrl_iface - hexdump(len=11): 53 49 47 4e 41 4c 5f 50 4f 4c 4c
02-27 16:43:20.946 D/wpa_supplicant(  711): wlan0: Control interface command 'SIGNAL_POLL'
02-27 16:43:20.976 D/wpa_supplicant(  711): nl80211: survey data missing!
02-27 16:43:20.976 I/WifiHW  (  505): REPLY: RSSI=-54
02-27 16:43:20.976 I/WifiHW  (  505): REPLY: LINKSPEED=39
02-27 16:43:20.976 I/WifiHW  (  505): REPLY: NOISE=9999
02-27 16:43:20.976 I/WifiHW  (  505): REPLY: FREQUENCY=2437
02-27 16:43:23.976 I/WifiHW  (  505): CMD: IFNAME=wlan0 SIGNAL_POLL
02-27 16:43:23.976 D/wpa_supplicant(  711): RX ctrl_iface - hexdump(len=11): 53 49 47 4e 41 4c 5f 50 4f 4c 4c
02-27 16:43:23.976 D/wpa_supplicant(  711): wlan0: Control interface command 'SIGNAL_POLL'
02-27 16:43:24.006 D/wpa_supplicant(  711): nl80211: survey data missing!
02-27 16:43:24.006 I/WifiHW  (  505): REPLY: RSSI=-54
02-27 16:43:24.006 I/WifiHW  (  505): REPLY: LINKSPEED=39
02-27 16:43:24.006 I/WifiHW  (  505): REPLY: NOISE=9999
02-27 16:43:24.006 I/WifiHW  (  505): REPLY: FREQUENCY=2437
02-27 16:43:24.936 D/EVENT_THREAD(  186): void CEventThread::run() POLLIN event on Fd (1)
02-27 16:43:24.936 D/EVENT_THREAD(  186): void CEventThread::run() Do poll with timeout: -1
02-27 16:43:27.006 I/WifiHW  (  505): CMD: IFNAME=wlan0 SIGNAL_POLL
02-27 16:43:27.006 D/wpa_supplicant(  711): RX ctrl_iface - hexdump(len=11): 53 49 47 4e 41 4c 5f 50 4f 4c 4c
02-27 16:43:27.006 D/wpa_supplicant(  711): wlan0: Control interface command 'SIGNAL_POLL'
02-27 16:43:27.036 D/wpa_supplicant(  711): nl80211: survey data missing!
02-27 16:43:27.036 I/WifiHW  (  505): REPLY: RSSI=-53
02-27 16:43:27.036 I/WifiHW  (  505): REPLY: LINKSPEED=39
02-27 16:43:27.036 I/WifiHW  (  505): REPLY: NOISE=9999
02-27 16:43:27.036 I/WifiHW  (  505): REPLY: FREQUENCY=2437
02-27 16:43:27.336 D/EVENT_THREAD(  186): void CEventThread::run() POLLIN event on Fd (1)
02-27 16:43:27.336 D/EVENT_THREAD(  186): void CEventThread::run() Do poll with timeout: -1
02-27 16:43:27.336 I/upi_ug31xx(  166): (1000) update_capacity
02-27 16:43:27.336 I/[UPI]   (  166): <UG31/E>[UpiReadCapacity]: V=3663(3665), T=327(329-394), I=-380, C=-3(-2-0)
02-27 16:43:27.336 I/[UPI]   (  166): <UG31/E>[UpiReadCapacity]: (0x0001254a) 700 (531) / 3822 (4027) = 18
02-27 16:43:27.336 I/[UPI]   (  166): <UG31/E>[UpiReadCapacity]: (0x0001254a) 700 (531) / 3822 (4027) = 18
02-27 16:43:27.336 I/[UPI]   (  166): <UG31/E>[UpiReadCapacity]: (0x0001254a) 697 (697) / 3822 (4027) = 18
02-27 16:43:27.336 I/[UPI]   (  166): <UG31/E>[RsocFilterCountTime]: (0x0001254a) Step=1(82810), Full=1(82810), Lock=82810(1870105)
02-27 16:43:27.336 I/[UPI]   (  166): <UG31/E>[UpiReadCapacity]: (0x0001254a) 697 (697) / 3822 (4027) = 18 (-380--380)
02-27 16:43:27.336 I/[UPI]   (  166): <UG31/E><BATT> M:normal, P:18(18-18)%, V:3666mV, C:-370mA, T:32.9C(394), S:0x0001254a(000), R:697mAh, F:3822mAh, Q:-1279mAh, CC:3, P:10.310(1278-0)s, BO:7, 97:615:0-44af-9m:B001-20140514-144301 (16)
02-27 16:43:27.336 D/EVENT_THREAD(  186): void CEventThread::run() POLLIN event on Fd (1)
02-27 16:43:27.336 D/EVENT_THREAD(  186): void CEventThread::run() Do poll with timeout: -1
02-27 16:43:27.336 I/upi_ug31xx(  166): (1001) backup_data 
02-27 16:43:27.336 V/upi_ug31xx(  166): state->check_backup_count = 6
02-27 16:43:30.036 I/WifiHW  (  505): CMD: IFNAME=wlan0 SIGNAL_POLL
02-27 16:43:30.036 D/wpa_supplicant(  711): RX ctrl_iface - hexdump(len=11): 53 49 47 4e 41 4c 5f 50 4f 4c 4c
02-27 16:43:30.036 D/wpa_supplicant(  711): wlan0: Control interface command 'SIGNAL_POLL'
02-27 16:43:30.066 D/wpa_supplicant(  711): nl80211: survey data missing!
02-27 16:43:30.066 I/WifiHW  (  505): REPLY: RSSI=-53
02-27 16:43:30.066 I/WifiHW  (  505): REPLY: LINKSPEED=39
02-27 16:43:30.066 I/WifiHW  (  505): REPLY: NOISE=9999
02-27 16:43:30.066 I/WifiHW  (  505): REPLY: FREQUENCY=2437
02-27 16:43:33.066 I/WifiHW  (  505): CMD: IFNAME=wlan0 SIGNAL_POLL
02-27 16:43:33.066 D/wpa_supplicant(  711): RX ctrl_iface - hexdump(len=11): 53 49 47 4e 41 4c 5f 50 4f 4c 4c
02-27 16:43:33.066 D/wpa_supplicant(  711): wlan0: Control interface command 'SIGNAL_POLL'
02-27 16:43:33.096 D/wpa_supplicant(  711): nl80211: survey data missing!
02-27 16:43:33.096 I/WifiHW  (  505): REPLY: RSSI=-54
02-27 16:43:33.096 I/WifiHW  (  505): REPLY: LINKSPEED=39
02-27 16:43:33.096 I/WifiHW  (  505): REPLY: NOISE=9999
02-27 16:43:33.096 I/WifiHW  (  505): REPLY: FREQUENCY=2437
02-27 16:43:34.956 D/EVENT_THREAD(  186): void CEventThread::run() POLLIN event on Fd (1)
02-27 16:43:34.956 D/EVENT_THREAD(  186): void CEventThread::run() Do poll with timeout: -1
02-27 16:43:36.096 I/WifiHW  (  505): CMD: IFNAME=wlan0 SIGNAL_POLL
02-27 16:43:36.096 D/wpa_supplicant(  711): RX ctrl_iface - hexdump(len=11): 53 49 47 4e 41 4c 5f 50 4f 4c 4c
02-27 16:43:36.096 D/wpa_supplicant(  711): wlan0: Control interface command 'SIGNAL_POLL'
02-27 16:43:36.126 D/wpa_supplicant(  711): nl80211: survey data missing!
02-27 16:43:36.126 I/WifiHW  (  505): REPLY: RSSI=-52
02-27 16:43:36.126 I/WifiHW  (  505): REPLY: LINKSPEED=39
02-27 16:43:36.126 I/WifiHW  (  505): REPLY: NOISE=9999
02-27 16:43:36.126 I/WifiHW  (  505): REPLY: FREQUENCY=2437
02-27 16:43:37.676 D/EVENT_THREAD(  186): void CEventThread::run() POLLIN event on Fd (1)
02-27 16:43:37.676 D/EVENT_THREAD(  186): void CEventThread::run() Do poll with timeout: -1
02-27 16:43:37.676 I/upi_ug31xx(  166): (1002) update_capacity
02-27 16:43:37.676 I/[UPI]   (  166): <UG31/E>[UpiReadCapacity]: V=3663(3665), T=327(329-394), I=-380, C=0(0-0)
02-27 16:43:37.676 I/[UPI]   (  166): <UG31/E>[UpiReadCapacity]: (0x0001254a) 697 (531) / 3822 (4027) = 18
02-27 16:43:37.676 I/[UPI]   (  166): <UG31/E>[UpiReadCapacity]: (0x0001254a) 697 (531) / 3822 (4027) = 18
02-27 16:43:37.676 I/[UPI]   (  166): <UG31/E>[UpiReadCapacity]: (0x0001254a) 697 (697) / 3822 (4027) = 18
02-27 16:43:37.676 I/[UPI]   (  166): <UG31/E>[RsocFilterCountTime]: (0x0001254a) Step=1(93150), Full=1(93150), Lock=93150(1870105)
02-27 16:43:37.676 I/[UPI]   (  166): <UG31/E>[UpiReadCapacity]: (0x0001254a) 697 (697) / 3822 (4027) = 18 (-380--380)
02-27 16:43:37.676 I/[UPI]   (  166): <UG31/E><BATT> M:normal, P:18(18-18)%, V:3666mV, C:-373mA, T:32.9C(394), S:0x0001254a(000), R:697mAh, F:3822mAh, Q:-1279mAh, CC:3, P:10.340(1278-0)s, BO:7, 97:615:0-44af-9m:B001-20140514-144301 (16)
02-27 16:43:37.676 D/EVENT_THREAD(  186): void CEventThread::run() POLLIN event on Fd (1)
02-27 16:43:37.676 D/EVENT_THREAD(  186): void CEventThread::run() Do poll with timeout: -1
02-27 16:43:37.676 I/upi_ug31xx(  166): (1003) backup_data 
02-27 16:43:37.676 V/upi_ug31xx(  166): state->check_backup_count = 7
02-27 16:43:39.126 I/WifiHW  (  505): CMD: IFNAME=wlan0 SIGNAL_POLL
02-27 16:43:39.126 D/wpa_supplicant(  711): RX ctrl_iface - hexdump(len=11): 53 49 47 4e 41 4c 5f 50 4f 4c 4c
02-27 16:43:39.126 D/wpa_supplicant(  711): wlan0: Control interface command 'SIGNAL_POLL'
02-27 16:43:39.146 D/wpa_supplicant(  711): nl80211: survey data missing!
02-27 16:43:39.146 I/WifiHW  (  505): REPLY: RSSI=-52
02-27 16:43:39.146 I/WifiHW  (  505): REPLY: LINKSPEED=39
02-27 16:43:39.146 I/WifiHW  (  505): REPLY: NOISE=9999
02-27 16:43:39.146 I/WifiHW  (  505): REPLY: FREQUENCY=2437
02-27 16:43:42.156 I/WifiHW  (  505): CMD: IFNAME=wlan0 SIGNAL_POLL
02-27 16:43:42.156 D/wpa_supplicant(  711): RX ctrl_iface - hexdump(len=11): 53 49 47 4e 41 4c 5f 50 4f 4c 4c
02-27 16:43:42.156 D/wpa_supplicant(  711): wlan0: Control interface command 'SIGNAL_POLL'
02-27 16:43:42.176 D/wpa_supplicant(  711): nl80211: survey data missing!
02-27 16:43:42.176 I/WifiHW  (  505): REPLY: RSSI=-55
02-27 16:43:42.176 I/WifiHW  (  505): REPLY: LINKSPEED=39
02-27 16:43:42.176 I/WifiHW  (  505): REPLY: NOISE=9999
02-27 16:43:42.176 I/WifiHW  (  505): REPLY: FREQUENCY=2437
02-27 16:43:44.376 D/AndroidRuntime(26825): 
02-27 16:43:44.376 D/AndroidRuntime(26825): >>>>>> AndroidRuntime START com.android.internal.os.RuntimeInit <<<<<<
02-27 16:43:44.376 D/AndroidRuntime(26825): CheckJNI is OFF
02-27 16:43:44.376 I/AndroidRuntime(26825): Kernel Release Version: 3.10.20-gf818079
02-27 16:43:44.376 I/dalvikvm(26825): No library specified. The standard exception handler will be used
02-27 16:43:44.376 I/dalvikvm(26825): 
02-27 16:43:44.376 I/dalvikvm(26825): +++++++++++++ Using PCG. +++++++++++++++++++++
02-27 16:43:44.386 D/dalvikvm(26825): Trying to load lib libjavacore.so 0x0
02-27 16:43:44.386 D/dalvikvm(26825): Added shared lib libjavacore.so 0x0
02-27 16:43:44.386 D/dalvikvm(26825): Trying to load lib libnativehelper.so 0x0
02-27 16:43:44.386 D/dalvikvm(26825): Added shared lib libnativehelper.so 0x0
02-27 16:43:44.386 D/dalvikvm(26825): No JNI_OnLoad found in libnativehelper.so 0x0, skipping init
02-27 16:43:44.396 D/dalvikvm(26825): Extra Options: not specified
02-27 16:43:44.406 D/dalvikvm(26825): Note: class Landroid/app/ActivityManagerNative; has 186 unimplemented (abstract) methods
02-27 16:43:44.476 E/memtrack(26825): Couldn't load memtrack module (No such file or directory)
02-27 16:43:44.476 E/android.os.Debug(26825): failed to load memtrack module: -2
02-27 16:43:44.526 D/AndroidRuntime(26825): Calling main entry com.android.commands.am.Am
02-27 16:43:44.566 I/ActivityManager(  505): Force stopping org.xwalk.webapi_noneservice_tests appid=10085 user=0: from pid 26825
02-27 16:43:44.566 I/ActivityManager(  505): Killing 26688:org.xwalk.webapi_noneservice_tests/u0a85 (adj 0): stop org.xwalk.webapi_noneservice_tests
02-27 16:43:44.566 W/ActivityManager(  505): Force removing ActivityRecord{226354a8 u0 org.xwalk.webapi_noneservice_tests/.WebapiNoneserviceTestsActivity t90}: app died, no saved state
02-27 16:43:44.576 I/SecurityManagerService(  600): SMS received security event: App[STOP/org.xwalk.webapi_noneservice_tests]
02-27 16:43:44.576 D/WindowManager(  505): adjustConfigurationLw, config:{1.0 ?mcc?mnc ?locale ?layoutDir sw600dp w600dp h888dp 213dpi lrg port ?uimode ?night finger -keyb/v/h -nav/v} mLidState:1 mHasDockFeature:false mHasKeyboardFeature:false mHasHallSensorFeature:true config.hardKeyboardHidden:2
02-27 16:43:44.576 I/ActivityManager(  505): [TopPkgCurBat]	NowPkgName[com.asus.launcher]	Battery[18]	TimeTick[1425026624588]	OldPkgName[org.xwalk.webapi_noneservice_tests]
02-27 16:43:44.586 D/AndroidRuntime(26825): Shutting down VM
02-27 16:43:44.586 V/WeatherTimeProvider(26615): widget on Visibility Changed
02-27 16:43:44.596 D/dalvikvm(26825): GC_CONCURRENT freed 112K, 16% free 666K/792K, paused 1ms+0ms, total 1ms
02-27 16:43:44.596 I/        (26580): EGL reinitialize
02-27 16:43:44.596 D/        (26580): droid_create_context : config id = 5 conf->NativeVisualID=1
02-27 16:43:44.596 D/        (26580): Pixel Format : GGL_PIXEL_FORMAT_RGBA_8888
02-27 16:43:44.596 I/        (26580): Requested context : GLES 2.0
02-27 16:43:44.616 D/dalvikvm(26825): Compiler shutdown in progress - discarding request
02-27 16:43:44.616 D/dalvikvm(26825): Compiler shutdown in progress - discarding request
02-27 16:43:44.616 D/dalvikvm(26825): Compiler shutdown in progress - discarding request
02-27 16:43:44.616 D/dalvikvm(26825): Compiler shutdown in progress - discarding request
02-27 16:43:44.616 D/dalvikvm(26825): Compiler shutdown in progress - discarding request
02-27 16:43:44.616 D/dalvikvm(26825): Compiler shutdown in progress - discarding request
02-27 16:43:44.616 D/dalvikvm(26825): Compiler shutdown in progress - discarding request
02-27 16:43:44.616 D/dalvikvm(26825): Compiler shutdown in progress - discarding request
02-27 16:43:44.616 D/dalvikvm(26825): Compiler shutdown in progress - discarding request
02-27 16:43:44.616 D/dalvikvm(26825): Compiler shutdown in progress - discarding request
02-27 16:43:44.616 D/dalvikvm(26825): Compiler shutdown in progress - discarding request
02-27 16:43:44.616 D/dalvikvm(26825): Compiler shutdown in progress - discarding request
02-27 16:43:44.616 D/dalvikvm(26825): Compiler shutdown in progress - discarding request
02-27 16:43:44.616 D/dalvikvm(26825): Compiler shutdown in progress - discarding request
02-27 16:43:44.616 D/dalvikvm(26825): Compiler shutdown in progress - discarding request
02-27 16:43:44.616 D/dalvikvm(26825): Compiler shutdown in progress - discarding request
02-27 16:43:44.616 D/dalvikvm(26825): Compiler shutdown in progress - discarding request
02-27 16:43:44.616 D/dalvikvm(26825): Compiler shutdown in progress - discarding request
02-27 16:43:44.616 D/dalvikvm(26825): Compiler shutdown in progress - discarding request
02-27 16:43:44.616 D/dalvikvm(26825): Compiler shutdown in progress - discarding request
02-27 16:43:44.616 D/dalvikvm(26825): Compiler shutdown in progress - discarding request
02-27 16:43:44.616 D/dalvikvm(26825): Compiler shutdown in progress - discarding request
02-27 16:43:44.616 D/dalvikvm(26825): Compiler shutdown in progress - discarding request
02-27 16:43:44.616 D/dalvikvm(26825): Compiler shutdown in progress - discarding request
02-27 16:43:44.616 D/dalvikvm(26825): Compiler shutdown in progress - discarding request
02-27 16:43:44.616 D/dalvikvm(26825): Compiler shutdown in progress - discarding request
02-27 16:43:44.616 D/dalvikvm(26825): Compiler shutdown in progress - discarding request
02-27 16:43:44.616 D/dalvikvm(26825): Compiler shutdown in progress - discarding request
02-27 16:43:44.616 D/dalvikvm(26825): Compiler shutdown in progress - discarding request
02-27 16:43:44.616 D/dalvikvm(26825): Compiler shutdown in progress - discarding request
02-27 16:43:44.616 D/dalvikvm(26825): Compiler shutdown in progress - discarding request
02-27 16:43:44.616 D/dalvikvm(26825): Compiler shutdown in progress - discarding request
02-27 16:43:44.616 D/dalvikvm(26825): Compiler shutdown in progress - discarding request
02-27 16:43:44.616 D/dalvikvm(26825): Compiler shutdown in progress - discarding request
02-27 16:43:44.616 D/dalvikvm(26825): Compiler shutdown in progress - discarding request
02-27 16:43:44.616 D/dalvikvm(26825): Compiler shutdown in progress - discarding request
02-27 16:43:44.616 D/dalvikvm(26825): Compiler shutdown in progress - discarding request
02-27 16:43:44.616 D/dalvikvm(26825): Compiler shutdown in progress - discarding request
02-27 16:43:44.616 D/dalvikvm(26825): Compiler shutdown in progress - discarding request
02-27 16:43:44.616 D/dalvikvm(26825): Compiler shutdown in progress - discarding request
02-27 16:43:44.616 D/dalvikvm(26825): Compiler shutdown in progress - discarding request
02-27 16:43:44.616 D/dalvikvm(26825): Compiler shutdown in progress - discarding request
02-27 16:43:44.616 D/dalvikvm(26825): Compiler shutdown in progress - discarding request
02-27 16:43:44.616 D/dalvikvm(26825): Compiler shutdown in progress - discarding request
02-27 16:43:44.616 D/dalvikvm(26825): Compiler shutdown in progress - discarding request
02-27 16:43:44.616 D/dalvikvm(26825): Compiler shutdown in progress - discarding request
02-27 16:43:44.616 D/dalvikvm(26825): Compiler shutdown in progress - discarding request
02-27 16:43:44.626 I/WindowState(  505): WIN DEATH: Window{21fd5520 u0 org.xwalk.webapi_noneservice_tests/org.xwalk.webapi_noneservice_tests.WebapiNoneserviceTestsActivity}
02-27 16:43:44.626 W/WindowManager(  505): Force-removing child win Window{21f80610 u0 SurfaceView} from container Window{21fd5520 u0 org.xwalk.webapi_noneservice_tests/org.xwalk.webapi_noneservice_tests.WebapiNoneserviceTestsActivity}
02-27 16:43:44.626 D/        (26580): Pixel Format : GGL_PIXEL_FORMAT_RGBA_8888
02-27 16:43:44.636 W/SurfaceFlinger(  171): couldn't log to binary event log: overflow.
02-27 16:43:44.636 W/WindowManager(  505): Failed looking up window
02-27 16:43:44.636 W/WindowManager(  505): java.lang.IllegalArgumentException: Requested window android.os.BinderProxy@21f6ade0 does not exist
02-27 16:43:44.636 W/WindowManager(  505): 	at com.android.server.wm.WindowManagerService.windowForClientLocked(WindowManagerService.java:8056)
02-27 16:43:44.636 W/WindowManager(  505): 	at com.android.server.wm.WindowManagerService.windowForClientLocked(WindowManagerService.java:8047)
02-27 16:43:44.636 W/WindowManager(  505): 	at com.android.server.wm.WindowState$DeathRecipient.binderDied(WindowState.java:1087)
02-27 16:43:44.636 W/WindowManager(  505): 	at android.os.BinderProxy.sendDeathNotice(Binder.java:493)
02-27 16:43:44.636 W/WindowManager(  505): 	at dalvik.system.NativeStart.run(Native Method)
02-27 16:43:44.636 I/WindowState(  505): WIN DEATH: null
02-27 16:43:44.636 W/InputMethodManagerService(  505): Got RemoteException sending setActive(false) notification to pid 26688 uid 10085
02-27 16:43:44.646 W/Binder  (26723): Caught a RuntimeException from the binder stub implementation.
02-27 16:43:44.646 W/Binder  (26723): java.lang.NullPointerException
02-27 16:43:44.646 W/Binder  (26723): 	at android.inputmethodservice.IInputMethodWrapper.setSessionEnabled(IInputMethodWrapper.java:280)
02-27 16:43:44.646 W/Binder  (26723): 	at com.android.internal.view.IInputMethod$Stub.onTransact(IInputMethod.java:129)
02-27 16:43:44.646 W/Binder  (26723): 	at android.os.Binder.execTransact(Binder.java:404)
02-27 16:43:44.646 W/Binder  (26723): 	at dalvik.system.NativeStart.run(Native Method)
02-27 16:43:44.656 D/XT9IME  (26723): new subtype :zh_CN ,pinyin
02-27 16:43:44.706 V/RenderScript(26580): Application requested CPU execution
02-27 16:43:44.706 V/RenderScript(26580): 0x64f05510 Launching thread(s), CPUs 4
02-27 16:43:44.706 D/RenderScript(26580): Load RS driver 'libRSDriver.so' successfully.
02-27 16:43:44.726 D/ImageWallpaper(  569): onVisibilityChanged: mVisible, visible=false, true
02-27 16:43:44.726 D/ImageWallpaper(  569): Visibility changed to visible=true
02-27 16:43:44.736 D/ImageWallpaper(  569): Suppressed drawFrame since redraw is not needed and offsets have not changed.
02-27 16:43:44.956 D/EVENT_THREAD(  186): void CEventThread::run() POLLIN event on Fd (1)
02-27 16:43:44.956 D/EVENT_THREAD(  186): void CEventThread::run() Do poll with timeout: -1
02-27 16:43:45.176 I/WifiHW  (  505): CMD: IFNAME=wlan0 SIGNAL_POLL
02-27 16:43:45.176 D/wpa_supplicant(  711): RX ctrl_iface - hexdump(len=11): 53 49 47 4e 41 4c 5f 50 4f 4c 4c
02-27 16:43:45.176 D/wpa_supplicant(  711): wlan0: Control interface command 'SIGNAL_POLL'
02-27 16:43:45.196 D/AndroidRuntime(26841): 
02-27 16:43:45.196 D/AndroidRuntime(26841): >>>>>> AndroidRuntime START com.android.internal.os.RuntimeInit <<<<<<
02-27 16:43:45.196 D/AndroidRuntime(26841): CheckJNI is OFF
02-27 16:43:45.196 I/AndroidRuntime(26841): Kernel Release Version: 3.10.20-gf818079
02-27 16:43:45.196 I/dalvikvm(26841): No library specified. The standard exception handler will be used
02-27 16:43:45.196 I/dalvikvm(26841): 
02-27 16:43:45.196 I/dalvikvm(26841): +++++++++++++ Using PCG. +++++++++++++++++++++
02-27 16:43:45.206 D/wpa_supplicant(  711): nl80211: survey data missing!
02-27 16:43:45.206 I/WifiHW  (  505): REPLY: RSSI=-55
02-27 16:43:45.206 I/WifiHW  (  505): REPLY: LINKSPEED=39
02-27 16:43:45.206 I/WifiHW  (  505): REPLY: NOISE=9999
02-27 16:43:45.206 I/WifiHW  (  505): REPLY: FREQUENCY=2437
02-27 16:43:45.206 D/dalvikvm(26841): Trying to load lib libjavacore.so 0x0
02-27 16:43:45.206 D/dalvikvm(26841): Added shared lib libjavacore.so 0x0
02-27 16:43:45.216 D/dalvikvm(26841): Trying to load lib libnativehelper.so 0x0
02-27 16:43:45.216 D/dalvikvm(26841): Added shared lib libnativehelper.so 0x0
02-27 16:43:45.216 D/dalvikvm(26841): No JNI_OnLoad found in libnativehelper.so 0x0, skipping init
02-27 16:43:45.216 D/dalvikvm(26841): Extra Options: not specified
02-27 16:43:45.226 D/dalvikvm(26841): Note: class Landroid/app/ActivityManagerNative; has 186 unimplemented (abstract) methods
02-27 16:43:45.296 E/memtrack(26841): Couldn't load memtrack module (No such file or directory)
02-27 16:43:45.296 E/android.os.Debug(26841): failed to load memtrack module: -2
02-27 16:43:45.346 D/AndroidRuntime(26841): Calling main entry com.android.commands.am.Am
02-27 16:43:45.386 D/AndroidRuntime(26841): Shutting down VM
02-27 16:43:45.386 D/dalvikvm(26841): GC_CONCURRENT freed 117K, 16% free 702K/832K, paused 1ms+0ms, total 2ms
02-27 16:43:45.386 I/ActivityManager(  505): START u0 {flg=0x10000000 cmp=org.xwalk.webapi_noneservice_tests/.webapi_noneservice_testsActivity} from pid 26841
02-27 16:43:45.396 D/dalvikvm(26841): Compiler shutdown in progress - discarding request
02-27 16:43:45.396 D/dalvikvm(26841): Compiler shutdown in progress - discarding request
02-27 16:43:45.396 D/dalvikvm(26841): Compiler shutdown in progress - discarding request
02-27 16:43:45.396 D/dalvikvm(26841): Compiler shutdown in progress - discarding request
02-27 16:43:45.396 D/dalvikvm(26841): Compiler shutdown in progress - discarding request
02-27 16:43:45.396 D/dalvikvm(26841): Compiler shutdown in progress - discarding request
02-27 16:43:45.396 D/dalvikvm(26841): Compiler shutdown in progress - discarding request
02-27 16:43:45.396 D/dalvikvm(26841): Compiler shutdown in progress - discarding request
02-27 16:43:45.396 D/dalvikvm(26841): Compiler shutdown in progress - discarding request
02-27 16:43:45.396 D/dalvikvm(26841): Compiler shutdown in progress - discarding request
02-27 16:43:45.396 D/dalvikvm(26841): Compiler shutdown in progress - discarding request
02-27 16:43:45.396 D/dalvikvm(26841): Compiler shutdown in progress - discarding request
02-27 16:43:45.396 D/dalvikvm(26841): Compiler shutdown in progress - discarding request
02-27 16:43:45.396 D/dalvikvm(26841): Compiler shutdown in progress - discarding request
02-27 16:43:45.396 D/dalvikvm(26841): Compiler shutdown in progress - discarding request
02-27 16:43:45.396 D/dalvikvm(26841): Compiler shutdown in progress - discarding request
02-27 16:43:45.396 D/dalvikvm(26841): Compiler shutdown in progress - discarding request
02-27 16:43:45.396 D/dalvikvm(26841): Compiler shutdown in progress - discarding request
02-27 16:43:45.396 D/dalvikvm(26841): Compiler shutdown in progress - discarding request
02-27 16:43:45.396 D/dalvikvm(26841): Compiler shutdown in progress - discarding request
02-27 16:43:45.396 D/dalvikvm(26841): Compiler shutdown in progress - discarding request
02-27 16:43:45.396 D/dalvikvm(26841): Compiler shutdown in progress - discarding request
02-27 16:43:45.396 D/dalvikvm(26841): Compiler shutdown in progress - discarding request
02-27 16:43:45.396 D/dalvikvm(26841): Compiler shutdown in progress - discarding request
02-27 16:43:45.396 D/dalvikvm(26841): Compiler shutdown in progress - discarding request
02-27 16:43:45.396 D/dalvikvm(26841): Compiler shutdown in progress - discarding request
02-27 16:43:45.396 D/dalvikvm(26841): Compiler shutdown in progress - discarding request
02-27 16:43:45.396 D/dalvikvm(26841): Compiler shutdown in progress - discarding request
02-27 16:43:45.396 D/dalvikvm(26841): Compiler shutdown in progress - discarding request
02-27 16:43:45.396 D/dalvikvm(26841): Compiler shutdown in progress - discarding request
02-27 16:43:45.396 D/dalvikvm(26841): Compiler shutdown in progress - discarding request
02-27 16:43:45.396 D/dalvikvm(26841): Compiler shutdown in progress - discarding request
02-27 16:43:45.396 D/dalvikvm(26841): Compiler shutdown in progress - discarding request
02-27 16:43:45.396 D/dalvikvm(26841): Compiler shutdown in progress - discarding request
02-27 16:43:45.396 D/dalvikvm(26841): Compiler shutdown in progress - discarding request
02-27 16:43:45.396 D/dalvikvm(26841): Compiler shutdown in progress - discarding request
02-27 16:43:45.396 D/dalvikvm(26841): Compiler shutdown in progress - discarding request
02-27 16:43:45.396 D/dalvikvm(26841): Compiler shutdown in progress - discarding request
02-27 16:43:45.396 D/dalvikvm(26841): Compiler shutdown in progress - discarding request
02-27 16:43:45.396 D/dalvikvm(26841): Compiler shutdown in progress - discarding request
